2024年 06月 30日 星期日 17:05:12 CST
pgmigrate_success 4823
pgmigrate_fail 1
pgmigrate_dst_node_full_fail 0
pgmigrate_numa_isolate_fail 13
pgmigrate_nomem_fail 1
pgmigrate_refcount_fail 0
thp_fault_alloc 0
thp_fault_fallback 0
thp_collapse_alloc 0
thp_collapse_alloc_failed 0
thp_file_alloc 0
thp_file_mapped 0
thp_split_page 0
thp_split_page_failed 0
thp_deferred_split_page 0
thp_split_pmd 0
thp_split_pud 0
thp_zero_page_alloc 0
thp_zero_page_alloc_failed 0
thp_swpout 0
thp_swpout_fallback 0
MemTotal:       1123314992 kB
MemFree:        1092496208 kB
MemAvailable:   1090215360 kB
Buffers:            7748 kB
Cached:           451308 kB
SwapCached:            0 kB
Active:           437184 kB
Inactive:         614988 kB
Active(anon):     276688 kB
Inactive(anon):   323172 kB
Active(file):     160496 kB
Inactive(file):   291816 kB
Unevictable:           0 kB
Mlocked:               0 kB
SwapTotal:       2097148 kB
SwapFree:        2097148 kB
Dirty:               396 kB
Writeback:             0 kB
AnonPages:        593836 kB
Mapped:           447160 kB
Shmem:              6204 kB
KReclaimable:     264592 kB
Slab:             640504 kB
SReclaimable:     264592 kB
SUnreclaim:       375912 kB
KernelStack:       33668 kB
PageTables:        27860 kB
NFS_Unstable:          0 kB
Bounce:                0 kB
WritebackTmp:          0 kB
CommitLimit:    563754644 kB
Committed_AS:    6796572 kB
VmallocTotal:   34359738367 kB
VmallocUsed:      161228 kB
VmallocChunk:          0 kB
Percpu:           123648 kB
HardwareCorrupted:     0 kB
AnonHugePages:         0 kB
ShmemHugePages:        0 kB
ShmemPmdMapped:        0 kB
CmaTotal:              0 kB
CmaFree:               0 kB
HugePages_Total:       0
HugePages_Free:        0
HugePages_Rsvd:        0
HugePages_Surp:        0
Hugepagesize:       2048 kB
Hugetlb:               0 kB
DirectMap4k:     1050084 kB
DirectMap2M:     9920512 kB
DirectMap1G:    1178599424 kB
2024年 06月 30日 星期日 18:27:29 CST
pgmigrate_success 15347
pgmigrate_fail 1
pgmigrate_dst_node_full_fail 0
pgmigrate_numa_isolate_fail 18
pgmigrate_nomem_fail 1
pgmigrate_refcount_fail 0
thp_fault_alloc 17959
thp_fault_fallback 0
thp_collapse_alloc 1539
thp_collapse_alloc_failed 0
thp_file_alloc 0
thp_file_mapped 0
thp_split_page 0
thp_split_page_failed 0
thp_deferred_split_page 19465
thp_split_pmd 454
thp_split_pud 0
thp_zero_page_alloc 0
thp_zero_page_alloc_failed 0
thp_swpout 0
thp_swpout_fallback 0
MemTotal:       1123314992 kB
MemFree:        1089758632 kB
MemAvailable:   1089187720 kB
Buffers:          116176 kB
Cached:          3065332 kB
SwapCached:            0 kB
Active:          2946992 kB
Inactive:         866556 kB
Active(anon):     325264 kB
Inactive(anon):   312944 kB
Active(file):    2621728 kB
Inactive(file):   553612 kB
Unevictable:           0 kB
Mlocked:               0 kB
SwapTotal:       2097148 kB
SwapFree:        2097148 kB
Dirty:                12 kB
Writeback:             0 kB
AnonPages:        631588 kB
Mapped:           447876 kB
Shmem:              6208 kB
KReclaimable:     303000 kB
Slab:             689896 kB
SReclaimable:     303000 kB
SUnreclaim:       386896 kB
KernelStack:       33632 kB
PageTables:        28364 kB
NFS_Unstable:          0 kB
Bounce:                0 kB
WritebackTmp:          0 kB
CommitLimit:    563754644 kB
Committed_AS:    6218172 kB
VmallocTotal:   34359738367 kB
VmallocUsed:      160828 kB
VmallocChunk:          0 kB
Percpu:           123648 kB
HardwareCorrupted:     0 kB
AnonHugePages:         0 kB
ShmemHugePages:        0 kB
ShmemPmdMapped:        0 kB
CmaTotal:              0 kB
CmaFree:               0 kB
HugePages_Total:       0
HugePages_Free:        0
HugePages_Rsvd:        0
HugePages_Surp:        0
Hugepagesize:       2048 kB
Hugetlb:               0 kB
DirectMap4k:     1050084 kB
DirectMap2M:     9920512 kB
DirectMap1G:    1178599424 kB
