[    0.000000] Linux version 5.18.0 (xmu@xmu-PowerEdge-R750) (gcc (Ubuntu 8.4.0-1ubuntu1~18.04) 8.4.0, GNU ld (GNU Binutils for Ubuntu) 2.30) #1 SMP PREEMPT_DYNAMIC Sat Apr 6 15:16:25 CST 2024
[    0.000000] Command line: BOOT_IMAGE=/boot/vmlinuz-5.18.0 root=UUID=ce0c24b8-724b-4f33-9b2c-618433560aef ro memmap=4909M!4096M memmap=59G!64G quiet splash nomodeset vt.handoff=1
[    0.000000] KERNEL supported cpus:
[    0.000000]   Intel GenuineIntel
[    0.000000]   AMD AuthenticAMD
[    0.000000]   Hygon HygonGenuine
[    0.000000]   Centaur CentaurHauls
[    0.000000]   zhaoxin   Shanghai  
[    0.000000] x86/split lock detection: #AC: crashing the kernel on kernel split_locks and warning on user-space split_locks
[    0.000000] x86/fpu: Supporting XSAVE feature 0x001: 'x87 floating point registers'
[    0.000000] x86/fpu: Supporting XSAVE feature 0x002: 'SSE registers'
[    0.000000] x86/fpu: Supporting XSAVE feature 0x004: 'AVX registers'
[    0.000000] x86/fpu: Supporting XSAVE feature 0x020: 'AVX-512 opmask'
[    0.000000] x86/fpu: Supporting XSAVE feature 0x040: 'AVX-512 Hi256'
[    0.000000] x86/fpu: Supporting XSAVE feature 0x080: 'AVX-512 ZMM_Hi256'
[    0.000000] x86/fpu: Supporting XSAVE feature 0x200: 'Protection Keys User registers'
[    0.000000] x86/fpu: xstate_offset[2]:  576, xstate_sizes[2]:  256
[    0.000000] x86/fpu: xstate_offset[5]:  832, xstate_sizes[5]:   64
[    0.000000] x86/fpu: xstate_offset[6]:  896, xstate_sizes[6]:  512
[    0.000000] x86/fpu: xstate_offset[7]: 1408, xstate_sizes[7]: 1024
[    0.000000] x86/fpu: xstate_offset[9]: 2432, xstate_sizes[9]:    8
[    0.000000] x86/fpu: Enabled xstate features 0x2e7, context size is 2440 bytes, using 'compacted' format.
[    0.000000] signal: max sigframe size: 3632
[    0.000000] BIOS-provided physical RAM map:
[    0.000000] BIOS-e820: [mem 0x0000000000000000-0x000000000008efff] usable
[    0.000000] BIOS-e820: [mem 0x000000000008f000-0x000000000008ffff] reserved
[    0.000000] BIOS-e820: [mem 0x0000000000090000-0x000000000009ffff] usable
[    0.000000] BIOS-e820: [mem 0x00000000000a0000-0x00000000000fffff] reserved
[    0.000000] BIOS-e820: [mem 0x0000000000100000-0x0000000049e76fff] usable
[    0.000000] BIOS-e820: [mem 0x0000000049e77000-0x000000004ae76fff] ACPI NVS
[    0.000000] BIOS-e820: [mem 0x000000004ae77000-0x000000004b2cefff] usable
[    0.000000] BIOS-e820: [mem 0x000000004b2cf000-0x000000004b54dfff] ACPI data
[    0.000000] BIOS-e820: [mem 0x000000004b54e000-0x000000004bd93fff] usable
[    0.000000] BIOS-e820: [mem 0x000000004bd94000-0x000000004be99fff] reserved
[    0.000000] BIOS-e820: [mem 0x000000004be9a000-0x000000004cdfffff] usable
[    0.000000] BIOS-e820: [mem 0x000000004ce00000-0x000000004cffffff] reserved
[    0.000000] BIOS-e820: [mem 0x000000004d000000-0x000000005eefdfff] usable
[    0.000000] BIOS-e820: [mem 0x000000005eefe000-0x000000006e3fefff] reserved
[    0.000000] BIOS-e820: [mem 0x000000006e3ff000-0x000000006f3fefff] ACPI NVS
[    0.000000] BIOS-e820: [mem 0x000000006f3ff000-0x000000006f7fefff] ACPI data
[    0.000000] BIOS-e820: [mem 0x000000006f7ff000-0x000000006f7fffff] usable
[    0.000000] BIOS-e820: [mem 0x000000006f800000-0x000000008fffffff] reserved
[    0.000000] BIOS-e820: [mem 0x00000000fe000000-0x00000000fe010fff] reserved
[    0.000000] BIOS-e820: [mem 0x0000000100000000-0x000000207fffffff] usable
[    0.000000] BIOS-e820: [mem 0x0000002080000000-0x0000011c7fffffff] persistent (type 7)
[    0.000000] BIOS-e820: [mem 0x00001ffc00000000-0x00001fffffffffff] reserved
[    0.000000] NX (Execute Disable) protection: active
[    0.000000] e820: update [mem 0x46d5c020-0x46d6405f] usable ==> usable
[    0.000000] e820: update [mem 0x46d5c020-0x46d6405f] usable ==> usable
[    0.000000] e820: update [mem 0x46d29020-0x46d5bc5f] usable ==> usable
[    0.000000] e820: update [mem 0x46d29020-0x46d5bc5f] usable ==> usable
[    0.000000] e820: update [mem 0x46cf6020-0x46d28c5f] usable ==> usable
[    0.000000] e820: update [mem 0x46cf6020-0x46d28c5f] usable ==> usable
[    0.000000] e820: update [mem 0x46cc4020-0x46cf5a5f] usable ==> usable
[    0.000000] e820: update [mem 0x46cc4020-0x46cf5a5f] usable ==> usable
[    0.000000] extended physical RAM map:
[    0.000000] reserve setup_data: [mem 0x0000000000000000-0x000000000008efff] usable
[    0.000000] reserve setup_data: [mem 0x000000000008f000-0x000000000008ffff] reserved
[    0.000000] reserve setup_data: [mem 0x0000000000090000-0x000000000009ffff] usable
[    0.000000] reserve setup_data: [mem 0x00000000000a0000-0x00000000000fffff] reserved
[    0.000000] reserve setup_data: [mem 0x0000000000100000-0x0000000046cc401f] usable
[    0.000000] reserve setup_data: [mem 0x0000000046cc4020-0x0000000046cf5a5f] usable
[    0.000000] reserve setup_data: [mem 0x0000000046cf5a60-0x0000000046cf601f] usable
[    0.000000] reserve setup_data: [mem 0x0000000046cf6020-0x0000000046d28c5f] usable
[    0.000000] reserve setup_data: [mem 0x0000000046d28c60-0x0000000046d2901f] usable
[    0.000000] reserve setup_data: [mem 0x0000000046d29020-0x0000000046d5bc5f] usable
[    0.000000] reserve setup_data: [mem 0x0000000046d5bc60-0x0000000046d5c01f] usable
[    0.000000] reserve setup_data: [mem 0x0000000046d5c020-0x0000000046d6405f] usable
[    0.000000] reserve setup_data: [mem 0x0000000046d64060-0x0000000049e76fff] usable
[    0.000000] reserve setup_data: [mem 0x0000000049e77000-0x000000004ae76fff] ACPI NVS
[    0.000000] reserve setup_data: [mem 0x000000004ae77000-0x000000004b2cefff] usable
[    0.000000] reserve setup_data: [mem 0x000000004b2cf000-0x000000004b54dfff] ACPI data
[    0.000000] reserve setup_data: [mem 0x000000004b54e000-0x000000004bd93fff] usable
[    0.000000] reserve setup_data: [mem 0x000000004bd94000-0x000000004be99fff] reserved
[    0.000000] reserve setup_data: [mem 0x000000004be9a000-0x000000004cdfffff] usable
[    0.000000] reserve setup_data: [mem 0x000000004ce00000-0x000000004cffffff] reserved
[    0.000000] reserve setup_data: [mem 0x000000004d000000-0x000000005eefdfff] usable
[    0.000000] reserve setup_data: [mem 0x000000005eefe000-0x000000006e3fefff] reserved
[    0.000000] reserve setup_data: [mem 0x000000006e3ff000-0x000000006f3fefff] ACPI NVS
[    0.000000] reserve setup_data: [mem 0x000000006f3ff000-0x000000006f7fefff] ACPI data
[    0.000000] reserve setup_data: [mem 0x000000006f7ff000-0x000000006f7fffff] usable
[    0.000000] reserve setup_data: [mem 0x000000006f800000-0x000000008fffffff] reserved
[    0.000000] reserve setup_data: [mem 0x00000000fe000000-0x00000000fe010fff] reserved
[    0.000000] reserve setup_data: [mem 0x0000000100000000-0x0000000232cfffff] persistent (type 12)
[    0.000000] reserve setup_data: [mem 0x0000000232d00000-0x0000000fffffffff] usable
[    0.000000] reserve setup_data: [mem 0x0000001000000000-0x0000001ebfffffff] persistent (type 12)
[    0.000000] reserve setup_data: [mem 0x0000001ec0000000-0x000000207fffffff] usable
[    0.000000] reserve setup_data: [mem 0x0000002080000000-0x0000011c7fffffff] persistent (type 7)
[    0.000000] reserve setup_data: [mem 0x00001ffc00000000-0x00001fffffffffff] reserved
[    0.000000] user-defined physical RAM map:
[    0.000000] user: [mem 0x0000000000000000-0x000000000008efff] usable
[    0.000000] user: [mem 0x000000000008f000-0x000000000008ffff] reserved
[    0.000000] user: [mem 0x0000000000090000-0x000000000009ffff] usable
[    0.000000] user: [mem 0x00000000000a0000-0x00000000000fffff] reserved
[    0.000000] user: [mem 0x0000000000100000-0x0000000046cc401f] usable
[    0.000000] user: [mem 0x0000000046cc4020-0x0000000046cf5a5f] usable
[    0.000000] user: [mem 0x0000000046cf5a60-0x0000000046cf601f] usable
[    0.000000] user: [mem 0x0000000046cf6020-0x0000000046d28c5f] usable
[    0.000000] user: [mem 0x0000000046d28c60-0x0000000046d2901f] usable
[    0.000000] user: [mem 0x0000000046d29020-0x0000000046d5bc5f] usable
[    0.000000] user: [mem 0x0000000046d5bc60-0x0000000046d5c01f] usable
[    0.000000] user: [mem 0x0000000046d5c020-0x0000000046d6405f] usable
[    0.000000] user: [mem 0x0000000046d64060-0x0000000049e76fff] usable
[    0.000000] user: [mem 0x0000000049e77000-0x000000004ae76fff] ACPI NVS
[    0.000000] user: [mem 0x000000004ae77000-0x000000004b2cefff] usable
[    0.000000] user: [mem 0x000000004b2cf000-0x000000004b54dfff] ACPI data
[    0.000000] user: [mem 0x000000004b54e000-0x000000004bd93fff] usable
[    0.000000] user: [mem 0x000000004bd94000-0x000000004be99fff] reserved
[    0.000000] user: [mem 0x000000004be9a000-0x000000004cdfffff] usable
[    0.000000] user: [mem 0x000000004ce00000-0x000000004cffffff] reserved
[    0.000000] user: [mem 0x000000004d000000-0x000000005eefdfff] usable
[    0.000000] user: [mem 0x000000005eefe000-0x000000006e3fefff] reserved
[    0.000000] user: [mem 0x000000006e3ff000-0x000000006f3fefff] ACPI NVS
[    0.000000] user: [mem 0x000000006f3ff000-0x000000006f7fefff] ACPI data
[    0.000000] user: [mem 0x000000006f7ff000-0x000000006f7fffff] usable
[    0.000000] user: [mem 0x000000006f800000-0x000000008fffffff] reserved
[    0.000000] user: [mem 0x00000000fe000000-0x00000000fe010fff] reserved
[    0.000000] user: [mem 0x0000000100000000-0x0000000232cfffff] persistent (type 12)
[    0.000000] user: [mem 0x0000000232d00000-0x0000000fffffffff] usable
[    0.000000] user: [mem 0x0000001000000000-0x0000001ebfffffff] persistent (type 12)
[    0.000000] user: [mem 0x0000001ec0000000-0x000000207fffffff] usable
[    0.000000] user: [mem 0x0000002080000000-0x0000011c7fffffff] persistent (type 7)
[    0.000000] user: [mem 0x00001ffc00000000-0x00001fffffffffff] reserved
[    0.000000] efi: EFI v2.70 by Dell Inc.
[    0.000000] efi: ACPI=0x6f7fe000 ACPI 2.0=0x6f7fe014 MEMATTR=0x5b070020 SMBIOS=0x69526000 SMBIOS 3.0=0x69524000 MOKvar=0x5ef81000 RNG=0x5ef8a920 
[    0.000000] efi: seeding entropy pool
[    0.000000] SMBIOS 3.3.0 present.
[    0.000000] DMI: Dell Inc. PowerEdge R750/0K8F35, BIOS 1.10.2 03/03/2023
[    0.000000] tsc: Detected 2000.000 MHz processor
[    0.000006] e820: update [mem 0x00000000-0x00000fff] usable ==> reserved
[    0.000009] e820: remove [mem 0x000a0000-0x000fffff] usable
[    0.000017] last_pfn = 0x2080000 max_arch_pfn = 0x400000000
[    0.000193] x86/PAT: Configuration [0-7]: WB  WC  UC- UC  WB  WP  UC- WT  
[    0.002847] total RAM covered: 2095088M
[    0.002932]  gran_size: 64K 	chunk_size: 64K 	num_reg: 10  	lose cover RAM: 2016G
[    0.002935]  gran_size: 64K 	chunk_size: 128K 	num_reg: 10  	lose cover RAM: 2016G
[    0.002937]  gran_size: 64K 	chunk_size: 256K 	num_reg: 10  	lose cover RAM: 2016G
[    0.002938]  gran_size: 64K 	chunk_size: 512K 	num_reg: 10  	lose cover RAM: 2016G
[    0.002939]  gran_size: 64K 	chunk_size: 1M 	num_reg: 10  	lose cover RAM: 2016G
[    0.002941]  gran_size: 64K 	chunk_size: 2M 	num_reg: 10  	lose cover RAM: 2016G
[    0.002942]  gran_size: 64K 	chunk_size: 4M 	num_reg: 10  	lose cover RAM: 2016G
[    0.002943]  gran_size: 64K 	chunk_size: 8M 	num_reg: 10  	lose cover RAM: 2016G
[    0.002945]  gran_size: 64K 	chunk_size: 16M 	num_reg: 10  	lose cover RAM: 2016G
[    0.002946]  gran_size: 64K 	chunk_size: 32M 	num_reg: 10  	lose cover RAM: 1024G
[    0.002947]  gran_size: 64K 	chunk_size: 64M 	num_reg: 10  	lose cover RAM: 1024G
[    0.002949]  gran_size: 64K 	chunk_size: 128M 	num_reg: 10  	lose cover RAM: 1024G
[    0.002950]  gran_size: 64K 	chunk_size: 256M 	num_reg: 10  	lose cover RAM: 1024G
[    0.002951]  gran_size: 64K 	chunk_size: 512M 	num_reg: 10  	lose cover RAM: 1024G
[    0.002953]  gran_size: 64K 	chunk_size: 1G 	num_reg: 10  	lose cover RAM: 1024G
[    0.002954]  gran_size: 64K 	chunk_size: 2G 	num_reg: 10  	lose cover RAM: 1024G
[    0.002955]  gran_size: 128K 	chunk_size: 128K 	num_reg: 10  	lose cover RAM: 2016G
[    0.002957]  gran_size: 128K 	chunk_size: 256K 	num_reg: 10  	lose cover RAM: 2016G
[    0.002958]  gran_size: 128K 	chunk_size: 512K 	num_reg: 10  	lose cover RAM: 2016G
[    0.002959]  gran_size: 128K 	chunk_size: 1M 	num_reg: 10  	lose cover RAM: 2016G
[    0.002961]  gran_size: 128K 	chunk_size: 2M 	num_reg: 10  	lose cover RAM: 2016G
[    0.002962]  gran_size: 128K 	chunk_size: 4M 	num_reg: 10  	lose cover RAM: 2016G
[    0.002963]  gran_size: 128K 	chunk_size: 8M 	num_reg: 10  	lose cover RAM: 2016G
[    0.002965]  gran_size: 128K 	chunk_size: 16M 	num_reg: 10  	lose cover RAM: 2016G
[    0.002966]  gran_size: 128K 	chunk_size: 32M 	num_reg: 10  	lose cover RAM: 1024G
[    0.002967]  gran_size: 128K 	chunk_size: 64M 	num_reg: 10  	lose cover RAM: 1024G
[    0.002969]  gran_size: 128K 	chunk_size: 128M 	num_reg: 10  	lose cover RAM: 1024G
[    0.002970]  gran_size: 128K 	chunk_size: 256M 	num_reg: 10  	lose cover RAM: 1024G
[    0.002971]  gran_size: 128K 	chunk_size: 512M 	num_reg: 10  	lose cover RAM: 1024G
[    0.002973]  gran_size: 128K 	chunk_size: 1G 	num_reg: 10  	lose cover RAM: 1024G
[    0.002974]  gran_size: 128K 	chunk_size: 2G 	num_reg: 10  	lose cover RAM: 1024G
[    0.002975]  gran_size: 256K 	chunk_size: 256K 	num_reg: 10  	lose cover RAM: 2016G
[    0.002977]  gran_size: 256K 	chunk_size: 512K 	num_reg: 10  	lose cover RAM: 2016G
[    0.002978]  gran_size: 256K 	chunk_size: 1M 	num_reg: 10  	lose cover RAM: 2016G
[    0.002980]  gran_size: 256K 	chunk_size: 2M 	num_reg: 10  	lose cover RAM: 2016G
[    0.002981]  gran_size: 256K 	chunk_size: 4M 	num_reg: 10  	lose cover RAM: 2016G
[    0.002982]  gran_size: 256K 	chunk_size: 8M 	num_reg: 10  	lose cover RAM: 2016G
[    0.002983]  gran_size: 256K 	chunk_size: 16M 	num_reg: 10  	lose cover RAM: 2016G
[    0.002985]  gran_size: 256K 	chunk_size: 32M 	num_reg: 10  	lose cover RAM: 1024G
[    0.002986]  gran_size: 256K 	chunk_size: 64M 	num_reg: 10  	lose cover RAM: 1024G
[    0.002987]  gran_size: 256K 	chunk_size: 128M 	num_reg: 10  	lose cover RAM: 1024G
[    0.002989]  gran_size: 256K 	chunk_size: 256M 	num_reg: 10  	lose cover RAM: 1024G
[    0.002990]  gran_size: 256K 	chunk_size: 512M 	num_reg: 10  	lose cover RAM: 1024G
[    0.002991]  gran_size: 256K 	chunk_size: 1G 	num_reg: 10  	lose cover RAM: 1024G
[    0.002993]  gran_size: 256K 	chunk_size: 2G 	num_reg: 10  	lose cover RAM: 1024G
[    0.002994]  gran_size: 512K 	chunk_size: 512K 	num_reg: 10  	lose cover RAM: 2016G
[    0.002995]  gran_size: 512K 	chunk_size: 1M 	num_reg: 10  	lose cover RAM: 2016G
[    0.002997]  gran_size: 512K 	chunk_size: 2M 	num_reg: 10  	lose cover RAM: 2016G
[    0.002998]  gran_size: 512K 	chunk_size: 4M 	num_reg: 10  	lose cover RAM: 2016G
[    0.002999]  gran_size: 512K 	chunk_size: 8M 	num_reg: 10  	lose cover RAM: 2016G
[    0.003001]  gran_size: 512K 	chunk_size: 16M 	num_reg: 10  	lose cover RAM: 2016G
[    0.003002]  gran_size: 512K 	chunk_size: 32M 	num_reg: 10  	lose cover RAM: 1024G
[    0.003003]  gran_size: 512K 	chunk_size: 64M 	num_reg: 10  	lose cover RAM: 1024G
[    0.003004]  gran_size: 512K 	chunk_size: 128M 	num_reg: 10  	lose cover RAM: 1024G
[    0.003006]  gran_size: 512K 	chunk_size: 256M 	num_reg: 10  	lose cover RAM: 1024G
[    0.003007]  gran_size: 512K 	chunk_size: 512M 	num_reg: 10  	lose cover RAM: 1024G
[    0.003008]  gran_size: 512K 	chunk_size: 1G 	num_reg: 10  	lose cover RAM: 1024G
[    0.003010]  gran_size: 512K 	chunk_size: 2G 	num_reg: 10  	lose cover RAM: 1024G
[    0.003011]  gran_size: 1M 	chunk_size: 1M 	num_reg: 10  	lose cover RAM: 2016G
[    0.003013]  gran_size: 1M 	chunk_size: 2M 	num_reg: 10  	lose cover RAM: 2016G
[    0.003014]  gran_size: 1M 	chunk_size: 4M 	num_reg: 10  	lose cover RAM: 2016G
[    0.003015]  gran_size: 1M 	chunk_size: 8M 	num_reg: 10  	lose cover RAM: 2016G
[    0.003017]  gran_size: 1M 	chunk_size: 16M 	num_reg: 10  	lose cover RAM: 2016G
[    0.003018]  gran_size: 1M 	chunk_size: 32M 	num_reg: 10  	lose cover RAM: 1024G
[    0.003019]  gran_size: 1M 	chunk_size: 64M 	num_reg: 10  	lose cover RAM: 1024G
[    0.003021]  gran_size: 1M 	chunk_size: 128M 	num_reg: 10  	lose cover RAM: 1024G
[    0.003022]  gran_size: 1M 	chunk_size: 256M 	num_reg: 10  	lose cover RAM: 1024G
[    0.003023]  gran_size: 1M 	chunk_size: 512M 	num_reg: 10  	lose cover RAM: 1024G
[    0.003025]  gran_size: 1M 	chunk_size: 1G 	num_reg: 10  	lose cover RAM: 1024G
[    0.003026]  gran_size: 1M 	chunk_size: 2G 	num_reg: 10  	lose cover RAM: 1024G
[    0.003027]  gran_size: 2M 	chunk_size: 2M 	num_reg: 10  	lose cover RAM: 2016G
[    0.003029]  gran_size: 2M 	chunk_size: 4M 	num_reg: 10  	lose cover RAM: 2016G
[    0.003030]  gran_size: 2M 	chunk_size: 8M 	num_reg: 10  	lose cover RAM: 2016G
[    0.003031]  gran_size: 2M 	chunk_size: 16M 	num_reg: 10  	lose cover RAM: 2016G
[    0.003032]  gran_size: 2M 	chunk_size: 32M 	num_reg: 10  	lose cover RAM: 1024G
[    0.003034]  gran_size: 2M 	chunk_size: 64M 	num_reg: 10  	lose cover RAM: 1024G
[    0.003035]  gran_size: 2M 	chunk_size: 128M 	num_reg: 10  	lose cover RAM: 1024G
[    0.003037]  gran_size: 2M 	chunk_size: 256M 	num_reg: 10  	lose cover RAM: 1024G
[    0.003038]  gran_size: 2M 	chunk_size: 512M 	num_reg: 10  	lose cover RAM: 1024G
[    0.003039]  gran_size: 2M 	chunk_size: 1G 	num_reg: 10  	lose cover RAM: 1024G
[    0.003041]  gran_size: 2M 	chunk_size: 2G 	num_reg: 10  	lose cover RAM: 1024G
[    0.003042]  gran_size: 4M 	chunk_size: 4M 	num_reg: 10  	lose cover RAM: 2016G
[    0.003043]  gran_size: 4M 	chunk_size: 8M 	num_reg: 10  	lose cover RAM: 2016G
[    0.003045]  gran_size: 4M 	chunk_size: 16M 	num_reg: 10  	lose cover RAM: 2016G
[    0.003046]  gran_size: 4M 	chunk_size: 32M 	num_reg: 10  	lose cover RAM: 1024G
[    0.003047]  gran_size: 4M 	chunk_size: 64M 	num_reg: 10  	lose cover RAM: 1024G
[    0.003049]  gran_size: 4M 	chunk_size: 128M 	num_reg: 10  	lose cover RAM: 1024G
[    0.003050]  gran_size: 4M 	chunk_size: 256M 	num_reg: 10  	lose cover RAM: 1024G
[    0.003051]  gran_size: 4M 	chunk_size: 512M 	num_reg: 10  	lose cover RAM: 1024G
[    0.003052]  gran_size: 4M 	chunk_size: 1G 	num_reg: 10  	lose cover RAM: 1024G
[    0.003054]  gran_size: 4M 	chunk_size: 2G 	num_reg: 10  	lose cover RAM: 1024G
[    0.003055]  gran_size: 8M 	chunk_size: 8M 	num_reg: 10  	lose cover RAM: 2016G
[    0.003056]  gran_size: 8M 	chunk_size: 16M 	num_reg: 10  	lose cover RAM: 2016G
[    0.003058]  gran_size: 8M 	chunk_size: 32M 	num_reg: 10  	lose cover RAM: 1024G
[    0.003059]  gran_size: 8M 	chunk_size: 64M 	num_reg: 10  	lose cover RAM: 1024G
[    0.003060]  gran_size: 8M 	chunk_size: 128M 	num_reg: 10  	lose cover RAM: 1024G
[    0.003062]  gran_size: 8M 	chunk_size: 256M 	num_reg: 10  	lose cover RAM: 1024G
[    0.003063]  gran_size: 8M 	chunk_size: 512M 	num_reg: 10  	lose cover RAM: 1024G
[    0.003064]  gran_size: 8M 	chunk_size: 1G 	num_reg: 10  	lose cover RAM: 1024G
[    0.003066]  gran_size: 8M 	chunk_size: 2G 	num_reg: 10  	lose cover RAM: 1024G
[    0.003067]  gran_size: 16M 	chunk_size: 16M 	num_reg: 10  	lose cover RAM: 2016G
[    0.003068]  gran_size: 16M 	chunk_size: 32M 	num_reg: 10  	lose cover RAM: 1024G
[    0.003070]  gran_size: 16M 	chunk_size: 64M 	num_reg: 10  	lose cover RAM: 1024G
[    0.003071]  gran_size: 16M 	chunk_size: 128M 	num_reg: 10  	lose cover RAM: 1024G
[    0.003072]  gran_size: 16M 	chunk_size: 256M 	num_reg: 10  	lose cover RAM: 1024G
[    0.003073]  gran_size: 16M 	chunk_size: 512M 	num_reg: 10  	lose cover RAM: 1024G
[    0.003075]  gran_size: 16M 	chunk_size: 1G 	num_reg: 10  	lose cover RAM: 1024G
[    0.003076]  gran_size: 16M 	chunk_size: 2G 	num_reg: 10  	lose cover RAM: 1024G
[    0.003078]  gran_size: 32M 	chunk_size: 32M 	num_reg: 10  	lose cover RAM: 2031632M
[    0.003079]  gran_size: 32M 	chunk_size: 64M 	num_reg: 10  	lose cover RAM: 1048592M
[    0.003081]  gran_size: 32M 	chunk_size: 128M 	num_reg: 10  	lose cover RAM: 1048592M
[    0.003082]  gran_size: 32M 	chunk_size: 256M 	num_reg: 10  	lose cover RAM: 1048592M
[    0.003083]  gran_size: 32M 	chunk_size: 512M 	num_reg: 10  	lose cover RAM: 1048592M
[    0.003085]  gran_size: 32M 	chunk_size: 1G 	num_reg: 10  	lose cover RAM: 1048592M
[    0.003086]  gran_size: 32M 	chunk_size: 2G 	num_reg: 10  	lose cover RAM: 1048592M
[    0.003087]  gran_size: 64M 	chunk_size: 64M 	num_reg: 10  	lose cover RAM: 1966128M
[    0.003089]  gran_size: 64M 	chunk_size: 128M 	num_reg: 10  	lose cover RAM: 1048624M
[    0.003090]  gran_size: 64M 	chunk_size: 256M 	num_reg: 10  	lose cover RAM: 1048624M
[    0.003091]  gran_size: 64M 	chunk_size: 512M 	num_reg: 10  	lose cover RAM: 1048624M
[    0.003093]  gran_size: 64M 	chunk_size: 1G 	num_reg: 10  	lose cover RAM: 1048624M
[    0.003094]  gran_size: 64M 	chunk_size: 2G 	num_reg: 10  	lose cover RAM: 1048624M
[    0.003095]  gran_size: 128M 	chunk_size: 128M 	num_reg: 10  	lose cover RAM: 1835120M
[    0.003097]  gran_size: 128M 	chunk_size: 256M 	num_reg: 10  	lose cover RAM: 1048688M
[    0.003098]  gran_size: 128M 	chunk_size: 512M 	num_reg: 10  	lose cover RAM: 1048688M
[    0.003099]  gran_size: 128M 	chunk_size: 1G 	num_reg: 10  	lose cover RAM: 1048688M
[    0.003101]  gran_size: 128M 	chunk_size: 2G 	num_reg: 10  	lose cover RAM: 1048688M
[    0.003102]  gran_size: 256M 	chunk_size: 256M 	num_reg: 10  	lose cover RAM: 1573104M
[    0.003104]  gran_size: 256M 	chunk_size: 512M 	num_reg: 10  	lose cover RAM: 1048816M
[    0.003105]  gran_size: 256M 	chunk_size: 1G 	num_reg: 10  	lose cover RAM: 1048816M
[    0.003107]  gran_size: 256M 	chunk_size: 2G 	num_reg: 10  	lose cover RAM: 1048816M
[    0.003108]  gran_size: 512M 	chunk_size: 512M 	num_reg: 10  	lose cover RAM: 1049072M
[    0.003109]  gran_size: 512M 	chunk_size: 1G 	num_reg: 10  	lose cover RAM: 1049072M
[    0.003110]  gran_size: 512M 	chunk_size: 2G 	num_reg: 10  	lose cover RAM: 1049072M
[    0.003112]  gran_size: 1G 	chunk_size: 1G 	num_reg: 10  	lose cover RAM: 1008M
[    0.003113]  gran_size: 1G 	chunk_size: 2G 	num_reg: 10  	lose cover RAM: 1008M
[    0.003114]  gran_size: 2G 	chunk_size: 2G 	num_reg: 9  	lose cover RAM: 2032M
[    0.003116] mtrr_cleanup: can not find optimal value
[    0.003117] please specify mtrr_gran_size/mtrr_chunk_size
[    0.003119] e820: update [mem 0x7f000000-0xffffffff] usable ==> reserved
[    0.003122] x2apic: enabled by BIOS, switching to x2apic ops
[    0.003123] last_pfn = 0x6f800 max_arch_pfn = 0x400000000
[    0.014549] Using GB pages for direct mapping
[    0.015739] Secure boot disabled
[    0.015740] RAMDISK: [mem 0x205de61000-0x207fffffff]
[    0.015745] ACPI: Early table checksum verification disabled
[    0.015747] ACPI: RSDP 0x000000006F7FE014 000024 (v02 DELL  )
[    0.015751] ACPI: XSDT 0x000000006F41C188 0000F4 (v01 DELL   PE_SC3   00000000 DELL 01000013)
[    0.015757] ACPI: FACP 0x000000006F430000 000114 (v06 DELL   PE_SC3   00000000 DELL 00000001)
[    0.015762] ACPI: DSDT 0x000000004B4CE000 07FAD3 (v02 DELL   PE_SC3   00000003 DELL 00000001)
[    0.015766] ACPI: FACS 0x000000006F2F2000 000040
[    0.015769] ACPI: SSDT 0x000000006F7FB000 00159A (v02 INTEL  RAS_ACPI 00000001 INTL 20210331)
[    0.015773] ACPI: SSDT 0x000000006F7FA000 000745 (v02 INTEL  ADDRXLAT 00000001 INTL 20210331)
[    0.015776] ACPI: MCEJ 0x000000006F7F9000 000130 (v01 INTEL           00000001 INTL 0100000D)
[    0.015780] ACPI: BERT 0x000000006F7F8000 000030 (v01 DELL   PE_SC3   00000001 INTL 00000001)
[    0.015783] ACPI: ERST 0x000000006F7F7000 000230 (v01 DELL   PE_SC3   00000001 INTL 00000001)
[    0.015786] ACPI: SSDT 0x000000006F431000 3C524E (v02 INTEL  SSDTNVDR 00001000 INTL 20210331)
[    0.015790] ACPI: HMAT 0x000000006F42F000 000210 (v01 DELL   PE_SC3   00000001 DELL 00000001)
[    0.015793] ACPI: HPET 0x000000006F42E000 000038 (v01 DELL   PE_SC3   00000001 DELL 00000001)
[    0.015796] ACPI: MCFG 0x000000006F42D000 00003C (v01 DELL   PE_SC3   00000001 DELL 00000001)
[    0.015800] ACPI: MIGT 0x000000006F42C000 000040 (v01 DELL   PE_SC3   00000000 DELL 00000001)
[    0.015803] ACPI: MSCT 0x000000006F42B000 000090 (v01 DELL   PE_SC3   00000001 DELL 00000001)
[    0.015806] ACPI: PMTT 0x000000006F429000 0011E8 (v02 DELL   PE_SC3   00000001 DELL 00000001)
[    0.015810] ACPI: WSMT 0x000000006F428000 000028 (v01 DELL   PE_SC3   00000000 DELL 00000001)
[    0.015813] ACPI: APIC 0x000000006F427000 00075E (v04 DELL   PE_SC3   00000000 DELL 00000001)
[    0.015816] ACPI: SLIT 0x000000006F426000 00003C (v01 DELL   PE_SC3   00000001 DELL 01000013)
[    0.015819] ACPI: SRAT 0x000000006F41F000 006430 (v03 DELL   PE_SC3   00000002 DELL 01000013)
[    0.015823] ACPI: OEM4 0x000000004B346000 187A61 (v02 INTEL  CPU  CST 00003000 INTL 20210331)
[    0.015826] ACPI: SSDT 0x000000004B2CF000 0764A5 (v02 INTEL  SSDT  PM 00004000 INTL 20210331)
[    0.015830] ACPI: SSDT 0x000000006F41E000 000A1F (v02 DELL   PE_SC3   00000000 DELL 00000001)
[    0.015833] ACPI: HEST 0x000000006F41D000 00017C (v01 DELL   PE_SC3   00000001 INTL 00000001)
[    0.015836] ACPI: PCAT 0x000000006F41B000 00010C (v19 DELL   PE_SC3   00000002 DELL 00000001)
[    0.015839] ACPI: SSDT 0x000000006F413000 007299 (v02 INTEL  SpsNm    00000002 INTL 20210331)
[    0.015843] ACPI: SSDT 0x000000006F412000 000426 (v02 DELL   PE_SC3   00000002 DELL 00000001)
[    0.015846] ACPI: NFIT 0x000000006F7FD000 000488 (v01 DELL   PE_SC3   00000002 DELL 00000001)
[    0.015849] ACPI: DMAR 0x000000006F411000 000158 (v01 DELL   PE_SC3   00000001 DELL 00000001)
[    0.015852] ACPI: Reserving FACP table memory at [mem 0x6f430000-0x6f430113]
[    0.015854] ACPI: Reserving DSDT table memory at [mem 0x4b4ce000-0x4b54dad2]
[    0.015855] ACPI: Reserving FACS table memory at [mem 0x6f2f2000-0x6f2f203f]
[    0.015856] ACPI: Reserving SSDT table memory at [mem 0x6f7fb000-0x6f7fc599]
[    0.015857] ACPI: Reserving SSDT table memory at [mem 0x6f7fa000-0x6f7fa744]
[    0.015858] ACPI: Reserving MCEJ table memory at [mem 0x6f7f9000-0x6f7f912f]
[    0.015858] ACPI: Reserving BERT table memory at [mem 0x6f7f8000-0x6f7f802f]
[    0.015859] ACPI: Reserving ERST table memory at [mem 0x6f7f7000-0x6f7f722f]
[    0.015860] ACPI: Reserving SSDT table memory at [mem 0x6f431000-0x6f7f624d]
[    0.015861] ACPI: Reserving HMAT table memory at [mem 0x6f42f000-0x6f42f20f]
[    0.015862] ACPI: Reserving HPET table memory at [mem 0x6f42e000-0x6f42e037]
[    0.015863] ACPI: Reserving MCFG table memory at [mem 0x6f42d000-0x6f42d03b]
[    0.015864] ACPI: Reserving MIGT table memory at [mem 0x6f42c000-0x6f42c03f]
[    0.015865] ACPI: Reserving MSCT table memory at [mem 0x6f42b000-0x6f42b08f]
[    0.015866] ACPI: Reserving PMTT table memory at [mem 0x6f429000-0x6f42a1e7]
[    0.015867] ACPI: Reserving WSMT table memory at [mem 0x6f428000-0x6f428027]
[    0.015867] ACPI: Reserving APIC table memory at [mem 0x6f427000-0x6f42775d]
[    0.015868] ACPI: Reserving SLIT table memory at [mem 0x6f426000-0x6f42603b]
[    0.015869] ACPI: Reserving SRAT table memory at [mem 0x6f41f000-0x6f42542f]
[    0.015870] ACPI: Reserving OEM4 table memory at [mem 0x4b346000-0x4b4cda60]
[    0.015871] ACPI: Reserving SSDT table memory at [mem 0x4b2cf000-0x4b3454a4]
[    0.015872] ACPI: Reserving SSDT table memory at [mem 0x6f41e000-0x6f41ea1e]
[    0.015873] ACPI: Reserving HEST table memory at [mem 0x6f41d000-0x6f41d17b]
[    0.015874] ACPI: Reserving PCAT table memory at [mem 0x6f41b000-0x6f41b10b]
[    0.015875] ACPI: Reserving SSDT table memory at [mem 0x6f413000-0x6f41a298]
[    0.015876] ACPI: Reserving SSDT table memory at [mem 0x6f412000-0x6f412425]
[    0.015877] ACPI: Reserving NFIT table memory at [mem 0x6f7fd000-0x6f7fd487]
[    0.015878] ACPI: Reserving DMAR table memory at [mem 0x6f411000-0x6f411157]
[    0.015888] Setting APIC routing to cluster x2apic.
[    0.015935] SRAT: PXM 0 -> APIC 0x0000 -> Node 0
[    0.015937] SRAT: PXM 0 -> APIC 0x0001 -> Node 0
[    0.015938] SRAT: PXM 0 -> APIC 0x0002 -> Node 0
[    0.015938] SRAT: PXM 0 -> APIC 0x0003 -> Node 0
[    0.015939] SRAT: PXM 0 -> APIC 0x0004 -> Node 0
[    0.015940] SRAT: PXM 0 -> APIC 0x0005 -> Node 0
[    0.015940] SRAT: PXM 0 -> APIC 0x0006 -> Node 0
[    0.015941] SRAT: PXM 0 -> APIC 0x0007 -> Node 0
[    0.015942] SRAT: PXM 0 -> APIC 0x0008 -> Node 0
[    0.015942] SRAT: PXM 0 -> APIC 0x0009 -> Node 0
[    0.015943] SRAT: PXM 0 -> APIC 0x000a -> Node 0
[    0.015944] SRAT: PXM 0 -> APIC 0x000b -> Node 0
[    0.015944] SRAT: PXM 0 -> APIC 0x000c -> Node 0
[    0.015945] SRAT: PXM 0 -> APIC 0x000d -> Node 0
[    0.015946] SRAT: PXM 0 -> APIC 0x000e -> Node 0
[    0.015946] SRAT: PXM 0 -> APIC 0x000f -> Node 0
[    0.015947] SRAT: PXM 0 -> APIC 0x0010 -> Node 0
[    0.015948] SRAT: PXM 0 -> APIC 0x0011 -> Node 0
[    0.015949] SRAT: PXM 0 -> APIC 0x0012 -> Node 0
[    0.015949] SRAT: PXM 0 -> APIC 0x0013 -> Node 0
[    0.015950] SRAT: PXM 0 -> APIC 0x0014 -> Node 0
[    0.015951] SRAT: PXM 0 -> APIC 0x0015 -> Node 0
[    0.015951] SRAT: PXM 0 -> APIC 0x0016 -> Node 0
[    0.015952] SRAT: PXM 0 -> APIC 0x0017 -> Node 0
[    0.015953] SRAT: PXM 0 -> APIC 0x0018 -> Node 0
[    0.015953] SRAT: PXM 0 -> APIC 0x0019 -> Node 0
[    0.015954] SRAT: PXM 0 -> APIC 0x001a -> Node 0
[    0.015955] SRAT: PXM 0 -> APIC 0x001b -> Node 0
[    0.015955] SRAT: PXM 0 -> APIC 0x001c -> Node 0
[    0.015956] SRAT: PXM 0 -> APIC 0x001d -> Node 0
[    0.015957] SRAT: PXM 0 -> APIC 0x001e -> Node 0
[    0.015957] SRAT: PXM 0 -> APIC 0x001f -> Node 0
[    0.015958] SRAT: PXM 0 -> APIC 0x0020 -> Node 0
[    0.015958] SRAT: PXM 0 -> APIC 0x0021 -> Node 0
[    0.015959] SRAT: PXM 0 -> APIC 0x0022 -> Node 0
[    0.015960] SRAT: PXM 0 -> APIC 0x0023 -> Node 0
[    0.015960] SRAT: PXM 0 -> APIC 0x0024 -> Node 0
[    0.015961] SRAT: PXM 0 -> APIC 0x0025 -> Node 0
[    0.015962] SRAT: PXM 0 -> APIC 0x0026 -> Node 0
[    0.015962] SRAT: PXM 0 -> APIC 0x0027 -> Node 0
[    0.015963] SRAT: PXM 0 -> APIC 0x0028 -> Node 0
[    0.015964] SRAT: PXM 0 -> APIC 0x0029 -> Node 0
[    0.015964] SRAT: PXM 0 -> APIC 0x002a -> Node 0
[    0.015965] SRAT: PXM 0 -> APIC 0x002b -> Node 0
[    0.015966] SRAT: PXM 0 -> APIC 0x002c -> Node 0
[    0.015966] SRAT: PXM 0 -> APIC 0x002d -> Node 0
[    0.015967] SRAT: PXM 0 -> APIC 0x002e -> Node 0
[    0.015968] SRAT: PXM 0 -> APIC 0x002f -> Node 0
[    0.015968] SRAT: PXM 0 -> APIC 0x0030 -> Node 0
[    0.015969] SRAT: PXM 0 -> APIC 0x0031 -> Node 0
[    0.015969] SRAT: PXM 0 -> APIC 0x0032 -> Node 0
[    0.015970] SRAT: PXM 0 -> APIC 0x0033 -> Node 0
[    0.015971] SRAT: PXM 0 -> APIC 0x0034 -> Node 0
[    0.015971] SRAT: PXM 0 -> APIC 0x0035 -> Node 0
[    0.015972] SRAT: PXM 0 -> APIC 0x0036 -> Node 0
[    0.015973] SRAT: PXM 0 -> APIC 0x0037 -> Node 0
[    0.015973] SRAT: PXM 1 -> APIC 0x0080 -> Node 1
[    0.015974] SRAT: PXM 1 -> APIC 0x0081 -> Node 1
[    0.015975] SRAT: PXM 1 -> APIC 0x0082 -> Node 1
[    0.015976] SRAT: PXM 1 -> APIC 0x0083 -> Node 1
[    0.015976] SRAT: PXM 1 -> APIC 0x0084 -> Node 1
[    0.015977] SRAT: PXM 1 -> APIC 0x0085 -> Node 1
[    0.015978] SRAT: PXM 1 -> APIC 0x0086 -> Node 1
[    0.015978] SRAT: PXM 1 -> APIC 0x0087 -> Node 1
[    0.015979] SRAT: PXM 1 -> APIC 0x0088 -> Node 1
[    0.015980] SRAT: PXM 1 -> APIC 0x0089 -> Node 1
[    0.015980] SRAT: PXM 1 -> APIC 0x008a -> Node 1
[    0.015981] SRAT: PXM 1 -> APIC 0x008b -> Node 1
[    0.015982] SRAT: PXM 1 -> APIC 0x008c -> Node 1
[    0.015982] SRAT: PXM 1 -> APIC 0x008d -> Node 1
[    0.015983] SRAT: PXM 1 -> APIC 0x008e -> Node 1
[    0.015984] SRAT: PXM 1 -> APIC 0x008f -> Node 1
[    0.015984] SRAT: PXM 1 -> APIC 0x0090 -> Node 1
[    0.015985] SRAT: PXM 1 -> APIC 0x0091 -> Node 1
[    0.015986] SRAT: PXM 1 -> APIC 0x0092 -> Node 1
[    0.015986] SRAT: PXM 1 -> APIC 0x0093 -> Node 1
[    0.015987] SRAT: PXM 1 -> APIC 0x0094 -> Node 1
[    0.015988] SRAT: PXM 1 -> APIC 0x0095 -> Node 1
[    0.015988] SRAT: PXM 1 -> APIC 0x0096 -> Node 1
[    0.015989] SRAT: PXM 1 -> APIC 0x0097 -> Node 1
[    0.015990] SRAT: PXM 1 -> APIC 0x0098 -> Node 1
[    0.015990] SRAT: PXM 1 -> APIC 0x0099 -> Node 1
[    0.015991] SRAT: PXM 1 -> APIC 0x009a -> Node 1
[    0.015992] SRAT: PXM 1 -> APIC 0x009b -> Node 1
[    0.015992] SRAT: PXM 1 -> APIC 0x009c -> Node 1
[    0.015993] SRAT: PXM 1 -> APIC 0x009d -> Node 1
[    0.015994] SRAT: PXM 1 -> APIC 0x009e -> Node 1
[    0.015994] SRAT: PXM 1 -> APIC 0x009f -> Node 1
[    0.015995] SRAT: PXM 1 -> APIC 0x00a0 -> Node 1
[    0.015996] SRAT: PXM 1 -> APIC 0x00a1 -> Node 1
[    0.015996] SRAT: PXM 1 -> APIC 0x00a2 -> Node 1
[    0.015997] SRAT: PXM 1 -> APIC 0x00a3 -> Node 1
[    0.015998] SRAT: PXM 1 -> APIC 0x00a4 -> Node 1
[    0.015998] SRAT: PXM 1 -> APIC 0x00a5 -> Node 1
[    0.015999] SRAT: PXM 1 -> APIC 0x00a6 -> Node 1
[    0.015999] SRAT: PXM 1 -> APIC 0x00a7 -> Node 1
[    0.016000] SRAT: PXM 1 -> APIC 0x00a8 -> Node 1
[    0.016001] SRAT: PXM 1 -> APIC 0x00a9 -> Node 1
[    0.016001] SRAT: PXM 1 -> APIC 0x00aa -> Node 1
[    0.016002] SRAT: PXM 1 -> APIC 0x00ab -> Node 1
[    0.016003] SRAT: PXM 1 -> APIC 0x00ac -> Node 1
[    0.016003] SRAT: PXM 1 -> APIC 0x00ad -> Node 1
[    0.016004] SRAT: PXM 1 -> APIC 0x00ae -> Node 1
[    0.016005] SRAT: PXM 1 -> APIC 0x00af -> Node 1
[    0.016005] SRAT: PXM 1 -> APIC 0x00b0 -> Node 1
[    0.016006] SRAT: PXM 1 -> APIC 0x00b1 -> Node 1
[    0.016007] SRAT: PXM 1 -> APIC 0x00b2 -> Node 1
[    0.016008] SRAT: PXM 1 -> APIC 0x00b3 -> Node 1
[    0.016009] SRAT: PXM 1 -> APIC 0x00b4 -> Node 1
[    0.016009] SRAT: PXM 1 -> APIC 0x00b5 -> Node 1
[    0.016010] SRAT: PXM 1 -> APIC 0x00b6 -> Node 1
[    0.016011] SRAT: PXM 1 -> APIC 0x00b7 -> Node 1
[    0.016023] ACPI: SRAT: Node 0 PXM 0 [mem 0x00000000-0x7fffffff]
[    0.016025] ACPI: SRAT: Node 0 PXM 0 [mem 0x100000000-0x107fffffff]
[    0.016027] ACPI: SRAT: Node 2 PXM 2 [mem 0x2080000000-0x9e7fffffff] non-volatile
[    0.016028] ACPI: SRAT: Node 1 PXM 1 [mem 0x1080000000-0x207fffffff]
[    0.016029] ACPI: SRAT: Node 3 PXM 3 [mem 0x9e80000000-0x11c7fffffff] non-volatile
[    0.016039] NUMA: Initialized distance table, cnt=4
[    0.016042] NUMA: Node 0 [mem 0x00000000-0x7fffffff] + [mem 0x100000000-0x107fffffff] -> [mem 0x00000000-0x107fffffff]
[    0.016051] NODE_DATA(0) allocated [mem 0xffffd5000-0xfffffffff]
[    0.016071] NODE_DATA(1) allocated [mem 0x205de32000-0x205de5cfff]
[    0.016266] Zone ranges:
[    0.016267]   DMA      [mem 0x0000000000001000-0x0000000000ffffff]
[    0.016269]   DMA32    [mem 0x0000000001000000-0x00000000ffffffff]
[    0.016271]   Normal   [mem 0x0000000100000000-0x000000207fffffff]
[    0.016272]   Device   empty
[    0.016273] Movable zone start for each node
[    0.016277] Early memory node ranges
[    0.016277]   node   0: [mem 0x0000000000001000-0x000000000008efff]
[    0.016279]   node   0: [mem 0x0000000000090000-0x000000000009ffff]
[    0.016280]   node   0: [mem 0x0000000000100000-0x0000000049e76fff]
[    0.016281]   node   0: [mem 0x000000004ae77000-0x000000004b2cefff]
[    0.016281]   node   0: [mem 0x000000004b54e000-0x000000004bd93fff]
[    0.016282]   node   0: [mem 0x000000004be9a000-0x000000004cdfffff]
[    0.016283]   node   0: [mem 0x000000004d000000-0x000000005eefdfff]
[    0.016284]   node   0: [mem 0x000000006f7ff000-0x000000006f7fffff]
[    0.016284]   node   0: [mem 0x0000000232d00000-0x0000000fffffffff]
[    0.016288]   node   1: [mem 0x0000001ec0000000-0x000000207fffffff]
[    0.016290] Initmem setup node 0 [mem 0x0000000000001000-0x0000000fffffffff]
[    0.016293] Initmem setup node 1 [mem 0x0000001ec0000000-0x000000207fffffff]
[    0.016294] Initializing node 2 as memoryless
[    0.016318] Initmem setup node 2 as memoryless
[    0.016319] Initializing node 3 as memoryless
[    0.016339] Initmem setup node 3 as memoryless
[    0.016340] On node 0, zone DMA: 1 pages in unavailable ranges
[    0.016342] On node 0, zone DMA: 1 pages in unavailable ranges
[    0.016370] On node 0, zone DMA: 96 pages in unavailable ranges
[    0.018639] On node 0, zone DMA32: 4096 pages in unavailable ranges
[    0.018662] On node 0, zone DMA32: 639 pages in unavailable ranges
[    0.018692] On node 0, zone DMA32: 262 pages in unavailable ranges
[    0.019241] On node 0, zone DMA32: 512 pages in unavailable ranges
[    0.019515] On node 0, zone DMA32: 35073 pages in unavailable ranges
[    0.127812] On node 0, zone Normal: 13568 pages in unavailable ranges
[    0.142111] ACPI: PM-Timer IO Port: 0x508
[    0.142130] ACPI: X2APIC_NMI (uid[0xffffffff] high edge lint[0x1])
[    0.142133] ACPI: LAPIC_NMI (acpi_id[0xff] high edge lint[0x1])
[    0.142152] IOAPIC[0]: apic_id 8, version 32, address 0xfec00000, GSI 0-119
[    0.142156] ACPI: INT_SRC_OVR (bus 0 bus_irq 0 global_irq 2 dfl dfl)
[    0.142158] ACPI: INT_SRC_OVR (bus 0 bus_irq 9 global_irq 9 high level)
[    0.142162] ACPI: Using ACPI (MADT) for SMP configuration information
[    0.142163] ACPI: HPET id: 0x8086a701 base: 0xfed00000
[    0.142168] TSC deadline timer available
[    0.142169] smpboot: Allowing 112 CPUs, 0 hotplug CPUs
[    0.142198] PM: hibernation: Registered nosave memory: [mem 0x00000000-0x00000fff]
[    0.142200] PM: hibernation: Registered nosave memory: [mem 0x0008f000-0x0008ffff]
[    0.142202] PM: hibernation: Registered nosave memory: [mem 0x000a0000-0x000fffff]
[    0.142204] PM: hibernation: Registered nosave memory: [mem 0x46cc4000-0x46cc4fff]
[    0.142206] PM: hibernation: Registered nosave memory: [mem 0x46cf5000-0x46cf5fff]
[    0.142207] PM: hibernation: Registered nosave memory: [mem 0x46cf6000-0x46cf6fff]
[    0.142209] PM: hibernation: Registered nosave memory: [mem 0x46d28000-0x46d28fff]
[    0.142210] PM: hibernation: Registered nosave memory: [mem 0x46d29000-0x46d29fff]
[    0.142212] PM: hibernation: Registered nosave memory: [mem 0x46d5b000-0x46d5bfff]
[    0.142213] PM: hibernation: Registered nosave memory: [mem 0x46d5c000-0x46d5cfff]
[    0.142214] PM: hibernation: Registered nosave memory: [mem 0x46d64000-0x46d64fff]
[    0.142216] PM: hibernation: Registered nosave memory: [mem 0x49e77000-0x4ae76fff]
[    0.142218] PM: hibernation: Registered nosave memory: [mem 0x4b2cf000-0x4b54dfff]
[    0.142220] PM: hibernation: Registered nosave memory: [mem 0x4bd94000-0x4be99fff]
[    0.142222] PM: hibernation: Registered nosave memory: [mem 0x4ce00000-0x4cffffff]
[    0.142223] PM: hibernation: Registered nosave memory: [mem 0x5eefe000-0x6e3fefff]
[    0.142224] PM: hibernation: Registered nosave memory: [mem 0x6e3ff000-0x6f3fefff]
[    0.142225] PM: hibernation: Registered nosave memory: [mem 0x6f3ff000-0x6f7fefff]
[    0.142227] PM: hibernation: Registered nosave memory: [mem 0x6f800000-0x8fffffff]
[    0.142228] PM: hibernation: Registered nosave memory: [mem 0x90000000-0xfdffffff]
[    0.142228] PM: hibernation: Registered nosave memory: [mem 0xfe000000-0xfe010fff]
[    0.142229] PM: hibernation: Registered nosave memory: [mem 0xfe011000-0xffffffff]
[    0.142230] PM: hibernation: Registered nosave memory: [mem 0x100000000-0x232cfffff]
[    0.142232] PM: hibernation: Registered nosave memory: [mem 0x1000000000-0x1ebfffffff]
[    0.142235] [mem 0x90000000-0xfdffffff] available for PCI devices
[    0.142236] Booting paravirtualized kernel on bare hardware
[    0.142238] clocksource: refined-jiffies: mask: 0xffffffff max_cycles: 0xffffffff, max_idle_ns: 7645519600211568 ns
[    0.142245] setup_percpu: NR_CPUS:8192 nr_cpumask_bits:112 nr_cpu_ids:112 nr_node_ids:4
[    0.147028] percpu: Embedded 61 pages/cpu s212992 r8192 d28672 u262144
[    0.147040] pcpu-alloc: s212992 r8192 d28672 u262144 alloc=1*2097152
[    0.147042] pcpu-alloc: [0] 000 002 004 006 008 010 012 014 
[    0.147048] pcpu-alloc: [0] 016 018 020 022 024 026 028 030 
[    0.147053] pcpu-alloc: [0] 032 034 036 038 040 042 044 046 
[    0.147058] pcpu-alloc: [0] 048 050 052 054 056 058 060 062 
[    0.147062] pcpu-alloc: [0] 064 066 068 070 072 074 076 078 
[    0.147066] pcpu-alloc: [0] 080 082 084 086 088 090 092 094 
[    0.147071] pcpu-alloc: [0] 096 098 100 102 104 106 108 110 
[    0.147076] pcpu-alloc: [1] 001 003 005 007 009 011 013 015 
[    0.147080] pcpu-alloc: [1] 017 019 021 023 025 027 029 031 
[    0.147085] pcpu-alloc: [1] 033 035 037 039 041 043 045 047 
[    0.147089] pcpu-alloc: [1] 049 051 053 055 057 059 061 063 
[    0.147094] pcpu-alloc: [1] 065 067 069 071 073 075 077 079 
[    0.147098] pcpu-alloc: [1] 081 083 085 087 089 091 093 095 
[    0.147102] pcpu-alloc: [1] 097 099 101 103 105 107 109 111 
[    0.147148] Fallback order for Node 0: 0 1 
[    0.147151] Fallback order for Node 1: 1 0 
[    0.147154] Fallback order for Node 2: 2 0 1 
[    0.147157] Fallback order for Node 3: 3 1 0 
[    0.147165] Built 2 zonelists, mobility grouping on.  Total pages: 16428232
[    0.147166] Policy zone: Normal
[    0.147168] Kernel command line: BOOT_IMAGE=/boot/vmlinuz-5.18.0 root=UUID=ce0c24b8-724b-4f33-9b2c-618433560aef ro memmap=4909M!4096M memmap=59G!64G quiet splash nomodeset vt.handoff=1
[    0.147293] Booted with the nomodeset parameter. Only the system framebuffer will be available
[    0.147315] Unknown kernel command line parameters "splash BOOT_IMAGE=/boot/vmlinuz-5.18.0", will be passed to user space.
[    0.147317] printk: log_buf_len individual max cpu contribution: 4096 bytes
[    0.147318] printk: log_buf_len total cpu_extra contributions: 454656 bytes
[    0.147319] printk: log_buf_len min size: 262144 bytes
[    0.148297] printk: log_buf_len: 1048576 bytes
[    0.148298] printk: early log buf free: 223664(85%)
[    0.150206] mem auto-init: stack:off, heap alloc:on, heap free:off
[    0.299045] Memory: 64885660K/66760800K available (16392K kernel code, 3615K rwdata, 10444K rodata, 2688K init, 5836K bss, 1874880K reserved, 0K cma-reserved)
[    0.299051] random: get_random_u64 called from __kmem_cache_create+0x2d/0x480 with crng_init=0
[    0.299728] SLUB: HWalign=64, Order=0-3, MinObjects=0, CPUs=112, Nodes=4
[    0.299760] ftrace: allocating 48795 entries in 191 pages
[    0.308330] ftrace: allocated 191 pages with 7 groups
[    0.309299] Dynamic Preempt: voluntary
[    0.309627] rcu: Preemptible hierarchical RCU implementation.
[    0.309628] rcu: 	RCU restricting CPUs from NR_CPUS=8192 to nr_cpu_ids=112.
[    0.309629] 	Trampoline variant of Tasks RCU enabled.
[    0.309630] 	Rude variant of Tasks RCU enabled.
[    0.309630] 	Tracing variant of Tasks RCU enabled.
[    0.309631] rcu: RCU calculated value of scheduler-enlistment delay is 25 jiffies.
[    0.309632] rcu: Adjusting geometry for rcu_fanout_leaf=16, nr_cpu_ids=112
[    0.313441] NR_IRQS: 524544, nr_irqs: 2952, preallocated irqs: 16
[    0.313801] random: crng init done (trusting CPU's manufacturer)
[    0.313934] Console: colour dummy device 80x25
[    0.313969] printk: console [tty0] enabled
[    0.314171] mempolicy: Enabling automatic NUMA balancing. Configure with numa_balancing= or the kernel.numa_balancing sysctl
[    0.314176] ACPI: Core revision 20211217
[    0.317594] clocksource: hpet: mask: 0xffffffff max_cycles: 0xffffffff, max_idle_ns: 79635855245 ns
[    0.317638] APIC: Switch to symmetric I/O mode setup
[    0.317640] DMAR: Host address width 46
[    0.317641] DMAR: DRHD base: 0x000000d0ffc000 flags: 0x0
[    0.317646] DMAR: dmar0: reg_base_addr d0ffc000 ver 4:0 cap 8ed008c40780466 ecap 60000f050df
[    0.317649] DMAR: DRHD base: 0x000000dbbfc000 flags: 0x0
[    0.317652] DMAR: dmar1: reg_base_addr dbbfc000 ver 4:0 cap 8ed008c40780466 ecap 60000f050df
[    0.317654] DMAR: DRHD base: 0x000000e67fc000 flags: 0x0
[    0.317658] DMAR: dmar2: reg_base_addr e67fc000 ver 4:0 cap 8ed008c40780466 ecap 60000f050df
[    0.317661] DMAR: DRHD base: 0x000000f13fc000 flags: 0x0
[    0.317663] DMAR: dmar3: reg_base_addr f13fc000 ver 4:0 cap 8ed008c40780466 ecap 60000f050df
[    0.317665] DMAR: DRHD base: 0x000000fb7fc000 flags: 0x0
[    0.317668] DMAR: dmar4: reg_base_addr fb7fc000 ver 4:0 cap 8ed008c40780466 ecap 60000f050df
[    0.317670] DMAR: DRHD base: 0x000000a63fc000 flags: 0x0
[    0.317673] DMAR: dmar5: reg_base_addr a63fc000 ver 4:0 cap 8ed008c40780466 ecap 60000f050df
[    0.317674] DMAR: DRHD base: 0x000000b0ffc000 flags: 0x0
[    0.317680] DMAR: dmar6: reg_base_addr b0ffc000 ver 4:0 cap 8ed008c40780466 ecap 60000f050df
[    0.317682] DMAR: DRHD base: 0x000000bbbfc000 flags: 0x0
[    0.317685] DMAR: dmar7: reg_base_addr bbbfc000 ver 4:0 cap 8ed008c40780466 ecap 60000f050df
[    0.317687] DMAR: DRHD base: 0x000000c5ffc000 flags: 0x0
[    0.317689] DMAR: dmar8: reg_base_addr c5ffc000 ver 4:0 cap 8ed008c40780466 ecap 60000f050df
[    0.317691] DMAR: DRHD base: 0x0000009b7fc000 flags: 0x1
[    0.317693] DMAR: dmar9: reg_base_addr 9b7fc000 ver 4:0 cap 8ed008c40780466 ecap 60000f050df
[    0.317695] DMAR: RMRR base: 0x00000069427000 end: 0x00000069429fff
[    0.317697] DMAR: ATSR flags: 0x0
[    0.317699] DMAR-IR: IOAPIC id 8 under DRHD base  0x9b7fc000 IOMMU 9
[    0.317700] DMAR-IR: HPET id 0 under DRHD base 0x9b7fc000
[    0.317701] DMAR-IR: Queued invalidation will be enabled to support x2apic and Intr-remapping.
[    0.320871] DMAR-IR: Enabled IRQ remapping in x2apic mode
[    0.323507] ..TIMER: vector=0x30 apic1=0 pin1=2 apic2=-1 pin2=-1
[    0.341569] clocksource: tsc-early: mask: 0xffffffffffffffff max_cycles: 0x39a85c9bff6, max_idle_ns: 881590591483 ns
[    0.341575] Calibrating delay loop (skipped), value calculated using timer frequency.. 4000.00 BogoMIPS (lpj=8000000)
[    0.341577] pid_max: default: 114688 minimum: 896
[    0.345490] LSM: Security Framework initializing
[    0.345516] Yama: becoming mindful.
[    0.345585] AppArmor: AppArmor initialized
[    0.353726] Dentry cache hash table entries: 8388608 (order: 14, 67108864 bytes, vmalloc hugepage)
[    0.357746] Inode-cache hash table entries: 4194304 (order: 13, 33554432 bytes, vmalloc hugepage)
[    0.357927] Mount-cache hash table entries: 131072 (order: 8, 1048576 bytes, vmalloc)
[    0.358073] Mountpoint-cache hash table entries: 131072 (order: 8, 1048576 bytes, vmalloc)
[    0.358621] x86/tme: not enabled by BIOS
[    0.358631] CPU0: Thermal monitoring enabled (TM1)
[    0.358633] x86/cpu: User Mode Instruction Prevention (UMIP) activated
[    0.358869] process: using mwait in idle threads
[    0.358871] Last level iTLB entries: 4KB 0, 2MB 0, 4MB 0
[    0.358872] Last level dTLB entries: 4KB 0, 2MB 0, 4MB 0, 1GB 0
[    0.358879] Spectre V1 : Mitigation: usercopy/swapgs barriers and __user pointer sanitization
[    0.358880] Spectre V2 : WARNING: Unprivileged eBPF is enabled with eIBRS on, data leaks possible via Spectre v2 BHB attacks!
[    0.358886] Spectre V2 : Mitigation: Enhanced IBRS
[    0.358887] Spectre V2 : Spectre v2 / SpectreRSB mitigation: Filling RSB on context switch
[    0.358888] Spectre V2 : mitigation: Enabling conditional Indirect Branch Prediction Barrier
[    0.358889] Speculative Store Bypass: Mitigation: Speculative Store Bypass disabled via prctl
[    0.364038] Freeing SMP alternatives memory: 40K
[    0.365722] smpboot: Estimated ratio of average max frequency by base frequency (times 1024): 1433
[    0.365737] smpboot: CPU0: Intel(R) Xeon(R) Gold 6330 CPU @ 2.00GHz (family: 0x6, model: 0x6a, stepping: 0x6)
[    0.365948] cblist_init_generic: Setting adjustable number of callback queues.
[    0.365964] cblist_init_generic: Setting shift to 7 and lim to 1.
[    0.365991] cblist_init_generic: Setting shift to 7 and lim to 1.
[    0.366022] cblist_init_generic: Setting shift to 7 and lim to 1.
[    0.366033] Performance Events: PEBS fmt4+-baseline,  AnyThread deprecated, Icelake events, 32-deep LBR, full-width counters, Intel PMU driver.
[    0.366070] ... version:                5
[    0.366071] ... bit width:              48
[    0.366072] ... generic registers:      8
[    0.366072] ... value mask:             0000ffffffffffff
[    0.366073] ... max period:             00007fffffffffff
[    0.366074] ... fixed-purpose events:   4
[    0.366075] ... event mask:             0001000f000000ff
[    0.366235] rcu: Hierarchical SRCU implementation.
[    0.373538] NMI watchdog: Enabled. Permanently consumes one hw-PMU counter.
[    0.374623] smp: Bringing up secondary CPUs ...
[    0.374740] x86: Booting SMP configuration:
[    0.374741] .... node  #1, CPUs:          #1
[    0.007778] smpboot: CPU 1 Converting physical 0 to logical die 1

[    0.461694] .... node  #0, CPUs:     #2
[    0.467074] .... node  #1, CPUs:     #3
[    0.472529] .... node  #0, CPUs:     #4
[    0.477907] .... node  #1, CPUs:     #5
[    0.483320] .... node  #0, CPUs:     #6
[    0.488914] .... node  #1, CPUs:     #7
[    0.494518] .... node  #0, CPUs:     #8
[    0.499820] .... node  #1, CPUs:     #9
[    0.505682] .... node  #0, CPUs:    #10
[    0.511304] .... node  #1, CPUs:    #11
[    0.517063] .... node  #0, CPUs:    #12
[    0.522587] .... node  #1, CPUs:    #13
[    0.527967] .... node  #0, CPUs:    #14
[    0.533218] .... node  #1, CPUs:    #15
[    0.538558] .... node  #0, CPUs:    #16
[    0.543843] .... node  #1, CPUs:    #17
[    0.549174] .... node  #0, CPUs:    #18
[    0.554434] .... node  #1, CPUs:    #19
[    0.560099] .... node  #0, CPUs:    #20
[    0.565587] .... node  #1, CPUs:    #21
[    0.570976] .... node  #0, CPUs:    #22
[    0.576429] .... node  #1, CPUs:    #23
[    0.581708] .... node  #0, CPUs:    #24
[    0.587352] .... node  #1, CPUs:    #25
[    0.592701] .... node  #0, CPUs:    #26
[    0.597926] .... node  #1, CPUs:    #27
[    0.603264] .... node  #0, CPUs:    #28
[    0.608783] .... node  #1, CPUs:    #29
[    0.614096] .... node  #0, CPUs:    #30
[    0.619335] .... node  #1, CPUs:    #31
[    0.624844] .... node  #0, CPUs:    #32
[    0.630134] .... node  #1, CPUs:    #33
[    0.635540] .... node  #0, CPUs:    #34
[    0.641005] .... node  #1, CPUs:    #35
[    0.646336] .... node  #0, CPUs:    #36
[    0.651561] .... node  #1, CPUs:    #37
[    0.656897] .... node  #0, CPUs:    #38
[    0.662468] .... node  #1, CPUs:    #39
[    0.668019] .... node  #0, CPUs:    #40
[    0.673737] .... node  #1, CPUs:    #41
[    0.679408] .... node  #0, CPUs:    #42
[    0.684745] .... node  #1, CPUs:    #43
[    0.690405] .... node  #0, CPUs:    #44
[    0.695789] .... node  #1, CPUs:    #45
[    0.701266] .... node  #0, CPUs:    #46
[    0.706812] .... node  #1, CPUs:    #47
[    0.712285] .... node  #0, CPUs:    #48
[    0.717751] .... node  #1, CPUs:    #49
[    0.723109] .... node  #0, CPUs:    #50
[    0.728622] .... node  #1, CPUs:    #51
[    0.734271] .... node  #0, CPUs:    #52
[    0.739745] .... node  #1, CPUs:    #53
[    0.745588] .... node  #0, CPUs:    #54
[    0.751078] .... node  #1, CPUs:    #55
[    0.756907] .... node  #0, CPUs:    #56
[    0.759392] .... node  #1, CPUs:    #57
[    0.765315] .... node  #0, CPUs:    #58
[    0.770749] .... node  #1, CPUs:    #59
[    0.776201] .... node  #0, CPUs:    #60
[    0.781741] .... node  #1, CPUs:    #61
[    0.787044] .... node  #0, CPUs:    #62
[    0.792658] .... node  #1, CPUs:    #63
[    0.798282] .... node  #0, CPUs:    #64
[    0.803609] .... node  #1, CPUs:    #65
[    0.809597] .... node  #0, CPUs:    #66
[    0.815142] .... node  #1, CPUs:    #67
[    0.820905] .... node  #0, CPUs:    #68
[    0.826450] .... node  #1, CPUs:    #69
[    0.831832] .... node  #0, CPUs:    #70
[    0.837099] .... node  #1, CPUs:    #71
[    0.842466] .... node  #0, CPUs:    #72
[    0.847773] .... node  #1, CPUs:    #73
[    0.853119] .... node  #0, CPUs:    #74
[    0.858408] .... node  #1, CPUs:    #75
[    0.864081] .... node  #0, CPUs:    #76
[    0.869630] .... node  #1, CPUs:    #77
[    0.875023] .... node  #0, CPUs:    #78
[    0.880490] .... node  #1, CPUs:    #79
[    0.885795] .... node  #0, CPUs:    #80
[    0.891454] .... node  #1, CPUs:    #81
[    0.896822] .... node  #0, CPUs:    #82
[    0.902072] .... node  #1, CPUs:    #83
[    0.907427] .... node  #0, CPUs:    #84
[    0.912970] .... node  #1, CPUs:    #85
[    0.918297] .... node  #0, CPUs:    #86
[    0.923567] .... node  #1, CPUs:    #87
[    0.929074] .... node  #0, CPUs:    #88
[    0.934387] .... node  #1, CPUs:    #89
[    0.939794] .... node  #0, CPUs:    #90
[    0.945261] .... node  #1, CPUs:    #91
[    0.950623] .... node  #0, CPUs:    #92
[    0.955863] .... node  #1, CPUs:    #93
[    0.961215] .... node  #0, CPUs:    #94
[    0.966806] .... node  #1, CPUs:    #95
[    0.972359] .... node  #0, CPUs:    #96
[    0.977999] .... node  #1, CPUs:    #97
[    0.983785] .... node  #0, CPUs:    #98
[    0.989138] .... node  #1, CPUs:    #99
[    0.994813] .... node  #0, CPUs:   #100
[    1.000209] .... node  #1, CPUs:   #101
[    1.005717] .... node  #0, CPUs:   #102
[    1.011289] .... node  #1, CPUs:   #103
[    1.016778] .... node  #0, CPUs:   #104
[    1.022148] .... node  #1, CPUs:   #105
[    1.027638] .... node  #0, CPUs:   #106
[    1.033171] .... node  #1, CPUs:   #107
[    1.038839] .... node  #0, CPUs:   #108
[    1.044341] .... node  #1, CPUs:   #109
[    1.049974] .... node  #0, CPUs:   #110
[    1.055711] .... node  #1, CPUs:   #111
[    1.061675] smp: Brought up 2 nodes, 112 CPUs
[    1.061675] smpboot: Max logical packages: 2
[    1.061675] smpboot: Total of 112 processors activated (448089.09 BogoMIPS)
[    1.068945] devtmpfs: initialized
[    1.068945] x86/mm: Memory block size: 2048MB
[    1.069615] ACPI: PM: Registering ACPI NVS region [mem 0x49e77000-0x4ae76fff] (16777216 bytes)
[    1.069824] ACPI: PM: Registering ACPI NVS region [mem 0x6e3ff000-0x6f3fefff] (16777216 bytes)
[    1.070097] clocksource: jiffies: mask: 0xffffffff max_cycles: 0xffffffff, max_idle_ns: 7645041785100000 ns
[    1.070389] futex hash table entries: 32768 (order: 9, 2097152 bytes, vmalloc)
[    1.070641] pinctrl core: initialized pinctrl subsystem
[    1.070794] PM: RTC time: 16:01:32, date: 2024-06-21
[    1.071753] NET: Registered PF_NETLINK/PF_ROUTE protocol family
[    1.072990] DMA: preallocated 4096 KiB GFP_KERNEL pool for atomic allocations
[    1.073499] DMA: preallocated 4096 KiB GFP_KERNEL|GFP_DMA pool for atomic allocations
[    1.074058] DMA: preallocated 4096 KiB GFP_KERNEL|GFP_DMA32 pool for atomic allocations
[    1.074068] audit: initializing netlink subsys (disabled)
[    1.074076] audit: type=2000 audit(1718985691.756:1): state=initialized audit_enabled=0 res=1
[    1.074076] thermal_sys: Registered thermal governor 'fair_share'
[    1.074076] thermal_sys: Registered thermal governor 'bang_bang'
[    1.074076] thermal_sys: Registered thermal governor 'step_wise'
[    1.074076] thermal_sys: Registered thermal governor 'user_space'
[    1.074076] EISA bus registered
[    1.074076] cpuidle: using governor ladder
[    1.074076] cpuidle: using governor menu
[    1.074076] ACPI FADT declares the system doesn't support PCIe ASPM, so disable it
[    1.074076] acpiphp: ACPI Hot Plug PCI Controller Driver version: 0.5
[    1.074076] PCI: MMCONFIG for domain 0000 [bus 00-ff] at [mem 0x80000000-0x8fffffff] (base 0x80000000)
[    1.074076] PCI: MMCONFIG at [mem 0x80000000-0x8fffffff] reserved in E820
[    1.074076] pmd_set_huge: Cannot satisfy [mem 0x80000000-0x80200000] with a huge-page mapping due to MTRR override.
[    1.074076] PCI: Using configuration type 1 for base access
[    1.074076] PCI: Dell System detected, enabling pci=bfsort.
[    1.076086] ENERGY_PERF_BIAS: Set to 'normal', was 'performance'
[    1.081783] kprobes: kprobe jump-optimization is enabled. All kprobes are optimized if possible.
[    1.081788] HugeTLB registered 1.00 GiB page size, pre-allocated 0 pages
[    1.081788] HugeTLB registered 2.00 MiB page size, pre-allocated 0 pages
[    1.081933] fbcon: Taking over console
[    1.081933] ACPI: Added _OSI(Module Device)
[    1.081933] ACPI: Added _OSI(Processor Device)
[    1.081933] ACPI: Added _OSI(3.0 _SCP Extensions)
[    1.081933] ACPI: Added _OSI(Processor Aggregator Device)
[    1.081933] ACPI: Added _OSI(Linux-Dell-Video)
[    1.081933] ACPI: Added _OSI(Linux-Lenovo-NV-HDMI-Audio)
[    1.081933] ACPI: Added _OSI(Linux-HPI-Hybrid-Graphics)
[    1.250301] ACPI: 8 ACPI AML tables successfully acquired and loaded
[    1.256580] ACPI: [Firmware Bug]: BIOS _OSI(Linux) query ignored
[    1.262479] ACPI: Dynamic OEM Table Load:
[    1.675651] ACPI: Interpreter enabled
[    1.675671] ACPI: PM: (supports S0 S5)
[    1.675673] ACPI: Using IOAPIC for interrupt routing
[    1.675758] HEST: Table parsing has been initialized.
[    1.675947] GHES: APEI firmware first mode is enabled by APEI bit and WHEA _OSC.
[    1.675949] PCI: Using host bridge windows from ACPI; if necessary, use "pci=nocrs" and report a bug
[    1.705675] ACPI: Enabled 4 GPEs in block 00 to 7F
[    1.833291] ACPI: PCI Root Bridge [PC00] (domain 0000 [bus 00-15])
[    1.833297] acpi PNP0A08:00: _OSC: OS supports [ExtendedConfig ASPM ClockPM Segments MSI HPX-Type3]
[    1.902135] acpi PNP0A08:00: _OSC: platform does not support [SHPCHotplug AER LTR]
[    1.902364] acpi PNP0A08:00: _OSC: OS now controls [PCIeHotplug PME PCIeCapability]
[    1.902365] acpi PNP0A08:00: FADT indicates ASPM is unsupported, using BIOS configuration
[    1.904218] PCI host bridge to bus 0000:00
[    1.904220] pci_bus 0000:00: root bus resource [io  0x0000-0x0cf7 window]
[    1.904222] pci_bus 0000:00: root bus resource [io  0x1000-0x4fff window]
[    1.904224] pci_bus 0000:00: root bus resource [mem 0x000a0000-0x000bffff window]
[    1.904225] pci_bus 0000:00: root bus resource [mem 0x000c8000-0x000cffff window]
[    1.904226] pci_bus 0000:00: root bus resource [mem 0xfe010000-0xfe010fff window]
[    1.904227] pci_bus 0000:00: root bus resource [mem 0x90000000-0x9b7fffff window]
[    1.904229] pci_bus 0000:00: root bus resource [mem 0x200000000000-0x20ffffffffff window]
[    1.904230] pci_bus 0000:00: root bus resource [bus 00-15]
[    1.904244] pci 0000:00:00.0: [8086:09a2] type 00 class 0x088000
[    1.904344] pci 0000:00:00.1: [8086:09a4] type 00 class 0x088000
[    1.904412] pci 0000:00:00.2: [8086:09a3] type 00 class 0x088000
[    1.904480] pci 0000:00:00.4: [8086:0998] type 00 class 0x060000
[    1.904549] pci 0000:00:02.0: [8086:09a6] type 00 class 0x088000
[    1.904557] pci 0000:00:02.0: reg 0x10: [mem 0x92dfc000-0x92dfdfff]
[    1.904633] pci 0000:00:02.1: [8086:09a7] type 00 class 0x088000
[    1.904641] pci 0000:00:02.1: reg 0x10: [mem 0x92d00000-0x92d7ffff]
[    1.904647] pci 0000:00:02.1: reg 0x14: [mem 0x92c80000-0x92cfffff]
[    1.904723] pci 0000:00:02.4: [8086:3456] type 00 class 0x130000
[    1.904733] pci 0000:00:02.4: reg 0x10: [mem 0x92a00000-0x92afffff 64bit]
[    1.904740] pci 0000:00:02.4: reg 0x18: [mem 0x92df0000-0x92df3fff 64bit]
[    1.904747] pci 0000:00:02.4: reg 0x20: [mem 0x92dc0000-0x92ddffff 64bit]
[    1.904826] pci 0000:00:11.0: [8086:a1ec] type 00 class 0xff0000
[    1.904828] pci 0000:00:11.0: device has non-compliant BARs; disabling IO/MEM decoding
[    1.904920] pci 0000:00:11.5: [8086:a1d2] type 00 class 0x010601
[    1.904933] pci 0000:00:11.5: reg 0x10: [mem 0x92dfa000-0x92dfbfff]
[    1.904940] pci 0000:00:11.5: reg 0x14: [mem 0x92e05000-0x92e050ff]
[    1.904948] pci 0000:00:11.5: reg 0x18: [io  0x2068-0x206f]
[    1.904955] pci 0000:00:11.5: reg 0x1c: [io  0x2074-0x2077]
[    1.904963] pci 0000:00:11.5: reg 0x20: [io  0x2040-0x205f]
[    1.904970] pci 0000:00:11.5: reg 0x24: [mem 0x92b80000-0x92bfffff]
[    1.905007] pci 0000:00:11.5: PME# supported from D3hot
[    1.905220] pci 0000:00:14.0: [8086:a1af] type 00 class 0x0c0330
[    1.905238] pci 0000:00:14.0: reg 0x10: [mem 0x92de0000-0x92deffff 64bit]
[    1.905301] pci 0000:00:14.0: PME# supported from D3hot D3cold
[    1.905530] pci 0000:00:14.2: [8086:a1b1] type 00 class 0x118000
[    1.905547] pci 0000:00:14.2: reg 0x10: [mem 0x92e02000-0x92e02fff 64bit]
[    1.905673] pci 0000:00:16.0: [8086:a1ba] type 00 class 0x078000
[    1.905697] pci 0000:00:16.0: reg 0x10: [mem 0x92e01000-0x92e01fff 64bit]
[    1.905781] pci 0000:00:16.0: PME# supported from D3hot
[    1.905847] pci 0000:00:16.1: [8086:a1bb] type 00 class 0x078000
[    1.905870] pci 0000:00:16.1: reg 0x10: [mem 0x92e00000-0x92e00fff 64bit]
[    1.905955] pci 0000:00:16.1: PME# supported from D3hot
[    1.906020] pci 0000:00:16.4: [8086:a1be] type 00 class 0x078000
[    1.906044] pci 0000:00:16.4: reg 0x10: [mem 0x92dff000-0x92dfffff 64bit]
[    1.906128] pci 0000:00:16.4: PME# supported from D3hot
[    1.906198] pci 0000:00:17.0: [8086:a182] type 00 class 0x010601
[    1.906210] pci 0000:00:17.0: reg 0x10: [mem 0x92df8000-0x92df9fff]
[    1.906218] pci 0000:00:17.0: reg 0x14: [mem 0x92e04000-0x92e040ff]
[    1.906225] pci 0000:00:17.0: reg 0x18: [io  0x2060-0x2067]
[    1.906232] pci 0000:00:17.0: reg 0x1c: [io  0x2070-0x2073]
[    1.906240] pci 0000:00:17.0: reg 0x20: [io  0x2020-0x203f]
[    1.906247] pci 0000:00:17.0: reg 0x24: [mem 0x92b00000-0x92b7ffff]
[    1.906284] pci 0000:00:17.0: PME# supported from D3hot
[    1.906490] pci 0000:00:1c.0: [8086:a190] type 01 class 0x060400
[    1.906565] pci 0000:00:1c.0: PME# supported from D0 D3hot D3cold
[    1.907221] pci 0000:00:1c.4: [8086:a194] type 01 class 0x060400
[    1.907290] pci 0000:00:1c.4: PME# supported from D0 D3hot D3cold
[    1.907916] pci 0000:00:1c.5: [8086:a195] type 01 class 0x060400
[    1.907987] pci 0000:00:1c.5: PME# supported from D0 D3hot D3cold
[    1.908619] pci 0000:00:1f.0: [8086:a1cb] type 00 class 0x060100
[    1.908916] pci 0000:00:1f.2: [8086:a1a1] type 00 class 0x058000
[    1.908931] pci 0000:00:1f.2: reg 0x10: [mem 0x92df4000-0x92df7fff]
[    1.909172] pci 0000:00:1f.4: [8086:a1a3] type 00 class 0x0c0500
[    1.909192] pci 0000:00:1f.4: reg 0x10: [mem 0x92dfe000-0x92dfe0ff 64bit]
[    1.909215] pci 0000:00:1f.4: reg 0x20: [io  0x2000-0x201f]
[    1.909281] pci 0000:00:1f.5: [8086:a1a4] type 00 class 0x0c8000
[    1.909296] pci 0000:00:1f.5: reg 0x10: [mem 0xfe010000-0xfe010fff]
[    1.909428] pci 0000:00:1c.0: PCI bridge to [bus 01]
[    1.909479] pci 0000:02:00.0: [1556:be00] type 01 class 0x060400
[    1.909721] pci 0000:00:1c.4: PCI bridge to [bus 02-03]
[    1.909726] pci 0000:00:1c.4:   bridge window [mem 0x92000000-0x928fffff]
[    1.909730] pci 0000:00:1c.4:   bridge window [mem 0x91000000-0x91ffffff 64bit pref]
[    1.909763] pci_bus 0000:03: extended config space not accessible
[    1.909783] pci 0000:03:00.0: [102b:0536] type 00 class 0x030000
[    1.909802] pci 0000:03:00.0: reg 0x10: [mem 0x91000000-0x91ffffff pref]
[    1.909813] pci 0000:03:00.0: reg 0x14: [mem 0x92808000-0x9280bfff]
[    1.909824] pci 0000:03:00.0: reg 0x18: [mem 0x92000000-0x927fffff]
[    1.909872] pci 0000:03:00.0: BAR 0: assigned to efifb
[    1.909880] pci 0000:03:00.0: Video device with shadowed ROM at [mem 0x000c0000-0x000dffff]
[    1.909982] pci 0000:02:00.0: PCI bridge to [bus 03]
[    1.909991] pci 0000:02:00.0:   bridge window [mem 0x92000000-0x928fffff]
[    1.909997] pci 0000:02:00.0:   bridge window [mem 0x91000000-0x91ffffff 64bit pref]
[    1.910067] pci 0000:04:00.0: [14e4:165f] type 00 class 0x020000
[    1.910091] pci 0000:04:00.0: reg 0x10: [mem 0x92930000-0x9293ffff 64bit pref]
[    1.910107] pci 0000:04:00.0: reg 0x18: [mem 0x92940000-0x9294ffff 64bit pref]
[    1.910122] pci 0000:04:00.0: reg 0x20: [mem 0x92950000-0x9295ffff 64bit pref]
[    1.910133] pci 0000:04:00.0: reg 0x30: [mem 0xfffc0000-0xffffffff pref]
[    1.910228] pci 0000:04:00.0: PME# supported from D0 D3hot D3cold
[    1.910281] pci 0000:04:00.0: 4.000 Gb/s available PCIe bandwidth, limited by 5.0 GT/s PCIe x1 link at 0000:00:1c.5 (capable of 8.000 Gb/s with 5.0 GT/s PCIe x2 link)
[    1.910844] pci 0000:04:00.1: [14e4:165f] type 00 class 0x020000
[    1.910868] pci 0000:04:00.1: reg 0x10: [mem 0x92900000-0x9290ffff 64bit pref]
[    1.910884] pci 0000:04:00.1: reg 0x18: [mem 0x92910000-0x9291ffff 64bit pref]
[    1.910900] pci 0000:04:00.1: reg 0x20: [mem 0x92920000-0x9292ffff 64bit pref]
[    1.910911] pci 0000:04:00.1: reg 0x30: [mem 0xfffc0000-0xffffffff pref]
[    1.911005] pci 0000:04:00.1: PME# supported from D0 D3hot D3cold
[    1.911582] pci 0000:00:1c.5: PCI bridge to [bus 04]
[    1.911590] pci 0000:00:1c.5:   bridge window [mem 0x92900000-0x929fffff 64bit pref]
[    1.911604] pci_bus 0000:00: on NUMA node 0
[    1.912196] ACPI: PCI Root Bridge [PC01] (domain 0000 [bus 16-2f])
[    1.912200] acpi PNP0A08:01: _OSC: OS supports [ExtendedConfig ASPM ClockPM Segments MSI HPX-Type3]
[    1.926999] acpi PNP0A08:01: _OSC: platform does not support [SHPCHotplug AER]
[    1.927215] acpi PNP0A08:01: _OSC: OS now controls [PCIeHotplug PME PCIeCapability LTR]
[    1.927217] acpi PNP0A08:01: FADT indicates ASPM is unsupported, using BIOS configuration
[    1.927349] PCI host bridge to bus 0000:16
[    1.927350] pci_bus 0000:16: root bus resource [io  0x5000-0x6fff window]
[    1.927352] pci_bus 0000:16: root bus resource [mem 0x9b800000-0xa63fffff window]
[    1.927353] pci_bus 0000:16: root bus resource [mem 0x210000000000-0x21ffffffffff window]
[    1.927355] pci_bus 0000:16: root bus resource [bus 16-2f]
[    1.927365] pci 0000:16:00.0: [8086:09a2] type 00 class 0x088000
[    1.927434] pci 0000:16:00.1: [8086:09a4] type 00 class 0x088000
[    1.927498] pci 0000:16:00.2: [8086:09a3] type 00 class 0x088000
[    1.927560] pci 0000:16:00.4: [8086:0998] type 00 class 0x060000
[    1.927631] pci 0000:16:02.0: [8086:347a] type 01 class 0x060400
[    1.927640] pci 0000:16:02.0: reg 0x10: [mem 0x21fffff00000-0x21fffff1ffff 64bit]
[    1.927679] pci 0000:16:02.0: PME# supported from D0 D3hot D3cold
[    1.928621] pci 0000:17:00.0: [1000:10e2] type 00 class 0x010400
[    1.928634] pci 0000:17:00.0: reg 0x10: [mem 0x9b800000-0x9b8fffff 64bit pref]
[    1.928643] pci 0000:17:00.0: reg 0x18: [mem 0x9b900000-0x9b9fffff 64bit pref]
[    1.928648] pci 0000:17:00.0: reg 0x20: [mem 0x9ba00000-0x9bafffff]
[    1.928654] pci 0000:17:00.0: reg 0x24: [io  0x5000-0x50ff]
[    1.928660] pci 0000:17:00.0: reg 0x30: [mem 0xfff00000-0xffffffff pref]
[    1.929779] pci 0000:17:00.0: supports D1 D2
[    1.929846] pci 0000:16:02.0: PCI bridge to [bus 17]
[    1.929849] pci 0000:16:02.0:   bridge window [io  0x5000-0x5fff]
[    1.929850] pci 0000:16:02.0:   bridge window [mem 0x9ba00000-0x9bafffff]
[    1.929853] pci 0000:16:02.0:   bridge window [mem 0x9b800000-0x9b9fffff 64bit pref]
[    1.929859] pci_bus 0000:16: on NUMA node 0
[    1.929937] ACPI: PCI Root Bridge [PC02] (domain 0000 [bus 30-49])
[    1.929941] acpi PNP0A08:02: _OSC: OS supports [ExtendedConfig ASPM ClockPM Segments MSI HPX-Type3]
[    1.944428] acpi PNP0A08:02: _OSC: platform does not support [SHPCHotplug AER]
[    1.944641] acpi PNP0A08:02: _OSC: OS now controls [PCIeHotplug PME PCIeCapability LTR]
[    1.944642] acpi PNP0A08:02: FADT indicates ASPM is unsupported, using BIOS configuration
[    1.944763] PCI host bridge to bus 0000:30
[    1.944765] pci_bus 0000:30: root bus resource [io  0x7000-0x8fff window]
[    1.944766] pci_bus 0000:30: root bus resource [mem 0xa6400000-0xb0ffffff window]
[    1.944768] pci_bus 0000:30: root bus resource [mem 0x220000000000-0x22ffffffffff window]
[    1.944769] pci_bus 0000:30: root bus resource [bus 30-49]
[    1.944779] pci 0000:30:00.0: [8086:09a2] type 00 class 0x088000
[    1.944847] pci 0000:30:00.1: [8086:09a4] type 00 class 0x088000
[    1.944909] pci 0000:30:00.2: [8086:09a3] type 00 class 0x088000
[    1.944971] pci 0000:30:00.4: [8086:0998] type 00 class 0x060000
[    1.945040] pci_bus 0000:30: on NUMA node 0
[    1.945141] ACPI: PCI Root Bridge [PC04] (domain 0000 [bus 4a-63])
[    1.945144] acpi PNP0A08:04: _OSC: OS supports [ExtendedConfig ASPM ClockPM Segments MSI HPX-Type3]
[    1.959611] acpi PNP0A08:04: _OSC: platform does not support [SHPCHotplug AER]
[    1.959824] acpi PNP0A08:04: _OSC: OS now controls [PCIeHotplug PME PCIeCapability LTR]
[    1.959825] acpi PNP0A08:04: FADT indicates ASPM is unsupported, using BIOS configuration
[    1.959948] PCI host bridge to bus 0000:4a
[    1.959949] pci_bus 0000:4a: root bus resource [io  0x9000-0x9fff window]
[    1.959951] pci_bus 0000:4a: root bus resource [mem 0xb1000000-0xbbbfffff window]
[    1.959952] pci_bus 0000:4a: root bus resource [mem 0x230000000000-0x23ffffffffff window]
[    1.959953] pci_bus 0000:4a: root bus resource [bus 4a-63]
[    1.959963] pci 0000:4a:00.0: [8086:09a2] type 00 class 0x088000
[    1.960027] pci 0000:4a:00.1: [8086:09a4] type 00 class 0x088000
[    1.960094] pci 0000:4a:00.2: [8086:09a3] type 00 class 0x088000
[    1.960155] pci 0000:4a:00.4: [8086:0998] type 00 class 0x060000
[    1.960229] pci_bus 0000:4a: on NUMA node 0
[    1.960302] ACPI: PCI Root Bridge [PC05] (domain 0000 [bus 64-7d])
[    1.960304] acpi PNP0A08:05: _OSC: OS supports [ExtendedConfig ASPM ClockPM Segments MSI HPX-Type3]
[    1.974738] acpi PNP0A08:05: _OSC: platform does not support [SHPCHotplug AER]
[    1.974949] acpi PNP0A08:05: _OSC: OS now controls [PCIeHotplug PME PCIeCapability LTR]
[    1.974950] acpi PNP0A08:05: FADT indicates ASPM is unsupported, using BIOS configuration
[    1.975068] PCI host bridge to bus 0000:64
[    1.975069] pci_bus 0000:64: root bus resource [io  0xa000-0xafff window]
[    1.975070] pci_bus 0000:64: root bus resource [mem 0xbbc00000-0xc5ffffff window]
[    1.975071] pci_bus 0000:64: root bus resource [mem 0x240000000000-0x24ffffffffff window]
[    1.975073] pci_bus 0000:64: root bus resource [bus 64-7d]
[    1.975082] pci 0000:64:00.0: [8086:09a2] type 00 class 0x088000
[    1.975146] pci 0000:64:00.1: [8086:09a4] type 00 class 0x088000
[    1.975208] pci 0000:64:00.2: [8086:09a3] type 00 class 0x088000
[    1.975269] pci 0000:64:00.4: [8086:0998] type 00 class 0x060000
[    1.975339] pci_bus 0000:64: on NUMA node 0
[    1.975405] ACPI: PCI Root Bridge [UC06] (domain 0000 [bus 7e])
[    1.975407] acpi PNP0A03:00: _OSC: OS supports [ExtendedConfig ASPM ClockPM Segments MSI HPX-Type3]
[    1.975505] acpi PNP0A03:00: _OSC: platform does not support [SHPCHotplug AER LTR]
[    1.975683] acpi PNP0A03:00: _OSC: OS now controls [PCIeHotplug PME PCIeCapability]
[    1.975685] acpi PNP0A03:00: FADT indicates ASPM is unsupported, using BIOS configuration
[    1.975818] PCI host bridge to bus 0000:7e
[    1.975820] pci_bus 0000:7e: root bus resource [bus 7e]
[    1.975828] pci 0000:7e:00.0: [8086:3450] type 00 class 0x088000
[    1.975900] pci 0000:7e:00.1: [8086:3451] type 00 class 0x088000
[    1.975961] pci 0000:7e:00.2: [8086:3452] type 00 class 0x088000
[    1.976029] pci 0000:7e:00.3: [8086:0998] type 00 class 0x060000
[    1.976085] pci 0000:7e:00.5: [8086:3455] type 00 class 0x088000
[    1.976146] pci 0000:7e:02.0: [8086:3440] type 00 class 0x088000
[    1.976275] pci 0000:7e:02.1: [8086:3441] type 00 class 0x088000
[    1.976382] pci 0000:7e:02.2: [8086:3442] type 00 class 0x088000
[    1.976489] pci 0000:7e:03.0: [8086:3440] type 00 class 0x088000
[    1.976581] pci 0000:7e:03.1: [8086:3441] type 00 class 0x088000
[    1.976662] pci 0000:7e:03.2: [8086:3442] type 00 class 0x088000
[    1.976743] pci 0000:7e:04.0: [8086:3440] type 00 class 0x088000
[    1.976862] pci 0000:7e:04.1: [8086:3441] type 00 class 0x088000
[    1.976977] pci 0000:7e:04.2: [8086:3442] type 00 class 0x088000
[    1.977092] pci 0000:7e:04.3: [8086:3443] type 00 class 0x088000
[    1.977210] pci 0000:7e:05.0: [8086:3445] type 00 class 0x088000
[    1.977336] pci 0000:7e:05.1: [8086:3446] type 00 class 0x088000
[    1.977447] pci 0000:7e:05.2: [8086:3447] type 00 class 0x088000
[    1.977560] pci 0000:7e:06.0: [8086:3445] type 00 class 0x088000
[    1.977655] pci 0000:7e:06.1: [8086:3446] type 00 class 0x088000
[    1.977732] pci 0000:7e:06.2: [8086:3447] type 00 class 0x088000
[    1.977820] pci 0000:7e:07.0: [8086:3445] type 00 class 0x088000
[    1.977954] pci 0000:7e:07.1: [8086:3446] type 00 class 0x088000
[    1.978072] pci 0000:7e:07.2: [8086:3447] type 00 class 0x088000
[    1.978188] pci 0000:7e:0b.0: [8086:3448] type 00 class 0x088000
[    1.978265] pci 0000:7e:0b.1: [8086:3448] type 00 class 0x088000
[    1.978334] pci 0000:7e:0b.2: [8086:344b] type 00 class 0x088000
[    1.978402] pci 0000:7e:0c.0: [8086:344a] type 00 class 0x110100
[    1.978505] pci 0000:7e:0d.0: [8086:344a] type 00 class 0x110100
[    1.978604] pci 0000:7e:0e.0: [8086:344a] type 00 class 0x110100
[    1.978748] pci 0000:7e:0f.0: [8086:344a] type 00 class 0x110100
[    1.978902] pci 0000:7e:1a.0: [8086:2880] type 00 class 0x110100
[    1.979002] pci 0000:7e:1b.0: [8086:2880] type 00 class 0x110100
[    1.979099] pci 0000:7e:1c.0: [8086:2880] type 00 class 0x110100
[    1.979255] pci 0000:7e:1d.0: [8086:2880] type 00 class 0x110100
[    1.979400] pci_bus 0000:7e: on NUMA node 0
[    1.979483] ACPI: PCI Root Bridge [UC07] (domain 0000 [bus 7f])
[    1.979486] acpi PNP0A03:01: _OSC: OS supports [ExtendedConfig ASPM ClockPM Segments MSI HPX-Type3]
[    1.979585] acpi PNP0A03:01: _OSC: platform does not support [SHPCHotplug AER LTR]
[    1.979765] acpi PNP0A03:01: _OSC: OS now controls [PCIeHotplug PME PCIeCapability]
[    1.979766] acpi PNP0A03:01: FADT indicates ASPM is unsupported, using BIOS configuration
[    1.979911] PCI host bridge to bus 0000:7f
[    1.979913] pci_bus 0000:7f: root bus resource [bus 7f]
[    1.979926] pci 0000:7f:00.0: [8086:344c] type 00 class 0x088000
[    1.980040] pci 0000:7f:00.1: [8086:344c] type 00 class 0x088000
[    1.980150] pci 0000:7f:00.2: [8086:344c] type 00 class 0x088000
[    1.980261] pci 0000:7f:00.3: [8086:344c] type 00 class 0x088000
[    1.980350] pci 0000:7f:00.4: [8086:344c] type 00 class 0x088000
[    1.980469] pci 0000:7f:00.5: [8086:344c] type 00 class 0x088000
[    1.980585] pci 0000:7f:00.6: [8086:344c] type 00 class 0x088000
[    1.980668] pci 0000:7f:00.7: [8086:344c] type 00 class 0x088000
[    1.980750] pci 0000:7f:01.0: [8086:344c] type 00 class 0x088000
[    1.980891] pci 0000:7f:01.1: [8086:344c] type 00 class 0x088000
[    1.981009] pci 0000:7f:01.2: [8086:344c] type 00 class 0x088000
[    1.981088] pci 0000:7f:01.3: [8086:344c] type 00 class 0x088000
[    1.981219] pci 0000:7f:01.4: [8086:344c] type 00 class 0x088000
[    1.981350] pci 0000:7f:01.5: [8086:344c] type 00 class 0x088000
[    1.981486] pci 0000:7f:01.6: [8086:344c] type 00 class 0x088000
[    1.981611] pci 0000:7f:01.7: [8086:344c] type 00 class 0x088000
[    1.981739] pci 0000:7f:02.0: [8086:344c] type 00 class 0x088000
[    1.981884] pci 0000:7f:02.1: [8086:344c] type 00 class 0x088000
[    1.982015] pci 0000:7f:02.2: [8086:344c] type 00 class 0x088000
[    1.982146] pci 0000:7f:02.3: [8086:344c] type 00 class 0x088000
[    1.982284] pci 0000:7f:02.4: [8086:344c] type 00 class 0x088000
[    1.982421] pci 0000:7f:02.5: [8086:344c] type 00 class 0x088000
[    1.982558] pci 0000:7f:02.6: [8086:344c] type 00 class 0x088000
[    1.982708] pci 0000:7f:02.7: [8086:344c] type 00 class 0x088000
[    1.982854] pci 0000:7f:03.0: [8086:344c] type 00 class 0x088000
[    1.983012] pci 0000:7f:03.1: [8086:344c] type 00 class 0x088000
[    1.983163] pci 0000:7f:03.2: [8086:344c] type 00 class 0x088000
[    1.983311] pci 0000:7f:03.3: [8086:344c] type 00 class 0x088000
[    1.983470] pci 0000:7f:0a.0: [8086:344d] type 00 class 0x088000
[    1.983585] pci 0000:7f:0a.1: [8086:344d] type 00 class 0x088000
[    1.983694] pci 0000:7f:0a.2: [8086:344d] type 00 class 0x088000
[    1.983809] pci 0000:7f:0a.3: [8086:344d] type 00 class 0x088000
[    1.983898] pci 0000:7f:0a.4: [8086:344d] type 00 class 0x088000
[    1.984024] pci 0000:7f:0a.5: [8086:344d] type 00 class 0x088000
[    1.984139] pci 0000:7f:0a.6: [8086:344d] type 00 class 0x088000
[    1.984216] pci 0000:7f:0a.7: [8086:344d] type 00 class 0x088000
[    1.984298] pci 0000:7f:0b.0: [8086:344d] type 00 class 0x088000
[    1.984440] pci 0000:7f:0b.1: [8086:344d] type 00 class 0x088000
[    1.984558] pci 0000:7f:0b.2: [8086:344d] type 00 class 0x088000
[    1.984644] pci 0000:7f:0b.3: [8086:344d] type 00 class 0x088000
[    1.984774] pci 0000:7f:0b.4: [8086:344d] type 00 class 0x088000
[    1.984906] pci 0000:7f:0b.5: [8086:344d] type 00 class 0x088000
[    1.985041] pci 0000:7f:0b.6: [8086:344d] type 00 class 0x088000
[    1.985162] pci 0000:7f:0b.7: [8086:344d] type 00 class 0x088000
[    1.985289] pci 0000:7f:0c.0: [8086:344d] type 00 class 0x088000
[    1.985434] pci 0000:7f:0c.1: [8086:344d] type 00 class 0x088000
[    1.985564] pci 0000:7f:0c.2: [8086:344d] type 00 class 0x088000
[    1.985700] pci 0000:7f:0c.3: [8086:344d] type 00 class 0x088000
[    1.985840] pci 0000:7f:0c.4: [8086:344d] type 00 class 0x088000
[    1.985976] pci 0000:7f:0c.5: [8086:344d] type 00 class 0x088000
[    1.986114] pci 0000:7f:0c.6: [8086:344d] type 00 class 0x088000
[    1.986259] pci 0000:7f:0c.7: [8086:344d] type 00 class 0x088000
[    1.986405] pci 0000:7f:0d.0: [8086:344d] type 00 class 0x088000
[    1.986568] pci 0000:7f:0d.1: [8086:344d] type 00 class 0x088000
[    1.986719] pci 0000:7f:0d.2: [8086:344d] type 00 class 0x088000
[    1.986874] pci 0000:7f:0d.3: [8086:344d] type 00 class 0x088000
[    1.987042] pci 0000:7f:1d.0: [8086:344f] type 00 class 0x088000
[    1.987164] pci 0000:7f:1d.1: [8086:3457] type 00 class 0x088000
[    1.987270] pci 0000:7f:1e.0: [8086:3458] type 00 class 0x088000
[    1.987349] pci 0000:7f:1e.1: [8086:3459] type 00 class 0x088000
[    1.987411] pci 0000:7f:1e.2: [8086:345a] type 00 class 0x088000
[    1.987474] pci 0000:7f:1e.3: [8086:345b] type 00 class 0x088000
[    1.987535] pci 0000:7f:1e.4: [8086:345c] type 00 class 0x088000
[    1.987603] pci 0000:7f:1e.5: [8086:345d] type 00 class 0x088000
[    1.987664] pci 0000:7f:1e.6: [8086:345e] type 00 class 0x088000
[    1.987725] pci 0000:7f:1e.7: [8086:345f] type 00 class 0x088000
[    1.987784] pci_bus 0000:7f: on NUMA node 0
[    1.987889] ACPI: PCI Root Bridge [PC06] (domain 0000 [bus 80])
[    1.987892] acpi PNP0A08:06: _OSC: OS supports [ExtendedConfig ASPM ClockPM Segments MSI HPX-Type3]
[    2.002327] acpi PNP0A08:06: _OSC: platform does not support [SHPCHotplug AER]
[    2.002538] acpi PNP0A08:06: _OSC: OS now controls [PCIeHotplug PME PCIeCapability LTR]
[    2.002539] acpi PNP0A08:06: FADT indicates ASPM is unsupported, using BIOS configuration
[    2.002685] PCI host bridge to bus 0000:80
[    2.002686] pci_bus 0000:80: root bus resource [io  0xb000-0xbfff window]
[    2.002688] pci_bus 0000:80: root bus resource [mem 0xc6800000-0xd0ffffff window]
[    2.002689] pci_bus 0000:80: root bus resource [mem 0x250000000000-0x25ffffffffff window]
[    2.002690] pci_bus 0000:80: root bus resource [bus 80]
[    2.002700] pci 0000:80:00.0: [8086:09a2] type 00 class 0x088000
[    2.002786] pci 0000:80:00.1: [8086:09a4] type 00 class 0x088000
[    2.002855] pci 0000:80:00.2: [8086:09a3] type 00 class 0x088000
[    2.002924] pci 0000:80:00.4: [8086:0998] type 00 class 0x060000
[    2.002994] pci 0000:80:02.0: [8086:09a6] type 00 class 0x088000
[    2.003003] pci 0000:80:02.0: reg 0x10: [mem 0xc6aa4000-0xc6aa5fff]
[    2.003067] pci 0000:80:02.1: [8086:09a7] type 00 class 0x088000
[    2.003076] pci 0000:80:02.1: reg 0x10: [mem 0xc6a00000-0xc6a7ffff]
[    2.003081] pci 0000:80:02.1: reg 0x14: [mem 0xc6980000-0xc69fffff]
[    2.003137] pci 0000:80:02.4: [8086:3456] type 00 class 0x130000
[    2.003148] pci 0000:80:02.4: reg 0x10: [mem 0xc6800000-0xc68fffff 64bit]
[    2.003155] pci 0000:80:02.4: reg 0x18: [mem 0xc6aa0000-0xc6aa3fff 64bit]
[    2.003163] pci 0000:80:02.4: reg 0x20: [mem 0xc6a80000-0xc6a9ffff 64bit]
[    2.003229] pci_bus 0000:80: on NUMA node 1
[    2.003309] ACPI: PCI Root Bridge [PC07] (domain 0000 [bus 81])
[    2.003311] acpi PNP0A08:07: _OSC: OS supports [ExtendedConfig ASPM ClockPM Segments MSI HPX-Type3]
[    2.017743] acpi PNP0A08:07: _OSC: platform does not support [SHPCHotplug AER]
[    2.017957] acpi PNP0A08:07: _OSC: OS now controls [PCIeHotplug PME PCIeCapability LTR]
[    2.017958] acpi PNP0A08:07: FADT indicates ASPM is unsupported, using BIOS configuration
[    2.018076] PCI host bridge to bus 0000:81
[    2.018077] pci_bus 0000:81: root bus resource [io  0xc000-0xcfff window]
[    2.018079] pci_bus 0000:81: root bus resource [mem 0xd1000000-0xdbbfffff window]
[    2.018080] pci_bus 0000:81: root bus resource [mem 0x260000000000-0x26ffffffffff window]
[    2.018081] pci_bus 0000:81: root bus resource [bus 81]
[    2.018091] pci 0000:81:00.0: [8086:09a2] type 00 class 0x088000
[    2.018159] pci 0000:81:00.1: [8086:09a4] type 00 class 0x088000
[    2.018226] pci 0000:81:00.2: [8086:09a3] type 00 class 0x088000
[    2.018296] pci 0000:81:00.4: [8086:0998] type 00 class 0x060000
[    2.018373] pci_bus 0000:81: on NUMA node 1
[    2.018445] ACPI: PCI Root Bridge [PC08] (domain 0000 [bus 82])
[    2.018448] acpi PNP0A08:08: _OSC: OS supports [ExtendedConfig ASPM ClockPM Segments MSI HPX-Type3]
[    2.032882] acpi PNP0A08:08: _OSC: platform does not support [SHPCHotplug AER]
[    2.033093] acpi PNP0A08:08: _OSC: OS now controls [PCIeHotplug PME PCIeCapability LTR]
[    2.033094] acpi PNP0A08:08: FADT indicates ASPM is unsupported, using BIOS configuration
[    2.033210] PCI host bridge to bus 0000:82
[    2.033211] pci_bus 0000:82: root bus resource [io  0xd000-0xdfff window]
[    2.033212] pci_bus 0000:82: root bus resource [mem 0xdbc00000-0xe67fffff window]
[    2.033213] pci_bus 0000:82: root bus resource [mem 0x270000000000-0x27ffffffffff window]
[    2.033215] pci_bus 0000:82: root bus resource [bus 82]
[    2.033225] pci 0000:82:00.0: [8086:09a2] type 00 class 0x088000
[    2.033294] pci 0000:82:00.1: [8086:09a4] type 00 class 0x088000
[    2.033367] pci 0000:82:00.2: [8086:09a3] type 00 class 0x088000
[    2.033435] pci 0000:82:00.4: [8086:0998] type 00 class 0x060000
[    2.033513] pci_bus 0000:82: on NUMA node 1
[    2.033617] ACPI: PCI Root Bridge [PC10] (domain 0000 [bus 83-f9])
[    2.033620] acpi PNP0A08:0a: _OSC: OS supports [ExtendedConfig ASPM ClockPM Segments MSI HPX-Type3]
[    2.048031] acpi PNP0A08:0a: _OSC: platform does not support [SHPCHotplug AER]
[    2.048242] acpi PNP0A08:0a: _OSC: OS now controls [PCIeHotplug PME PCIeCapability LTR]
[    2.048243] acpi PNP0A08:0a: FADT indicates ASPM is unsupported, using BIOS configuration
[    2.048369] PCI host bridge to bus 0000:83
[    2.048370] pci_bus 0000:83: root bus resource [io  0xe000-0xefff window]
[    2.048371] pci_bus 0000:83: root bus resource [mem 0xe6800000-0xf13fffff window]
[    2.048372] pci_bus 0000:83: root bus resource [mem 0x280000000000-0x28ffffffffff window]
[    2.048374] pci_bus 0000:83: root bus resource [bus 83-f9]
[    2.048384] pci 0000:83:00.0: [8086:09a2] type 00 class 0x088000
[    2.048454] pci 0000:83:00.1: [8086:09a4] type 00 class 0x088000
[    2.048524] pci 0000:83:00.2: [8086:09a3] type 00 class 0x088000
[    2.048594] pci 0000:83:00.4: [8086:0998] type 00 class 0x060000
[    2.048673] pci_bus 0000:83: on NUMA node 1
[    2.048746] ACPI: PCI Root Bridge [PC11] (domain 0000 [bus fa])
[    2.048749] acpi PNP0A08:0b: _OSC: OS supports [ExtendedConfig ASPM ClockPM Segments MSI HPX-Type3]
[    2.063142] acpi PNP0A08:0b: _OSC: platform does not support [SHPCHotplug AER]
[    2.063352] acpi PNP0A08:0b: _OSC: OS now controls [PCIeHotplug PME PCIeCapability LTR]
[    2.063353] acpi PNP0A08:0b: FADT indicates ASPM is unsupported, using BIOS configuration
[    2.063470] PCI host bridge to bus 0000:fa
[    2.063471] pci_bus 0000:fa: root bus resource [io  0xf000-0xffff window]
[    2.063472] pci_bus 0000:fa: root bus resource [mem 0xf1400000-0xfb7fffff window]
[    2.063474] pci_bus 0000:fa: root bus resource [mem 0x290000000000-0x29ffffffffff window]
[    2.063476] pci_bus 0000:fa: root bus resource [bus fa]
[    2.063486] pci 0000:fa:00.0: [8086:09a2] type 00 class 0x088000
[    2.063555] pci 0000:fa:00.1: [8086:09a4] type 00 class 0x088000
[    2.063628] pci 0000:fa:00.2: [8086:09a3] type 00 class 0x088000
[    2.063699] pci 0000:fa:00.4: [8086:0998] type 00 class 0x060000
[    2.063779] pci_bus 0000:fa: on NUMA node 1
[    2.063847] ACPI: PCI Root Bridge [UC16] (domain 0000 [bus fe])
[    2.063850] acpi PNP0A03:02: _OSC: OS supports [ExtendedConfig ASPM ClockPM Segments MSI HPX-Type3]
[    2.063946] acpi PNP0A03:02: _OSC: platform does not support [SHPCHotplug AER LTR]
[    2.064124] acpi PNP0A03:02: _OSC: OS now controls [PCIeHotplug PME PCIeCapability]
[    2.064125] acpi PNP0A03:02: FADT indicates ASPM is unsupported, using BIOS configuration
[    2.064257] PCI host bridge to bus 0000:fe
[    2.064258] pci_bus 0000:fe: root bus resource [bus fe]
[    2.064267] pci 0000:fe:00.0: [8086:3450] type 00 class 0x088000
[    2.064341] pci 0000:fe:00.1: [8086:3451] type 00 class 0x088000
[    2.064400] pci 0000:fe:00.2: [8086:3452] type 00 class 0x088000
[    2.064459] pci 0000:fe:00.3: [8086:0998] type 00 class 0x060000
[    2.064519] pci 0000:fe:00.5: [8086:3455] type 00 class 0x088000
[    2.064585] pci 0000:fe:02.0: [8086:3440] type 00 class 0x088000
[    2.064724] pci 0000:fe:02.1: [8086:3441] type 00 class 0x088000
[    2.064837] pci 0000:fe:02.2: [8086:3442] type 00 class 0x088000
[    2.064948] pci 0000:fe:03.0: [8086:3440] type 00 class 0x088000
[    2.065046] pci 0000:fe:03.1: [8086:3441] type 00 class 0x088000
[    2.065125] pci 0000:fe:03.2: [8086:3442] type 00 class 0x088000
[    2.065213] pci 0000:fe:04.0: [8086:3440] type 00 class 0x088000
[    2.065337] pci 0000:fe:04.1: [8086:3441] type 00 class 0x088000
[    2.065459] pci 0000:fe:04.2: [8086:3442] type 00 class 0x088000
[    2.065584] pci 0000:fe:04.3: [8086:3443] type 00 class 0x088000
[    2.065713] pci 0000:fe:05.0: [8086:3445] type 00 class 0x088000
[    2.065848] pci 0000:fe:05.1: [8086:3446] type 00 class 0x088000
[    2.065964] pci 0000:fe:05.2: [8086:3447] type 00 class 0x088000
[    2.066079] pci 0000:fe:06.0: [8086:3445] type 00 class 0x088000
[    2.066176] pci 0000:fe:06.1: [8086:3446] type 00 class 0x088000
[    2.066257] pci 0000:fe:06.2: [8086:3447] type 00 class 0x088000
[    2.066348] pci 0000:fe:07.0: [8086:3445] type 00 class 0x088000
[    2.066493] pci 0000:fe:07.1: [8086:3446] type 00 class 0x088000
[    2.066616] pci 0000:fe:07.2: [8086:3447] type 00 class 0x088000
[    2.066736] pci 0000:fe:0b.0: [8086:3448] type 00 class 0x088000
[    2.066818] pci 0000:fe:0b.1: [8086:3448] type 00 class 0x088000
[    2.066883] pci 0000:fe:0b.2: [8086:344b] type 00 class 0x088000
[    2.066955] pci 0000:fe:0c.0: [8086:344a] type 00 class 0x110100
[    2.067063] pci 0000:fe:0d.0: [8086:344a] type 00 class 0x110100
[    2.067168] pci 0000:fe:0e.0: [8086:344a] type 00 class 0x110100
[    2.067325] pci 0000:fe:0f.0: [8086:344a] type 00 class 0x110100
[    2.067485] pci 0000:fe:1a.0: [8086:2880] type 00 class 0x110100
[    2.067591] pci 0000:fe:1b.0: [8086:2880] type 00 class 0x110100
[    2.067694] pci 0000:fe:1c.0: [8086:2880] type 00 class 0x110100
[    2.067850] pci 0000:fe:1d.0: [8086:2880] type 00 class 0x110100
[    2.068003] pci_bus 0000:fe: on NUMA node 1
[    2.068084] ACPI: PCI Root Bridge [UC17] (domain 0000 [bus ff])
[    2.068086] acpi PNP0A03:03: _OSC: OS supports [ExtendedConfig ASPM ClockPM Segments MSI HPX-Type3]
[    2.068185] acpi PNP0A03:03: _OSC: platform does not support [SHPCHotplug AER LTR]
[    2.068363] acpi PNP0A03:03: _OSC: OS now controls [PCIeHotplug PME PCIeCapability]
[    2.068364] acpi PNP0A03:03: FADT indicates ASPM is unsupported, using BIOS configuration
[    2.068512] PCI host bridge to bus 0000:ff
[    2.068513] pci_bus 0000:ff: root bus resource [bus ff]
[    2.068527] pci 0000:ff:00.0: [8086:344c] type 00 class 0x088000
[    2.068647] pci 0000:ff:00.1: [8086:344c] type 00 class 0x088000
[    2.068760] pci 0000:ff:00.2: [8086:344c] type 00 class 0x088000
[    2.068862] pci 0000:ff:00.3: [8086:344c] type 00 class 0x088000
[    2.068981] pci 0000:ff:00.4: [8086:344c] type 00 class 0x088000
[    2.069098] pci 0000:ff:00.5: [8086:344c] type 00 class 0x088000
[    2.069192] pci 0000:ff:00.6: [8086:344c] type 00 class 0x088000
[    2.069317] pci 0000:ff:00.7: [8086:344c] type 00 class 0x088000
[    2.069444] pci 0000:ff:01.0: [8086:344c] type 00 class 0x088000
[    2.069590] pci 0000:ff:01.1: [8086:344c] type 00 class 0x088000
[    2.069714] pci 0000:ff:01.2: [8086:344c] type 00 class 0x088000
[    2.069804] pci 0000:ff:01.3: [8086:344c] type 00 class 0x088000
[    2.069941] pci 0000:ff:01.4: [8086:344c] type 00 class 0x088000
[    2.070079] pci 0000:ff:01.5: [8086:344c] type 00 class 0x088000
[    2.070219] pci 0000:ff:01.6: [8086:344c] type 00 class 0x088000
[    2.070345] pci 0000:ff:01.7: [8086:344c] type 00 class 0x088000
[    2.070478] pci 0000:ff:02.0: [8086:344c] type 00 class 0x088000
[    2.070633] pci 0000:ff:02.1: [8086:344c] type 00 class 0x088000
[    2.070766] pci 0000:ff:02.2: [8086:344c] type 00 class 0x088000
[    2.070910] pci 0000:ff:02.3: [8086:344c] type 00 class 0x088000
[    2.071046] pci 0000:ff:02.4: [8086:344c] type 00 class 0x088000
[    2.071183] pci 0000:ff:02.5: [8086:344c] type 00 class 0x088000
[    2.071328] pci 0000:ff:02.6: [8086:344c] type 00 class 0x088000
[    2.071471] pci 0000:ff:02.7: [8086:344c] type 00 class 0x088000
[    2.071624] pci 0000:ff:03.0: [8086:344c] type 00 class 0x088000
[    2.071791] pci 0000:ff:03.1: [8086:344c] type 00 class 0x088000
[    2.071939] pci 0000:ff:03.2: [8086:344c] type 00 class 0x088000
[    2.072103] pci 0000:ff:03.3: [8086:344c] type 00 class 0x088000
[    2.072267] pci 0000:ff:0a.0: [8086:344d] type 00 class 0x088000
[    2.072384] pci 0000:ff:0a.1: [8086:344d] type 00 class 0x088000
[    2.072497] pci 0000:ff:0a.2: [8086:344d] type 00 class 0x088000
[    2.072595] pci 0000:ff:0a.3: [8086:344d] type 00 class 0x088000
[    2.072714] pci 0000:ff:0a.4: [8086:344d] type 00 class 0x088000
[    2.072830] pci 0000:ff:0a.5: [8086:344d] type 00 class 0x088000
[    2.072924] pci 0000:ff:0a.6: [8086:344d] type 00 class 0x088000
[    2.073054] pci 0000:ff:0a.7: [8086:344d] type 00 class 0x088000
[    2.073181] pci 0000:ff:0b.0: [8086:344d] type 00 class 0x088000
[    2.073327] pci 0000:ff:0b.1: [8086:344d] type 00 class 0x088000
[    2.073451] pci 0000:ff:0b.2: [8086:344d] type 00 class 0x088000
[    2.073534] pci 0000:ff:0b.3: [8086:344d] type 00 class 0x088000
[    2.073671] pci 0000:ff:0b.4: [8086:344d] type 00 class 0x088000
[    2.073807] pci 0000:ff:0b.5: [8086:344d] type 00 class 0x088000
[    2.073949] pci 0000:ff:0b.6: [8086:344d] type 00 class 0x088000
[    2.074081] pci 0000:ff:0b.7: [8086:344d] type 00 class 0x088000
[    2.074214] pci 0000:ff:0c.0: [8086:344d] type 00 class 0x088000
[    2.074363] pci 0000:ff:0c.1: [8086:344d] type 00 class 0x088000
[    2.074495] pci 0000:ff:0c.2: [8086:344d] type 00 class 0x088000
[    2.074633] pci 0000:ff:0c.3: [8086:344d] type 00 class 0x088000
[    2.074769] pci 0000:ff:0c.4: [8086:344d] type 00 class 0x088000
[    2.074906] pci 0000:ff:0c.5: [8086:344d] type 00 class 0x088000
[    2.075050] pci 0000:ff:0c.6: [8086:344d] type 00 class 0x088000
[    2.075198] pci 0000:ff:0c.7: [8086:344d] type 00 class 0x088000
[    2.075350] pci 0000:ff:0d.0: [8086:344d] type 00 class 0x088000
[    2.075516] pci 0000:ff:0d.1: [8086:344d] type 00 class 0x088000
[    2.075673] pci 0000:ff:0d.2: [8086:344d] type 00 class 0x088000
[    2.075833] pci 0000:ff:0d.3: [8086:344d] type 00 class 0x088000
[    2.076007] pci 0000:ff:1d.0: [8086:344f] type 00 class 0x088000
[    2.076134] pci 0000:ff:1d.1: [8086:3457] type 00 class 0x088000
[    2.076245] pci 0000:ff:1e.0: [8086:3458] type 00 class 0x088000
[    2.076333] pci 0000:ff:1e.1: [8086:3459] type 00 class 0x088000
[    2.076398] pci 0000:ff:1e.2: [8086:345a] type 00 class 0x088000
[    2.076463] pci 0000:ff:1e.3: [8086:345b] type 00 class 0x088000
[    2.076527] pci 0000:ff:1e.4: [8086:345c] type 00 class 0x088000
[    2.076591] pci 0000:ff:1e.5: [8086:345d] type 00 class 0x088000
[    2.076656] pci 0000:ff:1e.6: [8086:345e] type 00 class 0x088000
[    2.076720] pci 0000:ff:1e.7: [8086:345f] type 00 class 0x088000
[    2.076783] pci_bus 0000:ff: on NUMA node 1
[    2.081579] iommu: Default domain type: Translated 
[    2.081581] iommu: DMA domain TLB invalidation policy: lazy mode 
[    2.081782] SCSI subsystem initialized
[    2.081820] libata version 3.00 loaded.
[    2.081820] ACPI: bus type USB registered
[    2.081820] usbcore: registered new interface driver usbfs
[    2.081820] usbcore: registered new interface driver hub
[    2.081820] usbcore: registered new device driver usb
[    2.081820] pps_core: LinuxPPS API ver. 1 registered
[    2.081820] pps_core: Software ver. 5.3.6 - Copyright 2005-2007 Rodolfo Giometti <giometti@linux.it>
[    2.081820] PTP clock support registered
[    2.081820] EDAC MC: Ver: 3.0.0
[    2.082257] Registered efivars operations
[    2.082257] NetLabel: Initializing
[    2.082257] NetLabel:  domain hash size = 128
[    2.082257] NetLabel:  protocols = UNLABELED CIPSOv4 CALIPSO
[    2.082257] NetLabel:  unlabeled traffic allowed by default
[    2.082257] PCI: Using ACPI for IRQ routing
[    2.082804] PCI: pci_cache_line_size set to 64 bytes
[    2.083368] e820: reserve RAM buffer [mem 0x0008f000-0x0008ffff]
[    2.083370] e820: reserve RAM buffer [mem 0x46cc4020-0x47ffffff]
[    2.083371] e820: reserve RAM buffer [mem 0x46cf6020-0x47ffffff]
[    2.083372] e820: reserve RAM buffer [mem 0x46d29020-0x47ffffff]
[    2.083373] e820: reserve RAM buffer [mem 0x46d5c020-0x47ffffff]
[    2.083374] e820: reserve RAM buffer [mem 0x49e77000-0x4bffffff]
[    2.083375] e820: reserve RAM buffer [mem 0x4b2cf000-0x4bffffff]
[    2.083376] e820: reserve RAM buffer [mem 0x4bd94000-0x4bffffff]
[    2.083377] e820: reserve RAM buffer [mem 0x4ce00000-0x4fffffff]
[    2.083378] e820: reserve RAM buffer [mem 0x5eefe000-0x5fffffff]
[    2.083379] e820: reserve RAM buffer [mem 0x6f800000-0x6fffffff]
[    2.085578] pci 0000:03:00.0: vgaarb: setting as boot VGA device
[    2.085578] pci 0000:03:00.0: vgaarb: bridge control possible
[    2.085578] pci 0000:03:00.0: vgaarb: VGA device added: decodes=io+mem,owns=io+mem,locks=none
[    2.085578] vgaarb: loaded
[    2.086882] hpet0: at MMIO 0xfed00000, IRQs 2, 8, 0, 0, 0, 0, 0, 0
[    2.086889] hpet0: 8 comparators, 64-bit 24.000000 MHz counter
[    2.090827] clocksource: Switched to clocksource tsc-early
[    2.099052] VFS: Disk quotas dquot_6.6.0
[    2.099086] VFS: Dquot-cache hash table entries: 512 (order 0, 4096 bytes)
[    2.099266] AppArmor: AppArmor Filesystem Enabled
[    2.099278] pnp: PnP ACPI init
[    2.115327] system 00:01: [io  0x0500-0x05fe] has been reserved
[    2.115331] system 00:01: [io  0x0400-0x041f] has been reserved
[    2.115333] system 00:01: [io  0x0600-0x061f] has been reserved
[    2.115334] system 00:01: [io  0x0ca0-0x0ca1] has been reserved
[    2.115336] system 00:01: [io  0x0ca4-0x0ca6] has been reserved
[    2.115338] system 00:01: [mem 0xff000000-0xffffffff] has been reserved
[    2.115946] system 00:04: [mem 0xfd000000-0xfdabffff] has been reserved
[    2.115949] system 00:04: [mem 0xfdad0000-0xfdadffff] has been reserved
[    2.115950] system 00:04: [mem 0xfdb00000-0xfdffffff] has been reserved
[    2.115952] system 00:04: [mem 0xfe000000-0xfe00ffff] has been reserved
[    2.115954] system 00:04: [mem 0xfe011000-0xfe01ffff] has been reserved
[    2.115955] system 00:04: [mem 0xfe036000-0xfe03bfff] has been reserved
[    2.115957] system 00:04: [mem 0xfe03d000-0xfe3fffff] has been reserved
[    2.115958] system 00:04: [mem 0xfe410000-0xfe7fffff] has been reserved
[    2.116279] system 00:05: [io  0x1000-0x10fe] has been reserved
[    2.117287] pnp: PnP ACPI: found 6 devices
[    2.123039] clocksource: acpi_pm: mask: 0xffffff max_cycles: 0xffffff, max_idle_ns: 2085701024 ns
[    2.123128] NET: Registered PF_INET protocol family
[    2.123452] IP idents hash table entries: 262144 (order: 9, 2097152 bytes, vmalloc)
[    2.125667] tcp_listen_portaddr_hash hash table entries: 32768 (order: 7, 524288 bytes, vmalloc)
[    2.126369] TCP established hash table entries: 524288 (order: 10, 4194304 bytes, vmalloc hugepage)
[    2.126980] TCP bind hash table entries: 65536 (order: 8, 1048576 bytes, vmalloc)
[    2.127039] TCP: Hash tables configured (established 524288 bind 65536)
[    2.127331] UDP hash table entries: 32768 (order: 8, 1048576 bytes, vmalloc)
[    2.127547] UDP-Lite hash table entries: 32768 (order: 8, 1048576 bytes, vmalloc)
[    2.127749] NET: Registered PF_UNIX/PF_LOCAL protocol family
[    2.127756] NET: Registered PF_XDP protocol family
[    2.127762] pci 0000:04:00.0: can't claim BAR 6 [mem 0xfffc0000-0xffffffff pref]: no compatible bridge window
[    2.127765] pci 0000:04:00.1: can't claim BAR 6 [mem 0xfffc0000-0xffffffff pref]: no compatible bridge window
[    2.127767] pci 0000:17:00.0: can't claim BAR 6 [mem 0xfff00000-0xffffffff pref]: no compatible bridge window
[    2.127783] pci 0000:00:1c.5: BAR 14: assigned [mem 0x90000000-0x900fffff]
[    2.127785] pci 0000:00:1c.0: PCI bridge to [bus 01]
[    2.127795] pci 0000:02:00.0: PCI bridge to [bus 03]
[    2.127800] pci 0000:02:00.0:   bridge window [mem 0x92000000-0x928fffff]
[    2.127804] pci 0000:02:00.0:   bridge window [mem 0x91000000-0x91ffffff 64bit pref]
[    2.127810] pci 0000:00:1c.4: PCI bridge to [bus 02-03]
[    2.127814] pci 0000:00:1c.4:   bridge window [mem 0x92000000-0x928fffff]
[    2.127817] pci 0000:00:1c.4:   bridge window [mem 0x91000000-0x91ffffff 64bit pref]
[    2.127822] pci 0000:04:00.0: BAR 6: assigned [mem 0x90000000-0x9003ffff pref]
[    2.127824] pci 0000:04:00.1: BAR 6: assigned [mem 0x90040000-0x9007ffff pref]
[    2.127825] pci 0000:00:1c.5: PCI bridge to [bus 04]
[    2.127829] pci 0000:00:1c.5:   bridge window [mem 0x90000000-0x900fffff]
[    2.127831] pci 0000:00:1c.5:   bridge window [mem 0x92900000-0x929fffff 64bit pref]
[    2.127836] pci_bus 0000:00: resource 4 [io  0x0000-0x0cf7 window]
[    2.127837] pci_bus 0000:00: resource 5 [io  0x1000-0x4fff window]
[    2.127839] pci_bus 0000:00: resource 6 [mem 0x000a0000-0x000bffff window]
[    2.127840] pci_bus 0000:00: resource 7 [mem 0x000c8000-0x000cffff window]
[    2.127842] pci_bus 0000:00: resource 8 [mem 0xfe010000-0xfe010fff window]
[    2.127843] pci_bus 0000:00: resource 9 [mem 0x90000000-0x9b7fffff window]
[    2.127845] pci_bus 0000:00: resource 10 [mem 0x200000000000-0x20ffffffffff window]
[    2.127846] pci_bus 0000:02: resource 1 [mem 0x92000000-0x928fffff]
[    2.127848] pci_bus 0000:02: resource 2 [mem 0x91000000-0x91ffffff 64bit pref]
[    2.127849] pci_bus 0000:03: resource 1 [mem 0x92000000-0x928fffff]
[    2.127850] pci_bus 0000:03: resource 2 [mem 0x91000000-0x91ffffff 64bit pref]
[    2.127851] pci_bus 0000:04: resource 1 [mem 0x90000000-0x900fffff]
[    2.127852] pci_bus 0000:04: resource 2 [mem 0x92900000-0x929fffff 64bit pref]
[    2.127928] pci 0000:17:00.0: BAR 6: no space for [mem size 0x00100000 pref]
[    2.127930] pci 0000:17:00.0: BAR 6: failed to assign [mem size 0x00100000 pref]
[    2.127931] pci 0000:16:02.0: PCI bridge to [bus 17]
[    2.127933] pci 0000:16:02.0:   bridge window [io  0x5000-0x5fff]
[    2.127935] pci 0000:16:02.0:   bridge window [mem 0x9ba00000-0x9bafffff]
[    2.127938] pci 0000:16:02.0:   bridge window [mem 0x9b800000-0x9b9fffff 64bit pref]
[    2.127941] pci_bus 0000:16: resource 4 [io  0x5000-0x6fff window]
[    2.127942] pci_bus 0000:16: resource 5 [mem 0x9b800000-0xa63fffff window]
[    2.127944] pci_bus 0000:16: resource 6 [mem 0x210000000000-0x21ffffffffff window]
[    2.127945] pci_bus 0000:17: resource 0 [io  0x5000-0x5fff]
[    2.127946] pci_bus 0000:17: resource 1 [mem 0x9ba00000-0x9bafffff]
[    2.127948] pci_bus 0000:17: resource 2 [mem 0x9b800000-0x9b9fffff 64bit pref]
[    2.127955] pci_bus 0000:30: resource 4 [io  0x7000-0x8fff window]
[    2.127956] pci_bus 0000:30: resource 5 [mem 0xa6400000-0xb0ffffff window]
[    2.127958] pci_bus 0000:30: resource 6 [mem 0x220000000000-0x22ffffffffff window]
[    2.127963] pci_bus 0000:4a: resource 4 [io  0x9000-0x9fff window]
[    2.127965] pci_bus 0000:4a: resource 5 [mem 0xb1000000-0xbbbfffff window]
[    2.127966] pci_bus 0000:4a: resource 6 [mem 0x230000000000-0x23ffffffffff window]
