pgmigrate_success 5832888
pgmigrate_fail 73948
thp_fault_alloc 0
thp_fault_fallback 0
thp_collapse_alloc 0
thp_collapse_alloc_failed 0
thp_file_alloc 0
thp_file_mapped 0
thp_split_page 0
thp_split_page_failed 0
thp_deferred_split_page 0
thp_split_pmd 0
thp_split_pud 0
thp_zero_page_alloc 0
thp_zero_page_alloc_failed 0
thp_swpout 0
thp_swpout_fallback 0
MemTotal:       554593496 kB
MemFree:        533883844 kB
MemAvailable:   532995124 kB
Buffers:          152932 kB
Cached:           465968 kB
SwapCached:           52 kB
Active:           217296 kB
Inactive:         856384 kB
Active(anon):     114120 kB
Inactive(anon):   505452 kB
Active(file):     103176 kB
Inactive(file):   350932 kB
Unevictable:           0 kB
Mlocked:               0 kB
SwapTotal:       2097148 kB
SwapFree:        2095868 kB
Dirty:                28 kB
Writeback:             0 kB
AnonPages:        655508 kB
Mapped:           351324 kB
Shmem:              6140 kB
KReclaimable:     302164 kB
Slab:             765236 kB
SReclaimable:     302164 kB
SUnreclaim:       463072 kB
KernelStack:       32048 kB
PageTables:        28236 kB
NFS_Unstable:          0 kB
Bounce:                0 kB
WritebackTmp:          0 kB
CommitLimit:    279393896 kB
Committed_AS:    6894296 kB
VmallocTotal:   34359738367 kB
VmallocUsed:      102852 kB
VmallocChunk:          0 kB
Percpu:           119616 kB
HardwareCorrupted:     0 kB
AnonHugePages:         0 kB
ShmemHugePages:        0 kB
ShmemPmdMapped:        0 kB
CmaTotal:              0 kB
CmaFree:               0 kB
HugePages_Total:       0
HugePages_Free:        0
HugePages_Rsvd:        0
HugePages_Surp:        0
Hugepagesize:       2048 kB
Hugetlb:               0 kB
DirectMap4k:     1078760 kB
DirectMap2M:     8843264 kB
DirectMap1G:    1181745152 kB
pgmigrate_success 17421
pgmigrate_fail 2368
thp_fault_alloc 1
thp_fault_fallback 0
thp_collapse_alloc 0
thp_collapse_alloc_failed 0
thp_file_alloc 0
thp_file_mapped 0
thp_split_page 0
thp_split_page_failed 0
thp_deferred_split_page 0
thp_split_pmd 0
thp_split_pud 0
thp_zero_page_alloc 0
thp_zero_page_alloc_failed 0
thp_swpout 0
thp_swpout_fallback 0
MemTotal:       554593488 kB
MemFree:        534059144 kB
MemAvailable:   533198396 kB
Buffers:           75848 kB
Cached:           453944 kB
SwapCached:            0 kB
Active:           849672 kB
Inactive:         352624 kB
Active(anon):     648276 kB
Inactive(anon):    30448 kB
Active(file):     201396 kB
Inactive(file):   322176 kB
Unevictable:           0 kB
Mlocked:               0 kB
SwapTotal:       2097148 kB
SwapFree:        2097148 kB
Dirty:                48 kB
Writeback:             0 kB
AnonPages:        671748 kB
Mapped:           399036 kB
Shmem:              6208 kB
KReclaimable:     288828 kB
Slab:             703824 kB
SReclaimable:     288828 kB
SUnreclaim:       414996 kB
KernelStack:       32368 kB
PageTables:        28220 kB
NFS_Unstable:          0 kB
Bounce:                0 kB
WritebackTmp:          0 kB
CommitLimit:    279393892 kB
Committed_AS:    6913716 kB
VmallocTotal:   34359738367 kB
VmallocUsed:      103164 kB
VmallocChunk:          0 kB
Percpu:           118720 kB
HardwareCorrupted:     0 kB
AnonHugePages:      2048 kB
ShmemHugePages:        0 kB
ShmemPmdMapped:        0 kB
CmaTotal:              0 kB
CmaFree:               0 kB
HugePages_Total:       0
HugePages_Free:        0
HugePages_Rsvd:        0
HugePages_Surp:        0
Hugepagesize:       2048 kB
Hugetlb:               0 kB
DirectMap4k:     1025512 kB
DirectMap2M:     7847936 kB
DirectMap1G:    1182793728 kB
