[    0.000000] Linux version 5.18.0 (xmu@xmu-PowerEdge-R750) (gcc (Ubuntu 8.4.0-1ubuntu1~18.04) 8.4.0, GNU ld (GNU Binutils for Ubuntu) 2.30) #1 SMP PREEMPT_DYNAMIC Sat Apr 6 15:16:25 CST 2024
[    0.000000] Command line: BOOT_IMAGE=/boot/vmlinuz-5.18.0 root=UUID=ce0c24b8-724b-4f33-9b2c-618433560aef ro memmap=45379M!4096M memmap=59G!64G quiet splash nomodeset vt.handoff=1
[    0.000000] KERNEL supported cpus:
[    0.000000]   Intel GenuineIntel
[    0.000000]   AMD AuthenticAMD
[    0.000000]   Hygon HygonGenuine
[    0.000000]   Centaur CentaurHauls
[    0.000000]   zhaoxin   Shanghai  
[    0.000000] x86/split lock detection: #AC: crashing the kernel on kernel split_locks and warning on user-space split_locks
[    0.000000] x86/fpu: Supporting XSAVE feature 0x001: 'x87 floating point registers'
[    0.000000] x86/fpu: Supporting XSAVE feature 0x002: 'SSE registers'
[    0.000000] x86/fpu: Supporting XSAVE feature 0x004: 'AVX registers'
[    0.000000] x86/fpu: Supporting XSAVE feature 0x020: 'AVX-512 opmask'
[    0.000000] x86/fpu: Supporting XSAVE feature 0x040: 'AVX-512 Hi256'
[    0.000000] x86/fpu: Supporting XSAVE feature 0x080: 'AVX-512 ZMM_Hi256'
[    0.000000] x86/fpu: Supporting XSAVE feature 0x200: 'Protection Keys User registers'
[    0.000000] x86/fpu: xstate_offset[2]:  576, xstate_sizes[2]:  256
[    0.000000] x86/fpu: xstate_offset[5]:  832, xstate_sizes[5]:   64
[    0.000000] x86/fpu: xstate_offset[6]:  896, xstate_sizes[6]:  512
[    0.000000] x86/fpu: xstate_offset[7]: 1408, xstate_sizes[7]: 1024
[    0.000000] x86/fpu: xstate_offset[9]: 2432, xstate_sizes[9]:    8
[    0.000000] x86/fpu: Enabled xstate features 0x2e7, context size is 2440 bytes, using 'compacted' format.
[    0.000000] signal: max sigframe size: 3632
[    0.000000] BIOS-provided physical RAM map:
[    0.000000] BIOS-e820: [mem 0x0000000000000000-0x000000000008efff] usable
[    0.000000] BIOS-e820: [mem 0x000000000008f000-0x000000000008ffff] reserved
[    0.000000] BIOS-e820: [mem 0x0000000000090000-0x000000000009ffff] usable
[    0.000000] BIOS-e820: [mem 0x00000000000a0000-0x00000000000fffff] reserved
[    0.000000] BIOS-e820: [mem 0x0000000000100000-0x0000000049e76fff] usable
[    0.000000] BIOS-e820: [mem 0x0000000049e77000-0x000000004ae76fff] ACPI NVS
[    0.000000] BIOS-e820: [mem 0x000000004ae77000-0x000000004b2cefff] usable
[    0.000000] BIOS-e820: [mem 0x000000004b2cf000-0x000000004b54dfff] ACPI data
[    0.000000] BIOS-e820: [mem 0x000000004b54e000-0x000000004bd93fff] usable
[    0.000000] BIOS-e820: [mem 0x000000004bd94000-0x000000004be99fff] reserved
[    0.000000] BIOS-e820: [mem 0x000000004be9a000-0x000000004cdfffff] usable
[    0.000000] BIOS-e820: [mem 0x000000004ce00000-0x000000004cffffff] reserved
[    0.000000] BIOS-e820: [mem 0x000000004d000000-0x000000005eefdfff] usable
[    0.000000] BIOS-e820: [mem 0x000000005eefe000-0x000000006e3fefff] reserved
[    0.000000] BIOS-e820: [mem 0x000000006e3ff000-0x000000006f3fefff] ACPI NVS
[    0.000000] BIOS-e820: [mem 0x000000006f3ff000-0x000000006f7fefff] ACPI data
[    0.000000] BIOS-e820: [mem 0x000000006f7ff000-0x000000006f7fffff] usable
[    0.000000] BIOS-e820: [mem 0x000000006f800000-0x000000008fffffff] reserved
[    0.000000] BIOS-e820: [mem 0x00000000fe000000-0x00000000fe010fff] reserved
[    0.000000] BIOS-e820: [mem 0x0000000100000000-0x000000207fffffff] usable
[    0.000000] BIOS-e820: [mem 0x0000002080000000-0x0000011c7fffffff] persistent (type 7)
[    0.000000] BIOS-e820: [mem 0x00001ffc00000000-0x00001fffffffffff] reserved
[    0.000000] NX (Execute Disable) protection: active
[    0.000000] e820: update [mem 0x46d5c020-0x46d6405f] usable ==> usable
[    0.000000] e820: update [mem 0x46d5c020-0x46d6405f] usable ==> usable
[    0.000000] e820: update [mem 0x46d29020-0x46d5bc5f] usable ==> usable
[    0.000000] e820: update [mem 0x46d29020-0x46d5bc5f] usable ==> usable
[    0.000000] e820: update [mem 0x46cf6020-0x46d28c5f] usable ==> usable
[    0.000000] e820: update [mem 0x46cf6020-0x46d28c5f] usable ==> usable
[    0.000000] e820: update [mem 0x46cc4020-0x46cf5a5f] usable ==> usable
[    0.000000] e820: update [mem 0x46cc4020-0x46cf5a5f] usable ==> usable
[    0.000000] extended physical RAM map:
[    0.000000] reserve setup_data: [mem 0x0000000000000000-0x000000000008efff] usable
[    0.000000] reserve setup_data: [mem 0x000000000008f000-0x000000000008ffff] reserved
[    0.000000] reserve setup_data: [mem 0x0000000000090000-0x000000000009ffff] usable
[    0.000000] reserve setup_data: [mem 0x00000000000a0000-0x00000000000fffff] reserved
[    0.000000] reserve setup_data: [mem 0x0000000000100000-0x0000000046cc401f] usable
[    0.000000] reserve setup_data: [mem 0x0000000046cc4020-0x0000000046cf5a5f] usable
[    0.000000] reserve setup_data: [mem 0x0000000046cf5a60-0x0000000046cf601f] usable
[    0.000000] reserve setup_data: [mem 0x0000000046cf6020-0x0000000046d28c5f] usable
[    0.000000] reserve setup_data: [mem 0x0000000046d28c60-0x0000000046d2901f] usable
[    0.000000] reserve setup_data: [mem 0x0000000046d29020-0x0000000046d5bc5f] usable
[    0.000000] reserve setup_data: [mem 0x0000000046d5bc60-0x0000000046d5c01f] usable
[    0.000000] reserve setup_data: [mem 0x0000000046d5c020-0x0000000046d6405f] usable
[    0.000000] reserve setup_data: [mem 0x0000000046d64060-0x0000000049e76fff] usable
[    0.000000] reserve setup_data: [mem 0x0000000049e77000-0x000000004ae76fff] ACPI NVS
[    0.000000] reserve setup_data: [mem 0x000000004ae77000-0x000000004b2cefff] usable
[    0.000000] reserve setup_data: [mem 0x000000004b2cf000-0x000000004b54dfff] ACPI data
[    0.000000] reserve setup_data: [mem 0x000000004b54e000-0x000000004bd93fff] usable
[    0.000000] reserve setup_data: [mem 0x000000004bd94000-0x000000004be99fff] reserved
[    0.000000] reserve setup_data: [mem 0x000000004be9a000-0x000000004cdfffff] usable
[    0.000000] reserve setup_data: [mem 0x000000004ce00000-0x000000004cffffff] reserved
[    0.000000] reserve setup_data: [mem 0x000000004d000000-0x000000005eefdfff] usable
[    0.000000] reserve setup_data: [mem 0x000000005eefe000-0x000000006e3fefff] reserved
[    0.000000] reserve setup_data: [mem 0x000000006e3ff000-0x000000006f3fefff] ACPI NVS
[    0.000000] reserve setup_data: [mem 0x000000006f3ff000-0x000000006f7fefff] ACPI data
[    0.000000] reserve setup_data: [mem 0x000000006f7ff000-0x000000006f7fffff] usable
[    0.000000] reserve setup_data: [mem 0x000000006f800000-0x000000008fffffff] reserved
[    0.000000] reserve setup_data: [mem 0x00000000fe000000-0x00000000fe010fff] reserved
[    0.000000] reserve setup_data: [mem 0x0000000100000000-0x0000000c142fffff] persistent (type 12)
[    0.000000] reserve setup_data: [mem 0x0000000c14300000-0x0000000fffffffff] usable
[    0.000000] reserve setup_data: [mem 0x0000001000000000-0x0000001ebfffffff] persistent (type 12)
[    0.000000] reserve setup_data: [mem 0x0000001ec0000000-0x000000207fffffff] usable
[    0.000000] reserve setup_data: [mem 0x0000002080000000-0x0000011c7fffffff] persistent (type 7)
[    0.000000] reserve setup_data: [mem 0x00001ffc00000000-0x00001fffffffffff] reserved
[    0.000000] user-defined physical RAM map:
[    0.000000] user: [mem 0x0000000000000000-0x000000000008efff] usable
[    0.000000] user: [mem 0x000000000008f000-0x000000000008ffff] reserved
[    0.000000] user: [mem 0x0000000000090000-0x000000000009ffff] usable
[    0.000000] user: [mem 0x00000000000a0000-0x00000000000fffff] reserved
[    0.000000] user: [mem 0x0000000000100000-0x0000000046cc401f] usable
[    0.000000] user: [mem 0x0000000046cc4020-0x0000000046cf5a5f] usable
[    0.000000] user: [mem 0x0000000046cf5a60-0x0000000046cf601f] usable
[    0.000000] user: [mem 0x0000000046cf6020-0x0000000046d28c5f] usable
[    0.000000] user: [mem 0x0000000046d28c60-0x0000000046d2901f] usable
[    0.000000] user: [mem 0x0000000046d29020-0x0000000046d5bc5f] usable
[    0.000000] user: [mem 0x0000000046d5bc60-0x0000000046d5c01f] usable
[    0.000000] user: [mem 0x0000000046d5c020-0x0000000046d6405f] usable
[    0.000000] user: [mem 0x0000000046d64060-0x0000000049e76fff] usable
[    0.000000] user: [mem 0x0000000049e77000-0x000000004ae76fff] ACPI NVS
[    0.000000] user: [mem 0x000000004ae77000-0x000000004b2cefff] usable
[    0.000000] user: [mem 0x000000004b2cf000-0x000000004b54dfff] ACPI data
[    0.000000] user: [mem 0x000000004b54e000-0x000000004bd93fff] usable
[    0.000000] user: [mem 0x000000004bd94000-0x000000004be99fff] reserved
[    0.000000] user: [mem 0x000000004be9a000-0x000000004cdfffff] usable
[    0.000000] user: [mem 0x000000004ce00000-0x000000004cffffff] reserved
[    0.000000] user: [mem 0x000000004d000000-0x000000005eefdfff] usable
[    0.000000] user: [mem 0x000000005eefe000-0x000000006e3fefff] reserved
[    0.000000] user: [mem 0x000000006e3ff000-0x000000006f3fefff] ACPI NVS
[    0.000000] user: [mem 0x000000006f3ff000-0x000000006f7fefff] ACPI data
[    0.000000] user: [mem 0x000000006f7ff000-0x000000006f7fffff] usable
[    0.000000] user: [mem 0x000000006f800000-0x000000008fffffff] reserved
[    0.000000] user: [mem 0x00000000fe000000-0x00000000fe010fff] reserved
[    0.000000] user: [mem 0x0000000100000000-0x0000000c142fffff] persistent (type 12)
[    0.000000] user: [mem 0x0000000c14300000-0x0000000fffffffff] usable
[    0.000000] user: [mem 0x0000001000000000-0x0000001ebfffffff] persistent (type 12)
[    0.000000] user: [mem 0x0000001ec0000000-0x000000207fffffff] usable
[    0.000000] user: [mem 0x0000002080000000-0x0000011c7fffffff] persistent (type 7)
[    0.000000] user: [mem 0x00001ffc00000000-0x00001fffffffffff] reserved
[    0.000000] efi: EFI v2.70 by Dell Inc.
[    0.000000] efi: ACPI=0x6f7fe000 ACPI 2.0=0x6f7fe014 MEMATTR=0x5b070020 SMBIOS=0x69526000 SMBIOS 3.0=0x69524000 MOKvar=0x5ef81000 RNG=0x5ef8a920 
[    0.000000] efi: seeding entropy pool
[    0.000000] SMBIOS 3.3.0 present.
[    0.000000] DMI: Dell Inc. PowerEdge R750/0K8F35, BIOS 1.10.2 03/03/2023
[    0.000000] tsc: Detected 2000.000 MHz processor
[    0.000007] e820: update [mem 0x00000000-0x00000fff] usable ==> reserved
[    0.000010] e820: remove [mem 0x000a0000-0x000fffff] usable
[    0.000018] last_pfn = 0x2080000 max_arch_pfn = 0x400000000
[    0.000231] x86/PAT: Configuration [0-7]: WB  WC  UC- UC  WB  WP  UC- WT  
[    0.003159] total RAM covered: 2095088M
[    0.003246]  gran_size: 64K 	chunk_size: 64K 	num_reg: 10  	lose cover RAM: 2016G
[    0.003248]  gran_size: 64K 	chunk_size: 128K 	num_reg: 10  	lose cover RAM: 2016G
[    0.003250]  gran_size: 64K 	chunk_size: 256K 	num_reg: 10  	lose cover RAM: 2016G
[    0.003251]  gran_size: 64K 	chunk_size: 512K 	num_reg: 10  	lose cover RAM: 2016G
[    0.003253]  gran_size: 64K 	chunk_size: 1M 	num_reg: 10  	lose cover RAM: 2016G
[    0.003254]  gran_size: 64K 	chunk_size: 2M 	num_reg: 10  	lose cover RAM: 2016G
[    0.003255]  gran_size: 64K 	chunk_size: 4M 	num_reg: 10  	lose cover RAM: 2016G
[    0.003257]  gran_size: 64K 	chunk_size: 8M 	num_reg: 10  	lose cover RAM: 2016G
[    0.003258]  gran_size: 64K 	chunk_size: 16M 	num_reg: 10  	lose cover RAM: 2016G
[    0.003260]  gran_size: 64K 	chunk_size: 32M 	num_reg: 10  	lose cover RAM: 1024G
[    0.003261]  gran_size: 64K 	chunk_size: 64M 	num_reg: 10  	lose cover RAM: 1024G
[    0.003263]  gran_size: 64K 	chunk_size: 128M 	num_reg: 10  	lose cover RAM: 1024G
[    0.003265]  gran_size: 64K 	chunk_size: 256M 	num_reg: 10  	lose cover RAM: 1024G
[    0.003266]  gran_size: 64K 	chunk_size: 512M 	num_reg: 10  	lose cover RAM: 1024G
[    0.003267]  gran_size: 64K 	chunk_size: 1G 	num_reg: 10  	lose cover RAM: 1024G
[    0.003268]  gran_size: 64K 	chunk_size: 2G 	num_reg: 10  	lose cover RAM: 1024G
[    0.003270]  gran_size: 128K 	chunk_size: 128K 	num_reg: 10  	lose cover RAM: 2016G
[    0.003271]  gran_size: 128K 	chunk_size: 256K 	num_reg: 10  	lose cover RAM: 2016G
[    0.003273]  gran_size: 128K 	chunk_size: 512K 	num_reg: 10  	lose cover RAM: 2016G
[    0.003274]  gran_size: 128K 	chunk_size: 1M 	num_reg: 10  	lose cover RAM: 2016G
[    0.003275]  gran_size: 128K 	chunk_size: 2M 	num_reg: 10  	lose cover RAM: 2016G
[    0.003277]  gran_size: 128K 	chunk_size: 4M 	num_reg: 10  	lose cover RAM: 2016G
[    0.003278]  gran_size: 128K 	chunk_size: 8M 	num_reg: 10  	lose cover RAM: 2016G
[    0.003279]  gran_size: 128K 	chunk_size: 16M 	num_reg: 10  	lose cover RAM: 2016G
[    0.003280]  gran_size: 128K 	chunk_size: 32M 	num_reg: 10  	lose cover RAM: 1024G
[    0.003282]  gran_size: 128K 	chunk_size: 64M 	num_reg: 10  	lose cover RAM: 1024G
[    0.003283]  gran_size: 128K 	chunk_size: 128M 	num_reg: 10  	lose cover RAM: 1024G
[    0.003284]  gran_size: 128K 	chunk_size: 256M 	num_reg: 10  	lose cover RAM: 1024G
[    0.003286]  gran_size: 128K 	chunk_size: 512M 	num_reg: 10  	lose cover RAM: 1024G
[    0.003287]  gran_size: 128K 	chunk_size: 1G 	num_reg: 10  	lose cover RAM: 1024G
[    0.003288]  gran_size: 128K 	chunk_size: 2G 	num_reg: 10  	lose cover RAM: 1024G
[    0.003290]  gran_size: 256K 	chunk_size: 256K 	num_reg: 10  	lose cover RAM: 2016G
[    0.003291]  gran_size: 256K 	chunk_size: 512K 	num_reg: 10  	lose cover RAM: 2016G
[    0.003293]  gran_size: 256K 	chunk_size: 1M 	num_reg: 10  	lose cover RAM: 2016G
[    0.003294]  gran_size: 256K 	chunk_size: 2M 	num_reg: 10  	lose cover RAM: 2016G
[    0.003296]  gran_size: 256K 	chunk_size: 4M 	num_reg: 10  	lose cover RAM: 2016G
[    0.003297]  gran_size: 256K 	chunk_size: 8M 	num_reg: 10  	lose cover RAM: 2016G
[    0.003298]  gran_size: 256K 	chunk_size: 16M 	num_reg: 10  	lose cover RAM: 2016G
[    0.003300]  gran_size: 256K 	chunk_size: 32M 	num_reg: 10  	lose cover RAM: 1024G
[    0.003301]  gran_size: 256K 	chunk_size: 64M 	num_reg: 10  	lose cover RAM: 1024G
[    0.003302]  gran_size: 256K 	chunk_size: 128M 	num_reg: 10  	lose cover RAM: 1024G
[    0.003303]  gran_size: 256K 	chunk_size: 256M 	num_reg: 10  	lose cover RAM: 1024G
[    0.003305]  gran_size: 256K 	chunk_size: 512M 	num_reg: 10  	lose cover RAM: 1024G
[    0.003306]  gran_size: 256K 	chunk_size: 1G 	num_reg: 10  	lose cover RAM: 1024G
[    0.003307]  gran_size: 256K 	chunk_size: 2G 	num_reg: 10  	lose cover RAM: 1024G
[    0.003309]  gran_size: 512K 	chunk_size: 512K 	num_reg: 10  	lose cover RAM: 2016G
[    0.003310]  gran_size: 512K 	chunk_size: 1M 	num_reg: 10  	lose cover RAM: 2016G
[    0.003311]  gran_size: 512K 	chunk_size: 2M 	num_reg: 10  	lose cover RAM: 2016G
[    0.003313]  gran_size: 512K 	chunk_size: 4M 	num_reg: 10  	lose cover RAM: 2016G
[    0.003314]  gran_size: 512K 	chunk_size: 8M 	num_reg: 10  	lose cover RAM: 2016G
[    0.003315]  gran_size: 512K 	chunk_size: 16M 	num_reg: 10  	lose cover RAM: 2016G
[    0.003316]  gran_size: 512K 	chunk_size: 32M 	num_reg: 10  	lose cover RAM: 1024G
[    0.003318]  gran_size: 512K 	chunk_size: 64M 	num_reg: 10  	lose cover RAM: 1024G
[    0.003319]  gran_size: 512K 	chunk_size: 128M 	num_reg: 10  	lose cover RAM: 1024G
[    0.003320]  gran_size: 512K 	chunk_size: 256M 	num_reg: 10  	lose cover RAM: 1024G
[    0.003322]  gran_size: 512K 	chunk_size: 512M 	num_reg: 10  	lose cover RAM: 1024G
[    0.003323]  gran_size: 512K 	chunk_size: 1G 	num_reg: 10  	lose cover RAM: 1024G
[    0.003325]  gran_size: 512K 	chunk_size: 2G 	num_reg: 10  	lose cover RAM: 1024G
[    0.003326]  gran_size: 1M 	chunk_size: 1M 	num_reg: 10  	lose cover RAM: 2016G
[    0.003327]  gran_size: 1M 	chunk_size: 2M 	num_reg: 10  	lose cover RAM: 2016G
[    0.003329]  gran_size: 1M 	chunk_size: 4M 	num_reg: 10  	lose cover RAM: 2016G
[    0.003330]  gran_size: 1M 	chunk_size: 8M 	num_reg: 10  	lose cover RAM: 2016G
[    0.003331]  gran_size: 1M 	chunk_size: 16M 	num_reg: 10  	lose cover RAM: 2016G
[    0.003332]  gran_size: 1M 	chunk_size: 32M 	num_reg: 10  	lose cover RAM: 1024G
[    0.003334]  gran_size: 1M 	chunk_size: 64M 	num_reg: 10  	lose cover RAM: 1024G
[    0.003335]  gran_size: 1M 	chunk_size: 128M 	num_reg: 10  	lose cover RAM: 1024G
[    0.003336]  gran_size: 1M 	chunk_size: 256M 	num_reg: 10  	lose cover RAM: 1024G
[    0.003338]  gran_size: 1M 	chunk_size: 512M 	num_reg: 10  	lose cover RAM: 1024G
[    0.003339]  gran_size: 1M 	chunk_size: 1G 	num_reg: 10  	lose cover RAM: 1024G
[    0.003340]  gran_size: 1M 	chunk_size: 2G 	num_reg: 10  	lose cover RAM: 1024G
[    0.003342]  gran_size: 2M 	chunk_size: 2M 	num_reg: 10  	lose cover RAM: 2016G
[    0.003343]  gran_size: 2M 	chunk_size: 4M 	num_reg: 10  	lose cover RAM: 2016G
[    0.003344]  gran_size: 2M 	chunk_size: 8M 	num_reg: 10  	lose cover RAM: 2016G
[    0.003345]  gran_size: 2M 	chunk_size: 16M 	num_reg: 10  	lose cover RAM: 2016G
[    0.003347]  gran_size: 2M 	chunk_size: 32M 	num_reg: 10  	lose cover RAM: 1024G
[    0.003348]  gran_size: 2M 	chunk_size: 64M 	num_reg: 10  	lose cover RAM: 1024G
[    0.003350]  gran_size: 2M 	chunk_size: 128M 	num_reg: 10  	lose cover RAM: 1024G
[    0.003351]  gran_size: 2M 	chunk_size: 256M 	num_reg: 10  	lose cover RAM: 1024G
[    0.003352]  gran_size: 2M 	chunk_size: 512M 	num_reg: 10  	lose cover RAM: 1024G
[    0.003354]  gran_size: 2M 	chunk_size: 1G 	num_reg: 10  	lose cover RAM: 1024G
[    0.003355]  gran_size: 2M 	chunk_size: 2G 	num_reg: 10  	lose cover RAM: 1024G
[    0.003357]  gran_size: 4M 	chunk_size: 4M 	num_reg: 10  	lose cover RAM: 2016G
[    0.003358]  gran_size: 4M 	chunk_size: 8M 	num_reg: 10  	lose cover RAM: 2016G
[    0.003359]  gran_size: 4M 	chunk_size: 16M 	num_reg: 10  	lose cover RAM: 2016G
[    0.003361]  gran_size: 4M 	chunk_size: 32M 	num_reg: 10  	lose cover RAM: 1024G
[    0.003362]  gran_size: 4M 	chunk_size: 64M 	num_reg: 10  	lose cover RAM: 1024G
[    0.003363]  gran_size: 4M 	chunk_size: 128M 	num_reg: 10  	lose cover RAM: 1024G
[    0.003365]  gran_size: 4M 	chunk_size: 256M 	num_reg: 10  	lose cover RAM: 1024G
[    0.003366]  gran_size: 4M 	chunk_size: 512M 	num_reg: 10  	lose cover RAM: 1024G
[    0.003367]  gran_size: 4M 	chunk_size: 1G 	num_reg: 10  	lose cover RAM: 1024G
[    0.003368]  gran_size: 4M 	chunk_size: 2G 	num_reg: 10  	lose cover RAM: 1024G
[    0.003370]  gran_size: 8M 	chunk_size: 8M 	num_reg: 10  	lose cover RAM: 2016G
[    0.003371]  gran_size: 8M 	chunk_size: 16M 	num_reg: 10  	lose cover RAM: 2016G
[    0.003372]  gran_size: 8M 	chunk_size: 32M 	num_reg: 10  	lose cover RAM: 1024G
[    0.003374]  gran_size: 8M 	chunk_size: 64M 	num_reg: 10  	lose cover RAM: 1024G
[    0.003375]  gran_size: 8M 	chunk_size: 128M 	num_reg: 10  	lose cover RAM: 1024G
[    0.003376]  gran_size: 8M 	chunk_size: 256M 	num_reg: 10  	lose cover RAM: 1024G
[    0.003378]  gran_size: 8M 	chunk_size: 512M 	num_reg: 10  	lose cover RAM: 1024G
[    0.003379]  gran_size: 8M 	chunk_size: 1G 	num_reg: 10  	lose cover RAM: 1024G
[    0.003380]  gran_size: 8M 	chunk_size: 2G 	num_reg: 10  	lose cover RAM: 1024G
[    0.003382]  gran_size: 16M 	chunk_size: 16M 	num_reg: 10  	lose cover RAM: 2016G
[    0.003383]  gran_size: 16M 	chunk_size: 32M 	num_reg: 10  	lose cover RAM: 1024G
[    0.003384]  gran_size: 16M 	chunk_size: 64M 	num_reg: 10  	lose cover RAM: 1024G
[    0.003386]  gran_size: 16M 	chunk_size: 128M 	num_reg: 10  	lose cover RAM: 1024G
[    0.003387]  gran_size: 16M 	chunk_size: 256M 	num_reg: 10  	lose cover RAM: 1024G
[    0.003388]  gran_size: 16M 	chunk_size: 512M 	num_reg: 10  	lose cover RAM: 1024G
[    0.003390]  gran_size: 16M 	chunk_size: 1G 	num_reg: 10  	lose cover RAM: 1024G
[    0.003391]  gran_size: 16M 	chunk_size: 2G 	num_reg: 10  	lose cover RAM: 1024G
[    0.003393]  gran_size: 32M 	chunk_size: 32M 	num_reg: 10  	lose cover RAM: 2031632M
[    0.003394]  gran_size: 32M 	chunk_size: 64M 	num_reg: 10  	lose cover RAM: 1048592M
[    0.003396]  gran_size: 32M 	chunk_size: 128M 	num_reg: 10  	lose cover RAM: 1048592M
[    0.003397]  gran_size: 32M 	chunk_size: 256M 	num_reg: 10  	lose cover RAM: 1048592M
[    0.003398]  gran_size: 32M 	chunk_size: 512M 	num_reg: 10  	lose cover RAM: 1048592M
[    0.003400]  gran_size: 32M 	chunk_size: 1G 	num_reg: 10  	lose cover RAM: 1048592M
[    0.003401]  gran_size: 32M 	chunk_size: 2G 	num_reg: 10  	lose cover RAM: 1048592M
[    0.003402]  gran_size: 64M 	chunk_size: 64M 	num_reg: 10  	lose cover RAM: 1966128M
[    0.003404]  gran_size: 64M 	chunk_size: 128M 	num_reg: 10  	lose cover RAM: 1048624M
[    0.003405]  gran_size: 64M 	chunk_size: 256M 	num_reg: 10  	lose cover RAM: 1048624M
[    0.003406]  gran_size: 64M 	chunk_size: 512M 	num_reg: 10  	lose cover RAM: 1048624M
[    0.003408]  gran_size: 64M 	chunk_size: 1G 	num_reg: 10  	lose cover RAM: 1048624M
[    0.003409]  gran_size: 64M 	chunk_size: 2G 	num_reg: 10  	lose cover RAM: 1048624M
[    0.003410]  gran_size: 128M 	chunk_size: 128M 	num_reg: 10  	lose cover RAM: 1835120M
[    0.003411]  gran_size: 128M 	chunk_size: 256M 	num_reg: 10  	lose cover RAM: 1048688M
[    0.003413]  gran_size: 128M 	chunk_size: 512M 	num_reg: 10  	lose cover RAM: 1048688M
[    0.003414]  gran_size: 128M 	chunk_size: 1G 	num_reg: 10  	lose cover RAM: 1048688M
[    0.003416]  gran_size: 128M 	chunk_size: 2G 	num_reg: 10  	lose cover RAM: 1048688M
[    0.003417]  gran_size: 256M 	chunk_size: 256M 	num_reg: 10  	lose cover RAM: 1573104M
[    0.003419]  gran_size: 256M 	chunk_size: 512M 	num_reg: 10  	lose cover RAM: 1048816M
[    0.003420]  gran_size: 256M 	chunk_size: 1G 	num_reg: 10  	lose cover RAM: 1048816M
[    0.003422]  gran_size: 256M 	chunk_size: 2G 	num_reg: 10  	lose cover RAM: 1048816M
[    0.003423]  gran_size: 512M 	chunk_size: 512M 	num_reg: 10  	lose cover RAM: 1049072M
[    0.003424]  gran_size: 512M 	chunk_size: 1G 	num_reg: 10  	lose cover RAM: 1049072M
[    0.003425]  gran_size: 512M 	chunk_size: 2G 	num_reg: 10  	lose cover RAM: 1049072M
[    0.003427]  gran_size: 1G 	chunk_size: 1G 	num_reg: 10  	lose cover RAM: 1008M
[    0.003428]  gran_size: 1G 	chunk_size: 2G 	num_reg: 10  	lose cover RAM: 1008M
[    0.003429]  gran_size: 2G 	chunk_size: 2G 	num_reg: 9  	lose cover RAM: 2032M
[    0.003431] mtrr_cleanup: can not find optimal value
[    0.003432] please specify mtrr_gran_size/mtrr_chunk_size
[    0.003434] e820: update [mem 0x7f000000-0xffffffff] usable ==> reserved
[    0.003438] x2apic: enabled by BIOS, switching to x2apic ops
[    0.003438] last_pfn = 0x6f800 max_arch_pfn = 0x400000000
[    0.014866] Using GB pages for direct mapping
[    0.016233] Secure boot disabled
[    0.016233] RAMDISK: [mem 0x205de61000-0x207fffffff]
[    0.016239] ACPI: Early table checksum verification disabled
[    0.016241] ACPI: RSDP 0x000000006F7FE014 000024 (v02 DELL  )
[    0.016245] ACPI: XSDT 0x000000006F41C188 0000F4 (v01 DELL   PE_SC3   00000000 DELL 01000013)
[    0.016251] ACPI: FACP 0x000000006F430000 000114 (v06 DELL   PE_SC3   00000000 DELL 00000001)
[    0.016257] ACPI: DSDT 0x000000004B4CE000 07FAD3 (v02 DELL   PE_SC3   00000003 DELL 00000001)
[    0.016261] ACPI: FACS 0x000000006F2F2000 000040
[    0.016264] ACPI: SSDT 0x000000006F7FB000 00159A (v02 INTEL  RAS_ACPI 00000001 INTL 20210331)
[    0.016268] ACPI: SSDT 0x000000006F7FA000 000745 (v02 INTEL  ADDRXLAT 00000001 INTL 20210331)
[    0.016271] ACPI: MCEJ 0x000000006F7F9000 000130 (v01 INTEL           00000001 INTL 0100000D)
[    0.016275] ACPI: BERT 0x000000006F7F8000 000030 (v01 DELL   PE_SC3   00000001 INTL 00000001)
[    0.016278] ACPI: ERST 0x000000006F7F7000 000230 (v01 DELL   PE_SC3   00000001 INTL 00000001)
[    0.016281] ACPI: SSDT 0x000000006F431000 3C524E (v02 INTEL  SSDTNVDR 00001000 INTL 20210331)
[    0.016285] ACPI: HMAT 0x000000006F42F000 000210 (v01 DELL   PE_SC3   00000001 DELL 00000001)
[    0.016288] ACPI: HPET 0x000000006F42E000 000038 (v01 DELL   PE_SC3   00000001 DELL 00000001)
[    0.016292] ACPI: MCFG 0x000000006F42D000 00003C (v01 DELL   PE_SC3   00000001 DELL 00000001)
[    0.016295] ACPI: MIGT 0x000000006F42C000 000040 (v01 DELL   PE_SC3   00000000 DELL 00000001)
[    0.016298] ACPI: MSCT 0x000000006F42B000 000090 (v01 DELL   PE_SC3   00000001 DELL 00000001)
[    0.016301] ACPI: PMTT 0x000000006F429000 0011E8 (v02 DELL   PE_SC3   00000001 DELL 00000001)
[    0.016305] ACPI: WSMT 0x000000006F428000 000028 (v01 DELL   PE_SC3   00000000 DELL 00000001)
[    0.016308] ACPI: APIC 0x000000006F427000 00075E (v04 DELL   PE_SC3   00000000 DELL 00000001)
[    0.016311] ACPI: SLIT 0x000000006F426000 00003C (v01 DELL   PE_SC3   00000001 DELL 01000013)
[    0.016315] ACPI: SRAT 0x000000006F41F000 006430 (v03 DELL   PE_SC3   00000002 DELL 01000013)
[    0.016318] ACPI: OEM4 0x000000004B346000 187A61 (v02 INTEL  CPU  CST 00003000 INTL 20210331)
[    0.016322] ACPI: SSDT 0x000000004B2CF000 0764A5 (v02 INTEL  SSDT  PM 00004000 INTL 20210331)
[    0.016325] ACPI: SSDT 0x000000006F41E000 000A1F (v02 DELL   PE_SC3   00000000 DELL 00000001)
[    0.016328] ACPI: HEST 0x000000006F41D000 00017C (v01 DELL   PE_SC3   00000001 INTL 00000001)
[    0.016332] ACPI: PCAT 0x000000006F41B000 00010C (v19 DELL   PE_SC3   00000002 DELL 00000001)
[    0.016335] ACPI: SSDT 0x000000006F413000 007299 (v02 INTEL  SpsNm    00000002 INTL 20210331)
[    0.016339] ACPI: SSDT 0x000000006F412000 000426 (v02 DELL   PE_SC3   00000002 DELL 00000001)
[    0.016342] ACPI: NFIT 0x000000006F7FD000 000488 (v01 DELL   PE_SC3   00000002 DELL 00000001)
[    0.016345] ACPI: DMAR 0x000000006F411000 000158 (v01 DELL   PE_SC3   00000001 DELL 00000001)
[    0.016348] ACPI: Reserving FACP table memory at [mem 0x6f430000-0x6f430113]
[    0.016349] ACPI: Reserving DSDT table memory at [mem 0x4b4ce000-0x4b54dad2]
[    0.016351] ACPI: Reserving FACS table memory at [mem 0x6f2f2000-0x6f2f203f]
[    0.016352] ACPI: Reserving SSDT table memory at [mem 0x6f7fb000-0x6f7fc599]
[    0.016353] ACPI: Reserving SSDT table memory at [mem 0x6f7fa000-0x6f7fa744]
[    0.016353] ACPI: Reserving MCEJ table memory at [mem 0x6f7f9000-0x6f7f912f]
[    0.016354] ACPI: Reserving BERT table memory at [mem 0x6f7f8000-0x6f7f802f]
[    0.016355] ACPI: Reserving ERST table memory at [mem 0x6f7f7000-0x6f7f722f]
[    0.016356] ACPI: Reserving SSDT table memory at [mem 0x6f431000-0x6f7f624d]
[    0.016357] ACPI: Reserving HMAT table memory at [mem 0x6f42f000-0x6f42f20f]
[    0.016358] ACPI: Reserving HPET table memory at [mem 0x6f42e000-0x6f42e037]
[    0.016359] ACPI: Reserving MCFG table memory at [mem 0x6f42d000-0x6f42d03b]
[    0.016360] ACPI: Reserving MIGT table memory at [mem 0x6f42c000-0x6f42c03f]
[    0.016361] ACPI: Reserving MSCT table memory at [mem 0x6f42b000-0x6f42b08f]
[    0.016361] ACPI: Reserving PMTT table memory at [mem 0x6f429000-0x6f42a1e7]
[    0.016362] ACPI: Reserving WSMT table memory at [mem 0x6f428000-0x6f428027]
[    0.016363] ACPI: Reserving APIC table memory at [mem 0x6f427000-0x6f42775d]
[    0.016364] ACPI: Reserving SLIT table memory at [mem 0x6f426000-0x6f42603b]
[    0.016365] ACPI: Reserving SRAT table memory at [mem 0x6f41f000-0x6f42542f]
[    0.016366] ACPI: Reserving OEM4 table memory at [mem 0x4b346000-0x4b4cda60]
[    0.016367] ACPI: Reserving SSDT table memory at [mem 0x4b2cf000-0x4b3454a4]
[    0.016368] ACPI: Reserving SSDT table memory at [mem 0x6f41e000-0x6f41ea1e]
[    0.016369] ACPI: Reserving HEST table memory at [mem 0x6f41d000-0x6f41d17b]
[    0.016370] ACPI: Reserving PCAT table memory at [mem 0x6f41b000-0x6f41b10b]
[    0.016371] ACPI: Reserving SSDT table memory at [mem 0x6f413000-0x6f41a298]
[    0.016372] ACPI: Reserving SSDT table memory at [mem 0x6f412000-0x6f412425]
[    0.016373] ACPI: Reserving NFIT table memory at [mem 0x6f7fd000-0x6f7fd487]
[    0.016374] ACPI: Reserving DMAR table memory at [mem 0x6f411000-0x6f411157]
[    0.016385] Setting APIC routing to cluster x2apic.
[    0.016433] SRAT: PXM 0 -> APIC 0x0000 -> Node 0
[    0.016435] SRAT: PXM 0 -> APIC 0x0001 -> Node 0
[    0.016435] SRAT: PXM 0 -> APIC 0x0002 -> Node 0
[    0.016436] SRAT: PXM 0 -> APIC 0x0003 -> Node 0
[    0.016437] SRAT: PXM 0 -> APIC 0x0004 -> Node 0
[    0.016437] SRAT: PXM 0 -> APIC 0x0005 -> Node 0
[    0.016438] SRAT: PXM 0 -> APIC 0x0006 -> Node 0
[    0.016439] SRAT: PXM 0 -> APIC 0x0007 -> Node 0
[    0.016439] SRAT: PXM 0 -> APIC 0x0008 -> Node 0
[    0.016440] SRAT: PXM 0 -> APIC 0x0009 -> Node 0
[    0.016441] SRAT: PXM 0 -> APIC 0x000a -> Node 0
[    0.016441] SRAT: PXM 0 -> APIC 0x000b -> Node 0
[    0.016443] SRAT: PXM 0 -> APIC 0x000c -> Node 0
[    0.016443] SRAT: PXM 0 -> APIC 0x000d -> Node 0
[    0.016444] SRAT: PXM 0 -> APIC 0x000e -> Node 0
[    0.016445] SRAT: PXM 0 -> APIC 0x000f -> Node 0
[    0.016446] SRAT: PXM 0 -> APIC 0x0010 -> Node 0
[    0.016447] SRAT: PXM 0 -> APIC 0x0011 -> Node 0
[    0.016448] SRAT: PXM 0 -> APIC 0x0012 -> Node 0
[    0.016448] SRAT: PXM 0 -> APIC 0x0013 -> Node 0
[    0.016449] SRAT: PXM 0 -> APIC 0x0014 -> Node 0
[    0.016450] SRAT: PXM 0 -> APIC 0x0015 -> Node 0
[    0.016450] SRAT: PXM 0 -> APIC 0x0016 -> Node 0
[    0.016451] SRAT: PXM 0 -> APIC 0x0017 -> Node 0
[    0.016452] SRAT: PXM 0 -> APIC 0x0018 -> Node 0
[    0.016452] SRAT: PXM 0 -> APIC 0x0019 -> Node 0
[    0.016453] SRAT: PXM 0 -> APIC 0x001a -> Node 0
[    0.016454] SRAT: PXM 0 -> APIC 0x001b -> Node 0
[    0.016454] SRAT: PXM 0 -> APIC 0x001c -> Node 0
[    0.016455] SRAT: PXM 0 -> APIC 0x001d -> Node 0
[    0.016455] SRAT: PXM 0 -> APIC 0x001e -> Node 0
[    0.016456] SRAT: PXM 0 -> APIC 0x001f -> Node 0
[    0.016457] SRAT: PXM 0 -> APIC 0x0020 -> Node 0
[    0.016457] SRAT: PXM 0 -> APIC 0x0021 -> Node 0
[    0.016458] SRAT: PXM 0 -> APIC 0x0022 -> Node 0
[    0.016459] SRAT: PXM 0 -> APIC 0x0023 -> Node 0
[    0.016459] SRAT: PXM 0 -> APIC 0x0024 -> Node 0
[    0.016460] SRAT: PXM 0 -> APIC 0x0025 -> Node 0
[    0.016461] SRAT: PXM 0 -> APIC 0x0026 -> Node 0
[    0.016461] SRAT: PXM 0 -> APIC 0x0027 -> Node 0
[    0.016462] SRAT: PXM 0 -> APIC 0x0028 -> Node 0
[    0.016463] SRAT: PXM 0 -> APIC 0x0029 -> Node 0
[    0.016463] SRAT: PXM 0 -> APIC 0x002a -> Node 0
[    0.016464] SRAT: PXM 0 -> APIC 0x002b -> Node 0
[    0.016465] SRAT: PXM 0 -> APIC 0x002c -> Node 0
[    0.016465] SRAT: PXM 0 -> APIC 0x002d -> Node 0
[    0.016466] SRAT: PXM 0 -> APIC 0x002e -> Node 0
[    0.016467] SRAT: PXM 0 -> APIC 0x002f -> Node 0
[    0.016467] SRAT: PXM 0 -> APIC 0x0030 -> Node 0
[    0.016468] SRAT: PXM 0 -> APIC 0x0031 -> Node 0
[    0.016469] SRAT: PXM 0 -> APIC 0x0032 -> Node 0
[    0.016469] SRAT: PXM 0 -> APIC 0x0033 -> Node 0
[    0.016470] SRAT: PXM 0 -> APIC 0x0034 -> Node 0
[    0.016471] SRAT: PXM 0 -> APIC 0x0035 -> Node 0
[    0.016471] SRAT: PXM 0 -> APIC 0x0036 -> Node 0
[    0.016472] SRAT: PXM 0 -> APIC 0x0037 -> Node 0
[    0.016473] SRAT: PXM 1 -> APIC 0x0080 -> Node 1
[    0.016473] SRAT: PXM 1 -> APIC 0x0081 -> Node 1
[    0.016474] SRAT: PXM 1 -> APIC 0x0082 -> Node 1
[    0.016475] SRAT: PXM 1 -> APIC 0x0083 -> Node 1
[    0.016476] SRAT: PXM 1 -> APIC 0x0084 -> Node 1
[    0.016477] SRAT: PXM 1 -> APIC 0x0085 -> Node 1
[    0.016477] SRAT: PXM 1 -> APIC 0x0086 -> Node 1
[    0.016478] SRAT: PXM 1 -> APIC 0x0087 -> Node 1
[    0.016479] SRAT: PXM 1 -> APIC 0x0088 -> Node 1
[    0.016480] SRAT: PXM 1 -> APIC 0x0089 -> Node 1
[    0.016480] SRAT: PXM 1 -> APIC 0x008a -> Node 1
[    0.016481] SRAT: PXM 1 -> APIC 0x008b -> Node 1
[    0.016482] SRAT: PXM 1 -> APIC 0x008c -> Node 1
[    0.016482] SRAT: PXM 1 -> APIC 0x008d -> Node 1
[    0.016483] SRAT: PXM 1 -> APIC 0x008e -> Node 1
[    0.016484] SRAT: PXM 1 -> APIC 0x008f -> Node 1
[    0.016484] SRAT: PXM 1 -> APIC 0x0090 -> Node 1
[    0.016485] SRAT: PXM 1 -> APIC 0x0091 -> Node 1
[    0.016485] SRAT: PXM 1 -> APIC 0x0092 -> Node 1
[    0.016486] SRAT: PXM 1 -> APIC 0x0093 -> Node 1
[    0.016487] SRAT: PXM 1 -> APIC 0x0094 -> Node 1
[    0.016488] SRAT: PXM 1 -> APIC 0x0095 -> Node 1
[    0.016488] SRAT: PXM 1 -> APIC 0x0096 -> Node 1
[    0.016489] SRAT: PXM 1 -> APIC 0x0097 -> Node 1
[    0.016490] SRAT: PXM 1 -> APIC 0x0098 -> Node 1
[    0.016490] SRAT: PXM 1 -> APIC 0x0099 -> Node 1
[    0.016491] SRAT: PXM 1 -> APIC 0x009a -> Node 1
[    0.016492] SRAT: PXM 1 -> APIC 0x009b -> Node 1
[    0.016492] SRAT: PXM 1 -> APIC 0x009c -> Node 1
[    0.016493] SRAT: PXM 1 -> APIC 0x009d -> Node 1
[    0.016494] SRAT: PXM 1 -> APIC 0x009e -> Node 1
[    0.016494] SRAT: PXM 1 -> APIC 0x009f -> Node 1
[    0.016495] SRAT: PXM 1 -> APIC 0x00a0 -> Node 1
[    0.016496] SRAT: PXM 1 -> APIC 0x00a1 -> Node 1
[    0.016496] SRAT: PXM 1 -> APIC 0x00a2 -> Node 1
[    0.016497] SRAT: PXM 1 -> APIC 0x00a3 -> Node 1
[    0.016498] SRAT: PXM 1 -> APIC 0x00a4 -> Node 1
[    0.016498] SRAT: PXM 1 -> APIC 0x00a5 -> Node 1
[    0.016499] SRAT: PXM 1 -> APIC 0x00a6 -> Node 1
[    0.016499] SRAT: PXM 1 -> APIC 0x00a7 -> Node 1
[    0.016500] SRAT: PXM 1 -> APIC 0x00a8 -> Node 1
[    0.016501] SRAT: PXM 1 -> APIC 0x00a9 -> Node 1
[    0.016501] SRAT: PXM 1 -> APIC 0x00aa -> Node 1
[    0.016502] SRAT: PXM 1 -> APIC 0x00ab -> Node 1
[    0.016503] SRAT: PXM 1 -> APIC 0x00ac -> Node 1
[    0.016503] SRAT: PXM 1 -> APIC 0x00ad -> Node 1
[    0.016504] SRAT: PXM 1 -> APIC 0x00ae -> Node 1
[    0.016505] SRAT: PXM 1 -> APIC 0x00af -> Node 1
[    0.016505] SRAT: PXM 1 -> APIC 0x00b0 -> Node 1
[    0.016506] SRAT: PXM 1 -> APIC 0x00b1 -> Node 1
[    0.016507] SRAT: PXM 1 -> APIC 0x00b2 -> Node 1
[    0.016508] SRAT: PXM 1 -> APIC 0x00b3 -> Node 1
[    0.016509] SRAT: PXM 1 -> APIC 0x00b4 -> Node 1
[    0.016510] SRAT: PXM 1 -> APIC 0x00b5 -> Node 1
[    0.016511] SRAT: PXM 1 -> APIC 0x00b6 -> Node 1
[    0.016512] SRAT: PXM 1 -> APIC 0x00b7 -> Node 1
[    0.016525] ACPI: SRAT: Node 0 PXM 0 [mem 0x00000000-0x7fffffff]
[    0.016526] ACPI: SRAT: Node 0 PXM 0 [mem 0x100000000-0x107fffffff]
[    0.016528] ACPI: SRAT: Node 2 PXM 2 [mem 0x2080000000-0x9e7fffffff] non-volatile
[    0.016529] ACPI: SRAT: Node 1 PXM 1 [mem 0x1080000000-0x207fffffff]
[    0.016530] ACPI: SRAT: Node 3 PXM 3 [mem 0x9e80000000-0x11c7fffffff] non-volatile
[    0.016540] NUMA: Initialized distance table, cnt=4
[    0.016544] NUMA: Node 0 [mem 0x00000000-0x7fffffff] + [mem 0x100000000-0x107fffffff] -> [mem 0x00000000-0x107fffffff]
[    0.016552] NODE_DATA(0) allocated [mem 0xffffd5000-0xfffffffff]
[    0.016570] NODE_DATA(1) allocated [mem 0x205de32000-0x205de5cfff]
[    0.016746] Zone ranges:
[    0.016746]   DMA      [mem 0x0000000000001000-0x0000000000ffffff]
[    0.016748]   DMA32    [mem 0x0000000001000000-0x00000000ffffffff]
[    0.016750]   Normal   [mem 0x0000000100000000-0x000000207fffffff]
[    0.016751]   Device   empty
[    0.016752] Movable zone start for each node
[    0.016756] Early memory node ranges
[    0.016756]   node   0: [mem 0x0000000000001000-0x000000000008efff]
[    0.016758]   node   0: [mem 0x0000000000090000-0x000000000009ffff]
[    0.016759]   node   0: [mem 0x0000000000100000-0x0000000049e76fff]
[    0.016760]   node   0: [mem 0x000000004ae77000-0x000000004b2cefff]
[    0.016761]   node   0: [mem 0x000000004b54e000-0x000000004bd93fff]
[    0.016762]   node   0: [mem 0x000000004be9a000-0x000000004cdfffff]
[    0.016762]   node   0: [mem 0x000000004d000000-0x000000005eefdfff]
[    0.016763]   node   0: [mem 0x000000006f7ff000-0x000000006f7fffff]
[    0.016764]   node   0: [mem 0x0000000c14300000-0x0000000fffffffff]
[    0.016766]   node   1: [mem 0x0000001ec0000000-0x000000207fffffff]
[    0.016767] Initmem setup node 0 [mem 0x0000000000001000-0x0000000fffffffff]
[    0.016770] Initmem setup node 1 [mem 0x0000001ec0000000-0x000000207fffffff]
[    0.016772] Initializing node 2 as memoryless
[    0.016794] Initmem setup node 2 as memoryless
[    0.016795] Initializing node 3 as memoryless
[    0.016819] Initmem setup node 3 as memoryless
[    0.016821] On node 0, zone DMA: 1 pages in unavailable ranges
[    0.016823] On node 0, zone DMA: 1 pages in unavailable ranges
[    0.016847] On node 0, zone DMA: 96 pages in unavailable ranges
[    0.018628] On node 0, zone DMA32: 4096 pages in unavailable ranges
[    0.018646] On node 0, zone DMA32: 639 pages in unavailable ranges
[    0.018676] On node 0, zone DMA32: 262 pages in unavailable ranges
[    0.019146] On node 0, zone DMA32: 512 pages in unavailable ranges
[    0.019419] On node 0, zone DMA32: 35073 pages in unavailable ranges
[    0.049591] On node 0, zone Normal: 19200 pages in unavailable ranges
[    0.063871] ACPI: PM-Timer IO Port: 0x508
[    0.063893] ACPI: X2APIC_NMI (uid[0xffffffff] high edge lint[0x1])
[    0.063897] ACPI: LAPIC_NMI (acpi_id[0xff] high edge lint[0x1])
[    0.063918] IOAPIC[0]: apic_id 8, version 32, address 0xfec00000, GSI 0-119
[    0.063922] ACPI: INT_SRC_OVR (bus 0 bus_irq 0 global_irq 2 dfl dfl)
[    0.063924] ACPI: INT_SRC_OVR (bus 0 bus_irq 9 global_irq 9 high level)
[    0.063929] ACPI: Using ACPI (MADT) for SMP configuration information
[    0.063930] ACPI: HPET id: 0x8086a701 base: 0xfed00000
[    0.063937] TSC deadline timer available
[    0.063938] smpboot: Allowing 112 CPUs, 0 hotplug CPUs
[    0.063969] PM: hibernation: Registered nosave memory: [mem 0x00000000-0x00000fff]
[    0.063971] PM: hibernation: Registered nosave memory: [mem 0x0008f000-0x0008ffff]
[    0.063973] PM: hibernation: Registered nosave memory: [mem 0x000a0000-0x000fffff]
[    0.063975] PM: hibernation: Registered nosave memory: [mem 0x46cc4000-0x46cc4fff]
[    0.063977] PM: hibernation: Registered nosave memory: [mem 0x46cf5000-0x46cf5fff]
[    0.063978] PM: hibernation: Registered nosave memory: [mem 0x46cf6000-0x46cf6fff]
[    0.063979] PM: hibernation: Registered nosave memory: [mem 0x46d28000-0x46d28fff]
[    0.063980] PM: hibernation: Registered nosave memory: [mem 0x46d29000-0x46d29fff]
[    0.063982] PM: hibernation: Registered nosave memory: [mem 0x46d5b000-0x46d5bfff]
[    0.063983] PM: hibernation: Registered nosave memory: [mem 0x46d5c000-0x46d5cfff]
[    0.063984] PM: hibernation: Registered nosave memory: [mem 0x46d64000-0x46d64fff]
[    0.063986] PM: hibernation: Registered nosave memory: [mem 0x49e77000-0x4ae76fff]
[    0.063988] PM: hibernation: Registered nosave memory: [mem 0x4b2cf000-0x4b54dfff]
[    0.063990] PM: hibernation: Registered nosave memory: [mem 0x4bd94000-0x4be99fff]
[    0.063992] PM: hibernation: Registered nosave memory: [mem 0x4ce00000-0x4cffffff]
[    0.063994] PM: hibernation: Registered nosave memory: [mem 0x5eefe000-0x6e3fefff]
[    0.063994] PM: hibernation: Registered nosave memory: [mem 0x6e3ff000-0x6f3fefff]
[    0.063995] PM: hibernation: Registered nosave memory: [mem 0x6f3ff000-0x6f7fefff]
[    0.063997] PM: hibernation: Registered nosave memory: [mem 0x6f800000-0x8fffffff]
[    0.063998] PM: hibernation: Registered nosave memory: [mem 0x90000000-0xfdffffff]
[    0.063999] PM: hibernation: Registered nosave memory: [mem 0xfe000000-0xfe010fff]
[    0.063999] PM: hibernation: Registered nosave memory: [mem 0xfe011000-0xffffffff]
[    0.064000] PM: hibernation: Registered nosave memory: [mem 0x100000000-0xc142fffff]
[    0.064002] PM: hibernation: Registered nosave memory: [mem 0x1000000000-0x1ebfffffff]
[    0.064004] [mem 0x90000000-0xfdffffff] available for PCI devices
[    0.064007] Booting paravirtualized kernel on bare hardware
[    0.064010] clocksource: refined-jiffies: mask: 0xffffffff max_cycles: 0xffffffff, max_idle_ns: 7645519600211568 ns
[    0.064016] setup_percpu: NR_CPUS:8192 nr_cpumask_bits:112 nr_cpu_ids:112 nr_node_ids:4
[    0.068739] percpu: Embedded 61 pages/cpu s212992 r8192 d28672 u262144
[    0.068752] pcpu-alloc: s212992 r8192 d28672 u262144 alloc=1*2097152
[    0.068755] pcpu-alloc: [0] 000 002 004 006 008 010 012 014 
[    0.068761] pcpu-alloc: [0] 016 018 020 022 024 026 028 030 
[    0.068766] pcpu-alloc: [0] 032 034 036 038 040 042 044 046 
[    0.068771] pcpu-alloc: [0] 048 050 052 054 056 058 060 062 
[    0.068775] pcpu-alloc: [0] 064 066 068 070 072 074 076 078 
[    0.068780] pcpu-alloc: [0] 080 082 084 086 088 090 092 094 
[    0.068784] pcpu-alloc: [0] 096 098 100 102 104 106 108 110 
[    0.068789] pcpu-alloc: [1] 001 003 005 007 009 011 013 015 
[    0.068793] pcpu-alloc: [1] 017 019 021 023 025 027 029 031 
[    0.068798] pcpu-alloc: [1] 033 035 037 039 041 043 045 047 
[    0.068802] pcpu-alloc: [1] 049 051 053 055 057 059 061 063 
[    0.068807] pcpu-alloc: [1] 065 067 069 071 073 075 077 079 
[    0.068811] pcpu-alloc: [1] 081 083 085 087 089 091 093 095 
[    0.068816] pcpu-alloc: [1] 097 099 101 103 105 107 109 111 
[    0.068865] Fallback order for Node 0: 0 1 
[    0.068869] Fallback order for Node 1: 1 0 
[    0.068871] Fallback order for Node 2: 2 0 1 
[    0.068874] Fallback order for Node 3: 3 1 0 
[    0.068882] Built 2 zonelists, mobility grouping on.  Total pages: 6229792
[    0.068884] Policy zone: Normal
[    0.068885] Kernel command line: BOOT_IMAGE=/boot/vmlinuz-5.18.0 root=UUID=ce0c24b8-724b-4f33-9b2c-618433560aef ro memmap=45379M!4096M memmap=59G!64G quiet splash nomodeset vt.handoff=1
[    0.069016] Booted with the nomodeset parameter. Only the system framebuffer will be available
[    0.069038] Unknown kernel command line parameters "splash BOOT_IMAGE=/boot/vmlinuz-5.18.0", will be passed to user space.
[    0.069040] printk: log_buf_len individual max cpu contribution: 4096 bytes
[    0.069041] printk: log_buf_len total cpu_extra contributions: 454656 bytes
[    0.069042] printk: log_buf_len min size: 262144 bytes
[    0.070023] printk: log_buf_len: 1048576 bytes
[    0.070025] printk: early log buf free: 223664(85%)
[    0.071932] mem auto-init: stack:off, heap alloc:on, heap free:off
[    0.138666] Memory: 24091560K/25319520K available (16392K kernel code, 3615K rwdata, 10444K rodata, 2688K init, 5836K bss, 1227700K reserved, 0K cma-reserved)
[    0.138675] random: get_random_u64 called from __kmem_cache_create+0x2d/0x480 with crng_init=0
[    0.139430] SLUB: HWalign=64, Order=0-3, MinObjects=0, CPUs=112, Nodes=4
[    0.139464] ftrace: allocating 48795 entries in 191 pages
[    0.148946] ftrace: allocated 191 pages with 7 groups
[    0.150022] Dynamic Preempt: voluntary
[    0.150361] rcu: Preemptible hierarchical RCU implementation.
[    0.150362] rcu: 	RCU restricting CPUs from NR_CPUS=8192 to nr_cpu_ids=112.
[    0.150364] 	Trampoline variant of Tasks RCU enabled.
[    0.150365] 	Rude variant of Tasks RCU enabled.
[    0.150366] 	Tracing variant of Tasks RCU enabled.
[    0.150366] rcu: RCU calculated value of scheduler-enlistment delay is 25 jiffies.
[    0.150368] rcu: Adjusting geometry for rcu_fanout_leaf=16, nr_cpu_ids=112
[    0.154272] NR_IRQS: 524544, nr_irqs: 2952, preallocated irqs: 16
[    0.154620] random: crng init done (trusting CPU's manufacturer)
[    0.154756] Console: colour dummy device 80x25
[    0.154791] printk: console [tty0] enabled
[    0.155000] mempolicy: Enabling automatic NUMA balancing. Configure with numa_balancing= or the kernel.numa_balancing sysctl
[    0.155005] ACPI: Core revision 20211217
[    0.158320] clocksource: hpet: mask: 0xffffffff max_cycles: 0xffffffff, max_idle_ns: 79635855245 ns
[    0.158366] APIC: Switch to symmetric I/O mode setup
[    0.158369] DMAR: Host address width 46
[    0.158370] DMAR: DRHD base: 0x000000d0ffc000 flags: 0x0
[    0.158376] DMAR: dmar0: reg_base_addr d0ffc000 ver 4:0 cap 8ed008c40780466 ecap 60000f050df
[    0.158378] DMAR: DRHD base: 0x000000dbbfc000 flags: 0x0
[    0.158382] DMAR: dmar1: reg_base_addr dbbfc000 ver 4:0 cap 8ed008c40780466 ecap 60000f050df
[    0.158384] DMAR: DRHD base: 0x000000e67fc000 flags: 0x0
[    0.158388] DMAR: dmar2: reg_base_addr e67fc000 ver 4:0 cap 8ed008c40780466 ecap 60000f050df
[    0.158390] DMAR: DRHD base: 0x000000f13fc000 flags: 0x0
[    0.158392] DMAR: dmar3: reg_base_addr f13fc000 ver 4:0 cap 8ed008c40780466 ecap 60000f050df
[    0.158394] DMAR: DRHD base: 0x000000fb7fc000 flags: 0x0
[    0.158397] DMAR: dmar4: reg_base_addr fb7fc000 ver 4:0 cap 8ed008c40780466 ecap 60000f050df
[    0.158399] DMAR: DRHD base: 0x000000a63fc000 flags: 0x0
[    0.158401] DMAR: dmar5: reg_base_addr a63fc000 ver 4:0 cap 8ed008c40780466 ecap 60000f050df
[    0.158403] DMAR: DRHD base: 0x000000b0ffc000 flags: 0x0
[    0.158408] DMAR: dmar6: reg_base_addr b0ffc000 ver 4:0 cap 8ed008c40780466 ecap 60000f050df
[    0.158410] DMAR: DRHD base: 0x000000bbbfc000 flags: 0x0
[    0.158412] DMAR: dmar7: reg_base_addr bbbfc000 ver 4:0 cap 8ed008c40780466 ecap 60000f050df
[    0.158414] DMAR: DRHD base: 0x000000c5ffc000 flags: 0x0
[    0.158416] DMAR: dmar8: reg_base_addr c5ffc000 ver 4:0 cap 8ed008c40780466 ecap 60000f050df
[    0.158418] DMAR: DRHD base: 0x0000009b7fc000 flags: 0x1
[    0.158421] DMAR: dmar9: reg_base_addr 9b7fc000 ver 4:0 cap 8ed008c40780466 ecap 60000f050df
[    0.158423] DMAR: RMRR base: 0x00000069427000 end: 0x00000069429fff
[    0.158424] DMAR: ATSR flags: 0x0
[    0.158427] DMAR-IR: IOAPIC id 8 under DRHD base  0x9b7fc000 IOMMU 9
[    0.158429] DMAR-IR: HPET id 0 under DRHD base 0x9b7fc000
[    0.158430] DMAR-IR: Queued invalidation will be enabled to support x2apic and Intr-remapping.
[    0.161667] DMAR-IR: Enabled IRQ remapping in x2apic mode
[    0.164299] ..TIMER: vector=0x30 apic1=0 pin1=2 apic2=-1 pin2=-1
[    0.182294] clocksource: tsc-early: mask: 0xffffffffffffffff max_cycles: 0x39a85c9bff6, max_idle_ns: 881590591483 ns
[    0.182301] Calibrating delay loop (skipped), value calculated using timer frequency.. 4000.00 BogoMIPS (lpj=8000000)
[    0.182305] pid_max: default: 114688 minimum: 896
[    0.186176] LSM: Security Framework initializing
[    0.186202] Yama: becoming mindful.
[    0.186257] AppArmor: AppArmor initialized
[    0.190465] Dentry cache hash table entries: 4194304 (order: 13, 33554432 bytes, vmalloc hugepage)
[    0.192570] Inode-cache hash table entries: 2097152 (order: 12, 16777216 bytes, vmalloc hugepage)
[    0.192683] Mount-cache hash table entries: 65536 (order: 7, 524288 bytes, vmalloc)
[    0.192753] Mountpoint-cache hash table entries: 65536 (order: 7, 524288 bytes, vmalloc)
[    0.193358] x86/tme: not enabled by BIOS
[    0.193368] CPU0: Thermal monitoring enabled (TM1)
[    0.193372] x86/cpu: User Mode Instruction Prevention (UMIP) activated
[    0.193608] process: using mwait in idle threads
[    0.193611] Last level iTLB entries: 4KB 0, 2MB 0, 4MB 0
[    0.193612] Last level dTLB entries: 4KB 0, 2MB 0, 4MB 0, 1GB 0
[    0.193619] Spectre V1 : Mitigation: usercopy/swapgs barriers and __user pointer sanitization
[    0.193621] Spectre V2 : WARNING: Unprivileged eBPF is enabled with eIBRS on, data leaks possible via Spectre v2 BHB attacks!
[    0.193626] Spectre V2 : Mitigation: Enhanced IBRS
[    0.193627] Spectre V2 : Spectre v2 / SpectreRSB mitigation: Filling RSB on context switch
[    0.193629] Spectre V2 : mitigation: Enabling conditional Indirect Branch Prediction Barrier
[    0.193631] Speculative Store Bypass: Mitigation: Speculative Store Bypass disabled via prctl
[    0.199317] Freeing SMP alternatives memory: 40K
[    0.202451] smpboot: Estimated ratio of average max frequency by base frequency (times 1024): 1433
[    0.202467] smpboot: CPU0: Intel(R) Xeon(R) Gold 6330 CPU @ 2.00GHz (family: 0x6, model: 0x6a, stepping: 0x6)
[    0.202684] cblist_init_generic: Setting adjustable number of callback queues.
[    0.202699] cblist_init_generic: Setting shift to 7 and lim to 1.
[    0.202726] cblist_init_generic: Setting shift to 7 and lim to 1.
[    0.202756] cblist_init_generic: Setting shift to 7 and lim to 1.
[    0.202768] Performance Events: PEBS fmt4+-baseline,  AnyThread deprecated, Icelake events, 32-deep LBR, full-width counters, Intel PMU driver.
[    0.202806] ... version:                5
[    0.202807] ... bit width:              48
[    0.202808] ... generic registers:      8
[    0.202808] ... value mask:             0000ffffffffffff
[    0.202809] ... max period:             00007fffffffffff
[    0.202810] ... fixed-purpose events:   4
[    0.202810] ... event mask:             0001000f000000ff
[    0.202972] rcu: Hierarchical SRCU implementation.
[    0.210371] NMI watchdog: Enabled. Permanently consumes one hw-PMU counter.
[    0.211480] smp: Bringing up secondary CPUs ...
[    0.211610] x86: Booting SMP configuration:
[    0.211611] .... node  #1, CPUs:          #1
[    0.007686] smpboot: CPU 1 Converting physical 0 to logical die 1

[    0.298414] .... node  #0, CPUs:     #2
[    0.303796] .... node  #1, CPUs:     #3
[    0.309253] .... node  #0, CPUs:     #4
[    0.314636] .... node  #1, CPUs:     #5
[    0.320063] .... node  #0, CPUs:     #6
[    0.325656] .... node  #1, CPUs:     #7
[    0.331277] .... node  #0, CPUs:     #8
[    0.336577] .... node  #1, CPUs:     #9
[    0.342407] .... node  #0, CPUs:    #10
[    0.348079] .... node  #1, CPUs:    #11
[    0.353855] .... node  #0, CPUs:    #12
[    0.359380] .... node  #1, CPUs:    #13
[    0.364768] .... node  #0, CPUs:    #14
[    0.370014] .... node  #1, CPUs:    #15
[    0.375357] .... node  #0, CPUs:    #16
[    0.380646] .... node  #1, CPUs:    #17
[    0.385984] .... node  #0, CPUs:    #18
[    0.391249] .... node  #1, CPUs:    #19
[    0.396923] .... node  #0, CPUs:    #20
[    0.402446] .... node  #1, CPUs:    #21
[    0.407829] .... node  #0, CPUs:    #22
[    0.413272] .... node  #1, CPUs:    #23
[    0.418575] .... node  #0, CPUs:    #24
[    0.424220] .... node  #1, CPUs:    #25
[    0.429587] .... node  #0, CPUs:    #26
[    0.434818] .... node  #1, CPUs:    #27
[    0.440146] .... node  #0, CPUs:    #28
[    0.445673] .... node  #1, CPUs:    #29
[    0.451001] .... node  #0, CPUs:    #30
[    0.456246] .... node  #1, CPUs:    #31
[    0.461745] .... node  #0, CPUs:    #32
[    0.467039] .... node  #1, CPUs:    #33
[    0.472449] .... node  #0, CPUs:    #34
[    0.477912] .... node  #1, CPUs:    #35
[    0.483261] .... node  #0, CPUs:    #36
[    0.488484] .... node  #1, CPUs:    #37
[    0.493829] .... node  #0, CPUs:    #38
[    0.499402] .... node  #1, CPUs:    #39
[    0.504973] .... node  #0, CPUs:    #40
[    0.510589] .... node  #1, CPUs:    #41
[    0.516378] .... node  #0, CPUs:    #42
[    0.521694] .... node  #1, CPUs:    #43
[    0.527372] .... node  #0, CPUs:    #44
[    0.532742] .... node  #1, CPUs:    #45
[    0.538414] .... node  #0, CPUs:    #46
[    0.543797] .... node  #1, CPUs:    #47
[    0.549281] .... node  #0, CPUs:    #48
[    0.554624] .... node  #1, CPUs:    #49
[    0.560117] .... node  #0, CPUs:    #50
[    0.565636] .... node  #1, CPUs:    #51
[    0.571305] .... node  #0, CPUs:    #52
[    0.576788] .... node  #1, CPUs:    #53
[    0.582413] .... node  #0, CPUs:    #54
[    0.588114] .... node  #1, CPUs:    #55
[    0.593959] .... node  #0, CPUs:    #56
[    0.600135] .... node  #1, CPUs:    #57
[    0.606302] .... node  #0, CPUs:    #58
[    0.611521] .... node  #1, CPUs:    #59
[    0.617012] .... node  #0, CPUs:    #60
[    0.622481] .... node  #1, CPUs:    #61
[    0.627862] .... node  #0, CPUs:    #62
[    0.633467] .... node  #1, CPUs:    #63
[    0.639100] .... node  #0, CPUs:    #64
[    0.644408] .... node  #1, CPUs:    #65
[    0.650412] .... node  #0, CPUs:    #66
[    0.655951] .... node  #1, CPUs:    #67
[    0.661752] .... node  #0, CPUs:    #68
[    0.667302] .... node  #1, CPUs:    #69
[    0.672719] .... node  #0, CPUs:    #70
[    0.677980] .... node  #1, CPUs:    #71
[    0.683336] .... node  #0, CPUs:    #72
[    0.688649] .... node  #1, CPUs:    #73
[    0.694012] .... node  #0, CPUs:    #74
[    0.699295] .... node  #1, CPUs:    #75
[    0.704993] .... node  #0, CPUs:    #76
[    0.710479] .... node  #1, CPUs:    #77
[    0.715924] .... node  #0, CPUs:    #78
[    0.721394] .... node  #1, CPUs:    #79
[    0.726721] .... node  #0, CPUs:    #80
[    0.732385] .... node  #1, CPUs:    #81
[    0.737769] .... node  #0, CPUs:    #82
[    0.742997] .... node  #1, CPUs:    #83
[    0.748377] .... node  #0, CPUs:    #84
[    0.753922] .... node  #1, CPUs:    #85
[    0.759259] .... node  #0, CPUs:    #86
[    0.764525] .... node  #1, CPUs:    #87
[    0.770062] .... node  #0, CPUs:    #88
[    0.775392] .... node  #1, CPUs:    #89
[    0.780828] .... node  #0, CPUs:    #90
[    0.786488] .... node  #1, CPUs:    #91
[    0.791655] .... node  #0, CPUs:    #92
[    0.796907] .... node  #1, CPUs:    #93
[    0.802415] .... node  #0, CPUs:    #94
[    0.807869] .... node  #1, CPUs:    #95
[    0.813472] .... node  #0, CPUs:    #96
[    0.819120] .... node  #1, CPUs:    #97
[    0.824989] .... node  #0, CPUs:    #98
[    0.830486] .... node  #1, CPUs:    #99
[    0.836038] .... node  #0, CPUs:   #100
[    0.841432] .... node  #1, CPUs:   #101
[    0.846950] .... node  #0, CPUs:   #102
[    0.852503] .... node  #1, CPUs:   #103
[    0.858013] .... node  #0, CPUs:   #104
[    0.863377] .... node  #1, CPUs:   #105
[    0.868867] .... node  #0, CPUs:   #106
[    0.874482] .... node  #1, CPUs:   #107
[    0.880096] .... node  #0, CPUs:   #108
[    0.885589] .... node  #1, CPUs:   #109
[    0.891240] .... node  #0, CPUs:   #110
[    0.896969] .... node  #1, CPUs:   #111
[    0.902837] smp: Brought up 2 nodes, 112 CPUs
[    0.902837] smpboot: Max logical packages: 2
[    0.902837] smpboot: Total of 112 processors activated (448088.48 BogoMIPS)
[    0.909735] devtmpfs: initialized
[    0.909735] x86/mm: Memory block size: 2048MB
[    0.910326] ACPI: PM: Registering ACPI NVS region [mem 0x49e77000-0x4ae76fff] (16777216 bytes)
[    0.910535] ACPI: PM: Registering ACPI NVS region [mem 0x6e3ff000-0x6f3fefff] (16777216 bytes)
[    0.910813] clocksource: jiffies: mask: 0xffffffff max_cycles: 0xffffffff, max_idle_ns: 7645041785100000 ns
[    0.911121] futex hash table entries: 32768 (order: 9, 2097152 bytes, vmalloc)
[    0.911378] pinctrl core: initialized pinctrl subsystem
[    0.911538] PM: RTC time: 05:33:26, date: 2024-06-22
[    0.912491] NET: Registered PF_NETLINK/PF_ROUTE protocol family
[    0.913287] DMA: preallocated 4096 KiB GFP_KERNEL pool for atomic allocations
[    0.913794] DMA: preallocated 4096 KiB GFP_KERNEL|GFP_DMA pool for atomic allocations
[    0.914304] DMA: preallocated 4096 KiB GFP_KERNEL|GFP_DMA32 pool for atomic allocations
[    0.914314] audit: initializing netlink subsys (disabled)
[    0.914322] audit: type=2000 audit(1719034405.756:1): state=initialized audit_enabled=0 res=1
[    0.914438] thermal_sys: Registered thermal governor 'fair_share'
[    0.914439] thermal_sys: Registered thermal governor 'bang_bang'
[    0.914440] thermal_sys: Registered thermal governor 'step_wise'
[    0.914441] thermal_sys: Registered thermal governor 'user_space'
[    0.914446] EISA bus registered
[    0.914466] cpuidle: using governor ladder
[    0.914466] cpuidle: using governor menu
[    0.914466] ACPI FADT declares the system doesn't support PCIe ASPM, so disable it
[    0.914466] acpiphp: ACPI Hot Plug PCI Controller Driver version: 0.5
[    0.914466] PCI: MMCONFIG for domain 0000 [bus 00-ff] at [mem 0x80000000-0x8fffffff] (base 0x80000000)
[    0.914469] PCI: MMCONFIG at [mem 0x80000000-0x8fffffff] reserved in E820
[    0.914476] pmd_set_huge: Cannot satisfy [mem 0x80000000-0x80200000] with a huge-page mapping due to MTRR override.
[    0.914679] PCI: Using configuration type 1 for base access
[    0.914689] PCI: Dell System detected, enabling pci=bfsort.
[    0.916842] ENERGY_PERF_BIAS: Set to 'normal', was 'performance'
[    0.919655] kprobes: kprobe jump-optimization is enabled. All kprobes are optimized if possible.
[    0.919660] HugeTLB registered 1.00 GiB page size, pre-allocated 0 pages
[    0.919660] HugeTLB registered 2.00 MiB page size, pre-allocated 0 pages
[    0.922656] fbcon: Taking over console
[    0.922656] ACPI: Added _OSI(Module Device)
[    0.922656] ACPI: Added _OSI(Processor Device)
[    0.922656] ACPI: Added _OSI(3.0 _SCP Extensions)
[    0.922656] ACPI: Added _OSI(Processor Aggregator Device)
[    0.922656] ACPI: Added _OSI(Linux-Dell-Video)
[    0.922656] ACPI: Added _OSI(Linux-Lenovo-NV-HDMI-Audio)
[    0.922656] ACPI: Added _OSI(Linux-HPI-Hybrid-Graphics)
[    1.093958] ACPI: 8 ACPI AML tables successfully acquired and loaded
[    1.100286] ACPI: [Firmware Bug]: BIOS _OSI(Linux) query ignored
[    1.106325] ACPI: Dynamic OEM Table Load:
[    1.523347] ACPI: Interpreter enabled
[    1.523370] ACPI: PM: (supports S0 S5)
[    1.523371] ACPI: Using IOAPIC for interrupt routing
[    1.523460] HEST: Table parsing has been initialized.
[    1.523646] GHES: APEI firmware first mode is enabled by APEI bit and WHEA _OSC.
[    1.523649] PCI: Using host bridge windows from ACPI; if necessary, use "pci=nocrs" and report a bug
[    1.553638] ACPI: Enabled 4 GPEs in block 00 to 7F
[    1.682487] ACPI: PCI Root Bridge [PC00] (domain 0000 [bus 00-15])
[    1.682494] acpi PNP0A08:00: _OSC: OS supports [ExtendedConfig ASPM ClockPM Segments MSI HPX-Type3]
[    1.751256] acpi PNP0A08:00: _OSC: platform does not support [SHPCHotplug AER LTR]
[    1.751484] acpi PNP0A08:00: _OSC: OS now controls [PCIeHotplug PME PCIeCapability]
[    1.751485] acpi PNP0A08:00: FADT indicates ASPM is unsupported, using BIOS configuration
[    1.753378] PCI host bridge to bus 0000:00
[    1.753380] pci_bus 0000:00: root bus resource [io  0x0000-0x0cf7 window]
[    1.753382] pci_bus 0000:00: root bus resource [io  0x1000-0x4fff window]
[    1.753384] pci_bus 0000:00: root bus resource [mem 0x000a0000-0x000bffff window]
[    1.753385] pci_bus 0000:00: root bus resource [mem 0x000c8000-0x000cffff window]
[    1.753386] pci_bus 0000:00: root bus resource [mem 0xfe010000-0xfe010fff window]
[    1.753388] pci_bus 0000:00: root bus resource [mem 0x90000000-0x9b7fffff window]
[    1.753389] pci_bus 0000:00: root bus resource [mem 0x200000000000-0x20ffffffffff window]
[    1.753391] pci_bus 0000:00: root bus resource [bus 00-15]
[    1.753406] pci 0000:00:00.0: [8086:09a2] type 00 class 0x088000
[    1.753510] pci 0000:00:00.1: [8086:09a4] type 00 class 0x088000
[    1.753578] pci 0000:00:00.2: [8086:09a3] type 00 class 0x088000
[    1.753644] pci 0000:00:00.4: [8086:0998] type 00 class 0x060000
[    1.753714] pci 0000:00:02.0: [8086:09a6] type 00 class 0x088000
[    1.753722] pci 0000:00:02.0: reg 0x10: [mem 0x92dfc000-0x92dfdfff]
[    1.753799] pci 0000:00:02.1: [8086:09a7] type 00 class 0x088000
[    1.753807] pci 0000:00:02.1: reg 0x10: [mem 0x92d00000-0x92d7ffff]
[    1.753813] pci 0000:00:02.1: reg 0x14: [mem 0x92c80000-0x92cfffff]
[    1.753889] pci 0000:00:02.4: [8086:3456] type 00 class 0x130000
[    1.753899] pci 0000:00:02.4: reg 0x10: [mem 0x92a00000-0x92afffff 64bit]
[    1.753906] pci 0000:00:02.4: reg 0x18: [mem 0x92df0000-0x92df3fff 64bit]
[    1.753912] pci 0000:00:02.4: reg 0x20: [mem 0x92dc0000-0x92ddffff 64bit]
[    1.753991] pci 0000:00:11.0: [8086:a1ec] type 00 class 0xff0000
[    1.753994] pci 0000:00:11.0: device has non-compliant BARs; disabling IO/MEM decoding
[    1.754084] pci 0000:00:11.5: [8086:a1d2] type 00 class 0x010601
[    1.754097] pci 0000:00:11.5: reg 0x10: [mem 0x92dfa000-0x92dfbfff]
[    1.754105] pci 0000:00:11.5: reg 0x14: [mem 0x92e05000-0x92e050ff]
[    1.754112] pci 0000:00:11.5: reg 0x18: [io  0x2068-0x206f]
[    1.754120] pci 0000:00:11.5: reg 0x1c: [io  0x2074-0x2077]
[    1.754127] pci 0000:00:11.5: reg 0x20: [io  0x2040-0x205f]
[    1.754135] pci 0000:00:11.5: reg 0x24: [mem 0x92b80000-0x92bfffff]
[    1.754172] pci 0000:00:11.5: PME# supported from D3hot
[    1.754391] pci 0000:00:14.0: [8086:a1af] type 00 class 0x0c0330
[    1.754408] pci 0000:00:14.0: reg 0x10: [mem 0x92de0000-0x92deffff 64bit]
[    1.754472] pci 0000:00:14.0: PME# supported from D3hot D3cold
[    1.754709] pci 0000:00:14.2: [8086:a1b1] type 00 class 0x118000
[    1.754726] pci 0000:00:14.2: reg 0x10: [mem 0x92e02000-0x92e02fff 64bit]
[    1.754851] pci 0000:00:16.0: [8086:a1ba] type 00 class 0x078000
[    1.754874] pci 0000:00:16.0: reg 0x10: [mem 0x92e01000-0x92e01fff 64bit]
[    1.754957] pci 0000:00:16.0: PME# supported from D3hot
[    1.755021] pci 0000:00:16.1: [8086:a1bb] type 00 class 0x078000
[    1.755044] pci 0000:00:16.1: reg 0x10: [mem 0x92e00000-0x92e00fff 64bit]
[    1.755126] pci 0000:00:16.1: PME# supported from D3hot
[    1.755192] pci 0000:00:16.4: [8086:a1be] type 00 class 0x078000
[    1.755215] pci 0000:00:16.4: reg 0x10: [mem 0x92dff000-0x92dfffff 64bit]
[    1.755298] pci 0000:00:16.4: PME# supported from D3hot
[    1.755372] pci 0000:00:17.0: [8086:a182] type 00 class 0x010601
[    1.755384] pci 0000:00:17.0: reg 0x10: [mem 0x92df8000-0x92df9fff]
[    1.755392] pci 0000:00:17.0: reg 0x14: [mem 0x92e04000-0x92e040ff]
[    1.755399] pci 0000:00:17.0: reg 0x18: [io  0x2060-0x2067]
[    1.755406] pci 0000:00:17.0: reg 0x1c: [io  0x2070-0x2073]
[    1.755413] pci 0000:00:17.0: reg 0x20: [io  0x2020-0x203f]
[    1.755420] pci 0000:00:17.0: reg 0x24: [mem 0x92b00000-0x92b7ffff]
[    1.755457] pci 0000:00:17.0: PME# supported from D3hot
[    1.755667] pci 0000:00:1c.0: [8086:a190] type 01 class 0x060400
[    1.755742] pci 0000:00:1c.0: PME# supported from D0 D3hot D3cold
[    1.756407] pci 0000:00:1c.4: [8086:a194] type 01 class 0x060400
[    1.756477] pci 0000:00:1c.4: PME# supported from D0 D3hot D3cold
[    1.757111] pci 0000:00:1c.5: [8086:a195] type 01 class 0x060400
[    1.757183] pci 0000:00:1c.5: PME# supported from D0 D3hot D3cold
[    1.757822] pci 0000:00:1f.0: [8086:a1cb] type 00 class 0x060100
[    1.758122] pci 0000:00:1f.2: [8086:a1a1] type 00 class 0x058000
[    1.758137] pci 0000:00:1f.2: reg 0x10: [mem 0x92df4000-0x92df7fff]
[    1.758457] pci 0000:00:1f.4: [8086:a1a3] type 00 class 0x0c0500
[    1.758476] pci 0000:00:1f.4: reg 0x10: [mem 0x92dfe000-0x92dfe0ff 64bit]
[    1.758500] pci 0000:00:1f.4: reg 0x20: [io  0x2000-0x201f]
[    1.758568] pci 0000:00:1f.5: [8086:a1a4] type 00 class 0x0c8000
[    1.758584] pci 0000:00:1f.5: reg 0x10: [mem 0xfe010000-0xfe010fff]
[    1.758715] pci 0000:00:1c.0: PCI bridge to [bus 01]
[    1.758766] pci 0000:02:00.0: [1556:be00] type 01 class 0x060400
[    1.758939] pci 0000:00:1c.4: PCI bridge to [bus 02-03]
[    1.758944] pci 0000:00:1c.4:   bridge window [mem 0x92000000-0x928fffff]
[    1.758948] pci 0000:00:1c.4:   bridge window [mem 0x91000000-0x91ffffff 64bit pref]
[    1.758980] pci_bus 0000:03: extended config space not accessible
[    1.758997] pci 0000:03:00.0: [102b:0536] type 00 class 0x030000
[    1.759016] pci 0000:03:00.0: reg 0x10: [mem 0x91000000-0x91ffffff pref]
[    1.759027] pci 0000:03:00.0: reg 0x14: [mem 0x92808000-0x9280bfff]
[    1.759038] pci 0000:03:00.0: reg 0x18: [mem 0x92000000-0x927fffff]
[    1.759086] pci 0000:03:00.0: BAR 0: assigned to efifb
[    1.759094] pci 0000:03:00.0: Video device with shadowed ROM at [mem 0x000c0000-0x000dffff]
[    1.759196] pci 0000:02:00.0: PCI bridge to [bus 03]
[    1.759204] pci 0000:02:00.0:   bridge window [mem 0x92000000-0x928fffff]
[    1.759210] pci 0000:02:00.0:   bridge window [mem 0x91000000-0x91ffffff 64bit pref]
[    1.759281] pci 0000:04:00.0: [14e4:165f] type 00 class 0x020000
[    1.759305] pci 0000:04:00.0: reg 0x10: [mem 0x92930000-0x9293ffff 64bit pref]
[    1.759321] pci 0000:04:00.0: reg 0x18: [mem 0x92940000-0x9294ffff 64bit pref]
[    1.759336] pci 0000:04:00.0: reg 0x20: [mem 0x92950000-0x9295ffff 64bit pref]
[    1.759347] pci 0000:04:00.0: reg 0x30: [mem 0xfffc0000-0xffffffff pref]
[    1.759442] pci 0000:04:00.0: PME# supported from D0 D3hot D3cold
[    1.759495] pci 0000:04:00.0: 4.000 Gb/s available PCIe bandwidth, limited by 5.0 GT/s PCIe x1 link at 0000:00:1c.5 (capable of 8.000 Gb/s with 5.0 GT/s PCIe x2 link)
[    1.760061] pci 0000:04:00.1: [14e4:165f] type 00 class 0x020000
[    1.760085] pci 0000:04:00.1: reg 0x10: [mem 0x92900000-0x9290ffff 64bit pref]
[    1.760101] pci 0000:04:00.1: reg 0x18: [mem 0x92910000-0x9291ffff 64bit pref]
[    1.760116] pci 0000:04:00.1: reg 0x20: [mem 0x92920000-0x9292ffff 64bit pref]
[    1.760127] pci 0000:04:00.1: reg 0x30: [mem 0xfffc0000-0xffffffff pref]
[    1.760222] pci 0000:04:00.1: PME# supported from D0 D3hot D3cold
[    1.760802] pci 0000:00:1c.5: PCI bridge to [bus 04]
[    1.760810] pci 0000:00:1c.5:   bridge window [mem 0x92900000-0x929fffff 64bit pref]
[    1.760824] pci_bus 0000:00: on NUMA node 0
[    1.761428] ACPI: PCI Root Bridge [PC01] (domain 0000 [bus 16-2f])
[    1.761433] acpi PNP0A08:01: _OSC: OS supports [ExtendedConfig ASPM ClockPM Segments MSI HPX-Type3]
[    1.776247] acpi PNP0A08:01: _OSC: platform does not support [SHPCHotplug AER]
[    1.776467] acpi PNP0A08:01: _OSC: OS now controls [PCIeHotplug PME PCIeCapability LTR]
[    1.776468] acpi PNP0A08:01: FADT indicates ASPM is unsupported, using BIOS configuration
[    1.776602] PCI host bridge to bus 0000:16
[    1.776604] pci_bus 0000:16: root bus resource [io  0x5000-0x6fff window]
[    1.776606] pci_bus 0000:16: root bus resource [mem 0x9b800000-0xa63fffff window]
[    1.776607] pci_bus 0000:16: root bus resource [mem 0x210000000000-0x21ffffffffff window]
[    1.776608] pci_bus 0000:16: root bus resource [bus 16-2f]
[    1.776619] pci 0000:16:00.0: [8086:09a2] type 00 class 0x088000
[    1.776689] pci 0000:16:00.1: [8086:09a4] type 00 class 0x088000
[    1.776751] pci 0000:16:00.2: [8086:09a3] type 00 class 0x088000
[    1.776814] pci 0000:16:00.4: [8086:0998] type 00 class 0x060000
[    1.776885] pci 0000:16:02.0: [8086:347a] type 01 class 0x060400
[    1.776894] pci 0000:16:02.0: reg 0x10: [mem 0x21fffff00000-0x21fffff1ffff 64bit]
[    1.776933] pci 0000:16:02.0: PME# supported from D0 D3hot D3cold
[    1.777881] pci 0000:17:00.0: [1000:10e2] type 00 class 0x010400
[    1.777894] pci 0000:17:00.0: reg 0x10: [mem 0x9b800000-0x9b8fffff 64bit pref]
[    1.777902] pci 0000:17:00.0: reg 0x18: [mem 0x9b900000-0x9b9fffff 64bit pref]
[    1.777908] pci 0000:17:00.0: reg 0x20: [mem 0x9ba00000-0x9bafffff]
[    1.777914] pci 0000:17:00.0: reg 0x24: [io  0x5000-0x50ff]
[    1.777920] pci 0000:17:00.0: reg 0x30: [mem 0xfff00000-0xffffffff pref]
[    1.779040] pci 0000:17:00.0: supports D1 D2
[    1.779109] pci 0000:16:02.0: PCI bridge to [bus 17]
[    1.779111] pci 0000:16:02.0:   bridge window [io  0x5000-0x5fff]
[    1.779113] pci 0000:16:02.0:   bridge window [mem 0x9ba00000-0x9bafffff]
[    1.779116] pci 0000:16:02.0:   bridge window [mem 0x9b800000-0x9b9fffff 64bit pref]
[    1.779122] pci_bus 0000:16: on NUMA node 0
[    1.779200] ACPI: PCI Root Bridge [PC02] (domain 0000 [bus 30-49])
[    1.779204] acpi PNP0A08:02: _OSC: OS supports [ExtendedConfig ASPM ClockPM Segments MSI HPX-Type3]
[    1.793659] acpi PNP0A08:02: _OSC: platform does not support [SHPCHotplug AER]
[    1.793875] acpi PNP0A08:02: _OSC: OS now controls [PCIeHotplug PME PCIeCapability LTR]
[    1.793876] acpi PNP0A08:02: FADT indicates ASPM is unsupported, using BIOS configuration
[    1.793998] PCI host bridge to bus 0000:30
[    1.794000] pci_bus 0000:30: root bus resource [io  0x7000-0x8fff window]
[    1.794001] pci_bus 0000:30: root bus resource [mem 0xa6400000-0xb0ffffff window]
[    1.794003] pci_bus 0000:30: root bus resource [mem 0x220000000000-0x22ffffffffff window]
[    1.794004] pci_bus 0000:30: root bus resource [bus 30-49]
[    1.794014] pci 0000:30:00.0: [8086:09a2] type 00 class 0x088000
[    1.794082] pci 0000:30:00.1: [8086:09a4] type 00 class 0x088000
[    1.794144] pci 0000:30:00.2: [8086:09a3] type 00 class 0x088000
[    1.794207] pci 0000:30:00.4: [8086:0998] type 00 class 0x060000
[    1.794276] pci_bus 0000:30: on NUMA node 0
[    1.794381] ACPI: PCI Root Bridge [PC04] (domain 0000 [bus 4a-63])
[    1.794384] acpi PNP0A08:04: _OSC: OS supports [ExtendedConfig ASPM ClockPM Segments MSI HPX-Type3]
[    1.808820] acpi PNP0A08:04: _OSC: platform does not support [SHPCHotplug AER]
[    1.809033] acpi PNP0A08:04: _OSC: OS now controls [PCIeHotplug PME PCIeCapability LTR]
[    1.809034] acpi PNP0A08:04: FADT indicates ASPM is unsupported, using BIOS configuration
[    1.809164] PCI host bridge to bus 0000:4a
[    1.809165] pci_bus 0000:4a: root bus resource [io  0x9000-0x9fff window]
[    1.809167] pci_bus 0000:4a: root bus resource [mem 0xb1000000-0xbbbfffff window]
[    1.809168] pci_bus 0000:4a: root bus resource [mem 0x230000000000-0x23ffffffffff window]
[    1.809170] pci_bus 0000:4a: root bus resource [bus 4a-63]
[    1.809179] pci 0000:4a:00.0: [8086:09a2] type 00 class 0x088000
[    1.809243] pci 0000:4a:00.1: [8086:09a4] type 00 class 0x088000
[    1.809310] pci 0000:4a:00.2: [8086:09a3] type 00 class 0x088000
[    1.809372] pci 0000:4a:00.4: [8086:0998] type 00 class 0x060000
[    1.809441] pci_bus 0000:4a: on NUMA node 0
[    1.809514] ACPI: PCI Root Bridge [PC05] (domain 0000 [bus 64-7d])
[    1.809517] acpi PNP0A08:05: _OSC: OS supports [ExtendedConfig ASPM ClockPM Segments MSI HPX-Type3]
[    1.823942] acpi PNP0A08:05: _OSC: platform does not support [SHPCHotplug AER]
[    1.824153] acpi PNP0A08:05: _OSC: OS now controls [PCIeHotplug PME PCIeCapability LTR]
[    1.824155] acpi PNP0A08:05: FADT indicates ASPM is unsupported, using BIOS configuration
[    1.824274] PCI host bridge to bus 0000:64
[    1.824275] pci_bus 0000:64: root bus resource [io  0xa000-0xafff window]
[    1.824276] pci_bus 0000:64: root bus resource [mem 0xbbc00000-0xc5ffffff window]
[    1.824278] pci_bus 0000:64: root bus resource [mem 0x240000000000-0x24ffffffffff window]
[    1.824279] pci_bus 0000:64: root bus resource [bus 64-7d]
[    1.824288] pci 0000:64:00.0: [8086:09a2] type 00 class 0x088000
[    1.824352] pci 0000:64:00.1: [8086:09a4] type 00 class 0x088000
[    1.824413] pci 0000:64:00.2: [8086:09a3] type 00 class 0x088000
[    1.824475] pci 0000:64:00.4: [8086:0998] type 00 class 0x060000
[    1.824544] pci_bus 0000:64: on NUMA node 0
[    1.824611] ACPI: PCI Root Bridge [UC06] (domain 0000 [bus 7e])
[    1.824613] acpi PNP0A03:00: _OSC: OS supports [ExtendedConfig ASPM ClockPM Segments MSI HPX-Type3]
[    1.824711] acpi PNP0A03:00: _OSC: platform does not support [SHPCHotplug AER LTR]
[    1.824891] acpi PNP0A03:00: _OSC: OS now controls [PCIeHotplug PME PCIeCapability]
[    1.824892] acpi PNP0A03:00: FADT indicates ASPM is unsupported, using BIOS configuration
[    1.825027] PCI host bridge to bus 0000:7e
[    1.825028] pci_bus 0000:7e: root bus resource [bus 7e]
[    1.825036] pci 0000:7e:00.0: [8086:3450] type 00 class 0x088000
[    1.825108] pci 0000:7e:00.1: [8086:3451] type 00 class 0x088000
[    1.825169] pci 0000:7e:00.2: [8086:3452] type 00 class 0x088000
[    1.825239] pci 0000:7e:00.3: [8086:0998] type 00 class 0x060000
[    1.825294] pci 0000:7e:00.5: [8086:3455] type 00 class 0x088000
[    1.825355] pci 0000:7e:02.0: [8086:3440] type 00 class 0x088000
[    1.825482] pci 0000:7e:02.1: [8086:3441] type 00 class 0x088000
[    1.825589] pci 0000:7e:02.2: [8086:3442] type 00 class 0x088000
[    1.825696] pci 0000:7e:03.0: [8086:3440] type 00 class 0x088000
[    1.825790] pci 0000:7e:03.1: [8086:3441] type 00 class 0x088000
[    1.825868] pci 0000:7e:03.2: [8086:3442] type 00 class 0x088000
[    1.825949] pci 0000:7e:04.0: [8086:3440] type 00 class 0x088000
[    1.826068] pci 0000:7e:04.1: [8086:3441] type 00 class 0x088000
[    1.826183] pci 0000:7e:04.2: [8086:3442] type 00 class 0x088000
[    1.826298] pci 0000:7e:04.3: [8086:3443] type 00 class 0x088000
[    1.826415] pci 0000:7e:05.0: [8086:3445] type 00 class 0x088000
[    1.826545] pci 0000:7e:05.1: [8086:3446] type 00 class 0x088000
[    1.826656] pci 0000:7e:05.2: [8086:3447] type 00 class 0x088000
[    1.826771] pci 0000:7e:06.0: [8086:3445] type 00 class 0x088000
[    1.826867] pci 0000:7e:06.1: [8086:3446] type 00 class 0x088000
[    1.826945] pci 0000:7e:06.2: [8086:3447] type 00 class 0x088000
[    1.827029] pci 0000:7e:07.0: [8086:3445] type 00 class 0x088000
[    1.827163] pci 0000:7e:07.1: [8086:3446] type 00 class 0x088000
[    1.827281] pci 0000:7e:07.2: [8086:3447] type 00 class 0x088000
[    1.827397] pci 0000:7e:0b.0: [8086:3448] type 00 class 0x088000
[    1.827474] pci 0000:7e:0b.1: [8086:3448] type 00 class 0x088000
[    1.827542] pci 0000:7e:0b.2: [8086:344b] type 00 class 0x088000
[    1.827610] pci 0000:7e:0c.0: [8086:344a] type 00 class 0x110100
[    1.827713] pci 0000:7e:0d.0: [8086:344a] type 00 class 0x110100
[    1.827814] pci 0000:7e:0e.0: [8086:344a] type 00 class 0x110100
[    1.827958] pci 0000:7e:0f.0: [8086:344a] type 00 class 0x110100
[    1.828113] pci 0000:7e:1a.0: [8086:2880] type 00 class 0x110100
[    1.828212] pci 0000:7e:1b.0: [8086:2880] type 00 class 0x110100
[    1.828310] pci 0000:7e:1c.0: [8086:2880] type 00 class 0x110100
[    1.828465] pci 0000:7e:1d.0: [8086:2880] type 00 class 0x110100
[    1.828611] pci_bus 0000:7e: on NUMA node 0
[    1.828695] ACPI: PCI Root Bridge [UC07] (domain 0000 [bus 7f])
[    1.828698] acpi PNP0A03:01: _OSC: OS supports [ExtendedConfig ASPM ClockPM Segments MSI HPX-Type3]
[    1.828798] acpi PNP0A03:01: _OSC: platform does not support [SHPCHotplug AER LTR]
[    1.828979] acpi PNP0A03:01: _OSC: OS now controls [PCIeHotplug PME PCIeCapability]
[    1.828980] acpi PNP0A03:01: FADT indicates ASPM is unsupported, using BIOS configuration
[    1.829126] PCI host bridge to bus 0000:7f
[    1.829127] pci_bus 0000:7f: root bus resource [bus 7f]
[    1.829141] pci 0000:7f:00.0: [8086:344c] type 00 class 0x088000
[    1.829255] pci 0000:7f:00.1: [8086:344c] type 00 class 0x088000
[    1.829365] pci 0000:7f:00.2: [8086:344c] type 00 class 0x088000
[    1.829475] pci 0000:7f:00.3: [8086:344c] type 00 class 0x088000
[    1.829564] pci 0000:7f:00.4: [8086:344c] type 00 class 0x088000
[    1.829684] pci 0000:7f:00.5: [8086:344c] type 00 class 0x088000
[    1.829800] pci 0000:7f:00.6: [8086:344c] type 00 class 0x088000
[    1.829882] pci 0000:7f:00.7: [8086:344c] type 00 class 0x088000
[    1.829965] pci 0000:7f:01.0: [8086:344c] type 00 class 0x088000
[    1.830106] pci 0000:7f:01.1: [8086:344c] type 00 class 0x088000
[    1.830224] pci 0000:7f:01.2: [8086:344c] type 00 class 0x088000
[    1.830302] pci 0000:7f:01.3: [8086:344c] type 00 class 0x088000
[    1.830432] pci 0000:7f:01.4: [8086:344c] type 00 class 0x088000
[    1.830564] pci 0000:7f:01.5: [8086:344c] type 00 class 0x088000
[    1.830700] pci 0000:7f:01.6: [8086:344c] type 00 class 0x088000
[    1.830825] pci 0000:7f:01.7: [8086:344c] type 00 class 0x088000
[    1.830953] pci 0000:7f:02.0: [8086:344c] type 00 class 0x088000
[    1.831097] pci 0000:7f:02.1: [8086:344c] type 00 class 0x088000
[    1.831229] pci 0000:7f:02.2: [8086:344c] type 00 class 0x088000
[    1.831360] pci 0000:7f:02.3: [8086:344c] type 00 class 0x088000
[    1.831498] pci 0000:7f:02.4: [8086:344c] type 00 class 0x088000
[    1.831634] pci 0000:7f:02.5: [8086:344c] type 00 class 0x088000
[    1.831771] pci 0000:7f:02.6: [8086:344c] type 00 class 0x088000
[    1.831922] pci 0000:7f:02.7: [8086:344c] type 00 class 0x088000
[    1.832069] pci 0000:7f:03.0: [8086:344c] type 00 class 0x088000
[    1.832228] pci 0000:7f:03.1: [8086:344c] type 00 class 0x088000
[    1.832379] pci 0000:7f:03.2: [8086:344c] type 00 class 0x088000
[    1.832527] pci 0000:7f:03.3: [8086:344c] type 00 class 0x088000
[    1.832693] pci 0000:7f:0a.0: [8086:344d] type 00 class 0x088000
[    1.832805] pci 0000:7f:0a.1: [8086:344d] type 00 class 0x088000
[    1.832914] pci 0000:7f:0a.2: [8086:344d] type 00 class 0x088000
[    1.833030] pci 0000:7f:0a.3: [8086:344d] type 00 class 0x088000
[    1.833119] pci 0000:7f:0a.4: [8086:344d] type 00 class 0x088000
[    1.833240] pci 0000:7f:0a.5: [8086:344d] type 00 class 0x088000
[    1.833357] pci 0000:7f:0a.6: [8086:344d] type 00 class 0x088000
[    1.833434] pci 0000:7f:0a.7: [8086:344d] type 00 class 0x088000
[    1.833517] pci 0000:7f:0b.0: [8086:344d] type 00 class 0x088000
[    1.833660] pci 0000:7f:0b.1: [8086:344d] type 00 class 0x088000
[    1.833780] pci 0000:7f:0b.2: [8086:344d] type 00 class 0x088000
[    1.833864] pci 0000:7f:0b.3: [8086:344d] type 00 class 0x088000
[    1.833995] pci 0000:7f:0b.4: [8086:344d] type 00 class 0x088000
[    1.834127] pci 0000:7f:0b.5: [8086:344d] type 00 class 0x088000
[    1.834263] pci 0000:7f:0b.6: [8086:344d] type 00 class 0x088000
[    1.834383] pci 0000:7f:0b.7: [8086:344d] type 00 class 0x088000
[    1.834510] pci 0000:7f:0c.0: [8086:344d] type 00 class 0x088000
[    1.834655] pci 0000:7f:0c.1: [8086:344d] type 00 class 0x088000
[    1.834786] pci 0000:7f:0c.2: [8086:344d] type 00 class 0x088000
[    1.834924] pci 0000:7f:0c.3: [8086:344d] type 00 class 0x088000
[    1.835062] pci 0000:7f:0c.4: [8086:344d] type 00 class 0x088000
[    1.835199] pci 0000:7f:0c.5: [8086:344d] type 00 class 0x088000
[    1.835336] pci 0000:7f:0c.6: [8086:344d] type 00 class 0x088000
[    1.835482] pci 0000:7f:0c.7: [8086:344d] type 00 class 0x088000
[    1.835630] pci 0000:7f:0d.0: [8086:344d] type 00 class 0x088000
[    1.835794] pci 0000:7f:0d.1: [8086:344d] type 00 class 0x088000
[    1.835946] pci 0000:7f:0d.2: [8086:344d] type 00 class 0x088000
[    1.836099] pci 0000:7f:0d.3: [8086:344d] type 00 class 0x088000
[    1.836268] pci 0000:7f:1d.0: [8086:344f] type 00 class 0x088000
[    1.836389] pci 0000:7f:1d.1: [8086:3457] type 00 class 0x088000
[    1.836494] pci 0000:7f:1e.0: [8086:3458] type 00 class 0x088000
[    1.836573] pci 0000:7f:1e.1: [8086:3459] type 00 class 0x088000
[    1.836635] pci 0000:7f:1e.2: [8086:345a] type 00 class 0x088000
[    1.836698] pci 0000:7f:1e.3: [8086:345b] type 00 class 0x088000
[    1.836759] pci 0000:7f:1e.4: [8086:345c] type 00 class 0x088000
[    1.836825] pci 0000:7f:1e.5: [8086:345d] type 00 class 0x088000
[    1.836886] pci 0000:7f:1e.6: [8086:345e] type 00 class 0x088000
[    1.836947] pci 0000:7f:1e.7: [8086:345f] type 00 class 0x088000
[    1.837005] pci_bus 0000:7f: on NUMA node 0
[    1.837110] ACPI: PCI Root Bridge [PC06] (domain 0000 [bus 80])
[    1.837113] acpi PNP0A08:06: _OSC: OS supports [ExtendedConfig ASPM ClockPM Segments MSI HPX-Type3]
[    1.851556] acpi PNP0A08:06: _OSC: platform does not support [SHPCHotplug AER]
[    1.851769] acpi PNP0A08:06: _OSC: OS now controls [PCIeHotplug PME PCIeCapability LTR]
[    1.851770] acpi PNP0A08:06: FADT indicates ASPM is unsupported, using BIOS configuration
[    1.851918] PCI host bridge to bus 0000:80
[    1.851919] pci_bus 0000:80: root bus resource [io  0xb000-0xbfff window]
[    1.851921] pci_bus 0000:80: root bus resource [mem 0xc6800000-0xd0ffffff window]
[    1.851922] pci_bus 0000:80: root bus resource [mem 0x250000000000-0x25ffffffffff window]
[    1.851923] pci_bus 0000:80: root bus resource [bus 80]
[    1.851933] pci 0000:80:00.0: [8086:09a2] type 00 class 0x088000
[    1.852020] pci 0000:80:00.1: [8086:09a4] type 00 class 0x088000
[    1.852088] pci 0000:80:00.2: [8086:09a3] type 00 class 0x088000
[    1.852157] pci 0000:80:00.4: [8086:0998] type 00 class 0x060000
[    1.852227] pci 0000:80:02.0: [8086:09a6] type 00 class 0x088000
[    1.852236] pci 0000:80:02.0: reg 0x10: [mem 0xc6aa4000-0xc6aa5fff]
[    1.852298] pci 0000:80:02.1: [8086:09a7] type 00 class 0x088000
[    1.852307] pci 0000:80:02.1: reg 0x10: [mem 0xc6a00000-0xc6a7ffff]
[    1.852313] pci 0000:80:02.1: reg 0x14: [mem 0xc6980000-0xc69fffff]
[    1.852368] pci 0000:80:02.4: [8086:3456] type 00 class 0x130000
[    1.852378] pci 0000:80:02.4: reg 0x10: [mem 0xc6800000-0xc68fffff 64bit]
[    1.852386] pci 0000:80:02.4: reg 0x18: [mem 0xc6aa0000-0xc6aa3fff 64bit]
[    1.852393] pci 0000:80:02.4: reg 0x20: [mem 0xc6a80000-0xc6a9ffff 64bit]
[    1.852460] pci_bus 0000:80: on NUMA node 1
[    1.852540] ACPI: PCI Root Bridge [PC07] (domain 0000 [bus 81])
[    1.852542] acpi PNP0A08:07: _OSC: OS supports [ExtendedConfig ASPM ClockPM Segments MSI HPX-Type3]
[    1.866950] acpi PNP0A08:07: _OSC: platform does not support [SHPCHotplug AER]
[    1.867161] acpi PNP0A08:07: _OSC: OS now controls [PCIeHotplug PME PCIeCapability LTR]
[    1.867162] acpi PNP0A08:07: FADT indicates ASPM is unsupported, using BIOS configuration
[    1.867280] PCI host bridge to bus 0000:81
[    1.867281] pci_bus 0000:81: root bus resource [io  0xc000-0xcfff window]
[    1.867283] pci_bus 0000:81: root bus resource [mem 0xd1000000-0xdbbfffff window]
[    1.867284] pci_bus 0000:81: root bus resource [mem 0x260000000000-0x26ffffffffff window]
[    1.867285] pci_bus 0000:81: root bus resource [bus 81]
[    1.867295] pci 0000:81:00.0: [8086:09a2] type 00 class 0x088000
[    1.867363] pci 0000:81:00.1: [8086:09a4] type 00 class 0x088000
[    1.867430] pci 0000:81:00.2: [8086:09a3] type 00 class 0x088000
[    1.867499] pci 0000:81:00.4: [8086:0998] type 00 class 0x060000
[    1.867576] pci_bus 0000:81: on NUMA node 1
[    1.867649] ACPI: PCI Root Bridge [PC08] (domain 0000 [bus 82])
[    1.867652] acpi PNP0A08:08: _OSC: OS supports [ExtendedConfig ASPM ClockPM Segments MSI HPX-Type3]
[    1.882116] acpi PNP0A08:08: _OSC: platform does not support [SHPCHotplug AER]
[    1.882328] acpi PNP0A08:08: _OSC: OS now controls [PCIeHotplug PME PCIeCapability LTR]
[    1.882329] acpi PNP0A08:08: FADT indicates ASPM is unsupported, using BIOS configuration
[    1.882446] PCI host bridge to bus 0000:82
[    1.882447] pci_bus 0000:82: root bus resource [io  0xd000-0xdfff window]
[    1.882449] pci_bus 0000:82: root bus resource [mem 0xdbc00000-0xe67fffff window]
[    1.882450] pci_bus 0000:82: root bus resource [mem 0x270000000000-0x27ffffffffff window]
[    1.882451] pci_bus 0000:82: root bus resource [bus 82]
[    1.882461] pci 0000:82:00.0: [8086:09a2] type 00 class 0x088000
[    1.882530] pci 0000:82:00.1: [8086:09a4] type 00 class 0x088000
[    1.882604] pci 0000:82:00.2: [8086:09a3] type 00 class 0x088000
[    1.882673] pci 0000:82:00.4: [8086:0998] type 00 class 0x060000
[    1.882750] pci_bus 0000:82: on NUMA node 1
[    1.882855] ACPI: PCI Root Bridge [PC10] (domain 0000 [bus 83-f9])
[    1.882858] acpi PNP0A08:0a: _OSC: OS supports [ExtendedConfig ASPM ClockPM Segments MSI HPX-Type3]
[    1.897286] acpi PNP0A08:0a: _OSC: platform does not support [SHPCHotplug AER]
[    1.897498] acpi PNP0A08:0a: _OSC: OS now controls [PCIeHotplug PME PCIeCapability LTR]
[    1.897499] acpi PNP0A08:0a: FADT indicates ASPM is unsupported, using BIOS configuration
[    1.897625] PCI host bridge to bus 0000:83
[    1.897626] pci_bus 0000:83: root bus resource [io  0xe000-0xefff window]
[    1.897627] pci_bus 0000:83: root bus resource [mem 0xe6800000-0xf13fffff window]
[    1.897628] pci_bus 0000:83: root bus resource [mem 0x280000000000-0x28ffffffffff window]
[    1.897630] pci_bus 0000:83: root bus resource [bus 83-f9]
[    1.897640] pci 0000:83:00.0: [8086:09a2] type 00 class 0x088000
[    1.897710] pci 0000:83:00.1: [8086:09a4] type 00 class 0x088000
[    1.897777] pci 0000:83:00.2: [8086:09a3] type 00 class 0x088000
[    1.897847] pci 0000:83:00.4: [8086:0998] type 00 class 0x060000
[    1.897924] pci_bus 0000:83: on NUMA node 1
[    1.897998] ACPI: PCI Root Bridge [PC11] (domain 0000 [bus fa])
[    1.898001] acpi PNP0A08:0b: _OSC: OS supports [ExtendedConfig ASPM ClockPM Segments MSI HPX-Type3]
[    1.912402] acpi PNP0A08:0b: _OSC: platform does not support [SHPCHotplug AER]
[    1.912613] acpi PNP0A08:0b: _OSC: OS now controls [PCIeHotplug PME PCIeCapability LTR]
[    1.912614] acpi PNP0A08:0b: FADT indicates ASPM is unsupported, using BIOS configuration
[    1.912732] PCI host bridge to bus 0000:fa
[    1.912733] pci_bus 0000:fa: root bus resource [io  0xf000-0xffff window]
[    1.912734] pci_bus 0000:fa: root bus resource [mem 0xf1400000-0xfb7fffff window]
[    1.912735] pci_bus 0000:fa: root bus resource [mem 0x290000000000-0x29ffffffffff window]
[    1.912737] pci_bus 0000:fa: root bus resource [bus fa]
[    1.912747] pci 0000:fa:00.0: [8086:09a2] type 00 class 0x088000
[    1.912816] pci 0000:fa:00.1: [8086:09a4] type 00 class 0x088000
[    1.912888] pci 0000:fa:00.2: [8086:09a3] type 00 class 0x088000
[    1.912958] pci 0000:fa:00.4: [8086:0998] type 00 class 0x060000
[    1.913037] pci_bus 0000:fa: on NUMA node 1
[    1.913103] ACPI: PCI Root Bridge [UC16] (domain 0000 [bus fe])
[    1.913106] acpi PNP0A03:02: _OSC: OS supports [ExtendedConfig ASPM ClockPM Segments MSI HPX-Type3]
[    1.913203] acpi PNP0A03:02: _OSC: platform does not support [SHPCHotplug AER LTR]
[    1.913382] acpi PNP0A03:02: _OSC: OS now controls [PCIeHotplug PME PCIeCapability]
[    1.913383] acpi PNP0A03:02: FADT indicates ASPM is unsupported, using BIOS configuration
[    1.913513] PCI host bridge to bus 0000:fe
[    1.913514] pci_bus 0000:fe: root bus resource [bus fe]
[    1.913523] pci 0000:fe:00.0: [8086:3450] type 00 class 0x088000
[    1.913597] pci 0000:fe:00.1: [8086:3451] type 00 class 0x088000
[    1.913660] pci 0000:fe:00.2: [8086:3452] type 00 class 0x088000
[    1.913718] pci 0000:fe:00.3: [8086:0998] type 00 class 0x060000
[    1.913778] pci 0000:fe:00.5: [8086:3455] type 00 class 0x088000
[    1.913845] pci 0000:fe:02.0: [8086:3440] type 00 class 0x088000
[    1.913983] pci 0000:fe:02.1: [8086:3441] type 00 class 0x088000
[    1.914095] pci 0000:fe:02.2: [8086:3442] type 00 class 0x088000
[    1.914206] pci 0000:fe:03.0: [8086:3440] type 00 class 0x088000
[    1.914305] pci 0000:fe:03.1: [8086:3441] type 00 class 0x088000
[    1.914391] pci 0000:fe:03.2: [8086:3442] type 00 class 0x088000
[    1.914479] pci 0000:fe:04.0: [8086:3440] type 00 class 0x088000
[    1.914603] pci 0000:fe:04.1: [8086:3441] type 00 class 0x088000
[    1.914727] pci 0000:fe:04.2: [8086:3442] type 00 class 0x088000
[    1.914853] pci 0000:fe:04.3: [8086:3443] type 00 class 0x088000
[    1.914976] pci 0000:fe:05.0: [8086:3445] type 00 class 0x088000
[    1.915109] pci 0000:fe:05.1: [8086:3446] type 00 class 0x088000
[    1.915225] pci 0000:fe:05.2: [8086:3447] type 00 class 0x088000
[    1.915339] pci 0000:fe:06.0: [8086:3445] type 00 class 0x088000
[    1.915436] pci 0000:fe:06.1: [8086:3446] type 00 class 0x088000
[    1.915518] pci 0000:fe:06.2: [8086:3447] type 00 class 0x088000
[    1.915609] pci 0000:fe:07.0: [8086:3445] type 00 class 0x088000
[    1.915753] pci 0000:fe:07.1: [8086:3446] type 00 class 0x088000
[    1.915875] pci 0000:fe:07.2: [8086:3447] type 00 class 0x088000
[    1.915996] pci 0000:fe:0b.0: [8086:3448] type 00 class 0x088000
[    1.916078] pci 0000:fe:0b.1: [8086:3448] type 00 class 0x088000
[    1.916143] pci 0000:fe:0b.2: [8086:344b] type 00 class 0x088000
[    1.916216] pci 0000:fe:0c.0: [8086:344a] type 00 class 0x110100
[    1.916324] pci 0000:fe:0d.0: [8086:344a] type 00 class 0x110100
[    1.916429] pci 0000:fe:0e.0: [8086:344a] type 00 class 0x110100
[    1.916585] pci 0000:fe:0f.0: [8086:344a] type 00 class 0x110100
[    1.916745] pci 0000:fe:1a.0: [8086:2880] type 00 class 0x110100
[    1.916852] pci 0000:fe:1b.0: [8086:2880] type 00 class 0x110100
[    1.916955] pci 0000:fe:1c.0: [8086:2880] type 00 class 0x110100
[    1.917111] pci 0000:fe:1d.0: [8086:2880] type 00 class 0x110100
[    1.917262] pci_bus 0000:fe: on NUMA node 1
[    1.917342] ACPI: PCI Root Bridge [UC17] (domain 0000 [bus ff])
[    1.917345] acpi PNP0A03:03: _OSC: OS supports [ExtendedConfig ASPM ClockPM Segments MSI HPX-Type3]
[    1.917442] acpi PNP0A03:03: _OSC: platform does not support [SHPCHotplug AER LTR]
[    1.917620] acpi PNP0A03:03: _OSC: OS now controls [PCIeHotplug PME PCIeCapability]
[    1.917622] acpi PNP0A03:03: FADT indicates ASPM is unsupported, using BIOS configuration
[    1.917770] PCI host bridge to bus 0000:ff
[    1.917771] pci_bus 0000:ff: root bus resource [bus ff]
[    1.917786] pci 0000:ff:00.0: [8086:344c] type 00 class 0x088000
[    1.917906] pci 0000:ff:00.1: [8086:344c] type 00 class 0x088000
[    1.918019] pci 0000:ff:00.2: [8086:344c] type 00 class 0x088000
[    1.918122] pci 0000:ff:00.3: [8086:344c] type 00 class 0x088000
[    1.918241] pci 0000:ff:00.4: [8086:344c] type 00 class 0x088000
[    1.918358] pci 0000:ff:00.5: [8086:344c] type 00 class 0x088000
[    1.918451] pci 0000:ff:00.6: [8086:344c] type 00 class 0x088000
[    1.918577] pci 0000:ff:00.7: [8086:344c] type 00 class 0x088000
[    1.918705] pci 0000:ff:01.0: [8086:344c] type 00 class 0x088000
[    1.918851] pci 0000:ff:01.1: [8086:344c] type 00 class 0x088000
[    1.918975] pci 0000:ff:01.2: [8086:344c] type 00 class 0x088000
[    1.919062] pci 0000:ff:01.3: [8086:344c] type 00 class 0x088000
[    1.919199] pci 0000:ff:01.4: [8086:344c] type 00 class 0x088000
[    1.919335] pci 0000:ff:01.5: [8086:344c] type 00 class 0x088000
[    1.919475] pci 0000:ff:01.6: [8086:344c] type 00 class 0x088000
[    1.919601] pci 0000:ff:01.7: [8086:344c] type 00 class 0x088000
[    1.919734] pci 0000:ff:02.0: [8086:344c] type 00 class 0x088000
[    1.919887] pci 0000:ff:02.1: [8086:344c] type 00 class 0x088000
[    1.920018] pci 0000:ff:02.2: [8086:344c] type 00 class 0x088000
[    1.920163] pci 0000:ff:02.3: [8086:344c] type 00 class 0x088000
[    1.920298] pci 0000:ff:02.4: [8086:344c] type 00 class 0x088000
[    1.920435] pci 0000:ff:02.5: [8086:344c] type 00 class 0x088000
[    1.920579] pci 0000:ff:02.6: [8086:344c] type 00 class 0x088000
[    1.920722] pci 0000:ff:02.7: [8086:344c] type 00 class 0x088000
[    1.920873] pci 0000:ff:03.0: [8086:344c] type 00 class 0x088000
[    1.921040] pci 0000:ff:03.1: [8086:344c] type 00 class 0x088000
[    1.921189] pci 0000:ff:03.2: [8086:344c] type 00 class 0x088000
[    1.921355] pci 0000:ff:03.3: [8086:344c] type 00 class 0x088000
[    1.921519] pci 0000:ff:0a.0: [8086:344d] type 00 class 0x088000
[    1.921637] pci 0000:ff:0a.1: [8086:344d] type 00 class 0x088000
[    1.921749] pci 0000:ff:0a.2: [8086:344d] type 00 class 0x088000
[    1.921847] pci 0000:ff:0a.3: [8086:344d] type 00 class 0x088000
[    1.921966] pci 0000:ff:0a.4: [8086:344d] type 00 class 0x088000
[    1.922084] pci 0000:ff:0a.5: [8086:344d] type 00 class 0x088000
[    1.922178] pci 0000:ff:0a.6: [8086:344d] type 00 class 0x088000
[    1.922307] pci 0000:ff:0a.7: [8086:344d] type 00 class 0x088000
[    1.922434] pci 0000:ff:0b.0: [8086:344d] type 00 class 0x088000
[    1.922582] pci 0000:ff:0b.1: [8086:344d] type 00 class 0x088000
[    1.922706] pci 0000:ff:0b.2: [8086:344d] type 00 class 0x088000
[    1.922789] pci 0000:ff:0b.3: [8086:344d] type 00 class 0x088000
[    1.922926] pci 0000:ff:0b.4: [8086:344d] type 00 class 0x088000
[    1.923063] pci 0000:ff:0b.5: [8086:344d] type 00 class 0x088000
[    1.923203] pci 0000:ff:0b.6: [8086:344d] type 00 class 0x088000
[    1.923333] pci 0000:ff:0b.7: [8086:344d] type 00 class 0x088000
[    1.923465] pci 0000:ff:0c.0: [8086:344d] type 00 class 0x088000
[    1.923613] pci 0000:ff:0c.1: [8086:344d] type 00 class 0x088000
[    1.923744] pci 0000:ff:0c.2: [8086:344d] type 00 class 0x088000
[    1.923882] pci 0000:ff:0c.3: [8086:344d] type 00 class 0x088000
[    1.924018] pci 0000:ff:0c.4: [8086:344d] type 00 class 0x088000
[    1.924155] pci 0000:ff:0c.5: [8086:344d] type 00 class 0x088000
[    1.924298] pci 0000:ff:0c.6: [8086:344d] type 00 class 0x088000
[    1.924452] pci 0000:ff:0c.7: [8086:344d] type 00 class 0x088000
[    1.924603] pci 0000:ff:0d.0: [8086:344d] type 00 class 0x088000
[    1.924770] pci 0000:ff:0d.1: [8086:344d] type 00 class 0x088000
[    1.924919] pci 0000:ff:0d.2: [8086:344d] type 00 class 0x088000
[    1.925079] pci 0000:ff:0d.3: [8086:344d] type 00 class 0x088000
[    1.925253] pci 0000:ff:1d.0: [8086:344f] type 00 class 0x088000
[    1.925381] pci 0000:ff:1d.1: [8086:3457] type 00 class 0x088000
[    1.925492] pci 0000:ff:1e.0: [8086:3458] type 00 class 0x088000
[    1.925577] pci 0000:ff:1e.1: [8086:3459] type 00 class 0x088000
[    1.925643] pci 0000:ff:1e.2: [8086:345a] type 00 class 0x088000
[    1.925707] pci 0000:ff:1e.3: [8086:345b] type 00 class 0x088000
[    1.925770] pci 0000:ff:1e.4: [8086:345c] type 00 class 0x088000
[    1.925836] pci 0000:ff:1e.5: [8086:345d] type 00 class 0x088000
[    1.925900] pci 0000:ff:1e.6: [8086:345e] type 00 class 0x088000
[    1.925964] pci 0000:ff:1e.7: [8086:345f] type 00 class 0x088000
[    1.926026] pci_bus 0000:ff: on NUMA node 1
[    1.930322] iommu: Default domain type: Translated 
[    1.930322] iommu: DMA domain TLB invalidation policy: lazy mode 
[    1.930517] SCSI subsystem initialized
[    1.930551] libata version 3.00 loaded.
[    1.930551] ACPI: bus type USB registered
[    1.930551] usbcore: registered new interface driver usbfs
[    1.930551] usbcore: registered new interface driver hub
[    1.930551] usbcore: registered new device driver usb
[    1.930551] pps_core: LinuxPPS API ver. 1 registered
[    1.930551] pps_core: Software ver. 5.3.6 - Copyright 2005-2007 Rodolfo Giometti <giometti@linux.it>
[    1.930551] PTP clock support registered
[    1.930551] EDAC MC: Ver: 3.0.0
[    1.930960] Registered efivars operations
[    1.930960] NetLabel: Initializing
[    1.930960] NetLabel:  domain hash size = 128
[    1.930960] NetLabel:  protocols = UNLABELED CIPSOv4 CALIPSO
[    1.930960] NetLabel:  unlabeled traffic allowed by default
[    1.930960] PCI: Using ACPI for IRQ routing
[    1.932043] PCI: pci_cache_line_size set to 64 bytes
[    1.932605] e820: reserve RAM buffer [mem 0x0008f000-0x0008ffff]
[    1.932607] e820: reserve RAM buffer [mem 0x46cc4020-0x47ffffff]
[    1.932608] e820: reserve RAM buffer [mem 0x46cf6020-0x47ffffff]
[    1.932610] e820: reserve RAM buffer [mem 0x46d29020-0x47ffffff]
[    1.932611] e820: reserve RAM buffer [mem 0x46d5c020-0x47ffffff]
[    1.932612] e820: reserve RAM buffer [mem 0x49e77000-0x4bffffff]
[    1.932613] e820: reserve RAM buffer [mem 0x4b2cf000-0x4bffffff]
[    1.932614] e820: reserve RAM buffer [mem 0x4bd94000-0x4bffffff]
[    1.932615] e820: reserve RAM buffer [mem 0x4ce00000-0x4fffffff]
[    1.932616] e820: reserve RAM buffer [mem 0x5eefe000-0x5fffffff]
[    1.932617] e820: reserve RAM buffer [mem 0x6f800000-0x6fffffff]
[    1.934306] pci 0000:03:00.0: vgaarb: setting as boot VGA device
[    1.934306] pci 0000:03:00.0: vgaarb: bridge control possible
[    1.934306] pci 0000:03:00.0: vgaarb: VGA device added: decodes=io+mem,owns=io+mem,locks=none
[    1.934306] vgaarb: loaded
[    1.935614] hpet0: at MMIO 0xfed00000, IRQs 2, 8, 0, 0, 0, 0, 0, 0
[    1.935622] hpet0: 8 comparators, 64-bit 24.000000 MHz counter
[    1.940559] clocksource: Switched to clocksource tsc-early
[    1.947722] VFS: Disk quotas dquot_6.6.0
[    1.947758] VFS: Dquot-cache hash table entries: 512 (order 0, 4096 bytes)
[    1.947927] AppArmor: AppArmor Filesystem Enabled
[    1.947940] pnp: PnP ACPI init
[    1.964094] system 00:01: [io  0x0500-0x05fe] has been reserved
[    1.964097] system 00:01: [io  0x0400-0x041f] has been reserved
[    1.964099] system 00:01: [io  0x0600-0x061f] has been reserved
[    1.964101] system 00:01: [io  0x0ca0-0x0ca1] has been reserved
[    1.964102] system 00:01: [io  0x0ca4-0x0ca6] has been reserved
[    1.964104] system 00:01: [mem 0xff000000-0xffffffff] has been reserved
[    1.964709] system 00:04: [mem 0xfd000000-0xfdabffff] has been reserved
[    1.964712] system 00:04: [mem 0xfdad0000-0xfdadffff] has been reserved
[    1.964713] system 00:04: [mem 0xfdb00000-0xfdffffff] has been reserved
[    1.964715] system 00:04: [mem 0xfe000000-0xfe00ffff] has been reserved
[    1.964716] system 00:04: [mem 0xfe011000-0xfe01ffff] has been reserved
[    1.964718] system 00:04: [mem 0xfe036000-0xfe03bfff] has been reserved
[    1.964719] system 00:04: [mem 0xfe03d000-0xfe3fffff] has been reserved
[    1.964721] system 00:04: [mem 0xfe410000-0xfe7fffff] has been reserved
[    1.965041] system 00:05: [io  0x1000-0x10fe] has been reserved
[    1.966063] pnp: PnP ACPI: found 6 devices
[    1.971832] clocksource: acpi_pm: mask: 0xffffff max_cycles: 0xffffff, max_idle_ns: 2085701024 ns
[    1.971916] NET: Registered PF_INET protocol family
[    1.972251] IP idents hash table entries: 262144 (order: 9, 2097152 bytes, vmalloc)
[    1.974442] tcp_listen_portaddr_hash hash table entries: 16384 (order: 6, 262144 bytes, vmalloc)
[    1.974806] TCP established hash table entries: 262144 (order: 9, 2097152 bytes, vmalloc)
[    1.975199] TCP bind hash table entries: 65536 (order: 8, 1048576 bytes, vmalloc)
[    1.975260] TCP: Hash tables configured (established 262144 bind 65536)
[    1.975473] UDP hash table entries: 16384 (order: 7, 524288 bytes, vmalloc)
[    1.975588] UDP-Lite hash table entries: 16384 (order: 7, 524288 bytes, vmalloc)
[    1.975748] NET: Registered PF_UNIX/PF_LOCAL protocol family
[    1.975755] NET: Registered PF_XDP protocol family
[    1.975764] pci 0000:04:00.0: can't claim BAR 6 [mem 0xfffc0000-0xffffffff pref]: no compatible bridge window
[    1.975766] pci 0000:04:00.1: can't claim BAR 6 [mem 0xfffc0000-0xffffffff pref]: no compatible bridge window
[    1.975768] pci 0000:17:00.0: can't claim BAR 6 [mem 0xfff00000-0xffffffff pref]: no compatible bridge window
[    1.975783] pci 0000:00:1c.5: BAR 14: assigned [mem 0x90000000-0x900fffff]
[    1.975786] pci 0000:00:1c.0: PCI bridge to [bus 01]
[    1.975796] pci 0000:02:00.0: PCI bridge to [bus 03]
[    1.975801] pci 0000:02:00.0:   bridge window [mem 0x92000000-0x928fffff]
[    1.975805] pci 0000:02:00.0:   bridge window [mem 0x91000000-0x91ffffff 64bit pref]
[    1.975811] pci 0000:00:1c.4: PCI bridge to [bus 02-03]
[    1.975815] pci 0000:00:1c.4:   bridge window [mem 0x92000000-0x928fffff]
[    1.975817] pci 0000:00:1c.4:   bridge window [mem 0x91000000-0x91ffffff 64bit pref]
[    1.975823] pci 0000:04:00.0: BAR 6: assigned [mem 0x90000000-0x9003ffff pref]
[    1.975824] pci 0000:04:00.1: BAR 6: assigned [mem 0x90040000-0x9007ffff pref]
[    1.975826] pci 0000:00:1c.5: PCI bridge to [bus 04]
[    1.975829] pci 0000:00:1c.5:   bridge window [mem 0x90000000-0x900fffff]
[    1.975832] pci 0000:00:1c.5:   bridge window [mem 0x92900000-0x929fffff 64bit pref]
[    1.975836] pci_bus 0000:00: resource 4 [io  0x0000-0x0cf7 window]
[    1.975838] pci_bus 0000:00: resource 5 [io  0x1000-0x4fff window]
[    1.975839] pci_bus 0000:00: resource 6 [mem 0x000a0000-0x000bffff window]
[    1.975841] pci_bus 0000:00: resource 7 [mem 0x000c8000-0x000cffff window]
[    1.975842] pci_bus 0000:00: resource 8 [mem 0xfe010000-0xfe010fff window]
[    1.975844] pci_bus 0000:00: resource 9 [mem 0x90000000-0x9b7fffff window]
[    1.975845] pci_bus 0000:00: resource 10 [mem 0x200000000000-0x20ffffffffff window]
[    1.975847] pci_bus 0000:02: resource 1 [mem 0x92000000-0x928fffff]
[    1.975849] pci_bus 0000:02: resource 2 [mem 0x91000000-0x91ffffff 64bit pref]
[    1.975850] pci_bus 0000:03: resource 1 [mem 0x92000000-0x928fffff]
[    1.975851] pci_bus 0000:03: resource 2 [mem 0x91000000-0x91ffffff 64bit pref]
[    1.975852] pci_bus 0000:04: resource 1 [mem 0x90000000-0x900fffff]
[    1.975853] pci_bus 0000:04: resource 2 [mem 0x92900000-0x929fffff 64bit pref]
[    1.975930] pci 0000:17:00.0: BAR 6: no space for [mem size 0x00100000 pref]
[    1.975932] pci 0000:17:00.0: BAR 6: failed to assign [mem size 0x00100000 pref]
[    1.975934] pci 0000:16:02.0: PCI bridge to [bus 17]
[    1.975935] pci 0000:16:02.0:   bridge window [io  0x5000-0x5fff]
[    1.975938] pci 0000:16:02.0:   bridge window [mem 0x9ba00000-0x9bafffff]
[    1.975940] pci 0000:16:02.0:   bridge window [mem 0x9b800000-0x9b9fffff 64bit pref]
[    1.975944] pci_bus 0000:16: resource 4 [io  0x5000-0x6fff window]
[    1.975945] pci_bus 0000:16: resource 5 [mem 0x9b800000-0xa63fffff window]
[    1.975946] pci_bus 0000:16: resource 6 [mem 0x210000000000-0x21ffffffffff window]
[    1.975948] pci_bus 0000:17: resource 0 [io  0x5000-0x5fff]
[    1.975949] pci_bus 0000:17: resource 1 [mem 0x9ba00000-0x9bafffff]
[    1.975950] pci_bus 0000:17: resource 2 [mem 0x9b800000-0x9b9fffff 64bit pref]
[    1.975956] pci_bus 0000:30: resource 4 [io  0x7000-0x8fff window]
[    1.975957] pci_bus 0000:30: resource 5 [mem 0xa6400000-0xb0ffffff window]
[    1.975958] pci_bus 0000:30: resource 6 [mem 0x220000000000-0x22ffffffffff window]
[    1.975964] pci_bus 0000:4a: resource 4 [io  0x9000-0x9fff window]
[    1.975965] pci_bus 0000:4a: resource 5 [mem 0xb1000000-0xbbbfffff window]
[    1.975966] pci_bus 0000:4a: resource 6 [mem 0x230000000000-0x23ffffffffff window]
