[    0.000000] Linux version 5.15.0-tiering-0.8 (xmu@xmu-PowerEdge-R750) (gcc (Ubuntu 8.4.0-1ubuntu1~18.04) 8.4.0, GNU ld (GNU Binutils for Ubuntu) 2.30) #1 SMP Thu Apr 18 19:37:58 CST 2024
[    0.000000] Command line: BOOT_IMAGE=/boot/vmlinuz-5.15.0-tiering-0.8 root=UUID=ce0c24b8-724b-4f33-9b2c-618433560aef ro memmap=45748M!4096M memmap=59G!64G quiet splash nomodeset vt.handoff=1
[    0.000000] KERNEL supported cpus:
[    0.000000]   Intel GenuineIntel
[    0.000000]   AMD AuthenticAMD
[    0.000000]   Hygon HygonGenuine
[    0.000000]   Centaur CentaurHauls
[    0.000000]   zhaoxin   Shanghai  
[    0.000000] x86/split lock detection: #AC: crashing the kernel on kernel split_locks and warning on user-space split_locks
[    0.000000] x86/fpu: Supporting XSAVE feature 0x001: 'x87 floating point registers'
[    0.000000] x86/fpu: Supporting XSAVE feature 0x002: 'SSE registers'
[    0.000000] x86/fpu: Supporting XSAVE feature 0x004: 'AVX registers'
[    0.000000] x86/fpu: Supporting XSAVE feature 0x020: 'AVX-512 opmask'
[    0.000000] x86/fpu: Supporting XSAVE feature 0x040: 'AVX-512 Hi256'
[    0.000000] x86/fpu: Supporting XSAVE feature 0x080: 'AVX-512 ZMM_Hi256'
[    0.000000] x86/fpu: Supporting XSAVE feature 0x200: 'Protection Keys User registers'
[    0.000000] x86/fpu: xstate_offset[2]:  576, xstate_sizes[2]:  256
[    0.000000] x86/fpu: xstate_offset[5]:  832, xstate_sizes[5]:   64
[    0.000000] x86/fpu: xstate_offset[6]:  896, xstate_sizes[6]:  512
[    0.000000] x86/fpu: xstate_offset[7]: 1408, xstate_sizes[7]: 1024
[    0.000000] x86/fpu: xstate_offset[9]: 2432, xstate_sizes[9]:    8
[    0.000000] x86/fpu: Enabled xstate features 0x2e7, context size is 2440 bytes, using 'compacted' format.
[    0.000000] signal: max sigframe size: 3632
[    0.000000] BIOS-provided physical RAM map:
[    0.000000] BIOS-e820: [mem 0x0000000000000000-0x000000000008efff] usable
[    0.000000] BIOS-e820: [mem 0x000000000008f000-0x000000000008ffff] reserved
[    0.000000] BIOS-e820: [mem 0x0000000000090000-0x000000000009ffff] usable
[    0.000000] BIOS-e820: [mem 0x00000000000a0000-0x00000000000fffff] reserved
[    0.000000] BIOS-e820: [mem 0x0000000000100000-0x0000000049e76fff] usable
[    0.000000] BIOS-e820: [mem 0x0000000049e77000-0x000000004ae76fff] ACPI NVS
[    0.000000] BIOS-e820: [mem 0x000000004ae77000-0x000000004b2cefff] usable
[    0.000000] BIOS-e820: [mem 0x000000004b2cf000-0x000000004b54dfff] ACPI data
[    0.000000] BIOS-e820: [mem 0x000000004b54e000-0x000000004bd93fff] usable
[    0.000000] BIOS-e820: [mem 0x000000004bd94000-0x000000004be99fff] reserved
[    0.000000] BIOS-e820: [mem 0x000000004be9a000-0x000000004cdfffff] usable
[    0.000000] BIOS-e820: [mem 0x000000004ce00000-0x000000004cffffff] reserved
[    0.000000] BIOS-e820: [mem 0x000000004d000000-0x000000005eefdfff] usable
[    0.000000] BIOS-e820: [mem 0x000000005eefe000-0x000000006e3fefff] reserved
[    0.000000] BIOS-e820: [mem 0x000000006e3ff000-0x000000006f3fefff] ACPI NVS
[    0.000000] BIOS-e820: [mem 0x000000006f3ff000-0x000000006f7fefff] ACPI data
[    0.000000] BIOS-e820: [mem 0x000000006f7ff000-0x000000006f7fffff] usable
[    0.000000] BIOS-e820: [mem 0x000000006f800000-0x000000008fffffff] reserved
[    0.000000] BIOS-e820: [mem 0x00000000fe000000-0x00000000fe010fff] reserved
[    0.000000] BIOS-e820: [mem 0x0000000100000000-0x000000207fffffff] usable
[    0.000000] BIOS-e820: [mem 0x0000002080000000-0x0000011c7fffffff] persistent (type 7)
[    0.000000] BIOS-e820: [mem 0x00001ffc00000000-0x00001fffffffffff] reserved
[    0.000000] NX (Execute Disable) protection: active
[    0.000000] e820: update [mem 0x46d5d020-0x46d6505f] usable ==> usable
[    0.000000] e820: update [mem 0x46d5d020-0x46d6505f] usable ==> usable
[    0.000000] e820: update [mem 0x46d2a020-0x46d5cc5f] usable ==> usable
[    0.000000] e820: update [mem 0x46d2a020-0x46d5cc5f] usable ==> usable
[    0.000000] e820: update [mem 0x46cf7020-0x46d29c5f] usable ==> usable
[    0.000000] e820: update [mem 0x46cf7020-0x46d29c5f] usable ==> usable
[    0.000000] e820: update [mem 0x46cc5020-0x46cf6a5f] usable ==> usable
[    0.000000] e820: update [mem 0x46cc5020-0x46cf6a5f] usable ==> usable
[    0.000000] extended physical RAM map:
[    0.000000] reserve setup_data: [mem 0x0000000000000000-0x000000000008efff] usable
[    0.000000] reserve setup_data: [mem 0x000000000008f000-0x000000000008ffff] reserved
[    0.000000] reserve setup_data: [mem 0x0000000000090000-0x000000000009ffff] usable
[    0.000000] reserve setup_data: [mem 0x00000000000a0000-0x00000000000fffff] reserved
[    0.000000] reserve setup_data: [mem 0x0000000000100000-0x0000000046cc501f] usable
[    0.000000] reserve setup_data: [mem 0x0000000046cc5020-0x0000000046cf6a5f] usable
[    0.000000] reserve setup_data: [mem 0x0000000046cf6a60-0x0000000046cf701f] usable
[    0.000000] reserve setup_data: [mem 0x0000000046cf7020-0x0000000046d29c5f] usable
[    0.000000] reserve setup_data: [mem 0x0000000046d29c60-0x0000000046d2a01f] usable
[    0.000000] reserve setup_data: [mem 0x0000000046d2a020-0x0000000046d5cc5f] usable
[    0.000000] reserve setup_data: [mem 0x0000000046d5cc60-0x0000000046d5d01f] usable
[    0.000000] reserve setup_data: [mem 0x0000000046d5d020-0x0000000046d6505f] usable
[    0.000000] reserve setup_data: [mem 0x0000000046d65060-0x0000000049e76fff] usable
[    0.000000] reserve setup_data: [mem 0x0000000049e77000-0x000000004ae76fff] ACPI NVS
[    0.000000] reserve setup_data: [mem 0x000000004ae77000-0x000000004b2cefff] usable
[    0.000000] reserve setup_data: [mem 0x000000004b2cf000-0x000000004b54dfff] ACPI data
[    0.000000] reserve setup_data: [mem 0x000000004b54e000-0x000000004bd93fff] usable
[    0.000000] reserve setup_data: [mem 0x000000004bd94000-0x000000004be99fff] reserved
[    0.000000] reserve setup_data: [mem 0x000000004be9a000-0x000000004cdfffff] usable
[    0.000000] reserve setup_data: [mem 0x000000004ce00000-0x000000004cffffff] reserved
[    0.000000] reserve setup_data: [mem 0x000000004d000000-0x000000005eefdfff] usable
[    0.000000] reserve setup_data: [mem 0x000000005eefe000-0x000000006e3fefff] reserved
[    0.000000] reserve setup_data: [mem 0x000000006e3ff000-0x000000006f3fefff] ACPI NVS
[    0.000000] reserve setup_data: [mem 0x000000006f3ff000-0x000000006f7fefff] ACPI data
[    0.000000] reserve setup_data: [mem 0x000000006f7ff000-0x000000006f7fffff] usable
[    0.000000] reserve setup_data: [mem 0x000000006f800000-0x000000008fffffff] reserved
[    0.000000] reserve setup_data: [mem 0x00000000fe000000-0x00000000fe010fff] reserved
[    0.000000] reserve setup_data: [mem 0x0000000100000000-0x0000000c2b3fffff] persistent (type 12)
[    0.000000] reserve setup_data: [mem 0x0000000c2b400000-0x0000000fffffffff] usable
[    0.000000] reserve setup_data: [mem 0x0000001000000000-0x0000001ebfffffff] persistent (type 12)
[    0.000000] reserve setup_data: [mem 0x0000001ec0000000-0x000000207fffffff] usable
[    0.000000] reserve setup_data: [mem 0x0000002080000000-0x0000011c7fffffff] persistent (type 7)
[    0.000000] reserve setup_data: [mem 0x00001ffc00000000-0x00001fffffffffff] reserved
[    0.000000] user-defined physical RAM map:
[    0.000000] user: [mem 0x0000000000000000-0x000000000008efff] usable
[    0.000000] user: [mem 0x000000000008f000-0x000000000008ffff] reserved
[    0.000000] user: [mem 0x0000000000090000-0x000000000009ffff] usable
[    0.000000] user: [mem 0x00000000000a0000-0x00000000000fffff] reserved
[    0.000000] user: [mem 0x0000000000100000-0x0000000046cc501f] usable
[    0.000000] user: [mem 0x0000000046cc5020-0x0000000046cf6a5f] usable
[    0.000000] user: [mem 0x0000000046cf6a60-0x0000000046cf701f] usable
[    0.000000] user: [mem 0x0000000046cf7020-0x0000000046d29c5f] usable
[    0.000000] user: [mem 0x0000000046d29c60-0x0000000046d2a01f] usable
[    0.000000] user: [mem 0x0000000046d2a020-0x0000000046d5cc5f] usable
[    0.000000] user: [mem 0x0000000046d5cc60-0x0000000046d5d01f] usable
[    0.000000] user: [mem 0x0000000046d5d020-0x0000000046d6505f] usable
[    0.000000] user: [mem 0x0000000046d65060-0x0000000049e76fff] usable
[    0.000000] user: [mem 0x0000000049e77000-0x000000004ae76fff] ACPI NVS
[    0.000000] user: [mem 0x000000004ae77000-0x000000004b2cefff] usable
[    0.000000] user: [mem 0x000000004b2cf000-0x000000004b54dfff] ACPI data
[    0.000000] user: [mem 0x000000004b54e000-0x000000004bd93fff] usable
[    0.000000] user: [mem 0x000000004bd94000-0x000000004be99fff] reserved
[    0.000000] user: [mem 0x000000004be9a000-0x000000004cdfffff] usable
[    0.000000] user: [mem 0x000000004ce00000-0x000000004cffffff] reserved
[    0.000000] user: [mem 0x000000004d000000-0x000000005eefdfff] usable
[    0.000000] user: [mem 0x000000005eefe000-0x000000006e3fefff] reserved
[    0.000000] user: [mem 0x000000006e3ff000-0x000000006f3fefff] ACPI NVS
[    0.000000] user: [mem 0x000000006f3ff000-0x000000006f7fefff] ACPI data
[    0.000000] user: [mem 0x000000006f7ff000-0x000000006f7fffff] usable
[    0.000000] user: [mem 0x000000006f800000-0x000000008fffffff] reserved
[    0.000000] user: [mem 0x00000000fe000000-0x00000000fe010fff] reserved
[    0.000000] user: [mem 0x0000000100000000-0x0000000c2b3fffff] persistent (type 12)
[    0.000000] user: [mem 0x0000000c2b400000-0x0000000fffffffff] usable
[    0.000000] user: [mem 0x0000001000000000-0x0000001ebfffffff] persistent (type 12)
[    0.000000] user: [mem 0x0000001ec0000000-0x000000207fffffff] usable
[    0.000000] user: [mem 0x0000002080000000-0x0000011c7fffffff] persistent (type 7)
[    0.000000] user: [mem 0x00001ffc00000000-0x00001fffffffffff] reserved
[    0.000000] efi: EFI v2.70 by Dell Inc.
[    0.000000] efi: ACPI=0x6f7fe000 ACPI 2.0=0x6f7fe014 MEMATTR=0x5b070020 SMBIOS=0x69526000 SMBIOS 3.0=0x69524000 MOKvar=0x5ef81000 RNG=0x5ef8a920 
[    0.000000] efi: seeding entropy pool
[    0.000000] random: fast init done
[    0.000000] SMBIOS 3.3.0 present.
[    0.000000] DMI: Dell Inc. PowerEdge R750/0K8F35, BIOS 1.10.2 03/03/2023
[    0.000000] tsc: Detected 2000.000 MHz processor
[    0.000006] e820: update [mem 0x00000000-0x00000fff] usable ==> reserved
[    0.000009] e820: remove [mem 0x000a0000-0x000fffff] usable
[    0.000017] last_pfn = 0x2080000 max_arch_pfn = 0x400000000
[    0.000191] x86/PAT: Configuration [0-7]: WB  WC  UC- UC  WB  WP  UC- WT  
[    0.002797] total RAM covered: 2095088M
[    0.002879]  gran_size: 64K 	chunk_size: 64K 	num_reg: 10  	lose cover RAM: 2016G
[    0.002881]  gran_size: 64K 	chunk_size: 128K 	num_reg: 10  	lose cover RAM: 2016G
[    0.002883]  gran_size: 64K 	chunk_size: 256K 	num_reg: 10  	lose cover RAM: 2016G
[    0.002884]  gran_size: 64K 	chunk_size: 512K 	num_reg: 10  	lose cover RAM: 2016G
[    0.002886]  gran_size: 64K 	chunk_size: 1M 	num_reg: 10  	lose cover RAM: 2016G
[    0.002887]  gran_size: 64K 	chunk_size: 2M 	num_reg: 10  	lose cover RAM: 2016G
[    0.002888]  gran_size: 64K 	chunk_size: 4M 	num_reg: 10  	lose cover RAM: 2016G
[    0.002890]  gran_size: 64K 	chunk_size: 8M 	num_reg: 10  	lose cover RAM: 2016G
[    0.002891]  gran_size: 64K 	chunk_size: 16M 	num_reg: 10  	lose cover RAM: 2016G
[    0.002892]  gran_size: 64K 	chunk_size: 32M 	num_reg: 10  	lose cover RAM: 1024G
[    0.002893]  gran_size: 64K 	chunk_size: 64M 	num_reg: 10  	lose cover RAM: 1024G
[    0.002895]  gran_size: 64K 	chunk_size: 128M 	num_reg: 10  	lose cover RAM: 1024G
[    0.002896]  gran_size: 64K 	chunk_size: 256M 	num_reg: 10  	lose cover RAM: 1024G
[    0.002897]  gran_size: 64K 	chunk_size: 512M 	num_reg: 10  	lose cover RAM: 1024G
[    0.002898]  gran_size: 64K 	chunk_size: 1G 	num_reg: 10  	lose cover RAM: 1024G
[    0.002900]  gran_size: 64K 	chunk_size: 2G 	num_reg: 10  	lose cover RAM: 1024G
[    0.002901]  gran_size: 128K 	chunk_size: 128K 	num_reg: 10  	lose cover RAM: 2016G
[    0.002902]  gran_size: 128K 	chunk_size: 256K 	num_reg: 10  	lose cover RAM: 2016G
[    0.002904]  gran_size: 128K 	chunk_size: 512K 	num_reg: 10  	lose cover RAM: 2016G
[    0.002905]  gran_size: 128K 	chunk_size: 1M 	num_reg: 10  	lose cover RAM: 2016G
[    0.002906]  gran_size: 128K 	chunk_size: 2M 	num_reg: 10  	lose cover RAM: 2016G
[    0.002907]  gran_size: 128K 	chunk_size: 4M 	num_reg: 10  	lose cover RAM: 2016G
[    0.002909]  gran_size: 128K 	chunk_size: 8M 	num_reg: 10  	lose cover RAM: 2016G
[    0.002910]  gran_size: 128K 	chunk_size: 16M 	num_reg: 10  	lose cover RAM: 2016G
[    0.002911]  gran_size: 128K 	chunk_size: 32M 	num_reg: 10  	lose cover RAM: 1024G
[    0.002913]  gran_size: 128K 	chunk_size: 64M 	num_reg: 10  	lose cover RAM: 1024G
[    0.002914]  gran_size: 128K 	chunk_size: 128M 	num_reg: 10  	lose cover RAM: 1024G
[    0.002915]  gran_size: 128K 	chunk_size: 256M 	num_reg: 10  	lose cover RAM: 1024G
[    0.002916]  gran_size: 128K 	chunk_size: 512M 	num_reg: 10  	lose cover RAM: 1024G
[    0.002918]  gran_size: 128K 	chunk_size: 1G 	num_reg: 10  	lose cover RAM: 1024G
[    0.002919]  gran_size: 128K 	chunk_size: 2G 	num_reg: 10  	lose cover RAM: 1024G
[    0.002920]  gran_size: 256K 	chunk_size: 256K 	num_reg: 10  	lose cover RAM: 2016G
[    0.002922]  gran_size: 256K 	chunk_size: 512K 	num_reg: 10  	lose cover RAM: 2016G
[    0.002923]  gran_size: 256K 	chunk_size: 1M 	num_reg: 10  	lose cover RAM: 2016G
[    0.002924]  gran_size: 256K 	chunk_size: 2M 	num_reg: 10  	lose cover RAM: 2016G
[    0.002925]  gran_size: 256K 	chunk_size: 4M 	num_reg: 10  	lose cover RAM: 2016G
[    0.002927]  gran_size: 256K 	chunk_size: 8M 	num_reg: 10  	lose cover RAM: 2016G
[    0.002928]  gran_size: 256K 	chunk_size: 16M 	num_reg: 10  	lose cover RAM: 2016G
[    0.002929]  gran_size: 256K 	chunk_size: 32M 	num_reg: 10  	lose cover RAM: 1024G
[    0.002931]  gran_size: 256K 	chunk_size: 64M 	num_reg: 10  	lose cover RAM: 1024G
[    0.002932]  gran_size: 256K 	chunk_size: 128M 	num_reg: 10  	lose cover RAM: 1024G
[    0.002933]  gran_size: 256K 	chunk_size: 256M 	num_reg: 10  	lose cover RAM: 1024G
[    0.002934]  gran_size: 256K 	chunk_size: 512M 	num_reg: 10  	lose cover RAM: 1024G
[    0.002935]  gran_size: 256K 	chunk_size: 1G 	num_reg: 10  	lose cover RAM: 1024G
[    0.002937]  gran_size: 256K 	chunk_size: 2G 	num_reg: 10  	lose cover RAM: 1024G
[    0.002938]  gran_size: 512K 	chunk_size: 512K 	num_reg: 10  	lose cover RAM: 2016G
[    0.002939]  gran_size: 512K 	chunk_size: 1M 	num_reg: 10  	lose cover RAM: 2016G
[    0.002941]  gran_size: 512K 	chunk_size: 2M 	num_reg: 10  	lose cover RAM: 2016G
[    0.002942]  gran_size: 512K 	chunk_size: 4M 	num_reg: 10  	lose cover RAM: 2016G
[    0.002943]  gran_size: 512K 	chunk_size: 8M 	num_reg: 10  	lose cover RAM: 2016G
[    0.002945]  gran_size: 512K 	chunk_size: 16M 	num_reg: 10  	lose cover RAM: 2016G
[    0.002946]  gran_size: 512K 	chunk_size: 32M 	num_reg: 10  	lose cover RAM: 1024G
[    0.002947]  gran_size: 512K 	chunk_size: 64M 	num_reg: 10  	lose cover RAM: 1024G
[    0.002948]  gran_size: 512K 	chunk_size: 128M 	num_reg: 10  	lose cover RAM: 1024G
[    0.002950]  gran_size: 512K 	chunk_size: 256M 	num_reg: 10  	lose cover RAM: 1024G
[    0.002951]  gran_size: 512K 	chunk_size: 512M 	num_reg: 10  	lose cover RAM: 1024G
[    0.002952]  gran_size: 512K 	chunk_size: 1G 	num_reg: 10  	lose cover RAM: 1024G
[    0.002953]  gran_size: 512K 	chunk_size: 2G 	num_reg: 10  	lose cover RAM: 1024G
[    0.002955]  gran_size: 1M 	chunk_size: 1M 	num_reg: 10  	lose cover RAM: 2016G
[    0.002956]  gran_size: 1M 	chunk_size: 2M 	num_reg: 10  	lose cover RAM: 2016G
[    0.002957]  gran_size: 1M 	chunk_size: 4M 	num_reg: 10  	lose cover RAM: 2016G
[    0.002959]  gran_size: 1M 	chunk_size: 8M 	num_reg: 10  	lose cover RAM: 2016G
[    0.002960]  gran_size: 1M 	chunk_size: 16M 	num_reg: 10  	lose cover RAM: 2016G
[    0.002961]  gran_size: 1M 	chunk_size: 32M 	num_reg: 10  	lose cover RAM: 1024G
[    0.002962]  gran_size: 1M 	chunk_size: 64M 	num_reg: 10  	lose cover RAM: 1024G
[    0.002964]  gran_size: 1M 	chunk_size: 128M 	num_reg: 10  	lose cover RAM: 1024G
[    0.002965]  gran_size: 1M 	chunk_size: 256M 	num_reg: 10  	lose cover RAM: 1024G
[    0.002966]  gran_size: 1M 	chunk_size: 512M 	num_reg: 10  	lose cover RAM: 1024G
[    0.002967]  gran_size: 1M 	chunk_size: 1G 	num_reg: 10  	lose cover RAM: 1024G
[    0.002969]  gran_size: 1M 	chunk_size: 2G 	num_reg: 10  	lose cover RAM: 1024G
[    0.002970]  gran_size: 2M 	chunk_size: 2M 	num_reg: 10  	lose cover RAM: 2016G
[    0.002971]  gran_size: 2M 	chunk_size: 4M 	num_reg: 10  	lose cover RAM: 2016G
[    0.002972]  gran_size: 2M 	chunk_size: 8M 	num_reg: 10  	lose cover RAM: 2016G
[    0.002973]  gran_size: 2M 	chunk_size: 16M 	num_reg: 10  	lose cover RAM: 2016G
[    0.002975]  gran_size: 2M 	chunk_size: 32M 	num_reg: 10  	lose cover RAM: 1024G
[    0.002976]  gran_size: 2M 	chunk_size: 64M 	num_reg: 10  	lose cover RAM: 1024G
[    0.002977]  gran_size: 2M 	chunk_size: 128M 	num_reg: 10  	lose cover RAM: 1024G
[    0.002979]  gran_size: 2M 	chunk_size: 256M 	num_reg: 10  	lose cover RAM: 1024G
[    0.002980]  gran_size: 2M 	chunk_size: 512M 	num_reg: 10  	lose cover RAM: 1024G
[    0.002981]  gran_size: 2M 	chunk_size: 1G 	num_reg: 10  	lose cover RAM: 1024G
[    0.002983]  gran_size: 2M 	chunk_size: 2G 	num_reg: 10  	lose cover RAM: 1024G
[    0.002984]  gran_size: 4M 	chunk_size: 4M 	num_reg: 10  	lose cover RAM: 2016G
[    0.002985]  gran_size: 4M 	chunk_size: 8M 	num_reg: 10  	lose cover RAM: 2016G
[    0.002986]  gran_size: 4M 	chunk_size: 16M 	num_reg: 10  	lose cover RAM: 2016G
[    0.002988]  gran_size: 4M 	chunk_size: 32M 	num_reg: 10  	lose cover RAM: 1024G
[    0.002989]  gran_size: 4M 	chunk_size: 64M 	num_reg: 10  	lose cover RAM: 1024G
[    0.002990]  gran_size: 4M 	chunk_size: 128M 	num_reg: 10  	lose cover RAM: 1024G
[    0.002991]  gran_size: 4M 	chunk_size: 256M 	num_reg: 10  	lose cover RAM: 1024G
[    0.002993]  gran_size: 4M 	chunk_size: 512M 	num_reg: 10  	lose cover RAM: 1024G
[    0.002994]  gran_size: 4M 	chunk_size: 1G 	num_reg: 10  	lose cover RAM: 1024G
[    0.002995]  gran_size: 4M 	chunk_size: 2G 	num_reg: 10  	lose cover RAM: 1024G
[    0.002996]  gran_size: 8M 	chunk_size: 8M 	num_reg: 10  	lose cover RAM: 2016G
[    0.002998]  gran_size: 8M 	chunk_size: 16M 	num_reg: 10  	lose cover RAM: 2016G
[    0.002999]  gran_size: 8M 	chunk_size: 32M 	num_reg: 10  	lose cover RAM: 1024G
[    0.003000]  gran_size: 8M 	chunk_size: 64M 	num_reg: 10  	lose cover RAM: 1024G
[    0.003002]  gran_size: 8M 	chunk_size: 128M 	num_reg: 10  	lose cover RAM: 1024G
[    0.003003]  gran_size: 8M 	chunk_size: 256M 	num_reg: 10  	lose cover RAM: 1024G
[    0.003004]  gran_size: 8M 	chunk_size: 512M 	num_reg: 10  	lose cover RAM: 1024G
[    0.003005]  gran_size: 8M 	chunk_size: 1G 	num_reg: 10  	lose cover RAM: 1024G
[    0.003007]  gran_size: 8M 	chunk_size: 2G 	num_reg: 10  	lose cover RAM: 1024G
[    0.003008]  gran_size: 16M 	chunk_size: 16M 	num_reg: 10  	lose cover RAM: 2016G
[    0.003009]  gran_size: 16M 	chunk_size: 32M 	num_reg: 10  	lose cover RAM: 1024G
[    0.003011]  gran_size: 16M 	chunk_size: 64M 	num_reg: 10  	lose cover RAM: 1024G
[    0.003012]  gran_size: 16M 	chunk_size: 128M 	num_reg: 10  	lose cover RAM: 1024G
[    0.003013]  gran_size: 16M 	chunk_size: 256M 	num_reg: 10  	lose cover RAM: 1024G
[    0.003014]  gran_size: 16M 	chunk_size: 512M 	num_reg: 10  	lose cover RAM: 1024G
[    0.003016]  gran_size: 16M 	chunk_size: 1G 	num_reg: 10  	lose cover RAM: 1024G
[    0.003017]  gran_size: 16M 	chunk_size: 2G 	num_reg: 10  	lose cover RAM: 1024G
[    0.003018]  gran_size: 32M 	chunk_size: 32M 	num_reg: 10  	lose cover RAM: 2031632M
[    0.003020]  gran_size: 32M 	chunk_size: 64M 	num_reg: 10  	lose cover RAM: 1048592M
[    0.003021]  gran_size: 32M 	chunk_size: 128M 	num_reg: 10  	lose cover RAM: 1048592M
[    0.003022]  gran_size: 32M 	chunk_size: 256M 	num_reg: 10  	lose cover RAM: 1048592M
[    0.003023]  gran_size: 32M 	chunk_size: 512M 	num_reg: 10  	lose cover RAM: 1048592M
[    0.003025]  gran_size: 32M 	chunk_size: 1G 	num_reg: 10  	lose cover RAM: 1048592M
[    0.003026]  gran_size: 32M 	chunk_size: 2G 	num_reg: 10  	lose cover RAM: 1048592M
[    0.003027]  gran_size: 64M 	chunk_size: 64M 	num_reg: 10  	lose cover RAM: 1966128M
[    0.003029]  gran_size: 64M 	chunk_size: 128M 	num_reg: 10  	lose cover RAM: 1048624M
[    0.003030]  gran_size: 64M 	chunk_size: 256M 	num_reg: 10  	lose cover RAM: 1048624M
[    0.003031]  gran_size: 64M 	chunk_size: 512M 	num_reg: 10  	lose cover RAM: 1048624M
[    0.003032]  gran_size: 64M 	chunk_size: 1G 	num_reg: 10  	lose cover RAM: 1048624M
[    0.003034]  gran_size: 64M 	chunk_size: 2G 	num_reg: 10  	lose cover RAM: 1048624M
[    0.003035]  gran_size: 128M 	chunk_size: 128M 	num_reg: 10  	lose cover RAM: 1835120M
[    0.003036]  gran_size: 128M 	chunk_size: 256M 	num_reg: 10  	lose cover RAM: 1048688M
[    0.003038]  gran_size: 128M 	chunk_size: 512M 	num_reg: 10  	lose cover RAM: 1048688M
[    0.003039]  gran_size: 128M 	chunk_size: 1G 	num_reg: 10  	lose cover RAM: 1048688M
[    0.003040]  gran_size: 128M 	chunk_size: 2G 	num_reg: 10  	lose cover RAM: 1048688M
[    0.003042]  gran_size: 256M 	chunk_size: 256M 	num_reg: 10  	lose cover RAM: 1573104M
[    0.003043]  gran_size: 256M 	chunk_size: 512M 	num_reg: 10  	lose cover RAM: 1048816M
[    0.003044]  gran_size: 256M 	chunk_size: 1G 	num_reg: 10  	lose cover RAM: 1048816M
[    0.003045]  gran_size: 256M 	chunk_size: 2G 	num_reg: 10  	lose cover RAM: 1048816M
[    0.003047]  gran_size: 512M 	chunk_size: 512M 	num_reg: 10  	lose cover RAM: 1049072M
[    0.003048]  gran_size: 512M 	chunk_size: 1G 	num_reg: 10  	lose cover RAM: 1049072M
[    0.003049]  gran_size: 512M 	chunk_size: 2G 	num_reg: 10  	lose cover RAM: 1049072M
[    0.003051]  gran_size: 1G 	chunk_size: 1G 	num_reg: 10  	lose cover RAM: 1008M
[    0.003052]  gran_size: 1G 	chunk_size: 2G 	num_reg: 10  	lose cover RAM: 1008M
[    0.003053]  gran_size: 2G 	chunk_size: 2G 	num_reg: 9  	lose cover RAM: 2032M
[    0.003055] mtrr_cleanup: can not find optimal value
[    0.003055] please specify mtrr_gran_size/mtrr_chunk_size
[    0.003058] e820: update [mem 0x7f000000-0xffffffff] usable ==> reserved
[    0.003061] x2apic: enabled by BIOS, switching to x2apic ops
[    0.003061] last_pfn = 0x6f800 max_arch_pfn = 0x400000000
[    0.014390] Using GB pages for direct mapping
[    0.015793] Secure boot disabled
[    0.015793] RAMDISK: [mem 0x205cb7c000-0x207fffffff]
[    0.015798] ACPI: Early table checksum verification disabled
[    0.015800] ACPI: RSDP 0x000000006F7FE014 000024 (v02 DELL  )
[    0.015804] ACPI: XSDT 0x000000006F41C188 0000F4 (v01 DELL   PE_SC3   00000000 DELL 01000013)
[    0.015809] ACPI: FACP 0x000000006F430000 000114 (v06 DELL   PE_SC3   00000000 DELL 00000001)
[    0.015815] ACPI: DSDT 0x000000004B4CE000 07FAD3 (v02 DELL   PE_SC3   00000003 DELL 00000001)
[    0.015818] ACPI: FACS 0x000000006F2F2000 000040
[    0.015821] ACPI: SSDT 0x000000006F7FB000 00159A (v02 INTEL  RAS_ACPI 00000001 INTL 20210331)
[    0.015825] ACPI: SSDT 0x000000006F7FA000 000745 (v02 INTEL  ADDRXLAT 00000001 INTL 20210331)
[    0.015828] ACPI: MCEJ 0x000000006F7F9000 000130 (v01 INTEL           00000001 INTL 0100000D)
[    0.015832] ACPI: BERT 0x000000006F7F8000 000030 (v01 DELL   PE_SC3   00000001 INTL 00000001)
[    0.015835] ACPI: ERST 0x000000006F7F7000 000230 (v01 DELL   PE_SC3   00000001 INTL 00000001)
[    0.015838] ACPI: SSDT 0x000000006F431000 3C524E (v02 INTEL  SSDTNVDR 00001000 INTL 20210331)
[    0.015842] ACPI: HMAT 0x000000006F42F000 000210 (v01 DELL   PE_SC3   00000001 DELL 00000001)
[    0.015845] ACPI: HPET 0x000000006F42E000 000038 (v01 DELL   PE_SC3   00000001 DELL 00000001)
[    0.015848] ACPI: MCFG 0x000000006F42D000 00003C (v01 DELL   PE_SC3   00000001 DELL 00000001)
[    0.015851] ACPI: MIGT 0x000000006F42C000 000040 (v01 DELL   PE_SC3   00000000 DELL 00000001)
[    0.015855] ACPI: MSCT 0x000000006F42B000 000090 (v01 DELL   PE_SC3   00000001 DELL 00000001)
[    0.015858] ACPI: PMTT 0x000000006F429000 0011E8 (v02 DELL   PE_SC3   00000001 DELL 00000001)
[    0.015861] ACPI: WSMT 0x000000006F428000 000028 (v01 DELL   PE_SC3   00000000 DELL 00000001)
[    0.015864] ACPI: APIC 0x000000006F427000 00075E (v04 DELL   PE_SC3   00000000 DELL 00000001)
[    0.015867] ACPI: SLIT 0x000000006F426000 00003C (v01 DELL   PE_SC3   00000001 DELL 01000013)
[    0.015871] ACPI: SRAT 0x000000006F41F000 006430 (v03 DELL   PE_SC3   00000002 DELL 01000013)
[    0.015874] ACPI: OEM4 0x000000004B346000 187A61 (v02 INTEL  CPU  CST 00003000 INTL 20210331)
[    0.015877] ACPI: SSDT 0x000000004B2CF000 0764A5 (v02 INTEL  SSDT  PM 00004000 INTL 20210331)
[    0.015881] ACPI: SSDT 0x000000006F41E000 000A1F (v02 DELL   PE_SC3   00000000 DELL 00000001)
[    0.015884] ACPI: HEST 0x000000006F41D000 00017C (v01 DELL   PE_SC3   00000001 INTL 00000001)
[    0.015887] ACPI: PCAT 0x000000006F41B000 00010C (v19 DELL   PE_SC3   00000002 DELL 00000001)
[    0.015890] ACPI: SSDT 0x000000006F413000 007299 (v02 INTEL  SpsNm    00000002 INTL 20210331)
[    0.015893] ACPI: SSDT 0x000000006F412000 000426 (v02 DELL   PE_SC3   00000002 DELL 00000001)
[    0.015897] ACPI: NFIT 0x000000006F7FD000 000488 (v01 DELL   PE_SC3   00000002 DELL 00000001)
[    0.015900] ACPI: DMAR 0x000000006F411000 000158 (v01 DELL   PE_SC3   00000001 DELL 00000001)
[    0.015902] ACPI: Reserving FACP table memory at [mem 0x6f430000-0x6f430113]
[    0.015904] ACPI: Reserving DSDT table memory at [mem 0x4b4ce000-0x4b54dad2]
[    0.015905] ACPI: Reserving FACS table memory at [mem 0x6f2f2000-0x6f2f203f]
[    0.015906] ACPI: Reserving SSDT table memory at [mem 0x6f7fb000-0x6f7fc599]
[    0.015907] ACPI: Reserving SSDT table memory at [mem 0x6f7fa000-0x6f7fa744]
[    0.015908] ACPI: Reserving MCEJ table memory at [mem 0x6f7f9000-0x6f7f912f]
[    0.015908] ACPI: Reserving BERT table memory at [mem 0x6f7f8000-0x6f7f802f]
[    0.015909] ACPI: Reserving ERST table memory at [mem 0x6f7f7000-0x6f7f722f]
[    0.015910] ACPI: Reserving SSDT table memory at [mem 0x6f431000-0x6f7f624d]
[    0.015911] ACPI: Reserving HMAT table memory at [mem 0x6f42f000-0x6f42f20f]
[    0.015912] ACPI: Reserving HPET table memory at [mem 0x6f42e000-0x6f42e037]
[    0.015913] ACPI: Reserving MCFG table memory at [mem 0x6f42d000-0x6f42d03b]
[    0.015914] ACPI: Reserving MIGT table memory at [mem 0x6f42c000-0x6f42c03f]
[    0.015914] ACPI: Reserving MSCT table memory at [mem 0x6f42b000-0x6f42b08f]
[    0.015915] ACPI: Reserving PMTT table memory at [mem 0x6f429000-0x6f42a1e7]
[    0.015916] ACPI: Reserving WSMT table memory at [mem 0x6f428000-0x6f428027]
[    0.015917] ACPI: Reserving APIC table memory at [mem 0x6f427000-0x6f42775d]
[    0.015918] ACPI: Reserving SLIT table memory at [mem 0x6f426000-0x6f42603b]
[    0.015919] ACPI: Reserving SRAT table memory at [mem 0x6f41f000-0x6f42542f]
[    0.015920] ACPI: Reserving OEM4 table memory at [mem 0x4b346000-0x4b4cda60]
[    0.015921] ACPI: Reserving SSDT table memory at [mem 0x4b2cf000-0x4b3454a4]
[    0.015922] ACPI: Reserving SSDT table memory at [mem 0x6f41e000-0x6f41ea1e]
[    0.015923] ACPI: Reserving HEST table memory at [mem 0x6f41d000-0x6f41d17b]
[    0.015923] ACPI: Reserving PCAT table memory at [mem 0x6f41b000-0x6f41b10b]
[    0.015924] ACPI: Reserving SSDT table memory at [mem 0x6f413000-0x6f41a298]
[    0.015925] ACPI: Reserving SSDT table memory at [mem 0x6f412000-0x6f412425]
[    0.015926] ACPI: Reserving NFIT table memory at [mem 0x6f7fd000-0x6f7fd487]
[    0.015927] ACPI: Reserving DMAR table memory at [mem 0x6f411000-0x6f411157]
[    0.015937] Setting APIC routing to cluster x2apic.
[    0.015988] SRAT: PXM 0 -> APIC 0x0000 -> Node 0
[    0.015990] SRAT: PXM 0 -> APIC 0x0001 -> Node 0
[    0.015990] SRAT: PXM 0 -> APIC 0x0002 -> Node 0
[    0.015991] SRAT: PXM 0 -> APIC 0x0003 -> Node 0
[    0.015992] SRAT: PXM 0 -> APIC 0x0004 -> Node 0
[    0.015992] SRAT: PXM 0 -> APIC 0x0005 -> Node 0
[    0.015993] SRAT: PXM 0 -> APIC 0x0006 -> Node 0
[    0.015994] SRAT: PXM 0 -> APIC 0x0007 -> Node 0
[    0.015994] SRAT: PXM 0 -> APIC 0x0008 -> Node 0
[    0.015995] SRAT: PXM 0 -> APIC 0x0009 -> Node 0
[    0.015995] SRAT: PXM 0 -> APIC 0x000a -> Node 0
[    0.015996] SRAT: PXM 0 -> APIC 0x000b -> Node 0
[    0.015997] SRAT: PXM 0 -> APIC 0x000c -> Node 0
[    0.015997] SRAT: PXM 0 -> APIC 0x000d -> Node 0
[    0.015998] SRAT: PXM 0 -> APIC 0x000e -> Node 0
[    0.015999] SRAT: PXM 0 -> APIC 0x000f -> Node 0
[    0.015999] SRAT: PXM 0 -> APIC 0x0010 -> Node 0
[    0.016000] SRAT: PXM 0 -> APIC 0x0011 -> Node 0
[    0.016001] SRAT: PXM 0 -> APIC 0x0012 -> Node 0
[    0.016001] SRAT: PXM 0 -> APIC 0x0013 -> Node 0
[    0.016002] SRAT: PXM 0 -> APIC 0x0014 -> Node 0
[    0.016003] SRAT: PXM 0 -> APIC 0x0015 -> Node 0
[    0.016003] SRAT: PXM 0 -> APIC 0x0016 -> Node 0
[    0.016004] SRAT: PXM 0 -> APIC 0x0017 -> Node 0
[    0.016005] SRAT: PXM 0 -> APIC 0x0018 -> Node 0
[    0.016005] SRAT: PXM 0 -> APIC 0x0019 -> Node 0
[    0.016006] SRAT: PXM 0 -> APIC 0x001a -> Node 0
[    0.016007] SRAT: PXM 0 -> APIC 0x001b -> Node 0
[    0.016007] SRAT: PXM 0 -> APIC 0x001c -> Node 0
[    0.016008] SRAT: PXM 0 -> APIC 0x001d -> Node 0
[    0.016009] SRAT: PXM 0 -> APIC 0x001e -> Node 0
[    0.016009] SRAT: PXM 0 -> APIC 0x001f -> Node 0
[    0.016010] SRAT: PXM 0 -> APIC 0x0020 -> Node 0
[    0.016010] SRAT: PXM 0 -> APIC 0x0021 -> Node 0
[    0.016011] SRAT: PXM 0 -> APIC 0x0022 -> Node 0
[    0.016012] SRAT: PXM 0 -> APIC 0x0023 -> Node 0
[    0.016012] SRAT: PXM 0 -> APIC 0x0024 -> Node 0
[    0.016013] SRAT: PXM 0 -> APIC 0x0025 -> Node 0
[    0.016014] SRAT: PXM 0 -> APIC 0x0026 -> Node 0
[    0.016014] SRAT: PXM 0 -> APIC 0x0027 -> Node 0
[    0.016015] SRAT: PXM 0 -> APIC 0x0028 -> Node 0
[    0.016016] SRAT: PXM 0 -> APIC 0x0029 -> Node 0
[    0.016016] SRAT: PXM 0 -> APIC 0x002a -> Node 0
[    0.016017] SRAT: PXM 0 -> APIC 0x002b -> Node 0
[    0.016017] SRAT: PXM 0 -> APIC 0x002c -> Node 0
[    0.016018] SRAT: PXM 0 -> APIC 0x002d -> Node 0
[    0.016019] SRAT: PXM 0 -> APIC 0x002e -> Node 0
[    0.016019] SRAT: PXM 0 -> APIC 0x002f -> Node 0
[    0.016020] SRAT: PXM 0 -> APIC 0x0030 -> Node 0
[    0.016021] SRAT: PXM 0 -> APIC 0x0031 -> Node 0
[    0.016021] SRAT: PXM 0 -> APIC 0x0032 -> Node 0
[    0.016022] SRAT: PXM 0 -> APIC 0x0033 -> Node 0
[    0.016023] SRAT: PXM 0 -> APIC 0x0034 -> Node 0
[    0.016023] SRAT: PXM 0 -> APIC 0x0035 -> Node 0
[    0.016024] SRAT: PXM 0 -> APIC 0x0036 -> Node 0
[    0.016024] SRAT: PXM 0 -> APIC 0x0037 -> Node 0
[    0.016025] SRAT: PXM 1 -> APIC 0x0080 -> Node 1
[    0.016026] SRAT: PXM 1 -> APIC 0x0081 -> Node 1
[    0.016026] SRAT: PXM 1 -> APIC 0x0082 -> Node 1
[    0.016027] SRAT: PXM 1 -> APIC 0x0083 -> Node 1
[    0.016028] SRAT: PXM 1 -> APIC 0x0084 -> Node 1
[    0.016028] SRAT: PXM 1 -> APIC 0x0085 -> Node 1
[    0.016029] SRAT: PXM 1 -> APIC 0x0086 -> Node 1
[    0.016030] SRAT: PXM 1 -> APIC 0x0087 -> Node 1
[    0.016030] SRAT: PXM 1 -> APIC 0x0088 -> Node 1
[    0.016031] SRAT: PXM 1 -> APIC 0x0089 -> Node 1
[    0.016032] SRAT: PXM 1 -> APIC 0x008a -> Node 1
[    0.016032] SRAT: PXM 1 -> APIC 0x008b -> Node 1
[    0.016033] SRAT: PXM 1 -> APIC 0x008c -> Node 1
[    0.016034] SRAT: PXM 1 -> APIC 0x008d -> Node 1
[    0.016034] SRAT: PXM 1 -> APIC 0x008e -> Node 1
[    0.016035] SRAT: PXM 1 -> APIC 0x008f -> Node 1
[    0.016035] SRAT: PXM 1 -> APIC 0x0090 -> Node 1
[    0.016036] SRAT: PXM 1 -> APIC 0x0091 -> Node 1
[    0.016037] SRAT: PXM 1 -> APIC 0x0092 -> Node 1
[    0.016037] SRAT: PXM 1 -> APIC 0x0093 -> Node 1
[    0.016038] SRAT: PXM 1 -> APIC 0x0094 -> Node 1
[    0.016039] SRAT: PXM 1 -> APIC 0x0095 -> Node 1
[    0.016039] SRAT: PXM 1 -> APIC 0x0096 -> Node 1
[    0.016040] SRAT: PXM 1 -> APIC 0x0097 -> Node 1
[    0.016040] SRAT: PXM 1 -> APIC 0x0098 -> Node 1
[    0.016041] SRAT: PXM 1 -> APIC 0x0099 -> Node 1
[    0.016042] SRAT: PXM 1 -> APIC 0x009a -> Node 1
[    0.016042] SRAT: PXM 1 -> APIC 0x009b -> Node 1
[    0.016043] SRAT: PXM 1 -> APIC 0x009c -> Node 1
[    0.016044] SRAT: PXM 1 -> APIC 0x009d -> Node 1
[    0.016044] SRAT: PXM 1 -> APIC 0x009e -> Node 1
[    0.016045] SRAT: PXM 1 -> APIC 0x009f -> Node 1
[    0.016045] SRAT: PXM 1 -> APIC 0x00a0 -> Node 1
[    0.016046] SRAT: PXM 1 -> APIC 0x00a1 -> Node 1
[    0.016047] SRAT: PXM 1 -> APIC 0x00a2 -> Node 1
[    0.016047] SRAT: PXM 1 -> APIC 0x00a3 -> Node 1
[    0.016048] SRAT: PXM 1 -> APIC 0x00a4 -> Node 1
[    0.016049] SRAT: PXM 1 -> APIC 0x00a5 -> Node 1
[    0.016049] SRAT: PXM 1 -> APIC 0x00a6 -> Node 1
[    0.016050] SRAT: PXM 1 -> APIC 0x00a7 -> Node 1
[    0.016051] SRAT: PXM 1 -> APIC 0x00a8 -> Node 1
[    0.016051] SRAT: PXM 1 -> APIC 0x00a9 -> Node 1
[    0.016052] SRAT: PXM 1 -> APIC 0x00aa -> Node 1
[    0.016052] SRAT: PXM 1 -> APIC 0x00ab -> Node 1
[    0.016053] SRAT: PXM 1 -> APIC 0x00ac -> Node 1
[    0.016054] SRAT: PXM 1 -> APIC 0x00ad -> Node 1
[    0.016054] SRAT: PXM 1 -> APIC 0x00ae -> Node 1
[    0.016055] SRAT: PXM 1 -> APIC 0x00af -> Node 1
[    0.016056] SRAT: PXM 1 -> APIC 0x00b0 -> Node 1
[    0.016056] SRAT: PXM 1 -> APIC 0x00b1 -> Node 1
[    0.016057] SRAT: PXM 1 -> APIC 0x00b2 -> Node 1
[    0.016058] SRAT: PXM 1 -> APIC 0x00b3 -> Node 1
[    0.016058] SRAT: PXM 1 -> APIC 0x00b4 -> Node 1
[    0.016059] SRAT: PXM 1 -> APIC 0x00b5 -> Node 1
[    0.016060] SRAT: PXM 1 -> APIC 0x00b6 -> Node 1
[    0.016060] SRAT: PXM 1 -> APIC 0x00b7 -> Node 1
[    0.016073] ACPI: SRAT: Node 0 PXM 0 [mem 0x00000000-0x7fffffff]
[    0.016074] ACPI: SRAT: Node 0 PXM 0 [mem 0x100000000-0x107fffffff]
[    0.016076] ACPI: SRAT: Node 2 PXM 2 [mem 0x2080000000-0x9e7fffffff] non-volatile
[    0.016077] ACPI: SRAT: Node 1 PXM 1 [mem 0x1080000000-0x207fffffff]
[    0.016078] ACPI: SRAT: Node 3 PXM 3 [mem 0x9e80000000-0x11c7fffffff] non-volatile
[    0.016087] NUMA: Initialized distance table, cnt=4
[    0.016090] NUMA: Node 0 [mem 0x00000000-0x7fffffff] + [mem 0x100000000-0x107fffffff] -> [mem 0x00000000-0x107fffffff]
[    0.016099] NODE_DATA(0) allocated [mem 0xffffd5000-0xfffffffff]
[    0.016118] NODE_DATA(1) allocated [mem 0x205cb4e000-0x205cb78fff]
[    0.016316] Zone ranges:
[    0.016317]   DMA      [mem 0x0000000000001000-0x0000000000ffffff]
[    0.016319]   DMA32    [mem 0x0000000001000000-0x00000000ffffffff]
[    0.016320]   Normal   [mem 0x0000000100000000-0x000000207fffffff]
[    0.016321]   Device   empty
[    0.016322] Movable zone start for each node
[    0.016326] Early memory node ranges
[    0.016326]   node   0: [mem 0x0000000000001000-0x000000000008efff]
[    0.016328]   node   0: [mem 0x0000000000090000-0x000000000009ffff]
[    0.016329]   node   0: [mem 0x0000000000100000-0x0000000049e76fff]
[    0.016330]   node   0: [mem 0x000000004ae77000-0x000000004b2cefff]
[    0.016330]   node   0: [mem 0x000000004b54e000-0x000000004bd93fff]
[    0.016331]   node   0: [mem 0x000000004be9a000-0x000000004cdfffff]
[    0.016332]   node   0: [mem 0x000000004d000000-0x000000005eefdfff]
[    0.016333]   node   0: [mem 0x000000006f7ff000-0x000000006f7fffff]
[    0.016333]   node   0: [mem 0x0000000c2b400000-0x0000000fffffffff]
[    0.016335]   node   1: [mem 0x0000001ec0000000-0x000000207fffffff]
[    0.016337] Initmem setup node 0 [mem 0x0000000000001000-0x0000000fffffffff]
[    0.016340] Initmem setup node 1 [mem 0x0000001ec0000000-0x000000207fffffff]
[    0.016343] On node 0, zone DMA: 1 pages in unavailable ranges
[    0.016345] On node 0, zone DMA: 1 pages in unavailable ranges
[    0.016373] On node 0, zone DMA: 96 pages in unavailable ranges
[    0.018657] On node 0, zone DMA32: 4096 pages in unavailable ranges
[    0.018679] On node 0, zone DMA32: 639 pages in unavailable ranges
[    0.018710] On node 0, zone DMA32: 262 pages in unavailable ranges
[    0.019212] On node 0, zone DMA32: 512 pages in unavailable ranges
[    0.019478] On node 0, zone DMA32: 35073 pages in unavailable ranges
[    0.049089] On node 0, zone Normal: 15360 pages in unavailable ranges
[    0.063345] ACPI: PM-Timer IO Port: 0x508
[    0.063364] ACPI: X2APIC_NMI (uid[0xffffffff] high edge lint[0x1])
[    0.063367] ACPI: LAPIC_NMI (acpi_id[0xff] high edge lint[0x1])
[    0.063386] IOAPIC[0]: apic_id 8, version 32, address 0xfec00000, GSI 0-119
[    0.063390] ACPI: INT_SRC_OVR (bus 0 bus_irq 0 global_irq 2 dfl dfl)
[    0.063391] ACPI: INT_SRC_OVR (bus 0 bus_irq 9 global_irq 9 high level)
[    0.063395] ACPI: Using ACPI (MADT) for SMP configuration information
[    0.063397] ACPI: HPET id: 0x8086a701 base: 0xfed00000
[    0.063401] TSC deadline timer available
[    0.063401] smpboot: Allowing 112 CPUs, 0 hotplug CPUs
[    0.063429] PM: hibernation: Registered nosave memory: [mem 0x00000000-0x00000fff]
[    0.063431] PM: hibernation: Registered nosave memory: [mem 0x0008f000-0x0008ffff]
[    0.063433] PM: hibernation: Registered nosave memory: [mem 0x000a0000-0x000fffff]
[    0.063435] PM: hibernation: Registered nosave memory: [mem 0x46cc5000-0x46cc5fff]
[    0.063437] PM: hibernation: Registered nosave memory: [mem 0x46cf6000-0x46cf6fff]
[    0.063438] PM: hibernation: Registered nosave memory: [mem 0x46cf7000-0x46cf7fff]
[    0.063439] PM: hibernation: Registered nosave memory: [mem 0x46d29000-0x46d29fff]
[    0.063440] PM: hibernation: Registered nosave memory: [mem 0x46d2a000-0x46d2afff]
[    0.063442] PM: hibernation: Registered nosave memory: [mem 0x46d5c000-0x46d5cfff]
[    0.063443] PM: hibernation: Registered nosave memory: [mem 0x46d5d000-0x46d5dfff]
[    0.063444] PM: hibernation: Registered nosave memory: [mem 0x46d65000-0x46d65fff]
[    0.063446] PM: hibernation: Registered nosave memory: [mem 0x49e77000-0x4ae76fff]
[    0.063448] PM: hibernation: Registered nosave memory: [mem 0x4b2cf000-0x4b54dfff]
[    0.063449] PM: hibernation: Registered nosave memory: [mem 0x4bd94000-0x4be99fff]
[    0.063451] PM: hibernation: Registered nosave memory: [mem 0x4ce00000-0x4cffffff]
[    0.063453] PM: hibernation: Registered nosave memory: [mem 0x5eefe000-0x6e3fefff]
[    0.063454] PM: hibernation: Registered nosave memory: [mem 0x6e3ff000-0x6f3fefff]
[    0.063454] PM: hibernation: Registered nosave memory: [mem 0x6f3ff000-0x6f7fefff]
[    0.063456] PM: hibernation: Registered nosave memory: [mem 0x6f800000-0x8fffffff]
[    0.063457] PM: hibernation: Registered nosave memory: [mem 0x90000000-0xfdffffff]
[    0.063457] PM: hibernation: Registered nosave memory: [mem 0xfe000000-0xfe010fff]
[    0.063458] PM: hibernation: Registered nosave memory: [mem 0xfe011000-0xffffffff]
[    0.063459] PM: hibernation: Registered nosave memory: [mem 0x100000000-0xc2b3fffff]
[    0.063461] PM: hibernation: Registered nosave memory: [mem 0x1000000000-0x1ebfffffff]
[    0.063462] [mem 0x90000000-0xfdffffff] available for PCI devices
[    0.063464] Booting paravirtualized kernel on bare hardware
[    0.063466] clocksource: refined-jiffies: mask: 0xffffffff max_cycles: 0xffffffff, max_idle_ns: 7645519600211568 ns
[    0.063472] setup_percpu: NR_CPUS:8192 nr_cpumask_bits:112 nr_cpu_ids:112 nr_node_ids:4
[    0.067917] percpu: Embedded 53 pages/cpu s180224 r8192 d28672 u262144
[    0.067929] pcpu-alloc: s180224 r8192 d28672 u262144 alloc=1*2097152
[    0.067932] pcpu-alloc: [0] 000 002 004 006 008 010 012 014 
[    0.067937] pcpu-alloc: [0] 016 018 020 022 024 026 028 030 
[    0.067942] pcpu-alloc: [0] 032 034 036 038 040 042 044 046 
[    0.067946] pcpu-alloc: [0] 048 050 052 054 056 058 060 062 
[    0.067950] pcpu-alloc: [0] 064 066 068 070 072 074 076 078 
[    0.067954] pcpu-alloc: [0] 080 082 084 086 088 090 092 094 
[    0.067958] pcpu-alloc: [0] 096 098 100 102 104 106 108 110 
[    0.067963] pcpu-alloc: [1] 001 003 005 007 009 011 013 015 
[    0.067967] pcpu-alloc: [1] 017 019 021 023 025 027 029 031 
[    0.067971] pcpu-alloc: [1] 033 035 037 039 041 043 045 047 
[    0.067975] pcpu-alloc: [1] 049 051 053 055 057 059 061 063 
[    0.067979] pcpu-alloc: [1] 065 067 069 071 073 075 077 079 
[    0.067983] pcpu-alloc: [1] 081 083 085 087 089 091 093 095 
[    0.067987] pcpu-alloc: [1] 097 099 101 103 105 107 109 111 
[    0.068037] Built 2 zonelists, mobility grouping on.  Total pages: 6136804
[    0.068039] Policy zone: Normal
[    0.068041] Kernel command line: BOOT_IMAGE=/boot/vmlinuz-5.15.0-tiering-0.8 root=UUID=ce0c24b8-724b-4f33-9b2c-618433560aef ro memmap=45748M!4096M memmap=59G!64G quiet splash nomodeset vt.handoff=1
[    0.068158] You have booted with nomodeset. This means your GPU drivers are DISABLED
[    0.068159] Any video related functionality will be severely degraded, and you may not even be able to suspend the system properly
[    0.068159] Unless you actually understand what nomodeset does, you should reboot without enabling it
[    0.068180] Unknown command line parameters: splash BOOT_IMAGE=/boot/vmlinuz-5.15.0-tiering-0.8
[    0.068182] printk: log_buf_len individual max cpu contribution: 4096 bytes
[    0.068183] printk: log_buf_len total cpu_extra contributions: 454656 bytes
[    0.068184] printk: log_buf_len min size: 262144 bytes
[    0.069160] printk: log_buf_len: 1048576 bytes
[    0.069161] printk: early log buf free: 223784(85%)
[    0.070734] mem auto-init: stack:off, heap alloc:on, heap free:off
[    0.136919] Memory: 23706480K/24941664K available (14345K kernel code, 3484K rwdata, 10288K rodata, 2824K init, 5836K bss, 1234924K reserved, 0K cma-reserved)
[    0.136925] random: get_random_u64 called from __kmem_cache_create+0x2d/0x460 with crng_init=1
[    0.137875] SLUB: HWalign=64, Order=0-3, MinObjects=0, CPUs=112, Nodes=4
[    0.137906] ftrace: allocating 48223 entries in 189 pages
[    0.153067] ftrace: allocated 189 pages with 6 groups
[    0.153745] rcu: Hierarchical RCU implementation.
[    0.153747] rcu: 	RCU restricting CPUs from NR_CPUS=8192 to nr_cpu_ids=112.
[    0.153748] 	Rude variant of Tasks RCU enabled.
[    0.153749] 	Tracing variant of Tasks RCU enabled.
[    0.153750] rcu: RCU calculated value of scheduler-enlistment delay is 25 jiffies.
[    0.153751] rcu: Adjusting geometry for rcu_fanout_leaf=16, nr_cpu_ids=112
[    0.157526] NR_IRQS: 524544, nr_irqs: 2952, preallocated irqs: 16
[    0.157881] random: crng done (trusting CPU's manufacturer)
[    0.158024] Console: colour dummy device 80x25
[    0.158059] printk: console [tty0] enabled
[    0.158234] mempolicy: Enabling automatic NUMA balancing. Configure with numa_balancing= or the kernel.numa_balancing sysctl
[    0.158238] ACPI: Core revision 20210730
[    0.161638] clocksource: hpet: mask: 0xffffffff max_cycles: 0xffffffff, max_idle_ns: 79635855245 ns
[    0.161681] APIC: Switch to symmetric I/O mode setup
[    0.161683] DMAR: Host address width 46
[    0.161683] DMAR: DRHD base: 0x000000d0ffc000 flags: 0x0
[    0.161689] DMAR: dmar0: reg_base_addr d0ffc000 ver 4:0 cap 8ed008c40780466 ecap 60000f050df
[    0.161691] DMAR: DRHD base: 0x000000dbbfc000 flags: 0x0
[    0.161694] DMAR: dmar1: reg_base_addr dbbfc000 ver 4:0 cap 8ed008c40780466 ecap 60000f050df
[    0.161696] DMAR: DRHD base: 0x000000e67fc000 flags: 0x0
[    0.161699] DMAR: dmar2: reg_base_addr e67fc000 ver 4:0 cap 8ed008c40780466 ecap 60000f050df
[    0.161701] DMAR: DRHD base: 0x000000f13fc000 flags: 0x0
[    0.161704] DMAR: dmar3: reg_base_addr f13fc000 ver 4:0 cap 8ed008c40780466 ecap 60000f050df
[    0.161706] DMAR: DRHD base: 0x000000fb7fc000 flags: 0x0
[    0.161708] DMAR: dmar4: reg_base_addr fb7fc000 ver 4:0 cap 8ed008c40780466 ecap 60000f050df
[    0.161711] DMAR: DRHD base: 0x000000a63fc000 flags: 0x0
[    0.161713] DMAR: dmar5: reg_base_addr a63fc000 ver 4:0 cap 8ed008c40780466 ecap 60000f050df
[    0.161715] DMAR: DRHD base: 0x000000b0ffc000 flags: 0x0
[    0.161717] DMAR: dmar6: reg_base_addr b0ffc000 ver 4:0 cap 8ed008c40780466 ecap 60000f050df
[    0.161719] DMAR: DRHD base: 0x000000bbbfc000 flags: 0x0
[    0.161723] DMAR: dmar7: reg_base_addr bbbfc000 ver 4:0 cap 8ed008c40780466 ecap 60000f050df
[    0.161725] DMAR: DRHD base: 0x000000c5ffc000 flags: 0x0
[    0.161727] DMAR: dmar8: reg_base_addr c5ffc000 ver 4:0 cap 8ed008c40780466 ecap 60000f050df
[    0.161729] DMAR: DRHD base: 0x0000009b7fc000 flags: 0x1
[    0.161731] DMAR: dmar9: reg_base_addr 9b7fc000 ver 4:0 cap 8ed008c40780466 ecap 60000f050df
[    0.161733] DMAR: RMRR base: 0x00000069427000 end: 0x00000069429fff
[    0.161735] DMAR: ATSR flags: 0x0
[    0.161737] DMAR-IR: IOAPIC id 8 under DRHD base  0x9b7fc000 IOMMU 9
[    0.161739] DMAR-IR: HPET id 0 under DRHD base 0x9b7fc000
[    0.161740] DMAR-IR: Queued invalidation will be enabled to support x2apic and Intr-remapping.
[    0.164655] DMAR-IR: Enabled IRQ remapping in x2apic mode
[    0.167254] ..TIMER: vector=0x30 apic1=0 pin1=2 apic2=-1 pin2=-1
[    0.185612] clocksource: tsc-early: mask: 0xffffffffffffffff max_cycles: 0x39a85c9bff6, max_idle_ns: 881590591483 ns
[    0.185618] Calibrating delay loop (skipped), value calculated using timer frequency.. 4000.00 BogoMIPS (lpj=8000000)
[    0.185621] pid_max: default: 114688 minimum: 896
[    0.189058] LSM: Security Framework initializing
[    0.189082] Yama: becoming mindful.
[    0.189132] AppArmor: AppArmor initialized
[    0.193527] Dentry cache hash table entries: 4194304 (order: 13, 33554432 bytes, vmalloc)
[    0.195734] Inode-cache hash table entries: 2097152 (order: 12, 16777216 bytes, vmalloc)
[    0.195857] Mount-cache hash table entries: 65536 (order: 7, 524288 bytes, vmalloc)
[    0.195925] Mountpoint-cache hash table entries: 65536 (order: 7, 524288 bytes, vmalloc)
[    0.196560] x86/tme: not enabled by BIOS
[    0.196570] CPU0: Thermal monitoring enabled (TM1)
[    0.196572] x86/cpu: User Mode Instruction Prevention (UMIP) activated
[    0.196804] process: using mwait in idle threads
[    0.196805] Last level iTLB entries: 4KB 0, 2MB 0, 4MB 0
[    0.196807] Last level dTLB entries: 4KB 0, 2MB 0, 4MB 0, 1GB 0
[    0.196812] Spectre V1 : Mitigation: usercopy/swapgs barriers and __user pointer sanitization
[    0.196814] Spectre V2 : Mitigation: Enhanced IBRS
[    0.196815] Spectre V2 : Spectre v2 / SpectreRSB mitigation: Filling RSB on context switch
[    0.196816] Spectre V2 : mitigation: Enabling conditional Indirect Branch Prediction Barrier
[    0.196818] Speculative Store Bypass: Mitigation: Speculative Store Bypass disabled via prctl and seccomp
[    0.203105] Freeing SMP alternatives memory: 40K
[    0.205744] smpboot: Estimated ratio of average max frequency by base frequency (times 1024): 1433
[    0.205758] smpboot: CPU0: Intel(R) Xeon(R) Gold 6330 CPU @ 2.00GHz (family: 0x6, model: 0x6a, stepping: 0x6)
[    0.205943] Performance Events: PEBS fmt4+-baseline,  AnyThread deprecated, Icelake events, 32-deep LBR, full-width counters, Intel PMU driver.
[    0.205962] ... version:                5
[    0.205963] ... bit width:              48
[    0.205964] ... generic registers:      8
[    0.205964] ... value mask:             0000ffffffffffff
[    0.205965] ... max period:             00007fffffffffff
[    0.205966] ... fixed-purpose events:   4
[    0.205966] ... event mask:             0001000f000000ff
[    0.206090] rcu: Hierarchical SRCU implementation.
[    0.213137] NMI watchdog: Enabled. Permanently consumes one hw-PMU counter.
[    0.214160] smp: Bringing up secondary CPUs ...
[    0.214264] x86: Booting SMP configuration:
[    0.214265] .... node  #1, CPUs:          #1
[    0.007784] smpboot: CPU 1 Converting physical 0 to logical die 1

[    0.301727] .... node  #0, CPUs:     #2
[    0.307113] .... node  #1, CPUs:     #3
[    0.312552] .... node  #0, CPUs:     #4
[    0.317932] .... node  #1, CPUs:     #5
[    0.323339] .... node  #0, CPUs:     #6
[    0.328922] .... node  #1, CPUs:     #7
[    0.334531] .... node  #0, CPUs:     #8
[    0.339819] .... node  #1, CPUs:     #9
[    0.345721] .... node  #0, CPUs:    #10
[    0.351284] .... node  #1, CPUs:    #11
[    0.357037] .... node  #0, CPUs:    #12
[    0.362565] .... node  #1, CPUs:    #13
[    0.367941] .... node  #0, CPUs:    #14
[    0.373174] .... node  #1, CPUs:    #15
[    0.378514] .... node  #0, CPUs:    #16
[    0.383781] .... node  #1, CPUs:    #17
[    0.389112] .... node  #0, CPUs:    #18
[    0.394365] .... node  #1, CPUs:    #19
[    0.400025] .... node  #0, CPUs:    #20
[    0.405262] .... node  #1, CPUs:    #21
[    0.410882] .... node  #0, CPUs:    #22
[    0.416319] .... node  #1, CPUs:    #23
[    0.421724] .... node  #0, CPUs:    #24
[    0.427246] .... node  #1, CPUs:    #25
[    0.432593] .... node  #0, CPUs:    #26
[    0.437813] .... node  #1, CPUs:    #27
[    0.443146] .... node  #0, CPUs:    #28
[    0.448655] .... node  #1, CPUs:    #29
[    0.453975] .... node  #0, CPUs:    #30
[    0.459206] .... node  #1, CPUs:    #31
[    0.464705] .... node  #0, CPUs:    #32
[    0.469992] .... node  #1, CPUs:    #33
[    0.475378] .... node  #0, CPUs:    #34
[    0.480820] .... node  #1, CPUs:    #35
[    0.486156] .... node  #0, CPUs:    #36
[    0.491364] .... node  #1, CPUs:    #37
[    0.496700] .... node  #0, CPUs:    #38
[    0.502258] .... node  #1, CPUs:    #39
[    0.507800] .... node  #0, CPUs:    #40
[    0.513651] .... node  #1, CPUs:    #41
[    0.519175] .... node  #0, CPUs:    #42
[    0.524487] .... node  #1, CPUs:    #43
[    0.530145] .... node  #0, CPUs:    #44
[    0.535507] .... node  #1, CPUs:    #45
[    0.540987] .... node  #0, CPUs:    #46
[    0.546529] .... node  #1, CPUs:    #47
[    0.552001] .... node  #0, CPUs:    #48
[    0.557345] .... node  #1, CPUs:    #49
[    0.562796] .... node  #0, CPUs:    #50
[    0.568296] .... node  #1, CPUs:    #51
[    0.573957] .... node  #0, CPUs:    #52
[    0.579430] .... node  #1, CPUs:    #53
[    0.585044] .... node  #0, CPUs:    #54
[    0.590749] .... node  #1, CPUs:    #55
[    0.596576] .... node  #0, CPUs:    #56
[    0.602709] .... node  #1, CPUs:    #57
[    0.608626] .... node  #0, CPUs:    #58
[    0.614043] .... node  #1, CPUs:    #59
[    0.619506] .... node  #0, CPUs:    #60
[    0.624905] .... node  #1, CPUs:    #61
[    0.630315] .... node  #0, CPUs:    #62
[    0.635906] .... node  #1, CPUs:    #63
[    0.641721] .... node  #0, CPUs:    #64
[    0.646838] .... node  #1, CPUs:    #65
[    0.652606] .... node  #0, CPUs:    #66
[    0.658349] .... node  #1, CPUs:    #67
[    0.664118] .... node  #0, CPUs:    #68
[    0.669778] .... node  #1, CPUs:    #69
[    0.675055] .... node  #0, CPUs:    #70
[    0.680299] .... node  #1, CPUs:    #71
[    0.685729] .... node  #0, CPUs:    #72
[    0.690964] .... node  #1, CPUs:    #73
[    0.696323] .... node  #0, CPUs:    #74
[    0.701775] .... node  #1, CPUs:    #75
[    0.707286] .... node  #0, CPUs:    #76
[    0.712543] .... node  #1, CPUs:    #77
[    0.718178] .... node  #0, CPUs:    #78
[    0.723641] .... node  #1, CPUs:    #79
[    0.728958] .... node  #0, CPUs:    #80
[    0.734605] .... node  #1, CPUs:    #81
[    0.739977] .... node  #0, CPUs:    #82
[    0.745218] .... node  #1, CPUs:    #83
[    0.750576] .... node  #0, CPUs:    #84
[    0.756102] .... node  #1, CPUs:    #85
[    0.761655] .... node  #0, CPUs:    #86
[    0.766687] .... node  #1, CPUs:    #87
[    0.772204] .... node  #0, CPUs:    #88
[    0.777768] .... node  #1, CPUs:    #89
[    0.782924] .... node  #0, CPUs:    #90
[    0.788381] .... node  #1, CPUs:    #91
[    0.793746] .... node  #0, CPUs:    #92
[    0.798980] .... node  #1, CPUs:    #93
[    0.804341] .... node  #0, CPUs:    #94
[    0.809925] .... node  #1, CPUs:    #95
[    0.815495] .... node  #0, CPUs:    #96
[    0.821122] .... node  #1, CPUs:    #97
[    0.826899] .... node  #0, CPUs:    #98
[    0.832232] .... node  #1, CPUs:    #99
[    0.837925] .... node  #0, CPUs:   #100
[    0.843301] .... node  #1, CPUs:   #101
[    0.848816] .... node  #0, CPUs:   #102
[    0.854370] .... node  #1, CPUs:   #103
[    0.859861] .... node  #0, CPUs:   #104
[    0.865231] .... node  #1, CPUs:   #105
[    0.870685] .... node  #0, CPUs:   #106
[    0.876193] .... node  #1, CPUs:   #107
[    0.881870] .... node  #0, CPUs:   #108
[    0.887354] .... node  #1, CPUs:   #109
[    0.892989] .... node  #0, CPUs:   #110
[    0.898708] .... node  #1, CPUs:   #111
[    0.904557] smp: Brought up 2 nodes, 112 CPUs
[    0.904557] smpboot: Max logical packages: 2
[    0.904557] smpboot: Total of 112 processors activated (448072.29 BogoMIPS)
[    0.909014] devtmpfs: initialized
[    0.909014] x86/mm: Memory block size: 2048MB
[    0.909014] ACPI: PM: Registering ACPI NVS region [mem 0x49e77000-0x4ae76fff] (16777216 bytes)
[    0.909697] ACPI: PM: Registering ACPI NVS region [mem 0x6e3ff000-0x6f3fefff] (16777216 bytes)
[    0.909952] clocksource: jiffies: mask: 0xffffffff max_cycles: 0xffffffff, max_idle_ns: 7645041785100000 ns
[    0.910254] futex hash table entries: 32768 (order: 9, 2097152 bytes, vmalloc)
[    0.910506] pinctrl core: initialized pinctrl subsystem
[    0.910671] PM: RTC time: 08:49:43, date: 2024-06-28
[    0.910885] NET: Registered PF_NETLINK/PF_ROUTE protocol family
[    0.911805] DMA: preallocated 4096 KiB GFP_KERNEL pool for atomic allocations
[    0.912312] DMA: preallocated 4096 KiB GFP_KERNEL|GFP_DMA pool for atomic allocations
[    0.912820] DMA: preallocated 4096 KiB GFP_KERNEL|GFP_DMA32 pool for atomic allocations
[    0.912830] audit: initializing netlink subsys (disabled)
[    0.912839] audit: type=2000 audit(1719564581.748:1): state=initialized audit_enabled=0 res=1
[    0.912839] thermal_sys: Registered thermal governor 'fair_share'
[    0.912839] thermal_sys: Registered thermal governor 'bang_bang'
[    0.912839] thermal_sys: Registered thermal governor 'step_wise'
[    0.912839] thermal_sys: Registered thermal governor 'user_space'
[    0.912839] EISA bus registered
[    0.912839] cpuidle: using governor ladder
[    0.912839] cpuidle: using governor menu
[    0.913650] ACPI FADT declares the system doesn't support PCIe ASPM, so disable it
[    0.913651] ACPI: bus type PCI registered
[    0.913653] acpiphp: ACPI Hot Plug PCI Controller Driver version: 0.5
[    0.913759] PCI: MMCONFIG for domain 0000 [bus 00-ff] at [mem 0x80000000-0x8fffffff] (base 0x80000000)
[    0.913764] PCI: MMCONFIG at [mem 0x80000000-0x8fffffff] reserved in E820
[    0.913771] pmd_set_huge: Cannot satisfy [mem 0x80000000-0x80200000] with a huge-page mapping due to MTRR override.
[    0.913980] PCI: Using configuration type 1 for base access
[    0.913989] PCI: Dell System detected, enabling pci=bfsort.
[    0.916124] ENERGY_PERF_BIAS: Set to 'normal', was 'performance'
[    0.918721] Kprobes globally optimized
[    0.918726] HugeTLB registered 1.00 GiB page size, pre-allocated 0 pages
[    0.918726] HugeTLB registered 2.00 MiB page size, pre-allocated 0 pages
[    0.921735] ACPI: Added _OSI(Module Device)
[    0.921737] ACPI: Added _OSI(Processor Device)
[    0.921738] ACPI: Added _OSI(3.0 _SCP Extensions)
[    0.921739] ACPI: Added _OSI(Processor Aggregator Device)
[    0.921740] ACPI: Added _OSI(Linux-Dell-Video)
[    0.921740] ACPI: Added _OSI(Linux-Lenovo-NV-HDMI-Audio)
[    0.921741] ACPI: Added _OSI(Linux-HPI-Hybrid-Graphics)
[    1.087216] ACPI: 8 ACPI AML tables successfully acquired and loaded
[    1.092753] ACPI: [Firmware Bug]: BIOS _OSI(Linux) query ignored
[    1.098310] ACPI: Dynamic OEM Table Load:
[    1.497633] ACPI: Interpreter enabled
[    1.497653] ACPI: PM: (supports S0 S5)
[    1.497654] ACPI: Using IOAPIC for interrupt routing
[    1.497737] HEST: Table parsing has been initialized.
[    1.497739] PCI: Using host bridge windows from ACPI; if necessary, use "pci=nocrs" and report a bug
[    1.525952] ACPI: Enabled 4 GPEs in block 00 to 7F
[    1.643542] ACPI: PCI Root Bridge [PC00] (domain 0000 [bus 00-15])
[    1.643549] acpi PNP0A08:00: _OSC: OS supports [ExtendedConfig ASPM ClockPM Segments MSI HPX-Type3]
[    1.709720] acpi PNP0A08:00: _OSC: platform does not support [SHPCHotplug AER LTR]
[    1.709942] acpi PNP0A08:00: _OSC: OS now controls [PCIeHotplug PME PCIeCapability]
[    1.709943] acpi PNP0A08:00: FADT indicates ASPM is unsupported, using BIOS configuration
[    1.711727] PCI host bridge to bus 0000:00
[    1.711729] pci_bus 0000:00: root bus resource [io  0x0000-0x0cf7 window]
[    1.711731] pci_bus 0000:00: root bus resource [io  0x1000-0x4fff window]
[    1.711732] pci_bus 0000:00: root bus resource [mem 0x000a0000-0x000bffff window]
[    1.711734] pci_bus 0000:00: root bus resource [mem 0x000c8000-0x000cffff window]
[    1.711735] pci_bus 0000:00: root bus resource [mem 0xfe010000-0xfe010fff window]
[    1.711736] pci_bus 0000:00: root bus resource [mem 0x90000000-0x9b7fffff window]
[    1.711737] pci_bus 0000:00: root bus resource [mem 0x200000000000-0x20ffffffffff window]
[    1.711738] pci_bus 0000:00: root bus resource [bus 00-15]
[    1.713052] pci 0000:00:00.0: [8086:09a2] type 00 class 0x088000
[    1.713805] pci 0000:00:00.1: [8086:09a4] type 00 class 0x088000
[    1.715178] pci 0000:00:00.2: [8086:09a3] type 00 class 0x088000
[    1.716544] pci 0000:00:00.4: [8086:0998] type 00 class 0x060000
[    1.718564] pci 0000:00:02.0: [8086:09a6] type 00 class 0x088000
[    1.718573] pci 0000:00:02.0: reg 0x10: [mem 0x92dfc000-0x92dfdfff]
[    1.719948] pci 0000:00:02.1: [8086:09a7] type 00 class 0x088000
[    1.719956] pci 0000:00:02.1: reg 0x10: [mem 0x92d00000-0x92d7ffff]
[    1.719961] pci 0000:00:02.1: reg 0x14: [mem 0x92c80000-0x92cfffff]
[    1.721331] pci 0000:00:02.4: [8086:3456] type 00 class 0x130000
[    1.721341] pci 0000:00:02.4: reg 0x10: [mem 0x92a00000-0x92afffff 64bit]
[    1.721348] pci 0000:00:02.4: reg 0x18: [mem 0x92df0000-0x92df3fff 64bit]
[    1.721354] pci 0000:00:02.4: reg 0x20: [mem 0x92dc0000-0x92ddffff 64bit]
[    1.722742] pci 0000:00:11.0: [8086:a1ec] type 00 class 0xff0000
[    1.722744] pci 0000:00:11.0: device has non-compliant BARs; disabling IO/MEM decoding
[    1.724134] pci 0000:00:11.5: [8086:a1d2] type 00 class 0x010601
[    1.724147] pci 0000:00:11.5: reg 0x10: [mem 0x92dfa000-0x92dfbfff]
[    1.724154] pci 0000:00:11.5: reg 0x14: [mem 0x92e05000-0x92e050ff]
[    1.724162] pci 0000:00:11.5: reg 0x18: [io  0x2068-0x206f]
[    1.724170] pci 0000:00:11.5: reg 0x1c: [io  0x2074-0x2077]
[    1.724177] pci 0000:00:11.5: reg 0x20: [io  0x2040-0x205f]
[    1.724184] pci 0000:00:11.5: reg 0x24: [mem 0x92b80000-0x92bfffff]
[    1.724221] pci 0000:00:11.5: PME# supported from D3hot
[    1.725725] pci 0000:00:14.0: [8086:a1af] type 00 class 0x0c0330
[    1.725742] pci 0000:00:14.0: reg 0x10: [mem 0x92de0000-0x92deffff 64bit]
[    1.725805] pci 0000:00:14.0: PME# supported from D3hot D3cold
[    1.727330] pci 0000:00:14.2: [8086:a1b1] type 00 class 0x118000
[    1.727347] pci 0000:00:14.2: reg 0x10: [mem 0x92e02000-0x92e02fff 64bit]
[    1.728769] pci 0000:00:16.0: [8086:a1ba] type 00 class 0x078000
[    1.728792] pci 0000:00:16.0: reg 0x10: [mem 0x92e01000-0x92e01fff 64bit]
[    1.728874] pci 0000:00:16.0: PME# supported from D3hot
[    1.730239] pci 0000:00:16.1: [8086:a1bb] type 00 class 0x078000
[    1.730262] pci 0000:00:16.1: reg 0x10: [mem 0x92e00000-0x92e00fff 64bit]
[    1.730344] pci 0000:00:16.1: PME# supported from D3hot
[    1.731708] pci 0000:00:16.4: [8086:a1be] type 00 class 0x078000
[    1.731731] pci 0000:00:16.4: reg 0x10: [mem 0x92dff000-0x92dfffff 64bit]
[    1.731813] pci 0000:00:16.4: PME# supported from D3hot
[    1.733179] pci 0000:00:17.0: [8086:a182] type 00 class 0x010601
[    1.733191] pci 0000:00:17.0: reg 0x10: [mem 0x92df8000-0x92df9fff]
[    1.733198] pci 0000:00:17.0: reg 0x14: [mem 0x92e04000-0x92e040ff]
[    1.733205] pci 0000:00:17.0: reg 0x18: [io  0x2060-0x2067]
[    1.733212] pci 0000:00:17.0: reg 0x1c: [io  0x2070-0x2073]
[    1.733219] pci 0000:00:17.0: reg 0x20: [io  0x2020-0x203f]
[    1.733226] pci 0000:00:17.0: reg 0x24: [mem 0x92b00000-0x92b7ffff]
[    1.733262] pci 0000:00:17.0: PME# supported from D3hot
[    1.734766] pci 0000:00:1c.0: [8086:a190] type 01 class 0x060400
[    1.734840] pci 0000:00:1c.0: PME# supported from D0 D3hot D3cold
[    1.736767] pci 0000:00:1c.4: [8086:a194] type 01 class 0x060400
[    1.736835] pci 0000:00:1c.4: PME# supported from D0 D3hot D3cold
[    1.738743] pci 0000:00:1c.5: [8086:a195] type 01 class 0x060400
[    1.738813] pci 0000:00:1c.5: PME# supported from D0 D3hot D3cold
[    1.740721] pci 0000:00:1f.0: [8086:a1cb] type 00 class 0x060100
[    1.742312] pci 0000:00:1f.2: [8086:a1a1] type 00 class 0x058000
[    1.742327] pci 0000:00:1f.2: reg 0x10: [mem 0x92df4000-0x92df7fff]
[    1.743862] pci 0000:00:1f.4: [8086:a1a3] type 00 class 0x0c0500
[    1.743881] pci 0000:00:1f.4: reg 0x10: [mem 0x92dfe000-0x92dfe0ff 64bit]
[    1.743904] pci 0000:00:1f.4: reg 0x20: [io  0x2000-0x201f]
[    1.745269] pci 0000:00:1f.5: [8086:a1a4] type 00 class 0x0c8000
[    1.745284] pci 0000:00:1f.5: reg 0x10: [mem 0xfe010000-0xfe010fff]
[    1.745407] pci 0000:00:1c.0: PCI bridge to [bus 01]
[    1.745460] pci 0000:02:00.0: [1556:be00] type 01 class 0x060400
[    1.745634] pci 0000:00:1c.4: PCI bridge to [bus 02-03]
[    1.745638] pci 0000:00:1c.4:   bridge window [mem 0x92000000-0x928fffff]
[    1.745642] pci 0000:00:1c.4:   bridge window [mem 0x91000000-0x91ffffff 64bit pref]
[    1.745674] pci_bus 0000:03: extended config space not accessible
[    1.745691] pci 0000:03:00.0: [102b:0536] type 00 class 0x030000
[    1.745710] pci 0000:03:00.0: reg 0x10: [mem 0x91000000-0x91ffffff pref]
[    1.745720] pci 0000:03:00.0: reg 0x14: [mem 0x92808000-0x9280bfff]
[    1.745731] pci 0000:03:00.0: reg 0x18: [mem 0x92000000-0x927fffff]
[    1.745778] pci 0000:03:00.0: BAR 0: assigned to efifb
[    1.745879] pci 0000:02:00.0: PCI bridge to [bus 03]
[    1.745887] pci 0000:02:00.0:   bridge window [mem 0x92000000-0x928fffff]
[    1.745893] pci 0000:02:00.0:   bridge window [mem 0x91000000-0x91ffffff 64bit pref]
[    1.745969] pci 0000:04:00.0: [14e4:165f] type 00 class 0x020000
[    1.745993] pci 0000:04:00.0: reg 0x10: [mem 0x92930000-0x9293ffff 64bit pref]
[    1.746009] pci 0000:04:00.0: reg 0x18: [mem 0x92940000-0x9294ffff 64bit pref]
[    1.746024] pci 0000:04:00.0: reg 0x20: [mem 0x92950000-0x9295ffff 64bit pref]
[    1.746035] pci 0000:04:00.0: reg 0x30: [mem 0xfffc0000-0xffffffff pref]
[    1.746129] pci 0000:04:00.0: PME# supported from D0 D3hot D3cold
[    1.746182] pci 0000:04:00.0: 4.000 Gb/s available PCIe bandwidth, limited by 5.0 GT/s PCIe x1 link at 0000:00:1c.5 (capable of 8.000 Gb/s with 5.0 GT/s PCIe x2 link)
[    1.746724] pci 0000:04:00.1: [14e4:165f] type 00 class 0x020000
[    1.746748] pci 0000:04:00.1: reg 0x10: [mem 0x92900000-0x9290ffff 64bit pref]
[    1.746764] pci 0000:04:00.1: reg 0x18: [mem 0x92910000-0x9291ffff 64bit pref]
[    1.746779] pci 0000:04:00.1: reg 0x20: [mem 0x92920000-0x9292ffff 64bit pref]
[    1.746790] pci 0000:04:00.1: reg 0x30: [mem 0xfffc0000-0xffffffff pref]
[    1.746884] pci 0000:04:00.1: PME# supported from D0 D3hot D3cold
[    1.747433] pci 0000:00:1c.5: PCI bridge to [bus 04]
[    1.747441] pci 0000:00:1c.5:   bridge window [mem 0x92900000-0x929fffff 64bit pref]
[    1.747455] pci_bus 0000:00: on NUMA node 0
[    1.748020] ACPI: PCI Root Bridge [PC01] (domain 0000 [bus 16-2f])
[    1.748024] acpi PNP0A08:01: _OSC: OS supports [ExtendedConfig ASPM ClockPM Segments MSI HPX-Type3]
[    1.762016] acpi PNP0A08:01: _OSC: platform does not support [SHPCHotplug AER]
[    1.762222] acpi PNP0A08:01: _OSC: OS now controls [PCIeHotplug PME PCIeCapability LTR]
[    1.762224] acpi PNP0A08:01: FADT indicates ASPM is unsupported, using BIOS configuration
[    1.762347] PCI host bridge to bus 0000:16
[    1.762349] pci_bus 0000:16: root bus resource [io  0x5000-0x6fff window]
[    1.762350] pci_bus 0000:16: root bus resource [mem 0x9b800000-0xa63fffff window]
[    1.762352] pci_bus 0000:16: root bus resource [mem 0x210000000000-0x21ffffffffff window]
[    1.762353] pci_bus 0000:16: root bus resource [bus 16-2f]
[    1.762367] pci 0000:16:00.0: [8086:09a2] type 00 class 0x088000
[    1.762443] pci 0000:16:00.1: [8086:09a4] type 00 class 0x088000
[    1.762514] pci 0000:16:00.2: [8086:09a3] type 00 class 0x088000
[    1.762584] pci 0000:16:00.4: [8086:0998] type 00 class 0x060000
[    1.762660] pci 0000:16:02.0: [8086:347a] type 01 class 0x060400
[    1.762670] pci 0000:16:02.0: reg 0x10: [mem 0x21fffff00000-0x21fffff1ffff 64bit]
[    1.762707] pci 0000:16:02.0: PME# supported from D0 D3hot D3cold
[    1.763614] pci 0000:17:00.0: [1000:10e2] type 00 class 0x010400
[    1.763626] pci 0000:17:00.0: reg 0x10: [mem 0x9b800000-0x9b8fffff 64bit pref]
[    1.763634] pci 0000:17:00.0: reg 0x18: [mem 0x9b900000-0x9b9fffff 64bit pref]
[    1.763640] pci 0000:17:00.0: reg 0x20: [mem 0x9ba00000-0x9bafffff]
[    1.763646] pci 0000:17:00.0: reg 0x24: [io  0x5000-0x50ff]
[    1.763651] pci 0000:17:00.0: reg 0x30: [mem 0xfff00000-0xffffffff pref]
[    1.764709] pci 0000:17:00.0: supports D1 D2
[    1.764775] pci 0000:16:02.0: PCI bridge to [bus 17]
[    1.764777] pci 0000:16:02.0:   bridge window [io  0x5000-0x5fff]
[    1.764779] pci 0000:16:02.0:   bridge window [mem 0x9ba00000-0x9bafffff]
[    1.764782] pci 0000:16:02.0:   bridge window [mem 0x9b800000-0x9b9fffff 64bit pref]
[    1.764787] pci_bus 0000:16: on NUMA node 0
[    1.764862] ACPI: PCI Root Bridge [PC02] (domain 0000 [bus 30-49])
[    1.764865] acpi PNP0A08:02: _OSC: OS supports [ExtendedConfig ASPM ClockPM Segments MSI HPX-Type3]
[    1.778808] acpi PNP0A08:02: _OSC: platform does not support [SHPCHotplug AER]
[    1.779026] acpi PNP0A08:02: _OSC: OS now controls [PCIeHotplug PME PCIeCapability LTR]
[    1.779028] acpi PNP0A08:02: FADT indicates ASPM is unsupported, using BIOS configuration
[    1.779165] PCI host bridge to bus 0000:30
[    1.779167] pci_bus 0000:30: root bus resource [io  0x7000-0x8fff window]
[    1.779168] pci_bus 0000:30: root bus resource [mem 0xa6400000-0xb0ffffff window]
[    1.779170] pci_bus 0000:30: root bus resource [mem 0x220000000000-0x22ffffffffff window]
[    1.779171] pci_bus 0000:30: root bus resource [bus 30-49]
[    1.779187] pci 0000:30:00.0: [8086:09a2] type 00 class 0x088000
[    1.779264] pci 0000:30:00.1: [8086:09a4] type 00 class 0x088000
[    1.779334] pci 0000:30:00.2: [8086:09a3] type 00 class 0x088000
[    1.779405] pci 0000:30:00.4: [8086:0998] type 00 class 0x060000
[    1.779475] pci_bus 0000:30: on NUMA node 0
[    1.779575] ACPI: PCI Root Bridge [PC04] (domain 0000 [bus 4a-63])
[    1.779578] acpi PNP0A08:04: _OSC: OS supports [ExtendedConfig ASPM ClockPM Segments MSI HPX-Type3]
[    1.793269] acpi PNP0A08:04: _OSC: platform does not support [SHPCHotplug AER]
[    1.793474] acpi PNP0A08:04: _OSC: OS now controls [PCIeHotplug PME PCIeCapability LTR]
[    1.793475] acpi PNP0A08:04: FADT indicates ASPM is unsupported, using BIOS configuration
[    1.793588] PCI host bridge to bus 0000:4a
[    1.793589] pci_bus 0000:4a: root bus resource [io  0x9000-0x9fff window]
[    1.793590] pci_bus 0000:4a: root bus resource [mem 0xb1000000-0xbbbfffff window]
[    1.793592] pci_bus 0000:4a: root bus resource [mem 0x230000000000-0x23ffffffffff window]
[    1.793593] pci_bus 0000:4a: root bus resource [bus 4a-63]
[    1.793606] pci 0000:4a:00.0: [8086:09a2] type 00 class 0x088000
[    1.793680] pci 0000:4a:00.1: [8086:09a4] type 00 class 0x088000
[    1.793749] pci 0000:4a:00.2: [8086:09a3] type 00 class 0x088000
[    1.793818] pci 0000:4a:00.4: [8086:0998] type 00 class 0x060000
[    1.793892] pci_bus 0000:4a: on NUMA node 0
[    1.793962] ACPI: PCI Root Bridge [PC05] (domain 0000 [bus 64-7d])
[    1.793964] acpi PNP0A08:05: _OSC: OS supports [ExtendedConfig ASPM ClockPM Segments MSI HPX-Type3]
[    1.807662] acpi PNP0A08:05: _OSC: platform does not support [SHPCHotplug AER]
[    1.807863] acpi PNP0A08:05: _OSC: OS now controls [PCIeHotplug PME PCIeCapability LTR]
[    1.807864] acpi PNP0A08:05: FADT indicates ASPM is unsupported, using BIOS configuration
[    1.807974] PCI host bridge to bus 0000:64
[    1.807975] pci_bus 0000:64: root bus resource [io  0xa000-0xafff window]
[    1.807977] pci_bus 0000:64: root bus resource [mem 0xbbc00000-0xc5ffffff window]
[    1.807978] pci_bus 0000:64: root bus resource [mem 0x240000000000-0x24ffffffffff window]
[    1.807979] pci_bus 0000:64: root bus resource [bus 64-7d]
[    1.807992] pci 0000:64:00.0: [8086:09a2] type 00 class 0x088000
[    1.808063] pci 0000:64:00.1: [8086:09a4] type 00 class 0x088000
[    1.808131] pci 0000:64:00.2: [8086:09a3] type 00 class 0x088000
[    1.808199] pci 0000:64:00.4: [8086:0998] type 00 class 0x060000
[    1.808270] pci_bus 0000:64: on NUMA node 0
[    1.808332] ACPI: PCI Root Bridge [UC06] (domain 0000 [bus 7e])
[    1.808334] acpi PNP0A03:00: _OSC: OS supports [ExtendedConfig ASPM ClockPM Segments MSI HPX-Type3]
[    1.808500] acpi PNP0A03:00: _OSC: platform does not support [SHPCHotplug AER LTR]
[    1.808670] acpi PNP0A03:00: _OSC: OS now controls [PCIeHotplug PME PCIeCapability]
[    1.808671] acpi PNP0A03:00: FADT indicates ASPM is unsupported, using BIOS configuration
[    1.808795] PCI host bridge to bus 0000:7e
[    1.808796] pci_bus 0000:7e: root bus resource [bus 7e]
[    1.808830] pci 0000:7e:00.0: [8086:3450] type 00 class 0x088000
[    1.808912] pci 0000:7e:00.1: [8086:3451] type 00 class 0x088000
[    1.809002] pci 0000:7e:00.2: [8086:3452] type 00 class 0x088000
[    1.809082] pci 0000:7e:00.3: [8086:0998] type 00 class 0x060000
[    1.809164] pci 0000:7e:00.5: [8086:3455] type 00 class 0x088000
[    1.809262] pci 0000:7e:02.0: [8086:3440] type 00 class 0x088000
[    1.809398] pci 0000:7e:02.1: [8086:3441] type 00 class 0x088000
[    1.809532] pci 0000:7e:02.2: [8086:3442] type 00 class 0x088000
[    1.809676] pci 0000:7e:03.0: [8086:3440] type 00 class 0x088000
[    1.809779] pci 0000:7e:03.1: [8086:3441] type 00 class 0x088000
[    1.809876] pci 0000:7e:03.2: [8086:3442] type 00 class 0x088000
[    1.809982] pci 0000:7e:04.0: [8086:3440] type 00 class 0x088000
[    1.810129] pci 0000:7e:04.1: [8086:3441] type 00 class 0x088000
[    1.810268] pci 0000:7e:04.2: [8086:3442] type 00 class 0x088000
[    1.810408] pci 0000:7e:04.3: [8086:3443] type 00 class 0x088000
[    1.810561] pci 0000:7e:05.0: [8086:3445] type 00 class 0x088000
[    1.810699] pci 0000:7e:05.1: [8086:3446] type 00 class 0x088000
[    1.810833] pci 0000:7e:05.2: [8086:3447] type 00 class 0x088000
[    1.810979] pci 0000:7e:06.0: [8086:3445] type 00 class 0x088000
[    1.811080] pci 0000:7e:06.1: [8086:3446] type 00 class 0x088000
[    1.811186] pci 0000:7e:06.2: [8086:3447] type 00 class 0x088000
[    1.811308] pci 0000:7e:07.0: [8086:3445] type 00 class 0x088000
[    1.811452] pci 0000:7e:07.1: [8086:3446] type 00 class 0x088000
[    1.811594] pci 0000:7e:07.2: [8086:3447] type 00 class 0x088000
[    1.811747] pci 0000:7e:0b.0: [8086:3448] type 00 class 0x088000
[    1.811835] pci 0000:7e:0b.1: [8086:3448] type 00 class 0x088000
[    1.811921] pci 0000:7e:0b.2: [8086:344b] type 00 class 0x088000
[    1.812026] pci 0000:7e:0c.0: [8086:344a] type 00 class 0x110100
[    1.812157] pci 0000:7e:0d.0: [8086:344a] type 00 class 0x110100
[    1.812265] pci 0000:7e:0e.0: [8086:344a] type 00 class 0x110100
[    1.812433] pci 0000:7e:0f.0: [8086:344a] type 00 class 0x110100
[    1.812624] pci 0000:7e:1a.0: [8086:2880] type 00 class 0x110100
[    1.812748] pci 0000:7e:1b.0: [8086:2880] type 00 class 0x110100
[    1.812853] pci 0000:7e:1c.0: [8086:2880] type 00 class 0x110100
[    1.813028] pci 0000:7e:1d.0: [8086:2880] type 00 class 0x110100
[    1.813185] pci_bus 0000:7e: on NUMA node 0
[    1.813260] ACPI: PCI Root Bridge [UC07] (domain 0000 [bus 7f])
[    1.813263] acpi PNP0A03:01: _OSC: OS supports [ExtendedConfig ASPM ClockPM Segments MSI HPX-Type3]
[    1.813431] acpi PNP0A03:01: _OSC: platform does not support [SHPCHotplug AER LTR]
[    1.813600] acpi PNP0A03:01: _OSC: OS now controls [PCIeHotplug PME PCIeCapability]
[    1.813602] acpi PNP0A03:01: FADT indicates ASPM is unsupported, using BIOS configuration
[    1.813736] PCI host bridge to bus 0000:7f
[    1.813737] pci_bus 0000:7f: root bus resource [bus 7f]
[    1.813778] pci 0000:7f:00.0: [8086:344c] type 00 class 0x088000
[    1.813907] pci 0000:7f:00.1: [8086:344c] type 00 class 0x088000
[    1.814043] pci 0000:7f:00.2: [8086:344c] type 00 class 0x088000
[    1.814182] pci 0000:7f:00.3: [8086:344c] type 00 class 0x088000
[    1.814297] pci 0000:7f:00.4: [8086:344c] type 00 class 0x088000
[    1.814442] pci 0000:7f:00.5: [8086:344c] type 00 class 0x088000
[    1.814582] pci 0000:7f:00.6: [8086:344c] type 00 class 0x088000
[    1.814685] pci 0000:7f:00.7: [8086:344c] type 00 class 0x088000
[    1.814808] pci 0000:7f:01.0: [8086:344c] type 00 class 0x088000
[    1.814964] pci 0000:7f:01.1: [8086:344c] type 00 class 0x088000
[    1.815114] pci 0000:7f:01.2: [8086:344c] type 00 class 0x088000
[    1.815220] pci 0000:7f:01.3: [8086:344c] type 00 class 0x088000
[    1.815376] pci 0000:7f:01.4: [8086:344c] type 00 class 0x088000
[    1.815534] pci 0000:7f:01.5: [8086:344c] type 00 class 0x088000
[    1.815695] pci 0000:7f:01.6: [8086:344c] type 00 class 0x088000
[    1.815841] pci 0000:7f:01.7: [8086:344c] type 00 class 0x088000
[    1.816008] pci 0000:7f:02.0: [8086:344c] type 00 class 0x088000
[    1.816166] pci 0000:7f:02.1: [8086:344c] type 00 class 0x088000
[    1.816323] pci 0000:7f:02.2: [8086:344c] type 00 class 0x088000
[    1.816481] pci 0000:7f:02.3: [8086:344c] type 00 class 0x088000
[    1.816645] pci 0000:7f:02.4: [8086:344c] type 00 class 0x088000
[    1.816809] pci 0000:7f:02.5: [8086:344c] type 00 class 0x088000
[    1.816974] pci 0000:7f:02.6: [8086:344c] type 00 class 0x088000
[    1.817146] pci 0000:7f:02.7: [8086:344c] type 00 class 0x088000
[    1.817331] pci 0000:7f:03.0: [8086:344c] type 00 class 0x088000
[    1.817505] pci 0000:7f:03.1: [8086:344c] type 00 class 0x088000
[    1.817683] pci 0000:7f:03.2: [8086:344c] type 00 class 0x088000
[    1.817857] pci 0000:7f:03.3: [8086:344c] type 00 class 0x088000
[    1.818056] pci 0000:7f:0a.0: [8086:344d] type 00 class 0x088000
[    1.818180] pci 0000:7f:0a.1: [8086:344d] type 00 class 0x088000
[    1.818315] pci 0000:7f:0a.2: [8086:344d] type 00 class 0x088000
[    1.818452] pci 0000:7f:0a.3: [8086:344d] type 00 class 0x088000
[    1.818567] pci 0000:7f:0a.4: [8086:344d] type 00 class 0x088000
[    1.818717] pci 0000:7f:0a.5: [8086:344d] type 00 class 0x088000
[    1.818857] pci 0000:7f:0a.6: [8086:344d] type 00 class 0x088000
[    1.818960] pci 0000:7f:0a.7: [8086:344d] type 00 class 0x088000
[    1.819083] pci 0000:7f:0b.0: [8086:344d] type 00 class 0x088000
[    1.819234] pci 0000:7f:0b.1: [8086:344d] type 00 class 0x088000
[    1.819379] pci 0000:7f:0b.2: [8086:344d] type 00 class 0x088000
[    1.819484] pci 0000:7f:0b.3: [8086:344d] type 00 class 0x088000
[    1.819641] pci 0000:7f:0b.4: [8086:344d] type 00 class 0x088000
[    1.819802] pci 0000:7f:0b.5: [8086:344d] type 00 class 0x088000
[    1.819963] pci 0000:7f:0b.6: [8086:344d] type 00 class 0x088000
[    1.820110] pci 0000:7f:0b.7: [8086:344d] type 00 class 0x088000
[    1.820277] pci 0000:7f:0c.0: [8086:344d] type 00 class 0x088000
[    1.820435] pci 0000:7f:0c.1: [8086:344d] type 00 class 0x088000
[    1.820592] pci 0000:7f:0c.2: [8086:344d] type 00 class 0x088000
[    1.820750] pci 0000:7f:0c.3: [8086:344d] type 00 class 0x088000
[    1.820913] pci 0000:7f:0c.4: [8086:344d] type 00 class 0x088000
[    1.821082] pci 0000:7f:0c.5: [8086:344d] type 00 class 0x088000
[    1.821245] pci 0000:7f:0c.6: [8086:344d] type 00 class 0x088000
[    1.821420] pci 0000:7f:0c.7: [8086:344d] type 00 class 0x088000
[    1.821605] pci 0000:7f:0d.0: [8086:344d] type 00 class 0x088000
[    1.821775] pci 0000:7f:0d.1: [8086:344d] type 00 class 0x088000
[    1.821953] pci 0000:7f:0d.2: [8086:344d] type 00 class 0x088000
[    1.822128] pci 0000:7f:0d.3: [8086:344d] type 00 class 0x088000
[    1.822337] pci 0000:7f:1d.0: [8086:344f] type 00 class 0x088000
[    1.822475] pci 0000:7f:1d.1: [8086:3457] type 00 class 0x088000
[    1.822621] pci 0000:7f:1e.0: [8086:3458] type 00 class 0x088000
[    1.822710] pci 0000:7f:1e.1: [8086:3459] type 00 class 0x088000
[    1.822798] pci 0000:7f:1e.2: [8086:345a] type 00 class 0x088000
[    1.822886] pci 0000:7f:1e.3: [8086:345b] type 00 class 0x088000
[    1.822973] pci 0000:7f:1e.4: [8086:345c] type 00 class 0x088000
[    1.823061] pci 0000:7f:1e.5: [8086:345d] type 00 class 0x088000
[    1.823149] pci 0000:7f:1e.6: [8086:345e] type 00 class 0x088000
[    1.823243] pci 0000:7f:1e.7: [8086:345f] type 00 class 0x088000
[    1.823314] pci_bus 0000:7f: on NUMA node 0
[    1.823410] ACPI: PCI Root Bridge [PC06] (domain 0000 [bus 80])
[    1.823413] acpi PNP0A08:06: _OSC: OS supports [ExtendedConfig ASPM ClockPM Segments MSI HPX-Type3]
[    1.837119] acpi PNP0A08:06: _OSC: platform does not support [SHPCHotplug AER]
[    1.837321] acpi PNP0A08:06: _OSC: OS now controls [PCIeHotplug PME PCIeCapability LTR]
[    1.837322] acpi PNP0A08:06: FADT indicates ASPM is unsupported, using BIOS configuration
[    1.837467] PCI host bridge to bus 0000:80
[    1.837468] pci_bus 0000:80: root bus resource [io  0xb000-0xbfff window]
[    1.837469] pci_bus 0000:80: root bus resource [mem 0xc6800000-0xd0ffffff window]
[    1.837471] pci_bus 0000:80: root bus resource [mem 0x250000000000-0x25ffffffffff window]
[    1.837472] pci_bus 0000:80: root bus resource [bus 80]
[    1.837504] pci 0000:80:00.0: [8086:09a2] type 00 class 0x088000
[    1.837598] pci 0000:80:00.1: [8086:09a4] type 00 class 0x088000
[    1.837686] pci 0000:80:00.2: [8086:09a3] type 00 class 0x088000
[    1.837776] pci 0000:80:00.4: [8086:0998] type 00 class 0x060000
[    1.837865] pci 0000:80:02.0: [8086:09a6] type 00 class 0x088000
[    1.837874] pci 0000:80:02.0: reg 0x10: [mem 0xc6aa4000-0xc6aa5fff]
[    1.837952] pci 0000:80:02.1: [8086:09a7] type 00 class 0x088000
[    1.837961] pci 0000:80:02.1: reg 0x10: [mem 0xc6a00000-0xc6a7ffff]
[    1.837967] pci 0000:80:02.1: reg 0x14: [mem 0xc6980000-0xc69fffff]
[    1.838053] pci 0000:80:02.4: [8086:3456] type 00 class 0x130000
[    1.838064] pci 0000:80:02.4: reg 0x10: [mem 0xc6800000-0xc68fffff 64bit]
[    1.838071] pci 0000:80:02.4: reg 0x18: [mem 0xc6aa0000-0xc6aa3fff 64bit]
[    1.838078] pci 0000:80:02.4: reg 0x20: [mem 0xc6a80000-0xc6a9ffff 64bit]
[    1.838149] pci_bus 0000:80: on NUMA node 1
[    1.838225] ACPI: PCI Root Bridge [PC07] (domain 0000 [bus 81])
[    1.838228] acpi PNP0A08:07: _OSC: OS supports [ExtendedConfig ASPM ClockPM Segments MSI HPX-Type3]
[    1.851893] acpi PNP0A08:07: _OSC: platform does not support [SHPCHotplug AER]
[    1.852093] acpi PNP0A08:07: _OSC: OS now controls [PCIeHotplug PME PCIeCapability LTR]
[    1.852095] acpi PNP0A08:07: FADT indicates ASPM is unsupported, using BIOS configuration
[    1.852205] PCI host bridge to bus 0000:81
[    1.852206] pci_bus 0000:81: root bus resource [io  0xc000-0xcfff window]
[    1.852207] pci_bus 0000:81: root bus resource [mem 0xd1000000-0xdbbfffff window]
[    1.852208] pci_bus 0000:81: root bus resource [mem 0x260000000000-0x26ffffffffff window]
[    1.852209] pci_bus 0000:81: root bus resource [bus 81]
[    1.852223] pci 0000:81:00.0: [8086:09a2] type 00 class 0x088000
[    1.852299] pci 0000:81:00.1: [8086:09a4] type 00 class 0x088000
[    1.852376] pci 0000:81:00.2: [8086:09a3] type 00 class 0x088000
[    1.852453] pci 0000:81:00.4: [8086:0998] type 00 class 0x060000
[    1.852533] pci_bus 0000:81: on NUMA node 1
[    1.852603] ACPI: PCI Root Bridge [PC08] (domain 0000 [bus 82])
[    1.852605] acpi PNP0A08:08: _OSC: OS supports [ExtendedConfig ASPM ClockPM Segments MSI HPX-Type3]
[    1.866292] acpi PNP0A08:08: _OSC: platform does not support [SHPCHotplug AER]
[    1.866493] acpi PNP0A08:08: _OSC: OS now controls [PCIeHotplug PME PCIeCapability LTR]
[    1.866494] acpi PNP0A08:08: FADT indicates ASPM is unsupported, using BIOS configuration
[    1.866605] PCI host bridge to bus 0000:82
[    1.866606] pci_bus 0000:82: root bus resource [io  0xd000-0xdfff window]
[    1.866607] pci_bus 0000:82: root bus resource [mem 0xdbc00000-0xe67fffff window]
[    1.866609] pci_bus 0000:82: root bus resource [mem 0x270000000000-0x27ffffffffff window]
[    1.866610] pci_bus 0000:82: root bus resource [bus 82]
[    1.866624] pci 0000:82:00.0: [8086:09a2] type 00 class 0x088000
[    1.866699] pci 0000:82:00.1: [8086:09a4] type 00 class 0x088000
[    1.866774] pci 0000:82:00.2: [8086:09a3] type 00 class 0x088000
[    1.866849] pci 0000:82:00.4: [8086:0998] type 00 class 0x060000
[    1.866934] pci_bus 0000:82: on NUMA node 1
[    1.867030] ACPI: PCI Root Bridge [PC10] (domain 0000 [bus 83-f9])
[    1.867032] acpi PNP0A08:0a: _OSC: OS supports [ExtendedConfig ASPM ClockPM Segments MSI HPX-Type3]
[    1.880705] acpi PNP0A08:0a: _OSC: platform does not support [SHPCHotplug AER]
[    1.880905] acpi PNP0A08:0a: _OSC: OS now controls [PCIeHotplug PME PCIeCapability LTR]
[    1.880906] acpi PNP0A08:0a: FADT indicates ASPM is unsupported, using BIOS configuration
[    1.881024] PCI host bridge to bus 0000:83
[    1.881025] pci_bus 0000:83: root bus resource [io  0xe000-0xefff window]
[    1.881026] pci_bus 0000:83: root bus resource [mem 0xe6800000-0xf13fffff window]
[    1.881027] pci_bus 0000:83: root bus resource [mem 0x280000000000-0x28ffffffffff window]
[    1.881029] pci_bus 0000:83: root bus resource [bus 83-f9]
[    1.881043] pci 0000:83:00.0: [8086:09a2] type 00 class 0x088000
[    1.881121] pci 0000:83:00.1: [8086:09a4] type 00 class 0x088000
[    1.881196] pci 0000:83:00.2: [8086:09a3] type 00 class 0x088000
[    1.881279] pci 0000:83:00.4: [8086:0998] type 00 class 0x060000
[    1.881359] pci_bus 0000:83: on NUMA node 1
[    1.881431] ACPI: PCI Root Bridge [PC11] (domain 0000 [bus fa])
[    1.881434] acpi PNP0A08:0b: _OSC: OS supports [ExtendedConfig ASPM ClockPM Segments MSI HPX-Type3]
[    1.895117] acpi PNP0A08:0b: _OSC: platform does not support [SHPCHotplug AER]
[    1.895317] acpi PNP0A08:0b: _OSC: OS now controls [PCIeHotplug PME PCIeCapability LTR]
[    1.895319] acpi PNP0A08:0b: FADT indicates ASPM is unsupported, using BIOS configuration
[    1.895428] PCI host bridge to bus 0000:fa
[    1.895429] pci_bus 0000:fa: root bus resource [io  0xf000-0xffff window]
[    1.895430] pci_bus 0000:fa: root bus resource [mem 0xf1400000-0xfb7fffff window]
[    1.895432] pci_bus 0000:fa: root bus resource [mem 0x290000000000-0x29ffffffffff window]
[    1.895433] pci_bus 0000:fa: root bus resource [bus fa]
[    1.895447] pci 0000:fa:00.0: [8086:09a2] type 00 class 0x088000
[    1.895524] pci 0000:fa:00.1: [8086:09a4] type 00 class 0x088000
[    1.895599] pci 0000:fa:00.2: [8086:09a3] type 00 class 0x088000
[    1.895676] pci 0000:fa:00.4: [8086:0998] type 00 class 0x060000
[    1.895762] pci_bus 0000:fa: on NUMA node 1
[    1.895824] ACPI: PCI Root Bridge [UC16] (domain 0000 [bus fe])
[    1.895827] acpi PNP0A03:02: _OSC: OS supports [ExtendedConfig ASPM ClockPM Segments MSI HPX-Type3]
[    1.895991] acpi PNP0A03:02: _OSC: platform does not support [SHPCHotplug AER LTR]
[    1.896161] acpi PNP0A03:02: _OSC: OS now controls [PCIeHotplug PME PCIeCapability]
[    1.896162] acpi PNP0A03:02: FADT indicates ASPM is unsupported, using BIOS configuration
[    1.896283] PCI host bridge to bus 0000:fe
[    1.896284] pci_bus 0000:fe: root bus resource [bus fe]
[    1.896316] pci 0000:fe:00.0: [8086:3450] type 00 class 0x088000
[    1.896402] pci 0000:fe:00.1: [8086:3451] type 00 class 0x088000
[    1.896482] pci 0000:fe:00.2: [8086:3452] type 00 class 0x088000
[    1.896562] pci 0000:fe:00.3: [8086:0998] type 00 class 0x060000
[    1.896644] pci 0000:fe:00.5: [8086:3455] type 00 class 0x088000
[    1.896744] pci 0000:fe:02.0: [8086:3440] type 00 class 0x088000
[    1.896886] pci 0000:fe:02.1: [8086:3441] type 00 class 0x088000
[    1.897021] pci 0000:fe:02.2: [8086:3442] type 00 class 0x088000
[    1.897171] pci 0000:fe:03.0: [8086:3440] type 00 class 0x088000
[    1.897278] pci 0000:fe:03.1: [8086:3441] type 00 class 0x088000
[    1.897378] pci 0000:fe:03.2: [8086:3442] type 00 class 0x088000
[    1.897488] pci 0000:fe:04.0: [8086:3440] type 00 class 0x088000
[    1.897634] pci 0000:fe:04.1: [8086:3441] type 00 class 0x088000
[    1.897776] pci 0000:fe:04.2: [8086:3442] type 00 class 0x088000
[    1.897917] pci 0000:fe:04.3: [8086:3443] type 00 class 0x088000
[    1.898075] pci 0000:fe:05.0: [8086:3445] type 00 class 0x088000
[    1.898222] pci 0000:fe:05.1: [8086:3446] type 00 class 0x088000
[    1.898360] pci 0000:fe:05.2: [8086:3447] type 00 class 0x088000
[    1.898508] pci 0000:fe:06.0: [8086:3445] type 00 class 0x088000
[    1.898615] pci 0000:fe:06.1: [8086:3446] type 00 class 0x088000
[    1.898719] pci 0000:fe:06.2: [8086:3447] type 00 class 0x088000
[    1.898843] pci 0000:fe:07.0: [8086:3445] type 00 class 0x088000
[    1.898991] pci 0000:fe:07.1: [8086:3446] type 00 class 0x088000
[    1.899136] pci 0000:fe:07.2: [8086:3447] type 00 class 0x088000
[    1.899299] pci 0000:fe:0b.0: [8086:3448] type 00 class 0x088000
[    1.899388] pci 0000:fe:0b.1: [8086:3448] type 00 class 0x088000
[    1.899478] pci 0000:fe:0b.2: [8086:344b] type 00 class 0x088000
[    1.899583] pci 0000:fe:0c.0: [8086:344a] type 00 class 0x110100
[    1.899715] pci 0000:fe:0d.0: [8086:344a] type 00 class 0x110100
[    1.899829] pci 0000:fe:0e.0: [8086:344a] type 00 class 0x110100
[    1.900001] pci 0000:fe:0f.0: [8086:344a] type 00 class 0x110100
[    1.900194] pci 0000:fe:1a.0: [8086:2880] type 00 class 0x110100
[    1.900328] pci 0000:fe:1b.0: [8086:2880] type 00 class 0x110100
[    1.900441] pci 0000:fe:1c.0: [8086:2880] type 00 class 0x110100
[    1.900619] pci 0000:fe:1d.0: [8086:2880] type 00 class 0x110100
[    1.900780] pci_bus 0000:fe: on NUMA node 1
[    1.900857] ACPI: PCI Root Bridge [UC17] (domain 0000 [bus ff])
[    1.900860] acpi PNP0A03:03: _OSC: OS supports [ExtendedConfig ASPM ClockPM Segments MSI HPX-Type3]
[    1.901025] acpi PNP0A03:03: _OSC: platform does not support [SHPCHotplug AER LTR]
[    1.901194] acpi PNP0A03:03: _OSC: OS now controls [PCIeHotplug PME PCIeCapability]
[    1.901195] acpi PNP0A03:03: FADT indicates ASPM is unsupported, using BIOS configuration
[    1.901331] PCI host bridge to bus 0000:ff
[    1.901333] pci_bus 0000:ff: root bus resource [bus ff]
[    1.901374] pci 0000:ff:00.0: [8086:344c] type 00 class 0x088000
[    1.901507] pci 0000:ff:00.1: [8086:344c] type 00 class 0x088000
[    1.901646] pci 0000:ff:00.2: [8086:344c] type 00 class 0x088000
[    1.901770] pci 0000:ff:00.3: [8086:344c] type 00 class 0x088000
[    1.901916] pci 0000:ff:00.4: [8086:344c] type 00 class 0x088000
[    1.902064] pci 0000:ff:00.5: [8086:344c] type 00 class 0x088000
[    1.902183] pci 0000:ff:00.6: [8086:344c] type 00 class 0x088000
[    1.902334] pci 0000:ff:00.7: [8086:344c] type 00 class 0x088000
[    1.902501] pci 0000:ff:01.0: [8086:344c] type 00 class 0x088000
[    1.902659] pci 0000:ff:01.1: [8086:344c] type 00 class 0x088000
[    1.902809] pci 0000:ff:01.2: [8086:344c] type 00 class 0x088000
[    1.902919] pci 0000:ff:01.3: [8086:344c] type 00 class 0x088000
[    1.903082] pci 0000:ff:01.4: [8086:344c] type 00 class 0x088000
[    1.903249] pci 0000:ff:01.5: [8086:344c] type 00 class 0x088000
[    1.903416] pci 0000:ff:01.6: [8086:344c] type 00 class 0x088000
[    1.903569] pci 0000:ff:01.7: [8086:344c] type 00 class 0x088000
[    1.903741] pci 0000:ff:02.0: [8086:344c] type 00 class 0x088000
[    1.903901] pci 0000:ff:02.1: [8086:344c] type 00 class 0x088000
[    1.904058] pci 0000:ff:02.2: [8086:344c] type 00 class 0x088000
[    1.904222] pci 0000:ff:02.3: [8086:344c] type 00 class 0x088000
[    1.904384] pci 0000:ff:02.4: [8086:344c] type 00 class 0x088000
[    1.904551] pci 0000:ff:02.5: [8086:344c] type 00 class 0x088000
[    1.904721] pci 0000:ff:02.6: [8086:344c] type 00 class 0x088000
[    1.904890] pci 0000:ff:02.7: [8086:344c] type 00 class 0x088000
[    1.905082] pci 0000:ff:03.0: [8086:344c] type 00 class 0x088000
[    1.905260] pci 0000:ff:03.1: [8086:344c] type 00 class 0x088000
[    1.905438] pci 0000:ff:03.2: [8086:344c] type 00 class 0x088000
[    1.905621] pci 0000:ff:03.3: [8086:344c] type 00 class 0x088000
[    1.905825] pci 0000:ff:0a.0: [8086:344d] type 00 class 0x088000
[    1.905959] pci 0000:ff:0a.1: [8086:344d] type 00 class 0x088000
[    1.906099] pci 0000:ff:0a.2: [8086:344d] type 00 class 0x088000
[    1.906224] pci 0000:ff:0a.3: [8086:344d] type 00 class 0x088000
[    1.906375] pci 0000:ff:0a.4: [8086:344d] type 00 class 0x088000
[    1.906518] pci 0000:ff:0a.5: [8086:344d] type 00 class 0x088000
[    1.906638] pci 0000:ff:0a.6: [8086:344d] type 00 class 0x088000
[    1.906789] pci 0000:ff:0a.7: [8086:344d] type 00 class 0x088000
[    1.906956] pci 0000:ff:0b.0: [8086:344d] type 00 class 0x088000
[    1.907117] pci 0000:ff:0b.1: [8086:344d] type 00 class 0x088000
[    1.907268] pci 0000:ff:0b.2: [8086:344d] type 00 class 0x088000
[    1.907378] pci 0000:ff:0b.3: [8086:344d] type 00 class 0x088000
[    1.907540] pci 0000:ff:0b.4: [8086:344d] type 00 class 0x088000
[    1.907703] pci 0000:ff:0b.5: [8086:344d] type 00 class 0x088000
[    1.907871] pci 0000:ff:0b.6: [8086:344d] type 00 class 0x088000
[    1.908023] pci 0000:ff:0b.7: [8086:344d] type 00 class 0x088000
[    1.908196] pci 0000:ff:0c.0: [8086:344d] type 00 class 0x088000
[    1.908363] pci 0000:ff:0c.1: [8086:344d] type 00 class 0x088000
[    1.908521] pci 0000:ff:0c.2: [8086:344d] type 00 class 0x088000
[    1.908686] pci 0000:ff:0c.3: [8086:344d] type 00 class 0x088000
[    1.908848] pci 0000:ff:0c.4: [8086:344d] type 00 class 0x088000
[    1.909011] pci 0000:ff:0c.5: [8086:344d] type 00 class 0x088000
[    1.909181] pci 0000:ff:0c.6: [8086:344d] type 00 class 0x088000
[    1.909350] pci 0000:ff:0c.7: [8086:344d] type 00 class 0x088000
[    1.909545] pci 0000:ff:0d.0: [8086:344d] type 00 class 0x088000
[    1.909726] pci 0000:ff:0d.1: [8086:344d] type 00 class 0x088000
[    1.909901] pci 0000:ff:0d.2: [8086:344d] type 00 class 0x088000
[    1.910086] pci 0000:ff:0d.3: [8086:344d] type 00 class 0x088000
[    1.910300] pci 0000:ff:1d.0: [8086:344f] type 00 class 0x088000
[    1.910437] pci 0000:ff:1d.1: [8086:3457] type 00 class 0x088000
[    1.910588] pci 0000:ff:1e.0: [8086:3458] type 00 class 0x088000
[    1.910681] pci 0000:ff:1e.1: [8086:3459] type 00 class 0x088000
[    1.910772] pci 0000:ff:1e.2: [8086:345a] type 00 class 0x088000
[    1.910867] pci 0000:ff:1e.3: [8086:345b] type 00 class 0x088000
[    1.910958] pci 0000:ff:1e.4: [8086:345c] type 00 class 0x088000
[    1.911049] pci 0000:ff:1e.5: [8086:345d] type 00 class 0x088000
[    1.911140] pci 0000:ff:1e.6: [8086:345e] type 00 class 0x088000
[    1.911230] pci 0000:ff:1e.7: [8086:345f] type 00 class 0x088000
[    1.911305] pci_bus 0000:ff: on NUMA node 1
[    1.913633] iommu: Default domain type: Translated 
[    1.913633] iommu: DMA domain TLB invalidation policy: lazy mode 
[    1.913640] pci 0000:03:00.0: vgaarb: setting as boot VGA device
[    1.913640] pci 0000:03:00.0: vgaarb: VGA device added: decodes=io+mem,owns=io+mem,locks=none
[    1.913676] pci 0000:03:00.0: vgaarb: bridge control possible
[    1.913677] vgaarb: loaded
[    1.913851] SCSI subsystem initialized
[    1.913882] libata version 3.00 loaded.
[    1.913882] ACPI: bus type USB registered
[    1.913882] usbcore: registered new interface driver usbfs
[    1.913882] usbcore: registered new interface driver hub
[    1.913882] usbcore: registered new device driver usb
[    1.913882] pps_core: LinuxPPS API ver. 1 registered
[    1.913882] pps_core: Software ver. 5.3.6 - Copyright 2005-2007 Rodolfo Giometti <giometti@linux.it>
[    1.913882] PTP clock support registered
[    1.913882] EDAC MC: Ver: 3.0.0
[    1.914293] Registered efivars operations
[    1.914293] NetLabel: Initializing
[    1.914293] NetLabel:  domain hash size = 128
[    1.914293] NetLabel:  protocols = UNLABELED CIPSOv4 CALIPSO
[    1.914293] NetLabel:  unlabeled traffic allowed by default
[    1.917626] PCI: Using ACPI for IRQ routing
[    1.921024] PCI: pci_cache_line_size set to 64 bytes
[    1.921024] e820: reserve RAM buffer [mem 0x0008f000-0x0008ffff]
[    1.921024] e820: reserve RAM buffer [mem 0x46cc5020-0x47ffffff]
[    1.921024] e820: reserve RAM buffer [mem 0x46cf7020-0x47ffffff]
[    1.921024] e820: reserve RAM buffer [mem 0x46d2a020-0x47ffffff]
[    1.921024] e820: reserve RAM buffer [mem 0x46d5d020-0x47ffffff]
[    1.921024] e820: reserve RAM buffer [mem 0x49e77000-0x4bffffff]
[    1.921024] e820: reserve RAM buffer [mem 0x4b2cf000-0x4bffffff]
[    1.921024] e820: reserve RAM buffer [mem 0x4bd94000-0x4bffffff]
[    1.921024] e820: reserve RAM buffer [mem 0x4ce00000-0x4fffffff]
[    1.921024] e820: reserve RAM buffer [mem 0x5eefe000-0x5fffffff]
[    1.921024] e820: reserve RAM buffer [mem 0x6f800000-0x6fffffff]
[    1.922902] hpet0: at MMIO 0xfed00000, IRQs 2, 8, 0, 0, 0, 0, 0, 0
[    1.922909] hpet0: 8 comparators, 64-bit 24.000000 MHz counter
[    1.925864] clocksource: Switched to clocksource tsc-early
[    1.934138] VFS: Disk quotas dquot_6.6.0
[    1.934191] VFS: Dquot-cache hash table entries: 512 (order 0, 4096 bytes)
[    1.934344] AppArmor: AppArmor Filesystem Enabled
[    1.934360] pnp: PnP ACPI init
[    1.949518] system 00:01: [io  0x0500-0x05fe] has been reserved
[    1.949521] system 00:01: [io  0x0400-0x041f] has been reserved
[    1.949524] system 00:01: [io  0x0600-0x061f] has been reserved
[    1.949525] system 00:01: [io  0x0ca0-0x0ca1] has been reserved
[    1.949526] system 00:01: [io  0x0ca4-0x0ca6] has been reserved
[    1.949528] system 00:01: [mem 0xff000000-0xffffffff] has been reserved
[    1.950108] system 00:04: [mem 0xfd000000-0xfdabffff] has been reserved
[    1.950110] system 00:04: [mem 0xfdad0000-0xfdadffff] has been reserved
[    1.950112] system 00:04: [mem 0xfdb00000-0xfdffffff] has been reserved
[    1.950113] system 00:04: [mem 0xfe000000-0xfe00ffff] has been reserved
[    1.950115] system 00:04: [mem 0xfe011000-0xfe01ffff] has been reserved
[    1.950116] system 00:04: [mem 0xfe036000-0xfe03bfff] has been reserved
[    1.950118] system 00:04: [mem 0xfe03d000-0xfe3fffff] has been reserved
[    1.950119] system 00:04: [mem 0xfe410000-0xfe7fffff] has been reserved
[    1.950425] system 00:05: [io  0x1000-0x10fe] has been reserved
[    1.951383] pnp: PnP ACPI: found 6 devices
[    1.956932] clocksource: acpi_pm: mask: 0xffffff max_cycles: 0xffffff, max_idle_ns: 2085701024 ns
[    1.957012] NET: Registered PF_INET protocol family
[    1.957345] IP idents hash table entries: 262144 (order: 9, 2097152 bytes, vmalloc)
[    1.959477] tcp_listen_portaddr_hash hash table entries: 16384 (order: 6, 262144 bytes, vmalloc)
[    1.959806] TCP established hash table entries: 262144 (order: 9, 2097152 bytes, vmalloc)
[    1.960190] TCP bind hash table entries: 65536 (order: 8, 1048576 bytes, vmalloc)
[    1.960250] TCP: Hash tables configured (established 262144 bind 65536)
[    1.960452] UDP hash table entries: 16384 (order: 7, 524288 bytes, vmalloc)
[    1.960563] UDP-Lite hash table entries: 16384 (order: 7, 524288 bytes, vmalloc)
[    1.960780] NET: Registered PF_UNIX/PF_LOCAL protocol family
[    1.960786] NET: Registered PF_XDP protocol family
[    1.960793] pci 0000:04:00.0: can't claim BAR 6 [mem 0xfffc0000-0xffffffff pref]: no compatible bridge window
[    1.960795] pci 0000:04:00.1: can't claim BAR 6 [mem 0xfffc0000-0xffffffff pref]: no compatible bridge window
[    1.960797] pci 0000:17:00.0: can't claim BAR 6 [mem 0xfff00000-0xffffffff pref]: no compatible bridge window
[    1.960811] pci 0000:00:1c.5: BAR 14: assigned [mem 0x90000000-0x900fffff]
[    1.960814] pci 0000:00:1c.0: PCI bridge to [bus 01]
[    1.960823] pci 0000:02:00.0: PCI bridge to [bus 03]
[    1.960828] pci 0000:02:00.0:   bridge window [mem 0x92000000-0x928fffff]
[    1.960832] pci 0000:02:00.0:   bridge window [mem 0x91000000-0x91ffffff 64bit pref]
[    1.960838] pci 0000:00:1c.4: PCI bridge to [bus 02-03]
[    1.960841] pci 0000:00:1c.4:   bridge window [mem 0x92000000-0x928fffff]
[    1.960844] pci 0000:00:1c.4:   bridge window [mem 0x91000000-0x91ffffff 64bit pref]
[    1.960849] pci 0000:04:00.0: BAR 6: assigned [mem 0x90000000-0x9003ffff pref]
[    1.960851] pci 0000:04:00.1: BAR 6: assigned [mem 0x90040000-0x9007ffff pref]
[    1.960852] pci 0000:00:1c.5: PCI bridge to [bus 04]
[    1.960855] pci 0000:00:1c.5:   bridge window [mem 0x90000000-0x900fffff]
[    1.960858] pci 0000:00:1c.5:   bridge window [mem 0x92900000-0x929fffff 64bit pref]
[    1.960862] pci_bus 0000:00: resource 4 [io  0x0000-0x0cf7 window]
[    1.960864] pci_bus 0000:00: resource 5 [io  0x1000-0x4fff window]
[    1.960865] pci_bus 0000:00: resource 6 [mem 0x000a0000-0x000bffff window]
[    1.960867] pci_bus 0000:00: resource 7 [mem 0x000c8000-0x000cffff window]
[    1.960868] pci_bus 0000:00: resource 8 [mem 0xfe010000-0xfe010fff window]
[    1.960869] pci_bus 0000:00: resource 9 [mem 0x90000000-0x9b7fffff window]
[    1.960870] pci_bus 0000:00: resource 10 [mem 0x200000000000-0x20ffffffffff window]
[    1.960872] pci_bus 0000:02: resource 1 [mem 0x92000000-0x928fffff]
[    1.960873] pci_bus 0000:02: resource 2 [mem 0x91000000-0x91ffffff 64bit pref]
[    1.960874] pci_bus 0000:03: resource 1 [mem 0x92000000-0x928fffff]
[    1.960875] pci_bus 0000:03: resource 2 [mem 0x91000000-0x91ffffff 64bit pref]
[    1.960877] pci_bus 0000:04: resource 1 [mem 0x90000000-0x900fffff]
[    1.960878] pci_bus 0000:04: resource 2 [mem 0x92900000-0x929fffff 64bit pref]
[    1.960946] pci 0000:17:00.0: BAR 6: no space for [mem size 0x00100000 pref]
[    1.960948] pci 0000:17:00.0: BAR 6: failed to assign [mem size 0x00100000 pref]
[    1.960949] pci 0000:16:02.0: PCI bridge to [bus 17]
[    1.960951] pci 0000:16:02.0:   bridge window [io  0x5000-0x5fff]
[    1.960954] pci 0000:16:02.0:   bridge window [mem 0x9ba00000-0x9bafffff]
[    1.960956] pci 0000:16:02.0:   bridge window [mem 0x9b800000-0x9b9fffff 64bit pref]
[    1.960959] pci_bus 0000:16: resource 4 [io  0x5000-0x6fff window]
[    1.960960] pci_bus 0000:16: resource 5 [mem 0x9b800000-0xa63fffff window]
[    1.960961] pci_bus 0000:16: resource 6 [mem 0x210000000000-0x21ffffffffff window]
[    1.960963] pci_bus 0000:17: resource 0 [io  0x5000-0x5fff]
[    1.960964] pci_bus 0000:17: resource 1 [mem 0x9ba00000-0x9bafffff]
[    1.960965] pci_bus 0000:17: resource 2 [mem 0x9b800000-0x9b9fffff 64bit pref]
[    1.960971] pci_bus 0000:30: resource 4 [io  0x7000-0x8fff window]
[    1.960972] pci_bus 0000:30: resource 5 [mem 0xa6400000-0xb0ffffff window]
[    1.960973] pci_bus 0000:30: resource 6 [mem 0x220000000000-0x22ffffffffff window]
[    1.960980] pci_bus 0000:4a: resource 4 [io  0x9000-0x9fff window]
[    1.960981] pci_bus 0000:4a: resource 5 [mem 0xb1000000-0xbbbfffff window]
[    1.960982] pci_bus 0000:4a: resource 6 [mem 0x230000000000-0x23ffffffffff window]
[    1.960988] pci_bus 0000:64: resource 4 [io  0xa000-0xafff window]
[    1.960989] pci_bus 0000:64: resource 5 [mem 0xbbc00000-0xc5ffffff window]
[    1.960990] pci_bus 0000:64: resource 6 [mem 0x240000000000-0x24ffffffffff window]
[    1.961019] pci_bus 0000:80: resource 4 [io  0xb000-0xbfff window]
[    1.961020] pci_bus 0000:80: resource 5 [mem 0xc6800000-0xd0ffffff window]
[    1.961021] pci_bus 0000:80: resource 6 [mem 0x250000000000-0x25ffffffffff window]
[    1.961027] pci_bus 0000:81: resource 4 [io  0xc000-0xcfff window]
[    1.961028] pci_bus 0000:81: resource 5 [mem 0xd1000000-0xdbbfffff window]
[    1.961029] pci_bus 0000:81: resource 6 [mem 0x260000000000-0x26ffffffffff window]
[    1.961035] pci_bus 0000:82: resource 4 [io  0xd000-0xdfff window]
[    1.961036] pci_bus 0000:82: resource 5 [mem 0xdbc00000-0xe67fffff window]
