[    0.000000] Linux version 5.15.0-tiering-0.8 (xmu@xmu-PowerEdge-R750) (gcc (Ubuntu 8.4.0-1ubuntu1~18.04) 8.4.0, GNU ld (GNU Binutils for Ubuntu) 2.30) #1 SMP Thu Apr 18 19:37:58 CST 2024
[    0.000000] Command line: BOOT_IMAGE=/boot/vmlinuz-5.15.0-tiering-0.8 root=UUID=ce0c24b8-724b-4f33-9b2c-618433560aef ro memmap=26925M!4096M memmap=59G!64G quiet splash nomodeset vt.handoff=1
[    0.000000] KERNEL supported cpus:
[    0.000000]   Intel GenuineIntel
[    0.000000]   AMD AuthenticAMD
[    0.000000]   Hygon HygonGenuine
[    0.000000]   Centaur CentaurHauls
[    0.000000]   zhaoxin   Shanghai  
[    0.000000] x86/split lock detection: #AC: crashing the kernel on kernel split_locks and warning on user-space split_locks
[    0.000000] x86/fpu: Supporting XSAVE feature 0x001: 'x87 floating point registers'
[    0.000000] x86/fpu: Supporting XSAVE feature 0x002: 'SSE registers'
[    0.000000] x86/fpu: Supporting XSAVE feature 0x004: 'AVX registers'
[    0.000000] x86/fpu: Supporting XSAVE feature 0x020: 'AVX-512 opmask'
[    0.000000] x86/fpu: Supporting XSAVE feature 0x040: 'AVX-512 Hi256'
[    0.000000] x86/fpu: Supporting XSAVE feature 0x080: 'AVX-512 ZMM_Hi256'
[    0.000000] x86/fpu: Supporting XSAVE feature 0x200: 'Protection Keys User registers'
[    0.000000] x86/fpu: xstate_offset[2]:  576, xstate_sizes[2]:  256
[    0.000000] x86/fpu: xstate_offset[5]:  832, xstate_sizes[5]:   64
[    0.000000] x86/fpu: xstate_offset[6]:  896, xstate_sizes[6]:  512
[    0.000000] x86/fpu: xstate_offset[7]: 1408, xstate_sizes[7]: 1024
[    0.000000] x86/fpu: xstate_offset[9]: 2432, xstate_sizes[9]:    8
[    0.000000] x86/fpu: Enabled xstate features 0x2e7, context size is 2440 bytes, using 'compacted' format.
[    0.000000] signal: max sigframe size: 3632
[    0.000000] BIOS-provided physical RAM map:
[    0.000000] BIOS-e820: [mem 0x0000000000000000-0x000000000008efff] usable
[    0.000000] BIOS-e820: [mem 0x000000000008f000-0x000000000008ffff] reserved
[    0.000000] BIOS-e820: [mem 0x0000000000090000-0x000000000009ffff] usable
[    0.000000] BIOS-e820: [mem 0x00000000000a0000-0x00000000000fffff] reserved
[    0.000000] BIOS-e820: [mem 0x0000000000100000-0x0000000049e76fff] usable
[    0.000000] BIOS-e820: [mem 0x0000000049e77000-0x000000004ae76fff] ACPI NVS
[    0.000000] BIOS-e820: [mem 0x000000004ae77000-0x000000004b2cefff] usable
[    0.000000] BIOS-e820: [mem 0x000000004b2cf000-0x000000004b54dfff] ACPI data
[    0.000000] BIOS-e820: [mem 0x000000004b54e000-0x000000004bd93fff] usable
[    0.000000] BIOS-e820: [mem 0x000000004bd94000-0x000000004be99fff] reserved
[    0.000000] BIOS-e820: [mem 0x000000004be9a000-0x000000004cdfffff] usable
[    0.000000] BIOS-e820: [mem 0x000000004ce00000-0x000000004cffffff] reserved
[    0.000000] BIOS-e820: [mem 0x000000004d000000-0x000000005eefdfff] usable
[    0.000000] BIOS-e820: [mem 0x000000005eefe000-0x000000006e3fefff] reserved
[    0.000000] BIOS-e820: [mem 0x000000006e3ff000-0x000000006f3fefff] ACPI NVS
[    0.000000] BIOS-e820: [mem 0x000000006f3ff000-0x000000006f7fefff] ACPI data
[    0.000000] BIOS-e820: [mem 0x000000006f7ff000-0x000000006f7fffff] usable
[    0.000000] BIOS-e820: [mem 0x000000006f800000-0x000000008fffffff] reserved
[    0.000000] BIOS-e820: [mem 0x00000000fe000000-0x00000000fe010fff] reserved
[    0.000000] BIOS-e820: [mem 0x0000000100000000-0x000000207fffffff] usable
[    0.000000] BIOS-e820: [mem 0x0000002080000000-0x0000011c7fffffff] persistent (type 7)
[    0.000000] BIOS-e820: [mem 0x00001ffc00000000-0x00001fffffffffff] reserved
[    0.000000] NX (Execute Disable) protection: active
[    0.000000] e820: update [mem 0x46d5d020-0x46d6505f] usable ==> usable
[    0.000000] e820: update [mem 0x46d5d020-0x46d6505f] usable ==> usable
[    0.000000] e820: update [mem 0x46d2a020-0x46d5cc5f] usable ==> usable
[    0.000000] e820: update [mem 0x46d2a020-0x46d5cc5f] usable ==> usable
[    0.000000] e820: update [mem 0x46cf7020-0x46d29c5f] usable ==> usable
[    0.000000] e820: update [mem 0x46cf7020-0x46d29c5f] usable ==> usable
[    0.000000] e820: update [mem 0x46cc5020-0x46cf6a5f] usable ==> usable
[    0.000000] e820: update [mem 0x46cc5020-0x46cf6a5f] usable ==> usable
[    0.000000] extended physical RAM map:
[    0.000000] reserve setup_data: [mem 0x0000000000000000-0x000000000008efff] usable
[    0.000000] reserve setup_data: [mem 0x000000000008f000-0x000000000008ffff] reserved
[    0.000000] reserve setup_data: [mem 0x0000000000090000-0x000000000009ffff] usable
[    0.000000] reserve setup_data: [mem 0x00000000000a0000-0x00000000000fffff] reserved
[    0.000000] reserve setup_data: [mem 0x0000000000100000-0x0000000046cc501f] usable
[    0.000000] reserve setup_data: [mem 0x0000000046cc5020-0x0000000046cf6a5f] usable
[    0.000000] reserve setup_data: [mem 0x0000000046cf6a60-0x0000000046cf701f] usable
[    0.000000] reserve setup_data: [mem 0x0000000046cf7020-0x0000000046d29c5f] usable
[    0.000000] reserve setup_data: [mem 0x0000000046d29c60-0x0000000046d2a01f] usable
[    0.000000] reserve setup_data: [mem 0x0000000046d2a020-0x0000000046d5cc5f] usable
[    0.000000] reserve setup_data: [mem 0x0000000046d5cc60-0x0000000046d5d01f] usable
[    0.000000] reserve setup_data: [mem 0x0000000046d5d020-0x0000000046d6505f] usable
[    0.000000] reserve setup_data: [mem 0x0000000046d65060-0x0000000049e76fff] usable
[    0.000000] reserve setup_data: [mem 0x0000000049e77000-0x000000004ae76fff] ACPI NVS
[    0.000000] reserve setup_data: [mem 0x000000004ae77000-0x000000004b2cefff] usable
[    0.000000] reserve setup_data: [mem 0x000000004b2cf000-0x000000004b54dfff] ACPI data
[    0.000000] reserve setup_data: [mem 0x000000004b54e000-0x000000004bd93fff] usable
[    0.000000] reserve setup_data: [mem 0x000000004bd94000-0x000000004be99fff] reserved
[    0.000000] reserve setup_data: [mem 0x000000004be9a000-0x000000004cdfffff] usable
[    0.000000] reserve setup_data: [mem 0x000000004ce00000-0x000000004cffffff] reserved
[    0.000000] reserve setup_data: [mem 0x000000004d000000-0x000000005eefdfff] usable
[    0.000000] reserve setup_data: [mem 0x000000005eefe000-0x000000006e3fefff] reserved
[    0.000000] reserve setup_data: [mem 0x000000006e3ff000-0x000000006f3fefff] ACPI NVS
[    0.000000] reserve setup_data: [mem 0x000000006f3ff000-0x000000006f7fefff] ACPI data
[    0.000000] reserve setup_data: [mem 0x000000006f7ff000-0x000000006f7fffff] usable
[    0.000000] reserve setup_data: [mem 0x000000006f800000-0x000000008fffffff] reserved
[    0.000000] reserve setup_data: [mem 0x00000000fe000000-0x00000000fe010fff] reserved
[    0.000000] reserve setup_data: [mem 0x0000000100000000-0x0000000792cfffff] persistent (type 12)
[    0.000000] reserve setup_data: [mem 0x0000000792d00000-0x0000000fffffffff] usable
[    0.000000] reserve setup_data: [mem 0x0000001000000000-0x0000001ebfffffff] persistent (type 12)
[    0.000000] reserve setup_data: [mem 0x0000001ec0000000-0x000000207fffffff] usable
[    0.000000] reserve setup_data: [mem 0x0000002080000000-0x0000011c7fffffff] persistent (type 7)
[    0.000000] reserve setup_data: [mem 0x00001ffc00000000-0x00001fffffffffff] reserved
[    0.000000] user-defined physical RAM map:
[    0.000000] user: [mem 0x0000000000000000-0x000000000008efff] usable
[    0.000000] user: [mem 0x000000000008f000-0x000000000008ffff] reserved
[    0.000000] user: [mem 0x0000000000090000-0x000000000009ffff] usable
[    0.000000] user: [mem 0x00000000000a0000-0x00000000000fffff] reserved
[    0.000000] user: [mem 0x0000000000100000-0x0000000046cc501f] usable
[    0.000000] user: [mem 0x0000000046cc5020-0x0000000046cf6a5f] usable
[    0.000000] user: [mem 0x0000000046cf6a60-0x0000000046cf701f] usable
[    0.000000] user: [mem 0x0000000046cf7020-0x0000000046d29c5f] usable
[    0.000000] user: [mem 0x0000000046d29c60-0x0000000046d2a01f] usable
[    0.000000] user: [mem 0x0000000046d2a020-0x0000000046d5cc5f] usable
[    0.000000] user: [mem 0x0000000046d5cc60-0x0000000046d5d01f] usable
[    0.000000] user: [mem 0x0000000046d5d020-0x0000000046d6505f] usable
[    0.000000] user: [mem 0x0000000046d65060-0x0000000049e76fff] usable
[    0.000000] user: [mem 0x0000000049e77000-0x000000004ae76fff] ACPI NVS
[    0.000000] user: [mem 0x000000004ae77000-0x000000004b2cefff] usable
[    0.000000] user: [mem 0x000000004b2cf000-0x000000004b54dfff] ACPI data
[    0.000000] user: [mem 0x000000004b54e000-0x000000004bd93fff] usable
[    0.000000] user: [mem 0x000000004bd94000-0x000000004be99fff] reserved
[    0.000000] user: [mem 0x000000004be9a000-0x000000004cdfffff] usable
[    0.000000] user: [mem 0x000000004ce00000-0x000000004cffffff] reserved
[    0.000000] user: [mem 0x000000004d000000-0x000000005eefdfff] usable
[    0.000000] user: [mem 0x000000005eefe000-0x000000006e3fefff] reserved
[    0.000000] user: [mem 0x000000006e3ff000-0x000000006f3fefff] ACPI NVS
[    0.000000] user: [mem 0x000000006f3ff000-0x000000006f7fefff] ACPI data
[    0.000000] user: [mem 0x000000006f7ff000-0x000000006f7fffff] usable
[    0.000000] user: [mem 0x000000006f800000-0x000000008fffffff] reserved
[    0.000000] user: [mem 0x00000000fe000000-0x00000000fe010fff] reserved
[    0.000000] user: [mem 0x0000000100000000-0x0000000792cfffff] persistent (type 12)
[    0.000000] user: [mem 0x0000000792d00000-0x0000000fffffffff] usable
[    0.000000] user: [mem 0x0000001000000000-0x0000001ebfffffff] persistent (type 12)
[    0.000000] user: [mem 0x0000001ec0000000-0x000000207fffffff] usable
[    0.000000] user: [mem 0x0000002080000000-0x0000011c7fffffff] persistent (type 7)
[    0.000000] user: [mem 0x00001ffc00000000-0x00001fffffffffff] reserved
[    0.000000] efi: EFI v2.70 by Dell Inc.
[    0.000000] efi: ACPI=0x6f7fe000 ACPI 2.0=0x6f7fe014 MEMATTR=0x5b071020 SMBIOS=0x69526000 SMBIOS 3.0=0x69524000 MOKvar=0x5ef81000 RNG=0x5ef8a920 
[    0.000000] efi: seeding entropy pool
[    0.000000] random: fast init done
[    0.000000] SMBIOS 3.3.0 present.
[    0.000000] DMI: Dell Inc. PowerEdge R750/0K8F35, BIOS 1.10.2 03/03/2023
[    0.000000] tsc: Detected 2000.000 MHz processor
[    0.000007] e820: update [mem 0x00000000-0x00000fff] usable ==> reserved
[    0.000009] e820: remove [mem 0x000a0000-0x000fffff] usable
[    0.000017] last_pfn = 0x2080000 max_arch_pfn = 0x400000000
[    0.000231] x86/PAT: Configuration [0-7]: WB  WC  UC- UC  WB  WP  UC- WT  
[    0.003080] total RAM covered: 2095088M
[    0.003164]  gran_size: 64K 	chunk_size: 64K 	num_reg: 10  	lose cover RAM: 2016G
[    0.003166]  gran_size: 64K 	chunk_size: 128K 	num_reg: 10  	lose cover RAM: 2016G
[    0.003168]  gran_size: 64K 	chunk_size: 256K 	num_reg: 10  	lose cover RAM: 2016G
[    0.003169]  gran_size: 64K 	chunk_size: 512K 	num_reg: 10  	lose cover RAM: 2016G
[    0.003171]  gran_size: 64K 	chunk_size: 1M 	num_reg: 10  	lose cover RAM: 2016G
[    0.003172]  gran_size: 64K 	chunk_size: 2M 	num_reg: 10  	lose cover RAM: 2016G
[    0.003174]  gran_size: 64K 	chunk_size: 4M 	num_reg: 10  	lose cover RAM: 2016G
[    0.003175]  gran_size: 64K 	chunk_size: 8M 	num_reg: 10  	lose cover RAM: 2016G
[    0.003176]  gran_size: 64K 	chunk_size: 16M 	num_reg: 10  	lose cover RAM: 2016G
[    0.003177]  gran_size: 64K 	chunk_size: 32M 	num_reg: 10  	lose cover RAM: 1024G
[    0.003179]  gran_size: 64K 	chunk_size: 64M 	num_reg: 10  	lose cover RAM: 1024G
[    0.003180]  gran_size: 64K 	chunk_size: 128M 	num_reg: 10  	lose cover RAM: 1024G
[    0.003181]  gran_size: 64K 	chunk_size: 256M 	num_reg: 10  	lose cover RAM: 1024G
[    0.003182]  gran_size: 64K 	chunk_size: 512M 	num_reg: 10  	lose cover RAM: 1024G
[    0.003184]  gran_size: 64K 	chunk_size: 1G 	num_reg: 10  	lose cover RAM: 1024G
[    0.003185]  gran_size: 64K 	chunk_size: 2G 	num_reg: 10  	lose cover RAM: 1024G
[    0.003186]  gran_size: 128K 	chunk_size: 128K 	num_reg: 10  	lose cover RAM: 2016G
[    0.003188]  gran_size: 128K 	chunk_size: 256K 	num_reg: 10  	lose cover RAM: 2016G
[    0.003189]  gran_size: 128K 	chunk_size: 512K 	num_reg: 10  	lose cover RAM: 2016G
[    0.003190]  gran_size: 128K 	chunk_size: 1M 	num_reg: 10  	lose cover RAM: 2016G
[    0.003191]  gran_size: 128K 	chunk_size: 2M 	num_reg: 10  	lose cover RAM: 2016G
[    0.003193]  gran_size: 128K 	chunk_size: 4M 	num_reg: 10  	lose cover RAM: 2016G
[    0.003194]  gran_size: 128K 	chunk_size: 8M 	num_reg: 10  	lose cover RAM: 2016G
[    0.003195]  gran_size: 128K 	chunk_size: 16M 	num_reg: 10  	lose cover RAM: 2016G
[    0.003196]  gran_size: 128K 	chunk_size: 32M 	num_reg: 10  	lose cover RAM: 1024G
[    0.003198]  gran_size: 128K 	chunk_size: 64M 	num_reg: 10  	lose cover RAM: 1024G
[    0.003199]  gran_size: 128K 	chunk_size: 128M 	num_reg: 10  	lose cover RAM: 1024G
[    0.003200]  gran_size: 128K 	chunk_size: 256M 	num_reg: 10  	lose cover RAM: 1024G
[    0.003201]  gran_size: 128K 	chunk_size: 512M 	num_reg: 10  	lose cover RAM: 1024G
[    0.003203]  gran_size: 128K 	chunk_size: 1G 	num_reg: 10  	lose cover RAM: 1024G
[    0.003204]  gran_size: 128K 	chunk_size: 2G 	num_reg: 10  	lose cover RAM: 1024G
[    0.003206]  gran_size: 256K 	chunk_size: 256K 	num_reg: 10  	lose cover RAM: 2016G
[    0.003207]  gran_size: 256K 	chunk_size: 512K 	num_reg: 10  	lose cover RAM: 2016G
[    0.003209]  gran_size: 256K 	chunk_size: 1M 	num_reg: 10  	lose cover RAM: 2016G
[    0.003210]  gran_size: 256K 	chunk_size: 2M 	num_reg: 10  	lose cover RAM: 2016G
[    0.003211]  gran_size: 256K 	chunk_size: 4M 	num_reg: 10  	lose cover RAM: 2016G
[    0.003212]  gran_size: 256K 	chunk_size: 8M 	num_reg: 10  	lose cover RAM: 2016G
[    0.003214]  gran_size: 256K 	chunk_size: 16M 	num_reg: 10  	lose cover RAM: 2016G
[    0.003215]  gran_size: 256K 	chunk_size: 32M 	num_reg: 10  	lose cover RAM: 1024G
[    0.003216]  gran_size: 256K 	chunk_size: 64M 	num_reg: 10  	lose cover RAM: 1024G
[    0.003217]  gran_size: 256K 	chunk_size: 128M 	num_reg: 10  	lose cover RAM: 1024G
[    0.003219]  gran_size: 256K 	chunk_size: 256M 	num_reg: 10  	lose cover RAM: 1024G
[    0.003220]  gran_size: 256K 	chunk_size: 512M 	num_reg: 10  	lose cover RAM: 1024G
[    0.003221]  gran_size: 256K 	chunk_size: 1G 	num_reg: 10  	lose cover RAM: 1024G
[    0.003223]  gran_size: 256K 	chunk_size: 2G 	num_reg: 10  	lose cover RAM: 1024G
[    0.003224]  gran_size: 512K 	chunk_size: 512K 	num_reg: 10  	lose cover RAM: 2016G
[    0.003225]  gran_size: 512K 	chunk_size: 1M 	num_reg: 10  	lose cover RAM: 2016G
[    0.003227]  gran_size: 512K 	chunk_size: 2M 	num_reg: 10  	lose cover RAM: 2016G
[    0.003228]  gran_size: 512K 	chunk_size: 4M 	num_reg: 10  	lose cover RAM: 2016G
[    0.003229]  gran_size: 512K 	chunk_size: 8M 	num_reg: 10  	lose cover RAM: 2016G
[    0.003230]  gran_size: 512K 	chunk_size: 16M 	num_reg: 10  	lose cover RAM: 2016G
[    0.003232]  gran_size: 512K 	chunk_size: 32M 	num_reg: 10  	lose cover RAM: 1024G
[    0.003233]  gran_size: 512K 	chunk_size: 64M 	num_reg: 10  	lose cover RAM: 1024G
[    0.003234]  gran_size: 512K 	chunk_size: 128M 	num_reg: 10  	lose cover RAM: 1024G
[    0.003236]  gran_size: 512K 	chunk_size: 256M 	num_reg: 10  	lose cover RAM: 1024G
[    0.003237]  gran_size: 512K 	chunk_size: 512M 	num_reg: 10  	lose cover RAM: 1024G
[    0.003238]  gran_size: 512K 	chunk_size: 1G 	num_reg: 10  	lose cover RAM: 1024G
[    0.003239]  gran_size: 512K 	chunk_size: 2G 	num_reg: 10  	lose cover RAM: 1024G
[    0.003241]  gran_size: 1M 	chunk_size: 1M 	num_reg: 10  	lose cover RAM: 2016G
[    0.003242]  gran_size: 1M 	chunk_size: 2M 	num_reg: 10  	lose cover RAM: 2016G
[    0.003243]  gran_size: 1M 	chunk_size: 4M 	num_reg: 10  	lose cover RAM: 2016G
[    0.003244]  gran_size: 1M 	chunk_size: 8M 	num_reg: 10  	lose cover RAM: 2016G
[    0.003246]  gran_size: 1M 	chunk_size: 16M 	num_reg: 10  	lose cover RAM: 2016G
[    0.003247]  gran_size: 1M 	chunk_size: 32M 	num_reg: 10  	lose cover RAM: 1024G
[    0.003248]  gran_size: 1M 	chunk_size: 64M 	num_reg: 10  	lose cover RAM: 1024G
[    0.003249]  gran_size: 1M 	chunk_size: 128M 	num_reg: 10  	lose cover RAM: 1024G
[    0.003251]  gran_size: 1M 	chunk_size: 256M 	num_reg: 10  	lose cover RAM: 1024G
[    0.003252]  gran_size: 1M 	chunk_size: 512M 	num_reg: 10  	lose cover RAM: 1024G
[    0.003253]  gran_size: 1M 	chunk_size: 1G 	num_reg: 10  	lose cover RAM: 1024G
[    0.003254]  gran_size: 1M 	chunk_size: 2G 	num_reg: 10  	lose cover RAM: 1024G
[    0.003256]  gran_size: 2M 	chunk_size: 2M 	num_reg: 10  	lose cover RAM: 2016G
[    0.003257]  gran_size: 2M 	chunk_size: 4M 	num_reg: 10  	lose cover RAM: 2016G
[    0.003258]  gran_size: 2M 	chunk_size: 8M 	num_reg: 10  	lose cover RAM: 2016G
[    0.003260]  gran_size: 2M 	chunk_size: 16M 	num_reg: 10  	lose cover RAM: 2016G
[    0.003261]  gran_size: 2M 	chunk_size: 32M 	num_reg: 10  	lose cover RAM: 1024G
[    0.003262]  gran_size: 2M 	chunk_size: 64M 	num_reg: 10  	lose cover RAM: 1024G
[    0.003264]  gran_size: 2M 	chunk_size: 128M 	num_reg: 10  	lose cover RAM: 1024G
[    0.003265]  gran_size: 2M 	chunk_size: 256M 	num_reg: 10  	lose cover RAM: 1024G
[    0.003266]  gran_size: 2M 	chunk_size: 512M 	num_reg: 10  	lose cover RAM: 1024G
[    0.003268]  gran_size: 2M 	chunk_size: 1G 	num_reg: 10  	lose cover RAM: 1024G
[    0.003269]  gran_size: 2M 	chunk_size: 2G 	num_reg: 10  	lose cover RAM: 1024G
[    0.003270]  gran_size: 4M 	chunk_size: 4M 	num_reg: 10  	lose cover RAM: 2016G
[    0.003272]  gran_size: 4M 	chunk_size: 8M 	num_reg: 10  	lose cover RAM: 2016G
[    0.003273]  gran_size: 4M 	chunk_size: 16M 	num_reg: 10  	lose cover RAM: 2016G
[    0.003274]  gran_size: 4M 	chunk_size: 32M 	num_reg: 10  	lose cover RAM: 1024G
[    0.003275]  gran_size: 4M 	chunk_size: 64M 	num_reg: 10  	lose cover RAM: 1024G
[    0.003277]  gran_size: 4M 	chunk_size: 128M 	num_reg: 10  	lose cover RAM: 1024G
[    0.003278]  gran_size: 4M 	chunk_size: 256M 	num_reg: 10  	lose cover RAM: 1024G
[    0.003279]  gran_size: 4M 	chunk_size: 512M 	num_reg: 10  	lose cover RAM: 1024G
[    0.003280]  gran_size: 4M 	chunk_size: 1G 	num_reg: 10  	lose cover RAM: 1024G
[    0.003282]  gran_size: 4M 	chunk_size: 2G 	num_reg: 10  	lose cover RAM: 1024G
[    0.003283]  gran_size: 8M 	chunk_size: 8M 	num_reg: 10  	lose cover RAM: 2016G
[    0.003284]  gran_size: 8M 	chunk_size: 16M 	num_reg: 10  	lose cover RAM: 2016G
[    0.003286]  gran_size: 8M 	chunk_size: 32M 	num_reg: 10  	lose cover RAM: 1024G
[    0.003287]  gran_size: 8M 	chunk_size: 64M 	num_reg: 10  	lose cover RAM: 1024G
[    0.003288]  gran_size: 8M 	chunk_size: 128M 	num_reg: 10  	lose cover RAM: 1024G
[    0.003290]  gran_size: 8M 	chunk_size: 256M 	num_reg: 10  	lose cover RAM: 1024G
[    0.003291]  gran_size: 8M 	chunk_size: 512M 	num_reg: 10  	lose cover RAM: 1024G
[    0.003293]  gran_size: 8M 	chunk_size: 1G 	num_reg: 10  	lose cover RAM: 1024G
[    0.003294]  gran_size: 8M 	chunk_size: 2G 	num_reg: 10  	lose cover RAM: 1024G
[    0.003295]  gran_size: 16M 	chunk_size: 16M 	num_reg: 10  	lose cover RAM: 2016G
[    0.003297]  gran_size: 16M 	chunk_size: 32M 	num_reg: 10  	lose cover RAM: 1024G
[    0.003298]  gran_size: 16M 	chunk_size: 64M 	num_reg: 10  	lose cover RAM: 1024G
[    0.003299]  gran_size: 16M 	chunk_size: 128M 	num_reg: 10  	lose cover RAM: 1024G
[    0.003300]  gran_size: 16M 	chunk_size: 256M 	num_reg: 10  	lose cover RAM: 1024G
[    0.003302]  gran_size: 16M 	chunk_size: 512M 	num_reg: 10  	lose cover RAM: 1024G
[    0.003303]  gran_size: 16M 	chunk_size: 1G 	num_reg: 10  	lose cover RAM: 1024G
[    0.003304]  gran_size: 16M 	chunk_size: 2G 	num_reg: 10  	lose cover RAM: 1024G
[    0.003306]  gran_size: 32M 	chunk_size: 32M 	num_reg: 10  	lose cover RAM: 2031632M
[    0.003307]  gran_size: 32M 	chunk_size: 64M 	num_reg: 10  	lose cover RAM: 1048592M
[    0.003308]  gran_size: 32M 	chunk_size: 128M 	num_reg: 10  	lose cover RAM: 1048592M
[    0.003310]  gran_size: 32M 	chunk_size: 256M 	num_reg: 10  	lose cover RAM: 1048592M
[    0.003311]  gran_size: 32M 	chunk_size: 512M 	num_reg: 10  	lose cover RAM: 1048592M
[    0.003312]  gran_size: 32M 	chunk_size: 1G 	num_reg: 10  	lose cover RAM: 1048592M
[    0.003313]  gran_size: 32M 	chunk_size: 2G 	num_reg: 10  	lose cover RAM: 1048592M
[    0.003315]  gran_size: 64M 	chunk_size: 64M 	num_reg: 10  	lose cover RAM: 1966128M
[    0.003316]  gran_size: 64M 	chunk_size: 128M 	num_reg: 10  	lose cover RAM: 1048624M
[    0.003317]  gran_size: 64M 	chunk_size: 256M 	num_reg: 10  	lose cover RAM: 1048624M
[    0.003318]  gran_size: 64M 	chunk_size: 512M 	num_reg: 10  	lose cover RAM: 1048624M
[    0.003320]  gran_size: 64M 	chunk_size: 1G 	num_reg: 10  	lose cover RAM: 1048624M
[    0.003321]  gran_size: 64M 	chunk_size: 2G 	num_reg: 10  	lose cover RAM: 1048624M
[    0.003322]  gran_size: 128M 	chunk_size: 128M 	num_reg: 10  	lose cover RAM: 1835120M
[    0.003324]  gran_size: 128M 	chunk_size: 256M 	num_reg: 10  	lose cover RAM: 1048688M
[    0.003325]  gran_size: 128M 	chunk_size: 512M 	num_reg: 10  	lose cover RAM: 1048688M
[    0.003327]  gran_size: 128M 	chunk_size: 1G 	num_reg: 10  	lose cover RAM: 1048688M
[    0.003328]  gran_size: 128M 	chunk_size: 2G 	num_reg: 10  	lose cover RAM: 1048688M
[    0.003329]  gran_size: 256M 	chunk_size: 256M 	num_reg: 10  	lose cover RAM: 1573104M
[    0.003331]  gran_size: 256M 	chunk_size: 512M 	num_reg: 10  	lose cover RAM: 1048816M
[    0.003332]  gran_size: 256M 	chunk_size: 1G 	num_reg: 10  	lose cover RAM: 1048816M
[    0.003333]  gran_size: 256M 	chunk_size: 2G 	num_reg: 10  	lose cover RAM: 1048816M
[    0.003335]  gran_size: 512M 	chunk_size: 512M 	num_reg: 10  	lose cover RAM: 1049072M
[    0.003336]  gran_size: 512M 	chunk_size: 1G 	num_reg: 10  	lose cover RAM: 1049072M
[    0.003337]  gran_size: 512M 	chunk_size: 2G 	num_reg: 10  	lose cover RAM: 1049072M
[    0.003338]  gran_size: 1G 	chunk_size: 1G 	num_reg: 10  	lose cover RAM: 1008M
[    0.003340]  gran_size: 1G 	chunk_size: 2G 	num_reg: 10  	lose cover RAM: 1008M
[    0.003341]  gran_size: 2G 	chunk_size: 2G 	num_reg: 9  	lose cover RAM: 2032M
[    0.003342] mtrr_cleanup: can not find optimal value
[    0.003343] please specify mtrr_gran_size/mtrr_chunk_size
[    0.003345] e820: update [mem 0x7f000000-0xffffffff] usable ==> reserved
[    0.003349] x2apic: enabled by BIOS, switching to x2apic ops
[    0.003349] last_pfn = 0x6f800 max_arch_pfn = 0x400000000
[    0.014679] Using GB pages for direct mapping
[    0.015796] Secure boot disabled
[    0.015797] RAMDISK: [mem 0x205cb7c000-0x207fffffff]
[    0.015802] ACPI: Early table checksum verification disabled
[    0.015805] ACPI: RSDP 0x000000006F7FE014 000024 (v02 DELL  )
[    0.015809] ACPI: XSDT 0x000000006F41C188 0000F4 (v01 DELL   PE_SC3   00000000 DELL 01000013)
[    0.015814] ACPI: FACP 0x000000006F430000 000114 (v06 DELL   PE_SC3   00000000 DELL 00000001)
[    0.015820] ACPI: DSDT 0x000000004B4CE000 07FAD3 (v02 DELL   PE_SC3   00000003 DELL 00000001)
[    0.015823] ACPI: FACS 0x000000006F2F2000 000040
[    0.015826] ACPI: SSDT 0x000000006F7FB000 00159A (v02 INTEL  RAS_ACPI 00000001 INTL 20210331)
[    0.015830] ACPI: SSDT 0x000000006F7FA000 000745 (v02 INTEL  ADDRXLAT 00000001 INTL 20210331)
[    0.015833] ACPI: MCEJ 0x000000006F7F9000 000130 (v01 INTEL           00000001 INTL 0100000D)
[    0.015837] ACPI: BERT 0x000000006F7F8000 000030 (v01 DELL   PE_SC3   00000001 INTL 00000001)
[    0.015840] ACPI: ERST 0x000000006F7F7000 000230 (v01 DELL   PE_SC3   00000001 INTL 00000001)
[    0.015843] ACPI: SSDT 0x000000006F431000 3C524E (v02 INTEL  SSDTNVDR 00001000 INTL 20210331)
[    0.015847] ACPI: HMAT 0x000000006F42F000 000210 (v01 DELL   PE_SC3   00000001 DELL 00000001)
[    0.015850] ACPI: HPET 0x000000006F42E000 000038 (v01 DELL   PE_SC3   00000001 DELL 00000001)
[    0.015853] ACPI: MCFG 0x000000006F42D000 00003C (v01 DELL   PE_SC3   00000001 DELL 00000001)
[    0.015856] ACPI: MIGT 0x000000006F42C000 000040 (v01 DELL   PE_SC3   00000000 DELL 00000001)
[    0.015859] ACPI: MSCT 0x000000006F42B000 000090 (v01 DELL   PE_SC3   00000001 DELL 00000001)
[    0.015862] ACPI: PMTT 0x000000006F429000 0011E8 (v02 DELL   PE_SC3   00000001 DELL 00000001)
[    0.015866] ACPI: WSMT 0x000000006F428000 000028 (v01 DELL   PE_SC3   00000000 DELL 00000001)
[    0.015869] ACPI: APIC 0x000000006F427000 00075E (v04 DELL   PE_SC3   00000000 DELL 00000001)
[    0.015872] ACPI: SLIT 0x000000006F426000 00003C (v01 DELL   PE_SC3   00000001 DELL 01000013)
[    0.015875] ACPI: SRAT 0x000000006F41F000 006430 (v03 DELL   PE_SC3   00000002 DELL 01000013)
[    0.015878] ACPI: OEM4 0x000000004B346000 187A61 (v02 INTEL  CPU  CST 00003000 INTL 20210331)
[    0.015882] ACPI: SSDT 0x000000004B2CF000 0764A5 (v02 INTEL  SSDT  PM 00004000 INTL 20210331)
[    0.015885] ACPI: SSDT 0x000000006F41E000 000A1F (v02 DELL   PE_SC3   00000000 DELL 00000001)
[    0.015888] ACPI: HEST 0x000000006F41D000 00017C (v01 DELL   PE_SC3   00000001 INTL 00000001)
[    0.015891] ACPI: PCAT 0x000000006F41B000 00010C (v19 DELL   PE_SC3   00000002 DELL 00000001)
[    0.015895] ACPI: SSDT 0x000000006F413000 007299 (v02 INTEL  SpsNm    00000002 INTL 20210331)
[    0.015898] ACPI: SSDT 0x000000006F412000 000426 (v02 DELL   PE_SC3   00000002 DELL 00000001)
[    0.015901] ACPI: NFIT 0x000000006F7FD000 000488 (v01 DELL   PE_SC3   00000002 DELL 00000001)
[    0.015904] ACPI: DMAR 0x000000006F411000 000158 (v01 DELL   PE_SC3   00000001 DELL 00000001)
[    0.015907] ACPI: Reserving FACP table memory at [mem 0x6f430000-0x6f430113]
[    0.015908] ACPI: Reserving DSDT table memory at [mem 0x4b4ce000-0x4b54dad2]
[    0.015909] ACPI: Reserving FACS table memory at [mem 0x6f2f2000-0x6f2f203f]
[    0.015910] ACPI: Reserving SSDT table memory at [mem 0x6f7fb000-0x6f7fc599]
[    0.015911] ACPI: Reserving SSDT table memory at [mem 0x6f7fa000-0x6f7fa744]
[    0.015912] ACPI: Reserving MCEJ table memory at [mem 0x6f7f9000-0x6f7f912f]
[    0.015913] ACPI: Reserving BERT table memory at [mem 0x6f7f8000-0x6f7f802f]
[    0.015914] ACPI: Reserving ERST table memory at [mem 0x6f7f7000-0x6f7f722f]
[    0.015915] ACPI: Reserving SSDT table memory at [mem 0x6f431000-0x6f7f624d]
[    0.015916] ACPI: Reserving HMAT table memory at [mem 0x6f42f000-0x6f42f20f]
[    0.015917] ACPI: Reserving HPET table memory at [mem 0x6f42e000-0x6f42e037]
[    0.015917] ACPI: Reserving MCFG table memory at [mem 0x6f42d000-0x6f42d03b]
[    0.015918] ACPI: Reserving MIGT table memory at [mem 0x6f42c000-0x6f42c03f]
[    0.015919] ACPI: Reserving MSCT table memory at [mem 0x6f42b000-0x6f42b08f]
[    0.015920] ACPI: Reserving PMTT table memory at [mem 0x6f429000-0x6f42a1e7]
[    0.015921] ACPI: Reserving WSMT table memory at [mem 0x6f428000-0x6f428027]
[    0.015922] ACPI: Reserving APIC table memory at [mem 0x6f427000-0x6f42775d]
[    0.015923] ACPI: Reserving SLIT table memory at [mem 0x6f426000-0x6f42603b]
[    0.015923] ACPI: Reserving SRAT table memory at [mem 0x6f41f000-0x6f42542f]
[    0.015924] ACPI: Reserving OEM4 table memory at [mem 0x4b346000-0x4b4cda60]
[    0.015925] ACPI: Reserving SSDT table memory at [mem 0x4b2cf000-0x4b3454a4]
[    0.015926] ACPI: Reserving SSDT table memory at [mem 0x6f41e000-0x6f41ea1e]
[    0.015927] ACPI: Reserving HEST table memory at [mem 0x6f41d000-0x6f41d17b]
[    0.015928] ACPI: Reserving PCAT table memory at [mem 0x6f41b000-0x6f41b10b]
[    0.015929] ACPI: Reserving SSDT table memory at [mem 0x6f413000-0x6f41a298]
[    0.015930] ACPI: Reserving SSDT table memory at [mem 0x6f412000-0x6f412425]
[    0.015931] ACPI: Reserving NFIT table memory at [mem 0x6f7fd000-0x6f7fd487]
[    0.015932] ACPI: Reserving DMAR table memory at [mem 0x6f411000-0x6f411157]
[    0.015943] Setting APIC routing to cluster x2apic.
[    0.015994] SRAT: PXM 0 -> APIC 0x0000 -> Node 0
[    0.015996] SRAT: PXM 0 -> APIC 0x0001 -> Node 0
[    0.015996] SRAT: PXM 0 -> APIC 0x0002 -> Node 0
[    0.015997] SRAT: PXM 0 -> APIC 0x0003 -> Node 0
[    0.015998] SRAT: PXM 0 -> APIC 0x0004 -> Node 0
[    0.015998] SRAT: PXM 0 -> APIC 0x0005 -> Node 0
[    0.015999] SRAT: PXM 0 -> APIC 0x0006 -> Node 0
[    0.016000] SRAT: PXM 0 -> APIC 0x0007 -> Node 0
[    0.016000] SRAT: PXM 0 -> APIC 0x0008 -> Node 0
[    0.016001] SRAT: PXM 0 -> APIC 0x0009 -> Node 0
[    0.016002] SRAT: PXM 0 -> APIC 0x000a -> Node 0
[    0.016002] SRAT: PXM 0 -> APIC 0x000b -> Node 0
[    0.016003] SRAT: PXM 0 -> APIC 0x000c -> Node 0
[    0.016004] SRAT: PXM 0 -> APIC 0x000d -> Node 0
[    0.016005] SRAT: PXM 0 -> APIC 0x000e -> Node 0
[    0.016006] SRAT: PXM 0 -> APIC 0x000f -> Node 0
[    0.016006] SRAT: PXM 0 -> APIC 0x0010 -> Node 0
[    0.016007] SRAT: PXM 0 -> APIC 0x0011 -> Node 0
[    0.016008] SRAT: PXM 0 -> APIC 0x0012 -> Node 0
[    0.016009] SRAT: PXM 0 -> APIC 0x0013 -> Node 0
[    0.016009] SRAT: PXM 0 -> APIC 0x0014 -> Node 0
[    0.016010] SRAT: PXM 0 -> APIC 0x0015 -> Node 0
[    0.016010] SRAT: PXM 0 -> APIC 0x0016 -> Node 0
[    0.016011] SRAT: PXM 0 -> APIC 0x0017 -> Node 0
[    0.016012] SRAT: PXM 0 -> APIC 0x0018 -> Node 0
[    0.016012] SRAT: PXM 0 -> APIC 0x0019 -> Node 0
[    0.016013] SRAT: PXM 0 -> APIC 0x001a -> Node 0
[    0.016014] SRAT: PXM 0 -> APIC 0x001b -> Node 0
[    0.016014] SRAT: PXM 0 -> APIC 0x001c -> Node 0
[    0.016015] SRAT: PXM 0 -> APIC 0x001d -> Node 0
[    0.016016] SRAT: PXM 0 -> APIC 0x001e -> Node 0
[    0.016016] SRAT: PXM 0 -> APIC 0x001f -> Node 0
[    0.016017] SRAT: PXM 0 -> APIC 0x0020 -> Node 0
[    0.016017] SRAT: PXM 0 -> APIC 0x0021 -> Node 0
[    0.016018] SRAT: PXM 0 -> APIC 0x0022 -> Node 0
[    0.016019] SRAT: PXM 0 -> APIC 0x0023 -> Node 0
[    0.016019] SRAT: PXM 0 -> APIC 0x0024 -> Node 0
[    0.016020] SRAT: PXM 0 -> APIC 0x0025 -> Node 0
[    0.016021] SRAT: PXM 0 -> APIC 0x0026 -> Node 0
[    0.016021] SRAT: PXM 0 -> APIC 0x0027 -> Node 0
[    0.016022] SRAT: PXM 0 -> APIC 0x0028 -> Node 0
[    0.016023] SRAT: PXM 0 -> APIC 0x0029 -> Node 0
[    0.016023] SRAT: PXM 0 -> APIC 0x002a -> Node 0
[    0.016024] SRAT: PXM 0 -> APIC 0x002b -> Node 0
[    0.016024] SRAT: PXM 0 -> APIC 0x002c -> Node 0
[    0.016025] SRAT: PXM 0 -> APIC 0x002d -> Node 0
[    0.016026] SRAT: PXM 0 -> APIC 0x002e -> Node 0
[    0.016026] SRAT: PXM 0 -> APIC 0x002f -> Node 0
[    0.016027] SRAT: PXM 0 -> APIC 0x0030 -> Node 0
[    0.016028] SRAT: PXM 0 -> APIC 0x0031 -> Node 0
[    0.016028] SRAT: PXM 0 -> APIC 0x0032 -> Node 0
[    0.016029] SRAT: PXM 0 -> APIC 0x0033 -> Node 0
[    0.016030] SRAT: PXM 0 -> APIC 0x0034 -> Node 0
[    0.016030] SRAT: PXM 0 -> APIC 0x0035 -> Node 0
[    0.016031] SRAT: PXM 0 -> APIC 0x0036 -> Node 0
[    0.016031] SRAT: PXM 0 -> APIC 0x0037 -> Node 0
[    0.016032] SRAT: PXM 1 -> APIC 0x0080 -> Node 1
[    0.016033] SRAT: PXM 1 -> APIC 0x0081 -> Node 1
[    0.016034] SRAT: PXM 1 -> APIC 0x0082 -> Node 1
[    0.016035] SRAT: PXM 1 -> APIC 0x0083 -> Node 1
[    0.016035] SRAT: PXM 1 -> APIC 0x0084 -> Node 1
[    0.016036] SRAT: PXM 1 -> APIC 0x0085 -> Node 1
[    0.016037] SRAT: PXM 1 -> APIC 0x0086 -> Node 1
[    0.016038] SRAT: PXM 1 -> APIC 0x0087 -> Node 1
[    0.016038] SRAT: PXM 1 -> APIC 0x0088 -> Node 1
[    0.016039] SRAT: PXM 1 -> APIC 0x0089 -> Node 1
[    0.016039] SRAT: PXM 1 -> APIC 0x008a -> Node 1
[    0.016040] SRAT: PXM 1 -> APIC 0x008b -> Node 1
[    0.016041] SRAT: PXM 1 -> APIC 0x008c -> Node 1
[    0.016041] SRAT: PXM 1 -> APIC 0x008d -> Node 1
[    0.016042] SRAT: PXM 1 -> APIC 0x008e -> Node 1
[    0.016043] SRAT: PXM 1 -> APIC 0x008f -> Node 1
[    0.016043] SRAT: PXM 1 -> APIC 0x0090 -> Node 1
[    0.016044] SRAT: PXM 1 -> APIC 0x0091 -> Node 1
[    0.016045] SRAT: PXM 1 -> APIC 0x0092 -> Node 1
[    0.016045] SRAT: PXM 1 -> APIC 0x0093 -> Node 1
[    0.016046] SRAT: PXM 1 -> APIC 0x0094 -> Node 1
[    0.016046] SRAT: PXM 1 -> APIC 0x0095 -> Node 1
[    0.016047] SRAT: PXM 1 -> APIC 0x0096 -> Node 1
[    0.016048] SRAT: PXM 1 -> APIC 0x0097 -> Node 1
[    0.016048] SRAT: PXM 1 -> APIC 0x0098 -> Node 1
[    0.016049] SRAT: PXM 1 -> APIC 0x0099 -> Node 1
[    0.016050] SRAT: PXM 1 -> APIC 0x009a -> Node 1
[    0.016050] SRAT: PXM 1 -> APIC 0x009b -> Node 1
[    0.016051] SRAT: PXM 1 -> APIC 0x009c -> Node 1
[    0.016051] SRAT: PXM 1 -> APIC 0x009d -> Node 1
[    0.016052] SRAT: PXM 1 -> APIC 0x009e -> Node 1
[    0.016053] SRAT: PXM 1 -> APIC 0x009f -> Node 1
[    0.016053] SRAT: PXM 1 -> APIC 0x00a0 -> Node 1
[    0.016054] SRAT: PXM 1 -> APIC 0x00a1 -> Node 1
[    0.016055] SRAT: PXM 1 -> APIC 0x00a2 -> Node 1
[    0.016055] SRAT: PXM 1 -> APIC 0x00a3 -> Node 1
[    0.016056] SRAT: PXM 1 -> APIC 0x00a4 -> Node 1
[    0.016057] SRAT: PXM 1 -> APIC 0x00a5 -> Node 1
[    0.016057] SRAT: PXM 1 -> APIC 0x00a6 -> Node 1
[    0.016058] SRAT: PXM 1 -> APIC 0x00a7 -> Node 1
[    0.016058] SRAT: PXM 1 -> APIC 0x00a8 -> Node 1
[    0.016059] SRAT: PXM 1 -> APIC 0x00a9 -> Node 1
[    0.016060] SRAT: PXM 1 -> APIC 0x00aa -> Node 1
[    0.016060] SRAT: PXM 1 -> APIC 0x00ab -> Node 1
[    0.016061] SRAT: PXM 1 -> APIC 0x00ac -> Node 1
[    0.016062] SRAT: PXM 1 -> APIC 0x00ad -> Node 1
[    0.016062] SRAT: PXM 1 -> APIC 0x00ae -> Node 1
[    0.016063] SRAT: PXM 1 -> APIC 0x00af -> Node 1
[    0.016064] SRAT: PXM 1 -> APIC 0x00b0 -> Node 1
[    0.016065] SRAT: PXM 1 -> APIC 0x00b1 -> Node 1
[    0.016065] SRAT: PXM 1 -> APIC 0x00b2 -> Node 1
[    0.016066] SRAT: PXM 1 -> APIC 0x00b3 -> Node 1
[    0.016067] SRAT: PXM 1 -> APIC 0x00b4 -> Node 1
[    0.016068] SRAT: PXM 1 -> APIC 0x00b5 -> Node 1
[    0.016068] SRAT: PXM 1 -> APIC 0x00b6 -> Node 1
[    0.016069] SRAT: PXM 1 -> APIC 0x00b7 -> Node 1
[    0.016082] ACPI: SRAT: Node 0 PXM 0 [mem 0x00000000-0x7fffffff]
[    0.016084] ACPI: SRAT: Node 0 PXM 0 [mem 0x100000000-0x107fffffff]
[    0.016085] ACPI: SRAT: Node 2 PXM 2 [mem 0x2080000000-0x9e7fffffff] non-volatile
[    0.016086] ACPI: SRAT: Node 1 PXM 1 [mem 0x1080000000-0x207fffffff]
[    0.016087] ACPI: SRAT: Node 3 PXM 3 [mem 0x9e80000000-0x11c7fffffff] non-volatile
[    0.016097] NUMA: Initialized distance table, cnt=4
[    0.016099] NUMA: Node 0 [mem 0x00000000-0x7fffffff] + [mem 0x100000000-0x107fffffff] -> [mem 0x00000000-0x107fffffff]
[    0.016108] NODE_DATA(0) allocated [mem 0xffffd5000-0xfffffffff]
[    0.016126] NODE_DATA(1) allocated [mem 0x205cb4d000-0x205cb77fff]
[    0.016335] Zone ranges:
[    0.016336]   DMA      [mem 0x0000000000001000-0x0000000000ffffff]
[    0.016338]   DMA32    [mem 0x0000000001000000-0x00000000ffffffff]
[    0.016339]   Normal   [mem 0x0000000100000000-0x000000207fffffff]
[    0.016341]   Device   empty
[    0.016342] Movable zone start for each node
[    0.016345] Early memory node ranges
[    0.016346]   node   0: [mem 0x0000000000001000-0x000000000008efff]
[    0.016347]   node   0: [mem 0x0000000000090000-0x000000000009ffff]
[    0.016348]   node   0: [mem 0x0000000000100000-0x0000000049e76fff]
[    0.016349]   node   0: [mem 0x000000004ae77000-0x000000004b2cefff]
[    0.016350]   node   0: [mem 0x000000004b54e000-0x000000004bd93fff]
[    0.016351]   node   0: [mem 0x000000004be9a000-0x000000004cdfffff]
[    0.016352]   node   0: [mem 0x000000004d000000-0x000000005eefdfff]
[    0.016352]   node   0: [mem 0x000000006f7ff000-0x000000006f7fffff]
[    0.016353]   node   0: [mem 0x0000000792d00000-0x0000000fffffffff]
[    0.016356]   node   1: [mem 0x0000001ec0000000-0x000000207fffffff]
[    0.016358] Initmem setup node 0 [mem 0x0000000000001000-0x0000000fffffffff]
[    0.016360] Initmem setup node 1 [mem 0x0000001ec0000000-0x000000207fffffff]
[    0.016363] On node 0, zone DMA: 1 pages in unavailable ranges
[    0.016364] On node 0, zone DMA: 1 pages in unavailable ranges
[    0.016388] On node 0, zone DMA: 96 pages in unavailable ranges
[    0.018172] On node 0, zone DMA32: 4096 pages in unavailable ranges
[    0.018191] On node 0, zone DMA32: 639 pages in unavailable ranges
[    0.018219] On node 0, zone DMA32: 262 pages in unavailable ranges
[    0.018680] On node 0, zone DMA32: 512 pages in unavailable ranges
[    0.018947] On node 0, zone DMA32: 35073 pages in unavailable ranges
[    0.082050] On node 0, zone Normal: 13568 pages in unavailable ranges
[    0.096345] ACPI: PM-Timer IO Port: 0x508
[    0.096367] ACPI: X2APIC_NMI (uid[0xffffffff] high edge lint[0x1])
[    0.096370] ACPI: LAPIC_NMI (acpi_id[0xff] high edge lint[0x1])
[    0.096390] IOAPIC[0]: apic_id 8, version 32, address 0xfec00000, GSI 0-119
[    0.096394] ACPI: INT_SRC_OVR (bus 0 bus_irq 0 global_irq 2 dfl dfl)
[    0.096396] ACPI: INT_SRC_OVR (bus 0 bus_irq 9 global_irq 9 high level)
[    0.096400] ACPI: Using ACPI (MADT) for SMP configuration information
[    0.096402] ACPI: HPET id: 0x8086a701 base: 0xfed00000
[    0.096408] TSC deadline timer available
[    0.096410] smpboot: Allowing 112 CPUs, 0 hotplug CPUs
[    0.096440] PM: hibernation: Registered nosave memory: [mem 0x00000000-0x00000fff]
[    0.096443] PM: hibernation: Registered nosave memory: [mem 0x0008f000-0x0008ffff]
[    0.096445] PM: hibernation: Registered nosave memory: [mem 0x000a0000-0x000fffff]
[    0.096446] PM: hibernation: Registered nosave memory: [mem 0x46cc5000-0x46cc5fff]
[    0.096448] PM: hibernation: Registered nosave memory: [mem 0x46cf6000-0x46cf6fff]
[    0.096449] PM: hibernation: Registered nosave memory: [mem 0x46cf7000-0x46cf7fff]
[    0.096451] PM: hibernation: Registered nosave memory: [mem 0x46d29000-0x46d29fff]
[    0.096452] PM: hibernation: Registered nosave memory: [mem 0x46d2a000-0x46d2afff]
[    0.096454] PM: hibernation: Registered nosave memory: [mem 0x46d5c000-0x46d5cfff]
[    0.096454] PM: hibernation: Registered nosave memory: [mem 0x46d5d000-0x46d5dfff]
[    0.096456] PM: hibernation: Registered nosave memory: [mem 0x46d65000-0x46d65fff]
[    0.096458] PM: hibernation: Registered nosave memory: [mem 0x49e77000-0x4ae76fff]
[    0.096460] PM: hibernation: Registered nosave memory: [mem 0x4b2cf000-0x4b54dfff]
[    0.096461] PM: hibernation: Registered nosave memory: [mem 0x4bd94000-0x4be99fff]
[    0.096463] PM: hibernation: Registered nosave memory: [mem 0x4ce00000-0x4cffffff]
[    0.096465] PM: hibernation: Registered nosave memory: [mem 0x5eefe000-0x6e3fefff]
[    0.096466] PM: hibernation: Registered nosave memory: [mem 0x6e3ff000-0x6f3fefff]
[    0.096467] PM: hibernation: Registered nosave memory: [mem 0x6f3ff000-0x6f7fefff]
[    0.096468] PM: hibernation: Registered nosave memory: [mem 0x6f800000-0x8fffffff]
[    0.096469] PM: hibernation: Registered nosave memory: [mem 0x90000000-0xfdffffff]
[    0.096470] PM: hibernation: Registered nosave memory: [mem 0xfe000000-0xfe010fff]
[    0.096471] PM: hibernation: Registered nosave memory: [mem 0xfe011000-0xffffffff]
[    0.096471] PM: hibernation: Registered nosave memory: [mem 0x100000000-0x792cfffff]
[    0.096473] PM: hibernation: Registered nosave memory: [mem 0x1000000000-0x1ebfffffff]
[    0.096475] [mem 0x90000000-0xfdffffff] available for PCI devices
[    0.096477] Booting paravirtualized kernel on bare hardware
[    0.096480] clocksource: refined-jiffies: mask: 0xffffffff max_cycles: 0xffffffff, max_idle_ns: 7645519600211568 ns
[    0.096487] setup_percpu: NR_CPUS:8192 nr_cpumask_bits:112 nr_cpu_ids:112 nr_node_ids:4
[    0.101039] percpu: Embedded 53 pages/cpu s180224 r8192 d28672 u262144
[    0.101052] pcpu-alloc: s180224 r8192 d28672 u262144 alloc=1*2097152
[    0.101056] pcpu-alloc: [0] 000 002 004 006 008 010 012 014 
[    0.101062] pcpu-alloc: [0] 016 018 020 022 024 026 028 030 
[    0.101066] pcpu-alloc: [0] 032 034 036 038 040 042 044 046 
[    0.101070] pcpu-alloc: [0] 048 050 052 054 056 058 060 062 
[    0.101074] pcpu-alloc: [0] 064 066 068 070 072 074 076 078 
[    0.101078] pcpu-alloc: [0] 080 082 084 086 088 090 092 094 
[    0.101083] pcpu-alloc: [0] 096 098 100 102 104 106 108 110 
[    0.101087] pcpu-alloc: [1] 001 003 005 007 009 011 013 015 
[    0.101091] pcpu-alloc: [1] 017 019 021 023 025 027 029 031 
[    0.101095] pcpu-alloc: [1] 033 035 037 039 041 043 045 047 
[    0.101099] pcpu-alloc: [1] 049 051 053 055 057 059 061 063 
[    0.101103] pcpu-alloc: [1] 065 067 069 071 073 075 077 079 
[    0.101107] pcpu-alloc: [1] 081 083 085 087 089 091 093 095 
[    0.101112] pcpu-alloc: [1] 097 099 101 103 105 107 109 111 
[    0.101165] Built 2 zonelists, mobility grouping on.  Total pages: 10880200
[    0.101167] Policy zone: Normal
[    0.101169] Kernel command line: BOOT_IMAGE=/boot/vmlinuz-5.15.0-tiering-0.8 root=UUID=ce0c24b8-724b-4f33-9b2c-618433560aef ro memmap=26925M!4096M memmap=59G!64G quiet splash nomodeset vt.handoff=1
[    0.101294] You have booted with nomodeset. This means your GPU drivers are DISABLED
[    0.101295] Any video related functionality will be severely degraded, and you may not even be able to suspend the system properly
[    0.101296] Unless you actually understand what nomodeset does, you should reboot without enabling it
[    0.101317] Unknown command line parameters: splash BOOT_IMAGE=/boot/vmlinuz-5.15.0-tiering-0.8
[    0.101319] printk: log_buf_len individual max cpu contribution: 4096 bytes
[    0.101320] printk: log_buf_len total cpu_extra contributions: 454656 bytes
[    0.101321] printk: log_buf_len min size: 262144 bytes
[    0.102299] printk: log_buf_len: 1048576 bytes
[    0.102301] printk: early log buf free: 223784(85%)
[    0.103878] mem auto-init: stack:off, heap alloc:on, heap free:off
[    0.208062] Memory: 42680168K/44216416K available (14345K kernel code, 3484K rwdata, 10288K rodata, 2824K init, 5836K bss, 1535988K reserved, 0K cma-reserved)
[    0.208071] random: get_random_u64 called from __kmem_cache_create+0x2d/0x460 with crng_init=1
[    0.209027] SLUB: HWalign=64, Order=0-3, MinObjects=0, CPUs=112, Nodes=4
[    0.209061] ftrace: allocating 48223 entries in 189 pages
[    0.225348] ftrace: allocated 189 pages with 6 groups
[    0.226032] rcu: Hierarchical RCU implementation.
[    0.226034] rcu: 	RCU restricting CPUs from NR_CPUS=8192 to nr_cpu_ids=112.
[    0.226036] 	Rude variant of Tasks RCU enabled.
[    0.226036] 	Tracing variant of Tasks RCU enabled.
[    0.226037] rcu: RCU calculated value of scheduler-enlistment delay is 25 jiffies.
[    0.226038] rcu: Adjusting geometry for rcu_fanout_leaf=16, nr_cpu_ids=112
[    0.229970] NR_IRQS: 524544, nr_irqs: 2952, preallocated irqs: 16
[    0.230329] random: crng done (trusting CPU's manufacturer)
[    0.230465] Console: colour dummy device 80x25
[    0.230500] printk: console [tty0] enabled
[    0.230674] mempolicy: Enabling automatic NUMA balancing. Configure with numa_balancing= or the kernel.numa_balancing sysctl
[    0.230679] ACPI: Core revision 20210730
[    0.234080] clocksource: hpet: mask: 0xffffffff max_cycles: 0xffffffff, max_idle_ns: 79635855245 ns
[    0.234126] APIC: Switch to symmetric I/O mode setup
[    0.234129] DMAR: Host address width 46
[    0.234130] DMAR: DRHD base: 0x000000d0ffc000 flags: 0x0
[    0.234135] DMAR: dmar0: reg_base_addr d0ffc000 ver 4:0 cap 8ed008c40780466 ecap 60000f050df
[    0.234138] DMAR: DRHD base: 0x000000dbbfc000 flags: 0x0
[    0.234140] DMAR: dmar1: reg_base_addr dbbfc000 ver 4:0 cap 8ed008c40780466 ecap 60000f050df
[    0.234142] DMAR: DRHD base: 0x000000e67fc000 flags: 0x0
[    0.234146] DMAR: dmar2: reg_base_addr e67fc000 ver 4:0 cap 8ed008c40780466 ecap 60000f050df
[    0.234148] DMAR: DRHD base: 0x000000f13fc000 flags: 0x0
[    0.234150] DMAR: dmar3: reg_base_addr f13fc000 ver 4:0 cap 8ed008c40780466 ecap 60000f050df
[    0.234152] DMAR: DRHD base: 0x000000fb7fc000 flags: 0x0
[    0.234154] DMAR: dmar4: reg_base_addr fb7fc000 ver 4:0 cap 8ed008c40780466 ecap 60000f050df
[    0.234157] DMAR: DRHD base: 0x000000a63fc000 flags: 0x0
[    0.234159] DMAR: dmar5: reg_base_addr a63fc000 ver 4:0 cap 8ed008c40780466 ecap 60000f050df
[    0.234161] DMAR: DRHD base: 0x000000b0ffc000 flags: 0x0
[    0.234163] DMAR: dmar6: reg_base_addr b0ffc000 ver 4:0 cap 8ed008c40780466 ecap 60000f050df
[    0.234165] DMAR: DRHD base: 0x000000bbbfc000 flags: 0x0
[    0.234169] DMAR: dmar7: reg_base_addr bbbfc000 ver 4:0 cap 8ed008c40780466 ecap 60000f050df
[    0.234171] DMAR: DRHD base: 0x000000c5ffc000 flags: 0x0
[    0.234173] DMAR: dmar8: reg_base_addr c5ffc000 ver 4:0 cap 8ed008c40780466 ecap 60000f050df
[    0.234175] DMAR: DRHD base: 0x0000009b7fc000 flags: 0x1
[    0.234177] DMAR: dmar9: reg_base_addr 9b7fc000 ver 4:0 cap 8ed008c40780466 ecap 60000f050df
[    0.234179] DMAR: RMRR base: 0x00000069427000 end: 0x00000069429fff
[    0.234181] DMAR: ATSR flags: 0x0
[    0.234184] DMAR-IR: IOAPIC id 8 under DRHD base  0x9b7fc000 IOMMU 9
[    0.234185] DMAR-IR: HPET id 0 under DRHD base 0x9b7fc000
[    0.234186] DMAR-IR: Queued invalidation will be enabled to support x2apic and Intr-remapping.
[    0.237135] DMAR-IR: Enabled IRQ remapping in x2apic mode
[    0.239733] ..TIMER: vector=0x30 apic1=0 pin1=2 apic2=-1 pin2=-1
[    0.258054] clocksource: tsc-early: mask: 0xffffffffffffffff max_cycles: 0x39a85c9bff6, max_idle_ns: 881590591483 ns
[    0.258062] Calibrating delay loop (skipped), value calculated using timer frequency.. 4000.00 BogoMIPS (lpj=8000000)
[    0.258065] pid_max: default: 114688 minimum: 896
[    0.261499] LSM: Security Framework initializing
[    0.261519] Yama: becoming mindful.
[    0.261563] AppArmor: AppArmor initialized
[    0.270731] Dentry cache hash table entries: 8388608 (order: 14, 67108864 bytes, vmalloc)
[    0.275334] Inode-cache hash table entries: 4194304 (order: 13, 33554432 bytes, vmalloc)
[    0.275524] Mount-cache hash table entries: 131072 (order: 8, 1048576 bytes, vmalloc)
[    0.275672] Mountpoint-cache hash table entries: 131072 (order: 8, 1048576 bytes, vmalloc)
[    0.276286] x86/tme: not enabled by BIOS
[    0.276297] CPU0: Thermal monitoring enabled (TM1)
[    0.276299] x86/cpu: User Mode Instruction Prevention (UMIP) activated
[    0.276533] process: using mwait in idle threads
[    0.276535] Last level iTLB entries: 4KB 0, 2MB 0, 4MB 0
[    0.276536] Last level dTLB entries: 4KB 0, 2MB 0, 4MB 0, 1GB 0
[    0.276543] Spectre V1 : Mitigation: usercopy/swapgs barriers and __user pointer sanitization
[    0.276545] Spectre V2 : Mitigation: Enhanced IBRS
[    0.276546] Spectre V2 : Spectre v2 / SpectreRSB mitigation: Filling RSB on context switch
[    0.276548] Spectre V2 : mitigation: Enabling conditional Indirect Branch Prediction Barrier
[    0.276549] Speculative Store Bypass: Mitigation: Speculative Store Bypass disabled via prctl and seccomp
[    0.283584] Freeing SMP alternatives memory: 40K
[    0.286208] smpboot: Estimated ratio of average max frequency by base frequency (times 1024): 1433
[    0.286224] smpboot: CPU0: Intel(R) Xeon(R) Gold 6330 CPU @ 2.00GHz (family: 0x6, model: 0x6a, stepping: 0x6)
[    0.286437] Performance Events: PEBS fmt4+-baseline,  AnyThread deprecated, Icelake events, 32-deep LBR, full-width counters, Intel PMU driver.
[    0.286458] ... version:                5
[    0.286459] ... bit width:              48
[    0.286459] ... generic registers:      8
[    0.286460] ... value mask:             0000ffffffffffff
[    0.286461] ... max period:             00007fffffffffff
[    0.286462] ... fixed-purpose events:   4
[    0.286462] ... event mask:             0001000f000000ff
[    0.286590] rcu: Hierarchical SRCU implementation.
[    0.293690] NMI watchdog: Enabled. Permanently consumes one hw-PMU counter.
[    0.294727] smp: Bringing up secondary CPUs ...
[    0.294833] x86: Booting SMP configuration:
[    0.294834] .... node  #1, CPUs:          #1
[    0.007781] smpboot: CPU 1 Converting physical 0 to logical die 1

[    0.382178] .... node  #0, CPUs:     #2
[    0.387561] .... node  #1, CPUs:     #3
[    0.393016] .... node  #0, CPUs:     #4
[    0.398390] .... node  #1, CPUs:     #5
[    0.403810] .... node  #0, CPUs:     #6
[    0.409386] .... node  #1, CPUs:     #7
[    0.415005] .... node  #0, CPUs:     #8
[    0.420295] .... node  #1, CPUs:     #9
[    0.426164] .... node  #0, CPUs:    #10
[    0.431785] .... node  #1, CPUs:    #11
[    0.437551] .... node  #0, CPUs:    #12
[    0.443070] .... node  #1, CPUs:    #13
[    0.448454] .... node  #0, CPUs:    #14
[    0.453684] .... node  #1, CPUs:    #15
[    0.459037] .... node  #0, CPUs:    #16
[    0.464301] .... node  #1, CPUs:    #17
[    0.469631] .... node  #0, CPUs:    #18
[    0.474880] .... node  #1, CPUs:    #19
[    0.480563] .... node  #0, CPUs:    #20
[    0.485792] .... node  #1, CPUs:    #21
[    0.491435] .... node  #0, CPUs:    #22
[    0.496867] .... node  #1, CPUs:    #23
[    0.502172] .... node  #0, CPUs:    #24
[    0.507809] .... node  #1, CPUs:    #25
[    0.513171] .... node  #0, CPUs:    #26
[    0.518391] .... node  #1, CPUs:    #27
[    0.523730] .... node  #0, CPUs:    #28
[    0.529238] .... node  #1, CPUs:    #29
[    0.534568] .... node  #0, CPUs:    #30
[    0.539799] .... node  #1, CPUs:    #31
[    0.545315] .... node  #0, CPUs:    #32
[    0.550601] .... node  #1, CPUs:    #33
[    0.555991] .... node  #0, CPUs:    #34
[    0.561430] .... node  #1, CPUs:    #35
[    0.566772] .... node  #0, CPUs:    #36
[    0.571983] .... node  #1, CPUs:    #37
[    0.577328] .... node  #0, CPUs:    #38
[    0.582887] .... node  #1, CPUs:    #39
[    0.588451] .... node  #0, CPUs:    #40
[    0.594220] .... node  #1, CPUs:    #41
[    0.599847] .... node  #0, CPUs:    #42
[    0.605159] .... node  #1, CPUs:    #43
[    0.610833] .... node  #0, CPUs:    #44
[    0.616194] .... node  #1, CPUs:    #45
[    0.621693] .... node  #0, CPUs:    #46
[    0.627230] .... node  #1, CPUs:    #47
[    0.632709] .... node  #0, CPUs:    #48
[    0.638220] .... node  #1, CPUs:    #49
[    0.643512] .... node  #0, CPUs:    #50
[    0.649011] .... node  #1, CPUs:    #51
[    0.654680] .... node  #0, CPUs:    #52
[    0.660147] .... node  #1, CPUs:    #53
[    0.665772] .... node  #0, CPUs:    #54
[    0.671474] .... node  #1, CPUs:    #55
[    0.677319] .... node  #0, CPUs:    #56
[    0.683450] .... node  #1, CPUs:    #57
[    0.689391] .... node  #0, CPUs:    #58
[    0.694809] .... node  #1, CPUs:    #59
[    0.700293] .... node  #0, CPUs:    #60
[    0.705681] .... node  #1, CPUs:    #61
[    0.711120] .... node  #0, CPUs:    #62
[    0.716723] .... node  #1, CPUs:    #63
[    0.722364] .... node  #0, CPUs:    #64
[    0.727673] .... node  #1, CPUs:    #65
[    0.733447] .... node  #0, CPUs:    #66
[    0.739196] .... node  #1, CPUs:    #67
[    0.744989] .... node  #0, CPUs:    #68
[    0.750531] .... node  #1, CPUs:    #69
[    0.755926] .... node  #0, CPUs:    #70
[    0.761180] .... node  #1, CPUs:    #71
[    0.766547] .... node  #0, CPUs:    #72
[    0.771851] .... node  #1, CPUs:    #73
[    0.777210] .... node  #0, CPUs:    #74
[    0.782479] .... node  #1, CPUs:    #75
[    0.788177] .... node  #0, CPUs:    #76
[    0.793432] .... node  #1, CPUs:    #77
[    0.799102] .... node  #0, CPUs:    #78
[    0.804556] .... node  #1, CPUs:    #79
[    0.810092] .... node  #0, CPUs:    #80
[    0.815531] .... node  #1, CPUs:    #81
[    0.820909] .... node  #0, CPUs:    #82
[    0.826233] .... node  #1, CPUs:    #83
[    0.831530] .... node  #0, CPUs:    #84
[    0.837056] .... node  #1, CPUs:    #85
[    0.842409] .... node  #0, CPUs:    #86
[    0.847657] .... node  #1, CPUs:    #87
[    0.853190] .... node  #0, CPUs:    #88
[    0.858497] .... node  #1, CPUs:    #89
[    0.863922] .... node  #0, CPUs:    #90
[    0.869382] .... node  #1, CPUs:    #91
[    0.874753] .... node  #0, CPUs:    #92
[    0.879990] .... node  #1, CPUs:    #93
[    0.885360] .... node  #0, CPUs:    #94
[    0.890946] .... node  #1, CPUs:    #95
[    0.896521] .... node  #0, CPUs:    #96
[    0.902226] .... node  #1, CPUs:    #97
[    0.907943] .... node  #0, CPUs:    #98
[    0.913275] .... node  #1, CPUs:    #99
[    0.918998] .... node  #0, CPUs:   #100
[    0.924374] .... node  #1, CPUs:   #101
[    0.930123] .... node  #0, CPUs:   #102
[    0.935467] .... node  #1, CPUs:   #103
[    0.940980] .... node  #0, CPUs:   #104
[    0.946337] .... node  #1, CPUs:   #105
[    0.951832] .... node  #0, CPUs:   #106
[    0.957336] .... node  #1, CPUs:   #107
[    0.963037] .... node  #0, CPUs:   #108
[    0.968522] .... node  #1, CPUs:   #109
[    0.974171] .... node  #0, CPUs:   #110
[    0.979888] .... node  #1, CPUs:   #111
[    0.985742] smp: Brought up 2 nodes, 112 CPUs
[    0.985742] smpboot: Max logical packages: 2
[    0.985742] smpboot: Total of 112 processors activated (448082.40 BogoMIPS)
[    0.993474] devtmpfs: initialized
[    0.993474] x86/mm: Memory block size: 2048MB
[    0.993474] ACPI: PM: Registering ACPI NVS region [mem 0x49e77000-0x4ae76fff] (16777216 bytes)
[    0.994224] ACPI: PM: Registering ACPI NVS region [mem 0x6e3ff000-0x6f3fefff] (16777216 bytes)
[    0.994492] clocksource: jiffies: mask: 0xffffffff max_cycles: 0xffffffff, max_idle_ns: 7645041785100000 ns
[    0.994816] futex hash table entries: 32768 (order: 9, 2097152 bytes, vmalloc)
[    0.995080] pinctrl core: initialized pinctrl subsystem
[    0.995250] PM: RTC time: 01:44:49, date: 2024-06-20
[    0.995466] NET: Registered PF_NETLINK/PF_ROUTE protocol family
[    0.996095] DMA: preallocated 4096 KiB GFP_KERNEL pool for atomic allocations
[    0.996608] DMA: preallocated 4096 KiB GFP_KERNEL|GFP_DMA pool for atomic allocations
[    0.997116] DMA: preallocated 4096 KiB GFP_KERNEL|GFP_DMA32 pool for atomic allocations
[    0.997125] audit: initializing netlink subsys (disabled)
[    0.997133] audit: type=2000 audit(1718847887.760:1): state=initialized audit_enabled=0 res=1
[    0.997133] thermal_sys: Registered thermal governor 'fair_share'
[    0.997133] thermal_sys: Registered thermal governor 'bang_bang'
[    0.997133] thermal_sys: Registered thermal governor 'step_wise'
[    0.997133] thermal_sys: Registered thermal governor 'user_space'
[    0.997133] EISA bus registered
[    0.997133] cpuidle: using governor ladder
[    0.997133] cpuidle: using governor menu
[    0.998099] ACPI FADT declares the system doesn't support PCIe ASPM, so disable it
[    0.998100] ACPI: bus type PCI registered
[    0.998102] acpiphp: ACPI Hot Plug PCI Controller Driver version: 0.5
[    0.998218] PCI: MMCONFIG for domain 0000 [bus 00-ff] at [mem 0x80000000-0x8fffffff] (base 0x80000000)
[    0.998224] PCI: MMCONFIG at [mem 0x80000000-0x8fffffff] reserved in E820
[    0.998232] pmd_set_huge: Cannot satisfy [mem 0x80000000-0x80200000] with a huge-page mapping due to MTRR override.
[    0.998441] PCI: Using configuration type 1 for base access
[    0.998450] PCI: Dell System detected, enabling pci=bfsort.
[    1.000593] ENERGY_PERF_BIAS: Set to 'normal', was 'performance'
[    1.003183] Kprobes globally optimized
[    1.003187] HugeTLB registered 1.00 GiB page size, pre-allocated 0 pages
[    1.003187] HugeTLB registered 2.00 MiB page size, pre-allocated 0 pages
[    1.006186] ACPI: Added _OSI(Module Device)
[    1.006187] ACPI: Added _OSI(Processor Device)
[    1.006188] ACPI: Added _OSI(3.0 _SCP Extensions)
[    1.006189] ACPI: Added _OSI(Processor Aggregator Device)
[    1.006191] ACPI: Added _OSI(Linux-Dell-Video)
[    1.006192] ACPI: Added _OSI(Linux-Lenovo-NV-HDMI-Audio)
[    1.006193] ACPI: Added _OSI(Linux-HPI-Hybrid-Graphics)
[    1.173770] ACPI: 8 ACPI AML tables successfully acquired and loaded
[    1.179340] ACPI: [Firmware Bug]: BIOS _OSI(Linux) query ignored
[    1.186064] ACPI: Dynamic OEM Table Load:
[    1.587015] ACPI: Interpreter enabled
[    1.587039] ACPI: PM: (supports S0 S5)
[    1.587040] ACPI: Using IOAPIC for interrupt routing
[    1.587124] HEST: Table parsing has been initialized.
[    1.587127] PCI: Using host bridge windows from ACPI; if necessary, use "pci=nocrs" and report a bug
[    1.615590] ACPI: Enabled 4 GPEs in block 00 to 7F
[    1.733325] ACPI: PCI Root Bridge [PC00] (domain 0000 [bus 00-15])
[    1.733332] acpi PNP0A08:00: _OSC: OS supports [ExtendedConfig ASPM ClockPM Segments MSI HPX-Type3]
[    1.799557] acpi PNP0A08:00: _OSC: platform does not support [SHPCHotplug AER LTR]
[    1.799779] acpi PNP0A08:00: _OSC: OS now controls [PCIeHotplug PME PCIeCapability]
[    1.799780] acpi PNP0A08:00: FADT indicates ASPM is unsupported, using BIOS configuration
[    1.801593] PCI host bridge to bus 0000:00
[    1.801594] pci_bus 0000:00: root bus resource [io  0x0000-0x0cf7 window]
[    1.801597] pci_bus 0000:00: root bus resource [io  0x1000-0x4fff window]
[    1.801598] pci_bus 0000:00: root bus resource [mem 0x000a0000-0x000bffff window]
[    1.801599] pci_bus 0000:00: root bus resource [mem 0x000c8000-0x000cffff window]
[    1.801600] pci_bus 0000:00: root bus resource [mem 0xfe010000-0xfe010fff window]
[    1.801602] pci_bus 0000:00: root bus resource [mem 0x90000000-0x9b7fffff window]
[    1.801603] pci_bus 0000:00: root bus resource [mem 0x200000000000-0x20ffffffffff window]
[    1.801604] pci_bus 0000:00: root bus resource [bus 00-15]
[    1.802952] pci 0000:00:00.0: [8086:09a2] type 00 class 0x088000
[    1.803724] pci 0000:00:00.1: [8086:09a4] type 00 class 0x088000
[    1.805125] pci 0000:00:00.2: [8086:09a3] type 00 class 0x088000
[    1.806527] pci 0000:00:00.4: [8086:0998] type 00 class 0x060000
[    1.808598] pci 0000:00:02.0: [8086:09a6] type 00 class 0x088000
[    1.808606] pci 0000:00:02.0: reg 0x10: [mem 0x92dfc000-0x92dfdfff]
[    1.810014] pci 0000:00:02.1: [8086:09a7] type 00 class 0x088000
[    1.810022] pci 0000:00:02.1: reg 0x10: [mem 0x92d00000-0x92d7ffff]
[    1.810028] pci 0000:00:02.1: reg 0x14: [mem 0x92c80000-0x92cfffff]
[    1.811432] pci 0000:00:02.4: [8086:3456] type 00 class 0x130000
[    1.811442] pci 0000:00:02.4: reg 0x10: [mem 0x92a00000-0x92afffff 64bit]
[    1.811449] pci 0000:00:02.4: reg 0x18: [mem 0x92df0000-0x92df3fff 64bit]
[    1.811455] pci 0000:00:02.4: reg 0x20: [mem 0x92dc0000-0x92ddffff 64bit]
[    1.812872] pci 0000:00:11.0: [8086:a1ec] type 00 class 0xff0000
[    1.812874] pci 0000:00:11.0: device has non-compliant BARs; disabling IO/MEM decoding
[    1.814298] pci 0000:00:11.5: [8086:a1d2] type 00 class 0x010601
[    1.814311] pci 0000:00:11.5: reg 0x10: [mem 0x92dfa000-0x92dfbfff]
[    1.814319] pci 0000:00:11.5: reg 0x14: [mem 0x92e05000-0x92e050ff]
[    1.814326] pci 0000:00:11.5: reg 0x18: [io  0x2068-0x206f]
[    1.814333] pci 0000:00:11.5: reg 0x1c: [io  0x2074-0x2077]
[    1.814341] pci 0000:00:11.5: reg 0x20: [io  0x2040-0x205f]
[    1.814348] pci 0000:00:11.5: reg 0x24: [mem 0x92b80000-0x92bfffff]
[    1.814385] pci 0000:00:11.5: PME# supported from D3hot
[    1.815929] pci 0000:00:14.0: [8086:a1af] type 00 class 0x0c0330
[    1.815947] pci 0000:00:14.0: reg 0x10: [mem 0x92de0000-0x92deffff 64bit]
[    1.816009] pci 0000:00:14.0: PME# supported from D3hot D3cold
[    1.817568] pci 0000:00:14.2: [8086:a1b1] type 00 class 0x118000
[    1.817585] pci 0000:00:14.2: reg 0x10: [mem 0x92e02000-0x92e02fff 64bit]
[    1.819044] pci 0000:00:16.0: [8086:a1ba] type 00 class 0x078000
[    1.819067] pci 0000:00:16.0: reg 0x10: [mem 0x92e01000-0x92e01fff 64bit]
[    1.819149] pci 0000:00:16.0: PME# supported from D3hot
[    1.820549] pci 0000:00:16.1: [8086:a1bb] type 00 class 0x078000
[    1.820572] pci 0000:00:16.1: reg 0x10: [mem 0x92e00000-0x92e00fff 64bit]
[    1.820653] pci 0000:00:16.1: PME# supported from D3hot
[    1.822050] pci 0000:00:16.4: [8086:a1be] type 00 class 0x078000
[    1.822073] pci 0000:00:16.4: reg 0x10: [mem 0x92dff000-0x92dfffff 64bit]
[    1.822156] pci 0000:00:16.4: PME# supported from D3hot
[    1.823557] pci 0000:00:17.0: [8086:a182] type 00 class 0x010601
[    1.823570] pci 0000:00:17.0: reg 0x10: [mem 0x92df8000-0x92df9fff]
[    1.823577] pci 0000:00:17.0: reg 0x14: [mem 0x92e04000-0x92e040ff]
[    1.823584] pci 0000:00:17.0: reg 0x18: [io  0x2060-0x2067]
[    1.823591] pci 0000:00:17.0: reg 0x1c: [io  0x2070-0x2073]
[    1.823598] pci 0000:00:17.0: reg 0x20: [io  0x2020-0x203f]
[    1.823605] pci 0000:00:17.0: reg 0x24: [mem 0x92b00000-0x92b7ffff]
[    1.823642] pci 0000:00:17.0: PME# supported from D3hot
[    1.825177] pci 0000:00:1c.0: [8086:a190] type 01 class 0x060400
[    1.825252] pci 0000:00:1c.0: PME# supported from D0 D3hot D3cold
[    1.827225] pci 0000:00:1c.4: [8086:a194] type 01 class 0x060400
[    1.827294] pci 0000:00:1c.4: PME# supported from D0 D3hot D3cold
[    1.829239] pci 0000:00:1c.5: [8086:a195] type 01 class 0x060400
[    1.829310] pci 0000:00:1c.5: PME# supported from D0 D3hot D3cold
[    1.831263] pci 0000:00:1f.0: [8086:a1cb] type 00 class 0x060100
[    1.832890] pci 0000:00:1f.2: [8086:a1a1] type 00 class 0x058000
[    1.832905] pci 0000:00:1f.2: reg 0x10: [mem 0x92df4000-0x92df7fff]
[    1.834480] pci 0000:00:1f.4: [8086:a1a3] type 00 class 0x0c0500
[    1.834499] pci 0000:00:1f.4: reg 0x10: [mem 0x92dfe000-0x92dfe0ff 64bit]
[    1.834522] pci 0000:00:1f.4: reg 0x20: [io  0x2000-0x201f]
[    1.835920] pci 0000:00:1f.5: [8086:a1a4] type 00 class 0x0c8000
[    1.835936] pci 0000:00:1f.5: reg 0x10: [mem 0xfe010000-0xfe010fff]
[    1.836058] pci 0000:00:1c.0: PCI bridge to [bus 01]
[    1.836111] pci 0000:02:00.0: [1556:be00] type 01 class 0x060400
[    1.836286] pci 0000:00:1c.4: PCI bridge to [bus 02-03]
[    1.836290] pci 0000:00:1c.4:   bridge window [mem 0x92000000-0x928fffff]
[    1.836294] pci 0000:00:1c.4:   bridge window [mem 0x91000000-0x91ffffff 64bit pref]
[    1.836326] pci_bus 0000:03: extended config space not accessible
[    1.836342] pci 0000:03:00.0: [102b:0536] type 00 class 0x030000
[    1.836361] pci 0000:03:00.0: reg 0x10: [mem 0x91000000-0x91ffffff pref]
[    1.836372] pci 0000:03:00.0: reg 0x14: [mem 0x92808000-0x9280bfff]
[    1.836383] pci 0000:03:00.0: reg 0x18: [mem 0x92000000-0x927fffff]
[    1.836431] pci 0000:03:00.0: BAR 0: assigned to efifb
[    1.836530] pci 0000:02:00.0: PCI bridge to [bus 03]
[    1.836538] pci 0000:02:00.0:   bridge window [mem 0x92000000-0x928fffff]
[    1.836544] pci 0000:02:00.0:   bridge window [mem 0x91000000-0x91ffffff 64bit pref]
[    1.836620] pci 0000:04:00.0: [14e4:165f] type 00 class 0x020000
[    1.836644] pci 0000:04:00.0: reg 0x10: [mem 0x92930000-0x9293ffff 64bit pref]
[    1.836659] pci 0000:04:00.0: reg 0x18: [mem 0x92940000-0x9294ffff 64bit pref]
[    1.836675] pci 0000:04:00.0: reg 0x20: [mem 0x92950000-0x9295ffff 64bit pref]
[    1.836686] pci 0000:04:00.0: reg 0x30: [mem 0xfffc0000-0xffffffff pref]
[    1.836780] pci 0000:04:00.0: PME# supported from D0 D3hot D3cold
[    1.836832] pci 0000:04:00.0: 4.000 Gb/s available PCIe bandwidth, limited by 5.0 GT/s PCIe x1 link at 0000:00:1c.5 (capable of 8.000 Gb/s with 5.0 GT/s PCIe x2 link)
[    1.837374] pci 0000:04:00.1: [14e4:165f] type 00 class 0x020000
[    1.837398] pci 0000:04:00.1: reg 0x10: [mem 0x92900000-0x9290ffff 64bit pref]
[    1.837413] pci 0000:04:00.1: reg 0x18: [mem 0x92910000-0x9291ffff 64bit pref]
[    1.837429] pci 0000:04:00.1: reg 0x20: [mem 0x92920000-0x9292ffff 64bit pref]
[    1.837440] pci 0000:04:00.1: reg 0x30: [mem 0xfffc0000-0xffffffff pref]
[    1.837534] pci 0000:04:00.1: PME# supported from D0 D3hot D3cold
[    1.838088] pci 0000:00:1c.5: PCI bridge to [bus 04]
[    1.838096] pci 0000:00:1c.5:   bridge window [mem 0x92900000-0x929fffff 64bit pref]
[    1.838109] pci_bus 0000:00: on NUMA node 0
[    1.838673] ACPI: PCI Root Bridge [PC01] (domain 0000 [bus 16-2f])
[    1.838677] acpi PNP0A08:01: _OSC: OS supports [ExtendedConfig ASPM ClockPM Segments MSI HPX-Type3]
[    1.852915] acpi PNP0A08:01: _OSC: platform does not support [SHPCHotplug AER]
[    1.853136] acpi PNP0A08:01: _OSC: OS now controls [PCIeHotplug PME PCIeCapability LTR]
[    1.853137] acpi PNP0A08:01: FADT indicates ASPM is unsupported, using BIOS configuration
[    1.853280] PCI host bridge to bus 0000:16
[    1.853281] pci_bus 0000:16: root bus resource [io  0x5000-0x6fff window]
[    1.853283] pci_bus 0000:16: root bus resource [mem 0x9b800000-0xa63fffff window]
[    1.853284] pci_bus 0000:16: root bus resource [mem 0x210000000000-0x21ffffffffff window]
[    1.853286] pci_bus 0000:16: root bus resource [bus 16-2f]
[    1.853301] pci 0000:16:00.0: [8086:09a2] type 00 class 0x088000
[    1.853380] pci 0000:16:00.1: [8086:09a4] type 00 class 0x088000
[    1.853452] pci 0000:16:00.2: [8086:09a3] type 00 class 0x088000
[    1.853521] pci 0000:16:00.4: [8086:0998] type 00 class 0x060000
[    1.853597] pci 0000:16:02.0: [8086:347a] type 01 class 0x060400
[    1.853606] pci 0000:16:02.0: reg 0x10: [mem 0x21fffff00000-0x21fffff1ffff 64bit]
[    1.853644] pci 0000:16:02.0: PME# supported from D0 D3hot D3cold
[    1.854565] pci 0000:17:00.0: [1000:10e2] type 00 class 0x010400
[    1.854578] pci 0000:17:00.0: reg 0x10: [mem 0x9b800000-0x9b8fffff 64bit pref]
[    1.854586] pci 0000:17:00.0: reg 0x18: [mem 0x9b900000-0x9b9fffff 64bit pref]
[    1.854592] pci 0000:17:00.0: reg 0x20: [mem 0x9ba00000-0x9bafffff]
[    1.854597] pci 0000:17:00.0: reg 0x24: [io  0x5000-0x50ff]
[    1.854603] pci 0000:17:00.0: reg 0x30: [mem 0xfff00000-0xffffffff pref]
[    1.855661] pci 0000:17:00.0: supports D1 D2
[    1.855728] pci 0000:16:02.0: PCI bridge to [bus 17]
[    1.855730] pci 0000:16:02.0:   bridge window [io  0x5000-0x5fff]
[    1.855732] pci 0000:16:02.0:   bridge window [mem 0x9ba00000-0x9bafffff]
[    1.855735] pci 0000:16:02.0:   bridge window [mem 0x9b800000-0x9b9fffff 64bit pref]
[    1.855740] pci_bus 0000:16: on NUMA node 0
[    1.855818] ACPI: PCI Root Bridge [PC02] (domain 0000 [bus 30-49])
[    1.855822] acpi PNP0A08:02: _OSC: OS supports [ExtendedConfig ASPM ClockPM Segments MSI HPX-Type3]
[    1.869519] acpi PNP0A08:02: _OSC: platform does not support [SHPCHotplug AER]
[    1.869724] acpi PNP0A08:02: _OSC: OS now controls [PCIeHotplug PME PCIeCapability LTR]
[    1.869725] acpi PNP0A08:02: FADT indicates ASPM is unsupported, using BIOS configuration
[    1.869841] PCI host bridge to bus 0000:30
[    1.869842] pci_bus 0000:30: root bus resource [io  0x7000-0x8fff window]
[    1.869844] pci_bus 0000:30: root bus resource [mem 0xa6400000-0xb0ffffff window]
[    1.869845] pci_bus 0000:30: root bus resource [mem 0x220000000000-0x22ffffffffff window]
[    1.869847] pci_bus 0000:30: root bus resource [bus 30-49]
[    1.869863] pci 0000:30:00.0: [8086:09a2] type 00 class 0x088000
[    1.869938] pci 0000:30:00.1: [8086:09a4] type 00 class 0x088000
[    1.870016] pci 0000:30:00.2: [8086:09a3] type 00 class 0x088000
[    1.870086] pci 0000:30:00.4: [8086:0998] type 00 class 0x060000
[    1.870157] pci_bus 0000:30: on NUMA node 0
[    1.870257] ACPI: PCI Root Bridge [PC04] (domain 0000 [bus 4a-63])
[    1.870259] acpi PNP0A08:04: _OSC: OS supports [ExtendedConfig ASPM ClockPM Segments MSI HPX-Type3]
[    1.883932] acpi PNP0A08:04: _OSC: platform does not support [SHPCHotplug AER]
[    1.884134] acpi PNP0A08:04: _OSC: OS now controls [PCIeHotplug PME PCIeCapability LTR]
[    1.884135] acpi PNP0A08:04: FADT indicates ASPM is unsupported, using BIOS configuration
[    1.884249] PCI host bridge to bus 0000:4a
[    1.884250] pci_bus 0000:4a: root bus resource [io  0x9000-0x9fff window]
[    1.884251] pci_bus 0000:4a: root bus resource [mem 0xb1000000-0xbbbfffff window]
[    1.884253] pci_bus 0000:4a: root bus resource [mem 0x230000000000-0x23ffffffffff window]
[    1.884254] pci_bus 0000:4a: root bus resource [bus 4a-63]
[    1.884267] pci 0000:4a:00.0: [8086:09a2] type 00 class 0x088000
[    1.884337] pci 0000:4a:00.1: [8086:09a4] type 00 class 0x088000
[    1.884406] pci 0000:4a:00.2: [8086:09a3] type 00 class 0x088000
[    1.884474] pci 0000:4a:00.4: [8086:0998] type 00 class 0x060000
[    1.884543] pci_bus 0000:4a: on NUMA node 0
[    1.884614] ACPI: PCI Root Bridge [PC05] (domain 0000 [bus 64-7d])
[    1.884617] acpi PNP0A08:05: _OSC: OS supports [ExtendedConfig ASPM ClockPM Segments MSI HPX-Type3]
[    1.898303] acpi PNP0A08:05: _OSC: platform does not support [SHPCHotplug AER]
[    1.898505] acpi PNP0A08:05: _OSC: OS now controls [PCIeHotplug PME PCIeCapability LTR]
[    1.898506] acpi PNP0A08:05: FADT indicates ASPM is unsupported, using BIOS configuration
[    1.898616] PCI host bridge to bus 0000:64
[    1.898617] pci_bus 0000:64: root bus resource [io  0xa000-0xafff window]
[    1.898618] pci_bus 0000:64: root bus resource [mem 0xbbc00000-0xc5ffffff window]
[    1.898620] pci_bus 0000:64: root bus resource [mem 0x240000000000-0x24ffffffffff window]
[    1.898621] pci_bus 0000:64: root bus resource [bus 64-7d]
[    1.898634] pci 0000:64:00.0: [8086:09a2] type 00 class 0x088000
[    1.898704] pci 0000:64:00.1: [8086:09a4] type 00 class 0x088000
[    1.898778] pci 0000:64:00.2: [8086:09a3] type 00 class 0x088000
[    1.898847] pci 0000:64:00.4: [8086:0998] type 00 class 0x060000
[    1.898918] pci_bus 0000:64: on NUMA node 0
[    1.898983] ACPI: PCI Root Bridge [UC06] (domain 0000 [bus 7e])
[    1.898986] acpi PNP0A03:00: _OSC: OS supports [ExtendedConfig ASPM ClockPM Segments MSI HPX-Type3]
[    1.899152] acpi PNP0A03:00: _OSC: platform does not support [SHPCHotplug AER LTR]
[    1.899323] acpi PNP0A03:00: _OSC: OS now controls [PCIeHotplug PME PCIeCapability]
[    1.899324] acpi PNP0A03:00: FADT indicates ASPM is unsupported, using BIOS configuration
[    1.899449] PCI host bridge to bus 0000:7e
[    1.899450] pci_bus 0000:7e: root bus resource [bus 7e]
[    1.899484] pci 0000:7e:00.0: [8086:3450] type 00 class 0x088000
[    1.899567] pci 0000:7e:00.1: [8086:3451] type 00 class 0x088000
[    1.899657] pci 0000:7e:00.2: [8086:3452] type 00 class 0x088000
[    1.899736] pci 0000:7e:00.3: [8086:0998] type 00 class 0x060000
[    1.899815] pci 0000:7e:00.5: [8086:3455] type 00 class 0x088000
[    1.899914] pci 0000:7e:02.0: [8086:3440] type 00 class 0x088000
[    1.900055] pci 0000:7e:02.1: [8086:3441] type 00 class 0x088000
[    1.900187] pci 0000:7e:02.2: [8086:3442] type 00 class 0x088000
[    1.900330] pci 0000:7e:03.0: [8086:3440] type 00 class 0x088000
[    1.900432] pci 0000:7e:03.1: [8086:3441] type 00 class 0x088000
[    1.900529] pci 0000:7e:03.2: [8086:3442] type 00 class 0x088000
[    1.900634] pci 0000:7e:04.0: [8086:3440] type 00 class 0x088000
[    1.900777] pci 0000:7e:04.1: [8086:3441] type 00 class 0x088000
[    1.900916] pci 0000:7e:04.2: [8086:3442] type 00 class 0x088000
[    1.901061] pci 0000:7e:04.3: [8086:3443] type 00 class 0x088000
[    1.901215] pci 0000:7e:05.0: [8086:3445] type 00 class 0x088000
[    1.901351] pci 0000:7e:05.1: [8086:3446] type 00 class 0x088000
[    1.901486] pci 0000:7e:05.2: [8086:3447] type 00 class 0x088000
[    1.901632] pci 0000:7e:06.0: [8086:3445] type 00 class 0x088000
[    1.901734] pci 0000:7e:06.1: [8086:3446] type 00 class 0x088000
[    1.901834] pci 0000:7e:06.2: [8086:3447] type 00 class 0x088000
[    1.901959] pci 0000:7e:07.0: [8086:3445] type 00 class 0x088000
[    1.902107] pci 0000:7e:07.1: [8086:3446] type 00 class 0x088000
[    1.902253] pci 0000:7e:07.2: [8086:3447] type 00 class 0x088000
[    1.902405] pci 0000:7e:0b.0: [8086:3448] type 00 class 0x088000
[    1.902494] pci 0000:7e:0b.1: [8086:3448] type 00 class 0x088000
[    1.902581] pci 0000:7e:0b.2: [8086:344b] type 00 class 0x088000
[    1.902687] pci 0000:7e:0c.0: [8086:344a] type 00 class 0x110100
[    1.902813] pci 0000:7e:0d.0: [8086:344a] type 00 class 0x110100
[    1.902922] pci 0000:7e:0e.0: [8086:344a] type 00 class 0x110100
[    1.903096] pci 0000:7e:0f.0: [8086:344a] type 00 class 0x110100
[    1.903287] pci 0000:7e:1a.0: [8086:2880] type 00 class 0x110100
[    1.903411] pci 0000:7e:1b.0: [8086:2880] type 00 class 0x110100
[    1.903520] pci 0000:7e:1c.0: [8086:2880] type 00 class 0x110100
[    1.903693] pci 0000:7e:1d.0: [8086:2880] type 00 class 0x110100
[    1.903851] pci_bus 0000:7e: on NUMA node 0
[    1.903928] ACPI: PCI Root Bridge [UC07] (domain 0000 [bus 7f])
[    1.903930] acpi PNP0A03:01: _OSC: OS supports [ExtendedConfig ASPM ClockPM Segments MSI HPX-Type3]
[    1.904099] acpi PNP0A03:01: _OSC: platform does not support [SHPCHotplug AER LTR]
[    1.904270] acpi PNP0A03:01: _OSC: OS now controls [PCIeHotplug PME PCIeCapability]
[    1.904272] acpi PNP0A03:01: FADT indicates ASPM is unsupported, using BIOS configuration
[    1.904406] PCI host bridge to bus 0000:7f
[    1.904408] pci_bus 0000:7f: root bus resource [bus 7f]
[    1.904449] pci 0000:7f:00.0: [8086:344c] type 00 class 0x088000
[    1.904577] pci 0000:7f:00.1: [8086:344c] type 00 class 0x088000
[    1.904721] pci 0000:7f:00.2: [8086:344c] type 00 class 0x088000
[    1.904866] pci 0000:7f:00.3: [8086:344c] type 00 class 0x088000
[    1.904980] pci 0000:7f:00.4: [8086:344c] type 00 class 0x088000
[    1.905126] pci 0000:7f:00.5: [8086:344c] type 00 class 0x088000
[    1.905268] pci 0000:7f:00.6: [8086:344c] type 00 class 0x088000
[    1.905369] pci 0000:7f:00.7: [8086:344c] type 00 class 0x088000
[    1.905492] pci 0000:7f:01.0: [8086:344c] type 00 class 0x088000
[    1.905644] pci 0000:7f:01.1: [8086:344c] type 00 class 0x088000
[    1.905792] pci 0000:7f:01.2: [8086:344c] type 00 class 0x088000
[    1.905904] pci 0000:7f:01.3: [8086:344c] type 00 class 0x088000
[    1.906061] pci 0000:7f:01.4: [8086:344c] type 00 class 0x088000
[    1.906219] pci 0000:7f:01.5: [8086:344c] type 00 class 0x088000
[    1.906380] pci 0000:7f:01.6: [8086:344c] type 00 class 0x088000
[    1.906526] pci 0000:7f:01.7: [8086:344c] type 00 class 0x088000
[    1.906695] pci 0000:7f:02.0: [8086:344c] type 00 class 0x088000
[    1.906850] pci 0000:7f:02.1: [8086:344c] type 00 class 0x088000
[    1.907007] pci 0000:7f:02.2: [8086:344c] type 00 class 0x088000
[    1.907171] pci 0000:7f:02.3: [8086:344c] type 00 class 0x088000
[    1.907335] pci 0000:7f:02.4: [8086:344c] type 00 class 0x088000
[    1.907497] pci 0000:7f:02.5: [8086:344c] type 00 class 0x088000
[    1.907660] pci 0000:7f:02.6: [8086:344c] type 00 class 0x088000
[    1.907834] pci 0000:7f:02.7: [8086:344c] type 00 class 0x088000
[    1.908019] pci 0000:7f:03.0: [8086:344c] type 00 class 0x088000
[    1.908190] pci 0000:7f:03.1: [8086:344c] type 00 class 0x088000
[    1.908368] pci 0000:7f:03.2: [8086:344c] type 00 class 0x088000
[    1.908549] pci 0000:7f:03.3: [8086:344c] type 00 class 0x088000
[    1.908747] pci 0000:7f:0a.0: [8086:344d] type 00 class 0x088000
[    1.908871] pci 0000:7f:0a.1: [8086:344d] type 00 class 0x088000
[    1.909007] pci 0000:7f:0a.2: [8086:344d] type 00 class 0x088000
[    1.909144] pci 0000:7f:0a.3: [8086:344d] type 00 class 0x088000
[    1.909259] pci 0000:7f:0a.4: [8086:344d] type 00 class 0x088000
[    1.909406] pci 0000:7f:0a.5: [8086:344d] type 00 class 0x088000
[    1.909547] pci 0000:7f:0a.6: [8086:344d] type 00 class 0x088000
[    1.909654] pci 0000:7f:0a.7: [8086:344d] type 00 class 0x088000
[    1.909777] pci 0000:7f:0b.0: [8086:344d] type 00 class 0x088000
[    1.909935] pci 0000:7f:0b.1: [8086:344d] type 00 class 0x088000
[    1.910083] pci 0000:7f:0b.2: [8086:344d] type 00 class 0x088000
[    1.910187] pci 0000:7f:0b.3: [8086:344d] type 00 class 0x088000
[    1.910344] pci 0000:7f:0b.4: [8086:344d] type 00 class 0x088000
[    1.910502] pci 0000:7f:0b.5: [8086:344d] type 00 class 0x088000
[    1.910664] pci 0000:7f:0b.6: [8086:344d] type 00 class 0x088000
[    1.910815] pci 0000:7f:0b.7: [8086:344d] type 00 class 0x088000
[    1.910984] pci 0000:7f:0c.0: [8086:344d] type 00 class 0x088000
[    1.911140] pci 0000:7f:0c.1: [8086:344d] type 00 class 0x088000
[    1.911297] pci 0000:7f:0c.2: [8086:344d] type 00 class 0x088000
[    1.911454] pci 0000:7f:0c.3: [8086:344d] type 00 class 0x088000
[    1.911620] pci 0000:7f:0c.4: [8086:344d] type 00 class 0x088000
[    1.911782] pci 0000:7f:0c.5: [8086:344d] type 00 class 0x088000
[    1.911945] pci 0000:7f:0c.6: [8086:344d] type 00 class 0x088000
[    1.912124] pci 0000:7f:0c.7: [8086:344d] type 00 class 0x088000
[    1.912310] pci 0000:7f:0d.0: [8086:344d] type 00 class 0x088000
[    1.912480] pci 0000:7f:0d.1: [8086:344d] type 00 class 0x088000
[    1.912657] pci 0000:7f:0d.2: [8086:344d] type 00 class 0x088000
[    1.912833] pci 0000:7f:0d.3: [8086:344d] type 00 class 0x088000
[    1.913040] pci 0000:7f:1d.0: [8086:344f] type 00 class 0x088000
[    1.913173] pci 0000:7f:1d.1: [8086:3457] type 00 class 0x088000
[    1.913318] pci 0000:7f:1e.0: [8086:3458] type 00 class 0x088000
[    1.913414] pci 0000:7f:1e.1: [8086:3459] type 00 class 0x088000
[    1.913504] pci 0000:7f:1e.2: [8086:345a] type 00 class 0x088000
[    1.913593] pci 0000:7f:1e.3: [8086:345b] type 00 class 0x088000
[    1.913681] pci 0000:7f:1e.4: [8086:345c] type 00 class 0x088000
[    1.913769] pci 0000:7f:1e.5: [8086:345d] type 00 class 0x088000
[    1.913856] pci 0000:7f:1e.6: [8086:345e] type 00 class 0x088000
[    1.913945] pci 0000:7f:1e.7: [8086:345f] type 00 class 0x088000
[    1.914019] pci_bus 0000:7f: on NUMA node 0
[    1.914114] ACPI: PCI Root Bridge [PC06] (domain 0000 [bus 80])
[    1.914117] acpi PNP0A08:06: _OSC: OS supports [ExtendedConfig ASPM ClockPM Segments MSI HPX-Type3]
[    1.927817] acpi PNP0A08:06: _OSC: platform does not support [SHPCHotplug AER]
[    1.928021] acpi PNP0A08:06: _OSC: OS now controls [PCIeHotplug PME PCIeCapability LTR]
[    1.928022] acpi PNP0A08:06: FADT indicates ASPM is unsupported, using BIOS configuration
[    1.928162] PCI host bridge to bus 0000:80
[    1.928163] pci_bus 0000:80: root bus resource [io  0xb000-0xbfff window]
[    1.928165] pci_bus 0000:80: root bus resource [mem 0xc6800000-0xd0ffffff window]
[    1.928166] pci_bus 0000:80: root bus resource [mem 0x250000000000-0x25ffffffffff window]
[    1.928167] pci_bus 0000:80: root bus resource [bus 80]
[    1.928199] pci 0000:80:00.0: [8086:09a2] type 00 class 0x088000
[    1.928295] pci 0000:80:00.1: [8086:09a4] type 00 class 0x088000
[    1.928385] pci 0000:80:00.2: [8086:09a3] type 00 class 0x088000
[    1.928475] pci 0000:80:00.4: [8086:0998] type 00 class 0x060000
[    1.928564] pci 0000:80:02.0: [8086:09a6] type 00 class 0x088000
[    1.928572] pci 0000:80:02.0: reg 0x10: [mem 0xc6aa4000-0xc6aa5fff]
[    1.928651] pci 0000:80:02.1: [8086:09a7] type 00 class 0x088000
[    1.928660] pci 0000:80:02.1: reg 0x10: [mem 0xc6a00000-0xc6a7ffff]
[    1.928665] pci 0000:80:02.1: reg 0x14: [mem 0xc6980000-0xc69fffff]
[    1.928752] pci 0000:80:02.4: [8086:3456] type 00 class 0x130000
[    1.928763] pci 0000:80:02.4: reg 0x10: [mem 0xc6800000-0xc68fffff 64bit]
[    1.928770] pci 0000:80:02.4: reg 0x18: [mem 0xc6aa0000-0xc6aa3fff 64bit]
[    1.928777] pci 0000:80:02.4: reg 0x20: [mem 0xc6a80000-0xc6a9ffff 64bit]
[    1.928839] pci_bus 0000:80: on NUMA node 1
[    1.928915] ACPI: PCI Root Bridge [PC07] (domain 0000 [bus 81])
[    1.928918] acpi PNP0A08:07: _OSC: OS supports [ExtendedConfig ASPM ClockPM Segments MSI HPX-Type3]
[    1.942610] acpi PNP0A08:07: _OSC: platform does not support [SHPCHotplug AER]
[    1.942813] acpi PNP0A08:07: _OSC: OS now controls [PCIeHotplug PME PCIeCapability LTR]
[    1.942814] acpi PNP0A08:07: FADT indicates ASPM is unsupported, using BIOS configuration
[    1.942925] PCI host bridge to bus 0000:81
[    1.942926] pci_bus 0000:81: root bus resource [io  0xc000-0xcfff window]
[    1.942928] pci_bus 0000:81: root bus resource [mem 0xd1000000-0xdbbfffff window]
[    1.942929] pci_bus 0000:81: root bus resource [mem 0x260000000000-0x26ffffffffff window]
[    1.942930] pci_bus 0000:81: root bus resource [bus 81]
[    1.942944] pci 0000:81:00.0: [8086:09a2] type 00 class 0x088000
[    1.943020] pci 0000:81:00.1: [8086:09a4] type 00 class 0x088000
[    1.943101] pci 0000:81:00.2: [8086:09a3] type 00 class 0x088000
[    1.943175] pci 0000:81:00.4: [8086:0998] type 00 class 0x060000
[    1.943261] pci_bus 0000:81: on NUMA node 1
[    1.943332] ACPI: PCI Root Bridge [PC08] (domain 0000 [bus 82])
[    1.943335] acpi PNP0A08:08: _OSC: OS supports [ExtendedConfig ASPM ClockPM Segments MSI HPX-Type3]
[    1.957022] acpi PNP0A08:08: _OSC: platform does not support [SHPCHotplug AER]
[    1.957225] acpi PNP0A08:08: _OSC: OS now controls [PCIeHotplug PME PCIeCapability LTR]
[    1.957226] acpi PNP0A08:08: FADT indicates ASPM is unsupported, using BIOS configuration
[    1.957338] PCI host bridge to bus 0000:82
[    1.957339] pci_bus 0000:82: root bus resource [io  0xd000-0xdfff window]
[    1.957340] pci_bus 0000:82: root bus resource [mem 0xdbc00000-0xe67fffff window]
[    1.957342] pci_bus 0000:82: root bus resource [mem 0x270000000000-0x27ffffffffff window]
[    1.957343] pci_bus 0000:82: root bus resource [bus 82]
[    1.957357] pci 0000:82:00.0: [8086:09a2] type 00 class 0x088000
[    1.957432] pci 0000:82:00.1: [8086:09a4] type 00 class 0x088000
[    1.957507] pci 0000:82:00.2: [8086:09a3] type 00 class 0x088000
[    1.957581] pci 0000:82:00.4: [8086:0998] type 00 class 0x060000
[    1.957661] pci_bus 0000:82: on NUMA node 1
[    1.957758] ACPI: PCI Root Bridge [PC10] (domain 0000 [bus 83-f9])
[    1.957761] acpi PNP0A08:0a: _OSC: OS supports [ExtendedConfig ASPM ClockPM Segments MSI HPX-Type3]
[    1.971486] acpi PNP0A08:0a: _OSC: platform does not support [SHPCHotplug AER]
[    1.971688] acpi PNP0A08:0a: _OSC: OS now controls [PCIeHotplug PME PCIeCapability LTR]
[    1.971689] acpi PNP0A08:0a: FADT indicates ASPM is unsupported, using BIOS configuration
[    1.971808] PCI host bridge to bus 0000:83
[    1.971810] pci_bus 0000:83: root bus resource [io  0xe000-0xefff window]
[    1.971811] pci_bus 0000:83: root bus resource [mem 0xe6800000-0xf13fffff window]
[    1.971812] pci_bus 0000:83: root bus resource [mem 0x280000000000-0x28ffffffffff window]
[    1.971814] pci_bus 0000:83: root bus resource [bus 83-f9]
[    1.971828] pci 0000:83:00.0: [8086:09a2] type 00 class 0x088000
[    1.971907] pci 0000:83:00.1: [8086:09a4] type 00 class 0x088000
[    1.971986] pci 0000:83:00.2: [8086:09a3] type 00 class 0x088000
[    1.972063] pci 0000:83:00.4: [8086:0998] type 00 class 0x060000
[    1.972144] pci_bus 0000:83: on NUMA node 1
[    1.972214] ACPI: PCI Root Bridge [PC11] (domain 0000 [bus fa])
[    1.972217] acpi PNP0A08:0b: _OSC: OS supports [ExtendedConfig ASPM ClockPM Segments MSI HPX-Type3]
[    1.986002] acpi PNP0A08:0b: _OSC: platform does not support [SHPCHotplug AER]
[    1.986205] acpi PNP0A08:0b: _OSC: OS now controls [PCIeHotplug PME PCIeCapability LTR]
[    1.986207] acpi PNP0A08:0b: FADT indicates ASPM is unsupported, using BIOS configuration
[    1.986317] PCI host bridge to bus 0000:fa
[    1.986318] pci_bus 0000:fa: root bus resource [io  0xf000-0xffff window]
[    1.986319] pci_bus 0000:fa: root bus resource [mem 0xf1400000-0xfb7fffff window]
[    1.986320] pci_bus 0000:fa: root bus resource [mem 0x290000000000-0x29ffffffffff window]
[    1.986322] pci_bus 0000:fa: root bus resource [bus fa]
[    1.986336] pci 0000:fa:00.0: [8086:09a2] type 00 class 0x088000
[    1.986412] pci 0000:fa:00.1: [8086:09a4] type 00 class 0x088000
[    1.986488] pci 0000:fa:00.2: [8086:09a3] type 00 class 0x088000
[    1.986564] pci 0000:fa:00.4: [8086:0998] type 00 class 0x060000
[    1.986645] pci_bus 0000:fa: on NUMA node 1
[    1.986708] ACPI: PCI Root Bridge [UC16] (domain 0000 [bus fe])
[    1.986711] acpi PNP0A03:02: _OSC: OS supports [ExtendedConfig ASPM ClockPM Segments MSI HPX-Type3]
[    1.986876] acpi PNP0A03:02: _OSC: platform does not support [SHPCHotplug AER LTR]
[    1.987047] acpi PNP0A03:02: _OSC: OS now controls [PCIeHotplug PME PCIeCapability]
[    1.987049] acpi PNP0A03:02: FADT indicates ASPM is unsupported, using BIOS configuration
[    1.987170] PCI host bridge to bus 0000:fe
[    1.987171] pci_bus 0000:fe: root bus resource [bus fe]
[    1.987203] pci 0000:fe:00.0: [8086:3450] type 00 class 0x088000
[    1.987289] pci 0000:fe:00.1: [8086:3451] type 00 class 0x088000
[    1.987375] pci 0000:fe:00.2: [8086:3452] type 00 class 0x088000
[    1.987456] pci 0000:fe:00.3: [8086:0998] type 00 class 0x060000
[    1.987538] pci 0000:fe:00.5: [8086:3455] type 00 class 0x088000
[    1.987639] pci 0000:fe:02.0: [8086:3440] type 00 class 0x088000
[    1.987781] pci 0000:fe:02.1: [8086:3441] type 00 class 0x088000
[    1.987916] pci 0000:fe:02.2: [8086:3442] type 00 class 0x088000
[    1.988061] pci 0000:fe:03.0: [8086:3440] type 00 class 0x088000
[    1.988168] pci 0000:fe:03.1: [8086:3441] type 00 class 0x088000
[    1.988277] pci 0000:fe:03.2: [8086:3442] type 00 class 0x088000
[    1.988389] pci 0000:fe:04.0: [8086:3440] type 00 class 0x088000
[    1.988535] pci 0000:fe:04.1: [8086:3441] type 00 class 0x088000
[    1.988677] pci 0000:fe:04.2: [8086:3442] type 00 class 0x088000
[    1.988820] pci 0000:fe:04.3: [8086:3443] type 00 class 0x088000
[    1.988977] pci 0000:fe:05.0: [8086:3445] type 00 class 0x088000
[    1.989119] pci 0000:fe:05.1: [8086:3446] type 00 class 0x088000
[    1.989258] pci 0000:fe:05.2: [8086:3447] type 00 class 0x088000
[    1.989412] pci 0000:fe:06.0: [8086:3445] type 00 class 0x088000
[    1.989518] pci 0000:fe:06.1: [8086:3446] type 00 class 0x088000
[    1.989622] pci 0000:fe:06.2: [8086:3447] type 00 class 0x088000
[    1.989746] pci 0000:fe:07.0: [8086:3445] type 00 class 0x088000
[    1.989897] pci 0000:fe:07.1: [8086:3446] type 00 class 0x088000
[    1.990043] pci 0000:fe:07.2: [8086:3447] type 00 class 0x088000
[    1.990197] pci 0000:fe:0b.0: [8086:3448] type 00 class 0x088000
[    1.990288] pci 0000:fe:0b.1: [8086:3448] type 00 class 0x088000
[    1.990381] pci 0000:fe:0b.2: [8086:344b] type 00 class 0x088000
[    1.990489] pci 0000:fe:0c.0: [8086:344a] type 00 class 0x110100
[    1.990618] pci 0000:fe:0d.0: [8086:344a] type 00 class 0x110100
[    1.990733] pci 0000:fe:0e.0: [8086:344a] type 00 class 0x110100
[    1.990904] pci 0000:fe:0f.0: [8086:344a] type 00 class 0x110100
[    1.991098] pci 0000:fe:1a.0: [8086:2880] type 00 class 0x110100
[    1.991224] pci 0000:fe:1b.0: [8086:2880] type 00 class 0x110100
[    1.991336] pci 0000:fe:1c.0: [8086:2880] type 00 class 0x110100
[    1.991518] pci 0000:fe:1d.0: [8086:2880] type 00 class 0x110100
[    1.991679] pci_bus 0000:fe: on NUMA node 1
[    1.991758] ACPI: PCI Root Bridge [UC17] (domain 0000 [bus ff])
[    1.991760] acpi PNP0A03:03: _OSC: OS supports [ExtendedConfig ASPM ClockPM Segments MSI HPX-Type3]
[    1.991927] acpi PNP0A03:03: _OSC: platform does not support [SHPCHotplug AER LTR]
[    1.992097] acpi PNP0A03:03: _OSC: OS now controls [PCIeHotplug PME PCIeCapability]
[    1.992098] acpi PNP0A03:03: FADT indicates ASPM is unsupported, using BIOS configuration
[    1.992233] PCI host bridge to bus 0000:ff
[    1.992234] pci_bus 0000:ff: root bus resource [bus ff]
[    1.992276] pci 0000:ff:00.0: [8086:344c] type 00 class 0x088000
[    1.992412] pci 0000:ff:00.1: [8086:344c] type 00 class 0x088000
[    1.992551] pci 0000:ff:00.2: [8086:344c] type 00 class 0x088000
[    1.992676] pci 0000:ff:00.3: [8086:344c] type 00 class 0x088000
[    1.992823] pci 0000:ff:00.4: [8086:344c] type 00 class 0x088000
[    1.992966] pci 0000:ff:00.5: [8086:344c] type 00 class 0x088000
[    1.993086] pci 0000:ff:00.6: [8086:344c] type 00 class 0x088000
[    1.993244] pci 0000:ff:00.7: [8086:344c] type 00 class 0x088000
[    1.993411] pci 0000:ff:01.0: [8086:344c] type 00 class 0x088000
[    1.993570] pci 0000:ff:01.1: [8086:344c] type 00 class 0x088000
[    1.993721] pci 0000:ff:01.2: [8086:344c] type 00 class 0x088000
[    1.993831] pci 0000:ff:01.3: [8086:344c] type 00 class 0x088000
[    1.993994] pci 0000:ff:01.4: [8086:344c] type 00 class 0x088000
[    1.994158] pci 0000:ff:01.5: [8086:344c] type 00 class 0x088000
[    1.994328] pci 0000:ff:01.6: [8086:344c] type 00 class 0x088000
[    1.994485] pci 0000:ff:01.7: [8086:344c] type 00 class 0x088000
[    1.994658] pci 0000:ff:02.0: [8086:344c] type 00 class 0x088000
[    1.994819] pci 0000:ff:02.1: [8086:344c] type 00 class 0x088000
[    1.994978] pci 0000:ff:02.2: [8086:344c] type 00 class 0x088000
[    1.995141] pci 0000:ff:02.3: [8086:344c] type 00 class 0x088000
[    1.995303] pci 0000:ff:02.4: [8086:344c] type 00 class 0x088000
[    1.995466] pci 0000:ff:02.5: [8086:344c] type 00 class 0x088000
[    1.995636] pci 0000:ff:02.6: [8086:344c] type 00 class 0x088000
[    1.995818] pci 0000:ff:02.7: [8086:344c] type 00 class 0x088000
[    1.996010] pci 0000:ff:03.0: [8086:344c] type 00 class 0x088000
[    1.996188] pci 0000:ff:03.1: [8086:344c] type 00 class 0x088000
[    1.996363] pci 0000:ff:03.2: [8086:344c] type 00 class 0x088000
[    1.996546] pci 0000:ff:03.3: [8086:344c] type 00 class 0x088000
[    1.996752] pci 0000:ff:0a.0: [8086:344d] type 00 class 0x088000
[    1.996882] pci 0000:ff:0a.1: [8086:344d] type 00 class 0x088000
[    1.997020] pci 0000:ff:0a.2: [8086:344d] type 00 class 0x088000
[    1.997153] pci 0000:ff:0a.3: [8086:344d] type 00 class 0x088000
[    1.997299] pci 0000:ff:0a.4: [8086:344d] type 00 class 0x088000
[    1.997441] pci 0000:ff:0a.5: [8086:344d] type 00 class 0x088000
[    1.997562] pci 0000:ff:0a.6: [8086:344d] type 00 class 0x088000
[    1.997713] pci 0000:ff:0a.7: [8086:344d] type 00 class 0x088000
[    1.997880] pci 0000:ff:0b.0: [8086:344d] type 00 class 0x088000
[    1.998039] pci 0000:ff:0b.1: [8086:344d] type 00 class 0x088000
[    1.998191] pci 0000:ff:0b.2: [8086:344d] type 00 class 0x088000
[    1.998309] pci 0000:ff:0b.3: [8086:344d] type 00 class 0x088000
[    1.998472] pci 0000:ff:0b.4: [8086:344d] type 00 class 0x088000
[    1.998635] pci 0000:ff:0b.5: [8086:344d] type 00 class 0x088000
[    1.998802] pci 0000:ff:0b.6: [8086:344d] type 00 class 0x088000
[    1.998954] pci 0000:ff:0b.7: [8086:344d] type 00 class 0x088000
[    1.999127] pci 0000:ff:0c.0: [8086:344d] type 00 class 0x088000
[    1.999286] pci 0000:ff:0c.1: [8086:344d] type 00 class 0x088000
[    1.999445] pci 0000:ff:0c.2: [8086:344d] type 00 class 0x088000
[    1.999615] pci 0000:ff:0c.3: [8086:344d] type 00 class 0x088000
[    1.999777] pci 0000:ff:0c.4: [8086:344d] type 00 class 0x088000
[    1.999942] pci 0000:ff:0c.5: [8086:344d] type 00 class 0x088000
[    2.000112] pci 0000:ff:0c.6: [8086:344d] type 00 class 0x088000
[    2.000281] pci 0000:ff:0c.7: [8086:344d] type 00 class 0x088000
[    2.000475] pci 0000:ff:0d.0: [8086:344d] type 00 class 0x088000
[    2.000653] pci 0000:ff:0d.1: [8086:344d] type 00 class 0x088000
[    2.000827] pci 0000:ff:0d.2: [8086:344d] type 00 class 0x088000
[    2.001018] pci 0000:ff:0d.3: [8086:344d] type 00 class 0x088000
[    2.001233] pci 0000:ff:1d.0: [8086:344f] type 00 class 0x088000
[    2.001372] pci 0000:ff:1d.1: [8086:3457] type 00 class 0x088000
[    2.001522] pci 0000:ff:1e.0: [8086:3458] type 00 class 0x088000
[    2.001616] pci 0000:ff:1e.1: [8086:3459] type 00 class 0x088000
[    2.001707] pci 0000:ff:1e.2: [8086:345a] type 00 class 0x088000
[    2.001798] pci 0000:ff:1e.3: [8086:345b] type 00 class 0x088000
[    2.001890] pci 0000:ff:1e.4: [8086:345c] type 00 class 0x088000
[    2.001986] pci 0000:ff:1e.5: [8086:345d] type 00 class 0x088000
[    2.002077] pci 0000:ff:1e.6: [8086:345e] type 00 class 0x088000
[    2.002168] pci 0000:ff:1e.7: [8086:345f] type 00 class 0x088000
[    2.002242] pci_bus 0000:ff: on NUMA node 1
[    2.006078] iommu: Default domain type: Translated 
[    2.006078] iommu: DMA domain TLB invalidation policy: lazy mode 
[    2.006089] pci 0000:03:00.0: vgaarb: setting as boot VGA device
[    2.006089] pci 0000:03:00.0: vgaarb: VGA device added: decodes=io+mem,owns=io+mem,locks=none
[    2.006120] pci 0000:03:00.0: vgaarb: bridge control possible
[    2.006121] vgaarb: loaded
[    2.006315] SCSI subsystem initialized
[    2.006353] libata version 3.00 loaded.
[    2.006353] ACPI: bus type USB registered
[    2.006353] usbcore: registered new interface driver usbfs
[    2.006353] usbcore: registered new interface driver hub
[    2.006353] usbcore: registered new device driver usb
[    2.006353] pps_core: LinuxPPS API ver. 1 registered
[    2.006353] pps_core: Software ver. 5.3.6 - Copyright 2005-2007 Rodolfo Giometti <giometti@linux.it>
[    2.006353] PTP clock support registered
[    2.006353] EDAC MC: Ver: 3.0.0
[    2.006711] Registered efivars operations
[    2.006711] NetLabel: Initializing
[    2.006711] NetLabel:  domain hash size = 128
[    2.006711] NetLabel:  protocols = UNLABELED CIPSOv4 CALIPSO
[    2.006711] NetLabel:  unlabeled traffic allowed by default
[    2.006711] PCI: Using ACPI for IRQ routing
[    2.008198] PCI: pci_cache_line_size set to 64 bytes
[    2.008748] e820: reserve RAM buffer [mem 0x0008f000-0x0008ffff]
[    2.008750] e820: reserve RAM buffer [mem 0x46cc5020-0x47ffffff]
[    2.008752] e820: reserve RAM buffer [mem 0x46cf7020-0x47ffffff]
[    2.008753] e820: reserve RAM buffer [mem 0x46d2a020-0x47ffffff]
[    2.008753] e820: reserve RAM buffer [mem 0x46d5d020-0x47ffffff]
[    2.008754] e820: reserve RAM buffer [mem 0x49e77000-0x4bffffff]
[    2.008756] e820: reserve RAM buffer [mem 0x4b2cf000-0x4bffffff]
[    2.008757] e820: reserve RAM buffer [mem 0x4bd94000-0x4bffffff]
[    2.008758] e820: reserve RAM buffer [mem 0x4ce00000-0x4fffffff]
[    2.008759] e820: reserve RAM buffer [mem 0x5eefe000-0x5fffffff]
[    2.008760] e820: reserve RAM buffer [mem 0x6f800000-0x6fffffff]
[    2.010287] hpet0: at MMIO 0xfed00000, IRQs 2, 8, 0, 0, 0, 0, 0, 0
[    2.010294] hpet0: 8 comparators, 64-bit 24.000000 MHz counter
[    2.014060] clocksource: Switched to clocksource tsc-early
[    2.022902] VFS: Disk quotas dquot_6.6.0
[    2.022958] VFS: Dquot-cache hash table entries: 512 (order 0, 4096 bytes)
[    2.023123] AppArmor: AppArmor Filesystem Enabled
[    2.023141] pnp: PnP ACPI init
[    2.038459] system 00:01: [io  0x0500-0x05fe] has been reserved
[    2.038462] system 00:01: [io  0x0400-0x041f] has been reserved
[    2.038463] system 00:01: [io  0x0600-0x061f] has been reserved
[    2.038465] system 00:01: [io  0x0ca0-0x0ca1] has been reserved
[    2.038466] system 00:01: [io  0x0ca4-0x0ca6] has been reserved
[    2.038468] system 00:01: [mem 0xff000000-0xffffffff] has been reserved
[    2.039043] system 00:04: [mem 0xfd000000-0xfdabffff] has been reserved
[    2.039045] system 00:04: [mem 0xfdad0000-0xfdadffff] has been reserved
[    2.039046] system 00:04: [mem 0xfdb00000-0xfdffffff] has been reserved
[    2.039048] system 00:04: [mem 0xfe000000-0xfe00ffff] has been reserved
[    2.039049] system 00:04: [mem 0xfe011000-0xfe01ffff] has been reserved
[    2.039051] system 00:04: [mem 0xfe036000-0xfe03bfff] has been reserved
[    2.039052] system 00:04: [mem 0xfe03d000-0xfe3fffff] has been reserved
[    2.039053] system 00:04: [mem 0xfe410000-0xfe7fffff] has been reserved
[    2.039366] system 00:05: [io  0x1000-0x10fe] has been reserved
[    2.040339] pnp: PnP ACPI: found 6 devices
[    2.045876] clocksource: acpi_pm: mask: 0xffffff max_cycles: 0xffffff, max_idle_ns: 2085701024 ns
[    2.045957] NET: Registered PF_INET protocol family
[    2.046301] IP idents hash table entries: 262144 (order: 9, 2097152 bytes, vmalloc)
[    2.048491] tcp_listen_portaddr_hash hash table entries: 32768 (order: 7, 524288 bytes, vmalloc)
[    2.049201] TCP established hash table entries: 524288 (order: 10, 4194304 bytes, vmalloc)
[    2.049842] TCP bind hash table entries: 65536 (order: 8, 1048576 bytes, vmalloc)
[    2.049905] TCP: Hash tables configured (established 524288 bind 65536)
[    2.050194] UDP hash table entries: 32768 (order: 8, 1048576 bytes, vmalloc)
[    2.050427] UDP-Lite hash table entries: 32768 (order: 8, 1048576 bytes, vmalloc)
[    2.050701] NET: Registered PF_UNIX/PF_LOCAL protocol family
[    2.050709] NET: Registered PF_XDP protocol family
[    2.050716] pci 0000:04:00.0: can't claim BAR 6 [mem 0xfffc0000-0xffffffff pref]: no compatible bridge window
[    2.050719] pci 0000:04:00.1: can't claim BAR 6 [mem 0xfffc0000-0xffffffff pref]: no compatible bridge window
[    2.050720] pci 0000:17:00.0: can't claim BAR 6 [mem 0xfff00000-0xffffffff pref]: no compatible bridge window
[    2.050736] pci 0000:00:1c.5: BAR 14: assigned [mem 0x90000000-0x900fffff]
[    2.050739] pci 0000:00:1c.0: PCI bridge to [bus 01]
[    2.050748] pci 0000:02:00.0: PCI bridge to [bus 03]
[    2.050753] pci 0000:02:00.0:   bridge window [mem 0x92000000-0x928fffff]
[    2.050757] pci 0000:02:00.0:   bridge window [mem 0x91000000-0x91ffffff 64bit pref]
[    2.050763] pci 0000:00:1c.4: PCI bridge to [bus 02-03]
[    2.050767] pci 0000:00:1c.4:   bridge window [mem 0x92000000-0x928fffff]
[    2.050769] pci 0000:00:1c.4:   bridge window [mem 0x91000000-0x91ffffff 64bit pref]
[    2.050775] pci 0000:04:00.0: BAR 6: assigned [mem 0x90000000-0x9003ffff pref]
[    2.050776] pci 0000:04:00.1: BAR 6: assigned [mem 0x90040000-0x9007ffff pref]
[    2.050778] pci 0000:00:1c.5: PCI bridge to [bus 04]
[    2.050781] pci 0000:00:1c.5:   bridge window [mem 0x90000000-0x900fffff]
[    2.050783] pci 0000:00:1c.5:   bridge window [mem 0x92900000-0x929fffff 64bit pref]
[    2.050788] pci_bus 0000:00: resource 4 [io  0x0000-0x0cf7 window]
[    2.050790] pci_bus 0000:00: resource 5 [io  0x1000-0x4fff window]
[    2.050791] pci_bus 0000:00: resource 6 [mem 0x000a0000-0x000bffff window]
[    2.050792] pci_bus 0000:00: resource 7 [mem 0x000c8000-0x000cffff window]
[    2.050794] pci_bus 0000:00: resource 8 [mem 0xfe010000-0xfe010fff window]
[    2.050795] pci_bus 0000:00: resource 9 [mem 0x90000000-0x9b7fffff window]
[    2.050796] pci_bus 0000:00: resource 10 [mem 0x200000000000-0x20ffffffffff window]
[    2.050798] pci_bus 0000:02: resource 1 [mem 0x92000000-0x928fffff]
[    2.050799] pci_bus 0000:02: resource 2 [mem 0x91000000-0x91ffffff 64bit pref]
[    2.050800] pci_bus 0000:03: resource 1 [mem 0x92000000-0x928fffff]
[    2.050801] pci_bus 0000:03: resource 2 [mem 0x91000000-0x91ffffff 64bit pref]
[    2.050803] pci_bus 0000:04: resource 1 [mem 0x90000000-0x900fffff]
[    2.050804] pci_bus 0000:04: resource 2 [mem 0x92900000-0x929fffff 64bit pref]
[    2.050872] pci 0000:17:00.0: BAR 6: no space for [mem size 0x00100000 pref]
[    2.050874] pci 0000:17:00.0: BAR 6: failed to assign [mem size 0x00100000 pref]
[    2.050876] pci 0000:16:02.0: PCI bridge to [bus 17]
[    2.050877] pci 0000:16:02.0:   bridge window [io  0x5000-0x5fff]
[    2.050880] pci 0000:16:02.0:   bridge window [mem 0x9ba00000-0x9bafffff]
[    2.050882] pci 0000:16:02.0:   bridge window [mem 0x9b800000-0x9b9fffff 64bit pref]
[    2.050886] pci_bus 0000:16: resource 4 [io  0x5000-0x6fff window]
[    2.050887] pci_bus 0000:16: resource 5 [mem 0x9b800000-0xa63fffff window]
[    2.050888] pci_bus 0000:16: resource 6 [mem 0x210000000000-0x21ffffffffff window]
[    2.050889] pci_bus 0000:17: resource 0 [io  0x5000-0x5fff]
[    2.050890] pci_bus 0000:17: resource 1 [mem 0x9ba00000-0x9bafffff]
[    2.050891] pci_bus 0000:17: resource 2 [mem 0x9b800000-0x9b9fffff 64bit pref]
[    2.050898] pci_bus 0000:30: resource 4 [io  0x7000-0x8fff window]
[    2.050899] pci_bus 0000:30: resource 5 [mem 0xa6400000-0xb0ffffff window]
[    2.050900] pci_bus 0000:30: resource 6 [mem 0x220000000000-0x22ffffffffff window]
[    2.050906] pci_bus 0000:4a: resource 4 [io  0x9000-0x9fff window]
[    2.050907] pci_bus 0000:4a: resource 5 [mem 0xb1000000-0xbbbfffff window]
[    2.050908] pci_bus 0000:4a: resource 6 [mem 0x230000000000-0x23ffffffffff window]
[    2.050914] pci_bus 0000:64: resource 4 [io  0xa000-0xafff window]
[    2.050915] pci_bus 0000:64: resource 5 [mem 0xbbc00000-0xc5ffffff window]
[    2.050917] pci_bus 0000:64: resource 6 [mem 0x240000000000-0x24ffffffffff window]
[    2.050946] pci_bus 0000:80: resource 4 [io  0xb000-0xbfff window]
[    2.050947] pci_bus 0000:80: resource 5 [mem 0xc6800000-0xd0ffffff window]
[    2.050948] pci_bus 0000:80: resource 6 [mem 0x250000000000-0x25ffffffffff window]
[    2.050954] pci_bus 0000:81: resource 4 [io  0xc000-0xcfff window]
[    2.050955] pci_bus 0000:81: resource 5 [mem 0xd1000000-0xdbbfffff window]
[    2.050956] pci_bus 0000:81: resource 6 [mem 0x260000000000-0x26ffffffffff window]
[    2.050961] pci_bus 0000:82: resource 4 [io  0xd000-0xdfff window]
[    2.050962] pci_bus 0000:82: resource 5 [mem 0xdbc00000-0xe67fffff window]
