[    0.000000] Linux version 5.18.0 (xmu@xmu-PowerEdge-R750) (gcc (Ubuntu 8.4.0-1ubuntu1~18.04) 8.4.0, GNU ld (GNU Binutils for Ubuntu) 2.30) #1 SMP PREEMPT_DYNAMIC Sat Apr 6 15:16:25 CST 2024
[    0.000000] Command line: BOOT_IMAGE=/boot/vmlinuz-5.18.0 root=UUID=ce0c24b8-724b-4f33-9b2c-618433560aef ro memmap=16173M!4096M memmap=59G!64G quiet splash nomodeset vt.handoff=1
[    0.000000] KERNEL supported cpus:
[    0.000000]   Intel GenuineIntel
[    0.000000]   AMD AuthenticAMD
[    0.000000]   Hygon HygonGenuine
[    0.000000]   Centaur CentaurHauls
[    0.000000]   zhaoxin   Shanghai  
[    0.000000] x86/split lock detection: #AC: crashing the kernel on kernel split_locks and warning on user-space split_locks
[    0.000000] x86/fpu: Supporting XSAVE feature 0x001: 'x87 floating point registers'
[    0.000000] x86/fpu: Supporting XSAVE feature 0x002: 'SSE registers'
[    0.000000] x86/fpu: Supporting XSAVE feature 0x004: 'AVX registers'
[    0.000000] x86/fpu: Supporting XSAVE feature 0x020: 'AVX-512 opmask'
[    0.000000] x86/fpu: Supporting XSAVE feature 0x040: 'AVX-512 Hi256'
[    0.000000] x86/fpu: Supporting XSAVE feature 0x080: 'AVX-512 ZMM_Hi256'
[    0.000000] x86/fpu: Supporting XSAVE feature 0x200: 'Protection Keys User registers'
[    0.000000] x86/fpu: xstate_offset[2]:  576, xstate_sizes[2]:  256
[    0.000000] x86/fpu: xstate_offset[5]:  832, xstate_sizes[5]:   64
[    0.000000] x86/fpu: xstate_offset[6]:  896, xstate_sizes[6]:  512
[    0.000000] x86/fpu: xstate_offset[7]: 1408, xstate_sizes[7]: 1024
[    0.000000] x86/fpu: xstate_offset[9]: 2432, xstate_sizes[9]:    8
[    0.000000] x86/fpu: Enabled xstate features 0x2e7, context size is 2440 bytes, using 'compacted' format.
[    0.000000] signal: max sigframe size: 3632
[    0.000000] BIOS-provided physical RAM map:
[    0.000000] BIOS-e820: [mem 0x0000000000000000-0x000000000008efff] usable
[    0.000000] BIOS-e820: [mem 0x000000000008f000-0x000000000008ffff] reserved
[    0.000000] BIOS-e820: [mem 0x0000000000090000-0x000000000009ffff] usable
[    0.000000] BIOS-e820: [mem 0x00000000000a0000-0x00000000000fffff] reserved
[    0.000000] BIOS-e820: [mem 0x0000000000100000-0x0000000049e76fff] usable
[    0.000000] BIOS-e820: [mem 0x0000000049e77000-0x000000004ae76fff] ACPI NVS
[    0.000000] BIOS-e820: [mem 0x000000004ae77000-0x000000004b2cefff] usable
[    0.000000] BIOS-e820: [mem 0x000000004b2cf000-0x000000004b54dfff] ACPI data
[    0.000000] BIOS-e820: [mem 0x000000004b54e000-0x000000004bd93fff] usable
[    0.000000] BIOS-e820: [mem 0x000000004bd94000-0x000000004be99fff] reserved
[    0.000000] BIOS-e820: [mem 0x000000004be9a000-0x000000004cdfffff] usable
[    0.000000] BIOS-e820: [mem 0x000000004ce00000-0x000000004cffffff] reserved
[    0.000000] BIOS-e820: [mem 0x000000004d000000-0x000000005eefdfff] usable
[    0.000000] BIOS-e820: [mem 0x000000005eefe000-0x000000006e3fefff] reserved
[    0.000000] BIOS-e820: [mem 0x000000006e3ff000-0x000000006f3fefff] ACPI NVS
[    0.000000] BIOS-e820: [mem 0x000000006f3ff000-0x000000006f7fefff] ACPI data
[    0.000000] BIOS-e820: [mem 0x000000006f7ff000-0x000000006f7fffff] usable
[    0.000000] BIOS-e820: [mem 0x000000006f800000-0x000000008fffffff] reserved
[    0.000000] BIOS-e820: [mem 0x00000000fe000000-0x00000000fe010fff] reserved
[    0.000000] BIOS-e820: [mem 0x0000000100000000-0x000000207fffffff] usable
[    0.000000] BIOS-e820: [mem 0x0000002080000000-0x0000011c7fffffff] persistent (type 7)
[    0.000000] BIOS-e820: [mem 0x00001ffc00000000-0x00001fffffffffff] reserved
[    0.000000] NX (Execute Disable) protection: active
[    0.000000] e820: update [mem 0x46d5c020-0x46d6405f] usable ==> usable
[    0.000000] e820: update [mem 0x46d5c020-0x46d6405f] usable ==> usable
[    0.000000] e820: update [mem 0x46d29020-0x46d5bc5f] usable ==> usable
[    0.000000] e820: update [mem 0x46d29020-0x46d5bc5f] usable ==> usable
[    0.000000] e820: update [mem 0x46cf6020-0x46d28c5f] usable ==> usable
[    0.000000] e820: update [mem 0x46cf6020-0x46d28c5f] usable ==> usable
[    0.000000] e820: update [mem 0x46cc4020-0x46cf5a5f] usable ==> usable
[    0.000000] e820: update [mem 0x46cc4020-0x46cf5a5f] usable ==> usable
[    0.000000] extended physical RAM map:
[    0.000000] reserve setup_data: [mem 0x0000000000000000-0x000000000008efff] usable
[    0.000000] reserve setup_data: [mem 0x000000000008f000-0x000000000008ffff] reserved
[    0.000000] reserve setup_data: [mem 0x0000000000090000-0x000000000009ffff] usable
[    0.000000] reserve setup_data: [mem 0x00000000000a0000-0x00000000000fffff] reserved
[    0.000000] reserve setup_data: [mem 0x0000000000100000-0x0000000046cc401f] usable
[    0.000000] reserve setup_data: [mem 0x0000000046cc4020-0x0000000046cf5a5f] usable
[    0.000000] reserve setup_data: [mem 0x0000000046cf5a60-0x0000000046cf601f] usable
[    0.000000] reserve setup_data: [mem 0x0000000046cf6020-0x0000000046d28c5f] usable
[    0.000000] reserve setup_data: [mem 0x0000000046d28c60-0x0000000046d2901f] usable
[    0.000000] reserve setup_data: [mem 0x0000000046d29020-0x0000000046d5bc5f] usable
[    0.000000] reserve setup_data: [mem 0x0000000046d5bc60-0x0000000046d5c01f] usable
[    0.000000] reserve setup_data: [mem 0x0000000046d5c020-0x0000000046d6405f] usable
[    0.000000] reserve setup_data: [mem 0x0000000046d64060-0x0000000049e76fff] usable
[    0.000000] reserve setup_data: [mem 0x0000000049e77000-0x000000004ae76fff] ACPI NVS
[    0.000000] reserve setup_data: [mem 0x000000004ae77000-0x000000004b2cefff] usable
[    0.000000] reserve setup_data: [mem 0x000000004b2cf000-0x000000004b54dfff] ACPI data
[    0.000000] reserve setup_data: [mem 0x000000004b54e000-0x000000004bd93fff] usable
[    0.000000] reserve setup_data: [mem 0x000000004bd94000-0x000000004be99fff] reserved
[    0.000000] reserve setup_data: [mem 0x000000004be9a000-0x000000004cdfffff] usable
[    0.000000] reserve setup_data: [mem 0x000000004ce00000-0x000000004cffffff] reserved
[    0.000000] reserve setup_data: [mem 0x000000004d000000-0x000000005eefdfff] usable
[    0.000000] reserve setup_data: [mem 0x000000005eefe000-0x000000006e3fefff] reserved
[    0.000000] reserve setup_data: [mem 0x000000006e3ff000-0x000000006f3fefff] ACPI NVS
[    0.000000] reserve setup_data: [mem 0x000000006f3ff000-0x000000006f7fefff] ACPI data
[    0.000000] reserve setup_data: [mem 0x000000006f7ff000-0x000000006f7fffff] usable
[    0.000000] reserve setup_data: [mem 0x000000006f800000-0x000000008fffffff] reserved
[    0.000000] reserve setup_data: [mem 0x00000000fe000000-0x00000000fe010fff] reserved
[    0.000000] reserve setup_data: [mem 0x0000000100000000-0x00000004f2cfffff] persistent (type 12)
[    0.000000] reserve setup_data: [mem 0x00000004f2d00000-0x0000000fffffffff] usable
[    0.000000] reserve setup_data: [mem 0x0000001000000000-0x0000001ebfffffff] persistent (type 12)
[    0.000000] reserve setup_data: [mem 0x0000001ec0000000-0x000000207fffffff] usable
[    0.000000] reserve setup_data: [mem 0x0000002080000000-0x0000011c7fffffff] persistent (type 7)
[    0.000000] reserve setup_data: [mem 0x00001ffc00000000-0x00001fffffffffff] reserved
[    0.000000] user-defined physical RAM map:
[    0.000000] user: [mem 0x0000000000000000-0x000000000008efff] usable
[    0.000000] user: [mem 0x000000000008f000-0x000000000008ffff] reserved
[    0.000000] user: [mem 0x0000000000090000-0x000000000009ffff] usable
[    0.000000] user: [mem 0x00000000000a0000-0x00000000000fffff] reserved
[    0.000000] user: [mem 0x0000000000100000-0x0000000046cc401f] usable
[    0.000000] user: [mem 0x0000000046cc4020-0x0000000046cf5a5f] usable
[    0.000000] user: [mem 0x0000000046cf5a60-0x0000000046cf601f] usable
[    0.000000] user: [mem 0x0000000046cf6020-0x0000000046d28c5f] usable
[    0.000000] user: [mem 0x0000000046d28c60-0x0000000046d2901f] usable
[    0.000000] user: [mem 0x0000000046d29020-0x0000000046d5bc5f] usable
[    0.000000] user: [mem 0x0000000046d5bc60-0x0000000046d5c01f] usable
[    0.000000] user: [mem 0x0000000046d5c020-0x0000000046d6405f] usable
[    0.000000] user: [mem 0x0000000046d64060-0x0000000049e76fff] usable
[    0.000000] user: [mem 0x0000000049e77000-0x000000004ae76fff] ACPI NVS
[    0.000000] user: [mem 0x000000004ae77000-0x000000004b2cefff] usable
[    0.000000] user: [mem 0x000000004b2cf000-0x000000004b54dfff] ACPI data
[    0.000000] user: [mem 0x000000004b54e000-0x000000004bd93fff] usable
[    0.000000] user: [mem 0x000000004bd94000-0x000000004be99fff] reserved
[    0.000000] user: [mem 0x000000004be9a000-0x000000004cdfffff] usable
[    0.000000] user: [mem 0x000000004ce00000-0x000000004cffffff] reserved
[    0.000000] user: [mem 0x000000004d000000-0x000000005eefdfff] usable
[    0.000000] user: [mem 0x000000005eefe000-0x000000006e3fefff] reserved
[    0.000000] user: [mem 0x000000006e3ff000-0x000000006f3fefff] ACPI NVS
[    0.000000] user: [mem 0x000000006f3ff000-0x000000006f7fefff] ACPI data
[    0.000000] user: [mem 0x000000006f7ff000-0x000000006f7fffff] usable
[    0.000000] user: [mem 0x000000006f800000-0x000000008fffffff] reserved
[    0.000000] user: [mem 0x00000000fe000000-0x00000000fe010fff] reserved
[    0.000000] user: [mem 0x0000000100000000-0x00000004f2cfffff] persistent (type 12)
[    0.000000] user: [mem 0x00000004f2d00000-0x0000000fffffffff] usable
[    0.000000] user: [mem 0x0000001000000000-0x0000001ebfffffff] persistent (type 12)
[    0.000000] user: [mem 0x0000001ec0000000-0x000000207fffffff] usable
[    0.000000] user: [mem 0x0000002080000000-0x0000011c7fffffff] persistent (type 7)
[    0.000000] user: [mem 0x00001ffc00000000-0x00001fffffffffff] reserved
[    0.000000] efi: EFI v2.70 by Dell Inc.
[    0.000000] efi: ACPI=0x6f7fe000 ACPI 2.0=0x6f7fe014 MEMATTR=0x5b070020 SMBIOS=0x69526000 SMBIOS 3.0=0x69524000 MOKvar=0x5ef81000 RNG=0x5ef8a920 
[    0.000000] efi: seeding entropy pool
[    0.000000] SMBIOS 3.3.0 present.
[    0.000000] DMI: Dell Inc. PowerEdge R750/0K8F35, BIOS 1.10.2 03/03/2023
[    0.000000] tsc: Detected 2000.000 MHz processor
[    0.000007] e820: update [mem 0x00000000-0x00000fff] usable ==> reserved
[    0.000009] e820: remove [mem 0x000a0000-0x000fffff] usable
[    0.000018] last_pfn = 0x2080000 max_arch_pfn = 0x400000000
[    0.000193] x86/PAT: Configuration [0-7]: WB  WC  UC- UC  WB  WP  UC- WT  
[    0.002851] total RAM covered: 2095088M
[    0.002937]  gran_size: 64K 	chunk_size: 64K 	num_reg: 10  	lose cover RAM: 2016G
[    0.002940]  gran_size: 64K 	chunk_size: 128K 	num_reg: 10  	lose cover RAM: 2016G
[    0.002942]  gran_size: 64K 	chunk_size: 256K 	num_reg: 10  	lose cover RAM: 2016G
[    0.002943]  gran_size: 64K 	chunk_size: 512K 	num_reg: 10  	lose cover RAM: 2016G
[    0.002945]  gran_size: 64K 	chunk_size: 1M 	num_reg: 10  	lose cover RAM: 2016G
[    0.002946]  gran_size: 64K 	chunk_size: 2M 	num_reg: 10  	lose cover RAM: 2016G
[    0.002947]  gran_size: 64K 	chunk_size: 4M 	num_reg: 10  	lose cover RAM: 2016G
[    0.002949]  gran_size: 64K 	chunk_size: 8M 	num_reg: 10  	lose cover RAM: 2016G
[    0.002950]  gran_size: 64K 	chunk_size: 16M 	num_reg: 10  	lose cover RAM: 2016G
[    0.002951]  gran_size: 64K 	chunk_size: 32M 	num_reg: 10  	lose cover RAM: 1024G
[    0.002953]  gran_size: 64K 	chunk_size: 64M 	num_reg: 10  	lose cover RAM: 1024G
[    0.002954]  gran_size: 64K 	chunk_size: 128M 	num_reg: 10  	lose cover RAM: 1024G
[    0.002955]  gran_size: 64K 	chunk_size: 256M 	num_reg: 10  	lose cover RAM: 1024G
[    0.002957]  gran_size: 64K 	chunk_size: 512M 	num_reg: 10  	lose cover RAM: 1024G
[    0.002958]  gran_size: 64K 	chunk_size: 1G 	num_reg: 10  	lose cover RAM: 1024G
[    0.002959]  gran_size: 64K 	chunk_size: 2G 	num_reg: 10  	lose cover RAM: 1024G
[    0.002960]  gran_size: 128K 	chunk_size: 128K 	num_reg: 10  	lose cover RAM: 2016G
[    0.002962]  gran_size: 128K 	chunk_size: 256K 	num_reg: 10  	lose cover RAM: 2016G
[    0.002963]  gran_size: 128K 	chunk_size: 512K 	num_reg: 10  	lose cover RAM: 2016G
[    0.002964]  gran_size: 128K 	chunk_size: 1M 	num_reg: 10  	lose cover RAM: 2016G
[    0.002966]  gran_size: 128K 	chunk_size: 2M 	num_reg: 10  	lose cover RAM: 2016G
[    0.002967]  gran_size: 128K 	chunk_size: 4M 	num_reg: 10  	lose cover RAM: 2016G
[    0.002968]  gran_size: 128K 	chunk_size: 8M 	num_reg: 10  	lose cover RAM: 2016G
[    0.002970]  gran_size: 128K 	chunk_size: 16M 	num_reg: 10  	lose cover RAM: 2016G
[    0.002971]  gran_size: 128K 	chunk_size: 32M 	num_reg: 10  	lose cover RAM: 1024G
[    0.002972]  gran_size: 128K 	chunk_size: 64M 	num_reg: 10  	lose cover RAM: 1024G
[    0.002974]  gran_size: 128K 	chunk_size: 128M 	num_reg: 10  	lose cover RAM: 1024G
[    0.002975]  gran_size: 128K 	chunk_size: 256M 	num_reg: 10  	lose cover RAM: 1024G
[    0.002976]  gran_size: 128K 	chunk_size: 512M 	num_reg: 10  	lose cover RAM: 1024G
[    0.002978]  gran_size: 128K 	chunk_size: 1G 	num_reg: 10  	lose cover RAM: 1024G
[    0.002979]  gran_size: 128K 	chunk_size: 2G 	num_reg: 10  	lose cover RAM: 1024G
[    0.002981]  gran_size: 256K 	chunk_size: 256K 	num_reg: 10  	lose cover RAM: 2016G
[    0.002982]  gran_size: 256K 	chunk_size: 512K 	num_reg: 10  	lose cover RAM: 2016G
[    0.002983]  gran_size: 256K 	chunk_size: 1M 	num_reg: 10  	lose cover RAM: 2016G
[    0.002985]  gran_size: 256K 	chunk_size: 2M 	num_reg: 10  	lose cover RAM: 2016G
[    0.002986]  gran_size: 256K 	chunk_size: 4M 	num_reg: 10  	lose cover RAM: 2016G
[    0.002988]  gran_size: 256K 	chunk_size: 8M 	num_reg: 10  	lose cover RAM: 2016G
[    0.002989]  gran_size: 256K 	chunk_size: 16M 	num_reg: 10  	lose cover RAM: 2016G
[    0.002990]  gran_size: 256K 	chunk_size: 32M 	num_reg: 10  	lose cover RAM: 1024G
[    0.002992]  gran_size: 256K 	chunk_size: 64M 	num_reg: 10  	lose cover RAM: 1024G
[    0.002993]  gran_size: 256K 	chunk_size: 128M 	num_reg: 10  	lose cover RAM: 1024G
[    0.002994]  gran_size: 256K 	chunk_size: 256M 	num_reg: 10  	lose cover RAM: 1024G
[    0.002995]  gran_size: 256K 	chunk_size: 512M 	num_reg: 10  	lose cover RAM: 1024G
[    0.002997]  gran_size: 256K 	chunk_size: 1G 	num_reg: 10  	lose cover RAM: 1024G
[    0.002998]  gran_size: 256K 	chunk_size: 2G 	num_reg: 10  	lose cover RAM: 1024G
[    0.002999]  gran_size: 512K 	chunk_size: 512K 	num_reg: 10  	lose cover RAM: 2016G
[    0.003001]  gran_size: 512K 	chunk_size: 1M 	num_reg: 10  	lose cover RAM: 2016G
[    0.003002]  gran_size: 512K 	chunk_size: 2M 	num_reg: 10  	lose cover RAM: 2016G
[    0.003003]  gran_size: 512K 	chunk_size: 4M 	num_reg: 10  	lose cover RAM: 2016G
[    0.003004]  gran_size: 512K 	chunk_size: 8M 	num_reg: 10  	lose cover RAM: 2016G
[    0.003006]  gran_size: 512K 	chunk_size: 16M 	num_reg: 10  	lose cover RAM: 2016G
[    0.003007]  gran_size: 512K 	chunk_size: 32M 	num_reg: 10  	lose cover RAM: 1024G
[    0.003008]  gran_size: 512K 	chunk_size: 64M 	num_reg: 10  	lose cover RAM: 1024G
[    0.003010]  gran_size: 512K 	chunk_size: 128M 	num_reg: 10  	lose cover RAM: 1024G
[    0.003011]  gran_size: 512K 	chunk_size: 256M 	num_reg: 10  	lose cover RAM: 1024G
[    0.003012]  gran_size: 512K 	chunk_size: 512M 	num_reg: 10  	lose cover RAM: 1024G
[    0.003014]  gran_size: 512K 	chunk_size: 1G 	num_reg: 10  	lose cover RAM: 1024G
[    0.003015]  gran_size: 512K 	chunk_size: 2G 	num_reg: 10  	lose cover RAM: 1024G
[    0.003016]  gran_size: 1M 	chunk_size: 1M 	num_reg: 10  	lose cover RAM: 2016G
[    0.003018]  gran_size: 1M 	chunk_size: 2M 	num_reg: 10  	lose cover RAM: 2016G
[    0.003019]  gran_size: 1M 	chunk_size: 4M 	num_reg: 10  	lose cover RAM: 2016G
[    0.003020]  gran_size: 1M 	chunk_size: 8M 	num_reg: 10  	lose cover RAM: 2016G
[    0.003022]  gran_size: 1M 	chunk_size: 16M 	num_reg: 10  	lose cover RAM: 2016G
[    0.003023]  gran_size: 1M 	chunk_size: 32M 	num_reg: 10  	lose cover RAM: 1024G
[    0.003024]  gran_size: 1M 	chunk_size: 64M 	num_reg: 10  	lose cover RAM: 1024G
[    0.003026]  gran_size: 1M 	chunk_size: 128M 	num_reg: 10  	lose cover RAM: 1024G
[    0.003027]  gran_size: 1M 	chunk_size: 256M 	num_reg: 10  	lose cover RAM: 1024G
[    0.003028]  gran_size: 1M 	chunk_size: 512M 	num_reg: 10  	lose cover RAM: 1024G
[    0.003030]  gran_size: 1M 	chunk_size: 1G 	num_reg: 10  	lose cover RAM: 1024G
[    0.003031]  gran_size: 1M 	chunk_size: 2G 	num_reg: 10  	lose cover RAM: 1024G
[    0.003032]  gran_size: 2M 	chunk_size: 2M 	num_reg: 10  	lose cover RAM: 2016G
[    0.003034]  gran_size: 2M 	chunk_size: 4M 	num_reg: 10  	lose cover RAM: 2016G
[    0.003035]  gran_size: 2M 	chunk_size: 8M 	num_reg: 10  	lose cover RAM: 2016G
[    0.003036]  gran_size: 2M 	chunk_size: 16M 	num_reg: 10  	lose cover RAM: 2016G
[    0.003037]  gran_size: 2M 	chunk_size: 32M 	num_reg: 10  	lose cover RAM: 1024G
[    0.003039]  gran_size: 2M 	chunk_size: 64M 	num_reg: 10  	lose cover RAM: 1024G
[    0.003040]  gran_size: 2M 	chunk_size: 128M 	num_reg: 10  	lose cover RAM: 1024G
[    0.003042]  gran_size: 2M 	chunk_size: 256M 	num_reg: 10  	lose cover RAM: 1024G
[    0.003043]  gran_size: 2M 	chunk_size: 512M 	num_reg: 10  	lose cover RAM: 1024G
[    0.003044]  gran_size: 2M 	chunk_size: 1G 	num_reg: 10  	lose cover RAM: 1024G
[    0.003046]  gran_size: 2M 	chunk_size: 2G 	num_reg: 10  	lose cover RAM: 1024G
[    0.003047]  gran_size: 4M 	chunk_size: 4M 	num_reg: 10  	lose cover RAM: 2016G
[    0.003048]  gran_size: 4M 	chunk_size: 8M 	num_reg: 10  	lose cover RAM: 2016G
[    0.003050]  gran_size: 4M 	chunk_size: 16M 	num_reg: 10  	lose cover RAM: 2016G
[    0.003051]  gran_size: 4M 	chunk_size: 32M 	num_reg: 10  	lose cover RAM: 1024G
[    0.003052]  gran_size: 4M 	chunk_size: 64M 	num_reg: 10  	lose cover RAM: 1024G
[    0.003054]  gran_size: 4M 	chunk_size: 128M 	num_reg: 10  	lose cover RAM: 1024G
[    0.003055]  gran_size: 4M 	chunk_size: 256M 	num_reg: 10  	lose cover RAM: 1024G
[    0.003056]  gran_size: 4M 	chunk_size: 512M 	num_reg: 10  	lose cover RAM: 1024G
[    0.003058]  gran_size: 4M 	chunk_size: 1G 	num_reg: 10  	lose cover RAM: 1024G
[    0.003059]  gran_size: 4M 	chunk_size: 2G 	num_reg: 10  	lose cover RAM: 1024G
[    0.003060]  gran_size: 8M 	chunk_size: 8M 	num_reg: 10  	lose cover RAM: 2016G
[    0.003062]  gran_size: 8M 	chunk_size: 16M 	num_reg: 10  	lose cover RAM: 2016G
[    0.003063]  gran_size: 8M 	chunk_size: 32M 	num_reg: 10  	lose cover RAM: 1024G
[    0.003064]  gran_size: 8M 	chunk_size: 64M 	num_reg: 10  	lose cover RAM: 1024G
[    0.003065]  gran_size: 8M 	chunk_size: 128M 	num_reg: 10  	lose cover RAM: 1024G
[    0.003067]  gran_size: 8M 	chunk_size: 256M 	num_reg: 10  	lose cover RAM: 1024G
[    0.003068]  gran_size: 8M 	chunk_size: 512M 	num_reg: 10  	lose cover RAM: 1024G
[    0.003069]  gran_size: 8M 	chunk_size: 1G 	num_reg: 10  	lose cover RAM: 1024G
[    0.003071]  gran_size: 8M 	chunk_size: 2G 	num_reg: 10  	lose cover RAM: 1024G
[    0.003072]  gran_size: 16M 	chunk_size: 16M 	num_reg: 10  	lose cover RAM: 2016G
[    0.003073]  gran_size: 16M 	chunk_size: 32M 	num_reg: 10  	lose cover RAM: 1024G
[    0.003074]  gran_size: 16M 	chunk_size: 64M 	num_reg: 10  	lose cover RAM: 1024G
[    0.003076]  gran_size: 16M 	chunk_size: 128M 	num_reg: 10  	lose cover RAM: 1024G
[    0.003077]  gran_size: 16M 	chunk_size: 256M 	num_reg: 10  	lose cover RAM: 1024G
[    0.003079]  gran_size: 16M 	chunk_size: 512M 	num_reg: 10  	lose cover RAM: 1024G
[    0.003080]  gran_size: 16M 	chunk_size: 1G 	num_reg: 10  	lose cover RAM: 1024G
[    0.003081]  gran_size: 16M 	chunk_size: 2G 	num_reg: 10  	lose cover RAM: 1024G
[    0.003083]  gran_size: 32M 	chunk_size: 32M 	num_reg: 10  	lose cover RAM: 2031632M
[    0.003084]  gran_size: 32M 	chunk_size: 64M 	num_reg: 10  	lose cover RAM: 1048592M
[    0.003086]  gran_size: 32M 	chunk_size: 128M 	num_reg: 10  	lose cover RAM: 1048592M
[    0.003087]  gran_size: 32M 	chunk_size: 256M 	num_reg: 10  	lose cover RAM: 1048592M
[    0.003088]  gran_size: 32M 	chunk_size: 512M 	num_reg: 10  	lose cover RAM: 1048592M
[    0.003090]  gran_size: 32M 	chunk_size: 1G 	num_reg: 10  	lose cover RAM: 1048592M
[    0.003091]  gran_size: 32M 	chunk_size: 2G 	num_reg: 10  	lose cover RAM: 1048592M
[    0.003092]  gran_size: 64M 	chunk_size: 64M 	num_reg: 10  	lose cover RAM: 1966128M
[    0.003094]  gran_size: 64M 	chunk_size: 128M 	num_reg: 10  	lose cover RAM: 1048624M
[    0.003095]  gran_size: 64M 	chunk_size: 256M 	num_reg: 10  	lose cover RAM: 1048624M
[    0.003096]  gran_size: 64M 	chunk_size: 512M 	num_reg: 10  	lose cover RAM: 1048624M
[    0.003098]  gran_size: 64M 	chunk_size: 1G 	num_reg: 10  	lose cover RAM: 1048624M
[    0.003099]  gran_size: 64M 	chunk_size: 2G 	num_reg: 10  	lose cover RAM: 1048624M
[    0.003100]  gran_size: 128M 	chunk_size: 128M 	num_reg: 10  	lose cover RAM: 1835120M
[    0.003102]  gran_size: 128M 	chunk_size: 256M 	num_reg: 10  	lose cover RAM: 1048688M
[    0.003103]  gran_size: 128M 	chunk_size: 512M 	num_reg: 10  	lose cover RAM: 1048688M
[    0.003105]  gran_size: 128M 	chunk_size: 1G 	num_reg: 10  	lose cover RAM: 1048688M
[    0.003106]  gran_size: 128M 	chunk_size: 2G 	num_reg: 10  	lose cover RAM: 1048688M
[    0.003108]  gran_size: 256M 	chunk_size: 256M 	num_reg: 10  	lose cover RAM: 1573104M
[    0.003109]  gran_size: 256M 	chunk_size: 512M 	num_reg: 10  	lose cover RAM: 1048816M
[    0.003110]  gran_size: 256M 	chunk_size: 1G 	num_reg: 10  	lose cover RAM: 1048816M
[    0.003112]  gran_size: 256M 	chunk_size: 2G 	num_reg: 10  	lose cover RAM: 1048816M
[    0.003113]  gran_size: 512M 	chunk_size: 512M 	num_reg: 10  	lose cover RAM: 1049072M
[    0.003114]  gran_size: 512M 	chunk_size: 1G 	num_reg: 10  	lose cover RAM: 1049072M
[    0.003116]  gran_size: 512M 	chunk_size: 2G 	num_reg: 10  	lose cover RAM: 1049072M
[    0.003117]  gran_size: 1G 	chunk_size: 1G 	num_reg: 10  	lose cover RAM: 1008M
[    0.003118]  gran_size: 1G 	chunk_size: 2G 	num_reg: 10  	lose cover RAM: 1008M
[    0.003120]  gran_size: 2G 	chunk_size: 2G 	num_reg: 9  	lose cover RAM: 2032M
[    0.003121] mtrr_cleanup: can not find optimal value
[    0.003122] please specify mtrr_gran_size/mtrr_chunk_size
[    0.003124] e820: update [mem 0x7f000000-0xffffffff] usable ==> reserved
[    0.003128] x2apic: enabled by BIOS, switching to x2apic ops
[    0.003129] last_pfn = 0x6f800 max_arch_pfn = 0x400000000
[    0.014556] Using GB pages for direct mapping
[    0.016027] Secure boot disabled
[    0.016028] RAMDISK: [mem 0x205de61000-0x207fffffff]
[    0.016033] ACPI: Early table checksum verification disabled
[    0.016035] ACPI: RSDP 0x000000006F7FE014 000024 (v02 DELL  )
[    0.016039] ACPI: XSDT 0x000000006F41C188 0000F4 (v01 DELL   PE_SC3   00000000 DELL 01000013)
[    0.016044] ACPI: FACP 0x000000006F430000 000114 (v06 DELL   PE_SC3   00000000 DELL 00000001)
[    0.016049] ACPI: DSDT 0x000000004B4CE000 07FAD3 (v02 DELL   PE_SC3   00000003 DELL 00000001)
[    0.016053] ACPI: FACS 0x000000006F2F2000 000040
[    0.016056] ACPI: SSDT 0x000000006F7FB000 00159A (v02 INTEL  RAS_ACPI 00000001 INTL 20210331)
[    0.016060] ACPI: SSDT 0x000000006F7FA000 000745 (v02 INTEL  ADDRXLAT 00000001 INTL 20210331)
[    0.016063] ACPI: MCEJ 0x000000006F7F9000 000130 (v01 INTEL           00000001 INTL 0100000D)
[    0.016067] ACPI: BERT 0x000000006F7F8000 000030 (v01 DELL   PE_SC3   00000001 INTL 00000001)
[    0.016070] ACPI: ERST 0x000000006F7F7000 000230 (v01 DELL   PE_SC3   00000001 INTL 00000001)
[    0.016074] ACPI: SSDT 0x000000006F431000 3C524E (v02 INTEL  SSDTNVDR 00001000 INTL 20210331)
[    0.016077] ACPI: HMAT 0x000000006F42F000 000210 (v01 DELL   PE_SC3   00000001 DELL 00000001)
[    0.016080] ACPI: HPET 0x000000006F42E000 000038 (v01 DELL   PE_SC3   00000001 DELL 00000001)
[    0.016084] ACPI: MCFG 0x000000006F42D000 00003C (v01 DELL   PE_SC3   00000001 DELL 00000001)
[    0.016087] ACPI: MIGT 0x000000006F42C000 000040 (v01 DELL   PE_SC3   00000000 DELL 00000001)
[    0.016090] ACPI: MSCT 0x000000006F42B000 000090 (v01 DELL   PE_SC3   00000001 DELL 00000001)
[    0.016094] ACPI: PMTT 0x000000006F429000 0011E8 (v02 DELL   PE_SC3   00000001 DELL 00000001)
[    0.016097] ACPI: WSMT 0x000000006F428000 000028 (v01 DELL   PE_SC3   00000000 DELL 00000001)
[    0.016100] ACPI: APIC 0x000000006F427000 00075E (v04 DELL   PE_SC3   00000000 DELL 00000001)
[    0.016104] ACPI: SLIT 0x000000006F426000 00003C (v01 DELL   PE_SC3   00000001 DELL 01000013)
[    0.016107] ACPI: SRAT 0x000000006F41F000 006430 (v03 DELL   PE_SC3   00000002 DELL 01000013)
[    0.016110] ACPI: OEM4 0x000000004B346000 187A61 (v02 INTEL  CPU  CST 00003000 INTL 20210331)
[    0.016114] ACPI: SSDT 0x000000004B2CF000 0764A5 (v02 INTEL  SSDT  PM 00004000 INTL 20210331)
[    0.016117] ACPI: SSDT 0x000000006F41E000 000A1F (v02 DELL   PE_SC3   00000000 DELL 00000001)
[    0.016120] ACPI: HEST 0x000000006F41D000 00017C (v01 DELL   PE_SC3   00000001 INTL 00000001)
[    0.016123] ACPI: PCAT 0x000000006F41B000 00010C (v19 DELL   PE_SC3   00000002 DELL 00000001)
[    0.016127] ACPI: SSDT 0x000000006F413000 007299 (v02 INTEL  SpsNm    00000002 INTL 20210331)
[    0.016130] ACPI: SSDT 0x000000006F412000 000426 (v02 DELL   PE_SC3   00000002 DELL 00000001)
[    0.016133] ACPI: NFIT 0x000000006F7FD000 000488 (v01 DELL   PE_SC3   00000002 DELL 00000001)
[    0.016137] ACPI: DMAR 0x000000006F411000 000158 (v01 DELL   PE_SC3   00000001 DELL 00000001)
[    0.016139] ACPI: Reserving FACP table memory at [mem 0x6f430000-0x6f430113]
[    0.016141] ACPI: Reserving DSDT table memory at [mem 0x4b4ce000-0x4b54dad2]
[    0.016142] ACPI: Reserving FACS table memory at [mem 0x6f2f2000-0x6f2f203f]
[    0.016143] ACPI: Reserving SSDT table memory at [mem 0x6f7fb000-0x6f7fc599]
[    0.016144] ACPI: Reserving SSDT table memory at [mem 0x6f7fa000-0x6f7fa744]
[    0.016145] ACPI: Reserving MCEJ table memory at [mem 0x6f7f9000-0x6f7f912f]
[    0.016146] ACPI: Reserving BERT table memory at [mem 0x6f7f8000-0x6f7f802f]
[    0.016147] ACPI: Reserving ERST table memory at [mem 0x6f7f7000-0x6f7f722f]
[    0.016148] ACPI: Reserving SSDT table memory at [mem 0x6f431000-0x6f7f624d]
[    0.016148] ACPI: Reserving HMAT table memory at [mem 0x6f42f000-0x6f42f20f]
[    0.016149] ACPI: Reserving HPET table memory at [mem 0x6f42e000-0x6f42e037]
[    0.016150] ACPI: Reserving MCFG table memory at [mem 0x6f42d000-0x6f42d03b]
[    0.016151] ACPI: Reserving MIGT table memory at [mem 0x6f42c000-0x6f42c03f]
[    0.016152] ACPI: Reserving MSCT table memory at [mem 0x6f42b000-0x6f42b08f]
[    0.016153] ACPI: Reserving PMTT table memory at [mem 0x6f429000-0x6f42a1e7]
[    0.016154] ACPI: Reserving WSMT table memory at [mem 0x6f428000-0x6f428027]
[    0.016155] ACPI: Reserving APIC table memory at [mem 0x6f427000-0x6f42775d]
[    0.016156] ACPI: Reserving SLIT table memory at [mem 0x6f426000-0x6f42603b]
[    0.016157] ACPI: Reserving SRAT table memory at [mem 0x6f41f000-0x6f42542f]
[    0.016157] ACPI: Reserving OEM4 table memory at [mem 0x4b346000-0x4b4cda60]
[    0.016158] ACPI: Reserving SSDT table memory at [mem 0x4b2cf000-0x4b3454a4]
[    0.016159] ACPI: Reserving SSDT table memory at [mem 0x6f41e000-0x6f41ea1e]
[    0.016160] ACPI: Reserving HEST table memory at [mem 0x6f41d000-0x6f41d17b]
[    0.016161] ACPI: Reserving PCAT table memory at [mem 0x6f41b000-0x6f41b10b]
[    0.016162] ACPI: Reserving SSDT table memory at [mem 0x6f413000-0x6f41a298]
[    0.016163] ACPI: Reserving SSDT table memory at [mem 0x6f412000-0x6f412425]
[    0.016164] ACPI: Reserving NFIT table memory at [mem 0x6f7fd000-0x6f7fd487]
[    0.016165] ACPI: Reserving DMAR table memory at [mem 0x6f411000-0x6f411157]
[    0.016175] Setting APIC routing to cluster x2apic.
[    0.016222] SRAT: PXM 0 -> APIC 0x0000 -> Node 0
[    0.016223] SRAT: PXM 0 -> APIC 0x0001 -> Node 0
[    0.016224] SRAT: PXM 0 -> APIC 0x0002 -> Node 0
[    0.016225] SRAT: PXM 0 -> APIC 0x0003 -> Node 0
[    0.016225] SRAT: PXM 0 -> APIC 0x0004 -> Node 0
[    0.016226] SRAT: PXM 0 -> APIC 0x0005 -> Node 0
[    0.016226] SRAT: PXM 0 -> APIC 0x0006 -> Node 0
[    0.016227] SRAT: PXM 0 -> APIC 0x0007 -> Node 0
[    0.016228] SRAT: PXM 0 -> APIC 0x0008 -> Node 0
[    0.016228] SRAT: PXM 0 -> APIC 0x0009 -> Node 0
[    0.016229] SRAT: PXM 0 -> APIC 0x000a -> Node 0
[    0.016230] SRAT: PXM 0 -> APIC 0x000b -> Node 0
[    0.016231] SRAT: PXM 0 -> APIC 0x000c -> Node 0
[    0.016231] SRAT: PXM 0 -> APIC 0x000d -> Node 0
[    0.016232] SRAT: PXM 0 -> APIC 0x000e -> Node 0
[    0.016233] SRAT: PXM 0 -> APIC 0x000f -> Node 0
[    0.016233] SRAT: PXM 0 -> APIC 0x0010 -> Node 0
[    0.016234] SRAT: PXM 0 -> APIC 0x0011 -> Node 0
[    0.016235] SRAT: PXM 0 -> APIC 0x0012 -> Node 0
[    0.016236] SRAT: PXM 0 -> APIC 0x0013 -> Node 0
[    0.016237] SRAT: PXM 0 -> APIC 0x0014 -> Node 0
[    0.016237] SRAT: PXM 0 -> APIC 0x0015 -> Node 0
[    0.016238] SRAT: PXM 0 -> APIC 0x0016 -> Node 0
[    0.016238] SRAT: PXM 0 -> APIC 0x0017 -> Node 0
[    0.016239] SRAT: PXM 0 -> APIC 0x0018 -> Node 0
[    0.016240] SRAT: PXM 0 -> APIC 0x0019 -> Node 0
[    0.016240] SRAT: PXM 0 -> APIC 0x001a -> Node 0
[    0.016241] SRAT: PXM 0 -> APIC 0x001b -> Node 0
[    0.016242] SRAT: PXM 0 -> APIC 0x001c -> Node 0
[    0.016242] SRAT: PXM 0 -> APIC 0x001d -> Node 0
[    0.016243] SRAT: PXM 0 -> APIC 0x001e -> Node 0
[    0.016244] SRAT: PXM 0 -> APIC 0x001f -> Node 0
[    0.016244] SRAT: PXM 0 -> APIC 0x0020 -> Node 0
[    0.016245] SRAT: PXM 0 -> APIC 0x0021 -> Node 0
[    0.016246] SRAT: PXM 0 -> APIC 0x0022 -> Node 0
[    0.016246] SRAT: PXM 0 -> APIC 0x0023 -> Node 0
[    0.016247] SRAT: PXM 0 -> APIC 0x0024 -> Node 0
[    0.016248] SRAT: PXM 0 -> APIC 0x0025 -> Node 0
[    0.016248] SRAT: PXM 0 -> APIC 0x0026 -> Node 0
[    0.016249] SRAT: PXM 0 -> APIC 0x0027 -> Node 0
[    0.016249] SRAT: PXM 0 -> APIC 0x0028 -> Node 0
[    0.016250] SRAT: PXM 0 -> APIC 0x0029 -> Node 0
[    0.016251] SRAT: PXM 0 -> APIC 0x002a -> Node 0
[    0.016251] SRAT: PXM 0 -> APIC 0x002b -> Node 0
[    0.016252] SRAT: PXM 0 -> APIC 0x002c -> Node 0
[    0.016253] SRAT: PXM 0 -> APIC 0x002d -> Node 0
[    0.016253] SRAT: PXM 0 -> APIC 0x002e -> Node 0
[    0.016254] SRAT: PXM 0 -> APIC 0x002f -> Node 0
[    0.016255] SRAT: PXM 0 -> APIC 0x0030 -> Node 0
[    0.016255] SRAT: PXM 0 -> APIC 0x0031 -> Node 0
[    0.016256] SRAT: PXM 0 -> APIC 0x0032 -> Node 0
[    0.016257] SRAT: PXM 0 -> APIC 0x0033 -> Node 0
[    0.016257] SRAT: PXM 0 -> APIC 0x0034 -> Node 0
[    0.016258] SRAT: PXM 0 -> APIC 0x0035 -> Node 0
[    0.016259] SRAT: PXM 0 -> APIC 0x0036 -> Node 0
[    0.016259] SRAT: PXM 0 -> APIC 0x0037 -> Node 0
[    0.016260] SRAT: PXM 1 -> APIC 0x0080 -> Node 1
[    0.016261] SRAT: PXM 1 -> APIC 0x0081 -> Node 1
[    0.016261] SRAT: PXM 1 -> APIC 0x0082 -> Node 1
[    0.016262] SRAT: PXM 1 -> APIC 0x0083 -> Node 1
[    0.016263] SRAT: PXM 1 -> APIC 0x0084 -> Node 1
[    0.016264] SRAT: PXM 1 -> APIC 0x0085 -> Node 1
[    0.016265] SRAT: PXM 1 -> APIC 0x0086 -> Node 1
[    0.016265] SRAT: PXM 1 -> APIC 0x0087 -> Node 1
[    0.016266] SRAT: PXM 1 -> APIC 0x0088 -> Node 1
[    0.016267] SRAT: PXM 1 -> APIC 0x0089 -> Node 1
[    0.016268] SRAT: PXM 1 -> APIC 0x008a -> Node 1
[    0.016268] SRAT: PXM 1 -> APIC 0x008b -> Node 1
[    0.016269] SRAT: PXM 1 -> APIC 0x008c -> Node 1
[    0.016270] SRAT: PXM 1 -> APIC 0x008d -> Node 1
[    0.016270] SRAT: PXM 1 -> APIC 0x008e -> Node 1
[    0.016271] SRAT: PXM 1 -> APIC 0x008f -> Node 1
[    0.016272] SRAT: PXM 1 -> APIC 0x0090 -> Node 1
[    0.016272] SRAT: PXM 1 -> APIC 0x0091 -> Node 1
[    0.016273] SRAT: PXM 1 -> APIC 0x0092 -> Node 1
[    0.016274] SRAT: PXM 1 -> APIC 0x0093 -> Node 1
[    0.016274] SRAT: PXM 1 -> APIC 0x0094 -> Node 1
[    0.016275] SRAT: PXM 1 -> APIC 0x0095 -> Node 1
[    0.016275] SRAT: PXM 1 -> APIC 0x0096 -> Node 1
[    0.016276] SRAT: PXM 1 -> APIC 0x0097 -> Node 1
[    0.016277] SRAT: PXM 1 -> APIC 0x0098 -> Node 1
[    0.016277] SRAT: PXM 1 -> APIC 0x0099 -> Node 1
[    0.016278] SRAT: PXM 1 -> APIC 0x009a -> Node 1
[    0.016279] SRAT: PXM 1 -> APIC 0x009b -> Node 1
[    0.016279] SRAT: PXM 1 -> APIC 0x009c -> Node 1
[    0.016280] SRAT: PXM 1 -> APIC 0x009d -> Node 1
[    0.016281] SRAT: PXM 1 -> APIC 0x009e -> Node 1
[    0.016281] SRAT: PXM 1 -> APIC 0x009f -> Node 1
[    0.016282] SRAT: PXM 1 -> APIC 0x00a0 -> Node 1
[    0.016283] SRAT: PXM 1 -> APIC 0x00a1 -> Node 1
[    0.016283] SRAT: PXM 1 -> APIC 0x00a2 -> Node 1
[    0.016284] SRAT: PXM 1 -> APIC 0x00a3 -> Node 1
[    0.016285] SRAT: PXM 1 -> APIC 0x00a4 -> Node 1
[    0.016285] SRAT: PXM 1 -> APIC 0x00a5 -> Node 1
[    0.016286] SRAT: PXM 1 -> APIC 0x00a6 -> Node 1
[    0.016287] SRAT: PXM 1 -> APIC 0x00a7 -> Node 1
[    0.016287] SRAT: PXM 1 -> APIC 0x00a8 -> Node 1
[    0.016288] SRAT: PXM 1 -> APIC 0x00a9 -> Node 1
[    0.016289] SRAT: PXM 1 -> APIC 0x00aa -> Node 1
[    0.016289] SRAT: PXM 1 -> APIC 0x00ab -> Node 1
[    0.016290] SRAT: PXM 1 -> APIC 0x00ac -> Node 1
[    0.016291] SRAT: PXM 1 -> APIC 0x00ad -> Node 1
[    0.016291] SRAT: PXM 1 -> APIC 0x00ae -> Node 1
[    0.016292] SRAT: PXM 1 -> APIC 0x00af -> Node 1
[    0.016293] SRAT: PXM 1 -> APIC 0x00b0 -> Node 1
[    0.016293] SRAT: PXM 1 -> APIC 0x00b1 -> Node 1
[    0.016294] SRAT: PXM 1 -> APIC 0x00b2 -> Node 1
[    0.016295] SRAT: PXM 1 -> APIC 0x00b3 -> Node 1
[    0.016296] SRAT: PXM 1 -> APIC 0x00b4 -> Node 1
[    0.016297] SRAT: PXM 1 -> APIC 0x00b5 -> Node 1
[    0.016297] SRAT: PXM 1 -> APIC 0x00b6 -> Node 1
[    0.016298] SRAT: PXM 1 -> APIC 0x00b7 -> Node 1
[    0.016310] ACPI: SRAT: Node 0 PXM 0 [mem 0x00000000-0x7fffffff]
[    0.016312] ACPI: SRAT: Node 0 PXM 0 [mem 0x100000000-0x107fffffff]
[    0.016314] ACPI: SRAT: Node 2 PXM 2 [mem 0x2080000000-0x9e7fffffff] non-volatile
[    0.016315] ACPI: SRAT: Node 1 PXM 1 [mem 0x1080000000-0x207fffffff]
[    0.016316] ACPI: SRAT: Node 3 PXM 3 [mem 0x9e80000000-0x11c7fffffff] non-volatile
[    0.016326] NUMA: Initialized distance table, cnt=4
[    0.016329] NUMA: Node 0 [mem 0x00000000-0x7fffffff] + [mem 0x100000000-0x107fffffff] -> [mem 0x00000000-0x107fffffff]
[    0.016338] NODE_DATA(0) allocated [mem 0xffffd5000-0xfffffffff]
[    0.016357] NODE_DATA(1) allocated [mem 0x205de32000-0x205de5cfff]
[    0.016542] Zone ranges:
[    0.016543]   DMA      [mem 0x0000000000001000-0x0000000000ffffff]
[    0.016545]   DMA32    [mem 0x0000000001000000-0x00000000ffffffff]
[    0.016546]   Normal   [mem 0x0000000100000000-0x000000207fffffff]
[    0.016547]   Device   empty
[    0.016548] Movable zone start for each node
[    0.016552] Early memory node ranges
[    0.016552]   node   0: [mem 0x0000000000001000-0x000000000008efff]
[    0.016554]   node   0: [mem 0x0000000000090000-0x000000000009ffff]
[    0.016555]   node   0: [mem 0x0000000000100000-0x0000000049e76fff]
[    0.016556]   node   0: [mem 0x000000004ae77000-0x000000004b2cefff]
[    0.016557]   node   0: [mem 0x000000004b54e000-0x000000004bd93fff]
[    0.016557]   node   0: [mem 0x000000004be9a000-0x000000004cdfffff]
[    0.016558]   node   0: [mem 0x000000004d000000-0x000000005eefdfff]
[    0.016559]   node   0: [mem 0x000000006f7ff000-0x000000006f7fffff]
[    0.016560]   node   0: [mem 0x00000004f2d00000-0x0000000fffffffff]
[    0.016563]   node   1: [mem 0x0000001ec0000000-0x000000207fffffff]
[    0.016564] Initmem setup node 0 [mem 0x0000000000001000-0x0000000fffffffff]
[    0.016567] Initmem setup node 1 [mem 0x0000001ec0000000-0x000000207fffffff]
[    0.016569] Initializing node 2 as memoryless
[    0.016590] Initmem setup node 2 as memoryless
[    0.016591] Initializing node 3 as memoryless
[    0.016614] Initmem setup node 3 as memoryless
[    0.016616] On node 0, zone DMA: 1 pages in unavailable ranges
[    0.016617] On node 0, zone DMA: 1 pages in unavailable ranges
[    0.016644] On node 0, zone DMA: 96 pages in unavailable ranges
[    0.018763] On node 0, zone DMA32: 4096 pages in unavailable ranges
[    0.018783] On node 0, zone DMA32: 639 pages in unavailable ranges
[    0.018810] On node 0, zone DMA32: 262 pages in unavailable ranges
[    0.019316] On node 0, zone DMA32: 512 pages in unavailable ranges
[    0.019585] On node 0, zone DMA32: 35073 pages in unavailable ranges
[    0.107189] On node 0, zone Normal: 13568 pages in unavailable ranges
[    0.121578] ACPI: PM-Timer IO Port: 0x508
[    0.121596] ACPI: X2APIC_NMI (uid[0xffffffff] high edge lint[0x1])
[    0.121600] ACPI: LAPIC_NMI (acpi_id[0xff] high edge lint[0x1])
[    0.121619] IOAPIC[0]: apic_id 8, version 32, address 0xfec00000, GSI 0-119
[    0.121623] ACPI: INT_SRC_OVR (bus 0 bus_irq 0 global_irq 2 dfl dfl)
[    0.121625] ACPI: INT_SRC_OVR (bus 0 bus_irq 9 global_irq 9 high level)
[    0.121629] ACPI: Using ACPI (MADT) for SMP configuration information
[    0.121630] ACPI: HPET id: 0x8086a701 base: 0xfed00000
[    0.121634] TSC deadline timer available
[    0.121635] smpboot: Allowing 112 CPUs, 0 hotplug CPUs
[    0.121664] PM: hibernation: Registered nosave memory: [mem 0x00000000-0x00000fff]
[    0.121667] PM: hibernation: Registered nosave memory: [mem 0x0008f000-0x0008ffff]
[    0.121669] PM: hibernation: Registered nosave memory: [mem 0x000a0000-0x000fffff]
[    0.121671] PM: hibernation: Registered nosave memory: [mem 0x46cc4000-0x46cc4fff]
[    0.121672] PM: hibernation: Registered nosave memory: [mem 0x46cf5000-0x46cf5fff]
[    0.121673] PM: hibernation: Registered nosave memory: [mem 0x46cf6000-0x46cf6fff]
[    0.121675] PM: hibernation: Registered nosave memory: [mem 0x46d28000-0x46d28fff]
[    0.121676] PM: hibernation: Registered nosave memory: [mem 0x46d29000-0x46d29fff]
[    0.121678] PM: hibernation: Registered nosave memory: [mem 0x46d5b000-0x46d5bfff]
[    0.121678] PM: hibernation: Registered nosave memory: [mem 0x46d5c000-0x46d5cfff]
[    0.121680] PM: hibernation: Registered nosave memory: [mem 0x46d64000-0x46d64fff]
[    0.121682] PM: hibernation: Registered nosave memory: [mem 0x49e77000-0x4ae76fff]
[    0.121684] PM: hibernation: Registered nosave memory: [mem 0x4b2cf000-0x4b54dfff]
[    0.121686] PM: hibernation: Registered nosave memory: [mem 0x4bd94000-0x4be99fff]
[    0.121688] PM: hibernation: Registered nosave memory: [mem 0x4ce00000-0x4cffffff]
[    0.121689] PM: hibernation: Registered nosave memory: [mem 0x5eefe000-0x6e3fefff]
[    0.121690] PM: hibernation: Registered nosave memory: [mem 0x6e3ff000-0x6f3fefff]
[    0.121691] PM: hibernation: Registered nosave memory: [mem 0x6f3ff000-0x6f7fefff]
[    0.121693] PM: hibernation: Registered nosave memory: [mem 0x6f800000-0x8fffffff]
[    0.121694] PM: hibernation: Registered nosave memory: [mem 0x90000000-0xfdffffff]
[    0.121694] PM: hibernation: Registered nosave memory: [mem 0xfe000000-0xfe010fff]
[    0.121695] PM: hibernation: Registered nosave memory: [mem 0xfe011000-0xffffffff]
[    0.121696] PM: hibernation: Registered nosave memory: [mem 0x100000000-0x4f2cfffff]
[    0.121698] PM: hibernation: Registered nosave memory: [mem 0x1000000000-0x1ebfffffff]
[    0.121700] [mem 0x90000000-0xfdffffff] available for PCI devices
[    0.121702] Booting paravirtualized kernel on bare hardware
[    0.121704] clocksource: refined-jiffies: mask: 0xffffffff max_cycles: 0xffffffff, max_idle_ns: 7645519600211568 ns
[    0.121710] setup_percpu: NR_CPUS:8192 nr_cpumask_bits:112 nr_cpu_ids:112 nr_node_ids:4
[    0.126384] percpu: Embedded 61 pages/cpu s212992 r8192 d28672 u262144
[    0.126395] pcpu-alloc: s212992 r8192 d28672 u262144 alloc=1*2097152
[    0.126398] pcpu-alloc: [0] 000 002 004 006 008 010 012 014 
[    0.126404] pcpu-alloc: [0] 016 018 020 022 024 026 028 030 
[    0.126409] pcpu-alloc: [0] 032 034 036 038 040 042 044 046 
[    0.126413] pcpu-alloc: [0] 048 050 052 054 056 058 060 062 
[    0.126418] pcpu-alloc: [0] 064 066 068 070 072 074 076 078 
[    0.126422] pcpu-alloc: [0] 080 082 084 086 088 090 092 094 
[    0.126427] pcpu-alloc: [0] 096 098 100 102 104 106 108 110 
[    0.126431] pcpu-alloc: [1] 001 003 005 007 009 011 013 015 
[    0.126436] pcpu-alloc: [1] 017 019 021 023 025 027 029 031 
[    0.126440] pcpu-alloc: [1] 033 035 037 039 041 043 045 047 
[    0.126445] pcpu-alloc: [1] 049 051 053 055 057 059 061 063 
[    0.126449] pcpu-alloc: [1] 065 067 069 071 073 075 077 079 
[    0.126454] pcpu-alloc: [1] 081 083 085 087 089 091 093 095 
[    0.126458] pcpu-alloc: [1] 097 099 101 103 105 107 109 111 
[    0.126505] Fallback order for Node 0: 0 1 
[    0.126509] Fallback order for Node 1: 1 0 
[    0.126511] Fallback order for Node 2: 2 0 1 
[    0.126514] Fallback order for Node 3: 3 1 0 
[    0.126522] Built 2 zonelists, mobility grouping on.  Total pages: 13589704
[    0.126523] Policy zone: Normal
[    0.126525] Kernel command line: BOOT_IMAGE=/boot/vmlinuz-5.18.0 root=UUID=ce0c24b8-724b-4f33-9b2c-618433560aef ro memmap=16173M!4096M memmap=59G!64G quiet splash nomodeset vt.handoff=1
[    0.126650] Booted with the nomodeset parameter. Only the system framebuffer will be available
[    0.126672] Unknown kernel command line parameters "splash BOOT_IMAGE=/boot/vmlinuz-5.18.0", will be passed to user space.
[    0.126674] printk: log_buf_len individual max cpu contribution: 4096 bytes
[    0.126675] printk: log_buf_len total cpu_extra contributions: 454656 bytes
[    0.126676] printk: log_buf_len min size: 262144 bytes
[    0.127647] printk: log_buf_len: 1048576 bytes
[    0.127649] printk: early log buf free: 223664(85%)
[    0.129555] mem auto-init: stack:off, heap alloc:on, heap free:off
[    0.255877] Memory: 53531552K/55226464K available (16392K kernel code, 3615K rwdata, 10444K rodata, 2688K init, 5836K bss, 1694652K reserved, 0K cma-reserved)
[    0.255883] random: get_random_u64 called from __kmem_cache_create+0x2d/0x480 with crng_init=0
[    0.256429] SLUB: HWalign=64, Order=0-3, MinObjects=0, CPUs=112, Nodes=4
[    0.256458] ftrace: allocating 48795 entries in 191 pages
[    0.264988] ftrace: allocated 191 pages with 7 groups
[    0.265965] Dynamic Preempt: voluntary
[    0.266295] rcu: Preemptible hierarchical RCU implementation.
[    0.266296] rcu: 	RCU restricting CPUs from NR_CPUS=8192 to nr_cpu_ids=112.
[    0.266298] 	Trampoline variant of Tasks RCU enabled.
[    0.266299] 	Rude variant of Tasks RCU enabled.
[    0.266299] 	Tracing variant of Tasks RCU enabled.
[    0.266300] rcu: RCU calculated value of scheduler-enlistment delay is 25 jiffies.
[    0.266301] rcu: Adjusting geometry for rcu_fanout_leaf=16, nr_cpu_ids=112
[    0.270134] NR_IRQS: 524544, nr_irqs: 2952, preallocated irqs: 16
[    0.270487] random: crng init done (trusting CPU's manufacturer)
[    0.270625] Console: colour dummy device 80x25
[    0.270660] printk: console [tty0] enabled
[    0.270860] mempolicy: Enabling automatic NUMA balancing. Configure with numa_balancing= or the kernel.numa_balancing sysctl
[    0.270865] ACPI: Core revision 20211217
[    0.274281] clocksource: hpet: mask: 0xffffffff max_cycles: 0xffffffff, max_idle_ns: 79635855245 ns
[    0.274324] APIC: Switch to symmetric I/O mode setup
[    0.274326] DMAR: Host address width 46
[    0.274328] DMAR: DRHD base: 0x000000d0ffc000 flags: 0x0
[    0.274333] DMAR: dmar0: reg_base_addr d0ffc000 ver 4:0 cap 8ed008c40780466 ecap 60000f050df
[    0.274336] DMAR: DRHD base: 0x000000dbbfc000 flags: 0x0
[    0.274339] DMAR: dmar1: reg_base_addr dbbfc000 ver 4:0 cap 8ed008c40780466 ecap 60000f050df
[    0.274341] DMAR: DRHD base: 0x000000e67fc000 flags: 0x0
[    0.274345] DMAR: dmar2: reg_base_addr e67fc000 ver 4:0 cap 8ed008c40780466 ecap 60000f050df
[    0.274348] DMAR: DRHD base: 0x000000f13fc000 flags: 0x0
[    0.274350] DMAR: dmar3: reg_base_addr f13fc000 ver 4:0 cap 8ed008c40780466 ecap 60000f050df
[    0.274352] DMAR: DRHD base: 0x000000fb7fc000 flags: 0x0
[    0.274354] DMAR: dmar4: reg_base_addr fb7fc000 ver 4:0 cap 8ed008c40780466 ecap 60000f050df
[    0.274357] DMAR: DRHD base: 0x000000a63fc000 flags: 0x0
[    0.274359] DMAR: dmar5: reg_base_addr a63fc000 ver 4:0 cap 8ed008c40780466 ecap 60000f050df
[    0.274361] DMAR: DRHD base: 0x000000b0ffc000 flags: 0x0
[    0.274368] DMAR: dmar6: reg_base_addr b0ffc000 ver 4:0 cap 8ed008c40780466 ecap 60000f050df
[    0.274369] DMAR: DRHD base: 0x000000bbbfc000 flags: 0x0
[    0.274372] DMAR: dmar7: reg_base_addr bbbfc000 ver 4:0 cap 8ed008c40780466 ecap 60000f050df
[    0.274374] DMAR: DRHD base: 0x000000c5ffc000 flags: 0x0
[    0.274376] DMAR: dmar8: reg_base_addr c5ffc000 ver 4:0 cap 8ed008c40780466 ecap 60000f050df
[    0.274378] DMAR: DRHD base: 0x0000009b7fc000 flags: 0x1
[    0.274380] DMAR: dmar9: reg_base_addr 9b7fc000 ver 4:0 cap 8ed008c40780466 ecap 60000f050df
[    0.274382] DMAR: RMRR base: 0x00000069427000 end: 0x00000069429fff
[    0.274384] DMAR: ATSR flags: 0x0
[    0.274387] DMAR-IR: IOAPIC id 8 under DRHD base  0x9b7fc000 IOMMU 9
[    0.274388] DMAR-IR: HPET id 0 under DRHD base 0x9b7fc000
[    0.274389] DMAR-IR: Queued invalidation will be enabled to support x2apic and Intr-remapping.
[    0.277452] DMAR-IR: Enabled IRQ remapping in x2apic mode
[    0.280081] ..TIMER: vector=0x30 apic1=0 pin1=2 apic2=-1 pin2=-1
[    0.298255] clocksource: tsc-early: mask: 0xffffffffffffffff max_cycles: 0x39a85c9bff6, max_idle_ns: 881590591483 ns
[    0.298261] Calibrating delay loop (skipped), value calculated using timer frequency.. 4000.00 BogoMIPS (lpj=8000000)
[    0.298264] pid_max: default: 114688 minimum: 896
[    0.302120] LSM: Security Framework initializing
[    0.302143] Yama: becoming mindful.
[    0.302191] AppArmor: AppArmor initialized
[    0.310154] Dentry cache hash table entries: 8388608 (order: 14, 67108864 bytes, vmalloc hugepage)
[    0.314180] Inode-cache hash table entries: 4194304 (order: 13, 33554432 bytes, vmalloc hugepage)
[    0.314373] Mount-cache hash table entries: 131072 (order: 8, 1048576 bytes, vmalloc)
[    0.314520] Mountpoint-cache hash table entries: 131072 (order: 8, 1048576 bytes, vmalloc)
[    0.315122] x86/tme: not enabled by BIOS
[    0.315131] CPU0: Thermal monitoring enabled (TM1)
[    0.315134] x86/cpu: User Mode Instruction Prevention (UMIP) activated
[    0.315369] process: using mwait in idle threads
[    0.315371] Last level iTLB entries: 4KB 0, 2MB 0, 4MB 0
[    0.315372] Last level dTLB entries: 4KB 0, 2MB 0, 4MB 0, 1GB 0
[    0.315378] Spectre V1 : Mitigation: usercopy/swapgs barriers and __user pointer sanitization
[    0.315380] Spectre V2 : WARNING: Unprivileged eBPF is enabled with eIBRS on, data leaks possible via Spectre v2 BHB attacks!
[    0.315385] Spectre V2 : Mitigation: Enhanced IBRS
[    0.315386] Spectre V2 : Spectre v2 / SpectreRSB mitigation: Filling RSB on context switch
[    0.315387] Spectre V2 : mitigation: Enabling conditional Indirect Branch Prediction Barrier
[    0.315389] Speculative Store Bypass: Mitigation: Speculative Store Bypass disabled via prctl
[    0.320568] Freeing SMP alternatives memory: 40K
[    0.322405] smpboot: Estimated ratio of average max frequency by base frequency (times 1024): 1433
[    0.322420] smpboot: CPU0: Intel(R) Xeon(R) Gold 6330 CPU @ 2.00GHz (family: 0x6, model: 0x6a, stepping: 0x6)
[    0.322650] cblist_init_generic: Setting adjustable number of callback queues.
[    0.322665] cblist_init_generic: Setting shift to 7 and lim to 1.
[    0.322693] cblist_init_generic: Setting shift to 7 and lim to 1.
[    0.322721] cblist_init_generic: Setting shift to 7 and lim to 1.
[    0.322734] Performance Events: PEBS fmt4+-baseline,  AnyThread deprecated, Icelake events, 32-deep LBR, full-width counters, Intel PMU driver.
[    0.322771] ... version:                5
[    0.322772] ... bit width:              48
[    0.322773] ... generic registers:      8
[    0.322774] ... value mask:             0000ffffffffffff
[    0.322775] ... max period:             00007fffffffffff
[    0.322776] ... fixed-purpose events:   4
[    0.322777] ... event mask:             0001000f000000ff
[    0.322954] rcu: Hierarchical SRCU implementation.
[    0.330207] NMI watchdog: Enabled. Permanently consumes one hw-PMU counter.
[    0.331291] smp: Bringing up secondary CPUs ...
[    0.331406] x86: Booting SMP configuration:
[    0.331407] .... node  #1, CPUs:          #1
[    0.007778] smpboot: CPU 1 Converting physical 0 to logical die 1

[    0.418376] .... node  #0, CPUs:     #2
[    0.423760] .... node  #1, CPUs:     #3
[    0.429192] .... node  #0, CPUs:     #4
[    0.434572] .... node  #1, CPUs:     #5
[    0.439968] .... node  #0, CPUs:     #6
[    0.445557] .... node  #1, CPUs:     #7
[    0.451158] .... node  #0, CPUs:     #8
[    0.456470] .... node  #1, CPUs:     #9
[    0.462371] .... node  #0, CPUs:    #10
[    0.467948] .... node  #1, CPUs:    #11
[    0.473698] .... node  #0, CPUs:    #12
[    0.479223] .... node  #1, CPUs:    #13
[    0.484584] .... node  #0, CPUs:    #14
[    0.489827] .... node  #1, CPUs:    #15
[    0.495143] .... node  #0, CPUs:    #16
[    0.500440] .... node  #1, CPUs:    #17
[    0.505749] .... node  #0, CPUs:    #18
[    0.511017] .... node  #1, CPUs:    #19
[    0.516665] .... node  #0, CPUs:    #20
[    0.521909] .... node  #1, CPUs:    #21
[    0.527524] .... node  #0, CPUs:    #22
[    0.532979] .... node  #1, CPUs:    #23
[    0.538368] .... node  #0, CPUs:    #24
[    0.543911] .... node  #1, CPUs:    #25
[    0.549248] .... node  #0, CPUs:    #26
[    0.554472] .... node  #1, CPUs:    #27
[    0.559814] .... node  #0, CPUs:    #28
[    0.565329] .... node  #1, CPUs:    #29
[    0.570639] .... node  #0, CPUs:    #30
[    0.575888] .... node  #1, CPUs:    #31
[    0.581387] .... node  #0, CPUs:    #32
[    0.586682] .... node  #1, CPUs:    #33
[    0.592071] .... node  #0, CPUs:    #34
[    0.597525] .... node  #1, CPUs:    #35
[    0.602855] .... node  #0, CPUs:    #36
[    0.608089] .... node  #1, CPUs:    #37
[    0.613409] .... node  #0, CPUs:    #38
[    0.618991] .... node  #1, CPUs:    #39
[    0.624522] .... node  #0, CPUs:    #40
[    0.630409] .... node  #1, CPUs:    #41
[    0.635910] .... node  #0, CPUs:    #42
[    0.641251] .... node  #1, CPUs:    #43
[    0.646889] .... node  #0, CPUs:    #44
[    0.652265] .... node  #1, CPUs:    #45
[    0.657744] .... node  #0, CPUs:    #46
[    0.663293] .... node  #1, CPUs:    #47
[    0.668750] .... node  #0, CPUs:    #48
[    0.674380] .... node  #1, CPUs:    #49
[    0.679571] .... node  #0, CPUs:    #50
[    0.685086] .... node  #1, CPUs:    #51
[    0.690732] .... node  #0, CPUs:    #52
[    0.696219] .... node  #1, CPUs:    #53
[    0.701818] .... node  #0, CPUs:    #54
[    0.707529] .... node  #1, CPUs:    #55
[    0.713354] .... node  #0, CPUs:    #56
[    0.719519] .... node  #1, CPUs:    #57
[    0.725431] .... node  #0, CPUs:    #58
[    0.730866] .... node  #1, CPUs:    #59
[    0.736310] .... node  #0, CPUs:    #60
[    0.741715] .... node  #1, CPUs:    #61
[    0.747129] .... node  #0, CPUs:    #62
[    0.752728] .... node  #1, CPUs:    #63
[    0.758371] .... node  #0, CPUs:    #64
[    0.763675] .... node  #1, CPUs:    #65
[    0.769420] .... node  #0, CPUs:    #66
[    0.775196] .... node  #1, CPUs:    #67
[    0.780949] .... node  #0, CPUs:    #68
[    0.786497] .... node  #1, CPUs:    #69
[    0.791867] .... node  #0, CPUs:    #70
[    0.797124] .... node  #1, CPUs:    #71
[    0.802478] .... node  #0, CPUs:    #72
[    0.807772] .... node  #1, CPUs:    #73
[    0.813121] .... node  #0, CPUs:    #74
[    0.818424] .... node  #1, CPUs:    #75
[    0.824075] .... node  #0, CPUs:    #76
[    0.829348] .... node  #1, CPUs:    #77
[    0.834973] .... node  #0, CPUs:    #78
[    0.840440] .... node  #1, CPUs:    #79
[    0.845747] .... node  #0, CPUs:    #80
[    0.851405] .... node  #1, CPUs:    #81
[    0.856773] .... node  #0, CPUs:    #82
[    0.862272] .... node  #1, CPUs:    #83
[    0.867355] .... node  #0, CPUs:    #84
[    0.872892] .... node  #1, CPUs:    #85
[    0.878385] .... node  #0, CPUs:    #86
[    0.883478] .... node  #1, CPUs:    #87
[    0.888983] .... node  #0, CPUs:    #88
[    0.894426] .... node  #1, CPUs:    #89
[    0.899707] .... node  #0, CPUs:    #90
[    0.905177] .... node  #1, CPUs:    #91
[    0.910524] .... node  #0, CPUs:    #92
[    0.915773] .... node  #1, CPUs:    #93
[    0.921121] .... node  #0, CPUs:    #94
[    0.926711] .... node  #1, CPUs:    #95
[    0.932274] .... node  #0, CPUs:    #96
[    0.937915] .... node  #1, CPUs:    #97
[    0.943698] .... node  #0, CPUs:    #98
[    0.949047] .... node  #1, CPUs:    #99
[    0.954721] .... node  #0, CPUs:   #100
[    0.960112] .... node  #1, CPUs:   #101
[    0.965615] .... node  #0, CPUs:   #102
[    0.971181] .... node  #1, CPUs:   #103
[    0.976649] .... node  #0, CPUs:   #104
[    0.982292] .... node  #1, CPUs:   #105
[    0.987478] .... node  #0, CPUs:   #106
[    0.993007] .... node  #1, CPUs:   #107
[    0.998661] .... node  #0, CPUs:   #108
[    1.004162] .... node  #1, CPUs:   #109
[    1.009791] .... node  #0, CPUs:   #110
[    1.015526] .... node  #1, CPUs:   #111
[    1.021378] smp: Brought up 2 nodes, 112 CPUs
[    1.021378] smpboot: Max logical packages: 2
[    1.021378] smpboot: Total of 112 processors activated (448085.45 BogoMIPS)
[    1.025726] devtmpfs: initialized
[    1.025726] x86/mm: Memory block size: 2048MB
[    1.026342] ACPI: PM: Registering ACPI NVS region [mem 0x49e77000-0x4ae76fff] (16777216 bytes)
[    1.026505] ACPI: PM: Registering ACPI NVS region [mem 0x6e3ff000-0x6f3fefff] (16777216 bytes)
[    1.026789] clocksource: jiffies: mask: 0xffffffff max_cycles: 0xffffffff, max_idle_ns: 7645041785100000 ns
[    1.027082] futex hash table entries: 32768 (order: 9, 2097152 bytes, vmalloc)
[    1.027333] pinctrl core: initialized pinctrl subsystem
[    1.027485] PM: RTC time: 07:06:49, date: 2024-07-02
[    1.028410] NET: Registered PF_NETLINK/PF_ROUTE protocol family
[    1.029212] DMA: preallocated 4096 KiB GFP_KERNEL pool for atomic allocations
[    1.029722] DMA: preallocated 4096 KiB GFP_KERNEL|GFP_DMA pool for atomic allocations
[    1.030340] DMA: preallocated 4096 KiB GFP_KERNEL|GFP_DMA32 pool for atomic allocations
[    1.030349] audit: initializing netlink subsys (disabled)
[    1.030356] audit: type=2000 audit(1719904008.756:1): state=initialized audit_enabled=0 res=1
[    1.030405] thermal_sys: Registered thermal governor 'fair_share'
[    1.030407] thermal_sys: Registered thermal governor 'bang_bang'
[    1.030407] thermal_sys: Registered thermal governor 'step_wise'
[    1.030408] thermal_sys: Registered thermal governor 'user_space'
[    1.030413] EISA bus registered
[    1.030432] cpuidle: using governor ladder
[    1.030432] cpuidle: using governor menu
[    1.030432] ACPI FADT declares the system doesn't support PCIe ASPM, so disable it
[    1.030432] acpiphp: ACPI Hot Plug PCI Controller Driver version: 0.5
[    1.030432] PCI: MMCONFIG for domain 0000 [bus 00-ff] at [mem 0x80000000-0x8fffffff] (base 0x80000000)
[    1.030432] PCI: MMCONFIG at [mem 0x80000000-0x8fffffff] reserved in E820
[    1.030432] pmd_set_huge: Cannot satisfy [mem 0x80000000-0x80200000] with a huge-page mapping due to MTRR override.
[    1.030622] PCI: Using configuration type 1 for base access
[    1.030632] PCI: Dell System detected, enabling pci=bfsort.
[    1.032777] ENERGY_PERF_BIAS: Set to 'normal', was 'performance'
[    1.035610] kprobes: kprobe jump-optimization is enabled. All kprobes are optimized if possible.
[    1.038274] HugeTLB registered 1.00 GiB page size, pre-allocated 0 pages
[    1.038274] HugeTLB registered 2.00 MiB page size, pre-allocated 0 pages
[    1.038601] fbcon: Taking over console
[    1.038601] ACPI: Added _OSI(Module Device)
[    1.038601] ACPI: Added _OSI(Processor Device)
[    1.038601] ACPI: Added _OSI(3.0 _SCP Extensions)
[    1.038601] ACPI: Added _OSI(Processor Aggregator Device)
[    1.038601] ACPI: Added _OSI(Linux-Dell-Video)
[    1.038601] ACPI: Added _OSI(Linux-Lenovo-NV-HDMI-Audio)
[    1.038601] ACPI: Added _OSI(Linux-HPI-Hybrid-Graphics)
[    1.207829] ACPI: 8 ACPI AML tables successfully acquired and loaded
[    1.214119] ACPI: [Firmware Bug]: BIOS _OSI(Linux) query ignored
[    1.222285] ACPI: Dynamic OEM Table Load:
[    1.635134] ACPI: Interpreter enabled
[    1.635154] ACPI: PM: (supports S0 S5)
[    1.635156] ACPI: Using IOAPIC for interrupt routing
[    1.635243] HEST: Table parsing has been initialized.
[    1.635432] GHES: APEI firmware first mode is enabled by APEI bit and WHEA _OSC.
[    1.635434] PCI: Using host bridge windows from ACPI; if necessary, use "pci=nocrs" and report a bug
[    1.665560] ACPI: Enabled 4 GPEs in block 00 to 7F
[    1.794324] ACPI: PCI Root Bridge [PC00] (domain 0000 [bus 00-15])
[    1.794330] acpi PNP0A08:00: _OSC: OS supports [ExtendedConfig ASPM ClockPM Segments MSI HPX-Type3]
[    1.863050] acpi PNP0A08:00: _OSC: platform does not support [SHPCHotplug AER LTR]
[    1.863279] acpi PNP0A08:00: _OSC: OS now controls [PCIeHotplug PME PCIeCapability]
[    1.863281] acpi PNP0A08:00: FADT indicates ASPM is unsupported, using BIOS configuration
[    1.865165] PCI host bridge to bus 0000:00
[    1.865167] pci_bus 0000:00: root bus resource [io  0x0000-0x0cf7 window]
[    1.865169] pci_bus 0000:00: root bus resource [io  0x1000-0x4fff window]
[    1.865171] pci_bus 0000:00: root bus resource [mem 0x000a0000-0x000bffff window]
[    1.865172] pci_bus 0000:00: root bus resource [mem 0x000c8000-0x000cffff window]
[    1.865173] pci_bus 0000:00: root bus resource [mem 0xfe010000-0xfe010fff window]
[    1.865174] pci_bus 0000:00: root bus resource [mem 0x90000000-0x9b7fffff window]
[    1.865175] pci_bus 0000:00: root bus resource [mem 0x200000000000-0x20ffffffffff window]
[    1.865177] pci_bus 0000:00: root bus resource [bus 00-15]
[    1.865191] pci 0000:00:00.0: [8086:09a2] type 00 class 0x088000
[    1.865291] pci 0000:00:00.1: [8086:09a4] type 00 class 0x088000
[    1.865360] pci 0000:00:00.2: [8086:09a3] type 00 class 0x088000
[    1.865427] pci 0000:00:00.4: [8086:0998] type 00 class 0x060000
[    1.865495] pci 0000:00:02.0: [8086:09a6] type 00 class 0x088000
[    1.865503] pci 0000:00:02.0: reg 0x10: [mem 0x92dfc000-0x92dfdfff]
[    1.865579] pci 0000:00:02.1: [8086:09a7] type 00 class 0x088000
[    1.865587] pci 0000:00:02.1: reg 0x10: [mem 0x92d00000-0x92d7ffff]
[    1.865592] pci 0000:00:02.1: reg 0x14: [mem 0x92c80000-0x92cfffff]
[    1.865667] pci 0000:00:02.4: [8086:3456] type 00 class 0x130000
[    1.865677] pci 0000:00:02.4: reg 0x10: [mem 0x92a00000-0x92afffff 64bit]
[    1.865684] pci 0000:00:02.4: reg 0x18: [mem 0x92df0000-0x92df3fff 64bit]
[    1.865691] pci 0000:00:02.4: reg 0x20: [mem 0x92dc0000-0x92ddffff 64bit]
[    1.865770] pci 0000:00:11.0: [8086:a1ec] type 00 class 0xff0000
[    1.865772] pci 0000:00:11.0: device has non-compliant BARs; disabling IO/MEM decoding
[    1.865863] pci 0000:00:11.5: [8086:a1d2] type 00 class 0x010601
[    1.865876] pci 0000:00:11.5: reg 0x10: [mem 0x92dfa000-0x92dfbfff]
[    1.865884] pci 0000:00:11.5: reg 0x14: [mem 0x92e05000-0x92e050ff]
[    1.865891] pci 0000:00:11.5: reg 0x18: [io  0x2068-0x206f]
[    1.865899] pci 0000:00:11.5: reg 0x1c: [io  0x2074-0x2077]
[    1.865906] pci 0000:00:11.5: reg 0x20: [io  0x2040-0x205f]
[    1.865914] pci 0000:00:11.5: reg 0x24: [mem 0x92b80000-0x92bfffff]
[    1.865951] pci 0000:00:11.5: PME# supported from D3hot
[    1.866166] pci 0000:00:14.0: [8086:a1af] type 00 class 0x0c0330
[    1.866184] pci 0000:00:14.0: reg 0x10: [mem 0x92de0000-0x92deffff 64bit]
[    1.866247] pci 0000:00:14.0: PME# supported from D3hot D3cold
[    1.866482] pci 0000:00:14.2: [8086:a1b1] type 00 class 0x118000
[    1.866499] pci 0000:00:14.2: reg 0x10: [mem 0x92e02000-0x92e02fff 64bit]
[    1.866623] pci 0000:00:16.0: [8086:a1ba] type 00 class 0x078000
[    1.866647] pci 0000:00:16.0: reg 0x10: [mem 0x92e01000-0x92e01fff 64bit]
[    1.866731] pci 0000:00:16.0: PME# supported from D3hot
[    1.866795] pci 0000:00:16.1: [8086:a1bb] type 00 class 0x078000
[    1.866818] pci 0000:00:16.1: reg 0x10: [mem 0x92e00000-0x92e00fff 64bit]
[    1.866902] pci 0000:00:16.1: PME# supported from D3hot
[    1.866970] pci 0000:00:16.4: [8086:a1be] type 00 class 0x078000
[    1.866993] pci 0000:00:16.4: reg 0x10: [mem 0x92dff000-0x92dfffff 64bit]
[    1.867077] pci 0000:00:16.4: PME# supported from D3hot
[    1.867147] pci 0000:00:17.0: [8086:a182] type 00 class 0x010601
[    1.867160] pci 0000:00:17.0: reg 0x10: [mem 0x92df8000-0x92df9fff]
[    1.867167] pci 0000:00:17.0: reg 0x14: [mem 0x92e04000-0x92e040ff]
[    1.867174] pci 0000:00:17.0: reg 0x18: [io  0x2060-0x2067]
[    1.867182] pci 0000:00:17.0: reg 0x1c: [io  0x2070-0x2073]
[    1.867189] pci 0000:00:17.0: reg 0x20: [io  0x2020-0x203f]
[    1.867196] pci 0000:00:17.0: reg 0x24: [mem 0x92b00000-0x92b7ffff]
[    1.867234] pci 0000:00:17.0: PME# supported from D3hot
[    1.867443] pci 0000:00:1c.0: [8086:a190] type 01 class 0x060400
[    1.867519] pci 0000:00:1c.0: PME# supported from D0 D3hot D3cold
[    1.868176] pci 0000:00:1c.4: [8086:a194] type 01 class 0x060400
[    1.868246] pci 0000:00:1c.4: PME# supported from D0 D3hot D3cold
[    1.868875] pci 0000:00:1c.5: [8086:a195] type 01 class 0x060400
[    1.868947] pci 0000:00:1c.5: PME# supported from D0 D3hot D3cold
[    1.869582] pci 0000:00:1f.0: [8086:a1cb] type 00 class 0x060100
[    1.869879] pci 0000:00:1f.2: [8086:a1a1] type 00 class 0x058000
[    1.869894] pci 0000:00:1f.2: reg 0x10: [mem 0x92df4000-0x92df7fff]
[    1.870138] pci 0000:00:1f.4: [8086:a1a3] type 00 class 0x0c0500
[    1.870157] pci 0000:00:1f.4: reg 0x10: [mem 0x92dfe000-0x92dfe0ff 64bit]
[    1.870180] pci 0000:00:1f.4: reg 0x20: [io  0x2000-0x201f]
[    1.870247] pci 0000:00:1f.5: [8086:a1a4] type 00 class 0x0c8000
[    1.870266] pci 0000:00:1f.5: reg 0x10: [mem 0xfe010000-0xfe010fff]
[    1.870466] pci 0000:00:1c.0: PCI bridge to [bus 01]
[    1.870517] pci 0000:02:00.0: [1556:be00] type 01 class 0x060400
[    1.870689] pci 0000:00:1c.4: PCI bridge to [bus 02-03]
[    1.870693] pci 0000:00:1c.4:   bridge window [mem 0x92000000-0x928fffff]
[    1.870698] pci 0000:00:1c.4:   bridge window [mem 0x91000000-0x91ffffff 64bit pref]
[    1.870730] pci_bus 0000:03: extended config space not accessible
[    1.870747] pci 0000:03:00.0: [102b:0536] type 00 class 0x030000
[    1.870766] pci 0000:03:00.0: reg 0x10: [mem 0x91000000-0x91ffffff pref]
[    1.870777] pci 0000:03:00.0: reg 0x14: [mem 0x92808000-0x9280bfff]
[    1.870788] pci 0000:03:00.0: reg 0x18: [mem 0x92000000-0x927fffff]
[    1.870836] pci 0000:03:00.0: BAR 0: assigned to efifb
[    1.870844] pci 0000:03:00.0: Video device with shadowed ROM at [mem 0x000c0000-0x000dffff]
[    1.870945] pci 0000:02:00.0: PCI bridge to [bus 03]
[    1.870954] pci 0000:02:00.0:   bridge window [mem 0x92000000-0x928fffff]
[    1.870960] pci 0000:02:00.0:   bridge window [mem 0x91000000-0x91ffffff 64bit pref]
[    1.871030] pci 0000:04:00.0: [14e4:165f] type 00 class 0x020000
[    1.871054] pci 0000:04:00.0: reg 0x10: [mem 0x92930000-0x9293ffff 64bit pref]
[    1.871070] pci 0000:04:00.0: reg 0x18: [mem 0x92940000-0x9294ffff 64bit pref]
[    1.871086] pci 0000:04:00.0: reg 0x20: [mem 0x92950000-0x9295ffff 64bit pref]
[    1.871097] pci 0000:04:00.0: reg 0x30: [mem 0xfffc0000-0xffffffff pref]
[    1.871191] pci 0000:04:00.0: PME# supported from D0 D3hot D3cold
[    1.871245] pci 0000:04:00.0: 4.000 Gb/s available PCIe bandwidth, limited by 5.0 GT/s PCIe x1 link at 0000:00:1c.5 (capable of 8.000 Gb/s with 5.0 GT/s PCIe x2 link)
[    1.871807] pci 0000:04:00.1: [14e4:165f] type 00 class 0x020000
[    1.871831] pci 0000:04:00.1: reg 0x10: [mem 0x92900000-0x9290ffff 64bit pref]
[    1.871847] pci 0000:04:00.1: reg 0x18: [mem 0x92910000-0x9291ffff 64bit pref]
[    1.871863] pci 0000:04:00.1: reg 0x20: [mem 0x92920000-0x9292ffff 64bit pref]
[    1.871874] pci 0000:04:00.1: reg 0x30: [mem 0xfffc0000-0xffffffff pref]
[    1.871969] pci 0000:04:00.1: PME# supported from D0 D3hot D3cold
[    1.872546] pci 0000:00:1c.5: PCI bridge to [bus 04]
[    1.872553] pci 0000:00:1c.5:   bridge window [mem 0x92900000-0x929fffff 64bit pref]
[    1.872568] pci_bus 0000:00: on NUMA node 0
[    1.873163] ACPI: PCI Root Bridge [PC01] (domain 0000 [bus 16-2f])
[    1.873167] acpi PNP0A08:01: _OSC: OS supports [ExtendedConfig ASPM ClockPM Segments MSI HPX-Type3]
[    1.887962] acpi PNP0A08:01: _OSC: platform does not support [SHPCHotplug AER]
[    1.888180] acpi PNP0A08:01: _OSC: OS now controls [PCIeHotplug PME PCIeCapability LTR]
[    1.888181] acpi PNP0A08:01: FADT indicates ASPM is unsupported, using BIOS configuration
[    1.888313] PCI host bridge to bus 0000:16
[    1.888315] pci_bus 0000:16: root bus resource [io  0x5000-0x6fff window]
[    1.888316] pci_bus 0000:16: root bus resource [mem 0x9b800000-0xa63fffff window]
[    1.888318] pci_bus 0000:16: root bus resource [mem 0x210000000000-0x21ffffffffff window]
[    1.888319] pci_bus 0000:16: root bus resource [bus 16-2f]
[    1.888329] pci 0000:16:00.0: [8086:09a2] type 00 class 0x088000
[    1.888398] pci 0000:16:00.1: [8086:09a4] type 00 class 0x088000
[    1.888461] pci 0000:16:00.2: [8086:09a3] type 00 class 0x088000
[    1.888523] pci 0000:16:00.4: [8086:0998] type 00 class 0x060000
[    1.888596] pci 0000:16:02.0: [8086:347a] type 01 class 0x060400
[    1.888605] pci 0000:16:02.0: reg 0x10: [mem 0x21fffff00000-0x21fffff1ffff 64bit]
[    1.888644] pci 0000:16:02.0: PME# supported from D0 D3hot D3cold
[    1.889593] pci 0000:17:00.0: [1000:10e2] type 00 class 0x010400
[    1.889606] pci 0000:17:00.0: reg 0x10: [mem 0x9b800000-0x9b8fffff 64bit pref]
[    1.889615] pci 0000:17:00.0: reg 0x18: [mem 0x9b900000-0x9b9fffff 64bit pref]
[    1.889621] pci 0000:17:00.0: reg 0x20: [mem 0x9ba00000-0x9bafffff]
[    1.889627] pci 0000:17:00.0: reg 0x24: [io  0x5000-0x50ff]
[    1.889632] pci 0000:17:00.0: reg 0x30: [mem 0xfff00000-0xffffffff pref]
[    1.890757] pci 0000:17:00.0: supports D1 D2
[    1.890824] pci 0000:16:02.0: PCI bridge to [bus 17]
[    1.890827] pci 0000:16:02.0:   bridge window [io  0x5000-0x5fff]
[    1.890829] pci 0000:16:02.0:   bridge window [mem 0x9ba00000-0x9bafffff]
[    1.890831] pci 0000:16:02.0:   bridge window [mem 0x9b800000-0x9b9fffff 64bit pref]
[    1.890837] pci_bus 0000:16: on NUMA node 0
[    1.890915] ACPI: PCI Root Bridge [PC02] (domain 0000 [bus 30-49])
[    1.890919] acpi PNP0A08:02: _OSC: OS supports [ExtendedConfig ASPM ClockPM Segments MSI HPX-Type3]
[    1.905452] acpi PNP0A08:02: _OSC: platform does not support [SHPCHotplug AER]
[    1.905668] acpi PNP0A08:02: _OSC: OS now controls [PCIeHotplug PME PCIeCapability LTR]
[    1.905669] acpi PNP0A08:02: FADT indicates ASPM is unsupported, using BIOS configuration
[    1.905797] PCI host bridge to bus 0000:30
[    1.905798] pci_bus 0000:30: root bus resource [io  0x7000-0x8fff window]
[    1.905800] pci_bus 0000:30: root bus resource [mem 0xa6400000-0xb0ffffff window]
[    1.905801] pci_bus 0000:30: root bus resource [mem 0x220000000000-0x22ffffffffff window]
[    1.905802] pci_bus 0000:30: root bus resource [bus 30-49]
[    1.905812] pci 0000:30:00.0: [8086:09a2] type 00 class 0x088000
[    1.905878] pci 0000:30:00.1: [8086:09a4] type 00 class 0x088000
[    1.905940] pci 0000:30:00.2: [8086:09a3] type 00 class 0x088000
[    1.906001] pci 0000:30:00.4: [8086:0998] type 00 class 0x060000
[    1.906070] pci_bus 0000:30: on NUMA node 0
[    1.906174] ACPI: PCI Root Bridge [PC04] (domain 0000 [bus 4a-63])
[    1.906177] acpi PNP0A08:04: _OSC: OS supports [ExtendedConfig ASPM ClockPM Segments MSI HPX-Type3]
[    1.920620] acpi PNP0A08:04: _OSC: platform does not support [SHPCHotplug AER]
[    1.920833] acpi PNP0A08:04: _OSC: OS now controls [PCIeHotplug PME PCIeCapability LTR]
[    1.920834] acpi PNP0A08:04: FADT indicates ASPM is unsupported, using BIOS configuration
[    1.920956] PCI host bridge to bus 0000:4a
[    1.920957] pci_bus 0000:4a: root bus resource [io  0x9000-0x9fff window]
[    1.920959] pci_bus 0000:4a: root bus resource [mem 0xb1000000-0xbbbfffff window]
[    1.920960] pci_bus 0000:4a: root bus resource [mem 0x230000000000-0x23ffffffffff window]
[    1.920961] pci_bus 0000:4a: root bus resource [bus 4a-63]
[    1.920970] pci 0000:4a:00.0: [8086:09a2] type 00 class 0x088000
[    1.921035] pci 0000:4a:00.1: [8086:09a4] type 00 class 0x088000
[    1.921100] pci 0000:4a:00.2: [8086:09a3] type 00 class 0x088000
[    1.921162] pci 0000:4a:00.4: [8086:0998] type 00 class 0x060000
[    1.921230] pci_bus 0000:4a: on NUMA node 0
[    1.921303] ACPI: PCI Root Bridge [PC05] (domain 0000 [bus 64-7d])
[    1.921306] acpi PNP0A08:05: _OSC: OS supports [ExtendedConfig ASPM ClockPM Segments MSI HPX-Type3]
[    1.935744] acpi PNP0A08:05: _OSC: platform does not support [SHPCHotplug AER]
[    1.935957] acpi PNP0A08:05: _OSC: OS now controls [PCIeHotplug PME PCIeCapability LTR]
[    1.935958] acpi PNP0A08:05: FADT indicates ASPM is unsupported, using BIOS configuration
[    1.936076] PCI host bridge to bus 0000:64
[    1.936077] pci_bus 0000:64: root bus resource [io  0xa000-0xafff window]
[    1.936078] pci_bus 0000:64: root bus resource [mem 0xbbc00000-0xc5ffffff window]
[    1.936080] pci_bus 0000:64: root bus resource [mem 0x240000000000-0x24ffffffffff window]
[    1.936081] pci_bus 0000:64: root bus resource [bus 64-7d]
[    1.936090] pci 0000:64:00.0: [8086:09a2] type 00 class 0x088000
[    1.936154] pci 0000:64:00.1: [8086:09a4] type 00 class 0x088000
[    1.936217] pci 0000:64:00.2: [8086:09a3] type 00 class 0x088000
[    1.936278] pci 0000:64:00.4: [8086:0998] type 00 class 0x060000
[    1.936347] pci_bus 0000:64: on NUMA node 0
[    1.936413] ACPI: PCI Root Bridge [UC06] (domain 0000 [bus 7e])
[    1.936416] acpi PNP0A03:00: _OSC: OS supports [ExtendedConfig ASPM ClockPM Segments MSI HPX-Type3]
[    1.936514] acpi PNP0A03:00: _OSC: platform does not support [SHPCHotplug AER LTR]
[    1.936694] acpi PNP0A03:00: _OSC: OS now controls [PCIeHotplug PME PCIeCapability]
[    1.936695] acpi PNP0A03:00: FADT indicates ASPM is unsupported, using BIOS configuration
[    1.936829] PCI host bridge to bus 0000:7e
[    1.936830] pci_bus 0000:7e: root bus resource [bus 7e]
[    1.936839] pci 0000:7e:00.0: [8086:3450] type 00 class 0x088000
[    1.936910] pci 0000:7e:00.1: [8086:3451] type 00 class 0x088000
[    1.936967] pci 0000:7e:00.2: [8086:3452] type 00 class 0x088000
[    1.937036] pci 0000:7e:00.3: [8086:0998] type 00 class 0x060000
[    1.937091] pci 0000:7e:00.5: [8086:3455] type 00 class 0x088000
[    1.937151] pci 0000:7e:02.0: [8086:3440] type 00 class 0x088000
[    1.937278] pci 0000:7e:02.1: [8086:3441] type 00 class 0x088000
[    1.937385] pci 0000:7e:02.2: [8086:3442] type 00 class 0x088000
[    1.937491] pci 0000:7e:03.0: [8086:3440] type 00 class 0x088000
[    1.937583] pci 0000:7e:03.1: [8086:3441] type 00 class 0x088000
[    1.937661] pci 0000:7e:03.2: [8086:3442] type 00 class 0x088000
[    1.937742] pci 0000:7e:04.0: [8086:3440] type 00 class 0x088000
[    1.937860] pci 0000:7e:04.1: [8086:3441] type 00 class 0x088000
[    1.937975] pci 0000:7e:04.2: [8086:3442] type 00 class 0x088000
[    1.938090] pci 0000:7e:04.3: [8086:3443] type 00 class 0x088000
[    1.938208] pci 0000:7e:05.0: [8086:3445] type 00 class 0x088000
[    1.938333] pci 0000:7e:05.1: [8086:3446] type 00 class 0x088000
[    1.938443] pci 0000:7e:05.2: [8086:3447] type 00 class 0x088000
[    1.938556] pci 0000:7e:06.0: [8086:3445] type 00 class 0x088000
[    1.938650] pci 0000:7e:06.1: [8086:3446] type 00 class 0x088000
[    1.938727] pci 0000:7e:06.2: [8086:3447] type 00 class 0x088000
[    1.938811] pci 0000:7e:07.0: [8086:3445] type 00 class 0x088000
[    1.938944] pci 0000:7e:07.1: [8086:3446] type 00 class 0x088000
[    1.939062] pci 0000:7e:07.2: [8086:3447] type 00 class 0x088000
[    1.939177] pci 0000:7e:0b.0: [8086:3448] type 00 class 0x088000
[    1.939253] pci 0000:7e:0b.1: [8086:3448] type 00 class 0x088000
[    1.939322] pci 0000:7e:0b.2: [8086:344b] type 00 class 0x088000
[    1.939390] pci 0000:7e:0c.0: [8086:344a] type 00 class 0x110100
[    1.939492] pci 0000:7e:0d.0: [8086:344a] type 00 class 0x110100
[    1.939591] pci 0000:7e:0e.0: [8086:344a] type 00 class 0x110100
[    1.939735] pci 0000:7e:0f.0: [8086:344a] type 00 class 0x110100
[    1.939889] pci 0000:7e:1a.0: [8086:2880] type 00 class 0x110100
[    1.939988] pci 0000:7e:1b.0: [8086:2880] type 00 class 0x110100
[    1.940085] pci 0000:7e:1c.0: [8086:2880] type 00 class 0x110100
[    1.940240] pci 0000:7e:1d.0: [8086:2880] type 00 class 0x110100
[    1.940386] pci_bus 0000:7e: on NUMA node 0
[    1.940470] ACPI: PCI Root Bridge [UC07] (domain 0000 [bus 7f])
[    1.940473] acpi PNP0A03:01: _OSC: OS supports [ExtendedConfig ASPM ClockPM Segments MSI HPX-Type3]
[    1.940571] acpi PNP0A03:01: _OSC: platform does not support [SHPCHotplug AER LTR]
[    1.940753] acpi PNP0A03:01: _OSC: OS now controls [PCIeHotplug PME PCIeCapability]
[    1.940754] acpi PNP0A03:01: FADT indicates ASPM is unsupported, using BIOS configuration
[    1.940899] PCI host bridge to bus 0000:7f
[    1.940901] pci_bus 0000:7f: root bus resource [bus 7f]
[    1.940914] pci 0000:7f:00.0: [8086:344c] type 00 class 0x088000
[    1.941027] pci 0000:7f:00.1: [8086:344c] type 00 class 0x088000
[    1.941137] pci 0000:7f:00.2: [8086:344c] type 00 class 0x088000
[    1.941247] pci 0000:7f:00.3: [8086:344c] type 00 class 0x088000
[    1.941336] pci 0000:7f:00.4: [8086:344c] type 00 class 0x088000
[    1.941455] pci 0000:7f:00.5: [8086:344c] type 00 class 0x088000
[    1.941570] pci 0000:7f:00.6: [8086:344c] type 00 class 0x088000
[    1.941652] pci 0000:7f:00.7: [8086:344c] type 00 class 0x088000
[    1.941734] pci 0000:7f:01.0: [8086:344c] type 00 class 0x088000
[    1.941875] pci 0000:7f:01.1: [8086:344c] type 00 class 0x088000
[    1.941993] pci 0000:7f:01.2: [8086:344c] type 00 class 0x088000
[    1.942074] pci 0000:7f:01.3: [8086:344c] type 00 class 0x088000
[    1.942204] pci 0000:7f:01.4: [8086:344c] type 00 class 0x088000
[    1.942335] pci 0000:7f:01.5: [8086:344c] type 00 class 0x088000
[    1.942471] pci 0000:7f:01.6: [8086:344c] type 00 class 0x088000
[    1.942597] pci 0000:7f:01.7: [8086:344c] type 00 class 0x088000
[    1.942724] pci 0000:7f:02.0: [8086:344c] type 00 class 0x088000
[    1.942868] pci 0000:7f:02.1: [8086:344c] type 00 class 0x088000
[    1.943000] pci 0000:7f:02.2: [8086:344c] type 00 class 0x088000
[    1.943131] pci 0000:7f:02.3: [8086:344c] type 00 class 0x088000
[    1.943269] pci 0000:7f:02.4: [8086:344c] type 00 class 0x088000
[    1.943406] pci 0000:7f:02.5: [8086:344c] type 00 class 0x088000
[    1.943543] pci 0000:7f:02.6: [8086:344c] type 00 class 0x088000
[    1.943695] pci 0000:7f:02.7: [8086:344c] type 00 class 0x088000
[    1.943849] pci 0000:7f:03.0: [8086:344c] type 00 class 0x088000
[    1.944008] pci 0000:7f:03.1: [8086:344c] type 00 class 0x088000
[    1.944159] pci 0000:7f:03.2: [8086:344c] type 00 class 0x088000
[    1.944307] pci 0000:7f:03.3: [8086:344c] type 00 class 0x088000
[    1.944466] pci 0000:7f:0a.0: [8086:344d] type 00 class 0x088000
[    1.944579] pci 0000:7f:0a.1: [8086:344d] type 00 class 0x088000
[    1.944688] pci 0000:7f:0a.2: [8086:344d] type 00 class 0x088000
[    1.944803] pci 0000:7f:0a.3: [8086:344d] type 00 class 0x088000
[    1.944893] pci 0000:7f:0a.4: [8086:344d] type 00 class 0x088000
[    1.945012] pci 0000:7f:0a.5: [8086:344d] type 00 class 0x088000
[    1.945128] pci 0000:7f:0a.6: [8086:344d] type 00 class 0x088000
[    1.945205] pci 0000:7f:0a.7: [8086:344d] type 00 class 0x088000
[    1.945288] pci 0000:7f:0b.0: [8086:344d] type 00 class 0x088000
[    1.945431] pci 0000:7f:0b.1: [8086:344d] type 00 class 0x088000
[    1.945550] pci 0000:7f:0b.2: [8086:344d] type 00 class 0x088000
[    1.945637] pci 0000:7f:0b.3: [8086:344d] type 00 class 0x088000
[    1.945768] pci 0000:7f:0b.4: [8086:344d] type 00 class 0x088000
[    1.945899] pci 0000:7f:0b.5: [8086:344d] type 00 class 0x088000
[    1.946035] pci 0000:7f:0b.6: [8086:344d] type 00 class 0x088000
[    1.946156] pci 0000:7f:0b.7: [8086:344d] type 00 class 0x088000
[    1.946284] pci 0000:7f:0c.0: [8086:344d] type 00 class 0x088000
[    1.946426] pci 0000:7f:0c.1: [8086:344d] type 00 class 0x088000
[    1.946558] pci 0000:7f:0c.2: [8086:344d] type 00 class 0x088000
[    1.946695] pci 0000:7f:0c.3: [8086:344d] type 00 class 0x088000
[    1.946834] pci 0000:7f:0c.4: [8086:344d] type 00 class 0x088000
[    1.946971] pci 0000:7f:0c.5: [8086:344d] type 00 class 0x088000
[    1.947108] pci 0000:7f:0c.6: [8086:344d] type 00 class 0x088000
[    1.947254] pci 0000:7f:0c.7: [8086:344d] type 00 class 0x088000
[    1.947400] pci 0000:7f:0d.0: [8086:344d] type 00 class 0x088000
[    1.947565] pci 0000:7f:0d.1: [8086:344d] type 00 class 0x088000
[    1.947716] pci 0000:7f:0d.2: [8086:344d] type 00 class 0x088000
[    1.947869] pci 0000:7f:0d.3: [8086:344d] type 00 class 0x088000
[    1.948038] pci 0000:7f:1d.0: [8086:344f] type 00 class 0x088000
[    1.948160] pci 0000:7f:1d.1: [8086:3457] type 00 class 0x088000
[    1.948266] pci 0000:7f:1e.0: [8086:3458] type 00 class 0x088000
[    1.948346] pci 0000:7f:1e.1: [8086:3459] type 00 class 0x088000
[    1.948408] pci 0000:7f:1e.2: [8086:345a] type 00 class 0x088000
[    1.948470] pci 0000:7f:1e.3: [8086:345b] type 00 class 0x088000
[    1.948531] pci 0000:7f:1e.4: [8086:345c] type 00 class 0x088000
[    1.948597] pci 0000:7f:1e.5: [8086:345d] type 00 class 0x088000
[    1.948657] pci 0000:7f:1e.6: [8086:345e] type 00 class 0x088000
[    1.948718] pci 0000:7f:1e.7: [8086:345f] type 00 class 0x088000
[    1.948777] pci_bus 0000:7f: on NUMA node 0
[    1.948882] ACPI: PCI Root Bridge [PC06] (domain 0000 [bus 80])
[    1.948885] acpi PNP0A08:06: _OSC: OS supports [ExtendedConfig ASPM ClockPM Segments MSI HPX-Type3]
[    1.963357] acpi PNP0A08:06: _OSC: platform does not support [SHPCHotplug AER]
[    1.963570] acpi PNP0A08:06: _OSC: OS now controls [PCIeHotplug PME PCIeCapability LTR]
[    1.963571] acpi PNP0A08:06: FADT indicates ASPM is unsupported, using BIOS configuration
[    1.963717] PCI host bridge to bus 0000:80
[    1.963718] pci_bus 0000:80: root bus resource [io  0xb000-0xbfff window]
[    1.963719] pci_bus 0000:80: root bus resource [mem 0xc6800000-0xd0ffffff window]
[    1.963721] pci_bus 0000:80: root bus resource [mem 0x250000000000-0x25ffffffffff window]
[    1.963722] pci_bus 0000:80: root bus resource [bus 80]
[    1.963733] pci 0000:80:00.0: [8086:09a2] type 00 class 0x088000
[    1.963820] pci 0000:80:00.1: [8086:09a4] type 00 class 0x088000
[    1.963890] pci 0000:80:00.2: [8086:09a3] type 00 class 0x088000
[    1.963960] pci 0000:80:00.4: [8086:0998] type 00 class 0x060000
[    1.964031] pci 0000:80:02.0: [8086:09a6] type 00 class 0x088000
[    1.964040] pci 0000:80:02.0: reg 0x10: [mem 0xc6aa4000-0xc6aa5fff]
[    1.964102] pci 0000:80:02.1: [8086:09a7] type 00 class 0x088000
[    1.964111] pci 0000:80:02.1: reg 0x10: [mem 0xc6a00000-0xc6a7ffff]
[    1.964117] pci 0000:80:02.1: reg 0x14: [mem 0xc6980000-0xc69fffff]
[    1.964172] pci 0000:80:02.4: [8086:3456] type 00 class 0x130000
[    1.964183] pci 0000:80:02.4: reg 0x10: [mem 0xc6800000-0xc68fffff 64bit]
[    1.964190] pci 0000:80:02.4: reg 0x18: [mem 0xc6aa0000-0xc6aa3fff 64bit]
[    1.964197] pci 0000:80:02.4: reg 0x20: [mem 0xc6a80000-0xc6a9ffff 64bit]
[    1.964264] pci_bus 0000:80: on NUMA node 1
[    1.964344] ACPI: PCI Root Bridge [PC07] (domain 0000 [bus 81])
[    1.964346] acpi PNP0A08:07: _OSC: OS supports [ExtendedConfig ASPM ClockPM Segments MSI HPX-Type3]
[    1.978776] acpi PNP0A08:07: _OSC: platform does not support [SHPCHotplug AER]
[    1.978988] acpi PNP0A08:07: _OSC: OS now controls [PCIeHotplug PME PCIeCapability LTR]
[    1.978989] acpi PNP0A08:07: FADT indicates ASPM is unsupported, using BIOS configuration
[    1.979108] PCI host bridge to bus 0000:81
[    1.979110] pci_bus 0000:81: root bus resource [io  0xc000-0xcfff window]
[    1.979111] pci_bus 0000:81: root bus resource [mem 0xd1000000-0xdbbfffff window]
[    1.979112] pci_bus 0000:81: root bus resource [mem 0x260000000000-0x26ffffffffff window]
[    1.979114] pci_bus 0000:81: root bus resource [bus 81]
[    1.979124] pci 0000:81:00.0: [8086:09a2] type 00 class 0x088000
[    1.979192] pci 0000:81:00.1: [8086:09a4] type 00 class 0x088000
[    1.979259] pci 0000:81:00.2: [8086:09a3] type 00 class 0x088000
[    1.979328] pci 0000:81:00.4: [8086:0998] type 00 class 0x060000
[    1.979405] pci_bus 0000:81: on NUMA node 1
[    1.979479] ACPI: PCI Root Bridge [PC08] (domain 0000 [bus 82])
[    1.979482] acpi PNP0A08:08: _OSC: OS supports [ExtendedConfig ASPM ClockPM Segments MSI HPX-Type3]
[    1.993899] acpi PNP0A08:08: _OSC: platform does not support [SHPCHotplug AER]
[    1.994110] acpi PNP0A08:08: _OSC: OS now controls [PCIeHotplug PME PCIeCapability LTR]
[    1.994111] acpi PNP0A08:08: FADT indicates ASPM is unsupported, using BIOS configuration
[    1.994227] PCI host bridge to bus 0000:82
[    1.994228] pci_bus 0000:82: root bus resource [io  0xd000-0xdfff window]
[    1.994230] pci_bus 0000:82: root bus resource [mem 0xdbc00000-0xe67fffff window]
[    1.994231] pci_bus 0000:82: root bus resource [mem 0x270000000000-0x27ffffffffff window]
[    1.994232] pci_bus 0000:82: root bus resource [bus 82]
[    1.994242] pci 0000:82:00.0: [8086:09a2] type 00 class 0x088000
[    1.994312] pci 0000:82:00.1: [8086:09a4] type 00 class 0x088000
[    1.994383] pci 0000:82:00.2: [8086:09a3] type 00 class 0x088000
[    1.994452] pci 0000:82:00.4: [8086:0998] type 00 class 0x060000
[    1.994530] pci_bus 0000:82: on NUMA node 1
[    1.994635] ACPI: PCI Root Bridge [PC10] (domain 0000 [bus 83-f9])
[    1.994637] acpi PNP0A08:0a: _OSC: OS supports [ExtendedConfig ASPM ClockPM Segments MSI HPX-Type3]
[    2.009103] acpi PNP0A08:0a: _OSC: platform does not support [SHPCHotplug AER]
[    2.009315] acpi PNP0A08:0a: _OSC: OS now controls [PCIeHotplug PME PCIeCapability LTR]
[    2.009316] acpi PNP0A08:0a: FADT indicates ASPM is unsupported, using BIOS configuration
[    2.009443] PCI host bridge to bus 0000:83
[    2.009444] pci_bus 0000:83: root bus resource [io  0xe000-0xefff window]
[    2.009446] pci_bus 0000:83: root bus resource [mem 0xe6800000-0xf13fffff window]
[    2.009447] pci_bus 0000:83: root bus resource [mem 0x280000000000-0x28ffffffffff window]
[    2.009448] pci_bus 0000:83: root bus resource [bus 83-f9]
[    2.009458] pci 0000:83:00.0: [8086:09a2] type 00 class 0x088000
[    2.009528] pci 0000:83:00.1: [8086:09a4] type 00 class 0x088000
[    2.009596] pci 0000:83:00.2: [8086:09a3] type 00 class 0x088000
[    2.009665] pci 0000:83:00.4: [8086:0998] type 00 class 0x060000
[    2.009743] pci_bus 0000:83: on NUMA node 1
[    2.009817] ACPI: PCI Root Bridge [PC11] (domain 0000 [bus fa])
[    2.009820] acpi PNP0A08:0b: _OSC: OS supports [ExtendedConfig ASPM ClockPM Segments MSI HPX-Type3]
[    2.024278] acpi PNP0A08:0b: _OSC: platform does not support [SHPCHotplug AER]
[    2.024488] acpi PNP0A08:0b: _OSC: OS now controls [PCIeHotplug PME PCIeCapability LTR]
[    2.024490] acpi PNP0A08:0b: FADT indicates ASPM is unsupported, using BIOS configuration
[    2.024607] PCI host bridge to bus 0000:fa
[    2.024608] pci_bus 0000:fa: root bus resource [io  0xf000-0xffff window]
[    2.024609] pci_bus 0000:fa: root bus resource [mem 0xf1400000-0xfb7fffff window]
[    2.024610] pci_bus 0000:fa: root bus resource [mem 0x290000000000-0x29ffffffffff window]
[    2.024612] pci_bus 0000:fa: root bus resource [bus fa]
[    2.024622] pci 0000:fa:00.0: [8086:09a2] type 00 class 0x088000
[    2.024691] pci 0000:fa:00.1: [8086:09a4] type 00 class 0x088000
[    2.024763] pci 0000:fa:00.2: [8086:09a3] type 00 class 0x088000
[    2.024833] pci 0000:fa:00.4: [8086:0998] type 00 class 0x060000
[    2.024911] pci_bus 0000:fa: on NUMA node 1
[    2.024977] ACPI: PCI Root Bridge [UC16] (domain 0000 [bus fe])
[    2.024980] acpi PNP0A03:02: _OSC: OS supports [ExtendedConfig ASPM ClockPM Segments MSI HPX-Type3]
[    2.025077] acpi PNP0A03:02: _OSC: platform does not support [SHPCHotplug AER LTR]
[    2.025257] acpi PNP0A03:02: _OSC: OS now controls [PCIeHotplug PME PCIeCapability]
[    2.025258] acpi PNP0A03:02: FADT indicates ASPM is unsupported, using BIOS configuration
[    2.025387] PCI host bridge to bus 0000:fe
[    2.025388] pci_bus 0000:fe: root bus resource [bus fe]
[    2.025397] pci 0000:fe:00.0: [8086:3450] type 00 class 0x088000
[    2.025472] pci 0000:fe:00.1: [8086:3451] type 00 class 0x088000
[    2.025530] pci 0000:fe:00.2: [8086:3452] type 00 class 0x088000
[    2.025589] pci 0000:fe:00.3: [8086:0998] type 00 class 0x060000
[    2.025649] pci 0000:fe:00.5: [8086:3455] type 00 class 0x088000
[    2.025715] pci 0000:fe:02.0: [8086:3440] type 00 class 0x088000
[    2.025860] pci 0000:fe:02.1: [8086:3441] type 00 class 0x088000
[    2.025972] pci 0000:fe:02.2: [8086:3442] type 00 class 0x088000
[    2.026083] pci 0000:fe:03.0: [8086:3440] type 00 class 0x088000
[    2.026182] pci 0000:fe:03.1: [8086:3441] type 00 class 0x088000
[    2.026261] pci 0000:fe:03.2: [8086:3442] type 00 class 0x088000
[    2.026348] pci 0000:fe:04.0: [8086:3440] type 00 class 0x088000
[    2.026470] pci 0000:fe:04.1: [8086:3441] type 00 class 0x088000
[    2.026593] pci 0000:fe:04.2: [8086:3442] type 00 class 0x088000
[    2.026717] pci 0000:fe:04.3: [8086:3443] type 00 class 0x088000
[    2.026840] pci 0000:fe:05.0: [8086:3445] type 00 class 0x088000
[    2.026972] pci 0000:fe:05.1: [8086:3446] type 00 class 0x088000
[    2.027088] pci 0000:fe:05.2: [8086:3447] type 00 class 0x088000
[    2.027202] pci 0000:fe:06.0: [8086:3445] type 00 class 0x088000
[    2.027299] pci 0000:fe:06.1: [8086:3446] type 00 class 0x088000
[    2.027380] pci 0000:fe:06.2: [8086:3447] type 00 class 0x088000
[    2.027471] pci 0000:fe:07.0: [8086:3445] type 00 class 0x088000
[    2.027616] pci 0000:fe:07.1: [8086:3446] type 00 class 0x088000
[    2.027740] pci 0000:fe:07.2: [8086:3447] type 00 class 0x088000
[    2.027860] pci 0000:fe:0b.0: [8086:3448] type 00 class 0x088000
[    2.027942] pci 0000:fe:0b.1: [8086:3448] type 00 class 0x088000
[    2.028006] pci 0000:fe:0b.2: [8086:344b] type 00 class 0x088000
[    2.028079] pci 0000:fe:0c.0: [8086:344a] type 00 class 0x110100
[    2.028186] pci 0000:fe:0d.0: [8086:344a] type 00 class 0x110100
[    2.028294] pci 0000:fe:0e.0: [8086:344a] type 00 class 0x110100
[    2.028451] pci 0000:fe:0f.0: [8086:344a] type 00 class 0x110100
[    2.028611] pci 0000:fe:1a.0: [8086:2880] type 00 class 0x110100
[    2.028716] pci 0000:fe:1b.0: [8086:2880] type 00 class 0x110100
[    2.028819] pci 0000:fe:1c.0: [8086:2880] type 00 class 0x110100
[    2.028974] pci 0000:fe:1d.0: [8086:2880] type 00 class 0x110100
[    2.029127] pci_bus 0000:fe: on NUMA node 1
[    2.029208] ACPI: PCI Root Bridge [UC17] (domain 0000 [bus ff])
[    2.029211] acpi PNP0A03:03: _OSC: OS supports [ExtendedConfig ASPM ClockPM Segments MSI HPX-Type3]
[    2.029310] acpi PNP0A03:03: _OSC: platform does not support [SHPCHotplug AER LTR]
[    2.029489] acpi PNP0A03:03: _OSC: OS now controls [PCIeHotplug PME PCIeCapability]
[    2.029490] acpi PNP0A03:03: FADT indicates ASPM is unsupported, using BIOS configuration
[    2.029637] PCI host bridge to bus 0000:ff
[    2.029638] pci_bus 0000:ff: root bus resource [bus ff]
[    2.029653] pci 0000:ff:00.0: [8086:344c] type 00 class 0x088000
[    2.029772] pci 0000:ff:00.1: [8086:344c] type 00 class 0x088000
[    2.029887] pci 0000:ff:00.2: [8086:344c] type 00 class 0x088000
[    2.029990] pci 0000:ff:00.3: [8086:344c] type 00 class 0x088000
[    2.030110] pci 0000:ff:00.4: [8086:344c] type 00 class 0x088000
[    2.030226] pci 0000:ff:00.5: [8086:344c] type 00 class 0x088000
[    2.030320] pci 0000:ff:00.6: [8086:344c] type 00 class 0x088000
[    2.030444] pci 0000:ff:00.7: [8086:344c] type 00 class 0x088000
[    2.030572] pci 0000:ff:01.0: [8086:344c] type 00 class 0x088000
[    2.030719] pci 0000:ff:01.1: [8086:344c] type 00 class 0x088000
[    2.030843] pci 0000:ff:01.2: [8086:344c] type 00 class 0x088000
[    2.030932] pci 0000:ff:01.3: [8086:344c] type 00 class 0x088000
[    2.031069] pci 0000:ff:01.4: [8086:344c] type 00 class 0x088000
[    2.031205] pci 0000:ff:01.5: [8086:344c] type 00 class 0x088000
[    2.031345] pci 0000:ff:01.6: [8086:344c] type 00 class 0x088000
[    2.031471] pci 0000:ff:01.7: [8086:344c] type 00 class 0x088000
[    2.031604] pci 0000:ff:02.0: [8086:344c] type 00 class 0x088000
[    2.031759] pci 0000:ff:02.1: [8086:344c] type 00 class 0x088000
[    2.031890] pci 0000:ff:02.2: [8086:344c] type 00 class 0x088000
[    2.032034] pci 0000:ff:02.3: [8086:344c] type 00 class 0x088000
[    2.032170] pci 0000:ff:02.4: [8086:344c] type 00 class 0x088000
[    2.032306] pci 0000:ff:02.5: [8086:344c] type 00 class 0x088000
[    2.032450] pci 0000:ff:02.6: [8086:344c] type 00 class 0x088000
[    2.032592] pci 0000:ff:02.7: [8086:344c] type 00 class 0x088000
[    2.032744] pci 0000:ff:03.0: [8086:344c] type 00 class 0x088000
[    2.032911] pci 0000:ff:03.1: [8086:344c] type 00 class 0x088000
[    2.033059] pci 0000:ff:03.2: [8086:344c] type 00 class 0x088000
[    2.033222] pci 0000:ff:03.3: [8086:344c] type 00 class 0x088000
[    2.033386] pci 0000:ff:0a.0: [8086:344d] type 00 class 0x088000
[    2.033505] pci 0000:ff:0a.1: [8086:344d] type 00 class 0x088000
[    2.033617] pci 0000:ff:0a.2: [8086:344d] type 00 class 0x088000
[    2.033715] pci 0000:ff:0a.3: [8086:344d] type 00 class 0x088000
[    2.033834] pci 0000:ff:0a.4: [8086:344d] type 00 class 0x088000
[    2.033950] pci 0000:ff:0a.5: [8086:344d] type 00 class 0x088000
[    2.034044] pci 0000:ff:0a.6: [8086:344d] type 00 class 0x088000
[    2.034173] pci 0000:ff:0a.7: [8086:344d] type 00 class 0x088000
[    2.034299] pci 0000:ff:0b.0: [8086:344d] type 00 class 0x088000
[    2.034446] pci 0000:ff:0b.1: [8086:344d] type 00 class 0x088000
[    2.034570] pci 0000:ff:0b.2: [8086:344d] type 00 class 0x088000
[    2.034653] pci 0000:ff:0b.3: [8086:344d] type 00 class 0x088000
[    2.034790] pci 0000:ff:0b.4: [8086:344d] type 00 class 0x088000
[    2.034926] pci 0000:ff:0b.5: [8086:344d] type 00 class 0x088000
[    2.035066] pci 0000:ff:0b.6: [8086:344d] type 00 class 0x088000
[    2.035196] pci 0000:ff:0b.7: [8086:344d] type 00 class 0x088000
[    2.035328] pci 0000:ff:0c.0: [8086:344d] type 00 class 0x088000
[    2.035477] pci 0000:ff:0c.1: [8086:344d] type 00 class 0x088000
[    2.035614] pci 0000:ff:0c.2: [8086:344d] type 00 class 0x088000
[    2.035752] pci 0000:ff:0c.3: [8086:344d] type 00 class 0x088000
[    2.035887] pci 0000:ff:0c.4: [8086:344d] type 00 class 0x088000
[    2.036024] pci 0000:ff:0c.5: [8086:344d] type 00 class 0x088000
[    2.036167] pci 0000:ff:0c.6: [8086:344d] type 00 class 0x088000
[    2.036314] pci 0000:ff:0c.7: [8086:344d] type 00 class 0x088000
[    2.036466] pci 0000:ff:0d.0: [8086:344d] type 00 class 0x088000
[    2.036634] pci 0000:ff:0d.1: [8086:344d] type 00 class 0x088000
[    2.036783] pci 0000:ff:0d.2: [8086:344d] type 00 class 0x088000
[    2.036945] pci 0000:ff:0d.3: [8086:344d] type 00 class 0x088000
[    2.037120] pci 0000:ff:1d.0: [8086:344f] type 00 class 0x088000
[    2.037247] pci 0000:ff:1d.1: [8086:3457] type 00 class 0x088000
[    2.037358] pci 0000:ff:1e.0: [8086:3458] type 00 class 0x088000
[    2.037442] pci 0000:ff:1e.1: [8086:3459] type 00 class 0x088000
[    2.037509] pci 0000:ff:1e.2: [8086:345a] type 00 class 0x088000
[    2.037573] pci 0000:ff:1e.3: [8086:345b] type 00 class 0x088000
[    2.037637] pci 0000:ff:1e.4: [8086:345c] type 00 class 0x088000
[    2.037701] pci 0000:ff:1e.5: [8086:345d] type 00 class 0x088000
[    2.037765] pci 0000:ff:1e.6: [8086:345e] type 00 class 0x088000
[    2.037829] pci 0000:ff:1e.7: [8086:345f] type 00 class 0x088000
[    2.037892] pci_bus 0000:ff: on NUMA node 1
[    2.042279] iommu: Default domain type: Translated 
[    2.042279] iommu: DMA domain TLB invalidation policy: lazy mode 
[    2.042460] SCSI subsystem initialized
[    2.042491] libata version 3.00 loaded.
[    2.042491] ACPI: bus type USB registered
[    2.042491] usbcore: registered new interface driver usbfs
[    2.042491] usbcore: registered new interface driver hub
[    2.042491] usbcore: registered new device driver usb
[    2.042491] pps_core: LinuxPPS API ver. 1 registered
[    2.042491] pps_core: Software ver. 5.3.6 - Copyright 2005-2007 Rodolfo Giometti <giometti@linux.it>
[    2.042491] PTP clock support registered
[    2.042491] EDAC MC: Ver: 3.0.0
[    2.042905] Registered efivars operations
[    2.042905] NetLabel: Initializing
[    2.042905] NetLabel:  domain hash size = 128
[    2.042905] NetLabel:  protocols = UNLABELED CIPSOv4 CALIPSO
[    2.042905] NetLabel:  unlabeled traffic allowed by default
[    2.042905] PCI: Using ACPI for IRQ routing
[    2.043840] PCI: pci_cache_line_size set to 64 bytes
[    2.044399] e820: reserve RAM buffer [mem 0x0008f000-0x0008ffff]
[    2.044401] e820: reserve RAM buffer [mem 0x46cc4020-0x47ffffff]
[    2.044402] e820: reserve RAM buffer [mem 0x46cf6020-0x47ffffff]
[    2.044404] e820: reserve RAM buffer [mem 0x46d29020-0x47ffffff]
[    2.044404] e820: reserve RAM buffer [mem 0x46d5c020-0x47ffffff]
[    2.044405] e820: reserve RAM buffer [mem 0x49e77000-0x4bffffff]
[    2.044406] e820: reserve RAM buffer [mem 0x4b2cf000-0x4bffffff]
[    2.044407] e820: reserve RAM buffer [mem 0x4bd94000-0x4bffffff]
[    2.044408] e820: reserve RAM buffer [mem 0x4ce00000-0x4fffffff]
[    2.044410] e820: reserve RAM buffer [mem 0x5eefe000-0x5fffffff]
[    2.044410] e820: reserve RAM buffer [mem 0x6f800000-0x6fffffff]
[    2.046264] pci 0000:03:00.0: vgaarb: setting as boot VGA device
[    2.046264] pci 0000:03:00.0: vgaarb: bridge control possible
[    2.046264] pci 0000:03:00.0: vgaarb: VGA device added: decodes=io+mem,owns=io+mem,locks=none
[    2.046264] vgaarb: loaded
[    2.047548] hpet0: at MMIO 0xfed00000, IRQs 2, 8, 0, 0, 0, 0, 0, 0
[    2.047555] hpet0: 8 comparators, 64-bit 24.000000 MHz counter
[    2.052506] clocksource: Switched to clocksource tsc-early
[    2.059741] VFS: Disk quotas dquot_6.6.0
[    2.059775] VFS: Dquot-cache hash table entries: 512 (order 0, 4096 bytes)
[    2.059936] AppArmor: AppArmor Filesystem Enabled
[    2.059948] pnp: PnP ACPI init
[    2.076208] system 00:01: [io  0x0500-0x05fe] has been reserved
[    2.076211] system 00:01: [io  0x0400-0x041f] has been reserved
[    2.076213] system 00:01: [io  0x0600-0x061f] has been reserved
[    2.076215] system 00:01: [io  0x0ca0-0x0ca1] has been reserved
[    2.076217] system 00:01: [io  0x0ca4-0x0ca6] has been reserved
[    2.076219] system 00:01: [mem 0xff000000-0xffffffff] has been reserved
[    2.076822] system 00:04: [mem 0xfd000000-0xfdabffff] has been reserved
[    2.076825] system 00:04: [mem 0xfdad0000-0xfdadffff] has been reserved
[    2.076827] system 00:04: [mem 0xfdb00000-0xfdffffff] has been reserved
[    2.076828] system 00:04: [mem 0xfe000000-0xfe00ffff] has been reserved
[    2.076830] system 00:04: [mem 0xfe011000-0xfe01ffff] has been reserved
[    2.076831] system 00:04: [mem 0xfe036000-0xfe03bfff] has been reserved
[    2.076833] system 00:04: [mem 0xfe03d000-0xfe3fffff] has been reserved
[    2.076835] system 00:04: [mem 0xfe410000-0xfe7fffff] has been reserved
[    2.077154] system 00:05: [io  0x1000-0x10fe] has been reserved
[    2.078180] pnp: PnP ACPI: found 6 devices
[    2.083920] clocksource: acpi_pm: mask: 0xffffff max_cycles: 0xffffff, max_idle_ns: 2085701024 ns
[    2.083998] NET: Registered PF_INET protocol family
[    2.084319] IP idents hash table entries: 262144 (order: 9, 2097152 bytes, vmalloc)
[    2.086515] tcp_listen_portaddr_hash hash table entries: 32768 (order: 7, 524288 bytes, vmalloc)
[    2.087201] TCP established hash table entries: 524288 (order: 10, 4194304 bytes, vmalloc hugepage)
[    2.087829] TCP bind hash table entries: 65536 (order: 8, 1048576 bytes, vmalloc)
[    2.087890] TCP: Hash tables configured (established 524288 bind 65536)
[    2.088190] UDP hash table entries: 32768 (order: 8, 1048576 bytes, vmalloc)
[    2.088413] UDP-Lite hash table entries: 32768 (order: 8, 1048576 bytes, vmalloc)
[    2.088606] NET: Registered PF_UNIX/PF_LOCAL protocol family
[    2.088612] NET: Registered PF_XDP protocol family
[    2.088620] pci 0000:04:00.0: can't claim BAR 6 [mem 0xfffc0000-0xffffffff pref]: no compatible bridge window
[    2.088622] pci 0000:04:00.1: can't claim BAR 6 [mem 0xfffc0000-0xffffffff pref]: no compatible bridge window
[    2.088624] pci 0000:17:00.0: can't claim BAR 6 [mem 0xfff00000-0xffffffff pref]: no compatible bridge window
[    2.088639] pci 0000:00:1c.5: BAR 14: assigned [mem 0x90000000-0x900fffff]
[    2.088642] pci 0000:00:1c.0: PCI bridge to [bus 01]
[    2.088652] pci 0000:02:00.0: PCI bridge to [bus 03]
[    2.088657] pci 0000:02:00.0:   bridge window [mem 0x92000000-0x928fffff]
[    2.088661] pci 0000:02:00.0:   bridge window [mem 0x91000000-0x91ffffff 64bit pref]
[    2.088667] pci 0000:00:1c.4: PCI bridge to [bus 02-03]
[    2.088670] pci 0000:00:1c.4:   bridge window [mem 0x92000000-0x928fffff]
[    2.088673] pci 0000:00:1c.4:   bridge window [mem 0x91000000-0x91ffffff 64bit pref]
[    2.088679] pci 0000:04:00.0: BAR 6: assigned [mem 0x90000000-0x9003ffff pref]
[    2.088681] pci 0000:04:00.1: BAR 6: assigned [mem 0x90040000-0x9007ffff pref]
[    2.088682] pci 0000:00:1c.5: PCI bridge to [bus 04]
[    2.088685] pci 0000:00:1c.5:   bridge window [mem 0x90000000-0x900fffff]
[    2.088688] pci 0000:00:1c.5:   bridge window [mem 0x92900000-0x929fffff 64bit pref]
[    2.088692] pci_bus 0000:00: resource 4 [io  0x0000-0x0cf7 window]
[    2.088694] pci_bus 0000:00: resource 5 [io  0x1000-0x4fff window]
[    2.088695] pci_bus 0000:00: resource 6 [mem 0x000a0000-0x000bffff window]
[    2.088697] pci_bus 0000:00: resource 7 [mem 0x000c8000-0x000cffff window]
[    2.088698] pci_bus 0000:00: resource 8 [mem 0xfe010000-0xfe010fff window]
[    2.088700] pci_bus 0000:00: resource 9 [mem 0x90000000-0x9b7fffff window]
[    2.088701] pci_bus 0000:00: resource 10 [mem 0x200000000000-0x20ffffffffff window]
[    2.088703] pci_bus 0000:02: resource 1 [mem 0x92000000-0x928fffff]
[    2.088704] pci_bus 0000:02: resource 2 [mem 0x91000000-0x91ffffff 64bit pref]
[    2.088706] pci_bus 0000:03: resource 1 [mem 0x92000000-0x928fffff]
[    2.088707] pci_bus 0000:03: resource 2 [mem 0x91000000-0x91ffffff 64bit pref]
[    2.088708] pci_bus 0000:04: resource 1 [mem 0x90000000-0x900fffff]
[    2.088709] pci_bus 0000:04: resource 2 [mem 0x92900000-0x929fffff 64bit pref]
[    2.088784] pci 0000:17:00.0: BAR 6: no space for [mem size 0x00100000 pref]
[    2.088786] pci 0000:17:00.0: BAR 6: failed to assign [mem size 0x00100000 pref]
[    2.088788] pci 0000:16:02.0: PCI bridge to [bus 17]
[    2.088789] pci 0000:16:02.0:   bridge window [io  0x5000-0x5fff]
[    2.088792] pci 0000:16:02.0:   bridge window [mem 0x9ba00000-0x9bafffff]
[    2.088794] pci 0000:16:02.0:   bridge window [mem 0x9b800000-0x9b9fffff 64bit pref]
[    2.088798] pci_bus 0000:16: resource 4 [io  0x5000-0x6fff window]
[    2.088799] pci_bus 0000:16: resource 5 [mem 0x9b800000-0xa63fffff window]
[    2.088800] pci_bus 0000:16: resource 6 [mem 0x210000000000-0x21ffffffffff window]
[    2.088801] pci_bus 0000:17: resource 0 [io  0x5000-0x5fff]
[    2.088802] pci_bus 0000:17: resource 1 [mem 0x9ba00000-0x9bafffff]
[    2.088803] pci_bus 0000:17: resource 2 [mem 0x9b800000-0x9b9fffff 64bit pref]
[    2.088810] pci_bus 0000:30: resource 4 [io  0x7000-0x8fff window]
[    2.088811] pci_bus 0000:30: resource 5 [mem 0xa6400000-0xb0ffffff window]
[    2.088813] pci_bus 0000:30: resource 6 [mem 0x220000000000-0x22ffffffffff window]
[    2.088818] pci_bus 0000:4a: resource 4 [io  0x9000-0x9fff window]
[    2.088819] pci_bus 0000:4a: resource 5 [mem 0xb1000000-0xbbbfffff window]
[    2.088820] pci_bus 0000:4a: resource 6 [mem 0x230000000000-0x23ffffffffff window]
