[    0.000000] Linux version 5.15.0-tiering-0.8 (xmu@xmu-PowerEdge-R750) (gcc (Ubuntu 8.4.0-1ubuntu1~18.04) 8.4.0, GNU ld (GNU Binutils for Ubuntu) 2.30) #1 SMP Thu Apr 18 19:37:58 CST 2024
[    0.000000] Command line: BOOT_IMAGE=/boot/vmlinuz-5.15.0-tiering-0.8 root=UUID=ce0c24b8-724b-4f33-9b2c-618433560aef ro memmap=40000M!4096M memmap=59G!64G quiet splash nomodeset vt.handoff=1
[    0.000000] KERNEL supported cpus:
[    0.000000]   Intel GenuineIntel
[    0.000000]   AMD AuthenticAMD
[    0.000000]   Hygon HygonGenuine
[    0.000000]   Centaur CentaurHauls
[    0.000000]   zhaoxin   Shanghai  
[    0.000000] x86/split lock detection: #AC: crashing the kernel on kernel split_locks and warning on user-space split_locks
[    0.000000] x86/fpu: Supporting XSAVE feature 0x001: 'x87 floating point registers'
[    0.000000] x86/fpu: Supporting XSAVE feature 0x002: 'SSE registers'
[    0.000000] x86/fpu: Supporting XSAVE feature 0x004: 'AVX registers'
[    0.000000] x86/fpu: Supporting XSAVE feature 0x020: 'AVX-512 opmask'
[    0.000000] x86/fpu: Supporting XSAVE feature 0x040: 'AVX-512 Hi256'
[    0.000000] x86/fpu: Supporting XSAVE feature 0x080: 'AVX-512 ZMM_Hi256'
[    0.000000] x86/fpu: Supporting XSAVE feature 0x200: 'Protection Keys User registers'
[    0.000000] x86/fpu: xstate_offset[2]:  576, xstate_sizes[2]:  256
[    0.000000] x86/fpu: xstate_offset[5]:  832, xstate_sizes[5]:   64
[    0.000000] x86/fpu: xstate_offset[6]:  896, xstate_sizes[6]:  512
[    0.000000] x86/fpu: xstate_offset[7]: 1408, xstate_sizes[7]: 1024
[    0.000000] x86/fpu: xstate_offset[9]: 2432, xstate_sizes[9]:    8
[    0.000000] x86/fpu: Enabled xstate features 0x2e7, context size is 2440 bytes, using 'compacted' format.
[    0.000000] signal: max sigframe size: 3632
[    0.000000] BIOS-provided physical RAM map:
[    0.000000] BIOS-e820: [mem 0x0000000000000000-0x000000000008efff] usable
[    0.000000] BIOS-e820: [mem 0x000000000008f000-0x000000000008ffff] reserved
[    0.000000] BIOS-e820: [mem 0x0000000000090000-0x000000000009ffff] usable
[    0.000000] BIOS-e820: [mem 0x00000000000a0000-0x00000000000fffff] reserved
[    0.000000] BIOS-e820: [mem 0x0000000000100000-0x0000000049e76fff] usable
[    0.000000] BIOS-e820: [mem 0x0000000049e77000-0x000000004ae76fff] ACPI NVS
[    0.000000] BIOS-e820: [mem 0x000000004ae77000-0x000000004b2cefff] usable
[    0.000000] BIOS-e820: [mem 0x000000004b2cf000-0x000000004b54dfff] ACPI data
[    0.000000] BIOS-e820: [mem 0x000000004b54e000-0x000000004bd93fff] usable
[    0.000000] BIOS-e820: [mem 0x000000004bd94000-0x000000004be99fff] reserved
[    0.000000] BIOS-e820: [mem 0x000000004be9a000-0x000000004cdfffff] usable
[    0.000000] BIOS-e820: [mem 0x000000004ce00000-0x000000004cffffff] reserved
[    0.000000] BIOS-e820: [mem 0x000000004d000000-0x000000005eefdfff] usable
[    0.000000] BIOS-e820: [mem 0x000000005eefe000-0x000000006e3fefff] reserved
[    0.000000] BIOS-e820: [mem 0x000000006e3ff000-0x000000006f3fefff] ACPI NVS
[    0.000000] BIOS-e820: [mem 0x000000006f3ff000-0x000000006f7fefff] ACPI data
[    0.000000] BIOS-e820: [mem 0x000000006f7ff000-0x000000006f7fffff] usable
[    0.000000] BIOS-e820: [mem 0x000000006f800000-0x000000008fffffff] reserved
[    0.000000] BIOS-e820: [mem 0x00000000fe000000-0x00000000fe010fff] reserved
[    0.000000] BIOS-e820: [mem 0x0000000100000000-0x000000207fffffff] usable
[    0.000000] BIOS-e820: [mem 0x0000002080000000-0x0000011c7fffffff] persistent (type 7)
[    0.000000] BIOS-e820: [mem 0x00001ffc00000000-0x00001fffffffffff] reserved
[    0.000000] NX (Execute Disable) protection: active
[    0.000000] e820: update [mem 0x46d5d020-0x46d6505f] usable ==> usable
[    0.000000] e820: update [mem 0x46d5d020-0x46d6505f] usable ==> usable
[    0.000000] e820: update [mem 0x46d2a020-0x46d5cc5f] usable ==> usable
[    0.000000] e820: update [mem 0x46d2a020-0x46d5cc5f] usable ==> usable
[    0.000000] e820: update [mem 0x46cf7020-0x46d29c5f] usable ==> usable
[    0.000000] e820: update [mem 0x46cf7020-0x46d29c5f] usable ==> usable
[    0.000000] e820: update [mem 0x46cc5020-0x46cf6a5f] usable ==> usable
[    0.000000] e820: update [mem 0x46cc5020-0x46cf6a5f] usable ==> usable
[    0.000000] extended physical RAM map:
[    0.000000] reserve setup_data: [mem 0x0000000000000000-0x000000000008efff] usable
[    0.000000] reserve setup_data: [mem 0x000000000008f000-0x000000000008ffff] reserved
[    0.000000] reserve setup_data: [mem 0x0000000000090000-0x000000000009ffff] usable
[    0.000000] reserve setup_data: [mem 0x00000000000a0000-0x00000000000fffff] reserved
[    0.000000] reserve setup_data: [mem 0x0000000000100000-0x0000000046cc501f] usable
[    0.000000] reserve setup_data: [mem 0x0000000046cc5020-0x0000000046cf6a5f] usable
[    0.000000] reserve setup_data: [mem 0x0000000046cf6a60-0x0000000046cf701f] usable
[    0.000000] reserve setup_data: [mem 0x0000000046cf7020-0x0000000046d29c5f] usable
[    0.000000] reserve setup_data: [mem 0x0000000046d29c60-0x0000000046d2a01f] usable
[    0.000000] reserve setup_data: [mem 0x0000000046d2a020-0x0000000046d5cc5f] usable
[    0.000000] reserve setup_data: [mem 0x0000000046d5cc60-0x0000000046d5d01f] usable
[    0.000000] reserve setup_data: [mem 0x0000000046d5d020-0x0000000046d6505f] usable
[    0.000000] reserve setup_data: [mem 0x0000000046d65060-0x0000000049e76fff] usable
[    0.000000] reserve setup_data: [mem 0x0000000049e77000-0x000000004ae76fff] ACPI NVS
[    0.000000] reserve setup_data: [mem 0x000000004ae77000-0x000000004b2cefff] usable
[    0.000000] reserve setup_data: [mem 0x000000004b2cf000-0x000000004b54dfff] ACPI data
[    0.000000] reserve setup_data: [mem 0x000000004b54e000-0x000000004bd93fff] usable
[    0.000000] reserve setup_data: [mem 0x000000004bd94000-0x000000004be99fff] reserved
[    0.000000] reserve setup_data: [mem 0x000000004be9a000-0x000000004cdfffff] usable
[    0.000000] reserve setup_data: [mem 0x000000004ce00000-0x000000004cffffff] reserved
[    0.000000] reserve setup_data: [mem 0x000000004d000000-0x000000005eefdfff] usable
[    0.000000] reserve setup_data: [mem 0x000000005eefe000-0x000000006e3fefff] reserved
[    0.000000] reserve setup_data: [mem 0x000000006e3ff000-0x000000006f3fefff] ACPI NVS
[    0.000000] reserve setup_data: [mem 0x000000006f3ff000-0x000000006f7fefff] ACPI data
[    0.000000] reserve setup_data: [mem 0x000000006f7ff000-0x000000006f7fffff] usable
[    0.000000] reserve setup_data: [mem 0x000000006f800000-0x000000008fffffff] reserved
[    0.000000] reserve setup_data: [mem 0x00000000fe000000-0x00000000fe010fff] reserved
[    0.000000] reserve setup_data: [mem 0x0000000100000000-0x0000000ac3ffffff] persistent (type 12)
[    0.000000] reserve setup_data: [mem 0x0000000ac4000000-0x0000000fffffffff] usable
[    0.000000] reserve setup_data: [mem 0x0000001000000000-0x0000001ebfffffff] persistent (type 12)
[    0.000000] reserve setup_data: [mem 0x0000001ec0000000-0x000000207fffffff] usable
[    0.000000] reserve setup_data: [mem 0x0000002080000000-0x0000011c7fffffff] persistent (type 7)
[    0.000000] reserve setup_data: [mem 0x00001ffc00000000-0x00001fffffffffff] reserved
[    0.000000] user-defined physical RAM map:
[    0.000000] user: [mem 0x0000000000000000-0x000000000008efff] usable
[    0.000000] user: [mem 0x000000000008f000-0x000000000008ffff] reserved
[    0.000000] user: [mem 0x0000000000090000-0x000000000009ffff] usable
[    0.000000] user: [mem 0x00000000000a0000-0x00000000000fffff] reserved
[    0.000000] user: [mem 0x0000000000100000-0x0000000046cc501f] usable
[    0.000000] user: [mem 0x0000000046cc5020-0x0000000046cf6a5f] usable
[    0.000000] user: [mem 0x0000000046cf6a60-0x0000000046cf701f] usable
[    0.000000] user: [mem 0x0000000046cf7020-0x0000000046d29c5f] usable
[    0.000000] user: [mem 0x0000000046d29c60-0x0000000046d2a01f] usable
[    0.000000] user: [mem 0x0000000046d2a020-0x0000000046d5cc5f] usable
[    0.000000] user: [mem 0x0000000046d5cc60-0x0000000046d5d01f] usable
[    0.000000] user: [mem 0x0000000046d5d020-0x0000000046d6505f] usable
[    0.000000] user: [mem 0x0000000046d65060-0x0000000049e76fff] usable
[    0.000000] user: [mem 0x0000000049e77000-0x000000004ae76fff] ACPI NVS
[    0.000000] user: [mem 0x000000004ae77000-0x000000004b2cefff] usable
[    0.000000] user: [mem 0x000000004b2cf000-0x000000004b54dfff] ACPI data
[    0.000000] user: [mem 0x000000004b54e000-0x000000004bd93fff] usable
[    0.000000] user: [mem 0x000000004bd94000-0x000000004be99fff] reserved
[    0.000000] user: [mem 0x000000004be9a000-0x000000004cdfffff] usable
[    0.000000] user: [mem 0x000000004ce00000-0x000000004cffffff] reserved
[    0.000000] user: [mem 0x000000004d000000-0x000000005eefdfff] usable
[    0.000000] user: [mem 0x000000005eefe000-0x000000006e3fefff] reserved
[    0.000000] user: [mem 0x000000006e3ff000-0x000000006f3fefff] ACPI NVS
[    0.000000] user: [mem 0x000000006f3ff000-0x000000006f7fefff] ACPI data
[    0.000000] user: [mem 0x000000006f7ff000-0x000000006f7fffff] usable
[    0.000000] user: [mem 0x000000006f800000-0x000000008fffffff] reserved
[    0.000000] user: [mem 0x00000000fe000000-0x00000000fe010fff] reserved
[    0.000000] user: [mem 0x0000000100000000-0x0000000ac3ffffff] persistent (type 12)
[    0.000000] user: [mem 0x0000000ac4000000-0x0000000fffffffff] usable
[    0.000000] user: [mem 0x0000001000000000-0x0000001ebfffffff] persistent (type 12)
[    0.000000] user: [mem 0x0000001ec0000000-0x000000207fffffff] usable
[    0.000000] user: [mem 0x0000002080000000-0x0000011c7fffffff] persistent (type 7)
[    0.000000] user: [mem 0x00001ffc00000000-0x00001fffffffffff] reserved
[    0.000000] efi: EFI v2.70 by Dell Inc.
[    0.000000] efi: ACPI=0x6f7fe000 ACPI 2.0=0x6f7fe014 MEMATTR=0x5b070020 SMBIOS=0x69526000 SMBIOS 3.0=0x69524000 MOKvar=0x5ef81000 RNG=0x5ef8a920 
[    0.000000] efi: seeding entropy pool
[    0.000000] random: fast init done
[    0.000000] SMBIOS 3.3.0 present.
[    0.000000] DMI: Dell Inc. PowerEdge R750/0K8F35, BIOS 1.10.2 03/03/2023
[    0.000000] tsc: Detected 2000.000 MHz processor
[    0.000007] e820: update [mem 0x00000000-0x00000fff] usable ==> reserved
[    0.000010] e820: remove [mem 0x000a0000-0x000fffff] usable
[    0.000018] last_pfn = 0x2080000 max_arch_pfn = 0x400000000
[    0.000223] x86/PAT: Configuration [0-7]: WB  WC  UC- UC  WB  WP  UC- WT  
[    0.003055] total RAM covered: 2095088M
[    0.003140]  gran_size: 64K 	chunk_size: 64K 	num_reg: 10  	lose cover RAM: 2016G
[    0.003143]  gran_size: 64K 	chunk_size: 128K 	num_reg: 10  	lose cover RAM: 2016G
[    0.003145]  gran_size: 64K 	chunk_size: 256K 	num_reg: 10  	lose cover RAM: 2016G
[    0.003146]  gran_size: 64K 	chunk_size: 512K 	num_reg: 10  	lose cover RAM: 2016G
[    0.003148]  gran_size: 64K 	chunk_size: 1M 	num_reg: 10  	lose cover RAM: 2016G
[    0.003149]  gran_size: 64K 	chunk_size: 2M 	num_reg: 10  	lose cover RAM: 2016G
[    0.003150]  gran_size: 64K 	chunk_size: 4M 	num_reg: 10  	lose cover RAM: 2016G
[    0.003151]  gran_size: 64K 	chunk_size: 8M 	num_reg: 10  	lose cover RAM: 2016G
[    0.003153]  gran_size: 64K 	chunk_size: 16M 	num_reg: 10  	lose cover RAM: 2016G
[    0.003154]  gran_size: 64K 	chunk_size: 32M 	num_reg: 10  	lose cover RAM: 1024G
[    0.003155]  gran_size: 64K 	chunk_size: 64M 	num_reg: 10  	lose cover RAM: 1024G
[    0.003156]  gran_size: 64K 	chunk_size: 128M 	num_reg: 10  	lose cover RAM: 1024G
[    0.003158]  gran_size: 64K 	chunk_size: 256M 	num_reg: 10  	lose cover RAM: 1024G
[    0.003159]  gran_size: 64K 	chunk_size: 512M 	num_reg: 10  	lose cover RAM: 1024G
[    0.003160]  gran_size: 64K 	chunk_size: 1G 	num_reg: 10  	lose cover RAM: 1024G
[    0.003161]  gran_size: 64K 	chunk_size: 2G 	num_reg: 10  	lose cover RAM: 1024G
[    0.003163]  gran_size: 128K 	chunk_size: 128K 	num_reg: 10  	lose cover RAM: 2016G
[    0.003164]  gran_size: 128K 	chunk_size: 256K 	num_reg: 10  	lose cover RAM: 2016G
[    0.003165]  gran_size: 128K 	chunk_size: 512K 	num_reg: 10  	lose cover RAM: 2016G
[    0.003166]  gran_size: 128K 	chunk_size: 1M 	num_reg: 10  	lose cover RAM: 2016G
[    0.003168]  gran_size: 128K 	chunk_size: 2M 	num_reg: 10  	lose cover RAM: 2016G
[    0.003169]  gran_size: 128K 	chunk_size: 4M 	num_reg: 10  	lose cover RAM: 2016G
[    0.003170]  gran_size: 128K 	chunk_size: 8M 	num_reg: 10  	lose cover RAM: 2016G
[    0.003171]  gran_size: 128K 	chunk_size: 16M 	num_reg: 10  	lose cover RAM: 2016G
[    0.003173]  gran_size: 128K 	chunk_size: 32M 	num_reg: 10  	lose cover RAM: 1024G
[    0.003174]  gran_size: 128K 	chunk_size: 64M 	num_reg: 10  	lose cover RAM: 1024G
[    0.003175]  gran_size: 128K 	chunk_size: 128M 	num_reg: 10  	lose cover RAM: 1024G
[    0.003176]  gran_size: 128K 	chunk_size: 256M 	num_reg: 10  	lose cover RAM: 1024G
[    0.003178]  gran_size: 128K 	chunk_size: 512M 	num_reg: 10  	lose cover RAM: 1024G
[    0.003179]  gran_size: 128K 	chunk_size: 1G 	num_reg: 10  	lose cover RAM: 1024G
[    0.003181]  gran_size: 128K 	chunk_size: 2G 	num_reg: 10  	lose cover RAM: 1024G
[    0.003182]  gran_size: 256K 	chunk_size: 256K 	num_reg: 10  	lose cover RAM: 2016G
[    0.003184]  gran_size: 256K 	chunk_size: 512K 	num_reg: 10  	lose cover RAM: 2016G
[    0.003185]  gran_size: 256K 	chunk_size: 1M 	num_reg: 10  	lose cover RAM: 2016G
[    0.003186]  gran_size: 256K 	chunk_size: 2M 	num_reg: 10  	lose cover RAM: 2016G
[    0.003188]  gran_size: 256K 	chunk_size: 4M 	num_reg: 10  	lose cover RAM: 2016G
[    0.003189]  gran_size: 256K 	chunk_size: 8M 	num_reg: 10  	lose cover RAM: 2016G
[    0.003190]  gran_size: 256K 	chunk_size: 16M 	num_reg: 10  	lose cover RAM: 2016G
[    0.003191]  gran_size: 256K 	chunk_size: 32M 	num_reg: 10  	lose cover RAM: 1024G
[    0.003193]  gran_size: 256K 	chunk_size: 64M 	num_reg: 10  	lose cover RAM: 1024G
[    0.003194]  gran_size: 256K 	chunk_size: 128M 	num_reg: 10  	lose cover RAM: 1024G
[    0.003195]  gran_size: 256K 	chunk_size: 256M 	num_reg: 10  	lose cover RAM: 1024G
[    0.003196]  gran_size: 256K 	chunk_size: 512M 	num_reg: 10  	lose cover RAM: 1024G
[    0.003198]  gran_size: 256K 	chunk_size: 1G 	num_reg: 10  	lose cover RAM: 1024G
[    0.003199]  gran_size: 256K 	chunk_size: 2G 	num_reg: 10  	lose cover RAM: 1024G
[    0.003200]  gran_size: 512K 	chunk_size: 512K 	num_reg: 10  	lose cover RAM: 2016G
[    0.003202]  gran_size: 512K 	chunk_size: 1M 	num_reg: 10  	lose cover RAM: 2016G
[    0.003203]  gran_size: 512K 	chunk_size: 2M 	num_reg: 10  	lose cover RAM: 2016G
[    0.003205]  gran_size: 512K 	chunk_size: 4M 	num_reg: 10  	lose cover RAM: 2016G
[    0.003206]  gran_size: 512K 	chunk_size: 8M 	num_reg: 10  	lose cover RAM: 2016G
[    0.003207]  gran_size: 512K 	chunk_size: 16M 	num_reg: 10  	lose cover RAM: 2016G
[    0.003209]  gran_size: 512K 	chunk_size: 32M 	num_reg: 10  	lose cover RAM: 1024G
[    0.003210]  gran_size: 512K 	chunk_size: 64M 	num_reg: 10  	lose cover RAM: 1024G
[    0.003211]  gran_size: 512K 	chunk_size: 128M 	num_reg: 10  	lose cover RAM: 1024G
[    0.003212]  gran_size: 512K 	chunk_size: 256M 	num_reg: 10  	lose cover RAM: 1024G
[    0.003214]  gran_size: 512K 	chunk_size: 512M 	num_reg: 10  	lose cover RAM: 1024G
[    0.003215]  gran_size: 512K 	chunk_size: 1G 	num_reg: 10  	lose cover RAM: 1024G
[    0.003216]  gran_size: 512K 	chunk_size: 2G 	num_reg: 10  	lose cover RAM: 1024G
[    0.003217]  gran_size: 1M 	chunk_size: 1M 	num_reg: 10  	lose cover RAM: 2016G
[    0.003219]  gran_size: 1M 	chunk_size: 2M 	num_reg: 10  	lose cover RAM: 2016G
[    0.003220]  gran_size: 1M 	chunk_size: 4M 	num_reg: 10  	lose cover RAM: 2016G
[    0.003221]  gran_size: 1M 	chunk_size: 8M 	num_reg: 10  	lose cover RAM: 2016G
[    0.003222]  gran_size: 1M 	chunk_size: 16M 	num_reg: 10  	lose cover RAM: 2016G
[    0.003224]  gran_size: 1M 	chunk_size: 32M 	num_reg: 10  	lose cover RAM: 1024G
[    0.003225]  gran_size: 1M 	chunk_size: 64M 	num_reg: 10  	lose cover RAM: 1024G
[    0.003226]  gran_size: 1M 	chunk_size: 128M 	num_reg: 10  	lose cover RAM: 1024G
[    0.003227]  gran_size: 1M 	chunk_size: 256M 	num_reg: 10  	lose cover RAM: 1024G
[    0.003229]  gran_size: 1M 	chunk_size: 512M 	num_reg: 10  	lose cover RAM: 1024G
[    0.003230]  gran_size: 1M 	chunk_size: 1G 	num_reg: 10  	lose cover RAM: 1024G
[    0.003231]  gran_size: 1M 	chunk_size: 2G 	num_reg: 10  	lose cover RAM: 1024G
[    0.003232]  gran_size: 2M 	chunk_size: 2M 	num_reg: 10  	lose cover RAM: 2016G
[    0.003234]  gran_size: 2M 	chunk_size: 4M 	num_reg: 10  	lose cover RAM: 2016G
[    0.003235]  gran_size: 2M 	chunk_size: 8M 	num_reg: 10  	lose cover RAM: 2016G
[    0.003236]  gran_size: 2M 	chunk_size: 16M 	num_reg: 10  	lose cover RAM: 2016G
[    0.003238]  gran_size: 2M 	chunk_size: 32M 	num_reg: 10  	lose cover RAM: 1024G
[    0.003239]  gran_size: 2M 	chunk_size: 64M 	num_reg: 10  	lose cover RAM: 1024G
[    0.003241]  gran_size: 2M 	chunk_size: 128M 	num_reg: 10  	lose cover RAM: 1024G
[    0.003242]  gran_size: 2M 	chunk_size: 256M 	num_reg: 10  	lose cover RAM: 1024G
[    0.003243]  gran_size: 2M 	chunk_size: 512M 	num_reg: 10  	lose cover RAM: 1024G
[    0.003245]  gran_size: 2M 	chunk_size: 1G 	num_reg: 10  	lose cover RAM: 1024G
[    0.003246]  gran_size: 2M 	chunk_size: 2G 	num_reg: 10  	lose cover RAM: 1024G
[    0.003247]  gran_size: 4M 	chunk_size: 4M 	num_reg: 10  	lose cover RAM: 2016G
[    0.003249]  gran_size: 4M 	chunk_size: 8M 	num_reg: 10  	lose cover RAM: 2016G
[    0.003250]  gran_size: 4M 	chunk_size: 16M 	num_reg: 10  	lose cover RAM: 2016G
[    0.003251]  gran_size: 4M 	chunk_size: 32M 	num_reg: 10  	lose cover RAM: 1024G
[    0.003253]  gran_size: 4M 	chunk_size: 64M 	num_reg: 10  	lose cover RAM: 1024G
[    0.003254]  gran_size: 4M 	chunk_size: 128M 	num_reg: 10  	lose cover RAM: 1024G
[    0.003255]  gran_size: 4M 	chunk_size: 256M 	num_reg: 10  	lose cover RAM: 1024G
[    0.003256]  gran_size: 4M 	chunk_size: 512M 	num_reg: 10  	lose cover RAM: 1024G
[    0.003257]  gran_size: 4M 	chunk_size: 1G 	num_reg: 10  	lose cover RAM: 1024G
[    0.003259]  gran_size: 4M 	chunk_size: 2G 	num_reg: 10  	lose cover RAM: 1024G
[    0.003260]  gran_size: 8M 	chunk_size: 8M 	num_reg: 10  	lose cover RAM: 2016G
[    0.003261]  gran_size: 8M 	chunk_size: 16M 	num_reg: 10  	lose cover RAM: 2016G
[    0.003263]  gran_size: 8M 	chunk_size: 32M 	num_reg: 10  	lose cover RAM: 1024G
[    0.003264]  gran_size: 8M 	chunk_size: 64M 	num_reg: 10  	lose cover RAM: 1024G
[    0.003265]  gran_size: 8M 	chunk_size: 128M 	num_reg: 10  	lose cover RAM: 1024G
[    0.003266]  gran_size: 8M 	chunk_size: 256M 	num_reg: 10  	lose cover RAM: 1024G
[    0.003268]  gran_size: 8M 	chunk_size: 512M 	num_reg: 10  	lose cover RAM: 1024G
[    0.003269]  gran_size: 8M 	chunk_size: 1G 	num_reg: 10  	lose cover RAM: 1024G
[    0.003270]  gran_size: 8M 	chunk_size: 2G 	num_reg: 10  	lose cover RAM: 1024G
[    0.003272]  gran_size: 16M 	chunk_size: 16M 	num_reg: 10  	lose cover RAM: 2016G
[    0.003273]  gran_size: 16M 	chunk_size: 32M 	num_reg: 10  	lose cover RAM: 1024G
[    0.003274]  gran_size: 16M 	chunk_size: 64M 	num_reg: 10  	lose cover RAM: 1024G
[    0.003276]  gran_size: 16M 	chunk_size: 128M 	num_reg: 10  	lose cover RAM: 1024G
[    0.003277]  gran_size: 16M 	chunk_size: 256M 	num_reg: 10  	lose cover RAM: 1024G
[    0.003278]  gran_size: 16M 	chunk_size: 512M 	num_reg: 10  	lose cover RAM: 1024G
[    0.003279]  gran_size: 16M 	chunk_size: 1G 	num_reg: 10  	lose cover RAM: 1024G
[    0.003281]  gran_size: 16M 	chunk_size: 2G 	num_reg: 10  	lose cover RAM: 1024G
[    0.003282]  gran_size: 32M 	chunk_size: 32M 	num_reg: 10  	lose cover RAM: 2031632M
[    0.003283]  gran_size: 32M 	chunk_size: 64M 	num_reg: 10  	lose cover RAM: 1048592M
[    0.003285]  gran_size: 32M 	chunk_size: 128M 	num_reg: 10  	lose cover RAM: 1048592M
[    0.003286]  gran_size: 32M 	chunk_size: 256M 	num_reg: 10  	lose cover RAM: 1048592M
[    0.003287]  gran_size: 32M 	chunk_size: 512M 	num_reg: 10  	lose cover RAM: 1048592M
[    0.003289]  gran_size: 32M 	chunk_size: 1G 	num_reg: 10  	lose cover RAM: 1048592M
[    0.003290]  gran_size: 32M 	chunk_size: 2G 	num_reg: 10  	lose cover RAM: 1048592M
[    0.003291]  gran_size: 64M 	chunk_size: 64M 	num_reg: 10  	lose cover RAM: 1966128M
[    0.003292]  gran_size: 64M 	chunk_size: 128M 	num_reg: 10  	lose cover RAM: 1048624M
[    0.003294]  gran_size: 64M 	chunk_size: 256M 	num_reg: 10  	lose cover RAM: 1048624M
[    0.003295]  gran_size: 64M 	chunk_size: 512M 	num_reg: 10  	lose cover RAM: 1048624M
[    0.003296]  gran_size: 64M 	chunk_size: 1G 	num_reg: 10  	lose cover RAM: 1048624M
[    0.003298]  gran_size: 64M 	chunk_size: 2G 	num_reg: 10  	lose cover RAM: 1048624M
[    0.003299]  gran_size: 128M 	chunk_size: 128M 	num_reg: 10  	lose cover RAM: 1835120M
[    0.003300]  gran_size: 128M 	chunk_size: 256M 	num_reg: 10  	lose cover RAM: 1048688M
[    0.003302]  gran_size: 128M 	chunk_size: 512M 	num_reg: 10  	lose cover RAM: 1048688M
[    0.003303]  gran_size: 128M 	chunk_size: 1G 	num_reg: 10  	lose cover RAM: 1048688M
[    0.003305]  gran_size: 128M 	chunk_size: 2G 	num_reg: 10  	lose cover RAM: 1048688M
[    0.003306]  gran_size: 256M 	chunk_size: 256M 	num_reg: 10  	lose cover RAM: 1573104M
[    0.003308]  gran_size: 256M 	chunk_size: 512M 	num_reg: 10  	lose cover RAM: 1048816M
[    0.003309]  gran_size: 256M 	chunk_size: 1G 	num_reg: 10  	lose cover RAM: 1048816M
[    0.003310]  gran_size: 256M 	chunk_size: 2G 	num_reg: 10  	lose cover RAM: 1048816M
[    0.003312]  gran_size: 512M 	chunk_size: 512M 	num_reg: 10  	lose cover RAM: 1049072M
[    0.003313]  gran_size: 512M 	chunk_size: 1G 	num_reg: 10  	lose cover RAM: 1049072M
[    0.003314]  gran_size: 512M 	chunk_size: 2G 	num_reg: 10  	lose cover RAM: 1049072M
[    0.003316]  gran_size: 1G 	chunk_size: 1G 	num_reg: 10  	lose cover RAM: 1008M
[    0.003317]  gran_size: 1G 	chunk_size: 2G 	num_reg: 10  	lose cover RAM: 1008M
[    0.003318]  gran_size: 2G 	chunk_size: 2G 	num_reg: 9  	lose cover RAM: 2032M
[    0.003320] mtrr_cleanup: can not find optimal value
[    0.003320] please specify mtrr_gran_size/mtrr_chunk_size
[    0.003323] e820: update [mem 0x7f000000-0xffffffff] usable ==> reserved
[    0.003326] x2apic: enabled by BIOS, switching to x2apic ops
[    0.003327] last_pfn = 0x6f800 max_arch_pfn = 0x400000000
[    0.014654] Using GB pages for direct mapping
[    0.015579] Secure boot disabled
[    0.015580] RAMDISK: [mem 0x205cb7c000-0x207fffffff]
[    0.015585] ACPI: Early table checksum verification disabled
[    0.015587] ACPI: RSDP 0x000000006F7FE014 000024 (v02 DELL  )
[    0.015591] ACPI: XSDT 0x000000006F41C188 0000F4 (v01 DELL   PE_SC3   00000000 DELL 01000013)
[    0.015596] ACPI: FACP 0x000000006F430000 000114 (v06 DELL   PE_SC3   00000000 DELL 00000001)
[    0.015601] ACPI: DSDT 0x000000004B4CE000 07FAD3 (v02 DELL   PE_SC3   00000003 DELL 00000001)
[    0.015605] ACPI: FACS 0x000000006F2F2000 000040
[    0.015608] ACPI: SSDT 0x000000006F7FB000 00159A (v02 INTEL  RAS_ACPI 00000001 INTL 20210331)
[    0.015612] ACPI: SSDT 0x000000006F7FA000 000745 (v02 INTEL  ADDRXLAT 00000001 INTL 20210331)
[    0.015615] ACPI: MCEJ 0x000000006F7F9000 000130 (v01 INTEL           00000001 INTL 0100000D)
[    0.015619] ACPI: BERT 0x000000006F7F8000 000030 (v01 DELL   PE_SC3   00000001 INTL 00000001)
[    0.015622] ACPI: ERST 0x000000006F7F7000 000230 (v01 DELL   PE_SC3   00000001 INTL 00000001)
[    0.015625] ACPI: SSDT 0x000000006F431000 3C524E (v02 INTEL  SSDTNVDR 00001000 INTL 20210331)
[    0.015628] ACPI: HMAT 0x000000006F42F000 000210 (v01 DELL   PE_SC3   00000001 DELL 00000001)
[    0.015632] ACPI: HPET 0x000000006F42E000 000038 (v01 DELL   PE_SC3   00000001 DELL 00000001)
[    0.015635] ACPI: MCFG 0x000000006F42D000 00003C (v01 DELL   PE_SC3   00000001 DELL 00000001)
[    0.015638] ACPI: MIGT 0x000000006F42C000 000040 (v01 DELL   PE_SC3   00000000 DELL 00000001)
[    0.015641] ACPI: MSCT 0x000000006F42B000 000090 (v01 DELL   PE_SC3   00000001 DELL 00000001)
[    0.015644] ACPI: PMTT 0x000000006F429000 0011E8 (v02 DELL   PE_SC3   00000001 DELL 00000001)
[    0.015648] ACPI: WSMT 0x000000006F428000 000028 (v01 DELL   PE_SC3   00000000 DELL 00000001)
[    0.015651] ACPI: APIC 0x000000006F427000 00075E (v04 DELL   PE_SC3   00000000 DELL 00000001)
[    0.015654] ACPI: SLIT 0x000000006F426000 00003C (v01 DELL   PE_SC3   00000001 DELL 01000013)
[    0.015657] ACPI: SRAT 0x000000006F41F000 006430 (v03 DELL   PE_SC3   00000002 DELL 01000013)
[    0.015661] ACPI: OEM4 0x000000004B346000 187A61 (v02 INTEL  CPU  CST 00003000 INTL 20210331)
[    0.015664] ACPI: SSDT 0x000000004B2CF000 0764A5 (v02 INTEL  SSDT  PM 00004000 INTL 20210331)
[    0.015667] ACPI: SSDT 0x000000006F41E000 000A1F (v02 DELL   PE_SC3   00000000 DELL 00000001)
[    0.015670] ACPI: HEST 0x000000006F41D000 00017C (v01 DELL   PE_SC3   00000001 INTL 00000001)
[    0.015674] ACPI: PCAT 0x000000006F41B000 00010C (v19 DELL   PE_SC3   00000002 DELL 00000001)
[    0.015677] ACPI: SSDT 0x000000006F413000 007299 (v02 INTEL  SpsNm    00000002 INTL 20210331)
[    0.015680] ACPI: SSDT 0x000000006F412000 000426 (v02 DELL   PE_SC3   00000002 DELL 00000001)
[    0.015683] ACPI: NFIT 0x000000006F7FD000 000488 (v01 DELL   PE_SC3   00000002 DELL 00000001)
[    0.015687] ACPI: DMAR 0x000000006F411000 000158 (v01 DELL   PE_SC3   00000001 DELL 00000001)
[    0.015689] ACPI: Reserving FACP table memory at [mem 0x6f430000-0x6f430113]
[    0.015691] ACPI: Reserving DSDT table memory at [mem 0x4b4ce000-0x4b54dad2]
[    0.015692] ACPI: Reserving FACS table memory at [mem 0x6f2f2000-0x6f2f203f]
[    0.015693] ACPI: Reserving SSDT table memory at [mem 0x6f7fb000-0x6f7fc599]
[    0.015694] ACPI: Reserving SSDT table memory at [mem 0x6f7fa000-0x6f7fa744]
[    0.015695] ACPI: Reserving MCEJ table memory at [mem 0x6f7f9000-0x6f7f912f]
[    0.015696] ACPI: Reserving BERT table memory at [mem 0x6f7f8000-0x6f7f802f]
[    0.015697] ACPI: Reserving ERST table memory at [mem 0x6f7f7000-0x6f7f722f]
[    0.015697] ACPI: Reserving SSDT table memory at [mem 0x6f431000-0x6f7f624d]
[    0.015698] ACPI: Reserving HMAT table memory at [mem 0x6f42f000-0x6f42f20f]
[    0.015699] ACPI: Reserving HPET table memory at [mem 0x6f42e000-0x6f42e037]
[    0.015700] ACPI: Reserving MCFG table memory at [mem 0x6f42d000-0x6f42d03b]
[    0.015701] ACPI: Reserving MIGT table memory at [mem 0x6f42c000-0x6f42c03f]
[    0.015702] ACPI: Reserving MSCT table memory at [mem 0x6f42b000-0x6f42b08f]
[    0.015703] ACPI: Reserving PMTT table memory at [mem 0x6f429000-0x6f42a1e7]
[    0.015703] ACPI: Reserving WSMT table memory at [mem 0x6f428000-0x6f428027]
[    0.015704] ACPI: Reserving APIC table memory at [mem 0x6f427000-0x6f42775d]
[    0.015705] ACPI: Reserving SLIT table memory at [mem 0x6f426000-0x6f42603b]
[    0.015706] ACPI: Reserving SRAT table memory at [mem 0x6f41f000-0x6f42542f]
[    0.015707] ACPI: Reserving OEM4 table memory at [mem 0x4b346000-0x4b4cda60]
[    0.015708] ACPI: Reserving SSDT table memory at [mem 0x4b2cf000-0x4b3454a4]
[    0.015709] ACPI: Reserving SSDT table memory at [mem 0x6f41e000-0x6f41ea1e]
[    0.015710] ACPI: Reserving HEST table memory at [mem 0x6f41d000-0x6f41d17b]
[    0.015711] ACPI: Reserving PCAT table memory at [mem 0x6f41b000-0x6f41b10b]
[    0.015711] ACPI: Reserving SSDT table memory at [mem 0x6f413000-0x6f41a298]
[    0.015712] ACPI: Reserving SSDT table memory at [mem 0x6f412000-0x6f412425]
[    0.015713] ACPI: Reserving NFIT table memory at [mem 0x6f7fd000-0x6f7fd487]
[    0.015714] ACPI: Reserving DMAR table memory at [mem 0x6f411000-0x6f411157]
[    0.015725] Setting APIC routing to cluster x2apic.
[    0.015775] SRAT: PXM 0 -> APIC 0x0000 -> Node 0
[    0.015776] SRAT: PXM 0 -> APIC 0x0001 -> Node 0
[    0.015777] SRAT: PXM 0 -> APIC 0x0002 -> Node 0
[    0.015778] SRAT: PXM 0 -> APIC 0x0003 -> Node 0
[    0.015778] SRAT: PXM 0 -> APIC 0x0004 -> Node 0
[    0.015779] SRAT: PXM 0 -> APIC 0x0005 -> Node 0
[    0.015780] SRAT: PXM 0 -> APIC 0x0006 -> Node 0
[    0.015780] SRAT: PXM 0 -> APIC 0x0007 -> Node 0
[    0.015781] SRAT: PXM 0 -> APIC 0x0008 -> Node 0
[    0.015782] SRAT: PXM 0 -> APIC 0x0009 -> Node 0
[    0.015782] SRAT: PXM 0 -> APIC 0x000a -> Node 0
[    0.015783] SRAT: PXM 0 -> APIC 0x000b -> Node 0
[    0.015784] SRAT: PXM 0 -> APIC 0x000c -> Node 0
[    0.015784] SRAT: PXM 0 -> APIC 0x000d -> Node 0
[    0.015785] SRAT: PXM 0 -> APIC 0x000e -> Node 0
[    0.015785] SRAT: PXM 0 -> APIC 0x000f -> Node 0
[    0.015786] SRAT: PXM 0 -> APIC 0x0010 -> Node 0
[    0.015787] SRAT: PXM 0 -> APIC 0x0011 -> Node 0
[    0.015788] SRAT: PXM 0 -> APIC 0x0012 -> Node 0
[    0.015788] SRAT: PXM 0 -> APIC 0x0013 -> Node 0
[    0.015789] SRAT: PXM 0 -> APIC 0x0014 -> Node 0
[    0.015790] SRAT: PXM 0 -> APIC 0x0015 -> Node 0
[    0.015790] SRAT: PXM 0 -> APIC 0x0016 -> Node 0
[    0.015791] SRAT: PXM 0 -> APIC 0x0017 -> Node 0
[    0.015791] SRAT: PXM 0 -> APIC 0x0018 -> Node 0
[    0.015792] SRAT: PXM 0 -> APIC 0x0019 -> Node 0
[    0.015793] SRAT: PXM 0 -> APIC 0x001a -> Node 0
[    0.015793] SRAT: PXM 0 -> APIC 0x001b -> Node 0
[    0.015794] SRAT: PXM 0 -> APIC 0x001c -> Node 0
[    0.015795] SRAT: PXM 0 -> APIC 0x001d -> Node 0
[    0.015795] SRAT: PXM 0 -> APIC 0x001e -> Node 0
[    0.015796] SRAT: PXM 0 -> APIC 0x001f -> Node 0
[    0.015797] SRAT: PXM 0 -> APIC 0x0020 -> Node 0
[    0.015797] SRAT: PXM 0 -> APIC 0x0021 -> Node 0
[    0.015798] SRAT: PXM 0 -> APIC 0x0022 -> Node 0
[    0.015798] SRAT: PXM 0 -> APIC 0x0023 -> Node 0
[    0.015799] SRAT: PXM 0 -> APIC 0x0024 -> Node 0
[    0.015800] SRAT: PXM 0 -> APIC 0x0025 -> Node 0
[    0.015800] SRAT: PXM 0 -> APIC 0x0026 -> Node 0
[    0.015801] SRAT: PXM 0 -> APIC 0x0027 -> Node 0
[    0.015802] SRAT: PXM 0 -> APIC 0x0028 -> Node 0
[    0.015802] SRAT: PXM 0 -> APIC 0x0029 -> Node 0
[    0.015803] SRAT: PXM 0 -> APIC 0x002a -> Node 0
[    0.015804] SRAT: PXM 0 -> APIC 0x002b -> Node 0
[    0.015804] SRAT: PXM 0 -> APIC 0x002c -> Node 0
[    0.015805] SRAT: PXM 0 -> APIC 0x002d -> Node 0
[    0.015805] SRAT: PXM 0 -> APIC 0x002e -> Node 0
[    0.015806] SRAT: PXM 0 -> APIC 0x002f -> Node 0
[    0.015807] SRAT: PXM 0 -> APIC 0x0030 -> Node 0
[    0.015807] SRAT: PXM 0 -> APIC 0x0031 -> Node 0
[    0.015808] SRAT: PXM 0 -> APIC 0x0032 -> Node 0
[    0.015809] SRAT: PXM 0 -> APIC 0x0033 -> Node 0
[    0.015809] SRAT: PXM 0 -> APIC 0x0034 -> Node 0
[    0.015810] SRAT: PXM 0 -> APIC 0x0035 -> Node 0
[    0.015811] SRAT: PXM 0 -> APIC 0x0036 -> Node 0
[    0.015811] SRAT: PXM 0 -> APIC 0x0037 -> Node 0
[    0.015812] SRAT: PXM 1 -> APIC 0x0080 -> Node 1
[    0.015813] SRAT: PXM 1 -> APIC 0x0081 -> Node 1
[    0.015813] SRAT: PXM 1 -> APIC 0x0082 -> Node 1
[    0.015814] SRAT: PXM 1 -> APIC 0x0083 -> Node 1
[    0.015815] SRAT: PXM 1 -> APIC 0x0084 -> Node 1
[    0.015815] SRAT: PXM 1 -> APIC 0x0085 -> Node 1
[    0.015816] SRAT: PXM 1 -> APIC 0x0086 -> Node 1
[    0.015817] SRAT: PXM 1 -> APIC 0x0087 -> Node 1
[    0.015817] SRAT: PXM 1 -> APIC 0x0088 -> Node 1
[    0.015818] SRAT: PXM 1 -> APIC 0x0089 -> Node 1
[    0.015818] SRAT: PXM 1 -> APIC 0x008a -> Node 1
[    0.015819] SRAT: PXM 1 -> APIC 0x008b -> Node 1
[    0.015820] SRAT: PXM 1 -> APIC 0x008c -> Node 1
[    0.015820] SRAT: PXM 1 -> APIC 0x008d -> Node 1
[    0.015821] SRAT: PXM 1 -> APIC 0x008e -> Node 1
[    0.015822] SRAT: PXM 1 -> APIC 0x008f -> Node 1
[    0.015822] SRAT: PXM 1 -> APIC 0x0090 -> Node 1
[    0.015823] SRAT: PXM 1 -> APIC 0x0091 -> Node 1
[    0.015824] SRAT: PXM 1 -> APIC 0x0092 -> Node 1
[    0.015824] SRAT: PXM 1 -> APIC 0x0093 -> Node 1
[    0.015825] SRAT: PXM 1 -> APIC 0x0094 -> Node 1
[    0.015825] SRAT: PXM 1 -> APIC 0x0095 -> Node 1
[    0.015826] SRAT: PXM 1 -> APIC 0x0096 -> Node 1
[    0.015827] SRAT: PXM 1 -> APIC 0x0097 -> Node 1
[    0.015827] SRAT: PXM 1 -> APIC 0x0098 -> Node 1
[    0.015828] SRAT: PXM 1 -> APIC 0x0099 -> Node 1
[    0.015829] SRAT: PXM 1 -> APIC 0x009a -> Node 1
[    0.015829] SRAT: PXM 1 -> APIC 0x009b -> Node 1
[    0.015830] SRAT: PXM 1 -> APIC 0x009c -> Node 1
[    0.015831] SRAT: PXM 1 -> APIC 0x009d -> Node 1
[    0.015831] SRAT: PXM 1 -> APIC 0x009e -> Node 1
[    0.015832] SRAT: PXM 1 -> APIC 0x009f -> Node 1
[    0.015832] SRAT: PXM 1 -> APIC 0x00a0 -> Node 1
[    0.015833] SRAT: PXM 1 -> APIC 0x00a1 -> Node 1
[    0.015834] SRAT: PXM 1 -> APIC 0x00a2 -> Node 1
[    0.015834] SRAT: PXM 1 -> APIC 0x00a3 -> Node 1
[    0.015835] SRAT: PXM 1 -> APIC 0x00a4 -> Node 1
[    0.015836] SRAT: PXM 1 -> APIC 0x00a5 -> Node 1
[    0.015836] SRAT: PXM 1 -> APIC 0x00a6 -> Node 1
[    0.015837] SRAT: PXM 1 -> APIC 0x00a7 -> Node 1
[    0.015838] SRAT: PXM 1 -> APIC 0x00a8 -> Node 1
[    0.015838] SRAT: PXM 1 -> APIC 0x00a9 -> Node 1
[    0.015839] SRAT: PXM 1 -> APIC 0x00aa -> Node 1
[    0.015839] SRAT: PXM 1 -> APIC 0x00ab -> Node 1
[    0.015840] SRAT: PXM 1 -> APIC 0x00ac -> Node 1
[    0.015841] SRAT: PXM 1 -> APIC 0x00ad -> Node 1
[    0.015841] SRAT: PXM 1 -> APIC 0x00ae -> Node 1
[    0.015842] SRAT: PXM 1 -> APIC 0x00af -> Node 1
[    0.015843] SRAT: PXM 1 -> APIC 0x00b0 -> Node 1
[    0.015843] SRAT: PXM 1 -> APIC 0x00b1 -> Node 1
[    0.015844] SRAT: PXM 1 -> APIC 0x00b2 -> Node 1
[    0.015845] SRAT: PXM 1 -> APIC 0x00b3 -> Node 1
[    0.015846] SRAT: PXM 1 -> APIC 0x00b4 -> Node 1
[    0.015846] SRAT: PXM 1 -> APIC 0x00b5 -> Node 1
[    0.015847] SRAT: PXM 1 -> APIC 0x00b6 -> Node 1
[    0.015847] SRAT: PXM 1 -> APIC 0x00b7 -> Node 1
[    0.015860] ACPI: SRAT: Node 0 PXM 0 [mem 0x00000000-0x7fffffff]
[    0.015862] ACPI: SRAT: Node 0 PXM 0 [mem 0x100000000-0x107fffffff]
[    0.015863] ACPI: SRAT: Node 2 PXM 2 [mem 0x2080000000-0x9e7fffffff] non-volatile
[    0.015865] ACPI: SRAT: Node 1 PXM 1 [mem 0x1080000000-0x207fffffff]
[    0.015866] ACPI: SRAT: Node 3 PXM 3 [mem 0x9e80000000-0x11c7fffffff] non-volatile
[    0.015875] NUMA: Initialized distance table, cnt=4
[    0.015877] NUMA: Node 0 [mem 0x00000000-0x7fffffff] + [mem 0x100000000-0x107fffffff] -> [mem 0x00000000-0x107fffffff]
[    0.015886] NODE_DATA(0) allocated [mem 0xffffd5000-0xfffffffff]
[    0.015904] NODE_DATA(1) allocated [mem 0x205cb4d000-0x205cb77fff]
[    0.016107] Zone ranges:
[    0.016107]   DMA      [mem 0x0000000000001000-0x0000000000ffffff]
[    0.016109]   DMA32    [mem 0x0000000001000000-0x00000000ffffffff]
[    0.016111]   Normal   [mem 0x0000000100000000-0x000000207fffffff]
[    0.016112]   Device   empty
[    0.016113] Movable zone start for each node
[    0.016117] Early memory node ranges
[    0.016118]   node   0: [mem 0x0000000000001000-0x000000000008efff]
[    0.016119]   node   0: [mem 0x0000000000090000-0x000000000009ffff]
[    0.016120]   node   0: [mem 0x0000000000100000-0x0000000049e76fff]
[    0.016121]   node   0: [mem 0x000000004ae77000-0x000000004b2cefff]
[    0.016122]   node   0: [mem 0x000000004b54e000-0x000000004bd93fff]
[    0.016123]   node   0: [mem 0x000000004be9a000-0x000000004cdfffff]
[    0.016123]   node   0: [mem 0x000000004d000000-0x000000005eefdfff]
[    0.016124]   node   0: [mem 0x000000006f7ff000-0x000000006f7fffff]
[    0.016125]   node   0: [mem 0x0000000ac4000000-0x0000000fffffffff]
[    0.016127]   node   1: [mem 0x0000001ec0000000-0x000000207fffffff]
[    0.016129] Initmem setup node 0 [mem 0x0000000000001000-0x0000000fffffffff]
[    0.016131] Initmem setup node 1 [mem 0x0000001ec0000000-0x000000207fffffff]
[    0.016134] On node 0, zone DMA: 1 pages in unavailable ranges
[    0.016135] On node 0, zone DMA: 1 pages in unavailable ranges
[    0.016167] On node 0, zone DMA: 96 pages in unavailable ranges
[    0.018282] On node 0, zone DMA32: 4096 pages in unavailable ranges
[    0.018304] On node 0, zone DMA32: 639 pages in unavailable ranges
[    0.018333] On node 0, zone DMA32: 262 pages in unavailable ranges
[    0.018828] On node 0, zone DMA32: 512 pages in unavailable ranges
[    0.019100] On node 0, zone DMA32: 35073 pages in unavailable ranges
[    0.059866] On node 0, zone Normal: 18432 pages in unavailable ranges
[    0.074139] ACPI: PM-Timer IO Port: 0x508
[    0.074161] ACPI: X2APIC_NMI (uid[0xffffffff] high edge lint[0x1])
[    0.074165] ACPI: LAPIC_NMI (acpi_id[0xff] high edge lint[0x1])
[    0.074186] IOAPIC[0]: apic_id 8, version 32, address 0xfec00000, GSI 0-119
[    0.074189] ACPI: INT_SRC_OVR (bus 0 bus_irq 0 global_irq 2 dfl dfl)
[    0.074191] ACPI: INT_SRC_OVR (bus 0 bus_irq 9 global_irq 9 high level)
[    0.074196] ACPI: Using ACPI (MADT) for SMP configuration information
[    0.074197] ACPI: HPET id: 0x8086a701 base: 0xfed00000
[    0.074203] TSC deadline timer available
[    0.074205] smpboot: Allowing 112 CPUs, 0 hotplug CPUs
[    0.074235] PM: hibernation: Registered nosave memory: [mem 0x00000000-0x00000fff]
[    0.074237] PM: hibernation: Registered nosave memory: [mem 0x0008f000-0x0008ffff]
[    0.074239] PM: hibernation: Registered nosave memory: [mem 0x000a0000-0x000fffff]
[    0.074241] PM: hibernation: Registered nosave memory: [mem 0x46cc5000-0x46cc5fff]
[    0.074243] PM: hibernation: Registered nosave memory: [mem 0x46cf6000-0x46cf6fff]
[    0.074244] PM: hibernation: Registered nosave memory: [mem 0x46cf7000-0x46cf7fff]
[    0.074246] PM: hibernation: Registered nosave memory: [mem 0x46d29000-0x46d29fff]
[    0.074246] PM: hibernation: Registered nosave memory: [mem 0x46d2a000-0x46d2afff]
[    0.074248] PM: hibernation: Registered nosave memory: [mem 0x46d5c000-0x46d5cfff]
[    0.074249] PM: hibernation: Registered nosave memory: [mem 0x46d5d000-0x46d5dfff]
[    0.074251] PM: hibernation: Registered nosave memory: [mem 0x46d65000-0x46d65fff]
[    0.074252] PM: hibernation: Registered nosave memory: [mem 0x49e77000-0x4ae76fff]
[    0.074254] PM: hibernation: Registered nosave memory: [mem 0x4b2cf000-0x4b54dfff]
[    0.074256] PM: hibernation: Registered nosave memory: [mem 0x4bd94000-0x4be99fff]
[    0.074258] PM: hibernation: Registered nosave memory: [mem 0x4ce00000-0x4cffffff]
[    0.074259] PM: hibernation: Registered nosave memory: [mem 0x5eefe000-0x6e3fefff]
[    0.074260] PM: hibernation: Registered nosave memory: [mem 0x6e3ff000-0x6f3fefff]
[    0.074261] PM: hibernation: Registered nosave memory: [mem 0x6f3ff000-0x6f7fefff]
[    0.074263] PM: hibernation: Registered nosave memory: [mem 0x6f800000-0x8fffffff]
[    0.074263] PM: hibernation: Registered nosave memory: [mem 0x90000000-0xfdffffff]
[    0.074264] PM: hibernation: Registered nosave memory: [mem 0xfe000000-0xfe010fff]
[    0.074265] PM: hibernation: Registered nosave memory: [mem 0xfe011000-0xffffffff]
[    0.074266] PM: hibernation: Registered nosave memory: [mem 0x100000000-0xac3ffffff]
[    0.074267] PM: hibernation: Registered nosave memory: [mem 0x1000000000-0x1ebfffffff]
[    0.074270] [mem 0x90000000-0xfdffffff] available for PCI devices
[    0.074272] Booting paravirtualized kernel on bare hardware
[    0.074275] clocksource: refined-jiffies: mask: 0xffffffff max_cycles: 0xffffffff, max_idle_ns: 7645519600211568 ns
[    0.074281] setup_percpu: NR_CPUS:8192 nr_cpumask_bits:112 nr_cpu_ids:112 nr_node_ids:4
[    0.078822] percpu: Embedded 53 pages/cpu s180224 r8192 d28672 u262144
[    0.078834] pcpu-alloc: s180224 r8192 d28672 u262144 alloc=1*2097152
[    0.078837] pcpu-alloc: [0] 000 002 004 006 008 010 012 014 
[    0.078843] pcpu-alloc: [0] 016 018 020 022 024 026 028 030 
[    0.078847] pcpu-alloc: [0] 032 034 036 038 040 042 044 046 
[    0.078852] pcpu-alloc: [0] 048 050 052 054 056 058 060 062 
[    0.078856] pcpu-alloc: [0] 064 066 068 070 072 074 076 078 
[    0.078860] pcpu-alloc: [0] 080 082 084 086 088 090 092 094 
[    0.078864] pcpu-alloc: [0] 096 098 100 102 104 106 108 110 
[    0.078868] pcpu-alloc: [1] 001 003 005 007 009 011 013 015 
[    0.078873] pcpu-alloc: [1] 017 019 021 023 025 027 029 031 
[    0.078877] pcpu-alloc: [1] 033 035 037 039 041 043 045 047 
[    0.078881] pcpu-alloc: [1] 049 051 053 055 057 059 061 063 
[    0.078885] pcpu-alloc: [1] 065 067 069 071 073 075 077 079 
[    0.078889] pcpu-alloc: [1] 081 083 085 087 089 091 093 095 
[    0.078893] pcpu-alloc: [1] 097 099 101 103 105 107 109 111 
[    0.078947] Built 2 zonelists, mobility grouping on.  Total pages: 7585300
[    0.078949] Policy zone: Normal
[    0.078951] Kernel command line: BOOT_IMAGE=/boot/vmlinuz-5.15.0-tiering-0.8 root=UUID=ce0c24b8-724b-4f33-9b2c-618433560aef ro memmap=40000M!4096M memmap=59G!64G quiet splash nomodeset vt.handoff=1
[    0.079076] You have booted with nomodeset. This means your GPU drivers are DISABLED
[    0.079077] Any video related functionality will be severely degraded, and you may not even be able to suspend the system properly
[    0.079078] Unless you actually understand what nomodeset does, you should reboot without enabling it
[    0.079099] Unknown command line parameters: splash BOOT_IMAGE=/boot/vmlinuz-5.15.0-tiering-0.8
[    0.079100] printk: log_buf_len individual max cpu contribution: 4096 bytes
[    0.079101] printk: log_buf_len total cpu_extra contributions: 454656 bytes
[    0.079102] printk: log_buf_len min size: 262144 bytes
[    0.080076] printk: log_buf_len: 1048576 bytes
[    0.080078] printk: early log buf free: 223784(85%)
[    0.081652] mem auto-init: stack:off, heap alloc:on, heap free:off
[    0.159267] Memory: 29500268K/30827616K available (14345K kernel code, 3484K rwdata, 10288K rodata, 2824K init, 5836K bss, 1327088K reserved, 0K cma-reserved)
[    0.159275] random: get_random_u64 called from __kmem_cache_create+0x2d/0x460 with crng_init=1
[    0.160103] SLUB: HWalign=64, Order=0-3, MinObjects=0, CPUs=112, Nodes=4
[    0.160137] ftrace: allocating 48223 entries in 189 pages
[    0.176261] ftrace: allocated 189 pages with 6 groups
[    0.176954] rcu: Hierarchical RCU implementation.
[    0.176956] rcu: 	RCU restricting CPUs from NR_CPUS=8192 to nr_cpu_ids=112.
[    0.176957] 	Rude variant of Tasks RCU enabled.
[    0.176958] 	Tracing variant of Tasks RCU enabled.
[    0.176959] rcu: RCU calculated value of scheduler-enlistment delay is 25 jiffies.
[    0.176960] rcu: Adjusting geometry for rcu_fanout_leaf=16, nr_cpu_ids=112
[    0.180803] NR_IRQS: 524544, nr_irqs: 2952, preallocated irqs: 16
[    0.181165] random: crng done (trusting CPU's manufacturer)
[    0.181310] Console: colour dummy device 80x25
[    0.181345] printk: console [tty0] enabled
[    0.181496] mempolicy: Enabling automatic NUMA balancing. Configure with numa_balancing= or the kernel.numa_balancing sysctl
[    0.181502] ACPI: Core revision 20210730
[    0.184826] clocksource: hpet: mask: 0xffffffff max_cycles: 0xffffffff, max_idle_ns: 79635855245 ns
[    0.184871] APIC: Switch to symmetric I/O mode setup
[    0.184874] DMAR: Host address width 46
[    0.184875] DMAR: DRHD base: 0x000000d0ffc000 flags: 0x0
[    0.184880] DMAR: dmar0: reg_base_addr d0ffc000 ver 4:0 cap 8ed008c40780466 ecap 60000f050df
[    0.184883] DMAR: DRHD base: 0x000000dbbfc000 flags: 0x0
[    0.184885] DMAR: dmar1: reg_base_addr dbbfc000 ver 4:0 cap 8ed008c40780466 ecap 60000f050df
[    0.184888] DMAR: DRHD base: 0x000000e67fc000 flags: 0x0
[    0.184891] DMAR: dmar2: reg_base_addr e67fc000 ver 4:0 cap 8ed008c40780466 ecap 60000f050df
[    0.184893] DMAR: DRHD base: 0x000000f13fc000 flags: 0x0
[    0.184896] DMAR: dmar3: reg_base_addr f13fc000 ver 4:0 cap 8ed008c40780466 ecap 60000f050df
[    0.184898] DMAR: DRHD base: 0x000000fb7fc000 flags: 0x0
[    0.184900] DMAR: dmar4: reg_base_addr fb7fc000 ver 4:0 cap 8ed008c40780466 ecap 60000f050df
[    0.184902] DMAR: DRHD base: 0x000000a63fc000 flags: 0x0
[    0.184905] DMAR: dmar5: reg_base_addr a63fc000 ver 4:0 cap 8ed008c40780466 ecap 60000f050df
[    0.184906] DMAR: DRHD base: 0x000000b0ffc000 flags: 0x0
[    0.184908] DMAR: dmar6: reg_base_addr b0ffc000 ver 4:0 cap 8ed008c40780466 ecap 60000f050df
[    0.184910] DMAR: DRHD base: 0x000000bbbfc000 flags: 0x0
[    0.184916] DMAR: dmar7: reg_base_addr bbbfc000 ver 4:0 cap 8ed008c40780466 ecap 60000f050df
[    0.184917] DMAR: DRHD base: 0x000000c5ffc000 flags: 0x0
[    0.184920] DMAR: dmar8: reg_base_addr c5ffc000 ver 4:0 cap 8ed008c40780466 ecap 60000f050df
[    0.184921] DMAR: DRHD base: 0x0000009b7fc000 flags: 0x1
[    0.184924] DMAR: dmar9: reg_base_addr 9b7fc000 ver 4:0 cap 8ed008c40780466 ecap 60000f050df
[    0.184926] DMAR: RMRR base: 0x00000069427000 end: 0x00000069429fff
[    0.184928] DMAR: ATSR flags: 0x0
[    0.184930] DMAR-IR: IOAPIC id 8 under DRHD base  0x9b7fc000 IOMMU 9
[    0.184932] DMAR-IR: HPET id 0 under DRHD base 0x9b7fc000
[    0.184933] DMAR-IR: Queued invalidation will be enabled to support x2apic and Intr-remapping.
[    0.188187] DMAR-IR: Enabled IRQ remapping in x2apic mode
[    0.190788] ..TIMER: vector=0x30 apic1=0 pin1=2 apic2=-1 pin2=-1
[    0.208801] clocksource: tsc-early: mask: 0xffffffffffffffff max_cycles: 0x39a85c9bff6, max_idle_ns: 881590591483 ns
[    0.208809] Calibrating delay loop (skipped), value calculated using timer frequency.. 4000.00 BogoMIPS (lpj=8000000)
[    0.208812] pid_max: default: 114688 minimum: 896
[    0.212190] LSM: Security Framework initializing
[    0.212205] Yama: becoming mindful.
[    0.212250] AppArmor: AppArmor initialized
[    0.216784] Dentry cache hash table entries: 4194304 (order: 13, 33554432 bytes, vmalloc)
[    0.219071] Inode-cache hash table entries: 2097152 (order: 12, 16777216 bytes, vmalloc)
[    0.219181] Mount-cache hash table entries: 65536 (order: 7, 524288 bytes, vmalloc)
[    0.219253] Mountpoint-cache hash table entries: 65536 (order: 7, 524288 bytes, vmalloc)
[    0.219852] x86/tme: not enabled by BIOS
[    0.219862] CPU0: Thermal monitoring enabled (TM1)
[    0.219864] x86/cpu: User Mode Instruction Prevention (UMIP) activated
[    0.220099] process: using mwait in idle threads
[    0.220101] Last level iTLB entries: 4KB 0, 2MB 0, 4MB 0
[    0.220102] Last level dTLB entries: 4KB 0, 2MB 0, 4MB 0, 1GB 0
[    0.220108] Spectre V1 : Mitigation: usercopy/swapgs barriers and __user pointer sanitization
[    0.220110] Spectre V2 : Mitigation: Enhanced IBRS
[    0.220111] Spectre V2 : Spectre v2 / SpectreRSB mitigation: Filling RSB on context switch
[    0.220113] Spectre V2 : mitigation: Enabling conditional Indirect Branch Prediction Barrier
[    0.220114] Speculative Store Bypass: Mitigation: Speculative Store Bypass disabled via prctl and seccomp
[    0.227143] Freeing SMP alternatives memory: 40K
[    0.228953] smpboot: Estimated ratio of average max frequency by base frequency (times 1024): 1433
[    0.228968] smpboot: CPU0: Intel(R) Xeon(R) Gold 6330 CPU @ 2.00GHz (family: 0x6, model: 0x6a, stepping: 0x6)
[    0.229164] Performance Events: PEBS fmt4+-baseline,  AnyThread deprecated, Icelake events, 32-deep LBR, full-width counters, Intel PMU driver.
[    0.229186] ... version:                5
[    0.229187] ... bit width:              48
[    0.229187] ... generic registers:      8
[    0.229188] ... value mask:             0000ffffffffffff
[    0.229189] ... max period:             00007fffffffffff
[    0.229190] ... fixed-purpose events:   4
[    0.229190] ... event mask:             0001000f000000ff
[    0.229317] rcu: Hierarchical SRCU implementation.
[    0.236486] NMI watchdog: Enabled. Permanently consumes one hw-PMU counter.
[    0.237526] smp: Bringing up secondary CPUs ...
[    0.237634] x86: Booting SMP configuration:
[    0.237635] .... node  #1, CPUs:          #1
[    0.007692] smpboot: CPU 1 Converting physical 0 to logical die 1

[    0.324922] .... node  #0, CPUs:     #2
[    0.330307] .... node  #1, CPUs:     #3
[    0.335763] .... node  #0, CPUs:     #4
[    0.341138] .... node  #1, CPUs:     #5
[    0.346557] .... node  #0, CPUs:     #6
[    0.352142] .... node  #1, CPUs:     #7
[    0.357759] .... node  #0, CPUs:     #8
[    0.363046] .... node  #1, CPUs:     #9
[    0.368910] .... node  #0, CPUs:    #10
[    0.374539] .... node  #1, CPUs:    #11
[    0.380308] .... node  #0, CPUs:    #12
[    0.385827] .... node  #1, CPUs:    #13
[    0.391209] .... node  #0, CPUs:    #14
[    0.396442] .... node  #1, CPUs:    #15
[    0.401784] .... node  #0, CPUs:    #16
[    0.407056] .... node  #1, CPUs:    #17
[    0.412403] .... node  #0, CPUs:    #18
[    0.417649] .... node  #1, CPUs:    #19
[    0.423315] .... node  #0, CPUs:    #20
[    0.428547] .... node  #1, CPUs:    #21
[    0.434184] .... node  #0, CPUs:    #22
[    0.439617] .... node  #1, CPUs:    #23
[    0.444915] .... node  #0, CPUs:    #24
[    0.450546] .... node  #1, CPUs:    #25
[    0.455909] .... node  #0, CPUs:    #26
[    0.461121] .... node  #1, CPUs:    #27
[    0.466467] .... node  #0, CPUs:    #28
[    0.471977] .... node  #1, CPUs:    #29
[    0.477306] .... node  #0, CPUs:    #30
[    0.482535] .... node  #1, CPUs:    #31
[    0.488039] .... node  #0, CPUs:    #32
[    0.493323] .... node  #1, CPUs:    #33
[    0.498734] .... node  #0, CPUs:    #34
[    0.504169] .... node  #1, CPUs:    #35
[    0.509513] .... node  #0, CPUs:    #36
[    0.514720] .... node  #1, CPUs:    #37
[    0.520062] .... node  #0, CPUs:    #38
[    0.525621] .... node  #1, CPUs:    #39
[    0.531176] .... node  #0, CPUs:    #40
[    0.536975] .... node  #1, CPUs:    #41
[    0.542572] .... node  #0, CPUs:    #42
[    0.547883] .... node  #1, CPUs:    #43
[    0.553557] .... node  #0, CPUs:    #44
[    0.558914] .... node  #1, CPUs:    #45
[    0.564414] .... node  #0, CPUs:    #46
[    0.569956] .... node  #1, CPUs:    #47
[    0.575445] .... node  #0, CPUs:    #48
[    0.580979] .... node  #1, CPUs:    #49
[    0.586260] .... node  #0, CPUs:    #50
[    0.591753] .... node  #1, CPUs:    #51
[    0.597437] .... node  #0, CPUs:    #52
[    0.602906] .... node  #1, CPUs:    #53
[    0.608530] .... node  #0, CPUs:    #54
[    0.614233] .... node  #1, CPUs:    #55
[    0.620075] .... node  #0, CPUs:    #56
[    0.626199] .... node  #1, CPUs:    #57
[    0.632134] .... node  #0, CPUs:    #58
[    0.637548] .... node  #1, CPUs:    #59
[    0.643025] .... node  #0, CPUs:    #60
[    0.648410] .... node  #1, CPUs:    #61
[    0.653851] .... node  #0, CPUs:    #62
[    0.659455] .... node  #1, CPUs:    #63
[    0.665094] .... node  #0, CPUs:    #64
[    0.670405] .... node  #1, CPUs:    #65
[    0.676181] .... node  #0, CPUs:    #66
[    0.681920] .... node  #1, CPUs:    #67
[    0.687709] .... node  #0, CPUs:    #68
[    0.693251] .... node  #1, CPUs:    #69
[    0.698655] .... node  #0, CPUs:    #70
[    0.703899] .... node  #1, CPUs:    #71
[    0.709276] .... node  #0, CPUs:    #72
[    0.714581] .... node  #1, CPUs:    #73
[    0.719949] .... node  #0, CPUs:    #74
[    0.725222] .... node  #1, CPUs:    #75
[    0.730919] .... node  #0, CPUs:    #76
[    0.736173] .... node  #1, CPUs:    #77
[    0.741833] .... node  #0, CPUs:    #78
[    0.747286] .... node  #1, CPUs:    #79
[    0.752828] .... node  #0, CPUs:    #80
[    0.758280] .... node  #1, CPUs:    #81
[    0.763678] .... node  #0, CPUs:    #82
[    0.768981] .... node  #1, CPUs:    #83
[    0.774280] .... node  #0, CPUs:    #84
[    0.779800] .... node  #1, CPUs:    #85
[    0.785147] .... node  #0, CPUs:    #86
[    0.790398] .... node  #1, CPUs:    #87
[    0.795932] .... node  #0, CPUs:    #88
[    0.801235] .... node  #1, CPUs:    #89
[    0.806673] .... node  #0, CPUs:    #90
[    0.812131] .... node  #1, CPUs:    #91
[    0.817511] .... node  #0, CPUs:    #92
[    0.822747] .... node  #1, CPUs:    #93
[    0.828125] .... node  #0, CPUs:    #94
[    0.833708] .... node  #1, CPUs:    #95
[    0.839282] .... node  #0, CPUs:    #96
[    0.844977] .... node  #1, CPUs:    #97
[    0.850705] .... node  #0, CPUs:    #98
[    0.856029] .... node  #1, CPUs:    #99
[    0.861736] .... node  #0, CPUs:   #100
[    0.867112] .... node  #1, CPUs:   #101
[    0.872860] .... node  #0, CPUs:   #102
[    0.878202] .... node  #1, CPUs:   #103
[    0.883717] .... node  #0, CPUs:   #104
[    0.889071] .... node  #1, CPUs:   #105
[    0.894560] .... node  #0, CPUs:   #106
[    0.900058] .... node  #1, CPUs:   #107
[    0.905762] .... node  #0, CPUs:   #108
[    0.911240] .... node  #1, CPUs:   #109
[    0.916915] .... node  #0, CPUs:   #110
[    0.922611] .... node  #1, CPUs:   #111
[    0.928477] smp: Brought up 2 nodes, 112 CPUs
[    0.928477] smpboot: Max logical packages: 2
[    0.928477] smpboot: Total of 112 processors activated (448079.54 BogoMIPS)
[    0.936242] devtmpfs: initialized
[    0.936242] x86/mm: Memory block size: 2048MB
[    0.936242] ACPI: PM: Registering ACPI NVS region [mem 0x49e77000-0x4ae76fff] (16777216 bytes)
[    0.936947] ACPI: PM: Registering ACPI NVS region [mem 0x6e3ff000-0x6f3fefff] (16777216 bytes)
[    0.937212] clocksource: jiffies: mask: 0xffffffff max_cycles: 0xffffffff, max_idle_ns: 7645041785100000 ns
[    0.937538] futex hash table entries: 32768 (order: 9, 2097152 bytes, vmalloc)
[    0.937800] pinctrl core: initialized pinctrl subsystem
[    0.937967] PM: RTC time: 12:37:25, date: 2024-06-20
[    0.938177] NET: Registered PF_NETLINK/PF_ROUTE protocol family
[    0.938958] DMA: preallocated 4096 KiB GFP_KERNEL pool for atomic allocations
[    0.939466] DMA: preallocated 4096 KiB GFP_KERNEL|GFP_DMA pool for atomic allocations
[    0.939973] DMA: preallocated 4096 KiB GFP_KERNEL|GFP_DMA32 pool for atomic allocations
[    0.939981] audit: initializing netlink subsys (disabled)
[    0.939989] audit: type=2000 audit(1718887044.752:1): state=initialized audit_enabled=0 res=1
[    0.939989] thermal_sys: Registered thermal governor 'fair_share'
[    0.939989] thermal_sys: Registered thermal governor 'bang_bang'
[    0.939989] thermal_sys: Registered thermal governor 'step_wise'
[    0.939989] thermal_sys: Registered thermal governor 'user_space'
[    0.939989] EISA bus registered
[    0.939989] cpuidle: using governor ladder
[    0.939989] cpuidle: using governor menu
[    0.940844] ACPI FADT declares the system doesn't support PCIe ASPM, so disable it
[    0.940845] ACPI: bus type PCI registered
[    0.940847] acpiphp: ACPI Hot Plug PCI Controller Driver version: 0.5
[    0.940966] PCI: MMCONFIG for domain 0000 [bus 00-ff] at [mem 0x80000000-0x8fffffff] (base 0x80000000)
[    0.940972] PCI: MMCONFIG at [mem 0x80000000-0x8fffffff] reserved in E820
[    0.940980] pmd_set_huge: Cannot satisfy [mem 0x80000000-0x80200000] with a huge-page mapping due to MTRR override.
[    0.941192] PCI: Using configuration type 1 for base access
[    0.941202] PCI: Dell System detected, enabling pci=bfsort.
[    0.943340] ENERGY_PERF_BIAS: Set to 'normal', was 'performance'
[    0.945921] Kprobes globally optimized
[    0.945925] HugeTLB registered 1.00 GiB page size, pre-allocated 0 pages
[    0.945925] HugeTLB registered 2.00 MiB page size, pre-allocated 0 pages
[    0.948960] ACPI: Added _OSI(Module Device)
[    0.948961] ACPI: Added _OSI(Processor Device)
[    0.948962] ACPI: Added _OSI(3.0 _SCP Extensions)
[    0.948963] ACPI: Added _OSI(Processor Aggregator Device)
[    0.948964] ACPI: Added _OSI(Linux-Dell-Video)
[    0.948965] ACPI: Added _OSI(Linux-Lenovo-NV-HDMI-Audio)
[    0.948966] ACPI: Added _OSI(Linux-HPI-Hybrid-Graphics)
[    1.115262] ACPI: 8 ACPI AML tables successfully acquired and loaded
[    1.120836] ACPI: [Firmware Bug]: BIOS _OSI(Linux) query ignored
[    1.126007] ACPI: Dynamic OEM Table Load:
[    1.525968] ACPI: Interpreter enabled
[    1.525990] ACPI: PM: (supports S0 S5)
[    1.525991] ACPI: Using IOAPIC for interrupt routing
[    1.526076] HEST: Table parsing has been initialized.
[    1.526078] PCI: Using host bridge windows from ACPI; if necessary, use "pci=nocrs" and report a bug
[    1.554522] ACPI: Enabled 4 GPEs in block 00 to 7F
[    1.671754] ACPI: PCI Root Bridge [PC00] (domain 0000 [bus 00-15])
[    1.671761] acpi PNP0A08:00: _OSC: OS supports [ExtendedConfig ASPM ClockPM Segments MSI HPX-Type3]
[    1.738083] acpi PNP0A08:00: _OSC: platform does not support [SHPCHotplug AER LTR]
[    1.738299] acpi PNP0A08:00: _OSC: OS now controls [PCIeHotplug PME PCIeCapability]
[    1.738301] acpi PNP0A08:00: FADT indicates ASPM is unsupported, using BIOS configuration
[    1.740107] PCI host bridge to bus 0000:00
[    1.740108] pci_bus 0000:00: root bus resource [io  0x0000-0x0cf7 window]
[    1.740110] pci_bus 0000:00: root bus resource [io  0x1000-0x4fff window]
[    1.740112] pci_bus 0000:00: root bus resource [mem 0x000a0000-0x000bffff window]
[    1.740113] pci_bus 0000:00: root bus resource [mem 0x000c8000-0x000cffff window]
[    1.740114] pci_bus 0000:00: root bus resource [mem 0xfe010000-0xfe010fff window]
[    1.740115] pci_bus 0000:00: root bus resource [mem 0x90000000-0x9b7fffff window]
[    1.740116] pci_bus 0000:00: root bus resource [mem 0x200000000000-0x20ffffffffff window]
[    1.740118] pci_bus 0000:00: root bus resource [bus 00-15]
[    1.741451] pci 0000:00:00.0: [8086:09a2] type 00 class 0x088000
[    1.742215] pci 0000:00:00.1: [8086:09a4] type 00 class 0x088000
[    1.743602] pci 0000:00:00.2: [8086:09a3] type 00 class 0x088000
[    1.744991] pci 0000:00:00.4: [8086:0998] type 00 class 0x060000
[    1.747041] pci 0000:00:02.0: [8086:09a6] type 00 class 0x088000
[    1.747049] pci 0000:00:02.0: reg 0x10: [mem 0x92dfc000-0x92dfdfff]
[    1.748443] pci 0000:00:02.1: [8086:09a7] type 00 class 0x088000
[    1.748452] pci 0000:00:02.1: reg 0x10: [mem 0x92d00000-0x92d7ffff]
[    1.748457] pci 0000:00:02.1: reg 0x14: [mem 0x92c80000-0x92cfffff]
[    1.749848] pci 0000:00:02.4: [8086:3456] type 00 class 0x130000
[    1.749858] pci 0000:00:02.4: reg 0x10: [mem 0x92a00000-0x92afffff 64bit]
[    1.749865] pci 0000:00:02.4: reg 0x18: [mem 0x92df0000-0x92df3fff 64bit]
[    1.749872] pci 0000:00:02.4: reg 0x20: [mem 0x92dc0000-0x92ddffff 64bit]
[    1.751276] pci 0000:00:11.0: [8086:a1ec] type 00 class 0xff0000
[    1.751278] pci 0000:00:11.0: device has non-compliant BARs; disabling IO/MEM decoding
[    1.752688] pci 0000:00:11.5: [8086:a1d2] type 00 class 0x010601
[    1.752701] pci 0000:00:11.5: reg 0x10: [mem 0x92dfa000-0x92dfbfff]
[    1.752709] pci 0000:00:11.5: reg 0x14: [mem 0x92e05000-0x92e050ff]
[    1.752716] pci 0000:00:11.5: reg 0x18: [io  0x2068-0x206f]
[    1.752724] pci 0000:00:11.5: reg 0x1c: [io  0x2074-0x2077]
[    1.752731] pci 0000:00:11.5: reg 0x20: [io  0x2040-0x205f]
[    1.752739] pci 0000:00:11.5: reg 0x24: [mem 0x92b80000-0x92bfffff]
[    1.752776] pci 0000:00:11.5: PME# supported from D3hot
[    1.754305] pci 0000:00:14.0: [8086:a1af] type 00 class 0x0c0330
[    1.754322] pci 0000:00:14.0: reg 0x10: [mem 0x92de0000-0x92deffff 64bit]
[    1.754385] pci 0000:00:14.0: PME# supported from D3hot D3cold
[    1.755928] pci 0000:00:14.2: [8086:a1b1] type 00 class 0x118000
[    1.755945] pci 0000:00:14.2: reg 0x10: [mem 0x92e02000-0x92e02fff 64bit]
[    1.757387] pci 0000:00:16.0: [8086:a1ba] type 00 class 0x078000
[    1.757410] pci 0000:00:16.0: reg 0x10: [mem 0x92e01000-0x92e01fff 64bit]
[    1.757493] pci 0000:00:16.0: PME# supported from D3hot
[    1.758875] pci 0000:00:16.1: [8086:a1bb] type 00 class 0x078000
[    1.758898] pci 0000:00:16.1: reg 0x10: [mem 0x92e00000-0x92e00fff 64bit]
[    1.758982] pci 0000:00:16.1: PME# supported from D3hot
[    1.760366] pci 0000:00:16.4: [8086:a1be] type 00 class 0x078000
[    1.760389] pci 0000:00:16.4: reg 0x10: [mem 0x92dff000-0x92dfffff 64bit]
[    1.760473] pci 0000:00:16.4: PME# supported from D3hot
[    1.761862] pci 0000:00:17.0: [8086:a182] type 00 class 0x010601
[    1.761875] pci 0000:00:17.0: reg 0x10: [mem 0x92df8000-0x92df9fff]
[    1.761882] pci 0000:00:17.0: reg 0x14: [mem 0x92e04000-0x92e040ff]
[    1.761889] pci 0000:00:17.0: reg 0x18: [io  0x2060-0x2067]
[    1.761897] pci 0000:00:17.0: reg 0x1c: [io  0x2070-0x2073]
[    1.761904] pci 0000:00:17.0: reg 0x20: [io  0x2020-0x203f]
[    1.761911] pci 0000:00:17.0: reg 0x24: [mem 0x92b00000-0x92b7ffff]
[    1.761948] pci 0000:00:17.0: PME# supported from D3hot
[    1.763470] pci 0000:00:1c.0: [8086:a190] type 01 class 0x060400
[    1.763544] pci 0000:00:1c.0: PME# supported from D0 D3hot D3cold
[    1.765498] pci 0000:00:1c.4: [8086:a194] type 01 class 0x060400
[    1.765567] pci 0000:00:1c.4: PME# supported from D0 D3hot D3cold
[    1.767490] pci 0000:00:1c.5: [8086:a195] type 01 class 0x060400
[    1.767560] pci 0000:00:1c.5: PME# supported from D0 D3hot D3cold
[    1.769494] pci 0000:00:1f.0: [8086:a1cb] type 00 class 0x060100
[    1.771105] pci 0000:00:1f.2: [8086:a1a1] type 00 class 0x058000
[    1.771119] pci 0000:00:1f.2: reg 0x10: [mem 0x92df4000-0x92df7fff]
[    1.772676] pci 0000:00:1f.4: [8086:a1a3] type 00 class 0x0c0500
[    1.772695] pci 0000:00:1f.4: reg 0x10: [mem 0x92dfe000-0x92dfe0ff 64bit]
[    1.772718] pci 0000:00:1f.4: reg 0x20: [io  0x2000-0x201f]
[    1.774104] pci 0000:00:1f.5: [8086:a1a4] type 00 class 0x0c8000
[    1.774119] pci 0000:00:1f.5: reg 0x10: [mem 0xfe010000-0xfe010fff]
[    1.774242] pci 0000:00:1c.0: PCI bridge to [bus 01]
[    1.774296] pci 0000:02:00.0: [1556:be00] type 01 class 0x060400
[    1.774468] pci 0000:00:1c.4: PCI bridge to [bus 02-03]
[    1.774473] pci 0000:00:1c.4:   bridge window [mem 0x92000000-0x928fffff]
[    1.774477] pci 0000:00:1c.4:   bridge window [mem 0x91000000-0x91ffffff 64bit pref]
[    1.774509] pci_bus 0000:03: extended config space not accessible
[    1.774525] pci 0000:03:00.0: [102b:0536] type 00 class 0x030000
[    1.774544] pci 0000:03:00.0: reg 0x10: [mem 0x91000000-0x91ffffff pref]
[    1.774555] pci 0000:03:00.0: reg 0x14: [mem 0x92808000-0x9280bfff]
[    1.774566] pci 0000:03:00.0: reg 0x18: [mem 0x92000000-0x927fffff]
[    1.774613] pci 0000:03:00.0: BAR 0: assigned to efifb
[    1.774712] pci 0000:02:00.0: PCI bridge to [bus 03]
[    1.774721] pci 0000:02:00.0:   bridge window [mem 0x92000000-0x928fffff]
[    1.774727] pci 0000:02:00.0:   bridge window [mem 0x91000000-0x91ffffff 64bit pref]
[    1.774803] pci 0000:04:00.0: [14e4:165f] type 00 class 0x020000
[    1.774826] pci 0000:04:00.0: reg 0x10: [mem 0x92930000-0x9293ffff 64bit pref]
[    1.774842] pci 0000:04:00.0: reg 0x18: [mem 0x92940000-0x9294ffff 64bit pref]
[    1.774858] pci 0000:04:00.0: reg 0x20: [mem 0x92950000-0x9295ffff 64bit pref]
[    1.774868] pci 0000:04:00.0: reg 0x30: [mem 0xfffc0000-0xffffffff pref]
[    1.774962] pci 0000:04:00.0: PME# supported from D0 D3hot D3cold
[    1.775015] pci 0000:04:00.0: 4.000 Gb/s available PCIe bandwidth, limited by 5.0 GT/s PCIe x1 link at 0000:00:1c.5 (capable of 8.000 Gb/s with 5.0 GT/s PCIe x2 link)
[    1.775557] pci 0000:04:00.1: [14e4:165f] type 00 class 0x020000
[    1.775581] pci 0000:04:00.1: reg 0x10: [mem 0x92900000-0x9290ffff 64bit pref]
[    1.775597] pci 0000:04:00.1: reg 0x18: [mem 0x92910000-0x9291ffff 64bit pref]
[    1.775612] pci 0000:04:00.1: reg 0x20: [mem 0x92920000-0x9292ffff 64bit pref]
[    1.775623] pci 0000:04:00.1: reg 0x30: [mem 0xfffc0000-0xffffffff pref]
[    1.775717] pci 0000:04:00.1: PME# supported from D0 D3hot D3cold
[    1.776267] pci 0000:00:1c.5: PCI bridge to [bus 04]
[    1.776274] pci 0000:00:1c.5:   bridge window [mem 0x92900000-0x929fffff 64bit pref]
[    1.776288] pci_bus 0000:00: on NUMA node 0
[    1.776857] ACPI: PCI Root Bridge [PC01] (domain 0000 [bus 16-2f])
[    1.776861] acpi PNP0A08:01: _OSC: OS supports [ExtendedConfig ASPM ClockPM Segments MSI HPX-Type3]
[    1.791115] acpi PNP0A08:01: _OSC: platform does not support [SHPCHotplug AER]
[    1.791333] acpi PNP0A08:01: _OSC: OS now controls [PCIeHotplug PME PCIeCapability LTR]
[    1.791334] acpi PNP0A08:01: FADT indicates ASPM is unsupported, using BIOS configuration
[    1.791481] PCI host bridge to bus 0000:16
[    1.791482] pci_bus 0000:16: root bus resource [io  0x5000-0x6fff window]
[    1.791484] pci_bus 0000:16: root bus resource [mem 0x9b800000-0xa63fffff window]
[    1.791485] pci_bus 0000:16: root bus resource [mem 0x210000000000-0x21ffffffffff window]
[    1.791486] pci_bus 0000:16: root bus resource [bus 16-2f]
[    1.791502] pci 0000:16:00.0: [8086:09a2] type 00 class 0x088000
[    1.791580] pci 0000:16:00.1: [8086:09a4] type 00 class 0x088000
[    1.791651] pci 0000:16:00.2: [8086:09a3] type 00 class 0x088000
[    1.791721] pci 0000:16:00.4: [8086:0998] type 00 class 0x060000
[    1.791798] pci 0000:16:02.0: [8086:347a] type 01 class 0x060400
[    1.791807] pci 0000:16:02.0: reg 0x10: [mem 0x21fffff00000-0x21fffff1ffff 64bit]
[    1.791845] pci 0000:16:02.0: PME# supported from D0 D3hot D3cold
[    1.792754] pci 0000:17:00.0: [1000:10e2] type 00 class 0x010400
[    1.792767] pci 0000:17:00.0: reg 0x10: [mem 0x9b800000-0x9b8fffff 64bit pref]
[    1.792775] pci 0000:17:00.0: reg 0x18: [mem 0x9b900000-0x9b9fffff 64bit pref]
[    1.792781] pci 0000:17:00.0: reg 0x20: [mem 0x9ba00000-0x9bafffff]
[    1.792787] pci 0000:17:00.0: reg 0x24: [io  0x5000-0x50ff]
[    1.792792] pci 0000:17:00.0: reg 0x30: [mem 0xfff00000-0xffffffff pref]
[    1.793850] pci 0000:17:00.0: supports D1 D2
[    1.793916] pci 0000:16:02.0: PCI bridge to [bus 17]
[    1.793919] pci 0000:16:02.0:   bridge window [io  0x5000-0x5fff]
[    1.793921] pci 0000:16:02.0:   bridge window [mem 0x9ba00000-0x9bafffff]
[    1.793924] pci 0000:16:02.0:   bridge window [mem 0x9b800000-0x9b9fffff 64bit pref]
[    1.793929] pci_bus 0000:16: on NUMA node 0
[    1.794008] ACPI: PCI Root Bridge [PC02] (domain 0000 [bus 30-49])
[    1.794011] acpi PNP0A08:02: _OSC: OS supports [ExtendedConfig ASPM ClockPM Segments MSI HPX-Type3]
[    1.807721] acpi PNP0A08:02: _OSC: platform does not support [SHPCHotplug AER]
[    1.807925] acpi PNP0A08:02: _OSC: OS now controls [PCIeHotplug PME PCIeCapability LTR]
[    1.807927] acpi PNP0A08:02: FADT indicates ASPM is unsupported, using BIOS configuration
[    1.808042] PCI host bridge to bus 0000:30
[    1.808044] pci_bus 0000:30: root bus resource [io  0x7000-0x8fff window]
[    1.808045] pci_bus 0000:30: root bus resource [mem 0xa6400000-0xb0ffffff window]
[    1.808046] pci_bus 0000:30: root bus resource [mem 0x220000000000-0x22ffffffffff window]
[    1.808048] pci_bus 0000:30: root bus resource [bus 30-49]
[    1.808062] pci 0000:30:00.0: [8086:09a2] type 00 class 0x088000
[    1.808137] pci 0000:30:00.1: [8086:09a4] type 00 class 0x088000
[    1.808211] pci 0000:30:00.2: [8086:09a3] type 00 class 0x088000
[    1.808280] pci 0000:30:00.4: [8086:0998] type 00 class 0x060000
[    1.808349] pci_bus 0000:30: on NUMA node 0
[    1.808447] ACPI: PCI Root Bridge [PC04] (domain 0000 [bus 4a-63])
[    1.808450] acpi PNP0A08:04: _OSC: OS supports [ExtendedConfig ASPM ClockPM Segments MSI HPX-Type3]
[    1.822141] acpi PNP0A08:04: _OSC: platform does not support [SHPCHotplug AER]
[    1.822343] acpi PNP0A08:04: _OSC: OS now controls [PCIeHotplug PME PCIeCapability LTR]
[    1.822344] acpi PNP0A08:04: FADT indicates ASPM is unsupported, using BIOS configuration
[    1.822457] PCI host bridge to bus 0000:4a
[    1.822458] pci_bus 0000:4a: root bus resource [io  0x9000-0x9fff window]
[    1.822460] pci_bus 0000:4a: root bus resource [mem 0xb1000000-0xbbbfffff window]
[    1.822461] pci_bus 0000:4a: root bus resource [mem 0x230000000000-0x23ffffffffff window]
[    1.822462] pci_bus 0000:4a: root bus resource [bus 4a-63]
[    1.822475] pci 0000:4a:00.0: [8086:09a2] type 00 class 0x088000
[    1.822546] pci 0000:4a:00.1: [8086:09a4] type 00 class 0x088000
[    1.822614] pci 0000:4a:00.2: [8086:09a3] type 00 class 0x088000
[    1.822684] pci 0000:4a:00.4: [8086:0998] type 00 class 0x060000
[    1.822753] pci_bus 0000:4a: on NUMA node 0
[    1.822823] ACPI: PCI Root Bridge [PC05] (domain 0000 [bus 64-7d])
[    1.822825] acpi PNP0A08:05: _OSC: OS supports [ExtendedConfig ASPM ClockPM Segments MSI HPX-Type3]
[    1.836529] acpi PNP0A08:05: _OSC: platform does not support [SHPCHotplug AER]
[    1.836733] acpi PNP0A08:05: _OSC: OS now controls [PCIeHotplug PME PCIeCapability LTR]
[    1.836734] acpi PNP0A08:05: FADT indicates ASPM is unsupported, using BIOS configuration
[    1.836845] PCI host bridge to bus 0000:64
[    1.836846] pci_bus 0000:64: root bus resource [io  0xa000-0xafff window]
[    1.836847] pci_bus 0000:64: root bus resource [mem 0xbbc00000-0xc5ffffff window]
[    1.836848] pci_bus 0000:64: root bus resource [mem 0x240000000000-0x24ffffffffff window]
[    1.836849] pci_bus 0000:64: root bus resource [bus 64-7d]
[    1.836863] pci 0000:64:00.0: [8086:09a2] type 00 class 0x088000
[    1.836933] pci 0000:64:00.1: [8086:09a4] type 00 class 0x088000
[    1.837005] pci 0000:64:00.2: [8086:09a3] type 00 class 0x088000
[    1.837074] pci 0000:64:00.4: [8086:0998] type 00 class 0x060000
[    1.837145] pci_bus 0000:64: on NUMA node 0
[    1.837210] ACPI: PCI Root Bridge [UC06] (domain 0000 [bus 7e])
[    1.837212] acpi PNP0A03:00: _OSC: OS supports [ExtendedConfig ASPM ClockPM Segments MSI HPX-Type3]
[    1.837377] acpi PNP0A03:00: _OSC: platform does not support [SHPCHotplug AER LTR]
[    1.837548] acpi PNP0A03:00: _OSC: OS now controls [PCIeHotplug PME PCIeCapability]
[    1.837549] acpi PNP0A03:00: FADT indicates ASPM is unsupported, using BIOS configuration
[    1.837673] PCI host bridge to bus 0000:7e
[    1.837674] pci_bus 0000:7e: root bus resource [bus 7e]
[    1.837708] pci 0000:7e:00.0: [8086:3450] type 00 class 0x088000
[    1.837790] pci 0000:7e:00.1: [8086:3451] type 00 class 0x088000
[    1.837881] pci 0000:7e:00.2: [8086:3452] type 00 class 0x088000
[    1.837960] pci 0000:7e:00.3: [8086:0998] type 00 class 0x060000
[    1.838040] pci 0000:7e:00.5: [8086:3455] type 00 class 0x088000
[    1.838138] pci 0000:7e:02.0: [8086:3440] type 00 class 0x088000
[    1.838280] pci 0000:7e:02.1: [8086:3441] type 00 class 0x088000
[    1.838411] pci 0000:7e:02.2: [8086:3442] type 00 class 0x088000
[    1.838554] pci 0000:7e:03.0: [8086:3440] type 00 class 0x088000
[    1.838656] pci 0000:7e:03.1: [8086:3441] type 00 class 0x088000
[    1.838754] pci 0000:7e:03.2: [8086:3442] type 00 class 0x088000
[    1.838859] pci 0000:7e:04.0: [8086:3440] type 00 class 0x088000
[    1.839001] pci 0000:7e:04.1: [8086:3441] type 00 class 0x088000
[    1.839142] pci 0000:7e:04.2: [8086:3442] type 00 class 0x088000
[    1.839284] pci 0000:7e:04.3: [8086:3443] type 00 class 0x088000
[    1.839438] pci 0000:7e:05.0: [8086:3445] type 00 class 0x088000
[    1.839575] pci 0000:7e:05.1: [8086:3446] type 00 class 0x088000
[    1.839710] pci 0000:7e:05.2: [8086:3447] type 00 class 0x088000
[    1.839856] pci 0000:7e:06.0: [8086:3445] type 00 class 0x088000
[    1.839958] pci 0000:7e:06.1: [8086:3446] type 00 class 0x088000
[    1.840058] pci 0000:7e:06.2: [8086:3447] type 00 class 0x088000
[    1.840180] pci 0000:7e:07.0: [8086:3445] type 00 class 0x088000
[    1.840327] pci 0000:7e:07.1: [8086:3446] type 00 class 0x088000
[    1.840470] pci 0000:7e:07.2: [8086:3447] type 00 class 0x088000
[    1.840622] pci 0000:7e:0b.0: [8086:3448] type 00 class 0x088000
[    1.840711] pci 0000:7e:0b.1: [8086:3448] type 00 class 0x088000
[    1.840798] pci 0000:7e:0b.2: [8086:344b] type 00 class 0x088000
[    1.840904] pci 0000:7e:0c.0: [8086:344a] type 00 class 0x110100
[    1.841028] pci 0000:7e:0d.0: [8086:344a] type 00 class 0x110100
[    1.841138] pci 0000:7e:0e.0: [8086:344a] type 00 class 0x110100
[    1.841311] pci 0000:7e:0f.0: [8086:344a] type 00 class 0x110100
[    1.841502] pci 0000:7e:1a.0: [8086:2880] type 00 class 0x110100
[    1.841624] pci 0000:7e:1b.0: [8086:2880] type 00 class 0x110100
[    1.841732] pci 0000:7e:1c.0: [8086:2880] type 00 class 0x110100
[    1.841907] pci 0000:7e:1d.0: [8086:2880] type 00 class 0x110100
[    1.842065] pci_bus 0000:7e: on NUMA node 0
[    1.842141] ACPI: PCI Root Bridge [UC07] (domain 0000 [bus 7f])
[    1.842143] acpi PNP0A03:01: _OSC: OS supports [ExtendedConfig ASPM ClockPM Segments MSI HPX-Type3]
[    1.842309] acpi PNP0A03:01: _OSC: platform does not support [SHPCHotplug AER LTR]
[    1.842479] acpi PNP0A03:01: _OSC: OS now controls [PCIeHotplug PME PCIeCapability]
[    1.842480] acpi PNP0A03:01: FADT indicates ASPM is unsupported, using BIOS configuration
[    1.842615] PCI host bridge to bus 0000:7f
[    1.842616] pci_bus 0000:7f: root bus resource [bus 7f]
[    1.842657] pci 0000:7f:00.0: [8086:344c] type 00 class 0x088000
[    1.842782] pci 0000:7f:00.1: [8086:344c] type 00 class 0x088000
[    1.842924] pci 0000:7f:00.2: [8086:344c] type 00 class 0x088000
[    1.843065] pci 0000:7f:00.3: [8086:344c] type 00 class 0x088000
[    1.843179] pci 0000:7f:00.4: [8086:344c] type 00 class 0x088000
[    1.843325] pci 0000:7f:00.5: [8086:344c] type 00 class 0x088000
[    1.843465] pci 0000:7f:00.6: [8086:344c] type 00 class 0x088000
[    1.843567] pci 0000:7f:00.7: [8086:344c] type 00 class 0x088000
[    1.843689] pci 0000:7f:01.0: [8086:344c] type 00 class 0x088000
[    1.843841] pci 0000:7f:01.1: [8086:344c] type 00 class 0x088000
[    1.843988] pci 0000:7f:01.2: [8086:344c] type 00 class 0x088000
[    1.844098] pci 0000:7f:01.3: [8086:344c] type 00 class 0x088000
[    1.844255] pci 0000:7f:01.4: [8086:344c] type 00 class 0x088000
[    1.844413] pci 0000:7f:01.5: [8086:344c] type 00 class 0x088000
[    1.844574] pci 0000:7f:01.6: [8086:344c] type 00 class 0x088000
[    1.844722] pci 0000:7f:01.7: [8086:344c] type 00 class 0x088000
[    1.844891] pci 0000:7f:02.0: [8086:344c] type 00 class 0x088000
[    1.845046] pci 0000:7f:02.1: [8086:344c] type 00 class 0x088000
[    1.845202] pci 0000:7f:02.2: [8086:344c] type 00 class 0x088000
[    1.845365] pci 0000:7f:02.3: [8086:344c] type 00 class 0x088000
[    1.845530] pci 0000:7f:02.4: [8086:344c] type 00 class 0x088000
[    1.845692] pci 0000:7f:02.5: [8086:344c] type 00 class 0x088000
[    1.845855] pci 0000:7f:02.6: [8086:344c] type 00 class 0x088000
[    1.846028] pci 0000:7f:02.7: [8086:344c] type 00 class 0x088000
[    1.846214] pci 0000:7f:03.0: [8086:344c] type 00 class 0x088000
[    1.846384] pci 0000:7f:03.1: [8086:344c] type 00 class 0x088000
[    1.846561] pci 0000:7f:03.2: [8086:344c] type 00 class 0x088000
[    1.846743] pci 0000:7f:03.3: [8086:344c] type 00 class 0x088000
[    1.846941] pci 0000:7f:0a.0: [8086:344d] type 00 class 0x088000
[    1.847066] pci 0000:7f:0a.1: [8086:344d] type 00 class 0x088000
[    1.847201] pci 0000:7f:0a.2: [8086:344d] type 00 class 0x088000
[    1.847339] pci 0000:7f:0a.3: [8086:344d] type 00 class 0x088000
[    1.847454] pci 0000:7f:0a.4: [8086:344d] type 00 class 0x088000
[    1.847600] pci 0000:7f:0a.5: [8086:344d] type 00 class 0x088000
[    1.847742] pci 0000:7f:0a.6: [8086:344d] type 00 class 0x088000
[    1.847849] pci 0000:7f:0a.7: [8086:344d] type 00 class 0x088000
[    1.847972] pci 0000:7f:0b.0: [8086:344d] type 00 class 0x088000
[    1.848131] pci 0000:7f:0b.1: [8086:344d] type 00 class 0x088000
[    1.848278] pci 0000:7f:0b.2: [8086:344d] type 00 class 0x088000
[    1.848382] pci 0000:7f:0b.3: [8086:344d] type 00 class 0x088000
[    1.848539] pci 0000:7f:0b.4: [8086:344d] type 00 class 0x088000
[    1.848701] pci 0000:7f:0b.5: [8086:344d] type 00 class 0x088000
[    1.848862] pci 0000:7f:0b.6: [8086:344d] type 00 class 0x088000
[    1.849013] pci 0000:7f:0b.7: [8086:344d] type 00 class 0x088000
[    1.849182] pci 0000:7f:0c.0: [8086:344d] type 00 class 0x088000
[    1.849338] pci 0000:7f:0c.1: [8086:344d] type 00 class 0x088000
[    1.849494] pci 0000:7f:0c.2: [8086:344d] type 00 class 0x088000
[    1.849651] pci 0000:7f:0c.3: [8086:344d] type 00 class 0x088000
[    1.849816] pci 0000:7f:0c.4: [8086:344d] type 00 class 0x088000
[    1.849979] pci 0000:7f:0c.5: [8086:344d] type 00 class 0x088000
[    1.850142] pci 0000:7f:0c.6: [8086:344d] type 00 class 0x088000
[    1.850322] pci 0000:7f:0c.7: [8086:344d] type 00 class 0x088000
[    1.850508] pci 0000:7f:0d.0: [8086:344d] type 00 class 0x088000
[    1.850678] pci 0000:7f:0d.1: [8086:344d] type 00 class 0x088000
[    1.850857] pci 0000:7f:0d.2: [8086:344d] type 00 class 0x088000
[    1.851033] pci 0000:7f:0d.3: [8086:344d] type 00 class 0x088000
[    1.851241] pci 0000:7f:1d.0: [8086:344f] type 00 class 0x088000
[    1.851373] pci 0000:7f:1d.1: [8086:3457] type 00 class 0x088000
[    1.851518] pci 0000:7f:1e.0: [8086:3458] type 00 class 0x088000
[    1.851613] pci 0000:7f:1e.1: [8086:3459] type 00 class 0x088000
[    1.851702] pci 0000:7f:1e.2: [8086:345a] type 00 class 0x088000
[    1.851793] pci 0000:7f:1e.3: [8086:345b] type 00 class 0x088000
[    1.851881] pci 0000:7f:1e.4: [8086:345c] type 00 class 0x088000
[    1.851968] pci 0000:7f:1e.5: [8086:345d] type 00 class 0x088000
[    1.852056] pci 0000:7f:1e.6: [8086:345e] type 00 class 0x088000
[    1.852143] pci 0000:7f:1e.7: [8086:345f] type 00 class 0x088000
[    1.852219] pci_bus 0000:7f: on NUMA node 0
[    1.852315] ACPI: PCI Root Bridge [PC06] (domain 0000 [bus 80])
[    1.852317] acpi PNP0A08:06: _OSC: OS supports [ExtendedConfig ASPM ClockPM Segments MSI HPX-Type3]
[    1.866018] acpi PNP0A08:06: _OSC: platform does not support [SHPCHotplug AER]
[    1.866220] acpi PNP0A08:06: _OSC: OS now controls [PCIeHotplug PME PCIeCapability LTR]
[    1.866221] acpi PNP0A08:06: FADT indicates ASPM is unsupported, using BIOS configuration
[    1.866360] PCI host bridge to bus 0000:80
[    1.866361] pci_bus 0000:80: root bus resource [io  0xb000-0xbfff window]
[    1.866363] pci_bus 0000:80: root bus resource [mem 0xc6800000-0xd0ffffff window]
[    1.866364] pci_bus 0000:80: root bus resource [mem 0x250000000000-0x25ffffffffff window]
[    1.866365] pci_bus 0000:80: root bus resource [bus 80]
[    1.866397] pci 0000:80:00.0: [8086:09a2] type 00 class 0x088000
[    1.866492] pci 0000:80:00.1: [8086:09a4] type 00 class 0x088000
[    1.866582] pci 0000:80:00.2: [8086:09a3] type 00 class 0x088000
[    1.866671] pci 0000:80:00.4: [8086:0998] type 00 class 0x060000
[    1.866760] pci 0000:80:02.0: [8086:09a6] type 00 class 0x088000
[    1.866769] pci 0000:80:02.0: reg 0x10: [mem 0xc6aa4000-0xc6aa5fff]
[    1.866847] pci 0000:80:02.1: [8086:09a7] type 00 class 0x088000
[    1.866856] pci 0000:80:02.1: reg 0x10: [mem 0xc6a00000-0xc6a7ffff]
[    1.866861] pci 0000:80:02.1: reg 0x14: [mem 0xc6980000-0xc69fffff]
[    1.866948] pci 0000:80:02.4: [8086:3456] type 00 class 0x130000
[    1.866959] pci 0000:80:02.4: reg 0x10: [mem 0xc6800000-0xc68fffff 64bit]
[    1.866966] pci 0000:80:02.4: reg 0x18: [mem 0xc6aa0000-0xc6aa3fff 64bit]
[    1.866973] pci 0000:80:02.4: reg 0x20: [mem 0xc6a80000-0xc6a9ffff 64bit]
[    1.867036] pci_bus 0000:80: on NUMA node 1
[    1.867112] ACPI: PCI Root Bridge [PC07] (domain 0000 [bus 81])
[    1.867114] acpi PNP0A08:07: _OSC: OS supports [ExtendedConfig ASPM ClockPM Segments MSI HPX-Type3]
[    1.880830] acpi PNP0A08:07: _OSC: platform does not support [SHPCHotplug AER]
[    1.881033] acpi PNP0A08:07: _OSC: OS now controls [PCIeHotplug PME PCIeCapability LTR]
[    1.881035] acpi PNP0A08:07: FADT indicates ASPM is unsupported, using BIOS configuration
[    1.881146] PCI host bridge to bus 0000:81
[    1.881147] pci_bus 0000:81: root bus resource [io  0xc000-0xcfff window]
[    1.881149] pci_bus 0000:81: root bus resource [mem 0xd1000000-0xdbbfffff window]
[    1.881150] pci_bus 0000:81: root bus resource [mem 0x260000000000-0x26ffffffffff window]
[    1.881151] pci_bus 0000:81: root bus resource [bus 81]
[    1.881165] pci 0000:81:00.0: [8086:09a2] type 00 class 0x088000
[    1.881241] pci 0000:81:00.1: [8086:09a4] type 00 class 0x088000
[    1.881320] pci 0000:81:00.2: [8086:09a3] type 00 class 0x088000
[    1.881396] pci 0000:81:00.4: [8086:0998] type 00 class 0x060000
[    1.881482] pci_bus 0000:81: on NUMA node 1
[    1.881552] ACPI: PCI Root Bridge [PC08] (domain 0000 [bus 82])
[    1.881555] acpi PNP0A08:08: _OSC: OS supports [ExtendedConfig ASPM ClockPM Segments MSI HPX-Type3]
[    1.895309] acpi PNP0A08:08: _OSC: platform does not support [SHPCHotplug AER]
[    1.895511] acpi PNP0A08:08: _OSC: OS now controls [PCIeHotplug PME PCIeCapability LTR]
[    1.895512] acpi PNP0A08:08: FADT indicates ASPM is unsupported, using BIOS configuration
[    1.895623] PCI host bridge to bus 0000:82
[    1.895624] pci_bus 0000:82: root bus resource [io  0xd000-0xdfff window]
[    1.895625] pci_bus 0000:82: root bus resource [mem 0xdbc00000-0xe67fffff window]
[    1.895626] pci_bus 0000:82: root bus resource [mem 0x270000000000-0x27ffffffffff window]
[    1.895628] pci_bus 0000:82: root bus resource [bus 82]
[    1.895642] pci 0000:82:00.0: [8086:09a2] type 00 class 0x088000
[    1.895718] pci 0000:82:00.1: [8086:09a4] type 00 class 0x088000
[    1.895793] pci 0000:82:00.2: [8086:09a3] type 00 class 0x088000
[    1.895867] pci 0000:82:00.4: [8086:0998] type 00 class 0x060000
[    1.895947] pci_bus 0000:82: on NUMA node 1
[    1.896044] ACPI: PCI Root Bridge [PC10] (domain 0000 [bus 83-f9])
[    1.896046] acpi PNP0A08:0a: _OSC: OS supports [ExtendedConfig ASPM ClockPM Segments MSI HPX-Type3]
[    1.909746] acpi PNP0A08:0a: _OSC: platform does not support [SHPCHotplug AER]
[    1.909948] acpi PNP0A08:0a: _OSC: OS now controls [PCIeHotplug PME PCIeCapability LTR]
[    1.909949] acpi PNP0A08:0a: FADT indicates ASPM is unsupported, using BIOS configuration
[    1.910068] PCI host bridge to bus 0000:83
[    1.910069] pci_bus 0000:83: root bus resource [io  0xe000-0xefff window]
[    1.910070] pci_bus 0000:83: root bus resource [mem 0xe6800000-0xf13fffff window]
[    1.910071] pci_bus 0000:83: root bus resource [mem 0x280000000000-0x28ffffffffff window]
[    1.910073] pci_bus 0000:83: root bus resource [bus 83-f9]
[    1.910087] pci 0000:83:00.0: [8086:09a2] type 00 class 0x088000
[    1.910166] pci 0000:83:00.1: [8086:09a4] type 00 class 0x088000
[    1.910245] pci 0000:83:00.2: [8086:09a3] type 00 class 0x088000
[    1.910323] pci 0000:83:00.4: [8086:0998] type 00 class 0x060000
[    1.910404] pci_bus 0000:83: on NUMA node 1
[    1.910474] ACPI: PCI Root Bridge [PC11] (domain 0000 [bus fa])
[    1.910476] acpi PNP0A08:0b: _OSC: OS supports [ExtendedConfig ASPM ClockPM Segments MSI HPX-Type3]
[    1.924164] acpi PNP0A08:0b: _OSC: platform does not support [SHPCHotplug AER]
[    1.924365] acpi PNP0A08:0b: _OSC: OS now controls [PCIeHotplug PME PCIeCapability LTR]
[    1.924366] acpi PNP0A08:0b: FADT indicates ASPM is unsupported, using BIOS configuration
[    1.924476] PCI host bridge to bus 0000:fa
[    1.924477] pci_bus 0000:fa: root bus resource [io  0xf000-0xffff window]
[    1.924479] pci_bus 0000:fa: root bus resource [mem 0xf1400000-0xfb7fffff window]
[    1.924480] pci_bus 0000:fa: root bus resource [mem 0x290000000000-0x29ffffffffff window]
[    1.924481] pci_bus 0000:fa: root bus resource [bus fa]
[    1.924495] pci 0000:fa:00.0: [8086:09a2] type 00 class 0x088000
[    1.924571] pci 0000:fa:00.1: [8086:09a4] type 00 class 0x088000
[    1.924648] pci 0000:fa:00.2: [8086:09a3] type 00 class 0x088000
[    1.924725] pci 0000:fa:00.4: [8086:0998] type 00 class 0x060000
[    1.924806] pci_bus 0000:fa: on NUMA node 1
[    1.924869] ACPI: PCI Root Bridge [UC16] (domain 0000 [bus fe])
[    1.924872] acpi PNP0A03:02: _OSC: OS supports [ExtendedConfig ASPM ClockPM Segments MSI HPX-Type3]
[    1.925037] acpi PNP0A03:02: _OSC: platform does not support [SHPCHotplug AER LTR]
[    1.925207] acpi PNP0A03:02: _OSC: OS now controls [PCIeHotplug PME PCIeCapability]
[    1.925209] acpi PNP0A03:02: FADT indicates ASPM is unsupported, using BIOS configuration
[    1.925330] PCI host bridge to bus 0000:fe
[    1.925331] pci_bus 0000:fe: root bus resource [bus fe]
[    1.925363] pci 0000:fe:00.0: [8086:3450] type 00 class 0x088000
[    1.925448] pci 0000:fe:00.1: [8086:3451] type 00 class 0x088000
[    1.925533] pci 0000:fe:00.2: [8086:3452] type 00 class 0x088000
[    1.925614] pci 0000:fe:00.3: [8086:0998] type 00 class 0x060000
[    1.925696] pci 0000:fe:00.5: [8086:3455] type 00 class 0x088000
[    1.925796] pci 0000:fe:02.0: [8086:3440] type 00 class 0x088000
[    1.925937] pci 0000:fe:02.1: [8086:3441] type 00 class 0x088000
[    1.926072] pci 0000:fe:02.2: [8086:3442] type 00 class 0x088000
[    1.926217] pci 0000:fe:03.0: [8086:3440] type 00 class 0x088000
[    1.926324] pci 0000:fe:03.1: [8086:3441] type 00 class 0x088000
[    1.926429] pci 0000:fe:03.2: [8086:3442] type 00 class 0x088000
[    1.926538] pci 0000:fe:04.0: [8086:3440] type 00 class 0x088000
[    1.926684] pci 0000:fe:04.1: [8086:3441] type 00 class 0x088000
[    1.926825] pci 0000:fe:04.2: [8086:3442] type 00 class 0x088000
[    1.926968] pci 0000:fe:04.3: [8086:3443] type 00 class 0x088000
[    1.927125] pci 0000:fe:05.0: [8086:3445] type 00 class 0x088000
[    1.927268] pci 0000:fe:05.1: [8086:3446] type 00 class 0x088000
[    1.927408] pci 0000:fe:05.2: [8086:3447] type 00 class 0x088000
[    1.927561] pci 0000:fe:06.0: [8086:3445] type 00 class 0x088000
[    1.927667] pci 0000:fe:06.1: [8086:3446] type 00 class 0x088000
[    1.927771] pci 0000:fe:06.2: [8086:3447] type 00 class 0x088000
[    1.927894] pci 0000:fe:07.0: [8086:3445] type 00 class 0x088000
[    1.928043] pci 0000:fe:07.1: [8086:3446] type 00 class 0x088000
[    1.928189] pci 0000:fe:07.2: [8086:3447] type 00 class 0x088000
[    1.928343] pci 0000:fe:0b.0: [8086:3448] type 00 class 0x088000
[    1.928433] pci 0000:fe:0b.1: [8086:3448] type 00 class 0x088000
[    1.928525] pci 0000:fe:0b.2: [8086:344b] type 00 class 0x088000
[    1.928631] pci 0000:fe:0c.0: [8086:344a] type 00 class 0x110100
[    1.928761] pci 0000:fe:0d.0: [8086:344a] type 00 class 0x110100
[    1.928877] pci 0000:fe:0e.0: [8086:344a] type 00 class 0x110100
[    1.929051] pci 0000:fe:0f.0: [8086:344a] type 00 class 0x110100
[    1.929245] pci 0000:fe:1a.0: [8086:2880] type 00 class 0x110100
[    1.929371] pci 0000:fe:1b.0: [8086:2880] type 00 class 0x110100
[    1.929482] pci 0000:fe:1c.0: [8086:2880] type 00 class 0x110100
[    1.929665] pci 0000:fe:1d.0: [8086:2880] type 00 class 0x110100
[    1.929826] pci_bus 0000:fe: on NUMA node 1
[    1.929902] ACPI: PCI Root Bridge [UC17] (domain 0000 [bus ff])
[    1.929904] acpi PNP0A03:03: _OSC: OS supports [ExtendedConfig ASPM ClockPM Segments MSI HPX-Type3]
[    1.930069] acpi PNP0A03:03: _OSC: platform does not support [SHPCHotplug AER LTR]
[    1.930240] acpi PNP0A03:03: _OSC: OS now controls [PCIeHotplug PME PCIeCapability]
[    1.930241] acpi PNP0A03:03: FADT indicates ASPM is unsupported, using BIOS configuration
[    1.930375] PCI host bridge to bus 0000:ff
[    1.930376] pci_bus 0000:ff: root bus resource [bus ff]
[    1.930418] pci 0000:ff:00.0: [8086:344c] type 00 class 0x088000
[    1.930555] pci 0000:ff:00.1: [8086:344c] type 00 class 0x088000
[    1.930693] pci 0000:ff:00.2: [8086:344c] type 00 class 0x088000
[    1.930819] pci 0000:ff:00.3: [8086:344c] type 00 class 0x088000
[    1.930965] pci 0000:ff:00.4: [8086:344c] type 00 class 0x088000
[    1.931107] pci 0000:ff:00.5: [8086:344c] type 00 class 0x088000
[    1.931227] pci 0000:ff:00.6: [8086:344c] type 00 class 0x088000
[    1.931384] pci 0000:ff:00.7: [8086:344c] type 00 class 0x088000
[    1.931550] pci 0000:ff:01.0: [8086:344c] type 00 class 0x088000
[    1.931708] pci 0000:ff:01.1: [8086:344c] type 00 class 0x088000
[    1.931858] pci 0000:ff:01.2: [8086:344c] type 00 class 0x088000
[    1.931967] pci 0000:ff:01.3: [8086:344c] type 00 class 0x088000
[    1.932129] pci 0000:ff:01.4: [8086:344c] type 00 class 0x088000
[    1.932292] pci 0000:ff:01.5: [8086:344c] type 00 class 0x088000
[    1.932459] pci 0000:ff:01.6: [8086:344c] type 00 class 0x088000
[    1.932613] pci 0000:ff:01.7: [8086:344c] type 00 class 0x088000
[    1.932788] pci 0000:ff:02.0: [8086:344c] type 00 class 0x088000
[    1.932947] pci 0000:ff:02.1: [8086:344c] type 00 class 0x088000
[    1.933105] pci 0000:ff:02.2: [8086:344c] type 00 class 0x088000
[    1.933269] pci 0000:ff:02.3: [8086:344c] type 00 class 0x088000
[    1.933430] pci 0000:ff:02.4: [8086:344c] type 00 class 0x088000
[    1.933593] pci 0000:ff:02.5: [8086:344c] type 00 class 0x088000
[    1.933762] pci 0000:ff:02.6: [8086:344c] type 00 class 0x088000
[    1.933942] pci 0000:ff:02.7: [8086:344c] type 00 class 0x088000
[    1.934134] pci 0000:ff:03.0: [8086:344c] type 00 class 0x088000
[    1.934312] pci 0000:ff:03.1: [8086:344c] type 00 class 0x088000
[    1.934487] pci 0000:ff:03.2: [8086:344c] type 00 class 0x088000
[    1.934670] pci 0000:ff:03.3: [8086:344c] type 00 class 0x088000
[    1.934875] pci 0000:ff:0a.0: [8086:344d] type 00 class 0x088000
[    1.935003] pci 0000:ff:0a.1: [8086:344d] type 00 class 0x088000
[    1.935141] pci 0000:ff:0a.2: [8086:344d] type 00 class 0x088000
[    1.935270] pci 0000:ff:0a.3: [8086:344d] type 00 class 0x088000
[    1.935416] pci 0000:ff:0a.4: [8086:344d] type 00 class 0x088000
[    1.935558] pci 0000:ff:0a.5: [8086:344d] type 00 class 0x088000
[    1.935678] pci 0000:ff:0a.6: [8086:344d] type 00 class 0x088000
[    1.935830] pci 0000:ff:0a.7: [8086:344d] type 00 class 0x088000
[    1.935996] pci 0000:ff:0b.0: [8086:344d] type 00 class 0x088000
[    1.936154] pci 0000:ff:0b.1: [8086:344d] type 00 class 0x088000
[    1.936305] pci 0000:ff:0b.2: [8086:344d] type 00 class 0x088000
[    1.936421] pci 0000:ff:0b.3: [8086:344d] type 00 class 0x088000
[    1.936584] pci 0000:ff:0b.4: [8086:344d] type 00 class 0x088000
[    1.936748] pci 0000:ff:0b.5: [8086:344d] type 00 class 0x088000
[    1.936917] pci 0000:ff:0b.6: [8086:344d] type 00 class 0x088000
[    1.937069] pci 0000:ff:0b.7: [8086:344d] type 00 class 0x088000
[    1.937242] pci 0000:ff:0c.0: [8086:344d] type 00 class 0x088000
[    1.937401] pci 0000:ff:0c.1: [8086:344d] type 00 class 0x088000
[    1.937559] pci 0000:ff:0c.2: [8086:344d] type 00 class 0x088000
[    1.937729] pci 0000:ff:0c.3: [8086:344d] type 00 class 0x088000
[    1.937891] pci 0000:ff:0c.4: [8086:344d] type 00 class 0x088000
[    1.938056] pci 0000:ff:0c.5: [8086:344d] type 00 class 0x088000
[    1.938225] pci 0000:ff:0c.6: [8086:344d] type 00 class 0x088000
[    1.938393] pci 0000:ff:0c.7: [8086:344d] type 00 class 0x088000
[    1.938586] pci 0000:ff:0d.0: [8086:344d] type 00 class 0x088000
[    1.938765] pci 0000:ff:0d.1: [8086:344d] type 00 class 0x088000
[    1.938940] pci 0000:ff:0d.2: [8086:344d] type 00 class 0x088000
[    1.939129] pci 0000:ff:0d.3: [8086:344d] type 00 class 0x088000
[    1.939344] pci 0000:ff:1d.0: [8086:344f] type 00 class 0x088000
[    1.939482] pci 0000:ff:1d.1: [8086:3457] type 00 class 0x088000
[    1.939632] pci 0000:ff:1e.0: [8086:3458] type 00 class 0x088000
[    1.939729] pci 0000:ff:1e.1: [8086:3459] type 00 class 0x088000
[    1.939820] pci 0000:ff:1e.2: [8086:345a] type 00 class 0x088000
[    1.939911] pci 0000:ff:1e.3: [8086:345b] type 00 class 0x088000
[    1.940003] pci 0000:ff:1e.4: [8086:345c] type 00 class 0x088000
[    1.940098] pci 0000:ff:1e.5: [8086:345d] type 00 class 0x088000
[    1.940189] pci 0000:ff:1e.6: [8086:345e] type 00 class 0x088000
[    1.940278] pci 0000:ff:1e.7: [8086:345f] type 00 class 0x088000
[    1.940353] pci_bus 0000:ff: on NUMA node 1
[    1.944825] iommu: Default domain type: Translated 
[    1.944825] iommu: DMA domain TLB invalidation policy: lazy mode 
[    1.944836] pci 0000:03:00.0: vgaarb: setting as boot VGA device
[    1.944836] pci 0000:03:00.0: vgaarb: VGA device added: decodes=io+mem,owns=io+mem,locks=none
[    1.944869] pci 0000:03:00.0: vgaarb: bridge control possible
[    1.944870] vgaarb: loaded
[    1.945078] SCSI subsystem initialized
[    1.945118] libata version 3.00 loaded.
[    1.945118] ACPI: bus type USB registered
[    1.945118] usbcore: registered new interface driver usbfs
[    1.945118] usbcore: registered new interface driver hub
[    1.945118] usbcore: registered new device driver usb
[    1.945118] pps_core: LinuxPPS API ver. 1 registered
[    1.945118] pps_core: Software ver. 5.3.6 - Copyright 2005-2007 Rodolfo Giometti <giometti@linux.it>
[    1.945118] PTP clock support registered
[    1.945118] EDAC MC: Ver: 3.0.0
[    1.945486] Registered efivars operations
[    1.945486] NetLabel: Initializing
[    1.945486] NetLabel:  domain hash size = 128
[    1.945486] NetLabel:  protocols = UNLABELED CIPSOv4 CALIPSO
[    1.945486] NetLabel:  unlabeled traffic allowed by default
[    1.945486] PCI: Using ACPI for IRQ routing
[    1.946377] PCI: pci_cache_line_size set to 64 bytes
[    1.946931] e820: reserve RAM buffer [mem 0x0008f000-0x0008ffff]
[    1.946933] e820: reserve RAM buffer [mem 0x46cc5020-0x47ffffff]
[    1.946934] e820: reserve RAM buffer [mem 0x46cf7020-0x47ffffff]
[    1.946935] e820: reserve RAM buffer [mem 0x46d2a020-0x47ffffff]
[    1.946936] e820: reserve RAM buffer [mem 0x46d5d020-0x47ffffff]
[    1.946937] e820: reserve RAM buffer [mem 0x49e77000-0x4bffffff]
[    1.946938] e820: reserve RAM buffer [mem 0x4b2cf000-0x4bffffff]
[    1.946940] e820: reserve RAM buffer [mem 0x4bd94000-0x4bffffff]
[    1.946940] e820: reserve RAM buffer [mem 0x4ce00000-0x4fffffff]
[    1.946941] e820: reserve RAM buffer [mem 0x5eefe000-0x5fffffff]
[    1.946942] e820: reserve RAM buffer [mem 0x6f800000-0x6fffffff]
[    1.950116] hpet0: at MMIO 0xfed00000, IRQs 2, 8, 0, 0, 0, 0, 0, 0
[    1.950123] hpet0: 8 comparators, 64-bit 24.000000 MHz counter
[    1.955066] clocksource: Switched to clocksource tsc-early
[    1.961489] VFS: Disk quotas dquot_6.6.0
[    1.961544] VFS: Dquot-cache hash table entries: 512 (order 0, 4096 bytes)
[    1.961698] AppArmor: AppArmor Filesystem Enabled
[    1.961717] pnp: PnP ACPI init
[    1.976931] system 00:01: [io  0x0500-0x05fe] has been reserved
[    1.976934] system 00:01: [io  0x0400-0x041f] has been reserved
[    1.976935] system 00:01: [io  0x0600-0x061f] has been reserved
[    1.976937] system 00:01: [io  0x0ca0-0x0ca1] has been reserved
[    1.976938] system 00:01: [io  0x0ca4-0x0ca6] has been reserved
[    1.976940] system 00:01: [mem 0xff000000-0xffffffff] has been reserved
[    1.977519] system 00:04: [mem 0xfd000000-0xfdabffff] has been reserved
[    1.977521] system 00:04: [mem 0xfdad0000-0xfdadffff] has been reserved
[    1.977522] system 00:04: [mem 0xfdb00000-0xfdffffff] has been reserved
[    1.977524] system 00:04: [mem 0xfe000000-0xfe00ffff] has been reserved
[    1.977526] system 00:04: [mem 0xfe011000-0xfe01ffff] has been reserved
[    1.977527] system 00:04: [mem 0xfe036000-0xfe03bfff] has been reserved
[    1.977529] system 00:04: [mem 0xfe03d000-0xfe3fffff] has been reserved
[    1.977530] system 00:04: [mem 0xfe410000-0xfe7fffff] has been reserved
[    1.977839] system 00:05: [io  0x1000-0x10fe] has been reserved
[    1.978799] pnp: PnP ACPI: found 6 devices
[    1.984391] clocksource: acpi_pm: mask: 0xffffff max_cycles: 0xffffff, max_idle_ns: 2085701024 ns
[    1.984474] NET: Registered PF_INET protocol family
[    1.984833] IP idents hash table entries: 262144 (order: 9, 2097152 bytes, vmalloc)
[    1.986976] tcp_listen_portaddr_hash hash table entries: 16384 (order: 6, 262144 bytes, vmalloc)
[    1.987331] TCP established hash table entries: 262144 (order: 9, 2097152 bytes, vmalloc)
[    1.987725] TCP bind hash table entries: 65536 (order: 8, 1048576 bytes, vmalloc)
[    1.987790] TCP: Hash tables configured (established 262144 bind 65536)
[    1.988003] UDP hash table entries: 16384 (order: 7, 524288 bytes, vmalloc)
[    1.988118] UDP-Lite hash table entries: 16384 (order: 7, 524288 bytes, vmalloc)
[    1.988360] NET: Registered PF_UNIX/PF_LOCAL protocol family
[    1.988367] NET: Registered PF_XDP protocol family
[    1.988375] pci 0000:04:00.0: can't claim BAR 6 [mem 0xfffc0000-0xffffffff pref]: no compatible bridge window
[    1.988377] pci 0000:04:00.1: can't claim BAR 6 [mem 0xfffc0000-0xffffffff pref]: no compatible bridge window
[    1.988379] pci 0000:17:00.0: can't claim BAR 6 [mem 0xfff00000-0xffffffff pref]: no compatible bridge window
[    1.988394] pci 0000:00:1c.5: BAR 14: assigned [mem 0x90000000-0x900fffff]
[    1.988397] pci 0000:00:1c.0: PCI bridge to [bus 01]
[    1.988406] pci 0000:02:00.0: PCI bridge to [bus 03]
[    1.988411] pci 0000:02:00.0:   bridge window [mem 0x92000000-0x928fffff]
[    1.988415] pci 0000:02:00.0:   bridge window [mem 0x91000000-0x91ffffff 64bit pref]
[    1.988421] pci 0000:00:1c.4: PCI bridge to [bus 02-03]
[    1.988425] pci 0000:00:1c.4:   bridge window [mem 0x92000000-0x928fffff]
[    1.988427] pci 0000:00:1c.4:   bridge window [mem 0x91000000-0x91ffffff 64bit pref]
[    1.988432] pci 0000:04:00.0: BAR 6: assigned [mem 0x90000000-0x9003ffff pref]
[    1.988434] pci 0000:04:00.1: BAR 6: assigned [mem 0x90040000-0x9007ffff pref]
[    1.988436] pci 0000:00:1c.5: PCI bridge to [bus 04]
[    1.988439] pci 0000:00:1c.5:   bridge window [mem 0x90000000-0x900fffff]
[    1.988441] pci 0000:00:1c.5:   bridge window [mem 0x92900000-0x929fffff 64bit pref]
[    1.988446] pci_bus 0000:00: resource 4 [io  0x0000-0x0cf7 window]
[    1.988447] pci_bus 0000:00: resource 5 [io  0x1000-0x4fff window]
[    1.988449] pci_bus 0000:00: resource 6 [mem 0x000a0000-0x000bffff window]
[    1.988450] pci_bus 0000:00: resource 7 [mem 0x000c8000-0x000cffff window]
[    1.988451] pci_bus 0000:00: resource 8 [mem 0xfe010000-0xfe010fff window]
[    1.988452] pci_bus 0000:00: resource 9 [mem 0x90000000-0x9b7fffff window]
[    1.988453] pci_bus 0000:00: resource 10 [mem 0x200000000000-0x20ffffffffff window]
[    1.988455] pci_bus 0000:02: resource 1 [mem 0x92000000-0x928fffff]
[    1.988456] pci_bus 0000:02: resource 2 [mem 0x91000000-0x91ffffff 64bit pref]
[    1.988458] pci_bus 0000:03: resource 1 [mem 0x92000000-0x928fffff]
[    1.988459] pci_bus 0000:03: resource 2 [mem 0x91000000-0x91ffffff 64bit pref]
[    1.988460] pci_bus 0000:04: resource 1 [mem 0x90000000-0x900fffff]
[    1.988461] pci_bus 0000:04: resource 2 [mem 0x92900000-0x929fffff 64bit pref]
[    1.988529] pci 0000:17:00.0: BAR 6: no space for [mem size 0x00100000 pref]
[    1.988531] pci 0000:17:00.0: BAR 6: failed to assign [mem size 0x00100000 pref]
[    1.988533] pci 0000:16:02.0: PCI bridge to [bus 17]
[    1.988534] pci 0000:16:02.0:   bridge window [io  0x5000-0x5fff]
[    1.988537] pci 0000:16:02.0:   bridge window [mem 0x9ba00000-0x9bafffff]
[    1.988539] pci 0000:16:02.0:   bridge window [mem 0x9b800000-0x9b9fffff 64bit pref]
[    1.988543] pci_bus 0000:16: resource 4 [io  0x5000-0x6fff window]
[    1.988544] pci_bus 0000:16: resource 5 [mem 0x9b800000-0xa63fffff window]
[    1.988545] pci_bus 0000:16: resource 6 [mem 0x210000000000-0x21ffffffffff window]
[    1.988546] pci_bus 0000:17: resource 0 [io  0x5000-0x5fff]
[    1.988547] pci_bus 0000:17: resource 1 [mem 0x9ba00000-0x9bafffff]
[    1.988548] pci_bus 0000:17: resource 2 [mem 0x9b800000-0x9b9fffff 64bit pref]
[    1.988555] pci_bus 0000:30: resource 4 [io  0x7000-0x8fff window]
[    1.988556] pci_bus 0000:30: resource 5 [mem 0xa6400000-0xb0ffffff window]
[    1.988557] pci_bus 0000:30: resource 6 [mem 0x220000000000-0x22ffffffffff window]
[    1.988562] pci_bus 0000:4a: resource 4 [io  0x9000-0x9fff window]
[    1.988564] pci_bus 0000:4a: resource 5 [mem 0xb1000000-0xbbbfffff window]
[    1.988565] pci_bus 0000:4a: resource 6 [mem 0x230000000000-0x23ffffffffff window]
[    1.988571] pci_bus 0000:64: resource 4 [io  0xa000-0xafff window]
[    1.988572] pci_bus 0000:64: resource 5 [mem 0xbbc00000-0xc5ffffff window]
[    1.988573] pci_bus 0000:64: resource 6 [mem 0x240000000000-0x24ffffffffff window]
[    1.988601] pci_bus 0000:80: resource 4 [io  0xb000-0xbfff window]
[    1.988603] pci_bus 0000:80: resource 5 [mem 0xc6800000-0xd0ffffff window]
[    1.988604] pci_bus 0000:80: resource 6 [mem 0x250000000000-0x25ffffffffff window]
[    1.988610] pci_bus 0000:81: resource 4 [io  0xc000-0xcfff window]
[    1.988611] pci_bus 0000:81: resource 5 [mem 0xd1000000-0xdbbfffff window]
[    1.988612] pci_bus 0000:81: resource 6 [mem 0x260000000000-0x26ffffffffff window]
[    1.988617] pci_bus 0000:82: resource 4 [io  0xd000-0xdfff window]
[    1.988618] pci_bus 0000:82: resource 5 [mem 0xdbc00000-0xe67fffff window]
