[    0.000000] Linux version 5.3.1-multiclock (xmu@xmu-PowerEdge-R750) (gcc version 7.5.0 (Ubuntu 7.5.0-3ubuntu1~18.04)) #1 SMP Wed Aug 9 20:46:02 CST 2023
[    0.000000] Command line: BOOT_IMAGE=/boot/vmlinuz-5.3.1-multiclock root=UUID=ce0c24b8-724b-4f33-9b2c-618433560aef ro memmap=22829M!4096M memmap=59G!64G quiet splash nomodeset vt.handoff=1
[    0.000000] KERNEL supported cpus:
[    0.000000]   Intel GenuineIntel
[    0.000000]   AMD AuthenticAMD
[    0.000000]   Hygon HygonGenuine
[    0.000000]   Centaur CentaurHauls
[    0.000000]   zhaoxin   Shanghai  
[    0.000000] x86/fpu: Supporting XSAVE feature 0x001: 'x87 floating point registers'
[    0.000000] x86/fpu: Supporting XSAVE feature 0x002: 'SSE registers'
[    0.000000] x86/fpu: Supporting XSAVE feature 0x004: 'AVX registers'
[    0.000000] x86/fpu: Supporting XSAVE feature 0x020: 'AVX-512 opmask'
[    0.000000] x86/fpu: Supporting XSAVE feature 0x040: 'AVX-512 Hi256'
[    0.000000] x86/fpu: Supporting XSAVE feature 0x080: 'AVX-512 ZMM_Hi256'
[    0.000000] x86/fpu: Supporting XSAVE feature 0x200: 'Protection Keys User registers'
[    0.000000] x86/fpu: xstate_offset[2]:  576, xstate_sizes[2]:  256
[    0.000000] x86/fpu: xstate_offset[5]:  832, xstate_sizes[5]:   64
[    0.000000] x86/fpu: xstate_offset[6]:  896, xstate_sizes[6]:  512
[    0.000000] x86/fpu: xstate_offset[7]: 1408, xstate_sizes[7]: 1024
[    0.000000] x86/fpu: xstate_offset[9]: 2432, xstate_sizes[9]:    8
[    0.000000] x86/fpu: Enabled xstate features 0x2e7, context size is 2440 bytes, using 'compacted' format.
[    0.000000] BIOS-provided physical RAM map:
[    0.000000] BIOS-e820: [mem 0x0000000000000000-0x000000000008efff] usable
[    0.000000] BIOS-e820: [mem 0x000000000008f000-0x000000000008ffff] reserved
[    0.000000] BIOS-e820: [mem 0x0000000000090000-0x000000000009ffff] usable
[    0.000000] BIOS-e820: [mem 0x00000000000a0000-0x00000000000fffff] reserved
[    0.000000] BIOS-e820: [mem 0x0000000000100000-0x0000000049e76fff] usable
[    0.000000] BIOS-e820: [mem 0x0000000049e77000-0x000000004ae76fff] ACPI NVS
[    0.000000] BIOS-e820: [mem 0x000000004ae77000-0x000000004b2cefff] usable
[    0.000000] BIOS-e820: [mem 0x000000004b2cf000-0x000000004b54dfff] ACPI data
[    0.000000] BIOS-e820: [mem 0x000000004b54e000-0x000000004bd93fff] usable
[    0.000000] BIOS-e820: [mem 0x000000004bd94000-0x000000004be99fff] reserved
[    0.000000] BIOS-e820: [mem 0x000000004be9a000-0x000000004cdfffff] usable
[    0.000000] BIOS-e820: [mem 0x000000004ce00000-0x000000004cffffff] reserved
[    0.000000] BIOS-e820: [mem 0x000000004d000000-0x000000005eefdfff] usable
[    0.000000] BIOS-e820: [mem 0x000000005eefe000-0x000000006e3fefff] reserved
[    0.000000] BIOS-e820: [mem 0x000000006e3ff000-0x000000006f3fefff] ACPI NVS
[    0.000000] BIOS-e820: [mem 0x000000006f3ff000-0x000000006f7fefff] ACPI data
[    0.000000] BIOS-e820: [mem 0x000000006f7ff000-0x000000006f7fffff] usable
[    0.000000] BIOS-e820: [mem 0x000000006f800000-0x000000008fffffff] reserved
[    0.000000] BIOS-e820: [mem 0x00000000fe000000-0x00000000fe010fff] reserved
[    0.000000] BIOS-e820: [mem 0x0000000100000000-0x000000207fffffff] usable
[    0.000000] BIOS-e820: [mem 0x0000002080000000-0x0000011c7fffffff] persistent (type 7)
[    0.000000] BIOS-e820: [mem 0x00001ffc00000000-0x00001fffffffffff] reserved
[    0.000000] NX (Execute Disable) protection: active
[    0.000000] e820: update [mem 0x47c75020-0x47c7d05f] usable ==> usable
[    0.000000] e820: update [mem 0x47c75020-0x47c7d05f] usable ==> usable
[    0.000000] e820: update [mem 0x47c42020-0x47c74c5f] usable ==> usable
[    0.000000] e820: update [mem 0x47c42020-0x47c74c5f] usable ==> usable
[    0.000000] e820: update [mem 0x47c0f020-0x47c41c5f] usable ==> usable
[    0.000000] e820: update [mem 0x47c0f020-0x47c41c5f] usable ==> usable
[    0.000000] e820: update [mem 0x47bdd020-0x47c0ea5f] usable ==> usable
[    0.000000] e820: update [mem 0x47bdd020-0x47c0ea5f] usable ==> usable
[    0.000000] extended physical RAM map:
[    0.000000] reserve setup_data: [mem 0x0000000000000000-0x000000000008efff] usable
[    0.000000] reserve setup_data: [mem 0x000000000008f000-0x000000000008ffff] reserved
[    0.000000] reserve setup_data: [mem 0x0000000000090000-0x000000000009ffff] usable
[    0.000000] reserve setup_data: [mem 0x00000000000a0000-0x00000000000fffff] reserved
[    0.000000] reserve setup_data: [mem 0x0000000000100000-0x0000000047bdd01f] usable
[    0.000000] reserve setup_data: [mem 0x0000000047bdd020-0x0000000047c0ea5f] usable
[    0.000000] reserve setup_data: [mem 0x0000000047c0ea60-0x0000000047c0f01f] usable
[    0.000000] reserve setup_data: [mem 0x0000000047c0f020-0x0000000047c41c5f] usable
[    0.000000] reserve setup_data: [mem 0x0000000047c41c60-0x0000000047c4201f] usable
[    0.000000] reserve setup_data: [mem 0x0000000047c42020-0x0000000047c74c5f] usable
[    0.000000] reserve setup_data: [mem 0x0000000047c74c60-0x0000000047c7501f] usable
[    0.000000] reserve setup_data: [mem 0x0000000047c75020-0x0000000047c7d05f] usable
[    0.000000] reserve setup_data: [mem 0x0000000047c7d060-0x0000000049e76fff] usable
[    0.000000] reserve setup_data: [mem 0x0000000049e77000-0x000000004ae76fff] ACPI NVS
[    0.000000] reserve setup_data: [mem 0x000000004ae77000-0x000000004b2cefff] usable
[    0.000000] reserve setup_data: [mem 0x000000004b2cf000-0x000000004b54dfff] ACPI data
[    0.000000] reserve setup_data: [mem 0x000000004b54e000-0x000000004bd93fff] usable
[    0.000000] reserve setup_data: [mem 0x000000004bd94000-0x000000004be99fff] reserved
[    0.000000] reserve setup_data: [mem 0x000000004be9a000-0x000000004cdfffff] usable
[    0.000000] reserve setup_data: [mem 0x000000004ce00000-0x000000004cffffff] reserved
[    0.000000] reserve setup_data: [mem 0x000000004d000000-0x000000005eefdfff] usable
[    0.000000] reserve setup_data: [mem 0x000000005eefe000-0x000000006e3fefff] reserved
[    0.000000] reserve setup_data: [mem 0x000000006e3ff000-0x000000006f3fefff] ACPI NVS
[    0.000000] reserve setup_data: [mem 0x000000006f3ff000-0x000000006f7fefff] ACPI data
[    0.000000] reserve setup_data: [mem 0x000000006f7ff000-0x000000006f7fffff] usable
[    0.000000] reserve setup_data: [mem 0x000000006f800000-0x000000008fffffff] reserved
[    0.000000] reserve setup_data: [mem 0x00000000fe000000-0x00000000fe010fff] reserved
[    0.000000] reserve setup_data: [mem 0x0000000100000000-0x0000000692cfffff] persistent (type 12)
[    0.000000] reserve setup_data: [mem 0x0000000692d00000-0x0000000fffffffff] usable
[    0.000000] reserve setup_data: [mem 0x0000001000000000-0x0000001ebfffffff] persistent (type 12)
[    0.000000] reserve setup_data: [mem 0x0000001ec0000000-0x000000207fffffff] usable
[    0.000000] reserve setup_data: [mem 0x0000002080000000-0x0000011c7fffffff] persistent (type 7)
[    0.000000] reserve setup_data: [mem 0x00001ffc00000000-0x00001fffffffffff] reserved
[    0.000000] user-defined physical RAM map:
[    0.000000] user: [mem 0x0000000000000000-0x000000000008efff] usable
[    0.000000] user: [mem 0x000000000008f000-0x000000000008ffff] reserved
[    0.000000] user: [mem 0x0000000000090000-0x000000000009ffff] usable
[    0.000000] user: [mem 0x00000000000a0000-0x00000000000fffff] reserved
[    0.000000] user: [mem 0x0000000000100000-0x0000000047bdd01f] usable
[    0.000000] user: [mem 0x0000000047bdd020-0x0000000047c0ea5f] usable
[    0.000000] user: [mem 0x0000000047c0ea60-0x0000000047c0f01f] usable
[    0.000000] user: [mem 0x0000000047c0f020-0x0000000047c41c5f] usable
[    0.000000] user: [mem 0x0000000047c41c60-0x0000000047c4201f] usable
[    0.000000] user: [mem 0x0000000047c42020-0x0000000047c74c5f] usable
[    0.000000] user: [mem 0x0000000047c74c60-0x0000000047c7501f] usable
[    0.000000] user: [mem 0x0000000047c75020-0x0000000047c7d05f] usable
[    0.000000] user: [mem 0x0000000047c7d060-0x0000000049e76fff] usable
[    0.000000] user: [mem 0x0000000049e77000-0x000000004ae76fff] ACPI NVS
[    0.000000] user: [mem 0x000000004ae77000-0x000000004b2cefff] usable
[    0.000000] user: [mem 0x000000004b2cf000-0x000000004b54dfff] ACPI data
[    0.000000] user: [mem 0x000000004b54e000-0x000000004bd93fff] usable
[    0.000000] user: [mem 0x000000004bd94000-0x000000004be99fff] reserved
[    0.000000] user: [mem 0x000000004be9a000-0x000000004cdfffff] usable
[    0.000000] user: [mem 0x000000004ce00000-0x000000004cffffff] reserved
[    0.000000] user: [mem 0x000000004d000000-0x000000005eefdfff] usable
[    0.000000] user: [mem 0x000000005eefe000-0x000000006e3fefff] reserved
[    0.000000] user: [mem 0x000000006e3ff000-0x000000006f3fefff] ACPI NVS
[    0.000000] user: [mem 0x000000006f3ff000-0x000000006f7fefff] ACPI data
[    0.000000] user: [mem 0x000000006f7ff000-0x000000006f7fffff] usable
[    0.000000] user: [mem 0x000000006f800000-0x000000008fffffff] reserved
[    0.000000] user: [mem 0x00000000fe000000-0x00000000fe010fff] reserved
[    0.000000] user: [mem 0x0000000100000000-0x0000000692cfffff] persistent (type 12)
[    0.000000] user: [mem 0x0000000692d00000-0x0000000fffffffff] usable
[    0.000000] user: [mem 0x0000001000000000-0x0000001ebfffffff] persistent (type 12)
[    0.000000] user: [mem 0x0000001ec0000000-0x000000207fffffff] usable
[    0.000000] user: [mem 0x0000002080000000-0x0000011c7fffffff] persistent (type 7)
[    0.000000] user: [mem 0x00001ffc00000000-0x00001fffffffffff] reserved
[    0.000000] efi: EFI v2.70 by Dell Inc.
[    0.000000] efi:  ACPI=0x6f7fe000  ACPI 2.0=0x6f7fe014  MEMATTR=0x5a1f8020  SMBIOS=0x69526000  SMBIOS 3.0=0x69524000 
[    0.000000] SMBIOS 3.3.0 present.
[    0.000000] DMI: Dell Inc. PowerEdge R750/0K8F35, BIOS 1.10.2 03/03/2023
[    0.000000] tsc: Detected 2000.000 MHz processor
[    0.000008] e820: update [mem 0x00000000-0x00000fff] usable ==> reserved
[    0.000010] e820: remove [mem 0x000a0000-0x000fffff] usable
[    0.000017] last_pfn = 0x2080000 max_arch_pfn = 0x400000000
[    0.000020] MTRR default type: uncachable
[    0.000021] MTRR fixed ranges enabled:
[    0.000022]   00000-9FFFF write-back
[    0.000023]   A0000-BFFFF uncachable
[    0.000023]   C0000-FFFFF write-protect
[    0.000024] MTRR variable ranges enabled:
[    0.000025]   0 base 000000000000 mask 3E0000000000 write-back
[    0.000026]   1 base 000080000000 mask 3FFF80000000 uncachable
[    0.000027]   2 base 00007F000000 mask 3FFFFF000000 uncachable
[    0.000027]   3 disabled
[    0.000027]   4 disabled
[    0.000028]   5 disabled
[    0.000028]   6 disabled
[    0.000029]   7 disabled
[    0.000029]   8 disabled
[    0.000029]   9 disabled
[    0.000899] x86/PAT: Configuration [0-7]: WB  WC  UC- UC  WB  WP  UC- WT  
[    0.002015] total RAM covered: 2095088M
[    0.002100]  gran_size: 64K 	chunk_size: 64K 	num_reg: 10  	lose cover RAM: 2016G
[    0.002102]  gran_size: 64K 	chunk_size: 128K 	num_reg: 10  	lose cover RAM: 2016G
[    0.002103]  gran_size: 64K 	chunk_size: 256K 	num_reg: 10  	lose cover RAM: 2016G
[    0.002103]  gran_size: 64K 	chunk_size: 512K 	num_reg: 10  	lose cover RAM: 2016G
[    0.002104]  gran_size: 64K 	chunk_size: 1M 	num_reg: 10  	lose cover RAM: 2016G
[    0.002105]  gran_size: 64K 	chunk_size: 2M 	num_reg: 10  	lose cover RAM: 2016G
[    0.002105]  gran_size: 64K 	chunk_size: 4M 	num_reg: 10  	lose cover RAM: 2016G
[    0.002106]  gran_size: 64K 	chunk_size: 8M 	num_reg: 10  	lose cover RAM: 2016G
[    0.002107]  gran_size: 64K 	chunk_size: 16M 	num_reg: 10  	lose cover RAM: 2016G
[    0.002108]  gran_size: 64K 	chunk_size: 32M 	num_reg: 10  	lose cover RAM: 1024G
[    0.002108]  gran_size: 64K 	chunk_size: 64M 	num_reg: 10  	lose cover RAM: 1024G
[    0.002109]  gran_size: 64K 	chunk_size: 128M 	num_reg: 10  	lose cover RAM: 1024G
[    0.002110]  gran_size: 64K 	chunk_size: 256M 	num_reg: 10  	lose cover RAM: 1024G
[    0.002110]  gran_size: 64K 	chunk_size: 512M 	num_reg: 10  	lose cover RAM: 1024G
[    0.002111]  gran_size: 64K 	chunk_size: 1G 	num_reg: 10  	lose cover RAM: 1024G
[    0.002112]  gran_size: 64K 	chunk_size: 2G 	num_reg: 10  	lose cover RAM: 1024G
[    0.002112]  gran_size: 128K 	chunk_size: 128K 	num_reg: 10  	lose cover RAM: 2016G
[    0.002113]  gran_size: 128K 	chunk_size: 256K 	num_reg: 10  	lose cover RAM: 2016G
[    0.002114]  gran_size: 128K 	chunk_size: 512K 	num_reg: 10  	lose cover RAM: 2016G
[    0.002114]  gran_size: 128K 	chunk_size: 1M 	num_reg: 10  	lose cover RAM: 2016G
[    0.002115]  gran_size: 128K 	chunk_size: 2M 	num_reg: 10  	lose cover RAM: 2016G
[    0.002116]  gran_size: 128K 	chunk_size: 4M 	num_reg: 10  	lose cover RAM: 2016G
[    0.002116]  gran_size: 128K 	chunk_size: 8M 	num_reg: 10  	lose cover RAM: 2016G
[    0.002117]  gran_size: 128K 	chunk_size: 16M 	num_reg: 10  	lose cover RAM: 2016G
[    0.002118]  gran_size: 128K 	chunk_size: 32M 	num_reg: 10  	lose cover RAM: 1024G
[    0.002119]  gran_size: 128K 	chunk_size: 64M 	num_reg: 10  	lose cover RAM: 1024G
[    0.002119]  gran_size: 128K 	chunk_size: 128M 	num_reg: 10  	lose cover RAM: 1024G
[    0.002120]  gran_size: 128K 	chunk_size: 256M 	num_reg: 10  	lose cover RAM: 1024G
[    0.002121]  gran_size: 128K 	chunk_size: 512M 	num_reg: 10  	lose cover RAM: 1024G
[    0.002121]  gran_size: 128K 	chunk_size: 1G 	num_reg: 10  	lose cover RAM: 1024G
[    0.002122]  gran_size: 128K 	chunk_size: 2G 	num_reg: 10  	lose cover RAM: 1024G
[    0.002123]  gran_size: 256K 	chunk_size: 256K 	num_reg: 10  	lose cover RAM: 2016G
[    0.002123]  gran_size: 256K 	chunk_size: 512K 	num_reg: 10  	lose cover RAM: 2016G
[    0.002124]  gran_size: 256K 	chunk_size: 1M 	num_reg: 10  	lose cover RAM: 2016G
[    0.002125]  gran_size: 256K 	chunk_size: 2M 	num_reg: 10  	lose cover RAM: 2016G
[    0.002125]  gran_size: 256K 	chunk_size: 4M 	num_reg: 10  	lose cover RAM: 2016G
[    0.002126]  gran_size: 256K 	chunk_size: 8M 	num_reg: 10  	lose cover RAM: 2016G
[    0.002127]  gran_size: 256K 	chunk_size: 16M 	num_reg: 10  	lose cover RAM: 2016G
[    0.002127]  gran_size: 256K 	chunk_size: 32M 	num_reg: 10  	lose cover RAM: 1024G
[    0.002128]  gran_size: 256K 	chunk_size: 64M 	num_reg: 10  	lose cover RAM: 1024G
[    0.002129]  gran_size: 256K 	chunk_size: 128M 	num_reg: 10  	lose cover RAM: 1024G
[    0.002129]  gran_size: 256K 	chunk_size: 256M 	num_reg: 10  	lose cover RAM: 1024G
[    0.002130]  gran_size: 256K 	chunk_size: 512M 	num_reg: 10  	lose cover RAM: 1024G
[    0.002131]  gran_size: 256K 	chunk_size: 1G 	num_reg: 10  	lose cover RAM: 1024G
[    0.002132]  gran_size: 256K 	chunk_size: 2G 	num_reg: 10  	lose cover RAM: 1024G
[    0.002132]  gran_size: 512K 	chunk_size: 512K 	num_reg: 10  	lose cover RAM: 2016G
[    0.002133]  gran_size: 512K 	chunk_size: 1M 	num_reg: 10  	lose cover RAM: 2016G
[    0.002134]  gran_size: 512K 	chunk_size: 2M 	num_reg: 10  	lose cover RAM: 2016G
[    0.002134]  gran_size: 512K 	chunk_size: 4M 	num_reg: 10  	lose cover RAM: 2016G
[    0.002135]  gran_size: 512K 	chunk_size: 8M 	num_reg: 10  	lose cover RAM: 2016G
[    0.002135]  gran_size: 512K 	chunk_size: 16M 	num_reg: 10  	lose cover RAM: 2016G
[    0.002136]  gran_size: 512K 	chunk_size: 32M 	num_reg: 10  	lose cover RAM: 1024G
[    0.002137]  gran_size: 512K 	chunk_size: 64M 	num_reg: 10  	lose cover RAM: 1024G
[    0.002138]  gran_size: 512K 	chunk_size: 128M 	num_reg: 10  	lose cover RAM: 1024G
[    0.002138]  gran_size: 512K 	chunk_size: 256M 	num_reg: 10  	lose cover RAM: 1024G
[    0.002139]  gran_size: 512K 	chunk_size: 512M 	num_reg: 10  	lose cover RAM: 1024G
[    0.002140]  gran_size: 512K 	chunk_size: 1G 	num_reg: 10  	lose cover RAM: 1024G
[    0.002140]  gran_size: 512K 	chunk_size: 2G 	num_reg: 10  	lose cover RAM: 1024G
[    0.002141]  gran_size: 1M 	chunk_size: 1M 	num_reg: 10  	lose cover RAM: 2016G
[    0.002142]  gran_size: 1M 	chunk_size: 2M 	num_reg: 10  	lose cover RAM: 2016G
[    0.002142]  gran_size: 1M 	chunk_size: 4M 	num_reg: 10  	lose cover RAM: 2016G
[    0.002143]  gran_size: 1M 	chunk_size: 8M 	num_reg: 10  	lose cover RAM: 2016G
[    0.002144]  gran_size: 1M 	chunk_size: 16M 	num_reg: 10  	lose cover RAM: 2016G
[    0.002144]  gran_size: 1M 	chunk_size: 32M 	num_reg: 10  	lose cover RAM: 1024G
[    0.002145]  gran_size: 1M 	chunk_size: 64M 	num_reg: 10  	lose cover RAM: 1024G
[    0.002146]  gran_size: 1M 	chunk_size: 128M 	num_reg: 10  	lose cover RAM: 1024G
[    0.002146]  gran_size: 1M 	chunk_size: 256M 	num_reg: 10  	lose cover RAM: 1024G
[    0.002147]  gran_size: 1M 	chunk_size: 512M 	num_reg: 10  	lose cover RAM: 1024G
[    0.002148]  gran_size: 1M 	chunk_size: 1G 	num_reg: 10  	lose cover RAM: 1024G
[    0.002148]  gran_size: 1M 	chunk_size: 2G 	num_reg: 10  	lose cover RAM: 1024G
[    0.002149]  gran_size: 2M 	chunk_size: 2M 	num_reg: 10  	lose cover RAM: 2016G
[    0.002150]  gran_size: 2M 	chunk_size: 4M 	num_reg: 10  	lose cover RAM: 2016G
[    0.002150]  gran_size: 2M 	chunk_size: 8M 	num_reg: 10  	lose cover RAM: 2016G
[    0.002151]  gran_size: 2M 	chunk_size: 16M 	num_reg: 10  	lose cover RAM: 2016G
[    0.002152]  gran_size: 2M 	chunk_size: 32M 	num_reg: 10  	lose cover RAM: 1024G
[    0.002152]  gran_size: 2M 	chunk_size: 64M 	num_reg: 10  	lose cover RAM: 1024G
[    0.002153]  gran_size: 2M 	chunk_size: 128M 	num_reg: 10  	lose cover RAM: 1024G
[    0.002154]  gran_size: 2M 	chunk_size: 256M 	num_reg: 10  	lose cover RAM: 1024G
[    0.002154]  gran_size: 2M 	chunk_size: 512M 	num_reg: 10  	lose cover RAM: 1024G
[    0.002155]  gran_size: 2M 	chunk_size: 1G 	num_reg: 10  	lose cover RAM: 1024G
[    0.002156]  gran_size: 2M 	chunk_size: 2G 	num_reg: 10  	lose cover RAM: 1024G
[    0.002156]  gran_size: 4M 	chunk_size: 4M 	num_reg: 10  	lose cover RAM: 2016G
[    0.002157]  gran_size: 4M 	chunk_size: 8M 	num_reg: 10  	lose cover RAM: 2016G
[    0.002158]  gran_size: 4M 	chunk_size: 16M 	num_reg: 10  	lose cover RAM: 2016G
[    0.002158]  gran_size: 4M 	chunk_size: 32M 	num_reg: 10  	lose cover RAM: 1024G
[    0.002159]  gran_size: 4M 	chunk_size: 64M 	num_reg: 10  	lose cover RAM: 1024G
[    0.002160]  gran_size: 4M 	chunk_size: 128M 	num_reg: 10  	lose cover RAM: 1024G
[    0.002161]  gran_size: 4M 	chunk_size: 256M 	num_reg: 10  	lose cover RAM: 1024G
[    0.002161]  gran_size: 4M 	chunk_size: 512M 	num_reg: 10  	lose cover RAM: 1024G
[    0.002162]  gran_size: 4M 	chunk_size: 1G 	num_reg: 10  	lose cover RAM: 1024G
[    0.002163]  gran_size: 4M 	chunk_size: 2G 	num_reg: 10  	lose cover RAM: 1024G
[    0.002164]  gran_size: 8M 	chunk_size: 8M 	num_reg: 10  	lose cover RAM: 2016G
[    0.002164]  gran_size: 8M 	chunk_size: 16M 	num_reg: 10  	lose cover RAM: 2016G
[    0.002165]  gran_size: 8M 	chunk_size: 32M 	num_reg: 10  	lose cover RAM: 1024G
[    0.002166]  gran_size: 8M 	chunk_size: 64M 	num_reg: 10  	lose cover RAM: 1024G
[    0.002166]  gran_size: 8M 	chunk_size: 128M 	num_reg: 10  	lose cover RAM: 1024G
[    0.002167]  gran_size: 8M 	chunk_size: 256M 	num_reg: 10  	lose cover RAM: 1024G
[    0.002167]  gran_size: 8M 	chunk_size: 512M 	num_reg: 10  	lose cover RAM: 1024G
[    0.002168]  gran_size: 8M 	chunk_size: 1G 	num_reg: 10  	lose cover RAM: 1024G
[    0.002169]  gran_size: 8M 	chunk_size: 2G 	num_reg: 10  	lose cover RAM: 1024G
[    0.002169]  gran_size: 16M 	chunk_size: 16M 	num_reg: 10  	lose cover RAM: 2016G
[    0.002170]  gran_size: 16M 	chunk_size: 32M 	num_reg: 10  	lose cover RAM: 1024G
[    0.002171]  gran_size: 16M 	chunk_size: 64M 	num_reg: 10  	lose cover RAM: 1024G
[    0.002171]  gran_size: 16M 	chunk_size: 128M 	num_reg: 10  	lose cover RAM: 1024G
[    0.002172]  gran_size: 16M 	chunk_size: 256M 	num_reg: 10  	lose cover RAM: 1024G
[    0.002173]  gran_size: 16M 	chunk_size: 512M 	num_reg: 10  	lose cover RAM: 1024G
[    0.002173]  gran_size: 16M 	chunk_size: 1G 	num_reg: 10  	lose cover RAM: 1024G
[    0.002174]  gran_size: 16M 	chunk_size: 2G 	num_reg: 10  	lose cover RAM: 1024G
[    0.002175]  gran_size: 32M 	chunk_size: 32M 	num_reg: 10  	lose cover RAM: 2031632M
[    0.002176]  gran_size: 32M 	chunk_size: 64M 	num_reg: 10  	lose cover RAM: 1048592M
[    0.002176]  gran_size: 32M 	chunk_size: 128M 	num_reg: 10  	lose cover RAM: 1048592M
[    0.002177]  gran_size: 32M 	chunk_size: 256M 	num_reg: 10  	lose cover RAM: 1048592M
[    0.002178]  gran_size: 32M 	chunk_size: 512M 	num_reg: 10  	lose cover RAM: 1048592M
[    0.002178]  gran_size: 32M 	chunk_size: 1G 	num_reg: 10  	lose cover RAM: 1048592M
[    0.002179]  gran_size: 32M 	chunk_size: 2G 	num_reg: 10  	lose cover RAM: 1048592M
[    0.002180]  gran_size: 64M 	chunk_size: 64M 	num_reg: 10  	lose cover RAM: 1966128M
[    0.002181]  gran_size: 64M 	chunk_size: 128M 	num_reg: 10  	lose cover RAM: 1048624M
[    0.002181]  gran_size: 64M 	chunk_size: 256M 	num_reg: 10  	lose cover RAM: 1048624M
[    0.002182]  gran_size: 64M 	chunk_size: 512M 	num_reg: 10  	lose cover RAM: 1048624M
[    0.002183]  gran_size: 64M 	chunk_size: 1G 	num_reg: 10  	lose cover RAM: 1048624M
[    0.002183]  gran_size: 64M 	chunk_size: 2G 	num_reg: 10  	lose cover RAM: 1048624M
[    0.002184]  gran_size: 128M 	chunk_size: 128M 	num_reg: 10  	lose cover RAM: 1835120M
[    0.002185]  gran_size: 128M 	chunk_size: 256M 	num_reg: 10  	lose cover RAM: 1048688M
[    0.002185]  gran_size: 128M 	chunk_size: 512M 	num_reg: 10  	lose cover RAM: 1048688M
[    0.002186]  gran_size: 128M 	chunk_size: 1G 	num_reg: 10  	lose cover RAM: 1048688M
[    0.002187]  gran_size: 128M 	chunk_size: 2G 	num_reg: 10  	lose cover RAM: 1048688M
[    0.002187]  gran_size: 256M 	chunk_size: 256M 	num_reg: 10  	lose cover RAM: 1573104M
[    0.002188]  gran_size: 256M 	chunk_size: 512M 	num_reg: 10  	lose cover RAM: 1048816M
[    0.002189]  gran_size: 256M 	chunk_size: 1G 	num_reg: 10  	lose cover RAM: 1048816M
[    0.002189]  gran_size: 256M 	chunk_size: 2G 	num_reg: 10  	lose cover RAM: 1048816M
[    0.002190]  gran_size: 512M 	chunk_size: 512M 	num_reg: 10  	lose cover RAM: 1049072M
[    0.002191]  gran_size: 512M 	chunk_size: 1G 	num_reg: 10  	lose cover RAM: 1049072M
[    0.002191]  gran_size: 512M 	chunk_size: 2G 	num_reg: 10  	lose cover RAM: 1049072M
[    0.002192]  gran_size: 1G 	chunk_size: 1G 	num_reg: 10  	lose cover RAM: 1008M
[    0.002193]  gran_size: 1G 	chunk_size: 2G 	num_reg: 10  	lose cover RAM: 1008M
[    0.002194]  gran_size: 2G 	chunk_size: 2G 	num_reg: 9  	lose cover RAM: 2032M
[    0.002194] mtrr_cleanup: can not find optimal value
[    0.002195] please specify mtrr_gran_size/mtrr_chunk_size
[    0.002197] e820: update [mem 0x7f000000-0xffffffff] usable ==> reserved
[    0.002199] x2apic: enabled by BIOS, switching to x2apic ops
[    0.002200] last_pfn = 0x6f800 max_arch_pfn = 0x400000000
[    0.013606] check: Scanning 1 areas for low memory corruption
[    0.013610] Using GB pages for direct mapping
[    0.013612] BRK [0x1f7de01000, 0x1f7de01fff] PGTABLE
[    0.013613] BRK [0x1f7de02000, 0x1f7de02fff] PGTABLE
[    0.013614] BRK [0x1f7de03000, 0x1f7de03fff] PGTABLE
[    0.013683] BRK [0x1f7de04000, 0x1f7de04fff] PGTABLE
[    0.013919] BRK [0x1f7de05000, 0x1f7de05fff] PGTABLE
[    0.014009] BRK [0x1f7de06000, 0x1f7de06fff] PGTABLE
[    0.014144] BRK [0x1f7de07000, 0x1f7de07fff] PGTABLE
[    0.014320] BRK [0x1f7de08000, 0x1f7de08fff] PGTABLE
[    0.014444] BRK [0x1f7de09000, 0x1f7de09fff] PGTABLE
[    0.014617] BRK [0x1f7de0a000, 0x1f7de0afff] PGTABLE
[    0.014721] BRK [0x1f7de0b000, 0x1f7de0bfff] PGTABLE
[    0.014978] BRK [0x1f7de0c000, 0x1f7de0cfff] PGTABLE
[    0.015420] Secure boot disabled
[    0.015421] RAMDISK: [mem 0x2065920000-0x207fffffff]
[    0.015427] ACPI: Early table checksum verification disabled
[    0.015429] ACPI: RSDP 0x000000006F7FE014 000024 (v02 DELL  )
[    0.015431] ACPI: XSDT 0x000000006F41C188 0000F4 (v01 DELL   PE_SC3   00000000 DELL 01000013)
[    0.015436] ACPI: FACP 0x000000006F430000 000114 (v06 DELL   PE_SC3   00000000 DELL 00000001)
[    0.015440] ACPI: DSDT 0x000000004B4CE000 07FAD3 (v02 DELL   PE_SC3   00000003 DELL 00000001)
[    0.015443] ACPI: FACS 0x000000006F2F2000 000040
[    0.015446] ACPI: SSDT 0x000000006F7FB000 00159A (v02 INTEL  RAS_ACPI 00000001 INTL 20210331)
[    0.015449] ACPI: SSDT 0x000000006F7FA000 000745 (v02 INTEL  ADDRXLAT 00000001 INTL 20210331)
[    0.015451] ACPI: MCEJ 0x000000006F7F9000 000130 (v01 INTEL           00000001 INTL 0100000D)
[    0.015454] ACPI: BERT 0x000000006F7F8000 000030 (v01 DELL   PE_SC3   00000001 INTL 00000001)
[    0.015457] ACPI: ERST 0x000000006F7F7000 000230 (v01 DELL   PE_SC3   00000001 INTL 00000001)
[    0.015459] ACPI: SSDT 0x000000006F431000 3C524E (v02 INTEL  SSDTNVDR 00001000 INTL 20210331)
[    0.015462] ACPI: HMAT 0x000000006F42F000 000210 (v01 DELL   PE_SC3   00000001 DELL 00000001)
[    0.015465] ACPI: HPET 0x000000006F42E000 000038 (v01 DELL   PE_SC3   00000001 DELL 00000001)
[    0.015467] ACPI: MCFG 0x000000006F42D000 00003C (v01 DELL   PE_SC3   00000001 DELL 00000001)
[    0.015470] ACPI: MIGT 0x000000006F42C000 000040 (v01 DELL   PE_SC3   00000000 DELL 00000001)
[    0.015472] ACPI: MSCT 0x000000006F42B000 000090 (v01 DELL   PE_SC3   00000001 DELL 00000001)
[    0.015475] ACPI: PMTT 0x000000006F429000 0011E8 (v02 DELL   PE_SC3   00000001 DELL 00000001)
[    0.015477] ACPI: WSMT 0x000000006F428000 000028 (v01 DELL   PE_SC3   00000000 DELL 00000001)
[    0.015480] ACPI: APIC 0x000000006F427000 00075E (v04 DELL   PE_SC3   00000000 DELL 00000001)
[    0.015482] ACPI: SLIT 0x000000006F426000 00003C (v01 DELL   PE_SC3   00000001 DELL 01000013)
[    0.015485] ACPI: SRAT 0x000000006F41F000 006430 (v03 DELL   PE_SC3   00000002 DELL 01000013)
[    0.015487] ACPI: OEM4 0x000000004B346000 187A61 (v02 INTEL  CPU  CST 00003000 INTL 20210331)
[    0.015490] ACPI: SSDT 0x000000004B2CF000 0764A5 (v02 INTEL  SSDT  PM 00004000 INTL 20210331)
[    0.015492] ACPI: SSDT 0x000000006F41E000 000A1F (v02 DELL   PE_SC3   00000000 DELL 00000001)
[    0.015495] ACPI: HEST 0x000000006F41D000 00017C (v01 DELL   PE_SC3   00000001 INTL 00000001)
[    0.015497] ACPI: PCAT 0x000000006F41B000 00010C (v19 DELL   PE_SC3   00000002 DELL 00000001)
[    0.015500] ACPI: SSDT 0x000000006F413000 007299 (v02 INTEL  SpsNm    00000002 INTL 20210331)
[    0.015503] ACPI: SSDT 0x000000006F412000 000426 (v02 DELL   PE_SC3   00000002 DELL 00000001)
[    0.015505] ACPI: NFIT 0x000000006F7FD000 000488 (v01 DELL   PE_SC3   00000002 DELL 00000001)
[    0.015508] ACPI: DMAR 0x000000006F411000 000158 (v01 DELL   PE_SC3   00000001 DELL 00000001)
[    0.015516] ACPI: Local APIC address 0xfee00000
[    0.015517] Setting APIC routing to cluster x2apic.
[    0.015563] SRAT: PXM 0 -> APIC 0x0000 -> Node 0
[    0.015564] SRAT: PXM 0 -> APIC 0x0001 -> Node 0
[    0.015564] SRAT: PXM 0 -> APIC 0x0002 -> Node 0
[    0.015565] SRAT: PXM 0 -> APIC 0x0003 -> Node 0
[    0.015565] SRAT: PXM 0 -> APIC 0x0004 -> Node 0
[    0.015566] SRAT: PXM 0 -> APIC 0x0005 -> Node 0
[    0.015566] SRAT: PXM 0 -> APIC 0x0006 -> Node 0
[    0.015566] SRAT: PXM 0 -> APIC 0x0007 -> Node 0
[    0.015567] SRAT: PXM 0 -> APIC 0x0008 -> Node 0
[    0.015567] SRAT: PXM 0 -> APIC 0x0009 -> Node 0
[    0.015568] SRAT: PXM 0 -> APIC 0x000a -> Node 0
[    0.015568] SRAT: PXM 0 -> APIC 0x000b -> Node 0
[    0.015568] SRAT: PXM 0 -> APIC 0x000c -> Node 0
[    0.015569] SRAT: PXM 0 -> APIC 0x000d -> Node 0
[    0.015569] SRAT: PXM 0 -> APIC 0x000e -> Node 0
[    0.015570] SRAT: PXM 0 -> APIC 0x000f -> Node 0
[    0.015570] SRAT: PXM 0 -> APIC 0x0010 -> Node 0
[    0.015571] SRAT: PXM 0 -> APIC 0x0011 -> Node 0
[    0.015571] SRAT: PXM 0 -> APIC 0x0012 -> Node 0
[    0.015571] SRAT: PXM 0 -> APIC 0x0013 -> Node 0
[    0.015572] SRAT: PXM 0 -> APIC 0x0014 -> Node 0
[    0.015572] SRAT: PXM 0 -> APIC 0x0015 -> Node 0
[    0.015573] SRAT: PXM 0 -> APIC 0x0016 -> Node 0
[    0.015573] SRAT: PXM 0 -> APIC 0x0017 -> Node 0
[    0.015574] SRAT: PXM 0 -> APIC 0x0018 -> Node 0
[    0.015574] SRAT: PXM 0 -> APIC 0x0019 -> Node 0
[    0.015574] SRAT: PXM 0 -> APIC 0x001a -> Node 0
[    0.015575] SRAT: PXM 0 -> APIC 0x001b -> Node 0
[    0.015575] SRAT: PXM 0 -> APIC 0x001c -> Node 0
[    0.015576] SRAT: PXM 0 -> APIC 0x001d -> Node 0
[    0.015576] SRAT: PXM 0 -> APIC 0x001e -> Node 0
[    0.015576] SRAT: PXM 0 -> APIC 0x001f -> Node 0
[    0.015577] SRAT: PXM 0 -> APIC 0x0020 -> Node 0
[    0.015577] SRAT: PXM 0 -> APIC 0x0021 -> Node 0
[    0.015578] SRAT: PXM 0 -> APIC 0x0022 -> Node 0
[    0.015578] SRAT: PXM 0 -> APIC 0x0023 -> Node 0
[    0.015578] SRAT: PXM 0 -> APIC 0x0024 -> Node 0
[    0.015579] SRAT: PXM 0 -> APIC 0x0025 -> Node 0
[    0.015579] SRAT: PXM 0 -> APIC 0x0026 -> Node 0
[    0.015580] SRAT: PXM 0 -> APIC 0x0027 -> Node 0
[    0.015580] SRAT: PXM 0 -> APIC 0x0028 -> Node 0
[    0.015580] SRAT: PXM 0 -> APIC 0x0029 -> Node 0
[    0.015581] SRAT: PXM 0 -> APIC 0x002a -> Node 0
[    0.015581] SRAT: PXM 0 -> APIC 0x002b -> Node 0
[    0.015582] SRAT: PXM 0 -> APIC 0x002c -> Node 0
[    0.015582] SRAT: PXM 0 -> APIC 0x002d -> Node 0
[    0.015583] SRAT: PXM 0 -> APIC 0x002e -> Node 0
[    0.015583] SRAT: PXM 0 -> APIC 0x002f -> Node 0
[    0.015583] SRAT: PXM 0 -> APIC 0x0030 -> Node 0
[    0.015584] SRAT: PXM 0 -> APIC 0x0031 -> Node 0
[    0.015584] SRAT: PXM 0 -> APIC 0x0032 -> Node 0
[    0.015585] SRAT: PXM 0 -> APIC 0x0033 -> Node 0
[    0.015585] SRAT: PXM 0 -> APIC 0x0034 -> Node 0
[    0.015585] SRAT: PXM 0 -> APIC 0x0035 -> Node 0
[    0.015586] SRAT: PXM 0 -> APIC 0x0036 -> Node 0
[    0.015586] SRAT: PXM 0 -> APIC 0x0037 -> Node 0
[    0.015587] SRAT: PXM 1 -> APIC 0x0080 -> Node 1
[    0.015587] SRAT: PXM 1 -> APIC 0x0081 -> Node 1
[    0.015588] SRAT: PXM 1 -> APIC 0x0082 -> Node 1
[    0.015588] SRAT: PXM 1 -> APIC 0x0083 -> Node 1
[    0.015588] SRAT: PXM 1 -> APIC 0x0084 -> Node 1
[    0.015589] SRAT: PXM 1 -> APIC 0x0085 -> Node 1
[    0.015589] SRAT: PXM 1 -> APIC 0x0086 -> Node 1
[    0.015590] SRAT: PXM 1 -> APIC 0x0087 -> Node 1
[    0.015590] SRAT: PXM 1 -> APIC 0x0088 -> Node 1
[    0.015590] SRAT: PXM 1 -> APIC 0x0089 -> Node 1
[    0.015591] SRAT: PXM 1 -> APIC 0x008a -> Node 1
[    0.015591] SRAT: PXM 1 -> APIC 0x008b -> Node 1
[    0.015592] SRAT: PXM 1 -> APIC 0x008c -> Node 1
[    0.015592] SRAT: PXM 1 -> APIC 0x008d -> Node 1
[    0.015592] SRAT: PXM 1 -> APIC 0x008e -> Node 1
[    0.015593] SRAT: PXM 1 -> APIC 0x008f -> Node 1
[    0.015593] SRAT: PXM 1 -> APIC 0x0090 -> Node 1
[    0.015594] SRAT: PXM 1 -> APIC 0x0091 -> Node 1
[    0.015594] SRAT: PXM 1 -> APIC 0x0092 -> Node 1
[    0.015595] SRAT: PXM 1 -> APIC 0x0093 -> Node 1
[    0.015595] SRAT: PXM 1 -> APIC 0x0094 -> Node 1
[    0.015595] SRAT: PXM 1 -> APIC 0x0095 -> Node 1
[    0.015596] SRAT: PXM 1 -> APIC 0x0096 -> Node 1
[    0.015596] SRAT: PXM 1 -> APIC 0x0097 -> Node 1
[    0.015597] SRAT: PXM 1 -> APIC 0x0098 -> Node 1
[    0.015597] SRAT: PXM 1 -> APIC 0x0099 -> Node 1
[    0.015597] SRAT: PXM 1 -> APIC 0x009a -> Node 1
[    0.015598] SRAT: PXM 1 -> APIC 0x009b -> Node 1
[    0.015598] SRAT: PXM 1 -> APIC 0x009c -> Node 1
[    0.015599] SRAT: PXM 1 -> APIC 0x009d -> Node 1
[    0.015599] SRAT: PXM 1 -> APIC 0x009e -> Node 1
[    0.015599] SRAT: PXM 1 -> APIC 0x009f -> Node 1
[    0.015600] SRAT: PXM 1 -> APIC 0x00a0 -> Node 1
[    0.015600] SRAT: PXM 1 -> APIC 0x00a1 -> Node 1
[    0.015601] SRAT: PXM 1 -> APIC 0x00a2 -> Node 1
[    0.015601] SRAT: PXM 1 -> APIC 0x00a3 -> Node 1
[    0.015601] SRAT: PXM 1 -> APIC 0x00a4 -> Node 1
[    0.015602] SRAT: PXM 1 -> APIC 0x00a5 -> Node 1
[    0.015602] SRAT: PXM 1 -> APIC 0x00a6 -> Node 1
[    0.015603] SRAT: PXM 1 -> APIC 0x00a7 -> Node 1
[    0.015603] SRAT: PXM 1 -> APIC 0x00a8 -> Node 1
[    0.015603] SRAT: PXM 1 -> APIC 0x00a9 -> Node 1
[    0.015604] SRAT: PXM 1 -> APIC 0x00aa -> Node 1
[    0.015604] SRAT: PXM 1 -> APIC 0x00ab -> Node 1
[    0.015605] SRAT: PXM 1 -> APIC 0x00ac -> Node 1
[    0.015605] SRAT: PXM 1 -> APIC 0x00ad -> Node 1
[    0.015606] SRAT: PXM 1 -> APIC 0x00ae -> Node 1
[    0.015606] SRAT: PXM 1 -> APIC 0x00af -> Node 1
[    0.015606] SRAT: PXM 1 -> APIC 0x00b0 -> Node 1
[    0.015607] SRAT: PXM 1 -> APIC 0x00b1 -> Node 1
[    0.015607] SRAT: PXM 1 -> APIC 0x00b2 -> Node 1
[    0.015608] SRAT: PXM 1 -> APIC 0x00b3 -> Node 1
[    0.015608] SRAT: PXM 1 -> APIC 0x00b4 -> Node 1
[    0.015608] SRAT: PXM 1 -> APIC 0x00b5 -> Node 1
[    0.015609] SRAT: PXM 1 -> APIC 0x00b6 -> Node 1
[    0.015609] SRAT: PXM 1 -> APIC 0x00b7 -> Node 1
[    0.015622] ACPI: SRAT: Node 0 PXM 0 [mem 0x00000000-0x7fffffff]
[    0.015623] ACPI: SRAT: Node 0 PXM 0 [mem 0x100000000-0x107fffffff]
[    0.015624] ACPI: SRAT: Node 2 PXM 2 [mem 0x2080000000-0x9e7fffffff] non-volatile
[    0.015624] ACPI: SRAT: Node 1 PXM 1 [mem 0x1080000000-0x207fffffff]
[    0.015625] ACPI: SRAT: Node 3 PXM 3 [mem 0x9e80000000-0x11c7fffffff] non-volatile
[    0.015634] NUMA: Initialized distance table, cnt=4
[    0.015636] NUMA: Node 0 [mem 0x00000000-0x7fffffff] + [mem 0x100000000-0x107fffffff] -> [mem 0x00000000-0x107fffffff]
[    0.015644] NODE_DATA(0) allocated [mem 0xffffd5000-0xfffffffff]
[    0.015661] NODE_DATA(1) allocated [mem 0x20658f1000-0x206591bfff]
[    0.015827] Zone ranges:
[    0.015827]   DMA      [mem 0x0000000000001000-0x0000000000ffffff]
[    0.015828]   DMA32    [mem 0x0000000001000000-0x00000000ffffffff]
[    0.015829]   Normal   [mem 0x0000000100000000-0x000000207fffffff]
[    0.015830]   Device   empty
[    0.015831] Movable zone start for each node
[    0.015834] Early memory node ranges
[    0.015834]   node   0: [mem 0x0000000000001000-0x000000000008efff]
[    0.015835]   node   0: [mem 0x0000000000090000-0x000000000009ffff]
[    0.015836]   node   0: [mem 0x0000000000100000-0x0000000049e76fff]
[    0.015836]   node   0: [mem 0x000000004ae77000-0x000000004b2cefff]
[    0.015837]   node   0: [mem 0x000000004b54e000-0x000000004bd93fff]
[    0.015837]   node   0: [mem 0x000000004be9a000-0x000000004cdfffff]
[    0.015838]   node   0: [mem 0x000000004d000000-0x000000005eefdfff]
[    0.015838]   node   0: [mem 0x000000006f7ff000-0x000000006f7fffff]
[    0.015839]   node   0: [mem 0x0000000692d00000-0x0000000fffffffff]
[    0.015841]   node   1: [mem 0x0000001ec0000000-0x000000207fffffff]
[    0.016358] Zeroed struct page in unavailable ranges: 54248 pages
[    0.016359] Initmem setup node 0 [mem 0x0000000000001000-0x0000000fffffffff]
[    0.016361] On node 0 totalpages: 10267672
[    0.016362]   DMA zone: 64 pages used for memmap
[    0.016363]   DMA zone: 1102 pages reserved
[    0.016363]   DMA zone: 3998 pages, LIFO batch:0
[    0.016402]   DMA32 zone: 5926 pages used for memmap
[    0.016402]   DMA32 zone: 379258 pages, LIFO batch:63
[    0.022066]   Normal zone: 154444 pages used for memmap
[    0.022067]   Normal zone: 9884416 pages, LIFO batch:63
[    0.125065] Initmem setup node 1 [mem 0x0000001ec0000000-0x000000207fffffff]
[    0.125068] On node 1 totalpages: 1835008
[    0.125069]   Normal zone: 28672 pages used for memmap
[    0.125070]   Normal zone: 1835008 pages, LIFO batch:63
[    0.145125] ACPI: PM-Timer IO Port: 0x508
[    0.145128] ACPI: Local APIC address 0xfee00000
[    0.145146] ACPI: X2APIC_NMI (uid[0xffffffff] high edge lint[0x1])
[    0.145149] ACPI: LAPIC_NMI (acpi_id[0xff] high edge lint[0x1])
[    0.145168] IOAPIC[0]: apic_id 8, version 32, address 0xfec00000, GSI 0-119
[    0.145170] ACPI: INT_SRC_OVR (bus 0 bus_irq 0 global_irq 2 dfl dfl)
[    0.145172] ACPI: INT_SRC_OVR (bus 0 bus_irq 9 global_irq 9 high level)
[    0.145173] ACPI: IRQ0 used by override.
[    0.145175] ACPI: IRQ9 used by override.
[    0.145177] Using ACPI (MADT) for SMP configuration information
[    0.145178] ACPI: HPET id: 0x8086a701 base: 0xfed00000
[    0.145184] smpboot: Allowing 112 CPUs, 0 hotplug CPUs
[    0.145211] PM: Registered nosave memory: [mem 0x00000000-0x00000fff]
[    0.145213] PM: Registered nosave memory: [mem 0x0008f000-0x0008ffff]
[    0.145214] PM: Registered nosave memory: [mem 0x000a0000-0x000fffff]
[    0.145215] PM: Registered nosave memory: [mem 0x47bdd000-0x47bddfff]
[    0.145217] PM: Registered nosave memory: [mem 0x47c0e000-0x47c0efff]
[    0.145218] PM: Registered nosave memory: [mem 0x47c0f000-0x47c0ffff]
[    0.145219] PM: Registered nosave memory: [mem 0x47c41000-0x47c41fff]
[    0.145219] PM: Registered nosave memory: [mem 0x47c42000-0x47c42fff]
[    0.145221] PM: Registered nosave memory: [mem 0x47c74000-0x47c74fff]
[    0.145221] PM: Registered nosave memory: [mem 0x47c75000-0x47c75fff]
[    0.145223] PM: Registered nosave memory: [mem 0x47c7d000-0x47c7dfff]
[    0.145224] PM: Registered nosave memory: [mem 0x49e77000-0x4ae76fff]
[    0.145226] PM: Registered nosave memory: [mem 0x4b2cf000-0x4b54dfff]
[    0.145227] PM: Registered nosave memory: [mem 0x4bd94000-0x4be99fff]
[    0.145229] PM: Registered nosave memory: [mem 0x4ce00000-0x4cffffff]
[    0.145230] PM: Registered nosave memory: [mem 0x5eefe000-0x6e3fefff]
[    0.145231] PM: Registered nosave memory: [mem 0x6e3ff000-0x6f3fefff]
[    0.145231] PM: Registered nosave memory: [mem 0x6f3ff000-0x6f7fefff]
[    0.145233] PM: Registered nosave memory: [mem 0x6f800000-0x8fffffff]
[    0.145233] PM: Registered nosave memory: [mem 0x90000000-0xfdffffff]
[    0.145234] PM: Registered nosave memory: [mem 0xfe000000-0xfe010fff]
[    0.145234] PM: Registered nosave memory: [mem 0xfe011000-0xffffffff]
[    0.145235] PM: Registered nosave memory: [mem 0x100000000-0x692cfffff]
[    0.145236] PM: Registered nosave memory: [mem 0x1000000000-0x1ebfffffff]
[    0.145238] [mem 0x90000000-0xfdffffff] available for PCI devices
[    0.145239] Booting paravirtualized kernel on bare hardware
[    0.145242] clocksource: refined-jiffies: mask: 0xffffffff max_cycles: 0xffffffff, max_idle_ns: 7645519600211568 ns
[    0.145249] setup_percpu: NR_CPUS:8192 nr_cpumask_bits:112 nr_cpu_ids:112 nr_node_ids:4
[    0.149782] percpu: Embedded 55 pages/cpu s188416 r8192 d28672 u262144
[    0.149791] pcpu-alloc: s188416 r8192 d28672 u262144 alloc=1*2097152
[    0.149792] pcpu-alloc: [0] 000 002 004 006 008 010 012 014 
[    0.149795] pcpu-alloc: [0] 016 018 020 022 024 026 028 030 
[    0.149797] pcpu-alloc: [0] 032 034 036 038 040 042 044 046 
[    0.149798] pcpu-alloc: [0] 048 050 052 054 056 058 060 062 
[    0.149800] pcpu-alloc: [0] 064 066 068 070 072 074 076 078 
[    0.149801] pcpu-alloc: [0] 080 082 084 086 088 090 092 094 
[    0.149802] pcpu-alloc: [0] 096 098 100 102 104 106 108 110 
[    0.149804] pcpu-alloc: [1] 001 003 005 007 009 011 013 015 
[    0.149805] pcpu-alloc: [1] 017 019 021 023 025 027 029 031 
[    0.149807] pcpu-alloc: [1] 033 035 037 039 041 043 045 047 
[    0.149808] pcpu-alloc: [1] 049 051 053 055 057 059 061 063 
[    0.149809] pcpu-alloc: [1] 065 067 069 071 073 075 077 079 
[    0.149811] pcpu-alloc: [1] 081 083 085 087 089 091 093 095 
[    0.149812] pcpu-alloc: [1] 097 099 101 103 105 107 109 111 
[    0.149858] Built 2 zonelists, mobility grouping on.  Total pages: 11912472
[    0.149859] Policy zone: Normal
[    0.149861] Kernel command line: BOOT_IMAGE=/boot/vmlinuz-5.3.1-multiclock root=UUID=ce0c24b8-724b-4f33-9b2c-618433560aef ro memmap=22829M!4096M memmap=59G!64G quiet splash nomodeset vt.handoff=1
[    0.149973] You have booted with nomodeset. This means your GPU drivers are DISABLED
[    0.149974] Any video related functionality will be severely degraded, and you may not even be able to suspend the system properly
[    0.149974] Unless you actually understand what nomodeset does, you should reboot without enabling it
[    0.149991] printk: log_buf_len individual max cpu contribution: 4096 bytes
[    0.149992] printk: log_buf_len total cpu_extra contributions: 454656 bytes
[    0.149992] printk: log_buf_len min size: 262144 bytes
[    0.150157] printk: log_buf_len: 1048576 bytes
[    0.150158] printk: early log buf free: 221788(84%)
[    0.151664] mem auto-init: stack:off, heap alloc:on, heap free:off
[    0.157664] Calgary: detecting Calgary via BIOS EBDA area
[    0.157665] Calgary: Unable to locate Rio Grande table in EBDA - bailing!
[    0.257196] Memory: 46964512K/48410720K available (14339K kernel code, 2373K rwdata, 4660K rodata, 2680K init, 5056K bss, 1446208K reserved, 0K cma-reserved)
[    0.257822] SLUB: HWalign=64, Order=0-3, MinObjects=0, CPUs=112, Nodes=4
[    0.257853] ftrace: allocating 43047 entries in 169 pages
[    0.274799] rcu: Hierarchical RCU implementation.
[    0.274800] rcu: 	RCU restricting CPUs from NR_CPUS=8192 to nr_cpu_ids=112.
[    0.274801] 	Tasks RCU enabled.
[    0.274802] rcu: RCU calculated value of scheduler-enlistment delay is 25 jiffies.
[    0.274802] rcu: Adjusting geometry for rcu_fanout_leaf=16, nr_cpu_ids=112
[    0.277454] NR_IRQS: 524544, nr_irqs: 2952, preallocated irqs: 16
[    0.277859] random: crng done (trusting CPU's manufacturer)
[    0.278038] Console: colour dummy device 80x25
[    0.278053] printk: console [tty0] enabled
[    0.278144] mempolicy: Enabling automatic NUMA balancing. Configure with numa_balancing= or the kernel.numa_balancing sysctl
[    0.278147] ACPI: Core revision 20190703
[    0.281577] clocksource: hpet: mask: 0xffffffff max_cycles: 0xffffffff, max_idle_ns: 79635855245 ns
[    0.281622] APIC: Switch to symmetric I/O mode setup
[    0.281624] DMAR: Host address width 46
[    0.281626] DMAR: DRHD base: 0x000000d0ffc000 flags: 0x0
[    0.281630] DMAR: dmar0: reg_base_addr d0ffc000 ver 4:0 cap 8ed008c40780466 ecap 60000f050df
[    0.281631] DMAR: DRHD base: 0x000000dbbfc000 flags: 0x0
[    0.281635] DMAR: dmar1: reg_base_addr dbbfc000 ver 4:0 cap 8ed008c40780466 ecap 60000f050df
[    0.281636] DMAR: DRHD base: 0x000000e67fc000 flags: 0x0
[    0.281639] DMAR: dmar2: reg_base_addr e67fc000 ver 4:0 cap 8ed008c40780466 ecap 60000f050df
[    0.281640] DMAR: DRHD base: 0x000000f13fc000 flags: 0x0
[    0.281643] DMAR: dmar3: reg_base_addr f13fc000 ver 4:0 cap 8ed008c40780466 ecap 60000f050df
[    0.281644] DMAR: DRHD base: 0x000000fb7fc000 flags: 0x0
[    0.281646] DMAR: dmar4: reg_base_addr fb7fc000 ver 4:0 cap 8ed008c40780466 ecap 60000f050df
[    0.281647] DMAR: DRHD base: 0x000000a63fc000 flags: 0x0
[    0.281650] DMAR: dmar5: reg_base_addr a63fc000 ver 4:0 cap 8ed008c40780466 ecap 60000f050df
[    0.281651] DMAR: DRHD base: 0x000000b0ffc000 flags: 0x0
[    0.281653] DMAR: dmar6: reg_base_addr b0ffc000 ver 4:0 cap 8ed008c40780466 ecap 60000f050df
[    0.281654] DMAR: DRHD base: 0x000000bbbfc000 flags: 0x0
[    0.281658] DMAR: dmar7: reg_base_addr bbbfc000 ver 4:0 cap 8ed008c40780466 ecap 60000f050df
[    0.281659] DMAR: DRHD base: 0x000000c5ffc000 flags: 0x0
[    0.281661] DMAR: dmar8: reg_base_addr c5ffc000 ver 4:0 cap 8ed008c40780466 ecap 60000f050df
[    0.281662] DMAR: DRHD base: 0x0000009b7fc000 flags: 0x1
[    0.281665] DMAR: dmar9: reg_base_addr 9b7fc000 ver 4:0 cap 8ed008c40780466 ecap 60000f050df
[    0.281665] DMAR: RMRR base: 0x00000069427000 end: 0x00000069429fff
[    0.281666] DMAR: ATSR flags: 0x0
[    0.281668] DMAR-IR: IOAPIC id 8 under DRHD base  0x9b7fc000 IOMMU 9
[    0.281669] DMAR-IR: HPET id 0 under DRHD base 0x9b7fc000
[    0.281670] DMAR-IR: Queued invalidation will be enabled to support x2apic and Intr-remapping.
[    0.284193] DMAR-IR: Enabled IRQ remapping in x2apic mode
[    0.286826] ..TIMER: vector=0x30 apic1=0 pin1=2 apic2=-1 pin2=-1
[    0.305547] clocksource: tsc-early: mask: 0xffffffffffffffff max_cycles: 0x39a85c9bff6, max_idle_ns: 881590591483 ns
[    0.305553] Calibrating delay loop (skipped), value calculated using timer frequency.. 4000.00 BogoMIPS (lpj=8000000)
[    0.305555] pid_max: default: 114688 minimum: 896
[    0.309533] LSM: Security Framework initializing
[    0.309567] Yama: becoming mindful.
[    0.309937] AppArmor: AppArmor initialized
[    0.319048] Dentry cache hash table entries: 8388608 (order: 14, 67108864 bytes, vmalloc)
[    0.323616] Inode-cache hash table entries: 4194304 (order: 13, 33554432 bytes, vmalloc)
[    0.323819] Mount-cache hash table entries: 131072 (order: 8, 1048576 bytes, vmalloc)
[    0.323963] Mountpoint-cache hash table entries: 131072 (order: 8, 1048576 bytes, vmalloc)
[    0.324272] *** VALIDATE proc ***
[    0.324509] *** VALIDATE cgroup1 ***
[    0.324510] *** VALIDATE cgroup2 ***
[    0.324633] x86/tme: not enabled by BIOS
[    0.324636] x86/cpu: User Mode Instruction Prevention (UMIP) activated
[    0.324713] mce: CPU0: Thermal monitoring enabled (TM1)
[    0.324923] process: using mwait in idle threads
[    0.324925] Last level iTLB entries: 4KB 0, 2MB 0, 4MB 0
[    0.324926] Last level dTLB entries: 4KB 0, 2MB 0, 4MB 0, 1GB 0
[    0.324929] Spectre V1 : Mitigation: usercopy/swapgs barriers and __user pointer sanitization
[    0.324931] Spectre V2 : Mitigation: Enhanced IBRS
[    0.324932] Spectre V2 : Spectre v2 / SpectreRSB mitigation: Filling RSB on context switch
[    0.324933] Spectre V2 : mitigation: Enabling conditional Indirect Branch Prediction Barrier
[    0.324934] Speculative Store Bypass: Mitigation: Speculative Store Bypass disabled via prctl and seccomp
[    0.325233] Freeing SMP alternatives memory: 40K
[    0.333673] TSC deadline timer enabled
[    0.333682] smpboot: CPU0: Intel(R) Xeon(R) Gold 6330 CPU @ 2.00GHz (family: 0x6, model: 0x6a, stepping: 0x6)
[    0.333869] Performance Events: PEBS fmt4+-baseline, Icelake events, 32-deep LBR, full-width counters, Intel PMU driver.
[    0.333875] ... version:                5
[    0.333875] ... bit width:              48
[    0.333876] ... generic registers:      8
[    0.333876] ... value mask:             0000ffffffffffff
[    0.333877] ... max period:             00007fffffffffff
[    0.333877] ... fixed-purpose events:   4
[    0.333877] ... event mask:             0000000f000000ff
[    0.333988] rcu: Hierarchical SRCU implementation.
[    0.341317] NMI watchdog: Enabled. Permanently consumes one hw-PMU counter.
[    0.342627] smp: Bringing up secondary CPUs ...
[    0.342745] x86: Booting SMP configuration:
[    0.342747] .... node  #1, CPUs:          #1
[    0.003754] smpboot: CPU 1 Converting physical 0 to logical die 1
[    0.429658] .... node  #0, CPUs:     #2
[    0.435007] .... node  #1, CPUs:     #3
[    0.440407] .... node  #0, CPUs:     #4
[    0.445764] .... node  #1, CPUs:     #5
[    0.451114] .... node  #0, CPUs:     #6
[    0.456661] .... node  #1, CPUs:     #7
[    0.462221] .... node  #0, CPUs:     #8
[    0.467471] .... node  #1, CPUs:     #9
[    0.473187] .... node  #0, CPUs:    #10
[    0.478868] .... node  #1, CPUs:    #11
[    0.484584] .... node  #0, CPUs:    #12
[    0.490063] .... node  #1, CPUs:    #13
[    0.495393] .... node  #0, CPUs:    #14
[    0.500603] .... node  #1, CPUs:    #15
[    0.505904] .... node  #0, CPUs:    #16
[    0.511138] .... node  #1, CPUs:    #17
[    0.516418] .... node  #0, CPUs:    #18
[    0.521719] .... node  #1, CPUs:    #19
[    0.527256] .... node  #0, CPUs:    #20
[    0.532449] .... node  #1, CPUs:    #21
[    0.538032] .... node  #0, CPUs:    #22
[    0.543435] .... node  #1, CPUs:    #23
[    0.548680] .... node  #0, CPUs:    #24
[    0.554276] .... node  #1, CPUs:    #25
[    0.559567] .... node  #0, CPUs:    #26
[    0.564745] .... node  #1, CPUs:    #27
[    0.570024] .... node  #0, CPUs:    #28
[    0.575493] .... node  #1, CPUs:    #29
[    0.580758] .... node  #0, CPUs:    #30
[    0.585939] .... node  #1, CPUs:    #31
[    0.591382] .... node  #0, CPUs:    #32
[    0.596640] .... node  #1, CPUs:    #33
[    0.601977] .... node  #0, CPUs:    #34
[    0.607394] .... node  #1, CPUs:    #35
[    0.612676] .... node  #0, CPUs:    #36
[    0.617857] .... node  #1, CPUs:    #37
[    0.623145] .... node  #0, CPUs:    #38
[    0.628673] .... node  #1, CPUs:    #39
[    0.634171] .... node  #0, CPUs:    #40
[    0.639747] .... node  #1, CPUs:    #41
[    0.645659] .... node  #0, CPUs:    #42
[    0.650724] .... node  #1, CPUs:    #43
[    0.656349] .... node  #0, CPUs:    #44
[    0.661702] .... node  #1, CPUs:    #45
[    0.667111] .... node  #0, CPUs:    #46
[    0.672617] .... node  #1, CPUs:    #47
[    0.678030] .... node  #0, CPUs:    #48
[    0.683322] .... node  #1, CPUs:    #49
[    0.688741] .... node  #0, CPUs:    #50
[    0.694179] .... node  #1, CPUs:    #51
[    0.699802] .... node  #0, CPUs:    #52
[    0.705237] .... node  #1, CPUs:    #53
[    0.710787] .... node  #0, CPUs:    #54
[    0.716462] .... node  #1, CPUs:    #55
[    0.722233] .... node  #0, CPUs:    #56
[    0.727799] .... node  #1, CPUs:    #57
[    0.733665] .... node  #0, CPUs:    #58
[    0.739041] .... node  #1, CPUs:    #59
[    0.744463] .... node  #0, CPUs:    #60
[    0.749799] .... node  #1, CPUs:    #61
[    0.755179] .... node  #0, CPUs:    #62
[    0.760739] .... node  #1, CPUs:    #63
[    0.766310] .... node  #0, CPUs:    #64
[    0.771590] .... node  #1, CPUs:    #65
[    0.777311] .... node  #0, CPUs:    #66
[    0.782999] .... node  #1, CPUs:    #67
[    0.788735] .... node  #0, CPUs:    #68
[    0.794231] .... node  #1, CPUs:    #69
[    0.799578] .... node  #0, CPUs:    #70
[    0.804774] .... node  #1, CPUs:    #71
[    0.810085] .... node  #0, CPUs:    #72
[    0.815333] .... node  #1, CPUs:    #73
[    0.820641] .... node  #0, CPUs:    #74
[    0.825880] .... node  #1, CPUs:    #75
[    0.831519] .... node  #0, CPUs:    #76
[    0.836742] .... node  #1, CPUs:    #77
[    0.842342] .... node  #0, CPUs:    #78
[    0.847753] .... node  #1, CPUs:    #79
[    0.853029] .... node  #0, CPUs:    #80
[    0.858627] .... node  #1, CPUs:    #81
[    0.863953] .... node  #0, CPUs:    #82
[    0.869151] .... node  #1, CPUs:    #83
[    0.874442] .... node  #0, CPUs:    #84
[    0.879938] .... node  #1, CPUs:    #85
[    0.885214] .... node  #0, CPUs:    #86
[    0.890421] .... node  #1, CPUs:    #87
[    0.895886] .... node  #0, CPUs:    #88
[    0.901154] .... node  #1, CPUs:    #89
[    0.906521] .... node  #0, CPUs:    #90
[    0.911938] .... node  #1, CPUs:    #91
[    0.917241] .... node  #0, CPUs:    #92
[    0.922436] .... node  #1, CPUs:    #93
[    0.927740] .... node  #0, CPUs:    #94
[    0.933287] .... node  #1, CPUs:    #95
[    0.938796] .... node  #0, CPUs:    #96
[    0.944383] .... node  #1, CPUs:    #97
[    0.950116] .... node  #0, CPUs:    #98
[    0.955409] .... node  #1, CPUs:    #99
[    0.961042] .... node  #0, CPUs:   #100
[    0.966362] .... node  #1, CPUs:   #101
[    0.971827] .... node  #0, CPUs:   #102
[    0.977612] .... node  #1, CPUs:   #103
[    0.982788] .... node  #0, CPUs:   #104
[    0.988109] .... node  #1, CPUs:   #105
[    0.993656] .... node  #0, CPUs:   #106
[    0.998997] .... node  #1, CPUs:   #107
[    1.004626] .... node  #0, CPUs:   #108
[    1.010055] .... node  #1, CPUs:   #109
[    1.015647] .... node  #0, CPUs:   #110
[    1.021588] .... node  #1, CPUs:   #111
[    1.027118] smp: Brought up 2 nodes, 112 CPUs
[    1.027118] smpboot: Max logical packages: 2
[    1.027118] smpboot: Total of 112 processors activated (448066.22 BogoMIPS)
[    1.036375] devtmpfs: initialized
[    1.036375] x86/mm: Memory block size: 2048MB
[    1.036375] PM: Registering ACPI NVS region [mem 0x49e77000-0x4ae76fff] (16777216 bytes)
[    1.036375] PM: Registering ACPI NVS region [mem 0x6e3ff000-0x6f3fefff] (16777216 bytes)
[    1.037572] clocksource: jiffies: mask: 0xffffffff max_cycles: 0xffffffff, max_idle_ns: 7645041785100000 ns
[    1.037879] futex hash table entries: 32768 (order: 9, 2097152 bytes, vmalloc)
[    1.038475] pinctrl core: initialized pinctrl subsystem
[    1.038607] PM: RTC time: 03:34:37, date: 2024-05-18
[    1.038869] NET: Registered protocol family 16
[    1.038985] audit: initializing netlink subsys (disabled)
[    1.038990] audit: type=2000 audit(1716003276.760:1): state=initialized audit_enabled=0 res=1
[    1.038990] EISA bus registered
[    1.038990] cpuidle: using governor ladder
[    1.038990] cpuidle: using governor menu
[    1.038990] ACPI FADT declares the system doesn't support PCIe ASPM, so disable it
[    1.038990] ACPI: bus type PCI registered
[    1.038990] acpiphp: ACPI Hot Plug PCI Controller Driver version: 0.5
[    1.038990] PCI: MMCONFIG for domain 0000 [bus 00-ff] at [mem 0x80000000-0x8fffffff] (base 0x80000000)
[    1.038990] PCI: MMCONFIG at [mem 0x80000000-0x8fffffff] reserved in E820
[    1.038990] pmd_set_huge: Cannot satisfy [mem 0x80000000-0x80200000] with a huge-page mapping due to MTRR override.
[    1.038990] PCI: Using configuration type 1 for base access
[    1.038990] PCI: Dell System detected, enabling pci=bfsort.
[    1.041559] ENERGY_PERF_BIAS: Set to 'normal', was 'performance'
[    1.045843] HugeTLB registered 1.00 GiB page size, pre-allocated 0 pages
[    1.045843] HugeTLB registered 2.00 MiB page size, pre-allocated 0 pages
[    1.049958] ACPI: Added _OSI(Module Device)
[    1.049959] ACPI: Added _OSI(Processor Device)
[    1.049959] ACPI: Added _OSI(3.0 _SCP Extensions)
[    1.049960] ACPI: Added _OSI(Processor Aggregator Device)
[    1.049961] ACPI: Added _OSI(Linux-Dell-Video)
[    1.049962] ACPI: Added _OSI(Linux-Lenovo-NV-HDMI-Audio)
[    1.049963] ACPI: Added _OSI(Linux-HPI-Hybrid-Graphics)
[    1.214243] ACPI: 8 ACPI AML tables successfully acquired and loaded
[    1.221343] ACPI: [Firmware Bug]: BIOS _OSI(Linux) query ignored
[    1.227961] ACPI: Dynamic OEM Table Load:
[    1.618801] ACPI: Interpreter enabled
[    1.618820] ACPI: (supports S0 S5)
[    1.618821] ACPI: Using IOAPIC for interrupt routing
[    1.618910] HEST: Table parsing has been initialized.
[    1.618913] PCI: Using host bridge windows from ACPI; if necessary, use "pci=nocrs" and report a bug
[    1.647534] ACPI: Enabled 4 GPEs in block 00 to 7F
[    1.771492] ACPI: PCI Root Bridge [PC00] (domain 0000 [bus 00-15])
[    1.771497] acpi PNP0A08:00: _OSC: OS supports [ExtendedConfig ASPM ClockPM Segments MSI HPX-Type3]
[    1.771577] acpi PNP0A08:00: PCIe AER handled by firmware
[    1.771689] acpi PNP0A08:00: _OSC: platform does not support [SHPCHotplug LTR]
[    1.771895] acpi PNP0A08:00: _OSC: OS now controls [PCIeHotplug PME PCIeCapability]
[    1.771896] acpi PNP0A08:00: FADT indicates ASPM is unsupported, using BIOS configuration
[    1.773706] PCI host bridge to bus 0000:00
[    1.773708] pci_bus 0000:00: root bus resource [io  0x0000-0x0cf7 window]
[    1.773709] pci_bus 0000:00: root bus resource [io  0x1000-0x4fff window]
[    1.773710] pci_bus 0000:00: root bus resource [mem 0x000a0000-0x000bffff window]
[    1.773711] pci_bus 0000:00: root bus resource [mem 0x000c8000-0x000cffff window]
[    1.773712] pci_bus 0000:00: root bus resource [mem 0xfe010000-0xfe010fff window]
[    1.773713] pci_bus 0000:00: root bus resource [mem 0x90000000-0x9b7fffff window]
[    1.773714] pci_bus 0000:00: root bus resource [mem 0x200000000000-0x20ffffffffff window]
[    1.773716] pci_bus 0000:00: root bus resource [bus 00-15]
[    1.773728] pci 0000:00:00.0: [8086:09a2] type 00 class 0x088000
[    1.774467] pci 0000:00:00.1: [8086:09a4] type 00 class 0x088000
[    1.775187] pci 0000:00:00.2: [8086:09a3] type 00 class 0x088000
[    1.775907] pci 0000:00:00.4: [8086:0998] type 00 class 0x060000
[    1.776631] pci 0000:00:02.0: [8086:09a6] type 00 class 0x088000
[    1.776641] pci 0000:00:02.0: reg 0x10: [mem 0x92dfc000-0x92dfdfff]
[    1.777353] pci 0000:00:02.1: [8086:09a7] type 00 class 0x088000
[    1.777363] pci 0000:00:02.1: reg 0x10: [mem 0x92d00000-0x92d7ffff]
[    1.777368] pci 0000:00:02.1: reg 0x14: [mem 0x92c80000-0x92cfffff]
[    1.778082] pci 0000:00:02.4: [8086:3456] type 00 class 0x130000
[    1.778093] pci 0000:00:02.4: reg 0x10: [mem 0x92a00000-0x92afffff 64bit]
[    1.778099] pci 0000:00:02.4: reg 0x18: [mem 0x92df0000-0x92df3fff 64bit]
[    1.778105] pci 0000:00:02.4: reg 0x20: [mem 0x92dc0000-0x92ddffff 64bit]
[    1.778828] pci 0000:00:11.0: [8086:a1ec] type 00 class 0xff0000
[    1.779613] pci 0000:00:11.5: [8086:a1d2] type 00 class 0x010601
[    1.779630] pci 0000:00:11.5: reg 0x10: [mem 0x92dfa000-0x92dfbfff]
[    1.779637] pci 0000:00:11.5: reg 0x14: [mem 0x92e05000-0x92e050ff]
[    1.779644] pci 0000:00:11.5: reg 0x18: [io  0x2068-0x206f]
[    1.779651] pci 0000:00:11.5: reg 0x1c: [io  0x2074-0x2077]
[    1.779658] pci 0000:00:11.5: reg 0x20: [io  0x2040-0x205f]
[    1.779665] pci 0000:00:11.5: reg 0x24: [mem 0x92b80000-0x92bfffff]
[    1.779703] pci 0000:00:11.5: PME# supported from D3hot
[    1.780435] pci 0000:00:14.0: [8086:a1af] type 00 class 0x0c0330
[    1.780456] pci 0000:00:14.0: reg 0x10: [mem 0x92de0000-0x92deffff 64bit]
[    1.780520] pci 0000:00:14.0: PME# supported from D3hot D3cold
[    1.781247] pci 0000:00:14.2: [8086:a1b1] type 00 class 0x118000
[    1.781267] pci 0000:00:14.2: reg 0x10: [mem 0x92e02000-0x92e02fff 64bit]
[    1.782028] pci 0000:00:16.0: [8086:a1ba] type 00 class 0x078000
[    1.782055] pci 0000:00:16.0: reg 0x10: [mem 0x92e01000-0x92e01fff 64bit]
[    1.782140] pci 0000:00:16.0: PME# supported from D3hot
[    1.782836] pci 0000:00:16.1: [8086:a1bb] type 00 class 0x078000
[    1.782864] pci 0000:00:16.1: reg 0x10: [mem 0x92e00000-0x92e00fff 64bit]
[    1.782947] pci 0000:00:16.1: PME# supported from D3hot
[    1.783648] pci 0000:00:16.4: [8086:a1be] type 00 class 0x078000
[    1.783676] pci 0000:00:16.4: reg 0x10: [mem 0x92dff000-0x92dfffff 64bit]
[    1.783760] pci 0000:00:16.4: PME# supported from D3hot
[    1.784460] pci 0000:00:17.0: [8086:a182] type 00 class 0x010601
[    1.784476] pci 0000:00:17.0: reg 0x10: [mem 0x92df8000-0x92df9fff]
[    1.784483] pci 0000:00:17.0: reg 0x14: [mem 0x92e04000-0x92e040ff]
[    1.784490] pci 0000:00:17.0: reg 0x18: [io  0x2060-0x2067]
[    1.784497] pci 0000:00:17.0: reg 0x1c: [io  0x2070-0x2073]
[    1.784504] pci 0000:00:17.0: reg 0x20: [io  0x2020-0x203f]
[    1.784510] pci 0000:00:17.0: reg 0x24: [mem 0x92b00000-0x92b7ffff]
[    1.784548] pci 0000:00:17.0: PME# supported from D3hot
[    1.785279] pci 0000:00:1c.0: [8086:a190] type 01 class 0x060400
[    1.785358] pci 0000:00:1c.0: PME# supported from D0 D3hot D3cold
[    1.786142] pci 0000:00:1c.4: [8086:a194] type 01 class 0x060400
[    1.786214] pci 0000:00:1c.4: PME# supported from D0 D3hot D3cold
[    1.786985] pci 0000:00:1c.5: [8086:a195] type 01 class 0x060400
[    1.787058] pci 0000:00:1c.5: PME# supported from D0 D3hot D3cold
[    1.787835] pci 0000:00:1f.0: [8086:a1cb] type 00 class 0x060100
[    1.788658] pci 0000:00:1f.2: [8086:a1a1] type 00 class 0x058000
[    1.788674] pci 0000:00:1f.2: reg 0x10: [mem 0x92df4000-0x92df7fff]
[    1.789440] pci 0000:00:1f.4: [8086:a1a3] type 00 class 0x0c0500
[    1.789460] pci 0000:00:1f.4: reg 0x10: [mem 0x92dfe000-0x92dfe0ff 64bit]
[    1.789482] pci 0000:00:1f.4: reg 0x20: [io  0x2000-0x201f]
[    1.790192] pci 0000:00:1f.5: [8086:a1a4] type 00 class 0x0c8000
[    1.790208] pci 0000:00:1f.5: reg 0x10: [mem 0xfe010000-0xfe010fff]
[    1.790976] pci 0000:00:1c.0: PCI bridge to [bus 01]
[    1.791025] pci 0000:02:00.0: [1556:be00] type 01 class 0x060400
[    1.791195] pci 0000:00:1c.4: PCI bridge to [bus 02-03]
[    1.791199] pci 0000:00:1c.4:   bridge window [mem 0x92000000-0x928fffff]
[    1.791203] pci 0000:00:1c.4:   bridge window [mem 0x91000000-0x91ffffff 64bit pref]
[    1.791235] pci_bus 0000:03: extended config space not accessible
[    1.791252] pci 0000:03:00.0: [102b:0536] type 00 class 0x030000
[    1.791271] pci 0000:03:00.0: reg 0x10: [mem 0x91000000-0x91ffffff pref]
[    1.791281] pci 0000:03:00.0: reg 0x14: [mem 0x92808000-0x9280bfff]
[    1.791292] pci 0000:03:00.0: reg 0x18: [mem 0x92000000-0x927fffff]
[    1.791339] pci 0000:03:00.0: BAR 0: assigned to efifb
[    1.791434] pci 0000:02:00.0: PCI bridge to [bus 03]
[    1.791442] pci 0000:02:00.0:   bridge window [mem 0x92000000-0x928fffff]
[    1.791448] pci 0000:02:00.0:   bridge window [mem 0x91000000-0x91ffffff 64bit pref]
[    1.791514] pci 0000:04:00.0: [14e4:165f] type 00 class 0x020000
[    1.791545] pci 0000:04:00.0: reg 0x10: [mem 0x92930000-0x9293ffff 64bit pref]
[    1.791561] pci 0000:04:00.0: reg 0x18: [mem 0x92940000-0x9294ffff 64bit pref]
[    1.791576] pci 0000:04:00.0: reg 0x20: [mem 0x92950000-0x9295ffff 64bit pref]
[    1.791586] pci 0000:04:00.0: reg 0x30: [mem 0xfffc0000-0xffffffff pref]
[    1.791679] pci 0000:04:00.0: PME# supported from D0 D3hot D3cold
[    1.791717] pci 0000:04:00.0: 4.000 Gb/s available PCIe bandwidth, limited by 5 GT/s x1 link at 0000:00:1c.5 (capable of 8.000 Gb/s with 5 GT/s x2 link)
[    1.791851] pci 0000:04:00.1: [14e4:165f] type 00 class 0x020000
[    1.791883] pci 0000:04:00.1: reg 0x10: [mem 0x92900000-0x9290ffff 64bit pref]
[    1.791898] pci 0000:04:00.1: reg 0x18: [mem 0x92910000-0x9291ffff 64bit pref]
[    1.791914] pci 0000:04:00.1: reg 0x20: [mem 0x92920000-0x9292ffff 64bit pref]
[    1.791924] pci 0000:04:00.1: reg 0x30: [mem 0xfffc0000-0xffffffff pref]
[    1.792016] pci 0000:04:00.1: PME# supported from D0 D3hot D3cold
[    1.792165] pci 0000:00:1c.5: PCI bridge to [bus 04]
[    1.792171] pci 0000:00:1c.5:   bridge window [mem 0x92900000-0x929fffff 64bit pref]
[    1.792185] pci_bus 0000:00: on NUMA node 0
[    1.792740] ACPI: PCI Root Bridge [PC01] (domain 0000 [bus 16-2f])
[    1.792742] acpi PNP0A08:01: _OSC: OS supports [ExtendedConfig ASPM ClockPM Segments MSI HPX-Type3]
[    1.792840] acpi PNP0A08:01: PCIe AER handled by firmware
[    1.792947] acpi PNP0A08:01: _OSC: platform does not support [SHPCHotplug]
[    1.793147] acpi PNP0A08:01: _OSC: OS now controls [PCIeHotplug PME PCIeCapability LTR]
[    1.793148] acpi PNP0A08:01: FADT indicates ASPM is unsupported, using BIOS configuration
[    1.793271] PCI host bridge to bus 0000:16
[    1.793272] pci_bus 0000:16: root bus resource [io  0x5000-0x6fff window]
[    1.793273] pci_bus 0000:16: root bus resource [mem 0x9b800000-0xa63fffff window]
[    1.793273] pci_bus 0000:16: root bus resource [mem 0x210000000000-0x21ffffffffff window]
[    1.793274] pci_bus 0000:16: root bus resource [bus 16-2f]
[    1.793281] pci 0000:16:00.0: [8086:09a2] type 00 class 0x088000
[    1.793348] pci 0000:16:00.1: [8086:09a4] type 00 class 0x088000
[    1.793411] pci 0000:16:00.2: [8086:09a3] type 00 class 0x088000
[    1.793475] pci 0000:16:00.4: [8086:0998] type 00 class 0x060000
[    1.793536] pci 0000:16:02.0: [8086:347a] type 01 class 0x060400
[    1.793549] pci 0000:16:02.0: reg 0x10: [mem 0x21fffff00000-0x21fffff1ffff 64bit]
[    1.793586] pci 0000:16:02.0: PME# supported from D0 D3hot D3cold
[    1.793890] pci 0000:17:00.0: [1000:10e2] type 00 class 0x010400
[    1.793910] pci 0000:17:00.0: reg 0x10: [mem 0x9b800000-0x9b8fffff 64bit pref]
[    1.793918] pci 0000:17:00.0: reg 0x18: [mem 0x9b900000-0x9b9fffff 64bit pref]
[    1.793923] pci 0000:17:00.0: reg 0x20: [mem 0x9ba00000-0x9bafffff]
[    1.793928] pci 0000:17:00.0: reg 0x24: [io  0x5000-0x50ff]
[    1.793934] pci 0000:17:00.0: reg 0x30: [mem 0xfff00000-0xffffffff pref]
[    1.795172] pci 0000:17:00.0: supports D1 D2
[    1.795222] pci 0000:16:02.0: PCI bridge to [bus 17]
[    1.795224] pci 0000:16:02.0:   bridge window [io  0x5000-0x5fff]
[    1.795225] pci 0000:16:02.0:   bridge window [mem 0x9ba00000-0x9bafffff]
[    1.795228] pci 0000:16:02.0:   bridge window [mem 0x9b800000-0x9b9fffff 64bit pref]
[    1.795233] pci_bus 0000:16: on NUMA node 0
[    1.795297] ACPI: PCI Root Bridge [PC02] (domain 0000 [bus 30-49])
[    1.795300] acpi PNP0A08:02: _OSC: OS supports [ExtendedConfig ASPM ClockPM Segments MSI HPX-Type3]
[    1.795394] acpi PNP0A08:02: PCIe AER handled by firmware
[    1.795500] acpi PNP0A08:02: _OSC: platform does not support [SHPCHotplug]
[    1.795700] acpi PNP0A08:02: _OSC: OS now controls [PCIeHotplug PME PCIeCapability LTR]
[    1.795701] acpi PNP0A08:02: FADT indicates ASPM is unsupported, using BIOS configuration
[    1.795818] PCI host bridge to bus 0000:30
[    1.795819] pci_bus 0000:30: root bus resource [io  0x7000-0x8fff window]
[    1.795820] pci_bus 0000:30: root bus resource [mem 0xa6400000-0xb0ffffff window]
[    1.795822] pci_bus 0000:30: root bus resource [mem 0x220000000000-0x22ffffffffff window]
[    1.795823] pci_bus 0000:30: root bus resource [bus 30-49]
[    1.795830] pci 0000:30:00.0: [8086:09a2] type 00 class 0x088000
[    1.795895] pci 0000:30:00.1: [8086:09a4] type 00 class 0x088000
[    1.795956] pci 0000:30:00.2: [8086:09a3] type 00 class 0x088000
[    1.796019] pci 0000:30:00.4: [8086:0998] type 00 class 0x060000
[    1.796090] pci_bus 0000:30: on NUMA node 0
[    1.796176] ACPI: PCI Root Bridge [PC04] (domain 0000 [bus 4a-63])
[    1.796178] acpi PNP0A08:04: _OSC: OS supports [ExtendedConfig ASPM ClockPM Segments MSI HPX-Type3]
[    1.796268] acpi PNP0A08:04: PCIe AER handled by firmware
[    1.796373] acpi PNP0A08:04: _OSC: platform does not support [SHPCHotplug]
[    1.796571] acpi PNP0A08:04: _OSC: OS now controls [PCIeHotplug PME PCIeCapability LTR]
[    1.796572] acpi PNP0A08:04: FADT indicates ASPM is unsupported, using BIOS configuration
[    1.796681] PCI host bridge to bus 0000:4a
[    1.796682] pci_bus 0000:4a: root bus resource [io  0x9000-0x9fff window]
[    1.796683] pci_bus 0000:4a: root bus resource [mem 0xb1000000-0xbbbfffff window]
[    1.796684] pci_bus 0000:4a: root bus resource [mem 0x230000000000-0x23ffffffffff window]
[    1.796684] pci_bus 0000:4a: root bus resource [bus 4a-63]
[    1.796691] pci 0000:4a:00.0: [8086:09a2] type 00 class 0x088000
[    1.796753] pci 0000:4a:00.1: [8086:09a4] type 00 class 0x088000
[    1.796813] pci 0000:4a:00.2: [8086:09a3] type 00 class 0x088000
[    1.796880] pci 0000:4a:00.4: [8086:0998] type 00 class 0x060000
[    1.796950] pci_bus 0000:4a: on NUMA node 0
[    1.797008] ACPI: PCI Root Bridge [PC05] (domain 0000 [bus 64-7d])
[    1.797010] acpi PNP0A08:05: _OSC: OS supports [ExtendedConfig ASPM ClockPM Segments MSI HPX-Type3]
[    1.797100] acpi PNP0A08:05: PCIe AER handled by firmware
[    1.797203] acpi PNP0A08:05: _OSC: platform does not support [SHPCHotplug]
[    1.797402] acpi PNP0A08:05: _OSC: OS now controls [PCIeHotplug PME PCIeCapability LTR]
[    1.797403] acpi PNP0A08:05: FADT indicates ASPM is unsupported, using BIOS configuration
[    1.797511] PCI host bridge to bus 0000:64
[    1.797512] pci_bus 0000:64: root bus resource [io  0xa000-0xafff window]
[    1.797513] pci_bus 0000:64: root bus resource [mem 0xbbc00000-0xc5ffffff window]
[    1.797514] pci_bus 0000:64: root bus resource [mem 0x240000000000-0x24ffffffffff window]
[    1.797514] pci_bus 0000:64: root bus resource [bus 64-7d]
[    1.797521] pci 0000:64:00.0: [8086:09a2] type 00 class 0x088000
[    1.797584] pci 0000:64:00.1: [8086:09a4] type 00 class 0x088000
[    1.797646] pci 0000:64:00.2: [8086:09a3] type 00 class 0x088000
[    1.797708] pci 0000:64:00.4: [8086:0998] type 00 class 0x060000
[    1.797780] pci_bus 0000:64: on NUMA node 0
[    1.797837] ACPI: PCI Root Bridge [UC06] (domain 0000 [bus 7e])
[    1.797839] acpi PNP0A03:00: _OSC: OS supports [ExtendedConfig ASPM ClockPM Segments MSI HPX-Type3]
[    1.797914] acpi PNP0A03:00: PCIe AER handled by firmware
[    1.798003] acpi PNP0A03:00: _OSC: platform does not support [SHPCHotplug LTR]
[    1.798170] acpi PNP0A03:00: _OSC: OS now controls [PCIeHotplug PME PCIeCapability]
[    1.798171] acpi PNP0A03:00: FADT indicates ASPM is unsupported, using BIOS configuration
[    1.798309] PCI host bridge to bus 0000:7e
[    1.798310] pci_bus 0000:7e: root bus resource [bus 7e]
[    1.798316] pci 0000:7e:00.0: [8086:3450] type 00 class 0x088000
[    1.798386] pci 0000:7e:00.1: [8086:3451] type 00 class 0x088000
[    1.798450] pci 0000:7e:00.2: [8086:3452] type 00 class 0x088000
[    1.798521] pci 0000:7e:00.3: [8086:0998] type 00 class 0x060000
[    1.798585] pci 0000:7e:00.5: [8086:3455] type 00 class 0x088000
[    1.798654] pci 0000:7e:02.0: [8086:3440] type 00 class 0x088000
[    1.798775] pci 0000:7e:02.1: [8086:3441] type 00 class 0x088000
[    1.798889] pci 0000:7e:02.2: [8086:3442] type 00 class 0x088000
[    1.799003] pci 0000:7e:03.0: [8086:3440] type 00 class 0x088000
[    1.799092] pci 0000:7e:03.1: [8086:3441] type 00 class 0x088000
[    1.799173] pci 0000:7e:03.2: [8086:3442] type 00 class 0x088000
[    1.799266] pci 0000:7e:04.0: [8086:3440] type 00 class 0x088000
[    1.799392] pci 0000:7e:04.1: [8086:3441] type 00 class 0x088000
[    1.799513] pci 0000:7e:04.2: [8086:3442] type 00 class 0x088000
[    1.799635] pci 0000:7e:04.3: [8086:3443] type 00 class 0x088000
[    1.799760] pci 0000:7e:05.0: [8086:3445] type 00 class 0x088000
[    1.799886] pci 0000:7e:05.1: [8086:3446] type 00 class 0x088000
[    1.800005] pci 0000:7e:05.2: [8086:3447] type 00 class 0x088000
[    1.800122] pci 0000:7e:06.0: [8086:3445] type 00 class 0x088000
[    1.800213] pci 0000:7e:06.1: [8086:3446] type 00 class 0x088000
[    1.800299] pci 0000:7e:06.2: [8086:3447] type 00 class 0x088000
[    1.800391] pci 0000:7e:07.0: [8086:3445] type 00 class 0x088000
[    1.800518] pci 0000:7e:07.1: [8086:3446] type 00 class 0x088000
[    1.800643] pci 0000:7e:07.2: [8086:3447] type 00 class 0x088000
[    1.800768] pci 0000:7e:0b.0: [8086:3448] type 00 class 0x088000
[    1.800843] pci 0000:7e:0b.1: [8086:3448] type 00 class 0x088000
[    1.800916] pci 0000:7e:0b.2: [8086:344b] type 00 class 0x088000
[    1.800999] pci 0000:7e:0c.0: [8086:344a] type 00 class 0x110100
[    1.801096] pci 0000:7e:0d.0: [8086:344a] type 00 class 0x110100
[    1.801191] pci 0000:7e:0e.0: [8086:344a] type 00 class 0x110100
[    1.801340] pci 0000:7e:0f.0: [8086:344a] type 00 class 0x110100
[    1.801501] pci 0000:7e:1a.0: [8086:2880] type 00 class 0x110100
[    1.801598] pci 0000:7e:1b.0: [8086:2880] type 00 class 0x110100
[    1.801690] pci 0000:7e:1c.0: [8086:2880] type 00 class 0x110100
[    1.801844] pci 0000:7e:1d.0: [8086:2880] type 00 class 0x110100
[    1.802006] pci_bus 0000:7e: on NUMA node 0
[    1.802080] ACPI: PCI Root Bridge [UC07] (domain 0000 [bus 7f])
[    1.802082] acpi PNP0A03:01: _OSC: OS supports [ExtendedConfig ASPM ClockPM Segments MSI HPX-Type3]
[    1.802162] acpi PNP0A03:01: PCIe AER handled by firmware
[    1.802252] acpi PNP0A03:01: _OSC: platform does not support [SHPCHotplug LTR]
[    1.802422] acpi PNP0A03:01: _OSC: OS now controls [PCIeHotplug PME PCIeCapability]
[    1.802422] acpi PNP0A03:01: FADT indicates ASPM is unsupported, using BIOS configuration
[    1.802566] PCI host bridge to bus 0000:7f
[    1.802567] pci_bus 0000:7f: root bus resource [bus 7f]
[    1.802576] pci 0000:7f:00.0: [8086:344c] type 00 class 0x088000
[    1.802685] pci 0000:7f:00.1: [8086:344c] type 00 class 0x088000
[    1.802803] pci 0000:7f:00.2: [8086:344c] type 00 class 0x088000
[    1.802924] pci 0000:7f:00.3: [8086:344c] type 00 class 0x088000
[    1.803020] pci 0000:7f:00.4: [8086:344c] type 00 class 0x088000
[    1.803148] pci 0000:7f:00.5: [8086:344c] type 00 class 0x088000
[    1.803274] pci 0000:7f:00.6: [8086:344c] type 00 class 0x088000
[    1.803359] pci 0000:7f:00.7: [8086:344c] type 00 class 0x088000
[    1.803454] pci 0000:7f:01.0: [8086:344c] type 00 class 0x088000
[    1.803590] pci 0000:7f:01.1: [8086:344c] type 00 class 0x088000
[    1.803718] pci 0000:7f:01.2: [8086:344c] type 00 class 0x088000
[    1.803804] pci 0000:7f:01.3: [8086:344c] type 00 class 0x088000
[    1.803942] pci 0000:7f:01.4: [8086:344c] type 00 class 0x088000
[    1.804080] pci 0000:7f:01.5: [8086:344c] type 00 class 0x088000
[    1.804222] pci 0000:7f:01.6: [8086:344c] type 00 class 0x088000
[    1.804350] pci 0000:7f:01.7: [8086:344c] type 00 class 0x088000
[    1.804489] pci 0000:7f:02.0: [8086:344c] type 00 class 0x088000
[    1.804627] pci 0000:7f:02.1: [8086:344c] type 00 class 0x088000
[    1.804766] pci 0000:7f:02.2: [8086:344c] type 00 class 0x088000
[    1.804903] pci 0000:7f:02.3: [8086:344c] type 00 class 0x088000
[    1.805049] pci 0000:7f:02.4: [8086:344c] type 00 class 0x088000
[    1.805192] pci 0000:7f:02.5: [8086:344c] type 00 class 0x088000
[    1.805334] pci 0000:7f:02.6: [8086:344c] type 00 class 0x088000
[    1.805487] pci 0000:7f:02.7: [8086:344c] type 00 class 0x088000
[    1.805646] pci 0000:7f:03.0: [8086:344c] type 00 class 0x088000
[    1.805798] pci 0000:7f:03.1: [8086:344c] type 00 class 0x088000
[    1.805956] pci 0000:7f:03.2: [8086:344c] type 00 class 0x088000
[    1.806112] pci 0000:7f:03.3: [8086:344c] type 00 class 0x088000
[    1.806277] pci 0000:7f:0a.0: [8086:344d] type 00 class 0x088000
[    1.806387] pci 0000:7f:0a.1: [8086:344d] type 00 class 0x088000
[    1.806505] pci 0000:7f:0a.2: [8086:344d] type 00 class 0x088000
[    1.806623] pci 0000:7f:0a.3: [8086:344d] type 00 class 0x088000
[    1.806724] pci 0000:7f:0a.4: [8086:344d] type 00 class 0x088000
[    1.806852] pci 0000:7f:0a.5: [8086:344d] type 00 class 0x088000
[    1.806975] pci 0000:7f:0a.6: [8086:344d] type 00 class 0x088000
[    1.807062] pci 0000:7f:0a.7: [8086:344d] type 00 class 0x088000
[    1.807153] pci 0000:7f:0b.0: [8086:344d] type 00 class 0x088000
[    1.807288] pci 0000:7f:0b.1: [8086:344d] type 00 class 0x088000
[    1.807417] pci 0000:7f:0b.2: [8086:344d] type 00 class 0x088000
[    1.807504] pci 0000:7f:0b.3: [8086:344d] type 00 class 0x088000
[    1.807645] pci 0000:7f:0b.4: [8086:344d] type 00 class 0x088000
[    1.807784] pci 0000:7f:0b.5: [8086:344d] type 00 class 0x088000
[    1.807928] pci 0000:7f:0b.6: [8086:344d] type 00 class 0x088000
[    1.808055] pci 0000:7f:0b.7: [8086:344d] type 00 class 0x088000
[    1.808190] pci 0000:7f:0c.0: [8086:344d] type 00 class 0x088000
[    1.808329] pci 0000:7f:0c.1: [8086:344d] type 00 class 0x088000
[    1.808466] pci 0000:7f:0c.2: [8086:344d] type 00 class 0x088000
[    1.808605] pci 0000:7f:0c.3: [8086:344d] type 00 class 0x088000
[    1.808755] pci 0000:7f:0c.4: [8086:344d] type 00 class 0x088000
[    1.808897] pci 0000:7f:0c.5: [8086:344d] type 00 class 0x088000
[    1.809041] pci 0000:7f:0c.6: [8086:344d] type 00 class 0x088000
[    1.809195] pci 0000:7f:0c.7: [8086:344d] type 00 class 0x088000
[    1.809346] pci 0000:7f:0d.0: [8086:344d] type 00 class 0x088000
[    1.809499] pci 0000:7f:0d.1: [8086:344d] type 00 class 0x088000
[    1.809657] pci 0000:7f:0d.2: [8086:344d] type 00 class 0x088000
[    1.809813] pci 0000:7f:0d.3: [8086:344d] type 00 class 0x088000
[    1.809993] pci 0000:7f:1d.0: [8086:344f] type 00 class 0x088000
[    1.810111] pci 0000:7f:1d.1: [8086:3457] type 00 class 0x088000
[    1.810227] pci 0000:7f:1e.0: [8086:3458] type 00 class 0x088000
[    1.810304] pci 0000:7f:1e.1: [8086:3459] type 00 class 0x088000
[    1.810379] pci 0000:7f:1e.2: [8086:345a] type 00 class 0x088000
[    1.810452] pci 0000:7f:1e.3: [8086:345b] type 00 class 0x088000
[    1.810526] pci 0000:7f:1e.4: [8086:345c] type 00 class 0x088000
[    1.810601] pci 0000:7f:1e.5: [8086:345d] type 00 class 0x088000
[    1.810678] pci 0000:7f:1e.6: [8086:345e] type 00 class 0x088000
[    1.810752] pci 0000:7f:1e.7: [8086:345f] type 00 class 0x088000
[    1.810824] pci_bus 0000:7f: on NUMA node 0
[    1.810913] ACPI: PCI Root Bridge [PC06] (domain 0000 [bus 80])
[    1.810916] acpi PNP0A08:06: _OSC: OS supports [ExtendedConfig ASPM ClockPM Segments MSI HPX-Type3]
[    1.811009] acpi PNP0A08:06: PCIe AER handled by firmware
[    1.811114] acpi PNP0A08:06: _OSC: platform does not support [SHPCHotplug]
[    1.811314] acpi PNP0A08:06: _OSC: OS now controls [PCIeHotplug PME PCIeCapability LTR]
[    1.811314] acpi PNP0A08:06: FADT indicates ASPM is unsupported, using BIOS configuration
[    1.811457] PCI host bridge to bus 0000:80
[    1.811458] pci_bus 0000:80: root bus resource [io  0xb000-0xbfff window]
[    1.811459] pci_bus 0000:80: root bus resource [mem 0xc6800000-0xd0ffffff window]
[    1.811460] pci_bus 0000:80: root bus resource [mem 0x250000000000-0x25ffffffffff window]
[    1.811461] pci_bus 0000:80: root bus resource [bus 80]
[    1.811468] pci 0000:80:00.0: [8086:09a2] type 00 class 0x088000
[    1.811554] pci 0000:80:00.1: [8086:09a4] type 00 class 0x088000
[    1.811628] pci 0000:80:00.2: [8086:09a3] type 00 class 0x088000
[    1.811705] pci 0000:80:00.4: [8086:0998] type 00 class 0x060000
[    1.811782] pci 0000:80:02.0: [8086:09a6] type 00 class 0x088000
[    1.811792] pci 0000:80:02.0: reg 0x10: [mem 0xc6aa4000-0xc6aa5fff]
[    1.811856] pci 0000:80:02.1: [8086:09a7] type 00 class 0x088000
[    1.811866] pci 0000:80:02.1: reg 0x10: [mem 0xc6a00000-0xc6a7ffff]
[    1.811871] pci 0000:80:02.1: reg 0x14: [mem 0xc6980000-0xc69fffff]
[    1.811938] pci 0000:80:02.4: [8086:3456] type 00 class 0x130000
[    1.811950] pci 0000:80:02.4: reg 0x10: [mem 0xc6800000-0xc68fffff 64bit]
[    1.811957] pci 0000:80:02.4: reg 0x18: [mem 0xc6aa0000-0xc6aa3fff 64bit]
[    1.811964] pci 0000:80:02.4: reg 0x20: [mem 0xc6a80000-0xc6a9ffff 64bit]
[    1.812024] pci_bus 0000:80: on NUMA node 1
[    1.812089] ACPI: PCI Root Bridge [PC07] (domain 0000 [bus 81])
[    1.812091] acpi PNP0A08:07: _OSC: OS supports [ExtendedConfig ASPM ClockPM Segments MSI HPX-Type3]
[    1.812182] acpi PNP0A08:07: PCIe AER handled by firmware
[    1.812286] acpi PNP0A08:07: _OSC: platform does not support [SHPCHotplug]
[    1.812485] acpi PNP0A08:07: _OSC: OS now controls [PCIeHotplug PME PCIeCapability LTR]
[    1.812485] acpi PNP0A08:07: FADT indicates ASPM is unsupported, using BIOS configuration
[    1.812599] PCI host bridge to bus 0000:81
[    1.812600] pci_bus 0000:81: root bus resource [io  0xc000-0xcfff window]
[    1.812601] pci_bus 0000:81: root bus resource [mem 0xd1000000-0xdbbfffff window]
[    1.812602] pci_bus 0000:81: root bus resource [mem 0x260000000000-0x26ffffffffff window]
[    1.812603] pci_bus 0000:81: root bus resource [bus 81]
[    1.812610] pci 0000:81:00.0: [8086:09a2] type 00 class 0x088000
[    1.812677] pci 0000:81:00.1: [8086:09a4] type 00 class 0x088000
[    1.812744] pci 0000:81:00.2: [8086:09a3] type 00 class 0x088000
[    1.812812] pci 0000:81:00.4: [8086:0998] type 00 class 0x060000
[    1.812892] pci_bus 0000:81: on NUMA node 1
[    1.812951] ACPI: PCI Root Bridge [PC08] (domain 0000 [bus 82])
[    1.812953] acpi PNP0A08:08: _OSC: OS supports [ExtendedConfig ASPM ClockPM Segments MSI HPX-Type3]
[    1.813042] acpi PNP0A08:08: PCIe AER handled by firmware
[    1.813145] acpi PNP0A08:08: _OSC: platform does not support [SHPCHotplug]
[    1.813343] acpi PNP0A08:08: _OSC: OS now controls [PCIeHotplug PME PCIeCapability LTR]
[    1.813344] acpi PNP0A08:08: FADT indicates ASPM is unsupported, using BIOS configuration
[    1.813452] PCI host bridge to bus 0000:82
[    1.813453] pci_bus 0000:82: root bus resource [io  0xd000-0xdfff window]
[    1.813454] pci_bus 0000:82: root bus resource [mem 0xdbc00000-0xe67fffff window]
[    1.813455] pci_bus 0000:82: root bus resource [mem 0x270000000000-0x27ffffffffff window]
[    1.813455] pci_bus 0000:82: root bus resource [bus 82]
[    1.813463] pci 0000:82:00.0: [8086:09a2] type 00 class 0x088000
[    1.813531] pci 0000:82:00.1: [8086:09a4] type 00 class 0x088000
[    1.813599] pci 0000:82:00.2: [8086:09a3] type 00 class 0x088000
[    1.813672] pci 0000:82:00.4: [8086:0998] type 00 class 0x060000
[    1.813754] pci_bus 0000:82: on NUMA node 1
[    1.813840] ACPI: PCI Root Bridge [PC10] (domain 0000 [bus 83-f9])
[    1.813842] acpi PNP0A08:0a: _OSC: OS supports [ExtendedConfig ASPM ClockPM Segments MSI HPX-Type3]
[    1.813932] acpi PNP0A08:0a: PCIe AER handled by firmware
[    1.814036] acpi PNP0A08:0a: _OSC: platform does not support [SHPCHotplug]
[    1.814236] acpi PNP0A08:0a: _OSC: OS now controls [PCIeHotplug PME PCIeCapability LTR]
[    1.814236] acpi PNP0A08:0a: FADT indicates ASPM is unsupported, using BIOS configuration
[    1.814356] PCI host bridge to bus 0000:83
[    1.814357] pci_bus 0000:83: root bus resource [io  0xe000-0xefff window]
[    1.814358] pci_bus 0000:83: root bus resource [mem 0xe6800000-0xf13fffff window]
[    1.814359] pci_bus 0000:83: root bus resource [mem 0x280000000000-0x28ffffffffff window]
[    1.814359] pci_bus 0000:83: root bus resource [bus 83-f9]
[    1.814367] pci 0000:83:00.0: [8086:09a2] type 00 class 0x088000
[    1.814435] pci 0000:83:00.1: [8086:09a4] type 00 class 0x088000
[    1.814502] pci 0000:83:00.2: [8086:09a3] type 00 class 0x088000
[    1.814571] pci 0000:83:00.4: [8086:0998] type 00 class 0x060000
[    1.814650] pci_bus 0000:83: on NUMA node 1
[    1.814709] ACPI: PCI Root Bridge [PC11] (domain 0000 [bus fa])
[    1.814711] acpi PNP0A08:0b: _OSC: OS supports [ExtendedConfig ASPM ClockPM Segments MSI HPX-Type3]
[    1.814804] acpi PNP0A08:0b: PCIe AER handled by firmware
[    1.814910] acpi PNP0A08:0b: _OSC: platform does not support [SHPCHotplug]
[    1.815112] acpi PNP0A08:0b: _OSC: OS now controls [PCIeHotplug PME PCIeCapability LTR]
[    1.815113] acpi PNP0A08:0b: FADT indicates ASPM is unsupported, using BIOS configuration
[    1.815224] PCI host bridge to bus 0000:fa
[    1.815225] pci_bus 0000:fa: root bus resource [io  0xf000-0xffff window]
[    1.815226] pci_bus 0000:fa: root bus resource [mem 0xf1400000-0xfb7fffff window]
[    1.815227] pci_bus 0000:fa: root bus resource [mem 0x290000000000-0x29ffffffffff window]
[    1.815227] pci_bus 0000:fa: root bus resource [bus fa]
[    1.815235] pci 0000:fa:00.0: [8086:09a2] type 00 class 0x088000
[    1.815303] pci 0000:fa:00.1: [8086:09a4] type 00 class 0x088000
[    1.815371] pci 0000:fa:00.2: [8086:09a3] type 00 class 0x088000
[    1.815445] pci 0000:fa:00.4: [8086:0998] type 00 class 0x060000
[    1.815525] pci_bus 0000:fa: on NUMA node 1
[    1.815580] ACPI: PCI Root Bridge [UC16] (domain 0000 [bus fe])
[    1.815582] acpi PNP0A03:02: _OSC: OS supports [ExtendedConfig ASPM ClockPM Segments MSI HPX-Type3]
[    1.815658] acpi PNP0A03:02: PCIe AER handled by firmware
[    1.815747] acpi PNP0A03:02: _OSC: platform does not support [SHPCHotplug LTR]
[    1.815915] acpi PNP0A03:02: _OSC: OS now controls [PCIeHotplug PME PCIeCapability]
[    1.815915] acpi PNP0A03:02: FADT indicates ASPM is unsupported, using BIOS configuration
[    1.816047] PCI host bridge to bus 0000:fe
[    1.816047] pci_bus 0000:fe: root bus resource [bus fe]
[    1.816054] pci 0000:fe:00.0: [8086:3450] type 00 class 0x088000
[    1.816127] pci 0000:fe:00.1: [8086:3451] type 00 class 0x088000
[    1.816192] pci 0000:fe:00.2: [8086:3452] type 00 class 0x088000
[    1.816260] pci 0000:fe:00.3: [8086:0998] type 00 class 0x060000
[    1.816328] pci 0000:fe:00.5: [8086:3455] type 00 class 0x088000
[    1.816400] pci 0000:fe:02.0: [8086:3440] type 00 class 0x088000
[    1.816527] pci 0000:fe:02.1: [8086:3441] type 00 class 0x088000
[    1.816651] pci 0000:fe:02.2: [8086:3442] type 00 class 0x088000
[    1.816770] pci 0000:fe:03.0: [8086:3440] type 00 class 0x088000
[    1.816863] pci 0000:fe:03.1: [8086:3441] type 00 class 0x088000
[    1.816950] pci 0000:fe:03.2: [8086:3442] type 00 class 0x088000
[    1.817042] pci 0000:fe:04.0: [8086:3440] type 00 class 0x088000
[    1.817171] pci 0000:fe:04.1: [8086:3441] type 00 class 0x088000
[    1.817297] pci 0000:fe:04.2: [8086:3442] type 00 class 0x088000
[    1.817423] pci 0000:fe:04.3: [8086:3443] type 00 class 0x088000
[    1.817556] pci 0000:fe:05.0: [8086:3445] type 00 class 0x088000
[    1.817681] pci 0000:fe:05.1: [8086:3446] type 00 class 0x088000
[    1.817803] pci 0000:fe:05.2: [8086:3447] type 00 class 0x088000
[    1.817925] pci 0000:fe:06.0: [8086:3445] type 00 class 0x088000
[    1.818020] pci 0000:fe:06.1: [8086:3446] type 00 class 0x088000
[    1.818110] pci 0000:fe:06.2: [8086:3447] type 00 class 0x088000
[    1.818205] pci 0000:fe:07.0: [8086:3445] type 00 class 0x088000
[    1.818337] pci 0000:fe:07.1: [8086:3446] type 00 class 0x088000
[    1.818471] pci 0000:fe:07.2: [8086:3447] type 00 class 0x088000
[    1.818599] pci 0000:fe:0b.0: [8086:3448] type 00 class 0x088000
[    1.818677] pci 0000:fe:0b.1: [8086:3448] type 00 class 0x088000
[    1.818751] pci 0000:fe:0b.2: [8086:344b] type 00 class 0x088000
[    1.818831] pci 0000:fe:0c.0: [8086:344a] type 00 class 0x110100
[    1.818934] pci 0000:fe:0d.0: [8086:344a] type 00 class 0x110100
[    1.819031] pci 0000:fe:0e.0: [8086:344a] type 00 class 0x110100
[    1.819185] pci 0000:fe:0f.0: [8086:344a] type 00 class 0x110100
[    1.819357] pci 0000:fe:1a.0: [8086:2880] type 00 class 0x110100
[    1.819458] pci 0000:fe:1b.0: [8086:2880] type 00 class 0x110100
[    1.819554] pci 0000:fe:1c.0: [8086:2880] type 00 class 0x110100
[    1.819714] pci 0000:fe:1d.0: [8086:2880] type 00 class 0x110100
[    1.819875] pci_bus 0000:fe: on NUMA node 1
[    1.819947] ACPI: PCI Root Bridge [UC17] (domain 0000 [bus ff])
[    1.819949] acpi PNP0A03:03: _OSC: OS supports [ExtendedConfig ASPM ClockPM Segments MSI HPX-Type3]
[    1.820024] acpi PNP0A03:03: PCIe AER handled by firmware
[    1.820112] acpi PNP0A03:03: _OSC: platform does not support [SHPCHotplug LTR]
[    1.820280] acpi PNP0A03:03: _OSC: OS now controls [PCIeHotplug PME PCIeCapability]
[    1.820280] acpi PNP0A03:03: FADT indicates ASPM is unsupported, using BIOS configuration
[    1.820424] PCI host bridge to bus 0000:ff
[    1.820425] pci_bus 0000:ff: root bus resource [bus ff]
[    1.820435] pci 0000:ff:00.0: [8086:344c] type 00 class 0x088000
[    1.820552] pci 0000:ff:00.1: [8086:344c] type 00 class 0x088000
[    1.820672] pci 0000:ff:00.2: [8086:344c] type 00 class 0x088000
[    1.820778] pci 0000:ff:00.3: [8086:344c] type 00 class 0x088000
[    1.820912] pci 0000:ff:00.4: [8086:344c] type 00 class 0x088000
[    1.821036] pci 0000:ff:00.5: [8086:344c] type 00 class 0x088000
[    1.821138] pci 0000:ff:00.6: [8086:344c] type 00 class 0x088000
[    1.821272] pci 0000:ff:00.7: [8086:344c] type 00 class 0x088000
[    1.821404] pci 0000:ff:01.0: [8086:344c] type 00 class 0x088000
[    1.821545] pci 0000:ff:01.1: [8086:344c] type 00 class 0x088000
[    1.821680] pci 0000:ff:01.2: [8086:344c] type 00 class 0x088000
[    1.821772] pci 0000:ff:01.3: [8086:344c] type 00 class 0x088000
[    1.821920] pci 0000:ff:01.4: [8086:344c] type 00 class 0x088000
[    1.822065] pci 0000:ff:01.5: [8086:344c] type 00 class 0x088000
[    1.822212] pci 0000:ff:01.6: [8086:344c] type 00 class 0x088000
[    1.822345] pci 0000:ff:01.7: [8086:344c] type 00 class 0x088000
[    1.822486] pci 0000:ff:02.0: [8086:344c] type 00 class 0x088000
[    1.822627] pci 0000:ff:02.1: [8086:344c] type 00 class 0x088000
[    1.822766] pci 0000:ff:02.2: [8086:344c] type 00 class 0x088000
[    1.822911] pci 0000:ff:02.3: [8086:344c] type 00 class 0x088000
[    1.823058] pci 0000:ff:02.4: [8086:344c] type 00 class 0x088000
[    1.823201] pci 0000:ff:02.5: [8086:344c] type 00 class 0x088000
[    1.823351] pci 0000:ff:02.6: [8086:344c] type 00 class 0x088000
[    1.823500] pci 0000:ff:02.7: [8086:344c] type 00 class 0x088000
[    1.823658] pci 0000:ff:03.0: [8086:344c] type 00 class 0x088000
[    1.823821] pci 0000:ff:03.1: [8086:344c] type 00 class 0x088000
[    1.823983] pci 0000:ff:03.2: [8086:344c] type 00 class 0x088000
[    1.824145] pci 0000:ff:03.3: [8086:344c] type 00 class 0x088000
[    1.824322] pci 0000:ff:0a.0: [8086:344d] type 00 class 0x088000
[    1.824437] pci 0000:ff:0a.1: [8086:344d] type 00 class 0x088000
[    1.824557] pci 0000:ff:0a.2: [8086:344d] type 00 class 0x088000
[    1.824664] pci 0000:ff:0a.3: [8086:344d] type 00 class 0x088000
[    1.824791] pci 0000:ff:0a.4: [8086:344d] type 00 class 0x088000
[    1.824916] pci 0000:ff:0a.5: [8086:344d] type 00 class 0x088000
[    1.825019] pci 0000:ff:0a.6: [8086:344d] type 00 class 0x088000
[    1.825151] pci 0000:ff:0a.7: [8086:344d] type 00 class 0x088000
[    1.825288] pci 0000:ff:0b.0: [8086:344d] type 00 class 0x088000
[    1.825430] pci 0000:ff:0b.1: [8086:344d] type 00 class 0x088000
[    1.825565] pci 0000:ff:0b.2: [8086:344d] type 00 class 0x088000
[    1.825655] pci 0000:ff:0b.3: [8086:344d] type 00 class 0x088000
[    1.825799] pci 0000:ff:0b.4: [8086:344d] type 00 class 0x088000
[    1.825943] pci 0000:ff:0b.5: [8086:344d] type 00 class 0x088000
[    1.826089] pci 0000:ff:0b.6: [8086:344d] type 00 class 0x088000
[    1.826223] pci 0000:ff:0b.7: [8086:344d] type 00 class 0x088000
[    1.826367] pci 0000:ff:0c.0: [8086:344d] type 00 class 0x088000
[    1.826509] pci 0000:ff:0c.1: [8086:344d] type 00 class 0x088000
[    1.826649] pci 0000:ff:0c.2: [8086:344d] type 00 class 0x088000
[    1.826794] pci 0000:ff:0c.3: [8086:344d] type 00 class 0x088000
[    1.826936] pci 0000:ff:0c.4: [8086:344d] type 00 class 0x088000
[    1.827080] pci 0000:ff:0c.5: [8086:344d] type 00 class 0x088000
[    1.827230] pci 0000:ff:0c.6: [8086:344d] type 00 class 0x088000
[    1.827378] pci 0000:ff:0c.7: [8086:344d] type 00 class 0x088000
[    1.827540] pci 0000:ff:0d.0: [8086:344d] type 00 class 0x088000
[    1.827701] pci 0000:ff:0d.1: [8086:344d] type 00 class 0x088000
[    1.827855] pci 0000:ff:0d.2: [8086:344d] type 00 class 0x088000
[    1.828019] pci 0000:ff:0d.3: [8086:344d] type 00 class 0x088000
[    1.828202] pci 0000:ff:1d.0: [8086:344f] type 00 class 0x088000
[    1.828323] pci 0000:ff:1d.1: [8086:3457] type 00 class 0x088000
[    1.828444] pci 0000:ff:1e.0: [8086:3458] type 00 class 0x088000
[    1.828524] pci 0000:ff:1e.1: [8086:3459] type 00 class 0x088000
[    1.828604] pci 0000:ff:1e.2: [8086:345a] type 00 class 0x088000
[    1.828682] pci 0000:ff:1e.3: [8086:345b] type 00 class 0x088000
[    1.828757] pci 0000:ff:1e.4: [8086:345c] type 00 class 0x088000
[    1.828834] pci 0000:ff:1e.5: [8086:345d] type 00 class 0x088000
[    1.828911] pci 0000:ff:1e.6: [8086:345e] type 00 class 0x088000
[    1.828986] pci 0000:ff:1e.7: [8086:345f] type 00 class 0x088000
[    1.829063] pci_bus 0000:ff: on NUMA node 1
[    1.830142] HMAT: Memory (0x0 length 0x80000000) Flags:0003 Processor Domain:0 Memory Domain:0
[    1.830143] HMAT: Memory (0x100000000 length 0xf80000000) Flags:0003 Processor Domain:0 Memory Domain:0
[    1.830143] HMAT: Memory (0x2080000000 length 0x7e00000000) Flags:0003 Processor Domain:0 Memory Domain:2
[    1.830144] HMAT: Memory (0x1080000000 length 0x1000000000) Flags:0003 Processor Domain:1 Memory Domain:1
[    1.830145] HMAT: Memory (0x9e80000000 length 0x7e00000000) Flags:0003 Processor Domain:1 Memory Domain:3
[    1.830146] HMAT: Locality: Flags:00 Type:Read Latency Initiator Domains:2 Target Domains:4 Base:100
[    1.830147]   Initiator-Target[0-0]:7600 nsec
[    1.830148]   Initiator-Target[0-1]:13560 nsec
[    1.830148]   Initiator-Target[0-2]:25350 nsec
[    1.830149]   Initiator-Target[0-3]:31600 nsec
[    1.830149]   Initiator-Target[1-0]:13560 nsec
[    1.830150]   Initiator-Target[1-1]:7600 nsec
[    1.830150]   Initiator-Target[1-2]:31600 nsec
[    1.830151]   Initiator-Target[1-3]:25350 nsec
[    1.830152] HMAT: Locality: Flags:00 Type:Write Latency Initiator Domains:2 Target Domains:4 Base:100
[    1.830152]   Initiator-Target[0-0]:7600 nsec
[    1.830153]   Initiator-Target[0-1]:13560 nsec
[    1.830153]   Initiator-Target[0-2]:25350 nsec
[    1.830153]   Initiator-Target[0-3]:31600 nsec
[    1.830154]   Initiator-Target[1-0]:13560 nsec
[    1.830154]   Initiator-Target[1-1]:7600 nsec
[    1.830155]   Initiator-Target[1-2]:31600 nsec
[    1.830155]   Initiator-Target[1-3]:25350 nsec
[    1.830156] HMAT: Locality: Flags:00 Type:Read Bandwidth Initiator Domains:2 Target Domains:4 Base:1
[    1.830156]   Initiator-Target[0-0]:1790 MB/s
[    1.830157]   Initiator-Target[0-1]:1790 MB/s
[    1.830157]   Initiator-Target[0-2]:463 MB/s
[    1.830158]   Initiator-Target[0-3]:463 MB/s
[    1.830158]   Initiator-Target[1-0]:1790 MB/s
[    1.830159]   Initiator-Target[1-1]:1790 MB/s
[    1.830159]   Initiator-Target[1-2]:463 MB/s
[    1.830160]   Initiator-Target[1-3]:463 MB/s
[    1.830160] HMAT: Locality: Flags:00 Type:Write Bandwidth Initiator Domains:2 Target Domains:4 Base:1
[    1.830161]   Initiator-Target[0-0]:1910 MB/s
[    1.830161]   Initiator-Target[0-1]:1910 MB/s
[    1.830162]   Initiator-Target[0-2]:138 MB/s
[    1.830162]   Initiator-Target[0-3]:138 MB/s
[    1.830163]   Initiator-Target[1-0]:1910 MB/s
[    1.830163]   Initiator-Target[1-1]:1910 MB/s
[    1.830164]   Initiator-Target[1-2]:138 MB/s
[    1.830164]   Initiator-Target[1-3]:138 MB/s
[    1.830195] WARNING: CPU: 62 PID: 1 at drivers/base/node.c:191 node_set_perf_attrs+0x90/0xb0
[    1.830196] Modules linked in:
[    1.830198] CPU: 62 PID: 1 Comm: swapper/0 Not tainted 5.3.1-multiclock #1
[    1.830199] Hardware name: Dell Inc. PowerEdge R750/0K8F35, BIOS 1.10.2 03/03/2023
[    1.830201] RIP: 0010:node_set_perf_attrs+0x90/0xb0
[    1.830202] Code: f4 02 00 00 4c 89 ea 4c 89 e7 e8 bb bf c7 ff 85 c0 75 24 48 83 c3 08 48 8b 33 48 85 f6 75 e5 5b 41 5a 41 5c 41 5d 41 5e 5d c3 <0f> 0b 5b 41 5a 41 5c 41 5d 41 5e 5d c3 44 89 f6 48 c7 c7 70 5b 3a
[    1.830203] RSP: 0000:ffffa56b40117d80 EFLAGS: 00010246
[    1.830204] RAX: 0000000000000002 RBX: 0000000000000003 RCX: 0000000000000000
[    1.830205] RDX: 0000000000000000 RSI: ffff94940f436058 RDI: 0000000000000002
[    1.830205] RBP: ffffa56b40117da8 R08: ffff94940f084458 R09: 0000000000000000
[    1.830206] R10: ffff9494172444c8 R11: ffff949417474190 R12: ffff94940f436040
[    1.830206] R13: ffffffffa2adb310 R14: 0000000000000005 R15: ffffffffa2895806
[    1.830207] FS:  0000000000000000(0000) GS:ffff949417fc0000(0000) knlGS:0000000000000000
[    1.830208] CS:  0010 DS: 0000 ES: 0000 CR0: 0000000080050033
[    1.830209] CR2: 0000000000000000 CR3: 0000001f7d40a001 CR4: 0000000000760ee0
[    1.830209] DR0: 0000000000000000 DR1: 0000000000000000 DR2: 0000000000000000
[    1.830210] DR3: 0000000000000000 DR6: 00000000fffe0ff0 DR7: 0000000000000400
[    1.830210] PKRU: 55555554
[    1.830211] Call Trace:
[    1.830217]  hmat_init+0x32a/0x43c
[    1.830218]  ? hmat_parse_subtable+0x503/0x503
[    1.830220]  ? set_debug_rodata+0x17/0x17
[    1.830223]  do_one_initcall+0x4a/0x1fa
[    1.830224]  kernel_init_freeable+0x1c6/0x26d
[    1.830228]  ? rest_init+0xb0/0xb0
[    1.830229]  kernel_init+0xe/0x110
[    1.830231]  ret_from_fork+0x1f/0x40
[    1.830233] ---[ end trace 3fc09093c3158047 ]---
[    1.833566] pci 0000:03:00.0: vgaarb: setting as boot VGA device
[    1.833566] pci 0000:03:00.0: vgaarb: VGA device added: decodes=io+mem,owns=io+mem,locks=none
[    1.833621] pci 0000:03:00.0: vgaarb: bridge control possible
[    1.833621] vgaarb: loaded
[    1.833814] SCSI subsystem initialized
[    1.833958] libata version 3.00 loaded.
[    1.833958] ACPI: bus type USB registered
[    1.833958] usbcore: registered new interface driver usbfs
[    1.833958] usbcore: registered new interface driver hub
[    1.833958] usbcore: registered new device driver usb
[    1.833958] pps_core: LinuxPPS API ver. 1 registered
[    1.833958] pps_core: Software ver. 5.3.6 - Copyright 2005-2007 Rodolfo Giometti <giometti@linux.it>
[    1.833958] PTP clock support registered
[    1.834063] EDAC MC: Ver: 3.0.0
[    1.834286] Registered efivars operations
[    1.834286] PCI: Using ACPI for IRQ routing
[    1.836441] PCI: pci_cache_line_size set to 64 bytes
[    1.836996] e820: reserve RAM buffer [mem 0x0008f000-0x0008ffff]
[    1.836998] e820: reserve RAM buffer [mem 0x47bdd020-0x47ffffff]
[    1.836999] e820: reserve RAM buffer [mem 0x47c0f020-0x47ffffff]
[    1.836999] e820: reserve RAM buffer [mem 0x47c42020-0x47ffffff]
[    1.837000] e820: reserve RAM buffer [mem 0x47c75020-0x47ffffff]
[    1.837001] e820: reserve RAM buffer [mem 0x49e77000-0x4bffffff]
[    1.837002] e820: reserve RAM buffer [mem 0x4b2cf000-0x4bffffff]
[    1.837003] e820: reserve RAM buffer [mem 0x4bd94000-0x4bffffff]
[    1.837003] e820: reserve RAM buffer [mem 0x4ce00000-0x4fffffff]
[    1.837004] e820: reserve RAM buffer [mem 0x5eefe000-0x5fffffff]
[    1.837004] e820: reserve RAM buffer [mem 0x6f800000-0x6fffffff]
[    1.837298] NetLabel: Initializing
[    1.837298] NetLabel:  domain hash size = 128
[    1.837299] NetLabel:  protocols = UNLABELED CIPSOv4 CALIPSO
[    1.837317] NetLabel:  unlabeled traffic allowed by default
[    1.838702] hpet0: at MMIO 0xfed00000, IRQs 2, 8, 0, 0, 0, 0, 0, 0
[    1.838704] hpet0: 8 comparators, 64-bit 24.000000 MHz counter
[    1.841606] clocksource: Switched to clocksource tsc-early
[    1.852753] VFS: Disk quotas dquot_6.6.0
[    1.852797] VFS: Dquot-cache hash table entries: 512 (order 0, 4096 bytes)
[    1.853088] *** VALIDATE hugetlbfs ***
[    1.853214] AppArmor: AppArmor Filesystem Enabled
[    1.853232] pnp: PnP ACPI init
[    1.868551] pnp 00:00: Plug and Play ACPI device, IDs PNP0b00 (active)
[    1.868708] system 00:01: [io  0x0500-0x05fe] has been reserved
[    1.868709] system 00:01: [io  0x0400-0x041f] has been reserved
[    1.868710] system 00:01: [io  0x0600-0x061f] has been reserved
[    1.868711] system 00:01: [io  0x0ca0-0x0ca1] has been reserved
[    1.868712] system 00:01: [io  0x0ca4-0x0ca6] has been reserved
[    1.868714] system 00:01: [mem 0xff000000-0xffffffff] has been reserved
[    1.868717] system 00:01: Plug and Play ACPI device, IDs PNP0c02 (active)
[    1.868962] pnp 00:02: Plug and Play ACPI device, IDs PNP0501 (active)
[    1.869169] pnp 00:03: Plug and Play ACPI device, IDs PNP0501 (active)
[    1.869325] system 00:04: [mem 0xfd000000-0xfdabffff] has been reserved
[    1.869326] system 00:04: [mem 0xfdad0000-0xfdadffff] has been reserved
[    1.869327] system 00:04: [mem 0xfdb00000-0xfdffffff] has been reserved
[    1.869328] system 00:04: [mem 0xfe000000-0xfe00ffff] has been reserved
[    1.869329] system 00:04: [mem 0xfe011000-0xfe01ffff] has been reserved
[    1.869330] system 00:04: [mem 0xfe036000-0xfe03bfff] has been reserved
[    1.869331] system 00:04: [mem 0xfe03d000-0xfe3fffff] has been reserved
[    1.869332] system 00:04: [mem 0xfe410000-0xfe7fffff] has been reserved
[    1.869334] system 00:04: Plug and Play ACPI device, IDs PNP0c02 (active)
[    1.869660] system 00:05: [io  0x1000-0x10fe] has been reserved
[    1.869663] system 00:05: Plug and Play ACPI device, IDs PNP0c02 (active)
[    1.870650] pnp: PnP ACPI: found 6 devices
[    1.871735] thermal_sys: Registered thermal governor 'fair_share'
[    1.871735] thermal_sys: Registered thermal governor 'bang_bang'
[    1.871736] thermal_sys: Registered thermal governor 'step_wise'
[    1.871737] thermal_sys: Registered thermal governor 'user_space'
[    1.871737] thermal_sys: Registered thermal governor 'power_allocator'
[    1.876230] clocksource: acpi_pm: mask: 0xffffff max_cycles: 0xffffff, max_idle_ns: 2085701024 ns
[    1.876253] pci 0000:04:00.0: can't claim BAR 6 [mem 0xfffc0000-0xffffffff pref]: no compatible bridge window
[    1.876254] pci 0000:04:00.1: can't claim BAR 6 [mem 0xfffc0000-0xffffffff pref]: no compatible bridge window
[    1.876255] pci 0000:17:00.0: can't claim BAR 6 [mem 0xfff00000-0xffffffff pref]: no compatible bridge window
[    1.876270] pci 0000:00:1c.5: BAR 14: assigned [mem 0x90000000-0x900fffff]
[    1.876272] pci 0000:00:1c.0: PCI bridge to [bus 01]
[    1.876281] pci 0000:02:00.0: PCI bridge to [bus 03]
[    1.876286] pci 0000:02:00.0:   bridge window [mem 0x92000000-0x928fffff]
[    1.876289] pci 0000:02:00.0:   bridge window [mem 0x91000000-0x91ffffff 64bit pref]
[    1.876295] pci 0000:00:1c.4: PCI bridge to [bus 02-03]
[    1.876298] pci 0000:00:1c.4:   bridge window [mem 0x92000000-0x928fffff]
[    1.876300] pci 0000:00:1c.4:   bridge window [mem 0x91000000-0x91ffffff 64bit pref]
[    1.876305] pci 0000:04:00.0: BAR 6: assigned [mem 0x90000000-0x9003ffff pref]
[    1.876306] pci 0000:04:00.1: BAR 6: assigned [mem 0x90040000-0x9007ffff pref]
[    1.876307] pci 0000:00:1c.5: PCI bridge to [bus 04]
[    1.876310] pci 0000:00:1c.5:   bridge window [mem 0x90000000-0x900fffff]
[    1.876312] pci 0000:00:1c.5:   bridge window [mem 0x92900000-0x929fffff 64bit pref]
[    1.876317] pci_bus 0000:00: resource 4 [io  0x0000-0x0cf7 window]
[    1.876317] pci_bus 0000:00: resource 5 [io  0x1000-0x4fff window]
[    1.876318] pci_bus 0000:00: resource 6 [mem 0x000a0000-0x000bffff window]
[    1.876319] pci_bus 0000:00: resource 7 [mem 0x000c8000-0x000cffff window]
