[    0.000000] Linux version 5.3.1-multiclock (xmu@xmu-PowerEdge-R750) (gcc version 7.5.0 (Ubuntu 7.5.0-3ubuntu1~18.04)) #1 SMP Wed Aug 9 20:46:02 CST 2023
[    0.000000] Command line: BOOT_IMAGE=/boot/vmlinuz-5.3.1-multiclock root=UUID=ce0c24b8-724b-4f33-9b2c-618433560aef ro memmap=7776M!4096M memmap=59G!64G quiet splash nomodeset vt.handoff=1
[    0.000000] KERNEL supported cpus:
[    0.000000]   Intel GenuineIntel
[    0.000000]   AMD AuthenticAMD
[    0.000000]   Hygon HygonGenuine
[    0.000000]   Centaur CentaurHauls
[    0.000000]   zhaoxin   Shanghai  
[    0.000000] x86/fpu: Supporting XSAVE feature 0x001: 'x87 floating point registers'
[    0.000000] x86/fpu: Supporting XSAVE feature 0x002: 'SSE registers'
[    0.000000] x86/fpu: Supporting XSAVE feature 0x004: 'AVX registers'
[    0.000000] x86/fpu: Supporting XSAVE feature 0x020: 'AVX-512 opmask'
[    0.000000] x86/fpu: Supporting XSAVE feature 0x040: 'AVX-512 Hi256'
[    0.000000] x86/fpu: Supporting XSAVE feature 0x080: 'AVX-512 ZMM_Hi256'
[    0.000000] x86/fpu: Supporting XSAVE feature 0x200: 'Protection Keys User registers'
[    0.000000] x86/fpu: xstate_offset[2]:  576, xstate_sizes[2]:  256
[    0.000000] x86/fpu: xstate_offset[5]:  832, xstate_sizes[5]:   64
[    0.000000] x86/fpu: xstate_offset[6]:  896, xstate_sizes[6]:  512
[    0.000000] x86/fpu: xstate_offset[7]: 1408, xstate_sizes[7]: 1024
[    0.000000] x86/fpu: xstate_offset[9]: 2432, xstate_sizes[9]:    8
[    0.000000] x86/fpu: Enabled xstate features 0x2e7, context size is 2440 bytes, using 'compacted' format.
[    0.000000] BIOS-provided physical RAM map:
[    0.000000] BIOS-e820: [mem 0x0000000000000000-0x000000000008efff] usable
[    0.000000] BIOS-e820: [mem 0x000000000008f000-0x000000000008ffff] reserved
[    0.000000] BIOS-e820: [mem 0x0000000000090000-0x000000000009ffff] usable
[    0.000000] BIOS-e820: [mem 0x00000000000a0000-0x00000000000fffff] reserved
[    0.000000] BIOS-e820: [mem 0x0000000000100000-0x0000000049e76fff] usable
[    0.000000] BIOS-e820: [mem 0x0000000049e77000-0x000000004ae76fff] ACPI NVS
[    0.000000] BIOS-e820: [mem 0x000000004ae77000-0x000000004b2cefff] usable
[    0.000000] BIOS-e820: [mem 0x000000004b2cf000-0x000000004b54dfff] ACPI data
[    0.000000] BIOS-e820: [mem 0x000000004b54e000-0x000000004bd93fff] usable
[    0.000000] BIOS-e820: [mem 0x000000004bd94000-0x000000004be99fff] reserved
[    0.000000] BIOS-e820: [mem 0x000000004be9a000-0x000000004cdfffff] usable
[    0.000000] BIOS-e820: [mem 0x000000004ce00000-0x000000004cffffff] reserved
[    0.000000] BIOS-e820: [mem 0x000000004d000000-0x000000005eefdfff] usable
[    0.000000] BIOS-e820: [mem 0x000000005eefe000-0x000000006e3fefff] reserved
[    0.000000] BIOS-e820: [mem 0x000000006e3ff000-0x000000006f3fefff] ACPI NVS
[    0.000000] BIOS-e820: [mem 0x000000006f3ff000-0x000000006f7fefff] ACPI data
[    0.000000] BIOS-e820: [mem 0x000000006f7ff000-0x000000006f7fffff] usable
[    0.000000] BIOS-e820: [mem 0x000000006f800000-0x000000008fffffff] reserved
[    0.000000] BIOS-e820: [mem 0x00000000fe000000-0x00000000fe010fff] reserved
[    0.000000] BIOS-e820: [mem 0x0000000100000000-0x000000207fffffff] usable
[    0.000000] BIOS-e820: [mem 0x0000002080000000-0x0000011c7fffffff] persistent (type 7)
[    0.000000] BIOS-e820: [mem 0x00001ffc00000000-0x00001fffffffffff] reserved
[    0.000000] NX (Execute Disable) protection: active
[    0.000000] e820: update [mem 0x47c75020-0x47c7d05f] usable ==> usable
[    0.000000] e820: update [mem 0x47c75020-0x47c7d05f] usable ==> usable
[    0.000000] e820: update [mem 0x47c42020-0x47c74c5f] usable ==> usable
[    0.000000] e820: update [mem 0x47c42020-0x47c74c5f] usable ==> usable
[    0.000000] e820: update [mem 0x47c0f020-0x47c41c5f] usable ==> usable
[    0.000000] e820: update [mem 0x47c0f020-0x47c41c5f] usable ==> usable
[    0.000000] e820: update [mem 0x47bdd020-0x47c0ea5f] usable ==> usable
[    0.000000] e820: update [mem 0x47bdd020-0x47c0ea5f] usable ==> usable
[    0.000000] extended physical RAM map:
[    0.000000] reserve setup_data: [mem 0x0000000000000000-0x000000000008efff] usable
[    0.000000] reserve setup_data: [mem 0x000000000008f000-0x000000000008ffff] reserved
[    0.000000] reserve setup_data: [mem 0x0000000000090000-0x000000000009ffff] usable
[    0.000000] reserve setup_data: [mem 0x00000000000a0000-0x00000000000fffff] reserved
[    0.000000] reserve setup_data: [mem 0x0000000000100000-0x0000000047bdd01f] usable
[    0.000000] reserve setup_data: [mem 0x0000000047bdd020-0x0000000047c0ea5f] usable
[    0.000000] reserve setup_data: [mem 0x0000000047c0ea60-0x0000000047c0f01f] usable
[    0.000000] reserve setup_data: [mem 0x0000000047c0f020-0x0000000047c41c5f] usable
[    0.000000] reserve setup_data: [mem 0x0000000047c41c60-0x0000000047c4201f] usable
[    0.000000] reserve setup_data: [mem 0x0000000047c42020-0x0000000047c74c5f] usable
[    0.000000] reserve setup_data: [mem 0x0000000047c74c60-0x0000000047c7501f] usable
[    0.000000] reserve setup_data: [mem 0x0000000047c75020-0x0000000047c7d05f] usable
[    0.000000] reserve setup_data: [mem 0x0000000047c7d060-0x0000000049e76fff] usable
[    0.000000] reserve setup_data: [mem 0x0000000049e77000-0x000000004ae76fff] ACPI NVS
[    0.000000] reserve setup_data: [mem 0x000000004ae77000-0x000000004b2cefff] usable
[    0.000000] reserve setup_data: [mem 0x000000004b2cf000-0x000000004b54dfff] ACPI data
[    0.000000] reserve setup_data: [mem 0x000000004b54e000-0x000000004bd93fff] usable
[    0.000000] reserve setup_data: [mem 0x000000004bd94000-0x000000004be99fff] reserved
[    0.000000] reserve setup_data: [mem 0x000000004be9a000-0x000000004cdfffff] usable
[    0.000000] reserve setup_data: [mem 0x000000004ce00000-0x000000004cffffff] reserved
[    0.000000] reserve setup_data: [mem 0x000000004d000000-0x000000005eefdfff] usable
[    0.000000] reserve setup_data: [mem 0x000000005eefe000-0x000000006e3fefff] reserved
[    0.000000] reserve setup_data: [mem 0x000000006e3ff000-0x000000006f3fefff] ACPI NVS
[    0.000000] reserve setup_data: [mem 0x000000006f3ff000-0x000000006f7fefff] ACPI data
[    0.000000] reserve setup_data: [mem 0x000000006f7ff000-0x000000006f7fffff] usable
[    0.000000] reserve setup_data: [mem 0x000000006f800000-0x000000008fffffff] reserved
[    0.000000] reserve setup_data: [mem 0x00000000fe000000-0x00000000fe010fff] reserved
[    0.000000] reserve setup_data: [mem 0x0000000100000000-0x00000002e5ffffff] persistent (type 12)
[    0.000000] reserve setup_data: [mem 0x00000002e6000000-0x0000000fffffffff] usable
[    0.000000] reserve setup_data: [mem 0x0000001000000000-0x0000001ebfffffff] persistent (type 12)
[    0.000000] reserve setup_data: [mem 0x0000001ec0000000-0x000000207fffffff] usable
[    0.000000] reserve setup_data: [mem 0x0000002080000000-0x0000011c7fffffff] persistent (type 7)
[    0.000000] reserve setup_data: [mem 0x00001ffc00000000-0x00001fffffffffff] reserved
[    0.000000] user-defined physical RAM map:
[    0.000000] user: [mem 0x0000000000000000-0x000000000008efff] usable
[    0.000000] user: [mem 0x000000000008f000-0x000000000008ffff] reserved
[    0.000000] user: [mem 0x0000000000090000-0x000000000009ffff] usable
[    0.000000] user: [mem 0x00000000000a0000-0x00000000000fffff] reserved
[    0.000000] user: [mem 0x0000000000100000-0x0000000047bdd01f] usable
[    0.000000] user: [mem 0x0000000047bdd020-0x0000000047c0ea5f] usable
[    0.000000] user: [mem 0x0000000047c0ea60-0x0000000047c0f01f] usable
[    0.000000] user: [mem 0x0000000047c0f020-0x0000000047c41c5f] usable
[    0.000000] user: [mem 0x0000000047c41c60-0x0000000047c4201f] usable
[    0.000000] user: [mem 0x0000000047c42020-0x0000000047c74c5f] usable
[    0.000000] user: [mem 0x0000000047c74c60-0x0000000047c7501f] usable
[    0.000000] user: [mem 0x0000000047c75020-0x0000000047c7d05f] usable
[    0.000000] user: [mem 0x0000000047c7d060-0x0000000049e76fff] usable
[    0.000000] user: [mem 0x0000000049e77000-0x000000004ae76fff] ACPI NVS
[    0.000000] user: [mem 0x000000004ae77000-0x000000004b2cefff] usable
[    0.000000] user: [mem 0x000000004b2cf000-0x000000004b54dfff] ACPI data
[    0.000000] user: [mem 0x000000004b54e000-0x000000004bd93fff] usable
[    0.000000] user: [mem 0x000000004bd94000-0x000000004be99fff] reserved
[    0.000000] user: [mem 0x000000004be9a000-0x000000004cdfffff] usable
[    0.000000] user: [mem 0x000000004ce00000-0x000000004cffffff] reserved
[    0.000000] user: [mem 0x000000004d000000-0x000000005eefdfff] usable
[    0.000000] user: [mem 0x000000005eefe000-0x000000006e3fefff] reserved
[    0.000000] user: [mem 0x000000006e3ff000-0x000000006f3fefff] ACPI NVS
[    0.000000] user: [mem 0x000000006f3ff000-0x000000006f7fefff] ACPI data
[    0.000000] user: [mem 0x000000006f7ff000-0x000000006f7fffff] usable
[    0.000000] user: [mem 0x000000006f800000-0x000000008fffffff] reserved
[    0.000000] user: [mem 0x00000000fe000000-0x00000000fe010fff] reserved
[    0.000000] user: [mem 0x0000000100000000-0x00000002e5ffffff] persistent (type 12)
[    0.000000] user: [mem 0x00000002e6000000-0x0000000fffffffff] usable
[    0.000000] user: [mem 0x0000001000000000-0x0000001ebfffffff] persistent (type 12)
[    0.000000] user: [mem 0x0000001ec0000000-0x000000207fffffff] usable
[    0.000000] user: [mem 0x0000002080000000-0x0000011c7fffffff] persistent (type 7)
[    0.000000] user: [mem 0x00001ffc00000000-0x00001fffffffffff] reserved
[    0.000000] efi: EFI v2.70 by Dell Inc.
[    0.000000] efi:  ACPI=0x6f7fe000  ACPI 2.0=0x6f7fe014  MEMATTR=0x5a1f8020  SMBIOS=0x69526000  SMBIOS 3.0=0x69524000 
[    0.000000] SMBIOS 3.3.0 present.
[    0.000000] DMI: Dell Inc. PowerEdge R750/0K8F35, BIOS 1.10.2 03/03/2023
[    0.000000] tsc: Detected 2000.000 MHz processor
[    0.000008] e820: update [mem 0x00000000-0x00000fff] usable ==> reserved
[    0.000009] e820: remove [mem 0x000a0000-0x000fffff] usable
[    0.000017] last_pfn = 0x2080000 max_arch_pfn = 0x400000000
[    0.000020] MTRR default type: uncachable
[    0.000021] MTRR fixed ranges enabled:
[    0.000022]   00000-9FFFF write-back
[    0.000022]   A0000-BFFFF uncachable
[    0.000023]   C0000-FFFFF write-protect
[    0.000023] MTRR variable ranges enabled:
[    0.000025]   0 base 000000000000 mask 3E0000000000 write-back
[    0.000026]   1 base 000080000000 mask 3FFF80000000 uncachable
[    0.000027]   2 base 00007F000000 mask 3FFFFF000000 uncachable
[    0.000027]   3 disabled
[    0.000027]   4 disabled
[    0.000028]   5 disabled
[    0.000028]   6 disabled
[    0.000028]   7 disabled
[    0.000029]   8 disabled
[    0.000029]   9 disabled
[    0.000784] x86/PAT: Configuration [0-7]: WB  WC  UC- UC  WB  WP  UC- WT  
[    0.001837] total RAM covered: 2095088M
[    0.001921]  gran_size: 64K 	chunk_size: 64K 	num_reg: 10  	lose cover RAM: 2016G
[    0.001922]  gran_size: 64K 	chunk_size: 128K 	num_reg: 10  	lose cover RAM: 2016G
[    0.001923]  gran_size: 64K 	chunk_size: 256K 	num_reg: 10  	lose cover RAM: 2016G
[    0.001923]  gran_size: 64K 	chunk_size: 512K 	num_reg: 10  	lose cover RAM: 2016G
[    0.001924]  gran_size: 64K 	chunk_size: 1M 	num_reg: 10  	lose cover RAM: 2016G
[    0.001925]  gran_size: 64K 	chunk_size: 2M 	num_reg: 10  	lose cover RAM: 2016G
[    0.001925]  gran_size: 64K 	chunk_size: 4M 	num_reg: 10  	lose cover RAM: 2016G
[    0.001926]  gran_size: 64K 	chunk_size: 8M 	num_reg: 10  	lose cover RAM: 2016G
[    0.001927]  gran_size: 64K 	chunk_size: 16M 	num_reg: 10  	lose cover RAM: 2016G
[    0.001927]  gran_size: 64K 	chunk_size: 32M 	num_reg: 10  	lose cover RAM: 1024G
[    0.001928]  gran_size: 64K 	chunk_size: 64M 	num_reg: 10  	lose cover RAM: 1024G
[    0.001929]  gran_size: 64K 	chunk_size: 128M 	num_reg: 10  	lose cover RAM: 1024G
[    0.001929]  gran_size: 64K 	chunk_size: 256M 	num_reg: 10  	lose cover RAM: 1024G
[    0.001930]  gran_size: 64K 	chunk_size: 512M 	num_reg: 10  	lose cover RAM: 1024G
[    0.001931]  gran_size: 64K 	chunk_size: 1G 	num_reg: 10  	lose cover RAM: 1024G
[    0.001931]  gran_size: 64K 	chunk_size: 2G 	num_reg: 10  	lose cover RAM: 1024G
[    0.001932]  gran_size: 128K 	chunk_size: 128K 	num_reg: 10  	lose cover RAM: 2016G
[    0.001933]  gran_size: 128K 	chunk_size: 256K 	num_reg: 10  	lose cover RAM: 2016G
[    0.001933]  gran_size: 128K 	chunk_size: 512K 	num_reg: 10  	lose cover RAM: 2016G
[    0.001934]  gran_size: 128K 	chunk_size: 1M 	num_reg: 10  	lose cover RAM: 2016G
[    0.001935]  gran_size: 128K 	chunk_size: 2M 	num_reg: 10  	lose cover RAM: 2016G
[    0.001935]  gran_size: 128K 	chunk_size: 4M 	num_reg: 10  	lose cover RAM: 2016G
[    0.001936]  gran_size: 128K 	chunk_size: 8M 	num_reg: 10  	lose cover RAM: 2016G
[    0.001937]  gran_size: 128K 	chunk_size: 16M 	num_reg: 10  	lose cover RAM: 2016G
[    0.001937]  gran_size: 128K 	chunk_size: 32M 	num_reg: 10  	lose cover RAM: 1024G
[    0.001938]  gran_size: 128K 	chunk_size: 64M 	num_reg: 10  	lose cover RAM: 1024G
[    0.001939]  gran_size: 128K 	chunk_size: 128M 	num_reg: 10  	lose cover RAM: 1024G
[    0.001939]  gran_size: 128K 	chunk_size: 256M 	num_reg: 10  	lose cover RAM: 1024G
[    0.001940]  gran_size: 128K 	chunk_size: 512M 	num_reg: 10  	lose cover RAM: 1024G
[    0.001941]  gran_size: 128K 	chunk_size: 1G 	num_reg: 10  	lose cover RAM: 1024G
[    0.001941]  gran_size: 128K 	chunk_size: 2G 	num_reg: 10  	lose cover RAM: 1024G
[    0.001942]  gran_size: 256K 	chunk_size: 256K 	num_reg: 10  	lose cover RAM: 2016G
[    0.001943]  gran_size: 256K 	chunk_size: 512K 	num_reg: 10  	lose cover RAM: 2016G
[    0.001943]  gran_size: 256K 	chunk_size: 1M 	num_reg: 10  	lose cover RAM: 2016G
[    0.001944]  gran_size: 256K 	chunk_size: 2M 	num_reg: 10  	lose cover RAM: 2016G
[    0.001945]  gran_size: 256K 	chunk_size: 4M 	num_reg: 10  	lose cover RAM: 2016G
[    0.001945]  gran_size: 256K 	chunk_size: 8M 	num_reg: 10  	lose cover RAM: 2016G
[    0.001946]  gran_size: 256K 	chunk_size: 16M 	num_reg: 10  	lose cover RAM: 2016G
[    0.001947]  gran_size: 256K 	chunk_size: 32M 	num_reg: 10  	lose cover RAM: 1024G
[    0.001947]  gran_size: 256K 	chunk_size: 64M 	num_reg: 10  	lose cover RAM: 1024G
[    0.001948]  gran_size: 256K 	chunk_size: 128M 	num_reg: 10  	lose cover RAM: 1024G
[    0.001949]  gran_size: 256K 	chunk_size: 256M 	num_reg: 10  	lose cover RAM: 1024G
[    0.001949]  gran_size: 256K 	chunk_size: 512M 	num_reg: 10  	lose cover RAM: 1024G
[    0.001950]  gran_size: 256K 	chunk_size: 1G 	num_reg: 10  	lose cover RAM: 1024G
[    0.001951]  gran_size: 256K 	chunk_size: 2G 	num_reg: 10  	lose cover RAM: 1024G
[    0.001951]  gran_size: 512K 	chunk_size: 512K 	num_reg: 10  	lose cover RAM: 2016G
[    0.001952]  gran_size: 512K 	chunk_size: 1M 	num_reg: 10  	lose cover RAM: 2016G
[    0.001953]  gran_size: 512K 	chunk_size: 2M 	num_reg: 10  	lose cover RAM: 2016G
[    0.001953]  gran_size: 512K 	chunk_size: 4M 	num_reg: 10  	lose cover RAM: 2016G
[    0.001954]  gran_size: 512K 	chunk_size: 8M 	num_reg: 10  	lose cover RAM: 2016G
[    0.001955]  gran_size: 512K 	chunk_size: 16M 	num_reg: 10  	lose cover RAM: 2016G
[    0.001955]  gran_size: 512K 	chunk_size: 32M 	num_reg: 10  	lose cover RAM: 1024G
[    0.001956]  gran_size: 512K 	chunk_size: 64M 	num_reg: 10  	lose cover RAM: 1024G
[    0.001957]  gran_size: 512K 	chunk_size: 128M 	num_reg: 10  	lose cover RAM: 1024G
[    0.001957]  gran_size: 512K 	chunk_size: 256M 	num_reg: 10  	lose cover RAM: 1024G
[    0.001958]  gran_size: 512K 	chunk_size: 512M 	num_reg: 10  	lose cover RAM: 1024G
[    0.001959]  gran_size: 512K 	chunk_size: 1G 	num_reg: 10  	lose cover RAM: 1024G
[    0.001959]  gran_size: 512K 	chunk_size: 2G 	num_reg: 10  	lose cover RAM: 1024G
[    0.001960]  gran_size: 1M 	chunk_size: 1M 	num_reg: 10  	lose cover RAM: 2016G
[    0.001961]  gran_size: 1M 	chunk_size: 2M 	num_reg: 10  	lose cover RAM: 2016G
[    0.001961]  gran_size: 1M 	chunk_size: 4M 	num_reg: 10  	lose cover RAM: 2016G
[    0.001962]  gran_size: 1M 	chunk_size: 8M 	num_reg: 10  	lose cover RAM: 2016G
[    0.001963]  gran_size: 1M 	chunk_size: 16M 	num_reg: 10  	lose cover RAM: 2016G
[    0.001963]  gran_size: 1M 	chunk_size: 32M 	num_reg: 10  	lose cover RAM: 1024G
[    0.001964]  gran_size: 1M 	chunk_size: 64M 	num_reg: 10  	lose cover RAM: 1024G
[    0.001965]  gran_size: 1M 	chunk_size: 128M 	num_reg: 10  	lose cover RAM: 1024G
[    0.001965]  gran_size: 1M 	chunk_size: 256M 	num_reg: 10  	lose cover RAM: 1024G
[    0.001966]  gran_size: 1M 	chunk_size: 512M 	num_reg: 10  	lose cover RAM: 1024G
[    0.001967]  gran_size: 1M 	chunk_size: 1G 	num_reg: 10  	lose cover RAM: 1024G
[    0.001967]  gran_size: 1M 	chunk_size: 2G 	num_reg: 10  	lose cover RAM: 1024G
[    0.001968]  gran_size: 2M 	chunk_size: 2M 	num_reg: 10  	lose cover RAM: 2016G
[    0.001969]  gran_size: 2M 	chunk_size: 4M 	num_reg: 10  	lose cover RAM: 2016G
[    0.001969]  gran_size: 2M 	chunk_size: 8M 	num_reg: 10  	lose cover RAM: 2016G
[    0.001970]  gran_size: 2M 	chunk_size: 16M 	num_reg: 10  	lose cover RAM: 2016G
[    0.001971]  gran_size: 2M 	chunk_size: 32M 	num_reg: 10  	lose cover RAM: 1024G
[    0.001971]  gran_size: 2M 	chunk_size: 64M 	num_reg: 10  	lose cover RAM: 1024G
[    0.001972]  gran_size: 2M 	chunk_size: 128M 	num_reg: 10  	lose cover RAM: 1024G
[    0.001973]  gran_size: 2M 	chunk_size: 256M 	num_reg: 10  	lose cover RAM: 1024G
[    0.001974]  gran_size: 2M 	chunk_size: 512M 	num_reg: 10  	lose cover RAM: 1024G
[    0.001974]  gran_size: 2M 	chunk_size: 1G 	num_reg: 10  	lose cover RAM: 1024G
[    0.001975]  gran_size: 2M 	chunk_size: 2G 	num_reg: 10  	lose cover RAM: 1024G
[    0.001976]  gran_size: 4M 	chunk_size: 4M 	num_reg: 10  	lose cover RAM: 2016G
[    0.001976]  gran_size: 4M 	chunk_size: 8M 	num_reg: 10  	lose cover RAM: 2016G
[    0.001977]  gran_size: 4M 	chunk_size: 16M 	num_reg: 10  	lose cover RAM: 2016G
[    0.001978]  gran_size: 4M 	chunk_size: 32M 	num_reg: 10  	lose cover RAM: 1024G
[    0.001978]  gran_size: 4M 	chunk_size: 64M 	num_reg: 10  	lose cover RAM: 1024G
[    0.001979]  gran_size: 4M 	chunk_size: 128M 	num_reg: 10  	lose cover RAM: 1024G
[    0.001980]  gran_size: 4M 	chunk_size: 256M 	num_reg: 10  	lose cover RAM: 1024G
[    0.001980]  gran_size: 4M 	chunk_size: 512M 	num_reg: 10  	lose cover RAM: 1024G
[    0.001981]  gran_size: 4M 	chunk_size: 1G 	num_reg: 10  	lose cover RAM: 1024G
[    0.001982]  gran_size: 4M 	chunk_size: 2G 	num_reg: 10  	lose cover RAM: 1024G
[    0.001982]  gran_size: 8M 	chunk_size: 8M 	num_reg: 10  	lose cover RAM: 2016G
[    0.001983]  gran_size: 8M 	chunk_size: 16M 	num_reg: 10  	lose cover RAM: 2016G
[    0.001984]  gran_size: 8M 	chunk_size: 32M 	num_reg: 10  	lose cover RAM: 1024G
[    0.001984]  gran_size: 8M 	chunk_size: 64M 	num_reg: 10  	lose cover RAM: 1024G
[    0.001985]  gran_size: 8M 	chunk_size: 128M 	num_reg: 10  	lose cover RAM: 1024G
[    0.001986]  gran_size: 8M 	chunk_size: 256M 	num_reg: 10  	lose cover RAM: 1024G
[    0.001986]  gran_size: 8M 	chunk_size: 512M 	num_reg: 10  	lose cover RAM: 1024G
[    0.001987]  gran_size: 8M 	chunk_size: 1G 	num_reg: 10  	lose cover RAM: 1024G
[    0.001988]  gran_size: 8M 	chunk_size: 2G 	num_reg: 10  	lose cover RAM: 1024G
[    0.001988]  gran_size: 16M 	chunk_size: 16M 	num_reg: 10  	lose cover RAM: 2016G
[    0.001989]  gran_size: 16M 	chunk_size: 32M 	num_reg: 10  	lose cover RAM: 1024G
[    0.001990]  gran_size: 16M 	chunk_size: 64M 	num_reg: 10  	lose cover RAM: 1024G
[    0.001990]  gran_size: 16M 	chunk_size: 128M 	num_reg: 10  	lose cover RAM: 1024G
[    0.001991]  gran_size: 16M 	chunk_size: 256M 	num_reg: 10  	lose cover RAM: 1024G
[    0.001992]  gran_size: 16M 	chunk_size: 512M 	num_reg: 10  	lose cover RAM: 1024G
[    0.001992]  gran_size: 16M 	chunk_size: 1G 	num_reg: 10  	lose cover RAM: 1024G
[    0.001993]  gran_size: 16M 	chunk_size: 2G 	num_reg: 10  	lose cover RAM: 1024G
[    0.001994]  gran_size: 32M 	chunk_size: 32M 	num_reg: 10  	lose cover RAM: 2031632M
[    0.001995]  gran_size: 32M 	chunk_size: 64M 	num_reg: 10  	lose cover RAM: 1048592M
[    0.001995]  gran_size: 32M 	chunk_size: 128M 	num_reg: 10  	lose cover RAM: 1048592M
[    0.001996]  gran_size: 32M 	chunk_size: 256M 	num_reg: 10  	lose cover RAM: 1048592M
[    0.001997]  gran_size: 32M 	chunk_size: 512M 	num_reg: 10  	lose cover RAM: 1048592M
[    0.001997]  gran_size: 32M 	chunk_size: 1G 	num_reg: 10  	lose cover RAM: 1048592M
[    0.001998]  gran_size: 32M 	chunk_size: 2G 	num_reg: 10  	lose cover RAM: 1048592M
[    0.001999]  gran_size: 64M 	chunk_size: 64M 	num_reg: 10  	lose cover RAM: 1966128M
[    0.001999]  gran_size: 64M 	chunk_size: 128M 	num_reg: 10  	lose cover RAM: 1048624M
[    0.002000]  gran_size: 64M 	chunk_size: 256M 	num_reg: 10  	lose cover RAM: 1048624M
[    0.002001]  gran_size: 64M 	chunk_size: 512M 	num_reg: 10  	lose cover RAM: 1048624M
[    0.002001]  gran_size: 64M 	chunk_size: 1G 	num_reg: 10  	lose cover RAM: 1048624M
[    0.002002]  gran_size: 64M 	chunk_size: 2G 	num_reg: 10  	lose cover RAM: 1048624M
[    0.002003]  gran_size: 128M 	chunk_size: 128M 	num_reg: 10  	lose cover RAM: 1835120M
[    0.002003]  gran_size: 128M 	chunk_size: 256M 	num_reg: 10  	lose cover RAM: 1048688M
[    0.002004]  gran_size: 128M 	chunk_size: 512M 	num_reg: 10  	lose cover RAM: 1048688M
[    0.002005]  gran_size: 128M 	chunk_size: 1G 	num_reg: 10  	lose cover RAM: 1048688M
[    0.002005]  gran_size: 128M 	chunk_size: 2G 	num_reg: 10  	lose cover RAM: 1048688M
[    0.002006]  gran_size: 256M 	chunk_size: 256M 	num_reg: 10  	lose cover RAM: 1573104M
[    0.002007]  gran_size: 256M 	chunk_size: 512M 	num_reg: 10  	lose cover RAM: 1048816M
[    0.002007]  gran_size: 256M 	chunk_size: 1G 	num_reg: 10  	lose cover RAM: 1048816M
[    0.002008]  gran_size: 256M 	chunk_size: 2G 	num_reg: 10  	lose cover RAM: 1048816M
[    0.002009]  gran_size: 512M 	chunk_size: 512M 	num_reg: 10  	lose cover RAM: 1049072M
[    0.002010]  gran_size: 512M 	chunk_size: 1G 	num_reg: 10  	lose cover RAM: 1049072M
[    0.002010]  gran_size: 512M 	chunk_size: 2G 	num_reg: 10  	lose cover RAM: 1049072M
[    0.002011]  gran_size: 1G 	chunk_size: 1G 	num_reg: 10  	lose cover RAM: 1008M
[    0.002012]  gran_size: 1G 	chunk_size: 2G 	num_reg: 10  	lose cover RAM: 1008M
[    0.002012]  gran_size: 2G 	chunk_size: 2G 	num_reg: 9  	lose cover RAM: 2032M
[    0.002013] mtrr_cleanup: can not find optimal value
[    0.002014] please specify mtrr_gran_size/mtrr_chunk_size
[    0.002016] e820: update [mem 0x7f000000-0xffffffff] usable ==> reserved
[    0.002018] x2apic: enabled by BIOS, switching to x2apic ops
[    0.002019] last_pfn = 0x6f800 max_arch_pfn = 0x400000000
[    0.013425] check: Scanning 1 areas for low memory corruption
[    0.013430] Using GB pages for direct mapping
[    0.013432] BRK [0x709e01000, 0x709e01fff] PGTABLE
[    0.013433] BRK [0x709e02000, 0x709e02fff] PGTABLE
[    0.013434] BRK [0x709e03000, 0x709e03fff] PGTABLE
[    0.013472] BRK [0x709e04000, 0x709e04fff] PGTABLE
[    0.013558] BRK [0x709e05000, 0x709e05fff] PGTABLE
[    0.013617] BRK [0x709e06000, 0x709e06fff] PGTABLE
[    0.013722] BRK [0x709e07000, 0x709e07fff] PGTABLE
[    0.013835] BRK [0x709e08000, 0x709e08fff] PGTABLE
[    0.013929] BRK [0x709e09000, 0x709e09fff] PGTABLE
[    0.014041] BRK [0x709e0a000, 0x709e0afff] PGTABLE
[    0.014114] BRK [0x709e0b000, 0x709e0bfff] PGTABLE
[    0.014280] BRK [0x709e0c000, 0x709e0cfff] PGTABLE
[    0.014466] Secure boot disabled
[    0.014467] RAMDISK: [mem 0x2065920000-0x207fffffff]
[    0.014474] ACPI: Early table checksum verification disabled
[    0.014476] ACPI: RSDP 0x000000006F7FE014 000024 (v02 DELL  )
[    0.014478] ACPI: XSDT 0x000000006F41C188 0000F4 (v01 DELL   PE_SC3   00000000 DELL 01000013)
[    0.014483] ACPI: FACP 0x000000006F430000 000114 (v06 DELL   PE_SC3   00000000 DELL 00000001)
[    0.014487] ACPI: DSDT 0x000000004B4CE000 07FAD3 (v02 DELL   PE_SC3   00000003 DELL 00000001)
[    0.014490] ACPI: FACS 0x000000006F2F2000 000040
[    0.014492] ACPI: SSDT 0x000000006F7FB000 00159A (v02 INTEL  RAS_ACPI 00000001 INTL 20210331)
[    0.014495] ACPI: SSDT 0x000000006F7FA000 000745 (v02 INTEL  ADDRXLAT 00000001 INTL 20210331)
[    0.014498] ACPI: MCEJ 0x000000006F7F9000 000130 (v01 INTEL           00000001 INTL 0100000D)
[    0.014501] ACPI: BERT 0x000000006F7F8000 000030 (v01 DELL   PE_SC3   00000001 INTL 00000001)
[    0.014503] ACPI: ERST 0x000000006F7F7000 000230 (v01 DELL   PE_SC3   00000001 INTL 00000001)
[    0.014506] ACPI: SSDT 0x000000006F431000 3C524E (v02 INTEL  SSDTNVDR 00001000 INTL 20210331)
[    0.014508] ACPI: HMAT 0x000000006F42F000 000210 (v01 DELL   PE_SC3   00000001 DELL 00000001)
[    0.014511] ACPI: HPET 0x000000006F42E000 000038 (v01 DELL   PE_SC3   00000001 DELL 00000001)
[    0.014513] ACPI: MCFG 0x000000006F42D000 00003C (v01 DELL   PE_SC3   00000001 DELL 00000001)
[    0.014516] ACPI: MIGT 0x000000006F42C000 000040 (v01 DELL   PE_SC3   00000000 DELL 00000001)
[    0.014519] ACPI: MSCT 0x000000006F42B000 000090 (v01 DELL   PE_SC3   00000001 DELL 00000001)
[    0.014521] ACPI: PMTT 0x000000006F429000 0011E8 (v02 DELL   PE_SC3   00000001 DELL 00000001)
[    0.014524] ACPI: WSMT 0x000000006F428000 000028 (v01 DELL   PE_SC3   00000000 DELL 00000001)
[    0.014526] ACPI: APIC 0x000000006F427000 00075E (v04 DELL   PE_SC3   00000000 DELL 00000001)
[    0.014529] ACPI: SLIT 0x000000006F426000 00003C (v01 DELL   PE_SC3   00000001 DELL 01000013)
[    0.014531] ACPI: SRAT 0x000000006F41F000 006430 (v03 DELL   PE_SC3   00000002 DELL 01000013)
[    0.014534] ACPI: OEM4 0x000000004B346000 187A61 (v02 INTEL  CPU  CST 00003000 INTL 20210331)
[    0.014536] ACPI: SSDT 0x000000004B2CF000 0764A5 (v02 INTEL  SSDT  PM 00004000 INTL 20210331)
[    0.014539] ACPI: SSDT 0x000000006F41E000 000A1F (v02 DELL   PE_SC3   00000000 DELL 00000001)
[    0.014542] ACPI: HEST 0x000000006F41D000 00017C (v01 DELL   PE_SC3   00000001 INTL 00000001)
[    0.014544] ACPI: PCAT 0x000000006F41B000 00010C (v19 DELL   PE_SC3   00000002 DELL 00000001)
[    0.014547] ACPI: SSDT 0x000000006F413000 007299 (v02 INTEL  SpsNm    00000002 INTL 20210331)
[    0.014549] ACPI: SSDT 0x000000006F412000 000426 (v02 DELL   PE_SC3   00000002 DELL 00000001)
[    0.014552] ACPI: NFIT 0x000000006F7FD000 000488 (v01 DELL   PE_SC3   00000002 DELL 00000001)
[    0.014554] ACPI: DMAR 0x000000006F411000 000158 (v01 DELL   PE_SC3   00000001 DELL 00000001)
[    0.014562] ACPI: Local APIC address 0xfee00000
[    0.014563] Setting APIC routing to cluster x2apic.
[    0.014609] SRAT: PXM 0 -> APIC 0x0000 -> Node 0
[    0.014609] SRAT: PXM 0 -> APIC 0x0001 -> Node 0
[    0.014610] SRAT: PXM 0 -> APIC 0x0002 -> Node 0
[    0.014610] SRAT: PXM 0 -> APIC 0x0003 -> Node 0
[    0.014610] SRAT: PXM 0 -> APIC 0x0004 -> Node 0
[    0.014611] SRAT: PXM 0 -> APIC 0x0005 -> Node 0
[    0.014611] SRAT: PXM 0 -> APIC 0x0006 -> Node 0
[    0.014612] SRAT: PXM 0 -> APIC 0x0007 -> Node 0
[    0.014612] SRAT: PXM 0 -> APIC 0x0008 -> Node 0
[    0.014613] SRAT: PXM 0 -> APIC 0x0009 -> Node 0
[    0.014613] SRAT: PXM 0 -> APIC 0x000a -> Node 0
[    0.014613] SRAT: PXM 0 -> APIC 0x000b -> Node 0
[    0.014614] SRAT: PXM 0 -> APIC 0x000c -> Node 0
[    0.014614] SRAT: PXM 0 -> APIC 0x000d -> Node 0
[    0.014615] SRAT: PXM 0 -> APIC 0x000e -> Node 0
[    0.014615] SRAT: PXM 0 -> APIC 0x000f -> Node 0
[    0.014616] SRAT: PXM 0 -> APIC 0x0010 -> Node 0
[    0.014616] SRAT: PXM 0 -> APIC 0x0011 -> Node 0
[    0.014616] SRAT: PXM 0 -> APIC 0x0012 -> Node 0
[    0.014617] SRAT: PXM 0 -> APIC 0x0013 -> Node 0
[    0.014617] SRAT: PXM 0 -> APIC 0x0014 -> Node 0
[    0.014618] SRAT: PXM 0 -> APIC 0x0015 -> Node 0
[    0.014618] SRAT: PXM 0 -> APIC 0x0016 -> Node 0
[    0.014618] SRAT: PXM 0 -> APIC 0x0017 -> Node 0
[    0.014619] SRAT: PXM 0 -> APIC 0x0018 -> Node 0
[    0.014619] SRAT: PXM 0 -> APIC 0x0019 -> Node 0
[    0.014620] SRAT: PXM 0 -> APIC 0x001a -> Node 0
[    0.014620] SRAT: PXM 0 -> APIC 0x001b -> Node 0
[    0.014620] SRAT: PXM 0 -> APIC 0x001c -> Node 0
[    0.014621] SRAT: PXM 0 -> APIC 0x001d -> Node 0
[    0.014621] SRAT: PXM 0 -> APIC 0x001e -> Node 0
[    0.014622] SRAT: PXM 0 -> APIC 0x001f -> Node 0
[    0.014622] SRAT: PXM 0 -> APIC 0x0020 -> Node 0
[    0.014622] SRAT: PXM 0 -> APIC 0x0021 -> Node 0
[    0.014623] SRAT: PXM 0 -> APIC 0x0022 -> Node 0
[    0.014623] SRAT: PXM 0 -> APIC 0x0023 -> Node 0
[    0.014624] SRAT: PXM 0 -> APIC 0x0024 -> Node 0
[    0.014624] SRAT: PXM 0 -> APIC 0x0025 -> Node 0
[    0.014625] SRAT: PXM 0 -> APIC 0x0026 -> Node 0
[    0.014625] SRAT: PXM 0 -> APIC 0x0027 -> Node 0
[    0.014625] SRAT: PXM 0 -> APIC 0x0028 -> Node 0
[    0.014626] SRAT: PXM 0 -> APIC 0x0029 -> Node 0
[    0.014626] SRAT: PXM 0 -> APIC 0x002a -> Node 0
[    0.014627] SRAT: PXM 0 -> APIC 0x002b -> Node 0
[    0.014627] SRAT: PXM 0 -> APIC 0x002c -> Node 0
[    0.014627] SRAT: PXM 0 -> APIC 0x002d -> Node 0
[    0.014628] SRAT: PXM 0 -> APIC 0x002e -> Node 0
[    0.014628] SRAT: PXM 0 -> APIC 0x002f -> Node 0
[    0.014629] SRAT: PXM 0 -> APIC 0x0030 -> Node 0
[    0.014629] SRAT: PXM 0 -> APIC 0x0031 -> Node 0
[    0.014629] SRAT: PXM 0 -> APIC 0x0032 -> Node 0
[    0.014630] SRAT: PXM 0 -> APIC 0x0033 -> Node 0
[    0.014630] SRAT: PXM 0 -> APIC 0x0034 -> Node 0
[    0.014631] SRAT: PXM 0 -> APIC 0x0035 -> Node 0
[    0.014631] SRAT: PXM 0 -> APIC 0x0036 -> Node 0
[    0.014632] SRAT: PXM 0 -> APIC 0x0037 -> Node 0
[    0.014632] SRAT: PXM 1 -> APIC 0x0080 -> Node 1
[    0.014632] SRAT: PXM 1 -> APIC 0x0081 -> Node 1
[    0.014633] SRAT: PXM 1 -> APIC 0x0082 -> Node 1
[    0.014633] SRAT: PXM 1 -> APIC 0x0083 -> Node 1
[    0.014634] SRAT: PXM 1 -> APIC 0x0084 -> Node 1
[    0.014634] SRAT: PXM 1 -> APIC 0x0085 -> Node 1
[    0.014635] SRAT: PXM 1 -> APIC 0x0086 -> Node 1
[    0.014635] SRAT: PXM 1 -> APIC 0x0087 -> Node 1
[    0.014635] SRAT: PXM 1 -> APIC 0x0088 -> Node 1
[    0.014636] SRAT: PXM 1 -> APIC 0x0089 -> Node 1
[    0.014636] SRAT: PXM 1 -> APIC 0x008a -> Node 1
[    0.014637] SRAT: PXM 1 -> APIC 0x008b -> Node 1
[    0.014637] SRAT: PXM 1 -> APIC 0x008c -> Node 1
[    0.014637] SRAT: PXM 1 -> APIC 0x008d -> Node 1
[    0.014638] SRAT: PXM 1 -> APIC 0x008e -> Node 1
[    0.014638] SRAT: PXM 1 -> APIC 0x008f -> Node 1
[    0.014639] SRAT: PXM 1 -> APIC 0x0090 -> Node 1
[    0.014639] SRAT: PXM 1 -> APIC 0x0091 -> Node 1
[    0.014639] SRAT: PXM 1 -> APIC 0x0092 -> Node 1
[    0.014640] SRAT: PXM 1 -> APIC 0x0093 -> Node 1
[    0.014640] SRAT: PXM 1 -> APIC 0x0094 -> Node 1
[    0.014641] SRAT: PXM 1 -> APIC 0x0095 -> Node 1
[    0.014641] SRAT: PXM 1 -> APIC 0x0096 -> Node 1
[    0.014642] SRAT: PXM 1 -> APIC 0x0097 -> Node 1
[    0.014642] SRAT: PXM 1 -> APIC 0x0098 -> Node 1
[    0.014642] SRAT: PXM 1 -> APIC 0x0099 -> Node 1
[    0.014643] SRAT: PXM 1 -> APIC 0x009a -> Node 1
[    0.014643] SRAT: PXM 1 -> APIC 0x009b -> Node 1
[    0.014644] SRAT: PXM 1 -> APIC 0x009c -> Node 1
[    0.014644] SRAT: PXM 1 -> APIC 0x009d -> Node 1
[    0.014644] SRAT: PXM 1 -> APIC 0x009e -> Node 1
[    0.014645] SRAT: PXM 1 -> APIC 0x009f -> Node 1
[    0.014645] SRAT: PXM 1 -> APIC 0x00a0 -> Node 1
[    0.014646] SRAT: PXM 1 -> APIC 0x00a1 -> Node 1
[    0.014646] SRAT: PXM 1 -> APIC 0x00a2 -> Node 1
[    0.014646] SRAT: PXM 1 -> APIC 0x00a3 -> Node 1
[    0.014647] SRAT: PXM 1 -> APIC 0x00a4 -> Node 1
[    0.014647] SRAT: PXM 1 -> APIC 0x00a5 -> Node 1
[    0.014648] SRAT: PXM 1 -> APIC 0x00a6 -> Node 1
[    0.014648] SRAT: PXM 1 -> APIC 0x00a7 -> Node 1
[    0.014649] SRAT: PXM 1 -> APIC 0x00a8 -> Node 1
[    0.014649] SRAT: PXM 1 -> APIC 0x00a9 -> Node 1
[    0.014649] SRAT: PXM 1 -> APIC 0x00aa -> Node 1
[    0.014650] SRAT: PXM 1 -> APIC 0x00ab -> Node 1
[    0.014650] SRAT: PXM 1 -> APIC 0x00ac -> Node 1
[    0.014651] SRAT: PXM 1 -> APIC 0x00ad -> Node 1
[    0.014651] SRAT: PXM 1 -> APIC 0x00ae -> Node 1
[    0.014651] SRAT: PXM 1 -> APIC 0x00af -> Node 1
[    0.014652] SRAT: PXM 1 -> APIC 0x00b0 -> Node 1
[    0.014652] SRAT: PXM 1 -> APIC 0x00b1 -> Node 1
[    0.014653] SRAT: PXM 1 -> APIC 0x00b2 -> Node 1
[    0.014653] SRAT: PXM 1 -> APIC 0x00b3 -> Node 1
[    0.014653] SRAT: PXM 1 -> APIC 0x00b4 -> Node 1
[    0.014654] SRAT: PXM 1 -> APIC 0x00b5 -> Node 1
[    0.014654] SRAT: PXM 1 -> APIC 0x00b6 -> Node 1
[    0.014655] SRAT: PXM 1 -> APIC 0x00b7 -> Node 1
[    0.014667] ACPI: SRAT: Node 0 PXM 0 [mem 0x00000000-0x7fffffff]
[    0.014668] ACPI: SRAT: Node 0 PXM 0 [mem 0x100000000-0x107fffffff]
[    0.014669] ACPI: SRAT: Node 2 PXM 2 [mem 0x2080000000-0x9e7fffffff] non-volatile
[    0.014669] ACPI: SRAT: Node 1 PXM 1 [mem 0x1080000000-0x207fffffff]
[    0.014670] ACPI: SRAT: Node 3 PXM 3 [mem 0x9e80000000-0x11c7fffffff] non-volatile
[    0.014679] NUMA: Initialized distance table, cnt=4
[    0.014682] NUMA: Node 0 [mem 0x00000000-0x7fffffff] + [mem 0x100000000-0x107fffffff] -> [mem 0x00000000-0x107fffffff]
[    0.014690] NODE_DATA(0) allocated [mem 0xffffd5000-0xfffffffff]
[    0.014708] NODE_DATA(1) allocated [mem 0x20658f2000-0x206591cfff]
[    0.014880] Zone ranges:
[    0.014881]   DMA      [mem 0x0000000000001000-0x0000000000ffffff]
[    0.014882]   DMA32    [mem 0x0000000001000000-0x00000000ffffffff]
[    0.014883]   Normal   [mem 0x0000000100000000-0x000000207fffffff]
[    0.014883]   Device   empty
[    0.014884] Movable zone start for each node
[    0.014887] Early memory node ranges
[    0.014888]   node   0: [mem 0x0000000000001000-0x000000000008efff]
[    0.014888]   node   0: [mem 0x0000000000090000-0x000000000009ffff]
[    0.014889]   node   0: [mem 0x0000000000100000-0x0000000049e76fff]
[    0.014890]   node   0: [mem 0x000000004ae77000-0x000000004b2cefff]
[    0.014890]   node   0: [mem 0x000000004b54e000-0x000000004bd93fff]
[    0.014890]   node   0: [mem 0x000000004be9a000-0x000000004cdfffff]
[    0.014891]   node   0: [mem 0x000000004d000000-0x000000005eefdfff]
[    0.014891]   node   0: [mem 0x000000006f7ff000-0x000000006f7fffff]
[    0.014892]   node   0: [mem 0x00000002e6000000-0x0000000fffffffff]
[    0.014895]   node   1: [mem 0x0000001ec0000000-0x000000207fffffff]
[    0.015498] Zeroed struct page in unavailable ranges: 67304 pages
[    0.015500] Initmem setup node 0 [mem 0x0000000000001000-0x0000000fffffffff]
[    0.015501] On node 0 totalpages: 14121240
[    0.015502]   DMA zone: 64 pages used for memmap
[    0.015503]   DMA zone: 1102 pages reserved
[    0.015503]   DMA zone: 3998 pages, LIFO batch:0
[    0.015550]   DMA32 zone: 5926 pages used for memmap
[    0.015550]   DMA32 zone: 379258 pages, LIFO batch:63
[    0.021778]   Normal zone: 214656 pages used for memmap
[    0.021779]   Normal zone: 13737984 pages, LIFO batch:63
[    0.146610] Initmem setup node 1 [mem 0x0000001ec0000000-0x000000207fffffff]
[    0.146611] On node 1 totalpages: 1835008
[    0.146612]   Normal zone: 28672 pages used for memmap
[    0.146613]   Normal zone: 1835008 pages, LIFO batch:63
[    0.166800] ACPI: PM-Timer IO Port: 0x508
[    0.166803] ACPI: Local APIC address 0xfee00000
[    0.166819] ACPI: X2APIC_NMI (uid[0xffffffff] high edge lint[0x1])
[    0.166821] ACPI: LAPIC_NMI (acpi_id[0xff] high edge lint[0x1])
[    0.166840] IOAPIC[0]: apic_id 8, version 32, address 0xfec00000, GSI 0-119
[    0.166842] ACPI: INT_SRC_OVR (bus 0 bus_irq 0 global_irq 2 dfl dfl)
[    0.166843] ACPI: INT_SRC_OVR (bus 0 bus_irq 9 global_irq 9 high level)
[    0.166844] ACPI: IRQ0 used by override.
[    0.166845] ACPI: IRQ9 used by override.
[    0.166847] Using ACPI (MADT) for SMP configuration information
[    0.166849] ACPI: HPET id: 0x8086a701 base: 0xfed00000
[    0.166853] smpboot: Allowing 112 CPUs, 0 hotplug CPUs
[    0.166878] PM: Registered nosave memory: [mem 0x00000000-0x00000fff]
[    0.166879] PM: Registered nosave memory: [mem 0x0008f000-0x0008ffff]
[    0.166881] PM: Registered nosave memory: [mem 0x000a0000-0x000fffff]
[    0.166882] PM: Registered nosave memory: [mem 0x47bdd000-0x47bddfff]
[    0.166884] PM: Registered nosave memory: [mem 0x47c0e000-0x47c0efff]
[    0.166884] PM: Registered nosave memory: [mem 0x47c0f000-0x47c0ffff]
[    0.166885] PM: Registered nosave memory: [mem 0x47c41000-0x47c41fff]
[    0.166886] PM: Registered nosave memory: [mem 0x47c42000-0x47c42fff]
[    0.166887] PM: Registered nosave memory: [mem 0x47c74000-0x47c74fff]
[    0.166888] PM: Registered nosave memory: [mem 0x47c75000-0x47c75fff]
[    0.166889] PM: Registered nosave memory: [mem 0x47c7d000-0x47c7dfff]
[    0.166891] PM: Registered nosave memory: [mem 0x49e77000-0x4ae76fff]
[    0.166892] PM: Registered nosave memory: [mem 0x4b2cf000-0x4b54dfff]
[    0.166893] PM: Registered nosave memory: [mem 0x4bd94000-0x4be99fff]
[    0.166895] PM: Registered nosave memory: [mem 0x4ce00000-0x4cffffff]
[    0.166897] PM: Registered nosave memory: [mem 0x5eefe000-0x6e3fefff]
[    0.166897] PM: Registered nosave memory: [mem 0x6e3ff000-0x6f3fefff]
[    0.166897] PM: Registered nosave memory: [mem 0x6f3ff000-0x6f7fefff]
[    0.166899] PM: Registered nosave memory: [mem 0x6f800000-0x8fffffff]
[    0.166899] PM: Registered nosave memory: [mem 0x90000000-0xfdffffff]
[    0.166900] PM: Registered nosave memory: [mem 0xfe000000-0xfe010fff]
[    0.166900] PM: Registered nosave memory: [mem 0xfe011000-0xffffffff]
[    0.166901] PM: Registered nosave memory: [mem 0x100000000-0x2e5ffffff]
[    0.166902] PM: Registered nosave memory: [mem 0x1000000000-0x1ebfffffff]
[    0.166904] [mem 0x90000000-0xfdffffff] available for PCI devices
[    0.166905] Booting paravirtualized kernel on bare hardware
[    0.166907] clocksource: refined-jiffies: mask: 0xffffffff max_cycles: 0xffffffff, max_idle_ns: 7645519600211568 ns
[    0.166914] setup_percpu: NR_CPUS:8192 nr_cpumask_bits:112 nr_cpu_ids:112 nr_node_ids:4
[    0.171467] percpu: Embedded 55 pages/cpu s188416 r8192 d28672 u262144
[    0.171477] pcpu-alloc: s188416 r8192 d28672 u262144 alloc=1*2097152
[    0.171478] pcpu-alloc: [0] 000 002 004 006 008 010 012 014 
[    0.171480] pcpu-alloc: [0] 016 018 020 022 024 026 028 030 
[    0.171482] pcpu-alloc: [0] 032 034 036 038 040 042 044 046 
[    0.171483] pcpu-alloc: [0] 048 050 052 054 056 058 060 062 
[    0.171484] pcpu-alloc: [0] 064 066 068 070 072 074 076 078 
[    0.171486] pcpu-alloc: [0] 080 082 084 086 088 090 092 094 
[    0.171487] pcpu-alloc: [0] 096 098 100 102 104 106 108 110 
[    0.171489] pcpu-alloc: [1] 001 003 005 007 009 011 013 015 
[    0.171490] pcpu-alloc: [1] 017 019 021 023 025 027 029 031 
[    0.171492] pcpu-alloc: [1] 033 035 037 039 041 043 045 047 
[    0.171493] pcpu-alloc: [1] 049 051 053 055 057 059 061 063 
[    0.171494] pcpu-alloc: [1] 065 067 069 071 073 075 077 079 
[    0.171496] pcpu-alloc: [1] 081 083 085 087 089 091 093 095 
[    0.171497] pcpu-alloc: [1] 097 099 101 103 105 107 109 111 
[    0.171539] Built 2 zonelists, mobility grouping on.  Total pages: 15705828
[    0.171540] Policy zone: Normal
[    0.171541] Kernel command line: BOOT_IMAGE=/boot/vmlinuz-5.3.1-multiclock root=UUID=ce0c24b8-724b-4f33-9b2c-618433560aef ro memmap=7776M!4096M memmap=59G!64G quiet splash nomodeset vt.handoff=1
[    0.171648] You have booted with nomodeset. This means your GPU drivers are DISABLED
[    0.171648] Any video related functionality will be severely degraded, and you may not even be able to suspend the system properly
[    0.171649] Unless you actually understand what nomodeset does, you should reboot without enabling it
[    0.171665] printk: log_buf_len individual max cpu contribution: 4096 bytes
[    0.171666] printk: log_buf_len total cpu_extra contributions: 454656 bytes
[    0.171666] printk: log_buf_len min size: 262144 bytes
[    0.171820] printk: log_buf_len: 1048576 bytes
[    0.171821] printk: early log buf free: 221788(84%)
[    0.173325] mem auto-init: stack:off, heap alloc:on, heap free:off
[    0.179321] Calgary: detecting Calgary via BIOS EBDA area
[    0.179323] Calgary: Unable to locate Rio Grande table in EBDA - bailing!
[    0.309432] Memory: 62137120K/63824992K available (14339K kernel code, 2373K rwdata, 4660K rodata, 2680K init, 5056K bss, 1687872K reserved, 0K cma-reserved)
[    0.310059] SLUB: HWalign=64, Order=0-3, MinObjects=0, CPUs=112, Nodes=4
[    0.310085] ftrace: allocating 43047 entries in 169 pages
[    0.326372] rcu: Hierarchical RCU implementation.
[    0.326373] rcu: 	RCU restricting CPUs from NR_CPUS=8192 to nr_cpu_ids=112.
[    0.326374] 	Tasks RCU enabled.
[    0.326375] rcu: RCU calculated value of scheduler-enlistment delay is 25 jiffies.
[    0.326376] rcu: Adjusting geometry for rcu_fanout_leaf=16, nr_cpu_ids=112
[    0.329039] NR_IRQS: 524544, nr_irqs: 2952, preallocated irqs: 16
[    0.329442] random: crng done (trusting CPU's manufacturer)
[    0.329612] Console: colour dummy device 80x25
[    0.329628] printk: console [tty0] enabled
[    0.329724] mempolicy: Enabling automatic NUMA balancing. Configure with numa_balancing= or the kernel.numa_balancing sysctl
[    0.329727] ACPI: Core revision 20190703
[    0.333157] clocksource: hpet: mask: 0xffffffff max_cycles: 0xffffffff, max_idle_ns: 79635855245 ns
[    0.333200] APIC: Switch to symmetric I/O mode setup
[    0.333201] DMAR: Host address width 46
[    0.333202] DMAR: DRHD base: 0x000000d0ffc000 flags: 0x0
[    0.333207] DMAR: dmar0: reg_base_addr d0ffc000 ver 4:0 cap 8ed008c40780466 ecap 60000f050df
[    0.333208] DMAR: DRHD base: 0x000000dbbfc000 flags: 0x0
[    0.333212] DMAR: dmar1: reg_base_addr dbbfc000 ver 4:0 cap 8ed008c40780466 ecap 60000f050df
[    0.333212] DMAR: DRHD base: 0x000000e67fc000 flags: 0x0
[    0.333216] DMAR: dmar2: reg_base_addr e67fc000 ver 4:0 cap 8ed008c40780466 ecap 60000f050df
[    0.333216] DMAR: DRHD base: 0x000000f13fc000 flags: 0x0
[    0.333219] DMAR: dmar3: reg_base_addr f13fc000 ver 4:0 cap 8ed008c40780466 ecap 60000f050df
[    0.333220] DMAR: DRHD base: 0x000000fb7fc000 flags: 0x0
[    0.333223] DMAR: dmar4: reg_base_addr fb7fc000 ver 4:0 cap 8ed008c40780466 ecap 60000f050df
[    0.333224] DMAR: DRHD base: 0x000000a63fc000 flags: 0x0
[    0.333227] DMAR: dmar5: reg_base_addr a63fc000 ver 4:0 cap 8ed008c40780466 ecap 60000f050df
[    0.333227] DMAR: DRHD base: 0x000000b0ffc000 flags: 0x0
[    0.333230] DMAR: dmar6: reg_base_addr b0ffc000 ver 4:0 cap 8ed008c40780466 ecap 60000f050df
[    0.333231] DMAR: DRHD base: 0x000000bbbfc000 flags: 0x0
[    0.333235] DMAR: dmar7: reg_base_addr bbbfc000 ver 4:0 cap 8ed008c40780466 ecap 60000f050df
[    0.333236] DMAR: DRHD base: 0x000000c5ffc000 flags: 0x0
[    0.333238] DMAR: dmar8: reg_base_addr c5ffc000 ver 4:0 cap 8ed008c40780466 ecap 60000f050df
[    0.333239] DMAR: DRHD base: 0x0000009b7fc000 flags: 0x1
[    0.333242] DMAR: dmar9: reg_base_addr 9b7fc000 ver 4:0 cap 8ed008c40780466 ecap 60000f050df
[    0.333243] DMAR: RMRR base: 0x00000069427000 end: 0x00000069429fff
[    0.333243] DMAR: ATSR flags: 0x0
[    0.333245] DMAR-IR: IOAPIC id 8 under DRHD base  0x9b7fc000 IOMMU 9
[    0.333246] DMAR-IR: HPET id 0 under DRHD base 0x9b7fc000
[    0.333246] DMAR-IR: Queued invalidation will be enabled to support x2apic and Intr-remapping.
[    0.335884] DMAR-IR: Enabled IRQ remapping in x2apic mode
[    0.338507] ..TIMER: vector=0x30 apic1=0 pin1=2 apic2=-1 pin2=-1
[    0.357127] clocksource: tsc-early: mask: 0xffffffffffffffff max_cycles: 0x39a85c9bff6, max_idle_ns: 881590591483 ns
[    0.357131] Calibrating delay loop (skipped), value calculated using timer frequency.. 4000.00 BogoMIPS (lpj=8000000)
[    0.357133] pid_max: default: 114688 minimum: 896
[    0.361107] LSM: Security Framework initializing
[    0.361142] Yama: becoming mindful.
[    0.361519] AppArmor: AppArmor initialized
[    0.370689] Dentry cache hash table entries: 8388608 (order: 14, 67108864 bytes, vmalloc)
[    0.375312] Inode-cache hash table entries: 4194304 (order: 13, 33554432 bytes, vmalloc)
[    0.375516] Mount-cache hash table entries: 131072 (order: 8, 1048576 bytes, vmalloc)
[    0.375664] Mountpoint-cache hash table entries: 131072 (order: 8, 1048576 bytes, vmalloc)
[    0.375941] *** VALIDATE proc ***
[    0.376166] *** VALIDATE cgroup1 ***
[    0.376167] *** VALIDATE cgroup2 ***
[    0.376282] x86/tme: not enabled by BIOS
[    0.376285] x86/cpu: User Mode Instruction Prevention (UMIP) activated
[    0.376358] mce: CPU0: Thermal monitoring enabled (TM1)
[    0.376569] process: using mwait in idle threads
[    0.376571] Last level iTLB entries: 4KB 0, 2MB 0, 4MB 0
[    0.376571] Last level dTLB entries: 4KB 0, 2MB 0, 4MB 0, 1GB 0
[    0.376574] Spectre V1 : Mitigation: usercopy/swapgs barriers and __user pointer sanitization
[    0.376576] Spectre V2 : Mitigation: Enhanced IBRS
[    0.376576] Spectre V2 : Spectre v2 / SpectreRSB mitigation: Filling RSB on context switch
[    0.376577] Spectre V2 : mitigation: Enabling conditional Indirect Branch Prediction Barrier
[    0.376578] Speculative Store Bypass: Mitigation: Speculative Store Bypass disabled via prctl and seccomp
[    0.376842] Freeing SMP alternatives memory: 40K
[    0.381273] TSC deadline timer enabled
[    0.381281] smpboot: CPU0: Intel(R) Xeon(R) Gold 6330 CPU @ 2.00GHz (family: 0x6, model: 0x6a, stepping: 0x6)
[    0.381472] Performance Events: PEBS fmt4+-baseline, Icelake events, 32-deep LBR, full-width counters, Intel PMU driver.
[    0.381478] ... version:                5
[    0.381478] ... bit width:              48
[    0.381478] ... generic registers:      8
[    0.381479] ... value mask:             0000ffffffffffff
[    0.381479] ... max period:             00007fffffffffff
[    0.381480] ... fixed-purpose events:   4
[    0.381480] ... event mask:             0000000f000000ff
[    0.381589] rcu: Hierarchical SRCU implementation.
[    0.388887] NMI watchdog: Enabled. Permanently consumes one hw-PMU counter.
[    0.390178] smp: Bringing up secondary CPUs ...
[    0.390295] x86: Booting SMP configuration:
[    0.390296] .... node  #1, CPUs:          #1
[    0.003748] smpboot: CPU 1 Converting physical 0 to logical die 1
[    0.477235] .... node  #0, CPUs:     #2
[    0.482583] .... node  #1, CPUs:     #3
[    0.487975] .... node  #0, CPUs:     #4
[    0.493316] .... node  #1, CPUs:     #5
[    0.498667] .... node  #0, CPUs:     #6
[    0.504215] .... node  #1, CPUs:     #7
[    0.509763] .... node  #0, CPUs:     #8
[    0.515016] .... node  #1, CPUs:     #9
[    0.520705] .... node  #0, CPUs:    #10
[    0.526400] .... node  #1, CPUs:    #11
[    0.532082] .... node  #0, CPUs:    #12
[    0.537563] .... node  #1, CPUs:    #13
[    0.542870] .... node  #0, CPUs:    #14
[    0.548083] .... node  #1, CPUs:    #15
[    0.553365] .... node  #0, CPUs:    #16
[    0.558597] .... node  #1, CPUs:    #17
[    0.563879] .... node  #0, CPUs:    #18
[    0.569291] .... node  #1, CPUs:    #19
[    0.574711] .... node  #0, CPUs:    #20
[    0.579915] .... node  #1, CPUs:    #21
[    0.585479] .... node  #0, CPUs:    #22
[    0.590890] .... node  #1, CPUs:    #23
[    0.596124] .... node  #0, CPUs:    #24
[    0.601717] .... node  #1, CPUs:    #25
[    0.607014] .... node  #0, CPUs:    #26
[    0.612193] .... node  #1, CPUs:    #27
[    0.617455] .... node  #0, CPUs:    #28
[    0.622918] .... node  #1, CPUs:    #29
[    0.628166] .... node  #0, CPUs:    #30
[    0.633355] .... node  #1, CPUs:    #31
[    0.638795] .... node  #0, CPUs:    #32
[    0.644055] .... node  #1, CPUs:    #33
[    0.649370] .... node  #0, CPUs:    #34
[    0.654782] .... node  #1, CPUs:    #35
[    0.660055] .... node  #0, CPUs:    #36
[    0.665282] .... node  #1, CPUs:    #37
[    0.670524] .... node  #0, CPUs:    #38
[    0.676048] .... node  #1, CPUs:    #39
[    0.681531] .... node  #0, CPUs:    #40
[    0.687105] .... node  #1, CPUs:    #41
[    0.692808] .... node  #0, CPUs:    #42
[    0.698078] .... node  #1, CPUs:    #43
[    0.703687] .... node  #0, CPUs:    #44
[    0.709258] .... node  #1, CPUs:    #45
[    0.714456] .... node  #0, CPUs:    #46
[    0.719972] .... node  #1, CPUs:    #47
[    0.725386] .... node  #0, CPUs:    #48
[    0.730688] .... node  #1, CPUs:    #49
[    0.736079] .... node  #0, CPUs:    #50
[    0.741526] .... node  #1, CPUs:    #51
[    0.747130] .... node  #0, CPUs:    #52
[    0.752569] .... node  #1, CPUs:    #53
[    0.758119] .... node  #0, CPUs:    #54
[    0.763796] .... node  #1, CPUs:    #55
[    0.769554] .... node  #0, CPUs:    #56
[    0.775366] .... node  #1, CPUs:    #57
[    0.781237] .... node  #0, CPUs:    #58
[    0.786590] .... node  #1, CPUs:    #59
[    0.792002] .... node  #0, CPUs:    #60
[    0.797341] .... node  #1, CPUs:    #61
[    0.802709] .... node  #0, CPUs:    #62
[    0.808273] .... node  #1, CPUs:    #63
[    0.813845] .... node  #0, CPUs:    #64
[    0.819125] .... node  #1, CPUs:    #65
[    0.824834] .... node  #0, CPUs:    #66
[    0.830541] .... node  #1, CPUs:    #67
[    0.836253] .... node  #0, CPUs:    #68
[    0.841742] .... node  #1, CPUs:    #69
[    0.847084] .... node  #0, CPUs:    #70
[    0.852285] .... node  #1, CPUs:    #71
[    0.857580] .... node  #0, CPUs:    #72
[    0.862827] .... node  #1, CPUs:    #73
[    0.868129] .... node  #0, CPUs:    #74
[    0.873368] .... node  #1, CPUs:    #75
[    0.878993] .... node  #0, CPUs:    #76
[    0.884218] .... node  #1, CPUs:    #77
[    0.889805] .... node  #0, CPUs:    #78
[    0.895229] .... node  #1, CPUs:    #79
[    0.900495] .... node  #0, CPUs:    #80
[    0.906103] .... node  #1, CPUs:    #81
[    0.911418] .... node  #0, CPUs:    #82
[    0.916613] .... node  #1, CPUs:    #83
[    0.921900] .... node  #0, CPUs:    #84
[    0.927403] .... node  #1, CPUs:    #85
[    0.932673] .... node  #0, CPUs:    #86
[    0.937871] .... node  #1, CPUs:    #87
[    0.943339] .... node  #0, CPUs:    #88
[    0.948608] .... node  #1, CPUs:    #89
[    0.953963] .... node  #0, CPUs:    #90
[    0.959384] .... node  #1, CPUs:    #91
[    0.964672] .... node  #0, CPUs:    #92
[    0.969864] .... node  #1, CPUs:    #93
[    0.975155] .... node  #0, CPUs:    #94
[    0.980708] .... node  #1, CPUs:    #95
[    0.986204] .... node  #0, CPUs:    #96
[    0.991793] .... node  #1, CPUs:    #97
[    0.997519] .... node  #0, CPUs:    #98
[    1.002813] .... node  #1, CPUs:    #99
[    1.008443] .... node  #0, CPUs:   #100
[    1.013775] .... node  #1, CPUs:   #101
[    1.019222] .... node  #0, CPUs:   #102
[    1.024743] .... node  #1, CPUs:   #103
[    1.030171] .... node  #0, CPUs:   #104
[    1.035496] .... node  #1, CPUs:   #105
[    1.040903] .... node  #0, CPUs:   #106
[    1.046373] .... node  #1, CPUs:   #107
[    1.051997] .... node  #0, CPUs:   #108
[    1.057436] .... node  #1, CPUs:   #109
[    1.063009] .... node  #0, CPUs:   #110
[    1.068681] .... node  #1, CPUs:   #111
[    1.074462] smp: Brought up 2 nodes, 112 CPUs
[    1.074462] smpboot: Max logical packages: 2
[    1.074462] smpboot: Total of 112 processors activated (448064.68 BogoMIPS)
[    1.083940] devtmpfs: initialized
[    1.083940] x86/mm: Memory block size: 2048MB
[    1.083940] PM: Registering ACPI NVS region [mem 0x49e77000-0x4ae76fff] (16777216 bytes)
[    1.083940] PM: Registering ACPI NVS region [mem 0x6e3ff000-0x6f3fefff] (16777216 bytes)
[    1.085151] clocksource: jiffies: mask: 0xffffffff max_cycles: 0xffffffff, max_idle_ns: 7645041785100000 ns
[    1.085450] futex hash table entries: 32768 (order: 9, 2097152 bytes, vmalloc)
[    1.086049] pinctrl core: initialized pinctrl subsystem
[    1.086171] PM: RTC time: 09:13:47, date: 2024-05-18
[    1.086431] NET: Registered protocol family 16
[    1.086537] audit: initializing netlink subsys (disabled)
[    1.086542] audit: type=2000 audit(1716023626.756:1): state=initialized audit_enabled=0 res=1
[    1.086542] EISA bus registered
[    1.086542] cpuidle: using governor ladder
[    1.086542] cpuidle: using governor menu
[    1.086542] ACPI FADT declares the system doesn't support PCIe ASPM, so disable it
[    1.086542] ACPI: bus type PCI registered
[    1.086542] acpiphp: ACPI Hot Plug PCI Controller Driver version: 0.5
[    1.086542] PCI: MMCONFIG for domain 0000 [bus 00-ff] at [mem 0x80000000-0x8fffffff] (base 0x80000000)
[    1.086542] PCI: MMCONFIG at [mem 0x80000000-0x8fffffff] reserved in E820
[    1.086542] pmd_set_huge: Cannot satisfy [mem 0x80000000-0x80200000] with a huge-page mapping due to MTRR override.
[    1.086542] PCI: Using configuration type 1 for base access
[    1.086542] PCI: Dell System detected, enabling pci=bfsort.
[    1.089133] ENERGY_PERF_BIAS: Set to 'normal', was 'performance'
[    1.093425] HugeTLB registered 1.00 GiB page size, pre-allocated 0 pages
[    1.093425] HugeTLB registered 2.00 MiB page size, pre-allocated 0 pages
[    1.097529] ACPI: Added _OSI(Module Device)
[    1.097530] ACPI: Added _OSI(Processor Device)
[    1.097531] ACPI: Added _OSI(3.0 _SCP Extensions)
[    1.097531] ACPI: Added _OSI(Processor Aggregator Device)
[    1.097532] ACPI: Added _OSI(Linux-Dell-Video)
[    1.097533] ACPI: Added _OSI(Linux-Lenovo-NV-HDMI-Audio)
[    1.097534] ACPI: Added _OSI(Linux-HPI-Hybrid-Graphics)
[    1.260176] ACPI: 8 ACPI AML tables successfully acquired and loaded
[    1.267290] ACPI: [Firmware Bug]: BIOS _OSI(Linux) query ignored
[    1.273892] ACPI: Dynamic OEM Table Load:
[    1.662092] ACPI: Interpreter enabled
[    1.662110] ACPI: (supports S0 S5)
[    1.662111] ACPI: Using IOAPIC for interrupt routing
[    1.662203] HEST: Table parsing has been initialized.
[    1.662205] PCI: Using host bridge windows from ACPI; if necessary, use "pci=nocrs" and report a bug
[    1.690857] ACPI: Enabled 4 GPEs in block 00 to 7F
[    1.814618] ACPI: PCI Root Bridge [PC00] (domain 0000 [bus 00-15])
[    1.814622] acpi PNP0A08:00: _OSC: OS supports [ExtendedConfig ASPM ClockPM Segments MSI HPX-Type3]
[    1.814699] acpi PNP0A08:00: PCIe AER handled by firmware
[    1.814809] acpi PNP0A08:00: _OSC: platform does not support [SHPCHotplug LTR]
[    1.815016] acpi PNP0A08:00: _OSC: OS now controls [PCIeHotplug PME PCIeCapability]
[    1.815017] acpi PNP0A08:00: FADT indicates ASPM is unsupported, using BIOS configuration
[    1.816782] PCI host bridge to bus 0000:00
[    1.816784] pci_bus 0000:00: root bus resource [io  0x0000-0x0cf7 window]
[    1.816785] pci_bus 0000:00: root bus resource [io  0x1000-0x4fff window]
[    1.816786] pci_bus 0000:00: root bus resource [mem 0x000a0000-0x000bffff window]
[    1.816787] pci_bus 0000:00: root bus resource [mem 0x000c8000-0x000cffff window]
[    1.816787] pci_bus 0000:00: root bus resource [mem 0xfe010000-0xfe010fff window]
[    1.816788] pci_bus 0000:00: root bus resource [mem 0x90000000-0x9b7fffff window]
[    1.816789] pci_bus 0000:00: root bus resource [mem 0x200000000000-0x20ffffffffff window]
[    1.816790] pci_bus 0000:00: root bus resource [bus 00-15]
[    1.816800] pci 0000:00:00.0: [8086:09a2] type 00 class 0x088000
[    1.817520] pci 0000:00:00.1: [8086:09a4] type 00 class 0x088000
[    1.818220] pci 0000:00:00.2: [8086:09a3] type 00 class 0x088000
[    1.818919] pci 0000:00:00.4: [8086:0998] type 00 class 0x060000
[    1.819621] pci 0000:00:02.0: [8086:09a6] type 00 class 0x088000
[    1.819631] pci 0000:00:02.0: reg 0x10: [mem 0x92dfc000-0x92dfdfff]
[    1.820323] pci 0000:00:02.1: [8086:09a7] type 00 class 0x088000
[    1.820332] pci 0000:00:02.1: reg 0x10: [mem 0x92d00000-0x92d7ffff]
[    1.820337] pci 0000:00:02.1: reg 0x14: [mem 0x92c80000-0x92cfffff]
[    1.821030] pci 0000:00:02.4: [8086:3456] type 00 class 0x130000
[    1.821041] pci 0000:00:02.4: reg 0x10: [mem 0x92a00000-0x92afffff 64bit]
[    1.821048] pci 0000:00:02.4: reg 0x18: [mem 0x92df0000-0x92df3fff 64bit]
[    1.821054] pci 0000:00:02.4: reg 0x20: [mem 0x92dc0000-0x92ddffff 64bit]
[    1.821764] pci 0000:00:11.0: [8086:a1ec] type 00 class 0xff0000
[    1.822528] pci 0000:00:11.5: [8086:a1d2] type 00 class 0x010601
[    1.822546] pci 0000:00:11.5: reg 0x10: [mem 0x92dfa000-0x92dfbfff]
[    1.822553] pci 0000:00:11.5: reg 0x14: [mem 0x92e05000-0x92e050ff]
[    1.822560] pci 0000:00:11.5: reg 0x18: [io  0x2068-0x206f]
[    1.822567] pci 0000:00:11.5: reg 0x1c: [io  0x2074-0x2077]
[    1.822574] pci 0000:00:11.5: reg 0x20: [io  0x2040-0x205f]
[    1.822580] pci 0000:00:11.5: reg 0x24: [mem 0x92b80000-0x92bfffff]
[    1.822618] pci 0000:00:11.5: PME# supported from D3hot
[    1.823332] pci 0000:00:14.0: [8086:a1af] type 00 class 0x0c0330
[    1.823353] pci 0000:00:14.0: reg 0x10: [mem 0x92de0000-0x92deffff 64bit]
[    1.823417] pci 0000:00:14.0: PME# supported from D3hot D3cold
[    1.824127] pci 0000:00:14.2: [8086:a1b1] type 00 class 0x118000
[    1.824148] pci 0000:00:14.2: reg 0x10: [mem 0x92e02000-0x92e02fff 64bit]
[    1.824888] pci 0000:00:16.0: [8086:a1ba] type 00 class 0x078000
[    1.824916] pci 0000:00:16.0: reg 0x10: [mem 0x92e01000-0x92e01fff 64bit]
[    1.825001] pci 0000:00:16.0: PME# supported from D3hot
[    1.825684] pci 0000:00:16.1: [8086:a1bb] type 00 class 0x078000
[    1.825713] pci 0000:00:16.1: reg 0x10: [mem 0x92e00000-0x92e00fff 64bit]
[    1.825797] pci 0000:00:16.1: PME# supported from D3hot
[    1.826482] pci 0000:00:16.4: [8086:a1be] type 00 class 0x078000
[    1.826510] pci 0000:00:16.4: reg 0x10: [mem 0x92dff000-0x92dfffff 64bit]
[    1.826594] pci 0000:00:16.4: PME# supported from D3hot
[    1.827275] pci 0000:00:17.0: [8086:a182] type 00 class 0x010601
[    1.827292] pci 0000:00:17.0: reg 0x10: [mem 0x92df8000-0x92df9fff]
[    1.827299] pci 0000:00:17.0: reg 0x14: [mem 0x92e04000-0x92e040ff]
[    1.827306] pci 0000:00:17.0: reg 0x18: [io  0x2060-0x2067]
[    1.827312] pci 0000:00:17.0: reg 0x1c: [io  0x2070-0x2073]
[    1.827319] pci 0000:00:17.0: reg 0x20: [io  0x2020-0x203f]
[    1.827326] pci 0000:00:17.0: reg 0x24: [mem 0x92b00000-0x92b7ffff]
[    1.827363] pci 0000:00:17.0: PME# supported from D3hot
[    1.828076] pci 0000:00:1c.0: [8086:a190] type 01 class 0x060400
[    1.828154] pci 0000:00:1c.0: PME# supported from D0 D3hot D3cold
[    1.828916] pci 0000:00:1c.4: [8086:a194] type 01 class 0x060400
[    1.828988] pci 0000:00:1c.4: PME# supported from D0 D3hot D3cold
[    1.829741] pci 0000:00:1c.5: [8086:a195] type 01 class 0x060400
[    1.829814] pci 0000:00:1c.5: PME# supported from D0 D3hot D3cold
[    1.830572] pci 0000:00:1f.0: [8086:a1cb] type 00 class 0x060100
[    1.831373] pci 0000:00:1f.2: [8086:a1a1] type 00 class 0x058000
[    1.831389] pci 0000:00:1f.2: reg 0x10: [mem 0x92df4000-0x92df7fff]
[    1.832139] pci 0000:00:1f.4: [8086:a1a3] type 00 class 0x0c0500
[    1.832158] pci 0000:00:1f.4: reg 0x10: [mem 0x92dfe000-0x92dfe0ff 64bit]
[    1.832181] pci 0000:00:1f.4: reg 0x20: [io  0x2000-0x201f]
[    1.832870] pci 0000:00:1f.5: [8086:a1a4] type 00 class 0x0c8000
[    1.832886] pci 0000:00:1f.5: reg 0x10: [mem 0xfe010000-0xfe010fff]
[    1.833639] pci 0000:00:1c.0: PCI bridge to [bus 01]
[    1.833686] pci 0000:02:00.0: [1556:be00] type 01 class 0x060400
[    1.833855] pci 0000:00:1c.4: PCI bridge to [bus 02-03]
[    1.833859] pci 0000:00:1c.4:   bridge window [mem 0x92000000-0x928fffff]
[    1.833863] pci 0000:00:1c.4:   bridge window [mem 0x91000000-0x91ffffff 64bit pref]
[    1.833894] pci_bus 0000:03: extended config space not accessible
[    1.833911] pci 0000:03:00.0: [102b:0536] type 00 class 0x030000
[    1.833931] pci 0000:03:00.0: reg 0x10: [mem 0x91000000-0x91ffffff pref]
[    1.833941] pci 0000:03:00.0: reg 0x14: [mem 0x92808000-0x9280bfff]
[    1.833951] pci 0000:03:00.0: reg 0x18: [mem 0x92000000-0x927fffff]
[    1.833999] pci 0000:03:00.0: BAR 0: assigned to efifb
[    1.834093] pci 0000:02:00.0: PCI bridge to [bus 03]
[    1.834101] pci 0000:02:00.0:   bridge window [mem 0x92000000-0x928fffff]
[    1.834107] pci 0000:02:00.0:   bridge window [mem 0x91000000-0x91ffffff 64bit pref]
[    1.834173] pci 0000:04:00.0: [14e4:165f] type 00 class 0x020000
[    1.834204] pci 0000:04:00.0: reg 0x10: [mem 0x92930000-0x9293ffff 64bit pref]
[    1.834220] pci 0000:04:00.0: reg 0x18: [mem 0x92940000-0x9294ffff 64bit pref]
[    1.834235] pci 0000:04:00.0: reg 0x20: [mem 0x92950000-0x9295ffff 64bit pref]
[    1.834245] pci 0000:04:00.0: reg 0x30: [mem 0xfffc0000-0xffffffff pref]
[    1.834337] pci 0000:04:00.0: PME# supported from D0 D3hot D3cold
[    1.834376] pci 0000:04:00.0: 4.000 Gb/s available PCIe bandwidth, limited by 5 GT/s x1 link at 0000:00:1c.5 (capable of 8.000 Gb/s with 5 GT/s x2 link)
[    1.834508] pci 0000:04:00.1: [14e4:165f] type 00 class 0x020000
[    1.834539] pci 0000:04:00.1: reg 0x10: [mem 0x92900000-0x9290ffff 64bit pref]
[    1.834554] pci 0000:04:00.1: reg 0x18: [mem 0x92910000-0x9291ffff 64bit pref]
[    1.834570] pci 0000:04:00.1: reg 0x20: [mem 0x92920000-0x9292ffff 64bit pref]
[    1.834580] pci 0000:04:00.1: reg 0x30: [mem 0xfffc0000-0xffffffff pref]
[    1.834672] pci 0000:04:00.1: PME# supported from D0 D3hot D3cold
[    1.834818] pci 0000:00:1c.5: PCI bridge to [bus 04]
[    1.834824] pci 0000:00:1c.5:   bridge window [mem 0x92900000-0x929fffff 64bit pref]
[    1.834838] pci_bus 0000:00: on NUMA node 0
[    1.835389] ACPI: PCI Root Bridge [PC01] (domain 0000 [bus 16-2f])
[    1.835392] acpi PNP0A08:01: _OSC: OS supports [ExtendedConfig ASPM ClockPM Segments MSI HPX-Type3]
[    1.835489] acpi PNP0A08:01: PCIe AER handled by firmware
[    1.835595] acpi PNP0A08:01: _OSC: platform does not support [SHPCHotplug]
[    1.835796] acpi PNP0A08:01: _OSC: OS now controls [PCIeHotplug PME PCIeCapability LTR]
[    1.835796] acpi PNP0A08:01: FADT indicates ASPM is unsupported, using BIOS configuration
[    1.835919] PCI host bridge to bus 0000:16
[    1.835920] pci_bus 0000:16: root bus resource [io  0x5000-0x6fff window]
[    1.835920] pci_bus 0000:16: root bus resource [mem 0x9b800000-0xa63fffff window]
[    1.835921] pci_bus 0000:16: root bus resource [mem 0x210000000000-0x21ffffffffff window]
[    1.835922] pci_bus 0000:16: root bus resource [bus 16-2f]
[    1.835929] pci 0000:16:00.0: [8086:09a2] type 00 class 0x088000
[    1.835996] pci 0000:16:00.1: [8086:09a4] type 00 class 0x088000
[    1.836059] pci 0000:16:00.2: [8086:09a3] type 00 class 0x088000
[    1.836122] pci 0000:16:00.4: [8086:0998] type 00 class 0x060000
[    1.836184] pci 0000:16:02.0: [8086:347a] type 01 class 0x060400
[    1.836197] pci 0000:16:02.0: reg 0x10: [mem 0x21fffff00000-0x21fffff1ffff 64bit]
[    1.836234] pci 0000:16:02.0: PME# supported from D0 D3hot D3cold
[    1.836532] pci 0000:17:00.0: [1000:10e2] type 00 class 0x010400
[    1.836552] pci 0000:17:00.0: reg 0x10: [mem 0x9b800000-0x9b8fffff 64bit pref]
[    1.836559] pci 0000:17:00.0: reg 0x18: [mem 0x9b900000-0x9b9fffff 64bit pref]
[    1.836565] pci 0000:17:00.0: reg 0x20: [mem 0x9ba00000-0x9bafffff]
[    1.836570] pci 0000:17:00.0: reg 0x24: [io  0x5000-0x50ff]
[    1.836575] pci 0000:17:00.0: reg 0x30: [mem 0xfff00000-0xffffffff pref]
[    1.837811] pci 0000:17:00.0: supports D1 D2
[    1.837861] pci 0000:16:02.0: PCI bridge to [bus 17]
[    1.837862] pci 0000:16:02.0:   bridge window [io  0x5000-0x5fff]
[    1.837864] pci 0000:16:02.0:   bridge window [mem 0x9ba00000-0x9bafffff]
[    1.837866] pci 0000:16:02.0:   bridge window [mem 0x9b800000-0x9b9fffff 64bit pref]
[    1.837872] pci_bus 0000:16: on NUMA node 0
[    1.837936] ACPI: PCI Root Bridge [PC02] (domain 0000 [bus 30-49])
[    1.837938] acpi PNP0A08:02: _OSC: OS supports [ExtendedConfig ASPM ClockPM Segments MSI HPX-Type3]
[    1.838033] acpi PNP0A08:02: PCIe AER handled by firmware
[    1.838139] acpi PNP0A08:02: _OSC: platform does not support [SHPCHotplug]
[    1.838339] acpi PNP0A08:02: _OSC: OS now controls [PCIeHotplug PME PCIeCapability LTR]
[    1.838340] acpi PNP0A08:02: FADT indicates ASPM is unsupported, using BIOS configuration
[    1.838456] PCI host bridge to bus 0000:30
[    1.838457] pci_bus 0000:30: root bus resource [io  0x7000-0x8fff window]
[    1.838457] pci_bus 0000:30: root bus resource [mem 0xa6400000-0xb0ffffff window]
[    1.838458] pci_bus 0000:30: root bus resource [mem 0x220000000000-0x22ffffffffff window]
[    1.838459] pci_bus 0000:30: root bus resource [bus 30-49]
[    1.838466] pci 0000:30:00.0: [8086:09a2] type 00 class 0x088000
[    1.838532] pci 0000:30:00.1: [8086:09a4] type 00 class 0x088000
[    1.838593] pci 0000:30:00.2: [8086:09a3] type 00 class 0x088000
[    1.838655] pci 0000:30:00.4: [8086:0998] type 00 class 0x060000
[    1.838726] pci_bus 0000:30: on NUMA node 0
[    1.838811] ACPI: PCI Root Bridge [PC04] (domain 0000 [bus 4a-63])
[    1.838813] acpi PNP0A08:04: _OSC: OS supports [ExtendedConfig ASPM ClockPM Segments MSI HPX-Type3]
[    1.838904] acpi PNP0A08:04: PCIe AER handled by firmware
[    1.839008] acpi PNP0A08:04: _OSC: platform does not support [SHPCHotplug]
[    1.839207] acpi PNP0A08:04: _OSC: OS now controls [PCIeHotplug PME PCIeCapability LTR]
[    1.839208] acpi PNP0A08:04: FADT indicates ASPM is unsupported, using BIOS configuration
[    1.839317] PCI host bridge to bus 0000:4a
[    1.839318] pci_bus 0000:4a: root bus resource [io  0x9000-0x9fff window]
[    1.839319] pci_bus 0000:4a: root bus resource [mem 0xb1000000-0xbbbfffff window]
[    1.839320] pci_bus 0000:4a: root bus resource [mem 0x230000000000-0x23ffffffffff window]
[    1.839321] pci_bus 0000:4a: root bus resource [bus 4a-63]
[    1.839328] pci 0000:4a:00.0: [8086:09a2] type 00 class 0x088000
[    1.839390] pci 0000:4a:00.1: [8086:09a4] type 00 class 0x088000
[    1.839450] pci 0000:4a:00.2: [8086:09a3] type 00 class 0x088000
[    1.839515] pci 0000:4a:00.4: [8086:0998] type 00 class 0x060000
[    1.839584] pci_bus 0000:4a: on NUMA node 0
[    1.839642] ACPI: PCI Root Bridge [PC05] (domain 0000 [bus 64-7d])
[    1.839644] acpi PNP0A08:05: _OSC: OS supports [ExtendedConfig ASPM ClockPM Segments MSI HPX-Type3]
[    1.839733] acpi PNP0A08:05: PCIe AER handled by firmware
[    1.839837] acpi PNP0A08:05: _OSC: platform does not support [SHPCHotplug]
[    1.840035] acpi PNP0A08:05: _OSC: OS now controls [PCIeHotplug PME PCIeCapability LTR]
[    1.840035] acpi PNP0A08:05: FADT indicates ASPM is unsupported, using BIOS configuration
[    1.840144] PCI host bridge to bus 0000:64
[    1.840145] pci_bus 0000:64: root bus resource [io  0xa000-0xafff window]
[    1.840146] pci_bus 0000:64: root bus resource [mem 0xbbc00000-0xc5ffffff window]
[    1.840147] pci_bus 0000:64: root bus resource [mem 0x240000000000-0x24ffffffffff window]
[    1.840147] pci_bus 0000:64: root bus resource [bus 64-7d]
[    1.840154] pci 0000:64:00.0: [8086:09a2] type 00 class 0x088000
[    1.840217] pci 0000:64:00.1: [8086:09a4] type 00 class 0x088000
[    1.840278] pci 0000:64:00.2: [8086:09a3] type 00 class 0x088000
[    1.840341] pci 0000:64:00.4: [8086:0998] type 00 class 0x060000
[    1.840411] pci_bus 0000:64: on NUMA node 0
[    1.840466] ACPI: PCI Root Bridge [UC06] (domain 0000 [bus 7e])
[    1.840468] acpi PNP0A03:00: _OSC: OS supports [ExtendedConfig ASPM ClockPM Segments MSI HPX-Type3]
[    1.840542] acpi PNP0A03:00: PCIe AER handled by firmware
[    1.840631] acpi PNP0A03:00: _OSC: platform does not support [SHPCHotplug LTR]
[    1.840798] acpi PNP0A03:00: _OSC: OS now controls [PCIeHotplug PME PCIeCapability]
[    1.840798] acpi PNP0A03:00: FADT indicates ASPM is unsupported, using BIOS configuration
[    1.840933] PCI host bridge to bus 0000:7e
[    1.840934] pci_bus 0000:7e: root bus resource [bus 7e]
[    1.840940] pci 0000:7e:00.0: [8086:3450] type 00 class 0x088000
[    1.841009] pci 0000:7e:00.1: [8086:3451] type 00 class 0x088000
[    1.841072] pci 0000:7e:00.2: [8086:3452] type 00 class 0x088000
[    1.841144] pci 0000:7e:00.3: [8086:0998] type 00 class 0x060000
[    1.841208] pci 0000:7e:00.5: [8086:3455] type 00 class 0x088000
[    1.841276] pci 0000:7e:02.0: [8086:3440] type 00 class 0x088000
[    1.841399] pci 0000:7e:02.1: [8086:3441] type 00 class 0x088000
[    1.841512] pci 0000:7e:02.2: [8086:3442] type 00 class 0x088000
[    1.841628] pci 0000:7e:03.0: [8086:3440] type 00 class 0x088000
[    1.841716] pci 0000:7e:03.1: [8086:3441] type 00 class 0x088000
[    1.841797] pci 0000:7e:03.2: [8086:3442] type 00 class 0x088000
[    1.841891] pci 0000:7e:04.0: [8086:3440] type 00 class 0x088000
[    1.842017] pci 0000:7e:04.1: [8086:3441] type 00 class 0x088000
[    1.842138] pci 0000:7e:04.2: [8086:3442] type 00 class 0x088000
[    1.842260] pci 0000:7e:04.3: [8086:3443] type 00 class 0x088000
[    1.842385] pci 0000:7e:05.0: [8086:3445] type 00 class 0x088000
[    1.842512] pci 0000:7e:05.1: [8086:3446] type 00 class 0x088000
[    1.842630] pci 0000:7e:05.2: [8086:3447] type 00 class 0x088000
[    1.842747] pci 0000:7e:06.0: [8086:3445] type 00 class 0x088000
[    1.842839] pci 0000:7e:06.1: [8086:3446] type 00 class 0x088000
[    1.842925] pci 0000:7e:06.2: [8086:3447] type 00 class 0x088000
[    1.843017] pci 0000:7e:07.0: [8086:3445] type 00 class 0x088000
[    1.843143] pci 0000:7e:07.1: [8086:3446] type 00 class 0x088000
[    1.843269] pci 0000:7e:07.2: [8086:3447] type 00 class 0x088000
[    1.843394] pci 0000:7e:0b.0: [8086:3448] type 00 class 0x088000
[    1.843469] pci 0000:7e:0b.1: [8086:3448] type 00 class 0x088000
[    1.843542] pci 0000:7e:0b.2: [8086:344b] type 00 class 0x088000
[    1.843625] pci 0000:7e:0c.0: [8086:344a] type 00 class 0x110100
[    1.843722] pci 0000:7e:0d.0: [8086:344a] type 00 class 0x110100
[    1.843818] pci 0000:7e:0e.0: [8086:344a] type 00 class 0x110100
[    1.843967] pci 0000:7e:0f.0: [8086:344a] type 00 class 0x110100
[    1.844128] pci 0000:7e:1a.0: [8086:2880] type 00 class 0x110100
[    1.844225] pci 0000:7e:1b.0: [8086:2880] type 00 class 0x110100
[    1.844317] pci 0000:7e:1c.0: [8086:2880] type 00 class 0x110100
[    1.844471] pci 0000:7e:1d.0: [8086:2880] type 00 class 0x110100
[    1.844631] pci_bus 0000:7e: on NUMA node 0
[    1.844706] ACPI: PCI Root Bridge [UC07] (domain 0000 [bus 7f])
[    1.844708] acpi PNP0A03:01: _OSC: OS supports [ExtendedConfig ASPM ClockPM Segments MSI HPX-Type3]
[    1.844784] acpi PNP0A03:01: PCIe AER handled by firmware
[    1.844872] acpi PNP0A03:01: _OSC: platform does not support [SHPCHotplug LTR]
[    1.845041] acpi PNP0A03:01: _OSC: OS now controls [PCIeHotplug PME PCIeCapability]
[    1.845041] acpi PNP0A03:01: FADT indicates ASPM is unsupported, using BIOS configuration
[    1.845185] PCI host bridge to bus 0000:7f
[    1.845186] pci_bus 0000:7f: root bus resource [bus 7f]
[    1.845195] pci 0000:7f:00.0: [8086:344c] type 00 class 0x088000
[    1.845303] pci 0000:7f:00.1: [8086:344c] type 00 class 0x088000
[    1.845421] pci 0000:7f:00.2: [8086:344c] type 00 class 0x088000
[    1.845541] pci 0000:7f:00.3: [8086:344c] type 00 class 0x088000
[    1.845637] pci 0000:7f:00.4: [8086:344c] type 00 class 0x088000
[    1.845765] pci 0000:7f:00.5: [8086:344c] type 00 class 0x088000
[    1.845891] pci 0000:7f:00.6: [8086:344c] type 00 class 0x088000
[    1.845977] pci 0000:7f:00.7: [8086:344c] type 00 class 0x088000
[    1.846071] pci 0000:7f:01.0: [8086:344c] type 00 class 0x088000
[    1.846208] pci 0000:7f:01.1: [8086:344c] type 00 class 0x088000
[    1.846335] pci 0000:7f:01.2: [8086:344c] type 00 class 0x088000
[    1.846422] pci 0000:7f:01.3: [8086:344c] type 00 class 0x088000
[    1.846560] pci 0000:7f:01.4: [8086:344c] type 00 class 0x088000
[    1.846698] pci 0000:7f:01.5: [8086:344c] type 00 class 0x088000
[    1.846841] pci 0000:7f:01.6: [8086:344c] type 00 class 0x088000
[    1.846969] pci 0000:7f:01.7: [8086:344c] type 00 class 0x088000
[    1.847108] pci 0000:7f:02.0: [8086:344c] type 00 class 0x088000
[    1.847247] pci 0000:7f:02.1: [8086:344c] type 00 class 0x088000
[    1.847385] pci 0000:7f:02.2: [8086:344c] type 00 class 0x088000
[    1.847522] pci 0000:7f:02.3: [8086:344c] type 00 class 0x088000
[    1.847667] pci 0000:7f:02.4: [8086:344c] type 00 class 0x088000
[    1.847810] pci 0000:7f:02.5: [8086:344c] type 00 class 0x088000
[    1.847953] pci 0000:7f:02.6: [8086:344c] type 00 class 0x088000
[    1.848105] pci 0000:7f:02.7: [8086:344c] type 00 class 0x088000
[    1.848264] pci 0000:7f:03.0: [8086:344c] type 00 class 0x088000
[    1.848415] pci 0000:7f:03.1: [8086:344c] type 00 class 0x088000
[    1.848573] pci 0000:7f:03.2: [8086:344c] type 00 class 0x088000
[    1.848729] pci 0000:7f:03.3: [8086:344c] type 00 class 0x088000
[    1.848895] pci 0000:7f:0a.0: [8086:344d] type 00 class 0x088000
[    1.849004] pci 0000:7f:0a.1: [8086:344d] type 00 class 0x088000
[    1.849122] pci 0000:7f:0a.2: [8086:344d] type 00 class 0x088000
[    1.849240] pci 0000:7f:0a.3: [8086:344d] type 00 class 0x088000
[    1.849343] pci 0000:7f:0a.4: [8086:344d] type 00 class 0x088000
[    1.849472] pci 0000:7f:0a.5: [8086:344d] type 00 class 0x088000
[    1.849595] pci 0000:7f:0a.6: [8086:344d] type 00 class 0x088000
[    1.849682] pci 0000:7f:0a.7: [8086:344d] type 00 class 0x088000
[    1.849773] pci 0000:7f:0b.0: [8086:344d] type 00 class 0x088000
[    1.849908] pci 0000:7f:0b.1: [8086:344d] type 00 class 0x088000
[    1.850037] pci 0000:7f:0b.2: [8086:344d] type 00 class 0x088000
[    1.850123] pci 0000:7f:0b.3: [8086:344d] type 00 class 0x088000
[    1.850265] pci 0000:7f:0b.4: [8086:344d] type 00 class 0x088000
[    1.850404] pci 0000:7f:0b.5: [8086:344d] type 00 class 0x088000
[    1.850548] pci 0000:7f:0b.6: [8086:344d] type 00 class 0x088000
[    1.850675] pci 0000:7f:0b.7: [8086:344d] type 00 class 0x088000
[    1.850810] pci 0000:7f:0c.0: [8086:344d] type 00 class 0x088000
[    1.850949] pci 0000:7f:0c.1: [8086:344d] type 00 class 0x088000
[    1.851086] pci 0000:7f:0c.2: [8086:344d] type 00 class 0x088000
[    1.851225] pci 0000:7f:0c.3: [8086:344d] type 00 class 0x088000
[    1.851377] pci 0000:7f:0c.4: [8086:344d] type 00 class 0x088000
[    1.851519] pci 0000:7f:0c.5: [8086:344d] type 00 class 0x088000
[    1.851664] pci 0000:7f:0c.6: [8086:344d] type 00 class 0x088000
[    1.851817] pci 0000:7f:0c.7: [8086:344d] type 00 class 0x088000
[    1.851969] pci 0000:7f:0d.0: [8086:344d] type 00 class 0x088000
[    1.852122] pci 0000:7f:0d.1: [8086:344d] type 00 class 0x088000
[    1.852281] pci 0000:7f:0d.2: [8086:344d] type 00 class 0x088000
[    1.852437] pci 0000:7f:0d.3: [8086:344d] type 00 class 0x088000
[    1.852619] pci 0000:7f:1d.0: [8086:344f] type 00 class 0x088000
[    1.852737] pci 0000:7f:1d.1: [8086:3457] type 00 class 0x088000
[    1.852854] pci 0000:7f:1e.0: [8086:3458] type 00 class 0x088000
[    1.852931] pci 0000:7f:1e.1: [8086:3459] type 00 class 0x088000
[    1.853006] pci 0000:7f:1e.2: [8086:345a] type 00 class 0x088000
[    1.853079] pci 0000:7f:1e.3: [8086:345b] type 00 class 0x088000
[    1.853153] pci 0000:7f:1e.4: [8086:345c] type 00 class 0x088000
[    1.853228] pci 0000:7f:1e.5: [8086:345d] type 00 class 0x088000
[    1.853305] pci 0000:7f:1e.6: [8086:345e] type 00 class 0x088000
[    1.853380] pci 0000:7f:1e.7: [8086:345f] type 00 class 0x088000
[    1.853451] pci_bus 0000:7f: on NUMA node 0
[    1.853539] ACPI: PCI Root Bridge [PC06] (domain 0000 [bus 80])
[    1.853541] acpi PNP0A08:06: _OSC: OS supports [ExtendedConfig ASPM ClockPM Segments MSI HPX-Type3]
[    1.853634] acpi PNP0A08:06: PCIe AER handled by firmware
[    1.853739] acpi PNP0A08:06: _OSC: platform does not support [SHPCHotplug]
[    1.853938] acpi PNP0A08:06: _OSC: OS now controls [PCIeHotplug PME PCIeCapability LTR]
[    1.853938] acpi PNP0A08:06: FADT indicates ASPM is unsupported, using BIOS configuration
[    1.854079] PCI host bridge to bus 0000:80
[    1.854080] pci_bus 0000:80: root bus resource [io  0xb000-0xbfff window]
[    1.854081] pci_bus 0000:80: root bus resource [mem 0xc6800000-0xd0ffffff window]
[    1.854082] pci_bus 0000:80: root bus resource [mem 0x250000000000-0x25ffffffffff window]
[    1.854083] pci_bus 0000:80: root bus resource [bus 80]
[    1.854090] pci 0000:80:00.0: [8086:09a2] type 00 class 0x088000
[    1.854169] pci 0000:80:00.1: [8086:09a4] type 00 class 0x088000
[    1.854249] pci 0000:80:00.2: [8086:09a3] type 00 class 0x088000
[    1.854326] pci 0000:80:00.4: [8086:0998] type 00 class 0x060000
[    1.854402] pci 0000:80:02.0: [8086:09a6] type 00 class 0x088000
[    1.854412] pci 0000:80:02.0: reg 0x10: [mem 0xc6aa4000-0xc6aa5fff]
[    1.854477] pci 0000:80:02.1: [8086:09a7] type 00 class 0x088000
[    1.854486] pci 0000:80:02.1: reg 0x10: [mem 0xc6a00000-0xc6a7ffff]
[    1.854491] pci 0000:80:02.1: reg 0x14: [mem 0xc6980000-0xc69fffff]
[    1.854558] pci 0000:80:02.4: [8086:3456] type 00 class 0x130000
[    1.854570] pci 0000:80:02.4: reg 0x10: [mem 0xc6800000-0xc68fffff 64bit]
[    1.854577] pci 0000:80:02.4: reg 0x18: [mem 0xc6aa0000-0xc6aa3fff 64bit]
[    1.854584] pci 0000:80:02.4: reg 0x20: [mem 0xc6a80000-0xc6a9ffff 64bit]
[    1.854644] pci_bus 0000:80: on NUMA node 1
[    1.854710] ACPI: PCI Root Bridge [PC07] (domain 0000 [bus 81])
[    1.854712] acpi PNP0A08:07: _OSC: OS supports [ExtendedConfig ASPM ClockPM Segments MSI HPX-Type3]
[    1.854801] acpi PNP0A08:07: PCIe AER handled by firmware
[    1.854906] acpi PNP0A08:07: _OSC: platform does not support [SHPCHotplug]
[    1.855105] acpi PNP0A08:07: _OSC: OS now controls [PCIeHotplug PME PCIeCapability LTR]
[    1.855105] acpi PNP0A08:07: FADT indicates ASPM is unsupported, using BIOS configuration
[    1.855218] PCI host bridge to bus 0000:81
[    1.855219] pci_bus 0000:81: root bus resource [io  0xc000-0xcfff window]
[    1.855220] pci_bus 0000:81: root bus resource [mem 0xd1000000-0xdbbfffff window]
[    1.855221] pci_bus 0000:81: root bus resource [mem 0x260000000000-0x26ffffffffff window]
[    1.855221] pci_bus 0000:81: root bus resource [bus 81]
[    1.855228] pci 0000:81:00.0: [8086:09a2] type 00 class 0x088000
[    1.855297] pci 0000:81:00.1: [8086:09a4] type 00 class 0x088000
[    1.855363] pci 0000:81:00.2: [8086:09a3] type 00 class 0x088000
[    1.855431] pci 0000:81:00.4: [8086:0998] type 00 class 0x060000
[    1.855510] pci_bus 0000:81: on NUMA node 1
[    1.855568] ACPI: PCI Root Bridge [PC08] (domain 0000 [bus 82])
[    1.855570] acpi PNP0A08:08: _OSC: OS supports [ExtendedConfig ASPM ClockPM Segments MSI HPX-Type3]
[    1.855660] acpi PNP0A08:08: PCIe AER handled by firmware
[    1.855764] acpi PNP0A08:08: _OSC: platform does not support [SHPCHotplug]
[    1.855963] acpi PNP0A08:08: _OSC: OS now controls [PCIeHotplug PME PCIeCapability LTR]
[    1.855963] acpi PNP0A08:08: FADT indicates ASPM is unsupported, using BIOS configuration
[    1.856072] PCI host bridge to bus 0000:82
[    1.856073] pci_bus 0000:82: root bus resource [io  0xd000-0xdfff window]
[    1.856073] pci_bus 0000:82: root bus resource [mem 0xdbc00000-0xe67fffff window]
[    1.856074] pci_bus 0000:82: root bus resource [mem 0x270000000000-0x27ffffffffff window]
[    1.856075] pci_bus 0000:82: root bus resource [bus 82]
[    1.856082] pci 0000:82:00.0: [8086:09a2] type 00 class 0x088000
[    1.856150] pci 0000:82:00.1: [8086:09a4] type 00 class 0x088000
[    1.856219] pci 0000:82:00.2: [8086:09a3] type 00 class 0x088000
[    1.856291] pci 0000:82:00.4: [8086:0998] type 00 class 0x060000
[    1.856371] pci_bus 0000:82: on NUMA node 1
[    1.856454] ACPI: PCI Root Bridge [PC10] (domain 0000 [bus 83-f9])
[    1.856456] acpi PNP0A08:0a: _OSC: OS supports [ExtendedConfig ASPM ClockPM Segments MSI HPX-Type3]
[    1.856545] acpi PNP0A08:0a: PCIe AER handled by firmware
[    1.856649] acpi PNP0A08:0a: _OSC: platform does not support [SHPCHotplug]
[    1.856848] acpi PNP0A08:0a: _OSC: OS now controls [PCIeHotplug PME PCIeCapability LTR]
[    1.856849] acpi PNP0A08:0a: FADT indicates ASPM is unsupported, using BIOS configuration
[    1.856967] PCI host bridge to bus 0000:83
[    1.856968] pci_bus 0000:83: root bus resource [io  0xe000-0xefff window]
[    1.856969] pci_bus 0000:83: root bus resource [mem 0xe6800000-0xf13fffff window]
[    1.856969] pci_bus 0000:83: root bus resource [mem 0x280000000000-0x28ffffffffff window]
[    1.856970] pci_bus 0000:83: root bus resource [bus 83-f9]
[    1.856978] pci 0000:83:00.0: [8086:09a2] type 00 class 0x088000
[    1.857046] pci 0000:83:00.1: [8086:09a4] type 00 class 0x088000
[    1.857114] pci 0000:83:00.2: [8086:09a3] type 00 class 0x088000
[    1.857183] pci 0000:83:00.4: [8086:0998] type 00 class 0x060000
[    1.857262] pci_bus 0000:83: on NUMA node 1
[    1.857322] ACPI: PCI Root Bridge [PC11] (domain 0000 [bus fa])
[    1.857324] acpi PNP0A08:0b: _OSC: OS supports [ExtendedConfig ASPM ClockPM Segments MSI HPX-Type3]
[    1.857417] acpi PNP0A08:0b: PCIe AER handled by firmware
[    1.857521] acpi PNP0A08:0b: _OSC: platform does not support [SHPCHotplug]
[    1.857720] acpi PNP0A08:0b: _OSC: OS now controls [PCIeHotplug PME PCIeCapability LTR]
[    1.857720] acpi PNP0A08:0b: FADT indicates ASPM is unsupported, using BIOS configuration
[    1.857832] PCI host bridge to bus 0000:fa
[    1.857833] pci_bus 0000:fa: root bus resource [io  0xf000-0xffff window]
[    1.857833] pci_bus 0000:fa: root bus resource [mem 0xf1400000-0xfb7fffff window]
[    1.857834] pci_bus 0000:fa: root bus resource [mem 0x290000000000-0x29ffffffffff window]
[    1.857835] pci_bus 0000:fa: root bus resource [bus fa]
[    1.857842] pci 0000:fa:00.0: [8086:09a2] type 00 class 0x088000
[    1.857910] pci 0000:fa:00.1: [8086:09a4] type 00 class 0x088000
[    1.857978] pci 0000:fa:00.2: [8086:09a3] type 00 class 0x088000
[    1.858052] pci 0000:fa:00.4: [8086:0998] type 00 class 0x060000
[    1.858132] pci_bus 0000:fa: on NUMA node 1
[    1.858187] ACPI: PCI Root Bridge [UC16] (domain 0000 [bus fe])
[    1.858189] acpi PNP0A03:02: _OSC: OS supports [ExtendedConfig ASPM ClockPM Segments MSI HPX-Type3]
[    1.858263] acpi PNP0A03:02: PCIe AER handled by firmware
[    1.858352] acpi PNP0A03:02: _OSC: platform does not support [SHPCHotplug LTR]
[    1.858520] acpi PNP0A03:02: _OSC: OS now controls [PCIeHotplug PME PCIeCapability]
[    1.858521] acpi PNP0A03:02: FADT indicates ASPM is unsupported, using BIOS configuration
[    1.858651] PCI host bridge to bus 0000:fe
[    1.858652] pci_bus 0000:fe: root bus resource [bus fe]
[    1.858658] pci 0000:fe:00.0: [8086:3450] type 00 class 0x088000
[    1.858729] pci 0000:fe:00.1: [8086:3451] type 00 class 0x088000
[    1.858794] pci 0000:fe:00.2: [8086:3452] type 00 class 0x088000
[    1.858862] pci 0000:fe:00.3: [8086:0998] type 00 class 0x060000
[    1.858930] pci 0000:fe:00.5: [8086:3455] type 00 class 0x088000
[    1.859002] pci 0000:fe:02.0: [8086:3440] type 00 class 0x088000
[    1.859127] pci 0000:fe:02.1: [8086:3441] type 00 class 0x088000
[    1.859251] pci 0000:fe:02.2: [8086:3442] type 00 class 0x088000
[    1.859368] pci 0000:fe:03.0: [8086:3440] type 00 class 0x088000
[    1.859460] pci 0000:fe:03.1: [8086:3441] type 00 class 0x088000
[    1.859548] pci 0000:fe:03.2: [8086:3442] type 00 class 0x088000
[    1.859639] pci 0000:fe:04.0: [8086:3440] type 00 class 0x088000
[    1.859769] pci 0000:fe:04.1: [8086:3441] type 00 class 0x088000
[    1.859896] pci 0000:fe:04.2: [8086:3442] type 00 class 0x088000
[    1.860020] pci 0000:fe:04.3: [8086:3443] type 00 class 0x088000
[    1.860153] pci 0000:fe:05.0: [8086:3445] type 00 class 0x088000
[    1.860278] pci 0000:fe:05.1: [8086:3446] type 00 class 0x088000
[    1.860398] pci 0000:fe:05.2: [8086:3447] type 00 class 0x088000
[    1.860520] pci 0000:fe:06.0: [8086:3445] type 00 class 0x088000
[    1.860613] pci 0000:fe:06.1: [8086:3446] type 00 class 0x088000
[    1.860702] pci 0000:fe:06.2: [8086:3447] type 00 class 0x088000
[    1.860797] pci 0000:fe:07.0: [8086:3445] type 00 class 0x088000
[    1.860930] pci 0000:fe:07.1: [8086:3446] type 00 class 0x088000
[    1.861063] pci 0000:fe:07.2: [8086:3447] type 00 class 0x088000
[    1.861190] pci 0000:fe:0b.0: [8086:3448] type 00 class 0x088000
[    1.861267] pci 0000:fe:0b.1: [8086:3448] type 00 class 0x088000
[    1.861343] pci 0000:fe:0b.2: [8086:344b] type 00 class 0x088000
[    1.861424] pci 0000:fe:0c.0: [8086:344a] type 00 class 0x110100
[    1.861526] pci 0000:fe:0d.0: [8086:344a] type 00 class 0x110100
[    1.861623] pci 0000:fe:0e.0: [8086:344a] type 00 class 0x110100
[    1.861776] pci 0000:fe:0f.0: [8086:344a] type 00 class 0x110100
[    1.861946] pci 0000:fe:1a.0: [8086:2880] type 00 class 0x110100
[    1.862046] pci 0000:fe:1b.0: [8086:2880] type 00 class 0x110100
[    1.862141] pci 0000:fe:1c.0: [8086:2880] type 00 class 0x110100
[    1.862301] pci 0000:fe:1d.0: [8086:2880] type 00 class 0x110100
[    1.862462] pci_bus 0000:fe: on NUMA node 1
[    1.862534] ACPI: PCI Root Bridge [UC17] (domain 0000 [bus ff])
[    1.862536] acpi PNP0A03:03: _OSC: OS supports [ExtendedConfig ASPM ClockPM Segments MSI HPX-Type3]
[    1.862611] acpi PNP0A03:03: PCIe AER handled by firmware
[    1.862700] acpi PNP0A03:03: _OSC: platform does not support [SHPCHotplug LTR]
[    1.862868] acpi PNP0A03:03: _OSC: OS now controls [PCIeHotplug PME PCIeCapability]
[    1.862869] acpi PNP0A03:03: FADT indicates ASPM is unsupported, using BIOS configuration
[    1.863010] PCI host bridge to bus 0000:ff
[    1.863011] pci_bus 0000:ff: root bus resource [bus ff]
[    1.863021] pci 0000:ff:00.0: [8086:344c] type 00 class 0x088000
[    1.863136] pci 0000:ff:00.1: [8086:344c] type 00 class 0x088000
[    1.863255] pci 0000:ff:00.2: [8086:344c] type 00 class 0x088000
[    1.863362] pci 0000:ff:00.3: [8086:344c] type 00 class 0x088000
[    1.863493] pci 0000:ff:00.4: [8086:344c] type 00 class 0x088000
[    1.863617] pci 0000:ff:00.5: [8086:344c] type 00 class 0x088000
[    1.863719] pci 0000:ff:00.6: [8086:344c] type 00 class 0x088000
[    1.863853] pci 0000:ff:00.7: [8086:344c] type 00 class 0x088000
[    1.863985] pci 0000:ff:01.0: [8086:344c] type 00 class 0x088000
[    1.864126] pci 0000:ff:01.1: [8086:344c] type 00 class 0x088000
[    1.864260] pci 0000:ff:01.2: [8086:344c] type 00 class 0x088000
[    1.864350] pci 0000:ff:01.3: [8086:344c] type 00 class 0x088000
[    1.864499] pci 0000:ff:01.4: [8086:344c] type 00 class 0x088000
[    1.864644] pci 0000:ff:01.5: [8086:344c] type 00 class 0x088000
[    1.864792] pci 0000:ff:01.6: [8086:344c] type 00 class 0x088000
[    1.864925] pci 0000:ff:01.7: [8086:344c] type 00 class 0x088000
[    1.865066] pci 0000:ff:02.0: [8086:344c] type 00 class 0x088000
[    1.865208] pci 0000:ff:02.1: [8086:344c] type 00 class 0x088000
[    1.865348] pci 0000:ff:02.2: [8086:344c] type 00 class 0x088000
[    1.865494] pci 0000:ff:02.3: [8086:344c] type 00 class 0x088000
[    1.865642] pci 0000:ff:02.4: [8086:344c] type 00 class 0x088000
[    1.865786] pci 0000:ff:02.5: [8086:344c] type 00 class 0x088000
[    1.865937] pci 0000:ff:02.6: [8086:344c] type 00 class 0x088000
[    1.866085] pci 0000:ff:02.7: [8086:344c] type 00 class 0x088000
[    1.866244] pci 0000:ff:03.0: [8086:344c] type 00 class 0x088000
[    1.866407] pci 0000:ff:03.1: [8086:344c] type 00 class 0x088000
[    1.866571] pci 0000:ff:03.2: [8086:344c] type 00 class 0x088000
[    1.866734] pci 0000:ff:03.3: [8086:344c] type 00 class 0x088000
[    1.866913] pci 0000:ff:0a.0: [8086:344d] type 00 class 0x088000
[    1.867027] pci 0000:ff:0a.1: [8086:344d] type 00 class 0x088000
[    1.867147] pci 0000:ff:0a.2: [8086:344d] type 00 class 0x088000
[    1.867254] pci 0000:ff:0a.3: [8086:344d] type 00 class 0x088000
[    1.867382] pci 0000:ff:0a.4: [8086:344d] type 00 class 0x088000
[    1.867506] pci 0000:ff:0a.5: [8086:344d] type 00 class 0x088000
[    1.867610] pci 0000:ff:0a.6: [8086:344d] type 00 class 0x088000
[    1.867743] pci 0000:ff:0a.7: [8086:344d] type 00 class 0x088000
[    1.867881] pci 0000:ff:0b.0: [8086:344d] type 00 class 0x088000
[    1.868023] pci 0000:ff:0b.1: [8086:344d] type 00 class 0x088000
[    1.868157] pci 0000:ff:0b.2: [8086:344d] type 00 class 0x088000
[    1.868247] pci 0000:ff:0b.3: [8086:344d] type 00 class 0x088000
[    1.868391] pci 0000:ff:0b.4: [8086:344d] type 00 class 0x088000
[    1.868536] pci 0000:ff:0b.5: [8086:344d] type 00 class 0x088000
[    1.868683] pci 0000:ff:0b.6: [8086:344d] type 00 class 0x088000
[    1.868817] pci 0000:ff:0b.7: [8086:344d] type 00 class 0x088000
[    1.868963] pci 0000:ff:0c.0: [8086:344d] type 00 class 0x088000
[    1.869105] pci 0000:ff:0c.1: [8086:344d] type 00 class 0x088000
[    1.869246] pci 0000:ff:0c.2: [8086:344d] type 00 class 0x088000
[    1.869392] pci 0000:ff:0c.3: [8086:344d] type 00 class 0x088000
[    1.869534] pci 0000:ff:0c.4: [8086:344d] type 00 class 0x088000
[    1.869678] pci 0000:ff:0c.5: [8086:344d] type 00 class 0x088000
[    1.869829] pci 0000:ff:0c.6: [8086:344d] type 00 class 0x088000
[    1.869977] pci 0000:ff:0c.7: [8086:344d] type 00 class 0x088000
[    1.870142] pci 0000:ff:0d.0: [8086:344d] type 00 class 0x088000
[    1.870303] pci 0000:ff:0d.1: [8086:344d] type 00 class 0x088000
[    1.870456] pci 0000:ff:0d.2: [8086:344d] type 00 class 0x088000
[    1.870621] pci 0000:ff:0d.3: [8086:344d] type 00 class 0x088000
[    1.870805] pci 0000:ff:1d.0: [8086:344f] type 00 class 0x088000
[    1.870927] pci 0000:ff:1d.1: [8086:3457] type 00 class 0x088000
[    1.871048] pci 0000:ff:1e.0: [8086:3458] type 00 class 0x088000
[    1.871129] pci 0000:ff:1e.1: [8086:3459] type 00 class 0x088000
[    1.871211] pci 0000:ff:1e.2: [8086:345a] type 00 class 0x088000
[    1.871289] pci 0000:ff:1e.3: [8086:345b] type 00 class 0x088000
[    1.871365] pci 0000:ff:1e.4: [8086:345c] type 00 class 0x088000
[    1.871443] pci 0000:ff:1e.5: [8086:345d] type 00 class 0x088000
[    1.871519] pci 0000:ff:1e.6: [8086:345e] type 00 class 0x088000
[    1.871595] pci 0000:ff:1e.7: [8086:345f] type 00 class 0x088000
[    1.871671] pci_bus 0000:ff: on NUMA node 1
[    1.873130] HMAT: Memory (0x0 length 0x80000000) Flags:0003 Processor Domain:0 Memory Domain:0
[    1.873130] HMAT: Memory (0x100000000 length 0xf80000000) Flags:0003 Processor Domain:0 Memory Domain:0
[    1.873130] HMAT: Memory (0x2080000000 length 0x7e00000000) Flags:0003 Processor Domain:0 Memory Domain:2
[    1.873130] HMAT: Memory (0x1080000000 length 0x1000000000) Flags:0003 Processor Domain:1 Memory Domain:1
[    1.873130] HMAT: Memory (0x9e80000000 length 0x7e00000000) Flags:0003 Processor Domain:1 Memory Domain:3
[    1.873130] HMAT: Locality: Flags:00 Type:Read Latency Initiator Domains:2 Target Domains:4 Base:100
[    1.873130]   Initiator-Target[0-0]:7600 nsec
[    1.873130]   Initiator-Target[0-1]:13560 nsec
[    1.873130]   Initiator-Target[0-2]:25350 nsec
[    1.873130]   Initiator-Target[0-3]:31600 nsec
[    1.873130]   Initiator-Target[1-0]:13560 nsec
[    1.873130]   Initiator-Target[1-1]:7600 nsec
[    1.873130]   Initiator-Target[1-2]:31600 nsec
[    1.873130]   Initiator-Target[1-3]:25350 nsec
[    1.873130] HMAT: Locality: Flags:00 Type:Write Latency Initiator Domains:2 Target Domains:4 Base:100
[    1.873130]   Initiator-Target[0-0]:7600 nsec
[    1.873130]   Initiator-Target[0-1]:13560 nsec
[    1.873130]   Initiator-Target[0-2]:25350 nsec
[    1.873130]   Initiator-Target[0-3]:31600 nsec
[    1.873130]   Initiator-Target[1-0]:13560 nsec
[    1.873130]   Initiator-Target[1-1]:7600 nsec
[    1.873130]   Initiator-Target[1-2]:31600 nsec
[    1.873130]   Initiator-Target[1-3]:25350 nsec
[    1.873130] HMAT: Locality: Flags:00 Type:Read Bandwidth Initiator Domains:2 Target Domains:4 Base:1
[    1.873130]   Initiator-Target[0-0]:1790 MB/s
[    1.873130]   Initiator-Target[0-1]:1790 MB/s
[    1.873130]   Initiator-Target[0-2]:463 MB/s
[    1.873130]   Initiator-Target[0-3]:463 MB/s
[    1.873130]   Initiator-Target[1-0]:1790 MB/s
[    1.873130]   Initiator-Target[1-1]:1790 MB/s
[    1.873130]   Initiator-Target[1-2]:463 MB/s
[    1.873130]   Initiator-Target[1-3]:463 MB/s
[    1.873130] HMAT: Locality: Flags:00 Type:Write Bandwidth Initiator Domains:2 Target Domains:4 Base:1
[    1.873130]   Initiator-Target[0-0]:1910 MB/s
[    1.873130]   Initiator-Target[0-1]:1910 MB/s
[    1.873130]   Initiator-Target[0-2]:138 MB/s
[    1.873130]   Initiator-Target[0-3]:138 MB/s
[    1.873130]   Initiator-Target[1-0]:1910 MB/s
[    1.873130]   Initiator-Target[1-1]:1910 MB/s
[    1.873130]   Initiator-Target[1-2]:138 MB/s
[    1.873130]   Initiator-Target[1-3]:138 MB/s
[    1.873130] WARNING: CPU: 62 PID: 1 at drivers/base/node.c:191 node_set_perf_attrs+0x90/0xb0
[    1.873130] Modules linked in:
[    1.873130] CPU: 62 PID: 1 Comm: swapper/0 Not tainted 5.3.1-multiclock #1
[    1.873130] Hardware name: Dell Inc. PowerEdge R750/0K8F35, BIOS 1.10.2 03/03/2023
[    1.873130] RIP: 0010:node_set_perf_attrs+0x90/0xb0
[    1.873130] Code: f4 02 00 00 4c 89 ea 4c 89 e7 e8 bb bf c7 ff 85 c0 75 24 48 83 c3 08 48 8b 33 48 85 f6 75 e5 5b 41 5a 41 5c 41 5d 41 5e 5d c3 <0f> 0b 5b 41 5a 41 5c 41 5d 41 5e 5d c3 44 89 f6 48 c7 c7 70 5b da
[    1.873130] RSP: 0000:ffffaa8f00117d80 EFLAGS: 00010246
[    1.873130] RAX: 0000000000000002 RBX: 0000000000000003 RCX: 0000000000000000
[    1.873130] RDX: 0000000000000000 RSI: ffff8aeb96bf8458 RDI: 0000000000000002
[    1.873130] RBP: ffffaa8f00117da8 R08: ffff8adb006302c0 R09: 0000000000000000
[    1.873130] R10: ffff8aeb9cdf3650 R11: ffff8adb088747f0 R12: ffff8aeb96bf8440
[    1.873130] R13: ffffffff954db310 R14: 0000000000000005 R15: ffffffff95295806
[    1.873130] FS:  0000000000000000(0000) GS:ffff8adb093c0000(0000) knlGS:0000000000000000
[    1.873130] CS:  0010 DS: 0000 ES: 0000 CR0: 0000000080050033
[    1.873130] CR2: 0000000000000000 CR3: 000000070940a001 CR4: 0000000000760ee0
[    1.873130] DR0: 0000000000000000 DR1: 0000000000000000 DR2: 0000000000000000
[    1.873130] DR3: 0000000000000000 DR6: 00000000fffe0ff0 DR7: 0000000000000400
[    1.873130] PKRU: 55555554
[    1.873130] Call Trace:
[    1.873130]  hmat_init+0x32a/0x43c
[    1.873130]  ? hmat_parse_subtable+0x503/0x503
[    1.873130]  ? set_debug_rodata+0x17/0x17
[    1.873130]  do_one_initcall+0x4a/0x1fa
[    1.873130]  kernel_init_freeable+0x1c6/0x26d
[    1.873130]  ? rest_init+0xb0/0xb0
[    1.873130]  kernel_init+0xe/0x110
[    1.873130]  ret_from_fork+0x1f/0x40
[    1.873130] ---[ end trace 95096f0abd374cd0 ]---
[    1.873148] pci 0000:03:00.0: vgaarb: setting as boot VGA device
[    1.873148] pci 0000:03:00.0: vgaarb: VGA device added: decodes=io+mem,owns=io+mem,locks=none
[    1.873199] pci 0000:03:00.0: vgaarb: bridge control possible
[    1.873199] vgaarb: loaded
[    1.873304] SCSI subsystem initialized
[    1.877142] libata version 3.00 loaded.
[    1.877156] ACPI: bus type USB registered
[    1.877169] usbcore: registered new interface driver usbfs
[    1.877173] usbcore: registered new interface driver hub
[    1.877456] usbcore: registered new device driver usb
[    1.877477] pps_core: LinuxPPS API ver. 1 registered
[    1.877477] pps_core: Software ver. 5.3.6 - Copyright 2005-2007 Rodolfo Giometti <giometti@linux.it>
[    1.877482] PTP clock support registered
[    1.877662] EDAC MC: Ver: 3.0.0
[    1.877879] Registered efivars operations
[    1.877879] PCI: Using ACPI for IRQ routing
[    1.879064] PCI: pci_cache_line_size set to 64 bytes
[    1.879615] e820: reserve RAM buffer [mem 0x0008f000-0x0008ffff]
[    1.879616] e820: reserve RAM buffer [mem 0x47bdd020-0x47ffffff]
[    1.879617] e820: reserve RAM buffer [mem 0x47c0f020-0x47ffffff]
[    1.879618] e820: reserve RAM buffer [mem 0x47c42020-0x47ffffff]
[    1.879618] e820: reserve RAM buffer [mem 0x47c75020-0x47ffffff]
[    1.879619] e820: reserve RAM buffer [mem 0x49e77000-0x4bffffff]
[    1.879620] e820: reserve RAM buffer [mem 0x4b2cf000-0x4bffffff]
[    1.879621] e820: reserve RAM buffer [mem 0x4bd94000-0x4bffffff]
[    1.879621] e820: reserve RAM buffer [mem 0x4ce00000-0x4fffffff]
[    1.879622] e820: reserve RAM buffer [mem 0x5eefe000-0x5fffffff]
[    1.879623] e820: reserve RAM buffer [mem 0x6f800000-0x6fffffff]
[    1.879910] NetLabel: Initializing
[    1.879911] NetLabel:  domain hash size = 128
[    1.879911] NetLabel:  protocols = UNLABELED CIPSOv4 CALIPSO
[    1.879930] NetLabel:  unlabeled traffic allowed by default
[    1.881314] hpet0: at MMIO 0xfed00000, IRQs 2, 8, 0, 0, 0, 0, 0, 0
[    1.881317] hpet0: 8 comparators, 64-bit 24.000000 MHz counter
[    1.885261] clocksource: Switched to clocksource tsc-early
[    1.896323] VFS: Disk quotas dquot_6.6.0
[    1.896363] VFS: Dquot-cache hash table entries: 512 (order 0, 4096 bytes)
[    1.896652] *** VALIDATE hugetlbfs ***
[    1.896771] AppArmor: AppArmor Filesystem Enabled
[    1.896789] pnp: PnP ACPI init
[    1.912078] pnp 00:00: Plug and Play ACPI device, IDs PNP0b00 (active)
[    1.912232] system 00:01: [io  0x0500-0x05fe] has been reserved
[    1.912233] system 00:01: [io  0x0400-0x041f] has been reserved
[    1.912234] system 00:01: [io  0x0600-0x061f] has been reserved
[    1.912235] system 00:01: [io  0x0ca0-0x0ca1] has been reserved
[    1.912236] system 00:01: [io  0x0ca4-0x0ca6] has been reserved
[    1.912238] system 00:01: [mem 0xff000000-0xffffffff] has been reserved
[    1.912241] system 00:01: Plug and Play ACPI device, IDs PNP0c02 (active)
[    1.912488] pnp 00:02: Plug and Play ACPI device, IDs PNP0501 (active)
[    1.912694] pnp 00:03: Plug and Play ACPI device, IDs PNP0501 (active)
[    1.912848] system 00:04: [mem 0xfd000000-0xfdabffff] has been reserved
[    1.912849] system 00:04: [mem 0xfdad0000-0xfdadffff] has been reserved
[    1.912850] system 00:04: [mem 0xfdb00000-0xfdffffff] has been reserved
[    1.912851] system 00:04: [mem 0xfe000000-0xfe00ffff] has been reserved
[    1.912852] system 00:04: [mem 0xfe011000-0xfe01ffff] has been reserved
[    1.912853] system 00:04: [mem 0xfe036000-0xfe03bfff] has been reserved
[    1.912855] system 00:04: [mem 0xfe03d000-0xfe3fffff] has been reserved
[    1.912856] system 00:04: [mem 0xfe410000-0xfe7fffff] has been reserved
[    1.912858] system 00:04: Plug and Play ACPI device, IDs PNP0c02 (active)
[    1.913185] system 00:05: [io  0x1000-0x10fe] has been reserved
[    1.913187] system 00:05: Plug and Play ACPI device, IDs PNP0c02 (active)
[    1.914172] pnp: PnP ACPI: found 6 devices
[    1.915268] thermal_sys: Registered thermal governor 'fair_share'
[    1.915269] thermal_sys: Registered thermal governor 'bang_bang'
[    1.915270] thermal_sys: Registered thermal governor 'step_wise'
[    1.915270] thermal_sys: Registered thermal governor 'user_space'
[    1.915271] thermal_sys: Registered thermal governor 'power_allocator'
[    1.919763] clocksource: acpi_pm: mask: 0xffffff max_cycles: 0xffffff, max_idle_ns: 2085701024 ns
[    1.919785] pci 0000:04:00.0: can't claim BAR 6 [mem 0xfffc0000-0xffffffff pref]: no compatible bridge window
[    1.919786] pci 0000:04:00.1: can't claim BAR 6 [mem 0xfffc0000-0xffffffff pref]: no compatible bridge window
[    1.919788] pci 0000:17:00.0: can't claim BAR 6 [mem 0xfff00000-0xffffffff pref]: no compatible bridge window
[    1.919801] pci 0000:00:1c.5: BAR 14: assigned [mem 0x90000000-0x900fffff]
[    1.919803] pci 0000:00:1c.0: PCI bridge to [bus 01]
[    1.919812] pci 0000:02:00.0: PCI bridge to [bus 03]
[    1.919817] pci 0000:02:00.0:   bridge window [mem 0x92000000-0x928fffff]
[    1.919820] pci 0000:02:00.0:   bridge window [mem 0x91000000-0x91ffffff 64bit pref]
[    1.919825] pci 0000:00:1c.4: PCI bridge to [bus 02-03]
[    1.919828] pci 0000:00:1c.4:   bridge window [mem 0x92000000-0x928fffff]
[    1.919831] pci 0000:00:1c.4:   bridge window [mem 0x91000000-0x91ffffff 64bit pref]
[    1.919836] pci 0000:04:00.0: BAR 6: assigned [mem 0x90000000-0x9003ffff pref]
[    1.919837] pci 0000:04:00.1: BAR 6: assigned [mem 0x90040000-0x9007ffff pref]
[    1.919838] pci 0000:00:1c.5: PCI bridge to [bus 04]
[    1.919840] pci 0000:00:1c.5:   bridge window [mem 0x90000000-0x900fffff]
[    1.919843] pci 0000:00:1c.5:   bridge window [mem 0x92900000-0x929fffff 64bit pref]
[    1.919847] pci_bus 0000:00: resource 4 [io  0x0000-0x0cf7 window]
[    1.919848] pci_bus 0000:00: resource 5 [io  0x1000-0x4fff window]
[    1.919849] pci_bus 0000:00: resource 6 [mem 0x000a0000-0x000bffff window]
[    1.919849] pci_bus 0000:00: resource 7 [mem 0x000c8000-0x000cffff window]
