pgmigrate_success 4474735
pgmigrate_fail 0
thp_migration_success 0
thp_migration_fail 0
thp_migration_split 0
thp_fault_alloc 0
thp_fault_fallback 0
thp_fault_fallback_charge 0
thp_collapse_alloc 0
thp_collapse_alloc_failed 0
thp_file_alloc 0
thp_file_fallback 0
thp_file_fallback_charge 0
thp_file_mapped 0
thp_split_page 0
thp_split_page_failed 0
thp_deferred_split_page 0
thp_split_pmd 0
thp_scan_exceed_none_pte 0
thp_scan_exceed_swap_pte 0
thp_scan_exceed_share_pte 0
thp_split_pud 0
thp_zero_page_alloc 0
thp_zero_page_alloc_failed 0
thp_swpout 0
thp_swpout_fallback 0
MemTotal:       131427796 kB
MemFree:        109105540 kB
MemAvailable:   108907140 kB
Buffers:           67276 kB
Cached:           479584 kB
SwapCached:            0 kB
Active:           181560 kB
Inactive:        4523152 kB
Active(anon):        420 kB
Inactive(anon):  4163636 kB
Active(file):     181140 kB
Inactive(file):   359516 kB
Unevictable:           0 kB
Mlocked:               0 kB
SwapTotal:       2097148 kB
SwapFree:        2097148 kB
Dirty:                32 kB
Writeback:             0 kB
AnonPages:       4157856 kB
Mapped:           419096 kB
Shmem:              6196 kB
KReclaimable:     197368 kB
Slab:             504556 kB
SReclaimable:     197368 kB
SUnreclaim:       307188 kB
KernelStack:       32144 kB
PageTables:        51724 kB
NFS_Unstable:          0 kB
Bounce:                0 kB
WritebackTmp:          0 kB
CommitLimit:    67811044 kB
Committed_AS:    7779188 kB
VmallocTotal:   34359738367 kB
VmallocUsed:      197184 kB
VmallocChunk:          0 kB
Percpu:           121408 kB
HardwareCorrupted:     0 kB
AnonHugePages:         0 kB
ShmemHugePages:        0 kB
ShmemPmdMapped:        0 kB
FileHugePages:         0 kB
FilePmdMapped:         0 kB
CmaTotal:              0 kB
CmaFree:               0 kB
HugePages_Total:       0
HugePages_Free:        0
HugePages_Rsvd:        0
HugePages_Surp:        0
Hugepagesize:       2048 kB
Hugetlb:               0 kB
DirectMap4k:      466408 kB
DirectMap2M:     8407040 kB
DirectMap1G:    1184890880 kB
pgmigrate_success 4555223
pgmigrate_fail 0
thp_migration_success 0
thp_migration_fail 0
thp_migration_split 0
thp_fault_alloc 0
thp_fault_fallback 0
thp_fault_fallback_charge 0
thp_collapse_alloc 0
thp_collapse_alloc_failed 0
thp_file_alloc 0
thp_file_fallback 0
thp_file_fallback_charge 0
thp_file_mapped 0
thp_split_page 0
thp_split_page_failed 0
thp_deferred_split_page 0
thp_split_pmd 0
thp_scan_exceed_none_pte 0
thp_scan_exceed_swap_pte 0
thp_scan_exceed_share_pte 0
thp_split_pud 0
thp_zero_page_alloc 0
thp_zero_page_alloc_failed 0
thp_swpout 0
thp_swpout_fallback 0
MemTotal:       131427796 kB
MemFree:        109081764 kB
MemAvailable:   108886180 kB
Buffers:           69516 kB
Cached:           480020 kB
SwapCached:            0 kB
Active:           183992 kB
Inactive:        4525392 kB
Active(anon):        428 kB
Inactive(anon):  4165600 kB
Active(file):     183564 kB
Inactive(file):   359792 kB
Unevictable:           0 kB
Mlocked:               0 kB
SwapTotal:       2097148 kB
SwapFree:        2097148 kB
Dirty:                32 kB
Writeback:             0 kB
AnonPages:       4159800 kB
Mapped:           418724 kB
Shmem:              6196 kB
KReclaimable:     197600 kB
Slab:             506236 kB
SReclaimable:     197600 kB
SUnreclaim:       308636 kB
KernelStack:       32768 kB
PageTables:        51840 kB
NFS_Unstable:          0 kB
Bounce:                0 kB
WritebackTmp:          0 kB
CommitLimit:    67811044 kB
Committed_AS:    7779948 kB
VmallocTotal:   34359738367 kB
VmallocUsed:      197168 kB
VmallocChunk:          0 kB
Percpu:           121408 kB
HardwareCorrupted:     0 kB
AnonHugePages:         0 kB
ShmemHugePages:        0 kB
ShmemPmdMapped:        0 kB
FileHugePages:         0 kB
FilePmdMapped:         0 kB
CmaTotal:              0 kB
CmaFree:               0 kB
HugePages_Total:       0
HugePages_Free:        0
HugePages_Rsvd:        0
HugePages_Surp:        0
Hugepagesize:       2048 kB
Hugetlb:               0 kB
DirectMap4k:      466408 kB
DirectMap2M:     8407040 kB
DirectMap1G:    1184890880 kB
