pgmigrate_success 4466708
pgmigrate_fail 0
thp_migration_success 0
thp_migration_fail 0
thp_migration_split 0
thp_fault_alloc 0
thp_fault_fallback 0
thp_fault_fallback_charge 0
thp_collapse_alloc 0
thp_collapse_alloc_failed 0
thp_file_alloc 0
thp_file_fallback 0
thp_file_fallback_charge 0
thp_file_mapped 0
thp_split_page 0
thp_split_page_failed 0
thp_deferred_split_page 0
thp_split_pmd 0
thp_scan_exceed_none_pte 0
thp_scan_exceed_swap_pte 0
thp_scan_exceed_share_pte 0
thp_split_pud 0
thp_zero_page_alloc 0
thp_zero_page_alloc_failed 0
thp_swpout 0
thp_swpout_fallback 0
MemTotal:       131427796 kB
MemFree:        109099016 kB
MemAvailable:   108900012 kB
Buffers:           66944 kB
Cached:           479352 kB
SwapCached:            0 kB
Active:           180372 kB
Inactive:        4518756 kB
Active(anon):        404 kB
Inactive(anon):  4158604 kB
Active(file):     179968 kB
Inactive(file):   360152 kB
Unevictable:           0 kB
Mlocked:               0 kB
SwapTotal:       2097148 kB
SwapFree:        2097148 kB
Dirty:                28 kB
Writeback:             0 kB
AnonPages:       4152912 kB
Mapped:           418528 kB
Shmem:              6196 kB
KReclaimable:     197228 kB
Slab:             502752 kB
SReclaimable:     197228 kB
SUnreclaim:       305524 kB
KernelStack:       32064 kB
PageTables:        51260 kB
NFS_Unstable:          0 kB
Bounce:                0 kB
WritebackTmp:          0 kB
CommitLimit:    67811044 kB
Committed_AS:    7777136 kB
VmallocTotal:   34359738367 kB
VmallocUsed:      196960 kB
VmallocChunk:          0 kB
Percpu:           121408 kB
HardwareCorrupted:     0 kB
AnonHugePages:         0 kB
ShmemHugePages:        0 kB
ShmemPmdMapped:        0 kB
FileHugePages:         0 kB
FilePmdMapped:         0 kB
CmaTotal:              0 kB
CmaFree:               0 kB
HugePages_Total:       0
HugePages_Free:        0
HugePages_Rsvd:        0
HugePages_Surp:        0
Hugepagesize:       2048 kB
Hugetlb:               0 kB
DirectMap4k:      466408 kB
DirectMap2M:     8407040 kB
DirectMap1G:    1184890880 kB
pgmigrate_success 4474738
pgmigrate_fail 0
thp_migration_success 0
thp_migration_fail 0
thp_migration_split 0
thp_fault_alloc 0
thp_fault_fallback 0
thp_fault_fallback_charge 0
thp_collapse_alloc 0
thp_collapse_alloc_failed 0
thp_file_alloc 0
thp_file_fallback 0
thp_file_fallback_charge 0
thp_file_mapped 0
thp_split_page 0
thp_split_page_failed 0
thp_deferred_split_page 0
thp_split_pmd 0
thp_scan_exceed_none_pte 0
thp_scan_exceed_swap_pte 0
thp_scan_exceed_share_pte 0
thp_split_pud 0
thp_zero_page_alloc 0
thp_zero_page_alloc_failed 0
thp_swpout 0
thp_swpout_fallback 0
MemTotal:       131427796 kB
MemFree:        109106628 kB
MemAvailable:   108908544 kB
Buffers:           67500 kB
Cached:           479652 kB
SwapCached:            0 kB
Active:           181912 kB
Inactive:        4522524 kB
Active(anon):        424 kB
Inactive(anon):  4163044 kB
Active(file):     181488 kB
Inactive(file):   359480 kB
Unevictable:           0 kB
Mlocked:               0 kB
SwapTotal:       2097148 kB
SwapFree:        2097148 kB
Dirty:                20 kB
Writeback:             0 kB
AnonPages:       4157488 kB
Mapped:           418708 kB
Shmem:              6196 kB
KReclaimable:     197376 kB
Slab:             504076 kB
SReclaimable:     197376 kB
SUnreclaim:       306700 kB
KernelStack:       32224 kB
PageTables:        51776 kB
NFS_Unstable:          0 kB
Bounce:                0 kB
WritebackTmp:          0 kB
CommitLimit:    67811044 kB
Committed_AS:    7780324 kB
VmallocTotal:   34359738367 kB
VmallocUsed:      197088 kB
VmallocChunk:          0 kB
Percpu:           121408 kB
HardwareCorrupted:     0 kB
AnonHugePages:         0 kB
ShmemHugePages:        0 kB
ShmemPmdMapped:        0 kB
FileHugePages:         0 kB
FilePmdMapped:         0 kB
CmaTotal:              0 kB
CmaFree:               0 kB
HugePages_Total:       0
HugePages_Free:        0
HugePages_Rsvd:        0
HugePages_Surp:        0
Hugepagesize:       2048 kB
Hugetlb:               0 kB
DirectMap4k:      466408 kB
DirectMap2M:     8407040 kB
DirectMap1G:    1184890880 kB
