2024年 05月 21日 星期二 20:58:28 CST
pgmigrate_success 443278
pgmigrate_fail 8341079
pgmigrate_dst_node_full_fail 16689904
pgmigrate_numa_isolate_fail 132
pgmigrate_nomem_fail 5
pgmigrate_refcount_fail 702
thp_fault_alloc 5297
thp_fault_fallback 0
thp_collapse_alloc 24
thp_collapse_alloc_failed 1
thp_file_alloc 0
thp_file_mapped 0
thp_split_page 0
thp_split_page_failed 0
thp_deferred_split_page 5755
thp_split_pmd 123
thp_split_pud 0
thp_zero_page_alloc 0
thp_zero_page_alloc_failed 0
thp_swpout 0
thp_swpout_fallback 0
MemTotal:       1077550484 kB
MemFree:        1046818492 kB
MemAvailable:   1044632092 kB
Buffers:            7740 kB
Cached:           106356 kB
SwapCached:        44572 kB
Active:           230540 kB
Inactive:         215112 kB
Active(anon):     201896 kB
Inactive(anon):   136376 kB
Active(file):      28644 kB
Inactive(file):    78736 kB
Unevictable:           0 kB
Mlocked:               0 kB
SwapTotal:       2097148 kB
SwapFree:        1683196 kB
Dirty:               788 kB
Writeback:             0 kB
AnonPages:        322816 kB
Mapped:           102356 kB
Shmem:              4556 kB
KReclaimable:     258020 kB
Slab:             706012 kB
SReclaimable:     258020 kB
SUnreclaim:       447992 kB
KernelStack:       33732 kB
PageTables:        28904 kB
NFS_Unstable:          0 kB
Bounce:                0 kB
WritebackTmp:          0 kB
CommitLimit:    540872388 kB
Committed_AS:    6568636 kB
VmallocTotal:   34359738367 kB
VmallocUsed:      105156 kB
VmallocChunk:          0 kB
Percpu:           123648 kB
HardwareCorrupted:     0 kB
AnonHugePages:      2048 kB
ShmemHugePages:        0 kB
ShmemPmdMapped:        0 kB
CmaTotal:              0 kB
CmaFree:               0 kB
HugePages_Total:       0
HugePages_Free:        0
HugePages_Rsvd:        0
HugePages_Surp:        0
Hugepagesize:       2048 kB
Hugetlb:               0 kB
DirectMap4k:     1201640 kB
DirectMap2M:     7671808 kB
DirectMap1G:    1180696576 kB
2024年 05月 21日 星期二 21:07:48 CST
pgmigrate_success 521346
pgmigrate_fail 15252568
pgmigrate_dst_node_full_fail 23597808
pgmigrate_numa_isolate_fail 133
pgmigrate_nomem_fail 5
pgmigrate_refcount_fail 702
thp_fault_alloc 11167
thp_fault_fallback 0
thp_collapse_alloc 26
thp_collapse_alloc_failed 1
thp_file_alloc 0
thp_file_mapped 0
thp_split_page 0
thp_split_page_failed 0
thp_deferred_split_page 11930
thp_split_pmd 309
thp_split_pud 0
thp_zero_page_alloc 0
thp_zero_page_alloc_failed 0
thp_swpout 0
thp_swpout_fallback 0
MemTotal:       1077550484 kB
MemFree:        1046512504 kB
MemAvailable:   1044393020 kB
Buffers:           58820 kB
Cached:           157188 kB
SwapCached:        49096 kB
Active:           308644 kB
Inactive:         259132 kB
Active(anon):     218800 kB
Inactive(anon):   137824 kB
Active(file):      89844 kB
Inactive(file):   121308 kB
Unevictable:           0 kB
Mlocked:               0 kB
SwapTotal:       2097148 kB
SwapFree:        1694204 kB
Dirty:                44 kB
Writeback:             0 kB
AnonPages:        343184 kB
Mapped:           104000 kB
Shmem:              4556 kB
KReclaimable:     288084 kB
Slab:             739988 kB
SReclaimable:     288084 kB
SUnreclaim:       451904 kB
KernelStack:       34524 kB
PageTables:        29148 kB
NFS_Unstable:          0 kB
Bounce:                0 kB
WritebackTmp:          0 kB
CommitLimit:    540872388 kB
Committed_AS:    5982860 kB
VmallocTotal:   34359738367 kB
VmallocUsed:      105156 kB
VmallocChunk:          0 kB
Percpu:           123648 kB
HardwareCorrupted:     0 kB
AnonHugePages:    317440 kB
ShmemHugePages:        0 kB
ShmemPmdMapped:        0 kB
CmaTotal:              0 kB
CmaFree:               0 kB
HugePages_Total:       0
HugePages_Free:        0
HugePages_Rsvd:        0
HugePages_Surp:        0
Hugepagesize:       2048 kB
Hugetlb:               0 kB
DirectMap4k:     1201640 kB
DirectMap2M:     7671808 kB
DirectMap1G:    1180696576 kB
