[    0.000000] Linux version 5.3.1-multiclock (xmu@xmu-PowerEdge-R750) (gcc version 7.5.0 (Ubuntu 7.5.0-3ubuntu1~18.04)) #1 SMP Wed Aug 9 20:46:02 CST 2023
[    0.000000] Command line: BOOT_IMAGE=/boot/vmlinuz-5.3.1-multiclock root=UUID=ce0c24b8-724b-4f33-9b2c-618433560aef ro memmap=42000M!4096M memmap=59G!64G quiet splash nomodeset vt.handoff=1
[    0.000000] KERNEL supported cpus:
[    0.000000]   Intel GenuineIntel
[    0.000000]   AMD AuthenticAMD
[    0.000000]   Hygon HygonGenuine
[    0.000000]   Centaur CentaurHauls
[    0.000000]   zhaoxin   Shanghai  
[    0.000000] x86/fpu: Supporting XSAVE feature 0x001: 'x87 floating point registers'
[    0.000000] x86/fpu: Supporting XSAVE feature 0x002: 'SSE registers'
[    0.000000] x86/fpu: Supporting XSAVE feature 0x004: 'AVX registers'
[    0.000000] x86/fpu: Supporting XSAVE feature 0x020: 'AVX-512 opmask'
[    0.000000] x86/fpu: Supporting XSAVE feature 0x040: 'AVX-512 Hi256'
[    0.000000] x86/fpu: Supporting XSAVE feature 0x080: 'AVX-512 ZMM_Hi256'
[    0.000000] x86/fpu: Supporting XSAVE feature 0x200: 'Protection Keys User registers'
[    0.000000] x86/fpu: xstate_offset[2]:  576, xstate_sizes[2]:  256
[    0.000000] x86/fpu: xstate_offset[5]:  832, xstate_sizes[5]:   64
[    0.000000] x86/fpu: xstate_offset[6]:  896, xstate_sizes[6]:  512
[    0.000000] x86/fpu: xstate_offset[7]: 1408, xstate_sizes[7]: 1024
[    0.000000] x86/fpu: xstate_offset[9]: 2432, xstate_sizes[9]:    8
[    0.000000] x86/fpu: Enabled xstate features 0x2e7, context size is 2440 bytes, using 'compacted' format.
[    0.000000] BIOS-provided physical RAM map:
[    0.000000] BIOS-e820: [mem 0x0000000000000000-0x000000000008efff] usable
[    0.000000] BIOS-e820: [mem 0x000000000008f000-0x000000000008ffff] reserved
[    0.000000] BIOS-e820: [mem 0x0000000000090000-0x000000000009ffff] usable
[    0.000000] BIOS-e820: [mem 0x00000000000a0000-0x00000000000fffff] reserved
[    0.000000] BIOS-e820: [mem 0x0000000000100000-0x0000000049e76fff] usable
[    0.000000] BIOS-e820: [mem 0x0000000049e77000-0x000000004ae76fff] ACPI NVS
[    0.000000] BIOS-e820: [mem 0x000000004ae77000-0x000000004b2cefff] usable
[    0.000000] BIOS-e820: [mem 0x000000004b2cf000-0x000000004b54dfff] ACPI data
[    0.000000] BIOS-e820: [mem 0x000000004b54e000-0x000000004bd93fff] usable
[    0.000000] BIOS-e820: [mem 0x000000004bd94000-0x000000004be99fff] reserved
[    0.000000] BIOS-e820: [mem 0x000000004be9a000-0x000000004cdfffff] usable
[    0.000000] BIOS-e820: [mem 0x000000004ce00000-0x000000004cffffff] reserved
[    0.000000] BIOS-e820: [mem 0x000000004d000000-0x000000005eefdfff] usable
[    0.000000] BIOS-e820: [mem 0x000000005eefe000-0x000000006e3fefff] reserved
[    0.000000] BIOS-e820: [mem 0x000000006e3ff000-0x000000006f3fefff] ACPI NVS
[    0.000000] BIOS-e820: [mem 0x000000006f3ff000-0x000000006f7fefff] ACPI data
[    0.000000] BIOS-e820: [mem 0x000000006f7ff000-0x000000006f7fffff] usable
[    0.000000] BIOS-e820: [mem 0x000000006f800000-0x000000008fffffff] reserved
[    0.000000] BIOS-e820: [mem 0x00000000fe000000-0x00000000fe010fff] reserved
[    0.000000] BIOS-e820: [mem 0x0000000100000000-0x000000207fffffff] usable
[    0.000000] BIOS-e820: [mem 0x0000002080000000-0x0000011c7fffffff] persistent (type 7)
[    0.000000] BIOS-e820: [mem 0x00001ffc00000000-0x00001fffffffffff] reserved
[    0.000000] NX (Execute Disable) protection: active
[    0.000000] e820: update [mem 0x47c65020-0x47c6d05f] usable ==> usable
[    0.000000] e820: update [mem 0x47c65020-0x47c6d05f] usable ==> usable
[    0.000000] e820: update [mem 0x47c32020-0x47c64c5f] usable ==> usable
[    0.000000] e820: update [mem 0x47c32020-0x47c64c5f] usable ==> usable
[    0.000000] e820: update [mem 0x47bff020-0x47c31c5f] usable ==> usable
[    0.000000] e820: update [mem 0x47bff020-0x47c31c5f] usable ==> usable
[    0.000000] e820: update [mem 0x47bcd020-0x47bfea5f] usable ==> usable
[    0.000000] e820: update [mem 0x47bcd020-0x47bfea5f] usable ==> usable
[    0.000000] extended physical RAM map:
[    0.000000] reserve setup_data: [mem 0x0000000000000000-0x000000000008efff] usable
[    0.000000] reserve setup_data: [mem 0x000000000008f000-0x000000000008ffff] reserved
[    0.000000] reserve setup_data: [mem 0x0000000000090000-0x000000000009ffff] usable
[    0.000000] reserve setup_data: [mem 0x00000000000a0000-0x00000000000fffff] reserved
[    0.000000] reserve setup_data: [mem 0x0000000000100000-0x0000000047bcd01f] usable
[    0.000000] reserve setup_data: [mem 0x0000000047bcd020-0x0000000047bfea5f] usable
[    0.000000] reserve setup_data: [mem 0x0000000047bfea60-0x0000000047bff01f] usable
[    0.000000] reserve setup_data: [mem 0x0000000047bff020-0x0000000047c31c5f] usable
[    0.000000] reserve setup_data: [mem 0x0000000047c31c60-0x0000000047c3201f] usable
[    0.000000] reserve setup_data: [mem 0x0000000047c32020-0x0000000047c64c5f] usable
[    0.000000] reserve setup_data: [mem 0x0000000047c64c60-0x0000000047c6501f] usable
[    0.000000] reserve setup_data: [mem 0x0000000047c65020-0x0000000047c6d05f] usable
[    0.000000] reserve setup_data: [mem 0x0000000047c6d060-0x0000000049e76fff] usable
[    0.000000] reserve setup_data: [mem 0x0000000049e77000-0x000000004ae76fff] ACPI NVS
[    0.000000] reserve setup_data: [mem 0x000000004ae77000-0x000000004b2cefff] usable
[    0.000000] reserve setup_data: [mem 0x000000004b2cf000-0x000000004b54dfff] ACPI data
[    0.000000] reserve setup_data: [mem 0x000000004b54e000-0x000000004bd93fff] usable
[    0.000000] reserve setup_data: [mem 0x000000004bd94000-0x000000004be99fff] reserved
[    0.000000] reserve setup_data: [mem 0x000000004be9a000-0x000000004cdfffff] usable
[    0.000000] reserve setup_data: [mem 0x000000004ce00000-0x000000004cffffff] reserved
[    0.000000] reserve setup_data: [mem 0x000000004d000000-0x000000005eefdfff] usable
[    0.000000] reserve setup_data: [mem 0x000000005eefe000-0x000000006e3fefff] reserved
[    0.000000] reserve setup_data: [mem 0x000000006e3ff000-0x000000006f3fefff] ACPI NVS
[    0.000000] reserve setup_data: [mem 0x000000006f3ff000-0x000000006f7fefff] ACPI data
[    0.000000] reserve setup_data: [mem 0x000000006f7ff000-0x000000006f7fffff] usable
[    0.000000] reserve setup_data: [mem 0x000000006f800000-0x000000008fffffff] reserved
[    0.000000] reserve setup_data: [mem 0x00000000fe000000-0x00000000fe010fff] reserved
[    0.000000] reserve setup_data: [mem 0x0000000100000000-0x0000000b40ffffff] persistent (type 12)
[    0.000000] reserve setup_data: [mem 0x0000000b41000000-0x0000000fffffffff] usable
[    0.000000] reserve setup_data: [mem 0x0000001000000000-0x0000001ebfffffff] persistent (type 12)
[    0.000000] reserve setup_data: [mem 0x0000001ec0000000-0x000000207fffffff] usable
[    0.000000] reserve setup_data: [mem 0x0000002080000000-0x0000011c7fffffff] persistent (type 7)
[    0.000000] reserve setup_data: [mem 0x00001ffc00000000-0x00001fffffffffff] reserved
[    0.000000] user-defined physical RAM map:
[    0.000000] user: [mem 0x0000000000000000-0x000000000008efff] usable
[    0.000000] user: [mem 0x000000000008f000-0x000000000008ffff] reserved
[    0.000000] user: [mem 0x0000000000090000-0x000000000009ffff] usable
[    0.000000] user: [mem 0x00000000000a0000-0x00000000000fffff] reserved
[    0.000000] user: [mem 0x0000000000100000-0x0000000047bcd01f] usable
[    0.000000] user: [mem 0x0000000047bcd020-0x0000000047bfea5f] usable
[    0.000000] user: [mem 0x0000000047bfea60-0x0000000047bff01f] usable
[    0.000000] user: [mem 0x0000000047bff020-0x0000000047c31c5f] usable
[    0.000000] user: [mem 0x0000000047c31c60-0x0000000047c3201f] usable
[    0.000000] user: [mem 0x0000000047c32020-0x0000000047c64c5f] usable
[    0.000000] user: [mem 0x0000000047c64c60-0x0000000047c6501f] usable
[    0.000000] user: [mem 0x0000000047c65020-0x0000000047c6d05f] usable
[    0.000000] user: [mem 0x0000000047c6d060-0x0000000049e76fff] usable
[    0.000000] user: [mem 0x0000000049e77000-0x000000004ae76fff] ACPI NVS
[    0.000000] user: [mem 0x000000004ae77000-0x000000004b2cefff] usable
[    0.000000] user: [mem 0x000000004b2cf000-0x000000004b54dfff] ACPI data
[    0.000000] user: [mem 0x000000004b54e000-0x000000004bd93fff] usable
[    0.000000] user: [mem 0x000000004bd94000-0x000000004be99fff] reserved
[    0.000000] user: [mem 0x000000004be9a000-0x000000004cdfffff] usable
[    0.000000] user: [mem 0x000000004ce00000-0x000000004cffffff] reserved
[    0.000000] user: [mem 0x000000004d000000-0x000000005eefdfff] usable
[    0.000000] user: [mem 0x000000005eefe000-0x000000006e3fefff] reserved
[    0.000000] user: [mem 0x000000006e3ff000-0x000000006f3fefff] ACPI NVS
[    0.000000] user: [mem 0x000000006f3ff000-0x000000006f7fefff] ACPI data
[    0.000000] user: [mem 0x000000006f7ff000-0x000000006f7fffff] usable
[    0.000000] user: [mem 0x000000006f800000-0x000000008fffffff] reserved
[    0.000000] user: [mem 0x00000000fe000000-0x00000000fe010fff] reserved
[    0.000000] user: [mem 0x0000000100000000-0x0000000b40ffffff] persistent (type 12)
[    0.000000] user: [mem 0x0000000b41000000-0x0000000fffffffff] usable
[    0.000000] user: [mem 0x0000001000000000-0x0000001ebfffffff] persistent (type 12)
[    0.000000] user: [mem 0x0000001ec0000000-0x000000207fffffff] usable
[    0.000000] user: [mem 0x0000002080000000-0x0000011c7fffffff] persistent (type 7)
[    0.000000] user: [mem 0x00001ffc00000000-0x00001fffffffffff] reserved
[    0.000000] efi: EFI v2.70 by Dell Inc.
[    0.000000] efi:  ACPI=0x6f7fe000  ACPI 2.0=0x6f7fe014  MEMATTR=0x5a215220  SMBIOS=0x69526000  SMBIOS 3.0=0x69524000 
[    0.000000] SMBIOS 3.3.0 present.
[    0.000000] DMI: Dell Inc. PowerEdge R750/0K8F35, BIOS 1.10.2 03/03/2023
[    0.000000] tsc: Detected 2000.000 MHz processor
[    0.000009] e820: update [mem 0x00000000-0x00000fff] usable ==> reserved
[    0.000010] e820: remove [mem 0x000a0000-0x000fffff] usable
[    0.000018] last_pfn = 0x2080000 max_arch_pfn = 0x400000000
[    0.000022] MTRR default type: uncachable
[    0.000023] MTRR fixed ranges enabled:
[    0.000024]   00000-9FFFF write-back
[    0.000024]   A0000-BFFFF uncachable
[    0.000025]   C0000-FFFFF write-protect
[    0.000026] MTRR variable ranges enabled:
[    0.000027]   0 base 000000000000 mask 3E0000000000 write-back
[    0.000028]   1 base 000080000000 mask 3FFF80000000 uncachable
[    0.000028]   2 base 00007F000000 mask 3FFFFF000000 uncachable
[    0.000029]   3 disabled
[    0.000030]   4 disabled
[    0.000030]   5 disabled
[    0.000030]   6 disabled
[    0.000031]   7 disabled
[    0.000031]   8 disabled
[    0.000031]   9 disabled
[    0.000909] x86/PAT: Configuration [0-7]: WB  WC  UC- UC  WB  WP  UC- WT  
[    0.002027] total RAM covered: 2095088M
[    0.002113]  gran_size: 64K 	chunk_size: 64K 	num_reg: 10  	lose cover RAM: 2016G
[    0.002114]  gran_size: 64K 	chunk_size: 128K 	num_reg: 10  	lose cover RAM: 2016G
[    0.002115]  gran_size: 64K 	chunk_size: 256K 	num_reg: 10  	lose cover RAM: 2016G
[    0.002115]  gran_size: 64K 	chunk_size: 512K 	num_reg: 10  	lose cover RAM: 2016G
[    0.002116]  gran_size: 64K 	chunk_size: 1M 	num_reg: 10  	lose cover RAM: 2016G
[    0.002117]  gran_size: 64K 	chunk_size: 2M 	num_reg: 10  	lose cover RAM: 2016G
[    0.002118]  gran_size: 64K 	chunk_size: 4M 	num_reg: 10  	lose cover RAM: 2016G
[    0.002118]  gran_size: 64K 	chunk_size: 8M 	num_reg: 10  	lose cover RAM: 2016G
[    0.002119]  gran_size: 64K 	chunk_size: 16M 	num_reg: 10  	lose cover RAM: 2016G
[    0.002120]  gran_size: 64K 	chunk_size: 32M 	num_reg: 10  	lose cover RAM: 1024G
[    0.002120]  gran_size: 64K 	chunk_size: 64M 	num_reg: 10  	lose cover RAM: 1024G
[    0.002121]  gran_size: 64K 	chunk_size: 128M 	num_reg: 10  	lose cover RAM: 1024G
[    0.002122]  gran_size: 64K 	chunk_size: 256M 	num_reg: 10  	lose cover RAM: 1024G
[    0.002122]  gran_size: 64K 	chunk_size: 512M 	num_reg: 10  	lose cover RAM: 1024G
[    0.002123]  gran_size: 64K 	chunk_size: 1G 	num_reg: 10  	lose cover RAM: 1024G
[    0.002124]  gran_size: 64K 	chunk_size: 2G 	num_reg: 10  	lose cover RAM: 1024G
[    0.002124]  gran_size: 128K 	chunk_size: 128K 	num_reg: 10  	lose cover RAM: 2016G
[    0.002125]  gran_size: 128K 	chunk_size: 256K 	num_reg: 10  	lose cover RAM: 2016G
[    0.002126]  gran_size: 128K 	chunk_size: 512K 	num_reg: 10  	lose cover RAM: 2016G
[    0.002126]  gran_size: 128K 	chunk_size: 1M 	num_reg: 10  	lose cover RAM: 2016G
[    0.002127]  gran_size: 128K 	chunk_size: 2M 	num_reg: 10  	lose cover RAM: 2016G
[    0.002128]  gran_size: 128K 	chunk_size: 4M 	num_reg: 10  	lose cover RAM: 2016G
[    0.002128]  gran_size: 128K 	chunk_size: 8M 	num_reg: 10  	lose cover RAM: 2016G
[    0.002129]  gran_size: 128K 	chunk_size: 16M 	num_reg: 10  	lose cover RAM: 2016G
[    0.002130]  gran_size: 128K 	chunk_size: 32M 	num_reg: 10  	lose cover RAM: 1024G
[    0.002131]  gran_size: 128K 	chunk_size: 64M 	num_reg: 10  	lose cover RAM: 1024G
[    0.002131]  gran_size: 128K 	chunk_size: 128M 	num_reg: 10  	lose cover RAM: 1024G
[    0.002132]  gran_size: 128K 	chunk_size: 256M 	num_reg: 10  	lose cover RAM: 1024G
[    0.002133]  gran_size: 128K 	chunk_size: 512M 	num_reg: 10  	lose cover RAM: 1024G
[    0.002133]  gran_size: 128K 	chunk_size: 1G 	num_reg: 10  	lose cover RAM: 1024G
[    0.002134]  gran_size: 128K 	chunk_size: 2G 	num_reg: 10  	lose cover RAM: 1024G
[    0.002135]  gran_size: 256K 	chunk_size: 256K 	num_reg: 10  	lose cover RAM: 2016G
[    0.002135]  gran_size: 256K 	chunk_size: 512K 	num_reg: 10  	lose cover RAM: 2016G
[    0.002136]  gran_size: 256K 	chunk_size: 1M 	num_reg: 10  	lose cover RAM: 2016G
[    0.002137]  gran_size: 256K 	chunk_size: 2M 	num_reg: 10  	lose cover RAM: 2016G
[    0.002137]  gran_size: 256K 	chunk_size: 4M 	num_reg: 10  	lose cover RAM: 2016G
[    0.002138]  gran_size: 256K 	chunk_size: 8M 	num_reg: 10  	lose cover RAM: 2016G
[    0.002139]  gran_size: 256K 	chunk_size: 16M 	num_reg: 10  	lose cover RAM: 2016G
[    0.002139]  gran_size: 256K 	chunk_size: 32M 	num_reg: 10  	lose cover RAM: 1024G
[    0.002140]  gran_size: 256K 	chunk_size: 64M 	num_reg: 10  	lose cover RAM: 1024G
[    0.002141]  gran_size: 256K 	chunk_size: 128M 	num_reg: 10  	lose cover RAM: 1024G
[    0.002142]  gran_size: 256K 	chunk_size: 256M 	num_reg: 10  	lose cover RAM: 1024G
[    0.002142]  gran_size: 256K 	chunk_size: 512M 	num_reg: 10  	lose cover RAM: 1024G
[    0.002143]  gran_size: 256K 	chunk_size: 1G 	num_reg: 10  	lose cover RAM: 1024G
[    0.002144]  gran_size: 256K 	chunk_size: 2G 	num_reg: 10  	lose cover RAM: 1024G
[    0.002145]  gran_size: 512K 	chunk_size: 512K 	num_reg: 10  	lose cover RAM: 2016G
[    0.002145]  gran_size: 512K 	chunk_size: 1M 	num_reg: 10  	lose cover RAM: 2016G
[    0.002146]  gran_size: 512K 	chunk_size: 2M 	num_reg: 10  	lose cover RAM: 2016G
[    0.002147]  gran_size: 512K 	chunk_size: 4M 	num_reg: 10  	lose cover RAM: 2016G
[    0.002147]  gran_size: 512K 	chunk_size: 8M 	num_reg: 10  	lose cover RAM: 2016G
[    0.002148]  gran_size: 512K 	chunk_size: 16M 	num_reg: 10  	lose cover RAM: 2016G
[    0.002148]  gran_size: 512K 	chunk_size: 32M 	num_reg: 10  	lose cover RAM: 1024G
[    0.002149]  gran_size: 512K 	chunk_size: 64M 	num_reg: 10  	lose cover RAM: 1024G
[    0.002150]  gran_size: 512K 	chunk_size: 128M 	num_reg: 10  	lose cover RAM: 1024G
[    0.002150]  gran_size: 512K 	chunk_size: 256M 	num_reg: 10  	lose cover RAM: 1024G
[    0.002151]  gran_size: 512K 	chunk_size: 512M 	num_reg: 10  	lose cover RAM: 1024G
[    0.002152]  gran_size: 512K 	chunk_size: 1G 	num_reg: 10  	lose cover RAM: 1024G
[    0.002152]  gran_size: 512K 	chunk_size: 2G 	num_reg: 10  	lose cover RAM: 1024G
[    0.002153]  gran_size: 1M 	chunk_size: 1M 	num_reg: 10  	lose cover RAM: 2016G
[    0.002154]  gran_size: 1M 	chunk_size: 2M 	num_reg: 10  	lose cover RAM: 2016G
[    0.002154]  gran_size: 1M 	chunk_size: 4M 	num_reg: 10  	lose cover RAM: 2016G
[    0.002155]  gran_size: 1M 	chunk_size: 8M 	num_reg: 10  	lose cover RAM: 2016G
[    0.002156]  gran_size: 1M 	chunk_size: 16M 	num_reg: 10  	lose cover RAM: 2016G
[    0.002157]  gran_size: 1M 	chunk_size: 32M 	num_reg: 10  	lose cover RAM: 1024G
[    0.002157]  gran_size: 1M 	chunk_size: 64M 	num_reg: 10  	lose cover RAM: 1024G
[    0.002158]  gran_size: 1M 	chunk_size: 128M 	num_reg: 10  	lose cover RAM: 1024G
[    0.002159]  gran_size: 1M 	chunk_size: 256M 	num_reg: 10  	lose cover RAM: 1024G
[    0.002159]  gran_size: 1M 	chunk_size: 512M 	num_reg: 10  	lose cover RAM: 1024G
[    0.002160]  gran_size: 1M 	chunk_size: 1G 	num_reg: 10  	lose cover RAM: 1024G
[    0.002161]  gran_size: 1M 	chunk_size: 2G 	num_reg: 10  	lose cover RAM: 1024G
[    0.002161]  gran_size: 2M 	chunk_size: 2M 	num_reg: 10  	lose cover RAM: 2016G
[    0.002162]  gran_size: 2M 	chunk_size: 4M 	num_reg: 10  	lose cover RAM: 2016G
[    0.002163]  gran_size: 2M 	chunk_size: 8M 	num_reg: 10  	lose cover RAM: 2016G
[    0.002163]  gran_size: 2M 	chunk_size: 16M 	num_reg: 10  	lose cover RAM: 2016G
[    0.002164]  gran_size: 2M 	chunk_size: 32M 	num_reg: 10  	lose cover RAM: 1024G
[    0.002164]  gran_size: 2M 	chunk_size: 64M 	num_reg: 10  	lose cover RAM: 1024G
[    0.002165]  gran_size: 2M 	chunk_size: 128M 	num_reg: 10  	lose cover RAM: 1024G
[    0.002166]  gran_size: 2M 	chunk_size: 256M 	num_reg: 10  	lose cover RAM: 1024G
[    0.002166]  gran_size: 2M 	chunk_size: 512M 	num_reg: 10  	lose cover RAM: 1024G
[    0.002167]  gran_size: 2M 	chunk_size: 1G 	num_reg: 10  	lose cover RAM: 1024G
[    0.002168]  gran_size: 2M 	chunk_size: 2G 	num_reg: 10  	lose cover RAM: 1024G
[    0.002168]  gran_size: 4M 	chunk_size: 4M 	num_reg: 10  	lose cover RAM: 2016G
[    0.002169]  gran_size: 4M 	chunk_size: 8M 	num_reg: 10  	lose cover RAM: 2016G
[    0.002170]  gran_size: 4M 	chunk_size: 16M 	num_reg: 10  	lose cover RAM: 2016G
[    0.002171]  gran_size: 4M 	chunk_size: 32M 	num_reg: 10  	lose cover RAM: 1024G
[    0.002171]  gran_size: 4M 	chunk_size: 64M 	num_reg: 10  	lose cover RAM: 1024G
[    0.002172]  gran_size: 4M 	chunk_size: 128M 	num_reg: 10  	lose cover RAM: 1024G
[    0.002173]  gran_size: 4M 	chunk_size: 256M 	num_reg: 10  	lose cover RAM: 1024G
[    0.002173]  gran_size: 4M 	chunk_size: 512M 	num_reg: 10  	lose cover RAM: 1024G
[    0.002174]  gran_size: 4M 	chunk_size: 1G 	num_reg: 10  	lose cover RAM: 1024G
[    0.002175]  gran_size: 4M 	chunk_size: 2G 	num_reg: 10  	lose cover RAM: 1024G
[    0.002175]  gran_size: 8M 	chunk_size: 8M 	num_reg: 10  	lose cover RAM: 2016G
[    0.002176]  gran_size: 8M 	chunk_size: 16M 	num_reg: 10  	lose cover RAM: 2016G
[    0.002177]  gran_size: 8M 	chunk_size: 32M 	num_reg: 10  	lose cover RAM: 1024G
[    0.002177]  gran_size: 8M 	chunk_size: 64M 	num_reg: 10  	lose cover RAM: 1024G
[    0.002178]  gran_size: 8M 	chunk_size: 128M 	num_reg: 10  	lose cover RAM: 1024G
[    0.002179]  gran_size: 8M 	chunk_size: 256M 	num_reg: 10  	lose cover RAM: 1024G
[    0.002179]  gran_size: 8M 	chunk_size: 512M 	num_reg: 10  	lose cover RAM: 1024G
[    0.002180]  gran_size: 8M 	chunk_size: 1G 	num_reg: 10  	lose cover RAM: 1024G
[    0.002181]  gran_size: 8M 	chunk_size: 2G 	num_reg: 10  	lose cover RAM: 1024G
[    0.002181]  gran_size: 16M 	chunk_size: 16M 	num_reg: 10  	lose cover RAM: 2016G
[    0.002182]  gran_size: 16M 	chunk_size: 32M 	num_reg: 10  	lose cover RAM: 1024G
[    0.002183]  gran_size: 16M 	chunk_size: 64M 	num_reg: 10  	lose cover RAM: 1024G
[    0.002183]  gran_size: 16M 	chunk_size: 128M 	num_reg: 10  	lose cover RAM: 1024G
[    0.002184]  gran_size: 16M 	chunk_size: 256M 	num_reg: 10  	lose cover RAM: 1024G
[    0.002185]  gran_size: 16M 	chunk_size: 512M 	num_reg: 10  	lose cover RAM: 1024G
[    0.002185]  gran_size: 16M 	chunk_size: 1G 	num_reg: 10  	lose cover RAM: 1024G
[    0.002186]  gran_size: 16M 	chunk_size: 2G 	num_reg: 10  	lose cover RAM: 1024G
[    0.002187]  gran_size: 32M 	chunk_size: 32M 	num_reg: 10  	lose cover RAM: 2031632M
[    0.002188]  gran_size: 32M 	chunk_size: 64M 	num_reg: 10  	lose cover RAM: 1048592M
[    0.002188]  gran_size: 32M 	chunk_size: 128M 	num_reg: 10  	lose cover RAM: 1048592M
[    0.002189]  gran_size: 32M 	chunk_size: 256M 	num_reg: 10  	lose cover RAM: 1048592M
[    0.002190]  gran_size: 32M 	chunk_size: 512M 	num_reg: 10  	lose cover RAM: 1048592M
[    0.002190]  gran_size: 32M 	chunk_size: 1G 	num_reg: 10  	lose cover RAM: 1048592M
[    0.002191]  gran_size: 32M 	chunk_size: 2G 	num_reg: 10  	lose cover RAM: 1048592M
[    0.002192]  gran_size: 64M 	chunk_size: 64M 	num_reg: 10  	lose cover RAM: 1966128M
[    0.002192]  gran_size: 64M 	chunk_size: 128M 	num_reg: 10  	lose cover RAM: 1048624M
[    0.002193]  gran_size: 64M 	chunk_size: 256M 	num_reg: 10  	lose cover RAM: 1048624M
[    0.002194]  gran_size: 64M 	chunk_size: 512M 	num_reg: 10  	lose cover RAM: 1048624M
[    0.002194]  gran_size: 64M 	chunk_size: 1G 	num_reg: 10  	lose cover RAM: 1048624M
[    0.002195]  gran_size: 64M 	chunk_size: 2G 	num_reg: 10  	lose cover RAM: 1048624M
[    0.002196]  gran_size: 128M 	chunk_size: 128M 	num_reg: 10  	lose cover RAM: 1835120M
[    0.002197]  gran_size: 128M 	chunk_size: 256M 	num_reg: 10  	lose cover RAM: 1048688M
[    0.002197]  gran_size: 128M 	chunk_size: 512M 	num_reg: 10  	lose cover RAM: 1048688M
[    0.002198]  gran_size: 128M 	chunk_size: 1G 	num_reg: 10  	lose cover RAM: 1048688M
[    0.002199]  gran_size: 128M 	chunk_size: 2G 	num_reg: 10  	lose cover RAM: 1048688M
[    0.002199]  gran_size: 256M 	chunk_size: 256M 	num_reg: 10  	lose cover RAM: 1573104M
[    0.002200]  gran_size: 256M 	chunk_size: 512M 	num_reg: 10  	lose cover RAM: 1048816M
[    0.002201]  gran_size: 256M 	chunk_size: 1G 	num_reg: 10  	lose cover RAM: 1048816M
[    0.002201]  gran_size: 256M 	chunk_size: 2G 	num_reg: 10  	lose cover RAM: 1048816M
[    0.002202]  gran_size: 512M 	chunk_size: 512M 	num_reg: 10  	lose cover RAM: 1049072M
[    0.002203]  gran_size: 512M 	chunk_size: 1G 	num_reg: 10  	lose cover RAM: 1049072M
[    0.002203]  gran_size: 512M 	chunk_size: 2G 	num_reg: 10  	lose cover RAM: 1049072M
[    0.002204]  gran_size: 1G 	chunk_size: 1G 	num_reg: 10  	lose cover RAM: 1008M
[    0.002205]  gran_size: 1G 	chunk_size: 2G 	num_reg: 10  	lose cover RAM: 1008M
[    0.002206]  gran_size: 2G 	chunk_size: 2G 	num_reg: 9  	lose cover RAM: 2032M
[    0.002206] mtrr_cleanup: can not find optimal value
[    0.002207] please specify mtrr_gran_size/mtrr_chunk_size
[    0.002209] e820: update [mem 0x7f000000-0xffffffff] usable ==> reserved
[    0.002211] x2apic: enabled by BIOS, switching to x2apic ops
[    0.002212] last_pfn = 0x6f800 max_arch_pfn = 0x400000000
[    0.013618] check: Scanning 1 areas for low memory corruption
[    0.013622] Using GB pages for direct mapping
[    0.013624] BRK [0x2041201000, 0x2041201fff] PGTABLE
[    0.013626] BRK [0x2041202000, 0x2041202fff] PGTABLE
[    0.013626] BRK [0x2041203000, 0x2041203fff] PGTABLE
[    0.013649] BRK [0x2041204000, 0x2041204fff] PGTABLE
[    0.013650] BRK [0x2041205000, 0x2041205fff] PGTABLE
[    0.013852] BRK [0x2041206000, 0x2041206fff] PGTABLE
[    0.013894] BRK [0x2041207000, 0x2041207fff] PGTABLE
[    0.013981] BRK [0x2041208000, 0x2041208fff] PGTABLE
[    0.014061] BRK [0x2041209000, 0x2041209fff] PGTABLE
[    0.014137] BRK [0x204120a000, 0x204120afff] PGTABLE
[    0.014215] BRK [0x204120b000, 0x204120bfff] PGTABLE
[    0.014271] BRK [0x204120c000, 0x204120cfff] PGTABLE
[    0.014680] Secure boot disabled
[    0.014681] RAMDISK: [mem 0x2065920000-0x207fffffff]
[    0.014687] ACPI: Early table checksum verification disabled
[    0.014689] ACPI: RSDP 0x000000006F7FE014 000024 (v02 DELL  )
[    0.014692] ACPI: XSDT 0x000000006F41C188 0000F4 (v01 DELL   PE_SC3   00000000 DELL 01000013)
[    0.014697] ACPI: FACP 0x000000006F430000 000114 (v06 DELL   PE_SC3   00000000 DELL 00000001)
[    0.014701] ACPI: DSDT 0x000000004B4CE000 07FAD3 (v02 DELL   PE_SC3   00000003 DELL 00000001)
[    0.014704] ACPI: FACS 0x000000006F2F2000 000040
[    0.014707] ACPI: SSDT 0x000000006F7FB000 00159A (v02 INTEL  RAS_ACPI 00000001 INTL 20210331)
[    0.014709] ACPI: SSDT 0x000000006F7FA000 000745 (v02 INTEL  ADDRXLAT 00000001 INTL 20210331)
[    0.014712] ACPI: MCEJ 0x000000006F7F9000 000130 (v01 INTEL           00000001 INTL 0100000D)
[    0.014715] ACPI: BERT 0x000000006F7F8000 000030 (v01 DELL   PE_SC3   00000001 INTL 00000001)
[    0.014717] ACPI: ERST 0x000000006F7F7000 000230 (v01 DELL   PE_SC3   00000001 INTL 00000001)
[    0.014720] ACPI: SSDT 0x000000006F431000 3C524E (v02 INTEL  SSDTNVDR 00001000 INTL 20210331)
[    0.014723] ACPI: HMAT 0x000000006F42F000 000210 (v01 DELL   PE_SC3   00000001 DELL 00000001)
[    0.014725] ACPI: HPET 0x000000006F42E000 000038 (v01 DELL   PE_SC3   00000001 DELL 00000001)
[    0.014728] ACPI: MCFG 0x000000006F42D000 00003C (v01 DELL   PE_SC3   00000001 DELL 00000001)
[    0.014730] ACPI: MIGT 0x000000006F42C000 000040 (v01 DELL   PE_SC3   00000000 DELL 00000001)
[    0.014733] ACPI: MSCT 0x000000006F42B000 000090 (v01 DELL   PE_SC3   00000001 DELL 00000001)
[    0.014735] ACPI: PMTT 0x000000006F429000 0011E8 (v02 DELL   PE_SC3   00000001 DELL 00000001)
[    0.014738] ACPI: WSMT 0x000000006F428000 000028 (v01 DELL   PE_SC3   00000000 DELL 00000001)
[    0.014740] ACPI: APIC 0x000000006F427000 00075E (v04 DELL   PE_SC3   00000000 DELL 00000001)
[    0.014743] ACPI: SLIT 0x000000006F426000 00003C (v01 DELL   PE_SC3   00000001 DELL 01000013)
[    0.014745] ACPI: SRAT 0x000000006F41F000 006430 (v03 DELL   PE_SC3   00000002 DELL 01000013)
[    0.014748] ACPI: OEM4 0x000000004B346000 187A61 (v02 INTEL  CPU  CST 00003000 INTL 20210331)
[    0.014751] ACPI: SSDT 0x000000004B2CF000 0764A5 (v02 INTEL  SSDT  PM 00004000 INTL 20210331)
[    0.014753] ACPI: SSDT 0x000000006F41E000 000A1F (v02 DELL   PE_SC3   00000000 DELL 00000001)
[    0.014756] ACPI: HEST 0x000000006F41D000 00017C (v01 DELL   PE_SC3   00000001 INTL 00000001)
[    0.014758] ACPI: PCAT 0x000000006F41B000 00010C (v19 DELL   PE_SC3   00000002 DELL 00000001)
[    0.014761] ACPI: SSDT 0x000000006F413000 007299 (v02 INTEL  SpsNm    00000002 INTL 20210331)
[    0.014763] ACPI: SSDT 0x000000006F412000 000426 (v02 DELL   PE_SC3   00000002 DELL 00000001)
[    0.014766] ACPI: NFIT 0x000000006F7FD000 000488 (v01 DELL   PE_SC3   00000002 DELL 00000001)
[    0.014768] ACPI: DMAR 0x000000006F411000 000158 (v01 DELL   PE_SC3   00000001 DELL 00000001)
[    0.014776] ACPI: Local APIC address 0xfee00000
[    0.014777] Setting APIC routing to cluster x2apic.
[    0.014823] SRAT: PXM 0 -> APIC 0x0000 -> Node 0
[    0.014824] SRAT: PXM 0 -> APIC 0x0001 -> Node 0
[    0.014824] SRAT: PXM 0 -> APIC 0x0002 -> Node 0
[    0.014825] SRAT: PXM 0 -> APIC 0x0003 -> Node 0
[    0.014825] SRAT: PXM 0 -> APIC 0x0004 -> Node 0
[    0.014826] SRAT: PXM 0 -> APIC 0x0005 -> Node 0
[    0.014826] SRAT: PXM 0 -> APIC 0x0006 -> Node 0
[    0.014826] SRAT: PXM 0 -> APIC 0x0007 -> Node 0
[    0.014827] SRAT: PXM 0 -> APIC 0x0008 -> Node 0
[    0.014827] SRAT: PXM 0 -> APIC 0x0009 -> Node 0
[    0.014828] SRAT: PXM 0 -> APIC 0x000a -> Node 0
[    0.014828] SRAT: PXM 0 -> APIC 0x000b -> Node 0
[    0.014828] SRAT: PXM 0 -> APIC 0x000c -> Node 0
[    0.014829] SRAT: PXM 0 -> APIC 0x000d -> Node 0
[    0.014829] SRAT: PXM 0 -> APIC 0x000e -> Node 0
[    0.014830] SRAT: PXM 0 -> APIC 0x000f -> Node 0
[    0.014830] SRAT: PXM 0 -> APIC 0x0010 -> Node 0
[    0.014831] SRAT: PXM 0 -> APIC 0x0011 -> Node 0
[    0.014831] SRAT: PXM 0 -> APIC 0x0012 -> Node 0
[    0.014831] SRAT: PXM 0 -> APIC 0x0013 -> Node 0
[    0.014832] SRAT: PXM 0 -> APIC 0x0014 -> Node 0
[    0.014832] SRAT: PXM 0 -> APIC 0x0015 -> Node 0
[    0.014833] SRAT: PXM 0 -> APIC 0x0016 -> Node 0
[    0.014833] SRAT: PXM 0 -> APIC 0x0017 -> Node 0
[    0.014834] SRAT: PXM 0 -> APIC 0x0018 -> Node 0
[    0.014834] SRAT: PXM 0 -> APIC 0x0019 -> Node 0
[    0.014834] SRAT: PXM 0 -> APIC 0x001a -> Node 0
[    0.014835] SRAT: PXM 0 -> APIC 0x001b -> Node 0
[    0.014835] SRAT: PXM 0 -> APIC 0x001c -> Node 0
[    0.014836] SRAT: PXM 0 -> APIC 0x001d -> Node 0
[    0.014836] SRAT: PXM 0 -> APIC 0x001e -> Node 0
[    0.014836] SRAT: PXM 0 -> APIC 0x001f -> Node 0
[    0.014837] SRAT: PXM 0 -> APIC 0x0020 -> Node 0
[    0.014837] SRAT: PXM 0 -> APIC 0x0021 -> Node 0
[    0.014838] SRAT: PXM 0 -> APIC 0x0022 -> Node 0
[    0.014838] SRAT: PXM 0 -> APIC 0x0023 -> Node 0
[    0.014838] SRAT: PXM 0 -> APIC 0x0024 -> Node 0
[    0.014839] SRAT: PXM 0 -> APIC 0x0025 -> Node 0
[    0.014839] SRAT: PXM 0 -> APIC 0x0026 -> Node 0
[    0.014840] SRAT: PXM 0 -> APIC 0x0027 -> Node 0
[    0.014840] SRAT: PXM 0 -> APIC 0x0028 -> Node 0
[    0.014840] SRAT: PXM 0 -> APIC 0x0029 -> Node 0
[    0.014841] SRAT: PXM 0 -> APIC 0x002a -> Node 0
[    0.014841] SRAT: PXM 0 -> APIC 0x002b -> Node 0
[    0.014842] SRAT: PXM 0 -> APIC 0x002c -> Node 0
[    0.014842] SRAT: PXM 0 -> APIC 0x002d -> Node 0
[    0.014843] SRAT: PXM 0 -> APIC 0x002e -> Node 0
[    0.014843] SRAT: PXM 0 -> APIC 0x002f -> Node 0
[    0.014843] SRAT: PXM 0 -> APIC 0x0030 -> Node 0
[    0.014844] SRAT: PXM 0 -> APIC 0x0031 -> Node 0
[    0.014844] SRAT: PXM 0 -> APIC 0x0032 -> Node 0
[    0.014845] SRAT: PXM 0 -> APIC 0x0033 -> Node 0
[    0.014845] SRAT: PXM 0 -> APIC 0x0034 -> Node 0
[    0.014845] SRAT: PXM 0 -> APIC 0x0035 -> Node 0
[    0.014846] SRAT: PXM 0 -> APIC 0x0036 -> Node 0
[    0.014846] SRAT: PXM 0 -> APIC 0x0037 -> Node 0
[    0.014847] SRAT: PXM 1 -> APIC 0x0080 -> Node 1
[    0.014847] SRAT: PXM 1 -> APIC 0x0081 -> Node 1
[    0.014848] SRAT: PXM 1 -> APIC 0x0082 -> Node 1
[    0.014848] SRAT: PXM 1 -> APIC 0x0083 -> Node 1
[    0.014848] SRAT: PXM 1 -> APIC 0x0084 -> Node 1
[    0.014849] SRAT: PXM 1 -> APIC 0x0085 -> Node 1
[    0.014849] SRAT: PXM 1 -> APIC 0x0086 -> Node 1
[    0.014850] SRAT: PXM 1 -> APIC 0x0087 -> Node 1
[    0.014850] SRAT: PXM 1 -> APIC 0x0088 -> Node 1
[    0.014851] SRAT: PXM 1 -> APIC 0x0089 -> Node 1
[    0.014851] SRAT: PXM 1 -> APIC 0x008a -> Node 1
[    0.014851] SRAT: PXM 1 -> APIC 0x008b -> Node 1
[    0.014852] SRAT: PXM 1 -> APIC 0x008c -> Node 1
[    0.014852] SRAT: PXM 1 -> APIC 0x008d -> Node 1
[    0.014853] SRAT: PXM 1 -> APIC 0x008e -> Node 1
[    0.014853] SRAT: PXM 1 -> APIC 0x008f -> Node 1
[    0.014853] SRAT: PXM 1 -> APIC 0x0090 -> Node 1
[    0.014854] SRAT: PXM 1 -> APIC 0x0091 -> Node 1
[    0.014854] SRAT: PXM 1 -> APIC 0x0092 -> Node 1
[    0.014855] SRAT: PXM 1 -> APIC 0x0093 -> Node 1
[    0.014855] SRAT: PXM 1 -> APIC 0x0094 -> Node 1
[    0.014856] SRAT: PXM 1 -> APIC 0x0095 -> Node 1
[    0.014856] SRAT: PXM 1 -> APIC 0x0096 -> Node 1
[    0.014856] SRAT: PXM 1 -> APIC 0x0097 -> Node 1
[    0.014857] SRAT: PXM 1 -> APIC 0x0098 -> Node 1
[    0.014857] SRAT: PXM 1 -> APIC 0x0099 -> Node 1
[    0.014858] SRAT: PXM 1 -> APIC 0x009a -> Node 1
[    0.014858] SRAT: PXM 1 -> APIC 0x009b -> Node 1
[    0.014858] SRAT: PXM 1 -> APIC 0x009c -> Node 1
[    0.014859] SRAT: PXM 1 -> APIC 0x009d -> Node 1
[    0.014859] SRAT: PXM 1 -> APIC 0x009e -> Node 1
[    0.014860] SRAT: PXM 1 -> APIC 0x009f -> Node 1
[    0.014860] SRAT: PXM 1 -> APIC 0x00a0 -> Node 1
[    0.014860] SRAT: PXM 1 -> APIC 0x00a1 -> Node 1
[    0.014861] SRAT: PXM 1 -> APIC 0x00a2 -> Node 1
[    0.014861] SRAT: PXM 1 -> APIC 0x00a3 -> Node 1
[    0.014862] SRAT: PXM 1 -> APIC 0x00a4 -> Node 1
[    0.014862] SRAT: PXM 1 -> APIC 0x00a5 -> Node 1
[    0.014863] SRAT: PXM 1 -> APIC 0x00a6 -> Node 1
[    0.014863] SRAT: PXM 1 -> APIC 0x00a7 -> Node 1
[    0.014863] SRAT: PXM 1 -> APIC 0x00a8 -> Node 1
[    0.014864] SRAT: PXM 1 -> APIC 0x00a9 -> Node 1
[    0.014864] SRAT: PXM 1 -> APIC 0x00aa -> Node 1
[    0.014865] SRAT: PXM 1 -> APIC 0x00ab -> Node 1
[    0.014865] SRAT: PXM 1 -> APIC 0x00ac -> Node 1
[    0.014865] SRAT: PXM 1 -> APIC 0x00ad -> Node 1
[    0.014866] SRAT: PXM 1 -> APIC 0x00ae -> Node 1
[    0.014866] SRAT: PXM 1 -> APIC 0x00af -> Node 1
[    0.014867] SRAT: PXM 1 -> APIC 0x00b0 -> Node 1
[    0.014867] SRAT: PXM 1 -> APIC 0x00b1 -> Node 1
[    0.014867] SRAT: PXM 1 -> APIC 0x00b2 -> Node 1
[    0.014868] SRAT: PXM 1 -> APIC 0x00b3 -> Node 1
[    0.014868] SRAT: PXM 1 -> APIC 0x00b4 -> Node 1
[    0.014869] SRAT: PXM 1 -> APIC 0x00b5 -> Node 1
[    0.014869] SRAT: PXM 1 -> APIC 0x00b6 -> Node 1
[    0.014869] SRAT: PXM 1 -> APIC 0x00b7 -> Node 1
[    0.014883] ACPI: SRAT: Node 0 PXM 0 [mem 0x00000000-0x7fffffff]
[    0.014884] ACPI: SRAT: Node 0 PXM 0 [mem 0x100000000-0x107fffffff]
[    0.014884] ACPI: SRAT: Node 2 PXM 2 [mem 0x2080000000-0x9e7fffffff] non-volatile
[    0.014885] ACPI: SRAT: Node 1 PXM 1 [mem 0x1080000000-0x207fffffff]
[    0.014886] ACPI: SRAT: Node 3 PXM 3 [mem 0x9e80000000-0x11c7fffffff] non-volatile
[    0.014895] NUMA: Initialized distance table, cnt=4
[    0.014897] NUMA: Node 0 [mem 0x00000000-0x7fffffff] + [mem 0x100000000-0x107fffffff] -> [mem 0x00000000-0x107fffffff]
[    0.014905] NODE_DATA(0) allocated [mem 0xffffd5000-0xfffffffff]
[    0.014923] NODE_DATA(1) allocated [mem 0x20658f1000-0x206591bfff]
[    0.015080] Zone ranges:
[    0.015081]   DMA      [mem 0x0000000000001000-0x0000000000ffffff]
[    0.015082]   DMA32    [mem 0x0000000001000000-0x00000000ffffffff]
[    0.015083]   Normal   [mem 0x0000000100000000-0x000000207fffffff]
[    0.015083]   Device   empty
[    0.015084] Movable zone start for each node
[    0.015088] Early memory node ranges
[    0.015088]   node   0: [mem 0x0000000000001000-0x000000000008efff]
[    0.015089]   node   0: [mem 0x0000000000090000-0x000000000009ffff]
[    0.015090]   node   0: [mem 0x0000000000100000-0x0000000049e76fff]
[    0.015090]   node   0: [mem 0x000000004ae77000-0x000000004b2cefff]
[    0.015091]   node   0: [mem 0x000000004b54e000-0x000000004bd93fff]
[    0.015091]   node   0: [mem 0x000000004be9a000-0x000000004cdfffff]
[    0.015092]   node   0: [mem 0x000000004d000000-0x000000005eefdfff]
[    0.015092]   node   0: [mem 0x000000006f7ff000-0x000000006f7fffff]
[    0.015093]   node   0: [mem 0x0000000b41000000-0x0000000fffffffff]
[    0.015094]   node   1: [mem 0x0000001ec0000000-0x000000207fffffff]
[    0.015579] Zeroed struct page in unavailable ranges: 46824 pages
[    0.015580] Initmem setup node 0 [mem 0x0000000000001000-0x0000000fffffffff]
[    0.015582] On node 0 totalpages: 5359896
[    0.015583]   DMA zone: 64 pages used for memmap
[    0.015583]   DMA zone: 1102 pages reserved
[    0.015584]   DMA zone: 3998 pages, LIFO batch:0
[    0.015629]   DMA32 zone: 5926 pages used for memmap
[    0.015630]   DMA32 zone: 379258 pages, LIFO batch:63
[    0.021651]   Normal zone: 77760 pages used for memmap
[    0.021652]   Normal zone: 4976640 pages, LIFO batch:63
[    0.093781] Initmem setup node 1 [mem 0x0000001ec0000000-0x000000207fffffff]
[    0.093784] On node 1 totalpages: 1835008
[    0.093785]   Normal zone: 28672 pages used for memmap
[    0.093785]   Normal zone: 1835008 pages, LIFO batch:63
[    0.113907] ACPI: PM-Timer IO Port: 0x508
[    0.113911] ACPI: Local APIC address 0xfee00000
[    0.113929] ACPI: X2APIC_NMI (uid[0xffffffff] high edge lint[0x1])
[    0.113932] ACPI: LAPIC_NMI (acpi_id[0xff] high edge lint[0x1])
[    0.113951] IOAPIC[0]: apic_id 8, version 32, address 0xfec00000, GSI 0-119
[    0.113953] ACPI: INT_SRC_OVR (bus 0 bus_irq 0 global_irq 2 dfl dfl)
[    0.113955] ACPI: INT_SRC_OVR (bus 0 bus_irq 9 global_irq 9 high level)
[    0.113956] ACPI: IRQ0 used by override.
[    0.113957] ACPI: IRQ9 used by override.
[    0.113959] Using ACPI (MADT) for SMP configuration information
[    0.113961] ACPI: HPET id: 0x8086a701 base: 0xfed00000
[    0.113966] smpboot: Allowing 112 CPUs, 0 hotplug CPUs
[    0.113992] PM: Registered nosave memory: [mem 0x00000000-0x00000fff]
[    0.113994] PM: Registered nosave memory: [mem 0x0008f000-0x0008ffff]
[    0.113995] PM: Registered nosave memory: [mem 0x000a0000-0x000fffff]
[    0.113997] PM: Registered nosave memory: [mem 0x47bcd000-0x47bcdfff]
[    0.113998] PM: Registered nosave memory: [mem 0x47bfe000-0x47bfefff]
[    0.113999] PM: Registered nosave memory: [mem 0x47bff000-0x47bfffff]
[    0.114000] PM: Registered nosave memory: [mem 0x47c31000-0x47c31fff]
[    0.114001] PM: Registered nosave memory: [mem 0x47c32000-0x47c32fff]
[    0.114002] PM: Registered nosave memory: [mem 0x47c64000-0x47c64fff]
[    0.114002] PM: Registered nosave memory: [mem 0x47c65000-0x47c65fff]
[    0.114004] PM: Registered nosave memory: [mem 0x47c6d000-0x47c6dfff]
[    0.114005] PM: Registered nosave memory: [mem 0x49e77000-0x4ae76fff]
[    0.114007] PM: Registered nosave memory: [mem 0x4b2cf000-0x4b54dfff]
[    0.114008] PM: Registered nosave memory: [mem 0x4bd94000-0x4be99fff]
[    0.114010] PM: Registered nosave memory: [mem 0x4ce00000-0x4cffffff]
[    0.114011] PM: Registered nosave memory: [mem 0x5eefe000-0x6e3fefff]
[    0.114012] PM: Registered nosave memory: [mem 0x6e3ff000-0x6f3fefff]
[    0.114012] PM: Registered nosave memory: [mem 0x6f3ff000-0x6f7fefff]
[    0.114014] PM: Registered nosave memory: [mem 0x6f800000-0x8fffffff]
[    0.114014] PM: Registered nosave memory: [mem 0x90000000-0xfdffffff]
[    0.114014] PM: Registered nosave memory: [mem 0xfe000000-0xfe010fff]
[    0.114015] PM: Registered nosave memory: [mem 0xfe011000-0xffffffff]
[    0.114015] PM: Registered nosave memory: [mem 0x100000000-0xb40ffffff]
[    0.114017] PM: Registered nosave memory: [mem 0x1000000000-0x1ebfffffff]
[    0.114019] [mem 0x90000000-0xfdffffff] available for PCI devices
[    0.114020] Booting paravirtualized kernel on bare hardware
[    0.114023] clocksource: refined-jiffies: mask: 0xffffffff max_cycles: 0xffffffff, max_idle_ns: 7645519600211568 ns
[    0.114031] setup_percpu: NR_CPUS:8192 nr_cpumask_bits:112 nr_cpu_ids:112 nr_node_ids:4
[    0.118679] percpu: Embedded 55 pages/cpu s188416 r8192 d28672 u262144
[    0.118689] pcpu-alloc: s188416 r8192 d28672 u262144 alloc=1*2097152
[    0.118690] pcpu-alloc: [0] 000 002 004 006 008 010 012 014 
[    0.118693] pcpu-alloc: [0] 016 018 020 022 024 026 028 030 
[    0.118695] pcpu-alloc: [0] 032 034 036 038 040 042 044 046 
[    0.118696] pcpu-alloc: [0] 048 050 052 054 056 058 060 062 
[    0.118697] pcpu-alloc: [0] 064 066 068 070 072 074 076 078 
[    0.118699] pcpu-alloc: [0] 080 082 084 086 088 090 092 094 
[    0.118700] pcpu-alloc: [0] 096 098 100 102 104 106 108 110 
[    0.118702] pcpu-alloc: [1] 001 003 005 007 009 011 013 015 
[    0.118703] pcpu-alloc: [1] 017 019 021 023 025 027 029 031 
[    0.118705] pcpu-alloc: [1] 033 035 037 039 041 043 045 047 
[    0.118706] pcpu-alloc: [1] 049 051 053 055 057 059 061 063 
[    0.118707] pcpu-alloc: [1] 065 067 069 071 073 075 077 079 
[    0.118709] pcpu-alloc: [1] 081 083 085 087 089 091 093 095 
[    0.118710] pcpu-alloc: [1] 097 099 101 103 105 107 109 111 
[    0.118755] Built 2 zonelists, mobility grouping on.  Total pages: 7081380
[    0.118756] Policy zone: Normal
[    0.118757] Kernel command line: BOOT_IMAGE=/boot/vmlinuz-5.3.1-multiclock root=UUID=ce0c24b8-724b-4f33-9b2c-618433560aef ro memmap=42000M!4096M memmap=59G!64G quiet splash nomodeset vt.handoff=1
[    0.118869] You have booted with nomodeset. This means your GPU drivers are DISABLED
[    0.118870] Any video related functionality will be severely degraded, and you may not even be able to suspend the system properly
[    0.118870] Unless you actually understand what nomodeset does, you should reboot without enabling it
[    0.118887] printk: log_buf_len individual max cpu contribution: 4096 bytes
[    0.118888] printk: log_buf_len total cpu_extra contributions: 454656 bytes
[    0.118888] printk: log_buf_len min size: 262144 bytes
[    0.119053] printk: log_buf_len: 1048576 bytes
[    0.119053] printk: early log buf free: 221788(84%)
[    0.120561] mem auto-init: stack:off, heap alloc:on, heap free:off
[    0.126546] Calgary: detecting Calgary via BIOS EBDA area
[    0.126548] Calgary: Unable to locate Rio Grande table in EBDA - bailing!
[    0.187310] Memory: 27640624K/28779616K available (14339K kernel code, 2373K rwdata, 4660K rodata, 2680K init, 5056K bss, 1138992K reserved, 0K cma-reserved)
[    0.187919] SLUB: HWalign=64, Order=0-3, MinObjects=0, CPUs=112, Nodes=4
[    0.187950] ftrace: allocating 43047 entries in 169 pages
[    0.204827] rcu: Hierarchical RCU implementation.
[    0.204828] rcu: 	RCU restricting CPUs from NR_CPUS=8192 to nr_cpu_ids=112.
[    0.204830] 	Tasks RCU enabled.
[    0.204830] rcu: RCU calculated value of scheduler-enlistment delay is 25 jiffies.
[    0.204831] rcu: Adjusting geometry for rcu_fanout_leaf=16, nr_cpu_ids=112
[    0.207489] NR_IRQS: 524544, nr_irqs: 2952, preallocated irqs: 16
[    0.207909] random: crng done (trusting CPU's manufacturer)
[    0.208082] Console: colour dummy device 80x25
[    0.208097] printk: console [tty0] enabled
[    0.208190] mempolicy: Enabling automatic NUMA balancing. Configure with numa_balancing= or the kernel.numa_balancing sysctl
[    0.208193] ACPI: Core revision 20190703
[    0.211616] clocksource: hpet: mask: 0xffffffff max_cycles: 0xffffffff, max_idle_ns: 79635855245 ns
[    0.211660] APIC: Switch to symmetric I/O mode setup
[    0.211662] DMAR: Host address width 46
[    0.211663] DMAR: DRHD base: 0x000000d0ffc000 flags: 0x0
[    0.211669] DMAR: dmar0: reg_base_addr d0ffc000 ver 4:0 cap 8ed008c40780466 ecap 60000f050df
[    0.211670] DMAR: DRHD base: 0x000000dbbfc000 flags: 0x0
[    0.211673] DMAR: dmar1: reg_base_addr dbbfc000 ver 4:0 cap 8ed008c40780466 ecap 60000f050df
[    0.211673] DMAR: DRHD base: 0x000000e67fc000 flags: 0x0
[    0.211677] DMAR: dmar2: reg_base_addr e67fc000 ver 4:0 cap 8ed008c40780466 ecap 60000f050df
[    0.211677] DMAR: DRHD base: 0x000000f13fc000 flags: 0x0
[    0.211680] DMAR: dmar3: reg_base_addr f13fc000 ver 4:0 cap 8ed008c40780466 ecap 60000f050df
[    0.211681] DMAR: DRHD base: 0x000000fb7fc000 flags: 0x0
[    0.211684] DMAR: dmar4: reg_base_addr fb7fc000 ver 4:0 cap 8ed008c40780466 ecap 60000f050df
[    0.211685] DMAR: DRHD base: 0x000000a63fc000 flags: 0x0
[    0.211688] DMAR: dmar5: reg_base_addr a63fc000 ver 4:0 cap 8ed008c40780466 ecap 60000f050df
[    0.211688] DMAR: DRHD base: 0x000000b0ffc000 flags: 0x0
[    0.211691] DMAR: dmar6: reg_base_addr b0ffc000 ver 4:0 cap 8ed008c40780466 ecap 60000f050df
[    0.211691] DMAR: DRHD base: 0x000000bbbfc000 flags: 0x0
[    0.211696] DMAR: dmar7: reg_base_addr bbbfc000 ver 4:0 cap 8ed008c40780466 ecap 60000f050df
[    0.211696] DMAR: DRHD base: 0x000000c5ffc000 flags: 0x0
[    0.211699] DMAR: dmar8: reg_base_addr c5ffc000 ver 4:0 cap 8ed008c40780466 ecap 60000f050df
[    0.211700] DMAR: DRHD base: 0x0000009b7fc000 flags: 0x1
[    0.211702] DMAR: dmar9: reg_base_addr 9b7fc000 ver 4:0 cap 8ed008c40780466 ecap 60000f050df
[    0.211703] DMAR: RMRR base: 0x00000069427000 end: 0x00000069429fff
[    0.211704] DMAR: ATSR flags: 0x0
[    0.211706] DMAR-IR: IOAPIC id 8 under DRHD base  0x9b7fc000 IOMMU 9
[    0.211707] DMAR-IR: HPET id 0 under DRHD base 0x9b7fc000
[    0.211708] DMAR-IR: Queued invalidation will be enabled to support x2apic and Intr-remapping.
[    0.214226] DMAR-IR: Enabled IRQ remapping in x2apic mode
[    0.216873] ..TIMER: vector=0x30 apic1=0 pin1=2 apic2=-1 pin2=-1
[    0.235587] clocksource: tsc-early: mask: 0xffffffffffffffff max_cycles: 0x39a85c9bff6, max_idle_ns: 881590591483 ns
[    0.235591] Calibrating delay loop (skipped), value calculated using timer frequency.. 4000.00 BogoMIPS (lpj=8000000)
[    0.235594] pid_max: default: 114688 minimum: 896
[    0.239567] LSM: Security Framework initializing
[    0.239603] Yama: becoming mindful.
[    0.239968] AppArmor: AppArmor initialized
[    0.244587] Dentry cache hash table entries: 4194304 (order: 13, 33554432 bytes, vmalloc)
[    0.246881] Inode-cache hash table entries: 2097152 (order: 12, 16777216 bytes, vmalloc)
[    0.247002] Mount-cache hash table entries: 65536 (order: 7, 524288 bytes, vmalloc)
[    0.247075] Mountpoint-cache hash table entries: 65536 (order: 7, 524288 bytes, vmalloc)
[    0.247379] *** VALIDATE proc ***
[    0.247631] *** VALIDATE cgroup1 ***
[    0.247633] *** VALIDATE cgroup2 ***
[    0.247768] x86/tme: not enabled by BIOS
[    0.247771] x86/cpu: User Mode Instruction Prevention (UMIP) activated
[    0.247848] mce: CPU0: Thermal monitoring enabled (TM1)
[    0.248059] process: using mwait in idle threads
[    0.248061] Last level iTLB entries: 4KB 0, 2MB 0, 4MB 0
[    0.248062] Last level dTLB entries: 4KB 0, 2MB 0, 4MB 0, 1GB 0
[    0.248065] Spectre V1 : Mitigation: usercopy/swapgs barriers and __user pointer sanitization
[    0.248067] Spectre V2 : Mitigation: Enhanced IBRS
[    0.248067] Spectre V2 : Spectre v2 / SpectreRSB mitigation: Filling RSB on context switch
[    0.248069] Spectre V2 : mitigation: Enabling conditional Indirect Branch Prediction Barrier
[    0.248070] Speculative Store Bypass: Mitigation: Speculative Store Bypass disabled via prctl and seccomp
[    0.248364] Freeing SMP alternatives memory: 40K
[    0.251746] TSC deadline timer enabled
[    0.251755] smpboot: CPU0: Intel(R) Xeon(R) Gold 6330 CPU @ 2.00GHz (family: 0x6, model: 0x6a, stepping: 0x6)
[    0.251946] Performance Events: PEBS fmt4+-baseline, Icelake events, 32-deep LBR, full-width counters, Intel PMU driver.
[    0.251951] ... version:                5
[    0.251952] ... bit width:              48
[    0.251952] ... generic registers:      8
[    0.251953] ... value mask:             0000ffffffffffff
[    0.251953] ... max period:             00007fffffffffff
[    0.251954] ... fixed-purpose events:   4
[    0.251954] ... event mask:             0000000f000000ff
[    0.252072] rcu: Hierarchical SRCU implementation.
[    0.259383] NMI watchdog: Enabled. Permanently consumes one hw-PMU counter.
[    0.260638] smp: Bringing up secondary CPUs ...
[    0.260756] x86: Booting SMP configuration:
[    0.260757] .... node  #1, CPUs:          #1
[    0.003744] smpboot: CPU 1 Converting physical 0 to logical die 1
[    0.347697] .... node  #0, CPUs:     #2
[    0.353035] .... node  #1, CPUs:     #3
[    0.358429] .... node  #0, CPUs:     #4
[    0.363775] .... node  #1, CPUs:     #5
[    0.369137] .... node  #0, CPUs:     #6
[    0.374695] .... node  #1, CPUs:     #7
[    0.380242] .... node  #0, CPUs:     #8
[    0.385510] .... node  #1, CPUs:     #9
[    0.391208] .... node  #0, CPUs:    #10
[    0.396892] .... node  #1, CPUs:    #11
[    0.402603] .... node  #0, CPUs:    #12
[    0.408089] .... node  #1, CPUs:    #13
[    0.413418] .... node  #0, CPUs:    #14
[    0.418631] .... node  #1, CPUs:    #15
[    0.423919] .... node  #0, CPUs:    #16
[    0.429158] .... node  #1, CPUs:    #17
[    0.434446] .... node  #0, CPUs:    #18
[    0.439757] .... node  #1, CPUs:    #19
[    0.445274] .... node  #0, CPUs:    #20
[    0.450463] .... node  #1, CPUs:    #21
[    0.456048] .... node  #0, CPUs:    #22
[    0.461465] .... node  #1, CPUs:    #23
[    0.466710] .... node  #0, CPUs:    #24
[    0.472302] .... node  #1, CPUs:    #25
[    0.477622] .... node  #0, CPUs:    #26
[    0.482807] .... node  #1, CPUs:    #27
[    0.488083] .... node  #0, CPUs:    #28
[    0.493558] .... node  #1, CPUs:    #29
[    0.498823] .... node  #0, CPUs:    #30
[    0.504016] .... node  #1, CPUs:    #31
[    0.509454] .... node  #0, CPUs:    #32
[    0.514716] .... node  #1, CPUs:    #33
[    0.520055] .... node  #0, CPUs:    #34
[    0.525467] .... node  #1, CPUs:    #35
[    0.530751] .... node  #0, CPUs:    #36
[    0.535919] .... node  #1, CPUs:    #37
[    0.541223] .... node  #0, CPUs:    #38
[    0.546741] .... node  #1, CPUs:    #39
[    0.552244] .... node  #0, CPUs:    #40
[    0.557814] .... node  #1, CPUs:    #41
[    0.563697] .... node  #0, CPUs:    #42
[    0.568794] .... node  #1, CPUs:    #43
[    0.574406] .... node  #0, CPUs:    #44
[    0.579744] .... node  #1, CPUs:    #45
[    0.585172] .... node  #0, CPUs:    #46
[    0.590686] .... node  #1, CPUs:    #47
[    0.596100] .... node  #0, CPUs:    #48
[    0.601406] .... node  #1, CPUs:    #49
[    0.606810] .... node  #0, CPUs:    #50
[    0.612258] .... node  #1, CPUs:    #51
[    0.617879] .... node  #0, CPUs:    #52
[    0.623316] .... node  #1, CPUs:    #53
[    0.628865] .... node  #0, CPUs:    #54
[    0.634525] .... node  #1, CPUs:    #55
[    0.640300] .... node  #0, CPUs:    #56
[    0.645831] .... node  #1, CPUs:    #57
[    0.651706] .... node  #0, CPUs:    #58
[    0.657077] .... node  #1, CPUs:    #59
[    0.662504] .... node  #0, CPUs:    #60
[    0.667853] .... node  #1, CPUs:    #61
[    0.673229] .... node  #0, CPUs:    #62
[    0.678786] .... node  #1, CPUs:    #63
[    0.684359] .... node  #0, CPUs:    #64
[    0.689637] .... node  #1, CPUs:    #65
[    0.695366] .... node  #0, CPUs:    #66
[    0.701056] .... node  #1, CPUs:    #67
[    0.706789] .... node  #0, CPUs:    #68
[    0.712287] .... node  #1, CPUs:    #69
[    0.717626] .... node  #0, CPUs:    #70
[    0.722821] .... node  #1, CPUs:    #71
[    0.728133] .... node  #0, CPUs:    #72
[    0.733385] .... node  #1, CPUs:    #73
[    0.738692] .... node  #0, CPUs:    #74
[    0.743932] .... node  #1, CPUs:    #75
[    0.749568] .... node  #0, CPUs:    #76
[    0.754792] .... node  #1, CPUs:    #77
[    0.760385] .... node  #0, CPUs:    #78
[    0.765807] .... node  #1, CPUs:    #79
[    0.771078] .... node  #0, CPUs:    #80
[    0.776673] .... node  #1, CPUs:    #81
[    0.782011] .... node  #0, CPUs:    #82
[    0.787207] .... node  #1, CPUs:    #83
[    0.792501] .... node  #0, CPUs:    #84
[    0.797994] .... node  #1, CPUs:    #85
[    0.803275] .... node  #0, CPUs:    #86
[    0.808468] .... node  #1, CPUs:    #87
[    0.813946] .... node  #0, CPUs:    #88
[    0.819221] .... node  #1, CPUs:    #89
[    0.824589] .... node  #0, CPUs:    #90
[    0.830012] .... node  #1, CPUs:    #91
[    0.835308] .... node  #0, CPUs:    #92
[    0.840505] .... node  #1, CPUs:    #93
[    0.845807] .... node  #0, CPUs:    #94
[    0.851622] .... node  #1, CPUs:    #95
[    0.856882] .... node  #0, CPUs:    #96
[    0.862465] .... node  #1, CPUs:    #97
[    0.868201] .... node  #0, CPUs:    #98
[    0.873494] .... node  #1, CPUs:    #99
[    0.879134] .... node  #0, CPUs:   #100
[    0.884467] .... node  #1, CPUs:   #101
[    0.889922] .... node  #0, CPUs:   #102
[    0.895715] .... node  #1, CPUs:   #103
[    0.900889] .... node  #0, CPUs:   #104
[    0.906220] .... node  #1, CPUs:   #105
[    0.911697] .... node  #0, CPUs:   #106
[    0.917104] .... node  #1, CPUs:   #107
[    0.922736] .... node  #0, CPUs:   #108
[    0.928167] .... node  #1, CPUs:   #109
[    0.933758] .... node  #0, CPUs:   #110
[    0.939709] .... node  #1, CPUs:   #111
[    0.945229] smp: Brought up 2 nodes, 112 CPUs
[    0.945229] smpboot: Max logical packages: 2
[    0.945229] smpboot: Total of 112 processors activated (448071.40 BogoMIPS)
[    0.954456] devtmpfs: initialized
[    0.954456] x86/mm: Memory block size: 2048MB
[    0.954456] PM: Registering ACPI NVS region [mem 0x49e77000-0x4ae76fff] (16777216 bytes)
[    0.954456] PM: Registering ACPI NVS region [mem 0x6e3ff000-0x6f3fefff] (16777216 bytes)
[    0.955613] clocksource: jiffies: mask: 0xffffffff max_cycles: 0xffffffff, max_idle_ns: 7645041785100000 ns
[    0.955912] futex hash table entries: 32768 (order: 9, 2097152 bytes, vmalloc)
[    0.956513] pinctrl core: initialized pinctrl subsystem
[    0.956645] PM: RTC time: 11:53:26, date: 2024-06-25
[    0.956908] NET: Registered protocol family 16
[    0.957020] audit: initializing netlink subsys (disabled)
[    0.957025] audit: type=2000 audit(1719316405.748:1): state=initialized audit_enabled=0 res=1
[    0.957025] EISA bus registered
[    0.957025] cpuidle: using governor ladder
[    0.957025] cpuidle: using governor menu
[    0.957025] ACPI FADT declares the system doesn't support PCIe ASPM, so disable it
[    0.957025] ACPI: bus type PCI registered
[    0.957025] acpiphp: ACPI Hot Plug PCI Controller Driver version: 0.5
[    0.957025] PCI: MMCONFIG for domain 0000 [bus 00-ff] at [mem 0x80000000-0x8fffffff] (base 0x80000000)
[    0.957025] PCI: MMCONFIG at [mem 0x80000000-0x8fffffff] reserved in E820
[    0.957025] pmd_set_huge: Cannot satisfy [mem 0x80000000-0x80200000] with a huge-page mapping due to MTRR override.
[    0.957025] PCI: Using configuration type 1 for base access
[    0.957025] PCI: Dell System detected, enabling pci=bfsort.
[    0.959600] ENERGY_PERF_BIAS: Set to 'normal', was 'performance'
[    0.963882] HugeTLB registered 1.00 GiB page size, pre-allocated 0 pages
[    0.963882] HugeTLB registered 2.00 MiB page size, pre-allocated 0 pages
[    0.967999] ACPI: Added _OSI(Module Device)
[    0.968000] ACPI: Added _OSI(Processor Device)
[    0.968000] ACPI: Added _OSI(3.0 _SCP Extensions)
[    0.968001] ACPI: Added _OSI(Processor Aggregator Device)
[    0.968002] ACPI: Added _OSI(Linux-Dell-Video)
[    0.968003] ACPI: Added _OSI(Linux-Lenovo-NV-HDMI-Audio)
[    0.968004] ACPI: Added _OSI(Linux-HPI-Hybrid-Graphics)
[    1.132418] ACPI: 8 ACPI AML tables successfully acquired and loaded
[    1.139520] ACPI: [Firmware Bug]: BIOS _OSI(Linux) query ignored
[    1.146144] ACPI: Dynamic OEM Table Load:
[    1.539872] ACPI: Interpreter enabled
[    1.539891] ACPI: (supports S0 S5)
[    1.539892] ACPI: Using IOAPIC for interrupt routing
[    1.539981] HEST: Table parsing has been initialized.
[    1.539984] PCI: Using host bridge windows from ACPI; if necessary, use "pci=nocrs" and report a bug
[    1.568905] ACPI: Enabled 4 GPEs in block 00 to 7F
[    1.693525] ACPI: PCI Root Bridge [PC00] (domain 0000 [bus 00-15])
[    1.693530] acpi PNP0A08:00: _OSC: OS supports [ExtendedConfig ASPM ClockPM Segments MSI HPX-Type3]
[    1.693607] acpi PNP0A08:00: PCIe AER handled by firmware
[    1.693719] acpi PNP0A08:00: _OSC: platform does not support [SHPCHotplug LTR]
[    1.693923] acpi PNP0A08:00: _OSC: OS now controls [PCIeHotplug PME PCIeCapability]
[    1.693924] acpi PNP0A08:00: FADT indicates ASPM is unsupported, using BIOS configuration
[    1.695696] PCI host bridge to bus 0000:00
[    1.695698] pci_bus 0000:00: root bus resource [io  0x0000-0x0cf7 window]
[    1.695699] pci_bus 0000:00: root bus resource [io  0x1000-0x4fff window]
[    1.695700] pci_bus 0000:00: root bus resource [mem 0x000a0000-0x000bffff window]
[    1.695700] pci_bus 0000:00: root bus resource [mem 0x000c8000-0x000cffff window]
[    1.695701] pci_bus 0000:00: root bus resource [mem 0xfe010000-0xfe010fff window]
[    1.695702] pci_bus 0000:00: root bus resource [mem 0x90000000-0x9b7fffff window]
[    1.695703] pci_bus 0000:00: root bus resource [mem 0x200000000000-0x20ffffffffff window]
[    1.695703] pci_bus 0000:00: root bus resource [bus 00-15]
[    1.695714] pci 0000:00:00.0: [8086:09a2] type 00 class 0x088000
[    1.696435] pci 0000:00:00.1: [8086:09a4] type 00 class 0x088000
[    1.697135] pci 0000:00:00.2: [8086:09a3] type 00 class 0x088000
[    1.697835] pci 0000:00:00.4: [8086:0998] type 00 class 0x060000
[    1.698536] pci 0000:00:02.0: [8086:09a6] type 00 class 0x088000
[    1.698546] pci 0000:00:02.0: reg 0x10: [mem 0x92dfc000-0x92dfdfff]
[    1.699240] pci 0000:00:02.1: [8086:09a7] type 00 class 0x088000
[    1.699249] pci 0000:00:02.1: reg 0x10: [mem 0x92d00000-0x92d7ffff]
[    1.699254] pci 0000:00:02.1: reg 0x14: [mem 0x92c80000-0x92cfffff]
[    1.699949] pci 0000:00:02.4: [8086:3456] type 00 class 0x130000
[    1.699959] pci 0000:00:02.4: reg 0x10: [mem 0x92a00000-0x92afffff 64bit]
[    1.699966] pci 0000:00:02.4: reg 0x18: [mem 0x92df0000-0x92df3fff 64bit]
[    1.699972] pci 0000:00:02.4: reg 0x20: [mem 0x92dc0000-0x92ddffff 64bit]
[    1.700676] pci 0000:00:11.0: [8086:a1ec] type 00 class 0xff0000
[    1.701442] pci 0000:00:11.5: [8086:a1d2] type 00 class 0x010601
[    1.701459] pci 0000:00:11.5: reg 0x10: [mem 0x92dfa000-0x92dfbfff]
[    1.701466] pci 0000:00:11.5: reg 0x14: [mem 0x92e05000-0x92e050ff]
[    1.701473] pci 0000:00:11.5: reg 0x18: [io  0x2068-0x206f]
[    1.701480] pci 0000:00:11.5: reg 0x1c: [io  0x2074-0x2077]
[    1.701487] pci 0000:00:11.5: reg 0x20: [io  0x2040-0x205f]
[    1.701494] pci 0000:00:11.5: reg 0x24: [mem 0x92b80000-0x92bfffff]
[    1.701532] pci 0000:00:11.5: PME# supported from D3hot
[    1.702245] pci 0000:00:14.0: [8086:a1af] type 00 class 0x0c0330
[    1.702266] pci 0000:00:14.0: reg 0x10: [mem 0x92de0000-0x92deffff 64bit]
[    1.702330] pci 0000:00:14.0: PME# supported from D3hot D3cold
[    1.703042] pci 0000:00:14.2: [8086:a1b1] type 00 class 0x118000
[    1.703062] pci 0000:00:14.2: reg 0x10: [mem 0x92e02000-0x92e02fff 64bit]
[    1.703806] pci 0000:00:16.0: [8086:a1ba] type 00 class 0x078000
[    1.703834] pci 0000:00:16.0: reg 0x10: [mem 0x92e01000-0x92e01fff 64bit]
[    1.703919] pci 0000:00:16.0: PME# supported from D3hot
[    1.704598] pci 0000:00:16.1: [8086:a1bb] type 00 class 0x078000
[    1.704626] pci 0000:00:16.1: reg 0x10: [mem 0x92e00000-0x92e00fff 64bit]
[    1.704711] pci 0000:00:16.1: PME# supported from D3hot
[    1.705392] pci 0000:00:16.4: [8086:a1be] type 00 class 0x078000
[    1.705420] pci 0000:00:16.4: reg 0x10: [mem 0x92dff000-0x92dfffff 64bit]
[    1.705505] pci 0000:00:16.4: PME# supported from D3hot
[    1.706187] pci 0000:00:17.0: [8086:a182] type 00 class 0x010601
[    1.706203] pci 0000:00:17.0: reg 0x10: [mem 0x92df8000-0x92df9fff]
[    1.706210] pci 0000:00:17.0: reg 0x14: [mem 0x92e04000-0x92e040ff]
[    1.706217] pci 0000:00:17.0: reg 0x18: [io  0x2060-0x2067]
[    1.706224] pci 0000:00:17.0: reg 0x1c: [io  0x2070-0x2073]
[    1.706231] pci 0000:00:17.0: reg 0x20: [io  0x2020-0x203f]
[    1.706238] pci 0000:00:17.0: reg 0x24: [mem 0x92b00000-0x92b7ffff]
[    1.706275] pci 0000:00:17.0: PME# supported from D3hot
[    1.706988] pci 0000:00:1c.0: [8086:a190] type 01 class 0x060400
[    1.707066] pci 0000:00:1c.0: PME# supported from D0 D3hot D3cold
[    1.707831] pci 0000:00:1c.4: [8086:a194] type 01 class 0x060400
[    1.707904] pci 0000:00:1c.4: PME# supported from D0 D3hot D3cold
[    1.708655] pci 0000:00:1c.5: [8086:a195] type 01 class 0x060400
[    1.708728] pci 0000:00:1c.5: PME# supported from D0 D3hot D3cold
[    1.709484] pci 0000:00:1f.0: [8086:a1cb] type 00 class 0x060100
[    1.710286] pci 0000:00:1f.2: [8086:a1a1] type 00 class 0x058000
[    1.710302] pci 0000:00:1f.2: reg 0x10: [mem 0x92df4000-0x92df7fff]
[    1.711048] pci 0000:00:1f.4: [8086:a1a3] type 00 class 0x0c0500
[    1.711068] pci 0000:00:1f.4: reg 0x10: [mem 0x92dfe000-0x92dfe0ff 64bit]
[    1.711091] pci 0000:00:1f.4: reg 0x20: [io  0x2000-0x201f]
[    1.711780] pci 0000:00:1f.5: [8086:a1a4] type 00 class 0x0c8000
[    1.711796] pci 0000:00:1f.5: reg 0x10: [mem 0xfe010000-0xfe010fff]
[    1.712544] pci 0000:00:1c.0: PCI bridge to [bus 01]
[    1.712592] pci 0000:02:00.0: [1556:be00] type 01 class 0x060400
[    1.712759] pci 0000:00:1c.4: PCI bridge to [bus 02-03]
[    1.712763] pci 0000:00:1c.4:   bridge window [mem 0x92000000-0x928fffff]
[    1.712767] pci 0000:00:1c.4:   bridge window [mem 0x91000000-0x91ffffff 64bit pref]
[    1.712799] pci_bus 0000:03: extended config space not accessible
[    1.712815] pci 0000:03:00.0: [102b:0536] type 00 class 0x030000
[    1.712835] pci 0000:03:00.0: reg 0x10: [mem 0x91000000-0x91ffffff pref]
[    1.712845] pci 0000:03:00.0: reg 0x14: [mem 0x92808000-0x9280bfff]
[    1.712855] pci 0000:03:00.0: reg 0x18: [mem 0x92000000-0x927fffff]
[    1.712903] pci 0000:03:00.0: BAR 0: assigned to efifb
[    1.712997] pci 0000:02:00.0: PCI bridge to [bus 03]
[    1.713005] pci 0000:02:00.0:   bridge window [mem 0x92000000-0x928fffff]
[    1.713011] pci 0000:02:00.0:   bridge window [mem 0x91000000-0x91ffffff 64bit pref]
[    1.713076] pci 0000:04:00.0: [14e4:165f] type 00 class 0x020000
[    1.713108] pci 0000:04:00.0: reg 0x10: [mem 0x92930000-0x9293ffff 64bit pref]
[    1.713123] pci 0000:04:00.0: reg 0x18: [mem 0x92940000-0x9294ffff 64bit pref]
[    1.713139] pci 0000:04:00.0: reg 0x20: [mem 0x92950000-0x9295ffff 64bit pref]
[    1.713149] pci 0000:04:00.0: reg 0x30: [mem 0xfffc0000-0xffffffff pref]
[    1.713241] pci 0000:04:00.0: PME# supported from D0 D3hot D3cold
[    1.713280] pci 0000:04:00.0: 4.000 Gb/s available PCIe bandwidth, limited by 5 GT/s x1 link at 0000:00:1c.5 (capable of 8.000 Gb/s with 5 GT/s x2 link)
[    1.713407] pci 0000:04:00.1: [14e4:165f] type 00 class 0x020000
[    1.713439] pci 0000:04:00.1: reg 0x10: [mem 0x92900000-0x9290ffff 64bit pref]
[    1.713454] pci 0000:04:00.1: reg 0x18: [mem 0x92910000-0x9291ffff 64bit pref]
[    1.713470] pci 0000:04:00.1: reg 0x20: [mem 0x92920000-0x9292ffff 64bit pref]
[    1.713480] pci 0000:04:00.1: reg 0x30: [mem 0xfffc0000-0xffffffff pref]
[    1.713572] pci 0000:04:00.1: PME# supported from D0 D3hot D3cold
[    1.713717] pci 0000:00:1c.5: PCI bridge to [bus 04]
[    1.713724] pci 0000:00:1c.5:   bridge window [mem 0x92900000-0x929fffff 64bit pref]
[    1.713737] pci_bus 0000:00: on NUMA node 0
[    1.714289] ACPI: PCI Root Bridge [PC01] (domain 0000 [bus 16-2f])
[    1.714292] acpi PNP0A08:01: _OSC: OS supports [ExtendedConfig ASPM ClockPM Segments MSI HPX-Type3]
[    1.714388] acpi PNP0A08:01: PCIe AER handled by firmware
[    1.714495] acpi PNP0A08:01: _OSC: platform does not support [SHPCHotplug]
[    1.714696] acpi PNP0A08:01: _OSC: OS now controls [PCIeHotplug PME PCIeCapability LTR]
[    1.714697] acpi PNP0A08:01: FADT indicates ASPM is unsupported, using BIOS configuration
[    1.714819] PCI host bridge to bus 0000:16
[    1.714820] pci_bus 0000:16: root bus resource [io  0x5000-0x6fff window]
[    1.714821] pci_bus 0000:16: root bus resource [mem 0x9b800000-0xa63fffff window]
[    1.714822] pci_bus 0000:16: root bus resource [mem 0x210000000000-0x21ffffffffff window]
[    1.714822] pci_bus 0000:16: root bus resource [bus 16-2f]
[    1.714829] pci 0000:16:00.0: [8086:09a2] type 00 class 0x088000
[    1.714896] pci 0000:16:00.1: [8086:09a4] type 00 class 0x088000
[    1.714958] pci 0000:16:00.2: [8086:09a3] type 00 class 0x088000
[    1.715021] pci 0000:16:00.4: [8086:0998] type 00 class 0x060000
[    1.715083] pci 0000:16:02.0: [8086:347a] type 01 class 0x060400
[    1.715097] pci 0000:16:02.0: reg 0x10: [mem 0x21fffff00000-0x21fffff1ffff 64bit]
[    1.715133] pci 0000:16:02.0: PME# supported from D0 D3hot D3cold
[    1.715428] pci 0000:17:00.0: [1000:10e2] type 00 class 0x010400
[    1.715448] pci 0000:17:00.0: reg 0x10: [mem 0x9b800000-0x9b8fffff 64bit pref]
[    1.715456] pci 0000:17:00.0: reg 0x18: [mem 0x9b900000-0x9b9fffff 64bit pref]
[    1.715461] pci 0000:17:00.0: reg 0x20: [mem 0x9ba00000-0x9bafffff]
[    1.715466] pci 0000:17:00.0: reg 0x24: [io  0x5000-0x50ff]
[    1.715472] pci 0000:17:00.0: reg 0x30: [mem 0xfff00000-0xffffffff pref]
[    1.716711] pci 0000:17:00.0: supports D1 D2
[    1.716761] pci 0000:16:02.0: PCI bridge to [bus 17]
[    1.716763] pci 0000:16:02.0:   bridge window [io  0x5000-0x5fff]
[    1.716765] pci 0000:16:02.0:   bridge window [mem 0x9ba00000-0x9bafffff]
[    1.716767] pci 0000:16:02.0:   bridge window [mem 0x9b800000-0x9b9fffff 64bit pref]
[    1.716773] pci_bus 0000:16: on NUMA node 0
[    1.716837] ACPI: PCI Root Bridge [PC02] (domain 0000 [bus 30-49])
[    1.716840] acpi PNP0A08:02: _OSC: OS supports [ExtendedConfig ASPM ClockPM Segments MSI HPX-Type3]
[    1.716933] acpi PNP0A08:02: PCIe AER handled by firmware
[    1.717039] acpi PNP0A08:02: _OSC: platform does not support [SHPCHotplug]
[    1.717238] acpi PNP0A08:02: _OSC: OS now controls [PCIeHotplug PME PCIeCapability LTR]
[    1.717239] acpi PNP0A08:02: FADT indicates ASPM is unsupported, using BIOS configuration
[    1.717354] PCI host bridge to bus 0000:30
[    1.717355] pci_bus 0000:30: root bus resource [io  0x7000-0x8fff window]
[    1.717356] pci_bus 0000:30: root bus resource [mem 0xa6400000-0xb0ffffff window]
[    1.717358] pci_bus 0000:30: root bus resource [mem 0x220000000000-0x22ffffffffff window]
[    1.717359] pci_bus 0000:30: root bus resource [bus 30-49]
[    1.717366] pci 0000:30:00.0: [8086:09a2] type 00 class 0x088000
[    1.717431] pci 0000:30:00.1: [8086:09a4] type 00 class 0x088000
[    1.717492] pci 0000:30:00.2: [8086:09a3] type 00 class 0x088000
[    1.717554] pci 0000:30:00.4: [8086:0998] type 00 class 0x060000
[    1.717624] pci_bus 0000:30: on NUMA node 0
[    1.717711] ACPI: PCI Root Bridge [PC04] (domain 0000 [bus 4a-63])
[    1.717713] acpi PNP0A08:04: _OSC: OS supports [ExtendedConfig ASPM ClockPM Segments MSI HPX-Type3]
[    1.717803] acpi PNP0A08:04: PCIe AER handled by firmware
[    1.717907] acpi PNP0A08:04: _OSC: platform does not support [SHPCHotplug]
[    1.718105] acpi PNP0A08:04: _OSC: OS now controls [PCIeHotplug PME PCIeCapability LTR]
[    1.718105] acpi PNP0A08:04: FADT indicates ASPM is unsupported, using BIOS configuration
[    1.718215] PCI host bridge to bus 0000:4a
[    1.718216] pci_bus 0000:4a: root bus resource [io  0x9000-0x9fff window]
[    1.718217] pci_bus 0000:4a: root bus resource [mem 0xb1000000-0xbbbfffff window]
[    1.718218] pci_bus 0000:4a: root bus resource [mem 0x230000000000-0x23ffffffffff window]
[    1.718219] pci_bus 0000:4a: root bus resource [bus 4a-63]
[    1.718225] pci 0000:4a:00.0: [8086:09a2] type 00 class 0x088000
[    1.718287] pci 0000:4a:00.1: [8086:09a4] type 00 class 0x088000
[    1.718347] pci 0000:4a:00.2: [8086:09a3] type 00 class 0x088000
[    1.718412] pci 0000:4a:00.4: [8086:0998] type 00 class 0x060000
[    1.718482] pci_bus 0000:4a: on NUMA node 0
[    1.718541] ACPI: PCI Root Bridge [PC05] (domain 0000 [bus 64-7d])
[    1.718543] acpi PNP0A08:05: _OSC: OS supports [ExtendedConfig ASPM ClockPM Segments MSI HPX-Type3]
[    1.718633] acpi PNP0A08:05: PCIe AER handled by firmware
[    1.718736] acpi PNP0A08:05: _OSC: platform does not support [SHPCHotplug]
[    1.718935] acpi PNP0A08:05: _OSC: OS now controls [PCIeHotplug PME PCIeCapability LTR]
[    1.718935] acpi PNP0A08:05: FADT indicates ASPM is unsupported, using BIOS configuration
[    1.719045] PCI host bridge to bus 0000:64
[    1.719045] pci_bus 0000:64: root bus resource [io  0xa000-0xafff window]
[    1.719046] pci_bus 0000:64: root bus resource [mem 0xbbc00000-0xc5ffffff window]
[    1.719047] pci_bus 0000:64: root bus resource [mem 0x240000000000-0x24ffffffffff window]
[    1.719048] pci_bus 0000:64: root bus resource [bus 64-7d]
[    1.719054] pci 0000:64:00.0: [8086:09a2] type 00 class 0x088000
[    1.719117] pci 0000:64:00.1: [8086:09a4] type 00 class 0x088000
[    1.719179] pci 0000:64:00.2: [8086:09a3] type 00 class 0x088000
[    1.719241] pci 0000:64:00.4: [8086:0998] type 00 class 0x060000
[    1.719311] pci_bus 0000:64: on NUMA node 0
[    1.719367] ACPI: PCI Root Bridge [UC06] (domain 0000 [bus 7e])
[    1.719369] acpi PNP0A03:00: _OSC: OS supports [ExtendedConfig ASPM ClockPM Segments MSI HPX-Type3]
[    1.719444] acpi PNP0A03:00: PCIe AER handled by firmware
[    1.719533] acpi PNP0A03:00: _OSC: platform does not support [SHPCHotplug LTR]
[    1.719701] acpi PNP0A03:00: _OSC: OS now controls [PCIeHotplug PME PCIeCapability]
[    1.719702] acpi PNP0A03:00: FADT indicates ASPM is unsupported, using BIOS configuration
[    1.719836] PCI host bridge to bus 0000:7e
[    1.719837] pci_bus 0000:7e: root bus resource [bus 7e]
[    1.719843] pci 0000:7e:00.0: [8086:3450] type 00 class 0x088000
[    1.719912] pci 0000:7e:00.1: [8086:3451] type 00 class 0x088000
[    1.719975] pci 0000:7e:00.2: [8086:3452] type 00 class 0x088000
[    1.720047] pci 0000:7e:00.3: [8086:0998] type 00 class 0x060000
[    1.720111] pci 0000:7e:00.5: [8086:3455] type 00 class 0x088000
[    1.720180] pci 0000:7e:02.0: [8086:3440] type 00 class 0x088000
[    1.720302] pci 0000:7e:02.1: [8086:3441] type 00 class 0x088000
[    1.720415] pci 0000:7e:02.2: [8086:3442] type 00 class 0x088000
[    1.720531] pci 0000:7e:03.0: [8086:3440] type 00 class 0x088000
[    1.720620] pci 0000:7e:03.1: [8086:3441] type 00 class 0x088000
[    1.720702] pci 0000:7e:03.2: [8086:3442] type 00 class 0x088000
[    1.720798] pci 0000:7e:04.0: [8086:3440] type 00 class 0x088000
[    1.720924] pci 0000:7e:04.1: [8086:3441] type 00 class 0x088000
[    1.721045] pci 0000:7e:04.2: [8086:3442] type 00 class 0x088000
[    1.721167] pci 0000:7e:04.3: [8086:3443] type 00 class 0x088000
[    1.721292] pci 0000:7e:05.0: [8086:3445] type 00 class 0x088000
[    1.721420] pci 0000:7e:05.1: [8086:3446] type 00 class 0x088000
[    1.721539] pci 0000:7e:05.2: [8086:3447] type 00 class 0x088000
[    1.721658] pci 0000:7e:06.0: [8086:3445] type 00 class 0x088000
[    1.721750] pci 0000:7e:06.1: [8086:3446] type 00 class 0x088000
[    1.721836] pci 0000:7e:06.2: [8086:3447] type 00 class 0x088000
[    1.721928] pci 0000:7e:07.0: [8086:3445] type 00 class 0x088000
[    1.722054] pci 0000:7e:07.1: [8086:3446] type 00 class 0x088000
[    1.722180] pci 0000:7e:07.2: [8086:3447] type 00 class 0x088000
[    1.722306] pci 0000:7e:0b.0: [8086:3448] type 00 class 0x088000
[    1.722381] pci 0000:7e:0b.1: [8086:3448] type 00 class 0x088000
[    1.722455] pci 0000:7e:0b.2: [8086:344b] type 00 class 0x088000
[    1.722539] pci 0000:7e:0c.0: [8086:344a] type 00 class 0x110100
[    1.722636] pci 0000:7e:0d.0: [8086:344a] type 00 class 0x110100
[    1.722731] pci 0000:7e:0e.0: [8086:344a] type 00 class 0x110100
[    1.722881] pci 0000:7e:0f.0: [8086:344a] type 00 class 0x110100
[    1.723042] pci 0000:7e:1a.0: [8086:2880] type 00 class 0x110100
[    1.723138] pci 0000:7e:1b.0: [8086:2880] type 00 class 0x110100
[    1.723229] pci 0000:7e:1c.0: [8086:2880] type 00 class 0x110100
[    1.723382] pci 0000:7e:1d.0: [8086:2880] type 00 class 0x110100
[    1.723544] pci_bus 0000:7e: on NUMA node 0
[    1.723619] ACPI: PCI Root Bridge [UC07] (domain 0000 [bus 7f])
[    1.723621] acpi PNP0A03:01: _OSC: OS supports [ExtendedConfig ASPM ClockPM Segments MSI HPX-Type3]
[    1.723697] acpi PNP0A03:01: PCIe AER handled by firmware
[    1.723790] acpi PNP0A03:01: _OSC: platform does not support [SHPCHotplug LTR]
[    1.723960] acpi PNP0A03:01: _OSC: OS now controls [PCIeHotplug PME PCIeCapability]
[    1.723960] acpi PNP0A03:01: FADT indicates ASPM is unsupported, using BIOS configuration
[    1.724104] PCI host bridge to bus 0000:7f
[    1.724104] pci_bus 0000:7f: root bus resource [bus 7f]
[    1.724114] pci 0000:7f:00.0: [8086:344c] type 00 class 0x088000
[    1.724222] pci 0000:7f:00.1: [8086:344c] type 00 class 0x088000
[    1.724340] pci 0000:7f:00.2: [8086:344c] type 00 class 0x088000
[    1.724460] pci 0000:7f:00.3: [8086:344c] type 00 class 0x088000
[    1.724556] pci 0000:7f:00.4: [8086:344c] type 00 class 0x088000
[    1.724684] pci 0000:7f:00.5: [8086:344c] type 00 class 0x088000
[    1.724810] pci 0000:7f:00.6: [8086:344c] type 00 class 0x088000
[    1.724895] pci 0000:7f:00.7: [8086:344c] type 00 class 0x088000
[    1.724990] pci 0000:7f:01.0: [8086:344c] type 00 class 0x088000
[    1.725126] pci 0000:7f:01.1: [8086:344c] type 00 class 0x088000
[    1.725253] pci 0000:7f:01.2: [8086:344c] type 00 class 0x088000
[    1.725340] pci 0000:7f:01.3: [8086:344c] type 00 class 0x088000
[    1.725478] pci 0000:7f:01.4: [8086:344c] type 00 class 0x088000
[    1.725616] pci 0000:7f:01.5: [8086:344c] type 00 class 0x088000
[    1.725759] pci 0000:7f:01.6: [8086:344c] type 00 class 0x088000
[    1.725887] pci 0000:7f:01.7: [8086:344c] type 00 class 0x088000
[    1.726025] pci 0000:7f:02.0: [8086:344c] type 00 class 0x088000
[    1.726165] pci 0000:7f:02.1: [8086:344c] type 00 class 0x088000
[    1.726303] pci 0000:7f:02.2: [8086:344c] type 00 class 0x088000
[    1.726440] pci 0000:7f:02.3: [8086:344c] type 00 class 0x088000
[    1.726586] pci 0000:7f:02.4: [8086:344c] type 00 class 0x088000
[    1.726729] pci 0000:7f:02.5: [8086:344c] type 00 class 0x088000
[    1.726871] pci 0000:7f:02.6: [8086:344c] type 00 class 0x088000
[    1.727024] pci 0000:7f:02.7: [8086:344c] type 00 class 0x088000
[    1.727182] pci 0000:7f:03.0: [8086:344c] type 00 class 0x088000
[    1.727333] pci 0000:7f:03.1: [8086:344c] type 00 class 0x088000
[    1.727491] pci 0000:7f:03.2: [8086:344c] type 00 class 0x088000
[    1.727646] pci 0000:7f:03.3: [8086:344c] type 00 class 0x088000
[    1.727814] pci 0000:7f:0a.0: [8086:344d] type 00 class 0x088000
[    1.727922] pci 0000:7f:0a.1: [8086:344d] type 00 class 0x088000
[    1.728040] pci 0000:7f:0a.2: [8086:344d] type 00 class 0x088000
[    1.728159] pci 0000:7f:0a.3: [8086:344d] type 00 class 0x088000
[    1.728260] pci 0000:7f:0a.4: [8086:344d] type 00 class 0x088000
[    1.728389] pci 0000:7f:0a.5: [8086:344d] type 00 class 0x088000
[    1.728511] pci 0000:7f:0a.6: [8086:344d] type 00 class 0x088000
[    1.728598] pci 0000:7f:0a.7: [8086:344d] type 00 class 0x088000
[    1.728689] pci 0000:7f:0b.0: [8086:344d] type 00 class 0x088000
[    1.728824] pci 0000:7f:0b.1: [8086:344d] type 00 class 0x088000
[    1.728953] pci 0000:7f:0b.2: [8086:344d] type 00 class 0x088000
[    1.729040] pci 0000:7f:0b.3: [8086:344d] type 00 class 0x088000
[    1.729182] pci 0000:7f:0b.4: [8086:344d] type 00 class 0x088000
[    1.729321] pci 0000:7f:0b.5: [8086:344d] type 00 class 0x088000
[    1.729464] pci 0000:7f:0b.6: [8086:344d] type 00 class 0x088000
[    1.729591] pci 0000:7f:0b.7: [8086:344d] type 00 class 0x088000
[    1.729726] pci 0000:7f:0c.0: [8086:344d] type 00 class 0x088000
[    1.729865] pci 0000:7f:0c.1: [8086:344d] type 00 class 0x088000
[    1.730001] pci 0000:7f:0c.2: [8086:344d] type 00 class 0x088000
[    1.730140] pci 0000:7f:0c.3: [8086:344d] type 00 class 0x088000
[    1.730290] pci 0000:7f:0c.4: [8086:344d] type 00 class 0x088000
[    1.730432] pci 0000:7f:0c.5: [8086:344d] type 00 class 0x088000
[    1.730576] pci 0000:7f:0c.6: [8086:344d] type 00 class 0x088000
[    1.730730] pci 0000:7f:0c.7: [8086:344d] type 00 class 0x088000
[    1.730881] pci 0000:7f:0d.0: [8086:344d] type 00 class 0x088000
[    1.731033] pci 0000:7f:0d.1: [8086:344d] type 00 class 0x088000
[    1.731192] pci 0000:7f:0d.2: [8086:344d] type 00 class 0x088000
[    1.731346] pci 0000:7f:0d.3: [8086:344d] type 00 class 0x088000
[    1.731527] pci 0000:7f:1d.0: [8086:344f] type 00 class 0x088000
[    1.731644] pci 0000:7f:1d.1: [8086:3457] type 00 class 0x088000
[    1.731760] pci 0000:7f:1e.0: [8086:3458] type 00 class 0x088000
[    1.731837] pci 0000:7f:1e.1: [8086:3459] type 00 class 0x088000
[    1.731912] pci 0000:7f:1e.2: [8086:345a] type 00 class 0x088000
[    1.731985] pci 0000:7f:1e.3: [8086:345b] type 00 class 0x088000
[    1.732059] pci 0000:7f:1e.4: [8086:345c] type 00 class 0x088000
[    1.732133] pci 0000:7f:1e.5: [8086:345d] type 00 class 0x088000
[    1.732210] pci 0000:7f:1e.6: [8086:345e] type 00 class 0x088000
[    1.732284] pci 0000:7f:1e.7: [8086:345f] type 00 class 0x088000
[    1.732355] pci_bus 0000:7f: on NUMA node 0
[    1.732445] ACPI: PCI Root Bridge [PC06] (domain 0000 [bus 80])
[    1.732447] acpi PNP0A08:06: _OSC: OS supports [ExtendedConfig ASPM ClockPM Segments MSI HPX-Type3]
[    1.732540] acpi PNP0A08:06: PCIe AER handled by firmware
[    1.732644] acpi PNP0A08:06: _OSC: platform does not support [SHPCHotplug]
[    1.732842] acpi PNP0A08:06: _OSC: OS now controls [PCIeHotplug PME PCIeCapability LTR]
[    1.732843] acpi PNP0A08:06: FADT indicates ASPM is unsupported, using BIOS configuration
[    1.732985] PCI host bridge to bus 0000:80
[    1.732986] pci_bus 0000:80: root bus resource [io  0xb000-0xbfff window]
[    1.732986] pci_bus 0000:80: root bus resource [mem 0xc6800000-0xd0ffffff window]
[    1.732987] pci_bus 0000:80: root bus resource [mem 0x250000000000-0x25ffffffffff window]
[    1.732988] pci_bus 0000:80: root bus resource [bus 80]
[    1.732995] pci 0000:80:00.0: [8086:09a2] type 00 class 0x088000
[    1.733075] pci 0000:80:00.1: [8086:09a4] type 00 class 0x088000
[    1.733154] pci 0000:80:00.2: [8086:09a3] type 00 class 0x088000
[    1.733231] pci 0000:80:00.4: [8086:0998] type 00 class 0x060000
[    1.733308] pci 0000:80:02.0: [8086:09a6] type 00 class 0x088000
[    1.733318] pci 0000:80:02.0: reg 0x10: [mem 0xc6aa4000-0xc6aa5fff]
[    1.733382] pci 0000:80:02.1: [8086:09a7] type 00 class 0x088000
[    1.733392] pci 0000:80:02.1: reg 0x10: [mem 0xc6a00000-0xc6a7ffff]
[    1.733397] pci 0000:80:02.1: reg 0x14: [mem 0xc6980000-0xc69fffff]
[    1.733464] pci 0000:80:02.4: [8086:3456] type 00 class 0x130000
[    1.733476] pci 0000:80:02.4: reg 0x10: [mem 0xc6800000-0xc68fffff 64bit]
[    1.733483] pci 0000:80:02.4: reg 0x18: [mem 0xc6aa0000-0xc6aa3fff 64bit]
[    1.733490] pci 0000:80:02.4: reg 0x20: [mem 0xc6a80000-0xc6a9ffff 64bit]
[    1.733550] pci_bus 0000:80: on NUMA node 1
[    1.733617] ACPI: PCI Root Bridge [PC07] (domain 0000 [bus 81])
[    1.733619] acpi PNP0A08:07: _OSC: OS supports [ExtendedConfig ASPM ClockPM Segments MSI HPX-Type3]
[    1.733708] acpi PNP0A08:07: PCIe AER handled by firmware
[    1.733811] acpi PNP0A08:07: _OSC: platform does not support [SHPCHotplug]
[    1.734010] acpi PNP0A08:07: _OSC: OS now controls [PCIeHotplug PME PCIeCapability LTR]
[    1.734010] acpi PNP0A08:07: FADT indicates ASPM is unsupported, using BIOS configuration
[    1.734128] PCI host bridge to bus 0000:81
[    1.734129] pci_bus 0000:81: root bus resource [io  0xc000-0xcfff window]
[    1.734130] pci_bus 0000:81: root bus resource [mem 0xd1000000-0xdbbfffff window]
[    1.734131] pci_bus 0000:81: root bus resource [mem 0x260000000000-0x26ffffffffff window]
[    1.734131] pci_bus 0000:81: root bus resource [bus 81]
[    1.734138] pci 0000:81:00.0: [8086:09a2] type 00 class 0x088000
[    1.734206] pci 0000:81:00.1: [8086:09a4] type 00 class 0x088000
[    1.734272] pci 0000:81:00.2: [8086:09a3] type 00 class 0x088000
[    1.734340] pci 0000:81:00.4: [8086:0998] type 00 class 0x060000
[    1.734420] pci_bus 0000:81: on NUMA node 1
[    1.734479] ACPI: PCI Root Bridge [PC08] (domain 0000 [bus 82])
[    1.734480] acpi PNP0A08:08: _OSC: OS supports [ExtendedConfig ASPM ClockPM Segments MSI HPX-Type3]
[    1.734569] acpi PNP0A08:08: PCIe AER handled by firmware
[    1.734672] acpi PNP0A08:08: _OSC: platform does not support [SHPCHotplug]
[    1.734871] acpi PNP0A08:08: _OSC: OS now controls [PCIeHotplug PME PCIeCapability LTR]
[    1.734871] acpi PNP0A08:08: FADT indicates ASPM is unsupported, using BIOS configuration
[    1.734979] PCI host bridge to bus 0000:82
[    1.734980] pci_bus 0000:82: root bus resource [io  0xd000-0xdfff window]
[    1.734981] pci_bus 0000:82: root bus resource [mem 0xdbc00000-0xe67fffff window]
[    1.734982] pci_bus 0000:82: root bus resource [mem 0x270000000000-0x27ffffffffff window]
[    1.734983] pci_bus 0000:82: root bus resource [bus 82]
[    1.734990] pci 0000:82:00.0: [8086:09a2] type 00 class 0x088000
[    1.735058] pci 0000:82:00.1: [8086:09a4] type 00 class 0x088000
[    1.735126] pci 0000:82:00.2: [8086:09a3] type 00 class 0x088000
[    1.735197] pci 0000:82:00.4: [8086:0998] type 00 class 0x060000
[    1.735277] pci_bus 0000:82: on NUMA node 1
[    1.735362] ACPI: PCI Root Bridge [PC10] (domain 0000 [bus 83-f9])
[    1.735364] acpi PNP0A08:0a: _OSC: OS supports [ExtendedConfig ASPM ClockPM Segments MSI HPX-Type3]
[    1.735454] acpi PNP0A08:0a: PCIe AER handled by firmware
[    1.735557] acpi PNP0A08:0a: _OSC: platform does not support [SHPCHotplug]
[    1.735756] acpi PNP0A08:0a: _OSC: OS now controls [PCIeHotplug PME PCIeCapability LTR]
[    1.735756] acpi PNP0A08:0a: FADT indicates ASPM is unsupported, using BIOS configuration
[    1.735879] PCI host bridge to bus 0000:83
[    1.735880] pci_bus 0000:83: root bus resource [io  0xe000-0xefff window]
[    1.735880] pci_bus 0000:83: root bus resource [mem 0xe6800000-0xf13fffff window]
[    1.735881] pci_bus 0000:83: root bus resource [mem 0x280000000000-0x28ffffffffff window]
[    1.735882] pci_bus 0000:83: root bus resource [bus 83-f9]
[    1.735889] pci 0000:83:00.0: [8086:09a2] type 00 class 0x088000
[    1.735958] pci 0000:83:00.1: [8086:09a4] type 00 class 0x088000
[    1.736027] pci 0000:83:00.2: [8086:09a3] type 00 class 0x088000
[    1.736096] pci 0000:83:00.4: [8086:0998] type 00 class 0x060000
[    1.736175] pci_bus 0000:83: on NUMA node 1
[    1.736234] ACPI: PCI Root Bridge [PC11] (domain 0000 [bus fa])
[    1.736236] acpi PNP0A08:0b: _OSC: OS supports [ExtendedConfig ASPM ClockPM Segments MSI HPX-Type3]
[    1.736327] acpi PNP0A08:0b: PCIe AER handled by firmware
[    1.736431] acpi PNP0A08:0b: _OSC: platform does not support [SHPCHotplug]
[    1.736629] acpi PNP0A08:0b: _OSC: OS now controls [PCIeHotplug PME PCIeCapability LTR]
[    1.736629] acpi PNP0A08:0b: FADT indicates ASPM is unsupported, using BIOS configuration
[    1.736740] PCI host bridge to bus 0000:fa
[    1.736741] pci_bus 0000:fa: root bus resource [io  0xf000-0xffff window]
[    1.736742] pci_bus 0000:fa: root bus resource [mem 0xf1400000-0xfb7fffff window]
[    1.736742] pci_bus 0000:fa: root bus resource [mem 0x290000000000-0x29ffffffffff window]
[    1.736743] pci_bus 0000:fa: root bus resource [bus fa]
[    1.736750] pci 0000:fa:00.0: [8086:09a2] type 00 class 0x088000
[    1.736818] pci 0000:fa:00.1: [8086:09a4] type 00 class 0x088000
[    1.736886] pci 0000:fa:00.2: [8086:09a3] type 00 class 0x088000
[    1.736961] pci 0000:fa:00.4: [8086:0998] type 00 class 0x060000
[    1.737041] pci_bus 0000:fa: on NUMA node 1
[    1.737096] ACPI: PCI Root Bridge [UC16] (domain 0000 [bus fe])
[    1.737098] acpi PNP0A03:02: _OSC: OS supports [ExtendedConfig ASPM ClockPM Segments MSI HPX-Type3]
[    1.737173] acpi PNP0A03:02: PCIe AER handled by firmware
[    1.737262] acpi PNP0A03:02: _OSC: platform does not support [SHPCHotplug LTR]
[    1.737430] acpi PNP0A03:02: _OSC: OS now controls [PCIeHotplug PME PCIeCapability]
[    1.737431] acpi PNP0A03:02: FADT indicates ASPM is unsupported, using BIOS configuration
[    1.737560] PCI host bridge to bus 0000:fe
[    1.737561] pci_bus 0000:fe: root bus resource [bus fe]
[    1.737567] pci 0000:fe:00.0: [8086:3450] type 00 class 0x088000
[    1.737638] pci 0000:fe:00.1: [8086:3451] type 00 class 0x088000
[    1.737703] pci 0000:fe:00.2: [8086:3452] type 00 class 0x088000
[    1.737771] pci 0000:fe:00.3: [8086:0998] type 00 class 0x060000
[    1.737839] pci 0000:fe:00.5: [8086:3455] type 00 class 0x088000
[    1.737911] pci 0000:fe:02.0: [8086:3440] type 00 class 0x088000
[    1.738036] pci 0000:fe:02.1: [8086:3441] type 00 class 0x088000
[    1.738159] pci 0000:fe:02.2: [8086:3442] type 00 class 0x088000
[    1.738276] pci 0000:fe:03.0: [8086:3440] type 00 class 0x088000
[    1.738369] pci 0000:fe:03.1: [8086:3441] type 00 class 0x088000
[    1.738455] pci 0000:fe:03.2: [8086:3442] type 00 class 0x088000
[    1.738547] pci 0000:fe:04.0: [8086:3440] type 00 class 0x088000
[    1.738677] pci 0000:fe:04.1: [8086:3441] type 00 class 0x088000
[    1.738804] pci 0000:fe:04.2: [8086:3442] type 00 class 0x088000
[    1.738928] pci 0000:fe:04.3: [8086:3443] type 00 class 0x088000
[    1.739062] pci 0000:fe:05.0: [8086:3445] type 00 class 0x088000
[    1.739186] pci 0000:fe:05.1: [8086:3446] type 00 class 0x088000
[    1.739307] pci 0000:fe:05.2: [8086:3447] type 00 class 0x088000
[    1.739428] pci 0000:fe:06.0: [8086:3445] type 00 class 0x088000
[    1.739521] pci 0000:fe:06.1: [8086:3446] type 00 class 0x088000
[    1.739611] pci 0000:fe:06.2: [8086:3447] type 00 class 0x088000
[    1.739706] pci 0000:fe:07.0: [8086:3445] type 00 class 0x088000
[    1.739839] pci 0000:fe:07.1: [8086:3446] type 00 class 0x088000
[    1.739972] pci 0000:fe:07.2: [8086:3447] type 00 class 0x088000
[    1.740099] pci 0000:fe:0b.0: [8086:3448] type 00 class 0x088000
[    1.740177] pci 0000:fe:0b.1: [8086:3448] type 00 class 0x088000
[    1.740251] pci 0000:fe:0b.2: [8086:344b] type 00 class 0x088000
[    1.740332] pci 0000:fe:0c.0: [8086:344a] type 00 class 0x110100
[    1.740434] pci 0000:fe:0d.0: [8086:344a] type 00 class 0x110100
[    1.740530] pci 0000:fe:0e.0: [8086:344a] type 00 class 0x110100
[    1.740684] pci 0000:fe:0f.0: [8086:344a] type 00 class 0x110100
[    1.740855] pci 0000:fe:1a.0: [8086:2880] type 00 class 0x110100
[    1.740954] pci 0000:fe:1b.0: [8086:2880] type 00 class 0x110100
[    1.741049] pci 0000:fe:1c.0: [8086:2880] type 00 class 0x110100
[    1.741208] pci 0000:fe:1d.0: [8086:2880] type 00 class 0x110100
[    1.741369] pci_bus 0000:fe: on NUMA node 1
[    1.741440] ACPI: PCI Root Bridge [UC17] (domain 0000 [bus ff])
[    1.741442] acpi PNP0A03:03: _OSC: OS supports [ExtendedConfig ASPM ClockPM Segments MSI HPX-Type3]
[    1.741518] acpi PNP0A03:03: PCIe AER handled by firmware
[    1.741611] acpi PNP0A03:03: _OSC: platform does not support [SHPCHotplug LTR]
[    1.741782] acpi PNP0A03:03: _OSC: OS now controls [PCIeHotplug PME PCIeCapability]
[    1.741783] acpi PNP0A03:03: FADT indicates ASPM is unsupported, using BIOS configuration
[    1.741925] PCI host bridge to bus 0000:ff
[    1.741925] pci_bus 0000:ff: root bus resource [bus ff]
[    1.741935] pci 0000:ff:00.0: [8086:344c] type 00 class 0x088000
[    1.742051] pci 0000:ff:00.1: [8086:344c] type 00 class 0x088000
[    1.742171] pci 0000:ff:00.2: [8086:344c] type 00 class 0x088000
[    1.742277] pci 0000:ff:00.3: [8086:344c] type 00 class 0x088000
[    1.742409] pci 0000:ff:00.4: [8086:344c] type 00 class 0x088000
[    1.742533] pci 0000:ff:00.5: [8086:344c] type 00 class 0x088000
[    1.742636] pci 0000:ff:00.6: [8086:344c] type 00 class 0x088000
[    1.742769] pci 0000:ff:00.7: [8086:344c] type 00 class 0x088000
[    1.742902] pci 0000:ff:01.0: [8086:344c] type 00 class 0x088000
[    1.743042] pci 0000:ff:01.1: [8086:344c] type 00 class 0x088000
[    1.743177] pci 0000:ff:01.2: [8086:344c] type 00 class 0x088000
[    1.743267] pci 0000:ff:01.3: [8086:344c] type 00 class 0x088000
[    1.743415] pci 0000:ff:01.4: [8086:344c] type 00 class 0x088000
[    1.743559] pci 0000:ff:01.5: [8086:344c] type 00 class 0x088000
[    1.743708] pci 0000:ff:01.6: [8086:344c] type 00 class 0x088000
[    1.743842] pci 0000:ff:01.7: [8086:344c] type 00 class 0x088000
[    1.743982] pci 0000:ff:02.0: [8086:344c] type 00 class 0x088000
[    1.744124] pci 0000:ff:02.1: [8086:344c] type 00 class 0x088000
[    1.744263] pci 0000:ff:02.2: [8086:344c] type 00 class 0x088000
[    1.744409] pci 0000:ff:02.3: [8086:344c] type 00 class 0x088000
[    1.744555] pci 0000:ff:02.4: [8086:344c] type 00 class 0x088000
[    1.744699] pci 0000:ff:02.5: [8086:344c] type 00 class 0x088000
[    1.744850] pci 0000:ff:02.6: [8086:344c] type 00 class 0x088000
[    1.744998] pci 0000:ff:02.7: [8086:344c] type 00 class 0x088000
[    1.745156] pci 0000:ff:03.0: [8086:344c] type 00 class 0x088000
[    1.745320] pci 0000:ff:03.1: [8086:344c] type 00 class 0x088000
[    1.745477] pci 0000:ff:03.2: [8086:344c] type 00 class 0x088000
[    1.745639] pci 0000:ff:03.3: [8086:344c] type 00 class 0x088000
[    1.745826] pci 0000:ff:0a.0: [8086:344d] type 00 class 0x088000
[    1.745940] pci 0000:ff:0a.1: [8086:344d] type 00 class 0x088000
[    1.746060] pci 0000:ff:0a.2: [8086:344d] type 00 class 0x088000
[    1.746167] pci 0000:ff:0a.3: [8086:344d] type 00 class 0x088000
[    1.746295] pci 0000:ff:0a.4: [8086:344d] type 00 class 0x088000
[    1.746419] pci 0000:ff:0a.5: [8086:344d] type 00 class 0x088000
[    1.746522] pci 0000:ff:0a.6: [8086:344d] type 00 class 0x088000
[    1.746655] pci 0000:ff:0a.7: [8086:344d] type 00 class 0x088000
[    1.746792] pci 0000:ff:0b.0: [8086:344d] type 00 class 0x088000
[    1.746935] pci 0000:ff:0b.1: [8086:344d] type 00 class 0x088000
[    1.747069] pci 0000:ff:0b.2: [8086:344d] type 00 class 0x088000
[    1.747159] pci 0000:ff:0b.3: [8086:344d] type 00 class 0x088000
[    1.747303] pci 0000:ff:0b.4: [8086:344d] type 00 class 0x088000
[    1.747447] pci 0000:ff:0b.5: [8086:344d] type 00 class 0x088000
[    1.747593] pci 0000:ff:0b.6: [8086:344d] type 00 class 0x088000
[    1.747727] pci 0000:ff:0b.7: [8086:344d] type 00 class 0x088000
[    1.747875] pci 0000:ff:0c.0: [8086:344d] type 00 class 0x088000
[    1.748017] pci 0000:ff:0c.1: [8086:344d] type 00 class 0x088000
[    1.748158] pci 0000:ff:0c.2: [8086:344d] type 00 class 0x088000
[    1.748304] pci 0000:ff:0c.3: [8086:344d] type 00 class 0x088000
[    1.748446] pci 0000:ff:0c.4: [8086:344d] type 00 class 0x088000
[    1.748591] pci 0000:ff:0c.5: [8086:344d] type 00 class 0x088000
[    1.748741] pci 0000:ff:0c.6: [8086:344d] type 00 class 0x088000
[    1.748889] pci 0000:ff:0c.7: [8086:344d] type 00 class 0x088000
[    1.749052] pci 0000:ff:0d.0: [8086:344d] type 00 class 0x088000
[    1.749213] pci 0000:ff:0d.1: [8086:344d] type 00 class 0x088000
[    1.749366] pci 0000:ff:0d.2: [8086:344d] type 00 class 0x088000
[    1.749531] pci 0000:ff:0d.3: [8086:344d] type 00 class 0x088000
[    1.749713] pci 0000:ff:1d.0: [8086:344f] type 00 class 0x088000
[    1.749835] pci 0000:ff:1d.1: [8086:3457] type 00 class 0x088000
[    1.749955] pci 0000:ff:1e.0: [8086:3458] type 00 class 0x088000
[    1.750036] pci 0000:ff:1e.1: [8086:3459] type 00 class 0x088000
[    1.750117] pci 0000:ff:1e.2: [8086:345a] type 00 class 0x088000
[    1.750195] pci 0000:ff:1e.3: [8086:345b] type 00 class 0x088000
[    1.750271] pci 0000:ff:1e.4: [8086:345c] type 00 class 0x088000
[    1.750348] pci 0000:ff:1e.5: [8086:345d] type 00 class 0x088000
[    1.750425] pci 0000:ff:1e.6: [8086:345e] type 00 class 0x088000
[    1.750500] pci 0000:ff:1e.7: [8086:345f] type 00 class 0x088000
[    1.750576] pci_bus 0000:ff: on NUMA node 1
[    1.751635] HMAT: Memory (0x0 length 0x80000000) Flags:0003 Processor Domain:0 Memory Domain:0
[    1.751635] HMAT: Memory (0x100000000 length 0xf80000000) Flags:0003 Processor Domain:0 Memory Domain:0
[    1.751636] HMAT: Memory (0x2080000000 length 0x7e00000000) Flags:0003 Processor Domain:0 Memory Domain:2
[    1.751637] HMAT: Memory (0x1080000000 length 0x1000000000) Flags:0003 Processor Domain:1 Memory Domain:1
[    1.751637] HMAT: Memory (0x9e80000000 length 0x7e00000000) Flags:0003 Processor Domain:1 Memory Domain:3
[    1.751639] HMAT: Locality: Flags:00 Type:Read Latency Initiator Domains:2 Target Domains:4 Base:100
[    1.751640]   Initiator-Target[0-0]:7600 nsec
[    1.751640]   Initiator-Target[0-1]:13560 nsec
[    1.751641]   Initiator-Target[0-2]:25350 nsec
[    1.751642]   Initiator-Target[0-3]:31600 nsec
[    1.751642]   Initiator-Target[1-0]:13560 nsec
[    1.751643]   Initiator-Target[1-1]:7600 nsec
[    1.751643]   Initiator-Target[1-2]:31600 nsec
[    1.751644]   Initiator-Target[1-3]:25350 nsec
[    1.751645] HMAT: Locality: Flags:00 Type:Write Latency Initiator Domains:2 Target Domains:4 Base:100
[    1.751646]   Initiator-Target[0-0]:7600 nsec
[    1.751646]   Initiator-Target[0-1]:13560 nsec
[    1.751647]   Initiator-Target[0-2]:25350 nsec
[    1.751647]   Initiator-Target[0-3]:31600 nsec
[    1.751648]   Initiator-Target[1-0]:13560 nsec
[    1.751648]   Initiator-Target[1-1]:7600 nsec
[    1.751649]   Initiator-Target[1-2]:31600 nsec
[    1.751649]   Initiator-Target[1-3]:25350 nsec
[    1.751650] HMAT: Locality: Flags:00 Type:Read Bandwidth Initiator Domains:2 Target Domains:4 Base:1
[    1.751650]   Initiator-Target[0-0]:1790 MB/s
[    1.751651]   Initiator-Target[0-1]:1790 MB/s
[    1.751651]   Initiator-Target[0-2]:463 MB/s
[    1.751652]   Initiator-Target[0-3]:463 MB/s
[    1.751652]   Initiator-Target[1-0]:1790 MB/s
[    1.751653]   Initiator-Target[1-1]:1790 MB/s
[    1.751653]   Initiator-Target[1-2]:463 MB/s
[    1.751654]   Initiator-Target[1-3]:463 MB/s
[    1.751654] HMAT: Locality: Flags:00 Type:Write Bandwidth Initiator Domains:2 Target Domains:4 Base:1
[    1.751655]   Initiator-Target[0-0]:1910 MB/s
[    1.751655]   Initiator-Target[0-1]:1910 MB/s
[    1.751656]   Initiator-Target[0-2]:138 MB/s
[    1.751656]   Initiator-Target[0-3]:138 MB/s
[    1.751657]   Initiator-Target[1-0]:1910 MB/s
[    1.751657]   Initiator-Target[1-1]:1910 MB/s
[    1.751658]   Initiator-Target[1-2]:138 MB/s
[    1.751658]   Initiator-Target[1-3]:138 MB/s
[    1.751689] WARNING: CPU: 62 PID: 1 at drivers/base/node.c:191 node_set_perf_attrs+0x90/0xb0
[    1.751690] Modules linked in:
[    1.751693] CPU: 62 PID: 1 Comm: swapper/0 Not tainted 5.3.1-multiclock #1
[    1.751693] Hardware name: Dell Inc. PowerEdge R750/0K8F35, BIOS 1.10.2 03/03/2023
[    1.751696] RIP: 0010:node_set_perf_attrs+0x90/0xb0
[    1.751697] Code: f4 02 00 00 4c 89 ea 4c 89 e7 e8 bb bf c7 ff 85 c0 75 24 48 83 c3 08 48 8b 33 48 85 f6 75 e5 5b 41 5a 41 5c 41 5d 41 5e 5d c3 <0f> 0b 5b 41 5a 41 5c 41 5d 41 5e 5d c3 44 89 f6 48 c7 c7 70 5b 7a
[    1.751698] RSP: 0000:ffffb81ec007bd80 EFLAGS: 00010246
[    1.751699] RAX: 0000000000000002 RBX: 0000000000000003 RCX: 0000000000000000
[    1.751699] RDX: 0000000000000000 RSI: ffff8b89a3811d18 RDI: 0000000000000002
[    1.751700] RBP: ffffb81ec007bda8 R08: ffff8b89a34bade8 R09: 0000000000000000
[    1.751700] R10: ffff8b9a1b611268 R11: ffff8b89aa074430 R12: ffff8b89a3811d00
[    1.751701] R13: ffffffffa8edb310 R14: 0000000000000005 R15: ffffffffa8c95806
[    1.751702] FS:  0000000000000000(0000) GS:ffff8b89aabc0000(0000) knlGS:0000000000000000
[    1.751703] CS:  0010 DS: 0000 ES: 0000 CR0: 0000000080050033
[    1.751703] CR2: 0000000000000000 CR3: 000000204080a001 CR4: 0000000000760ee0
[    1.751704] DR0: 0000000000000000 DR1: 0000000000000000 DR2: 0000000000000000
[    1.751705] DR3: 0000000000000000 DR6: 00000000fffe0ff0 DR7: 0000000000000400
[    1.751705] PKRU: 55555554
[    1.751705] Call Trace:
[    1.751711]  hmat_init+0x32a/0x43c
[    1.751713]  ? hmat_parse_subtable+0x503/0x503
[    1.751715]  ? set_debug_rodata+0x17/0x17
[    1.751717]  do_one_initcall+0x4a/0x1fa
[    1.751719]  kernel_init_freeable+0x1c6/0x26d
[    1.751722]  ? rest_init+0xb0/0xb0
[    1.751724]  kernel_init+0xe/0x110
[    1.751726]  ret_from_fork+0x1f/0x40
[    1.751728] ---[ end trace 891b5d76d9127e05 ]---
[    1.755605] pci 0000:03:00.0: vgaarb: setting as boot VGA device
[    1.755605] pci 0000:03:00.0: vgaarb: VGA device added: decodes=io+mem,owns=io+mem,locks=none
[    1.755659] pci 0000:03:00.0: vgaarb: bridge control possible
[    1.755660] vgaarb: loaded
[    1.755858] SCSI subsystem initialized
[    1.756004] libata version 3.00 loaded.
[    1.756004] ACPI: bus type USB registered
[    1.756004] usbcore: registered new interface driver usbfs
[    1.756004] usbcore: registered new interface driver hub
[    1.756004] usbcore: registered new device driver usb
[    1.756004] pps_core: LinuxPPS API ver. 1 registered
[    1.756004] pps_core: Software ver. 5.3.6 - Copyright 2005-2007 Rodolfo Giometti <giometti@linux.it>
[    1.756004] PTP clock support registered
[    1.756101] EDAC MC: Ver: 3.0.0
[    1.756322] Registered efivars operations
[    1.756322] PCI: Using ACPI for IRQ routing
[    1.757919] PCI: pci_cache_line_size set to 64 bytes
[    1.758473] e820: reserve RAM buffer [mem 0x0008f000-0x0008ffff]
[    1.758474] e820: reserve RAM buffer [mem 0x47bcd020-0x47ffffff]
[    1.758475] e820: reserve RAM buffer [mem 0x47bff020-0x47ffffff]
[    1.758476] e820: reserve RAM buffer [mem 0x47c32020-0x47ffffff]
[    1.758477] e820: reserve RAM buffer [mem 0x47c65020-0x47ffffff]
[    1.758477] e820: reserve RAM buffer [mem 0x49e77000-0x4bffffff]
[    1.758479] e820: reserve RAM buffer [mem 0x4b2cf000-0x4bffffff]
[    1.758479] e820: reserve RAM buffer [mem 0x4bd94000-0x4bffffff]
[    1.758480] e820: reserve RAM buffer [mem 0x4ce00000-0x4fffffff]
[    1.758481] e820: reserve RAM buffer [mem 0x5eefe000-0x5fffffff]
[    1.758481] e820: reserve RAM buffer [mem 0x6f800000-0x6fffffff]
[    1.758775] NetLabel: Initializing
[    1.758776] NetLabel:  domain hash size = 128
[    1.758776] NetLabel:  protocols = UNLABELED CIPSOv4 CALIPSO
[    1.758794] NetLabel:  unlabeled traffic allowed by default
[    1.760188] hpet0: at MMIO 0xfed00000, IRQs 2, 8, 0, 0, 0, 0, 0, 0
[    1.760192] hpet0: 8 comparators, 64-bit 24.000000 MHz counter
[    1.763594] clocksource: Switched to clocksource tsc-early
[    1.774700] VFS: Disk quotas dquot_6.6.0
[    1.774740] VFS: Dquot-cache hash table entries: 512 (order 0, 4096 bytes)
[    1.775028] *** VALIDATE hugetlbfs ***
[    1.775177] AppArmor: AppArmor Filesystem Enabled
[    1.775195] pnp: PnP ACPI init
[    1.790663] pnp 00:00: Plug and Play ACPI device, IDs PNP0b00 (active)
[    1.790818] system 00:01: [io  0x0500-0x05fe] has been reserved
[    1.790819] system 00:01: [io  0x0400-0x041f] has been reserved
[    1.790820] system 00:01: [io  0x0600-0x061f] has been reserved
[    1.790821] system 00:01: [io  0x0ca0-0x0ca1] has been reserved
[    1.790822] system 00:01: [io  0x0ca4-0x0ca6] has been reserved
[    1.790824] system 00:01: [mem 0xff000000-0xffffffff] has been reserved
[    1.790827] system 00:01: Plug and Play ACPI device, IDs PNP0c02 (active)
[    1.791071] pnp 00:02: Plug and Play ACPI device, IDs PNP0501 (active)
[    1.791276] pnp 00:03: Plug and Play ACPI device, IDs PNP0501 (active)
[    1.791433] system 00:04: [mem 0xfd000000-0xfdabffff] has been reserved
[    1.791434] system 00:04: [mem 0xfdad0000-0xfdadffff] has been reserved
[    1.791435] system 00:04: [mem 0xfdb00000-0xfdffffff] has been reserved
[    1.791437] system 00:04: [mem 0xfe000000-0xfe00ffff] has been reserved
[    1.791438] system 00:04: [mem 0xfe011000-0xfe01ffff] has been reserved
[    1.791439] system 00:04: [mem 0xfe036000-0xfe03bfff] has been reserved
[    1.791440] system 00:04: [mem 0xfe03d000-0xfe3fffff] has been reserved
[    1.791441] system 00:04: [mem 0xfe410000-0xfe7fffff] has been reserved
[    1.791443] system 00:04: Plug and Play ACPI device, IDs PNP0c02 (active)
[    1.791771] system 00:05: [io  0x1000-0x10fe] has been reserved
[    1.791773] system 00:05: Plug and Play ACPI device, IDs PNP0c02 (active)
[    1.792769] pnp: PnP ACPI: found 6 devices
[    1.793866] thermal_sys: Registered thermal governor 'fair_share'
[    1.793867] thermal_sys: Registered thermal governor 'bang_bang'
[    1.793868] thermal_sys: Registered thermal governor 'step_wise'
[    1.793868] thermal_sys: Registered thermal governor 'user_space'
[    1.793869] thermal_sys: Registered thermal governor 'power_allocator'
[    1.798362] clocksource: acpi_pm: mask: 0xffffff max_cycles: 0xffffff, max_idle_ns: 2085701024 ns
[    1.798385] pci 0000:04:00.0: can't claim BAR 6 [mem 0xfffc0000-0xffffffff pref]: no compatible bridge window
[    1.798386] pci 0000:04:00.1: can't claim BAR 6 [mem 0xfffc0000-0xffffffff pref]: no compatible bridge window
[    1.798388] pci 0000:17:00.0: can't claim BAR 6 [mem 0xfff00000-0xffffffff pref]: no compatible bridge window
[    1.798402] pci 0000:00:1c.5: BAR 14: assigned [mem 0x90000000-0x900fffff]
[    1.798405] pci 0000:00:1c.0: PCI bridge to [bus 01]
[    1.798414] pci 0000:02:00.0: PCI bridge to [bus 03]
[    1.798418] pci 0000:02:00.0:   bridge window [mem 0x92000000-0x928fffff]
[    1.798421] pci 0000:02:00.0:   bridge window [mem 0x91000000-0x91ffffff 64bit pref]
[    1.798427] pci 0000:00:1c.4: PCI bridge to [bus 02-03]
[    1.798430] pci 0000:00:1c.4:   bridge window [mem 0x92000000-0x928fffff]
[    1.798433] pci 0000:00:1c.4:   bridge window [mem 0x91000000-0x91ffffff 64bit pref]
[    1.798437] pci 0000:04:00.0: BAR 6: assigned [mem 0x90000000-0x9003ffff pref]
[    1.798438] pci 0000:04:00.1: BAR 6: assigned [mem 0x90040000-0x9007ffff pref]
[    1.798439] pci 0000:00:1c.5: PCI bridge to [bus 04]
[    1.798442] pci 0000:00:1c.5:   bridge window [mem 0x90000000-0x900fffff]
[    1.798444] pci 0000:00:1c.5:   bridge window [mem 0x92900000-0x929fffff 64bit pref]
[    1.798449] pci_bus 0000:00: resource 4 [io  0x0000-0x0cf7 window]
[    1.798450] pci_bus 0000:00: resource 5 [io  0x1000-0x4fff window]
[    1.798450] pci_bus 0000:00: resource 6 [mem 0x000a0000-0x000bffff window]
[    1.798451] pci_bus 0000:00: resource 7 [mem 0x000c8000-0x000cffff window]
