2024年 06月 30日 星期日 16:16:36 CST
pgmigrate_success 958925
pgmigrate_fail 98
pgmigrate_dst_node_full_fail 5239766
pgmigrate_numa_isolate_fail 489
pgmigrate_nomem_fail 2
pgmigrate_refcount_fail 923
thp_fault_alloc 4628
thp_fault_fallback 0
thp_collapse_alloc 17
thp_collapse_alloc_failed 3
thp_file_alloc 0
thp_file_mapped 0
thp_split_page 0
thp_split_page_failed 0
thp_deferred_split_page 4628
thp_split_pmd 264
thp_split_pud 0
thp_zero_page_alloc 0
thp_zero_page_alloc_failed 0
thp_swpout 0
thp_swpout_fallback 0
MemTotal:       1123314988 kB
MemFree:        1092790640 kB
MemAvailable:   1090435420 kB
Buffers:            9020 kB
Cached:           308736 kB
SwapCached:        59840 kB
Active:           331040 kB
Inactive:         397288 kB
Active(anon):     300476 kB
Inactive(anon):   115732 kB
Active(file):      30564 kB
Inactive(file):   281556 kB
Unevictable:           0 kB
Mlocked:               0 kB
SwapTotal:       2097148 kB
SwapFree:        1736700 kB
Dirty:               700 kB
Writeback:             0 kB
AnonPages:        391328 kB
Mapped:           305176 kB
Shmem:              5412 kB
KReclaimable:     256036 kB
Slab:             709576 kB
SReclaimable:     256036 kB
SUnreclaim:       453540 kB
KernelStack:       34080 kB
PageTables:        28912 kB
NFS_Unstable:          0 kB
Bounce:                0 kB
WritebackTmp:          0 kB
CommitLimit:    563754640 kB
Committed_AS:    6711736 kB
VmallocTotal:   34359738367 kB
VmallocUsed:      161724 kB
VmallocChunk:          0 kB
Percpu:           122752 kB
HardwareCorrupted:     0 kB
AnonHugePages:      6144 kB
ShmemHugePages:        0 kB
ShmemPmdMapped:        0 kB
CmaTotal:              0 kB
CmaFree:               0 kB
HugePages_Total:       0
HugePages_Free:        0
HugePages_Rsvd:        0
HugePages_Surp:        0
Hugepagesize:       2048 kB
Hugetlb:               0 kB
DirectMap4k:     1140196 kB
DirectMap2M:     6684672 kB
DirectMap1G:    1181745152 kB
2024年 06月 30日 星期日 16:22:20 CST
pgmigrate_success 966353
pgmigrate_fail 111
pgmigrate_dst_node_full_fail 5239766
pgmigrate_numa_isolate_fail 489
pgmigrate_nomem_fail 3
pgmigrate_refcount_fail 923
thp_fault_alloc 8959
thp_fault_fallback 0
thp_collapse_alloc 60
thp_collapse_alloc_failed 3
thp_file_alloc 0
thp_file_mapped 0
thp_split_page 0
thp_split_page_failed 0
thp_deferred_split_page 8959
thp_split_pmd 527
thp_split_pud 0
thp_zero_page_alloc 0
thp_zero_page_alloc_failed 0
thp_swpout 0
thp_swpout_fallback 0
MemTotal:       1123314988 kB
MemFree:        1092632468 kB
MemAvailable:   1090355864 kB
Buffers:           72400 kB
Cached:           359316 kB
SwapCached:        60172 kB
Active:           411288 kB
Inactive:         432616 kB
Active(anon):     307320 kB
Inactive(anon):   110344 kB
Active(file):     103968 kB
Inactive(file):   322272 kB
Unevictable:           0 kB
Mlocked:               0 kB
SwapTotal:       2097148 kB
SwapFree:        1737724 kB
Dirty:                60 kB
Writeback:             0 kB
AnonPages:        392376 kB
Mapped:           305504 kB
Shmem:              5412 kB
KReclaimable:     299148 kB
Slab:             752404 kB
SReclaimable:     299148 kB
SUnreclaim:       453256 kB
KernelStack:       34752 kB
PageTables:        29420 kB
NFS_Unstable:          0 kB
Bounce:                0 kB
WritebackTmp:          0 kB
CommitLimit:    563754640 kB
Committed_AS:    6851144 kB
VmallocTotal:   34359738367 kB
VmallocUsed:      161484 kB
VmallocChunk:          0 kB
Percpu:           122752 kB
HardwareCorrupted:     0 kB
AnonHugePages:     65536 kB
ShmemHugePages:        0 kB
ShmemPmdMapped:        0 kB
CmaTotal:              0 kB
CmaFree:               0 kB
HugePages_Total:       0
HugePages_Free:        0
HugePages_Rsvd:        0
HugePages_Surp:        0
Hugepagesize:       2048 kB
Hugetlb:               0 kB
DirectMap4k:     1140196 kB
DirectMap2M:     6684672 kB
DirectMap1G:    1181745152 kB
