2024年 05月 22日 星期三 11:12:03 CST
pgmigrate_success 482081
pgmigrate_fail 11778081
pgmigrate_dst_node_full_fail 14654625
pgmigrate_numa_isolate_fail 1006
pgmigrate_nomem_fail 5
pgmigrate_refcount_fail 243
thp_fault_alloc 10670
thp_fault_fallback 0
thp_collapse_alloc 42
thp_collapse_alloc_failed 11
thp_file_alloc 0
thp_file_mapped 0
thp_split_page 0
thp_split_page_failed 0
thp_deferred_split_page 11420
thp_split_pmd 373
thp_split_pud 0
thp_zero_page_alloc 0
thp_zero_page_alloc_failed 0
thp_swpout 0
thp_swpout_fallback 0
MemTotal:       1078054284 kB
MemFree:        1046750984 kB
MemAvailable:   1044668348 kB
Buffers:            7436 kB
Cached:           324568 kB
SwapCached:        13132 kB
Active:           445044 kB
Inactive:         492252 kB
Active(anon):     257260 kB
Inactive(anon):   354808 kB
Active(file):     187784 kB
Inactive(file):   137444 kB
Unevictable:           0 kB
Mlocked:               0 kB
SwapTotal:       2097148 kB
SwapFree:        1998588 kB
Dirty:               584 kB
Writeback:             0 kB
AnonPages:        604196 kB
Mapped:           320728 kB
Shmem:              6040 kB
KReclaimable:     257556 kB
Slab:             690308 kB
SReclaimable:     257556 kB
SUnreclaim:       432752 kB
KernelStack:       33556 kB
PageTables:        28844 kB
NFS_Unstable:          0 kB
Bounce:                0 kB
WritebackTmp:          0 kB
CommitLimit:    541124288 kB
Committed_AS:    6400452 kB
VmallocTotal:   34359738367 kB
VmallocUsed:      105060 kB
VmallocChunk:          0 kB
Percpu:           124544 kB
HardwareCorrupted:     0 kB
AnonHugePages:     10240 kB
ShmemHugePages:        0 kB
ShmemPmdMapped:        0 kB
CmaTotal:              0 kB
CmaFree:               0 kB
HugePages_Total:       0
HugePages_Free:        0
HugePages_Rsvd:        0
HugePages_Surp:        0
Hugepagesize:       2048 kB
Hugetlb:               0 kB
DirectMap4k:      937448 kB
DirectMap2M:     7936000 kB
DirectMap1G:    1180696576 kB
2024年 05月 22日 星期三 11:20:41 CST
pgmigrate_success 587240
pgmigrate_fail 15621666
pgmigrate_dst_node_full_fail 18493601
pgmigrate_numa_isolate_fail 1009
pgmigrate_nomem_fail 5
pgmigrate_refcount_fail 755
thp_fault_alloc 15987
thp_fault_fallback 0
thp_collapse_alloc 42
thp_collapse_alloc_failed 24
thp_file_alloc 0
thp_file_mapped 0
thp_split_page 0
thp_split_page_failed 0
thp_deferred_split_page 17106
thp_split_pmd 525
thp_split_pud 0
thp_zero_page_alloc 0
thp_zero_page_alloc_failed 0
thp_swpout 0
thp_swpout_fallback 0
MemTotal:       1078054284 kB
MemFree:        1046611344 kB
MemAvailable:   1044592248 kB
Buffers:           59464 kB
Cached:           368008 kB
SwapCached:        13168 kB
Active:           506368 kB
Inactive:         527300 kB
Active(anon):     257820 kB
Inactive(anon):   354892 kB
Active(file):     248548 kB
Inactive(file):   172408 kB
Unevictable:           0 kB
Mlocked:               0 kB
SwapTotal:       2097148 kB
SwapFree:        1999356 kB
Dirty:                44 kB
Writeback:             0 kB
AnonPages:        605348 kB
Mapped:           321032 kB
Shmem:              6040 kB
KReclaimable:     288912 kB
Slab:             725160 kB
SReclaimable:     288912 kB
SUnreclaim:       436248 kB
KernelStack:       33712 kB
PageTables:        28760 kB
NFS_Unstable:          0 kB
Bounce:                0 kB
WritebackTmp:          0 kB
CommitLimit:    541124288 kB
Committed_AS:    6324460 kB
VmallocTotal:   34359738367 kB
VmallocUsed:      104852 kB
VmallocChunk:          0 kB
Percpu:           124544 kB
HardwareCorrupted:     0 kB
AnonHugePages:    108544 kB
ShmemHugePages:        0 kB
ShmemPmdMapped:        0 kB
CmaTotal:              0 kB
CmaFree:               0 kB
HugePages_Total:       0
HugePages_Free:        0
HugePages_Rsvd:        0
HugePages_Surp:        0
Hugepagesize:       2048 kB
Hugetlb:               0 kB
DirectMap4k:      937448 kB
DirectMap2M:     7936000 kB
DirectMap1G:    1180696576 kB
