2024年 06月 30日 星期日 11:44:57 CST
pgmigrate_success 6189
pgmigrate_fail 0
pgmigrate_dst_node_full_fail 0
pgmigrate_numa_isolate_fail 29
pgmigrate_nomem_fail 0
pgmigrate_refcount_fail 0
thp_fault_alloc 0
thp_fault_fallback 0
thp_collapse_alloc 0
thp_collapse_alloc_failed 0
thp_file_alloc 0
thp_file_mapped 0
thp_split_page 0
thp_split_page_failed 0
thp_deferred_split_page 0
thp_split_pmd 0
thp_split_pud 0
thp_zero_page_alloc 0
thp_zero_page_alloc_failed 0
thp_swpout 0
thp_swpout_fallback 0
MemTotal:       1080254852 kB
MemFree:        1049997956 kB
MemAvailable:   1047936180 kB
Buffers:            7644 kB
Cached:           420700 kB
SwapCached:            0 kB
Active:           633904 kB
Inactive:         380828 kB
Active(anon):     561860 kB
Inactive(anon):    30500 kB
Active(file):      72044 kB
Inactive(file):   350328 kB
Unevictable:           0 kB
Mlocked:               0 kB
SwapTotal:       2097148 kB
SwapFree:        2097148 kB
Dirty:               512 kB
Writeback:             0 kB
AnonPages:        585976 kB
Mapped:           417292 kB
Shmem:              6204 kB
KReclaimable:     224040 kB
Slab:             574472 kB
SReclaimable:     224040 kB
SUnreclaim:       350432 kB
KernelStack:       33504 kB
PageTables:        27724 kB
NFS_Unstable:          0 kB
Bounce:                0 kB
WritebackTmp:          0 kB
CommitLimit:    542224572 kB
Committed_AS:    6648848 kB
VmallocTotal:   34359738367 kB
VmallocUsed:      105004 kB
VmallocChunk:          0 kB
Percpu:           121856 kB
HardwareCorrupted:     0 kB
AnonHugePages:         0 kB
ShmemHugePages:        0 kB
ShmemPmdMapped:        0 kB
CmaTotal:              0 kB
CmaFree:               0 kB
HugePages_Total:       0
HugePages_Free:        0
HugePages_Rsvd:        0
HugePages_Surp:        0
Hugepagesize:       2048 kB
Hugetlb:               0 kB
DirectMap4k:     1064424 kB
DirectMap2M:     8857600 kB
DirectMap1G:    1179648000 kB
2024年 06月 30日 星期日 11:58:13 CST
pgmigrate_success 3757774
pgmigrate_fail 85651482
pgmigrate_dst_node_full_fail 85645312
pgmigrate_numa_isolate_fail 29
pgmigrate_nomem_fail 0
pgmigrate_refcount_fail 7168
thp_fault_alloc 32657
thp_fault_fallback 0
thp_collapse_alloc 26
thp_collapse_alloc_failed 0
thp_file_alloc 0
thp_file_mapped 0
thp_split_page 0
thp_split_page_failed 0
thp_deferred_split_page 47369
thp_split_pmd 3
thp_split_pud 0
thp_zero_page_alloc 0
thp_zero_page_alloc_failed 0
thp_swpout 0
thp_swpout_fallback 0
MemTotal:       1080254852 kB
MemFree:        1049603428 kB
MemAvailable:   1047598680 kB
Buffers:           69836 kB
Cached:           437264 kB
SwapCached:            0 kB
Active:           708120 kB
Inactive:         390700 kB
Active(anon):     569108 kB
Inactive(anon):    29000 kB
Active(file):     139012 kB
Inactive(file):   361700 kB
Unevictable:           0 kB
Mlocked:               0 kB
SwapTotal:       2097148 kB
SwapFree:        2097148 kB
Dirty:                 8 kB
Writeback:             0 kB
AnonPages:        592536 kB
Mapped:           417520 kB
Shmem:              6204 kB
KReclaimable:     259760 kB
Slab:             614732 kB
SReclaimable:     259760 kB
SUnreclaim:       354972 kB
KernelStack:       33792 kB
PageTables:        27584 kB
NFS_Unstable:          0 kB
Bounce:                0 kB
WritebackTmp:          0 kB
CommitLimit:    542224572 kB
Committed_AS:    6622240 kB
VmallocTotal:   34359738367 kB
VmallocUsed:      104940 kB
VmallocChunk:          0 kB
Percpu:           121856 kB
HardwareCorrupted:     0 kB
AnonHugePages:    307200 kB
ShmemHugePages:        0 kB
ShmemPmdMapped:        0 kB
CmaTotal:              0 kB
CmaFree:               0 kB
HugePages_Total:       0
HugePages_Free:        0
HugePages_Rsvd:        0
HugePages_Surp:        0
Hugepagesize:       2048 kB
Hugetlb:               0 kB
DirectMap4k:     1064424 kB
DirectMap2M:     8857600 kB
DirectMap1G:    1179648000 kB
