[    0.000000] Linux version 5.18.0 (xmu@xmu-PowerEdge-R750) (gcc (Ubuntu 8.4.0-1ubuntu1~18.04) 8.4.0, GNU ld (GNU Binutils for Ubuntu) 2.30) #1 SMP PREEMPT_DYNAMIC Sat Apr 6 15:16:25 CST 2024
[    0.000000] Command line: BOOT_IMAGE=/boot/vmlinuz-5.18.0 root=UUID=ce0c24b8-724b-4f33-9b2c-618433560aef ro memmap=30G!34G quiet splash nomodeset vt.handoff=1
[    0.000000] KERNEL supported cpus:
[    0.000000]   Intel GenuineIntel
[    0.000000]   AMD AuthenticAMD
[    0.000000]   Hygon HygonGenuine
[    0.000000]   Centaur CentaurHauls
[    0.000000]   zhaoxin   Shanghai  
[    0.000000] x86/split lock detection: #AC: crashing the kernel on kernel split_locks and warning on user-space split_locks
[    0.000000] x86/fpu: Supporting XSAVE feature 0x001: 'x87 floating point registers'
[    0.000000] x86/fpu: Supporting XSAVE feature 0x002: 'SSE registers'
[    0.000000] x86/fpu: Supporting XSAVE feature 0x004: 'AVX registers'
[    0.000000] x86/fpu: Supporting XSAVE feature 0x020: 'AVX-512 opmask'
[    0.000000] x86/fpu: Supporting XSAVE feature 0x040: 'AVX-512 Hi256'
[    0.000000] x86/fpu: Supporting XSAVE feature 0x080: 'AVX-512 ZMM_Hi256'
[    0.000000] x86/fpu: Supporting XSAVE feature 0x200: 'Protection Keys User registers'
[    0.000000] x86/fpu: xstate_offset[2]:  576, xstate_sizes[2]:  256
[    0.000000] x86/fpu: xstate_offset[5]:  832, xstate_sizes[5]:   64
[    0.000000] x86/fpu: xstate_offset[6]:  896, xstate_sizes[6]:  512
[    0.000000] x86/fpu: xstate_offset[7]: 1408, xstate_sizes[7]: 1024
[    0.000000] x86/fpu: xstate_offset[9]: 2432, xstate_sizes[9]:    8
[    0.000000] x86/fpu: Enabled xstate features 0x2e7, context size is 2440 bytes, using 'compacted' format.
[    0.000000] signal: max sigframe size: 3632
[    0.000000] BIOS-provided physical RAM map:
[    0.000000] BIOS-e820: [mem 0x0000000000000000-0x000000000008efff] usable
[    0.000000] BIOS-e820: [mem 0x000000000008f000-0x000000000008ffff] reserved
[    0.000000] BIOS-e820: [mem 0x0000000000090000-0x000000000009ffff] usable
[    0.000000] BIOS-e820: [mem 0x00000000000a0000-0x00000000000fffff] reserved
[    0.000000] BIOS-e820: [mem 0x0000000000100000-0x0000000049e76fff] usable
[    0.000000] BIOS-e820: [mem 0x0000000049e77000-0x000000004ae76fff] ACPI NVS
[    0.000000] BIOS-e820: [mem 0x000000004ae77000-0x000000004b2cefff] usable
[    0.000000] BIOS-e820: [mem 0x000000004b2cf000-0x000000004b54dfff] ACPI data
[    0.000000] BIOS-e820: [mem 0x000000004b54e000-0x000000004bd93fff] usable
[    0.000000] BIOS-e820: [mem 0x000000004bd94000-0x000000004be99fff] reserved
[    0.000000] BIOS-e820: [mem 0x000000004be9a000-0x000000004cdfffff] usable
[    0.000000] BIOS-e820: [mem 0x000000004ce00000-0x000000004cffffff] reserved
[    0.000000] BIOS-e820: [mem 0x000000004d000000-0x000000005eefdfff] usable
[    0.000000] BIOS-e820: [mem 0x000000005eefe000-0x000000006e3fefff] reserved
[    0.000000] BIOS-e820: [mem 0x000000006e3ff000-0x000000006f3fefff] ACPI NVS
[    0.000000] BIOS-e820: [mem 0x000000006f3ff000-0x000000006f7fefff] ACPI data
[    0.000000] BIOS-e820: [mem 0x000000006f7ff000-0x000000006f7fffff] usable
[    0.000000] BIOS-e820: [mem 0x000000006f800000-0x000000008fffffff] reserved
[    0.000000] BIOS-e820: [mem 0x00000000fe000000-0x00000000fe010fff] reserved
[    0.000000] BIOS-e820: [mem 0x0000000100000000-0x000000207fffffff] usable
[    0.000000] BIOS-e820: [mem 0x0000002080000000-0x0000011c7fffffff] persistent (type 7)
[    0.000000] BIOS-e820: [mem 0x00001ffc00000000-0x00001fffffffffff] reserved
[    0.000000] NX (Execute Disable) protection: active
[    0.000000] e820: update [mem 0x46d5c020-0x46d6405f] usable ==> usable
[    0.000000] e820: update [mem 0x46d5c020-0x46d6405f] usable ==> usable
[    0.000000] e820: update [mem 0x46d29020-0x46d5bc5f] usable ==> usable
[    0.000000] e820: update [mem 0x46d29020-0x46d5bc5f] usable ==> usable
[    0.000000] e820: update [mem 0x46cf6020-0x46d28c5f] usable ==> usable
[    0.000000] e820: update [mem 0x46cf6020-0x46d28c5f] usable ==> usable
[    0.000000] e820: update [mem 0x46cc4020-0x46cf5a5f] usable ==> usable
[    0.000000] e820: update [mem 0x46cc4020-0x46cf5a5f] usable ==> usable
[    0.000000] extended physical RAM map:
[    0.000000] reserve setup_data: [mem 0x0000000000000000-0x000000000008efff] usable
[    0.000000] reserve setup_data: [mem 0x000000000008f000-0x000000000008ffff] reserved
[    0.000000] reserve setup_data: [mem 0x0000000000090000-0x000000000009ffff] usable
[    0.000000] reserve setup_data: [mem 0x00000000000a0000-0x00000000000fffff] reserved
[    0.000000] reserve setup_data: [mem 0x0000000000100000-0x0000000046cc401f] usable
[    0.000000] reserve setup_data: [mem 0x0000000046cc4020-0x0000000046cf5a5f] usable
[    0.000000] reserve setup_data: [mem 0x0000000046cf5a60-0x0000000046cf601f] usable
[    0.000000] reserve setup_data: [mem 0x0000000046cf6020-0x0000000046d28c5f] usable
[    0.000000] reserve setup_data: [mem 0x0000000046d28c60-0x0000000046d2901f] usable
[    0.000000] reserve setup_data: [mem 0x0000000046d29020-0x0000000046d5bc5f] usable
[    0.000000] reserve setup_data: [mem 0x0000000046d5bc60-0x0000000046d5c01f] usable
[    0.000000] reserve setup_data: [mem 0x0000000046d5c020-0x0000000046d6405f] usable
[    0.000000] reserve setup_data: [mem 0x0000000046d64060-0x0000000049e76fff] usable
[    0.000000] reserve setup_data: [mem 0x0000000049e77000-0x000000004ae76fff] ACPI NVS
[    0.000000] reserve setup_data: [mem 0x000000004ae77000-0x000000004b2cefff] usable
[    0.000000] reserve setup_data: [mem 0x000000004b2cf000-0x000000004b54dfff] ACPI data
[    0.000000] reserve setup_data: [mem 0x000000004b54e000-0x000000004bd93fff] usable
[    0.000000] reserve setup_data: [mem 0x000000004bd94000-0x000000004be99fff] reserved
[    0.000000] reserve setup_data: [mem 0x000000004be9a000-0x000000004cdfffff] usable
[    0.000000] reserve setup_data: [mem 0x000000004ce00000-0x000000004cffffff] reserved
[    0.000000] reserve setup_data: [mem 0x000000004d000000-0x000000005eefdfff] usable
[    0.000000] reserve setup_data: [mem 0x000000005eefe000-0x000000006e3fefff] reserved
[    0.000000] reserve setup_data: [mem 0x000000006e3ff000-0x000000006f3fefff] ACPI NVS
[    0.000000] reserve setup_data: [mem 0x000000006f3ff000-0x000000006f7fefff] ACPI data
[    0.000000] reserve setup_data: [mem 0x000000006f7ff000-0x000000006f7fffff] usable
[    0.000000] reserve setup_data: [mem 0x000000006f800000-0x000000008fffffff] reserved
[    0.000000] reserve setup_data: [mem 0x00000000fe000000-0x00000000fe010fff] reserved
[    0.000000] reserve setup_data: [mem 0x0000000100000000-0x000000087fffffff] usable
[    0.000000] reserve setup_data: [mem 0x0000000880000000-0x0000000fffffffff] persistent (type 12)
[    0.000000] reserve setup_data: [mem 0x0000001000000000-0x000000207fffffff] usable
[    0.000000] reserve setup_data: [mem 0x0000002080000000-0x0000011c7fffffff] persistent (type 7)
[    0.000000] reserve setup_data: [mem 0x00001ffc00000000-0x00001fffffffffff] reserved
[    0.000000] user-defined physical RAM map:
[    0.000000] user: [mem 0x0000000000000000-0x000000000008efff] usable
[    0.000000] user: [mem 0x000000000008f000-0x000000000008ffff] reserved
[    0.000000] user: [mem 0x0000000000090000-0x000000000009ffff] usable
[    0.000000] user: [mem 0x00000000000a0000-0x00000000000fffff] reserved
[    0.000000] user: [mem 0x0000000000100000-0x0000000046cc401f] usable
[    0.000000] user: [mem 0x0000000046cc4020-0x0000000046cf5a5f] usable
[    0.000000] user: [mem 0x0000000046cf5a60-0x0000000046cf601f] usable
[    0.000000] user: [mem 0x0000000046cf6020-0x0000000046d28c5f] usable
[    0.000000] user: [mem 0x0000000046d28c60-0x0000000046d2901f] usable
[    0.000000] user: [mem 0x0000000046d29020-0x0000000046d5bc5f] usable
[    0.000000] user: [mem 0x0000000046d5bc60-0x0000000046d5c01f] usable
[    0.000000] user: [mem 0x0000000046d5c020-0x0000000046d6405f] usable
[    0.000000] user: [mem 0x0000000046d64060-0x0000000049e76fff] usable
[    0.000000] user: [mem 0x0000000049e77000-0x000000004ae76fff] ACPI NVS
[    0.000000] user: [mem 0x000000004ae77000-0x000000004b2cefff] usable
[    0.000000] user: [mem 0x000000004b2cf000-0x000000004b54dfff] ACPI data
[    0.000000] user: [mem 0x000000004b54e000-0x000000004bd93fff] usable
[    0.000000] user: [mem 0x000000004bd94000-0x000000004be99fff] reserved
[    0.000000] user: [mem 0x000000004be9a000-0x000000004cdfffff] usable
[    0.000000] user: [mem 0x000000004ce00000-0x000000004cffffff] reserved
[    0.000000] user: [mem 0x000000004d000000-0x000000005eefdfff] usable
[    0.000000] user: [mem 0x000000005eefe000-0x000000006e3fefff] reserved
[    0.000000] user: [mem 0x000000006e3ff000-0x000000006f3fefff] ACPI NVS
[    0.000000] user: [mem 0x000000006f3ff000-0x000000006f7fefff] ACPI data
[    0.000000] user: [mem 0x000000006f7ff000-0x000000006f7fffff] usable
[    0.000000] user: [mem 0x000000006f800000-0x000000008fffffff] reserved
[    0.000000] user: [mem 0x00000000fe000000-0x00000000fe010fff] reserved
[    0.000000] user: [mem 0x0000000100000000-0x000000087fffffff] usable
[    0.000000] user: [mem 0x0000000880000000-0x0000000fffffffff] persistent (type 12)
[    0.000000] user: [mem 0x0000001000000000-0x000000207fffffff] usable
[    0.000000] user: [mem 0x0000002080000000-0x0000011c7fffffff] persistent (type 7)
[    0.000000] user: [mem 0x00001ffc00000000-0x00001fffffffffff] reserved
[    0.000000] efi: EFI v2.70 by Dell Inc.
[    0.000000] efi: ACPI=0x6f7fe000 ACPI 2.0=0x6f7fe014 MEMATTR=0x5b070020 SMBIOS=0x69526000 SMBIOS 3.0=0x69524000 MOKvar=0x5ef81000 RNG=0x5ef8a920 
[    0.000000] efi: seeding entropy pool
[    0.000000] SMBIOS 3.3.0 present.
[    0.000000] DMI: Dell Inc. PowerEdge R750/0K8F35, BIOS 1.10.2 03/03/2023
[    0.000000] tsc: Detected 2000.000 MHz processor
[    0.000007] e820: update [mem 0x00000000-0x00000fff] usable ==> reserved
[    0.000010] e820: remove [mem 0x000a0000-0x000fffff] usable
[    0.000018] last_pfn = 0x2080000 max_arch_pfn = 0x400000000
[    0.000195] x86/PAT: Configuration [0-7]: WB  WC  UC- UC  WB  WP  UC- WT  
[    0.002857] total RAM covered: 2095088M
[    0.002942]  gran_size: 64K 	chunk_size: 64K 	num_reg: 10  	lose cover RAM: 2016G
[    0.002944]  gran_size: 64K 	chunk_size: 128K 	num_reg: 10  	lose cover RAM: 2016G
[    0.002946]  gran_size: 64K 	chunk_size: 256K 	num_reg: 10  	lose cover RAM: 2016G
[    0.002948]  gran_size: 64K 	chunk_size: 512K 	num_reg: 10  	lose cover RAM: 2016G
[    0.002949]  gran_size: 64K 	chunk_size: 1M 	num_reg: 10  	lose cover RAM: 2016G
[    0.002950]  gran_size: 64K 	chunk_size: 2M 	num_reg: 10  	lose cover RAM: 2016G
[    0.002951]  gran_size: 64K 	chunk_size: 4M 	num_reg: 10  	lose cover RAM: 2016G
[    0.002953]  gran_size: 64K 	chunk_size: 8M 	num_reg: 10  	lose cover RAM: 2016G
[    0.002954]  gran_size: 64K 	chunk_size: 16M 	num_reg: 10  	lose cover RAM: 2016G
[    0.002955]  gran_size: 64K 	chunk_size: 32M 	num_reg: 10  	lose cover RAM: 1024G
[    0.002957]  gran_size: 64K 	chunk_size: 64M 	num_reg: 10  	lose cover RAM: 1024G
[    0.002958]  gran_size: 64K 	chunk_size: 128M 	num_reg: 10  	lose cover RAM: 1024G
[    0.002960]  gran_size: 64K 	chunk_size: 256M 	num_reg: 10  	lose cover RAM: 1024G
[    0.002961]  gran_size: 64K 	chunk_size: 512M 	num_reg: 10  	lose cover RAM: 1024G
[    0.002962]  gran_size: 64K 	chunk_size: 1G 	num_reg: 10  	lose cover RAM: 1024G
[    0.002964]  gran_size: 64K 	chunk_size: 2G 	num_reg: 10  	lose cover RAM: 1024G
[    0.002965]  gran_size: 128K 	chunk_size: 128K 	num_reg: 10  	lose cover RAM: 2016G
[    0.002966]  gran_size: 128K 	chunk_size: 256K 	num_reg: 10  	lose cover RAM: 2016G
[    0.002968]  gran_size: 128K 	chunk_size: 512K 	num_reg: 10  	lose cover RAM: 2016G
[    0.002969]  gran_size: 128K 	chunk_size: 1M 	num_reg: 10  	lose cover RAM: 2016G
[    0.002970]  gran_size: 128K 	chunk_size: 2M 	num_reg: 10  	lose cover RAM: 2016G
[    0.002972]  gran_size: 128K 	chunk_size: 4M 	num_reg: 10  	lose cover RAM: 2016G
[    0.002973]  gran_size: 128K 	chunk_size: 8M 	num_reg: 10  	lose cover RAM: 2016G
[    0.002974]  gran_size: 128K 	chunk_size: 16M 	num_reg: 10  	lose cover RAM: 2016G
[    0.002976]  gran_size: 128K 	chunk_size: 32M 	num_reg: 10  	lose cover RAM: 1024G
[    0.002977]  gran_size: 128K 	chunk_size: 64M 	num_reg: 10  	lose cover RAM: 1024G
[    0.002978]  gran_size: 128K 	chunk_size: 128M 	num_reg: 10  	lose cover RAM: 1024G
[    0.002980]  gran_size: 128K 	chunk_size: 256M 	num_reg: 10  	lose cover RAM: 1024G
[    0.002981]  gran_size: 128K 	chunk_size: 512M 	num_reg: 10  	lose cover RAM: 1024G
[    0.002982]  gran_size: 128K 	chunk_size: 1G 	num_reg: 10  	lose cover RAM: 1024G
[    0.002983]  gran_size: 128K 	chunk_size: 2G 	num_reg: 10  	lose cover RAM: 1024G
[    0.002985]  gran_size: 256K 	chunk_size: 256K 	num_reg: 10  	lose cover RAM: 2016G
[    0.002986]  gran_size: 256K 	chunk_size: 512K 	num_reg: 10  	lose cover RAM: 2016G
[    0.002988]  gran_size: 256K 	chunk_size: 1M 	num_reg: 10  	lose cover RAM: 2016G
[    0.002989]  gran_size: 256K 	chunk_size: 2M 	num_reg: 10  	lose cover RAM: 2016G
[    0.002990]  gran_size: 256K 	chunk_size: 4M 	num_reg: 10  	lose cover RAM: 2016G
[    0.002992]  gran_size: 256K 	chunk_size: 8M 	num_reg: 10  	lose cover RAM: 2016G
[    0.002993]  gran_size: 256K 	chunk_size: 16M 	num_reg: 10  	lose cover RAM: 2016G
[    0.002994]  gran_size: 256K 	chunk_size: 32M 	num_reg: 10  	lose cover RAM: 1024G
[    0.002996]  gran_size: 256K 	chunk_size: 64M 	num_reg: 10  	lose cover RAM: 1024G
[    0.002997]  gran_size: 256K 	chunk_size: 128M 	num_reg: 10  	lose cover RAM: 1024G
[    0.002998]  gran_size: 256K 	chunk_size: 256M 	num_reg: 10  	lose cover RAM: 1024G
[    0.003000]  gran_size: 256K 	chunk_size: 512M 	num_reg: 10  	lose cover RAM: 1024G
[    0.003001]  gran_size: 256K 	chunk_size: 1G 	num_reg: 10  	lose cover RAM: 1024G
[    0.003002]  gran_size: 256K 	chunk_size: 2G 	num_reg: 10  	lose cover RAM: 1024G
[    0.003003]  gran_size: 512K 	chunk_size: 512K 	num_reg: 10  	lose cover RAM: 2016G
[    0.003005]  gran_size: 512K 	chunk_size: 1M 	num_reg: 10  	lose cover RAM: 2016G
[    0.003006]  gran_size: 512K 	chunk_size: 2M 	num_reg: 10  	lose cover RAM: 2016G
[    0.003007]  gran_size: 512K 	chunk_size: 4M 	num_reg: 10  	lose cover RAM: 2016G
[    0.003009]  gran_size: 512K 	chunk_size: 8M 	num_reg: 10  	lose cover RAM: 2016G
[    0.003010]  gran_size: 512K 	chunk_size: 16M 	num_reg: 10  	lose cover RAM: 2016G
[    0.003011]  gran_size: 512K 	chunk_size: 32M 	num_reg: 10  	lose cover RAM: 1024G
[    0.003013]  gran_size: 512K 	chunk_size: 64M 	num_reg: 10  	lose cover RAM: 1024G
[    0.003014]  gran_size: 512K 	chunk_size: 128M 	num_reg: 10  	lose cover RAM: 1024G
[    0.003015]  gran_size: 512K 	chunk_size: 256M 	num_reg: 10  	lose cover RAM: 1024G
[    0.003016]  gran_size: 512K 	chunk_size: 512M 	num_reg: 10  	lose cover RAM: 1024G
[    0.003018]  gran_size: 512K 	chunk_size: 1G 	num_reg: 10  	lose cover RAM: 1024G
[    0.003019]  gran_size: 512K 	chunk_size: 2G 	num_reg: 10  	lose cover RAM: 1024G
[    0.003021]  gran_size: 1M 	chunk_size: 1M 	num_reg: 10  	lose cover RAM: 2016G
[    0.003022]  gran_size: 1M 	chunk_size: 2M 	num_reg: 10  	lose cover RAM: 2016G
[    0.003023]  gran_size: 1M 	chunk_size: 4M 	num_reg: 10  	lose cover RAM: 2016G
[    0.003025]  gran_size: 1M 	chunk_size: 8M 	num_reg: 10  	lose cover RAM: 2016G
[    0.003026]  gran_size: 1M 	chunk_size: 16M 	num_reg: 10  	lose cover RAM: 2016G
[    0.003027]  gran_size: 1M 	chunk_size: 32M 	num_reg: 10  	lose cover RAM: 1024G
[    0.003028]  gran_size: 1M 	chunk_size: 64M 	num_reg: 10  	lose cover RAM: 1024G
[    0.003030]  gran_size: 1M 	chunk_size: 128M 	num_reg: 10  	lose cover RAM: 1024G
[    0.003031]  gran_size: 1M 	chunk_size: 256M 	num_reg: 10  	lose cover RAM: 1024G
[    0.003032]  gran_size: 1M 	chunk_size: 512M 	num_reg: 10  	lose cover RAM: 1024G
[    0.003034]  gran_size: 1M 	chunk_size: 1G 	num_reg: 10  	lose cover RAM: 1024G
[    0.003035]  gran_size: 1M 	chunk_size: 2G 	num_reg: 10  	lose cover RAM: 1024G
[    0.003036]  gran_size: 2M 	chunk_size: 2M 	num_reg: 10  	lose cover RAM: 2016G
[    0.003038]  gran_size: 2M 	chunk_size: 4M 	num_reg: 10  	lose cover RAM: 2016G
[    0.003039]  gran_size: 2M 	chunk_size: 8M 	num_reg: 10  	lose cover RAM: 2016G
[    0.003040]  gran_size: 2M 	chunk_size: 16M 	num_reg: 10  	lose cover RAM: 2016G
[    0.003042]  gran_size: 2M 	chunk_size: 32M 	num_reg: 10  	lose cover RAM: 1024G
[    0.003043]  gran_size: 2M 	chunk_size: 64M 	num_reg: 10  	lose cover RAM: 1024G
[    0.003044]  gran_size: 2M 	chunk_size: 128M 	num_reg: 10  	lose cover RAM: 1024G
[    0.003045]  gran_size: 2M 	chunk_size: 256M 	num_reg: 10  	lose cover RAM: 1024G
[    0.003047]  gran_size: 2M 	chunk_size: 512M 	num_reg: 10  	lose cover RAM: 1024G
[    0.003048]  gran_size: 2M 	chunk_size: 1G 	num_reg: 10  	lose cover RAM: 1024G
[    0.003050]  gran_size: 2M 	chunk_size: 2G 	num_reg: 10  	lose cover RAM: 1024G
[    0.003051]  gran_size: 4M 	chunk_size: 4M 	num_reg: 10  	lose cover RAM: 2016G
[    0.003053]  gran_size: 4M 	chunk_size: 8M 	num_reg: 10  	lose cover RAM: 2016G
[    0.003054]  gran_size: 4M 	chunk_size: 16M 	num_reg: 10  	lose cover RAM: 2016G
[    0.003055]  gran_size: 4M 	chunk_size: 32M 	num_reg: 10  	lose cover RAM: 1024G
[    0.003057]  gran_size: 4M 	chunk_size: 64M 	num_reg: 10  	lose cover RAM: 1024G
[    0.003058]  gran_size: 4M 	chunk_size: 128M 	num_reg: 10  	lose cover RAM: 1024G
[    0.003059]  gran_size: 4M 	chunk_size: 256M 	num_reg: 10  	lose cover RAM: 1024G
[    0.003061]  gran_size: 4M 	chunk_size: 512M 	num_reg: 10  	lose cover RAM: 1024G
[    0.003062]  gran_size: 4M 	chunk_size: 1G 	num_reg: 10  	lose cover RAM: 1024G
[    0.003063]  gran_size: 4M 	chunk_size: 2G 	num_reg: 10  	lose cover RAM: 1024G
[    0.003064]  gran_size: 8M 	chunk_size: 8M 	num_reg: 10  	lose cover RAM: 2016G
[    0.003066]  gran_size: 8M 	chunk_size: 16M 	num_reg: 10  	lose cover RAM: 2016G
[    0.003067]  gran_size: 8M 	chunk_size: 32M 	num_reg: 10  	lose cover RAM: 1024G
[    0.003068]  gran_size: 8M 	chunk_size: 64M 	num_reg: 10  	lose cover RAM: 1024G
[    0.003070]  gran_size: 8M 	chunk_size: 128M 	num_reg: 10  	lose cover RAM: 1024G
[    0.003071]  gran_size: 8M 	chunk_size: 256M 	num_reg: 10  	lose cover RAM: 1024G
[    0.003072]  gran_size: 8M 	chunk_size: 512M 	num_reg: 10  	lose cover RAM: 1024G
[    0.003074]  gran_size: 8M 	chunk_size: 1G 	num_reg: 10  	lose cover RAM: 1024G
[    0.003075]  gran_size: 8M 	chunk_size: 2G 	num_reg: 10  	lose cover RAM: 1024G
[    0.003076]  gran_size: 16M 	chunk_size: 16M 	num_reg: 10  	lose cover RAM: 2016G
[    0.003078]  gran_size: 16M 	chunk_size: 32M 	num_reg: 10  	lose cover RAM: 1024G
[    0.003079]  gran_size: 16M 	chunk_size: 64M 	num_reg: 10  	lose cover RAM: 1024G
[    0.003080]  gran_size: 16M 	chunk_size: 128M 	num_reg: 10  	lose cover RAM: 1024G
[    0.003082]  gran_size: 16M 	chunk_size: 256M 	num_reg: 10  	lose cover RAM: 1024G
[    0.003083]  gran_size: 16M 	chunk_size: 512M 	num_reg: 10  	lose cover RAM: 1024G
[    0.003085]  gran_size: 16M 	chunk_size: 1G 	num_reg: 10  	lose cover RAM: 1024G
[    0.003086]  gran_size: 16M 	chunk_size: 2G 	num_reg: 10  	lose cover RAM: 1024G
[    0.003087]  gran_size: 32M 	chunk_size: 32M 	num_reg: 10  	lose cover RAM: 2031632M
[    0.003089]  gran_size: 32M 	chunk_size: 64M 	num_reg: 10  	lose cover RAM: 1048592M
[    0.003090]  gran_size: 32M 	chunk_size: 128M 	num_reg: 10  	lose cover RAM: 1048592M
[    0.003092]  gran_size: 32M 	chunk_size: 256M 	num_reg: 10  	lose cover RAM: 1048592M
[    0.003093]  gran_size: 32M 	chunk_size: 512M 	num_reg: 10  	lose cover RAM: 1048592M
[    0.003094]  gran_size: 32M 	chunk_size: 1G 	num_reg: 10  	lose cover RAM: 1048592M
[    0.003096]  gran_size: 32M 	chunk_size: 2G 	num_reg: 10  	lose cover RAM: 1048592M
[    0.003097]  gran_size: 64M 	chunk_size: 64M 	num_reg: 10  	lose cover RAM: 1966128M
[    0.003098]  gran_size: 64M 	chunk_size: 128M 	num_reg: 10  	lose cover RAM: 1048624M
[    0.003100]  gran_size: 64M 	chunk_size: 256M 	num_reg: 10  	lose cover RAM: 1048624M
[    0.003101]  gran_size: 64M 	chunk_size: 512M 	num_reg: 10  	lose cover RAM: 1048624M
[    0.003102]  gran_size: 64M 	chunk_size: 1G 	num_reg: 10  	lose cover RAM: 1048624M
[    0.003104]  gran_size: 64M 	chunk_size: 2G 	num_reg: 10  	lose cover RAM: 1048624M
[    0.003105]  gran_size: 128M 	chunk_size: 128M 	num_reg: 10  	lose cover RAM: 1835120M
[    0.003106]  gran_size: 128M 	chunk_size: 256M 	num_reg: 10  	lose cover RAM: 1048688M
[    0.003108]  gran_size: 128M 	chunk_size: 512M 	num_reg: 10  	lose cover RAM: 1048688M
[    0.003109]  gran_size: 128M 	chunk_size: 1G 	num_reg: 10  	lose cover RAM: 1048688M
[    0.003110]  gran_size: 128M 	chunk_size: 2G 	num_reg: 10  	lose cover RAM: 1048688M
[    0.003112]  gran_size: 256M 	chunk_size: 256M 	num_reg: 10  	lose cover RAM: 1573104M
[    0.003113]  gran_size: 256M 	chunk_size: 512M 	num_reg: 10  	lose cover RAM: 1048816M
[    0.003114]  gran_size: 256M 	chunk_size: 1G 	num_reg: 10  	lose cover RAM: 1048816M
[    0.003116]  gran_size: 256M 	chunk_size: 2G 	num_reg: 10  	lose cover RAM: 1048816M
[    0.003117]  gran_size: 512M 	chunk_size: 512M 	num_reg: 10  	lose cover RAM: 1049072M
[    0.003119]  gran_size: 512M 	chunk_size: 1G 	num_reg: 10  	lose cover RAM: 1049072M
[    0.003120]  gran_size: 512M 	chunk_size: 2G 	num_reg: 10  	lose cover RAM: 1049072M
[    0.003121]  gran_size: 1G 	chunk_size: 1G 	num_reg: 10  	lose cover RAM: 1008M
[    0.003122]  gran_size: 1G 	chunk_size: 2G 	num_reg: 10  	lose cover RAM: 1008M
[    0.003124]  gran_size: 2G 	chunk_size: 2G 	num_reg: 9  	lose cover RAM: 2032M
[    0.003125] mtrr_cleanup: can not find optimal value
[    0.003126] please specify mtrr_gran_size/mtrr_chunk_size
[    0.003128] e820: update [mem 0x7f000000-0xffffffff] usable ==> reserved
[    0.003132] x2apic: enabled by BIOS, switching to x2apic ops
[    0.003133] last_pfn = 0x6f800 max_arch_pfn = 0x400000000
[    0.014559] Using GB pages for direct mapping
[    0.015897] Secure boot disabled
[    0.015898] RAMDISK: [mem 0x205de61000-0x207fffffff]
[    0.015903] ACPI: Early table checksum verification disabled
[    0.015905] ACPI: RSDP 0x000000006F7FE014 000024 (v02 DELL  )
[    0.015909] ACPI: XSDT 0x000000006F41C188 0000F4 (v01 DELL   PE_SC3   00000000 DELL 01000013)
[    0.015915] ACPI: FACP 0x000000006F430000 000114 (v06 DELL   PE_SC3   00000000 DELL 00000001)
[    0.015921] ACPI: DSDT 0x000000004B4CE000 07FAD3 (v02 DELL   PE_SC3   00000003 DELL 00000001)
[    0.015925] ACPI: FACS 0x000000006F2F2000 000040
[    0.015928] ACPI: SSDT 0x000000006F7FB000 00159A (v02 INTEL  RAS_ACPI 00000001 INTL 20210331)
[    0.015932] ACPI: SSDT 0x000000006F7FA000 000745 (v02 INTEL  ADDRXLAT 00000001 INTL 20210331)
[    0.015935] ACPI: MCEJ 0x000000006F7F9000 000130 (v01 INTEL           00000001 INTL 0100000D)
[    0.015939] ACPI: BERT 0x000000006F7F8000 000030 (v01 DELL   PE_SC3   00000001 INTL 00000001)
[    0.015942] ACPI: ERST 0x000000006F7F7000 000230 (v01 DELL   PE_SC3   00000001 INTL 00000001)
[    0.015945] ACPI: SSDT 0x000000006F431000 3C524E (v02 INTEL  SSDTNVDR 00001000 INTL 20210331)
[    0.015949] ACPI: HMAT 0x000000006F42F000 000210 (v01 DELL   PE_SC3   00000001 DELL 00000001)
[    0.015952] ACPI: HPET 0x000000006F42E000 000038 (v01 DELL   PE_SC3   00000001 DELL 00000001)
[    0.015955] ACPI: MCFG 0x000000006F42D000 00003C (v01 DELL   PE_SC3   00000001 DELL 00000001)
[    0.015959] ACPI: MIGT 0x000000006F42C000 000040 (v01 DELL   PE_SC3   00000000 DELL 00000001)
[    0.015962] ACPI: MSCT 0x000000006F42B000 000090 (v01 DELL   PE_SC3   00000001 DELL 00000001)
[    0.015966] ACPI: PMTT 0x000000006F429000 0011E8 (v02 DELL   PE_SC3   00000001 DELL 00000001)
[    0.015969] ACPI: WSMT 0x000000006F428000 000028 (v01 DELL   PE_SC3   00000000 DELL 00000001)
[    0.015972] ACPI: APIC 0x000000006F427000 00075E (v04 DELL   PE_SC3   00000000 DELL 00000001)
[    0.015976] ACPI: SLIT 0x000000006F426000 00003C (v01 DELL   PE_SC3   00000001 DELL 01000013)
[    0.015979] ACPI: SRAT 0x000000006F41F000 006430 (v03 DELL   PE_SC3   00000002 DELL 01000013)
[    0.015982] ACPI: OEM4 0x000000004B346000 187A61 (v02 INTEL  CPU  CST 00003000 INTL 20210331)
[    0.015986] ACPI: SSDT 0x000000004B2CF000 0764A5 (v02 INTEL  SSDT  PM 00004000 INTL 20210331)
[    0.015989] ACPI: SSDT 0x000000006F41E000 000A1F (v02 DELL   PE_SC3   00000000 DELL 00000001)
[    0.015992] ACPI: HEST 0x000000006F41D000 00017C (v01 DELL   PE_SC3   00000001 INTL 00000001)
[    0.015996] ACPI: PCAT 0x000000006F41B000 00010C (v19 DELL   PE_SC3   00000002 DELL 00000001)
[    0.016000] ACPI: SSDT 0x000000006F413000 007299 (v02 INTEL  SpsNm    00000002 INTL 20210331)
[    0.016003] ACPI: SSDT 0x000000006F412000 000426 (v02 DELL   PE_SC3   00000002 DELL 00000001)
[    0.016006] ACPI: NFIT 0x000000006F7FD000 000488 (v01 DELL   PE_SC3   00000002 DELL 00000001)
[    0.016010] ACPI: DMAR 0x000000006F411000 000158 (v01 DELL   PE_SC3   00000001 DELL 00000001)
[    0.016013] ACPI: Reserving FACP table memory at [mem 0x6f430000-0x6f430113]
[    0.016014] ACPI: Reserving DSDT table memory at [mem 0x4b4ce000-0x4b54dad2]
[    0.016015] ACPI: Reserving FACS table memory at [mem 0x6f2f2000-0x6f2f203f]
[    0.016016] ACPI: Reserving SSDT table memory at [mem 0x6f7fb000-0x6f7fc599]
[    0.016017] ACPI: Reserving SSDT table memory at [mem 0x6f7fa000-0x6f7fa744]
[    0.016018] ACPI: Reserving MCEJ table memory at [mem 0x6f7f9000-0x6f7f912f]
[    0.016019] ACPI: Reserving BERT table memory at [mem 0x6f7f8000-0x6f7f802f]
[    0.016020] ACPI: Reserving ERST table memory at [mem 0x6f7f7000-0x6f7f722f]
[    0.016021] ACPI: Reserving SSDT table memory at [mem 0x6f431000-0x6f7f624d]
[    0.016022] ACPI: Reserving HMAT table memory at [mem 0x6f42f000-0x6f42f20f]
[    0.016023] ACPI: Reserving HPET table memory at [mem 0x6f42e000-0x6f42e037]
[    0.016024] ACPI: Reserving MCFG table memory at [mem 0x6f42d000-0x6f42d03b]
[    0.016024] ACPI: Reserving MIGT table memory at [mem 0x6f42c000-0x6f42c03f]
[    0.016025] ACPI: Reserving MSCT table memory at [mem 0x6f42b000-0x6f42b08f]
[    0.016026] ACPI: Reserving PMTT table memory at [mem 0x6f429000-0x6f42a1e7]
[    0.016027] ACPI: Reserving WSMT table memory at [mem 0x6f428000-0x6f428027]
[    0.016028] ACPI: Reserving APIC table memory at [mem 0x6f427000-0x6f42775d]
[    0.016029] ACPI: Reserving SLIT table memory at [mem 0x6f426000-0x6f42603b]
[    0.016030] ACPI: Reserving SRAT table memory at [mem 0x6f41f000-0x6f42542f]
[    0.016031] ACPI: Reserving OEM4 table memory at [mem 0x4b346000-0x4b4cda60]
[    0.016032] ACPI: Reserving SSDT table memory at [mem 0x4b2cf000-0x4b3454a4]
[    0.016033] ACPI: Reserving SSDT table memory at [mem 0x6f41e000-0x6f41ea1e]
[    0.016034] ACPI: Reserving HEST table memory at [mem 0x6f41d000-0x6f41d17b]
[    0.016035] ACPI: Reserving PCAT table memory at [mem 0x6f41b000-0x6f41b10b]
[    0.016036] ACPI: Reserving SSDT table memory at [mem 0x6f413000-0x6f41a298]
[    0.016037] ACPI: Reserving SSDT table memory at [mem 0x6f412000-0x6f412425]
[    0.016037] ACPI: Reserving NFIT table memory at [mem 0x6f7fd000-0x6f7fd487]
[    0.016038] ACPI: Reserving DMAR table memory at [mem 0x6f411000-0x6f411157]
[    0.016049] Setting APIC routing to cluster x2apic.
[    0.016096] SRAT: PXM 0 -> APIC 0x0000 -> Node 0
[    0.016097] SRAT: PXM 0 -> APIC 0x0001 -> Node 0
[    0.016098] SRAT: PXM 0 -> APIC 0x0002 -> Node 0
[    0.016099] SRAT: PXM 0 -> APIC 0x0003 -> Node 0
[    0.016099] SRAT: PXM 0 -> APIC 0x0004 -> Node 0
[    0.016100] SRAT: PXM 0 -> APIC 0x0005 -> Node 0
[    0.016101] SRAT: PXM 0 -> APIC 0x0006 -> Node 0
[    0.016101] SRAT: PXM 0 -> APIC 0x0007 -> Node 0
[    0.016102] SRAT: PXM 0 -> APIC 0x0008 -> Node 0
[    0.016103] SRAT: PXM 0 -> APIC 0x0009 -> Node 0
[    0.016103] SRAT: PXM 0 -> APIC 0x000a -> Node 0
[    0.016104] SRAT: PXM 0 -> APIC 0x000b -> Node 0
[    0.016105] SRAT: PXM 0 -> APIC 0x000c -> Node 0
[    0.016105] SRAT: PXM 0 -> APIC 0x000d -> Node 0
[    0.016106] SRAT: PXM 0 -> APIC 0x000e -> Node 0
[    0.016107] SRAT: PXM 0 -> APIC 0x000f -> Node 0
[    0.016107] SRAT: PXM 0 -> APIC 0x0010 -> Node 0
[    0.016108] SRAT: PXM 0 -> APIC 0x0011 -> Node 0
[    0.016109] SRAT: PXM 0 -> APIC 0x0012 -> Node 0
[    0.016110] SRAT: PXM 0 -> APIC 0x0013 -> Node 0
[    0.016110] SRAT: PXM 0 -> APIC 0x0014 -> Node 0
[    0.016111] SRAT: PXM 0 -> APIC 0x0015 -> Node 0
[    0.016112] SRAT: PXM 0 -> APIC 0x0016 -> Node 0
[    0.016112] SRAT: PXM 0 -> APIC 0x0017 -> Node 0
[    0.016113] SRAT: PXM 0 -> APIC 0x0018 -> Node 0
[    0.016114] SRAT: PXM 0 -> APIC 0x0019 -> Node 0
[    0.016114] SRAT: PXM 0 -> APIC 0x001a -> Node 0
[    0.016115] SRAT: PXM 0 -> APIC 0x001b -> Node 0
[    0.016116] SRAT: PXM 0 -> APIC 0x001c -> Node 0
[    0.016116] SRAT: PXM 0 -> APIC 0x001d -> Node 0
[    0.016117] SRAT: PXM 0 -> APIC 0x001e -> Node 0
[    0.016118] SRAT: PXM 0 -> APIC 0x001f -> Node 0
[    0.016118] SRAT: PXM 0 -> APIC 0x0020 -> Node 0
[    0.016119] SRAT: PXM 0 -> APIC 0x0021 -> Node 0
[    0.016120] SRAT: PXM 0 -> APIC 0x0022 -> Node 0
[    0.016120] SRAT: PXM 0 -> APIC 0x0023 -> Node 0
[    0.016121] SRAT: PXM 0 -> APIC 0x0024 -> Node 0
[    0.016122] SRAT: PXM 0 -> APIC 0x0025 -> Node 0
[    0.016122] SRAT: PXM 0 -> APIC 0x0026 -> Node 0
[    0.016123] SRAT: PXM 0 -> APIC 0x0027 -> Node 0
[    0.016124] SRAT: PXM 0 -> APIC 0x0028 -> Node 0
[    0.016124] SRAT: PXM 0 -> APIC 0x0029 -> Node 0
[    0.016125] SRAT: PXM 0 -> APIC 0x002a -> Node 0
[    0.016126] SRAT: PXM 0 -> APIC 0x002b -> Node 0
[    0.016126] SRAT: PXM 0 -> APIC 0x002c -> Node 0
[    0.016127] SRAT: PXM 0 -> APIC 0x002d -> Node 0
[    0.016128] SRAT: PXM 0 -> APIC 0x002e -> Node 0
[    0.016128] SRAT: PXM 0 -> APIC 0x002f -> Node 0
[    0.016129] SRAT: PXM 0 -> APIC 0x0030 -> Node 0
[    0.016130] SRAT: PXM 0 -> APIC 0x0031 -> Node 0
[    0.016130] SRAT: PXM 0 -> APIC 0x0032 -> Node 0
[    0.016131] SRAT: PXM 0 -> APIC 0x0033 -> Node 0
[    0.016131] SRAT: PXM 0 -> APIC 0x0034 -> Node 0
[    0.016132] SRAT: PXM 0 -> APIC 0x0035 -> Node 0
[    0.016133] SRAT: PXM 0 -> APIC 0x0036 -> Node 0
[    0.016133] SRAT: PXM 0 -> APIC 0x0037 -> Node 0
[    0.016134] SRAT: PXM 1 -> APIC 0x0080 -> Node 1
[    0.016135] SRAT: PXM 1 -> APIC 0x0081 -> Node 1
[    0.016135] SRAT: PXM 1 -> APIC 0x0082 -> Node 1
[    0.016136] SRAT: PXM 1 -> APIC 0x0083 -> Node 1
[    0.016137] SRAT: PXM 1 -> APIC 0x0084 -> Node 1
[    0.016138] SRAT: PXM 1 -> APIC 0x0085 -> Node 1
[    0.016138] SRAT: PXM 1 -> APIC 0x0086 -> Node 1
[    0.016139] SRAT: PXM 1 -> APIC 0x0087 -> Node 1
[    0.016140] SRAT: PXM 1 -> APIC 0x0088 -> Node 1
[    0.016141] SRAT: PXM 1 -> APIC 0x0089 -> Node 1
[    0.016141] SRAT: PXM 1 -> APIC 0x008a -> Node 1
[    0.016142] SRAT: PXM 1 -> APIC 0x008b -> Node 1
[    0.016143] SRAT: PXM 1 -> APIC 0x008c -> Node 1
[    0.016143] SRAT: PXM 1 -> APIC 0x008d -> Node 1
[    0.016144] SRAT: PXM 1 -> APIC 0x008e -> Node 1
[    0.016145] SRAT: PXM 1 -> APIC 0x008f -> Node 1
[    0.016145] SRAT: PXM 1 -> APIC 0x0090 -> Node 1
[    0.016146] SRAT: PXM 1 -> APIC 0x0091 -> Node 1
[    0.016147] SRAT: PXM 1 -> APIC 0x0092 -> Node 1
[    0.016147] SRAT: PXM 1 -> APIC 0x0093 -> Node 1
[    0.016148] SRAT: PXM 1 -> APIC 0x0094 -> Node 1
[    0.016149] SRAT: PXM 1 -> APIC 0x0095 -> Node 1
[    0.016149] SRAT: PXM 1 -> APIC 0x0096 -> Node 1
[    0.016150] SRAT: PXM 1 -> APIC 0x0097 -> Node 1
[    0.016150] SRAT: PXM 1 -> APIC 0x0098 -> Node 1
[    0.016151] SRAT: PXM 1 -> APIC 0x0099 -> Node 1
[    0.016152] SRAT: PXM 1 -> APIC 0x009a -> Node 1
[    0.016152] SRAT: PXM 1 -> APIC 0x009b -> Node 1
[    0.016153] SRAT: PXM 1 -> APIC 0x009c -> Node 1
[    0.016154] SRAT: PXM 1 -> APIC 0x009d -> Node 1
[    0.016154] SRAT: PXM 1 -> APIC 0x009e -> Node 1
[    0.016155] SRAT: PXM 1 -> APIC 0x009f -> Node 1
[    0.016156] SRAT: PXM 1 -> APIC 0x00a0 -> Node 1
[    0.016156] SRAT: PXM 1 -> APIC 0x00a1 -> Node 1
[    0.016157] SRAT: PXM 1 -> APIC 0x00a2 -> Node 1
[    0.016158] SRAT: PXM 1 -> APIC 0x00a3 -> Node 1
[    0.016158] SRAT: PXM 1 -> APIC 0x00a4 -> Node 1
[    0.016159] SRAT: PXM 1 -> APIC 0x00a5 -> Node 1
[    0.016160] SRAT: PXM 1 -> APIC 0x00a6 -> Node 1
[    0.016160] SRAT: PXM 1 -> APIC 0x00a7 -> Node 1
[    0.016161] SRAT: PXM 1 -> APIC 0x00a8 -> Node 1
[    0.016162] SRAT: PXM 1 -> APIC 0x00a9 -> Node 1
[    0.016162] SRAT: PXM 1 -> APIC 0x00aa -> Node 1
[    0.016163] SRAT: PXM 1 -> APIC 0x00ab -> Node 1
[    0.016164] SRAT: PXM 1 -> APIC 0x00ac -> Node 1
[    0.016164] SRAT: PXM 1 -> APIC 0x00ad -> Node 1
[    0.016165] SRAT: PXM 1 -> APIC 0x00ae -> Node 1
[    0.016165] SRAT: PXM 1 -> APIC 0x00af -> Node 1
[    0.016166] SRAT: PXM 1 -> APIC 0x00b0 -> Node 1
[    0.016167] SRAT: PXM 1 -> APIC 0x00b1 -> Node 1
[    0.016167] SRAT: PXM 1 -> APIC 0x00b2 -> Node 1
[    0.016168] SRAT: PXM 1 -> APIC 0x00b3 -> Node 1
[    0.016169] SRAT: PXM 1 -> APIC 0x00b4 -> Node 1
[    0.016170] SRAT: PXM 1 -> APIC 0x00b5 -> Node 1
[    0.016170] SRAT: PXM 1 -> APIC 0x00b6 -> Node 1
[    0.016171] SRAT: PXM 1 -> APIC 0x00b7 -> Node 1
[    0.016184] ACPI: SRAT: Node 0 PXM 0 [mem 0x00000000-0x7fffffff]
[    0.016186] ACPI: SRAT: Node 0 PXM 0 [mem 0x100000000-0x107fffffff]
[    0.016187] ACPI: SRAT: Node 2 PXM 2 [mem 0x2080000000-0x9e7fffffff] non-volatile
[    0.016188] ACPI: SRAT: Node 1 PXM 1 [mem 0x1080000000-0x207fffffff]
[    0.016190] ACPI: SRAT: Node 3 PXM 3 [mem 0x9e80000000-0x11c7fffffff] non-volatile
[    0.016199] NUMA: Initialized distance table, cnt=4
[    0.016203] NUMA: Node 0 [mem 0x00000000-0x7fffffff] + [mem 0x100000000-0x107fffffff] -> [mem 0x00000000-0x107fffffff]
[    0.016212] NODE_DATA(0) allocated [mem 0x107ffd5000-0x107fffffff]
[    0.016230] NODE_DATA(1) allocated [mem 0x205de34000-0x205de5efff]
[    0.016445] Zone ranges:
[    0.016445]   DMA      [mem 0x0000000000001000-0x0000000000ffffff]
[    0.016447]   DMA32    [mem 0x0000000001000000-0x00000000ffffffff]
[    0.016449]   Normal   [mem 0x0000000100000000-0x000000207fffffff]
[    0.016450]   Device   empty
[    0.016451] Movable zone start for each node
[    0.016455] Early memory node ranges
[    0.016455]   node   0: [mem 0x0000000000001000-0x000000000008efff]
[    0.016457]   node   0: [mem 0x0000000000090000-0x000000000009ffff]
[    0.016458]   node   0: [mem 0x0000000000100000-0x0000000049e76fff]
[    0.016459]   node   0: [mem 0x000000004ae77000-0x000000004b2cefff]
[    0.016460]   node   0: [mem 0x000000004b54e000-0x000000004bd93fff]
[    0.016461]   node   0: [mem 0x000000004be9a000-0x000000004cdfffff]
[    0.016461]   node   0: [mem 0x000000004d000000-0x000000005eefdfff]
[    0.016462]   node   0: [mem 0x000000006f7ff000-0x000000006f7fffff]
[    0.016463]   node   0: [mem 0x0000000100000000-0x000000087fffffff]
[    0.016466]   node   0: [mem 0x0000001000000000-0x000000107fffffff]
[    0.016467]   node   1: [mem 0x0000001080000000-0x000000207fffffff]
[    0.016471] Initmem setup node 0 [mem 0x0000000000001000-0x000000107fffffff]
[    0.016474] Initmem setup node 1 [mem 0x0000001080000000-0x000000207fffffff]
[    0.016475] Initializing node 2 as memoryless
[    0.016499] Initmem setup node 2 as memoryless
[    0.016499] Initializing node 3 as memoryless
[    0.016521] Initmem setup node 3 as memoryless
[    0.016523] On node 0, zone DMA: 1 pages in unavailable ranges
[    0.016525] On node 0, zone DMA: 1 pages in unavailable ranges
[    0.016553] On node 0, zone DMA: 96 pages in unavailable ranges
[    0.018758] On node 0, zone DMA32: 4096 pages in unavailable ranges
[    0.018781] On node 0, zone DMA32: 639 pages in unavailable ranges
[    0.018812] On node 0, zone DMA32: 262 pages in unavailable ranges
[    0.019338] On node 0, zone DMA32: 512 pages in unavailable ranges
[    0.019604] On node 0, zone DMA32: 35073 pages in unavailable ranges
[    0.077006] On node 0, zone Normal: 2048 pages in unavailable ranges
[    0.210344] ACPI: PM-Timer IO Port: 0x508
[    0.210363] ACPI: X2APIC_NMI (uid[0xffffffff] high edge lint[0x1])
[    0.210366] ACPI: LAPIC_NMI (acpi_id[0xff] high edge lint[0x1])
[    0.210386] IOAPIC[0]: apic_id 8, version 32, address 0xfec00000, GSI 0-119
[    0.210389] ACPI: INT_SRC_OVR (bus 0 bus_irq 0 global_irq 2 dfl dfl)
[    0.210391] ACPI: INT_SRC_OVR (bus 0 bus_irq 9 global_irq 9 high level)
[    0.210395] ACPI: Using ACPI (MADT) for SMP configuration information
[    0.210397] ACPI: HPET id: 0x8086a701 base: 0xfed00000
[    0.210401] TSC deadline timer available
[    0.210402] smpboot: Allowing 112 CPUs, 0 hotplug CPUs
[    0.210430] PM: hibernation: Registered nosave memory: [mem 0x00000000-0x00000fff]
[    0.210432] PM: hibernation: Registered nosave memory: [mem 0x0008f000-0x0008ffff]
[    0.210434] PM: hibernation: Registered nosave memory: [mem 0x000a0000-0x000fffff]
[    0.210436] PM: hibernation: Registered nosave memory: [mem 0x46cc4000-0x46cc4fff]
[    0.210437] PM: hibernation: Registered nosave memory: [mem 0x46cf5000-0x46cf5fff]
[    0.210438] PM: hibernation: Registered nosave memory: [mem 0x46cf6000-0x46cf6fff]
[    0.210440] PM: hibernation: Registered nosave memory: [mem 0x46d28000-0x46d28fff]
[    0.210441] PM: hibernation: Registered nosave memory: [mem 0x46d29000-0x46d29fff]
[    0.210442] PM: hibernation: Registered nosave memory: [mem 0x46d5b000-0x46d5bfff]
[    0.210443] PM: hibernation: Registered nosave memory: [mem 0x46d5c000-0x46d5cfff]
[    0.210445] PM: hibernation: Registered nosave memory: [mem 0x46d64000-0x46d64fff]
[    0.210446] PM: hibernation: Registered nosave memory: [mem 0x49e77000-0x4ae76fff]
[    0.210448] PM: hibernation: Registered nosave memory: [mem 0x4b2cf000-0x4b54dfff]
[    0.210450] PM: hibernation: Registered nosave memory: [mem 0x4bd94000-0x4be99fff]
[    0.210451] PM: hibernation: Registered nosave memory: [mem 0x4ce00000-0x4cffffff]
[    0.210453] PM: hibernation: Registered nosave memory: [mem 0x5eefe000-0x6e3fefff]
[    0.210454] PM: hibernation: Registered nosave memory: [mem 0x6e3ff000-0x6f3fefff]
[    0.210454] PM: hibernation: Registered nosave memory: [mem 0x6f3ff000-0x6f7fefff]
[    0.210456] PM: hibernation: Registered nosave memory: [mem 0x6f800000-0x8fffffff]
[    0.210457] PM: hibernation: Registered nosave memory: [mem 0x90000000-0xfdffffff]
[    0.210458] PM: hibernation: Registered nosave memory: [mem 0xfe000000-0xfe010fff]
[    0.210458] PM: hibernation: Registered nosave memory: [mem 0xfe011000-0xffffffff]
[    0.210460] PM: hibernation: Registered nosave memory: [mem 0x880000000-0xfffffffff]
[    0.210462] [mem 0x90000000-0xfdffffff] available for PCI devices
[    0.210464] Booting paravirtualized kernel on bare hardware
[    0.210466] clocksource: refined-jiffies: mask: 0xffffffff max_cycles: 0xffffffff, max_idle_ns: 7645519600211568 ns
[    0.210472] setup_percpu: NR_CPUS:8192 nr_cpumask_bits:112 nr_cpu_ids:112 nr_node_ids:4
[    0.215148] percpu: Embedded 61 pages/cpu s212992 r8192 d28672 u262144
[    0.215159] pcpu-alloc: s212992 r8192 d28672 u262144 alloc=1*2097152
[    0.215161] pcpu-alloc: [0] 000 002 004 006 008 010 012 014 
[    0.215167] pcpu-alloc: [0] 016 018 020 022 024 026 028 030 
[    0.215172] pcpu-alloc: [0] 032 034 036 038 040 042 044 046 
[    0.215177] pcpu-alloc: [0] 048 050 052 054 056 058 060 062 
[    0.215181] pcpu-alloc: [0] 064 066 068 070 072 074 076 078 
[    0.215185] pcpu-alloc: [0] 080 082 084 086 088 090 092 094 
[    0.215190] pcpu-alloc: [0] 096 098 100 102 104 106 108 110 
[    0.215195] pcpu-alloc: [1] 001 003 005 007 009 011 013 015 
[    0.215199] pcpu-alloc: [1] 017 019 021 023 025 027 029 031 
[    0.215204] pcpu-alloc: [1] 033 035 037 039 041 043 045 047 
[    0.215208] pcpu-alloc: [1] 049 051 053 055 057 059 061 063 
[    0.215213] pcpu-alloc: [1] 065 067 069 071 073 075 077 079 
[    0.215217] pcpu-alloc: [1] 081 083 085 087 089 091 093 095 
[    0.215221] pcpu-alloc: [1] 097 099 101 103 105 107 109 111 
[    0.215268] Fallback order for Node 0: 0 1 
[    0.215271] Fallback order for Node 1: 1 0 
[    0.215274] Fallback order for Node 2: 2 0 1 
[    0.215276] Fallback order for Node 3: 3 1 0 
[    0.215284] Built 2 zonelists, mobility grouping on.  Total pages: 25148692
[    0.215286] Policy zone: Normal
[    0.215287] Kernel command line: BOOT_IMAGE=/boot/vmlinuz-5.18.0 root=UUID=ce0c24b8-724b-4f33-9b2c-618433560aef ro memmap=30G!34G quiet splash nomodeset vt.handoff=1
[    0.215394] Booted with the nomodeset parameter. Only the system framebuffer will be available
[    0.215416] Unknown kernel command line parameters "splash BOOT_IMAGE=/boot/vmlinuz-5.18.0", will be passed to user space.
[    0.215418] printk: log_buf_len individual max cpu contribution: 4096 bytes
[    0.215419] printk: log_buf_len total cpu_extra contributions: 454656 bytes
[    0.215420] printk: log_buf_len min size: 262144 bytes
[    0.216396] printk: log_buf_len: 1048576 bytes
[    0.216398] printk: early log buf free: 223904(85%)
[    0.218307] mem auto-init: stack:off, heap alloc:on, heap free:off
[    0.471508] Memory: 99768216K/102196320K available (16392K kernel code, 3615K rwdata, 10444K rodata, 2688K init, 5836K bss, 2427844K reserved, 0K cma-reserved)
[    0.471515] random: get_random_u64 called from __kmem_cache_create+0x2d/0x480 with crng_init=0
[    0.472062] SLUB: HWalign=64, Order=0-3, MinObjects=0, CPUs=112, Nodes=4
[    0.472089] ftrace: allocating 48795 entries in 191 pages
[    0.480599] ftrace: allocated 191 pages with 7 groups
[    0.481571] Dynamic Preempt: voluntary
[    0.481896] rcu: Preemptible hierarchical RCU implementation.
[    0.481897] rcu: 	RCU restricting CPUs from NR_CPUS=8192 to nr_cpu_ids=112.
[    0.481898] 	Trampoline variant of Tasks RCU enabled.
[    0.481899] 	Rude variant of Tasks RCU enabled.
[    0.481900] 	Tracing variant of Tasks RCU enabled.
[    0.481900] rcu: RCU calculated value of scheduler-enlistment delay is 25 jiffies.
[    0.481901] rcu: Adjusting geometry for rcu_fanout_leaf=16, nr_cpu_ids=112
[    0.485693] NR_IRQS: 524544, nr_irqs: 2952, preallocated irqs: 16
[    0.486026] random: crng init done (trusting CPU's manufacturer)
[    0.486162] Console: colour dummy device 80x25
[    0.486195] printk: console [tty0] enabled
[    0.486387] mempolicy: Enabling automatic NUMA balancing. Configure with numa_balancing= or the kernel.numa_balancing sysctl
[    0.486392] ACPI: Core revision 20211217
[    0.489797] clocksource: hpet: mask: 0xffffffff max_cycles: 0xffffffff, max_idle_ns: 79635855245 ns
[    0.489840] APIC: Switch to symmetric I/O mode setup
[    0.489841] DMAR: Host address width 46
[    0.489842] DMAR: DRHD base: 0x000000d0ffc000 flags: 0x0
[    0.489847] DMAR: dmar0: reg_base_addr d0ffc000 ver 4:0 cap 8ed008c40780466 ecap 60000f050df
[    0.489850] DMAR: DRHD base: 0x000000dbbfc000 flags: 0x0
[    0.489853] DMAR: dmar1: reg_base_addr dbbfc000 ver 4:0 cap 8ed008c40780466 ecap 60000f050df
[    0.489855] DMAR: DRHD base: 0x000000e67fc000 flags: 0x0
[    0.489859] DMAR: dmar2: reg_base_addr e67fc000 ver 4:0 cap 8ed008c40780466 ecap 60000f050df
[    0.489861] DMAR: DRHD base: 0x000000f13fc000 flags: 0x0
[    0.489863] DMAR: dmar3: reg_base_addr f13fc000 ver 4:0 cap 8ed008c40780466 ecap 60000f050df
[    0.489865] DMAR: DRHD base: 0x000000fb7fc000 flags: 0x0
[    0.489868] DMAR: dmar4: reg_base_addr fb7fc000 ver 4:0 cap 8ed008c40780466 ecap 60000f050df
[    0.489870] DMAR: DRHD base: 0x000000a63fc000 flags: 0x0
[    0.489872] DMAR: dmar5: reg_base_addr a63fc000 ver 4:0 cap 8ed008c40780466 ecap 60000f050df
[    0.489874] DMAR: DRHD base: 0x000000b0ffc000 flags: 0x0
[    0.489880] DMAR: dmar6: reg_base_addr b0ffc000 ver 4:0 cap 8ed008c40780466 ecap 60000f050df
[    0.489882] DMAR: DRHD base: 0x000000bbbfc000 flags: 0x0
[    0.489884] DMAR: dmar7: reg_base_addr bbbfc000 ver 4:0 cap 8ed008c40780466 ecap 60000f050df
[    0.489886] DMAR: DRHD base: 0x000000c5ffc000 flags: 0x0
[    0.489888] DMAR: dmar8: reg_base_addr c5ffc000 ver 4:0 cap 8ed008c40780466 ecap 60000f050df
[    0.489890] DMAR: DRHD base: 0x0000009b7fc000 flags: 0x1
[    0.489892] DMAR: dmar9: reg_base_addr 9b7fc000 ver 4:0 cap 8ed008c40780466 ecap 60000f050df
[    0.489895] DMAR: RMRR base: 0x00000069427000 end: 0x00000069429fff
[    0.489896] DMAR: ATSR flags: 0x0
[    0.489899] DMAR-IR: IOAPIC id 8 under DRHD base  0x9b7fc000 IOMMU 9
[    0.489900] DMAR-IR: HPET id 0 under DRHD base 0x9b7fc000
[    0.489901] DMAR-IR: Queued invalidation will be enabled to support x2apic and Intr-remapping.
[    0.492769] DMAR-IR: Enabled IRQ remapping in x2apic mode
[    0.495396] ..TIMER: vector=0x30 apic1=0 pin1=2 apic2=-1 pin2=-1
[    0.513772] clocksource: tsc-early: mask: 0xffffffffffffffff max_cycles: 0x39a85c9bff6, max_idle_ns: 881590591483 ns
[    0.513778] Calibrating delay loop (skipped), value calculated using timer frequency.. 4000.00 BogoMIPS (lpj=8000000)
[    0.513781] pid_max: default: 114688 minimum: 896
[    0.517707] LSM: Security Framework initializing
[    0.517723] Yama: becoming mindful.
[    0.517781] AppArmor: AppArmor initialized
[    0.526179] Dentry cache hash table entries: 8388608 (order: 14, 67108864 bytes, vmalloc hugepage)
[    0.530366] Inode-cache hash table entries: 4194304 (order: 13, 33554432 bytes, vmalloc hugepage)
[    0.530546] Mount-cache hash table entries: 131072 (order: 8, 1048576 bytes, vmalloc)
[    0.530679] Mountpoint-cache hash table entries: 131072 (order: 8, 1048576 bytes, vmalloc)
[    0.531249] x86/tme: not enabled by BIOS
[    0.531259] CPU0: Thermal monitoring enabled (TM1)
[    0.531261] x86/cpu: User Mode Instruction Prevention (UMIP) activated
[    0.531497] process: using mwait in idle threads
[    0.531499] Last level iTLB entries: 4KB 0, 2MB 0, 4MB 0
[    0.531500] Last level dTLB entries: 4KB 0, 2MB 0, 4MB 0, 1GB 0
[    0.531506] Spectre V1 : Mitigation: usercopy/swapgs barriers and __user pointer sanitization
[    0.531508] Spectre V2 : WARNING: Unprivileged eBPF is enabled with eIBRS on, data leaks possible via Spectre v2 BHB attacks!
[    0.531513] Spectre V2 : Mitigation: Enhanced IBRS
[    0.531514] Spectre V2 : Spectre v2 / SpectreRSB mitigation: Filling RSB on context switch
[    0.531515] Spectre V2 : mitigation: Enabling conditional Indirect Branch Prediction Barrier
[    0.531517] Speculative Store Bypass: Mitigation: Speculative Store Bypass disabled via prctl
[    0.536673] Freeing SMP alternatives memory: 40K
[    0.541885] smpboot: Estimated ratio of average max frequency by base frequency (times 1024): 1433
[    0.541899] smpboot: CPU0: Intel(R) Xeon(R) Gold 6330 CPU @ 2.00GHz (family: 0x6, model: 0x6a, stepping: 0x6)
[    0.542124] cblist_init_generic: Setting adjustable number of callback queues.
[    0.542138] cblist_init_generic: Setting shift to 7 and lim to 1.
[    0.542167] cblist_init_generic: Setting shift to 7 and lim to 1.
[    0.542199] cblist_init_generic: Setting shift to 7 and lim to 1.
[    0.542210] Performance Events: PEBS fmt4+-baseline,  AnyThread deprecated, Icelake events, 32-deep LBR, full-width counters, Intel PMU driver.
[    0.542247] ... version:                5
[    0.542248] ... bit width:              48
[    0.542249] ... generic registers:      8
[    0.542250] ... value mask:             0000ffffffffffff
[    0.542251] ... max period:             00007fffffffffff
[    0.542251] ... fixed-purpose events:   4
[    0.542252] ... event mask:             0001000f000000ff
[    0.542409] rcu: Hierarchical SRCU implementation.
[    0.549674] NMI watchdog: Enabled. Permanently consumes one hw-PMU counter.
[    0.550821] smp: Bringing up secondary CPUs ...
[    0.550945] x86: Booting SMP configuration:
[    0.550946] .... node  #1, CPUs:          #1
[    0.007755] smpboot: CPU 1 Converting physical 0 to logical die 1

[    0.637897] .... node  #0, CPUs:     #2
[    0.643278] .... node  #1, CPUs:     #3
[    0.648731] .... node  #0, CPUs:     #4
[    0.654117] .... node  #1, CPUs:     #5
[    0.659526] .... node  #0, CPUs:     #6
[    0.665125] .... node  #1, CPUs:     #7
[    0.670728] .... node  #0, CPUs:     #8
[    0.676035] .... node  #1, CPUs:     #9
[    0.681883] .... node  #0, CPUs:    #10
[    0.687536] .... node  #1, CPUs:    #11
[    0.693292] .... node  #0, CPUs:    #12
[    0.698815] .... node  #1, CPUs:    #13
[    0.704185] .... node  #0, CPUs:    #14
[    0.709437] .... node  #1, CPUs:    #15
[    0.714779] .... node  #0, CPUs:    #16
[    0.720074] .... node  #1, CPUs:    #17
[    0.725392] .... node  #0, CPUs:    #18
[    0.730661] .... node  #1, CPUs:    #19
[    0.736332] .... node  #0, CPUs:    #20
[    0.741843] .... node  #1, CPUs:    #21
[    0.747224] .... node  #0, CPUs:    #22
[    0.752678] .... node  #1, CPUs:    #23
[    0.757954] .... node  #0, CPUs:    #24
[    0.763603] .... node  #1, CPUs:    #25
[    0.768943] .... node  #0, CPUs:    #26
[    0.774168] .... node  #1, CPUs:    #27
[    0.779509] .... node  #0, CPUs:    #28
[    0.785031] .... node  #1, CPUs:    #29
[    0.790348] .... node  #0, CPUs:    #30
[    0.795596] .... node  #1, CPUs:    #31
[    0.801093] .... node  #0, CPUs:    #32
[    0.806390] .... node  #1, CPUs:    #33
[    0.811781] .... node  #0, CPUs:    #34
[    0.817239] .... node  #1, CPUs:    #35
[    0.822561] .... node  #0, CPUs:    #36
[    0.827797] .... node  #1, CPUs:    #37
[    0.833122] .... node  #0, CPUs:    #38
[    0.838691] .... node  #1, CPUs:    #39
[    0.844246] .... node  #0, CPUs:    #40
[    0.849938] .... node  #1, CPUs:    #41
[    0.855623] .... node  #0, CPUs:    #42
[    0.860945] .... node  #1, CPUs:    #43
[    0.866608] .... node  #0, CPUs:    #44
[    0.871981] .... node  #1, CPUs:    #45
[    0.877473] .... node  #0, CPUs:    #46
[    0.883023] .... node  #1, CPUs:    #47
[    0.888493] .... node  #0, CPUs:    #48
[    0.893941] .... node  #1, CPUs:    #49
[    0.899304] .... node  #0, CPUs:    #50
[    0.904817] .... node  #1, CPUs:    #51
[    0.910475] .... node  #0, CPUs:    #52
[    0.915947] .... node  #1, CPUs:    #53
[    0.921788] .... node  #0, CPUs:    #54
[    0.927286] .... node  #1, CPUs:    #55
[    0.933109] .... node  #0, CPUs:    #56
[    0.939267] .... node  #1, CPUs:    #57
[    0.945179] .... node  #0, CPUs:    #58
[    0.950618] .... node  #1, CPUs:    #59
[    0.956084] .... node  #0, CPUs:    #60
[    0.961494] .... node  #1, CPUs:    #61
[    0.966925] .... node  #0, CPUs:    #62
[    0.972530] .... node  #1, CPUs:    #63
[    0.978161] .... node  #0, CPUs:    #64
[    0.983482] .... node  #1, CPUs:    #65
[    0.989239] .... node  #0, CPUs:    #66
[    0.995000] .... node  #1, CPUs:    #67
[    1.000782] .... node  #0, CPUs:    #68
[    1.006330] .... node  #1, CPUs:    #69
[    1.011708] .... node  #0, CPUs:    #70
[    1.016972] .... node  #1, CPUs:    #71
[    1.022337] .... node  #0, CPUs:    #72
[    1.027653] .... node  #1, CPUs:    #73
[    1.033007] .... node  #0, CPUs:    #74
[    1.038296] .... node  #1, CPUs:    #75
[    1.043966] .... node  #0, CPUs:    #76
[    1.049240] .... node  #1, CPUs:    #77
[    1.054884] .... node  #0, CPUs:    #78
[    1.060352] .... node  #1, CPUs:    #79
[    1.065884] .... node  #0, CPUs:    #80
[    1.071325] .... node  #1, CPUs:    #81
[    1.076696] .... node  #0, CPUs:    #82
[    1.081950] .... node  #1, CPUs:    #83
[    1.087293] .... node  #0, CPUs:    #84
[    1.092829] .... node  #1, CPUs:    #85
[    1.098172] .... node  #0, CPUs:    #86
[    1.103436] .... node  #1, CPUs:    #87
[    1.108947] .... node  #0, CPUs:    #88
[    1.114274] .... node  #1, CPUs:    #89
[    1.119686] .... node  #0, CPUs:    #90
[    1.125154] .... node  #1, CPUs:    #91
[    1.130515] .... node  #0, CPUs:    #92
[    1.135763] .... node  #1, CPUs:    #93
[    1.141120] .... node  #0, CPUs:    #94
[    1.146718] .... node  #1, CPUs:    #95
[    1.152287] .... node  #0, CPUs:    #96
[    1.157944] .... node  #1, CPUs:    #97
[    1.163709] .... node  #0, CPUs:    #98
[    1.169064] .... node  #1, CPUs:    #99
[    1.174738] .... node  #0, CPUs:   #100
[    1.180123] .... node  #1, CPUs:   #101
[    1.185841] .... node  #0, CPUs:   #102
[    1.191186] .... node  #1, CPUs:   #103
[    1.196676] .... node  #0, CPUs:   #104
[    1.202034] .... node  #1, CPUs:   #105
[    1.207521] .... node  #0, CPUs:   #106
[    1.213043] .... node  #1, CPUs:   #107
[    1.218721] .... node  #0, CPUs:   #108
[    1.224219] .... node  #1, CPUs:   #109
[    1.229889] .... node  #0, CPUs:   #110
[    1.235592] .... node  #1, CPUs:   #111
[    1.241438] smp: Brought up 2 nodes, 112 CPUs
[    1.241438] smpboot: Max logical packages: 2
[    1.241438] smpboot: Total of 112 processors activated (448082.96 BogoMIPS)
[    1.251744] devtmpfs: initialized
[    1.251744] x86/mm: Memory block size: 2048MB
[    1.251744] ACPI: PM: Registering ACPI NVS region [mem 0x49e77000-0x4ae76fff] (16777216 bytes)
[    1.251744] ACPI: PM: Registering ACPI NVS region [mem 0x6e3ff000-0x6f3fefff] (16777216 bytes)
[    1.251744] clocksource: jiffies: mask: 0xffffffff max_cycles: 0xffffffff, max_idle_ns: 7645041785100000 ns
[    1.251744] futex hash table entries: 32768 (order: 9, 2097152 bytes, vmalloc)
[    1.251744] pinctrl core: initialized pinctrl subsystem
[    1.251744] PM: RTC time: 06:42:15, date: 2024-04-24
[    1.254765] NET: Registered PF_NETLINK/PF_ROUTE protocol family
[    1.255766] DMA: preallocated 4096 KiB GFP_KERNEL pool for atomic allocations
[    1.256278] DMA: preallocated 4096 KiB GFP_KERNEL|GFP_DMA pool for atomic allocations
[    1.256794] DMA: preallocated 4096 KiB GFP_KERNEL|GFP_DMA32 pool for atomic allocations
[    1.256807] audit: initializing netlink subsys (disabled)
[    1.256818] audit: type=2000 audit(1713940934.764:1): state=initialized audit_enabled=0 res=1
[    1.256818] thermal_sys: Registered thermal governor 'fair_share'
[    1.256818] thermal_sys: Registered thermal governor 'bang_bang'
[    1.256818] thermal_sys: Registered thermal governor 'step_wise'
[    1.256818] thermal_sys: Registered thermal governor 'user_space'
[    1.256818] EISA bus registered
[    1.256818] cpuidle: using governor ladder
[    1.256818] cpuidle: using governor menu
[    1.257809] ACPI FADT declares the system doesn't support PCIe ASPM, so disable it
[    1.257810] acpiphp: ACPI Hot Plug PCI Controller Driver version: 0.5
[    1.257924] PCI: MMCONFIG for domain 0000 [bus 00-ff] at [mem 0x80000000-0x8fffffff] (base 0x80000000)
[    1.257929] PCI: MMCONFIG at [mem 0x80000000-0x8fffffff] reserved in E820
[    1.257935] pmd_set_huge: Cannot satisfy [mem 0x80000000-0x80200000] with a huge-page mapping due to MTRR override.
[    1.258136] PCI: Using configuration type 1 for base access
[    1.258146] PCI: Dell System detected, enabling pci=bfsort.
[    1.260283] ENERGY_PERF_BIAS: Set to 'normal', was 'performance'
[    1.263120] kprobes: kprobe jump-optimization is enabled. All kprobes are optimized if possible.
[    1.263124] HugeTLB registered 1.00 GiB page size, pre-allocated 0 pages
[    1.263124] HugeTLB registered 2.00 MiB page size, pre-allocated 0 pages
[    1.263124] fbcon: Taking over console
[    1.263124] ACPI: Added _OSI(Module Device)
[    1.263124] ACPI: Added _OSI(Processor Device)
[    1.263124] ACPI: Added _OSI(3.0 _SCP Extensions)
[    1.263124] ACPI: Added _OSI(Processor Aggregator Device)
[    1.263124] ACPI: Added _OSI(Linux-Dell-Video)
[    1.263124] ACPI: Added _OSI(Linux-Lenovo-NV-HDMI-Audio)
[    1.263124] ACPI: Added _OSI(Linux-HPI-Hybrid-Graphics)
[    1.438243] ACPI: 8 ACPI AML tables successfully acquired and loaded
[    1.444484] ACPI: [Firmware Bug]: BIOS _OSI(Linux) query ignored
[    1.450445] ACPI: Dynamic OEM Table Load:
[    1.871328] ACPI: Interpreter enabled
[    1.871350] ACPI: PM: (supports S0 S5)
[    1.871351] ACPI: Using IOAPIC for interrupt routing
[    1.871437] HEST: Table parsing has been initialized.
[    1.871625] GHES: APEI firmware first mode is enabled by APEI bit and WHEA _OSC.
[    1.871627] PCI: Using host bridge windows from ACPI; if necessary, use "pci=nocrs" and report a bug
[    1.901990] ACPI: Enabled 4 GPEs in block 00 to 7F
[    2.031531] ACPI: PCI Root Bridge [PC00] (domain 0000 [bus 00-15])
[    2.031537] acpi PNP0A08:00: _OSC: OS supports [ExtendedConfig ASPM ClockPM Segments MSI HPX-Type3]
[    2.100438] acpi PNP0A08:00: _OSC: platform does not support [SHPCHotplug AER LTR]
[    2.100669] acpi PNP0A08:00: _OSC: OS now controls [PCIeHotplug PME PCIeCapability]
[    2.100671] acpi PNP0A08:00: FADT indicates ASPM is unsupported, using BIOS configuration
[    2.102586] PCI host bridge to bus 0000:00
[    2.102588] pci_bus 0000:00: root bus resource [io  0x0000-0x0cf7 window]
[    2.102590] pci_bus 0000:00: root bus resource [io  0x1000-0x4fff window]
[    2.102592] pci_bus 0000:00: root bus resource [mem 0x000a0000-0x000bffff window]
[    2.102594] pci_bus 0000:00: root bus resource [mem 0x000c8000-0x000cffff window]
[    2.102595] pci_bus 0000:00: root bus resource [mem 0xfe010000-0xfe010fff window]
[    2.102596] pci_bus 0000:00: root bus resource [mem 0x90000000-0x9b7fffff window]
[    2.102597] pci_bus 0000:00: root bus resource [mem 0x200000000000-0x20ffffffffff window]
[    2.102599] pci_bus 0000:00: root bus resource [bus 00-15]
[    2.102613] pci 0000:00:00.0: [8086:09a2] type 00 class 0x088000
[    2.102713] pci 0000:00:00.1: [8086:09a4] type 00 class 0x088000
[    2.102781] pci 0000:00:00.2: [8086:09a3] type 00 class 0x088000
[    2.102849] pci 0000:00:00.4: [8086:0998] type 00 class 0x060000
[    2.102918] pci 0000:00:02.0: [8086:09a6] type 00 class 0x088000
[    2.102926] pci 0000:00:02.0: reg 0x10: [mem 0x92dfc000-0x92dfdfff]
[    2.103002] pci 0000:00:02.1: [8086:09a7] type 00 class 0x088000
[    2.103010] pci 0000:00:02.1: reg 0x10: [mem 0x92d00000-0x92d7ffff]
[    2.103015] pci 0000:00:02.1: reg 0x14: [mem 0x92c80000-0x92cfffff]
[    2.103091] pci 0000:00:02.4: [8086:3456] type 00 class 0x130000
[    2.103101] pci 0000:00:02.4: reg 0x10: [mem 0x92a00000-0x92afffff 64bit]
[    2.103108] pci 0000:00:02.4: reg 0x18: [mem 0x92df0000-0x92df3fff 64bit]
[    2.103115] pci 0000:00:02.4: reg 0x20: [mem 0x92dc0000-0x92ddffff 64bit]
[    2.103195] pci 0000:00:11.0: [8086:a1ec] type 00 class 0xff0000
[    2.103197] pci 0000:00:11.0: device has non-compliant BARs; disabling IO/MEM decoding
[    2.103289] pci 0000:00:11.5: [8086:a1d2] type 00 class 0x010601
[    2.103301] pci 0000:00:11.5: reg 0x10: [mem 0x92dfa000-0x92dfbfff]
[    2.103309] pci 0000:00:11.5: reg 0x14: [mem 0x92e05000-0x92e050ff]
[    2.103317] pci 0000:00:11.5: reg 0x18: [io  0x2068-0x206f]
[    2.103324] pci 0000:00:11.5: reg 0x1c: [io  0x2074-0x2077]
[    2.103332] pci 0000:00:11.5: reg 0x20: [io  0x2040-0x205f]
[    2.103339] pci 0000:00:11.5: reg 0x24: [mem 0x92b80000-0x92bfffff]
[    2.103377] pci 0000:00:11.5: PME# supported from D3hot
[    2.103594] pci 0000:00:14.0: [8086:a1af] type 00 class 0x0c0330
[    2.103612] pci 0000:00:14.0: reg 0x10: [mem 0x92de0000-0x92deffff 64bit]
[    2.103675] pci 0000:00:14.0: PME# supported from D3hot D3cold
[    2.103910] pci 0000:00:14.2: [8086:a1b1] type 00 class 0x118000
[    2.103927] pci 0000:00:14.2: reg 0x10: [mem 0x92e02000-0x92e02fff 64bit]
[    2.104054] pci 0000:00:16.0: [8086:a1ba] type 00 class 0x078000
[    2.104077] pci 0000:00:16.0: reg 0x10: [mem 0x92e01000-0x92e01fff 64bit]
[    2.104160] pci 0000:00:16.0: PME# supported from D3hot
[    2.104223] pci 0000:00:16.1: [8086:a1bb] type 00 class 0x078000
[    2.104246] pci 0000:00:16.1: reg 0x10: [mem 0x92e00000-0x92e00fff 64bit]
[    2.104329] pci 0000:00:16.1: PME# supported from D3hot
[    2.104394] pci 0000:00:16.4: [8086:a1be] type 00 class 0x078000
[    2.104418] pci 0000:00:16.4: reg 0x10: [mem 0x92dff000-0x92dfffff 64bit]
[    2.104501] pci 0000:00:16.4: PME# supported from D3hot
[    2.104571] pci 0000:00:17.0: [8086:a182] type 00 class 0x010601
[    2.104584] pci 0000:00:17.0: reg 0x10: [mem 0x92df8000-0x92df9fff]
[    2.104591] pci 0000:00:17.0: reg 0x14: [mem 0x92e04000-0x92e040ff]
[    2.104599] pci 0000:00:17.0: reg 0x18: [io  0x2060-0x2067]
[    2.104606] pci 0000:00:17.0: reg 0x1c: [io  0x2070-0x2073]
[    2.104613] pci 0000:00:17.0: reg 0x20: [io  0x2020-0x203f]
[    2.104620] pci 0000:00:17.0: reg 0x24: [mem 0x92b00000-0x92b7ffff]
[    2.104657] pci 0000:00:17.0: PME# supported from D3hot
[    2.104866] pci 0000:00:1c.0: [8086:a190] type 01 class 0x060400
[    2.104941] pci 0000:00:1c.0: PME# supported from D0 D3hot D3cold
[    2.105605] pci 0000:00:1c.4: [8086:a194] type 01 class 0x060400
[    2.105674] pci 0000:00:1c.4: PME# supported from D0 D3hot D3cold
[    2.106389] pci 0000:00:1c.5: [8086:a195] type 01 class 0x060400
[    2.106461] pci 0000:00:1c.5: PME# supported from D0 D3hot D3cold
[    2.107104] pci 0000:00:1f.0: [8086:a1cb] type 00 class 0x060100
[    2.107405] pci 0000:00:1f.2: [8086:a1a1] type 00 class 0x058000
[    2.107420] pci 0000:00:1f.2: reg 0x10: [mem 0x92df4000-0x92df7fff]
[    2.107666] pci 0000:00:1f.4: [8086:a1a3] type 00 class 0x0c0500
[    2.107685] pci 0000:00:1f.4: reg 0x10: [mem 0x92dfe000-0x92dfe0ff 64bit]
[    2.107708] pci 0000:00:1f.4: reg 0x20: [io  0x2000-0x201f]
[    2.107774] pci 0000:00:1f.5: [8086:a1a4] type 00 class 0x0c8000
[    2.107790] pci 0000:00:1f.5: reg 0x10: [mem 0xfe010000-0xfe010fff]
[    2.107922] pci 0000:00:1c.0: PCI bridge to [bus 01]
[    2.107974] pci 0000:02:00.0: [1556:be00] type 01 class 0x060400
[    2.108144] pci 0000:00:1c.4: PCI bridge to [bus 02-03]
[    2.108148] pci 0000:00:1c.4:   bridge window [mem 0x92000000-0x928fffff]
[    2.108153] pci 0000:00:1c.4:   bridge window [mem 0x91000000-0x91ffffff 64bit pref]
[    2.108185] pci_bus 0000:03: extended config space not accessible
[    2.108202] pci 0000:03:00.0: [102b:0536] type 00 class 0x030000
[    2.108221] pci 0000:03:00.0: reg 0x10: [mem 0x91000000-0x91ffffff pref]
[    2.108232] pci 0000:03:00.0: reg 0x14: [mem 0x92808000-0x9280bfff]
[    2.108243] pci 0000:03:00.0: reg 0x18: [mem 0x92000000-0x927fffff]
[    2.108291] pci 0000:03:00.0: BAR 0: assigned to efifb
[    2.108298] pci 0000:03:00.0: Video device with shadowed ROM at [mem 0x000c0000-0x000dffff]
[    2.108402] pci 0000:02:00.0: PCI bridge to [bus 03]
[    2.108411] pci 0000:02:00.0:   bridge window [mem 0x92000000-0x928fffff]
[    2.108417] pci 0000:02:00.0:   bridge window [mem 0x91000000-0x91ffffff 64bit pref]
[    2.108486] pci 0000:04:00.0: [14e4:165f] type 00 class 0x020000
[    2.108510] pci 0000:04:00.0: reg 0x10: [mem 0x92930000-0x9293ffff 64bit pref]
[    2.108526] pci 0000:04:00.0: reg 0x18: [mem 0x92940000-0x9294ffff 64bit pref]
[    2.108541] pci 0000:04:00.0: reg 0x20: [mem 0x92950000-0x9295ffff 64bit pref]
[    2.108552] pci 0000:04:00.0: reg 0x30: [mem 0xfffc0000-0xffffffff pref]
[    2.108647] pci 0000:04:00.0: PME# supported from D0 D3hot D3cold
[    2.108699] pci 0000:04:00.0: 4.000 Gb/s available PCIe bandwidth, limited by 5.0 GT/s PCIe x1 link at 0000:00:1c.5 (capable of 8.000 Gb/s with 5.0 GT/s PCIe x2 link)
[    2.109261] pci 0000:04:00.1: [14e4:165f] type 00 class 0x020000
[    2.109285] pci 0000:04:00.1: reg 0x10: [mem 0x92900000-0x9290ffff 64bit pref]
[    2.109301] pci 0000:04:00.1: reg 0x18: [mem 0x92910000-0x9291ffff 64bit pref]
[    2.109317] pci 0000:04:00.1: reg 0x20: [mem 0x92920000-0x9292ffff 64bit pref]
[    2.109327] pci 0000:04:00.1: reg 0x30: [mem 0xfffc0000-0xffffffff pref]
[    2.109422] pci 0000:04:00.1: PME# supported from D0 D3hot D3cold
[    2.110004] pci 0000:00:1c.5: PCI bridge to [bus 04]
[    2.110011] pci 0000:00:1c.5:   bridge window [mem 0x92900000-0x929fffff 64bit pref]
[    2.110026] pci_bus 0000:00: on NUMA node 0
[    2.110629] ACPI: PCI Root Bridge [PC01] (domain 0000 [bus 16-2f])
[    2.110633] acpi PNP0A08:01: _OSC: OS supports [ExtendedConfig ASPM ClockPM Segments MSI HPX-Type3]
[    2.125432] acpi PNP0A08:01: _OSC: platform does not support [SHPCHotplug AER]
[    2.125651] acpi PNP0A08:01: _OSC: OS now controls [PCIeHotplug PME PCIeCapability LTR]
[    2.125652] acpi PNP0A08:01: FADT indicates ASPM is unsupported, using BIOS configuration
[    2.125785] PCI host bridge to bus 0000:16
[    2.125787] pci_bus 0000:16: root bus resource [io  0x5000-0x6fff window]
[    2.125790] pci_bus 0000:16: root bus resource [mem 0x9b800000-0xa63fffff window]
[    2.125792] pci_bus 0000:16: root bus resource [mem 0x210000000000-0x21ffffffffff window]
[    2.125793] pci_bus 0000:16: root bus resource [bus 16-2f]
[    2.125803] pci 0000:16:00.0: [8086:09a2] type 00 class 0x088000
[    2.125872] pci 0000:16:00.1: [8086:09a4] type 00 class 0x088000
[    2.125935] pci 0000:16:00.2: [8086:09a3] type 00 class 0x088000
[    2.126001] pci 0000:16:00.4: [8086:0998] type 00 class 0x060000
[    2.126074] pci 0000:16:02.0: [8086:347a] type 01 class 0x060400
[    2.126084] pci 0000:16:02.0: reg 0x10: [mem 0x21fffff00000-0x21fffff1ffff 64bit]
[    2.126123] pci 0000:16:02.0: PME# supported from D0 D3hot D3cold
[    2.127075] pci 0000:17:00.0: [1000:10e2] type 00 class 0x010400
[    2.127088] pci 0000:17:00.0: reg 0x10: [mem 0x9b800000-0x9b8fffff 64bit pref]
[    2.127096] pci 0000:17:00.0: reg 0x18: [mem 0x9b900000-0x9b9fffff 64bit pref]
[    2.127102] pci 0000:17:00.0: reg 0x20: [mem 0x9ba00000-0x9bafffff]
[    2.127108] pci 0000:17:00.0: reg 0x24: [io  0x5000-0x50ff]
[    2.127114] pci 0000:17:00.0: reg 0x30: [mem 0xfff00000-0xffffffff pref]
[    2.128231] pci 0000:17:00.0: supports D1 D2
[    2.128299] pci 0000:16:02.0: PCI bridge to [bus 17]
[    2.128301] pci 0000:16:02.0:   bridge window [io  0x5000-0x5fff]
[    2.128303] pci 0000:16:02.0:   bridge window [mem 0x9ba00000-0x9bafffff]
[    2.128306] pci 0000:16:02.0:   bridge window [mem 0x9b800000-0x9b9fffff 64bit pref]
[    2.128312] pci_bus 0000:16: on NUMA node 0
[    2.128392] ACPI: PCI Root Bridge [PC02] (domain 0000 [bus 30-49])
[    2.128395] acpi PNP0A08:02: _OSC: OS supports [ExtendedConfig ASPM ClockPM Segments MSI HPX-Type3]
[    2.142875] acpi PNP0A08:02: _OSC: platform does not support [SHPCHotplug AER]
[    2.143091] acpi PNP0A08:02: _OSC: OS now controls [PCIeHotplug PME PCIeCapability LTR]
[    2.143093] acpi PNP0A08:02: FADT indicates ASPM is unsupported, using BIOS configuration
[    2.143216] PCI host bridge to bus 0000:30
[    2.143217] pci_bus 0000:30: root bus resource [io  0x7000-0x8fff window]
[    2.143219] pci_bus 0000:30: root bus resource [mem 0xa6400000-0xb0ffffff window]
[    2.143221] pci_bus 0000:30: root bus resource [mem 0x220000000000-0x22ffffffffff window]
[    2.143222] pci_bus 0000:30: root bus resource [bus 30-49]
[    2.143232] pci 0000:30:00.0: [8086:09a2] type 00 class 0x088000
[    2.143299] pci 0000:30:00.1: [8086:09a4] type 00 class 0x088000
[    2.143362] pci 0000:30:00.2: [8086:09a3] type 00 class 0x088000
[    2.143425] pci 0000:30:00.4: [8086:0998] type 00 class 0x060000
[    2.143494] pci_bus 0000:30: on NUMA node 0
[    2.143599] ACPI: PCI Root Bridge [PC04] (domain 0000 [bus 4a-63])
[    2.143602] acpi PNP0A08:04: _OSC: OS supports [ExtendedConfig ASPM ClockPM Segments MSI HPX-Type3]
[    2.158033] acpi PNP0A08:04: _OSC: platform does not support [SHPCHotplug AER]
[    2.158246] acpi PNP0A08:04: _OSC: OS now controls [PCIeHotplug PME PCIeCapability LTR]
[    2.158248] acpi PNP0A08:04: FADT indicates ASPM is unsupported, using BIOS configuration
[    2.158370] PCI host bridge to bus 0000:4a
[    2.158371] pci_bus 0000:4a: root bus resource [io  0x9000-0x9fff window]
[    2.158373] pci_bus 0000:4a: root bus resource [mem 0xb1000000-0xbbbfffff window]
[    2.158374] pci_bus 0000:4a: root bus resource [mem 0x230000000000-0x23ffffffffff window]
[    2.158376] pci_bus 0000:4a: root bus resource [bus 4a-63]
[    2.158385] pci 0000:4a:00.0: [8086:09a2] type 00 class 0x088000
[    2.158451] pci 0000:4a:00.1: [8086:09a4] type 00 class 0x088000
[    2.158519] pci 0000:4a:00.2: [8086:09a3] type 00 class 0x088000
[    2.158580] pci 0000:4a:00.4: [8086:0998] type 00 class 0x060000
[    2.158656] pci_bus 0000:4a: on NUMA node 0
[    2.158731] ACPI: PCI Root Bridge [PC05] (domain 0000 [bus 64-7d])
[    2.158733] acpi PNP0A08:05: _OSC: OS supports [ExtendedConfig ASPM ClockPM Segments MSI HPX-Type3]
[    2.173149] acpi PNP0A08:05: _OSC: platform does not support [SHPCHotplug AER]
[    2.173361] acpi PNP0A08:05: _OSC: OS now controls [PCIeHotplug PME PCIeCapability LTR]
[    2.173363] acpi PNP0A08:05: FADT indicates ASPM is unsupported, using BIOS configuration
[    2.173481] PCI host bridge to bus 0000:64
[    2.173482] pci_bus 0000:64: root bus resource [io  0xa000-0xafff window]
[    2.173483] pci_bus 0000:64: root bus resource [mem 0xbbc00000-0xc5ffffff window]
[    2.173485] pci_bus 0000:64: root bus resource [mem 0x240000000000-0x24ffffffffff window]
[    2.173486] pci_bus 0000:64: root bus resource [bus 64-7d]
[    2.173495] pci 0000:64:00.0: [8086:09a2] type 00 class 0x088000
[    2.173561] pci 0000:64:00.1: [8086:09a4] type 00 class 0x088000
[    2.173622] pci 0000:64:00.2: [8086:09a3] type 00 class 0x088000
[    2.173684] pci 0000:64:00.4: [8086:0998] type 00 class 0x060000
[    2.173752] pci_bus 0000:64: on NUMA node 0
[    2.173821] ACPI: PCI Root Bridge [UC06] (domain 0000 [bus 7e])
[    2.173824] acpi PNP0A03:00: _OSC: OS supports [ExtendedConfig ASPM ClockPM Segments MSI HPX-Type3]
[    2.173922] acpi PNP0A03:00: _OSC: platform does not support [SHPCHotplug AER LTR]
[    2.174107] acpi PNP0A03:00: _OSC: OS now controls [PCIeHotplug PME PCIeCapability]
[    2.174108] acpi PNP0A03:00: FADT indicates ASPM is unsupported, using BIOS configuration
[    2.174242] PCI host bridge to bus 0000:7e
[    2.174244] pci_bus 0000:7e: root bus resource [bus 7e]
[    2.174252] pci 0000:7e:00.0: [8086:3450] type 00 class 0x088000
[    2.174324] pci 0000:7e:00.1: [8086:3451] type 00 class 0x088000
[    2.174383] pci 0000:7e:00.2: [8086:3452] type 00 class 0x088000
[    2.174453] pci 0000:7e:00.3: [8086:0998] type 00 class 0x060000
[    2.174509] pci 0000:7e:00.5: [8086:3455] type 00 class 0x088000
[    2.174569] pci 0000:7e:02.0: [8086:3440] type 00 class 0x088000
[    2.174698] pci 0000:7e:02.1: [8086:3441] type 00 class 0x088000
[    2.174805] pci 0000:7e:02.2: [8086:3442] type 00 class 0x088000
[    2.174912] pci 0000:7e:03.0: [8086:3440] type 00 class 0x088000
[    2.175004] pci 0000:7e:03.1: [8086:3441] type 00 class 0x088000
[    2.175082] pci 0000:7e:03.2: [8086:3442] type 00 class 0x088000
[    2.175163] pci 0000:7e:04.0: [8086:3440] type 00 class 0x088000
[    2.175282] pci 0000:7e:04.1: [8086:3441] type 00 class 0x088000
[    2.175396] pci 0000:7e:04.2: [8086:3442] type 00 class 0x088000
[    2.175511] pci 0000:7e:04.3: [8086:3443] type 00 class 0x088000
[    2.175629] pci 0000:7e:05.0: [8086:3445] type 00 class 0x088000
[    2.175756] pci 0000:7e:05.1: [8086:3446] type 00 class 0x088000
[    2.175865] pci 0000:7e:05.2: [8086:3447] type 00 class 0x088000
[    2.175981] pci 0000:7e:06.0: [8086:3445] type 00 class 0x088000
[    2.176073] pci 0000:7e:06.1: [8086:3446] type 00 class 0x088000
[    2.176151] pci 0000:7e:06.2: [8086:3447] type 00 class 0x088000
[    2.176235] pci 0000:7e:07.0: [8086:3445] type 00 class 0x088000
[    2.176369] pci 0000:7e:07.1: [8086:3446] type 00 class 0x088000
[    2.176487] pci 0000:7e:07.2: [8086:3447] type 00 class 0x088000
[    2.176603] pci 0000:7e:0b.0: [8086:3448] type 00 class 0x088000
[    2.176679] pci 0000:7e:0b.1: [8086:3448] type 00 class 0x088000
[    2.176747] pci 0000:7e:0b.2: [8086:344b] type 00 class 0x088000
[    2.176817] pci 0000:7e:0c.0: [8086:344a] type 00 class 0x110100
[    2.176919] pci 0000:7e:0d.0: [8086:344a] type 00 class 0x110100
[    2.177018] pci 0000:7e:0e.0: [8086:344a] type 00 class 0x110100
[    2.177162] pci 0000:7e:0f.0: [8086:344a] type 00 class 0x110100
[    2.177317] pci 0000:7e:1a.0: [8086:2880] type 00 class 0x110100
[    2.177419] pci 0000:7e:1b.0: [8086:2880] type 00 class 0x110100
[    2.177516] pci 0000:7e:1c.0: [8086:2880] type 00 class 0x110100
[    2.177672] pci 0000:7e:1d.0: [8086:2880] type 00 class 0x110100
[    2.177817] pci_bus 0000:7e: on NUMA node 0
[    2.177900] ACPI: PCI Root Bridge [UC07] (domain 0000 [bus 7f])
[    2.177903] acpi PNP0A03:01: _OSC: OS supports [ExtendedConfig ASPM ClockPM Segments MSI HPX-Type3]
[    2.178005] acpi PNP0A03:01: _OSC: platform does not support [SHPCHotplug AER LTR]
[    2.178188] acpi PNP0A03:01: _OSC: OS now controls [PCIeHotplug PME PCIeCapability]
[    2.178189] acpi PNP0A03:01: FADT indicates ASPM is unsupported, using BIOS configuration
[    2.178334] PCI host bridge to bus 0000:7f
[    2.178335] pci_bus 0000:7f: root bus resource [bus 7f]
[    2.178349] pci 0000:7f:00.0: [8086:344c] type 00 class 0x088000
[    2.178464] pci 0000:7f:00.1: [8086:344c] type 00 class 0x088000
[    2.178573] pci 0000:7f:00.2: [8086:344c] type 00 class 0x088000
[    2.178683] pci 0000:7f:00.3: [8086:344c] type 00 class 0x088000
[    2.178773] pci 0000:7f:00.4: [8086:344c] type 00 class 0x088000
[    2.178892] pci 0000:7f:00.5: [8086:344c] type 00 class 0x088000
[    2.179006] pci 0000:7f:00.6: [8086:344c] type 00 class 0x088000
[    2.179091] pci 0000:7f:00.7: [8086:344c] type 00 class 0x088000
[    2.179174] pci 0000:7f:01.0: [8086:344c] type 00 class 0x088000
[    2.179315] pci 0000:7f:01.1: [8086:344c] type 00 class 0x088000
[    2.179433] pci 0000:7f:01.2: [8086:344c] type 00 class 0x088000
[    2.179512] pci 0000:7f:01.3: [8086:344c] type 00 class 0x088000
[    2.179643] pci 0000:7f:01.4: [8086:344c] type 00 class 0x088000
[    2.179774] pci 0000:7f:01.5: [8086:344c] type 00 class 0x088000
[    2.179909] pci 0000:7f:01.6: [8086:344c] type 00 class 0x088000
[    2.180034] pci 0000:7f:01.7: [8086:344c] type 00 class 0x088000
[    2.180161] pci 0000:7f:02.0: [8086:344c] type 00 class 0x088000
[    2.180306] pci 0000:7f:02.1: [8086:344c] type 00 class 0x088000
[    2.180436] pci 0000:7f:02.2: [8086:344c] type 00 class 0x088000
[    2.180567] pci 0000:7f:02.3: [8086:344c] type 00 class 0x088000
[    2.180705] pci 0000:7f:02.4: [8086:344c] type 00 class 0x088000
[    2.180842] pci 0000:7f:02.5: [8086:344c] type 00 class 0x088000
[    2.180978] pci 0000:7f:02.6: [8086:344c] type 00 class 0x088000
[    2.181130] pci 0000:7f:02.7: [8086:344c] type 00 class 0x088000
[    2.181277] pci 0000:7f:03.0: [8086:344c] type 00 class 0x088000
[    2.181435] pci 0000:7f:03.1: [8086:344c] type 00 class 0x088000
[    2.181586] pci 0000:7f:03.2: [8086:344c] type 00 class 0x088000
[    2.181735] pci 0000:7f:03.3: [8086:344c] type 00 class 0x088000
[    2.181894] pci 0000:7f:0a.0: [8086:344d] type 00 class 0x088000
[    2.182007] pci 0000:7f:0a.1: [8086:344d] type 00 class 0x088000
[    2.182117] pci 0000:7f:0a.2: [8086:344d] type 00 class 0x088000
[    2.182232] pci 0000:7f:0a.3: [8086:344d] type 00 class 0x088000
[    2.182329] pci 0000:7f:0a.4: [8086:344d] type 00 class 0x088000
[    2.182449] pci 0000:7f:0a.5: [8086:344d] type 00 class 0x088000
[    2.182563] pci 0000:7f:0a.6: [8086:344d] type 00 class 0x088000
[    2.182642] pci 0000:7f:0a.7: [8086:344d] type 00 class 0x088000
[    2.182724] pci 0000:7f:0b.0: [8086:344d] type 00 class 0x088000
[    2.182865] pci 0000:7f:0b.1: [8086:344d] type 00 class 0x088000
[    2.182984] pci 0000:7f:0b.2: [8086:344d] type 00 class 0x088000
[    2.183069] pci 0000:7f:0b.3: [8086:344d] type 00 class 0x088000
[    2.183201] pci 0000:7f:0b.4: [8086:344d] type 00 class 0x088000
[    2.183332] pci 0000:7f:0b.5: [8086:344d] type 00 class 0x088000
[    2.183467] pci 0000:7f:0b.6: [8086:344d] type 00 class 0x088000
[    2.183588] pci 0000:7f:0b.7: [8086:344d] type 00 class 0x088000
[    2.183715] pci 0000:7f:0c.0: [8086:344d] type 00 class 0x088000
[    2.183859] pci 0000:7f:0c.1: [8086:344d] type 00 class 0x088000
[    2.183989] pci 0000:7f:0c.2: [8086:344d] type 00 class 0x088000
[    2.184126] pci 0000:7f:0c.3: [8086:344d] type 00 class 0x088000
[    2.184264] pci 0000:7f:0c.4: [8086:344d] type 00 class 0x088000
[    2.184400] pci 0000:7f:0c.5: [8086:344d] type 00 class 0x088000
[    2.184538] pci 0000:7f:0c.6: [8086:344d] type 00 class 0x088000
[    2.184684] pci 0000:7f:0c.7: [8086:344d] type 00 class 0x088000
[    2.184830] pci 0000:7f:0d.0: [8086:344d] type 00 class 0x088000
[    2.184994] pci 0000:7f:0d.1: [8086:344d] type 00 class 0x088000
[    2.185146] pci 0000:7f:0d.2: [8086:344d] type 00 class 0x088000
[    2.185300] pci 0000:7f:0d.3: [8086:344d] type 00 class 0x088000
[    2.185468] pci 0000:7f:1d.0: [8086:344f] type 00 class 0x088000
[    2.185592] pci 0000:7f:1d.1: [8086:3457] type 00 class 0x088000
[    2.185697] pci 0000:7f:1e.0: [8086:3458] type 00 class 0x088000
[    2.185776] pci 0000:7f:1e.1: [8086:3459] type 00 class 0x088000
[    2.185838] pci 0000:7f:1e.2: [8086:345a] type 00 class 0x088000
[    2.185899] pci 0000:7f:1e.3: [8086:345b] type 00 class 0x088000
[    2.185962] pci 0000:7f:1e.4: [8086:345c] type 00 class 0x088000
[    2.186029] pci 0000:7f:1e.5: [8086:345d] type 00 class 0x088000
[    2.186090] pci 0000:7f:1e.6: [8086:345e] type 00 class 0x088000
[    2.186151] pci 0000:7f:1e.7: [8086:345f] type 00 class 0x088000
[    2.186210] pci_bus 0000:7f: on NUMA node 0
[    2.186315] ACPI: PCI Root Bridge [PC06] (domain 0000 [bus 80])
[    2.186318] acpi PNP0A08:06: _OSC: OS supports [ExtendedConfig ASPM ClockPM Segments MSI HPX-Type3]
[    2.200762] acpi PNP0A08:06: _OSC: platform does not support [SHPCHotplug AER]
[    2.200977] acpi PNP0A08:06: _OSC: OS now controls [PCIeHotplug PME PCIeCapability LTR]
[    2.200978] acpi PNP0A08:06: FADT indicates ASPM is unsupported, using BIOS configuration
[    2.201128] PCI host bridge to bus 0000:80
[    2.201130] pci_bus 0000:80: root bus resource [io  0xb000-0xbfff window]
[    2.201131] pci_bus 0000:80: root bus resource [mem 0xc6800000-0xd0ffffff window]
[    2.201133] pci_bus 0000:80: root bus resource [mem 0x250000000000-0x25ffffffffff window]
[    2.201134] pci_bus 0000:80: root bus resource [bus 80]
[    2.201144] pci 0000:80:00.0: [8086:09a2] type 00 class 0x088000
[    2.201231] pci 0000:80:00.1: [8086:09a4] type 00 class 0x088000
[    2.201300] pci 0000:80:00.2: [8086:09a3] type 00 class 0x088000
[    2.201369] pci 0000:80:00.4: [8086:0998] type 00 class 0x060000
[    2.201441] pci 0000:80:02.0: [8086:09a6] type 00 class 0x088000
[    2.201450] pci 0000:80:02.0: reg 0x10: [mem 0xc6aa4000-0xc6aa5fff]
[    2.201514] pci 0000:80:02.1: [8086:09a7] type 00 class 0x088000
[    2.201522] pci 0000:80:02.1: reg 0x10: [mem 0xc6a00000-0xc6a7ffff]
[    2.201528] pci 0000:80:02.1: reg 0x14: [mem 0xc6980000-0xc69fffff]
[    2.201583] pci 0000:80:02.4: [8086:3456] type 00 class 0x130000
[    2.201594] pci 0000:80:02.4: reg 0x10: [mem 0xc6800000-0xc68fffff 64bit]
[    2.201602] pci 0000:80:02.4: reg 0x18: [mem 0xc6aa0000-0xc6aa3fff 64bit]
[    2.201609] pci 0000:80:02.4: reg 0x20: [mem 0xc6a80000-0xc6a9ffff 64bit]
[    2.201675] pci_bus 0000:80: on NUMA node 1
[    2.201755] ACPI: PCI Root Bridge [PC07] (domain 0000 [bus 81])
[    2.201757] acpi PNP0A08:07: _OSC: OS supports [ExtendedConfig ASPM ClockPM Segments MSI HPX-Type3]
[    2.216916] acpi PNP0A08:07: _OSC: platform does not support [SHPCHotplug AER]
[    2.217129] acpi PNP0A08:07: _OSC: OS now controls [PCIeHotplug PME PCIeCapability LTR]
[    2.217131] acpi PNP0A08:07: FADT indicates ASPM is unsupported, using BIOS configuration
[    2.217250] PCI host bridge to bus 0000:81
[    2.217252] pci_bus 0000:81: root bus resource [io  0xc000-0xcfff window]
[    2.217253] pci_bus 0000:81: root bus resource [mem 0xd1000000-0xdbbfffff window]
[    2.217254] pci_bus 0000:81: root bus resource [mem 0x260000000000-0x26ffffffffff window]
[    2.217256] pci_bus 0000:81: root bus resource [bus 81]
[    2.217265] pci 0000:81:00.0: [8086:09a2] type 00 class 0x088000
[    2.217334] pci 0000:81:00.1: [8086:09a4] type 00 class 0x088000
[    2.217401] pci 0000:81:00.2: [8086:09a3] type 00 class 0x088000
[    2.217469] pci 0000:81:00.4: [8086:0998] type 00 class 0x060000
[    2.217546] pci_bus 0000:81: on NUMA node 1
[    2.217621] ACPI: PCI Root Bridge [PC08] (domain 0000 [bus 82])
[    2.217623] acpi PNP0A08:08: _OSC: OS supports [ExtendedConfig ASPM ClockPM Segments MSI HPX-Type3]
[    2.233050] acpi PNP0A08:08: _OSC: platform does not support [SHPCHotplug AER]
[    2.233265] acpi PNP0A08:08: _OSC: OS now controls [PCIeHotplug PME PCIeCapability LTR]
[    2.233266] acpi PNP0A08:08: FADT indicates ASPM is unsupported, using BIOS configuration
[    2.233385] PCI host bridge to bus 0000:82
[    2.233386] pci_bus 0000:82: root bus resource [io  0xd000-0xdfff window]
[    2.233388] pci_bus 0000:82: root bus resource [mem 0xdbc00000-0xe67fffff window]
[    2.233389] pci_bus 0000:82: root bus resource [mem 0x270000000000-0x27ffffffffff window]
[    2.233390] pci_bus 0000:82: root bus resource [bus 82]
[    2.233400] pci 0000:82:00.0: [8086:09a2] type 00 class 0x088000
[    2.233470] pci 0000:82:00.1: [8086:09a4] type 00 class 0x088000
[    2.233544] pci 0000:82:00.2: [8086:09a3] type 00 class 0x088000
[    2.233612] pci 0000:82:00.4: [8086:0998] type 00 class 0x060000
[    2.233690] pci_bus 0000:82: on NUMA node 1
[    2.233795] ACPI: PCI Root Bridge [PC10] (domain 0000 [bus 83-f9])
[    2.233797] acpi PNP0A08:0a: _OSC: OS supports [ExtendedConfig ASPM ClockPM Segments MSI HPX-Type3]
[    2.248232] acpi PNP0A08:0a: _OSC: platform does not support [SHPCHotplug AER]
[    2.248445] acpi PNP0A08:0a: _OSC: OS now controls [PCIeHotplug PME PCIeCapability LTR]
[    2.248446] acpi PNP0A08:0a: FADT indicates ASPM is unsupported, using BIOS configuration
[    2.248576] PCI host bridge to bus 0000:83
[    2.248577] pci_bus 0000:83: root bus resource [io  0xe000-0xefff window]
[    2.248578] pci_bus 0000:83: root bus resource [mem 0xe6800000-0xf13fffff window]
[    2.248579] pci_bus 0000:83: root bus resource [mem 0x280000000000-0x28ffffffffff window]
[    2.248581] pci_bus 0000:83: root bus resource [bus 83-f9]
[    2.248591] pci 0000:83:00.0: [8086:09a2] type 00 class 0x088000
[    2.248661] pci 0000:83:00.1: [8086:09a4] type 00 class 0x088000
[    2.248729] pci 0000:83:00.2: [8086:09a3] type 00 class 0x088000
[    2.248799] pci 0000:83:00.4: [8086:0998] type 00 class 0x060000
[    2.248876] pci_bus 0000:83: on NUMA node 1
[    2.248951] ACPI: PCI Root Bridge [PC11] (domain 0000 [bus fa])
[    2.248954] acpi PNP0A08:0b: _OSC: OS supports [ExtendedConfig ASPM ClockPM Segments MSI HPX-Type3]
[    2.263385] acpi PNP0A08:0b: _OSC: platform does not support [SHPCHotplug AER]
[    2.263597] acpi PNP0A08:0b: _OSC: OS now controls [PCIeHotplug PME PCIeCapability LTR]
[    2.263599] acpi PNP0A08:0b: FADT indicates ASPM is unsupported, using BIOS configuration
[    2.263716] PCI host bridge to bus 0000:fa
[    2.263717] pci_bus 0000:fa: root bus resource [io  0xf000-0xffff window]
[    2.263718] pci_bus 0000:fa: root bus resource [mem 0xf1400000-0xfb7fffff window]
[    2.263720] pci_bus 0000:fa: root bus resource [mem 0x290000000000-0x29ffffffffff window]
[    2.263721] pci_bus 0000:fa: root bus resource [bus fa]
[    2.263731] pci 0000:fa:00.0: [8086:09a2] type 00 class 0x088000
[    2.263800] pci 0000:fa:00.1: [8086:09a4] type 00 class 0x088000
[    2.263875] pci 0000:fa:00.2: [8086:09a3] type 00 class 0x088000
[    2.263945] pci 0000:fa:00.4: [8086:0998] type 00 class 0x060000
[    2.264024] pci_bus 0000:fa: on NUMA node 1
[    2.264092] ACPI: PCI Root Bridge [UC16] (domain 0000 [bus fe])
[    2.264094] acpi PNP0A03:02: _OSC: OS supports [ExtendedConfig ASPM ClockPM Segments MSI HPX-Type3]
[    2.264192] acpi PNP0A03:02: _OSC: platform does not support [SHPCHotplug AER LTR]
[    2.264374] acpi PNP0A03:02: _OSC: OS now controls [PCIeHotplug PME PCIeCapability]
[    2.264375] acpi PNP0A03:02: FADT indicates ASPM is unsupported, using BIOS configuration
[    2.264506] PCI host bridge to bus 0000:fe
[    2.264507] pci_bus 0000:fe: root bus resource [bus fe]
[    2.264516] pci 0000:fe:00.0: [8086:3450] type 00 class 0x088000
[    2.264590] pci 0000:fe:00.1: [8086:3451] type 00 class 0x088000
[    2.264649] pci 0000:fe:00.2: [8086:3452] type 00 class 0x088000
[    2.264707] pci 0000:fe:00.3: [8086:0998] type 00 class 0x060000
[    2.264767] pci 0000:fe:00.5: [8086:3455] type 00 class 0x088000
[    2.264833] pci 0000:fe:02.0: [8086:3440] type 00 class 0x088000
[    2.264971] pci 0000:fe:02.1: [8086:3441] type 00 class 0x088000
[    2.265083] pci 0000:fe:02.2: [8086:3442] type 00 class 0x088000
[    2.265194] pci 0000:fe:03.0: [8086:3440] type 00 class 0x088000
[    2.265292] pci 0000:fe:03.1: [8086:3441] type 00 class 0x088000
[    2.265371] pci 0000:fe:03.2: [8086:3442] type 00 class 0x088000
[    2.265457] pci 0000:fe:04.0: [8086:3440] type 00 class 0x088000
[    2.265581] pci 0000:fe:04.1: [8086:3441] type 00 class 0x088000
[    2.265701] pci 0000:fe:04.2: [8086:3442] type 00 class 0x088000
[    2.265836] pci 0000:fe:04.3: [8086:3443] type 00 class 0x088000
[    2.265958] pci 0000:fe:05.0: [8086:3445] type 00 class 0x088000
[    2.266090] pci 0000:fe:05.1: [8086:3446] type 00 class 0x088000
[    2.266210] pci 0000:fe:05.2: [8086:3447] type 00 class 0x088000
[    2.266324] pci 0000:fe:06.0: [8086:3445] type 00 class 0x088000
[    2.266421] pci 0000:fe:06.1: [8086:3446] type 00 class 0x088000
[    2.266502] pci 0000:fe:06.2: [8086:3447] type 00 class 0x088000
[    2.266594] pci 0000:fe:07.0: [8086:3445] type 00 class 0x088000
[    2.266741] pci 0000:fe:07.1: [8086:3446] type 00 class 0x088000
[    2.266864] pci 0000:fe:07.2: [8086:3447] type 00 class 0x088000
[    2.266984] pci 0000:fe:0b.0: [8086:3448] type 00 class 0x088000
[    2.267065] pci 0000:fe:0b.1: [8086:3448] type 00 class 0x088000
[    2.267129] pci 0000:fe:0b.2: [8086:344b] type 00 class 0x088000
[    2.267201] pci 0000:fe:0c.0: [8086:344a] type 00 class 0x110100
[    2.267309] pci 0000:fe:0d.0: [8086:344a] type 00 class 0x110100
[    2.267413] pci 0000:fe:0e.0: [8086:344a] type 00 class 0x110100
[    2.267568] pci 0000:fe:0f.0: [8086:344a] type 00 class 0x110100
[    2.267728] pci 0000:fe:1a.0: [8086:2880] type 00 class 0x110100
[    2.267833] pci 0000:fe:1b.0: [8086:2880] type 00 class 0x110100
[    2.267936] pci 0000:fe:1c.0: [8086:2880] type 00 class 0x110100
[    2.268091] pci 0000:fe:1d.0: [8086:2880] type 00 class 0x110100
[    2.268243] pci_bus 0000:fe: on NUMA node 1
[    2.268327] ACPI: PCI Root Bridge [UC17] (domain 0000 [bus ff])
[    2.268330] acpi PNP0A03:03: _OSC: OS supports [ExtendedConfig ASPM ClockPM Segments MSI HPX-Type3]
[    2.268430] acpi PNP0A03:03: _OSC: platform does not support [SHPCHotplug AER LTR]
[    2.268614] acpi PNP0A03:03: _OSC: OS now controls [PCIeHotplug PME PCIeCapability]
[    2.268615] acpi PNP0A03:03: FADT indicates ASPM is unsupported, using BIOS configuration
[    2.268763] PCI host bridge to bus 0000:ff
[    2.268765] pci_bus 0000:ff: root bus resource [bus ff]
[    2.268779] pci 0000:ff:00.0: [8086:344c] type 00 class 0x088000
[    2.268899] pci 0000:ff:00.1: [8086:344c] type 00 class 0x088000
[    2.269011] pci 0000:ff:00.2: [8086:344c] type 00 class 0x088000
[    2.269115] pci 0000:ff:00.3: [8086:344c] type 00 class 0x088000
[    2.269235] pci 0000:ff:00.4: [8086:344c] type 00 class 0x088000
[    2.269352] pci 0000:ff:00.5: [8086:344c] type 00 class 0x088000
[    2.269445] pci 0000:ff:00.6: [8086:344c] type 00 class 0x088000
[    2.269571] pci 0000:ff:00.7: [8086:344c] type 00 class 0x088000
[    2.269697] pci 0000:ff:01.0: [8086:344c] type 00 class 0x088000
[    2.269844] pci 0000:ff:01.1: [8086:344c] type 00 class 0x088000
[    2.269967] pci 0000:ff:01.2: [8086:344c] type 00 class 0x088000
[    2.270060] pci 0000:ff:01.3: [8086:344c] type 00 class 0x088000
[    2.270196] pci 0000:ff:01.4: [8086:344c] type 00 class 0x088000
[    2.270333] pci 0000:ff:01.5: [8086:344c] type 00 class 0x088000
[    2.270473] pci 0000:ff:01.6: [8086:344c] type 00 class 0x088000
[    2.270598] pci 0000:ff:01.7: [8086:344c] type 00 class 0x088000
[    2.270731] pci 0000:ff:02.0: [8086:344c] type 00 class 0x088000
[    2.270887] pci 0000:ff:02.1: [8086:344c] type 00 class 0x088000
[    2.271017] pci 0000:ff:02.2: [8086:344c] type 00 class 0x088000
[    2.271162] pci 0000:ff:02.3: [8086:344c] type 00 class 0x088000
[    2.271298] pci 0000:ff:02.4: [8086:344c] type 00 class 0x088000
[    2.271435] pci 0000:ff:02.5: [8086:344c] type 00 class 0x088000
[    2.271580] pci 0000:ff:02.6: [8086:344c] type 00 class 0x088000
[    2.271723] pci 0000:ff:02.7: [8086:344c] type 00 class 0x088000
[    2.271874] pci 0000:ff:03.0: [8086:344c] type 00 class 0x088000
[    2.272041] pci 0000:ff:03.1: [8086:344c] type 00 class 0x088000
[    2.272192] pci 0000:ff:03.2: [8086:344c] type 00 class 0x088000
[    2.272355] pci 0000:ff:03.3: [8086:344c] type 00 class 0x088000
[    2.272520] pci 0000:ff:0a.0: [8086:344d] type 00 class 0x088000
[    2.272638] pci 0000:ff:0a.1: [8086:344d] type 00 class 0x088000
[    2.272750] pci 0000:ff:0a.2: [8086:344d] type 00 class 0x088000
[    2.272848] pci 0000:ff:0a.3: [8086:344d] type 00 class 0x088000
[    2.272967] pci 0000:ff:0a.4: [8086:344d] type 00 class 0x088000
[    2.273084] pci 0000:ff:0a.5: [8086:344d] type 00 class 0x088000
[    2.273178] pci 0000:ff:0a.6: [8086:344d] type 00 class 0x088000
[    2.273306] pci 0000:ff:0a.7: [8086:344d] type 00 class 0x088000
[    2.273433] pci 0000:ff:0b.0: [8086:344d] type 00 class 0x088000
[    2.273580] pci 0000:ff:0b.1: [8086:344d] type 00 class 0x088000
[    2.273703] pci 0000:ff:0b.2: [8086:344d] type 00 class 0x088000
[    2.273787] pci 0000:ff:0b.3: [8086:344d] type 00 class 0x088000
[    2.273923] pci 0000:ff:0b.4: [8086:344d] type 00 class 0x088000
[    2.274062] pci 0000:ff:0b.5: [8086:344d] type 00 class 0x088000
[    2.274202] pci 0000:ff:0b.6: [8086:344d] type 00 class 0x088000
[    2.274334] pci 0000:ff:0b.7: [8086:344d] type 00 class 0x088000
[    2.274466] pci 0000:ff:0c.0: [8086:344d] type 00 class 0x088000
[    2.274616] pci 0000:ff:0c.1: [8086:344d] type 00 class 0x088000
[    2.274747] pci 0000:ff:0c.2: [8086:344d] type 00 class 0x088000
[    2.274886] pci 0000:ff:0c.3: [8086:344d] type 00 class 0x088000
[    2.275022] pci 0000:ff:0c.4: [8086:344d] type 00 class 0x088000
[    2.275162] pci 0000:ff:0c.5: [8086:344d] type 00 class 0x088000
[    2.275307] pci 0000:ff:0c.6: [8086:344d] type 00 class 0x088000
[    2.275454] pci 0000:ff:0c.7: [8086:344d] type 00 class 0x088000
[    2.275606] pci 0000:ff:0d.0: [8086:344d] type 00 class 0x088000
[    2.275781] pci 0000:ff:0d.1: [8086:344d] type 00 class 0x088000
[    2.275931] pci 0000:ff:0d.2: [8086:344d] type 00 class 0x088000
[    2.276089] pci 0000:ff:0d.3: [8086:344d] type 00 class 0x088000
[    2.276266] pci 0000:ff:1d.0: [8086:344f] type 00 class 0x088000
[    2.276395] pci 0000:ff:1d.1: [8086:3457] type 00 class 0x088000
[    2.276506] pci 0000:ff:1e.0: [8086:3458] type 00 class 0x088000
[    2.276590] pci 0000:ff:1e.1: [8086:3459] type 00 class 0x088000
[    2.276656] pci 0000:ff:1e.2: [8086:345a] type 00 class 0x088000
[    2.276720] pci 0000:ff:1e.3: [8086:345b] type 00 class 0x088000
[    2.276784] pci 0000:ff:1e.4: [8086:345c] type 00 class 0x088000
[    2.276848] pci 0000:ff:1e.5: [8086:345d] type 00 class 0x088000
[    2.276911] pci 0000:ff:1e.6: [8086:345e] type 00 class 0x088000
[    2.276975] pci 0000:ff:1e.7: [8086:345f] type 00 class 0x088000
[    2.277038] pci_bus 0000:ff: on NUMA node 1
[    2.281797] iommu: Default domain type: Translated 
[    2.281797] iommu: DMA domain TLB invalidation policy: lazy mode 
[    2.282004] SCSI subsystem initialized
[    2.282047] libata version 3.00 loaded.
[    2.282047] ACPI: bus type USB registered
[    2.282047] usbcore: registered new interface driver usbfs
[    2.282047] usbcore: registered new interface driver hub
[    2.282047] usbcore: registered new device driver usb
[    2.282047] pps_core: LinuxPPS API ver. 1 registered
[    2.282047] pps_core: Software ver. 5.3.6 - Copyright 2005-2007 Rodolfo Giometti <giometti@linux.it>
[    2.282047] PTP clock support registered
[    2.282047] EDAC MC: Ver: 3.0.0
[    2.282470] Registered efivars operations
[    2.282470] NetLabel: Initializing
[    2.282470] NetLabel:  domain hash size = 128
[    2.282470] NetLabel:  protocols = UNLABELED CIPSOv4 CALIPSO
[    2.282470] NetLabel:  unlabeled traffic allowed by default
[    2.282470] PCI: Using ACPI for IRQ routing
[    2.283127] PCI: pci_cache_line_size set to 64 bytes
[    2.283687] e820: reserve RAM buffer [mem 0x0008f000-0x0008ffff]
[    2.283689] e820: reserve RAM buffer [mem 0x46cc4020-0x47ffffff]
[    2.283691] e820: reserve RAM buffer [mem 0x46cf6020-0x47ffffff]
[    2.283692] e820: reserve RAM buffer [mem 0x46d29020-0x47ffffff]
[    2.283693] e820: reserve RAM buffer [mem 0x46d5c020-0x47ffffff]
[    2.283694] e820: reserve RAM buffer [mem 0x49e77000-0x4bffffff]
[    2.283695] e820: reserve RAM buffer [mem 0x4b2cf000-0x4bffffff]
[    2.283696] e820: reserve RAM buffer [mem 0x4bd94000-0x4bffffff]
[    2.283697] e820: reserve RAM buffer [mem 0x4ce00000-0x4fffffff]
[    2.283698] e820: reserve RAM buffer [mem 0x5eefe000-0x5fffffff]
[    2.283699] e820: reserve RAM buffer [mem 0x6f800000-0x6fffffff]
[    2.285786] pci 0000:03:00.0: vgaarb: setting as boot VGA device
[    2.285788] pci 0000:03:00.0: vgaarb: bridge control possible
[    2.285789] pci 0000:03:00.0: vgaarb: VGA device added: decodes=io+mem,owns=io+mem,locks=none
[    2.285820] vgaarb: loaded
[    2.287070] hpet0: at MMIO 0xfed00000, IRQs 2, 8, 0, 0, 0, 0, 0, 0
[    2.287077] hpet0: 8 comparators, 64-bit 24.000000 MHz counter
[    2.291047] clocksource: Switched to clocksource tsc-early
[    2.299325] VFS: Disk quotas dquot_6.6.0
[    2.299359] VFS: Dquot-cache hash table entries: 512 (order 0, 4096 bytes)
[    2.299506] AppArmor: AppArmor Filesystem Enabled
[    2.299517] pnp: PnP ACPI init
[    2.315827] system 00:01: [io  0x0500-0x05fe] has been reserved
[    2.315830] system 00:01: [io  0x0400-0x041f] has been reserved
[    2.315832] system 00:01: [io  0x0600-0x061f] has been reserved
[    2.315834] system 00:01: [io  0x0ca0-0x0ca1] has been reserved
[    2.315835] system 00:01: [io  0x0ca4-0x0ca6] has been reserved
[    2.315837] system 00:01: [mem 0xff000000-0xffffffff] has been reserved
[    2.316442] system 00:04: [mem 0xfd000000-0xfdabffff] has been reserved
[    2.316444] system 00:04: [mem 0xfdad0000-0xfdadffff] has been reserved
[    2.316446] system 00:04: [mem 0xfdb00000-0xfdffffff] has been reserved
[    2.316449] system 00:04: [mem 0xfe000000-0xfe00ffff] has been reserved
[    2.316451] system 00:04: [mem 0xfe011000-0xfe01ffff] has been reserved
[    2.316453] system 00:04: [mem 0xfe036000-0xfe03bfff] has been reserved
[    2.316454] system 00:04: [mem 0xfe03d000-0xfe3fffff] has been reserved
[    2.316456] system 00:04: [mem 0xfe410000-0xfe7fffff] has been reserved
[    2.316783] system 00:05: [io  0x1000-0x10fe] has been reserved
[    2.317830] pnp: PnP ACPI: found 6 devices
[    2.323563] clocksource: acpi_pm: mask: 0xffffff max_cycles: 0xffffff, max_idle_ns: 2085701024 ns
[    2.323640] NET: Registered PF_INET protocol family
[    2.323976] IP idents hash table entries: 262144 (order: 9, 2097152 bytes, vmalloc)
[    2.326250] tcp_listen_portaddr_hash hash table entries: 65536 (order: 8, 1048576 bytes, vmalloc)
[    2.326982] TCP established hash table entries: 524288 (order: 10, 4194304 bytes, vmalloc hugepage)
[    2.327628] TCP bind hash table entries: 65536 (order: 8, 1048576 bytes, vmalloc)
[    2.327692] TCP: Hash tables configured (established 524288 bind 65536)
[    2.328150] UDP hash table entries: 65536 (order: 9, 2097152 bytes, vmalloc)
[    2.328635] UDP-Lite hash table entries: 65536 (order: 9, 2097152 bytes, vmalloc)
[    2.328972] NET: Registered PF_UNIX/PF_LOCAL protocol family
[    2.328978] NET: Registered PF_XDP protocol family
[    2.328986] pci 0000:04:00.0: can't claim BAR 6 [mem 0xfffc0000-0xffffffff pref]: no compatible bridge window
[    2.328988] pci 0000:04:00.1: can't claim BAR 6 [mem 0xfffc0000-0xffffffff pref]: no compatible bridge window
[    2.328990] pci 0000:17:00.0: can't claim BAR 6 [mem 0xfff00000-0xffffffff pref]: no compatible bridge window
[    2.329005] pci 0000:00:1c.5: BAR 14: assigned [mem 0x90000000-0x900fffff]
[    2.329008] pci 0000:00:1c.0: PCI bridge to [bus 01]
[    2.329018] pci 0000:02:00.0: PCI bridge to [bus 03]
[    2.329023] pci 0000:02:00.0:   bridge window [mem 0x92000000-0x928fffff]
[    2.329027] pci 0000:02:00.0:   bridge window [mem 0x91000000-0x91ffffff 64bit pref]
[    2.329033] pci 0000:00:1c.4: PCI bridge to [bus 02-03]
[    2.329037] pci 0000:00:1c.4:   bridge window [mem 0x92000000-0x928fffff]
[    2.329039] pci 0000:00:1c.4:   bridge window [mem 0x91000000-0x91ffffff 64bit pref]
[    2.329045] pci 0000:04:00.0: BAR 6: assigned [mem 0x90000000-0x9003ffff pref]
[    2.329047] pci 0000:04:00.1: BAR 6: assigned [mem 0x90040000-0x9007ffff pref]
[    2.329048] pci 0000:00:1c.5: PCI bridge to [bus 04]
[    2.329051] pci 0000:00:1c.5:   bridge window [mem 0x90000000-0x900fffff]
[    2.329054] pci 0000:00:1c.5:   bridge window [mem 0x92900000-0x929fffff 64bit pref]
[    2.329058] pci_bus 0000:00: resource 4 [io  0x0000-0x0cf7 window]
[    2.329060] pci_bus 0000:00: resource 5 [io  0x1000-0x4fff window]
[    2.329061] pci_bus 0000:00: resource 6 [mem 0x000a0000-0x000bffff window]
[    2.329063] pci_bus 0000:00: resource 7 [mem 0x000c8000-0x000cffff window]
[    2.329064] pci_bus 0000:00: resource 8 [mem 0xfe010000-0xfe010fff window]
[    2.329065] pci_bus 0000:00: resource 9 [mem 0x90000000-0x9b7fffff window]
[    2.329066] pci_bus 0000:00: resource 10 [mem 0x200000000000-0x20ffffffffff window]
[    2.329068] pci_bus 0000:02: resource 1 [mem 0x92000000-0x928fffff]
[    2.329069] pci_bus 0000:02: resource 2 [mem 0x91000000-0x91ffffff 64bit pref]
[    2.329071] pci_bus 0000:03: resource 1 [mem 0x92000000-0x928fffff]
[    2.329072] pci_bus 0000:03: resource 2 [mem 0x91000000-0x91ffffff 64bit pref]
[    2.329073] pci_bus 0000:04: resource 1 [mem 0x90000000-0x900fffff]
[    2.329074] pci_bus 0000:04: resource 2 [mem 0x92900000-0x929fffff 64bit pref]
[    2.329151] pci 0000:17:00.0: BAR 6: no space for [mem size 0x00100000 pref]
[    2.329153] pci 0000:17:00.0: BAR 6: failed to assign [mem size 0x00100000 pref]
[    2.329155] pci 0000:16:02.0: PCI bridge to [bus 17]
[    2.329156] pci 0000:16:02.0:   bridge window [io  0x5000-0x5fff]
[    2.329159] pci 0000:16:02.0:   bridge window [mem 0x9ba00000-0x9bafffff]
[    2.329161] pci 0000:16:02.0:   bridge window [mem 0x9b800000-0x9b9fffff 64bit pref]
[    2.329165] pci_bus 0000:16: resource 4 [io  0x5000-0x6fff window]
[    2.329166] pci_bus 0000:16: resource 5 [mem 0x9b800000-0xa63fffff window]
[    2.329167] pci_bus 0000:16: resource 6 [mem 0x210000000000-0x21ffffffffff window]
[    2.329168] pci_bus 0000:17: resource 0 [io  0x5000-0x5fff]
[    2.329170] pci_bus 0000:17: resource 1 [mem 0x9ba00000-0x9bafffff]
[    2.329171] pci_bus 0000:17: resource 2 [mem 0x9b800000-0x9b9fffff 64bit pref]
[    2.329177] pci_bus 0000:30: resource 4 [io  0x7000-0x8fff window]
[    2.329178] pci_bus 0000:30: resource 5 [mem 0xa6400000-0xb0ffffff window]
[    2.329179] pci_bus 0000:30: resource 6 [mem 0x220000000000-0x22ffffffffff window]
[    2.329185] pci_bus 0000:4a: resource 4 [io  0x9000-0x9fff window]
[    2.329186] pci_bus 0000:4a: resource 5 [mem 0xb1000000-0xbbbfffff window]
[    2.329187] pci_bus 0000:4a: resource 6 [mem 0x230000000000-0x23ffffffffff window]
[    2.329193] pci_bus 0000:64: resource 4 [io  0xa000-0xafff window]
[    2.329194] pci_bus 0000:64: resource 5 [mem 0xbbc00000-0xc5ffffff window]
[    2.329195] pci_bus 0000:64: resource 6 [mem 0x240000000000-0x24ffffffffff window]
