[    0.000000] Linux version 5.15.0-tiering-0.8 (xmu@xmu-PowerEdge-R750) (gcc (Ubuntu 8.4.0-1ubuntu1~18.04) 8.4.0, GNU ld (GNU Binutils for Ubuntu) 2.30) #1 SMP Thu Apr 18 19:37:58 CST 2024
[    0.000000] Command line: BOOT_IMAGE=/boot/vmlinuz-5.15.0-tiering-0.8 root=UUID=ce0c24b8-724b-4f33-9b2c-618433560aef ro memmap=42000M!4096M memmap=59G!64G quiet splash nomodeset vt.handoff=1
[    0.000000] KERNEL supported cpus:
[    0.000000]   Intel GenuineIntel
[    0.000000]   AMD AuthenticAMD
[    0.000000]   Hygon HygonGenuine
[    0.000000]   Centaur CentaurHauls
[    0.000000]   zhaoxin   Shanghai  
[    0.000000] x86/split lock detection: #AC: crashing the kernel on kernel split_locks and warning on user-space split_locks
[    0.000000] x86/fpu: Supporting XSAVE feature 0x001: 'x87 floating point registers'
[    0.000000] x86/fpu: Supporting XSAVE feature 0x002: 'SSE registers'
[    0.000000] x86/fpu: Supporting XSAVE feature 0x004: 'AVX registers'
[    0.000000] x86/fpu: Supporting XSAVE feature 0x020: 'AVX-512 opmask'
[    0.000000] x86/fpu: Supporting XSAVE feature 0x040: 'AVX-512 Hi256'
[    0.000000] x86/fpu: Supporting XSAVE feature 0x080: 'AVX-512 ZMM_Hi256'
[    0.000000] x86/fpu: Supporting XSAVE feature 0x200: 'Protection Keys User registers'
[    0.000000] x86/fpu: xstate_offset[2]:  576, xstate_sizes[2]:  256
[    0.000000] x86/fpu: xstate_offset[5]:  832, xstate_sizes[5]:   64
[    0.000000] x86/fpu: xstate_offset[6]:  896, xstate_sizes[6]:  512
[    0.000000] x86/fpu: xstate_offset[7]: 1408, xstate_sizes[7]: 1024
[    0.000000] x86/fpu: xstate_offset[9]: 2432, xstate_sizes[9]:    8
[    0.000000] x86/fpu: Enabled xstate features 0x2e7, context size is 2440 bytes, using 'compacted' format.
[    0.000000] signal: max sigframe size: 3632
[    0.000000] BIOS-provided physical RAM map:
[    0.000000] BIOS-e820: [mem 0x0000000000000000-0x000000000008efff] usable
[    0.000000] BIOS-e820: [mem 0x000000000008f000-0x000000000008ffff] reserved
[    0.000000] BIOS-e820: [mem 0x0000000000090000-0x000000000009ffff] usable
[    0.000000] BIOS-e820: [mem 0x00000000000a0000-0x00000000000fffff] reserved
[    0.000000] BIOS-e820: [mem 0x0000000000100000-0x0000000049e76fff] usable
[    0.000000] BIOS-e820: [mem 0x0000000049e77000-0x000000004ae76fff] ACPI NVS
[    0.000000] BIOS-e820: [mem 0x000000004ae77000-0x000000004b2cefff] usable
[    0.000000] BIOS-e820: [mem 0x000000004b2cf000-0x000000004b54dfff] ACPI data
[    0.000000] BIOS-e820: [mem 0x000000004b54e000-0x000000004bd93fff] usable
[    0.000000] BIOS-e820: [mem 0x000000004bd94000-0x000000004be99fff] reserved
[    0.000000] BIOS-e820: [mem 0x000000004be9a000-0x000000004cdfffff] usable
[    0.000000] BIOS-e820: [mem 0x000000004ce00000-0x000000004cffffff] reserved
[    0.000000] BIOS-e820: [mem 0x000000004d000000-0x000000005eefdfff] usable
[    0.000000] BIOS-e820: [mem 0x000000005eefe000-0x000000006e3fefff] reserved
[    0.000000] BIOS-e820: [mem 0x000000006e3ff000-0x000000006f3fefff] ACPI NVS
[    0.000000] BIOS-e820: [mem 0x000000006f3ff000-0x000000006f7fefff] ACPI data
[    0.000000] BIOS-e820: [mem 0x000000006f7ff000-0x000000006f7fffff] usable
[    0.000000] BIOS-e820: [mem 0x000000006f800000-0x000000008fffffff] reserved
[    0.000000] BIOS-e820: [mem 0x00000000fe000000-0x00000000fe010fff] reserved
[    0.000000] BIOS-e820: [mem 0x0000000100000000-0x000000207fffffff] usable
[    0.000000] BIOS-e820: [mem 0x0000002080000000-0x0000011c7fffffff] persistent (type 7)
[    0.000000] BIOS-e820: [mem 0x00001ffc00000000-0x00001fffffffffff] reserved
[    0.000000] NX (Execute Disable) protection: active
[    0.000000] e820: update [mem 0x46d5d020-0x46d6505f] usable ==> usable
[    0.000000] e820: update [mem 0x46d5d020-0x46d6505f] usable ==> usable
[    0.000000] e820: update [mem 0x46d2a020-0x46d5cc5f] usable ==> usable
[    0.000000] e820: update [mem 0x46d2a020-0x46d5cc5f] usable ==> usable
[    0.000000] e820: update [mem 0x46cf7020-0x46d29c5f] usable ==> usable
[    0.000000] e820: update [mem 0x46cf7020-0x46d29c5f] usable ==> usable
[    0.000000] e820: update [mem 0x46cc5020-0x46cf6a5f] usable ==> usable
[    0.000000] e820: update [mem 0x46cc5020-0x46cf6a5f] usable ==> usable
[    0.000000] extended physical RAM map:
[    0.000000] reserve setup_data: [mem 0x0000000000000000-0x000000000008efff] usable
[    0.000000] reserve setup_data: [mem 0x000000000008f000-0x000000000008ffff] reserved
[    0.000000] reserve setup_data: [mem 0x0000000000090000-0x000000000009ffff] usable
[    0.000000] reserve setup_data: [mem 0x00000000000a0000-0x00000000000fffff] reserved
[    0.000000] reserve setup_data: [mem 0x0000000000100000-0x0000000046cc501f] usable
[    0.000000] reserve setup_data: [mem 0x0000000046cc5020-0x0000000046cf6a5f] usable
[    0.000000] reserve setup_data: [mem 0x0000000046cf6a60-0x0000000046cf701f] usable
[    0.000000] reserve setup_data: [mem 0x0000000046cf7020-0x0000000046d29c5f] usable
[    0.000000] reserve setup_data: [mem 0x0000000046d29c60-0x0000000046d2a01f] usable
[    0.000000] reserve setup_data: [mem 0x0000000046d2a020-0x0000000046d5cc5f] usable
[    0.000000] reserve setup_data: [mem 0x0000000046d5cc60-0x0000000046d5d01f] usable
[    0.000000] reserve setup_data: [mem 0x0000000046d5d020-0x0000000046d6505f] usable
[    0.000000] reserve setup_data: [mem 0x0000000046d65060-0x0000000049e76fff] usable
[    0.000000] reserve setup_data: [mem 0x0000000049e77000-0x000000004ae76fff] ACPI NVS
[    0.000000] reserve setup_data: [mem 0x000000004ae77000-0x000000004b2cefff] usable
[    0.000000] reserve setup_data: [mem 0x000000004b2cf000-0x000000004b54dfff] ACPI data
[    0.000000] reserve setup_data: [mem 0x000000004b54e000-0x000000004bd93fff] usable
[    0.000000] reserve setup_data: [mem 0x000000004bd94000-0x000000004be99fff] reserved
[    0.000000] reserve setup_data: [mem 0x000000004be9a000-0x000000004cdfffff] usable
[    0.000000] reserve setup_data: [mem 0x000000004ce00000-0x000000004cffffff] reserved
[    0.000000] reserve setup_data: [mem 0x000000004d000000-0x000000005eefdfff] usable
[    0.000000] reserve setup_data: [mem 0x000000005eefe000-0x000000006e3fefff] reserved
[    0.000000] reserve setup_data: [mem 0x000000006e3ff000-0x000000006f3fefff] ACPI NVS
[    0.000000] reserve setup_data: [mem 0x000000006f3ff000-0x000000006f7fefff] ACPI data
[    0.000000] reserve setup_data: [mem 0x000000006f7ff000-0x000000006f7fffff] usable
[    0.000000] reserve setup_data: [mem 0x000000006f800000-0x000000008fffffff] reserved
[    0.000000] reserve setup_data: [mem 0x00000000fe000000-0x00000000fe010fff] reserved
[    0.000000] reserve setup_data: [mem 0x0000000100000000-0x0000000b40ffffff] persistent (type 12)
[    0.000000] reserve setup_data: [mem 0x0000000b41000000-0x0000000fffffffff] usable
[    0.000000] reserve setup_data: [mem 0x0000001000000000-0x0000001ebfffffff] persistent (type 12)
[    0.000000] reserve setup_data: [mem 0x0000001ec0000000-0x000000207fffffff] usable
[    0.000000] reserve setup_data: [mem 0x0000002080000000-0x0000011c7fffffff] persistent (type 7)
[    0.000000] reserve setup_data: [mem 0x00001ffc00000000-0x00001fffffffffff] reserved
[    0.000000] user-defined physical RAM map:
[    0.000000] user: [mem 0x0000000000000000-0x000000000008efff] usable
[    0.000000] user: [mem 0x000000000008f000-0x000000000008ffff] reserved
[    0.000000] user: [mem 0x0000000000090000-0x000000000009ffff] usable
[    0.000000] user: [mem 0x00000000000a0000-0x00000000000fffff] reserved
[    0.000000] user: [mem 0x0000000000100000-0x0000000046cc501f] usable
[    0.000000] user: [mem 0x0000000046cc5020-0x0000000046cf6a5f] usable
[    0.000000] user: [mem 0x0000000046cf6a60-0x0000000046cf701f] usable
[    0.000000] user: [mem 0x0000000046cf7020-0x0000000046d29c5f] usable
[    0.000000] user: [mem 0x0000000046d29c60-0x0000000046d2a01f] usable
[    0.000000] user: [mem 0x0000000046d2a020-0x0000000046d5cc5f] usable
[    0.000000] user: [mem 0x0000000046d5cc60-0x0000000046d5d01f] usable
[    0.000000] user: [mem 0x0000000046d5d020-0x0000000046d6505f] usable
[    0.000000] user: [mem 0x0000000046d65060-0x0000000049e76fff] usable
[    0.000000] user: [mem 0x0000000049e77000-0x000000004ae76fff] ACPI NVS
[    0.000000] user: [mem 0x000000004ae77000-0x000000004b2cefff] usable
[    0.000000] user: [mem 0x000000004b2cf000-0x000000004b54dfff] ACPI data
[    0.000000] user: [mem 0x000000004b54e000-0x000000004bd93fff] usable
[    0.000000] user: [mem 0x000000004bd94000-0x000000004be99fff] reserved
[    0.000000] user: [mem 0x000000004be9a000-0x000000004cdfffff] usable
[    0.000000] user: [mem 0x000000004ce00000-0x000000004cffffff] reserved
[    0.000000] user: [mem 0x000000004d000000-0x000000005eefdfff] usable
[    0.000000] user: [mem 0x000000005eefe000-0x000000006e3fefff] reserved
[    0.000000] user: [mem 0x000000006e3ff000-0x000000006f3fefff] ACPI NVS
[    0.000000] user: [mem 0x000000006f3ff000-0x000000006f7fefff] ACPI data
[    0.000000] user: [mem 0x000000006f7ff000-0x000000006f7fffff] usable
[    0.000000] user: [mem 0x000000006f800000-0x000000008fffffff] reserved
[    0.000000] user: [mem 0x00000000fe000000-0x00000000fe010fff] reserved
[    0.000000] user: [mem 0x0000000100000000-0x0000000b40ffffff] persistent (type 12)
[    0.000000] user: [mem 0x0000000b41000000-0x0000000fffffffff] usable
[    0.000000] user: [mem 0x0000001000000000-0x0000001ebfffffff] persistent (type 12)
[    0.000000] user: [mem 0x0000001ec0000000-0x000000207fffffff] usable
[    0.000000] user: [mem 0x0000002080000000-0x0000011c7fffffff] persistent (type 7)
[    0.000000] user: [mem 0x00001ffc00000000-0x00001fffffffffff] reserved
[    0.000000] efi: EFI v2.70 by Dell Inc.
[    0.000000] efi: ACPI=0x6f7fe000 ACPI 2.0=0x6f7fe014 MEMATTR=0x5b070020 SMBIOS=0x69526000 SMBIOS 3.0=0x69524000 MOKvar=0x5ef81000 RNG=0x5ef8a920 
[    0.000000] efi: seeding entropy pool
[    0.000000] random: fast init done
[    0.000000] SMBIOS 3.3.0 present.
[    0.000000] DMI: Dell Inc. PowerEdge R750/0K8F35, BIOS 1.10.2 03/03/2023
[    0.000000] tsc: Detected 2000.000 MHz processor
[    0.000007] e820: update [mem 0x00000000-0x00000fff] usable ==> reserved
[    0.000010] e820: remove [mem 0x000a0000-0x000fffff] usable
[    0.000018] last_pfn = 0x2080000 max_arch_pfn = 0x400000000
[    0.000193] x86/PAT: Configuration [0-7]: WB  WC  UC- UC  WB  WP  UC- WT  
[    0.002802] total RAM covered: 2095088M
[    0.002885]  gran_size: 64K 	chunk_size: 64K 	num_reg: 10  	lose cover RAM: 2016G
[    0.002888]  gran_size: 64K 	chunk_size: 128K 	num_reg: 10  	lose cover RAM: 2016G
[    0.002889]  gran_size: 64K 	chunk_size: 256K 	num_reg: 10  	lose cover RAM: 2016G
[    0.002891]  gran_size: 64K 	chunk_size: 512K 	num_reg: 10  	lose cover RAM: 2016G
[    0.002892]  gran_size: 64K 	chunk_size: 1M 	num_reg: 10  	lose cover RAM: 2016G
[    0.002893]  gran_size: 64K 	chunk_size: 2M 	num_reg: 10  	lose cover RAM: 2016G
[    0.002895]  gran_size: 64K 	chunk_size: 4M 	num_reg: 10  	lose cover RAM: 2016G
[    0.002896]  gran_size: 64K 	chunk_size: 8M 	num_reg: 10  	lose cover RAM: 2016G
[    0.002897]  gran_size: 64K 	chunk_size: 16M 	num_reg: 10  	lose cover RAM: 2016G
[    0.002899]  gran_size: 64K 	chunk_size: 32M 	num_reg: 10  	lose cover RAM: 1024G
[    0.002900]  gran_size: 64K 	chunk_size: 64M 	num_reg: 10  	lose cover RAM: 1024G
[    0.002901]  gran_size: 64K 	chunk_size: 128M 	num_reg: 10  	lose cover RAM: 1024G
[    0.002902]  gran_size: 64K 	chunk_size: 256M 	num_reg: 10  	lose cover RAM: 1024G
[    0.002903]  gran_size: 64K 	chunk_size: 512M 	num_reg: 10  	lose cover RAM: 1024G
[    0.002905]  gran_size: 64K 	chunk_size: 1G 	num_reg: 10  	lose cover RAM: 1024G
[    0.002906]  gran_size: 64K 	chunk_size: 2G 	num_reg: 10  	lose cover RAM: 1024G
[    0.002907]  gran_size: 128K 	chunk_size: 128K 	num_reg: 10  	lose cover RAM: 2016G
[    0.002909]  gran_size: 128K 	chunk_size: 256K 	num_reg: 10  	lose cover RAM: 2016G
[    0.002910]  gran_size: 128K 	chunk_size: 512K 	num_reg: 10  	lose cover RAM: 2016G
[    0.002911]  gran_size: 128K 	chunk_size: 1M 	num_reg: 10  	lose cover RAM: 2016G
[    0.002913]  gran_size: 128K 	chunk_size: 2M 	num_reg: 10  	lose cover RAM: 2016G
[    0.002914]  gran_size: 128K 	chunk_size: 4M 	num_reg: 10  	lose cover RAM: 2016G
[    0.002915]  gran_size: 128K 	chunk_size: 8M 	num_reg: 10  	lose cover RAM: 2016G
[    0.002916]  gran_size: 128K 	chunk_size: 16M 	num_reg: 10  	lose cover RAM: 2016G
[    0.002918]  gran_size: 128K 	chunk_size: 32M 	num_reg: 10  	lose cover RAM: 1024G
[    0.002919]  gran_size: 128K 	chunk_size: 64M 	num_reg: 10  	lose cover RAM: 1024G
[    0.002920]  gran_size: 128K 	chunk_size: 128M 	num_reg: 10  	lose cover RAM: 1024G
[    0.002922]  gran_size: 128K 	chunk_size: 256M 	num_reg: 10  	lose cover RAM: 1024G
[    0.002923]  gran_size: 128K 	chunk_size: 512M 	num_reg: 10  	lose cover RAM: 1024G
[    0.002924]  gran_size: 128K 	chunk_size: 1G 	num_reg: 10  	lose cover RAM: 1024G
[    0.002926]  gran_size: 128K 	chunk_size: 2G 	num_reg: 10  	lose cover RAM: 1024G
[    0.002927]  gran_size: 256K 	chunk_size: 256K 	num_reg: 10  	lose cover RAM: 2016G
[    0.002928]  gran_size: 256K 	chunk_size: 512K 	num_reg: 10  	lose cover RAM: 2016G
[    0.002930]  gran_size: 256K 	chunk_size: 1M 	num_reg: 10  	lose cover RAM: 2016G
[    0.002931]  gran_size: 256K 	chunk_size: 2M 	num_reg: 10  	lose cover RAM: 2016G
[    0.002932]  gran_size: 256K 	chunk_size: 4M 	num_reg: 10  	lose cover RAM: 2016G
[    0.002934]  gran_size: 256K 	chunk_size: 8M 	num_reg: 10  	lose cover RAM: 2016G
[    0.002935]  gran_size: 256K 	chunk_size: 16M 	num_reg: 10  	lose cover RAM: 2016G
[    0.002936]  gran_size: 256K 	chunk_size: 32M 	num_reg: 10  	lose cover RAM: 1024G
[    0.002937]  gran_size: 256K 	chunk_size: 64M 	num_reg: 10  	lose cover RAM: 1024G
[    0.002938]  gran_size: 256K 	chunk_size: 128M 	num_reg: 10  	lose cover RAM: 1024G
[    0.002940]  gran_size: 256K 	chunk_size: 256M 	num_reg: 10  	lose cover RAM: 1024G
[    0.002941]  gran_size: 256K 	chunk_size: 512M 	num_reg: 10  	lose cover RAM: 1024G
[    0.002942]  gran_size: 256K 	chunk_size: 1G 	num_reg: 10  	lose cover RAM: 1024G
[    0.002944]  gran_size: 256K 	chunk_size: 2G 	num_reg: 10  	lose cover RAM: 1024G
[    0.002945]  gran_size: 512K 	chunk_size: 512K 	num_reg: 10  	lose cover RAM: 2016G
[    0.002946]  gran_size: 512K 	chunk_size: 1M 	num_reg: 10  	lose cover RAM: 2016G
[    0.002948]  gran_size: 512K 	chunk_size: 2M 	num_reg: 10  	lose cover RAM: 2016G
[    0.002949]  gran_size: 512K 	chunk_size: 4M 	num_reg: 10  	lose cover RAM: 2016G
[    0.002950]  gran_size: 512K 	chunk_size: 8M 	num_reg: 10  	lose cover RAM: 2016G
[    0.002952]  gran_size: 512K 	chunk_size: 16M 	num_reg: 10  	lose cover RAM: 2016G
[    0.002953]  gran_size: 512K 	chunk_size: 32M 	num_reg: 10  	lose cover RAM: 1024G
[    0.002954]  gran_size: 512K 	chunk_size: 64M 	num_reg: 10  	lose cover RAM: 1024G
[    0.002955]  gran_size: 512K 	chunk_size: 128M 	num_reg: 10  	lose cover RAM: 1024G
[    0.002957]  gran_size: 512K 	chunk_size: 256M 	num_reg: 10  	lose cover RAM: 1024G
[    0.002958]  gran_size: 512K 	chunk_size: 512M 	num_reg: 10  	lose cover RAM: 1024G
[    0.002959]  gran_size: 512K 	chunk_size: 1G 	num_reg: 10  	lose cover RAM: 1024G
[    0.002960]  gran_size: 512K 	chunk_size: 2G 	num_reg: 10  	lose cover RAM: 1024G
[    0.002962]  gran_size: 1M 	chunk_size: 1M 	num_reg: 10  	lose cover RAM: 2016G
[    0.002963]  gran_size: 1M 	chunk_size: 2M 	num_reg: 10  	lose cover RAM: 2016G
[    0.002964]  gran_size: 1M 	chunk_size: 4M 	num_reg: 10  	lose cover RAM: 2016G
[    0.002965]  gran_size: 1M 	chunk_size: 8M 	num_reg: 10  	lose cover RAM: 2016G
[    0.002967]  gran_size: 1M 	chunk_size: 16M 	num_reg: 10  	lose cover RAM: 2016G
[    0.002968]  gran_size: 1M 	chunk_size: 32M 	num_reg: 10  	lose cover RAM: 1024G
[    0.002969]  gran_size: 1M 	chunk_size: 64M 	num_reg: 10  	lose cover RAM: 1024G
[    0.002970]  gran_size: 1M 	chunk_size: 128M 	num_reg: 10  	lose cover RAM: 1024G
[    0.002972]  gran_size: 1M 	chunk_size: 256M 	num_reg: 10  	lose cover RAM: 1024G
[    0.002973]  gran_size: 1M 	chunk_size: 512M 	num_reg: 10  	lose cover RAM: 1024G
[    0.002974]  gran_size: 1M 	chunk_size: 1G 	num_reg: 10  	lose cover RAM: 1024G
[    0.002976]  gran_size: 1M 	chunk_size: 2G 	num_reg: 10  	lose cover RAM: 1024G
[    0.002977]  gran_size: 2M 	chunk_size: 2M 	num_reg: 10  	lose cover RAM: 2016G
[    0.002978]  gran_size: 2M 	chunk_size: 4M 	num_reg: 10  	lose cover RAM: 2016G
[    0.002979]  gran_size: 2M 	chunk_size: 8M 	num_reg: 10  	lose cover RAM: 2016G
[    0.002980]  gran_size: 2M 	chunk_size: 16M 	num_reg: 10  	lose cover RAM: 2016G
[    0.002982]  gran_size: 2M 	chunk_size: 32M 	num_reg: 10  	lose cover RAM: 1024G
[    0.002983]  gran_size: 2M 	chunk_size: 64M 	num_reg: 10  	lose cover RAM: 1024G
[    0.002984]  gran_size: 2M 	chunk_size: 128M 	num_reg: 10  	lose cover RAM: 1024G
[    0.002986]  gran_size: 2M 	chunk_size: 256M 	num_reg: 10  	lose cover RAM: 1024G
[    0.002987]  gran_size: 2M 	chunk_size: 512M 	num_reg: 10  	lose cover RAM: 1024G
[    0.002989]  gran_size: 2M 	chunk_size: 1G 	num_reg: 10  	lose cover RAM: 1024G
[    0.002990]  gran_size: 2M 	chunk_size: 2G 	num_reg: 10  	lose cover RAM: 1024G
[    0.002991]  gran_size: 4M 	chunk_size: 4M 	num_reg: 10  	lose cover RAM: 2016G
[    0.002992]  gran_size: 4M 	chunk_size: 8M 	num_reg: 10  	lose cover RAM: 2016G
[    0.002994]  gran_size: 4M 	chunk_size: 16M 	num_reg: 10  	lose cover RAM: 2016G
[    0.002995]  gran_size: 4M 	chunk_size: 32M 	num_reg: 10  	lose cover RAM: 1024G
[    0.002996]  gran_size: 4M 	chunk_size: 64M 	num_reg: 10  	lose cover RAM: 1024G
[    0.002997]  gran_size: 4M 	chunk_size: 128M 	num_reg: 10  	lose cover RAM: 1024G
[    0.002999]  gran_size: 4M 	chunk_size: 256M 	num_reg: 10  	lose cover RAM: 1024G
[    0.003000]  gran_size: 4M 	chunk_size: 512M 	num_reg: 10  	lose cover RAM: 1024G
[    0.003001]  gran_size: 4M 	chunk_size: 1G 	num_reg: 10  	lose cover RAM: 1024G
[    0.003002]  gran_size: 4M 	chunk_size: 2G 	num_reg: 10  	lose cover RAM: 1024G
[    0.003004]  gran_size: 8M 	chunk_size: 8M 	num_reg: 10  	lose cover RAM: 2016G
[    0.003005]  gran_size: 8M 	chunk_size: 16M 	num_reg: 10  	lose cover RAM: 2016G
[    0.003006]  gran_size: 8M 	chunk_size: 32M 	num_reg: 10  	lose cover RAM: 1024G
[    0.003008]  gran_size: 8M 	chunk_size: 64M 	num_reg: 10  	lose cover RAM: 1024G
[    0.003009]  gran_size: 8M 	chunk_size: 128M 	num_reg: 10  	lose cover RAM: 1024G
[    0.003010]  gran_size: 8M 	chunk_size: 256M 	num_reg: 10  	lose cover RAM: 1024G
[    0.003012]  gran_size: 8M 	chunk_size: 512M 	num_reg: 10  	lose cover RAM: 1024G
[    0.003013]  gran_size: 8M 	chunk_size: 1G 	num_reg: 10  	lose cover RAM: 1024G
[    0.003014]  gran_size: 8M 	chunk_size: 2G 	num_reg: 10  	lose cover RAM: 1024G
[    0.003015]  gran_size: 16M 	chunk_size: 16M 	num_reg: 10  	lose cover RAM: 2016G
[    0.003017]  gran_size: 16M 	chunk_size: 32M 	num_reg: 10  	lose cover RAM: 1024G
[    0.003018]  gran_size: 16M 	chunk_size: 64M 	num_reg: 10  	lose cover RAM: 1024G
[    0.003019]  gran_size: 16M 	chunk_size: 128M 	num_reg: 10  	lose cover RAM: 1024G
[    0.003021]  gran_size: 16M 	chunk_size: 256M 	num_reg: 10  	lose cover RAM: 1024G
[    0.003022]  gran_size: 16M 	chunk_size: 512M 	num_reg: 10  	lose cover RAM: 1024G
[    0.003023]  gran_size: 16M 	chunk_size: 1G 	num_reg: 10  	lose cover RAM: 1024G
[    0.003024]  gran_size: 16M 	chunk_size: 2G 	num_reg: 10  	lose cover RAM: 1024G
[    0.003026]  gran_size: 32M 	chunk_size: 32M 	num_reg: 10  	lose cover RAM: 2031632M
[    0.003027]  gran_size: 32M 	chunk_size: 64M 	num_reg: 10  	lose cover RAM: 1048592M
[    0.003028]  gran_size: 32M 	chunk_size: 128M 	num_reg: 10  	lose cover RAM: 1048592M
[    0.003030]  gran_size: 32M 	chunk_size: 256M 	num_reg: 10  	lose cover RAM: 1048592M
[    0.003031]  gran_size: 32M 	chunk_size: 512M 	num_reg: 10  	lose cover RAM: 1048592M
[    0.003032]  gran_size: 32M 	chunk_size: 1G 	num_reg: 10  	lose cover RAM: 1048592M
[    0.003033]  gran_size: 32M 	chunk_size: 2G 	num_reg: 10  	lose cover RAM: 1048592M
[    0.003035]  gran_size: 64M 	chunk_size: 64M 	num_reg: 10  	lose cover RAM: 1966128M
[    0.003036]  gran_size: 64M 	chunk_size: 128M 	num_reg: 10  	lose cover RAM: 1048624M
[    0.003037]  gran_size: 64M 	chunk_size: 256M 	num_reg: 10  	lose cover RAM: 1048624M
[    0.003038]  gran_size: 64M 	chunk_size: 512M 	num_reg: 10  	lose cover RAM: 1048624M
[    0.003040]  gran_size: 64M 	chunk_size: 1G 	num_reg: 10  	lose cover RAM: 1048624M
[    0.003041]  gran_size: 64M 	chunk_size: 2G 	num_reg: 10  	lose cover RAM: 1048624M
[    0.003042]  gran_size: 128M 	chunk_size: 128M 	num_reg: 10  	lose cover RAM: 1835120M
[    0.003044]  gran_size: 128M 	chunk_size: 256M 	num_reg: 10  	lose cover RAM: 1048688M
[    0.003045]  gran_size: 128M 	chunk_size: 512M 	num_reg: 10  	lose cover RAM: 1048688M
[    0.003047]  gran_size: 128M 	chunk_size: 1G 	num_reg: 10  	lose cover RAM: 1048688M
[    0.003048]  gran_size: 128M 	chunk_size: 2G 	num_reg: 10  	lose cover RAM: 1048688M
[    0.003049]  gran_size: 256M 	chunk_size: 256M 	num_reg: 10  	lose cover RAM: 1573104M
[    0.003051]  gran_size: 256M 	chunk_size: 512M 	num_reg: 10  	lose cover RAM: 1048816M
[    0.003052]  gran_size: 256M 	chunk_size: 1G 	num_reg: 10  	lose cover RAM: 1048816M
[    0.003053]  gran_size: 256M 	chunk_size: 2G 	num_reg: 10  	lose cover RAM: 1048816M
[    0.003054]  gran_size: 512M 	chunk_size: 512M 	num_reg: 10  	lose cover RAM: 1049072M
[    0.003056]  gran_size: 512M 	chunk_size: 1G 	num_reg: 10  	lose cover RAM: 1049072M
[    0.003057]  gran_size: 512M 	chunk_size: 2G 	num_reg: 10  	lose cover RAM: 1049072M
[    0.003058]  gran_size: 1G 	chunk_size: 1G 	num_reg: 10  	lose cover RAM: 1008M
[    0.003060]  gran_size: 1G 	chunk_size: 2G 	num_reg: 10  	lose cover RAM: 1008M
[    0.003061]  gran_size: 2G 	chunk_size: 2G 	num_reg: 9  	lose cover RAM: 2032M
[    0.003062] mtrr_cleanup: can not find optimal value
[    0.003063] please specify mtrr_gran_size/mtrr_chunk_size
[    0.003065] e820: update [mem 0x7f000000-0xffffffff] usable ==> reserved
[    0.003068] x2apic: enabled by BIOS, switching to x2apic ops
[    0.003069] last_pfn = 0x6f800 max_arch_pfn = 0x400000000
[    0.014397] Using GB pages for direct mapping
[    0.015526] Secure boot disabled
[    0.015527] RAMDISK: [mem 0x205cb7c000-0x207fffffff]
[    0.015532] ACPI: Early table checksum verification disabled
[    0.015535] ACPI: RSDP 0x000000006F7FE014 000024 (v02 DELL  )
[    0.015538] ACPI: XSDT 0x000000006F41C188 0000F4 (v01 DELL   PE_SC3   00000000 DELL 01000013)
[    0.015544] ACPI: FACP 0x000000006F430000 000114 (v06 DELL   PE_SC3   00000000 DELL 00000001)
[    0.015549] ACPI: DSDT 0x000000004B4CE000 07FAD3 (v02 DELL   PE_SC3   00000003 DELL 00000001)
[    0.015553] ACPI: FACS 0x000000006F2F2000 000040
[    0.015556] ACPI: SSDT 0x000000006F7FB000 00159A (v02 INTEL  RAS_ACPI 00000001 INTL 20210331)
[    0.015559] ACPI: SSDT 0x000000006F7FA000 000745 (v02 INTEL  ADDRXLAT 00000001 INTL 20210331)
[    0.015562] ACPI: MCEJ 0x000000006F7F9000 000130 (v01 INTEL           00000001 INTL 0100000D)
[    0.015566] ACPI: BERT 0x000000006F7F8000 000030 (v01 DELL   PE_SC3   00000001 INTL 00000001)
[    0.015569] ACPI: ERST 0x000000006F7F7000 000230 (v01 DELL   PE_SC3   00000001 INTL 00000001)
[    0.015573] ACPI: SSDT 0x000000006F431000 3C524E (v02 INTEL  SSDTNVDR 00001000 INTL 20210331)
[    0.015576] ACPI: HMAT 0x000000006F42F000 000210 (v01 DELL   PE_SC3   00000001 DELL 00000001)
[    0.015579] ACPI: HPET 0x000000006F42E000 000038 (v01 DELL   PE_SC3   00000001 DELL 00000001)
[    0.015582] ACPI: MCFG 0x000000006F42D000 00003C (v01 DELL   PE_SC3   00000001 DELL 00000001)
[    0.015586] ACPI: MIGT 0x000000006F42C000 000040 (v01 DELL   PE_SC3   00000000 DELL 00000001)
[    0.015589] ACPI: MSCT 0x000000006F42B000 000090 (v01 DELL   PE_SC3   00000001 DELL 00000001)
[    0.015592] ACPI: PMTT 0x000000006F429000 0011E8 (v02 DELL   PE_SC3   00000001 DELL 00000001)
[    0.015595] ACPI: WSMT 0x000000006F428000 000028 (v01 DELL   PE_SC3   00000000 DELL 00000001)
[    0.015599] ACPI: APIC 0x000000006F427000 00075E (v04 DELL   PE_SC3   00000000 DELL 00000001)
[    0.015602] ACPI: SLIT 0x000000006F426000 00003C (v01 DELL   PE_SC3   00000001 DELL 01000013)
[    0.015605] ACPI: SRAT 0x000000006F41F000 006430 (v03 DELL   PE_SC3   00000002 DELL 01000013)
[    0.015608] ACPI: OEM4 0x000000004B346000 187A61 (v02 INTEL  CPU  CST 00003000 INTL 20210331)
[    0.015611] ACPI: SSDT 0x000000004B2CF000 0764A5 (v02 INTEL  SSDT  PM 00004000 INTL 20210331)
[    0.015615] ACPI: SSDT 0x000000006F41E000 000A1F (v02 DELL   PE_SC3   00000000 DELL 00000001)
[    0.015618] ACPI: HEST 0x000000006F41D000 00017C (v01 DELL   PE_SC3   00000001 INTL 00000001)
[    0.015621] ACPI: PCAT 0x000000006F41B000 00010C (v19 DELL   PE_SC3   00000002 DELL 00000001)
[    0.015624] ACPI: SSDT 0x000000006F413000 007299 (v02 INTEL  SpsNm    00000002 INTL 20210331)
[    0.015628] ACPI: SSDT 0x000000006F412000 000426 (v02 DELL   PE_SC3   00000002 DELL 00000001)
[    0.015631] ACPI: NFIT 0x000000006F7FD000 000488 (v01 DELL   PE_SC3   00000002 DELL 00000001)
[    0.015634] ACPI: DMAR 0x000000006F411000 000158 (v01 DELL   PE_SC3   00000001 DELL 00000001)
[    0.015637] ACPI: Reserving FACP table memory at [mem 0x6f430000-0x6f430113]
[    0.015638] ACPI: Reserving DSDT table memory at [mem 0x4b4ce000-0x4b54dad2]
[    0.015639] ACPI: Reserving FACS table memory at [mem 0x6f2f2000-0x6f2f203f]
[    0.015640] ACPI: Reserving SSDT table memory at [mem 0x6f7fb000-0x6f7fc599]
[    0.015641] ACPI: Reserving SSDT table memory at [mem 0x6f7fa000-0x6f7fa744]
[    0.015642] ACPI: Reserving MCEJ table memory at [mem 0x6f7f9000-0x6f7f912f]
[    0.015643] ACPI: Reserving BERT table memory at [mem 0x6f7f8000-0x6f7f802f]
[    0.015644] ACPI: Reserving ERST table memory at [mem 0x6f7f7000-0x6f7f722f]
[    0.015645] ACPI: Reserving SSDT table memory at [mem 0x6f431000-0x6f7f624d]
[    0.015645] ACPI: Reserving HMAT table memory at [mem 0x6f42f000-0x6f42f20f]
[    0.015646] ACPI: Reserving HPET table memory at [mem 0x6f42e000-0x6f42e037]
[    0.015647] ACPI: Reserving MCFG table memory at [mem 0x6f42d000-0x6f42d03b]
[    0.015648] ACPI: Reserving MIGT table memory at [mem 0x6f42c000-0x6f42c03f]
[    0.015649] ACPI: Reserving MSCT table memory at [mem 0x6f42b000-0x6f42b08f]
[    0.015650] ACPI: Reserving PMTT table memory at [mem 0x6f429000-0x6f42a1e7]
[    0.015651] ACPI: Reserving WSMT table memory at [mem 0x6f428000-0x6f428027]
[    0.015652] ACPI: Reserving APIC table memory at [mem 0x6f427000-0x6f42775d]
[    0.015653] ACPI: Reserving SLIT table memory at [mem 0x6f426000-0x6f42603b]
[    0.015653] ACPI: Reserving SRAT table memory at [mem 0x6f41f000-0x6f42542f]
[    0.015654] ACPI: Reserving OEM4 table memory at [mem 0x4b346000-0x4b4cda60]
[    0.015655] ACPI: Reserving SSDT table memory at [mem 0x4b2cf000-0x4b3454a4]
[    0.015656] ACPI: Reserving SSDT table memory at [mem 0x6f41e000-0x6f41ea1e]
[    0.015657] ACPI: Reserving HEST table memory at [mem 0x6f41d000-0x6f41d17b]
[    0.015658] ACPI: Reserving PCAT table memory at [mem 0x6f41b000-0x6f41b10b]
[    0.015659] ACPI: Reserving SSDT table memory at [mem 0x6f413000-0x6f41a298]
[    0.015660] ACPI: Reserving SSDT table memory at [mem 0x6f412000-0x6f412425]
[    0.015661] ACPI: Reserving NFIT table memory at [mem 0x6f7fd000-0x6f7fd487]
[    0.015662] ACPI: Reserving DMAR table memory at [mem 0x6f411000-0x6f411157]
[    0.015672] Setting APIC routing to cluster x2apic.
[    0.015719] SRAT: PXM 0 -> APIC 0x0000 -> Node 0
[    0.015720] SRAT: PXM 0 -> APIC 0x0001 -> Node 0
[    0.015721] SRAT: PXM 0 -> APIC 0x0002 -> Node 0
[    0.015722] SRAT: PXM 0 -> APIC 0x0003 -> Node 0
[    0.015722] SRAT: PXM 0 -> APIC 0x0004 -> Node 0
[    0.015723] SRAT: PXM 0 -> APIC 0x0005 -> Node 0
[    0.015723] SRAT: PXM 0 -> APIC 0x0006 -> Node 0
[    0.015724] SRAT: PXM 0 -> APIC 0x0007 -> Node 0
[    0.015725] SRAT: PXM 0 -> APIC 0x0008 -> Node 0
[    0.015725] SRAT: PXM 0 -> APIC 0x0009 -> Node 0
[    0.015726] SRAT: PXM 0 -> APIC 0x000a -> Node 0
[    0.015727] SRAT: PXM 0 -> APIC 0x000b -> Node 0
[    0.015727] SRAT: PXM 0 -> APIC 0x000c -> Node 0
[    0.015728] SRAT: PXM 0 -> APIC 0x000d -> Node 0
[    0.015729] SRAT: PXM 0 -> APIC 0x000e -> Node 0
[    0.015729] SRAT: PXM 0 -> APIC 0x000f -> Node 0
[    0.015730] SRAT: PXM 0 -> APIC 0x0010 -> Node 0
[    0.015731] SRAT: PXM 0 -> APIC 0x0011 -> Node 0
[    0.015731] SRAT: PXM 0 -> APIC 0x0012 -> Node 0
[    0.015732] SRAT: PXM 0 -> APIC 0x0013 -> Node 0
[    0.015733] SRAT: PXM 0 -> APIC 0x0014 -> Node 0
[    0.015733] SRAT: PXM 0 -> APIC 0x0015 -> Node 0
[    0.015734] SRAT: PXM 0 -> APIC 0x0016 -> Node 0
[    0.015735] SRAT: PXM 0 -> APIC 0x0017 -> Node 0
[    0.015735] SRAT: PXM 0 -> APIC 0x0018 -> Node 0
[    0.015736] SRAT: PXM 0 -> APIC 0x0019 -> Node 0
[    0.015736] SRAT: PXM 0 -> APIC 0x001a -> Node 0
[    0.015737] SRAT: PXM 0 -> APIC 0x001b -> Node 0
[    0.015738] SRAT: PXM 0 -> APIC 0x001c -> Node 0
[    0.015738] SRAT: PXM 0 -> APIC 0x001d -> Node 0
[    0.015739] SRAT: PXM 0 -> APIC 0x001e -> Node 0
[    0.015740] SRAT: PXM 0 -> APIC 0x001f -> Node 0
[    0.015740] SRAT: PXM 0 -> APIC 0x0020 -> Node 0
[    0.015741] SRAT: PXM 0 -> APIC 0x0021 -> Node 0
[    0.015741] SRAT: PXM 0 -> APIC 0x0022 -> Node 0
[    0.015742] SRAT: PXM 0 -> APIC 0x0023 -> Node 0
[    0.015743] SRAT: PXM 0 -> APIC 0x0024 -> Node 0
[    0.015743] SRAT: PXM 0 -> APIC 0x0025 -> Node 0
[    0.015744] SRAT: PXM 0 -> APIC 0x0026 -> Node 0
[    0.015745] SRAT: PXM 0 -> APIC 0x0027 -> Node 0
[    0.015745] SRAT: PXM 0 -> APIC 0x0028 -> Node 0
[    0.015746] SRAT: PXM 0 -> APIC 0x0029 -> Node 0
[    0.015747] SRAT: PXM 0 -> APIC 0x002a -> Node 0
[    0.015747] SRAT: PXM 0 -> APIC 0x002b -> Node 0
[    0.015748] SRAT: PXM 0 -> APIC 0x002c -> Node 0
[    0.015748] SRAT: PXM 0 -> APIC 0x002d -> Node 0
[    0.015749] SRAT: PXM 0 -> APIC 0x002e -> Node 0
[    0.015750] SRAT: PXM 0 -> APIC 0x002f -> Node 0
[    0.015750] SRAT: PXM 0 -> APIC 0x0030 -> Node 0
[    0.015751] SRAT: PXM 0 -> APIC 0x0031 -> Node 0
[    0.015752] SRAT: PXM 0 -> APIC 0x0032 -> Node 0
[    0.015752] SRAT: PXM 0 -> APIC 0x0033 -> Node 0
[    0.015753] SRAT: PXM 0 -> APIC 0x0034 -> Node 0
[    0.015754] SRAT: PXM 0 -> APIC 0x0035 -> Node 0
[    0.015754] SRAT: PXM 0 -> APIC 0x0036 -> Node 0
[    0.015755] SRAT: PXM 0 -> APIC 0x0037 -> Node 0
[    0.015756] SRAT: PXM 1 -> APIC 0x0080 -> Node 1
[    0.015756] SRAT: PXM 1 -> APIC 0x0081 -> Node 1
[    0.015757] SRAT: PXM 1 -> APIC 0x0082 -> Node 1
[    0.015758] SRAT: PXM 1 -> APIC 0x0083 -> Node 1
[    0.015758] SRAT: PXM 1 -> APIC 0x0084 -> Node 1
[    0.015759] SRAT: PXM 1 -> APIC 0x0085 -> Node 1
[    0.015760] SRAT: PXM 1 -> APIC 0x0086 -> Node 1
[    0.015760] SRAT: PXM 1 -> APIC 0x0087 -> Node 1
[    0.015761] SRAT: PXM 1 -> APIC 0x0088 -> Node 1
[    0.015761] SRAT: PXM 1 -> APIC 0x0089 -> Node 1
[    0.015762] SRAT: PXM 1 -> APIC 0x008a -> Node 1
[    0.015763] SRAT: PXM 1 -> APIC 0x008b -> Node 1
[    0.015763] SRAT: PXM 1 -> APIC 0x008c -> Node 1
[    0.015764] SRAT: PXM 1 -> APIC 0x008d -> Node 1
[    0.015765] SRAT: PXM 1 -> APIC 0x008e -> Node 1
[    0.015765] SRAT: PXM 1 -> APIC 0x008f -> Node 1
[    0.015766] SRAT: PXM 1 -> APIC 0x0090 -> Node 1
[    0.015767] SRAT: PXM 1 -> APIC 0x0091 -> Node 1
[    0.015767] SRAT: PXM 1 -> APIC 0x0092 -> Node 1
[    0.015768] SRAT: PXM 1 -> APIC 0x0093 -> Node 1
[    0.015768] SRAT: PXM 1 -> APIC 0x0094 -> Node 1
[    0.015769] SRAT: PXM 1 -> APIC 0x0095 -> Node 1
[    0.015770] SRAT: PXM 1 -> APIC 0x0096 -> Node 1
[    0.015770] SRAT: PXM 1 -> APIC 0x0097 -> Node 1
[    0.015771] SRAT: PXM 1 -> APIC 0x0098 -> Node 1
[    0.015772] SRAT: PXM 1 -> APIC 0x0099 -> Node 1
[    0.015772] SRAT: PXM 1 -> APIC 0x009a -> Node 1
[    0.015773] SRAT: PXM 1 -> APIC 0x009b -> Node 1
[    0.015774] SRAT: PXM 1 -> APIC 0x009c -> Node 1
[    0.015774] SRAT: PXM 1 -> APIC 0x009d -> Node 1
[    0.015775] SRAT: PXM 1 -> APIC 0x009e -> Node 1
[    0.015776] SRAT: PXM 1 -> APIC 0x009f -> Node 1
[    0.015776] SRAT: PXM 1 -> APIC 0x00a0 -> Node 1
[    0.015777] SRAT: PXM 1 -> APIC 0x00a1 -> Node 1
[    0.015777] SRAT: PXM 1 -> APIC 0x00a2 -> Node 1
[    0.015778] SRAT: PXM 1 -> APIC 0x00a3 -> Node 1
[    0.015779] SRAT: PXM 1 -> APIC 0x00a4 -> Node 1
[    0.015779] SRAT: PXM 1 -> APIC 0x00a5 -> Node 1
[    0.015780] SRAT: PXM 1 -> APIC 0x00a6 -> Node 1
[    0.015781] SRAT: PXM 1 -> APIC 0x00a7 -> Node 1
[    0.015781] SRAT: PXM 1 -> APIC 0x00a8 -> Node 1
[    0.015782] SRAT: PXM 1 -> APIC 0x00a9 -> Node 1
[    0.015783] SRAT: PXM 1 -> APIC 0x00aa -> Node 1
[    0.015783] SRAT: PXM 1 -> APIC 0x00ab -> Node 1
[    0.015784] SRAT: PXM 1 -> APIC 0x00ac -> Node 1
[    0.015784] SRAT: PXM 1 -> APIC 0x00ad -> Node 1
[    0.015785] SRAT: PXM 1 -> APIC 0x00ae -> Node 1
[    0.015786] SRAT: PXM 1 -> APIC 0x00af -> Node 1
[    0.015786] SRAT: PXM 1 -> APIC 0x00b0 -> Node 1
[    0.015787] SRAT: PXM 1 -> APIC 0x00b1 -> Node 1
[    0.015788] SRAT: PXM 1 -> APIC 0x00b2 -> Node 1
[    0.015788] SRAT: PXM 1 -> APIC 0x00b3 -> Node 1
[    0.015789] SRAT: PXM 1 -> APIC 0x00b4 -> Node 1
[    0.015790] SRAT: PXM 1 -> APIC 0x00b5 -> Node 1
[    0.015790] SRAT: PXM 1 -> APIC 0x00b6 -> Node 1
[    0.015791] SRAT: PXM 1 -> APIC 0x00b7 -> Node 1
[    0.015803] ACPI: SRAT: Node 0 PXM 0 [mem 0x00000000-0x7fffffff]
[    0.015805] ACPI: SRAT: Node 0 PXM 0 [mem 0x100000000-0x107fffffff]
[    0.015806] ACPI: SRAT: Node 2 PXM 2 [mem 0x2080000000-0x9e7fffffff] non-volatile
[    0.015808] ACPI: SRAT: Node 1 PXM 1 [mem 0x1080000000-0x207fffffff]
[    0.015809] ACPI: SRAT: Node 3 PXM 3 [mem 0x9e80000000-0x11c7fffffff] non-volatile
[    0.015818] NUMA: Initialized distance table, cnt=4
[    0.015820] NUMA: Node 0 [mem 0x00000000-0x7fffffff] + [mem 0x100000000-0x107fffffff] -> [mem 0x00000000-0x107fffffff]
[    0.015829] NODE_DATA(0) allocated [mem 0xffffd5000-0xfffffffff]
[    0.015850] NODE_DATA(1) allocated [mem 0x205cb4e000-0x205cb78fff]
[    0.016053] Zone ranges:
[    0.016053]   DMA      [mem 0x0000000000001000-0x0000000000ffffff]
[    0.016055]   DMA32    [mem 0x0000000001000000-0x00000000ffffffff]
[    0.016057]   Normal   [mem 0x0000000100000000-0x000000207fffffff]
[    0.016058]   Device   empty
[    0.016059] Movable zone start for each node
[    0.016063] Early memory node ranges
[    0.016063]   node   0: [mem 0x0000000000001000-0x000000000008efff]
[    0.016065]   node   0: [mem 0x0000000000090000-0x000000000009ffff]
[    0.016066]   node   0: [mem 0x0000000000100000-0x0000000049e76fff]
[    0.016067]   node   0: [mem 0x000000004ae77000-0x000000004b2cefff]
[    0.016067]   node   0: [mem 0x000000004b54e000-0x000000004bd93fff]
[    0.016068]   node   0: [mem 0x000000004be9a000-0x000000004cdfffff]
[    0.016069]   node   0: [mem 0x000000004d000000-0x000000005eefdfff]
[    0.016070]   node   0: [mem 0x000000006f7ff000-0x000000006f7fffff]
[    0.016070]   node   0: [mem 0x0000000b41000000-0x0000000fffffffff]
[    0.016072]   node   1: [mem 0x0000001ec0000000-0x000000207fffffff]
[    0.016074] Initmem setup node 0 [mem 0x0000000000001000-0x0000000fffffffff]
[    0.016077] Initmem setup node 1 [mem 0x0000001ec0000000-0x000000207fffffff]
[    0.016080] On node 0, zone DMA: 1 pages in unavailable ranges
[    0.016081] On node 0, zone DMA: 1 pages in unavailable ranges
[    0.016109] On node 0, zone DMA: 96 pages in unavailable ranges
[    0.018337] On node 0, zone DMA32: 4096 pages in unavailable ranges
[    0.018358] On node 0, zone DMA32: 639 pages in unavailable ranges
[    0.018392] On node 0, zone DMA32: 262 pages in unavailable ranges
[    0.018910] On node 0, zone DMA32: 512 pages in unavailable ranges
[    0.019175] On node 0, zone DMA32: 35073 pages in unavailable ranges
[    0.055487] On node 0, zone Normal: 6144 pages in unavailable ranges
[    0.069760] ACPI: PM-Timer IO Port: 0x508
[    0.069779] ACPI: X2APIC_NMI (uid[0xffffffff] high edge lint[0x1])
[    0.069782] ACPI: LAPIC_NMI (acpi_id[0xff] high edge lint[0x1])
[    0.069801] IOAPIC[0]: apic_id 8, version 32, address 0xfec00000, GSI 0-119
[    0.069805] ACPI: INT_SRC_OVR (bus 0 bus_irq 0 global_irq 2 dfl dfl)
[    0.069807] ACPI: INT_SRC_OVR (bus 0 bus_irq 9 global_irq 9 high level)
[    0.069811] ACPI: Using ACPI (MADT) for SMP configuration information
[    0.069813] ACPI: HPET id: 0x8086a701 base: 0xfed00000
[    0.069818] TSC deadline timer available
[    0.069819] smpboot: Allowing 112 CPUs, 0 hotplug CPUs
[    0.069846] PM: hibernation: Registered nosave memory: [mem 0x00000000-0x00000fff]
[    0.069849] PM: hibernation: Registered nosave memory: [mem 0x0008f000-0x0008ffff]
[    0.069851] PM: hibernation: Registered nosave memory: [mem 0x000a0000-0x000fffff]
[    0.069852] PM: hibernation: Registered nosave memory: [mem 0x46cc5000-0x46cc5fff]
[    0.069854] PM: hibernation: Registered nosave memory: [mem 0x46cf6000-0x46cf6fff]
[    0.069855] PM: hibernation: Registered nosave memory: [mem 0x46cf7000-0x46cf7fff]
[    0.069857] PM: hibernation: Registered nosave memory: [mem 0x46d29000-0x46d29fff]
[    0.069858] PM: hibernation: Registered nosave memory: [mem 0x46d2a000-0x46d2afff]
[    0.069859] PM: hibernation: Registered nosave memory: [mem 0x46d5c000-0x46d5cfff]
[    0.069860] PM: hibernation: Registered nosave memory: [mem 0x46d5d000-0x46d5dfff]
[    0.069862] PM: hibernation: Registered nosave memory: [mem 0x46d65000-0x46d65fff]
[    0.069864] PM: hibernation: Registered nosave memory: [mem 0x49e77000-0x4ae76fff]
[    0.069865] PM: hibernation: Registered nosave memory: [mem 0x4b2cf000-0x4b54dfff]
[    0.069867] PM: hibernation: Registered nosave memory: [mem 0x4bd94000-0x4be99fff]
[    0.069869] PM: hibernation: Registered nosave memory: [mem 0x4ce00000-0x4cffffff]
[    0.069871] PM: hibernation: Registered nosave memory: [mem 0x5eefe000-0x6e3fefff]
[    0.069871] PM: hibernation: Registered nosave memory: [mem 0x6e3ff000-0x6f3fefff]
[    0.069872] PM: hibernation: Registered nosave memory: [mem 0x6f3ff000-0x6f7fefff]
[    0.069874] PM: hibernation: Registered nosave memory: [mem 0x6f800000-0x8fffffff]
[    0.069875] PM: hibernation: Registered nosave memory: [mem 0x90000000-0xfdffffff]
[    0.069875] PM: hibernation: Registered nosave memory: [mem 0xfe000000-0xfe010fff]
[    0.069876] PM: hibernation: Registered nosave memory: [mem 0xfe011000-0xffffffff]
[    0.069877] PM: hibernation: Registered nosave memory: [mem 0x100000000-0xb40ffffff]
[    0.069878] PM: hibernation: Registered nosave memory: [mem 0x1000000000-0x1ebfffffff]
[    0.069880] [mem 0x90000000-0xfdffffff] available for PCI devices
[    0.069882] Booting paravirtualized kernel on bare hardware
[    0.069884] clocksource: refined-jiffies: mask: 0xffffffff max_cycles: 0xffffffff, max_idle_ns: 7645519600211568 ns
[    0.069891] setup_percpu: NR_CPUS:8192 nr_cpumask_bits:112 nr_cpu_ids:112 nr_node_ids:4
[    0.074329] percpu: Embedded 53 pages/cpu s180224 r8192 d28672 u262144
[    0.074340] pcpu-alloc: s180224 r8192 d28672 u262144 alloc=1*2097152
[    0.074342] pcpu-alloc: [0] 000 002 004 006 008 010 012 014 
[    0.074348] pcpu-alloc: [0] 016 018 020 022 024 026 028 030 
[    0.074353] pcpu-alloc: [0] 032 034 036 038 040 042 044 046 
[    0.074357] pcpu-alloc: [0] 048 050 052 054 056 058 060 062 
[    0.074361] pcpu-alloc: [0] 064 066 068 070 072 074 076 078 
[    0.074365] pcpu-alloc: [0] 080 082 084 086 088 090 092 094 
[    0.074369] pcpu-alloc: [0] 096 098 100 102 104 106 108 110 
[    0.074373] pcpu-alloc: [1] 001 003 005 007 009 011 013 015 
[    0.074377] pcpu-alloc: [1] 017 019 021 023 025 027 029 031 
[    0.074382] pcpu-alloc: [1] 033 035 037 039 041 043 045 047 
[    0.074386] pcpu-alloc: [1] 049 051 053 055 057 059 061 063 
[    0.074390] pcpu-alloc: [1] 065 067 069 071 073 075 077 079 
[    0.074394] pcpu-alloc: [1] 081 083 085 087 089 091 093 095 
[    0.074398] pcpu-alloc: [1] 097 099 101 103 105 107 109 111 
[    0.074447] Built 2 zonelists, mobility grouping on.  Total pages: 7081300
[    0.074449] Policy zone: Normal
[    0.074451] Kernel command line: BOOT_IMAGE=/boot/vmlinuz-5.15.0-tiering-0.8 root=UUID=ce0c24b8-724b-4f33-9b2c-618433560aef ro memmap=42000M!4096M memmap=59G!64G quiet splash nomodeset vt.handoff=1
[    0.074569] You have booted with nomodeset. This means your GPU drivers are DISABLED
[    0.074570] Any video related functionality will be severely degraded, and you may not even be able to suspend the system properly
[    0.074570] Unless you actually understand what nomodeset does, you should reboot without enabling it
[    0.074591] Unknown command line parameters: splash BOOT_IMAGE=/boot/vmlinuz-5.15.0-tiering-0.8
[    0.074593] printk: log_buf_len individual max cpu contribution: 4096 bytes
[    0.074594] printk: log_buf_len total cpu_extra contributions: 454656 bytes
[    0.074595] printk: log_buf_len min size: 262144 bytes
[    0.075567] printk: log_buf_len: 1048576 bytes
[    0.075568] printk: early log buf free: 223792(85%)
[    0.077141] mem auto-init: stack:off, heap alloc:on, heap free:off
[    0.150674] Memory: 27485040K/28779616K available (14345K kernel code, 3484K rwdata, 10288K rodata, 2824K init, 5836K bss, 1294316K reserved, 0K cma-reserved)
[    0.150680] random: get_random_u64 called from __kmem_cache_create+0x2d/0x460 with crng_init=1
[    0.151552] SLUB: HWalign=64, Order=0-3, MinObjects=0, CPUs=112, Nodes=4
[    0.151585] ftrace: allocating 48223 entries in 189 pages
[    0.166828] ftrace: allocated 189 pages with 6 groups
[    0.167480] rcu: Hierarchical RCU implementation.
[    0.167481] rcu: 	RCU restricting CPUs from NR_CPUS=8192 to nr_cpu_ids=112.
[    0.167483] 	Rude variant of Tasks RCU enabled.
[    0.167483] 	Tracing variant of Tasks RCU enabled.
[    0.167484] rcu: RCU calculated value of scheduler-enlistment delay is 25 jiffies.
[    0.167485] rcu: Adjusting geometry for rcu_fanout_leaf=16, nr_cpu_ids=112
[    0.171446] NR_IRQS: 524544, nr_irqs: 2952, preallocated irqs: 16
[    0.171816] random: crng done (trusting CPU's manufacturer)
[    0.171953] Console: colour dummy device 80x25
[    0.171988] printk: console [tty0] enabled
[    0.172164] mempolicy: Enabling automatic NUMA balancing. Configure with numa_balancing= or the kernel.numa_balancing sysctl
[    0.172170] ACPI: Core revision 20210730
[    0.175607] clocksource: hpet: mask: 0xffffffff max_cycles: 0xffffffff, max_idle_ns: 79635855245 ns
[    0.175650] APIC: Switch to symmetric I/O mode setup
[    0.175652] DMAR: Host address width 46
[    0.175653] DMAR: DRHD base: 0x000000d0ffc000 flags: 0x0
[    0.175658] DMAR: dmar0: reg_base_addr d0ffc000 ver 4:0 cap 8ed008c40780466 ecap 60000f050df
[    0.175660] DMAR: DRHD base: 0x000000dbbfc000 flags: 0x0
[    0.175663] DMAR: dmar1: reg_base_addr dbbfc000 ver 4:0 cap 8ed008c40780466 ecap 60000f050df
[    0.175665] DMAR: DRHD base: 0x000000e67fc000 flags: 0x0
[    0.175668] DMAR: dmar2: reg_base_addr e67fc000 ver 4:0 cap 8ed008c40780466 ecap 60000f050df
[    0.175670] DMAR: DRHD base: 0x000000f13fc000 flags: 0x0
[    0.175673] DMAR: dmar3: reg_base_addr f13fc000 ver 4:0 cap 8ed008c40780466 ecap 60000f050df
[    0.175675] DMAR: DRHD base: 0x000000fb7fc000 flags: 0x0
[    0.175677] DMAR: dmar4: reg_base_addr fb7fc000 ver 4:0 cap 8ed008c40780466 ecap 60000f050df
[    0.175679] DMAR: DRHD base: 0x000000a63fc000 flags: 0x0
[    0.175682] DMAR: dmar5: reg_base_addr a63fc000 ver 4:0 cap 8ed008c40780466 ecap 60000f050df
[    0.175683] DMAR: DRHD base: 0x000000b0ffc000 flags: 0x0
[    0.175686] DMAR: dmar6: reg_base_addr b0ffc000 ver 4:0 cap 8ed008c40780466 ecap 60000f050df
[    0.175687] DMAR: DRHD base: 0x000000bbbfc000 flags: 0x0
[    0.175692] DMAR: dmar7: reg_base_addr bbbfc000 ver 4:0 cap 8ed008c40780466 ecap 60000f050df
[    0.175694] DMAR: DRHD base: 0x000000c5ffc000 flags: 0x0
[    0.175696] DMAR: dmar8: reg_base_addr c5ffc000 ver 4:0 cap 8ed008c40780466 ecap 60000f050df
[    0.175698] DMAR: DRHD base: 0x0000009b7fc000 flags: 0x1
[    0.175700] DMAR: dmar9: reg_base_addr 9b7fc000 ver 4:0 cap 8ed008c40780466 ecap 60000f050df
[    0.175702] DMAR: RMRR base: 0x00000069427000 end: 0x00000069429fff
[    0.175704] DMAR: ATSR flags: 0x0
[    0.175706] DMAR-IR: IOAPIC id 8 under DRHD base  0x9b7fc000 IOMMU 9
[    0.175708] DMAR-IR: HPET id 0 under DRHD base 0x9b7fc000
[    0.175709] DMAR-IR: Queued invalidation will be enabled to support x2apic and Intr-remapping.
[    0.178565] DMAR-IR: Enabled IRQ remapping in x2apic mode
[    0.181167] ..TIMER: vector=0x30 apic1=0 pin1=2 apic2=-1 pin2=-1
[    0.199581] clocksource: tsc-early: mask: 0xffffffffffffffff max_cycles: 0x39a85c9bff6, max_idle_ns: 881590591483 ns
[    0.199587] Calibrating delay loop (skipped), value calculated using timer frequency.. 4000.00 BogoMIPS (lpj=8000000)
[    0.199590] pid_max: default: 114688 minimum: 896
[    0.202954] LSM: Security Framework initializing
[    0.202969] Yama: becoming mindful.
[    0.203013] AppArmor: AppArmor initialized
[    0.207551] Dentry cache hash table entries: 4194304 (order: 13, 33554432 bytes, vmalloc)
[    0.209808] Inode-cache hash table entries: 2097152 (order: 12, 16777216 bytes, vmalloc)
[    0.209925] Mount-cache hash table entries: 65536 (order: 7, 524288 bytes, vmalloc)
[    0.209994] Mountpoint-cache hash table entries: 65536 (order: 7, 524288 bytes, vmalloc)
[    0.210649] x86/tme: not enabled by BIOS
[    0.210659] CPU0: Thermal monitoring enabled (TM1)
[    0.210661] x86/cpu: User Mode Instruction Prevention (UMIP) activated
[    0.210894] process: using mwait in idle threads
[    0.210896] Last level iTLB entries: 4KB 0, 2MB 0, 4MB 0
[    0.210897] Last level dTLB entries: 4KB 0, 2MB 0, 4MB 0, 1GB 0
[    0.210903] Spectre V1 : Mitigation: usercopy/swapgs barriers and __user pointer sanitization
[    0.210905] Spectre V2 : Mitigation: Enhanced IBRS
[    0.210905] Spectre V2 : Spectre v2 / SpectreRSB mitigation: Filling RSB on context switch
[    0.210907] Spectre V2 : mitigation: Enabling conditional Indirect Branch Prediction Barrier
[    0.210908] Speculative Store Bypass: Mitigation: Speculative Store Bypass disabled via prctl and seccomp
[    0.217162] Freeing SMP alternatives memory: 40K
[    0.219722] smpboot: Estimated ratio of average max frequency by base frequency (times 1024): 1433
[    0.219735] smpboot: CPU0: Intel(R) Xeon(R) Gold 6330 CPU @ 2.00GHz (family: 0x6, model: 0x6a, stepping: 0x6)
[    0.219924] Performance Events: PEBS fmt4+-baseline,  AnyThread deprecated, Icelake events, 32-deep LBR, full-width counters, Intel PMU driver.
[    0.219943] ... version:                5
[    0.219944] ... bit width:              48
[    0.219944] ... generic registers:      8
[    0.219945] ... value mask:             0000ffffffffffff
[    0.219946] ... max period:             00007fffffffffff
[    0.219946] ... fixed-purpose events:   4
[    0.219947] ... event mask:             0001000f000000ff
[    0.220069] rcu: Hierarchical SRCU implementation.
[    0.227132] NMI watchdog: Enabled. Permanently consumes one hw-PMU counter.
[    0.228158] smp: Bringing up secondary CPUs ...
[    0.228261] x86: Booting SMP configuration:
[    0.228262] .... node  #1, CPUs:          #1
[    0.007818] smpboot: CPU 1 Converting physical 0 to logical die 1

[    0.315695] .... node  #0, CPUs:     #2
[    0.321080] .... node  #1, CPUs:     #3
[    0.326523] .... node  #0, CPUs:     #4
[    0.331899] .... node  #1, CPUs:     #5
[    0.337309] .... node  #0, CPUs:     #6
[    0.342890] .... node  #1, CPUs:     #7
[    0.348491] .... node  #0, CPUs:     #8
[    0.353782] .... node  #1, CPUs:     #9
[    0.359690] .... node  #0, CPUs:    #10
[    0.365260] .... node  #1, CPUs:    #11
[    0.371008] .... node  #0, CPUs:    #12
[    0.376531] .... node  #1, CPUs:    #13
[    0.381903] .... node  #0, CPUs:    #14
[    0.387136] .... node  #1, CPUs:    #15
[    0.392468] .... node  #0, CPUs:    #16
[    0.397742] .... node  #1, CPUs:    #17
[    0.403068] .... node  #0, CPUs:    #18
[    0.408321] .... node  #1, CPUs:    #19
[    0.413975] .... node  #0, CPUs:    #20
[    0.419207] .... node  #1, CPUs:    #21
[    0.424838] .... node  #0, CPUs:    #22
[    0.430273] .... node  #1, CPUs:    #23
[    0.435692] .... node  #0, CPUs:    #24
[    0.441194] .... node  #1, CPUs:    #25
[    0.446542] .... node  #0, CPUs:    #26
[    0.451756] .... node  #1, CPUs:    #27
[    0.457083] .... node  #0, CPUs:    #28
[    0.462592] .... node  #1, CPUs:    #29
[    0.467915] .... node  #0, CPUs:    #30
[    0.473149] .... node  #1, CPUs:    #31
[    0.478639] .... node  #0, CPUs:    #32
[    0.483924] .... node  #1, CPUs:    #33
[    0.489312] .... node  #0, CPUs:    #34
[    0.494757] .... node  #1, CPUs:    #35
[    0.500087] .... node  #0, CPUs:    #36
[    0.505294] .... node  #1, CPUs:    #37
[    0.510631] .... node  #0, CPUs:    #38
[    0.516193] .... node  #1, CPUs:    #39
[    0.521738] .... node  #0, CPUs:    #40
[    0.527345] .... node  #1, CPUs:    #41
[    0.533102] .... node  #0, CPUs:    #42
[    0.538417] .... node  #1, CPUs:    #43
[    0.544079] .... node  #0, CPUs:    #44
[    0.549446] .... node  #1, CPUs:    #45
[    0.554931] .... node  #0, CPUs:    #46
[    0.560473] .... node  #1, CPUs:    #47
[    0.565937] .... node  #0, CPUs:    #48
[    0.571279] .... node  #1, CPUs:    #49
[    0.576736] .... node  #0, CPUs:    #50
[    0.582230] .... node  #1, CPUs:    #51
[    0.587891] .... node  #0, CPUs:    #52
[    0.593362] .... node  #1, CPUs:    #53
[    0.598970] .... node  #0, CPUs:    #54
[    0.604673] .... node  #1, CPUs:    #55
[    0.610493] .... node  #0, CPUs:    #56
[    0.616635] .... node  #1, CPUs:    #57
[    0.622551] .... node  #0, CPUs:    #58
[    0.627965] .... node  #1, CPUs:    #59
[    0.633432] .... node  #0, CPUs:    #60
[    0.638819] .... node  #1, CPUs:    #61
[    0.644250] .... node  #0, CPUs:    #62
[    0.649849] .... node  #1, CPUs:    #63
[    0.655690] .... node  #0, CPUs:    #64
[    0.660790] .... node  #1, CPUs:    #65
[    0.666559] .... node  #0, CPUs:    #66
[    0.672297] .... node  #1, CPUs:    #67
[    0.678070] .... node  #0, CPUs:    #68
[    0.683747] .... node  #1, CPUs:    #69
[    0.689005] .... node  #0, CPUs:    #70
[    0.694252] .... node  #1, CPUs:    #71
[    0.699695] .... node  #0, CPUs:    #72
[    0.704904] .... node  #1, CPUs:    #73
[    0.710263] .... node  #0, CPUs:    #74
[    0.715744] .... node  #1, CPUs:    #75
[    0.721220] .... node  #0, CPUs:    #76
[    0.726477] .... node  #1, CPUs:    #77
[    0.732123] .... node  #0, CPUs:    #78
[    0.737580] .... node  #1, CPUs:    #79
[    0.742893] .... node  #0, CPUs:    #80
[    0.748537] .... node  #1, CPUs:    #81
[    0.753905] .... node  #0, CPUs:    #82
[    0.759142] .... node  #1, CPUs:    #83
[    0.764495] .... node  #0, CPUs:    #84
[    0.770029] .... node  #1, CPUs:    #85
[    0.775369] .... node  #0, CPUs:    #86
[    0.780611] .... node  #1, CPUs:    #87
[    0.786129] .... node  #0, CPUs:    #88
[    0.791695] .... node  #1, CPUs:    #89
[    0.796856] .... node  #0, CPUs:    #90
[    0.802323] .... node  #1, CPUs:    #91
[    0.807692] .... node  #0, CPUs:    #92
[    0.812904] .... node  #1, CPUs:    #93
[    0.818265] .... node  #0, CPUs:    #94
[    0.823848] .... node  #1, CPUs:    #95
[    0.829411] .... node  #0, CPUs:    #96
[    0.835046] .... node  #1, CPUs:    #97
[    0.840834] .... node  #0, CPUs:    #98
[    0.846175] .... node  #1, CPUs:    #99
[    0.851860] .... node  #0, CPUs:   #100
[    0.857238] .... node  #1, CPUs:   #101
[    0.862741] .... node  #0, CPUs:   #102
[    0.868294] .... node  #1, CPUs:   #103
[    0.873786] .... node  #0, CPUs:   #104
[    0.879141] .... node  #1, CPUs:   #105
[    0.884618] .... node  #0, CPUs:   #106
[    0.890130] .... node  #1, CPUs:   #107
[    0.895810] .... node  #0, CPUs:   #108
[    0.901302] .... node  #1, CPUs:   #109
[    0.906928] .... node  #0, CPUs:   #110
[    0.912651] .... node  #1, CPUs:   #111
[    0.918501] smp: Brought up 2 nodes, 112 CPUs
[    0.918501] smpboot: Max logical packages: 2
[    0.918501] smpboot: Total of 112 processors activated (448074.25 BogoMIPS)
[    0.922972] devtmpfs: initialized
[    0.922972] x86/mm: Memory block size: 2048MB
[    0.922972] ACPI: PM: Registering ACPI NVS region [mem 0x49e77000-0x4ae76fff] (16777216 bytes)
[    0.923668] ACPI: PM: Registering ACPI NVS region [mem 0x6e3ff000-0x6f3fefff] (16777216 bytes)
[    0.923930] clocksource: jiffies: mask: 0xffffffff max_cycles: 0xffffffff, max_idle_ns: 7645041785100000 ns
[    0.924255] futex hash table entries: 32768 (order: 9, 2097152 bytes, vmalloc)
[    0.924508] pinctrl core: initialized pinctrl subsystem
[    0.924667] PM: RTC time: 06:06:31, date: 2024-06-24
[    0.924870] NET: Registered PF_NETLINK/PF_ROUTE protocol family
[    0.925645] DMA: preallocated 4096 KiB GFP_KERNEL pool for atomic allocations
[    0.926151] DMA: preallocated 4096 KiB GFP_KERNEL|GFP_DMA pool for atomic allocations
[    0.926658] DMA: preallocated 4096 KiB GFP_KERNEL|GFP_DMA32 pool for atomic allocations
[    0.926666] audit: initializing netlink subsys (disabled)
[    0.926673] audit: type=2000 audit(1719209189.748:1): state=initialized audit_enabled=0 res=1
[    0.926673] thermal_sys: Registered thermal governor 'fair_share'
[    0.926673] thermal_sys: Registered thermal governor 'bang_bang'
[    0.926673] thermal_sys: Registered thermal governor 'step_wise'
[    0.926673] thermal_sys: Registered thermal governor 'user_space'
[    0.926673] EISA bus registered
[    0.926673] cpuidle: using governor ladder
[    0.926673] cpuidle: using governor menu
[    0.927620] ACPI FADT declares the system doesn't support PCIe ASPM, so disable it
[    0.927622] ACPI: bus type PCI registered
[    0.927623] acpiphp: ACPI Hot Plug PCI Controller Driver version: 0.5
[    0.927729] PCI: MMCONFIG for domain 0000 [bus 00-ff] at [mem 0x80000000-0x8fffffff] (base 0x80000000)
[    0.927734] PCI: MMCONFIG at [mem 0x80000000-0x8fffffff] reserved in E820
[    0.927741] pmd_set_huge: Cannot satisfy [mem 0x80000000-0x80200000] with a huge-page mapping due to MTRR override.
[    0.927954] PCI: Using configuration type 1 for base access
[    0.927963] PCI: Dell System detected, enabling pci=bfsort.
[    0.930085] ENERGY_PERF_BIAS: Set to 'normal', was 'performance'
[    0.932692] Kprobes globally optimized
[    0.932697] HugeTLB registered 1.00 GiB page size, pre-allocated 0 pages
[    0.932697] HugeTLB registered 2.00 MiB page size, pre-allocated 0 pages
[    0.935715] ACPI: Added _OSI(Module Device)
[    0.935716] ACPI: Added _OSI(Processor Device)
[    0.935717] ACPI: Added _OSI(3.0 _SCP Extensions)
[    0.935718] ACPI: Added _OSI(Processor Aggregator Device)
[    0.935719] ACPI: Added _OSI(Linux-Dell-Video)
[    0.935720] ACPI: Added _OSI(Linux-Lenovo-NV-HDMI-Audio)
[    0.935721] ACPI: Added _OSI(Linux-HPI-Hybrid-Graphics)
[    1.100970] ACPI: 8 ACPI AML tables successfully acquired and loaded
[    1.106530] ACPI: [Firmware Bug]: BIOS _OSI(Linux) query ignored
[    1.111683] ACPI: Dynamic OEM Table Load:
[    1.509879] ACPI: Interpreter enabled
[    1.509900] ACPI: PM: (supports S0 S5)
[    1.509901] ACPI: Using IOAPIC for interrupt routing
[    1.509987] HEST: Table parsing has been initialized.
[    1.509989] PCI: Using host bridge windows from ACPI; if necessary, use "pci=nocrs" and report a bug
[    1.538333] ACPI: Enabled 4 GPEs in block 00 to 7F
[    1.655592] ACPI: PCI Root Bridge [PC00] (domain 0000 [bus 00-15])
[    1.655599] acpi PNP0A08:00: _OSC: OS supports [ExtendedConfig ASPM ClockPM Segments MSI HPX-Type3]
[    1.721979] acpi PNP0A08:00: _OSC: platform does not support [SHPCHotplug AER LTR]
[    1.722198] acpi PNP0A08:00: _OSC: OS now controls [PCIeHotplug PME PCIeCapability]
[    1.722200] acpi PNP0A08:00: FADT indicates ASPM is unsupported, using BIOS configuration
[    1.723987] PCI host bridge to bus 0000:00
[    1.723988] pci_bus 0000:00: root bus resource [io  0x0000-0x0cf7 window]
[    1.723990] pci_bus 0000:00: root bus resource [io  0x1000-0x4fff window]
[    1.723992] pci_bus 0000:00: root bus resource [mem 0x000a0000-0x000bffff window]
[    1.723993] pci_bus 0000:00: root bus resource [mem 0x000c8000-0x000cffff window]
[    1.723994] pci_bus 0000:00: root bus resource [mem 0xfe010000-0xfe010fff window]
[    1.723996] pci_bus 0000:00: root bus resource [mem 0x90000000-0x9b7fffff window]
[    1.723997] pci_bus 0000:00: root bus resource [mem 0x200000000000-0x20ffffffffff window]
[    1.723998] pci_bus 0000:00: root bus resource [bus 00-15]
[    1.725317] pci 0000:00:00.0: [8086:09a2] type 00 class 0x088000
[    1.726070] pci 0000:00:00.1: [8086:09a4] type 00 class 0x088000
[    1.727448] pci 0000:00:00.2: [8086:09a3] type 00 class 0x088000
[    1.728824] pci 0000:00:00.4: [8086:0998] type 00 class 0x060000
[    1.730855] pci 0000:00:02.0: [8086:09a6] type 00 class 0x088000
[    1.730864] pci 0000:00:02.0: reg 0x10: [mem 0x92dfc000-0x92dfdfff]
[    1.732248] pci 0000:00:02.1: [8086:09a7] type 00 class 0x088000
[    1.732257] pci 0000:00:02.1: reg 0x10: [mem 0x92d00000-0x92d7ffff]
[    1.732262] pci 0000:00:02.1: reg 0x14: [mem 0x92c80000-0x92cfffff]
[    1.733639] pci 0000:00:02.4: [8086:3456] type 00 class 0x130000
[    1.733648] pci 0000:00:02.4: reg 0x10: [mem 0x92a00000-0x92afffff 64bit]
[    1.733655] pci 0000:00:02.4: reg 0x18: [mem 0x92df0000-0x92df3fff 64bit]
[    1.733662] pci 0000:00:02.4: reg 0x20: [mem 0x92dc0000-0x92ddffff 64bit]
[    1.735052] pci 0000:00:11.0: [8086:a1ec] type 00 class 0xff0000
[    1.735054] pci 0000:00:11.0: device has non-compliant BARs; disabling IO/MEM decoding
[    1.736453] pci 0000:00:11.5: [8086:a1d2] type 00 class 0x010601
[    1.736466] pci 0000:00:11.5: reg 0x10: [mem 0x92dfa000-0x92dfbfff]
[    1.736473] pci 0000:00:11.5: reg 0x14: [mem 0x92e05000-0x92e050ff]
[    1.736481] pci 0000:00:11.5: reg 0x18: [io  0x2068-0x206f]
[    1.736488] pci 0000:00:11.5: reg 0x1c: [io  0x2074-0x2077]
[    1.736495] pci 0000:00:11.5: reg 0x20: [io  0x2040-0x205f]
[    1.736503] pci 0000:00:11.5: reg 0x24: [mem 0x92b80000-0x92bfffff]
[    1.736540] pci 0000:00:11.5: PME# supported from D3hot
[    1.738051] pci 0000:00:14.0: [8086:a1af] type 00 class 0x0c0330
[    1.738069] pci 0000:00:14.0: reg 0x10: [mem 0x92de0000-0x92deffff 64bit]
[    1.738131] pci 0000:00:14.0: PME# supported from D3hot D3cold
[    1.739661] pci 0000:00:14.2: [8086:a1b1] type 00 class 0x118000
[    1.739678] pci 0000:00:14.2: reg 0x10: [mem 0x92e02000-0x92e02fff 64bit]
[    1.741109] pci 0000:00:16.0: [8086:a1ba] type 00 class 0x078000
[    1.741132] pci 0000:00:16.0: reg 0x10: [mem 0x92e01000-0x92e01fff 64bit]
[    1.741214] pci 0000:00:16.0: PME# supported from D3hot
[    1.742583] pci 0000:00:16.1: [8086:a1bb] type 00 class 0x078000
[    1.742606] pci 0000:00:16.1: reg 0x10: [mem 0x92e00000-0x92e00fff 64bit]
[    1.742688] pci 0000:00:16.1: PME# supported from D3hot
[    1.744062] pci 0000:00:16.4: [8086:a1be] type 00 class 0x078000
[    1.744084] pci 0000:00:16.4: reg 0x10: [mem 0x92dff000-0x92dfffff 64bit]
[    1.744167] pci 0000:00:16.4: PME# supported from D3hot
[    1.745538] pci 0000:00:17.0: [8086:a182] type 00 class 0x010601
[    1.745550] pci 0000:00:17.0: reg 0x10: [mem 0x92df8000-0x92df9fff]
[    1.745557] pci 0000:00:17.0: reg 0x14: [mem 0x92e04000-0x92e040ff]
[    1.745565] pci 0000:00:17.0: reg 0x18: [io  0x2060-0x2067]
[    1.745572] pci 0000:00:17.0: reg 0x1c: [io  0x2070-0x2073]
[    1.745579] pci 0000:00:17.0: reg 0x20: [io  0x2020-0x203f]
[    1.745586] pci 0000:00:17.0: reg 0x24: [mem 0x92b00000-0x92b7ffff]
[    1.745622] pci 0000:00:17.0: PME# supported from D3hot
[    1.747133] pci 0000:00:1c.0: [8086:a190] type 01 class 0x060400
[    1.747208] pci 0000:00:1c.0: PME# supported from D0 D3hot D3cold
[    1.749147] pci 0000:00:1c.4: [8086:a194] type 01 class 0x060400
[    1.749216] pci 0000:00:1c.4: PME# supported from D0 D3hot D3cold
[    1.751128] pci 0000:00:1c.5: [8086:a195] type 01 class 0x060400
[    1.751198] pci 0000:00:1c.5: PME# supported from D0 D3hot D3cold
[    1.753119] pci 0000:00:1f.0: [8086:a1cb] type 00 class 0x060100
[    1.754716] pci 0000:00:1f.2: [8086:a1a1] type 00 class 0x058000
[    1.754731] pci 0000:00:1f.2: reg 0x10: [mem 0x92df4000-0x92df7fff]
[    1.756275] pci 0000:00:1f.4: [8086:a1a3] type 00 class 0x0c0500
[    1.756294] pci 0000:00:1f.4: reg 0x10: [mem 0x92dfe000-0x92dfe0ff 64bit]
[    1.756317] pci 0000:00:1f.4: reg 0x20: [io  0x2000-0x201f]
[    1.757688] pci 0000:00:1f.5: [8086:a1a4] type 00 class 0x0c8000
[    1.757703] pci 0000:00:1f.5: reg 0x10: [mem 0xfe010000-0xfe010fff]
[    1.757826] pci 0000:00:1c.0: PCI bridge to [bus 01]
[    1.757879] pci 0000:02:00.0: [1556:be00] type 01 class 0x060400
[    1.758050] pci 0000:00:1c.4: PCI bridge to [bus 02-03]
[    1.758055] pci 0000:00:1c.4:   bridge window [mem 0x92000000-0x928fffff]
[    1.758059] pci 0000:00:1c.4:   bridge window [mem 0x91000000-0x91ffffff 64bit pref]
[    1.758091] pci_bus 0000:03: extended config space not accessible
[    1.758107] pci 0000:03:00.0: [102b:0536] type 00 class 0x030000
[    1.758126] pci 0000:03:00.0: reg 0x10: [mem 0x91000000-0x91ffffff pref]
[    1.758137] pci 0000:03:00.0: reg 0x14: [mem 0x92808000-0x9280bfff]
[    1.758148] pci 0000:03:00.0: reg 0x18: [mem 0x92000000-0x927fffff]
[    1.758195] pci 0000:03:00.0: BAR 0: assigned to efifb
[    1.758294] pci 0000:02:00.0: PCI bridge to [bus 03]
[    1.758302] pci 0000:02:00.0:   bridge window [mem 0x92000000-0x928fffff]
[    1.758308] pci 0000:02:00.0:   bridge window [mem 0x91000000-0x91ffffff 64bit pref]
[    1.758384] pci 0000:04:00.0: [14e4:165f] type 00 class 0x020000
[    1.758408] pci 0000:04:00.0: reg 0x10: [mem 0x92930000-0x9293ffff 64bit pref]
[    1.758424] pci 0000:04:00.0: reg 0x18: [mem 0x92940000-0x9294ffff 64bit pref]
[    1.758439] pci 0000:04:00.0: reg 0x20: [mem 0x92950000-0x9295ffff 64bit pref]
[    1.758450] pci 0000:04:00.0: reg 0x30: [mem 0xfffc0000-0xffffffff pref]
[    1.758544] pci 0000:04:00.0: PME# supported from D0 D3hot D3cold
[    1.758597] pci 0000:04:00.0: 4.000 Gb/s available PCIe bandwidth, limited by 5.0 GT/s PCIe x1 link at 0000:00:1c.5 (capable of 8.000 Gb/s with 5.0 GT/s PCIe x2 link)
[    1.759140] pci 0000:04:00.1: [14e4:165f] type 00 class 0x020000
[    1.759164] pci 0000:04:00.1: reg 0x10: [mem 0x92900000-0x9290ffff 64bit pref]
[    1.759179] pci 0000:04:00.1: reg 0x18: [mem 0x92910000-0x9291ffff 64bit pref]
[    1.759195] pci 0000:04:00.1: reg 0x20: [mem 0x92920000-0x9292ffff 64bit pref]
[    1.759206] pci 0000:04:00.1: reg 0x30: [mem 0xfffc0000-0xffffffff pref]
[    1.759300] pci 0000:04:00.1: PME# supported from D0 D3hot D3cold
[    1.759854] pci 0000:00:1c.5: PCI bridge to [bus 04]
[    1.759862] pci 0000:00:1c.5:   bridge window [mem 0x92900000-0x929fffff 64bit pref]
[    1.759876] pci_bus 0000:00: on NUMA node 0
[    1.760432] ACPI: PCI Root Bridge [PC01] (domain 0000 [bus 16-2f])
[    1.760436] acpi PNP0A08:01: _OSC: OS supports [ExtendedConfig ASPM ClockPM Segments MSI HPX-Type3]
[    1.774677] acpi PNP0A08:01: _OSC: platform does not support [SHPCHotplug AER]
[    1.774898] acpi PNP0A08:01: _OSC: OS now controls [PCIeHotplug PME PCIeCapability LTR]
[    1.774899] acpi PNP0A08:01: FADT indicates ASPM is unsupported, using BIOS configuration
[    1.775042] PCI host bridge to bus 0000:16
[    1.775043] pci_bus 0000:16: root bus resource [io  0x5000-0x6fff window]
[    1.775045] pci_bus 0000:16: root bus resource [mem 0x9b800000-0xa63fffff window]
[    1.775046] pci_bus 0000:16: root bus resource [mem 0x210000000000-0x21ffffffffff window]
[    1.775048] pci_bus 0000:16: root bus resource [bus 16-2f]
[    1.775063] pci 0000:16:00.0: [8086:09a2] type 00 class 0x088000
[    1.775145] pci 0000:16:00.1: [8086:09a4] type 00 class 0x088000
[    1.775216] pci 0000:16:00.2: [8086:09a3] type 00 class 0x088000
[    1.775286] pci 0000:16:00.4: [8086:0998] type 00 class 0x060000
[    1.775362] pci 0000:16:02.0: [8086:347a] type 01 class 0x060400
[    1.775372] pci 0000:16:02.0: reg 0x10: [mem 0x21fffff00000-0x21fffff1ffff 64bit]
[    1.775412] pci 0000:16:02.0: PME# supported from D0 D3hot D3cold
[    1.776319] pci 0000:17:00.0: [1000:10e2] type 00 class 0x010400
[    1.776331] pci 0000:17:00.0: reg 0x10: [mem 0x9b800000-0x9b8fffff 64bit pref]
[    1.776340] pci 0000:17:00.0: reg 0x18: [mem 0x9b900000-0x9b9fffff 64bit pref]
[    1.776346] pci 0000:17:00.0: reg 0x20: [mem 0x9ba00000-0x9bafffff]
[    1.776352] pci 0000:17:00.0: reg 0x24: [io  0x5000-0x50ff]
[    1.776357] pci 0000:17:00.0: reg 0x30: [mem 0xfff00000-0xffffffff pref]
[    1.777412] pci 0000:17:00.0: supports D1 D2
[    1.777478] pci 0000:16:02.0: PCI bridge to [bus 17]
[    1.777480] pci 0000:16:02.0:   bridge window [io  0x5000-0x5fff]
[    1.777482] pci 0000:16:02.0:   bridge window [mem 0x9ba00000-0x9bafffff]
[    1.777485] pci 0000:16:02.0:   bridge window [mem 0x9b800000-0x9b9fffff 64bit pref]
[    1.777490] pci_bus 0000:16: on NUMA node 0
[    1.777567] ACPI: PCI Root Bridge [PC02] (domain 0000 [bus 30-49])
[    1.777571] acpi PNP0A08:02: _OSC: OS supports [ExtendedConfig ASPM ClockPM Segments MSI HPX-Type3]
[    1.791262] acpi PNP0A08:02: _OSC: platform does not support [SHPCHotplug AER]
[    1.791469] acpi PNP0A08:02: _OSC: OS now controls [PCIeHotplug PME PCIeCapability LTR]
[    1.791470] acpi PNP0A08:02: FADT indicates ASPM is unsupported, using BIOS configuration
[    1.791585] PCI host bridge to bus 0000:30
[    1.791586] pci_bus 0000:30: root bus resource [io  0x7000-0x8fff window]
[    1.791588] pci_bus 0000:30: root bus resource [mem 0xa6400000-0xb0ffffff window]
[    1.791589] pci_bus 0000:30: root bus resource [mem 0x220000000000-0x22ffffffffff window]
[    1.791591] pci_bus 0000:30: root bus resource [bus 30-49]
[    1.791605] pci 0000:30:00.0: [8086:09a2] type 00 class 0x088000
[    1.791678] pci 0000:30:00.1: [8086:09a4] type 00 class 0x088000
[    1.791752] pci 0000:30:00.2: [8086:09a3] type 00 class 0x088000
[    1.791821] pci 0000:30:00.4: [8086:0998] type 00 class 0x060000
[    1.791891] pci_bus 0000:30: on NUMA node 0
[    1.791989] ACPI: PCI Root Bridge [PC04] (domain 0000 [bus 4a-63])
[    1.791992] acpi PNP0A08:04: _OSC: OS supports [ExtendedConfig ASPM ClockPM Segments MSI HPX-Type3]
[    1.805677] acpi PNP0A08:04: _OSC: platform does not support [SHPCHotplug AER]
[    1.805879] acpi PNP0A08:04: _OSC: OS now controls [PCIeHotplug PME PCIeCapability LTR]
[    1.805880] acpi PNP0A08:04: FADT indicates ASPM is unsupported, using BIOS configuration
[    1.805993] PCI host bridge to bus 0000:4a
[    1.805994] pci_bus 0000:4a: root bus resource [io  0x9000-0x9fff window]
[    1.805996] pci_bus 0000:4a: root bus resource [mem 0xb1000000-0xbbbfffff window]
[    1.805997] pci_bus 0000:4a: root bus resource [mem 0x230000000000-0x23ffffffffff window]
[    1.805998] pci_bus 0000:4a: root bus resource [bus 4a-63]
[    1.806011] pci 0000:4a:00.0: [8086:09a2] type 00 class 0x088000
[    1.806081] pci 0000:4a:00.1: [8086:09a4] type 00 class 0x088000
[    1.806150] pci 0000:4a:00.2: [8086:09a3] type 00 class 0x088000
[    1.806219] pci 0000:4a:00.4: [8086:0998] type 00 class 0x060000
[    1.806288] pci_bus 0000:4a: on NUMA node 0
[    1.806358] ACPI: PCI Root Bridge [PC05] (domain 0000 [bus 64-7d])
[    1.806361] acpi PNP0A08:05: _OSC: OS supports [ExtendedConfig ASPM ClockPM Segments MSI HPX-Type3]
[    1.820051] acpi PNP0A08:05: _OSC: platform does not support [SHPCHotplug AER]
[    1.820252] acpi PNP0A08:05: _OSC: OS now controls [PCIeHotplug PME PCIeCapability LTR]
[    1.820253] acpi PNP0A08:05: FADT indicates ASPM is unsupported, using BIOS configuration
[    1.820365] PCI host bridge to bus 0000:64
[    1.820366] pci_bus 0000:64: root bus resource [io  0xa000-0xafff window]
[    1.820367] pci_bus 0000:64: root bus resource [mem 0xbbc00000-0xc5ffffff window]
[    1.820369] pci_bus 0000:64: root bus resource [mem 0x240000000000-0x24ffffffffff window]
[    1.820370] pci_bus 0000:64: root bus resource [bus 64-7d]
[    1.820383] pci 0000:64:00.0: [8086:09a2] type 00 class 0x088000
[    1.820454] pci 0000:64:00.1: [8086:09a4] type 00 class 0x088000
[    1.820529] pci 0000:64:00.2: [8086:09a3] type 00 class 0x088000
[    1.820598] pci 0000:64:00.4: [8086:0998] type 00 class 0x060000
[    1.820669] pci_bus 0000:64: on NUMA node 0
[    1.820736] ACPI: PCI Root Bridge [UC06] (domain 0000 [bus 7e])
[    1.820739] acpi PNP0A03:00: _OSC: OS supports [ExtendedConfig ASPM ClockPM Segments MSI HPX-Type3]
[    1.820906] acpi PNP0A03:00: _OSC: platform does not support [SHPCHotplug AER LTR]
[    1.821076] acpi PNP0A03:00: _OSC: OS now controls [PCIeHotplug PME PCIeCapability]
[    1.821077] acpi PNP0A03:00: FADT indicates ASPM is unsupported, using BIOS configuration
[    1.821201] PCI host bridge to bus 0000:7e
[    1.821202] pci_bus 0000:7e: root bus resource [bus 7e]
[    1.821236] pci 0000:7e:00.0: [8086:3450] type 00 class 0x088000
[    1.821319] pci 0000:7e:00.1: [8086:3451] type 00 class 0x088000
[    1.821409] pci 0000:7e:00.2: [8086:3452] type 00 class 0x088000
[    1.821489] pci 0000:7e:00.3: [8086:0998] type 00 class 0x060000
[    1.821569] pci 0000:7e:00.5: [8086:3455] type 00 class 0x088000
[    1.821668] pci 0000:7e:02.0: [8086:3440] type 00 class 0x088000
[    1.821809] pci 0000:7e:02.1: [8086:3441] type 00 class 0x088000
[    1.821940] pci 0000:7e:02.2: [8086:3442] type 00 class 0x088000
[    1.822083] pci 0000:7e:03.0: [8086:3440] type 00 class 0x088000
[    1.822186] pci 0000:7e:03.1: [8086:3441] type 00 class 0x088000
[    1.822284] pci 0000:7e:03.2: [8086:3442] type 00 class 0x088000
[    1.822390] pci 0000:7e:04.0: [8086:3440] type 00 class 0x088000
[    1.822532] pci 0000:7e:04.1: [8086:3441] type 00 class 0x088000
[    1.822672] pci 0000:7e:04.2: [8086:3442] type 00 class 0x088000
[    1.822816] pci 0000:7e:04.3: [8086:3443] type 00 class 0x088000
[    1.822970] pci 0000:7e:05.0: [8086:3445] type 00 class 0x088000
[    1.823107] pci 0000:7e:05.1: [8086:3446] type 00 class 0x088000
[    1.823241] pci 0000:7e:05.2: [8086:3447] type 00 class 0x088000
[    1.823387] pci 0000:7e:06.0: [8086:3445] type 00 class 0x088000
[    1.823491] pci 0000:7e:06.1: [8086:3446] type 00 class 0x088000
[    1.823592] pci 0000:7e:06.2: [8086:3447] type 00 class 0x088000
[    1.823714] pci 0000:7e:07.0: [8086:3445] type 00 class 0x088000
[    1.823862] pci 0000:7e:07.1: [8086:3446] type 00 class 0x088000
[    1.824007] pci 0000:7e:07.2: [8086:3447] type 00 class 0x088000
[    1.824159] pci 0000:7e:0b.0: [8086:3448] type 00 class 0x088000
[    1.824248] pci 0000:7e:0b.1: [8086:3448] type 00 class 0x088000
[    1.824334] pci 0000:7e:0b.2: [8086:344b] type 00 class 0x088000
[    1.824439] pci 0000:7e:0c.0: [8086:344a] type 00 class 0x110100
[    1.824564] pci 0000:7e:0d.0: [8086:344a] type 00 class 0x110100
[    1.824674] pci 0000:7e:0e.0: [8086:344a] type 00 class 0x110100
[    1.824848] pci 0000:7e:0f.0: [8086:344a] type 00 class 0x110100
[    1.825038] pci 0000:7e:1a.0: [8086:2880] type 00 class 0x110100
[    1.825161] pci 0000:7e:1b.0: [8086:2880] type 00 class 0x110100
[    1.825269] pci 0000:7e:1c.0: [8086:2880] type 00 class 0x110100
[    1.825444] pci 0000:7e:1d.0: [8086:2880] type 00 class 0x110100
[    1.825602] pci_bus 0000:7e: on NUMA node 0
[    1.825679] ACPI: PCI Root Bridge [UC07] (domain 0000 [bus 7f])
[    1.825682] acpi PNP0A03:01: _OSC: OS supports [ExtendedConfig ASPM ClockPM Segments MSI HPX-Type3]
[    1.825849] acpi PNP0A03:01: _OSC: platform does not support [SHPCHotplug AER LTR]
[    1.826019] acpi PNP0A03:01: _OSC: OS now controls [PCIeHotplug PME PCIeCapability]
[    1.826020] acpi PNP0A03:01: FADT indicates ASPM is unsupported, using BIOS configuration
[    1.826155] PCI host bridge to bus 0000:7f
[    1.826157] pci_bus 0000:7f: root bus resource [bus 7f]
[    1.826198] pci 0000:7f:00.0: [8086:344c] type 00 class 0x088000
[    1.826329] pci 0000:7f:00.1: [8086:344c] type 00 class 0x088000
[    1.826465] pci 0000:7f:00.2: [8086:344c] type 00 class 0x088000
[    1.826607] pci 0000:7f:00.3: [8086:344c] type 00 class 0x088000
[    1.826722] pci 0000:7f:00.4: [8086:344c] type 00 class 0x088000
[    1.826868] pci 0000:7f:00.5: [8086:344c] type 00 class 0x088000
[    1.827009] pci 0000:7f:00.6: [8086:344c] type 00 class 0x088000
[    1.827112] pci 0000:7f:00.7: [8086:344c] type 00 class 0x088000
[    1.827234] pci 0000:7f:01.0: [8086:344c] type 00 class 0x088000
[    1.827387] pci 0000:7f:01.1: [8086:344c] type 00 class 0x088000
[    1.827535] pci 0000:7f:01.2: [8086:344c] type 00 class 0x088000
[    1.827646] pci 0000:7f:01.3: [8086:344c] type 00 class 0x088000
[    1.827803] pci 0000:7f:01.4: [8086:344c] type 00 class 0x088000
[    1.827961] pci 0000:7f:01.5: [8086:344c] type 00 class 0x088000
[    1.828122] pci 0000:7f:01.6: [8086:344c] type 00 class 0x088000
[    1.828268] pci 0000:7f:01.7: [8086:344c] type 00 class 0x088000
[    1.828436] pci 0000:7f:02.0: [8086:344c] type 00 class 0x088000
[    1.828591] pci 0000:7f:02.1: [8086:344c] type 00 class 0x088000
[    1.828747] pci 0000:7f:02.2: [8086:344c] type 00 class 0x088000
[    1.828909] pci 0000:7f:02.3: [8086:344c] type 00 class 0x088000
[    1.829073] pci 0000:7f:02.4: [8086:344c] type 00 class 0x088000
[    1.829235] pci 0000:7f:02.5: [8086:344c] type 00 class 0x088000
[    1.829398] pci 0000:7f:02.6: [8086:344c] type 00 class 0x088000
[    1.829571] pci 0000:7f:02.7: [8086:344c] type 00 class 0x088000
[    1.829757] pci 0000:7f:03.0: [8086:344c] type 00 class 0x088000
[    1.829927] pci 0000:7f:03.1: [8086:344c] type 00 class 0x088000
[    1.830104] pci 0000:7f:03.2: [8086:344c] type 00 class 0x088000
[    1.830285] pci 0000:7f:03.3: [8086:344c] type 00 class 0x088000
[    1.830483] pci 0000:7f:0a.0: [8086:344d] type 00 class 0x088000
[    1.830608] pci 0000:7f:0a.1: [8086:344d] type 00 class 0x088000
[    1.830743] pci 0000:7f:0a.2: [8086:344d] type 00 class 0x088000
[    1.830880] pci 0000:7f:0a.3: [8086:344d] type 00 class 0x088000
[    1.830995] pci 0000:7f:0a.4: [8086:344d] type 00 class 0x088000
[    1.831141] pci 0000:7f:0a.5: [8086:344d] type 00 class 0x088000
[    1.831282] pci 0000:7f:0a.6: [8086:344d] type 00 class 0x088000
[    1.831388] pci 0000:7f:0a.7: [8086:344d] type 00 class 0x088000
[    1.831512] pci 0000:7f:0b.0: [8086:344d] type 00 class 0x088000
[    1.831668] pci 0000:7f:0b.1: [8086:344d] type 00 class 0x088000
[    1.831816] pci 0000:7f:0b.2: [8086:344d] type 00 class 0x088000
[    1.831920] pci 0000:7f:0b.3: [8086:344d] type 00 class 0x088000
[    1.832077] pci 0000:7f:0b.4: [8086:344d] type 00 class 0x088000
[    1.832236] pci 0000:7f:0b.5: [8086:344d] type 00 class 0x088000
[    1.832397] pci 0000:7f:0b.6: [8086:344d] type 00 class 0x088000
[    1.832547] pci 0000:7f:0b.7: [8086:344d] type 00 class 0x088000
[    1.832715] pci 0000:7f:0c.0: [8086:344d] type 00 class 0x088000
[    1.832870] pci 0000:7f:0c.1: [8086:344d] type 00 class 0x088000
[    1.833027] pci 0000:7f:0c.2: [8086:344d] type 00 class 0x088000
[    1.833184] pci 0000:7f:0c.3: [8086:344d] type 00 class 0x088000
[    1.833348] pci 0000:7f:0c.4: [8086:344d] type 00 class 0x088000
[    1.833510] pci 0000:7f:0c.5: [8086:344d] type 00 class 0x088000
[    1.833674] pci 0000:7f:0c.6: [8086:344d] type 00 class 0x088000
[    1.833853] pci 0000:7f:0c.7: [8086:344d] type 00 class 0x088000
[    1.834038] pci 0000:7f:0d.0: [8086:344d] type 00 class 0x088000
[    1.834209] pci 0000:7f:0d.1: [8086:344d] type 00 class 0x088000
[    1.834386] pci 0000:7f:0d.2: [8086:344d] type 00 class 0x088000
[    1.834564] pci 0000:7f:0d.3: [8086:344d] type 00 class 0x088000
[    1.834772] pci 0000:7f:1d.0: [8086:344f] type 00 class 0x088000
[    1.834904] pci 0000:7f:1d.1: [8086:3457] type 00 class 0x088000
[    1.835050] pci 0000:7f:1e.0: [8086:3458] type 00 class 0x088000
[    1.835145] pci 0000:7f:1e.1: [8086:3459] type 00 class 0x088000
[    1.835235] pci 0000:7f:1e.2: [8086:345a] type 00 class 0x088000
[    1.835325] pci 0000:7f:1e.3: [8086:345b] type 00 class 0x088000
[    1.835415] pci 0000:7f:1e.4: [8086:345c] type 00 class 0x088000
[    1.835503] pci 0000:7f:1e.5: [8086:345d] type 00 class 0x088000
[    1.835591] pci 0000:7f:1e.6: [8086:345e] type 00 class 0x088000
[    1.835679] pci 0000:7f:1e.7: [8086:345f] type 00 class 0x088000
[    1.835755] pci_bus 0000:7f: on NUMA node 0
[    1.835852] ACPI: PCI Root Bridge [PC06] (domain 0000 [bus 80])
[    1.835854] acpi PNP0A08:06: _OSC: OS supports [ExtendedConfig ASPM ClockPM Segments MSI HPX-Type3]
[    1.849574] acpi PNP0A08:06: _OSC: platform does not support [SHPCHotplug AER]
[    1.849776] acpi PNP0A08:06: _OSC: OS now controls [PCIeHotplug PME PCIeCapability LTR]
[    1.849777] acpi PNP0A08:06: FADT indicates ASPM is unsupported, using BIOS configuration
[    1.849915] PCI host bridge to bus 0000:80
[    1.849916] pci_bus 0000:80: root bus resource [io  0xb000-0xbfff window]
[    1.849918] pci_bus 0000:80: root bus resource [mem 0xc6800000-0xd0ffffff window]
[    1.849919] pci_bus 0000:80: root bus resource [mem 0x250000000000-0x25ffffffffff window]
[    1.849921] pci_bus 0000:80: root bus resource [bus 80]
[    1.849952] pci 0000:80:00.0: [8086:09a2] type 00 class 0x088000
[    1.850047] pci 0000:80:00.1: [8086:09a4] type 00 class 0x088000
[    1.850136] pci 0000:80:00.2: [8086:09a3] type 00 class 0x088000
[    1.850225] pci 0000:80:00.4: [8086:0998] type 00 class 0x060000
[    1.850315] pci 0000:80:02.0: [8086:09a6] type 00 class 0x088000
[    1.850323] pci 0000:80:02.0: reg 0x10: [mem 0xc6aa4000-0xc6aa5fff]
[    1.850401] pci 0000:80:02.1: [8086:09a7] type 00 class 0x088000
[    1.850410] pci 0000:80:02.1: reg 0x10: [mem 0xc6a00000-0xc6a7ffff]
[    1.850415] pci 0000:80:02.1: reg 0x14: [mem 0xc6980000-0xc69fffff]
[    1.850503] pci 0000:80:02.4: [8086:3456] type 00 class 0x130000
[    1.850514] pci 0000:80:02.4: reg 0x10: [mem 0xc6800000-0xc68fffff 64bit]
[    1.850521] pci 0000:80:02.4: reg 0x18: [mem 0xc6aa0000-0xc6aa3fff 64bit]
[    1.850528] pci 0000:80:02.4: reg 0x20: [mem 0xc6a80000-0xc6a9ffff 64bit]
[    1.850590] pci_bus 0000:80: on NUMA node 1
[    1.850665] ACPI: PCI Root Bridge [PC07] (domain 0000 [bus 81])
[    1.850668] acpi PNP0A08:07: _OSC: OS supports [ExtendedConfig ASPM ClockPM Segments MSI HPX-Type3]
[    1.864347] acpi PNP0A08:07: _OSC: platform does not support [SHPCHotplug AER]
[    1.864550] acpi PNP0A08:07: _OSC: OS now controls [PCIeHotplug PME PCIeCapability LTR]
[    1.864551] acpi PNP0A08:07: FADT indicates ASPM is unsupported, using BIOS configuration
[    1.864661] PCI host bridge to bus 0000:81
[    1.864662] pci_bus 0000:81: root bus resource [io  0xc000-0xcfff window]
[    1.864664] pci_bus 0000:81: root bus resource [mem 0xd1000000-0xdbbfffff window]
[    1.864665] pci_bus 0000:81: root bus resource [mem 0x260000000000-0x26ffffffffff window]
[    1.864666] pci_bus 0000:81: root bus resource [bus 81]
[    1.864680] pci 0000:81:00.0: [8086:09a2] type 00 class 0x088000
[    1.864756] pci 0000:81:00.1: [8086:09a4] type 00 class 0x088000
[    1.864838] pci 0000:81:00.2: [8086:09a3] type 00 class 0x088000
[    1.864920] pci 0000:81:00.4: [8086:0998] type 00 class 0x060000
[    1.865000] pci_bus 0000:81: on NUMA node 1
[    1.865071] ACPI: PCI Root Bridge [PC08] (domain 0000 [bus 82])
[    1.865073] acpi PNP0A08:08: _OSC: OS supports [ExtendedConfig ASPM ClockPM Segments MSI HPX-Type3]
[    1.878851] acpi PNP0A08:08: _OSC: platform does not support [SHPCHotplug AER]
[    1.879053] acpi PNP0A08:08: _OSC: OS now controls [PCIeHotplug PME PCIeCapability LTR]
[    1.879054] acpi PNP0A08:08: FADT indicates ASPM is unsupported, using BIOS configuration
[    1.879164] PCI host bridge to bus 0000:82
[    1.879166] pci_bus 0000:82: root bus resource [io  0xd000-0xdfff window]
[    1.879167] pci_bus 0000:82: root bus resource [mem 0xdbc00000-0xe67fffff window]
[    1.879168] pci_bus 0000:82: root bus resource [mem 0x270000000000-0x27ffffffffff window]
[    1.879169] pci_bus 0000:82: root bus resource [bus 82]
[    1.879183] pci 0000:82:00.0: [8086:09a2] type 00 class 0x088000
[    1.879259] pci 0000:82:00.1: [8086:09a4] type 00 class 0x088000
[    1.879334] pci 0000:82:00.2: [8086:09a3] type 00 class 0x088000
[    1.879408] pci 0000:82:00.4: [8086:0998] type 00 class 0x060000
[    1.879489] pci_bus 0000:82: on NUMA node 1
[    1.879587] ACPI: PCI Root Bridge [PC10] (domain 0000 [bus 83-f9])
[    1.879590] acpi PNP0A08:0a: _OSC: OS supports [ExtendedConfig ASPM ClockPM Segments MSI HPX-Type3]
[    1.893281] acpi PNP0A08:0a: _OSC: platform does not support [SHPCHotplug AER]
[    1.893483] acpi PNP0A08:0a: _OSC: OS now controls [PCIeHotplug PME PCIeCapability LTR]
[    1.893484] acpi PNP0A08:0a: FADT indicates ASPM is unsupported, using BIOS configuration
[    1.893602] PCI host bridge to bus 0000:83
[    1.893603] pci_bus 0000:83: root bus resource [io  0xe000-0xefff window]
[    1.893605] pci_bus 0000:83: root bus resource [mem 0xe6800000-0xf13fffff window]
[    1.893606] pci_bus 0000:83: root bus resource [mem 0x280000000000-0x28ffffffffff window]
[    1.893607] pci_bus 0000:83: root bus resource [bus 83-f9]
[    1.893621] pci 0000:83:00.0: [8086:09a2] type 00 class 0x088000
[    1.893700] pci 0000:83:00.1: [8086:09a4] type 00 class 0x088000
[    1.893779] pci 0000:83:00.2: [8086:09a3] type 00 class 0x088000
[    1.893856] pci 0000:83:00.4: [8086:0998] type 00 class 0x060000
[    1.893938] pci_bus 0000:83: on NUMA node 1
[    1.894008] ACPI: PCI Root Bridge [PC11] (domain 0000 [bus fa])
[    1.894011] acpi PNP0A08:0b: _OSC: OS supports [ExtendedConfig ASPM ClockPM Segments MSI HPX-Type3]
[    1.907697] acpi PNP0A08:0b: _OSC: platform does not support [SHPCHotplug AER]
[    1.907899] acpi PNP0A08:0b: _OSC: OS now controls [PCIeHotplug PME PCIeCapability LTR]
[    1.907900] acpi PNP0A08:0b: FADT indicates ASPM is unsupported, using BIOS configuration
[    1.908010] PCI host bridge to bus 0000:fa
[    1.908011] pci_bus 0000:fa: root bus resource [io  0xf000-0xffff window]
[    1.908012] pci_bus 0000:fa: root bus resource [mem 0xf1400000-0xfb7fffff window]
[    1.908013] pci_bus 0000:fa: root bus resource [mem 0x290000000000-0x29ffffffffff window]
[    1.908014] pci_bus 0000:fa: root bus resource [bus fa]
[    1.908029] pci 0000:fa:00.0: [8086:09a2] type 00 class 0x088000
[    1.908105] pci 0000:fa:00.1: [8086:09a4] type 00 class 0x088000
[    1.908180] pci 0000:fa:00.2: [8086:09a3] type 00 class 0x088000
[    1.908256] pci 0000:fa:00.4: [8086:0998] type 00 class 0x060000
[    1.908337] pci_bus 0000:fa: on NUMA node 1
[    1.908400] ACPI: PCI Root Bridge [UC16] (domain 0000 [bus fe])
[    1.908402] acpi PNP0A03:02: _OSC: OS supports [ExtendedConfig ASPM ClockPM Segments MSI HPX-Type3]
[    1.908567] acpi PNP0A03:02: _OSC: platform does not support [SHPCHotplug AER LTR]
[    1.908737] acpi PNP0A03:02: _OSC: OS now controls [PCIeHotplug PME PCIeCapability]
[    1.908738] acpi PNP0A03:02: FADT indicates ASPM is unsupported, using BIOS configuration
[    1.908859] PCI host bridge to bus 0000:fe
[    1.908860] pci_bus 0000:fe: root bus resource [bus fe]
[    1.908892] pci 0000:fe:00.0: [8086:3450] type 00 class 0x088000
[    1.908977] pci 0000:fe:00.1: [8086:3451] type 00 class 0x088000
[    1.909060] pci 0000:fe:00.2: [8086:3452] type 00 class 0x088000
[    1.909142] pci 0000:fe:00.3: [8086:0998] type 00 class 0x060000
[    1.909223] pci 0000:fe:00.5: [8086:3455] type 00 class 0x088000
[    1.909323] pci 0000:fe:02.0: [8086:3440] type 00 class 0x088000
[    1.909467] pci 0000:fe:02.1: [8086:3441] type 00 class 0x088000
[    1.909602] pci 0000:fe:02.2: [8086:3442] type 00 class 0x088000
[    1.909746] pci 0000:fe:03.0: [8086:3440] type 00 class 0x088000
[    1.909853] pci 0000:fe:03.1: [8086:3441] type 00 class 0x088000
[    1.909958] pci 0000:fe:03.2: [8086:3442] type 00 class 0x088000
[    1.910068] pci 0000:fe:04.0: [8086:3440] type 00 class 0x088000
[    1.910213] pci 0000:fe:04.1: [8086:3441] type 00 class 0x088000
[    1.910355] pci 0000:fe:04.2: [8086:3442] type 00 class 0x088000
[    1.910498] pci 0000:fe:04.3: [8086:3443] type 00 class 0x088000
[    1.910655] pci 0000:fe:05.0: [8086:3445] type 00 class 0x088000
[    1.910797] pci 0000:fe:05.1: [8086:3446] type 00 class 0x088000
[    1.910936] pci 0000:fe:05.2: [8086:3447] type 00 class 0x088000
[    1.911089] pci 0000:fe:06.0: [8086:3445] type 00 class 0x088000
[    1.911195] pci 0000:fe:06.1: [8086:3446] type 00 class 0x088000
[    1.911298] pci 0000:fe:06.2: [8086:3447] type 00 class 0x088000
[    1.911423] pci 0000:fe:07.0: [8086:3445] type 00 class 0x088000
[    1.911574] pci 0000:fe:07.1: [8086:3446] type 00 class 0x088000
[    1.911720] pci 0000:fe:07.2: [8086:3447] type 00 class 0x088000
[    1.911873] pci 0000:fe:0b.0: [8086:3448] type 00 class 0x088000
[    1.911964] pci 0000:fe:0b.1: [8086:3448] type 00 class 0x088000
[    1.912055] pci 0000:fe:0b.2: [8086:344b] type 00 class 0x088000
[    1.912161] pci 0000:fe:0c.0: [8086:344a] type 00 class 0x110100
[    1.912289] pci 0000:fe:0d.0: [8086:344a] type 00 class 0x110100
[    1.912403] pci 0000:fe:0e.0: [8086:344a] type 00 class 0x110100
[    1.912576] pci 0000:fe:0f.0: [8086:344a] type 00 class 0x110100
[    1.912770] pci 0000:fe:1a.0: [8086:2880] type 00 class 0x110100
[    1.912896] pci 0000:fe:1b.0: [8086:2880] type 00 class 0x110100
[    1.913008] pci 0000:fe:1c.0: [8086:2880] type 00 class 0x110100
[    1.913189] pci 0000:fe:1d.0: [8086:2880] type 00 class 0x110100
[    1.913351] pci_bus 0000:fe: on NUMA node 1
[    1.913426] ACPI: PCI Root Bridge [UC17] (domain 0000 [bus ff])
[    1.913429] acpi PNP0A03:03: _OSC: OS supports [ExtendedConfig ASPM ClockPM Segments MSI HPX-Type3]
[    1.913594] acpi PNP0A03:03: _OSC: platform does not support [SHPCHotplug AER LTR]
[    1.913764] acpi PNP0A03:03: _OSC: OS now controls [PCIeHotplug PME PCIeCapability]
[    1.913765] acpi PNP0A03:03: FADT indicates ASPM is unsupported, using BIOS configuration
[    1.913900] PCI host bridge to bus 0000:ff
[    1.913901] pci_bus 0000:ff: root bus resource [bus ff]
[    1.913943] pci 0000:ff:00.0: [8086:344c] type 00 class 0x088000
[    1.914077] pci 0000:ff:00.1: [8086:344c] type 00 class 0x088000
[    1.914215] pci 0000:ff:00.2: [8086:344c] type 00 class 0x088000
[    1.914341] pci 0000:ff:00.3: [8086:344c] type 00 class 0x088000
[    1.914489] pci 0000:ff:00.4: [8086:344c] type 00 class 0x088000
[    1.914631] pci 0000:ff:00.5: [8086:344c] type 00 class 0x088000
[    1.914752] pci 0000:ff:00.6: [8086:344c] type 00 class 0x088000
[    1.914908] pci 0000:ff:00.7: [8086:344c] type 00 class 0x088000
[    1.915075] pci 0000:ff:01.0: [8086:344c] type 00 class 0x088000
[    1.915233] pci 0000:ff:01.1: [8086:344c] type 00 class 0x088000
[    1.915382] pci 0000:ff:01.2: [8086:344c] type 00 class 0x088000
[    1.915495] pci 0000:ff:01.3: [8086:344c] type 00 class 0x088000
[    1.915657] pci 0000:ff:01.4: [8086:344c] type 00 class 0x088000
[    1.915820] pci 0000:ff:01.5: [8086:344c] type 00 class 0x088000
[    1.915987] pci 0000:ff:01.6: [8086:344c] type 00 class 0x088000
[    1.916142] pci 0000:ff:01.7: [8086:344c] type 00 class 0x088000
[    1.916316] pci 0000:ff:02.0: [8086:344c] type 00 class 0x088000
[    1.916475] pci 0000:ff:02.1: [8086:344c] type 00 class 0x088000
[    1.916632] pci 0000:ff:02.2: [8086:344c] type 00 class 0x088000
[    1.916795] pci 0000:ff:02.3: [8086:344c] type 00 class 0x088000
[    1.916957] pci 0000:ff:02.4: [8086:344c] type 00 class 0x088000
[    1.917120] pci 0000:ff:02.5: [8086:344c] type 00 class 0x088000
[    1.917295] pci 0000:ff:02.6: [8086:344c] type 00 class 0x088000
[    1.917469] pci 0000:ff:02.7: [8086:344c] type 00 class 0x088000
[    1.917662] pci 0000:ff:03.0: [8086:344c] type 00 class 0x088000
[    1.917840] pci 0000:ff:03.1: [8086:344c] type 00 class 0x088000
[    1.918013] pci 0000:ff:03.2: [8086:344c] type 00 class 0x088000
[    1.918199] pci 0000:ff:03.3: [8086:344c] type 00 class 0x088000
[    1.918403] pci 0000:ff:0a.0: [8086:344d] type 00 class 0x088000
[    1.918532] pci 0000:ff:0a.1: [8086:344d] type 00 class 0x088000
[    1.918669] pci 0000:ff:0a.2: [8086:344d] type 00 class 0x088000
[    1.918799] pci 0000:ff:0a.3: [8086:344d] type 00 class 0x088000
[    1.918945] pci 0000:ff:0a.4: [8086:344d] type 00 class 0x088000
[    1.919087] pci 0000:ff:0a.5: [8086:344d] type 00 class 0x088000
[    1.919207] pci 0000:ff:0a.6: [8086:344d] type 00 class 0x088000
[    1.919359] pci 0000:ff:0a.7: [8086:344d] type 00 class 0x088000
[    1.919526] pci 0000:ff:0b.0: [8086:344d] type 00 class 0x088000
[    1.919686] pci 0000:ff:0b.1: [8086:344d] type 00 class 0x088000
[    1.919836] pci 0000:ff:0b.2: [8086:344d] type 00 class 0x088000
[    1.919952] pci 0000:ff:0b.3: [8086:344d] type 00 class 0x088000
[    1.920115] pci 0000:ff:0b.4: [8086:344d] type 00 class 0x088000
[    1.920277] pci 0000:ff:0b.5: [8086:344d] type 00 class 0x088000
[    1.920445] pci 0000:ff:0b.6: [8086:344d] type 00 class 0x088000
[    1.920597] pci 0000:ff:0b.7: [8086:344d] type 00 class 0x088000
[    1.920770] pci 0000:ff:0c.0: [8086:344d] type 00 class 0x088000
[    1.920929] pci 0000:ff:0c.1: [8086:344d] type 00 class 0x088000
[    1.921088] pci 0000:ff:0c.2: [8086:344d] type 00 class 0x088000
[    1.921257] pci 0000:ff:0c.3: [8086:344d] type 00 class 0x088000
[    1.921420] pci 0000:ff:0c.4: [8086:344d] type 00 class 0x088000
[    1.921583] pci 0000:ff:0c.5: [8086:344d] type 00 class 0x088000
[    1.921753] pci 0000:ff:0c.6: [8086:344d] type 00 class 0x088000
[    1.921922] pci 0000:ff:0c.7: [8086:344d] type 00 class 0x088000
[    1.922115] pci 0000:ff:0d.0: [8086:344d] type 00 class 0x088000
[    1.922293] pci 0000:ff:0d.1: [8086:344d] type 00 class 0x088000
[    1.922468] pci 0000:ff:0d.2: [8086:344d] type 00 class 0x088000
[    1.922658] pci 0000:ff:0d.3: [8086:344d] type 00 class 0x088000
[    1.922873] pci 0000:ff:1d.0: [8086:344f] type 00 class 0x088000
[    1.923011] pci 0000:ff:1d.1: [8086:3457] type 00 class 0x088000
[    1.923162] pci 0000:ff:1e.0: [8086:3458] type 00 class 0x088000
[    1.923258] pci 0000:ff:1e.1: [8086:3459] type 00 class 0x088000
[    1.923352] pci 0000:ff:1e.2: [8086:345a] type 00 class 0x088000
[    1.923444] pci 0000:ff:1e.3: [8086:345b] type 00 class 0x088000
[    1.923537] pci 0000:ff:1e.4: [8086:345c] type 00 class 0x088000
[    1.923633] pci 0000:ff:1e.5: [8086:345d] type 00 class 0x088000
[    1.923723] pci 0000:ff:1e.6: [8086:345e] type 00 class 0x088000
[    1.923814] pci 0000:ff:1e.7: [8086:345f] type 00 class 0x088000
[    1.923888] pci_bus 0000:ff: on NUMA node 1
[    1.927602] iommu: Default domain type: Translated 
[    1.927603] iommu: DMA domain TLB invalidation policy: lazy mode 
[    1.927614] pci 0000:03:00.0: vgaarb: setting as boot VGA device
[    1.927614] pci 0000:03:00.0: vgaarb: VGA device added: decodes=io+mem,owns=io+mem,locks=none
[    1.927647] pci 0000:03:00.0: vgaarb: bridge control possible
[    1.927648] vgaarb: loaded
[    1.927835] SCSI subsystem initialized
[    1.927873] libata version 3.00 loaded.
[    1.927873] ACPI: bus type USB registered
[    1.927873] usbcore: registered new interface driver usbfs
[    1.927873] usbcore: registered new interface driver hub
[    1.927873] usbcore: registered new device driver usb
[    1.927873] pps_core: LinuxPPS API ver. 1 registered
[    1.927873] pps_core: Software ver. 5.3.6 - Copyright 2005-2007 Rodolfo Giometti <giometti@linux.it>
[    1.927873] PTP clock support registered
[    1.927873] EDAC MC: Ver: 3.0.0
[    1.928263] Registered efivars operations
[    1.928263] NetLabel: Initializing
[    1.928263] NetLabel:  domain hash size = 128
[    1.928263] NetLabel:  protocols = UNLABELED CIPSOv4 CALIPSO
[    1.928263] NetLabel:  unlabeled traffic allowed by default
[    1.928263] PCI: Using ACPI for IRQ routing
[    1.929840] PCI: pci_cache_line_size set to 64 bytes
[    1.930392] e820: reserve RAM buffer [mem 0x0008f000-0x0008ffff]
[    1.930395] e820: reserve RAM buffer [mem 0x46cc5020-0x47ffffff]
[    1.930396] e820: reserve RAM buffer [mem 0x46cf7020-0x47ffffff]
[    1.930397] e820: reserve RAM buffer [mem 0x46d2a020-0x47ffffff]
[    1.930398] e820: reserve RAM buffer [mem 0x46d5d020-0x47ffffff]
[    1.930399] e820: reserve RAM buffer [mem 0x49e77000-0x4bffffff]
[    1.930401] e820: reserve RAM buffer [mem 0x4b2cf000-0x4bffffff]
[    1.930402] e820: reserve RAM buffer [mem 0x4bd94000-0x4bffffff]
[    1.930403] e820: reserve RAM buffer [mem 0x4ce00000-0x4fffffff]
[    1.930404] e820: reserve RAM buffer [mem 0x5eefe000-0x5fffffff]
[    1.930405] e820: reserve RAM buffer [mem 0x6f800000-0x6fffffff]
[    1.931928] hpet0: at MMIO 0xfed00000, IRQs 2, 8, 0, 0, 0, 0, 0, 0
[    1.931935] hpet0: 8 comparators, 64-bit 24.000000 MHz counter
[    1.935674] clocksource: Switched to clocksource tsc-early
[    1.944100] VFS: Disk quotas dquot_6.6.0
[    1.944153] VFS: Dquot-cache hash table entries: 512 (order 0, 4096 bytes)
[    1.944309] AppArmor: AppArmor Filesystem Enabled
[    1.944327] pnp: PnP ACPI init
[    1.959528] system 00:01: [io  0x0500-0x05fe] has been reserved
[    1.959531] system 00:01: [io  0x0400-0x041f] has been reserved
[    1.959532] system 00:01: [io  0x0600-0x061f] has been reserved
[    1.959534] system 00:01: [io  0x0ca0-0x0ca1] has been reserved
[    1.959535] system 00:01: [io  0x0ca4-0x0ca6] has been reserved
[    1.959537] system 00:01: [mem 0xff000000-0xffffffff] has been reserved
[    1.960121] system 00:04: [mem 0xfd000000-0xfdabffff] has been reserved
[    1.960124] system 00:04: [mem 0xfdad0000-0xfdadffff] has been reserved
[    1.960125] system 00:04: [mem 0xfdb00000-0xfdffffff] has been reserved
[    1.960126] system 00:04: [mem 0xfe000000-0xfe00ffff] has been reserved
[    1.960128] system 00:04: [mem 0xfe011000-0xfe01ffff] has been reserved
[    1.960129] system 00:04: [mem 0xfe036000-0xfe03bfff] has been reserved
[    1.960131] system 00:04: [mem 0xfe03d000-0xfe3fffff] has been reserved
[    1.960132] system 00:04: [mem 0xfe410000-0xfe7fffff] has been reserved
[    1.960440] system 00:05: [io  0x1000-0x10fe] has been reserved
[    1.961405] pnp: PnP ACPI: found 6 devices
[    1.967011] clocksource: acpi_pm: mask: 0xffffff max_cycles: 0xffffff, max_idle_ns: 2085701024 ns
[    1.967090] NET: Registered PF_INET protocol family
[    1.967431] IP idents hash table entries: 262144 (order: 9, 2097152 bytes, vmalloc)
[    1.969575] tcp_listen_portaddr_hash hash table entries: 16384 (order: 6, 262144 bytes, vmalloc)
[    1.969917] TCP established hash table entries: 262144 (order: 9, 2097152 bytes, vmalloc)
[    1.970306] TCP bind hash table entries: 65536 (order: 8, 1048576 bytes, vmalloc)
[    1.970370] TCP: Hash tables configured (established 262144 bind 65536)
[    1.970571] UDP hash table entries: 16384 (order: 7, 524288 bytes, vmalloc)
[    1.970694] UDP-Lite hash table entries: 16384 (order: 7, 524288 bytes, vmalloc)
[    1.970906] NET: Registered PF_UNIX/PF_LOCAL protocol family
[    1.970911] NET: Registered PF_XDP protocol family
[    1.970918] pci 0000:04:00.0: can't claim BAR 6 [mem 0xfffc0000-0xffffffff pref]: no compatible bridge window
[    1.970921] pci 0000:04:00.1: can't claim BAR 6 [mem 0xfffc0000-0xffffffff pref]: no compatible bridge window
[    1.970923] pci 0000:17:00.0: can't claim BAR 6 [mem 0xfff00000-0xffffffff pref]: no compatible bridge window
[    1.970937] pci 0000:00:1c.5: BAR 14: assigned [mem 0x90000000-0x900fffff]
[    1.970941] pci 0000:00:1c.0: PCI bridge to [bus 01]
[    1.970950] pci 0000:02:00.0: PCI bridge to [bus 03]
[    1.970955] pci 0000:02:00.0:   bridge window [mem 0x92000000-0x928fffff]
[    1.970959] pci 0000:02:00.0:   bridge window [mem 0x91000000-0x91ffffff 64bit pref]
[    1.970965] pci 0000:00:1c.4: PCI bridge to [bus 02-03]
[    1.970968] pci 0000:00:1c.4:   bridge window [mem 0x92000000-0x928fffff]
[    1.970971] pci 0000:00:1c.4:   bridge window [mem 0x91000000-0x91ffffff 64bit pref]
[    1.970976] pci 0000:04:00.0: BAR 6: assigned [mem 0x90000000-0x9003ffff pref]
[    1.970978] pci 0000:04:00.1: BAR 6: assigned [mem 0x90040000-0x9007ffff pref]
[    1.970979] pci 0000:00:1c.5: PCI bridge to [bus 04]
[    1.970982] pci 0000:00:1c.5:   bridge window [mem 0x90000000-0x900fffff]
[    1.970985] pci 0000:00:1c.5:   bridge window [mem 0x92900000-0x929fffff 64bit pref]
[    1.970989] pci_bus 0000:00: resource 4 [io  0x0000-0x0cf7 window]
[    1.970991] pci_bus 0000:00: resource 5 [io  0x1000-0x4fff window]
[    1.970992] pci_bus 0000:00: resource 6 [mem 0x000a0000-0x000bffff window]
[    1.970994] pci_bus 0000:00: resource 7 [mem 0x000c8000-0x000cffff window]
[    1.970995] pci_bus 0000:00: resource 8 [mem 0xfe010000-0xfe010fff window]
[    1.970996] pci_bus 0000:00: resource 9 [mem 0x90000000-0x9b7fffff window]
[    1.970997] pci_bus 0000:00: resource 10 [mem 0x200000000000-0x20ffffffffff window]
[    1.970999] pci_bus 0000:02: resource 1 [mem 0x92000000-0x928fffff]
[    1.971001] pci_bus 0000:02: resource 2 [mem 0x91000000-0x91ffffff 64bit pref]
[    1.971002] pci_bus 0000:03: resource 1 [mem 0x92000000-0x928fffff]
[    1.971003] pci_bus 0000:03: resource 2 [mem 0x91000000-0x91ffffff 64bit pref]
[    1.971004] pci_bus 0000:04: resource 1 [mem 0x90000000-0x900fffff]
[    1.971005] pci_bus 0000:04: resource 2 [mem 0x92900000-0x929fffff 64bit pref]
[    1.971074] pci 0000:17:00.0: BAR 6: no space for [mem size 0x00100000 pref]
[    1.971076] pci 0000:17:00.0: BAR 6: failed to assign [mem size 0x00100000 pref]
[    1.971077] pci 0000:16:02.0: PCI bridge to [bus 17]
[    1.971079] pci 0000:16:02.0:   bridge window [io  0x5000-0x5fff]
[    1.971082] pci 0000:16:02.0:   bridge window [mem 0x9ba00000-0x9bafffff]
[    1.971084] pci 0000:16:02.0:   bridge window [mem 0x9b800000-0x9b9fffff 64bit pref]
[    1.971087] pci_bus 0000:16: resource 4 [io  0x5000-0x6fff window]
[    1.971088] pci_bus 0000:16: resource 5 [mem 0x9b800000-0xa63fffff window]
[    1.971090] pci_bus 0000:16: resource 6 [mem 0x210000000000-0x21ffffffffff window]
[    1.971091] pci_bus 0000:17: resource 0 [io  0x5000-0x5fff]
[    1.971092] pci_bus 0000:17: resource 1 [mem 0x9ba00000-0x9bafffff]
[    1.971093] pci_bus 0000:17: resource 2 [mem 0x9b800000-0x9b9fffff 64bit pref]
[    1.971099] pci_bus 0000:30: resource 4 [io  0x7000-0x8fff window]
[    1.971100] pci_bus 0000:30: resource 5 [mem 0xa6400000-0xb0ffffff window]
[    1.971101] pci_bus 0000:30: resource 6 [mem 0x220000000000-0x22ffffffffff window]
[    1.971107] pci_bus 0000:4a: resource 4 [io  0x9000-0x9fff window]
[    1.971108] pci_bus 0000:4a: resource 5 [mem 0xb1000000-0xbbbfffff window]
[    1.971109] pci_bus 0000:4a: resource 6 [mem 0x230000000000-0x23ffffffffff window]
[    1.971114] pci_bus 0000:64: resource 4 [io  0xa000-0xafff window]
[    1.971115] pci_bus 0000:64: resource 5 [mem 0xbbc00000-0xc5ffffff window]
[    1.971116] pci_bus 0000:64: resource 6 [mem 0x240000000000-0x24ffffffffff window]
[    1.971146] pci_bus 0000:80: resource 4 [io  0xb000-0xbfff window]
[    1.971147] pci_bus 0000:80: resource 5 [mem 0xc6800000-0xd0ffffff window]
[    1.971148] pci_bus 0000:80: resource 6 [mem 0x250000000000-0x25ffffffffff window]
[    1.971154] pci_bus 0000:81: resource 4 [io  0xc000-0xcfff window]
[    1.971155] pci_bus 0000:81: resource 5 [mem 0xd1000000-0xdbbfffff window]
[    1.971156] pci_bus 0000:81: resource 6 [mem 0x260000000000-0x26ffffffffff window]
[    1.971162] pci_bus 0000:82: resource 4 [io  0xd000-0xdfff window]
[    1.971163] pci_bus 0000:82: resource 5 [mem 0xdbc00000-0xe67fffff window]
