[    0.000000] Linux version 5.3.1-multiclock (xmu@xmu-PowerEdge-R750) (gcc version 7.5.0 (Ubuntu 7.5.0-3ubuntu1~18.04)) #1 SMP Wed Aug 9 20:46:02 CST 2023
[    0.000000] Command line: BOOT_IMAGE=/boot/vmlinuz-5.3.1-multiclock root=UUID=ce0c24b8-724b-4f33-9b2c-618433560aef ro memmap=34400M!4096M memmap=59G!64G quiet splash nomodeset vt.handoff=1
[    0.000000] KERNEL supported cpus:
[    0.000000]   Intel GenuineIntel
[    0.000000]   AMD AuthenticAMD
[    0.000000]   Hygon HygonGenuine
[    0.000000]   Centaur CentaurHauls
[    0.000000]   zhaoxin   Shanghai  
[    0.000000] x86/fpu: Supporting XSAVE feature 0x001: 'x87 floating point registers'
[    0.000000] x86/fpu: Supporting XSAVE feature 0x002: 'SSE registers'
[    0.000000] x86/fpu: Supporting XSAVE feature 0x004: 'AVX registers'
[    0.000000] x86/fpu: Supporting XSAVE feature 0x020: 'AVX-512 opmask'
[    0.000000] x86/fpu: Supporting XSAVE feature 0x040: 'AVX-512 Hi256'
[    0.000000] x86/fpu: Supporting XSAVE feature 0x080: 'AVX-512 ZMM_Hi256'
[    0.000000] x86/fpu: Supporting XSAVE feature 0x200: 'Protection Keys User registers'
[    0.000000] x86/fpu: xstate_offset[2]:  576, xstate_sizes[2]:  256
[    0.000000] x86/fpu: xstate_offset[5]:  832, xstate_sizes[5]:   64
[    0.000000] x86/fpu: xstate_offset[6]:  896, xstate_sizes[6]:  512
[    0.000000] x86/fpu: xstate_offset[7]: 1408, xstate_sizes[7]: 1024
[    0.000000] x86/fpu: xstate_offset[9]: 2432, xstate_sizes[9]:    8
[    0.000000] x86/fpu: Enabled xstate features 0x2e7, context size is 2440 bytes, using 'compacted' format.
[    0.000000] BIOS-provided physical RAM map:
[    0.000000] BIOS-e820: [mem 0x0000000000000000-0x000000000008efff] usable
[    0.000000] BIOS-e820: [mem 0x000000000008f000-0x000000000008ffff] reserved
[    0.000000] BIOS-e820: [mem 0x0000000000090000-0x000000000009ffff] usable
[    0.000000] BIOS-e820: [mem 0x00000000000a0000-0x00000000000fffff] reserved
[    0.000000] BIOS-e820: [mem 0x0000000000100000-0x0000000049e76fff] usable
[    0.000000] BIOS-e820: [mem 0x0000000049e77000-0x000000004ae76fff] ACPI NVS
[    0.000000] BIOS-e820: [mem 0x000000004ae77000-0x000000004b2cefff] usable
[    0.000000] BIOS-e820: [mem 0x000000004b2cf000-0x000000004b54dfff] ACPI data
[    0.000000] BIOS-e820: [mem 0x000000004b54e000-0x000000004bd93fff] usable
[    0.000000] BIOS-e820: [mem 0x000000004bd94000-0x000000004be99fff] reserved
[    0.000000] BIOS-e820: [mem 0x000000004be9a000-0x000000004cdfffff] usable
[    0.000000] BIOS-e820: [mem 0x000000004ce00000-0x000000004cffffff] reserved
[    0.000000] BIOS-e820: [mem 0x000000004d000000-0x000000005eefdfff] usable
[    0.000000] BIOS-e820: [mem 0x000000005eefe000-0x000000006e3fefff] reserved
[    0.000000] BIOS-e820: [mem 0x000000006e3ff000-0x000000006f3fefff] ACPI NVS
[    0.000000] BIOS-e820: [mem 0x000000006f3ff000-0x000000006f7fefff] ACPI data
[    0.000000] BIOS-e820: [mem 0x000000006f7ff000-0x000000006f7fffff] usable
[    0.000000] BIOS-e820: [mem 0x000000006f800000-0x000000008fffffff] reserved
[    0.000000] BIOS-e820: [mem 0x00000000fe000000-0x00000000fe010fff] reserved
[    0.000000] BIOS-e820: [mem 0x0000000100000000-0x000000207fffffff] usable
[    0.000000] BIOS-e820: [mem 0x0000002080000000-0x0000011c7fffffff] persistent (type 7)
[    0.000000] BIOS-e820: [mem 0x00001ffc00000000-0x00001fffffffffff] reserved
[    0.000000] NX (Execute Disable) protection: active
[    0.000000] e820: update [mem 0x47c75020-0x47c7d05f] usable ==> usable
[    0.000000] e820: update [mem 0x47c75020-0x47c7d05f] usable ==> usable
[    0.000000] e820: update [mem 0x47c42020-0x47c74c5f] usable ==> usable
[    0.000000] e820: update [mem 0x47c42020-0x47c74c5f] usable ==> usable
[    0.000000] e820: update [mem 0x47c0f020-0x47c41c5f] usable ==> usable
[    0.000000] e820: update [mem 0x47c0f020-0x47c41c5f] usable ==> usable
[    0.000000] e820: update [mem 0x47bdd020-0x47c0ea5f] usable ==> usable
[    0.000000] e820: update [mem 0x47bdd020-0x47c0ea5f] usable ==> usable
[    0.000000] extended physical RAM map:
[    0.000000] reserve setup_data: [mem 0x0000000000000000-0x000000000008efff] usable
[    0.000000] reserve setup_data: [mem 0x000000000008f000-0x000000000008ffff] reserved
[    0.000000] reserve setup_data: [mem 0x0000000000090000-0x000000000009ffff] usable
[    0.000000] reserve setup_data: [mem 0x00000000000a0000-0x00000000000fffff] reserved
[    0.000000] reserve setup_data: [mem 0x0000000000100000-0x0000000047bdd01f] usable
[    0.000000] reserve setup_data: [mem 0x0000000047bdd020-0x0000000047c0ea5f] usable
[    0.000000] reserve setup_data: [mem 0x0000000047c0ea60-0x0000000047c0f01f] usable
[    0.000000] reserve setup_data: [mem 0x0000000047c0f020-0x0000000047c41c5f] usable
[    0.000000] reserve setup_data: [mem 0x0000000047c41c60-0x0000000047c4201f] usable
[    0.000000] reserve setup_data: [mem 0x0000000047c42020-0x0000000047c74c5f] usable
[    0.000000] reserve setup_data: [mem 0x0000000047c74c60-0x0000000047c7501f] usable
[    0.000000] reserve setup_data: [mem 0x0000000047c75020-0x0000000047c7d05f] usable
[    0.000000] reserve setup_data: [mem 0x0000000047c7d060-0x0000000049e76fff] usable
[    0.000000] reserve setup_data: [mem 0x0000000049e77000-0x000000004ae76fff] ACPI NVS
[    0.000000] reserve setup_data: [mem 0x000000004ae77000-0x000000004b2cefff] usable
[    0.000000] reserve setup_data: [mem 0x000000004b2cf000-0x000000004b54dfff] ACPI data
[    0.000000] reserve setup_data: [mem 0x000000004b54e000-0x000000004bd93fff] usable
[    0.000000] reserve setup_data: [mem 0x000000004bd94000-0x000000004be99fff] reserved
[    0.000000] reserve setup_data: [mem 0x000000004be9a000-0x000000004cdfffff] usable
[    0.000000] reserve setup_data: [mem 0x000000004ce00000-0x000000004cffffff] reserved
[    0.000000] reserve setup_data: [mem 0x000000004d000000-0x000000005eefdfff] usable
[    0.000000] reserve setup_data: [mem 0x000000005eefe000-0x000000006e3fefff] reserved
[    0.000000] reserve setup_data: [mem 0x000000006e3ff000-0x000000006f3fefff] ACPI NVS
[    0.000000] reserve setup_data: [mem 0x000000006f3ff000-0x000000006f7fefff] ACPI data
[    0.000000] reserve setup_data: [mem 0x000000006f7ff000-0x000000006f7fffff] usable
[    0.000000] reserve setup_data: [mem 0x000000006f800000-0x000000008fffffff] reserved
[    0.000000] reserve setup_data: [mem 0x00000000fe000000-0x00000000fe010fff] reserved
[    0.000000] reserve setup_data: [mem 0x0000000100000000-0x0000000965ffffff] persistent (type 12)
[    0.000000] reserve setup_data: [mem 0x0000000966000000-0x0000000fffffffff] usable
[    0.000000] reserve setup_data: [mem 0x0000001000000000-0x0000001ebfffffff] persistent (type 12)
[    0.000000] reserve setup_data: [mem 0x0000001ec0000000-0x000000207fffffff] usable
[    0.000000] reserve setup_data: [mem 0x0000002080000000-0x0000011c7fffffff] persistent (type 7)
[    0.000000] reserve setup_data: [mem 0x00001ffc00000000-0x00001fffffffffff] reserved
[    0.000000] user-defined physical RAM map:
[    0.000000] user: [mem 0x0000000000000000-0x000000000008efff] usable
[    0.000000] user: [mem 0x000000000008f000-0x000000000008ffff] reserved
[    0.000000] user: [mem 0x0000000000090000-0x000000000009ffff] usable
[    0.000000] user: [mem 0x00000000000a0000-0x00000000000fffff] reserved
[    0.000000] user: [mem 0x0000000000100000-0x0000000047bdd01f] usable
[    0.000000] user: [mem 0x0000000047bdd020-0x0000000047c0ea5f] usable
[    0.000000] user: [mem 0x0000000047c0ea60-0x0000000047c0f01f] usable
[    0.000000] user: [mem 0x0000000047c0f020-0x0000000047c41c5f] usable
[    0.000000] user: [mem 0x0000000047c41c60-0x0000000047c4201f] usable
[    0.000000] user: [mem 0x0000000047c42020-0x0000000047c74c5f] usable
[    0.000000] user: [mem 0x0000000047c74c60-0x0000000047c7501f] usable
[    0.000000] user: [mem 0x0000000047c75020-0x0000000047c7d05f] usable
[    0.000000] user: [mem 0x0000000047c7d060-0x0000000049e76fff] usable
[    0.000000] user: [mem 0x0000000049e77000-0x000000004ae76fff] ACPI NVS
[    0.000000] user: [mem 0x000000004ae77000-0x000000004b2cefff] usable
[    0.000000] user: [mem 0x000000004b2cf000-0x000000004b54dfff] ACPI data
[    0.000000] user: [mem 0x000000004b54e000-0x000000004bd93fff] usable
[    0.000000] user: [mem 0x000000004bd94000-0x000000004be99fff] reserved
[    0.000000] user: [mem 0x000000004be9a000-0x000000004cdfffff] usable
[    0.000000] user: [mem 0x000000004ce00000-0x000000004cffffff] reserved
[    0.000000] user: [mem 0x000000004d000000-0x000000005eefdfff] usable
[    0.000000] user: [mem 0x000000005eefe000-0x000000006e3fefff] reserved
[    0.000000] user: [mem 0x000000006e3ff000-0x000000006f3fefff] ACPI NVS
[    0.000000] user: [mem 0x000000006f3ff000-0x000000006f7fefff] ACPI data
[    0.000000] user: [mem 0x000000006f7ff000-0x000000006f7fffff] usable
[    0.000000] user: [mem 0x000000006f800000-0x000000008fffffff] reserved
[    0.000000] user: [mem 0x00000000fe000000-0x00000000fe010fff] reserved
[    0.000000] user: [mem 0x0000000100000000-0x0000000965ffffff] persistent (type 12)
[    0.000000] user: [mem 0x0000000966000000-0x0000000fffffffff] usable
[    0.000000] user: [mem 0x0000001000000000-0x0000001ebfffffff] persistent (type 12)
[    0.000000] user: [mem 0x0000001ec0000000-0x000000207fffffff] usable
[    0.000000] user: [mem 0x0000002080000000-0x0000011c7fffffff] persistent (type 7)
[    0.000000] user: [mem 0x00001ffc00000000-0x00001fffffffffff] reserved
[    0.000000] efi: EFI v2.70 by Dell Inc.
[    0.000000] efi:  ACPI=0x6f7fe000  ACPI 2.0=0x6f7fe014  MEMATTR=0x5a215220  SMBIOS=0x69526000  SMBIOS 3.0=0x69524000 
[    0.000000] SMBIOS 3.3.0 present.
[    0.000000] DMI: Dell Inc. PowerEdge R750/0K8F35, BIOS 1.10.2 03/03/2023
[    0.000000] tsc: Detected 2000.000 MHz processor
[    0.000008] e820: update [mem 0x00000000-0x00000fff] usable ==> reserved
[    0.000010] e820: remove [mem 0x000a0000-0x000fffff] usable
[    0.000017] last_pfn = 0x2080000 max_arch_pfn = 0x400000000
[    0.000020] MTRR default type: uncachable
[    0.000021] MTRR fixed ranges enabled:
[    0.000022]   00000-9FFFF write-back
[    0.000023]   A0000-BFFFF uncachable
[    0.000024]   C0000-FFFFF write-protect
[    0.000024] MTRR variable ranges enabled:
[    0.000025]   0 base 000000000000 mask 3E0000000000 write-back
[    0.000026]   1 base 000080000000 mask 3FFF80000000 uncachable
[    0.000027]   2 base 00007F000000 mask 3FFFFF000000 uncachable
[    0.000027]   3 disabled
[    0.000028]   4 disabled
[    0.000028]   5 disabled
[    0.000028]   6 disabled
[    0.000029]   7 disabled
[    0.000029]   8 disabled
[    0.000030]   9 disabled
[    0.000778] x86/PAT: Configuration [0-7]: WB  WC  UC- UC  WB  WP  UC- WT  
[    0.001831] total RAM covered: 2095088M
[    0.001915]  gran_size: 64K 	chunk_size: 64K 	num_reg: 10  	lose cover RAM: 2016G
[    0.001916]  gran_size: 64K 	chunk_size: 128K 	num_reg: 10  	lose cover RAM: 2016G
[    0.001917]  gran_size: 64K 	chunk_size: 256K 	num_reg: 10  	lose cover RAM: 2016G
[    0.001917]  gran_size: 64K 	chunk_size: 512K 	num_reg: 10  	lose cover RAM: 2016G
[    0.001918]  gran_size: 64K 	chunk_size: 1M 	num_reg: 10  	lose cover RAM: 2016G
[    0.001919]  gran_size: 64K 	chunk_size: 2M 	num_reg: 10  	lose cover RAM: 2016G
[    0.001920]  gran_size: 64K 	chunk_size: 4M 	num_reg: 10  	lose cover RAM: 2016G
[    0.001920]  gran_size: 64K 	chunk_size: 8M 	num_reg: 10  	lose cover RAM: 2016G
[    0.001921]  gran_size: 64K 	chunk_size: 16M 	num_reg: 10  	lose cover RAM: 2016G
[    0.001922]  gran_size: 64K 	chunk_size: 32M 	num_reg: 10  	lose cover RAM: 1024G
[    0.001922]  gran_size: 64K 	chunk_size: 64M 	num_reg: 10  	lose cover RAM: 1024G
[    0.001923]  gran_size: 64K 	chunk_size: 128M 	num_reg: 10  	lose cover RAM: 1024G
[    0.001924]  gran_size: 64K 	chunk_size: 256M 	num_reg: 10  	lose cover RAM: 1024G
[    0.001924]  gran_size: 64K 	chunk_size: 512M 	num_reg: 10  	lose cover RAM: 1024G
[    0.001925]  gran_size: 64K 	chunk_size: 1G 	num_reg: 10  	lose cover RAM: 1024G
[    0.001926]  gran_size: 64K 	chunk_size: 2G 	num_reg: 10  	lose cover RAM: 1024G
[    0.001926]  gran_size: 128K 	chunk_size: 128K 	num_reg: 10  	lose cover RAM: 2016G
[    0.001927]  gran_size: 128K 	chunk_size: 256K 	num_reg: 10  	lose cover RAM: 2016G
[    0.001928]  gran_size: 128K 	chunk_size: 512K 	num_reg: 10  	lose cover RAM: 2016G
[    0.001928]  gran_size: 128K 	chunk_size: 1M 	num_reg: 10  	lose cover RAM: 2016G
[    0.001929]  gran_size: 128K 	chunk_size: 2M 	num_reg: 10  	lose cover RAM: 2016G
[    0.001930]  gran_size: 128K 	chunk_size: 4M 	num_reg: 10  	lose cover RAM: 2016G
[    0.001930]  gran_size: 128K 	chunk_size: 8M 	num_reg: 10  	lose cover RAM: 2016G
[    0.001931]  gran_size: 128K 	chunk_size: 16M 	num_reg: 10  	lose cover RAM: 2016G
[    0.001932]  gran_size: 128K 	chunk_size: 32M 	num_reg: 10  	lose cover RAM: 1024G
[    0.001932]  gran_size: 128K 	chunk_size: 64M 	num_reg: 10  	lose cover RAM: 1024G
[    0.001933]  gran_size: 128K 	chunk_size: 128M 	num_reg: 10  	lose cover RAM: 1024G
[    0.001934]  gran_size: 128K 	chunk_size: 256M 	num_reg: 10  	lose cover RAM: 1024G
[    0.001934]  gran_size: 128K 	chunk_size: 512M 	num_reg: 10  	lose cover RAM: 1024G
[    0.001935]  gran_size: 128K 	chunk_size: 1G 	num_reg: 10  	lose cover RAM: 1024G
[    0.001936]  gran_size: 128K 	chunk_size: 2G 	num_reg: 10  	lose cover RAM: 1024G
[    0.001936]  gran_size: 256K 	chunk_size: 256K 	num_reg: 10  	lose cover RAM: 2016G
[    0.001937]  gran_size: 256K 	chunk_size: 512K 	num_reg: 10  	lose cover RAM: 2016G
[    0.001938]  gran_size: 256K 	chunk_size: 1M 	num_reg: 10  	lose cover RAM: 2016G
[    0.001938]  gran_size: 256K 	chunk_size: 2M 	num_reg: 10  	lose cover RAM: 2016G
[    0.001939]  gran_size: 256K 	chunk_size: 4M 	num_reg: 10  	lose cover RAM: 2016G
[    0.001940]  gran_size: 256K 	chunk_size: 8M 	num_reg: 10  	lose cover RAM: 2016G
[    0.001940]  gran_size: 256K 	chunk_size: 16M 	num_reg: 10  	lose cover RAM: 2016G
[    0.001941]  gran_size: 256K 	chunk_size: 32M 	num_reg: 10  	lose cover RAM: 1024G
[    0.001942]  gran_size: 256K 	chunk_size: 64M 	num_reg: 10  	lose cover RAM: 1024G
[    0.001943]  gran_size: 256K 	chunk_size: 128M 	num_reg: 10  	lose cover RAM: 1024G
[    0.001943]  gran_size: 256K 	chunk_size: 256M 	num_reg: 10  	lose cover RAM: 1024G
[    0.001944]  gran_size: 256K 	chunk_size: 512M 	num_reg: 10  	lose cover RAM: 1024G
[    0.001945]  gran_size: 256K 	chunk_size: 1G 	num_reg: 10  	lose cover RAM: 1024G
[    0.001945]  gran_size: 256K 	chunk_size: 2G 	num_reg: 10  	lose cover RAM: 1024G
[    0.001946]  gran_size: 512K 	chunk_size: 512K 	num_reg: 10  	lose cover RAM: 2016G
[    0.001947]  gran_size: 512K 	chunk_size: 1M 	num_reg: 10  	lose cover RAM: 2016G
[    0.001947]  gran_size: 512K 	chunk_size: 2M 	num_reg: 10  	lose cover RAM: 2016G
[    0.001948]  gran_size: 512K 	chunk_size: 4M 	num_reg: 10  	lose cover RAM: 2016G
[    0.001949]  gran_size: 512K 	chunk_size: 8M 	num_reg: 10  	lose cover RAM: 2016G
[    0.001949]  gran_size: 512K 	chunk_size: 16M 	num_reg: 10  	lose cover RAM: 2016G
[    0.001950]  gran_size: 512K 	chunk_size: 32M 	num_reg: 10  	lose cover RAM: 1024G
[    0.001951]  gran_size: 512K 	chunk_size: 64M 	num_reg: 10  	lose cover RAM: 1024G
[    0.001951]  gran_size: 512K 	chunk_size: 128M 	num_reg: 10  	lose cover RAM: 1024G
[    0.001952]  gran_size: 512K 	chunk_size: 256M 	num_reg: 10  	lose cover RAM: 1024G
[    0.001952]  gran_size: 512K 	chunk_size: 512M 	num_reg: 10  	lose cover RAM: 1024G
[    0.001953]  gran_size: 512K 	chunk_size: 1G 	num_reg: 10  	lose cover RAM: 1024G
[    0.001954]  gran_size: 512K 	chunk_size: 2G 	num_reg: 10  	lose cover RAM: 1024G
[    0.001955]  gran_size: 1M 	chunk_size: 1M 	num_reg: 10  	lose cover RAM: 2016G
[    0.001955]  gran_size: 1M 	chunk_size: 2M 	num_reg: 10  	lose cover RAM: 2016G
[    0.001956]  gran_size: 1M 	chunk_size: 4M 	num_reg: 10  	lose cover RAM: 2016G
[    0.001956]  gran_size: 1M 	chunk_size: 8M 	num_reg: 10  	lose cover RAM: 2016G
[    0.001957]  gran_size: 1M 	chunk_size: 16M 	num_reg: 10  	lose cover RAM: 2016G
[    0.001958]  gran_size: 1M 	chunk_size: 32M 	num_reg: 10  	lose cover RAM: 1024G
[    0.001959]  gran_size: 1M 	chunk_size: 64M 	num_reg: 10  	lose cover RAM: 1024G
[    0.001959]  gran_size: 1M 	chunk_size: 128M 	num_reg: 10  	lose cover RAM: 1024G
[    0.001960]  gran_size: 1M 	chunk_size: 256M 	num_reg: 10  	lose cover RAM: 1024G
[    0.001961]  gran_size: 1M 	chunk_size: 512M 	num_reg: 10  	lose cover RAM: 1024G
[    0.001961]  gran_size: 1M 	chunk_size: 1G 	num_reg: 10  	lose cover RAM: 1024G
[    0.001962]  gran_size: 1M 	chunk_size: 2G 	num_reg: 10  	lose cover RAM: 1024G
[    0.001963]  gran_size: 2M 	chunk_size: 2M 	num_reg: 10  	lose cover RAM: 2016G
[    0.001963]  gran_size: 2M 	chunk_size: 4M 	num_reg: 10  	lose cover RAM: 2016G
[    0.001964]  gran_size: 2M 	chunk_size: 8M 	num_reg: 10  	lose cover RAM: 2016G
[    0.001964]  gran_size: 2M 	chunk_size: 16M 	num_reg: 10  	lose cover RAM: 2016G
[    0.001965]  gran_size: 2M 	chunk_size: 32M 	num_reg: 10  	lose cover RAM: 1024G
[    0.001966]  gran_size: 2M 	chunk_size: 64M 	num_reg: 10  	lose cover RAM: 1024G
[    0.001966]  gran_size: 2M 	chunk_size: 128M 	num_reg: 10  	lose cover RAM: 1024G
[    0.001967]  gran_size: 2M 	chunk_size: 256M 	num_reg: 10  	lose cover RAM: 1024G
[    0.001968]  gran_size: 2M 	chunk_size: 512M 	num_reg: 10  	lose cover RAM: 1024G
[    0.001968]  gran_size: 2M 	chunk_size: 1G 	num_reg: 10  	lose cover RAM: 1024G
[    0.001969]  gran_size: 2M 	chunk_size: 2G 	num_reg: 10  	lose cover RAM: 1024G
[    0.001970]  gran_size: 4M 	chunk_size: 4M 	num_reg: 10  	lose cover RAM: 2016G
[    0.001970]  gran_size: 4M 	chunk_size: 8M 	num_reg: 10  	lose cover RAM: 2016G
[    0.001971]  gran_size: 4M 	chunk_size: 16M 	num_reg: 10  	lose cover RAM: 2016G
[    0.001972]  gran_size: 4M 	chunk_size: 32M 	num_reg: 10  	lose cover RAM: 1024G
[    0.001973]  gran_size: 4M 	chunk_size: 64M 	num_reg: 10  	lose cover RAM: 1024G
[    0.001973]  gran_size: 4M 	chunk_size: 128M 	num_reg: 10  	lose cover RAM: 1024G
[    0.001974]  gran_size: 4M 	chunk_size: 256M 	num_reg: 10  	lose cover RAM: 1024G
[    0.001975]  gran_size: 4M 	chunk_size: 512M 	num_reg: 10  	lose cover RAM: 1024G
[    0.001975]  gran_size: 4M 	chunk_size: 1G 	num_reg: 10  	lose cover RAM: 1024G
[    0.001976]  gran_size: 4M 	chunk_size: 2G 	num_reg: 10  	lose cover RAM: 1024G
[    0.001977]  gran_size: 8M 	chunk_size: 8M 	num_reg: 10  	lose cover RAM: 2016G
[    0.001977]  gran_size: 8M 	chunk_size: 16M 	num_reg: 10  	lose cover RAM: 2016G
[    0.001978]  gran_size: 8M 	chunk_size: 32M 	num_reg: 10  	lose cover RAM: 1024G
[    0.001979]  gran_size: 8M 	chunk_size: 64M 	num_reg: 10  	lose cover RAM: 1024G
[    0.001979]  gran_size: 8M 	chunk_size: 128M 	num_reg: 10  	lose cover RAM: 1024G
[    0.001980]  gran_size: 8M 	chunk_size: 256M 	num_reg: 10  	lose cover RAM: 1024G
[    0.001981]  gran_size: 8M 	chunk_size: 512M 	num_reg: 10  	lose cover RAM: 1024G
[    0.001981]  gran_size: 8M 	chunk_size: 1G 	num_reg: 10  	lose cover RAM: 1024G
[    0.001982]  gran_size: 8M 	chunk_size: 2G 	num_reg: 10  	lose cover RAM: 1024G
[    0.001983]  gran_size: 16M 	chunk_size: 16M 	num_reg: 10  	lose cover RAM: 2016G
[    0.001983]  gran_size: 16M 	chunk_size: 32M 	num_reg: 10  	lose cover RAM: 1024G
[    0.001984]  gran_size: 16M 	chunk_size: 64M 	num_reg: 10  	lose cover RAM: 1024G
[    0.001985]  gran_size: 16M 	chunk_size: 128M 	num_reg: 10  	lose cover RAM: 1024G
[    0.001985]  gran_size: 16M 	chunk_size: 256M 	num_reg: 10  	lose cover RAM: 1024G
[    0.001986]  gran_size: 16M 	chunk_size: 512M 	num_reg: 10  	lose cover RAM: 1024G
[    0.001987]  gran_size: 16M 	chunk_size: 1G 	num_reg: 10  	lose cover RAM: 1024G
[    0.001987]  gran_size: 16M 	chunk_size: 2G 	num_reg: 10  	lose cover RAM: 1024G
[    0.001988]  gran_size: 32M 	chunk_size: 32M 	num_reg: 10  	lose cover RAM: 2031632M
[    0.001989]  gran_size: 32M 	chunk_size: 64M 	num_reg: 10  	lose cover RAM: 1048592M
[    0.001990]  gran_size: 32M 	chunk_size: 128M 	num_reg: 10  	lose cover RAM: 1048592M
[    0.001990]  gran_size: 32M 	chunk_size: 256M 	num_reg: 10  	lose cover RAM: 1048592M
[    0.001991]  gran_size: 32M 	chunk_size: 512M 	num_reg: 10  	lose cover RAM: 1048592M
[    0.001992]  gran_size: 32M 	chunk_size: 1G 	num_reg: 10  	lose cover RAM: 1048592M
[    0.001992]  gran_size: 32M 	chunk_size: 2G 	num_reg: 10  	lose cover RAM: 1048592M
[    0.001993]  gran_size: 64M 	chunk_size: 64M 	num_reg: 10  	lose cover RAM: 1966128M
[    0.001994]  gran_size: 64M 	chunk_size: 128M 	num_reg: 10  	lose cover RAM: 1048624M
[    0.001994]  gran_size: 64M 	chunk_size: 256M 	num_reg: 10  	lose cover RAM: 1048624M
[    0.001995]  gran_size: 64M 	chunk_size: 512M 	num_reg: 10  	lose cover RAM: 1048624M
[    0.001996]  gran_size: 64M 	chunk_size: 1G 	num_reg: 10  	lose cover RAM: 1048624M
[    0.001996]  gran_size: 64M 	chunk_size: 2G 	num_reg: 10  	lose cover RAM: 1048624M
[    0.001997]  gran_size: 128M 	chunk_size: 128M 	num_reg: 10  	lose cover RAM: 1835120M
[    0.001998]  gran_size: 128M 	chunk_size: 256M 	num_reg: 10  	lose cover RAM: 1048688M
[    0.001998]  gran_size: 128M 	chunk_size: 512M 	num_reg: 10  	lose cover RAM: 1048688M
[    0.001999]  gran_size: 128M 	chunk_size: 1G 	num_reg: 10  	lose cover RAM: 1048688M
[    0.002000]  gran_size: 128M 	chunk_size: 2G 	num_reg: 10  	lose cover RAM: 1048688M
[    0.002000]  gran_size: 256M 	chunk_size: 256M 	num_reg: 10  	lose cover RAM: 1573104M
[    0.002001]  gran_size: 256M 	chunk_size: 512M 	num_reg: 10  	lose cover RAM: 1048816M
[    0.002002]  gran_size: 256M 	chunk_size: 1G 	num_reg: 10  	lose cover RAM: 1048816M
[    0.002002]  gran_size: 256M 	chunk_size: 2G 	num_reg: 10  	lose cover RAM: 1048816M
[    0.002003]  gran_size: 512M 	chunk_size: 512M 	num_reg: 10  	lose cover RAM: 1049072M
[    0.002004]  gran_size: 512M 	chunk_size: 1G 	num_reg: 10  	lose cover RAM: 1049072M
[    0.002005]  gran_size: 512M 	chunk_size: 2G 	num_reg: 10  	lose cover RAM: 1049072M
[    0.002005]  gran_size: 1G 	chunk_size: 1G 	num_reg: 10  	lose cover RAM: 1008M
[    0.002006]  gran_size: 1G 	chunk_size: 2G 	num_reg: 10  	lose cover RAM: 1008M
[    0.002007]  gran_size: 2G 	chunk_size: 2G 	num_reg: 9  	lose cover RAM: 2032M
[    0.002008] mtrr_cleanup: can not find optimal value
[    0.002008] please specify mtrr_gran_size/mtrr_chunk_size
[    0.002010] e820: update [mem 0x7f000000-0xffffffff] usable ==> reserved
[    0.002012] x2apic: enabled by BIOS, switching to x2apic ops
[    0.002013] last_pfn = 0x6f800 max_arch_pfn = 0x400000000
[    0.013417] check: Scanning 1 areas for low memory corruption
[    0.013422] Using GB pages for direct mapping
[    0.013423] BRK [0xaa6e01000, 0xaa6e01fff] PGTABLE
[    0.013424] BRK [0xaa6e02000, 0xaa6e02fff] PGTABLE
[    0.013425] BRK [0xaa6e03000, 0xaa6e03fff] PGTABLE
[    0.013494] BRK [0xaa6e04000, 0xaa6e04fff] PGTABLE
[    0.013729] BRK [0xaa6e05000, 0xaa6e05fff] PGTABLE
[    0.013819] BRK [0xaa6e06000, 0xaa6e06fff] PGTABLE
[    0.013954] BRK [0xaa6e07000, 0xaa6e07fff] PGTABLE
[    0.014129] BRK [0xaa6e08000, 0xaa6e08fff] PGTABLE
[    0.014254] BRK [0xaa6e09000, 0xaa6e09fff] PGTABLE
[    0.014426] BRK [0xaa6e0a000, 0xaa6e0afff] PGTABLE
[    0.014530] BRK [0xaa6e0b000, 0xaa6e0bfff] PGTABLE
[    0.014789] BRK [0xaa6e0c000, 0xaa6e0cfff] PGTABLE
[    0.015155] Secure boot disabled
[    0.015156] RAMDISK: [mem 0x2065920000-0x207fffffff]
[    0.015162] ACPI: Early table checksum verification disabled
[    0.015164] ACPI: RSDP 0x000000006F7FE014 000024 (v02 DELL  )
[    0.015167] ACPI: XSDT 0x000000006F41C188 0000F4 (v01 DELL   PE_SC3   00000000 DELL 01000013)
[    0.015171] ACPI: FACP 0x000000006F430000 000114 (v06 DELL   PE_SC3   00000000 DELL 00000001)
[    0.015176] ACPI: DSDT 0x000000004B4CE000 07FAD3 (v02 DELL   PE_SC3   00000003 DELL 00000001)
[    0.015179] ACPI: FACS 0x000000006F2F2000 000040
[    0.015181] ACPI: SSDT 0x000000006F7FB000 00159A (v02 INTEL  RAS_ACPI 00000001 INTL 20210331)
[    0.015184] ACPI: SSDT 0x000000006F7FA000 000745 (v02 INTEL  ADDRXLAT 00000001 INTL 20210331)
[    0.015187] ACPI: MCEJ 0x000000006F7F9000 000130 (v01 INTEL           00000001 INTL 0100000D)
[    0.015189] ACPI: BERT 0x000000006F7F8000 000030 (v01 DELL   PE_SC3   00000001 INTL 00000001)
[    0.015192] ACPI: ERST 0x000000006F7F7000 000230 (v01 DELL   PE_SC3   00000001 INTL 00000001)
[    0.015194] ACPI: SSDT 0x000000006F431000 3C524E (v02 INTEL  SSDTNVDR 00001000 INTL 20210331)
[    0.015197] ACPI: HMAT 0x000000006F42F000 000210 (v01 DELL   PE_SC3   00000001 DELL 00000001)
[    0.015200] ACPI: HPET 0x000000006F42E000 000038 (v01 DELL   PE_SC3   00000001 DELL 00000001)
[    0.015202] ACPI: MCFG 0x000000006F42D000 00003C (v01 DELL   PE_SC3   00000001 DELL 00000001)
[    0.015205] ACPI: MIGT 0x000000006F42C000 000040 (v01 DELL   PE_SC3   00000000 DELL 00000001)
[    0.015207] ACPI: MSCT 0x000000006F42B000 000090 (v01 DELL   PE_SC3   00000001 DELL 00000001)
[    0.015210] ACPI: PMTT 0x000000006F429000 0011E8 (v02 DELL   PE_SC3   00000001 DELL 00000001)
[    0.015212] ACPI: WSMT 0x000000006F428000 000028 (v01 DELL   PE_SC3   00000000 DELL 00000001)
[    0.015215] ACPI: APIC 0x000000006F427000 00075E (v04 DELL   PE_SC3   00000000 DELL 00000001)
[    0.015217] ACPI: SLIT 0x000000006F426000 00003C (v01 DELL   PE_SC3   00000001 DELL 01000013)
[    0.015220] ACPI: SRAT 0x000000006F41F000 006430 (v03 DELL   PE_SC3   00000002 DELL 01000013)
[    0.015222] ACPI: OEM4 0x000000004B346000 187A61 (v02 INTEL  CPU  CST 00003000 INTL 20210331)
[    0.015225] ACPI: SSDT 0x000000004B2CF000 0764A5 (v02 INTEL  SSDT  PM 00004000 INTL 20210331)
[    0.015227] ACPI: SSDT 0x000000006F41E000 000A1F (v02 DELL   PE_SC3   00000000 DELL 00000001)
[    0.015230] ACPI: HEST 0x000000006F41D000 00017C (v01 DELL   PE_SC3   00000001 INTL 00000001)
[    0.015232] ACPI: PCAT 0x000000006F41B000 00010C (v19 DELL   PE_SC3   00000002 DELL 00000001)
[    0.015235] ACPI: SSDT 0x000000006F413000 007299 (v02 INTEL  SpsNm    00000002 INTL 20210331)
[    0.015238] ACPI: SSDT 0x000000006F412000 000426 (v02 DELL   PE_SC3   00000002 DELL 00000001)
[    0.015240] ACPI: NFIT 0x000000006F7FD000 000488 (v01 DELL   PE_SC3   00000002 DELL 00000001)
[    0.015243] ACPI: DMAR 0x000000006F411000 000158 (v01 DELL   PE_SC3   00000001 DELL 00000001)
[    0.015251] ACPI: Local APIC address 0xfee00000
[    0.015252] Setting APIC routing to cluster x2apic.
[    0.015297] SRAT: PXM 0 -> APIC 0x0000 -> Node 0
[    0.015298] SRAT: PXM 0 -> APIC 0x0001 -> Node 0
[    0.015298] SRAT: PXM 0 -> APIC 0x0002 -> Node 0
[    0.015299] SRAT: PXM 0 -> APIC 0x0003 -> Node 0
[    0.015299] SRAT: PXM 0 -> APIC 0x0004 -> Node 0
[    0.015300] SRAT: PXM 0 -> APIC 0x0005 -> Node 0
[    0.015300] SRAT: PXM 0 -> APIC 0x0006 -> Node 0
[    0.015300] SRAT: PXM 0 -> APIC 0x0007 -> Node 0
[    0.015301] SRAT: PXM 0 -> APIC 0x0008 -> Node 0
[    0.015301] SRAT: PXM 0 -> APIC 0x0009 -> Node 0
[    0.015302] SRAT: PXM 0 -> APIC 0x000a -> Node 0
[    0.015302] SRAT: PXM 0 -> APIC 0x000b -> Node 0
[    0.015302] SRAT: PXM 0 -> APIC 0x000c -> Node 0
[    0.015303] SRAT: PXM 0 -> APIC 0x000d -> Node 0
[    0.015303] SRAT: PXM 0 -> APIC 0x000e -> Node 0
[    0.015304] SRAT: PXM 0 -> APIC 0x000f -> Node 0
[    0.015304] SRAT: PXM 0 -> APIC 0x0010 -> Node 0
[    0.015305] SRAT: PXM 0 -> APIC 0x0011 -> Node 0
[    0.015305] SRAT: PXM 0 -> APIC 0x0012 -> Node 0
[    0.015306] SRAT: PXM 0 -> APIC 0x0013 -> Node 0
[    0.015306] SRAT: PXM 0 -> APIC 0x0014 -> Node 0
[    0.015306] SRAT: PXM 0 -> APIC 0x0015 -> Node 0
[    0.015307] SRAT: PXM 0 -> APIC 0x0016 -> Node 0
[    0.015307] SRAT: PXM 0 -> APIC 0x0017 -> Node 0
[    0.015308] SRAT: PXM 0 -> APIC 0x0018 -> Node 0
[    0.015308] SRAT: PXM 0 -> APIC 0x0019 -> Node 0
[    0.015308] SRAT: PXM 0 -> APIC 0x001a -> Node 0
[    0.015309] SRAT: PXM 0 -> APIC 0x001b -> Node 0
[    0.015309] SRAT: PXM 0 -> APIC 0x001c -> Node 0
[    0.015310] SRAT: PXM 0 -> APIC 0x001d -> Node 0
[    0.015310] SRAT: PXM 0 -> APIC 0x001e -> Node 0
[    0.015310] SRAT: PXM 0 -> APIC 0x001f -> Node 0
[    0.015311] SRAT: PXM 0 -> APIC 0x0020 -> Node 0
[    0.015311] SRAT: PXM 0 -> APIC 0x0021 -> Node 0
[    0.015312] SRAT: PXM 0 -> APIC 0x0022 -> Node 0
[    0.015312] SRAT: PXM 0 -> APIC 0x0023 -> Node 0
[    0.015313] SRAT: PXM 0 -> APIC 0x0024 -> Node 0
[    0.015313] SRAT: PXM 0 -> APIC 0x0025 -> Node 0
[    0.015313] SRAT: PXM 0 -> APIC 0x0026 -> Node 0
[    0.015314] SRAT: PXM 0 -> APIC 0x0027 -> Node 0
[    0.015314] SRAT: PXM 0 -> APIC 0x0028 -> Node 0
[    0.015315] SRAT: PXM 0 -> APIC 0x0029 -> Node 0
[    0.015315] SRAT: PXM 0 -> APIC 0x002a -> Node 0
[    0.015315] SRAT: PXM 0 -> APIC 0x002b -> Node 0
[    0.015316] SRAT: PXM 0 -> APIC 0x002c -> Node 0
[    0.015316] SRAT: PXM 0 -> APIC 0x002d -> Node 0
[    0.015317] SRAT: PXM 0 -> APIC 0x002e -> Node 0
[    0.015317] SRAT: PXM 0 -> APIC 0x002f -> Node 0
[    0.015318] SRAT: PXM 0 -> APIC 0x0030 -> Node 0
[    0.015318] SRAT: PXM 0 -> APIC 0x0031 -> Node 0
[    0.015318] SRAT: PXM 0 -> APIC 0x0032 -> Node 0
[    0.015319] SRAT: PXM 0 -> APIC 0x0033 -> Node 0
[    0.015319] SRAT: PXM 0 -> APIC 0x0034 -> Node 0
[    0.015320] SRAT: PXM 0 -> APIC 0x0035 -> Node 0
[    0.015320] SRAT: PXM 0 -> APIC 0x0036 -> Node 0
[    0.015320] SRAT: PXM 0 -> APIC 0x0037 -> Node 0
[    0.015321] SRAT: PXM 1 -> APIC 0x0080 -> Node 1
[    0.015321] SRAT: PXM 1 -> APIC 0x0081 -> Node 1
[    0.015322] SRAT: PXM 1 -> APIC 0x0082 -> Node 1
[    0.015322] SRAT: PXM 1 -> APIC 0x0083 -> Node 1
[    0.015323] SRAT: PXM 1 -> APIC 0x0084 -> Node 1
[    0.015323] SRAT: PXM 1 -> APIC 0x0085 -> Node 1
[    0.015324] SRAT: PXM 1 -> APIC 0x0086 -> Node 1
[    0.015324] SRAT: PXM 1 -> APIC 0x0087 -> Node 1
[    0.015324] SRAT: PXM 1 -> APIC 0x0088 -> Node 1
[    0.015325] SRAT: PXM 1 -> APIC 0x0089 -> Node 1
[    0.015325] SRAT: PXM 1 -> APIC 0x008a -> Node 1
[    0.015326] SRAT: PXM 1 -> APIC 0x008b -> Node 1
[    0.015326] SRAT: PXM 1 -> APIC 0x008c -> Node 1
[    0.015326] SRAT: PXM 1 -> APIC 0x008d -> Node 1
[    0.015327] SRAT: PXM 1 -> APIC 0x008e -> Node 1
[    0.015327] SRAT: PXM 1 -> APIC 0x008f -> Node 1
[    0.015328] SRAT: PXM 1 -> APIC 0x0090 -> Node 1
[    0.015328] SRAT: PXM 1 -> APIC 0x0091 -> Node 1
[    0.015328] SRAT: PXM 1 -> APIC 0x0092 -> Node 1
[    0.015329] SRAT: PXM 1 -> APIC 0x0093 -> Node 1
[    0.015329] SRAT: PXM 1 -> APIC 0x0094 -> Node 1
[    0.015330] SRAT: PXM 1 -> APIC 0x0095 -> Node 1
[    0.015330] SRAT: PXM 1 -> APIC 0x0096 -> Node 1
[    0.015331] SRAT: PXM 1 -> APIC 0x0097 -> Node 1
[    0.015331] SRAT: PXM 1 -> APIC 0x0098 -> Node 1
[    0.015331] SRAT: PXM 1 -> APIC 0x0099 -> Node 1
[    0.015332] SRAT: PXM 1 -> APIC 0x009a -> Node 1
[    0.015332] SRAT: PXM 1 -> APIC 0x009b -> Node 1
[    0.015333] SRAT: PXM 1 -> APIC 0x009c -> Node 1
[    0.015333] SRAT: PXM 1 -> APIC 0x009d -> Node 1
[    0.015333] SRAT: PXM 1 -> APIC 0x009e -> Node 1
[    0.015334] SRAT: PXM 1 -> APIC 0x009f -> Node 1
[    0.015334] SRAT: PXM 1 -> APIC 0x00a0 -> Node 1
[    0.015335] SRAT: PXM 1 -> APIC 0x00a1 -> Node 1
[    0.015335] SRAT: PXM 1 -> APIC 0x00a2 -> Node 1
[    0.015335] SRAT: PXM 1 -> APIC 0x00a3 -> Node 1
[    0.015336] SRAT: PXM 1 -> APIC 0x00a4 -> Node 1
[    0.015336] SRAT: PXM 1 -> APIC 0x00a5 -> Node 1
[    0.015337] SRAT: PXM 1 -> APIC 0x00a6 -> Node 1
[    0.015337] SRAT: PXM 1 -> APIC 0x00a7 -> Node 1
[    0.015338] SRAT: PXM 1 -> APIC 0x00a8 -> Node 1
[    0.015338] SRAT: PXM 1 -> APIC 0x00a9 -> Node 1
[    0.015338] SRAT: PXM 1 -> APIC 0x00aa -> Node 1
[    0.015339] SRAT: PXM 1 -> APIC 0x00ab -> Node 1
[    0.015339] SRAT: PXM 1 -> APIC 0x00ac -> Node 1
[    0.015340] SRAT: PXM 1 -> APIC 0x00ad -> Node 1
[    0.015340] SRAT: PXM 1 -> APIC 0x00ae -> Node 1
[    0.015340] SRAT: PXM 1 -> APIC 0x00af -> Node 1
[    0.015341] SRAT: PXM 1 -> APIC 0x00b0 -> Node 1
[    0.015341] SRAT: PXM 1 -> APIC 0x00b1 -> Node 1
[    0.015342] SRAT: PXM 1 -> APIC 0x00b2 -> Node 1
[    0.015342] SRAT: PXM 1 -> APIC 0x00b3 -> Node 1
[    0.015342] SRAT: PXM 1 -> APIC 0x00b4 -> Node 1
[    0.015343] SRAT: PXM 1 -> APIC 0x00b5 -> Node 1
[    0.015343] SRAT: PXM 1 -> APIC 0x00b6 -> Node 1
[    0.015344] SRAT: PXM 1 -> APIC 0x00b7 -> Node 1
[    0.015356] ACPI: SRAT: Node 0 PXM 0 [mem 0x00000000-0x7fffffff]
[    0.015357] ACPI: SRAT: Node 0 PXM 0 [mem 0x100000000-0x107fffffff]
[    0.015358] ACPI: SRAT: Node 2 PXM 2 [mem 0x2080000000-0x9e7fffffff] non-volatile
[    0.015359] ACPI: SRAT: Node 1 PXM 1 [mem 0x1080000000-0x207fffffff]
[    0.015360] ACPI: SRAT: Node 3 PXM 3 [mem 0x9e80000000-0x11c7fffffff] non-volatile
[    0.015369] NUMA: Initialized distance table, cnt=4
[    0.015371] NUMA: Node 0 [mem 0x00000000-0x7fffffff] + [mem 0x100000000-0x107fffffff] -> [mem 0x00000000-0x107fffffff]
[    0.015380] NODE_DATA(0) allocated [mem 0xffffd5000-0xfffffffff]
[    0.015397] NODE_DATA(1) allocated [mem 0x20658f2000-0x206591cfff]
[    0.015556] Zone ranges:
[    0.015557]   DMA      [mem 0x0000000000001000-0x0000000000ffffff]
[    0.015558]   DMA32    [mem 0x0000000001000000-0x00000000ffffffff]
[    0.015559]   Normal   [mem 0x0000000100000000-0x000000207fffffff]
[    0.015559]   Device   empty
[    0.015560] Movable zone start for each node
[    0.015563] Early memory node ranges
[    0.015564]   node   0: [mem 0x0000000000001000-0x000000000008efff]
[    0.015565]   node   0: [mem 0x0000000000090000-0x000000000009ffff]
[    0.015565]   node   0: [mem 0x0000000000100000-0x0000000049e76fff]
[    0.015566]   node   0: [mem 0x000000004ae77000-0x000000004b2cefff]
[    0.015567]   node   0: [mem 0x000000004b54e000-0x000000004bd93fff]
[    0.015567]   node   0: [mem 0x000000004be9a000-0x000000004cdfffff]
[    0.015567]   node   0: [mem 0x000000004d000000-0x000000005eefdfff]
[    0.015568]   node   0: [mem 0x000000006f7ff000-0x000000006f7fffff]
[    0.015568]   node   0: [mem 0x0000000966000000-0x0000000fffffffff]
[    0.015570]   node   1: [mem 0x0000001ec0000000-0x000000207fffffff]
[    0.016208] Zeroed struct page in unavailable ranges: 67304 pages
[    0.016209] Initmem setup node 0 [mem 0x0000000000001000-0x0000000fffffffff]
[    0.016211] On node 0 totalpages: 7305496
[    0.016212]   DMA zone: 64 pages used for memmap
[    0.016213]   DMA zone: 1102 pages reserved
[    0.016213]   DMA zone: 3998 pages, LIFO batch:0
[    0.016258]   DMA32 zone: 5926 pages used for memmap
[    0.016259]   DMA32 zone: 379258 pages, LIFO batch:63
[    0.022021]   Normal zone: 108160 pages used for memmap
[    0.022022]   Normal zone: 6922240 pages, LIFO batch:63
[    0.105853] Initmem setup node 1 [mem 0x0000001ec0000000-0x000000207fffffff]
[    0.105855] On node 1 totalpages: 1835008
[    0.105856]   Normal zone: 28672 pages used for memmap
[    0.105857]   Normal zone: 1835008 pages, LIFO batch:63
[    0.125765] ACPI: PM-Timer IO Port: 0x508
[    0.125768] ACPI: Local APIC address 0xfee00000
[    0.125784] ACPI: X2APIC_NMI (uid[0xffffffff] high edge lint[0x1])
[    0.125787] ACPI: LAPIC_NMI (acpi_id[0xff] high edge lint[0x1])
[    0.125805] IOAPIC[0]: apic_id 8, version 32, address 0xfec00000, GSI 0-119
[    0.125807] ACPI: INT_SRC_OVR (bus 0 bus_irq 0 global_irq 2 dfl dfl)
[    0.125808] ACPI: INT_SRC_OVR (bus 0 bus_irq 9 global_irq 9 high level)
[    0.125810] ACPI: IRQ0 used by override.
[    0.125811] ACPI: IRQ9 used by override.
[    0.125813] Using ACPI (MADT) for SMP configuration information
[    0.125814] ACPI: HPET id: 0x8086a701 base: 0xfed00000
[    0.125819] smpboot: Allowing 112 CPUs, 0 hotplug CPUs
[    0.125844] PM: Registered nosave memory: [mem 0x00000000-0x00000fff]
[    0.125845] PM: Registered nosave memory: [mem 0x0008f000-0x0008ffff]
[    0.125847] PM: Registered nosave memory: [mem 0x000a0000-0x000fffff]
[    0.125848] PM: Registered nosave memory: [mem 0x47bdd000-0x47bddfff]
[    0.125849] PM: Registered nosave memory: [mem 0x47c0e000-0x47c0efff]
[    0.125850] PM: Registered nosave memory: [mem 0x47c0f000-0x47c0ffff]
[    0.125851] PM: Registered nosave memory: [mem 0x47c41000-0x47c41fff]
[    0.125851] PM: Registered nosave memory: [mem 0x47c42000-0x47c42fff]
[    0.125853] PM: Registered nosave memory: [mem 0x47c74000-0x47c74fff]
[    0.125853] PM: Registered nosave memory: [mem 0x47c75000-0x47c75fff]
[    0.125855] PM: Registered nosave memory: [mem 0x47c7d000-0x47c7dfff]
[    0.125856] PM: Registered nosave memory: [mem 0x49e77000-0x4ae76fff]
[    0.125858] PM: Registered nosave memory: [mem 0x4b2cf000-0x4b54dfff]
[    0.125859] PM: Registered nosave memory: [mem 0x4bd94000-0x4be99fff]
[    0.125860] PM: Registered nosave memory: [mem 0x4ce00000-0x4cffffff]
[    0.125862] PM: Registered nosave memory: [mem 0x5eefe000-0x6e3fefff]
[    0.125862] PM: Registered nosave memory: [mem 0x6e3ff000-0x6f3fefff]
[    0.125863] PM: Registered nosave memory: [mem 0x6f3ff000-0x6f7fefff]
[    0.125864] PM: Registered nosave memory: [mem 0x6f800000-0x8fffffff]
[    0.125865] PM: Registered nosave memory: [mem 0x90000000-0xfdffffff]
[    0.125865] PM: Registered nosave memory: [mem 0xfe000000-0xfe010fff]
[    0.125865] PM: Registered nosave memory: [mem 0xfe011000-0xffffffff]
[    0.125866] PM: Registered nosave memory: [mem 0x100000000-0x965ffffff]
[    0.125867] PM: Registered nosave memory: [mem 0x1000000000-0x1ebfffffff]
[    0.125869] [mem 0x90000000-0xfdffffff] available for PCI devices
[    0.125870] Booting paravirtualized kernel on bare hardware
[    0.125873] clocksource: refined-jiffies: mask: 0xffffffff max_cycles: 0xffffffff, max_idle_ns: 7645519600211568 ns
[    0.125879] setup_percpu: NR_CPUS:8192 nr_cpumask_bits:112 nr_cpu_ids:112 nr_node_ids:4
[    0.130446] percpu: Embedded 55 pages/cpu s188416 r8192 d28672 u262144
[    0.130456] pcpu-alloc: s188416 r8192 d28672 u262144 alloc=1*2097152
[    0.130457] pcpu-alloc: [0] 000 002 004 006 008 010 012 014 
[    0.130459] pcpu-alloc: [0] 016 018 020 022 024 026 028 030 
[    0.130461] pcpu-alloc: [0] 032 034 036 038 040 042 044 046 
[    0.130462] pcpu-alloc: [0] 048 050 052 054 056 058 060 062 
[    0.130464] pcpu-alloc: [0] 064 066 068 070 072 074 076 078 
[    0.130465] pcpu-alloc: [0] 080 082 084 086 088 090 092 094 
[    0.130466] pcpu-alloc: [0] 096 098 100 102 104 106 108 110 
[    0.130468] pcpu-alloc: [1] 001 003 005 007 009 011 013 015 
[    0.130469] pcpu-alloc: [1] 017 019 021 023 025 027 029 031 
[    0.130471] pcpu-alloc: [1] 033 035 037 039 041 043 045 047 
[    0.130472] pcpu-alloc: [1] 049 051 053 055 057 059 061 063 
[    0.130473] pcpu-alloc: [1] 065 067 069 071 073 075 077 079 
[    0.130475] pcpu-alloc: [1] 081 083 085 087 089 091 093 095 
[    0.130476] pcpu-alloc: [1] 097 099 101 103 105 107 109 111 
[    0.130519] Built 2 zonelists, mobility grouping on.  Total pages: 8996580
[    0.130520] Policy zone: Normal
[    0.130521] Kernel command line: BOOT_IMAGE=/boot/vmlinuz-5.3.1-multiclock root=UUID=ce0c24b8-724b-4f33-9b2c-618433560aef ro memmap=34400M!4096M memmap=59G!64G quiet splash nomodeset vt.handoff=1
[    0.130626] You have booted with nomodeset. This means your GPU drivers are DISABLED
[    0.130627] Any video related functionality will be severely degraded, and you may not even be able to suspend the system properly
[    0.130627] Unless you actually understand what nomodeset does, you should reboot without enabling it
[    0.130644] printk: log_buf_len individual max cpu contribution: 4096 bytes
[    0.130644] printk: log_buf_len total cpu_extra contributions: 454656 bytes
[    0.130645] printk: log_buf_len min size: 262144 bytes
[    0.130802] printk: log_buf_len: 1048576 bytes
[    0.130802] printk: early log buf free: 221788(84%)
[    0.132307] mem auto-init: stack:off, heap alloc:on, heap free:off
[    0.138272] Calgary: detecting Calgary via BIOS EBDA area
[    0.138274] Calgary: Unable to locate Rio Grande table in EBDA - bailing!
[    0.214394] Memory: 35300144K/36562016K available (14339K kernel code, 2373K rwdata, 4660K rodata, 2680K init, 5056K bss, 1261872K reserved, 0K cma-reserved)
[    0.214996] SLUB: HWalign=64, Order=0-3, MinObjects=0, CPUs=112, Nodes=4
[    0.215024] ftrace: allocating 43047 entries in 169 pages
[    0.231381] rcu: Hierarchical RCU implementation.
[    0.231382] rcu: 	RCU restricting CPUs from NR_CPUS=8192 to nr_cpu_ids=112.
[    0.231383] 	Tasks RCU enabled.
[    0.231384] rcu: RCU calculated value of scheduler-enlistment delay is 25 jiffies.
[    0.231385] rcu: Adjusting geometry for rcu_fanout_leaf=16, nr_cpu_ids=112
[    0.233977] NR_IRQS: 524544, nr_irqs: 2952, preallocated irqs: 16
[    0.234333] random: crng done (trusting CPU's manufacturer)
[    0.234502] Console: colour dummy device 80x25
[    0.234517] printk: console [tty0] enabled
[    0.234603] mempolicy: Enabling automatic NUMA balancing. Configure with numa_balancing= or the kernel.numa_balancing sysctl
[    0.234606] ACPI: Core revision 20190703
[    0.238016] clocksource: hpet: mask: 0xffffffff max_cycles: 0xffffffff, max_idle_ns: 79635855245 ns
[    0.238059] APIC: Switch to symmetric I/O mode setup
[    0.238060] DMAR: Host address width 46
[    0.238061] DMAR: DRHD base: 0x000000d0ffc000 flags: 0x0
[    0.238066] DMAR: dmar0: reg_base_addr d0ffc000 ver 4:0 cap 8ed008c40780466 ecap 60000f050df
[    0.238067] DMAR: DRHD base: 0x000000dbbfc000 flags: 0x0
[    0.238070] DMAR: dmar1: reg_base_addr dbbfc000 ver 4:0 cap 8ed008c40780466 ecap 60000f050df
[    0.238071] DMAR: DRHD base: 0x000000e67fc000 flags: 0x0
[    0.238074] DMAR: dmar2: reg_base_addr e67fc000 ver 4:0 cap 8ed008c40780466 ecap 60000f050df
[    0.238075] DMAR: DRHD base: 0x000000f13fc000 flags: 0x0
[    0.238078] DMAR: dmar3: reg_base_addr f13fc000 ver 4:0 cap 8ed008c40780466 ecap 60000f050df
[    0.238079] DMAR: DRHD base: 0x000000fb7fc000 flags: 0x0
[    0.238082] DMAR: dmar4: reg_base_addr fb7fc000 ver 4:0 cap 8ed008c40780466 ecap 60000f050df
[    0.238082] DMAR: DRHD base: 0x000000a63fc000 flags: 0x0
[    0.238085] DMAR: dmar5: reg_base_addr a63fc000 ver 4:0 cap 8ed008c40780466 ecap 60000f050df
[    0.238086] DMAR: DRHD base: 0x000000b0ffc000 flags: 0x0
[    0.238088] DMAR: dmar6: reg_base_addr b0ffc000 ver 4:0 cap 8ed008c40780466 ecap 60000f050df
[    0.238089] DMAR: DRHD base: 0x000000bbbfc000 flags: 0x0
[    0.238093] DMAR: dmar7: reg_base_addr bbbfc000 ver 4:0 cap 8ed008c40780466 ecap 60000f050df
[    0.238094] DMAR: DRHD base: 0x000000c5ffc000 flags: 0x0
[    0.238097] DMAR: dmar8: reg_base_addr c5ffc000 ver 4:0 cap 8ed008c40780466 ecap 60000f050df
[    0.238097] DMAR: DRHD base: 0x0000009b7fc000 flags: 0x1
[    0.238100] DMAR: dmar9: reg_base_addr 9b7fc000 ver 4:0 cap 8ed008c40780466 ecap 60000f050df
[    0.238101] DMAR: RMRR base: 0x00000069427000 end: 0x00000069429fff
[    0.238101] DMAR: ATSR flags: 0x0
[    0.238103] DMAR-IR: IOAPIC id 8 under DRHD base  0x9b7fc000 IOMMU 9
[    0.238104] DMAR-IR: HPET id 0 under DRHD base 0x9b7fc000
[    0.238104] DMAR-IR: Queued invalidation will be enabled to support x2apic and Intr-remapping.
[    0.240527] DMAR-IR: Enabled IRQ remapping in x2apic mode
[    0.243151] ..TIMER: vector=0x30 apic1=0 pin1=2 apic2=-1 pin2=-1
[    0.261987] clocksource: tsc-early: mask: 0xffffffffffffffff max_cycles: 0x39a85c9bff6, max_idle_ns: 881590591483 ns
[    0.261991] Calibrating delay loop (skipped), value calculated using timer frequency.. 4000.00 BogoMIPS (lpj=8000000)
[    0.261993] pid_max: default: 114688 minimum: 896
[    0.266027] LSM: Security Framework initializing
[    0.266042] Yama: becoming mindful.
[    0.266402] AppArmor: AppArmor initialized
[    0.275685] Dentry cache hash table entries: 8388608 (order: 14, 67108864 bytes, vmalloc)
[    0.280292] Inode-cache hash table entries: 4194304 (order: 13, 33554432 bytes, vmalloc)
[    0.280489] Mount-cache hash table entries: 131072 (order: 8, 1048576 bytes, vmalloc)
[    0.280638] Mountpoint-cache hash table entries: 131072 (order: 8, 1048576 bytes, vmalloc)
[    0.280942] *** VALIDATE proc ***
[    0.281175] *** VALIDATE cgroup1 ***
[    0.281176] *** VALIDATE cgroup2 ***
[    0.281295] x86/tme: not enabled by BIOS
[    0.281298] x86/cpu: User Mode Instruction Prevention (UMIP) activated
[    0.281372] mce: CPU0: Thermal monitoring enabled (TM1)
[    0.281583] process: using mwait in idle threads
[    0.281585] Last level iTLB entries: 4KB 0, 2MB 0, 4MB 0
[    0.281586] Last level dTLB entries: 4KB 0, 2MB 0, 4MB 0, 1GB 0
[    0.281588] Spectre V1 : Mitigation: usercopy/swapgs barriers and __user pointer sanitization
[    0.281590] Spectre V2 : Mitigation: Enhanced IBRS
[    0.281591] Spectre V2 : Spectre v2 / SpectreRSB mitigation: Filling RSB on context switch
[    0.281592] Spectre V2 : mitigation: Enabling conditional Indirect Branch Prediction Barrier
[    0.281593] Speculative Store Bypass: Mitigation: Speculative Store Bypass disabled via prctl and seccomp
[    0.281852] Freeing SMP alternatives memory: 40K
[    0.286151] TSC deadline timer enabled
[    0.286160] smpboot: CPU0: Intel(R) Xeon(R) Gold 6330 CPU @ 2.00GHz (family: 0x6, model: 0x6a, stepping: 0x6)
[    0.286361] Performance Events: PEBS fmt4+-baseline, Icelake events, 32-deep LBR, full-width counters, Intel PMU driver.
[    0.286367] ... version:                5
[    0.286367] ... bit width:              48
[    0.286367] ... generic registers:      8
[    0.286368] ... value mask:             0000ffffffffffff
[    0.286368] ... max period:             00007fffffffffff
[    0.286369] ... fixed-purpose events:   4
[    0.286369] ... event mask:             0000000f000000ff
[    0.286465] rcu: Hierarchical SRCU implementation.
[    0.293628] NMI watchdog: Enabled. Permanently consumes one hw-PMU counter.
[    0.294865] smp: Bringing up secondary CPUs ...
[    0.294971] x86: Booting SMP configuration:
[    0.294972] .... node  #1, CPUs:          #1
[    0.003718] smpboot: CPU 1 Converting physical 0 to logical die 1
[    0.382096] .... node  #0, CPUs:     #2
[    0.387441] .... node  #1, CPUs:     #3
[    0.392837] .... node  #0, CPUs:     #4
[    0.398187] .... node  #1, CPUs:     #5
[    0.403531] .... node  #0, CPUs:     #6
[    0.409069] .... node  #1, CPUs:     #7
[    0.414624] .... node  #0, CPUs:     #8
[    0.419885] .... node  #1, CPUs:     #9
[    0.425576] .... node  #0, CPUs:    #10
[    0.431256] .... node  #1, CPUs:    #11
[    0.436950] .... node  #0, CPUs:    #12
[    0.442436] .... node  #1, CPUs:    #13
[    0.447755] .... node  #0, CPUs:    #14
[    0.452957] .... node  #1, CPUs:    #15
[    0.458234] .... node  #0, CPUs:    #16
[    0.463476] .... node  #1, CPUs:    #17
[    0.468750] .... node  #0, CPUs:    #18
[    0.474153] .... node  #1, CPUs:    #19
[    0.479575] .... node  #0, CPUs:    #20
[    0.484772] .... node  #1, CPUs:    #21
[    0.490326] .... node  #0, CPUs:    #22
[    0.495740] .... node  #1, CPUs:    #23
[    0.500964] .... node  #0, CPUs:    #24
[    0.506563] .... node  #1, CPUs:    #25
[    0.511854] .... node  #0, CPUs:    #26
[    0.517031] .... node  #1, CPUs:    #27
[    0.522300] .... node  #0, CPUs:    #28
[    0.527764] .... node  #1, CPUs:    #29
[    0.533014] .... node  #0, CPUs:    #30
[    0.538192] .... node  #1, CPUs:    #31
[    0.543634] .... node  #0, CPUs:    #32
[    0.548892] .... node  #1, CPUs:    #33
[    0.554220] .... node  #0, CPUs:    #34
[    0.559630] .... node  #1, CPUs:    #35
[    0.564903] .... node  #0, CPUs:    #36
[    0.570147] .... node  #1, CPUs:    #37
[    0.575366] .... node  #0, CPUs:    #38
[    0.580889] .... node  #1, CPUs:    #39
[    0.586381] .... node  #0, CPUs:    #40
[    0.591942] .... node  #1, CPUs:    #41
[    0.597656] .... node  #0, CPUs:    #42
[    0.602928] .... node  #1, CPUs:    #43
[    0.608536] .... node  #0, CPUs:    #44
[    0.614107] .... node  #1, CPUs:    #45
[    0.619304] .... node  #0, CPUs:    #46
[    0.624807] .... node  #1, CPUs:    #47
[    0.630220] .... node  #0, CPUs:    #48
[    0.635522] .... node  #1, CPUs:    #49
[    0.640918] .... node  #0, CPUs:    #50
[    0.646365] .... node  #1, CPUs:    #51
[    0.651967] .... node  #0, CPUs:    #52
[    0.657396] .... node  #1, CPUs:    #53
[    0.662949] .... node  #0, CPUs:    #54
[    0.668610] .... node  #1, CPUs:    #55
[    0.674381] .... node  #0, CPUs:    #56
[    0.680242] .... node  #1, CPUs:    #57
[    0.686099] .... node  #0, CPUs:    #58
[    0.691470] .... node  #1, CPUs:    #59
[    0.696874] .... node  #0, CPUs:    #60
[    0.702217] .... node  #1, CPUs:    #61
[    0.707583] .... node  #0, CPUs:    #62
[    0.713148] .... node  #1, CPUs:    #63
[    0.718708] .... node  #0, CPUs:    #64
[    0.723994] .... node  #1, CPUs:    #65
[    0.729689] .... node  #0, CPUs:    #66
[    0.735408] .... node  #1, CPUs:    #67
[    0.741121] .... node  #0, CPUs:    #68
[    0.746620] .... node  #1, CPUs:    #69
[    0.751957] .... node  #0, CPUs:    #70
[    0.757161] .... node  #1, CPUs:    #71
[    0.762451] .... node  #0, CPUs:    #72
[    0.767710] .... node  #1, CPUs:    #73
[    0.773006] .... node  #0, CPUs:    #74
[    0.778238] .... node  #1, CPUs:    #75
[    0.783863] .... node  #0, CPUs:    #76
[    0.789084] .... node  #1, CPUs:    #77
[    0.794669] .... node  #0, CPUs:    #78
[    0.800080] .... node  #1, CPUs:    #79
[    0.805347] .... node  #0, CPUs:    #80
[    0.810955] .... node  #1, CPUs:    #81
[    0.816264] .... node  #0, CPUs:    #82
[    0.821456] .... node  #1, CPUs:    #83
[    0.826748] .... node  #0, CPUs:    #84
[    0.832242] .... node  #1, CPUs:    #85
[    0.837512] .... node  #0, CPUs:    #86
[    0.842717] .... node  #1, CPUs:    #87
[    0.848179] .... node  #0, CPUs:    #88
[    0.853450] .... node  #1, CPUs:    #89
[    0.858800] .... node  #0, CPUs:    #90
[    0.864218] .... node  #1, CPUs:    #91
[    0.869510] .... node  #0, CPUs:    #92
[    0.874701] .... node  #1, CPUs:    #93
[    0.880001] .... node  #0, CPUs:    #94
[    0.885545] .... node  #1, CPUs:    #95
[    0.891046] .... node  #0, CPUs:    #96
[    0.896635] .... node  #1, CPUs:    #97
[    0.902361] .... node  #0, CPUs:    #98
[    0.907649] .... node  #1, CPUs:    #99
[    0.913285] .... node  #0, CPUs:   #100
[    0.918619] .... node  #1, CPUs:   #101
[    0.924065] .... node  #0, CPUs:   #102
[    0.929585] .... node  #1, CPUs:   #103
[    0.935014] .... node  #0, CPUs:   #104
[    0.940338] .... node  #1, CPUs:   #105
[    0.945748] .... node  #0, CPUs:   #106
[    0.951215] .... node  #1, CPUs:   #107
[    0.956840] .... node  #0, CPUs:   #108
[    0.962266] .... node  #1, CPUs:   #109
[    0.967842] .... node  #0, CPUs:   #110
[    0.973514] .... node  #1, CPUs:   #111
[    0.979287] smp: Brought up 2 nodes, 112 CPUs
[    0.979287] smpboot: Max logical packages: 2
[    0.979287] smpboot: Total of 112 processors activated (448065.18 BogoMIPS)
[    0.988857] devtmpfs: initialized
[    0.988857] x86/mm: Memory block size: 2048MB
[    0.988857] PM: Registering ACPI NVS region [mem 0x49e77000-0x4ae76fff] (16777216 bytes)
[    0.988857] PM: Registering ACPI NVS region [mem 0x6e3ff000-0x6f3fefff] (16777216 bytes)
[    0.990010] clocksource: jiffies: mask: 0xffffffff max_cycles: 0xffffffff, max_idle_ns: 7645041785100000 ns
[    0.990313] futex hash table entries: 32768 (order: 9, 2097152 bytes, vmalloc)
[    0.990900] pinctrl core: initialized pinctrl subsystem
[    0.991024] PM: RTC time: 04:09:08, date: 2024-05-16
[    0.991279] NET: Registered protocol family 16
[    0.991388] audit: initializing netlink subsys (disabled)
[    0.991393] audit: type=2000 audit(1715832548.756:1): state=initialized audit_enabled=0 res=1
[    0.991393] EISA bus registered
[    0.991393] cpuidle: using governor ladder
[    0.991393] cpuidle: using governor menu
[    0.991393] ACPI FADT declares the system doesn't support PCIe ASPM, so disable it
[    0.991393] ACPI: bus type PCI registered
[    0.991393] acpiphp: ACPI Hot Plug PCI Controller Driver version: 0.5
[    0.991393] PCI: MMCONFIG for domain 0000 [bus 00-ff] at [mem 0x80000000-0x8fffffff] (base 0x80000000)
[    0.991393] PCI: MMCONFIG at [mem 0x80000000-0x8fffffff] reserved in E820
[    0.991393] pmd_set_huge: Cannot satisfy [mem 0x80000000-0x80200000] with a huge-page mapping due to MTRR override.
[    0.991393] PCI: Using configuration type 1 for base access
[    0.991393] PCI: Dell System detected, enabling pci=bfsort.
[    0.993993] ENERGY_PERF_BIAS: Set to 'normal', was 'performance'
[    0.998269] HugeTLB registered 1.00 GiB page size, pre-allocated 0 pages
[    0.998269] HugeTLB registered 2.00 MiB page size, pre-allocated 0 pages
[    1.002392] ACPI: Added _OSI(Module Device)
[    1.002393] ACPI: Added _OSI(Processor Device)
[    1.002394] ACPI: Added _OSI(3.0 _SCP Extensions)
[    1.002394] ACPI: Added _OSI(Processor Aggregator Device)
[    1.002395] ACPI: Added _OSI(Linux-Dell-Video)
[    1.002396] ACPI: Added _OSI(Linux-Lenovo-NV-HDMI-Audio)
[    1.002398] ACPI: Added _OSI(Linux-HPI-Hybrid-Graphics)
[    1.163665] ACPI: 8 ACPI AML tables successfully acquired and loaded
[    1.170767] ACPI: [Firmware Bug]: BIOS _OSI(Linux) query ignored
[    1.177338] ACPI: Dynamic OEM Table Load:
[    1.564929] ACPI: Interpreter enabled
[    1.564947] ACPI: (supports S0 S5)
[    1.564947] ACPI: Using IOAPIC for interrupt routing
[    1.565036] HEST: Table parsing has been initialized.
[    1.565038] PCI: Using host bridge windows from ACPI; if necessary, use "pci=nocrs" and report a bug
[    1.593619] ACPI: Enabled 4 GPEs in block 00 to 7F
[    1.717284] ACPI: PCI Root Bridge [PC00] (domain 0000 [bus 00-15])
[    1.717288] acpi PNP0A08:00: _OSC: OS supports [ExtendedConfig ASPM ClockPM Segments MSI HPX-Type3]
[    1.717365] acpi PNP0A08:00: PCIe AER handled by firmware
[    1.717476] acpi PNP0A08:00: _OSC: platform does not support [SHPCHotplug LTR]
[    1.717681] acpi PNP0A08:00: _OSC: OS now controls [PCIeHotplug PME PCIeCapability]
[    1.717682] acpi PNP0A08:00: FADT indicates ASPM is unsupported, using BIOS configuration
[    1.719449] PCI host bridge to bus 0000:00
[    1.719451] pci_bus 0000:00: root bus resource [io  0x0000-0x0cf7 window]
[    1.719452] pci_bus 0000:00: root bus resource [io  0x1000-0x4fff window]
[    1.719453] pci_bus 0000:00: root bus resource [mem 0x000a0000-0x000bffff window]
[    1.719454] pci_bus 0000:00: root bus resource [mem 0x000c8000-0x000cffff window]
[    1.719455] pci_bus 0000:00: root bus resource [mem 0xfe010000-0xfe010fff window]
[    1.719455] pci_bus 0000:00: root bus resource [mem 0x90000000-0x9b7fffff window]
[    1.719456] pci_bus 0000:00: root bus resource [mem 0x200000000000-0x20ffffffffff window]
[    1.719457] pci_bus 0000:00: root bus resource [bus 00-15]
[    1.719467] pci 0000:00:00.0: [8086:09a2] type 00 class 0x088000
[    1.720180] pci 0000:00:00.1: [8086:09a4] type 00 class 0x088000
[    1.720878] pci 0000:00:00.2: [8086:09a3] type 00 class 0x088000
[    1.721577] pci 0000:00:00.4: [8086:0998] type 00 class 0x060000
[    1.722279] pci 0000:00:02.0: [8086:09a6] type 00 class 0x088000
[    1.722289] pci 0000:00:02.0: reg 0x10: [mem 0x92dfc000-0x92dfdfff]
[    1.722981] pci 0000:00:02.1: [8086:09a7] type 00 class 0x088000
[    1.722990] pci 0000:00:02.1: reg 0x10: [mem 0x92d00000-0x92d7ffff]
[    1.722994] pci 0000:00:02.1: reg 0x14: [mem 0x92c80000-0x92cfffff]
[    1.723684] pci 0000:00:02.4: [8086:3456] type 00 class 0x130000
[    1.723695] pci 0000:00:02.4: reg 0x10: [mem 0x92a00000-0x92afffff 64bit]
[    1.723701] pci 0000:00:02.4: reg 0x18: [mem 0x92df0000-0x92df3fff 64bit]
[    1.723707] pci 0000:00:02.4: reg 0x20: [mem 0x92dc0000-0x92ddffff 64bit]
[    1.724407] pci 0000:00:11.0: [8086:a1ec] type 00 class 0xff0000
[    1.725170] pci 0000:00:11.5: [8086:a1d2] type 00 class 0x010601
[    1.725187] pci 0000:00:11.5: reg 0x10: [mem 0x92dfa000-0x92dfbfff]
[    1.725194] pci 0000:00:11.5: reg 0x14: [mem 0x92e05000-0x92e050ff]
[    1.725201] pci 0000:00:11.5: reg 0x18: [io  0x2068-0x206f]
[    1.725208] pci 0000:00:11.5: reg 0x1c: [io  0x2074-0x2077]
[    1.725215] pci 0000:00:11.5: reg 0x20: [io  0x2040-0x205f]
[    1.725222] pci 0000:00:11.5: reg 0x24: [mem 0x92b80000-0x92bfffff]
[    1.725260] pci 0000:00:11.5: PME# supported from D3hot
[    1.725969] pci 0000:00:14.0: [8086:a1af] type 00 class 0x0c0330
[    1.725991] pci 0000:00:14.0: reg 0x10: [mem 0x92de0000-0x92deffff 64bit]
[    1.726055] pci 0000:00:14.0: PME# supported from D3hot D3cold
[    1.726763] pci 0000:00:14.2: [8086:a1b1] type 00 class 0x118000
[    1.726783] pci 0000:00:14.2: reg 0x10: [mem 0x92e02000-0x92e02fff 64bit]
[    1.727519] pci 0000:00:16.0: [8086:a1ba] type 00 class 0x078000
[    1.727547] pci 0000:00:16.0: reg 0x10: [mem 0x92e01000-0x92e01fff 64bit]
[    1.727631] pci 0000:00:16.0: PME# supported from D3hot
[    1.728307] pci 0000:00:16.1: [8086:a1bb] type 00 class 0x078000
[    1.728335] pci 0000:00:16.1: reg 0x10: [mem 0x92e00000-0x92e00fff 64bit]
[    1.728419] pci 0000:00:16.1: PME# supported from D3hot
[    1.729099] pci 0000:00:16.4: [8086:a1be] type 00 class 0x078000
[    1.729127] pci 0000:00:16.4: reg 0x10: [mem 0x92dff000-0x92dfffff 64bit]
[    1.729211] pci 0000:00:16.4: PME# supported from D3hot
[    1.729888] pci 0000:00:17.0: [8086:a182] type 00 class 0x010601
[    1.729905] pci 0000:00:17.0: reg 0x10: [mem 0x92df8000-0x92df9fff]
[    1.729912] pci 0000:00:17.0: reg 0x14: [mem 0x92e04000-0x92e040ff]
[    1.729919] pci 0000:00:17.0: reg 0x18: [io  0x2060-0x2067]
[    1.729925] pci 0000:00:17.0: reg 0x1c: [io  0x2070-0x2073]
[    1.729932] pci 0000:00:17.0: reg 0x20: [io  0x2020-0x203f]
[    1.729939] pci 0000:00:17.0: reg 0x24: [mem 0x92b00000-0x92b7ffff]
[    1.729977] pci 0000:00:17.0: PME# supported from D3hot
[    1.730691] pci 0000:00:1c.0: [8086:a190] type 01 class 0x060400
[    1.730769] pci 0000:00:1c.0: PME# supported from D0 D3hot D3cold
[    1.731530] pci 0000:00:1c.4: [8086:a194] type 01 class 0x060400
[    1.731603] pci 0000:00:1c.4: PME# supported from D0 D3hot D3cold
[    1.732353] pci 0000:00:1c.5: [8086:a195] type 01 class 0x060400
[    1.732427] pci 0000:00:1c.5: PME# supported from D0 D3hot D3cold
[    1.733184] pci 0000:00:1f.0: [8086:a1cb] type 00 class 0x060100
[    1.733986] pci 0000:00:1f.2: [8086:a1a1] type 00 class 0x058000
[    1.734002] pci 0000:00:1f.2: reg 0x10: [mem 0x92df4000-0x92df7fff]
[    1.734751] pci 0000:00:1f.4: [8086:a1a3] type 00 class 0x0c0500
[    1.734771] pci 0000:00:1f.4: reg 0x10: [mem 0x92dfe000-0x92dfe0ff 64bit]
[    1.734793] pci 0000:00:1f.4: reg 0x20: [io  0x2000-0x201f]
[    1.735480] pci 0000:00:1f.5: [8086:a1a4] type 00 class 0x0c8000
[    1.735496] pci 0000:00:1f.5: reg 0x10: [mem 0xfe010000-0xfe010fff]
[    1.736245] pci 0000:00:1c.0: PCI bridge to [bus 01]
[    1.736292] pci 0000:02:00.0: [1556:be00] type 01 class 0x060400
[    1.736463] pci 0000:00:1c.4: PCI bridge to [bus 02-03]
[    1.736466] pci 0000:00:1c.4:   bridge window [mem 0x92000000-0x928fffff]
[    1.736470] pci 0000:00:1c.4:   bridge window [mem 0x91000000-0x91ffffff 64bit pref]
[    1.736502] pci_bus 0000:03: extended config space not accessible
[    1.736519] pci 0000:03:00.0: [102b:0536] type 00 class 0x030000
[    1.736538] pci 0000:03:00.0: reg 0x10: [mem 0x91000000-0x91ffffff pref]
[    1.736548] pci 0000:03:00.0: reg 0x14: [mem 0x92808000-0x9280bfff]
[    1.736559] pci 0000:03:00.0: reg 0x18: [mem 0x92000000-0x927fffff]
[    1.736606] pci 0000:03:00.0: BAR 0: assigned to efifb
[    1.736700] pci 0000:02:00.0: PCI bridge to [bus 03]
[    1.736708] pci 0000:02:00.0:   bridge window [mem 0x92000000-0x928fffff]
[    1.736714] pci 0000:02:00.0:   bridge window [mem 0x91000000-0x91ffffff 64bit pref]
[    1.736779] pci 0000:04:00.0: [14e4:165f] type 00 class 0x020000
[    1.736811] pci 0000:04:00.0: reg 0x10: [mem 0x92930000-0x9293ffff 64bit pref]
[    1.736826] pci 0000:04:00.0: reg 0x18: [mem 0x92940000-0x9294ffff 64bit pref]
[    1.736841] pci 0000:04:00.0: reg 0x20: [mem 0x92950000-0x9295ffff 64bit pref]
[    1.736852] pci 0000:04:00.0: reg 0x30: [mem 0xfffc0000-0xffffffff pref]
[    1.736944] pci 0000:04:00.0: PME# supported from D0 D3hot D3cold
[    1.736983] pci 0000:04:00.0: 4.000 Gb/s available PCIe bandwidth, limited by 5 GT/s x1 link at 0000:00:1c.5 (capable of 8.000 Gb/s with 5 GT/s x2 link)
[    1.737109] pci 0000:04:00.1: [14e4:165f] type 00 class 0x020000
[    1.737140] pci 0000:04:00.1: reg 0x10: [mem 0x92900000-0x9290ffff 64bit pref]
[    1.737156] pci 0000:04:00.1: reg 0x18: [mem 0x92910000-0x9291ffff 64bit pref]
[    1.737171] pci 0000:04:00.1: reg 0x20: [mem 0x92920000-0x9292ffff 64bit pref]
[    1.737181] pci 0000:04:00.1: reg 0x30: [mem 0xfffc0000-0xffffffff pref]
[    1.737273] pci 0000:04:00.1: PME# supported from D0 D3hot D3cold
[    1.737419] pci 0000:00:1c.5: PCI bridge to [bus 04]
[    1.737425] pci 0000:00:1c.5:   bridge window [mem 0x92900000-0x929fffff 64bit pref]
[    1.737439] pci_bus 0000:00: on NUMA node 0
[    1.737978] ACPI: PCI Root Bridge [PC01] (domain 0000 [bus 16-2f])
[    1.737981] acpi PNP0A08:01: _OSC: OS supports [ExtendedConfig ASPM ClockPM Segments MSI HPX-Type3]
[    1.738079] acpi PNP0A08:01: PCIe AER handled by firmware
[    1.738188] acpi PNP0A08:01: _OSC: platform does not support [SHPCHotplug]
[    1.738387] acpi PNP0A08:01: _OSC: OS now controls [PCIeHotplug PME PCIeCapability LTR]
[    1.738387] acpi PNP0A08:01: FADT indicates ASPM is unsupported, using BIOS configuration
[    1.738508] PCI host bridge to bus 0000:16
[    1.738509] pci_bus 0000:16: root bus resource [io  0x5000-0x6fff window]
[    1.738510] pci_bus 0000:16: root bus resource [mem 0x9b800000-0xa63fffff window]
[    1.738511] pci_bus 0000:16: root bus resource [mem 0x210000000000-0x21ffffffffff window]
[    1.738512] pci_bus 0000:16: root bus resource [bus 16-2f]
[    1.738519] pci 0000:16:00.0: [8086:09a2] type 00 class 0x088000
[    1.738585] pci 0000:16:00.1: [8086:09a4] type 00 class 0x088000
[    1.738648] pci 0000:16:00.2: [8086:09a3] type 00 class 0x088000
[    1.738711] pci 0000:16:00.4: [8086:0998] type 00 class 0x060000
[    1.738773] pci 0000:16:02.0: [8086:347a] type 01 class 0x060400
[    1.738786] pci 0000:16:02.0: reg 0x10: [mem 0x21fffff00000-0x21fffff1ffff 64bit]
[    1.738822] pci 0000:16:02.0: PME# supported from D0 D3hot D3cold
[    1.739117] pci 0000:17:00.0: [1000:10e2] type 00 class 0x010400
[    1.739137] pci 0000:17:00.0: reg 0x10: [mem 0x9b800000-0x9b8fffff 64bit pref]
[    1.739145] pci 0000:17:00.0: reg 0x18: [mem 0x9b900000-0x9b9fffff 64bit pref]
[    1.739150] pci 0000:17:00.0: reg 0x20: [mem 0x9ba00000-0x9bafffff]
[    1.739156] pci 0000:17:00.0: reg 0x24: [io  0x5000-0x50ff]
[    1.739162] pci 0000:17:00.0: reg 0x30: [mem 0xfff00000-0xffffffff pref]
[    1.740376] pci 0000:17:00.0: supports D1 D2
[    1.740427] pci 0000:16:02.0: PCI bridge to [bus 17]
[    1.740428] pci 0000:16:02.0:   bridge window [io  0x5000-0x5fff]
[    1.740430] pci 0000:16:02.0:   bridge window [mem 0x9ba00000-0x9bafffff]
[    1.740433] pci 0000:16:02.0:   bridge window [mem 0x9b800000-0x9b9fffff 64bit pref]
[    1.740438] pci_bus 0000:16: on NUMA node 0
[    1.740500] ACPI: PCI Root Bridge [PC02] (domain 0000 [bus 30-49])
[    1.740502] acpi PNP0A08:02: _OSC: OS supports [ExtendedConfig ASPM ClockPM Segments MSI HPX-Type3]
[    1.740596] acpi PNP0A08:02: PCIe AER handled by firmware
[    1.740702] acpi PNP0A08:02: _OSC: platform does not support [SHPCHotplug]
[    1.740902] acpi PNP0A08:02: _OSC: OS now controls [PCIeHotplug PME PCIeCapability LTR]
[    1.740902] acpi PNP0A08:02: FADT indicates ASPM is unsupported, using BIOS configuration
[    1.741018] PCI host bridge to bus 0000:30
[    1.741019] pci_bus 0000:30: root bus resource [io  0x7000-0x8fff window]
[    1.741020] pci_bus 0000:30: root bus resource [mem 0xa6400000-0xb0ffffff window]
[    1.741021] pci_bus 0000:30: root bus resource [mem 0x220000000000-0x22ffffffffff window]
[    1.741021] pci_bus 0000:30: root bus resource [bus 30-49]
[    1.741028] pci 0000:30:00.0: [8086:09a2] type 00 class 0x088000
[    1.741095] pci 0000:30:00.1: [8086:09a4] type 00 class 0x088000
[    1.741155] pci 0000:30:00.2: [8086:09a3] type 00 class 0x088000
[    1.741218] pci 0000:30:00.4: [8086:0998] type 00 class 0x060000
[    1.741288] pci_bus 0000:30: on NUMA node 0
[    1.741373] ACPI: PCI Root Bridge [PC04] (domain 0000 [bus 4a-63])
[    1.741375] acpi PNP0A08:04: _OSC: OS supports [ExtendedConfig ASPM ClockPM Segments MSI HPX-Type3]
[    1.741466] acpi PNP0A08:04: PCIe AER handled by firmware
[    1.741569] acpi PNP0A08:04: _OSC: platform does not support [SHPCHotplug]
[    1.741767] acpi PNP0A08:04: _OSC: OS now controls [PCIeHotplug PME PCIeCapability LTR]
[    1.741768] acpi PNP0A08:04: FADT indicates ASPM is unsupported, using BIOS configuration
[    1.741876] PCI host bridge to bus 0000:4a
[    1.741877] pci_bus 0000:4a: root bus resource [io  0x9000-0x9fff window]
[    1.741878] pci_bus 0000:4a: root bus resource [mem 0xb1000000-0xbbbfffff window]
[    1.741879] pci_bus 0000:4a: root bus resource [mem 0x230000000000-0x23ffffffffff window]
[    1.741879] pci_bus 0000:4a: root bus resource [bus 4a-63]
[    1.741886] pci 0000:4a:00.0: [8086:09a2] type 00 class 0x088000
[    1.741949] pci 0000:4a:00.1: [8086:09a4] type 00 class 0x088000
[    1.742009] pci 0000:4a:00.2: [8086:09a3] type 00 class 0x088000
[    1.742074] pci 0000:4a:00.4: [8086:0998] type 00 class 0x060000
[    1.742143] pci_bus 0000:4a: on NUMA node 0
[    1.742204] ACPI: PCI Root Bridge [PC05] (domain 0000 [bus 64-7d])
[    1.742206] acpi PNP0A08:05: _OSC: OS supports [ExtendedConfig ASPM ClockPM Segments MSI HPX-Type3]
[    1.742296] acpi PNP0A08:05: PCIe AER handled by firmware
[    1.742400] acpi PNP0A08:05: _OSC: platform does not support [SHPCHotplug]
[    1.742597] acpi PNP0A08:05: _OSC: OS now controls [PCIeHotplug PME PCIeCapability LTR]
[    1.742597] acpi PNP0A08:05: FADT indicates ASPM is unsupported, using BIOS configuration
[    1.742705] PCI host bridge to bus 0000:64
[    1.742706] pci_bus 0000:64: root bus resource [io  0xa000-0xafff window]
[    1.742707] pci_bus 0000:64: root bus resource [mem 0xbbc00000-0xc5ffffff window]
[    1.742708] pci_bus 0000:64: root bus resource [mem 0x240000000000-0x24ffffffffff window]
[    1.742709] pci_bus 0000:64: root bus resource [bus 64-7d]
[    1.742715] pci 0000:64:00.0: [8086:09a2] type 00 class 0x088000
[    1.742779] pci 0000:64:00.1: [8086:09a4] type 00 class 0x088000
[    1.742839] pci 0000:64:00.2: [8086:09a3] type 00 class 0x088000
[    1.742902] pci 0000:64:00.4: [8086:0998] type 00 class 0x060000
[    1.742972] pci_bus 0000:64: on NUMA node 0
[    1.743026] ACPI: PCI Root Bridge [UC06] (domain 0000 [bus 7e])
[    1.743028] acpi PNP0A03:00: _OSC: OS supports [ExtendedConfig ASPM ClockPM Segments MSI HPX-Type3]
[    1.743103] acpi PNP0A03:00: PCIe AER handled by firmware
[    1.743191] acpi PNP0A03:00: _OSC: platform does not support [SHPCHotplug LTR]
[    1.743357] acpi PNP0A03:00: _OSC: OS now controls [PCIeHotplug PME PCIeCapability]
[    1.743357] acpi PNP0A03:00: FADT indicates ASPM is unsupported, using BIOS configuration
[    1.743489] PCI host bridge to bus 0000:7e
[    1.743489] pci_bus 0000:7e: root bus resource [bus 7e]
[    1.743496] pci 0000:7e:00.0: [8086:3450] type 00 class 0x088000
[    1.743564] pci 0000:7e:00.1: [8086:3451] type 00 class 0x088000
[    1.743627] pci 0000:7e:00.2: [8086:3452] type 00 class 0x088000
[    1.743698] pci 0000:7e:00.3: [8086:0998] type 00 class 0x060000
[    1.743761] pci 0000:7e:00.5: [8086:3455] type 00 class 0x088000
[    1.743830] pci 0000:7e:02.0: [8086:3440] type 00 class 0x088000
[    1.743951] pci 0000:7e:02.1: [8086:3441] type 00 class 0x088000
[    1.744064] pci 0000:7e:02.2: [8086:3442] type 00 class 0x088000
[    1.744179] pci 0000:7e:03.0: [8086:3440] type 00 class 0x088000
[    1.744269] pci 0000:7e:03.1: [8086:3441] type 00 class 0x088000
[    1.744349] pci 0000:7e:03.2: [8086:3442] type 00 class 0x088000
[    1.744443] pci 0000:7e:04.0: [8086:3440] type 00 class 0x088000
[    1.744569] pci 0000:7e:04.1: [8086:3441] type 00 class 0x088000
[    1.744690] pci 0000:7e:04.2: [8086:3442] type 00 class 0x088000
[    1.744812] pci 0000:7e:04.3: [8086:3443] type 00 class 0x088000
[    1.744936] pci 0000:7e:05.0: [8086:3445] type 00 class 0x088000
[    1.745056] pci 0000:7e:05.1: [8086:3446] type 00 class 0x088000
[    1.745180] pci 0000:7e:05.2: [8086:3447] type 00 class 0x088000
[    1.745298] pci 0000:7e:06.0: [8086:3445] type 00 class 0x088000
[    1.745388] pci 0000:7e:06.1: [8086:3446] type 00 class 0x088000
[    1.745474] pci 0000:7e:06.2: [8086:3447] type 00 class 0x088000
[    1.745566] pci 0000:7e:07.0: [8086:3445] type 00 class 0x088000
[    1.745692] pci 0000:7e:07.1: [8086:3446] type 00 class 0x088000
[    1.745818] pci 0000:7e:07.2: [8086:3447] type 00 class 0x088000
[    1.745943] pci 0000:7e:0b.0: [8086:3448] type 00 class 0x088000
[    1.746019] pci 0000:7e:0b.1: [8086:3448] type 00 class 0x088000
[    1.746093] pci 0000:7e:0b.2: [8086:344b] type 00 class 0x088000
[    1.746177] pci 0000:7e:0c.0: [8086:344a] type 00 class 0x110100
[    1.746275] pci 0000:7e:0d.0: [8086:344a] type 00 class 0x110100
[    1.746370] pci 0000:7e:0e.0: [8086:344a] type 00 class 0x110100
[    1.746519] pci 0000:7e:0f.0: [8086:344a] type 00 class 0x110100
[    1.746680] pci 0000:7e:1a.0: [8086:2880] type 00 class 0x110100
[    1.746776] pci 0000:7e:1b.0: [8086:2880] type 00 class 0x110100
[    1.746868] pci 0000:7e:1c.0: [8086:2880] type 00 class 0x110100
[    1.747022] pci 0000:7e:1d.0: [8086:2880] type 00 class 0x110100
[    1.747183] pci_bus 0000:7e: on NUMA node 0
[    1.747256] ACPI: PCI Root Bridge [UC07] (domain 0000 [bus 7f])
[    1.747258] acpi PNP0A03:01: _OSC: OS supports [ExtendedConfig ASPM ClockPM Segments MSI HPX-Type3]
[    1.747334] acpi PNP0A03:01: PCIe AER handled by firmware
[    1.747423] acpi PNP0A03:01: _OSC: platform does not support [SHPCHotplug LTR]
[    1.747591] acpi PNP0A03:01: _OSC: OS now controls [PCIeHotplug PME PCIeCapability]
[    1.747591] acpi PNP0A03:01: FADT indicates ASPM is unsupported, using BIOS configuration
[    1.747734] PCI host bridge to bus 0000:7f
[    1.747735] pci_bus 0000:7f: root bus resource [bus 7f]
[    1.747744] pci 0000:7f:00.0: [8086:344c] type 00 class 0x088000
[    1.747853] pci 0000:7f:00.1: [8086:344c] type 00 class 0x088000
[    1.747971] pci 0000:7f:00.2: [8086:344c] type 00 class 0x088000
[    1.748092] pci 0000:7f:00.3: [8086:344c] type 00 class 0x088000
[    1.748188] pci 0000:7f:00.4: [8086:344c] type 00 class 0x088000
[    1.748316] pci 0000:7f:00.5: [8086:344c] type 00 class 0x088000
[    1.748442] pci 0000:7f:00.6: [8086:344c] type 00 class 0x088000
[    1.748527] pci 0000:7f:00.7: [8086:344c] type 00 class 0x088000
[    1.748622] pci 0000:7f:01.0: [8086:344c] type 00 class 0x088000
[    1.748759] pci 0000:7f:01.1: [8086:344c] type 00 class 0x088000
[    1.748886] pci 0000:7f:01.2: [8086:344c] type 00 class 0x088000
[    1.748973] pci 0000:7f:01.3: [8086:344c] type 00 class 0x088000
[    1.749111] pci 0000:7f:01.4: [8086:344c] type 00 class 0x088000
[    1.749249] pci 0000:7f:01.5: [8086:344c] type 00 class 0x088000
[    1.749391] pci 0000:7f:01.6: [8086:344c] type 00 class 0x088000
[    1.749520] pci 0000:7f:01.7: [8086:344c] type 00 class 0x088000
[    1.749657] pci 0000:7f:02.0: [8086:344c] type 00 class 0x088000
[    1.749797] pci 0000:7f:02.1: [8086:344c] type 00 class 0x088000
[    1.749936] pci 0000:7f:02.2: [8086:344c] type 00 class 0x088000
[    1.750073] pci 0000:7f:02.3: [8086:344c] type 00 class 0x088000
[    1.750218] pci 0000:7f:02.4: [8086:344c] type 00 class 0x088000
[    1.750362] pci 0000:7f:02.5: [8086:344c] type 00 class 0x088000
[    1.750504] pci 0000:7f:02.6: [8086:344c] type 00 class 0x088000
[    1.750657] pci 0000:7f:02.7: [8086:344c] type 00 class 0x088000
[    1.750818] pci 0000:7f:03.0: [8086:344c] type 00 class 0x088000
[    1.750970] pci 0000:7f:03.1: [8086:344c] type 00 class 0x088000
[    1.751128] pci 0000:7f:03.2: [8086:344c] type 00 class 0x088000
[    1.751284] pci 0000:7f:03.3: [8086:344c] type 00 class 0x088000
[    1.751450] pci 0000:7f:0a.0: [8086:344d] type 00 class 0x088000
[    1.751559] pci 0000:7f:0a.1: [8086:344d] type 00 class 0x088000
[    1.751678] pci 0000:7f:0a.2: [8086:344d] type 00 class 0x088000
[    1.751797] pci 0000:7f:0a.3: [8086:344d] type 00 class 0x088000
[    1.751900] pci 0000:7f:0a.4: [8086:344d] type 00 class 0x088000
[    1.752028] pci 0000:7f:0a.5: [8086:344d] type 00 class 0x088000
[    1.752151] pci 0000:7f:0a.6: [8086:344d] type 00 class 0x088000
[    1.752238] pci 0000:7f:0a.7: [8086:344d] type 00 class 0x088000
[    1.752329] pci 0000:7f:0b.0: [8086:344d] type 00 class 0x088000
[    1.752464] pci 0000:7f:0b.1: [8086:344d] type 00 class 0x088000
[    1.752593] pci 0000:7f:0b.2: [8086:344d] type 00 class 0x088000
[    1.752680] pci 0000:7f:0b.3: [8086:344d] type 00 class 0x088000
[    1.752821] pci 0000:7f:0b.4: [8086:344d] type 00 class 0x088000
[    1.752960] pci 0000:7f:0b.5: [8086:344d] type 00 class 0x088000
[    1.753104] pci 0000:7f:0b.6: [8086:344d] type 00 class 0x088000
[    1.753231] pci 0000:7f:0b.7: [8086:344d] type 00 class 0x088000
[    1.753366] pci 0000:7f:0c.0: [8086:344d] type 00 class 0x088000
[    1.753506] pci 0000:7f:0c.1: [8086:344d] type 00 class 0x088000
[    1.753643] pci 0000:7f:0c.2: [8086:344d] type 00 class 0x088000
[    1.753782] pci 0000:7f:0c.3: [8086:344d] type 00 class 0x088000
[    1.753932] pci 0000:7f:0c.4: [8086:344d] type 00 class 0x088000
[    1.754073] pci 0000:7f:0c.5: [8086:344d] type 00 class 0x088000
[    1.754217] pci 0000:7f:0c.6: [8086:344d] type 00 class 0x088000
[    1.754371] pci 0000:7f:0c.7: [8086:344d] type 00 class 0x088000
[    1.754523] pci 0000:7f:0d.0: [8086:344d] type 00 class 0x088000
[    1.754675] pci 0000:7f:0d.1: [8086:344d] type 00 class 0x088000
[    1.754833] pci 0000:7f:0d.2: [8086:344d] type 00 class 0x088000
[    1.754989] pci 0000:7f:0d.3: [8086:344d] type 00 class 0x088000
[    1.755169] pci 0000:7f:1d.0: [8086:344f] type 00 class 0x088000
[    1.755287] pci 0000:7f:1d.1: [8086:3457] type 00 class 0x088000
[    1.755403] pci 0000:7f:1e.0: [8086:3458] type 00 class 0x088000
[    1.755479] pci 0000:7f:1e.1: [8086:3459] type 00 class 0x088000
[    1.755554] pci 0000:7f:1e.2: [8086:345a] type 00 class 0x088000
[    1.755627] pci 0000:7f:1e.3: [8086:345b] type 00 class 0x088000
[    1.755702] pci 0000:7f:1e.4: [8086:345c] type 00 class 0x088000
[    1.755776] pci 0000:7f:1e.5: [8086:345d] type 00 class 0x088000
[    1.755853] pci 0000:7f:1e.6: [8086:345e] type 00 class 0x088000
[    1.755927] pci 0000:7f:1e.7: [8086:345f] type 00 class 0x088000
[    1.755999] pci_bus 0000:7f: on NUMA node 0
[    1.756087] ACPI: PCI Root Bridge [PC06] (domain 0000 [bus 80])
[    1.756089] acpi PNP0A08:06: _OSC: OS supports [ExtendedConfig ASPM ClockPM Segments MSI HPX-Type3]
[    1.756182] acpi PNP0A08:06: PCIe AER handled by firmware
[    1.756287] acpi PNP0A08:06: _OSC: platform does not support [SHPCHotplug]
[    1.756485] acpi PNP0A08:06: _OSC: OS now controls [PCIeHotplug PME PCIeCapability LTR]
[    1.756486] acpi PNP0A08:06: FADT indicates ASPM is unsupported, using BIOS configuration
[    1.756631] PCI host bridge to bus 0000:80
[    1.756632] pci_bus 0000:80: root bus resource [io  0xb000-0xbfff window]
[    1.756633] pci_bus 0000:80: root bus resource [mem 0xc6800000-0xd0ffffff window]
[    1.756633] pci_bus 0000:80: root bus resource [mem 0x250000000000-0x25ffffffffff window]
[    1.756634] pci_bus 0000:80: root bus resource [bus 80]
[    1.756642] pci 0000:80:00.0: [8086:09a2] type 00 class 0x088000
[    1.756722] pci 0000:80:00.1: [8086:09a4] type 00 class 0x088000
[    1.756796] pci 0000:80:00.2: [8086:09a3] type 00 class 0x088000
[    1.756879] pci 0000:80:00.4: [8086:0998] type 00 class 0x060000
[    1.756956] pci 0000:80:02.0: [8086:09a6] type 00 class 0x088000
[    1.756966] pci 0000:80:02.0: reg 0x10: [mem 0xc6aa4000-0xc6aa5fff]
[    1.757030] pci 0000:80:02.1: [8086:09a7] type 00 class 0x088000
[    1.757040] pci 0000:80:02.1: reg 0x10: [mem 0xc6a00000-0xc6a7ffff]
[    1.757045] pci 0000:80:02.1: reg 0x14: [mem 0xc6980000-0xc69fffff]
[    1.757114] pci 0000:80:02.4: [8086:3456] type 00 class 0x130000
[    1.757125] pci 0000:80:02.4: reg 0x10: [mem 0xc6800000-0xc68fffff 64bit]
[    1.757132] pci 0000:80:02.4: reg 0x18: [mem 0xc6aa0000-0xc6aa3fff 64bit]
[    1.757139] pci 0000:80:02.4: reg 0x20: [mem 0xc6a80000-0xc6a9ffff 64bit]
[    1.757199] pci_bus 0000:80: on NUMA node 1
[    1.757265] ACPI: PCI Root Bridge [PC07] (domain 0000 [bus 81])
[    1.757267] acpi PNP0A08:07: _OSC: OS supports [ExtendedConfig ASPM ClockPM Segments MSI HPX-Type3]
[    1.757357] acpi PNP0A08:07: PCIe AER handled by firmware
[    1.757460] acpi PNP0A08:07: _OSC: platform does not support [SHPCHotplug]
[    1.757659] acpi PNP0A08:07: _OSC: OS now controls [PCIeHotplug PME PCIeCapability LTR]
[    1.757659] acpi PNP0A08:07: FADT indicates ASPM is unsupported, using BIOS configuration
[    1.757773] PCI host bridge to bus 0000:81
[    1.757773] pci_bus 0000:81: root bus resource [io  0xc000-0xcfff window]
[    1.757774] pci_bus 0000:81: root bus resource [mem 0xd1000000-0xdbbfffff window]
[    1.757775] pci_bus 0000:81: root bus resource [mem 0x260000000000-0x26ffffffffff window]
[    1.757776] pci_bus 0000:81: root bus resource [bus 81]
[    1.757783] pci 0000:81:00.0: [8086:09a2] type 00 class 0x088000
[    1.757852] pci 0000:81:00.1: [8086:09a4] type 00 class 0x088000
[    1.757918] pci 0000:81:00.2: [8086:09a3] type 00 class 0x088000
[    1.757986] pci 0000:81:00.4: [8086:0998] type 00 class 0x060000
[    1.758067] pci_bus 0000:81: on NUMA node 1
[    1.758125] ACPI: PCI Root Bridge [PC08] (domain 0000 [bus 82])
[    1.758127] acpi PNP0A08:08: _OSC: OS supports [ExtendedConfig ASPM ClockPM Segments MSI HPX-Type3]
[    1.758219] acpi PNP0A08:08: PCIe AER handled by firmware
[    1.758323] acpi PNP0A08:08: _OSC: platform does not support [SHPCHotplug]
[    1.758520] acpi PNP0A08:08: _OSC: OS now controls [PCIeHotplug PME PCIeCapability LTR]
[    1.758521] acpi PNP0A08:08: FADT indicates ASPM is unsupported, using BIOS configuration
[    1.758629] PCI host bridge to bus 0000:82
[    1.758630] pci_bus 0000:82: root bus resource [io  0xd000-0xdfff window]
[    1.758630] pci_bus 0000:82: root bus resource [mem 0xdbc00000-0xe67fffff window]
[    1.758631] pci_bus 0000:82: root bus resource [mem 0x270000000000-0x27ffffffffff window]
[    1.758632] pci_bus 0000:82: root bus resource [bus 82]
[    1.758639] pci 0000:82:00.0: [8086:09a2] type 00 class 0x088000
[    1.758708] pci 0000:82:00.1: [8086:09a4] type 00 class 0x088000
[    1.758776] pci 0000:82:00.2: [8086:09a3] type 00 class 0x088000
[    1.758849] pci 0000:82:00.4: [8086:0998] type 00 class 0x060000
[    1.758929] pci_bus 0000:82: on NUMA node 1
[    1.759013] ACPI: PCI Root Bridge [PC10] (domain 0000 [bus 83-f9])
[    1.759015] acpi PNP0A08:0a: _OSC: OS supports [ExtendedConfig ASPM ClockPM Segments MSI HPX-Type3]
[    1.759104] acpi PNP0A08:0a: PCIe AER handled by firmware
[    1.759207] acpi PNP0A08:0a: _OSC: platform does not support [SHPCHotplug]
[    1.759405] acpi PNP0A08:0a: _OSC: OS now controls [PCIeHotplug PME PCIeCapability LTR]
[    1.759405] acpi PNP0A08:0a: FADT indicates ASPM is unsupported, using BIOS configuration
[    1.759524] PCI host bridge to bus 0000:83
[    1.759525] pci_bus 0000:83: root bus resource [io  0xe000-0xefff window]
[    1.759525] pci_bus 0000:83: root bus resource [mem 0xe6800000-0xf13fffff window]
[    1.759526] pci_bus 0000:83: root bus resource [mem 0x280000000000-0x28ffffffffff window]
[    1.759527] pci_bus 0000:83: root bus resource [bus 83-f9]
[    1.759534] pci 0000:83:00.0: [8086:09a2] type 00 class 0x088000
[    1.759602] pci 0000:83:00.1: [8086:09a4] type 00 class 0x088000
[    1.759670] pci 0000:83:00.2: [8086:09a3] type 00 class 0x088000
[    1.759740] pci 0000:83:00.4: [8086:0998] type 00 class 0x060000
[    1.759819] pci_bus 0000:83: on NUMA node 1
[    1.759878] ACPI: PCI Root Bridge [PC11] (domain 0000 [bus fa])
[    1.759880] acpi PNP0A08:0b: _OSC: OS supports [ExtendedConfig ASPM ClockPM Segments MSI HPX-Type3]
[    1.759969] acpi PNP0A08:0b: PCIe AER handled by firmware
[    1.760073] acpi PNP0A08:0b: _OSC: platform does not support [SHPCHotplug]
[    1.760271] acpi PNP0A08:0b: _OSC: OS now controls [PCIeHotplug PME PCIeCapability LTR]
[    1.760271] acpi PNP0A08:0b: FADT indicates ASPM is unsupported, using BIOS configuration
[    1.760382] PCI host bridge to bus 0000:fa
[    1.760382] pci_bus 0000:fa: root bus resource [io  0xf000-0xffff window]
[    1.760383] pci_bus 0000:fa: root bus resource [mem 0xf1400000-0xfb7fffff window]
[    1.760384] pci_bus 0000:fa: root bus resource [mem 0x290000000000-0x29ffffffffff window]
[    1.760385] pci_bus 0000:fa: root bus resource [bus fa]
[    1.760392] pci 0000:fa:00.0: [8086:09a2] type 00 class 0x088000
[    1.760460] pci 0000:fa:00.1: [8086:09a4] type 00 class 0x088000
[    1.760529] pci 0000:fa:00.2: [8086:09a3] type 00 class 0x088000
[    1.760605] pci 0000:fa:00.4: [8086:0998] type 00 class 0x060000
[    1.760685] pci_bus 0000:fa: on NUMA node 1
[    1.760739] ACPI: PCI Root Bridge [UC16] (domain 0000 [bus fe])
[    1.760741] acpi PNP0A03:02: _OSC: OS supports [ExtendedConfig ASPM ClockPM Segments MSI HPX-Type3]
[    1.760815] acpi PNP0A03:02: PCIe AER handled by firmware
[    1.760903] acpi PNP0A03:02: _OSC: platform does not support [SHPCHotplug LTR]
[    1.761069] acpi PNP0A03:02: _OSC: OS now controls [PCIeHotplug PME PCIeCapability]
[    1.761069] acpi PNP0A03:02: FADT indicates ASPM is unsupported, using BIOS configuration
[    1.761199] PCI host bridge to bus 0000:fe
[    1.761200] pci_bus 0000:fe: root bus resource [bus fe]
[    1.761206] pci 0000:fe:00.0: [8086:3450] type 00 class 0x088000
[    1.761279] pci 0000:fe:00.1: [8086:3451] type 00 class 0x088000
[    1.761344] pci 0000:fe:00.2: [8086:3452] type 00 class 0x088000
[    1.761411] pci 0000:fe:00.3: [8086:0998] type 00 class 0x060000
[    1.761480] pci 0000:fe:00.5: [8086:3455] type 00 class 0x088000
[    1.761552] pci 0000:fe:02.0: [8086:3440] type 00 class 0x088000
[    1.761677] pci 0000:fe:02.1: [8086:3441] type 00 class 0x088000
[    1.761802] pci 0000:fe:02.2: [8086:3442] type 00 class 0x088000
[    1.761919] pci 0000:fe:03.0: [8086:3440] type 00 class 0x088000
[    1.762012] pci 0000:fe:03.1: [8086:3441] type 00 class 0x088000
[    1.762098] pci 0000:fe:03.2: [8086:3442] type 00 class 0x088000
[    1.762193] pci 0000:fe:04.0: [8086:3440] type 00 class 0x088000
[    1.762323] pci 0000:fe:04.1: [8086:3441] type 00 class 0x088000
[    1.762449] pci 0000:fe:04.2: [8086:3442] type 00 class 0x088000
[    1.762574] pci 0000:fe:04.3: [8086:3443] type 00 class 0x088000
[    1.762708] pci 0000:fe:05.0: [8086:3445] type 00 class 0x088000
[    1.762832] pci 0000:fe:05.1: [8086:3446] type 00 class 0x088000
[    1.762953] pci 0000:fe:05.2: [8086:3447] type 00 class 0x088000
[    1.763075] pci 0000:fe:06.0: [8086:3445] type 00 class 0x088000
[    1.763170] pci 0000:fe:06.1: [8086:3446] type 00 class 0x088000
[    1.763259] pci 0000:fe:06.2: [8086:3447] type 00 class 0x088000
[    1.763354] pci 0000:fe:07.0: [8086:3445] type 00 class 0x088000
[    1.763486] pci 0000:fe:07.1: [8086:3446] type 00 class 0x088000
[    1.763619] pci 0000:fe:07.2: [8086:3447] type 00 class 0x088000
[    1.763747] pci 0000:fe:0b.0: [8086:3448] type 00 class 0x088000
[    1.763824] pci 0000:fe:0b.1: [8086:3448] type 00 class 0x088000
[    1.763898] pci 0000:fe:0b.2: [8086:344b] type 00 class 0x088000
[    1.763979] pci 0000:fe:0c.0: [8086:344a] type 00 class 0x110100
[    1.764082] pci 0000:fe:0d.0: [8086:344a] type 00 class 0x110100
[    1.764178] pci 0000:fe:0e.0: [8086:344a] type 00 class 0x110100
[    1.764332] pci 0000:fe:0f.0: [8086:344a] type 00 class 0x110100
[    1.764504] pci 0000:fe:1a.0: [8086:2880] type 00 class 0x110100
[    1.764603] pci 0000:fe:1b.0: [8086:2880] type 00 class 0x110100
[    1.764698] pci 0000:fe:1c.0: [8086:2880] type 00 class 0x110100
[    1.764858] pci 0000:fe:1d.0: [8086:2880] type 00 class 0x110100
[    1.765019] pci_bus 0000:fe: on NUMA node 1
[    1.765089] ACPI: PCI Root Bridge [UC17] (domain 0000 [bus ff])
[    1.765091] acpi PNP0A03:03: _OSC: OS supports [ExtendedConfig ASPM ClockPM Segments MSI HPX-Type3]
[    1.765169] acpi PNP0A03:03: PCIe AER handled by firmware
[    1.765259] acpi PNP0A03:03: _OSC: platform does not support [SHPCHotplug LTR]
[    1.765428] acpi PNP0A03:03: _OSC: OS now controls [PCIeHotplug PME PCIeCapability]
[    1.765429] acpi PNP0A03:03: FADT indicates ASPM is unsupported, using BIOS configuration
[    1.765571] PCI host bridge to bus 0000:ff
[    1.765572] pci_bus 0000:ff: root bus resource [bus ff]
[    1.765582] pci 0000:ff:00.0: [8086:344c] type 00 class 0x088000
[    1.765697] pci 0000:ff:00.1: [8086:344c] type 00 class 0x088000
[    1.765817] pci 0000:ff:00.2: [8086:344c] type 00 class 0x088000
[    1.765924] pci 0000:ff:00.3: [8086:344c] type 00 class 0x088000
[    1.766055] pci 0000:ff:00.4: [8086:344c] type 00 class 0x088000
[    1.766180] pci 0000:ff:00.5: [8086:344c] type 00 class 0x088000
[    1.766282] pci 0000:ff:00.6: [8086:344c] type 00 class 0x088000
[    1.766416] pci 0000:ff:00.7: [8086:344c] type 00 class 0x088000
[    1.766548] pci 0000:ff:01.0: [8086:344c] type 00 class 0x088000
[    1.766689] pci 0000:ff:01.1: [8086:344c] type 00 class 0x088000
[    1.766823] pci 0000:ff:01.2: [8086:344c] type 00 class 0x088000
[    1.766913] pci 0000:ff:01.3: [8086:344c] type 00 class 0x088000
[    1.767060] pci 0000:ff:01.4: [8086:344c] type 00 class 0x088000
[    1.767205] pci 0000:ff:01.5: [8086:344c] type 00 class 0x088000
[    1.767353] pci 0000:ff:01.6: [8086:344c] type 00 class 0x088000
[    1.767486] pci 0000:ff:01.7: [8086:344c] type 00 class 0x088000
[    1.767626] pci 0000:ff:02.0: [8086:344c] type 00 class 0x088000
[    1.767768] pci 0000:ff:02.1: [8086:344c] type 00 class 0x088000
[    1.767907] pci 0000:ff:02.2: [8086:344c] type 00 class 0x088000
[    1.768053] pci 0000:ff:02.3: [8086:344c] type 00 class 0x088000
[    1.768198] pci 0000:ff:02.4: [8086:344c] type 00 class 0x088000
[    1.768342] pci 0000:ff:02.5: [8086:344c] type 00 class 0x088000
[    1.768493] pci 0000:ff:02.6: [8086:344c] type 00 class 0x088000
[    1.768641] pci 0000:ff:02.7: [8086:344c] type 00 class 0x088000
[    1.768799] pci 0000:ff:03.0: [8086:344c] type 00 class 0x088000
[    1.768962] pci 0000:ff:03.1: [8086:344c] type 00 class 0x088000
[    1.769118] pci 0000:ff:03.2: [8086:344c] type 00 class 0x088000
[    1.769287] pci 0000:ff:03.3: [8086:344c] type 00 class 0x088000
[    1.769463] pci 0000:ff:0a.0: [8086:344d] type 00 class 0x088000
[    1.769577] pci 0000:ff:0a.1: [8086:344d] type 00 class 0x088000
[    1.769697] pci 0000:ff:0a.2: [8086:344d] type 00 class 0x088000
[    1.769804] pci 0000:ff:0a.3: [8086:344d] type 00 class 0x088000
[    1.769932] pci 0000:ff:0a.4: [8086:344d] type 00 class 0x088000
[    1.770056] pci 0000:ff:0a.5: [8086:344d] type 00 class 0x088000
[    1.770159] pci 0000:ff:0a.6: [8086:344d] type 00 class 0x088000
[    1.770292] pci 0000:ff:0a.7: [8086:344d] type 00 class 0x088000
[    1.770428] pci 0000:ff:0b.0: [8086:344d] type 00 class 0x088000
[    1.770570] pci 0000:ff:0b.1: [8086:344d] type 00 class 0x088000
[    1.770705] pci 0000:ff:0b.2: [8086:344d] type 00 class 0x088000
[    1.770795] pci 0000:ff:0b.3: [8086:344d] type 00 class 0x088000
[    1.770939] pci 0000:ff:0b.4: [8086:344d] type 00 class 0x088000
[    1.771083] pci 0000:ff:0b.5: [8086:344d] type 00 class 0x088000
[    1.771230] pci 0000:ff:0b.6: [8086:344d] type 00 class 0x088000
[    1.771364] pci 0000:ff:0b.7: [8086:344d] type 00 class 0x088000
[    1.771509] pci 0000:ff:0c.0: [8086:344d] type 00 class 0x088000
[    1.771651] pci 0000:ff:0c.1: [8086:344d] type 00 class 0x088000
[    1.771792] pci 0000:ff:0c.2: [8086:344d] type 00 class 0x088000
[    1.771937] pci 0000:ff:0c.3: [8086:344d] type 00 class 0x088000
[    1.772079] pci 0000:ff:0c.4: [8086:344d] type 00 class 0x088000
[    1.772223] pci 0000:ff:0c.5: [8086:344d] type 00 class 0x088000
[    1.772373] pci 0000:ff:0c.6: [8086:344d] type 00 class 0x088000
[    1.772521] pci 0000:ff:0c.7: [8086:344d] type 00 class 0x088000
[    1.772685] pci 0000:ff:0d.0: [8086:344d] type 00 class 0x088000
[    1.772846] pci 0000:ff:0d.1: [8086:344d] type 00 class 0x088000
[    1.772999] pci 0000:ff:0d.2: [8086:344d] type 00 class 0x088000
[    1.773164] pci 0000:ff:0d.3: [8086:344d] type 00 class 0x088000
[    1.773347] pci 0000:ff:1d.0: [8086:344f] type 00 class 0x088000
[    1.773468] pci 0000:ff:1d.1: [8086:3457] type 00 class 0x088000
[    1.773589] pci 0000:ff:1e.0: [8086:3458] type 00 class 0x088000
[    1.773671] pci 0000:ff:1e.1: [8086:3459] type 00 class 0x088000
[    1.773753] pci 0000:ff:1e.2: [8086:345a] type 00 class 0x088000
[    1.773831] pci 0000:ff:1e.3: [8086:345b] type 00 class 0x088000
[    1.773907] pci 0000:ff:1e.4: [8086:345c] type 00 class 0x088000
[    1.773985] pci 0000:ff:1e.5: [8086:345d] type 00 class 0x088000
[    1.774063] pci 0000:ff:1e.6: [8086:345e] type 00 class 0x088000
[    1.774138] pci 0000:ff:1e.7: [8086:345f] type 00 class 0x088000
[    1.774217] pci_bus 0000:ff: on NUMA node 1
[    1.777990] HMAT: Memory (0x0 length 0x80000000) Flags:0003 Processor Domain:0 Memory Domain:0
[    1.777990] HMAT: Memory (0x100000000 length 0xf80000000) Flags:0003 Processor Domain:0 Memory Domain:0
[    1.777990] HMAT: Memory (0x2080000000 length 0x7e00000000) Flags:0003 Processor Domain:0 Memory Domain:2
[    1.777990] HMAT: Memory (0x1080000000 length 0x1000000000) Flags:0003 Processor Domain:1 Memory Domain:1
[    1.777990] HMAT: Memory (0x9e80000000 length 0x7e00000000) Flags:0003 Processor Domain:1 Memory Domain:3
[    1.777990] HMAT: Locality: Flags:00 Type:Read Latency Initiator Domains:2 Target Domains:4 Base:100
[    1.777990]   Initiator-Target[0-0]:7600 nsec
[    1.777990]   Initiator-Target[0-1]:13560 nsec
[    1.777990]   Initiator-Target[0-2]:25350 nsec
[    1.777990]   Initiator-Target[0-3]:31600 nsec
[    1.777990]   Initiator-Target[1-0]:13560 nsec
[    1.777990]   Initiator-Target[1-1]:7600 nsec
[    1.777990]   Initiator-Target[1-2]:31600 nsec
[    1.777990]   Initiator-Target[1-3]:25350 nsec
[    1.777990] HMAT: Locality: Flags:00 Type:Write Latency Initiator Domains:2 Target Domains:4 Base:100
[    1.777990]   Initiator-Target[0-0]:7600 nsec
[    1.777990]   Initiator-Target[0-1]:13560 nsec
[    1.777990]   Initiator-Target[0-2]:25350 nsec
[    1.777990]   Initiator-Target[0-3]:31600 nsec
[    1.777990]   Initiator-Target[1-0]:13560 nsec
[    1.777990]   Initiator-Target[1-1]:7600 nsec
[    1.777990]   Initiator-Target[1-2]:31600 nsec
[    1.777990]   Initiator-Target[1-3]:25350 nsec
[    1.777990] HMAT: Locality: Flags:00 Type:Read Bandwidth Initiator Domains:2 Target Domains:4 Base:1
[    1.777990]   Initiator-Target[0-0]:1790 MB/s
[    1.777990]   Initiator-Target[0-1]:1790 MB/s
[    1.777990]   Initiator-Target[0-2]:463 MB/s
[    1.777990]   Initiator-Target[0-3]:463 MB/s
[    1.777990]   Initiator-Target[1-0]:1790 MB/s
[    1.777990]   Initiator-Target[1-1]:1790 MB/s
[    1.777990]   Initiator-Target[1-2]:463 MB/s
[    1.777990]   Initiator-Target[1-3]:463 MB/s
[    1.777990] HMAT: Locality: Flags:00 Type:Write Bandwidth Initiator Domains:2 Target Domains:4 Base:1
[    1.777990]   Initiator-Target[0-0]:1910 MB/s
[    1.777990]   Initiator-Target[0-1]:1910 MB/s
[    1.777990]   Initiator-Target[0-2]:138 MB/s
[    1.777990]   Initiator-Target[0-3]:138 MB/s
[    1.777990]   Initiator-Target[1-0]:1910 MB/s
[    1.777990]   Initiator-Target[1-1]:1910 MB/s
[    1.777990]   Initiator-Target[1-2]:138 MB/s
[    1.777990]   Initiator-Target[1-3]:138 MB/s
[    1.777990] WARNING: CPU: 62 PID: 1 at drivers/base/node.c:191 node_set_perf_attrs+0x90/0xb0
[    1.777990] Modules linked in:
[    1.777990] CPU: 62 PID: 1 Comm: swapper/0 Not tainted 5.3.1-multiclock #1
[    1.777990] Hardware name: Dell Inc. PowerEdge R750/0K8F35, BIOS 1.10.2 03/03/2023
[    1.777990] RIP: 0010:node_set_perf_attrs+0x90/0xb0
[    1.777990] Code: f4 02 00 00 4c 89 ea 4c 89 e7 e8 bb bf c7 ff 85 c0 75 24 48 83 c3 08 48 8b 33 48 85 f6 75 e5 5b 41 5a 41 5c 41 5d 41 5e 5d c3 <0f> 0b 5b 41 5a 41 5c 41 5d 41 5e 5d c3 44 89 f6 48 c7 c7 70 5b 9a
[    1.777990] RSP: 0000:ffffa94980117d80 EFLAGS: 00010246
[    1.777990] RAX: 0000000000000002 RBX: 0000000000000003 RCX: 0000000000000000
[    1.777990] RDX: 0000000000000000 RSI: ffff9e155a99c318 RDI: 0000000000000002
[    1.777990] RBP: ffffa94980117da8 R08: ffff9e25d65b2bc8 R09: 0000000000000000
[    1.777990] R10: ffff9e156261e790 R11: ffff9e1562874610 R12: ffff9e155a99c300
[    1.777990] R13: ffffffffa20db310 R14: 0000000000000005 R15: ffffffffa1e95806
[    1.777990] FS:  0000000000000000(0000) GS:ffff9e15633c0000(0000) knlGS:0000000000000000
[    1.777990] CS:  0010 DS: 0000 ES: 0000 CR0: 0000000080050033
[    1.777990] CR2: 0000000000000000 CR3: 0000000aa640a001 CR4: 0000000000760ee0
[    1.777990] DR0: 0000000000000000 DR1: 0000000000000000 DR2: 0000000000000000
[    1.777990] DR3: 0000000000000000 DR6: 00000000fffe0ff0 DR7: 0000000000000400
[    1.777990] PKRU: 55555554
[    1.777990] Call Trace:
[    1.777990]  hmat_init+0x32a/0x43c
[    1.777990]  ? hmat_parse_subtable+0x503/0x503
[    1.777990]  ? set_debug_rodata+0x17/0x17
[    1.777990]  do_one_initcall+0x4a/0x1fa
[    1.777990]  kernel_init_freeable+0x1c6/0x26d
[    1.777990]  ? rest_init+0xb0/0xb0
[    1.777990]  kernel_init+0xe/0x110
[    1.777990]  ret_from_fork+0x1f/0x40
[    1.777990] ---[ end trace 6e41f57b28720d03 ]---
[    1.778014] pci 0000:03:00.0: vgaarb: setting as boot VGA device
[    1.778014] pci 0000:03:00.0: vgaarb: VGA device added: decodes=io+mem,owns=io+mem,locks=none
[    1.778058] pci 0000:03:00.0: vgaarb: bridge control possible
[    1.778059] vgaarb: loaded
[    1.778253] SCSI subsystem initialized
[    1.778402] libata version 3.00 loaded.
[    1.778402] ACPI: bus type USB registered
[    1.778402] usbcore: registered new interface driver usbfs
[    1.778402] usbcore: registered new interface driver hub
[    1.778402] usbcore: registered new device driver usb
[    1.778402] pps_core: LinuxPPS API ver. 1 registered
[    1.778402] pps_core: Software ver. 5.3.6 - Copyright 2005-2007 Rodolfo Giometti <giometti@linux.it>
[    1.778402] PTP clock support registered
[    1.778514] EDAC MC: Ver: 3.0.0
[    1.778728] Registered efivars operations
[    1.778728] PCI: Using ACPI for IRQ routing
[    1.781467] PCI: pci_cache_line_size set to 64 bytes
[    1.782156] e820: reserve RAM buffer [mem 0x0008f000-0x0008ffff]
[    1.782157] e820: reserve RAM buffer [mem 0x47bdd020-0x47ffffff]
[    1.782158] e820: reserve RAM buffer [mem 0x47c0f020-0x47ffffff]
[    1.782158] e820: reserve RAM buffer [mem 0x47c42020-0x47ffffff]
[    1.782159] e820: reserve RAM buffer [mem 0x47c75020-0x47ffffff]
[    1.782160] e820: reserve RAM buffer [mem 0x49e77000-0x4bffffff]
[    1.782160] e820: reserve RAM buffer [mem 0x4b2cf000-0x4bffffff]
[    1.782161] e820: reserve RAM buffer [mem 0x4bd94000-0x4bffffff]
[    1.782162] e820: reserve RAM buffer [mem 0x4ce00000-0x4fffffff]
[    1.782162] e820: reserve RAM buffer [mem 0x5eefe000-0x5fffffff]
[    1.782163] e820: reserve RAM buffer [mem 0x6f800000-0x6fffffff]
[    1.782453] NetLabel: Initializing
[    1.782454] NetLabel:  domain hash size = 128
[    1.782454] NetLabel:  protocols = UNLABELED CIPSOv4 CALIPSO
[    1.782473] NetLabel:  unlabeled traffic allowed by default
[    1.787320] hpet0: at MMIO 0xfed00000, IRQs 2, 8, 0, 0, 0, 0, 0, 0
[    1.787323] hpet0: 8 comparators, 64-bit 24.000000 MHz counter
[    1.790190] clocksource: Switched to clocksource tsc-early
[    1.801246] VFS: Disk quotas dquot_6.6.0
[    1.801290] VFS: Dquot-cache hash table entries: 512 (order 0, 4096 bytes)
[    1.801578] *** VALIDATE hugetlbfs ***
[    1.801692] AppArmor: AppArmor Filesystem Enabled
[    1.801710] pnp: PnP ACPI init
[    1.816946] pnp 00:00: Plug and Play ACPI device, IDs PNP0b00 (active)
[    1.817104] system 00:01: [io  0x0500-0x05fe] has been reserved
[    1.817105] system 00:01: [io  0x0400-0x041f] has been reserved
[    1.817106] system 00:01: [io  0x0600-0x061f] has been reserved
[    1.817107] system 00:01: [io  0x0ca0-0x0ca1] has been reserved
[    1.817108] system 00:01: [io  0x0ca4-0x0ca6] has been reserved
[    1.817110] system 00:01: [mem 0xff000000-0xffffffff] has been reserved
[    1.817113] system 00:01: Plug and Play ACPI device, IDs PNP0c02 (active)
[    1.817357] pnp 00:02: Plug and Play ACPI device, IDs PNP0501 (active)
[    1.817562] pnp 00:03: Plug and Play ACPI device, IDs PNP0501 (active)
[    1.817717] system 00:04: [mem 0xfd000000-0xfdabffff] has been reserved
[    1.817718] system 00:04: [mem 0xfdad0000-0xfdadffff] has been reserved
[    1.817719] system 00:04: [mem 0xfdb00000-0xfdffffff] has been reserved
[    1.817720] system 00:04: [mem 0xfe000000-0xfe00ffff] has been reserved
[    1.817721] system 00:04: [mem 0xfe011000-0xfe01ffff] has been reserved
[    1.817722] system 00:04: [mem 0xfe036000-0xfe03bfff] has been reserved
[    1.817723] system 00:04: [mem 0xfe03d000-0xfe3fffff] has been reserved
[    1.817724] system 00:04: [mem 0xfe410000-0xfe7fffff] has been reserved
[    1.817727] system 00:04: Plug and Play ACPI device, IDs PNP0c02 (active)
[    1.818049] system 00:05: [io  0x1000-0x10fe] has been reserved
[    1.818052] system 00:05: Plug and Play ACPI device, IDs PNP0c02 (active)
[    1.819029] pnp: PnP ACPI: found 6 devices
[    1.820104] thermal_sys: Registered thermal governor 'fair_share'
[    1.820105] thermal_sys: Registered thermal governor 'bang_bang'
[    1.820106] thermal_sys: Registered thermal governor 'step_wise'
[    1.820106] thermal_sys: Registered thermal governor 'user_space'
[    1.820107] thermal_sys: Registered thermal governor 'power_allocator'
[    1.824599] clocksource: acpi_pm: mask: 0xffffff max_cycles: 0xffffff, max_idle_ns: 2085701024 ns
[    1.824621] pci 0000:04:00.0: can't claim BAR 6 [mem 0xfffc0000-0xffffffff pref]: no compatible bridge window
[    1.824622] pci 0000:04:00.1: can't claim BAR 6 [mem 0xfffc0000-0xffffffff pref]: no compatible bridge window
[    1.824623] pci 0000:17:00.0: can't claim BAR 6 [mem 0xfff00000-0xffffffff pref]: no compatible bridge window
[    1.824639] pci 0000:00:1c.5: BAR 14: assigned [mem 0x90000000-0x900fffff]
[    1.824641] pci 0000:00:1c.0: PCI bridge to [bus 01]
[    1.824650] pci 0000:02:00.0: PCI bridge to [bus 03]
[    1.824654] pci 0000:02:00.0:   bridge window [mem 0x92000000-0x928fffff]
[    1.824658] pci 0000:02:00.0:   bridge window [mem 0x91000000-0x91ffffff 64bit pref]
[    1.824664] pci 0000:00:1c.4: PCI bridge to [bus 02-03]
[    1.824667] pci 0000:00:1c.4:   bridge window [mem 0x92000000-0x928fffff]
[    1.824669] pci 0000:00:1c.4:   bridge window [mem 0x91000000-0x91ffffff 64bit pref]
[    1.824674] pci 0000:04:00.0: BAR 6: assigned [mem 0x90000000-0x9003ffff pref]
[    1.824675] pci 0000:04:00.1: BAR 6: assigned [mem 0x90040000-0x9007ffff pref]
[    1.824676] pci 0000:00:1c.5: PCI bridge to [bus 04]
[    1.824679] pci 0000:00:1c.5:   bridge window [mem 0x90000000-0x900fffff]
[    1.824681] pci 0000:00:1c.5:   bridge window [mem 0x92900000-0x929fffff 64bit pref]
[    1.824685] pci_bus 0000:00: resource 4 [io  0x0000-0x0cf7 window]
[    1.824686] pci_bus 0000:00: resource 5 [io  0x1000-0x4fff window]
[    1.824687] pci_bus 0000:00: resource 6 [mem 0x000a0000-0x000bffff window]
[    1.824688] pci_bus 0000:00: resource 7 [mem 0x000c8000-0x000cffff window]
