pgmigrate_success 1192166
pgmigrate_fail 5209
thp_fault_alloc 0
thp_fault_fallback 0
thp_collapse_alloc 0
thp_collapse_alloc_failed 0
thp_file_alloc 0
thp_file_mapped 0
thp_split_page 0
thp_split_page_failed 0
thp_deferred_split_page 0
thp_split_pmd 0
thp_split_pud 0
thp_zero_page_alloc 0
thp_zero_page_alloc_failed 0
thp_swpout 0
thp_swpout_fallback 0
MemTotal:       1153248428 kB
MemFree:        1134070400 kB
MemAvailable:   1131894880 kB
Buffers:            2664 kB
Cached:           499724 kB
SwapCached:            8 kB
Active:           181488 kB
Inactive:         852192 kB
Active(anon):     145800 kB
Inactive(anon):   445276 kB
Active(file):      35688 kB
Inactive(file):   406916 kB
Unevictable:           0 kB
Mlocked:               0 kB
SwapTotal:       2097148 kB
SwapFree:        2096636 kB
Dirty:            119608 kB
Writeback:             0 kB
AnonPages:        587040 kB
Mapped:           376876 kB
Shmem:              6112 kB
KReclaimable:     239656 kB
Slab:             633844 kB
SReclaimable:     239656 kB
SUnreclaim:       394188 kB
KernelStack:       31472 kB
PageTables:        27864 kB
NFS_Unstable:          0 kB
Bounce:                0 kB
WritebackTmp:          0 kB
CommitLimit:    578721360 kB
Committed_AS:    6292004 kB
VmallocTotal:   34359738367 kB
VmallocUsed:      158316 kB
VmallocChunk:          0 kB
Percpu:           114240 kB
HardwareCorrupted:     0 kB
AnonHugePages:         0 kB
ShmemHugePages:        0 kB
ShmemPmdMapped:        0 kB
CmaTotal:              0 kB
CmaFree:               0 kB
HugePages_Total:       0
HugePages_Free:        0
HugePages_Rsvd:        0
HugePages_Surp:        0
Hugepagesize:       2048 kB
Hugetlb:               0 kB
DirectMap4k:     1050088 kB
DirectMap2M:     7823360 kB
DirectMap1G:    1180696576 kB
