pgmigrate_success 35761911
pgmigrate_fail 86974931
thp_fault_alloc 0
thp_fault_fallback 0
thp_collapse_alloc 0
thp_collapse_alloc_failed 0
thp_file_alloc 0
thp_file_mapped 0
thp_split_page 0
thp_split_page_failed 0
thp_deferred_split_page 0
thp_split_pmd 0
thp_split_pud 0
thp_zero_page_alloc 0
thp_zero_page_alloc_failed 0
thp_swpout 0
thp_swpout_fallback 0
MemTotal:       551165144 kB
MemFree:        530859804 kB
MemAvailable:   529924780 kB
Buffers:           11148 kB
Cached:           396700 kB
SwapCached:            4 kB
Active:            54640 kB
Inactive:         912112 kB
Active(anon):      38856 kB
Inactive(anon):   555400 kB
Active(file):      15784 kB
Inactive(file):   356712 kB
Unevictable:           0 kB
Mlocked:               0 kB
SwapTotal:       2097148 kB
SwapFree:        2096380 kB
Dirty:                12 kB
Writeback:             0 kB
AnonPages:        588928 kB
Mapped:           392024 kB
Shmem:              6208 kB
KReclaimable:     250676 kB
Slab:             642640 kB
SReclaimable:     250676 kB
SUnreclaim:       391964 kB
KernelStack:       32192 kB
PageTables:        27724 kB
NFS_Unstable:          0 kB
Bounce:                0 kB
WritebackTmp:          0 kB
CommitLimit:    277679720 kB
Committed_AS:    6592240 kB
VmallocTotal:   34359738367 kB
VmallocUsed:      103316 kB
VmallocChunk:          0 kB
Percpu:           117376 kB
HardwareCorrupted:     0 kB
AnonHugePages:         0 kB
ShmemHugePages:        0 kB
ShmemPmdMapped:        0 kB
CmaTotal:              0 kB
CmaFree:               0 kB
HugePages_Total:       0
HugePages_Free:        0
HugePages_Rsvd:        0
HugePages_Surp:        0
Hugepagesize:       2048 kB
Hugetlb:               0 kB
DirectMap4k:      898536 kB
DirectMap2M:     9023488 kB
DirectMap1G:    1181745152 kB
pgmigrate_success 37322946
pgmigrate_fail 75128698
thp_fault_alloc 0
thp_fault_fallback 0
thp_collapse_alloc 0
thp_collapse_alloc_failed 0
thp_file_alloc 0
thp_file_mapped 0
thp_split_page 0
thp_split_page_failed 0
thp_deferred_split_page 0
thp_split_pmd 0
thp_split_pud 0
thp_zero_page_alloc 0
thp_zero_page_alloc_failed 0
thp_swpout 0
thp_swpout_fallback 0
MemTotal:       554283216 kB
MemFree:        502613968 kB
MemAvailable:   532879252 kB
Buffers:           63360 kB
Cached:         32287456 kB
SwapCached:            4 kB
Active:            80680 kB
Inactive:       32543816 kB
Active(anon):      44512 kB
Inactive(anon):   552460 kB
Active(file):      36168 kB
Inactive(file): 31991356 kB
Unevictable:           0 kB
Mlocked:               0 kB
SwapTotal:       2097148 kB
SwapFree:        2096636 kB
Dirty:                 8 kB
Writeback:             0 kB
AnonPages:        591452 kB
Mapped:           394772 kB
Shmem:              6204 kB
KReclaimable:     364144 kB
Slab:             757044 kB
SReclaimable:     364144 kB
SUnreclaim:       392900 kB
KernelStack:       32384 kB
PageTables:        27544 kB
NFS_Unstable:          0 kB
Bounce:                0 kB
WritebackTmp:          0 kB
CommitLimit:    279238756 kB
Committed_AS:    6488040 kB
VmallocTotal:   34359738367 kB
VmallocUsed:      103172 kB
VmallocChunk:          0 kB
Percpu:           116928 kB
HardwareCorrupted:     0 kB
AnonHugePages:         0 kB
ShmemHugePages:        0 kB
ShmemPmdMapped:        0 kB
CmaTotal:              0 kB
CmaFree:               0 kB
HugePages_Total:       0
HugePages_Free:        0
HugePages_Rsvd:        0
HugePages_Surp:        0
Hugepagesize:       2048 kB
Hugetlb:               0 kB
DirectMap4k:      888296 kB
DirectMap2M:     6936576 kB
DirectMap1G:    1183842304 kB
