pgmigrate_success 16990642
pgmigrate_fail 82079938
thp_fault_alloc 0
thp_fault_fallback 0
thp_collapse_alloc 0
thp_collapse_alloc_failed 0
thp_file_alloc 0
thp_file_mapped 0
thp_split_page 0
thp_split_page_failed 0
thp_deferred_split_page 0
thp_split_pmd 0
thp_split_pud 0
thp_zero_page_alloc 0
thp_zero_page_alloc_failed 0
thp_swpout 0
thp_swpout_fallback 0
MemTotal:       551165144 kB
MemFree:        530906888 kB
MemAvailable:   529975256 kB
Buffers:            6004 kB
Cached:           395312 kB
SwapCached:            4 kB
Active:            74664 kB
Inactive:         905856 kB
Active(anon):      56544 kB
Inactive(anon):   537412 kB
Active(file):      18120 kB
Inactive(file):   368444 kB
Unevictable:           0 kB
Mlocked:               0 kB
SwapTotal:       2097148 kB
SwapFree:        2096380 kB
Dirty:                20 kB
Writeback:             0 kB
AnonPages:        588272 kB
Mapped:           392160 kB
Shmem:              6208 kB
KReclaimable:     243392 kB
Slab:             633936 kB
SReclaimable:     243392 kB
SUnreclaim:       390544 kB
KernelStack:       31888 kB
PageTables:        27816 kB
NFS_Unstable:          0 kB
Bounce:                0 kB
WritebackTmp:          0 kB
CommitLimit:    277679720 kB
Committed_AS:    6599360 kB
VmallocTotal:   34359738367 kB
VmallocUsed:      103060 kB
VmallocChunk:          0 kB
Percpu:           117376 kB
HardwareCorrupted:     0 kB
AnonHugePages:         0 kB
ShmemHugePages:        0 kB
ShmemPmdMapped:        0 kB
CmaTotal:              0 kB
CmaFree:               0 kB
HugePages_Total:       0
HugePages_Free:        0
HugePages_Rsvd:        0
HugePages_Surp:        0
Hugepagesize:       2048 kB
Hugetlb:               0 kB
DirectMap4k:      898536 kB
DirectMap2M:     9023488 kB
DirectMap1G:    1181745152 kB
pgmigrate_success 19431729
pgmigrate_fail 71537094
thp_fault_alloc 0
thp_fault_fallback 0
thp_collapse_alloc 0
thp_collapse_alloc_failed 0
thp_file_alloc 0
thp_file_mapped 0
thp_split_page 0
thp_split_page_failed 0
thp_deferred_split_page 0
thp_split_pmd 0
thp_split_pud 0
thp_zero_page_alloc 0
thp_zero_page_alloc_failed 0
thp_swpout 0
thp_swpout_fallback 0
MemTotal:       554283216 kB
MemFree:        534736308 kB
MemAvailable:   533788600 kB
Buffers:            5944 kB
Cached:           397888 kB
SwapCached:            4 kB
Active:            82772 kB
Inactive:         898636 kB
Active(anon):      65036 kB
Inactive(anon):   527940 kB
Active(file):      17736 kB
Inactive(file):   370696 kB
Unevictable:           0 kB
Mlocked:               0 kB
SwapTotal:       2097148 kB
SwapFree:        2096636 kB
Dirty:                96 kB
Writeback:             0 kB
AnonPages:        588064 kB
Mapped:           394888 kB
Shmem:              6204 kB
KReclaimable:     246396 kB
Slab:             634296 kB
SReclaimable:     246396 kB
SUnreclaim:       387900 kB
KernelStack:       31728 kB
PageTables:        27472 kB
NFS_Unstable:          0 kB
Bounce:                0 kB
WritebackTmp:          0 kB
CommitLimit:    279238756 kB
Committed_AS:    6480236 kB
VmallocTotal:   34359738367 kB
VmallocUsed:      102852 kB
VmallocChunk:          0 kB
Percpu:           116928 kB
HardwareCorrupted:     0 kB
AnonHugePages:         0 kB
ShmemHugePages:        0 kB
ShmemPmdMapped:        0 kB
CmaTotal:              0 kB
CmaFree:               0 kB
HugePages_Total:       0
HugePages_Free:        0
HugePages_Rsvd:        0
HugePages_Surp:        0
Hugepagesize:       2048 kB
Hugetlb:               0 kB
DirectMap4k:      888296 kB
DirectMap2M:     6936576 kB
DirectMap1G:    1183842304 kB
