[    0.000000] Linux version 5.3.1-multiclock (xmu@xmu-PowerEdge-R750) (gcc version 7.5.0 (Ubuntu 7.5.0-3ubuntu1~18.04)) #1 SMP Wed Aug 9 20:46:02 CST 2023
[    0.000000] Command line: BOOT_IMAGE=/boot/vmlinuz-5.3.1-multiclock root=UUID=ce0c24b8-724b-4f33-9b2c-618433560aef ro memmap=44909M!4096M memmap=59G!64G quiet splash nomodeset vt.handoff=1
[    0.000000] KERNEL supported cpus:
[    0.000000]   Intel GenuineIntel
[    0.000000]   AMD AuthenticAMD
[    0.000000]   Hygon HygonGenuine
[    0.000000]   Centaur CentaurHauls
[    0.000000]   zhaoxin   Shanghai  
[    0.000000] x86/fpu: Supporting XSAVE feature 0x001: 'x87 floating point registers'
[    0.000000] x86/fpu: Supporting XSAVE feature 0x002: 'SSE registers'
[    0.000000] x86/fpu: Supporting XSAVE feature 0x004: 'AVX registers'
[    0.000000] x86/fpu: Supporting XSAVE feature 0x020: 'AVX-512 opmask'
[    0.000000] x86/fpu: Supporting XSAVE feature 0x040: 'AVX-512 Hi256'
[    0.000000] x86/fpu: Supporting XSAVE feature 0x080: 'AVX-512 ZMM_Hi256'
[    0.000000] x86/fpu: Supporting XSAVE feature 0x200: 'Protection Keys User registers'
[    0.000000] x86/fpu: xstate_offset[2]:  576, xstate_sizes[2]:  256
[    0.000000] x86/fpu: xstate_offset[5]:  832, xstate_sizes[5]:   64
[    0.000000] x86/fpu: xstate_offset[6]:  896, xstate_sizes[6]:  512
[    0.000000] x86/fpu: xstate_offset[7]: 1408, xstate_sizes[7]: 1024
[    0.000000] x86/fpu: xstate_offset[9]: 2432, xstate_sizes[9]:    8
[    0.000000] x86/fpu: Enabled xstate features 0x2e7, context size is 2440 bytes, using 'compacted' format.
[    0.000000] BIOS-provided physical RAM map:
[    0.000000] BIOS-e820: [mem 0x0000000000000000-0x000000000008efff] usable
[    0.000000] BIOS-e820: [mem 0x000000000008f000-0x000000000008ffff] reserved
[    0.000000] BIOS-e820: [mem 0x0000000000090000-0x000000000009ffff] usable
[    0.000000] BIOS-e820: [mem 0x00000000000a0000-0x00000000000fffff] reserved
[    0.000000] BIOS-e820: [mem 0x0000000000100000-0x0000000049e76fff] usable
[    0.000000] BIOS-e820: [mem 0x0000000049e77000-0x000000004ae76fff] ACPI NVS
[    0.000000] BIOS-e820: [mem 0x000000004ae77000-0x000000004b2cefff] usable
[    0.000000] BIOS-e820: [mem 0x000000004b2cf000-0x000000004b54dfff] ACPI data
[    0.000000] BIOS-e820: [mem 0x000000004b54e000-0x000000004bd93fff] usable
[    0.000000] BIOS-e820: [mem 0x000000004bd94000-0x000000004be99fff] reserved
[    0.000000] BIOS-e820: [mem 0x000000004be9a000-0x000000004cdfffff] usable
[    0.000000] BIOS-e820: [mem 0x000000004ce00000-0x000000004cffffff] reserved
[    0.000000] BIOS-e820: [mem 0x000000004d000000-0x000000005eefdfff] usable
[    0.000000] BIOS-e820: [mem 0x000000005eefe000-0x000000006e3fefff] reserved
[    0.000000] BIOS-e820: [mem 0x000000006e3ff000-0x000000006f3fefff] ACPI NVS
[    0.000000] BIOS-e820: [mem 0x000000006f3ff000-0x000000006f7fefff] ACPI data
[    0.000000] BIOS-e820: [mem 0x000000006f7ff000-0x000000006f7fffff] usable
[    0.000000] BIOS-e820: [mem 0x000000006f800000-0x000000008fffffff] reserved
[    0.000000] BIOS-e820: [mem 0x00000000fe000000-0x00000000fe010fff] reserved
[    0.000000] BIOS-e820: [mem 0x0000000100000000-0x000000207fffffff] usable
[    0.000000] BIOS-e820: [mem 0x0000002080000000-0x0000011c7fffffff] persistent (type 7)
[    0.000000] BIOS-e820: [mem 0x00001ffc00000000-0x00001fffffffffff] reserved
[    0.000000] NX (Execute Disable) protection: active
[    0.000000] e820: update [mem 0x47c75020-0x47c7d05f] usable ==> usable
[    0.000000] e820: update [mem 0x47c75020-0x47c7d05f] usable ==> usable
[    0.000000] e820: update [mem 0x47c42020-0x47c74c5f] usable ==> usable
[    0.000000] e820: update [mem 0x47c42020-0x47c74c5f] usable ==> usable
[    0.000000] e820: update [mem 0x47c0f020-0x47c41c5f] usable ==> usable
[    0.000000] e820: update [mem 0x47c0f020-0x47c41c5f] usable ==> usable
[    0.000000] e820: update [mem 0x47bdd020-0x47c0ea5f] usable ==> usable
[    0.000000] e820: update [mem 0x47bdd020-0x47c0ea5f] usable ==> usable
[    0.000000] extended physical RAM map:
[    0.000000] reserve setup_data: [mem 0x0000000000000000-0x000000000008efff] usable
[    0.000000] reserve setup_data: [mem 0x000000000008f000-0x000000000008ffff] reserved
[    0.000000] reserve setup_data: [mem 0x0000000000090000-0x000000000009ffff] usable
[    0.000000] reserve setup_data: [mem 0x00000000000a0000-0x00000000000fffff] reserved
[    0.000000] reserve setup_data: [mem 0x0000000000100000-0x0000000047bdd01f] usable
[    0.000000] reserve setup_data: [mem 0x0000000047bdd020-0x0000000047c0ea5f] usable
[    0.000000] reserve setup_data: [mem 0x0000000047c0ea60-0x0000000047c0f01f] usable
[    0.000000] reserve setup_data: [mem 0x0000000047c0f020-0x0000000047c41c5f] usable
[    0.000000] reserve setup_data: [mem 0x0000000047c41c60-0x0000000047c4201f] usable
[    0.000000] reserve setup_data: [mem 0x0000000047c42020-0x0000000047c74c5f] usable
[    0.000000] reserve setup_data: [mem 0x0000000047c74c60-0x0000000047c7501f] usable
[    0.000000] reserve setup_data: [mem 0x0000000047c75020-0x0000000047c7d05f] usable
[    0.000000] reserve setup_data: [mem 0x0000000047c7d060-0x0000000049e76fff] usable
[    0.000000] reserve setup_data: [mem 0x0000000049e77000-0x000000004ae76fff] ACPI NVS
[    0.000000] reserve setup_data: [mem 0x000000004ae77000-0x000000004b2cefff] usable
[    0.000000] reserve setup_data: [mem 0x000000004b2cf000-0x000000004b54dfff] ACPI data
[    0.000000] reserve setup_data: [mem 0x000000004b54e000-0x000000004bd93fff] usable
[    0.000000] reserve setup_data: [mem 0x000000004bd94000-0x000000004be99fff] reserved
[    0.000000] reserve setup_data: [mem 0x000000004be9a000-0x000000004cdfffff] usable
[    0.000000] reserve setup_data: [mem 0x000000004ce00000-0x000000004cffffff] reserved
[    0.000000] reserve setup_data: [mem 0x000000004d000000-0x000000005eefdfff] usable
[    0.000000] reserve setup_data: [mem 0x000000005eefe000-0x000000006e3fefff] reserved
[    0.000000] reserve setup_data: [mem 0x000000006e3ff000-0x000000006f3fefff] ACPI NVS
[    0.000000] reserve setup_data: [mem 0x000000006f3ff000-0x000000006f7fefff] ACPI data
[    0.000000] reserve setup_data: [mem 0x000000006f7ff000-0x000000006f7fffff] usable
[    0.000000] reserve setup_data: [mem 0x000000006f800000-0x000000008fffffff] reserved
[    0.000000] reserve setup_data: [mem 0x00000000fe000000-0x00000000fe010fff] reserved
[    0.000000] reserve setup_data: [mem 0x0000000100000000-0x0000000bf6cfffff] persistent (type 12)
[    0.000000] reserve setup_data: [mem 0x0000000bf6d00000-0x0000000fffffffff] usable
[    0.000000] reserve setup_data: [mem 0x0000001000000000-0x0000001ebfffffff] persistent (type 12)
[    0.000000] reserve setup_data: [mem 0x0000001ec0000000-0x000000207fffffff] usable
[    0.000000] reserve setup_data: [mem 0x0000002080000000-0x0000011c7fffffff] persistent (type 7)
[    0.000000] reserve setup_data: [mem 0x00001ffc00000000-0x00001fffffffffff] reserved
[    0.000000] user-defined physical RAM map:
[    0.000000] user: [mem 0x0000000000000000-0x000000000008efff] usable
[    0.000000] user: [mem 0x000000000008f000-0x000000000008ffff] reserved
[    0.000000] user: [mem 0x0000000000090000-0x000000000009ffff] usable
[    0.000000] user: [mem 0x00000000000a0000-0x00000000000fffff] reserved
[    0.000000] user: [mem 0x0000000000100000-0x0000000047bdd01f] usable
[    0.000000] user: [mem 0x0000000047bdd020-0x0000000047c0ea5f] usable
[    0.000000] user: [mem 0x0000000047c0ea60-0x0000000047c0f01f] usable
[    0.000000] user: [mem 0x0000000047c0f020-0x0000000047c41c5f] usable
[    0.000000] user: [mem 0x0000000047c41c60-0x0000000047c4201f] usable
[    0.000000] user: [mem 0x0000000047c42020-0x0000000047c74c5f] usable
[    0.000000] user: [mem 0x0000000047c74c60-0x0000000047c7501f] usable
[    0.000000] user: [mem 0x0000000047c75020-0x0000000047c7d05f] usable
[    0.000000] user: [mem 0x0000000047c7d060-0x0000000049e76fff] usable
[    0.000000] user: [mem 0x0000000049e77000-0x000000004ae76fff] ACPI NVS
[    0.000000] user: [mem 0x000000004ae77000-0x000000004b2cefff] usable
[    0.000000] user: [mem 0x000000004b2cf000-0x000000004b54dfff] ACPI data
[    0.000000] user: [mem 0x000000004b54e000-0x000000004bd93fff] usable
[    0.000000] user: [mem 0x000000004bd94000-0x000000004be99fff] reserved
[    0.000000] user: [mem 0x000000004be9a000-0x000000004cdfffff] usable
[    0.000000] user: [mem 0x000000004ce00000-0x000000004cffffff] reserved
[    0.000000] user: [mem 0x000000004d000000-0x000000005eefdfff] usable
[    0.000000] user: [mem 0x000000005eefe000-0x000000006e3fefff] reserved
[    0.000000] user: [mem 0x000000006e3ff000-0x000000006f3fefff] ACPI NVS
[    0.000000] user: [mem 0x000000006f3ff000-0x000000006f7fefff] ACPI data
[    0.000000] user: [mem 0x000000006f7ff000-0x000000006f7fffff] usable
[    0.000000] user: [mem 0x000000006f800000-0x000000008fffffff] reserved
[    0.000000] user: [mem 0x00000000fe000000-0x00000000fe010fff] reserved
[    0.000000] user: [mem 0x0000000100000000-0x0000000bf6cfffff] persistent (type 12)
[    0.000000] user: [mem 0x0000000bf6d00000-0x0000000fffffffff] usable
[    0.000000] user: [mem 0x0000001000000000-0x0000001ebfffffff] persistent (type 12)
[    0.000000] user: [mem 0x0000001ec0000000-0x000000207fffffff] usable
[    0.000000] user: [mem 0x0000002080000000-0x0000011c7fffffff] persistent (type 7)
[    0.000000] user: [mem 0x00001ffc00000000-0x00001fffffffffff] reserved
[    0.000000] efi: EFI v2.70 by Dell Inc.
[    0.000000] efi:  ACPI=0x6f7fe000  ACPI 2.0=0x6f7fe014  MEMATTR=0x5a1f8020  SMBIOS=0x69526000  SMBIOS 3.0=0x69524000 
[    0.000000] SMBIOS 3.3.0 present.
[    0.000000] DMI: Dell Inc. PowerEdge R750/0K8F35, BIOS 1.10.2 03/03/2023
[    0.000000] tsc: Detected 2000.000 MHz processor
[    0.000009] e820: update [mem 0x00000000-0x00000fff] usable ==> reserved
[    0.000010] e820: remove [mem 0x000a0000-0x000fffff] usable
[    0.000018] last_pfn = 0x2080000 max_arch_pfn = 0x400000000
[    0.000021] MTRR default type: uncachable
[    0.000021] MTRR fixed ranges enabled:
[    0.000022]   00000-9FFFF write-back
[    0.000023]   A0000-BFFFF uncachable
[    0.000024]   C0000-FFFFF write-protect
[    0.000024] MTRR variable ranges enabled:
[    0.000026]   0 base 000000000000 mask 3E0000000000 write-back
[    0.000027]   1 base 000080000000 mask 3FFF80000000 uncachable
[    0.000027]   2 base 00007F000000 mask 3FFFFF000000 uncachable
[    0.000028]   3 disabled
[    0.000028]   4 disabled
[    0.000029]   5 disabled
[    0.000029]   6 disabled
[    0.000029]   7 disabled
[    0.000030]   8 disabled
[    0.000030]   9 disabled
[    0.000785] x86/PAT: Configuration [0-7]: WB  WC  UC- UC  WB  WP  UC- WT  
[    0.001839] total RAM covered: 2095088M
[    0.001924]  gran_size: 64K 	chunk_size: 64K 	num_reg: 10  	lose cover RAM: 2016G
[    0.001925]  gran_size: 64K 	chunk_size: 128K 	num_reg: 10  	lose cover RAM: 2016G
[    0.001926]  gran_size: 64K 	chunk_size: 256K 	num_reg: 10  	lose cover RAM: 2016G
[    0.001927]  gran_size: 64K 	chunk_size: 512K 	num_reg: 10  	lose cover RAM: 2016G
[    0.001927]  gran_size: 64K 	chunk_size: 1M 	num_reg: 10  	lose cover RAM: 2016G
[    0.001928]  gran_size: 64K 	chunk_size: 2M 	num_reg: 10  	lose cover RAM: 2016G
[    0.001929]  gran_size: 64K 	chunk_size: 4M 	num_reg: 10  	lose cover RAM: 2016G
[    0.001929]  gran_size: 64K 	chunk_size: 8M 	num_reg: 10  	lose cover RAM: 2016G
[    0.001930]  gran_size: 64K 	chunk_size: 16M 	num_reg: 10  	lose cover RAM: 2016G
[    0.001931]  gran_size: 64K 	chunk_size: 32M 	num_reg: 10  	lose cover RAM: 1024G
[    0.001931]  gran_size: 64K 	chunk_size: 64M 	num_reg: 10  	lose cover RAM: 1024G
[    0.001932]  gran_size: 64K 	chunk_size: 128M 	num_reg: 10  	lose cover RAM: 1024G
[    0.001933]  gran_size: 64K 	chunk_size: 256M 	num_reg: 10  	lose cover RAM: 1024G
[    0.001933]  gran_size: 64K 	chunk_size: 512M 	num_reg: 10  	lose cover RAM: 1024G
[    0.001934]  gran_size: 64K 	chunk_size: 1G 	num_reg: 10  	lose cover RAM: 1024G
[    0.001935]  gran_size: 64K 	chunk_size: 2G 	num_reg: 10  	lose cover RAM: 1024G
[    0.001935]  gran_size: 128K 	chunk_size: 128K 	num_reg: 10  	lose cover RAM: 2016G
[    0.001936]  gran_size: 128K 	chunk_size: 256K 	num_reg: 10  	lose cover RAM: 2016G
[    0.001937]  gran_size: 128K 	chunk_size: 512K 	num_reg: 10  	lose cover RAM: 2016G
[    0.001937]  gran_size: 128K 	chunk_size: 1M 	num_reg: 10  	lose cover RAM: 2016G
[    0.001938]  gran_size: 128K 	chunk_size: 2M 	num_reg: 10  	lose cover RAM: 2016G
[    0.001939]  gran_size: 128K 	chunk_size: 4M 	num_reg: 10  	lose cover RAM: 2016G
[    0.001939]  gran_size: 128K 	chunk_size: 8M 	num_reg: 10  	lose cover RAM: 2016G
[    0.001940]  gran_size: 128K 	chunk_size: 16M 	num_reg: 10  	lose cover RAM: 2016G
[    0.001941]  gran_size: 128K 	chunk_size: 32M 	num_reg: 10  	lose cover RAM: 1024G
[    0.001941]  gran_size: 128K 	chunk_size: 64M 	num_reg: 10  	lose cover RAM: 1024G
[    0.001942]  gran_size: 128K 	chunk_size: 128M 	num_reg: 10  	lose cover RAM: 1024G
[    0.001943]  gran_size: 128K 	chunk_size: 256M 	num_reg: 10  	lose cover RAM: 1024G
[    0.001943]  gran_size: 128K 	chunk_size: 512M 	num_reg: 10  	lose cover RAM: 1024G
[    0.001944]  gran_size: 128K 	chunk_size: 1G 	num_reg: 10  	lose cover RAM: 1024G
[    0.001945]  gran_size: 128K 	chunk_size: 2G 	num_reg: 10  	lose cover RAM: 1024G
[    0.001945]  gran_size: 256K 	chunk_size: 256K 	num_reg: 10  	lose cover RAM: 2016G
[    0.001946]  gran_size: 256K 	chunk_size: 512K 	num_reg: 10  	lose cover RAM: 2016G
[    0.001947]  gran_size: 256K 	chunk_size: 1M 	num_reg: 10  	lose cover RAM: 2016G
[    0.001947]  gran_size: 256K 	chunk_size: 2M 	num_reg: 10  	lose cover RAM: 2016G
[    0.001948]  gran_size: 256K 	chunk_size: 4M 	num_reg: 10  	lose cover RAM: 2016G
[    0.001949]  gran_size: 256K 	chunk_size: 8M 	num_reg: 10  	lose cover RAM: 2016G
[    0.001949]  gran_size: 256K 	chunk_size: 16M 	num_reg: 10  	lose cover RAM: 2016G
[    0.001950]  gran_size: 256K 	chunk_size: 32M 	num_reg: 10  	lose cover RAM: 1024G
[    0.001951]  gran_size: 256K 	chunk_size: 64M 	num_reg: 10  	lose cover RAM: 1024G
[    0.001951]  gran_size: 256K 	chunk_size: 128M 	num_reg: 10  	lose cover RAM: 1024G
[    0.001952]  gran_size: 256K 	chunk_size: 256M 	num_reg: 10  	lose cover RAM: 1024G
[    0.001953]  gran_size: 256K 	chunk_size: 512M 	num_reg: 10  	lose cover RAM: 1024G
[    0.001954]  gran_size: 256K 	chunk_size: 1G 	num_reg: 10  	lose cover RAM: 1024G
[    0.001954]  gran_size: 256K 	chunk_size: 2G 	num_reg: 10  	lose cover RAM: 1024G
[    0.001955]  gran_size: 512K 	chunk_size: 512K 	num_reg: 10  	lose cover RAM: 2016G
[    0.001956]  gran_size: 512K 	chunk_size: 1M 	num_reg: 10  	lose cover RAM: 2016G
[    0.001956]  gran_size: 512K 	chunk_size: 2M 	num_reg: 10  	lose cover RAM: 2016G
[    0.001957]  gran_size: 512K 	chunk_size: 4M 	num_reg: 10  	lose cover RAM: 2016G
[    0.001957]  gran_size: 512K 	chunk_size: 8M 	num_reg: 10  	lose cover RAM: 2016G
[    0.001958]  gran_size: 512K 	chunk_size: 16M 	num_reg: 10  	lose cover RAM: 2016G
[    0.001959]  gran_size: 512K 	chunk_size: 32M 	num_reg: 10  	lose cover RAM: 1024G
[    0.001959]  gran_size: 512K 	chunk_size: 64M 	num_reg: 10  	lose cover RAM: 1024G
[    0.001960]  gran_size: 512K 	chunk_size: 128M 	num_reg: 10  	lose cover RAM: 1024G
[    0.001961]  gran_size: 512K 	chunk_size: 256M 	num_reg: 10  	lose cover RAM: 1024G
[    0.001961]  gran_size: 512K 	chunk_size: 512M 	num_reg: 10  	lose cover RAM: 1024G
[    0.001962]  gran_size: 512K 	chunk_size: 1G 	num_reg: 10  	lose cover RAM: 1024G
[    0.001963]  gran_size: 512K 	chunk_size: 2G 	num_reg: 10  	lose cover RAM: 1024G
[    0.001964]  gran_size: 1M 	chunk_size: 1M 	num_reg: 10  	lose cover RAM: 2016G
[    0.001964]  gran_size: 1M 	chunk_size: 2M 	num_reg: 10  	lose cover RAM: 2016G
[    0.001965]  gran_size: 1M 	chunk_size: 4M 	num_reg: 10  	lose cover RAM: 2016G
[    0.001966]  gran_size: 1M 	chunk_size: 8M 	num_reg: 10  	lose cover RAM: 2016G
[    0.001966]  gran_size: 1M 	chunk_size: 16M 	num_reg: 10  	lose cover RAM: 2016G
[    0.001967]  gran_size: 1M 	chunk_size: 32M 	num_reg: 10  	lose cover RAM: 1024G
[    0.001968]  gran_size: 1M 	chunk_size: 64M 	num_reg: 10  	lose cover RAM: 1024G
[    0.001968]  gran_size: 1M 	chunk_size: 128M 	num_reg: 10  	lose cover RAM: 1024G
[    0.001969]  gran_size: 1M 	chunk_size: 256M 	num_reg: 10  	lose cover RAM: 1024G
[    0.001970]  gran_size: 1M 	chunk_size: 512M 	num_reg: 10  	lose cover RAM: 1024G
[    0.001970]  gran_size: 1M 	chunk_size: 1G 	num_reg: 10  	lose cover RAM: 1024G
[    0.001971]  gran_size: 1M 	chunk_size: 2G 	num_reg: 10  	lose cover RAM: 1024G
[    0.001972]  gran_size: 2M 	chunk_size: 2M 	num_reg: 10  	lose cover RAM: 2016G
[    0.001972]  gran_size: 2M 	chunk_size: 4M 	num_reg: 10  	lose cover RAM: 2016G
[    0.001973]  gran_size: 2M 	chunk_size: 8M 	num_reg: 10  	lose cover RAM: 2016G
[    0.001974]  gran_size: 2M 	chunk_size: 16M 	num_reg: 10  	lose cover RAM: 2016G
[    0.001974]  gran_size: 2M 	chunk_size: 32M 	num_reg: 10  	lose cover RAM: 1024G
[    0.001975]  gran_size: 2M 	chunk_size: 64M 	num_reg: 10  	lose cover RAM: 1024G
[    0.001976]  gran_size: 2M 	chunk_size: 128M 	num_reg: 10  	lose cover RAM: 1024G
[    0.001976]  gran_size: 2M 	chunk_size: 256M 	num_reg: 10  	lose cover RAM: 1024G
[    0.001977]  gran_size: 2M 	chunk_size: 512M 	num_reg: 10  	lose cover RAM: 1024G
[    0.001978]  gran_size: 2M 	chunk_size: 1G 	num_reg: 10  	lose cover RAM: 1024G
[    0.001978]  gran_size: 2M 	chunk_size: 2G 	num_reg: 10  	lose cover RAM: 1024G
[    0.001979]  gran_size: 4M 	chunk_size: 4M 	num_reg: 10  	lose cover RAM: 2016G
[    0.001980]  gran_size: 4M 	chunk_size: 8M 	num_reg: 10  	lose cover RAM: 2016G
[    0.001980]  gran_size: 4M 	chunk_size: 16M 	num_reg: 10  	lose cover RAM: 2016G
[    0.001981]  gran_size: 4M 	chunk_size: 32M 	num_reg: 10  	lose cover RAM: 1024G
[    0.001982]  gran_size: 4M 	chunk_size: 64M 	num_reg: 10  	lose cover RAM: 1024G
[    0.001982]  gran_size: 4M 	chunk_size: 128M 	num_reg: 10  	lose cover RAM: 1024G
[    0.001983]  gran_size: 4M 	chunk_size: 256M 	num_reg: 10  	lose cover RAM: 1024G
[    0.001984]  gran_size: 4M 	chunk_size: 512M 	num_reg: 10  	lose cover RAM: 1024G
[    0.001984]  gran_size: 4M 	chunk_size: 1G 	num_reg: 10  	lose cover RAM: 1024G
[    0.001985]  gran_size: 4M 	chunk_size: 2G 	num_reg: 10  	lose cover RAM: 1024G
[    0.001986]  gran_size: 8M 	chunk_size: 8M 	num_reg: 10  	lose cover RAM: 2016G
[    0.001986]  gran_size: 8M 	chunk_size: 16M 	num_reg: 10  	lose cover RAM: 2016G
[    0.001987]  gran_size: 8M 	chunk_size: 32M 	num_reg: 10  	lose cover RAM: 1024G
[    0.001988]  gran_size: 8M 	chunk_size: 64M 	num_reg: 10  	lose cover RAM: 1024G
[    0.001988]  gran_size: 8M 	chunk_size: 128M 	num_reg: 10  	lose cover RAM: 1024G
[    0.001989]  gran_size: 8M 	chunk_size: 256M 	num_reg: 10  	lose cover RAM: 1024G
[    0.001990]  gran_size: 8M 	chunk_size: 512M 	num_reg: 10  	lose cover RAM: 1024G
[    0.001990]  gran_size: 8M 	chunk_size: 1G 	num_reg: 10  	lose cover RAM: 1024G
[    0.001991]  gran_size: 8M 	chunk_size: 2G 	num_reg: 10  	lose cover RAM: 1024G
[    0.001992]  gran_size: 16M 	chunk_size: 16M 	num_reg: 10  	lose cover RAM: 2016G
[    0.001992]  gran_size: 16M 	chunk_size: 32M 	num_reg: 10  	lose cover RAM: 1024G
[    0.001993]  gran_size: 16M 	chunk_size: 64M 	num_reg: 10  	lose cover RAM: 1024G
[    0.001994]  gran_size: 16M 	chunk_size: 128M 	num_reg: 10  	lose cover RAM: 1024G
[    0.001994]  gran_size: 16M 	chunk_size: 256M 	num_reg: 10  	lose cover RAM: 1024G
[    0.001995]  gran_size: 16M 	chunk_size: 512M 	num_reg: 10  	lose cover RAM: 1024G
[    0.001996]  gran_size: 16M 	chunk_size: 1G 	num_reg: 10  	lose cover RAM: 1024G
[    0.001996]  gran_size: 16M 	chunk_size: 2G 	num_reg: 10  	lose cover RAM: 1024G
[    0.001997]  gran_size: 32M 	chunk_size: 32M 	num_reg: 10  	lose cover RAM: 2031632M
[    0.001998]  gran_size: 32M 	chunk_size: 64M 	num_reg: 10  	lose cover RAM: 1048592M
[    0.001999]  gran_size: 32M 	chunk_size: 128M 	num_reg: 10  	lose cover RAM: 1048592M
[    0.001999]  gran_size: 32M 	chunk_size: 256M 	num_reg: 10  	lose cover RAM: 1048592M
[    0.002000]  gran_size: 32M 	chunk_size: 512M 	num_reg: 10  	lose cover RAM: 1048592M
[    0.002001]  gran_size: 32M 	chunk_size: 1G 	num_reg: 10  	lose cover RAM: 1048592M
[    0.002001]  gran_size: 32M 	chunk_size: 2G 	num_reg: 10  	lose cover RAM: 1048592M
[    0.002002]  gran_size: 64M 	chunk_size: 64M 	num_reg: 10  	lose cover RAM: 1966128M
[    0.002003]  gran_size: 64M 	chunk_size: 128M 	num_reg: 10  	lose cover RAM: 1048624M
[    0.002003]  gran_size: 64M 	chunk_size: 256M 	num_reg: 10  	lose cover RAM: 1048624M
[    0.002004]  gran_size: 64M 	chunk_size: 512M 	num_reg: 10  	lose cover RAM: 1048624M
[    0.002005]  gran_size: 64M 	chunk_size: 1G 	num_reg: 10  	lose cover RAM: 1048624M
[    0.002005]  gran_size: 64M 	chunk_size: 2G 	num_reg: 10  	lose cover RAM: 1048624M
[    0.002006]  gran_size: 128M 	chunk_size: 128M 	num_reg: 10  	lose cover RAM: 1835120M
[    0.002007]  gran_size: 128M 	chunk_size: 256M 	num_reg: 10  	lose cover RAM: 1048688M
[    0.002007]  gran_size: 128M 	chunk_size: 512M 	num_reg: 10  	lose cover RAM: 1048688M
[    0.002008]  gran_size: 128M 	chunk_size: 1G 	num_reg: 10  	lose cover RAM: 1048688M
[    0.002009]  gran_size: 128M 	chunk_size: 2G 	num_reg: 10  	lose cover RAM: 1048688M
[    0.002010]  gran_size: 256M 	chunk_size: 256M 	num_reg: 10  	lose cover RAM: 1573104M
[    0.002010]  gran_size: 256M 	chunk_size: 512M 	num_reg: 10  	lose cover RAM: 1048816M
[    0.002011]  gran_size: 256M 	chunk_size: 1G 	num_reg: 10  	lose cover RAM: 1048816M
[    0.002012]  gran_size: 256M 	chunk_size: 2G 	num_reg: 10  	lose cover RAM: 1048816M
[    0.002012]  gran_size: 512M 	chunk_size: 512M 	num_reg: 10  	lose cover RAM: 1049072M
[    0.002013]  gran_size: 512M 	chunk_size: 1G 	num_reg: 10  	lose cover RAM: 1049072M
[    0.002014]  gran_size: 512M 	chunk_size: 2G 	num_reg: 10  	lose cover RAM: 1049072M
[    0.002014]  gran_size: 1G 	chunk_size: 1G 	num_reg: 10  	lose cover RAM: 1008M
[    0.002015]  gran_size: 1G 	chunk_size: 2G 	num_reg: 10  	lose cover RAM: 1008M
[    0.002016]  gran_size: 2G 	chunk_size: 2G 	num_reg: 9  	lose cover RAM: 2032M
[    0.002016] mtrr_cleanup: can not find optimal value
[    0.002017] please specify mtrr_gran_size/mtrr_chunk_size
[    0.002019] e820: update [mem 0x7f000000-0xffffffff] usable ==> reserved
[    0.002021] x2apic: enabled by BIOS, switching to x2apic ops
[    0.002022] last_pfn = 0x6f800 max_arch_pfn = 0x400000000
[    0.013427] check: Scanning 1 areas for low memory corruption
[    0.013431] Using GB pages for direct mapping
[    0.013433] BRK [0xd57801000, 0xd57801fff] PGTABLE
[    0.013434] BRK [0xd57802000, 0xd57802fff] PGTABLE
[    0.013435] BRK [0xd57803000, 0xd57803fff] PGTABLE
[    0.013493] BRK [0xd57804000, 0xd57804fff] PGTABLE
[    0.013675] BRK [0xd57805000, 0xd57805fff] PGTABLE
[    0.013754] BRK [0xd57806000, 0xd57806fff] PGTABLE
[    0.013880] BRK [0xd57807000, 0xd57807fff] PGTABLE
[    0.014034] BRK [0xd57808000, 0xd57808fff] PGTABLE
[    0.014149] BRK [0xd57809000, 0xd57809fff] PGTABLE
[    0.014302] BRK [0xd5780a000, 0xd5780afff] PGTABLE
[    0.014396] BRK [0xd5780b000, 0xd5780bfff] PGTABLE
[    0.014625] BRK [0xd5780c000, 0xd5780cfff] PGTABLE
[    0.014964] Secure boot disabled
[    0.014965] RAMDISK: [mem 0x2065920000-0x207fffffff]
[    0.014971] ACPI: Early table checksum verification disabled
[    0.014973] ACPI: RSDP 0x000000006F7FE014 000024 (v02 DELL  )
[    0.014976] ACPI: XSDT 0x000000006F41C188 0000F4 (v01 DELL   PE_SC3   00000000 DELL 01000013)
[    0.014981] ACPI: FACP 0x000000006F430000 000114 (v06 DELL   PE_SC3   00000000 DELL 00000001)
[    0.014985] ACPI: DSDT 0x000000004B4CE000 07FAD3 (v02 DELL   PE_SC3   00000003 DELL 00000001)
[    0.014988] ACPI: FACS 0x000000006F2F2000 000040
[    0.014990] ACPI: SSDT 0x000000006F7FB000 00159A (v02 INTEL  RAS_ACPI 00000001 INTL 20210331)
[    0.014993] ACPI: SSDT 0x000000006F7FA000 000745 (v02 INTEL  ADDRXLAT 00000001 INTL 20210331)
[    0.014996] ACPI: MCEJ 0x000000006F7F9000 000130 (v01 INTEL           00000001 INTL 0100000D)
[    0.014999] ACPI: BERT 0x000000006F7F8000 000030 (v01 DELL   PE_SC3   00000001 INTL 00000001)
[    0.015001] ACPI: ERST 0x000000006F7F7000 000230 (v01 DELL   PE_SC3   00000001 INTL 00000001)
[    0.015004] ACPI: SSDT 0x000000006F431000 3C524E (v02 INTEL  SSDTNVDR 00001000 INTL 20210331)
[    0.015007] ACPI: HMAT 0x000000006F42F000 000210 (v01 DELL   PE_SC3   00000001 DELL 00000001)
[    0.015009] ACPI: HPET 0x000000006F42E000 000038 (v01 DELL   PE_SC3   00000001 DELL 00000001)
[    0.015012] ACPI: MCFG 0x000000006F42D000 00003C (v01 DELL   PE_SC3   00000001 DELL 00000001)
[    0.015014] ACPI: MIGT 0x000000006F42C000 000040 (v01 DELL   PE_SC3   00000000 DELL 00000001)
[    0.015017] ACPI: MSCT 0x000000006F42B000 000090 (v01 DELL   PE_SC3   00000001 DELL 00000001)
[    0.015019] ACPI: PMTT 0x000000006F429000 0011E8 (v02 DELL   PE_SC3   00000001 DELL 00000001)
[    0.015022] ACPI: WSMT 0x000000006F428000 000028 (v01 DELL   PE_SC3   00000000 DELL 00000001)
[    0.015024] ACPI: APIC 0x000000006F427000 00075E (v04 DELL   PE_SC3   00000000 DELL 00000001)
[    0.015027] ACPI: SLIT 0x000000006F426000 00003C (v01 DELL   PE_SC3   00000001 DELL 01000013)
[    0.015030] ACPI: SRAT 0x000000006F41F000 006430 (v03 DELL   PE_SC3   00000002 DELL 01000013)
[    0.015032] ACPI: OEM4 0x000000004B346000 187A61 (v02 INTEL  CPU  CST 00003000 INTL 20210331)
[    0.015035] ACPI: SSDT 0x000000004B2CF000 0764A5 (v02 INTEL  SSDT  PM 00004000 INTL 20210331)
[    0.015037] ACPI: SSDT 0x000000006F41E000 000A1F (v02 DELL   PE_SC3   00000000 DELL 00000001)
[    0.015040] ACPI: HEST 0x000000006F41D000 00017C (v01 DELL   PE_SC3   00000001 INTL 00000001)
[    0.015042] ACPI: PCAT 0x000000006F41B000 00010C (v19 DELL   PE_SC3   00000002 DELL 00000001)
[    0.015045] ACPI: SSDT 0x000000006F413000 007299 (v02 INTEL  SpsNm    00000002 INTL 20210331)
[    0.015047] ACPI: SSDT 0x000000006F412000 000426 (v02 DELL   PE_SC3   00000002 DELL 00000001)
[    0.015050] ACPI: NFIT 0x000000006F7FD000 000488 (v01 DELL   PE_SC3   00000002 DELL 00000001)
[    0.015053] ACPI: DMAR 0x000000006F411000 000158 (v01 DELL   PE_SC3   00000001 DELL 00000001)
[    0.015060] ACPI: Local APIC address 0xfee00000
[    0.015061] Setting APIC routing to cluster x2apic.
[    0.015107] SRAT: PXM 0 -> APIC 0x0000 -> Node 0
[    0.015108] SRAT: PXM 0 -> APIC 0x0001 -> Node 0
[    0.015108] SRAT: PXM 0 -> APIC 0x0002 -> Node 0
[    0.015108] SRAT: PXM 0 -> APIC 0x0003 -> Node 0
[    0.015109] SRAT: PXM 0 -> APIC 0x0004 -> Node 0
[    0.015109] SRAT: PXM 0 -> APIC 0x0005 -> Node 0
[    0.015110] SRAT: PXM 0 -> APIC 0x0006 -> Node 0
[    0.015110] SRAT: PXM 0 -> APIC 0x0007 -> Node 0
[    0.015111] SRAT: PXM 0 -> APIC 0x0008 -> Node 0
[    0.015111] SRAT: PXM 0 -> APIC 0x0009 -> Node 0
[    0.015111] SRAT: PXM 0 -> APIC 0x000a -> Node 0
[    0.015112] SRAT: PXM 0 -> APIC 0x000b -> Node 0
[    0.015112] SRAT: PXM 0 -> APIC 0x000c -> Node 0
[    0.015113] SRAT: PXM 0 -> APIC 0x000d -> Node 0
[    0.015113] SRAT: PXM 0 -> APIC 0x000e -> Node 0
[    0.015113] SRAT: PXM 0 -> APIC 0x000f -> Node 0
[    0.015114] SRAT: PXM 0 -> APIC 0x0010 -> Node 0
[    0.015114] SRAT: PXM 0 -> APIC 0x0011 -> Node 0
[    0.015115] SRAT: PXM 0 -> APIC 0x0012 -> Node 0
[    0.015115] SRAT: PXM 0 -> APIC 0x0013 -> Node 0
[    0.015116] SRAT: PXM 0 -> APIC 0x0014 -> Node 0
[    0.015116] SRAT: PXM 0 -> APIC 0x0015 -> Node 0
[    0.015116] SRAT: PXM 0 -> APIC 0x0016 -> Node 0
[    0.015117] SRAT: PXM 0 -> APIC 0x0017 -> Node 0
[    0.015117] SRAT: PXM 0 -> APIC 0x0018 -> Node 0
[    0.015118] SRAT: PXM 0 -> APIC 0x0019 -> Node 0
[    0.015118] SRAT: PXM 0 -> APIC 0x001a -> Node 0
[    0.015119] SRAT: PXM 0 -> APIC 0x001b -> Node 0
[    0.015119] SRAT: PXM 0 -> APIC 0x001c -> Node 0
[    0.015119] SRAT: PXM 0 -> APIC 0x001d -> Node 0
[    0.015120] SRAT: PXM 0 -> APIC 0x001e -> Node 0
[    0.015120] SRAT: PXM 0 -> APIC 0x001f -> Node 0
[    0.015121] SRAT: PXM 0 -> APIC 0x0020 -> Node 0
[    0.015121] SRAT: PXM 0 -> APIC 0x0021 -> Node 0
[    0.015121] SRAT: PXM 0 -> APIC 0x0022 -> Node 0
[    0.015122] SRAT: PXM 0 -> APIC 0x0023 -> Node 0
[    0.015122] SRAT: PXM 0 -> APIC 0x0024 -> Node 0
[    0.015123] SRAT: PXM 0 -> APIC 0x0025 -> Node 0
[    0.015123] SRAT: PXM 0 -> APIC 0x0026 -> Node 0
[    0.015124] SRAT: PXM 0 -> APIC 0x0027 -> Node 0
[    0.015124] SRAT: PXM 0 -> APIC 0x0028 -> Node 0
[    0.015124] SRAT: PXM 0 -> APIC 0x0029 -> Node 0
[    0.015125] SRAT: PXM 0 -> APIC 0x002a -> Node 0
[    0.015125] SRAT: PXM 0 -> APIC 0x002b -> Node 0
[    0.015126] SRAT: PXM 0 -> APIC 0x002c -> Node 0
[    0.015126] SRAT: PXM 0 -> APIC 0x002d -> Node 0
[    0.015126] SRAT: PXM 0 -> APIC 0x002e -> Node 0
[    0.015127] SRAT: PXM 0 -> APIC 0x002f -> Node 0
[    0.015127] SRAT: PXM 0 -> APIC 0x0030 -> Node 0
[    0.015128] SRAT: PXM 0 -> APIC 0x0031 -> Node 0
[    0.015128] SRAT: PXM 0 -> APIC 0x0032 -> Node 0
[    0.015129] SRAT: PXM 0 -> APIC 0x0033 -> Node 0
[    0.015129] SRAT: PXM 0 -> APIC 0x0034 -> Node 0
[    0.015129] SRAT: PXM 0 -> APIC 0x0035 -> Node 0
[    0.015130] SRAT: PXM 0 -> APIC 0x0036 -> Node 0
[    0.015130] SRAT: PXM 0 -> APIC 0x0037 -> Node 0
[    0.015131] SRAT: PXM 1 -> APIC 0x0080 -> Node 1
[    0.015131] SRAT: PXM 1 -> APIC 0x0081 -> Node 1
[    0.015132] SRAT: PXM 1 -> APIC 0x0082 -> Node 1
[    0.015132] SRAT: PXM 1 -> APIC 0x0083 -> Node 1
[    0.015132] SRAT: PXM 1 -> APIC 0x0084 -> Node 1
[    0.015133] SRAT: PXM 1 -> APIC 0x0085 -> Node 1
[    0.015133] SRAT: PXM 1 -> APIC 0x0086 -> Node 1
[    0.015134] SRAT: PXM 1 -> APIC 0x0087 -> Node 1
[    0.015134] SRAT: PXM 1 -> APIC 0x0088 -> Node 1
[    0.015134] SRAT: PXM 1 -> APIC 0x0089 -> Node 1
[    0.015135] SRAT: PXM 1 -> APIC 0x008a -> Node 1
[    0.015135] SRAT: PXM 1 -> APIC 0x008b -> Node 1
[    0.015136] SRAT: PXM 1 -> APIC 0x008c -> Node 1
[    0.015136] SRAT: PXM 1 -> APIC 0x008d -> Node 1
[    0.015137] SRAT: PXM 1 -> APIC 0x008e -> Node 1
[    0.015137] SRAT: PXM 1 -> APIC 0x008f -> Node 1
[    0.015137] SRAT: PXM 1 -> APIC 0x0090 -> Node 1
[    0.015138] SRAT: PXM 1 -> APIC 0x0091 -> Node 1
[    0.015138] SRAT: PXM 1 -> APIC 0x0092 -> Node 1
[    0.015139] SRAT: PXM 1 -> APIC 0x0093 -> Node 1
[    0.015139] SRAT: PXM 1 -> APIC 0x0094 -> Node 1
[    0.015139] SRAT: PXM 1 -> APIC 0x0095 -> Node 1
[    0.015140] SRAT: PXM 1 -> APIC 0x0096 -> Node 1
[    0.015140] SRAT: PXM 1 -> APIC 0x0097 -> Node 1
[    0.015141] SRAT: PXM 1 -> APIC 0x0098 -> Node 1
[    0.015141] SRAT: PXM 1 -> APIC 0x0099 -> Node 1
[    0.015142] SRAT: PXM 1 -> APIC 0x009a -> Node 1
[    0.015142] SRAT: PXM 1 -> APIC 0x009b -> Node 1
[    0.015142] SRAT: PXM 1 -> APIC 0x009c -> Node 1
[    0.015143] SRAT: PXM 1 -> APIC 0x009d -> Node 1
[    0.015143] SRAT: PXM 1 -> APIC 0x009e -> Node 1
[    0.015144] SRAT: PXM 1 -> APIC 0x009f -> Node 1
[    0.015144] SRAT: PXM 1 -> APIC 0x00a0 -> Node 1
[    0.015144] SRAT: PXM 1 -> APIC 0x00a1 -> Node 1
[    0.015145] SRAT: PXM 1 -> APIC 0x00a2 -> Node 1
[    0.015145] SRAT: PXM 1 -> APIC 0x00a3 -> Node 1
[    0.015146] SRAT: PXM 1 -> APIC 0x00a4 -> Node 1
[    0.015146] SRAT: PXM 1 -> APIC 0x00a5 -> Node 1
[    0.015146] SRAT: PXM 1 -> APIC 0x00a6 -> Node 1
[    0.015147] SRAT: PXM 1 -> APIC 0x00a7 -> Node 1
[    0.015147] SRAT: PXM 1 -> APIC 0x00a8 -> Node 1
[    0.015148] SRAT: PXM 1 -> APIC 0x00a9 -> Node 1
[    0.015148] SRAT: PXM 1 -> APIC 0x00aa -> Node 1
[    0.015149] SRAT: PXM 1 -> APIC 0x00ab -> Node 1
[    0.015149] SRAT: PXM 1 -> APIC 0x00ac -> Node 1
[    0.015149] SRAT: PXM 1 -> APIC 0x00ad -> Node 1
[    0.015150] SRAT: PXM 1 -> APIC 0x00ae -> Node 1
[    0.015150] SRAT: PXM 1 -> APIC 0x00af -> Node 1
[    0.015151] SRAT: PXM 1 -> APIC 0x00b0 -> Node 1
[    0.015151] SRAT: PXM 1 -> APIC 0x00b1 -> Node 1
[    0.015151] SRAT: PXM 1 -> APIC 0x00b2 -> Node 1
[    0.015152] SRAT: PXM 1 -> APIC 0x00b3 -> Node 1
[    0.015152] SRAT: PXM 1 -> APIC 0x00b4 -> Node 1
[    0.015153] SRAT: PXM 1 -> APIC 0x00b5 -> Node 1
[    0.015153] SRAT: PXM 1 -> APIC 0x00b6 -> Node 1
[    0.015153] SRAT: PXM 1 -> APIC 0x00b7 -> Node 1
[    0.015166] ACPI: SRAT: Node 0 PXM 0 [mem 0x00000000-0x7fffffff]
[    0.015167] ACPI: SRAT: Node 0 PXM 0 [mem 0x100000000-0x107fffffff]
[    0.015168] ACPI: SRAT: Node 2 PXM 2 [mem 0x2080000000-0x9e7fffffff] non-volatile
[    0.015168] ACPI: SRAT: Node 1 PXM 1 [mem 0x1080000000-0x207fffffff]
[    0.015169] ACPI: SRAT: Node 3 PXM 3 [mem 0x9e80000000-0x11c7fffffff] non-volatile
[    0.015178] NUMA: Initialized distance table, cnt=4
[    0.015180] NUMA: Node 0 [mem 0x00000000-0x7fffffff] + [mem 0x100000000-0x107fffffff] -> [mem 0x00000000-0x107fffffff]
[    0.015189] NODE_DATA(0) allocated [mem 0xffffd5000-0xfffffffff]
[    0.015204] NODE_DATA(1) allocated [mem 0x20658f1000-0x206591bfff]
[    0.015362] Zone ranges:
[    0.015363]   DMA      [mem 0x0000000000001000-0x0000000000ffffff]
[    0.015364]   DMA32    [mem 0x0000000001000000-0x00000000ffffffff]
[    0.015364]   Normal   [mem 0x0000000100000000-0x000000207fffffff]
[    0.015365]   Device   empty
[    0.015366] Movable zone start for each node
[    0.015369] Early memory node ranges
[    0.015370]   node   0: [mem 0x0000000000001000-0x000000000008efff]
[    0.015370]   node   0: [mem 0x0000000000090000-0x000000000009ffff]
[    0.015371]   node   0: [mem 0x0000000000100000-0x0000000049e76fff]
[    0.015371]   node   0: [mem 0x000000004ae77000-0x000000004b2cefff]
[    0.015372]   node   0: [mem 0x000000004b54e000-0x000000004bd93fff]
[    0.015372]   node   0: [mem 0x000000004be9a000-0x000000004cdfffff]
[    0.015373]   node   0: [mem 0x000000004d000000-0x000000005eefdfff]
[    0.015373]   node   0: [mem 0x000000006f7ff000-0x000000006f7fffff]
[    0.015374]   node   0: [mem 0x0000000bf6d00000-0x0000000fffffffff]
[    0.015375]   node   1: [mem 0x0000001ec0000000-0x000000207fffffff]
[    0.016034] Zeroed struct page in unavailable ranges: 70632 pages
[    0.016036] Initmem setup node 0 [mem 0x0000000000001000-0x0000000fffffffff]
[    0.016037] On node 0 totalpages: 4615192
[    0.016038]   DMA zone: 64 pages used for memmap
[    0.016038]   DMA zone: 1102 pages reserved
[    0.016039]   DMA zone: 3998 pages, LIFO batch:0
[    0.016079]   DMA32 zone: 5926 pages used for memmap
[    0.016080]   DMA32 zone: 379258 pages, LIFO batch:63
[    0.022313]   Normal zone: 66124 pages used for memmap
[    0.022314]   Normal zone: 4231936 pages, LIFO batch:63
[    0.098881] Initmem setup node 1 [mem 0x0000001ec0000000-0x000000207fffffff]
[    0.098883] On node 1 totalpages: 1835008
[    0.098884]   Normal zone: 28672 pages used for memmap
[    0.098884]   Normal zone: 1835008 pages, LIFO batch:63
[    0.119061] ACPI: PM-Timer IO Port: 0x508
[    0.119064] ACPI: Local APIC address 0xfee00000
[    0.119080] ACPI: X2APIC_NMI (uid[0xffffffff] high edge lint[0x1])
[    0.119083] ACPI: LAPIC_NMI (acpi_id[0xff] high edge lint[0x1])
[    0.119101] IOAPIC[0]: apic_id 8, version 32, address 0xfec00000, GSI 0-119
[    0.119103] ACPI: INT_SRC_OVR (bus 0 bus_irq 0 global_irq 2 dfl dfl)
[    0.119104] ACPI: INT_SRC_OVR (bus 0 bus_irq 9 global_irq 9 high level)
[    0.119105] ACPI: IRQ0 used by override.
[    0.119106] ACPI: IRQ9 used by override.
[    0.119108] Using ACPI (MADT) for SMP configuration information
[    0.119109] ACPI: HPET id: 0x8086a701 base: 0xfed00000
[    0.119113] smpboot: Allowing 112 CPUs, 0 hotplug CPUs
[    0.119138] PM: Registered nosave memory: [mem 0x00000000-0x00000fff]
[    0.119139] PM: Registered nosave memory: [mem 0x0008f000-0x0008ffff]
[    0.119141] PM: Registered nosave memory: [mem 0x000a0000-0x000fffff]
[    0.119142] PM: Registered nosave memory: [mem 0x47bdd000-0x47bddfff]
[    0.119144] PM: Registered nosave memory: [mem 0x47c0e000-0x47c0efff]
[    0.119144] PM: Registered nosave memory: [mem 0x47c0f000-0x47c0ffff]
[    0.119145] PM: Registered nosave memory: [mem 0x47c41000-0x47c41fff]
[    0.119146] PM: Registered nosave memory: [mem 0x47c42000-0x47c42fff]
[    0.119147] PM: Registered nosave memory: [mem 0x47c74000-0x47c74fff]
[    0.119148] PM: Registered nosave memory: [mem 0x47c75000-0x47c75fff]
[    0.119149] PM: Registered nosave memory: [mem 0x47c7d000-0x47c7dfff]
[    0.119150] PM: Registered nosave memory: [mem 0x49e77000-0x4ae76fff]
[    0.119152] PM: Registered nosave memory: [mem 0x4b2cf000-0x4b54dfff]
[    0.119153] PM: Registered nosave memory: [mem 0x4bd94000-0x4be99fff]
[    0.119155] PM: Registered nosave memory: [mem 0x4ce00000-0x4cffffff]
[    0.119157] PM: Registered nosave memory: [mem 0x5eefe000-0x6e3fefff]
[    0.119157] PM: Registered nosave memory: [mem 0x6e3ff000-0x6f3fefff]
[    0.119157] PM: Registered nosave memory: [mem 0x6f3ff000-0x6f7fefff]
[    0.119159] PM: Registered nosave memory: [mem 0x6f800000-0x8fffffff]
[    0.119159] PM: Registered nosave memory: [mem 0x90000000-0xfdffffff]
[    0.119160] PM: Registered nosave memory: [mem 0xfe000000-0xfe010fff]
[    0.119160] PM: Registered nosave memory: [mem 0xfe011000-0xffffffff]
[    0.119161] PM: Registered nosave memory: [mem 0x100000000-0xbf6cfffff]
[    0.119162] PM: Registered nosave memory: [mem 0x1000000000-0x1ebfffffff]
[    0.119164] [mem 0x90000000-0xfdffffff] available for PCI devices
[    0.119165] Booting paravirtualized kernel on bare hardware
[    0.119168] clocksource: refined-jiffies: mask: 0xffffffff max_cycles: 0xffffffff, max_idle_ns: 7645519600211568 ns
[    0.119174] setup_percpu: NR_CPUS:8192 nr_cpumask_bits:112 nr_cpu_ids:112 nr_node_ids:4
[    0.123724] percpu: Embedded 55 pages/cpu s188416 r8192 d28672 u262144
[    0.123734] pcpu-alloc: s188416 r8192 d28672 u262144 alloc=1*2097152
[    0.123735] pcpu-alloc: [0] 000 002 004 006 008 010 012 014 
[    0.123737] pcpu-alloc: [0] 016 018 020 022 024 026 028 030 
[    0.123739] pcpu-alloc: [0] 032 034 036 038 040 042 044 046 
[    0.123740] pcpu-alloc: [0] 048 050 052 054 056 058 060 062 
[    0.123742] pcpu-alloc: [0] 064 066 068 070 072 074 076 078 
[    0.123743] pcpu-alloc: [0] 080 082 084 086 088 090 092 094 
[    0.123744] pcpu-alloc: [0] 096 098 100 102 104 106 108 110 
[    0.123746] pcpu-alloc: [1] 001 003 005 007 009 011 013 015 
[    0.123747] pcpu-alloc: [1] 017 019 021 023 025 027 029 031 
[    0.123749] pcpu-alloc: [1] 033 035 037 039 041 043 045 047 
[    0.123750] pcpu-alloc: [1] 049 051 053 055 057 059 061 063 
[    0.123751] pcpu-alloc: [1] 065 067 069 071 073 075 077 079 
[    0.123753] pcpu-alloc: [1] 081 083 085 087 089 091 093 095 
[    0.123754] pcpu-alloc: [1] 097 099 101 103 105 107 109 111 
[    0.123796] Built 2 zonelists, mobility grouping on.  Total pages: 6348312
[    0.123797] Policy zone: Normal
[    0.123798] Kernel command line: BOOT_IMAGE=/boot/vmlinuz-5.3.1-multiclock root=UUID=ce0c24b8-724b-4f33-9b2c-618433560aef ro memmap=44909M!4096M memmap=59G!64G quiet splash nomodeset vt.handoff=1
[    0.123904] You have booted with nomodeset. This means your GPU drivers are DISABLED
[    0.123905] Any video related functionality will be severely degraded, and you may not even be able to suspend the system properly
[    0.123905] Unless you actually understand what nomodeset does, you should reboot without enabling it
[    0.123922] printk: log_buf_len individual max cpu contribution: 4096 bytes
[    0.123923] printk: log_buf_len total cpu_extra contributions: 454656 bytes
[    0.123923] printk: log_buf_len min size: 262144 bytes
[    0.124079] printk: log_buf_len: 1048576 bytes
[    0.124080] printk: early log buf free: 221788(84%)
[    0.125584] mem auto-init: stack:off, heap alloc:on, heap free:off
[    0.131644] Calgary: detecting Calgary via BIOS EBDA area
[    0.131646] Calgary: Unable to locate Rio Grande table in EBDA - bailing!
[    0.186430] Memory: 24706864K/25800800K available (14339K kernel code, 2373K rwdata, 4660K rodata, 2680K init, 5056K bss, 1093936K reserved, 0K cma-reserved)
[    0.187037] SLUB: HWalign=64, Order=0-3, MinObjects=0, CPUs=112, Nodes=4
[    0.187061] ftrace: allocating 43047 entries in 169 pages
[    0.203383] rcu: Hierarchical RCU implementation.
[    0.203384] rcu: 	RCU restricting CPUs from NR_CPUS=8192 to nr_cpu_ids=112.
[    0.203385] 	Tasks RCU enabled.
[    0.203386] rcu: RCU calculated value of scheduler-enlistment delay is 25 jiffies.
[    0.203386] rcu: Adjusting geometry for rcu_fanout_leaf=16, nr_cpu_ids=112
[    0.205982] NR_IRQS: 524544, nr_irqs: 2952, preallocated irqs: 16
[    0.206407] random: crng done (trusting CPU's manufacturer)
[    0.206579] Console: colour dummy device 80x25
[    0.206594] printk: console [tty0] enabled
[    0.206684] mempolicy: Enabling automatic NUMA balancing. Configure with numa_balancing= or the kernel.numa_balancing sysctl
[    0.206687] ACPI: Core revision 20190703
[    0.210032] clocksource: hpet: mask: 0xffffffff max_cycles: 0xffffffff, max_idle_ns: 79635855245 ns
[    0.210073] APIC: Switch to symmetric I/O mode setup
[    0.210076] DMAR: Host address width 46
[    0.210077] DMAR: DRHD base: 0x000000d0ffc000 flags: 0x0
[    0.210081] DMAR: dmar0: reg_base_addr d0ffc000 ver 4:0 cap 8ed008c40780466 ecap 60000f050df
[    0.210082] DMAR: DRHD base: 0x000000dbbfc000 flags: 0x0
[    0.210085] DMAR: dmar1: reg_base_addr dbbfc000 ver 4:0 cap 8ed008c40780466 ecap 60000f050df
[    0.210086] DMAR: DRHD base: 0x000000e67fc000 flags: 0x0
[    0.210089] DMAR: dmar2: reg_base_addr e67fc000 ver 4:0 cap 8ed008c40780466 ecap 60000f050df
[    0.210090] DMAR: DRHD base: 0x000000f13fc000 flags: 0x0
[    0.210093] DMAR: dmar3: reg_base_addr f13fc000 ver 4:0 cap 8ed008c40780466 ecap 60000f050df
[    0.210094] DMAR: DRHD base: 0x000000fb7fc000 flags: 0x0
[    0.210097] DMAR: dmar4: reg_base_addr fb7fc000 ver 4:0 cap 8ed008c40780466 ecap 60000f050df
[    0.210098] DMAR: DRHD base: 0x000000a63fc000 flags: 0x0
[    0.210100] DMAR: dmar5: reg_base_addr a63fc000 ver 4:0 cap 8ed008c40780466 ecap 60000f050df
[    0.210101] DMAR: DRHD base: 0x000000b0ffc000 flags: 0x0
[    0.210104] DMAR: dmar6: reg_base_addr b0ffc000 ver 4:0 cap 8ed008c40780466 ecap 60000f050df
[    0.210104] DMAR: DRHD base: 0x000000bbbfc000 flags: 0x0
[    0.210109] DMAR: dmar7: reg_base_addr bbbfc000 ver 4:0 cap 8ed008c40780466 ecap 60000f050df
[    0.210110] DMAR: DRHD base: 0x000000c5ffc000 flags: 0x0
[    0.210112] DMAR: dmar8: reg_base_addr c5ffc000 ver 4:0 cap 8ed008c40780466 ecap 60000f050df
[    0.210113] DMAR: DRHD base: 0x0000009b7fc000 flags: 0x1
[    0.210116] DMAR: dmar9: reg_base_addr 9b7fc000 ver 4:0 cap 8ed008c40780466 ecap 60000f050df
[    0.210116] DMAR: RMRR base: 0x00000069427000 end: 0x00000069429fff
[    0.210117] DMAR: ATSR flags: 0x0
[    0.210119] DMAR-IR: IOAPIC id 8 under DRHD base  0x9b7fc000 IOMMU 9
[    0.210120] DMAR-IR: HPET id 0 under DRHD base 0x9b7fc000
[    0.210120] DMAR-IR: Queued invalidation will be enabled to support x2apic and Intr-remapping.
[    0.212539] DMAR-IR: Enabled IRQ remapping in x2apic mode
[    0.215159] ..TIMER: vector=0x30 apic1=0 pin1=2 apic2=-1 pin2=-1
[    0.234002] clocksource: tsc-early: mask: 0xffffffffffffffff max_cycles: 0x39a85c9bff6, max_idle_ns: 881590591483 ns
[    0.234007] Calibrating delay loop (skipped), value calculated using timer frequency.. 4000.00 BogoMIPS (lpj=8000000)
[    0.234009] pid_max: default: 114688 minimum: 896
[    0.237978] LSM: Security Framework initializing
[    0.238012] Yama: becoming mindful.
[    0.238377] AppArmor: AppArmor initialized
[    0.242852] Dentry cache hash table entries: 4194304 (order: 13, 33554432 bytes, vmalloc)
[    0.245120] Inode-cache hash table entries: 2097152 (order: 12, 16777216 bytes, vmalloc)
[    0.245247] Mount-cache hash table entries: 65536 (order: 7, 524288 bytes, vmalloc)
[    0.245317] Mountpoint-cache hash table entries: 65536 (order: 7, 524288 bytes, vmalloc)
[    0.245614] *** VALIDATE proc ***
[    0.245856] *** VALIDATE cgroup1 ***
[    0.245857] *** VALIDATE cgroup2 ***
[    0.245982] x86/tme: not enabled by BIOS
[    0.245985] x86/cpu: User Mode Instruction Prevention (UMIP) activated
[    0.246065] mce: CPU0: Thermal monitoring enabled (TM1)
[    0.246276] process: using mwait in idle threads
[    0.246278] Last level iTLB entries: 4KB 0, 2MB 0, 4MB 0
[    0.246278] Last level dTLB entries: 4KB 0, 2MB 0, 4MB 0, 1GB 0
[    0.246281] Spectre V1 : Mitigation: usercopy/swapgs barriers and __user pointer sanitization
[    0.246282] Spectre V2 : Mitigation: Enhanced IBRS
[    0.246283] Spectre V2 : Spectre v2 / SpectreRSB mitigation: Filling RSB on context switch
[    0.246284] Spectre V2 : mitigation: Enabling conditional Indirect Branch Prediction Barrier
[    0.246285] Speculative Store Bypass: Mitigation: Speculative Store Bypass disabled via prctl and seccomp
[    0.246550] Freeing SMP alternatives memory: 40K
[    0.250156] TSC deadline timer enabled
[    0.250163] smpboot: CPU0: Intel(R) Xeon(R) Gold 6330 CPU @ 2.00GHz (family: 0x6, model: 0x6a, stepping: 0x6)
[    0.250345] Performance Events: PEBS fmt4+-baseline, Icelake events, 32-deep LBR, full-width counters, Intel PMU driver.
[    0.250351] ... version:                5
[    0.250351] ... bit width:              48
[    0.250351] ... generic registers:      8
[    0.250352] ... value mask:             0000ffffffffffff
[    0.250352] ... max period:             00007fffffffffff
[    0.250353] ... fixed-purpose events:   4
[    0.250353] ... event mask:             0000000f000000ff
[    0.250462] rcu: Hierarchical SRCU implementation.
[    0.257716] NMI watchdog: Enabled. Permanently consumes one hw-PMU counter.
[    0.258961] smp: Bringing up secondary CPUs ...
[    0.259079] x86: Booting SMP configuration:
[    0.259080] .... node  #1, CPUs:          #1
[    0.003659] smpboot: CPU 1 Converting physical 0 to logical die 1
[    0.346111] .... node  #0, CPUs:     #2
[    0.351451] .... node  #1, CPUs:     #3
[    0.356845] .... node  #0, CPUs:     #4
[    0.362191] .... node  #1, CPUs:     #5
[    0.367542] .... node  #0, CPUs:     #6
[    0.373098] .... node  #1, CPUs:     #7
[    0.378637] .... node  #0, CPUs:     #8
[    0.383896] .... node  #1, CPUs:     #9
[    0.389582] .... node  #0, CPUs:    #10
[    0.395273] .... node  #1, CPUs:    #11
[    0.400964] .... node  #0, CPUs:    #12
[    0.406453] .... node  #1, CPUs:    #13
[    0.411766] .... node  #0, CPUs:    #14
[    0.416978] .... node  #1, CPUs:    #15
[    0.422260] .... node  #0, CPUs:    #16
[    0.427496] .... node  #1, CPUs:    #17
[    0.432776] .... node  #0, CPUs:    #18
[    0.438168] .... node  #1, CPUs:    #19
[    0.443608] .... node  #0, CPUs:    #20
[    0.448808] .... node  #1, CPUs:    #21
[    0.454367] .... node  #0, CPUs:    #22
[    0.459773] .... node  #1, CPUs:    #23
[    0.465005] .... node  #0, CPUs:    #24
[    0.470611] .... node  #1, CPUs:    #25
[    0.475896] .... node  #0, CPUs:    #26
[    0.481078] .... node  #1, CPUs:    #27
[    0.486341] .... node  #0, CPUs:    #28
[    0.491809] .... node  #1, CPUs:    #29
[    0.497057] .... node  #0, CPUs:    #30
[    0.502240] .... node  #1, CPUs:    #31
[    0.507673] .... node  #0, CPUs:    #32
[    0.512936] .... node  #1, CPUs:    #33
[    0.518263] .... node  #0, CPUs:    #34
[    0.523672] .... node  #1, CPUs:    #35
[    0.528939] .... node  #0, CPUs:    #36
[    0.534150] .... node  #1, CPUs:    #37
[    0.539382] .... node  #0, CPUs:    #38
[    0.544909] .... node  #1, CPUs:    #39
[    0.550398] .... node  #0, CPUs:    #40
[    0.555967] .... node  #1, CPUs:    #41
[    0.561673] .... node  #0, CPUs:    #42
[    0.566948] .... node  #1, CPUs:    #43
[    0.572555] .... node  #0, CPUs:    #44
[    0.578119] .... node  #1, CPUs:    #45
[    0.583317] .... node  #0, CPUs:    #46
[    0.588828] .... node  #1, CPUs:    #47
[    0.594235] .... node  #0, CPUs:    #48
[    0.599538] .... node  #1, CPUs:    #49
[    0.604931] .... node  #0, CPUs:    #50
[    0.610382] .... node  #1, CPUs:    #51
[    0.615981] .... node  #0, CPUs:    #52
[    0.621416] .... node  #1, CPUs:    #53
[    0.626955] .... node  #0, CPUs:    #54
[    0.632628] .... node  #1, CPUs:    #55
[    0.638387] .... node  #0, CPUs:    #56
[    0.644241] .... node  #1, CPUs:    #57
[    0.650110] .... node  #0, CPUs:    #58
[    0.655462] .... node  #1, CPUs:    #59
[    0.660871] .... node  #0, CPUs:    #60
[    0.666207] .... node  #1, CPUs:    #61
[    0.671586] .... node  #0, CPUs:    #62
[    0.677148] .... node  #1, CPUs:    #63
[    0.682711] .... node  #0, CPUs:    #64
[    0.687982] .... node  #1, CPUs:    #65
[    0.693685] .... node  #0, CPUs:    #66
[    0.699384] .... node  #1, CPUs:    #67
[    0.705108] .... node  #0, CPUs:    #68
[    0.710611] .... node  #1, CPUs:    #69
[    0.715946] .... node  #0, CPUs:    #70
[    0.721154] .... node  #1, CPUs:    #71
[    0.726453] .... node  #0, CPUs:    #72
[    0.731703] .... node  #1, CPUs:    #73
[    0.736997] .... node  #0, CPUs:    #74
[    0.742232] .... node  #1, CPUs:    #75
[    0.747862] .... node  #0, CPUs:    #76
[    0.753083] .... node  #1, CPUs:    #77
[    0.758664] .... node  #0, CPUs:    #78
[    0.764089] .... node  #1, CPUs:    #79
[    0.769357] .... node  #0, CPUs:    #80
[    0.774958] .... node  #1, CPUs:    #81
[    0.780280] .... node  #0, CPUs:    #82
[    0.785470] .... node  #1, CPUs:    #83
[    0.790752] .... node  #0, CPUs:    #84
[    0.796247] .... node  #1, CPUs:    #85
[    0.801519] .... node  #0, CPUs:    #86
[    0.806715] .... node  #1, CPUs:    #87
[    0.812183] .... node  #0, CPUs:    #88
[    0.817457] .... node  #1, CPUs:    #89
[    0.822808] .... node  #0, CPUs:    #90
[    0.828227] .... node  #1, CPUs:    #91
[    0.833510] .... node  #0, CPUs:    #92
[    0.838709] .... node  #1, CPUs:    #93
[    0.843996] .... node  #0, CPUs:    #94
[    0.849555] .... node  #1, CPUs:    #95
[    0.855050] .... node  #0, CPUs:    #96
[    0.860642] .... node  #1, CPUs:    #97
[    0.866371] .... node  #0, CPUs:    #98
[    0.871662] .... node  #1, CPUs:    #99
[    0.877300] .... node  #0, CPUs:   #100
[    0.882627] .... node  #1, CPUs:   #101
[    0.888082] .... node  #0, CPUs:   #102
[    0.893607] .... node  #1, CPUs:   #103
[    0.899035] .... node  #0, CPUs:   #104
[    0.904360] .... node  #1, CPUs:   #105
[    0.909759] .... node  #0, CPUs:   #106
[    0.915225] .... node  #1, CPUs:   #107
[    0.920848] .... node  #0, CPUs:   #108
[    0.926287] .... node  #1, CPUs:   #109
[    0.931865] .... node  #0, CPUs:   #110
[    0.937549] .... node  #1, CPUs:   #111
[    0.943319] smp: Brought up 2 nodes, 112 CPUs
[    0.943319] smpboot: Max logical packages: 2
[    0.943319] smpboot: Total of 112 processors activated (448064.51 BogoMIPS)
[    0.952835] devtmpfs: initialized
[    0.952835] x86/mm: Memory block size: 2048MB
[    0.952835] PM: Registering ACPI NVS region [mem 0x49e77000-0x4ae76fff] (16777216 bytes)
[    0.952835] PM: Registering ACPI NVS region [mem 0x6e3ff000-0x6f3fefff] (16777216 bytes)
[    0.954023] clocksource: jiffies: mask: 0xffffffff max_cycles: 0xffffffff, max_idle_ns: 7645041785100000 ns
[    0.954321] futex hash table entries: 32768 (order: 9, 2097152 bytes, vmalloc)
[    0.954915] pinctrl core: initialized pinctrl subsystem
[    0.955038] PM: RTC time: 10:23:49, date: 2024-05-20
[    0.955296] NET: Registered protocol family 16
[    0.955406] audit: initializing netlink subsys (disabled)
[    0.955411] audit: type=2000 audit(1716200628.748:1): state=initialized audit_enabled=0 res=1
[    0.955411] EISA bus registered
[    0.955411] cpuidle: using governor ladder
[    0.955411] cpuidle: using governor menu
[    0.955411] ACPI FADT declares the system doesn't support PCIe ASPM, so disable it
[    0.955411] ACPI: bus type PCI registered
[    0.955411] acpiphp: ACPI Hot Plug PCI Controller Driver version: 0.5
[    0.955411] PCI: MMCONFIG for domain 0000 [bus 00-ff] at [mem 0x80000000-0x8fffffff] (base 0x80000000)
[    0.955411] PCI: MMCONFIG at [mem 0x80000000-0x8fffffff] reserved in E820
[    0.955411] pmd_set_huge: Cannot satisfy [mem 0x80000000-0x80200000] with a huge-page mapping due to MTRR override.
[    0.955411] PCI: Using configuration type 1 for base access
[    0.955411] PCI: Dell System detected, enabling pci=bfsort.
[    0.958009] ENERGY_PERF_BIAS: Set to 'normal', was 'performance'
[    0.962289] HugeTLB registered 1.00 GiB page size, pre-allocated 0 pages
[    0.962289] HugeTLB registered 2.00 MiB page size, pre-allocated 0 pages
[    0.966404] ACPI: Added _OSI(Module Device)
[    0.966405] ACPI: Added _OSI(Processor Device)
[    0.966405] ACPI: Added _OSI(3.0 _SCP Extensions)
[    0.966406] ACPI: Added _OSI(Processor Aggregator Device)
[    0.966407] ACPI: Added _OSI(Linux-Dell-Video)
[    0.966408] ACPI: Added _OSI(Linux-Lenovo-NV-HDMI-Audio)
[    0.966409] ACPI: Added _OSI(Linux-HPI-Hybrid-Graphics)
[    1.129853] ACPI: 8 ACPI AML tables successfully acquired and loaded
[    1.136927] ACPI: [Firmware Bug]: BIOS _OSI(Linux) query ignored
[    1.143571] ACPI: Dynamic OEM Table Load:
[    1.533040] ACPI: Interpreter enabled
[    1.533058] ACPI: (supports S0 S5)
[    1.533059] ACPI: Using IOAPIC for interrupt routing
[    1.533145] HEST: Table parsing has been initialized.
[    1.533147] PCI: Using host bridge windows from ACPI; if necessary, use "pci=nocrs" and report a bug
[    1.561700] ACPI: Enabled 4 GPEs in block 00 to 7F
[    1.685462] ACPI: PCI Root Bridge [PC00] (domain 0000 [bus 00-15])
[    1.685467] acpi PNP0A08:00: _OSC: OS supports [ExtendedConfig ASPM ClockPM Segments MSI HPX-Type3]
[    1.685544] acpi PNP0A08:00: PCIe AER handled by firmware
[    1.685656] acpi PNP0A08:00: _OSC: platform does not support [SHPCHotplug LTR]
[    1.685862] acpi PNP0A08:00: _OSC: OS now controls [PCIeHotplug PME PCIeCapability]
[    1.685863] acpi PNP0A08:00: FADT indicates ASPM is unsupported, using BIOS configuration
[    1.687664] PCI host bridge to bus 0000:00
[    1.687666] pci_bus 0000:00: root bus resource [io  0x0000-0x0cf7 window]
[    1.687667] pci_bus 0000:00: root bus resource [io  0x1000-0x4fff window]
[    1.687668] pci_bus 0000:00: root bus resource [mem 0x000a0000-0x000bffff window]
[    1.687669] pci_bus 0000:00: root bus resource [mem 0x000c8000-0x000cffff window]
[    1.687670] pci_bus 0000:00: root bus resource [mem 0xfe010000-0xfe010fff window]
[    1.687670] pci_bus 0000:00: root bus resource [mem 0x90000000-0x9b7fffff window]
[    1.687671] pci_bus 0000:00: root bus resource [mem 0x200000000000-0x20ffffffffff window]
[    1.687672] pci_bus 0000:00: root bus resource [bus 00-15]
[    1.687682] pci 0000:00:00.0: [8086:09a2] type 00 class 0x088000
[    1.688411] pci 0000:00:00.1: [8086:09a4] type 00 class 0x088000
[    1.689126] pci 0000:00:00.2: [8086:09a3] type 00 class 0x088000
[    1.689843] pci 0000:00:00.4: [8086:0998] type 00 class 0x060000
[    1.690565] pci 0000:00:02.0: [8086:09a6] type 00 class 0x088000
[    1.690574] pci 0000:00:02.0: reg 0x10: [mem 0x92dfc000-0x92dfdfff]
[    1.691281] pci 0000:00:02.1: [8086:09a7] type 00 class 0x088000
[    1.691290] pci 0000:00:02.1: reg 0x10: [mem 0x92d00000-0x92d7ffff]
[    1.691295] pci 0000:00:02.1: reg 0x14: [mem 0x92c80000-0x92cfffff]
[    1.692001] pci 0000:00:02.4: [8086:3456] type 00 class 0x130000
[    1.692011] pci 0000:00:02.4: reg 0x10: [mem 0x92a00000-0x92afffff 64bit]
[    1.692018] pci 0000:00:02.4: reg 0x18: [mem 0x92df0000-0x92df3fff 64bit]
[    1.692024] pci 0000:00:02.4: reg 0x20: [mem 0x92dc0000-0x92ddffff 64bit]
[    1.692742] pci 0000:00:11.0: [8086:a1ec] type 00 class 0xff0000
[    1.693521] pci 0000:00:11.5: [8086:a1d2] type 00 class 0x010601
[    1.693538] pci 0000:00:11.5: reg 0x10: [mem 0x92dfa000-0x92dfbfff]
[    1.693545] pci 0000:00:11.5: reg 0x14: [mem 0x92e05000-0x92e050ff]
[    1.693552] pci 0000:00:11.5: reg 0x18: [io  0x2068-0x206f]
[    1.693559] pci 0000:00:11.5: reg 0x1c: [io  0x2074-0x2077]
[    1.693566] pci 0000:00:11.5: reg 0x20: [io  0x2040-0x205f]
[    1.693573] pci 0000:00:11.5: reg 0x24: [mem 0x92b80000-0x92bfffff]
[    1.693611] pci 0000:00:11.5: PME# supported from D3hot
[    1.694340] pci 0000:00:14.0: [8086:a1af] type 00 class 0x0c0330
[    1.694361] pci 0000:00:14.0: reg 0x10: [mem 0x92de0000-0x92deffff 64bit]
[    1.694425] pci 0000:00:14.0: PME# supported from D3hot D3cold
[    1.695148] pci 0000:00:14.2: [8086:a1b1] type 00 class 0x118000
[    1.695168] pci 0000:00:14.2: reg 0x10: [mem 0x92e02000-0x92e02fff 64bit]
[    1.695920] pci 0000:00:16.0: [8086:a1ba] type 00 class 0x078000
[    1.695948] pci 0000:00:16.0: reg 0x10: [mem 0x92e01000-0x92e01fff 64bit]
[    1.696033] pci 0000:00:16.0: PME# supported from D3hot
[    1.696724] pci 0000:00:16.1: [8086:a1bb] type 00 class 0x078000
[    1.696752] pci 0000:00:16.1: reg 0x10: [mem 0x92e00000-0x92e00fff 64bit]
[    1.696837] pci 0000:00:16.1: PME# supported from D3hot
[    1.697533] pci 0000:00:16.4: [8086:a1be] type 00 class 0x078000
[    1.697561] pci 0000:00:16.4: reg 0x10: [mem 0x92dff000-0x92dfffff 64bit]
[    1.697645] pci 0000:00:16.4: PME# supported from D3hot
[    1.698343] pci 0000:00:17.0: [8086:a182] type 00 class 0x010601
[    1.698360] pci 0000:00:17.0: reg 0x10: [mem 0x92df8000-0x92df9fff]
[    1.698367] pci 0000:00:17.0: reg 0x14: [mem 0x92e04000-0x92e040ff]
[    1.698373] pci 0000:00:17.0: reg 0x18: [io  0x2060-0x2067]
[    1.698380] pci 0000:00:17.0: reg 0x1c: [io  0x2070-0x2073]
[    1.698387] pci 0000:00:17.0: reg 0x20: [io  0x2020-0x203f]
[    1.698394] pci 0000:00:17.0: reg 0x24: [mem 0x92b00000-0x92b7ffff]
[    1.698431] pci 0000:00:17.0: PME# supported from D3hot
[    1.699157] pci 0000:00:1c.0: [8086:a190] type 01 class 0x060400
[    1.699235] pci 0000:00:1c.0: PME# supported from D0 D3hot D3cold
[    1.700008] pci 0000:00:1c.4: [8086:a194] type 01 class 0x060400
[    1.700080] pci 0000:00:1c.4: PME# supported from D0 D3hot D3cold
[    1.700842] pci 0000:00:1c.5: [8086:a195] type 01 class 0x060400
[    1.700915] pci 0000:00:1c.5: PME# supported from D0 D3hot D3cold
[    1.701684] pci 0000:00:1f.0: [8086:a1cb] type 00 class 0x060100
[    1.702501] pci 0000:00:1f.2: [8086:a1a1] type 00 class 0x058000
[    1.702517] pci 0000:00:1f.2: reg 0x10: [mem 0x92df4000-0x92df7fff]
[    1.703276] pci 0000:00:1f.4: [8086:a1a3] type 00 class 0x0c0500
[    1.703295] pci 0000:00:1f.4: reg 0x10: [mem 0x92dfe000-0x92dfe0ff 64bit]
[    1.703318] pci 0000:00:1f.4: reg 0x20: [io  0x2000-0x201f]
[    1.704016] pci 0000:00:1f.5: [8086:a1a4] type 00 class 0x0c8000
[    1.704032] pci 0000:00:1f.5: reg 0x10: [mem 0xfe010000-0xfe010fff]
[    1.704792] pci 0000:00:1c.0: PCI bridge to [bus 01]
[    1.704840] pci 0000:02:00.0: [1556:be00] type 01 class 0x060400
[    1.705009] pci 0000:00:1c.4: PCI bridge to [bus 02-03]
[    1.705013] pci 0000:00:1c.4:   bridge window [mem 0x92000000-0x928fffff]
[    1.705017] pci 0000:00:1c.4:   bridge window [mem 0x91000000-0x91ffffff 64bit pref]
[    1.705048] pci_bus 0000:03: extended config space not accessible
[    1.705066] pci 0000:03:00.0: [102b:0536] type 00 class 0x030000
[    1.705085] pci 0000:03:00.0: reg 0x10: [mem 0x91000000-0x91ffffff pref]
[    1.705095] pci 0000:03:00.0: reg 0x14: [mem 0x92808000-0x9280bfff]
[    1.705106] pci 0000:03:00.0: reg 0x18: [mem 0x92000000-0x927fffff]
[    1.705153] pci 0000:03:00.0: BAR 0: assigned to efifb
[    1.705248] pci 0000:02:00.0: PCI bridge to [bus 03]
[    1.705256] pci 0000:02:00.0:   bridge window [mem 0x92000000-0x928fffff]
[    1.705261] pci 0000:02:00.0:   bridge window [mem 0x91000000-0x91ffffff 64bit pref]
[    1.705327] pci 0000:04:00.0: [14e4:165f] type 00 class 0x020000
[    1.705359] pci 0000:04:00.0: reg 0x10: [mem 0x92930000-0x9293ffff 64bit pref]
[    1.705374] pci 0000:04:00.0: reg 0x18: [mem 0x92940000-0x9294ffff 64bit pref]
[    1.705389] pci 0000:04:00.0: reg 0x20: [mem 0x92950000-0x9295ffff 64bit pref]
[    1.705399] pci 0000:04:00.0: reg 0x30: [mem 0xfffc0000-0xffffffff pref]
[    1.705491] pci 0000:04:00.0: PME# supported from D0 D3hot D3cold
[    1.705530] pci 0000:04:00.0: 4.000 Gb/s available PCIe bandwidth, limited by 5 GT/s x1 link at 0000:00:1c.5 (capable of 8.000 Gb/s with 5 GT/s x2 link)
[    1.705660] pci 0000:04:00.1: [14e4:165f] type 00 class 0x020000
[    1.705691] pci 0000:04:00.1: reg 0x10: [mem 0x92900000-0x9290ffff 64bit pref]
[    1.705706] pci 0000:04:00.1: reg 0x18: [mem 0x92910000-0x9291ffff 64bit pref]
[    1.705722] pci 0000:04:00.1: reg 0x20: [mem 0x92920000-0x9292ffff 64bit pref]
[    1.705732] pci 0000:04:00.1: reg 0x30: [mem 0xfffc0000-0xffffffff pref]
[    1.705823] pci 0000:04:00.1: PME# supported from D0 D3hot D3cold
[    1.705969] pci 0000:00:1c.5: PCI bridge to [bus 04]
[    1.705976] pci 0000:00:1c.5:   bridge window [mem 0x92900000-0x929fffff 64bit pref]
[    1.705989] pci_bus 0000:00: on NUMA node 0
[    1.706550] ACPI: PCI Root Bridge [PC01] (domain 0000 [bus 16-2f])
[    1.706553] acpi PNP0A08:01: _OSC: OS supports [ExtendedConfig ASPM ClockPM Segments MSI HPX-Type3]
[    1.706650] acpi PNP0A08:01: PCIe AER handled by firmware
[    1.706756] acpi PNP0A08:01: _OSC: platform does not support [SHPCHotplug]
[    1.706956] acpi PNP0A08:01: _OSC: OS now controls [PCIeHotplug PME PCIeCapability LTR]
[    1.706956] acpi PNP0A08:01: FADT indicates ASPM is unsupported, using BIOS configuration
[    1.707078] PCI host bridge to bus 0000:16
[    1.707079] pci_bus 0000:16: root bus resource [io  0x5000-0x6fff window]
[    1.707080] pci_bus 0000:16: root bus resource [mem 0x9b800000-0xa63fffff window]
[    1.707080] pci_bus 0000:16: root bus resource [mem 0x210000000000-0x21ffffffffff window]
[    1.707081] pci_bus 0000:16: root bus resource [bus 16-2f]
[    1.707088] pci 0000:16:00.0: [8086:09a2] type 00 class 0x088000
[    1.707155] pci 0000:16:00.1: [8086:09a4] type 00 class 0x088000
[    1.707218] pci 0000:16:00.2: [8086:09a3] type 00 class 0x088000
[    1.707282] pci 0000:16:00.4: [8086:0998] type 00 class 0x060000
[    1.707344] pci 0000:16:02.0: [8086:347a] type 01 class 0x060400
[    1.707357] pci 0000:16:02.0: reg 0x10: [mem 0x21fffff00000-0x21fffff1ffff 64bit]
[    1.707393] pci 0000:16:02.0: PME# supported from D0 D3hot D3cold
[    1.707689] pci 0000:17:00.0: [1000:10e2] type 00 class 0x010400
[    1.707709] pci 0000:17:00.0: reg 0x10: [mem 0x9b800000-0x9b8fffff 64bit pref]
[    1.707716] pci 0000:17:00.0: reg 0x18: [mem 0x9b900000-0x9b9fffff 64bit pref]
[    1.707722] pci 0000:17:00.0: reg 0x20: [mem 0x9ba00000-0x9bafffff]
[    1.707727] pci 0000:17:00.0: reg 0x24: [io  0x5000-0x50ff]
[    1.707732] pci 0000:17:00.0: reg 0x30: [mem 0xfff00000-0xffffffff pref]
[    1.708941] pci 0000:17:00.0: supports D1 D2
[    1.708991] pci 0000:16:02.0: PCI bridge to [bus 17]
[    1.708992] pci 0000:16:02.0:   bridge window [io  0x5000-0x5fff]
[    1.708994] pci 0000:16:02.0:   bridge window [mem 0x9ba00000-0x9bafffff]
[    1.708996] pci 0000:16:02.0:   bridge window [mem 0x9b800000-0x9b9fffff 64bit pref]
[    1.709001] pci_bus 0000:16: on NUMA node 0
[    1.709065] ACPI: PCI Root Bridge [PC02] (domain 0000 [bus 30-49])
[    1.709067] acpi PNP0A08:02: _OSC: OS supports [ExtendedConfig ASPM ClockPM Segments MSI HPX-Type3]
[    1.709161] acpi PNP0A08:02: PCIe AER handled by firmware
[    1.709267] acpi PNP0A08:02: _OSC: platform does not support [SHPCHotplug]
[    1.709466] acpi PNP0A08:02: _OSC: OS now controls [PCIeHotplug PME PCIeCapability LTR]
[    1.709467] acpi PNP0A08:02: FADT indicates ASPM is unsupported, using BIOS configuration
[    1.709582] PCI host bridge to bus 0000:30
[    1.709583] pci_bus 0000:30: root bus resource [io  0x7000-0x8fff window]
[    1.709584] pci_bus 0000:30: root bus resource [mem 0xa6400000-0xb0ffffff window]
[    1.709586] pci_bus 0000:30: root bus resource [mem 0x220000000000-0x22ffffffffff window]
[    1.709587] pci_bus 0000:30: root bus resource [bus 30-49]
[    1.709594] pci 0000:30:00.0: [8086:09a2] type 00 class 0x088000
[    1.709660] pci 0000:30:00.1: [8086:09a4] type 00 class 0x088000
[    1.709721] pci 0000:30:00.2: [8086:09a3] type 00 class 0x088000
[    1.709784] pci 0000:30:00.4: [8086:0998] type 00 class 0x060000
[    1.709854] pci_bus 0000:30: on NUMA node 0
[    1.709940] ACPI: PCI Root Bridge [PC04] (domain 0000 [bus 4a-63])
[    1.709942] acpi PNP0A08:04: _OSC: OS supports [ExtendedConfig ASPM ClockPM Segments MSI HPX-Type3]
[    1.710033] acpi PNP0A08:04: PCIe AER handled by firmware
[    1.710138] acpi PNP0A08:04: _OSC: platform does not support [SHPCHotplug]
[    1.710340] acpi PNP0A08:04: _OSC: OS now controls [PCIeHotplug PME PCIeCapability LTR]
[    1.710341] acpi PNP0A08:04: FADT indicates ASPM is unsupported, using BIOS configuration
[    1.710450] PCI host bridge to bus 0000:4a
[    1.710451] pci_bus 0000:4a: root bus resource [io  0x9000-0x9fff window]
[    1.710452] pci_bus 0000:4a: root bus resource [mem 0xb1000000-0xbbbfffff window]
[    1.710453] pci_bus 0000:4a: root bus resource [mem 0x230000000000-0x23ffffffffff window]
[    1.710454] pci_bus 0000:4a: root bus resource [bus 4a-63]
[    1.710460] pci 0000:4a:00.0: [8086:09a2] type 00 class 0x088000
[    1.710523] pci 0000:4a:00.1: [8086:09a4] type 00 class 0x088000
[    1.710583] pci 0000:4a:00.2: [8086:09a3] type 00 class 0x088000
[    1.710649] pci 0000:4a:00.4: [8086:0998] type 00 class 0x060000
[    1.710719] pci_bus 0000:4a: on NUMA node 0
[    1.710778] ACPI: PCI Root Bridge [PC05] (domain 0000 [bus 64-7d])
[    1.710780] acpi PNP0A08:05: _OSC: OS supports [ExtendedConfig ASPM ClockPM Segments MSI HPX-Type3]
[    1.710870] acpi PNP0A08:05: PCIe AER handled by firmware
[    1.710974] acpi PNP0A08:05: _OSC: platform does not support [SHPCHotplug]
[    1.711173] acpi PNP0A08:05: _OSC: OS now controls [PCIeHotplug PME PCIeCapability LTR]
[    1.711174] acpi PNP0A08:05: FADT indicates ASPM is unsupported, using BIOS configuration
[    1.711282] PCI host bridge to bus 0000:64
[    1.711283] pci_bus 0000:64: root bus resource [io  0xa000-0xafff window]
[    1.711284] pci_bus 0000:64: root bus resource [mem 0xbbc00000-0xc5ffffff window]
[    1.711285] pci_bus 0000:64: root bus resource [mem 0x240000000000-0x24ffffffffff window]
[    1.711285] pci_bus 0000:64: root bus resource [bus 64-7d]
[    1.711292] pci 0000:64:00.0: [8086:09a2] type 00 class 0x088000
[    1.711355] pci 0000:64:00.1: [8086:09a4] type 00 class 0x088000
[    1.711417] pci 0000:64:00.2: [8086:09a3] type 00 class 0x088000
[    1.711479] pci 0000:64:00.4: [8086:0998] type 00 class 0x060000
[    1.711550] pci_bus 0000:64: on NUMA node 0
[    1.711606] ACPI: PCI Root Bridge [UC06] (domain 0000 [bus 7e])
[    1.711608] acpi PNP0A03:00: _OSC: OS supports [ExtendedConfig ASPM ClockPM Segments MSI HPX-Type3]
[    1.711683] acpi PNP0A03:00: PCIe AER handled by firmware
[    1.711772] acpi PNP0A03:00: _OSC: platform does not support [SHPCHotplug LTR]
[    1.711938] acpi PNP0A03:00: _OSC: OS now controls [PCIeHotplug PME PCIeCapability]
[    1.711939] acpi PNP0A03:00: FADT indicates ASPM is unsupported, using BIOS configuration
[    1.712071] PCI host bridge to bus 0000:7e
[    1.712072] pci_bus 0000:7e: root bus resource [bus 7e]
[    1.712078] pci 0000:7e:00.0: [8086:3450] type 00 class 0x088000
[    1.712147] pci 0000:7e:00.1: [8086:3451] type 00 class 0x088000
[    1.712211] pci 0000:7e:00.2: [8086:3452] type 00 class 0x088000
[    1.712284] pci 0000:7e:00.3: [8086:0998] type 00 class 0x060000
[    1.712348] pci 0000:7e:00.5: [8086:3455] type 00 class 0x088000
[    1.712417] pci 0000:7e:02.0: [8086:3440] type 00 class 0x088000
[    1.712540] pci 0000:7e:02.1: [8086:3441] type 00 class 0x088000
[    1.712653] pci 0000:7e:02.2: [8086:3442] type 00 class 0x088000
[    1.712768] pci 0000:7e:03.0: [8086:3440] type 00 class 0x088000
[    1.712857] pci 0000:7e:03.1: [8086:3441] type 00 class 0x088000
[    1.712938] pci 0000:7e:03.2: [8086:3442] type 00 class 0x088000
[    1.713033] pci 0000:7e:04.0: [8086:3440] type 00 class 0x088000
[    1.713159] pci 0000:7e:04.1: [8086:3441] type 00 class 0x088000
[    1.713281] pci 0000:7e:04.2: [8086:3442] type 00 class 0x088000
[    1.713404] pci 0000:7e:04.3: [8086:3443] type 00 class 0x088000
[    1.713529] pci 0000:7e:05.0: [8086:3445] type 00 class 0x088000
[    1.713651] pci 0000:7e:05.1: [8086:3446] type 00 class 0x088000
[    1.713778] pci 0000:7e:05.2: [8086:3447] type 00 class 0x088000
[    1.713896] pci 0000:7e:06.0: [8086:3445] type 00 class 0x088000
[    1.713988] pci 0000:7e:06.1: [8086:3446] type 00 class 0x088000
[    1.714074] pci 0000:7e:06.2: [8086:3447] type 00 class 0x088000
[    1.714167] pci 0000:7e:07.0: [8086:3445] type 00 class 0x088000
[    1.714295] pci 0000:7e:07.1: [8086:3446] type 00 class 0x088000
[    1.714420] pci 0000:7e:07.2: [8086:3447] type 00 class 0x088000
[    1.714546] pci 0000:7e:0b.0: [8086:3448] type 00 class 0x088000
[    1.714621] pci 0000:7e:0b.1: [8086:3448] type 00 class 0x088000
[    1.714696] pci 0000:7e:0b.2: [8086:344b] type 00 class 0x088000
[    1.714779] pci 0000:7e:0c.0: [8086:344a] type 00 class 0x110100
[    1.714878] pci 0000:7e:0d.0: [8086:344a] type 00 class 0x110100
[    1.714974] pci 0000:7e:0e.0: [8086:344a] type 00 class 0x110100
[    1.715123] pci 0000:7e:0f.0: [8086:344a] type 00 class 0x110100
[    1.715283] pci 0000:7e:1a.0: [8086:2880] type 00 class 0x110100
[    1.715380] pci 0000:7e:1b.0: [8086:2880] type 00 class 0x110100
[    1.715472] pci 0000:7e:1c.0: [8086:2880] type 00 class 0x110100
[    1.715626] pci 0000:7e:1d.0: [8086:2880] type 00 class 0x110100
[    1.715788] pci_bus 0000:7e: on NUMA node 0
[    1.715863] ACPI: PCI Root Bridge [UC07] (domain 0000 [bus 7f])
[    1.715865] acpi PNP0A03:01: _OSC: OS supports [ExtendedConfig ASPM ClockPM Segments MSI HPX-Type3]
[    1.715943] acpi PNP0A03:01: PCIe AER handled by firmware
[    1.716032] acpi PNP0A03:01: _OSC: platform does not support [SHPCHotplug LTR]
[    1.716200] acpi PNP0A03:01: _OSC: OS now controls [PCIeHotplug PME PCIeCapability]
[    1.716200] acpi PNP0A03:01: FADT indicates ASPM is unsupported, using BIOS configuration
[    1.716344] PCI host bridge to bus 0000:7f
[    1.716345] pci_bus 0000:7f: root bus resource [bus 7f]
[    1.716355] pci 0000:7f:00.0: [8086:344c] type 00 class 0x088000
[    1.716463] pci 0000:7f:00.1: [8086:344c] type 00 class 0x088000
[    1.716582] pci 0000:7f:00.2: [8086:344c] type 00 class 0x088000
[    1.716703] pci 0000:7f:00.3: [8086:344c] type 00 class 0x088000
[    1.716798] pci 0000:7f:00.4: [8086:344c] type 00 class 0x088000
[    1.716926] pci 0000:7f:00.5: [8086:344c] type 00 class 0x088000
[    1.717053] pci 0000:7f:00.6: [8086:344c] type 00 class 0x088000
[    1.717138] pci 0000:7f:00.7: [8086:344c] type 00 class 0x088000
[    1.717235] pci 0000:7f:01.0: [8086:344c] type 00 class 0x088000
[    1.717372] pci 0000:7f:01.1: [8086:344c] type 00 class 0x088000
[    1.717499] pci 0000:7f:01.2: [8086:344c] type 00 class 0x088000
[    1.717586] pci 0000:7f:01.3: [8086:344c] type 00 class 0x088000
[    1.717725] pci 0000:7f:01.4: [8086:344c] type 00 class 0x088000
[    1.717862] pci 0000:7f:01.5: [8086:344c] type 00 class 0x088000
[    1.718005] pci 0000:7f:01.6: [8086:344c] type 00 class 0x088000
[    1.718134] pci 0000:7f:01.7: [8086:344c] type 00 class 0x088000
[    1.718274] pci 0000:7f:02.0: [8086:344c] type 00 class 0x088000
[    1.718413] pci 0000:7f:02.1: [8086:344c] type 00 class 0x088000
[    1.718551] pci 0000:7f:02.2: [8086:344c] type 00 class 0x088000
[    1.718689] pci 0000:7f:02.3: [8086:344c] type 00 class 0x088000
[    1.718836] pci 0000:7f:02.4: [8086:344c] type 00 class 0x088000
[    1.718979] pci 0000:7f:02.5: [8086:344c] type 00 class 0x088000
[    1.719122] pci 0000:7f:02.6: [8086:344c] type 00 class 0x088000
[    1.719275] pci 0000:7f:02.7: [8086:344c] type 00 class 0x088000
[    1.719435] pci 0000:7f:03.0: [8086:344c] type 00 class 0x088000
[    1.719586] pci 0000:7f:03.1: [8086:344c] type 00 class 0x088000
[    1.719745] pci 0000:7f:03.2: [8086:344c] type 00 class 0x088000
[    1.719900] pci 0000:7f:03.3: [8086:344c] type 00 class 0x088000
[    1.720065] pci 0000:7f:0a.0: [8086:344d] type 00 class 0x088000
[    1.720174] pci 0000:7f:0a.1: [8086:344d] type 00 class 0x088000
[    1.720293] pci 0000:7f:0a.2: [8086:344d] type 00 class 0x088000
[    1.720412] pci 0000:7f:0a.3: [8086:344d] type 00 class 0x088000
[    1.720515] pci 0000:7f:0a.4: [8086:344d] type 00 class 0x088000
[    1.720643] pci 0000:7f:0a.5: [8086:344d] type 00 class 0x088000
[    1.720766] pci 0000:7f:0a.6: [8086:344d] type 00 class 0x088000
[    1.720853] pci 0000:7f:0a.7: [8086:344d] type 00 class 0x088000
[    1.720945] pci 0000:7f:0b.0: [8086:344d] type 00 class 0x088000
[    1.721080] pci 0000:7f:0b.1: [8086:344d] type 00 class 0x088000
[    1.721209] pci 0000:7f:0b.2: [8086:344d] type 00 class 0x088000
[    1.721296] pci 0000:7f:0b.3: [8086:344d] type 00 class 0x088000
[    1.721439] pci 0000:7f:0b.4: [8086:344d] type 00 class 0x088000
[    1.721578] pci 0000:7f:0b.5: [8086:344d] type 00 class 0x088000
[    1.721722] pci 0000:7f:0b.6: [8086:344d] type 00 class 0x088000
[    1.721849] pci 0000:7f:0b.7: [8086:344d] type 00 class 0x088000
[    1.721985] pci 0000:7f:0c.0: [8086:344d] type 00 class 0x088000
[    1.722124] pci 0000:7f:0c.1: [8086:344d] type 00 class 0x088000
[    1.722261] pci 0000:7f:0c.2: [8086:344d] type 00 class 0x088000
[    1.722401] pci 0000:7f:0c.3: [8086:344d] type 00 class 0x088000
[    1.722552] pci 0000:7f:0c.4: [8086:344d] type 00 class 0x088000
[    1.722694] pci 0000:7f:0c.5: [8086:344d] type 00 class 0x088000
[    1.722838] pci 0000:7f:0c.6: [8086:344d] type 00 class 0x088000
[    1.722992] pci 0000:7f:0c.7: [8086:344d] type 00 class 0x088000
[    1.723143] pci 0000:7f:0d.0: [8086:344d] type 00 class 0x088000
[    1.723296] pci 0000:7f:0d.1: [8086:344d] type 00 class 0x088000
[    1.723455] pci 0000:7f:0d.2: [8086:344d] type 00 class 0x088000
[    1.723610] pci 0000:7f:0d.3: [8086:344d] type 00 class 0x088000
[    1.723793] pci 0000:7f:1d.0: [8086:344f] type 00 class 0x088000
[    1.723912] pci 0000:7f:1d.1: [8086:3457] type 00 class 0x088000
[    1.724028] pci 0000:7f:1e.0: [8086:3458] type 00 class 0x088000
[    1.724105] pci 0000:7f:1e.1: [8086:3459] type 00 class 0x088000
[    1.724180] pci 0000:7f:1e.2: [8086:345a] type 00 class 0x088000
[    1.724253] pci 0000:7f:1e.3: [8086:345b] type 00 class 0x088000
[    1.724328] pci 0000:7f:1e.4: [8086:345c] type 00 class 0x088000
[    1.724402] pci 0000:7f:1e.5: [8086:345d] type 00 class 0x088000
[    1.724481] pci 0000:7f:1e.6: [8086:345e] type 00 class 0x088000
[    1.724555] pci 0000:7f:1e.7: [8086:345f] type 00 class 0x088000
[    1.724627] pci_bus 0000:7f: on NUMA node 0
[    1.724717] ACPI: PCI Root Bridge [PC06] (domain 0000 [bus 80])
[    1.724719] acpi PNP0A08:06: _OSC: OS supports [ExtendedConfig ASPM ClockPM Segments MSI HPX-Type3]
[    1.724813] acpi PNP0A08:06: PCIe AER handled by firmware
[    1.724918] acpi PNP0A08:06: _OSC: platform does not support [SHPCHotplug]
[    1.725117] acpi PNP0A08:06: _OSC: OS now controls [PCIeHotplug PME PCIeCapability LTR]
[    1.725117] acpi PNP0A08:06: FADT indicates ASPM is unsupported, using BIOS configuration
[    1.725260] PCI host bridge to bus 0000:80
[    1.725261] pci_bus 0000:80: root bus resource [io  0xb000-0xbfff window]
[    1.725262] pci_bus 0000:80: root bus resource [mem 0xc6800000-0xd0ffffff window]
[    1.725263] pci_bus 0000:80: root bus resource [mem 0x250000000000-0x25ffffffffff window]
[    1.725264] pci_bus 0000:80: root bus resource [bus 80]
[    1.725271] pci 0000:80:00.0: [8086:09a2] type 00 class 0x088000
[    1.725351] pci 0000:80:00.1: [8086:09a4] type 00 class 0x088000
[    1.725432] pci 0000:80:00.2: [8086:09a3] type 00 class 0x088000
[    1.725508] pci 0000:80:00.4: [8086:0998] type 00 class 0x060000
[    1.725586] pci 0000:80:02.0: [8086:09a6] type 00 class 0x088000
[    1.725595] pci 0000:80:02.0: reg 0x10: [mem 0xc6aa4000-0xc6aa5fff]
[    1.725660] pci 0000:80:02.1: [8086:09a7] type 00 class 0x088000
[    1.725670] pci 0000:80:02.1: reg 0x10: [mem 0xc6a00000-0xc6a7ffff]
[    1.725675] pci 0000:80:02.1: reg 0x14: [mem 0xc6980000-0xc69fffff]
[    1.725742] pci 0000:80:02.4: [8086:3456] type 00 class 0x130000
[    1.725754] pci 0000:80:02.4: reg 0x10: [mem 0xc6800000-0xc68fffff 64bit]
[    1.725761] pci 0000:80:02.4: reg 0x18: [mem 0xc6aa0000-0xc6aa3fff 64bit]
[    1.725768] pci 0000:80:02.4: reg 0x20: [mem 0xc6a80000-0xc6a9ffff 64bit]
[    1.725829] pci_bus 0000:80: on NUMA node 1
[    1.725896] ACPI: PCI Root Bridge [PC07] (domain 0000 [bus 81])
[    1.725897] acpi PNP0A08:07: _OSC: OS supports [ExtendedConfig ASPM ClockPM Segments MSI HPX-Type3]
[    1.725987] acpi PNP0A08:07: PCIe AER handled by firmware
[    1.726092] acpi PNP0A08:07: _OSC: platform does not support [SHPCHotplug]
[    1.726293] acpi PNP0A08:07: _OSC: OS now controls [PCIeHotplug PME PCIeCapability LTR]
[    1.726294] acpi PNP0A08:07: FADT indicates ASPM is unsupported, using BIOS configuration
[    1.726411] PCI host bridge to bus 0000:81
[    1.726412] pci_bus 0000:81: root bus resource [io  0xc000-0xcfff window]
[    1.726413] pci_bus 0000:81: root bus resource [mem 0xd1000000-0xdbbfffff window]
[    1.726414] pci_bus 0000:81: root bus resource [mem 0x260000000000-0x26ffffffffff window]
[    1.726414] pci_bus 0000:81: root bus resource [bus 81]
[    1.726422] pci 0000:81:00.0: [8086:09a2] type 00 class 0x088000
[    1.726493] pci 0000:81:00.1: [8086:09a4] type 00 class 0x088000
[    1.726559] pci 0000:81:00.2: [8086:09a3] type 00 class 0x088000
[    1.726628] pci 0000:81:00.4: [8086:0998] type 00 class 0x060000
[    1.726708] pci_bus 0000:81: on NUMA node 1
[    1.726767] ACPI: PCI Root Bridge [PC08] (domain 0000 [bus 82])
[    1.726769] acpi PNP0A08:08: _OSC: OS supports [ExtendedConfig ASPM ClockPM Segments MSI HPX-Type3]
[    1.726858] acpi PNP0A08:08: PCIe AER handled by firmware
[    1.726963] acpi PNP0A08:08: _OSC: platform does not support [SHPCHotplug]
[    1.727162] acpi PNP0A08:08: _OSC: OS now controls [PCIeHotplug PME PCIeCapability LTR]
[    1.727162] acpi PNP0A08:08: FADT indicates ASPM is unsupported, using BIOS configuration
[    1.727271] PCI host bridge to bus 0000:82
[    1.727272] pci_bus 0000:82: root bus resource [io  0xd000-0xdfff window]
[    1.727273] pci_bus 0000:82: root bus resource [mem 0xdbc00000-0xe67fffff window]
[    1.727274] pci_bus 0000:82: root bus resource [mem 0x270000000000-0x27ffffffffff window]
[    1.727274] pci_bus 0000:82: root bus resource [bus 82]
[    1.727281] pci 0000:82:00.0: [8086:09a2] type 00 class 0x088000
[    1.727350] pci 0000:82:00.1: [8086:09a4] type 00 class 0x088000
[    1.727418] pci 0000:82:00.2: [8086:09a3] type 00 class 0x088000
[    1.727493] pci 0000:82:00.4: [8086:0998] type 00 class 0x060000
[    1.727573] pci_bus 0000:82: on NUMA node 1
[    1.727657] ACPI: PCI Root Bridge [PC10] (domain 0000 [bus 83-f9])
[    1.727659] acpi PNP0A08:0a: _OSC: OS supports [ExtendedConfig ASPM ClockPM Segments MSI HPX-Type3]
[    1.727749] acpi PNP0A08:0a: PCIe AER handled by firmware
[    1.727852] acpi PNP0A08:0a: _OSC: platform does not support [SHPCHotplug]
[    1.728051] acpi PNP0A08:0a: _OSC: OS now controls [PCIeHotplug PME PCIeCapability LTR]
[    1.728052] acpi PNP0A08:0a: FADT indicates ASPM is unsupported, using BIOS configuration
[    1.728171] PCI host bridge to bus 0000:83
[    1.728172] pci_bus 0000:83: root bus resource [io  0xe000-0xefff window]
[    1.728173] pci_bus 0000:83: root bus resource [mem 0xe6800000-0xf13fffff window]
[    1.728174] pci_bus 0000:83: root bus resource [mem 0x280000000000-0x28ffffffffff window]
[    1.728174] pci_bus 0000:83: root bus resource [bus 83-f9]
[    1.728182] pci 0000:83:00.0: [8086:09a2] type 00 class 0x088000
[    1.728250] pci 0000:83:00.1: [8086:09a4] type 00 class 0x088000
[    1.728318] pci 0000:83:00.2: [8086:09a3] type 00 class 0x088000
[    1.728387] pci 0000:83:00.4: [8086:0998] type 00 class 0x060000
[    1.728465] pci_bus 0000:83: on NUMA node 1
[    1.728523] ACPI: PCI Root Bridge [PC11] (domain 0000 [bus fa])
[    1.728525] acpi PNP0A08:0b: _OSC: OS supports [ExtendedConfig ASPM ClockPM Segments MSI HPX-Type3]
[    1.728617] acpi PNP0A08:0b: PCIe AER handled by firmware
[    1.728720] acpi PNP0A08:0b: _OSC: platform does not support [SHPCHotplug]
[    1.728918] acpi PNP0A08:0b: _OSC: OS now controls [PCIeHotplug PME PCIeCapability LTR]
[    1.728919] acpi PNP0A08:0b: FADT indicates ASPM is unsupported, using BIOS configuration
[    1.729029] PCI host bridge to bus 0000:fa
[    1.729030] pci_bus 0000:fa: root bus resource [io  0xf000-0xffff window]
[    1.729030] pci_bus 0000:fa: root bus resource [mem 0xf1400000-0xfb7fffff window]
[    1.729031] pci_bus 0000:fa: root bus resource [mem 0x290000000000-0x29ffffffffff window]
[    1.729032] pci_bus 0000:fa: root bus resource [bus fa]
[    1.729039] pci 0000:fa:00.0: [8086:09a2] type 00 class 0x088000
[    1.729107] pci 0000:fa:00.1: [8086:09a4] type 00 class 0x088000
[    1.729175] pci 0000:fa:00.2: [8086:09a3] type 00 class 0x088000
[    1.729251] pci 0000:fa:00.4: [8086:0998] type 00 class 0x060000
[    1.729330] pci_bus 0000:fa: on NUMA node 1
[    1.729385] ACPI: PCI Root Bridge [UC16] (domain 0000 [bus fe])
[    1.729387] acpi PNP0A03:02: _OSC: OS supports [ExtendedConfig ASPM ClockPM Segments MSI HPX-Type3]
[    1.729461] acpi PNP0A03:02: PCIe AER handled by firmware
[    1.729549] acpi PNP0A03:02: _OSC: platform does not support [SHPCHotplug LTR]
[    1.729717] acpi PNP0A03:02: _OSC: OS now controls [PCIeHotplug PME PCIeCapability]
[    1.729718] acpi PNP0A03:02: FADT indicates ASPM is unsupported, using BIOS configuration
[    1.729847] PCI host bridge to bus 0000:fe
[    1.729848] pci_bus 0000:fe: root bus resource [bus fe]
[    1.729854] pci 0000:fe:00.0: [8086:3450] type 00 class 0x088000
[    1.729926] pci 0000:fe:00.1: [8086:3451] type 00 class 0x088000
[    1.729992] pci 0000:fe:00.2: [8086:3452] type 00 class 0x088000
[    1.730060] pci 0000:fe:00.3: [8086:0998] type 00 class 0x060000
[    1.730128] pci 0000:fe:00.5: [8086:3455] type 00 class 0x088000
[    1.730205] pci 0000:fe:02.0: [8086:3440] type 00 class 0x088000
[    1.730331] pci 0000:fe:02.1: [8086:3441] type 00 class 0x088000
[    1.730456] pci 0000:fe:02.2: [8086:3442] type 00 class 0x088000
[    1.730574] pci 0000:fe:03.0: [8086:3440] type 00 class 0x088000
[    1.730667] pci 0000:fe:03.1: [8086:3441] type 00 class 0x088000
[    1.730753] pci 0000:fe:03.2: [8086:3442] type 00 class 0x088000
[    1.730844] pci 0000:fe:04.0: [8086:3440] type 00 class 0x088000
[    1.730974] pci 0000:fe:04.1: [8086:3441] type 00 class 0x088000
[    1.731100] pci 0000:fe:04.2: [8086:3442] type 00 class 0x088000
[    1.731224] pci 0000:fe:04.3: [8086:3443] type 00 class 0x088000
[    1.731360] pci 0000:fe:05.0: [8086:3445] type 00 class 0x088000
[    1.731485] pci 0000:fe:05.1: [8086:3446] type 00 class 0x088000
[    1.731606] pci 0000:fe:05.2: [8086:3447] type 00 class 0x088000
[    1.731728] pci 0000:fe:06.0: [8086:3445] type 00 class 0x088000
[    1.731822] pci 0000:fe:06.1: [8086:3446] type 00 class 0x088000
[    1.731911] pci 0000:fe:06.2: [8086:3447] type 00 class 0x088000
[    1.732006] pci 0000:fe:07.0: [8086:3445] type 00 class 0x088000
[    1.732138] pci 0000:fe:07.1: [8086:3446] type 00 class 0x088000
[    1.732274] pci 0000:fe:07.2: [8086:3447] type 00 class 0x088000
[    1.732401] pci 0000:fe:0b.0: [8086:3448] type 00 class 0x088000
[    1.732479] pci 0000:fe:0b.1: [8086:3448] type 00 class 0x088000
[    1.732554] pci 0000:fe:0b.2: [8086:344b] type 00 class 0x088000
[    1.732634] pci 0000:fe:0c.0: [8086:344a] type 00 class 0x110100
[    1.732737] pci 0000:fe:0d.0: [8086:344a] type 00 class 0x110100
[    1.732834] pci 0000:fe:0e.0: [8086:344a] type 00 class 0x110100
[    1.732988] pci 0000:fe:0f.0: [8086:344a] type 00 class 0x110100
[    1.733160] pci 0000:fe:1a.0: [8086:2880] type 00 class 0x110100
[    1.733260] pci 0000:fe:1b.0: [8086:2880] type 00 class 0x110100
[    1.733355] pci 0000:fe:1c.0: [8086:2880] type 00 class 0x110100
[    1.733515] pci 0000:fe:1d.0: [8086:2880] type 00 class 0x110100
[    1.733676] pci_bus 0000:fe: on NUMA node 1
[    1.733746] ACPI: PCI Root Bridge [UC17] (domain 0000 [bus ff])
[    1.733748] acpi PNP0A03:03: _OSC: OS supports [ExtendedConfig ASPM ClockPM Segments MSI HPX-Type3]
[    1.733823] acpi PNP0A03:03: PCIe AER handled by firmware
[    1.733912] acpi PNP0A03:03: _OSC: platform does not support [SHPCHotplug LTR]
[    1.734079] acpi PNP0A03:03: _OSC: OS now controls [PCIeHotplug PME PCIeCapability]
[    1.734079] acpi PNP0A03:03: FADT indicates ASPM is unsupported, using BIOS configuration
[    1.734224] PCI host bridge to bus 0000:ff
[    1.734225] pci_bus 0000:ff: root bus resource [bus ff]
[    1.734235] pci 0000:ff:00.0: [8086:344c] type 00 class 0x088000
[    1.734351] pci 0000:ff:00.1: [8086:344c] type 00 class 0x088000
[    1.734470] pci 0000:ff:00.2: [8086:344c] type 00 class 0x088000
[    1.734577] pci 0000:ff:00.3: [8086:344c] type 00 class 0x088000
[    1.734712] pci 0000:ff:00.4: [8086:344c] type 00 class 0x088000
[    1.734836] pci 0000:ff:00.5: [8086:344c] type 00 class 0x088000
[    1.734939] pci 0000:ff:00.6: [8086:344c] type 00 class 0x088000
[    1.735072] pci 0000:ff:00.7: [8086:344c] type 00 class 0x088000
[    1.735204] pci 0000:ff:01.0: [8086:344c] type 00 class 0x088000
[    1.735346] pci 0000:ff:01.1: [8086:344c] type 00 class 0x088000
[    1.735480] pci 0000:ff:01.2: [8086:344c] type 00 class 0x088000
[    1.735570] pci 0000:ff:01.3: [8086:344c] type 00 class 0x088000
[    1.735720] pci 0000:ff:01.4: [8086:344c] type 00 class 0x088000
[    1.735864] pci 0000:ff:01.5: [8086:344c] type 00 class 0x088000
[    1.736013] pci 0000:ff:01.6: [8086:344c] type 00 class 0x088000
[    1.736146] pci 0000:ff:01.7: [8086:344c] type 00 class 0x088000
[    1.736287] pci 0000:ff:02.0: [8086:344c] type 00 class 0x088000
[    1.736429] pci 0000:ff:02.1: [8086:344c] type 00 class 0x088000
[    1.736568] pci 0000:ff:02.2: [8086:344c] type 00 class 0x088000
[    1.736713] pci 0000:ff:02.3: [8086:344c] type 00 class 0x088000
[    1.736861] pci 0000:ff:02.4: [8086:344c] type 00 class 0x088000
[    1.737006] pci 0000:ff:02.5: [8086:344c] type 00 class 0x088000
[    1.737157] pci 0000:ff:02.6: [8086:344c] type 00 class 0x088000
[    1.737305] pci 0000:ff:02.7: [8086:344c] type 00 class 0x088000
[    1.737463] pci 0000:ff:03.0: [8086:344c] type 00 class 0x088000
[    1.737626] pci 0000:ff:03.1: [8086:344c] type 00 class 0x088000
[    1.737783] pci 0000:ff:03.2: [8086:344c] type 00 class 0x088000
[    1.737945] pci 0000:ff:03.3: [8086:344c] type 00 class 0x088000
[    1.738131] pci 0000:ff:0a.0: [8086:344d] type 00 class 0x088000
[    1.738244] pci 0000:ff:0a.1: [8086:344d] type 00 class 0x088000
[    1.738364] pci 0000:ff:0a.2: [8086:344d] type 00 class 0x088000
[    1.738471] pci 0000:ff:0a.3: [8086:344d] type 00 class 0x088000
[    1.738599] pci 0000:ff:0a.4: [8086:344d] type 00 class 0x088000
[    1.738723] pci 0000:ff:0a.5: [8086:344d] type 00 class 0x088000
[    1.738826] pci 0000:ff:0a.6: [8086:344d] type 00 class 0x088000
[    1.738959] pci 0000:ff:0a.7: [8086:344d] type 00 class 0x088000
[    1.739096] pci 0000:ff:0b.0: [8086:344d] type 00 class 0x088000
[    1.739238] pci 0000:ff:0b.1: [8086:344d] type 00 class 0x088000
[    1.739373] pci 0000:ff:0b.2: [8086:344d] type 00 class 0x088000
[    1.739463] pci 0000:ff:0b.3: [8086:344d] type 00 class 0x088000
[    1.739608] pci 0000:ff:0b.4: [8086:344d] type 00 class 0x088000
[    1.739753] pci 0000:ff:0b.5: [8086:344d] type 00 class 0x088000
[    1.739900] pci 0000:ff:0b.6: [8086:344d] type 00 class 0x088000
[    1.740034] pci 0000:ff:0b.7: [8086:344d] type 00 class 0x088000
[    1.740180] pci 0000:ff:0c.0: [8086:344d] type 00 class 0x088000
[    1.740321] pci 0000:ff:0c.1: [8086:344d] type 00 class 0x088000
[    1.740463] pci 0000:ff:0c.2: [8086:344d] type 00 class 0x088000
[    1.740608] pci 0000:ff:0c.3: [8086:344d] type 00 class 0x088000
[    1.740750] pci 0000:ff:0c.4: [8086:344d] type 00 class 0x088000
[    1.740895] pci 0000:ff:0c.5: [8086:344d] type 00 class 0x088000
[    1.741045] pci 0000:ff:0c.6: [8086:344d] type 00 class 0x088000
[    1.741194] pci 0000:ff:0c.7: [8086:344d] type 00 class 0x088000
[    1.741359] pci 0000:ff:0d.0: [8086:344d] type 00 class 0x088000
[    1.741520] pci 0000:ff:0d.1: [8086:344d] type 00 class 0x088000
[    1.741673] pci 0000:ff:0d.2: [8086:344d] type 00 class 0x088000
[    1.741839] pci 0000:ff:0d.3: [8086:344d] type 00 class 0x088000
[    1.742023] pci 0000:ff:1d.0: [8086:344f] type 00 class 0x088000
[    1.742144] pci 0000:ff:1d.1: [8086:3457] type 00 class 0x088000
[    1.742265] pci 0000:ff:1e.0: [8086:3458] type 00 class 0x088000
[    1.742346] pci 0000:ff:1e.1: [8086:3459] type 00 class 0x088000
[    1.742429] pci 0000:ff:1e.2: [8086:345a] type 00 class 0x088000
[    1.742506] pci 0000:ff:1e.3: [8086:345b] type 00 class 0x088000
[    1.742582] pci 0000:ff:1e.4: [8086:345c] type 00 class 0x088000
[    1.742660] pci 0000:ff:1e.5: [8086:345d] type 00 class 0x088000
[    1.742738] pci 0000:ff:1e.6: [8086:345e] type 00 class 0x088000
[    1.742814] pci 0000:ff:1e.7: [8086:345f] type 00 class 0x088000
[    1.742890] pci_bus 0000:ff: on NUMA node 1
[    1.746006] HMAT: Memory (0x0 length 0x80000000) Flags:0003 Processor Domain:0 Memory Domain:0
[    1.746006] HMAT: Memory (0x100000000 length 0xf80000000) Flags:0003 Processor Domain:0 Memory Domain:0
[    1.746006] HMAT: Memory (0x2080000000 length 0x7e00000000) Flags:0003 Processor Domain:0 Memory Domain:2
[    1.746006] HMAT: Memory (0x1080000000 length 0x1000000000) Flags:0003 Processor Domain:1 Memory Domain:1
[    1.746006] HMAT: Memory (0x9e80000000 length 0x7e00000000) Flags:0003 Processor Domain:1 Memory Domain:3
[    1.746006] HMAT: Locality: Flags:00 Type:Read Latency Initiator Domains:2 Target Domains:4 Base:100
[    1.746006]   Initiator-Target[0-0]:7600 nsec
[    1.746006]   Initiator-Target[0-1]:13560 nsec
[    1.746006]   Initiator-Target[0-2]:25350 nsec
[    1.746006]   Initiator-Target[0-3]:31600 nsec
[    1.746006]   Initiator-Target[1-0]:13560 nsec
[    1.746006]   Initiator-Target[1-1]:7600 nsec
[    1.746006]   Initiator-Target[1-2]:31600 nsec
[    1.746006]   Initiator-Target[1-3]:25350 nsec
[    1.746006] HMAT: Locality: Flags:00 Type:Write Latency Initiator Domains:2 Target Domains:4 Base:100
[    1.746006]   Initiator-Target[0-0]:7600 nsec
[    1.746006]   Initiator-Target[0-1]:13560 nsec
[    1.746006]   Initiator-Target[0-2]:25350 nsec
[    1.746006]   Initiator-Target[0-3]:31600 nsec
[    1.746006]   Initiator-Target[1-0]:13560 nsec
[    1.746006]   Initiator-Target[1-1]:7600 nsec
[    1.746006]   Initiator-Target[1-2]:31600 nsec
[    1.746006]   Initiator-Target[1-3]:25350 nsec
[    1.746006] HMAT: Locality: Flags:00 Type:Read Bandwidth Initiator Domains:2 Target Domains:4 Base:1
[    1.746006]   Initiator-Target[0-0]:1790 MB/s
[    1.746006]   Initiator-Target[0-1]:1790 MB/s
[    1.746006]   Initiator-Target[0-2]:463 MB/s
[    1.746006]   Initiator-Target[0-3]:463 MB/s
[    1.746006]   Initiator-Target[1-0]:1790 MB/s
[    1.746006]   Initiator-Target[1-1]:1790 MB/s
[    1.746006]   Initiator-Target[1-2]:463 MB/s
[    1.746006]   Initiator-Target[1-3]:463 MB/s
[    1.746006] HMAT: Locality: Flags:00 Type:Write Bandwidth Initiator Domains:2 Target Domains:4 Base:1
[    1.746006]   Initiator-Target[0-0]:1910 MB/s
[    1.746006]   Initiator-Target[0-1]:1910 MB/s
[    1.746006]   Initiator-Target[0-2]:138 MB/s
[    1.746006]   Initiator-Target[0-3]:138 MB/s
[    1.746006]   Initiator-Target[1-0]:1910 MB/s
[    1.746006]   Initiator-Target[1-1]:1910 MB/s
[    1.746006]   Initiator-Target[1-2]:138 MB/s
[    1.746006]   Initiator-Target[1-3]:138 MB/s
[    1.746006] WARNING: CPU: 62 PID: 1 at drivers/base/node.c:191 node_set_perf_attrs+0x90/0xb0
[    1.746006] Modules linked in:
[    1.746006] CPU: 62 PID: 1 Comm: swapper/0 Not tainted 5.3.1-multiclock #1
[    1.746006] Hardware name: Dell Inc. PowerEdge R750/0K8F35, BIOS 1.10.2 03/03/2023
[    1.746006] RIP: 0010:node_set_perf_attrs+0x90/0xb0
[    1.746006] Code: f4 02 00 00 4c 89 ea 4c 89 e7 e8 bb bf c7 ff 85 c0 75 24 48 83 c3 08 48 8b 33 48 85 f6 75 e5 5b 41 5a 41 5c 41 5d 41 5e 5d c3 <0f> 0b 5b 41 5a 41 5c 41 5d 41 5e 5d c3 44 89 f6 48 c7 c7 70 5b 3a
[    1.746006] RSP: 0000:ffffa63a0007bd80 EFLAGS: 00010246
[    1.746006] RAX: 0000000000000002 RBX: 0000000000000003 RCX: 0000000000000000
[    1.746006] RDX: 0000000000000000 RSI: ffff903f58286318 RDI: 0000000000000002
[    1.746006] RBP: ffffa63a0007bda8 R08: ffff903f57ec04e0 R09: 0000000000000000
[    1.746006] R10: ffff903f5ce0f140 R11: ffff902eecc748b0 R12: ffff903f58286300
[    1.746006] R13: ffffffff94adb310 R14: 0000000000000005 R15: ffffffff94895806
[    1.746006] FS:  0000000000000000(0000) GS:ffff902eed7c0000(0000) knlGS:0000000000000000
[    1.746006] CS:  0010 DS: 0000 ES: 0000 CR0: 0000000080050033
[    1.746006] CR2: 0000000000000000 CR3: 0000000d56e0a001 CR4: 0000000000760ee0
[    1.746006] DR0: 0000000000000000 DR1: 0000000000000000 DR2: 0000000000000000
[    1.746006] DR3: 0000000000000000 DR6: 00000000fffe0ff0 DR7: 0000000000000400
[    1.746006] PKRU: 55555554
[    1.746006] Call Trace:
[    1.746006]  hmat_init+0x32a/0x43c
[    1.746006]  ? hmat_parse_subtable+0x503/0x503
[    1.746006]  ? set_debug_rodata+0x17/0x17
[    1.746006]  do_one_initcall+0x4a/0x1fa
[    1.746006]  kernel_init_freeable+0x1c6/0x26d
[    1.746006]  ? rest_init+0xb0/0xb0
[    1.746006]  kernel_init+0xe/0x110
[    1.746006]  ret_from_fork+0x1f/0x40
[    1.746006] ---[ end trace 5d1bee587c7d0e23 ]---
[    1.746022] pci 0000:03:00.0: vgaarb: setting as boot VGA device
[    1.746022] pci 0000:03:00.0: vgaarb: VGA device added: decodes=io+mem,owns=io+mem,locks=none
[    1.746082] pci 0000:03:00.0: vgaarb: bridge control possible
[    1.746083] vgaarb: loaded
[    1.746275] SCSI subsystem initialized
[    1.746419] libata version 3.00 loaded.
[    1.746419] ACPI: bus type USB registered
[    1.746419] usbcore: registered new interface driver usbfs
[    1.746419] usbcore: registered new interface driver hub
[    1.746419] usbcore: registered new device driver usb
[    1.746419] pps_core: LinuxPPS API ver. 1 registered
[    1.746419] pps_core: Software ver. 5.3.6 - Copyright 2005-2007 Rodolfo Giometti <giometti@linux.it>
[    1.746419] PTP clock support registered
[    1.746535] EDAC MC: Ver: 3.0.0
[    1.746744] Registered efivars operations
[    1.750031] PCI: Using ACPI for IRQ routing
[    1.750263] PCI: pci_cache_line_size set to 64 bytes
[    1.750823] e820: reserve RAM buffer [mem 0x0008f000-0x0008ffff]
[    1.750824] e820: reserve RAM buffer [mem 0x47bdd020-0x47ffffff]
[    1.750826] e820: reserve RAM buffer [mem 0x47c0f020-0x47ffffff]
[    1.750827] e820: reserve RAM buffer [mem 0x47c42020-0x47ffffff]
[    1.750827] e820: reserve RAM buffer [mem 0x47c75020-0x47ffffff]
[    1.750828] e820: reserve RAM buffer [mem 0x49e77000-0x4bffffff]
[    1.750829] e820: reserve RAM buffer [mem 0x4b2cf000-0x4bffffff]
[    1.750830] e820: reserve RAM buffer [mem 0x4bd94000-0x4bffffff]
[    1.750831] e820: reserve RAM buffer [mem 0x4ce00000-0x4fffffff]
[    1.750831] e820: reserve RAM buffer [mem 0x5eefe000-0x5fffffff]
[    1.750832] e820: reserve RAM buffer [mem 0x6f800000-0x6fffffff]
[    1.751115] NetLabel: Initializing
[    1.751116] NetLabel:  domain hash size = 128
[    1.751116] NetLabel:  protocols = UNLABELED CIPSOv4 CALIPSO
[    1.751134] NetLabel:  unlabeled traffic allowed by default
[    1.755331] hpet0: at MMIO 0xfed00000, IRQs 2, 8, 0, 0, 0, 0, 0, 0
[    1.755334] hpet0: 8 comparators, 64-bit 24.000000 MHz counter
[    1.758203] clocksource: Switched to clocksource tsc-early
[    1.768939] VFS: Disk quotas dquot_6.6.0
[    1.768980] VFS: Dquot-cache hash table entries: 512 (order 0, 4096 bytes)
[    1.769262] *** VALIDATE hugetlbfs ***
[    1.769380] AppArmor: AppArmor Filesystem Enabled
[    1.769397] pnp: PnP ACPI init
[    1.784733] pnp 00:00: Plug and Play ACPI device, IDs PNP0b00 (active)
[    1.784896] system 00:01: [io  0x0500-0x05fe] has been reserved
[    1.784897] system 00:01: [io  0x0400-0x041f] has been reserved
[    1.784898] system 00:01: [io  0x0600-0x061f] has been reserved
[    1.784899] system 00:01: [io  0x0ca0-0x0ca1] has been reserved
[    1.784900] system 00:01: [io  0x0ca4-0x0ca6] has been reserved
[    1.784902] system 00:01: [mem 0xff000000-0xffffffff] has been reserved
[    1.784905] system 00:01: Plug and Play ACPI device, IDs PNP0c02 (active)
[    1.785154] pnp 00:02: Plug and Play ACPI device, IDs PNP0501 (active)
[    1.785362] pnp 00:03: Plug and Play ACPI device, IDs PNP0501 (active)
[    1.785513] system 00:04: [mem 0xfd000000-0xfdabffff] has been reserved
[    1.785515] system 00:04: [mem 0xfdad0000-0xfdadffff] has been reserved
[    1.785516] system 00:04: [mem 0xfdb00000-0xfdffffff] has been reserved
[    1.785517] system 00:04: [mem 0xfe000000-0xfe00ffff] has been reserved
[    1.785518] system 00:04: [mem 0xfe011000-0xfe01ffff] has been reserved
[    1.785519] system 00:04: [mem 0xfe036000-0xfe03bfff] has been reserved
[    1.785520] system 00:04: [mem 0xfe03d000-0xfe3fffff] has been reserved
[    1.785521] system 00:04: [mem 0xfe410000-0xfe7fffff] has been reserved
[    1.785523] system 00:04: Plug and Play ACPI device, IDs PNP0c02 (active)
[    1.785845] system 00:05: [io  0x1000-0x10fe] has been reserved
[    1.785847] system 00:05: Plug and Play ACPI device, IDs PNP0c02 (active)
[    1.786833] pnp: PnP ACPI: found 6 devices
[    1.787916] thermal_sys: Registered thermal governor 'fair_share'
[    1.787916] thermal_sys: Registered thermal governor 'bang_bang'
[    1.787917] thermal_sys: Registered thermal governor 'step_wise'
[    1.787918] thermal_sys: Registered thermal governor 'user_space'
[    1.787918] thermal_sys: Registered thermal governor 'power_allocator'
[    1.792410] clocksource: acpi_pm: mask: 0xffffff max_cycles: 0xffffff, max_idle_ns: 2085701024 ns
[    1.792432] pci 0000:04:00.0: can't claim BAR 6 [mem 0xfffc0000-0xffffffff pref]: no compatible bridge window
[    1.792433] pci 0000:04:00.1: can't claim BAR 6 [mem 0xfffc0000-0xffffffff pref]: no compatible bridge window
[    1.792434] pci 0000:17:00.0: can't claim BAR 6 [mem 0xfff00000-0xffffffff pref]: no compatible bridge window
[    1.792448] pci 0000:00:1c.5: BAR 14: assigned [mem 0x90000000-0x900fffff]
[    1.792451] pci 0000:00:1c.0: PCI bridge to [bus 01]
[    1.792459] pci 0000:02:00.0: PCI bridge to [bus 03]
[    1.792464] pci 0000:02:00.0:   bridge window [mem 0x92000000-0x928fffff]
[    1.792467] pci 0000:02:00.0:   bridge window [mem 0x91000000-0x91ffffff 64bit pref]
[    1.792473] pci 0000:00:1c.4: PCI bridge to [bus 02-03]
[    1.792476] pci 0000:00:1c.4:   bridge window [mem 0x92000000-0x928fffff]
[    1.792478] pci 0000:00:1c.4:   bridge window [mem 0x91000000-0x91ffffff 64bit pref]
[    1.792483] pci 0000:04:00.0: BAR 6: assigned [mem 0x90000000-0x9003ffff pref]
[    1.792484] pci 0000:04:00.1: BAR 6: assigned [mem 0x90040000-0x9007ffff pref]
[    1.792485] pci 0000:00:1c.5: PCI bridge to [bus 04]
[    1.792488] pci 0000:00:1c.5:   bridge window [mem 0x90000000-0x900fffff]
[    1.792490] pci 0000:00:1c.5:   bridge window [mem 0x92900000-0x929fffff 64bit pref]
[    1.792495] pci_bus 0000:00: resource 4 [io  0x0000-0x0cf7 window]
[    1.792496] pci_bus 0000:00: resource 5 [io  0x1000-0x4fff window]
[    1.792496] pci_bus 0000:00: resource 6 [mem 0x000a0000-0x000bffff window]
[    1.792497] pci_bus 0000:00: resource 7 [mem 0x000c8000-0x000cffff window]
