2024年 06月 30日 星期日 14:39:39 CST
pgmigrate_success 73430
pgmigrate_fail 43
pgmigrate_dst_node_full_fail 1
pgmigrate_numa_isolate_fail 6
pgmigrate_nomem_fail 1
pgmigrate_refcount_fail 0
thp_fault_alloc 16849
thp_fault_fallback 0
thp_collapse_alloc 19
thp_collapse_alloc_failed 0
thp_file_alloc 0
thp_file_mapped 0
thp_split_page 0
thp_split_page_failed 0
thp_deferred_split_page 16847
thp_split_pmd 9
thp_split_pud 0
thp_zero_page_alloc 0
thp_zero_page_alloc_failed 0
thp_swpout 0
thp_swpout_fallback 0
MemTotal:       1123315000 kB
MemFree:        1092659752 kB
MemAvailable:   1090367240 kB
Buffers:            5168 kB
Cached:           440840 kB
SwapCached:            0 kB
Active:           454592 kB
Inactive:         581044 kB
Active(anon):     264036 kB
Inactive(anon):   332224 kB
Active(file):     190556 kB
Inactive(file):   248820 kB
Unevictable:           0 kB
Mlocked:               0 kB
SwapTotal:       2097148 kB
SwapFree:        2096892 kB
Dirty:               344 kB
Writeback:             0 kB
AnonPages:        589992 kB
Mapped:           437332 kB
Shmem:              6172 kB
KReclaimable:     254200 kB
Slab:             626824 kB
SReclaimable:     254200 kB
SUnreclaim:       372624 kB
KernelStack:       33588 kB
PageTables:        27736 kB
NFS_Unstable:          0 kB
Bounce:                0 kB
WritebackTmp:          0 kB
CommitLimit:    563754648 kB
Committed_AS:    6839816 kB
VmallocTotal:   34359738367 kB
VmallocUsed:      161220 kB
VmallocChunk:          0 kB
Percpu:           123648 kB
HardwareCorrupted:     0 kB
AnonHugePages:     20480 kB
ShmemHugePages:        0 kB
ShmemPmdMapped:        0 kB
CmaTotal:              0 kB
CmaFree:               0 kB
HugePages_Total:       0
HugePages_Free:        0
HugePages_Rsvd:        0
HugePages_Surp:        0
Hugepagesize:       2048 kB
Hugetlb:               0 kB
DirectMap4k:      970212 kB
DirectMap2M:    10000384 kB
DirectMap1G:    1178599424 kB
2024年 06月 30日 星期日 14:40:28 CST
pgmigrate_success 82195
pgmigrate_fail 43
pgmigrate_dst_node_full_fail 1
pgmigrate_numa_isolate_fail 6
pgmigrate_nomem_fail 1
pgmigrate_refcount_fail 0
thp_fault_alloc 33679
thp_fault_fallback 0
thp_collapse_alloc 23
thp_collapse_alloc_failed 0
thp_file_alloc 0
thp_file_mapped 0
thp_split_page 0
thp_split_page_failed 0
thp_deferred_split_page 33677
thp_split_pmd 18
thp_split_pud 0
thp_zero_page_alloc 0
thp_zero_page_alloc_failed 0
thp_swpout 0
thp_swpout_fallback 0
MemTotal:       1123315000 kB
MemFree:        1069790520 kB
MemAvailable:   1089201776 kB
Buffers:           64368 kB
Cached:         23071488 kB
SwapCached:            4 kB
Active:           559264 kB
Inactive:       23176340 kB
Active(anon):     274752 kB
Inactive(anon):   331212 kB
Active(file):     284512 kB
Inactive(file): 22845128 kB
Unevictable:           0 kB
Mlocked:               0 kB
SwapTotal:       2097148 kB
SwapFree:        2096892 kB
Dirty:                64 kB
Writeback:             0 kB
AnonPages:        599048 kB
Mapped:           437408 kB
Shmem:              6172 kB
KReclaimable:     358736 kB
Slab:             732688 kB
SReclaimable:     358736 kB
SUnreclaim:       373952 kB
KernelStack:       33840 kB
PageTables:        28112 kB
NFS_Unstable:          0 kB
Bounce:                0 kB
WritebackTmp:          0 kB
CommitLimit:    563754648 kB
Committed_AS:    6853976 kB
VmallocTotal:   34359738367 kB
VmallocUsed:      161268 kB
VmallocChunk:          0 kB
Percpu:           123648 kB
HardwareCorrupted:     0 kB
AnonHugePages:     22528 kB
ShmemHugePages:        0 kB
ShmemPmdMapped:        0 kB
CmaTotal:              0 kB
CmaFree:               0 kB
HugePages_Total:       0
HugePages_Free:        0
HugePages_Rsvd:        0
HugePages_Surp:        0
Hugepagesize:       2048 kB
Hugetlb:               0 kB
DirectMap4k:      970212 kB
DirectMap2M:    10000384 kB
DirectMap1G:    1178599424 kB
