2024年 06月 18日 星期二 17:50:49 CST
pgmigrate_success 67996
pgmigrate_fail 1854095
pgmigrate_dst_node_full_fail 1854017
pgmigrate_numa_isolate_fail 10
pgmigrate_nomem_fail 0
pgmigrate_refcount_fail 0
thp_fault_alloc 17131
thp_fault_fallback 0
thp_collapse_alloc 4
thp_collapse_alloc_failed 0
thp_file_alloc 0
thp_file_mapped 0
thp_split_page 0
thp_split_page_failed 0
thp_deferred_split_page 17128
thp_split_pmd 15
thp_split_pud 0
thp_zero_page_alloc 0
thp_zero_page_alloc_failed 0
thp_swpout 0
thp_swpout_fallback 0
MemTotal:       1084304780 kB
MemFree:        1053029752 kB
MemAvailable:   1050908140 kB
Buffers:           46992 kB
Cached:           268944 kB
SwapCached:         1344 kB
Active:           520112 kB
Inactive:         701408 kB
Active(anon):     292568 kB
Inactive(anon):   618564 kB
Active(file):     227544 kB
Inactive(file):    82844 kB
Unevictable:           0 kB
Mlocked:               0 kB
SwapTotal:       2097148 kB
SwapFree:        2068220 kB
Dirty:                20 kB
Writeback:             0 kB
AnonPages:        905284 kB
Mapped:           266288 kB
Shmem:              5496 kB
KReclaimable:     264192 kB
Slab:             662256 kB
SReclaimable:     264192 kB
SUnreclaim:       398064 kB
KernelStack:       33888 kB
PageTables:        32696 kB
NFS_Unstable:          0 kB
Bounce:                0 kB
WritebackTmp:          0 kB
CommitLimit:    544249536 kB
Committed_AS:    6332952 kB
VmallocTotal:   34359738367 kB
VmallocUsed:      105956 kB
VmallocChunk:          0 kB
Percpu:           122304 kB
HardwareCorrupted:     0 kB
AnonHugePages:     14336 kB
ShmemHugePages:        0 kB
ShmemPmdMapped:        0 kB
CmaTotal:              0 kB
CmaFree:               0 kB
HugePages_Total:       0
HugePages_Free:        0
HugePages_Rsvd:        0
HugePages_Surp:        0
Hugepagesize:       2048 kB
Hugetlb:               0 kB
DirectMap4k:     1084904 kB
DirectMap2M:     8837120 kB
DirectMap1G:    1179648000 kB
2024年 06月 18日 星期二 17:52:39 CST
pgmigrate_success 108765
pgmigrate_fail 3355793
pgmigrate_dst_node_full_fail 3356314
pgmigrate_numa_isolate_fail 10
pgmigrate_nomem_fail 2
pgmigrate_refcount_fail 0
thp_fault_alloc 34285
thp_fault_fallback 0
thp_collapse_alloc 14
thp_collapse_alloc_failed 0
thp_file_alloc 0
thp_file_mapped 0
thp_split_page 0
thp_split_page_failed 0
thp_deferred_split_page 34284
thp_split_pmd 59
thp_split_pud 0
thp_zero_page_alloc 0
thp_zero_page_alloc_failed 0
thp_swpout 0
thp_swpout_fallback 0
MemTotal:       1084304780 kB
MemFree:        1038093044 kB
MemAvailable:   1049806840 kB
Buffers:           61248 kB
Cached:         15115496 kB
SwapCached:         1524 kB
Active:           364060 kB
Inactive:       15708204 kB
Active(anon):     138672 kB
Inactive(anon):   762468 kB
Active(file):     225388 kB
Inactive(file): 14945736 kB
Unevictable:           0 kB
Mlocked:               0 kB
SwapTotal:       2097148 kB
SwapFree:        2051324 kB
Dirty:                12 kB
Writeback:             0 kB
AnonPages:        895016 kB
Mapped:           209308 kB
Shmem:              5500 kB
KReclaimable:     350240 kB
Slab:             754812 kB
SReclaimable:     350240 kB
SUnreclaim:       404572 kB
KernelStack:       34112 kB
PageTables:        33020 kB
NFS_Unstable:          0 kB
Bounce:                0 kB
WritebackTmp:          0 kB
CommitLimit:    544249536 kB
Committed_AS:    6127292 kB
VmallocTotal:   34359738367 kB
VmallocUsed:      105988 kB
VmallocChunk:          0 kB
Percpu:           122304 kB
HardwareCorrupted:     0 kB
AnonHugePages:     24576 kB
ShmemHugePages:        0 kB
ShmemPmdMapped:        0 kB
CmaTotal:              0 kB
CmaFree:               0 kB
HugePages_Total:       0
HugePages_Free:        0
HugePages_Rsvd:        0
HugePages_Surp:        0
Hugepagesize:       2048 kB
Hugetlb:               0 kB
DirectMap4k:     1084904 kB
DirectMap2M:     8837120 kB
DirectMap1G:    1179648000 kB
