[    0.000000] Linux version 5.15.0-tiering-0.8 (xmu@xmu-PowerEdge-R750) (gcc (Ubuntu 8.4.0-1ubuntu1~18.04) 8.4.0, GNU ld (GNU Binutils for Ubuntu) 2.30) #1 SMP Thu Apr 18 19:37:58 CST 2024
[    0.000000] Command line: BOOT_IMAGE=/boot/vmlinuz-5.15.0-tiering-0.8 root=UUID=ce0c24b8-724b-4f33-9b2c-618433560aef ro memmap=45748M!4096M memmap=59G!64G quiet splash nomodeset vt.handoff=1
[    0.000000] KERNEL supported cpus:
[    0.000000]   Intel GenuineIntel
[    0.000000]   AMD AuthenticAMD
[    0.000000]   Hygon HygonGenuine
[    0.000000]   Centaur CentaurHauls
[    0.000000]   zhaoxin   Shanghai  
[    0.000000] x86/split lock detection: #AC: crashing the kernel on kernel split_locks and warning on user-space split_locks
[    0.000000] x86/fpu: Supporting XSAVE feature 0x001: 'x87 floating point registers'
[    0.000000] x86/fpu: Supporting XSAVE feature 0x002: 'SSE registers'
[    0.000000] x86/fpu: Supporting XSAVE feature 0x004: 'AVX registers'
[    0.000000] x86/fpu: Supporting XSAVE feature 0x020: 'AVX-512 opmask'
[    0.000000] x86/fpu: Supporting XSAVE feature 0x040: 'AVX-512 Hi256'
[    0.000000] x86/fpu: Supporting XSAVE feature 0x080: 'AVX-512 ZMM_Hi256'
[    0.000000] x86/fpu: Supporting XSAVE feature 0x200: 'Protection Keys User registers'
[    0.000000] x86/fpu: xstate_offset[2]:  576, xstate_sizes[2]:  256
[    0.000000] x86/fpu: xstate_offset[5]:  832, xstate_sizes[5]:   64
[    0.000000] x86/fpu: xstate_offset[6]:  896, xstate_sizes[6]:  512
[    0.000000] x86/fpu: xstate_offset[7]: 1408, xstate_sizes[7]: 1024
[    0.000000] x86/fpu: xstate_offset[9]: 2432, xstate_sizes[9]:    8
[    0.000000] x86/fpu: Enabled xstate features 0x2e7, context size is 2440 bytes, using 'compacted' format.
[    0.000000] signal: max sigframe size: 3632
[    0.000000] BIOS-provided physical RAM map:
[    0.000000] BIOS-e820: [mem 0x0000000000000000-0x000000000008efff] usable
[    0.000000] BIOS-e820: [mem 0x000000000008f000-0x000000000008ffff] reserved
[    0.000000] BIOS-e820: [mem 0x0000000000090000-0x000000000009ffff] usable
[    0.000000] BIOS-e820: [mem 0x00000000000a0000-0x00000000000fffff] reserved
[    0.000000] BIOS-e820: [mem 0x0000000000100000-0x0000000049e76fff] usable
[    0.000000] BIOS-e820: [mem 0x0000000049e77000-0x000000004ae76fff] ACPI NVS
[    0.000000] BIOS-e820: [mem 0x000000004ae77000-0x000000004b2cefff] usable
[    0.000000] BIOS-e820: [mem 0x000000004b2cf000-0x000000004b54dfff] ACPI data
[    0.000000] BIOS-e820: [mem 0x000000004b54e000-0x000000004bd93fff] usable
[    0.000000] BIOS-e820: [mem 0x000000004bd94000-0x000000004be99fff] reserved
[    0.000000] BIOS-e820: [mem 0x000000004be9a000-0x000000004cdfffff] usable
[    0.000000] BIOS-e820: [mem 0x000000004ce00000-0x000000004cffffff] reserved
[    0.000000] BIOS-e820: [mem 0x000000004d000000-0x000000005eefdfff] usable
[    0.000000] BIOS-e820: [mem 0x000000005eefe000-0x000000006e3fefff] reserved
[    0.000000] BIOS-e820: [mem 0x000000006e3ff000-0x000000006f3fefff] ACPI NVS
[    0.000000] BIOS-e820: [mem 0x000000006f3ff000-0x000000006f7fefff] ACPI data
[    0.000000] BIOS-e820: [mem 0x000000006f7ff000-0x000000006f7fffff] usable
[    0.000000] BIOS-e820: [mem 0x000000006f800000-0x000000008fffffff] reserved
[    0.000000] BIOS-e820: [mem 0x00000000fe000000-0x00000000fe010fff] reserved
[    0.000000] BIOS-e820: [mem 0x0000000100000000-0x000000207fffffff] usable
[    0.000000] BIOS-e820: [mem 0x0000002080000000-0x0000011c7fffffff] persistent (type 7)
[    0.000000] BIOS-e820: [mem 0x00001ffc00000000-0x00001fffffffffff] reserved
[    0.000000] NX (Execute Disable) protection: active
[    0.000000] e820: update [mem 0x46d5d020-0x46d6505f] usable ==> usable
[    0.000000] e820: update [mem 0x46d5d020-0x46d6505f] usable ==> usable
[    0.000000] e820: update [mem 0x46d2a020-0x46d5cc5f] usable ==> usable
[    0.000000] e820: update [mem 0x46d2a020-0x46d5cc5f] usable ==> usable
[    0.000000] e820: update [mem 0x46cf7020-0x46d29c5f] usable ==> usable
[    0.000000] e820: update [mem 0x46cf7020-0x46d29c5f] usable ==> usable
[    0.000000] e820: update [mem 0x46cc5020-0x46cf6a5f] usable ==> usable
[    0.000000] e820: update [mem 0x46cc5020-0x46cf6a5f] usable ==> usable
[    0.000000] extended physical RAM map:
[    0.000000] reserve setup_data: [mem 0x0000000000000000-0x000000000008efff] usable
[    0.000000] reserve setup_data: [mem 0x000000000008f000-0x000000000008ffff] reserved
[    0.000000] reserve setup_data: [mem 0x0000000000090000-0x000000000009ffff] usable
[    0.000000] reserve setup_data: [mem 0x00000000000a0000-0x00000000000fffff] reserved
[    0.000000] reserve setup_data: [mem 0x0000000000100000-0x0000000046cc501f] usable
[    0.000000] reserve setup_data: [mem 0x0000000046cc5020-0x0000000046cf6a5f] usable
[    0.000000] reserve setup_data: [mem 0x0000000046cf6a60-0x0000000046cf701f] usable
[    0.000000] reserve setup_data: [mem 0x0000000046cf7020-0x0000000046d29c5f] usable
[    0.000000] reserve setup_data: [mem 0x0000000046d29c60-0x0000000046d2a01f] usable
[    0.000000] reserve setup_data: [mem 0x0000000046d2a020-0x0000000046d5cc5f] usable
[    0.000000] reserve setup_data: [mem 0x0000000046d5cc60-0x0000000046d5d01f] usable
[    0.000000] reserve setup_data: [mem 0x0000000046d5d020-0x0000000046d6505f] usable
[    0.000000] reserve setup_data: [mem 0x0000000046d65060-0x0000000049e76fff] usable
[    0.000000] reserve setup_data: [mem 0x0000000049e77000-0x000000004ae76fff] ACPI NVS
[    0.000000] reserve setup_data: [mem 0x000000004ae77000-0x000000004b2cefff] usable
[    0.000000] reserve setup_data: [mem 0x000000004b2cf000-0x000000004b54dfff] ACPI data
[    0.000000] reserve setup_data: [mem 0x000000004b54e000-0x000000004bd93fff] usable
[    0.000000] reserve setup_data: [mem 0x000000004bd94000-0x000000004be99fff] reserved
[    0.000000] reserve setup_data: [mem 0x000000004be9a000-0x000000004cdfffff] usable
[    0.000000] reserve setup_data: [mem 0x000000004ce00000-0x000000004cffffff] reserved
[    0.000000] reserve setup_data: [mem 0x000000004d000000-0x000000005eefdfff] usable
[    0.000000] reserve setup_data: [mem 0x000000005eefe000-0x000000006e3fefff] reserved
[    0.000000] reserve setup_data: [mem 0x000000006e3ff000-0x000000006f3fefff] ACPI NVS
[    0.000000] reserve setup_data: [mem 0x000000006f3ff000-0x000000006f7fefff] ACPI data
[    0.000000] reserve setup_data: [mem 0x000000006f7ff000-0x000000006f7fffff] usable
[    0.000000] reserve setup_data: [mem 0x000000006f800000-0x000000008fffffff] reserved
[    0.000000] reserve setup_data: [mem 0x00000000fe000000-0x00000000fe010fff] reserved
[    0.000000] reserve setup_data: [mem 0x0000000100000000-0x0000000c2b3fffff] persistent (type 12)
[    0.000000] reserve setup_data: [mem 0x0000000c2b400000-0x0000000fffffffff] usable
[    0.000000] reserve setup_data: [mem 0x0000001000000000-0x0000001ebfffffff] persistent (type 12)
[    0.000000] reserve setup_data: [mem 0x0000001ec0000000-0x000000207fffffff] usable
[    0.000000] reserve setup_data: [mem 0x0000002080000000-0x0000011c7fffffff] persistent (type 7)
[    0.000000] reserve setup_data: [mem 0x00001ffc00000000-0x00001fffffffffff] reserved
[    0.000000] user-defined physical RAM map:
[    0.000000] user: [mem 0x0000000000000000-0x000000000008efff] usable
[    0.000000] user: [mem 0x000000000008f000-0x000000000008ffff] reserved
[    0.000000] user: [mem 0x0000000000090000-0x000000000009ffff] usable
[    0.000000] user: [mem 0x00000000000a0000-0x00000000000fffff] reserved
[    0.000000] user: [mem 0x0000000000100000-0x0000000046cc501f] usable
[    0.000000] user: [mem 0x0000000046cc5020-0x0000000046cf6a5f] usable
[    0.000000] user: [mem 0x0000000046cf6a60-0x0000000046cf701f] usable
[    0.000000] user: [mem 0x0000000046cf7020-0x0000000046d29c5f] usable
[    0.000000] user: [mem 0x0000000046d29c60-0x0000000046d2a01f] usable
[    0.000000] user: [mem 0x0000000046d2a020-0x0000000046d5cc5f] usable
[    0.000000] user: [mem 0x0000000046d5cc60-0x0000000046d5d01f] usable
[    0.000000] user: [mem 0x0000000046d5d020-0x0000000046d6505f] usable
[    0.000000] user: [mem 0x0000000046d65060-0x0000000049e76fff] usable
[    0.000000] user: [mem 0x0000000049e77000-0x000000004ae76fff] ACPI NVS
[    0.000000] user: [mem 0x000000004ae77000-0x000000004b2cefff] usable
[    0.000000] user: [mem 0x000000004b2cf000-0x000000004b54dfff] ACPI data
[    0.000000] user: [mem 0x000000004b54e000-0x000000004bd93fff] usable
[    0.000000] user: [mem 0x000000004bd94000-0x000000004be99fff] reserved
[    0.000000] user: [mem 0x000000004be9a000-0x000000004cdfffff] usable
[    0.000000] user: [mem 0x000000004ce00000-0x000000004cffffff] reserved
[    0.000000] user: [mem 0x000000004d000000-0x000000005eefdfff] usable
[    0.000000] user: [mem 0x000000005eefe000-0x000000006e3fefff] reserved
[    0.000000] user: [mem 0x000000006e3ff000-0x000000006f3fefff] ACPI NVS
[    0.000000] user: [mem 0x000000006f3ff000-0x000000006f7fefff] ACPI data
[    0.000000] user: [mem 0x000000006f7ff000-0x000000006f7fffff] usable
[    0.000000] user: [mem 0x000000006f800000-0x000000008fffffff] reserved
[    0.000000] user: [mem 0x00000000fe000000-0x00000000fe010fff] reserved
[    0.000000] user: [mem 0x0000000100000000-0x0000000c2b3fffff] persistent (type 12)
[    0.000000] user: [mem 0x0000000c2b400000-0x0000000fffffffff] usable
[    0.000000] user: [mem 0x0000001000000000-0x0000001ebfffffff] persistent (type 12)
[    0.000000] user: [mem 0x0000001ec0000000-0x000000207fffffff] usable
[    0.000000] user: [mem 0x0000002080000000-0x0000011c7fffffff] persistent (type 7)
[    0.000000] user: [mem 0x00001ffc00000000-0x00001fffffffffff] reserved
[    0.000000] efi: EFI v2.70 by Dell Inc.
[    0.000000] efi: ACPI=0x6f7fe000 ACPI 2.0=0x6f7fe014 MEMATTR=0x5b070020 SMBIOS=0x69526000 SMBIOS 3.0=0x69524000 MOKvar=0x5ef81000 RNG=0x5ef8a920 
[    0.000000] efi: seeding entropy pool
[    0.000000] random: fast init done
[    0.000000] SMBIOS 3.3.0 present.
[    0.000000] DMI: Dell Inc. PowerEdge R750/0K8F35, BIOS 1.10.2 03/03/2023
[    0.000000] tsc: Detected 2000.000 MHz processor
[    0.000007] e820: update [mem 0x00000000-0x00000fff] usable ==> reserved
[    0.000010] e820: remove [mem 0x000a0000-0x000fffff] usable
[    0.000018] last_pfn = 0x2080000 max_arch_pfn = 0x400000000
[    0.000190] x86/PAT: Configuration [0-7]: WB  WC  UC- UC  WB  WP  UC- WT  
[    0.002775] total RAM covered: 2095088M
[    0.002857]  gran_size: 64K 	chunk_size: 64K 	num_reg: 10  	lose cover RAM: 2016G
[    0.002860]  gran_size: 64K 	chunk_size: 128K 	num_reg: 10  	lose cover RAM: 2016G
[    0.002861]  gran_size: 64K 	chunk_size: 256K 	num_reg: 10  	lose cover RAM: 2016G
[    0.002863]  gran_size: 64K 	chunk_size: 512K 	num_reg: 10  	lose cover RAM: 2016G
[    0.002864]  gran_size: 64K 	chunk_size: 1M 	num_reg: 10  	lose cover RAM: 2016G
[    0.002866]  gran_size: 64K 	chunk_size: 2M 	num_reg: 10  	lose cover RAM: 2016G
[    0.002867]  gran_size: 64K 	chunk_size: 4M 	num_reg: 10  	lose cover RAM: 2016G
[    0.002868]  gran_size: 64K 	chunk_size: 8M 	num_reg: 10  	lose cover RAM: 2016G
[    0.002869]  gran_size: 64K 	chunk_size: 16M 	num_reg: 10  	lose cover RAM: 2016G
[    0.002871]  gran_size: 64K 	chunk_size: 32M 	num_reg: 10  	lose cover RAM: 1024G
[    0.002872]  gran_size: 64K 	chunk_size: 64M 	num_reg: 10  	lose cover RAM: 1024G
[    0.002873]  gran_size: 64K 	chunk_size: 128M 	num_reg: 10  	lose cover RAM: 1024G
[    0.002874]  gran_size: 64K 	chunk_size: 256M 	num_reg: 10  	lose cover RAM: 1024G
[    0.002876]  gran_size: 64K 	chunk_size: 512M 	num_reg: 10  	lose cover RAM: 1024G
[    0.002877]  gran_size: 64K 	chunk_size: 1G 	num_reg: 10  	lose cover RAM: 1024G
[    0.002878]  gran_size: 64K 	chunk_size: 2G 	num_reg: 10  	lose cover RAM: 1024G
[    0.002879]  gran_size: 128K 	chunk_size: 128K 	num_reg: 10  	lose cover RAM: 2016G
[    0.002881]  gran_size: 128K 	chunk_size: 256K 	num_reg: 10  	lose cover RAM: 2016G
[    0.002882]  gran_size: 128K 	chunk_size: 512K 	num_reg: 10  	lose cover RAM: 2016G
[    0.002883]  gran_size: 128K 	chunk_size: 1M 	num_reg: 10  	lose cover RAM: 2016G
[    0.002885]  gran_size: 128K 	chunk_size: 2M 	num_reg: 10  	lose cover RAM: 2016G
[    0.002886]  gran_size: 128K 	chunk_size: 4M 	num_reg: 10  	lose cover RAM: 2016G
[    0.002887]  gran_size: 128K 	chunk_size: 8M 	num_reg: 10  	lose cover RAM: 2016G
[    0.002889]  gran_size: 128K 	chunk_size: 16M 	num_reg: 10  	lose cover RAM: 2016G
[    0.002890]  gran_size: 128K 	chunk_size: 32M 	num_reg: 10  	lose cover RAM: 1024G
[    0.002891]  gran_size: 128K 	chunk_size: 64M 	num_reg: 10  	lose cover RAM: 1024G
[    0.002892]  gran_size: 128K 	chunk_size: 128M 	num_reg: 10  	lose cover RAM: 1024G
[    0.002894]  gran_size: 128K 	chunk_size: 256M 	num_reg: 10  	lose cover RAM: 1024G
[    0.002895]  gran_size: 128K 	chunk_size: 512M 	num_reg: 10  	lose cover RAM: 1024G
[    0.002896]  gran_size: 128K 	chunk_size: 1G 	num_reg: 10  	lose cover RAM: 1024G
[    0.002898]  gran_size: 128K 	chunk_size: 2G 	num_reg: 10  	lose cover RAM: 1024G
[    0.002899]  gran_size: 256K 	chunk_size: 256K 	num_reg: 10  	lose cover RAM: 2016G
[    0.002900]  gran_size: 256K 	chunk_size: 512K 	num_reg: 10  	lose cover RAM: 2016G
[    0.002902]  gran_size: 256K 	chunk_size: 1M 	num_reg: 10  	lose cover RAM: 2016G
[    0.002903]  gran_size: 256K 	chunk_size: 2M 	num_reg: 10  	lose cover RAM: 2016G
[    0.002904]  gran_size: 256K 	chunk_size: 4M 	num_reg: 10  	lose cover RAM: 2016G
[    0.002905]  gran_size: 256K 	chunk_size: 8M 	num_reg: 10  	lose cover RAM: 2016G
[    0.002907]  gran_size: 256K 	chunk_size: 16M 	num_reg: 10  	lose cover RAM: 2016G
[    0.002908]  gran_size: 256K 	chunk_size: 32M 	num_reg: 10  	lose cover RAM: 1024G
[    0.002909]  gran_size: 256K 	chunk_size: 64M 	num_reg: 10  	lose cover RAM: 1024G
[    0.002910]  gran_size: 256K 	chunk_size: 128M 	num_reg: 10  	lose cover RAM: 1024G
[    0.002912]  gran_size: 256K 	chunk_size: 256M 	num_reg: 10  	lose cover RAM: 1024G
[    0.002913]  gran_size: 256K 	chunk_size: 512M 	num_reg: 10  	lose cover RAM: 1024G
[    0.002914]  gran_size: 256K 	chunk_size: 1G 	num_reg: 10  	lose cover RAM: 1024G
[    0.002915]  gran_size: 256K 	chunk_size: 2G 	num_reg: 10  	lose cover RAM: 1024G
[    0.002917]  gran_size: 512K 	chunk_size: 512K 	num_reg: 10  	lose cover RAM: 2016G
[    0.002918]  gran_size: 512K 	chunk_size: 1M 	num_reg: 10  	lose cover RAM: 2016G
[    0.002919]  gran_size: 512K 	chunk_size: 2M 	num_reg: 10  	lose cover RAM: 2016G
[    0.002921]  gran_size: 512K 	chunk_size: 4M 	num_reg: 10  	lose cover RAM: 2016G
[    0.002922]  gran_size: 512K 	chunk_size: 8M 	num_reg: 10  	lose cover RAM: 2016G
[    0.002923]  gran_size: 512K 	chunk_size: 16M 	num_reg: 10  	lose cover RAM: 2016G
[    0.002924]  gran_size: 512K 	chunk_size: 32M 	num_reg: 10  	lose cover RAM: 1024G
[    0.002926]  gran_size: 512K 	chunk_size: 64M 	num_reg: 10  	lose cover RAM: 1024G
[    0.002927]  gran_size: 512K 	chunk_size: 128M 	num_reg: 10  	lose cover RAM: 1024G
[    0.002928]  gran_size: 512K 	chunk_size: 256M 	num_reg: 10  	lose cover RAM: 1024G
[    0.002929]  gran_size: 512K 	chunk_size: 512M 	num_reg: 10  	lose cover RAM: 1024G
[    0.002931]  gran_size: 512K 	chunk_size: 1G 	num_reg: 10  	lose cover RAM: 1024G
[    0.002932]  gran_size: 512K 	chunk_size: 2G 	num_reg: 10  	lose cover RAM: 1024G
[    0.002933]  gran_size: 1M 	chunk_size: 1M 	num_reg: 10  	lose cover RAM: 2016G
[    0.002935]  gran_size: 1M 	chunk_size: 2M 	num_reg: 10  	lose cover RAM: 2016G
[    0.002936]  gran_size: 1M 	chunk_size: 4M 	num_reg: 10  	lose cover RAM: 2016G
[    0.002937]  gran_size: 1M 	chunk_size: 8M 	num_reg: 10  	lose cover RAM: 2016G
[    0.002938]  gran_size: 1M 	chunk_size: 16M 	num_reg: 10  	lose cover RAM: 2016G
[    0.002940]  gran_size: 1M 	chunk_size: 32M 	num_reg: 10  	lose cover RAM: 1024G
[    0.002941]  gran_size: 1M 	chunk_size: 64M 	num_reg: 10  	lose cover RAM: 1024G
[    0.002942]  gran_size: 1M 	chunk_size: 128M 	num_reg: 10  	lose cover RAM: 1024G
[    0.002943]  gran_size: 1M 	chunk_size: 256M 	num_reg: 10  	lose cover RAM: 1024G
[    0.002945]  gran_size: 1M 	chunk_size: 512M 	num_reg: 10  	lose cover RAM: 1024G
[    0.002946]  gran_size: 1M 	chunk_size: 1G 	num_reg: 10  	lose cover RAM: 1024G
[    0.002947]  gran_size: 1M 	chunk_size: 2G 	num_reg: 10  	lose cover RAM: 1024G
[    0.002948]  gran_size: 2M 	chunk_size: 2M 	num_reg: 10  	lose cover RAM: 2016G
[    0.002950]  gran_size: 2M 	chunk_size: 4M 	num_reg: 10  	lose cover RAM: 2016G
[    0.002951]  gran_size: 2M 	chunk_size: 8M 	num_reg: 10  	lose cover RAM: 2016G
[    0.002952]  gran_size: 2M 	chunk_size: 16M 	num_reg: 10  	lose cover RAM: 2016G
[    0.002953]  gran_size: 2M 	chunk_size: 32M 	num_reg: 10  	lose cover RAM: 1024G
[    0.002955]  gran_size: 2M 	chunk_size: 64M 	num_reg: 10  	lose cover RAM: 1024G
[    0.002956]  gran_size: 2M 	chunk_size: 128M 	num_reg: 10  	lose cover RAM: 1024G
[    0.002957]  gran_size: 2M 	chunk_size: 256M 	num_reg: 10  	lose cover RAM: 1024G
[    0.002959]  gran_size: 2M 	chunk_size: 512M 	num_reg: 10  	lose cover RAM: 1024G
[    0.002960]  gran_size: 2M 	chunk_size: 1G 	num_reg: 10  	lose cover RAM: 1024G
[    0.002961]  gran_size: 2M 	chunk_size: 2G 	num_reg: 10  	lose cover RAM: 1024G
[    0.002962]  gran_size: 4M 	chunk_size: 4M 	num_reg: 10  	lose cover RAM: 2016G
[    0.002964]  gran_size: 4M 	chunk_size: 8M 	num_reg: 10  	lose cover RAM: 2016G
[    0.002965]  gran_size: 4M 	chunk_size: 16M 	num_reg: 10  	lose cover RAM: 2016G
[    0.002966]  gran_size: 4M 	chunk_size: 32M 	num_reg: 10  	lose cover RAM: 1024G
[    0.002967]  gran_size: 4M 	chunk_size: 64M 	num_reg: 10  	lose cover RAM: 1024G
[    0.002969]  gran_size: 4M 	chunk_size: 128M 	num_reg: 10  	lose cover RAM: 1024G
[    0.002970]  gran_size: 4M 	chunk_size: 256M 	num_reg: 10  	lose cover RAM: 1024G
[    0.002971]  gran_size: 4M 	chunk_size: 512M 	num_reg: 10  	lose cover RAM: 1024G
[    0.002972]  gran_size: 4M 	chunk_size: 1G 	num_reg: 10  	lose cover RAM: 1024G
[    0.002974]  gran_size: 4M 	chunk_size: 2G 	num_reg: 10  	lose cover RAM: 1024G
[    0.002975]  gran_size: 8M 	chunk_size: 8M 	num_reg: 10  	lose cover RAM: 2016G
[    0.002976]  gran_size: 8M 	chunk_size: 16M 	num_reg: 10  	lose cover RAM: 2016G
[    0.002978]  gran_size: 8M 	chunk_size: 32M 	num_reg: 10  	lose cover RAM: 1024G
[    0.002979]  gran_size: 8M 	chunk_size: 64M 	num_reg: 10  	lose cover RAM: 1024G
[    0.002980]  gran_size: 8M 	chunk_size: 128M 	num_reg: 10  	lose cover RAM: 1024G
[    0.002981]  gran_size: 8M 	chunk_size: 256M 	num_reg: 10  	lose cover RAM: 1024G
[    0.002983]  gran_size: 8M 	chunk_size: 512M 	num_reg: 10  	lose cover RAM: 1024G
[    0.002984]  gran_size: 8M 	chunk_size: 1G 	num_reg: 10  	lose cover RAM: 1024G
[    0.002985]  gran_size: 8M 	chunk_size: 2G 	num_reg: 10  	lose cover RAM: 1024G
[    0.002986]  gran_size: 16M 	chunk_size: 16M 	num_reg: 10  	lose cover RAM: 2016G
[    0.002988]  gran_size: 16M 	chunk_size: 32M 	num_reg: 10  	lose cover RAM: 1024G
[    0.002989]  gran_size: 16M 	chunk_size: 64M 	num_reg: 10  	lose cover RAM: 1024G
[    0.002990]  gran_size: 16M 	chunk_size: 128M 	num_reg: 10  	lose cover RAM: 1024G
[    0.002992]  gran_size: 16M 	chunk_size: 256M 	num_reg: 10  	lose cover RAM: 1024G
[    0.002993]  gran_size: 16M 	chunk_size: 512M 	num_reg: 10  	lose cover RAM: 1024G
[    0.002994]  gran_size: 16M 	chunk_size: 1G 	num_reg: 10  	lose cover RAM: 1024G
[    0.002995]  gran_size: 16M 	chunk_size: 2G 	num_reg: 10  	lose cover RAM: 1024G
[    0.002997]  gran_size: 32M 	chunk_size: 32M 	num_reg: 10  	lose cover RAM: 2031632M
[    0.002998]  gran_size: 32M 	chunk_size: 64M 	num_reg: 10  	lose cover RAM: 1048592M
[    0.002999]  gran_size: 32M 	chunk_size: 128M 	num_reg: 10  	lose cover RAM: 1048592M
[    0.003001]  gran_size: 32M 	chunk_size: 256M 	num_reg: 10  	lose cover RAM: 1048592M
[    0.003002]  gran_size: 32M 	chunk_size: 512M 	num_reg: 10  	lose cover RAM: 1048592M
[    0.003003]  gran_size: 32M 	chunk_size: 1G 	num_reg: 10  	lose cover RAM: 1048592M
[    0.003004]  gran_size: 32M 	chunk_size: 2G 	num_reg: 10  	lose cover RAM: 1048592M
[    0.003006]  gran_size: 64M 	chunk_size: 64M 	num_reg: 10  	lose cover RAM: 1966128M
[    0.003007]  gran_size: 64M 	chunk_size: 128M 	num_reg: 10  	lose cover RAM: 1048624M
[    0.003008]  gran_size: 64M 	chunk_size: 256M 	num_reg: 10  	lose cover RAM: 1048624M
[    0.003010]  gran_size: 64M 	chunk_size: 512M 	num_reg: 10  	lose cover RAM: 1048624M
[    0.003011]  gran_size: 64M 	chunk_size: 1G 	num_reg: 10  	lose cover RAM: 1048624M
[    0.003012]  gran_size: 64M 	chunk_size: 2G 	num_reg: 10  	lose cover RAM: 1048624M
[    0.003013]  gran_size: 128M 	chunk_size: 128M 	num_reg: 10  	lose cover RAM: 1835120M
[    0.003015]  gran_size: 128M 	chunk_size: 256M 	num_reg: 10  	lose cover RAM: 1048688M
[    0.003016]  gran_size: 128M 	chunk_size: 512M 	num_reg: 10  	lose cover RAM: 1048688M
[    0.003018]  gran_size: 128M 	chunk_size: 1G 	num_reg: 10  	lose cover RAM: 1048688M
[    0.003019]  gran_size: 128M 	chunk_size: 2G 	num_reg: 10  	lose cover RAM: 1048688M
[    0.003020]  gran_size: 256M 	chunk_size: 256M 	num_reg: 10  	lose cover RAM: 1573104M
[    0.003022]  gran_size: 256M 	chunk_size: 512M 	num_reg: 10  	lose cover RAM: 1048816M
[    0.003023]  gran_size: 256M 	chunk_size: 1G 	num_reg: 10  	lose cover RAM: 1048816M
[    0.003024]  gran_size: 256M 	chunk_size: 2G 	num_reg: 10  	lose cover RAM: 1048816M
[    0.003025]  gran_size: 512M 	chunk_size: 512M 	num_reg: 10  	lose cover RAM: 1049072M
[    0.003027]  gran_size: 512M 	chunk_size: 1G 	num_reg: 10  	lose cover RAM: 1049072M
[    0.003028]  gran_size: 512M 	chunk_size: 2G 	num_reg: 10  	lose cover RAM: 1049072M
[    0.003029]  gran_size: 1G 	chunk_size: 1G 	num_reg: 10  	lose cover RAM: 1008M
[    0.003030]  gran_size: 1G 	chunk_size: 2G 	num_reg: 10  	lose cover RAM: 1008M
[    0.003032]  gran_size: 2G 	chunk_size: 2G 	num_reg: 9  	lose cover RAM: 2032M
[    0.003033] mtrr_cleanup: can not find optimal value
[    0.003034] please specify mtrr_gran_size/mtrr_chunk_size
[    0.003036] e820: update [mem 0x7f000000-0xffffffff] usable ==> reserved
[    0.003039] x2apic: enabled by BIOS, switching to x2apic ops
[    0.003040] last_pfn = 0x6f800 max_arch_pfn = 0x400000000
[    0.014359] Using GB pages for direct mapping
[    0.015271] Secure boot disabled
[    0.015272] RAMDISK: [mem 0x205cb7c000-0x207fffffff]
[    0.015277] ACPI: Early table checksum verification disabled
[    0.015279] ACPI: RSDP 0x000000006F7FE014 000024 (v02 DELL  )
[    0.015282] ACPI: XSDT 0x000000006F41C188 0000F4 (v01 DELL   PE_SC3   00000000 DELL 01000013)
[    0.015288] ACPI: FACP 0x000000006F430000 000114 (v06 DELL   PE_SC3   00000000 DELL 00000001)
[    0.015293] ACPI: DSDT 0x000000004B4CE000 07FAD3 (v02 DELL   PE_SC3   00000003 DELL 00000001)
[    0.015297] ACPI: FACS 0x000000006F2F2000 000040
[    0.015300] ACPI: SSDT 0x000000006F7FB000 00159A (v02 INTEL  RAS_ACPI 00000001 INTL 20210331)
[    0.015304] ACPI: SSDT 0x000000006F7FA000 000745 (v02 INTEL  ADDRXLAT 00000001 INTL 20210331)
[    0.015307] ACPI: MCEJ 0x000000006F7F9000 000130 (v01 INTEL           00000001 INTL 0100000D)
[    0.015310] ACPI: BERT 0x000000006F7F8000 000030 (v01 DELL   PE_SC3   00000001 INTL 00000001)
[    0.015313] ACPI: ERST 0x000000006F7F7000 000230 (v01 DELL   PE_SC3   00000001 INTL 00000001)
[    0.015317] ACPI: SSDT 0x000000006F431000 3C524E (v02 INTEL  SSDTNVDR 00001000 INTL 20210331)
[    0.015320] ACPI: HMAT 0x000000006F42F000 000210 (v01 DELL   PE_SC3   00000001 DELL 00000001)
[    0.015323] ACPI: HPET 0x000000006F42E000 000038 (v01 DELL   PE_SC3   00000001 DELL 00000001)
[    0.015327] ACPI: MCFG 0x000000006F42D000 00003C (v01 DELL   PE_SC3   00000001 DELL 00000001)
[    0.015330] ACPI: MIGT 0x000000006F42C000 000040 (v01 DELL   PE_SC3   00000000 DELL 00000001)
[    0.015333] ACPI: MSCT 0x000000006F42B000 000090 (v01 DELL   PE_SC3   00000001 DELL 00000001)
[    0.015336] ACPI: PMTT 0x000000006F429000 0011E8 (v02 DELL   PE_SC3   00000001 DELL 00000001)
[    0.015340] ACPI: WSMT 0x000000006F428000 000028 (v01 DELL   PE_SC3   00000000 DELL 00000001)
[    0.015343] ACPI: APIC 0x000000006F427000 00075E (v04 DELL   PE_SC3   00000000 DELL 00000001)
[    0.015346] ACPI: SLIT 0x000000006F426000 00003C (v01 DELL   PE_SC3   00000001 DELL 01000013)
[    0.015349] ACPI: SRAT 0x000000006F41F000 006430 (v03 DELL   PE_SC3   00000002 DELL 01000013)
[    0.015352] ACPI: OEM4 0x000000004B346000 187A61 (v02 INTEL  CPU  CST 00003000 INTL 20210331)
[    0.015356] ACPI: SSDT 0x000000004B2CF000 0764A5 (v02 INTEL  SSDT  PM 00004000 INTL 20210331)
[    0.015359] ACPI: SSDT 0x000000006F41E000 000A1F (v02 DELL   PE_SC3   00000000 DELL 00000001)
[    0.015362] ACPI: HEST 0x000000006F41D000 00017C (v01 DELL   PE_SC3   00000001 INTL 00000001)
[    0.015365] ACPI: PCAT 0x000000006F41B000 00010C (v19 DELL   PE_SC3   00000002 DELL 00000001)
[    0.015369] ACPI: SSDT 0x000000006F413000 007299 (v02 INTEL  SpsNm    00000002 INTL 20210331)
[    0.015372] ACPI: SSDT 0x000000006F412000 000426 (v02 DELL   PE_SC3   00000002 DELL 00000001)
[    0.015375] ACPI: NFIT 0x000000006F7FD000 000488 (v01 DELL   PE_SC3   00000002 DELL 00000001)
[    0.015379] ACPI: DMAR 0x000000006F411000 000158 (v01 DELL   PE_SC3   00000001 DELL 00000001)
[    0.015381] ACPI: Reserving FACP table memory at [mem 0x6f430000-0x6f430113]
[    0.015383] ACPI: Reserving DSDT table memory at [mem 0x4b4ce000-0x4b54dad2]
[    0.015384] ACPI: Reserving FACS table memory at [mem 0x6f2f2000-0x6f2f203f]
[    0.015384] ACPI: Reserving SSDT table memory at [mem 0x6f7fb000-0x6f7fc599]
[    0.015385] ACPI: Reserving SSDT table memory at [mem 0x6f7fa000-0x6f7fa744]
[    0.015386] ACPI: Reserving MCEJ table memory at [mem 0x6f7f9000-0x6f7f912f]
[    0.015387] ACPI: Reserving BERT table memory at [mem 0x6f7f8000-0x6f7f802f]
[    0.015388] ACPI: Reserving ERST table memory at [mem 0x6f7f7000-0x6f7f722f]
[    0.015389] ACPI: Reserving SSDT table memory at [mem 0x6f431000-0x6f7f624d]
[    0.015390] ACPI: Reserving HMAT table memory at [mem 0x6f42f000-0x6f42f20f]
[    0.015391] ACPI: Reserving HPET table memory at [mem 0x6f42e000-0x6f42e037]
[    0.015391] ACPI: Reserving MCFG table memory at [mem 0x6f42d000-0x6f42d03b]
[    0.015392] ACPI: Reserving MIGT table memory at [mem 0x6f42c000-0x6f42c03f]
[    0.015393] ACPI: Reserving MSCT table memory at [mem 0x6f42b000-0x6f42b08f]
[    0.015394] ACPI: Reserving PMTT table memory at [mem 0x6f429000-0x6f42a1e7]
[    0.015395] ACPI: Reserving WSMT table memory at [mem 0x6f428000-0x6f428027]
[    0.015396] ACPI: Reserving APIC table memory at [mem 0x6f427000-0x6f42775d]
[    0.015397] ACPI: Reserving SLIT table memory at [mem 0x6f426000-0x6f42603b]
[    0.015397] ACPI: Reserving SRAT table memory at [mem 0x6f41f000-0x6f42542f]
[    0.015398] ACPI: Reserving OEM4 table memory at [mem 0x4b346000-0x4b4cda60]
[    0.015399] ACPI: Reserving SSDT table memory at [mem 0x4b2cf000-0x4b3454a4]
[    0.015400] ACPI: Reserving SSDT table memory at [mem 0x6f41e000-0x6f41ea1e]
[    0.015401] ACPI: Reserving HEST table memory at [mem 0x6f41d000-0x6f41d17b]
[    0.015402] ACPI: Reserving PCAT table memory at [mem 0x6f41b000-0x6f41b10b]
[    0.015403] ACPI: Reserving SSDT table memory at [mem 0x6f413000-0x6f41a298]
[    0.015404] ACPI: Reserving SSDT table memory at [mem 0x6f412000-0x6f412425]
[    0.015405] ACPI: Reserving NFIT table memory at [mem 0x6f7fd000-0x6f7fd487]
[    0.015406] ACPI: Reserving DMAR table memory at [mem 0x6f411000-0x6f411157]
[    0.015416] Setting APIC routing to cluster x2apic.
[    0.015463] SRAT: PXM 0 -> APIC 0x0000 -> Node 0
[    0.015464] SRAT: PXM 0 -> APIC 0x0001 -> Node 0
[    0.015465] SRAT: PXM 0 -> APIC 0x0002 -> Node 0
[    0.015465] SRAT: PXM 0 -> APIC 0x0003 -> Node 0
[    0.015466] SRAT: PXM 0 -> APIC 0x0004 -> Node 0
[    0.015467] SRAT: PXM 0 -> APIC 0x0005 -> Node 0
[    0.015467] SRAT: PXM 0 -> APIC 0x0006 -> Node 0
[    0.015468] SRAT: PXM 0 -> APIC 0x0007 -> Node 0
[    0.015468] SRAT: PXM 0 -> APIC 0x0008 -> Node 0
[    0.015469] SRAT: PXM 0 -> APIC 0x0009 -> Node 0
[    0.015470] SRAT: PXM 0 -> APIC 0x000a -> Node 0
[    0.015470] SRAT: PXM 0 -> APIC 0x000b -> Node 0
[    0.015471] SRAT: PXM 0 -> APIC 0x000c -> Node 0
[    0.015472] SRAT: PXM 0 -> APIC 0x000d -> Node 0
[    0.015472] SRAT: PXM 0 -> APIC 0x000e -> Node 0
[    0.015473] SRAT: PXM 0 -> APIC 0x000f -> Node 0
[    0.015474] SRAT: PXM 0 -> APIC 0x0010 -> Node 0
[    0.015475] SRAT: PXM 0 -> APIC 0x0011 -> Node 0
[    0.015475] SRAT: PXM 0 -> APIC 0x0012 -> Node 0
[    0.015476] SRAT: PXM 0 -> APIC 0x0013 -> Node 0
[    0.015477] SRAT: PXM 0 -> APIC 0x0014 -> Node 0
[    0.015477] SRAT: PXM 0 -> APIC 0x0015 -> Node 0
[    0.015478] SRAT: PXM 0 -> APIC 0x0016 -> Node 0
[    0.015478] SRAT: PXM 0 -> APIC 0x0017 -> Node 0
[    0.015479] SRAT: PXM 0 -> APIC 0x0018 -> Node 0
[    0.015480] SRAT: PXM 0 -> APIC 0x0019 -> Node 0
[    0.015480] SRAT: PXM 0 -> APIC 0x001a -> Node 0
[    0.015481] SRAT: PXM 0 -> APIC 0x001b -> Node 0
[    0.015482] SRAT: PXM 0 -> APIC 0x001c -> Node 0
[    0.015482] SRAT: PXM 0 -> APIC 0x001d -> Node 0
[    0.015483] SRAT: PXM 0 -> APIC 0x001e -> Node 0
[    0.015484] SRAT: PXM 0 -> APIC 0x001f -> Node 0
[    0.015484] SRAT: PXM 0 -> APIC 0x0020 -> Node 0
[    0.015485] SRAT: PXM 0 -> APIC 0x0021 -> Node 0
[    0.015485] SRAT: PXM 0 -> APIC 0x0022 -> Node 0
[    0.015486] SRAT: PXM 0 -> APIC 0x0023 -> Node 0
[    0.015487] SRAT: PXM 0 -> APIC 0x0024 -> Node 0
[    0.015487] SRAT: PXM 0 -> APIC 0x0025 -> Node 0
[    0.015488] SRAT: PXM 0 -> APIC 0x0026 -> Node 0
[    0.015489] SRAT: PXM 0 -> APIC 0x0027 -> Node 0
[    0.015489] SRAT: PXM 0 -> APIC 0x0028 -> Node 0
[    0.015490] SRAT: PXM 0 -> APIC 0x0029 -> Node 0
[    0.015491] SRAT: PXM 0 -> APIC 0x002a -> Node 0
[    0.015491] SRAT: PXM 0 -> APIC 0x002b -> Node 0
[    0.015492] SRAT: PXM 0 -> APIC 0x002c -> Node 0
[    0.015493] SRAT: PXM 0 -> APIC 0x002d -> Node 0
[    0.015493] SRAT: PXM 0 -> APIC 0x002e -> Node 0
[    0.015494] SRAT: PXM 0 -> APIC 0x002f -> Node 0
[    0.015494] SRAT: PXM 0 -> APIC 0x0030 -> Node 0
[    0.015495] SRAT: PXM 0 -> APIC 0x0031 -> Node 0
[    0.015496] SRAT: PXM 0 -> APIC 0x0032 -> Node 0
[    0.015496] SRAT: PXM 0 -> APIC 0x0033 -> Node 0
[    0.015497] SRAT: PXM 0 -> APIC 0x0034 -> Node 0
[    0.015498] SRAT: PXM 0 -> APIC 0x0035 -> Node 0
[    0.015498] SRAT: PXM 0 -> APIC 0x0036 -> Node 0
[    0.015499] SRAT: PXM 0 -> APIC 0x0037 -> Node 0
[    0.015500] SRAT: PXM 1 -> APIC 0x0080 -> Node 1
[    0.015500] SRAT: PXM 1 -> APIC 0x0081 -> Node 1
[    0.015501] SRAT: PXM 1 -> APIC 0x0082 -> Node 1
[    0.015502] SRAT: PXM 1 -> APIC 0x0083 -> Node 1
[    0.015503] SRAT: PXM 1 -> APIC 0x0084 -> Node 1
[    0.015503] SRAT: PXM 1 -> APIC 0x0085 -> Node 1
[    0.015504] SRAT: PXM 1 -> APIC 0x0086 -> Node 1
[    0.015505] SRAT: PXM 1 -> APIC 0x0087 -> Node 1
[    0.015505] SRAT: PXM 1 -> APIC 0x0088 -> Node 1
[    0.015506] SRAT: PXM 1 -> APIC 0x0089 -> Node 1
[    0.015507] SRAT: PXM 1 -> APIC 0x008a -> Node 1
[    0.015507] SRAT: PXM 1 -> APIC 0x008b -> Node 1
[    0.015508] SRAT: PXM 1 -> APIC 0x008c -> Node 1
[    0.015508] SRAT: PXM 1 -> APIC 0x008d -> Node 1
[    0.015509] SRAT: PXM 1 -> APIC 0x008e -> Node 1
[    0.015510] SRAT: PXM 1 -> APIC 0x008f -> Node 1
[    0.015510] SRAT: PXM 1 -> APIC 0x0090 -> Node 1
[    0.015511] SRAT: PXM 1 -> APIC 0x0091 -> Node 1
[    0.015512] SRAT: PXM 1 -> APIC 0x0092 -> Node 1
[    0.015512] SRAT: PXM 1 -> APIC 0x0093 -> Node 1
[    0.015513] SRAT: PXM 1 -> APIC 0x0094 -> Node 1
[    0.015514] SRAT: PXM 1 -> APIC 0x0095 -> Node 1
[    0.015514] SRAT: PXM 1 -> APIC 0x0096 -> Node 1
[    0.015515] SRAT: PXM 1 -> APIC 0x0097 -> Node 1
[    0.015516] SRAT: PXM 1 -> APIC 0x0098 -> Node 1
[    0.015516] SRAT: PXM 1 -> APIC 0x0099 -> Node 1
[    0.015517] SRAT: PXM 1 -> APIC 0x009a -> Node 1
[    0.015517] SRAT: PXM 1 -> APIC 0x009b -> Node 1
[    0.015518] SRAT: PXM 1 -> APIC 0x009c -> Node 1
[    0.015519] SRAT: PXM 1 -> APIC 0x009d -> Node 1
[    0.015519] SRAT: PXM 1 -> APIC 0x009e -> Node 1
[    0.015520] SRAT: PXM 1 -> APIC 0x009f -> Node 1
[    0.015521] SRAT: PXM 1 -> APIC 0x00a0 -> Node 1
[    0.015521] SRAT: PXM 1 -> APIC 0x00a1 -> Node 1
[    0.015522] SRAT: PXM 1 -> APIC 0x00a2 -> Node 1
[    0.015523] SRAT: PXM 1 -> APIC 0x00a3 -> Node 1
[    0.015523] SRAT: PXM 1 -> APIC 0x00a4 -> Node 1
[    0.015524] SRAT: PXM 1 -> APIC 0x00a5 -> Node 1
[    0.015525] SRAT: PXM 1 -> APIC 0x00a6 -> Node 1
[    0.015525] SRAT: PXM 1 -> APIC 0x00a7 -> Node 1
[    0.015526] SRAT: PXM 1 -> APIC 0x00a8 -> Node 1
[    0.015526] SRAT: PXM 1 -> APIC 0x00a9 -> Node 1
[    0.015527] SRAT: PXM 1 -> APIC 0x00aa -> Node 1
[    0.015528] SRAT: PXM 1 -> APIC 0x00ab -> Node 1
[    0.015528] SRAT: PXM 1 -> APIC 0x00ac -> Node 1
[    0.015529] SRAT: PXM 1 -> APIC 0x00ad -> Node 1
[    0.015530] SRAT: PXM 1 -> APIC 0x00ae -> Node 1
[    0.015530] SRAT: PXM 1 -> APIC 0x00af -> Node 1
[    0.015531] SRAT: PXM 1 -> APIC 0x00b0 -> Node 1
[    0.015532] SRAT: PXM 1 -> APIC 0x00b1 -> Node 1
[    0.015533] SRAT: PXM 1 -> APIC 0x00b2 -> Node 1
[    0.015534] SRAT: PXM 1 -> APIC 0x00b3 -> Node 1
[    0.015534] SRAT: PXM 1 -> APIC 0x00b4 -> Node 1
[    0.015535] SRAT: PXM 1 -> APIC 0x00b5 -> Node 1
[    0.015536] SRAT: PXM 1 -> APIC 0x00b6 -> Node 1
[    0.015536] SRAT: PXM 1 -> APIC 0x00b7 -> Node 1
[    0.015549] ACPI: SRAT: Node 0 PXM 0 [mem 0x00000000-0x7fffffff]
[    0.015551] ACPI: SRAT: Node 0 PXM 0 [mem 0x100000000-0x107fffffff]
[    0.015552] ACPI: SRAT: Node 2 PXM 2 [mem 0x2080000000-0x9e7fffffff] non-volatile
[    0.015554] ACPI: SRAT: Node 1 PXM 1 [mem 0x1080000000-0x207fffffff]
[    0.015555] ACPI: SRAT: Node 3 PXM 3 [mem 0x9e80000000-0x11c7fffffff] non-volatile
[    0.015564] NUMA: Initialized distance table, cnt=4
[    0.015566] NUMA: Node 0 [mem 0x00000000-0x7fffffff] + [mem 0x100000000-0x107fffffff] -> [mem 0x00000000-0x107fffffff]
[    0.015575] NODE_DATA(0) allocated [mem 0xffffd5000-0xfffffffff]
[    0.015593] NODE_DATA(1) allocated [mem 0x205cb4d000-0x205cb77fff]
[    0.015799] Zone ranges:
[    0.015799]   DMA      [mem 0x0000000000001000-0x0000000000ffffff]
[    0.015801]   DMA32    [mem 0x0000000001000000-0x00000000ffffffff]
[    0.015803]   Normal   [mem 0x0000000100000000-0x000000207fffffff]
[    0.015804]   Device   empty
[    0.015805] Movable zone start for each node
[    0.015808] Early memory node ranges
[    0.015809]   node   0: [mem 0x0000000000001000-0x000000000008efff]
[    0.015810]   node   0: [mem 0x0000000000090000-0x000000000009ffff]
[    0.015811]   node   0: [mem 0x0000000000100000-0x0000000049e76fff]
[    0.015812]   node   0: [mem 0x000000004ae77000-0x000000004b2cefff]
[    0.015813]   node   0: [mem 0x000000004b54e000-0x000000004bd93fff]
[    0.015814]   node   0: [mem 0x000000004be9a000-0x000000004cdfffff]
[    0.015815]   node   0: [mem 0x000000004d000000-0x000000005eefdfff]
[    0.015816]   node   0: [mem 0x000000006f7ff000-0x000000006f7fffff]
[    0.015816]   node   0: [mem 0x0000000c2b400000-0x0000000fffffffff]
[    0.015818]   node   1: [mem 0x0000001ec0000000-0x000000207fffffff]
[    0.015820] Initmem setup node 0 [mem 0x0000000000001000-0x0000000fffffffff]
[    0.015822] Initmem setup node 1 [mem 0x0000001ec0000000-0x000000207fffffff]
[    0.015825] On node 0, zone DMA: 1 pages in unavailable ranges
[    0.015826] On node 0, zone DMA: 1 pages in unavailable ranges
[    0.015853] On node 0, zone DMA: 96 pages in unavailable ranges
[    0.017792] On node 0, zone DMA32: 4096 pages in unavailable ranges
[    0.017816] On node 0, zone DMA32: 639 pages in unavailable ranges
[    0.017849] On node 0, zone DMA32: 262 pages in unavailable ranges
[    0.018353] On node 0, zone DMA32: 512 pages in unavailable ranges
[    0.018629] On node 0, zone DMA32: 35073 pages in unavailable ranges
[    0.045879] On node 0, zone Normal: 15360 pages in unavailable ranges
[    0.060177] ACPI: PM-Timer IO Port: 0x508
[    0.060197] ACPI: X2APIC_NMI (uid[0xffffffff] high edge lint[0x1])
[    0.060200] ACPI: LAPIC_NMI (acpi_id[0xff] high edge lint[0x1])
[    0.060219] IOAPIC[0]: apic_id 8, version 32, address 0xfec00000, GSI 0-119
[    0.060222] ACPI: INT_SRC_OVR (bus 0 bus_irq 0 global_irq 2 dfl dfl)
[    0.060224] ACPI: INT_SRC_OVR (bus 0 bus_irq 9 global_irq 9 high level)
[    0.060228] ACPI: Using ACPI (MADT) for SMP configuration information
[    0.060230] ACPI: HPET id: 0x8086a701 base: 0xfed00000
[    0.060235] TSC deadline timer available
[    0.060236] smpboot: Allowing 112 CPUs, 0 hotplug CPUs
[    0.060263] PM: hibernation: Registered nosave memory: [mem 0x00000000-0x00000fff]
[    0.060265] PM: hibernation: Registered nosave memory: [mem 0x0008f000-0x0008ffff]
[    0.060267] PM: hibernation: Registered nosave memory: [mem 0x000a0000-0x000fffff]
[    0.060269] PM: hibernation: Registered nosave memory: [mem 0x46cc5000-0x46cc5fff]
[    0.060271] PM: hibernation: Registered nosave memory: [mem 0x46cf6000-0x46cf6fff]
[    0.060271] PM: hibernation: Registered nosave memory: [mem 0x46cf7000-0x46cf7fff]
[    0.060273] PM: hibernation: Registered nosave memory: [mem 0x46d29000-0x46d29fff]
[    0.060274] PM: hibernation: Registered nosave memory: [mem 0x46d2a000-0x46d2afff]
[    0.060276] PM: hibernation: Registered nosave memory: [mem 0x46d5c000-0x46d5cfff]
[    0.060276] PM: hibernation: Registered nosave memory: [mem 0x46d5d000-0x46d5dfff]
[    0.060278] PM: hibernation: Registered nosave memory: [mem 0x46d65000-0x46d65fff]
[    0.060280] PM: hibernation: Registered nosave memory: [mem 0x49e77000-0x4ae76fff]
[    0.060282] PM: hibernation: Registered nosave memory: [mem 0x4b2cf000-0x4b54dfff]
[    0.060284] PM: hibernation: Registered nosave memory: [mem 0x4bd94000-0x4be99fff]
[    0.060285] PM: hibernation: Registered nosave memory: [mem 0x4ce00000-0x4cffffff]
[    0.060287] PM: hibernation: Registered nosave memory: [mem 0x5eefe000-0x6e3fefff]
[    0.060288] PM: hibernation: Registered nosave memory: [mem 0x6e3ff000-0x6f3fefff]
[    0.060289] PM: hibernation: Registered nosave memory: [mem 0x6f3ff000-0x6f7fefff]
[    0.060291] PM: hibernation: Registered nosave memory: [mem 0x6f800000-0x8fffffff]
[    0.060291] PM: hibernation: Registered nosave memory: [mem 0x90000000-0xfdffffff]
[    0.060292] PM: hibernation: Registered nosave memory: [mem 0xfe000000-0xfe010fff]
[    0.060293] PM: hibernation: Registered nosave memory: [mem 0xfe011000-0xffffffff]
[    0.060293] PM: hibernation: Registered nosave memory: [mem 0x100000000-0xc2b3fffff]
[    0.060295] PM: hibernation: Registered nosave memory: [mem 0x1000000000-0x1ebfffffff]
[    0.060297] [mem 0x90000000-0xfdffffff] available for PCI devices
[    0.060299] Booting paravirtualized kernel on bare hardware
[    0.060301] clocksource: refined-jiffies: mask: 0xffffffff max_cycles: 0xffffffff, max_idle_ns: 7645519600211568 ns
[    0.060307] setup_percpu: NR_CPUS:8192 nr_cpumask_bits:112 nr_cpu_ids:112 nr_node_ids:4
[    0.064723] percpu: Embedded 53 pages/cpu s180224 r8192 d28672 u262144
[    0.064735] pcpu-alloc: s180224 r8192 d28672 u262144 alloc=1*2097152
[    0.064738] pcpu-alloc: [0] 000 002 004 006 008 010 012 014 
[    0.064743] pcpu-alloc: [0] 016 018 020 022 024 026 028 030 
[    0.064748] pcpu-alloc: [0] 032 034 036 038 040 042 044 046 
[    0.064752] pcpu-alloc: [0] 048 050 052 054 056 058 060 062 
[    0.064756] pcpu-alloc: [0] 064 066 068 070 072 074 076 078 
[    0.064760] pcpu-alloc: [0] 080 082 084 086 088 090 092 094 
[    0.064764] pcpu-alloc: [0] 096 098 100 102 104 106 108 110 
[    0.064769] pcpu-alloc: [1] 001 003 005 007 009 011 013 015 
[    0.064773] pcpu-alloc: [1] 017 019 021 023 025 027 029 031 
[    0.064777] pcpu-alloc: [1] 033 035 037 039 041 043 045 047 
[    0.064781] pcpu-alloc: [1] 049 051 053 055 057 059 061 063 
[    0.064785] pcpu-alloc: [1] 065 067 069 071 073 075 077 079 
[    0.064790] pcpu-alloc: [1] 081 083 085 087 089 091 093 095 
[    0.064794] pcpu-alloc: [1] 097 099 101 103 105 107 109 111 
[    0.064843] Built 2 zonelists, mobility grouping on.  Total pages: 6136804
[    0.064845] Policy zone: Normal
[    0.064846] Kernel command line: BOOT_IMAGE=/boot/vmlinuz-5.15.0-tiering-0.8 root=UUID=ce0c24b8-724b-4f33-9b2c-618433560aef ro memmap=45748M!4096M memmap=59G!64G quiet splash nomodeset vt.handoff=1
[    0.064966] You have booted with nomodeset. This means your GPU drivers are DISABLED
[    0.064967] Any video related functionality will be severely degraded, and you may not even be able to suspend the system properly
[    0.064967] Unless you actually understand what nomodeset does, you should reboot without enabling it
[    0.064988] Unknown command line parameters: splash BOOT_IMAGE=/boot/vmlinuz-5.15.0-tiering-0.8
[    0.064990] printk: log_buf_len individual max cpu contribution: 4096 bytes
[    0.064991] printk: log_buf_len total cpu_extra contributions: 454656 bytes
[    0.064992] printk: log_buf_len min size: 262144 bytes
[    0.065955] printk: log_buf_len: 1048576 bytes
[    0.065956] printk: early log buf free: 223784(85%)
[    0.067527] mem auto-init: stack:off, heap alloc:on, heap free:off
[    0.132923] Memory: 23706476K/24941664K available (14345K kernel code, 3484K rwdata, 10288K rodata, 2824K init, 5836K bss, 1234928K reserved, 0K cma-reserved)
[    0.132929] random: get_random_u64 called from __kmem_cache_create+0x2d/0x460 with crng_init=1
[    0.133889] SLUB: HWalign=64, Order=0-3, MinObjects=0, CPUs=112, Nodes=4
[    0.133921] ftrace: allocating 48223 entries in 189 pages
[    0.149099] ftrace: allocated 189 pages with 6 groups
[    0.149759] rcu: Hierarchical RCU implementation.
[    0.149761] rcu: 	RCU restricting CPUs from NR_CPUS=8192 to nr_cpu_ids=112.
[    0.149762] 	Rude variant of Tasks RCU enabled.
[    0.149763] 	Tracing variant of Tasks RCU enabled.
[    0.149763] rcu: RCU calculated value of scheduler-enlistment delay is 25 jiffies.
[    0.149764] rcu: Adjusting geometry for rcu_fanout_leaf=16, nr_cpu_ids=112
[    0.153532] NR_IRQS: 524544, nr_irqs: 2952, preallocated irqs: 16
[    0.153885] random: crng done (trusting CPU's manufacturer)
[    0.154028] Console: colour dummy device 80x25
[    0.154063] printk: console [tty0] enabled
[    0.154236] mempolicy: Enabling automatic NUMA balancing. Configure with numa_balancing= or the kernel.numa_balancing sysctl
[    0.154241] ACPI: Core revision 20210730
[    0.157665] clocksource: hpet: mask: 0xffffffff max_cycles: 0xffffffff, max_idle_ns: 79635855245 ns
[    0.157709] APIC: Switch to symmetric I/O mode setup
[    0.157711] DMAR: Host address width 46
[    0.157711] DMAR: DRHD base: 0x000000d0ffc000 flags: 0x0
[    0.157717] DMAR: dmar0: reg_base_addr d0ffc000 ver 4:0 cap 8ed008c40780466 ecap 60000f050df
[    0.157719] DMAR: DRHD base: 0x000000dbbfc000 flags: 0x0
[    0.157722] DMAR: dmar1: reg_base_addr dbbfc000 ver 4:0 cap 8ed008c40780466 ecap 60000f050df
[    0.157724] DMAR: DRHD base: 0x000000e67fc000 flags: 0x0
[    0.157727] DMAR: dmar2: reg_base_addr e67fc000 ver 4:0 cap 8ed008c40780466 ecap 60000f050df
[    0.157729] DMAR: DRHD base: 0x000000f13fc000 flags: 0x0
[    0.157732] DMAR: dmar3: reg_base_addr f13fc000 ver 4:0 cap 8ed008c40780466 ecap 60000f050df
[    0.157734] DMAR: DRHD base: 0x000000fb7fc000 flags: 0x0
[    0.157736] DMAR: dmar4: reg_base_addr fb7fc000 ver 4:0 cap 8ed008c40780466 ecap 60000f050df
[    0.157738] DMAR: DRHD base: 0x000000a63fc000 flags: 0x0
[    0.157741] DMAR: dmar5: reg_base_addr a63fc000 ver 4:0 cap 8ed008c40780466 ecap 60000f050df
[    0.157742] DMAR: DRHD base: 0x000000b0ffc000 flags: 0x0
[    0.157745] DMAR: dmar6: reg_base_addr b0ffc000 ver 4:0 cap 8ed008c40780466 ecap 60000f050df
[    0.157747] DMAR: DRHD base: 0x000000bbbfc000 flags: 0x0
[    0.157751] DMAR: dmar7: reg_base_addr bbbfc000 ver 4:0 cap 8ed008c40780466 ecap 60000f050df
[    0.157753] DMAR: DRHD base: 0x000000c5ffc000 flags: 0x0
[    0.157755] DMAR: dmar8: reg_base_addr c5ffc000 ver 4:0 cap 8ed008c40780466 ecap 60000f050df
[    0.157757] DMAR: DRHD base: 0x0000009b7fc000 flags: 0x1
[    0.157759] DMAR: dmar9: reg_base_addr 9b7fc000 ver 4:0 cap 8ed008c40780466 ecap 60000f050df
[    0.157761] DMAR: RMRR base: 0x00000069427000 end: 0x00000069429fff
[    0.157763] DMAR: ATSR flags: 0x0
[    0.157765] DMAR-IR: IOAPIC id 8 under DRHD base  0x9b7fc000 IOMMU 9
[    0.157766] DMAR-IR: HPET id 0 under DRHD base 0x9b7fc000
[    0.157767] DMAR-IR: Queued invalidation will be enabled to support x2apic and Intr-remapping.
[    0.160559] DMAR-IR: Enabled IRQ remapping in x2apic mode
[    0.163169] ..TIMER: vector=0x30 apic1=0 pin1=2 apic2=-1 pin2=-1
[    0.181640] clocksource: tsc-early: mask: 0xffffffffffffffff max_cycles: 0x39a85c9bff6, max_idle_ns: 881590591483 ns
[    0.181647] Calibrating delay loop (skipped), value calculated using timer frequency.. 4000.00 BogoMIPS (lpj=8000000)
[    0.181649] pid_max: default: 114688 minimum: 896
[    0.185066] LSM: Security Framework initializing
[    0.185081] Yama: becoming mindful.
[    0.185117] AppArmor: AppArmor initialized
[    0.189512] Dentry cache hash table entries: 4194304 (order: 13, 33554432 bytes, vmalloc)
[    0.191710] Inode-cache hash table entries: 2097152 (order: 12, 16777216 bytes, vmalloc)
[    0.191826] Mount-cache hash table entries: 65536 (order: 7, 524288 bytes, vmalloc)
[    0.191895] Mountpoint-cache hash table entries: 65536 (order: 7, 524288 bytes, vmalloc)
[    0.192533] x86/tme: not enabled by BIOS
[    0.192543] CPU0: Thermal monitoring enabled (TM1)
[    0.192545] x86/cpu: User Mode Instruction Prevention (UMIP) activated
[    0.192777] process: using mwait in idle threads
[    0.192779] Last level iTLB entries: 4KB 0, 2MB 0, 4MB 0
[    0.192780] Last level dTLB entries: 4KB 0, 2MB 0, 4MB 0, 1GB 0
[    0.192786] Spectre V1 : Mitigation: usercopy/swapgs barriers and __user pointer sanitization
[    0.192788] Spectre V2 : Mitigation: Enhanced IBRS
[    0.192789] Spectre V2 : Spectre v2 / SpectreRSB mitigation: Filling RSB on context switch
[    0.192790] Spectre V2 : mitigation: Enabling conditional Indirect Branch Prediction Barrier
[    0.192792] Speculative Store Bypass: Mitigation: Speculative Store Bypass disabled via prctl and seccomp
[    0.199063] Freeing SMP alternatives memory: 40K
[    0.201784] smpboot: Estimated ratio of average max frequency by base frequency (times 1024): 1433
[    0.201799] smpboot: CPU0: Intel(R) Xeon(R) Gold 6330 CPU @ 2.00GHz (family: 0x6, model: 0x6a, stepping: 0x6)
[    0.201992] Performance Events: PEBS fmt4+-baseline,  AnyThread deprecated, Icelake events, 32-deep LBR, full-width counters, Intel PMU driver.
[    0.202013] ... version:                5
[    0.202014] ... bit width:              48
[    0.202014] ... generic registers:      8
[    0.202015] ... value mask:             0000ffffffffffff
[    0.202016] ... max period:             00007fffffffffff
[    0.202016] ... fixed-purpose events:   4
[    0.202017] ... event mask:             0001000f000000ff
[    0.202141] rcu: Hierarchical SRCU implementation.
[    0.209226] NMI watchdog: Enabled. Permanently consumes one hw-PMU counter.
[    0.210262] smp: Bringing up secondary CPUs ...
[    0.210367] x86: Booting SMP configuration:
[    0.210368] .... node  #1, CPUs:          #1
[    0.007808] smpboot: CPU 1 Converting physical 0 to logical die 1

[    0.297758] .... node  #0, CPUs:     #2
[    0.303147] .... node  #1, CPUs:     #3
[    0.308595] .... node  #0, CPUs:     #4
[    0.313973] .... node  #1, CPUs:     #5
[    0.319381] .... node  #0, CPUs:     #6
[    0.324961] .... node  #1, CPUs:     #7
[    0.330565] .... node  #0, CPUs:     #8
[    0.335858] .... node  #1, CPUs:     #9
[    0.341750] .... node  #0, CPUs:    #10
[    0.347326] .... node  #1, CPUs:    #11
[    0.353067] .... node  #0, CPUs:    #12
[    0.358587] .... node  #1, CPUs:    #13
[    0.363952] .... node  #0, CPUs:    #14
[    0.369189] .... node  #1, CPUs:    #15
[    0.374526] .... node  #0, CPUs:    #16
[    0.379795] .... node  #1, CPUs:    #17
[    0.385126] .... node  #0, CPUs:    #18
[    0.390373] .... node  #1, CPUs:    #19
[    0.396031] .... node  #0, CPUs:    #20
[    0.401266] .... node  #1, CPUs:    #21
[    0.406896] .... node  #0, CPUs:    #22
[    0.412334] .... node  #1, CPUs:    #23
[    0.417750] .... node  #0, CPUs:    #24
[    0.423258] .... node  #1, CPUs:    #25
[    0.428608] .... node  #0, CPUs:    #26
[    0.433822] .... node  #1, CPUs:    #27
[    0.439149] .... node  #0, CPUs:    #28
[    0.444653] .... node  #1, CPUs:    #29
[    0.449971] .... node  #0, CPUs:    #30
[    0.455198] .... node  #1, CPUs:    #31
[    0.460691] .... node  #0, CPUs:    #32
[    0.465976] .... node  #1, CPUs:    #33
[    0.471360] .... node  #0, CPUs:    #34
[    0.476801] .... node  #1, CPUs:    #35
[    0.482138] .... node  #0, CPUs:    #36
[    0.487348] .... node  #1, CPUs:    #37
[    0.492684] .... node  #0, CPUs:    #38
[    0.498242] .... node  #1, CPUs:    #39
[    0.503783] .... node  #0, CPUs:    #40
[    0.509395] .... node  #1, CPUs:    #41
[    0.515146] .... node  #0, CPUs:    #42
[    0.520455] .... node  #1, CPUs:    #43
[    0.526111] .... node  #0, CPUs:    #44
[    0.531470] .... node  #1, CPUs:    #45
[    0.536942] .... node  #0, CPUs:    #46
[    0.542478] .... node  #1, CPUs:    #47
[    0.547947] .... node  #0, CPUs:    #48
[    0.553289] .... node  #1, CPUs:    #49
[    0.558733] .... node  #0, CPUs:    #50
[    0.564226] .... node  #1, CPUs:    #51
[    0.569887] .... node  #0, CPUs:    #52
[    0.575351] .... node  #1, CPUs:    #53
[    0.580952] .... node  #0, CPUs:    #54
[    0.586658] .... node  #1, CPUs:    #55
[    0.592483] .... node  #0, CPUs:    #56
[    0.598614] .... node  #1, CPUs:    #57
[    0.604518] .... node  #0, CPUs:    #58
[    0.609936] .... node  #1, CPUs:    #59
[    0.615398] .... node  #0, CPUs:    #60
[    0.620796] .... node  #1, CPUs:    #61
[    0.626207] .... node  #0, CPUs:    #62
[    0.631806] .... node  #1, CPUs:    #63
[    0.637426] .... node  #0, CPUs:    #64
[    0.642738] .... node  #1, CPUs:    #65
[    0.648499] .... node  #0, CPUs:    #66
[    0.654245] .... node  #1, CPUs:    #67
[    0.660022] .... node  #0, CPUs:    #68
[    0.665802] .... node  #1, CPUs:    #69
[    0.670955] .... node  #0, CPUs:    #70
[    0.676215] .... node  #1, CPUs:    #71
[    0.681762] .... node  #0, CPUs:    #72
[    0.686869] .... node  #1, CPUs:    #73
[    0.692222] .... node  #0, CPUs:    #74
[    0.697755] .... node  #1, CPUs:    #75
[    0.703193] .... node  #0, CPUs:    #76
[    0.708456] .... node  #1, CPUs:    #77
[    0.714092] .... node  #0, CPUs:    #78
[    0.719555] .... node  #1, CPUs:    #79
[    0.724873] .... node  #0, CPUs:    #80
[    0.730517] .... node  #1, CPUs:    #81
[    0.735890] .... node  #0, CPUs:    #82
[    0.741129] .... node  #1, CPUs:    #83
[    0.746488] .... node  #0, CPUs:    #84
[    0.752010] .... node  #1, CPUs:    #85
[    0.757346] .... node  #0, CPUs:    #86
[    0.762593] .... node  #1, CPUs:    #87
[    0.768110] .... node  #0, CPUs:    #88
[    0.773688] .... node  #1, CPUs:    #89
[    0.778845] .... node  #0, CPUs:    #90
[    0.784303] .... node  #1, CPUs:    #91
[    0.789748] .... node  #0, CPUs:    #92
[    0.794886] .... node  #1, CPUs:    #93
[    0.800239] .... node  #0, CPUs:    #94
[    0.805820] .... node  #1, CPUs:    #95
[    0.811386] .... node  #0, CPUs:    #96
[    0.817017] .... node  #1, CPUs:    #97
[    0.822797] .... node  #0, CPUs:    #98
[    0.828126] .... node  #1, CPUs:    #99
[    0.833815] .... node  #0, CPUs:   #100
[    0.839189] .... node  #1, CPUs:   #101
[    0.844703] .... node  #0, CPUs:   #102
[    0.850259] .... node  #1, CPUs:   #103
[    0.855756] .... node  #0, CPUs:   #104
[    0.861114] .... node  #1, CPUs:   #105
[    0.866580] .... node  #0, CPUs:   #106
[    0.872090] .... node  #1, CPUs:   #107
[    0.877776] .... node  #0, CPUs:   #108
[    0.883251] .... node  #1, CPUs:   #109
[    0.888891] .... node  #0, CPUs:   #110
[    0.894613] .... node  #1, CPUs:   #111
[    0.900464] smp: Brought up 2 nodes, 112 CPUs
[    0.900464] smpboot: Max logical packages: 2
[    0.900464] smpboot: Total of 112 processors activated (448074.98 BogoMIPS)
[    0.905041] devtmpfs: initialized
[    0.905041] x86/mm: Memory block size: 2048MB
[    0.905041] ACPI: PM: Registering ACPI NVS region [mem 0x49e77000-0x4ae76fff] (16777216 bytes)
[    0.905714] ACPI: PM: Registering ACPI NVS region [mem 0x6e3ff000-0x6f3fefff] (16777216 bytes)
[    0.905985] clocksource: jiffies: mask: 0xffffffff max_cycles: 0xffffffff, max_idle_ns: 7645041785100000 ns
[    0.906287] futex hash table entries: 32768 (order: 9, 2097152 bytes, vmalloc)
[    0.906535] pinctrl core: initialized pinctrl subsystem
[    0.906698] PM: RTC time: 02:29:23, date: 2024-06-30
[    0.906918] NET: Registered PF_NETLINK/PF_ROUTE protocol family
[    0.907699] DMA: preallocated 4096 KiB GFP_KERNEL pool for atomic allocations
[    0.908204] DMA: preallocated 4096 KiB GFP_KERNEL|GFP_DMA pool for atomic allocations
[    0.908661] DMA: preallocated 4096 KiB GFP_KERNEL|GFP_DMA32 pool for atomic allocations
[    0.908669] audit: initializing netlink subsys (disabled)
[    0.908676] audit: type=2000 audit(1719714561.748:1): state=initialized audit_enabled=0 res=1
[    0.908676] thermal_sys: Registered thermal governor 'fair_share'
[    0.908676] thermal_sys: Registered thermal governor 'bang_bang'
[    0.908676] thermal_sys: Registered thermal governor 'step_wise'
[    0.908676] thermal_sys: Registered thermal governor 'user_space'
[    0.908676] EISA bus registered
[    0.908676] cpuidle: using governor ladder
[    0.908676] cpuidle: using governor menu
[    0.908676] ACPI FADT declares the system doesn't support PCIe ASPM, so disable it
[    0.908676] ACPI: bus type PCI registered
[    0.908676] acpiphp: ACPI Hot Plug PCI Controller Driver version: 0.5
[    0.909750] PCI: MMCONFIG for domain 0000 [bus 00-ff] at [mem 0x80000000-0x8fffffff] (base 0x80000000)
[    0.909755] PCI: MMCONFIG at [mem 0x80000000-0x8fffffff] reserved in E820
[    0.909761] pmd_set_huge: Cannot satisfy [mem 0x80000000-0x80200000] with a huge-page mapping due to MTRR override.
[    0.909970] PCI: Using configuration type 1 for base access
[    0.909979] PCI: Dell System detected, enabling pci=bfsort.
[    0.912102] ENERGY_PERF_BIAS: Set to 'normal', was 'performance'
[    0.914755] Kprobes globally optimized
[    0.914760] HugeTLB registered 1.00 GiB page size, pre-allocated 0 pages
[    0.914760] HugeTLB registered 2.00 MiB page size, pre-allocated 0 pages
[    0.917776] ACPI: Added _OSI(Module Device)
[    0.917778] ACPI: Added _OSI(Processor Device)
[    0.917779] ACPI: Added _OSI(3.0 _SCP Extensions)
[    0.917780] ACPI: Added _OSI(Processor Aggregator Device)
[    0.917781] ACPI: Added _OSI(Linux-Dell-Video)
[    0.917782] ACPI: Added _OSI(Linux-Lenovo-NV-HDMI-Audio)
[    0.917783] ACPI: Added _OSI(Linux-HPI-Hybrid-Graphics)
[    1.083702] ACPI: 8 ACPI AML tables successfully acquired and loaded
[    1.089262] ACPI: [Firmware Bug]: BIOS _OSI(Linux) query ignored
[    1.094426] ACPI: Dynamic OEM Table Load:
[    1.493919] ACPI: Interpreter enabled
[    1.493939] ACPI: PM: (supports S0 S5)
[    1.493941] ACPI: Using IOAPIC for interrupt routing
[    1.494021] HEST: Table parsing has been initialized.
[    1.494023] PCI: Using host bridge windows from ACPI; if necessary, use "pci=nocrs" and report a bug
[    1.522309] ACPI: Enabled 4 GPEs in block 00 to 7F
[    1.639404] ACPI: PCI Root Bridge [PC00] (domain 0000 [bus 00-15])
[    1.639410] acpi PNP0A08:00: _OSC: OS supports [ExtendedConfig ASPM ClockPM Segments MSI HPX-Type3]
[    1.705644] acpi PNP0A08:00: _OSC: platform does not support [SHPCHotplug AER LTR]
[    1.705865] acpi PNP0A08:00: _OSC: OS now controls [PCIeHotplug PME PCIeCapability]
[    1.705866] acpi PNP0A08:00: FADT indicates ASPM is unsupported, using BIOS configuration
[    1.707661] PCI host bridge to bus 0000:00
[    1.707663] pci_bus 0000:00: root bus resource [io  0x0000-0x0cf7 window]
[    1.707665] pci_bus 0000:00: root bus resource [io  0x1000-0x4fff window]
[    1.707667] pci_bus 0000:00: root bus resource [mem 0x000a0000-0x000bffff window]
[    1.707668] pci_bus 0000:00: root bus resource [mem 0x000c8000-0x000cffff window]
[    1.707669] pci_bus 0000:00: root bus resource [mem 0xfe010000-0xfe010fff window]
[    1.707670] pci_bus 0000:00: root bus resource [mem 0x90000000-0x9b7fffff window]
[    1.707671] pci_bus 0000:00: root bus resource [mem 0x200000000000-0x20ffffffffff window]
[    1.707673] pci_bus 0000:00: root bus resource [bus 00-15]
[    1.708997] pci 0000:00:00.0: [8086:09a2] type 00 class 0x088000
[    1.709755] pci 0000:00:00.1: [8086:09a4] type 00 class 0x088000
[    1.711140] pci 0000:00:00.2: [8086:09a3] type 00 class 0x088000
[    1.712518] pci 0000:00:00.4: [8086:0998] type 00 class 0x060000
[    1.714560] pci 0000:00:02.0: [8086:09a6] type 00 class 0x088000
[    1.714568] pci 0000:00:02.0: reg 0x10: [mem 0x92dfc000-0x92dfdfff]
[    1.715956] pci 0000:00:02.1: [8086:09a7] type 00 class 0x088000
[    1.715964] pci 0000:00:02.1: reg 0x10: [mem 0x92d00000-0x92d7ffff]
[    1.715969] pci 0000:00:02.1: reg 0x14: [mem 0x92c80000-0x92cfffff]
[    1.717352] pci 0000:00:02.4: [8086:3456] type 00 class 0x130000
[    1.717362] pci 0000:00:02.4: reg 0x10: [mem 0x92a00000-0x92afffff 64bit]
[    1.717369] pci 0000:00:02.4: reg 0x18: [mem 0x92df0000-0x92df3fff 64bit]
[    1.717376] pci 0000:00:02.4: reg 0x20: [mem 0x92dc0000-0x92ddffff 64bit]
[    1.718775] pci 0000:00:11.0: [8086:a1ec] type 00 class 0xff0000
[    1.718778] pci 0000:00:11.0: device has non-compliant BARs; disabling IO/MEM decoding
[    1.720179] pci 0000:00:11.5: [8086:a1d2] type 00 class 0x010601
[    1.720192] pci 0000:00:11.5: reg 0x10: [mem 0x92dfa000-0x92dfbfff]
[    1.720199] pci 0000:00:11.5: reg 0x14: [mem 0x92e05000-0x92e050ff]
[    1.720207] pci 0000:00:11.5: reg 0x18: [io  0x2068-0x206f]
[    1.720214] pci 0000:00:11.5: reg 0x1c: [io  0x2074-0x2077]
[    1.720221] pci 0000:00:11.5: reg 0x20: [io  0x2040-0x205f]
[    1.720229] pci 0000:00:11.5: reg 0x24: [mem 0x92b80000-0x92bfffff]
[    1.720266] pci 0000:00:11.5: PME# supported from D3hot
[    1.721784] pci 0000:00:14.0: [8086:a1af] type 00 class 0x0c0330
[    1.721801] pci 0000:00:14.0: reg 0x10: [mem 0x92de0000-0x92deffff 64bit]
[    1.721865] pci 0000:00:14.0: PME# supported from D3hot D3cold
[    1.723405] pci 0000:00:14.2: [8086:a1b1] type 00 class 0x118000
[    1.723422] pci 0000:00:14.2: reg 0x10: [mem 0x92e02000-0x92e02fff 64bit]
[    1.724860] pci 0000:00:16.0: [8086:a1ba] type 00 class 0x078000
[    1.724883] pci 0000:00:16.0: reg 0x10: [mem 0x92e01000-0x92e01fff 64bit]
[    1.724954] pci 0000:00:16.0: PME# supported from D3hot
[    1.726336] pci 0000:00:16.1: [8086:a1bb] type 00 class 0x078000
[    1.726360] pci 0000:00:16.1: reg 0x10: [mem 0x92e00000-0x92e00fff 64bit]
[    1.726442] pci 0000:00:16.1: PME# supported from D3hot
[    1.727824] pci 0000:00:16.4: [8086:a1be] type 00 class 0x078000
[    1.727847] pci 0000:00:16.4: reg 0x10: [mem 0x92dff000-0x92dfffff 64bit]
[    1.727931] pci 0000:00:16.4: PME# supported from D3hot
[    1.729313] pci 0000:00:17.0: [8086:a182] type 00 class 0x010601
[    1.729326] pci 0000:00:17.0: reg 0x10: [mem 0x92df8000-0x92df9fff]
[    1.729333] pci 0000:00:17.0: reg 0x14: [mem 0x92e04000-0x92e040ff]
[    1.729340] pci 0000:00:17.0: reg 0x18: [io  0x2060-0x2067]
[    1.729347] pci 0000:00:17.0: reg 0x1c: [io  0x2070-0x2073]
[    1.729354] pci 0000:00:17.0: reg 0x20: [io  0x2020-0x203f]
[    1.729361] pci 0000:00:17.0: reg 0x24: [mem 0x92b00000-0x92b7ffff]
[    1.729398] pci 0000:00:17.0: PME# supported from D3hot
[    1.730923] pci 0000:00:1c.0: [8086:a190] type 01 class 0x060400
[    1.730997] pci 0000:00:1c.0: PME# supported from D0 D3hot D3cold
[    1.732943] pci 0000:00:1c.4: [8086:a194] type 01 class 0x060400
[    1.733012] pci 0000:00:1c.4: PME# supported from D0 D3hot D3cold
[    1.734934] pci 0000:00:1c.5: [8086:a195] type 01 class 0x060400
[    1.735005] pci 0000:00:1c.5: PME# supported from D0 D3hot D3cold
[    1.736931] pci 0000:00:1f.0: [8086:a1cb] type 00 class 0x060100
[    1.738537] pci 0000:00:1f.2: [8086:a1a1] type 00 class 0x058000
[    1.738551] pci 0000:00:1f.2: reg 0x10: [mem 0x92df4000-0x92df7fff]
[    1.740101] pci 0000:00:1f.4: [8086:a1a3] type 00 class 0x0c0500
[    1.740120] pci 0000:00:1f.4: reg 0x10: [mem 0x92dfe000-0x92dfe0ff 64bit]
[    1.740142] pci 0000:00:1f.4: reg 0x20: [io  0x2000-0x201f]
[    1.741521] pci 0000:00:1f.5: [8086:a1a4] type 00 class 0x0c8000
[    1.741536] pci 0000:00:1f.5: reg 0x10: [mem 0xfe010000-0xfe010fff]
[    1.741659] pci 0000:00:1c.0: PCI bridge to [bus 01]
[    1.741713] pci 0000:02:00.0: [1556:be00] type 01 class 0x060400
[    1.741888] pci 0000:00:1c.4: PCI bridge to [bus 02-03]
[    1.741892] pci 0000:00:1c.4:   bridge window [mem 0x92000000-0x928fffff]
[    1.741896] pci 0000:00:1c.4:   bridge window [mem 0x91000000-0x91ffffff 64bit pref]
[    1.741928] pci_bus 0000:03: extended config space not accessible
[    1.741944] pci 0000:03:00.0: [102b:0536] type 00 class 0x030000
[    1.741964] pci 0000:03:00.0: reg 0x10: [mem 0x91000000-0x91ffffff pref]
[    1.741974] pci 0000:03:00.0: reg 0x14: [mem 0x92808000-0x9280bfff]
[    1.741985] pci 0000:03:00.0: reg 0x18: [mem 0x92000000-0x927fffff]
[    1.742032] pci 0000:03:00.0: BAR 0: assigned to efifb
[    1.742131] pci 0000:02:00.0: PCI bridge to [bus 03]
[    1.742140] pci 0000:02:00.0:   bridge window [mem 0x92000000-0x928fffff]
[    1.742146] pci 0000:02:00.0:   bridge window [mem 0x91000000-0x91ffffff 64bit pref]
[    1.742222] pci 0000:04:00.0: [14e4:165f] type 00 class 0x020000
[    1.742245] pci 0000:04:00.0: reg 0x10: [mem 0x92930000-0x9293ffff 64bit pref]
[    1.742261] pci 0000:04:00.0: reg 0x18: [mem 0x92940000-0x9294ffff 64bit pref]
[    1.742276] pci 0000:04:00.0: reg 0x20: [mem 0x92950000-0x9295ffff 64bit pref]
[    1.742287] pci 0000:04:00.0: reg 0x30: [mem 0xfffc0000-0xffffffff pref]
[    1.742381] pci 0000:04:00.0: PME# supported from D0 D3hot D3cold
[    1.742433] pci 0000:04:00.0: 4.000 Gb/s available PCIe bandwidth, limited by 5.0 GT/s PCIe x1 link at 0000:00:1c.5 (capable of 8.000 Gb/s with 5.0 GT/s PCIe x2 link)
[    1.742981] pci 0000:04:00.1: [14e4:165f] type 00 class 0x020000
[    1.743005] pci 0000:04:00.1: reg 0x10: [mem 0x92900000-0x9290ffff 64bit pref]
[    1.743021] pci 0000:04:00.1: reg 0x18: [mem 0x92910000-0x9291ffff 64bit pref]
[    1.743036] pci 0000:04:00.1: reg 0x20: [mem 0x92920000-0x9292ffff 64bit pref]
[    1.743047] pci 0000:04:00.1: reg 0x30: [mem 0xfffc0000-0xffffffff pref]
[    1.743140] pci 0000:04:00.1: PME# supported from D0 D3hot D3cold
[    1.743691] pci 0000:00:1c.5: PCI bridge to [bus 04]
[    1.743698] pci 0000:00:1c.5:   bridge window [mem 0x92900000-0x929fffff 64bit pref]
[    1.743712] pci_bus 0000:00: on NUMA node 0
[    1.744278] ACPI: PCI Root Bridge [PC01] (domain 0000 [bus 16-2f])
[    1.744282] acpi PNP0A08:01: _OSC: OS supports [ExtendedConfig ASPM ClockPM Segments MSI HPX-Type3]
[    1.758485] acpi PNP0A08:01: _OSC: platform does not support [SHPCHotplug AER]
[    1.758707] acpi PNP0A08:01: _OSC: OS now controls [PCIeHotplug PME PCIeCapability LTR]
[    1.758708] acpi PNP0A08:01: FADT indicates ASPM is unsupported, using BIOS configuration
[    1.758855] PCI host bridge to bus 0000:16
[    1.758857] pci_bus 0000:16: root bus resource [io  0x5000-0x6fff window]
[    1.758858] pci_bus 0000:16: root bus resource [mem 0x9b800000-0xa63fffff window]
[    1.758860] pci_bus 0000:16: root bus resource [mem 0x210000000000-0x21ffffffffff window]
[    1.758861] pci_bus 0000:16: root bus resource [bus 16-2f]
[    1.758876] pci 0000:16:00.0: [8086:09a2] type 00 class 0x088000
[    1.758957] pci 0000:16:00.1: [8086:09a4] type 00 class 0x088000
[    1.759028] pci 0000:16:00.2: [8086:09a3] type 00 class 0x088000
[    1.759097] pci 0000:16:00.4: [8086:0998] type 00 class 0x060000
[    1.759174] pci 0000:16:02.0: [8086:347a] type 01 class 0x060400
[    1.759183] pci 0000:16:02.0: reg 0x10: [mem 0x21fffff00000-0x21fffff1ffff 64bit]
[    1.759221] pci 0000:16:02.0: PME# supported from D0 D3hot D3cold
[    1.760127] pci 0000:17:00.0: [1000:10e2] type 00 class 0x010400
[    1.760140] pci 0000:17:00.0: reg 0x10: [mem 0x9b800000-0x9b8fffff 64bit pref]
[    1.760148] pci 0000:17:00.0: reg 0x18: [mem 0x9b900000-0x9b9fffff 64bit pref]
[    1.760154] pci 0000:17:00.0: reg 0x20: [mem 0x9ba00000-0x9bafffff]
[    1.760159] pci 0000:17:00.0: reg 0x24: [io  0x5000-0x50ff]
[    1.760165] pci 0000:17:00.0: reg 0x30: [mem 0xfff00000-0xffffffff pref]
[    1.761224] pci 0000:17:00.0: supports D1 D2
[    1.761290] pci 0000:16:02.0: PCI bridge to [bus 17]
[    1.761292] pci 0000:16:02.0:   bridge window [io  0x5000-0x5fff]
[    1.761294] pci 0000:16:02.0:   bridge window [mem 0x9ba00000-0x9bafffff]
[    1.761297] pci 0000:16:02.0:   bridge window [mem 0x9b800000-0x9b9fffff 64bit pref]
[    1.761302] pci_bus 0000:16: on NUMA node 0
[    1.761379] ACPI: PCI Root Bridge [PC02] (domain 0000 [bus 30-49])
[    1.761382] acpi PNP0A08:02: _OSC: OS supports [ExtendedConfig ASPM ClockPM Segments MSI HPX-Type3]
[    1.775056] acpi PNP0A08:02: _OSC: platform does not support [SHPCHotplug AER]
[    1.775258] acpi PNP0A08:02: _OSC: OS now controls [PCIeHotplug PME PCIeCapability LTR]
[    1.775260] acpi PNP0A08:02: FADT indicates ASPM is unsupported, using BIOS configuration
[    1.775373] PCI host bridge to bus 0000:30
[    1.775374] pci_bus 0000:30: root bus resource [io  0x7000-0x8fff window]
[    1.775376] pci_bus 0000:30: root bus resource [mem 0xa6400000-0xb0ffffff window]
[    1.775377] pci_bus 0000:30: root bus resource [mem 0x220000000000-0x22ffffffffff window]
[    1.775378] pci_bus 0000:30: root bus resource [bus 30-49]
[    1.775392] pci 0000:30:00.0: [8086:09a2] type 00 class 0x088000
[    1.775466] pci 0000:30:00.1: [8086:09a4] type 00 class 0x088000
[    1.775541] pci 0000:30:00.2: [8086:09a3] type 00 class 0x088000
[    1.775610] pci 0000:30:00.4: [8086:0998] type 00 class 0x060000
[    1.775680] pci_bus 0000:30: on NUMA node 0
[    1.775779] ACPI: PCI Root Bridge [PC04] (domain 0000 [bus 4a-63])
[    1.775781] acpi PNP0A08:04: _OSC: OS supports [ExtendedConfig ASPM ClockPM Segments MSI HPX-Type3]
[    1.789476] acpi PNP0A08:04: _OSC: platform does not support [SHPCHotplug AER]
[    1.789678] acpi PNP0A08:04: _OSC: OS now controls [PCIeHotplug PME PCIeCapability LTR]
[    1.789680] acpi PNP0A08:04: FADT indicates ASPM is unsupported, using BIOS configuration
[    1.789791] PCI host bridge to bus 0000:4a
[    1.789792] pci_bus 0000:4a: root bus resource [io  0x9000-0x9fff window]
[    1.789794] pci_bus 0000:4a: root bus resource [mem 0xb1000000-0xbbbfffff window]
[    1.789795] pci_bus 0000:4a: root bus resource [mem 0x230000000000-0x23ffffffffff window]
[    1.789796] pci_bus 0000:4a: root bus resource [bus 4a-63]
[    1.789810] pci 0000:4a:00.0: [8086:09a2] type 00 class 0x088000
[    1.789879] pci 0000:4a:00.1: [8086:09a4] type 00 class 0x088000
[    1.789948] pci 0000:4a:00.2: [8086:09a3] type 00 class 0x088000
[    1.790016] pci 0000:4a:00.4: [8086:0998] type 00 class 0x060000
[    1.790086] pci_bus 0000:4a: on NUMA node 0
[    1.790157] ACPI: PCI Root Bridge [PC05] (domain 0000 [bus 64-7d])
[    1.790159] acpi PNP0A08:05: _OSC: OS supports [ExtendedConfig ASPM ClockPM Segments MSI HPX-Type3]
[    1.803844] acpi PNP0A08:05: _OSC: platform does not support [SHPCHotplug AER]
[    1.804044] acpi PNP0A08:05: _OSC: OS now controls [PCIeHotplug PME PCIeCapability LTR]
[    1.804046] acpi PNP0A08:05: FADT indicates ASPM is unsupported, using BIOS configuration
[    1.804155] PCI host bridge to bus 0000:64
[    1.804156] pci_bus 0000:64: root bus resource [io  0xa000-0xafff window]
[    1.804158] pci_bus 0000:64: root bus resource [mem 0xbbc00000-0xc5ffffff window]
[    1.804159] pci_bus 0000:64: root bus resource [mem 0x240000000000-0x24ffffffffff window]
[    1.804160] pci_bus 0000:64: root bus resource [bus 64-7d]
[    1.804173] pci 0000:64:00.0: [8086:09a2] type 00 class 0x088000
[    1.804244] pci 0000:64:00.1: [8086:09a4] type 00 class 0x088000
[    1.804317] pci 0000:64:00.2: [8086:09a3] type 00 class 0x088000
[    1.804387] pci 0000:64:00.4: [8086:0998] type 00 class 0x060000
[    1.804458] pci_bus 0000:64: on NUMA node 0
[    1.804523] ACPI: PCI Root Bridge [UC06] (domain 0000 [bus 7e])
[    1.804525] acpi PNP0A03:00: _OSC: OS supports [ExtendedConfig ASPM ClockPM Segments MSI HPX-Type3]
[    1.804690] acpi PNP0A03:00: _OSC: platform does not support [SHPCHotplug AER LTR]
[    1.804860] acpi PNP0A03:00: _OSC: OS now controls [PCIeHotplug PME PCIeCapability]
[    1.804861] acpi PNP0A03:00: FADT indicates ASPM is unsupported, using BIOS configuration
[    1.804984] PCI host bridge to bus 0000:7e
[    1.804985] pci_bus 0000:7e: root bus resource [bus 7e]
[    1.805019] pci 0000:7e:00.0: [8086:3450] type 00 class 0x088000
[    1.805101] pci 0000:7e:00.1: [8086:3451] type 00 class 0x088000
[    1.805191] pci 0000:7e:00.2: [8086:3452] type 00 class 0x088000
[    1.805271] pci 0000:7e:00.3: [8086:0998] type 00 class 0x060000
[    1.805350] pci 0000:7e:00.5: [8086:3455] type 00 class 0x088000
[    1.805449] pci 0000:7e:02.0: [8086:3440] type 00 class 0x088000
[    1.805591] pci 0000:7e:02.1: [8086:3441] type 00 class 0x088000
[    1.805724] pci 0000:7e:02.2: [8086:3442] type 00 class 0x088000
[    1.805868] pci 0000:7e:03.0: [8086:3440] type 00 class 0x088000
[    1.805970] pci 0000:7e:03.1: [8086:3441] type 00 class 0x088000
[    1.806068] pci 0000:7e:03.2: [8086:3442] type 00 class 0x088000
[    1.806173] pci 0000:7e:04.0: [8086:3440] type 00 class 0x088000
[    1.806316] pci 0000:7e:04.1: [8086:3441] type 00 class 0x088000
[    1.806456] pci 0000:7e:04.2: [8086:3442] type 00 class 0x088000
[    1.806600] pci 0000:7e:04.3: [8086:3443] type 00 class 0x088000
[    1.806754] pci 0000:7e:05.0: [8086:3445] type 00 class 0x088000
[    1.806890] pci 0000:7e:05.1: [8086:3446] type 00 class 0x088000
[    1.807026] pci 0000:7e:05.2: [8086:3447] type 00 class 0x088000
[    1.807172] pci 0000:7e:06.0: [8086:3445] type 00 class 0x088000
[    1.807275] pci 0000:7e:06.1: [8086:3446] type 00 class 0x088000
[    1.807376] pci 0000:7e:06.2: [8086:3447] type 00 class 0x088000
[    1.807498] pci 0000:7e:07.0: [8086:3445] type 00 class 0x088000
[    1.807646] pci 0000:7e:07.1: [8086:3446] type 00 class 0x088000
[    1.807794] pci 0000:7e:07.2: [8086:3447] type 00 class 0x088000
[    1.807946] pci 0000:7e:0b.0: [8086:3448] type 00 class 0x088000
[    1.808034] pci 0000:7e:0b.1: [8086:3448] type 00 class 0x088000
[    1.808122] pci 0000:7e:0b.2: [8086:344b] type 00 class 0x088000
[    1.808228] pci 0000:7e:0c.0: [8086:344a] type 00 class 0x110100
[    1.808354] pci 0000:7e:0d.0: [8086:344a] type 00 class 0x110100
[    1.808465] pci 0000:7e:0e.0: [8086:344a] type 00 class 0x110100
[    1.808640] pci 0000:7e:0f.0: [8086:344a] type 00 class 0x110100
[    1.808832] pci 0000:7e:1a.0: [8086:2880] type 00 class 0x110100
[    1.808956] pci 0000:7e:1b.0: [8086:2880] type 00 class 0x110100
[    1.809065] pci 0000:7e:1c.0: [8086:2880] type 00 class 0x110100
[    1.809240] pci 0000:7e:1d.0: [8086:2880] type 00 class 0x110100
[    1.809398] pci_bus 0000:7e: on NUMA node 0
[    1.809477] ACPI: PCI Root Bridge [UC07] (domain 0000 [bus 7f])
[    1.809480] acpi PNP0A03:01: _OSC: OS supports [ExtendedConfig ASPM ClockPM Segments MSI HPX-Type3]
[    1.809649] acpi PNP0A03:01: _OSC: platform does not support [SHPCHotplug AER LTR]
[    1.809819] acpi PNP0A03:01: _OSC: OS now controls [PCIeHotplug PME PCIeCapability]
[    1.809820] acpi PNP0A03:01: FADT indicates ASPM is unsupported, using BIOS configuration
[    1.809956] PCI host bridge to bus 0000:7f
[    1.809957] pci_bus 0000:7f: root bus resource [bus 7f]
[    1.809998] pci 0000:7f:00.0: [8086:344c] type 00 class 0x088000
[    1.810124] pci 0000:7f:00.1: [8086:344c] type 00 class 0x088000
[    1.810268] pci 0000:7f:00.2: [8086:344c] type 00 class 0x088000
[    1.810410] pci 0000:7f:00.3: [8086:344c] type 00 class 0x088000
[    1.810525] pci 0000:7f:00.4: [8086:344c] type 00 class 0x088000
[    1.810671] pci 0000:7f:00.5: [8086:344c] type 00 class 0x088000
[    1.810813] pci 0000:7f:00.6: [8086:344c] type 00 class 0x088000
[    1.810915] pci 0000:7f:00.7: [8086:344c] type 00 class 0x088000
[    1.811038] pci 0000:7f:01.0: [8086:344c] type 00 class 0x088000
[    1.811190] pci 0000:7f:01.1: [8086:344c] type 00 class 0x088000
[    1.811337] pci 0000:7f:01.2: [8086:344c] type 00 class 0x088000
[    1.811447] pci 0000:7f:01.3: [8086:344c] type 00 class 0x088000
[    1.811603] pci 0000:7f:01.4: [8086:344c] type 00 class 0x088000
[    1.811762] pci 0000:7f:01.5: [8086:344c] type 00 class 0x088000
[    1.811922] pci 0000:7f:01.6: [8086:344c] type 00 class 0x088000
[    1.812069] pci 0000:7f:01.7: [8086:344c] type 00 class 0x088000
[    1.812237] pci 0000:7f:02.0: [8086:344c] type 00 class 0x088000
[    1.812391] pci 0000:7f:02.1: [8086:344c] type 00 class 0x088000
[    1.812547] pci 0000:7f:02.2: [8086:344c] type 00 class 0x088000
[    1.812709] pci 0000:7f:02.3: [8086:344c] type 00 class 0x088000
[    1.812873] pci 0000:7f:02.4: [8086:344c] type 00 class 0x088000
[    1.813035] pci 0000:7f:02.5: [8086:344c] type 00 class 0x088000
[    1.813198] pci 0000:7f:02.6: [8086:344c] type 00 class 0x088000
[    1.813371] pci 0000:7f:02.7: [8086:344c] type 00 class 0x088000
[    1.813557] pci 0000:7f:03.0: [8086:344c] type 00 class 0x088000
[    1.813727] pci 0000:7f:03.1: [8086:344c] type 00 class 0x088000
[    1.813904] pci 0000:7f:03.2: [8086:344c] type 00 class 0x088000
[    1.814084] pci 0000:7f:03.3: [8086:344c] type 00 class 0x088000
[    1.814282] pci 0000:7f:0a.0: [8086:344d] type 00 class 0x088000
[    1.814406] pci 0000:7f:0a.1: [8086:344d] type 00 class 0x088000
[    1.814541] pci 0000:7f:0a.2: [8086:344d] type 00 class 0x088000
[    1.814678] pci 0000:7f:0a.3: [8086:344d] type 00 class 0x088000
[    1.814792] pci 0000:7f:0a.4: [8086:344d] type 00 class 0x088000
[    1.814938] pci 0000:7f:0a.5: [8086:344d] type 00 class 0x088000
[    1.815079] pci 0000:7f:0a.6: [8086:344d] type 00 class 0x088000
[    1.815186] pci 0000:7f:0a.7: [8086:344d] type 00 class 0x088000
[    1.815308] pci 0000:7f:0b.0: [8086:344d] type 00 class 0x088000
[    1.815465] pci 0000:7f:0b.1: [8086:344d] type 00 class 0x088000
[    1.815612] pci 0000:7f:0b.2: [8086:344d] type 00 class 0x088000
[    1.815716] pci 0000:7f:0b.3: [8086:344d] type 00 class 0x088000
[    1.815873] pci 0000:7f:0b.4: [8086:344d] type 00 class 0x088000
[    1.816031] pci 0000:7f:0b.5: [8086:344d] type 00 class 0x088000
[    1.816192] pci 0000:7f:0b.6: [8086:344d] type 00 class 0x088000
[    1.816345] pci 0000:7f:0b.7: [8086:344d] type 00 class 0x088000
[    1.816513] pci 0000:7f:0c.0: [8086:344d] type 00 class 0x088000
[    1.816667] pci 0000:7f:0c.1: [8086:344d] type 00 class 0x088000
[    1.816824] pci 0000:7f:0c.2: [8086:344d] type 00 class 0x088000
[    1.816982] pci 0000:7f:0c.3: [8086:344d] type 00 class 0x088000
[    1.817147] pci 0000:7f:0c.4: [8086:344d] type 00 class 0x088000
[    1.817309] pci 0000:7f:0c.5: [8086:344d] type 00 class 0x088000
[    1.817475] pci 0000:7f:0c.6: [8086:344d] type 00 class 0x088000
[    1.817650] pci 0000:7f:0c.7: [8086:344d] type 00 class 0x088000
[    1.817837] pci 0000:7f:0d.0: [8086:344d] type 00 class 0x088000
[    1.818006] pci 0000:7f:0d.1: [8086:344d] type 00 class 0x088000
[    1.818183] pci 0000:7f:0d.2: [8086:344d] type 00 class 0x088000
[    1.818358] pci 0000:7f:0d.3: [8086:344d] type 00 class 0x088000
[    1.818566] pci 0000:7f:1d.0: [8086:344f] type 00 class 0x088000
[    1.818698] pci 0000:7f:1d.1: [8086:3457] type 00 class 0x088000
[    1.818843] pci 0000:7f:1e.0: [8086:3458] type 00 class 0x088000
[    1.818937] pci 0000:7f:1e.1: [8086:3459] type 00 class 0x088000
[    1.819028] pci 0000:7f:1e.2: [8086:345a] type 00 class 0x088000
[    1.819117] pci 0000:7f:1e.3: [8086:345b] type 00 class 0x088000
[    1.819204] pci 0000:7f:1e.4: [8086:345c] type 00 class 0x088000
[    1.819292] pci 0000:7f:1e.5: [8086:345d] type 00 class 0x088000
[    1.819379] pci 0000:7f:1e.6: [8086:345e] type 00 class 0x088000
[    1.819467] pci 0000:7f:1e.7: [8086:345f] type 00 class 0x088000
[    1.819541] pci_bus 0000:7f: on NUMA node 0
[    1.819637] ACPI: PCI Root Bridge [PC06] (domain 0000 [bus 80])
[    1.819640] acpi PNP0A08:06: _OSC: OS supports [ExtendedConfig ASPM ClockPM Segments MSI HPX-Type3]
[    1.833331] acpi PNP0A08:06: _OSC: platform does not support [SHPCHotplug AER]
[    1.833537] acpi PNP0A08:06: _OSC: OS now controls [PCIeHotplug PME PCIeCapability LTR]
[    1.833538] acpi PNP0A08:06: FADT indicates ASPM is unsupported, using BIOS configuration
[    1.833679] PCI host bridge to bus 0000:80
[    1.833680] pci_bus 0000:80: root bus resource [io  0xb000-0xbfff window]
[    1.833682] pci_bus 0000:80: root bus resource [mem 0xc6800000-0xd0ffffff window]
[    1.833683] pci_bus 0000:80: root bus resource [mem 0x250000000000-0x25ffffffffff window]
[    1.833685] pci_bus 0000:80: root bus resource [bus 80]
[    1.833717] pci 0000:80:00.0: [8086:09a2] type 00 class 0x088000
[    1.833812] pci 0000:80:00.1: [8086:09a4] type 00 class 0x088000
[    1.833902] pci 0000:80:00.2: [8086:09a3] type 00 class 0x088000
[    1.833992] pci 0000:80:00.4: [8086:0998] type 00 class 0x060000
[    1.834081] pci 0000:80:02.0: [8086:09a6] type 00 class 0x088000
[    1.834089] pci 0000:80:02.0: reg 0x10: [mem 0xc6aa4000-0xc6aa5fff]
[    1.834169] pci 0000:80:02.1: [8086:09a7] type 00 class 0x088000
[    1.834177] pci 0000:80:02.1: reg 0x10: [mem 0xc6a00000-0xc6a7ffff]
[    1.834183] pci 0000:80:02.1: reg 0x14: [mem 0xc6980000-0xc69fffff]
[    1.834270] pci 0000:80:02.4: [8086:3456] type 00 class 0x130000
[    1.834281] pci 0000:80:02.4: reg 0x10: [mem 0xc6800000-0xc68fffff 64bit]
[    1.834288] pci 0000:80:02.4: reg 0x18: [mem 0xc6aa0000-0xc6aa3fff 64bit]
[    1.834296] pci 0000:80:02.4: reg 0x20: [mem 0xc6a80000-0xc6a9ffff 64bit]
[    1.834359] pci_bus 0000:80: on NUMA node 1
[    1.834436] ACPI: PCI Root Bridge [PC07] (domain 0000 [bus 81])
[    1.834438] acpi PNP0A08:07: _OSC: OS supports [ExtendedConfig ASPM ClockPM Segments MSI HPX-Type3]
[    1.848119] acpi PNP0A08:07: _OSC: platform does not support [SHPCHotplug AER]
[    1.848321] acpi PNP0A08:07: _OSC: OS now controls [PCIeHotplug PME PCIeCapability LTR]
[    1.848322] acpi PNP0A08:07: FADT indicates ASPM is unsupported, using BIOS configuration
[    1.848436] PCI host bridge to bus 0000:81
[    1.848437] pci_bus 0000:81: root bus resource [io  0xc000-0xcfff window]
[    1.848438] pci_bus 0000:81: root bus resource [mem 0xd1000000-0xdbbfffff window]
[    1.848439] pci_bus 0000:81: root bus resource [mem 0x260000000000-0x26ffffffffff window]
[    1.848440] pci_bus 0000:81: root bus resource [bus 81]
[    1.848455] pci 0000:81:00.0: [8086:09a2] type 00 class 0x088000
[    1.848530] pci 0000:81:00.1: [8086:09a4] type 00 class 0x088000
[    1.848612] pci 0000:81:00.2: [8086:09a3] type 00 class 0x088000
[    1.848687] pci 0000:81:00.4: [8086:0998] type 00 class 0x060000
[    1.848768] pci_bus 0000:81: on NUMA node 1
[    1.848846] ACPI: PCI Root Bridge [PC08] (domain 0000 [bus 82])
[    1.848849] acpi PNP0A08:08: _OSC: OS supports [ExtendedConfig ASPM ClockPM Segments MSI HPX-Type3]
[    1.862619] acpi PNP0A08:08: _OSC: platform does not support [SHPCHotplug AER]
[    1.862821] acpi PNP0A08:08: _OSC: OS now controls [PCIeHotplug PME PCIeCapability LTR]
[    1.862822] acpi PNP0A08:08: FADT indicates ASPM is unsupported, using BIOS configuration
[    1.862935] PCI host bridge to bus 0000:82
[    1.862936] pci_bus 0000:82: root bus resource [io  0xd000-0xdfff window]
[    1.862937] pci_bus 0000:82: root bus resource [mem 0xdbc00000-0xe67fffff window]
[    1.862938] pci_bus 0000:82: root bus resource [mem 0x270000000000-0x27ffffffffff window]
[    1.862940] pci_bus 0000:82: root bus resource [bus 82]
[    1.862954] pci 0000:82:00.0: [8086:09a2] type 00 class 0x088000
[    1.863029] pci 0000:82:00.1: [8086:09a4] type 00 class 0x088000
[    1.863105] pci 0000:82:00.2: [8086:09a3] type 00 class 0x088000
[    1.863180] pci 0000:82:00.4: [8086:0998] type 00 class 0x060000
[    1.863260] pci_bus 0000:82: on NUMA node 1
[    1.863356] ACPI: PCI Root Bridge [PC10] (domain 0000 [bus 83-f9])
[    1.863359] acpi PNP0A08:0a: _OSC: OS supports [ExtendedConfig ASPM ClockPM Segments MSI HPX-Type3]
[    1.877060] acpi PNP0A08:0a: _OSC: platform does not support [SHPCHotplug AER]
[    1.877262] acpi PNP0A08:0a: _OSC: OS now controls [PCIeHotplug PME PCIeCapability LTR]
[    1.877263] acpi PNP0A08:0a: FADT indicates ASPM is unsupported, using BIOS configuration
[    1.877383] PCI host bridge to bus 0000:83
[    1.877384] pci_bus 0000:83: root bus resource [io  0xe000-0xefff window]
[    1.877386] pci_bus 0000:83: root bus resource [mem 0xe6800000-0xf13fffff window]
[    1.877387] pci_bus 0000:83: root bus resource [mem 0x280000000000-0x28ffffffffff window]
[    1.877388] pci_bus 0000:83: root bus resource [bus 83-f9]
[    1.877403] pci 0000:83:00.0: [8086:09a2] type 00 class 0x088000
[    1.877483] pci 0000:83:00.1: [8086:09a4] type 00 class 0x088000
[    1.877564] pci 0000:83:00.2: [8086:09a3] type 00 class 0x088000
[    1.877642] pci 0000:83:00.4: [8086:0998] type 00 class 0x060000
[    1.877723] pci_bus 0000:83: on NUMA node 1
[    1.877794] ACPI: PCI Root Bridge [PC11] (domain 0000 [bus fa])
[    1.877797] acpi PNP0A08:0b: _OSC: OS supports [ExtendedConfig ASPM ClockPM Segments MSI HPX-Type3]
[    1.891485] acpi PNP0A08:0b: _OSC: platform does not support [SHPCHotplug AER]
[    1.891686] acpi PNP0A08:0b: _OSC: OS now controls [PCIeHotplug PME PCIeCapability LTR]
[    1.891687] acpi PNP0A08:0b: FADT indicates ASPM is unsupported, using BIOS configuration
[    1.891798] PCI host bridge to bus 0000:fa
[    1.891799] pci_bus 0000:fa: root bus resource [io  0xf000-0xffff window]
[    1.891800] pci_bus 0000:fa: root bus resource [mem 0xf1400000-0xfb7fffff window]
[    1.891801] pci_bus 0000:fa: root bus resource [mem 0x290000000000-0x29ffffffffff window]
[    1.891803] pci_bus 0000:fa: root bus resource [bus fa]
[    1.891817] pci 0000:fa:00.0: [8086:09a2] type 00 class 0x088000
[    1.891894] pci 0000:fa:00.1: [8086:09a4] type 00 class 0x088000
[    1.891970] pci 0000:fa:00.2: [8086:09a3] type 00 class 0x088000
[    1.892046] pci 0000:fa:00.4: [8086:0998] type 00 class 0x060000
[    1.892127] pci_bus 0000:fa: on NUMA node 1
[    1.892190] ACPI: PCI Root Bridge [UC16] (domain 0000 [bus fe])
[    1.892192] acpi PNP0A03:02: _OSC: OS supports [ExtendedConfig ASPM ClockPM Segments MSI HPX-Type3]
[    1.892358] acpi PNP0A03:02: _OSC: platform does not support [SHPCHotplug AER LTR]
[    1.892528] acpi PNP0A03:02: _OSC: OS now controls [PCIeHotplug PME PCIeCapability]
[    1.892529] acpi PNP0A03:02: FADT indicates ASPM is unsupported, using BIOS configuration
[    1.892652] PCI host bridge to bus 0000:fe
[    1.892653] pci_bus 0000:fe: root bus resource [bus fe]
[    1.892685] pci 0000:fe:00.0: [8086:3450] type 00 class 0x088000
[    1.892771] pci 0000:fe:00.1: [8086:3451] type 00 class 0x088000
[    1.892857] pci 0000:fe:00.2: [8086:3452] type 00 class 0x088000
[    1.892939] pci 0000:fe:00.3: [8086:0998] type 00 class 0x060000
[    1.893020] pci 0000:fe:00.5: [8086:3455] type 00 class 0x088000
[    1.893122] pci 0000:fe:02.0: [8086:3440] type 00 class 0x088000
[    1.893264] pci 0000:fe:02.1: [8086:3441] type 00 class 0x088000
[    1.893400] pci 0000:fe:02.2: [8086:3442] type 00 class 0x088000
[    1.893547] pci 0000:fe:03.0: [8086:3440] type 00 class 0x088000
[    1.893656] pci 0000:fe:03.1: [8086:3441] type 00 class 0x088000
[    1.893762] pci 0000:fe:03.2: [8086:3442] type 00 class 0x088000
[    1.893871] pci 0000:fe:04.0: [8086:3440] type 00 class 0x088000
[    1.894017] pci 0000:fe:04.1: [8086:3441] type 00 class 0x088000
[    1.894158] pci 0000:fe:04.2: [8086:3442] type 00 class 0x088000
[    1.894302] pci 0000:fe:04.3: [8086:3443] type 00 class 0x088000
[    1.894458] pci 0000:fe:05.0: [8086:3445] type 00 class 0x088000
[    1.894602] pci 0000:fe:05.1: [8086:3446] type 00 class 0x088000
[    1.894741] pci 0000:fe:05.2: [8086:3447] type 00 class 0x088000
[    1.894896] pci 0000:fe:06.0: [8086:3445] type 00 class 0x088000
[    1.895002] pci 0000:fe:06.1: [8086:3446] type 00 class 0x088000
[    1.895105] pci 0000:fe:06.2: [8086:3447] type 00 class 0x088000
[    1.895231] pci 0000:fe:07.0: [8086:3445] type 00 class 0x088000
[    1.895380] pci 0000:fe:07.1: [8086:3446] type 00 class 0x088000
[    1.895526] pci 0000:fe:07.2: [8086:3447] type 00 class 0x088000
[    1.895680] pci 0000:fe:0b.0: [8086:3448] type 00 class 0x088000
[    1.895770] pci 0000:fe:0b.1: [8086:3448] type 00 class 0x088000
[    1.895862] pci 0000:fe:0b.2: [8086:344b] type 00 class 0x088000
[    1.895970] pci 0000:fe:0c.0: [8086:344a] type 00 class 0x110100
[    1.896098] pci 0000:fe:0d.0: [8086:344a] type 00 class 0x110100
[    1.896212] pci 0000:fe:0e.0: [8086:344a] type 00 class 0x110100
[    1.896384] pci 0000:fe:0f.0: [8086:344a] type 00 class 0x110100
[    1.896577] pci 0000:fe:1a.0: [8086:2880] type 00 class 0x110100
[    1.896703] pci 0000:fe:1b.0: [8086:2880] type 00 class 0x110100
[    1.896814] pci 0000:fe:1c.0: [8086:2880] type 00 class 0x110100
[    1.896996] pci 0000:fe:1d.0: [8086:2880] type 00 class 0x110100
[    1.897157] pci_bus 0000:fe: on NUMA node 1
[    1.897234] ACPI: PCI Root Bridge [UC17] (domain 0000 [bus ff])
[    1.897236] acpi PNP0A03:03: _OSC: OS supports [ExtendedConfig ASPM ClockPM Segments MSI HPX-Type3]
[    1.897402] acpi PNP0A03:03: _OSC: platform does not support [SHPCHotplug AER LTR]
[    1.897575] acpi PNP0A03:03: _OSC: OS now controls [PCIeHotplug PME PCIeCapability]
[    1.897576] acpi PNP0A03:03: FADT indicates ASPM is unsupported, using BIOS configuration
[    1.897713] PCI host bridge to bus 0000:ff
[    1.897714] pci_bus 0000:ff: root bus resource [bus ff]
[    1.897756] pci 0000:ff:00.0: [8086:344c] type 00 class 0x088000
[    1.897892] pci 0000:ff:00.1: [8086:344c] type 00 class 0x088000
[    1.898030] pci 0000:ff:00.2: [8086:344c] type 00 class 0x088000
[    1.898155] pci 0000:ff:00.3: [8086:344c] type 00 class 0x088000
[    1.898302] pci 0000:ff:00.4: [8086:344c] type 00 class 0x088000
[    1.898444] pci 0000:ff:00.5: [8086:344c] type 00 class 0x088000
[    1.898564] pci 0000:ff:00.6: [8086:344c] type 00 class 0x088000
[    1.898722] pci 0000:ff:00.7: [8086:344c] type 00 class 0x088000
[    1.898889] pci 0000:ff:01.0: [8086:344c] type 00 class 0x088000
[    1.899048] pci 0000:ff:01.1: [8086:344c] type 00 class 0x088000
[    1.899198] pci 0000:ff:01.2: [8086:344c] type 00 class 0x088000
[    1.899309] pci 0000:ff:01.3: [8086:344c] type 00 class 0x088000
[    1.899471] pci 0000:ff:01.4: [8086:344c] type 00 class 0x088000
[    1.899634] pci 0000:ff:01.5: [8086:344c] type 00 class 0x088000
[    1.899801] pci 0000:ff:01.6: [8086:344c] type 00 class 0x088000
[    1.899957] pci 0000:ff:01.7: [8086:344c] type 00 class 0x088000
[    1.900131] pci 0000:ff:02.0: [8086:344c] type 00 class 0x088000
[    1.900290] pci 0000:ff:02.1: [8086:344c] type 00 class 0x088000
[    1.900448] pci 0000:ff:02.2: [8086:344c] type 00 class 0x088000
[    1.900612] pci 0000:ff:02.3: [8086:344c] type 00 class 0x088000
[    1.900774] pci 0000:ff:02.4: [8086:344c] type 00 class 0x088000
[    1.900937] pci 0000:ff:02.5: [8086:344c] type 00 class 0x088000
[    1.901106] pci 0000:ff:02.6: [8086:344c] type 00 class 0x088000
[    1.901284] pci 0000:ff:02.7: [8086:344c] type 00 class 0x088000
[    1.901476] pci 0000:ff:03.0: [8086:344c] type 00 class 0x088000
[    1.901657] pci 0000:ff:03.1: [8086:344c] type 00 class 0x088000
[    1.901832] pci 0000:ff:03.2: [8086:344c] type 00 class 0x088000
[    1.902016] pci 0000:ff:03.3: [8086:344c] type 00 class 0x088000
[    1.902221] pci 0000:ff:0a.0: [8086:344d] type 00 class 0x088000
[    1.902352] pci 0000:ff:0a.1: [8086:344d] type 00 class 0x088000
[    1.902490] pci 0000:ff:0a.2: [8086:344d] type 00 class 0x088000
[    1.902621] pci 0000:ff:0a.3: [8086:344d] type 00 class 0x088000
[    1.902767] pci 0000:ff:0a.4: [8086:344d] type 00 class 0x088000
[    1.902909] pci 0000:ff:0a.5: [8086:344d] type 00 class 0x088000
[    1.903030] pci 0000:ff:0a.6: [8086:344d] type 00 class 0x088000
[    1.903182] pci 0000:ff:0a.7: [8086:344d] type 00 class 0x088000
[    1.903348] pci 0000:ff:0b.0: [8086:344d] type 00 class 0x088000
[    1.903507] pci 0000:ff:0b.1: [8086:344d] type 00 class 0x088000
[    1.903657] pci 0000:ff:0b.2: [8086:344d] type 00 class 0x088000
[    1.903772] pci 0000:ff:0b.3: [8086:344d] type 00 class 0x088000
[    1.903934] pci 0000:ff:0b.4: [8086:344d] type 00 class 0x088000
[    1.904097] pci 0000:ff:0b.5: [8086:344d] type 00 class 0x088000
[    1.904264] pci 0000:ff:0b.6: [8086:344d] type 00 class 0x088000
[    1.904416] pci 0000:ff:0b.7: [8086:344d] type 00 class 0x088000
[    1.904588] pci 0000:ff:0c.0: [8086:344d] type 00 class 0x088000
[    1.904747] pci 0000:ff:0c.1: [8086:344d] type 00 class 0x088000
[    1.904905] pci 0000:ff:0c.2: [8086:344d] type 00 class 0x088000
[    1.905073] pci 0000:ff:0c.3: [8086:344d] type 00 class 0x088000
[    1.905235] pci 0000:ff:0c.4: [8086:344d] type 00 class 0x088000
[    1.905399] pci 0000:ff:0c.5: [8086:344d] type 00 class 0x088000
[    1.905569] pci 0000:ff:0c.6: [8086:344d] type 00 class 0x088000
[    1.905738] pci 0000:ff:0c.7: [8086:344d] type 00 class 0x088000
[    1.905930] pci 0000:ff:0d.0: [8086:344d] type 00 class 0x088000
[    1.906108] pci 0000:ff:0d.1: [8086:344d] type 00 class 0x088000
[    1.906282] pci 0000:ff:0d.2: [8086:344d] type 00 class 0x088000
[    1.906472] pci 0000:ff:0d.3: [8086:344d] type 00 class 0x088000
[    1.906688] pci 0000:ff:1d.0: [8086:344f] type 00 class 0x088000
[    1.906826] pci 0000:ff:1d.1: [8086:3457] type 00 class 0x088000
[    1.906977] pci 0000:ff:1e.0: [8086:3458] type 00 class 0x088000
[    1.907071] pci 0000:ff:1e.1: [8086:3459] type 00 class 0x088000
[    1.907162] pci 0000:ff:1e.2: [8086:345a] type 00 class 0x088000
[    1.907253] pci 0000:ff:1e.3: [8086:345b] type 00 class 0x088000
[    1.907344] pci 0000:ff:1e.4: [8086:345c] type 00 class 0x088000
[    1.907439] pci 0000:ff:1e.5: [8086:345d] type 00 class 0x088000
[    1.907529] pci 0000:ff:1e.6: [8086:345e] type 00 class 0x088000
[    1.907620] pci 0000:ff:1e.7: [8086:345f] type 00 class 0x088000
[    1.907694] pci_bus 0000:ff: on NUMA node 1
[    1.909661] iommu: Default domain type: Translated 
[    1.909663] iommu: DMA domain TLB invalidation policy: lazy mode 
[    1.909673] pci 0000:03:00.0: vgaarb: setting as boot VGA device
[    1.909673] pci 0000:03:00.0: vgaarb: VGA device added: decodes=io+mem,owns=io+mem,locks=none
[    1.909707] pci 0000:03:00.0: vgaarb: bridge control possible
[    1.909708] vgaarb: loaded
[    1.909880] SCSI subsystem initialized
[    1.909917] libata version 3.00 loaded.
[    1.909917] ACPI: bus type USB registered
[    1.909917] usbcore: registered new interface driver usbfs
[    1.909917] usbcore: registered new interface driver hub
[    1.909917] usbcore: registered new device driver usb
[    1.909917] pps_core: LinuxPPS API ver. 1 registered
[    1.909917] pps_core: Software ver. 5.3.6 - Copyright 2005-2007 Rodolfo Giometti <giometti@linux.it>
[    1.909917] PTP clock support registered
[    1.909917] EDAC MC: Ver: 3.0.0
[    1.913678] Registered efivars operations
[    1.913808] NetLabel: Initializing
[    1.913808] NetLabel:  domain hash size = 128
[    1.913809] NetLabel:  protocols = UNLABELED CIPSOv4 CALIPSO
[    1.913823] NetLabel:  unlabeled traffic allowed by default
[    1.913832] PCI: Using ACPI for IRQ routing
[    1.917054] PCI: pci_cache_line_size set to 64 bytes
[    1.917054] e820: reserve RAM buffer [mem 0x0008f000-0x0008ffff]
[    1.917054] e820: reserve RAM buffer [mem 0x46cc5020-0x47ffffff]
[    1.917054] e820: reserve RAM buffer [mem 0x46cf7020-0x47ffffff]
[    1.917054] e820: reserve RAM buffer [mem 0x46d2a020-0x47ffffff]
[    1.917054] e820: reserve RAM buffer [mem 0x46d5d020-0x47ffffff]
[    1.917054] e820: reserve RAM buffer [mem 0x49e77000-0x4bffffff]
[    1.917054] e820: reserve RAM buffer [mem 0x4b2cf000-0x4bffffff]
[    1.917054] e820: reserve RAM buffer [mem 0x4bd94000-0x4bffffff]
[    1.917054] e820: reserve RAM buffer [mem 0x4ce00000-0x4fffffff]
[    1.917054] e820: reserve RAM buffer [mem 0x5eefe000-0x5fffffff]
[    1.917054] e820: reserve RAM buffer [mem 0x6f800000-0x6fffffff]
[    1.918930] hpet0: at MMIO 0xfed00000, IRQs 2, 8, 0, 0, 0, 0, 0, 0
[    1.918937] hpet0: 8 comparators, 64-bit 24.000000 MHz counter
[    1.921771] clocksource: Switched to clocksource tsc-early
[    1.930221] VFS: Disk quotas dquot_6.6.0
[    1.930272] VFS: Dquot-cache hash table entries: 512 (order 0, 4096 bytes)
[    1.930425] AppArmor: AppArmor Filesystem Enabled
[    1.930443] pnp: PnP ACPI init
[    1.945655] system 00:01: [io  0x0500-0x05fe] has been reserved
[    1.945658] system 00:01: [io  0x0400-0x041f] has been reserved
[    1.945660] system 00:01: [io  0x0600-0x061f] has been reserved
[    1.945661] system 00:01: [io  0x0ca0-0x0ca1] has been reserved
[    1.945663] system 00:01: [io  0x0ca4-0x0ca6] has been reserved
[    1.945665] system 00:01: [mem 0xff000000-0xffffffff] has been reserved
[    1.946244] system 00:04: [mem 0xfd000000-0xfdabffff] has been reserved
[    1.946246] system 00:04: [mem 0xfdad0000-0xfdadffff] has been reserved
[    1.946247] system 00:04: [mem 0xfdb00000-0xfdffffff] has been reserved
[    1.946249] system 00:04: [mem 0xfe000000-0xfe00ffff] has been reserved
[    1.946250] system 00:04: [mem 0xfe011000-0xfe01ffff] has been reserved
[    1.946251] system 00:04: [mem 0xfe036000-0xfe03bfff] has been reserved
[    1.946253] system 00:04: [mem 0xfe03d000-0xfe3fffff] has been reserved
[    1.946254] system 00:04: [mem 0xfe410000-0xfe7fffff] has been reserved
[    1.946565] system 00:05: [io  0x1000-0x10fe] has been reserved
[    1.947528] pnp: PnP ACPI: found 6 devices
[    1.953085] clocksource: acpi_pm: mask: 0xffffff max_cycles: 0xffffff, max_idle_ns: 2085701024 ns
[    1.953160] NET: Registered PF_INET protocol family
[    1.953490] IP idents hash table entries: 262144 (order: 9, 2097152 bytes, vmalloc)
[    1.955613] tcp_listen_portaddr_hash hash table entries: 16384 (order: 6, 262144 bytes, vmalloc)
[    1.955940] TCP established hash table entries: 262144 (order: 9, 2097152 bytes, vmalloc)
[    1.956323] TCP bind hash table entries: 65536 (order: 8, 1048576 bytes, vmalloc)
[    1.956386] TCP: Hash tables configured (established 262144 bind 65536)
[    1.956578] UDP hash table entries: 16384 (order: 7, 524288 bytes, vmalloc)
[    1.956691] UDP-Lite hash table entries: 16384 (order: 7, 524288 bytes, vmalloc)
[    1.956900] NET: Registered PF_UNIX/PF_LOCAL protocol family
[    1.956906] NET: Registered PF_XDP protocol family
[    1.956912] pci 0000:04:00.0: can't claim BAR 6 [mem 0xfffc0000-0xffffffff pref]: no compatible bridge window
[    1.956915] pci 0000:04:00.1: can't claim BAR 6 [mem 0xfffc0000-0xffffffff pref]: no compatible bridge window
[    1.956916] pci 0000:17:00.0: can't claim BAR 6 [mem 0xfff00000-0xffffffff pref]: no compatible bridge window
[    1.956930] pci 0000:00:1c.5: BAR 14: assigned [mem 0x90000000-0x900fffff]
[    1.956933] pci 0000:00:1c.0: PCI bridge to [bus 01]
[    1.956943] pci 0000:02:00.0: PCI bridge to [bus 03]
[    1.956948] pci 0000:02:00.0:   bridge window [mem 0x92000000-0x928fffff]
[    1.956951] pci 0000:02:00.0:   bridge window [mem 0x91000000-0x91ffffff 64bit pref]
[    1.956958] pci 0000:00:1c.4: PCI bridge to [bus 02-03]
[    1.956961] pci 0000:00:1c.4:   bridge window [mem 0x92000000-0x928fffff]
[    1.956964] pci 0000:00:1c.4:   bridge window [mem 0x91000000-0x91ffffff 64bit pref]
[    1.956969] pci 0000:04:00.0: BAR 6: assigned [mem 0x90000000-0x9003ffff pref]
[    1.956971] pci 0000:04:00.1: BAR 6: assigned [mem 0x90040000-0x9007ffff pref]
[    1.956972] pci 0000:00:1c.5: PCI bridge to [bus 04]
[    1.956975] pci 0000:00:1c.5:   bridge window [mem 0x90000000-0x900fffff]
[    1.956978] pci 0000:00:1c.5:   bridge window [mem 0x92900000-0x929fffff 64bit pref]
[    1.956982] pci_bus 0000:00: resource 4 [io  0x0000-0x0cf7 window]
[    1.956984] pci_bus 0000:00: resource 5 [io  0x1000-0x4fff window]
[    1.956985] pci_bus 0000:00: resource 6 [mem 0x000a0000-0x000bffff window]
[    1.956986] pci_bus 0000:00: resource 7 [mem 0x000c8000-0x000cffff window]
[    1.956988] pci_bus 0000:00: resource 8 [mem 0xfe010000-0xfe010fff window]
[    1.956989] pci_bus 0000:00: resource 9 [mem 0x90000000-0x9b7fffff window]
[    1.956990] pci_bus 0000:00: resource 10 [mem 0x200000000000-0x20ffffffffff window]
[    1.956992] pci_bus 0000:02: resource 1 [mem 0x92000000-0x928fffff]
[    1.956993] pci_bus 0000:02: resource 2 [mem 0x91000000-0x91ffffff 64bit pref]
[    1.956995] pci_bus 0000:03: resource 1 [mem 0x92000000-0x928fffff]
[    1.956996] pci_bus 0000:03: resource 2 [mem 0x91000000-0x91ffffff 64bit pref]
[    1.956997] pci_bus 0000:04: resource 1 [mem 0x90000000-0x900fffff]
[    1.956998] pci_bus 0000:04: resource 2 [mem 0x92900000-0x929fffff 64bit pref]
[    1.957066] pci 0000:17:00.0: BAR 6: no space for [mem size 0x00100000 pref]
[    1.957068] pci 0000:17:00.0: BAR 6: failed to assign [mem size 0x00100000 pref]
[    1.957070] pci 0000:16:02.0: PCI bridge to [bus 17]
[    1.957071] pci 0000:16:02.0:   bridge window [io  0x5000-0x5fff]
[    1.957074] pci 0000:16:02.0:   bridge window [mem 0x9ba00000-0x9bafffff]
[    1.957076] pci 0000:16:02.0:   bridge window [mem 0x9b800000-0x9b9fffff 64bit pref]
[    1.957079] pci_bus 0000:16: resource 4 [io  0x5000-0x6fff window]
[    1.957080] pci_bus 0000:16: resource 5 [mem 0x9b800000-0xa63fffff window]
[    1.957082] pci_bus 0000:16: resource 6 [mem 0x210000000000-0x21ffffffffff window]
[    1.957083] pci_bus 0000:17: resource 0 [io  0x5000-0x5fff]
[    1.957084] pci_bus 0000:17: resource 1 [mem 0x9ba00000-0x9bafffff]
[    1.957085] pci_bus 0000:17: resource 2 [mem 0x9b800000-0x9b9fffff 64bit pref]
[    1.957091] pci_bus 0000:30: resource 4 [io  0x7000-0x8fff window]
[    1.957092] pci_bus 0000:30: resource 5 [mem 0xa6400000-0xb0ffffff window]
[    1.957094] pci_bus 0000:30: resource 6 [mem 0x220000000000-0x22ffffffffff window]
[    1.957099] pci_bus 0000:4a: resource 4 [io  0x9000-0x9fff window]
[    1.957100] pci_bus 0000:4a: resource 5 [mem 0xb1000000-0xbbbfffff window]
[    1.957101] pci_bus 0000:4a: resource 6 [mem 0x230000000000-0x23ffffffffff window]
[    1.957107] pci_bus 0000:64: resource 4 [io  0xa000-0xafff window]
[    1.957108] pci_bus 0000:64: resource 5 [mem 0xbbc00000-0xc5ffffff window]
[    1.957109] pci_bus 0000:64: resource 6 [mem 0x240000000000-0x24ffffffffff window]
[    1.957138] pci_bus 0000:80: resource 4 [io  0xb000-0xbfff window]
[    1.957139] pci_bus 0000:80: resource 5 [mem 0xc6800000-0xd0ffffff window]
[    1.957140] pci_bus 0000:80: resource 6 [mem 0x250000000000-0x25ffffffffff window]
[    1.957146] pci_bus 0000:81: resource 4 [io  0xc000-0xcfff window]
[    1.957147] pci_bus 0000:81: resource 5 [mem 0xd1000000-0xdbbfffff window]
[    1.957148] pci_bus 0000:81: resource 6 [mem 0x260000000000-0x26ffffffffff window]
[    1.957154] pci_bus 0000:82: resource 4 [io  0xd000-0xdfff window]
[    1.957155] pci_bus 0000:82: resource 5 [mem 0xdbc00000-0xe67fffff window]
