2024年 06月 18日 星期二 21:29:43 CST
pgmigrate_success 609359
pgmigrate_fail 20063745
pgmigrate_dst_node_full_fail 20049412
pgmigrate_numa_isolate_fail 0
pgmigrate_nomem_fail 1
pgmigrate_refcount_fail 0
thp_fault_alloc 61112
thp_fault_fallback 0
thp_collapse_alloc 11
thp_collapse_alloc_failed 1
thp_file_alloc 0
thp_file_mapped 0
thp_split_page 0
thp_split_page_failed 0
thp_deferred_split_page 62224
thp_split_pmd 17
thp_split_pud 0
thp_zero_page_alloc 2
thp_zero_page_alloc_failed 0
thp_swpout 0
thp_swpout_fallback 0
MemTotal:       1085009292 kB
MemFree:        1054163156 kB
MemAvailable:   1052002992 kB
Buffers:           29056 kB
Cached:           231488 kB
SwapCached:         1112 kB
Active:           317432 kB
Inactive:         540116 kB
Active(anon):     132232 kB
Inactive(anon):   470140 kB
Active(file):     185200 kB
Inactive(file):    69976 kB
Unevictable:           0 kB
Mlocked:               0 kB
SwapTotal:       2097148 kB
SwapFree:        2070012 kB
Dirty:              1108 kB
Writeback:             0 kB
AnonPages:        597388 kB
Mapped:           245356 kB
Shmem:              4664 kB
KReclaimable:     254712 kB
Slab:             650560 kB
SReclaimable:     254712 kB
SUnreclaim:       395848 kB
KernelStack:       33616 kB
PageTables:        28692 kB
NFS_Unstable:          0 kB
Bounce:                0 kB
WritebackTmp:          0 kB
CommitLimit:    544601792 kB
Committed_AS:    6089308 kB
VmallocTotal:   34359738367 kB
VmallocUsed:      105556 kB
VmallocChunk:          0 kB
Percpu:           121408 kB
HardwareCorrupted:     0 kB
AnonHugePages:     20480 kB
ShmemHugePages:        0 kB
ShmemPmdMapped:        0 kB
CmaTotal:              0 kB
CmaFree:               0 kB
HugePages_Total:       0
HugePages_Free:        0
HugePages_Rsvd:        0
HugePages_Surp:        0
Hugepagesize:       2048 kB
Hugetlb:               0 kB
DirectMap4k:     1093096 kB
DirectMap2M:     9877504 kB
DirectMap1G:    1178599424 kB
2024年 06月 18日 星期二 21:33:07 CST
pgmigrate_success 1162641
pgmigrate_fail 40280067
pgmigrate_dst_node_full_fail 40247813
pgmigrate_numa_isolate_fail 0
pgmigrate_nomem_fail 1
pgmigrate_refcount_fail 20
thp_fault_alloc 122227
thp_fault_fallback 0
thp_collapse_alloc 24
thp_collapse_alloc_failed 1
thp_file_alloc 0
thp_file_mapped 0
thp_split_page 0
thp_split_page_failed 0
thp_deferred_split_page 124293
thp_split_pmd 30
thp_split_pud 0
thp_zero_page_alloc 9
thp_zero_page_alloc_failed 0
thp_swpout 0
thp_swpout_fallback 0
MemTotal:       1085009292 kB
MemFree:        1040700816 kB
MemAvailable:   1050817176 kB
Buffers:           58492 kB
Cached:         13525664 kB
SwapCached:         1800 kB
Active:           382624 kB
Inactive:       13830836 kB
Active(anon):     158396 kB
Inactive(anon):   475632 kB
Active(file):     224228 kB
Inactive(file): 13355204 kB
Unevictable:           0 kB
Mlocked:               0 kB
SwapTotal:       2097148 kB
SwapFree:        2051580 kB
Dirty:               624 kB
Writeback:             0 kB
AnonPages:        629204 kB
Mapped:           229868 kB
Shmem:              4668 kB
KReclaimable:     348460 kB
Slab:             757424 kB
SReclaimable:     348460 kB
SUnreclaim:       408964 kB
KernelStack:       43040 kB
PageTables:        32552 kB
NFS_Unstable:          0 kB
Bounce:                0 kB
WritebackTmp:          0 kB
CommitLimit:    544601792 kB
Committed_AS:   10627552 kB
VmallocTotal:   34359738367 kB
VmallocUsed:      114564 kB
VmallocChunk:          0 kB
Percpu:           121408 kB
HardwareCorrupted:     0 kB
AnonHugePages:    321536 kB
ShmemHugePages:        0 kB
ShmemPmdMapped:        0 kB
CmaTotal:              0 kB
CmaFree:               0 kB
HugePages_Total:       0
HugePages_Free:        0
HugePages_Rsvd:        0
HugePages_Surp:        0
Hugepagesize:       2048 kB
Hugetlb:               0 kB
DirectMap4k:     1093096 kB
DirectMap2M:     9877504 kB
DirectMap1G:    1178599424 kB
