2024年 06月 30日 星期日 12:25:08 CST
pgmigrate_success 3767712
pgmigrate_fail 23115784
pgmigrate_dst_node_full_fail 23100928
pgmigrate_numa_isolate_fail 0
pgmigrate_nomem_fail 2
pgmigrate_refcount_fail 6656
thp_fault_alloc 32678
thp_fault_fallback 0
thp_collapse_alloc 0
thp_collapse_alloc_failed 15
thp_file_alloc 0
thp_file_mapped 0
thp_split_page 0
thp_split_page_failed 0
thp_deferred_split_page 47434
thp_split_pmd 22
thp_split_pud 0
thp_zero_page_alloc 0
thp_zero_page_alloc_failed 0
thp_swpout 0
thp_swpout_fallback 0
MemTotal:       1123314996 kB
MemFree:        1092333236 kB
MemAvailable:   1090025576 kB
Buffers:            8308 kB
Cached:           419552 kB
SwapCached:            0 kB
Active:           433804 kB
Inactive:         593344 kB
Active(anon):     285036 kB
Inactive(anon):   320244 kB
Active(file):     148768 kB
Inactive(file):   273100 kB
Unevictable:           0 kB
Mlocked:               0 kB
SwapTotal:       2097148 kB
SwapFree:        2097148 kB
Dirty:               332 kB
Writeback:             0 kB
AnonPages:        599248 kB
Mapped:           416272 kB
Shmem:              6204 kB
KReclaimable:     241408 kB
Slab:             630600 kB
SReclaimable:     241408 kB
SUnreclaim:       389192 kB
KernelStack:       33524 kB
PageTables:        27980 kB
NFS_Unstable:          0 kB
Bounce:                0 kB
WritebackTmp:          0 kB
CommitLimit:    563754644 kB
Committed_AS:    6829884 kB
VmallocTotal:   34359738367 kB
VmallocUsed:      161188 kB
VmallocChunk:          0 kB
Percpu:           123200 kB
HardwareCorrupted:     0 kB
AnonHugePages:      6144 kB
ShmemHugePages:        0 kB
ShmemPmdMapped:        0 kB
CmaTotal:              0 kB
CmaFree:               0 kB
HugePages_Total:       0
HugePages_Free:        0
HugePages_Rsvd:        0
HugePages_Surp:        0
Hugepagesize:       2048 kB
Hugetlb:               0 kB
DirectMap4k:     1170916 kB
DirectMap2M:     8751104 kB
DirectMap1G:    1179648000 kB
2024年 06月 30日 星期日 12:27:23 CST
pgmigrate_success 4822052
pgmigrate_fail 24423958
pgmigrate_dst_node_full_fail 24370186
pgmigrate_numa_isolate_fail 0
pgmigrate_nomem_fail 2
pgmigrate_refcount_fail 6656
thp_fault_alloc 93286
thp_fault_fallback 0
thp_collapse_alloc 0
thp_collapse_alloc_failed 19
thp_file_alloc 0
thp_file_mapped 0
thp_split_page 0
thp_split_page_failed 0
thp_deferred_split_page 109988
thp_split_pmd 33
thp_split_pud 0
thp_zero_page_alloc 7
thp_zero_page_alloc_failed 0
thp_swpout 0
thp_swpout_fallback 0
MemTotal:       1123314996 kB
MemFree:        1073945688 kB
MemAvailable:   1088988572 kB
Buffers:           61724 kB
Cached:         18712232 kB
SwapCached:           12 kB
Active:           521700 kB
Inactive:       18853916 kB
Active(anon):     264880 kB
Inactive(anon):   342964 kB
Active(file):     256820 kB
Inactive(file): 18510952 kB
Unevictable:           0 kB
Mlocked:               0 kB
SwapTotal:       2097148 kB
SwapFree:        2096892 kB
Dirty:                 8 kB
Writeback:             0 kB
AnonPages:        602428 kB
Mapped:           416144 kB
Shmem:              6048 kB
KReclaimable:     349820 kB
Slab:             741016 kB
SReclaimable:     349820 kB
SUnreclaim:       391196 kB
KernelStack:       33760 kB
PageTables:        28184 kB
NFS_Unstable:          0 kB
Bounce:                0 kB
WritebackTmp:          0 kB
CommitLimit:    563754644 kB
Committed_AS:    6868412 kB
VmallocTotal:   34359738367 kB
VmallocUsed:      161220 kB
VmallocChunk:          0 kB
Percpu:           123200 kB
HardwareCorrupted:     0 kB
AnonHugePages:         0 kB
ShmemHugePages:        0 kB
ShmemPmdMapped:        0 kB
CmaTotal:              0 kB
CmaFree:               0 kB
HugePages_Total:       0
HugePages_Free:        0
HugePages_Rsvd:        0
HugePages_Surp:        0
Hugepagesize:       2048 kB
Hugetlb:               0 kB
DirectMap4k:     1170916 kB
DirectMap2M:     8751104 kB
DirectMap1G:    1179648000 kB
