2024年 05月 26日 星期日 23:18:29 CST
pgmigrate_success 4734781
pgmigrate_fail 280134163
pgmigrate_dst_node_full_fail 280132608
pgmigrate_numa_isolate_fail 25
pgmigrate_nomem_fail 1
pgmigrate_refcount_fail 0
thp_fault_alloc 33456
thp_fault_fallback 0
thp_collapse_alloc 14
thp_collapse_alloc_failed 24
thp_file_alloc 0
thp_file_mapped 0
thp_split_page 0
thp_split_page_failed 0
thp_deferred_split_page 51889
thp_split_pmd 125
thp_split_pud 0
thp_zero_page_alloc 0
thp_zero_page_alloc_failed 0
thp_swpout 0
thp_swpout_fallback 0
MemTotal:       1087880580 kB
MemFree:        1056931676 kB
MemAvailable:   1054820324 kB
Buffers:            7396 kB
Cached:           388072 kB
SwapCached:            0 kB
Active:           597012 kB
Inactive:         436532 kB
Active(anon):     508128 kB
Inactive(anon):   136704 kB
Active(file):      88884 kB
Inactive(file):   299828 kB
Unevictable:           0 kB
Mlocked:               0 kB
SwapTotal:       2097148 kB
SwapFree:        2096892 kB
Dirty:               848 kB
Writeback:             0 kB
AnonPages:        638684 kB
Mapped:           383920 kB
Shmem:              6204 kB
KReclaimable:     248628 kB
Slab:             657760 kB
SReclaimable:     248628 kB
SUnreclaim:       409132 kB
KernelStack:       33684 kB
PageTables:        29604 kB
NFS_Unstable:          0 kB
Bounce:                0 kB
WritebackTmp:          0 kB
CommitLimit:    546037436 kB
Committed_AS:    6569744 kB
VmallocTotal:   34359738367 kB
VmallocUsed:      158716 kB
VmallocChunk:          0 kB
Percpu:           125440 kB
HardwareCorrupted:     0 kB
AnonHugePages:     14336 kB
ShmemHugePages:        0 kB
ShmemPmdMapped:        0 kB
CmaTotal:              0 kB
CmaFree:               0 kB
HugePages_Total:       0
HugePages_Free:        0
HugePages_Rsvd:        0
HugePages_Surp:        0
Hugepagesize:       2048 kB
Hugetlb:               0 kB
DirectMap4k:      914920 kB
DirectMap2M:     9007104 kB
DirectMap1G:    1179648000 kB
2024年 05月 26日 星期日 23:24:49 CST
pgmigrate_success 9572050
pgmigrate_fail 363379221
pgmigrate_dst_node_full_fail 363377152
pgmigrate_numa_isolate_fail 25
pgmigrate_nomem_fail 1
pgmigrate_refcount_fail 0
thp_fault_alloc 50005
thp_fault_fallback 0
thp_collapse_alloc 14
thp_collapse_alloc_failed 35
thp_file_alloc 0
thp_file_mapped 0
thp_split_page 0
thp_split_page_failed 0
thp_deferred_split_page 87290
thp_split_pmd 141
thp_split_pud 0
thp_zero_page_alloc 0
thp_zero_page_alloc_failed 0
thp_swpout 0
thp_swpout_fallback 0
MemTotal:       1087880580 kB
MemFree:        1056626696 kB
MemAvailable:   1054585192 kB
Buffers:           67712 kB
Cached:           422476 kB
SwapCached:            0 kB
Active:           708624 kB
Inactive:         442132 kB
Active(anon):     530320 kB
Inactive(anon):   136684 kB
Active(file):     178304 kB
Inactive(file):   305448 kB
Unevictable:           0 kB
Mlocked:               0 kB
SwapTotal:       2097148 kB
SwapFree:        2096892 kB
Dirty:                 8 kB
Writeback:             0 kB
AnonPages:        661104 kB
Mapped:           393592 kB
Shmem:              6204 kB
KReclaimable:     293284 kB
Slab:             705944 kB
SReclaimable:     293284 kB
SUnreclaim:       412660 kB
KernelStack:       33712 kB
PageTables:        30228 kB
NFS_Unstable:          0 kB
Bounce:                0 kB
WritebackTmp:          0 kB
CommitLimit:    546037436 kB
Committed_AS:    7036548 kB
VmallocTotal:   34359738367 kB
VmallocUsed:      158716 kB
VmallocChunk:          0 kB
Percpu:           125440 kB
HardwareCorrupted:     0 kB
AnonHugePages:     69632 kB
ShmemHugePages:        0 kB
ShmemPmdMapped:        0 kB
CmaTotal:              0 kB
CmaFree:               0 kB
HugePages_Total:       0
HugePages_Free:        0
HugePages_Rsvd:        0
HugePages_Surp:        0
Hugepagesize:       2048 kB
Hugetlb:               0 kB
DirectMap4k:      914920 kB
DirectMap2M:     9007104 kB
DirectMap1G:    1179648000 kB
