2024年 06月 30日 星期日 16:22:41 CST
pgmigrate_success 966712
pgmigrate_fail 112
pgmigrate_dst_node_full_fail 5239766
pgmigrate_numa_isolate_fail 489
pgmigrate_nomem_fail 3
pgmigrate_refcount_fail 932
thp_fault_alloc 8969
thp_fault_fallback 0
thp_collapse_alloc 61
thp_collapse_alloc_failed 3
thp_file_alloc 0
thp_file_mapped 0
thp_split_page 0
thp_split_page_failed 0
thp_deferred_split_page 8969
thp_split_pmd 537
thp_split_pud 0
thp_zero_page_alloc 0
thp_zero_page_alloc_failed 0
thp_swpout 0
thp_swpout_fallback 0
MemTotal:       1123314988 kB
MemFree:        1092746132 kB
MemAvailable:   1090396384 kB
Buffers:            8236 kB
Cached:           313552 kB
SwapCached:        64720 kB
Active:           359948 kB
Inactive:         394340 kB
Active(anon):     328540 kB
Inactive(anon):   109556 kB
Active(file):      31408 kB
Inactive(file):   284784 kB
Unevictable:           0 kB
Mlocked:               0 kB
SwapTotal:       2097148 kB
SwapFree:        1754876 kB
Dirty:               700 kB
Writeback:             0 kB
AnonPages:        416412 kB
Mapped:           309716 kB
Shmem:              5412 kB
KReclaimable:     262912 kB
Slab:             715444 kB
SReclaimable:     262912 kB
SUnreclaim:       452532 kB
KernelStack:       34096 kB
PageTables:        29076 kB
NFS_Unstable:          0 kB
Bounce:                0 kB
WritebackTmp:          0 kB
CommitLimit:    563754640 kB
Committed_AS:    6797904 kB
VmallocTotal:   34359738367 kB
VmallocUsed:      161740 kB
VmallocChunk:          0 kB
Percpu:           122752 kB
HardwareCorrupted:     0 kB
AnonHugePages:     32768 kB
ShmemHugePages:        0 kB
ShmemPmdMapped:        0 kB
CmaTotal:              0 kB
CmaFree:               0 kB
HugePages_Total:       0
HugePages_Free:        0
HugePages_Rsvd:        0
HugePages_Surp:        0
Hugepagesize:       2048 kB
Hugetlb:               0 kB
DirectMap4k:     1140196 kB
DirectMap2M:     6684672 kB
DirectMap1G:    1181745152 kB
2024年 06月 30日 星期日 16:28:22 CST
pgmigrate_success 972043
pgmigrate_fail 136
pgmigrate_dst_node_full_fail 5239766
pgmigrate_numa_isolate_fail 489
pgmigrate_nomem_fail 3
pgmigrate_refcount_fail 932
thp_fault_alloc 13288
thp_fault_fallback 0
thp_collapse_alloc 71
thp_collapse_alloc_failed 8
thp_file_alloc 0
thp_file_mapped 0
thp_split_page 0
thp_split_page_failed 0
thp_deferred_split_page 13287
thp_split_pmd 798
thp_split_pud 0
thp_zero_page_alloc 0
thp_zero_page_alloc_failed 0
thp_swpout 0
thp_swpout_fallback 0
MemTotal:       1123314988 kB
MemFree:        1092631832 kB
MemAvailable:   1090359368 kB
Buffers:           73156 kB
Cached:           364940 kB
SwapCached:        64708 kB
Active:           433356 kB
Inactive:         436704 kB
Active(anon):     327968 kB
Inactive(anon):   109632 kB
Active(file):     105388 kB
Inactive(file):   327072 kB
Unevictable:           0 kB
Mlocked:               0 kB
SwapTotal:       2097148 kB
SwapFree:        1755644 kB
Dirty:                52 kB
Writeback:             0 kB
AnonPages:        415492 kB
Mapped:           310388 kB
Shmem:              5412 kB
KReclaimable:     301208 kB
Slab:             756392 kB
SReclaimable:     301208 kB
SUnreclaim:       455184 kB
KernelStack:       34560 kB
PageTables:        29188 kB
NFS_Unstable:          0 kB
Bounce:                0 kB
WritebackTmp:          0 kB
CommitLimit:    563754640 kB
Committed_AS:    7318192 kB
VmallocTotal:   34359738367 kB
VmallocUsed:      161724 kB
VmallocChunk:          0 kB
Percpu:           122752 kB
HardwareCorrupted:     0 kB
AnonHugePages:     65536 kB
ShmemHugePages:        0 kB
ShmemPmdMapped:        0 kB
CmaTotal:              0 kB
CmaFree:               0 kB
HugePages_Total:       0
HugePages_Free:        0
HugePages_Rsvd:        0
HugePages_Surp:        0
Hugepagesize:       2048 kB
Hugetlb:               0 kB
DirectMap4k:     1140196 kB
DirectMap2M:     6684672 kB
DirectMap1G:    1181745152 kB
