2024年 06月 18日 星期二 20:37:23 CST
pgmigrate_success 4935
pgmigrate_fail 0
pgmigrate_dst_node_full_fail 0
pgmigrate_numa_isolate_fail 15
pgmigrate_nomem_fail 0
pgmigrate_refcount_fail 0
thp_fault_alloc 1
thp_fault_fallback 0
thp_collapse_alloc 0
thp_collapse_alloc_failed 0
thp_file_alloc 0
thp_file_mapped 0
thp_split_page 0
thp_split_page_failed 0
thp_deferred_split_page 0
thp_split_pmd 0
thp_split_pud 0
thp_zero_page_alloc 0
thp_zero_page_alloc_failed 0
thp_swpout 0
thp_swpout_fallback 0
MemTotal:       1077571972 kB
MemFree:        1047352736 kB
MemAvailable:   1045296736 kB
Buffers:            9892 kB
Cached:           369616 kB
SwapCached:            0 kB
Active:           665960 kB
Inactive:         309660 kB
Active(anon):     595628 kB
Inactive(anon):     6184 kB
Active(file):      70332 kB
Inactive(file):   303476 kB
Unevictable:           0 kB
Mlocked:               0 kB
SwapTotal:       2097148 kB
SwapFree:        2097148 kB
Dirty:              1428 kB
Writeback:             0 kB
AnonPages:        596024 kB
Mapped:           366780 kB
Shmem:              6204 kB
KReclaimable:     252480 kB
Slab:             613568 kB
SReclaimable:     252480 kB
SUnreclaim:       361088 kB
KernelStack:       33892 kB
PageTables:        28436 kB
NFS_Unstable:          0 kB
Bounce:                0 kB
WritebackTmp:          0 kB
CommitLimit:    540883132 kB
Committed_AS:    6849660 kB
VmallocTotal:   34359738367 kB
VmallocUsed:      105452 kB
VmallocChunk:          0 kB
Percpu:           121856 kB
HardwareCorrupted:     0 kB
AnonHugePages:      2048 kB
ShmemHugePages:        0 kB
ShmemPmdMapped:        0 kB
CmaTotal:              0 kB
CmaFree:               0 kB
HugePages_Total:       0
HugePages_Free:        0
HugePages_Rsvd:        0
HugePages_Surp:        0
Hugepagesize:       2048 kB
Hugetlb:               0 kB
DirectMap4k:     1031656 kB
DirectMap2M:     7841792 kB
DirectMap1G:    1180696576 kB
2024年 06月 18日 星期二 20:42:12 CST
pgmigrate_success 927864
pgmigrate_fail 4567048
pgmigrate_dst_node_full_fail 4566018
pgmigrate_numa_isolate_fail 17
pgmigrate_nomem_fail 2
pgmigrate_refcount_fail 26
thp_fault_alloc 11781
thp_fault_fallback 0
thp_collapse_alloc 16
thp_collapse_alloc_failed 3
thp_file_alloc 0
thp_file_mapped 0
thp_split_page 0
thp_split_page_failed 0
thp_deferred_split_page 14749
thp_split_pmd 76
thp_split_pud 0
thp_zero_page_alloc 0
thp_zero_page_alloc_failed 0
thp_swpout 0
thp_swpout_fallback 0
MemTotal:       1077571972 kB
MemFree:        1038094804 kB
MemAvailable:   1043888500 kB
Buffers:           80856 kB
Cached:          9151872 kB
SwapCached:          472 kB
Active:           567188 kB
Inactive:        9282712 kB
Active(anon):     262196 kB
Inactive(anon):   360960 kB
Active(file):     304992 kB
Inactive(file):  8921752 kB
Unevictable:           0 kB
Mlocked:               0 kB
SwapTotal:       2097148 kB
SwapFree:        2091260 kB
Dirty:               740 kB
Writeback:             0 kB
AnonPages:        617120 kB
Mapped:           387640 kB
Shmem:              5940 kB
KReclaimable:     309916 kB
Slab:             706180 kB
SReclaimable:     309916 kB
SUnreclaim:       396264 kB
KernelStack:       34064 kB
PageTables:        28792 kB
NFS_Unstable:          0 kB
Bounce:                0 kB
WritebackTmp:          0 kB
CommitLimit:    540883132 kB
Committed_AS:    6388824 kB
VmallocTotal:   34359738367 kB
VmallocUsed:      105796 kB
VmallocChunk:          0 kB
Percpu:           121856 kB
HardwareCorrupted:     0 kB
AnonHugePages:     22528 kB
ShmemHugePages:        0 kB
ShmemPmdMapped:        0 kB
CmaTotal:              0 kB
CmaFree:               0 kB
HugePages_Total:       0
HugePages_Free:        0
HugePages_Rsvd:        0
HugePages_Surp:        0
Hugepagesize:       2048 kB
Hugetlb:               0 kB
DirectMap4k:     1031656 kB
DirectMap2M:     7841792 kB
DirectMap1G:    1180696576 kB
