[    0.000000] Linux version 5.15.0-tiering-0.8 (xmu@xmu-PowerEdge-R750) (gcc (Ubuntu 8.4.0-1ubuntu1~18.04) 8.4.0, GNU ld (GNU Binutils for Ubuntu) 2.30) #1 SMP Thu Apr 18 19:37:58 CST 2024
[    0.000000] Command line: BOOT_IMAGE=/boot/vmlinuz-5.15.0-tiering-0.8 root=UUID=ce0c24b8-724b-4f33-9b2c-618433560aef ro memmap=30G!34G quiet splash nomodeset vt.handoff=1
[    0.000000] KERNEL supported cpus:
[    0.000000]   Intel GenuineIntel
[    0.000000]   AMD AuthenticAMD
[    0.000000]   Hygon HygonGenuine
[    0.000000]   Centaur CentaurHauls
[    0.000000]   zhaoxin   Shanghai  
[    0.000000] x86/split lock detection: #AC: crashing the kernel on kernel split_locks and warning on user-space split_locks
[    0.000000] x86/fpu: Supporting XSAVE feature 0x001: 'x87 floating point registers'
[    0.000000] x86/fpu: Supporting XSAVE feature 0x002: 'SSE registers'
[    0.000000] x86/fpu: Supporting XSAVE feature 0x004: 'AVX registers'
[    0.000000] x86/fpu: Supporting XSAVE feature 0x020: 'AVX-512 opmask'
[    0.000000] x86/fpu: Supporting XSAVE feature 0x040: 'AVX-512 Hi256'
[    0.000000] x86/fpu: Supporting XSAVE feature 0x080: 'AVX-512 ZMM_Hi256'
[    0.000000] x86/fpu: Supporting XSAVE feature 0x200: 'Protection Keys User registers'
[    0.000000] x86/fpu: xstate_offset[2]:  576, xstate_sizes[2]:  256
[    0.000000] x86/fpu: xstate_offset[5]:  832, xstate_sizes[5]:   64
[    0.000000] x86/fpu: xstate_offset[6]:  896, xstate_sizes[6]:  512
[    0.000000] x86/fpu: xstate_offset[7]: 1408, xstate_sizes[7]: 1024
[    0.000000] x86/fpu: xstate_offset[9]: 2432, xstate_sizes[9]:    8
[    0.000000] x86/fpu: Enabled xstate features 0x2e7, context size is 2440 bytes, using 'compacted' format.
[    0.000000] signal: max sigframe size: 3632
[    0.000000] BIOS-provided physical RAM map:
[    0.000000] BIOS-e820: [mem 0x0000000000000000-0x000000000008efff] usable
[    0.000000] BIOS-e820: [mem 0x000000000008f000-0x000000000008ffff] reserved
[    0.000000] BIOS-e820: [mem 0x0000000000090000-0x000000000009ffff] usable
[    0.000000] BIOS-e820: [mem 0x00000000000a0000-0x00000000000fffff] reserved
[    0.000000] BIOS-e820: [mem 0x0000000000100000-0x0000000049e76fff] usable
[    0.000000] BIOS-e820: [mem 0x0000000049e77000-0x000000004ae76fff] ACPI NVS
[    0.000000] BIOS-e820: [mem 0x000000004ae77000-0x000000004b2cefff] usable
[    0.000000] BIOS-e820: [mem 0x000000004b2cf000-0x000000004b54dfff] ACPI data
[    0.000000] BIOS-e820: [mem 0x000000004b54e000-0x000000004bd93fff] usable
[    0.000000] BIOS-e820: [mem 0x000000004bd94000-0x000000004be99fff] reserved
[    0.000000] BIOS-e820: [mem 0x000000004be9a000-0x000000004cdfffff] usable
[    0.000000] BIOS-e820: [mem 0x000000004ce00000-0x000000004cffffff] reserved
[    0.000000] BIOS-e820: [mem 0x000000004d000000-0x000000005eefdfff] usable
[    0.000000] BIOS-e820: [mem 0x000000005eefe000-0x000000006e3fefff] reserved
[    0.000000] BIOS-e820: [mem 0x000000006e3ff000-0x000000006f3fefff] ACPI NVS
[    0.000000] BIOS-e820: [mem 0x000000006f3ff000-0x000000006f7fefff] ACPI data
[    0.000000] BIOS-e820: [mem 0x000000006f7ff000-0x000000006f7fffff] usable
[    0.000000] BIOS-e820: [mem 0x000000006f800000-0x000000008fffffff] reserved
[    0.000000] BIOS-e820: [mem 0x00000000fe000000-0x00000000fe010fff] reserved
[    0.000000] BIOS-e820: [mem 0x0000000100000000-0x000000207fffffff] usable
[    0.000000] BIOS-e820: [mem 0x0000002080000000-0x0000011c7fffffff] persistent (type 7)
[    0.000000] BIOS-e820: [mem 0x00001ffc00000000-0x00001fffffffffff] reserved
[    0.000000] NX (Execute Disable) protection: active
[    0.000000] e820: update [mem 0x46d5d020-0x46d6505f] usable ==> usable
[    0.000000] e820: update [mem 0x46d5d020-0x46d6505f] usable ==> usable
[    0.000000] e820: update [mem 0x46d2a020-0x46d5cc5f] usable ==> usable
[    0.000000] e820: update [mem 0x46d2a020-0x46d5cc5f] usable ==> usable
[    0.000000] e820: update [mem 0x46cf7020-0x46d29c5f] usable ==> usable
[    0.000000] e820: update [mem 0x46cf7020-0x46d29c5f] usable ==> usable
[    0.000000] e820: update [mem 0x46cc5020-0x46cf6a5f] usable ==> usable
[    0.000000] e820: update [mem 0x46cc5020-0x46cf6a5f] usable ==> usable
[    0.000000] extended physical RAM map:
[    0.000000] reserve setup_data: [mem 0x0000000000000000-0x000000000008efff] usable
[    0.000000] reserve setup_data: [mem 0x000000000008f000-0x000000000008ffff] reserved
[    0.000000] reserve setup_data: [mem 0x0000000000090000-0x000000000009ffff] usable
[    0.000000] reserve setup_data: [mem 0x00000000000a0000-0x00000000000fffff] reserved
[    0.000000] reserve setup_data: [mem 0x0000000000100000-0x0000000046cc501f] usable
[    0.000000] reserve setup_data: [mem 0x0000000046cc5020-0x0000000046cf6a5f] usable
[    0.000000] reserve setup_data: [mem 0x0000000046cf6a60-0x0000000046cf701f] usable
[    0.000000] reserve setup_data: [mem 0x0000000046cf7020-0x0000000046d29c5f] usable
[    0.000000] reserve setup_data: [mem 0x0000000046d29c60-0x0000000046d2a01f] usable
[    0.000000] reserve setup_data: [mem 0x0000000046d2a020-0x0000000046d5cc5f] usable
[    0.000000] reserve setup_data: [mem 0x0000000046d5cc60-0x0000000046d5d01f] usable
[    0.000000] reserve setup_data: [mem 0x0000000046d5d020-0x0000000046d6505f] usable
[    0.000000] reserve setup_data: [mem 0x0000000046d65060-0x0000000049e76fff] usable
[    0.000000] reserve setup_data: [mem 0x0000000049e77000-0x000000004ae76fff] ACPI NVS
[    0.000000] reserve setup_data: [mem 0x000000004ae77000-0x000000004b2cefff] usable
[    0.000000] reserve setup_data: [mem 0x000000004b2cf000-0x000000004b54dfff] ACPI data
[    0.000000] reserve setup_data: [mem 0x000000004b54e000-0x000000004bd93fff] usable
[    0.000000] reserve setup_data: [mem 0x000000004bd94000-0x000000004be99fff] reserved
[    0.000000] reserve setup_data: [mem 0x000000004be9a000-0x000000004cdfffff] usable
[    0.000000] reserve setup_data: [mem 0x000000004ce00000-0x000000004cffffff] reserved
[    0.000000] reserve setup_data: [mem 0x000000004d000000-0x000000005eefdfff] usable
[    0.000000] reserve setup_data: [mem 0x000000005eefe000-0x000000006e3fefff] reserved
[    0.000000] reserve setup_data: [mem 0x000000006e3ff000-0x000000006f3fefff] ACPI NVS
[    0.000000] reserve setup_data: [mem 0x000000006f3ff000-0x000000006f7fefff] ACPI data
[    0.000000] reserve setup_data: [mem 0x000000006f7ff000-0x000000006f7fffff] usable
[    0.000000] reserve setup_data: [mem 0x000000006f800000-0x000000008fffffff] reserved
[    0.000000] reserve setup_data: [mem 0x00000000fe000000-0x00000000fe010fff] reserved
[    0.000000] reserve setup_data: [mem 0x0000000100000000-0x000000087fffffff] usable
[    0.000000] reserve setup_data: [mem 0x0000000880000000-0x0000000fffffffff] persistent (type 12)
[    0.000000] reserve setup_data: [mem 0x0000001000000000-0x000000207fffffff] usable
[    0.000000] reserve setup_data: [mem 0x0000002080000000-0x0000011c7fffffff] persistent (type 7)
[    0.000000] reserve setup_data: [mem 0x00001ffc00000000-0x00001fffffffffff] reserved
[    0.000000] user-defined physical RAM map:
[    0.000000] user: [mem 0x0000000000000000-0x000000000008efff] usable
[    0.000000] user: [mem 0x000000000008f000-0x000000000008ffff] reserved
[    0.000000] user: [mem 0x0000000000090000-0x000000000009ffff] usable
[    0.000000] user: [mem 0x00000000000a0000-0x00000000000fffff] reserved
[    0.000000] user: [mem 0x0000000000100000-0x0000000046cc501f] usable
[    0.000000] user: [mem 0x0000000046cc5020-0x0000000046cf6a5f] usable
[    0.000000] user: [mem 0x0000000046cf6a60-0x0000000046cf701f] usable
[    0.000000] user: [mem 0x0000000046cf7020-0x0000000046d29c5f] usable
[    0.000000] user: [mem 0x0000000046d29c60-0x0000000046d2a01f] usable
[    0.000000] user: [mem 0x0000000046d2a020-0x0000000046d5cc5f] usable
[    0.000000] user: [mem 0x0000000046d5cc60-0x0000000046d5d01f] usable
[    0.000000] user: [mem 0x0000000046d5d020-0x0000000046d6505f] usable
[    0.000000] user: [mem 0x0000000046d65060-0x0000000049e76fff] usable
[    0.000000] user: [mem 0x0000000049e77000-0x000000004ae76fff] ACPI NVS
[    0.000000] user: [mem 0x000000004ae77000-0x000000004b2cefff] usable
[    0.000000] user: [mem 0x000000004b2cf000-0x000000004b54dfff] ACPI data
[    0.000000] user: [mem 0x000000004b54e000-0x000000004bd93fff] usable
[    0.000000] user: [mem 0x000000004bd94000-0x000000004be99fff] reserved
[    0.000000] user: [mem 0x000000004be9a000-0x000000004cdfffff] usable
[    0.000000] user: [mem 0x000000004ce00000-0x000000004cffffff] reserved
[    0.000000] user: [mem 0x000000004d000000-0x000000005eefdfff] usable
[    0.000000] user: [mem 0x000000005eefe000-0x000000006e3fefff] reserved
[    0.000000] user: [mem 0x000000006e3ff000-0x000000006f3fefff] ACPI NVS
[    0.000000] user: [mem 0x000000006f3ff000-0x000000006f7fefff] ACPI data
[    0.000000] user: [mem 0x000000006f7ff000-0x000000006f7fffff] usable
[    0.000000] user: [mem 0x000000006f800000-0x000000008fffffff] reserved
[    0.000000] user: [mem 0x00000000fe000000-0x00000000fe010fff] reserved
[    0.000000] user: [mem 0x0000000100000000-0x000000087fffffff] usable
[    0.000000] user: [mem 0x0000000880000000-0x0000000fffffffff] persistent (type 12)
[    0.000000] user: [mem 0x0000001000000000-0x000000207fffffff] usable
[    0.000000] user: [mem 0x0000002080000000-0x0000011c7fffffff] persistent (type 7)
[    0.000000] user: [mem 0x00001ffc00000000-0x00001fffffffffff] reserved
[    0.000000] efi: EFI v2.70 by Dell Inc.
[    0.000000] efi: ACPI=0x6f7fe000 ACPI 2.0=0x6f7fe014 MEMATTR=0x5b070020 SMBIOS=0x69526000 SMBIOS 3.0=0x69524000 MOKvar=0x5ef81000 RNG=0x5ef8a920 
[    0.000000] efi: seeding entropy pool
[    0.000000] random: fast init done
[    0.000000] SMBIOS 3.3.0 present.
[    0.000000] DMI: Dell Inc. PowerEdge R750/0K8F35, BIOS 1.10.2 03/03/2023
[    0.000000] tsc: Detected 2000.000 MHz processor
[    0.000008] e820: update [mem 0x00000000-0x00000fff] usable ==> reserved
[    0.000010] e820: remove [mem 0x000a0000-0x000fffff] usable
[    0.000018] last_pfn = 0x2080000 max_arch_pfn = 0x400000000
[    0.000229] x86/PAT: Configuration [0-7]: WB  WC  UC- UC  WB  WP  UC- WT  
[    0.003099] total RAM covered: 2095088M
[    0.003183]  gran_size: 64K 	chunk_size: 64K 	num_reg: 10  	lose cover RAM: 2016G
[    0.003186]  gran_size: 64K 	chunk_size: 128K 	num_reg: 10  	lose cover RAM: 2016G
[    0.003188]  gran_size: 64K 	chunk_size: 256K 	num_reg: 10  	lose cover RAM: 2016G
[    0.003189]  gran_size: 64K 	chunk_size: 512K 	num_reg: 10  	lose cover RAM: 2016G
[    0.003190]  gran_size: 64K 	chunk_size: 1M 	num_reg: 10  	lose cover RAM: 2016G
[    0.003192]  gran_size: 64K 	chunk_size: 2M 	num_reg: 10  	lose cover RAM: 2016G
[    0.003193]  gran_size: 64K 	chunk_size: 4M 	num_reg: 10  	lose cover RAM: 2016G
[    0.003195]  gran_size: 64K 	chunk_size: 8M 	num_reg: 10  	lose cover RAM: 2016G
[    0.003196]  gran_size: 64K 	chunk_size: 16M 	num_reg: 10  	lose cover RAM: 2016G
[    0.003197]  gran_size: 64K 	chunk_size: 32M 	num_reg: 10  	lose cover RAM: 1024G
[    0.003198]  gran_size: 64K 	chunk_size: 64M 	num_reg: 10  	lose cover RAM: 1024G
[    0.003200]  gran_size: 64K 	chunk_size: 128M 	num_reg: 10  	lose cover RAM: 1024G
[    0.003201]  gran_size: 64K 	chunk_size: 256M 	num_reg: 10  	lose cover RAM: 1024G
[    0.003202]  gran_size: 64K 	chunk_size: 512M 	num_reg: 10  	lose cover RAM: 1024G
[    0.003203]  gran_size: 64K 	chunk_size: 1G 	num_reg: 10  	lose cover RAM: 1024G
[    0.003205]  gran_size: 64K 	chunk_size: 2G 	num_reg: 10  	lose cover RAM: 1024G
[    0.003206]  gran_size: 128K 	chunk_size: 128K 	num_reg: 10  	lose cover RAM: 2016G
[    0.003207]  gran_size: 128K 	chunk_size: 256K 	num_reg: 10  	lose cover RAM: 2016G
[    0.003209]  gran_size: 128K 	chunk_size: 512K 	num_reg: 10  	lose cover RAM: 2016G
[    0.003210]  gran_size: 128K 	chunk_size: 1M 	num_reg: 10  	lose cover RAM: 2016G
[    0.003211]  gran_size: 128K 	chunk_size: 2M 	num_reg: 10  	lose cover RAM: 2016G
[    0.003213]  gran_size: 128K 	chunk_size: 4M 	num_reg: 10  	lose cover RAM: 2016G
[    0.003214]  gran_size: 128K 	chunk_size: 8M 	num_reg: 10  	lose cover RAM: 2016G
[    0.003215]  gran_size: 128K 	chunk_size: 16M 	num_reg: 10  	lose cover RAM: 2016G
[    0.003216]  gran_size: 128K 	chunk_size: 32M 	num_reg: 10  	lose cover RAM: 1024G
[    0.003218]  gran_size: 128K 	chunk_size: 64M 	num_reg: 10  	lose cover RAM: 1024G
[    0.003219]  gran_size: 128K 	chunk_size: 128M 	num_reg: 10  	lose cover RAM: 1024G
[    0.003220]  gran_size: 128K 	chunk_size: 256M 	num_reg: 10  	lose cover RAM: 1024G
[    0.003221]  gran_size: 128K 	chunk_size: 512M 	num_reg: 10  	lose cover RAM: 1024G
[    0.003223]  gran_size: 128K 	chunk_size: 1G 	num_reg: 10  	lose cover RAM: 1024G
[    0.003224]  gran_size: 128K 	chunk_size: 2G 	num_reg: 10  	lose cover RAM: 1024G
[    0.003225]  gran_size: 256K 	chunk_size: 256K 	num_reg: 10  	lose cover RAM: 2016G
[    0.003227]  gran_size: 256K 	chunk_size: 512K 	num_reg: 10  	lose cover RAM: 2016G
[    0.003228]  gran_size: 256K 	chunk_size: 1M 	num_reg: 10  	lose cover RAM: 2016G
[    0.003229]  gran_size: 256K 	chunk_size: 2M 	num_reg: 10  	lose cover RAM: 2016G
[    0.003230]  gran_size: 256K 	chunk_size: 4M 	num_reg: 10  	lose cover RAM: 2016G
[    0.003232]  gran_size: 256K 	chunk_size: 8M 	num_reg: 10  	lose cover RAM: 2016G
[    0.003233]  gran_size: 256K 	chunk_size: 16M 	num_reg: 10  	lose cover RAM: 2016G
[    0.003234]  gran_size: 256K 	chunk_size: 32M 	num_reg: 10  	lose cover RAM: 1024G
[    0.003235]  gran_size: 256K 	chunk_size: 64M 	num_reg: 10  	lose cover RAM: 1024G
[    0.003237]  gran_size: 256K 	chunk_size: 128M 	num_reg: 10  	lose cover RAM: 1024G
[    0.003238]  gran_size: 256K 	chunk_size: 256M 	num_reg: 10  	lose cover RAM: 1024G
[    0.003239]  gran_size: 256K 	chunk_size: 512M 	num_reg: 10  	lose cover RAM: 1024G
[    0.003240]  gran_size: 256K 	chunk_size: 1G 	num_reg: 10  	lose cover RAM: 1024G
[    0.003242]  gran_size: 256K 	chunk_size: 2G 	num_reg: 10  	lose cover RAM: 1024G
[    0.003243]  gran_size: 512K 	chunk_size: 512K 	num_reg: 10  	lose cover RAM: 2016G
[    0.003244]  gran_size: 512K 	chunk_size: 1M 	num_reg: 10  	lose cover RAM: 2016G
[    0.003246]  gran_size: 512K 	chunk_size: 2M 	num_reg: 10  	lose cover RAM: 2016G
[    0.003247]  gran_size: 512K 	chunk_size: 4M 	num_reg: 10  	lose cover RAM: 2016G
[    0.003249]  gran_size: 512K 	chunk_size: 8M 	num_reg: 10  	lose cover RAM: 2016G
[    0.003250]  gran_size: 512K 	chunk_size: 16M 	num_reg: 10  	lose cover RAM: 2016G
[    0.003251]  gran_size: 512K 	chunk_size: 32M 	num_reg: 10  	lose cover RAM: 1024G
[    0.003253]  gran_size: 512K 	chunk_size: 64M 	num_reg: 10  	lose cover RAM: 1024G
[    0.003254]  gran_size: 512K 	chunk_size: 128M 	num_reg: 10  	lose cover RAM: 1024G
[    0.003255]  gran_size: 512K 	chunk_size: 256M 	num_reg: 10  	lose cover RAM: 1024G
[    0.003257]  gran_size: 512K 	chunk_size: 512M 	num_reg: 10  	lose cover RAM: 1024G
[    0.003258]  gran_size: 512K 	chunk_size: 1G 	num_reg: 10  	lose cover RAM: 1024G
[    0.003259]  gran_size: 512K 	chunk_size: 2G 	num_reg: 10  	lose cover RAM: 1024G
[    0.003261]  gran_size: 1M 	chunk_size: 1M 	num_reg: 10  	lose cover RAM: 2016G
[    0.003262]  gran_size: 1M 	chunk_size: 2M 	num_reg: 10  	lose cover RAM: 2016G
[    0.003263]  gran_size: 1M 	chunk_size: 4M 	num_reg: 10  	lose cover RAM: 2016G
[    0.003264]  gran_size: 1M 	chunk_size: 8M 	num_reg: 10  	lose cover RAM: 2016G
[    0.003266]  gran_size: 1M 	chunk_size: 16M 	num_reg: 10  	lose cover RAM: 2016G
[    0.003267]  gran_size: 1M 	chunk_size: 32M 	num_reg: 10  	lose cover RAM: 1024G
[    0.003268]  gran_size: 1M 	chunk_size: 64M 	num_reg: 10  	lose cover RAM: 1024G
[    0.003270]  gran_size: 1M 	chunk_size: 128M 	num_reg: 10  	lose cover RAM: 1024G
[    0.003271]  gran_size: 1M 	chunk_size: 256M 	num_reg: 10  	lose cover RAM: 1024G
[    0.003272]  gran_size: 1M 	chunk_size: 512M 	num_reg: 10  	lose cover RAM: 1024G
[    0.003273]  gran_size: 1M 	chunk_size: 1G 	num_reg: 10  	lose cover RAM: 1024G
[    0.003275]  gran_size: 1M 	chunk_size: 2G 	num_reg: 10  	lose cover RAM: 1024G
[    0.003276]  gran_size: 2M 	chunk_size: 2M 	num_reg: 10  	lose cover RAM: 2016G
[    0.003277]  gran_size: 2M 	chunk_size: 4M 	num_reg: 10  	lose cover RAM: 2016G
[    0.003278]  gran_size: 2M 	chunk_size: 8M 	num_reg: 10  	lose cover RAM: 2016G
[    0.003279]  gran_size: 2M 	chunk_size: 16M 	num_reg: 10  	lose cover RAM: 2016G
[    0.003281]  gran_size: 2M 	chunk_size: 32M 	num_reg: 10  	lose cover RAM: 1024G
[    0.003282]  gran_size: 2M 	chunk_size: 64M 	num_reg: 10  	lose cover RAM: 1024G
[    0.003283]  gran_size: 2M 	chunk_size: 128M 	num_reg: 10  	lose cover RAM: 1024G
[    0.003285]  gran_size: 2M 	chunk_size: 256M 	num_reg: 10  	lose cover RAM: 1024G
[    0.003286]  gran_size: 2M 	chunk_size: 512M 	num_reg: 10  	lose cover RAM: 1024G
[    0.003287]  gran_size: 2M 	chunk_size: 1G 	num_reg: 10  	lose cover RAM: 1024G
[    0.003289]  gran_size: 2M 	chunk_size: 2G 	num_reg: 10  	lose cover RAM: 1024G
[    0.003290]  gran_size: 4M 	chunk_size: 4M 	num_reg: 10  	lose cover RAM: 2016G
[    0.003291]  gran_size: 4M 	chunk_size: 8M 	num_reg: 10  	lose cover RAM: 2016G
[    0.003293]  gran_size: 4M 	chunk_size: 16M 	num_reg: 10  	lose cover RAM: 2016G
[    0.003294]  gran_size: 4M 	chunk_size: 32M 	num_reg: 10  	lose cover RAM: 1024G
[    0.003295]  gran_size: 4M 	chunk_size: 64M 	num_reg: 10  	lose cover RAM: 1024G
[    0.003296]  gran_size: 4M 	chunk_size: 128M 	num_reg: 10  	lose cover RAM: 1024G
[    0.003298]  gran_size: 4M 	chunk_size: 256M 	num_reg: 10  	lose cover RAM: 1024G
[    0.003299]  gran_size: 4M 	chunk_size: 512M 	num_reg: 10  	lose cover RAM: 1024G
[    0.003300]  gran_size: 4M 	chunk_size: 1G 	num_reg: 10  	lose cover RAM: 1024G
[    0.003301]  gran_size: 4M 	chunk_size: 2G 	num_reg: 10  	lose cover RAM: 1024G
[    0.003303]  gran_size: 8M 	chunk_size: 8M 	num_reg: 10  	lose cover RAM: 2016G
[    0.003304]  gran_size: 8M 	chunk_size: 16M 	num_reg: 10  	lose cover RAM: 2016G
[    0.003305]  gran_size: 8M 	chunk_size: 32M 	num_reg: 10  	lose cover RAM: 1024G
[    0.003307]  gran_size: 8M 	chunk_size: 64M 	num_reg: 10  	lose cover RAM: 1024G
[    0.003308]  gran_size: 8M 	chunk_size: 128M 	num_reg: 10  	lose cover RAM: 1024G
[    0.003309]  gran_size: 8M 	chunk_size: 256M 	num_reg: 10  	lose cover RAM: 1024G
[    0.003311]  gran_size: 8M 	chunk_size: 512M 	num_reg: 10  	lose cover RAM: 1024G
[    0.003312]  gran_size: 8M 	chunk_size: 1G 	num_reg: 10  	lose cover RAM: 1024G
[    0.003313]  gran_size: 8M 	chunk_size: 2G 	num_reg: 10  	lose cover RAM: 1024G
[    0.003315]  gran_size: 16M 	chunk_size: 16M 	num_reg: 10  	lose cover RAM: 2016G
[    0.003316]  gran_size: 16M 	chunk_size: 32M 	num_reg: 10  	lose cover RAM: 1024G
[    0.003318]  gran_size: 16M 	chunk_size: 64M 	num_reg: 10  	lose cover RAM: 1024G
[    0.003319]  gran_size: 16M 	chunk_size: 128M 	num_reg: 10  	lose cover RAM: 1024G
[    0.003320]  gran_size: 16M 	chunk_size: 256M 	num_reg: 10  	lose cover RAM: 1024G
[    0.003321]  gran_size: 16M 	chunk_size: 512M 	num_reg: 10  	lose cover RAM: 1024G
[    0.003323]  gran_size: 16M 	chunk_size: 1G 	num_reg: 10  	lose cover RAM: 1024G
[    0.003324]  gran_size: 16M 	chunk_size: 2G 	num_reg: 10  	lose cover RAM: 1024G
[    0.003325]  gran_size: 32M 	chunk_size: 32M 	num_reg: 10  	lose cover RAM: 2031632M
[    0.003327]  gran_size: 32M 	chunk_size: 64M 	num_reg: 10  	lose cover RAM: 1048592M
[    0.003328]  gran_size: 32M 	chunk_size: 128M 	num_reg: 10  	lose cover RAM: 1048592M
[    0.003329]  gran_size: 32M 	chunk_size: 256M 	num_reg: 10  	lose cover RAM: 1048592M
[    0.003331]  gran_size: 32M 	chunk_size: 512M 	num_reg: 10  	lose cover RAM: 1048592M
[    0.003332]  gran_size: 32M 	chunk_size: 1G 	num_reg: 10  	lose cover RAM: 1048592M
[    0.003333]  gran_size: 32M 	chunk_size: 2G 	num_reg: 10  	lose cover RAM: 1048592M
[    0.003334]  gran_size: 64M 	chunk_size: 64M 	num_reg: 10  	lose cover RAM: 1966128M
[    0.003336]  gran_size: 64M 	chunk_size: 128M 	num_reg: 10  	lose cover RAM: 1048624M
[    0.003337]  gran_size: 64M 	chunk_size: 256M 	num_reg: 10  	lose cover RAM: 1048624M
[    0.003338]  gran_size: 64M 	chunk_size: 512M 	num_reg: 10  	lose cover RAM: 1048624M
[    0.003340]  gran_size: 64M 	chunk_size: 1G 	num_reg: 10  	lose cover RAM: 1048624M
[    0.003341]  gran_size: 64M 	chunk_size: 2G 	num_reg: 10  	lose cover RAM: 1048624M
[    0.003342]  gran_size: 128M 	chunk_size: 128M 	num_reg: 10  	lose cover RAM: 1835120M
[    0.003343]  gran_size: 128M 	chunk_size: 256M 	num_reg: 10  	lose cover RAM: 1048688M
[    0.003345]  gran_size: 128M 	chunk_size: 512M 	num_reg: 10  	lose cover RAM: 1048688M
[    0.003346]  gran_size: 128M 	chunk_size: 1G 	num_reg: 10  	lose cover RAM: 1048688M
[    0.003348]  gran_size: 128M 	chunk_size: 2G 	num_reg: 10  	lose cover RAM: 1048688M
[    0.003349]  gran_size: 256M 	chunk_size: 256M 	num_reg: 10  	lose cover RAM: 1573104M
[    0.003350]  gran_size: 256M 	chunk_size: 512M 	num_reg: 10  	lose cover RAM: 1048816M
[    0.003352]  gran_size: 256M 	chunk_size: 1G 	num_reg: 10  	lose cover RAM: 1048816M
[    0.003353]  gran_size: 256M 	chunk_size: 2G 	num_reg: 10  	lose cover RAM: 1048816M
[    0.003354]  gran_size: 512M 	chunk_size: 512M 	num_reg: 10  	lose cover RAM: 1049072M
[    0.003355]  gran_size: 512M 	chunk_size: 1G 	num_reg: 10  	lose cover RAM: 1049072M
[    0.003357]  gran_size: 512M 	chunk_size: 2G 	num_reg: 10  	lose cover RAM: 1049072M
[    0.003358]  gran_size: 1G 	chunk_size: 1G 	num_reg: 10  	lose cover RAM: 1008M
[    0.003359]  gran_size: 1G 	chunk_size: 2G 	num_reg: 10  	lose cover RAM: 1008M
[    0.003361]  gran_size: 2G 	chunk_size: 2G 	num_reg: 9  	lose cover RAM: 2032M
[    0.003362] mtrr_cleanup: can not find optimal value
[    0.003363] please specify mtrr_gran_size/mtrr_chunk_size
[    0.003365] e820: update [mem 0x7f000000-0xffffffff] usable ==> reserved
[    0.003368] x2apic: enabled by BIOS, switching to x2apic ops
[    0.003369] last_pfn = 0x6f800 max_arch_pfn = 0x400000000
[    0.014697] Using GB pages for direct mapping
[    0.015676] Secure boot disabled
[    0.015677] RAMDISK: [mem 0x205cb7c000-0x207fffffff]
[    0.015682] ACPI: Early table checksum verification disabled
[    0.015684] ACPI: RSDP 0x000000006F7FE014 000024 (v02 DELL  )
[    0.015688] ACPI: XSDT 0x000000006F41C188 0000F4 (v01 DELL   PE_SC3   00000000 DELL 01000013)
[    0.015693] ACPI: FACP 0x000000006F430000 000114 (v06 DELL   PE_SC3   00000000 DELL 00000001)
[    0.015699] ACPI: DSDT 0x000000004B4CE000 07FAD3 (v02 DELL   PE_SC3   00000003 DELL 00000001)
[    0.015702] ACPI: FACS 0x000000006F2F2000 000040
[    0.015705] ACPI: SSDT 0x000000006F7FB000 00159A (v02 INTEL  RAS_ACPI 00000001 INTL 20210331)
[    0.015709] ACPI: SSDT 0x000000006F7FA000 000745 (v02 INTEL  ADDRXLAT 00000001 INTL 20210331)
[    0.015712] ACPI: MCEJ 0x000000006F7F9000 000130 (v01 INTEL           00000001 INTL 0100000D)
[    0.015716] ACPI: BERT 0x000000006F7F8000 000030 (v01 DELL   PE_SC3   00000001 INTL 00000001)
[    0.015719] ACPI: ERST 0x000000006F7F7000 000230 (v01 DELL   PE_SC3   00000001 INTL 00000001)
[    0.015722] ACPI: SSDT 0x000000006F431000 3C524E (v02 INTEL  SSDTNVDR 00001000 INTL 20210331)
[    0.015725] ACPI: HMAT 0x000000006F42F000 000210 (v01 DELL   PE_SC3   00000001 DELL 00000001)
[    0.015728] ACPI: HPET 0x000000006F42E000 000038 (v01 DELL   PE_SC3   00000001 DELL 00000001)
[    0.015732] ACPI: MCFG 0x000000006F42D000 00003C (v01 DELL   PE_SC3   00000001 DELL 00000001)
[    0.015735] ACPI: MIGT 0x000000006F42C000 000040 (v01 DELL   PE_SC3   00000000 DELL 00000001)
[    0.015738] ACPI: MSCT 0x000000006F42B000 000090 (v01 DELL   PE_SC3   00000001 DELL 00000001)
[    0.015741] ACPI: PMTT 0x000000006F429000 0011E8 (v02 DELL   PE_SC3   00000001 DELL 00000001)
[    0.015744] ACPI: WSMT 0x000000006F428000 000028 (v01 DELL   PE_SC3   00000000 DELL 00000001)
[    0.015748] ACPI: APIC 0x000000006F427000 00075E (v04 DELL   PE_SC3   00000000 DELL 00000001)
[    0.015751] ACPI: SLIT 0x000000006F426000 00003C (v01 DELL   PE_SC3   00000001 DELL 01000013)
[    0.015754] ACPI: SRAT 0x000000006F41F000 006430 (v03 DELL   PE_SC3   00000002 DELL 01000013)
[    0.015757] ACPI: OEM4 0x000000004B346000 187A61 (v02 INTEL  CPU  CST 00003000 INTL 20210331)
[    0.015761] ACPI: SSDT 0x000000004B2CF000 0764A5 (v02 INTEL  SSDT  PM 00004000 INTL 20210331)
[    0.015764] ACPI: SSDT 0x000000006F41E000 000A1F (v02 DELL   PE_SC3   00000000 DELL 00000001)
[    0.015767] ACPI: HEST 0x000000006F41D000 00017C (v01 DELL   PE_SC3   00000001 INTL 00000001)
[    0.015770] ACPI: PCAT 0x000000006F41B000 00010C (v19 DELL   PE_SC3   00000002 DELL 00000001)
[    0.015774] ACPI: SSDT 0x000000006F413000 007299 (v02 INTEL  SpsNm    00000002 INTL 20210331)
[    0.015777] ACPI: SSDT 0x000000006F412000 000426 (v02 DELL   PE_SC3   00000002 DELL 00000001)
[    0.015780] ACPI: NFIT 0x000000006F7FD000 000488 (v01 DELL   PE_SC3   00000002 DELL 00000001)
[    0.015783] ACPI: DMAR 0x000000006F411000 000158 (v01 DELL   PE_SC3   00000001 DELL 00000001)
[    0.015786] ACPI: Reserving FACP table memory at [mem 0x6f430000-0x6f430113]
[    0.015787] ACPI: Reserving DSDT table memory at [mem 0x4b4ce000-0x4b54dad2]
[    0.015788] ACPI: Reserving FACS table memory at [mem 0x6f2f2000-0x6f2f203f]
[    0.015789] ACPI: Reserving SSDT table memory at [mem 0x6f7fb000-0x6f7fc599]
[    0.015790] ACPI: Reserving SSDT table memory at [mem 0x6f7fa000-0x6f7fa744]
[    0.015791] ACPI: Reserving MCEJ table memory at [mem 0x6f7f9000-0x6f7f912f]
[    0.015792] ACPI: Reserving BERT table memory at [mem 0x6f7f8000-0x6f7f802f]
[    0.015793] ACPI: Reserving ERST table memory at [mem 0x6f7f7000-0x6f7f722f]
[    0.015794] ACPI: Reserving SSDT table memory at [mem 0x6f431000-0x6f7f624d]
[    0.015794] ACPI: Reserving HMAT table memory at [mem 0x6f42f000-0x6f42f20f]
[    0.015795] ACPI: Reserving HPET table memory at [mem 0x6f42e000-0x6f42e037]
[    0.015796] ACPI: Reserving MCFG table memory at [mem 0x6f42d000-0x6f42d03b]
[    0.015797] ACPI: Reserving MIGT table memory at [mem 0x6f42c000-0x6f42c03f]
[    0.015798] ACPI: Reserving MSCT table memory at [mem 0x6f42b000-0x6f42b08f]
[    0.015799] ACPI: Reserving PMTT table memory at [mem 0x6f429000-0x6f42a1e7]
[    0.015800] ACPI: Reserving WSMT table memory at [mem 0x6f428000-0x6f428027]
[    0.015801] ACPI: Reserving APIC table memory at [mem 0x6f427000-0x6f42775d]
[    0.015801] ACPI: Reserving SLIT table memory at [mem 0x6f426000-0x6f42603b]
[    0.015802] ACPI: Reserving SRAT table memory at [mem 0x6f41f000-0x6f42542f]
[    0.015803] ACPI: Reserving OEM4 table memory at [mem 0x4b346000-0x4b4cda60]
[    0.015804] ACPI: Reserving SSDT table memory at [mem 0x4b2cf000-0x4b3454a4]
[    0.015805] ACPI: Reserving SSDT table memory at [mem 0x6f41e000-0x6f41ea1e]
[    0.015806] ACPI: Reserving HEST table memory at [mem 0x6f41d000-0x6f41d17b]
[    0.015807] ACPI: Reserving PCAT table memory at [mem 0x6f41b000-0x6f41b10b]
[    0.015808] ACPI: Reserving SSDT table memory at [mem 0x6f413000-0x6f41a298]
[    0.015809] ACPI: Reserving SSDT table memory at [mem 0x6f412000-0x6f412425]
[    0.015810] ACPI: Reserving NFIT table memory at [mem 0x6f7fd000-0x6f7fd487]
[    0.015811] ACPI: Reserving DMAR table memory at [mem 0x6f411000-0x6f411157]
[    0.015822] Setting APIC routing to cluster x2apic.
[    0.015872] SRAT: PXM 0 -> APIC 0x0000 -> Node 0
[    0.015873] SRAT: PXM 0 -> APIC 0x0001 -> Node 0
[    0.015874] SRAT: PXM 0 -> APIC 0x0002 -> Node 0
[    0.015874] SRAT: PXM 0 -> APIC 0x0003 -> Node 0
[    0.015875] SRAT: PXM 0 -> APIC 0x0004 -> Node 0
[    0.015876] SRAT: PXM 0 -> APIC 0x0005 -> Node 0
[    0.015876] SRAT: PXM 0 -> APIC 0x0006 -> Node 0
[    0.015877] SRAT: PXM 0 -> APIC 0x0007 -> Node 0
[    0.015878] SRAT: PXM 0 -> APIC 0x0008 -> Node 0
[    0.015878] SRAT: PXM 0 -> APIC 0x0009 -> Node 0
[    0.015879] SRAT: PXM 0 -> APIC 0x000a -> Node 0
[    0.015879] SRAT: PXM 0 -> APIC 0x000b -> Node 0
[    0.015880] SRAT: PXM 0 -> APIC 0x000c -> Node 0
[    0.015881] SRAT: PXM 0 -> APIC 0x000d -> Node 0
[    0.015881] SRAT: PXM 0 -> APIC 0x000e -> Node 0
[    0.015882] SRAT: PXM 0 -> APIC 0x000f -> Node 0
[    0.015883] SRAT: PXM 0 -> APIC 0x0010 -> Node 0
[    0.015883] SRAT: PXM 0 -> APIC 0x0011 -> Node 0
[    0.015884] SRAT: PXM 0 -> APIC 0x0012 -> Node 0
[    0.015885] SRAT: PXM 0 -> APIC 0x0013 -> Node 0
[    0.015885] SRAT: PXM 0 -> APIC 0x0014 -> Node 0
[    0.015886] SRAT: PXM 0 -> APIC 0x0015 -> Node 0
[    0.015887] SRAT: PXM 0 -> APIC 0x0016 -> Node 0
[    0.015887] SRAT: PXM 0 -> APIC 0x0017 -> Node 0
[    0.015888] SRAT: PXM 0 -> APIC 0x0018 -> Node 0
[    0.015888] SRAT: PXM 0 -> APIC 0x0019 -> Node 0
[    0.015889] SRAT: PXM 0 -> APIC 0x001a -> Node 0
[    0.015890] SRAT: PXM 0 -> APIC 0x001b -> Node 0
[    0.015890] SRAT: PXM 0 -> APIC 0x001c -> Node 0
[    0.015891] SRAT: PXM 0 -> APIC 0x001d -> Node 0
[    0.015892] SRAT: PXM 0 -> APIC 0x001e -> Node 0
[    0.015892] SRAT: PXM 0 -> APIC 0x001f -> Node 0
[    0.015893] SRAT: PXM 0 -> APIC 0x0020 -> Node 0
[    0.015894] SRAT: PXM 0 -> APIC 0x0021 -> Node 0
[    0.015894] SRAT: PXM 0 -> APIC 0x0022 -> Node 0
[    0.015895] SRAT: PXM 0 -> APIC 0x0023 -> Node 0
[    0.015896] SRAT: PXM 0 -> APIC 0x0024 -> Node 0
[    0.015896] SRAT: PXM 0 -> APIC 0x0025 -> Node 0
[    0.015897] SRAT: PXM 0 -> APIC 0x0026 -> Node 0
[    0.015897] SRAT: PXM 0 -> APIC 0x0027 -> Node 0
[    0.015898] SRAT: PXM 0 -> APIC 0x0028 -> Node 0
[    0.015899] SRAT: PXM 0 -> APIC 0x0029 -> Node 0
[    0.015899] SRAT: PXM 0 -> APIC 0x002a -> Node 0
[    0.015900] SRAT: PXM 0 -> APIC 0x002b -> Node 0
[    0.015901] SRAT: PXM 0 -> APIC 0x002c -> Node 0
[    0.015901] SRAT: PXM 0 -> APIC 0x002d -> Node 0
[    0.015902] SRAT: PXM 0 -> APIC 0x002e -> Node 0
[    0.015903] SRAT: PXM 0 -> APIC 0x002f -> Node 0
[    0.015903] SRAT: PXM 0 -> APIC 0x0030 -> Node 0
[    0.015904] SRAT: PXM 0 -> APIC 0x0031 -> Node 0
[    0.015904] SRAT: PXM 0 -> APIC 0x0032 -> Node 0
[    0.015905] SRAT: PXM 0 -> APIC 0x0033 -> Node 0
[    0.015906] SRAT: PXM 0 -> APIC 0x0034 -> Node 0
[    0.015906] SRAT: PXM 0 -> APIC 0x0035 -> Node 0
[    0.015907] SRAT: PXM 0 -> APIC 0x0036 -> Node 0
[    0.015908] SRAT: PXM 0 -> APIC 0x0037 -> Node 0
[    0.015908] SRAT: PXM 1 -> APIC 0x0080 -> Node 1
[    0.015909] SRAT: PXM 1 -> APIC 0x0081 -> Node 1
[    0.015910] SRAT: PXM 1 -> APIC 0x0082 -> Node 1
[    0.015910] SRAT: PXM 1 -> APIC 0x0083 -> Node 1
[    0.015911] SRAT: PXM 1 -> APIC 0x0084 -> Node 1
[    0.015912] SRAT: PXM 1 -> APIC 0x0085 -> Node 1
[    0.015912] SRAT: PXM 1 -> APIC 0x0086 -> Node 1
[    0.015913] SRAT: PXM 1 -> APIC 0x0087 -> Node 1
[    0.015913] SRAT: PXM 1 -> APIC 0x0088 -> Node 1
[    0.015914] SRAT: PXM 1 -> APIC 0x0089 -> Node 1
[    0.015915] SRAT: PXM 1 -> APIC 0x008a -> Node 1
[    0.015915] SRAT: PXM 1 -> APIC 0x008b -> Node 1
[    0.015916] SRAT: PXM 1 -> APIC 0x008c -> Node 1
[    0.015917] SRAT: PXM 1 -> APIC 0x008d -> Node 1
[    0.015917] SRAT: PXM 1 -> APIC 0x008e -> Node 1
[    0.015918] SRAT: PXM 1 -> APIC 0x008f -> Node 1
[    0.015919] SRAT: PXM 1 -> APIC 0x0090 -> Node 1
[    0.015919] SRAT: PXM 1 -> APIC 0x0091 -> Node 1
[    0.015920] SRAT: PXM 1 -> APIC 0x0092 -> Node 1
[    0.015921] SRAT: PXM 1 -> APIC 0x0093 -> Node 1
[    0.015921] SRAT: PXM 1 -> APIC 0x0094 -> Node 1
[    0.015922] SRAT: PXM 1 -> APIC 0x0095 -> Node 1
[    0.015922] SRAT: PXM 1 -> APIC 0x0096 -> Node 1
[    0.015923] SRAT: PXM 1 -> APIC 0x0097 -> Node 1
[    0.015924] SRAT: PXM 1 -> APIC 0x0098 -> Node 1
[    0.015924] SRAT: PXM 1 -> APIC 0x0099 -> Node 1
[    0.015925] SRAT: PXM 1 -> APIC 0x009a -> Node 1
[    0.015926] SRAT: PXM 1 -> APIC 0x009b -> Node 1
[    0.015926] SRAT: PXM 1 -> APIC 0x009c -> Node 1
[    0.015927] SRAT: PXM 1 -> APIC 0x009d -> Node 1
[    0.015927] SRAT: PXM 1 -> APIC 0x009e -> Node 1
[    0.015928] SRAT: PXM 1 -> APIC 0x009f -> Node 1
[    0.015929] SRAT: PXM 1 -> APIC 0x00a0 -> Node 1
[    0.015929] SRAT: PXM 1 -> APIC 0x00a1 -> Node 1
[    0.015930] SRAT: PXM 1 -> APIC 0x00a2 -> Node 1
[    0.015931] SRAT: PXM 1 -> APIC 0x00a3 -> Node 1
[    0.015931] SRAT: PXM 1 -> APIC 0x00a4 -> Node 1
[    0.015932] SRAT: PXM 1 -> APIC 0x00a5 -> Node 1
[    0.015933] SRAT: PXM 1 -> APIC 0x00a6 -> Node 1
[    0.015933] SRAT: PXM 1 -> APIC 0x00a7 -> Node 1
[    0.015934] SRAT: PXM 1 -> APIC 0x00a8 -> Node 1
[    0.015934] SRAT: PXM 1 -> APIC 0x00a9 -> Node 1
[    0.015935] SRAT: PXM 1 -> APIC 0x00aa -> Node 1
[    0.015936] SRAT: PXM 1 -> APIC 0x00ab -> Node 1
[    0.015936] SRAT: PXM 1 -> APIC 0x00ac -> Node 1
[    0.015937] SRAT: PXM 1 -> APIC 0x00ad -> Node 1
[    0.015938] SRAT: PXM 1 -> APIC 0x00ae -> Node 1
[    0.015938] SRAT: PXM 1 -> APIC 0x00af -> Node 1
[    0.015939] SRAT: PXM 1 -> APIC 0x00b0 -> Node 1
[    0.015940] SRAT: PXM 1 -> APIC 0x00b1 -> Node 1
[    0.015940] SRAT: PXM 1 -> APIC 0x00b2 -> Node 1
[    0.015941] SRAT: PXM 1 -> APIC 0x00b3 -> Node 1
[    0.015941] SRAT: PXM 1 -> APIC 0x00b4 -> Node 1
[    0.015942] SRAT: PXM 1 -> APIC 0x00b5 -> Node 1
[    0.015943] SRAT: PXM 1 -> APIC 0x00b6 -> Node 1
[    0.015943] SRAT: PXM 1 -> APIC 0x00b7 -> Node 1
[    0.015956] ACPI: SRAT: Node 0 PXM 0 [mem 0x00000000-0x7fffffff]
[    0.015958] ACPI: SRAT: Node 0 PXM 0 [mem 0x100000000-0x107fffffff]
[    0.015959] ACPI: SRAT: Node 2 PXM 2 [mem 0x2080000000-0x9e7fffffff] non-volatile
[    0.015960] ACPI: SRAT: Node 1 PXM 1 [mem 0x1080000000-0x207fffffff]
[    0.015962] ACPI: SRAT: Node 3 PXM 3 [mem 0x9e80000000-0x11c7fffffff] non-volatile
[    0.015971] NUMA: Initialized distance table, cnt=4
[    0.015974] NUMA: Node 0 [mem 0x00000000-0x7fffffff] + [mem 0x100000000-0x107fffffff] -> [mem 0x00000000-0x107fffffff]
[    0.015983] NODE_DATA(0) allocated [mem 0x107ffd5000-0x107fffffff]
[    0.015999] NODE_DATA(1) allocated [mem 0x205cb4f000-0x205cb79fff]
[    0.016231] Zone ranges:
[    0.016232]   DMA      [mem 0x0000000000001000-0x0000000000ffffff]
[    0.016233]   DMA32    [mem 0x0000000001000000-0x00000000ffffffff]
[    0.016235]   Normal   [mem 0x0000000100000000-0x000000207fffffff]
[    0.016236]   Device   empty
[    0.016237] Movable zone start for each node
[    0.016241] Early memory node ranges
[    0.016241]   node   0: [mem 0x0000000000001000-0x000000000008efff]
[    0.016243]   node   0: [mem 0x0000000000090000-0x000000000009ffff]
[    0.016244]   node   0: [mem 0x0000000000100000-0x0000000049e76fff]
[    0.016245]   node   0: [mem 0x000000004ae77000-0x000000004b2cefff]
[    0.016246]   node   0: [mem 0x000000004b54e000-0x000000004bd93fff]
[    0.016246]   node   0: [mem 0x000000004be9a000-0x000000004cdfffff]
[    0.016247]   node   0: [mem 0x000000004d000000-0x000000005eefdfff]
[    0.016248]   node   0: [mem 0x000000006f7ff000-0x000000006f7fffff]
[    0.016249]   node   0: [mem 0x0000000100000000-0x000000087fffffff]
[    0.016251]   node   0: [mem 0x0000001000000000-0x000000107fffffff]
[    0.016252]   node   1: [mem 0x0000001080000000-0x000000207fffffff]
[    0.016257] Initmem setup node 0 [mem 0x0000000000001000-0x000000107fffffff]
[    0.016260] Initmem setup node 1 [mem 0x0000001080000000-0x000000207fffffff]
[    0.016262] On node 0, zone DMA: 1 pages in unavailable ranges
[    0.016264] On node 0, zone DMA: 1 pages in unavailable ranges
[    0.016291] On node 0, zone DMA: 96 pages in unavailable ranges
[    0.018094] On node 0, zone DMA32: 4096 pages in unavailable ranges
[    0.018114] On node 0, zone DMA32: 639 pages in unavailable ranges
[    0.018148] On node 0, zone DMA32: 262 pages in unavailable ranges
[    0.018611] On node 0, zone DMA32: 512 pages in unavailable ranges
[    0.018884] On node 0, zone DMA32: 35073 pages in unavailable ranges
[    0.074671] On node 0, zone Normal: 2048 pages in unavailable ranges
[    0.208123] ACPI: PM-Timer IO Port: 0x508
[    0.208146] ACPI: X2APIC_NMI (uid[0xffffffff] high edge lint[0x1])
[    0.208149] ACPI: LAPIC_NMI (acpi_id[0xff] high edge lint[0x1])
[    0.208170] IOAPIC[0]: apic_id 8, version 32, address 0xfec00000, GSI 0-119
[    0.208173] ACPI: INT_SRC_OVR (bus 0 bus_irq 0 global_irq 2 dfl dfl)
[    0.208175] ACPI: INT_SRC_OVR (bus 0 bus_irq 9 global_irq 9 high level)
[    0.208179] ACPI: Using ACPI (MADT) for SMP configuration information
[    0.208181] ACPI: HPET id: 0x8086a701 base: 0xfed00000
[    0.208186] TSC deadline timer available
[    0.208188] smpboot: Allowing 112 CPUs, 0 hotplug CPUs
[    0.208216] PM: hibernation: Registered nosave memory: [mem 0x00000000-0x00000fff]
[    0.208218] PM: hibernation: Registered nosave memory: [mem 0x0008f000-0x0008ffff]
[    0.208220] PM: hibernation: Registered nosave memory: [mem 0x000a0000-0x000fffff]
[    0.208222] PM: hibernation: Registered nosave memory: [mem 0x46cc5000-0x46cc5fff]
[    0.208224] PM: hibernation: Registered nosave memory: [mem 0x46cf6000-0x46cf6fff]
[    0.208225] PM: hibernation: Registered nosave memory: [mem 0x46cf7000-0x46cf7fff]
[    0.208226] PM: hibernation: Registered nosave memory: [mem 0x46d29000-0x46d29fff]
[    0.208227] PM: hibernation: Registered nosave memory: [mem 0x46d2a000-0x46d2afff]
[    0.208229] PM: hibernation: Registered nosave memory: [mem 0x46d5c000-0x46d5cfff]
[    0.208229] PM: hibernation: Registered nosave memory: [mem 0x46d5d000-0x46d5dfff]
[    0.208231] PM: hibernation: Registered nosave memory: [mem 0x46d65000-0x46d65fff]
[    0.208233] PM: hibernation: Registered nosave memory: [mem 0x49e77000-0x4ae76fff]
[    0.208234] PM: hibernation: Registered nosave memory: [mem 0x4b2cf000-0x4b54dfff]
[    0.208236] PM: hibernation: Registered nosave memory: [mem 0x4bd94000-0x4be99fff]
[    0.208238] PM: hibernation: Registered nosave memory: [mem 0x4ce00000-0x4cffffff]
[    0.208239] PM: hibernation: Registered nosave memory: [mem 0x5eefe000-0x6e3fefff]
[    0.208240] PM: hibernation: Registered nosave memory: [mem 0x6e3ff000-0x6f3fefff]
[    0.208241] PM: hibernation: Registered nosave memory: [mem 0x6f3ff000-0x6f7fefff]
[    0.208242] PM: hibernation: Registered nosave memory: [mem 0x6f800000-0x8fffffff]
[    0.208243] PM: hibernation: Registered nosave memory: [mem 0x90000000-0xfdffffff]
[    0.208244] PM: hibernation: Registered nosave memory: [mem 0xfe000000-0xfe010fff]
[    0.208245] PM: hibernation: Registered nosave memory: [mem 0xfe011000-0xffffffff]
[    0.208246] PM: hibernation: Registered nosave memory: [mem 0x880000000-0xfffffffff]
[    0.208248] [mem 0x90000000-0xfdffffff] available for PCI devices
[    0.208250] Booting paravirtualized kernel on bare hardware
[    0.208253] clocksource: refined-jiffies: mask: 0xffffffff max_cycles: 0xffffffff, max_idle_ns: 7645519600211568 ns
[    0.208259] setup_percpu: NR_CPUS:8192 nr_cpumask_bits:112 nr_cpu_ids:112 nr_node_ids:4
[    0.212713] percpu: Embedded 53 pages/cpu s180224 r8192 d28672 u262144
[    0.212725] pcpu-alloc: s180224 r8192 d28672 u262144 alloc=1*2097152
[    0.212728] pcpu-alloc: [0] 000 002 004 006 008 010 012 014 
[    0.212734] pcpu-alloc: [0] 016 018 020 022 024 026 028 030 
[    0.212738] pcpu-alloc: [0] 032 034 036 038 040 042 044 046 
[    0.212743] pcpu-alloc: [0] 048 050 052 054 056 058 060 062 
[    0.212747] pcpu-alloc: [0] 064 066 068 070 072 074 076 078 
[    0.212751] pcpu-alloc: [0] 080 082 084 086 088 090 092 094 
[    0.212755] pcpu-alloc: [0] 096 098 100 102 104 106 108 110 
[    0.212759] pcpu-alloc: [1] 001 003 005 007 009 011 013 015 
[    0.212763] pcpu-alloc: [1] 017 019 021 023 025 027 029 031 
[    0.212768] pcpu-alloc: [1] 033 035 037 039 041 043 045 047 
[    0.212772] pcpu-alloc: [1] 049 051 053 055 057 059 061 063 
[    0.212776] pcpu-alloc: [1] 065 067 069 071 073 075 077 079 
[    0.212780] pcpu-alloc: [1] 081 083 085 087 089 091 093 095 
[    0.212784] pcpu-alloc: [1] 097 099 101 103 105 107 109 111 
[    0.212838] Built 2 zonelists, mobility grouping on.  Total pages: 25148692
[    0.212840] Policy zone: Normal
[    0.212842] Kernel command line: BOOT_IMAGE=/boot/vmlinuz-5.15.0-tiering-0.8 root=UUID=ce0c24b8-724b-4f33-9b2c-618433560aef ro memmap=30G!34G quiet splash nomodeset vt.handoff=1
[    0.212952] You have booted with nomodeset. This means your GPU drivers are DISABLED
[    0.212952] Any video related functionality will be severely degraded, and you may not even be able to suspend the system properly
[    0.212953] Unless you actually understand what nomodeset does, you should reboot without enabling it
[    0.212974] Unknown command line parameters: splash BOOT_IMAGE=/boot/vmlinuz-5.15.0-tiering-0.8
[    0.212976] printk: log_buf_len individual max cpu contribution: 4096 bytes
[    0.212977] printk: log_buf_len total cpu_extra contributions: 454656 bytes
[    0.212977] printk: log_buf_len min size: 262144 bytes
[    0.213962] printk: log_buf_len: 1048576 bytes
[    0.213964] printk: early log buf free: 224040(85%)
[    0.215541] mem auto-init: stack:off, heap alloc:on, heap free:off
[    0.468955] Memory: 99754844K/102196320K available (14345K kernel code, 3484K rwdata, 10288K rodata, 2824K init, 5836K bss, 2441216K reserved, 0K cma-reserved)
[    0.468964] random: get_random_u64 called from __kmem_cache_create+0x2d/0x460 with crng_init=1
[    0.469548] SLUB: HWalign=64, Order=0-3, MinObjects=0, CPUs=112, Nodes=4
[    0.469576] ftrace: allocating 48223 entries in 189 pages
[    0.485765] ftrace: allocated 189 pages with 6 groups
[    0.486447] rcu: Hierarchical RCU implementation.
[    0.486448] rcu: 	RCU restricting CPUs from NR_CPUS=8192 to nr_cpu_ids=112.
[    0.486450] 	Rude variant of Tasks RCU enabled.
[    0.486451] 	Tracing variant of Tasks RCU enabled.
[    0.486451] rcu: RCU calculated value of scheduler-enlistment delay is 25 jiffies.
[    0.486452] rcu: Adjusting geometry for rcu_fanout_leaf=16, nr_cpu_ids=112
[    0.490351] NR_IRQS: 524544, nr_irqs: 2952, preallocated irqs: 16
[    0.490719] random: crng done (trusting CPU's manufacturer)
[    0.490866] Console: colour dummy device 80x25
[    0.490900] printk: console [tty0] enabled
[    0.491077] mempolicy: Enabling automatic NUMA balancing. Configure with numa_balancing= or the kernel.numa_balancing sysctl
[    0.491083] ACPI: Core revision 20210730
[    0.494489] clocksource: hpet: mask: 0xffffffff max_cycles: 0xffffffff, max_idle_ns: 79635855245 ns
[    0.494533] APIC: Switch to symmetric I/O mode setup
[    0.494536] DMAR: Host address width 46
[    0.494536] DMAR: DRHD base: 0x000000d0ffc000 flags: 0x0
[    0.494542] DMAR: dmar0: reg_base_addr d0ffc000 ver 4:0 cap 8ed008c40780466 ecap 60000f050df
[    0.494544] DMAR: DRHD base: 0x000000dbbfc000 flags: 0x0
[    0.494547] DMAR: dmar1: reg_base_addr dbbfc000 ver 4:0 cap 8ed008c40780466 ecap 60000f050df
[    0.494549] DMAR: DRHD base: 0x000000e67fc000 flags: 0x0
[    0.494553] DMAR: dmar2: reg_base_addr e67fc000 ver 4:0 cap 8ed008c40780466 ecap 60000f050df
[    0.494555] DMAR: DRHD base: 0x000000f13fc000 flags: 0x0
[    0.494557] DMAR: dmar3: reg_base_addr f13fc000 ver 4:0 cap 8ed008c40780466 ecap 60000f050df
[    0.494559] DMAR: DRHD base: 0x000000fb7fc000 flags: 0x0
[    0.494562] DMAR: dmar4: reg_base_addr fb7fc000 ver 4:0 cap 8ed008c40780466 ecap 60000f050df
[    0.494564] DMAR: DRHD base: 0x000000a63fc000 flags: 0x0
[    0.494566] DMAR: dmar5: reg_base_addr a63fc000 ver 4:0 cap 8ed008c40780466 ecap 60000f050df
[    0.494568] DMAR: DRHD base: 0x000000b0ffc000 flags: 0x0
[    0.494570] DMAR: dmar6: reg_base_addr b0ffc000 ver 4:0 cap 8ed008c40780466 ecap 60000f050df
[    0.494572] DMAR: DRHD base: 0x000000bbbfc000 flags: 0x0
[    0.494576] DMAR: dmar7: reg_base_addr bbbfc000 ver 4:0 cap 8ed008c40780466 ecap 60000f050df
[    0.494578] DMAR: DRHD base: 0x000000c5ffc000 flags: 0x0
[    0.494580] DMAR: dmar8: reg_base_addr c5ffc000 ver 4:0 cap 8ed008c40780466 ecap 60000f050df
[    0.494582] DMAR: DRHD base: 0x0000009b7fc000 flags: 0x1
[    0.494585] DMAR: dmar9: reg_base_addr 9b7fc000 ver 4:0 cap 8ed008c40780466 ecap 60000f050df
[    0.494587] DMAR: RMRR base: 0x00000069427000 end: 0x00000069429fff
[    0.494588] DMAR: ATSR flags: 0x0
[    0.494591] DMAR-IR: IOAPIC id 8 under DRHD base  0x9b7fc000 IOMMU 9
[    0.494592] DMAR-IR: HPET id 0 under DRHD base 0x9b7fc000
[    0.494594] DMAR-IR: Queued invalidation will be enabled to support x2apic and Intr-remapping.
[    0.497453] DMAR-IR: Enabled IRQ remapping in x2apic mode
[    0.500057] ..TIMER: vector=0x30 apic1=0 pin1=2 apic2=-1 pin2=-1
[    0.518463] clocksource: tsc-early: mask: 0xffffffffffffffff max_cycles: 0x39a85c9bff6, max_idle_ns: 881590591483 ns
[    0.518470] Calibrating delay loop (skipped), value calculated using timer frequency.. 4000.00 BogoMIPS (lpj=8000000)
[    0.518474] pid_max: default: 114688 minimum: 896
[    0.521895] LSM: Security Framework initializing
[    0.521911] Yama: becoming mindful.
[    0.521952] AppArmor: AppArmor initialized
[    0.531105] Dentry cache hash table entries: 8388608 (order: 14, 67108864 bytes, vmalloc)
[    0.535689] Inode-cache hash table entries: 4194304 (order: 13, 33554432 bytes, vmalloc)
[    0.535883] Mount-cache hash table entries: 131072 (order: 8, 1048576 bytes, vmalloc)
[    0.536027] Mountpoint-cache hash table entries: 131072 (order: 8, 1048576 bytes, vmalloc)
[    0.536690] x86/tme: not enabled by BIOS
[    0.536701] CPU0: Thermal monitoring enabled (TM1)
[    0.536703] x86/cpu: User Mode Instruction Prevention (UMIP) activated
[    0.536936] process: using mwait in idle threads
[    0.536938] Last level iTLB entries: 4KB 0, 2MB 0, 4MB 0
[    0.536939] Last level dTLB entries: 4KB 0, 2MB 0, 4MB 0, 1GB 0
[    0.536947] Spectre V1 : Mitigation: usercopy/swapgs barriers and __user pointer sanitization
[    0.536949] Spectre V2 : Mitigation: Enhanced IBRS
[    0.536950] Spectre V2 : Spectre v2 / SpectreRSB mitigation: Filling RSB on context switch
[    0.536951] Spectre V2 : mitigation: Enabling conditional Indirect Branch Prediction Barrier
[    0.536953] Speculative Store Bypass: Mitigation: Speculative Store Bypass disabled via prctl and seccomp
[    0.544031] Freeing SMP alternatives memory: 40K
[    0.546622] smpboot: Estimated ratio of average max frequency by base frequency (times 1024): 1433
[    0.546639] smpboot: CPU0: Intel(R) Xeon(R) Gold 6330 CPU @ 2.00GHz (family: 0x6, model: 0x6a, stepping: 0x6)
[    0.546841] Performance Events: PEBS fmt4+-baseline,  AnyThread deprecated, Icelake events, 32-deep LBR, full-width counters, Intel PMU driver.
[    0.546862] ... version:                5
[    0.546863] ... bit width:              48
[    0.546864] ... generic registers:      8
[    0.546864] ... value mask:             0000ffffffffffff
[    0.546865] ... max period:             00007fffffffffff
[    0.546866] ... fixed-purpose events:   4
[    0.546866] ... event mask:             0001000f000000ff
[    0.547000] rcu: Hierarchical SRCU implementation.
[    0.554107] NMI watchdog: Enabled. Permanently consumes one hw-PMU counter.
[    0.555200] smp: Bringing up secondary CPUs ...
[    0.555311] x86: Booting SMP configuration:
[    0.555312] .... node  #1, CPUs:          #1
[    0.007800] smpboot: CPU 1 Converting physical 0 to logical die 1

[    0.642586] .... node  #0, CPUs:     #2
[    0.647975] .... node  #1, CPUs:     #3
[    0.653438] .... node  #0, CPUs:     #4
[    0.658819] .... node  #1, CPUs:     #5
[    0.664242] .... node  #0, CPUs:     #6
[    0.669820] .... node  #1, CPUs:     #7
[    0.675444] .... node  #0, CPUs:     #8
[    0.680734] .... node  #1, CPUs:     #9
[    0.686572] .... node  #0, CPUs:    #10
[    0.692229] .... node  #1, CPUs:    #11
[    0.698000] .... node  #0, CPUs:    #12
[    0.703517] .... node  #1, CPUs:    #13
[    0.708911] .... node  #0, CPUs:    #14
[    0.714145] .... node  #1, CPUs:    #15
[    0.719499] .... node  #0, CPUs:    #16
[    0.724769] .... node  #1, CPUs:    #17
[    0.730122] .... node  #0, CPUs:    #18
[    0.735369] .... node  #1, CPUs:    #19
[    0.741053] .... node  #0, CPUs:    #20
[    0.746543] .... node  #1, CPUs:    #21
[    0.751940] .... node  #0, CPUs:    #22
[    0.757376] .... node  #1, CPUs:    #23
[    0.762684] .... node  #0, CPUs:    #24
[    0.768318] .... node  #1, CPUs:    #25
[    0.773683] .... node  #0, CPUs:    #26
[    0.778894] .... node  #1, CPUs:    #27
[    0.784257] .... node  #0, CPUs:    #28
[    0.789763] .... node  #1, CPUs:    #29
[    0.795105] .... node  #0, CPUs:    #30
[    0.800337] .... node  #1, CPUs:    #31
[    0.805855] .... node  #0, CPUs:    #32
[    0.811139] .... node  #1, CPUs:    #33
[    0.816543] .... node  #0, CPUs:    #34
[    0.821985] .... node  #1, CPUs:    #35
[    0.827341] .... node  #0, CPUs:    #36
[    0.832551] .... node  #1, CPUs:    #37
[    0.837902] .... node  #0, CPUs:    #38
[    0.843454] .... node  #1, CPUs:    #39
[    0.849016] .... node  #0, CPUs:    #40
[    0.854627] .... node  #1, CPUs:    #41
[    0.860405] .... node  #0, CPUs:    #42
[    0.865717] .... node  #1, CPUs:    #43
[    0.871410] .... node  #0, CPUs:    #44
[    0.876775] .... node  #1, CPUs:    #45
[    0.882477] .... node  #0, CPUs:    #46
[    0.887811] .... node  #1, CPUs:    #47
[    0.893301] .... node  #0, CPUs:    #48
[    0.898634] .... node  #1, CPUs:    #49
[    0.904102] .... node  #0, CPUs:    #50
[    0.909594] .... node  #1, CPUs:    #51
[    0.915279] .... node  #0, CPUs:    #52
[    0.920738] .... node  #1, CPUs:    #53
[    0.926587] .... node  #0, CPUs:    #54
[    0.932079] .... node  #1, CPUs:    #55
[    0.937924] .... node  #0, CPUs:    #56
[    0.944042] .... node  #1, CPUs:    #57
[    0.949974] .... node  #0, CPUs:    #58
[    0.955393] .... node  #1, CPUs:    #59
[    0.960875] .... node  #0, CPUs:    #60
[    0.966537] .... node  #1, CPUs:    #61
[    0.971715] .... node  #0, CPUs:    #62
[    0.977313] .... node  #1, CPUs:    #63
[    0.982954] .... node  #0, CPUs:    #64
[    0.988255] .... node  #1, CPUs:    #65
[    0.994035] .... node  #0, CPUs:    #66
[    0.999781] .... node  #1, CPUs:    #67
[    1.005569] .... node  #0, CPUs:    #68
[    1.011107] .... node  #1, CPUs:    #69
[    1.016520] .... node  #0, CPUs:    #70
[    1.021766] .... node  #1, CPUs:    #71
[    1.027141] .... node  #0, CPUs:    #72
[    1.032446] .... node  #1, CPUs:    #73
[    1.037817] .... node  #0, CPUs:    #74
[    1.043094] .... node  #1, CPUs:    #75
[    1.048793] .... node  #0, CPUs:    #76
[    1.054046] .... node  #1, CPUs:    #77
[    1.059718] .... node  #0, CPUs:    #78
[    1.065174] .... node  #1, CPUs:    #79
[    1.070569] .... node  #0, CPUs:    #80
[    1.076151] .... node  #1, CPUs:    #81
[    1.081536] .... node  #0, CPUs:    #82
[    1.086772] .... node  #1, CPUs:    #83
[    1.092142] .... node  #0, CPUs:    #84
[    1.097663] .... node  #1, CPUs:    #85
[    1.103007] .... node  #0, CPUs:    #86
[    1.108255] .... node  #1, CPUs:    #87
[    1.113787] .... node  #0, CPUs:    #88
[    1.119095] .... node  #1, CPUs:    #89
[    1.124521] .... node  #0, CPUs:    #90
[    1.129973] .... node  #1, CPUs:    #91
[    1.135343] .... node  #0, CPUs:    #92
[    1.140581] .... node  #1, CPUs:    #93
[    1.145952] .... node  #0, CPUs:    #94
[    1.151532] .... node  #1, CPUs:    #95
[    1.157120] .... node  #0, CPUs:    #96
[    1.162749] .... node  #1, CPUs:    #97
[    1.168555] .... node  #0, CPUs:    #98
[    1.173885] .... node  #1, CPUs:    #99
[    1.179591] .... node  #0, CPUs:   #100
[    1.184969] .... node  #1, CPUs:   #101
[    1.190577] .... node  #0, CPUs:   #102
[    1.196047] .... node  #1, CPUs:   #103
[    1.201560] .... node  #0, CPUs:   #104
[    1.206910] .... node  #1, CPUs:   #105
[    1.212400] .... node  #0, CPUs:   #106
[    1.217901] .... node  #1, CPUs:   #107
[    1.223595] .... node  #0, CPUs:   #108
[    1.229071] .... node  #1, CPUs:   #109
[    1.234731] .... node  #0, CPUs:   #110
[    1.240453] .... node  #1, CPUs:   #111
[    1.246486] smp: Brought up 2 nodes, 112 CPUs
[    1.246488] smpboot: Max logical packages: 2
[    1.246490] smpboot: Total of 112 processors activated (448080.02 BogoMIPS)
[    1.256363] devtmpfs: initialized
[    1.256363] x86/mm: Memory block size: 2048MB
[    1.256363] ACPI: PM: Registering ACPI NVS region [mem 0x49e77000-0x4ae76fff] (16777216 bytes)
[    1.256363] ACPI: PM: Registering ACPI NVS region [mem 0x6e3ff000-0x6f3fefff] (16777216 bytes)
[    1.256363] clocksource: jiffies: mask: 0xffffffff max_cycles: 0xffffffff, max_idle_ns: 7645041785100000 ns
[    1.256363] futex hash table entries: 32768 (order: 9, 2097152 bytes, vmalloc)
[    1.256363] pinctrl core: initialized pinctrl subsystem
[    1.256363] PM: RTC time: 09:13:53, date: 2024-04-24
[    1.258530] NET: Registered PF_NETLINK/PF_ROUTE protocol family
[    1.259312] DMA: preallocated 4096 KiB GFP_KERNEL pool for atomic allocations
[    1.259820] DMA: preallocated 4096 KiB GFP_KERNEL|GFP_DMA pool for atomic allocations
[    1.260328] DMA: preallocated 4096 KiB GFP_KERNEL|GFP_DMA32 pool for atomic allocations
[    1.260336] audit: initializing netlink subsys (disabled)
[    1.260344] audit: type=2000 audit(1713950032.764:1): state=initialized audit_enabled=0 res=1
[    1.260344] thermal_sys: Registered thermal governor 'fair_share'
[    1.260344] thermal_sys: Registered thermal governor 'bang_bang'
[    1.260344] thermal_sys: Registered thermal governor 'step_wise'
[    1.260344] thermal_sys: Registered thermal governor 'user_space'
[    1.260344] EISA bus registered
[    1.260344] cpuidle: using governor ladder
[    1.260344] cpuidle: using governor menu
[    1.260344] ACPI FADT declares the system doesn't support PCIe ASPM, so disable it
[    1.260344] ACPI: bus type PCI registered
[    1.260344] acpiphp: ACPI Hot Plug PCI Controller Driver version: 0.5
[    1.260344] PCI: MMCONFIG for domain 0000 [bus 00-ff] at [mem 0x80000000-0x8fffffff] (base 0x80000000)
[    1.260344] PCI: MMCONFIG at [mem 0x80000000-0x8fffffff] reserved in E820
[    1.260344] pmd_set_huge: Cannot satisfy [mem 0x80000000-0x80200000] with a huge-page mapping due to MTRR override.
[    1.260344] PCI: Using configuration type 1 for base access
[    1.260344] PCI: Dell System detected, enabling pci=bfsort.
[    1.263828] ENERGY_PERF_BIAS: Set to 'normal', was 'performance'
[    1.267597] Kprobes globally optimized
[    1.267602] HugeTLB registered 1.00 GiB page size, pre-allocated 0 pages
[    1.267602] HugeTLB registered 2.00 MiB page size, pre-allocated 0 pages
[    1.267602] ACPI: Added _OSI(Module Device)
[    1.267602] ACPI: Added _OSI(Processor Device)
[    1.267602] ACPI: Added _OSI(3.0 _SCP Extensions)
[    1.267602] ACPI: Added _OSI(Processor Aggregator Device)
[    1.267602] ACPI: Added _OSI(Linux-Dell-Video)
[    1.267602] ACPI: Added _OSI(Linux-Lenovo-NV-HDMI-Audio)
[    1.267602] ACPI: Added _OSI(Linux-HPI-Hybrid-Graphics)
[    1.437157] ACPI: 8 ACPI AML tables successfully acquired and loaded
[    1.442742] ACPI: [Firmware Bug]: BIOS _OSI(Linux) query ignored
[    1.451831] ACPI: Dynamic OEM Table Load:
[    1.849254] ACPI: Interpreter enabled
[    1.849275] ACPI: PM: (supports S0 S5)
[    1.849277] ACPI: Using IOAPIC for interrupt routing
[    1.849360] HEST: Table parsing has been initialized.
[    1.849363] PCI: Using host bridge windows from ACPI; if necessary, use "pci=nocrs" and report a bug
[    1.877764] ACPI: Enabled 4 GPEs in block 00 to 7F
[    1.995313] ACPI: PCI Root Bridge [PC00] (domain 0000 [bus 00-15])
[    1.995319] acpi PNP0A08:00: _OSC: OS supports [ExtendedConfig ASPM ClockPM Segments MSI HPX-Type3]
[    2.061647] acpi PNP0A08:00: _OSC: platform does not support [SHPCHotplug AER LTR]
[    2.061865] acpi PNP0A08:00: _OSC: OS now controls [PCIeHotplug PME PCIeCapability]
[    2.061866] acpi PNP0A08:00: FADT indicates ASPM is unsupported, using BIOS configuration
[    2.063688] PCI host bridge to bus 0000:00
[    2.063689] pci_bus 0000:00: root bus resource [io  0x0000-0x0cf7 window]
[    2.063692] pci_bus 0000:00: root bus resource [io  0x1000-0x4fff window]
[    2.063693] pci_bus 0000:00: root bus resource [mem 0x000a0000-0x000bffff window]
[    2.063694] pci_bus 0000:00: root bus resource [mem 0x000c8000-0x000cffff window]
[    2.063695] pci_bus 0000:00: root bus resource [mem 0xfe010000-0xfe010fff window]
[    2.063697] pci_bus 0000:00: root bus resource [mem 0x90000000-0x9b7fffff window]
[    2.063698] pci_bus 0000:00: root bus resource [mem 0x200000000000-0x20ffffffffff window]
[    2.063699] pci_bus 0000:00: root bus resource [bus 00-15]
[    2.065055] pci 0000:00:00.0: [8086:09a2] type 00 class 0x088000
[    2.065832] pci 0000:00:00.1: [8086:09a4] type 00 class 0x088000
[    2.067244] pci 0000:00:00.2: [8086:09a3] type 00 class 0x088000
[    2.068654] pci 0000:00:00.4: [8086:0998] type 00 class 0x060000
[    2.070739] pci 0000:00:02.0: [8086:09a6] type 00 class 0x088000
[    2.070748] pci 0000:00:02.0: reg 0x10: [mem 0x92dfc000-0x92dfdfff]
[    2.072163] pci 0000:00:02.1: [8086:09a7] type 00 class 0x088000
[    2.072172] pci 0000:00:02.1: reg 0x10: [mem 0x92d00000-0x92d7ffff]
[    2.072177] pci 0000:00:02.1: reg 0x14: [mem 0x92c80000-0x92cfffff]
[    2.073588] pci 0000:00:02.4: [8086:3456] type 00 class 0x130000
[    2.073598] pci 0000:00:02.4: reg 0x10: [mem 0x92a00000-0x92afffff 64bit]
[    2.073605] pci 0000:00:02.4: reg 0x18: [mem 0x92df0000-0x92df3fff 64bit]
[    2.073612] pci 0000:00:02.4: reg 0x20: [mem 0x92dc0000-0x92ddffff 64bit]
[    2.075039] pci 0000:00:11.0: [8086:a1ec] type 00 class 0xff0000
[    2.075042] pci 0000:00:11.0: device has non-compliant BARs; disabling IO/MEM decoding
[    2.076474] pci 0000:00:11.5: [8086:a1d2] type 00 class 0x010601
[    2.076487] pci 0000:00:11.5: reg 0x10: [mem 0x92dfa000-0x92dfbfff]
[    2.076494] pci 0000:00:11.5: reg 0x14: [mem 0x92e05000-0x92e050ff]
[    2.076502] pci 0000:00:11.5: reg 0x18: [io  0x2068-0x206f]
[    2.076509] pci 0000:00:11.5: reg 0x1c: [io  0x2074-0x2077]
[    2.076516] pci 0000:00:11.5: reg 0x20: [io  0x2040-0x205f]
[    2.076524] pci 0000:00:11.5: reg 0x24: [mem 0x92b80000-0x92bfffff]
[    2.076561] pci 0000:00:11.5: PME# supported from D3hot
[    2.078109] pci 0000:00:14.0: [8086:a1af] type 00 class 0x0c0330
[    2.078127] pci 0000:00:14.0: reg 0x10: [mem 0x92de0000-0x92deffff 64bit]
[    2.078189] pci 0000:00:14.0: PME# supported from D3hot D3cold
[    2.079759] pci 0000:00:14.2: [8086:a1b1] type 00 class 0x118000
[    2.079776] pci 0000:00:14.2: reg 0x10: [mem 0x92e02000-0x92e02fff 64bit]
[    2.081240] pci 0000:00:16.0: [8086:a1ba] type 00 class 0x078000
[    2.081262] pci 0000:00:16.0: reg 0x10: [mem 0x92e01000-0x92e01fff 64bit]
[    2.081345] pci 0000:00:16.0: PME# supported from D3hot
[    2.082754] pci 0000:00:16.1: [8086:a1bb] type 00 class 0x078000
[    2.082777] pci 0000:00:16.1: reg 0x10: [mem 0x92e00000-0x92e00fff 64bit]
[    2.082859] pci 0000:00:16.1: PME# supported from D3hot
[    2.084265] pci 0000:00:16.4: [8086:a1be] type 00 class 0x078000
[    2.084288] pci 0000:00:16.4: reg 0x10: [mem 0x92dff000-0x92dfffff 64bit]
[    2.084371] pci 0000:00:16.4: PME# supported from D3hot
[    2.085778] pci 0000:00:17.0: [8086:a182] type 00 class 0x010601
[    2.085791] pci 0000:00:17.0: reg 0x10: [mem 0x92df8000-0x92df9fff]
[    2.085798] pci 0000:00:17.0: reg 0x14: [mem 0x92e04000-0x92e040ff]
[    2.085806] pci 0000:00:17.0: reg 0x18: [io  0x2060-0x2067]
[    2.085813] pci 0000:00:17.0: reg 0x1c: [io  0x2070-0x2073]
[    2.085820] pci 0000:00:17.0: reg 0x20: [io  0x2020-0x203f]
[    2.085827] pci 0000:00:17.0: reg 0x24: [mem 0x92b00000-0x92b7ffff]
[    2.085863] pci 0000:00:17.0: PME# supported from D3hot
[    2.087415] pci 0000:00:1c.0: [8086:a190] type 01 class 0x060400
[    2.087489] pci 0000:00:1c.0: PME# supported from D0 D3hot D3cold
[    2.089470] pci 0000:00:1c.4: [8086:a194] type 01 class 0x060400
[    2.089538] pci 0000:00:1c.4: PME# supported from D0 D3hot D3cold
[    2.091493] pci 0000:00:1c.5: [8086:a195] type 01 class 0x060400
[    2.091564] pci 0000:00:1c.5: PME# supported from D0 D3hot D3cold
[    2.093522] pci 0000:00:1f.0: [8086:a1cb] type 00 class 0x060100
[    2.095158] pci 0000:00:1f.2: [8086:a1a1] type 00 class 0x058000
[    2.095173] pci 0000:00:1f.2: reg 0x10: [mem 0x92df4000-0x92df7fff]
[    2.096754] pci 0000:00:1f.4: [8086:a1a3] type 00 class 0x0c0500
[    2.096773] pci 0000:00:1f.4: reg 0x10: [mem 0x92dfe000-0x92dfe0ff 64bit]
[    2.096796] pci 0000:00:1f.4: reg 0x20: [io  0x2000-0x201f]
[    2.098201] pci 0000:00:1f.5: [8086:a1a4] type 00 class 0x0c8000
[    2.098217] pci 0000:00:1f.5: reg 0x10: [mem 0xfe010000-0xfe010fff]
[    2.098340] pci 0000:00:1c.0: PCI bridge to [bus 01]
[    2.098393] pci 0000:02:00.0: [1556:be00] type 01 class 0x060400
[    2.098566] pci 0000:00:1c.4: PCI bridge to [bus 02-03]
[    2.098571] pci 0000:00:1c.4:   bridge window [mem 0x92000000-0x928fffff]
[    2.098575] pci 0000:00:1c.4:   bridge window [mem 0x91000000-0x91ffffff 64bit pref]
[    2.098607] pci_bus 0000:03: extended config space not accessible
[    2.098623] pci 0000:03:00.0: [102b:0536] type 00 class 0x030000
[    2.098642] pci 0000:03:00.0: reg 0x10: [mem 0x91000000-0x91ffffff pref]
[    2.098653] pci 0000:03:00.0: reg 0x14: [mem 0x92808000-0x9280bfff]
[    2.098664] pci 0000:03:00.0: reg 0x18: [mem 0x92000000-0x927fffff]
[    2.098712] pci 0000:03:00.0: BAR 0: assigned to efifb
[    2.098812] pci 0000:02:00.0: PCI bridge to [bus 03]
[    2.098821] pci 0000:02:00.0:   bridge window [mem 0x92000000-0x928fffff]
[    2.098827] pci 0000:02:00.0:   bridge window [mem 0x91000000-0x91ffffff 64bit pref]
[    2.098903] pci 0000:04:00.0: [14e4:165f] type 00 class 0x020000
[    2.098927] pci 0000:04:00.0: reg 0x10: [mem 0x92930000-0x9293ffff 64bit pref]
[    2.098942] pci 0000:04:00.0: reg 0x18: [mem 0x92940000-0x9294ffff 64bit pref]
[    2.098958] pci 0000:04:00.0: reg 0x20: [mem 0x92950000-0x9295ffff 64bit pref]
[    2.098968] pci 0000:04:00.0: reg 0x30: [mem 0xfffc0000-0xffffffff pref]
[    2.099063] pci 0000:04:00.0: PME# supported from D0 D3hot D3cold
[    2.099115] pci 0000:04:00.0: 4.000 Gb/s available PCIe bandwidth, limited by 5.0 GT/s PCIe x1 link at 0000:00:1c.5 (capable of 8.000 Gb/s with 5.0 GT/s PCIe x2 link)
[    2.099660] pci 0000:04:00.1: [14e4:165f] type 00 class 0x020000
[    2.099683] pci 0000:04:00.1: reg 0x10: [mem 0x92900000-0x9290ffff 64bit pref]
[    2.099699] pci 0000:04:00.1: reg 0x18: [mem 0x92910000-0x9291ffff 64bit pref]
[    2.099715] pci 0000:04:00.1: reg 0x20: [mem 0x92920000-0x9292ffff 64bit pref]
[    2.099725] pci 0000:04:00.1: reg 0x30: [mem 0xfffc0000-0xffffffff pref]
[    2.099819] pci 0000:04:00.1: PME# supported from D0 D3hot D3cold
[    2.100371] pci 0000:00:1c.5: PCI bridge to [bus 04]
[    2.100378] pci 0000:00:1c.5:   bridge window [mem 0x92900000-0x929fffff 64bit pref]
[    2.100392] pci_bus 0000:00: on NUMA node 0
[    2.100956] ACPI: PCI Root Bridge [PC01] (domain 0000 [bus 16-2f])
[    2.100960] acpi PNP0A08:01: _OSC: OS supports [ExtendedConfig ASPM ClockPM Segments MSI HPX-Type3]
[    2.115220] acpi PNP0A08:01: _OSC: platform does not support [SHPCHotplug AER]
[    2.115445] acpi PNP0A08:01: _OSC: OS now controls [PCIeHotplug PME PCIeCapability LTR]
[    2.115447] acpi PNP0A08:01: FADT indicates ASPM is unsupported, using BIOS configuration
[    2.115597] PCI host bridge to bus 0000:16
[    2.115598] pci_bus 0000:16: root bus resource [io  0x5000-0x6fff window]
[    2.115600] pci_bus 0000:16: root bus resource [mem 0x9b800000-0xa63fffff window]
[    2.115601] pci_bus 0000:16: root bus resource [mem 0x210000000000-0x21ffffffffff window]
[    2.115603] pci_bus 0000:16: root bus resource [bus 16-2f]
[    2.115619] pci 0000:16:00.0: [8086:09a2] type 00 class 0x088000
[    2.115700] pci 0000:16:00.1: [8086:09a4] type 00 class 0x088000
[    2.115771] pci 0000:16:00.2: [8086:09a3] type 00 class 0x088000
[    2.115841] pci 0000:16:00.4: [8086:0998] type 00 class 0x060000
[    2.115917] pci 0000:16:02.0: [8086:347a] type 01 class 0x060400
[    2.115927] pci 0000:16:02.0: reg 0x10: [mem 0x21fffff00000-0x21fffff1ffff 64bit]
[    2.115965] pci 0000:16:02.0: PME# supported from D0 D3hot D3cold
[    2.116870] pci 0000:17:00.0: [1000:10e2] type 00 class 0x010400
[    2.116882] pci 0000:17:00.0: reg 0x10: [mem 0x9b800000-0x9b8fffff 64bit pref]
[    2.116891] pci 0000:17:00.0: reg 0x18: [mem 0x9b900000-0x9b9fffff 64bit pref]
[    2.116897] pci 0000:17:00.0: reg 0x20: [mem 0x9ba00000-0x9bafffff]
[    2.116903] pci 0000:17:00.0: reg 0x24: [io  0x5000-0x50ff]
[    2.116908] pci 0000:17:00.0: reg 0x30: [mem 0xfff00000-0xffffffff pref]
[    2.117972] pci 0000:17:00.0: supports D1 D2
[    2.118039] pci 0000:16:02.0: PCI bridge to [bus 17]
[    2.118041] pci 0000:16:02.0:   bridge window [io  0x5000-0x5fff]
[    2.118043] pci 0000:16:02.0:   bridge window [mem 0x9ba00000-0x9bafffff]
[    2.118046] pci 0000:16:02.0:   bridge window [mem 0x9b800000-0x9b9fffff 64bit pref]
[    2.118051] pci_bus 0000:16: on NUMA node 0
[    2.118129] ACPI: PCI Root Bridge [PC02] (domain 0000 [bus 30-49])
[    2.118132] acpi PNP0A08:02: _OSC: OS supports [ExtendedConfig ASPM ClockPM Segments MSI HPX-Type3]
[    2.131832] acpi PNP0A08:02: _OSC: platform does not support [SHPCHotplug AER]
[    2.132036] acpi PNP0A08:02: _OSC: OS now controls [PCIeHotplug PME PCIeCapability LTR]
[    2.132037] acpi PNP0A08:02: FADT indicates ASPM is unsupported, using BIOS configuration
[    2.132152] PCI host bridge to bus 0000:30
[    2.132153] pci_bus 0000:30: root bus resource [io  0x7000-0x8fff window]
[    2.132155] pci_bus 0000:30: root bus resource [mem 0xa6400000-0xb0ffffff window]
[    2.132156] pci_bus 0000:30: root bus resource [mem 0x220000000000-0x22ffffffffff window]
[    2.132158] pci_bus 0000:30: root bus resource [bus 30-49]
[    2.132172] pci 0000:30:00.0: [8086:09a2] type 00 class 0x088000
[    2.132246] pci 0000:30:00.1: [8086:09a4] type 00 class 0x088000
[    2.132323] pci 0000:30:00.2: [8086:09a3] type 00 class 0x088000
[    2.132392] pci 0000:30:00.4: [8086:0998] type 00 class 0x060000
[    2.132462] pci_bus 0000:30: on NUMA node 0
[    2.132562] ACPI: PCI Root Bridge [PC04] (domain 0000 [bus 4a-63])
[    2.132564] acpi PNP0A08:04: _OSC: OS supports [ExtendedConfig ASPM ClockPM Segments MSI HPX-Type3]
[    2.146249] acpi PNP0A08:04: _OSC: platform does not support [SHPCHotplug AER]
[    2.146456] acpi PNP0A08:04: _OSC: OS now controls [PCIeHotplug PME PCIeCapability LTR]
[    2.146458] acpi PNP0A08:04: FADT indicates ASPM is unsupported, using BIOS configuration
[    2.146572] PCI host bridge to bus 0000:4a
[    2.146573] pci_bus 0000:4a: root bus resource [io  0x9000-0x9fff window]
[    2.146574] pci_bus 0000:4a: root bus resource [mem 0xb1000000-0xbbbfffff window]
[    2.146576] pci_bus 0000:4a: root bus resource [mem 0x230000000000-0x23ffffffffff window]
[    2.146577] pci_bus 0000:4a: root bus resource [bus 4a-63]
[    2.146591] pci 0000:4a:00.0: [8086:09a2] type 00 class 0x088000
[    2.146661] pci 0000:4a:00.1: [8086:09a4] type 00 class 0x088000
[    2.146730] pci 0000:4a:00.2: [8086:09a3] type 00 class 0x088000
[    2.146798] pci 0000:4a:00.4: [8086:0998] type 00 class 0x060000
[    2.146868] pci_bus 0000:4a: on NUMA node 0
[    2.146938] ACPI: PCI Root Bridge [PC05] (domain 0000 [bus 64-7d])
[    2.146941] acpi PNP0A08:05: _OSC: OS supports [ExtendedConfig ASPM ClockPM Segments MSI HPX-Type3]
[    2.160638] acpi PNP0A08:05: _OSC: platform does not support [SHPCHotplug AER]
[    2.160840] acpi PNP0A08:05: _OSC: OS now controls [PCIeHotplug PME PCIeCapability LTR]
[    2.160841] acpi PNP0A08:05: FADT indicates ASPM is unsupported, using BIOS configuration
[    2.160952] PCI host bridge to bus 0000:64
[    2.160953] pci_bus 0000:64: root bus resource [io  0xa000-0xafff window]
[    2.160954] pci_bus 0000:64: root bus resource [mem 0xbbc00000-0xc5ffffff window]
[    2.160955] pci_bus 0000:64: root bus resource [mem 0x240000000000-0x24ffffffffff window]
[    2.160956] pci_bus 0000:64: root bus resource [bus 64-7d]
[    2.160970] pci 0000:64:00.0: [8086:09a2] type 00 class 0x088000
[    2.161040] pci 0000:64:00.1: [8086:09a4] type 00 class 0x088000
[    2.161112] pci 0000:64:00.2: [8086:09a3] type 00 class 0x088000
[    2.161182] pci 0000:64:00.4: [8086:0998] type 00 class 0x060000
[    2.161252] pci_bus 0000:64: on NUMA node 0
[    2.161317] ACPI: PCI Root Bridge [UC06] (domain 0000 [bus 7e])
[    2.161319] acpi PNP0A03:00: _OSC: OS supports [ExtendedConfig ASPM ClockPM Segments MSI HPX-Type3]
[    2.161485] acpi PNP0A03:00: _OSC: platform does not support [SHPCHotplug AER LTR]
[    2.161657] acpi PNP0A03:00: _OSC: OS now controls [PCIeHotplug PME PCIeCapability]
[    2.161658] acpi PNP0A03:00: FADT indicates ASPM is unsupported, using BIOS configuration
[    2.161781] PCI host bridge to bus 0000:7e
[    2.161782] pci_bus 0000:7e: root bus resource [bus 7e]
[    2.161816] pci 0000:7e:00.0: [8086:3450] type 00 class 0x088000
[    2.161898] pci 0000:7e:00.1: [8086:3451] type 00 class 0x088000
[    2.161988] pci 0000:7e:00.2: [8086:3452] type 00 class 0x088000
[    2.162068] pci 0000:7e:00.3: [8086:0998] type 00 class 0x060000
[    2.162147] pci 0000:7e:00.5: [8086:3455] type 00 class 0x088000
[    2.162246] pci 0000:7e:02.0: [8086:3440] type 00 class 0x088000
[    2.162388] pci 0000:7e:02.1: [8086:3441] type 00 class 0x088000
[    2.162519] pci 0000:7e:02.2: [8086:3442] type 00 class 0x088000
[    2.162662] pci 0000:7e:03.0: [8086:3440] type 00 class 0x088000
[    2.162764] pci 0000:7e:03.1: [8086:3441] type 00 class 0x088000
[    2.162862] pci 0000:7e:03.2: [8086:3442] type 00 class 0x088000
[    2.162967] pci 0000:7e:04.0: [8086:3440] type 00 class 0x088000
[    2.163110] pci 0000:7e:04.1: [8086:3441] type 00 class 0x088000
[    2.163249] pci 0000:7e:04.2: [8086:3442] type 00 class 0x088000
[    2.163394] pci 0000:7e:04.3: [8086:3443] type 00 class 0x088000
[    2.163548] pci 0000:7e:05.0: [8086:3445] type 00 class 0x088000
[    2.163683] pci 0000:7e:05.1: [8086:3446] type 00 class 0x088000
[    2.163819] pci 0000:7e:05.2: [8086:3447] type 00 class 0x088000
[    2.163964] pci 0000:7e:06.0: [8086:3445] type 00 class 0x088000
[    2.164066] pci 0000:7e:06.1: [8086:3446] type 00 class 0x088000
[    2.164166] pci 0000:7e:06.2: [8086:3447] type 00 class 0x088000
[    2.164288] pci 0000:7e:07.0: [8086:3445] type 00 class 0x088000
[    2.164434] pci 0000:7e:07.1: [8086:3446] type 00 class 0x088000
[    2.164578] pci 0000:7e:07.2: [8086:3447] type 00 class 0x088000
[    2.164730] pci 0000:7e:0b.0: [8086:3448] type 00 class 0x088000
[    2.164819] pci 0000:7e:0b.1: [8086:3448] type 00 class 0x088000
[    2.164905] pci 0000:7e:0b.2: [8086:344b] type 00 class 0x088000
[    2.165010] pci 0000:7e:0c.0: [8086:344a] type 00 class 0x110100
[    2.165136] pci 0000:7e:0d.0: [8086:344a] type 00 class 0x110100
[    2.165244] pci 0000:7e:0e.0: [8086:344a] type 00 class 0x110100
[    2.165419] pci 0000:7e:0f.0: [8086:344a] type 00 class 0x110100
[    2.165610] pci 0000:7e:1a.0: [8086:2880] type 00 class 0x110100
[    2.165731] pci 0000:7e:1b.0: [8086:2880] type 00 class 0x110100
[    2.165840] pci 0000:7e:1c.0: [8086:2880] type 00 class 0x110100
[    2.166015] pci 0000:7e:1d.0: [8086:2880] type 00 class 0x110100
[    2.166173] pci_bus 0000:7e: on NUMA node 0
[    2.166249] ACPI: PCI Root Bridge [UC07] (domain 0000 [bus 7f])
[    2.166252] acpi PNP0A03:01: _OSC: OS supports [ExtendedConfig ASPM ClockPM Segments MSI HPX-Type3]
[    2.166422] acpi PNP0A03:01: _OSC: platform does not support [SHPCHotplug AER LTR]
[    2.166593] acpi PNP0A03:01: _OSC: OS now controls [PCIeHotplug PME PCIeCapability]
[    2.166594] acpi PNP0A03:01: FADT indicates ASPM is unsupported, using BIOS configuration
[    2.166733] PCI host bridge to bus 0000:7f
[    2.166734] pci_bus 0000:7f: root bus resource [bus 7f]
[    2.166775] pci 0000:7f:00.0: [8086:344c] type 00 class 0x088000
[    2.166908] pci 0000:7f:00.1: [8086:344c] type 00 class 0x088000
[    2.167044] pci 0000:7f:00.2: [8086:344c] type 00 class 0x088000
[    2.167188] pci 0000:7f:00.3: [8086:344c] type 00 class 0x088000
[    2.167303] pci 0000:7f:00.4: [8086:344c] type 00 class 0x088000
[    2.167449] pci 0000:7f:00.5: [8086:344c] type 00 class 0x088000
[    2.167590] pci 0000:7f:00.6: [8086:344c] type 00 class 0x088000
[    2.167692] pci 0000:7f:00.7: [8086:344c] type 00 class 0x088000
[    2.167814] pci 0000:7f:01.0: [8086:344c] type 00 class 0x088000
[    2.167966] pci 0000:7f:01.1: [8086:344c] type 00 class 0x088000
[    2.168113] pci 0000:7f:01.2: [8086:344c] type 00 class 0x088000
[    2.168223] pci 0000:7f:01.3: [8086:344c] type 00 class 0x088000
[    2.168380] pci 0000:7f:01.4: [8086:344c] type 00 class 0x088000
[    2.168538] pci 0000:7f:01.5: [8086:344c] type 00 class 0x088000
[    2.168699] pci 0000:7f:01.6: [8086:344c] type 00 class 0x088000
[    2.168844] pci 0000:7f:01.7: [8086:344c] type 00 class 0x088000
[    2.169012] pci 0000:7f:02.0: [8086:344c] type 00 class 0x088000
[    2.169166] pci 0000:7f:02.1: [8086:344c] type 00 class 0x088000
[    2.169322] pci 0000:7f:02.2: [8086:344c] type 00 class 0x088000
[    2.169485] pci 0000:7f:02.3: [8086:344c] type 00 class 0x088000
[    2.169650] pci 0000:7f:02.4: [8086:344c] type 00 class 0x088000
[    2.169811] pci 0000:7f:02.5: [8086:344c] type 00 class 0x088000
[    2.169974] pci 0000:7f:02.6: [8086:344c] type 00 class 0x088000
[    2.170146] pci 0000:7f:02.7: [8086:344c] type 00 class 0x088000
[    2.170333] pci 0000:7f:03.0: [8086:344c] type 00 class 0x088000
[    2.170503] pci 0000:7f:03.1: [8086:344c] type 00 class 0x088000
[    2.170680] pci 0000:7f:03.2: [8086:344c] type 00 class 0x088000
[    2.170861] pci 0000:7f:03.3: [8086:344c] type 00 class 0x088000
[    2.171059] pci 0000:7f:0a.0: [8086:344d] type 00 class 0x088000
[    2.171182] pci 0000:7f:0a.1: [8086:344d] type 00 class 0x088000
[    2.171318] pci 0000:7f:0a.2: [8086:344d] type 00 class 0x088000
[    2.171455] pci 0000:7f:0a.3: [8086:344d] type 00 class 0x088000
[    2.171570] pci 0000:7f:0a.4: [8086:344d] type 00 class 0x088000
[    2.171716] pci 0000:7f:0a.5: [8086:344d] type 00 class 0x088000
[    2.171858] pci 0000:7f:0a.6: [8086:344d] type 00 class 0x088000
[    2.171966] pci 0000:7f:0a.7: [8086:344d] type 00 class 0x088000
[    2.172088] pci 0000:7f:0b.0: [8086:344d] type 00 class 0x088000
[    2.172246] pci 0000:7f:0b.1: [8086:344d] type 00 class 0x088000
[    2.172393] pci 0000:7f:0b.2: [8086:344d] type 00 class 0x088000
[    2.172497] pci 0000:7f:0b.3: [8086:344d] type 00 class 0x088000
[    2.172654] pci 0000:7f:0b.4: [8086:344d] type 00 class 0x088000
[    2.172812] pci 0000:7f:0b.5: [8086:344d] type 00 class 0x088000
[    2.172973] pci 0000:7f:0b.6: [8086:344d] type 00 class 0x088000
[    2.173124] pci 0000:7f:0b.7: [8086:344d] type 00 class 0x088000
[    2.173293] pci 0000:7f:0c.0: [8086:344d] type 00 class 0x088000
[    2.173448] pci 0000:7f:0c.1: [8086:344d] type 00 class 0x088000
[    2.173605] pci 0000:7f:0c.2: [8086:344d] type 00 class 0x088000
[    2.173763] pci 0000:7f:0c.3: [8086:344d] type 00 class 0x088000
[    2.173929] pci 0000:7f:0c.4: [8086:344d] type 00 class 0x088000
[    2.174090] pci 0000:7f:0c.5: [8086:344d] type 00 class 0x088000
[    2.174253] pci 0000:7f:0c.6: [8086:344d] type 00 class 0x088000
[    2.174432] pci 0000:7f:0c.7: [8086:344d] type 00 class 0x088000
[    2.174618] pci 0000:7f:0d.0: [8086:344d] type 00 class 0x088000
[    2.174788] pci 0000:7f:0d.1: [8086:344d] type 00 class 0x088000
[    2.174965] pci 0000:7f:0d.2: [8086:344d] type 00 class 0x088000
[    2.175141] pci 0000:7f:0d.3: [8086:344d] type 00 class 0x088000
[    2.175348] pci 0000:7f:1d.0: [8086:344f] type 00 class 0x088000
[    2.175480] pci 0000:7f:1d.1: [8086:3457] type 00 class 0x088000
[    2.175626] pci 0000:7f:1e.0: [8086:3458] type 00 class 0x088000
[    2.175721] pci 0000:7f:1e.1: [8086:3459] type 00 class 0x088000
[    2.175810] pci 0000:7f:1e.2: [8086:345a] type 00 class 0x088000
[    2.175899] pci 0000:7f:1e.3: [8086:345b] type 00 class 0x088000
[    2.175986] pci 0000:7f:1e.4: [8086:345c] type 00 class 0x088000
[    2.176073] pci 0000:7f:1e.5: [8086:345d] type 00 class 0x088000
[    2.176161] pci 0000:7f:1e.6: [8086:345e] type 00 class 0x088000
[    2.176248] pci 0000:7f:1e.7: [8086:345f] type 00 class 0x088000
[    2.176322] pci_bus 0000:7f: on NUMA node 0
[    2.176418] ACPI: PCI Root Bridge [PC06] (domain 0000 [bus 80])
[    2.176420] acpi PNP0A08:06: _OSC: OS supports [ExtendedConfig ASPM ClockPM Segments MSI HPX-Type3]
[    2.190122] acpi PNP0A08:06: _OSC: platform does not support [SHPCHotplug AER]
[    2.190325] acpi PNP0A08:06: _OSC: OS now controls [PCIeHotplug PME PCIeCapability LTR]
[    2.190326] acpi PNP0A08:06: FADT indicates ASPM is unsupported, using BIOS configuration
[    2.190465] PCI host bridge to bus 0000:80
[    2.190466] pci_bus 0000:80: root bus resource [io  0xb000-0xbfff window]
[    2.190468] pci_bus 0000:80: root bus resource [mem 0xc6800000-0xd0ffffff window]
[    2.190469] pci_bus 0000:80: root bus resource [mem 0x250000000000-0x25ffffffffff window]
[    2.190470] pci_bus 0000:80: root bus resource [bus 80]
[    2.190502] pci 0000:80:00.0: [8086:09a2] type 00 class 0x088000
[    2.190596] pci 0000:80:00.1: [8086:09a4] type 00 class 0x088000
[    2.190685] pci 0000:80:00.2: [8086:09a3] type 00 class 0x088000
[    2.190774] pci 0000:80:00.4: [8086:0998] type 00 class 0x060000
[    2.190863] pci 0000:80:02.0: [8086:09a6] type 00 class 0x088000
[    2.190872] pci 0000:80:02.0: reg 0x10: [mem 0xc6aa4000-0xc6aa5fff]
[    2.190950] pci 0000:80:02.1: [8086:09a7] type 00 class 0x088000
[    2.190959] pci 0000:80:02.1: reg 0x10: [mem 0xc6a00000-0xc6a7ffff]
[    2.190964] pci 0000:80:02.1: reg 0x14: [mem 0xc6980000-0xc69fffff]
[    2.191051] pci 0000:80:02.4: [8086:3456] type 00 class 0x130000
[    2.191062] pci 0000:80:02.4: reg 0x10: [mem 0xc6800000-0xc68fffff 64bit]
[    2.191069] pci 0000:80:02.4: reg 0x18: [mem 0xc6aa0000-0xc6aa3fff 64bit]
[    2.191076] pci 0000:80:02.4: reg 0x20: [mem 0xc6a80000-0xc6a9ffff 64bit]
[    2.191138] pci_bus 0000:80: on NUMA node 1
[    2.191214] ACPI: PCI Root Bridge [PC07] (domain 0000 [bus 81])
[    2.191217] acpi PNP0A08:07: _OSC: OS supports [ExtendedConfig ASPM ClockPM Segments MSI HPX-Type3]
[    2.204909] acpi PNP0A08:07: _OSC: platform does not support [SHPCHotplug AER]
[    2.205112] acpi PNP0A08:07: _OSC: OS now controls [PCIeHotplug PME PCIeCapability LTR]
[    2.205113] acpi PNP0A08:07: FADT indicates ASPM is unsupported, using BIOS configuration
[    2.205227] PCI host bridge to bus 0000:81
[    2.205228] pci_bus 0000:81: root bus resource [io  0xc000-0xcfff window]
[    2.205229] pci_bus 0000:81: root bus resource [mem 0xd1000000-0xdbbfffff window]
[    2.205230] pci_bus 0000:81: root bus resource [mem 0x260000000000-0x26ffffffffff window]
[    2.205232] pci_bus 0000:81: root bus resource [bus 81]
[    2.205246] pci 0000:81:00.0: [8086:09a2] type 00 class 0x088000
[    2.205322] pci 0000:81:00.1: [8086:09a4] type 00 class 0x088000
[    2.205401] pci 0000:81:00.2: [8086:09a3] type 00 class 0x088000
[    2.205476] pci 0000:81:00.4: [8086:0998] type 00 class 0x060000
[    2.205562] pci_bus 0000:81: on NUMA node 1
[    2.205634] ACPI: PCI Root Bridge [PC08] (domain 0000 [bus 82])
[    2.205636] acpi PNP0A08:08: _OSC: OS supports [ExtendedConfig ASPM ClockPM Segments MSI HPX-Type3]
[    2.219421] acpi PNP0A08:08: _OSC: platform does not support [SHPCHotplug AER]
[    2.219625] acpi PNP0A08:08: _OSC: OS now controls [PCIeHotplug PME PCIeCapability LTR]
[    2.219626] acpi PNP0A08:08: FADT indicates ASPM is unsupported, using BIOS configuration
[    2.219737] PCI host bridge to bus 0000:82
[    2.219738] pci_bus 0000:82: root bus resource [io  0xd000-0xdfff window]
[    2.219740] pci_bus 0000:82: root bus resource [mem 0xdbc00000-0xe67fffff window]
[    2.219741] pci_bus 0000:82: root bus resource [mem 0x270000000000-0x27ffffffffff window]
[    2.219742] pci_bus 0000:82: root bus resource [bus 82]
[    2.219757] pci 0000:82:00.0: [8086:09a2] type 00 class 0x088000
[    2.219833] pci 0000:82:00.1: [8086:09a4] type 00 class 0x088000
[    2.219908] pci 0000:82:00.2: [8086:09a3] type 00 class 0x088000
[    2.219982] pci 0000:82:00.4: [8086:0998] type 00 class 0x060000
[    2.220062] pci_bus 0000:82: on NUMA node 1
[    2.220159] ACPI: PCI Root Bridge [PC10] (domain 0000 [bus 83-f9])
[    2.220162] acpi PNP0A08:0a: _OSC: OS supports [ExtendedConfig ASPM ClockPM Segments MSI HPX-Type3]
[    2.233889] acpi PNP0A08:0a: _OSC: platform does not support [SHPCHotplug AER]
[    2.234092] acpi PNP0A08:0a: _OSC: OS now controls [PCIeHotplug PME PCIeCapability LTR]
[    2.234093] acpi PNP0A08:0a: FADT indicates ASPM is unsupported, using BIOS configuration
[    2.234213] PCI host bridge to bus 0000:83
[    2.234214] pci_bus 0000:83: root bus resource [io  0xe000-0xefff window]
[    2.234216] pci_bus 0000:83: root bus resource [mem 0xe6800000-0xf13fffff window]
[    2.234217] pci_bus 0000:83: root bus resource [mem 0x280000000000-0x28ffffffffff window]
[    2.234218] pci_bus 0000:83: root bus resource [bus 83-f9]
[    2.234233] pci 0000:83:00.0: [8086:09a2] type 00 class 0x088000
[    2.234312] pci 0000:83:00.1: [8086:09a4] type 00 class 0x088000
[    2.234394] pci 0000:83:00.2: [8086:09a3] type 00 class 0x088000
[    2.234471] pci 0000:83:00.4: [8086:0998] type 00 class 0x060000
[    2.234552] pci_bus 0000:83: on NUMA node 1
[    2.234623] ACPI: PCI Root Bridge [PC11] (domain 0000 [bus fa])
[    2.234625] acpi PNP0A08:0b: _OSC: OS supports [ExtendedConfig ASPM ClockPM Segments MSI HPX-Type3]
[    2.248299] acpi PNP0A08:0b: _OSC: platform does not support [SHPCHotplug AER]
[    2.248501] acpi PNP0A08:0b: _OSC: OS now controls [PCIeHotplug PME PCIeCapability LTR]
[    2.248502] acpi PNP0A08:0b: FADT indicates ASPM is unsupported, using BIOS configuration
[    2.248612] PCI host bridge to bus 0000:fa
[    2.248613] pci_bus 0000:fa: root bus resource [io  0xf000-0xffff window]
[    2.248615] pci_bus 0000:fa: root bus resource [mem 0xf1400000-0xfb7fffff window]
[    2.248616] pci_bus 0000:fa: root bus resource [mem 0x290000000000-0x29ffffffffff window]
[    2.248617] pci_bus 0000:fa: root bus resource [bus fa]
[    2.248632] pci 0000:fa:00.0: [8086:09a2] type 00 class 0x088000
[    2.248708] pci 0000:fa:00.1: [8086:09a4] type 00 class 0x088000
[    2.248784] pci 0000:fa:00.2: [8086:09a3] type 00 class 0x088000
[    2.248860] pci 0000:fa:00.4: [8086:0998] type 00 class 0x060000
[    2.248940] pci_bus 0000:fa: on NUMA node 1
[    2.249003] ACPI: PCI Root Bridge [UC16] (domain 0000 [bus fe])
[    2.249006] acpi PNP0A03:02: _OSC: OS supports [ExtendedConfig ASPM ClockPM Segments MSI HPX-Type3]
[    2.249171] acpi PNP0A03:02: _OSC: platform does not support [SHPCHotplug AER LTR]
[    2.249342] acpi PNP0A03:02: _OSC: OS now controls [PCIeHotplug PME PCIeCapability]
[    2.249343] acpi PNP0A03:02: FADT indicates ASPM is unsupported, using BIOS configuration
[    2.249465] PCI host bridge to bus 0000:fe
[    2.249467] pci_bus 0000:fe: root bus resource [bus fe]
[    2.249499] pci 0000:fe:00.0: [8086:3450] type 00 class 0x088000
[    2.249584] pci 0000:fe:00.1: [8086:3451] type 00 class 0x088000
[    2.249669] pci 0000:fe:00.2: [8086:3452] type 00 class 0x088000
[    2.249750] pci 0000:fe:00.3: [8086:0998] type 00 class 0x060000
[    2.249832] pci 0000:fe:00.5: [8086:3455] type 00 class 0x088000
[    2.249933] pci 0000:fe:02.0: [8086:3440] type 00 class 0x088000
[    2.250075] pci 0000:fe:02.1: [8086:3441] type 00 class 0x088000
[    2.250210] pci 0000:fe:02.2: [8086:3442] type 00 class 0x088000
[    2.250358] pci 0000:fe:03.0: [8086:3440] type 00 class 0x088000
[    2.250465] pci 0000:fe:03.1: [8086:3441] type 00 class 0x088000
[    2.250570] pci 0000:fe:03.2: [8086:3442] type 00 class 0x088000
[    2.250680] pci 0000:fe:04.0: [8086:3440] type 00 class 0x088000
[    2.250825] pci 0000:fe:04.1: [8086:3441] type 00 class 0x088000
[    2.250967] pci 0000:fe:04.2: [8086:3442] type 00 class 0x088000
[    2.251109] pci 0000:fe:04.3: [8086:3443] type 00 class 0x088000
[    2.251266] pci 0000:fe:05.0: [8086:3445] type 00 class 0x088000
[    2.251409] pci 0000:fe:05.1: [8086:3446] type 00 class 0x088000
[    2.251549] pci 0000:fe:05.2: [8086:3447] type 00 class 0x088000
[    2.251701] pci 0000:fe:06.0: [8086:3445] type 00 class 0x088000
[    2.251807] pci 0000:fe:06.1: [8086:3446] type 00 class 0x088000
[    2.251910] pci 0000:fe:06.2: [8086:3447] type 00 class 0x088000
[    2.252035] pci 0000:fe:07.0: [8086:3445] type 00 class 0x088000
[    2.252183] pci 0000:fe:07.1: [8086:3446] type 00 class 0x088000
[    2.252328] pci 0000:fe:07.2: [8086:3447] type 00 class 0x088000
[    2.252482] pci 0000:fe:0b.0: [8086:3448] type 00 class 0x088000
[    2.252572] pci 0000:fe:0b.1: [8086:3448] type 00 class 0x088000
[    2.252663] pci 0000:fe:0b.2: [8086:344b] type 00 class 0x088000
[    2.252769] pci 0000:fe:0c.0: [8086:344a] type 00 class 0x110100
[    2.252897] pci 0000:fe:0d.0: [8086:344a] type 00 class 0x110100
[    2.253012] pci 0000:fe:0e.0: [8086:344a] type 00 class 0x110100
[    2.253185] pci 0000:fe:0f.0: [8086:344a] type 00 class 0x110100
[    2.253379] pci 0000:fe:1a.0: [8086:2880] type 00 class 0x110100
[    2.253506] pci 0000:fe:1b.0: [8086:2880] type 00 class 0x110100
[    2.253618] pci 0000:fe:1c.0: [8086:2880] type 00 class 0x110100
[    2.253800] pci 0000:fe:1d.0: [8086:2880] type 00 class 0x110100
[    2.253961] pci_bus 0000:fe: on NUMA node 1
[    2.254038] ACPI: PCI Root Bridge [UC17] (domain 0000 [bus ff])
[    2.254040] acpi PNP0A03:03: _OSC: OS supports [ExtendedConfig ASPM ClockPM Segments MSI HPX-Type3]
[    2.254207] acpi PNP0A03:03: _OSC: platform does not support [SHPCHotplug AER LTR]
[    2.254381] acpi PNP0A03:03: _OSC: OS now controls [PCIeHotplug PME PCIeCapability]
[    2.254382] acpi PNP0A03:03: FADT indicates ASPM is unsupported, using BIOS configuration
[    2.254519] PCI host bridge to bus 0000:ff
[    2.254520] pci_bus 0000:ff: root bus resource [bus ff]
[    2.254562] pci 0000:ff:00.0: [8086:344c] type 00 class 0x088000
[    2.254697] pci 0000:ff:00.1: [8086:344c] type 00 class 0x088000
[    2.254835] pci 0000:ff:00.2: [8086:344c] type 00 class 0x088000
[    2.254961] pci 0000:ff:00.3: [8086:344c] type 00 class 0x088000
[    2.255108] pci 0000:ff:00.4: [8086:344c] type 00 class 0x088000
[    2.255250] pci 0000:ff:00.5: [8086:344c] type 00 class 0x088000
[    2.255370] pci 0000:ff:00.6: [8086:344c] type 00 class 0x088000
[    2.255528] pci 0000:ff:00.7: [8086:344c] type 00 class 0x088000
[    2.255693] pci 0000:ff:01.0: [8086:344c] type 00 class 0x088000
[    2.255853] pci 0000:ff:01.1: [8086:344c] type 00 class 0x088000
[    2.256003] pci 0000:ff:01.2: [8086:344c] type 00 class 0x088000
[    2.256114] pci 0000:ff:01.3: [8086:344c] type 00 class 0x088000
[    2.256276] pci 0000:ff:01.4: [8086:344c] type 00 class 0x088000
[    2.256438] pci 0000:ff:01.5: [8086:344c] type 00 class 0x088000
[    2.256608] pci 0000:ff:01.6: [8086:344c] type 00 class 0x088000
[    2.256766] pci 0000:ff:01.7: [8086:344c] type 00 class 0x088000
[    2.256939] pci 0000:ff:02.0: [8086:344c] type 00 class 0x088000
[    2.257098] pci 0000:ff:02.1: [8086:344c] type 00 class 0x088000
[    2.257255] pci 0000:ff:02.2: [8086:344c] type 00 class 0x088000
[    2.257419] pci 0000:ff:02.3: [8086:344c] type 00 class 0x088000
[    2.257581] pci 0000:ff:02.4: [8086:344c] type 00 class 0x088000
[    2.257745] pci 0000:ff:02.5: [8086:344c] type 00 class 0x088000
[    2.257915] pci 0000:ff:02.6: [8086:344c] type 00 class 0x088000
[    2.258097] pci 0000:ff:02.7: [8086:344c] type 00 class 0x088000
[    2.258289] pci 0000:ff:03.0: [8086:344c] type 00 class 0x088000
[    2.258470] pci 0000:ff:03.1: [8086:344c] type 00 class 0x088000
[    2.258646] pci 0000:ff:03.2: [8086:344c] type 00 class 0x088000
[    2.258830] pci 0000:ff:03.3: [8086:344c] type 00 class 0x088000
[    2.259035] pci 0000:ff:0a.0: [8086:344d] type 00 class 0x088000
[    2.259163] pci 0000:ff:0a.1: [8086:344d] type 00 class 0x088000
[    2.259301] pci 0000:ff:0a.2: [8086:344d] type 00 class 0x088000
[    2.259434] pci 0000:ff:0a.3: [8086:344d] type 00 class 0x088000
[    2.259580] pci 0000:ff:0a.4: [8086:344d] type 00 class 0x088000
[    2.259723] pci 0000:ff:0a.5: [8086:344d] type 00 class 0x088000
[    2.259843] pci 0000:ff:0a.6: [8086:344d] type 00 class 0x088000
[    2.259995] pci 0000:ff:0a.7: [8086:344d] type 00 class 0x088000
[    2.260161] pci 0000:ff:0b.0: [8086:344d] type 00 class 0x088000
[    2.260319] pci 0000:ff:0b.1: [8086:344d] type 00 class 0x088000
[    2.260469] pci 0000:ff:0b.2: [8086:344d] type 00 class 0x088000
[    2.260584] pci 0000:ff:0b.3: [8086:344d] type 00 class 0x088000
[    2.260746] pci 0000:ff:0b.4: [8086:344d] type 00 class 0x088000
[    2.260909] pci 0000:ff:0b.5: [8086:344d] type 00 class 0x088000
[    2.261076] pci 0000:ff:0b.6: [8086:344d] type 00 class 0x088000
[    2.261228] pci 0000:ff:0b.7: [8086:344d] type 00 class 0x088000
[    2.261400] pci 0000:ff:0c.0: [8086:344d] type 00 class 0x088000
[    2.261561] pci 0000:ff:0c.1: [8086:344d] type 00 class 0x088000
[    2.261719] pci 0000:ff:0c.2: [8086:344d] type 00 class 0x088000
[    2.261887] pci 0000:ff:0c.3: [8086:344d] type 00 class 0x088000
[    2.262049] pci 0000:ff:0c.4: [8086:344d] type 00 class 0x088000
[    2.262213] pci 0000:ff:0c.5: [8086:344d] type 00 class 0x088000
[    2.262384] pci 0000:ff:0c.6: [8086:344d] type 00 class 0x088000
[    2.262552] pci 0000:ff:0c.7: [8086:344d] type 00 class 0x088000
[    2.262744] pci 0000:ff:0d.0: [8086:344d] type 00 class 0x088000
[    2.262923] pci 0000:ff:0d.1: [8086:344d] type 00 class 0x088000
[    2.263097] pci 0000:ff:0d.2: [8086:344d] type 00 class 0x088000
[    2.263286] pci 0000:ff:0d.3: [8086:344d] type 00 class 0x088000
[    2.263500] pci 0000:ff:1d.0: [8086:344f] type 00 class 0x088000
[    2.263638] pci 0000:ff:1d.1: [8086:3457] type 00 class 0x088000
[    2.263788] pci 0000:ff:1e.0: [8086:3458] type 00 class 0x088000
[    2.263885] pci 0000:ff:1e.1: [8086:3459] type 00 class 0x088000
[    2.263977] pci 0000:ff:1e.2: [8086:345a] type 00 class 0x088000
[    2.264067] pci 0000:ff:1e.3: [8086:345b] type 00 class 0x088000
[    2.264158] pci 0000:ff:1e.4: [8086:345c] type 00 class 0x088000
[    2.264253] pci 0000:ff:1e.5: [8086:345d] type 00 class 0x088000
[    2.264343] pci 0000:ff:1e.6: [8086:345e] type 00 class 0x088000
[    2.264433] pci 0000:ff:1e.7: [8086:345f] type 00 class 0x088000
[    2.264507] pci_bus 0000:ff: on NUMA node 1
[    2.266488] iommu: Default domain type: Translated 
[    2.266488] iommu: DMA domain TLB invalidation policy: lazy mode 
[    2.266490] pci 0000:03:00.0: vgaarb: setting as boot VGA device
[    2.266490] pci 0000:03:00.0: vgaarb: VGA device added: decodes=io+mem,owns=io+mem,locks=none
[    2.266531] pci 0000:03:00.0: vgaarb: bridge control possible
[    2.266532] vgaarb: loaded
[    2.266724] SCSI subsystem initialized
[    2.266760] libata version 3.00 loaded.
[    2.266760] ACPI: bus type USB registered
[    2.266760] usbcore: registered new interface driver usbfs
[    2.266760] usbcore: registered new interface driver hub
[    2.266760] usbcore: registered new device driver usb
[    2.266760] pps_core: LinuxPPS API ver. 1 registered
[    2.266760] pps_core: Software ver. 5.3.6 - Copyright 2005-2007 Rodolfo Giometti <giometti@linux.it>
[    2.266760] PTP clock support registered
[    2.266760] EDAC MC: Ver: 3.0.0
[    2.270502] Registered efivars operations
[    2.270641] NetLabel: Initializing
[    2.270642] NetLabel:  domain hash size = 128
[    2.270643] NetLabel:  protocols = UNLABELED CIPSOv4 CALIPSO
[    2.270658] NetLabel:  unlabeled traffic allowed by default
[    2.270668] PCI: Using ACPI for IRQ routing
[    2.270668] PCI: pci_cache_line_size set to 64 bytes
[    2.271043] e820: reserve RAM buffer [mem 0x0008f000-0x0008ffff]
[    2.271045] e820: reserve RAM buffer [mem 0x46cc5020-0x47ffffff]
[    2.271046] e820: reserve RAM buffer [mem 0x46cf7020-0x47ffffff]
[    2.271047] e820: reserve RAM buffer [mem 0x46d2a020-0x47ffffff]
[    2.271048] e820: reserve RAM buffer [mem 0x46d5d020-0x47ffffff]
[    2.271049] e820: reserve RAM buffer [mem 0x49e77000-0x4bffffff]
[    2.271050] e820: reserve RAM buffer [mem 0x4b2cf000-0x4bffffff]
[    2.271051] e820: reserve RAM buffer [mem 0x4bd94000-0x4bffffff]
[    2.271052] e820: reserve RAM buffer [mem 0x4ce00000-0x4fffffff]
[    2.271053] e820: reserve RAM buffer [mem 0x5eefe000-0x5fffffff]
[    2.271053] e820: reserve RAM buffer [mem 0x6f800000-0x6fffffff]
[    2.275752] hpet0: at MMIO 0xfed00000, IRQs 2, 8, 0, 0, 0, 0, 0, 0
[    2.275759] hpet0: 8 comparators, 64-bit 24.000000 MHz counter
[    2.278469] clocksource: Switched to clocksource tsc-early
[    2.287186] VFS: Disk quotas dquot_6.6.0
[    2.287224] VFS: Dquot-cache hash table entries: 512 (order 0, 4096 bytes)
[    2.287372] AppArmor: AppArmor Filesystem Enabled
[    2.287392] pnp: PnP ACPI init
[    2.302636] system 00:01: [io  0x0500-0x05fe] has been reserved
[    2.302639] system 00:01: [io  0x0400-0x041f] has been reserved
[    2.302641] system 00:01: [io  0x0600-0x061f] has been reserved
[    2.302643] system 00:01: [io  0x0ca0-0x0ca1] has been reserved
[    2.302644] system 00:01: [io  0x0ca4-0x0ca6] has been reserved
[    2.302646] system 00:01: [mem 0xff000000-0xffffffff] has been reserved
[    2.303232] system 00:04: [mem 0xfd000000-0xfdabffff] has been reserved
[    2.303235] system 00:04: [mem 0xfdad0000-0xfdadffff] has been reserved
[    2.303236] system 00:04: [mem 0xfdb00000-0xfdffffff] has been reserved
[    2.303237] system 00:04: [mem 0xfe000000-0xfe00ffff] has been reserved
[    2.303239] system 00:04: [mem 0xfe011000-0xfe01ffff] has been reserved
[    2.303240] system 00:04: [mem 0xfe036000-0xfe03bfff] has been reserved
[    2.303241] system 00:04: [mem 0xfe03d000-0xfe3fffff] has been reserved
[    2.303243] system 00:04: [mem 0xfe410000-0xfe7fffff] has been reserved
[    2.303565] system 00:05: [io  0x1000-0x10fe] has been reserved
[    2.304539] pnp: PnP ACPI: found 6 devices
[    2.310133] clocksource: acpi_pm: mask: 0xffffff max_cycles: 0xffffff, max_idle_ns: 2085701024 ns
[    2.310213] NET: Registered PF_INET protocol family
[    2.310566] IP idents hash table entries: 262144 (order: 9, 2097152 bytes, vmalloc)
[    2.312836] tcp_listen_portaddr_hash hash table entries: 65536 (order: 8, 1048576 bytes, vmalloc)
[    2.313584] TCP established hash table entries: 524288 (order: 10, 4194304 bytes, vmalloc)
[    2.314220] TCP bind hash table entries: 65536 (order: 8, 1048576 bytes, vmalloc)
[    2.314282] TCP: Hash tables configured (established 524288 bind 65536)
[    2.314740] UDP hash table entries: 65536 (order: 9, 2097152 bytes, vmalloc)
[    2.315248] UDP-Lite hash table entries: 65536 (order: 9, 2097152 bytes, vmalloc)
[    2.315619] NET: Registered PF_UNIX/PF_LOCAL protocol family
[    2.315626] NET: Registered PF_XDP protocol family
[    2.315633] pci 0000:04:00.0: can't claim BAR 6 [mem 0xfffc0000-0xffffffff pref]: no compatible bridge window
[    2.315636] pci 0000:04:00.1: can't claim BAR 6 [mem 0xfffc0000-0xffffffff pref]: no compatible bridge window
[    2.315637] pci 0000:17:00.0: can't claim BAR 6 [mem 0xfff00000-0xffffffff pref]: no compatible bridge window
[    2.315654] pci 0000:00:1c.5: BAR 14: assigned [mem 0x90000000-0x900fffff]
[    2.315657] pci 0000:00:1c.0: PCI bridge to [bus 01]
[    2.315666] pci 0000:02:00.0: PCI bridge to [bus 03]
[    2.315671] pci 0000:02:00.0:   bridge window [mem 0x92000000-0x928fffff]
[    2.315674] pci 0000:02:00.0:   bridge window [mem 0x91000000-0x91ffffff 64bit pref]
[    2.315680] pci 0000:00:1c.4: PCI bridge to [bus 02-03]
[    2.315684] pci 0000:00:1c.4:   bridge window [mem 0x92000000-0x928fffff]
[    2.315687] pci 0000:00:1c.4:   bridge window [mem 0x91000000-0x91ffffff 64bit pref]
[    2.315692] pci 0000:04:00.0: BAR 6: assigned [mem 0x90000000-0x9003ffff pref]
[    2.315693] pci 0000:04:00.1: BAR 6: assigned [mem 0x90040000-0x9007ffff pref]
[    2.315695] pci 0000:00:1c.5: PCI bridge to [bus 04]
[    2.315698] pci 0000:00:1c.5:   bridge window [mem 0x90000000-0x900fffff]
[    2.315700] pci 0000:00:1c.5:   bridge window [mem 0x92900000-0x929fffff 64bit pref]
[    2.315705] pci_bus 0000:00: resource 4 [io  0x0000-0x0cf7 window]
[    2.315706] pci_bus 0000:00: resource 5 [io  0x1000-0x4fff window]
[    2.315708] pci_bus 0000:00: resource 6 [mem 0x000a0000-0x000bffff window]
[    2.315709] pci_bus 0000:00: resource 7 [mem 0x000c8000-0x000cffff window]
[    2.315710] pci_bus 0000:00: resource 8 [mem 0xfe010000-0xfe010fff window]
[    2.315711] pci_bus 0000:00: resource 9 [mem 0x90000000-0x9b7fffff window]
[    2.315712] pci_bus 0000:00: resource 10 [mem 0x200000000000-0x20ffffffffff window]
[    2.315714] pci_bus 0000:02: resource 1 [mem 0x92000000-0x928fffff]
[    2.315715] pci_bus 0000:02: resource 2 [mem 0x91000000-0x91ffffff 64bit pref]
[    2.315716] pci_bus 0000:03: resource 1 [mem 0x92000000-0x928fffff]
[    2.315717] pci_bus 0000:03: resource 2 [mem 0x91000000-0x91ffffff 64bit pref]
[    2.315718] pci_bus 0000:04: resource 1 [mem 0x90000000-0x900fffff]
[    2.315719] pci_bus 0000:04: resource 2 [mem 0x92900000-0x929fffff 64bit pref]
[    2.315788] pci 0000:17:00.0: BAR 6: no space for [mem size 0x00100000 pref]
[    2.315790] pci 0000:17:00.0: BAR 6: failed to assign [mem size 0x00100000 pref]
[    2.315791] pci 0000:16:02.0: PCI bridge to [bus 17]
[    2.315793] pci 0000:16:02.0:   bridge window [io  0x5000-0x5fff]
[    2.315796] pci 0000:16:02.0:   bridge window [mem 0x9ba00000-0x9bafffff]
[    2.315798] pci 0000:16:02.0:   bridge window [mem 0x9b800000-0x9b9fffff 64bit pref]
[    2.315801] pci_bus 0000:16: resource 4 [io  0x5000-0x6fff window]
[    2.315802] pci_bus 0000:16: resource 5 [mem 0x9b800000-0xa63fffff window]
[    2.315804] pci_bus 0000:16: resource 6 [mem 0x210000000000-0x21ffffffffff window]
[    2.315805] pci_bus 0000:17: resource 0 [io  0x5000-0x5fff]
[    2.315806] pci_bus 0000:17: resource 1 [mem 0x9ba00000-0x9bafffff]
[    2.315807] pci_bus 0000:17: resource 2 [mem 0x9b800000-0x9b9fffff 64bit pref]
[    2.315814] pci_bus 0000:30: resource 4 [io  0x7000-0x8fff window]
[    2.315815] pci_bus 0000:30: resource 5 [mem 0xa6400000-0xb0ffffff window]
[    2.315816] pci_bus 0000:30: resource 6 [mem 0x220000000000-0x22ffffffffff window]
[    2.315822] pci_bus 0000:4a: resource 4 [io  0x9000-0x9fff window]
[    2.315823] pci_bus 0000:4a: resource 5 [mem 0xb1000000-0xbbbfffff window]
[    2.315824] pci_bus 0000:4a: resource 6 [mem 0x230000000000-0x23ffffffffff window]
[    2.315830] pci_bus 0000:64: resource 4 [io  0xa000-0xafff window]
[    2.315831] pci_bus 0000:64: resource 5 [mem 0xbbc00000-0xc5ffffff window]
[    2.315832] pci_bus 0000:64: resource 6 [mem 0x240000000000-0x24ffffffffff window]
[    2.315862] pci_bus 0000:80: resource 4 [io  0xb000-0xbfff window]
[    2.315863] pci_bus 0000:80: resource 5 [mem 0xc6800000-0xd0ffffff window]
[    2.315864] pci_bus 0000:80: resource 6 [mem 0x250000000000-0x25ffffffffff window]
[    2.315870] pci_bus 0000:81: resource 4 [io  0xc000-0xcfff window]
[    2.315872] pci_bus 0000:81: resource 5 [mem 0xd1000000-0xdbbfffff window]
[    2.315873] pci_bus 0000:81: resource 6 [mem 0x260000000000-0x26ffffffffff window]
[    2.315878] pci_bus 0000:82: resource 4 [io  0xd000-0xdfff window]
[    2.315879] pci_bus 0000:82: resource 5 [mem 0xdbc00000-0xe67fffff window]
[    2.315880] pci_bus 0000:82: resource 6 [mem 0x270000000000-0x27ffffffffff window]
[    2.315886] pci_bus 0000:83: resource 4 [io  0xe000-0xefff window]
[    2.315887] pci_bus 0000:83: resource 5 [mem 0xe6800000-0xf13fffff window]
