pgmigrate_success 23380613
pgmigrate_fail 52801
thp_fault_alloc 0
thp_fault_fallback 0
thp_collapse_alloc 0
thp_collapse_alloc_failed 0
thp_file_alloc 0
thp_file_mapped 0
thp_split_page 0
thp_split_page_failed 0
thp_deferred_split_page 0
thp_split_pmd 0
thp_split_pud 0
thp_zero_page_alloc 0
thp_zero_page_alloc_failed 0
thp_swpout 0
thp_swpout_fallback 0
MemTotal:       576289992 kB
MemFree:        556116772 kB
MemAvailable:   555087144 kB
Buffers:           62388 kB
Cached:           545732 kB
SwapCached:            0 kB
Active:           114612 kB
Inactive:         915620 kB
Active(anon):      42824 kB
Inactive(anon):   545600 kB
Active(file):      71788 kB
Inactive(file):   370020 kB
Unevictable:           0 kB
Mlocked:               0 kB
SwapTotal:       2097148 kB
SwapFree:        2097148 kB
Dirty:             27484 kB
Writeback:             0 kB
AnonPages:        583948 kB
Mapped:           359088 kB
Shmem:              6164 kB
KReclaimable:     288940 kB
Slab:             672048 kB
SReclaimable:     288940 kB
SUnreclaim:       383108 kB
KernelStack:       31952 kB
PageTables:        28020 kB
NFS_Unstable:          0 kB
Bounce:                0 kB
WritebackTmp:          0 kB
CommitLimit:    290242144 kB
Committed_AS:    6291104 kB
VmallocTotal:   34359738367 kB
VmallocUsed:      156888 kB
VmallocChunk:          0 kB
Percpu:           118272 kB
HardwareCorrupted:     0 kB
AnonHugePages:         0 kB
ShmemHugePages:        0 kB
ShmemPmdMapped:        0 kB
CmaTotal:              0 kB
CmaFree:               0 kB
HugePages_Total:       0
HugePages_Free:        0
HugePages_Rsvd:        0
HugePages_Surp:        0
Hugepagesize:       2048 kB
Hugetlb:               0 kB
DirectMap4k:      919016 kB
DirectMap2M:     7954432 kB
DirectMap1G:    1182793728 kB
pgmigrate_success 27667256
pgmigrate_fail 53360
thp_fault_alloc 0
thp_fault_fallback 0
thp_collapse_alloc 0
thp_collapse_alloc_failed 0
thp_file_alloc 0
thp_file_mapped 0
thp_split_page 0
thp_split_page_failed 0
thp_deferred_split_page 0
thp_split_pmd 0
thp_split_pud 0
thp_zero_page_alloc 0
thp_zero_page_alloc_failed 0
thp_swpout 0
thp_swpout_fallback 0
MemTotal:       576289992 kB
MemFree:        534284000 kB
MemAvailable:   554619276 kB
Buffers:           58184 kB
Cached:         22353912 kB
SwapCached:            0 kB
Active:         16101780 kB
Inactive:        6731692 kB
Active(anon):      41152 kB
Inactive(anon):   554236 kB
Active(file):   16060628 kB
Inactive(file):  6177456 kB
Unevictable:           0 kB
Mlocked:               0 kB
SwapTotal:       2097148 kB
SwapFree:        2097148 kB
Dirty:                20 kB
Writeback:             0 kB
AnonPages:        589608 kB
Mapped:           359020 kB
Shmem:              6164 kB
KReclaimable:     304860 kB
Slab:             689800 kB
SReclaimable:     304860 kB
SUnreclaim:       384940 kB
KernelStack:       31744 kB
PageTables:        28748 kB
NFS_Unstable:          0 kB
Bounce:                0 kB
WritebackTmp:          0 kB
CommitLimit:    290242144 kB
Committed_AS:    6382104 kB
VmallocTotal:   34359738367 kB
VmallocUsed:      156832 kB
VmallocChunk:          0 kB
Percpu:           118272 kB
HardwareCorrupted:     0 kB
AnonHugePages:         0 kB
ShmemHugePages:        0 kB
ShmemPmdMapped:        0 kB
CmaTotal:              0 kB
CmaFree:               0 kB
HugePages_Total:       0
HugePages_Free:        0
HugePages_Rsvd:        0
HugePages_Surp:        0
Hugepagesize:       2048 kB
Hugetlb:               0 kB
DirectMap4k:      919016 kB
DirectMap2M:     7954432 kB
DirectMap1G:    1182793728 kB
