pgmigrate_success 5020
pgmigrate_fail 13925
thp_fault_alloc 0
thp_fault_fallback 0
thp_collapse_alloc 0
thp_collapse_alloc_failed 0
thp_file_alloc 0
thp_file_mapped 0
thp_split_page 0
thp_split_page_failed 0
thp_deferred_split_page 0
thp_split_pmd 0
thp_split_pud 0
thp_zero_page_alloc 0
thp_zero_page_alloc_failed 0
thp_swpout 0
thp_swpout_fallback 0
MemTotal:       576289992 kB
MemFree:        556416024 kB
MemAvailable:   555333560 kB
Buffers:            8708 kB
Cached:           362036 kB
SwapCached:            0 kB
Active:           466628 kB
Inactive:         468732 kB
Active(anon):     269352 kB
Inactive(anon):   310180 kB
Active(file):     197276 kB
Inactive(file):   158552 kB
Unevictable:           0 kB
Mlocked:               0 kB
SwapTotal:       2097148 kB
SwapFree:        2097148 kB
Dirty:               148 kB
Writeback:             0 kB
AnonPages:        573720 kB
Mapped:           358676 kB
Shmem:              6164 kB
KReclaimable:     269248 kB
Slab:             642152 kB
SReclaimable:     269248 kB
SUnreclaim:       372904 kB
KernelStack:       31520 kB
PageTables:        27616 kB
NFS_Unstable:          0 kB
Bounce:                0 kB
WritebackTmp:          0 kB
CommitLimit:    290242144 kB
Committed_AS:    6413124 kB
VmallocTotal:   34359738367 kB
VmallocUsed:      156744 kB
VmallocChunk:          0 kB
Percpu:           118272 kB
HardwareCorrupted:     0 kB
AnonHugePages:         0 kB
ShmemHugePages:        0 kB
ShmemPmdMapped:        0 kB
CmaTotal:              0 kB
CmaFree:               0 kB
HugePages_Total:       0
HugePages_Free:        0
HugePages_Rsvd:        0
HugePages_Surp:        0
Hugepagesize:       2048 kB
Hugetlb:               0 kB
DirectMap4k:      919016 kB
DirectMap2M:     7954432 kB
DirectMap1G:    1182793728 kB
pgmigrate_success 23381077
pgmigrate_fail 52801
thp_fault_alloc 0
thp_fault_fallback 0
thp_collapse_alloc 0
thp_collapse_alloc_failed 0
thp_file_alloc 0
thp_file_mapped 0
thp_split_page 0
thp_split_page_failed 0
thp_deferred_split_page 0
thp_split_pmd 0
thp_split_pud 0
thp_zero_page_alloc 0
thp_zero_page_alloc_failed 0
thp_swpout 0
thp_swpout_fallback 0
MemTotal:       576289992 kB
MemFree:        556364100 kB
MemAvailable:   555207944 kB
Buffers:            6080 kB
Cached:           389144 kB
SwapCached:            0 kB
Active:            71704 kB
Inactive:         741816 kB
Active(anon):      44604 kB
Inactive(anon):   543476 kB
Active(file):      27100 kB
Inactive(file):   198340 kB
Unevictable:           0 kB
Mlocked:               0 kB
SwapTotal:       2097148 kB
SwapFree:        2097148 kB
Dirty:             27484 kB
Writeback:             0 kB
AnonPages:        583516 kB
Mapped:           358624 kB
Shmem:              6164 kB
KReclaimable:     252256 kB
Slab:             635380 kB
SReclaimable:     252256 kB
SUnreclaim:       383124 kB
KernelStack:       31920 kB
PageTables:        27880 kB
NFS_Unstable:          0 kB
Bounce:                0 kB
WritebackTmp:          0 kB
CommitLimit:    290242144 kB
Committed_AS:    6312200 kB
VmallocTotal:   34359738367 kB
VmallocUsed:      156840 kB
VmallocChunk:          0 kB
Percpu:           118272 kB
HardwareCorrupted:     0 kB
AnonHugePages:         0 kB
ShmemHugePages:        0 kB
ShmemPmdMapped:        0 kB
CmaTotal:              0 kB
CmaFree:               0 kB
HugePages_Total:       0
HugePages_Free:        0
HugePages_Rsvd:        0
HugePages_Surp:        0
Hugepagesize:       2048 kB
Hugetlb:               0 kB
DirectMap4k:      919016 kB
DirectMap2M:     7954432 kB
DirectMap1G:    1182793728 kB
