2024年 05月 18日 星期六 18:34:15 CST
pgmigrate_success 1062770
pgmigrate_fail 463878
pgmigrate_dst_node_full_fail 437248
pgmigrate_numa_isolate_fail 0
pgmigrate_nomem_fail 1
pgmigrate_refcount_fail 0
thp_fault_alloc 60599
thp_fault_fallback 0
thp_collapse_alloc 14
thp_collapse_alloc_failed 0
thp_file_alloc 0
thp_file_mapped 0
thp_split_page 0
thp_split_page_failed 0
thp_deferred_split_page 62574
thp_split_pmd 0
thp_split_pud 0
thp_zero_page_alloc 10
thp_zero_page_alloc_failed 0
thp_swpout 0
thp_swpout_fallback 0
MemTotal:       1118366044 kB
MemFree:        1087764220 kB
MemAvailable:   1085457960 kB
Buffers:            6956 kB
Cached:           378376 kB
SwapCached:         1104 kB
Active:           485764 kB
Inactive:         474200 kB
Active(anon):     245780 kB
Inactive(anon):   335104 kB
Active(file):     239984 kB
Inactive(file):   139096 kB
Unevictable:           0 kB
Mlocked:               0 kB
SwapTotal:       2097148 kB
SwapFree:        2091004 kB
Dirty:               800 kB
Writeback:             0 kB
AnonPages:        574608 kB
Mapped:           373748 kB
Shmem:              5652 kB
KReclaimable:     228532 kB
Slab:             602956 kB
SReclaimable:     228532 kB
SUnreclaim:       374424 kB
KernelStack:       33072 kB
PageTables:        27760 kB
NFS_Unstable:          0 kB
Bounce:                0 kB
WritebackTmp:          0 kB
CommitLimit:    561280168 kB
Committed_AS:    6383676 kB
VmallocTotal:   34359738367 kB
VmallocUsed:      158468 kB
VmallocChunk:          0 kB
Percpu:           123648 kB
HardwareCorrupted:     0 kB
AnonHugePages:     16384 kB
ShmemHugePages:        0 kB
ShmemPmdMapped:        0 kB
CmaTotal:              0 kB
CmaFree:               0 kB
HugePages_Total:       0
HugePages_Free:        0
HugePages_Rsvd:        0
HugePages_Surp:        0
Hugepagesize:       2048 kB
Hugetlb:               0 kB
DirectMap4k:     1089000 kB
DirectMap2M:     9881600 kB
DirectMap1G:    1178599424 kB
2024年 05月 18日 星期六 18:36:26 CST
pgmigrate_success 2062986
pgmigrate_fail 1055239
pgmigrate_dst_node_full_fail 977920
pgmigrate_numa_isolate_fail 0
pgmigrate_nomem_fail 2
pgmigrate_refcount_fail 0
thp_fault_alloc 121196
thp_fault_fallback 0
thp_collapse_alloc 22
thp_collapse_alloc_failed 0
thp_file_alloc 0
thp_file_mapped 0
thp_split_page 0
thp_split_page_failed 0
thp_deferred_split_page 125111
thp_split_pmd 0
thp_split_pud 0
thp_zero_page_alloc 20
thp_zero_page_alloc_failed 0
thp_swpout 0
thp_swpout_fallback 0
MemTotal:       1118366044 kB
MemFree:        1076347324 kB
MemAvailable:   1084381580 kB
Buffers:            9636 kB
Cached:         11742368 kB
SwapCached:         1112 kB
Active:           453712 kB
Inactive:       11865940 kB
Active(anon):     228940 kB
Inactive(anon):   344440 kB
Active(file):     224772 kB
Inactive(file): 11521500 kB
Unevictable:           0 kB
Mlocked:               0 kB
SwapTotal:       2097148 kB
SwapFree:        2083324 kB
Dirty:                 0 kB
Writeback:             0 kB
AnonPages:        568168 kB
Mapped:           304764 kB
Shmem:              5380 kB
KReclaimable:     303104 kB
Slab:             678168 kB
SReclaimable:     303104 kB
SUnreclaim:       375064 kB
KernelStack:       33408 kB
PageTables:        28008 kB
NFS_Unstable:          0 kB
Bounce:                0 kB
WritebackTmp:          0 kB
CommitLimit:    561280168 kB
Committed_AS:    6330248 kB
VmallocTotal:   34359738367 kB
VmallocUsed:      158468 kB
VmallocChunk:          0 kB
Percpu:           123648 kB
HardwareCorrupted:     0 kB
AnonHugePages:         0 kB
ShmemHugePages:        0 kB
ShmemPmdMapped:        0 kB
CmaTotal:              0 kB
CmaFree:               0 kB
HugePages_Total:       0
HugePages_Free:        0
HugePages_Rsvd:        0
HugePages_Surp:        0
Hugepagesize:       2048 kB
Hugetlb:               0 kB
DirectMap4k:     1089000 kB
DirectMap2M:     9881600 kB
DirectMap1G:    1178599424 kB
