pgmigrate_success 6042271
pgmigrate_fail 3047733
thp_fault_alloc 0
thp_fault_fallback 0
thp_collapse_alloc 0
thp_collapse_alloc_failed 0
thp_file_alloc 0
thp_file_mapped 0
thp_split_page 0
thp_split_page_failed 0
thp_deferred_split_page 0
thp_split_pmd 0
thp_split_pud 0
thp_zero_page_alloc 0
thp_zero_page_alloc_failed 0
thp_swpout 0
thp_swpout_fallback 0
MemTotal:       550761688 kB
MemFree:        528848548 kB
MemAvailable:   527788208 kB
Buffers:           82804 kB
Cached:          1355652 kB
SwapCached:           12 kB
Active:           103000 kB
Inactive:         991332 kB
Active(anon):      47800 kB
Inactive(anon):   991332 kB
Active(file):      55200 kB
Inactive(file):        0 kB
Unevictable:           0 kB
Mlocked:               0 kB
SwapTotal:       2097148 kB
SwapFree:        2096892 kB
Dirty:            131228 kB
Writeback:             0 kB
AnonPages:       1035732 kB
Mapped:           565392 kB
Shmem:              6208 kB
KReclaimable:     312576 kB
Slab:             728124 kB
SReclaimable:     312576 kB
SUnreclaim:       415548 kB
KernelStack:       32240 kB
PageTables:        35308 kB
NFS_Unstable:          0 kB
Bounce:                0 kB
WritebackTmp:          0 kB
CommitLimit:    277477992 kB
Committed_AS:    6487460 kB
VmallocTotal:   34359738367 kB
VmallocUsed:      103444 kB
VmallocChunk:          0 kB
Percpu:           119168 kB
HardwareCorrupted:     0 kB
AnonHugePages:         0 kB
ShmemHugePages:        0 kB
ShmemPmdMapped:        0 kB
CmaTotal:              0 kB
CmaFree:               0 kB
HugePages_Total:       0
HugePages_Free:        0
HugePages_Rsvd:        0
HugePages_Surp:        0
Hugepagesize:       2048 kB
Hugetlb:               0 kB
DirectMap4k:      916968 kB
DirectMap2M:     7956480 kB
DirectMap1G:    1182793728 kB
pgmigrate_success 14827692
pgmigrate_fail 5459264
thp_fault_alloc 0
thp_fault_fallback 0
thp_collapse_alloc 0
thp_collapse_alloc_failed 0
thp_file_alloc 0
thp_file_mapped 0
thp_split_page 0
thp_split_page_failed 0
thp_deferred_split_page 0
thp_split_pmd 0
thp_split_pud 0
thp_zero_page_alloc 0
thp_zero_page_alloc_failed 0
thp_swpout 0
thp_swpout_fallback 0
MemTotal:       550761688 kB
MemFree:        528214880 kB
MemAvailable:   527163040 kB
Buffers:           73540 kB
Cached:          1920448 kB
SwapCached:           20 kB
Active:            55500 kB
Inactive:        1016140 kB
Active(anon):      26192 kB
Inactive(anon):  1016140 kB
Active(file):      29308 kB
Inactive(file):        0 kB
Unevictable:           0 kB
Mlocked:               0 kB
SwapTotal:       2097148 kB
SwapFree:        2096124 kB
Dirty:             38344 kB
Writeback:             0 kB
AnonPages:       1037596 kB
Mapped:           715080 kB
Shmem:              6208 kB
KReclaimable:     355460 kB
Slab:             780596 kB
SReclaimable:     355460 kB
SUnreclaim:       425136 kB
KernelStack:       32112 kB
PageTables:        35624 kB
NFS_Unstable:          0 kB
Bounce:                0 kB
WritebackTmp:          0 kB
CommitLimit:    277477992 kB
Committed_AS:    6505940 kB
VmallocTotal:   34359738367 kB
VmallocUsed:      103572 kB
VmallocChunk:          0 kB
Percpu:           119168 kB
HardwareCorrupted:     0 kB
AnonHugePages:         0 kB
ShmemHugePages:        0 kB
ShmemPmdMapped:        0 kB
CmaTotal:              0 kB
CmaFree:               0 kB
HugePages_Total:       0
HugePages_Free:        0
HugePages_Rsvd:        0
HugePages_Surp:        0
Hugepagesize:       2048 kB
Hugetlb:               0 kB
DirectMap4k:      916968 kB
DirectMap2M:     7956480 kB
DirectMap1G:    1182793728 kB
