pgmigrate_success 34210
pgmigrate_fail 329
thp_fault_alloc 0
thp_fault_fallback 0
thp_collapse_alloc 0
thp_collapse_alloc_failed 0
thp_file_alloc 0
thp_file_mapped 0
thp_split_page 0
thp_split_page_failed 0
thp_deferred_split_page 0
thp_split_pmd 0
thp_split_pud 0
thp_zero_page_alloc 0
thp_zero_page_alloc_failed 0
thp_swpout 0
thp_swpout_fallback 0
MemTotal:       550761688 kB
MemFree:        529938800 kB
MemAvailable:   529062404 kB
Buffers:            6388 kB
Cached:           404684 kB
SwapCached:            0 kB
Active:          1038228 kB
Inactive:         382924 kB
Active(anon):     967820 kB
Inactive(anon):    48320 kB
Active(file):      70408 kB
Inactive(file):   334604 kB
Unevictable:           0 kB
Mlocked:               0 kB
SwapTotal:       2097148 kB
SwapFree:        2097148 kB
Dirty:               260 kB
Writeback:             0 kB
AnonPages:       1010496 kB
Mapped:           401440 kB
Shmem:              6208 kB
KReclaimable:     330644 kB
Slab:             714480 kB
SReclaimable:     330644 kB
SUnreclaim:       383836 kB
KernelStack:       31780 kB
PageTables:        34412 kB
NFS_Unstable:          0 kB
Bounce:                0 kB
WritebackTmp:          0 kB
CommitLimit:    277477992 kB
Committed_AS:    6641084 kB
VmallocTotal:   34359738367 kB
VmallocUsed:      103276 kB
VmallocChunk:          0 kB
Percpu:           119168 kB
HardwareCorrupted:     0 kB
AnonHugePages:         0 kB
ShmemHugePages:        0 kB
ShmemPmdMapped:        0 kB
CmaTotal:              0 kB
CmaFree:               0 kB
HugePages_Total:       0
HugePages_Free:        0
HugePages_Rsvd:        0
HugePages_Surp:        0
Hugepagesize:       2048 kB
Hugetlb:               0 kB
DirectMap4k:      916968 kB
DirectMap2M:     7956480 kB
DirectMap1G:    1182793728 kB
pgmigrate_success 6052838
pgmigrate_fail 3048095
thp_fault_alloc 0
thp_fault_fallback 0
thp_collapse_alloc 0
thp_collapse_alloc_failed 0
thp_file_alloc 0
thp_file_mapped 0
thp_split_page 0
thp_split_page_failed 0
thp_deferred_split_page 0
thp_split_pmd 0
thp_split_pud 0
thp_zero_page_alloc 0
thp_zero_page_alloc_failed 0
thp_swpout 0
thp_swpout_fallback 0
MemTotal:       550761688 kB
MemFree:        529876776 kB
MemAvailable:   528789904 kB
Buffers:            5784 kB
Cached:           405656 kB
SwapCached:            8 kB
Active:            54816 kB
Inactive:         985896 kB
Active(anon):      41652 kB
Inactive(anon):   985896 kB
Active(file):      13164 kB
Inactive(file):        0 kB
Unevictable:           0 kB
Mlocked:               0 kB
SwapTotal:       2097148 kB
SwapFree:        2096892 kB
Dirty:                96 kB
Writeback:             0 kB
AnonPages:       1022872 kB
Mapped:           401612 kB
Shmem:              6208 kB
KReclaimable:     301540 kB
Slab:             718952 kB
SReclaimable:     301540 kB
SUnreclaim:       417412 kB
KernelStack:       31760 kB
PageTables:        34576 kB
NFS_Unstable:          0 kB
Bounce:                0 kB
WritebackTmp:          0 kB
CommitLimit:    277477992 kB
Committed_AS:    6496112 kB
VmallocTotal:   34359738367 kB
VmallocUsed:      103332 kB
VmallocChunk:          0 kB
Percpu:           119168 kB
HardwareCorrupted:     0 kB
AnonHugePages:         0 kB
ShmemHugePages:        0 kB
ShmemPmdMapped:        0 kB
CmaTotal:              0 kB
CmaFree:               0 kB
HugePages_Total:       0
HugePages_Free:        0
HugePages_Rsvd:        0
HugePages_Surp:        0
Hugepagesize:       2048 kB
Hugetlb:               0 kB
DirectMap4k:      916968 kB
DirectMap2M:     7956480 kB
DirectMap1G:    1182793728 kB
