pgmigrate_success 368070
pgmigrate_fail 20969
thp_fault_alloc 0
thp_fault_fallback 0
thp_collapse_alloc 0
thp_collapse_alloc_failed 0
thp_file_alloc 0
thp_file_mapped 0
thp_split_page 0
thp_split_page_failed 0
thp_deferred_split_page 0
thp_split_pmd 0
thp_split_pud 0
thp_zero_page_alloc 0
thp_zero_page_alloc_failed 0
thp_swpout 0
thp_swpout_fallback 0
MemTotal:       561495248 kB
MemFree:        550553172 kB
MemAvailable:   549497276 kB
Buffers:            7120 kB
Cached:           383184 kB
SwapCached:            0 kB
Active:           651840 kB
Inactive:         689388 kB
Active(anon):     604524 kB
Inactive(anon):   505304 kB
Active(file):      47316 kB
Inactive(file):   184084 kB
Unevictable:           0 kB
Mlocked:               0 kB
SwapTotal:       2097148 kB
SwapFree:        2097148 kB
Dirty:               180 kB
Writeback:             0 kB
AnonPages:       1104204 kB
Mapped:           379252 kB
Shmem:              6200 kB
KReclaimable:     272060 kB
Slab:             678792 kB
SReclaimable:     272060 kB
SUnreclaim:       406732 kB
KernelStack:       31936 kB
PageTables:        35616 kB
NFS_Unstable:          0 kB
Bounce:                0 kB
WritebackTmp:          0 kB
CommitLimit:    282844772 kB
Committed_AS:    6658036 kB
VmallocTotal:   34359738367 kB
VmallocUsed:      156916 kB
VmallocChunk:          0 kB
Percpu:           118272 kB
HardwareCorrupted:     0 kB
AnonHugePages:         0 kB
ShmemHugePages:        0 kB
ShmemPmdMapped:        0 kB
CmaTotal:              0 kB
CmaFree:               0 kB
HugePages_Total:       0
HugePages_Free:        0
HugePages_Rsvd:        0
HugePages_Surp:        0
Hugepagesize:       2048 kB
Hugetlb:               0 kB
DirectMap4k:     1103336 kB
DirectMap2M:     8474624 kB
DirectMap1G:    555745280 kB
