[    0.000000] Linux version 5.18.0 (xmu@xmu-PowerEdge-R750) (gcc (Ubuntu 8.4.0-1ubuntu1~18.04) 8.4.0, GNU ld (GNU Binutils for Ubuntu) 2.30) #1 SMP PREEMPT_DYNAMIC Sat Apr 6 15:16:25 CST 2024
[    0.000000] Command line: BOOT_IMAGE=/boot/vmlinuz-5.18.0 root=UUID=ce0c24b8-724b-4f33-9b2c-618433560aef ro memmap=48923M!4096M memmap=59G!64G quiet splash nomodeset vt.handoff=1
[    0.000000] KERNEL supported cpus:
[    0.000000]   Intel GenuineIntel
[    0.000000]   AMD AuthenticAMD
[    0.000000]   Hygon HygonGenuine
[    0.000000]   Centaur CentaurHauls
[    0.000000]   zhaoxin   Shanghai  
[    0.000000] x86/split lock detection: #AC: crashing the kernel on kernel split_locks and warning on user-space split_locks
[    0.000000] x86/fpu: Supporting XSAVE feature 0x001: 'x87 floating point registers'
[    0.000000] x86/fpu: Supporting XSAVE feature 0x002: 'SSE registers'
[    0.000000] x86/fpu: Supporting XSAVE feature 0x004: 'AVX registers'
[    0.000000] x86/fpu: Supporting XSAVE feature 0x020: 'AVX-512 opmask'
[    0.000000] x86/fpu: Supporting XSAVE feature 0x040: 'AVX-512 Hi256'
[    0.000000] x86/fpu: Supporting XSAVE feature 0x080: 'AVX-512 ZMM_Hi256'
[    0.000000] x86/fpu: Supporting XSAVE feature 0x200: 'Protection Keys User registers'
[    0.000000] x86/fpu: xstate_offset[2]:  576, xstate_sizes[2]:  256
[    0.000000] x86/fpu: xstate_offset[5]:  832, xstate_sizes[5]:   64
[    0.000000] x86/fpu: xstate_offset[6]:  896, xstate_sizes[6]:  512
[    0.000000] x86/fpu: xstate_offset[7]: 1408, xstate_sizes[7]: 1024
[    0.000000] x86/fpu: xstate_offset[9]: 2432, xstate_sizes[9]:    8
[    0.000000] x86/fpu: Enabled xstate features 0x2e7, context size is 2440 bytes, using 'compacted' format.
[    0.000000] signal: max sigframe size: 3632
[    0.000000] BIOS-provided physical RAM map:
[    0.000000] BIOS-e820: [mem 0x0000000000000000-0x000000000008efff] usable
[    0.000000] BIOS-e820: [mem 0x000000000008f000-0x000000000008ffff] reserved
[    0.000000] BIOS-e820: [mem 0x0000000000090000-0x000000000009ffff] usable
[    0.000000] BIOS-e820: [mem 0x00000000000a0000-0x00000000000fffff] reserved
[    0.000000] BIOS-e820: [mem 0x0000000000100000-0x0000000049e76fff] usable
[    0.000000] BIOS-e820: [mem 0x0000000049e77000-0x000000004ae76fff] ACPI NVS
[    0.000000] BIOS-e820: [mem 0x000000004ae77000-0x000000004b2cefff] usable
[    0.000000] BIOS-e820: [mem 0x000000004b2cf000-0x000000004b54dfff] ACPI data
[    0.000000] BIOS-e820: [mem 0x000000004b54e000-0x000000004bd93fff] usable
[    0.000000] BIOS-e820: [mem 0x000000004bd94000-0x000000004be99fff] reserved
[    0.000000] BIOS-e820: [mem 0x000000004be9a000-0x000000004cdfffff] usable
[    0.000000] BIOS-e820: [mem 0x000000004ce00000-0x000000004cffffff] reserved
[    0.000000] BIOS-e820: [mem 0x000000004d000000-0x000000005eefdfff] usable
[    0.000000] BIOS-e820: [mem 0x000000005eefe000-0x000000006e3fefff] reserved
[    0.000000] BIOS-e820: [mem 0x000000006e3ff000-0x000000006f3fefff] ACPI NVS
[    0.000000] BIOS-e820: [mem 0x000000006f3ff000-0x000000006f7fefff] ACPI data
[    0.000000] BIOS-e820: [mem 0x000000006f7ff000-0x000000006f7fffff] usable
[    0.000000] BIOS-e820: [mem 0x000000006f800000-0x000000008fffffff] reserved
[    0.000000] BIOS-e820: [mem 0x00000000fe000000-0x00000000fe010fff] reserved
[    0.000000] BIOS-e820: [mem 0x0000000100000000-0x000000207fffffff] usable
[    0.000000] BIOS-e820: [mem 0x0000002080000000-0x0000011c7fffffff] persistent (type 7)
[    0.000000] BIOS-e820: [mem 0x00001ffc00000000-0x00001fffffffffff] reserved
[    0.000000] NX (Execute Disable) protection: active
[    0.000000] e820: update [mem 0x46d5c020-0x46d6405f] usable ==> usable
[    0.000000] e820: update [mem 0x46d5c020-0x46d6405f] usable ==> usable
[    0.000000] e820: update [mem 0x46d29020-0x46d5bc5f] usable ==> usable
[    0.000000] e820: update [mem 0x46d29020-0x46d5bc5f] usable ==> usable
[    0.000000] e820: update [mem 0x46cf6020-0x46d28c5f] usable ==> usable
[    0.000000] e820: update [mem 0x46cf6020-0x46d28c5f] usable ==> usable
[    0.000000] e820: update [mem 0x46cc4020-0x46cf5a5f] usable ==> usable
[    0.000000] e820: update [mem 0x46cc4020-0x46cf5a5f] usable ==> usable
[    0.000000] extended physical RAM map:
[    0.000000] reserve setup_data: [mem 0x0000000000000000-0x000000000008efff] usable
[    0.000000] reserve setup_data: [mem 0x000000000008f000-0x000000000008ffff] reserved
[    0.000000] reserve setup_data: [mem 0x0000000000090000-0x000000000009ffff] usable
[    0.000000] reserve setup_data: [mem 0x00000000000a0000-0x00000000000fffff] reserved
[    0.000000] reserve setup_data: [mem 0x0000000000100000-0x0000000046cc401f] usable
[    0.000000] reserve setup_data: [mem 0x0000000046cc4020-0x0000000046cf5a5f] usable
[    0.000000] reserve setup_data: [mem 0x0000000046cf5a60-0x0000000046cf601f] usable
[    0.000000] reserve setup_data: [mem 0x0000000046cf6020-0x0000000046d28c5f] usable
[    0.000000] reserve setup_data: [mem 0x0000000046d28c60-0x0000000046d2901f] usable
[    0.000000] reserve setup_data: [mem 0x0000000046d29020-0x0000000046d5bc5f] usable
[    0.000000] reserve setup_data: [mem 0x0000000046d5bc60-0x0000000046d5c01f] usable
[    0.000000] reserve setup_data: [mem 0x0000000046d5c020-0x0000000046d6405f] usable
[    0.000000] reserve setup_data: [mem 0x0000000046d64060-0x0000000049e76fff] usable
[    0.000000] reserve setup_data: [mem 0x0000000049e77000-0x000000004ae76fff] ACPI NVS
[    0.000000] reserve setup_data: [mem 0x000000004ae77000-0x000000004b2cefff] usable
[    0.000000] reserve setup_data: [mem 0x000000004b2cf000-0x000000004b54dfff] ACPI data
[    0.000000] reserve setup_data: [mem 0x000000004b54e000-0x000000004bd93fff] usable
[    0.000000] reserve setup_data: [mem 0x000000004bd94000-0x000000004be99fff] reserved
[    0.000000] reserve setup_data: [mem 0x000000004be9a000-0x000000004cdfffff] usable
[    0.000000] reserve setup_data: [mem 0x000000004ce00000-0x000000004cffffff] reserved
[    0.000000] reserve setup_data: [mem 0x000000004d000000-0x000000005eefdfff] usable
[    0.000000] reserve setup_data: [mem 0x000000005eefe000-0x000000006e3fefff] reserved
[    0.000000] reserve setup_data: [mem 0x000000006e3ff000-0x000000006f3fefff] ACPI NVS
[    0.000000] reserve setup_data: [mem 0x000000006f3ff000-0x000000006f7fefff] ACPI data
[    0.000000] reserve setup_data: [mem 0x000000006f7ff000-0x000000006f7fffff] usable
[    0.000000] reserve setup_data: [mem 0x000000006f800000-0x000000008fffffff] reserved
[    0.000000] reserve setup_data: [mem 0x00000000fe000000-0x00000000fe010fff] reserved
[    0.000000] reserve setup_data: [mem 0x0000000100000000-0x0000000cf1afffff] persistent (type 12)
[    0.000000] reserve setup_data: [mem 0x0000000cf1b00000-0x0000000fffffffff] usable
[    0.000000] reserve setup_data: [mem 0x0000001000000000-0x0000001ebfffffff] persistent (type 12)
[    0.000000] reserve setup_data: [mem 0x0000001ec0000000-0x000000207fffffff] usable
[    0.000000] reserve setup_data: [mem 0x0000002080000000-0x0000011c7fffffff] persistent (type 7)
[    0.000000] reserve setup_data: [mem 0x00001ffc00000000-0x00001fffffffffff] reserved
[    0.000000] user-defined physical RAM map:
[    0.000000] user: [mem 0x0000000000000000-0x000000000008efff] usable
[    0.000000] user: [mem 0x000000000008f000-0x000000000008ffff] reserved
[    0.000000] user: [mem 0x0000000000090000-0x000000000009ffff] usable
[    0.000000] user: [mem 0x00000000000a0000-0x00000000000fffff] reserved
[    0.000000] user: [mem 0x0000000000100000-0x0000000046cc401f] usable
[    0.000000] user: [mem 0x0000000046cc4020-0x0000000046cf5a5f] usable
[    0.000000] user: [mem 0x0000000046cf5a60-0x0000000046cf601f] usable
[    0.000000] user: [mem 0x0000000046cf6020-0x0000000046d28c5f] usable
[    0.000000] user: [mem 0x0000000046d28c60-0x0000000046d2901f] usable
[    0.000000] user: [mem 0x0000000046d29020-0x0000000046d5bc5f] usable
[    0.000000] user: [mem 0x0000000046d5bc60-0x0000000046d5c01f] usable
[    0.000000] user: [mem 0x0000000046d5c020-0x0000000046d6405f] usable
[    0.000000] user: [mem 0x0000000046d64060-0x0000000049e76fff] usable
[    0.000000] user: [mem 0x0000000049e77000-0x000000004ae76fff] ACPI NVS
[    0.000000] user: [mem 0x000000004ae77000-0x000000004b2cefff] usable
[    0.000000] user: [mem 0x000000004b2cf000-0x000000004b54dfff] ACPI data
[    0.000000] user: [mem 0x000000004b54e000-0x000000004bd93fff] usable
[    0.000000] user: [mem 0x000000004bd94000-0x000000004be99fff] reserved
[    0.000000] user: [mem 0x000000004be9a000-0x000000004cdfffff] usable
[    0.000000] user: [mem 0x000000004ce00000-0x000000004cffffff] reserved
[    0.000000] user: [mem 0x000000004d000000-0x000000005eefdfff] usable
[    0.000000] user: [mem 0x000000005eefe000-0x000000006e3fefff] reserved
[    0.000000] user: [mem 0x000000006e3ff000-0x000000006f3fefff] ACPI NVS
[    0.000000] user: [mem 0x000000006f3ff000-0x000000006f7fefff] ACPI data
[    0.000000] user: [mem 0x000000006f7ff000-0x000000006f7fffff] usable
[    0.000000] user: [mem 0x000000006f800000-0x000000008fffffff] reserved
[    0.000000] user: [mem 0x00000000fe000000-0x00000000fe010fff] reserved
[    0.000000] user: [mem 0x0000000100000000-0x0000000cf1afffff] persistent (type 12)
[    0.000000] user: [mem 0x0000000cf1b00000-0x0000000fffffffff] usable
[    0.000000] user: [mem 0x0000001000000000-0x0000001ebfffffff] persistent (type 12)
[    0.000000] user: [mem 0x0000001ec0000000-0x000000207fffffff] usable
[    0.000000] user: [mem 0x0000002080000000-0x0000011c7fffffff] persistent (type 7)
[    0.000000] user: [mem 0x00001ffc00000000-0x00001fffffffffff] reserved
[    0.000000] efi: EFI v2.70 by Dell Inc.
[    0.000000] efi: ACPI=0x6f7fe000 ACPI 2.0=0x6f7fe014 MEMATTR=0x5b070020 SMBIOS=0x69526000 SMBIOS 3.0=0x69524000 MOKvar=0x5ef81000 RNG=0x5ef8a920 
[    0.000000] efi: seeding entropy pool
[    0.000000] SMBIOS 3.3.0 present.
[    0.000000] DMI: Dell Inc. PowerEdge R750/0K8F35, BIOS 1.10.2 03/03/2023
[    0.000000] tsc: Detected 2000.000 MHz processor
[    0.000008] e820: update [mem 0x00000000-0x00000fff] usable ==> reserved
[    0.000010] e820: remove [mem 0x000a0000-0x000fffff] usable
[    0.000019] last_pfn = 0x2080000 max_arch_pfn = 0x400000000
[    0.000193] x86/PAT: Configuration [0-7]: WB  WC  UC- UC  WB  WP  UC- WT  
[    0.002842] total RAM covered: 2095088M
[    0.002927]  gran_size: 64K 	chunk_size: 64K 	num_reg: 10  	lose cover RAM: 2016G
[    0.002929]  gran_size: 64K 	chunk_size: 128K 	num_reg: 10  	lose cover RAM: 2016G
[    0.002931]  gran_size: 64K 	chunk_size: 256K 	num_reg: 10  	lose cover RAM: 2016G
[    0.002932]  gran_size: 64K 	chunk_size: 512K 	num_reg: 10  	lose cover RAM: 2016G
[    0.002934]  gran_size: 64K 	chunk_size: 1M 	num_reg: 10  	lose cover RAM: 2016G
[    0.002935]  gran_size: 64K 	chunk_size: 2M 	num_reg: 10  	lose cover RAM: 2016G
[    0.002936]  gran_size: 64K 	chunk_size: 4M 	num_reg: 10  	lose cover RAM: 2016G
[    0.002938]  gran_size: 64K 	chunk_size: 8M 	num_reg: 10  	lose cover RAM: 2016G
[    0.002939]  gran_size: 64K 	chunk_size: 16M 	num_reg: 10  	lose cover RAM: 2016G
[    0.002940]  gran_size: 64K 	chunk_size: 32M 	num_reg: 10  	lose cover RAM: 1024G
[    0.002941]  gran_size: 64K 	chunk_size: 64M 	num_reg: 10  	lose cover RAM: 1024G
[    0.002943]  gran_size: 64K 	chunk_size: 128M 	num_reg: 10  	lose cover RAM: 1024G
[    0.002944]  gran_size: 64K 	chunk_size: 256M 	num_reg: 10  	lose cover RAM: 1024G
[    0.002946]  gran_size: 64K 	chunk_size: 512M 	num_reg: 10  	lose cover RAM: 1024G
[    0.002947]  gran_size: 64K 	chunk_size: 1G 	num_reg: 10  	lose cover RAM: 1024G
[    0.002948]  gran_size: 64K 	chunk_size: 2G 	num_reg: 10  	lose cover RAM: 1024G
[    0.002949]  gran_size: 128K 	chunk_size: 128K 	num_reg: 10  	lose cover RAM: 2016G
[    0.002951]  gran_size: 128K 	chunk_size: 256K 	num_reg: 10  	lose cover RAM: 2016G
[    0.002952]  gran_size: 128K 	chunk_size: 512K 	num_reg: 10  	lose cover RAM: 2016G
[    0.002954]  gran_size: 128K 	chunk_size: 1M 	num_reg: 10  	lose cover RAM: 2016G
[    0.002955]  gran_size: 128K 	chunk_size: 2M 	num_reg: 10  	lose cover RAM: 2016G
[    0.002956]  gran_size: 128K 	chunk_size: 4M 	num_reg: 10  	lose cover RAM: 2016G
[    0.002958]  gran_size: 128K 	chunk_size: 8M 	num_reg: 10  	lose cover RAM: 2016G
[    0.002959]  gran_size: 128K 	chunk_size: 16M 	num_reg: 10  	lose cover RAM: 2016G
[    0.002960]  gran_size: 128K 	chunk_size: 32M 	num_reg: 10  	lose cover RAM: 1024G
[    0.002962]  gran_size: 128K 	chunk_size: 64M 	num_reg: 10  	lose cover RAM: 1024G
[    0.002963]  gran_size: 128K 	chunk_size: 128M 	num_reg: 10  	lose cover RAM: 1024G
[    0.002964]  gran_size: 128K 	chunk_size: 256M 	num_reg: 10  	lose cover RAM: 1024G
[    0.002966]  gran_size: 128K 	chunk_size: 512M 	num_reg: 10  	lose cover RAM: 1024G
[    0.002967]  gran_size: 128K 	chunk_size: 1G 	num_reg: 10  	lose cover RAM: 1024G
[    0.002968]  gran_size: 128K 	chunk_size: 2G 	num_reg: 10  	lose cover RAM: 1024G
[    0.002970]  gran_size: 256K 	chunk_size: 256K 	num_reg: 10  	lose cover RAM: 2016G
[    0.002971]  gran_size: 256K 	chunk_size: 512K 	num_reg: 10  	lose cover RAM: 2016G
[    0.002973]  gran_size: 256K 	chunk_size: 1M 	num_reg: 10  	lose cover RAM: 2016G
[    0.002974]  gran_size: 256K 	chunk_size: 2M 	num_reg: 10  	lose cover RAM: 2016G
[    0.002975]  gran_size: 256K 	chunk_size: 4M 	num_reg: 10  	lose cover RAM: 2016G
[    0.002977]  gran_size: 256K 	chunk_size: 8M 	num_reg: 10  	lose cover RAM: 2016G
[    0.002978]  gran_size: 256K 	chunk_size: 16M 	num_reg: 10  	lose cover RAM: 2016G
[    0.002979]  gran_size: 256K 	chunk_size: 32M 	num_reg: 10  	lose cover RAM: 1024G
[    0.002980]  gran_size: 256K 	chunk_size: 64M 	num_reg: 10  	lose cover RAM: 1024G
[    0.002982]  gran_size: 256K 	chunk_size: 128M 	num_reg: 10  	lose cover RAM: 1024G
[    0.002983]  gran_size: 256K 	chunk_size: 256M 	num_reg: 10  	lose cover RAM: 1024G
[    0.002984]  gran_size: 256K 	chunk_size: 512M 	num_reg: 10  	lose cover RAM: 1024G
[    0.002986]  gran_size: 256K 	chunk_size: 1G 	num_reg: 10  	lose cover RAM: 1024G
[    0.002987]  gran_size: 256K 	chunk_size: 2G 	num_reg: 10  	lose cover RAM: 1024G
[    0.002988]  gran_size: 512K 	chunk_size: 512K 	num_reg: 10  	lose cover RAM: 2016G
[    0.002990]  gran_size: 512K 	chunk_size: 1M 	num_reg: 10  	lose cover RAM: 2016G
[    0.002991]  gran_size: 512K 	chunk_size: 2M 	num_reg: 10  	lose cover RAM: 2016G
[    0.002992]  gran_size: 512K 	chunk_size: 4M 	num_reg: 10  	lose cover RAM: 2016G
[    0.002993]  gran_size: 512K 	chunk_size: 8M 	num_reg: 10  	lose cover RAM: 2016G
[    0.002995]  gran_size: 512K 	chunk_size: 16M 	num_reg: 10  	lose cover RAM: 2016G
[    0.002996]  gran_size: 512K 	chunk_size: 32M 	num_reg: 10  	lose cover RAM: 1024G
[    0.002997]  gran_size: 512K 	chunk_size: 64M 	num_reg: 10  	lose cover RAM: 1024G
[    0.002999]  gran_size: 512K 	chunk_size: 128M 	num_reg: 10  	lose cover RAM: 1024G
[    0.003000]  gran_size: 512K 	chunk_size: 256M 	num_reg: 10  	lose cover RAM: 1024G
[    0.003001]  gran_size: 512K 	chunk_size: 512M 	num_reg: 10  	lose cover RAM: 1024G
[    0.003003]  gran_size: 512K 	chunk_size: 1G 	num_reg: 10  	lose cover RAM: 1024G
[    0.003004]  gran_size: 512K 	chunk_size: 2G 	num_reg: 10  	lose cover RAM: 1024G
[    0.003006]  gran_size: 1M 	chunk_size: 1M 	num_reg: 10  	lose cover RAM: 2016G
[    0.003007]  gran_size: 1M 	chunk_size: 2M 	num_reg: 10  	lose cover RAM: 2016G
[    0.003008]  gran_size: 1M 	chunk_size: 4M 	num_reg: 10  	lose cover RAM: 2016G
[    0.003010]  gran_size: 1M 	chunk_size: 8M 	num_reg: 10  	lose cover RAM: 2016G
[    0.003011]  gran_size: 1M 	chunk_size: 16M 	num_reg: 10  	lose cover RAM: 2016G
[    0.003013]  gran_size: 1M 	chunk_size: 32M 	num_reg: 10  	lose cover RAM: 1024G
[    0.003014]  gran_size: 1M 	chunk_size: 64M 	num_reg: 10  	lose cover RAM: 1024G
[    0.003015]  gran_size: 1M 	chunk_size: 128M 	num_reg: 10  	lose cover RAM: 1024G
[    0.003017]  gran_size: 1M 	chunk_size: 256M 	num_reg: 10  	lose cover RAM: 1024G
[    0.003018]  gran_size: 1M 	chunk_size: 512M 	num_reg: 10  	lose cover RAM: 1024G
[    0.003019]  gran_size: 1M 	chunk_size: 1G 	num_reg: 10  	lose cover RAM: 1024G
[    0.003020]  gran_size: 1M 	chunk_size: 2G 	num_reg: 10  	lose cover RAM: 1024G
[    0.003022]  gran_size: 2M 	chunk_size: 2M 	num_reg: 10  	lose cover RAM: 2016G
[    0.003023]  gran_size: 2M 	chunk_size: 4M 	num_reg: 10  	lose cover RAM: 2016G
[    0.003024]  gran_size: 2M 	chunk_size: 8M 	num_reg: 10  	lose cover RAM: 2016G
[    0.003026]  gran_size: 2M 	chunk_size: 16M 	num_reg: 10  	lose cover RAM: 2016G
[    0.003027]  gran_size: 2M 	chunk_size: 32M 	num_reg: 10  	lose cover RAM: 1024G
[    0.003028]  gran_size: 2M 	chunk_size: 64M 	num_reg: 10  	lose cover RAM: 1024G
[    0.003030]  gran_size: 2M 	chunk_size: 128M 	num_reg: 10  	lose cover RAM: 1024G
[    0.003031]  gran_size: 2M 	chunk_size: 256M 	num_reg: 10  	lose cover RAM: 1024G
[    0.003033]  gran_size: 2M 	chunk_size: 512M 	num_reg: 10  	lose cover RAM: 1024G
[    0.003034]  gran_size: 2M 	chunk_size: 1G 	num_reg: 10  	lose cover RAM: 1024G
[    0.003035]  gran_size: 2M 	chunk_size: 2G 	num_reg: 10  	lose cover RAM: 1024G
[    0.003037]  gran_size: 4M 	chunk_size: 4M 	num_reg: 10  	lose cover RAM: 2016G
[    0.003038]  gran_size: 4M 	chunk_size: 8M 	num_reg: 10  	lose cover RAM: 2016G
[    0.003039]  gran_size: 4M 	chunk_size: 16M 	num_reg: 10  	lose cover RAM: 2016G
[    0.003041]  gran_size: 4M 	chunk_size: 32M 	num_reg: 10  	lose cover RAM: 1024G
[    0.003042]  gran_size: 4M 	chunk_size: 64M 	num_reg: 10  	lose cover RAM: 1024G
[    0.003043]  gran_size: 4M 	chunk_size: 128M 	num_reg: 10  	lose cover RAM: 1024G
[    0.003045]  gran_size: 4M 	chunk_size: 256M 	num_reg: 10  	lose cover RAM: 1024G
[    0.003046]  gran_size: 4M 	chunk_size: 512M 	num_reg: 10  	lose cover RAM: 1024G
[    0.003047]  gran_size: 4M 	chunk_size: 1G 	num_reg: 10  	lose cover RAM: 1024G
[    0.003049]  gran_size: 4M 	chunk_size: 2G 	num_reg: 10  	lose cover RAM: 1024G
[    0.003050]  gran_size: 8M 	chunk_size: 8M 	num_reg: 10  	lose cover RAM: 2016G
[    0.003051]  gran_size: 8M 	chunk_size: 16M 	num_reg: 10  	lose cover RAM: 2016G
[    0.003052]  gran_size: 8M 	chunk_size: 32M 	num_reg: 10  	lose cover RAM: 1024G
[    0.003054]  gran_size: 8M 	chunk_size: 64M 	num_reg: 10  	lose cover RAM: 1024G
[    0.003055]  gran_size: 8M 	chunk_size: 128M 	num_reg: 10  	lose cover RAM: 1024G
[    0.003056]  gran_size: 8M 	chunk_size: 256M 	num_reg: 10  	lose cover RAM: 1024G
[    0.003058]  gran_size: 8M 	chunk_size: 512M 	num_reg: 10  	lose cover RAM: 1024G
[    0.003059]  gran_size: 8M 	chunk_size: 1G 	num_reg: 10  	lose cover RAM: 1024G
[    0.003060]  gran_size: 8M 	chunk_size: 2G 	num_reg: 10  	lose cover RAM: 1024G
[    0.003062]  gran_size: 16M 	chunk_size: 16M 	num_reg: 10  	lose cover RAM: 2016G
[    0.003063]  gran_size: 16M 	chunk_size: 32M 	num_reg: 10  	lose cover RAM: 1024G
[    0.003064]  gran_size: 16M 	chunk_size: 64M 	num_reg: 10  	lose cover RAM: 1024G
[    0.003066]  gran_size: 16M 	chunk_size: 128M 	num_reg: 10  	lose cover RAM: 1024G
[    0.003067]  gran_size: 16M 	chunk_size: 256M 	num_reg: 10  	lose cover RAM: 1024G
[    0.003069]  gran_size: 16M 	chunk_size: 512M 	num_reg: 10  	lose cover RAM: 1024G
[    0.003070]  gran_size: 16M 	chunk_size: 1G 	num_reg: 10  	lose cover RAM: 1024G
[    0.003071]  gran_size: 16M 	chunk_size: 2G 	num_reg: 10  	lose cover RAM: 1024G
[    0.003073]  gran_size: 32M 	chunk_size: 32M 	num_reg: 10  	lose cover RAM: 2031632M
[    0.003074]  gran_size: 32M 	chunk_size: 64M 	num_reg: 10  	lose cover RAM: 1048592M
[    0.003076]  gran_size: 32M 	chunk_size: 128M 	num_reg: 10  	lose cover RAM: 1048592M
[    0.003077]  gran_size: 32M 	chunk_size: 256M 	num_reg: 10  	lose cover RAM: 1048592M
[    0.003078]  gran_size: 32M 	chunk_size: 512M 	num_reg: 10  	lose cover RAM: 1048592M
[    0.003080]  gran_size: 32M 	chunk_size: 1G 	num_reg: 10  	lose cover RAM: 1048592M
[    0.003081]  gran_size: 32M 	chunk_size: 2G 	num_reg: 10  	lose cover RAM: 1048592M
[    0.003083]  gran_size: 64M 	chunk_size: 64M 	num_reg: 10  	lose cover RAM: 1966128M
[    0.003084]  gran_size: 64M 	chunk_size: 128M 	num_reg: 10  	lose cover RAM: 1048624M
[    0.003085]  gran_size: 64M 	chunk_size: 256M 	num_reg: 10  	lose cover RAM: 1048624M
[    0.003087]  gran_size: 64M 	chunk_size: 512M 	num_reg: 10  	lose cover RAM: 1048624M
[    0.003088]  gran_size: 64M 	chunk_size: 1G 	num_reg: 10  	lose cover RAM: 1048624M
[    0.003089]  gran_size: 64M 	chunk_size: 2G 	num_reg: 10  	lose cover RAM: 1048624M
[    0.003090]  gran_size: 128M 	chunk_size: 128M 	num_reg: 10  	lose cover RAM: 1835120M
[    0.003092]  gran_size: 128M 	chunk_size: 256M 	num_reg: 10  	lose cover RAM: 1048688M
[    0.003093]  gran_size: 128M 	chunk_size: 512M 	num_reg: 10  	lose cover RAM: 1048688M
[    0.003095]  gran_size: 128M 	chunk_size: 1G 	num_reg: 10  	lose cover RAM: 1048688M
[    0.003096]  gran_size: 128M 	chunk_size: 2G 	num_reg: 10  	lose cover RAM: 1048688M
[    0.003098]  gran_size: 256M 	chunk_size: 256M 	num_reg: 10  	lose cover RAM: 1573104M
[    0.003099]  gran_size: 256M 	chunk_size: 512M 	num_reg: 10  	lose cover RAM: 1048816M
[    0.003100]  gran_size: 256M 	chunk_size: 1G 	num_reg: 10  	lose cover RAM: 1048816M
[    0.003102]  gran_size: 256M 	chunk_size: 2G 	num_reg: 10  	lose cover RAM: 1048816M
[    0.003103]  gran_size: 512M 	chunk_size: 512M 	num_reg: 10  	lose cover RAM: 1049072M
[    0.003104]  gran_size: 512M 	chunk_size: 1G 	num_reg: 10  	lose cover RAM: 1049072M
[    0.003105]  gran_size: 512M 	chunk_size: 2G 	num_reg: 10  	lose cover RAM: 1049072M
[    0.003107]  gran_size: 1G 	chunk_size: 1G 	num_reg: 10  	lose cover RAM: 1008M
[    0.003108]  gran_size: 1G 	chunk_size: 2G 	num_reg: 10  	lose cover RAM: 1008M
[    0.003110]  gran_size: 2G 	chunk_size: 2G 	num_reg: 9  	lose cover RAM: 2032M
[    0.003111] mtrr_cleanup: can not find optimal value
[    0.003112] please specify mtrr_gran_size/mtrr_chunk_size
[    0.003114] e820: update [mem 0x7f000000-0xffffffff] usable ==> reserved
[    0.003118] x2apic: enabled by BIOS, switching to x2apic ops
[    0.003118] last_pfn = 0x6f800 max_arch_pfn = 0x400000000
[    0.014536] Using GB pages for direct mapping
[    0.015616] Secure boot disabled
[    0.015616] RAMDISK: [mem 0x205de61000-0x207fffffff]
[    0.015621] ACPI: Early table checksum verification disabled
[    0.015624] ACPI: RSDP 0x000000006F7FE014 000024 (v02 DELL  )
[    0.015628] ACPI: XSDT 0x000000006F41C188 0000F4 (v01 DELL   PE_SC3   00000000 DELL 01000013)
[    0.015633] ACPI: FACP 0x000000006F430000 000114 (v06 DELL   PE_SC3   00000000 DELL 00000001)
[    0.015639] ACPI: DSDT 0x000000004B4CE000 07FAD3 (v02 DELL   PE_SC3   00000003 DELL 00000001)
[    0.015642] ACPI: FACS 0x000000006F2F2000 000040
[    0.015645] ACPI: SSDT 0x000000006F7FB000 00159A (v02 INTEL  RAS_ACPI 00000001 INTL 20210331)
[    0.015649] ACPI: SSDT 0x000000006F7FA000 000745 (v02 INTEL  ADDRXLAT 00000001 INTL 20210331)
[    0.015653] ACPI: MCEJ 0x000000006F7F9000 000130 (v01 INTEL           00000001 INTL 0100000D)
[    0.015656] ACPI: BERT 0x000000006F7F8000 000030 (v01 DELL   PE_SC3   00000001 INTL 00000001)
[    0.015659] ACPI: ERST 0x000000006F7F7000 000230 (v01 DELL   PE_SC3   00000001 INTL 00000001)
[    0.015663] ACPI: SSDT 0x000000006F431000 3C524E (v02 INTEL  SSDTNVDR 00001000 INTL 20210331)
[    0.015666] ACPI: HMAT 0x000000006F42F000 000210 (v01 DELL   PE_SC3   00000001 DELL 00000001)
[    0.015670] ACPI: HPET 0x000000006F42E000 000038 (v01 DELL   PE_SC3   00000001 DELL 00000001)
[    0.015673] ACPI: MCFG 0x000000006F42D000 00003C (v01 DELL   PE_SC3   00000001 DELL 00000001)
[    0.015676] ACPI: MIGT 0x000000006F42C000 000040 (v01 DELL   PE_SC3   00000000 DELL 00000001)
[    0.015680] ACPI: MSCT 0x000000006F42B000 000090 (v01 DELL   PE_SC3   00000001 DELL 00000001)
[    0.015683] ACPI: PMTT 0x000000006F429000 0011E8 (v02 DELL   PE_SC3   00000001 DELL 00000001)
[    0.015686] ACPI: WSMT 0x000000006F428000 000028 (v01 DELL   PE_SC3   00000000 DELL 00000001)
[    0.015689] ACPI: APIC 0x000000006F427000 00075E (v04 DELL   PE_SC3   00000000 DELL 00000001)
[    0.015693] ACPI: SLIT 0x000000006F426000 00003C (v01 DELL   PE_SC3   00000001 DELL 01000013)
[    0.015696] ACPI: SRAT 0x000000006F41F000 006430 (v03 DELL   PE_SC3   00000002 DELL 01000013)
[    0.015699] ACPI: OEM4 0x000000004B346000 187A61 (v02 INTEL  CPU  CST 00003000 INTL 20210331)
[    0.015703] ACPI: SSDT 0x000000004B2CF000 0764A5 (v02 INTEL  SSDT  PM 00004000 INTL 20210331)
[    0.015706] ACPI: SSDT 0x000000006F41E000 000A1F (v02 DELL   PE_SC3   00000000 DELL 00000001)
[    0.015710] ACPI: HEST 0x000000006F41D000 00017C (v01 DELL   PE_SC3   00000001 INTL 00000001)
[    0.015713] ACPI: PCAT 0x000000006F41B000 00010C (v19 DELL   PE_SC3   00000002 DELL 00000001)
[    0.015716] ACPI: SSDT 0x000000006F413000 007299 (v02 INTEL  SpsNm    00000002 INTL 20210331)
[    0.015719] ACPI: SSDT 0x000000006F412000 000426 (v02 DELL   PE_SC3   00000002 DELL 00000001)
[    0.015723] ACPI: NFIT 0x000000006F7FD000 000488 (v01 DELL   PE_SC3   00000002 DELL 00000001)
[    0.015726] ACPI: DMAR 0x000000006F411000 000158 (v01 DELL   PE_SC3   00000001 DELL 00000001)
[    0.015729] ACPI: Reserving FACP table memory at [mem 0x6f430000-0x6f430113]
[    0.015730] ACPI: Reserving DSDT table memory at [mem 0x4b4ce000-0x4b54dad2]
[    0.015731] ACPI: Reserving FACS table memory at [mem 0x6f2f2000-0x6f2f203f]
[    0.015732] ACPI: Reserving SSDT table memory at [mem 0x6f7fb000-0x6f7fc599]
[    0.015733] ACPI: Reserving SSDT table memory at [mem 0x6f7fa000-0x6f7fa744]
[    0.015734] ACPI: Reserving MCEJ table memory at [mem 0x6f7f9000-0x6f7f912f]
[    0.015735] ACPI: Reserving BERT table memory at [mem 0x6f7f8000-0x6f7f802f]
[    0.015736] ACPI: Reserving ERST table memory at [mem 0x6f7f7000-0x6f7f722f]
[    0.015737] ACPI: Reserving SSDT table memory at [mem 0x6f431000-0x6f7f624d]
[    0.015738] ACPI: Reserving HMAT table memory at [mem 0x6f42f000-0x6f42f20f]
[    0.015739] ACPI: Reserving HPET table memory at [mem 0x6f42e000-0x6f42e037]
[    0.015740] ACPI: Reserving MCFG table memory at [mem 0x6f42d000-0x6f42d03b]
[    0.015741] ACPI: Reserving MIGT table memory at [mem 0x6f42c000-0x6f42c03f]
[    0.015742] ACPI: Reserving MSCT table memory at [mem 0x6f42b000-0x6f42b08f]
[    0.015743] ACPI: Reserving PMTT table memory at [mem 0x6f429000-0x6f42a1e7]
[    0.015743] ACPI: Reserving WSMT table memory at [mem 0x6f428000-0x6f428027]
[    0.015744] ACPI: Reserving APIC table memory at [mem 0x6f427000-0x6f42775d]
[    0.015745] ACPI: Reserving SLIT table memory at [mem 0x6f426000-0x6f42603b]
[    0.015746] ACPI: Reserving SRAT table memory at [mem 0x6f41f000-0x6f42542f]
[    0.015747] ACPI: Reserving OEM4 table memory at [mem 0x4b346000-0x4b4cda60]
[    0.015748] ACPI: Reserving SSDT table memory at [mem 0x4b2cf000-0x4b3454a4]
[    0.015749] ACPI: Reserving SSDT table memory at [mem 0x6f41e000-0x6f41ea1e]
[    0.015750] ACPI: Reserving HEST table memory at [mem 0x6f41d000-0x6f41d17b]
[    0.015751] ACPI: Reserving PCAT table memory at [mem 0x6f41b000-0x6f41b10b]
[    0.015752] ACPI: Reserving SSDT table memory at [mem 0x6f413000-0x6f41a298]
[    0.015753] ACPI: Reserving SSDT table memory at [mem 0x6f412000-0x6f412425]
[    0.015754] ACPI: Reserving NFIT table memory at [mem 0x6f7fd000-0x6f7fd487]
[    0.015755] ACPI: Reserving DMAR table memory at [mem 0x6f411000-0x6f411157]
[    0.015766] Setting APIC routing to cluster x2apic.
[    0.015812] SRAT: PXM 0 -> APIC 0x0000 -> Node 0
[    0.015814] SRAT: PXM 0 -> APIC 0x0001 -> Node 0
[    0.015814] SRAT: PXM 0 -> APIC 0x0002 -> Node 0
[    0.015815] SRAT: PXM 0 -> APIC 0x0003 -> Node 0
[    0.015816] SRAT: PXM 0 -> APIC 0x0004 -> Node 0
[    0.015816] SRAT: PXM 0 -> APIC 0x0005 -> Node 0
[    0.015817] SRAT: PXM 0 -> APIC 0x0006 -> Node 0
[    0.015818] SRAT: PXM 0 -> APIC 0x0007 -> Node 0
[    0.015818] SRAT: PXM 0 -> APIC 0x0008 -> Node 0
[    0.015819] SRAT: PXM 0 -> APIC 0x0009 -> Node 0
[    0.015820] SRAT: PXM 0 -> APIC 0x000a -> Node 0
[    0.015820] SRAT: PXM 0 -> APIC 0x000b -> Node 0
[    0.015821] SRAT: PXM 0 -> APIC 0x000c -> Node 0
[    0.015822] SRAT: PXM 0 -> APIC 0x000d -> Node 0
[    0.015822] SRAT: PXM 0 -> APIC 0x000e -> Node 0
[    0.015823] SRAT: PXM 0 -> APIC 0x000f -> Node 0
[    0.015824] SRAT: PXM 0 -> APIC 0x0010 -> Node 0
[    0.015825] SRAT: PXM 0 -> APIC 0x0011 -> Node 0
[    0.015826] SRAT: PXM 0 -> APIC 0x0012 -> Node 0
[    0.015826] SRAT: PXM 0 -> APIC 0x0013 -> Node 0
[    0.015827] SRAT: PXM 0 -> APIC 0x0014 -> Node 0
[    0.015828] SRAT: PXM 0 -> APIC 0x0015 -> Node 0
[    0.015828] SRAT: PXM 0 -> APIC 0x0016 -> Node 0
[    0.015829] SRAT: PXM 0 -> APIC 0x0017 -> Node 0
[    0.015830] SRAT: PXM 0 -> APIC 0x0018 -> Node 0
[    0.015830] SRAT: PXM 0 -> APIC 0x0019 -> Node 0
[    0.015831] SRAT: PXM 0 -> APIC 0x001a -> Node 0
[    0.015832] SRAT: PXM 0 -> APIC 0x001b -> Node 0
[    0.015832] SRAT: PXM 0 -> APIC 0x001c -> Node 0
[    0.015833] SRAT: PXM 0 -> APIC 0x001d -> Node 0
[    0.015834] SRAT: PXM 0 -> APIC 0x001e -> Node 0
[    0.015834] SRAT: PXM 0 -> APIC 0x001f -> Node 0
[    0.015835] SRAT: PXM 0 -> APIC 0x0020 -> Node 0
[    0.015836] SRAT: PXM 0 -> APIC 0x0021 -> Node 0
[    0.015836] SRAT: PXM 0 -> APIC 0x0022 -> Node 0
[    0.015837] SRAT: PXM 0 -> APIC 0x0023 -> Node 0
[    0.015838] SRAT: PXM 0 -> APIC 0x0024 -> Node 0
[    0.015838] SRAT: PXM 0 -> APIC 0x0025 -> Node 0
[    0.015839] SRAT: PXM 0 -> APIC 0x0026 -> Node 0
[    0.015840] SRAT: PXM 0 -> APIC 0x0027 -> Node 0
[    0.015840] SRAT: PXM 0 -> APIC 0x0028 -> Node 0
[    0.015841] SRAT: PXM 0 -> APIC 0x0029 -> Node 0
[    0.015842] SRAT: PXM 0 -> APIC 0x002a -> Node 0
[    0.015842] SRAT: PXM 0 -> APIC 0x002b -> Node 0
[    0.015843] SRAT: PXM 0 -> APIC 0x002c -> Node 0
[    0.015844] SRAT: PXM 0 -> APIC 0x002d -> Node 0
[    0.015844] SRAT: PXM 0 -> APIC 0x002e -> Node 0
[    0.015845] SRAT: PXM 0 -> APIC 0x002f -> Node 0
[    0.015846] SRAT: PXM 0 -> APIC 0x0030 -> Node 0
[    0.015846] SRAT: PXM 0 -> APIC 0x0031 -> Node 0
[    0.015847] SRAT: PXM 0 -> APIC 0x0032 -> Node 0
[    0.015848] SRAT: PXM 0 -> APIC 0x0033 -> Node 0
[    0.015848] SRAT: PXM 0 -> APIC 0x0034 -> Node 0
[    0.015849] SRAT: PXM 0 -> APIC 0x0035 -> Node 0
[    0.015850] SRAT: PXM 0 -> APIC 0x0036 -> Node 0
[    0.015850] SRAT: PXM 0 -> APIC 0x0037 -> Node 0
[    0.015851] SRAT: PXM 1 -> APIC 0x0080 -> Node 1
[    0.015852] SRAT: PXM 1 -> APIC 0x0081 -> Node 1
[    0.015852] SRAT: PXM 1 -> APIC 0x0082 -> Node 1
[    0.015853] SRAT: PXM 1 -> APIC 0x0083 -> Node 1
[    0.015854] SRAT: PXM 1 -> APIC 0x0084 -> Node 1
[    0.015855] SRAT: PXM 1 -> APIC 0x0085 -> Node 1
[    0.015855] SRAT: PXM 1 -> APIC 0x0086 -> Node 1
[    0.015856] SRAT: PXM 1 -> APIC 0x0087 -> Node 1
[    0.015857] SRAT: PXM 1 -> APIC 0x0088 -> Node 1
[    0.015857] SRAT: PXM 1 -> APIC 0x0089 -> Node 1
[    0.015858] SRAT: PXM 1 -> APIC 0x008a -> Node 1
[    0.015859] SRAT: PXM 1 -> APIC 0x008b -> Node 1
[    0.015859] SRAT: PXM 1 -> APIC 0x008c -> Node 1
[    0.015860] SRAT: PXM 1 -> APIC 0x008d -> Node 1
[    0.015861] SRAT: PXM 1 -> APIC 0x008e -> Node 1
[    0.015861] SRAT: PXM 1 -> APIC 0x008f -> Node 1
[    0.015862] SRAT: PXM 1 -> APIC 0x0090 -> Node 1
[    0.015863] SRAT: PXM 1 -> APIC 0x0091 -> Node 1
[    0.015863] SRAT: PXM 1 -> APIC 0x0092 -> Node 1
[    0.015864] SRAT: PXM 1 -> APIC 0x0093 -> Node 1
[    0.015865] SRAT: PXM 1 -> APIC 0x0094 -> Node 1
[    0.015865] SRAT: PXM 1 -> APIC 0x0095 -> Node 1
[    0.015866] SRAT: PXM 1 -> APIC 0x0096 -> Node 1
[    0.015867] SRAT: PXM 1 -> APIC 0x0097 -> Node 1
[    0.015867] SRAT: PXM 1 -> APIC 0x0098 -> Node 1
[    0.015868] SRAT: PXM 1 -> APIC 0x0099 -> Node 1
[    0.015869] SRAT: PXM 1 -> APIC 0x009a -> Node 1
[    0.015869] SRAT: PXM 1 -> APIC 0x009b -> Node 1
[    0.015870] SRAT: PXM 1 -> APIC 0x009c -> Node 1
[    0.015870] SRAT: PXM 1 -> APIC 0x009d -> Node 1
[    0.015871] SRAT: PXM 1 -> APIC 0x009e -> Node 1
[    0.015872] SRAT: PXM 1 -> APIC 0x009f -> Node 1
[    0.015872] SRAT: PXM 1 -> APIC 0x00a0 -> Node 1
[    0.015873] SRAT: PXM 1 -> APIC 0x00a1 -> Node 1
[    0.015874] SRAT: PXM 1 -> APIC 0x00a2 -> Node 1
[    0.015874] SRAT: PXM 1 -> APIC 0x00a3 -> Node 1
[    0.015875] SRAT: PXM 1 -> APIC 0x00a4 -> Node 1
[    0.015876] SRAT: PXM 1 -> APIC 0x00a5 -> Node 1
[    0.015876] SRAT: PXM 1 -> APIC 0x00a6 -> Node 1
[    0.015877] SRAT: PXM 1 -> APIC 0x00a7 -> Node 1
[    0.015878] SRAT: PXM 1 -> APIC 0x00a8 -> Node 1
[    0.015878] SRAT: PXM 1 -> APIC 0x00a9 -> Node 1
[    0.015879] SRAT: PXM 1 -> APIC 0x00aa -> Node 1
[    0.015880] SRAT: PXM 1 -> APIC 0x00ab -> Node 1
[    0.015880] SRAT: PXM 1 -> APIC 0x00ac -> Node 1
[    0.015881] SRAT: PXM 1 -> APIC 0x00ad -> Node 1
[    0.015882] SRAT: PXM 1 -> APIC 0x00ae -> Node 1
[    0.015882] SRAT: PXM 1 -> APIC 0x00af -> Node 1
[    0.015883] SRAT: PXM 1 -> APIC 0x00b0 -> Node 1
[    0.015884] SRAT: PXM 1 -> APIC 0x00b1 -> Node 1
[    0.015885] SRAT: PXM 1 -> APIC 0x00b2 -> Node 1
[    0.015885] SRAT: PXM 1 -> APIC 0x00b3 -> Node 1
[    0.015886] SRAT: PXM 1 -> APIC 0x00b4 -> Node 1
[    0.015887] SRAT: PXM 1 -> APIC 0x00b5 -> Node 1
[    0.015888] SRAT: PXM 1 -> APIC 0x00b6 -> Node 1
[    0.015888] SRAT: PXM 1 -> APIC 0x00b7 -> Node 1
[    0.015901] ACPI: SRAT: Node 0 PXM 0 [mem 0x00000000-0x7fffffff]
[    0.015903] ACPI: SRAT: Node 0 PXM 0 [mem 0x100000000-0x107fffffff]
[    0.015904] ACPI: SRAT: Node 2 PXM 2 [mem 0x2080000000-0x9e7fffffff] non-volatile
[    0.015906] ACPI: SRAT: Node 1 PXM 1 [mem 0x1080000000-0x207fffffff]
[    0.015907] ACPI: SRAT: Node 3 PXM 3 [mem 0x9e80000000-0x11c7fffffff] non-volatile
[    0.015916] NUMA: Initialized distance table, cnt=4
[    0.015920] NUMA: Node 0 [mem 0x00000000-0x7fffffff] + [mem 0x100000000-0x107fffffff] -> [mem 0x00000000-0x107fffffff]
[    0.015929] NODE_DATA(0) allocated [mem 0xffffd5000-0xfffffffff]
[    0.015948] NODE_DATA(1) allocated [mem 0x205de31000-0x205de5bfff]
[    0.016120] Zone ranges:
[    0.016120]   DMA      [mem 0x0000000000001000-0x0000000000ffffff]
[    0.016122]   DMA32    [mem 0x0000000001000000-0x00000000ffffffff]
[    0.016124]   Normal   [mem 0x0000000100000000-0x000000207fffffff]
[    0.016126]   Device   empty
[    0.016127] Movable zone start for each node
[    0.016130] Early memory node ranges
[    0.016131]   node   0: [mem 0x0000000000001000-0x000000000008efff]
[    0.016132]   node   0: [mem 0x0000000000090000-0x000000000009ffff]
[    0.016133]   node   0: [mem 0x0000000000100000-0x0000000049e76fff]
[    0.016134]   node   0: [mem 0x000000004ae77000-0x000000004b2cefff]
[    0.016135]   node   0: [mem 0x000000004b54e000-0x000000004bd93fff]
[    0.016136]   node   0: [mem 0x000000004be9a000-0x000000004cdfffff]
[    0.016136]   node   0: [mem 0x000000004d000000-0x000000005eefdfff]
[    0.016137]   node   0: [mem 0x000000006f7ff000-0x000000006f7fffff]
[    0.016138]   node   0: [mem 0x0000000cf1b00000-0x0000000fffffffff]
[    0.016140]   node   1: [mem 0x0000001ec0000000-0x000000207fffffff]
[    0.016141] Initmem setup node 0 [mem 0x0000000000001000-0x0000000fffffffff]
[    0.016144] Initmem setup node 1 [mem 0x0000001ec0000000-0x000000207fffffff]
[    0.016146] Initializing node 2 as memoryless
[    0.016167] Initmem setup node 2 as memoryless
[    0.016168] Initializing node 3 as memoryless
[    0.016190] Initmem setup node 3 as memoryless
[    0.016192] On node 0, zone DMA: 1 pages in unavailable ranges
[    0.016194] On node 0, zone DMA: 1 pages in unavailable ranges
[    0.016223] On node 0, zone DMA: 96 pages in unavailable ranges
[    0.018520] On node 0, zone DMA32: 4096 pages in unavailable ranges
[    0.018544] On node 0, zone DMA32: 639 pages in unavailable ranges
[    0.018576] On node 0, zone DMA32: 262 pages in unavailable ranges
[    0.019119] On node 0, zone DMA32: 512 pages in unavailable ranges
[    0.019398] On node 0, zone DMA32: 35073 pages in unavailable ranges
[    0.042947] On node 0, zone Normal: 8960 pages in unavailable ranges
[    0.057236] ACPI: PM-Timer IO Port: 0x508
[    0.057255] ACPI: X2APIC_NMI (uid[0xffffffff] high edge lint[0x1])
[    0.057258] ACPI: LAPIC_NMI (acpi_id[0xff] high edge lint[0x1])
[    0.057277] IOAPIC[0]: apic_id 8, version 32, address 0xfec00000, GSI 0-119
[    0.057280] ACPI: INT_SRC_OVR (bus 0 bus_irq 0 global_irq 2 dfl dfl)
[    0.057282] ACPI: INT_SRC_OVR (bus 0 bus_irq 9 global_irq 9 high level)
[    0.057287] ACPI: Using ACPI (MADT) for SMP configuration information
[    0.057288] ACPI: HPET id: 0x8086a701 base: 0xfed00000
[    0.057292] TSC deadline timer available
[    0.057293] smpboot: Allowing 112 CPUs, 0 hotplug CPUs
[    0.057322] PM: hibernation: Registered nosave memory: [mem 0x00000000-0x00000fff]
[    0.057324] PM: hibernation: Registered nosave memory: [mem 0x0008f000-0x0008ffff]
[    0.057326] PM: hibernation: Registered nosave memory: [mem 0x000a0000-0x000fffff]
[    0.057328] PM: hibernation: Registered nosave memory: [mem 0x46cc4000-0x46cc4fff]
[    0.057330] PM: hibernation: Registered nosave memory: [mem 0x46cf5000-0x46cf5fff]
[    0.057330] PM: hibernation: Registered nosave memory: [mem 0x46cf6000-0x46cf6fff]
[    0.057332] PM: hibernation: Registered nosave memory: [mem 0x46d28000-0x46d28fff]
[    0.057333] PM: hibernation: Registered nosave memory: [mem 0x46d29000-0x46d29fff]
[    0.057335] PM: hibernation: Registered nosave memory: [mem 0x46d5b000-0x46d5bfff]
[    0.057336] PM: hibernation: Registered nosave memory: [mem 0x46d5c000-0x46d5cfff]
[    0.057337] PM: hibernation: Registered nosave memory: [mem 0x46d64000-0x46d64fff]
[    0.057339] PM: hibernation: Registered nosave memory: [mem 0x49e77000-0x4ae76fff]
[    0.057341] PM: hibernation: Registered nosave memory: [mem 0x4b2cf000-0x4b54dfff]
[    0.057343] PM: hibernation: Registered nosave memory: [mem 0x4bd94000-0x4be99fff]
[    0.057345] PM: hibernation: Registered nosave memory: [mem 0x4ce00000-0x4cffffff]
[    0.057347] PM: hibernation: Registered nosave memory: [mem 0x5eefe000-0x6e3fefff]
[    0.057347] PM: hibernation: Registered nosave memory: [mem 0x6e3ff000-0x6f3fefff]
[    0.057348] PM: hibernation: Registered nosave memory: [mem 0x6f3ff000-0x6f7fefff]
[    0.057350] PM: hibernation: Registered nosave memory: [mem 0x6f800000-0x8fffffff]
[    0.057351] PM: hibernation: Registered nosave memory: [mem 0x90000000-0xfdffffff]
[    0.057352] PM: hibernation: Registered nosave memory: [mem 0xfe000000-0xfe010fff]
[    0.057352] PM: hibernation: Registered nosave memory: [mem 0xfe011000-0xffffffff]
[    0.057353] PM: hibernation: Registered nosave memory: [mem 0x100000000-0xcf1afffff]
[    0.057355] PM: hibernation: Registered nosave memory: [mem 0x1000000000-0x1ebfffffff]
[    0.057357] [mem 0x90000000-0xfdffffff] available for PCI devices
[    0.057359] Booting paravirtualized kernel on bare hardware
[    0.057361] clocksource: refined-jiffies: mask: 0xffffffff max_cycles: 0xffffffff, max_idle_ns: 7645519600211568 ns
[    0.057367] setup_percpu: NR_CPUS:8192 nr_cpumask_bits:112 nr_cpu_ids:112 nr_node_ids:4
[    0.062194] percpu: Embedded 61 pages/cpu s212992 r8192 d28672 u262144
[    0.062206] pcpu-alloc: s212992 r8192 d28672 u262144 alloc=1*2097152
[    0.062209] pcpu-alloc: [0] 000 002 004 006 008 010 012 014 
[    0.062215] pcpu-alloc: [0] 016 018 020 022 024 026 028 030 
[    0.062220] pcpu-alloc: [0] 032 034 036 038 040 042 044 046 
[    0.062224] pcpu-alloc: [0] 048 050 052 054 056 058 060 062 
[    0.062229] pcpu-alloc: [0] 064 066 068 070 072 074 076 078 
[    0.062233] pcpu-alloc: [0] 080 082 084 086 088 090 092 094 
[    0.062238] pcpu-alloc: [0] 096 098 100 102 104 106 108 110 
[    0.062242] pcpu-alloc: [1] 001 003 005 007 009 011 013 015 
[    0.062247] pcpu-alloc: [1] 017 019 021 023 025 027 029 031 
[    0.062251] pcpu-alloc: [1] 033 035 037 039 041 043 045 047 
[    0.062256] pcpu-alloc: [1] 049 051 053 055 057 059 061 063 
[    0.062260] pcpu-alloc: [1] 065 067 069 071 073 075 077 079 
[    0.062265] pcpu-alloc: [1] 081 083 085 087 089 091 093 095 
[    0.062269] pcpu-alloc: [1] 097 099 101 103 105 107 109 111 
[    0.062315] Fallback order for Node 0: 0 1 
[    0.062319] Fallback order for Node 1: 1 0 
[    0.062321] Fallback order for Node 2: 2 0 1 
[    0.062324] Fallback order for Node 3: 3 1 0 
[    0.062332] Built 2 zonelists, mobility grouping on.  Total pages: 5336704
[    0.062334] Policy zone: Normal
[    0.062335] Kernel command line: BOOT_IMAGE=/boot/vmlinuz-5.18.0 root=UUID=ce0c24b8-724b-4f33-9b2c-618433560aef ro memmap=48923M!4096M memmap=59G!64G quiet splash nomodeset vt.handoff=1
[    0.062460] Booted with the nomodeset parameter. Only the system framebuffer will be available
[    0.062482] Unknown kernel command line parameters "splash BOOT_IMAGE=/boot/vmlinuz-5.18.0", will be passed to user space.
[    0.062484] printk: log_buf_len individual max cpu contribution: 4096 bytes
[    0.062485] printk: log_buf_len total cpu_extra contributions: 454656 bytes
[    0.062486] printk: log_buf_len min size: 262144 bytes
[    0.063459] printk: log_buf_len: 1048576 bytes
[    0.063460] printk: early log buf free: 223672(85%)
[    0.065367] mem auto-init: stack:off, heap alloc:on, heap free:off
[    0.125014] Memory: 20519844K/21690464K available (16392K kernel code, 3615K rwdata, 10444K rodata, 2688K init, 5836K bss, 1170360K reserved, 0K cma-reserved)
[    0.125020] random: get_random_u64 called from __kmem_cache_create+0x2d/0x480 with crng_init=0
[    0.125560] SLUB: HWalign=64, Order=0-3, MinObjects=0, CPUs=112, Nodes=4
[    0.125589] ftrace: allocating 48795 entries in 191 pages
[    0.134101] ftrace: allocated 191 pages with 7 groups
[    0.135076] Dynamic Preempt: voluntary
[    0.135404] rcu: Preemptible hierarchical RCU implementation.
[    0.135406] rcu: 	RCU restricting CPUs from NR_CPUS=8192 to nr_cpu_ids=112.
[    0.135407] 	Trampoline variant of Tasks RCU enabled.
[    0.135408] 	Rude variant of Tasks RCU enabled.
[    0.135408] 	Tracing variant of Tasks RCU enabled.
[    0.135409] rcu: RCU calculated value of scheduler-enlistment delay is 25 jiffies.
[    0.135410] rcu: Adjusting geometry for rcu_fanout_leaf=16, nr_cpu_ids=112
[    0.139231] NR_IRQS: 524544, nr_irqs: 2952, preallocated irqs: 16
[    0.139566] random: crng init done (trusting CPU's manufacturer)
[    0.139705] Console: colour dummy device 80x25
[    0.139740] printk: console [tty0] enabled
[    0.139942] mempolicy: Enabling automatic NUMA balancing. Configure with numa_balancing= or the kernel.numa_balancing sysctl
[    0.139947] ACPI: Core revision 20211217
[    0.143306] clocksource: hpet: mask: 0xffffffff max_cycles: 0xffffffff, max_idle_ns: 79635855245 ns
[    0.143351] APIC: Switch to symmetric I/O mode setup
[    0.143353] DMAR: Host address width 46
[    0.143354] DMAR: DRHD base: 0x000000d0ffc000 flags: 0x0
[    0.143359] DMAR: dmar0: reg_base_addr d0ffc000 ver 4:0 cap 8ed008c40780466 ecap 60000f050df
[    0.143362] DMAR: DRHD base: 0x000000dbbfc000 flags: 0x0
[    0.143365] DMAR: dmar1: reg_base_addr dbbfc000 ver 4:0 cap 8ed008c40780466 ecap 60000f050df
[    0.143367] DMAR: DRHD base: 0x000000e67fc000 flags: 0x0
[    0.143371] DMAR: dmar2: reg_base_addr e67fc000 ver 4:0 cap 8ed008c40780466 ecap 60000f050df
[    0.143373] DMAR: DRHD base: 0x000000f13fc000 flags: 0x0
[    0.143376] DMAR: dmar3: reg_base_addr f13fc000 ver 4:0 cap 8ed008c40780466 ecap 60000f050df
[    0.143378] DMAR: DRHD base: 0x000000fb7fc000 flags: 0x0
[    0.143380] DMAR: dmar4: reg_base_addr fb7fc000 ver 4:0 cap 8ed008c40780466 ecap 60000f050df
[    0.143383] DMAR: DRHD base: 0x000000a63fc000 flags: 0x0
[    0.143386] DMAR: dmar5: reg_base_addr a63fc000 ver 4:0 cap 8ed008c40780466 ecap 60000f050df
[    0.143387] DMAR: DRHD base: 0x000000b0ffc000 flags: 0x0
[    0.143392] DMAR: dmar6: reg_base_addr b0ffc000 ver 4:0 cap 8ed008c40780466 ecap 60000f050df
[    0.143394] DMAR: DRHD base: 0x000000bbbfc000 flags: 0x0
[    0.143396] DMAR: dmar7: reg_base_addr bbbfc000 ver 4:0 cap 8ed008c40780466 ecap 60000f050df
[    0.143398] DMAR: DRHD base: 0x000000c5ffc000 flags: 0x0
[    0.143401] DMAR: dmar8: reg_base_addr c5ffc000 ver 4:0 cap 8ed008c40780466 ecap 60000f050df
[    0.143403] DMAR: DRHD base: 0x0000009b7fc000 flags: 0x1
[    0.143405] DMAR: dmar9: reg_base_addr 9b7fc000 ver 4:0 cap 8ed008c40780466 ecap 60000f050df
[    0.143407] DMAR: RMRR base: 0x00000069427000 end: 0x00000069429fff
[    0.143409] DMAR: ATSR flags: 0x0
[    0.143411] DMAR-IR: IOAPIC id 8 under DRHD base  0x9b7fc000 IOMMU 9
[    0.143412] DMAR-IR: HPET id 0 under DRHD base 0x9b7fc000
[    0.143413] DMAR-IR: Queued invalidation will be enabled to support x2apic and Intr-remapping.
[    0.146318] DMAR-IR: Enabled IRQ remapping in x2apic mode
[    0.148948] ..TIMER: vector=0x30 apic1=0 pin1=2 apic2=-1 pin2=-1
[    0.167281] clocksource: tsc-early: mask: 0xffffffffffffffff max_cycles: 0x39a85c9bff6, max_idle_ns: 881590591483 ns
[    0.167287] Calibrating delay loop (skipped), value calculated using timer frequency.. 4000.00 BogoMIPS (lpj=8000000)
[    0.167289] pid_max: default: 114688 minimum: 896
[    0.171216] LSM: Security Framework initializing
[    0.171231] Yama: becoming mindful.
[    0.171294] AppArmor: AppArmor initialized
[    0.175232] Dentry cache hash table entries: 4194304 (order: 13, 33554432 bytes, vmalloc hugepage)
[    0.177231] Inode-cache hash table entries: 2097152 (order: 12, 16777216 bytes, vmalloc hugepage)
[    0.177335] Mount-cache hash table entries: 65536 (order: 7, 524288 bytes, vmalloc)
[    0.177404] Mountpoint-cache hash table entries: 65536 (order: 7, 524288 bytes, vmalloc)
[    0.177964] x86/tme: not enabled by BIOS
[    0.177974] CPU0: Thermal monitoring enabled (TM1)
[    0.177977] x86/cpu: User Mode Instruction Prevention (UMIP) activated
[    0.178212] process: using mwait in idle threads
[    0.178214] Last level iTLB entries: 4KB 0, 2MB 0, 4MB 0
[    0.178215] Last level dTLB entries: 4KB 0, 2MB 0, 4MB 0, 1GB 0
[    0.178221] Spectre V1 : Mitigation: usercopy/swapgs barriers and __user pointer sanitization
[    0.178223] Spectre V2 : WARNING: Unprivileged eBPF is enabled with eIBRS on, data leaks possible via Spectre v2 BHB attacks!
[    0.178228] Spectre V2 : Mitigation: Enhanced IBRS
[    0.178228] Spectre V2 : Spectre v2 / SpectreRSB mitigation: Filling RSB on context switch
[    0.178230] Spectre V2 : mitigation: Enabling conditional Indirect Branch Prediction Barrier
[    0.178231] Speculative Store Bypass: Mitigation: Speculative Store Bypass disabled via prctl
[    0.183382] Freeing SMP alternatives memory: 40K
[    0.187419] smpboot: Estimated ratio of average max frequency by base frequency (times 1024): 1433
[    0.187434] smpboot: CPU0: Intel(R) Xeon(R) Gold 6330 CPU @ 2.00GHz (family: 0x6, model: 0x6a, stepping: 0x6)
[    0.187646] cblist_init_generic: Setting adjustable number of callback queues.
[    0.187661] cblist_init_generic: Setting shift to 7 and lim to 1.
[    0.187687] cblist_init_generic: Setting shift to 7 and lim to 1.
[    0.187715] cblist_init_generic: Setting shift to 7 and lim to 1.
[    0.187727] Performance Events: PEBS fmt4+-baseline,  AnyThread deprecated, Icelake events, 32-deep LBR, full-width counters, Intel PMU driver.
[    0.187765] ... version:                5
[    0.187766] ... bit width:              48
[    0.187766] ... generic registers:      8
[    0.187767] ... value mask:             0000ffffffffffff
[    0.187768] ... max period:             00007fffffffffff
[    0.187768] ... fixed-purpose events:   4
[    0.187769] ... event mask:             0001000f000000ff
[    0.187946] rcu: Hierarchical SRCU implementation.
[    0.195180] NMI watchdog: Enabled. Permanently consumes one hw-PMU counter.
[    0.196239] smp: Bringing up secondary CPUs ...
[    0.196363] x86: Booting SMP configuration:
[    0.196364] .... node  #1, CPUs:          #1
[    0.007724] smpboot: CPU 1 Converting physical 0 to logical die 1

[    0.283397] .... node  #0, CPUs:     #2
[    0.288776] .... node  #1, CPUs:     #3
[    0.294211] .... node  #0, CPUs:     #4
[    0.299593] .... node  #1, CPUs:     #5
[    0.304995] .... node  #0, CPUs:     #6
[    0.310593] .... node  #1, CPUs:     #7
[    0.316198] .... node  #0, CPUs:     #8
[    0.321501] .... node  #1, CPUs:     #9
[    0.327395] .... node  #0, CPUs:    #10
[    0.332988] .... node  #1, CPUs:    #11
[    0.338744] .... node  #0, CPUs:    #12
[    0.344272] .... node  #1, CPUs:    #13
[    0.349637] .... node  #0, CPUs:    #14
[    0.354889] .... node  #1, CPUs:    #15
[    0.360216] .... node  #0, CPUs:    #16
[    0.365506] .... node  #1, CPUs:    #17
[    0.370848] .... node  #0, CPUs:    #18
[    0.376112] .... node  #1, CPUs:    #19
[    0.381778] .... node  #0, CPUs:    #20
[    0.387034] .... node  #1, CPUs:    #21
[    0.392659] .... node  #0, CPUs:    #22
[    0.398103] .... node  #1, CPUs:    #23
[    0.403395] .... node  #0, CPUs:    #24
[    0.409046] .... node  #1, CPUs:    #25
[    0.414397] .... node  #0, CPUs:    #26
[    0.419626] .... node  #1, CPUs:    #27
[    0.424955] .... node  #0, CPUs:    #28
[    0.430476] .... node  #1, CPUs:    #29
[    0.435802] .... node  #0, CPUs:    #30
[    0.441052] .... node  #1, CPUs:    #31
[    0.446551] .... node  #0, CPUs:    #32
[    0.451843] .... node  #1, CPUs:    #33
[    0.457230] .... node  #0, CPUs:    #34
[    0.462684] .... node  #1, CPUs:    #35
[    0.468021] .... node  #0, CPUs:    #36
[    0.473250] .... node  #1, CPUs:    #37
[    0.478586] .... node  #0, CPUs:    #38
[    0.484164] .... node  #1, CPUs:    #39
[    0.489701] .... node  #0, CPUs:    #40
[    0.495450] .... node  #1, CPUs:    #41
[    0.501089] .... node  #0, CPUs:    #42
[    0.506407] .... node  #1, CPUs:    #43
[    0.512069] .... node  #0, CPUs:    #44
[    0.517455] .... node  #1, CPUs:    #45
[    0.522936] .... node  #0, CPUs:    #46
[    0.528480] .... node  #1, CPUs:    #47
[    0.533953] .... node  #0, CPUs:    #48
[    0.539448] .... node  #1, CPUs:    #49
[    0.544754] .... node  #0, CPUs:    #50
[    0.550260] .... node  #1, CPUs:    #51
[    0.555915] .... node  #0, CPUs:    #52
[    0.561391] .... node  #1, CPUs:    #53
[    0.567007] .... node  #0, CPUs:    #54
[    0.572712] .... node  #1, CPUs:    #55
[    0.578544] .... node  #0, CPUs:    #56
[    0.584726] .... node  #1, CPUs:    #57
[    0.590647] .... node  #0, CPUs:    #58
[    0.596068] .... node  #1, CPUs:    #59
[    0.601519] .... node  #0, CPUs:    #60
[    0.606918] .... node  #1, CPUs:    #61
[    0.612340] .... node  #0, CPUs:    #62
[    0.617956] .... node  #1, CPUs:    #63
[    0.623577] .... node  #0, CPUs:    #64
[    0.628892] .... node  #1, CPUs:    #65
[    0.634647] .... node  #0, CPUs:    #66
[    0.640410] .... node  #1, CPUs:    #67
[    0.646171] .... node  #0, CPUs:    #68
[    0.651724] .... node  #1, CPUs:    #69
[    0.657122] .... node  #0, CPUs:    #70
[    0.662378] .... node  #1, CPUs:    #71
[    0.667729] .... node  #0, CPUs:    #72
[    0.673037] .... node  #1, CPUs:    #73
[    0.678391] .... node  #0, CPUs:    #74
[    0.683674] .... node  #1, CPUs:    #75
[    0.689352] .... node  #0, CPUs:    #76
[    0.694637] .... node  #1, CPUs:    #77
[    0.700282] .... node  #0, CPUs:    #78
[    0.705751] .... node  #1, CPUs:    #79
[    0.711047] .... node  #0, CPUs:    #80
[    0.716700] .... node  #1, CPUs:    #81
[    0.722092] .... node  #0, CPUs:    #82
[    0.727456] .... node  #1, CPUs:    #83
[    0.732673] .... node  #0, CPUs:    #84
[    0.738213] .... node  #1, CPUs:    #85
[    0.743540] .... node  #0, CPUs:    #86
[    0.748803] .... node  #1, CPUs:    #87
[    0.754329] .... node  #0, CPUs:    #88
[    0.759653] .... node  #1, CPUs:    #89
[    0.765071] .... node  #0, CPUs:    #90
[    0.770537] .... node  #1, CPUs:    #91
[    0.775888] .... node  #0, CPUs:    #92
[    0.781140] .... node  #1, CPUs:    #93
[    0.786503] .... node  #0, CPUs:    #94
[    0.792100] .... node  #1, CPUs:    #95
[    0.797671] .... node  #0, CPUs:    #96
[    0.803452] .... node  #1, CPUs:    #97
[    0.809096] .... node  #0, CPUs:    #98
[    0.814438] .... node  #1, CPUs:    #99
[    0.820129] .... node  #0, CPUs:   #100
[    0.825523] .... node  #1, CPUs:   #101
[    0.831022] .... node  #0, CPUs:   #102
[    0.836581] .... node  #1, CPUs:   #103
[    0.842069] .... node  #0, CPUs:   #104
[    0.847449] .... node  #1, CPUs:   #105
[    0.852901] .... node  #0, CPUs:   #106
[    0.858432] .... node  #1, CPUs:   #107
[    0.864113] .... node  #0, CPUs:   #108
[    0.869614] .... node  #1, CPUs:   #109
[    0.875398] .... node  #0, CPUs:   #110
[    0.880974] .... node  #1, CPUs:   #111
[    0.886827] smp: Brought up 2 nodes, 112 CPUs
[    0.886827] smpboot: Max logical packages: 2
[    0.886827] smpboot: Total of 112 processors activated (448082.88 BogoMIPS)
[    0.890757] devtmpfs: initialized
[    0.890757] x86/mm: Memory block size: 2048MB
[    0.890757] ACPI: PM: Registering ACPI NVS region [mem 0x49e77000-0x4ae76fff] (16777216 bytes)
[    0.891486] ACPI: PM: Registering ACPI NVS region [mem 0x6e3ff000-0x6f3fefff] (16777216 bytes)
[    0.891765] clocksource: jiffies: mask: 0xffffffff max_cycles: 0xffffffff, max_idle_ns: 7645041785100000 ns
[    0.892066] futex hash table entries: 32768 (order: 9, 2097152 bytes, vmalloc)
[    0.892311] pinctrl core: initialized pinctrl subsystem
[    0.892466] PM: RTC time: 17:06:35, date: 2024-07-01
[    0.893400] NET: Registered PF_NETLINK/PF_ROUTE protocol family
[    0.894038] DMA: preallocated 4096 KiB GFP_KERNEL pool for atomic allocations
[    0.894544] DMA: preallocated 4096 KiB GFP_KERNEL|GFP_DMA pool for atomic allocations
[    0.895051] DMA: preallocated 4096 KiB GFP_KERNEL|GFP_DMA32 pool for atomic allocations
[    0.895060] audit: initializing netlink subsys (disabled)
[    0.895068] audit: type=2000 audit(1719853594.748:1): state=initialized audit_enabled=0 res=1
[    0.895068] thermal_sys: Registered thermal governor 'fair_share'
[    0.895068] thermal_sys: Registered thermal governor 'bang_bang'
[    0.895068] thermal_sys: Registered thermal governor 'step_wise'
[    0.895068] thermal_sys: Registered thermal governor 'user_space'
[    0.895068] EISA bus registered
[    0.895300] cpuidle: using governor ladder
[    0.895308] cpuidle: using governor menu
[    0.895331] ACPI FADT declares the system doesn't support PCIe ASPM, so disable it
[    0.895331] acpiphp: ACPI Hot Plug PCI Controller Driver version: 0.5
[    0.895427] PCI: MMCONFIG for domain 0000 [bus 00-ff] at [mem 0x80000000-0x8fffffff] (base 0x80000000)
[    0.895433] PCI: MMCONFIG at [mem 0x80000000-0x8fffffff] reserved in E820
[    0.895439] pmd_set_huge: Cannot satisfy [mem 0x80000000-0x80200000] with a huge-page mapping due to MTRR override.
[    0.895618] PCI: Using configuration type 1 for base access
[    0.895628] PCI: Dell System detected, enabling pci=bfsort.
[    0.897776] ENERGY_PERF_BIAS: Set to 'normal', was 'performance'
[    0.900651] kprobes: kprobe jump-optimization is enabled. All kprobes are optimized if possible.
[    0.900654] HugeTLB registered 1.00 GiB page size, pre-allocated 0 pages
[    0.900654] HugeTLB registered 2.00 MiB page size, pre-allocated 0 pages
[    0.903344] fbcon: Taking over console
[    0.903414] ACPI: Added _OSI(Module Device)
[    0.903415] ACPI: Added _OSI(Processor Device)
[    0.903416] ACPI: Added _OSI(3.0 _SCP Extensions)
[    0.903417] ACPI: Added _OSI(Processor Aggregator Device)
[    0.903418] ACPI: Added _OSI(Linux-Dell-Video)
[    0.903419] ACPI: Added _OSI(Linux-Lenovo-NV-HDMI-Audio)
[    0.903420] ACPI: Added _OSI(Linux-HPI-Hybrid-Graphics)
[    1.073114] ACPI: 8 ACPI AML tables successfully acquired and loaded
[    1.079419] ACPI: [Firmware Bug]: BIOS _OSI(Linux) query ignored
[    1.087311] ACPI: Dynamic OEM Table Load:
[    1.498928] ACPI: Interpreter enabled
[    1.498949] ACPI: PM: (supports S0 S5)
[    1.498951] ACPI: Using IOAPIC for interrupt routing
[    1.499038] HEST: Table parsing has been initialized.
[    1.499223] GHES: APEI firmware first mode is enabled by APEI bit and WHEA _OSC.
[    1.499226] PCI: Using host bridge windows from ACPI; if necessary, use "pci=nocrs" and report a bug
[    1.529072] ACPI: Enabled 4 GPEs in block 00 to 7F
[    1.656866] ACPI: PCI Root Bridge [PC00] (domain 0000 [bus 00-15])
[    1.656873] acpi PNP0A08:00: _OSC: OS supports [ExtendedConfig ASPM ClockPM Segments MSI HPX-Type3]
[    1.726528] acpi PNP0A08:00: _OSC: platform does not support [SHPCHotplug AER LTR]
[    1.726756] acpi PNP0A08:00: _OSC: OS now controls [PCIeHotplug PME PCIeCapability]
[    1.726758] acpi PNP0A08:00: FADT indicates ASPM is unsupported, using BIOS configuration
[    1.728648] PCI host bridge to bus 0000:00
[    1.728650] pci_bus 0000:00: root bus resource [io  0x0000-0x0cf7 window]
[    1.728652] pci_bus 0000:00: root bus resource [io  0x1000-0x4fff window]
[    1.728653] pci_bus 0000:00: root bus resource [mem 0x000a0000-0x000bffff window]
[    1.728654] pci_bus 0000:00: root bus resource [mem 0x000c8000-0x000cffff window]
[    1.728655] pci_bus 0000:00: root bus resource [mem 0xfe010000-0xfe010fff window]
[    1.728657] pci_bus 0000:00: root bus resource [mem 0x90000000-0x9b7fffff window]
[    1.728658] pci_bus 0000:00: root bus resource [mem 0x200000000000-0x20ffffffffff window]
[    1.728659] pci_bus 0000:00: root bus resource [bus 00-15]
[    1.728673] pci 0000:00:00.0: [8086:09a2] type 00 class 0x088000
[    1.728772] pci 0000:00:00.1: [8086:09a4] type 00 class 0x088000
[    1.728840] pci 0000:00:00.2: [8086:09a3] type 00 class 0x088000
[    1.728907] pci 0000:00:00.4: [8086:0998] type 00 class 0x060000
[    1.728974] pci 0000:00:02.0: [8086:09a6] type 00 class 0x088000
[    1.728982] pci 0000:00:02.0: reg 0x10: [mem 0x92dfc000-0x92dfdfff]
[    1.729058] pci 0000:00:02.1: [8086:09a7] type 00 class 0x088000
[    1.729066] pci 0000:00:02.1: reg 0x10: [mem 0x92d00000-0x92d7ffff]
[    1.729072] pci 0000:00:02.1: reg 0x14: [mem 0x92c80000-0x92cfffff]
[    1.729150] pci 0000:00:02.4: [8086:3456] type 00 class 0x130000
[    1.729160] pci 0000:00:02.4: reg 0x10: [mem 0x92a00000-0x92afffff 64bit]
[    1.729166] pci 0000:00:02.4: reg 0x18: [mem 0x92df0000-0x92df3fff 64bit]
[    1.729173] pci 0000:00:02.4: reg 0x20: [mem 0x92dc0000-0x92ddffff 64bit]
[    1.729253] pci 0000:00:11.0: [8086:a1ec] type 00 class 0xff0000
[    1.729255] pci 0000:00:11.0: device has non-compliant BARs; disabling IO/MEM decoding
[    1.729353] pci 0000:00:11.5: [8086:a1d2] type 00 class 0x010601
[    1.729366] pci 0000:00:11.5: reg 0x10: [mem 0x92dfa000-0x92dfbfff]
[    1.729374] pci 0000:00:11.5: reg 0x14: [mem 0x92e05000-0x92e050ff]
[    1.729381] pci 0000:00:11.5: reg 0x18: [io  0x2068-0x206f]
[    1.729389] pci 0000:00:11.5: reg 0x1c: [io  0x2074-0x2077]
[    1.729396] pci 0000:00:11.5: reg 0x20: [io  0x2040-0x205f]
[    1.729403] pci 0000:00:11.5: reg 0x24: [mem 0x92b80000-0x92bfffff]
[    1.729441] pci 0000:00:11.5: PME# supported from D3hot
[    1.729655] pci 0000:00:14.0: [8086:a1af] type 00 class 0x0c0330
[    1.729672] pci 0000:00:14.0: reg 0x10: [mem 0x92de0000-0x92deffff 64bit]
[    1.729736] pci 0000:00:14.0: PME# supported from D3hot D3cold
[    1.729967] pci 0000:00:14.2: [8086:a1b1] type 00 class 0x118000
[    1.729984] pci 0000:00:14.2: reg 0x10: [mem 0x92e02000-0x92e02fff 64bit]
[    1.730108] pci 0000:00:16.0: [8086:a1ba] type 00 class 0x078000
[    1.730131] pci 0000:00:16.0: reg 0x10: [mem 0x92e01000-0x92e01fff 64bit]
[    1.730215] pci 0000:00:16.0: PME# supported from D3hot
[    1.730278] pci 0000:00:16.1: [8086:a1bb] type 00 class 0x078000
[    1.730301] pci 0000:00:16.1: reg 0x10: [mem 0x92e00000-0x92e00fff 64bit]
[    1.730385] pci 0000:00:16.1: PME# supported from D3hot
[    1.730450] pci 0000:00:16.4: [8086:a1be] type 00 class 0x078000
[    1.730474] pci 0000:00:16.4: reg 0x10: [mem 0x92dff000-0x92dfffff 64bit]
[    1.730557] pci 0000:00:16.4: PME# supported from D3hot
[    1.730630] pci 0000:00:17.0: [8086:a182] type 00 class 0x010601
[    1.730642] pci 0000:00:17.0: reg 0x10: [mem 0x92df8000-0x92df9fff]
[    1.730649] pci 0000:00:17.0: reg 0x14: [mem 0x92e04000-0x92e040ff]
[    1.730657] pci 0000:00:17.0: reg 0x18: [io  0x2060-0x2067]
[    1.730664] pci 0000:00:17.0: reg 0x1c: [io  0x2070-0x2073]
[    1.730671] pci 0000:00:17.0: reg 0x20: [io  0x2020-0x203f]
[    1.730678] pci 0000:00:17.0: reg 0x24: [mem 0x92b00000-0x92b7ffff]
[    1.730715] pci 0000:00:17.0: PME# supported from D3hot
[    1.730922] pci 0000:00:1c.0: [8086:a190] type 01 class 0x060400
[    1.730997] pci 0000:00:1c.0: PME# supported from D0 D3hot D3cold
[    1.731662] pci 0000:00:1c.4: [8086:a194] type 01 class 0x060400
[    1.731731] pci 0000:00:1c.4: PME# supported from D0 D3hot D3cold
[    1.732363] pci 0000:00:1c.5: [8086:a195] type 01 class 0x060400
[    1.732434] pci 0000:00:1c.5: PME# supported from D0 D3hot D3cold
[    1.733071] pci 0000:00:1f.0: [8086:a1cb] type 00 class 0x060100
[    1.733369] pci 0000:00:1f.2: [8086:a1a1] type 00 class 0x058000
[    1.733384] pci 0000:00:1f.2: reg 0x10: [mem 0x92df4000-0x92df7fff]
[    1.733628] pci 0000:00:1f.4: [8086:a1a3] type 00 class 0x0c0500
[    1.733647] pci 0000:00:1f.4: reg 0x10: [mem 0x92dfe000-0x92dfe0ff 64bit]
[    1.733670] pci 0000:00:1f.4: reg 0x20: [io  0x2000-0x201f]
[    1.733736] pci 0000:00:1f.5: [8086:a1a4] type 00 class 0x0c8000
[    1.733751] pci 0000:00:1f.5: reg 0x10: [mem 0xfe010000-0xfe010fff]
[    1.733882] pci 0000:00:1c.0: PCI bridge to [bus 01]
[    1.733934] pci 0000:02:00.0: [1556:be00] type 01 class 0x060400
[    1.734104] pci 0000:00:1c.4: PCI bridge to [bus 02-03]
[    1.734108] pci 0000:00:1c.4:   bridge window [mem 0x92000000-0x928fffff]
[    1.734112] pci 0000:00:1c.4:   bridge window [mem 0x91000000-0x91ffffff 64bit pref]
[    1.734144] pci_bus 0000:03: extended config space not accessible
[    1.734161] pci 0000:03:00.0: [102b:0536] type 00 class 0x030000
[    1.734181] pci 0000:03:00.0: reg 0x10: [mem 0x91000000-0x91ffffff pref]
[    1.734192] pci 0000:03:00.0: reg 0x14: [mem 0x92808000-0x9280bfff]
[    1.734202] pci 0000:03:00.0: reg 0x18: [mem 0x92000000-0x927fffff]
[    1.734250] pci 0000:03:00.0: BAR 0: assigned to efifb
[    1.734258] pci 0000:03:00.0: Video device with shadowed ROM at [mem 0x000c0000-0x000dffff]
[    1.734360] pci 0000:02:00.0: PCI bridge to [bus 03]
[    1.734368] pci 0000:02:00.0:   bridge window [mem 0x92000000-0x928fffff]
[    1.734374] pci 0000:02:00.0:   bridge window [mem 0x91000000-0x91ffffff 64bit pref]
[    1.734443] pci 0000:04:00.0: [14e4:165f] type 00 class 0x020000
[    1.734467] pci 0000:04:00.0: reg 0x10: [mem 0x92930000-0x9293ffff 64bit pref]
[    1.734483] pci 0000:04:00.0: reg 0x18: [mem 0x92940000-0x9294ffff 64bit pref]
[    1.734499] pci 0000:04:00.0: reg 0x20: [mem 0x92950000-0x9295ffff 64bit pref]
[    1.734510] pci 0000:04:00.0: reg 0x30: [mem 0xfffc0000-0xffffffff pref]
[    1.734604] pci 0000:04:00.0: PME# supported from D0 D3hot D3cold
[    1.734658] pci 0000:04:00.0: 4.000 Gb/s available PCIe bandwidth, limited by 5.0 GT/s PCIe x1 link at 0000:00:1c.5 (capable of 8.000 Gb/s with 5.0 GT/s PCIe x2 link)
[    1.735218] pci 0000:04:00.1: [14e4:165f] type 00 class 0x020000
[    1.735242] pci 0000:04:00.1: reg 0x10: [mem 0x92900000-0x9290ffff 64bit pref]
[    1.735258] pci 0000:04:00.1: reg 0x18: [mem 0x92910000-0x9291ffff 64bit pref]
[    1.735274] pci 0000:04:00.1: reg 0x20: [mem 0x92920000-0x9292ffff 64bit pref]
[    1.735284] pci 0000:04:00.1: reg 0x30: [mem 0xfffc0000-0xffffffff pref]
[    1.735514] pci 0000:04:00.1: PME# supported from D0 D3hot D3cold
[    1.736100] pci 0000:00:1c.5: PCI bridge to [bus 04]
[    1.736107] pci 0000:00:1c.5:   bridge window [mem 0x92900000-0x929fffff 64bit pref]
[    1.736121] pci_bus 0000:00: on NUMA node 0
[    1.736721] ACPI: PCI Root Bridge [PC01] (domain 0000 [bus 16-2f])
[    1.736725] acpi PNP0A08:01: _OSC: OS supports [ExtendedConfig ASPM ClockPM Segments MSI HPX-Type3]
[    1.751575] acpi PNP0A08:01: _OSC: platform does not support [SHPCHotplug AER]
[    1.751794] acpi PNP0A08:01: _OSC: OS now controls [PCIeHotplug PME PCIeCapability LTR]
[    1.751795] acpi PNP0A08:01: FADT indicates ASPM is unsupported, using BIOS configuration
[    1.751927] PCI host bridge to bus 0000:16
[    1.751929] pci_bus 0000:16: root bus resource [io  0x5000-0x6fff window]
[    1.751930] pci_bus 0000:16: root bus resource [mem 0x9b800000-0xa63fffff window]
[    1.751932] pci_bus 0000:16: root bus resource [mem 0x210000000000-0x21ffffffffff window]
[    1.751933] pci_bus 0000:16: root bus resource [bus 16-2f]
[    1.751943] pci 0000:16:00.0: [8086:09a2] type 00 class 0x088000
[    1.752013] pci 0000:16:00.1: [8086:09a4] type 00 class 0x088000
[    1.752074] pci 0000:16:00.2: [8086:09a3] type 00 class 0x088000
[    1.752137] pci 0000:16:00.4: [8086:0998] type 00 class 0x060000
[    1.752209] pci 0000:16:02.0: [8086:347a] type 01 class 0x060400
[    1.752219] pci 0000:16:02.0: reg 0x10: [mem 0x21fffff00000-0x21fffff1ffff 64bit]
[    1.752257] pci 0000:16:02.0: PME# supported from D0 D3hot D3cold
[    1.753207] pci 0000:17:00.0: [1000:10e2] type 00 class 0x010400
[    1.753220] pci 0000:17:00.0: reg 0x10: [mem 0x9b800000-0x9b8fffff 64bit pref]
[    1.753229] pci 0000:17:00.0: reg 0x18: [mem 0x9b900000-0x9b9fffff 64bit pref]
[    1.753235] pci 0000:17:00.0: reg 0x20: [mem 0x9ba00000-0x9bafffff]
[    1.753240] pci 0000:17:00.0: reg 0x24: [io  0x5000-0x50ff]
[    1.753246] pci 0000:17:00.0: reg 0x30: [mem 0xfff00000-0xffffffff pref]
[    1.754365] pci 0000:17:00.0: supports D1 D2
[    1.754433] pci 0000:16:02.0: PCI bridge to [bus 17]
[    1.754435] pci 0000:16:02.0:   bridge window [io  0x5000-0x5fff]
[    1.754437] pci 0000:16:02.0:   bridge window [mem 0x9ba00000-0x9bafffff]
[    1.754440] pci 0000:16:02.0:   bridge window [mem 0x9b800000-0x9b9fffff 64bit pref]
[    1.754446] pci_bus 0000:16: on NUMA node 0
[    1.754523] ACPI: PCI Root Bridge [PC02] (domain 0000 [bus 30-49])
[    1.754527] acpi PNP0A08:02: _OSC: OS supports [ExtendedConfig ASPM ClockPM Segments MSI HPX-Type3]
[    1.769050] acpi PNP0A08:02: _OSC: platform does not support [SHPCHotplug AER]
[    1.769265] acpi PNP0A08:02: _OSC: OS now controls [PCIeHotplug PME PCIeCapability LTR]
[    1.769266] acpi PNP0A08:02: FADT indicates ASPM is unsupported, using BIOS configuration
[    1.769387] PCI host bridge to bus 0000:30
[    1.769388] pci_bus 0000:30: root bus resource [io  0x7000-0x8fff window]
[    1.769390] pci_bus 0000:30: root bus resource [mem 0xa6400000-0xb0ffffff window]
[    1.769391] pci_bus 0000:30: root bus resource [mem 0x220000000000-0x22ffffffffff window]
[    1.769392] pci_bus 0000:30: root bus resource [bus 30-49]
[    1.769402] pci 0000:30:00.0: [8086:09a2] type 00 class 0x088000
[    1.769467] pci 0000:30:00.1: [8086:09a4] type 00 class 0x088000
[    1.769528] pci 0000:30:00.2: [8086:09a3] type 00 class 0x088000
[    1.769589] pci 0000:30:00.4: [8086:0998] type 00 class 0x060000
[    1.769657] pci_bus 0000:30: on NUMA node 0
[    1.769759] ACPI: PCI Root Bridge [PC04] (domain 0000 [bus 4a-63])
[    1.769762] acpi PNP0A08:04: _OSC: OS supports [ExtendedConfig ASPM ClockPM Segments MSI HPX-Type3]
[    1.784187] acpi PNP0A08:04: _OSC: platform does not support [SHPCHotplug AER]
[    1.784399] acpi PNP0A08:04: _OSC: OS now controls [PCIeHotplug PME PCIeCapability LTR]
[    1.784400] acpi PNP0A08:04: FADT indicates ASPM is unsupported, using BIOS configuration
[    1.784522] PCI host bridge to bus 0000:4a
[    1.784523] pci_bus 0000:4a: root bus resource [io  0x9000-0x9fff window]
[    1.784525] pci_bus 0000:4a: root bus resource [mem 0xb1000000-0xbbbfffff window]
[    1.784526] pci_bus 0000:4a: root bus resource [mem 0x230000000000-0x23ffffffffff window]
[    1.784527] pci_bus 0000:4a: root bus resource [bus 4a-63]
[    1.784536] pci 0000:4a:00.0: [8086:09a2] type 00 class 0x088000
[    1.784603] pci 0000:4a:00.1: [8086:09a4] type 00 class 0x088000
[    1.784671] pci 0000:4a:00.2: [8086:09a3] type 00 class 0x088000
[    1.784733] pci 0000:4a:00.4: [8086:0998] type 00 class 0x060000
[    1.784802] pci_bus 0000:4a: on NUMA node 0
[    1.784875] ACPI: PCI Root Bridge [PC05] (domain 0000 [bus 64-7d])
[    1.784878] acpi PNP0A08:05: _OSC: OS supports [ExtendedConfig ASPM ClockPM Segments MSI HPX-Type3]
[    1.799316] acpi PNP0A08:05: _OSC: platform does not support [SHPCHotplug AER]
[    1.799530] acpi PNP0A08:05: _OSC: OS now controls [PCIeHotplug PME PCIeCapability LTR]
[    1.799531] acpi PNP0A08:05: FADT indicates ASPM is unsupported, using BIOS configuration
[    1.799651] PCI host bridge to bus 0000:64
[    1.799652] pci_bus 0000:64: root bus resource [io  0xa000-0xafff window]
[    1.799653] pci_bus 0000:64: root bus resource [mem 0xbbc00000-0xc5ffffff window]
[    1.799655] pci_bus 0000:64: root bus resource [mem 0x240000000000-0x24ffffffffff window]
[    1.799656] pci_bus 0000:64: root bus resource [bus 64-7d]
[    1.799665] pci 0000:64:00.0: [8086:09a2] type 00 class 0x088000
[    1.799730] pci 0000:64:00.1: [8086:09a4] type 00 class 0x088000
[    1.799790] pci 0000:64:00.2: [8086:09a3] type 00 class 0x088000
[    1.799852] pci 0000:64:00.4: [8086:0998] type 00 class 0x060000
[    1.799922] pci_bus 0000:64: on NUMA node 0
[    1.799988] ACPI: PCI Root Bridge [UC06] (domain 0000 [bus 7e])
[    1.799990] acpi PNP0A03:00: _OSC: OS supports [ExtendedConfig ASPM ClockPM Segments MSI HPX-Type3]
[    1.800088] acpi PNP0A03:00: _OSC: platform does not support [SHPCHotplug AER LTR]
[    1.800266] acpi PNP0A03:00: _OSC: OS now controls [PCIeHotplug PME PCIeCapability]
[    1.800267] acpi PNP0A03:00: FADT indicates ASPM is unsupported, using BIOS configuration
[    1.800401] PCI host bridge to bus 0000:7e
[    1.800402] pci_bus 0000:7e: root bus resource [bus 7e]
[    1.800410] pci 0000:7e:00.0: [8086:3450] type 00 class 0x088000
[    1.800482] pci 0000:7e:00.1: [8086:3451] type 00 class 0x088000
[    1.800540] pci 0000:7e:00.2: [8086:3452] type 00 class 0x088000
[    1.800608] pci 0000:7e:00.3: [8086:0998] type 00 class 0x060000
[    1.800664] pci 0000:7e:00.5: [8086:3455] type 00 class 0x088000
[    1.800724] pci 0000:7e:02.0: [8086:3440] type 00 class 0x088000
[    1.800850] pci 0000:7e:02.1: [8086:3441] type 00 class 0x088000
[    1.800957] pci 0000:7e:02.2: [8086:3442] type 00 class 0x088000
[    1.801063] pci 0000:7e:03.0: [8086:3440] type 00 class 0x088000
[    1.801154] pci 0000:7e:03.1: [8086:3441] type 00 class 0x088000
[    1.801231] pci 0000:7e:03.2: [8086:3442] type 00 class 0x088000
[    1.801312] pci 0000:7e:04.0: [8086:3440] type 00 class 0x088000
[    1.801432] pci 0000:7e:04.1: [8086:3441] type 00 class 0x088000
[    1.801547] pci 0000:7e:04.2: [8086:3442] type 00 class 0x088000
[    1.801662] pci 0000:7e:04.3: [8086:3443] type 00 class 0x088000
[    1.801780] pci 0000:7e:05.0: [8086:3445] type 00 class 0x088000
[    1.801906] pci 0000:7e:05.1: [8086:3446] type 00 class 0x088000
[    1.802016] pci 0000:7e:05.2: [8086:3447] type 00 class 0x088000
[    1.802130] pci 0000:7e:06.0: [8086:3445] type 00 class 0x088000
[    1.802224] pci 0000:7e:06.1: [8086:3446] type 00 class 0x088000
[    1.802308] pci 0000:7e:06.2: [8086:3447] type 00 class 0x088000
[    1.802392] pci 0000:7e:07.0: [8086:3445] type 00 class 0x088000
[    1.802525] pci 0000:7e:07.1: [8086:3446] type 00 class 0x088000
[    1.802644] pci 0000:7e:07.2: [8086:3447] type 00 class 0x088000
[    1.802759] pci 0000:7e:0b.0: [8086:3448] type 00 class 0x088000
[    1.802836] pci 0000:7e:0b.1: [8086:3448] type 00 class 0x088000
[    1.802902] pci 0000:7e:0b.2: [8086:344b] type 00 class 0x088000
[    1.802969] pci 0000:7e:0c.0: [8086:344a] type 00 class 0x110100
[    1.803071] pci 0000:7e:0d.0: [8086:344a] type 00 class 0x110100
[    1.803170] pci 0000:7e:0e.0: [8086:344a] type 00 class 0x110100
[    1.803314] pci 0000:7e:0f.0: [8086:344a] type 00 class 0x110100
[    1.803467] pci 0000:7e:1a.0: [8086:2880] type 00 class 0x110100
[    1.803568] pci 0000:7e:1b.0: [8086:2880] type 00 class 0x110100
[    1.803665] pci 0000:7e:1c.0: [8086:2880] type 00 class 0x110100
[    1.803821] pci 0000:7e:1d.0: [8086:2880] type 00 class 0x110100
[    1.803967] pci_bus 0000:7e: on NUMA node 0
[    1.804050] ACPI: PCI Root Bridge [UC07] (domain 0000 [bus 7f])
[    1.804053] acpi PNP0A03:01: _OSC: OS supports [ExtendedConfig ASPM ClockPM Segments MSI HPX-Type3]
[    1.804152] acpi PNP0A03:01: _OSC: platform does not support [SHPCHotplug AER LTR]
[    1.804333] acpi PNP0A03:01: _OSC: OS now controls [PCIeHotplug PME PCIeCapability]
[    1.804334] acpi PNP0A03:01: FADT indicates ASPM is unsupported, using BIOS configuration
[    1.804480] PCI host bridge to bus 0000:7f
[    1.804481] pci_bus 0000:7f: root bus resource [bus 7f]
[    1.804495] pci 0000:7f:00.0: [8086:344c] type 00 class 0x088000
[    1.804609] pci 0000:7f:00.1: [8086:344c] type 00 class 0x088000
[    1.804719] pci 0000:7f:00.2: [8086:344c] type 00 class 0x088000
[    1.804829] pci 0000:7f:00.3: [8086:344c] type 00 class 0x088000
[    1.804918] pci 0000:7f:00.4: [8086:344c] type 00 class 0x088000
[    1.805037] pci 0000:7f:00.5: [8086:344c] type 00 class 0x088000
[    1.805153] pci 0000:7f:00.6: [8086:344c] type 00 class 0x088000
[    1.805233] pci 0000:7f:00.7: [8086:344c] type 00 class 0x088000
[    1.805315] pci 0000:7f:01.0: [8086:344c] type 00 class 0x088000
[    1.805456] pci 0000:7f:01.1: [8086:344c] type 00 class 0x088000
[    1.805574] pci 0000:7f:01.2: [8086:344c] type 00 class 0x088000
[    1.805652] pci 0000:7f:01.3: [8086:344c] type 00 class 0x088000
[    1.805783] pci 0000:7f:01.4: [8086:344c] type 00 class 0x088000
[    1.805914] pci 0000:7f:01.5: [8086:344c] type 00 class 0x088000
[    1.806049] pci 0000:7f:01.6: [8086:344c] type 00 class 0x088000
[    1.806176] pci 0000:7f:01.7: [8086:344c] type 00 class 0x088000
[    1.806304] pci 0000:7f:02.0: [8086:344c] type 00 class 0x088000
[    1.806447] pci 0000:7f:02.1: [8086:344c] type 00 class 0x088000
[    1.806578] pci 0000:7f:02.2: [8086:344c] type 00 class 0x088000
[    1.806708] pci 0000:7f:02.3: [8086:344c] type 00 class 0x088000
[    1.806846] pci 0000:7f:02.4: [8086:344c] type 00 class 0x088000
[    1.806981] pci 0000:7f:02.5: [8086:344c] type 00 class 0x088000
[    1.807118] pci 0000:7f:02.6: [8086:344c] type 00 class 0x088000
[    1.807269] pci 0000:7f:02.7: [8086:344c] type 00 class 0x088000
[    1.807414] pci 0000:7f:03.0: [8086:344c] type 00 class 0x088000
[    1.807573] pci 0000:7f:03.1: [8086:344c] type 00 class 0x088000
[    1.807726] pci 0000:7f:03.2: [8086:344c] type 00 class 0x088000
[    1.807874] pci 0000:7f:03.3: [8086:344c] type 00 class 0x088000
[    1.808032] pci 0000:7f:0a.0: [8086:344d] type 00 class 0x088000
[    1.808146] pci 0000:7f:0a.1: [8086:344d] type 00 class 0x088000
[    1.808255] pci 0000:7f:0a.2: [8086:344d] type 00 class 0x088000
[    1.808370] pci 0000:7f:0a.3: [8086:344d] type 00 class 0x088000
[    1.808461] pci 0000:7f:0a.4: [8086:344d] type 00 class 0x088000
[    1.808580] pci 0000:7f:0a.5: [8086:344d] type 00 class 0x088000
[    1.808697] pci 0000:7f:0a.6: [8086:344d] type 00 class 0x088000
[    1.808774] pci 0000:7f:0a.7: [8086:344d] type 00 class 0x088000
[    1.808856] pci 0000:7f:0b.0: [8086:344d] type 00 class 0x088000
[    1.809001] pci 0000:7f:0b.1: [8086:344d] type 00 class 0x088000
[    1.809119] pci 0000:7f:0b.2: [8086:344d] type 00 class 0x088000
[    1.809203] pci 0000:7f:0b.3: [8086:344d] type 00 class 0x088000
[    1.809334] pci 0000:7f:0b.4: [8086:344d] type 00 class 0x088000
[    1.809466] pci 0000:7f:0b.5: [8086:344d] type 00 class 0x088000
[    1.809601] pci 0000:7f:0b.6: [8086:344d] type 00 class 0x088000
[    1.809721] pci 0000:7f:0b.7: [8086:344d] type 00 class 0x088000
[    1.809848] pci 0000:7f:0c.0: [8086:344d] type 00 class 0x088000
[    1.809993] pci 0000:7f:0c.1: [8086:344d] type 00 class 0x088000
[    1.810124] pci 0000:7f:0c.2: [8086:344d] type 00 class 0x088000
[    1.810261] pci 0000:7f:0c.3: [8086:344d] type 00 class 0x088000
[    1.810399] pci 0000:7f:0c.4: [8086:344d] type 00 class 0x088000
[    1.810536] pci 0000:7f:0c.5: [8086:344d] type 00 class 0x088000
[    1.810673] pci 0000:7f:0c.6: [8086:344d] type 00 class 0x088000
[    1.810819] pci 0000:7f:0c.7: [8086:344d] type 00 class 0x088000
[    1.810966] pci 0000:7f:0d.0: [8086:344d] type 00 class 0x088000
[    1.811128] pci 0000:7f:0d.1: [8086:344d] type 00 class 0x088000
[    1.811279] pci 0000:7f:0d.2: [8086:344d] type 00 class 0x088000
[    1.811430] pci 0000:7f:0d.3: [8086:344d] type 00 class 0x088000
[    1.811600] pci 0000:7f:1d.0: [8086:344f] type 00 class 0x088000
[    1.811721] pci 0000:7f:1d.1: [8086:3457] type 00 class 0x088000
[    1.811826] pci 0000:7f:1e.0: [8086:3458] type 00 class 0x088000
[    1.811911] pci 0000:7f:1e.1: [8086:3459] type 00 class 0x088000
[    1.811974] pci 0000:7f:1e.2: [8086:345a] type 00 class 0x088000
[    1.812037] pci 0000:7f:1e.3: [8086:345b] type 00 class 0x088000
[    1.812098] pci 0000:7f:1e.4: [8086:345c] type 00 class 0x088000
[    1.812164] pci 0000:7f:1e.5: [8086:345d] type 00 class 0x088000
[    1.812225] pci 0000:7f:1e.6: [8086:345e] type 00 class 0x088000
[    1.812286] pci 0000:7f:1e.7: [8086:345f] type 00 class 0x088000
[    1.812344] pci_bus 0000:7f: on NUMA node 0
[    1.812450] ACPI: PCI Root Bridge [PC06] (domain 0000 [bus 80])
[    1.812453] acpi PNP0A08:06: _OSC: OS supports [ExtendedConfig ASPM ClockPM Segments MSI HPX-Type3]
[    1.826915] acpi PNP0A08:06: _OSC: platform does not support [SHPCHotplug AER]
[    1.827128] acpi PNP0A08:06: _OSC: OS now controls [PCIeHotplug PME PCIeCapability LTR]
[    1.827129] acpi PNP0A08:06: FADT indicates ASPM is unsupported, using BIOS configuration
[    1.827277] PCI host bridge to bus 0000:80
[    1.827278] pci_bus 0000:80: root bus resource [io  0xb000-0xbfff window]
[    1.827279] pci_bus 0000:80: root bus resource [mem 0xc6800000-0xd0ffffff window]
[    1.827281] pci_bus 0000:80: root bus resource [mem 0x250000000000-0x25ffffffffff window]
[    1.827282] pci_bus 0000:80: root bus resource [bus 80]
[    1.827293] pci 0000:80:00.0: [8086:09a2] type 00 class 0x088000
[    1.827379] pci 0000:80:00.1: [8086:09a4] type 00 class 0x088000
[    1.827448] pci 0000:80:00.2: [8086:09a3] type 00 class 0x088000
[    1.827521] pci 0000:80:00.4: [8086:0998] type 00 class 0x060000
[    1.827591] pci 0000:80:02.0: [8086:09a6] type 00 class 0x088000
[    1.827600] pci 0000:80:02.0: reg 0x10: [mem 0xc6aa4000-0xc6aa5fff]
[    1.827662] pci 0000:80:02.1: [8086:09a7] type 00 class 0x088000
[    1.827670] pci 0000:80:02.1: reg 0x10: [mem 0xc6a00000-0xc6a7ffff]
[    1.827676] pci 0000:80:02.1: reg 0x14: [mem 0xc6980000-0xc69fffff]
[    1.827731] pci 0000:80:02.4: [8086:3456] type 00 class 0x130000
[    1.827742] pci 0000:80:02.4: reg 0x10: [mem 0xc6800000-0xc68fffff 64bit]
[    1.827749] pci 0000:80:02.4: reg 0x18: [mem 0xc6aa0000-0xc6aa3fff 64bit]
[    1.827756] pci 0000:80:02.4: reg 0x20: [mem 0xc6a80000-0xc6a9ffff 64bit]
[    1.827822] pci_bus 0000:80: on NUMA node 1
[    1.827902] ACPI: PCI Root Bridge [PC07] (domain 0000 [bus 81])
[    1.827905] acpi PNP0A08:07: _OSC: OS supports [ExtendedConfig ASPM ClockPM Segments MSI HPX-Type3]
[    1.842311] acpi PNP0A08:07: _OSC: platform does not support [SHPCHotplug AER]
[    1.842523] acpi PNP0A08:07: _OSC: OS now controls [PCIeHotplug PME PCIeCapability LTR]
[    1.842524] acpi PNP0A08:07: FADT indicates ASPM is unsupported, using BIOS configuration
[    1.842643] PCI host bridge to bus 0000:81
[    1.842644] pci_bus 0000:81: root bus resource [io  0xc000-0xcfff window]
[    1.842645] pci_bus 0000:81: root bus resource [mem 0xd1000000-0xdbbfffff window]
[    1.842647] pci_bus 0000:81: root bus resource [mem 0x260000000000-0x26ffffffffff window]
[    1.842648] pci_bus 0000:81: root bus resource [bus 81]
[    1.842658] pci 0000:81:00.0: [8086:09a2] type 00 class 0x088000
[    1.842725] pci 0000:81:00.1: [8086:09a4] type 00 class 0x088000
[    1.842792] pci 0000:81:00.2: [8086:09a3] type 00 class 0x088000
[    1.842861] pci 0000:81:00.4: [8086:0998] type 00 class 0x060000
[    1.842938] pci_bus 0000:81: on NUMA node 1
[    1.843011] ACPI: PCI Root Bridge [PC08] (domain 0000 [bus 82])
[    1.843013] acpi PNP0A08:08: _OSC: OS supports [ExtendedConfig ASPM ClockPM Segments MSI HPX-Type3]
[    1.857452] acpi PNP0A08:08: _OSC: platform does not support [SHPCHotplug AER]
[    1.857663] acpi PNP0A08:08: _OSC: OS now controls [PCIeHotplug PME PCIeCapability LTR]
[    1.857664] acpi PNP0A08:08: FADT indicates ASPM is unsupported, using BIOS configuration
[    1.857781] PCI host bridge to bus 0000:82
[    1.857782] pci_bus 0000:82: root bus resource [io  0xd000-0xdfff window]
[    1.857783] pci_bus 0000:82: root bus resource [mem 0xdbc00000-0xe67fffff window]
[    1.857785] pci_bus 0000:82: root bus resource [mem 0x270000000000-0x27ffffffffff window]
[    1.857786] pci_bus 0000:82: root bus resource [bus 82]
[    1.857796] pci 0000:82:00.0: [8086:09a2] type 00 class 0x088000
[    1.857864] pci 0000:82:00.1: [8086:09a4] type 00 class 0x088000
[    1.857935] pci 0000:82:00.2: [8086:09a3] type 00 class 0x088000
[    1.858002] pci 0000:82:00.4: [8086:0998] type 00 class 0x060000
[    1.858079] pci_bus 0000:82: on NUMA node 1
[    1.858181] ACPI: PCI Root Bridge [PC10] (domain 0000 [bus 83-f9])
[    1.858183] acpi PNP0A08:0a: _OSC: OS supports [ExtendedConfig ASPM ClockPM Segments MSI HPX-Type3]
[    1.872639] acpi PNP0A08:0a: _OSC: platform does not support [SHPCHotplug AER]
[    1.872850] acpi PNP0A08:0a: _OSC: OS now controls [PCIeHotplug PME PCIeCapability LTR]
[    1.872851] acpi PNP0A08:0a: FADT indicates ASPM is unsupported, using BIOS configuration
[    1.872977] PCI host bridge to bus 0000:83
[    1.872978] pci_bus 0000:83: root bus resource [io  0xe000-0xefff window]
[    1.872980] pci_bus 0000:83: root bus resource [mem 0xe6800000-0xf13fffff window]
[    1.872981] pci_bus 0000:83: root bus resource [mem 0x280000000000-0x28ffffffffff window]
[    1.872982] pci_bus 0000:83: root bus resource [bus 83-f9]
[    1.872992] pci 0000:83:00.0: [8086:09a2] type 00 class 0x088000
[    1.873062] pci 0000:83:00.1: [8086:09a4] type 00 class 0x088000
[    1.873129] pci 0000:83:00.2: [8086:09a3] type 00 class 0x088000
[    1.873199] pci 0000:83:00.4: [8086:0998] type 00 class 0x060000
[    1.873276] pci_bus 0000:83: on NUMA node 1
[    1.873349] ACPI: PCI Root Bridge [PC11] (domain 0000 [bus fa])
[    1.873352] acpi PNP0A08:0b: _OSC: OS supports [ExtendedConfig ASPM ClockPM Segments MSI HPX-Type3]
[    1.887806] acpi PNP0A08:0b: _OSC: platform does not support [SHPCHotplug AER]
[    1.888017] acpi PNP0A08:0b: _OSC: OS now controls [PCIeHotplug PME PCIeCapability LTR]
[    1.888019] acpi PNP0A08:0b: FADT indicates ASPM is unsupported, using BIOS configuration
[    1.888135] PCI host bridge to bus 0000:fa
[    1.888137] pci_bus 0000:fa: root bus resource [io  0xf000-0xffff window]
[    1.888138] pci_bus 0000:fa: root bus resource [mem 0xf1400000-0xfb7fffff window]
[    1.888140] pci_bus 0000:fa: root bus resource [mem 0x290000000000-0x29ffffffffff window]
[    1.888141] pci_bus 0000:fa: root bus resource [bus fa]
[    1.888151] pci 0000:fa:00.0: [8086:09a2] type 00 class 0x088000
[    1.888220] pci 0000:fa:00.1: [8086:09a4] type 00 class 0x088000
[    1.888294] pci 0000:fa:00.2: [8086:09a3] type 00 class 0x088000
[    1.888363] pci 0000:fa:00.4: [8086:0998] type 00 class 0x060000
[    1.888442] pci_bus 0000:fa: on NUMA node 1
[    1.888507] ACPI: PCI Root Bridge [UC16] (domain 0000 [bus fe])
[    1.888510] acpi PNP0A03:02: _OSC: OS supports [ExtendedConfig ASPM ClockPM Segments MSI HPX-Type3]
[    1.888606] acpi PNP0A03:02: _OSC: platform does not support [SHPCHotplug AER LTR]
[    1.888785] acpi PNP0A03:02: _OSC: OS now controls [PCIeHotplug PME PCIeCapability]
[    1.888786] acpi PNP0A03:02: FADT indicates ASPM is unsupported, using BIOS configuration
[    1.888916] PCI host bridge to bus 0000:fe
[    1.888917] pci_bus 0000:fe: root bus resource [bus fe]
[    1.888926] pci 0000:fe:00.0: [8086:3450] type 00 class 0x088000
[    1.889000] pci 0000:fe:00.1: [8086:3451] type 00 class 0x088000
[    1.889059] pci 0000:fe:00.2: [8086:3452] type 00 class 0x088000
[    1.889117] pci 0000:fe:00.3: [8086:0998] type 00 class 0x060000
[    1.889176] pci 0000:fe:00.5: [8086:3455] type 00 class 0x088000
[    1.889242] pci 0000:fe:02.0: [8086:3440] type 00 class 0x088000
[    1.889385] pci 0000:fe:02.1: [8086:3441] type 00 class 0x088000
[    1.889497] pci 0000:fe:02.2: [8086:3442] type 00 class 0x088000
[    1.889608] pci 0000:fe:03.0: [8086:3440] type 00 class 0x088000
[    1.889706] pci 0000:fe:03.1: [8086:3441] type 00 class 0x088000
[    1.889785] pci 0000:fe:03.2: [8086:3442] type 00 class 0x088000
[    1.889872] pci 0000:fe:04.0: [8086:3440] type 00 class 0x088000
[    1.889995] pci 0000:fe:04.1: [8086:3441] type 00 class 0x088000
[    1.890117] pci 0000:fe:04.2: [8086:3442] type 00 class 0x088000
[    1.890242] pci 0000:fe:04.3: [8086:3443] type 00 class 0x088000
[    1.890366] pci 0000:fe:05.0: [8086:3445] type 00 class 0x088000
[    1.890500] pci 0000:fe:05.1: [8086:3446] type 00 class 0x088000
[    1.890616] pci 0000:fe:05.2: [8086:3447] type 00 class 0x088000
[    1.890730] pci 0000:fe:06.0: [8086:3445] type 00 class 0x088000
[    1.890827] pci 0000:fe:06.1: [8086:3446] type 00 class 0x088000
[    1.890908] pci 0000:fe:06.2: [8086:3447] type 00 class 0x088000
[    1.890999] pci 0000:fe:07.0: [8086:3445] type 00 class 0x088000
[    1.891144] pci 0000:fe:07.1: [8086:3446] type 00 class 0x088000
[    1.891266] pci 0000:fe:07.2: [8086:3447] type 00 class 0x088000
[    1.891386] pci 0000:fe:0b.0: [8086:3448] type 00 class 0x088000
[    1.891467] pci 0000:fe:0b.1: [8086:3448] type 00 class 0x088000
[    1.891535] pci 0000:fe:0b.2: [8086:344b] type 00 class 0x088000
[    1.891607] pci 0000:fe:0c.0: [8086:344a] type 00 class 0x110100
[    1.891715] pci 0000:fe:0d.0: [8086:344a] type 00 class 0x110100
[    1.891820] pci 0000:fe:0e.0: [8086:344a] type 00 class 0x110100
[    1.891973] pci 0000:fe:0f.0: [8086:344a] type 00 class 0x110100
[    1.892132] pci 0000:fe:1a.0: [8086:2880] type 00 class 0x110100
[    1.892236] pci 0000:fe:1b.0: [8086:2880] type 00 class 0x110100
[    1.892339] pci 0000:fe:1c.0: [8086:2880] type 00 class 0x110100
[    1.892495] pci 0000:fe:1d.0: [8086:2880] type 00 class 0x110100
[    1.892647] pci_bus 0000:fe: on NUMA node 1
[    1.892727] ACPI: PCI Root Bridge [UC17] (domain 0000 [bus ff])
[    1.892729] acpi PNP0A03:03: _OSC: OS supports [ExtendedConfig ASPM ClockPM Segments MSI HPX-Type3]
[    1.892828] acpi PNP0A03:03: _OSC: platform does not support [SHPCHotplug AER LTR]
[    1.893006] acpi PNP0A03:03: _OSC: OS now controls [PCIeHotplug PME PCIeCapability]
[    1.893007] acpi PNP0A03:03: FADT indicates ASPM is unsupported, using BIOS configuration
[    1.893154] PCI host bridge to bus 0000:ff
[    1.893155] pci_bus 0000:ff: root bus resource [bus ff]
[    1.893169] pci 0000:ff:00.0: [8086:344c] type 00 class 0x088000
[    1.893289] pci 0000:ff:00.1: [8086:344c] type 00 class 0x088000
[    1.893402] pci 0000:ff:00.2: [8086:344c] type 00 class 0x088000
[    1.893504] pci 0000:ff:00.3: [8086:344c] type 00 class 0x088000
[    1.893630] pci 0000:ff:00.4: [8086:344c] type 00 class 0x088000
[    1.893747] pci 0000:ff:00.5: [8086:344c] type 00 class 0x088000
[    1.893840] pci 0000:ff:00.6: [8086:344c] type 00 class 0x088000
[    1.893965] pci 0000:ff:00.7: [8086:344c] type 00 class 0x088000
[    1.894091] pci 0000:ff:01.0: [8086:344c] type 00 class 0x088000
[    1.894238] pci 0000:ff:01.1: [8086:344c] type 00 class 0x088000
[    1.894361] pci 0000:ff:01.2: [8086:344c] type 00 class 0x088000
[    1.894450] pci 0000:ff:01.3: [8086:344c] type 00 class 0x088000
[    1.894587] pci 0000:ff:01.4: [8086:344c] type 00 class 0x088000
[    1.894723] pci 0000:ff:01.5: [8086:344c] type 00 class 0x088000
[    1.894862] pci 0000:ff:01.6: [8086:344c] type 00 class 0x088000
[    1.894988] pci 0000:ff:01.7: [8086:344c] type 00 class 0x088000
[    1.895120] pci 0000:ff:02.0: [8086:344c] type 00 class 0x088000
[    1.895273] pci 0000:ff:02.1: [8086:344c] type 00 class 0x088000
[    1.895404] pci 0000:ff:02.2: [8086:344c] type 00 class 0x088000
[    1.895550] pci 0000:ff:02.3: [8086:344c] type 00 class 0x088000
[    1.895686] pci 0000:ff:02.4: [8086:344c] type 00 class 0x088000
[    1.895822] pci 0000:ff:02.5: [8086:344c] type 00 class 0x088000
[    1.895966] pci 0000:ff:02.6: [8086:344c] type 00 class 0x088000
[    1.896108] pci 0000:ff:02.7: [8086:344c] type 00 class 0x088000
[    1.896259] pci 0000:ff:03.0: [8086:344c] type 00 class 0x088000
[    1.896426] pci 0000:ff:03.1: [8086:344c] type 00 class 0x088000
[    1.896575] pci 0000:ff:03.2: [8086:344c] type 00 class 0x088000
[    1.896738] pci 0000:ff:03.3: [8086:344c] type 00 class 0x088000
[    1.896902] pci 0000:ff:0a.0: [8086:344d] type 00 class 0x088000
[    1.897020] pci 0000:ff:0a.1: [8086:344d] type 00 class 0x088000
[    1.897132] pci 0000:ff:0a.2: [8086:344d] type 00 class 0x088000
[    1.897231] pci 0000:ff:0a.3: [8086:344d] type 00 class 0x088000
[    1.897350] pci 0000:ff:0a.4: [8086:344d] type 00 class 0x088000
[    1.897466] pci 0000:ff:0a.5: [8086:344d] type 00 class 0x088000
[    1.897559] pci 0000:ff:0a.6: [8086:344d] type 00 class 0x088000
[    1.897687] pci 0000:ff:0a.7: [8086:344d] type 00 class 0x088000
[    1.897813] pci 0000:ff:0b.0: [8086:344d] type 00 class 0x088000
[    1.897959] pci 0000:ff:0b.1: [8086:344d] type 00 class 0x088000
[    1.898082] pci 0000:ff:0b.2: [8086:344d] type 00 class 0x088000
[    1.898165] pci 0000:ff:0b.3: [8086:344d] type 00 class 0x088000
[    1.898302] pci 0000:ff:0b.4: [8086:344d] type 00 class 0x088000
[    1.898438] pci 0000:ff:0b.5: [8086:344d] type 00 class 0x088000
[    1.898577] pci 0000:ff:0b.6: [8086:344d] type 00 class 0x088000
[    1.898708] pci 0000:ff:0b.7: [8086:344d] type 00 class 0x088000
[    1.898840] pci 0000:ff:0c.0: [8086:344d] type 00 class 0x088000
[    1.898987] pci 0000:ff:0c.1: [8086:344d] type 00 class 0x088000
[    1.899119] pci 0000:ff:0c.2: [8086:344d] type 00 class 0x088000
[    1.899257] pci 0000:ff:0c.3: [8086:344d] type 00 class 0x088000
[    1.899392] pci 0000:ff:0c.4: [8086:344d] type 00 class 0x088000
[    1.899529] pci 0000:ff:0c.5: [8086:344d] type 00 class 0x088000
[    1.899673] pci 0000:ff:0c.6: [8086:344d] type 00 class 0x088000
[    1.899818] pci 0000:ff:0c.7: [8086:344d] type 00 class 0x088000
[    1.899970] pci 0000:ff:0d.0: [8086:344d] type 00 class 0x088000
[    1.900136] pci 0000:ff:0d.1: [8086:344d] type 00 class 0x088000
[    1.900285] pci 0000:ff:0d.2: [8086:344d] type 00 class 0x088000
[    1.900444] pci 0000:ff:0d.3: [8086:344d] type 00 class 0x088000
[    1.900618] pci 0000:ff:1d.0: [8086:344f] type 00 class 0x088000
[    1.900745] pci 0000:ff:1d.1: [8086:3457] type 00 class 0x088000
[    1.900857] pci 0000:ff:1e.0: [8086:3458] type 00 class 0x088000
[    1.900942] pci 0000:ff:1e.1: [8086:3459] type 00 class 0x088000
[    1.901008] pci 0000:ff:1e.2: [8086:345a] type 00 class 0x088000
[    1.901072] pci 0000:ff:1e.3: [8086:345b] type 00 class 0x088000
[    1.901135] pci 0000:ff:1e.4: [8086:345c] type 00 class 0x088000
[    1.901200] pci 0000:ff:1e.5: [8086:345d] type 00 class 0x088000
[    1.901264] pci 0000:ff:1e.6: [8086:345e] type 00 class 0x088000
[    1.901328] pci 0000:ff:1e.7: [8086:345f] type 00 class 0x088000
[    1.901390] pci_bus 0000:ff: on NUMA node 1
[    1.903306] iommu: Default domain type: Translated 
[    1.903306] iommu: DMA domain TLB invalidation policy: lazy mode 
[    1.903488] SCSI subsystem initialized
[    1.903519] libata version 3.00 loaded.
[    1.903519] ACPI: bus type USB registered
[    1.903519] usbcore: registered new interface driver usbfs
[    1.903519] usbcore: registered new interface driver hub
[    1.903519] usbcore: registered new device driver usb
[    1.903519] pps_core: LinuxPPS API ver. 1 registered
[    1.903519] pps_core: Software ver. 5.3.6 - Copyright 2005-2007 Rodolfo Giometti <giometti@linux.it>
[    1.903519] PTP clock support registered
[    1.903519] EDAC MC: Ver: 3.0.0
[    1.907317] Registered efivars operations
[    1.907453] NetLabel: Initializing
[    1.907455] NetLabel:  domain hash size = 128
[    1.907455] NetLabel:  protocols = UNLABELED CIPSOv4 CALIPSO
[    1.907476] NetLabel:  unlabeled traffic allowed by default
[    1.907487] PCI: Using ACPI for IRQ routing
[    1.907487] PCI: pci_cache_line_size set to 64 bytes
[    1.907918] e820: reserve RAM buffer [mem 0x0008f000-0x0008ffff]
[    1.907921] e820: reserve RAM buffer [mem 0x46cc4020-0x47ffffff]
[    1.907922] e820: reserve RAM buffer [mem 0x46cf6020-0x47ffffff]
[    1.907923] e820: reserve RAM buffer [mem 0x46d29020-0x47ffffff]
[    1.907924] e820: reserve RAM buffer [mem 0x46d5c020-0x47ffffff]
[    1.907925] e820: reserve RAM buffer [mem 0x49e77000-0x4bffffff]
[    1.907926] e820: reserve RAM buffer [mem 0x4b2cf000-0x4bffffff]
[    1.907927] e820: reserve RAM buffer [mem 0x4bd94000-0x4bffffff]
[    1.907928] e820: reserve RAM buffer [mem 0x4ce00000-0x4fffffff]
[    1.907929] e820: reserve RAM buffer [mem 0x5eefe000-0x5fffffff]
[    1.907930] e820: reserve RAM buffer [mem 0x6f800000-0x6fffffff]
[    1.911287] pci 0000:03:00.0: vgaarb: setting as boot VGA device
[    1.911287] pci 0000:03:00.0: vgaarb: bridge control possible
[    1.911287] pci 0000:03:00.0: vgaarb: VGA device added: decodes=io+mem,owns=io+mem,locks=none
[    1.911287] vgaarb: loaded
[    1.912571] hpet0: at MMIO 0xfed00000, IRQs 2, 8, 0, 0, 0, 0, 0, 0
[    1.912579] hpet0: 8 comparators, 64-bit 24.000000 MHz counter
[    1.915455] clocksource: Switched to clocksource tsc-early
[    1.924618] VFS: Disk quotas dquot_6.6.0
[    1.924652] VFS: Dquot-cache hash table entries: 512 (order 0, 4096 bytes)
[    1.924798] AppArmor: AppArmor Filesystem Enabled
[    1.924810] pnp: PnP ACPI init
[    1.940921] system 00:01: [io  0x0500-0x05fe] has been reserved
[    1.940924] system 00:01: [io  0x0400-0x041f] has been reserved
[    1.940926] system 00:01: [io  0x0600-0x061f] has been reserved
[    1.940928] system 00:01: [io  0x0ca0-0x0ca1] has been reserved
[    1.940930] system 00:01: [io  0x0ca4-0x0ca6] has been reserved
[    1.940932] system 00:01: [mem 0xff000000-0xffffffff] has been reserved
[    1.941537] system 00:04: [mem 0xfd000000-0xfdabffff] has been reserved
[    1.941539] system 00:04: [mem 0xfdad0000-0xfdadffff] has been reserved
[    1.941541] system 00:04: [mem 0xfdb00000-0xfdffffff] has been reserved
[    1.941543] system 00:04: [mem 0xfe000000-0xfe00ffff] has been reserved
[    1.941544] system 00:04: [mem 0xfe011000-0xfe01ffff] has been reserved
[    1.941546] system 00:04: [mem 0xfe036000-0xfe03bfff] has been reserved
[    1.941548] system 00:04: [mem 0xfe03d000-0xfe3fffff] has been reserved
[    1.941551] system 00:04: [mem 0xfe410000-0xfe7fffff] has been reserved
[    1.941867] system 00:05: [io  0x1000-0x10fe] has been reserved
[    1.942882] pnp: PnP ACPI: found 6 devices
[    1.948535] clocksource: acpi_pm: mask: 0xffffff max_cycles: 0xffffff, max_idle_ns: 2085701024 ns
[    1.948613] NET: Registered PF_INET protocol family
[    1.948931] IP idents hash table entries: 262144 (order: 9, 2097152 bytes, vmalloc)
[    1.951108] tcp_listen_portaddr_hash hash table entries: 16384 (order: 6, 262144 bytes, vmalloc)
[    1.951477] TCP established hash table entries: 262144 (order: 9, 2097152 bytes, vmalloc)
[    1.951860] TCP bind hash table entries: 65536 (order: 8, 1048576 bytes, vmalloc)
[    1.951926] TCP: Hash tables configured (established 262144 bind 65536)
[    1.952146] UDP hash table entries: 16384 (order: 7, 524288 bytes, vmalloc)
[    1.952263] UDP-Lite hash table entries: 16384 (order: 7, 524288 bytes, vmalloc)
[    1.952430] NET: Registered PF_UNIX/PF_LOCAL protocol family
[    1.952436] NET: Registered PF_XDP protocol family
[    1.952445] pci 0000:04:00.0: can't claim BAR 6 [mem 0xfffc0000-0xffffffff pref]: no compatible bridge window
[    1.952447] pci 0000:04:00.1: can't claim BAR 6 [mem 0xfffc0000-0xffffffff pref]: no compatible bridge window
[    1.952449] pci 0000:17:00.0: can't claim BAR 6 [mem 0xfff00000-0xffffffff pref]: no compatible bridge window
[    1.952465] pci 0000:00:1c.5: BAR 14: assigned [mem 0x90000000-0x900fffff]
[    1.952467] pci 0000:00:1c.0: PCI bridge to [bus 01]
[    1.952477] pci 0000:02:00.0: PCI bridge to [bus 03]
[    1.952482] pci 0000:02:00.0:   bridge window [mem 0x92000000-0x928fffff]
[    1.952486] pci 0000:02:00.0:   bridge window [mem 0x91000000-0x91ffffff 64bit pref]
[    1.952492] pci 0000:00:1c.4: PCI bridge to [bus 02-03]
[    1.952496] pci 0000:00:1c.4:   bridge window [mem 0x92000000-0x928fffff]
[    1.952499] pci 0000:00:1c.4:   bridge window [mem 0x91000000-0x91ffffff 64bit pref]
[    1.952504] pci 0000:04:00.0: BAR 6: assigned [mem 0x90000000-0x9003ffff pref]
[    1.952506] pci 0000:04:00.1: BAR 6: assigned [mem 0x90040000-0x9007ffff pref]
[    1.952507] pci 0000:00:1c.5: PCI bridge to [bus 04]
[    1.952510] pci 0000:00:1c.5:   bridge window [mem 0x90000000-0x900fffff]
[    1.952513] pci 0000:00:1c.5:   bridge window [mem 0x92900000-0x929fffff 64bit pref]
[    1.952518] pci_bus 0000:00: resource 4 [io  0x0000-0x0cf7 window]
[    1.952519] pci_bus 0000:00: resource 5 [io  0x1000-0x4fff window]
[    1.952521] pci_bus 0000:00: resource 6 [mem 0x000a0000-0x000bffff window]
[    1.952522] pci_bus 0000:00: resource 7 [mem 0x000c8000-0x000cffff window]
[    1.952524] pci_bus 0000:00: resource 8 [mem 0xfe010000-0xfe010fff window]
[    1.952525] pci_bus 0000:00: resource 9 [mem 0x90000000-0x9b7fffff window]
[    1.952526] pci_bus 0000:00: resource 10 [mem 0x200000000000-0x20ffffffffff window]
[    1.952528] pci_bus 0000:02: resource 1 [mem 0x92000000-0x928fffff]
[    1.952530] pci_bus 0000:02: resource 2 [mem 0x91000000-0x91ffffff 64bit pref]
[    1.952531] pci_bus 0000:03: resource 1 [mem 0x92000000-0x928fffff]
[    1.952532] pci_bus 0000:03: resource 2 [mem 0x91000000-0x91ffffff 64bit pref]
[    1.952533] pci_bus 0000:04: resource 1 [mem 0x90000000-0x900fffff]
[    1.952534] pci_bus 0000:04: resource 2 [mem 0x92900000-0x929fffff 64bit pref]
[    1.952611] pci 0000:17:00.0: BAR 6: no space for [mem size 0x00100000 pref]
[    1.952613] pci 0000:17:00.0: BAR 6: failed to assign [mem size 0x00100000 pref]
[    1.952614] pci 0000:16:02.0: PCI bridge to [bus 17]
[    1.952616] pci 0000:16:02.0:   bridge window [io  0x5000-0x5fff]
[    1.952619] pci 0000:16:02.0:   bridge window [mem 0x9ba00000-0x9bafffff]
[    1.952621] pci 0000:16:02.0:   bridge window [mem 0x9b800000-0x9b9fffff 64bit pref]
[    1.952624] pci_bus 0000:16: resource 4 [io  0x5000-0x6fff window]
[    1.952625] pci_bus 0000:16: resource 5 [mem 0x9b800000-0xa63fffff window]
[    1.952627] pci_bus 0000:16: resource 6 [mem 0x210000000000-0x21ffffffffff window]
[    1.952628] pci_bus 0000:17: resource 0 [io  0x5000-0x5fff]
[    1.952629] pci_bus 0000:17: resource 1 [mem 0x9ba00000-0x9bafffff]
[    1.952630] pci_bus 0000:17: resource 2 [mem 0x9b800000-0x9b9fffff 64bit pref]
[    1.952636] pci_bus 0000:30: resource 4 [io  0x7000-0x8fff window]
[    1.952637] pci_bus 0000:30: resource 5 [mem 0xa6400000-0xb0ffffff window]
[    1.952639] pci_bus 0000:30: resource 6 [mem 0x220000000000-0x22ffffffffff window]
[    1.952644] pci_bus 0000:4a: resource 4 [io  0x9000-0x9fff window]
[    1.952645] pci_bus 0000:4a: resource 5 [mem 0xb1000000-0xbbbfffff window]
[    1.952646] pci_bus 0000:4a: resource 6 [mem 0x230000000000-0x23ffffffffff window]
