2024年 05月 26日 星期日 23:01:39 CST
pgmigrate_success 2275079
pgmigrate_fail 102006790
pgmigrate_dst_node_full_fail 102005760
pgmigrate_numa_isolate_fail 25
pgmigrate_nomem_fail 1
pgmigrate_refcount_fail 0
thp_fault_alloc 16724
thp_fault_fallback 0
thp_collapse_alloc 12
thp_collapse_alloc_failed 6
thp_file_alloc 0
thp_file_mapped 0
thp_split_page 0
thp_split_page_failed 0
thp_deferred_split_page 25574
thp_split_pmd 49
thp_split_pud 0
thp_zero_page_alloc 0
thp_zero_page_alloc_failed 0
thp_swpout 0
thp_swpout_fallback 0
MemTotal:       1087880580 kB
MemFree:        1056912720 kB
MemAvailable:   1054798084 kB
Buffers:            5492 kB
Cached:           386800 kB
SwapCached:            0 kB
Active:           592304 kB
Inactive:         431344 kB
Active(anon):     503032 kB
Inactive(anon):   134468 kB
Active(file):      89272 kB
Inactive(file):   296876 kB
Unevictable:           0 kB
Mlocked:               0 kB
SwapTotal:       2097148 kB
SwapFree:        2097148 kB
Dirty:              1360 kB
Writeback:             0 kB
AnonPages:        630952 kB
Mapped:           382808 kB
Shmem:              6208 kB
KReclaimable:     244620 kB
Slab:             646440 kB
SReclaimable:     244620 kB
SUnreclaim:       401820 kB
KernelStack:       33668 kB
PageTables:        29452 kB
NFS_Unstable:          0 kB
Bounce:                0 kB
WritebackTmp:          0 kB
CommitLimit:    546037436 kB
Committed_AS:    6819784 kB
VmallocTotal:   34359738367 kB
VmallocUsed:      158700 kB
VmallocChunk:          0 kB
Percpu:           125440 kB
HardwareCorrupted:     0 kB
AnonHugePages:     12288 kB
ShmemHugePages:        0 kB
ShmemPmdMapped:        0 kB
CmaTotal:              0 kB
CmaFree:               0 kB
HugePages_Total:       0
HugePages_Free:        0
HugePages_Rsvd:        0
HugePages_Surp:        0
Hugepagesize:       2048 kB
Hugetlb:               0 kB
DirectMap4k:      914920 kB
DirectMap2M:     9007104 kB
DirectMap1G:    1179648000 kB
2024年 05月 26日 星期日 23:11:40 CST
pgmigrate_success 4734765
pgmigrate_fail 280134163
pgmigrate_dst_node_full_fail 280132608
pgmigrate_numa_isolate_fail 25
pgmigrate_nomem_fail 1
pgmigrate_refcount_fail 0
thp_fault_alloc 33432
thp_fault_fallback 0
thp_collapse_alloc 14
thp_collapse_alloc_failed 16
thp_file_alloc 0
thp_file_mapped 0
thp_split_page 0
thp_split_page_failed 0
thp_deferred_split_page 51863
thp_split_pmd 109
thp_split_pud 0
thp_zero_page_alloc 0
thp_zero_page_alloc_failed 0
thp_swpout 0
thp_swpout_fallback 0
MemTotal:       1087880580 kB
MemFree:        1056689600 kB
MemAvailable:   1054645444 kB
Buffers:           68556 kB
Cached:           421148 kB
SwapCached:            0 kB
Active:           703312 kB
Inactive:         440896 kB
Active(anon):     524088 kB
Inactive(anon):   136772 kB
Active(file):     179224 kB
Inactive(file):   304124 kB
Unevictable:           0 kB
Mlocked:               0 kB
SwapTotal:       2097148 kB
SwapFree:        2096892 kB
Dirty:                48 kB
Writeback:             0 kB
AnonPages:        655524 kB
Mapped:           392284 kB
Shmem:              6204 kB
KReclaimable:     288384 kB
Slab:             693304 kB
SReclaimable:     288384 kB
SUnreclaim:       404920 kB
KernelStack:       33680 kB
PageTables:        30160 kB
NFS_Unstable:          0 kB
Bounce:                0 kB
WritebackTmp:          0 kB
CommitLimit:    546037436 kB
Committed_AS:    6775412 kB
VmallocTotal:   34359738367 kB
VmallocUsed:      158556 kB
VmallocChunk:          0 kB
Percpu:           125440 kB
HardwareCorrupted:     0 kB
AnonHugePages:     71680 kB
ShmemHugePages:        0 kB
ShmemPmdMapped:        0 kB
CmaTotal:              0 kB
CmaFree:               0 kB
HugePages_Total:       0
HugePages_Free:        0
HugePages_Rsvd:        0
HugePages_Surp:        0
Hugepagesize:       2048 kB
Hugetlb:               0 kB
DirectMap4k:      914920 kB
DirectMap2M:     9007104 kB
DirectMap1G:    1179648000 kB
