[    0.000000] Linux version 5.3.1-multiclock (xmu@xmu-PowerEdge-R750) (gcc version 7.5.0 (Ubuntu 7.5.0-3ubuntu1~18.04)) #1 SMP Wed Aug 9 20:46:02 CST 2023
[    0.000000] Command line: BOOT_IMAGE=/boot/vmlinuz-5.3.1-multiclock root=UUID=ce0c24b8-724b-4f33-9b2c-618433560aef ro memmap=46834M!4096M memmap=59G!64G quiet splash nomodeset vt.handoff=1
[    0.000000] KERNEL supported cpus:
[    0.000000]   Intel GenuineIntel
[    0.000000]   AMD AuthenticAMD
[    0.000000]   Hygon HygonGenuine
[    0.000000]   Centaur CentaurHauls
[    0.000000]   zhaoxin   Shanghai  
[    0.000000] x86/fpu: Supporting XSAVE feature 0x001: 'x87 floating point registers'
[    0.000000] x86/fpu: Supporting XSAVE feature 0x002: 'SSE registers'
[    0.000000] x86/fpu: Supporting XSAVE feature 0x004: 'AVX registers'
[    0.000000] x86/fpu: Supporting XSAVE feature 0x020: 'AVX-512 opmask'
[    0.000000] x86/fpu: Supporting XSAVE feature 0x040: 'AVX-512 Hi256'
[    0.000000] x86/fpu: Supporting XSAVE feature 0x080: 'AVX-512 ZMM_Hi256'
[    0.000000] x86/fpu: Supporting XSAVE feature 0x200: 'Protection Keys User registers'
[    0.000000] x86/fpu: xstate_offset[2]:  576, xstate_sizes[2]:  256
[    0.000000] x86/fpu: xstate_offset[5]:  832, xstate_sizes[5]:   64
[    0.000000] x86/fpu: xstate_offset[6]:  896, xstate_sizes[6]:  512
[    0.000000] x86/fpu: xstate_offset[7]: 1408, xstate_sizes[7]: 1024
[    0.000000] x86/fpu: xstate_offset[9]: 2432, xstate_sizes[9]:    8
[    0.000000] x86/fpu: Enabled xstate features 0x2e7, context size is 2440 bytes, using 'compacted' format.
[    0.000000] BIOS-provided physical RAM map:
[    0.000000] BIOS-e820: [mem 0x0000000000000000-0x000000000008efff] usable
[    0.000000] BIOS-e820: [mem 0x000000000008f000-0x000000000008ffff] reserved
[    0.000000] BIOS-e820: [mem 0x0000000000090000-0x000000000009ffff] usable
[    0.000000] BIOS-e820: [mem 0x00000000000a0000-0x00000000000fffff] reserved
[    0.000000] BIOS-e820: [mem 0x0000000000100000-0x0000000049e76fff] usable
[    0.000000] BIOS-e820: [mem 0x0000000049e77000-0x000000004ae76fff] ACPI NVS
[    0.000000] BIOS-e820: [mem 0x000000004ae77000-0x000000004b2cefff] usable
[    0.000000] BIOS-e820: [mem 0x000000004b2cf000-0x000000004b54dfff] ACPI data
[    0.000000] BIOS-e820: [mem 0x000000004b54e000-0x000000004bd93fff] usable
[    0.000000] BIOS-e820: [mem 0x000000004bd94000-0x000000004be99fff] reserved
[    0.000000] BIOS-e820: [mem 0x000000004be9a000-0x000000004cdfffff] usable
[    0.000000] BIOS-e820: [mem 0x000000004ce00000-0x000000004cffffff] reserved
[    0.000000] BIOS-e820: [mem 0x000000004d000000-0x000000005eefdfff] usable
[    0.000000] BIOS-e820: [mem 0x000000005eefe000-0x000000006e3fefff] reserved
[    0.000000] BIOS-e820: [mem 0x000000006e3ff000-0x000000006f3fefff] ACPI NVS
[    0.000000] BIOS-e820: [mem 0x000000006f3ff000-0x000000006f7fefff] ACPI data
[    0.000000] BIOS-e820: [mem 0x000000006f7ff000-0x000000006f7fffff] usable
[    0.000000] BIOS-e820: [mem 0x000000006f800000-0x000000008fffffff] reserved
[    0.000000] BIOS-e820: [mem 0x00000000fe000000-0x00000000fe010fff] reserved
[    0.000000] BIOS-e820: [mem 0x0000000100000000-0x000000207fffffff] usable
[    0.000000] BIOS-e820: [mem 0x0000002080000000-0x0000011c7fffffff] persistent (type 7)
[    0.000000] BIOS-e820: [mem 0x00001ffc00000000-0x00001fffffffffff] reserved
[    0.000000] NX (Execute Disable) protection: active
[    0.000000] e820: update [mem 0x47c65020-0x47c6d05f] usable ==> usable
[    0.000000] e820: update [mem 0x47c65020-0x47c6d05f] usable ==> usable
[    0.000000] e820: update [mem 0x47c32020-0x47c64c5f] usable ==> usable
[    0.000000] e820: update [mem 0x47c32020-0x47c64c5f] usable ==> usable
[    0.000000] e820: update [mem 0x47bff020-0x47c31c5f] usable ==> usable
[    0.000000] e820: update [mem 0x47bff020-0x47c31c5f] usable ==> usable
[    0.000000] e820: update [mem 0x47bcd020-0x47bfea5f] usable ==> usable
[    0.000000] e820: update [mem 0x47bcd020-0x47bfea5f] usable ==> usable
[    0.000000] extended physical RAM map:
[    0.000000] reserve setup_data: [mem 0x0000000000000000-0x000000000008efff] usable
[    0.000000] reserve setup_data: [mem 0x000000000008f000-0x000000000008ffff] reserved
[    0.000000] reserve setup_data: [mem 0x0000000000090000-0x000000000009ffff] usable
[    0.000000] reserve setup_data: [mem 0x00000000000a0000-0x00000000000fffff] reserved
[    0.000000] reserve setup_data: [mem 0x0000000000100000-0x0000000047bcd01f] usable
[    0.000000] reserve setup_data: [mem 0x0000000047bcd020-0x0000000047bfea5f] usable
[    0.000000] reserve setup_data: [mem 0x0000000047bfea60-0x0000000047bff01f] usable
[    0.000000] reserve setup_data: [mem 0x0000000047bff020-0x0000000047c31c5f] usable
[    0.000000] reserve setup_data: [mem 0x0000000047c31c60-0x0000000047c3201f] usable
[    0.000000] reserve setup_data: [mem 0x0000000047c32020-0x0000000047c64c5f] usable
[    0.000000] reserve setup_data: [mem 0x0000000047c64c60-0x0000000047c6501f] usable
[    0.000000] reserve setup_data: [mem 0x0000000047c65020-0x0000000047c6d05f] usable
[    0.000000] reserve setup_data: [mem 0x0000000047c6d060-0x0000000049e76fff] usable
[    0.000000] reserve setup_data: [mem 0x0000000049e77000-0x000000004ae76fff] ACPI NVS
[    0.000000] reserve setup_data: [mem 0x000000004ae77000-0x000000004b2cefff] usable
[    0.000000] reserve setup_data: [mem 0x000000004b2cf000-0x000000004b54dfff] ACPI data
[    0.000000] reserve setup_data: [mem 0x000000004b54e000-0x000000004bd93fff] usable
[    0.000000] reserve setup_data: [mem 0x000000004bd94000-0x000000004be99fff] reserved
[    0.000000] reserve setup_data: [mem 0x000000004be9a000-0x000000004cdfffff] usable
[    0.000000] reserve setup_data: [mem 0x000000004ce00000-0x000000004cffffff] reserved
[    0.000000] reserve setup_data: [mem 0x000000004d000000-0x000000005eefdfff] usable
[    0.000000] reserve setup_data: [mem 0x000000005eefe000-0x000000006e3fefff] reserved
[    0.000000] reserve setup_data: [mem 0x000000006e3ff000-0x000000006f3fefff] ACPI NVS
[    0.000000] reserve setup_data: [mem 0x000000006f3ff000-0x000000006f7fefff] ACPI data
[    0.000000] reserve setup_data: [mem 0x000000006f7ff000-0x000000006f7fffff] usable
[    0.000000] reserve setup_data: [mem 0x000000006f800000-0x000000008fffffff] reserved
[    0.000000] reserve setup_data: [mem 0x00000000fe000000-0x00000000fe010fff] reserved
[    0.000000] reserve setup_data: [mem 0x0000000100000000-0x0000000c6f1fffff] persistent (type 12)
[    0.000000] reserve setup_data: [mem 0x0000000c6f200000-0x0000000fffffffff] usable
[    0.000000] reserve setup_data: [mem 0x0000001000000000-0x0000001ebfffffff] persistent (type 12)
[    0.000000] reserve setup_data: [mem 0x0000001ec0000000-0x000000207fffffff] usable
[    0.000000] reserve setup_data: [mem 0x0000002080000000-0x0000011c7fffffff] persistent (type 7)
[    0.000000] reserve setup_data: [mem 0x00001ffc00000000-0x00001fffffffffff] reserved
[    0.000000] user-defined physical RAM map:
[    0.000000] user: [mem 0x0000000000000000-0x000000000008efff] usable
[    0.000000] user: [mem 0x000000000008f000-0x000000000008ffff] reserved
[    0.000000] user: [mem 0x0000000000090000-0x000000000009ffff] usable
[    0.000000] user: [mem 0x00000000000a0000-0x00000000000fffff] reserved
[    0.000000] user: [mem 0x0000000000100000-0x0000000047bcd01f] usable
[    0.000000] user: [mem 0x0000000047bcd020-0x0000000047bfea5f] usable
[    0.000000] user: [mem 0x0000000047bfea60-0x0000000047bff01f] usable
[    0.000000] user: [mem 0x0000000047bff020-0x0000000047c31c5f] usable
[    0.000000] user: [mem 0x0000000047c31c60-0x0000000047c3201f] usable
[    0.000000] user: [mem 0x0000000047c32020-0x0000000047c64c5f] usable
[    0.000000] user: [mem 0x0000000047c64c60-0x0000000047c6501f] usable
[    0.000000] user: [mem 0x0000000047c65020-0x0000000047c6d05f] usable
[    0.000000] user: [mem 0x0000000047c6d060-0x0000000049e76fff] usable
[    0.000000] user: [mem 0x0000000049e77000-0x000000004ae76fff] ACPI NVS
[    0.000000] user: [mem 0x000000004ae77000-0x000000004b2cefff] usable
[    0.000000] user: [mem 0x000000004b2cf000-0x000000004b54dfff] ACPI data
[    0.000000] user: [mem 0x000000004b54e000-0x000000004bd93fff] usable
[    0.000000] user: [mem 0x000000004bd94000-0x000000004be99fff] reserved
[    0.000000] user: [mem 0x000000004be9a000-0x000000004cdfffff] usable
[    0.000000] user: [mem 0x000000004ce00000-0x000000004cffffff] reserved
[    0.000000] user: [mem 0x000000004d000000-0x000000005eefdfff] usable
[    0.000000] user: [mem 0x000000005eefe000-0x000000006e3fefff] reserved
[    0.000000] user: [mem 0x000000006e3ff000-0x000000006f3fefff] ACPI NVS
[    0.000000] user: [mem 0x000000006f3ff000-0x000000006f7fefff] ACPI data
[    0.000000] user: [mem 0x000000006f7ff000-0x000000006f7fffff] usable
[    0.000000] user: [mem 0x000000006f800000-0x000000008fffffff] reserved
[    0.000000] user: [mem 0x00000000fe000000-0x00000000fe010fff] reserved
[    0.000000] user: [mem 0x0000000100000000-0x0000000c6f1fffff] persistent (type 12)
[    0.000000] user: [mem 0x0000000c6f200000-0x0000000fffffffff] usable
[    0.000000] user: [mem 0x0000001000000000-0x0000001ebfffffff] persistent (type 12)
[    0.000000] user: [mem 0x0000001ec0000000-0x000000207fffffff] usable
[    0.000000] user: [mem 0x0000002080000000-0x0000011c7fffffff] persistent (type 7)
[    0.000000] user: [mem 0x00001ffc00000000-0x00001fffffffffff] reserved
[    0.000000] efi: EFI v2.70 by Dell Inc.
[    0.000000] efi:  ACPI=0x6f7fe000  ACPI 2.0=0x6f7fe014  MEMATTR=0x5a1f8020  SMBIOS=0x69526000  SMBIOS 3.0=0x69524000 
[    0.000000] SMBIOS 3.3.0 present.
[    0.000000] DMI: Dell Inc. PowerEdge R750/0K8F35, BIOS 1.10.2 03/03/2023
[    0.000000] tsc: Detected 2000.000 MHz processor
[    0.000008] e820: update [mem 0x00000000-0x00000fff] usable ==> reserved
[    0.000010] e820: remove [mem 0x000a0000-0x000fffff] usable
[    0.000018] last_pfn = 0x2080000 max_arch_pfn = 0x400000000
[    0.000021] MTRR default type: uncachable
[    0.000021] MTRR fixed ranges enabled:
[    0.000022]   00000-9FFFF write-back
[    0.000023]   A0000-BFFFF uncachable
[    0.000024]   C0000-FFFFF write-protect
[    0.000024] MTRR variable ranges enabled:
[    0.000026]   0 base 000000000000 mask 3E0000000000 write-back
[    0.000026]   1 base 000080000000 mask 3FFF80000000 uncachable
[    0.000027]   2 base 00007F000000 mask 3FFFFF000000 uncachable
[    0.000027]   3 disabled
[    0.000028]   4 disabled
[    0.000028]   5 disabled
[    0.000029]   6 disabled
[    0.000029]   7 disabled
[    0.000029]   8 disabled
[    0.000030]   9 disabled
[    0.000774] x86/PAT: Configuration [0-7]: WB  WC  UC- UC  WB  WP  UC- WT  
[    0.001826] total RAM covered: 2095088M
[    0.001911]  gran_size: 64K 	chunk_size: 64K 	num_reg: 10  	lose cover RAM: 2016G
[    0.001912]  gran_size: 64K 	chunk_size: 128K 	num_reg: 10  	lose cover RAM: 2016G
[    0.001913]  gran_size: 64K 	chunk_size: 256K 	num_reg: 10  	lose cover RAM: 2016G
[    0.001914]  gran_size: 64K 	chunk_size: 512K 	num_reg: 10  	lose cover RAM: 2016G
[    0.001914]  gran_size: 64K 	chunk_size: 1M 	num_reg: 10  	lose cover RAM: 2016G
[    0.001915]  gran_size: 64K 	chunk_size: 2M 	num_reg: 10  	lose cover RAM: 2016G
[    0.001916]  gran_size: 64K 	chunk_size: 4M 	num_reg: 10  	lose cover RAM: 2016G
[    0.001916]  gran_size: 64K 	chunk_size: 8M 	num_reg: 10  	lose cover RAM: 2016G
[    0.001917]  gran_size: 64K 	chunk_size: 16M 	num_reg: 10  	lose cover RAM: 2016G
[    0.001918]  gran_size: 64K 	chunk_size: 32M 	num_reg: 10  	lose cover RAM: 1024G
[    0.001918]  gran_size: 64K 	chunk_size: 64M 	num_reg: 10  	lose cover RAM: 1024G
[    0.001919]  gran_size: 64K 	chunk_size: 128M 	num_reg: 10  	lose cover RAM: 1024G
[    0.001920]  gran_size: 64K 	chunk_size: 256M 	num_reg: 10  	lose cover RAM: 1024G
[    0.001920]  gran_size: 64K 	chunk_size: 512M 	num_reg: 10  	lose cover RAM: 1024G
[    0.001921]  gran_size: 64K 	chunk_size: 1G 	num_reg: 10  	lose cover RAM: 1024G
[    0.001922]  gran_size: 64K 	chunk_size: 2G 	num_reg: 10  	lose cover RAM: 1024G
[    0.001922]  gran_size: 128K 	chunk_size: 128K 	num_reg: 10  	lose cover RAM: 2016G
[    0.001923]  gran_size: 128K 	chunk_size: 256K 	num_reg: 10  	lose cover RAM: 2016G
[    0.001924]  gran_size: 128K 	chunk_size: 512K 	num_reg: 10  	lose cover RAM: 2016G
[    0.001925]  gran_size: 128K 	chunk_size: 1M 	num_reg: 10  	lose cover RAM: 2016G
[    0.001925]  gran_size: 128K 	chunk_size: 2M 	num_reg: 10  	lose cover RAM: 2016G
[    0.001926]  gran_size: 128K 	chunk_size: 4M 	num_reg: 10  	lose cover RAM: 2016G
[    0.001926]  gran_size: 128K 	chunk_size: 8M 	num_reg: 10  	lose cover RAM: 2016G
[    0.001927]  gran_size: 128K 	chunk_size: 16M 	num_reg: 10  	lose cover RAM: 2016G
[    0.001928]  gran_size: 128K 	chunk_size: 32M 	num_reg: 10  	lose cover RAM: 1024G
[    0.001929]  gran_size: 128K 	chunk_size: 64M 	num_reg: 10  	lose cover RAM: 1024G
[    0.001929]  gran_size: 128K 	chunk_size: 128M 	num_reg: 10  	lose cover RAM: 1024G
[    0.001930]  gran_size: 128K 	chunk_size: 256M 	num_reg: 10  	lose cover RAM: 1024G
[    0.001931]  gran_size: 128K 	chunk_size: 512M 	num_reg: 10  	lose cover RAM: 1024G
[    0.001931]  gran_size: 128K 	chunk_size: 1G 	num_reg: 10  	lose cover RAM: 1024G
[    0.001932]  gran_size: 128K 	chunk_size: 2G 	num_reg: 10  	lose cover RAM: 1024G
[    0.001933]  gran_size: 256K 	chunk_size: 256K 	num_reg: 10  	lose cover RAM: 2016G
[    0.001933]  gran_size: 256K 	chunk_size: 512K 	num_reg: 10  	lose cover RAM: 2016G
[    0.001934]  gran_size: 256K 	chunk_size: 1M 	num_reg: 10  	lose cover RAM: 2016G
[    0.001935]  gran_size: 256K 	chunk_size: 2M 	num_reg: 10  	lose cover RAM: 2016G
[    0.001935]  gran_size: 256K 	chunk_size: 4M 	num_reg: 10  	lose cover RAM: 2016G
[    0.001936]  gran_size: 256K 	chunk_size: 8M 	num_reg: 10  	lose cover RAM: 2016G
[    0.001936]  gran_size: 256K 	chunk_size: 16M 	num_reg: 10  	lose cover RAM: 2016G
[    0.001937]  gran_size: 256K 	chunk_size: 32M 	num_reg: 10  	lose cover RAM: 1024G
[    0.001938]  gran_size: 256K 	chunk_size: 64M 	num_reg: 10  	lose cover RAM: 1024G
[    0.001938]  gran_size: 256K 	chunk_size: 128M 	num_reg: 10  	lose cover RAM: 1024G
[    0.001939]  gran_size: 256K 	chunk_size: 256M 	num_reg: 10  	lose cover RAM: 1024G
[    0.001940]  gran_size: 256K 	chunk_size: 512M 	num_reg: 10  	lose cover RAM: 1024G
[    0.001941]  gran_size: 256K 	chunk_size: 1G 	num_reg: 10  	lose cover RAM: 1024G
[    0.001941]  gran_size: 256K 	chunk_size: 2G 	num_reg: 10  	lose cover RAM: 1024G
[    0.001942]  gran_size: 512K 	chunk_size: 512K 	num_reg: 10  	lose cover RAM: 2016G
[    0.001943]  gran_size: 512K 	chunk_size: 1M 	num_reg: 10  	lose cover RAM: 2016G
[    0.001943]  gran_size: 512K 	chunk_size: 2M 	num_reg: 10  	lose cover RAM: 2016G
[    0.001944]  gran_size: 512K 	chunk_size: 4M 	num_reg: 10  	lose cover RAM: 2016G
[    0.001944]  gran_size: 512K 	chunk_size: 8M 	num_reg: 10  	lose cover RAM: 2016G
[    0.001945]  gran_size: 512K 	chunk_size: 16M 	num_reg: 10  	lose cover RAM: 2016G
[    0.001946]  gran_size: 512K 	chunk_size: 32M 	num_reg: 10  	lose cover RAM: 1024G
[    0.001946]  gran_size: 512K 	chunk_size: 64M 	num_reg: 10  	lose cover RAM: 1024G
[    0.001947]  gran_size: 512K 	chunk_size: 128M 	num_reg: 10  	lose cover RAM: 1024G
[    0.001948]  gran_size: 512K 	chunk_size: 256M 	num_reg: 10  	lose cover RAM: 1024G
[    0.001948]  gran_size: 512K 	chunk_size: 512M 	num_reg: 10  	lose cover RAM: 1024G
[    0.001949]  gran_size: 512K 	chunk_size: 1G 	num_reg: 10  	lose cover RAM: 1024G
[    0.001950]  gran_size: 512K 	chunk_size: 2G 	num_reg: 10  	lose cover RAM: 1024G
[    0.001950]  gran_size: 1M 	chunk_size: 1M 	num_reg: 10  	lose cover RAM: 2016G
[    0.001951]  gran_size: 1M 	chunk_size: 2M 	num_reg: 10  	lose cover RAM: 2016G
[    0.001952]  gran_size: 1M 	chunk_size: 4M 	num_reg: 10  	lose cover RAM: 2016G
[    0.001952]  gran_size: 1M 	chunk_size: 8M 	num_reg: 10  	lose cover RAM: 2016G
[    0.001953]  gran_size: 1M 	chunk_size: 16M 	num_reg: 10  	lose cover RAM: 2016G
[    0.001954]  gran_size: 1M 	chunk_size: 32M 	num_reg: 10  	lose cover RAM: 1024G
[    0.001954]  gran_size: 1M 	chunk_size: 64M 	num_reg: 10  	lose cover RAM: 1024G
[    0.001955]  gran_size: 1M 	chunk_size: 128M 	num_reg: 10  	lose cover RAM: 1024G
[    0.001956]  gran_size: 1M 	chunk_size: 256M 	num_reg: 10  	lose cover RAM: 1024G
[    0.001956]  gran_size: 1M 	chunk_size: 512M 	num_reg: 10  	lose cover RAM: 1024G
[    0.001957]  gran_size: 1M 	chunk_size: 1G 	num_reg: 10  	lose cover RAM: 1024G
[    0.001958]  gran_size: 1M 	chunk_size: 2G 	num_reg: 10  	lose cover RAM: 1024G
[    0.001958]  gran_size: 2M 	chunk_size: 2M 	num_reg: 10  	lose cover RAM: 2016G
[    0.001959]  gran_size: 2M 	chunk_size: 4M 	num_reg: 10  	lose cover RAM: 2016G
[    0.001960]  gran_size: 2M 	chunk_size: 8M 	num_reg: 10  	lose cover RAM: 2016G
[    0.001960]  gran_size: 2M 	chunk_size: 16M 	num_reg: 10  	lose cover RAM: 2016G
[    0.001961]  gran_size: 2M 	chunk_size: 32M 	num_reg: 10  	lose cover RAM: 1024G
[    0.001962]  gran_size: 2M 	chunk_size: 64M 	num_reg: 10  	lose cover RAM: 1024G
[    0.001962]  gran_size: 2M 	chunk_size: 128M 	num_reg: 10  	lose cover RAM: 1024G
[    0.001963]  gran_size: 2M 	chunk_size: 256M 	num_reg: 10  	lose cover RAM: 1024G
[    0.001964]  gran_size: 2M 	chunk_size: 512M 	num_reg: 10  	lose cover RAM: 1024G
[    0.001964]  gran_size: 2M 	chunk_size: 1G 	num_reg: 10  	lose cover RAM: 1024G
[    0.001965]  gran_size: 2M 	chunk_size: 2G 	num_reg: 10  	lose cover RAM: 1024G
[    0.001966]  gran_size: 4M 	chunk_size: 4M 	num_reg: 10  	lose cover RAM: 2016G
[    0.001966]  gran_size: 4M 	chunk_size: 8M 	num_reg: 10  	lose cover RAM: 2016G
[    0.001967]  gran_size: 4M 	chunk_size: 16M 	num_reg: 10  	lose cover RAM: 2016G
[    0.001968]  gran_size: 4M 	chunk_size: 32M 	num_reg: 10  	lose cover RAM: 1024G
[    0.001968]  gran_size: 4M 	chunk_size: 64M 	num_reg: 10  	lose cover RAM: 1024G
[    0.001969]  gran_size: 4M 	chunk_size: 128M 	num_reg: 10  	lose cover RAM: 1024G
[    0.001970]  gran_size: 4M 	chunk_size: 256M 	num_reg: 10  	lose cover RAM: 1024G
[    0.001970]  gran_size: 4M 	chunk_size: 512M 	num_reg: 10  	lose cover RAM: 1024G
[    0.001971]  gran_size: 4M 	chunk_size: 1G 	num_reg: 10  	lose cover RAM: 1024G
[    0.001972]  gran_size: 4M 	chunk_size: 2G 	num_reg: 10  	lose cover RAM: 1024G
[    0.001972]  gran_size: 8M 	chunk_size: 8M 	num_reg: 10  	lose cover RAM: 2016G
[    0.001973]  gran_size: 8M 	chunk_size: 16M 	num_reg: 10  	lose cover RAM: 2016G
[    0.001974]  gran_size: 8M 	chunk_size: 32M 	num_reg: 10  	lose cover RAM: 1024G
[    0.001974]  gran_size: 8M 	chunk_size: 64M 	num_reg: 10  	lose cover RAM: 1024G
[    0.001975]  gran_size: 8M 	chunk_size: 128M 	num_reg: 10  	lose cover RAM: 1024G
[    0.001976]  gran_size: 8M 	chunk_size: 256M 	num_reg: 10  	lose cover RAM: 1024G
[    0.001976]  gran_size: 8M 	chunk_size: 512M 	num_reg: 10  	lose cover RAM: 1024G
[    0.001977]  gran_size: 8M 	chunk_size: 1G 	num_reg: 10  	lose cover RAM: 1024G
[    0.001978]  gran_size: 8M 	chunk_size: 2G 	num_reg: 10  	lose cover RAM: 1024G
[    0.001978]  gran_size: 16M 	chunk_size: 16M 	num_reg: 10  	lose cover RAM: 2016G
[    0.001979]  gran_size: 16M 	chunk_size: 32M 	num_reg: 10  	lose cover RAM: 1024G
[    0.001980]  gran_size: 16M 	chunk_size: 64M 	num_reg: 10  	lose cover RAM: 1024G
[    0.001981]  gran_size: 16M 	chunk_size: 128M 	num_reg: 10  	lose cover RAM: 1024G
[    0.001981]  gran_size: 16M 	chunk_size: 256M 	num_reg: 10  	lose cover RAM: 1024G
[    0.001982]  gran_size: 16M 	chunk_size: 512M 	num_reg: 10  	lose cover RAM: 1024G
[    0.001983]  gran_size: 16M 	chunk_size: 1G 	num_reg: 10  	lose cover RAM: 1024G
[    0.001983]  gran_size: 16M 	chunk_size: 2G 	num_reg: 10  	lose cover RAM: 1024G
[    0.001984]  gran_size: 32M 	chunk_size: 32M 	num_reg: 10  	lose cover RAM: 2031632M
[    0.001985]  gran_size: 32M 	chunk_size: 64M 	num_reg: 10  	lose cover RAM: 1048592M
[    0.001985]  gran_size: 32M 	chunk_size: 128M 	num_reg: 10  	lose cover RAM: 1048592M
[    0.001986]  gran_size: 32M 	chunk_size: 256M 	num_reg: 10  	lose cover RAM: 1048592M
[    0.001987]  gran_size: 32M 	chunk_size: 512M 	num_reg: 10  	lose cover RAM: 1048592M
[    0.001987]  gran_size: 32M 	chunk_size: 1G 	num_reg: 10  	lose cover RAM: 1048592M
[    0.001988]  gran_size: 32M 	chunk_size: 2G 	num_reg: 10  	lose cover RAM: 1048592M
[    0.001989]  gran_size: 64M 	chunk_size: 64M 	num_reg: 10  	lose cover RAM: 1966128M
[    0.001989]  gran_size: 64M 	chunk_size: 128M 	num_reg: 10  	lose cover RAM: 1048624M
[    0.001990]  gran_size: 64M 	chunk_size: 256M 	num_reg: 10  	lose cover RAM: 1048624M
[    0.001991]  gran_size: 64M 	chunk_size: 512M 	num_reg: 10  	lose cover RAM: 1048624M
[    0.001991]  gran_size: 64M 	chunk_size: 1G 	num_reg: 10  	lose cover RAM: 1048624M
[    0.001992]  gran_size: 64M 	chunk_size: 2G 	num_reg: 10  	lose cover RAM: 1048624M
[    0.001993]  gran_size: 128M 	chunk_size: 128M 	num_reg: 10  	lose cover RAM: 1835120M
[    0.001993]  gran_size: 128M 	chunk_size: 256M 	num_reg: 10  	lose cover RAM: 1048688M
[    0.001994]  gran_size: 128M 	chunk_size: 512M 	num_reg: 10  	lose cover RAM: 1048688M
[    0.001995]  gran_size: 128M 	chunk_size: 1G 	num_reg: 10  	lose cover RAM: 1048688M
[    0.001995]  gran_size: 128M 	chunk_size: 2G 	num_reg: 10  	lose cover RAM: 1048688M
[    0.001996]  gran_size: 256M 	chunk_size: 256M 	num_reg: 10  	lose cover RAM: 1573104M
[    0.001997]  gran_size: 256M 	chunk_size: 512M 	num_reg: 10  	lose cover RAM: 1048816M
[    0.001997]  gran_size: 256M 	chunk_size: 1G 	num_reg: 10  	lose cover RAM: 1048816M
[    0.001998]  gran_size: 256M 	chunk_size: 2G 	num_reg: 10  	lose cover RAM: 1048816M
[    0.001999]  gran_size: 512M 	chunk_size: 512M 	num_reg: 10  	lose cover RAM: 1049072M
[    0.002000]  gran_size: 512M 	chunk_size: 1G 	num_reg: 10  	lose cover RAM: 1049072M
[    0.002000]  gran_size: 512M 	chunk_size: 2G 	num_reg: 10  	lose cover RAM: 1049072M
[    0.002001]  gran_size: 1G 	chunk_size: 1G 	num_reg: 10  	lose cover RAM: 1008M
[    0.002002]  gran_size: 1G 	chunk_size: 2G 	num_reg: 10  	lose cover RAM: 1008M
[    0.002002]  gran_size: 2G 	chunk_size: 2G 	num_reg: 9  	lose cover RAM: 2032M
[    0.002003] mtrr_cleanup: can not find optimal value
[    0.002003] please specify mtrr_gran_size/mtrr_chunk_size
[    0.002006] e820: update [mem 0x7f000000-0xffffffff] usable ==> reserved
[    0.002008] x2apic: enabled by BIOS, switching to x2apic ops
[    0.002009] last_pfn = 0x6f800 max_arch_pfn = 0x400000000
[    0.013415] check: Scanning 1 areas for low memory corruption
[    0.013419] Using GB pages for direct mapping
[    0.013420] BRK [0xdf3c01000, 0xdf3c01fff] PGTABLE
[    0.013422] BRK [0xdf3c02000, 0xdf3c02fff] PGTABLE
[    0.013422] BRK [0xdf3c03000, 0xdf3c03fff] PGTABLE
[    0.013457] BRK [0xdf3c04000, 0xdf3c04fff] PGTABLE
[    0.013521] BRK [0xdf3c05000, 0xdf3c05fff] PGTABLE
[    0.013576] BRK [0xdf3c06000, 0xdf3c06fff] PGTABLE
[    0.013677] BRK [0xdf3c07000, 0xdf3c07fff] PGTABLE
[    0.013785] BRK [0xdf3c08000, 0xdf3c08fff] PGTABLE
[    0.013875] BRK [0xdf3c09000, 0xdf3c09fff] PGTABLE
[    0.013980] BRK [0xdf3c0a000, 0xdf3c0afff] PGTABLE
[    0.014050] BRK [0xdf3c0b000, 0xdf3c0bfff] PGTABLE
[    0.014206] BRK [0xdf3c0c000, 0xdf3c0cfff] PGTABLE
[    0.014361] Secure boot disabled
[    0.014362] RAMDISK: [mem 0x2065920000-0x207fffffff]
[    0.014369] ACPI: Early table checksum verification disabled
[    0.014371] ACPI: RSDP 0x000000006F7FE014 000024 (v02 DELL  )
[    0.014374] ACPI: XSDT 0x000000006F41C188 0000F4 (v01 DELL   PE_SC3   00000000 DELL 01000013)
[    0.014378] ACPI: FACP 0x000000006F430000 000114 (v06 DELL   PE_SC3   00000000 DELL 00000001)
[    0.014383] ACPI: DSDT 0x000000004B4CE000 07FAD3 (v02 DELL   PE_SC3   00000003 DELL 00000001)
[    0.014386] ACPI: FACS 0x000000006F2F2000 000040
[    0.014388] ACPI: SSDT 0x000000006F7FB000 00159A (v02 INTEL  RAS_ACPI 00000001 INTL 20210331)
[    0.014391] ACPI: SSDT 0x000000006F7FA000 000745 (v02 INTEL  ADDRXLAT 00000001 INTL 20210331)
[    0.014394] ACPI: MCEJ 0x000000006F7F9000 000130 (v01 INTEL           00000001 INTL 0100000D)
[    0.014396] ACPI: BERT 0x000000006F7F8000 000030 (v01 DELL   PE_SC3   00000001 INTL 00000001)
[    0.014399] ACPI: ERST 0x000000006F7F7000 000230 (v01 DELL   PE_SC3   00000001 INTL 00000001)
[    0.014401] ACPI: SSDT 0x000000006F431000 3C524E (v02 INTEL  SSDTNVDR 00001000 INTL 20210331)
[    0.014404] ACPI: HMAT 0x000000006F42F000 000210 (v01 DELL   PE_SC3   00000001 DELL 00000001)
[    0.014407] ACPI: HPET 0x000000006F42E000 000038 (v01 DELL   PE_SC3   00000001 DELL 00000001)
[    0.014409] ACPI: MCFG 0x000000006F42D000 00003C (v01 DELL   PE_SC3   00000001 DELL 00000001)
[    0.014412] ACPI: MIGT 0x000000006F42C000 000040 (v01 DELL   PE_SC3   00000000 DELL 00000001)
[    0.014415] ACPI: MSCT 0x000000006F42B000 000090 (v01 DELL   PE_SC3   00000001 DELL 00000001)
[    0.014417] ACPI: PMTT 0x000000006F429000 0011E8 (v02 DELL   PE_SC3   00000001 DELL 00000001)
[    0.014420] ACPI: WSMT 0x000000006F428000 000028 (v01 DELL   PE_SC3   00000000 DELL 00000001)
[    0.014422] ACPI: APIC 0x000000006F427000 00075E (v04 DELL   PE_SC3   00000000 DELL 00000001)
[    0.014425] ACPI: SLIT 0x000000006F426000 00003C (v01 DELL   PE_SC3   00000001 DELL 01000013)
[    0.014427] ACPI: SRAT 0x000000006F41F000 006430 (v03 DELL   PE_SC3   00000002 DELL 01000013)
[    0.014430] ACPI: OEM4 0x000000004B346000 187A61 (v02 INTEL  CPU  CST 00003000 INTL 20210331)
[    0.014432] ACPI: SSDT 0x000000004B2CF000 0764A5 (v02 INTEL  SSDT  PM 00004000 INTL 20210331)
[    0.014435] ACPI: SSDT 0x000000006F41E000 000A1F (v02 DELL   PE_SC3   00000000 DELL 00000001)
[    0.014437] ACPI: HEST 0x000000006F41D000 00017C (v01 DELL   PE_SC3   00000001 INTL 00000001)
[    0.014440] ACPI: PCAT 0x000000006F41B000 00010C (v19 DELL   PE_SC3   00000002 DELL 00000001)
[    0.014442] ACPI: SSDT 0x000000006F413000 007299 (v02 INTEL  SpsNm    00000002 INTL 20210331)
[    0.014445] ACPI: SSDT 0x000000006F412000 000426 (v02 DELL   PE_SC3   00000002 DELL 00000001)
[    0.014448] ACPI: NFIT 0x000000006F7FD000 000488 (v01 DELL   PE_SC3   00000002 DELL 00000001)
[    0.014450] ACPI: DMAR 0x000000006F411000 000158 (v01 DELL   PE_SC3   00000001 DELL 00000001)
[    0.014457] ACPI: Local APIC address 0xfee00000
[    0.014459] Setting APIC routing to cluster x2apic.
[    0.014505] SRAT: PXM 0 -> APIC 0x0000 -> Node 0
[    0.014505] SRAT: PXM 0 -> APIC 0x0001 -> Node 0
[    0.014506] SRAT: PXM 0 -> APIC 0x0002 -> Node 0
[    0.014506] SRAT: PXM 0 -> APIC 0x0003 -> Node 0
[    0.014507] SRAT: PXM 0 -> APIC 0x0004 -> Node 0
[    0.014507] SRAT: PXM 0 -> APIC 0x0005 -> Node 0
[    0.014508] SRAT: PXM 0 -> APIC 0x0006 -> Node 0
[    0.014508] SRAT: PXM 0 -> APIC 0x0007 -> Node 0
[    0.014508] SRAT: PXM 0 -> APIC 0x0008 -> Node 0
[    0.014509] SRAT: PXM 0 -> APIC 0x0009 -> Node 0
[    0.014509] SRAT: PXM 0 -> APIC 0x000a -> Node 0
[    0.014510] SRAT: PXM 0 -> APIC 0x000b -> Node 0
[    0.014510] SRAT: PXM 0 -> APIC 0x000c -> Node 0
[    0.014510] SRAT: PXM 0 -> APIC 0x000d -> Node 0
[    0.014511] SRAT: PXM 0 -> APIC 0x000e -> Node 0
[    0.014511] SRAT: PXM 0 -> APIC 0x000f -> Node 0
[    0.014512] SRAT: PXM 0 -> APIC 0x0010 -> Node 0
[    0.014512] SRAT: PXM 0 -> APIC 0x0011 -> Node 0
[    0.014513] SRAT: PXM 0 -> APIC 0x0012 -> Node 0
[    0.014513] SRAT: PXM 0 -> APIC 0x0013 -> Node 0
[    0.014513] SRAT: PXM 0 -> APIC 0x0014 -> Node 0
[    0.014514] SRAT: PXM 0 -> APIC 0x0015 -> Node 0
[    0.014514] SRAT: PXM 0 -> APIC 0x0016 -> Node 0
[    0.014515] SRAT: PXM 0 -> APIC 0x0017 -> Node 0
[    0.014515] SRAT: PXM 0 -> APIC 0x0018 -> Node 0
[    0.014515] SRAT: PXM 0 -> APIC 0x0019 -> Node 0
[    0.014516] SRAT: PXM 0 -> APIC 0x001a -> Node 0
[    0.014516] SRAT: PXM 0 -> APIC 0x001b -> Node 0
[    0.014517] SRAT: PXM 0 -> APIC 0x001c -> Node 0
[    0.014517] SRAT: PXM 0 -> APIC 0x001d -> Node 0
[    0.014518] SRAT: PXM 0 -> APIC 0x001e -> Node 0
[    0.014518] SRAT: PXM 0 -> APIC 0x001f -> Node 0
[    0.014518] SRAT: PXM 0 -> APIC 0x0020 -> Node 0
[    0.014519] SRAT: PXM 0 -> APIC 0x0021 -> Node 0
[    0.014519] SRAT: PXM 0 -> APIC 0x0022 -> Node 0
[    0.014520] SRAT: PXM 0 -> APIC 0x0023 -> Node 0
[    0.014520] SRAT: PXM 0 -> APIC 0x0024 -> Node 0
[    0.014520] SRAT: PXM 0 -> APIC 0x0025 -> Node 0
[    0.014521] SRAT: PXM 0 -> APIC 0x0026 -> Node 0
[    0.014521] SRAT: PXM 0 -> APIC 0x0027 -> Node 0
[    0.014522] SRAT: PXM 0 -> APIC 0x0028 -> Node 0
[    0.014522] SRAT: PXM 0 -> APIC 0x0029 -> Node 0
[    0.014522] SRAT: PXM 0 -> APIC 0x002a -> Node 0
[    0.014523] SRAT: PXM 0 -> APIC 0x002b -> Node 0
[    0.014523] SRAT: PXM 0 -> APIC 0x002c -> Node 0
[    0.014524] SRAT: PXM 0 -> APIC 0x002d -> Node 0
[    0.014524] SRAT: PXM 0 -> APIC 0x002e -> Node 0
[    0.014525] SRAT: PXM 0 -> APIC 0x002f -> Node 0
[    0.014525] SRAT: PXM 0 -> APIC 0x0030 -> Node 0
[    0.014525] SRAT: PXM 0 -> APIC 0x0031 -> Node 0
[    0.014526] SRAT: PXM 0 -> APIC 0x0032 -> Node 0
[    0.014526] SRAT: PXM 0 -> APIC 0x0033 -> Node 0
[    0.014527] SRAT: PXM 0 -> APIC 0x0034 -> Node 0
[    0.014527] SRAT: PXM 0 -> APIC 0x0035 -> Node 0
[    0.014527] SRAT: PXM 0 -> APIC 0x0036 -> Node 0
[    0.014528] SRAT: PXM 0 -> APIC 0x0037 -> Node 0
[    0.014528] SRAT: PXM 1 -> APIC 0x0080 -> Node 1
[    0.014529] SRAT: PXM 1 -> APIC 0x0081 -> Node 1
[    0.014529] SRAT: PXM 1 -> APIC 0x0082 -> Node 1
[    0.014530] SRAT: PXM 1 -> APIC 0x0083 -> Node 1
[    0.014530] SRAT: PXM 1 -> APIC 0x0084 -> Node 1
[    0.014530] SRAT: PXM 1 -> APIC 0x0085 -> Node 1
[    0.014531] SRAT: PXM 1 -> APIC 0x0086 -> Node 1
[    0.014531] SRAT: PXM 1 -> APIC 0x0087 -> Node 1
[    0.014532] SRAT: PXM 1 -> APIC 0x0088 -> Node 1
[    0.014532] SRAT: PXM 1 -> APIC 0x0089 -> Node 1
[    0.014533] SRAT: PXM 1 -> APIC 0x008a -> Node 1
[    0.014533] SRAT: PXM 1 -> APIC 0x008b -> Node 1
[    0.014533] SRAT: PXM 1 -> APIC 0x008c -> Node 1
[    0.014534] SRAT: PXM 1 -> APIC 0x008d -> Node 1
[    0.014534] SRAT: PXM 1 -> APIC 0x008e -> Node 1
[    0.014535] SRAT: PXM 1 -> APIC 0x008f -> Node 1
[    0.014535] SRAT: PXM 1 -> APIC 0x0090 -> Node 1
[    0.014535] SRAT: PXM 1 -> APIC 0x0091 -> Node 1
[    0.014536] SRAT: PXM 1 -> APIC 0x0092 -> Node 1
[    0.014536] SRAT: PXM 1 -> APIC 0x0093 -> Node 1
[    0.014537] SRAT: PXM 1 -> APIC 0x0094 -> Node 1
[    0.014537] SRAT: PXM 1 -> APIC 0x0095 -> Node 1
[    0.014538] SRAT: PXM 1 -> APIC 0x0096 -> Node 1
[    0.014538] SRAT: PXM 1 -> APIC 0x0097 -> Node 1
[    0.014538] SRAT: PXM 1 -> APIC 0x0098 -> Node 1
[    0.014539] SRAT: PXM 1 -> APIC 0x0099 -> Node 1
[    0.014539] SRAT: PXM 1 -> APIC 0x009a -> Node 1
[    0.014540] SRAT: PXM 1 -> APIC 0x009b -> Node 1
[    0.014540] SRAT: PXM 1 -> APIC 0x009c -> Node 1
[    0.014540] SRAT: PXM 1 -> APIC 0x009d -> Node 1
[    0.014541] SRAT: PXM 1 -> APIC 0x009e -> Node 1
[    0.014541] SRAT: PXM 1 -> APIC 0x009f -> Node 1
[    0.014542] SRAT: PXM 1 -> APIC 0x00a0 -> Node 1
[    0.014542] SRAT: PXM 1 -> APIC 0x00a1 -> Node 1
[    0.014542] SRAT: PXM 1 -> APIC 0x00a2 -> Node 1
[    0.014543] SRAT: PXM 1 -> APIC 0x00a3 -> Node 1
[    0.014543] SRAT: PXM 1 -> APIC 0x00a4 -> Node 1
[    0.014544] SRAT: PXM 1 -> APIC 0x00a5 -> Node 1
[    0.014544] SRAT: PXM 1 -> APIC 0x00a6 -> Node 1
[    0.014544] SRAT: PXM 1 -> APIC 0x00a7 -> Node 1
[    0.014545] SRAT: PXM 1 -> APIC 0x00a8 -> Node 1
[    0.014545] SRAT: PXM 1 -> APIC 0x00a9 -> Node 1
[    0.014546] SRAT: PXM 1 -> APIC 0x00aa -> Node 1
[    0.014546] SRAT: PXM 1 -> APIC 0x00ab -> Node 1
[    0.014547] SRAT: PXM 1 -> APIC 0x00ac -> Node 1
[    0.014547] SRAT: PXM 1 -> APIC 0x00ad -> Node 1
[    0.014547] SRAT: PXM 1 -> APIC 0x00ae -> Node 1
[    0.014548] SRAT: PXM 1 -> APIC 0x00af -> Node 1
[    0.014548] SRAT: PXM 1 -> APIC 0x00b0 -> Node 1
[    0.014549] SRAT: PXM 1 -> APIC 0x00b1 -> Node 1
[    0.014549] SRAT: PXM 1 -> APIC 0x00b2 -> Node 1
[    0.014549] SRAT: PXM 1 -> APIC 0x00b3 -> Node 1
[    0.014550] SRAT: PXM 1 -> APIC 0x00b4 -> Node 1
[    0.014550] SRAT: PXM 1 -> APIC 0x00b5 -> Node 1
[    0.014551] SRAT: PXM 1 -> APIC 0x00b6 -> Node 1
[    0.014551] SRAT: PXM 1 -> APIC 0x00b7 -> Node 1
[    0.014563] ACPI: SRAT: Node 0 PXM 0 [mem 0x00000000-0x7fffffff]
[    0.014564] ACPI: SRAT: Node 0 PXM 0 [mem 0x100000000-0x107fffffff]
[    0.014565] ACPI: SRAT: Node 2 PXM 2 [mem 0x2080000000-0x9e7fffffff] non-volatile
[    0.014566] ACPI: SRAT: Node 1 PXM 1 [mem 0x1080000000-0x207fffffff]
[    0.014567] ACPI: SRAT: Node 3 PXM 3 [mem 0x9e80000000-0x11c7fffffff] non-volatile
[    0.014576] NUMA: Initialized distance table, cnt=4
[    0.014578] NUMA: Node 0 [mem 0x00000000-0x7fffffff] + [mem 0x100000000-0x107fffffff] -> [mem 0x00000000-0x107fffffff]
[    0.014586] NODE_DATA(0) allocated [mem 0xffffd5000-0xfffffffff]
[    0.014603] NODE_DATA(1) allocated [mem 0x20658f2000-0x206591cfff]
[    0.014756] Zone ranges:
[    0.014756]   DMA      [mem 0x0000000000001000-0x0000000000ffffff]
[    0.014757]   DMA32    [mem 0x0000000001000000-0x00000000ffffffff]
[    0.014758]   Normal   [mem 0x0000000100000000-0x000000207fffffff]
[    0.014759]   Device   empty
[    0.014759] Movable zone start for each node
[    0.014763] Early memory node ranges
[    0.014763]   node   0: [mem 0x0000000000001000-0x000000000008efff]
[    0.014764]   node   0: [mem 0x0000000000090000-0x000000000009ffff]
[    0.014765]   node   0: [mem 0x0000000000100000-0x0000000049e76fff]
[    0.014765]   node   0: [mem 0x000000004ae77000-0x000000004b2cefff]
[    0.014766]   node   0: [mem 0x000000004b54e000-0x000000004bd93fff]
[    0.014766]   node   0: [mem 0x000000004be9a000-0x000000004cdfffff]
[    0.014767]   node   0: [mem 0x000000004d000000-0x000000005eefdfff]
[    0.014767]   node   0: [mem 0x000000006f7ff000-0x000000006f7fffff]
[    0.014768]   node   0: [mem 0x0000000c6f200000-0x0000000fffffffff]
[    0.014769]   node   1: [mem 0x0000001ec0000000-0x000000207fffffff]
[    0.015455] Zeroed struct page in unavailable ranges: 71912 pages
[    0.015456] Initmem setup node 0 [mem 0x0000000000001000-0x0000000fffffffff]
[    0.015457] On node 0 totalpages: 4122392
[    0.015458]   DMA zone: 64 pages used for memmap
[    0.015459]   DMA zone: 1102 pages reserved
[    0.015459]   DMA zone: 3998 pages, LIFO batch:0
[    0.015501]   DMA32 zone: 5926 pages used for memmap
[    0.015502]   DMA32 zone: 379258 pages, LIFO batch:63
[    0.021321]   Normal zone: 58424 pages used for memmap
[    0.021322]   Normal zone: 3739136 pages, LIFO batch:63
[    0.086249] Initmem setup node 1 [mem 0x0000001ec0000000-0x000000207fffffff]
[    0.086251] On node 1 totalpages: 1835008
[    0.086252]   Normal zone: 28672 pages used for memmap
[    0.086252]   Normal zone: 1835008 pages, LIFO batch:63
[    0.106541] ACPI: PM-Timer IO Port: 0x508
[    0.106544] ACPI: Local APIC address 0xfee00000
[    0.106560] ACPI: X2APIC_NMI (uid[0xffffffff] high edge lint[0x1])
[    0.106562] ACPI: LAPIC_NMI (acpi_id[0xff] high edge lint[0x1])
[    0.106580] IOAPIC[0]: apic_id 8, version 32, address 0xfec00000, GSI 0-119
[    0.106582] ACPI: INT_SRC_OVR (bus 0 bus_irq 0 global_irq 2 dfl dfl)
[    0.106584] ACPI: INT_SRC_OVR (bus 0 bus_irq 9 global_irq 9 high level)
[    0.106585] ACPI: IRQ0 used by override.
[    0.106586] ACPI: IRQ9 used by override.
[    0.106588] Using ACPI (MADT) for SMP configuration information
[    0.106589] ACPI: HPET id: 0x8086a701 base: 0xfed00000
[    0.106593] smpboot: Allowing 112 CPUs, 0 hotplug CPUs
[    0.106618] PM: Registered nosave memory: [mem 0x00000000-0x00000fff]
[    0.106619] PM: Registered nosave memory: [mem 0x0008f000-0x0008ffff]
[    0.106621] PM: Registered nosave memory: [mem 0x000a0000-0x000fffff]
[    0.106622] PM: Registered nosave memory: [mem 0x47bcd000-0x47bcdfff]
[    0.106624] PM: Registered nosave memory: [mem 0x47bfe000-0x47bfefff]
[    0.106624] PM: Registered nosave memory: [mem 0x47bff000-0x47bfffff]
[    0.106626] PM: Registered nosave memory: [mem 0x47c31000-0x47c31fff]
[    0.106626] PM: Registered nosave memory: [mem 0x47c32000-0x47c32fff]
[    0.106628] PM: Registered nosave memory: [mem 0x47c64000-0x47c64fff]
[    0.106628] PM: Registered nosave memory: [mem 0x47c65000-0x47c65fff]
[    0.106629] PM: Registered nosave memory: [mem 0x47c6d000-0x47c6dfff]
[    0.106631] PM: Registered nosave memory: [mem 0x49e77000-0x4ae76fff]
[    0.106633] PM: Registered nosave memory: [mem 0x4b2cf000-0x4b54dfff]
[    0.106634] PM: Registered nosave memory: [mem 0x4bd94000-0x4be99fff]
[    0.106635] PM: Registered nosave memory: [mem 0x4ce00000-0x4cffffff]
[    0.106637] PM: Registered nosave memory: [mem 0x5eefe000-0x6e3fefff]
[    0.106637] PM: Registered nosave memory: [mem 0x6e3ff000-0x6f3fefff]
[    0.106638] PM: Registered nosave memory: [mem 0x6f3ff000-0x6f7fefff]
[    0.106639] PM: Registered nosave memory: [mem 0x6f800000-0x8fffffff]
[    0.106640] PM: Registered nosave memory: [mem 0x90000000-0xfdffffff]
[    0.106640] PM: Registered nosave memory: [mem 0xfe000000-0xfe010fff]
[    0.106641] PM: Registered nosave memory: [mem 0xfe011000-0xffffffff]
[    0.106641] PM: Registered nosave memory: [mem 0x100000000-0xc6f1fffff]
[    0.106643] PM: Registered nosave memory: [mem 0x1000000000-0x1ebfffffff]
[    0.106644] [mem 0x90000000-0xfdffffff] available for PCI devices
[    0.106645] Booting paravirtualized kernel on bare hardware
[    0.106648] clocksource: refined-jiffies: mask: 0xffffffff max_cycles: 0xffffffff, max_idle_ns: 7645519600211568 ns
[    0.106654] setup_percpu: NR_CPUS:8192 nr_cpumask_bits:112 nr_cpu_ids:112 nr_node_ids:4
[    0.111192] percpu: Embedded 55 pages/cpu s188416 r8192 d28672 u262144
[    0.111201] pcpu-alloc: s188416 r8192 d28672 u262144 alloc=1*2097152
[    0.111202] pcpu-alloc: [0] 000 002 004 006 008 010 012 014 
[    0.111205] pcpu-alloc: [0] 016 018 020 022 024 026 028 030 
[    0.111206] pcpu-alloc: [0] 032 034 036 038 040 042 044 046 
[    0.111207] pcpu-alloc: [0] 048 050 052 054 056 058 060 062 
[    0.111209] pcpu-alloc: [0] 064 066 068 070 072 074 076 078 
[    0.111210] pcpu-alloc: [0] 080 082 084 086 088 090 092 094 
[    0.111212] pcpu-alloc: [0] 096 098 100 102 104 106 108 110 
[    0.111213] pcpu-alloc: [1] 001 003 005 007 009 011 013 015 
[    0.111215] pcpu-alloc: [1] 017 019 021 023 025 027 029 031 
[    0.111216] pcpu-alloc: [1] 033 035 037 039 041 043 045 047 
[    0.111217] pcpu-alloc: [1] 049 051 053 055 057 059 061 063 
[    0.111219] pcpu-alloc: [1] 065 067 069 071 073 075 077 079 
[    0.111220] pcpu-alloc: [1] 081 083 085 087 089 091 093 095 
[    0.111221] pcpu-alloc: [1] 097 099 101 103 105 107 109 111 
[    0.111264] Built 2 zonelists, mobility grouping on.  Total pages: 5863212
[    0.111265] Policy zone: Normal
[    0.111266] Kernel command line: BOOT_IMAGE=/boot/vmlinuz-5.3.1-multiclock root=UUID=ce0c24b8-724b-4f33-9b2c-618433560aef ro memmap=46834M!4096M memmap=59G!64G quiet splash nomodeset vt.handoff=1
[    0.111372] You have booted with nomodeset. This means your GPU drivers are DISABLED
[    0.111372] Any video related functionality will be severely degraded, and you may not even be able to suspend the system properly
[    0.111372] Unless you actually understand what nomodeset does, you should reboot without enabling it
[    0.111389] printk: log_buf_len individual max cpu contribution: 4096 bytes
[    0.111390] printk: log_buf_len total cpu_extra contributions: 454656 bytes
[    0.111390] printk: log_buf_len min size: 262144 bytes
[    0.111543] printk: log_buf_len: 1048576 bytes
[    0.111544] printk: early log buf free: 221788(84%)
[    0.113047] mem auto-init: stack:off, heap alloc:on, heap free:off
[    0.119060] Calgary: detecting Calgary via BIOS EBDA area
[    0.119061] Calgary: Unable to locate Rio Grande table in EBDA - bailing!
[    0.169939] Memory: 22766392K/23829600K available (14339K kernel code, 2373K rwdata, 4660K rodata, 2680K init, 5056K bss, 1063208K reserved, 0K cma-reserved)
[    0.170530] SLUB: HWalign=64, Order=0-3, MinObjects=0, CPUs=112, Nodes=4
[    0.170559] ftrace: allocating 43047 entries in 169 pages
[    0.186889] rcu: Hierarchical RCU implementation.
[    0.186890] rcu: 	RCU restricting CPUs from NR_CPUS=8192 to nr_cpu_ids=112.
[    0.186891] 	Tasks RCU enabled.
[    0.186891] rcu: RCU calculated value of scheduler-enlistment delay is 25 jiffies.
[    0.186892] rcu: Adjusting geometry for rcu_fanout_leaf=16, nr_cpu_ids=112
[    0.189431] NR_IRQS: 524544, nr_irqs: 2952, preallocated irqs: 16
[    0.189818] random: crng done (trusting CPU's manufacturer)
[    0.189992] Console: colour dummy device 80x25
[    0.190006] printk: console [tty0] enabled
[    0.190098] mempolicy: Enabling automatic NUMA balancing. Configure with numa_balancing= or the kernel.numa_balancing sysctl
[    0.190101] ACPI: Core revision 20190703
[    0.193496] clocksource: hpet: mask: 0xffffffff max_cycles: 0xffffffff, max_idle_ns: 79635855245 ns
[    0.193538] APIC: Switch to symmetric I/O mode setup
[    0.193541] DMAR: Host address width 46
[    0.193541] DMAR: DRHD base: 0x000000d0ffc000 flags: 0x0
[    0.193546] DMAR: dmar0: reg_base_addr d0ffc000 ver 4:0 cap 8ed008c40780466 ecap 60000f050df
[    0.193547] DMAR: DRHD base: 0x000000dbbfc000 flags: 0x0
[    0.193551] DMAR: dmar1: reg_base_addr dbbfc000 ver 4:0 cap 8ed008c40780466 ecap 60000f050df
[    0.193551] DMAR: DRHD base: 0x000000e67fc000 flags: 0x0
[    0.193554] DMAR: dmar2: reg_base_addr e67fc000 ver 4:0 cap 8ed008c40780466 ecap 60000f050df
[    0.193555] DMAR: DRHD base: 0x000000f13fc000 flags: 0x0
[    0.193558] DMAR: dmar3: reg_base_addr f13fc000 ver 4:0 cap 8ed008c40780466 ecap 60000f050df
[    0.193559] DMAR: DRHD base: 0x000000fb7fc000 flags: 0x0
[    0.193562] DMAR: dmar4: reg_base_addr fb7fc000 ver 4:0 cap 8ed008c40780466 ecap 60000f050df
[    0.193563] DMAR: DRHD base: 0x000000a63fc000 flags: 0x0
[    0.193566] DMAR: dmar5: reg_base_addr a63fc000 ver 4:0 cap 8ed008c40780466 ecap 60000f050df
[    0.193566] DMAR: DRHD base: 0x000000b0ffc000 flags: 0x0
[    0.193569] DMAR: dmar6: reg_base_addr b0ffc000 ver 4:0 cap 8ed008c40780466 ecap 60000f050df
[    0.193569] DMAR: DRHD base: 0x000000bbbfc000 flags: 0x0
[    0.193574] DMAR: dmar7: reg_base_addr bbbfc000 ver 4:0 cap 8ed008c40780466 ecap 60000f050df
[    0.193574] DMAR: DRHD base: 0x000000c5ffc000 flags: 0x0
[    0.193577] DMAR: dmar8: reg_base_addr c5ffc000 ver 4:0 cap 8ed008c40780466 ecap 60000f050df
[    0.193578] DMAR: DRHD base: 0x0000009b7fc000 flags: 0x1
[    0.193580] DMAR: dmar9: reg_base_addr 9b7fc000 ver 4:0 cap 8ed008c40780466 ecap 60000f050df
[    0.193581] DMAR: RMRR base: 0x00000069427000 end: 0x00000069429fff
[    0.193582] DMAR: ATSR flags: 0x0
[    0.193584] DMAR-IR: IOAPIC id 8 under DRHD base  0x9b7fc000 IOMMU 9
[    0.193584] DMAR-IR: HPET id 0 under DRHD base 0x9b7fc000
[    0.193585] DMAR-IR: Queued invalidation will be enabled to support x2apic and Intr-remapping.
[    0.195965] DMAR-IR: Enabled IRQ remapping in x2apic mode
[    0.198614] ..TIMER: vector=0x30 apic1=0 pin1=2 apic2=-1 pin2=-1
[    0.217465] clocksource: tsc-early: mask: 0xffffffffffffffff max_cycles: 0x39a85c9bff6, max_idle_ns: 881590591483 ns
[    0.217469] Calibrating delay loop (skipped), value calculated using timer frequency.. 4000.00 BogoMIPS (lpj=8000000)
[    0.217471] pid_max: default: 114688 minimum: 896
[    0.221445] LSM: Security Framework initializing
[    0.221477] Yama: becoming mindful.
[    0.221849] AppArmor: AppArmor initialized
[    0.226448] Dentry cache hash table entries: 4194304 (order: 13, 33554432 bytes, vmalloc)
[    0.228726] Inode-cache hash table entries: 2097152 (order: 12, 16777216 bytes, vmalloc)
[    0.228850] Mount-cache hash table entries: 65536 (order: 7, 524288 bytes, vmalloc)
[    0.228923] Mountpoint-cache hash table entries: 65536 (order: 7, 524288 bytes, vmalloc)
[    0.229190] *** VALIDATE proc ***
[    0.229422] *** VALIDATE cgroup1 ***
[    0.229424] *** VALIDATE cgroup2 ***
[    0.229566] x86/tme: not enabled by BIOS
[    0.229569] x86/cpu: User Mode Instruction Prevention (UMIP) activated
[    0.229642] mce: CPU0: Thermal monitoring enabled (TM1)
[    0.229853] process: using mwait in idle threads
[    0.229855] Last level iTLB entries: 4KB 0, 2MB 0, 4MB 0
[    0.229855] Last level dTLB entries: 4KB 0, 2MB 0, 4MB 0, 1GB 0
[    0.229858] Spectre V1 : Mitigation: usercopy/swapgs barriers and __user pointer sanitization
[    0.229860] Spectre V2 : Mitigation: Enhanced IBRS
[    0.229860] Spectre V2 : Spectre v2 / SpectreRSB mitigation: Filling RSB on context switch
[    0.229861] Spectre V2 : mitigation: Enabling conditional Indirect Branch Prediction Barrier
[    0.229862] Speculative Store Bypass: Mitigation: Speculative Store Bypass disabled via prctl and seccomp
[    0.230123] Freeing SMP alternatives memory: 40K
[    0.233607] TSC deadline timer enabled
[    0.233615] smpboot: CPU0: Intel(R) Xeon(R) Gold 6330 CPU @ 2.00GHz (family: 0x6, model: 0x6a, stepping: 0x6)
[    0.233800] Performance Events: PEBS fmt4+-baseline, Icelake events, 32-deep LBR, full-width counters, Intel PMU driver.
[    0.233805] ... version:                5
[    0.233805] ... bit width:              48
[    0.233805] ... generic registers:      8
[    0.233806] ... value mask:             0000ffffffffffff
[    0.233806] ... max period:             00007fffffffffff
[    0.233807] ... fixed-purpose events:   4
[    0.233807] ... event mask:             0000000f000000ff
[    0.233913] rcu: Hierarchical SRCU implementation.
[    0.241201] NMI watchdog: Enabled. Permanently consumes one hw-PMU counter.
[    0.242447] smp: Bringing up secondary CPUs ...
[    0.242567] x86: Booting SMP configuration:
[    0.242567] .... node  #1, CPUs:          #1
[    0.003711] smpboot: CPU 1 Converting physical 0 to logical die 1
[    0.329572] .... node  #0, CPUs:     #2
[    0.334916] .... node  #1, CPUs:     #3
[    0.340309] .... node  #0, CPUs:     #4
[    0.345660] .... node  #1, CPUs:     #5
[    0.351013] .... node  #0, CPUs:     #6
[    0.356554] .... node  #1, CPUs:     #7
[    0.362110] .... node  #0, CPUs:     #8
[    0.367369] .... node  #1, CPUs:     #9
[    0.373061] .... node  #0, CPUs:    #10
[    0.378755] .... node  #1, CPUs:    #11
[    0.384446] .... node  #0, CPUs:    #12
[    0.389935] .... node  #1, CPUs:    #13
[    0.395236] .... node  #0, CPUs:    #14
[    0.400450] .... node  #1, CPUs:    #15
[    0.405737] .... node  #0, CPUs:    #16
[    0.410974] .... node  #1, CPUs:    #17
[    0.416253] .... node  #0, CPUs:    #18
[    0.421627] .... node  #1, CPUs:    #19
[    0.427094] .... node  #0, CPUs:    #20
[    0.432285] .... node  #1, CPUs:    #21
[    0.437844] .... node  #0, CPUs:    #22
[    0.443245] .... node  #1, CPUs:    #23
[    0.448481] .... node  #0, CPUs:    #24
[    0.454081] .... node  #1, CPUs:    #25
[    0.459370] .... node  #0, CPUs:    #26
[    0.464545] .... node  #1, CPUs:    #27
[    0.469802] .... node  #0, CPUs:    #28
[    0.475273] .... node  #1, CPUs:    #29
[    0.480521] .... node  #0, CPUs:    #30
[    0.485713] .... node  #1, CPUs:    #31
[    0.491147] .... node  #0, CPUs:    #32
[    0.496409] .... node  #1, CPUs:    #33
[    0.501731] .... node  #0, CPUs:    #34
[    0.507143] .... node  #1, CPUs:    #35
[    0.512416] .... node  #0, CPUs:    #36
[    0.517621] .... node  #1, CPUs:    #37
[    0.522869] .... node  #0, CPUs:    #38
[    0.528388] .... node  #1, CPUs:    #39
[    0.533886] .... node  #0, CPUs:    #40
[    0.539451] .... node  #1, CPUs:    #41
[    0.545159] .... node  #0, CPUs:    #42
[    0.550422] .... node  #1, CPUs:    #43
[    0.556037] .... node  #0, CPUs:    #44
[    0.561598] .... node  #1, CPUs:    #45
[    0.566797] .... node  #0, CPUs:    #46
[    0.572309] .... node  #1, CPUs:    #47
[    0.577727] .... node  #0, CPUs:    #48
[    0.583031] .... node  #1, CPUs:    #49
[    0.588430] .... node  #0, CPUs:    #50
[    0.593887] .... node  #1, CPUs:    #51
[    0.599481] .... node  #0, CPUs:    #52
[    0.604924] .... node  #1, CPUs:    #53
[    0.610471] .... node  #0, CPUs:    #54
[    0.616144] .... node  #1, CPUs:    #55
[    0.621907] .... node  #0, CPUs:    #56
[    0.627710] .... node  #1, CPUs:    #57
[    0.633571] .... node  #0, CPUs:    #58
[    0.638940] .... node  #1, CPUs:    #59
[    0.644346] .... node  #0, CPUs:    #60
[    0.649686] .... node  #1, CPUs:    #61
[    0.655052] .... node  #0, CPUs:    #62
[    0.660616] .... node  #1, CPUs:    #63
[    0.666187] .... node  #0, CPUs:    #64
[    0.671462] .... node  #1, CPUs:    #65
[    0.677168] .... node  #0, CPUs:    #66
[    0.682875] .... node  #1, CPUs:    #67
[    0.688591] .... node  #0, CPUs:    #68
[    0.694092] .... node  #1, CPUs:    #69
[    0.699432] .... node  #0, CPUs:    #70
[    0.704633] .... node  #1, CPUs:    #71
[    0.709937] .... node  #0, CPUs:    #72
[    0.715189] .... node  #1, CPUs:    #73
[    0.720489] .... node  #0, CPUs:    #74
[    0.725724] .... node  #1, CPUs:    #75
[    0.731360] .... node  #0, CPUs:    #76
[    0.736587] .... node  #1, CPUs:    #77
[    0.742168] .... node  #0, CPUs:    #78
[    0.747586] .... node  #1, CPUs:    #79
[    0.752849] .... node  #0, CPUs:    #80
[    0.758456] .... node  #1, CPUs:    #81
[    0.763780] .... node  #0, CPUs:    #82
[    0.768965] .... node  #1, CPUs:    #83
[    0.774261] .... node  #0, CPUs:    #84
[    0.779752] .... node  #1, CPUs:    #85
[    0.785025] .... node  #0, CPUs:    #86
[    0.790232] .... node  #1, CPUs:    #87
[    0.795688] .... node  #0, CPUs:    #88
[    0.800962] .... node  #1, CPUs:    #89
[    0.806315] .... node  #0, CPUs:    #90
[    0.811736] .... node  #1, CPUs:    #91
[    0.817022] .... node  #0, CPUs:    #92
[    0.822225] .... node  #1, CPUs:    #93
[    0.827516] .... node  #0, CPUs:    #94
[    0.833071] .... node  #1, CPUs:    #95
[    0.838568] .... node  #0, CPUs:    #96
[    0.844160] .... node  #1, CPUs:    #97
[    0.849893] .... node  #0, CPUs:    #98
[    0.855187] .... node  #1, CPUs:    #99
[    0.860820] .... node  #0, CPUs:   #100
[    0.866153] .... node  #1, CPUs:   #101
[    0.871605] .... node  #0, CPUs:   #102
[    0.877129] .... node  #1, CPUs:   #103
[    0.882559] .... node  #0, CPUs:   #104
[    0.887887] .... node  #1, CPUs:   #105
[    0.893503] .... node  #0, CPUs:   #106
[    0.898758] .... node  #1, CPUs:   #107
[    0.904385] .... node  #0, CPUs:   #108
[    0.909813] .... node  #1, CPUs:   #109
[    0.915405] .... node  #0, CPUs:   #110
[    0.921083] .... node  #1, CPUs:   #111
[    0.926867] smp: Brought up 2 nodes, 112 CPUs
[    0.926867] smpboot: Max logical packages: 2
[    0.926867] smpboot: Total of 112 processors activated (448064.37 BogoMIPS)
[    0.936311] devtmpfs: initialized
[    0.936311] x86/mm: Memory block size: 2048MB
[    0.936311] PM: Registering ACPI NVS region [mem 0x49e77000-0x4ae76fff] (16777216 bytes)
[    0.936311] PM: Registering ACPI NVS region [mem 0x6e3ff000-0x6f3fefff] (16777216 bytes)
[    0.937486] clocksource: jiffies: mask: 0xffffffff max_cycles: 0xffffffff, max_idle_ns: 7645041785100000 ns
[    0.937792] futex hash table entries: 32768 (order: 9, 2097152 bytes, vmalloc)
[    0.938381] pinctrl core: initialized pinctrl subsystem
[    0.938503] PM: RTC time: 12:19:29, date: 2024-06-29
[    0.938760] NET: Registered protocol family 16
[    0.938868] audit: initializing netlink subsys (disabled)
[    0.938873] audit: type=2000 audit(1719663568.748:1): state=initialized audit_enabled=0 res=1
[    0.938873] EISA bus registered
[    0.938873] cpuidle: using governor ladder
[    0.938873] cpuidle: using governor menu
[    0.938873] ACPI FADT declares the system doesn't support PCIe ASPM, so disable it
[    0.938873] ACPI: bus type PCI registered
[    0.938873] acpiphp: ACPI Hot Plug PCI Controller Driver version: 0.5
[    0.938873] PCI: MMCONFIG for domain 0000 [bus 00-ff] at [mem 0x80000000-0x8fffffff] (base 0x80000000)
[    0.938873] PCI: MMCONFIG at [mem 0x80000000-0x8fffffff] reserved in E820
[    0.938873] pmd_set_huge: Cannot satisfy [mem 0x80000000-0x80200000] with a huge-page mapping due to MTRR override.
[    0.938873] PCI: Using configuration type 1 for base access
[    0.938873] PCI: Dell System detected, enabling pci=bfsort.
[    0.941471] ENERGY_PERF_BIAS: Set to 'normal', was 'performance'
[    0.945753] HugeTLB registered 1.00 GiB page size, pre-allocated 0 pages
[    0.945753] HugeTLB registered 2.00 MiB page size, pre-allocated 0 pages
[    0.949874] ACPI: Added _OSI(Module Device)
[    0.949875] ACPI: Added _OSI(Processor Device)
[    0.949876] ACPI: Added _OSI(3.0 _SCP Extensions)
[    0.949876] ACPI: Added _OSI(Processor Aggregator Device)
[    0.949877] ACPI: Added _OSI(Linux-Dell-Video)
[    0.949878] ACPI: Added _OSI(Linux-Lenovo-NV-HDMI-Audio)
[    0.949879] ACPI: Added _OSI(Linux-HPI-Hybrid-Graphics)
[    1.111344] ACPI: 8 ACPI AML tables successfully acquired and loaded
[    1.118421] ACPI: [Firmware Bug]: BIOS _OSI(Linux) query ignored
[    1.124991] ACPI: Dynamic OEM Table Load:
[    1.512078] ACPI: Interpreter enabled
[    1.512096] ACPI: (supports S0 S5)
[    1.512097] ACPI: Using IOAPIC for interrupt routing
[    1.512185] HEST: Table parsing has been initialized.
[    1.512188] PCI: Using host bridge windows from ACPI; if necessary, use "pci=nocrs" and report a bug
[    1.540620] ACPI: Enabled 4 GPEs in block 00 to 7F
[    1.664029] ACPI: PCI Root Bridge [PC00] (domain 0000 [bus 00-15])
[    1.664034] acpi PNP0A08:00: _OSC: OS supports [ExtendedConfig ASPM ClockPM Segments MSI HPX-Type3]
[    1.664112] acpi PNP0A08:00: PCIe AER handled by firmware
[    1.664223] acpi PNP0A08:00: _OSC: platform does not support [SHPCHotplug LTR]
[    1.664428] acpi PNP0A08:00: _OSC: OS now controls [PCIeHotplug PME PCIeCapability]
[    1.664428] acpi PNP0A08:00: FADT indicates ASPM is unsupported, using BIOS configuration
[    1.666187] PCI host bridge to bus 0000:00
[    1.666189] pci_bus 0000:00: root bus resource [io  0x0000-0x0cf7 window]
[    1.666190] pci_bus 0000:00: root bus resource [io  0x1000-0x4fff window]
[    1.666191] pci_bus 0000:00: root bus resource [mem 0x000a0000-0x000bffff window]
[    1.666191] pci_bus 0000:00: root bus resource [mem 0x000c8000-0x000cffff window]
[    1.666192] pci_bus 0000:00: root bus resource [mem 0xfe010000-0xfe010fff window]
[    1.666193] pci_bus 0000:00: root bus resource [mem 0x90000000-0x9b7fffff window]
[    1.666194] pci_bus 0000:00: root bus resource [mem 0x200000000000-0x20ffffffffff window]
[    1.666195] pci_bus 0000:00: root bus resource [bus 00-15]
[    1.666205] pci 0000:00:00.0: [8086:09a2] type 00 class 0x088000
[    1.666912] pci 0000:00:00.1: [8086:09a4] type 00 class 0x088000
[    1.667607] pci 0000:00:00.2: [8086:09a3] type 00 class 0x088000
[    1.668300] pci 0000:00:00.4: [8086:0998] type 00 class 0x060000
[    1.668995] pci 0000:00:02.0: [8086:09a6] type 00 class 0x088000
[    1.669004] pci 0000:00:02.0: reg 0x10: [mem 0x92dfc000-0x92dfdfff]
[    1.669694] pci 0000:00:02.1: [8086:09a7] type 00 class 0x088000
[    1.669703] pci 0000:00:02.1: reg 0x10: [mem 0x92d00000-0x92d7ffff]
[    1.669708] pci 0000:00:02.1: reg 0x14: [mem 0x92c80000-0x92cfffff]
[    1.670389] pci 0000:00:02.4: [8086:3456] type 00 class 0x130000
[    1.670400] pci 0000:00:02.4: reg 0x10: [mem 0x92a00000-0x92afffff 64bit]
[    1.670406] pci 0000:00:02.4: reg 0x18: [mem 0x92df0000-0x92df3fff 64bit]
[    1.670412] pci 0000:00:02.4: reg 0x20: [mem 0x92dc0000-0x92ddffff 64bit]
[    1.671106] pci 0000:00:11.0: [8086:a1ec] type 00 class 0xff0000
[    1.671862] pci 0000:00:11.5: [8086:a1d2] type 00 class 0x010601
[    1.671879] pci 0000:00:11.5: reg 0x10: [mem 0x92dfa000-0x92dfbfff]
[    1.671886] pci 0000:00:11.5: reg 0x14: [mem 0x92e05000-0x92e050ff]
[    1.671893] pci 0000:00:11.5: reg 0x18: [io  0x2068-0x206f]
[    1.671900] pci 0000:00:11.5: reg 0x1c: [io  0x2074-0x2077]
[    1.671907] pci 0000:00:11.5: reg 0x20: [io  0x2040-0x205f]
[    1.671914] pci 0000:00:11.5: reg 0x24: [mem 0x92b80000-0x92bfffff]
[    1.671952] pci 0000:00:11.5: PME# supported from D3hot
[    1.672654] pci 0000:00:14.0: [8086:a1af] type 00 class 0x0c0330
[    1.672675] pci 0000:00:14.0: reg 0x10: [mem 0x92de0000-0x92deffff 64bit]
[    1.672739] pci 0000:00:14.0: PME# supported from D3hot D3cold
[    1.673439] pci 0000:00:14.2: [8086:a1b1] type 00 class 0x118000
[    1.673459] pci 0000:00:14.2: reg 0x10: [mem 0x92e02000-0x92e02fff 64bit]
[    1.674191] pci 0000:00:16.0: [8086:a1ba] type 00 class 0x078000
[    1.674219] pci 0000:00:16.0: reg 0x10: [mem 0x92e01000-0x92e01fff 64bit]
[    1.674304] pci 0000:00:16.0: PME# supported from D3hot
[    1.674973] pci 0000:00:16.1: [8086:a1bb] type 00 class 0x078000
[    1.675001] pci 0000:00:16.1: reg 0x10: [mem 0x92e00000-0x92e00fff 64bit]
[    1.675086] pci 0000:00:16.1: PME# supported from D3hot
[    1.675759] pci 0000:00:16.4: [8086:a1be] type 00 class 0x078000
[    1.675787] pci 0000:00:16.4: reg 0x10: [mem 0x92dff000-0x92dfffff 64bit]
[    1.675872] pci 0000:00:16.4: PME# supported from D3hot
[    1.676542] pci 0000:00:17.0: [8086:a182] type 00 class 0x010601
[    1.676559] pci 0000:00:17.0: reg 0x10: [mem 0x92df8000-0x92df9fff]
[    1.676566] pci 0000:00:17.0: reg 0x14: [mem 0x92e04000-0x92e040ff]
[    1.676573] pci 0000:00:17.0: reg 0x18: [io  0x2060-0x2067]
[    1.676580] pci 0000:00:17.0: reg 0x1c: [io  0x2070-0x2073]
[    1.676586] pci 0000:00:17.0: reg 0x20: [io  0x2020-0x203f]
[    1.676593] pci 0000:00:17.0: reg 0x24: [mem 0x92b00000-0x92b7ffff]
[    1.676631] pci 0000:00:17.0: PME# supported from D3hot
[    1.677337] pci 0000:00:1c.0: [8086:a190] type 01 class 0x060400
[    1.677415] pci 0000:00:1c.0: PME# supported from D0 D3hot D3cold
[    1.678169] pci 0000:00:1c.4: [8086:a194] type 01 class 0x060400
[    1.678241] pci 0000:00:1c.4: PME# supported from D0 D3hot D3cold
[    1.678984] pci 0000:00:1c.5: [8086:a195] type 01 class 0x060400
[    1.679057] pci 0000:00:1c.5: PME# supported from D0 D3hot D3cold
[    1.679801] pci 0000:00:1f.0: [8086:a1cb] type 00 class 0x060100
[    1.680596] pci 0000:00:1f.2: [8086:a1a1] type 00 class 0x058000
[    1.680611] pci 0000:00:1f.2: reg 0x10: [mem 0x92df4000-0x92df7fff]
[    1.681352] pci 0000:00:1f.4: [8086:a1a3] type 00 class 0x0c0500
[    1.681372] pci 0000:00:1f.4: reg 0x10: [mem 0x92dfe000-0x92dfe0ff 64bit]
[    1.681394] pci 0000:00:1f.4: reg 0x20: [io  0x2000-0x201f]
[    1.682074] pci 0000:00:1f.5: [8086:a1a4] type 00 class 0x0c8000
[    1.682090] pci 0000:00:1f.5: reg 0x10: [mem 0xfe010000-0xfe010fff]
[    1.682830] pci 0000:00:1c.0: PCI bridge to [bus 01]
[    1.682877] pci 0000:02:00.0: [1556:be00] type 01 class 0x060400
[    1.683047] pci 0000:00:1c.4: PCI bridge to [bus 02-03]
[    1.683051] pci 0000:00:1c.4:   bridge window [mem 0x92000000-0x928fffff]
[    1.683054] pci 0000:00:1c.4:   bridge window [mem 0x91000000-0x91ffffff 64bit pref]
[    1.683086] pci_bus 0000:03: extended config space not accessible
[    1.683103] pci 0000:03:00.0: [102b:0536] type 00 class 0x030000
[    1.683122] pci 0000:03:00.0: reg 0x10: [mem 0x91000000-0x91ffffff pref]
[    1.683132] pci 0000:03:00.0: reg 0x14: [mem 0x92808000-0x9280bfff]
[    1.683143] pci 0000:03:00.0: reg 0x18: [mem 0x92000000-0x927fffff]
[    1.683190] pci 0000:03:00.0: BAR 0: assigned to efifb
[    1.683284] pci 0000:02:00.0: PCI bridge to [bus 03]
[    1.683292] pci 0000:02:00.0:   bridge window [mem 0x92000000-0x928fffff]
[    1.683298] pci 0000:02:00.0:   bridge window [mem 0x91000000-0x91ffffff 64bit pref]
[    1.683363] pci 0000:04:00.0: [14e4:165f] type 00 class 0x020000
[    1.683395] pci 0000:04:00.0: reg 0x10: [mem 0x92930000-0x9293ffff 64bit pref]
[    1.683410] pci 0000:04:00.0: reg 0x18: [mem 0x92940000-0x9294ffff 64bit pref]
[    1.683426] pci 0000:04:00.0: reg 0x20: [mem 0x92950000-0x9295ffff 64bit pref]
[    1.683436] pci 0000:04:00.0: reg 0x30: [mem 0xfffc0000-0xffffffff pref]
[    1.683528] pci 0000:04:00.0: PME# supported from D0 D3hot D3cold
[    1.683567] pci 0000:04:00.0: 4.000 Gb/s available PCIe bandwidth, limited by 5 GT/s x1 link at 0000:00:1c.5 (capable of 8.000 Gb/s with 5 GT/s x2 link)
[    1.683695] pci 0000:04:00.1: [14e4:165f] type 00 class 0x020000
[    1.683726] pci 0000:04:00.1: reg 0x10: [mem 0x92900000-0x9290ffff 64bit pref]
[    1.683742] pci 0000:04:00.1: reg 0x18: [mem 0x92910000-0x9291ffff 64bit pref]
[    1.683757] pci 0000:04:00.1: reg 0x20: [mem 0x92920000-0x9292ffff 64bit pref]
[    1.683767] pci 0000:04:00.1: reg 0x30: [mem 0xfffc0000-0xffffffff pref]
[    1.683859] pci 0000:04:00.1: PME# supported from D0 D3hot D3cold
[    1.684004] pci 0000:00:1c.5: PCI bridge to [bus 04]
[    1.684011] pci 0000:00:1c.5:   bridge window [mem 0x92900000-0x929fffff 64bit pref]
[    1.684025] pci_bus 0000:00: on NUMA node 0
[    1.684571] ACPI: PCI Root Bridge [PC01] (domain 0000 [bus 16-2f])
[    1.684573] acpi PNP0A08:01: _OSC: OS supports [ExtendedConfig ASPM ClockPM Segments MSI HPX-Type3]
[    1.684671] acpi PNP0A08:01: PCIe AER handled by firmware
[    1.684777] acpi PNP0A08:01: _OSC: platform does not support [SHPCHotplug]
[    1.684976] acpi PNP0A08:01: _OSC: OS now controls [PCIeHotplug PME PCIeCapability LTR]
[    1.684977] acpi PNP0A08:01: FADT indicates ASPM is unsupported, using BIOS configuration
[    1.685098] PCI host bridge to bus 0000:16
[    1.685099] pci_bus 0000:16: root bus resource [io  0x5000-0x6fff window]
[    1.685100] pci_bus 0000:16: root bus resource [mem 0x9b800000-0xa63fffff window]
[    1.685101] pci_bus 0000:16: root bus resource [mem 0x210000000000-0x21ffffffffff window]
[    1.685101] pci_bus 0000:16: root bus resource [bus 16-2f]
[    1.685108] pci 0000:16:00.0: [8086:09a2] type 00 class 0x088000
[    1.685173] pci 0000:16:00.1: [8086:09a4] type 00 class 0x088000
[    1.685238] pci 0000:16:00.2: [8086:09a3] type 00 class 0x088000
[    1.685301] pci 0000:16:00.4: [8086:0998] type 00 class 0x060000
[    1.685362] pci 0000:16:02.0: [8086:347a] type 01 class 0x060400
[    1.685375] pci 0000:16:02.0: reg 0x10: [mem 0x21fffff00000-0x21fffff1ffff 64bit]
[    1.685411] pci 0000:16:02.0: PME# supported from D0 D3hot D3cold
[    1.685714] pci 0000:17:00.0: [1000:10e2] type 00 class 0x010400
[    1.685733] pci 0000:17:00.0: reg 0x10: [mem 0x9b800000-0x9b8fffff 64bit pref]
[    1.685741] pci 0000:17:00.0: reg 0x18: [mem 0x9b900000-0x9b9fffff 64bit pref]
[    1.685747] pci 0000:17:00.0: reg 0x20: [mem 0x9ba00000-0x9bafffff]
[    1.685752] pci 0000:17:00.0: reg 0x24: [io  0x5000-0x50ff]
[    1.685757] pci 0000:17:00.0: reg 0x30: [mem 0xfff00000-0xffffffff pref]
[    1.686979] pci 0000:17:00.0: supports D1 D2
[    1.687029] pci 0000:16:02.0: PCI bridge to [bus 17]
[    1.687031] pci 0000:16:02.0:   bridge window [io  0x5000-0x5fff]
[    1.687032] pci 0000:16:02.0:   bridge window [mem 0x9ba00000-0x9bafffff]
[    1.687035] pci 0000:16:02.0:   bridge window [mem 0x9b800000-0x9b9fffff 64bit pref]
[    1.687040] pci_bus 0000:16: on NUMA node 0
[    1.687104] ACPI: PCI Root Bridge [PC02] (domain 0000 [bus 30-49])
[    1.687106] acpi PNP0A08:02: _OSC: OS supports [ExtendedConfig ASPM ClockPM Segments MSI HPX-Type3]
[    1.687200] acpi PNP0A08:02: PCIe AER handled by firmware
[    1.687305] acpi PNP0A08:02: _OSC: platform does not support [SHPCHotplug]
[    1.687504] acpi PNP0A08:02: _OSC: OS now controls [PCIeHotplug PME PCIeCapability LTR]
[    1.687505] acpi PNP0A08:02: FADT indicates ASPM is unsupported, using BIOS configuration
[    1.687619] PCI host bridge to bus 0000:30
[    1.687620] pci_bus 0000:30: root bus resource [io  0x7000-0x8fff window]
[    1.687621] pci_bus 0000:30: root bus resource [mem 0xa6400000-0xb0ffffff window]
[    1.687623] pci_bus 0000:30: root bus resource [mem 0x220000000000-0x22ffffffffff window]
[    1.687624] pci_bus 0000:30: root bus resource [bus 30-49]
[    1.687631] pci 0000:30:00.0: [8086:09a2] type 00 class 0x088000
[    1.687696] pci 0000:30:00.1: [8086:09a4] type 00 class 0x088000
[    1.687757] pci 0000:30:00.2: [8086:09a3] type 00 class 0x088000
[    1.687820] pci 0000:30:00.4: [8086:0998] type 00 class 0x060000
[    1.687890] pci_bus 0000:30: on NUMA node 0
[    1.687975] ACPI: PCI Root Bridge [PC04] (domain 0000 [bus 4a-63])
[    1.687977] acpi PNP0A08:04: _OSC: OS supports [ExtendedConfig ASPM ClockPM Segments MSI HPX-Type3]
[    1.688068] acpi PNP0A08:04: PCIe AER handled by firmware
[    1.688171] acpi PNP0A08:04: _OSC: platform does not support [SHPCHotplug]
[    1.688369] acpi PNP0A08:04: _OSC: OS now controls [PCIeHotplug PME PCIeCapability LTR]
[    1.688370] acpi PNP0A08:04: FADT indicates ASPM is unsupported, using BIOS configuration
[    1.688479] PCI host bridge to bus 0000:4a
[    1.688480] pci_bus 0000:4a: root bus resource [io  0x9000-0x9fff window]
[    1.688481] pci_bus 0000:4a: root bus resource [mem 0xb1000000-0xbbbfffff window]
[    1.688482] pci_bus 0000:4a: root bus resource [mem 0x230000000000-0x23ffffffffff window]
[    1.688482] pci_bus 0000:4a: root bus resource [bus 4a-63]
[    1.688489] pci 0000:4a:00.0: [8086:09a2] type 00 class 0x088000
[    1.688552] pci 0000:4a:00.1: [8086:09a4] type 00 class 0x088000
[    1.688612] pci 0000:4a:00.2: [8086:09a3] type 00 class 0x088000
[    1.688680] pci 0000:4a:00.4: [8086:0998] type 00 class 0x060000
[    1.688750] pci_bus 0000:4a: on NUMA node 0
[    1.688808] ACPI: PCI Root Bridge [PC05] (domain 0000 [bus 64-7d])
[    1.688810] acpi PNP0A08:05: _OSC: OS supports [ExtendedConfig ASPM ClockPM Segments MSI HPX-Type3]
[    1.688900] acpi PNP0A08:05: PCIe AER handled by firmware
[    1.689003] acpi PNP0A08:05: _OSC: platform does not support [SHPCHotplug]
[    1.689200] acpi PNP0A08:05: _OSC: OS now controls [PCIeHotplug PME PCIeCapability LTR]
[    1.689201] acpi PNP0A08:05: FADT indicates ASPM is unsupported, using BIOS configuration
[    1.689308] PCI host bridge to bus 0000:64
[    1.689309] pci_bus 0000:64: root bus resource [io  0xa000-0xafff window]
[    1.689310] pci_bus 0000:64: root bus resource [mem 0xbbc00000-0xc5ffffff window]
[    1.689311] pci_bus 0000:64: root bus resource [mem 0x240000000000-0x24ffffffffff window]
[    1.689311] pci_bus 0000:64: root bus resource [bus 64-7d]
[    1.689318] pci 0000:64:00.0: [8086:09a2] type 00 class 0x088000
[    1.689382] pci 0000:64:00.1: [8086:09a4] type 00 class 0x088000
[    1.689443] pci 0000:64:00.2: [8086:09a3] type 00 class 0x088000
[    1.689507] pci 0000:64:00.4: [8086:0998] type 00 class 0x060000
[    1.689577] pci_bus 0000:64: on NUMA node 0
[    1.689635] ACPI: PCI Root Bridge [UC06] (domain 0000 [bus 7e])
[    1.689638] acpi PNP0A03:00: _OSC: OS supports [ExtendedConfig ASPM ClockPM Segments MSI HPX-Type3]
[    1.689713] acpi PNP0A03:00: PCIe AER handled by firmware
[    1.689802] acpi PNP0A03:00: _OSC: platform does not support [SHPCHotplug LTR]
[    1.689968] acpi PNP0A03:00: _OSC: OS now controls [PCIeHotplug PME PCIeCapability]
[    1.689968] acpi PNP0A03:00: FADT indicates ASPM is unsupported, using BIOS configuration
[    1.690100] PCI host bridge to bus 0000:7e
[    1.690101] pci_bus 0000:7e: root bus resource [bus 7e]
[    1.690107] pci 0000:7e:00.0: [8086:3450] type 00 class 0x088000
[    1.690176] pci 0000:7e:00.1: [8086:3451] type 00 class 0x088000
[    1.690239] pci 0000:7e:00.2: [8086:3452] type 00 class 0x088000
[    1.690311] pci 0000:7e:00.3: [8086:0998] type 00 class 0x060000
[    1.690374] pci 0000:7e:00.5: [8086:3455] type 00 class 0x088000
[    1.690444] pci 0000:7e:02.0: [8086:3440] type 00 class 0x088000
[    1.690566] pci 0000:7e:02.1: [8086:3441] type 00 class 0x088000
[    1.690679] pci 0000:7e:02.2: [8086:3442] type 00 class 0x088000
[    1.690794] pci 0000:7e:03.0: [8086:3440] type 00 class 0x088000
[    1.690883] pci 0000:7e:03.1: [8086:3441] type 00 class 0x088000
[    1.690964] pci 0000:7e:03.2: [8086:3442] type 00 class 0x088000
[    1.691059] pci 0000:7e:04.0: [8086:3440] type 00 class 0x088000
[    1.691186] pci 0000:7e:04.1: [8086:3441] type 00 class 0x088000
[    1.691307] pci 0000:7e:04.2: [8086:3442] type 00 class 0x088000
[    1.691429] pci 0000:7e:04.3: [8086:3443] type 00 class 0x088000
[    1.691554] pci 0000:7e:05.0: [8086:3445] type 00 class 0x088000
[    1.691675] pci 0000:7e:05.1: [8086:3446] type 00 class 0x088000
[    1.691799] pci 0000:7e:05.2: [8086:3447] type 00 class 0x088000
[    1.691917] pci 0000:7e:06.0: [8086:3445] type 00 class 0x088000
[    1.692008] pci 0000:7e:06.1: [8086:3446] type 00 class 0x088000
[    1.692094] pci 0000:7e:06.2: [8086:3447] type 00 class 0x088000
[    1.692186] pci 0000:7e:07.0: [8086:3445] type 00 class 0x088000
[    1.692313] pci 0000:7e:07.1: [8086:3446] type 00 class 0x088000
[    1.692438] pci 0000:7e:07.2: [8086:3447] type 00 class 0x088000
[    1.692563] pci 0000:7e:0b.0: [8086:3448] type 00 class 0x088000
[    1.692638] pci 0000:7e:0b.1: [8086:3448] type 00 class 0x088000
[    1.692712] pci 0000:7e:0b.2: [8086:344b] type 00 class 0x088000
[    1.692795] pci 0000:7e:0c.0: [8086:344a] type 00 class 0x110100
[    1.692893] pci 0000:7e:0d.0: [8086:344a] type 00 class 0x110100
[    1.692987] pci 0000:7e:0e.0: [8086:344a] type 00 class 0x110100
[    1.693136] pci 0000:7e:0f.0: [8086:344a] type 00 class 0x110100
[    1.693297] pci 0000:7e:1a.0: [8086:2880] type 00 class 0x110100
[    1.693394] pci 0000:7e:1b.0: [8086:2880] type 00 class 0x110100
[    1.693486] pci 0000:7e:1c.0: [8086:2880] type 00 class 0x110100
[    1.693640] pci 0000:7e:1d.0: [8086:2880] type 00 class 0x110100
[    1.693801] pci_bus 0000:7e: on NUMA node 0
[    1.693875] ACPI: PCI Root Bridge [UC07] (domain 0000 [bus 7f])
[    1.693877] acpi PNP0A03:01: _OSC: OS supports [ExtendedConfig ASPM ClockPM Segments MSI HPX-Type3]
[    1.693953] acpi PNP0A03:01: PCIe AER handled by firmware
[    1.694042] acpi PNP0A03:01: _OSC: platform does not support [SHPCHotplug LTR]
[    1.694209] acpi PNP0A03:01: _OSC: OS now controls [PCIeHotplug PME PCIeCapability]
[    1.694210] acpi PNP0A03:01: FADT indicates ASPM is unsupported, using BIOS configuration
[    1.694353] PCI host bridge to bus 0000:7f
[    1.694354] pci_bus 0000:7f: root bus resource [bus 7f]
[    1.694363] pci 0000:7f:00.0: [8086:344c] type 00 class 0x088000
[    1.694471] pci 0000:7f:00.1: [8086:344c] type 00 class 0x088000
[    1.694590] pci 0000:7f:00.2: [8086:344c] type 00 class 0x088000
[    1.694710] pci 0000:7f:00.3: [8086:344c] type 00 class 0x088000
[    1.694806] pci 0000:7f:00.4: [8086:344c] type 00 class 0x088000
[    1.694935] pci 0000:7f:00.5: [8086:344c] type 00 class 0x088000
[    1.695060] pci 0000:7f:00.6: [8086:344c] type 00 class 0x088000
[    1.695145] pci 0000:7f:00.7: [8086:344c] type 00 class 0x088000
[    1.695240] pci 0000:7f:01.0: [8086:344c] type 00 class 0x088000
[    1.695377] pci 0000:7f:01.1: [8086:344c] type 00 class 0x088000
[    1.695504] pci 0000:7f:01.2: [8086:344c] type 00 class 0x088000
[    1.695591] pci 0000:7f:01.3: [8086:344c] type 00 class 0x088000
[    1.695730] pci 0000:7f:01.4: [8086:344c] type 00 class 0x088000
[    1.695867] pci 0000:7f:01.5: [8086:344c] type 00 class 0x088000
[    1.696011] pci 0000:7f:01.6: [8086:344c] type 00 class 0x088000
[    1.696139] pci 0000:7f:01.7: [8086:344c] type 00 class 0x088000
[    1.696277] pci 0000:7f:02.0: [8086:344c] type 00 class 0x088000
[    1.696415] pci 0000:7f:02.1: [8086:344c] type 00 class 0x088000
[    1.696555] pci 0000:7f:02.2: [8086:344c] type 00 class 0x088000
[    1.696692] pci 0000:7f:02.3: [8086:344c] type 00 class 0x088000
[    1.696837] pci 0000:7f:02.4: [8086:344c] type 00 class 0x088000
[    1.696980] pci 0000:7f:02.5: [8086:344c] type 00 class 0x088000
[    1.697123] pci 0000:7f:02.6: [8086:344c] type 00 class 0x088000
[    1.697276] pci 0000:7f:02.7: [8086:344c] type 00 class 0x088000
[    1.697435] pci 0000:7f:03.0: [8086:344c] type 00 class 0x088000
[    1.697585] pci 0000:7f:03.1: [8086:344c] type 00 class 0x088000
[    1.697744] pci 0000:7f:03.2: [8086:344c] type 00 class 0x088000
[    1.697899] pci 0000:7f:03.3: [8086:344c] type 00 class 0x088000
[    1.698065] pci 0000:7f:0a.0: [8086:344d] type 00 class 0x088000
[    1.698175] pci 0000:7f:0a.1: [8086:344d] type 00 class 0x088000
[    1.698293] pci 0000:7f:0a.2: [8086:344d] type 00 class 0x088000
[    1.698413] pci 0000:7f:0a.3: [8086:344d] type 00 class 0x088000
[    1.698516] pci 0000:7f:0a.4: [8086:344d] type 00 class 0x088000
[    1.698644] pci 0000:7f:0a.5: [8086:344d] type 00 class 0x088000
[    1.698767] pci 0000:7f:0a.6: [8086:344d] type 00 class 0x088000
[    1.698855] pci 0000:7f:0a.7: [8086:344d] type 00 class 0x088000
[    1.698946] pci 0000:7f:0b.0: [8086:344d] type 00 class 0x088000
[    1.699081] pci 0000:7f:0b.1: [8086:344d] type 00 class 0x088000
[    1.699210] pci 0000:7f:0b.2: [8086:344d] type 00 class 0x088000
[    1.699297] pci 0000:7f:0b.3: [8086:344d] type 00 class 0x088000
[    1.699440] pci 0000:7f:0b.4: [8086:344d] type 00 class 0x088000
[    1.699579] pci 0000:7f:0b.5: [8086:344d] type 00 class 0x088000
[    1.699722] pci 0000:7f:0b.6: [8086:344d] type 00 class 0x088000
[    1.699850] pci 0000:7f:0b.7: [8086:344d] type 00 class 0x088000
[    1.699985] pci 0000:7f:0c.0: [8086:344d] type 00 class 0x088000
[    1.700124] pci 0000:7f:0c.1: [8086:344d] type 00 class 0x088000
[    1.700261] pci 0000:7f:0c.2: [8086:344d] type 00 class 0x088000
[    1.700400] pci 0000:7f:0c.3: [8086:344d] type 00 class 0x088000
[    1.700551] pci 0000:7f:0c.4: [8086:344d] type 00 class 0x088000
[    1.700693] pci 0000:7f:0c.5: [8086:344d] type 00 class 0x088000
[    1.700838] pci 0000:7f:0c.6: [8086:344d] type 00 class 0x088000
[    1.700992] pci 0000:7f:0c.7: [8086:344d] type 00 class 0x088000
[    1.701143] pci 0000:7f:0d.0: [8086:344d] type 00 class 0x088000
[    1.701297] pci 0000:7f:0d.1: [8086:344d] type 00 class 0x088000
[    1.701456] pci 0000:7f:0d.2: [8086:344d] type 00 class 0x088000
[    1.701611] pci 0000:7f:0d.3: [8086:344d] type 00 class 0x088000
[    1.701794] pci 0000:7f:1d.0: [8086:344f] type 00 class 0x088000
[    1.701913] pci 0000:7f:1d.1: [8086:3457] type 00 class 0x088000
[    1.702030] pci 0000:7f:1e.0: [8086:3458] type 00 class 0x088000
[    1.702106] pci 0000:7f:1e.1: [8086:3459] type 00 class 0x088000
[    1.702182] pci 0000:7f:1e.2: [8086:345a] type 00 class 0x088000
[    1.702255] pci 0000:7f:1e.3: [8086:345b] type 00 class 0x088000
[    1.702329] pci 0000:7f:1e.4: [8086:345c] type 00 class 0x088000
[    1.702404] pci 0000:7f:1e.5: [8086:345d] type 00 class 0x088000
[    1.702482] pci 0000:7f:1e.6: [8086:345e] type 00 class 0x088000
[    1.702557] pci 0000:7f:1e.7: [8086:345f] type 00 class 0x088000
[    1.702629] pci_bus 0000:7f: on NUMA node 0
[    1.702716] ACPI: PCI Root Bridge [PC06] (domain 0000 [bus 80])
[    1.702719] acpi PNP0A08:06: _OSC: OS supports [ExtendedConfig ASPM ClockPM Segments MSI HPX-Type3]
[    1.702813] acpi PNP0A08:06: PCIe AER handled by firmware
[    1.702918] acpi PNP0A08:06: _OSC: platform does not support [SHPCHotplug]
[    1.703116] acpi PNP0A08:06: _OSC: OS now controls [PCIeHotplug PME PCIeCapability LTR]
[    1.703117] acpi PNP0A08:06: FADT indicates ASPM is unsupported, using BIOS configuration
[    1.703259] PCI host bridge to bus 0000:80
[    1.703260] pci_bus 0000:80: root bus resource [io  0xb000-0xbfff window]
[    1.703261] pci_bus 0000:80: root bus resource [mem 0xc6800000-0xd0ffffff window]
[    1.703261] pci_bus 0000:80: root bus resource [mem 0x250000000000-0x25ffffffffff window]
[    1.703262] pci_bus 0000:80: root bus resource [bus 80]
[    1.703270] pci 0000:80:00.0: [8086:09a2] type 00 class 0x088000
[    1.703350] pci 0000:80:00.1: [8086:09a4] type 00 class 0x088000
[    1.703424] pci 0000:80:00.2: [8086:09a3] type 00 class 0x088000
[    1.703507] pci 0000:80:00.4: [8086:0998] type 00 class 0x060000
[    1.703585] pci 0000:80:02.0: [8086:09a6] type 00 class 0x088000
[    1.703595] pci 0000:80:02.0: reg 0x10: [mem 0xc6aa4000-0xc6aa5fff]
[    1.703659] pci 0000:80:02.1: [8086:09a7] type 00 class 0x088000
[    1.703668] pci 0000:80:02.1: reg 0x10: [mem 0xc6a00000-0xc6a7ffff]
[    1.703674] pci 0000:80:02.1: reg 0x14: [mem 0xc6980000-0xc69fffff]
[    1.703743] pci 0000:80:02.4: [8086:3456] type 00 class 0x130000
[    1.703755] pci 0000:80:02.4: reg 0x10: [mem 0xc6800000-0xc68fffff 64bit]
[    1.703762] pci 0000:80:02.4: reg 0x18: [mem 0xc6aa0000-0xc6aa3fff 64bit]
[    1.703769] pci 0000:80:02.4: reg 0x20: [mem 0xc6a80000-0xc6a9ffff 64bit]
[    1.703829] pci_bus 0000:80: on NUMA node 1
[    1.703895] ACPI: PCI Root Bridge [PC07] (domain 0000 [bus 81])
[    1.703897] acpi PNP0A08:07: _OSC: OS supports [ExtendedConfig ASPM ClockPM Segments MSI HPX-Type3]
[    1.703987] acpi PNP0A08:07: PCIe AER handled by firmware
[    1.704090] acpi PNP0A08:07: _OSC: platform does not support [SHPCHotplug]
[    1.704288] acpi PNP0A08:07: _OSC: OS now controls [PCIeHotplug PME PCIeCapability LTR]
[    1.704288] acpi PNP0A08:07: FADT indicates ASPM is unsupported, using BIOS configuration
[    1.704408] PCI host bridge to bus 0000:81
[    1.704409] pci_bus 0000:81: root bus resource [io  0xc000-0xcfff window]
[    1.704410] pci_bus 0000:81: root bus resource [mem 0xd1000000-0xdbbfffff window]
[    1.704410] pci_bus 0000:81: root bus resource [mem 0x260000000000-0x26ffffffffff window]
[    1.704411] pci_bus 0000:81: root bus resource [bus 81]
[    1.704418] pci 0000:81:00.0: [8086:09a2] type 00 class 0x088000
[    1.704486] pci 0000:81:00.1: [8086:09a4] type 00 class 0x088000
[    1.704552] pci 0000:81:00.2: [8086:09a3] type 00 class 0x088000
[    1.704621] pci 0000:81:00.4: [8086:0998] type 00 class 0x060000
[    1.704700] pci_bus 0000:81: on NUMA node 1
[    1.704758] ACPI: PCI Root Bridge [PC08] (domain 0000 [bus 82])
[    1.704760] acpi PNP0A08:08: _OSC: OS supports [ExtendedConfig ASPM ClockPM Segments MSI HPX-Type3]
[    1.704850] acpi PNP0A08:08: PCIe AER handled by firmware
[    1.704953] acpi PNP0A08:08: _OSC: platform does not support [SHPCHotplug]
[    1.705152] acpi PNP0A08:08: _OSC: OS now controls [PCIeHotplug PME PCIeCapability LTR]
[    1.705152] acpi PNP0A08:08: FADT indicates ASPM is unsupported, using BIOS configuration
[    1.705261] PCI host bridge to bus 0000:82
[    1.705262] pci_bus 0000:82: root bus resource [io  0xd000-0xdfff window]
[    1.705262] pci_bus 0000:82: root bus resource [mem 0xdbc00000-0xe67fffff window]
[    1.705263] pci_bus 0000:82: root bus resource [mem 0x270000000000-0x27ffffffffff window]
[    1.705264] pci_bus 0000:82: root bus resource [bus 82]
[    1.705271] pci 0000:82:00.0: [8086:09a2] type 00 class 0x088000
[    1.705340] pci 0000:82:00.1: [8086:09a4] type 00 class 0x088000
[    1.705407] pci 0000:82:00.2: [8086:09a3] type 00 class 0x088000
[    1.705481] pci 0000:82:00.4: [8086:0998] type 00 class 0x060000
[    1.705561] pci_bus 0000:82: on NUMA node 1
[    1.705647] ACPI: PCI Root Bridge [PC10] (domain 0000 [bus 83-f9])
[    1.705649] acpi PNP0A08:0a: _OSC: OS supports [ExtendedConfig ASPM ClockPM Segments MSI HPX-Type3]
[    1.705740] acpi PNP0A08:0a: PCIe AER handled by firmware
[    1.705843] acpi PNP0A08:0a: _OSC: platform does not support [SHPCHotplug]
[    1.706042] acpi PNP0A08:0a: _OSC: OS now controls [PCIeHotplug PME PCIeCapability LTR]
[    1.706043] acpi PNP0A08:0a: FADT indicates ASPM is unsupported, using BIOS configuration
[    1.706162] PCI host bridge to bus 0000:83
[    1.706163] pci_bus 0000:83: root bus resource [io  0xe000-0xefff window]
[    1.706164] pci_bus 0000:83: root bus resource [mem 0xe6800000-0xf13fffff window]
[    1.706164] pci_bus 0000:83: root bus resource [mem 0x280000000000-0x28ffffffffff window]
[    1.706165] pci_bus 0000:83: root bus resource [bus 83-f9]
[    1.706173] pci 0000:83:00.0: [8086:09a2] type 00 class 0x088000
[    1.706241] pci 0000:83:00.1: [8086:09a4] type 00 class 0x088000
[    1.706308] pci 0000:83:00.2: [8086:09a3] type 00 class 0x088000
[    1.706377] pci 0000:83:00.4: [8086:0998] type 00 class 0x060000
[    1.706456] pci_bus 0000:83: on NUMA node 1
[    1.706514] ACPI: PCI Root Bridge [PC11] (domain 0000 [bus fa])
[    1.706516] acpi PNP0A08:0b: _OSC: OS supports [ExtendedConfig ASPM ClockPM Segments MSI HPX-Type3]
[    1.706606] acpi PNP0A08:0b: PCIe AER handled by firmware
[    1.706710] acpi PNP0A08:0b: _OSC: platform does not support [SHPCHotplug]
[    1.706909] acpi PNP0A08:0b: _OSC: OS now controls [PCIeHotplug PME PCIeCapability LTR]
[    1.706910] acpi PNP0A08:0b: FADT indicates ASPM is unsupported, using BIOS configuration
[    1.707019] PCI host bridge to bus 0000:fa
[    1.707020] pci_bus 0000:fa: root bus resource [io  0xf000-0xffff window]
[    1.707021] pci_bus 0000:fa: root bus resource [mem 0xf1400000-0xfb7fffff window]
[    1.707022] pci_bus 0000:fa: root bus resource [mem 0x290000000000-0x29ffffffffff window]
[    1.707023] pci_bus 0000:fa: root bus resource [bus fa]
[    1.707030] pci 0000:fa:00.0: [8086:09a2] type 00 class 0x088000
[    1.707097] pci 0000:fa:00.1: [8086:09a4] type 00 class 0x088000
[    1.707166] pci 0000:fa:00.2: [8086:09a3] type 00 class 0x088000
[    1.707240] pci 0000:fa:00.4: [8086:0998] type 00 class 0x060000
[    1.707320] pci_bus 0000:fa: on NUMA node 1
[    1.707374] ACPI: PCI Root Bridge [UC16] (domain 0000 [bus fe])
[    1.707376] acpi PNP0A03:02: _OSC: OS supports [ExtendedConfig ASPM ClockPM Segments MSI HPX-Type3]
[    1.707451] acpi PNP0A03:02: PCIe AER handled by firmware
[    1.707539] acpi PNP0A03:02: _OSC: platform does not support [SHPCHotplug LTR]
[    1.707706] acpi PNP0A03:02: _OSC: OS now controls [PCIeHotplug PME PCIeCapability]
[    1.707707] acpi PNP0A03:02: FADT indicates ASPM is unsupported, using BIOS configuration
[    1.707838] PCI host bridge to bus 0000:fe
[    1.707838] pci_bus 0000:fe: root bus resource [bus fe]
[    1.707845] pci 0000:fe:00.0: [8086:3450] type 00 class 0x088000
[    1.707916] pci 0000:fe:00.1: [8086:3451] type 00 class 0x088000
[    1.707981] pci 0000:fe:00.2: [8086:3452] type 00 class 0x088000
[    1.708048] pci 0000:fe:00.3: [8086:0998] type 00 class 0x060000
[    1.708117] pci 0000:fe:00.5: [8086:3455] type 00 class 0x088000
[    1.708189] pci 0000:fe:02.0: [8086:3440] type 00 class 0x088000
[    1.708314] pci 0000:fe:02.1: [8086:3441] type 00 class 0x088000
[    1.708438] pci 0000:fe:02.2: [8086:3442] type 00 class 0x088000
[    1.708555] pci 0000:fe:03.0: [8086:3440] type 00 class 0x088000
[    1.708648] pci 0000:fe:03.1: [8086:3441] type 00 class 0x088000
[    1.708734] pci 0000:fe:03.2: [8086:3442] type 00 class 0x088000
[    1.708826] pci 0000:fe:04.0: [8086:3440] type 00 class 0x088000
[    1.708955] pci 0000:fe:04.1: [8086:3441] type 00 class 0x088000
[    1.709081] pci 0000:fe:04.2: [8086:3442] type 00 class 0x088000
[    1.709207] pci 0000:fe:04.3: [8086:3443] type 00 class 0x088000
[    1.709340] pci 0000:fe:05.0: [8086:3445] type 00 class 0x088000
[    1.709464] pci 0000:fe:05.1: [8086:3446] type 00 class 0x088000
[    1.709585] pci 0000:fe:05.2: [8086:3447] type 00 class 0x088000
[    1.709706] pci 0000:fe:06.0: [8086:3445] type 00 class 0x088000
[    1.709800] pci 0000:fe:06.1: [8086:3446] type 00 class 0x088000
[    1.709890] pci 0000:fe:06.2: [8086:3447] type 00 class 0x088000
[    1.709984] pci 0000:fe:07.0: [8086:3445] type 00 class 0x088000
[    1.710117] pci 0000:fe:07.1: [8086:3446] type 00 class 0x088000
[    1.710249] pci 0000:fe:07.2: [8086:3447] type 00 class 0x088000
[    1.710377] pci 0000:fe:0b.0: [8086:3448] type 00 class 0x088000
[    1.710454] pci 0000:fe:0b.1: [8086:3448] type 00 class 0x088000
[    1.710528] pci 0000:fe:0b.2: [8086:344b] type 00 class 0x088000
[    1.710608] pci 0000:fe:0c.0: [8086:344a] type 00 class 0x110100
[    1.710711] pci 0000:fe:0d.0: [8086:344a] type 00 class 0x110100
[    1.710807] pci 0000:fe:0e.0: [8086:344a] type 00 class 0x110100
[    1.710961] pci 0000:fe:0f.0: [8086:344a] type 00 class 0x110100
[    1.711132] pci 0000:fe:1a.0: [8086:2880] type 00 class 0x110100
[    1.711231] pci 0000:fe:1b.0: [8086:2880] type 00 class 0x110100
[    1.711327] pci 0000:fe:1c.0: [8086:2880] type 00 class 0x110100
[    1.711487] pci 0000:fe:1d.0: [8086:2880] type 00 class 0x110100
[    1.711647] pci_bus 0000:fe: on NUMA node 1
[    1.711717] ACPI: PCI Root Bridge [UC17] (domain 0000 [bus ff])
[    1.711719] acpi PNP0A03:03: _OSC: OS supports [ExtendedConfig ASPM ClockPM Segments MSI HPX-Type3]
[    1.711795] acpi PNP0A03:03: PCIe AER handled by firmware
[    1.711888] acpi PNP0A03:03: _OSC: platform does not support [SHPCHotplug LTR]
[    1.712058] acpi PNP0A03:03: _OSC: OS now controls [PCIeHotplug PME PCIeCapability]
[    1.712059] acpi PNP0A03:03: FADT indicates ASPM is unsupported, using BIOS configuration
[    1.712200] PCI host bridge to bus 0000:ff
[    1.712201] pci_bus 0000:ff: root bus resource [bus ff]
[    1.712211] pci 0000:ff:00.0: [8086:344c] type 00 class 0x088000
[    1.712326] pci 0000:ff:00.1: [8086:344c] type 00 class 0x088000
[    1.712446] pci 0000:ff:00.2: [8086:344c] type 00 class 0x088000
[    1.712553] pci 0000:ff:00.3: [8086:344c] type 00 class 0x088000
[    1.712685] pci 0000:ff:00.4: [8086:344c] type 00 class 0x088000
[    1.712809] pci 0000:ff:00.5: [8086:344c] type 00 class 0x088000
[    1.712911] pci 0000:ff:00.6: [8086:344c] type 00 class 0x088000
[    1.713044] pci 0000:ff:00.7: [8086:344c] type 00 class 0x088000
[    1.713176] pci 0000:ff:01.0: [8086:344c] type 00 class 0x088000
[    1.713317] pci 0000:ff:01.1: [8086:344c] type 00 class 0x088000
[    1.713451] pci 0000:ff:01.2: [8086:344c] type 00 class 0x088000
[    1.713542] pci 0000:ff:01.3: [8086:344c] type 00 class 0x088000
[    1.713690] pci 0000:ff:01.4: [8086:344c] type 00 class 0x088000
[    1.713835] pci 0000:ff:01.5: [8086:344c] type 00 class 0x088000
[    1.713983] pci 0000:ff:01.6: [8086:344c] type 00 class 0x088000
[    1.714116] pci 0000:ff:01.7: [8086:344c] type 00 class 0x088000
[    1.714257] pci 0000:ff:02.0: [8086:344c] type 00 class 0x088000
[    1.714399] pci 0000:ff:02.1: [8086:344c] type 00 class 0x088000
[    1.714537] pci 0000:ff:02.2: [8086:344c] type 00 class 0x088000
[    1.714682] pci 0000:ff:02.3: [8086:344c] type 00 class 0x088000
[    1.714829] pci 0000:ff:02.4: [8086:344c] type 00 class 0x088000
[    1.714972] pci 0000:ff:02.5: [8086:344c] type 00 class 0x088000
[    1.715123] pci 0000:ff:02.6: [8086:344c] type 00 class 0x088000
[    1.715271] pci 0000:ff:02.7: [8086:344c] type 00 class 0x088000
[    1.715429] pci 0000:ff:03.0: [8086:344c] type 00 class 0x088000
[    1.715592] pci 0000:ff:03.1: [8086:344c] type 00 class 0x088000
[    1.715749] pci 0000:ff:03.2: [8086:344c] type 00 class 0x088000
[    1.715912] pci 0000:ff:03.3: [8086:344c] type 00 class 0x088000
[    1.716087] pci 0000:ff:0a.0: [8086:344d] type 00 class 0x088000
[    1.716207] pci 0000:ff:0a.1: [8086:344d] type 00 class 0x088000
[    1.716327] pci 0000:ff:0a.2: [8086:344d] type 00 class 0x088000
[    1.716433] pci 0000:ff:0a.3: [8086:344d] type 00 class 0x088000
[    1.716561] pci 0000:ff:0a.4: [8086:344d] type 00 class 0x088000
[    1.716685] pci 0000:ff:0a.5: [8086:344d] type 00 class 0x088000
[    1.716788] pci 0000:ff:0a.6: [8086:344d] type 00 class 0x088000
[    1.716921] pci 0000:ff:0a.7: [8086:344d] type 00 class 0x088000
[    1.717057] pci 0000:ff:0b.0: [8086:344d] type 00 class 0x088000
[    1.717199] pci 0000:ff:0b.1: [8086:344d] type 00 class 0x088000
[    1.717333] pci 0000:ff:0b.2: [8086:344d] type 00 class 0x088000
[    1.717423] pci 0000:ff:0b.3: [8086:344d] type 00 class 0x088000
[    1.717567] pci 0000:ff:0b.4: [8086:344d] type 00 class 0x088000
[    1.717712] pci 0000:ff:0b.5: [8086:344d] type 00 class 0x088000
[    1.717859] pci 0000:ff:0b.6: [8086:344d] type 00 class 0x088000
[    1.717993] pci 0000:ff:0b.7: [8086:344d] type 00 class 0x088000
[    1.718138] pci 0000:ff:0c.0: [8086:344d] type 00 class 0x088000
[    1.718280] pci 0000:ff:0c.1: [8086:344d] type 00 class 0x088000
[    1.718421] pci 0000:ff:0c.2: [8086:344d] type 00 class 0x088000
[    1.718566] pci 0000:ff:0c.3: [8086:344d] type 00 class 0x088000
[    1.718708] pci 0000:ff:0c.4: [8086:344d] type 00 class 0x088000
[    1.718852] pci 0000:ff:0c.5: [8086:344d] type 00 class 0x088000
[    1.719003] pci 0000:ff:0c.6: [8086:344d] type 00 class 0x088000
[    1.719151] pci 0000:ff:0c.7: [8086:344d] type 00 class 0x088000
[    1.719314] pci 0000:ff:0d.0: [8086:344d] type 00 class 0x088000
[    1.719475] pci 0000:ff:0d.1: [8086:344d] type 00 class 0x088000
[    1.719628] pci 0000:ff:0d.2: [8086:344d] type 00 class 0x088000
[    1.719792] pci 0000:ff:0d.3: [8086:344d] type 00 class 0x088000
[    1.719975] pci 0000:ff:1d.0: [8086:344f] type 00 class 0x088000
[    1.720096] pci 0000:ff:1d.1: [8086:3457] type 00 class 0x088000
[    1.720217] pci 0000:ff:1e.0: [8086:3458] type 00 class 0x088000
[    1.720297] pci 0000:ff:1e.1: [8086:3459] type 00 class 0x088000
[    1.720378] pci 0000:ff:1e.2: [8086:345a] type 00 class 0x088000
[    1.720455] pci 0000:ff:1e.3: [8086:345b] type 00 class 0x088000
[    1.720531] pci 0000:ff:1e.4: [8086:345c] type 00 class 0x088000
[    1.720609] pci 0000:ff:1e.5: [8086:345d] type 00 class 0x088000
[    1.720686] pci 0000:ff:1e.6: [8086:345e] type 00 class 0x088000
[    1.720761] pci 0000:ff:1e.7: [8086:345f] type 00 class 0x088000
[    1.720838] pci_bus 0000:ff: on NUMA node 1
[    1.721884] HMAT: Memory (0x0 length 0x80000000) Flags:0003 Processor Domain:0 Memory Domain:0
[    1.721885] HMAT: Memory (0x100000000 length 0xf80000000) Flags:0003 Processor Domain:0 Memory Domain:0
[    1.721886] HMAT: Memory (0x2080000000 length 0x7e00000000) Flags:0003 Processor Domain:0 Memory Domain:2
[    1.721886] HMAT: Memory (0x1080000000 length 0x1000000000) Flags:0003 Processor Domain:1 Memory Domain:1
[    1.721887] HMAT: Memory (0x9e80000000 length 0x7e00000000) Flags:0003 Processor Domain:1 Memory Domain:3
[    1.721888] HMAT: Locality: Flags:00 Type:Read Latency Initiator Domains:2 Target Domains:4 Base:100
[    1.721889]   Initiator-Target[0-0]:7600 nsec
[    1.721890]   Initiator-Target[0-1]:13560 nsec
[    1.721890]   Initiator-Target[0-2]:25350 nsec
[    1.721891]   Initiator-Target[0-3]:31600 nsec
[    1.721891]   Initiator-Target[1-0]:13560 nsec
[    1.721892]   Initiator-Target[1-1]:7600 nsec
[    1.721892]   Initiator-Target[1-2]:31600 nsec
[    1.721893]   Initiator-Target[1-3]:25350 nsec
[    1.721894] HMAT: Locality: Flags:00 Type:Write Latency Initiator Domains:2 Target Domains:4 Base:100
[    1.721895]   Initiator-Target[0-0]:7600 nsec
[    1.721895]   Initiator-Target[0-1]:13560 nsec
[    1.721896]   Initiator-Target[0-2]:25350 nsec
[    1.721897]   Initiator-Target[0-3]:31600 nsec
[    1.721897]   Initiator-Target[1-0]:13560 nsec
[    1.721897]   Initiator-Target[1-1]:7600 nsec
[    1.721898]   Initiator-Target[1-2]:31600 nsec
[    1.721898]   Initiator-Target[1-3]:25350 nsec
[    1.721899] HMAT: Locality: Flags:00 Type:Read Bandwidth Initiator Domains:2 Target Domains:4 Base:1
[    1.721900]   Initiator-Target[0-0]:1790 MB/s
[    1.721900]   Initiator-Target[0-1]:1790 MB/s
[    1.721901]   Initiator-Target[0-2]:463 MB/s
[    1.721901]   Initiator-Target[0-3]:463 MB/s
[    1.721902]   Initiator-Target[1-0]:1790 MB/s
[    1.721902]   Initiator-Target[1-1]:1790 MB/s
[    1.721903]   Initiator-Target[1-2]:463 MB/s
[    1.721903]   Initiator-Target[1-3]:463 MB/s
[    1.721904] HMAT: Locality: Flags:00 Type:Write Bandwidth Initiator Domains:2 Target Domains:4 Base:1
[    1.721904]   Initiator-Target[0-0]:1910 MB/s
[    1.721905]   Initiator-Target[0-1]:1910 MB/s
[    1.721905]   Initiator-Target[0-2]:138 MB/s
[    1.721906]   Initiator-Target[0-3]:138 MB/s
[    1.721906]   Initiator-Target[1-0]:1910 MB/s
[    1.721907]   Initiator-Target[1-1]:1910 MB/s
[    1.721907]   Initiator-Target[1-2]:138 MB/s
[    1.721908]   Initiator-Target[1-3]:138 MB/s
[    1.721931] WARNING: CPU: 62 PID: 1 at drivers/base/node.c:191 node_set_perf_attrs+0x90/0xb0
[    1.721932] Modules linked in:
[    1.721934] CPU: 62 PID: 1 Comm: swapper/0 Not tainted 5.3.1-multiclock #1
[    1.721934] Hardware name: Dell Inc. PowerEdge R750/0K8F35, BIOS 1.10.2 03/03/2023
[    1.721936] RIP: 0010:node_set_perf_attrs+0x90/0xb0
[    1.721938] Code: f4 02 00 00 4c 89 ea 4c 89 e7 e8 bb bf c7 ff 85 c0 75 24 48 83 c3 08 48 8b 33 48 85 f6 75 e5 5b 41 5a 41 5c 41 5d 41 5e 5d c3 <0f> 0b 5b 41 5a 41 5c 41 5d 41 5e 5d c3 44 89 f6 48 c7 c7 70 5b 3a
[    1.721938] RSP: 0000:ffffb48c4007bd80 EFLAGS: 00010246
[    1.721939] RAX: 0000000000000002 RBX: 0000000000000003 RCX: 0000000000000000
[    1.721940] RDX: 0000000000000000 RSI: ffff8e67280e0018 RDI: 0000000000000002
[    1.721940] RBP: ffffb48c4007bda8 R08: ffff8e6727d28e70 R09: 0000000000000000
[    1.721941] R10: ffff8e672e6242f0 R11: ffff8e672e8748b0 R12: ffff8e67280e0000
[    1.721941] R13: ffffffffb5adb310 R14: 0000000000000005 R15: ffffffffb5895806
[    1.721942] FS:  0000000000000000(0000) GS:ffff8e672f5c0000(0000) knlGS:0000000000000000
[    1.721943] CS:  0010 DS: 0000 ES: 0000 CR0: 0000000080050033
[    1.721944] CR2: 0000000000000000 CR3: 0000000df320a001 CR4: 0000000000760ee0
[    1.721944] DR0: 0000000000000000 DR1: 0000000000000000 DR2: 0000000000000000
[    1.721945] DR3: 0000000000000000 DR6: 00000000fffe0ff0 DR7: 0000000000000400
[    1.721945] PKRU: 55555554
[    1.721946] Call Trace:
[    1.721951]  hmat_init+0x32a/0x43c
[    1.721952]  ? hmat_parse_subtable+0x503/0x503
[    1.721954]  ? set_debug_rodata+0x17/0x17
[    1.721956]  do_one_initcall+0x4a/0x1fa
[    1.721958]  kernel_init_freeable+0x1c6/0x26d
[    1.721960]  ? rest_init+0xb0/0xb0
[    1.721962]  kernel_init+0xe/0x110
[    1.721963]  ret_from_fork+0x1f/0x40
[    1.721965] ---[ end trace 5bcf77f977bd730c ]---
[    1.725482] pci 0000:03:00.0: vgaarb: setting as boot VGA device
[    1.725482] pci 0000:03:00.0: vgaarb: VGA device added: decodes=io+mem,owns=io+mem,locks=none
[    1.725539] pci 0000:03:00.0: vgaarb: bridge control possible
[    1.725540] vgaarb: loaded
[    1.725724] SCSI subsystem initialized
[    1.725864] libata version 3.00 loaded.
[    1.725864] ACPI: bus type USB registered
[    1.725864] usbcore: registered new interface driver usbfs
[    1.725864] usbcore: registered new interface driver hub
[    1.725864] usbcore: registered new device driver usb
[    1.725864] pps_core: LinuxPPS API ver. 1 registered
[    1.725864] pps_core: Software ver. 5.3.6 - Copyright 2005-2007 Rodolfo Giometti <giometti@linux.it>
[    1.725864] PTP clock support registered
[    1.725980] EDAC MC: Ver: 3.0.0
[    1.726212] Registered efivars operations
[    1.726212] PCI: Using ACPI for IRQ routing
[    1.728170] PCI: pci_cache_line_size set to 64 bytes
[    1.728732] e820: reserve RAM buffer [mem 0x0008f000-0x0008ffff]
[    1.728733] e820: reserve RAM buffer [mem 0x47bcd020-0x47ffffff]
[    1.728734] e820: reserve RAM buffer [mem 0x47bff020-0x47ffffff]
[    1.728735] e820: reserve RAM buffer [mem 0x47c32020-0x47ffffff]
[    1.728735] e820: reserve RAM buffer [mem 0x47c65020-0x47ffffff]
[    1.728736] e820: reserve RAM buffer [mem 0x49e77000-0x4bffffff]
[    1.728737] e820: reserve RAM buffer [mem 0x4b2cf000-0x4bffffff]
[    1.728738] e820: reserve RAM buffer [mem 0x4bd94000-0x4bffffff]
[    1.728739] e820: reserve RAM buffer [mem 0x4ce00000-0x4fffffff]
[    1.728739] e820: reserve RAM buffer [mem 0x5eefe000-0x5fffffff]
[    1.728740] e820: reserve RAM buffer [mem 0x6f800000-0x6fffffff]
[    1.729020] NetLabel: Initializing
[    1.729021] NetLabel:  domain hash size = 128
[    1.729021] NetLabel:  protocols = UNLABELED CIPSOv4 CALIPSO
[    1.729037] NetLabel:  unlabeled traffic allowed by default
[    1.730418] hpet0: at MMIO 0xfed00000, IRQs 2, 8, 0, 0, 0, 0, 0, 0
[    1.730421] hpet0: 8 comparators, 64-bit 24.000000 MHz counter
[    1.733546] clocksource: Switched to clocksource tsc-early
[    1.744410] VFS: Disk quotas dquot_6.6.0
[    1.744452] VFS: Dquot-cache hash table entries: 512 (order 0, 4096 bytes)
[    1.744739] *** VALIDATE hugetlbfs ***
[    1.744865] AppArmor: AppArmor Filesystem Enabled
[    1.744883] pnp: PnP ACPI init
[    1.760165] pnp 00:00: Plug and Play ACPI device, IDs PNP0b00 (active)
[    1.760326] system 00:01: [io  0x0500-0x05fe] has been reserved
[    1.760327] system 00:01: [io  0x0400-0x041f] has been reserved
[    1.760328] system 00:01: [io  0x0600-0x061f] has been reserved
[    1.760329] system 00:01: [io  0x0ca0-0x0ca1] has been reserved
[    1.760330] system 00:01: [io  0x0ca4-0x0ca6] has been reserved
[    1.760333] system 00:01: [mem 0xff000000-0xffffffff] has been reserved
[    1.760336] system 00:01: Plug and Play ACPI device, IDs PNP0c02 (active)
[    1.760581] pnp 00:02: Plug and Play ACPI device, IDs PNP0501 (active)
[    1.760787] pnp 00:03: Plug and Play ACPI device, IDs PNP0501 (active)
[    1.760942] system 00:04: [mem 0xfd000000-0xfdabffff] has been reserved
[    1.760943] system 00:04: [mem 0xfdad0000-0xfdadffff] has been reserved
[    1.760944] system 00:04: [mem 0xfdb00000-0xfdffffff] has been reserved
[    1.760945] system 00:04: [mem 0xfe000000-0xfe00ffff] has been reserved
[    1.760946] system 00:04: [mem 0xfe011000-0xfe01ffff] has been reserved
[    1.760947] system 00:04: [mem 0xfe036000-0xfe03bfff] has been reserved
[    1.760949] system 00:04: [mem 0xfe03d000-0xfe3fffff] has been reserved
[    1.760949] system 00:04: [mem 0xfe410000-0xfe7fffff] has been reserved
[    1.760952] system 00:04: Plug and Play ACPI device, IDs PNP0c02 (active)
[    1.761277] system 00:05: [io  0x1000-0x10fe] has been reserved
[    1.761279] system 00:05: Plug and Play ACPI device, IDs PNP0c02 (active)
[    1.762260] pnp: PnP ACPI: found 6 devices
[    1.763349] thermal_sys: Registered thermal governor 'fair_share'
[    1.763349] thermal_sys: Registered thermal governor 'bang_bang'
[    1.763350] thermal_sys: Registered thermal governor 'step_wise'
[    1.763350] thermal_sys: Registered thermal governor 'user_space'
[    1.763351] thermal_sys: Registered thermal governor 'power_allocator'
[    1.767843] clocksource: acpi_pm: mask: 0xffffff max_cycles: 0xffffff, max_idle_ns: 2085701024 ns
[    1.767865] pci 0000:04:00.0: can't claim BAR 6 [mem 0xfffc0000-0xffffffff pref]: no compatible bridge window
[    1.767866] pci 0000:04:00.1: can't claim BAR 6 [mem 0xfffc0000-0xffffffff pref]: no compatible bridge window
[    1.767868] pci 0000:17:00.0: can't claim BAR 6 [mem 0xfff00000-0xffffffff pref]: no compatible bridge window
[    1.767882] pci 0000:00:1c.5: BAR 14: assigned [mem 0x90000000-0x900fffff]
[    1.767884] pci 0000:00:1c.0: PCI bridge to [bus 01]
[    1.767893] pci 0000:02:00.0: PCI bridge to [bus 03]
[    1.767898] pci 0000:02:00.0:   bridge window [mem 0x92000000-0x928fffff]
[    1.767901] pci 0000:02:00.0:   bridge window [mem 0x91000000-0x91ffffff 64bit pref]
[    1.767908] pci 0000:00:1c.4: PCI bridge to [bus 02-03]
[    1.767911] pci 0000:00:1c.4:   bridge window [mem 0x92000000-0x928fffff]
[    1.767913] pci 0000:00:1c.4:   bridge window [mem 0x91000000-0x91ffffff 64bit pref]
[    1.767917] pci 0000:04:00.0: BAR 6: assigned [mem 0x90000000-0x9003ffff pref]
[    1.767919] pci 0000:04:00.1: BAR 6: assigned [mem 0x90040000-0x9007ffff pref]
[    1.767919] pci 0000:00:1c.5: PCI bridge to [bus 04]
[    1.767922] pci 0000:00:1c.5:   bridge window [mem 0x90000000-0x900fffff]
[    1.767925] pci 0000:00:1c.5:   bridge window [mem 0x92900000-0x929fffff 64bit pref]
[    1.767929] pci_bus 0000:00: resource 4 [io  0x0000-0x0cf7 window]
[    1.767930] pci_bus 0000:00: resource 5 [io  0x1000-0x4fff window]
[    1.767931] pci_bus 0000:00: resource 6 [mem 0x000a0000-0x000bffff window]
[    1.767931] pci_bus 0000:00: resource 7 [mem 0x000c8000-0x000cffff window]
