pgmigrate_success 6586318
pgmigrate_fail 21368602
thp_fault_alloc 0
thp_fault_fallback 0
thp_collapse_alloc 0
thp_collapse_alloc_failed 0
thp_file_alloc 0
thp_file_mapped 0
thp_split_page 0
thp_split_page_failed 0
thp_deferred_split_page 0
thp_split_pmd 0
thp_split_pud 0
thp_zero_page_alloc 0
thp_zero_page_alloc_failed 0
thp_swpout 0
thp_swpout_fallback 0
MemTotal:       561495248 kB
MemFree:        540441664 kB
MemAvailable:   539296348 kB
Buffers:           79792 kB
Cached:           444296 kB
SwapCached:           16 kB
Active:           197364 kB
Inactive:        1011232 kB
Active(anon):     146360 kB
Inactive(anon):  1011232 kB
Active(file):      51004 kB
Inactive(file):        0 kB
Unevictable:           0 kB
Mlocked:               0 kB
SwapTotal:       2097148 kB
SwapFree:        2096636 kB
Dirty:              3976 kB
Writeback:             0 kB
AnonPages:       1152420 kB
Mapped:           414076 kB
Shmem:              6208 kB
KReclaimable:     273616 kB
Slab:             681604 kB
SReclaimable:     273616 kB
SUnreclaim:       407988 kB
KernelStack:       32416 kB
PageTables:        35400 kB
NFS_Unstable:          0 kB
Bounce:                0 kB
WritebackTmp:          0 kB
CommitLimit:    282844772 kB
Committed_AS:    7069016 kB
VmallocTotal:   34359738367 kB
VmallocUsed:      157308 kB
VmallocChunk:          0 kB
Percpu:           117376 kB
HardwareCorrupted:     0 kB
AnonHugePages:         0 kB
ShmemHugePages:        0 kB
ShmemPmdMapped:        0 kB
CmaTotal:              0 kB
CmaFree:               0 kB
HugePages_Total:       0
HugePages_Free:        0
HugePages_Rsvd:        0
HugePages_Surp:        0
Hugepagesize:       2048 kB
Hugetlb:               0 kB
DirectMap4k:     1125864 kB
DirectMap2M:     7747584 kB
DirectMap1G:    1182793728 kB
pgmigrate_success 11896038
pgmigrate_fail 40460792
thp_fault_alloc 0
thp_fault_fallback 0
thp_collapse_alloc 0
thp_collapse_alloc_failed 0
thp_file_alloc 0
thp_file_mapped 0
thp_split_page 0
thp_split_page_failed 0
thp_deferred_split_page 0
thp_split_pmd 0
thp_split_pud 0
thp_zero_page_alloc 0
thp_zero_page_alloc_failed 0
thp_swpout 0
thp_swpout_fallback 0
MemTotal:       561495248 kB
MemFree:        540444728 kB
MemAvailable:   539356612 kB
Buffers:           76044 kB
Cached:           456004 kB
SwapCached:           20 kB
Active:           126704 kB
Inactive:        1034484 kB
Active(anon):      48760 kB
Inactive(anon):  1034484 kB
Active(file):      77944 kB
Inactive(file):        0 kB
Unevictable:           0 kB
Mlocked:               0 kB
SwapTotal:       2097148 kB
SwapFree:        2096380 kB
Dirty:              1832 kB
Writeback:             0 kB
AnonPages:       1081500 kB
Mapped:           416740 kB
Shmem:              6208 kB
KReclaimable:     361080 kB
Slab:             796496 kB
SReclaimable:     361080 kB
SUnreclaim:       435416 kB
KernelStack:       32416 kB
PageTables:        35508 kB
NFS_Unstable:          0 kB
Bounce:                0 kB
WritebackTmp:          0 kB
CommitLimit:    282844772 kB
Committed_AS:    7070152 kB
VmallocTotal:   34359738367 kB
VmallocUsed:      157148 kB
VmallocChunk:          0 kB
Percpu:           117376 kB
HardwareCorrupted:     0 kB
AnonHugePages:         0 kB
ShmemHugePages:        0 kB
ShmemPmdMapped:        0 kB
CmaTotal:              0 kB
CmaFree:               0 kB
HugePages_Total:       0
HugePages_Free:        0
HugePages_Rsvd:        0
HugePages_Surp:        0
Hugepagesize:       2048 kB
Hugetlb:               0 kB
DirectMap4k:     1125864 kB
DirectMap2M:     7747584 kB
DirectMap1G:    1182793728 kB
