pgmigrate_success 31380
pgmigrate_fail 2368
thp_fault_alloc 0
thp_fault_fallback 0
thp_collapse_alloc 0
thp_collapse_alloc_failed 0
thp_file_alloc 0
thp_file_mapped 0
thp_split_page 0
thp_split_page_failed 0
thp_deferred_split_page 0
thp_split_pmd 0
thp_split_pud 0
thp_zero_page_alloc 0
thp_zero_page_alloc_failed 0
thp_swpout 0
thp_swpout_fallback 0
MemTotal:       561495248 kB
MemFree:        540782152 kB
MemAvailable:   539824020 kB
Buffers:            7716 kB
Cached:           405176 kB
SwapCached:            0 kB
Active:          1052040 kB
Inactive:         410864 kB
Active(anon):     956448 kB
Inactive(anon):    99164 kB
Active(file):      95592 kB
Inactive(file):   311700 kB
Unevictable:           0 kB
Mlocked:               0 kB
SwapTotal:       2097148 kB
SwapFree:        2097148 kB
Dirty:                68 kB
Writeback:             0 kB
AnonPages:       1049588 kB
Mapped:           401776 kB
Shmem:              6208 kB
KReclaimable:     291692 kB
Slab:             683076 kB
SReclaimable:     291692 kB
SUnreclaim:       391384 kB
KernelStack:       32272 kB
PageTables:        34640 kB
NFS_Unstable:          0 kB
Bounce:                0 kB
WritebackTmp:          0 kB
CommitLimit:    282844772 kB
Committed_AS:    7025148 kB
VmallocTotal:   34359738367 kB
VmallocUsed:      157196 kB
VmallocChunk:          0 kB
Percpu:           117376 kB
HardwareCorrupted:     0 kB
AnonHugePages:         0 kB
ShmemHugePages:        0 kB
ShmemPmdMapped:        0 kB
CmaTotal:              0 kB
CmaFree:               0 kB
HugePages_Total:       0
HugePages_Free:        0
HugePages_Rsvd:        0
HugePages_Surp:        0
Hugepagesize:       2048 kB
Hugetlb:               0 kB
DirectMap4k:     1125864 kB
DirectMap2M:     7747584 kB
DirectMap1G:    1182793728 kB
pgmigrate_success 6645522
pgmigrate_fail 21369884
thp_fault_alloc 0
thp_fault_fallback 0
thp_collapse_alloc 0
thp_collapse_alloc_failed 0
thp_file_alloc 0
thp_file_mapped 0
thp_split_page 0
thp_split_page_failed 0
thp_deferred_split_page 0
thp_split_pmd 0
thp_split_pud 0
thp_zero_page_alloc 0
thp_zero_page_alloc_failed 0
thp_swpout 0
thp_swpout_fallback 0
MemTotal:       561495248 kB
MemFree:        540661956 kB
MemAvailable:   539549192 kB
Buffers:            5632 kB
Cached:           407780 kB
SwapCached:           16 kB
Active:           193936 kB
Inactive:         913228 kB
Active(anon):     159416 kB
Inactive(anon):   913228 kB
Active(file):      34520 kB
Inactive(file):        0 kB
Unevictable:           0 kB
Mlocked:               0 kB
SwapTotal:       2097148 kB
SwapFree:        2096636 kB
Dirty:                56 kB
Writeback:             0 kB
AnonPages:       1069856 kB
Mapped:           404612 kB
Shmem:              6208 kB
KReclaimable:     355208 kB
Slab:             783820 kB
SReclaimable:     355208 kB
SUnreclaim:       428612 kB
KernelStack:       32304 kB
PageTables:        34608 kB
NFS_Unstable:          0 kB
Bounce:                0 kB
WritebackTmp:          0 kB
CommitLimit:    282844772 kB
Committed_AS:    7103364 kB
VmallocTotal:   34359738367 kB
VmallocUsed:      157244 kB
VmallocChunk:          0 kB
Percpu:           117376 kB
HardwareCorrupted:     0 kB
AnonHugePages:         0 kB
ShmemHugePages:        0 kB
ShmemPmdMapped:        0 kB
CmaTotal:              0 kB
CmaFree:               0 kB
HugePages_Total:       0
HugePages_Free:        0
HugePages_Rsvd:        0
HugePages_Surp:        0
Hugepagesize:       2048 kB
Hugetlb:               0 kB
DirectMap4k:     1125864 kB
DirectMap2M:     7747584 kB
DirectMap1G:    1182793728 kB
