2024年 06月 30日 星期日 13:43:15 CST
pgmigrate_success 7373
pgmigrate_fail 92
pgmigrate_dst_node_full_fail 0
pgmigrate_numa_isolate_fail 13
pgmigrate_nomem_fail 0
pgmigrate_refcount_fail 0
thp_fault_alloc 0
thp_fault_fallback 0
thp_collapse_alloc 0
thp_collapse_alloc_failed 0
thp_file_alloc 0
thp_file_mapped 0
thp_split_page 0
thp_split_page_failed 0
thp_deferred_split_page 0
thp_split_pmd 0
thp_split_pud 0
thp_zero_page_alloc 0
thp_zero_page_alloc_failed 0
thp_swpout 0
thp_swpout_fallback 0
MemTotal:       1123314996 kB
MemFree:        1092597336 kB
MemAvailable:   1090285764 kB
Buffers:            6232 kB
Cached:           433132 kB
SwapCached:            0 kB
Active:           651004 kB
Inactive:         374096 kB
Active(anon):     566432 kB
Inactive(anon):    25608 kB
Active(file):      84572 kB
Inactive(file):   348488 kB
Unevictable:           0 kB
Mlocked:               0 kB
SwapTotal:       2097148 kB
SwapFree:        2097148 kB
Dirty:               508 kB
Writeback:             0 kB
AnonPages:        586144 kB
Mapped:           429792 kB
Shmem:              6204 kB
KReclaimable:     222392 kB
Slab:             583796 kB
SReclaimable:     222392 kB
SUnreclaim:       361404 kB
KernelStack:       33664 kB
PageTables:        27748 kB
NFS_Unstable:          0 kB
Bounce:                0 kB
WritebackTmp:          0 kB
CommitLimit:    563754644 kB
Committed_AS:    6688996 kB
VmallocTotal:   34359738367 kB
VmallocUsed:      161076 kB
VmallocChunk:          0 kB
Percpu:           123648 kB
HardwareCorrupted:     0 kB
AnonHugePages:         0 kB
ShmemHugePages:        0 kB
ShmemPmdMapped:        0 kB
CmaTotal:              0 kB
CmaFree:               0 kB
HugePages_Total:       0
HugePages_Free:        0
HugePages_Rsvd:        0
HugePages_Surp:        0
Hugepagesize:       2048 kB
Hugetlb:               0 kB
DirectMap4k:     1256932 kB
DirectMap2M:     8665088 kB
DirectMap1G:    1179648000 kB
2024年 06月 30日 星期日 13:47:23 CST
pgmigrate_success 7833
pgmigrate_fail 92
pgmigrate_dst_node_full_fail 0
pgmigrate_numa_isolate_fail 20
pgmigrate_nomem_fail 0
pgmigrate_refcount_fail 0
thp_fault_alloc 10943
thp_fault_fallback 0
thp_collapse_alloc 20
thp_collapse_alloc_failed 0
thp_file_alloc 0
thp_file_mapped 0
thp_split_page 0
thp_split_page_failed 0
thp_deferred_split_page 10943
thp_split_pmd 2
thp_split_pud 0
thp_zero_page_alloc 0
thp_zero_page_alloc_failed 0
thp_swpout 0
thp_swpout_fallback 0
MemTotal:       1123314996 kB
MemFree:        1080042152 kB
MemAvailable:   1089234340 kB
Buffers:           66708 kB
Cached:         12882944 kB
SwapCached:            0 kB
Active:           718216 kB
Inactive:       12820580 kB
Active(anon):     570048 kB
Inactive(anon):    25476 kB
Active(file):     148168 kB
Inactive(file): 12795104 kB
Unevictable:           0 kB
Mlocked:               0 kB
SwapTotal:       2097148 kB
SwapFree:        2097148 kB
Dirty:                 8 kB
Writeback:             0 kB
AnonPages:        590020 kB
Mapped:           430180 kB
Shmem:              6204 kB
KReclaimable:     293332 kB
Slab:             655760 kB
SReclaimable:     293332 kB
SUnreclaim:       362428 kB
KernelStack:       33808 kB
PageTables:        27408 kB
NFS_Unstable:          0 kB
Bounce:                0 kB
WritebackTmp:          0 kB
CommitLimit:    563754644 kB
Committed_AS:    6594260 kB
VmallocTotal:   34359738367 kB
VmallocUsed:      161028 kB
VmallocChunk:          0 kB
Percpu:           123648 kB
HardwareCorrupted:     0 kB
AnonHugePages:    215040 kB
ShmemHugePages:        0 kB
ShmemPmdMapped:        0 kB
CmaTotal:              0 kB
CmaFree:               0 kB
HugePages_Total:       0
HugePages_Free:        0
HugePages_Rsvd:        0
HugePages_Surp:        0
Hugepagesize:       2048 kB
Hugetlb:               0 kB
DirectMap4k:     1256932 kB
DirectMap2M:     8665088 kB
DirectMap1G:    1179648000 kB
