2024年 05月 18日 星期六 18:32:01 CST
pgmigrate_success 6509
pgmigrate_fail 0
pgmigrate_dst_node_full_fail 0
pgmigrate_numa_isolate_fail 0
pgmigrate_nomem_fail 0
pgmigrate_refcount_fail 0
thp_fault_alloc 0
thp_fault_fallback 0
thp_collapse_alloc 3
thp_collapse_alloc_failed 0
thp_file_alloc 0
thp_file_mapped 0
thp_split_page 0
thp_split_page_failed 0
thp_deferred_split_page 0
thp_split_pmd 0
thp_split_pud 0
thp_zero_page_alloc 0
thp_zero_page_alloc_failed 0
thp_swpout 0
thp_swpout_fallback 0
MemTotal:       1118366044 kB
MemFree:        1087659020 kB
MemAvailable:   1085370636 kB
Buffers:            8952 kB
Cached:           386120 kB
SwapCached:            0 kB
Active:           640112 kB
Inactive:         328096 kB
Active(anon):     573804 kB
Inactive(anon):     6144 kB
Active(file):      66308 kB
Inactive(file):   321952 kB
Unevictable:           0 kB
Mlocked:               0 kB
SwapTotal:       2097148 kB
SwapFree:        2097148 kB
Dirty:               192 kB
Writeback:            28 kB
AnonPages:        574104 kB
Mapped:           382004 kB
Shmem:              6156 kB
KReclaimable:     255100 kB
Slab:             627368 kB
SReclaimable:     255100 kB
SUnreclaim:       372268 kB
KernelStack:       34432 kB
PageTables:        27744 kB
NFS_Unstable:          0 kB
Bounce:                0 kB
WritebackTmp:          0 kB
CommitLimit:    561280168 kB
Committed_AS:    6384612 kB
VmallocTotal:   34359738367 kB
VmallocUsed:      159572 kB
VmallocChunk:          0 kB
Percpu:           123648 kB
HardwareCorrupted:     0 kB
AnonHugePages:      6144 kB
ShmemHugePages:        0 kB
ShmemPmdMapped:        0 kB
CmaTotal:              0 kB
CmaFree:               0 kB
HugePages_Total:       0
HugePages_Free:        0
HugePages_Rsvd:        0
HugePages_Surp:        0
Hugepagesize:       2048 kB
Hugetlb:               0 kB
DirectMap4k:     1084904 kB
DirectMap2M:     8837120 kB
DirectMap1G:    1179648000 kB
2024年 05月 18日 星期六 18:34:08 CST
pgmigrate_success 1062769
pgmigrate_fail 463878
pgmigrate_dst_node_full_fail 437248
pgmigrate_numa_isolate_fail 0
pgmigrate_nomem_fail 1
pgmigrate_refcount_fail 0
thp_fault_alloc 60599
thp_fault_fallback 0
thp_collapse_alloc 11
thp_collapse_alloc_failed 0
thp_file_alloc 0
thp_file_mapped 0
thp_split_page 0
thp_split_page_failed 0
thp_deferred_split_page 62574
thp_split_pmd 0
thp_split_pud 0
thp_zero_page_alloc 10
thp_zero_page_alloc_failed 0
thp_swpout 0
thp_swpout_fallback 0
MemTotal:       1118366044 kB
MemFree:        1076789624 kB
MemAvailable:   1084372552 kB
Buffers:           14784 kB
Cached:         11289032 kB
SwapCached:         1100 kB
Active:           489288 kB
Inactive:       11388512 kB
Active(anon):     239580 kB
Inactive(anon):   340304 kB
Active(file):     249708 kB
Inactive(file): 11048208 kB
Unevictable:           0 kB
Mlocked:               0 kB
SwapTotal:       2097148 kB
SwapFree:        2091004 kB
Dirty:                80 kB
Writeback:             0 kB
AnonPages:        574320 kB
Mapped:           372024 kB
Shmem:              5644 kB
KReclaimable:     297160 kB
Slab:             671104 kB
SReclaimable:     297160 kB
SUnreclaim:       373944 kB
KernelStack:       33504 kB
PageTables:        27852 kB
NFS_Unstable:          0 kB
Bounce:                0 kB
WritebackTmp:          0 kB
CommitLimit:    561280168 kB
Committed_AS:    6383892 kB
VmallocTotal:   34359738367 kB
VmallocUsed:      158548 kB
VmallocChunk:          0 kB
Percpu:           123648 kB
HardwareCorrupted:     0 kB
AnonHugePages:    266240 kB
ShmemHugePages:        0 kB
ShmemPmdMapped:        0 kB
CmaTotal:              0 kB
CmaFree:               0 kB
HugePages_Total:       0
HugePages_Free:        0
HugePages_Rsvd:        0
HugePages_Surp:        0
Hugepagesize:       2048 kB
Hugetlb:               0 kB
DirectMap4k:     1089000 kB
DirectMap2M:     9881600 kB
DirectMap1G:    1178599424 kB
