[    0.000000] Linux version 5.18.0 (xmu@xmu-PowerEdge-R750) (gcc (Ubuntu 8.4.0-1ubuntu1~18.04) 8.4.0, GNU ld (GNU Binutils for Ubuntu) 2.30) #1 SMP PREEMPT_DYNAMIC Sat Apr 6 15:16:25 CST 2024
[    0.000000] Command line: BOOT_IMAGE=/boot/vmlinuz-5.18.0 root=UUID=ce0c24b8-724b-4f33-9b2c-618433560aef ro memmap=46936M!4096M memmap=59G!64G quiet splash nomodeset vt.handoff=1
[    0.000000] KERNEL supported cpus:
[    0.000000]   Intel GenuineIntel
[    0.000000]   AMD AuthenticAMD
[    0.000000]   Hygon HygonGenuine
[    0.000000]   Centaur CentaurHauls
[    0.000000]   zhaoxin   Shanghai  
[    0.000000] x86/split lock detection: #AC: crashing the kernel on kernel split_locks and warning on user-space split_locks
[    0.000000] x86/fpu: Supporting XSAVE feature 0x001: 'x87 floating point registers'
[    0.000000] x86/fpu: Supporting XSAVE feature 0x002: 'SSE registers'
[    0.000000] x86/fpu: Supporting XSAVE feature 0x004: 'AVX registers'
[    0.000000] x86/fpu: Supporting XSAVE feature 0x020: 'AVX-512 opmask'
[    0.000000] x86/fpu: Supporting XSAVE feature 0x040: 'AVX-512 Hi256'
[    0.000000] x86/fpu: Supporting XSAVE feature 0x080: 'AVX-512 ZMM_Hi256'
[    0.000000] x86/fpu: Supporting XSAVE feature 0x200: 'Protection Keys User registers'
[    0.000000] x86/fpu: xstate_offset[2]:  576, xstate_sizes[2]:  256
[    0.000000] x86/fpu: xstate_offset[5]:  832, xstate_sizes[5]:   64
[    0.000000] x86/fpu: xstate_offset[6]:  896, xstate_sizes[6]:  512
[    0.000000] x86/fpu: xstate_offset[7]: 1408, xstate_sizes[7]: 1024
[    0.000000] x86/fpu: xstate_offset[9]: 2432, xstate_sizes[9]:    8
[    0.000000] x86/fpu: Enabled xstate features 0x2e7, context size is 2440 bytes, using 'compacted' format.
[    0.000000] signal: max sigframe size: 3632
[    0.000000] BIOS-provided physical RAM map:
[    0.000000] BIOS-e820: [mem 0x0000000000000000-0x000000000008efff] usable
[    0.000000] BIOS-e820: [mem 0x000000000008f000-0x000000000008ffff] reserved
[    0.000000] BIOS-e820: [mem 0x0000000000090000-0x000000000009ffff] usable
[    0.000000] BIOS-e820: [mem 0x00000000000a0000-0x00000000000fffff] reserved
[    0.000000] BIOS-e820: [mem 0x0000000000100000-0x0000000049e76fff] usable
[    0.000000] BIOS-e820: [mem 0x0000000049e77000-0x000000004ae76fff] ACPI NVS
[    0.000000] BIOS-e820: [mem 0x000000004ae77000-0x000000004b2cefff] usable
[    0.000000] BIOS-e820: [mem 0x000000004b2cf000-0x000000004b54dfff] ACPI data
[    0.000000] BIOS-e820: [mem 0x000000004b54e000-0x000000004bd93fff] usable
[    0.000000] BIOS-e820: [mem 0x000000004bd94000-0x000000004be99fff] reserved
[    0.000000] BIOS-e820: [mem 0x000000004be9a000-0x000000004cdfffff] usable
[    0.000000] BIOS-e820: [mem 0x000000004ce00000-0x000000004cffffff] reserved
[    0.000000] BIOS-e820: [mem 0x000000004d000000-0x000000005eefdfff] usable
[    0.000000] BIOS-e820: [mem 0x000000005eefe000-0x000000006e3fefff] reserved
[    0.000000] BIOS-e820: [mem 0x000000006e3ff000-0x000000006f3fefff] ACPI NVS
[    0.000000] BIOS-e820: [mem 0x000000006f3ff000-0x000000006f7fefff] ACPI data
[    0.000000] BIOS-e820: [mem 0x000000006f7ff000-0x000000006f7fffff] usable
[    0.000000] BIOS-e820: [mem 0x000000006f800000-0x000000008fffffff] reserved
[    0.000000] BIOS-e820: [mem 0x00000000fe000000-0x00000000fe010fff] reserved
[    0.000000] BIOS-e820: [mem 0x0000000100000000-0x000000207fffffff] usable
[    0.000000] BIOS-e820: [mem 0x0000002080000000-0x0000011c7fffffff] persistent (type 7)
[    0.000000] BIOS-e820: [mem 0x00001ffc00000000-0x00001fffffffffff] reserved
[    0.000000] NX (Execute Disable) protection: active
[    0.000000] e820: update [mem 0x46d5c020-0x46d6405f] usable ==> usable
[    0.000000] e820: update [mem 0x46d5c020-0x46d6405f] usable ==> usable
[    0.000000] e820: update [mem 0x46d29020-0x46d5bc5f] usable ==> usable
[    0.000000] e820: update [mem 0x46d29020-0x46d5bc5f] usable ==> usable
[    0.000000] e820: update [mem 0x46cf6020-0x46d28c5f] usable ==> usable
[    0.000000] e820: update [mem 0x46cf6020-0x46d28c5f] usable ==> usable
[    0.000000] e820: update [mem 0x46cc4020-0x46cf5a5f] usable ==> usable
[    0.000000] e820: update [mem 0x46cc4020-0x46cf5a5f] usable ==> usable
[    0.000000] extended physical RAM map:
[    0.000000] reserve setup_data: [mem 0x0000000000000000-0x000000000008efff] usable
[    0.000000] reserve setup_data: [mem 0x000000000008f000-0x000000000008ffff] reserved
[    0.000000] reserve setup_data: [mem 0x0000000000090000-0x000000000009ffff] usable
[    0.000000] reserve setup_data: [mem 0x00000000000a0000-0x00000000000fffff] reserved
[    0.000000] reserve setup_data: [mem 0x0000000000100000-0x0000000046cc401f] usable
[    0.000000] reserve setup_data: [mem 0x0000000046cc4020-0x0000000046cf5a5f] usable
[    0.000000] reserve setup_data: [mem 0x0000000046cf5a60-0x0000000046cf601f] usable
[    0.000000] reserve setup_data: [mem 0x0000000046cf6020-0x0000000046d28c5f] usable
[    0.000000] reserve setup_data: [mem 0x0000000046d28c60-0x0000000046d2901f] usable
[    0.000000] reserve setup_data: [mem 0x0000000046d29020-0x0000000046d5bc5f] usable
[    0.000000] reserve setup_data: [mem 0x0000000046d5bc60-0x0000000046d5c01f] usable
[    0.000000] reserve setup_data: [mem 0x0000000046d5c020-0x0000000046d6405f] usable
[    0.000000] reserve setup_data: [mem 0x0000000046d64060-0x0000000049e76fff] usable
[    0.000000] reserve setup_data: [mem 0x0000000049e77000-0x000000004ae76fff] ACPI NVS
[    0.000000] reserve setup_data: [mem 0x000000004ae77000-0x000000004b2cefff] usable
[    0.000000] reserve setup_data: [mem 0x000000004b2cf000-0x000000004b54dfff] ACPI data
[    0.000000] reserve setup_data: [mem 0x000000004b54e000-0x000000004bd93fff] usable
[    0.000000] reserve setup_data: [mem 0x000000004bd94000-0x000000004be99fff] reserved
[    0.000000] reserve setup_data: [mem 0x000000004be9a000-0x000000004cdfffff] usable
[    0.000000] reserve setup_data: [mem 0x000000004ce00000-0x000000004cffffff] reserved
[    0.000000] reserve setup_data: [mem 0x000000004d000000-0x000000005eefdfff] usable
[    0.000000] reserve setup_data: [mem 0x000000005eefe000-0x000000006e3fefff] reserved
[    0.000000] reserve setup_data: [mem 0x000000006e3ff000-0x000000006f3fefff] ACPI NVS
[    0.000000] reserve setup_data: [mem 0x000000006f3ff000-0x000000006f7fefff] ACPI data
[    0.000000] reserve setup_data: [mem 0x000000006f7ff000-0x000000006f7fffff] usable
[    0.000000] reserve setup_data: [mem 0x000000006f800000-0x000000008fffffff] reserved
[    0.000000] reserve setup_data: [mem 0x00000000fe000000-0x00000000fe010fff] reserved
[    0.000000] reserve setup_data: [mem 0x0000000100000000-0x0000000c757fffff] persistent (type 12)
[    0.000000] reserve setup_data: [mem 0x0000000c75800000-0x0000000fffffffff] usable
[    0.000000] reserve setup_data: [mem 0x0000001000000000-0x0000001ebfffffff] persistent (type 12)
[    0.000000] reserve setup_data: [mem 0x0000001ec0000000-0x000000207fffffff] usable
[    0.000000] reserve setup_data: [mem 0x0000002080000000-0x0000011c7fffffff] persistent (type 7)
[    0.000000] reserve setup_data: [mem 0x00001ffc00000000-0x00001fffffffffff] reserved
[    0.000000] user-defined physical RAM map:
[    0.000000] user: [mem 0x0000000000000000-0x000000000008efff] usable
[    0.000000] user: [mem 0x000000000008f000-0x000000000008ffff] reserved
[    0.000000] user: [mem 0x0000000000090000-0x000000000009ffff] usable
[    0.000000] user: [mem 0x00000000000a0000-0x00000000000fffff] reserved
[    0.000000] user: [mem 0x0000000000100000-0x0000000046cc401f] usable
[    0.000000] user: [mem 0x0000000046cc4020-0x0000000046cf5a5f] usable
[    0.000000] user: [mem 0x0000000046cf5a60-0x0000000046cf601f] usable
[    0.000000] user: [mem 0x0000000046cf6020-0x0000000046d28c5f] usable
[    0.000000] user: [mem 0x0000000046d28c60-0x0000000046d2901f] usable
[    0.000000] user: [mem 0x0000000046d29020-0x0000000046d5bc5f] usable
[    0.000000] user: [mem 0x0000000046d5bc60-0x0000000046d5c01f] usable
[    0.000000] user: [mem 0x0000000046d5c020-0x0000000046d6405f] usable
[    0.000000] user: [mem 0x0000000046d64060-0x0000000049e76fff] usable
[    0.000000] user: [mem 0x0000000049e77000-0x000000004ae76fff] ACPI NVS
[    0.000000] user: [mem 0x000000004ae77000-0x000000004b2cefff] usable
[    0.000000] user: [mem 0x000000004b2cf000-0x000000004b54dfff] ACPI data
[    0.000000] user: [mem 0x000000004b54e000-0x000000004bd93fff] usable
[    0.000000] user: [mem 0x000000004bd94000-0x000000004be99fff] reserved
[    0.000000] user: [mem 0x000000004be9a000-0x000000004cdfffff] usable
[    0.000000] user: [mem 0x000000004ce00000-0x000000004cffffff] reserved
[    0.000000] user: [mem 0x000000004d000000-0x000000005eefdfff] usable
[    0.000000] user: [mem 0x000000005eefe000-0x000000006e3fefff] reserved
[    0.000000] user: [mem 0x000000006e3ff000-0x000000006f3fefff] ACPI NVS
[    0.000000] user: [mem 0x000000006f3ff000-0x000000006f7fefff] ACPI data
[    0.000000] user: [mem 0x000000006f7ff000-0x000000006f7fffff] usable
[    0.000000] user: [mem 0x000000006f800000-0x000000008fffffff] reserved
[    0.000000] user: [mem 0x00000000fe000000-0x00000000fe010fff] reserved
[    0.000000] user: [mem 0x0000000100000000-0x0000000c757fffff] persistent (type 12)
[    0.000000] user: [mem 0x0000000c75800000-0x0000000fffffffff] usable
[    0.000000] user: [mem 0x0000001000000000-0x0000001ebfffffff] persistent (type 12)
[    0.000000] user: [mem 0x0000001ec0000000-0x000000207fffffff] usable
[    0.000000] user: [mem 0x0000002080000000-0x0000011c7fffffff] persistent (type 7)
[    0.000000] user: [mem 0x00001ffc00000000-0x00001fffffffffff] reserved
[    0.000000] efi: EFI v2.70 by Dell Inc.
[    0.000000] efi: ACPI=0x6f7fe000 ACPI 2.0=0x6f7fe014 MEMATTR=0x5b070020 SMBIOS=0x69526000 SMBIOS 3.0=0x69524000 MOKvar=0x5ef81000 RNG=0x5ef8a920 
[    0.000000] efi: seeding entropy pool
[    0.000000] SMBIOS 3.3.0 present.
[    0.000000] DMI: Dell Inc. PowerEdge R750/0K8F35, BIOS 1.10.2 03/03/2023
[    0.000000] tsc: Detected 2000.000 MHz processor
[    0.000007] e820: update [mem 0x00000000-0x00000fff] usable ==> reserved
[    0.000010] e820: remove [mem 0x000a0000-0x000fffff] usable
[    0.000018] last_pfn = 0x2080000 max_arch_pfn = 0x400000000
[    0.000195] x86/PAT: Configuration [0-7]: WB  WC  UC- UC  WB  WP  UC- WT  
[    0.002850] total RAM covered: 2095088M
[    0.002935]  gran_size: 64K 	chunk_size: 64K 	num_reg: 10  	lose cover RAM: 2016G
[    0.002938]  gran_size: 64K 	chunk_size: 128K 	num_reg: 10  	lose cover RAM: 2016G
[    0.002939]  gran_size: 64K 	chunk_size: 256K 	num_reg: 10  	lose cover RAM: 2016G
[    0.002941]  gran_size: 64K 	chunk_size: 512K 	num_reg: 10  	lose cover RAM: 2016G
[    0.002942]  gran_size: 64K 	chunk_size: 1M 	num_reg: 10  	lose cover RAM: 2016G
[    0.002944]  gran_size: 64K 	chunk_size: 2M 	num_reg: 10  	lose cover RAM: 2016G
[    0.002945]  gran_size: 64K 	chunk_size: 4M 	num_reg: 10  	lose cover RAM: 2016G
[    0.002946]  gran_size: 64K 	chunk_size: 8M 	num_reg: 10  	lose cover RAM: 2016G
[    0.002948]  gran_size: 64K 	chunk_size: 16M 	num_reg: 10  	lose cover RAM: 2016G
[    0.002950]  gran_size: 64K 	chunk_size: 32M 	num_reg: 10  	lose cover RAM: 1024G
[    0.002951]  gran_size: 64K 	chunk_size: 64M 	num_reg: 10  	lose cover RAM: 1024G
[    0.002952]  gran_size: 64K 	chunk_size: 128M 	num_reg: 10  	lose cover RAM: 1024G
[    0.002954]  gran_size: 64K 	chunk_size: 256M 	num_reg: 10  	lose cover RAM: 1024G
[    0.002955]  gran_size: 64K 	chunk_size: 512M 	num_reg: 10  	lose cover RAM: 1024G
[    0.002956]  gran_size: 64K 	chunk_size: 1G 	num_reg: 10  	lose cover RAM: 1024G
[    0.002957]  gran_size: 64K 	chunk_size: 2G 	num_reg: 10  	lose cover RAM: 1024G
[    0.002959]  gran_size: 128K 	chunk_size: 128K 	num_reg: 10  	lose cover RAM: 2016G
[    0.002960]  gran_size: 128K 	chunk_size: 256K 	num_reg: 10  	lose cover RAM: 2016G
[    0.002962]  gran_size: 128K 	chunk_size: 512K 	num_reg: 10  	lose cover RAM: 2016G
[    0.002963]  gran_size: 128K 	chunk_size: 1M 	num_reg: 10  	lose cover RAM: 2016G
[    0.002964]  gran_size: 128K 	chunk_size: 2M 	num_reg: 10  	lose cover RAM: 2016G
[    0.002966]  gran_size: 128K 	chunk_size: 4M 	num_reg: 10  	lose cover RAM: 2016G
[    0.002967]  gran_size: 128K 	chunk_size: 8M 	num_reg: 10  	lose cover RAM: 2016G
[    0.002968]  gran_size: 128K 	chunk_size: 16M 	num_reg: 10  	lose cover RAM: 2016G
[    0.002970]  gran_size: 128K 	chunk_size: 32M 	num_reg: 10  	lose cover RAM: 1024G
[    0.002971]  gran_size: 128K 	chunk_size: 64M 	num_reg: 10  	lose cover RAM: 1024G
[    0.002972]  gran_size: 128K 	chunk_size: 128M 	num_reg: 10  	lose cover RAM: 1024G
[    0.002974]  gran_size: 128K 	chunk_size: 256M 	num_reg: 10  	lose cover RAM: 1024G
[    0.002975]  gran_size: 128K 	chunk_size: 512M 	num_reg: 10  	lose cover RAM: 1024G
[    0.002976]  gran_size: 128K 	chunk_size: 1G 	num_reg: 10  	lose cover RAM: 1024G
[    0.002978]  gran_size: 128K 	chunk_size: 2G 	num_reg: 10  	lose cover RAM: 1024G
[    0.002979]  gran_size: 256K 	chunk_size: 256K 	num_reg: 10  	lose cover RAM: 2016G
[    0.002980]  gran_size: 256K 	chunk_size: 512K 	num_reg: 10  	lose cover RAM: 2016G
[    0.002982]  gran_size: 256K 	chunk_size: 1M 	num_reg: 10  	lose cover RAM: 2016G
[    0.002983]  gran_size: 256K 	chunk_size: 2M 	num_reg: 10  	lose cover RAM: 2016G
[    0.002984]  gran_size: 256K 	chunk_size: 4M 	num_reg: 10  	lose cover RAM: 2016G
[    0.002986]  gran_size: 256K 	chunk_size: 8M 	num_reg: 10  	lose cover RAM: 2016G
[    0.002987]  gran_size: 256K 	chunk_size: 16M 	num_reg: 10  	lose cover RAM: 2016G
[    0.002988]  gran_size: 256K 	chunk_size: 32M 	num_reg: 10  	lose cover RAM: 1024G
[    0.002990]  gran_size: 256K 	chunk_size: 64M 	num_reg: 10  	lose cover RAM: 1024G
[    0.002991]  gran_size: 256K 	chunk_size: 128M 	num_reg: 10  	lose cover RAM: 1024G
[    0.002992]  gran_size: 256K 	chunk_size: 256M 	num_reg: 10  	lose cover RAM: 1024G
[    0.002993]  gran_size: 256K 	chunk_size: 512M 	num_reg: 10  	lose cover RAM: 1024G
[    0.002995]  gran_size: 256K 	chunk_size: 1G 	num_reg: 10  	lose cover RAM: 1024G
[    0.002996]  gran_size: 256K 	chunk_size: 2G 	num_reg: 10  	lose cover RAM: 1024G
[    0.002997]  gran_size: 512K 	chunk_size: 512K 	num_reg: 10  	lose cover RAM: 2016G
[    0.002999]  gran_size: 512K 	chunk_size: 1M 	num_reg: 10  	lose cover RAM: 2016G
[    0.003000]  gran_size: 512K 	chunk_size: 2M 	num_reg: 10  	lose cover RAM: 2016G
[    0.003001]  gran_size: 512K 	chunk_size: 4M 	num_reg: 10  	lose cover RAM: 2016G
[    0.003003]  gran_size: 512K 	chunk_size: 8M 	num_reg: 10  	lose cover RAM: 2016G
[    0.003004]  gran_size: 512K 	chunk_size: 16M 	num_reg: 10  	lose cover RAM: 2016G
[    0.003005]  gran_size: 512K 	chunk_size: 32M 	num_reg: 10  	lose cover RAM: 1024G
[    0.003006]  gran_size: 512K 	chunk_size: 64M 	num_reg: 10  	lose cover RAM: 1024G
[    0.003008]  gran_size: 512K 	chunk_size: 128M 	num_reg: 10  	lose cover RAM: 1024G
[    0.003009]  gran_size: 512K 	chunk_size: 256M 	num_reg: 10  	lose cover RAM: 1024G
[    0.003010]  gran_size: 512K 	chunk_size: 512M 	num_reg: 10  	lose cover RAM: 1024G
[    0.003012]  gran_size: 512K 	chunk_size: 1G 	num_reg: 10  	lose cover RAM: 1024G
[    0.003013]  gran_size: 512K 	chunk_size: 2G 	num_reg: 10  	lose cover RAM: 1024G
[    0.003015]  gran_size: 1M 	chunk_size: 1M 	num_reg: 10  	lose cover RAM: 2016G
[    0.003016]  gran_size: 1M 	chunk_size: 2M 	num_reg: 10  	lose cover RAM: 2016G
[    0.003018]  gran_size: 1M 	chunk_size: 4M 	num_reg: 10  	lose cover RAM: 2016G
[    0.003019]  gran_size: 1M 	chunk_size: 8M 	num_reg: 10  	lose cover RAM: 2016G
[    0.003020]  gran_size: 1M 	chunk_size: 16M 	num_reg: 10  	lose cover RAM: 2016G
[    0.003022]  gran_size: 1M 	chunk_size: 32M 	num_reg: 10  	lose cover RAM: 1024G
[    0.003023]  gran_size: 1M 	chunk_size: 64M 	num_reg: 10  	lose cover RAM: 1024G
[    0.003024]  gran_size: 1M 	chunk_size: 128M 	num_reg: 10  	lose cover RAM: 1024G
[    0.003025]  gran_size: 1M 	chunk_size: 256M 	num_reg: 10  	lose cover RAM: 1024G
[    0.003027]  gran_size: 1M 	chunk_size: 512M 	num_reg: 10  	lose cover RAM: 1024G
[    0.003028]  gran_size: 1M 	chunk_size: 1G 	num_reg: 10  	lose cover RAM: 1024G
[    0.003029]  gran_size: 1M 	chunk_size: 2G 	num_reg: 10  	lose cover RAM: 1024G
[    0.003031]  gran_size: 2M 	chunk_size: 2M 	num_reg: 10  	lose cover RAM: 2016G
[    0.003032]  gran_size: 2M 	chunk_size: 4M 	num_reg: 10  	lose cover RAM: 2016G
[    0.003033]  gran_size: 2M 	chunk_size: 8M 	num_reg: 10  	lose cover RAM: 2016G
[    0.003034]  gran_size: 2M 	chunk_size: 16M 	num_reg: 10  	lose cover RAM: 2016G
[    0.003036]  gran_size: 2M 	chunk_size: 32M 	num_reg: 10  	lose cover RAM: 1024G
[    0.003037]  gran_size: 2M 	chunk_size: 64M 	num_reg: 10  	lose cover RAM: 1024G
[    0.003038]  gran_size: 2M 	chunk_size: 128M 	num_reg: 10  	lose cover RAM: 1024G
[    0.003040]  gran_size: 2M 	chunk_size: 256M 	num_reg: 10  	lose cover RAM: 1024G
[    0.003041]  gran_size: 2M 	chunk_size: 512M 	num_reg: 10  	lose cover RAM: 1024G
[    0.003043]  gran_size: 2M 	chunk_size: 1G 	num_reg: 10  	lose cover RAM: 1024G
[    0.003044]  gran_size: 2M 	chunk_size: 2G 	num_reg: 10  	lose cover RAM: 1024G
[    0.003046]  gran_size: 4M 	chunk_size: 4M 	num_reg: 10  	lose cover RAM: 2016G
[    0.003047]  gran_size: 4M 	chunk_size: 8M 	num_reg: 10  	lose cover RAM: 2016G
[    0.003048]  gran_size: 4M 	chunk_size: 16M 	num_reg: 10  	lose cover RAM: 2016G
[    0.003050]  gran_size: 4M 	chunk_size: 32M 	num_reg: 10  	lose cover RAM: 1024G
[    0.003051]  gran_size: 4M 	chunk_size: 64M 	num_reg: 10  	lose cover RAM: 1024G
[    0.003052]  gran_size: 4M 	chunk_size: 128M 	num_reg: 10  	lose cover RAM: 1024G
[    0.003054]  gran_size: 4M 	chunk_size: 256M 	num_reg: 10  	lose cover RAM: 1024G
[    0.003055]  gran_size: 4M 	chunk_size: 512M 	num_reg: 10  	lose cover RAM: 1024G
[    0.003056]  gran_size: 4M 	chunk_size: 1G 	num_reg: 10  	lose cover RAM: 1024G
[    0.003057]  gran_size: 4M 	chunk_size: 2G 	num_reg: 10  	lose cover RAM: 1024G
[    0.003059]  gran_size: 8M 	chunk_size: 8M 	num_reg: 10  	lose cover RAM: 2016G
[    0.003060]  gran_size: 8M 	chunk_size: 16M 	num_reg: 10  	lose cover RAM: 2016G
[    0.003061]  gran_size: 8M 	chunk_size: 32M 	num_reg: 10  	lose cover RAM: 1024G
[    0.003063]  gran_size: 8M 	chunk_size: 64M 	num_reg: 10  	lose cover RAM: 1024G
[    0.003064]  gran_size: 8M 	chunk_size: 128M 	num_reg: 10  	lose cover RAM: 1024G
[    0.003065]  gran_size: 8M 	chunk_size: 256M 	num_reg: 10  	lose cover RAM: 1024G
[    0.003067]  gran_size: 8M 	chunk_size: 512M 	num_reg: 10  	lose cover RAM: 1024G
[    0.003068]  gran_size: 8M 	chunk_size: 1G 	num_reg: 10  	lose cover RAM: 1024G
[    0.003069]  gran_size: 8M 	chunk_size: 2G 	num_reg: 10  	lose cover RAM: 1024G
[    0.003070]  gran_size: 16M 	chunk_size: 16M 	num_reg: 10  	lose cover RAM: 2016G
[    0.003072]  gran_size: 16M 	chunk_size: 32M 	num_reg: 10  	lose cover RAM: 1024G
[    0.003073]  gran_size: 16M 	chunk_size: 64M 	num_reg: 10  	lose cover RAM: 1024G
[    0.003074]  gran_size: 16M 	chunk_size: 128M 	num_reg: 10  	lose cover RAM: 1024G
[    0.003076]  gran_size: 16M 	chunk_size: 256M 	num_reg: 10  	lose cover RAM: 1024G
[    0.003078]  gran_size: 16M 	chunk_size: 512M 	num_reg: 10  	lose cover RAM: 1024G
[    0.003079]  gran_size: 16M 	chunk_size: 1G 	num_reg: 10  	lose cover RAM: 1024G
[    0.003080]  gran_size: 16M 	chunk_size: 2G 	num_reg: 10  	lose cover RAM: 1024G
[    0.003082]  gran_size: 32M 	chunk_size: 32M 	num_reg: 10  	lose cover RAM: 2031632M
[    0.003084]  gran_size: 32M 	chunk_size: 64M 	num_reg: 10  	lose cover RAM: 1048592M
[    0.003085]  gran_size: 32M 	chunk_size: 128M 	num_reg: 10  	lose cover RAM: 1048592M
[    0.003086]  gran_size: 32M 	chunk_size: 256M 	num_reg: 10  	lose cover RAM: 1048592M
[    0.003088]  gran_size: 32M 	chunk_size: 512M 	num_reg: 10  	lose cover RAM: 1048592M
[    0.003089]  gran_size: 32M 	chunk_size: 1G 	num_reg: 10  	lose cover RAM: 1048592M
[    0.003090]  gran_size: 32M 	chunk_size: 2G 	num_reg: 10  	lose cover RAM: 1048592M
[    0.003092]  gran_size: 64M 	chunk_size: 64M 	num_reg: 10  	lose cover RAM: 1966128M
[    0.003093]  gran_size: 64M 	chunk_size: 128M 	num_reg: 10  	lose cover RAM: 1048624M
[    0.003094]  gran_size: 64M 	chunk_size: 256M 	num_reg: 10  	lose cover RAM: 1048624M
[    0.003096]  gran_size: 64M 	chunk_size: 512M 	num_reg: 10  	lose cover RAM: 1048624M
[    0.003097]  gran_size: 64M 	chunk_size: 1G 	num_reg: 10  	lose cover RAM: 1048624M
[    0.003098]  gran_size: 64M 	chunk_size: 2G 	num_reg: 10  	lose cover RAM: 1048624M
[    0.003099]  gran_size: 128M 	chunk_size: 128M 	num_reg: 10  	lose cover RAM: 1835120M
[    0.003101]  gran_size: 128M 	chunk_size: 256M 	num_reg: 10  	lose cover RAM: 1048688M
[    0.003102]  gran_size: 128M 	chunk_size: 512M 	num_reg: 10  	lose cover RAM: 1048688M
[    0.003104]  gran_size: 128M 	chunk_size: 1G 	num_reg: 10  	lose cover RAM: 1048688M
[    0.003105]  gran_size: 128M 	chunk_size: 2G 	num_reg: 10  	lose cover RAM: 1048688M
[    0.003107]  gran_size: 256M 	chunk_size: 256M 	num_reg: 10  	lose cover RAM: 1573104M
[    0.003108]  gran_size: 256M 	chunk_size: 512M 	num_reg: 10  	lose cover RAM: 1048816M
[    0.003110]  gran_size: 256M 	chunk_size: 1G 	num_reg: 10  	lose cover RAM: 1048816M
[    0.003111]  gran_size: 256M 	chunk_size: 2G 	num_reg: 10  	lose cover RAM: 1048816M
[    0.003112]  gran_size: 512M 	chunk_size: 512M 	num_reg: 10  	lose cover RAM: 1049072M
[    0.003114]  gran_size: 512M 	chunk_size: 1G 	num_reg: 10  	lose cover RAM: 1049072M
[    0.003115]  gran_size: 512M 	chunk_size: 2G 	num_reg: 10  	lose cover RAM: 1049072M
[    0.003116]  gran_size: 1G 	chunk_size: 1G 	num_reg: 10  	lose cover RAM: 1008M
[    0.003118]  gran_size: 1G 	chunk_size: 2G 	num_reg: 10  	lose cover RAM: 1008M
[    0.003119]  gran_size: 2G 	chunk_size: 2G 	num_reg: 9  	lose cover RAM: 2032M
[    0.003120] mtrr_cleanup: can not find optimal value
[    0.003121] please specify mtrr_gran_size/mtrr_chunk_size
[    0.003123] e820: update [mem 0x7f000000-0xffffffff] usable ==> reserved
[    0.003127] x2apic: enabled by BIOS, switching to x2apic ops
[    0.003128] last_pfn = 0x6f800 max_arch_pfn = 0x400000000
[    0.014544] Using GB pages for direct mapping
[    0.016045] Secure boot disabled
[    0.016046] RAMDISK: [mem 0x205de61000-0x207fffffff]
[    0.016051] ACPI: Early table checksum verification disabled
[    0.016053] ACPI: RSDP 0x000000006F7FE014 000024 (v02 DELL  )
[    0.016057] ACPI: XSDT 0x000000006F41C188 0000F4 (v01 DELL   PE_SC3   00000000 DELL 01000013)
[    0.016062] ACPI: FACP 0x000000006F430000 000114 (v06 DELL   PE_SC3   00000000 DELL 00000001)
[    0.016068] ACPI: DSDT 0x000000004B4CE000 07FAD3 (v02 DELL   PE_SC3   00000003 DELL 00000001)
[    0.016071] ACPI: FACS 0x000000006F2F2000 000040
[    0.016074] ACPI: SSDT 0x000000006F7FB000 00159A (v02 INTEL  RAS_ACPI 00000001 INTL 20210331)
[    0.016078] ACPI: SSDT 0x000000006F7FA000 000745 (v02 INTEL  ADDRXLAT 00000001 INTL 20210331)
[    0.016082] ACPI: MCEJ 0x000000006F7F9000 000130 (v01 INTEL           00000001 INTL 0100000D)
[    0.016085] ACPI: BERT 0x000000006F7F8000 000030 (v01 DELL   PE_SC3   00000001 INTL 00000001)
[    0.016088] ACPI: ERST 0x000000006F7F7000 000230 (v01 DELL   PE_SC3   00000001 INTL 00000001)
[    0.016092] ACPI: SSDT 0x000000006F431000 3C524E (v02 INTEL  SSDTNVDR 00001000 INTL 20210331)
[    0.016095] ACPI: HMAT 0x000000006F42F000 000210 (v01 DELL   PE_SC3   00000001 DELL 00000001)
[    0.016099] ACPI: HPET 0x000000006F42E000 000038 (v01 DELL   PE_SC3   00000001 DELL 00000001)
[    0.016102] ACPI: MCFG 0x000000006F42D000 00003C (v01 DELL   PE_SC3   00000001 DELL 00000001)
[    0.016105] ACPI: MIGT 0x000000006F42C000 000040 (v01 DELL   PE_SC3   00000000 DELL 00000001)
[    0.016109] ACPI: MSCT 0x000000006F42B000 000090 (v01 DELL   PE_SC3   00000001 DELL 00000001)
[    0.016112] ACPI: PMTT 0x000000006F429000 0011E8 (v02 DELL   PE_SC3   00000001 DELL 00000001)
[    0.016115] ACPI: WSMT 0x000000006F428000 000028 (v01 DELL   PE_SC3   00000000 DELL 00000001)
[    0.016118] ACPI: APIC 0x000000006F427000 00075E (v04 DELL   PE_SC3   00000000 DELL 00000001)
[    0.016122] ACPI: SLIT 0x000000006F426000 00003C (v01 DELL   PE_SC3   00000001 DELL 01000013)
[    0.016125] ACPI: SRAT 0x000000006F41F000 006430 (v03 DELL   PE_SC3   00000002 DELL 01000013)
[    0.016129] ACPI: OEM4 0x000000004B346000 187A61 (v02 INTEL  CPU  CST 00003000 INTL 20210331)
[    0.016132] ACPI: SSDT 0x000000004B2CF000 0764A5 (v02 INTEL  SSDT  PM 00004000 INTL 20210331)
[    0.016135] ACPI: SSDT 0x000000006F41E000 000A1F (v02 DELL   PE_SC3   00000000 DELL 00000001)
[    0.016139] ACPI: HEST 0x000000006F41D000 00017C (v01 DELL   PE_SC3   00000001 INTL 00000001)
[    0.016142] ACPI: PCAT 0x000000006F41B000 00010C (v19 DELL   PE_SC3   00000002 DELL 00000001)
[    0.016146] ACPI: SSDT 0x000000006F413000 007299 (v02 INTEL  SpsNm    00000002 INTL 20210331)
[    0.016149] ACPI: SSDT 0x000000006F412000 000426 (v02 DELL   PE_SC3   00000002 DELL 00000001)
[    0.016152] ACPI: NFIT 0x000000006F7FD000 000488 (v01 DELL   PE_SC3   00000002 DELL 00000001)
[    0.016156] ACPI: DMAR 0x000000006F411000 000158 (v01 DELL   PE_SC3   00000001 DELL 00000001)
[    0.016158] ACPI: Reserving FACP table memory at [mem 0x6f430000-0x6f430113]
[    0.016160] ACPI: Reserving DSDT table memory at [mem 0x4b4ce000-0x4b54dad2]
[    0.016161] ACPI: Reserving FACS table memory at [mem 0x6f2f2000-0x6f2f203f]
[    0.016162] ACPI: Reserving SSDT table memory at [mem 0x6f7fb000-0x6f7fc599]
[    0.016163] ACPI: Reserving SSDT table memory at [mem 0x6f7fa000-0x6f7fa744]
[    0.016164] ACPI: Reserving MCEJ table memory at [mem 0x6f7f9000-0x6f7f912f]
[    0.016165] ACPI: Reserving BERT table memory at [mem 0x6f7f8000-0x6f7f802f]
[    0.016165] ACPI: Reserving ERST table memory at [mem 0x6f7f7000-0x6f7f722f]
[    0.016166] ACPI: Reserving SSDT table memory at [mem 0x6f431000-0x6f7f624d]
[    0.016167] ACPI: Reserving HMAT table memory at [mem 0x6f42f000-0x6f42f20f]
[    0.016168] ACPI: Reserving HPET table memory at [mem 0x6f42e000-0x6f42e037]
[    0.016169] ACPI: Reserving MCFG table memory at [mem 0x6f42d000-0x6f42d03b]
[    0.016170] ACPI: Reserving MIGT table memory at [mem 0x6f42c000-0x6f42c03f]
[    0.016171] ACPI: Reserving MSCT table memory at [mem 0x6f42b000-0x6f42b08f]
[    0.016172] ACPI: Reserving PMTT table memory at [mem 0x6f429000-0x6f42a1e7]
[    0.016173] ACPI: Reserving WSMT table memory at [mem 0x6f428000-0x6f428027]
[    0.016174] ACPI: Reserving APIC table memory at [mem 0x6f427000-0x6f42775d]
[    0.016174] ACPI: Reserving SLIT table memory at [mem 0x6f426000-0x6f42603b]
[    0.016175] ACPI: Reserving SRAT table memory at [mem 0x6f41f000-0x6f42542f]
[    0.016176] ACPI: Reserving OEM4 table memory at [mem 0x4b346000-0x4b4cda60]
[    0.016177] ACPI: Reserving SSDT table memory at [mem 0x4b2cf000-0x4b3454a4]
[    0.016178] ACPI: Reserving SSDT table memory at [mem 0x6f41e000-0x6f41ea1e]
[    0.016179] ACPI: Reserving HEST table memory at [mem 0x6f41d000-0x6f41d17b]
[    0.016180] ACPI: Reserving PCAT table memory at [mem 0x6f41b000-0x6f41b10b]
[    0.016181] ACPI: Reserving SSDT table memory at [mem 0x6f413000-0x6f41a298]
[    0.016182] ACPI: Reserving SSDT table memory at [mem 0x6f412000-0x6f412425]
[    0.016183] ACPI: Reserving NFIT table memory at [mem 0x6f7fd000-0x6f7fd487]
[    0.016184] ACPI: Reserving DMAR table memory at [mem 0x6f411000-0x6f411157]
[    0.016194] Setting APIC routing to cluster x2apic.
[    0.016241] SRAT: PXM 0 -> APIC 0x0000 -> Node 0
[    0.016243] SRAT: PXM 0 -> APIC 0x0001 -> Node 0
[    0.016244] SRAT: PXM 0 -> APIC 0x0002 -> Node 0
[    0.016244] SRAT: PXM 0 -> APIC 0x0003 -> Node 0
[    0.016245] SRAT: PXM 0 -> APIC 0x0004 -> Node 0
[    0.016246] SRAT: PXM 0 -> APIC 0x0005 -> Node 0
[    0.016246] SRAT: PXM 0 -> APIC 0x0006 -> Node 0
[    0.016247] SRAT: PXM 0 -> APIC 0x0007 -> Node 0
[    0.016248] SRAT: PXM 0 -> APIC 0x0008 -> Node 0
[    0.016248] SRAT: PXM 0 -> APIC 0x0009 -> Node 0
[    0.016249] SRAT: PXM 0 -> APIC 0x000a -> Node 0
[    0.016249] SRAT: PXM 0 -> APIC 0x000b -> Node 0
[    0.016250] SRAT: PXM 0 -> APIC 0x000c -> Node 0
[    0.016251] SRAT: PXM 0 -> APIC 0x000d -> Node 0
[    0.016252] SRAT: PXM 0 -> APIC 0x000e -> Node 0
[    0.016253] SRAT: PXM 0 -> APIC 0x000f -> Node 0
[    0.016253] SRAT: PXM 0 -> APIC 0x0010 -> Node 0
[    0.016254] SRAT: PXM 0 -> APIC 0x0011 -> Node 0
[    0.016255] SRAT: PXM 0 -> APIC 0x0012 -> Node 0
[    0.016256] SRAT: PXM 0 -> APIC 0x0013 -> Node 0
[    0.016256] SRAT: PXM 0 -> APIC 0x0014 -> Node 0
[    0.016257] SRAT: PXM 0 -> APIC 0x0015 -> Node 0
[    0.016258] SRAT: PXM 0 -> APIC 0x0016 -> Node 0
[    0.016258] SRAT: PXM 0 -> APIC 0x0017 -> Node 0
[    0.016259] SRAT: PXM 0 -> APIC 0x0018 -> Node 0
[    0.016260] SRAT: PXM 0 -> APIC 0x0019 -> Node 0
[    0.016260] SRAT: PXM 0 -> APIC 0x001a -> Node 0
[    0.016261] SRAT: PXM 0 -> APIC 0x001b -> Node 0
[    0.016262] SRAT: PXM 0 -> APIC 0x001c -> Node 0
[    0.016262] SRAT: PXM 0 -> APIC 0x001d -> Node 0
[    0.016263] SRAT: PXM 0 -> APIC 0x001e -> Node 0
[    0.016263] SRAT: PXM 0 -> APIC 0x001f -> Node 0
[    0.016264] SRAT: PXM 0 -> APIC 0x0020 -> Node 0
[    0.016265] SRAT: PXM 0 -> APIC 0x0021 -> Node 0
[    0.016265] SRAT: PXM 0 -> APIC 0x0022 -> Node 0
[    0.016266] SRAT: PXM 0 -> APIC 0x0023 -> Node 0
[    0.016267] SRAT: PXM 0 -> APIC 0x0024 -> Node 0
[    0.016267] SRAT: PXM 0 -> APIC 0x0025 -> Node 0
[    0.016268] SRAT: PXM 0 -> APIC 0x0026 -> Node 0
[    0.016269] SRAT: PXM 0 -> APIC 0x0027 -> Node 0
[    0.016269] SRAT: PXM 0 -> APIC 0x0028 -> Node 0
[    0.016270] SRAT: PXM 0 -> APIC 0x0029 -> Node 0
[    0.016271] SRAT: PXM 0 -> APIC 0x002a -> Node 0
[    0.016271] SRAT: PXM 0 -> APIC 0x002b -> Node 0
[    0.016272] SRAT: PXM 0 -> APIC 0x002c -> Node 0
[    0.016273] SRAT: PXM 0 -> APIC 0x002d -> Node 0
[    0.016273] SRAT: PXM 0 -> APIC 0x002e -> Node 0
[    0.016274] SRAT: PXM 0 -> APIC 0x002f -> Node 0
[    0.016275] SRAT: PXM 0 -> APIC 0x0030 -> Node 0
[    0.016275] SRAT: PXM 0 -> APIC 0x0031 -> Node 0
[    0.016276] SRAT: PXM 0 -> APIC 0x0032 -> Node 0
[    0.016276] SRAT: PXM 0 -> APIC 0x0033 -> Node 0
[    0.016277] SRAT: PXM 0 -> APIC 0x0034 -> Node 0
[    0.016278] SRAT: PXM 0 -> APIC 0x0035 -> Node 0
[    0.016278] SRAT: PXM 0 -> APIC 0x0036 -> Node 0
[    0.016279] SRAT: PXM 0 -> APIC 0x0037 -> Node 0
[    0.016280] SRAT: PXM 1 -> APIC 0x0080 -> Node 1
[    0.016280] SRAT: PXM 1 -> APIC 0x0081 -> Node 1
[    0.016281] SRAT: PXM 1 -> APIC 0x0082 -> Node 1
[    0.016282] SRAT: PXM 1 -> APIC 0x0083 -> Node 1
[    0.016283] SRAT: PXM 1 -> APIC 0x0084 -> Node 1
[    0.016283] SRAT: PXM 1 -> APIC 0x0085 -> Node 1
[    0.016284] SRAT: PXM 1 -> APIC 0x0086 -> Node 1
[    0.016285] SRAT: PXM 1 -> APIC 0x0087 -> Node 1
[    0.016286] SRAT: PXM 1 -> APIC 0x0088 -> Node 1
[    0.016286] SRAT: PXM 1 -> APIC 0x0089 -> Node 1
[    0.016287] SRAT: PXM 1 -> APIC 0x008a -> Node 1
[    0.016288] SRAT: PXM 1 -> APIC 0x008b -> Node 1
[    0.016288] SRAT: PXM 1 -> APIC 0x008c -> Node 1
[    0.016289] SRAT: PXM 1 -> APIC 0x008d -> Node 1
[    0.016290] SRAT: PXM 1 -> APIC 0x008e -> Node 1
[    0.016290] SRAT: PXM 1 -> APIC 0x008f -> Node 1
[    0.016291] SRAT: PXM 1 -> APIC 0x0090 -> Node 1
[    0.016292] SRAT: PXM 1 -> APIC 0x0091 -> Node 1
[    0.016292] SRAT: PXM 1 -> APIC 0x0092 -> Node 1
[    0.016293] SRAT: PXM 1 -> APIC 0x0093 -> Node 1
[    0.016294] SRAT: PXM 1 -> APIC 0x0094 -> Node 1
[    0.016294] SRAT: PXM 1 -> APIC 0x0095 -> Node 1
[    0.016295] SRAT: PXM 1 -> APIC 0x0096 -> Node 1
[    0.016296] SRAT: PXM 1 -> APIC 0x0097 -> Node 1
[    0.016296] SRAT: PXM 1 -> APIC 0x0098 -> Node 1
[    0.016297] SRAT: PXM 1 -> APIC 0x0099 -> Node 1
[    0.016298] SRAT: PXM 1 -> APIC 0x009a -> Node 1
[    0.016298] SRAT: PXM 1 -> APIC 0x009b -> Node 1
[    0.016299] SRAT: PXM 1 -> APIC 0x009c -> Node 1
[    0.016300] SRAT: PXM 1 -> APIC 0x009d -> Node 1
[    0.016300] SRAT: PXM 1 -> APIC 0x009e -> Node 1
[    0.016301] SRAT: PXM 1 -> APIC 0x009f -> Node 1
[    0.016302] SRAT: PXM 1 -> APIC 0x00a0 -> Node 1
[    0.016302] SRAT: PXM 1 -> APIC 0x00a1 -> Node 1
[    0.016303] SRAT: PXM 1 -> APIC 0x00a2 -> Node 1
[    0.016303] SRAT: PXM 1 -> APIC 0x00a3 -> Node 1
[    0.016304] SRAT: PXM 1 -> APIC 0x00a4 -> Node 1
[    0.016305] SRAT: PXM 1 -> APIC 0x00a5 -> Node 1
[    0.016305] SRAT: PXM 1 -> APIC 0x00a6 -> Node 1
[    0.016306] SRAT: PXM 1 -> APIC 0x00a7 -> Node 1
[    0.016307] SRAT: PXM 1 -> APIC 0x00a8 -> Node 1
[    0.016307] SRAT: PXM 1 -> APIC 0x00a9 -> Node 1
[    0.016308] SRAT: PXM 1 -> APIC 0x00aa -> Node 1
[    0.016309] SRAT: PXM 1 -> APIC 0x00ab -> Node 1
[    0.016309] SRAT: PXM 1 -> APIC 0x00ac -> Node 1
[    0.016310] SRAT: PXM 1 -> APIC 0x00ad -> Node 1
[    0.016311] SRAT: PXM 1 -> APIC 0x00ae -> Node 1
[    0.016311] SRAT: PXM 1 -> APIC 0x00af -> Node 1
[    0.016312] SRAT: PXM 1 -> APIC 0x00b0 -> Node 1
[    0.016313] SRAT: PXM 1 -> APIC 0x00b1 -> Node 1
[    0.016314] SRAT: PXM 1 -> APIC 0x00b2 -> Node 1
[    0.016314] SRAT: PXM 1 -> APIC 0x00b3 -> Node 1
[    0.016315] SRAT: PXM 1 -> APIC 0x00b4 -> Node 1
[    0.016316] SRAT: PXM 1 -> APIC 0x00b5 -> Node 1
[    0.016316] SRAT: PXM 1 -> APIC 0x00b6 -> Node 1
[    0.016317] SRAT: PXM 1 -> APIC 0x00b7 -> Node 1
[    0.016329] ACPI: SRAT: Node 0 PXM 0 [mem 0x00000000-0x7fffffff]
[    0.016331] ACPI: SRAT: Node 0 PXM 0 [mem 0x100000000-0x107fffffff]
[    0.016333] ACPI: SRAT: Node 2 PXM 2 [mem 0x2080000000-0x9e7fffffff] non-volatile
[    0.016334] ACPI: SRAT: Node 1 PXM 1 [mem 0x1080000000-0x207fffffff]
[    0.016335] ACPI: SRAT: Node 3 PXM 3 [mem 0x9e80000000-0x11c7fffffff] non-volatile
[    0.016345] NUMA: Initialized distance table, cnt=4
[    0.016348] NUMA: Node 0 [mem 0x00000000-0x7fffffff] + [mem 0x100000000-0x107fffffff] -> [mem 0x00000000-0x107fffffff]
[    0.016357] NODE_DATA(0) allocated [mem 0xffffd5000-0xfffffffff]
[    0.016376] NODE_DATA(1) allocated [mem 0x205de33000-0x205de5dfff]
[    0.016551] Zone ranges:
[    0.016552]   DMA      [mem 0x0000000000001000-0x0000000000ffffff]
[    0.016554]   DMA32    [mem 0x0000000001000000-0x00000000ffffffff]
[    0.016556]   Normal   [mem 0x0000000100000000-0x000000207fffffff]
[    0.016557]   Device   empty
[    0.016558] Movable zone start for each node
[    0.016562] Early memory node ranges
[    0.016562]   node   0: [mem 0x0000000000001000-0x000000000008efff]
[    0.016564]   node   0: [mem 0x0000000000090000-0x000000000009ffff]
[    0.016565]   node   0: [mem 0x0000000000100000-0x0000000049e76fff]
[    0.016566]   node   0: [mem 0x000000004ae77000-0x000000004b2cefff]
[    0.016567]   node   0: [mem 0x000000004b54e000-0x000000004bd93fff]
[    0.016568]   node   0: [mem 0x000000004be9a000-0x000000004cdfffff]
[    0.016568]   node   0: [mem 0x000000004d000000-0x000000005eefdfff]
[    0.016569]   node   0: [mem 0x000000006f7ff000-0x000000006f7fffff]
[    0.016570]   node   0: [mem 0x0000000c75800000-0x0000000fffffffff]
[    0.016572]   node   1: [mem 0x0000001ec0000000-0x000000207fffffff]
[    0.016573] Initmem setup node 0 [mem 0x0000000000001000-0x0000000fffffffff]
[    0.016576] Initmem setup node 1 [mem 0x0000001ec0000000-0x000000207fffffff]
[    0.016578] Initializing node 2 as memoryless
[    0.016601] Initmem setup node 2 as memoryless
[    0.016602] Initializing node 3 as memoryless
[    0.016623] Initmem setup node 3 as memoryless
[    0.016625] On node 0, zone DMA: 1 pages in unavailable ranges
[    0.016627] On node 0, zone DMA: 1 pages in unavailable ranges
[    0.016658] On node 0, zone DMA: 96 pages in unavailable ranges
[    0.018809] On node 0, zone DMA32: 4096 pages in unavailable ranges
[    0.018831] On node 0, zone DMA32: 639 pages in unavailable ranges
[    0.018865] On node 0, zone DMA32: 262 pages in unavailable ranges
[    0.019406] On node 0, zone DMA32: 512 pages in unavailable ranges
[    0.019679] On node 0, zone DMA32: 35073 pages in unavailable ranges
[    0.047019] On node 0, zone Normal: 24576 pages in unavailable ranges
[    0.061300] ACPI: PM-Timer IO Port: 0x508
[    0.061319] ACPI: X2APIC_NMI (uid[0xffffffff] high edge lint[0x1])
[    0.061323] ACPI: LAPIC_NMI (acpi_id[0xff] high edge lint[0x1])
[    0.061342] IOAPIC[0]: apic_id 8, version 32, address 0xfec00000, GSI 0-119
[    0.061346] ACPI: INT_SRC_OVR (bus 0 bus_irq 0 global_irq 2 dfl dfl)
[    0.061348] ACPI: INT_SRC_OVR (bus 0 bus_irq 9 global_irq 9 high level)
[    0.061353] ACPI: Using ACPI (MADT) for SMP configuration information
[    0.061354] ACPI: HPET id: 0x8086a701 base: 0xfed00000
[    0.061358] TSC deadline timer available
[    0.061359] smpboot: Allowing 112 CPUs, 0 hotplug CPUs
[    0.061388] PM: hibernation: Registered nosave memory: [mem 0x00000000-0x00000fff]
[    0.061391] PM: hibernation: Registered nosave memory: [mem 0x0008f000-0x0008ffff]
[    0.061393] PM: hibernation: Registered nosave memory: [mem 0x000a0000-0x000fffff]
[    0.061394] PM: hibernation: Registered nosave memory: [mem 0x46cc4000-0x46cc4fff]
[    0.061396] PM: hibernation: Registered nosave memory: [mem 0x46cf5000-0x46cf5fff]
[    0.061397] PM: hibernation: Registered nosave memory: [mem 0x46cf6000-0x46cf6fff]
[    0.061399] PM: hibernation: Registered nosave memory: [mem 0x46d28000-0x46d28fff]
[    0.061400] PM: hibernation: Registered nosave memory: [mem 0x46d29000-0x46d29fff]
[    0.061401] PM: hibernation: Registered nosave memory: [mem 0x46d5b000-0x46d5bfff]
[    0.061402] PM: hibernation: Registered nosave memory: [mem 0x46d5c000-0x46d5cfff]
[    0.061404] PM: hibernation: Registered nosave memory: [mem 0x46d64000-0x46d64fff]
[    0.061406] PM: hibernation: Registered nosave memory: [mem 0x49e77000-0x4ae76fff]
[    0.061408] PM: hibernation: Registered nosave memory: [mem 0x4b2cf000-0x4b54dfff]
[    0.061409] PM: hibernation: Registered nosave memory: [mem 0x4bd94000-0x4be99fff]
[    0.061411] PM: hibernation: Registered nosave memory: [mem 0x4ce00000-0x4cffffff]
[    0.061413] PM: hibernation: Registered nosave memory: [mem 0x5eefe000-0x6e3fefff]
[    0.061414] PM: hibernation: Registered nosave memory: [mem 0x6e3ff000-0x6f3fefff]
[    0.061415] PM: hibernation: Registered nosave memory: [mem 0x6f3ff000-0x6f7fefff]
[    0.061417] PM: hibernation: Registered nosave memory: [mem 0x6f800000-0x8fffffff]
[    0.061418] PM: hibernation: Registered nosave memory: [mem 0x90000000-0xfdffffff]
[    0.061418] PM: hibernation: Registered nosave memory: [mem 0xfe000000-0xfe010fff]
[    0.061419] PM: hibernation: Registered nosave memory: [mem 0xfe011000-0xffffffff]
[    0.061420] PM: hibernation: Registered nosave memory: [mem 0x100000000-0xc757fffff]
[    0.061422] PM: hibernation: Registered nosave memory: [mem 0x1000000000-0x1ebfffffff]
[    0.061424] [mem 0x90000000-0xfdffffff] available for PCI devices
[    0.061426] Booting paravirtualized kernel on bare hardware
[    0.061429] clocksource: refined-jiffies: mask: 0xffffffff max_cycles: 0xffffffff, max_idle_ns: 7645519600211568 ns
[    0.061435] setup_percpu: NR_CPUS:8192 nr_cpumask_bits:112 nr_cpu_ids:112 nr_node_ids:4
[    0.066245] percpu: Embedded 61 pages/cpu s212992 r8192 d28672 u262144
[    0.066257] pcpu-alloc: s212992 r8192 d28672 u262144 alloc=1*2097152
[    0.066260] pcpu-alloc: [0] 000 002 004 006 008 010 012 014 
[    0.066266] pcpu-alloc: [0] 016 018 020 022 024 026 028 030 
[    0.066271] pcpu-alloc: [0] 032 034 036 038 040 042 044 046 
[    0.066275] pcpu-alloc: [0] 048 050 052 054 056 058 060 062 
[    0.066280] pcpu-alloc: [0] 064 066 068 070 072 074 076 078 
[    0.066284] pcpu-alloc: [0] 080 082 084 086 088 090 092 094 
[    0.066289] pcpu-alloc: [0] 096 098 100 102 104 106 108 110 
[    0.066293] pcpu-alloc: [1] 001 003 005 007 009 011 013 015 
[    0.066298] pcpu-alloc: [1] 017 019 021 023 025 027 029 031 
[    0.066303] pcpu-alloc: [1] 033 035 037 039 041 043 045 047 
[    0.066307] pcpu-alloc: [1] 049 051 053 055 057 059 061 063 
[    0.066311] pcpu-alloc: [1] 065 067 069 071 073 075 077 079 
[    0.066316] pcpu-alloc: [1] 081 083 085 087 089 091 093 095 
[    0.066320] pcpu-alloc: [1] 097 099 101 103 105 107 109 111 
[    0.066366] Fallback order for Node 0: 0 1 
[    0.066369] Fallback order for Node 1: 1 0 
[    0.066372] Fallback order for Node 2: 2 0 1 
[    0.066375] Fallback order for Node 3: 3 1 0 
[    0.066383] Built 2 zonelists, mobility grouping on.  Total pages: 5837428
[    0.066384] Policy zone: Normal
[    0.066386] Kernel command line: BOOT_IMAGE=/boot/vmlinuz-5.18.0 root=UUID=ce0c24b8-724b-4f33-9b2c-618433560aef ro memmap=46936M!4096M memmap=59G!64G quiet splash nomodeset vt.handoff=1
[    0.066512] Booted with the nomodeset parameter. Only the system framebuffer will be available
[    0.066534] Unknown kernel command line parameters "splash BOOT_IMAGE=/boot/vmlinuz-5.18.0", will be passed to user space.
[    0.066536] printk: log_buf_len individual max cpu contribution: 4096 bytes
[    0.066537] printk: log_buf_len total cpu_extra contributions: 454656 bytes
[    0.066538] printk: log_buf_len min size: 262144 bytes
[    0.067516] printk: log_buf_len: 1048576 bytes
[    0.067518] printk: early log buf free: 223664(85%)
[    0.069425] mem auto-init: stack:off, heap alloc:on, heap free:off
[    0.133133] Memory: 22521772K/23725152K available (16392K kernel code, 3615K rwdata, 10444K rodata, 2688K init, 5836K bss, 1203120K reserved, 0K cma-reserved)
[    0.133139] random: get_random_u64 called from __kmem_cache_create+0x2d/0x480 with crng_init=0
[    0.133679] SLUB: HWalign=64, Order=0-3, MinObjects=0, CPUs=112, Nodes=4
[    0.133706] ftrace: allocating 48795 entries in 191 pages
[    0.142223] ftrace: allocated 191 pages with 7 groups
[    0.143200] Dynamic Preempt: voluntary
[    0.143535] rcu: Preemptible hierarchical RCU implementation.
[    0.143536] rcu: 	RCU restricting CPUs from NR_CPUS=8192 to nr_cpu_ids=112.
[    0.143538] 	Trampoline variant of Tasks RCU enabled.
[    0.143538] 	Rude variant of Tasks RCU enabled.
[    0.143539] 	Tracing variant of Tasks RCU enabled.
[    0.143539] rcu: RCU calculated value of scheduler-enlistment delay is 25 jiffies.
[    0.143540] rcu: Adjusting geometry for rcu_fanout_leaf=16, nr_cpu_ids=112
[    0.147379] NR_IRQS: 524544, nr_irqs: 2952, preallocated irqs: 16
[    0.147739] random: crng init done (trusting CPU's manufacturer)
[    0.147872] Console: colour dummy device 80x25
[    0.147907] printk: console [tty0] enabled
[    0.148110] mempolicy: Enabling automatic NUMA balancing. Configure with numa_balancing= or the kernel.numa_balancing sysctl
[    0.148114] ACPI: Core revision 20211217
[    0.151509] clocksource: hpet: mask: 0xffffffff max_cycles: 0xffffffff, max_idle_ns: 79635855245 ns
[    0.151554] APIC: Switch to symmetric I/O mode setup
[    0.151556] DMAR: Host address width 46
[    0.151557] DMAR: DRHD base: 0x000000d0ffc000 flags: 0x0
[    0.151562] DMAR: dmar0: reg_base_addr d0ffc000 ver 4:0 cap 8ed008c40780466 ecap 60000f050df
[    0.151565] DMAR: DRHD base: 0x000000dbbfc000 flags: 0x0
[    0.151567] DMAR: dmar1: reg_base_addr dbbfc000 ver 4:0 cap 8ed008c40780466 ecap 60000f050df
[    0.151569] DMAR: DRHD base: 0x000000e67fc000 flags: 0x0
[    0.151573] DMAR: dmar2: reg_base_addr e67fc000 ver 4:0 cap 8ed008c40780466 ecap 60000f050df
[    0.151576] DMAR: DRHD base: 0x000000f13fc000 flags: 0x0
[    0.151578] DMAR: dmar3: reg_base_addr f13fc000 ver 4:0 cap 8ed008c40780466 ecap 60000f050df
[    0.151580] DMAR: DRHD base: 0x000000fb7fc000 flags: 0x0
[    0.151583] DMAR: dmar4: reg_base_addr fb7fc000 ver 4:0 cap 8ed008c40780466 ecap 60000f050df
[    0.151585] DMAR: DRHD base: 0x000000a63fc000 flags: 0x0
[    0.151587] DMAR: dmar5: reg_base_addr a63fc000 ver 4:0 cap 8ed008c40780466 ecap 60000f050df
[    0.151589] DMAR: DRHD base: 0x000000b0ffc000 flags: 0x0
[    0.151594] DMAR: dmar6: reg_base_addr b0ffc000 ver 4:0 cap 8ed008c40780466 ecap 60000f050df
[    0.151596] DMAR: DRHD base: 0x000000bbbfc000 flags: 0x0
[    0.151598] DMAR: dmar7: reg_base_addr bbbfc000 ver 4:0 cap 8ed008c40780466 ecap 60000f050df
[    0.151600] DMAR: DRHD base: 0x000000c5ffc000 flags: 0x0
[    0.151603] DMAR: dmar8: reg_base_addr c5ffc000 ver 4:0 cap 8ed008c40780466 ecap 60000f050df
[    0.151605] DMAR: DRHD base: 0x0000009b7fc000 flags: 0x1
[    0.151607] DMAR: dmar9: reg_base_addr 9b7fc000 ver 4:0 cap 8ed008c40780466 ecap 60000f050df
[    0.151609] DMAR: RMRR base: 0x00000069427000 end: 0x00000069429fff
[    0.151611] DMAR: ATSR flags: 0x0
[    0.151613] DMAR-IR: IOAPIC id 8 under DRHD base  0x9b7fc000 IOMMU 9
[    0.151614] DMAR-IR: HPET id 0 under DRHD base 0x9b7fc000
[    0.151615] DMAR-IR: Queued invalidation will be enabled to support x2apic and Intr-remapping.
[    0.154574] DMAR-IR: Enabled IRQ remapping in x2apic mode
[    0.157202] ..TIMER: vector=0x30 apic1=0 pin1=2 apic2=-1 pin2=-1
[    0.175483] clocksource: tsc-early: mask: 0xffffffffffffffff max_cycles: 0x39a85c9bff6, max_idle_ns: 881590591483 ns
[    0.175489] Calibrating delay loop (skipped), value calculated using timer frequency.. 4000.00 BogoMIPS (lpj=8000000)
[    0.175492] pid_max: default: 114688 minimum: 896
[    0.179422] LSM: Security Framework initializing
[    0.179447] Yama: becoming mindful.
[    0.179516] AppArmor: AppArmor initialized
[    0.183724] Dentry cache hash table entries: 4194304 (order: 13, 33554432 bytes, vmalloc hugepage)
[    0.185841] Inode-cache hash table entries: 2097152 (order: 12, 16777216 bytes, vmalloc hugepage)
[    0.185948] Mount-cache hash table entries: 65536 (order: 7, 524288 bytes, vmalloc)
[    0.186022] Mountpoint-cache hash table entries: 65536 (order: 7, 524288 bytes, vmalloc)
[    0.186572] x86/tme: not enabled by BIOS
[    0.186582] CPU0: Thermal monitoring enabled (TM1)
[    0.186584] x86/cpu: User Mode Instruction Prevention (UMIP) activated
[    0.186819] process: using mwait in idle threads
[    0.186821] Last level iTLB entries: 4KB 0, 2MB 0, 4MB 0
[    0.186822] Last level dTLB entries: 4KB 0, 2MB 0, 4MB 0, 1GB 0
[    0.186828] Spectre V1 : Mitigation: usercopy/swapgs barriers and __user pointer sanitization
[    0.186830] Spectre V2 : WARNING: Unprivileged eBPF is enabled with eIBRS on, data leaks possible via Spectre v2 BHB attacks!
[    0.186834] Spectre V2 : Mitigation: Enhanced IBRS
[    0.186835] Spectre V2 : Spectre v2 / SpectreRSB mitigation: Filling RSB on context switch
[    0.186837] Spectre V2 : mitigation: Enabling conditional Indirect Branch Prediction Barrier
[    0.186838] Speculative Store Bypass: Mitigation: Speculative Store Bypass disabled via prctl
[    0.192001] Freeing SMP alternatives memory: 40K
[    0.195637] smpboot: Estimated ratio of average max frequency by base frequency (times 1024): 1433
[    0.195653] smpboot: CPU0: Intel(R) Xeon(R) Gold 6330 CPU @ 2.00GHz (family: 0x6, model: 0x6a, stepping: 0x6)
[    0.195878] cblist_init_generic: Setting adjustable number of callback queues.
[    0.195892] cblist_init_generic: Setting shift to 7 and lim to 1.
[    0.195921] cblist_init_generic: Setting shift to 7 and lim to 1.
[    0.195950] cblist_init_generic: Setting shift to 7 and lim to 1.
[    0.195962] Performance Events: PEBS fmt4+-baseline,  AnyThread deprecated, Icelake events, 32-deep LBR, full-width counters, Intel PMU driver.
[    0.196001] ... version:                5
[    0.196002] ... bit width:              48
[    0.196002] ... generic registers:      8
[    0.196003] ... value mask:             0000ffffffffffff
[    0.196004] ... max period:             00007fffffffffff
[    0.196005] ... fixed-purpose events:   4
[    0.196005] ... event mask:             0001000f000000ff
[    0.196161] rcu: Hierarchical SRCU implementation.
[    0.203379] NMI watchdog: Enabled. Permanently consumes one hw-PMU counter.
[    0.204495] smp: Bringing up secondary CPUs ...
[    0.204622] x86: Booting SMP configuration:
[    0.204623] .... node  #1, CPUs:          #1
[    0.007755] smpboot: CPU 1 Converting physical 0 to logical die 1

[    0.291615] .... node  #0, CPUs:     #2
[    0.296991] .... node  #1, CPUs:     #3
[    0.302456] .... node  #0, CPUs:     #4
[    0.307851] .... node  #1, CPUs:     #5
[    0.313258] .... node  #0, CPUs:     #6
[    0.318844] .... node  #1, CPUs:     #7
[    0.324453] .... node  #0, CPUs:     #8
[    0.329769] .... node  #1, CPUs:     #9
[    0.335592] .... node  #0, CPUs:    #10
[    0.341254] .... node  #1, CPUs:    #11
[    0.347020] .... node  #0, CPUs:    #12
[    0.352545] .... node  #1, CPUs:    #13
[    0.357927] .... node  #0, CPUs:    #14
[    0.363171] .... node  #1, CPUs:    #15
[    0.368520] .... node  #0, CPUs:    #16
[    0.373809] .... node  #1, CPUs:    #17
[    0.379127] .... node  #0, CPUs:    #18
[    0.384391] .... node  #1, CPUs:    #19
[    0.390066] .... node  #0, CPUs:    #20
[    0.395573] .... node  #1, CPUs:    #21
[    0.400959] .... node  #0, CPUs:    #22
[    0.406403] .... node  #1, CPUs:    #23
[    0.411705] .... node  #0, CPUs:    #24
[    0.417354] .... node  #1, CPUs:    #25
[    0.422701] .... node  #0, CPUs:    #26
[    0.427935] .... node  #1, CPUs:    #27
[    0.433278] .... node  #0, CPUs:    #28
[    0.438794] .... node  #1, CPUs:    #29
[    0.444125] .... node  #0, CPUs:    #30
[    0.449370] .... node  #1, CPUs:    #31
[    0.454875] .... node  #0, CPUs:    #32
[    0.460165] .... node  #1, CPUs:    #33
[    0.465564] .... node  #0, CPUs:    #34
[    0.471028] .... node  #1, CPUs:    #35
[    0.476362] .... node  #0, CPUs:    #36
[    0.481596] .... node  #1, CPUs:    #37
[    0.486921] .... node  #0, CPUs:    #38
[    0.492504] .... node  #1, CPUs:    #39
[    0.498055] .... node  #0, CPUs:    #40
[    0.503675] .... node  #1, CPUs:    #41
[    0.509449] .... node  #0, CPUs:    #42
[    0.514779] .... node  #1, CPUs:    #43
[    0.520443] .... node  #0, CPUs:    #44
[    0.525822] .... node  #1, CPUs:    #45
[    0.531528] .... node  #0, CPUs:    #46
[    0.536853] .... node  #1, CPUs:    #47
[    0.542332] .... node  #0, CPUs:    #48
[    0.547677] .... node  #1, CPUs:    #49
[    0.553146] .... node  #0, CPUs:    #50
[    0.558661] .... node  #1, CPUs:    #51
[    0.564328] .... node  #0, CPUs:    #52
[    0.569818] .... node  #1, CPUs:    #53
[    0.575598] .... node  #0, CPUs:    #54
[    0.581140] .... node  #1, CPUs:    #55
[    0.586977] .... node  #0, CPUs:    #56
[    0.593142] .... node  #1, CPUs:    #57
[    0.599060] .... node  #0, CPUs:    #58
[    0.604494] .... node  #1, CPUs:    #59
[    0.609950] .... node  #0, CPUs:    #60
[    0.615618] .... node  #1, CPUs:    #61
[    0.620798] .... node  #0, CPUs:    #62
[    0.626409] .... node  #1, CPUs:    #63
[    0.632021] .... node  #0, CPUs:    #64
[    0.637345] .... node  #1, CPUs:    #65
[    0.643101] .... node  #0, CPUs:    #66
[    0.648867] .... node  #1, CPUs:    #67
[    0.654646] .... node  #0, CPUs:    #68
[    0.660203] .... node  #1, CPUs:    #69
[    0.665605] .... node  #0, CPUs:    #70
[    0.670871] .... node  #1, CPUs:    #71
[    0.676247] .... node  #0, CPUs:    #72
[    0.681546] .... node  #1, CPUs:    #73
[    0.686922] .... node  #0, CPUs:    #74
[    0.692199] .... node  #1, CPUs:    #75
[    0.697881] .... node  #0, CPUs:    #76
[    0.703162] .... node  #1, CPUs:    #77
[    0.708809] .... node  #0, CPUs:    #78
[    0.714278] .... node  #1, CPUs:    #79
[    0.719597] .... node  #0, CPUs:    #80
[    0.725252] .... node  #1, CPUs:    #81
[    0.730629] .... node  #0, CPUs:    #82
[    0.735875] .... node  #1, CPUs:    #83
[    0.741247] .... node  #0, CPUs:    #84
[    0.746782] .... node  #1, CPUs:    #85
[    0.752107] .... node  #0, CPUs:    #86
[    0.757384] .... node  #1, CPUs:    #87
[    0.762907] .... node  #0, CPUs:    #88
[    0.768232] .... node  #1, CPUs:    #89
[    0.773648] .... node  #0, CPUs:    #90
[    0.779116] .... node  #1, CPUs:    #91
[    0.784476] .... node  #0, CPUs:    #92
[    0.789726] .... node  #1, CPUs:    #93
[    0.795081] .... node  #0, CPUs:    #94
[    0.800674] .... node  #1, CPUs:    #95
[    0.806245] .... node  #0, CPUs:    #96
[    0.811880] .... node  #1, CPUs:    #97
[    0.817663] .... node  #0, CPUs:    #98
[    0.823009] .... node  #1, CPUs:    #99
[    0.828693] .... node  #0, CPUs:   #100
[    0.834086] .... node  #1, CPUs:   #101
[    0.839596] .... node  #0, CPUs:   #102
[    0.845171] .... node  #1, CPUs:   #103
[    0.850665] .... node  #0, CPUs:   #104
[    0.856030] .... node  #1, CPUs:   #105
[    0.861504] .... node  #0, CPUs:   #106
[    0.867035] .... node  #1, CPUs:   #107
[    0.872717] .... node  #0, CPUs:   #108
[    0.878208] .... node  #1, CPUs:   #109
[    0.883847] .... node  #0, CPUs:   #110
[    0.889579] .... node  #1, CPUs:   #111
[    0.895542] smp: Brought up 2 nodes, 112 CPUs
[    0.895544] smpboot: Max logical packages: 2
[    0.895549] smpboot: Total of 112 processors activated (448082.26 BogoMIPS)
[    0.902862] devtmpfs: initialized
[    0.902862] x86/mm: Memory block size: 2048MB
[    0.902862] ACPI: PM: Registering ACPI NVS region [mem 0x49e77000-0x4ae76fff] (16777216 bytes)
[    0.903612] ACPI: PM: Registering ACPI NVS region [mem 0x6e3ff000-0x6f3fefff] (16777216 bytes)
[    0.903889] clocksource: jiffies: mask: 0xffffffff max_cycles: 0xffffffff, max_idle_ns: 7645041785100000 ns
[    0.904193] futex hash table entries: 32768 (order: 9, 2097152 bytes, vmalloc)
[    0.904443] pinctrl core: initialized pinctrl subsystem
[    0.904596] PM: RTC time: 12:05:37, date: 2024-06-24
[    0.905530] NET: Registered PF_NETLINK/PF_ROUTE protocol family
[    0.906324] DMA: preallocated 4096 KiB GFP_KERNEL pool for atomic allocations
[    0.906835] DMA: preallocated 4096 KiB GFP_KERNEL|GFP_DMA pool for atomic allocations
[    0.907343] DMA: preallocated 4096 KiB GFP_KERNEL|GFP_DMA32 pool for atomic allocations
[    0.907351] audit: initializing netlink subsys (disabled)
[    0.907360] audit: type=2000 audit(1719230736.752:1): state=initialized audit_enabled=0 res=1
[    0.907524] thermal_sys: Registered thermal governor 'fair_share'
[    0.907526] thermal_sys: Registered thermal governor 'bang_bang'
[    0.907527] thermal_sys: Registered thermal governor 'step_wise'
[    0.907527] thermal_sys: Registered thermal governor 'user_space'
[    0.907532] EISA bus registered
[    0.907558] cpuidle: using governor ladder
[    0.907558] cpuidle: using governor menu
[    0.907558] ACPI FADT declares the system doesn't support PCIe ASPM, so disable it
[    0.907558] acpiphp: ACPI Hot Plug PCI Controller Driver version: 0.5
[    0.907640] PCI: MMCONFIG for domain 0000 [bus 00-ff] at [mem 0x80000000-0x8fffffff] (base 0x80000000)
[    0.907645] PCI: MMCONFIG at [mem 0x80000000-0x8fffffff] reserved in E820
[    0.907651] pmd_set_huge: Cannot satisfy [mem 0x80000000-0x80200000] with a huge-page mapping due to MTRR override.
[    0.907856] PCI: Using configuration type 1 for base access
[    0.907866] PCI: Dell System detected, enabling pci=bfsort.
[    0.910016] ENERGY_PERF_BIAS: Set to 'normal', was 'performance'
[    0.912835] kprobes: kprobe jump-optimization is enabled. All kprobes are optimized if possible.
[    0.912839] HugeTLB registered 1.00 GiB page size, pre-allocated 0 pages
[    0.912839] HugeTLB registered 2.00 MiB page size, pre-allocated 0 pages
[    0.915843] fbcon: Taking over console
[    0.915843] ACPI: Added _OSI(Module Device)
[    0.915843] ACPI: Added _OSI(Processor Device)
[    0.915843] ACPI: Added _OSI(3.0 _SCP Extensions)
[    0.915843] ACPI: Added _OSI(Processor Aggregator Device)
[    0.915843] ACPI: Added _OSI(Linux-Dell-Video)
[    0.915843] ACPI: Added _OSI(Linux-Lenovo-NV-HDMI-Audio)
[    0.915843] ACPI: Added _OSI(Linux-HPI-Hybrid-Graphics)
[    1.087401] ACPI: 8 ACPI AML tables successfully acquired and loaded
[    1.093718] ACPI: [Firmware Bug]: BIOS _OSI(Linux) query ignored
[    1.099772] ACPI: Dynamic OEM Table Load:
[    1.518752] ACPI: Interpreter enabled
[    1.518773] ACPI: PM: (supports S0 S5)
[    1.518774] ACPI: Using IOAPIC for interrupt routing
[    1.518858] HEST: Table parsing has been initialized.
[    1.519041] GHES: APEI firmware first mode is enabled by APEI bit and WHEA _OSC.
[    1.519044] PCI: Using host bridge windows from ACPI; if necessary, use "pci=nocrs" and report a bug
[    1.548884] ACPI: Enabled 4 GPEs in block 00 to 7F
[    1.676771] ACPI: PCI Root Bridge [PC00] (domain 0000 [bus 00-15])
[    1.676777] acpi PNP0A08:00: _OSC: OS supports [ExtendedConfig ASPM ClockPM Segments MSI HPX-Type3]
[    1.745673] acpi PNP0A08:00: _OSC: platform does not support [SHPCHotplug AER LTR]
[    1.745901] acpi PNP0A08:00: _OSC: OS now controls [PCIeHotplug PME PCIeCapability]
[    1.745902] acpi PNP0A08:00: FADT indicates ASPM is unsupported, using BIOS configuration
[    1.747790] PCI host bridge to bus 0000:00
[    1.747792] pci_bus 0000:00: root bus resource [io  0x0000-0x0cf7 window]
[    1.747794] pci_bus 0000:00: root bus resource [io  0x1000-0x4fff window]
[    1.747795] pci_bus 0000:00: root bus resource [mem 0x000a0000-0x000bffff window]
[    1.747797] pci_bus 0000:00: root bus resource [mem 0x000c8000-0x000cffff window]
[    1.747798] pci_bus 0000:00: root bus resource [mem 0xfe010000-0xfe010fff window]
[    1.747799] pci_bus 0000:00: root bus resource [mem 0x90000000-0x9b7fffff window]
[    1.747800] pci_bus 0000:00: root bus resource [mem 0x200000000000-0x20ffffffffff window]
[    1.747802] pci_bus 0000:00: root bus resource [bus 00-15]
[    1.747816] pci 0000:00:00.0: [8086:09a2] type 00 class 0x088000
[    1.747917] pci 0000:00:00.1: [8086:09a4] type 00 class 0x088000
[    1.747984] pci 0000:00:00.2: [8086:09a3] type 00 class 0x088000
[    1.748051] pci 0000:00:00.4: [8086:0998] type 00 class 0x060000
[    1.748120] pci 0000:00:02.0: [8086:09a6] type 00 class 0x088000
[    1.748128] pci 0000:00:02.0: reg 0x10: [mem 0x92dfc000-0x92dfdfff]
[    1.748204] pci 0000:00:02.1: [8086:09a7] type 00 class 0x088000
[    1.748212] pci 0000:00:02.1: reg 0x10: [mem 0x92d00000-0x92d7ffff]
[    1.748217] pci 0000:00:02.1: reg 0x14: [mem 0x92c80000-0x92cfffff]
[    1.748293] pci 0000:00:02.4: [8086:3456] type 00 class 0x130000
[    1.748303] pci 0000:00:02.4: reg 0x10: [mem 0x92a00000-0x92afffff 64bit]
[    1.748310] pci 0000:00:02.4: reg 0x18: [mem 0x92df0000-0x92df3fff 64bit]
[    1.748317] pci 0000:00:02.4: reg 0x20: [mem 0x92dc0000-0x92ddffff 64bit]
[    1.748396] pci 0000:00:11.0: [8086:a1ec] type 00 class 0xff0000
[    1.748398] pci 0000:00:11.0: device has non-compliant BARs; disabling IO/MEM decoding
[    1.748490] pci 0000:00:11.5: [8086:a1d2] type 00 class 0x010601
[    1.748503] pci 0000:00:11.5: reg 0x10: [mem 0x92dfa000-0x92dfbfff]
[    1.748510] pci 0000:00:11.5: reg 0x14: [mem 0x92e05000-0x92e050ff]
[    1.748518] pci 0000:00:11.5: reg 0x18: [io  0x2068-0x206f]
[    1.748525] pci 0000:00:11.5: reg 0x1c: [io  0x2074-0x2077]
[    1.748533] pci 0000:00:11.5: reg 0x20: [io  0x2040-0x205f]
[    1.748540] pci 0000:00:11.5: reg 0x24: [mem 0x92b80000-0x92bfffff]
[    1.748577] pci 0000:00:11.5: PME# supported from D3hot
[    1.748793] pci 0000:00:14.0: [8086:a1af] type 00 class 0x0c0330
[    1.748811] pci 0000:00:14.0: reg 0x10: [mem 0x92de0000-0x92deffff 64bit]
[    1.748874] pci 0000:00:14.0: PME# supported from D3hot D3cold
[    1.749106] pci 0000:00:14.2: [8086:a1b1] type 00 class 0x118000
[    1.749123] pci 0000:00:14.2: reg 0x10: [mem 0x92e02000-0x92e02fff 64bit]
[    1.749247] pci 0000:00:16.0: [8086:a1ba] type 00 class 0x078000
[    1.749270] pci 0000:00:16.0: reg 0x10: [mem 0x92e01000-0x92e01fff 64bit]
[    1.749354] pci 0000:00:16.0: PME# supported from D3hot
[    1.749418] pci 0000:00:16.1: [8086:a1bb] type 00 class 0x078000
[    1.749442] pci 0000:00:16.1: reg 0x10: [mem 0x92e00000-0x92e00fff 64bit]
[    1.749526] pci 0000:00:16.1: PME# supported from D3hot
[    1.749593] pci 0000:00:16.4: [8086:a1be] type 00 class 0x078000
[    1.749616] pci 0000:00:16.4: reg 0x10: [mem 0x92dff000-0x92dfffff 64bit]
[    1.749700] pci 0000:00:16.4: PME# supported from D3hot
[    1.749774] pci 0000:00:17.0: [8086:a182] type 00 class 0x010601
[    1.749786] pci 0000:00:17.0: reg 0x10: [mem 0x92df8000-0x92df9fff]
[    1.749794] pci 0000:00:17.0: reg 0x14: [mem 0x92e04000-0x92e040ff]
[    1.749801] pci 0000:00:17.0: reg 0x18: [io  0x2060-0x2067]
[    1.749808] pci 0000:00:17.0: reg 0x1c: [io  0x2070-0x2073]
[    1.749815] pci 0000:00:17.0: reg 0x20: [io  0x2020-0x203f]
[    1.749822] pci 0000:00:17.0: reg 0x24: [mem 0x92b00000-0x92b7ffff]
[    1.749859] pci 0000:00:17.0: PME# supported from D3hot
[    1.750067] pci 0000:00:1c.0: [8086:a190] type 01 class 0x060400
[    1.750143] pci 0000:00:1c.0: PME# supported from D0 D3hot D3cold
[    1.750803] pci 0000:00:1c.4: [8086:a194] type 01 class 0x060400
[    1.750873] pci 0000:00:1c.4: PME# supported from D0 D3hot D3cold
[    1.751579] pci 0000:00:1c.5: [8086:a195] type 01 class 0x060400
[    1.751651] pci 0000:00:1c.5: PME# supported from D0 D3hot D3cold
[    1.752297] pci 0000:00:1f.0: [8086:a1cb] type 00 class 0x060100
[    1.752598] pci 0000:00:1f.2: [8086:a1a1] type 00 class 0x058000
[    1.752613] pci 0000:00:1f.2: reg 0x10: [mem 0x92df4000-0x92df7fff]
[    1.752857] pci 0000:00:1f.4: [8086:a1a3] type 00 class 0x0c0500
[    1.752876] pci 0000:00:1f.4: reg 0x10: [mem 0x92dfe000-0x92dfe0ff 64bit]
[    1.752900] pci 0000:00:1f.4: reg 0x20: [io  0x2000-0x201f]
[    1.752966] pci 0000:00:1f.5: [8086:a1a4] type 00 class 0x0c8000
[    1.752982] pci 0000:00:1f.5: reg 0x10: [mem 0xfe010000-0xfe010fff]
[    1.753113] pci 0000:00:1c.0: PCI bridge to [bus 01]
[    1.753164] pci 0000:02:00.0: [1556:be00] type 01 class 0x060400
[    1.753335] pci 0000:00:1c.4: PCI bridge to [bus 02-03]
[    1.753340] pci 0000:00:1c.4:   bridge window [mem 0x92000000-0x928fffff]
[    1.753344] pci 0000:00:1c.4:   bridge window [mem 0x91000000-0x91ffffff 64bit pref]
[    1.753376] pci_bus 0000:03: extended config space not accessible
[    1.753393] pci 0000:03:00.0: [102b:0536] type 00 class 0x030000
[    1.753413] pci 0000:03:00.0: reg 0x10: [mem 0x91000000-0x91ffffff pref]
[    1.753424] pci 0000:03:00.0: reg 0x14: [mem 0x92808000-0x9280bfff]
[    1.753434] pci 0000:03:00.0: reg 0x18: [mem 0x92000000-0x927fffff]
[    1.753482] pci 0000:03:00.0: BAR 0: assigned to efifb
[    1.753490] pci 0000:03:00.0: Video device with shadowed ROM at [mem 0x000c0000-0x000dffff]
[    1.753592] pci 0000:02:00.0: PCI bridge to [bus 03]
[    1.753600] pci 0000:02:00.0:   bridge window [mem 0x92000000-0x928fffff]
[    1.753606] pci 0000:02:00.0:   bridge window [mem 0x91000000-0x91ffffff 64bit pref]
[    1.753676] pci 0000:04:00.0: [14e4:165f] type 00 class 0x020000
[    1.753700] pci 0000:04:00.0: reg 0x10: [mem 0x92930000-0x9293ffff 64bit pref]
[    1.753716] pci 0000:04:00.0: reg 0x18: [mem 0x92940000-0x9294ffff 64bit pref]
[    1.753732] pci 0000:04:00.0: reg 0x20: [mem 0x92950000-0x9295ffff 64bit pref]
[    1.753742] pci 0000:04:00.0: reg 0x30: [mem 0xfffc0000-0xffffffff pref]
[    1.753837] pci 0000:04:00.0: PME# supported from D0 D3hot D3cold
[    1.753890] pci 0000:04:00.0: 4.000 Gb/s available PCIe bandwidth, limited by 5.0 GT/s PCIe x1 link at 0000:00:1c.5 (capable of 8.000 Gb/s with 5.0 GT/s PCIe x2 link)
[    1.754449] pci 0000:04:00.1: [14e4:165f] type 00 class 0x020000
[    1.754473] pci 0000:04:00.1: reg 0x10: [mem 0x92900000-0x9290ffff 64bit pref]
[    1.754489] pci 0000:04:00.1: reg 0x18: [mem 0x92910000-0x9291ffff 64bit pref]
[    1.754505] pci 0000:04:00.1: reg 0x20: [mem 0x92920000-0x9292ffff 64bit pref]
[    1.754516] pci 0000:04:00.1: reg 0x30: [mem 0xfffc0000-0xffffffff pref]
[    1.754611] pci 0000:04:00.1: PME# supported from D0 D3hot D3cold
[    1.755186] pci 0000:00:1c.5: PCI bridge to [bus 04]
[    1.755193] pci 0000:00:1c.5:   bridge window [mem 0x92900000-0x929fffff 64bit pref]
[    1.755207] pci_bus 0000:00: on NUMA node 0
[    1.755801] ACPI: PCI Root Bridge [PC01] (domain 0000 [bus 16-2f])
[    1.755805] acpi PNP0A08:01: _OSC: OS supports [ExtendedConfig ASPM ClockPM Segments MSI HPX-Type3]
[    1.770628] acpi PNP0A08:01: _OSC: platform does not support [SHPCHotplug AER]
[    1.770845] acpi PNP0A08:01: _OSC: OS now controls [PCIeHotplug PME PCIeCapability LTR]
[    1.770846] acpi PNP0A08:01: FADT indicates ASPM is unsupported, using BIOS configuration
[    1.770981] PCI host bridge to bus 0000:16
[    1.770982] pci_bus 0000:16: root bus resource [io  0x5000-0x6fff window]
[    1.770984] pci_bus 0000:16: root bus resource [mem 0x9b800000-0xa63fffff window]
[    1.770985] pci_bus 0000:16: root bus resource [mem 0x210000000000-0x21ffffffffff window]
[    1.770987] pci_bus 0000:16: root bus resource [bus 16-2f]
[    1.770997] pci 0000:16:00.0: [8086:09a2] type 00 class 0x088000
[    1.771069] pci 0000:16:00.1: [8086:09a4] type 00 class 0x088000
[    1.771134] pci 0000:16:00.2: [8086:09a3] type 00 class 0x088000
[    1.771197] pci 0000:16:00.4: [8086:0998] type 00 class 0x060000
[    1.771269] pci 0000:16:02.0: [8086:347a] type 01 class 0x060400
[    1.771279] pci 0000:16:02.0: reg 0x10: [mem 0x21fffff00000-0x21fffff1ffff 64bit]
[    1.771317] pci 0000:16:02.0: PME# supported from D0 D3hot D3cold
[    1.772277] pci 0000:17:00.0: [1000:10e2] type 00 class 0x010400
[    1.772290] pci 0000:17:00.0: reg 0x10: [mem 0x9b800000-0x9b8fffff 64bit pref]
[    1.772298] pci 0000:17:00.0: reg 0x18: [mem 0x9b900000-0x9b9fffff 64bit pref]
[    1.772304] pci 0000:17:00.0: reg 0x20: [mem 0x9ba00000-0x9bafffff]
[    1.772310] pci 0000:17:00.0: reg 0x24: [io  0x5000-0x50ff]
[    1.772316] pci 0000:17:00.0: reg 0x30: [mem 0xfff00000-0xffffffff pref]
[    1.773434] pci 0000:17:00.0: supports D1 D2
[    1.773502] pci 0000:16:02.0: PCI bridge to [bus 17]
[    1.773504] pci 0000:16:02.0:   bridge window [io  0x5000-0x5fff]
[    1.773506] pci 0000:16:02.0:   bridge window [mem 0x9ba00000-0x9bafffff]
[    1.773509] pci 0000:16:02.0:   bridge window [mem 0x9b800000-0x9b9fffff 64bit pref]
[    1.773515] pci_bus 0000:16: on NUMA node 0
[    1.773592] ACPI: PCI Root Bridge [PC02] (domain 0000 [bus 30-49])
[    1.773595] acpi PNP0A08:02: _OSC: OS supports [ExtendedConfig ASPM ClockPM Segments MSI HPX-Type3]
[    1.788041] acpi PNP0A08:02: _OSC: platform does not support [SHPCHotplug AER]
[    1.788256] acpi PNP0A08:02: _OSC: OS now controls [PCIeHotplug PME PCIeCapability LTR]
[    1.788257] acpi PNP0A08:02: FADT indicates ASPM is unsupported, using BIOS configuration
[    1.788380] PCI host bridge to bus 0000:30
[    1.788381] pci_bus 0000:30: root bus resource [io  0x7000-0x8fff window]
[    1.788383] pci_bus 0000:30: root bus resource [mem 0xa6400000-0xb0ffffff window]
[    1.788384] pci_bus 0000:30: root bus resource [mem 0x220000000000-0x22ffffffffff window]
[    1.788386] pci_bus 0000:30: root bus resource [bus 30-49]
[    1.788396] pci 0000:30:00.0: [8086:09a2] type 00 class 0x088000
[    1.788463] pci 0000:30:00.1: [8086:09a4] type 00 class 0x088000
[    1.788525] pci 0000:30:00.2: [8086:09a3] type 00 class 0x088000
[    1.788588] pci 0000:30:00.4: [8086:0998] type 00 class 0x060000
[    1.788656] pci_bus 0000:30: on NUMA node 0
[    1.788760] ACPI: PCI Root Bridge [PC04] (domain 0000 [bus 4a-63])
[    1.788763] acpi PNP0A08:04: _OSC: OS supports [ExtendedConfig ASPM ClockPM Segments MSI HPX-Type3]
[    1.803168] acpi PNP0A08:04: _OSC: platform does not support [SHPCHotplug AER]
[    1.803381] acpi PNP0A08:04: _OSC: OS now controls [PCIeHotplug PME PCIeCapability LTR]
[    1.803382] acpi PNP0A08:04: FADT indicates ASPM is unsupported, using BIOS configuration
[    1.803512] PCI host bridge to bus 0000:4a
[    1.803513] pci_bus 0000:4a: root bus resource [io  0x9000-0x9fff window]
[    1.803515] pci_bus 0000:4a: root bus resource [mem 0xb1000000-0xbbbfffff window]
[    1.803516] pci_bus 0000:4a: root bus resource [mem 0x230000000000-0x23ffffffffff window]
[    1.803517] pci_bus 0000:4a: root bus resource [bus 4a-63]
[    1.803527] pci 0000:4a:00.0: [8086:09a2] type 00 class 0x088000
[    1.803592] pci 0000:4a:00.1: [8086:09a4] type 00 class 0x088000
[    1.803659] pci 0000:4a:00.2: [8086:09a3] type 00 class 0x088000
[    1.803722] pci 0000:4a:00.4: [8086:0998] type 00 class 0x060000
[    1.803791] pci_bus 0000:4a: on NUMA node 0
[    1.803865] ACPI: PCI Root Bridge [PC05] (domain 0000 [bus 64-7d])
[    1.803868] acpi PNP0A08:05: _OSC: OS supports [ExtendedConfig ASPM ClockPM Segments MSI HPX-Type3]
[    1.818306] acpi PNP0A08:05: _OSC: platform does not support [SHPCHotplug AER]
[    1.818518] acpi PNP0A08:05: _OSC: OS now controls [PCIeHotplug PME PCIeCapability LTR]
[    1.818519] acpi PNP0A08:05: FADT indicates ASPM is unsupported, using BIOS configuration
[    1.818639] PCI host bridge to bus 0000:64
[    1.818640] pci_bus 0000:64: root bus resource [io  0xa000-0xafff window]
[    1.818641] pci_bus 0000:64: root bus resource [mem 0xbbc00000-0xc5ffffff window]
[    1.818643] pci_bus 0000:64: root bus resource [mem 0x240000000000-0x24ffffffffff window]
[    1.818644] pci_bus 0000:64: root bus resource [bus 64-7d]
[    1.818653] pci 0000:64:00.0: [8086:09a2] type 00 class 0x088000
[    1.818717] pci 0000:64:00.1: [8086:09a4] type 00 class 0x088000
[    1.818778] pci 0000:64:00.2: [8086:09a3] type 00 class 0x088000
[    1.818840] pci 0000:64:00.4: [8086:0998] type 00 class 0x060000
[    1.818909] pci_bus 0000:64: on NUMA node 0
[    1.818976] ACPI: PCI Root Bridge [UC06] (domain 0000 [bus 7e])
[    1.818979] acpi PNP0A03:00: _OSC: OS supports [ExtendedConfig ASPM ClockPM Segments MSI HPX-Type3]
[    1.819076] acpi PNP0A03:00: _OSC: platform does not support [SHPCHotplug AER LTR]
[    1.819256] acpi PNP0A03:00: _OSC: OS now controls [PCIeHotplug PME PCIeCapability]
[    1.819257] acpi PNP0A03:00: FADT indicates ASPM is unsupported, using BIOS configuration
[    1.819392] PCI host bridge to bus 0000:7e
[    1.819393] pci_bus 0000:7e: root bus resource [bus 7e]
[    1.819402] pci 0000:7e:00.0: [8086:3450] type 00 class 0x088000
[    1.819477] pci 0000:7e:00.1: [8086:3451] type 00 class 0x088000
[    1.819538] pci 0000:7e:00.2: [8086:3452] type 00 class 0x088000
[    1.819608] pci 0000:7e:00.3: [8086:0998] type 00 class 0x060000
[    1.819663] pci 0000:7e:00.5: [8086:3455] type 00 class 0x088000
[    1.819728] pci 0000:7e:02.0: [8086:3440] type 00 class 0x088000
[    1.819855] pci 0000:7e:02.1: [8086:3441] type 00 class 0x088000
[    1.819962] pci 0000:7e:02.2: [8086:3442] type 00 class 0x088000
[    1.820069] pci 0000:7e:03.0: [8086:3440] type 00 class 0x088000
[    1.820160] pci 0000:7e:03.1: [8086:3441] type 00 class 0x088000
[    1.820239] pci 0000:7e:03.2: [8086:3442] type 00 class 0x088000
[    1.820320] pci 0000:7e:04.0: [8086:3440] type 00 class 0x088000
[    1.820438] pci 0000:7e:04.1: [8086:3441] type 00 class 0x088000
[    1.820553] pci 0000:7e:04.2: [8086:3442] type 00 class 0x088000
[    1.820668] pci 0000:7e:04.3: [8086:3443] type 00 class 0x088000
[    1.820787] pci 0000:7e:05.0: [8086:3445] type 00 class 0x088000
[    1.820913] pci 0000:7e:05.1: [8086:3446] type 00 class 0x088000
[    1.821023] pci 0000:7e:05.2: [8086:3447] type 00 class 0x088000
[    1.821136] pci 0000:7e:06.0: [8086:3445] type 00 class 0x088000
[    1.821229] pci 0000:7e:06.1: [8086:3446] type 00 class 0x088000
[    1.821306] pci 0000:7e:06.2: [8086:3447] type 00 class 0x088000
[    1.821390] pci 0000:7e:07.0: [8086:3445] type 00 class 0x088000
[    1.821525] pci 0000:7e:07.1: [8086:3446] type 00 class 0x088000
[    1.821643] pci 0000:7e:07.2: [8086:3447] type 00 class 0x088000
[    1.821759] pci 0000:7e:0b.0: [8086:3448] type 00 class 0x088000
[    1.821836] pci 0000:7e:0b.1: [8086:3448] type 00 class 0x088000
[    1.821903] pci 0000:7e:0b.2: [8086:344b] type 00 class 0x088000
[    1.821971] pci 0000:7e:0c.0: [8086:344a] type 00 class 0x110100
[    1.822073] pci 0000:7e:0d.0: [8086:344a] type 00 class 0x110100
[    1.822174] pci 0000:7e:0e.0: [8086:344a] type 00 class 0x110100
[    1.822318] pci 0000:7e:0f.0: [8086:344a] type 00 class 0x110100
[    1.822472] pci 0000:7e:1a.0: [8086:2880] type 00 class 0x110100
[    1.822571] pci 0000:7e:1b.0: [8086:2880] type 00 class 0x110100
[    1.822669] pci 0000:7e:1c.0: [8086:2880] type 00 class 0x110100
[    1.822824] pci 0000:7e:1d.0: [8086:2880] type 00 class 0x110100
[    1.822970] pci_bus 0000:7e: on NUMA node 0
[    1.823057] ACPI: PCI Root Bridge [UC07] (domain 0000 [bus 7f])
[    1.823060] acpi PNP0A03:01: _OSC: OS supports [ExtendedConfig ASPM ClockPM Segments MSI HPX-Type3]
[    1.823162] acpi PNP0A03:01: _OSC: platform does not support [SHPCHotplug AER LTR]
[    1.823344] acpi PNP0A03:01: _OSC: OS now controls [PCIeHotplug PME PCIeCapability]
[    1.823345] acpi PNP0A03:01: FADT indicates ASPM is unsupported, using BIOS configuration
[    1.823493] PCI host bridge to bus 0000:7f
[    1.823494] pci_bus 0000:7f: root bus resource [bus 7f]
[    1.823508] pci 0000:7f:00.0: [8086:344c] type 00 class 0x088000
[    1.823619] pci 0000:7f:00.1: [8086:344c] type 00 class 0x088000
[    1.823730] pci 0000:7f:00.2: [8086:344c] type 00 class 0x088000
[    1.823841] pci 0000:7f:00.3: [8086:344c] type 00 class 0x088000
[    1.823930] pci 0000:7f:00.4: [8086:344c] type 00 class 0x088000
[    1.824050] pci 0000:7f:00.5: [8086:344c] type 00 class 0x088000
[    1.824165] pci 0000:7f:00.6: [8086:344c] type 00 class 0x088000
[    1.824248] pci 0000:7f:00.7: [8086:344c] type 00 class 0x088000
[    1.824330] pci 0000:7f:01.0: [8086:344c] type 00 class 0x088000
[    1.824471] pci 0000:7f:01.1: [8086:344c] type 00 class 0x088000
[    1.824590] pci 0000:7f:01.2: [8086:344c] type 00 class 0x088000
[    1.824670] pci 0000:7f:01.3: [8086:344c] type 00 class 0x088000
[    1.824800] pci 0000:7f:01.4: [8086:344c] type 00 class 0x088000
[    1.824932] pci 0000:7f:01.5: [8086:344c] type 00 class 0x088000
[    1.825067] pci 0000:7f:01.6: [8086:344c] type 00 class 0x088000
[    1.825192] pci 0000:7f:01.7: [8086:344c] type 00 class 0x088000
[    1.825320] pci 0000:7f:02.0: [8086:344c] type 00 class 0x088000
[    1.825463] pci 0000:7f:02.1: [8086:344c] type 00 class 0x088000
[    1.825595] pci 0000:7f:02.2: [8086:344c] type 00 class 0x088000
[    1.825725] pci 0000:7f:02.3: [8086:344c] type 00 class 0x088000
[    1.825863] pci 0000:7f:02.4: [8086:344c] type 00 class 0x088000
[    1.825999] pci 0000:7f:02.5: [8086:344c] type 00 class 0x088000
[    1.826136] pci 0000:7f:02.6: [8086:344c] type 00 class 0x088000
[    1.826288] pci 0000:7f:02.7: [8086:344c] type 00 class 0x088000
[    1.826434] pci 0000:7f:03.0: [8086:344c] type 00 class 0x088000
[    1.826594] pci 0000:7f:03.1: [8086:344c] type 00 class 0x088000
[    1.826745] pci 0000:7f:03.2: [8086:344c] type 00 class 0x088000
[    1.826894] pci 0000:7f:03.3: [8086:344c] type 00 class 0x088000
[    1.827060] pci 0000:7f:0a.0: [8086:344d] type 00 class 0x088000
[    1.827172] pci 0000:7f:0a.1: [8086:344d] type 00 class 0x088000
[    1.827282] pci 0000:7f:0a.2: [8086:344d] type 00 class 0x088000
[    1.827397] pci 0000:7f:0a.3: [8086:344d] type 00 class 0x088000
[    1.827486] pci 0000:7f:0a.4: [8086:344d] type 00 class 0x088000
[    1.827604] pci 0000:7f:0a.5: [8086:344d] type 00 class 0x088000
[    1.827722] pci 0000:7f:0a.6: [8086:344d] type 00 class 0x088000
[    1.827799] pci 0000:7f:0a.7: [8086:344d] type 00 class 0x088000
[    1.827881] pci 0000:7f:0b.0: [8086:344d] type 00 class 0x088000
[    1.828025] pci 0000:7f:0b.1: [8086:344d] type 00 class 0x088000
[    1.828143] pci 0000:7f:0b.2: [8086:344d] type 00 class 0x088000
[    1.828228] pci 0000:7f:0b.3: [8086:344d] type 00 class 0x088000
[    1.828360] pci 0000:7f:0b.4: [8086:344d] type 00 class 0x088000
[    1.828492] pci 0000:7f:0b.5: [8086:344d] type 00 class 0x088000
[    1.828627] pci 0000:7f:0b.6: [8086:344d] type 00 class 0x088000
[    1.828747] pci 0000:7f:0b.7: [8086:344d] type 00 class 0x088000
[    1.828874] pci 0000:7f:0c.0: [8086:344d] type 00 class 0x088000
[    1.829019] pci 0000:7f:0c.1: [8086:344d] type 00 class 0x088000
[    1.829150] pci 0000:7f:0c.2: [8086:344d] type 00 class 0x088000
[    1.829287] pci 0000:7f:0c.3: [8086:344d] type 00 class 0x088000
[    1.829425] pci 0000:7f:0c.4: [8086:344d] type 00 class 0x088000
[    1.829562] pci 0000:7f:0c.5: [8086:344d] type 00 class 0x088000
[    1.829699] pci 0000:7f:0c.6: [8086:344d] type 00 class 0x088000
[    1.829845] pci 0000:7f:0c.7: [8086:344d] type 00 class 0x088000
[    1.829991] pci 0000:7f:0d.0: [8086:344d] type 00 class 0x088000
[    1.830157] pci 0000:7f:0d.1: [8086:344d] type 00 class 0x088000
[    1.830308] pci 0000:7f:0d.2: [8086:344d] type 00 class 0x088000
[    1.830462] pci 0000:7f:0d.3: [8086:344d] type 00 class 0x088000
[    1.830631] pci 0000:7f:1d.0: [8086:344f] type 00 class 0x088000
[    1.830753] pci 0000:7f:1d.1: [8086:3457] type 00 class 0x088000
[    1.830858] pci 0000:7f:1e.0: [8086:3458] type 00 class 0x088000
[    1.830938] pci 0000:7f:1e.1: [8086:3459] type 00 class 0x088000
[    1.831000] pci 0000:7f:1e.2: [8086:345a] type 00 class 0x088000
[    1.831063] pci 0000:7f:1e.3: [8086:345b] type 00 class 0x088000
[    1.831125] pci 0000:7f:1e.4: [8086:345c] type 00 class 0x088000
[    1.831191] pci 0000:7f:1e.5: [8086:345d] type 00 class 0x088000
[    1.831251] pci 0000:7f:1e.6: [8086:345e] type 00 class 0x088000
[    1.831313] pci 0000:7f:1e.7: [8086:345f] type 00 class 0x088000
[    1.831371] pci_bus 0000:7f: on NUMA node 0
[    1.831478] ACPI: PCI Root Bridge [PC06] (domain 0000 [bus 80])
[    1.831480] acpi PNP0A08:06: _OSC: OS supports [ExtendedConfig ASPM ClockPM Segments MSI HPX-Type3]
[    1.845912] acpi PNP0A08:06: _OSC: platform does not support [SHPCHotplug AER]
[    1.846125] acpi PNP0A08:06: _OSC: OS now controls [PCIeHotplug PME PCIeCapability LTR]
[    1.846127] acpi PNP0A08:06: FADT indicates ASPM is unsupported, using BIOS configuration
[    1.846276] PCI host bridge to bus 0000:80
[    1.846277] pci_bus 0000:80: root bus resource [io  0xb000-0xbfff window]
[    1.846279] pci_bus 0000:80: root bus resource [mem 0xc6800000-0xd0ffffff window]
[    1.846280] pci_bus 0000:80: root bus resource [mem 0x250000000000-0x25ffffffffff window]
[    1.846282] pci_bus 0000:80: root bus resource [bus 80]
[    1.846292] pci 0000:80:00.0: [8086:09a2] type 00 class 0x088000
[    1.846380] pci 0000:80:00.1: [8086:09a4] type 00 class 0x088000
[    1.846449] pci 0000:80:00.2: [8086:09a3] type 00 class 0x088000
[    1.846519] pci 0000:80:00.4: [8086:0998] type 00 class 0x060000
[    1.846590] pci 0000:80:02.0: [8086:09a6] type 00 class 0x088000
[    1.846598] pci 0000:80:02.0: reg 0x10: [mem 0xc6aa4000-0xc6aa5fff]
[    1.846664] pci 0000:80:02.1: [8086:09a7] type 00 class 0x088000
[    1.846673] pci 0000:80:02.1: reg 0x10: [mem 0xc6a00000-0xc6a7ffff]
[    1.846678] pci 0000:80:02.1: reg 0x14: [mem 0xc6980000-0xc69fffff]
[    1.846733] pci 0000:80:02.4: [8086:3456] type 00 class 0x130000
[    1.846744] pci 0000:80:02.4: reg 0x10: [mem 0xc6800000-0xc68fffff 64bit]
[    1.846751] pci 0000:80:02.4: reg 0x18: [mem 0xc6aa0000-0xc6aa3fff 64bit]
[    1.846759] pci 0000:80:02.4: reg 0x20: [mem 0xc6a80000-0xc6a9ffff 64bit]
[    1.846825] pci_bus 0000:80: on NUMA node 1
[    1.846904] ACPI: PCI Root Bridge [PC07] (domain 0000 [bus 81])
[    1.846907] acpi PNP0A08:07: _OSC: OS supports [ExtendedConfig ASPM ClockPM Segments MSI HPX-Type3]
[    1.861330] acpi PNP0A08:07: _OSC: platform does not support [SHPCHotplug AER]
[    1.861544] acpi PNP0A08:07: _OSC: OS now controls [PCIeHotplug PME PCIeCapability LTR]
[    1.861545] acpi PNP0A08:07: FADT indicates ASPM is unsupported, using BIOS configuration
[    1.861666] PCI host bridge to bus 0000:81
[    1.861667] pci_bus 0000:81: root bus resource [io  0xc000-0xcfff window]
[    1.861668] pci_bus 0000:81: root bus resource [mem 0xd1000000-0xdbbfffff window]
[    1.861669] pci_bus 0000:81: root bus resource [mem 0x260000000000-0x26ffffffffff window]
[    1.861671] pci_bus 0000:81: root bus resource [bus 81]
[    1.861681] pci 0000:81:00.0: [8086:09a2] type 00 class 0x088000
[    1.861749] pci 0000:81:00.1: [8086:09a4] type 00 class 0x088000
[    1.861817] pci 0000:81:00.2: [8086:09a3] type 00 class 0x088000
[    1.861887] pci 0000:81:00.4: [8086:0998] type 00 class 0x060000
[    1.861965] pci_bus 0000:81: on NUMA node 1
[    1.862038] ACPI: PCI Root Bridge [PC08] (domain 0000 [bus 82])
[    1.862041] acpi PNP0A08:08: _OSC: OS supports [ExtendedConfig ASPM ClockPM Segments MSI HPX-Type3]
[    1.876478] acpi PNP0A08:08: _OSC: platform does not support [SHPCHotplug AER]
[    1.876690] acpi PNP0A08:08: _OSC: OS now controls [PCIeHotplug PME PCIeCapability LTR]
[    1.876692] acpi PNP0A08:08: FADT indicates ASPM is unsupported, using BIOS configuration
[    1.876811] PCI host bridge to bus 0000:82
[    1.876812] pci_bus 0000:82: root bus resource [io  0xd000-0xdfff window]
[    1.876813] pci_bus 0000:82: root bus resource [mem 0xdbc00000-0xe67fffff window]
[    1.876815] pci_bus 0000:82: root bus resource [mem 0x270000000000-0x27ffffffffff window]
[    1.876816] pci_bus 0000:82: root bus resource [bus 82]
[    1.876826] pci 0000:82:00.0: [8086:09a2] type 00 class 0x088000
[    1.876897] pci 0000:82:00.1: [8086:09a4] type 00 class 0x088000
[    1.876971] pci 0000:82:00.2: [8086:09a3] type 00 class 0x088000
[    1.877039] pci 0000:82:00.4: [8086:0998] type 00 class 0x060000
[    1.877117] pci_bus 0000:82: on NUMA node 1
[    1.877220] ACPI: PCI Root Bridge [PC10] (domain 0000 [bus 83-f9])
[    1.877222] acpi PNP0A08:0a: _OSC: OS supports [ExtendedConfig ASPM ClockPM Segments MSI HPX-Type3]
[    1.891681] acpi PNP0A08:0a: _OSC: platform does not support [SHPCHotplug AER]
[    1.891900] acpi PNP0A08:0a: _OSC: OS now controls [PCIeHotplug PME PCIeCapability LTR]
[    1.891901] acpi PNP0A08:0a: FADT indicates ASPM is unsupported, using BIOS configuration
[    1.892030] PCI host bridge to bus 0000:83
[    1.892031] pci_bus 0000:83: root bus resource [io  0xe000-0xefff window]
[    1.892032] pci_bus 0000:83: root bus resource [mem 0xe6800000-0xf13fffff window]
[    1.892034] pci_bus 0000:83: root bus resource [mem 0x280000000000-0x28ffffffffff window]
[    1.892035] pci_bus 0000:83: root bus resource [bus 83-f9]
[    1.892045] pci 0000:83:00.0: [8086:09a2] type 00 class 0x088000
[    1.892116] pci 0000:83:00.1: [8086:09a4] type 00 class 0x088000
[    1.892184] pci 0000:83:00.2: [8086:09a3] type 00 class 0x088000
[    1.892254] pci 0000:83:00.4: [8086:0998] type 00 class 0x060000
[    1.892333] pci_bus 0000:83: on NUMA node 1
[    1.892407] ACPI: PCI Root Bridge [PC11] (domain 0000 [bus fa])
[    1.892409] acpi PNP0A08:0b: _OSC: OS supports [ExtendedConfig ASPM ClockPM Segments MSI HPX-Type3]
[    1.906810] acpi PNP0A08:0b: _OSC: platform does not support [SHPCHotplug AER]
[    1.907022] acpi PNP0A08:0b: _OSC: OS now controls [PCIeHotplug PME PCIeCapability LTR]
[    1.907023] acpi PNP0A08:0b: FADT indicates ASPM is unsupported, using BIOS configuration
[    1.907144] PCI host bridge to bus 0000:fa
[    1.907145] pci_bus 0000:fa: root bus resource [io  0xf000-0xffff window]
[    1.907146] pci_bus 0000:fa: root bus resource [mem 0xf1400000-0xfb7fffff window]
[    1.907147] pci_bus 0000:fa: root bus resource [mem 0x290000000000-0x29ffffffffff window]
[    1.907149] pci_bus 0000:fa: root bus resource [bus fa]
[    1.907159] pci 0000:fa:00.0: [8086:09a2] type 00 class 0x088000
[    1.907228] pci 0000:fa:00.1: [8086:09a4] type 00 class 0x088000
[    1.907302] pci 0000:fa:00.2: [8086:09a3] type 00 class 0x088000
[    1.907372] pci 0000:fa:00.4: [8086:0998] type 00 class 0x060000
[    1.907451] pci_bus 0000:fa: on NUMA node 1
[    1.907519] ACPI: PCI Root Bridge [UC16] (domain 0000 [bus fe])
[    1.907522] acpi PNP0A03:02: _OSC: OS supports [ExtendedConfig ASPM ClockPM Segments MSI HPX-Type3]
[    1.907620] acpi PNP0A03:02: _OSC: platform does not support [SHPCHotplug AER LTR]
[    1.907803] acpi PNP0A03:02: _OSC: OS now controls [PCIeHotplug PME PCIeCapability]
[    1.907804] acpi PNP0A03:02: FADT indicates ASPM is unsupported, using BIOS configuration
[    1.907936] PCI host bridge to bus 0000:fe
[    1.907937] pci_bus 0000:fe: root bus resource [bus fe]
[    1.907946] pci 0000:fe:00.0: [8086:3450] type 00 class 0x088000
[    1.908022] pci 0000:fe:00.1: [8086:3451] type 00 class 0x088000
[    1.908081] pci 0000:fe:00.2: [8086:3452] type 00 class 0x088000
[    1.908139] pci 0000:fe:00.3: [8086:0998] type 00 class 0x060000
[    1.908199] pci 0000:fe:00.5: [8086:3455] type 00 class 0x088000
[    1.908266] pci 0000:fe:02.0: [8086:3440] type 00 class 0x088000
[    1.908405] pci 0000:fe:02.1: [8086:3441] type 00 class 0x088000
[    1.908517] pci 0000:fe:02.2: [8086:3442] type 00 class 0x088000
[    1.908628] pci 0000:fe:03.0: [8086:3440] type 00 class 0x088000
[    1.908726] pci 0000:fe:03.1: [8086:3441] type 00 class 0x088000
[    1.908812] pci 0000:fe:03.2: [8086:3442] type 00 class 0x088000
[    1.908898] pci 0000:fe:04.0: [8086:3440] type 00 class 0x088000
[    1.909022] pci 0000:fe:04.1: [8086:3441] type 00 class 0x088000
[    1.909145] pci 0000:fe:04.2: [8086:3442] type 00 class 0x088000
[    1.909270] pci 0000:fe:04.3: [8086:3443] type 00 class 0x088000
[    1.909394] pci 0000:fe:05.0: [8086:3445] type 00 class 0x088000
[    1.909526] pci 0000:fe:05.1: [8086:3446] type 00 class 0x088000
[    1.909644] pci 0000:fe:05.2: [8086:3447] type 00 class 0x088000
[    1.909758] pci 0000:fe:06.0: [8086:3445] type 00 class 0x088000
[    1.909855] pci 0000:fe:06.1: [8086:3446] type 00 class 0x088000
[    1.909937] pci 0000:fe:06.2: [8086:3447] type 00 class 0x088000
[    1.910029] pci 0000:fe:07.0: [8086:3445] type 00 class 0x088000
[    1.910174] pci 0000:fe:07.1: [8086:3446] type 00 class 0x088000
[    1.910297] pci 0000:fe:07.2: [8086:3447] type 00 class 0x088000
[    1.910417] pci 0000:fe:0b.0: [8086:3448] type 00 class 0x088000
[    1.910498] pci 0000:fe:0b.1: [8086:3448] type 00 class 0x088000
[    1.910563] pci 0000:fe:0b.2: [8086:344b] type 00 class 0x088000
[    1.910636] pci 0000:fe:0c.0: [8086:344a] type 00 class 0x110100
[    1.910744] pci 0000:fe:0d.0: [8086:344a] type 00 class 0x110100
[    1.910849] pci 0000:fe:0e.0: [8086:344a] type 00 class 0x110100
[    1.911005] pci 0000:fe:0f.0: [8086:344a] type 00 class 0x110100
[    1.911165] pci 0000:fe:1a.0: [8086:2880] type 00 class 0x110100
[    1.911271] pci 0000:fe:1b.0: [8086:2880] type 00 class 0x110100
[    1.911373] pci 0000:fe:1c.0: [8086:2880] type 00 class 0x110100
[    1.911529] pci 0000:fe:1d.0: [8086:2880] type 00 class 0x110100
[    1.911681] pci_bus 0000:fe: on NUMA node 1
[    1.911764] ACPI: PCI Root Bridge [UC17] (domain 0000 [bus ff])
[    1.911767] acpi PNP0A03:03: _OSC: OS supports [ExtendedConfig ASPM ClockPM Segments MSI HPX-Type3]
[    1.911867] acpi PNP0A03:03: _OSC: platform does not support [SHPCHotplug AER LTR]
[    1.912047] acpi PNP0A03:03: _OSC: OS now controls [PCIeHotplug PME PCIeCapability]
[    1.912048] acpi PNP0A03:03: FADT indicates ASPM is unsupported, using BIOS configuration
[    1.912197] PCI host bridge to bus 0000:ff
[    1.912198] pci_bus 0000:ff: root bus resource [bus ff]
[    1.912212] pci 0000:ff:00.0: [8086:344c] type 00 class 0x088000
[    1.912332] pci 0000:ff:00.1: [8086:344c] type 00 class 0x088000
[    1.912445] pci 0000:ff:00.2: [8086:344c] type 00 class 0x088000
[    1.912549] pci 0000:ff:00.3: [8086:344c] type 00 class 0x088000
[    1.912668] pci 0000:ff:00.4: [8086:344c] type 00 class 0x088000
[    1.912784] pci 0000:ff:00.5: [8086:344c] type 00 class 0x088000
[    1.912878] pci 0000:ff:00.6: [8086:344c] type 00 class 0x088000
[    1.913003] pci 0000:ff:00.7: [8086:344c] type 00 class 0x088000
[    1.913130] pci 0000:ff:01.0: [8086:344c] type 00 class 0x088000
[    1.913277] pci 0000:ff:01.1: [8086:344c] type 00 class 0x088000
[    1.913400] pci 0000:ff:01.2: [8086:344c] type 00 class 0x088000
[    1.913488] pci 0000:ff:01.3: [8086:344c] type 00 class 0x088000
[    1.913624] pci 0000:ff:01.4: [8086:344c] type 00 class 0x088000
[    1.913761] pci 0000:ff:01.5: [8086:344c] type 00 class 0x088000
[    1.913900] pci 0000:ff:01.6: [8086:344c] type 00 class 0x088000
[    1.914026] pci 0000:ff:01.7: [8086:344c] type 00 class 0x088000
[    1.914159] pci 0000:ff:02.0: [8086:344c] type 00 class 0x088000
[    1.914311] pci 0000:ff:02.1: [8086:344c] type 00 class 0x088000
[    1.914441] pci 0000:ff:02.2: [8086:344c] type 00 class 0x088000
[    1.914585] pci 0000:ff:02.3: [8086:344c] type 00 class 0x088000
[    1.914720] pci 0000:ff:02.4: [8086:344c] type 00 class 0x088000
[    1.914856] pci 0000:ff:02.5: [8086:344c] type 00 class 0x088000
[    1.915001] pci 0000:ff:02.6: [8086:344c] type 00 class 0x088000
[    1.915144] pci 0000:ff:02.7: [8086:344c] type 00 class 0x088000
[    1.915296] pci 0000:ff:03.0: [8086:344c] type 00 class 0x088000
[    1.915462] pci 0000:ff:03.1: [8086:344c] type 00 class 0x088000
[    1.915610] pci 0000:ff:03.2: [8086:344c] type 00 class 0x088000
[    1.915774] pci 0000:ff:03.3: [8086:344c] type 00 class 0x088000
[    1.915938] pci 0000:ff:0a.0: [8086:344d] type 00 class 0x088000
[    1.916058] pci 0000:ff:0a.1: [8086:344d] type 00 class 0x088000
[    1.916171] pci 0000:ff:0a.2: [8086:344d] type 00 class 0x088000
[    1.916269] pci 0000:ff:0a.3: [8086:344d] type 00 class 0x088000
[    1.916388] pci 0000:ff:0a.4: [8086:344d] type 00 class 0x088000
[    1.916505] pci 0000:ff:0a.5: [8086:344d] type 00 class 0x088000
[    1.916599] pci 0000:ff:0a.6: [8086:344d] type 00 class 0x088000
[    1.916729] pci 0000:ff:0a.7: [8086:344d] type 00 class 0x088000
[    1.916856] pci 0000:ff:0b.0: [8086:344d] type 00 class 0x088000
[    1.917002] pci 0000:ff:0b.1: [8086:344d] type 00 class 0x088000
[    1.917126] pci 0000:ff:0b.2: [8086:344d] type 00 class 0x088000
[    1.917209] pci 0000:ff:0b.3: [8086:344d] type 00 class 0x088000
[    1.917346] pci 0000:ff:0b.4: [8086:344d] type 00 class 0x088000
[    1.917483] pci 0000:ff:0b.5: [8086:344d] type 00 class 0x088000
[    1.917623] pci 0000:ff:0b.6: [8086:344d] type 00 class 0x088000
[    1.917754] pci 0000:ff:0b.7: [8086:344d] type 00 class 0x088000
[    1.917887] pci 0000:ff:0c.0: [8086:344d] type 00 class 0x088000
[    1.918035] pci 0000:ff:0c.1: [8086:344d] type 00 class 0x088000
[    1.918167] pci 0000:ff:0c.2: [8086:344d] type 00 class 0x088000
[    1.918306] pci 0000:ff:0c.3: [8086:344d] type 00 class 0x088000
[    1.918441] pci 0000:ff:0c.4: [8086:344d] type 00 class 0x088000
[    1.918578] pci 0000:ff:0c.5: [8086:344d] type 00 class 0x088000
[    1.918724] pci 0000:ff:0c.6: [8086:344d] type 00 class 0x088000
[    1.918877] pci 0000:ff:0c.7: [8086:344d] type 00 class 0x088000
[    1.919029] pci 0000:ff:0d.0: [8086:344d] type 00 class 0x088000
[    1.919195] pci 0000:ff:0d.1: [8086:344d] type 00 class 0x088000
[    1.919344] pci 0000:ff:0d.2: [8086:344d] type 00 class 0x088000
[    1.919505] pci 0000:ff:0d.3: [8086:344d] type 00 class 0x088000
[    1.919679] pci 0000:ff:1d.0: [8086:344f] type 00 class 0x088000
[    1.919809] pci 0000:ff:1d.1: [8086:3457] type 00 class 0x088000
[    1.919920] pci 0000:ff:1e.0: [8086:3458] type 00 class 0x088000
[    1.920006] pci 0000:ff:1e.1: [8086:3459] type 00 class 0x088000
[    1.920074] pci 0000:ff:1e.2: [8086:345a] type 00 class 0x088000
[    1.920138] pci 0000:ff:1e.3: [8086:345b] type 00 class 0x088000
[    1.920202] pci 0000:ff:1e.4: [8086:345c] type 00 class 0x088000
[    1.920266] pci 0000:ff:1e.5: [8086:345d] type 00 class 0x088000
[    1.920330] pci 0000:ff:1e.6: [8086:345e] type 00 class 0x088000
[    1.920395] pci 0000:ff:1e.7: [8086:345f] type 00 class 0x088000
[    1.920457] pci_bus 0000:ff: on NUMA node 1
[    1.923508] iommu: Default domain type: Translated 
[    1.923508] iommu: DMA domain TLB invalidation policy: lazy mode 
[    1.923696] SCSI subsystem initialized
[    1.923731] libata version 3.00 loaded.
[    1.923731] ACPI: bus type USB registered
[    1.923731] usbcore: registered new interface driver usbfs
[    1.923731] usbcore: registered new interface driver hub
[    1.923731] usbcore: registered new device driver usb
[    1.923731] pps_core: LinuxPPS API ver. 1 registered
[    1.923731] pps_core: Software ver. 5.3.6 - Copyright 2005-2007 Rodolfo Giometti <giometti@linux.it>
[    1.923731] PTP clock support registered
[    1.923731] EDAC MC: Ver: 3.0.0
[    1.924175] Registered efivars operations
[    1.924175] NetLabel: Initializing
[    1.924175] NetLabel:  domain hash size = 128
[    1.924175] NetLabel:  protocols = UNLABELED CIPSOv4 CALIPSO
[    1.924175] NetLabel:  unlabeled traffic allowed by default
[    1.924175] PCI: Using ACPI for IRQ routing
[    1.926483] PCI: pci_cache_line_size set to 64 bytes
[    1.927043] e820: reserve RAM buffer [mem 0x0008f000-0x0008ffff]
[    1.927046] e820: reserve RAM buffer [mem 0x46cc4020-0x47ffffff]
[    1.927047] e820: reserve RAM buffer [mem 0x46cf6020-0x47ffffff]
[    1.927048] e820: reserve RAM buffer [mem 0x46d29020-0x47ffffff]
[    1.927049] e820: reserve RAM buffer [mem 0x46d5c020-0x47ffffff]
[    1.927050] e820: reserve RAM buffer [mem 0x49e77000-0x4bffffff]
[    1.927051] e820: reserve RAM buffer [mem 0x4b2cf000-0x4bffffff]
[    1.927052] e820: reserve RAM buffer [mem 0x4bd94000-0x4bffffff]
[    1.927053] e820: reserve RAM buffer [mem 0x4ce00000-0x4fffffff]
[    1.927054] e820: reserve RAM buffer [mem 0x5eefe000-0x5fffffff]
[    1.927054] e820: reserve RAM buffer [mem 0x6f800000-0x6fffffff]
[    1.927493] pci 0000:03:00.0: vgaarb: setting as boot VGA device
[    1.927493] pci 0000:03:00.0: vgaarb: bridge control possible
[    1.927493] pci 0000:03:00.0: vgaarb: VGA device added: decodes=io+mem,owns=io+mem,locks=none
[    1.927493] vgaarb: loaded
[    1.928626] hpet0: at MMIO 0xfed00000, IRQs 2, 8, 0, 0, 0, 0, 0, 0
[    1.928633] hpet0: 8 comparators, 64-bit 24.000000 MHz counter
[    1.931488] clocksource: Switched to clocksource tsc-early
[    1.941148] VFS: Disk quotas dquot_6.6.0
[    1.941183] VFS: Dquot-cache hash table entries: 512 (order 0, 4096 bytes)
[    1.941334] AppArmor: AppArmor Filesystem Enabled
[    1.941346] pnp: PnP ACPI init
[    1.957420] system 00:01: [io  0x0500-0x05fe] has been reserved
[    1.957424] system 00:01: [io  0x0400-0x041f] has been reserved
[    1.957425] system 00:01: [io  0x0600-0x061f] has been reserved
[    1.957427] system 00:01: [io  0x0ca0-0x0ca1] has been reserved
[    1.957428] system 00:01: [io  0x0ca4-0x0ca6] has been reserved
[    1.957431] system 00:01: [mem 0xff000000-0xffffffff] has been reserved
[    1.958038] system 00:04: [mem 0xfd000000-0xfdabffff] has been reserved
[    1.958041] system 00:04: [mem 0xfdad0000-0xfdadffff] has been reserved
[    1.958043] system 00:04: [mem 0xfdb00000-0xfdffffff] has been reserved
[    1.958045] system 00:04: [mem 0xfe000000-0xfe00ffff] has been reserved
[    1.958046] system 00:04: [mem 0xfe011000-0xfe01ffff] has been reserved
[    1.958048] system 00:04: [mem 0xfe036000-0xfe03bfff] has been reserved
[    1.958049] system 00:04: [mem 0xfe03d000-0xfe3fffff] has been reserved
[    1.958051] system 00:04: [mem 0xfe410000-0xfe7fffff] has been reserved
[    1.958371] system 00:05: [io  0x1000-0x10fe] has been reserved
[    1.959384] pnp: PnP ACPI: found 6 devices
[    1.965133] clocksource: acpi_pm: mask: 0xffffff max_cycles: 0xffffff, max_idle_ns: 2085701024 ns
[    1.965213] NET: Registered PF_INET protocol family
[    1.965556] IP idents hash table entries: 262144 (order: 9, 2097152 bytes, vmalloc)
[    1.967746] tcp_listen_portaddr_hash hash table entries: 16384 (order: 6, 262144 bytes, vmalloc)
[    1.968101] TCP established hash table entries: 262144 (order: 9, 2097152 bytes, vmalloc)
[    1.968492] TCP bind hash table entries: 65536 (order: 8, 1048576 bytes, vmalloc)
[    1.968552] TCP: Hash tables configured (established 262144 bind 65536)
[    1.968767] UDP hash table entries: 16384 (order: 7, 524288 bytes, vmalloc)
[    1.968878] UDP-Lite hash table entries: 16384 (order: 7, 524288 bytes, vmalloc)
[    1.969033] NET: Registered PF_UNIX/PF_LOCAL protocol family
[    1.969039] NET: Registered PF_XDP protocol family
[    1.969045] pci 0000:04:00.0: can't claim BAR 6 [mem 0xfffc0000-0xffffffff pref]: no compatible bridge window
[    1.969048] pci 0000:04:00.1: can't claim BAR 6 [mem 0xfffc0000-0xffffffff pref]: no compatible bridge window
[    1.969050] pci 0000:17:00.0: can't claim BAR 6 [mem 0xfff00000-0xffffffff pref]: no compatible bridge window
[    1.969065] pci 0000:00:1c.5: BAR 14: assigned [mem 0x90000000-0x900fffff]
[    1.969068] pci 0000:00:1c.0: PCI bridge to [bus 01]
[    1.969078] pci 0000:02:00.0: PCI bridge to [bus 03]
[    1.969083] pci 0000:02:00.0:   bridge window [mem 0x92000000-0x928fffff]
[    1.969087] pci 0000:02:00.0:   bridge window [mem 0x91000000-0x91ffffff 64bit pref]
[    1.969093] pci 0000:00:1c.4: PCI bridge to [bus 02-03]
[    1.969097] pci 0000:00:1c.4:   bridge window [mem 0x92000000-0x928fffff]
[    1.969100] pci 0000:00:1c.4:   bridge window [mem 0x91000000-0x91ffffff 64bit pref]
[    1.969105] pci 0000:04:00.0: BAR 6: assigned [mem 0x90000000-0x9003ffff pref]
[    1.969107] pci 0000:04:00.1: BAR 6: assigned [mem 0x90040000-0x9007ffff pref]
[    1.969108] pci 0000:00:1c.5: PCI bridge to [bus 04]
[    1.969112] pci 0000:00:1c.5:   bridge window [mem 0x90000000-0x900fffff]
[    1.969114] pci 0000:00:1c.5:   bridge window [mem 0x92900000-0x929fffff 64bit pref]
[    1.969119] pci_bus 0000:00: resource 4 [io  0x0000-0x0cf7 window]
[    1.969120] pci_bus 0000:00: resource 5 [io  0x1000-0x4fff window]
[    1.969122] pci_bus 0000:00: resource 6 [mem 0x000a0000-0x000bffff window]
[    1.969123] pci_bus 0000:00: resource 7 [mem 0x000c8000-0x000cffff window]
[    1.969124] pci_bus 0000:00: resource 8 [mem 0xfe010000-0xfe010fff window]
[    1.969126] pci_bus 0000:00: resource 9 [mem 0x90000000-0x9b7fffff window]
[    1.969127] pci_bus 0000:00: resource 10 [mem 0x200000000000-0x20ffffffffff window]
[    1.969129] pci_bus 0000:02: resource 1 [mem 0x92000000-0x928fffff]
[    1.969130] pci_bus 0000:02: resource 2 [mem 0x91000000-0x91ffffff 64bit pref]
[    1.969131] pci_bus 0000:03: resource 1 [mem 0x92000000-0x928fffff]
[    1.969132] pci_bus 0000:03: resource 2 [mem 0x91000000-0x91ffffff 64bit pref]
[    1.969134] pci_bus 0000:04: resource 1 [mem 0x90000000-0x900fffff]
[    1.969135] pci_bus 0000:04: resource 2 [mem 0x92900000-0x929fffff 64bit pref]
[    1.969211] pci 0000:17:00.0: BAR 6: no space for [mem size 0x00100000 pref]
[    1.969213] pci 0000:17:00.0: BAR 6: failed to assign [mem size 0x00100000 pref]
[    1.969214] pci 0000:16:02.0: PCI bridge to [bus 17]
[    1.969216] pci 0000:16:02.0:   bridge window [io  0x5000-0x5fff]
[    1.969219] pci 0000:16:02.0:   bridge window [mem 0x9ba00000-0x9bafffff]
[    1.969221] pci 0000:16:02.0:   bridge window [mem 0x9b800000-0x9b9fffff 64bit pref]
[    1.969225] pci_bus 0000:16: resource 4 [io  0x5000-0x6fff window]
[    1.969226] pci_bus 0000:16: resource 5 [mem 0x9b800000-0xa63fffff window]
[    1.969227] pci_bus 0000:16: resource 6 [mem 0x210000000000-0x21ffffffffff window]
[    1.969228] pci_bus 0000:17: resource 0 [io  0x5000-0x5fff]
[    1.969229] pci_bus 0000:17: resource 1 [mem 0x9ba00000-0x9bafffff]
[    1.969231] pci_bus 0000:17: resource 2 [mem 0x9b800000-0x9b9fffff 64bit pref]
[    1.969237] pci_bus 0000:30: resource 4 [io  0x7000-0x8fff window]
[    1.969238] pci_bus 0000:30: resource 5 [mem 0xa6400000-0xb0ffffff window]
[    1.969240] pci_bus 0000:30: resource 6 [mem 0x220000000000-0x22ffffffffff window]
[    1.969246] pci_bus 0000:4a: resource 4 [io  0x9000-0x9fff window]
[    1.969247] pci_bus 0000:4a: resource 5 [mem 0xb1000000-0xbbbfffff window]
[    1.969249] pci_bus 0000:4a: resource 6 [mem 0x230000000000-0x23ffffffffff window]
