2024年 06月 30日 星期日 12:27:31 CST
pgmigrate_success 4822082
pgmigrate_fail 24423958
pgmigrate_dst_node_full_fail 24370186
pgmigrate_numa_isolate_fail 0
pgmigrate_nomem_fail 2
pgmigrate_refcount_fail 6656
thp_fault_alloc 93286
thp_fault_fallback 0
thp_collapse_alloc 0
thp_collapse_alloc_failed 20
thp_file_alloc 0
thp_file_mapped 0
thp_split_page 0
thp_split_page_failed 0
thp_deferred_split_page 109988
thp_split_pmd 33
thp_split_pud 0
thp_zero_page_alloc 7
thp_zero_page_alloc_failed 0
thp_swpout 0
thp_swpout_fallback 0
MemTotal:       1123314996 kB
MemFree:        1092380728 kB
MemAvailable:   1090082824 kB
Buffers:            5672 kB
Cached:           420408 kB
SwapCached:           12 kB
Active:           452956 kB
Inactive:         575276 kB
Active(anon):     265960 kB
Inactive(anon):   342672 kB
Active(file):     186996 kB
Inactive(file):   232604 kB
Unevictable:           0 kB
Mlocked:               0 kB
SwapTotal:       2097148 kB
SwapFree:        2096892 kB
Dirty:               380 kB
Writeback:             0 kB
AnonPages:        603168 kB
Mapped:           416212 kB
Shmem:              6048 kB
KReclaimable:     267284 kB
Slab:             658852 kB
SReclaimable:     267284 kB
SUnreclaim:       391568 kB
KernelStack:       33456 kB
PageTables:        27964 kB
NFS_Unstable:          0 kB
Bounce:                0 kB
WritebackTmp:          0 kB
CommitLimit:    563754644 kB
Committed_AS:    6808232 kB
VmallocTotal:   34359738367 kB
VmallocUsed:      161188 kB
VmallocChunk:          0 kB
Percpu:           123200 kB
HardwareCorrupted:     0 kB
AnonHugePages:      6144 kB
ShmemHugePages:        0 kB
ShmemPmdMapped:        0 kB
CmaTotal:              0 kB
CmaFree:               0 kB
HugePages_Total:       0
HugePages_Free:        0
HugePages_Rsvd:        0
HugePages_Surp:        0
Hugepagesize:       2048 kB
Hugetlb:               0 kB
DirectMap4k:     1170916 kB
DirectMap2M:     8751104 kB
DirectMap1G:    1179648000 kB
2024年 06月 30日 星期日 12:29:39 CST
pgmigrate_success 5776341
pgmigrate_fail 24454166
pgmigrate_dst_node_full_fail 24370186
pgmigrate_numa_isolate_fail 0
pgmigrate_nomem_fail 2
pgmigrate_refcount_fail 6656
thp_fault_alloc 153884
thp_fault_fallback 0
thp_collapse_alloc 0
thp_collapse_alloc_failed 22
thp_file_alloc 0
thp_file_mapped 0
thp_split_page 0
thp_split_page_failed 0
thp_deferred_split_page 172401
thp_split_pmd 33
thp_split_pud 0
thp_zero_page_alloc 18
thp_zero_page_alloc_failed 0
thp_swpout 0
thp_swpout_fallback 0
MemTotal:       1123314996 kB
MemFree:        1076965588 kB
MemAvailable:   1089001088 kB
Buffers:            9836 kB
Cached:         15773592 kB
SwapCached:           24 kB
Active:           467692 kB
Inactive:       15916620 kB
Active(anon):     262200 kB
Inactive(anon):   344960 kB
Active(file):     205492 kB
Inactive(file): 15571660 kB
Unevictable:           0 kB
Mlocked:               0 kB
SwapTotal:       2097148 kB
SwapFree:        2096380 kB
Dirty:                 8 kB
Writeback:             0 kB
AnonPages:        601780 kB
Mapped:           405836 kB
Shmem:              6048 kB
KReclaimable:     316296 kB
Slab:             708816 kB
SReclaimable:     316296 kB
SUnreclaim:       392520 kB
KernelStack:       33760 kB
PageTables:        28224 kB
NFS_Unstable:          0 kB
Bounce:                0 kB
WritebackTmp:          0 kB
CommitLimit:    563754644 kB
Committed_AS:    6781252 kB
VmallocTotal:   34359738367 kB
VmallocUsed:      161156 kB
VmallocChunk:          0 kB
Percpu:           123200 kB
HardwareCorrupted:     0 kB
AnonHugePages:    264192 kB
ShmemHugePages:        0 kB
ShmemPmdMapped:        0 kB
CmaTotal:              0 kB
CmaFree:               0 kB
HugePages_Total:       0
HugePages_Free:        0
HugePages_Rsvd:        0
HugePages_Surp:        0
Hugepagesize:       2048 kB
Hugetlb:               0 kB
DirectMap4k:     1170916 kB
DirectMap2M:     8751104 kB
DirectMap1G:    1179648000 kB
