[    0.000000] Linux version 5.18.0 (xmu@xmu-PowerEdge-R750) (gcc (Ubuntu 8.4.0-1ubuntu1~18.04) 8.4.0, GNU ld (GNU Binutils for Ubuntu) 2.30) #1 SMP PREEMPT_DYNAMIC Sat Apr 6 15:16:25 CST 2024
[    0.000000] Command line: BOOT_IMAGE=/boot/vmlinuz-5.18.0 root=UUID=ce0c24b8-724b-4f33-9b2c-618433560aef ro memmap=46198M!4096M memmap=59G!64G quiet splash nomodeset vt.handoff=1
[    0.000000] KERNEL supported cpus:
[    0.000000]   Intel GenuineIntel
[    0.000000]   AMD AuthenticAMD
[    0.000000]   Hygon HygonGenuine
[    0.000000]   Centaur CentaurHauls
[    0.000000]   zhaoxin   Shanghai  
[    0.000000] x86/split lock detection: #AC: crashing the kernel on kernel split_locks and warning on user-space split_locks
[    0.000000] x86/fpu: Supporting XSAVE feature 0x001: 'x87 floating point registers'
[    0.000000] x86/fpu: Supporting XSAVE feature 0x002: 'SSE registers'
[    0.000000] x86/fpu: Supporting XSAVE feature 0x004: 'AVX registers'
[    0.000000] x86/fpu: Supporting XSAVE feature 0x020: 'AVX-512 opmask'
[    0.000000] x86/fpu: Supporting XSAVE feature 0x040: 'AVX-512 Hi256'
[    0.000000] x86/fpu: Supporting XSAVE feature 0x080: 'AVX-512 ZMM_Hi256'
[    0.000000] x86/fpu: Supporting XSAVE feature 0x200: 'Protection Keys User registers'
[    0.000000] x86/fpu: xstate_offset[2]:  576, xstate_sizes[2]:  256
[    0.000000] x86/fpu: xstate_offset[5]:  832, xstate_sizes[5]:   64
[    0.000000] x86/fpu: xstate_offset[6]:  896, xstate_sizes[6]:  512
[    0.000000] x86/fpu: xstate_offset[7]: 1408, xstate_sizes[7]: 1024
[    0.000000] x86/fpu: xstate_offset[9]: 2432, xstate_sizes[9]:    8
[    0.000000] x86/fpu: Enabled xstate features 0x2e7, context size is 2440 bytes, using 'compacted' format.
[    0.000000] signal: max sigframe size: 3632
[    0.000000] BIOS-provided physical RAM map:
[    0.000000] BIOS-e820: [mem 0x0000000000000000-0x000000000008efff] usable
[    0.000000] BIOS-e820: [mem 0x000000000008f000-0x000000000008ffff] reserved
[    0.000000] BIOS-e820: [mem 0x0000000000090000-0x000000000009ffff] usable
[    0.000000] BIOS-e820: [mem 0x00000000000a0000-0x00000000000fffff] reserved
[    0.000000] BIOS-e820: [mem 0x0000000000100000-0x0000000049e76fff] usable
[    0.000000] BIOS-e820: [mem 0x0000000049e77000-0x000000004ae76fff] ACPI NVS
[    0.000000] BIOS-e820: [mem 0x000000004ae77000-0x000000004b2cefff] usable
[    0.000000] BIOS-e820: [mem 0x000000004b2cf000-0x000000004b54dfff] ACPI data
[    0.000000] BIOS-e820: [mem 0x000000004b54e000-0x000000004bd93fff] usable
[    0.000000] BIOS-e820: [mem 0x000000004bd94000-0x000000004be99fff] reserved
[    0.000000] BIOS-e820: [mem 0x000000004be9a000-0x000000004cdfffff] usable
[    0.000000] BIOS-e820: [mem 0x000000004ce00000-0x000000004cffffff] reserved
[    0.000000] BIOS-e820: [mem 0x000000004d000000-0x000000005eefdfff] usable
[    0.000000] BIOS-e820: [mem 0x000000005eefe000-0x000000006e3fefff] reserved
[    0.000000] BIOS-e820: [mem 0x000000006e3ff000-0x000000006f3fefff] ACPI NVS
[    0.000000] BIOS-e820: [mem 0x000000006f3ff000-0x000000006f7fefff] ACPI data
[    0.000000] BIOS-e820: [mem 0x000000006f7ff000-0x000000006f7fffff] usable
[    0.000000] BIOS-e820: [mem 0x000000006f800000-0x000000008fffffff] reserved
[    0.000000] BIOS-e820: [mem 0x00000000fe000000-0x00000000fe010fff] reserved
[    0.000000] BIOS-e820: [mem 0x0000000100000000-0x000000207fffffff] usable
[    0.000000] BIOS-e820: [mem 0x0000002080000000-0x0000011c7fffffff] persistent (type 7)
[    0.000000] BIOS-e820: [mem 0x00001ffc00000000-0x00001fffffffffff] reserved
[    0.000000] NX (Execute Disable) protection: active
[    0.000000] e820: update [mem 0x46d5c020-0x46d6405f] usable ==> usable
[    0.000000] e820: update [mem 0x46d5c020-0x46d6405f] usable ==> usable
[    0.000000] e820: update [mem 0x46d29020-0x46d5bc5f] usable ==> usable
[    0.000000] e820: update [mem 0x46d29020-0x46d5bc5f] usable ==> usable
[    0.000000] e820: update [mem 0x46cf6020-0x46d28c5f] usable ==> usable
[    0.000000] e820: update [mem 0x46cf6020-0x46d28c5f] usable ==> usable
[    0.000000] e820: update [mem 0x46cc4020-0x46cf5a5f] usable ==> usable
[    0.000000] e820: update [mem 0x46cc4020-0x46cf5a5f] usable ==> usable
[    0.000000] extended physical RAM map:
[    0.000000] reserve setup_data: [mem 0x0000000000000000-0x000000000008efff] usable
[    0.000000] reserve setup_data: [mem 0x000000000008f000-0x000000000008ffff] reserved
[    0.000000] reserve setup_data: [mem 0x0000000000090000-0x000000000009ffff] usable
[    0.000000] reserve setup_data: [mem 0x00000000000a0000-0x00000000000fffff] reserved
[    0.000000] reserve setup_data: [mem 0x0000000000100000-0x0000000046cc401f] usable
[    0.000000] reserve setup_data: [mem 0x0000000046cc4020-0x0000000046cf5a5f] usable
[    0.000000] reserve setup_data: [mem 0x0000000046cf5a60-0x0000000046cf601f] usable
[    0.000000] reserve setup_data: [mem 0x0000000046cf6020-0x0000000046d28c5f] usable
[    0.000000] reserve setup_data: [mem 0x0000000046d28c60-0x0000000046d2901f] usable
[    0.000000] reserve setup_data: [mem 0x0000000046d29020-0x0000000046d5bc5f] usable
[    0.000000] reserve setup_data: [mem 0x0000000046d5bc60-0x0000000046d5c01f] usable
[    0.000000] reserve setup_data: [mem 0x0000000046d5c020-0x0000000046d6405f] usable
[    0.000000] reserve setup_data: [mem 0x0000000046d64060-0x0000000049e76fff] usable
[    0.000000] reserve setup_data: [mem 0x0000000049e77000-0x000000004ae76fff] ACPI NVS
[    0.000000] reserve setup_data: [mem 0x000000004ae77000-0x000000004b2cefff] usable
[    0.000000] reserve setup_data: [mem 0x000000004b2cf000-0x000000004b54dfff] ACPI data
[    0.000000] reserve setup_data: [mem 0x000000004b54e000-0x000000004bd93fff] usable
[    0.000000] reserve setup_data: [mem 0x000000004bd94000-0x000000004be99fff] reserved
[    0.000000] reserve setup_data: [mem 0x000000004be9a000-0x000000004cdfffff] usable
[    0.000000] reserve setup_data: [mem 0x000000004ce00000-0x000000004cffffff] reserved
[    0.000000] reserve setup_data: [mem 0x000000004d000000-0x000000005eefdfff] usable
[    0.000000] reserve setup_data: [mem 0x000000005eefe000-0x000000006e3fefff] reserved
[    0.000000] reserve setup_data: [mem 0x000000006e3ff000-0x000000006f3fefff] ACPI NVS
[    0.000000] reserve setup_data: [mem 0x000000006f3ff000-0x000000006f7fefff] ACPI data
[    0.000000] reserve setup_data: [mem 0x000000006f7ff000-0x000000006f7fffff] usable
[    0.000000] reserve setup_data: [mem 0x000000006f800000-0x000000008fffffff] reserved
[    0.000000] reserve setup_data: [mem 0x00000000fe000000-0x00000000fe010fff] reserved
[    0.000000] reserve setup_data: [mem 0x0000000100000000-0x0000000c475fffff] persistent (type 12)
[    0.000000] reserve setup_data: [mem 0x0000000c47600000-0x0000000fffffffff] usable
[    0.000000] reserve setup_data: [mem 0x0000001000000000-0x0000001ebfffffff] persistent (type 12)
[    0.000000] reserve setup_data: [mem 0x0000001ec0000000-0x000000207fffffff] usable
[    0.000000] reserve setup_data: [mem 0x0000002080000000-0x0000011c7fffffff] persistent (type 7)
[    0.000000] reserve setup_data: [mem 0x00001ffc00000000-0x00001fffffffffff] reserved
[    0.000000] user-defined physical RAM map:
[    0.000000] user: [mem 0x0000000000000000-0x000000000008efff] usable
[    0.000000] user: [mem 0x000000000008f000-0x000000000008ffff] reserved
[    0.000000] user: [mem 0x0000000000090000-0x000000000009ffff] usable
[    0.000000] user: [mem 0x00000000000a0000-0x00000000000fffff] reserved
[    0.000000] user: [mem 0x0000000000100000-0x0000000046cc401f] usable
[    0.000000] user: [mem 0x0000000046cc4020-0x0000000046cf5a5f] usable
[    0.000000] user: [mem 0x0000000046cf5a60-0x0000000046cf601f] usable
[    0.000000] user: [mem 0x0000000046cf6020-0x0000000046d28c5f] usable
[    0.000000] user: [mem 0x0000000046d28c60-0x0000000046d2901f] usable
[    0.000000] user: [mem 0x0000000046d29020-0x0000000046d5bc5f] usable
[    0.000000] user: [mem 0x0000000046d5bc60-0x0000000046d5c01f] usable
[    0.000000] user: [mem 0x0000000046d5c020-0x0000000046d6405f] usable
[    0.000000] user: [mem 0x0000000046d64060-0x0000000049e76fff] usable
[    0.000000] user: [mem 0x0000000049e77000-0x000000004ae76fff] ACPI NVS
[    0.000000] user: [mem 0x000000004ae77000-0x000000004b2cefff] usable
[    0.000000] user: [mem 0x000000004b2cf000-0x000000004b54dfff] ACPI data
[    0.000000] user: [mem 0x000000004b54e000-0x000000004bd93fff] usable
[    0.000000] user: [mem 0x000000004bd94000-0x000000004be99fff] reserved
[    0.000000] user: [mem 0x000000004be9a000-0x000000004cdfffff] usable
[    0.000000] user: [mem 0x000000004ce00000-0x000000004cffffff] reserved
[    0.000000] user: [mem 0x000000004d000000-0x000000005eefdfff] usable
[    0.000000] user: [mem 0x000000005eefe000-0x000000006e3fefff] reserved
[    0.000000] user: [mem 0x000000006e3ff000-0x000000006f3fefff] ACPI NVS
[    0.000000] user: [mem 0x000000006f3ff000-0x000000006f7fefff] ACPI data
[    0.000000] user: [mem 0x000000006f7ff000-0x000000006f7fffff] usable
[    0.000000] user: [mem 0x000000006f800000-0x000000008fffffff] reserved
[    0.000000] user: [mem 0x00000000fe000000-0x00000000fe010fff] reserved
[    0.000000] user: [mem 0x0000000100000000-0x0000000c475fffff] persistent (type 12)
[    0.000000] user: [mem 0x0000000c47600000-0x0000000fffffffff] usable
[    0.000000] user: [mem 0x0000001000000000-0x0000001ebfffffff] persistent (type 12)
[    0.000000] user: [mem 0x0000001ec0000000-0x000000207fffffff] usable
[    0.000000] user: [mem 0x0000002080000000-0x0000011c7fffffff] persistent (type 7)
[    0.000000] user: [mem 0x00001ffc00000000-0x00001fffffffffff] reserved
[    0.000000] efi: EFI v2.70 by Dell Inc.
[    0.000000] efi: ACPI=0x6f7fe000 ACPI 2.0=0x6f7fe014 MEMATTR=0x5b070020 SMBIOS=0x69526000 SMBIOS 3.0=0x69524000 MOKvar=0x5ef81000 RNG=0x5ef8a920 
[    0.000000] efi: seeding entropy pool
[    0.000000] SMBIOS 3.3.0 present.
[    0.000000] DMI: Dell Inc. PowerEdge R750/0K8F35, BIOS 1.10.2 03/03/2023
[    0.000000] tsc: Detected 2000.000 MHz processor
[    0.000008] e820: update [mem 0x00000000-0x00000fff] usable ==> reserved
[    0.000011] e820: remove [mem 0x000a0000-0x000fffff] usable
[    0.000020] last_pfn = 0x2080000 max_arch_pfn = 0x400000000
[    0.000235] x86/PAT: Configuration [0-7]: WB  WC  UC- UC  WB  WP  UC- WT  
[    0.003165] total RAM covered: 2095088M
[    0.003251]  gran_size: 64K 	chunk_size: 64K 	num_reg: 10  	lose cover RAM: 2016G
[    0.003253]  gran_size: 64K 	chunk_size: 128K 	num_reg: 10  	lose cover RAM: 2016G
[    0.003255]  gran_size: 64K 	chunk_size: 256K 	num_reg: 10  	lose cover RAM: 2016G
[    0.003256]  gran_size: 64K 	chunk_size: 512K 	num_reg: 10  	lose cover RAM: 2016G
[    0.003258]  gran_size: 64K 	chunk_size: 1M 	num_reg: 10  	lose cover RAM: 2016G
[    0.003259]  gran_size: 64K 	chunk_size: 2M 	num_reg: 10  	lose cover RAM: 2016G
[    0.003260]  gran_size: 64K 	chunk_size: 4M 	num_reg: 10  	lose cover RAM: 2016G
[    0.003262]  gran_size: 64K 	chunk_size: 8M 	num_reg: 10  	lose cover RAM: 2016G
[    0.003263]  gran_size: 64K 	chunk_size: 16M 	num_reg: 10  	lose cover RAM: 2016G
[    0.003264]  gran_size: 64K 	chunk_size: 32M 	num_reg: 10  	lose cover RAM: 1024G
[    0.003266]  gran_size: 64K 	chunk_size: 64M 	num_reg: 10  	lose cover RAM: 1024G
[    0.003267]  gran_size: 64K 	chunk_size: 128M 	num_reg: 10  	lose cover RAM: 1024G
[    0.003269]  gran_size: 64K 	chunk_size: 256M 	num_reg: 10  	lose cover RAM: 1024G
[    0.003270]  gran_size: 64K 	chunk_size: 512M 	num_reg: 10  	lose cover RAM: 1024G
[    0.003271]  gran_size: 64K 	chunk_size: 1G 	num_reg: 10  	lose cover RAM: 1024G
[    0.003272]  gran_size: 64K 	chunk_size: 2G 	num_reg: 10  	lose cover RAM: 1024G
[    0.003274]  gran_size: 128K 	chunk_size: 128K 	num_reg: 10  	lose cover RAM: 2016G
[    0.003275]  gran_size: 128K 	chunk_size: 256K 	num_reg: 10  	lose cover RAM: 2016G
[    0.003277]  gran_size: 128K 	chunk_size: 512K 	num_reg: 10  	lose cover RAM: 2016G
[    0.003278]  gran_size: 128K 	chunk_size: 1M 	num_reg: 10  	lose cover RAM: 2016G
[    0.003279]  gran_size: 128K 	chunk_size: 2M 	num_reg: 10  	lose cover RAM: 2016G
[    0.003280]  gran_size: 128K 	chunk_size: 4M 	num_reg: 10  	lose cover RAM: 2016G
[    0.003282]  gran_size: 128K 	chunk_size: 8M 	num_reg: 10  	lose cover RAM: 2016G
[    0.003283]  gran_size: 128K 	chunk_size: 16M 	num_reg: 10  	lose cover RAM: 2016G
[    0.003284]  gran_size: 128K 	chunk_size: 32M 	num_reg: 10  	lose cover RAM: 1024G
[    0.003286]  gran_size: 128K 	chunk_size: 64M 	num_reg: 10  	lose cover RAM: 1024G
[    0.003287]  gran_size: 128K 	chunk_size: 128M 	num_reg: 10  	lose cover RAM: 1024G
[    0.003288]  gran_size: 128K 	chunk_size: 256M 	num_reg: 10  	lose cover RAM: 1024G
[    0.003290]  gran_size: 128K 	chunk_size: 512M 	num_reg: 10  	lose cover RAM: 1024G
[    0.003291]  gran_size: 128K 	chunk_size: 1G 	num_reg: 10  	lose cover RAM: 1024G
[    0.003293]  gran_size: 128K 	chunk_size: 2G 	num_reg: 10  	lose cover RAM: 1024G
[    0.003294]  gran_size: 256K 	chunk_size: 256K 	num_reg: 10  	lose cover RAM: 2016G
[    0.003296]  gran_size: 256K 	chunk_size: 512K 	num_reg: 10  	lose cover RAM: 2016G
[    0.003297]  gran_size: 256K 	chunk_size: 1M 	num_reg: 10  	lose cover RAM: 2016G
[    0.003299]  gran_size: 256K 	chunk_size: 2M 	num_reg: 10  	lose cover RAM: 2016G
[    0.003300]  gran_size: 256K 	chunk_size: 4M 	num_reg: 10  	lose cover RAM: 2016G
[    0.003301]  gran_size: 256K 	chunk_size: 8M 	num_reg: 10  	lose cover RAM: 2016G
[    0.003303]  gran_size: 256K 	chunk_size: 16M 	num_reg: 10  	lose cover RAM: 2016G
[    0.003304]  gran_size: 256K 	chunk_size: 32M 	num_reg: 10  	lose cover RAM: 1024G
[    0.003305]  gran_size: 256K 	chunk_size: 64M 	num_reg: 10  	lose cover RAM: 1024G
[    0.003307]  gran_size: 256K 	chunk_size: 128M 	num_reg: 10  	lose cover RAM: 1024G
[    0.003308]  gran_size: 256K 	chunk_size: 256M 	num_reg: 10  	lose cover RAM: 1024G
[    0.003309]  gran_size: 256K 	chunk_size: 512M 	num_reg: 10  	lose cover RAM: 1024G
[    0.003310]  gran_size: 256K 	chunk_size: 1G 	num_reg: 10  	lose cover RAM: 1024G
[    0.003312]  gran_size: 256K 	chunk_size: 2G 	num_reg: 10  	lose cover RAM: 1024G
[    0.003313]  gran_size: 512K 	chunk_size: 512K 	num_reg: 10  	lose cover RAM: 2016G
[    0.003314]  gran_size: 512K 	chunk_size: 1M 	num_reg: 10  	lose cover RAM: 2016G
[    0.003316]  gran_size: 512K 	chunk_size: 2M 	num_reg: 10  	lose cover RAM: 2016G
[    0.003317]  gran_size: 512K 	chunk_size: 4M 	num_reg: 10  	lose cover RAM: 2016G
[    0.003318]  gran_size: 512K 	chunk_size: 8M 	num_reg: 10  	lose cover RAM: 2016G
[    0.003320]  gran_size: 512K 	chunk_size: 16M 	num_reg: 10  	lose cover RAM: 2016G
[    0.003321]  gran_size: 512K 	chunk_size: 32M 	num_reg: 10  	lose cover RAM: 1024G
[    0.003322]  gran_size: 512K 	chunk_size: 64M 	num_reg: 10  	lose cover RAM: 1024G
[    0.003324]  gran_size: 512K 	chunk_size: 128M 	num_reg: 10  	lose cover RAM: 1024G
[    0.003325]  gran_size: 512K 	chunk_size: 256M 	num_reg: 10  	lose cover RAM: 1024G
[    0.003326]  gran_size: 512K 	chunk_size: 512M 	num_reg: 10  	lose cover RAM: 1024G
[    0.003328]  gran_size: 512K 	chunk_size: 1G 	num_reg: 10  	lose cover RAM: 1024G
[    0.003329]  gran_size: 512K 	chunk_size: 2G 	num_reg: 10  	lose cover RAM: 1024G
[    0.003331]  gran_size: 1M 	chunk_size: 1M 	num_reg: 10  	lose cover RAM: 2016G
[    0.003332]  gran_size: 1M 	chunk_size: 2M 	num_reg: 10  	lose cover RAM: 2016G
[    0.003333]  gran_size: 1M 	chunk_size: 4M 	num_reg: 10  	lose cover RAM: 2016G
[    0.003335]  gran_size: 1M 	chunk_size: 8M 	num_reg: 10  	lose cover RAM: 2016G
[    0.003336]  gran_size: 1M 	chunk_size: 16M 	num_reg: 10  	lose cover RAM: 2016G
[    0.003337]  gran_size: 1M 	chunk_size: 32M 	num_reg: 10  	lose cover RAM: 1024G
[    0.003339]  gran_size: 1M 	chunk_size: 64M 	num_reg: 10  	lose cover RAM: 1024G
[    0.003340]  gran_size: 1M 	chunk_size: 128M 	num_reg: 10  	lose cover RAM: 1024G
[    0.003341]  gran_size: 1M 	chunk_size: 256M 	num_reg: 10  	lose cover RAM: 1024G
[    0.003343]  gran_size: 1M 	chunk_size: 512M 	num_reg: 10  	lose cover RAM: 1024G
[    0.003344]  gran_size: 1M 	chunk_size: 1G 	num_reg: 10  	lose cover RAM: 1024G
[    0.003345]  gran_size: 1M 	chunk_size: 2G 	num_reg: 10  	lose cover RAM: 1024G
[    0.003347]  gran_size: 2M 	chunk_size: 2M 	num_reg: 10  	lose cover RAM: 2016G
[    0.003348]  gran_size: 2M 	chunk_size: 4M 	num_reg: 10  	lose cover RAM: 2016G
[    0.003349]  gran_size: 2M 	chunk_size: 8M 	num_reg: 10  	lose cover RAM: 2016G
[    0.003350]  gran_size: 2M 	chunk_size: 16M 	num_reg: 10  	lose cover RAM: 2016G
[    0.003352]  gran_size: 2M 	chunk_size: 32M 	num_reg: 10  	lose cover RAM: 1024G
[    0.003353]  gran_size: 2M 	chunk_size: 64M 	num_reg: 10  	lose cover RAM: 1024G
[    0.003355]  gran_size: 2M 	chunk_size: 128M 	num_reg: 10  	lose cover RAM: 1024G
[    0.003356]  gran_size: 2M 	chunk_size: 256M 	num_reg: 10  	lose cover RAM: 1024G
[    0.003358]  gran_size: 2M 	chunk_size: 512M 	num_reg: 10  	lose cover RAM: 1024G
[    0.003359]  gran_size: 2M 	chunk_size: 1G 	num_reg: 10  	lose cover RAM: 1024G
[    0.003361]  gran_size: 2M 	chunk_size: 2G 	num_reg: 10  	lose cover RAM: 1024G
[    0.003362]  gran_size: 4M 	chunk_size: 4M 	num_reg: 10  	lose cover RAM: 2016G
[    0.003364]  gran_size: 4M 	chunk_size: 8M 	num_reg: 10  	lose cover RAM: 2016G
[    0.003365]  gran_size: 4M 	chunk_size: 16M 	num_reg: 10  	lose cover RAM: 2016G
[    0.003366]  gran_size: 4M 	chunk_size: 32M 	num_reg: 10  	lose cover RAM: 1024G
[    0.003368]  gran_size: 4M 	chunk_size: 64M 	num_reg: 10  	lose cover RAM: 1024G
[    0.003369]  gran_size: 4M 	chunk_size: 128M 	num_reg: 10  	lose cover RAM: 1024G
[    0.003370]  gran_size: 4M 	chunk_size: 256M 	num_reg: 10  	lose cover RAM: 1024G
[    0.003372]  gran_size: 4M 	chunk_size: 512M 	num_reg: 10  	lose cover RAM: 1024G
[    0.003373]  gran_size: 4M 	chunk_size: 1G 	num_reg: 10  	lose cover RAM: 1024G
[    0.003374]  gran_size: 4M 	chunk_size: 2G 	num_reg: 10  	lose cover RAM: 1024G
[    0.003376]  gran_size: 8M 	chunk_size: 8M 	num_reg: 10  	lose cover RAM: 2016G
[    0.003377]  gran_size: 8M 	chunk_size: 16M 	num_reg: 10  	lose cover RAM: 2016G
[    0.003378]  gran_size: 8M 	chunk_size: 32M 	num_reg: 10  	lose cover RAM: 1024G
[    0.003379]  gran_size: 8M 	chunk_size: 64M 	num_reg: 10  	lose cover RAM: 1024G
[    0.003381]  gran_size: 8M 	chunk_size: 128M 	num_reg: 10  	lose cover RAM: 1024G
[    0.003382]  gran_size: 8M 	chunk_size: 256M 	num_reg: 10  	lose cover RAM: 1024G
[    0.003383]  gran_size: 8M 	chunk_size: 512M 	num_reg: 10  	lose cover RAM: 1024G
[    0.003385]  gran_size: 8M 	chunk_size: 1G 	num_reg: 10  	lose cover RAM: 1024G
[    0.003386]  gran_size: 8M 	chunk_size: 2G 	num_reg: 10  	lose cover RAM: 1024G
[    0.003387]  gran_size: 16M 	chunk_size: 16M 	num_reg: 10  	lose cover RAM: 2016G
[    0.003389]  gran_size: 16M 	chunk_size: 32M 	num_reg: 10  	lose cover RAM: 1024G
[    0.003390]  gran_size: 16M 	chunk_size: 64M 	num_reg: 10  	lose cover RAM: 1024G
[    0.003391]  gran_size: 16M 	chunk_size: 128M 	num_reg: 10  	lose cover RAM: 1024G
[    0.003393]  gran_size: 16M 	chunk_size: 256M 	num_reg: 10  	lose cover RAM: 1024G
[    0.003394]  gran_size: 16M 	chunk_size: 512M 	num_reg: 10  	lose cover RAM: 1024G
[    0.003396]  gran_size: 16M 	chunk_size: 1G 	num_reg: 10  	lose cover RAM: 1024G
[    0.003397]  gran_size: 16M 	chunk_size: 2G 	num_reg: 10  	lose cover RAM: 1024G
[    0.003399]  gran_size: 32M 	chunk_size: 32M 	num_reg: 10  	lose cover RAM: 2031632M
[    0.003400]  gran_size: 32M 	chunk_size: 64M 	num_reg: 10  	lose cover RAM: 1048592M
[    0.003401]  gran_size: 32M 	chunk_size: 128M 	num_reg: 10  	lose cover RAM: 1048592M
[    0.003403]  gran_size: 32M 	chunk_size: 256M 	num_reg: 10  	lose cover RAM: 1048592M
[    0.003404]  gran_size: 32M 	chunk_size: 512M 	num_reg: 10  	lose cover RAM: 1048592M
[    0.003405]  gran_size: 32M 	chunk_size: 1G 	num_reg: 10  	lose cover RAM: 1048592M
[    0.003407]  gran_size: 32M 	chunk_size: 2G 	num_reg: 10  	lose cover RAM: 1048592M
[    0.003408]  gran_size: 64M 	chunk_size: 64M 	num_reg: 10  	lose cover RAM: 1966128M
[    0.003409]  gran_size: 64M 	chunk_size: 128M 	num_reg: 10  	lose cover RAM: 1048624M
[    0.003411]  gran_size: 64M 	chunk_size: 256M 	num_reg: 10  	lose cover RAM: 1048624M
[    0.003412]  gran_size: 64M 	chunk_size: 512M 	num_reg: 10  	lose cover RAM: 1048624M
[    0.003413]  gran_size: 64M 	chunk_size: 1G 	num_reg: 10  	lose cover RAM: 1048624M
[    0.003415]  gran_size: 64M 	chunk_size: 2G 	num_reg: 10  	lose cover RAM: 1048624M
[    0.003416]  gran_size: 128M 	chunk_size: 128M 	num_reg: 10  	lose cover RAM: 1835120M
[    0.003417]  gran_size: 128M 	chunk_size: 256M 	num_reg: 10  	lose cover RAM: 1048688M
[    0.003419]  gran_size: 128M 	chunk_size: 512M 	num_reg: 10  	lose cover RAM: 1048688M
[    0.003420]  gran_size: 128M 	chunk_size: 1G 	num_reg: 10  	lose cover RAM: 1048688M
[    0.003422]  gran_size: 128M 	chunk_size: 2G 	num_reg: 10  	lose cover RAM: 1048688M
[    0.003423]  gran_size: 256M 	chunk_size: 256M 	num_reg: 10  	lose cover RAM: 1573104M
[    0.003425]  gran_size: 256M 	chunk_size: 512M 	num_reg: 10  	lose cover RAM: 1048816M
[    0.003427]  gran_size: 256M 	chunk_size: 1G 	num_reg: 10  	lose cover RAM: 1048816M
[    0.003428]  gran_size: 256M 	chunk_size: 2G 	num_reg: 10  	lose cover RAM: 1048816M
[    0.003429]  gran_size: 512M 	chunk_size: 512M 	num_reg: 10  	lose cover RAM: 1049072M
[    0.003431]  gran_size: 512M 	chunk_size: 1G 	num_reg: 10  	lose cover RAM: 1049072M
[    0.003432]  gran_size: 512M 	chunk_size: 2G 	num_reg: 10  	lose cover RAM: 1049072M
[    0.003433]  gran_size: 1G 	chunk_size: 1G 	num_reg: 10  	lose cover RAM: 1008M
[    0.003435]  gran_size: 1G 	chunk_size: 2G 	num_reg: 10  	lose cover RAM: 1008M
[    0.003436]  gran_size: 2G 	chunk_size: 2G 	num_reg: 9  	lose cover RAM: 2032M
[    0.003437] mtrr_cleanup: can not find optimal value
[    0.003438] please specify mtrr_gran_size/mtrr_chunk_size
[    0.003440] e820: update [mem 0x7f000000-0xffffffff] usable ==> reserved
[    0.003444] x2apic: enabled by BIOS, switching to x2apic ops
[    0.003445] last_pfn = 0x6f800 max_arch_pfn = 0x400000000
[    0.014872] Using GB pages for direct mapping
[    0.015832] Secure boot disabled
[    0.015833] RAMDISK: [mem 0x205de61000-0x207fffffff]
[    0.015838] ACPI: Early table checksum verification disabled
[    0.015841] ACPI: RSDP 0x000000006F7FE014 000024 (v02 DELL  )
[    0.015845] ACPI: XSDT 0x000000006F41C188 0000F4 (v01 DELL   PE_SC3   00000000 DELL 01000013)
[    0.015851] ACPI: FACP 0x000000006F430000 000114 (v06 DELL   PE_SC3   00000000 DELL 00000001)
[    0.015857] ACPI: DSDT 0x000000004B4CE000 07FAD3 (v02 DELL   PE_SC3   00000003 DELL 00000001)
[    0.015860] ACPI: FACS 0x000000006F2F2000 000040
[    0.015863] ACPI: SSDT 0x000000006F7FB000 00159A (v02 INTEL  RAS_ACPI 00000001 INTL 20210331)
[    0.015867] ACPI: SSDT 0x000000006F7FA000 000745 (v02 INTEL  ADDRXLAT 00000001 INTL 20210331)
[    0.015871] ACPI: MCEJ 0x000000006F7F9000 000130 (v01 INTEL           00000001 INTL 0100000D)
[    0.015874] ACPI: BERT 0x000000006F7F8000 000030 (v01 DELL   PE_SC3   00000001 INTL 00000001)
[    0.015877] ACPI: ERST 0x000000006F7F7000 000230 (v01 DELL   PE_SC3   00000001 INTL 00000001)
[    0.015881] ACPI: SSDT 0x000000006F431000 3C524E (v02 INTEL  SSDTNVDR 00001000 INTL 20210331)
[    0.015884] ACPI: HMAT 0x000000006F42F000 000210 (v01 DELL   PE_SC3   00000001 DELL 00000001)
[    0.015888] ACPI: HPET 0x000000006F42E000 000038 (v01 DELL   PE_SC3   00000001 DELL 00000001)
[    0.015891] ACPI: MCFG 0x000000006F42D000 00003C (v01 DELL   PE_SC3   00000001 DELL 00000001)
[    0.015894] ACPI: MIGT 0x000000006F42C000 000040 (v01 DELL   PE_SC3   00000000 DELL 00000001)
[    0.015897] ACPI: MSCT 0x000000006F42B000 000090 (v01 DELL   PE_SC3   00000001 DELL 00000001)
[    0.015901] ACPI: PMTT 0x000000006F429000 0011E8 (v02 DELL   PE_SC3   00000001 DELL 00000001)
[    0.015904] ACPI: WSMT 0x000000006F428000 000028 (v01 DELL   PE_SC3   00000000 DELL 00000001)
[    0.015908] ACPI: APIC 0x000000006F427000 00075E (v04 DELL   PE_SC3   00000000 DELL 00000001)
[    0.015911] ACPI: SLIT 0x000000006F426000 00003C (v01 DELL   PE_SC3   00000001 DELL 01000013)
[    0.015914] ACPI: SRAT 0x000000006F41F000 006430 (v03 DELL   PE_SC3   00000002 DELL 01000013)
[    0.015918] ACPI: OEM4 0x000000004B346000 187A61 (v02 INTEL  CPU  CST 00003000 INTL 20210331)
[    0.015921] ACPI: SSDT 0x000000004B2CF000 0764A5 (v02 INTEL  SSDT  PM 00004000 INTL 20210331)
[    0.015924] ACPI: SSDT 0x000000006F41E000 000A1F (v02 DELL   PE_SC3   00000000 DELL 00000001)
[    0.015928] ACPI: HEST 0x000000006F41D000 00017C (v01 DELL   PE_SC3   00000001 INTL 00000001)
[    0.015931] ACPI: PCAT 0x000000006F41B000 00010C (v19 DELL   PE_SC3   00000002 DELL 00000001)
[    0.015935] ACPI: SSDT 0x000000006F413000 007299 (v02 INTEL  SpsNm    00000002 INTL 20210331)
[    0.015938] ACPI: SSDT 0x000000006F412000 000426 (v02 DELL   PE_SC3   00000002 DELL 00000001)
[    0.015941] ACPI: NFIT 0x000000006F7FD000 000488 (v01 DELL   PE_SC3   00000002 DELL 00000001)
[    0.015945] ACPI: DMAR 0x000000006F411000 000158 (v01 DELL   PE_SC3   00000001 DELL 00000001)
[    0.015947] ACPI: Reserving FACP table memory at [mem 0x6f430000-0x6f430113]
[    0.015949] ACPI: Reserving DSDT table memory at [mem 0x4b4ce000-0x4b54dad2]
[    0.015950] ACPI: Reserving FACS table memory at [mem 0x6f2f2000-0x6f2f203f]
[    0.015951] ACPI: Reserving SSDT table memory at [mem 0x6f7fb000-0x6f7fc599]
[    0.015952] ACPI: Reserving SSDT table memory at [mem 0x6f7fa000-0x6f7fa744]
[    0.015953] ACPI: Reserving MCEJ table memory at [mem 0x6f7f9000-0x6f7f912f]
[    0.015954] ACPI: Reserving BERT table memory at [mem 0x6f7f8000-0x6f7f802f]
[    0.015955] ACPI: Reserving ERST table memory at [mem 0x6f7f7000-0x6f7f722f]
[    0.015956] ACPI: Reserving SSDT table memory at [mem 0x6f431000-0x6f7f624d]
[    0.015956] ACPI: Reserving HMAT table memory at [mem 0x6f42f000-0x6f42f20f]
[    0.015957] ACPI: Reserving HPET table memory at [mem 0x6f42e000-0x6f42e037]
[    0.015958] ACPI: Reserving MCFG table memory at [mem 0x6f42d000-0x6f42d03b]
[    0.015959] ACPI: Reserving MIGT table memory at [mem 0x6f42c000-0x6f42c03f]
[    0.015960] ACPI: Reserving MSCT table memory at [mem 0x6f42b000-0x6f42b08f]
[    0.015961] ACPI: Reserving PMTT table memory at [mem 0x6f429000-0x6f42a1e7]
[    0.015962] ACPI: Reserving WSMT table memory at [mem 0x6f428000-0x6f428027]
[    0.015963] ACPI: Reserving APIC table memory at [mem 0x6f427000-0x6f42775d]
[    0.015964] ACPI: Reserving SLIT table memory at [mem 0x6f426000-0x6f42603b]
[    0.015965] ACPI: Reserving SRAT table memory at [mem 0x6f41f000-0x6f42542f]
[    0.015966] ACPI: Reserving OEM4 table memory at [mem 0x4b346000-0x4b4cda60]
[    0.015967] ACPI: Reserving SSDT table memory at [mem 0x4b2cf000-0x4b3454a4]
[    0.015968] ACPI: Reserving SSDT table memory at [mem 0x6f41e000-0x6f41ea1e]
[    0.015969] ACPI: Reserving HEST table memory at [mem 0x6f41d000-0x6f41d17b]
[    0.015970] ACPI: Reserving PCAT table memory at [mem 0x6f41b000-0x6f41b10b]
[    0.015970] ACPI: Reserving SSDT table memory at [mem 0x6f413000-0x6f41a298]
[    0.015971] ACPI: Reserving SSDT table memory at [mem 0x6f412000-0x6f412425]
[    0.015972] ACPI: Reserving NFIT table memory at [mem 0x6f7fd000-0x6f7fd487]
[    0.015973] ACPI: Reserving DMAR table memory at [mem 0x6f411000-0x6f411157]
[    0.015985] Setting APIC routing to cluster x2apic.
[    0.016035] SRAT: PXM 0 -> APIC 0x0000 -> Node 0
[    0.016036] SRAT: PXM 0 -> APIC 0x0001 -> Node 0
[    0.016037] SRAT: PXM 0 -> APIC 0x0002 -> Node 0
[    0.016038] SRAT: PXM 0 -> APIC 0x0003 -> Node 0
[    0.016038] SRAT: PXM 0 -> APIC 0x0004 -> Node 0
[    0.016039] SRAT: PXM 0 -> APIC 0x0005 -> Node 0
[    0.016040] SRAT: PXM 0 -> APIC 0x0006 -> Node 0
[    0.016040] SRAT: PXM 0 -> APIC 0x0007 -> Node 0
[    0.016041] SRAT: PXM 0 -> APIC 0x0008 -> Node 0
[    0.016042] SRAT: PXM 0 -> APIC 0x0009 -> Node 0
[    0.016042] SRAT: PXM 0 -> APIC 0x000a -> Node 0
[    0.016043] SRAT: PXM 0 -> APIC 0x000b -> Node 0
[    0.016044] SRAT: PXM 0 -> APIC 0x000c -> Node 0
[    0.016045] SRAT: PXM 0 -> APIC 0x000d -> Node 0
[    0.016046] SRAT: PXM 0 -> APIC 0x000e -> Node 0
[    0.016047] SRAT: PXM 0 -> APIC 0x000f -> Node 0
[    0.016048] SRAT: PXM 0 -> APIC 0x0010 -> Node 0
[    0.016049] SRAT: PXM 0 -> APIC 0x0011 -> Node 0
[    0.016050] SRAT: PXM 0 -> APIC 0x0012 -> Node 0
[    0.016050] SRAT: PXM 0 -> APIC 0x0013 -> Node 0
[    0.016051] SRAT: PXM 0 -> APIC 0x0014 -> Node 0
[    0.016052] SRAT: PXM 0 -> APIC 0x0015 -> Node 0
[    0.016052] SRAT: PXM 0 -> APIC 0x0016 -> Node 0
[    0.016053] SRAT: PXM 0 -> APIC 0x0017 -> Node 0
[    0.016054] SRAT: PXM 0 -> APIC 0x0018 -> Node 0
[    0.016054] SRAT: PXM 0 -> APIC 0x0019 -> Node 0
[    0.016055] SRAT: PXM 0 -> APIC 0x001a -> Node 0
[    0.016056] SRAT: PXM 0 -> APIC 0x001b -> Node 0
[    0.016056] SRAT: PXM 0 -> APIC 0x001c -> Node 0
[    0.016057] SRAT: PXM 0 -> APIC 0x001d -> Node 0
[    0.016058] SRAT: PXM 0 -> APIC 0x001e -> Node 0
[    0.016058] SRAT: PXM 0 -> APIC 0x001f -> Node 0
[    0.016059] SRAT: PXM 0 -> APIC 0x0020 -> Node 0
[    0.016060] SRAT: PXM 0 -> APIC 0x0021 -> Node 0
[    0.016060] SRAT: PXM 0 -> APIC 0x0022 -> Node 0
[    0.016061] SRAT: PXM 0 -> APIC 0x0023 -> Node 0
[    0.016062] SRAT: PXM 0 -> APIC 0x0024 -> Node 0
[    0.016062] SRAT: PXM 0 -> APIC 0x0025 -> Node 0
[    0.016063] SRAT: PXM 0 -> APIC 0x0026 -> Node 0
[    0.016064] SRAT: PXM 0 -> APIC 0x0027 -> Node 0
[    0.016064] SRAT: PXM 0 -> APIC 0x0028 -> Node 0
[    0.016065] SRAT: PXM 0 -> APIC 0x0029 -> Node 0
[    0.016066] SRAT: PXM 0 -> APIC 0x002a -> Node 0
[    0.016066] SRAT: PXM 0 -> APIC 0x002b -> Node 0
[    0.016067] SRAT: PXM 0 -> APIC 0x002c -> Node 0
[    0.016068] SRAT: PXM 0 -> APIC 0x002d -> Node 0
[    0.016068] SRAT: PXM 0 -> APIC 0x002e -> Node 0
[    0.016069] SRAT: PXM 0 -> APIC 0x002f -> Node 0
[    0.016070] SRAT: PXM 0 -> APIC 0x0030 -> Node 0
[    0.016070] SRAT: PXM 0 -> APIC 0x0031 -> Node 0
[    0.016071] SRAT: PXM 0 -> APIC 0x0032 -> Node 0
[    0.016072] SRAT: PXM 0 -> APIC 0x0033 -> Node 0
[    0.016072] SRAT: PXM 0 -> APIC 0x0034 -> Node 0
[    0.016073] SRAT: PXM 0 -> APIC 0x0035 -> Node 0
[    0.016074] SRAT: PXM 0 -> APIC 0x0036 -> Node 0
[    0.016074] SRAT: PXM 0 -> APIC 0x0037 -> Node 0
[    0.016075] SRAT: PXM 1 -> APIC 0x0080 -> Node 1
[    0.016076] SRAT: PXM 1 -> APIC 0x0081 -> Node 1
[    0.016076] SRAT: PXM 1 -> APIC 0x0082 -> Node 1
[    0.016077] SRAT: PXM 1 -> APIC 0x0083 -> Node 1
[    0.016078] SRAT: PXM 1 -> APIC 0x0084 -> Node 1
[    0.016079] SRAT: PXM 1 -> APIC 0x0085 -> Node 1
[    0.016080] SRAT: PXM 1 -> APIC 0x0086 -> Node 1
[    0.016081] SRAT: PXM 1 -> APIC 0x0087 -> Node 1
[    0.016082] SRAT: PXM 1 -> APIC 0x0088 -> Node 1
[    0.016082] SRAT: PXM 1 -> APIC 0x0089 -> Node 1
[    0.016083] SRAT: PXM 1 -> APIC 0x008a -> Node 1
[    0.016084] SRAT: PXM 1 -> APIC 0x008b -> Node 1
[    0.016084] SRAT: PXM 1 -> APIC 0x008c -> Node 1
[    0.016085] SRAT: PXM 1 -> APIC 0x008d -> Node 1
[    0.016086] SRAT: PXM 1 -> APIC 0x008e -> Node 1
[    0.016086] SRAT: PXM 1 -> APIC 0x008f -> Node 1
[    0.016087] SRAT: PXM 1 -> APIC 0x0090 -> Node 1
[    0.016087] SRAT: PXM 1 -> APIC 0x0091 -> Node 1
[    0.016088] SRAT: PXM 1 -> APIC 0x0092 -> Node 1
[    0.016089] SRAT: PXM 1 -> APIC 0x0093 -> Node 1
[    0.016089] SRAT: PXM 1 -> APIC 0x0094 -> Node 1
[    0.016090] SRAT: PXM 1 -> APIC 0x0095 -> Node 1
[    0.016091] SRAT: PXM 1 -> APIC 0x0096 -> Node 1
[    0.016091] SRAT: PXM 1 -> APIC 0x0097 -> Node 1
[    0.016092] SRAT: PXM 1 -> APIC 0x0098 -> Node 1
[    0.016093] SRAT: PXM 1 -> APIC 0x0099 -> Node 1
[    0.016093] SRAT: PXM 1 -> APIC 0x009a -> Node 1
[    0.016094] SRAT: PXM 1 -> APIC 0x009b -> Node 1
[    0.016095] SRAT: PXM 1 -> APIC 0x009c -> Node 1
[    0.016095] SRAT: PXM 1 -> APIC 0x009d -> Node 1
[    0.016096] SRAT: PXM 1 -> APIC 0x009e -> Node 1
[    0.016097] SRAT: PXM 1 -> APIC 0x009f -> Node 1
[    0.016097] SRAT: PXM 1 -> APIC 0x00a0 -> Node 1
[    0.016098] SRAT: PXM 1 -> APIC 0x00a1 -> Node 1
[    0.016099] SRAT: PXM 1 -> APIC 0x00a2 -> Node 1
[    0.016099] SRAT: PXM 1 -> APIC 0x00a3 -> Node 1
[    0.016100] SRAT: PXM 1 -> APIC 0x00a4 -> Node 1
[    0.016101] SRAT: PXM 1 -> APIC 0x00a5 -> Node 1
[    0.016101] SRAT: PXM 1 -> APIC 0x00a6 -> Node 1
[    0.016102] SRAT: PXM 1 -> APIC 0x00a7 -> Node 1
[    0.016102] SRAT: PXM 1 -> APIC 0x00a8 -> Node 1
[    0.016103] SRAT: PXM 1 -> APIC 0x00a9 -> Node 1
[    0.016104] SRAT: PXM 1 -> APIC 0x00aa -> Node 1
[    0.016104] SRAT: PXM 1 -> APIC 0x00ab -> Node 1
[    0.016105] SRAT: PXM 1 -> APIC 0x00ac -> Node 1
[    0.016106] SRAT: PXM 1 -> APIC 0x00ad -> Node 1
[    0.016106] SRAT: PXM 1 -> APIC 0x00ae -> Node 1
[    0.016107] SRAT: PXM 1 -> APIC 0x00af -> Node 1
[    0.016108] SRAT: PXM 1 -> APIC 0x00b0 -> Node 1
[    0.016109] SRAT: PXM 1 -> APIC 0x00b1 -> Node 1
[    0.016110] SRAT: PXM 1 -> APIC 0x00b2 -> Node 1
[    0.016110] SRAT: PXM 1 -> APIC 0x00b3 -> Node 1
[    0.016111] SRAT: PXM 1 -> APIC 0x00b4 -> Node 1
[    0.016112] SRAT: PXM 1 -> APIC 0x00b5 -> Node 1
[    0.016113] SRAT: PXM 1 -> APIC 0x00b6 -> Node 1
[    0.016114] SRAT: PXM 1 -> APIC 0x00b7 -> Node 1
[    0.016126] ACPI: SRAT: Node 0 PXM 0 [mem 0x00000000-0x7fffffff]
[    0.016128] ACPI: SRAT: Node 0 PXM 0 [mem 0x100000000-0x107fffffff]
[    0.016129] ACPI: SRAT: Node 2 PXM 2 [mem 0x2080000000-0x9e7fffffff] non-volatile
[    0.016130] ACPI: SRAT: Node 1 PXM 1 [mem 0x1080000000-0x207fffffff]
[    0.016132] ACPI: SRAT: Node 3 PXM 3 [mem 0x9e80000000-0x11c7fffffff] non-volatile
[    0.016141] NUMA: Initialized distance table, cnt=4
[    0.016145] NUMA: Node 0 [mem 0x00000000-0x7fffffff] + [mem 0x100000000-0x107fffffff] -> [mem 0x00000000-0x107fffffff]
[    0.016154] NODE_DATA(0) allocated [mem 0xffffd5000-0xfffffffff]
[    0.016172] NODE_DATA(1) allocated [mem 0x205de33000-0x205de5dfff]
[    0.016344] Zone ranges:
[    0.016345]   DMA      [mem 0x0000000000001000-0x0000000000ffffff]
[    0.016347]   DMA32    [mem 0x0000000001000000-0x00000000ffffffff]
[    0.016348]   Normal   [mem 0x0000000100000000-0x000000207fffffff]
[    0.016350]   Device   empty
[    0.016351] Movable zone start for each node
[    0.016354] Early memory node ranges
[    0.016355]   node   0: [mem 0x0000000000001000-0x000000000008efff]
[    0.016356]   node   0: [mem 0x0000000000090000-0x000000000009ffff]
[    0.016357]   node   0: [mem 0x0000000000100000-0x0000000049e76fff]
[    0.016358]   node   0: [mem 0x000000004ae77000-0x000000004b2cefff]
[    0.016359]   node   0: [mem 0x000000004b54e000-0x000000004bd93fff]
[    0.016360]   node   0: [mem 0x000000004be9a000-0x000000004cdfffff]
[    0.016361]   node   0: [mem 0x000000004d000000-0x000000005eefdfff]
[    0.016361]   node   0: [mem 0x000000006f7ff000-0x000000006f7fffff]
[    0.016362]   node   0: [mem 0x0000000c47600000-0x0000000fffffffff]
[    0.016364]   node   1: [mem 0x0000001ec0000000-0x000000207fffffff]
[    0.016365] Initmem setup node 0 [mem 0x0000000000001000-0x0000000fffffffff]
[    0.016369] Initmem setup node 1 [mem 0x0000001ec0000000-0x000000207fffffff]
[    0.016370] Initializing node 2 as memoryless
[    0.016394] Initmem setup node 2 as memoryless
[    0.016395] Initializing node 3 as memoryless
[    0.016419] Initmem setup node 3 as memoryless
[    0.016421] On node 0, zone DMA: 1 pages in unavailable ranges
[    0.016422] On node 0, zone DMA: 1 pages in unavailable ranges
[    0.016448] On node 0, zone DMA: 96 pages in unavailable ranges
[    0.018241] On node 0, zone DMA32: 4096 pages in unavailable ranges
[    0.018261] On node 0, zone DMA32: 639 pages in unavailable ranges
[    0.018288] On node 0, zone DMA32: 262 pages in unavailable ranges
[    0.018730] On node 0, zone DMA32: 512 pages in unavailable ranges
[    0.018999] On node 0, zone DMA32: 35073 pages in unavailable ranges
[    0.048350] On node 0, zone Normal: 32256 pages in unavailable ranges
[    0.062655] ACPI: PM-Timer IO Port: 0x508
[    0.062677] ACPI: X2APIC_NMI (uid[0xffffffff] high edge lint[0x1])
[    0.062680] ACPI: LAPIC_NMI (acpi_id[0xff] high edge lint[0x1])
[    0.062701] IOAPIC[0]: apic_id 8, version 32, address 0xfec00000, GSI 0-119
[    0.062704] ACPI: INT_SRC_OVR (bus 0 bus_irq 0 global_irq 2 dfl dfl)
[    0.062707] ACPI: INT_SRC_OVR (bus 0 bus_irq 9 global_irq 9 high level)
[    0.062711] ACPI: Using ACPI (MADT) for SMP configuration information
[    0.062713] ACPI: HPET id: 0x8086a701 base: 0xfed00000
[    0.062718] TSC deadline timer available
[    0.062720] smpboot: Allowing 112 CPUs, 0 hotplug CPUs
[    0.062751] PM: hibernation: Registered nosave memory: [mem 0x00000000-0x00000fff]
[    0.062753] PM: hibernation: Registered nosave memory: [mem 0x0008f000-0x0008ffff]
[    0.062755] PM: hibernation: Registered nosave memory: [mem 0x000a0000-0x000fffff]
[    0.062757] PM: hibernation: Registered nosave memory: [mem 0x46cc4000-0x46cc4fff]
[    0.062759] PM: hibernation: Registered nosave memory: [mem 0x46cf5000-0x46cf5fff]
[    0.062760] PM: hibernation: Registered nosave memory: [mem 0x46cf6000-0x46cf6fff]
[    0.062762] PM: hibernation: Registered nosave memory: [mem 0x46d28000-0x46d28fff]
[    0.062762] PM: hibernation: Registered nosave memory: [mem 0x46d29000-0x46d29fff]
[    0.062764] PM: hibernation: Registered nosave memory: [mem 0x46d5b000-0x46d5bfff]
[    0.062765] PM: hibernation: Registered nosave memory: [mem 0x46d5c000-0x46d5cfff]
[    0.062767] PM: hibernation: Registered nosave memory: [mem 0x46d64000-0x46d64fff]
[    0.062769] PM: hibernation: Registered nosave memory: [mem 0x49e77000-0x4ae76fff]
[    0.062770] PM: hibernation: Registered nosave memory: [mem 0x4b2cf000-0x4b54dfff]
[    0.062772] PM: hibernation: Registered nosave memory: [mem 0x4bd94000-0x4be99fff]
[    0.062774] PM: hibernation: Registered nosave memory: [mem 0x4ce00000-0x4cffffff]
[    0.062776] PM: hibernation: Registered nosave memory: [mem 0x5eefe000-0x6e3fefff]
[    0.062777] PM: hibernation: Registered nosave memory: [mem 0x6e3ff000-0x6f3fefff]
[    0.062777] PM: hibernation: Registered nosave memory: [mem 0x6f3ff000-0x6f7fefff]
[    0.062779] PM: hibernation: Registered nosave memory: [mem 0x6f800000-0x8fffffff]
[    0.062780] PM: hibernation: Registered nosave memory: [mem 0x90000000-0xfdffffff]
[    0.062781] PM: hibernation: Registered nosave memory: [mem 0xfe000000-0xfe010fff]
[    0.062782] PM: hibernation: Registered nosave memory: [mem 0xfe011000-0xffffffff]
[    0.062782] PM: hibernation: Registered nosave memory: [mem 0x100000000-0xc475fffff]
[    0.062784] PM: hibernation: Registered nosave memory: [mem 0x1000000000-0x1ebfffffff]
[    0.062786] [mem 0x90000000-0xfdffffff] available for PCI devices
[    0.062789] Booting paravirtualized kernel on bare hardware
[    0.062792] clocksource: refined-jiffies: mask: 0xffffffff max_cycles: 0xffffffff, max_idle_ns: 7645519600211568 ns
[    0.062799] setup_percpu: NR_CPUS:8192 nr_cpumask_bits:112 nr_cpu_ids:112 nr_node_ids:4
[    0.067506] percpu: Embedded 61 pages/cpu s212992 r8192 d28672 u262144
[    0.067519] pcpu-alloc: s212992 r8192 d28672 u262144 alloc=1*2097152
[    0.067522] pcpu-alloc: [0] 000 002 004 006 008 010 012 014 
[    0.067529] pcpu-alloc: [0] 016 018 020 022 024 026 028 030 
[    0.067533] pcpu-alloc: [0] 032 034 036 038 040 042 044 046 
[    0.067538] pcpu-alloc: [0] 048 050 052 054 056 058 060 062 
[    0.067543] pcpu-alloc: [0] 064 066 068 070 072 074 076 078 
[    0.067547] pcpu-alloc: [0] 080 082 084 086 088 090 092 094 
[    0.067551] pcpu-alloc: [0] 096 098 100 102 104 106 108 110 
[    0.067556] pcpu-alloc: [1] 001 003 005 007 009 011 013 015 
[    0.067561] pcpu-alloc: [1] 017 019 021 023 025 027 029 031 
[    0.067565] pcpu-alloc: [1] 033 035 037 039 041 043 045 047 
[    0.067570] pcpu-alloc: [1] 049 051 053 055 057 059 061 063 
[    0.067574] pcpu-alloc: [1] 065 067 069 071 073 075 077 079 
[    0.067579] pcpu-alloc: [1] 081 083 085 087 089 091 093 095 
[    0.067583] pcpu-alloc: [1] 097 099 101 103 105 107 109 111 
[    0.067633] Fallback order for Node 0: 0 1 
[    0.067636] Fallback order for Node 1: 1 0 
[    0.067638] Fallback order for Node 2: 2 0 1 
[    0.067641] Fallback order for Node 3: 3 1 0 
[    0.067649] Built 2 zonelists, mobility grouping on.  Total pages: 6023404
[    0.067651] Policy zone: Normal
[    0.067653] Kernel command line: BOOT_IMAGE=/boot/vmlinuz-5.18.0 root=UUID=ce0c24b8-724b-4f33-9b2c-618433560aef ro memmap=46198M!4096M memmap=59G!64G quiet splash nomodeset vt.handoff=1
[    0.067784] Booted with the nomodeset parameter. Only the system framebuffer will be available
[    0.067807] Unknown kernel command line parameters "splash BOOT_IMAGE=/boot/vmlinuz-5.18.0", will be passed to user space.
[    0.067809] printk: log_buf_len individual max cpu contribution: 4096 bytes
[    0.067810] printk: log_buf_len total cpu_extra contributions: 454656 bytes
[    0.067811] printk: log_buf_len min size: 262144 bytes
[    0.068784] printk: log_buf_len: 1048576 bytes
[    0.068785] printk: early log buf free: 223664(85%)
[    0.070697] mem auto-init: stack:off, heap alloc:on, heap free:off
[    0.135772] Memory: 23265196K/24480864K available (16392K kernel code, 3615K rwdata, 10444K rodata, 2688K init, 5836K bss, 1215408K reserved, 0K cma-reserved)
[    0.135780] random: get_random_u64 called from __kmem_cache_create+0x2d/0x480 with crng_init=0
[    0.136493] SLUB: HWalign=64, Order=0-3, MinObjects=0, CPUs=112, Nodes=4
[    0.136525] ftrace: allocating 48795 entries in 191 pages
[    0.145988] ftrace: allocated 191 pages with 7 groups
[    0.147067] Dynamic Preempt: voluntary
[    0.147401] rcu: Preemptible hierarchical RCU implementation.
[    0.147402] rcu: 	RCU restricting CPUs from NR_CPUS=8192 to nr_cpu_ids=112.
[    0.147403] 	Trampoline variant of Tasks RCU enabled.
[    0.147404] 	Rude variant of Tasks RCU enabled.
[    0.147405] 	Tracing variant of Tasks RCU enabled.
[    0.147406] rcu: RCU calculated value of scheduler-enlistment delay is 25 jiffies.
[    0.147407] rcu: Adjusting geometry for rcu_fanout_leaf=16, nr_cpu_ids=112
[    0.151297] NR_IRQS: 524544, nr_irqs: 2952, preallocated irqs: 16
[    0.151652] random: crng init done (trusting CPU's manufacturer)
[    0.151793] Console: colour dummy device 80x25
[    0.151828] printk: console [tty0] enabled
[    0.152023] mempolicy: Enabling automatic NUMA balancing. Configure with numa_balancing= or the kernel.numa_balancing sysctl
[    0.152028] ACPI: Core revision 20211217
[    0.155434] clocksource: hpet: mask: 0xffffffff max_cycles: 0xffffffff, max_idle_ns: 79635855245 ns
[    0.155482] APIC: Switch to symmetric I/O mode setup
[    0.155485] DMAR: Host address width 46
[    0.155487] DMAR: DRHD base: 0x000000d0ffc000 flags: 0x0
[    0.155492] DMAR: dmar0: reg_base_addr d0ffc000 ver 4:0 cap 8ed008c40780466 ecap 60000f050df
[    0.155495] DMAR: DRHD base: 0x000000dbbfc000 flags: 0x0
[    0.155499] DMAR: dmar1: reg_base_addr dbbfc000 ver 4:0 cap 8ed008c40780466 ecap 60000f050df
[    0.155501] DMAR: DRHD base: 0x000000e67fc000 flags: 0x0
[    0.155504] DMAR: dmar2: reg_base_addr e67fc000 ver 4:0 cap 8ed008c40780466 ecap 60000f050df
[    0.155506] DMAR: DRHD base: 0x000000f13fc000 flags: 0x0
[    0.155509] DMAR: dmar3: reg_base_addr f13fc000 ver 4:0 cap 8ed008c40780466 ecap 60000f050df
[    0.155511] DMAR: DRHD base: 0x000000fb7fc000 flags: 0x0
[    0.155513] DMAR: dmar4: reg_base_addr fb7fc000 ver 4:0 cap 8ed008c40780466 ecap 60000f050df
[    0.155515] DMAR: DRHD base: 0x000000a63fc000 flags: 0x0
[    0.155518] DMAR: dmar5: reg_base_addr a63fc000 ver 4:0 cap 8ed008c40780466 ecap 60000f050df
[    0.155520] DMAR: DRHD base: 0x000000b0ffc000 flags: 0x0
[    0.155526] DMAR: dmar6: reg_base_addr b0ffc000 ver 4:0 cap 8ed008c40780466 ecap 60000f050df
[    0.155528] DMAR: DRHD base: 0x000000bbbfc000 flags: 0x0
[    0.155531] DMAR: dmar7: reg_base_addr bbbfc000 ver 4:0 cap 8ed008c40780466 ecap 60000f050df
[    0.155533] DMAR: DRHD base: 0x000000c5ffc000 flags: 0x0
[    0.155535] DMAR: dmar8: reg_base_addr c5ffc000 ver 4:0 cap 8ed008c40780466 ecap 60000f050df
[    0.155537] DMAR: DRHD base: 0x0000009b7fc000 flags: 0x1
[    0.155540] DMAR: dmar9: reg_base_addr 9b7fc000 ver 4:0 cap 8ed008c40780466 ecap 60000f050df
[    0.155542] DMAR: RMRR base: 0x00000069427000 end: 0x00000069429fff
[    0.155544] DMAR: ATSR flags: 0x0
[    0.155546] DMAR-IR: IOAPIC id 8 under DRHD base  0x9b7fc000 IOMMU 9
[    0.155548] DMAR-IR: HPET id 0 under DRHD base 0x9b7fc000
[    0.155549] DMAR-IR: Queued invalidation will be enabled to support x2apic and Intr-remapping.
[    0.158453] DMAR-IR: Enabled IRQ remapping in x2apic mode
[    0.161093] ..TIMER: vector=0x30 apic1=0 pin1=2 apic2=-1 pin2=-1
[    0.179409] clocksource: tsc-early: mask: 0xffffffffffffffff max_cycles: 0x39a85c9bff6, max_idle_ns: 881590591483 ns
[    0.179415] Calibrating delay loop (skipped), value calculated using timer frequency.. 4000.00 BogoMIPS (lpj=8000000)
[    0.179418] pid_max: default: 114688 minimum: 896
[    0.183313] LSM: Security Framework initializing
[    0.183329] Yama: becoming mindful.
[    0.183371] AppArmor: AppArmor initialized
[    0.187313] Dentry cache hash table entries: 4194304 (order: 13, 33554432 bytes, vmalloc hugepage)
[    0.189304] Inode-cache hash table entries: 2097152 (order: 12, 16777216 bytes, vmalloc hugepage)
[    0.189414] Mount-cache hash table entries: 65536 (order: 7, 524288 bytes, vmalloc)
[    0.189484] Mountpoint-cache hash table entries: 65536 (order: 7, 524288 bytes, vmalloc)
[    0.190083] x86/tme: not enabled by BIOS
[    0.190092] CPU0: Thermal monitoring enabled (TM1)
[    0.190096] x86/cpu: User Mode Instruction Prevention (UMIP) activated
[    0.190332] process: using mwait in idle threads
[    0.190334] Last level iTLB entries: 4KB 0, 2MB 0, 4MB 0
[    0.190335] Last level dTLB entries: 4KB 0, 2MB 0, 4MB 0, 1GB 0
[    0.190342] Spectre V1 : Mitigation: usercopy/swapgs barriers and __user pointer sanitization
[    0.190344] Spectre V2 : WARNING: Unprivileged eBPF is enabled with eIBRS on, data leaks possible via Spectre v2 BHB attacks!
[    0.190349] Spectre V2 : Mitigation: Enhanced IBRS
[    0.190350] Spectre V2 : Spectre v2 / SpectreRSB mitigation: Filling RSB on context switch
[    0.190352] Spectre V2 : mitigation: Enabling conditional Indirect Branch Prediction Barrier
[    0.190353] Speculative Store Bypass: Mitigation: Speculative Store Bypass disabled via prctl
[    0.196008] Freeing SMP alternatives memory: 40K
[    0.199569] smpboot: Estimated ratio of average max frequency by base frequency (times 1024): 1433
[    0.199585] smpboot: CPU0: Intel(R) Xeon(R) Gold 6330 CPU @ 2.00GHz (family: 0x6, model: 0x6a, stepping: 0x6)
[    0.199809] cblist_init_generic: Setting adjustable number of callback queues.
[    0.199824] cblist_init_generic: Setting shift to 7 and lim to 1.
[    0.199851] cblist_init_generic: Setting shift to 7 and lim to 1.
[    0.199882] cblist_init_generic: Setting shift to 7 and lim to 1.
[    0.199894] Performance Events: PEBS fmt4+-baseline,  AnyThread deprecated, Icelake events, 32-deep LBR, full-width counters, Intel PMU driver.
[    0.199932] ... version:                5
[    0.199933] ... bit width:              48
[    0.199933] ... generic registers:      8
[    0.199934] ... value mask:             0000ffffffffffff
[    0.199935] ... max period:             00007fffffffffff
[    0.199935] ... fixed-purpose events:   4
[    0.199936] ... event mask:             0001000f000000ff
[    0.200087] rcu: Hierarchical SRCU implementation.
[    0.207297] NMI watchdog: Enabled. Permanently consumes one hw-PMU counter.
[    0.208391] smp: Bringing up secondary CPUs ...
[    0.208515] x86: Booting SMP configuration:
[    0.208516] .... node  #1, CPUs:          #1
[    0.007768] smpboot: CPU 1 Converting physical 0 to logical die 1

[    0.295541] .... node  #0, CPUs:     #2
[    0.300922] .... node  #1, CPUs:     #3
[    0.306383] .... node  #0, CPUs:     #4
[    0.311758] .... node  #1, CPUs:     #5
[    0.317186] .... node  #0, CPUs:     #6
[    0.322775] .... node  #1, CPUs:     #7
[    0.328402] .... node  #0, CPUs:     #8
[    0.333695] .... node  #1, CPUs:     #9
[    0.339519] .... node  #0, CPUs:    #10
[    0.345197] .... node  #1, CPUs:    #11
[    0.350971] .... node  #0, CPUs:    #12
[    0.356495] .... node  #1, CPUs:    #13
[    0.361882] .... node  #0, CPUs:    #14
[    0.367127] .... node  #1, CPUs:    #15
[    0.372479] .... node  #0, CPUs:    #16
[    0.377758] .... node  #1, CPUs:    #17
[    0.383096] .... node  #0, CPUs:    #18
[    0.388357] .... node  #1, CPUs:    #19
[    0.394039] .... node  #0, CPUs:    #20
[    0.399556] .... node  #1, CPUs:    #21
[    0.404940] .... node  #0, CPUs:    #22
[    0.410384] .... node  #1, CPUs:    #23
[    0.415695] .... node  #0, CPUs:    #24
[    0.421332] .... node  #1, CPUs:    #25
[    0.426707] .... node  #0, CPUs:    #26
[    0.431931] .... node  #1, CPUs:    #27
[    0.437295] .... node  #0, CPUs:    #28
[    0.442809] .... node  #1, CPUs:    #29
[    0.448144] .... node  #0, CPUs:    #30
[    0.453379] .... node  #1, CPUs:    #31
[    0.458904] .... node  #0, CPUs:    #32
[    0.464193] .... node  #1, CPUs:    #33
[    0.469607] .... node  #0, CPUs:    #34
[    0.475065] .... node  #1, CPUs:    #35
[    0.480407] .... node  #0, CPUs:    #36
[    0.485635] .... node  #1, CPUs:    #37
[    0.490987] .... node  #0, CPUs:    #38
[    0.496553] .... node  #1, CPUs:    #39
[    0.502135] .... node  #0, CPUs:    #40
[    0.507742] .... node  #1, CPUs:    #41
[    0.513529] .... node  #0, CPUs:    #42
[    0.518850] .... node  #1, CPUs:    #43
[    0.524528] .... node  #0, CPUs:    #44
[    0.529907] .... node  #1, CPUs:    #45
[    0.535526] .... node  #0, CPUs:    #46
[    0.540969] .... node  #1, CPUs:    #47
[    0.546457] .... node  #0, CPUs:    #48
[    0.551801] .... node  #1, CPUs:    #49
[    0.557288] .... node  #0, CPUs:    #50
[    0.562794] .... node  #1, CPUs:    #51
[    0.568462] .... node  #0, CPUs:    #52
[    0.573936] .... node  #1, CPUs:    #53
[    0.579572] .... node  #0, CPUs:    #54
[    0.585283] .... node  #1, CPUs:    #55
[    0.591129] .... node  #0, CPUs:    #56
[    0.595413] .... node  #1, CPUs:    #57
[    0.599193] .... node  #0, CPUs:    #58
[    0.604629] .... node  #1, CPUs:    #59
[    0.610105] .... node  #0, CPUs:    #60
[    0.615589] .... node  #1, CPUs:    #61
[    0.620952] .... node  #0, CPUs:    #62
[    0.626560] .... node  #1, CPUs:    #63
[    0.632191] .... node  #0, CPUs:    #64
[    0.637510] .... node  #1, CPUs:    #65
[    0.643520] .... node  #0, CPUs:    #66
[    0.649061] .... node  #1, CPUs:    #67
[    0.654863] .... node  #0, CPUs:    #68
[    0.660411] .... node  #1, CPUs:    #69
[    0.665817] .... node  #0, CPUs:    #70
[    0.671084] .... node  #1, CPUs:    #71
[    0.676471] .... node  #0, CPUs:    #72
[    0.681773] .... node  #1, CPUs:    #73
[    0.687136] .... node  #0, CPUs:    #74
[    0.692420] .... node  #1, CPUs:    #75
[    0.698115] .... node  #0, CPUs:    #76
[    0.703593] .... node  #1, CPUs:    #77
[    0.709055] .... node  #0, CPUs:    #78
[    0.714524] .... node  #1, CPUs:    #79
[    0.719867] .... node  #0, CPUs:    #80
[    0.725522] .... node  #1, CPUs:    #81
[    0.730919] .... node  #0, CPUs:    #82
[    0.736176] .... node  #1, CPUs:    #83
[    0.741548] .... node  #0, CPUs:    #84
[    0.747082] .... node  #1, CPUs:    #85
[    0.752426] .... node  #0, CPUs:    #86
[    0.757692] .... node  #1, CPUs:    #87
[    0.763472] .... node  #0, CPUs:    #88
[    0.768581] .... node  #1, CPUs:    #89
[    0.774017] .... node  #0, CPUs:    #90
[    0.779609] .... node  #1, CPUs:    #91
[    0.784876] .... node  #0, CPUs:    #92
[    0.790120] .... node  #1, CPUs:    #93
[    0.795529] .... node  #0, CPUs:    #94
[    0.801091] .... node  #1, CPUs:    #95
[    0.806672] .... node  #0, CPUs:    #96
[    0.812309] .... node  #1, CPUs:    #97
[    0.818123] .... node  #0, CPUs:    #98
[    0.823598] .... node  #1, CPUs:    #99
[    0.829168] .... node  #0, CPUs:   #100
[    0.834555] .... node  #1, CPUs:   #101
[    0.840079] .... node  #0, CPUs:   #102
[    0.845640] .... node  #1, CPUs:   #103
[    0.851157] .... node  #0, CPUs:   #104
[    0.856534] .... node  #1, CPUs:   #105
[    0.862020] .... node  #0, CPUs:   #106
[    0.867594] .... node  #1, CPUs:   #107
[    0.873235] .... node  #0, CPUs:   #108
[    0.878742] .... node  #1, CPUs:   #109
[    0.884391] .... node  #0, CPUs:   #110
[    0.890125] .... node  #1, CPUs:   #111
[    0.896003] smp: Brought up 2 nodes, 112 CPUs
[    0.896003] smpboot: Max logical packages: 2
[    0.896003] smpboot: Total of 112 processors activated (448111.32 BogoMIPS)
[    0.902785] devtmpfs: initialized
[    0.902785] x86/mm: Memory block size: 2048MB
[    0.902785] ACPI: PM: Registering ACPI NVS region [mem 0x49e77000-0x4ae76fff] (16777216 bytes)
[    0.903576] ACPI: PM: Registering ACPI NVS region [mem 0x6e3ff000-0x6f3fefff] (16777216 bytes)
[    0.903869] clocksource: jiffies: mask: 0xffffffff max_cycles: 0xffffffff, max_idle_ns: 7645041785100000 ns
[    0.904169] futex hash table entries: 32768 (order: 9, 2097152 bytes, vmalloc)
[    0.904427] pinctrl core: initialized pinctrl subsystem
[    0.904592] PM: RTC time: 11:28:35, date: 2024-06-22
[    0.905501] NET: Registered PF_NETLINK/PF_ROUTE protocol family
[    0.906304] DMA: preallocated 4096 KiB GFP_KERNEL pool for atomic allocations
[    0.906810] DMA: preallocated 4096 KiB GFP_KERNEL|GFP_DMA pool for atomic allocations
[    0.907318] DMA: preallocated 4096 KiB GFP_KERNEL|GFP_DMA32 pool for atomic allocations
[    0.907327] audit: initializing netlink subsys (disabled)
[    0.907336] audit: type=2000 audit(1719055714.748:1): state=initialized audit_enabled=0 res=1
[    0.907513] thermal_sys: Registered thermal governor 'fair_share'
[    0.907514] thermal_sys: Registered thermal governor 'bang_bang'
[    0.907515] thermal_sys: Registered thermal governor 'step_wise'
[    0.907516] thermal_sys: Registered thermal governor 'user_space'
[    0.907521] EISA bus registered
[    0.907549] cpuidle: using governor ladder
[    0.907549] cpuidle: using governor menu
[    0.907549] ACPI FADT declares the system doesn't support PCIe ASPM, so disable it
[    0.907549] acpiphp: ACPI Hot Plug PCI Controller Driver version: 0.5
[    0.907575] PCI: MMCONFIG for domain 0000 [bus 00-ff] at [mem 0x80000000-0x8fffffff] (base 0x80000000)
[    0.907581] PCI: MMCONFIG at [mem 0x80000000-0x8fffffff] reserved in E820
[    0.907589] pmd_set_huge: Cannot satisfy [mem 0x80000000-0x80200000] with a huge-page mapping due to MTRR override.
[    0.907792] PCI: Using configuration type 1 for base access
[    0.907802] PCI: Dell System detected, enabling pci=bfsort.
[    0.909961] ENERGY_PERF_BIAS: Set to 'normal', was 'performance'
[    0.912773] kprobes: kprobe jump-optimization is enabled. All kprobes are optimized if possible.
[    0.912778] HugeTLB registered 1.00 GiB page size, pre-allocated 0 pages
[    0.912778] HugeTLB registered 2.00 MiB page size, pre-allocated 0 pages
[    0.915763] fbcon: Taking over console
[    0.915763] ACPI: Added _OSI(Module Device)
[    0.915763] ACPI: Added _OSI(Processor Device)
[    0.915763] ACPI: Added _OSI(3.0 _SCP Extensions)
[    0.915763] ACPI: Added _OSI(Processor Aggregator Device)
[    0.915763] ACPI: Added _OSI(Linux-Dell-Video)
[    0.915763] ACPI: Added _OSI(Linux-Lenovo-NV-HDMI-Audio)
[    0.915763] ACPI: Added _OSI(Linux-HPI-Hybrid-Graphics)
[    1.084810] ACPI: 8 ACPI AML tables successfully acquired and loaded
[    1.091111] ACPI: [Firmware Bug]: BIOS _OSI(Linux) query ignored
[    1.100807] ACPI: Dynamic OEM Table Load:
[    1.509882] ACPI: Interpreter enabled
[    1.509904] ACPI: PM: (supports S0 S5)
[    1.509905] ACPI: Using IOAPIC for interrupt routing
[    1.509993] HEST: Table parsing has been initialized.
[    1.510178] GHES: APEI firmware first mode is enabled by APEI bit and WHEA _OSC.
[    1.510181] PCI: Using host bridge windows from ACPI; if necessary, use "pci=nocrs" and report a bug
[    1.539828] ACPI: Enabled 4 GPEs in block 00 to 7F
[    1.667615] ACPI: PCI Root Bridge [PC00] (domain 0000 [bus 00-15])
[    1.667623] acpi PNP0A08:00: _OSC: OS supports [ExtendedConfig ASPM ClockPM Segments MSI HPX-Type3]
[    1.736422] acpi PNP0A08:00: _OSC: platform does not support [SHPCHotplug AER LTR]
[    1.736647] acpi PNP0A08:00: _OSC: OS now controls [PCIeHotplug PME PCIeCapability]
[    1.736648] acpi PNP0A08:00: FADT indicates ASPM is unsupported, using BIOS configuration
[    1.738500] PCI host bridge to bus 0000:00
[    1.738502] pci_bus 0000:00: root bus resource [io  0x0000-0x0cf7 window]
[    1.738504] pci_bus 0000:00: root bus resource [io  0x1000-0x4fff window]
[    1.738506] pci_bus 0000:00: root bus resource [mem 0x000a0000-0x000bffff window]
[    1.738507] pci_bus 0000:00: root bus resource [mem 0x000c8000-0x000cffff window]
[    1.738508] pci_bus 0000:00: root bus resource [mem 0xfe010000-0xfe010fff window]
[    1.738509] pci_bus 0000:00: root bus resource [mem 0x90000000-0x9b7fffff window]
[    1.738511] pci_bus 0000:00: root bus resource [mem 0x200000000000-0x20ffffffffff window]
[    1.738512] pci_bus 0000:00: root bus resource [bus 00-15]
[    1.738528] pci 0000:00:00.0: [8086:09a2] type 00 class 0x088000
[    1.738634] pci 0000:00:00.1: [8086:09a4] type 00 class 0x088000
[    1.738703] pci 0000:00:00.2: [8086:09a3] type 00 class 0x088000
[    1.738769] pci 0000:00:00.4: [8086:0998] type 00 class 0x060000
[    1.738837] pci 0000:00:02.0: [8086:09a6] type 00 class 0x088000
[    1.738846] pci 0000:00:02.0: reg 0x10: [mem 0x92dfc000-0x92dfdfff]
[    1.738920] pci 0000:00:02.1: [8086:09a7] type 00 class 0x088000
[    1.738928] pci 0000:00:02.1: reg 0x10: [mem 0x92d00000-0x92d7ffff]
[    1.738933] pci 0000:00:02.1: reg 0x14: [mem 0x92c80000-0x92cfffff]
[    1.739007] pci 0000:00:02.4: [8086:3456] type 00 class 0x130000
[    1.739017] pci 0000:00:02.4: reg 0x10: [mem 0x92a00000-0x92afffff 64bit]
[    1.739024] pci 0000:00:02.4: reg 0x18: [mem 0x92df0000-0x92df3fff 64bit]
[    1.739031] pci 0000:00:02.4: reg 0x20: [mem 0x92dc0000-0x92ddffff 64bit]
[    1.739111] pci 0000:00:11.0: [8086:a1ec] type 00 class 0xff0000
[    1.739113] pci 0000:00:11.0: device has non-compliant BARs; disabling IO/MEM decoding
[    1.739204] pci 0000:00:11.5: [8086:a1d2] type 00 class 0x010601
[    1.739217] pci 0000:00:11.5: reg 0x10: [mem 0x92dfa000-0x92dfbfff]
[    1.739224] pci 0000:00:11.5: reg 0x14: [mem 0x92e05000-0x92e050ff]
[    1.739232] pci 0000:00:11.5: reg 0x18: [io  0x2068-0x206f]
[    1.739239] pci 0000:00:11.5: reg 0x1c: [io  0x2074-0x2077]
[    1.739247] pci 0000:00:11.5: reg 0x20: [io  0x2040-0x205f]
[    1.739254] pci 0000:00:11.5: reg 0x24: [mem 0x92b80000-0x92bfffff]
[    1.739292] pci 0000:00:11.5: PME# supported from D3hot
[    1.739509] pci 0000:00:14.0: [8086:a1af] type 00 class 0x0c0330
[    1.739526] pci 0000:00:14.0: reg 0x10: [mem 0x92de0000-0x92deffff 64bit]
[    1.739590] pci 0000:00:14.0: PME# supported from D3hot D3cold
[    1.739822] pci 0000:00:14.2: [8086:a1b1] type 00 class 0x118000
[    1.739840] pci 0000:00:14.2: reg 0x10: [mem 0x92e02000-0x92e02fff 64bit]
[    1.739963] pci 0000:00:16.0: [8086:a1ba] type 00 class 0x078000
[    1.739987] pci 0000:00:16.0: reg 0x10: [mem 0x92e01000-0x92e01fff 64bit]
[    1.740070] pci 0000:00:16.0: PME# supported from D3hot
[    1.740132] pci 0000:00:16.1: [8086:a1bb] type 00 class 0x078000
[    1.740155] pci 0000:00:16.1: reg 0x10: [mem 0x92e00000-0x92e00fff 64bit]
[    1.740238] pci 0000:00:16.1: PME# supported from D3hot
[    1.740303] pci 0000:00:16.4: [8086:a1be] type 00 class 0x078000
[    1.740327] pci 0000:00:16.4: reg 0x10: [mem 0x92dff000-0x92dfffff 64bit]
[    1.740409] pci 0000:00:16.4: PME# supported from D3hot
[    1.740480] pci 0000:00:17.0: [8086:a182] type 00 class 0x010601
[    1.740492] pci 0000:00:17.0: reg 0x10: [mem 0x92df8000-0x92df9fff]
[    1.740500] pci 0000:00:17.0: reg 0x14: [mem 0x92e04000-0x92e040ff]
[    1.740507] pci 0000:00:17.0: reg 0x18: [io  0x2060-0x2067]
[    1.740514] pci 0000:00:17.0: reg 0x1c: [io  0x2070-0x2073]
[    1.740521] pci 0000:00:17.0: reg 0x20: [io  0x2020-0x203f]
[    1.740529] pci 0000:00:17.0: reg 0x24: [mem 0x92b00000-0x92b7ffff]
[    1.740566] pci 0000:00:17.0: PME# supported from D3hot
[    1.740772] pci 0000:00:1c.0: [8086:a190] type 01 class 0x060400
[    1.740848] pci 0000:00:1c.0: PME# supported from D0 D3hot D3cold
[    1.741509] pci 0000:00:1c.4: [8086:a194] type 01 class 0x060400
[    1.741579] pci 0000:00:1c.4: PME# supported from D0 D3hot D3cold
[    1.742207] pci 0000:00:1c.5: [8086:a195] type 01 class 0x060400
[    1.742277] pci 0000:00:1c.5: PME# supported from D0 D3hot D3cold
[    1.742912] pci 0000:00:1f.0: [8086:a1cb] type 00 class 0x060100
[    1.743209] pci 0000:00:1f.2: [8086:a1a1] type 00 class 0x058000
[    1.743224] pci 0000:00:1f.2: reg 0x10: [mem 0x92df4000-0x92df7fff]
[    1.743540] pci 0000:00:1f.4: [8086:a1a3] type 00 class 0x0c0500
[    1.743560] pci 0000:00:1f.4: reg 0x10: [mem 0x92dfe000-0x92dfe0ff 64bit]
[    1.743583] pci 0000:00:1f.4: reg 0x20: [io  0x2000-0x201f]
[    1.743652] pci 0000:00:1f.5: [8086:a1a4] type 00 class 0x0c8000
[    1.743668] pci 0000:00:1f.5: reg 0x10: [mem 0xfe010000-0xfe010fff]
[    1.743800] pci 0000:00:1c.0: PCI bridge to [bus 01]
[    1.743851] pci 0000:02:00.0: [1556:be00] type 01 class 0x060400
[    1.744021] pci 0000:00:1c.4: PCI bridge to [bus 02-03]
[    1.744025] pci 0000:00:1c.4:   bridge window [mem 0x92000000-0x928fffff]
[    1.744029] pci 0000:00:1c.4:   bridge window [mem 0x91000000-0x91ffffff 64bit pref]
[    1.744062] pci_bus 0000:03: extended config space not accessible
[    1.744079] pci 0000:03:00.0: [102b:0536] type 00 class 0x030000
[    1.744098] pci 0000:03:00.0: reg 0x10: [mem 0x91000000-0x91ffffff pref]
[    1.744109] pci 0000:03:00.0: reg 0x14: [mem 0x92808000-0x9280bfff]
[    1.744120] pci 0000:03:00.0: reg 0x18: [mem 0x92000000-0x927fffff]
[    1.744167] pci 0000:03:00.0: BAR 0: assigned to efifb
[    1.744176] pci 0000:03:00.0: Video device with shadowed ROM at [mem 0x000c0000-0x000dffff]
[    1.744277] pci 0000:02:00.0: PCI bridge to [bus 03]
[    1.744286] pci 0000:02:00.0:   bridge window [mem 0x92000000-0x928fffff]
[    1.744291] pci 0000:02:00.0:   bridge window [mem 0x91000000-0x91ffffff 64bit pref]
[    1.744361] pci 0000:04:00.0: [14e4:165f] type 00 class 0x020000
[    1.744385] pci 0000:04:00.0: reg 0x10: [mem 0x92930000-0x9293ffff 64bit pref]
[    1.744401] pci 0000:04:00.0: reg 0x18: [mem 0x92940000-0x9294ffff 64bit pref]
[    1.744417] pci 0000:04:00.0: reg 0x20: [mem 0x92950000-0x9295ffff 64bit pref]
[    1.744427] pci 0000:04:00.0: reg 0x30: [mem 0xfffc0000-0xffffffff pref]
[    1.744522] pci 0000:04:00.0: PME# supported from D0 D3hot D3cold
[    1.744574] pci 0000:04:00.0: 4.000 Gb/s available PCIe bandwidth, limited by 5.0 GT/s PCIe x1 link at 0000:00:1c.5 (capable of 8.000 Gb/s with 5.0 GT/s PCIe x2 link)
[    1.745138] pci 0000:04:00.1: [14e4:165f] type 00 class 0x020000
[    1.745162] pci 0000:04:00.1: reg 0x10: [mem 0x92900000-0x9290ffff 64bit pref]
[    1.745178] pci 0000:04:00.1: reg 0x18: [mem 0x92910000-0x9291ffff 64bit pref]
[    1.745194] pci 0000:04:00.1: reg 0x20: [mem 0x92920000-0x9292ffff 64bit pref]
[    1.745204] pci 0000:04:00.1: reg 0x30: [mem 0xfffc0000-0xffffffff pref]
[    1.745299] pci 0000:04:00.1: PME# supported from D0 D3hot D3cold
[    1.745878] pci 0000:00:1c.5: PCI bridge to [bus 04]
[    1.745885] pci 0000:00:1c.5:   bridge window [mem 0x92900000-0x929fffff 64bit pref]
[    1.745900] pci_bus 0000:00: on NUMA node 0
[    1.746494] ACPI: PCI Root Bridge [PC01] (domain 0000 [bus 16-2f])
[    1.746499] acpi PNP0A08:01: _OSC: OS supports [ExtendedConfig ASPM ClockPM Segments MSI HPX-Type3]
[    1.761327] acpi PNP0A08:01: _OSC: platform does not support [SHPCHotplug AER]
[    1.761545] acpi PNP0A08:01: _OSC: OS now controls [PCIeHotplug PME PCIeCapability LTR]
[    1.761547] acpi PNP0A08:01: FADT indicates ASPM is unsupported, using BIOS configuration
[    1.761678] PCI host bridge to bus 0000:16
[    1.761680] pci_bus 0000:16: root bus resource [io  0x5000-0x6fff window]
[    1.761681] pci_bus 0000:16: root bus resource [mem 0x9b800000-0xa63fffff window]
[    1.761683] pci_bus 0000:16: root bus resource [mem 0x210000000000-0x21ffffffffff window]
[    1.761684] pci_bus 0000:16: root bus resource [bus 16-2f]
[    1.761694] pci 0000:16:00.0: [8086:09a2] type 00 class 0x088000
[    1.761762] pci 0000:16:00.1: [8086:09a4] type 00 class 0x088000
[    1.761826] pci 0000:16:00.2: [8086:09a3] type 00 class 0x088000
[    1.761889] pci 0000:16:00.4: [8086:0998] type 00 class 0x060000
[    1.761960] pci 0000:16:02.0: [8086:347a] type 01 class 0x060400
[    1.761970] pci 0000:16:02.0: reg 0x10: [mem 0x21fffff00000-0x21fffff1ffff 64bit]
[    1.762008] pci 0000:16:02.0: PME# supported from D0 D3hot D3cold
[    1.762957] pci 0000:17:00.0: [1000:10e2] type 00 class 0x010400
[    1.762970] pci 0000:17:00.0: reg 0x10: [mem 0x9b800000-0x9b8fffff 64bit pref]
[    1.762979] pci 0000:17:00.0: reg 0x18: [mem 0x9b900000-0x9b9fffff 64bit pref]
[    1.762985] pci 0000:17:00.0: reg 0x20: [mem 0x9ba00000-0x9bafffff]
[    1.762991] pci 0000:17:00.0: reg 0x24: [io  0x5000-0x50ff]
[    1.762997] pci 0000:17:00.0: reg 0x30: [mem 0xfff00000-0xffffffff pref]
[    1.764120] pci 0000:17:00.0: supports D1 D2
[    1.764188] pci 0000:16:02.0: PCI bridge to [bus 17]
[    1.764191] pci 0000:16:02.0:   bridge window [io  0x5000-0x5fff]
[    1.764193] pci 0000:16:02.0:   bridge window [mem 0x9ba00000-0x9bafffff]
[    1.764195] pci 0000:16:02.0:   bridge window [mem 0x9b800000-0x9b9fffff 64bit pref]
[    1.764201] pci_bus 0000:16: on NUMA node 0
[    1.764278] ACPI: PCI Root Bridge [PC02] (domain 0000 [bus 30-49])
[    1.764281] acpi PNP0A08:02: _OSC: OS supports [ExtendedConfig ASPM ClockPM Segments MSI HPX-Type3]
[    1.778744] acpi PNP0A08:02: _OSC: platform does not support [SHPCHotplug AER]
[    1.778958] acpi PNP0A08:02: _OSC: OS now controls [PCIeHotplug PME PCIeCapability LTR]
[    1.778959] acpi PNP0A08:02: FADT indicates ASPM is unsupported, using BIOS configuration
[    1.779081] PCI host bridge to bus 0000:30
[    1.779082] pci_bus 0000:30: root bus resource [io  0x7000-0x8fff window]
[    1.779084] pci_bus 0000:30: root bus resource [mem 0xa6400000-0xb0ffffff window]
[    1.779085] pci_bus 0000:30: root bus resource [mem 0x220000000000-0x22ffffffffff window]
[    1.779086] pci_bus 0000:30: root bus resource [bus 30-49]
[    1.779096] pci 0000:30:00.0: [8086:09a2] type 00 class 0x088000
[    1.779164] pci 0000:30:00.1: [8086:09a4] type 00 class 0x088000
[    1.779226] pci 0000:30:00.2: [8086:09a3] type 00 class 0x088000
[    1.779289] pci 0000:30:00.4: [8086:0998] type 00 class 0x060000
[    1.779359] pci_bus 0000:30: on NUMA node 0
[    1.779463] ACPI: PCI Root Bridge [PC04] (domain 0000 [bus 4a-63])
[    1.779466] acpi PNP0A08:04: _OSC: OS supports [ExtendedConfig ASPM ClockPM Segments MSI HPX-Type3]
[    1.793910] acpi PNP0A08:04: _OSC: platform does not support [SHPCHotplug AER]
[    1.794123] acpi PNP0A08:04: _OSC: OS now controls [PCIeHotplug PME PCIeCapability LTR]
[    1.794124] acpi PNP0A08:04: FADT indicates ASPM is unsupported, using BIOS configuration
[    1.794246] PCI host bridge to bus 0000:4a
[    1.794247] pci_bus 0000:4a: root bus resource [io  0x9000-0x9fff window]
[    1.794249] pci_bus 0000:4a: root bus resource [mem 0xb1000000-0xbbbfffff window]
[    1.794250] pci_bus 0000:4a: root bus resource [mem 0x230000000000-0x23ffffffffff window]
[    1.794252] pci_bus 0000:4a: root bus resource [bus 4a-63]
[    1.794262] pci 0000:4a:00.0: [8086:09a2] type 00 class 0x088000
[    1.794327] pci 0000:4a:00.1: [8086:09a4] type 00 class 0x088000
[    1.794393] pci 0000:4a:00.2: [8086:09a3] type 00 class 0x088000
[    1.794455] pci 0000:4a:00.4: [8086:0998] type 00 class 0x060000
[    1.794532] pci_bus 0000:4a: on NUMA node 0
[    1.794605] ACPI: PCI Root Bridge [PC05] (domain 0000 [bus 64-7d])
[    1.794607] acpi PNP0A08:05: _OSC: OS supports [ExtendedConfig ASPM ClockPM Segments MSI HPX-Type3]
[    1.809036] acpi PNP0A08:05: _OSC: platform does not support [SHPCHotplug AER]
[    1.809248] acpi PNP0A08:05: _OSC: OS now controls [PCIeHotplug PME PCIeCapability LTR]
[    1.809249] acpi PNP0A08:05: FADT indicates ASPM is unsupported, using BIOS configuration
[    1.809367] PCI host bridge to bus 0000:64
[    1.809368] pci_bus 0000:64: root bus resource [io  0xa000-0xafff window]
[    1.809370] pci_bus 0000:64: root bus resource [mem 0xbbc00000-0xc5ffffff window]
[    1.809371] pci_bus 0000:64: root bus resource [mem 0x240000000000-0x24ffffffffff window]
[    1.809372] pci_bus 0000:64: root bus resource [bus 64-7d]
[    1.809382] pci 0000:64:00.0: [8086:09a2] type 00 class 0x088000
[    1.809447] pci 0000:64:00.1: [8086:09a4] type 00 class 0x088000
[    1.809509] pci 0000:64:00.2: [8086:09a3] type 00 class 0x088000
[    1.809570] pci 0000:64:00.4: [8086:0998] type 00 class 0x060000
[    1.809640] pci_bus 0000:64: on NUMA node 0
[    1.809705] ACPI: PCI Root Bridge [UC06] (domain 0000 [bus 7e])
[    1.809708] acpi PNP0A03:00: _OSC: OS supports [ExtendedConfig ASPM ClockPM Segments MSI HPX-Type3]
[    1.809804] acpi PNP0A03:00: _OSC: platform does not support [SHPCHotplug AER LTR]
[    1.809983] acpi PNP0A03:00: _OSC: OS now controls [PCIeHotplug PME PCIeCapability]
[    1.809984] acpi PNP0A03:00: FADT indicates ASPM is unsupported, using BIOS configuration
[    1.810118] PCI host bridge to bus 0000:7e
[    1.810119] pci_bus 0000:7e: root bus resource [bus 7e]
[    1.810128] pci 0000:7e:00.0: [8086:3450] type 00 class 0x088000
[    1.810200] pci 0000:7e:00.1: [8086:3451] type 00 class 0x088000
[    1.810259] pci 0000:7e:00.2: [8086:3452] type 00 class 0x088000
[    1.810328] pci 0000:7e:00.3: [8086:0998] type 00 class 0x060000
[    1.810384] pci 0000:7e:00.5: [8086:3455] type 00 class 0x088000
[    1.810445] pci 0000:7e:02.0: [8086:3440] type 00 class 0x088000
[    1.810572] pci 0000:7e:02.1: [8086:3441] type 00 class 0x088000
[    1.810680] pci 0000:7e:02.2: [8086:3442] type 00 class 0x088000
[    1.810788] pci 0000:7e:03.0: [8086:3440] type 00 class 0x088000
[    1.810880] pci 0000:7e:03.1: [8086:3441] type 00 class 0x088000
[    1.810959] pci 0000:7e:03.2: [8086:3442] type 00 class 0x088000
[    1.811040] pci 0000:7e:04.0: [8086:3440] type 00 class 0x088000
[    1.811161] pci 0000:7e:04.1: [8086:3441] type 00 class 0x088000
[    1.811276] pci 0000:7e:04.2: [8086:3442] type 00 class 0x088000
[    1.811391] pci 0000:7e:04.3: [8086:3443] type 00 class 0x088000
[    1.811508] pci 0000:7e:05.0: [8086:3445] type 00 class 0x088000
[    1.811638] pci 0000:7e:05.1: [8086:3446] type 00 class 0x088000
[    1.811748] pci 0000:7e:05.2: [8086:3447] type 00 class 0x088000
[    1.811862] pci 0000:7e:06.0: [8086:3445] type 00 class 0x088000
[    1.811957] pci 0000:7e:06.1: [8086:3446] type 00 class 0x088000
[    1.812034] pci 0000:7e:06.2: [8086:3447] type 00 class 0x088000
[    1.812119] pci 0000:7e:07.0: [8086:3445] type 00 class 0x088000
[    1.812253] pci 0000:7e:07.1: [8086:3446] type 00 class 0x088000
[    1.812372] pci 0000:7e:07.2: [8086:3447] type 00 class 0x088000
[    1.812488] pci 0000:7e:0b.0: [8086:3448] type 00 class 0x088000
[    1.812565] pci 0000:7e:0b.1: [8086:3448] type 00 class 0x088000
[    1.812634] pci 0000:7e:0b.2: [8086:344b] type 00 class 0x088000
[    1.812702] pci 0000:7e:0c.0: [8086:344a] type 00 class 0x110100
[    1.812805] pci 0000:7e:0d.0: [8086:344a] type 00 class 0x110100
[    1.812906] pci 0000:7e:0e.0: [8086:344a] type 00 class 0x110100
[    1.813049] pci 0000:7e:0f.0: [8086:344a] type 00 class 0x110100
[    1.813204] pci 0000:7e:1a.0: [8086:2880] type 00 class 0x110100
[    1.813303] pci 0000:7e:1b.0: [8086:2880] type 00 class 0x110100
[    1.813401] pci 0000:7e:1c.0: [8086:2880] type 00 class 0x110100
[    1.813558] pci 0000:7e:1d.0: [8086:2880] type 00 class 0x110100
[    1.813704] pci_bus 0000:7e: on NUMA node 0
[    1.813787] ACPI: PCI Root Bridge [UC07] (domain 0000 [bus 7f])
[    1.813790] acpi PNP0A03:01: _OSC: OS supports [ExtendedConfig ASPM ClockPM Segments MSI HPX-Type3]
[    1.813889] acpi PNP0A03:01: _OSC: platform does not support [SHPCHotplug AER LTR]
[    1.814068] acpi PNP0A03:01: _OSC: OS now controls [PCIeHotplug PME PCIeCapability]
[    1.814070] acpi PNP0A03:01: FADT indicates ASPM is unsupported, using BIOS configuration
[    1.814218] PCI host bridge to bus 0000:7f
[    1.814219] pci_bus 0000:7f: root bus resource [bus 7f]
[    1.814233] pci 0000:7f:00.0: [8086:344c] type 00 class 0x088000
[    1.814348] pci 0000:7f:00.1: [8086:344c] type 00 class 0x088000
[    1.814458] pci 0000:7f:00.2: [8086:344c] type 00 class 0x088000
[    1.814569] pci 0000:7f:00.3: [8086:344c] type 00 class 0x088000
[    1.814660] pci 0000:7f:00.4: [8086:344c] type 00 class 0x088000
[    1.814780] pci 0000:7f:00.5: [8086:344c] type 00 class 0x088000
[    1.814896] pci 0000:7f:00.6: [8086:344c] type 00 class 0x088000
[    1.814979] pci 0000:7f:00.7: [8086:344c] type 00 class 0x088000
[    1.815061] pci 0000:7f:01.0: [8086:344c] type 00 class 0x088000
[    1.815203] pci 0000:7f:01.1: [8086:344c] type 00 class 0x088000
[    1.815321] pci 0000:7f:01.2: [8086:344c] type 00 class 0x088000
[    1.815401] pci 0000:7f:01.3: [8086:344c] type 00 class 0x088000
[    1.815530] pci 0000:7f:01.4: [8086:344c] type 00 class 0x088000
[    1.815663] pci 0000:7f:01.5: [8086:344c] type 00 class 0x088000
[    1.815800] pci 0000:7f:01.6: [8086:344c] type 00 class 0x088000
[    1.815926] pci 0000:7f:01.7: [8086:344c] type 00 class 0x088000
[    1.816054] pci 0000:7f:02.0: [8086:344c] type 00 class 0x088000
[    1.816198] pci 0000:7f:02.1: [8086:344c] type 00 class 0x088000
[    1.816329] pci 0000:7f:02.2: [8086:344c] type 00 class 0x088000
[    1.816460] pci 0000:7f:02.3: [8086:344c] type 00 class 0x088000
[    1.816598] pci 0000:7f:02.4: [8086:344c] type 00 class 0x088000
[    1.816734] pci 0000:7f:02.5: [8086:344c] type 00 class 0x088000
[    1.816871] pci 0000:7f:02.6: [8086:344c] type 00 class 0x088000
[    1.817023] pci 0000:7f:02.7: [8086:344c] type 00 class 0x088000
[    1.817170] pci 0000:7f:03.0: [8086:344c] type 00 class 0x088000
[    1.817328] pci 0000:7f:03.1: [8086:344c] type 00 class 0x088000
[    1.817480] pci 0000:7f:03.2: [8086:344c] type 00 class 0x088000
[    1.817628] pci 0000:7f:03.3: [8086:344c] type 00 class 0x088000
[    1.817787] pci 0000:7f:0a.0: [8086:344d] type 00 class 0x088000
[    1.817901] pci 0000:7f:0a.1: [8086:344d] type 00 class 0x088000
[    1.818010] pci 0000:7f:0a.2: [8086:344d] type 00 class 0x088000
[    1.818126] pci 0000:7f:0a.3: [8086:344d] type 00 class 0x088000
[    1.818222] pci 0000:7f:0a.4: [8086:344d] type 00 class 0x088000
[    1.818342] pci 0000:7f:0a.5: [8086:344d] type 00 class 0x088000
[    1.818458] pci 0000:7f:0a.6: [8086:344d] type 00 class 0x088000
[    1.818535] pci 0000:7f:0a.7: [8086:344d] type 00 class 0x088000
[    1.818618] pci 0000:7f:0b.0: [8086:344d] type 00 class 0x088000
[    1.818762] pci 0000:7f:0b.1: [8086:344d] type 00 class 0x088000
[    1.818880] pci 0000:7f:0b.2: [8086:344d] type 00 class 0x088000
[    1.818966] pci 0000:7f:0b.3: [8086:344d] type 00 class 0x088000
[    1.819097] pci 0000:7f:0b.4: [8086:344d] type 00 class 0x088000
[    1.819228] pci 0000:7f:0b.5: [8086:344d] type 00 class 0x088000
[    1.819364] pci 0000:7f:0b.6: [8086:344d] type 00 class 0x088000
[    1.819486] pci 0000:7f:0b.7: [8086:344d] type 00 class 0x088000
[    1.819614] pci 0000:7f:0c.0: [8086:344d] type 00 class 0x088000
[    1.819760] pci 0000:7f:0c.1: [8086:344d] type 00 class 0x088000
[    1.819892] pci 0000:7f:0c.2: [8086:344d] type 00 class 0x088000
[    1.820030] pci 0000:7f:0c.3: [8086:344d] type 00 class 0x088000
[    1.820168] pci 0000:7f:0c.4: [8086:344d] type 00 class 0x088000
[    1.820305] pci 0000:7f:0c.5: [8086:344d] type 00 class 0x088000
[    1.820443] pci 0000:7f:0c.6: [8086:344d] type 00 class 0x088000
[    1.820589] pci 0000:7f:0c.7: [8086:344d] type 00 class 0x088000
[    1.820736] pci 0000:7f:0d.0: [8086:344d] type 00 class 0x088000
[    1.820898] pci 0000:7f:0d.1: [8086:344d] type 00 class 0x088000
[    1.821049] pci 0000:7f:0d.2: [8086:344d] type 00 class 0x088000
[    1.821202] pci 0000:7f:0d.3: [8086:344d] type 00 class 0x088000
[    1.821371] pci 0000:7f:1d.0: [8086:344f] type 00 class 0x088000
[    1.821493] pci 0000:7f:1d.1: [8086:3457] type 00 class 0x088000
[    1.821598] pci 0000:7f:1e.0: [8086:3458] type 00 class 0x088000
[    1.821677] pci 0000:7f:1e.1: [8086:3459] type 00 class 0x088000
[    1.821739] pci 0000:7f:1e.2: [8086:345a] type 00 class 0x088000
[    1.821802] pci 0000:7f:1e.3: [8086:345b] type 00 class 0x088000
[    1.821863] pci 0000:7f:1e.4: [8086:345c] type 00 class 0x088000
[    1.821929] pci 0000:7f:1e.5: [8086:345d] type 00 class 0x088000
[    1.821990] pci 0000:7f:1e.6: [8086:345e] type 00 class 0x088000
[    1.822051] pci 0000:7f:1e.7: [8086:345f] type 00 class 0x088000
[    1.822109] pci_bus 0000:7f: on NUMA node 0
[    1.822214] ACPI: PCI Root Bridge [PC06] (domain 0000 [bus 80])
[    1.822217] acpi PNP0A08:06: _OSC: OS supports [ExtendedConfig ASPM ClockPM Segments MSI HPX-Type3]
[    1.836663] acpi PNP0A08:06: _OSC: platform does not support [SHPCHotplug AER]
[    1.836877] acpi PNP0A08:06: _OSC: OS now controls [PCIeHotplug PME PCIeCapability LTR]
[    1.836878] acpi PNP0A08:06: FADT indicates ASPM is unsupported, using BIOS configuration
[    1.837023] PCI host bridge to bus 0000:80
[    1.837025] pci_bus 0000:80: root bus resource [io  0xb000-0xbfff window]
[    1.837026] pci_bus 0000:80: root bus resource [mem 0xc6800000-0xd0ffffff window]
[    1.837027] pci_bus 0000:80: root bus resource [mem 0x250000000000-0x25ffffffffff window]
[    1.837029] pci_bus 0000:80: root bus resource [bus 80]
[    1.837039] pci 0000:80:00.0: [8086:09a2] type 00 class 0x088000
[    1.837125] pci 0000:80:00.1: [8086:09a4] type 00 class 0x088000
[    1.837194] pci 0000:80:00.2: [8086:09a3] type 00 class 0x088000
[    1.837265] pci 0000:80:00.4: [8086:0998] type 00 class 0x060000
[    1.837335] pci 0000:80:02.0: [8086:09a6] type 00 class 0x088000
[    1.837344] pci 0000:80:02.0: reg 0x10: [mem 0xc6aa4000-0xc6aa5fff]
[    1.837407] pci 0000:80:02.1: [8086:09a7] type 00 class 0x088000
[    1.837416] pci 0000:80:02.1: reg 0x10: [mem 0xc6a00000-0xc6a7ffff]
[    1.837421] pci 0000:80:02.1: reg 0x14: [mem 0xc6980000-0xc69fffff]
[    1.837477] pci 0000:80:02.4: [8086:3456] type 00 class 0x130000
[    1.837487] pci 0000:80:02.4: reg 0x10: [mem 0xc6800000-0xc68fffff 64bit]
[    1.837495] pci 0000:80:02.4: reg 0x18: [mem 0xc6aa0000-0xc6aa3fff 64bit]
[    1.837502] pci 0000:80:02.4: reg 0x20: [mem 0xc6a80000-0xc6a9ffff 64bit]
[    1.837568] pci_bus 0000:80: on NUMA node 1
[    1.837646] ACPI: PCI Root Bridge [PC07] (domain 0000 [bus 81])
[    1.837649] acpi PNP0A08:07: _OSC: OS supports [ExtendedConfig ASPM ClockPM Segments MSI HPX-Type3]
[    1.852110] acpi PNP0A08:07: _OSC: platform does not support [SHPCHotplug AER]
[    1.852323] acpi PNP0A08:07: _OSC: OS now controls [PCIeHotplug PME PCIeCapability LTR]
[    1.852324] acpi PNP0A08:07: FADT indicates ASPM is unsupported, using BIOS configuration
[    1.852442] PCI host bridge to bus 0000:81
[    1.852443] pci_bus 0000:81: root bus resource [io  0xc000-0xcfff window]
[    1.852445] pci_bus 0000:81: root bus resource [mem 0xd1000000-0xdbbfffff window]
[    1.852446] pci_bus 0000:81: root bus resource [mem 0x260000000000-0x26ffffffffff window]
[    1.852448] pci_bus 0000:81: root bus resource [bus 81]
[    1.852457] pci 0000:81:00.0: [8086:09a2] type 00 class 0x088000
[    1.852526] pci 0000:81:00.1: [8086:09a4] type 00 class 0x088000
[    1.852593] pci 0000:81:00.2: [8086:09a3] type 00 class 0x088000
[    1.852662] pci 0000:81:00.4: [8086:0998] type 00 class 0x060000
[    1.852740] pci_bus 0000:81: on NUMA node 1
[    1.852812] ACPI: PCI Root Bridge [PC08] (domain 0000 [bus 82])
[    1.852814] acpi PNP0A08:08: _OSC: OS supports [ExtendedConfig ASPM ClockPM Segments MSI HPX-Type3]
[    1.867225] acpi PNP0A08:08: _OSC: platform does not support [SHPCHotplug AER]
[    1.867436] acpi PNP0A08:08: _OSC: OS now controls [PCIeHotplug PME PCIeCapability LTR]
[    1.867437] acpi PNP0A08:08: FADT indicates ASPM is unsupported, using BIOS configuration
[    1.867554] PCI host bridge to bus 0000:82
[    1.867555] pci_bus 0000:82: root bus resource [io  0xd000-0xdfff window]
[    1.867556] pci_bus 0000:82: root bus resource [mem 0xdbc00000-0xe67fffff window]
[    1.867558] pci_bus 0000:82: root bus resource [mem 0x270000000000-0x27ffffffffff window]
[    1.867559] pci_bus 0000:82: root bus resource [bus 82]
[    1.867569] pci 0000:82:00.0: [8086:09a2] type 00 class 0x088000
[    1.867638] pci 0000:82:00.1: [8086:09a4] type 00 class 0x088000
[    1.867712] pci 0000:82:00.2: [8086:09a3] type 00 class 0x088000
[    1.867780] pci 0000:82:00.4: [8086:0998] type 00 class 0x060000
[    1.867857] pci_bus 0000:82: on NUMA node 1
[    1.867959] ACPI: PCI Root Bridge [PC10] (domain 0000 [bus 83-f9])
[    1.867961] acpi PNP0A08:0a: _OSC: OS supports [ExtendedConfig ASPM ClockPM Segments MSI HPX-Type3]
[    1.882386] acpi PNP0A08:0a: _OSC: platform does not support [SHPCHotplug AER]
[    1.882597] acpi PNP0A08:0a: _OSC: OS now controls [PCIeHotplug PME PCIeCapability LTR]
[    1.882598] acpi PNP0A08:0a: FADT indicates ASPM is unsupported, using BIOS configuration
[    1.882723] PCI host bridge to bus 0000:83
[    1.882724] pci_bus 0000:83: root bus resource [io  0xe000-0xefff window]
[    1.882726] pci_bus 0000:83: root bus resource [mem 0xe6800000-0xf13fffff window]
[    1.882727] pci_bus 0000:83: root bus resource [mem 0x280000000000-0x28ffffffffff window]
[    1.882728] pci_bus 0000:83: root bus resource [bus 83-f9]
[    1.882738] pci 0000:83:00.0: [8086:09a2] type 00 class 0x088000
[    1.882808] pci 0000:83:00.1: [8086:09a4] type 00 class 0x088000
[    1.882876] pci 0000:83:00.2: [8086:09a3] type 00 class 0x088000
[    1.882945] pci 0000:83:00.4: [8086:0998] type 00 class 0x060000
[    1.883023] pci_bus 0000:83: on NUMA node 1
[    1.883097] ACPI: PCI Root Bridge [PC11] (domain 0000 [bus fa])
[    1.883100] acpi PNP0A08:0b: _OSC: OS supports [ExtendedConfig ASPM ClockPM Segments MSI HPX-Type3]
[    1.897540] acpi PNP0A08:0b: _OSC: platform does not support [SHPCHotplug AER]
[    1.897751] acpi PNP0A08:0b: _OSC: OS now controls [PCIeHotplug PME PCIeCapability LTR]
[    1.897752] acpi PNP0A08:0b: FADT indicates ASPM is unsupported, using BIOS configuration
[    1.897869] PCI host bridge to bus 0000:fa
[    1.897870] pci_bus 0000:fa: root bus resource [io  0xf000-0xffff window]
[    1.897871] pci_bus 0000:fa: root bus resource [mem 0xf1400000-0xfb7fffff window]
[    1.897873] pci_bus 0000:fa: root bus resource [mem 0x290000000000-0x29ffffffffff window]
[    1.897874] pci_bus 0000:fa: root bus resource [bus fa]
[    1.897884] pci 0000:fa:00.0: [8086:09a2] type 00 class 0x088000
[    1.897953] pci 0000:fa:00.1: [8086:09a4] type 00 class 0x088000
[    1.898026] pci 0000:fa:00.2: [8086:09a3] type 00 class 0x088000
[    1.898096] pci 0000:fa:00.4: [8086:0998] type 00 class 0x060000
[    1.898175] pci_bus 0000:fa: on NUMA node 1
[    1.898240] ACPI: PCI Root Bridge [UC16] (domain 0000 [bus fe])
[    1.898243] acpi PNP0A03:02: _OSC: OS supports [ExtendedConfig ASPM ClockPM Segments MSI HPX-Type3]
[    1.898339] acpi PNP0A03:02: _OSC: platform does not support [SHPCHotplug AER LTR]
[    1.898518] acpi PNP0A03:02: _OSC: OS now controls [PCIeHotplug PME PCIeCapability]
[    1.898519] acpi PNP0A03:02: FADT indicates ASPM is unsupported, using BIOS configuration
[    1.898651] PCI host bridge to bus 0000:fe
[    1.898652] pci_bus 0000:fe: root bus resource [bus fe]
[    1.898661] pci 0000:fe:00.0: [8086:3450] type 00 class 0x088000
[    1.898735] pci 0000:fe:00.1: [8086:3451] type 00 class 0x088000
[    1.898794] pci 0000:fe:00.2: [8086:3452] type 00 class 0x088000
[    1.898852] pci 0000:fe:00.3: [8086:0998] type 00 class 0x060000
[    1.898912] pci 0000:fe:00.5: [8086:3455] type 00 class 0x088000
[    1.898979] pci 0000:fe:02.0: [8086:3440] type 00 class 0x088000
[    1.899118] pci 0000:fe:02.1: [8086:3441] type 00 class 0x088000
[    1.899230] pci 0000:fe:02.2: [8086:3442] type 00 class 0x088000
[    1.899341] pci 0000:fe:03.0: [8086:3440] type 00 class 0x088000
[    1.899440] pci 0000:fe:03.1: [8086:3441] type 00 class 0x088000
[    1.899521] pci 0000:fe:03.2: [8086:3442] type 00 class 0x088000
[    1.899608] pci 0000:fe:04.0: [8086:3440] type 00 class 0x088000
[    1.899733] pci 0000:fe:04.1: [8086:3441] type 00 class 0x088000
[    1.899855] pci 0000:fe:04.2: [8086:3442] type 00 class 0x088000
[    1.899981] pci 0000:fe:04.3: [8086:3443] type 00 class 0x088000
[    1.900112] pci 0000:fe:05.0: [8086:3445] type 00 class 0x088000
[    1.900243] pci 0000:fe:05.1: [8086:3446] type 00 class 0x088000
[    1.900360] pci 0000:fe:05.2: [8086:3447] type 00 class 0x088000
[    1.900474] pci 0000:fe:06.0: [8086:3445] type 00 class 0x088000
[    1.900572] pci 0000:fe:06.1: [8086:3446] type 00 class 0x088000
[    1.900654] pci 0000:fe:06.2: [8086:3447] type 00 class 0x088000
[    1.900746] pci 0000:fe:07.0: [8086:3445] type 00 class 0x088000
[    1.900891] pci 0000:fe:07.1: [8086:3446] type 00 class 0x088000
[    1.901014] pci 0000:fe:07.2: [8086:3447] type 00 class 0x088000
[    1.901134] pci 0000:fe:0b.0: [8086:3448] type 00 class 0x088000
[    1.901216] pci 0000:fe:0b.1: [8086:3448] type 00 class 0x088000
[    1.901281] pci 0000:fe:0b.2: [8086:344b] type 00 class 0x088000
[    1.901354] pci 0000:fe:0c.0: [8086:344a] type 00 class 0x110100
[    1.901462] pci 0000:fe:0d.0: [8086:344a] type 00 class 0x110100
[    1.901569] pci 0000:fe:0e.0: [8086:344a] type 00 class 0x110100
[    1.901724] pci 0000:fe:0f.0: [8086:344a] type 00 class 0x110100
[    1.901885] pci 0000:fe:1a.0: [8086:2880] type 00 class 0x110100
[    1.901992] pci 0000:fe:1b.0: [8086:2880] type 00 class 0x110100
[    1.902096] pci 0000:fe:1c.0: [8086:2880] type 00 class 0x110100
[    1.902252] pci 0000:fe:1d.0: [8086:2880] type 00 class 0x110100
[    1.902405] pci_bus 0000:fe: on NUMA node 1
[    1.902486] ACPI: PCI Root Bridge [UC17] (domain 0000 [bus ff])
[    1.902489] acpi PNP0A03:03: _OSC: OS supports [ExtendedConfig ASPM ClockPM Segments MSI HPX-Type3]
[    1.902586] acpi PNP0A03:03: _OSC: platform does not support [SHPCHotplug AER LTR]
[    1.902764] acpi PNP0A03:03: _OSC: OS now controls [PCIeHotplug PME PCIeCapability]
[    1.902765] acpi PNP0A03:03: FADT indicates ASPM is unsupported, using BIOS configuration
[    1.902911] PCI host bridge to bus 0000:ff
[    1.902912] pci_bus 0000:ff: root bus resource [bus ff]
[    1.902926] pci 0000:ff:00.0: [8086:344c] type 00 class 0x088000
[    1.903046] pci 0000:ff:00.1: [8086:344c] type 00 class 0x088000
[    1.903158] pci 0000:ff:00.2: [8086:344c] type 00 class 0x088000
[    1.903261] pci 0000:ff:00.3: [8086:344c] type 00 class 0x088000
[    1.903380] pci 0000:ff:00.4: [8086:344c] type 00 class 0x088000
[    1.903498] pci 0000:ff:00.5: [8086:344c] type 00 class 0x088000
[    1.903593] pci 0000:ff:00.6: [8086:344c] type 00 class 0x088000
[    1.903720] pci 0000:ff:00.7: [8086:344c] type 00 class 0x088000
[    1.903847] pci 0000:ff:01.0: [8086:344c] type 00 class 0x088000
[    1.903995] pci 0000:ff:01.1: [8086:344c] type 00 class 0x088000
[    1.904119] pci 0000:ff:01.2: [8086:344c] type 00 class 0x088000
[    1.904208] pci 0000:ff:01.3: [8086:344c] type 00 class 0x088000
[    1.904346] pci 0000:ff:01.4: [8086:344c] type 00 class 0x088000
[    1.904483] pci 0000:ff:01.5: [8086:344c] type 00 class 0x088000
[    1.904623] pci 0000:ff:01.6: [8086:344c] type 00 class 0x088000
[    1.904749] pci 0000:ff:01.7: [8086:344c] type 00 class 0x088000
[    1.904882] pci 0000:ff:02.0: [8086:344c] type 00 class 0x088000
[    1.905037] pci 0000:ff:02.1: [8086:344c] type 00 class 0x088000
[    1.905168] pci 0000:ff:02.2: [8086:344c] type 00 class 0x088000
[    1.905313] pci 0000:ff:02.3: [8086:344c] type 00 class 0x088000
[    1.905449] pci 0000:ff:02.4: [8086:344c] type 00 class 0x088000
[    1.905586] pci 0000:ff:02.5: [8086:344c] type 00 class 0x088000
[    1.905730] pci 0000:ff:02.6: [8086:344c] type 00 class 0x088000
[    1.905872] pci 0000:ff:02.7: [8086:344c] type 00 class 0x088000
[    1.906024] pci 0000:ff:03.0: [8086:344c] type 00 class 0x088000
[    1.906192] pci 0000:ff:03.1: [8086:344c] type 00 class 0x088000
[    1.906341] pci 0000:ff:03.2: [8086:344c] type 00 class 0x088000
[    1.906507] pci 0000:ff:03.3: [8086:344c] type 00 class 0x088000
[    1.906671] pci 0000:ff:0a.0: [8086:344d] type 00 class 0x088000
[    1.906789] pci 0000:ff:0a.1: [8086:344d] type 00 class 0x088000
[    1.906902] pci 0000:ff:0a.2: [8086:344d] type 00 class 0x088000
[    1.907003] pci 0000:ff:0a.3: [8086:344d] type 00 class 0x088000
[    1.907122] pci 0000:ff:0a.4: [8086:344d] type 00 class 0x088000
[    1.907238] pci 0000:ff:0a.5: [8086:344d] type 00 class 0x088000
[    1.907333] pci 0000:ff:0a.6: [8086:344d] type 00 class 0x088000
[    1.907463] pci 0000:ff:0a.7: [8086:344d] type 00 class 0x088000
[    1.907591] pci 0000:ff:0b.0: [8086:344d] type 00 class 0x088000
[    1.907740] pci 0000:ff:0b.1: [8086:344d] type 00 class 0x088000
[    1.907863] pci 0000:ff:0b.2: [8086:344d] type 00 class 0x088000
[    1.907947] pci 0000:ff:0b.3: [8086:344d] type 00 class 0x088000
[    1.908085] pci 0000:ff:0b.4: [8086:344d] type 00 class 0x088000
[    1.908221] pci 0000:ff:0b.5: [8086:344d] type 00 class 0x088000
[    1.908362] pci 0000:ff:0b.6: [8086:344d] type 00 class 0x088000
[    1.908495] pci 0000:ff:0b.7: [8086:344d] type 00 class 0x088000
[    1.908627] pci 0000:ff:0c.0: [8086:344d] type 00 class 0x088000
[    1.908776] pci 0000:ff:0c.1: [8086:344d] type 00 class 0x088000
[    1.908908] pci 0000:ff:0c.2: [8086:344d] type 00 class 0x088000
[    1.909046] pci 0000:ff:0c.3: [8086:344d] type 00 class 0x088000
[    1.909182] pci 0000:ff:0c.4: [8086:344d] type 00 class 0x088000
[    1.909319] pci 0000:ff:0c.5: [8086:344d] type 00 class 0x088000
[    1.909465] pci 0000:ff:0c.6: [8086:344d] type 00 class 0x088000
[    1.909613] pci 0000:ff:0c.7: [8086:344d] type 00 class 0x088000
[    1.909765] pci 0000:ff:0d.0: [8086:344d] type 00 class 0x088000
[    1.909933] pci 0000:ff:0d.1: [8086:344d] type 00 class 0x088000
[    1.910081] pci 0000:ff:0d.2: [8086:344d] type 00 class 0x088000
[    1.910248] pci 0000:ff:0d.3: [8086:344d] type 00 class 0x088000
[    1.910423] pci 0000:ff:1d.0: [8086:344f] type 00 class 0x088000
[    1.910553] pci 0000:ff:1d.1: [8086:3457] type 00 class 0x088000
[    1.910664] pci 0000:ff:1e.0: [8086:3458] type 00 class 0x088000
[    1.910748] pci 0000:ff:1e.1: [8086:3459] type 00 class 0x088000
[    1.910814] pci 0000:ff:1e.2: [8086:345a] type 00 class 0x088000
[    1.910878] pci 0000:ff:1e.3: [8086:345b] type 00 class 0x088000
[    1.910941] pci 0000:ff:1e.4: [8086:345c] type 00 class 0x088000
[    1.911006] pci 0000:ff:1e.5: [8086:345d] type 00 class 0x088000
[    1.911070] pci 0000:ff:1e.6: [8086:345e] type 00 class 0x088000
[    1.911134] pci 0000:ff:1e.7: [8086:345f] type 00 class 0x088000
[    1.911196] pci_bus 0000:ff: on NUMA node 1
[    1.915436] iommu: Default domain type: Translated 
[    1.915436] iommu: DMA domain TLB invalidation policy: lazy mode 
[    1.915629] SCSI subsystem initialized
[    1.915673] libata version 3.00 loaded.
[    1.915673] ACPI: bus type USB registered
[    1.915673] usbcore: registered new interface driver usbfs
[    1.915673] usbcore: registered new interface driver hub
[    1.915673] usbcore: registered new device driver usb
[    1.915673] pps_core: LinuxPPS API ver. 1 registered
[    1.915673] pps_core: Software ver. 5.3.6 - Copyright 2005-2007 Rodolfo Giometti <giometti@linux.it>
[    1.915673] PTP clock support registered
[    1.915673] EDAC MC: Ver: 3.0.0
[    1.916072] Registered efivars operations
[    1.916072] NetLabel: Initializing
[    1.916072] NetLabel:  domain hash size = 128
[    1.916072] NetLabel:  protocols = UNLABELED CIPSOv4 CALIPSO
[    1.916072] NetLabel:  unlabeled traffic allowed by default
[    1.916072] PCI: Using ACPI for IRQ routing
[    1.917227] PCI: pci_cache_line_size set to 64 bytes
[    1.917786] e820: reserve RAM buffer [mem 0x0008f000-0x0008ffff]
[    1.917788] e820: reserve RAM buffer [mem 0x46cc4020-0x47ffffff]
[    1.917789] e820: reserve RAM buffer [mem 0x46cf6020-0x47ffffff]
[    1.917790] e820: reserve RAM buffer [mem 0x46d29020-0x47ffffff]
[    1.917791] e820: reserve RAM buffer [mem 0x46d5c020-0x47ffffff]
[    1.917792] e820: reserve RAM buffer [mem 0x49e77000-0x4bffffff]
[    1.917794] e820: reserve RAM buffer [mem 0x4b2cf000-0x4bffffff]
[    1.917795] e820: reserve RAM buffer [mem 0x4bd94000-0x4bffffff]
[    1.917796] e820: reserve RAM buffer [mem 0x4ce00000-0x4fffffff]
[    1.917796] e820: reserve RAM buffer [mem 0x5eefe000-0x5fffffff]
[    1.917797] e820: reserve RAM buffer [mem 0x6f800000-0x6fffffff]
[    1.919423] pci 0000:03:00.0: vgaarb: setting as boot VGA device
[    1.919425] pci 0000:03:00.0: vgaarb: bridge control possible
[    1.919426] pci 0000:03:00.0: vgaarb: VGA device added: decodes=io+mem,owns=io+mem,locks=none
[    1.919457] vgaarb: loaded
[    1.920735] hpet0: at MMIO 0xfed00000, IRQs 2, 8, 0, 0, 0, 0, 0, 0
[    1.920742] hpet0: 8 comparators, 64-bit 24.000000 MHz counter
[    1.925669] clocksource: Switched to clocksource tsc-early
[    1.933015] VFS: Disk quotas dquot_6.6.0
[    1.933050] VFS: Dquot-cache hash table entries: 512 (order 0, 4096 bytes)
[    1.933204] AppArmor: AppArmor Filesystem Enabled
[    1.933216] pnp: PnP ACPI init
[    1.949207] system 00:01: [io  0x0500-0x05fe] has been reserved
[    1.949211] system 00:01: [io  0x0400-0x041f] has been reserved
[    1.949213] system 00:01: [io  0x0600-0x061f] has been reserved
[    1.949214] system 00:01: [io  0x0ca0-0x0ca1] has been reserved
[    1.949216] system 00:01: [io  0x0ca4-0x0ca6] has been reserved
[    1.949218] system 00:01: [mem 0xff000000-0xffffffff] has been reserved
[    1.949822] system 00:04: [mem 0xfd000000-0xfdabffff] has been reserved
[    1.949825] system 00:04: [mem 0xfdad0000-0xfdadffff] has been reserved
[    1.949826] system 00:04: [mem 0xfdb00000-0xfdffffff] has been reserved
[    1.949828] system 00:04: [mem 0xfe000000-0xfe00ffff] has been reserved
[    1.949829] system 00:04: [mem 0xfe011000-0xfe01ffff] has been reserved
[    1.949831] system 00:04: [mem 0xfe036000-0xfe03bfff] has been reserved
[    1.949832] system 00:04: [mem 0xfe03d000-0xfe3fffff] has been reserved
[    1.949836] system 00:04: [mem 0xfe410000-0xfe7fffff] has been reserved
[    1.950152] system 00:05: [io  0x1000-0x10fe] has been reserved
[    1.951159] pnp: PnP ACPI: found 6 devices
[    1.956901] clocksource: acpi_pm: mask: 0xffffff max_cycles: 0xffffff, max_idle_ns: 2085701024 ns
[    1.956983] NET: Registered PF_INET protocol family
[    1.957323] IP idents hash table entries: 262144 (order: 9, 2097152 bytes, vmalloc)
[    1.959508] tcp_listen_portaddr_hash hash table entries: 16384 (order: 6, 262144 bytes, vmalloc)
[    1.959854] TCP established hash table entries: 262144 (order: 9, 2097152 bytes, vmalloc)
[    1.960232] TCP bind hash table entries: 65536 (order: 8, 1048576 bytes, vmalloc)
[    1.960291] TCP: Hash tables configured (established 262144 bind 65536)
[    1.960498] UDP hash table entries: 16384 (order: 7, 524288 bytes, vmalloc)
[    1.960608] UDP-Lite hash table entries: 16384 (order: 7, 524288 bytes, vmalloc)
[    1.960762] NET: Registered PF_UNIX/PF_LOCAL protocol family
[    1.960769] NET: Registered PF_XDP protocol family
[    1.960776] pci 0000:04:00.0: can't claim BAR 6 [mem 0xfffc0000-0xffffffff pref]: no compatible bridge window
[    1.960779] pci 0000:04:00.1: can't claim BAR 6 [mem 0xfffc0000-0xffffffff pref]: no compatible bridge window
[    1.960780] pci 0000:17:00.0: can't claim BAR 6 [mem 0xfff00000-0xffffffff pref]: no compatible bridge window
[    1.960796] pci 0000:00:1c.5: BAR 14: assigned [mem 0x90000000-0x900fffff]
[    1.960799] pci 0000:00:1c.0: PCI bridge to [bus 01]
[    1.960809] pci 0000:02:00.0: PCI bridge to [bus 03]
[    1.960814] pci 0000:02:00.0:   bridge window [mem 0x92000000-0x928fffff]
[    1.960818] pci 0000:02:00.0:   bridge window [mem 0x91000000-0x91ffffff 64bit pref]
[    1.960824] pci 0000:00:1c.4: PCI bridge to [bus 02-03]
[    1.960828] pci 0000:00:1c.4:   bridge window [mem 0x92000000-0x928fffff]
[    1.960830] pci 0000:00:1c.4:   bridge window [mem 0x91000000-0x91ffffff 64bit pref]
[    1.960836] pci 0000:04:00.0: BAR 6: assigned [mem 0x90000000-0x9003ffff pref]
[    1.960838] pci 0000:04:00.1: BAR 6: assigned [mem 0x90040000-0x9007ffff pref]
[    1.960839] pci 0000:00:1c.5: PCI bridge to [bus 04]
[    1.960842] pci 0000:00:1c.5:   bridge window [mem 0x90000000-0x900fffff]
[    1.960845] pci 0000:00:1c.5:   bridge window [mem 0x92900000-0x929fffff 64bit pref]
[    1.960849] pci_bus 0000:00: resource 4 [io  0x0000-0x0cf7 window]
[    1.960851] pci_bus 0000:00: resource 5 [io  0x1000-0x4fff window]
[    1.960852] pci_bus 0000:00: resource 6 [mem 0x000a0000-0x000bffff window]
[    1.960854] pci_bus 0000:00: resource 7 [mem 0x000c8000-0x000cffff window]
[    1.960855] pci_bus 0000:00: resource 8 [mem 0xfe010000-0xfe010fff window]
[    1.960856] pci_bus 0000:00: resource 9 [mem 0x90000000-0x9b7fffff window]
[    1.960858] pci_bus 0000:00: resource 10 [mem 0x200000000000-0x20ffffffffff window]
[    1.960859] pci_bus 0000:02: resource 1 [mem 0x92000000-0x928fffff]
[    1.960861] pci_bus 0000:02: resource 2 [mem 0x91000000-0x91ffffff 64bit pref]
[    1.960862] pci_bus 0000:03: resource 1 [mem 0x92000000-0x928fffff]
[    1.960863] pci_bus 0000:03: resource 2 [mem 0x91000000-0x91ffffff 64bit pref]
[    1.960864] pci_bus 0000:04: resource 1 [mem 0x90000000-0x900fffff]
[    1.960865] pci_bus 0000:04: resource 2 [mem 0x92900000-0x929fffff 64bit pref]
[    1.960940] pci 0000:17:00.0: BAR 6: no space for [mem size 0x00100000 pref]
[    1.960942] pci 0000:17:00.0: BAR 6: failed to assign [mem size 0x00100000 pref]
[    1.960944] pci 0000:16:02.0: PCI bridge to [bus 17]
[    1.960946] pci 0000:16:02.0:   bridge window [io  0x5000-0x5fff]
[    1.960948] pci 0000:16:02.0:   bridge window [mem 0x9ba00000-0x9bafffff]
[    1.960951] pci 0000:16:02.0:   bridge window [mem 0x9b800000-0x9b9fffff 64bit pref]
[    1.960954] pci_bus 0000:16: resource 4 [io  0x5000-0x6fff window]
[    1.960955] pci_bus 0000:16: resource 5 [mem 0x9b800000-0xa63fffff window]
[    1.960956] pci_bus 0000:16: resource 6 [mem 0x210000000000-0x21ffffffffff window]
[    1.960958] pci_bus 0000:17: resource 0 [io  0x5000-0x5fff]
[    1.960959] pci_bus 0000:17: resource 1 [mem 0x9ba00000-0x9bafffff]
[    1.960960] pci_bus 0000:17: resource 2 [mem 0x9b800000-0x9b9fffff 64bit pref]
[    1.960967] pci_bus 0000:30: resource 4 [io  0x7000-0x8fff window]
[    1.960968] pci_bus 0000:30: resource 5 [mem 0xa6400000-0xb0ffffff window]
[    1.960969] pci_bus 0000:30: resource 6 [mem 0x220000000000-0x22ffffffffff window]
[    1.960975] pci_bus 0000:4a: resource 4 [io  0x9000-0x9fff window]
[    1.960976] pci_bus 0000:4a: resource 5 [mem 0xb1000000-0xbbbfffff window]
[    1.960977] pci_bus 0000:4a: resource 6 [mem 0x230000000000-0x23ffffffffff window]
