2024年 05月 18日 星期六 18:38:54 CST
pgmigrate_success 2062986
pgmigrate_fail 1055239
pgmigrate_dst_node_full_fail 977920
pgmigrate_numa_isolate_fail 0
pgmigrate_nomem_fail 2
pgmigrate_refcount_fail 0
thp_fault_alloc 121204
thp_fault_fallback 0
thp_collapse_alloc 71
thp_collapse_alloc_failed 0
thp_file_alloc 0
thp_file_mapped 0
thp_split_page 2
thp_split_page_failed 0
thp_deferred_split_page 125120
thp_split_pmd 9
thp_split_pud 0
thp_zero_page_alloc 20
thp_zero_page_alloc_failed 0
thp_swpout 0
thp_swpout_fallback 0
MemTotal:       1118366044 kB
MemFree:        1087808852 kB
MemAvailable:   1085480420 kB
Buffers:            8276 kB
Cached:           327660 kB
SwapCached:         1272 kB
Active:           514216 kB
Inactive:         394604 kB
Active(anon):     296820 kB
Inactive(anon):   282292 kB
Active(file):     217396 kB
Inactive(file):   112312 kB
Unevictable:           0 kB
Mlocked:               0 kB
SwapTotal:       2097148 kB
SwapFree:        2083324 kB
Dirty:               964 kB
Writeback:             0 kB
AnonPages:        573120 kB
Mapped:           324172 kB
Shmem:              5380 kB
KReclaimable:     233556 kB
Slab:             612016 kB
SReclaimable:     233556 kB
SUnreclaim:       378460 kB
KernelStack:       33264 kB
PageTables:        27888 kB
NFS_Unstable:          0 kB
Bounce:                0 kB
WritebackTmp:          0 kB
CommitLimit:    561280168 kB
Committed_AS:    6350324 kB
VmallocTotal:   34359738367 kB
VmallocUsed:      158452 kB
VmallocChunk:          0 kB
Percpu:           123648 kB
HardwareCorrupted:     0 kB
AnonHugePages:     86016 kB
ShmemHugePages:        0 kB
ShmemPmdMapped:        0 kB
CmaTotal:              0 kB
CmaFree:               0 kB
HugePages_Total:       0
HugePages_Free:        0
HugePages_Rsvd:        0
HugePages_Surp:        0
Hugepagesize:       2048 kB
Hugetlb:               0 kB
DirectMap4k:     1089000 kB
DirectMap2M:     9881600 kB
DirectMap1G:    1178599424 kB
2024年 05月 18日 星期六 19:00:40 CST
pgmigrate_success 10010666
pgmigrate_fail 26954759
pgmigrate_dst_node_full_fail 26646528
pgmigrate_numa_isolate_fail 0
pgmigrate_nomem_fail 2
pgmigrate_refcount_fail 0
thp_fault_alloc 157019
thp_fault_fallback 0
thp_collapse_alloc 75
thp_collapse_alloc_failed 4
thp_file_alloc 0
thp_file_mapped 0
thp_split_page 2
thp_split_page_failed 0
thp_deferred_split_page 190290
thp_split_pmd 12
thp_split_pud 0
thp_zero_page_alloc 20
thp_zero_page_alloc_failed 0
thp_swpout 0
thp_swpout_fallback 0
MemTotal:       1118366044 kB
MemFree:        1065296480 kB
MemAvailable:   1084113468 kB
Buffers:           60868 kB
Cached:         22464904 kB
SwapCached:         1312 kB
Active:         22481736 kB
Inactive:         623096 kB
Active(anon):     262808 kB
Inactive(anon):   322404 kB
Active(file):   22218928 kB
Inactive(file):   300692 kB
Unevictable:           0 kB
Mlocked:               0 kB
SwapTotal:       2097148 kB
SwapFree:        2083324 kB
Dirty:            154332 kB
Writeback:             0 kB
AnonPages:        579992 kB
Mapped:           326196 kB
Shmem:              5384 kB
KReclaimable:     321868 kB
Slab:             703560 kB
SReclaimable:     321868 kB
SUnreclaim:       381692 kB
KernelStack:       33456 kB
PageTables:        28112 kB
NFS_Unstable:          0 kB
Bounce:                0 kB
WritebackTmp:          0 kB
CommitLimit:    561280168 kB
Committed_AS:    6296996 kB
VmallocTotal:   34359738367 kB
VmallocUsed:      158324 kB
VmallocChunk:          0 kB
Percpu:           123648 kB
HardwareCorrupted:     0 kB
AnonHugePages:    106496 kB
ShmemHugePages:        0 kB
ShmemPmdMapped:        0 kB
CmaTotal:              0 kB
CmaFree:               0 kB
HugePages_Total:       0
HugePages_Free:        0
HugePages_Rsvd:        0
HugePages_Surp:        0
Hugepagesize:       2048 kB
Hugetlb:               0 kB
DirectMap4k:     1089000 kB
DirectMap2M:     9881600 kB
DirectMap1G:    1178599424 kB
