2024年 05月 18日 星期六 18:22:20 CST
pgmigrate_success 12343
pgmigrate_fail 4
pgmigrate_dst_node_full_fail 0
pgmigrate_numa_isolate_fail 3
pgmigrate_nomem_fail 1
pgmigrate_refcount_fail 0
thp_fault_alloc 1
thp_fault_fallback 0
thp_collapse_alloc 0
thp_collapse_alloc_failed 0
thp_file_alloc 0
thp_file_mapped 0
thp_split_page 0
thp_split_page_failed 0
thp_deferred_split_page 0
thp_split_pmd 0
thp_split_pud 0
thp_zero_page_alloc 0
thp_zero_page_alloc_failed 0
thp_swpout 0
thp_swpout_fallback 0
MemTotal:       1115475308 kB
MemFree:        1084770536 kB
MemAvailable:   1082478964 kB
Buffers:            6688 kB
Cached:           378512 kB
SwapCached:            0 kB
Active:           444664 kB
Inactive:         503388 kB
Active(anon):     283700 kB
Inactive(anon):   285472 kB
Active(file):     160964 kB
Inactive(file):   217916 kB
Unevictable:           0 kB
Mlocked:               0 kB
SwapTotal:       2097148 kB
SwapFree:        2097148 kB
Dirty:              1552 kB
Writeback:             0 kB
AnonPages:        563144 kB
Mapped:           375340 kB
Shmem:              6160 kB
KReclaimable:     224180 kB
Slab:             585100 kB
SReclaimable:     224180 kB
SUnreclaim:       360920 kB
KernelStack:       34852 kB
PageTables:        27624 kB
NFS_Unstable:          0 kB
Bounce:                0 kB
WritebackTmp:          0 kB
CommitLimit:    559834800 kB
Committed_AS:    6384792 kB
VmallocTotal:   34359738367 kB
VmallocUsed:      159988 kB
VmallocChunk:          0 kB
Percpu:           122752 kB
HardwareCorrupted:     0 kB
AnonHugePages:      2048 kB
ShmemHugePages:        0 kB
ShmemPmdMapped:        0 kB
CmaTotal:              0 kB
CmaFree:               0 kB
HugePages_Total:       0
HugePages_Free:        0
HugePages_Rsvd:        0
HugePages_Surp:        0
Hugepagesize:       2048 kB
Hugetlb:               0 kB
DirectMap4k:      931304 kB
DirectMap2M:     7942144 kB
DirectMap1G:    1180696576 kB
2024年 05月 18日 星期六 18:23:09 CST
pgmigrate_success 28681
pgmigrate_fail 4
pgmigrate_dst_node_full_fail 0
pgmigrate_numa_isolate_fail 3
pgmigrate_nomem_fail 1
pgmigrate_refcount_fail 0
thp_fault_alloc 16822
thp_fault_fallback 0
thp_collapse_alloc 4
thp_collapse_alloc_failed 0
thp_file_alloc 0
thp_file_mapped 0
thp_split_page 0
thp_split_page_failed 0
thp_deferred_split_page 16821
thp_split_pmd 0
thp_split_pud 0
thp_zero_page_alloc 0
thp_zero_page_alloc_failed 0
thp_swpout 0
thp_swpout_fallback 0
MemTotal:       1115475308 kB
MemFree:        1069235484 kB
MemAvailable:   1081435824 kB
Buffers:            8056 kB
Cached:         15895856 kB
SwapCached:            0 kB
Active:           431688 kB
Inactive:       16036512 kB
Active(anon):     263116 kB
Inactive(anon):   307400 kB
Active(file):     168572 kB
Inactive(file): 15729112 kB
Unevictable:           0 kB
Mlocked:               0 kB
SwapTotal:       2097148 kB
SwapFree:        2096892 kB
Dirty:                52 kB
Writeback:             0 kB
AnonPages:        564564 kB
Mapped:           375896 kB
Shmem:              6020 kB
KReclaimable:     292756 kB
Slab:             654796 kB
SReclaimable:     292756 kB
SUnreclaim:       362040 kB
KernelStack:       35040 kB
PageTables:        27764 kB
NFS_Unstable:          0 kB
Bounce:                0 kB
WritebackTmp:          0 kB
CommitLimit:    559834800 kB
Committed_AS:    6399524 kB
VmallocTotal:   34359738367 kB
VmallocUsed:      160020 kB
VmallocChunk:          0 kB
Percpu:           122752 kB
HardwareCorrupted:     0 kB
AnonHugePages:     75776 kB
ShmemHugePages:        0 kB
ShmemPmdMapped:        0 kB
CmaTotal:              0 kB
CmaFree:               0 kB
HugePages_Total:       0
HugePages_Free:        0
HugePages_Rsvd:        0
HugePages_Surp:        0
Hugepagesize:       2048 kB
Hugetlb:               0 kB
DirectMap4k:      931304 kB
DirectMap2M:     7942144 kB
DirectMap1G:    1180696576 kB
