[    0.000000] Linux version 5.3.1-multiclock (xmu@xmu-PowerEdge-R750) (gcc version 7.5.0 (Ubuntu 7.5.0-3ubuntu1~18.04)) #1 SMP Wed Aug 9 20:46:02 CST 2023
[    0.000000] Command line: BOOT_IMAGE=/boot/vmlinuz-5.3.1-multiclock root=UUID=ce0c24b8-724b-4f33-9b2c-618433560aef ro memmap=35152M!4096M memmap=59G!64G quiet splash nomodeset vt.handoff=1
[    0.000000] KERNEL supported cpus:
[    0.000000]   Intel GenuineIntel
[    0.000000]   AMD AuthenticAMD
[    0.000000]   Hygon HygonGenuine
[    0.000000]   Centaur CentaurHauls
[    0.000000]   zhaoxin   Shanghai  
[    0.000000] x86/fpu: Supporting XSAVE feature 0x001: 'x87 floating point registers'
[    0.000000] x86/fpu: Supporting XSAVE feature 0x002: 'SSE registers'
[    0.000000] x86/fpu: Supporting XSAVE feature 0x004: 'AVX registers'
[    0.000000] x86/fpu: Supporting XSAVE feature 0x020: 'AVX-512 opmask'
[    0.000000] x86/fpu: Supporting XSAVE feature 0x040: 'AVX-512 Hi256'
[    0.000000] x86/fpu: Supporting XSAVE feature 0x080: 'AVX-512 ZMM_Hi256'
[    0.000000] x86/fpu: Supporting XSAVE feature 0x200: 'Protection Keys User registers'
[    0.000000] x86/fpu: xstate_offset[2]:  576, xstate_sizes[2]:  256
[    0.000000] x86/fpu: xstate_offset[5]:  832, xstate_sizes[5]:   64
[    0.000000] x86/fpu: xstate_offset[6]:  896, xstate_sizes[6]:  512
[    0.000000] x86/fpu: xstate_offset[7]: 1408, xstate_sizes[7]: 1024
[    0.000000] x86/fpu: xstate_offset[9]: 2432, xstate_sizes[9]:    8
[    0.000000] x86/fpu: Enabled xstate features 0x2e7, context size is 2440 bytes, using 'compacted' format.
[    0.000000] BIOS-provided physical RAM map:
[    0.000000] BIOS-e820: [mem 0x0000000000000000-0x000000000008efff] usable
[    0.000000] BIOS-e820: [mem 0x000000000008f000-0x000000000008ffff] reserved
[    0.000000] BIOS-e820: [mem 0x0000000000090000-0x000000000009ffff] usable
[    0.000000] BIOS-e820: [mem 0x00000000000a0000-0x00000000000fffff] reserved
[    0.000000] BIOS-e820: [mem 0x0000000000100000-0x0000000049e76fff] usable
[    0.000000] BIOS-e820: [mem 0x0000000049e77000-0x000000004ae76fff] ACPI NVS
[    0.000000] BIOS-e820: [mem 0x000000004ae77000-0x000000004b2cefff] usable
[    0.000000] BIOS-e820: [mem 0x000000004b2cf000-0x000000004b54dfff] ACPI data
[    0.000000] BIOS-e820: [mem 0x000000004b54e000-0x000000004bd93fff] usable
[    0.000000] BIOS-e820: [mem 0x000000004bd94000-0x000000004be99fff] reserved
[    0.000000] BIOS-e820: [mem 0x000000004be9a000-0x000000004cdfffff] usable
[    0.000000] BIOS-e820: [mem 0x000000004ce00000-0x000000004cffffff] reserved
[    0.000000] BIOS-e820: [mem 0x000000004d000000-0x000000005eefdfff] usable
[    0.000000] BIOS-e820: [mem 0x000000005eefe000-0x000000006e3fefff] reserved
[    0.000000] BIOS-e820: [mem 0x000000006e3ff000-0x000000006f3fefff] ACPI NVS
[    0.000000] BIOS-e820: [mem 0x000000006f3ff000-0x000000006f7fefff] ACPI data
[    0.000000] BIOS-e820: [mem 0x000000006f7ff000-0x000000006f7fffff] usable
[    0.000000] BIOS-e820: [mem 0x000000006f800000-0x000000008fffffff] reserved
[    0.000000] BIOS-e820: [mem 0x00000000fe000000-0x00000000fe010fff] reserved
[    0.000000] BIOS-e820: [mem 0x0000000100000000-0x000000207fffffff] usable
[    0.000000] BIOS-e820: [mem 0x0000002080000000-0x0000011c7fffffff] persistent (type 7)
[    0.000000] BIOS-e820: [mem 0x00001ffc00000000-0x00001fffffffffff] reserved
[    0.000000] NX (Execute Disable) protection: active
[    0.000000] e820: update [mem 0x47c75020-0x47c7d05f] usable ==> usable
[    0.000000] e820: update [mem 0x47c75020-0x47c7d05f] usable ==> usable
[    0.000000] e820: update [mem 0x47c42020-0x47c74c5f] usable ==> usable
[    0.000000] e820: update [mem 0x47c42020-0x47c74c5f] usable ==> usable
[    0.000000] e820: update [mem 0x47c0f020-0x47c41c5f] usable ==> usable
[    0.000000] e820: update [mem 0x47c0f020-0x47c41c5f] usable ==> usable
[    0.000000] e820: update [mem 0x47bdd020-0x47c0ea5f] usable ==> usable
[    0.000000] e820: update [mem 0x47bdd020-0x47c0ea5f] usable ==> usable
[    0.000000] extended physical RAM map:
[    0.000000] reserve setup_data: [mem 0x0000000000000000-0x000000000008efff] usable
[    0.000000] reserve setup_data: [mem 0x000000000008f000-0x000000000008ffff] reserved
[    0.000000] reserve setup_data: [mem 0x0000000000090000-0x000000000009ffff] usable
[    0.000000] reserve setup_data: [mem 0x00000000000a0000-0x00000000000fffff] reserved
[    0.000000] reserve setup_data: [mem 0x0000000000100000-0x0000000047bdd01f] usable
[    0.000000] reserve setup_data: [mem 0x0000000047bdd020-0x0000000047c0ea5f] usable
[    0.000000] reserve setup_data: [mem 0x0000000047c0ea60-0x0000000047c0f01f] usable
[    0.000000] reserve setup_data: [mem 0x0000000047c0f020-0x0000000047c41c5f] usable
[    0.000000] reserve setup_data: [mem 0x0000000047c41c60-0x0000000047c4201f] usable
[    0.000000] reserve setup_data: [mem 0x0000000047c42020-0x0000000047c74c5f] usable
[    0.000000] reserve setup_data: [mem 0x0000000047c74c60-0x0000000047c7501f] usable
[    0.000000] reserve setup_data: [mem 0x0000000047c75020-0x0000000047c7d05f] usable
[    0.000000] reserve setup_data: [mem 0x0000000047c7d060-0x0000000049e76fff] usable
[    0.000000] reserve setup_data: [mem 0x0000000049e77000-0x000000004ae76fff] ACPI NVS
[    0.000000] reserve setup_data: [mem 0x000000004ae77000-0x000000004b2cefff] usable
[    0.000000] reserve setup_data: [mem 0x000000004b2cf000-0x000000004b54dfff] ACPI data
[    0.000000] reserve setup_data: [mem 0x000000004b54e000-0x000000004bd93fff] usable
[    0.000000] reserve setup_data: [mem 0x000000004bd94000-0x000000004be99fff] reserved
[    0.000000] reserve setup_data: [mem 0x000000004be9a000-0x000000004cdfffff] usable
[    0.000000] reserve setup_data: [mem 0x000000004ce00000-0x000000004cffffff] reserved
[    0.000000] reserve setup_data: [mem 0x000000004d000000-0x000000005eefdfff] usable
[    0.000000] reserve setup_data: [mem 0x000000005eefe000-0x000000006e3fefff] reserved
[    0.000000] reserve setup_data: [mem 0x000000006e3ff000-0x000000006f3fefff] ACPI NVS
[    0.000000] reserve setup_data: [mem 0x000000006f3ff000-0x000000006f7fefff] ACPI data
[    0.000000] reserve setup_data: [mem 0x000000006f7ff000-0x000000006f7fffff] usable
[    0.000000] reserve setup_data: [mem 0x000000006f800000-0x000000008fffffff] reserved
[    0.000000] reserve setup_data: [mem 0x00000000fe000000-0x00000000fe010fff] reserved
[    0.000000] reserve setup_data: [mem 0x0000000100000000-0x0000000994ffffff] persistent (type 12)
[    0.000000] reserve setup_data: [mem 0x0000000995000000-0x0000000fffffffff] usable
[    0.000000] reserve setup_data: [mem 0x0000001000000000-0x0000001ebfffffff] persistent (type 12)
[    0.000000] reserve setup_data: [mem 0x0000001ec0000000-0x000000207fffffff] usable
[    0.000000] reserve setup_data: [mem 0x0000002080000000-0x0000011c7fffffff] persistent (type 7)
[    0.000000] reserve setup_data: [mem 0x00001ffc00000000-0x00001fffffffffff] reserved
[    0.000000] user-defined physical RAM map:
[    0.000000] user: [mem 0x0000000000000000-0x000000000008efff] usable
[    0.000000] user: [mem 0x000000000008f000-0x000000000008ffff] reserved
[    0.000000] user: [mem 0x0000000000090000-0x000000000009ffff] usable
[    0.000000] user: [mem 0x00000000000a0000-0x00000000000fffff] reserved
[    0.000000] user: [mem 0x0000000000100000-0x0000000047bdd01f] usable
[    0.000000] user: [mem 0x0000000047bdd020-0x0000000047c0ea5f] usable
[    0.000000] user: [mem 0x0000000047c0ea60-0x0000000047c0f01f] usable
[    0.000000] user: [mem 0x0000000047c0f020-0x0000000047c41c5f] usable
[    0.000000] user: [mem 0x0000000047c41c60-0x0000000047c4201f] usable
[    0.000000] user: [mem 0x0000000047c42020-0x0000000047c74c5f] usable
[    0.000000] user: [mem 0x0000000047c74c60-0x0000000047c7501f] usable
[    0.000000] user: [mem 0x0000000047c75020-0x0000000047c7d05f] usable
[    0.000000] user: [mem 0x0000000047c7d060-0x0000000049e76fff] usable
[    0.000000] user: [mem 0x0000000049e77000-0x000000004ae76fff] ACPI NVS
[    0.000000] user: [mem 0x000000004ae77000-0x000000004b2cefff] usable
[    0.000000] user: [mem 0x000000004b2cf000-0x000000004b54dfff] ACPI data
[    0.000000] user: [mem 0x000000004b54e000-0x000000004bd93fff] usable
[    0.000000] user: [mem 0x000000004bd94000-0x000000004be99fff] reserved
[    0.000000] user: [mem 0x000000004be9a000-0x000000004cdfffff] usable
[    0.000000] user: [mem 0x000000004ce00000-0x000000004cffffff] reserved
[    0.000000] user: [mem 0x000000004d000000-0x000000005eefdfff] usable
[    0.000000] user: [mem 0x000000005eefe000-0x000000006e3fefff] reserved
[    0.000000] user: [mem 0x000000006e3ff000-0x000000006f3fefff] ACPI NVS
[    0.000000] user: [mem 0x000000006f3ff000-0x000000006f7fefff] ACPI data
[    0.000000] user: [mem 0x000000006f7ff000-0x000000006f7fffff] usable
[    0.000000] user: [mem 0x000000006f800000-0x000000008fffffff] reserved
[    0.000000] user: [mem 0x00000000fe000000-0x00000000fe010fff] reserved
[    0.000000] user: [mem 0x0000000100000000-0x0000000994ffffff] persistent (type 12)
[    0.000000] user: [mem 0x0000000995000000-0x0000000fffffffff] usable
[    0.000000] user: [mem 0x0000001000000000-0x0000001ebfffffff] persistent (type 12)
[    0.000000] user: [mem 0x0000001ec0000000-0x000000207fffffff] usable
[    0.000000] user: [mem 0x0000002080000000-0x0000011c7fffffff] persistent (type 7)
[    0.000000] user: [mem 0x00001ffc00000000-0x00001fffffffffff] reserved
[    0.000000] efi: EFI v2.70 by Dell Inc.
[    0.000000] efi:  ACPI=0x6f7fe000  ACPI 2.0=0x6f7fe014  MEMATTR=0x5a1f8020  SMBIOS=0x69526000  SMBIOS 3.0=0x69524000 
[    0.000000] SMBIOS 3.3.0 present.
[    0.000000] DMI: Dell Inc. PowerEdge R750/0K8F35, BIOS 1.10.2 03/03/2023
[    0.000000] tsc: Detected 2000.000 MHz processor
[    0.000008] e820: update [mem 0x00000000-0x00000fff] usable ==> reserved
[    0.000009] e820: remove [mem 0x000a0000-0x000fffff] usable
[    0.000017] last_pfn = 0x2080000 max_arch_pfn = 0x400000000
[    0.000020] MTRR default type: uncachable
[    0.000021] MTRR fixed ranges enabled:
[    0.000022]   00000-9FFFF write-back
[    0.000023]   A0000-BFFFF uncachable
[    0.000023]   C0000-FFFFF write-protect
[    0.000024] MTRR variable ranges enabled:
[    0.000025]   0 base 000000000000 mask 3E0000000000 write-back
[    0.000026]   1 base 000080000000 mask 3FFF80000000 uncachable
[    0.000026]   2 base 00007F000000 mask 3FFFFF000000 uncachable
[    0.000027]   3 disabled
[    0.000027]   4 disabled
[    0.000028]   5 disabled
[    0.000028]   6 disabled
[    0.000028]   7 disabled
[    0.000029]   8 disabled
[    0.000029]   9 disabled
[    0.000778] x86/PAT: Configuration [0-7]: WB  WC  UC- UC  WB  WP  UC- WT  
[    0.001829] total RAM covered: 2095088M
[    0.001914]  gran_size: 64K 	chunk_size: 64K 	num_reg: 10  	lose cover RAM: 2016G
[    0.001916]  gran_size: 64K 	chunk_size: 128K 	num_reg: 10  	lose cover RAM: 2016G
[    0.001916]  gran_size: 64K 	chunk_size: 256K 	num_reg: 10  	lose cover RAM: 2016G
[    0.001917]  gran_size: 64K 	chunk_size: 512K 	num_reg: 10  	lose cover RAM: 2016G
[    0.001918]  gran_size: 64K 	chunk_size: 1M 	num_reg: 10  	lose cover RAM: 2016G
[    0.001919]  gran_size: 64K 	chunk_size: 2M 	num_reg: 10  	lose cover RAM: 2016G
[    0.001919]  gran_size: 64K 	chunk_size: 4M 	num_reg: 10  	lose cover RAM: 2016G
[    0.001920]  gran_size: 64K 	chunk_size: 8M 	num_reg: 10  	lose cover RAM: 2016G
[    0.001921]  gran_size: 64K 	chunk_size: 16M 	num_reg: 10  	lose cover RAM: 2016G
[    0.001921]  gran_size: 64K 	chunk_size: 32M 	num_reg: 10  	lose cover RAM: 1024G
[    0.001922]  gran_size: 64K 	chunk_size: 64M 	num_reg: 10  	lose cover RAM: 1024G
[    0.001923]  gran_size: 64K 	chunk_size: 128M 	num_reg: 10  	lose cover RAM: 1024G
[    0.001923]  gran_size: 64K 	chunk_size: 256M 	num_reg: 10  	lose cover RAM: 1024G
[    0.001924]  gran_size: 64K 	chunk_size: 512M 	num_reg: 10  	lose cover RAM: 1024G
[    0.001925]  gran_size: 64K 	chunk_size: 1G 	num_reg: 10  	lose cover RAM: 1024G
[    0.001925]  gran_size: 64K 	chunk_size: 2G 	num_reg: 10  	lose cover RAM: 1024G
[    0.001926]  gran_size: 128K 	chunk_size: 128K 	num_reg: 10  	lose cover RAM: 2016G
[    0.001927]  gran_size: 128K 	chunk_size: 256K 	num_reg: 10  	lose cover RAM: 2016G
[    0.001928]  gran_size: 128K 	chunk_size: 512K 	num_reg: 10  	lose cover RAM: 2016G
[    0.001928]  gran_size: 128K 	chunk_size: 1M 	num_reg: 10  	lose cover RAM: 2016G
[    0.001929]  gran_size: 128K 	chunk_size: 2M 	num_reg: 10  	lose cover RAM: 2016G
[    0.001930]  gran_size: 128K 	chunk_size: 4M 	num_reg: 10  	lose cover RAM: 2016G
[    0.001930]  gran_size: 128K 	chunk_size: 8M 	num_reg: 10  	lose cover RAM: 2016G
[    0.001931]  gran_size: 128K 	chunk_size: 16M 	num_reg: 10  	lose cover RAM: 2016G
[    0.001932]  gran_size: 128K 	chunk_size: 32M 	num_reg: 10  	lose cover RAM: 1024G
[    0.001932]  gran_size: 128K 	chunk_size: 64M 	num_reg: 10  	lose cover RAM: 1024G
[    0.001933]  gran_size: 128K 	chunk_size: 128M 	num_reg: 10  	lose cover RAM: 1024G
[    0.001934]  gran_size: 128K 	chunk_size: 256M 	num_reg: 10  	lose cover RAM: 1024G
[    0.001934]  gran_size: 128K 	chunk_size: 512M 	num_reg: 10  	lose cover RAM: 1024G
[    0.001935]  gran_size: 128K 	chunk_size: 1G 	num_reg: 10  	lose cover RAM: 1024G
[    0.001936]  gran_size: 128K 	chunk_size: 2G 	num_reg: 10  	lose cover RAM: 1024G
[    0.001936]  gran_size: 256K 	chunk_size: 256K 	num_reg: 10  	lose cover RAM: 2016G
[    0.001937]  gran_size: 256K 	chunk_size: 512K 	num_reg: 10  	lose cover RAM: 2016G
[    0.001938]  gran_size: 256K 	chunk_size: 1M 	num_reg: 10  	lose cover RAM: 2016G
[    0.001939]  gran_size: 256K 	chunk_size: 2M 	num_reg: 10  	lose cover RAM: 2016G
[    0.001939]  gran_size: 256K 	chunk_size: 4M 	num_reg: 10  	lose cover RAM: 2016G
[    0.001940]  gran_size: 256K 	chunk_size: 8M 	num_reg: 10  	lose cover RAM: 2016G
[    0.001941]  gran_size: 256K 	chunk_size: 16M 	num_reg: 10  	lose cover RAM: 2016G
[    0.001941]  gran_size: 256K 	chunk_size: 32M 	num_reg: 10  	lose cover RAM: 1024G
[    0.001942]  gran_size: 256K 	chunk_size: 64M 	num_reg: 10  	lose cover RAM: 1024G
[    0.001943]  gran_size: 256K 	chunk_size: 128M 	num_reg: 10  	lose cover RAM: 1024G
[    0.001943]  gran_size: 256K 	chunk_size: 256M 	num_reg: 10  	lose cover RAM: 1024G
[    0.001944]  gran_size: 256K 	chunk_size: 512M 	num_reg: 10  	lose cover RAM: 1024G
[    0.001945]  gran_size: 256K 	chunk_size: 1G 	num_reg: 10  	lose cover RAM: 1024G
[    0.001945]  gran_size: 256K 	chunk_size: 2G 	num_reg: 10  	lose cover RAM: 1024G
[    0.001946]  gran_size: 512K 	chunk_size: 512K 	num_reg: 10  	lose cover RAM: 2016G
[    0.001947]  gran_size: 512K 	chunk_size: 1M 	num_reg: 10  	lose cover RAM: 2016G
[    0.001948]  gran_size: 512K 	chunk_size: 2M 	num_reg: 10  	lose cover RAM: 2016G
[    0.001948]  gran_size: 512K 	chunk_size: 4M 	num_reg: 10  	lose cover RAM: 2016G
[    0.001949]  gran_size: 512K 	chunk_size: 8M 	num_reg: 10  	lose cover RAM: 2016G
[    0.001950]  gran_size: 512K 	chunk_size: 16M 	num_reg: 10  	lose cover RAM: 2016G
[    0.001950]  gran_size: 512K 	chunk_size: 32M 	num_reg: 10  	lose cover RAM: 1024G
[    0.001951]  gran_size: 512K 	chunk_size: 64M 	num_reg: 10  	lose cover RAM: 1024G
[    0.001952]  gran_size: 512K 	chunk_size: 128M 	num_reg: 10  	lose cover RAM: 1024G
[    0.001952]  gran_size: 512K 	chunk_size: 256M 	num_reg: 10  	lose cover RAM: 1024G
[    0.001953]  gran_size: 512K 	chunk_size: 512M 	num_reg: 10  	lose cover RAM: 1024G
[    0.001954]  gran_size: 512K 	chunk_size: 1G 	num_reg: 10  	lose cover RAM: 1024G
[    0.001954]  gran_size: 512K 	chunk_size: 2G 	num_reg: 10  	lose cover RAM: 1024G
[    0.001955]  gran_size: 1M 	chunk_size: 1M 	num_reg: 10  	lose cover RAM: 2016G
[    0.001956]  gran_size: 1M 	chunk_size: 2M 	num_reg: 10  	lose cover RAM: 2016G
[    0.001956]  gran_size: 1M 	chunk_size: 4M 	num_reg: 10  	lose cover RAM: 2016G
[    0.001957]  gran_size: 1M 	chunk_size: 8M 	num_reg: 10  	lose cover RAM: 2016G
[    0.001958]  gran_size: 1M 	chunk_size: 16M 	num_reg: 10  	lose cover RAM: 2016G
[    0.001958]  gran_size: 1M 	chunk_size: 32M 	num_reg: 10  	lose cover RAM: 1024G
[    0.001959]  gran_size: 1M 	chunk_size: 64M 	num_reg: 10  	lose cover RAM: 1024G
[    0.001960]  gran_size: 1M 	chunk_size: 128M 	num_reg: 10  	lose cover RAM: 1024G
[    0.001961]  gran_size: 1M 	chunk_size: 256M 	num_reg: 10  	lose cover RAM: 1024G
[    0.001961]  gran_size: 1M 	chunk_size: 512M 	num_reg: 10  	lose cover RAM: 1024G
[    0.001962]  gran_size: 1M 	chunk_size: 1G 	num_reg: 10  	lose cover RAM: 1024G
[    0.001963]  gran_size: 1M 	chunk_size: 2G 	num_reg: 10  	lose cover RAM: 1024G
[    0.001963]  gran_size: 2M 	chunk_size: 2M 	num_reg: 10  	lose cover RAM: 2016G
[    0.001964]  gran_size: 2M 	chunk_size: 4M 	num_reg: 10  	lose cover RAM: 2016G
[    0.001965]  gran_size: 2M 	chunk_size: 8M 	num_reg: 10  	lose cover RAM: 2016G
[    0.001965]  gran_size: 2M 	chunk_size: 16M 	num_reg: 10  	lose cover RAM: 2016G
[    0.001966]  gran_size: 2M 	chunk_size: 32M 	num_reg: 10  	lose cover RAM: 1024G
[    0.001966]  gran_size: 2M 	chunk_size: 64M 	num_reg: 10  	lose cover RAM: 1024G
[    0.001967]  gran_size: 2M 	chunk_size: 128M 	num_reg: 10  	lose cover RAM: 1024G
[    0.001968]  gran_size: 2M 	chunk_size: 256M 	num_reg: 10  	lose cover RAM: 1024G
[    0.001968]  gran_size: 2M 	chunk_size: 512M 	num_reg: 10  	lose cover RAM: 1024G
[    0.001969]  gran_size: 2M 	chunk_size: 1G 	num_reg: 10  	lose cover RAM: 1024G
[    0.001970]  gran_size: 2M 	chunk_size: 2G 	num_reg: 10  	lose cover RAM: 1024G
[    0.001970]  gran_size: 4M 	chunk_size: 4M 	num_reg: 10  	lose cover RAM: 2016G
[    0.001971]  gran_size: 4M 	chunk_size: 8M 	num_reg: 10  	lose cover RAM: 2016G
[    0.001972]  gran_size: 4M 	chunk_size: 16M 	num_reg: 10  	lose cover RAM: 2016G
[    0.001972]  gran_size: 4M 	chunk_size: 32M 	num_reg: 10  	lose cover RAM: 1024G
[    0.001973]  gran_size: 4M 	chunk_size: 64M 	num_reg: 10  	lose cover RAM: 1024G
[    0.001974]  gran_size: 4M 	chunk_size: 128M 	num_reg: 10  	lose cover RAM: 1024G
[    0.001975]  gran_size: 4M 	chunk_size: 256M 	num_reg: 10  	lose cover RAM: 1024G
[    0.001975]  gran_size: 4M 	chunk_size: 512M 	num_reg: 10  	lose cover RAM: 1024G
[    0.001976]  gran_size: 4M 	chunk_size: 1G 	num_reg: 10  	lose cover RAM: 1024G
[    0.001977]  gran_size: 4M 	chunk_size: 2G 	num_reg: 10  	lose cover RAM: 1024G
[    0.001977]  gran_size: 8M 	chunk_size: 8M 	num_reg: 10  	lose cover RAM: 2016G
[    0.001978]  gran_size: 8M 	chunk_size: 16M 	num_reg: 10  	lose cover RAM: 2016G
[    0.001979]  gran_size: 8M 	chunk_size: 32M 	num_reg: 10  	lose cover RAM: 1024G
[    0.001979]  gran_size: 8M 	chunk_size: 64M 	num_reg: 10  	lose cover RAM: 1024G
[    0.001980]  gran_size: 8M 	chunk_size: 128M 	num_reg: 10  	lose cover RAM: 1024G
[    0.001981]  gran_size: 8M 	chunk_size: 256M 	num_reg: 10  	lose cover RAM: 1024G
[    0.001981]  gran_size: 8M 	chunk_size: 512M 	num_reg: 10  	lose cover RAM: 1024G
[    0.001982]  gran_size: 8M 	chunk_size: 1G 	num_reg: 10  	lose cover RAM: 1024G
[    0.001982]  gran_size: 8M 	chunk_size: 2G 	num_reg: 10  	lose cover RAM: 1024G
[    0.001983]  gran_size: 16M 	chunk_size: 16M 	num_reg: 10  	lose cover RAM: 2016G
[    0.001984]  gran_size: 16M 	chunk_size: 32M 	num_reg: 10  	lose cover RAM: 1024G
[    0.001985]  gran_size: 16M 	chunk_size: 64M 	num_reg: 10  	lose cover RAM: 1024G
[    0.001985]  gran_size: 16M 	chunk_size: 128M 	num_reg: 10  	lose cover RAM: 1024G
[    0.001986]  gran_size: 16M 	chunk_size: 256M 	num_reg: 10  	lose cover RAM: 1024G
[    0.001987]  gran_size: 16M 	chunk_size: 512M 	num_reg: 10  	lose cover RAM: 1024G
[    0.001987]  gran_size: 16M 	chunk_size: 1G 	num_reg: 10  	lose cover RAM: 1024G
[    0.001988]  gran_size: 16M 	chunk_size: 2G 	num_reg: 10  	lose cover RAM: 1024G
[    0.001989]  gran_size: 32M 	chunk_size: 32M 	num_reg: 10  	lose cover RAM: 2031632M
[    0.001989]  gran_size: 32M 	chunk_size: 64M 	num_reg: 10  	lose cover RAM: 1048592M
[    0.001990]  gran_size: 32M 	chunk_size: 128M 	num_reg: 10  	lose cover RAM: 1048592M
[    0.001991]  gran_size: 32M 	chunk_size: 256M 	num_reg: 10  	lose cover RAM: 1048592M
[    0.001991]  gran_size: 32M 	chunk_size: 512M 	num_reg: 10  	lose cover RAM: 1048592M
[    0.001992]  gran_size: 32M 	chunk_size: 1G 	num_reg: 10  	lose cover RAM: 1048592M
[    0.001993]  gran_size: 32M 	chunk_size: 2G 	num_reg: 10  	lose cover RAM: 1048592M
[    0.001994]  gran_size: 64M 	chunk_size: 64M 	num_reg: 10  	lose cover RAM: 1966128M
[    0.001994]  gran_size: 64M 	chunk_size: 128M 	num_reg: 10  	lose cover RAM: 1048624M
[    0.001995]  gran_size: 64M 	chunk_size: 256M 	num_reg: 10  	lose cover RAM: 1048624M
[    0.001996]  gran_size: 64M 	chunk_size: 512M 	num_reg: 10  	lose cover RAM: 1048624M
[    0.001996]  gran_size: 64M 	chunk_size: 1G 	num_reg: 10  	lose cover RAM: 1048624M
[    0.001997]  gran_size: 64M 	chunk_size: 2G 	num_reg: 10  	lose cover RAM: 1048624M
[    0.001998]  gran_size: 128M 	chunk_size: 128M 	num_reg: 10  	lose cover RAM: 1835120M
[    0.001998]  gran_size: 128M 	chunk_size: 256M 	num_reg: 10  	lose cover RAM: 1048688M
[    0.001999]  gran_size: 128M 	chunk_size: 512M 	num_reg: 10  	lose cover RAM: 1048688M
[    0.002000]  gran_size: 128M 	chunk_size: 1G 	num_reg: 10  	lose cover RAM: 1048688M
[    0.002001]  gran_size: 128M 	chunk_size: 2G 	num_reg: 10  	lose cover RAM: 1048688M
[    0.002001]  gran_size: 256M 	chunk_size: 256M 	num_reg: 10  	lose cover RAM: 1573104M
[    0.002002]  gran_size: 256M 	chunk_size: 512M 	num_reg: 10  	lose cover RAM: 1048816M
[    0.002003]  gran_size: 256M 	chunk_size: 1G 	num_reg: 10  	lose cover RAM: 1048816M
[    0.002003]  gran_size: 256M 	chunk_size: 2G 	num_reg: 10  	lose cover RAM: 1048816M
[    0.002004]  gran_size: 512M 	chunk_size: 512M 	num_reg: 10  	lose cover RAM: 1049072M
[    0.002005]  gran_size: 512M 	chunk_size: 1G 	num_reg: 10  	lose cover RAM: 1049072M
[    0.002006]  gran_size: 512M 	chunk_size: 2G 	num_reg: 10  	lose cover RAM: 1049072M
[    0.002006]  gran_size: 1G 	chunk_size: 1G 	num_reg: 10  	lose cover RAM: 1008M
[    0.002007]  gran_size: 1G 	chunk_size: 2G 	num_reg: 10  	lose cover RAM: 1008M
[    0.002008]  gran_size: 2G 	chunk_size: 2G 	num_reg: 9  	lose cover RAM: 2032M
[    0.002008] mtrr_cleanup: can not find optimal value
[    0.002009] please specify mtrr_gran_size/mtrr_chunk_size
[    0.002011] e820: update [mem 0x7f000000-0xffffffff] usable ==> reserved
[    0.002013] x2apic: enabled by BIOS, switching to x2apic ops
[    0.002014] last_pfn = 0x6f800 max_arch_pfn = 0x400000000
[    0.013420] check: Scanning 1 areas for low memory corruption
[    0.013424] Using GB pages for direct mapping
[    0.013426] BRK [0x9d4401000, 0x9d4401fff] PGTABLE
[    0.013427] BRK [0x9d4402000, 0x9d4402fff] PGTABLE
[    0.013428] BRK [0x9d4403000, 0x9d4403fff] PGTABLE
[    0.013459] BRK [0x9d4404000, 0x9d4404fff] PGTABLE
[    0.013505] BRK [0x9d4405000, 0x9d4405fff] PGTABLE
[    0.013556] BRK [0x9d4406000, 0x9d4406fff] PGTABLE
[    0.013653] BRK [0x9d4407000, 0x9d4407fff] PGTABLE
[    0.013752] BRK [0x9d4408000, 0x9d4408fff] PGTABLE
[    0.013839] BRK [0x9d4409000, 0x9d4409fff] PGTABLE
[    0.013936] BRK [0x9d440a000, 0x9d440afff] PGTABLE
[    0.014002] BRK [0x9d440b000, 0x9d440bfff] PGTABLE
[    0.014146] BRK [0x9d440c000, 0x9d440cfff] PGTABLE
[    0.014284] Secure boot disabled
[    0.014285] RAMDISK: [mem 0x2065920000-0x207fffffff]
[    0.014291] ACPI: Early table checksum verification disabled
[    0.014293] ACPI: RSDP 0x000000006F7FE014 000024 (v02 DELL  )
[    0.014296] ACPI: XSDT 0x000000006F41C188 0000F4 (v01 DELL   PE_SC3   00000000 DELL 01000013)
[    0.014300] ACPI: FACP 0x000000006F430000 000114 (v06 DELL   PE_SC3   00000000 DELL 00000001)
[    0.014305] ACPI: DSDT 0x000000004B4CE000 07FAD3 (v02 DELL   PE_SC3   00000003 DELL 00000001)
[    0.014307] ACPI: FACS 0x000000006F2F2000 000040
[    0.014310] ACPI: SSDT 0x000000006F7FB000 00159A (v02 INTEL  RAS_ACPI 00000001 INTL 20210331)
[    0.014313] ACPI: SSDT 0x000000006F7FA000 000745 (v02 INTEL  ADDRXLAT 00000001 INTL 20210331)
[    0.014316] ACPI: MCEJ 0x000000006F7F9000 000130 (v01 INTEL           00000001 INTL 0100000D)
[    0.014318] ACPI: BERT 0x000000006F7F8000 000030 (v01 DELL   PE_SC3   00000001 INTL 00000001)
[    0.014321] ACPI: ERST 0x000000006F7F7000 000230 (v01 DELL   PE_SC3   00000001 INTL 00000001)
[    0.014323] ACPI: SSDT 0x000000006F431000 3C524E (v02 INTEL  SSDTNVDR 00001000 INTL 20210331)
[    0.014326] ACPI: HMAT 0x000000006F42F000 000210 (v01 DELL   PE_SC3   00000001 DELL 00000001)
[    0.014329] ACPI: HPET 0x000000006F42E000 000038 (v01 DELL   PE_SC3   00000001 DELL 00000001)
[    0.014331] ACPI: MCFG 0x000000006F42D000 00003C (v01 DELL   PE_SC3   00000001 DELL 00000001)
[    0.014334] ACPI: MIGT 0x000000006F42C000 000040 (v01 DELL   PE_SC3   00000000 DELL 00000001)
[    0.014336] ACPI: MSCT 0x000000006F42B000 000090 (v01 DELL   PE_SC3   00000001 DELL 00000001)
[    0.014339] ACPI: PMTT 0x000000006F429000 0011E8 (v02 DELL   PE_SC3   00000001 DELL 00000001)
[    0.014341] ACPI: WSMT 0x000000006F428000 000028 (v01 DELL   PE_SC3   00000000 DELL 00000001)
[    0.014344] ACPI: APIC 0x000000006F427000 00075E (v04 DELL   PE_SC3   00000000 DELL 00000001)
[    0.014347] ACPI: SLIT 0x000000006F426000 00003C (v01 DELL   PE_SC3   00000001 DELL 01000013)
[    0.014349] ACPI: SRAT 0x000000006F41F000 006430 (v03 DELL   PE_SC3   00000002 DELL 01000013)
[    0.014352] ACPI: OEM4 0x000000004B346000 187A61 (v02 INTEL  CPU  CST 00003000 INTL 20210331)
[    0.014355] ACPI: SSDT 0x000000004B2CF000 0764A5 (v02 INTEL  SSDT  PM 00004000 INTL 20210331)
[    0.014357] ACPI: SSDT 0x000000006F41E000 000A1F (v02 DELL   PE_SC3   00000000 DELL 00000001)
[    0.014360] ACPI: HEST 0x000000006F41D000 00017C (v01 DELL   PE_SC3   00000001 INTL 00000001)
[    0.014362] ACPI: PCAT 0x000000006F41B000 00010C (v19 DELL   PE_SC3   00000002 DELL 00000001)
[    0.014365] ACPI: SSDT 0x000000006F413000 007299 (v02 INTEL  SpsNm    00000002 INTL 20210331)
[    0.014368] ACPI: SSDT 0x000000006F412000 000426 (v02 DELL   PE_SC3   00000002 DELL 00000001)
[    0.014370] ACPI: NFIT 0x000000006F7FD000 000488 (v01 DELL   PE_SC3   00000002 DELL 00000001)
[    0.014373] ACPI: DMAR 0x000000006F411000 000158 (v01 DELL   PE_SC3   00000001 DELL 00000001)
[    0.014380] ACPI: Local APIC address 0xfee00000
[    0.014381] Setting APIC routing to cluster x2apic.
[    0.014428] SRAT: PXM 0 -> APIC 0x0000 -> Node 0
[    0.014428] SRAT: PXM 0 -> APIC 0x0001 -> Node 0
[    0.014429] SRAT: PXM 0 -> APIC 0x0002 -> Node 0
[    0.014429] SRAT: PXM 0 -> APIC 0x0003 -> Node 0
[    0.014430] SRAT: PXM 0 -> APIC 0x0004 -> Node 0
[    0.014430] SRAT: PXM 0 -> APIC 0x0005 -> Node 0
[    0.014431] SRAT: PXM 0 -> APIC 0x0006 -> Node 0
[    0.014431] SRAT: PXM 0 -> APIC 0x0007 -> Node 0
[    0.014431] SRAT: PXM 0 -> APIC 0x0008 -> Node 0
[    0.014432] SRAT: PXM 0 -> APIC 0x0009 -> Node 0
[    0.014432] SRAT: PXM 0 -> APIC 0x000a -> Node 0
[    0.014433] SRAT: PXM 0 -> APIC 0x000b -> Node 0
[    0.014433] SRAT: PXM 0 -> APIC 0x000c -> Node 0
[    0.014433] SRAT: PXM 0 -> APIC 0x000d -> Node 0
[    0.014434] SRAT: PXM 0 -> APIC 0x000e -> Node 0
[    0.014434] SRAT: PXM 0 -> APIC 0x000f -> Node 0
[    0.014435] SRAT: PXM 0 -> APIC 0x0010 -> Node 0
[    0.014435] SRAT: PXM 0 -> APIC 0x0011 -> Node 0
[    0.014436] SRAT: PXM 0 -> APIC 0x0012 -> Node 0
[    0.014436] SRAT: PXM 0 -> APIC 0x0013 -> Node 0
[    0.014436] SRAT: PXM 0 -> APIC 0x0014 -> Node 0
[    0.014437] SRAT: PXM 0 -> APIC 0x0015 -> Node 0
[    0.014437] SRAT: PXM 0 -> APIC 0x0016 -> Node 0
[    0.014438] SRAT: PXM 0 -> APIC 0x0017 -> Node 0
[    0.014438] SRAT: PXM 0 -> APIC 0x0018 -> Node 0
[    0.014438] SRAT: PXM 0 -> APIC 0x0019 -> Node 0
[    0.014439] SRAT: PXM 0 -> APIC 0x001a -> Node 0
[    0.014439] SRAT: PXM 0 -> APIC 0x001b -> Node 0
[    0.014440] SRAT: PXM 0 -> APIC 0x001c -> Node 0
[    0.014440] SRAT: PXM 0 -> APIC 0x001d -> Node 0
[    0.014441] SRAT: PXM 0 -> APIC 0x001e -> Node 0
[    0.014441] SRAT: PXM 0 -> APIC 0x001f -> Node 0
[    0.014441] SRAT: PXM 0 -> APIC 0x0020 -> Node 0
[    0.014442] SRAT: PXM 0 -> APIC 0x0021 -> Node 0
[    0.014442] SRAT: PXM 0 -> APIC 0x0022 -> Node 0
[    0.014443] SRAT: PXM 0 -> APIC 0x0023 -> Node 0
[    0.014443] SRAT: PXM 0 -> APIC 0x0024 -> Node 0
[    0.014443] SRAT: PXM 0 -> APIC 0x0025 -> Node 0
[    0.014444] SRAT: PXM 0 -> APIC 0x0026 -> Node 0
[    0.014444] SRAT: PXM 0 -> APIC 0x0027 -> Node 0
[    0.014445] SRAT: PXM 0 -> APIC 0x0028 -> Node 0
[    0.014445] SRAT: PXM 0 -> APIC 0x0029 -> Node 0
[    0.014445] SRAT: PXM 0 -> APIC 0x002a -> Node 0
[    0.014446] SRAT: PXM 0 -> APIC 0x002b -> Node 0
[    0.014446] SRAT: PXM 0 -> APIC 0x002c -> Node 0
[    0.014447] SRAT: PXM 0 -> APIC 0x002d -> Node 0
[    0.014447] SRAT: PXM 0 -> APIC 0x002e -> Node 0
[    0.014447] SRAT: PXM 0 -> APIC 0x002f -> Node 0
[    0.014448] SRAT: PXM 0 -> APIC 0x0030 -> Node 0
[    0.014448] SRAT: PXM 0 -> APIC 0x0031 -> Node 0
[    0.014449] SRAT: PXM 0 -> APIC 0x0032 -> Node 0
[    0.014449] SRAT: PXM 0 -> APIC 0x0033 -> Node 0
[    0.014449] SRAT: PXM 0 -> APIC 0x0034 -> Node 0
[    0.014450] SRAT: PXM 0 -> APIC 0x0035 -> Node 0
[    0.014450] SRAT: PXM 0 -> APIC 0x0036 -> Node 0
[    0.014451] SRAT: PXM 0 -> APIC 0x0037 -> Node 0
[    0.014451] SRAT: PXM 1 -> APIC 0x0080 -> Node 1
[    0.014452] SRAT: PXM 1 -> APIC 0x0081 -> Node 1
[    0.014452] SRAT: PXM 1 -> APIC 0x0082 -> Node 1
[    0.014452] SRAT: PXM 1 -> APIC 0x0083 -> Node 1
[    0.014453] SRAT: PXM 1 -> APIC 0x0084 -> Node 1
[    0.014453] SRAT: PXM 1 -> APIC 0x0085 -> Node 1
[    0.014454] SRAT: PXM 1 -> APIC 0x0086 -> Node 1
[    0.014454] SRAT: PXM 1 -> APIC 0x0087 -> Node 1
[    0.014455] SRAT: PXM 1 -> APIC 0x0088 -> Node 1
[    0.014455] SRAT: PXM 1 -> APIC 0x0089 -> Node 1
[    0.014455] SRAT: PXM 1 -> APIC 0x008a -> Node 1
[    0.014456] SRAT: PXM 1 -> APIC 0x008b -> Node 1
[    0.014456] SRAT: PXM 1 -> APIC 0x008c -> Node 1
[    0.014457] SRAT: PXM 1 -> APIC 0x008d -> Node 1
[    0.014457] SRAT: PXM 1 -> APIC 0x008e -> Node 1
[    0.014457] SRAT: PXM 1 -> APIC 0x008f -> Node 1
[    0.014458] SRAT: PXM 1 -> APIC 0x0090 -> Node 1
[    0.014458] SRAT: PXM 1 -> APIC 0x0091 -> Node 1
[    0.014459] SRAT: PXM 1 -> APIC 0x0092 -> Node 1
[    0.014459] SRAT: PXM 1 -> APIC 0x0093 -> Node 1
[    0.014459] SRAT: PXM 1 -> APIC 0x0094 -> Node 1
[    0.014460] SRAT: PXM 1 -> APIC 0x0095 -> Node 1
[    0.014460] SRAT: PXM 1 -> APIC 0x0096 -> Node 1
[    0.014461] SRAT: PXM 1 -> APIC 0x0097 -> Node 1
[    0.014461] SRAT: PXM 1 -> APIC 0x0098 -> Node 1
[    0.014462] SRAT: PXM 1 -> APIC 0x0099 -> Node 1
[    0.014462] SRAT: PXM 1 -> APIC 0x009a -> Node 1
[    0.014462] SRAT: PXM 1 -> APIC 0x009b -> Node 1
[    0.014463] SRAT: PXM 1 -> APIC 0x009c -> Node 1
[    0.014463] SRAT: PXM 1 -> APIC 0x009d -> Node 1
[    0.014464] SRAT: PXM 1 -> APIC 0x009e -> Node 1
[    0.014464] SRAT: PXM 1 -> APIC 0x009f -> Node 1
[    0.014464] SRAT: PXM 1 -> APIC 0x00a0 -> Node 1
[    0.014465] SRAT: PXM 1 -> APIC 0x00a1 -> Node 1
[    0.014465] SRAT: PXM 1 -> APIC 0x00a2 -> Node 1
[    0.014466] SRAT: PXM 1 -> APIC 0x00a3 -> Node 1
[    0.014466] SRAT: PXM 1 -> APIC 0x00a4 -> Node 1
[    0.014466] SRAT: PXM 1 -> APIC 0x00a5 -> Node 1
[    0.014467] SRAT: PXM 1 -> APIC 0x00a6 -> Node 1
[    0.014467] SRAT: PXM 1 -> APIC 0x00a7 -> Node 1
[    0.014468] SRAT: PXM 1 -> APIC 0x00a8 -> Node 1
[    0.014468] SRAT: PXM 1 -> APIC 0x00a9 -> Node 1
[    0.014469] SRAT: PXM 1 -> APIC 0x00aa -> Node 1
[    0.014469] SRAT: PXM 1 -> APIC 0x00ab -> Node 1
[    0.014469] SRAT: PXM 1 -> APIC 0x00ac -> Node 1
[    0.014470] SRAT: PXM 1 -> APIC 0x00ad -> Node 1
[    0.014470] SRAT: PXM 1 -> APIC 0x00ae -> Node 1
[    0.014471] SRAT: PXM 1 -> APIC 0x00af -> Node 1
[    0.014471] SRAT: PXM 1 -> APIC 0x00b0 -> Node 1
[    0.014471] SRAT: PXM 1 -> APIC 0x00b1 -> Node 1
[    0.014472] SRAT: PXM 1 -> APIC 0x00b2 -> Node 1
[    0.014472] SRAT: PXM 1 -> APIC 0x00b3 -> Node 1
[    0.014473] SRAT: PXM 1 -> APIC 0x00b4 -> Node 1
[    0.014473] SRAT: PXM 1 -> APIC 0x00b5 -> Node 1
[    0.014473] SRAT: PXM 1 -> APIC 0x00b6 -> Node 1
[    0.014474] SRAT: PXM 1 -> APIC 0x00b7 -> Node 1
[    0.014487] ACPI: SRAT: Node 0 PXM 0 [mem 0x00000000-0x7fffffff]
[    0.014488] ACPI: SRAT: Node 0 PXM 0 [mem 0x100000000-0x107fffffff]
[    0.014489] ACPI: SRAT: Node 2 PXM 2 [mem 0x2080000000-0x9e7fffffff] non-volatile
[    0.014489] ACPI: SRAT: Node 1 PXM 1 [mem 0x1080000000-0x207fffffff]
[    0.014490] ACPI: SRAT: Node 3 PXM 3 [mem 0x9e80000000-0x11c7fffffff] non-volatile
[    0.014499] NUMA: Initialized distance table, cnt=4
[    0.014501] NUMA: Node 0 [mem 0x00000000-0x7fffffff] + [mem 0x100000000-0x107fffffff] -> [mem 0x00000000-0x107fffffff]
[    0.014510] NODE_DATA(0) allocated [mem 0xffffd5000-0xfffffffff]
[    0.014527] NODE_DATA(1) allocated [mem 0x20658f2000-0x206591cfff]
[    0.014686] Zone ranges:
[    0.014687]   DMA      [mem 0x0000000000001000-0x0000000000ffffff]
[    0.014688]   DMA32    [mem 0x0000000001000000-0x00000000ffffffff]
[    0.014689]   Normal   [mem 0x0000000100000000-0x000000207fffffff]
[    0.014689]   Device   empty
[    0.014690] Movable zone start for each node
[    0.014693] Early memory node ranges
[    0.014694]   node   0: [mem 0x0000000000001000-0x000000000008efff]
[    0.014695]   node   0: [mem 0x0000000000090000-0x000000000009ffff]
[    0.014695]   node   0: [mem 0x0000000000100000-0x0000000049e76fff]
[    0.014696]   node   0: [mem 0x000000004ae77000-0x000000004b2cefff]
[    0.014697]   node   0: [mem 0x000000004b54e000-0x000000004bd93fff]
[    0.014697]   node   0: [mem 0x000000004be9a000-0x000000004cdfffff]
[    0.014698]   node   0: [mem 0x000000004d000000-0x000000005eefdfff]
[    0.014698]   node   0: [mem 0x000000006f7ff000-0x000000006f7fffff]
[    0.014699]   node   0: [mem 0x0000000995000000-0x0000000fffffffff]
[    0.014701]   node   1: [mem 0x0000001ec0000000-0x000000207fffffff]
[    0.015294] Zeroed struct page in unavailable ranges: 63208 pages
[    0.015295] Initmem setup node 0 [mem 0x0000000000001000-0x0000000fffffffff]
[    0.015297] On node 0 totalpages: 7112984
[    0.015298]   DMA zone: 64 pages used for memmap
[    0.015298]   DMA zone: 1102 pages reserved
[    0.015299]   DMA zone: 3998 pages, LIFO batch:0
[    0.015343]   DMA32 zone: 5926 pages used for memmap
[    0.015344]   DMA32 zone: 379258 pages, LIFO batch:63
[    0.021871]   Normal zone: 105152 pages used for memmap
[    0.021872]   Normal zone: 6729728 pages, LIFO batch:63
[    0.108847] Initmem setup node 1 [mem 0x0000001ec0000000-0x000000207fffffff]
[    0.108849] On node 1 totalpages: 1835008
[    0.108850]   Normal zone: 28672 pages used for memmap
[    0.108850]   Normal zone: 1835008 pages, LIFO batch:63
[    0.129014] ACPI: PM-Timer IO Port: 0x508
[    0.129018] ACPI: Local APIC address 0xfee00000
[    0.129034] ACPI: X2APIC_NMI (uid[0xffffffff] high edge lint[0x1])
[    0.129036] ACPI: LAPIC_NMI (acpi_id[0xff] high edge lint[0x1])
[    0.129054] IOAPIC[0]: apic_id 8, version 32, address 0xfec00000, GSI 0-119
[    0.129056] ACPI: INT_SRC_OVR (bus 0 bus_irq 0 global_irq 2 dfl dfl)
[    0.129058] ACPI: INT_SRC_OVR (bus 0 bus_irq 9 global_irq 9 high level)
[    0.129059] ACPI: IRQ0 used by override.
[    0.129060] ACPI: IRQ9 used by override.
[    0.129062] Using ACPI (MADT) for SMP configuration information
[    0.129063] ACPI: HPET id: 0x8086a701 base: 0xfed00000
[    0.129067] smpboot: Allowing 112 CPUs, 0 hotplug CPUs
[    0.129092] PM: Registered nosave memory: [mem 0x00000000-0x00000fff]
[    0.129093] PM: Registered nosave memory: [mem 0x0008f000-0x0008ffff]
[    0.129095] PM: Registered nosave memory: [mem 0x000a0000-0x000fffff]
[    0.129096] PM: Registered nosave memory: [mem 0x47bdd000-0x47bddfff]
[    0.129097] PM: Registered nosave memory: [mem 0x47c0e000-0x47c0efff]
[    0.129098] PM: Registered nosave memory: [mem 0x47c0f000-0x47c0ffff]
[    0.129099] PM: Registered nosave memory: [mem 0x47c41000-0x47c41fff]
[    0.129100] PM: Registered nosave memory: [mem 0x47c42000-0x47c42fff]
[    0.129101] PM: Registered nosave memory: [mem 0x47c74000-0x47c74fff]
[    0.129102] PM: Registered nosave memory: [mem 0x47c75000-0x47c75fff]
[    0.129103] PM: Registered nosave memory: [mem 0x47c7d000-0x47c7dfff]
[    0.129104] PM: Registered nosave memory: [mem 0x49e77000-0x4ae76fff]
[    0.129106] PM: Registered nosave memory: [mem 0x4b2cf000-0x4b54dfff]
[    0.129107] PM: Registered nosave memory: [mem 0x4bd94000-0x4be99fff]
[    0.129109] PM: Registered nosave memory: [mem 0x4ce00000-0x4cffffff]
[    0.129110] PM: Registered nosave memory: [mem 0x5eefe000-0x6e3fefff]
[    0.129111] PM: Registered nosave memory: [mem 0x6e3ff000-0x6f3fefff]
[    0.129111] PM: Registered nosave memory: [mem 0x6f3ff000-0x6f7fefff]
[    0.129113] PM: Registered nosave memory: [mem 0x6f800000-0x8fffffff]
[    0.129113] PM: Registered nosave memory: [mem 0x90000000-0xfdffffff]
[    0.129114] PM: Registered nosave memory: [mem 0xfe000000-0xfe010fff]
[    0.129114] PM: Registered nosave memory: [mem 0xfe011000-0xffffffff]
[    0.129115] PM: Registered nosave memory: [mem 0x100000000-0x994ffffff]
[    0.129116] PM: Registered nosave memory: [mem 0x1000000000-0x1ebfffffff]
[    0.129118] [mem 0x90000000-0xfdffffff] available for PCI devices
[    0.129119] Booting paravirtualized kernel on bare hardware
[    0.129121] clocksource: refined-jiffies: mask: 0xffffffff max_cycles: 0xffffffff, max_idle_ns: 7645519600211568 ns
[    0.129128] setup_percpu: NR_CPUS:8192 nr_cpumask_bits:112 nr_cpu_ids:112 nr_node_ids:4
[    0.133793] percpu: Embedded 55 pages/cpu s188416 r8192 d28672 u262144
[    0.133803] pcpu-alloc: s188416 r8192 d28672 u262144 alloc=1*2097152
[    0.133804] pcpu-alloc: [0] 000 002 004 006 008 010 012 014 
[    0.133807] pcpu-alloc: [0] 016 018 020 022 024 026 028 030 
[    0.133808] pcpu-alloc: [0] 032 034 036 038 040 042 044 046 
[    0.133810] pcpu-alloc: [0] 048 050 052 054 056 058 060 062 
[    0.133811] pcpu-alloc: [0] 064 066 068 070 072 074 076 078 
[    0.133812] pcpu-alloc: [0] 080 082 084 086 088 090 092 094 
[    0.133814] pcpu-alloc: [0] 096 098 100 102 104 106 108 110 
[    0.133815] pcpu-alloc: [1] 001 003 005 007 009 011 013 015 
[    0.133817] pcpu-alloc: [1] 017 019 021 023 025 027 029 031 
[    0.133818] pcpu-alloc: [1] 033 035 037 039 041 043 045 047 
[    0.133820] pcpu-alloc: [1] 049 051 053 055 057 059 061 063 
[    0.133821] pcpu-alloc: [1] 065 067 069 071 073 075 077 079 
[    0.133822] pcpu-alloc: [1] 081 083 085 087 089 091 093 095 
[    0.133824] pcpu-alloc: [1] 097 099 101 103 105 107 109 111 
[    0.133867] Built 2 zonelists, mobility grouping on.  Total pages: 8807076
[    0.133868] Policy zone: Normal
[    0.133869] Kernel command line: BOOT_IMAGE=/boot/vmlinuz-5.3.1-multiclock root=UUID=ce0c24b8-724b-4f33-9b2c-618433560aef ro memmap=35152M!4096M memmap=59G!64G quiet splash nomodeset vt.handoff=1
[    0.133974] You have booted with nomodeset. This means your GPU drivers are DISABLED
[    0.133975] Any video related functionality will be severely degraded, and you may not even be able to suspend the system properly
[    0.133975] Unless you actually understand what nomodeset does, you should reboot without enabling it
[    0.133992] printk: log_buf_len individual max cpu contribution: 4096 bytes
[    0.133993] printk: log_buf_len total cpu_extra contributions: 454656 bytes
[    0.133993] printk: log_buf_len min size: 262144 bytes
[    0.134153] printk: log_buf_len: 1048576 bytes
[    0.134154] printk: early log buf free: 221788(84%)
[    0.135656] mem auto-init: stack:off, heap alloc:on, heap free:off
[    0.141622] Calgary: detecting Calgary via BIOS EBDA area
[    0.141623] Calgary: Unable to locate Rio Grande table in EBDA - bailing!
[    0.216191] Memory: 34542384K/35791968K available (14339K kernel code, 2373K rwdata, 4660K rodata, 2680K init, 5056K bss, 1249584K reserved, 0K cma-reserved)
[    0.216790] SLUB: HWalign=64, Order=0-3, MinObjects=0, CPUs=112, Nodes=4
[    0.216821] ftrace: allocating 43047 entries in 169 pages
[    0.233140] rcu: Hierarchical RCU implementation.
[    0.233141] rcu: 	RCU restricting CPUs from NR_CPUS=8192 to nr_cpu_ids=112.
[    0.233142] 	Tasks RCU enabled.
[    0.233143] rcu: RCU calculated value of scheduler-enlistment delay is 25 jiffies.
[    0.233143] rcu: Adjusting geometry for rcu_fanout_leaf=16, nr_cpu_ids=112
[    0.235857] NR_IRQS: 524544, nr_irqs: 2952, preallocated irqs: 16
[    0.236264] random: crng done (trusting CPU's manufacturer)
[    0.236442] Console: colour dummy device 80x25
[    0.236457] printk: console [tty0] enabled
[    0.236547] mempolicy: Enabling automatic NUMA balancing. Configure with numa_balancing= or the kernel.numa_balancing sysctl
[    0.236550] ACPI: Core revision 20190703
[    0.239984] clocksource: hpet: mask: 0xffffffff max_cycles: 0xffffffff, max_idle_ns: 79635855245 ns
[    0.240026] APIC: Switch to symmetric I/O mode setup
[    0.240028] DMAR: Host address width 46
[    0.240029] DMAR: DRHD base: 0x000000d0ffc000 flags: 0x0
[    0.240034] DMAR: dmar0: reg_base_addr d0ffc000 ver 4:0 cap 8ed008c40780466 ecap 60000f050df
[    0.240035] DMAR: DRHD base: 0x000000dbbfc000 flags: 0x0
[    0.240038] DMAR: dmar1: reg_base_addr dbbfc000 ver 4:0 cap 8ed008c40780466 ecap 60000f050df
[    0.240039] DMAR: DRHD base: 0x000000e67fc000 flags: 0x0
[    0.240042] DMAR: dmar2: reg_base_addr e67fc000 ver 4:0 cap 8ed008c40780466 ecap 60000f050df
[    0.240043] DMAR: DRHD base: 0x000000f13fc000 flags: 0x0
[    0.240046] DMAR: dmar3: reg_base_addr f13fc000 ver 4:0 cap 8ed008c40780466 ecap 60000f050df
[    0.240047] DMAR: DRHD base: 0x000000fb7fc000 flags: 0x0
[    0.240050] DMAR: dmar4: reg_base_addr fb7fc000 ver 4:0 cap 8ed008c40780466 ecap 60000f050df
[    0.240051] DMAR: DRHD base: 0x000000a63fc000 flags: 0x0
[    0.240053] DMAR: dmar5: reg_base_addr a63fc000 ver 4:0 cap 8ed008c40780466 ecap 60000f050df
[    0.240054] DMAR: DRHD base: 0x000000b0ffc000 flags: 0x0
[    0.240057] DMAR: dmar6: reg_base_addr b0ffc000 ver 4:0 cap 8ed008c40780466 ecap 60000f050df
[    0.240057] DMAR: DRHD base: 0x000000bbbfc000 flags: 0x0
[    0.240062] DMAR: dmar7: reg_base_addr bbbfc000 ver 4:0 cap 8ed008c40780466 ecap 60000f050df
[    0.240062] DMAR: DRHD base: 0x000000c5ffc000 flags: 0x0
[    0.240065] DMAR: dmar8: reg_base_addr c5ffc000 ver 4:0 cap 8ed008c40780466 ecap 60000f050df
[    0.240066] DMAR: DRHD base: 0x0000009b7fc000 flags: 0x1
[    0.240068] DMAR: dmar9: reg_base_addr 9b7fc000 ver 4:0 cap 8ed008c40780466 ecap 60000f050df
[    0.240069] DMAR: RMRR base: 0x00000069427000 end: 0x00000069429fff
[    0.240070] DMAR: ATSR flags: 0x0
[    0.240072] DMAR-IR: IOAPIC id 8 under DRHD base  0x9b7fc000 IOMMU 9
[    0.240072] DMAR-IR: HPET id 0 under DRHD base 0x9b7fc000
[    0.240073] DMAR-IR: Queued invalidation will be enabled to support x2apic and Intr-remapping.
[    0.242629] DMAR-IR: Enabled IRQ remapping in x2apic mode
[    0.245258] ..TIMER: vector=0x30 apic1=0 pin1=2 apic2=-1 pin2=-1
[    0.263954] clocksource: tsc-early: mask: 0xffffffffffffffff max_cycles: 0x39a85c9bff6, max_idle_ns: 881590591483 ns
[    0.263958] Calibrating delay loop (skipped), value calculated using timer frequency.. 4000.00 BogoMIPS (lpj=8000000)
[    0.263960] pid_max: default: 114688 minimum: 896
[    0.267930] LSM: Security Framework initializing
[    0.267963] Yama: becoming mindful.
[    0.268333] AppArmor: AppArmor initialized
[    0.277729] Dentry cache hash table entries: 8388608 (order: 14, 67108864 bytes, vmalloc)
[    0.282399] Inode-cache hash table entries: 4194304 (order: 13, 33554432 bytes, vmalloc)
[    0.282611] Mount-cache hash table entries: 131072 (order: 8, 1048576 bytes, vmalloc)
[    0.282763] Mountpoint-cache hash table entries: 131072 (order: 8, 1048576 bytes, vmalloc)
[    0.283057] *** VALIDATE proc ***
[    0.283290] *** VALIDATE cgroup1 ***
[    0.283291] *** VALIDATE cgroup2 ***
[    0.283419] x86/tme: not enabled by BIOS
[    0.283422] x86/cpu: User Mode Instruction Prevention (UMIP) activated
[    0.283496] mce: CPU0: Thermal monitoring enabled (TM1)
[    0.283707] process: using mwait in idle threads
[    0.283709] Last level iTLB entries: 4KB 0, 2MB 0, 4MB 0
[    0.283710] Last level dTLB entries: 4KB 0, 2MB 0, 4MB 0, 1GB 0
[    0.283713] Spectre V1 : Mitigation: usercopy/swapgs barriers and __user pointer sanitization
[    0.283714] Spectre V2 : Mitigation: Enhanced IBRS
[    0.283715] Spectre V2 : Spectre v2 / SpectreRSB mitigation: Filling RSB on context switch
[    0.283716] Spectre V2 : mitigation: Enabling conditional Indirect Branch Prediction Barrier
[    0.283717] Speculative Store Bypass: Mitigation: Speculative Store Bypass disabled via prctl and seccomp
[    0.283995] Freeing SMP alternatives memory: 40K
[    0.288107] TSC deadline timer enabled
[    0.288116] smpboot: CPU0: Intel(R) Xeon(R) Gold 6330 CPU @ 2.00GHz (family: 0x6, model: 0x6a, stepping: 0x6)
[    0.288303] Performance Events: PEBS fmt4+-baseline, Icelake events, 32-deep LBR, full-width counters, Intel PMU driver.
[    0.288308] ... version:                5
[    0.288308] ... bit width:              48
[    0.288309] ... generic registers:      8
[    0.288309] ... value mask:             0000ffffffffffff
[    0.288310] ... max period:             00007fffffffffff
[    0.288310] ... fixed-purpose events:   4
[    0.288311] ... event mask:             0000000f000000ff
[    0.288418] rcu: Hierarchical SRCU implementation.
[    0.295661] NMI watchdog: Enabled. Permanently consumes one hw-PMU counter.
[    0.296942] smp: Bringing up secondary CPUs ...
[    0.297062] x86: Booting SMP configuration:
[    0.297063] .... node  #1, CPUs:          #1
[    0.003753] smpboot: CPU 1 Converting physical 0 to logical die 1
[    0.384063] .... node  #0, CPUs:     #2
[    0.389406] .... node  #1, CPUs:     #3
[    0.394794] .... node  #0, CPUs:     #4
[    0.400143] .... node  #1, CPUs:     #5
[    0.405484] .... node  #0, CPUs:     #6
[    0.411032] .... node  #1, CPUs:     #7
[    0.416577] .... node  #0, CPUs:     #8
[    0.421831] .... node  #1, CPUs:     #9
[    0.427520] .... node  #0, CPUs:    #10
[    0.433211] .... node  #1, CPUs:    #11
[    0.438903] .... node  #0, CPUs:    #12
[    0.444393] .... node  #1, CPUs:    #13
[    0.449699] .... node  #0, CPUs:    #14
[    0.454906] .... node  #1, CPUs:    #15
[    0.460191] .... node  #0, CPUs:    #16
[    0.465423] .... node  #1, CPUs:    #17
[    0.470703] .... node  #0, CPUs:    #18
[    0.476117] .... node  #1, CPUs:    #19
[    0.481526] .... node  #0, CPUs:    #20
[    0.486726] .... node  #1, CPUs:    #21
[    0.492287] .... node  #0, CPUs:    #22
[    0.497694] .... node  #1, CPUs:    #23
[    0.502923] .... node  #0, CPUs:    #24
[    0.508516] .... node  #1, CPUs:    #25
[    0.513813] .... node  #0, CPUs:    #26
[    0.518993] .... node  #1, CPUs:    #27
[    0.524255] .... node  #0, CPUs:    #28
[    0.529724] .... node  #1, CPUs:    #29
[    0.534974] .... node  #0, CPUs:    #30
[    0.540162] .... node  #1, CPUs:    #31
[    0.545592] .... node  #0, CPUs:    #32
[    0.550850] .... node  #1, CPUs:    #33
[    0.556171] .... node  #0, CPUs:    #34
[    0.561589] .... node  #1, CPUs:    #35
[    0.566863] .... node  #0, CPUs:    #36
[    0.572109] .... node  #1, CPUs:    #37
[    0.577316] .... node  #0, CPUs:    #38
[    0.582841] .... node  #1, CPUs:    #39
[    0.588334] .... node  #0, CPUs:    #40
[    0.593904] .... node  #1, CPUs:    #41
[    0.599610] .... node  #0, CPUs:    #42
[    0.604878] .... node  #1, CPUs:    #43
[    0.610484] .... node  #0, CPUs:    #44
[    0.616047] .... node  #1, CPUs:    #45
[    0.621245] .... node  #0, CPUs:    #46
[    0.626748] .... node  #1, CPUs:    #47
[    0.632162] .... node  #0, CPUs:    #48
[    0.637461] .... node  #1, CPUs:    #49
[    0.642854] .... node  #0, CPUs:    #50
[    0.648297] .... node  #1, CPUs:    #51
[    0.653896] .... node  #0, CPUs:    #52
[    0.659332] .... node  #1, CPUs:    #53
[    0.664880] .... node  #0, CPUs:    #54
[    0.670554] .... node  #1, CPUs:    #55
[    0.676312] .... node  #0, CPUs:    #56
[    0.682196] .... node  #1, CPUs:    #57
[    0.688063] .... node  #0, CPUs:    #58
[    0.693414] .... node  #1, CPUs:    #59
[    0.698829] .... node  #0, CPUs:    #60
[    0.704173] .... node  #1, CPUs:    #61
[    0.709536] .... node  #0, CPUs:    #62
[    0.715094] .... node  #1, CPUs:    #63
[    0.720657] .... node  #0, CPUs:    #64
[    0.725934] .... node  #1, CPUs:    #65
[    0.731637] .... node  #0, CPUs:    #66
[    0.737347] .... node  #1, CPUs:    #67
[    0.743061] .... node  #0, CPUs:    #68
[    0.748551] .... node  #1, CPUs:    #69
[    0.753898] .... node  #0, CPUs:    #70
[    0.759104] .... node  #1, CPUs:    #71
[    0.764401] .... node  #0, CPUs:    #72
[    0.769647] .... node  #1, CPUs:    #73
[    0.774940] .... node  #0, CPUs:    #74
[    0.780180] .... node  #1, CPUs:    #75
[    0.785798] .... node  #0, CPUs:    #76
[    0.791019] .... node  #1, CPUs:    #77
[    0.796604] .... node  #0, CPUs:    #78
[    0.802025] .... node  #1, CPUs:    #79
[    0.807289] .... node  #0, CPUs:    #80
[    0.812890] .... node  #1, CPUs:    #81
[    0.818217] .... node  #0, CPUs:    #82
[    0.823413] .... node  #1, CPUs:    #83
[    0.828706] .... node  #0, CPUs:    #84
[    0.834203] .... node  #1, CPUs:    #85
[    0.839478] .... node  #0, CPUs:    #86
[    0.844677] .... node  #1, CPUs:    #87
[    0.850141] .... node  #0, CPUs:    #88
[    0.855412] .... node  #1, CPUs:    #89
[    0.860768] .... node  #0, CPUs:    #90
[    0.866188] .... node  #1, CPUs:    #91
[    0.871475] .... node  #0, CPUs:    #92
[    0.876670] .... node  #1, CPUs:    #93
[    0.881954] .... node  #0, CPUs:    #94
[    0.887505] .... node  #1, CPUs:    #95
[    0.893000] .... node  #0, CPUs:    #96
[    0.898589] .... node  #1, CPUs:    #97
[    0.904311] .... node  #0, CPUs:    #98
[    0.909607] .... node  #1, CPUs:    #99
[    0.915242] .... node  #0, CPUs:   #100
[    0.920575] .... node  #1, CPUs:   #101
[    0.926020] .... node  #0, CPUs:   #102
[    0.931547] .... node  #1, CPUs:   #103
[    0.936963] .... node  #0, CPUs:   #104
[    0.942290] .... node  #1, CPUs:   #105
[    0.947700] .... node  #0, CPUs:   #106
[    0.953158] .... node  #1, CPUs:   #107
[    0.958799] .... node  #0, CPUs:   #108
[    0.964239] .... node  #1, CPUs:   #109
[    0.969813] .... node  #0, CPUs:   #110
[    0.975489] .... node  #1, CPUs:   #111
[    0.981267] smp: Brought up 2 nodes, 112 CPUs
[    0.981267] smpboot: Max logical packages: 2
[    0.981267] smpboot: Total of 112 processors activated (448069.16 BogoMIPS)
[    0.990737] devtmpfs: initialized
[    0.990737] x86/mm: Memory block size: 2048MB
[    0.990737] PM: Registering ACPI NVS region [mem 0x49e77000-0x4ae76fff] (16777216 bytes)
[    0.990737] PM: Registering ACPI NVS region [mem 0x6e3ff000-0x6f3fefff] (16777216 bytes)
[    0.990737] clocksource: jiffies: mask: 0xffffffff max_cycles: 0xffffffff, max_idle_ns: 7645041785100000 ns
[    0.990737] futex hash table entries: 32768 (order: 9, 2097152 bytes, vmalloc)
[    0.991971] pinctrl core: initialized pinctrl subsystem
[    0.991971] PM: RTC time: 02:36:07, date: 2024-06-06
[    0.991971] NET: Registered protocol family 16
[    0.991971] audit: initializing netlink subsys (disabled)
[    0.991973] audit: type=2000 audit(1717641366.756:1): state=initialized audit_enabled=0 res=1
[    0.992038] EISA bus registered
[    0.992055] cpuidle: using governor ladder
[    0.992055] cpuidle: using governor menu
[    0.992055] ACPI FADT declares the system doesn't support PCIe ASPM, so disable it
[    0.992055] ACPI: bus type PCI registered
[    0.992055] acpiphp: ACPI Hot Plug PCI Controller Driver version: 0.5
[    0.992105] PCI: MMCONFIG for domain 0000 [bus 00-ff] at [mem 0x80000000-0x8fffffff] (base 0x80000000)
[    0.992120] PCI: MMCONFIG at [mem 0x80000000-0x8fffffff] reserved in E820
[    0.992120] pmd_set_huge: Cannot satisfy [mem 0x80000000-0x80200000] with a huge-page mapping due to MTRR override.
[    0.992218] PCI: Using configuration type 1 for base access
[    0.992226] PCI: Dell System detected, enabling pci=bfsort.
[    0.995960] ENERGY_PERF_BIAS: Set to 'normal', was 'performance'
[    1.000239] HugeTLB registered 1.00 GiB page size, pre-allocated 0 pages
[    1.000239] HugeTLB registered 2.00 MiB page size, pre-allocated 0 pages
[    1.004352] ACPI: Added _OSI(Module Device)
[    1.004353] ACPI: Added _OSI(Processor Device)
[    1.004354] ACPI: Added _OSI(3.0 _SCP Extensions)
[    1.004355] ACPI: Added _OSI(Processor Aggregator Device)
[    1.004355] ACPI: Added _OSI(Linux-Dell-Video)
[    1.004356] ACPI: Added _OSI(Linux-Lenovo-NV-HDMI-Audio)
[    1.004357] ACPI: Added _OSI(Linux-HPI-Hybrid-Graphics)
[    1.168157] ACPI: 8 ACPI AML tables successfully acquired and loaded
[    1.175284] ACPI: [Firmware Bug]: BIOS _OSI(Linux) query ignored
[    1.181932] ACPI: Dynamic OEM Table Load:
[    1.572528] ACPI: Interpreter enabled
[    1.572545] ACPI: (supports S0 S5)
[    1.572546] ACPI: Using IOAPIC for interrupt routing
[    1.572636] HEST: Table parsing has been initialized.
[    1.572638] PCI: Using host bridge windows from ACPI; if necessary, use "pci=nocrs" and report a bug
[    1.601339] ACPI: Enabled 4 GPEs in block 00 to 7F
[    1.725252] ACPI: PCI Root Bridge [PC00] (domain 0000 [bus 00-15])
[    1.725256] acpi PNP0A08:00: _OSC: OS supports [ExtendedConfig ASPM ClockPM Segments MSI HPX-Type3]
[    1.725333] acpi PNP0A08:00: PCIe AER handled by firmware
[    1.725445] acpi PNP0A08:00: _OSC: platform does not support [SHPCHotplug LTR]
[    1.725652] acpi PNP0A08:00: _OSC: OS now controls [PCIeHotplug PME PCIeCapability]
[    1.725653] acpi PNP0A08:00: FADT indicates ASPM is unsupported, using BIOS configuration
[    1.727460] PCI host bridge to bus 0000:00
[    1.727462] pci_bus 0000:00: root bus resource [io  0x0000-0x0cf7 window]
[    1.727463] pci_bus 0000:00: root bus resource [io  0x1000-0x4fff window]
[    1.727464] pci_bus 0000:00: root bus resource [mem 0x000a0000-0x000bffff window]
[    1.727465] pci_bus 0000:00: root bus resource [mem 0x000c8000-0x000cffff window]
[    1.727465] pci_bus 0000:00: root bus resource [mem 0xfe010000-0xfe010fff window]
[    1.727466] pci_bus 0000:00: root bus resource [mem 0x90000000-0x9b7fffff window]
[    1.727467] pci_bus 0000:00: root bus resource [mem 0x200000000000-0x20ffffffffff window]
[    1.727468] pci_bus 0000:00: root bus resource [bus 00-15]
[    1.727478] pci 0000:00:00.0: [8086:09a2] type 00 class 0x088000
[    1.728216] pci 0000:00:00.1: [8086:09a4] type 00 class 0x088000
[    1.728935] pci 0000:00:00.2: [8086:09a3] type 00 class 0x088000
[    1.729656] pci 0000:00:00.4: [8086:0998] type 00 class 0x060000
[    1.730373] pci 0000:00:02.0: [8086:09a6] type 00 class 0x088000
[    1.730383] pci 0000:00:02.0: reg 0x10: [mem 0x92dfc000-0x92dfdfff]
[    1.731091] pci 0000:00:02.1: [8086:09a7] type 00 class 0x088000
[    1.731100] pci 0000:00:02.1: reg 0x10: [mem 0x92d00000-0x92d7ffff]
[    1.731105] pci 0000:00:02.1: reg 0x14: [mem 0x92c80000-0x92cfffff]
[    1.731813] pci 0000:00:02.4: [8086:3456] type 00 class 0x130000
[    1.731824] pci 0000:00:02.4: reg 0x10: [mem 0x92a00000-0x92afffff 64bit]
[    1.731830] pci 0000:00:02.4: reg 0x18: [mem 0x92df0000-0x92df3fff 64bit]
[    1.731837] pci 0000:00:02.4: reg 0x20: [mem 0x92dc0000-0x92ddffff 64bit]
[    1.732562] pci 0000:00:11.0: [8086:a1ec] type 00 class 0xff0000
[    1.733346] pci 0000:00:11.5: [8086:a1d2] type 00 class 0x010601
[    1.733363] pci 0000:00:11.5: reg 0x10: [mem 0x92dfa000-0x92dfbfff]
[    1.733370] pci 0000:00:11.5: reg 0x14: [mem 0x92e05000-0x92e050ff]
[    1.733378] pci 0000:00:11.5: reg 0x18: [io  0x2068-0x206f]
[    1.733385] pci 0000:00:11.5: reg 0x1c: [io  0x2074-0x2077]
[    1.733392] pci 0000:00:11.5: reg 0x20: [io  0x2040-0x205f]
[    1.733399] pci 0000:00:11.5: reg 0x24: [mem 0x92b80000-0x92bfffff]
[    1.733437] pci 0000:00:11.5: PME# supported from D3hot
[    1.734167] pci 0000:00:14.0: [8086:a1af] type 00 class 0x0c0330
[    1.734188] pci 0000:00:14.0: reg 0x10: [mem 0x92de0000-0x92deffff 64bit]
[    1.734252] pci 0000:00:14.0: PME# supported from D3hot D3cold
[    1.734979] pci 0000:00:14.2: [8086:a1b1] type 00 class 0x118000
[    1.734999] pci 0000:00:14.2: reg 0x10: [mem 0x92e02000-0x92e02fff 64bit]
[    1.735757] pci 0000:00:16.0: [8086:a1ba] type 00 class 0x078000
[    1.735786] pci 0000:00:16.0: reg 0x10: [mem 0x92e01000-0x92e01fff 64bit]
[    1.735871] pci 0000:00:16.0: PME# supported from D3hot
[    1.736572] pci 0000:00:16.1: [8086:a1bb] type 00 class 0x078000
[    1.736601] pci 0000:00:16.1: reg 0x10: [mem 0x92e00000-0x92e00fff 64bit]
[    1.736686] pci 0000:00:16.1: PME# supported from D3hot
[    1.737390] pci 0000:00:16.4: [8086:a1be] type 00 class 0x078000
[    1.737417] pci 0000:00:16.4: reg 0x10: [mem 0x92dff000-0x92dfffff 64bit]
[    1.737501] pci 0000:00:16.4: PME# supported from D3hot
[    1.738201] pci 0000:00:17.0: [8086:a182] type 00 class 0x010601
[    1.738218] pci 0000:00:17.0: reg 0x10: [mem 0x92df8000-0x92df9fff]
[    1.738225] pci 0000:00:17.0: reg 0x14: [mem 0x92e04000-0x92e040ff]
[    1.738232] pci 0000:00:17.0: reg 0x18: [io  0x2060-0x2067]
[    1.738238] pci 0000:00:17.0: reg 0x1c: [io  0x2070-0x2073]
[    1.738245] pci 0000:00:17.0: reg 0x20: [io  0x2020-0x203f]
[    1.738252] pci 0000:00:17.0: reg 0x24: [mem 0x92b00000-0x92b7ffff]
[    1.738289] pci 0000:00:17.0: PME# supported from D3hot
[    1.739023] pci 0000:00:1c.0: [8086:a190] type 01 class 0x060400
[    1.739101] pci 0000:00:1c.0: PME# supported from D0 D3hot D3cold
[    1.739877] pci 0000:00:1c.4: [8086:a194] type 01 class 0x060400
[    1.739950] pci 0000:00:1c.4: PME# supported from D0 D3hot D3cold
[    1.740721] pci 0000:00:1c.5: [8086:a195] type 01 class 0x060400
[    1.740794] pci 0000:00:1c.5: PME# supported from D0 D3hot D3cold
[    1.741566] pci 0000:00:1f.0: [8086:a1cb] type 00 class 0x060100
[    1.742383] pci 0000:00:1f.2: [8086:a1a1] type 00 class 0x058000
[    1.742399] pci 0000:00:1f.2: reg 0x10: [mem 0x92df4000-0x92df7fff]
[    1.743162] pci 0000:00:1f.4: [8086:a1a3] type 00 class 0x0c0500
[    1.743182] pci 0000:00:1f.4: reg 0x10: [mem 0x92dfe000-0x92dfe0ff 64bit]
[    1.743204] pci 0000:00:1f.4: reg 0x20: [io  0x2000-0x201f]
[    1.743904] pci 0000:00:1f.5: [8086:a1a4] type 00 class 0x0c8000
[    1.743920] pci 0000:00:1f.5: reg 0x10: [mem 0xfe010000-0xfe010fff]
[    1.744687] pci 0000:00:1c.0: PCI bridge to [bus 01]
[    1.744736] pci 0000:02:00.0: [1556:be00] type 01 class 0x060400
[    1.744905] pci 0000:00:1c.4: PCI bridge to [bus 02-03]
[    1.744909] pci 0000:00:1c.4:   bridge window [mem 0x92000000-0x928fffff]
[    1.744913] pci 0000:00:1c.4:   bridge window [mem 0x91000000-0x91ffffff 64bit pref]
[    1.744945] pci_bus 0000:03: extended config space not accessible
[    1.744962] pci 0000:03:00.0: [102b:0536] type 00 class 0x030000
[    1.744981] pci 0000:03:00.0: reg 0x10: [mem 0x91000000-0x91ffffff pref]
[    1.744992] pci 0000:03:00.0: reg 0x14: [mem 0x92808000-0x9280bfff]
[    1.745002] pci 0000:03:00.0: reg 0x18: [mem 0x92000000-0x927fffff]
[    1.745049] pci 0000:03:00.0: BAR 0: assigned to efifb
[    1.745144] pci 0000:02:00.0: PCI bridge to [bus 03]
[    1.745152] pci 0000:02:00.0:   bridge window [mem 0x92000000-0x928fffff]
[    1.745158] pci 0000:02:00.0:   bridge window [mem 0x91000000-0x91ffffff 64bit pref]
[    1.745224] pci 0000:04:00.0: [14e4:165f] type 00 class 0x020000
[    1.745255] pci 0000:04:00.0: reg 0x10: [mem 0x92930000-0x9293ffff 64bit pref]
[    1.745271] pci 0000:04:00.0: reg 0x18: [mem 0x92940000-0x9294ffff 64bit pref]
[    1.745286] pci 0000:04:00.0: reg 0x20: [mem 0x92950000-0x9295ffff 64bit pref]
[    1.745296] pci 0000:04:00.0: reg 0x30: [mem 0xfffc0000-0xffffffff pref]
[    1.745388] pci 0000:04:00.0: PME# supported from D0 D3hot D3cold
[    1.745427] pci 0000:04:00.0: 4.000 Gb/s available PCIe bandwidth, limited by 5 GT/s x1 link at 0000:00:1c.5 (capable of 8.000 Gb/s with 5 GT/s x2 link)
[    1.745553] pci 0000:04:00.1: [14e4:165f] type 00 class 0x020000
[    1.745585] pci 0000:04:00.1: reg 0x10: [mem 0x92900000-0x9290ffff 64bit pref]
[    1.745600] pci 0000:04:00.1: reg 0x18: [mem 0x92910000-0x9291ffff 64bit pref]
[    1.745616] pci 0000:04:00.1: reg 0x20: [mem 0x92920000-0x9292ffff 64bit pref]
[    1.745626] pci 0000:04:00.1: reg 0x30: [mem 0xfffc0000-0xffffffff pref]
[    1.745718] pci 0000:04:00.1: PME# supported from D0 D3hot D3cold
[    1.745863] pci 0000:00:1c.5: PCI bridge to [bus 04]
[    1.745870] pci 0000:00:1c.5:   bridge window [mem 0x92900000-0x929fffff 64bit pref]
[    1.745883] pci_bus 0000:00: on NUMA node 0
[    1.746437] ACPI: PCI Root Bridge [PC01] (domain 0000 [bus 16-2f])
[    1.746440] acpi PNP0A08:01: _OSC: OS supports [ExtendedConfig ASPM ClockPM Segments MSI HPX-Type3]
[    1.746537] acpi PNP0A08:01: PCIe AER handled by firmware
[    1.746645] acpi PNP0A08:01: _OSC: platform does not support [SHPCHotplug]
[    1.746847] acpi PNP0A08:01: _OSC: OS now controls [PCIeHotplug PME PCIeCapability LTR]
[    1.746847] acpi PNP0A08:01: FADT indicates ASPM is unsupported, using BIOS configuration
[    1.746968] PCI host bridge to bus 0000:16
[    1.746970] pci_bus 0000:16: root bus resource [io  0x5000-0x6fff window]
[    1.746970] pci_bus 0000:16: root bus resource [mem 0x9b800000-0xa63fffff window]
[    1.746971] pci_bus 0000:16: root bus resource [mem 0x210000000000-0x21ffffffffff window]
[    1.746972] pci_bus 0000:16: root bus resource [bus 16-2f]
[    1.746979] pci 0000:16:00.0: [8086:09a2] type 00 class 0x088000
[    1.747044] pci 0000:16:00.1: [8086:09a4] type 00 class 0x088000
[    1.747107] pci 0000:16:00.2: [8086:09a3] type 00 class 0x088000
[    1.747170] pci 0000:16:00.4: [8086:0998] type 00 class 0x060000
[    1.747233] pci 0000:16:02.0: [8086:347a] type 01 class 0x060400
[    1.747246] pci 0000:16:02.0: reg 0x10: [mem 0x21fffff00000-0x21fffff1ffff 64bit]
[    1.747282] pci 0000:16:02.0: PME# supported from D0 D3hot D3cold
[    1.747580] pci 0000:17:00.0: [1000:10e2] type 00 class 0x010400
[    1.747600] pci 0000:17:00.0: reg 0x10: [mem 0x9b800000-0x9b8fffff 64bit pref]
[    1.747608] pci 0000:17:00.0: reg 0x18: [mem 0x9b900000-0x9b9fffff 64bit pref]
[    1.747613] pci 0000:17:00.0: reg 0x20: [mem 0x9ba00000-0x9bafffff]
[    1.747618] pci 0000:17:00.0: reg 0x24: [io  0x5000-0x50ff]
[    1.747624] pci 0000:17:00.0: reg 0x30: [mem 0xfff00000-0xffffffff pref]
[    1.748848] pci 0000:17:00.0: supports D1 D2
[    1.748899] pci 0000:16:02.0: PCI bridge to [bus 17]
[    1.748900] pci 0000:16:02.0:   bridge window [io  0x5000-0x5fff]
[    1.748902] pci 0000:16:02.0:   bridge window [mem 0x9ba00000-0x9bafffff]
[    1.748905] pci 0000:16:02.0:   bridge window [mem 0x9b800000-0x9b9fffff 64bit pref]
[    1.748910] pci_bus 0000:16: on NUMA node 0
[    1.748973] ACPI: PCI Root Bridge [PC02] (domain 0000 [bus 30-49])
[    1.748975] acpi PNP0A08:02: _OSC: OS supports [ExtendedConfig ASPM ClockPM Segments MSI HPX-Type3]
[    1.749070] acpi PNP0A08:02: PCIe AER handled by firmware
[    1.749176] acpi PNP0A08:02: _OSC: platform does not support [SHPCHotplug]
[    1.749377] acpi PNP0A08:02: _OSC: OS now controls [PCIeHotplug PME PCIeCapability LTR]
[    1.749377] acpi PNP0A08:02: FADT indicates ASPM is unsupported, using BIOS configuration
[    1.749493] PCI host bridge to bus 0000:30
[    1.749494] pci_bus 0000:30: root bus resource [io  0x7000-0x8fff window]
[    1.749495] pci_bus 0000:30: root bus resource [mem 0xa6400000-0xb0ffffff window]
[    1.749496] pci_bus 0000:30: root bus resource [mem 0x220000000000-0x22ffffffffff window]
[    1.749497] pci_bus 0000:30: root bus resource [bus 30-49]
[    1.749504] pci 0000:30:00.0: [8086:09a2] type 00 class 0x088000
[    1.749569] pci 0000:30:00.1: [8086:09a4] type 00 class 0x088000
[    1.749629] pci 0000:30:00.2: [8086:09a3] type 00 class 0x088000
[    1.749692] pci 0000:30:00.4: [8086:0998] type 00 class 0x060000
[    1.749763] pci_bus 0000:30: on NUMA node 0
[    1.749848] ACPI: PCI Root Bridge [PC04] (domain 0000 [bus 4a-63])
[    1.749850] acpi PNP0A08:04: _OSC: OS supports [ExtendedConfig ASPM ClockPM Segments MSI HPX-Type3]
[    1.749941] acpi PNP0A08:04: PCIe AER handled by firmware
[    1.750045] acpi PNP0A08:04: _OSC: platform does not support [SHPCHotplug]
[    1.750244] acpi PNP0A08:04: _OSC: OS now controls [PCIeHotplug PME PCIeCapability LTR]
[    1.750245] acpi PNP0A08:04: FADT indicates ASPM is unsupported, using BIOS configuration
[    1.750356] PCI host bridge to bus 0000:4a
[    1.750357] pci_bus 0000:4a: root bus resource [io  0x9000-0x9fff window]
[    1.750358] pci_bus 0000:4a: root bus resource [mem 0xb1000000-0xbbbfffff window]
[    1.750359] pci_bus 0000:4a: root bus resource [mem 0x230000000000-0x23ffffffffff window]
[    1.750359] pci_bus 0000:4a: root bus resource [bus 4a-63]
[    1.750366] pci 0000:4a:00.0: [8086:09a2] type 00 class 0x088000
[    1.750428] pci 0000:4a:00.1: [8086:09a4] type 00 class 0x088000
[    1.750488] pci 0000:4a:00.2: [8086:09a3] type 00 class 0x088000
[    1.750556] pci 0000:4a:00.4: [8086:0998] type 00 class 0x060000
[    1.750626] pci_bus 0000:4a: on NUMA node 0
[    1.750684] ACPI: PCI Root Bridge [PC05] (domain 0000 [bus 64-7d])
[    1.750686] acpi PNP0A08:05: _OSC: OS supports [ExtendedConfig ASPM ClockPM Segments MSI HPX-Type3]
[    1.750776] acpi PNP0A08:05: PCIe AER handled by firmware
[    1.750880] acpi PNP0A08:05: _OSC: platform does not support [SHPCHotplug]
[    1.751078] acpi PNP0A08:05: _OSC: OS now controls [PCIeHotplug PME PCIeCapability LTR]
[    1.751079] acpi PNP0A08:05: FADT indicates ASPM is unsupported, using BIOS configuration
[    1.751187] PCI host bridge to bus 0000:64
[    1.751188] pci_bus 0000:64: root bus resource [io  0xa000-0xafff window]
[    1.751189] pci_bus 0000:64: root bus resource [mem 0xbbc00000-0xc5ffffff window]
[    1.751189] pci_bus 0000:64: root bus resource [mem 0x240000000000-0x24ffffffffff window]
[    1.751190] pci_bus 0000:64: root bus resource [bus 64-7d]
[    1.751197] pci 0000:64:00.0: [8086:09a2] type 00 class 0x088000
[    1.751260] pci 0000:64:00.1: [8086:09a4] type 00 class 0x088000
[    1.751321] pci 0000:64:00.2: [8086:09a3] type 00 class 0x088000
[    1.751384] pci 0000:64:00.4: [8086:0998] type 00 class 0x060000
[    1.751455] pci_bus 0000:64: on NUMA node 0
[    1.751510] ACPI: PCI Root Bridge [UC06] (domain 0000 [bus 7e])
[    1.751512] acpi PNP0A03:00: _OSC: OS supports [ExtendedConfig ASPM ClockPM Segments MSI HPX-Type3]
[    1.751587] acpi PNP0A03:00: PCIe AER handled by firmware
[    1.751675] acpi PNP0A03:00: _OSC: platform does not support [SHPCHotplug LTR]
[    1.751843] acpi PNP0A03:00: _OSC: OS now controls [PCIeHotplug PME PCIeCapability]
[    1.751844] acpi PNP0A03:00: FADT indicates ASPM is unsupported, using BIOS configuration
[    1.751979] PCI host bridge to bus 0000:7e
[    1.751980] pci_bus 0000:7e: root bus resource [bus 7e]
[    1.751986] pci 0000:7e:00.0: [8086:3450] type 00 class 0x088000
[    1.752055] pci 0000:7e:00.1: [8086:3451] type 00 class 0x088000
[    1.752119] pci 0000:7e:00.2: [8086:3452] type 00 class 0x088000
[    1.752194] pci 0000:7e:00.3: [8086:0998] type 00 class 0x060000
[    1.752258] pci 0000:7e:00.5: [8086:3455] type 00 class 0x088000
[    1.752329] pci 0000:7e:02.0: [8086:3440] type 00 class 0x088000
[    1.752451] pci 0000:7e:02.1: [8086:3441] type 00 class 0x088000
[    1.752564] pci 0000:7e:02.2: [8086:3442] type 00 class 0x088000
[    1.752679] pci 0000:7e:03.0: [8086:3440] type 00 class 0x088000
[    1.752767] pci 0000:7e:03.1: [8086:3441] type 00 class 0x088000
[    1.752849] pci 0000:7e:03.2: [8086:3442] type 00 class 0x088000
[    1.752942] pci 0000:7e:04.0: [8086:3440] type 00 class 0x088000
[    1.753068] pci 0000:7e:04.1: [8086:3441] type 00 class 0x088000
[    1.753188] pci 0000:7e:04.2: [8086:3442] type 00 class 0x088000
[    1.753312] pci 0000:7e:04.3: [8086:3443] type 00 class 0x088000
[    1.753436] pci 0000:7e:05.0: [8086:3445] type 00 class 0x088000
[    1.753564] pci 0000:7e:05.1: [8086:3446] type 00 class 0x088000
[    1.753682] pci 0000:7e:05.2: [8086:3447] type 00 class 0x088000
[    1.753799] pci 0000:7e:06.0: [8086:3445] type 00 class 0x088000
[    1.753890] pci 0000:7e:06.1: [8086:3446] type 00 class 0x088000
[    1.753976] pci 0000:7e:06.2: [8086:3447] type 00 class 0x088000
[    1.754068] pci 0000:7e:07.0: [8086:3445] type 00 class 0x088000
[    1.754195] pci 0000:7e:07.1: [8086:3446] type 00 class 0x088000
[    1.754320] pci 0000:7e:07.2: [8086:3447] type 00 class 0x088000
[    1.754445] pci 0000:7e:0b.0: [8086:3448] type 00 class 0x088000
[    1.754520] pci 0000:7e:0b.1: [8086:3448] type 00 class 0x088000
[    1.754593] pci 0000:7e:0b.2: [8086:344b] type 00 class 0x088000
[    1.754677] pci 0000:7e:0c.0: [8086:344a] type 00 class 0x110100
[    1.754775] pci 0000:7e:0d.0: [8086:344a] type 00 class 0x110100
[    1.754870] pci 0000:7e:0e.0: [8086:344a] type 00 class 0x110100
[    1.755021] pci 0000:7e:0f.0: [8086:344a] type 00 class 0x110100
[    1.755182] pci 0000:7e:1a.0: [8086:2880] type 00 class 0x110100
[    1.755278] pci 0000:7e:1b.0: [8086:2880] type 00 class 0x110100
[    1.755370] pci 0000:7e:1c.0: [8086:2880] type 00 class 0x110100
[    1.755524] pci 0000:7e:1d.0: [8086:2880] type 00 class 0x110100
[    1.755686] pci_bus 0000:7e: on NUMA node 0
[    1.755759] ACPI: PCI Root Bridge [UC07] (domain 0000 [bus 7f])
[    1.755761] acpi PNP0A03:01: _OSC: OS supports [ExtendedConfig ASPM ClockPM Segments MSI HPX-Type3]
[    1.755836] acpi PNP0A03:01: PCIe AER handled by firmware
[    1.755926] acpi PNP0A03:01: _OSC: platform does not support [SHPCHotplug LTR]
[    1.756095] acpi PNP0A03:01: _OSC: OS now controls [PCIeHotplug PME PCIeCapability]
[    1.756096] acpi PNP0A03:01: FADT indicates ASPM is unsupported, using BIOS configuration
[    1.756240] PCI host bridge to bus 0000:7f
[    1.756241] pci_bus 0000:7f: root bus resource [bus 7f]
[    1.756251] pci 0000:7f:00.0: [8086:344c] type 00 class 0x088000
[    1.756359] pci 0000:7f:00.1: [8086:344c] type 00 class 0x088000
[    1.756478] pci 0000:7f:00.2: [8086:344c] type 00 class 0x088000
[    1.756599] pci 0000:7f:00.3: [8086:344c] type 00 class 0x088000
[    1.756695] pci 0000:7f:00.4: [8086:344c] type 00 class 0x088000
[    1.756824] pci 0000:7f:00.5: [8086:344c] type 00 class 0x088000
[    1.756951] pci 0000:7f:00.6: [8086:344c] type 00 class 0x088000
[    1.757036] pci 0000:7f:00.7: [8086:344c] type 00 class 0x088000
[    1.757134] pci 0000:7f:01.0: [8086:344c] type 00 class 0x088000
[    1.757272] pci 0000:7f:01.1: [8086:344c] type 00 class 0x088000
[    1.757399] pci 0000:7f:01.2: [8086:344c] type 00 class 0x088000
[    1.757487] pci 0000:7f:01.3: [8086:344c] type 00 class 0x088000
[    1.757626] pci 0000:7f:01.4: [8086:344c] type 00 class 0x088000
[    1.757763] pci 0000:7f:01.5: [8086:344c] type 00 class 0x088000
[    1.757906] pci 0000:7f:01.6: [8086:344c] type 00 class 0x088000
[    1.758034] pci 0000:7f:01.7: [8086:344c] type 00 class 0x088000
[    1.758173] pci 0000:7f:02.0: [8086:344c] type 00 class 0x088000
[    1.758312] pci 0000:7f:02.1: [8086:344c] type 00 class 0x088000
[    1.758451] pci 0000:7f:02.2: [8086:344c] type 00 class 0x088000
[    1.758588] pci 0000:7f:02.3: [8086:344c] type 00 class 0x088000
[    1.758734] pci 0000:7f:02.4: [8086:344c] type 00 class 0x088000
[    1.758878] pci 0000:7f:02.5: [8086:344c] type 00 class 0x088000
[    1.759021] pci 0000:7f:02.6: [8086:344c] type 00 class 0x088000
[    1.759174] pci 0000:7f:02.7: [8086:344c] type 00 class 0x088000
[    1.759335] pci 0000:7f:03.0: [8086:344c] type 00 class 0x088000
[    1.759486] pci 0000:7f:03.1: [8086:344c] type 00 class 0x088000
[    1.759645] pci 0000:7f:03.2: [8086:344c] type 00 class 0x088000
[    1.759800] pci 0000:7f:03.3: [8086:344c] type 00 class 0x088000
[    1.759966] pci 0000:7f:0a.0: [8086:344d] type 00 class 0x088000
[    1.760075] pci 0000:7f:0a.1: [8086:344d] type 00 class 0x088000
[    1.760194] pci 0000:7f:0a.2: [8086:344d] type 00 class 0x088000
[    1.760313] pci 0000:7f:0a.3: [8086:344d] type 00 class 0x088000
[    1.760416] pci 0000:7f:0a.4: [8086:344d] type 00 class 0x088000
[    1.760545] pci 0000:7f:0a.5: [8086:344d] type 00 class 0x088000
[    1.760668] pci 0000:7f:0a.6: [8086:344d] type 00 class 0x088000
[    1.760755] pci 0000:7f:0a.7: [8086:344d] type 00 class 0x088000
[    1.760846] pci 0000:7f:0b.0: [8086:344d] type 00 class 0x088000
[    1.760981] pci 0000:7f:0b.1: [8086:344d] type 00 class 0x088000
[    1.761111] pci 0000:7f:0b.2: [8086:344d] type 00 class 0x088000
[    1.761198] pci 0000:7f:0b.3: [8086:344d] type 00 class 0x088000
[    1.761341] pci 0000:7f:0b.4: [8086:344d] type 00 class 0x088000
[    1.761481] pci 0000:7f:0b.5: [8086:344d] type 00 class 0x088000
[    1.761624] pci 0000:7f:0b.6: [8086:344d] type 00 class 0x088000
[    1.761751] pci 0000:7f:0b.7: [8086:344d] type 00 class 0x088000
[    1.761888] pci 0000:7f:0c.0: [8086:344d] type 00 class 0x088000
[    1.762027] pci 0000:7f:0c.1: [8086:344d] type 00 class 0x088000
[    1.762163] pci 0000:7f:0c.2: [8086:344d] type 00 class 0x088000
[    1.762303] pci 0000:7f:0c.3: [8086:344d] type 00 class 0x088000
[    1.762455] pci 0000:7f:0c.4: [8086:344d] type 00 class 0x088000
[    1.762597] pci 0000:7f:0c.5: [8086:344d] type 00 class 0x088000
[    1.762741] pci 0000:7f:0c.6: [8086:344d] type 00 class 0x088000
[    1.762895] pci 0000:7f:0c.7: [8086:344d] type 00 class 0x088000
[    1.763046] pci 0000:7f:0d.0: [8086:344d] type 00 class 0x088000
[    1.763199] pci 0000:7f:0d.1: [8086:344d] type 00 class 0x088000
[    1.763358] pci 0000:7f:0d.2: [8086:344d] type 00 class 0x088000
[    1.763514] pci 0000:7f:0d.3: [8086:344d] type 00 class 0x088000
[    1.763697] pci 0000:7f:1d.0: [8086:344f] type 00 class 0x088000
[    1.763815] pci 0000:7f:1d.1: [8086:3457] type 00 class 0x088000
[    1.763931] pci 0000:7f:1e.0: [8086:3458] type 00 class 0x088000
[    1.764008] pci 0000:7f:1e.1: [8086:3459] type 00 class 0x088000
[    1.764083] pci 0000:7f:1e.2: [8086:345a] type 00 class 0x088000
[    1.764159] pci 0000:7f:1e.3: [8086:345b] type 00 class 0x088000
[    1.764233] pci 0000:7f:1e.4: [8086:345c] type 00 class 0x088000
[    1.764307] pci 0000:7f:1e.5: [8086:345d] type 00 class 0x088000
[    1.764386] pci 0000:7f:1e.6: [8086:345e] type 00 class 0x088000
[    1.764461] pci 0000:7f:1e.7: [8086:345f] type 00 class 0x088000
[    1.764533] pci_bus 0000:7f: on NUMA node 0
[    1.764620] ACPI: PCI Root Bridge [PC06] (domain 0000 [bus 80])
[    1.764622] acpi PNP0A08:06: _OSC: OS supports [ExtendedConfig ASPM ClockPM Segments MSI HPX-Type3]
[    1.764715] acpi PNP0A08:06: PCIe AER handled by firmware
[    1.764820] acpi PNP0A08:06: _OSC: platform does not support [SHPCHotplug]
[    1.765018] acpi PNP0A08:06: _OSC: OS now controls [PCIeHotplug PME PCIeCapability LTR]
[    1.765019] acpi PNP0A08:06: FADT indicates ASPM is unsupported, using BIOS configuration
[    1.765160] PCI host bridge to bus 0000:80
[    1.765161] pci_bus 0000:80: root bus resource [io  0xb000-0xbfff window]
[    1.765162] pci_bus 0000:80: root bus resource [mem 0xc6800000-0xd0ffffff window]
[    1.765163] pci_bus 0000:80: root bus resource [mem 0x250000000000-0x25ffffffffff window]
[    1.765164] pci_bus 0000:80: root bus resource [bus 80]
[    1.765171] pci 0000:80:00.0: [8086:09a2] type 00 class 0x088000
[    1.765259] pci 0000:80:00.1: [8086:09a4] type 00 class 0x088000
[    1.765333] pci 0000:80:00.2: [8086:09a3] type 00 class 0x088000
[    1.765410] pci 0000:80:00.4: [8086:0998] type 00 class 0x060000
[    1.765489] pci 0000:80:02.0: [8086:09a6] type 00 class 0x088000
[    1.765498] pci 0000:80:02.0: reg 0x10: [mem 0xc6aa4000-0xc6aa5fff]
[    1.765563] pci 0000:80:02.1: [8086:09a7] type 00 class 0x088000
[    1.765572] pci 0000:80:02.1: reg 0x10: [mem 0xc6a00000-0xc6a7ffff]
[    1.765577] pci 0000:80:02.1: reg 0x14: [mem 0xc6980000-0xc69fffff]
[    1.765647] pci 0000:80:02.4: [8086:3456] type 00 class 0x130000
[    1.765658] pci 0000:80:02.4: reg 0x10: [mem 0xc6800000-0xc68fffff 64bit]
[    1.765665] pci 0000:80:02.4: reg 0x18: [mem 0xc6aa0000-0xc6aa3fff 64bit]
[    1.765672] pci 0000:80:02.4: reg 0x20: [mem 0xc6a80000-0xc6a9ffff 64bit]
[    1.765732] pci_bus 0000:80: on NUMA node 1
[    1.765797] ACPI: PCI Root Bridge [PC07] (domain 0000 [bus 81])
[    1.765799] acpi PNP0A08:07: _OSC: OS supports [ExtendedConfig ASPM ClockPM Segments MSI HPX-Type3]
[    1.765889] acpi PNP0A08:07: PCIe AER handled by firmware
[    1.765993] acpi PNP0A08:07: _OSC: platform does not support [SHPCHotplug]
[    1.766191] acpi PNP0A08:07: _OSC: OS now controls [PCIeHotplug PME PCIeCapability LTR]
[    1.766192] acpi PNP0A08:07: FADT indicates ASPM is unsupported, using BIOS configuration
[    1.766306] PCI host bridge to bus 0000:81
[    1.766307] pci_bus 0000:81: root bus resource [io  0xc000-0xcfff window]
[    1.766308] pci_bus 0000:81: root bus resource [mem 0xd1000000-0xdbbfffff window]
[    1.766309] pci_bus 0000:81: root bus resource [mem 0x260000000000-0x26ffffffffff window]
[    1.766309] pci_bus 0000:81: root bus resource [bus 81]
[    1.766317] pci 0000:81:00.0: [8086:09a2] type 00 class 0x088000
[    1.766385] pci 0000:81:00.1: [8086:09a4] type 00 class 0x088000
[    1.766452] pci 0000:81:00.2: [8086:09a3] type 00 class 0x088000
[    1.766521] pci 0000:81:00.4: [8086:0998] type 00 class 0x060000
[    1.766601] pci_bus 0000:81: on NUMA node 1
[    1.766659] ACPI: PCI Root Bridge [PC08] (domain 0000 [bus 82])
[    1.766661] acpi PNP0A08:08: _OSC: OS supports [ExtendedConfig ASPM ClockPM Segments MSI HPX-Type3]
[    1.766750] acpi PNP0A08:08: PCIe AER handled by firmware
[    1.766854] acpi PNP0A08:08: _OSC: platform does not support [SHPCHotplug]
[    1.767053] acpi PNP0A08:08: _OSC: OS now controls [PCIeHotplug PME PCIeCapability LTR]
[    1.767054] acpi PNP0A08:08: FADT indicates ASPM is unsupported, using BIOS configuration
[    1.767162] PCI host bridge to bus 0000:82
[    1.767163] pci_bus 0000:82: root bus resource [io  0xd000-0xdfff window]
[    1.767164] pci_bus 0000:82: root bus resource [mem 0xdbc00000-0xe67fffff window]
[    1.767164] pci_bus 0000:82: root bus resource [mem 0x270000000000-0x27ffffffffff window]
[    1.767165] pci_bus 0000:82: root bus resource [bus 82]
[    1.767172] pci 0000:82:00.0: [8086:09a2] type 00 class 0x088000
[    1.767241] pci 0000:82:00.1: [8086:09a4] type 00 class 0x088000
[    1.767309] pci 0000:82:00.2: [8086:09a3] type 00 class 0x088000
[    1.767382] pci 0000:82:00.4: [8086:0998] type 00 class 0x060000
[    1.767463] pci_bus 0000:82: on NUMA node 1
[    1.767546] ACPI: PCI Root Bridge [PC10] (domain 0000 [bus 83-f9])
[    1.767548] acpi PNP0A08:0a: _OSC: OS supports [ExtendedConfig ASPM ClockPM Segments MSI HPX-Type3]
[    1.767638] acpi PNP0A08:0a: PCIe AER handled by firmware
[    1.767742] acpi PNP0A08:0a: _OSC: platform does not support [SHPCHotplug]
[    1.767941] acpi PNP0A08:0a: _OSC: OS now controls [PCIeHotplug PME PCIeCapability LTR]
[    1.767941] acpi PNP0A08:0a: FADT indicates ASPM is unsupported, using BIOS configuration
[    1.768061] PCI host bridge to bus 0000:83
[    1.768062] pci_bus 0000:83: root bus resource [io  0xe000-0xefff window]
[    1.768063] pci_bus 0000:83: root bus resource [mem 0xe6800000-0xf13fffff window]
[    1.768064] pci_bus 0000:83: root bus resource [mem 0x280000000000-0x28ffffffffff window]
[    1.768064] pci_bus 0000:83: root bus resource [bus 83-f9]
[    1.768072] pci 0000:83:00.0: [8086:09a2] type 00 class 0x088000
[    1.768140] pci 0000:83:00.1: [8086:09a4] type 00 class 0x088000
[    1.768210] pci 0000:83:00.2: [8086:09a3] type 00 class 0x088000
[    1.768280] pci 0000:83:00.4: [8086:0998] type 00 class 0x060000
[    1.768358] pci_bus 0000:83: on NUMA node 1
[    1.768417] ACPI: PCI Root Bridge [PC11] (domain 0000 [bus fa])
[    1.768418] acpi PNP0A08:0b: _OSC: OS supports [ExtendedConfig ASPM ClockPM Segments MSI HPX-Type3]
[    1.768508] acpi PNP0A08:0b: PCIe AER handled by firmware
[    1.768613] acpi PNP0A08:0b: _OSC: platform does not support [SHPCHotplug]
[    1.768812] acpi PNP0A08:0b: _OSC: OS now controls [PCIeHotplug PME PCIeCapability LTR]
[    1.768813] acpi PNP0A08:0b: FADT indicates ASPM is unsupported, using BIOS configuration
[    1.768923] PCI host bridge to bus 0000:fa
[    1.768924] pci_bus 0000:fa: root bus resource [io  0xf000-0xffff window]
[    1.768925] pci_bus 0000:fa: root bus resource [mem 0xf1400000-0xfb7fffff window]
[    1.768926] pci_bus 0000:fa: root bus resource [mem 0x290000000000-0x29ffffffffff window]
[    1.768927] pci_bus 0000:fa: root bus resource [bus fa]
[    1.768934] pci 0000:fa:00.0: [8086:09a2] type 00 class 0x088000
[    1.769002] pci 0000:fa:00.1: [8086:09a4] type 00 class 0x088000
[    1.769071] pci 0000:fa:00.2: [8086:09a3] type 00 class 0x088000
[    1.769147] pci 0000:fa:00.4: [8086:0998] type 00 class 0x060000
[    1.769227] pci_bus 0000:fa: on NUMA node 1
[    1.769281] ACPI: PCI Root Bridge [UC16] (domain 0000 [bus fe])
[    1.769283] acpi PNP0A03:02: _OSC: OS supports [ExtendedConfig ASPM ClockPM Segments MSI HPX-Type3]
[    1.769357] acpi PNP0A03:02: PCIe AER handled by firmware
[    1.769446] acpi PNP0A03:02: _OSC: platform does not support [SHPCHotplug LTR]
[    1.769613] acpi PNP0A03:02: _OSC: OS now controls [PCIeHotplug PME PCIeCapability]
[    1.769614] acpi PNP0A03:02: FADT indicates ASPM is unsupported, using BIOS configuration
[    1.769743] PCI host bridge to bus 0000:fe
[    1.769744] pci_bus 0000:fe: root bus resource [bus fe]
[    1.769750] pci 0000:fe:00.0: [8086:3450] type 00 class 0x088000
[    1.769822] pci 0000:fe:00.1: [8086:3451] type 00 class 0x088000
[    1.769887] pci 0000:fe:00.2: [8086:3452] type 00 class 0x088000
[    1.769955] pci 0000:fe:00.3: [8086:0998] type 00 class 0x060000
[    1.770023] pci 0000:fe:00.5: [8086:3455] type 00 class 0x088000
[    1.770096] pci 0000:fe:02.0: [8086:3440] type 00 class 0x088000
[    1.770222] pci 0000:fe:02.1: [8086:3441] type 00 class 0x088000
[    1.770346] pci 0000:fe:02.2: [8086:3442] type 00 class 0x088000
[    1.770464] pci 0000:fe:03.0: [8086:3440] type 00 class 0x088000
[    1.770556] pci 0000:fe:03.1: [8086:3441] type 00 class 0x088000
[    1.770643] pci 0000:fe:03.2: [8086:3442] type 00 class 0x088000
[    1.770734] pci 0000:fe:04.0: [8086:3440] type 00 class 0x088000
[    1.770864] pci 0000:fe:04.1: [8086:3441] type 00 class 0x088000
[    1.770990] pci 0000:fe:04.2: [8086:3442] type 00 class 0x088000
[    1.771115] pci 0000:fe:04.3: [8086:3443] type 00 class 0x088000
[    1.771249] pci 0000:fe:05.0: [8086:3445] type 00 class 0x088000
[    1.771375] pci 0000:fe:05.1: [8086:3446] type 00 class 0x088000
[    1.771495] pci 0000:fe:05.2: [8086:3447] type 00 class 0x088000
[    1.771617] pci 0000:fe:06.0: [8086:3445] type 00 class 0x088000
[    1.771712] pci 0000:fe:06.1: [8086:3446] type 00 class 0x088000
[    1.771802] pci 0000:fe:06.2: [8086:3447] type 00 class 0x088000
[    1.771897] pci 0000:fe:07.0: [8086:3445] type 00 class 0x088000
[    1.772029] pci 0000:fe:07.1: [8086:3446] type 00 class 0x088000
[    1.772164] pci 0000:fe:07.2: [8086:3447] type 00 class 0x088000
[    1.772292] pci 0000:fe:0b.0: [8086:3448] type 00 class 0x088000
[    1.772371] pci 0000:fe:0b.1: [8086:3448] type 00 class 0x088000
[    1.772445] pci 0000:fe:0b.2: [8086:344b] type 00 class 0x088000
[    1.772526] pci 0000:fe:0c.0: [8086:344a] type 00 class 0x110100
[    1.772629] pci 0000:fe:0d.0: [8086:344a] type 00 class 0x110100
[    1.772725] pci 0000:fe:0e.0: [8086:344a] type 00 class 0x110100
[    1.772880] pci 0000:fe:0f.0: [8086:344a] type 00 class 0x110100
[    1.773051] pci 0000:fe:1a.0: [8086:2880] type 00 class 0x110100
[    1.773150] pci 0000:fe:1b.0: [8086:2880] type 00 class 0x110100
[    1.773245] pci 0000:fe:1c.0: [8086:2880] type 00 class 0x110100
[    1.773405] pci 0000:fe:1d.0: [8086:2880] type 00 class 0x110100
[    1.773566] pci_bus 0000:fe: on NUMA node 1
[    1.773636] ACPI: PCI Root Bridge [UC17] (domain 0000 [bus ff])
[    1.773638] acpi PNP0A03:03: _OSC: OS supports [ExtendedConfig ASPM ClockPM Segments MSI HPX-Type3]
[    1.773714] acpi PNP0A03:03: PCIe AER handled by firmware
[    1.773804] acpi PNP0A03:03: _OSC: platform does not support [SHPCHotplug LTR]
[    1.773973] acpi PNP0A03:03: _OSC: OS now controls [PCIeHotplug PME PCIeCapability]
[    1.773974] acpi PNP0A03:03: FADT indicates ASPM is unsupported, using BIOS configuration
[    1.774116] PCI host bridge to bus 0000:ff
[    1.774117] pci_bus 0000:ff: root bus resource [bus ff]
[    1.774127] pci 0000:ff:00.0: [8086:344c] type 00 class 0x088000
[    1.774242] pci 0000:ff:00.1: [8086:344c] type 00 class 0x088000
[    1.774362] pci 0000:ff:00.2: [8086:344c] type 00 class 0x088000
[    1.774469] pci 0000:ff:00.3: [8086:344c] type 00 class 0x088000
[    1.774600] pci 0000:ff:00.4: [8086:344c] type 00 class 0x088000
[    1.774724] pci 0000:ff:00.5: [8086:344c] type 00 class 0x088000
[    1.774826] pci 0000:ff:00.6: [8086:344c] type 00 class 0x088000
[    1.774959] pci 0000:ff:00.7: [8086:344c] type 00 class 0x088000
[    1.775092] pci 0000:ff:01.0: [8086:344c] type 00 class 0x088000
[    1.775232] pci 0000:ff:01.1: [8086:344c] type 00 class 0x088000
[    1.775366] pci 0000:ff:01.2: [8086:344c] type 00 class 0x088000
[    1.775456] pci 0000:ff:01.3: [8086:344c] type 00 class 0x088000
[    1.775605] pci 0000:ff:01.4: [8086:344c] type 00 class 0x088000
[    1.775750] pci 0000:ff:01.5: [8086:344c] type 00 class 0x088000
[    1.775898] pci 0000:ff:01.6: [8086:344c] type 00 class 0x088000
[    1.776031] pci 0000:ff:01.7: [8086:344c] type 00 class 0x088000
[    1.776173] pci 0000:ff:02.0: [8086:344c] type 00 class 0x088000
[    1.776316] pci 0000:ff:02.1: [8086:344c] type 00 class 0x088000
[    1.776455] pci 0000:ff:02.2: [8086:344c] type 00 class 0x088000
[    1.776600] pci 0000:ff:02.3: [8086:344c] type 00 class 0x088000
[    1.776747] pci 0000:ff:02.4: [8086:344c] type 00 class 0x088000
[    1.776891] pci 0000:ff:02.5: [8086:344c] type 00 class 0x088000
[    1.777043] pci 0000:ff:02.6: [8086:344c] type 00 class 0x088000
[    1.777191] pci 0000:ff:02.7: [8086:344c] type 00 class 0x088000
[    1.777349] pci 0000:ff:03.0: [8086:344c] type 00 class 0x088000
[    1.777512] pci 0000:ff:03.1: [8086:344c] type 00 class 0x088000
[    1.777669] pci 0000:ff:03.2: [8086:344c] type 00 class 0x088000
[    1.777831] pci 0000:ff:03.3: [8086:344c] type 00 class 0x088000
[    1.778014] pci 0000:ff:0a.0: [8086:344d] type 00 class 0x088000
[    1.778127] pci 0000:ff:0a.1: [8086:344d] type 00 class 0x088000
[    1.778247] pci 0000:ff:0a.2: [8086:344d] type 00 class 0x088000
[    1.778354] pci 0000:ff:0a.3: [8086:344d] type 00 class 0x088000
[    1.778482] pci 0000:ff:0a.4: [8086:344d] type 00 class 0x088000
[    1.778606] pci 0000:ff:0a.5: [8086:344d] type 00 class 0x088000
[    1.778709] pci 0000:ff:0a.6: [8086:344d] type 00 class 0x088000
[    1.778841] pci 0000:ff:0a.7: [8086:344d] type 00 class 0x088000
[    1.778978] pci 0000:ff:0b.0: [8086:344d] type 00 class 0x088000
[    1.779119] pci 0000:ff:0b.1: [8086:344d] type 00 class 0x088000
[    1.779253] pci 0000:ff:0b.2: [8086:344d] type 00 class 0x088000
[    1.779344] pci 0000:ff:0b.3: [8086:344d] type 00 class 0x088000
[    1.779489] pci 0000:ff:0b.4: [8086:344d] type 00 class 0x088000
[    1.779632] pci 0000:ff:0b.5: [8086:344d] type 00 class 0x088000
[    1.779779] pci 0000:ff:0b.6: [8086:344d] type 00 class 0x088000
[    1.779913] pci 0000:ff:0b.7: [8086:344d] type 00 class 0x088000
[    1.780058] pci 0000:ff:0c.0: [8086:344d] type 00 class 0x088000
[    1.780200] pci 0000:ff:0c.1: [8086:344d] type 00 class 0x088000
[    1.780342] pci 0000:ff:0c.2: [8086:344d] type 00 class 0x088000
[    1.780487] pci 0000:ff:0c.3: [8086:344d] type 00 class 0x088000
[    1.780629] pci 0000:ff:0c.4: [8086:344d] type 00 class 0x088000
[    1.780773] pci 0000:ff:0c.5: [8086:344d] type 00 class 0x088000
[    1.780923] pci 0000:ff:0c.6: [8086:344d] type 00 class 0x088000
[    1.781072] pci 0000:ff:0c.7: [8086:344d] type 00 class 0x088000
[    1.781234] pci 0000:ff:0d.0: [8086:344d] type 00 class 0x088000
[    1.781395] pci 0000:ff:0d.1: [8086:344d] type 00 class 0x088000
[    1.781549] pci 0000:ff:0d.2: [8086:344d] type 00 class 0x088000
[    1.781713] pci 0000:ff:0d.3: [8086:344d] type 00 class 0x088000
[    1.781896] pci 0000:ff:1d.0: [8086:344f] type 00 class 0x088000
[    1.782017] pci 0000:ff:1d.1: [8086:3457] type 00 class 0x088000
[    1.782138] pci 0000:ff:1e.0: [8086:3458] type 00 class 0x088000
[    1.782220] pci 0000:ff:1e.1: [8086:3459] type 00 class 0x088000
[    1.782301] pci 0000:ff:1e.2: [8086:345a] type 00 class 0x088000
[    1.782378] pci 0000:ff:1e.3: [8086:345b] type 00 class 0x088000
[    1.782454] pci 0000:ff:1e.4: [8086:345c] type 00 class 0x088000
[    1.782532] pci 0000:ff:1e.5: [8086:345d] type 00 class 0x088000
[    1.782609] pci 0000:ff:1e.6: [8086:345e] type 00 class 0x088000
[    1.782685] pci 0000:ff:1e.7: [8086:345f] type 00 class 0x088000
[    1.782761] pci_bus 0000:ff: on NUMA node 1
[    1.783957] HMAT: Memory (0x0 length 0x80000000) Flags:0003 Processor Domain:0 Memory Domain:0
[    1.783957] HMAT: Memory (0x100000000 length 0xf80000000) Flags:0003 Processor Domain:0 Memory Domain:0
[    1.783957] HMAT: Memory (0x2080000000 length 0x7e00000000) Flags:0003 Processor Domain:0 Memory Domain:2
[    1.783957] HMAT: Memory (0x1080000000 length 0x1000000000) Flags:0003 Processor Domain:1 Memory Domain:1
[    1.783957] HMAT: Memory (0x9e80000000 length 0x7e00000000) Flags:0003 Processor Domain:1 Memory Domain:3
[    1.783957] HMAT: Locality: Flags:00 Type:Read Latency Initiator Domains:2 Target Domains:4 Base:100
[    1.783957]   Initiator-Target[0-0]:7600 nsec
[    1.783957]   Initiator-Target[0-1]:13560 nsec
[    1.783957]   Initiator-Target[0-2]:25350 nsec
[    1.783957]   Initiator-Target[0-3]:31600 nsec
[    1.783957]   Initiator-Target[1-0]:13560 nsec
[    1.783957]   Initiator-Target[1-1]:7600 nsec
[    1.783957]   Initiator-Target[1-2]:31600 nsec
[    1.783957]   Initiator-Target[1-3]:25350 nsec
[    1.783957] HMAT: Locality: Flags:00 Type:Write Latency Initiator Domains:2 Target Domains:4 Base:100
[    1.783957]   Initiator-Target[0-0]:7600 nsec
[    1.783957]   Initiator-Target[0-1]:13560 nsec
[    1.783957]   Initiator-Target[0-2]:25350 nsec
[    1.783957]   Initiator-Target[0-3]:31600 nsec
[    1.783957]   Initiator-Target[1-0]:13560 nsec
[    1.783957]   Initiator-Target[1-1]:7600 nsec
[    1.783957]   Initiator-Target[1-2]:31600 nsec
[    1.783957]   Initiator-Target[1-3]:25350 nsec
[    1.783957] HMAT: Locality: Flags:00 Type:Read Bandwidth Initiator Domains:2 Target Domains:4 Base:1
[    1.783957]   Initiator-Target[0-0]:1790 MB/s
[    1.783957]   Initiator-Target[0-1]:1790 MB/s
[    1.783957]   Initiator-Target[0-2]:463 MB/s
[    1.783957]   Initiator-Target[0-3]:463 MB/s
[    1.783957]   Initiator-Target[1-0]:1790 MB/s
[    1.783957]   Initiator-Target[1-1]:1790 MB/s
[    1.783957]   Initiator-Target[1-2]:463 MB/s
[    1.783957]   Initiator-Target[1-3]:463 MB/s
[    1.783957] HMAT: Locality: Flags:00 Type:Write Bandwidth Initiator Domains:2 Target Domains:4 Base:1
[    1.783957]   Initiator-Target[0-0]:1910 MB/s
[    1.783957]   Initiator-Target[0-1]:1910 MB/s
[    1.783957]   Initiator-Target[0-2]:138 MB/s
[    1.783957]   Initiator-Target[0-3]:138 MB/s
[    1.783957]   Initiator-Target[1-0]:1910 MB/s
[    1.783957]   Initiator-Target[1-1]:1910 MB/s
[    1.783957]   Initiator-Target[1-2]:138 MB/s
[    1.783957]   Initiator-Target[1-3]:138 MB/s
[    1.783957] WARNING: CPU: 62 PID: 1 at drivers/base/node.c:191 node_set_perf_attrs+0x90/0xb0
[    1.783957] Modules linked in:
[    1.783957] CPU: 62 PID: 1 Comm: swapper/0 Not tainted 5.3.1-multiclock #1
[    1.783957] Hardware name: Dell Inc. PowerEdge R750/0K8F35, BIOS 1.10.2 03/03/2023
[    1.783957] RIP: 0010:node_set_perf_attrs+0x90/0xb0
[    1.783957] Code: f4 02 00 00 4c 89 ea 4c 89 e7 e8 bb bf c7 ff 85 c0 75 24 48 83 c3 08 48 8b 33 48 85 f6 75 e5 5b 41 5a 41 5c 41 5d 41 5e 5d c3 <0f> 0b 5b 41 5a 41 5c 41 5d 41 5e 5d c3 44 89 f6 48 c7 c7 70 5b da
[    1.783957] RSP: 0000:ffffa5bc40117d80 EFLAGS: 00010246
[    1.783957] RAX: 0000000000000002 RBX: 0000000000000003 RCX: 0000000000000000
[    1.783957] RDX: 0000000000000000 RSI: ffff8c6f1b51de58 RDI: 0000000000000002
[    1.783957] RBP: ffffa5bc40117da8 R08: ffff8c7f96197118 R09: 0000000000000000
[    1.783957] R10: ffff8c6f23231278 R11: ffff8c6f234744f0 R12: ffff8c6f1b51de40
[    1.783957] R13: ffffffff884db310 R14: 0000000000000005 R15: ffffffff88295806
[    1.783957] FS:  0000000000000000(0000) GS:ffff8c6f23fc0000(0000) knlGS:0000000000000000
[    1.783957] CS:  0010 DS: 0000 ES: 0000 CR0: 0000000080050033
[    1.783957] CR2: 0000000000000000 CR3: 00000009d3a0a001 CR4: 0000000000760ee0
[    1.783957] DR0: 0000000000000000 DR1: 0000000000000000 DR2: 0000000000000000
[    1.783957] DR3: 0000000000000000 DR6: 00000000fffe0ff0 DR7: 0000000000000400
[    1.783957] PKRU: 55555554
[    1.783957] Call Trace:
[    1.783957]  hmat_init+0x32a/0x43c
[    1.783957]  ? hmat_parse_subtable+0x503/0x503
[    1.783957]  ? set_debug_rodata+0x17/0x17
[    1.783957]  do_one_initcall+0x4a/0x1fa
[    1.783957]  kernel_init_freeable+0x1c6/0x26d
[    1.783957]  ? rest_init+0xb0/0xb0
[    1.783957]  kernel_init+0xe/0x110
[    1.783957]  ret_from_fork+0x1f/0x40
[    1.783957] ---[ end trace 7ad3dc49bcb3620b ]---
[    1.784095] pci 0000:03:00.0: vgaarb: setting as boot VGA device
[    1.784095] pci 0000:03:00.0: vgaarb: VGA device added: decodes=io+mem,owns=io+mem,locks=none
[    1.784095] pci 0000:03:00.0: vgaarb: bridge control possible
[    1.784095] vgaarb: loaded
[    1.784224] SCSI subsystem initialized
[    1.787978] libata version 3.00 loaded.
[    1.787993] ACPI: bus type USB registered
[    1.788006] usbcore: registered new interface driver usbfs
[    1.788010] usbcore: registered new interface driver hub
[    1.788280] usbcore: registered new device driver usb
[    1.788300] pps_core: LinuxPPS API ver. 1 registered
[    1.788301] pps_core: Software ver. 5.3.6 - Copyright 2005-2007 Rodolfo Giometti <giometti@linux.it>
[    1.788306] PTP clock support registered
[    1.788477] EDAC MC: Ver: 3.0.0
[    1.788680] Registered efivars operations
[    1.788680] PCI: Using ACPI for IRQ routing
[    1.790140] PCI: pci_cache_line_size set to 64 bytes
[    1.790700] e820: reserve RAM buffer [mem 0x0008f000-0x0008ffff]
[    1.790701] e820: reserve RAM buffer [mem 0x47bdd020-0x47ffffff]
[    1.790702] e820: reserve RAM buffer [mem 0x47c0f020-0x47ffffff]
[    1.790703] e820: reserve RAM buffer [mem 0x47c42020-0x47ffffff]
[    1.790703] e820: reserve RAM buffer [mem 0x47c75020-0x47ffffff]
[    1.790704] e820: reserve RAM buffer [mem 0x49e77000-0x4bffffff]
[    1.790705] e820: reserve RAM buffer [mem 0x4b2cf000-0x4bffffff]
[    1.790705] e820: reserve RAM buffer [mem 0x4bd94000-0x4bffffff]
[    1.790706] e820: reserve RAM buffer [mem 0x4ce00000-0x4fffffff]
[    1.790707] e820: reserve RAM buffer [mem 0x5eefe000-0x5fffffff]
[    1.790707] e820: reserve RAM buffer [mem 0x6f800000-0x6fffffff]
[    1.790992] NetLabel: Initializing
[    1.790992] NetLabel:  domain hash size = 128
[    1.790993] NetLabel:  protocols = UNLABELED CIPSOv4 CALIPSO
[    1.791008] NetLabel:  unlabeled traffic allowed by default
[    1.792398] hpet0: at MMIO 0xfed00000, IRQs 2, 8, 0, 0, 0, 0, 0, 0
[    1.792401] hpet0: 8 comparators, 64-bit 24.000000 MHz counter
[    1.795958] clocksource: Switched to clocksource tsc-early
[    1.807290] VFS: Disk quotas dquot_6.6.0
[    1.807331] VFS: Dquot-cache hash table entries: 512 (order 0, 4096 bytes)
[    1.807629] *** VALIDATE hugetlbfs ***
[    1.807747] AppArmor: AppArmor Filesystem Enabled
[    1.807765] pnp: PnP ACPI init
[    1.823081] pnp 00:00: Plug and Play ACPI device, IDs PNP0b00 (active)
[    1.823243] system 00:01: [io  0x0500-0x05fe] has been reserved
[    1.823244] system 00:01: [io  0x0400-0x041f] has been reserved
[    1.823245] system 00:01: [io  0x0600-0x061f] has been reserved
[    1.823246] system 00:01: [io  0x0ca0-0x0ca1] has been reserved
[    1.823247] system 00:01: [io  0x0ca4-0x0ca6] has been reserved
[    1.823249] system 00:01: [mem 0xff000000-0xffffffff] has been reserved
[    1.823253] system 00:01: Plug and Play ACPI device, IDs PNP0c02 (active)
[    1.823499] pnp 00:02: Plug and Play ACPI device, IDs PNP0501 (active)
[    1.823705] pnp 00:03: Plug and Play ACPI device, IDs PNP0501 (active)
[    1.823862] system 00:04: [mem 0xfd000000-0xfdabffff] has been reserved
[    1.823863] system 00:04: [mem 0xfdad0000-0xfdadffff] has been reserved
[    1.823864] system 00:04: [mem 0xfdb00000-0xfdffffff] has been reserved
[    1.823865] system 00:04: [mem 0xfe000000-0xfe00ffff] has been reserved
[    1.823866] system 00:04: [mem 0xfe011000-0xfe01ffff] has been reserved
[    1.823867] system 00:04: [mem 0xfe036000-0xfe03bfff] has been reserved
[    1.823868] system 00:04: [mem 0xfe03d000-0xfe3fffff] has been reserved
[    1.823869] system 00:04: [mem 0xfe410000-0xfe7fffff] has been reserved
[    1.823872] system 00:04: Plug and Play ACPI device, IDs PNP0c02 (active)
[    1.824204] system 00:05: [io  0x1000-0x10fe] has been reserved
[    1.824206] system 00:05: Plug and Play ACPI device, IDs PNP0c02 (active)
[    1.825192] pnp: PnP ACPI: found 6 devices
[    1.826279] thermal_sys: Registered thermal governor 'fair_share'
[    1.826280] thermal_sys: Registered thermal governor 'bang_bang'
[    1.826280] thermal_sys: Registered thermal governor 'step_wise'
[    1.826281] thermal_sys: Registered thermal governor 'user_space'
[    1.826281] thermal_sys: Registered thermal governor 'power_allocator'
[    1.830773] clocksource: acpi_pm: mask: 0xffffff max_cycles: 0xffffff, max_idle_ns: 2085701024 ns
[    1.830795] pci 0000:04:00.0: can't claim BAR 6 [mem 0xfffc0000-0xffffffff pref]: no compatible bridge window
[    1.830796] pci 0000:04:00.1: can't claim BAR 6 [mem 0xfffc0000-0xffffffff pref]: no compatible bridge window
[    1.830797] pci 0000:17:00.0: can't claim BAR 6 [mem 0xfff00000-0xffffffff pref]: no compatible bridge window
[    1.830811] pci 0000:00:1c.5: BAR 14: assigned [mem 0x90000000-0x900fffff]
[    1.830813] pci 0000:00:1c.0: PCI bridge to [bus 01]
[    1.830823] pci 0000:02:00.0: PCI bridge to [bus 03]
[    1.830827] pci 0000:02:00.0:   bridge window [mem 0x92000000-0x928fffff]
[    1.830830] pci 0000:02:00.0:   bridge window [mem 0x91000000-0x91ffffff 64bit pref]
[    1.830836] pci 0000:00:1c.4: PCI bridge to [bus 02-03]
[    1.830839] pci 0000:00:1c.4:   bridge window [mem 0x92000000-0x928fffff]
[    1.830841] pci 0000:00:1c.4:   bridge window [mem 0x91000000-0x91ffffff 64bit pref]
[    1.830846] pci 0000:04:00.0: BAR 6: assigned [mem 0x90000000-0x9003ffff pref]
[    1.830847] pci 0000:04:00.1: BAR 6: assigned [mem 0x90040000-0x9007ffff pref]
[    1.830848] pci 0000:00:1c.5: PCI bridge to [bus 04]
[    1.830851] pci 0000:00:1c.5:   bridge window [mem 0x90000000-0x900fffff]
[    1.830853] pci 0000:00:1c.5:   bridge window [mem 0x92900000-0x929fffff 64bit pref]
[    1.830858] pci_bus 0000:00: resource 4 [io  0x0000-0x0cf7 window]
[    1.830858] pci_bus 0000:00: resource 5 [io  0x1000-0x4fff window]
[    1.830859] pci_bus 0000:00: resource 6 [mem 0x000a0000-0x000bffff window]
[    1.830860] pci_bus 0000:00: resource 7 [mem 0x000c8000-0x000cffff window]
