[    0.000000] Linux version 5.15.0-tiering-0.8 (xmu@xmu-PowerEdge-R750) (gcc (Ubuntu 8.4.0-1ubuntu1~18.04) 8.4.0, GNU ld (GNU Binutils for Ubuntu) 2.30) #1 SMP Thu Apr 18 19:37:58 CST 2024
[    0.000000] Command line: BOOT_IMAGE=/boot/vmlinuz-5.15.0-tiering-0.8 root=UUID=ce0c24b8-724b-4f33-9b2c-618433560aef ro memmap=42000M!4096M memmap=59G!64G quiet splash nomodeset vt.handoff=1
[    0.000000] KERNEL supported cpus:
[    0.000000]   Intel GenuineIntel
[    0.000000]   AMD AuthenticAMD
[    0.000000]   Hygon HygonGenuine
[    0.000000]   Centaur CentaurHauls
[    0.000000]   zhaoxin   Shanghai  
[    0.000000] x86/split lock detection: #AC: crashing the kernel on kernel split_locks and warning on user-space split_locks
[    0.000000] x86/fpu: Supporting XSAVE feature 0x001: 'x87 floating point registers'
[    0.000000] x86/fpu: Supporting XSAVE feature 0x002: 'SSE registers'
[    0.000000] x86/fpu: Supporting XSAVE feature 0x004: 'AVX registers'
[    0.000000] x86/fpu: Supporting XSAVE feature 0x020: 'AVX-512 opmask'
[    0.000000] x86/fpu: Supporting XSAVE feature 0x040: 'AVX-512 Hi256'
[    0.000000] x86/fpu: Supporting XSAVE feature 0x080: 'AVX-512 ZMM_Hi256'
[    0.000000] x86/fpu: Supporting XSAVE feature 0x200: 'Protection Keys User registers'
[    0.000000] x86/fpu: xstate_offset[2]:  576, xstate_sizes[2]:  256
[    0.000000] x86/fpu: xstate_offset[5]:  832, xstate_sizes[5]:   64
[    0.000000] x86/fpu: xstate_offset[6]:  896, xstate_sizes[6]:  512
[    0.000000] x86/fpu: xstate_offset[7]: 1408, xstate_sizes[7]: 1024
[    0.000000] x86/fpu: xstate_offset[9]: 2432, xstate_sizes[9]:    8
[    0.000000] x86/fpu: Enabled xstate features 0x2e7, context size is 2440 bytes, using 'compacted' format.
[    0.000000] signal: max sigframe size: 3632
[    0.000000] BIOS-provided physical RAM map:
[    0.000000] BIOS-e820: [mem 0x0000000000000000-0x000000000008efff] usable
[    0.000000] BIOS-e820: [mem 0x000000000008f000-0x000000000008ffff] reserved
[    0.000000] BIOS-e820: [mem 0x0000000000090000-0x000000000009ffff] usable
[    0.000000] BIOS-e820: [mem 0x00000000000a0000-0x00000000000fffff] reserved
[    0.000000] BIOS-e820: [mem 0x0000000000100000-0x0000000049e76fff] usable
[    0.000000] BIOS-e820: [mem 0x0000000049e77000-0x000000004ae76fff] ACPI NVS
[    0.000000] BIOS-e820: [mem 0x000000004ae77000-0x000000004b2cefff] usable
[    0.000000] BIOS-e820: [mem 0x000000004b2cf000-0x000000004b54dfff] ACPI data
[    0.000000] BIOS-e820: [mem 0x000000004b54e000-0x000000004bd93fff] usable
[    0.000000] BIOS-e820: [mem 0x000000004bd94000-0x000000004be99fff] reserved
[    0.000000] BIOS-e820: [mem 0x000000004be9a000-0x000000004cdfffff] usable
[    0.000000] BIOS-e820: [mem 0x000000004ce00000-0x000000004cffffff] reserved
[    0.000000] BIOS-e820: [mem 0x000000004d000000-0x000000005eefdfff] usable
[    0.000000] BIOS-e820: [mem 0x000000005eefe000-0x000000006e3fefff] reserved
[    0.000000] BIOS-e820: [mem 0x000000006e3ff000-0x000000006f3fefff] ACPI NVS
[    0.000000] BIOS-e820: [mem 0x000000006f3ff000-0x000000006f7fefff] ACPI data
[    0.000000] BIOS-e820: [mem 0x000000006f7ff000-0x000000006f7fffff] usable
[    0.000000] BIOS-e820: [mem 0x000000006f800000-0x000000008fffffff] reserved
[    0.000000] BIOS-e820: [mem 0x00000000fe000000-0x00000000fe010fff] reserved
[    0.000000] BIOS-e820: [mem 0x0000000100000000-0x000000207fffffff] usable
[    0.000000] BIOS-e820: [mem 0x0000002080000000-0x0000011c7fffffff] persistent (type 7)
[    0.000000] BIOS-e820: [mem 0x00001ffc00000000-0x00001fffffffffff] reserved
[    0.000000] NX (Execute Disable) protection: active
[    0.000000] e820: update [mem 0x46d5d020-0x46d6505f] usable ==> usable
[    0.000000] e820: update [mem 0x46d5d020-0x46d6505f] usable ==> usable
[    0.000000] e820: update [mem 0x46d2a020-0x46d5cc5f] usable ==> usable
[    0.000000] e820: update [mem 0x46d2a020-0x46d5cc5f] usable ==> usable
[    0.000000] e820: update [mem 0x46cf7020-0x46d29c5f] usable ==> usable
[    0.000000] e820: update [mem 0x46cf7020-0x46d29c5f] usable ==> usable
[    0.000000] e820: update [mem 0x46cc5020-0x46cf6a5f] usable ==> usable
[    0.000000] e820: update [mem 0x46cc5020-0x46cf6a5f] usable ==> usable
[    0.000000] extended physical RAM map:
[    0.000000] reserve setup_data: [mem 0x0000000000000000-0x000000000008efff] usable
[    0.000000] reserve setup_data: [mem 0x000000000008f000-0x000000000008ffff] reserved
[    0.000000] reserve setup_data: [mem 0x0000000000090000-0x000000000009ffff] usable
[    0.000000] reserve setup_data: [mem 0x00000000000a0000-0x00000000000fffff] reserved
[    0.000000] reserve setup_data: [mem 0x0000000000100000-0x0000000046cc501f] usable
[    0.000000] reserve setup_data: [mem 0x0000000046cc5020-0x0000000046cf6a5f] usable
[    0.000000] reserve setup_data: [mem 0x0000000046cf6a60-0x0000000046cf701f] usable
[    0.000000] reserve setup_data: [mem 0x0000000046cf7020-0x0000000046d29c5f] usable
[    0.000000] reserve setup_data: [mem 0x0000000046d29c60-0x0000000046d2a01f] usable
[    0.000000] reserve setup_data: [mem 0x0000000046d2a020-0x0000000046d5cc5f] usable
[    0.000000] reserve setup_data: [mem 0x0000000046d5cc60-0x0000000046d5d01f] usable
[    0.000000] reserve setup_data: [mem 0x0000000046d5d020-0x0000000046d6505f] usable
[    0.000000] reserve setup_data: [mem 0x0000000046d65060-0x0000000049e76fff] usable
[    0.000000] reserve setup_data: [mem 0x0000000049e77000-0x000000004ae76fff] ACPI NVS
[    0.000000] reserve setup_data: [mem 0x000000004ae77000-0x000000004b2cefff] usable
[    0.000000] reserve setup_data: [mem 0x000000004b2cf000-0x000000004b54dfff] ACPI data
[    0.000000] reserve setup_data: [mem 0x000000004b54e000-0x000000004bd93fff] usable
[    0.000000] reserve setup_data: [mem 0x000000004bd94000-0x000000004be99fff] reserved
[    0.000000] reserve setup_data: [mem 0x000000004be9a000-0x000000004cdfffff] usable
[    0.000000] reserve setup_data: [mem 0x000000004ce00000-0x000000004cffffff] reserved
[    0.000000] reserve setup_data: [mem 0x000000004d000000-0x000000005eefdfff] usable
[    0.000000] reserve setup_data: [mem 0x000000005eefe000-0x000000006e3fefff] reserved
[    0.000000] reserve setup_data: [mem 0x000000006e3ff000-0x000000006f3fefff] ACPI NVS
[    0.000000] reserve setup_data: [mem 0x000000006f3ff000-0x000000006f7fefff] ACPI data
[    0.000000] reserve setup_data: [mem 0x000000006f7ff000-0x000000006f7fffff] usable
[    0.000000] reserve setup_data: [mem 0x000000006f800000-0x000000008fffffff] reserved
[    0.000000] reserve setup_data: [mem 0x00000000fe000000-0x00000000fe010fff] reserved
[    0.000000] reserve setup_data: [mem 0x0000000100000000-0x0000000b40ffffff] persistent (type 12)
[    0.000000] reserve setup_data: [mem 0x0000000b41000000-0x0000000fffffffff] usable
[    0.000000] reserve setup_data: [mem 0x0000001000000000-0x0000001ebfffffff] persistent (type 12)
[    0.000000] reserve setup_data: [mem 0x0000001ec0000000-0x000000207fffffff] usable
[    0.000000] reserve setup_data: [mem 0x0000002080000000-0x0000011c7fffffff] persistent (type 7)
[    0.000000] reserve setup_data: [mem 0x00001ffc00000000-0x00001fffffffffff] reserved
[    0.000000] user-defined physical RAM map:
[    0.000000] user: [mem 0x0000000000000000-0x000000000008efff] usable
[    0.000000] user: [mem 0x000000000008f000-0x000000000008ffff] reserved
[    0.000000] user: [mem 0x0000000000090000-0x000000000009ffff] usable
[    0.000000] user: [mem 0x00000000000a0000-0x00000000000fffff] reserved
[    0.000000] user: [mem 0x0000000000100000-0x0000000046cc501f] usable
[    0.000000] user: [mem 0x0000000046cc5020-0x0000000046cf6a5f] usable
[    0.000000] user: [mem 0x0000000046cf6a60-0x0000000046cf701f] usable
[    0.000000] user: [mem 0x0000000046cf7020-0x0000000046d29c5f] usable
[    0.000000] user: [mem 0x0000000046d29c60-0x0000000046d2a01f] usable
[    0.000000] user: [mem 0x0000000046d2a020-0x0000000046d5cc5f] usable
[    0.000000] user: [mem 0x0000000046d5cc60-0x0000000046d5d01f] usable
[    0.000000] user: [mem 0x0000000046d5d020-0x0000000046d6505f] usable
[    0.000000] user: [mem 0x0000000046d65060-0x0000000049e76fff] usable
[    0.000000] user: [mem 0x0000000049e77000-0x000000004ae76fff] ACPI NVS
[    0.000000] user: [mem 0x000000004ae77000-0x000000004b2cefff] usable
[    0.000000] user: [mem 0x000000004b2cf000-0x000000004b54dfff] ACPI data
[    0.000000] user: [mem 0x000000004b54e000-0x000000004bd93fff] usable
[    0.000000] user: [mem 0x000000004bd94000-0x000000004be99fff] reserved
[    0.000000] user: [mem 0x000000004be9a000-0x000000004cdfffff] usable
[    0.000000] user: [mem 0x000000004ce00000-0x000000004cffffff] reserved
[    0.000000] user: [mem 0x000000004d000000-0x000000005eefdfff] usable
[    0.000000] user: [mem 0x000000005eefe000-0x000000006e3fefff] reserved
[    0.000000] user: [mem 0x000000006e3ff000-0x000000006f3fefff] ACPI NVS
[    0.000000] user: [mem 0x000000006f3ff000-0x000000006f7fefff] ACPI data
[    0.000000] user: [mem 0x000000006f7ff000-0x000000006f7fffff] usable
[    0.000000] user: [mem 0x000000006f800000-0x000000008fffffff] reserved
[    0.000000] user: [mem 0x00000000fe000000-0x00000000fe010fff] reserved
[    0.000000] user: [mem 0x0000000100000000-0x0000000b40ffffff] persistent (type 12)
[    0.000000] user: [mem 0x0000000b41000000-0x0000000fffffffff] usable
[    0.000000] user: [mem 0x0000001000000000-0x0000001ebfffffff] persistent (type 12)
[    0.000000] user: [mem 0x0000001ec0000000-0x000000207fffffff] usable
[    0.000000] user: [mem 0x0000002080000000-0x0000011c7fffffff] persistent (type 7)
[    0.000000] user: [mem 0x00001ffc00000000-0x00001fffffffffff] reserved
[    0.000000] efi: EFI v2.70 by Dell Inc.
[    0.000000] efi: ACPI=0x6f7fe000 ACPI 2.0=0x6f7fe014 MEMATTR=0x5b070020 SMBIOS=0x69526000 SMBIOS 3.0=0x69524000 MOKvar=0x5ef81000 RNG=0x5ef8a920 
[    0.000000] efi: seeding entropy pool
[    0.000000] random: fast init done
[    0.000000] SMBIOS 3.3.0 present.
[    0.000000] DMI: Dell Inc. PowerEdge R750/0K8F35, BIOS 1.10.2 03/03/2023
[    0.000000] tsc: Detected 2000.000 MHz processor
[    0.000006] e820: update [mem 0x00000000-0x00000fff] usable ==> reserved
[    0.000009] e820: remove [mem 0x000a0000-0x000fffff] usable
[    0.000017] last_pfn = 0x2080000 max_arch_pfn = 0x400000000
[    0.000188] x86/PAT: Configuration [0-7]: WB  WC  UC- UC  WB  WP  UC- WT  
[    0.002777] total RAM covered: 2095088M
[    0.002860]  gran_size: 64K 	chunk_size: 64K 	num_reg: 10  	lose cover RAM: 2016G
[    0.002863]  gran_size: 64K 	chunk_size: 128K 	num_reg: 10  	lose cover RAM: 2016G
[    0.002864]  gran_size: 64K 	chunk_size: 256K 	num_reg: 10  	lose cover RAM: 2016G
[    0.002866]  gran_size: 64K 	chunk_size: 512K 	num_reg: 10  	lose cover RAM: 2016G
[    0.002867]  gran_size: 64K 	chunk_size: 1M 	num_reg: 10  	lose cover RAM: 2016G
[    0.002869]  gran_size: 64K 	chunk_size: 2M 	num_reg: 10  	lose cover RAM: 2016G
[    0.002870]  gran_size: 64K 	chunk_size: 4M 	num_reg: 10  	lose cover RAM: 2016G
[    0.002871]  gran_size: 64K 	chunk_size: 8M 	num_reg: 10  	lose cover RAM: 2016G
[    0.002872]  gran_size: 64K 	chunk_size: 16M 	num_reg: 10  	lose cover RAM: 2016G
[    0.002874]  gran_size: 64K 	chunk_size: 32M 	num_reg: 10  	lose cover RAM: 1024G
[    0.002875]  gran_size: 64K 	chunk_size: 64M 	num_reg: 10  	lose cover RAM: 1024G
[    0.002876]  gran_size: 64K 	chunk_size: 128M 	num_reg: 10  	lose cover RAM: 1024G
[    0.002877]  gran_size: 64K 	chunk_size: 256M 	num_reg: 10  	lose cover RAM: 1024G
[    0.002879]  gran_size: 64K 	chunk_size: 512M 	num_reg: 10  	lose cover RAM: 1024G
[    0.002880]  gran_size: 64K 	chunk_size: 1G 	num_reg: 10  	lose cover RAM: 1024G
[    0.002881]  gran_size: 64K 	chunk_size: 2G 	num_reg: 10  	lose cover RAM: 1024G
[    0.002882]  gran_size: 128K 	chunk_size: 128K 	num_reg: 10  	lose cover RAM: 2016G
[    0.002884]  gran_size: 128K 	chunk_size: 256K 	num_reg: 10  	lose cover RAM: 2016G
[    0.002885]  gran_size: 128K 	chunk_size: 512K 	num_reg: 10  	lose cover RAM: 2016G
[    0.002886]  gran_size: 128K 	chunk_size: 1M 	num_reg: 10  	lose cover RAM: 2016G
[    0.002888]  gran_size: 128K 	chunk_size: 2M 	num_reg: 10  	lose cover RAM: 2016G
[    0.002889]  gran_size: 128K 	chunk_size: 4M 	num_reg: 10  	lose cover RAM: 2016G
[    0.002890]  gran_size: 128K 	chunk_size: 8M 	num_reg: 10  	lose cover RAM: 2016G
[    0.002891]  gran_size: 128K 	chunk_size: 16M 	num_reg: 10  	lose cover RAM: 2016G
[    0.002893]  gran_size: 128K 	chunk_size: 32M 	num_reg: 10  	lose cover RAM: 1024G
[    0.002894]  gran_size: 128K 	chunk_size: 64M 	num_reg: 10  	lose cover RAM: 1024G
[    0.002895]  gran_size: 128K 	chunk_size: 128M 	num_reg: 10  	lose cover RAM: 1024G
[    0.002896]  gran_size: 128K 	chunk_size: 256M 	num_reg: 10  	lose cover RAM: 1024G
[    0.002898]  gran_size: 128K 	chunk_size: 512M 	num_reg: 10  	lose cover RAM: 1024G
[    0.002899]  gran_size: 128K 	chunk_size: 1G 	num_reg: 10  	lose cover RAM: 1024G
[    0.002901]  gran_size: 128K 	chunk_size: 2G 	num_reg: 10  	lose cover RAM: 1024G
[    0.002902]  gran_size: 256K 	chunk_size: 256K 	num_reg: 10  	lose cover RAM: 2016G
[    0.002903]  gran_size: 256K 	chunk_size: 512K 	num_reg: 10  	lose cover RAM: 2016G
[    0.002905]  gran_size: 256K 	chunk_size: 1M 	num_reg: 10  	lose cover RAM: 2016G
[    0.002906]  gran_size: 256K 	chunk_size: 2M 	num_reg: 10  	lose cover RAM: 2016G
[    0.002907]  gran_size: 256K 	chunk_size: 4M 	num_reg: 10  	lose cover RAM: 2016G
[    0.002908]  gran_size: 256K 	chunk_size: 8M 	num_reg: 10  	lose cover RAM: 2016G
[    0.002910]  gran_size: 256K 	chunk_size: 16M 	num_reg: 10  	lose cover RAM: 2016G
[    0.002911]  gran_size: 256K 	chunk_size: 32M 	num_reg: 10  	lose cover RAM: 1024G
[    0.002912]  gran_size: 256K 	chunk_size: 64M 	num_reg: 10  	lose cover RAM: 1024G
[    0.002913]  gran_size: 256K 	chunk_size: 128M 	num_reg: 10  	lose cover RAM: 1024G
[    0.002915]  gran_size: 256K 	chunk_size: 256M 	num_reg: 10  	lose cover RAM: 1024G
[    0.002916]  gran_size: 256K 	chunk_size: 512M 	num_reg: 10  	lose cover RAM: 1024G
[    0.002917]  gran_size: 256K 	chunk_size: 1G 	num_reg: 10  	lose cover RAM: 1024G
[    0.002919]  gran_size: 256K 	chunk_size: 2G 	num_reg: 10  	lose cover RAM: 1024G
[    0.002920]  gran_size: 512K 	chunk_size: 512K 	num_reg: 10  	lose cover RAM: 2016G
[    0.002921]  gran_size: 512K 	chunk_size: 1M 	num_reg: 10  	lose cover RAM: 2016G
[    0.002923]  gran_size: 512K 	chunk_size: 2M 	num_reg: 10  	lose cover RAM: 2016G
[    0.002924]  gran_size: 512K 	chunk_size: 4M 	num_reg: 10  	lose cover RAM: 2016G
[    0.002925]  gran_size: 512K 	chunk_size: 8M 	num_reg: 10  	lose cover RAM: 2016G
[    0.002927]  gran_size: 512K 	chunk_size: 16M 	num_reg: 10  	lose cover RAM: 2016G
[    0.002928]  gran_size: 512K 	chunk_size: 32M 	num_reg: 10  	lose cover RAM: 1024G
[    0.002929]  gran_size: 512K 	chunk_size: 64M 	num_reg: 10  	lose cover RAM: 1024G
[    0.002930]  gran_size: 512K 	chunk_size: 128M 	num_reg: 10  	lose cover RAM: 1024G
[    0.002932]  gran_size: 512K 	chunk_size: 256M 	num_reg: 10  	lose cover RAM: 1024G
[    0.002933]  gran_size: 512K 	chunk_size: 512M 	num_reg: 10  	lose cover RAM: 1024G
[    0.002934]  gran_size: 512K 	chunk_size: 1G 	num_reg: 10  	lose cover RAM: 1024G
[    0.002935]  gran_size: 512K 	chunk_size: 2G 	num_reg: 10  	lose cover RAM: 1024G
[    0.002937]  gran_size: 1M 	chunk_size: 1M 	num_reg: 10  	lose cover RAM: 2016G
[    0.002938]  gran_size: 1M 	chunk_size: 2M 	num_reg: 10  	lose cover RAM: 2016G
[    0.002939]  gran_size: 1M 	chunk_size: 4M 	num_reg: 10  	lose cover RAM: 2016G
[    0.002940]  gran_size: 1M 	chunk_size: 8M 	num_reg: 10  	lose cover RAM: 2016G
[    0.002942]  gran_size: 1M 	chunk_size: 16M 	num_reg: 10  	lose cover RAM: 2016G
[    0.002943]  gran_size: 1M 	chunk_size: 32M 	num_reg: 10  	lose cover RAM: 1024G
[    0.002944]  gran_size: 1M 	chunk_size: 64M 	num_reg: 10  	lose cover RAM: 1024G
[    0.002945]  gran_size: 1M 	chunk_size: 128M 	num_reg: 10  	lose cover RAM: 1024G
[    0.002947]  gran_size: 1M 	chunk_size: 256M 	num_reg: 10  	lose cover RAM: 1024G
[    0.002948]  gran_size: 1M 	chunk_size: 512M 	num_reg: 10  	lose cover RAM: 1024G
[    0.002949]  gran_size: 1M 	chunk_size: 1G 	num_reg: 10  	lose cover RAM: 1024G
[    0.002950]  gran_size: 1M 	chunk_size: 2G 	num_reg: 10  	lose cover RAM: 1024G
[    0.002952]  gran_size: 2M 	chunk_size: 2M 	num_reg: 10  	lose cover RAM: 2016G
[    0.002953]  gran_size: 2M 	chunk_size: 4M 	num_reg: 10  	lose cover RAM: 2016G
[    0.002954]  gran_size: 2M 	chunk_size: 8M 	num_reg: 10  	lose cover RAM: 2016G
[    0.002955]  gran_size: 2M 	chunk_size: 16M 	num_reg: 10  	lose cover RAM: 2016G
[    0.002957]  gran_size: 2M 	chunk_size: 32M 	num_reg: 10  	lose cover RAM: 1024G
[    0.002958]  gran_size: 2M 	chunk_size: 64M 	num_reg: 10  	lose cover RAM: 1024G
[    0.002960]  gran_size: 2M 	chunk_size: 128M 	num_reg: 10  	lose cover RAM: 1024G
[    0.002961]  gran_size: 2M 	chunk_size: 256M 	num_reg: 10  	lose cover RAM: 1024G
[    0.002962]  gran_size: 2M 	chunk_size: 512M 	num_reg: 10  	lose cover RAM: 1024G
[    0.002964]  gran_size: 2M 	chunk_size: 1G 	num_reg: 10  	lose cover RAM: 1024G
[    0.002965]  gran_size: 2M 	chunk_size: 2G 	num_reg: 10  	lose cover RAM: 1024G
[    0.002966]  gran_size: 4M 	chunk_size: 4M 	num_reg: 10  	lose cover RAM: 2016G
[    0.002968]  gran_size: 4M 	chunk_size: 8M 	num_reg: 10  	lose cover RAM: 2016G
[    0.002969]  gran_size: 4M 	chunk_size: 16M 	num_reg: 10  	lose cover RAM: 2016G
[    0.002970]  gran_size: 4M 	chunk_size: 32M 	num_reg: 10  	lose cover RAM: 1024G
[    0.002971]  gran_size: 4M 	chunk_size: 64M 	num_reg: 10  	lose cover RAM: 1024G
[    0.002973]  gran_size: 4M 	chunk_size: 128M 	num_reg: 10  	lose cover RAM: 1024G
[    0.002974]  gran_size: 4M 	chunk_size: 256M 	num_reg: 10  	lose cover RAM: 1024G
[    0.002975]  gran_size: 4M 	chunk_size: 512M 	num_reg: 10  	lose cover RAM: 1024G
[    0.002976]  gran_size: 4M 	chunk_size: 1G 	num_reg: 10  	lose cover RAM: 1024G
[    0.002978]  gran_size: 4M 	chunk_size: 2G 	num_reg: 10  	lose cover RAM: 1024G
[    0.002979]  gran_size: 8M 	chunk_size: 8M 	num_reg: 10  	lose cover RAM: 2016G
[    0.002980]  gran_size: 8M 	chunk_size: 16M 	num_reg: 10  	lose cover RAM: 2016G
[    0.002981]  gran_size: 8M 	chunk_size: 32M 	num_reg: 10  	lose cover RAM: 1024G
[    0.002983]  gran_size: 8M 	chunk_size: 64M 	num_reg: 10  	lose cover RAM: 1024G
[    0.002984]  gran_size: 8M 	chunk_size: 128M 	num_reg: 10  	lose cover RAM: 1024G
[    0.002986]  gran_size: 8M 	chunk_size: 256M 	num_reg: 10  	lose cover RAM: 1024G
[    0.002987]  gran_size: 8M 	chunk_size: 512M 	num_reg: 10  	lose cover RAM: 1024G
[    0.002988]  gran_size: 8M 	chunk_size: 1G 	num_reg: 10  	lose cover RAM: 1024G
[    0.002990]  gran_size: 8M 	chunk_size: 2G 	num_reg: 10  	lose cover RAM: 1024G
[    0.002991]  gran_size: 16M 	chunk_size: 16M 	num_reg: 10  	lose cover RAM: 2016G
[    0.002992]  gran_size: 16M 	chunk_size: 32M 	num_reg: 10  	lose cover RAM: 1024G
[    0.002994]  gran_size: 16M 	chunk_size: 64M 	num_reg: 10  	lose cover RAM: 1024G
[    0.002995]  gran_size: 16M 	chunk_size: 128M 	num_reg: 10  	lose cover RAM: 1024G
[    0.002996]  gran_size: 16M 	chunk_size: 256M 	num_reg: 10  	lose cover RAM: 1024G
[    0.002998]  gran_size: 16M 	chunk_size: 512M 	num_reg: 10  	lose cover RAM: 1024G
[    0.002999]  gran_size: 16M 	chunk_size: 1G 	num_reg: 10  	lose cover RAM: 1024G
[    0.003000]  gran_size: 16M 	chunk_size: 2G 	num_reg: 10  	lose cover RAM: 1024G
[    0.003001]  gran_size: 32M 	chunk_size: 32M 	num_reg: 10  	lose cover RAM: 2031632M
[    0.003003]  gran_size: 32M 	chunk_size: 64M 	num_reg: 10  	lose cover RAM: 1048592M
[    0.003004]  gran_size: 32M 	chunk_size: 128M 	num_reg: 10  	lose cover RAM: 1048592M
[    0.003005]  gran_size: 32M 	chunk_size: 256M 	num_reg: 10  	lose cover RAM: 1048592M
[    0.003007]  gran_size: 32M 	chunk_size: 512M 	num_reg: 10  	lose cover RAM: 1048592M
[    0.003008]  gran_size: 32M 	chunk_size: 1G 	num_reg: 10  	lose cover RAM: 1048592M
[    0.003009]  gran_size: 32M 	chunk_size: 2G 	num_reg: 10  	lose cover RAM: 1048592M
[    0.003011]  gran_size: 64M 	chunk_size: 64M 	num_reg: 10  	lose cover RAM: 1966128M
[    0.003012]  gran_size: 64M 	chunk_size: 128M 	num_reg: 10  	lose cover RAM: 1048624M
[    0.003013]  gran_size: 64M 	chunk_size: 256M 	num_reg: 10  	lose cover RAM: 1048624M
[    0.003014]  gran_size: 64M 	chunk_size: 512M 	num_reg: 10  	lose cover RAM: 1048624M
[    0.003016]  gran_size: 64M 	chunk_size: 1G 	num_reg: 10  	lose cover RAM: 1048624M
[    0.003017]  gran_size: 64M 	chunk_size: 2G 	num_reg: 10  	lose cover RAM: 1048624M
[    0.003018]  gran_size: 128M 	chunk_size: 128M 	num_reg: 10  	lose cover RAM: 1835120M
[    0.003020]  gran_size: 128M 	chunk_size: 256M 	num_reg: 10  	lose cover RAM: 1048688M
[    0.003021]  gran_size: 128M 	chunk_size: 512M 	num_reg: 10  	lose cover RAM: 1048688M
[    0.003022]  gran_size: 128M 	chunk_size: 1G 	num_reg: 10  	lose cover RAM: 1048688M
[    0.003024]  gran_size: 128M 	chunk_size: 2G 	num_reg: 10  	lose cover RAM: 1048688M
[    0.003025]  gran_size: 256M 	chunk_size: 256M 	num_reg: 10  	lose cover RAM: 1573104M
[    0.003027]  gran_size: 256M 	chunk_size: 512M 	num_reg: 10  	lose cover RAM: 1048816M
[    0.003028]  gran_size: 256M 	chunk_size: 1G 	num_reg: 10  	lose cover RAM: 1048816M
[    0.003029]  gran_size: 256M 	chunk_size: 2G 	num_reg: 10  	lose cover RAM: 1048816M
[    0.003030]  gran_size: 512M 	chunk_size: 512M 	num_reg: 10  	lose cover RAM: 1049072M
[    0.003032]  gran_size: 512M 	chunk_size: 1G 	num_reg: 10  	lose cover RAM: 1049072M
[    0.003033]  gran_size: 512M 	chunk_size: 2G 	num_reg: 10  	lose cover RAM: 1049072M
[    0.003034]  gran_size: 1G 	chunk_size: 1G 	num_reg: 10  	lose cover RAM: 1008M
[    0.003036]  gran_size: 1G 	chunk_size: 2G 	num_reg: 10  	lose cover RAM: 1008M
[    0.003037]  gran_size: 2G 	chunk_size: 2G 	num_reg: 9  	lose cover RAM: 2032M
[    0.003038] mtrr_cleanup: can not find optimal value
[    0.003039] please specify mtrr_gran_size/mtrr_chunk_size
[    0.003041] e820: update [mem 0x7f000000-0xffffffff] usable ==> reserved
[    0.003044] x2apic: enabled by BIOS, switching to x2apic ops
[    0.003045] last_pfn = 0x6f800 max_arch_pfn = 0x400000000
[    0.014373] Using GB pages for direct mapping
[    0.015477] Secure boot disabled
[    0.015478] RAMDISK: [mem 0x205cb7c000-0x207fffffff]
[    0.015483] ACPI: Early table checksum verification disabled
[    0.015485] ACPI: RSDP 0x000000006F7FE014 000024 (v02 DELL  )
[    0.015489] ACPI: XSDT 0x000000006F41C188 0000F4 (v01 DELL   PE_SC3   00000000 DELL 01000013)
[    0.015495] ACPI: FACP 0x000000006F430000 000114 (v06 DELL   PE_SC3   00000000 DELL 00000001)
[    0.015500] ACPI: DSDT 0x000000004B4CE000 07FAD3 (v02 DELL   PE_SC3   00000003 DELL 00000001)
[    0.015504] ACPI: FACS 0x000000006F2F2000 000040
[    0.015507] ACPI: SSDT 0x000000006F7FB000 00159A (v02 INTEL  RAS_ACPI 00000001 INTL 20210331)
[    0.015510] ACPI: SSDT 0x000000006F7FA000 000745 (v02 INTEL  ADDRXLAT 00000001 INTL 20210331)
[    0.015514] ACPI: MCEJ 0x000000006F7F9000 000130 (v01 INTEL           00000001 INTL 0100000D)
[    0.015517] ACPI: BERT 0x000000006F7F8000 000030 (v01 DELL   PE_SC3   00000001 INTL 00000001)
[    0.015520] ACPI: ERST 0x000000006F7F7000 000230 (v01 DELL   PE_SC3   00000001 INTL 00000001)
[    0.015524] ACPI: SSDT 0x000000006F431000 3C524E (v02 INTEL  SSDTNVDR 00001000 INTL 20210331)
[    0.015527] ACPI: HMAT 0x000000006F42F000 000210 (v01 DELL   PE_SC3   00000001 DELL 00000001)
[    0.015530] ACPI: HPET 0x000000006F42E000 000038 (v01 DELL   PE_SC3   00000001 DELL 00000001)
[    0.015533] ACPI: MCFG 0x000000006F42D000 00003C (v01 DELL   PE_SC3   00000001 DELL 00000001)
[    0.015537] ACPI: MIGT 0x000000006F42C000 000040 (v01 DELL   PE_SC3   00000000 DELL 00000001)
[    0.015540] ACPI: MSCT 0x000000006F42B000 000090 (v01 DELL   PE_SC3   00000001 DELL 00000001)
[    0.015543] ACPI: PMTT 0x000000006F429000 0011E8 (v02 DELL   PE_SC3   00000001 DELL 00000001)
[    0.015546] ACPI: WSMT 0x000000006F428000 000028 (v01 DELL   PE_SC3   00000000 DELL 00000001)
[    0.015550] ACPI: APIC 0x000000006F427000 00075E (v04 DELL   PE_SC3   00000000 DELL 00000001)
[    0.015553] ACPI: SLIT 0x000000006F426000 00003C (v01 DELL   PE_SC3   00000001 DELL 01000013)
[    0.015556] ACPI: SRAT 0x000000006F41F000 006430 (v03 DELL   PE_SC3   00000002 DELL 01000013)
[    0.015559] ACPI: OEM4 0x000000004B346000 187A61 (v02 INTEL  CPU  CST 00003000 INTL 20210331)
[    0.015563] ACPI: SSDT 0x000000004B2CF000 0764A5 (v02 INTEL  SSDT  PM 00004000 INTL 20210331)
[    0.015566] ACPI: SSDT 0x000000006F41E000 000A1F (v02 DELL   PE_SC3   00000000 DELL 00000001)
[    0.015569] ACPI: HEST 0x000000006F41D000 00017C (v01 DELL   PE_SC3   00000001 INTL 00000001)
[    0.015572] ACPI: PCAT 0x000000006F41B000 00010C (v19 DELL   PE_SC3   00000002 DELL 00000001)
[    0.015576] ACPI: SSDT 0x000000006F413000 007299 (v02 INTEL  SpsNm    00000002 INTL 20210331)
[    0.015579] ACPI: SSDT 0x000000006F412000 000426 (v02 DELL   PE_SC3   00000002 DELL 00000001)
[    0.015582] ACPI: NFIT 0x000000006F7FD000 000488 (v01 DELL   PE_SC3   00000002 DELL 00000001)
[    0.015585] ACPI: DMAR 0x000000006F411000 000158 (v01 DELL   PE_SC3   00000001 DELL 00000001)
[    0.015588] ACPI: Reserving FACP table memory at [mem 0x6f430000-0x6f430113]
[    0.015589] ACPI: Reserving DSDT table memory at [mem 0x4b4ce000-0x4b54dad2]
[    0.015590] ACPI: Reserving FACS table memory at [mem 0x6f2f2000-0x6f2f203f]
[    0.015591] ACPI: Reserving SSDT table memory at [mem 0x6f7fb000-0x6f7fc599]
[    0.015592] ACPI: Reserving SSDT table memory at [mem 0x6f7fa000-0x6f7fa744]
[    0.015593] ACPI: Reserving MCEJ table memory at [mem 0x6f7f9000-0x6f7f912f]
[    0.015594] ACPI: Reserving BERT table memory at [mem 0x6f7f8000-0x6f7f802f]
[    0.015595] ACPI: Reserving ERST table memory at [mem 0x6f7f7000-0x6f7f722f]
[    0.015596] ACPI: Reserving SSDT table memory at [mem 0x6f431000-0x6f7f624d]
[    0.015597] ACPI: Reserving HMAT table memory at [mem 0x6f42f000-0x6f42f20f]
[    0.015597] ACPI: Reserving HPET table memory at [mem 0x6f42e000-0x6f42e037]
[    0.015598] ACPI: Reserving MCFG table memory at [mem 0x6f42d000-0x6f42d03b]
[    0.015599] ACPI: Reserving MIGT table memory at [mem 0x6f42c000-0x6f42c03f]
[    0.015600] ACPI: Reserving MSCT table memory at [mem 0x6f42b000-0x6f42b08f]
[    0.015601] ACPI: Reserving PMTT table memory at [mem 0x6f429000-0x6f42a1e7]
[    0.015602] ACPI: Reserving WSMT table memory at [mem 0x6f428000-0x6f428027]
[    0.015603] ACPI: Reserving APIC table memory at [mem 0x6f427000-0x6f42775d]
[    0.015603] ACPI: Reserving SLIT table memory at [mem 0x6f426000-0x6f42603b]
[    0.015604] ACPI: Reserving SRAT table memory at [mem 0x6f41f000-0x6f42542f]
[    0.015605] ACPI: Reserving OEM4 table memory at [mem 0x4b346000-0x4b4cda60]
[    0.015606] ACPI: Reserving SSDT table memory at [mem 0x4b2cf000-0x4b3454a4]
[    0.015607] ACPI: Reserving SSDT table memory at [mem 0x6f41e000-0x6f41ea1e]
[    0.015608] ACPI: Reserving HEST table memory at [mem 0x6f41d000-0x6f41d17b]
[    0.015609] ACPI: Reserving PCAT table memory at [mem 0x6f41b000-0x6f41b10b]
[    0.015610] ACPI: Reserving SSDT table memory at [mem 0x6f413000-0x6f41a298]
[    0.015611] ACPI: Reserving SSDT table memory at [mem 0x6f412000-0x6f412425]
[    0.015612] ACPI: Reserving NFIT table memory at [mem 0x6f7fd000-0x6f7fd487]
[    0.015613] ACPI: Reserving DMAR table memory at [mem 0x6f411000-0x6f411157]
[    0.015624] Setting APIC routing to cluster x2apic.
[    0.015671] SRAT: PXM 0 -> APIC 0x0000 -> Node 0
[    0.015672] SRAT: PXM 0 -> APIC 0x0001 -> Node 0
[    0.015673] SRAT: PXM 0 -> APIC 0x0002 -> Node 0
[    0.015674] SRAT: PXM 0 -> APIC 0x0003 -> Node 0
[    0.015674] SRAT: PXM 0 -> APIC 0x0004 -> Node 0
[    0.015675] SRAT: PXM 0 -> APIC 0x0005 -> Node 0
[    0.015675] SRAT: PXM 0 -> APIC 0x0006 -> Node 0
[    0.015676] SRAT: PXM 0 -> APIC 0x0007 -> Node 0
[    0.015677] SRAT: PXM 0 -> APIC 0x0008 -> Node 0
[    0.015677] SRAT: PXM 0 -> APIC 0x0009 -> Node 0
[    0.015678] SRAT: PXM 0 -> APIC 0x000a -> Node 0
[    0.015679] SRAT: PXM 0 -> APIC 0x000b -> Node 0
[    0.015679] SRAT: PXM 0 -> APIC 0x000c -> Node 0
[    0.015680] SRAT: PXM 0 -> APIC 0x000d -> Node 0
[    0.015681] SRAT: PXM 0 -> APIC 0x000e -> Node 0
[    0.015681] SRAT: PXM 0 -> APIC 0x000f -> Node 0
[    0.015682] SRAT: PXM 0 -> APIC 0x0010 -> Node 0
[    0.015683] SRAT: PXM 0 -> APIC 0x0011 -> Node 0
[    0.015683] SRAT: PXM 0 -> APIC 0x0012 -> Node 0
[    0.015684] SRAT: PXM 0 -> APIC 0x0013 -> Node 0
[    0.015685] SRAT: PXM 0 -> APIC 0x0014 -> Node 0
[    0.015685] SRAT: PXM 0 -> APIC 0x0015 -> Node 0
[    0.015686] SRAT: PXM 0 -> APIC 0x0016 -> Node 0
[    0.015686] SRAT: PXM 0 -> APIC 0x0017 -> Node 0
[    0.015687] SRAT: PXM 0 -> APIC 0x0018 -> Node 0
[    0.015688] SRAT: PXM 0 -> APIC 0x0019 -> Node 0
[    0.015688] SRAT: PXM 0 -> APIC 0x001a -> Node 0
[    0.015689] SRAT: PXM 0 -> APIC 0x001b -> Node 0
[    0.015690] SRAT: PXM 0 -> APIC 0x001c -> Node 0
[    0.015690] SRAT: PXM 0 -> APIC 0x001d -> Node 0
[    0.015691] SRAT: PXM 0 -> APIC 0x001e -> Node 0
[    0.015692] SRAT: PXM 0 -> APIC 0x001f -> Node 0
[    0.015692] SRAT: PXM 0 -> APIC 0x0020 -> Node 0
[    0.015693] SRAT: PXM 0 -> APIC 0x0021 -> Node 0
[    0.015693] SRAT: PXM 0 -> APIC 0x0022 -> Node 0
[    0.015694] SRAT: PXM 0 -> APIC 0x0023 -> Node 0
[    0.015695] SRAT: PXM 0 -> APIC 0x0024 -> Node 0
[    0.015695] SRAT: PXM 0 -> APIC 0x0025 -> Node 0
[    0.015696] SRAT: PXM 0 -> APIC 0x0026 -> Node 0
[    0.015697] SRAT: PXM 0 -> APIC 0x0027 -> Node 0
[    0.015697] SRAT: PXM 0 -> APIC 0x0028 -> Node 0
[    0.015698] SRAT: PXM 0 -> APIC 0x0029 -> Node 0
[    0.015699] SRAT: PXM 0 -> APIC 0x002a -> Node 0
[    0.015699] SRAT: PXM 0 -> APIC 0x002b -> Node 0
[    0.015700] SRAT: PXM 0 -> APIC 0x002c -> Node 0
[    0.015701] SRAT: PXM 0 -> APIC 0x002d -> Node 0
[    0.015701] SRAT: PXM 0 -> APIC 0x002e -> Node 0
[    0.015702] SRAT: PXM 0 -> APIC 0x002f -> Node 0
[    0.015702] SRAT: PXM 0 -> APIC 0x0030 -> Node 0
[    0.015703] SRAT: PXM 0 -> APIC 0x0031 -> Node 0
[    0.015704] SRAT: PXM 0 -> APIC 0x0032 -> Node 0
[    0.015704] SRAT: PXM 0 -> APIC 0x0033 -> Node 0
[    0.015705] SRAT: PXM 0 -> APIC 0x0034 -> Node 0
[    0.015706] SRAT: PXM 0 -> APIC 0x0035 -> Node 0
[    0.015706] SRAT: PXM 0 -> APIC 0x0036 -> Node 0
[    0.015707] SRAT: PXM 0 -> APIC 0x0037 -> Node 0
[    0.015708] SRAT: PXM 1 -> APIC 0x0080 -> Node 1
[    0.015708] SRAT: PXM 1 -> APIC 0x0081 -> Node 1
[    0.015709] SRAT: PXM 1 -> APIC 0x0082 -> Node 1
[    0.015710] SRAT: PXM 1 -> APIC 0x0083 -> Node 1
[    0.015710] SRAT: PXM 1 -> APIC 0x0084 -> Node 1
[    0.015711] SRAT: PXM 1 -> APIC 0x0085 -> Node 1
[    0.015712] SRAT: PXM 1 -> APIC 0x0086 -> Node 1
[    0.015712] SRAT: PXM 1 -> APIC 0x0087 -> Node 1
[    0.015713] SRAT: PXM 1 -> APIC 0x0088 -> Node 1
[    0.015713] SRAT: PXM 1 -> APIC 0x0089 -> Node 1
[    0.015714] SRAT: PXM 1 -> APIC 0x008a -> Node 1
[    0.015715] SRAT: PXM 1 -> APIC 0x008b -> Node 1
[    0.015715] SRAT: PXM 1 -> APIC 0x008c -> Node 1
[    0.015716] SRAT: PXM 1 -> APIC 0x008d -> Node 1
[    0.015717] SRAT: PXM 1 -> APIC 0x008e -> Node 1
[    0.015717] SRAT: PXM 1 -> APIC 0x008f -> Node 1
[    0.015718] SRAT: PXM 1 -> APIC 0x0090 -> Node 1
[    0.015719] SRAT: PXM 1 -> APIC 0x0091 -> Node 1
[    0.015719] SRAT: PXM 1 -> APIC 0x0092 -> Node 1
[    0.015720] SRAT: PXM 1 -> APIC 0x0093 -> Node 1
[    0.015720] SRAT: PXM 1 -> APIC 0x0094 -> Node 1
[    0.015721] SRAT: PXM 1 -> APIC 0x0095 -> Node 1
[    0.015722] SRAT: PXM 1 -> APIC 0x0096 -> Node 1
[    0.015722] SRAT: PXM 1 -> APIC 0x0097 -> Node 1
[    0.015723] SRAT: PXM 1 -> APIC 0x0098 -> Node 1
[    0.015724] SRAT: PXM 1 -> APIC 0x0099 -> Node 1
[    0.015724] SRAT: PXM 1 -> APIC 0x009a -> Node 1
[    0.015725] SRAT: PXM 1 -> APIC 0x009b -> Node 1
[    0.015726] SRAT: PXM 1 -> APIC 0x009c -> Node 1
[    0.015726] SRAT: PXM 1 -> APIC 0x009d -> Node 1
[    0.015727] SRAT: PXM 1 -> APIC 0x009e -> Node 1
[    0.015727] SRAT: PXM 1 -> APIC 0x009f -> Node 1
[    0.015728] SRAT: PXM 1 -> APIC 0x00a0 -> Node 1
[    0.015729] SRAT: PXM 1 -> APIC 0x00a1 -> Node 1
[    0.015729] SRAT: PXM 1 -> APIC 0x00a2 -> Node 1
[    0.015730] SRAT: PXM 1 -> APIC 0x00a3 -> Node 1
[    0.015731] SRAT: PXM 1 -> APIC 0x00a4 -> Node 1
[    0.015731] SRAT: PXM 1 -> APIC 0x00a5 -> Node 1
[    0.015732] SRAT: PXM 1 -> APIC 0x00a6 -> Node 1
[    0.015733] SRAT: PXM 1 -> APIC 0x00a7 -> Node 1
[    0.015733] SRAT: PXM 1 -> APIC 0x00a8 -> Node 1
[    0.015734] SRAT: PXM 1 -> APIC 0x00a9 -> Node 1
[    0.015734] SRAT: PXM 1 -> APIC 0x00aa -> Node 1
[    0.015735] SRAT: PXM 1 -> APIC 0x00ab -> Node 1
[    0.015736] SRAT: PXM 1 -> APIC 0x00ac -> Node 1
[    0.015736] SRAT: PXM 1 -> APIC 0x00ad -> Node 1
[    0.015737] SRAT: PXM 1 -> APIC 0x00ae -> Node 1
[    0.015738] SRAT: PXM 1 -> APIC 0x00af -> Node 1
[    0.015738] SRAT: PXM 1 -> APIC 0x00b0 -> Node 1
[    0.015739] SRAT: PXM 1 -> APIC 0x00b1 -> Node 1
[    0.015740] SRAT: PXM 1 -> APIC 0x00b2 -> Node 1
[    0.015740] SRAT: PXM 1 -> APIC 0x00b3 -> Node 1
[    0.015741] SRAT: PXM 1 -> APIC 0x00b4 -> Node 1
[    0.015741] SRAT: PXM 1 -> APIC 0x00b5 -> Node 1
[    0.015742] SRAT: PXM 1 -> APIC 0x00b6 -> Node 1
[    0.015743] SRAT: PXM 1 -> APIC 0x00b7 -> Node 1
[    0.015755] ACPI: SRAT: Node 0 PXM 0 [mem 0x00000000-0x7fffffff]
[    0.015757] ACPI: SRAT: Node 0 PXM 0 [mem 0x100000000-0x107fffffff]
[    0.015758] ACPI: SRAT: Node 2 PXM 2 [mem 0x2080000000-0x9e7fffffff] non-volatile
[    0.015760] ACPI: SRAT: Node 1 PXM 1 [mem 0x1080000000-0x207fffffff]
[    0.015761] ACPI: SRAT: Node 3 PXM 3 [mem 0x9e80000000-0x11c7fffffff] non-volatile
[    0.015770] NUMA: Initialized distance table, cnt=4
[    0.015772] NUMA: Node 0 [mem 0x00000000-0x7fffffff] + [mem 0x100000000-0x107fffffff] -> [mem 0x00000000-0x107fffffff]
[    0.015781] NODE_DATA(0) allocated [mem 0xffffd5000-0xfffffffff]
[    0.015800] NODE_DATA(1) allocated [mem 0x205cb4e000-0x205cb78fff]
[    0.016004] Zone ranges:
[    0.016004]   DMA      [mem 0x0000000000001000-0x0000000000ffffff]
[    0.016006]   DMA32    [mem 0x0000000001000000-0x00000000ffffffff]
[    0.016008]   Normal   [mem 0x0000000100000000-0x000000207fffffff]
[    0.016009]   Device   empty
[    0.016010] Movable zone start for each node
[    0.016014] Early memory node ranges
[    0.016014]   node   0: [mem 0x0000000000001000-0x000000000008efff]
[    0.016016]   node   0: [mem 0x0000000000090000-0x000000000009ffff]
[    0.016016]   node   0: [mem 0x0000000000100000-0x0000000049e76fff]
[    0.016017]   node   0: [mem 0x000000004ae77000-0x000000004b2cefff]
[    0.016018]   node   0: [mem 0x000000004b54e000-0x000000004bd93fff]
[    0.016019]   node   0: [mem 0x000000004be9a000-0x000000004cdfffff]
[    0.016020]   node   0: [mem 0x000000004d000000-0x000000005eefdfff]
[    0.016021]   node   0: [mem 0x000000006f7ff000-0x000000006f7fffff]
[    0.016021]   node   0: [mem 0x0000000b41000000-0x0000000fffffffff]
[    0.016023]   node   1: [mem 0x0000001ec0000000-0x000000207fffffff]
[    0.016025] Initmem setup node 0 [mem 0x0000000000001000-0x0000000fffffffff]
[    0.016027] Initmem setup node 1 [mem 0x0000001ec0000000-0x000000207fffffff]
[    0.016030] On node 0, zone DMA: 1 pages in unavailable ranges
[    0.016031] On node 0, zone DMA: 1 pages in unavailable ranges
[    0.016061] On node 0, zone DMA: 96 pages in unavailable ranges
[    0.018261] On node 0, zone DMA32: 4096 pages in unavailable ranges
[    0.018282] On node 0, zone DMA32: 639 pages in unavailable ranges
[    0.018316] On node 0, zone DMA32: 262 pages in unavailable ranges
[    0.018829] On node 0, zone DMA32: 512 pages in unavailable ranges
[    0.019099] On node 0, zone DMA32: 35073 pages in unavailable ranges
[    0.056066] On node 0, zone Normal: 6144 pages in unavailable ranges
[    0.070331] ACPI: PM-Timer IO Port: 0x508
[    0.070350] ACPI: X2APIC_NMI (uid[0xffffffff] high edge lint[0x1])
[    0.070353] ACPI: LAPIC_NMI (acpi_id[0xff] high edge lint[0x1])
[    0.070373] IOAPIC[0]: apic_id 8, version 32, address 0xfec00000, GSI 0-119
[    0.070376] ACPI: INT_SRC_OVR (bus 0 bus_irq 0 global_irq 2 dfl dfl)
[    0.070378] ACPI: INT_SRC_OVR (bus 0 bus_irq 9 global_irq 9 high level)
[    0.070382] ACPI: Using ACPI (MADT) for SMP configuration information
[    0.070383] ACPI: HPET id: 0x8086a701 base: 0xfed00000
[    0.070387] TSC deadline timer available
[    0.070388] smpboot: Allowing 112 CPUs, 0 hotplug CPUs
[    0.070415] PM: hibernation: Registered nosave memory: [mem 0x00000000-0x00000fff]
[    0.070418] PM: hibernation: Registered nosave memory: [mem 0x0008f000-0x0008ffff]
[    0.070420] PM: hibernation: Registered nosave memory: [mem 0x000a0000-0x000fffff]
[    0.070421] PM: hibernation: Registered nosave memory: [mem 0x46cc5000-0x46cc5fff]
[    0.070423] PM: hibernation: Registered nosave memory: [mem 0x46cf6000-0x46cf6fff]
[    0.070424] PM: hibernation: Registered nosave memory: [mem 0x46cf7000-0x46cf7fff]
[    0.070426] PM: hibernation: Registered nosave memory: [mem 0x46d29000-0x46d29fff]
[    0.070427] PM: hibernation: Registered nosave memory: [mem 0x46d2a000-0x46d2afff]
[    0.070428] PM: hibernation: Registered nosave memory: [mem 0x46d5c000-0x46d5cfff]
[    0.070429] PM: hibernation: Registered nosave memory: [mem 0x46d5d000-0x46d5dfff]
[    0.070431] PM: hibernation: Registered nosave memory: [mem 0x46d65000-0x46d65fff]
[    0.070433] PM: hibernation: Registered nosave memory: [mem 0x49e77000-0x4ae76fff]
[    0.070434] PM: hibernation: Registered nosave memory: [mem 0x4b2cf000-0x4b54dfff]
[    0.070436] PM: hibernation: Registered nosave memory: [mem 0x4bd94000-0x4be99fff]
[    0.070438] PM: hibernation: Registered nosave memory: [mem 0x4ce00000-0x4cffffff]
[    0.070440] PM: hibernation: Registered nosave memory: [mem 0x5eefe000-0x6e3fefff]
[    0.070441] PM: hibernation: Registered nosave memory: [mem 0x6e3ff000-0x6f3fefff]
[    0.070441] PM: hibernation: Registered nosave memory: [mem 0x6f3ff000-0x6f7fefff]
[    0.070443] PM: hibernation: Registered nosave memory: [mem 0x6f800000-0x8fffffff]
[    0.070444] PM: hibernation: Registered nosave memory: [mem 0x90000000-0xfdffffff]
[    0.070444] PM: hibernation: Registered nosave memory: [mem 0xfe000000-0xfe010fff]
[    0.070445] PM: hibernation: Registered nosave memory: [mem 0xfe011000-0xffffffff]
[    0.070446] PM: hibernation: Registered nosave memory: [mem 0x100000000-0xb40ffffff]
[    0.070448] PM: hibernation: Registered nosave memory: [mem 0x1000000000-0x1ebfffffff]
[    0.070450] [mem 0x90000000-0xfdffffff] available for PCI devices
[    0.070452] Booting paravirtualized kernel on bare hardware
[    0.070454] clocksource: refined-jiffies: mask: 0xffffffff max_cycles: 0xffffffff, max_idle_ns: 7645519600211568 ns
[    0.070460] setup_percpu: NR_CPUS:8192 nr_cpumask_bits:112 nr_cpu_ids:112 nr_node_ids:4
[    0.074902] percpu: Embedded 53 pages/cpu s180224 r8192 d28672 u262144
[    0.074914] pcpu-alloc: s180224 r8192 d28672 u262144 alloc=1*2097152
[    0.074916] pcpu-alloc: [0] 000 002 004 006 008 010 012 014 
[    0.074922] pcpu-alloc: [0] 016 018 020 022 024 026 028 030 
[    0.074926] pcpu-alloc: [0] 032 034 036 038 040 042 044 046 
[    0.074931] pcpu-alloc: [0] 048 050 052 054 056 058 060 062 
[    0.074935] pcpu-alloc: [0] 064 066 068 070 072 074 076 078 
[    0.074939] pcpu-alloc: [0] 080 082 084 086 088 090 092 094 
[    0.074943] pcpu-alloc: [0] 096 098 100 102 104 106 108 110 
[    0.074947] pcpu-alloc: [1] 001 003 005 007 009 011 013 015 
[    0.074952] pcpu-alloc: [1] 017 019 021 023 025 027 029 031 
[    0.074956] pcpu-alloc: [1] 033 035 037 039 041 043 045 047 
[    0.074960] pcpu-alloc: [1] 049 051 053 055 057 059 061 063 
[    0.074964] pcpu-alloc: [1] 065 067 069 071 073 075 077 079 
[    0.074968] pcpu-alloc: [1] 081 083 085 087 089 091 093 095 
[    0.074972] pcpu-alloc: [1] 097 099 101 103 105 107 109 111 
[    0.075023] Built 2 zonelists, mobility grouping on.  Total pages: 7081300
[    0.075025] Policy zone: Normal
[    0.075026] Kernel command line: BOOT_IMAGE=/boot/vmlinuz-5.15.0-tiering-0.8 root=UUID=ce0c24b8-724b-4f33-9b2c-618433560aef ro memmap=42000M!4096M memmap=59G!64G quiet splash nomodeset vt.handoff=1
[    0.075144] You have booted with nomodeset. This means your GPU drivers are DISABLED
[    0.075145] Any video related functionality will be severely degraded, and you may not even be able to suspend the system properly
[    0.075146] Unless you actually understand what nomodeset does, you should reboot without enabling it
[    0.075167] Unknown command line parameters: splash BOOT_IMAGE=/boot/vmlinuz-5.15.0-tiering-0.8
[    0.075168] printk: log_buf_len individual max cpu contribution: 4096 bytes
[    0.075169] printk: log_buf_len total cpu_extra contributions: 454656 bytes
[    0.075170] printk: log_buf_len min size: 262144 bytes
[    0.076140] printk: log_buf_len: 1048576 bytes
[    0.076141] printk: early log buf free: 223792(85%)
[    0.077712] mem auto-init: stack:off, heap alloc:on, heap free:off
[    0.151316] Memory: 27485040K/28779616K available (14345K kernel code, 3484K rwdata, 10288K rodata, 2824K init, 5836K bss, 1294316K reserved, 0K cma-reserved)
[    0.151323] random: get_random_u64 called from __kmem_cache_create+0x2d/0x460 with crng_init=1
[    0.152221] SLUB: HWalign=64, Order=0-3, MinObjects=0, CPUs=112, Nodes=4
[    0.152254] ftrace: allocating 48223 entries in 189 pages
[    0.167476] ftrace: allocated 189 pages with 6 groups
[    0.168161] rcu: Hierarchical RCU implementation.
[    0.168162] rcu: 	RCU restricting CPUs from NR_CPUS=8192 to nr_cpu_ids=112.
[    0.168163] 	Rude variant of Tasks RCU enabled.
[    0.168164] 	Tracing variant of Tasks RCU enabled.
[    0.168165] rcu: RCU calculated value of scheduler-enlistment delay is 25 jiffies.
[    0.168166] rcu: Adjusting geometry for rcu_fanout_leaf=16, nr_cpu_ids=112
[    0.171950] NR_IRQS: 524544, nr_irqs: 2952, preallocated irqs: 16
[    0.172305] random: crng done (trusting CPU's manufacturer)
[    0.172443] Console: colour dummy device 80x25
[    0.172479] printk: console [tty0] enabled
[    0.172622] mempolicy: Enabling automatic NUMA balancing. Configure with numa_balancing= or the kernel.numa_balancing sysctl
[    0.172627] ACPI: Core revision 20210730
[    0.176022] clocksource: hpet: mask: 0xffffffff max_cycles: 0xffffffff, max_idle_ns: 79635855245 ns
[    0.176065] APIC: Switch to symmetric I/O mode setup
[    0.176067] DMAR: Host address width 46
[    0.176068] DMAR: DRHD base: 0x000000d0ffc000 flags: 0x0
[    0.176073] DMAR: dmar0: reg_base_addr d0ffc000 ver 4:0 cap 8ed008c40780466 ecap 60000f050df
[    0.176076] DMAR: DRHD base: 0x000000dbbfc000 flags: 0x0
[    0.176078] DMAR: dmar1: reg_base_addr dbbfc000 ver 4:0 cap 8ed008c40780466 ecap 60000f050df
[    0.176080] DMAR: DRHD base: 0x000000e67fc000 flags: 0x0
[    0.176084] DMAR: dmar2: reg_base_addr e67fc000 ver 4:0 cap 8ed008c40780466 ecap 60000f050df
[    0.176086] DMAR: DRHD base: 0x000000f13fc000 flags: 0x0
[    0.176088] DMAR: dmar3: reg_base_addr f13fc000 ver 4:0 cap 8ed008c40780466 ecap 60000f050df
[    0.176090] DMAR: DRHD base: 0x000000fb7fc000 flags: 0x0
[    0.176092] DMAR: dmar4: reg_base_addr fb7fc000 ver 4:0 cap 8ed008c40780466 ecap 60000f050df
[    0.176094] DMAR: DRHD base: 0x000000a63fc000 flags: 0x0
[    0.176097] DMAR: dmar5: reg_base_addr a63fc000 ver 4:0 cap 8ed008c40780466 ecap 60000f050df
[    0.176099] DMAR: DRHD base: 0x000000b0ffc000 flags: 0x0
[    0.176101] DMAR: dmar6: reg_base_addr b0ffc000 ver 4:0 cap 8ed008c40780466 ecap 60000f050df
[    0.176103] DMAR: DRHD base: 0x000000bbbfc000 flags: 0x0
[    0.176107] DMAR: dmar7: reg_base_addr bbbfc000 ver 4:0 cap 8ed008c40780466 ecap 60000f050df
[    0.176109] DMAR: DRHD base: 0x000000c5ffc000 flags: 0x0
[    0.176112] DMAR: dmar8: reg_base_addr c5ffc000 ver 4:0 cap 8ed008c40780466 ecap 60000f050df
[    0.176113] DMAR: DRHD base: 0x0000009b7fc000 flags: 0x1
[    0.176116] DMAR: dmar9: reg_base_addr 9b7fc000 ver 4:0 cap 8ed008c40780466 ecap 60000f050df
[    0.176118] DMAR: RMRR base: 0x00000069427000 end: 0x00000069429fff
[    0.176119] DMAR: ATSR flags: 0x0
[    0.176121] DMAR-IR: IOAPIC id 8 under DRHD base  0x9b7fc000 IOMMU 9
[    0.176123] DMAR-IR: HPET id 0 under DRHD base 0x9b7fc000
[    0.176124] DMAR-IR: Queued invalidation will be enabled to support x2apic and Intr-remapping.
[    0.179388] DMAR-IR: Enabled IRQ remapping in x2apic mode
[    0.181986] ..TIMER: vector=0x30 apic1=0 pin1=2 apic2=-1 pin2=-1
[    0.199997] clocksource: tsc-early: mask: 0xffffffffffffffff max_cycles: 0x39a85c9bff6, max_idle_ns: 881590591483 ns
[    0.200003] Calibrating delay loop (skipped), value calculated using timer frequency.. 4000.00 BogoMIPS (lpj=8000000)
[    0.200006] pid_max: default: 114688 minimum: 896
[    0.203387] LSM: Security Framework initializing
[    0.203403] Yama: becoming mindful.
[    0.203443] AppArmor: AppArmor initialized
[    0.208111] Dentry cache hash table entries: 4194304 (order: 13, 33554432 bytes, vmalloc)
[    0.210432] Inode-cache hash table entries: 2097152 (order: 12, 16777216 bytes, vmalloc)
[    0.210548] Mount-cache hash table entries: 65536 (order: 7, 524288 bytes, vmalloc)
[    0.210623] Mountpoint-cache hash table entries: 65536 (order: 7, 524288 bytes, vmalloc)
[    0.211219] x86/tme: not enabled by BIOS
[    0.211229] CPU0: Thermal monitoring enabled (TM1)
[    0.211231] x86/cpu: User Mode Instruction Prevention (UMIP) activated
[    0.211464] process: using mwait in idle threads
[    0.211466] Last level iTLB entries: 4KB 0, 2MB 0, 4MB 0
[    0.211467] Last level dTLB entries: 4KB 0, 2MB 0, 4MB 0, 1GB 0
[    0.211473] Spectre V1 : Mitigation: usercopy/swapgs barriers and __user pointer sanitization
[    0.211475] Spectre V2 : Mitigation: Enhanced IBRS
[    0.211476] Spectre V2 : Spectre v2 / SpectreRSB mitigation: Filling RSB on context switch
[    0.211477] Spectre V2 : mitigation: Enabling conditional Indirect Branch Prediction Barrier
[    0.211478] Speculative Store Bypass: Mitigation: Speculative Store Bypass disabled via prctl and seccomp
[    0.217766] Freeing SMP alternatives memory: 40K
[    0.220136] smpboot: Estimated ratio of average max frequency by base frequency (times 1024): 1433
[    0.220150] smpboot: CPU0: Intel(R) Xeon(R) Gold 6330 CPU @ 2.00GHz (family: 0x6, model: 0x6a, stepping: 0x6)
[    0.220347] Performance Events: PEBS fmt4+-baseline,  AnyThread deprecated, Icelake events, 32-deep LBR, full-width counters, Intel PMU driver.
[    0.220367] ... version:                5
[    0.220368] ... bit width:              48
[    0.220369] ... generic registers:      8
[    0.220369] ... value mask:             0000ffffffffffff
[    0.220370] ... max period:             00007fffffffffff
[    0.220371] ... fixed-purpose events:   4
[    0.220372] ... event mask:             0001000f000000ff
[    0.220495] rcu: Hierarchical SRCU implementation.
[    0.227656] NMI watchdog: Enabled. Permanently consumes one hw-PMU counter.
[    0.228674] smp: Bringing up secondary CPUs ...
[    0.228780] x86: Booting SMP configuration:
[    0.228781] .... node  #1, CPUs:          #1
[    0.007744] smpboot: CPU 1 Converting physical 0 to logical die 1

[    0.316113] .... node  #0, CPUs:     #2
[    0.321501] .... node  #1, CPUs:     #3
[    0.326939] .... node  #0, CPUs:     #4
[    0.332319] .... node  #1, CPUs:     #5
[    0.337732] .... node  #0, CPUs:     #6
[    0.343312] .... node  #1, CPUs:     #7
[    0.348922] .... node  #0, CPUs:     #8
[    0.354211] .... node  #1, CPUs:     #9
[    0.360105] .... node  #0, CPUs:    #10
[    0.365680] .... node  #1, CPUs:    #11
[    0.371429] .... node  #0, CPUs:    #12
[    0.376954] .... node  #1, CPUs:    #13
[    0.382317] .... node  #0, CPUs:    #14
[    0.387553] .... node  #1, CPUs:    #15
[    0.392888] .... node  #0, CPUs:    #16
[    0.398159] .... node  #1, CPUs:    #17
[    0.403498] .... node  #0, CPUs:    #18
[    0.408747] .... node  #1, CPUs:    #19
[    0.414412] .... node  #0, CPUs:    #20
[    0.419648] .... node  #1, CPUs:    #21
[    0.425267] .... node  #0, CPUs:    #22
[    0.430711] .... node  #1, CPUs:    #23
[    0.436106] .... node  #0, CPUs:    #24
[    0.441632] .... node  #1, CPUs:    #25
[    0.446980] .... node  #0, CPUs:    #26
[    0.452199] .... node  #1, CPUs:    #27
[    0.457534] .... node  #0, CPUs:    #28
[    0.463045] .... node  #1, CPUs:    #29
[    0.468352] .... node  #0, CPUs:    #30
[    0.473583] .... node  #1, CPUs:    #31
[    0.479068] .... node  #0, CPUs:    #32
[    0.484358] .... node  #1, CPUs:    #33
[    0.489740] .... node  #0, CPUs:    #34
[    0.495182] .... node  #1, CPUs:    #35
[    0.500517] .... node  #0, CPUs:    #36
[    0.505729] .... node  #1, CPUs:    #37
[    0.511054] .... node  #0, CPUs:    #38
[    0.516608] .... node  #1, CPUs:    #39
[    0.522148] .... node  #0, CPUs:    #40
[    0.527757] .... node  #1, CPUs:    #41
[    0.533512] .... node  #0, CPUs:    #42
[    0.538830] .... node  #1, CPUs:    #43
[    0.544499] .... node  #0, CPUs:    #44
[    0.549862] .... node  #1, CPUs:    #45
[    0.555347] .... node  #0, CPUs:    #46
[    0.560888] .... node  #1, CPUs:    #47
[    0.566350] .... node  #0, CPUs:    #48
[    0.571693] .... node  #1, CPUs:    #49
[    0.577139] .... node  #0, CPUs:    #50
[    0.582636] .... node  #1, CPUs:    #51
[    0.588290] .... node  #0, CPUs:    #52
[    0.593755] .... node  #1, CPUs:    #53
[    0.599356] .... node  #0, CPUs:    #54
[    0.605060] .... node  #1, CPUs:    #55
[    0.610877] .... node  #0, CPUs:    #56
[    0.617011] .... node  #1, CPUs:    #57
[    0.622927] .... node  #0, CPUs:    #58
[    0.628344] .... node  #1, CPUs:    #59
[    0.633795] .... node  #0, CPUs:    #60
[    0.639188] .... node  #1, CPUs:    #61
[    0.644605] .... node  #0, CPUs:    #62
[    0.650203] .... node  #1, CPUs:    #63
[    0.656049] .... node  #0, CPUs:    #64
[    0.661145] .... node  #1, CPUs:    #65
[    0.666906] .... node  #0, CPUs:    #66
[    0.672647] .... node  #1, CPUs:    #67
[    0.678418] .... node  #0, CPUs:    #68
[    0.684168] .... node  #1, CPUs:    #69
[    0.689360] .... node  #0, CPUs:    #70
[    0.694609] .... node  #1, CPUs:    #71
[    0.700114] .... node  #0, CPUs:    #72
[    0.705270] .... node  #1, CPUs:    #73
[    0.710610] .... node  #0, CPUs:    #74
[    0.716142] .... node  #1, CPUs:    #75
[    0.721574] .... node  #0, CPUs:    #76
[    0.726830] .... node  #1, CPUs:    #77
[    0.732484] .... node  #0, CPUs:    #78
[    0.737934] .... node  #1, CPUs:    #79
[    0.743247] .... node  #0, CPUs:    #80
[    0.748896] .... node  #1, CPUs:    #81
[    0.754266] .... node  #0, CPUs:    #82
[    0.759510] .... node  #1, CPUs:    #83
[    0.764865] .... node  #0, CPUs:    #84
[    0.770389] .... node  #1, CPUs:    #85
[    0.775729] .... node  #0, CPUs:    #86
[    0.780968] .... node  #1, CPUs:    #87
[    0.786486] .... node  #0, CPUs:    #88
[    0.792062] .... node  #1, CPUs:    #89
[    0.797213] .... node  #0, CPUs:    #90
[    0.802671] .... node  #1, CPUs:    #91
[    0.808110] .... node  #0, CPUs:    #92
[    0.813259] .... node  #1, CPUs:    #93
[    0.818613] .... node  #0, CPUs:    #94
[    0.824203] .... node  #1, CPUs:    #95
[    0.829759] .... node  #0, CPUs:    #96
[    0.835391] .... node  #1, CPUs:    #97
[    0.841171] .... node  #0, CPUs:    #98
[    0.846512] .... node  #1, CPUs:    #99
[    0.852200] .... node  #0, CPUs:   #100
[    0.857577] .... node  #1, CPUs:   #101
[    0.863079] .... node  #0, CPUs:   #102
[    0.868636] .... node  #1, CPUs:   #103
[    0.874117] .... node  #0, CPUs:   #104
[    0.879473] .... node  #1, CPUs:   #105
[    0.884940] .... node  #0, CPUs:   #106
[    0.890455] .... node  #1, CPUs:   #107
[    0.896133] .... node  #0, CPUs:   #108
[    0.901611] .... node  #1, CPUs:   #109
[    0.907234] .... node  #0, CPUs:   #110
[    0.912951] .... node  #1, CPUs:   #111
[    0.918788] smp: Brought up 2 nodes, 112 CPUs
[    0.918788] smpboot: Max logical packages: 2
[    0.918788] smpboot: Total of 112 processors activated (448074.17 BogoMIPS)
[    0.923391] devtmpfs: initialized
[    0.923391] x86/mm: Memory block size: 2048MB
[    0.923391] ACPI: PM: Registering ACPI NVS region [mem 0x49e77000-0x4ae76fff] (16777216 bytes)
[    0.924067] ACPI: PM: Registering ACPI NVS region [mem 0x6e3ff000-0x6f3fefff] (16777216 bytes)
[    0.924328] clocksource: jiffies: mask: 0xffffffff max_cycles: 0xffffffff, max_idle_ns: 7645041785100000 ns
[    0.924648] futex hash table entries: 32768 (order: 9, 2097152 bytes, vmalloc)
[    0.924902] pinctrl core: initialized pinctrl subsystem
[    0.925067] PM: RTC time: 12:13:58, date: 2024-06-20
[    0.925288] NET: Registered PF_NETLINK/PF_ROUTE protocol family
[    0.926064] DMA: preallocated 4096 KiB GFP_KERNEL pool for atomic allocations
[    0.926572] DMA: preallocated 4096 KiB GFP_KERNEL|GFP_DMA pool for atomic allocations
[    0.927080] DMA: preallocated 4096 KiB GFP_KERNEL|GFP_DMA32 pool for atomic allocations
[    0.927089] audit: initializing netlink subsys (disabled)
[    0.927096] audit: type=2000 audit(1718885637.748:1): state=initialized audit_enabled=0 res=1
[    0.927096] thermal_sys: Registered thermal governor 'fair_share'
[    0.927096] thermal_sys: Registered thermal governor 'bang_bang'
[    0.927096] thermal_sys: Registered thermal governor 'step_wise'
[    0.927096] thermal_sys: Registered thermal governor 'user_space'
[    0.927096] EISA bus registered
[    0.927096] cpuidle: using governor ladder
[    0.927096] cpuidle: using governor menu
[    0.928040] ACPI FADT declares the system doesn't support PCIe ASPM, so disable it
[    0.928041] ACPI: bus type PCI registered
[    0.928043] acpiphp: ACPI Hot Plug PCI Controller Driver version: 0.5
[    0.928150] PCI: MMCONFIG for domain 0000 [bus 00-ff] at [mem 0x80000000-0x8fffffff] (base 0x80000000)
[    0.928155] PCI: MMCONFIG at [mem 0x80000000-0x8fffffff] reserved in E820
[    0.928162] pmd_set_huge: Cannot satisfy [mem 0x80000000-0x80200000] with a huge-page mapping due to MTRR override.
[    0.928373] PCI: Using configuration type 1 for base access
[    0.928383] PCI: Dell System detected, enabling pci=bfsort.
[    0.930506] ENERGY_PERF_BIAS: Set to 'normal', was 'performance'
[    0.933120] Kprobes globally optimized
[    0.933124] HugeTLB registered 1.00 GiB page size, pre-allocated 0 pages
[    0.933124] HugeTLB registered 2.00 MiB page size, pre-allocated 0 pages
[    0.936133] ACPI: Added _OSI(Module Device)
[    0.936134] ACPI: Added _OSI(Processor Device)
[    0.936135] ACPI: Added _OSI(3.0 _SCP Extensions)
[    0.936136] ACPI: Added _OSI(Processor Aggregator Device)
[    0.936137] ACPI: Added _OSI(Linux-Dell-Video)
[    0.936138] ACPI: Added _OSI(Linux-Lenovo-NV-HDMI-Audio)
[    0.936139] ACPI: Added _OSI(Linux-HPI-Hybrid-Graphics)
[    1.100984] ACPI: 8 ACPI AML tables successfully acquired and loaded
[    1.106548] ACPI: [Firmware Bug]: BIOS _OSI(Linux) query ignored
[    1.113354] ACPI: Dynamic OEM Table Load:
[    1.509980] ACPI: Interpreter enabled
[    1.510000] ACPI: PM: (supports S0 S5)
[    1.510001] ACPI: Using IOAPIC for interrupt routing
[    1.510084] HEST: Table parsing has been initialized.
[    1.510087] PCI: Using host bridge windows from ACPI; if necessary, use "pci=nocrs" and report a bug
[    1.538408] ACPI: Enabled 4 GPEs in block 00 to 7F
[    1.655609] ACPI: PCI Root Bridge [PC00] (domain 0000 [bus 00-15])
[    1.655615] acpi PNP0A08:00: _OSC: OS supports [ExtendedConfig ASPM ClockPM Segments MSI HPX-Type3]
[    1.721983] acpi PNP0A08:00: _OSC: platform does not support [SHPCHotplug AER LTR]
[    1.722201] acpi PNP0A08:00: _OSC: OS now controls [PCIeHotplug PME PCIeCapability]
[    1.722202] acpi PNP0A08:00: FADT indicates ASPM is unsupported, using BIOS configuration
[    1.723975] PCI host bridge to bus 0000:00
[    1.723977] pci_bus 0000:00: root bus resource [io  0x0000-0x0cf7 window]
[    1.723979] pci_bus 0000:00: root bus resource [io  0x1000-0x4fff window]
[    1.723980] pci_bus 0000:00: root bus resource [mem 0x000a0000-0x000bffff window]
[    1.723982] pci_bus 0000:00: root bus resource [mem 0x000c8000-0x000cffff window]
[    1.723983] pci_bus 0000:00: root bus resource [mem 0xfe010000-0xfe010fff window]
[    1.723984] pci_bus 0000:00: root bus resource [mem 0x90000000-0x9b7fffff window]
[    1.723985] pci_bus 0000:00: root bus resource [mem 0x200000000000-0x20ffffffffff window]
[    1.723987] pci_bus 0000:00: root bus resource [bus 00-15]
[    1.725297] pci 0000:00:00.0: [8086:09a2] type 00 class 0x088000
[    1.726043] pci 0000:00:00.1: [8086:09a4] type 00 class 0x088000
[    1.727406] pci 0000:00:00.2: [8086:09a3] type 00 class 0x088000
[    1.728770] pci 0000:00:00.4: [8086:0998] type 00 class 0x060000
[    1.730783] pci 0000:00:02.0: [8086:09a6] type 00 class 0x088000
[    1.730791] pci 0000:00:02.0: reg 0x10: [mem 0x92dfc000-0x92dfdfff]
[    1.732162] pci 0000:00:02.1: [8086:09a7] type 00 class 0x088000
[    1.732171] pci 0000:00:02.1: reg 0x10: [mem 0x92d00000-0x92d7ffff]
[    1.732176] pci 0000:00:02.1: reg 0x14: [mem 0x92c80000-0x92cfffff]
[    1.733543] pci 0000:00:02.4: [8086:3456] type 00 class 0x130000
[    1.733553] pci 0000:00:02.4: reg 0x10: [mem 0x92a00000-0x92afffff 64bit]
[    1.733560] pci 0000:00:02.4: reg 0x18: [mem 0x92df0000-0x92df3fff 64bit]
[    1.733566] pci 0000:00:02.4: reg 0x20: [mem 0x92dc0000-0x92ddffff 64bit]
[    1.734944] pci 0000:00:11.0: [8086:a1ec] type 00 class 0xff0000
[    1.734947] pci 0000:00:11.0: device has non-compliant BARs; disabling IO/MEM decoding
[    1.736334] pci 0000:00:11.5: [8086:a1d2] type 00 class 0x010601
[    1.736347] pci 0000:00:11.5: reg 0x10: [mem 0x92dfa000-0x92dfbfff]
[    1.736354] pci 0000:00:11.5: reg 0x14: [mem 0x92e05000-0x92e050ff]
[    1.736362] pci 0000:00:11.5: reg 0x18: [io  0x2068-0x206f]
[    1.736369] pci 0000:00:11.5: reg 0x1c: [io  0x2074-0x2077]
[    1.736376] pci 0000:00:11.5: reg 0x20: [io  0x2040-0x205f]
[    1.736383] pci 0000:00:11.5: reg 0x24: [mem 0x92b80000-0x92bfffff]
[    1.736421] pci 0000:00:11.5: PME# supported from D3hot
[    1.737920] pci 0000:00:14.0: [8086:a1af] type 00 class 0x0c0330
[    1.737937] pci 0000:00:14.0: reg 0x10: [mem 0x92de0000-0x92deffff 64bit]
[    1.737999] pci 0000:00:14.0: PME# supported from D3hot D3cold
[    1.739517] pci 0000:00:14.2: [8086:a1b1] type 00 class 0x118000
[    1.739534] pci 0000:00:14.2: reg 0x10: [mem 0x92e02000-0x92e02fff 64bit]
[    1.740954] pci 0000:00:16.0: [8086:a1ba] type 00 class 0x078000
[    1.740977] pci 0000:00:16.0: reg 0x10: [mem 0x92e01000-0x92e01fff 64bit]
[    1.741059] pci 0000:00:16.0: PME# supported from D3hot
[    1.742417] pci 0000:00:16.1: [8086:a1bb] type 00 class 0x078000
[    1.742440] pci 0000:00:16.1: reg 0x10: [mem 0x92e00000-0x92e00fff 64bit]
[    1.742523] pci 0000:00:16.1: PME# supported from D3hot
[    1.743885] pci 0000:00:16.4: [8086:a1be] type 00 class 0x078000
[    1.743908] pci 0000:00:16.4: reg 0x10: [mem 0x92dff000-0x92dfffff 64bit]
[    1.743990] pci 0000:00:16.4: PME# supported from D3hot
[    1.745353] pci 0000:00:17.0: [8086:a182] type 00 class 0x010601
[    1.745366] pci 0000:00:17.0: reg 0x10: [mem 0x92df8000-0x92df9fff]
[    1.745373] pci 0000:00:17.0: reg 0x14: [mem 0x92e04000-0x92e040ff]
[    1.745380] pci 0000:00:17.0: reg 0x18: [io  0x2060-0x2067]
[    1.745387] pci 0000:00:17.0: reg 0x1c: [io  0x2070-0x2073]
[    1.745395] pci 0000:00:17.0: reg 0x20: [io  0x2020-0x203f]
[    1.745402] pci 0000:00:17.0: reg 0x24: [mem 0x92b00000-0x92b7ffff]
[    1.745438] pci 0000:00:17.0: PME# supported from D3hot
[    1.746936] pci 0000:00:1c.0: [8086:a190] type 01 class 0x060400
[    1.747010] pci 0000:00:1c.0: PME# supported from D0 D3hot D3cold
[    1.748937] pci 0000:00:1c.4: [8086:a194] type 01 class 0x060400
[    1.749006] pci 0000:00:1c.4: PME# supported from D0 D3hot D3cold
[    1.750909] pci 0000:00:1c.5: [8086:a195] type 01 class 0x060400
[    1.750979] pci 0000:00:1c.5: PME# supported from D0 D3hot D3cold
[    1.752891] pci 0000:00:1f.0: [8086:a1cb] type 00 class 0x060100
[    1.754479] pci 0000:00:1f.2: [8086:a1a1] type 00 class 0x058000
[    1.754494] pci 0000:00:1f.2: reg 0x10: [mem 0x92df4000-0x92df7fff]
[    1.756026] pci 0000:00:1f.4: [8086:a1a3] type 00 class 0x0c0500
[    1.756045] pci 0000:00:1f.4: reg 0x10: [mem 0x92dfe000-0x92dfe0ff 64bit]
[    1.756068] pci 0000:00:1f.4: reg 0x20: [io  0x2000-0x201f]
[    1.757433] pci 0000:00:1f.5: [8086:a1a4] type 00 class 0x0c8000
[    1.757448] pci 0000:00:1f.5: reg 0x10: [mem 0xfe010000-0xfe010fff]
[    1.757571] pci 0000:00:1c.0: PCI bridge to [bus 01]
[    1.757624] pci 0000:02:00.0: [1556:be00] type 01 class 0x060400
[    1.757795] pci 0000:00:1c.4: PCI bridge to [bus 02-03]
[    1.757799] pci 0000:00:1c.4:   bridge window [mem 0x92000000-0x928fffff]
[    1.757803] pci 0000:00:1c.4:   bridge window [mem 0x91000000-0x91ffffff 64bit pref]
[    1.757836] pci_bus 0000:03: extended config space not accessible
[    1.757852] pci 0000:03:00.0: [102b:0536] type 00 class 0x030000
[    1.757871] pci 0000:03:00.0: reg 0x10: [mem 0x91000000-0x91ffffff pref]
[    1.757882] pci 0000:03:00.0: reg 0x14: [mem 0x92808000-0x9280bfff]
[    1.757892] pci 0000:03:00.0: reg 0x18: [mem 0x92000000-0x927fffff]
[    1.757940] pci 0000:03:00.0: BAR 0: assigned to efifb
[    1.758038] pci 0000:02:00.0: PCI bridge to [bus 03]
[    1.758047] pci 0000:02:00.0:   bridge window [mem 0x92000000-0x928fffff]
[    1.758053] pci 0000:02:00.0:   bridge window [mem 0x91000000-0x91ffffff 64bit pref]
[    1.758129] pci 0000:04:00.0: [14e4:165f] type 00 class 0x020000
[    1.758153] pci 0000:04:00.0: reg 0x10: [mem 0x92930000-0x9293ffff 64bit pref]
[    1.758168] pci 0000:04:00.0: reg 0x18: [mem 0x92940000-0x9294ffff 64bit pref]
[    1.758184] pci 0000:04:00.0: reg 0x20: [mem 0x92950000-0x9295ffff 64bit pref]
[    1.758194] pci 0000:04:00.0: reg 0x30: [mem 0xfffc0000-0xffffffff pref]
[    1.758288] pci 0000:04:00.0: PME# supported from D0 D3hot D3cold
[    1.758341] pci 0000:04:00.0: 4.000 Gb/s available PCIe bandwidth, limited by 5.0 GT/s PCIe x1 link at 0000:00:1c.5 (capable of 8.000 Gb/s with 5.0 GT/s PCIe x2 link)
[    1.758887] pci 0000:04:00.1: [14e4:165f] type 00 class 0x020000
[    1.758910] pci 0000:04:00.1: reg 0x10: [mem 0x92900000-0x9290ffff 64bit pref]
[    1.758926] pci 0000:04:00.1: reg 0x18: [mem 0x92910000-0x9291ffff 64bit pref]
[    1.758942] pci 0000:04:00.1: reg 0x20: [mem 0x92920000-0x9292ffff 64bit pref]
[    1.758952] pci 0000:04:00.1: reg 0x30: [mem 0xfffc0000-0xffffffff pref]
[    1.759046] pci 0000:04:00.1: PME# supported from D0 D3hot D3cold
[    1.759595] pci 0000:00:1c.5: PCI bridge to [bus 04]
[    1.759602] pci 0000:00:1c.5:   bridge window [mem 0x92900000-0x929fffff 64bit pref]
[    1.759617] pci_bus 0000:00: on NUMA node 0
[    1.760181] ACPI: PCI Root Bridge [PC01] (domain 0000 [bus 16-2f])
[    1.760185] acpi PNP0A08:01: _OSC: OS supports [ExtendedConfig ASPM ClockPM Segments MSI HPX-Type3]
[    1.774410] acpi PNP0A08:01: _OSC: platform does not support [SHPCHotplug AER]
[    1.774631] acpi PNP0A08:01: _OSC: OS now controls [PCIeHotplug PME PCIeCapability LTR]
[    1.774632] acpi PNP0A08:01: FADT indicates ASPM is unsupported, using BIOS configuration
[    1.774777] PCI host bridge to bus 0000:16
[    1.774778] pci_bus 0000:16: root bus resource [io  0x5000-0x6fff window]
[    1.774780] pci_bus 0000:16: root bus resource [mem 0x9b800000-0xa63fffff window]
[    1.774781] pci_bus 0000:16: root bus resource [mem 0x210000000000-0x21ffffffffff window]
[    1.774783] pci_bus 0000:16: root bus resource [bus 16-2f]
[    1.774798] pci 0000:16:00.0: [8086:09a2] type 00 class 0x088000
[    1.774876] pci 0000:16:00.1: [8086:09a4] type 00 class 0x088000
[    1.774948] pci 0000:16:00.2: [8086:09a3] type 00 class 0x088000
[    1.775017] pci 0000:16:00.4: [8086:0998] type 00 class 0x060000
[    1.775093] pci 0000:16:02.0: [8086:347a] type 01 class 0x060400
[    1.775103] pci 0000:16:02.0: reg 0x10: [mem 0x21fffff00000-0x21fffff1ffff 64bit]
[    1.775141] pci 0000:16:02.0: PME# supported from D0 D3hot D3cold
[    1.776049] pci 0000:17:00.0: [1000:10e2] type 00 class 0x010400
[    1.776062] pci 0000:17:00.0: reg 0x10: [mem 0x9b800000-0x9b8fffff 64bit pref]
[    1.776071] pci 0000:17:00.0: reg 0x18: [mem 0x9b900000-0x9b9fffff 64bit pref]
[    1.776076] pci 0000:17:00.0: reg 0x20: [mem 0x9ba00000-0x9bafffff]
[    1.776082] pci 0000:17:00.0: reg 0x24: [io  0x5000-0x50ff]
[    1.776087] pci 0000:17:00.0: reg 0x30: [mem 0xfff00000-0xffffffff pref]
[    1.777147] pci 0000:17:00.0: supports D1 D2
[    1.777212] pci 0000:16:02.0: PCI bridge to [bus 17]
[    1.777215] pci 0000:16:02.0:   bridge window [io  0x5000-0x5fff]
[    1.777217] pci 0000:16:02.0:   bridge window [mem 0x9ba00000-0x9bafffff]
[    1.777219] pci 0000:16:02.0:   bridge window [mem 0x9b800000-0x9b9fffff 64bit pref]
[    1.777225] pci_bus 0000:16: on NUMA node 0
[    1.777302] ACPI: PCI Root Bridge [PC02] (domain 0000 [bus 30-49])
[    1.777305] acpi PNP0A08:02: _OSC: OS supports [ExtendedConfig ASPM ClockPM Segments MSI HPX-Type3]
[    1.791023] acpi PNP0A08:02: _OSC: platform does not support [SHPCHotplug AER]
[    1.791225] acpi PNP0A08:02: _OSC: OS now controls [PCIeHotplug PME PCIeCapability LTR]
[    1.791226] acpi PNP0A08:02: FADT indicates ASPM is unsupported, using BIOS configuration
[    1.791341] PCI host bridge to bus 0000:30
[    1.791342] pci_bus 0000:30: root bus resource [io  0x7000-0x8fff window]
[    1.791344] pci_bus 0000:30: root bus resource [mem 0xa6400000-0xb0ffffff window]
[    1.791345] pci_bus 0000:30: root bus resource [mem 0x220000000000-0x22ffffffffff window]
[    1.791347] pci_bus 0000:30: root bus resource [bus 30-49]
[    1.791361] pci 0000:30:00.0: [8086:09a2] type 00 class 0x088000
[    1.791434] pci 0000:30:00.1: [8086:09a4] type 00 class 0x088000
[    1.791508] pci 0000:30:00.2: [8086:09a3] type 00 class 0x088000
[    1.791577] pci 0000:30:00.4: [8086:0998] type 00 class 0x060000
[    1.791647] pci_bus 0000:30: on NUMA node 0
[    1.791745] ACPI: PCI Root Bridge [PC04] (domain 0000 [bus 4a-63])
[    1.791748] acpi PNP0A08:04: _OSC: OS supports [ExtendedConfig ASPM ClockPM Segments MSI HPX-Type3]
[    1.805464] acpi PNP0A08:04: _OSC: platform does not support [SHPCHotplug AER]
[    1.805665] acpi PNP0A08:04: _OSC: OS now controls [PCIeHotplug PME PCIeCapability LTR]
[    1.805666] acpi PNP0A08:04: FADT indicates ASPM is unsupported, using BIOS configuration
[    1.805778] PCI host bridge to bus 0000:4a
[    1.805780] pci_bus 0000:4a: root bus resource [io  0x9000-0x9fff window]
[    1.805781] pci_bus 0000:4a: root bus resource [mem 0xb1000000-0xbbbfffff window]
[    1.805782] pci_bus 0000:4a: root bus resource [mem 0x230000000000-0x23ffffffffff window]
[    1.805783] pci_bus 0000:4a: root bus resource [bus 4a-63]
[    1.805797] pci 0000:4a:00.0: [8086:09a2] type 00 class 0x088000
[    1.805867] pci 0000:4a:00.1: [8086:09a4] type 00 class 0x088000
[    1.805935] pci 0000:4a:00.2: [8086:09a3] type 00 class 0x088000
[    1.806004] pci 0000:4a:00.4: [8086:0998] type 00 class 0x060000
[    1.806073] pci_bus 0000:4a: on NUMA node 0
[    1.806143] ACPI: PCI Root Bridge [PC05] (domain 0000 [bus 64-7d])
[    1.806146] acpi PNP0A08:05: _OSC: OS supports [ExtendedConfig ASPM ClockPM Segments MSI HPX-Type3]
[    1.819841] acpi PNP0A08:05: _OSC: platform does not support [SHPCHotplug AER]
[    1.820043] acpi PNP0A08:05: _OSC: OS now controls [PCIeHotplug PME PCIeCapability LTR]
[    1.820045] acpi PNP0A08:05: FADT indicates ASPM is unsupported, using BIOS configuration
[    1.820155] PCI host bridge to bus 0000:64
[    1.820156] pci_bus 0000:64: root bus resource [io  0xa000-0xafff window]
[    1.820157] pci_bus 0000:64: root bus resource [mem 0xbbc00000-0xc5ffffff window]
[    1.820158] pci_bus 0000:64: root bus resource [mem 0x240000000000-0x24ffffffffff window]
[    1.820160] pci_bus 0000:64: root bus resource [bus 64-7d]
[    1.820173] pci 0000:64:00.0: [8086:09a2] type 00 class 0x088000
[    1.820244] pci 0000:64:00.1: [8086:09a4] type 00 class 0x088000
[    1.820320] pci 0000:64:00.2: [8086:09a3] type 00 class 0x088000
[    1.820391] pci 0000:64:00.4: [8086:0998] type 00 class 0x060000
[    1.820461] pci_bus 0000:64: on NUMA node 0
[    1.820525] ACPI: PCI Root Bridge [UC06] (domain 0000 [bus 7e])
[    1.820528] acpi PNP0A03:00: _OSC: OS supports [ExtendedConfig ASPM ClockPM Segments MSI HPX-Type3]
[    1.820697] acpi PNP0A03:00: _OSC: platform does not support [SHPCHotplug AER LTR]
[    1.820867] acpi PNP0A03:00: _OSC: OS now controls [PCIeHotplug PME PCIeCapability]
[    1.820868] acpi PNP0A03:00: FADT indicates ASPM is unsupported, using BIOS configuration
[    1.820991] PCI host bridge to bus 0000:7e
[    1.820992] pci_bus 0000:7e: root bus resource [bus 7e]
[    1.821026] pci 0000:7e:00.0: [8086:3450] type 00 class 0x088000
[    1.821108] pci 0000:7e:00.1: [8086:3451] type 00 class 0x088000
[    1.821198] pci 0000:7e:00.2: [8086:3452] type 00 class 0x088000
[    1.821278] pci 0000:7e:00.3: [8086:0998] type 00 class 0x060000
[    1.821357] pci 0000:7e:00.5: [8086:3455] type 00 class 0x088000
[    1.821455] pci 0000:7e:02.0: [8086:3440] type 00 class 0x088000
[    1.821598] pci 0000:7e:02.1: [8086:3441] type 00 class 0x088000
[    1.821730] pci 0000:7e:02.2: [8086:3442] type 00 class 0x088000
[    1.821873] pci 0000:7e:03.0: [8086:3440] type 00 class 0x088000
[    1.821975] pci 0000:7e:03.1: [8086:3441] type 00 class 0x088000
[    1.822073] pci 0000:7e:03.2: [8086:3442] type 00 class 0x088000
[    1.822177] pci 0000:7e:04.0: [8086:3440] type 00 class 0x088000
[    1.822320] pci 0000:7e:04.1: [8086:3441] type 00 class 0x088000
[    1.822460] pci 0000:7e:04.2: [8086:3442] type 00 class 0x088000
[    1.822604] pci 0000:7e:04.3: [8086:3443] type 00 class 0x088000
[    1.822758] pci 0000:7e:05.0: [8086:3445] type 00 class 0x088000
[    1.822894] pci 0000:7e:05.1: [8086:3446] type 00 class 0x088000
[    1.823029] pci 0000:7e:05.2: [8086:3447] type 00 class 0x088000
[    1.823174] pci 0000:7e:06.0: [8086:3445] type 00 class 0x088000
[    1.823276] pci 0000:7e:06.1: [8086:3446] type 00 class 0x088000
[    1.823377] pci 0000:7e:06.2: [8086:3447] type 00 class 0x088000
[    1.823498] pci 0000:7e:07.0: [8086:3445] type 00 class 0x088000
[    1.823647] pci 0000:7e:07.1: [8086:3446] type 00 class 0x088000
[    1.823793] pci 0000:7e:07.2: [8086:3447] type 00 class 0x088000
[    1.823945] pci 0000:7e:0b.0: [8086:3448] type 00 class 0x088000
[    1.824035] pci 0000:7e:0b.1: [8086:3448] type 00 class 0x088000
[    1.824122] pci 0000:7e:0b.2: [8086:344b] type 00 class 0x088000
[    1.824227] pci 0000:7e:0c.0: [8086:344a] type 00 class 0x110100
[    1.824352] pci 0000:7e:0d.0: [8086:344a] type 00 class 0x110100
[    1.824461] pci 0000:7e:0e.0: [8086:344a] type 00 class 0x110100
[    1.824634] pci 0000:7e:0f.0: [8086:344a] type 00 class 0x110100
[    1.824825] pci 0000:7e:1a.0: [8086:2880] type 00 class 0x110100
[    1.824947] pci 0000:7e:1b.0: [8086:2880] type 00 class 0x110100
[    1.825055] pci 0000:7e:1c.0: [8086:2880] type 00 class 0x110100
[    1.825231] pci 0000:7e:1d.0: [8086:2880] type 00 class 0x110100
[    1.825389] pci_bus 0000:7e: on NUMA node 0
[    1.825465] ACPI: PCI Root Bridge [UC07] (domain 0000 [bus 7f])
[    1.825467] acpi PNP0A03:01: _OSC: OS supports [ExtendedConfig ASPM ClockPM Segments MSI HPX-Type3]
[    1.825633] acpi PNP0A03:01: _OSC: platform does not support [SHPCHotplug AER LTR]
[    1.825803] acpi PNP0A03:01: _OSC: OS now controls [PCIeHotplug PME PCIeCapability]
[    1.825804] acpi PNP0A03:01: FADT indicates ASPM is unsupported, using BIOS configuration
[    1.825939] PCI host bridge to bus 0000:7f
[    1.825941] pci_bus 0000:7f: root bus resource [bus 7f]
[    1.825982] pci 0000:7f:00.0: [8086:344c] type 00 class 0x088000
[    1.826113] pci 0000:7f:00.1: [8086:344c] type 00 class 0x088000
[    1.826250] pci 0000:7f:00.2: [8086:344c] type 00 class 0x088000
[    1.826394] pci 0000:7f:00.3: [8086:344c] type 00 class 0x088000
[    1.826509] pci 0000:7f:00.4: [8086:344c] type 00 class 0x088000
[    1.826655] pci 0000:7f:00.5: [8086:344c] type 00 class 0x088000
[    1.826796] pci 0000:7f:00.6: [8086:344c] type 00 class 0x088000
[    1.826899] pci 0000:7f:00.7: [8086:344c] type 00 class 0x088000
[    1.827021] pci 0000:7f:01.0: [8086:344c] type 00 class 0x088000
[    1.827174] pci 0000:7f:01.1: [8086:344c] type 00 class 0x088000
[    1.827321] pci 0000:7f:01.2: [8086:344c] type 00 class 0x088000
[    1.827430] pci 0000:7f:01.3: [8086:344c] type 00 class 0x088000
[    1.827587] pci 0000:7f:01.4: [8086:344c] type 00 class 0x088000
[    1.827745] pci 0000:7f:01.5: [8086:344c] type 00 class 0x088000
[    1.827909] pci 0000:7f:01.6: [8086:344c] type 00 class 0x088000
[    1.828056] pci 0000:7f:01.7: [8086:344c] type 00 class 0x088000
[    1.828225] pci 0000:7f:02.0: [8086:344c] type 00 class 0x088000
[    1.828379] pci 0000:7f:02.1: [8086:344c] type 00 class 0x088000
[    1.828536] pci 0000:7f:02.2: [8086:344c] type 00 class 0x088000
[    1.828699] pci 0000:7f:02.3: [8086:344c] type 00 class 0x088000
[    1.828864] pci 0000:7f:02.4: [8086:344c] type 00 class 0x088000
[    1.829026] pci 0000:7f:02.5: [8086:344c] type 00 class 0x088000
[    1.829189] pci 0000:7f:02.6: [8086:344c] type 00 class 0x088000
[    1.829362] pci 0000:7f:02.7: [8086:344c] type 00 class 0x088000
[    1.829548] pci 0000:7f:03.0: [8086:344c] type 00 class 0x088000
[    1.829718] pci 0000:7f:03.1: [8086:344c] type 00 class 0x088000
[    1.829895] pci 0000:7f:03.2: [8086:344c] type 00 class 0x088000
[    1.830076] pci 0000:7f:03.3: [8086:344c] type 00 class 0x088000
[    1.830274] pci 0000:7f:0a.0: [8086:344d] type 00 class 0x088000
[    1.830398] pci 0000:7f:0a.1: [8086:344d] type 00 class 0x088000
[    1.830533] pci 0000:7f:0a.2: [8086:344d] type 00 class 0x088000
[    1.830671] pci 0000:7f:0a.3: [8086:344d] type 00 class 0x088000
[    1.830786] pci 0000:7f:0a.4: [8086:344d] type 00 class 0x088000
[    1.830932] pci 0000:7f:0a.5: [8086:344d] type 00 class 0x088000
[    1.831073] pci 0000:7f:0a.6: [8086:344d] type 00 class 0x088000
[    1.831181] pci 0000:7f:0a.7: [8086:344d] type 00 class 0x088000
[    1.831304] pci 0000:7f:0b.0: [8086:344d] type 00 class 0x088000
[    1.831463] pci 0000:7f:0b.1: [8086:344d] type 00 class 0x088000
[    1.831610] pci 0000:7f:0b.2: [8086:344d] type 00 class 0x088000
[    1.831714] pci 0000:7f:0b.3: [8086:344d] type 00 class 0x088000
[    1.831874] pci 0000:7f:0b.4: [8086:344d] type 00 class 0x088000
[    1.832031] pci 0000:7f:0b.5: [8086:344d] type 00 class 0x088000
[    1.832193] pci 0000:7f:0b.6: [8086:344d] type 00 class 0x088000
[    1.832344] pci 0000:7f:0b.7: [8086:344d] type 00 class 0x088000
[    1.832513] pci 0000:7f:0c.0: [8086:344d] type 00 class 0x088000
[    1.832668] pci 0000:7f:0c.1: [8086:344d] type 00 class 0x088000
[    1.832824] pci 0000:7f:0c.2: [8086:344d] type 00 class 0x088000
[    1.832981] pci 0000:7f:0c.3: [8086:344d] type 00 class 0x088000
[    1.833146] pci 0000:7f:0c.4: [8086:344d] type 00 class 0x088000
[    1.833308] pci 0000:7f:0c.5: [8086:344d] type 00 class 0x088000
[    1.833473] pci 0000:7f:0c.6: [8086:344d] type 00 class 0x088000
[    1.833651] pci 0000:7f:0c.7: [8086:344d] type 00 class 0x088000
[    1.833838] pci 0000:7f:0d.0: [8086:344d] type 00 class 0x088000
[    1.834007] pci 0000:7f:0d.1: [8086:344d] type 00 class 0x088000
[    1.834185] pci 0000:7f:0d.2: [8086:344d] type 00 class 0x088000
[    1.834359] pci 0000:7f:0d.3: [8086:344d] type 00 class 0x088000
[    1.834568] pci 0000:7f:1d.0: [8086:344f] type 00 class 0x088000
[    1.834700] pci 0000:7f:1d.1: [8086:3457] type 00 class 0x088000
[    1.834845] pci 0000:7f:1e.0: [8086:3458] type 00 class 0x088000
[    1.834939] pci 0000:7f:1e.1: [8086:3459] type 00 class 0x088000
[    1.835027] pci 0000:7f:1e.2: [8086:345a] type 00 class 0x088000
[    1.835117] pci 0000:7f:1e.3: [8086:345b] type 00 class 0x088000
[    1.835205] pci 0000:7f:1e.4: [8086:345c] type 00 class 0x088000
[    1.835292] pci 0000:7f:1e.5: [8086:345d] type 00 class 0x088000
[    1.835380] pci 0000:7f:1e.6: [8086:345e] type 00 class 0x088000
[    1.835467] pci 0000:7f:1e.7: [8086:345f] type 00 class 0x088000
[    1.835543] pci_bus 0000:7f: on NUMA node 0
[    1.835639] ACPI: PCI Root Bridge [PC06] (domain 0000 [bus 80])
[    1.835642] acpi PNP0A08:06: _OSC: OS supports [ExtendedConfig ASPM ClockPM Segments MSI HPX-Type3]
[    1.849355] acpi PNP0A08:06: _OSC: platform does not support [SHPCHotplug AER]
[    1.849559] acpi PNP0A08:06: _OSC: OS now controls [PCIeHotplug PME PCIeCapability LTR]
[    1.849560] acpi PNP0A08:06: FADT indicates ASPM is unsupported, using BIOS configuration
[    1.849699] PCI host bridge to bus 0000:80
[    1.849700] pci_bus 0000:80: root bus resource [io  0xb000-0xbfff window]
[    1.849701] pci_bus 0000:80: root bus resource [mem 0xc6800000-0xd0ffffff window]
[    1.849702] pci_bus 0000:80: root bus resource [mem 0x250000000000-0x25ffffffffff window]
[    1.849704] pci_bus 0000:80: root bus resource [bus 80]
[    1.849735] pci 0000:80:00.0: [8086:09a2] type 00 class 0x088000
[    1.849829] pci 0000:80:00.1: [8086:09a4] type 00 class 0x088000
[    1.849918] pci 0000:80:00.2: [8086:09a3] type 00 class 0x088000
[    1.850008] pci 0000:80:00.4: [8086:0998] type 00 class 0x060000
[    1.850096] pci 0000:80:02.0: [8086:09a6] type 00 class 0x088000
[    1.850105] pci 0000:80:02.0: reg 0x10: [mem 0xc6aa4000-0xc6aa5fff]
[    1.850183] pci 0000:80:02.1: [8086:09a7] type 00 class 0x088000
[    1.850191] pci 0000:80:02.1: reg 0x10: [mem 0xc6a00000-0xc6a7ffff]
[    1.850197] pci 0000:80:02.1: reg 0x14: [mem 0xc6980000-0xc69fffff]
[    1.850283] pci 0000:80:02.4: [8086:3456] type 00 class 0x130000
[    1.850294] pci 0000:80:02.4: reg 0x10: [mem 0xc6800000-0xc68fffff 64bit]
[    1.850301] pci 0000:80:02.4: reg 0x18: [mem 0xc6aa0000-0xc6aa3fff 64bit]
[    1.850308] pci 0000:80:02.4: reg 0x20: [mem 0xc6a80000-0xc6a9ffff 64bit]
[    1.850370] pci_bus 0000:80: on NUMA node 1
[    1.850445] ACPI: PCI Root Bridge [PC07] (domain 0000 [bus 81])
[    1.850447] acpi PNP0A08:07: _OSC: OS supports [ExtendedConfig ASPM ClockPM Segments MSI HPX-Type3]
[    1.864120] acpi PNP0A08:07: _OSC: platform does not support [SHPCHotplug AER]
[    1.864321] acpi PNP0A08:07: _OSC: OS now controls [PCIeHotplug PME PCIeCapability LTR]
[    1.864322] acpi PNP0A08:07: FADT indicates ASPM is unsupported, using BIOS configuration
[    1.864434] PCI host bridge to bus 0000:81
[    1.864435] pci_bus 0000:81: root bus resource [io  0xc000-0xcfff window]
[    1.864436] pci_bus 0000:81: root bus resource [mem 0xd1000000-0xdbbfffff window]
[    1.864437] pci_bus 0000:81: root bus resource [mem 0x260000000000-0x26ffffffffff window]
[    1.864438] pci_bus 0000:81: root bus resource [bus 81]
[    1.864452] pci 0000:81:00.0: [8086:09a2] type 00 class 0x088000
[    1.864528] pci 0000:81:00.1: [8086:09a4] type 00 class 0x088000
[    1.864607] pci 0000:81:00.2: [8086:09a3] type 00 class 0x088000
[    1.864687] pci 0000:81:00.4: [8086:0998] type 00 class 0x060000
[    1.864767] pci_bus 0000:81: on NUMA node 1
[    1.864838] ACPI: PCI Root Bridge [PC08] (domain 0000 [bus 82])
[    1.864841] acpi PNP0A08:08: _OSC: OS supports [ExtendedConfig ASPM ClockPM Segments MSI HPX-Type3]
[    1.878611] acpi PNP0A08:08: _OSC: platform does not support [SHPCHotplug AER]
[    1.878812] acpi PNP0A08:08: _OSC: OS now controls [PCIeHotplug PME PCIeCapability LTR]
[    1.878813] acpi PNP0A08:08: FADT indicates ASPM is unsupported, using BIOS configuration
[    1.878923] PCI host bridge to bus 0000:82
[    1.878924] pci_bus 0000:82: root bus resource [io  0xd000-0xdfff window]
[    1.878925] pci_bus 0000:82: root bus resource [mem 0xdbc00000-0xe67fffff window]
[    1.878926] pci_bus 0000:82: root bus resource [mem 0x270000000000-0x27ffffffffff window]
[    1.878928] pci_bus 0000:82: root bus resource [bus 82]
[    1.878942] pci 0000:82:00.0: [8086:09a2] type 00 class 0x088000
[    1.879017] pci 0000:82:00.1: [8086:09a4] type 00 class 0x088000
[    1.879093] pci 0000:82:00.2: [8086:09a3] type 00 class 0x088000
[    1.879167] pci 0000:82:00.4: [8086:0998] type 00 class 0x060000
[    1.879247] pci_bus 0000:82: on NUMA node 1
[    1.879343] ACPI: PCI Root Bridge [PC10] (domain 0000 [bus 83-f9])
[    1.879346] acpi PNP0A08:0a: _OSC: OS supports [ExtendedConfig ASPM ClockPM Segments MSI HPX-Type3]
[    1.893036] acpi PNP0A08:0a: _OSC: platform does not support [SHPCHotplug AER]
[    1.893238] acpi PNP0A08:0a: _OSC: OS now controls [PCIeHotplug PME PCIeCapability LTR]
[    1.893239] acpi PNP0A08:0a: FADT indicates ASPM is unsupported, using BIOS configuration
[    1.893358] PCI host bridge to bus 0000:83
[    1.893359] pci_bus 0000:83: root bus resource [io  0xe000-0xefff window]
[    1.893360] pci_bus 0000:83: root bus resource [mem 0xe6800000-0xf13fffff window]
[    1.893361] pci_bus 0000:83: root bus resource [mem 0x280000000000-0x28ffffffffff window]
[    1.893362] pci_bus 0000:83: root bus resource [bus 83-f9]
[    1.893377] pci 0000:83:00.0: [8086:09a2] type 00 class 0x088000
[    1.893455] pci 0000:83:00.1: [8086:09a4] type 00 class 0x088000
[    1.893537] pci 0000:83:00.2: [8086:09a3] type 00 class 0x088000
[    1.893615] pci 0000:83:00.4: [8086:0998] type 00 class 0x060000
[    1.893696] pci_bus 0000:83: on NUMA node 1
[    1.893766] ACPI: PCI Root Bridge [PC11] (domain 0000 [bus fa])
[    1.893768] acpi PNP0A08:0b: _OSC: OS supports [ExtendedConfig ASPM ClockPM Segments MSI HPX-Type3]
[    1.907455] acpi PNP0A08:0b: _OSC: platform does not support [SHPCHotplug AER]
[    1.907656] acpi PNP0A08:0b: _OSC: OS now controls [PCIeHotplug PME PCIeCapability LTR]
[    1.907657] acpi PNP0A08:0b: FADT indicates ASPM is unsupported, using BIOS configuration
[    1.907768] PCI host bridge to bus 0000:fa
[    1.907769] pci_bus 0000:fa: root bus resource [io  0xf000-0xffff window]
[    1.907770] pci_bus 0000:fa: root bus resource [mem 0xf1400000-0xfb7fffff window]
[    1.907771] pci_bus 0000:fa: root bus resource [mem 0x290000000000-0x29ffffffffff window]
[    1.907773] pci_bus 0000:fa: root bus resource [bus fa]
[    1.907787] pci 0000:fa:00.0: [8086:09a2] type 00 class 0x088000
[    1.907866] pci 0000:fa:00.1: [8086:09a4] type 00 class 0x088000
[    1.907942] pci 0000:fa:00.2: [8086:09a3] type 00 class 0x088000
[    1.908020] pci 0000:fa:00.4: [8086:0998] type 00 class 0x060000
[    1.908101] pci_bus 0000:fa: on NUMA node 1
[    1.908164] ACPI: PCI Root Bridge [UC16] (domain 0000 [bus fe])
[    1.908166] acpi PNP0A03:02: _OSC: OS supports [ExtendedConfig ASPM ClockPM Segments MSI HPX-Type3]
[    1.908331] acpi PNP0A03:02: _OSC: platform does not support [SHPCHotplug AER LTR]
[    1.908501] acpi PNP0A03:02: _OSC: OS now controls [PCIeHotplug PME PCIeCapability]
[    1.908502] acpi PNP0A03:02: FADT indicates ASPM is unsupported, using BIOS configuration
[    1.908623] PCI host bridge to bus 0000:fe
[    1.908624] pci_bus 0000:fe: root bus resource [bus fe]
[    1.908656] pci 0000:fe:00.0: [8086:3450] type 00 class 0x088000
[    1.908741] pci 0000:fe:00.1: [8086:3451] type 00 class 0x088000
[    1.908825] pci 0000:fe:00.2: [8086:3452] type 00 class 0x088000
[    1.908906] pci 0000:fe:00.3: [8086:0998] type 00 class 0x060000
[    1.908987] pci 0000:fe:00.5: [8086:3455] type 00 class 0x088000
[    1.909087] pci 0000:fe:02.0: [8086:3440] type 00 class 0x088000
[    1.909230] pci 0000:fe:02.1: [8086:3441] type 00 class 0x088000
[    1.909365] pci 0000:fe:02.2: [8086:3442] type 00 class 0x088000
[    1.909509] pci 0000:fe:03.0: [8086:3440] type 00 class 0x088000
[    1.909616] pci 0000:fe:03.1: [8086:3441] type 00 class 0x088000
[    1.909722] pci 0000:fe:03.2: [8086:3442] type 00 class 0x088000
[    1.909832] pci 0000:fe:04.0: [8086:3440] type 00 class 0x088000
[    1.909979] pci 0000:fe:04.1: [8086:3441] type 00 class 0x088000
[    1.910121] pci 0000:fe:04.2: [8086:3442] type 00 class 0x088000
[    1.910264] pci 0000:fe:04.3: [8086:3443] type 00 class 0x088000
[    1.910420] pci 0000:fe:05.0: [8086:3445] type 00 class 0x088000
[    1.910563] pci 0000:fe:05.1: [8086:3446] type 00 class 0x088000
[    1.910702] pci 0000:fe:05.2: [8086:3447] type 00 class 0x088000
[    1.910856] pci 0000:fe:06.0: [8086:3445] type 00 class 0x088000
[    1.910962] pci 0000:fe:06.1: [8086:3446] type 00 class 0x088000
[    1.911065] pci 0000:fe:06.2: [8086:3447] type 00 class 0x088000
[    1.911189] pci 0000:fe:07.0: [8086:3445] type 00 class 0x088000
[    1.911338] pci 0000:fe:07.1: [8086:3446] type 00 class 0x088000
[    1.911483] pci 0000:fe:07.2: [8086:3447] type 00 class 0x088000
[    1.911637] pci 0000:fe:0b.0: [8086:3448] type 00 class 0x088000
[    1.911727] pci 0000:fe:0b.1: [8086:3448] type 00 class 0x088000
[    1.911819] pci 0000:fe:0b.2: [8086:344b] type 00 class 0x088000
[    1.911926] pci 0000:fe:0c.0: [8086:344a] type 00 class 0x110100
[    1.912055] pci 0000:fe:0d.0: [8086:344a] type 00 class 0x110100
[    1.912170] pci 0000:fe:0e.0: [8086:344a] type 00 class 0x110100
[    1.912343] pci 0000:fe:0f.0: [8086:344a] type 00 class 0x110100
[    1.912537] pci 0000:fe:1a.0: [8086:2880] type 00 class 0x110100
[    1.912663] pci 0000:fe:1b.0: [8086:2880] type 00 class 0x110100
[    1.912774] pci 0000:fe:1c.0: [8086:2880] type 00 class 0x110100
[    1.912956] pci 0000:fe:1d.0: [8086:2880] type 00 class 0x110100
[    1.913117] pci_bus 0000:fe: on NUMA node 1
[    1.913195] ACPI: PCI Root Bridge [UC17] (domain 0000 [bus ff])
[    1.913197] acpi PNP0A03:03: _OSC: OS supports [ExtendedConfig ASPM ClockPM Segments MSI HPX-Type3]
[    1.913364] acpi PNP0A03:03: _OSC: platform does not support [SHPCHotplug AER LTR]
[    1.913534] acpi PNP0A03:03: _OSC: OS now controls [PCIeHotplug PME PCIeCapability]
[    1.913535] acpi PNP0A03:03: FADT indicates ASPM is unsupported, using BIOS configuration
[    1.913671] PCI host bridge to bus 0000:ff
[    1.913672] pci_bus 0000:ff: root bus resource [bus ff]
[    1.913715] pci 0000:ff:00.0: [8086:344c] type 00 class 0x088000
[    1.913849] pci 0000:ff:00.1: [8086:344c] type 00 class 0x088000
[    1.913987] pci 0000:ff:00.2: [8086:344c] type 00 class 0x088000
[    1.914113] pci 0000:ff:00.3: [8086:344c] type 00 class 0x088000
[    1.914260] pci 0000:ff:00.4: [8086:344c] type 00 class 0x088000
[    1.914402] pci 0000:ff:00.5: [8086:344c] type 00 class 0x088000
[    1.914522] pci 0000:ff:00.6: [8086:344c] type 00 class 0x088000
[    1.914680] pci 0000:ff:00.7: [8086:344c] type 00 class 0x088000
[    1.914846] pci 0000:ff:01.0: [8086:344c] type 00 class 0x088000
[    1.915004] pci 0000:ff:01.1: [8086:344c] type 00 class 0x088000
[    1.915154] pci 0000:ff:01.2: [8086:344c] type 00 class 0x088000
[    1.915266] pci 0000:ff:01.3: [8086:344c] type 00 class 0x088000
[    1.915428] pci 0000:ff:01.4: [8086:344c] type 00 class 0x088000
[    1.915591] pci 0000:ff:01.5: [8086:344c] type 00 class 0x088000
[    1.915758] pci 0000:ff:01.6: [8086:344c] type 00 class 0x088000
[    1.915915] pci 0000:ff:01.7: [8086:344c] type 00 class 0x088000
[    1.916086] pci 0000:ff:02.0: [8086:344c] type 00 class 0x088000
[    1.916246] pci 0000:ff:02.1: [8086:344c] type 00 class 0x088000
[    1.916403] pci 0000:ff:02.2: [8086:344c] type 00 class 0x088000
[    1.916567] pci 0000:ff:02.3: [8086:344c] type 00 class 0x088000
[    1.916729] pci 0000:ff:02.4: [8086:344c] type 00 class 0x088000
[    1.916892] pci 0000:ff:02.5: [8086:344c] type 00 class 0x088000
[    1.917067] pci 0000:ff:02.6: [8086:344c] type 00 class 0x088000
[    1.917241] pci 0000:ff:02.7: [8086:344c] type 00 class 0x088000
[    1.917434] pci 0000:ff:03.0: [8086:344c] type 00 class 0x088000
[    1.917612] pci 0000:ff:03.1: [8086:344c] type 00 class 0x088000
[    1.917786] pci 0000:ff:03.2: [8086:344c] type 00 class 0x088000
[    1.917970] pci 0000:ff:03.3: [8086:344c] type 00 class 0x088000
[    1.918175] pci 0000:ff:0a.0: [8086:344d] type 00 class 0x088000
[    1.918304] pci 0000:ff:0a.1: [8086:344d] type 00 class 0x088000
[    1.918442] pci 0000:ff:0a.2: [8086:344d] type 00 class 0x088000
[    1.918572] pci 0000:ff:0a.3: [8086:344d] type 00 class 0x088000
[    1.918718] pci 0000:ff:0a.4: [8086:344d] type 00 class 0x088000
[    1.918860] pci 0000:ff:0a.5: [8086:344d] type 00 class 0x088000
[    1.918981] pci 0000:ff:0a.6: [8086:344d] type 00 class 0x088000
[    1.919132] pci 0000:ff:0a.7: [8086:344d] type 00 class 0x088000
[    1.919298] pci 0000:ff:0b.0: [8086:344d] type 00 class 0x088000
[    1.919457] pci 0000:ff:0b.1: [8086:344d] type 00 class 0x088000
[    1.919607] pci 0000:ff:0b.2: [8086:344d] type 00 class 0x088000
[    1.919722] pci 0000:ff:0b.3: [8086:344d] type 00 class 0x088000
[    1.919888] pci 0000:ff:0b.4: [8086:344d] type 00 class 0x088000
[    1.920051] pci 0000:ff:0b.5: [8086:344d] type 00 class 0x088000
[    1.920218] pci 0000:ff:0b.6: [8086:344d] type 00 class 0x088000
[    1.920370] pci 0000:ff:0b.7: [8086:344d] type 00 class 0x088000
[    1.920543] pci 0000:ff:0c.0: [8086:344d] type 00 class 0x088000
[    1.920702] pci 0000:ff:0c.1: [8086:344d] type 00 class 0x088000
[    1.920860] pci 0000:ff:0c.2: [8086:344d] type 00 class 0x088000
[    1.921029] pci 0000:ff:0c.3: [8086:344d] type 00 class 0x088000
[    1.921190] pci 0000:ff:0c.4: [8086:344d] type 00 class 0x088000
[    1.921353] pci 0000:ff:0c.5: [8086:344d] type 00 class 0x088000
[    1.921522] pci 0000:ff:0c.6: [8086:344d] type 00 class 0x088000
[    1.921691] pci 0000:ff:0c.7: [8086:344d] type 00 class 0x088000
[    1.921883] pci 0000:ff:0d.0: [8086:344d] type 00 class 0x088000
[    1.922061] pci 0000:ff:0d.1: [8086:344d] type 00 class 0x088000
[    1.922235] pci 0000:ff:0d.2: [8086:344d] type 00 class 0x088000
[    1.922424] pci 0000:ff:0d.3: [8086:344d] type 00 class 0x088000
[    1.922639] pci 0000:ff:1d.0: [8086:344f] type 00 class 0x088000
[    1.922777] pci 0000:ff:1d.1: [8086:3457] type 00 class 0x088000
[    1.922927] pci 0000:ff:1e.0: [8086:3458] type 00 class 0x088000
[    1.923024] pci 0000:ff:1e.1: [8086:3459] type 00 class 0x088000
[    1.923116] pci 0000:ff:1e.2: [8086:345a] type 00 class 0x088000
[    1.923206] pci 0000:ff:1e.3: [8086:345b] type 00 class 0x088000
[    1.923298] pci 0000:ff:1e.4: [8086:345c] type 00 class 0x088000
[    1.923394] pci 0000:ff:1e.5: [8086:345d] type 00 class 0x088000
[    1.923484] pci 0000:ff:1e.6: [8086:345e] type 00 class 0x088000
[    1.923574] pci 0000:ff:1e.7: [8086:345f] type 00 class 0x088000
[    1.923649] pci_bus 0000:ff: on NUMA node 1
[    1.928018] iommu: Default domain type: Translated 
[    1.928018] iommu: DMA domain TLB invalidation policy: lazy mode 
[    1.928028] pci 0000:03:00.0: vgaarb: setting as boot VGA device
[    1.928028] pci 0000:03:00.0: vgaarb: VGA device added: decodes=io+mem,owns=io+mem,locks=none
[    1.928061] pci 0000:03:00.0: vgaarb: bridge control possible
[    1.928062] vgaarb: loaded
[    1.928242] SCSI subsystem initialized
[    1.928274] libata version 3.00 loaded.
[    1.928274] ACPI: bus type USB registered
[    1.928274] usbcore: registered new interface driver usbfs
[    1.928274] usbcore: registered new interface driver hub
[    1.928274] usbcore: registered new device driver usb
[    1.928274] pps_core: LinuxPPS API ver. 1 registered
[    1.928274] pps_core: Software ver. 5.3.6 - Copyright 2005-2007 Rodolfo Giometti <giometti@linux.it>
[    1.928274] PTP clock support registered
[    1.928274] EDAC MC: Ver: 3.0.0
[    1.928680] Registered efivars operations
[    1.928680] NetLabel: Initializing
[    1.928680] NetLabel:  domain hash size = 128
[    1.928680] NetLabel:  protocols = UNLABELED CIPSOv4 CALIPSO
[    1.928680] NetLabel:  unlabeled traffic allowed by default
[    1.928680] PCI: Using ACPI for IRQ routing
[    1.929580] PCI: pci_cache_line_size set to 64 bytes
[    1.930132] e820: reserve RAM buffer [mem 0x0008f000-0x0008ffff]
[    1.930134] e820: reserve RAM buffer [mem 0x46cc5020-0x47ffffff]
[    1.930136] e820: reserve RAM buffer [mem 0x46cf7020-0x47ffffff]
[    1.930137] e820: reserve RAM buffer [mem 0x46d2a020-0x47ffffff]
[    1.930138] e820: reserve RAM buffer [mem 0x46d5d020-0x47ffffff]
[    1.930139] e820: reserve RAM buffer [mem 0x49e77000-0x4bffffff]
[    1.930140] e820: reserve RAM buffer [mem 0x4b2cf000-0x4bffffff]
[    1.930142] e820: reserve RAM buffer [mem 0x4bd94000-0x4bffffff]
[    1.930142] e820: reserve RAM buffer [mem 0x4ce00000-0x4fffffff]
[    1.930143] e820: reserve RAM buffer [mem 0x5eefe000-0x5fffffff]
[    1.930144] e820: reserve RAM buffer [mem 0x6f800000-0x6fffffff]
[    1.933289] hpet0: at MMIO 0xfed00000, IRQs 2, 8, 0, 0, 0, 0, 0, 0
[    1.933295] hpet0: 8 comparators, 64-bit 24.000000 MHz counter
[    1.938247] clocksource: Switched to clocksource tsc-early
[    1.944561] VFS: Disk quotas dquot_6.6.0
[    1.944610] VFS: Dquot-cache hash table entries: 512 (order 0, 4096 bytes)
[    1.944758] AppArmor: AppArmor Filesystem Enabled
[    1.944776] pnp: PnP ACPI init
[    1.959991] system 00:01: [io  0x0500-0x05fe] has been reserved
[    1.959994] system 00:01: [io  0x0400-0x041f] has been reserved
[    1.959996] system 00:01: [io  0x0600-0x061f] has been reserved
[    1.959997] system 00:01: [io  0x0ca0-0x0ca1] has been reserved
[    1.959998] system 00:01: [io  0x0ca4-0x0ca6] has been reserved
[    1.960003] system 00:01: [mem 0xff000000-0xffffffff] has been reserved
[    1.960583] system 00:04: [mem 0xfd000000-0xfdabffff] has been reserved
[    1.960585] system 00:04: [mem 0xfdad0000-0xfdadffff] has been reserved
[    1.960586] system 00:04: [mem 0xfdb00000-0xfdffffff] has been reserved
[    1.960588] system 00:04: [mem 0xfe000000-0xfe00ffff] has been reserved
[    1.960589] system 00:04: [mem 0xfe011000-0xfe01ffff] has been reserved
[    1.960591] system 00:04: [mem 0xfe036000-0xfe03bfff] has been reserved
[    1.960592] system 00:04: [mem 0xfe03d000-0xfe3fffff] has been reserved
[    1.960593] system 00:04: [mem 0xfe410000-0xfe7fffff] has been reserved
[    1.960903] system 00:05: [io  0x1000-0x10fe] has been reserved
[    1.961876] pnp: PnP ACPI: found 6 devices
[    1.967473] clocksource: acpi_pm: mask: 0xffffff max_cycles: 0xffffff, max_idle_ns: 2085701024 ns
[    1.967552] NET: Registered PF_INET protocol family
[    1.967902] IP idents hash table entries: 262144 (order: 9, 2097152 bytes, vmalloc)
[    1.970078] tcp_listen_portaddr_hash hash table entries: 16384 (order: 6, 262144 bytes, vmalloc)
[    1.970439] TCP established hash table entries: 262144 (order: 9, 2097152 bytes, vmalloc)
[    1.970831] TCP bind hash table entries: 65536 (order: 8, 1048576 bytes, vmalloc)
[    1.970892] TCP: Hash tables configured (established 262144 bind 65536)
[    1.971093] UDP hash table entries: 16384 (order: 7, 524288 bytes, vmalloc)
[    1.971211] UDP-Lite hash table entries: 16384 (order: 7, 524288 bytes, vmalloc)
[    1.971431] NET: Registered PF_UNIX/PF_LOCAL protocol family
[    1.971437] NET: Registered PF_XDP protocol family
[    1.971443] pci 0000:04:00.0: can't claim BAR 6 [mem 0xfffc0000-0xffffffff pref]: no compatible bridge window
[    1.971447] pci 0000:04:00.1: can't claim BAR 6 [mem 0xfffc0000-0xffffffff pref]: no compatible bridge window
[    1.971448] pci 0000:17:00.0: can't claim BAR 6 [mem 0xfff00000-0xffffffff pref]: no compatible bridge window
[    1.971464] pci 0000:00:1c.5: BAR 14: assigned [mem 0x90000000-0x900fffff]
[    1.971466] pci 0000:00:1c.0: PCI bridge to [bus 01]
[    1.971476] pci 0000:02:00.0: PCI bridge to [bus 03]
[    1.971480] pci 0000:02:00.0:   bridge window [mem 0x92000000-0x928fffff]
[    1.971484] pci 0000:02:00.0:   bridge window [mem 0x91000000-0x91ffffff 64bit pref]
[    1.971490] pci 0000:00:1c.4: PCI bridge to [bus 02-03]
[    1.971494] pci 0000:00:1c.4:   bridge window [mem 0x92000000-0x928fffff]
[    1.971497] pci 0000:00:1c.4:   bridge window [mem 0x91000000-0x91ffffff 64bit pref]
[    1.971502] pci 0000:04:00.0: BAR 6: assigned [mem 0x90000000-0x9003ffff pref]
[    1.971503] pci 0000:04:00.1: BAR 6: assigned [mem 0x90040000-0x9007ffff pref]
[    1.971505] pci 0000:00:1c.5: PCI bridge to [bus 04]
[    1.971508] pci 0000:00:1c.5:   bridge window [mem 0x90000000-0x900fffff]
[    1.971510] pci 0000:00:1c.5:   bridge window [mem 0x92900000-0x929fffff 64bit pref]
[    1.971515] pci_bus 0000:00: resource 4 [io  0x0000-0x0cf7 window]
[    1.971516] pci_bus 0000:00: resource 5 [io  0x1000-0x4fff window]
[    1.971518] pci_bus 0000:00: resource 6 [mem 0x000a0000-0x000bffff window]
[    1.971519] pci_bus 0000:00: resource 7 [mem 0x000c8000-0x000cffff window]
[    1.971520] pci_bus 0000:00: resource 8 [mem 0xfe010000-0xfe010fff window]
[    1.971521] pci_bus 0000:00: resource 9 [mem 0x90000000-0x9b7fffff window]
[    1.971522] pci_bus 0000:00: resource 10 [mem 0x200000000000-0x20ffffffffff window]
[    1.971525] pci_bus 0000:02: resource 1 [mem 0x92000000-0x928fffff]
[    1.971526] pci_bus 0000:02: resource 2 [mem 0x91000000-0x91ffffff 64bit pref]
[    1.971527] pci_bus 0000:03: resource 1 [mem 0x92000000-0x928fffff]
[    1.971528] pci_bus 0000:03: resource 2 [mem 0x91000000-0x91ffffff 64bit pref]
[    1.971529] pci_bus 0000:04: resource 1 [mem 0x90000000-0x900fffff]
[    1.971530] pci_bus 0000:04: resource 2 [mem 0x92900000-0x929fffff 64bit pref]
[    1.971598] pci 0000:17:00.0: BAR 6: no space for [mem size 0x00100000 pref]
[    1.971600] pci 0000:17:00.0: BAR 6: failed to assign [mem size 0x00100000 pref]
[    1.971601] pci 0000:16:02.0: PCI bridge to [bus 17]
[    1.971603] pci 0000:16:02.0:   bridge window [io  0x5000-0x5fff]
[    1.971606] pci 0000:16:02.0:   bridge window [mem 0x9ba00000-0x9bafffff]
[    1.971608] pci 0000:16:02.0:   bridge window [mem 0x9b800000-0x9b9fffff 64bit pref]
[    1.971611] pci_bus 0000:16: resource 4 [io  0x5000-0x6fff window]
[    1.971613] pci_bus 0000:16: resource 5 [mem 0x9b800000-0xa63fffff window]
[    1.971614] pci_bus 0000:16: resource 6 [mem 0x210000000000-0x21ffffffffff window]
[    1.971615] pci_bus 0000:17: resource 0 [io  0x5000-0x5fff]
[    1.971616] pci_bus 0000:17: resource 1 [mem 0x9ba00000-0x9bafffff]
[    1.971617] pci_bus 0000:17: resource 2 [mem 0x9b800000-0x9b9fffff 64bit pref]
[    1.971623] pci_bus 0000:30: resource 4 [io  0x7000-0x8fff window]
[    1.971624] pci_bus 0000:30: resource 5 [mem 0xa6400000-0xb0ffffff window]
[    1.971625] pci_bus 0000:30: resource 6 [mem 0x220000000000-0x22ffffffffff window]
[    1.971631] pci_bus 0000:4a: resource 4 [io  0x9000-0x9fff window]
[    1.971632] pci_bus 0000:4a: resource 5 [mem 0xb1000000-0xbbbfffff window]
[    1.971633] pci_bus 0000:4a: resource 6 [mem 0x230000000000-0x23ffffffffff window]
[    1.971639] pci_bus 0000:64: resource 4 [io  0xa000-0xafff window]
[    1.971640] pci_bus 0000:64: resource 5 [mem 0xbbc00000-0xc5ffffff window]
[    1.971641] pci_bus 0000:64: resource 6 [mem 0x240000000000-0x24ffffffffff window]
[    1.971670] pci_bus 0000:80: resource 4 [io  0xb000-0xbfff window]
[    1.971671] pci_bus 0000:80: resource 5 [mem 0xc6800000-0xd0ffffff window]
[    1.971672] pci_bus 0000:80: resource 6 [mem 0x250000000000-0x25ffffffffff window]
[    1.971678] pci_bus 0000:81: resource 4 [io  0xc000-0xcfff window]
[    1.971679] pci_bus 0000:81: resource 5 [mem 0xd1000000-0xdbbfffff window]
[    1.971680] pci_bus 0000:81: resource 6 [mem 0x260000000000-0x26ffffffffff window]
[    1.971685] pci_bus 0000:82: resource 4 [io  0xd000-0xdfff window]
[    1.971686] pci_bus 0000:82: resource 5 [mem 0xdbc00000-0xe67fffff window]
