[    0.000000] Linux version 5.18.0 (xmu@xmu-PowerEdge-R750) (gcc (Ubuntu 8.4.0-1ubuntu1~18.04) 8.4.0, GNU ld (GNU Binutils for Ubuntu) 2.30) #1 SMP PREEMPT_DYNAMIC Sat Apr 6 15:16:25 CST 2024
[    0.000000] Command line: BOOT_IMAGE=/boot/vmlinuz-5.18.0 root=UUID=ce0c24b8-724b-4f33-9b2c-618433560aef ro memmap=28000M!4096M memmap=59G!64G quiet splash nomodeset vt.handoff=1
[    0.000000] KERNEL supported cpus:
[    0.000000]   Intel GenuineIntel
[    0.000000]   AMD AuthenticAMD
[    0.000000]   Hygon HygonGenuine
[    0.000000]   Centaur CentaurHauls
[    0.000000]   zhaoxin   Shanghai  
[    0.000000] x86/split lock detection: #AC: crashing the kernel on kernel split_locks and warning on user-space split_locks
[    0.000000] x86/fpu: Supporting XSAVE feature 0x001: 'x87 floating point registers'
[    0.000000] x86/fpu: Supporting XSAVE feature 0x002: 'SSE registers'
[    0.000000] x86/fpu: Supporting XSAVE feature 0x004: 'AVX registers'
[    0.000000] x86/fpu: Supporting XSAVE feature 0x020: 'AVX-512 opmask'
[    0.000000] x86/fpu: Supporting XSAVE feature 0x040: 'AVX-512 Hi256'
[    0.000000] x86/fpu: Supporting XSAVE feature 0x080: 'AVX-512 ZMM_Hi256'
[    0.000000] x86/fpu: Supporting XSAVE feature 0x200: 'Protection Keys User registers'
[    0.000000] x86/fpu: xstate_offset[2]:  576, xstate_sizes[2]:  256
[    0.000000] x86/fpu: xstate_offset[5]:  832, xstate_sizes[5]:   64
[    0.000000] x86/fpu: xstate_offset[6]:  896, xstate_sizes[6]:  512
[    0.000000] x86/fpu: xstate_offset[7]: 1408, xstate_sizes[7]: 1024
[    0.000000] x86/fpu: xstate_offset[9]: 2432, xstate_sizes[9]:    8
[    0.000000] x86/fpu: Enabled xstate features 0x2e7, context size is 2440 bytes, using 'compacted' format.
[    0.000000] signal: max sigframe size: 3632
[    0.000000] BIOS-provided physical RAM map:
[    0.000000] BIOS-e820: [mem 0x0000000000000000-0x000000000008efff] usable
[    0.000000] BIOS-e820: [mem 0x000000000008f000-0x000000000008ffff] reserved
[    0.000000] BIOS-e820: [mem 0x0000000000090000-0x000000000009ffff] usable
[    0.000000] BIOS-e820: [mem 0x00000000000a0000-0x00000000000fffff] reserved
[    0.000000] BIOS-e820: [mem 0x0000000000100000-0x0000000049e76fff] usable
[    0.000000] BIOS-e820: [mem 0x0000000049e77000-0x000000004ae76fff] ACPI NVS
[    0.000000] BIOS-e820: [mem 0x000000004ae77000-0x000000004b2cefff] usable
[    0.000000] BIOS-e820: [mem 0x000000004b2cf000-0x000000004b54dfff] ACPI data
[    0.000000] BIOS-e820: [mem 0x000000004b54e000-0x000000004bd93fff] usable
[    0.000000] BIOS-e820: [mem 0x000000004bd94000-0x000000004be99fff] reserved
[    0.000000] BIOS-e820: [mem 0x000000004be9a000-0x000000004cdfffff] usable
[    0.000000] BIOS-e820: [mem 0x000000004ce00000-0x000000004cffffff] reserved
[    0.000000] BIOS-e820: [mem 0x000000004d000000-0x000000005eefdfff] usable
[    0.000000] BIOS-e820: [mem 0x000000005eefe000-0x000000006e3fefff] reserved
[    0.000000] BIOS-e820: [mem 0x000000006e3ff000-0x000000006f3fefff] ACPI NVS
[    0.000000] BIOS-e820: [mem 0x000000006f3ff000-0x000000006f7fefff] ACPI data
[    0.000000] BIOS-e820: [mem 0x000000006f7ff000-0x000000006f7fffff] usable
[    0.000000] BIOS-e820: [mem 0x000000006f800000-0x000000008fffffff] reserved
[    0.000000] BIOS-e820: [mem 0x00000000fe000000-0x00000000fe010fff] reserved
[    0.000000] BIOS-e820: [mem 0x0000000100000000-0x000000207fffffff] usable
[    0.000000] BIOS-e820: [mem 0x0000002080000000-0x0000011c7fffffff] persistent (type 7)
[    0.000000] BIOS-e820: [mem 0x00001ffc00000000-0x00001fffffffffff] reserved
[    0.000000] NX (Execute Disable) protection: active
[    0.000000] e820: update [mem 0x46d5c020-0x46d6405f] usable ==> usable
[    0.000000] e820: update [mem 0x46d5c020-0x46d6405f] usable ==> usable
[    0.000000] e820: update [mem 0x46d29020-0x46d5bc5f] usable ==> usable
[    0.000000] e820: update [mem 0x46d29020-0x46d5bc5f] usable ==> usable
[    0.000000] e820: update [mem 0x46cf6020-0x46d28c5f] usable ==> usable
[    0.000000] e820: update [mem 0x46cf6020-0x46d28c5f] usable ==> usable
[    0.000000] e820: update [mem 0x46cc4020-0x46cf5a5f] usable ==> usable
[    0.000000] e820: update [mem 0x46cc4020-0x46cf5a5f] usable ==> usable
[    0.000000] extended physical RAM map:
[    0.000000] reserve setup_data: [mem 0x0000000000000000-0x000000000008efff] usable
[    0.000000] reserve setup_data: [mem 0x000000000008f000-0x000000000008ffff] reserved
[    0.000000] reserve setup_data: [mem 0x0000000000090000-0x000000000009ffff] usable
[    0.000000] reserve setup_data: [mem 0x00000000000a0000-0x00000000000fffff] reserved
[    0.000000] reserve setup_data: [mem 0x0000000000100000-0x0000000046cc401f] usable
[    0.000000] reserve setup_data: [mem 0x0000000046cc4020-0x0000000046cf5a5f] usable
[    0.000000] reserve setup_data: [mem 0x0000000046cf5a60-0x0000000046cf601f] usable
[    0.000000] reserve setup_data: [mem 0x0000000046cf6020-0x0000000046d28c5f] usable
[    0.000000] reserve setup_data: [mem 0x0000000046d28c60-0x0000000046d2901f] usable
[    0.000000] reserve setup_data: [mem 0x0000000046d29020-0x0000000046d5bc5f] usable
[    0.000000] reserve setup_data: [mem 0x0000000046d5bc60-0x0000000046d5c01f] usable
[    0.000000] reserve setup_data: [mem 0x0000000046d5c020-0x0000000046d6405f] usable
[    0.000000] reserve setup_data: [mem 0x0000000046d64060-0x0000000049e76fff] usable
[    0.000000] reserve setup_data: [mem 0x0000000049e77000-0x000000004ae76fff] ACPI NVS
[    0.000000] reserve setup_data: [mem 0x000000004ae77000-0x000000004b2cefff] usable
[    0.000000] reserve setup_data: [mem 0x000000004b2cf000-0x000000004b54dfff] ACPI data
[    0.000000] reserve setup_data: [mem 0x000000004b54e000-0x000000004bd93fff] usable
[    0.000000] reserve setup_data: [mem 0x000000004bd94000-0x000000004be99fff] reserved
[    0.000000] reserve setup_data: [mem 0x000000004be9a000-0x000000004cdfffff] usable
[    0.000000] reserve setup_data: [mem 0x000000004ce00000-0x000000004cffffff] reserved
[    0.000000] reserve setup_data: [mem 0x000000004d000000-0x000000005eefdfff] usable
[    0.000000] reserve setup_data: [mem 0x000000005eefe000-0x000000006e3fefff] reserved
[    0.000000] reserve setup_data: [mem 0x000000006e3ff000-0x000000006f3fefff] ACPI NVS
[    0.000000] reserve setup_data: [mem 0x000000006f3ff000-0x000000006f7fefff] ACPI data
[    0.000000] reserve setup_data: [mem 0x000000006f7ff000-0x000000006f7fffff] usable
[    0.000000] reserve setup_data: [mem 0x000000006f800000-0x000000008fffffff] reserved
[    0.000000] reserve setup_data: [mem 0x00000000fe000000-0x00000000fe010fff] reserved
[    0.000000] reserve setup_data: [mem 0x0000000100000000-0x00000007d5ffffff] persistent (type 12)
[    0.000000] reserve setup_data: [mem 0x00000007d6000000-0x0000000fffffffff] usable
[    0.000000] reserve setup_data: [mem 0x0000001000000000-0x0000001ebfffffff] persistent (type 12)
[    0.000000] reserve setup_data: [mem 0x0000001ec0000000-0x000000207fffffff] usable
[    0.000000] reserve setup_data: [mem 0x0000002080000000-0x0000011c7fffffff] persistent (type 7)
[    0.000000] reserve setup_data: [mem 0x00001ffc00000000-0x00001fffffffffff] reserved
[    0.000000] user-defined physical RAM map:
[    0.000000] user: [mem 0x0000000000000000-0x000000000008efff] usable
[    0.000000] user: [mem 0x000000000008f000-0x000000000008ffff] reserved
[    0.000000] user: [mem 0x0000000000090000-0x000000000009ffff] usable
[    0.000000] user: [mem 0x00000000000a0000-0x00000000000fffff] reserved
[    0.000000] user: [mem 0x0000000000100000-0x0000000046cc401f] usable
[    0.000000] user: [mem 0x0000000046cc4020-0x0000000046cf5a5f] usable
[    0.000000] user: [mem 0x0000000046cf5a60-0x0000000046cf601f] usable
[    0.000000] user: [mem 0x0000000046cf6020-0x0000000046d28c5f] usable
[    0.000000] user: [mem 0x0000000046d28c60-0x0000000046d2901f] usable
[    0.000000] user: [mem 0x0000000046d29020-0x0000000046d5bc5f] usable
[    0.000000] user: [mem 0x0000000046d5bc60-0x0000000046d5c01f] usable
[    0.000000] user: [mem 0x0000000046d5c020-0x0000000046d6405f] usable
[    0.000000] user: [mem 0x0000000046d64060-0x0000000049e76fff] usable
[    0.000000] user: [mem 0x0000000049e77000-0x000000004ae76fff] ACPI NVS
[    0.000000] user: [mem 0x000000004ae77000-0x000000004b2cefff] usable
[    0.000000] user: [mem 0x000000004b2cf000-0x000000004b54dfff] ACPI data
[    0.000000] user: [mem 0x000000004b54e000-0x000000004bd93fff] usable
[    0.000000] user: [mem 0x000000004bd94000-0x000000004be99fff] reserved
[    0.000000] user: [mem 0x000000004be9a000-0x000000004cdfffff] usable
[    0.000000] user: [mem 0x000000004ce00000-0x000000004cffffff] reserved
[    0.000000] user: [mem 0x000000004d000000-0x000000005eefdfff] usable
[    0.000000] user: [mem 0x000000005eefe000-0x000000006e3fefff] reserved
[    0.000000] user: [mem 0x000000006e3ff000-0x000000006f3fefff] ACPI NVS
[    0.000000] user: [mem 0x000000006f3ff000-0x000000006f7fefff] ACPI data
[    0.000000] user: [mem 0x000000006f7ff000-0x000000006f7fffff] usable
[    0.000000] user: [mem 0x000000006f800000-0x000000008fffffff] reserved
[    0.000000] user: [mem 0x00000000fe000000-0x00000000fe010fff] reserved
[    0.000000] user: [mem 0x0000000100000000-0x00000007d5ffffff] persistent (type 12)
[    0.000000] user: [mem 0x00000007d6000000-0x0000000fffffffff] usable
[    0.000000] user: [mem 0x0000001000000000-0x0000001ebfffffff] persistent (type 12)
[    0.000000] user: [mem 0x0000001ec0000000-0x000000207fffffff] usable
[    0.000000] user: [mem 0x0000002080000000-0x0000011c7fffffff] persistent (type 7)
[    0.000000] user: [mem 0x00001ffc00000000-0x00001fffffffffff] reserved
[    0.000000] efi: EFI v2.70 by Dell Inc.
[    0.000000] efi: ACPI=0x6f7fe000 ACPI 2.0=0x6f7fe014 MEMATTR=0x5b070020 SMBIOS=0x69526000 SMBIOS 3.0=0x69524000 MOKvar=0x5ef81000 RNG=0x5ef8a920 
[    0.000000] efi: seeding entropy pool
[    0.000000] SMBIOS 3.3.0 present.
[    0.000000] DMI: Dell Inc. PowerEdge R750/0K8F35, BIOS 1.10.2 03/03/2023
[    0.000000] tsc: Detected 2000.000 MHz processor
[    0.000009] e820: update [mem 0x00000000-0x00000fff] usable ==> reserved
[    0.000012] e820: remove [mem 0x000a0000-0x000fffff] usable
[    0.000020] last_pfn = 0x2080000 max_arch_pfn = 0x400000000
[    0.000236] x86/PAT: Configuration [0-7]: WB  WC  UC- UC  WB  WP  UC- WT  
[    0.003148] total RAM covered: 2095088M
[    0.003234]  gran_size: 64K 	chunk_size: 64K 	num_reg: 10  	lose cover RAM: 2016G
[    0.003237]  gran_size: 64K 	chunk_size: 128K 	num_reg: 10  	lose cover RAM: 2016G
[    0.003238]  gran_size: 64K 	chunk_size: 256K 	num_reg: 10  	lose cover RAM: 2016G
[    0.003240]  gran_size: 64K 	chunk_size: 512K 	num_reg: 10  	lose cover RAM: 2016G
[    0.003241]  gran_size: 64K 	chunk_size: 1M 	num_reg: 10  	lose cover RAM: 2016G
[    0.003242]  gran_size: 64K 	chunk_size: 2M 	num_reg: 10  	lose cover RAM: 2016G
[    0.003244]  gran_size: 64K 	chunk_size: 4M 	num_reg: 10  	lose cover RAM: 2016G
[    0.003245]  gran_size: 64K 	chunk_size: 8M 	num_reg: 10  	lose cover RAM: 2016G
[    0.003246]  gran_size: 64K 	chunk_size: 16M 	num_reg: 10  	lose cover RAM: 2016G
[    0.003248]  gran_size: 64K 	chunk_size: 32M 	num_reg: 10  	lose cover RAM: 1024G
[    0.003250]  gran_size: 64K 	chunk_size: 64M 	num_reg: 10  	lose cover RAM: 1024G
[    0.003251]  gran_size: 64K 	chunk_size: 128M 	num_reg: 10  	lose cover RAM: 1024G
[    0.003252]  gran_size: 64K 	chunk_size: 256M 	num_reg: 10  	lose cover RAM: 1024G
[    0.003254]  gran_size: 64K 	chunk_size: 512M 	num_reg: 10  	lose cover RAM: 1024G
[    0.003255]  gran_size: 64K 	chunk_size: 1G 	num_reg: 10  	lose cover RAM: 1024G
[    0.003256]  gran_size: 64K 	chunk_size: 2G 	num_reg: 10  	lose cover RAM: 1024G
[    0.003258]  gran_size: 128K 	chunk_size: 128K 	num_reg: 10  	lose cover RAM: 2016G
[    0.003259]  gran_size: 128K 	chunk_size: 256K 	num_reg: 10  	lose cover RAM: 2016G
[    0.003260]  gran_size: 128K 	chunk_size: 512K 	num_reg: 10  	lose cover RAM: 2016G
[    0.003262]  gran_size: 128K 	chunk_size: 1M 	num_reg: 10  	lose cover RAM: 2016G
[    0.003263]  gran_size: 128K 	chunk_size: 2M 	num_reg: 10  	lose cover RAM: 2016G
[    0.003265]  gran_size: 128K 	chunk_size: 4M 	num_reg: 10  	lose cover RAM: 2016G
[    0.003266]  gran_size: 128K 	chunk_size: 8M 	num_reg: 10  	lose cover RAM: 2016G
[    0.003267]  gran_size: 128K 	chunk_size: 16M 	num_reg: 10  	lose cover RAM: 2016G
[    0.003268]  gran_size: 128K 	chunk_size: 32M 	num_reg: 10  	lose cover RAM: 1024G
[    0.003270]  gran_size: 128K 	chunk_size: 64M 	num_reg: 10  	lose cover RAM: 1024G
[    0.003271]  gran_size: 128K 	chunk_size: 128M 	num_reg: 10  	lose cover RAM: 1024G
[    0.003272]  gran_size: 128K 	chunk_size: 256M 	num_reg: 10  	lose cover RAM: 1024G
[    0.003274]  gran_size: 128K 	chunk_size: 512M 	num_reg: 10  	lose cover RAM: 1024G
[    0.003276]  gran_size: 128K 	chunk_size: 1G 	num_reg: 10  	lose cover RAM: 1024G
[    0.003277]  gran_size: 128K 	chunk_size: 2G 	num_reg: 10  	lose cover RAM: 1024G
[    0.003279]  gran_size: 256K 	chunk_size: 256K 	num_reg: 10  	lose cover RAM: 2016G
[    0.003280]  gran_size: 256K 	chunk_size: 512K 	num_reg: 10  	lose cover RAM: 2016G
[    0.003281]  gran_size: 256K 	chunk_size: 1M 	num_reg: 10  	lose cover RAM: 2016G
[    0.003283]  gran_size: 256K 	chunk_size: 2M 	num_reg: 10  	lose cover RAM: 2016G
[    0.003284]  gran_size: 256K 	chunk_size: 4M 	num_reg: 10  	lose cover RAM: 2016G
[    0.003286]  gran_size: 256K 	chunk_size: 8M 	num_reg: 10  	lose cover RAM: 2016G
[    0.003287]  gran_size: 256K 	chunk_size: 16M 	num_reg: 10  	lose cover RAM: 2016G
[    0.003288]  gran_size: 256K 	chunk_size: 32M 	num_reg: 10  	lose cover RAM: 1024G
[    0.003290]  gran_size: 256K 	chunk_size: 64M 	num_reg: 10  	lose cover RAM: 1024G
[    0.003291]  gran_size: 256K 	chunk_size: 128M 	num_reg: 10  	lose cover RAM: 1024G
[    0.003292]  gran_size: 256K 	chunk_size: 256M 	num_reg: 10  	lose cover RAM: 1024G
[    0.003293]  gran_size: 256K 	chunk_size: 512M 	num_reg: 10  	lose cover RAM: 1024G
[    0.003295]  gran_size: 256K 	chunk_size: 1G 	num_reg: 10  	lose cover RAM: 1024G
[    0.003296]  gran_size: 256K 	chunk_size: 2G 	num_reg: 10  	lose cover RAM: 1024G
[    0.003297]  gran_size: 512K 	chunk_size: 512K 	num_reg: 10  	lose cover RAM: 2016G
[    0.003299]  gran_size: 512K 	chunk_size: 1M 	num_reg: 10  	lose cover RAM: 2016G
[    0.003300]  gran_size: 512K 	chunk_size: 2M 	num_reg: 10  	lose cover RAM: 2016G
[    0.003301]  gran_size: 512K 	chunk_size: 4M 	num_reg: 10  	lose cover RAM: 2016G
[    0.003303]  gran_size: 512K 	chunk_size: 8M 	num_reg: 10  	lose cover RAM: 2016G
[    0.003304]  gran_size: 512K 	chunk_size: 16M 	num_reg: 10  	lose cover RAM: 2016G
[    0.003305]  gran_size: 512K 	chunk_size: 32M 	num_reg: 10  	lose cover RAM: 1024G
[    0.003307]  gran_size: 512K 	chunk_size: 64M 	num_reg: 10  	lose cover RAM: 1024G
[    0.003308]  gran_size: 512K 	chunk_size: 128M 	num_reg: 10  	lose cover RAM: 1024G
[    0.003309]  gran_size: 512K 	chunk_size: 256M 	num_reg: 10  	lose cover RAM: 1024G
[    0.003311]  gran_size: 512K 	chunk_size: 512M 	num_reg: 10  	lose cover RAM: 1024G
[    0.003312]  gran_size: 512K 	chunk_size: 1G 	num_reg: 10  	lose cover RAM: 1024G
[    0.003314]  gran_size: 512K 	chunk_size: 2G 	num_reg: 10  	lose cover RAM: 1024G
[    0.003315]  gran_size: 1M 	chunk_size: 1M 	num_reg: 10  	lose cover RAM: 2016G
[    0.003316]  gran_size: 1M 	chunk_size: 2M 	num_reg: 10  	lose cover RAM: 2016G
[    0.003318]  gran_size: 1M 	chunk_size: 4M 	num_reg: 10  	lose cover RAM: 2016G
[    0.003319]  gran_size: 1M 	chunk_size: 8M 	num_reg: 10  	lose cover RAM: 2016G
[    0.003320]  gran_size: 1M 	chunk_size: 16M 	num_reg: 10  	lose cover RAM: 2016G
[    0.003322]  gran_size: 1M 	chunk_size: 32M 	num_reg: 10  	lose cover RAM: 1024G
[    0.003323]  gran_size: 1M 	chunk_size: 64M 	num_reg: 10  	lose cover RAM: 1024G
[    0.003324]  gran_size: 1M 	chunk_size: 128M 	num_reg: 10  	lose cover RAM: 1024G
[    0.003326]  gran_size: 1M 	chunk_size: 256M 	num_reg: 10  	lose cover RAM: 1024G
[    0.003327]  gran_size: 1M 	chunk_size: 512M 	num_reg: 10  	lose cover RAM: 1024G
[    0.003328]  gran_size: 1M 	chunk_size: 1G 	num_reg: 10  	lose cover RAM: 1024G
[    0.003330]  gran_size: 1M 	chunk_size: 2G 	num_reg: 10  	lose cover RAM: 1024G
[    0.003331]  gran_size: 2M 	chunk_size: 2M 	num_reg: 10  	lose cover RAM: 2016G
[    0.003332]  gran_size: 2M 	chunk_size: 4M 	num_reg: 10  	lose cover RAM: 2016G
[    0.003333]  gran_size: 2M 	chunk_size: 8M 	num_reg: 10  	lose cover RAM: 2016G
[    0.003335]  gran_size: 2M 	chunk_size: 16M 	num_reg: 10  	lose cover RAM: 2016G
[    0.003336]  gran_size: 2M 	chunk_size: 32M 	num_reg: 10  	lose cover RAM: 1024G
[    0.003337]  gran_size: 2M 	chunk_size: 64M 	num_reg: 10  	lose cover RAM: 1024G
[    0.003339]  gran_size: 2M 	chunk_size: 128M 	num_reg: 10  	lose cover RAM: 1024G
[    0.003340]  gran_size: 2M 	chunk_size: 256M 	num_reg: 10  	lose cover RAM: 1024G
[    0.003342]  gran_size: 2M 	chunk_size: 512M 	num_reg: 10  	lose cover RAM: 1024G
[    0.003343]  gran_size: 2M 	chunk_size: 1G 	num_reg: 10  	lose cover RAM: 1024G
[    0.003345]  gran_size: 2M 	chunk_size: 2G 	num_reg: 10  	lose cover RAM: 1024G
[    0.003346]  gran_size: 4M 	chunk_size: 4M 	num_reg: 10  	lose cover RAM: 2016G
[    0.003347]  gran_size: 4M 	chunk_size: 8M 	num_reg: 10  	lose cover RAM: 2016G
[    0.003349]  gran_size: 4M 	chunk_size: 16M 	num_reg: 10  	lose cover RAM: 2016G
[    0.003350]  gran_size: 4M 	chunk_size: 32M 	num_reg: 10  	lose cover RAM: 1024G
[    0.003351]  gran_size: 4M 	chunk_size: 64M 	num_reg: 10  	lose cover RAM: 1024G
[    0.003353]  gran_size: 4M 	chunk_size: 128M 	num_reg: 10  	lose cover RAM: 1024G
[    0.003354]  gran_size: 4M 	chunk_size: 256M 	num_reg: 10  	lose cover RAM: 1024G
[    0.003355]  gran_size: 4M 	chunk_size: 512M 	num_reg: 10  	lose cover RAM: 1024G
[    0.003357]  gran_size: 4M 	chunk_size: 1G 	num_reg: 10  	lose cover RAM: 1024G
[    0.003358]  gran_size: 4M 	chunk_size: 2G 	num_reg: 10  	lose cover RAM: 1024G
[    0.003359]  gran_size: 8M 	chunk_size: 8M 	num_reg: 10  	lose cover RAM: 2016G
[    0.003360]  gran_size: 8M 	chunk_size: 16M 	num_reg: 10  	lose cover RAM: 2016G
[    0.003362]  gran_size: 8M 	chunk_size: 32M 	num_reg: 10  	lose cover RAM: 1024G
[    0.003363]  gran_size: 8M 	chunk_size: 64M 	num_reg: 10  	lose cover RAM: 1024G
[    0.003364]  gran_size: 8M 	chunk_size: 128M 	num_reg: 10  	lose cover RAM: 1024G
[    0.003366]  gran_size: 8M 	chunk_size: 256M 	num_reg: 10  	lose cover RAM: 1024G
[    0.003367]  gran_size: 8M 	chunk_size: 512M 	num_reg: 10  	lose cover RAM: 1024G
[    0.003368]  gran_size: 8M 	chunk_size: 1G 	num_reg: 10  	lose cover RAM: 1024G
[    0.003370]  gran_size: 8M 	chunk_size: 2G 	num_reg: 10  	lose cover RAM: 1024G
[    0.003371]  gran_size: 16M 	chunk_size: 16M 	num_reg: 10  	lose cover RAM: 2016G
[    0.003372]  gran_size: 16M 	chunk_size: 32M 	num_reg: 10  	lose cover RAM: 1024G
[    0.003373]  gran_size: 16M 	chunk_size: 64M 	num_reg: 10  	lose cover RAM: 1024G
[    0.003375]  gran_size: 16M 	chunk_size: 128M 	num_reg: 10  	lose cover RAM: 1024G
[    0.003376]  gran_size: 16M 	chunk_size: 256M 	num_reg: 10  	lose cover RAM: 1024G
[    0.003378]  gran_size: 16M 	chunk_size: 512M 	num_reg: 10  	lose cover RAM: 1024G
[    0.003379]  gran_size: 16M 	chunk_size: 1G 	num_reg: 10  	lose cover RAM: 1024G
[    0.003381]  gran_size: 16M 	chunk_size: 2G 	num_reg: 10  	lose cover RAM: 1024G
[    0.003382]  gran_size: 32M 	chunk_size: 32M 	num_reg: 10  	lose cover RAM: 2031632M
[    0.003384]  gran_size: 32M 	chunk_size: 64M 	num_reg: 10  	lose cover RAM: 1048592M
[    0.003385]  gran_size: 32M 	chunk_size: 128M 	num_reg: 10  	lose cover RAM: 1048592M
[    0.003386]  gran_size: 32M 	chunk_size: 256M 	num_reg: 10  	lose cover RAM: 1048592M
[    0.003388]  gran_size: 32M 	chunk_size: 512M 	num_reg: 10  	lose cover RAM: 1048592M
[    0.003389]  gran_size: 32M 	chunk_size: 1G 	num_reg: 10  	lose cover RAM: 1048592M
[    0.003390]  gran_size: 32M 	chunk_size: 2G 	num_reg: 10  	lose cover RAM: 1048592M
[    0.003392]  gran_size: 64M 	chunk_size: 64M 	num_reg: 10  	lose cover RAM: 1966128M
[    0.003393]  gran_size: 64M 	chunk_size: 128M 	num_reg: 10  	lose cover RAM: 1048624M
[    0.003394]  gran_size: 64M 	chunk_size: 256M 	num_reg: 10  	lose cover RAM: 1048624M
[    0.003396]  gran_size: 64M 	chunk_size: 512M 	num_reg: 10  	lose cover RAM: 1048624M
[    0.003397]  gran_size: 64M 	chunk_size: 1G 	num_reg: 10  	lose cover RAM: 1048624M
[    0.003398]  gran_size: 64M 	chunk_size: 2G 	num_reg: 10  	lose cover RAM: 1048624M
[    0.003400]  gran_size: 128M 	chunk_size: 128M 	num_reg: 10  	lose cover RAM: 1835120M
[    0.003401]  gran_size: 128M 	chunk_size: 256M 	num_reg: 10  	lose cover RAM: 1048688M
[    0.003403]  gran_size: 128M 	chunk_size: 512M 	num_reg: 10  	lose cover RAM: 1048688M
[    0.003404]  gran_size: 128M 	chunk_size: 1G 	num_reg: 10  	lose cover RAM: 1048688M
[    0.003406]  gran_size: 128M 	chunk_size: 2G 	num_reg: 10  	lose cover RAM: 1048688M
[    0.003407]  gran_size: 256M 	chunk_size: 256M 	num_reg: 10  	lose cover RAM: 1573104M
[    0.003409]  gran_size: 256M 	chunk_size: 512M 	num_reg: 10  	lose cover RAM: 1048816M
[    0.003410]  gran_size: 256M 	chunk_size: 1G 	num_reg: 10  	lose cover RAM: 1048816M
[    0.003411]  gran_size: 256M 	chunk_size: 2G 	num_reg: 10  	lose cover RAM: 1048816M
[    0.003413]  gran_size: 512M 	chunk_size: 512M 	num_reg: 10  	lose cover RAM: 1049072M
[    0.003414]  gran_size: 512M 	chunk_size: 1G 	num_reg: 10  	lose cover RAM: 1049072M
[    0.003415]  gran_size: 512M 	chunk_size: 2G 	num_reg: 10  	lose cover RAM: 1049072M
[    0.003417]  gran_size: 1G 	chunk_size: 1G 	num_reg: 10  	lose cover RAM: 1008M
[    0.003418]  gran_size: 1G 	chunk_size: 2G 	num_reg: 10  	lose cover RAM: 1008M
[    0.003419]  gran_size: 2G 	chunk_size: 2G 	num_reg: 9  	lose cover RAM: 2032M
[    0.003421] mtrr_cleanup: can not find optimal value
[    0.003422] please specify mtrr_gran_size/mtrr_chunk_size
[    0.003424] e820: update [mem 0x7f000000-0xffffffff] usable ==> reserved
[    0.003428] x2apic: enabled by BIOS, switching to x2apic ops
[    0.003428] last_pfn = 0x6f800 max_arch_pfn = 0x400000000
[    0.014854] Using GB pages for direct mapping
[    0.016303] Secure boot disabled
[    0.016303] RAMDISK: [mem 0x205de61000-0x207fffffff]
[    0.016309] ACPI: Early table checksum verification disabled
[    0.016311] ACPI: RSDP 0x000000006F7FE014 000024 (v02 DELL  )
[    0.016315] ACPI: XSDT 0x000000006F41C188 0000F4 (v01 DELL   PE_SC3   00000000 DELL 01000013)
[    0.016322] ACPI: FACP 0x000000006F430000 000114 (v06 DELL   PE_SC3   00000000 DELL 00000001)
[    0.016327] ACPI: DSDT 0x000000004B4CE000 07FAD3 (v02 DELL   PE_SC3   00000003 DELL 00000001)
[    0.016331] ACPI: FACS 0x000000006F2F2000 000040
[    0.016334] ACPI: SSDT 0x000000006F7FB000 00159A (v02 INTEL  RAS_ACPI 00000001 INTL 20210331)
[    0.016338] ACPI: SSDT 0x000000006F7FA000 000745 (v02 INTEL  ADDRXLAT 00000001 INTL 20210331)
[    0.016341] ACPI: MCEJ 0x000000006F7F9000 000130 (v01 INTEL           00000001 INTL 0100000D)
[    0.016345] ACPI: BERT 0x000000006F7F8000 000030 (v01 DELL   PE_SC3   00000001 INTL 00000001)
[    0.016348] ACPI: ERST 0x000000006F7F7000 000230 (v01 DELL   PE_SC3   00000001 INTL 00000001)
[    0.016351] ACPI: SSDT 0x000000006F431000 3C524E (v02 INTEL  SSDTNVDR 00001000 INTL 20210331)
[    0.016355] ACPI: HMAT 0x000000006F42F000 000210 (v01 DELL   PE_SC3   00000001 DELL 00000001)
[    0.016358] ACPI: HPET 0x000000006F42E000 000038 (v01 DELL   PE_SC3   00000001 DELL 00000001)
[    0.016361] ACPI: MCFG 0x000000006F42D000 00003C (v01 DELL   PE_SC3   00000001 DELL 00000001)
[    0.016365] ACPI: MIGT 0x000000006F42C000 000040 (v01 DELL   PE_SC3   00000000 DELL 00000001)
[    0.016368] ACPI: MSCT 0x000000006F42B000 000090 (v01 DELL   PE_SC3   00000001 DELL 00000001)
[    0.016371] ACPI: PMTT 0x000000006F429000 0011E8 (v02 DELL   PE_SC3   00000001 DELL 00000001)
[    0.016375] ACPI: WSMT 0x000000006F428000 000028 (v01 DELL   PE_SC3   00000000 DELL 00000001)
[    0.016378] ACPI: APIC 0x000000006F427000 00075E (v04 DELL   PE_SC3   00000000 DELL 00000001)
[    0.016381] ACPI: SLIT 0x000000006F426000 00003C (v01 DELL   PE_SC3   00000001 DELL 01000013)
[    0.016385] ACPI: SRAT 0x000000006F41F000 006430 (v03 DELL   PE_SC3   00000002 DELL 01000013)
[    0.016388] ACPI: OEM4 0x000000004B346000 187A61 (v02 INTEL  CPU  CST 00003000 INTL 20210331)
[    0.016392] ACPI: SSDT 0x000000004B2CF000 0764A5 (v02 INTEL  SSDT  PM 00004000 INTL 20210331)
[    0.016395] ACPI: SSDT 0x000000006F41E000 000A1F (v02 DELL   PE_SC3   00000000 DELL 00000001)
[    0.016398] ACPI: HEST 0x000000006F41D000 00017C (v01 DELL   PE_SC3   00000001 INTL 00000001)
[    0.016402] ACPI: PCAT 0x000000006F41B000 00010C (v19 DELL   PE_SC3   00000002 DELL 00000001)
[    0.016405] ACPI: SSDT 0x000000006F413000 007299 (v02 INTEL  SpsNm    00000002 INTL 20210331)
[    0.016409] ACPI: SSDT 0x000000006F412000 000426 (v02 DELL   PE_SC3   00000002 DELL 00000001)
[    0.016412] ACPI: NFIT 0x000000006F7FD000 000488 (v01 DELL   PE_SC3   00000002 DELL 00000001)
[    0.016415] ACPI: DMAR 0x000000006F411000 000158 (v01 DELL   PE_SC3   00000001 DELL 00000001)
[    0.016418] ACPI: Reserving FACP table memory at [mem 0x6f430000-0x6f430113]
[    0.016419] ACPI: Reserving DSDT table memory at [mem 0x4b4ce000-0x4b54dad2]
[    0.016420] ACPI: Reserving FACS table memory at [mem 0x6f2f2000-0x6f2f203f]
[    0.016421] ACPI: Reserving SSDT table memory at [mem 0x6f7fb000-0x6f7fc599]
[    0.016422] ACPI: Reserving SSDT table memory at [mem 0x6f7fa000-0x6f7fa744]
[    0.016423] ACPI: Reserving MCEJ table memory at [mem 0x6f7f9000-0x6f7f912f]
[    0.016424] ACPI: Reserving BERT table memory at [mem 0x6f7f8000-0x6f7f802f]
[    0.016425] ACPI: Reserving ERST table memory at [mem 0x6f7f7000-0x6f7f722f]
[    0.016426] ACPI: Reserving SSDT table memory at [mem 0x6f431000-0x6f7f624d]
[    0.016427] ACPI: Reserving HMAT table memory at [mem 0x6f42f000-0x6f42f20f]
[    0.016428] ACPI: Reserving HPET table memory at [mem 0x6f42e000-0x6f42e037]
[    0.016429] ACPI: Reserving MCFG table memory at [mem 0x6f42d000-0x6f42d03b]
[    0.016430] ACPI: Reserving MIGT table memory at [mem 0x6f42c000-0x6f42c03f]
[    0.016430] ACPI: Reserving MSCT table memory at [mem 0x6f42b000-0x6f42b08f]
[    0.016431] ACPI: Reserving PMTT table memory at [mem 0x6f429000-0x6f42a1e7]
[    0.016432] ACPI: Reserving WSMT table memory at [mem 0x6f428000-0x6f428027]
[    0.016433] ACPI: Reserving APIC table memory at [mem 0x6f427000-0x6f42775d]
[    0.016434] ACPI: Reserving SLIT table memory at [mem 0x6f426000-0x6f42603b]
[    0.016435] ACPI: Reserving SRAT table memory at [mem 0x6f41f000-0x6f42542f]
[    0.016436] ACPI: Reserving OEM4 table memory at [mem 0x4b346000-0x4b4cda60]
[    0.016437] ACPI: Reserving SSDT table memory at [mem 0x4b2cf000-0x4b3454a4]
[    0.016438] ACPI: Reserving SSDT table memory at [mem 0x6f41e000-0x6f41ea1e]
[    0.016439] ACPI: Reserving HEST table memory at [mem 0x6f41d000-0x6f41d17b]
[    0.016440] ACPI: Reserving PCAT table memory at [mem 0x6f41b000-0x6f41b10b]
[    0.016441] ACPI: Reserving SSDT table memory at [mem 0x6f413000-0x6f41a298]
[    0.016442] ACPI: Reserving SSDT table memory at [mem 0x6f412000-0x6f412425]
[    0.016443] ACPI: Reserving NFIT table memory at [mem 0x6f7fd000-0x6f7fd487]
[    0.016444] ACPI: Reserving DMAR table memory at [mem 0x6f411000-0x6f411157]
[    0.016454] Setting APIC routing to cluster x2apic.
[    0.016503] SRAT: PXM 0 -> APIC 0x0000 -> Node 0
[    0.016505] SRAT: PXM 0 -> APIC 0x0001 -> Node 0
[    0.016505] SRAT: PXM 0 -> APIC 0x0002 -> Node 0
[    0.016506] SRAT: PXM 0 -> APIC 0x0003 -> Node 0
[    0.016507] SRAT: PXM 0 -> APIC 0x0004 -> Node 0
[    0.016508] SRAT: PXM 0 -> APIC 0x0005 -> Node 0
[    0.016508] SRAT: PXM 0 -> APIC 0x0006 -> Node 0
[    0.016509] SRAT: PXM 0 -> APIC 0x0007 -> Node 0
[    0.016510] SRAT: PXM 0 -> APIC 0x0008 -> Node 0
[    0.016510] SRAT: PXM 0 -> APIC 0x0009 -> Node 0
[    0.016511] SRAT: PXM 0 -> APIC 0x000a -> Node 0
[    0.016512] SRAT: PXM 0 -> APIC 0x000b -> Node 0
[    0.016513] SRAT: PXM 0 -> APIC 0x000c -> Node 0
[    0.016513] SRAT: PXM 0 -> APIC 0x000d -> Node 0
[    0.016514] SRAT: PXM 0 -> APIC 0x000e -> Node 0
[    0.016515] SRAT: PXM 0 -> APIC 0x000f -> Node 0
[    0.016516] SRAT: PXM 0 -> APIC 0x0010 -> Node 0
[    0.016517] SRAT: PXM 0 -> APIC 0x0011 -> Node 0
[    0.016518] SRAT: PXM 0 -> APIC 0x0012 -> Node 0
[    0.016518] SRAT: PXM 0 -> APIC 0x0013 -> Node 0
[    0.016519] SRAT: PXM 0 -> APIC 0x0014 -> Node 0
[    0.016520] SRAT: PXM 0 -> APIC 0x0015 -> Node 0
[    0.016520] SRAT: PXM 0 -> APIC 0x0016 -> Node 0
[    0.016521] SRAT: PXM 0 -> APIC 0x0017 -> Node 0
[    0.016522] SRAT: PXM 0 -> APIC 0x0018 -> Node 0
[    0.016522] SRAT: PXM 0 -> APIC 0x0019 -> Node 0
[    0.016523] SRAT: PXM 0 -> APIC 0x001a -> Node 0
[    0.016524] SRAT: PXM 0 -> APIC 0x001b -> Node 0
[    0.016524] SRAT: PXM 0 -> APIC 0x001c -> Node 0
[    0.016525] SRAT: PXM 0 -> APIC 0x001d -> Node 0
[    0.016526] SRAT: PXM 0 -> APIC 0x001e -> Node 0
[    0.016526] SRAT: PXM 0 -> APIC 0x001f -> Node 0
[    0.016527] SRAT: PXM 0 -> APIC 0x0020 -> Node 0
[    0.016528] SRAT: PXM 0 -> APIC 0x0021 -> Node 0
[    0.016528] SRAT: PXM 0 -> APIC 0x0022 -> Node 0
[    0.016529] SRAT: PXM 0 -> APIC 0x0023 -> Node 0
[    0.016530] SRAT: PXM 0 -> APIC 0x0024 -> Node 0
[    0.016530] SRAT: PXM 0 -> APIC 0x0025 -> Node 0
[    0.016531] SRAT: PXM 0 -> APIC 0x0026 -> Node 0
[    0.016532] SRAT: PXM 0 -> APIC 0x0027 -> Node 0
[    0.016532] SRAT: PXM 0 -> APIC 0x0028 -> Node 0
[    0.016533] SRAT: PXM 0 -> APIC 0x0029 -> Node 0
[    0.016533] SRAT: PXM 0 -> APIC 0x002a -> Node 0
[    0.016534] SRAT: PXM 0 -> APIC 0x002b -> Node 0
[    0.016535] SRAT: PXM 0 -> APIC 0x002c -> Node 0
[    0.016536] SRAT: PXM 0 -> APIC 0x002d -> Node 0
[    0.016536] SRAT: PXM 0 -> APIC 0x002e -> Node 0
[    0.016537] SRAT: PXM 0 -> APIC 0x002f -> Node 0
[    0.016538] SRAT: PXM 0 -> APIC 0x0030 -> Node 0
[    0.016538] SRAT: PXM 0 -> APIC 0x0031 -> Node 0
[    0.016539] SRAT: PXM 0 -> APIC 0x0032 -> Node 0
[    0.016540] SRAT: PXM 0 -> APIC 0x0033 -> Node 0
[    0.016540] SRAT: PXM 0 -> APIC 0x0034 -> Node 0
[    0.016541] SRAT: PXM 0 -> APIC 0x0035 -> Node 0
[    0.016541] SRAT: PXM 0 -> APIC 0x0036 -> Node 0
[    0.016542] SRAT: PXM 0 -> APIC 0x0037 -> Node 0
[    0.016543] SRAT: PXM 1 -> APIC 0x0080 -> Node 1
[    0.016544] SRAT: PXM 1 -> APIC 0x0081 -> Node 1
[    0.016544] SRAT: PXM 1 -> APIC 0x0082 -> Node 1
[    0.016545] SRAT: PXM 1 -> APIC 0x0083 -> Node 1
[    0.016546] SRAT: PXM 1 -> APIC 0x0084 -> Node 1
[    0.016547] SRAT: PXM 1 -> APIC 0x0085 -> Node 1
[    0.016548] SRAT: PXM 1 -> APIC 0x0086 -> Node 1
[    0.016548] SRAT: PXM 1 -> APIC 0x0087 -> Node 1
[    0.016549] SRAT: PXM 1 -> APIC 0x0088 -> Node 1
[    0.016550] SRAT: PXM 1 -> APIC 0x0089 -> Node 1
[    0.016551] SRAT: PXM 1 -> APIC 0x008a -> Node 1
[    0.016551] SRAT: PXM 1 -> APIC 0x008b -> Node 1
[    0.016552] SRAT: PXM 1 -> APIC 0x008c -> Node 1
[    0.016553] SRAT: PXM 1 -> APIC 0x008d -> Node 1
[    0.016553] SRAT: PXM 1 -> APIC 0x008e -> Node 1
[    0.016554] SRAT: PXM 1 -> APIC 0x008f -> Node 1
[    0.016555] SRAT: PXM 1 -> APIC 0x0090 -> Node 1
[    0.016555] SRAT: PXM 1 -> APIC 0x0091 -> Node 1
[    0.016556] SRAT: PXM 1 -> APIC 0x0092 -> Node 1
[    0.016556] SRAT: PXM 1 -> APIC 0x0093 -> Node 1
[    0.016557] SRAT: PXM 1 -> APIC 0x0094 -> Node 1
[    0.016558] SRAT: PXM 1 -> APIC 0x0095 -> Node 1
[    0.016558] SRAT: PXM 1 -> APIC 0x0096 -> Node 1
[    0.016559] SRAT: PXM 1 -> APIC 0x0097 -> Node 1
[    0.016560] SRAT: PXM 1 -> APIC 0x0098 -> Node 1
[    0.016560] SRAT: PXM 1 -> APIC 0x0099 -> Node 1
[    0.016561] SRAT: PXM 1 -> APIC 0x009a -> Node 1
[    0.016562] SRAT: PXM 1 -> APIC 0x009b -> Node 1
[    0.016562] SRAT: PXM 1 -> APIC 0x009c -> Node 1
[    0.016563] SRAT: PXM 1 -> APIC 0x009d -> Node 1
[    0.016564] SRAT: PXM 1 -> APIC 0x009e -> Node 1
[    0.016564] SRAT: PXM 1 -> APIC 0x009f -> Node 1
[    0.016565] SRAT: PXM 1 -> APIC 0x00a0 -> Node 1
[    0.016566] SRAT: PXM 1 -> APIC 0x00a1 -> Node 1
[    0.016566] SRAT: PXM 1 -> APIC 0x00a2 -> Node 1
[    0.016567] SRAT: PXM 1 -> APIC 0x00a3 -> Node 1
[    0.016568] SRAT: PXM 1 -> APIC 0x00a4 -> Node 1
[    0.016568] SRAT: PXM 1 -> APIC 0x00a5 -> Node 1
[    0.016569] SRAT: PXM 1 -> APIC 0x00a6 -> Node 1
[    0.016570] SRAT: PXM 1 -> APIC 0x00a7 -> Node 1
[    0.016570] SRAT: PXM 1 -> APIC 0x00a8 -> Node 1
[    0.016571] SRAT: PXM 1 -> APIC 0x00a9 -> Node 1
[    0.016572] SRAT: PXM 1 -> APIC 0x00aa -> Node 1
[    0.016572] SRAT: PXM 1 -> APIC 0x00ab -> Node 1
[    0.016573] SRAT: PXM 1 -> APIC 0x00ac -> Node 1
[    0.016573] SRAT: PXM 1 -> APIC 0x00ad -> Node 1
[    0.016574] SRAT: PXM 1 -> APIC 0x00ae -> Node 1
[    0.016575] SRAT: PXM 1 -> APIC 0x00af -> Node 1
[    0.016575] SRAT: PXM 1 -> APIC 0x00b0 -> Node 1
[    0.016576] SRAT: PXM 1 -> APIC 0x00b1 -> Node 1
[    0.016577] SRAT: PXM 1 -> APIC 0x00b2 -> Node 1
[    0.016578] SRAT: PXM 1 -> APIC 0x00b3 -> Node 1
[    0.016579] SRAT: PXM 1 -> APIC 0x00b4 -> Node 1
[    0.016580] SRAT: PXM 1 -> APIC 0x00b5 -> Node 1
[    0.016581] SRAT: PXM 1 -> APIC 0x00b6 -> Node 1
[    0.016581] SRAT: PXM 1 -> APIC 0x00b7 -> Node 1
[    0.016595] ACPI: SRAT: Node 0 PXM 0 [mem 0x00000000-0x7fffffff]
[    0.016597] ACPI: SRAT: Node 0 PXM 0 [mem 0x100000000-0x107fffffff]
[    0.016598] ACPI: SRAT: Node 2 PXM 2 [mem 0x2080000000-0x9e7fffffff] non-volatile
[    0.016600] ACPI: SRAT: Node 1 PXM 1 [mem 0x1080000000-0x207fffffff]
[    0.016601] ACPI: SRAT: Node 3 PXM 3 [mem 0x9e80000000-0x11c7fffffff] non-volatile
[    0.016610] NUMA: Initialized distance table, cnt=4
[    0.016614] NUMA: Node 0 [mem 0x00000000-0x7fffffff] + [mem 0x100000000-0x107fffffff] -> [mem 0x00000000-0x107fffffff]
[    0.016623] NODE_DATA(0) allocated [mem 0xffffd5000-0xfffffffff]
[    0.016641] NODE_DATA(1) allocated [mem 0x205de33000-0x205de5dfff]
[    0.016825] Zone ranges:
[    0.016826]   DMA      [mem 0x0000000000001000-0x0000000000ffffff]
[    0.016828]   DMA32    [mem 0x0000000001000000-0x00000000ffffffff]
[    0.016830]   Normal   [mem 0x0000000100000000-0x000000207fffffff]
[    0.016831]   Device   empty
[    0.016832] Movable zone start for each node
[    0.016836] Early memory node ranges
[    0.016836]   node   0: [mem 0x0000000000001000-0x000000000008efff]
[    0.016838]   node   0: [mem 0x0000000000090000-0x000000000009ffff]
[    0.016839]   node   0: [mem 0x0000000000100000-0x0000000049e76fff]
[    0.016840]   node   0: [mem 0x000000004ae77000-0x000000004b2cefff]
[    0.016841]   node   0: [mem 0x000000004b54e000-0x000000004bd93fff]
[    0.016842]   node   0: [mem 0x000000004be9a000-0x000000004cdfffff]
[    0.016843]   node   0: [mem 0x000000004d000000-0x000000005eefdfff]
[    0.016843]   node   0: [mem 0x000000006f7ff000-0x000000006f7fffff]
[    0.016844]   node   0: [mem 0x00000007d6000000-0x0000000fffffffff]
[    0.016847]   node   1: [mem 0x0000001ec0000000-0x000000207fffffff]
[    0.016848] Initmem setup node 0 [mem 0x0000000000001000-0x0000000fffffffff]
[    0.016851] Initmem setup node 1 [mem 0x0000001ec0000000-0x000000207fffffff]
[    0.016853] Initializing node 2 as memoryless
[    0.016875] Initmem setup node 2 as memoryless
[    0.016876] Initializing node 3 as memoryless
[    0.016900] Initmem setup node 3 as memoryless
[    0.016902] On node 0, zone DMA: 1 pages in unavailable ranges
[    0.016904] On node 0, zone DMA: 1 pages in unavailable ranges
[    0.016929] On node 0, zone DMA: 96 pages in unavailable ranges
[    0.018709] On node 0, zone DMA32: 4096 pages in unavailable ranges
[    0.018729] On node 0, zone DMA32: 639 pages in unavailable ranges
[    0.018755] On node 0, zone DMA32: 262 pages in unavailable ranges
[    0.019202] On node 0, zone DMA32: 512 pages in unavailable ranges
[    0.019469] On node 0, zone DMA32: 35073 pages in unavailable ranges
[    0.082857] On node 0, zone Normal: 26624 pages in unavailable ranges
[    0.097164] ACPI: PM-Timer IO Port: 0x508
[    0.097185] ACPI: X2APIC_NMI (uid[0xffffffff] high edge lint[0x1])
[    0.097189] ACPI: LAPIC_NMI (acpi_id[0xff] high edge lint[0x1])
[    0.097210] IOAPIC[0]: apic_id 8, version 32, address 0xfec00000, GSI 0-119
[    0.097213] ACPI: INT_SRC_OVR (bus 0 bus_irq 0 global_irq 2 dfl dfl)
[    0.097216] ACPI: INT_SRC_OVR (bus 0 bus_irq 9 global_irq 9 high level)
[    0.097220] ACPI: Using ACPI (MADT) for SMP configuration information
[    0.097222] ACPI: HPET id: 0x8086a701 base: 0xfed00000
[    0.097227] TSC deadline timer available
[    0.097229] smpboot: Allowing 112 CPUs, 0 hotplug CPUs
[    0.097260] PM: hibernation: Registered nosave memory: [mem 0x00000000-0x00000fff]
[    0.097262] PM: hibernation: Registered nosave memory: [mem 0x0008f000-0x0008ffff]
[    0.097264] PM: hibernation: Registered nosave memory: [mem 0x000a0000-0x000fffff]
[    0.097266] PM: hibernation: Registered nosave memory: [mem 0x46cc4000-0x46cc4fff]
[    0.097268] PM: hibernation: Registered nosave memory: [mem 0x46cf5000-0x46cf5fff]
[    0.097269] PM: hibernation: Registered nosave memory: [mem 0x46cf6000-0x46cf6fff]
[    0.097271] PM: hibernation: Registered nosave memory: [mem 0x46d28000-0x46d28fff]
[    0.097271] PM: hibernation: Registered nosave memory: [mem 0x46d29000-0x46d29fff]
[    0.097273] PM: hibernation: Registered nosave memory: [mem 0x46d5b000-0x46d5bfff]
[    0.097274] PM: hibernation: Registered nosave memory: [mem 0x46d5c000-0x46d5cfff]
[    0.097276] PM: hibernation: Registered nosave memory: [mem 0x46d64000-0x46d64fff]
[    0.097278] PM: hibernation: Registered nosave memory: [mem 0x49e77000-0x4ae76fff]
[    0.097279] PM: hibernation: Registered nosave memory: [mem 0x4b2cf000-0x4b54dfff]
[    0.097281] PM: hibernation: Registered nosave memory: [mem 0x4bd94000-0x4be99fff]
[    0.097283] PM: hibernation: Registered nosave memory: [mem 0x4ce00000-0x4cffffff]
[    0.097285] PM: hibernation: Registered nosave memory: [mem 0x5eefe000-0x6e3fefff]
[    0.097286] PM: hibernation: Registered nosave memory: [mem 0x6e3ff000-0x6f3fefff]
[    0.097286] PM: hibernation: Registered nosave memory: [mem 0x6f3ff000-0x6f7fefff]
[    0.097288] PM: hibernation: Registered nosave memory: [mem 0x6f800000-0x8fffffff]
[    0.097289] PM: hibernation: Registered nosave memory: [mem 0x90000000-0xfdffffff]
[    0.097290] PM: hibernation: Registered nosave memory: [mem 0xfe000000-0xfe010fff]
[    0.097291] PM: hibernation: Registered nosave memory: [mem 0xfe011000-0xffffffff]
[    0.097291] PM: hibernation: Registered nosave memory: [mem 0x100000000-0x7d5ffffff]
[    0.097293] PM: hibernation: Registered nosave memory: [mem 0x1000000000-0x1ebfffffff]
[    0.097296] [mem 0x90000000-0xfdffffff] available for PCI devices
[    0.097298] Booting paravirtualized kernel on bare hardware
[    0.097301] clocksource: refined-jiffies: mask: 0xffffffff max_cycles: 0xffffffff, max_idle_ns: 7645519600211568 ns
[    0.097308] setup_percpu: NR_CPUS:8192 nr_cpumask_bits:112 nr_cpu_ids:112 nr_node_ids:4
[    0.101992] percpu: Embedded 61 pages/cpu s212992 r8192 d28672 u262144
[    0.102004] pcpu-alloc: s212992 r8192 d28672 u262144 alloc=1*2097152
[    0.102007] pcpu-alloc: [0] 000 002 004 006 008 010 012 014 
[    0.102014] pcpu-alloc: [0] 016 018 020 022 024 026 028 030 
[    0.102018] pcpu-alloc: [0] 032 034 036 038 040 042 044 046 
[    0.102023] pcpu-alloc: [0] 048 050 052 054 056 058 060 062 
[    0.102028] pcpu-alloc: [0] 064 066 068 070 072 074 076 078 
[    0.102032] pcpu-alloc: [0] 080 082 084 086 088 090 092 094 
[    0.102037] pcpu-alloc: [0] 096 098 100 102 104 106 108 110 
[    0.102041] pcpu-alloc: [1] 001 003 005 007 009 011 013 015 
[    0.102046] pcpu-alloc: [1] 017 019 021 023 025 027 029 031 
[    0.102050] pcpu-alloc: [1] 033 035 037 039 041 043 045 047 
[    0.102055] pcpu-alloc: [1] 049 051 053 055 057 059 061 063 
[    0.102059] pcpu-alloc: [1] 065 067 069 071 073 075 077 079 
[    0.102064] pcpu-alloc: [1] 081 083 085 087 089 091 093 095 
[    0.102068] pcpu-alloc: [1] 097 099 101 103 105 107 109 111 
[    0.102119] Fallback order for Node 0: 0 1 
[    0.102122] Fallback order for Node 1: 1 0 
[    0.102125] Fallback order for Node 2: 2 0 1 
[    0.102128] Fallback order for Node 3: 3 1 0 
[    0.102135] Built 2 zonelists, mobility grouping on.  Total pages: 10609300
[    0.102137] Policy zone: Normal
[    0.102138] Kernel command line: BOOT_IMAGE=/boot/vmlinuz-5.18.0 root=UUID=ce0c24b8-724b-4f33-9b2c-618433560aef ro memmap=28000M!4096M memmap=59G!64G quiet splash nomodeset vt.handoff=1
[    0.102270] Booted with the nomodeset parameter. Only the system framebuffer will be available
[    0.102292] Unknown kernel command line parameters "splash BOOT_IMAGE=/boot/vmlinuz-5.18.0", will be passed to user space.
[    0.102294] printk: log_buf_len individual max cpu contribution: 4096 bytes
[    0.102295] printk: log_buf_len total cpu_extra contributions: 454656 bytes
[    0.102296] printk: log_buf_len min size: 262144 bytes
[    0.103277] printk: log_buf_len: 1048576 bytes
[    0.103279] printk: early log buf free: 223664(85%)
[    0.105190] mem auto-init: stack:off, heap alloc:on, heap free:off
[    0.207345] Memory: 41609128K/43115616K available (16392K kernel code, 3615K rwdata, 10444K rodata, 2688K init, 5836K bss, 1506228K reserved, 0K cma-reserved)
[    0.207353] random: get_random_u64 called from __kmem_cache_create+0x2d/0x480 with crng_init=0
[    0.208123] SLUB: HWalign=64, Order=0-3, MinObjects=0, CPUs=112, Nodes=4
[    0.208157] ftrace: allocating 48795 entries in 191 pages
[    0.217628] ftrace: allocated 191 pages with 7 groups
[    0.218703] Dynamic Preempt: voluntary
[    0.219056] rcu: Preemptible hierarchical RCU implementation.
[    0.219057] rcu: 	RCU restricting CPUs from NR_CPUS=8192 to nr_cpu_ids=112.
[    0.219059] 	Trampoline variant of Tasks RCU enabled.
[    0.219060] 	Rude variant of Tasks RCU enabled.
[    0.219060] 	Tracing variant of Tasks RCU enabled.
[    0.219061] rcu: RCU calculated value of scheduler-enlistment delay is 25 jiffies.
[    0.219062] rcu: Adjusting geometry for rcu_fanout_leaf=16, nr_cpu_ids=112
[    0.222951] NR_IRQS: 524544, nr_irqs: 2952, preallocated irqs: 16
[    0.223296] random: crng init done (trusting CPU's manufacturer)
[    0.223437] Console: colour dummy device 80x25
[    0.223472] printk: console [tty0] enabled
[    0.223683] mempolicy: Enabling automatic NUMA balancing. Configure with numa_balancing= or the kernel.numa_balancing sysctl
[    0.223689] ACPI: Core revision 20211217
[    0.227036] clocksource: hpet: mask: 0xffffffff max_cycles: 0xffffffff, max_idle_ns: 79635855245 ns
[    0.227083] APIC: Switch to symmetric I/O mode setup
[    0.227086] DMAR: Host address width 46
[    0.227087] DMAR: DRHD base: 0x000000d0ffc000 flags: 0x0
[    0.227093] DMAR: dmar0: reg_base_addr d0ffc000 ver 4:0 cap 8ed008c40780466 ecap 60000f050df
[    0.227095] DMAR: DRHD base: 0x000000dbbfc000 flags: 0x0
[    0.227098] DMAR: dmar1: reg_base_addr dbbfc000 ver 4:0 cap 8ed008c40780466 ecap 60000f050df
[    0.227100] DMAR: DRHD base: 0x000000e67fc000 flags: 0x0
[    0.227104] DMAR: dmar2: reg_base_addr e67fc000 ver 4:0 cap 8ed008c40780466 ecap 60000f050df
[    0.227106] DMAR: DRHD base: 0x000000f13fc000 flags: 0x0
[    0.227109] DMAR: dmar3: reg_base_addr f13fc000 ver 4:0 cap 8ed008c40780466 ecap 60000f050df
[    0.227111] DMAR: DRHD base: 0x000000fb7fc000 flags: 0x0
[    0.227113] DMAR: dmar4: reg_base_addr fb7fc000 ver 4:0 cap 8ed008c40780466 ecap 60000f050df
[    0.227115] DMAR: DRHD base: 0x000000a63fc000 flags: 0x0
[    0.227118] DMAR: dmar5: reg_base_addr a63fc000 ver 4:0 cap 8ed008c40780466 ecap 60000f050df
[    0.227120] DMAR: DRHD base: 0x000000b0ffc000 flags: 0x0
[    0.227126] DMAR: dmar6: reg_base_addr b0ffc000 ver 4:0 cap 8ed008c40780466 ecap 60000f050df
[    0.227128] DMAR: DRHD base: 0x000000bbbfc000 flags: 0x0
[    0.227130] DMAR: dmar7: reg_base_addr bbbfc000 ver 4:0 cap 8ed008c40780466 ecap 60000f050df
[    0.227132] DMAR: DRHD base: 0x000000c5ffc000 flags: 0x0
[    0.227135] DMAR: dmar8: reg_base_addr c5ffc000 ver 4:0 cap 8ed008c40780466 ecap 60000f050df
[    0.227137] DMAR: DRHD base: 0x0000009b7fc000 flags: 0x1
[    0.227139] DMAR: dmar9: reg_base_addr 9b7fc000 ver 4:0 cap 8ed008c40780466 ecap 60000f050df
[    0.227141] DMAR: RMRR base: 0x00000069427000 end: 0x00000069429fff
[    0.227143] DMAR: ATSR flags: 0x0
[    0.227146] DMAR-IR: IOAPIC id 8 under DRHD base  0x9b7fc000 IOMMU 9
[    0.227148] DMAR-IR: HPET id 0 under DRHD base 0x9b7fc000
[    0.227149] DMAR-IR: Queued invalidation will be enabled to support x2apic and Intr-remapping.
[    0.230235] DMAR-IR: Enabled IRQ remapping in x2apic mode
[    0.232866] ..TIMER: vector=0x30 apic1=0 pin1=2 apic2=-1 pin2=-1
[    0.251011] clocksource: tsc-early: mask: 0xffffffffffffffff max_cycles: 0x39a85c9bff6, max_idle_ns: 881590591483 ns
[    0.251018] Calibrating delay loop (skipped), value calculated using timer frequency.. 4000.00 BogoMIPS (lpj=8000000)
[    0.251022] pid_max: default: 114688 minimum: 896
[    0.254904] LSM: Security Framework initializing
[    0.254929] Yama: becoming mindful.
[    0.254980] AppArmor: AppArmor initialized
[    0.263024] Dentry cache hash table entries: 8388608 (order: 14, 67108864 bytes, vmalloc hugepage)
[    0.266987] Inode-cache hash table entries: 4194304 (order: 13, 33554432 bytes, vmalloc hugepage)
[    0.267171] Mount-cache hash table entries: 131072 (order: 8, 1048576 bytes, vmalloc)
[    0.267315] Mountpoint-cache hash table entries: 131072 (order: 8, 1048576 bytes, vmalloc)
[    0.267929] x86/tme: not enabled by BIOS
[    0.267940] CPU0: Thermal monitoring enabled (TM1)
[    0.267942] x86/cpu: User Mode Instruction Prevention (UMIP) activated
[    0.268179] process: using mwait in idle threads
[    0.268181] Last level iTLB entries: 4KB 0, 2MB 0, 4MB 0
[    0.268182] Last level dTLB entries: 4KB 0, 2MB 0, 4MB 0, 1GB 0
[    0.268190] Spectre V1 : Mitigation: usercopy/swapgs barriers and __user pointer sanitization
[    0.268192] Spectre V2 : WARNING: Unprivileged eBPF is enabled with eIBRS on, data leaks possible via Spectre v2 BHB attacks!
[    0.268199] Spectre V2 : Mitigation: Enhanced IBRS
[    0.268200] Spectre V2 : Spectre v2 / SpectreRSB mitigation: Filling RSB on context switch
[    0.268201] Spectre V2 : mitigation: Enabling conditional Indirect Branch Prediction Barrier
[    0.268203] Speculative Store Bypass: Mitigation: Speculative Store Bypass disabled via prctl
[    0.273902] Freeing SMP alternatives memory: 40K
[    0.275173] smpboot: Estimated ratio of average max frequency by base frequency (times 1024): 1433
[    0.275188] smpboot: CPU0: Intel(R) Xeon(R) Gold 6330 CPU @ 2.00GHz (family: 0x6, model: 0x6a, stepping: 0x6)
[    0.275418] cblist_init_generic: Setting adjustable number of callback queues.
[    0.275434] cblist_init_generic: Setting shift to 7 and lim to 1.
[    0.275461] cblist_init_generic: Setting shift to 7 and lim to 1.
[    0.275491] cblist_init_generic: Setting shift to 7 and lim to 1.
[    0.275502] Performance Events: PEBS fmt4+-baseline,  AnyThread deprecated, Icelake events, 32-deep LBR, full-width counters, Intel PMU driver.
[    0.275541] ... version:                5
[    0.275542] ... bit width:              48
[    0.275543] ... generic registers:      8
[    0.275543] ... value mask:             0000ffffffffffff
[    0.275544] ... max period:             00007fffffffffff
[    0.275545] ... fixed-purpose events:   4
[    0.275546] ... event mask:             0001000f000000ff
[    0.275733] rcu: Hierarchical SRCU implementation.
[    0.282931] NMI watchdog: Enabled. Permanently consumes one hw-PMU counter.
[    0.284049] smp: Bringing up secondary CPUs ...
[    0.284170] x86: Booting SMP configuration:
[    0.284171] .... node  #1, CPUs:          #1
[    0.007726] smpboot: CPU 1 Converting physical 0 to logical die 1

[    0.371141] .... node  #0, CPUs:     #2
[    0.376526] .... node  #1, CPUs:     #3
[    0.381997] .... node  #0, CPUs:     #4
[    0.387375] .... node  #1, CPUs:     #5
[    0.392808] .... node  #0, CPUs:     #6
[    0.398389] .... node  #1, CPUs:     #7
[    0.404021] .... node  #0, CPUs:     #8
[    0.409317] .... node  #1, CPUs:     #9
[    0.415124] .... node  #0, CPUs:    #10
[    0.420815] .... node  #1, CPUs:    #11
[    0.426593] .... node  #0, CPUs:    #12
[    0.432115] .... node  #1, CPUs:    #13
[    0.437500] .... node  #0, CPUs:    #14
[    0.442747] .... node  #1, CPUs:    #15
[    0.448094] .... node  #0, CPUs:    #16
[    0.453381] .... node  #1, CPUs:    #17
[    0.458734] .... node  #0, CPUs:    #18
[    0.464000] .... node  #1, CPUs:    #19
[    0.469676] .... node  #0, CPUs:    #20
[    0.475186] .... node  #1, CPUs:    #21
[    0.480571] .... node  #0, CPUs:    #22
[    0.486014] .... node  #1, CPUs:    #23
[    0.491328] .... node  #0, CPUs:    #24
[    0.496970] .... node  #1, CPUs:    #25
[    0.502336] .... node  #0, CPUs:    #26
[    0.507558] .... node  #1, CPUs:    #27
[    0.512908] .... node  #0, CPUs:    #28
[    0.518414] .... node  #1, CPUs:    #29
[    0.523753] .... node  #0, CPUs:    #30
[    0.528993] .... node  #1, CPUs:    #31
[    0.534511] .... node  #0, CPUs:    #32
[    0.539800] .... node  #1, CPUs:    #33
[    0.545213] .... node  #0, CPUs:    #34
[    0.550672] .... node  #1, CPUs:    #35
[    0.556018] .... node  #0, CPUs:    #36
[    0.561250] .... node  #1, CPUs:    #37
[    0.566587] .... node  #0, CPUs:    #38
[    0.572159] .... node  #1, CPUs:    #39
[    0.577722] .... node  #0, CPUs:    #40
[    0.583331] .... node  #1, CPUs:    #41
[    0.589109] .... node  #0, CPUs:    #42
[    0.594435] .... node  #1, CPUs:    #43
[    0.600118] .... node  #0, CPUs:    #44
[    0.605499] .... node  #1, CPUs:    #45
[    0.611128] .... node  #0, CPUs:    #46
[    0.616572] .... node  #1, CPUs:    #47
[    0.622056] .... node  #0, CPUs:    #48
[    0.627400] .... node  #1, CPUs:    #49
[    0.632880] .... node  #0, CPUs:    #50
[    0.638379] .... node  #1, CPUs:    #51
[    0.644049] .... node  #0, CPUs:    #52
[    0.649523] .... node  #1, CPUs:    #53
[    0.655150] .... node  #0, CPUs:    #54
[    0.660858] .... node  #1, CPUs:    #55
[    0.666691] .... node  #0, CPUs:    #56
[    0.672862] .... node  #1, CPUs:    #57
[    0.679021] .... node  #0, CPUs:    #58
[    0.684232] .... node  #1, CPUs:    #59
[    0.689716] .... node  #0, CPUs:    #60
[    0.695193] .... node  #1, CPUs:    #61
[    0.700551] .... node  #0, CPUs:    #62
[    0.706152] .... node  #1, CPUs:    #63
[    0.711793] .... node  #0, CPUs:    #64
[    0.717119] .... node  #1, CPUs:    #65
[    0.723115] .... node  #0, CPUs:    #66
[    0.728657] .... node  #1, CPUs:    #67
[    0.734446] .... node  #0, CPUs:    #68
[    0.739993] .... node  #1, CPUs:    #69
[    0.745382] .... node  #0, CPUs:    #70
[    0.750645] .... node  #1, CPUs:    #71
[    0.756015] .... node  #0, CPUs:    #72
[    0.761325] .... node  #1, CPUs:    #73
[    0.766677] .... node  #0, CPUs:    #74
[    0.771971] .... node  #1, CPUs:    #75
[    0.777657] .... node  #0, CPUs:    #76
[    0.783216] .... node  #1, CPUs:    #77
[    0.788605] .... node  #0, CPUs:    #78
[    0.794068] .... node  #1, CPUs:    #79
[    0.799395] .... node  #0, CPUs:    #80
[    0.805061] .... node  #1, CPUs:    #81
[    0.810445] .... node  #0, CPUs:    #82
[    0.815683] .... node  #1, CPUs:    #83
[    0.821057] .... node  #0, CPUs:    #84
[    0.826604] .... node  #1, CPUs:    #85
[    0.831936] .... node  #0, CPUs:    #86
[    0.837214] .... node  #1, CPUs:    #87
[    0.842736] .... node  #0, CPUs:    #88
[    0.848059] .... node  #1, CPUs:    #89
[    0.853479] .... node  #0, CPUs:    #90
[    0.859212] .... node  #1, CPUs:    #91
[    0.864327] .... node  #0, CPUs:    #92
[    0.869568] .... node  #1, CPUs:    #93
[    0.875137] .... node  #0, CPUs:    #94
[    0.880528] .... node  #1, CPUs:    #95
[    0.886110] .... node  #0, CPUs:    #96
[    0.891739] .... node  #1, CPUs:    #97
[    0.897545] .... node  #0, CPUs:    #98
[    0.903184] .... node  #1, CPUs:    #99
[    0.908596] .... node  #0, CPUs:   #100
[    0.913983] .... node  #1, CPUs:   #101
[    0.919521] .... node  #0, CPUs:   #102
[    0.925080] .... node  #1, CPUs:   #103
[    0.930585] .... node  #0, CPUs:   #104
[    0.935958] .... node  #1, CPUs:   #105
[    0.941454] .... node  #0, CPUs:   #106
[    0.947195] .... node  #1, CPUs:   #107
[    0.952670] .... node  #0, CPUs:   #108
[    0.958171] .... node  #1, CPUs:   #109
[    0.963818] .... node  #0, CPUs:   #110
[    0.969543] .... node  #1, CPUs:   #111
[    0.975408] smp: Brought up 2 nodes, 112 CPUs
[    0.975408] smpboot: Max logical packages: 2
[    0.975408] smpboot: Total of 112 processors activated (448089.12 BogoMIPS)
[    0.982496] devtmpfs: initialized
[    0.982496] x86/mm: Memory block size: 2048MB
[    0.983073] ACPI: PM: Registering ACPI NVS region [mem 0x49e77000-0x4ae76fff] (16777216 bytes)
[    0.983261] ACPI: PM: Registering ACPI NVS region [mem 0x6e3ff000-0x6f3fefff] (16777216 bytes)
[    0.983546] clocksource: jiffies: mask: 0xffffffff max_cycles: 0xffffffff, max_idle_ns: 7645041785100000 ns
[    0.983840] futex hash table entries: 32768 (order: 9, 2097152 bytes, vmalloc)
[    0.984097] pinctrl core: initialized pinctrl subsystem
[    0.984258] PM: RTC time: 06:49:50, date: 2024-06-21
[    0.985204] NET: Registered PF_NETLINK/PF_ROUTE protocol family
[    0.986394] DMA: preallocated 4096 KiB GFP_KERNEL pool for atomic allocations
[    0.986906] DMA: preallocated 4096 KiB GFP_KERNEL|GFP_DMA pool for atomic allocations
[    0.987504] DMA: preallocated 4096 KiB GFP_KERNEL|GFP_DMA32 pool for atomic allocations
[    0.987515] audit: initializing netlink subsys (disabled)
[    0.987523] audit: type=2000 audit(1718952589.760:1): state=initialized audit_enabled=0 res=1
[    0.987523] thermal_sys: Registered thermal governor 'fair_share'
[    0.987523] thermal_sys: Registered thermal governor 'bang_bang'
[    0.987523] thermal_sys: Registered thermal governor 'step_wise'
[    0.987523] thermal_sys: Registered thermal governor 'user_space'
[    0.987523] EISA bus registered
[    0.987523] cpuidle: using governor ladder
[    0.987523] cpuidle: using governor menu
[    0.987523] ACPI FADT declares the system doesn't support PCIe ASPM, so disable it
[    0.987523] acpiphp: ACPI Hot Plug PCI Controller Driver version: 0.5
[    0.987523] PCI: MMCONFIG for domain 0000 [bus 00-ff] at [mem 0x80000000-0x8fffffff] (base 0x80000000)
[    0.987523] PCI: MMCONFIG at [mem 0x80000000-0x8fffffff] reserved in E820
[    0.987523] pmd_set_huge: Cannot satisfy [mem 0x80000000-0x80200000] with a huge-page mapping due to MTRR override.
[    0.987523] PCI: Using configuration type 1 for base access
[    0.987523] PCI: Dell System detected, enabling pci=bfsort.
[    0.991033] ENERGY_PERF_BIAS: Set to 'normal', was 'performance'
[    0.995283] kprobes: kprobe jump-optimization is enabled. All kprobes are optimized if possible.
[    0.995288] HugeTLB registered 1.00 GiB page size, pre-allocated 0 pages
[    0.995288] HugeTLB registered 2.00 MiB page size, pre-allocated 0 pages
[    0.995324] fbcon: Taking over console
[    0.995324] ACPI: Added _OSI(Module Device)
[    0.995324] ACPI: Added _OSI(Processor Device)
[    0.995324] ACPI: Added _OSI(3.0 _SCP Extensions)
[    0.995324] ACPI: Added _OSI(Processor Aggregator Device)
[    0.995324] ACPI: Added _OSI(Linux-Dell-Video)
[    0.995324] ACPI: Added _OSI(Linux-Lenovo-NV-HDMI-Audio)
[    0.995324] ACPI: Added _OSI(Linux-HPI-Hybrid-Graphics)
[    1.163751] ACPI: 8 ACPI AML tables successfully acquired and loaded
[    1.170010] ACPI: [Firmware Bug]: BIOS _OSI(Linux) query ignored
[    1.175932] ACPI: Dynamic OEM Table Load:
[    1.588300] ACPI: Interpreter enabled
[    1.588322] ACPI: PM: (supports S0 S5)
[    1.588323] ACPI: Using IOAPIC for interrupt routing
[    1.588413] HEST: Table parsing has been initialized.
[    1.588600] GHES: APEI firmware first mode is enabled by APEI bit and WHEA _OSC.
[    1.588602] PCI: Using host bridge windows from ACPI; if necessary, use "pci=nocrs" and report a bug
[    1.618351] ACPI: Enabled 4 GPEs in block 00 to 7F
[    1.746112] ACPI: PCI Root Bridge [PC00] (domain 0000 [bus 00-15])
[    1.746119] acpi PNP0A08:00: _OSC: OS supports [ExtendedConfig ASPM ClockPM Segments MSI HPX-Type3]
[    1.814835] acpi PNP0A08:00: _OSC: platform does not support [SHPCHotplug AER LTR]
[    1.815128] acpi PNP0A08:00: _OSC: OS now controls [PCIeHotplug PME PCIeCapability]
[    1.815130] acpi PNP0A08:00: FADT indicates ASPM is unsupported, using BIOS configuration
[    1.817001] PCI host bridge to bus 0000:00
[    1.817003] pci_bus 0000:00: root bus resource [io  0x0000-0x0cf7 window]
[    1.817005] pci_bus 0000:00: root bus resource [io  0x1000-0x4fff window]
[    1.817007] pci_bus 0000:00: root bus resource [mem 0x000a0000-0x000bffff window]
[    1.817008] pci_bus 0000:00: root bus resource [mem 0x000c8000-0x000cffff window]
[    1.817010] pci_bus 0000:00: root bus resource [mem 0xfe010000-0xfe010fff window]
[    1.817012] pci_bus 0000:00: root bus resource [mem 0x90000000-0x9b7fffff window]
[    1.817013] pci_bus 0000:00: root bus resource [mem 0x200000000000-0x20ffffffffff window]
[    1.817014] pci_bus 0000:00: root bus resource [bus 00-15]
[    1.817029] pci 0000:00:00.0: [8086:09a2] type 00 class 0x088000
[    1.817135] pci 0000:00:00.1: [8086:09a4] type 00 class 0x088000
[    1.817203] pci 0000:00:00.2: [8086:09a3] type 00 class 0x088000
[    1.817272] pci 0000:00:00.4: [8086:0998] type 00 class 0x060000
[    1.817341] pci 0000:00:02.0: [8086:09a6] type 00 class 0x088000
[    1.817349] pci 0000:00:02.0: reg 0x10: [mem 0x92dfc000-0x92dfdfff]
[    1.817426] pci 0000:00:02.1: [8086:09a7] type 00 class 0x088000
[    1.817434] pci 0000:00:02.1: reg 0x10: [mem 0x92d00000-0x92d7ffff]
[    1.817439] pci 0000:00:02.1: reg 0x14: [mem 0x92c80000-0x92cfffff]
[    1.817516] pci 0000:00:02.4: [8086:3456] type 00 class 0x130000
[    1.817526] pci 0000:00:02.4: reg 0x10: [mem 0x92a00000-0x92afffff 64bit]
[    1.817532] pci 0000:00:02.4: reg 0x18: [mem 0x92df0000-0x92df3fff 64bit]
[    1.817539] pci 0000:00:02.4: reg 0x20: [mem 0x92dc0000-0x92ddffff 64bit]
[    1.817619] pci 0000:00:11.0: [8086:a1ec] type 00 class 0xff0000
[    1.817622] pci 0000:00:11.0: device has non-compliant BARs; disabling IO/MEM decoding
[    1.817712] pci 0000:00:11.5: [8086:a1d2] type 00 class 0x010601
[    1.817725] pci 0000:00:11.5: reg 0x10: [mem 0x92dfa000-0x92dfbfff]
[    1.817733] pci 0000:00:11.5: reg 0x14: [mem 0x92e05000-0x92e050ff]
[    1.817740] pci 0000:00:11.5: reg 0x18: [io  0x2068-0x206f]
[    1.817748] pci 0000:00:11.5: reg 0x1c: [io  0x2074-0x2077]
[    1.817755] pci 0000:00:11.5: reg 0x20: [io  0x2040-0x205f]
[    1.817762] pci 0000:00:11.5: reg 0x24: [mem 0x92b80000-0x92bfffff]
[    1.817800] pci 0000:00:11.5: PME# supported from D3hot
[    1.818014] pci 0000:00:14.0: [8086:a1af] type 00 class 0x0c0330
[    1.818032] pci 0000:00:14.0: reg 0x10: [mem 0x92de0000-0x92deffff 64bit]
[    1.818095] pci 0000:00:14.0: PME# supported from D3hot D3cold
[    1.818325] pci 0000:00:14.2: [8086:a1b1] type 00 class 0x118000
[    1.818343] pci 0000:00:14.2: reg 0x10: [mem 0x92e02000-0x92e02fff 64bit]
[    1.818467] pci 0000:00:16.0: [8086:a1ba] type 00 class 0x078000
[    1.818490] pci 0000:00:16.0: reg 0x10: [mem 0x92e01000-0x92e01fff 64bit]
[    1.818575] pci 0000:00:16.0: PME# supported from D3hot
[    1.818641] pci 0000:00:16.1: [8086:a1bb] type 00 class 0x078000
[    1.818665] pci 0000:00:16.1: reg 0x10: [mem 0x92e00000-0x92e00fff 64bit]
[    1.818749] pci 0000:00:16.1: PME# supported from D3hot
[    1.818817] pci 0000:00:16.4: [8086:a1be] type 00 class 0x078000
[    1.818840] pci 0000:00:16.4: reg 0x10: [mem 0x92dff000-0x92dfffff 64bit]
[    1.818924] pci 0000:00:16.4: PME# supported from D3hot
[    1.818997] pci 0000:00:17.0: [8086:a182] type 00 class 0x010601
[    1.819010] pci 0000:00:17.0: reg 0x10: [mem 0x92df8000-0x92df9fff]
[    1.819017] pci 0000:00:17.0: reg 0x14: [mem 0x92e04000-0x92e040ff]
[    1.819025] pci 0000:00:17.0: reg 0x18: [io  0x2060-0x2067]
[    1.819032] pci 0000:00:17.0: reg 0x1c: [io  0x2070-0x2073]
[    1.819039] pci 0000:00:17.0: reg 0x20: [io  0x2020-0x203f]
[    1.819046] pci 0000:00:17.0: reg 0x24: [mem 0x92b00000-0x92b7ffff]
[    1.819084] pci 0000:00:17.0: PME# supported from D3hot
[    1.819294] pci 0000:00:1c.0: [8086:a190] type 01 class 0x060400
[    1.819370] pci 0000:00:1c.0: PME# supported from D0 D3hot D3cold
[    1.820029] pci 0000:00:1c.4: [8086:a194] type 01 class 0x060400
[    1.820098] pci 0000:00:1c.4: PME# supported from D0 D3hot D3cold
[    1.820729] pci 0000:00:1c.5: [8086:a195] type 01 class 0x060400
[    1.820801] pci 0000:00:1c.5: PME# supported from D0 D3hot D3cold
[    1.821437] pci 0000:00:1f.0: [8086:a1cb] type 00 class 0x060100
[    1.821735] pci 0000:00:1f.2: [8086:a1a1] type 00 class 0x058000
[    1.821751] pci 0000:00:1f.2: reg 0x10: [mem 0x92df4000-0x92df7fff]
[    1.821994] pci 0000:00:1f.4: [8086:a1a3] type 00 class 0x0c0500
[    1.822013] pci 0000:00:1f.4: reg 0x10: [mem 0x92dfe000-0x92dfe0ff 64bit]
[    1.822036] pci 0000:00:1f.4: reg 0x20: [io  0x2000-0x201f]
[    1.822103] pci 0000:00:1f.5: [8086:a1a4] type 00 class 0x0c8000
[    1.822118] pci 0000:00:1f.5: reg 0x10: [mem 0xfe010000-0xfe010fff]
[    1.822251] pci 0000:00:1c.0: PCI bridge to [bus 01]
[    1.822302] pci 0000:02:00.0: [1556:be00] type 01 class 0x060400
[    1.822474] pci 0000:00:1c.4: PCI bridge to [bus 02-03]
[    1.822478] pci 0000:00:1c.4:   bridge window [mem 0x92000000-0x928fffff]
[    1.822482] pci 0000:00:1c.4:   bridge window [mem 0x91000000-0x91ffffff 64bit pref]
[    1.822515] pci_bus 0000:03: extended config space not accessible
[    1.822532] pci 0000:03:00.0: [102b:0536] type 00 class 0x030000
[    1.822551] pci 0000:03:00.0: reg 0x10: [mem 0x91000000-0x91ffffff pref]
[    1.822562] pci 0000:03:00.0: reg 0x14: [mem 0x92808000-0x9280bfff]
[    1.822573] pci 0000:03:00.0: reg 0x18: [mem 0x92000000-0x927fffff]
[    1.822621] pci 0000:03:00.0: BAR 0: assigned to efifb
[    1.822629] pci 0000:03:00.0: Video device with shadowed ROM at [mem 0x000c0000-0x000dffff]
[    1.822731] pci 0000:02:00.0: PCI bridge to [bus 03]
[    1.822740] pci 0000:02:00.0:   bridge window [mem 0x92000000-0x928fffff]
[    1.822746] pci 0000:02:00.0:   bridge window [mem 0x91000000-0x91ffffff 64bit pref]
[    1.822816] pci 0000:04:00.0: [14e4:165f] type 00 class 0x020000
[    1.822840] pci 0000:04:00.0: reg 0x10: [mem 0x92930000-0x9293ffff 64bit pref]
[    1.822856] pci 0000:04:00.0: reg 0x18: [mem 0x92940000-0x9294ffff 64bit pref]
[    1.822872] pci 0000:04:00.0: reg 0x20: [mem 0x92950000-0x9295ffff 64bit pref]
[    1.822882] pci 0000:04:00.0: reg 0x30: [mem 0xfffc0000-0xffffffff pref]
[    1.822977] pci 0000:04:00.0: PME# supported from D0 D3hot D3cold
[    1.823101] pci 0000:04:00.0: 4.000 Gb/s available PCIe bandwidth, limited by 5.0 GT/s PCIe x1 link at 0000:00:1c.5 (capable of 8.000 Gb/s with 5.0 GT/s PCIe x2 link)
[    1.823668] pci 0000:04:00.1: [14e4:165f] type 00 class 0x020000
[    1.823693] pci 0000:04:00.1: reg 0x10: [mem 0x92900000-0x9290ffff 64bit pref]
[    1.823709] pci 0000:04:00.1: reg 0x18: [mem 0x92910000-0x9291ffff 64bit pref]
[    1.823724] pci 0000:04:00.1: reg 0x20: [mem 0x92920000-0x9292ffff 64bit pref]
[    1.823735] pci 0000:04:00.1: reg 0x30: [mem 0xfffc0000-0xffffffff pref]
[    1.823830] pci 0000:04:00.1: PME# supported from D0 D3hot D3cold
[    1.824407] pci 0000:00:1c.5: PCI bridge to [bus 04]
[    1.824414] pci 0000:00:1c.5:   bridge window [mem 0x92900000-0x929fffff 64bit pref]
[    1.824429] pci_bus 0000:00: on NUMA node 0
[    1.825022] ACPI: PCI Root Bridge [PC01] (domain 0000 [bus 16-2f])
[    1.825026] acpi PNP0A08:01: _OSC: OS supports [ExtendedConfig ASPM ClockPM Segments MSI HPX-Type3]
[    1.839854] acpi PNP0A08:01: _OSC: platform does not support [SHPCHotplug AER]
[    1.840070] acpi PNP0A08:01: _OSC: OS now controls [PCIeHotplug PME PCIeCapability LTR]
[    1.840072] acpi PNP0A08:01: FADT indicates ASPM is unsupported, using BIOS configuration
[    1.840204] PCI host bridge to bus 0000:16
[    1.840205] pci_bus 0000:16: root bus resource [io  0x5000-0x6fff window]
[    1.840207] pci_bus 0000:16: root bus resource [mem 0x9b800000-0xa63fffff window]
[    1.840208] pci_bus 0000:16: root bus resource [mem 0x210000000000-0x21ffffffffff window]
[    1.840210] pci_bus 0000:16: root bus resource [bus 16-2f]
[    1.840220] pci 0000:16:00.0: [8086:09a2] type 00 class 0x088000
[    1.840288] pci 0000:16:00.1: [8086:09a4] type 00 class 0x088000
[    1.840351] pci 0000:16:00.2: [8086:09a3] type 00 class 0x088000
[    1.840414] pci 0000:16:00.4: [8086:0998] type 00 class 0x060000
[    1.840487] pci 0000:16:02.0: [8086:347a] type 01 class 0x060400
[    1.840497] pci 0000:16:02.0: reg 0x10: [mem 0x21fffff00000-0x21fffff1ffff 64bit]
[    1.840535] pci 0000:16:02.0: PME# supported from D0 D3hot D3cold
[    1.841484] pci 0000:17:00.0: [1000:10e2] type 00 class 0x010400
[    1.841497] pci 0000:17:00.0: reg 0x10: [mem 0x9b800000-0x9b8fffff 64bit pref]
[    1.841506] pci 0000:17:00.0: reg 0x18: [mem 0x9b900000-0x9b9fffff 64bit pref]
[    1.841512] pci 0000:17:00.0: reg 0x20: [mem 0x9ba00000-0x9bafffff]
[    1.841518] pci 0000:17:00.0: reg 0x24: [io  0x5000-0x50ff]
[    1.841523] pci 0000:17:00.0: reg 0x30: [mem 0xfff00000-0xffffffff pref]
[    1.842639] pci 0000:17:00.0: supports D1 D2
[    1.842708] pci 0000:16:02.0: PCI bridge to [bus 17]
[    1.842710] pci 0000:16:02.0:   bridge window [io  0x5000-0x5fff]
[    1.842712] pci 0000:16:02.0:   bridge window [mem 0x9ba00000-0x9bafffff]
[    1.842715] pci 0000:16:02.0:   bridge window [mem 0x9b800000-0x9b9fffff 64bit pref]
[    1.842721] pci_bus 0000:16: on NUMA node 0
[    1.842798] ACPI: PCI Root Bridge [PC02] (domain 0000 [bus 30-49])
[    1.842801] acpi PNP0A08:02: _OSC: OS supports [ExtendedConfig ASPM ClockPM Segments MSI HPX-Type3]
[    1.857265] acpi PNP0A08:02: _OSC: platform does not support [SHPCHotplug AER]
[    1.857480] acpi PNP0A08:02: _OSC: OS now controls [PCIeHotplug PME PCIeCapability LTR]
[    1.857481] acpi PNP0A08:02: FADT indicates ASPM is unsupported, using BIOS configuration
[    1.857602] PCI host bridge to bus 0000:30
[    1.857604] pci_bus 0000:30: root bus resource [io  0x7000-0x8fff window]
[    1.857605] pci_bus 0000:30: root bus resource [mem 0xa6400000-0xb0ffffff window]
[    1.857607] pci_bus 0000:30: root bus resource [mem 0x220000000000-0x22ffffffffff window]
[    1.857608] pci_bus 0000:30: root bus resource [bus 30-49]
[    1.857618] pci 0000:30:00.0: [8086:09a2] type 00 class 0x088000
[    1.857686] pci 0000:30:00.1: [8086:09a4] type 00 class 0x088000
[    1.857748] pci 0000:30:00.2: [8086:09a3] type 00 class 0x088000
[    1.857811] pci 0000:30:00.4: [8086:0998] type 00 class 0x060000
[    1.857880] pci_bus 0000:30: on NUMA node 0
[    1.857982] ACPI: PCI Root Bridge [PC04] (domain 0000 [bus 4a-63])
[    1.857985] acpi PNP0A08:04: _OSC: OS supports [ExtendedConfig ASPM ClockPM Segments MSI HPX-Type3]
[    1.872445] acpi PNP0A08:04: _OSC: platform does not support [SHPCHotplug AER]
[    1.872657] acpi PNP0A08:04: _OSC: OS now controls [PCIeHotplug PME PCIeCapability LTR]
[    1.872658] acpi PNP0A08:04: FADT indicates ASPM is unsupported, using BIOS configuration
[    1.872778] PCI host bridge to bus 0000:4a
[    1.872779] pci_bus 0000:4a: root bus resource [io  0x9000-0x9fff window]
[    1.872781] pci_bus 0000:4a: root bus resource [mem 0xb1000000-0xbbbfffff window]
[    1.872782] pci_bus 0000:4a: root bus resource [mem 0x230000000000-0x23ffffffffff window]
[    1.872783] pci_bus 0000:4a: root bus resource [bus 4a-63]
[    1.872793] pci 0000:4a:00.0: [8086:09a2] type 00 class 0x088000
[    1.872860] pci 0000:4a:00.1: [8086:09a4] type 00 class 0x088000
[    1.872926] pci 0000:4a:00.2: [8086:09a3] type 00 class 0x088000
[    1.872987] pci 0000:4a:00.4: [8086:0998] type 00 class 0x060000
[    1.873063] pci_bus 0000:4a: on NUMA node 0
[    1.873136] ACPI: PCI Root Bridge [PC05] (domain 0000 [bus 64-7d])
[    1.873138] acpi PNP0A08:05: _OSC: OS supports [ExtendedConfig ASPM ClockPM Segments MSI HPX-Type3]
[    1.887610] acpi PNP0A08:05: _OSC: platform does not support [SHPCHotplug AER]
[    1.887822] acpi PNP0A08:05: _OSC: OS now controls [PCIeHotplug PME PCIeCapability LTR]
[    1.887823] acpi PNP0A08:05: FADT indicates ASPM is unsupported, using BIOS configuration
[    1.887942] PCI host bridge to bus 0000:64
[    1.887944] pci_bus 0000:64: root bus resource [io  0xa000-0xafff window]
[    1.887945] pci_bus 0000:64: root bus resource [mem 0xbbc00000-0xc5ffffff window]
[    1.887946] pci_bus 0000:64: root bus resource [mem 0x240000000000-0x24ffffffffff window]
[    1.887948] pci_bus 0000:64: root bus resource [bus 64-7d]
[    1.887957] pci 0000:64:00.0: [8086:09a2] type 00 class 0x088000
[    1.888022] pci 0000:64:00.1: [8086:09a4] type 00 class 0x088000
[    1.888083] pci 0000:64:00.2: [8086:09a3] type 00 class 0x088000
[    1.888144] pci 0000:64:00.4: [8086:0998] type 00 class 0x060000
[    1.888213] pci_bus 0000:64: on NUMA node 0
[    1.888279] ACPI: PCI Root Bridge [UC06] (domain 0000 [bus 7e])
[    1.888282] acpi PNP0A03:00: _OSC: OS supports [ExtendedConfig ASPM ClockPM Segments MSI HPX-Type3]
[    1.888379] acpi PNP0A03:00: _OSC: platform does not support [SHPCHotplug AER LTR]
[    1.888557] acpi PNP0A03:00: _OSC: OS now controls [PCIeHotplug PME PCIeCapability]
[    1.888559] acpi PNP0A03:00: FADT indicates ASPM is unsupported, using BIOS configuration
[    1.888692] PCI host bridge to bus 0000:7e
[    1.888693] pci_bus 0000:7e: root bus resource [bus 7e]
[    1.888701] pci 0000:7e:00.0: [8086:3450] type 00 class 0x088000
[    1.888773] pci 0000:7e:00.1: [8086:3451] type 00 class 0x088000
[    1.888833] pci 0000:7e:00.2: [8086:3452] type 00 class 0x088000
[    1.888901] pci 0000:7e:00.3: [8086:0998] type 00 class 0x060000
[    1.888956] pci 0000:7e:00.5: [8086:3455] type 00 class 0x088000
[    1.889018] pci 0000:7e:02.0: [8086:3440] type 00 class 0x088000
[    1.889146] pci 0000:7e:02.1: [8086:3441] type 00 class 0x088000
[    1.889253] pci 0000:7e:02.2: [8086:3442] type 00 class 0x088000
[    1.889360] pci 0000:7e:03.0: [8086:3440] type 00 class 0x088000
[    1.889453] pci 0000:7e:03.1: [8086:3441] type 00 class 0x088000
[    1.889532] pci 0000:7e:03.2: [8086:3442] type 00 class 0x088000
[    1.889613] pci 0000:7e:04.0: [8086:3440] type 00 class 0x088000
[    1.889733] pci 0000:7e:04.1: [8086:3441] type 00 class 0x088000
[    1.889848] pci 0000:7e:04.2: [8086:3442] type 00 class 0x088000
[    1.889963] pci 0000:7e:04.3: [8086:3443] type 00 class 0x088000
[    1.890082] pci 0000:7e:05.0: [8086:3445] type 00 class 0x088000
[    1.890207] pci 0000:7e:05.1: [8086:3446] type 00 class 0x088000
[    1.890318] pci 0000:7e:05.2: [8086:3447] type 00 class 0x088000
[    1.890432] pci 0000:7e:06.0: [8086:3445] type 00 class 0x088000
[    1.890526] pci 0000:7e:06.1: [8086:3446] type 00 class 0x088000
[    1.890603] pci 0000:7e:06.2: [8086:3447] type 00 class 0x088000
[    1.890688] pci 0000:7e:07.0: [8086:3445] type 00 class 0x088000
[    1.890822] pci 0000:7e:07.1: [8086:3446] type 00 class 0x088000
[    1.890940] pci 0000:7e:07.2: [8086:3447] type 00 class 0x088000
[    1.891056] pci 0000:7e:0b.0: [8086:3448] type 00 class 0x088000
[    1.891132] pci 0000:7e:0b.1: [8086:3448] type 00 class 0x088000
[    1.891200] pci 0000:7e:0b.2: [8086:344b] type 00 class 0x088000
[    1.891269] pci 0000:7e:0c.0: [8086:344a] type 00 class 0x110100
[    1.891372] pci 0000:7e:0d.0: [8086:344a] type 00 class 0x110100
[    1.891473] pci 0000:7e:0e.0: [8086:344a] type 00 class 0x110100
[    1.891617] pci 0000:7e:0f.0: [8086:344a] type 00 class 0x110100
[    1.891771] pci 0000:7e:1a.0: [8086:2880] type 00 class 0x110100
[    1.891872] pci 0000:7e:1b.0: [8086:2880] type 00 class 0x110100
[    1.891970] pci 0000:7e:1c.0: [8086:2880] type 00 class 0x110100
[    1.892126] pci 0000:7e:1d.0: [8086:2880] type 00 class 0x110100
[    1.892272] pci_bus 0000:7e: on NUMA node 0
[    1.892353] ACPI: PCI Root Bridge [UC07] (domain 0000 [bus 7f])
[    1.892356] acpi PNP0A03:01: _OSC: OS supports [ExtendedConfig ASPM ClockPM Segments MSI HPX-Type3]
[    1.892455] acpi PNP0A03:01: _OSC: platform does not support [SHPCHotplug AER LTR]
[    1.892634] acpi PNP0A03:01: _OSC: OS now controls [PCIeHotplug PME PCIeCapability]
[    1.892636] acpi PNP0A03:01: FADT indicates ASPM is unsupported, using BIOS configuration
[    1.892780] PCI host bridge to bus 0000:7f
[    1.892781] pci_bus 0000:7f: root bus resource [bus 7f]
[    1.892794] pci 0000:7f:00.0: [8086:344c] type 00 class 0x088000
[    1.892909] pci 0000:7f:00.1: [8086:344c] type 00 class 0x088000
[    1.893019] pci 0000:7f:00.2: [8086:344c] type 00 class 0x088000
[    1.893129] pci 0000:7f:00.3: [8086:344c] type 00 class 0x088000
[    1.893218] pci 0000:7f:00.4: [8086:344c] type 00 class 0x088000
[    1.893338] pci 0000:7f:00.5: [8086:344c] type 00 class 0x088000
[    1.893454] pci 0000:7f:00.6: [8086:344c] type 00 class 0x088000
[    1.893537] pci 0000:7f:00.7: [8086:344c] type 00 class 0x088000
[    1.893620] pci 0000:7f:01.0: [8086:344c] type 00 class 0x088000
[    1.893761] pci 0000:7f:01.1: [8086:344c] type 00 class 0x088000
[    1.893880] pci 0000:7f:01.2: [8086:344c] type 00 class 0x088000
[    1.893959] pci 0000:7f:01.3: [8086:344c] type 00 class 0x088000
[    1.894090] pci 0000:7f:01.4: [8086:344c] type 00 class 0x088000
[    1.894221] pci 0000:7f:01.5: [8086:344c] type 00 class 0x088000
[    1.894357] pci 0000:7f:01.6: [8086:344c] type 00 class 0x088000
[    1.894483] pci 0000:7f:01.7: [8086:344c] type 00 class 0x088000
[    1.894611] pci 0000:7f:02.0: [8086:344c] type 00 class 0x088000
[    1.894754] pci 0000:7f:02.1: [8086:344c] type 00 class 0x088000
[    1.894885] pci 0000:7f:02.2: [8086:344c] type 00 class 0x088000
[    1.895016] pci 0000:7f:02.3: [8086:344c] type 00 class 0x088000
[    1.895152] pci 0000:7f:02.4: [8086:344c] type 00 class 0x088000
[    1.895291] pci 0000:7f:02.5: [8086:344c] type 00 class 0x088000
[    1.895428] pci 0000:7f:02.6: [8086:344c] type 00 class 0x088000
[    1.895580] pci 0000:7f:02.7: [8086:344c] type 00 class 0x088000
[    1.895727] pci 0000:7f:03.0: [8086:344c] type 00 class 0x088000
[    1.895886] pci 0000:7f:03.1: [8086:344c] type 00 class 0x088000
[    1.896037] pci 0000:7f:03.2: [8086:344c] type 00 class 0x088000
[    1.896186] pci 0000:7f:03.3: [8086:344c] type 00 class 0x088000
[    1.896345] pci 0000:7f:0a.0: [8086:344d] type 00 class 0x088000
[    1.896457] pci 0000:7f:0a.1: [8086:344d] type 00 class 0x088000
[    1.896569] pci 0000:7f:0a.2: [8086:344d] type 00 class 0x088000
[    1.896686] pci 0000:7f:0a.3: [8086:344d] type 00 class 0x088000
[    1.896784] pci 0000:7f:0a.4: [8086:344d] type 00 class 0x088000
[    1.896903] pci 0000:7f:0a.5: [8086:344d] type 00 class 0x088000
[    1.897019] pci 0000:7f:0a.6: [8086:344d] type 00 class 0x088000
[    1.897096] pci 0000:7f:0a.7: [8086:344d] type 00 class 0x088000
[    1.897179] pci 0000:7f:0b.0: [8086:344d] type 00 class 0x088000
[    1.897320] pci 0000:7f:0b.1: [8086:344d] type 00 class 0x088000
[    1.897439] pci 0000:7f:0b.2: [8086:344d] type 00 class 0x088000
[    1.897522] pci 0000:7f:0b.3: [8086:344d] type 00 class 0x088000
[    1.897653] pci 0000:7f:0b.4: [8086:344d] type 00 class 0x088000
[    1.897784] pci 0000:7f:0b.5: [8086:344d] type 00 class 0x088000
[    1.897920] pci 0000:7f:0b.6: [8086:344d] type 00 class 0x088000
[    1.898040] pci 0000:7f:0b.7: [8086:344d] type 00 class 0x088000
[    1.898168] pci 0000:7f:0c.0: [8086:344d] type 00 class 0x088000
[    1.898312] pci 0000:7f:0c.1: [8086:344d] type 00 class 0x088000
[    1.898443] pci 0000:7f:0c.2: [8086:344d] type 00 class 0x088000
[    1.898580] pci 0000:7f:0c.3: [8086:344d] type 00 class 0x088000
[    1.898720] pci 0000:7f:0c.4: [8086:344d] type 00 class 0x088000
[    1.898857] pci 0000:7f:0c.5: [8086:344d] type 00 class 0x088000
[    1.898994] pci 0000:7f:0c.6: [8086:344d] type 00 class 0x088000
[    1.899139] pci 0000:7f:0c.7: [8086:344d] type 00 class 0x088000
[    1.899287] pci 0000:7f:0d.0: [8086:344d] type 00 class 0x088000
[    1.899452] pci 0000:7f:0d.1: [8086:344d] type 00 class 0x088000
[    1.899604] pci 0000:7f:0d.2: [8086:344d] type 00 class 0x088000
[    1.899759] pci 0000:7f:0d.3: [8086:344d] type 00 class 0x088000
[    1.899927] pci 0000:7f:1d.0: [8086:344f] type 00 class 0x088000
[    1.900051] pci 0000:7f:1d.1: [8086:3457] type 00 class 0x088000
[    1.900157] pci 0000:7f:1e.0: [8086:3458] type 00 class 0x088000
[    1.900235] pci 0000:7f:1e.1: [8086:3459] type 00 class 0x088000
[    1.900298] pci 0000:7f:1e.2: [8086:345a] type 00 class 0x088000
[    1.900361] pci 0000:7f:1e.3: [8086:345b] type 00 class 0x088000
[    1.900423] pci 0000:7f:1e.4: [8086:345c] type 00 class 0x088000
[    1.900489] pci 0000:7f:1e.5: [8086:345d] type 00 class 0x088000
[    1.900550] pci 0000:7f:1e.6: [8086:345e] type 00 class 0x088000
[    1.900611] pci 0000:7f:1e.7: [8086:345f] type 00 class 0x088000
[    1.900670] pci_bus 0000:7f: on NUMA node 0
[    1.900773] ACPI: PCI Root Bridge [PC06] (domain 0000 [bus 80])
[    1.900776] acpi PNP0A08:06: _OSC: OS supports [ExtendedConfig ASPM ClockPM Segments MSI HPX-Type3]
[    1.915248] acpi PNP0A08:06: _OSC: platform does not support [SHPCHotplug AER]
[    1.915460] acpi PNP0A08:06: _OSC: OS now controls [PCIeHotplug PME PCIeCapability LTR]
[    1.915461] acpi PNP0A08:06: FADT indicates ASPM is unsupported, using BIOS configuration
[    1.915607] PCI host bridge to bus 0000:80
[    1.915609] pci_bus 0000:80: root bus resource [io  0xb000-0xbfff window]
[    1.915610] pci_bus 0000:80: root bus resource [mem 0xc6800000-0xd0ffffff window]
[    1.915611] pci_bus 0000:80: root bus resource [mem 0x250000000000-0x25ffffffffff window]
[    1.915613] pci_bus 0000:80: root bus resource [bus 80]
[    1.915623] pci 0000:80:00.0: [8086:09a2] type 00 class 0x088000
[    1.915710] pci 0000:80:00.1: [8086:09a4] type 00 class 0x088000
[    1.915779] pci 0000:80:00.2: [8086:09a3] type 00 class 0x088000
[    1.915849] pci 0000:80:00.4: [8086:0998] type 00 class 0x060000
[    1.915919] pci 0000:80:02.0: [8086:09a6] type 00 class 0x088000
[    1.915928] pci 0000:80:02.0: reg 0x10: [mem 0xc6aa4000-0xc6aa5fff]
[    1.915993] pci 0000:80:02.1: [8086:09a7] type 00 class 0x088000
[    1.916001] pci 0000:80:02.1: reg 0x10: [mem 0xc6a00000-0xc6a7ffff]
[    1.916007] pci 0000:80:02.1: reg 0x14: [mem 0xc6980000-0xc69fffff]
[    1.916062] pci 0000:80:02.4: [8086:3456] type 00 class 0x130000
[    1.916073] pci 0000:80:02.4: reg 0x10: [mem 0xc6800000-0xc68fffff 64bit]
[    1.916080] pci 0000:80:02.4: reg 0x18: [mem 0xc6aa0000-0xc6aa3fff 64bit]
[    1.916088] pci 0000:80:02.4: reg 0x20: [mem 0xc6a80000-0xc6a9ffff 64bit]
[    1.916154] pci_bus 0000:80: on NUMA node 1
[    1.916233] ACPI: PCI Root Bridge [PC07] (domain 0000 [bus 81])
[    1.916235] acpi PNP0A08:07: _OSC: OS supports [ExtendedConfig ASPM ClockPM Segments MSI HPX-Type3]
[    1.930707] acpi PNP0A08:07: _OSC: platform does not support [SHPCHotplug AER]
[    1.930919] acpi PNP0A08:07: _OSC: OS now controls [PCIeHotplug PME PCIeCapability LTR]
[    1.930920] acpi PNP0A08:07: FADT indicates ASPM is unsupported, using BIOS configuration
[    1.931039] PCI host bridge to bus 0000:81
[    1.931040] pci_bus 0000:81: root bus resource [io  0xc000-0xcfff window]
[    1.931041] pci_bus 0000:81: root bus resource [mem 0xd1000000-0xdbbfffff window]
[    1.931043] pci_bus 0000:81: root bus resource [mem 0x260000000000-0x26ffffffffff window]
[    1.931044] pci_bus 0000:81: root bus resource [bus 81]
[    1.931054] pci 0000:81:00.0: [8086:09a2] type 00 class 0x088000
[    1.931123] pci 0000:81:00.1: [8086:09a4] type 00 class 0x088000
[    1.931190] pci 0000:81:00.2: [8086:09a3] type 00 class 0x088000
[    1.931261] pci 0000:81:00.4: [8086:0998] type 00 class 0x060000
[    1.931338] pci_bus 0000:81: on NUMA node 1
[    1.931410] ACPI: PCI Root Bridge [PC08] (domain 0000 [bus 82])
[    1.931413] acpi PNP0A08:08: _OSC: OS supports [ExtendedConfig ASPM ClockPM Segments MSI HPX-Type3]
[    1.945884] acpi PNP0A08:08: _OSC: platform does not support [SHPCHotplug AER]
[    1.946095] acpi PNP0A08:08: _OSC: OS now controls [PCIeHotplug PME PCIeCapability LTR]
[    1.946096] acpi PNP0A08:08: FADT indicates ASPM is unsupported, using BIOS configuration
[    1.946212] PCI host bridge to bus 0000:82
[    1.946213] pci_bus 0000:82: root bus resource [io  0xd000-0xdfff window]
[    1.946214] pci_bus 0000:82: root bus resource [mem 0xdbc00000-0xe67fffff window]
[    1.946215] pci_bus 0000:82: root bus resource [mem 0x270000000000-0x27ffffffffff window]
[    1.946217] pci_bus 0000:82: root bus resource [bus 82]
[    1.946226] pci 0000:82:00.0: [8086:09a2] type 00 class 0x088000
[    1.946296] pci 0000:82:00.1: [8086:09a4] type 00 class 0x088000
[    1.946369] pci 0000:82:00.2: [8086:09a3] type 00 class 0x088000
[    1.946437] pci 0000:82:00.4: [8086:0998] type 00 class 0x060000
[    1.946514] pci_bus 0000:82: on NUMA node 1
[    1.946616] ACPI: PCI Root Bridge [PC10] (domain 0000 [bus 83-f9])
[    1.946618] acpi PNP0A08:0a: _OSC: OS supports [ExtendedConfig ASPM ClockPM Segments MSI HPX-Type3]
[    1.961085] acpi PNP0A08:0a: _OSC: platform does not support [SHPCHotplug AER]
[    1.961295] acpi PNP0A08:0a: _OSC: OS now controls [PCIeHotplug PME PCIeCapability LTR]
[    1.961297] acpi PNP0A08:0a: FADT indicates ASPM is unsupported, using BIOS configuration
[    1.961421] PCI host bridge to bus 0000:83
[    1.961423] pci_bus 0000:83: root bus resource [io  0xe000-0xefff window]
[    1.961424] pci_bus 0000:83: root bus resource [mem 0xe6800000-0xf13fffff window]
[    1.961425] pci_bus 0000:83: root bus resource [mem 0x280000000000-0x28ffffffffff window]
[    1.961426] pci_bus 0000:83: root bus resource [bus 83-f9]
[    1.961437] pci 0000:83:00.0: [8086:09a2] type 00 class 0x088000
[    1.961507] pci 0000:83:00.1: [8086:09a4] type 00 class 0x088000
[    1.961575] pci 0000:83:00.2: [8086:09a3] type 00 class 0x088000
[    1.961645] pci 0000:83:00.4: [8086:0998] type 00 class 0x060000
[    1.961722] pci_bus 0000:83: on NUMA node 1
[    1.961796] ACPI: PCI Root Bridge [PC11] (domain 0000 [bus fa])
[    1.961798] acpi PNP0A08:0b: _OSC: OS supports [ExtendedConfig ASPM ClockPM Segments MSI HPX-Type3]
[    1.976257] acpi PNP0A08:0b: _OSC: platform does not support [SHPCHotplug AER]
[    1.976468] acpi PNP0A08:0b: _OSC: OS now controls [PCIeHotplug PME PCIeCapability LTR]
[    1.976469] acpi PNP0A08:0b: FADT indicates ASPM is unsupported, using BIOS configuration
[    1.976585] PCI host bridge to bus 0000:fa
[    1.976586] pci_bus 0000:fa: root bus resource [io  0xf000-0xffff window]
[    1.976587] pci_bus 0000:fa: root bus resource [mem 0xf1400000-0xfb7fffff window]
[    1.976588] pci_bus 0000:fa: root bus resource [mem 0x290000000000-0x29ffffffffff window]
[    1.976590] pci_bus 0000:fa: root bus resource [bus fa]
[    1.976600] pci 0000:fa:00.0: [8086:09a2] type 00 class 0x088000
[    1.976669] pci 0000:fa:00.1: [8086:09a4] type 00 class 0x088000
[    1.976744] pci 0000:fa:00.2: [8086:09a3] type 00 class 0x088000
[    1.976817] pci 0000:fa:00.4: [8086:0998] type 00 class 0x060000
[    1.976896] pci_bus 0000:fa: on NUMA node 1
[    1.976961] ACPI: PCI Root Bridge [UC16] (domain 0000 [bus fe])
[    1.976963] acpi PNP0A03:02: _OSC: OS supports [ExtendedConfig ASPM ClockPM Segments MSI HPX-Type3]
[    1.977060] acpi PNP0A03:02: _OSC: platform does not support [SHPCHotplug AER LTR]
[    1.977238] acpi PNP0A03:02: _OSC: OS now controls [PCIeHotplug PME PCIeCapability]
[    1.977239] acpi PNP0A03:02: FADT indicates ASPM is unsupported, using BIOS configuration
[    1.977369] PCI host bridge to bus 0000:fe
[    1.977370] pci_bus 0000:fe: root bus resource [bus fe]
[    1.977379] pci 0000:fe:00.0: [8086:3450] type 00 class 0x088000
[    1.977455] pci 0000:fe:00.1: [8086:3451] type 00 class 0x088000
[    1.977514] pci 0000:fe:00.2: [8086:3452] type 00 class 0x088000
[    1.977572] pci 0000:fe:00.3: [8086:0998] type 00 class 0x060000
[    1.977632] pci 0000:fe:00.5: [8086:3455] type 00 class 0x088000
[    1.977698] pci 0000:fe:02.0: [8086:3440] type 00 class 0x088000
[    1.977834] pci 0000:fe:02.1: [8086:3441] type 00 class 0x088000
[    1.977947] pci 0000:fe:02.2: [8086:3442] type 00 class 0x088000
[    1.978058] pci 0000:fe:03.0: [8086:3440] type 00 class 0x088000
[    1.978156] pci 0000:fe:03.1: [8086:3441] type 00 class 0x088000
[    1.978235] pci 0000:fe:03.2: [8086:3442] type 00 class 0x088000
[    1.978322] pci 0000:fe:04.0: [8086:3440] type 00 class 0x088000
[    1.978445] pci 0000:fe:04.1: [8086:3441] type 00 class 0x088000
[    1.978567] pci 0000:fe:04.2: [8086:3442] type 00 class 0x088000
[    1.978694] pci 0000:fe:04.3: [8086:3443] type 00 class 0x088000
[    1.978822] pci 0000:fe:05.0: [8086:3445] type 00 class 0x088000
[    1.978953] pci 0000:fe:05.1: [8086:3446] type 00 class 0x088000
[    1.979070] pci 0000:fe:05.2: [8086:3447] type 00 class 0x088000
[    1.979183] pci 0000:fe:06.0: [8086:3445] type 00 class 0x088000
[    1.979282] pci 0000:fe:06.1: [8086:3446] type 00 class 0x088000
[    1.979364] pci 0000:fe:06.2: [8086:3447] type 00 class 0x088000
[    1.979455] pci 0000:fe:07.0: [8086:3445] type 00 class 0x088000
[    1.979599] pci 0000:fe:07.1: [8086:3446] type 00 class 0x088000
[    1.979722] pci 0000:fe:07.2: [8086:3447] type 00 class 0x088000
[    1.979842] pci 0000:fe:0b.0: [8086:3448] type 00 class 0x088000
[    1.979924] pci 0000:fe:0b.1: [8086:3448] type 00 class 0x088000
[    1.979988] pci 0000:fe:0b.2: [8086:344b] type 00 class 0x088000
[    1.980061] pci 0000:fe:0c.0: [8086:344a] type 00 class 0x110100
[    1.980169] pci 0000:fe:0d.0: [8086:344a] type 00 class 0x110100
[    1.980273] pci 0000:fe:0e.0: [8086:344a] type 00 class 0x110100
[    1.980428] pci 0000:fe:0f.0: [8086:344a] type 00 class 0x110100
[    1.980588] pci 0000:fe:1a.0: [8086:2880] type 00 class 0x110100
[    1.980693] pci 0000:fe:1b.0: [8086:2880] type 00 class 0x110100
[    1.980796] pci 0000:fe:1c.0: [8086:2880] type 00 class 0x110100
[    1.980951] pci 0000:fe:1d.0: [8086:2880] type 00 class 0x110100
[    1.981104] pci_bus 0000:fe: on NUMA node 1
[    1.981186] ACPI: PCI Root Bridge [UC17] (domain 0000 [bus ff])
[    1.981188] acpi PNP0A03:03: _OSC: OS supports [ExtendedConfig ASPM ClockPM Segments MSI HPX-Type3]
[    1.981287] acpi PNP0A03:03: _OSC: platform does not support [SHPCHotplug AER LTR]
[    1.981464] acpi PNP0A03:03: _OSC: OS now controls [PCIeHotplug PME PCIeCapability]
[    1.981465] acpi PNP0A03:03: FADT indicates ASPM is unsupported, using BIOS configuration
[    1.981611] PCI host bridge to bus 0000:ff
[    1.981612] pci_bus 0000:ff: root bus resource [bus ff]
[    1.981626] pci 0000:ff:00.0: [8086:344c] type 00 class 0x088000
[    1.981746] pci 0000:ff:00.1: [8086:344c] type 00 class 0x088000
[    1.981858] pci 0000:ff:00.2: [8086:344c] type 00 class 0x088000
[    1.981961] pci 0000:ff:00.3: [8086:344c] type 00 class 0x088000
[    1.982080] pci 0000:ff:00.4: [8086:344c] type 00 class 0x088000
[    1.982196] pci 0000:ff:00.5: [8086:344c] type 00 class 0x088000
[    1.982289] pci 0000:ff:00.6: [8086:344c] type 00 class 0x088000
[    1.982414] pci 0000:ff:00.7: [8086:344c] type 00 class 0x088000
[    1.982541] pci 0000:ff:01.0: [8086:344c] type 00 class 0x088000
[    1.982687] pci 0000:ff:01.1: [8086:344c] type 00 class 0x088000
[    1.982810] pci 0000:ff:01.2: [8086:344c] type 00 class 0x088000
[    1.982898] pci 0000:ff:01.3: [8086:344c] type 00 class 0x088000
[    1.983035] pci 0000:ff:01.4: [8086:344c] type 00 class 0x088000
[    1.983172] pci 0000:ff:01.5: [8086:344c] type 00 class 0x088000
[    1.983313] pci 0000:ff:01.6: [8086:344c] type 00 class 0x088000
[    1.983439] pci 0000:ff:01.7: [8086:344c] type 00 class 0x088000
[    1.983571] pci 0000:ff:02.0: [8086:344c] type 00 class 0x088000
[    1.983724] pci 0000:ff:02.1: [8086:344c] type 00 class 0x088000
[    1.983855] pci 0000:ff:02.2: [8086:344c] type 00 class 0x088000
[    1.983997] pci 0000:ff:02.3: [8086:344c] type 00 class 0x088000
[    1.984133] pci 0000:ff:02.4: [8086:344c] type 00 class 0x088000
[    1.984270] pci 0000:ff:02.5: [8086:344c] type 00 class 0x088000
[    1.984414] pci 0000:ff:02.6: [8086:344c] type 00 class 0x088000
[    1.984557] pci 0000:ff:02.7: [8086:344c] type 00 class 0x088000
[    1.984709] pci 0000:ff:03.0: [8086:344c] type 00 class 0x088000
[    1.984877] pci 0000:ff:03.1: [8086:344c] type 00 class 0x088000
[    1.985026] pci 0000:ff:03.2: [8086:344c] type 00 class 0x088000
[    1.985189] pci 0000:ff:03.3: [8086:344c] type 00 class 0x088000
[    1.985353] pci 0000:ff:0a.0: [8086:344d] type 00 class 0x088000
[    1.985471] pci 0000:ff:0a.1: [8086:344d] type 00 class 0x088000
[    1.985583] pci 0000:ff:0a.2: [8086:344d] type 00 class 0x088000
[    1.985682] pci 0000:ff:0a.3: [8086:344d] type 00 class 0x088000
[    1.985801] pci 0000:ff:0a.4: [8086:344d] type 00 class 0x088000
[    1.985918] pci 0000:ff:0a.5: [8086:344d] type 00 class 0x088000
[    1.986012] pci 0000:ff:0a.6: [8086:344d] type 00 class 0x088000
[    1.986140] pci 0000:ff:0a.7: [8086:344d] type 00 class 0x088000
[    1.986267] pci 0000:ff:0b.0: [8086:344d] type 00 class 0x088000
[    1.986413] pci 0000:ff:0b.1: [8086:344d] type 00 class 0x088000
[    1.986537] pci 0000:ff:0b.2: [8086:344d] type 00 class 0x088000
[    1.986621] pci 0000:ff:0b.3: [8086:344d] type 00 class 0x088000
[    1.986757] pci 0000:ff:0b.4: [8086:344d] type 00 class 0x088000
[    1.986894] pci 0000:ff:0b.5: [8086:344d] type 00 class 0x088000
[    1.987034] pci 0000:ff:0b.6: [8086:344d] type 00 class 0x088000
[    1.987164] pci 0000:ff:0b.7: [8086:344d] type 00 class 0x088000
[    1.987298] pci 0000:ff:0c.0: [8086:344d] type 00 class 0x088000
[    1.987446] pci 0000:ff:0c.1: [8086:344d] type 00 class 0x088000
[    1.987577] pci 0000:ff:0c.2: [8086:344d] type 00 class 0x088000
[    1.987716] pci 0000:ff:0c.3: [8086:344d] type 00 class 0x088000
[    1.987851] pci 0000:ff:0c.4: [8086:344d] type 00 class 0x088000
[    1.987988] pci 0000:ff:0c.5: [8086:344d] type 00 class 0x088000
[    1.988132] pci 0000:ff:0c.6: [8086:344d] type 00 class 0x088000
[    1.988279] pci 0000:ff:0c.7: [8086:344d] type 00 class 0x088000
[    1.988431] pci 0000:ff:0d.0: [8086:344d] type 00 class 0x088000
[    1.988597] pci 0000:ff:0d.1: [8086:344d] type 00 class 0x088000
[    1.988746] pci 0000:ff:0d.2: [8086:344d] type 00 class 0x088000
[    1.988913] pci 0000:ff:0d.3: [8086:344d] type 00 class 0x088000
[    1.989087] pci 0000:ff:1d.0: [8086:344f] type 00 class 0x088000
[    1.989216] pci 0000:ff:1d.1: [8086:3457] type 00 class 0x088000
[    1.989327] pci 0000:ff:1e.0: [8086:3458] type 00 class 0x088000
[    1.989412] pci 0000:ff:1e.1: [8086:3459] type 00 class 0x088000
[    1.989478] pci 0000:ff:1e.2: [8086:345a] type 00 class 0x088000
[    1.989542] pci 0000:ff:1e.3: [8086:345b] type 00 class 0x088000
[    1.989606] pci 0000:ff:1e.4: [8086:345c] type 00 class 0x088000
[    1.989671] pci 0000:ff:1e.5: [8086:345d] type 00 class 0x088000
[    1.989734] pci 0000:ff:1e.6: [8086:345e] type 00 class 0x088000
[    1.989799] pci 0000:ff:1e.7: [8086:345f] type 00 class 0x088000
[    1.989861] pci_bus 0000:ff: on NUMA node 1
[    1.991039] iommu: Default domain type: Translated 
[    1.991039] iommu: DMA domain TLB invalidation policy: lazy mode 
[    1.991134] SCSI subsystem initialized
[    1.991164] libata version 3.00 loaded.
[    1.991164] ACPI: bus type USB registered
[    1.991164] usbcore: registered new interface driver usbfs
[    1.991164] usbcore: registered new interface driver hub
[    1.991164] usbcore: registered new device driver usb
[    1.991164] pps_core: LinuxPPS API ver. 1 registered
[    1.991164] pps_core: Software ver. 5.3.6 - Copyright 2005-2007 Rodolfo Giometti <giometti@linux.it>
[    1.991164] PTP clock support registered
[    1.995122] EDAC MC: Ver: 3.0.0
[    1.995700] Registered efivars operations
[    1.995700] NetLabel: Initializing
[    1.995700] NetLabel:  domain hash size = 128
[    1.995700] NetLabel:  protocols = UNLABELED CIPSOv4 CALIPSO
[    1.995700] NetLabel:  unlabeled traffic allowed by default
[    1.995700] PCI: Using ACPI for IRQ routing
[    1.995884] PCI: pci_cache_line_size set to 64 bytes
[    1.996445] e820: reserve RAM buffer [mem 0x0008f000-0x0008ffff]
[    1.996448] e820: reserve RAM buffer [mem 0x46cc4020-0x47ffffff]
[    1.996449] e820: reserve RAM buffer [mem 0x46cf6020-0x47ffffff]
[    1.996451] e820: reserve RAM buffer [mem 0x46d29020-0x47ffffff]
[    1.996452] e820: reserve RAM buffer [mem 0x46d5c020-0x47ffffff]
[    1.996452] e820: reserve RAM buffer [mem 0x49e77000-0x4bffffff]
[    1.996454] e820: reserve RAM buffer [mem 0x4b2cf000-0x4bffffff]
[    1.996455] e820: reserve RAM buffer [mem 0x4bd94000-0x4bffffff]
[    1.996456] e820: reserve RAM buffer [mem 0x4ce00000-0x4fffffff]
[    1.996457] e820: reserve RAM buffer [mem 0x5eefe000-0x5fffffff]
[    1.996458] e820: reserve RAM buffer [mem 0x6f800000-0x6fffffff]
[    1.999021] pci 0000:03:00.0: vgaarb: setting as boot VGA device
[    1.999021] pci 0000:03:00.0: vgaarb: bridge control possible
[    1.999021] pci 0000:03:00.0: vgaarb: VGA device added: decodes=io+mem,owns=io+mem,locks=none
[    1.999021] vgaarb: loaded
[    2.000308] hpet0: at MMIO 0xfed00000, IRQs 2, 8, 0, 0, 0, 0, 0, 0
[    2.000315] hpet0: 8 comparators, 64-bit 24.000000 MHz counter
[    2.003189] clocksource: Switched to clocksource tsc-early
[    2.012744] VFS: Disk quotas dquot_6.6.0
[    2.012779] VFS: Dquot-cache hash table entries: 512 (order 0, 4096 bytes)
[    2.012936] AppArmor: AppArmor Filesystem Enabled
[    2.012950] pnp: PnP ACPI init
[    2.028988] system 00:01: [io  0x0500-0x05fe] has been reserved
[    2.028991] system 00:01: [io  0x0400-0x041f] has been reserved
[    2.028992] system 00:01: [io  0x0600-0x061f] has been reserved
[    2.028994] system 00:01: [io  0x0ca0-0x0ca1] has been reserved
[    2.028995] system 00:01: [io  0x0ca4-0x0ca6] has been reserved
[    2.028998] system 00:01: [mem 0xff000000-0xffffffff] has been reserved
[    2.029596] system 00:04: [mem 0xfd000000-0xfdabffff] has been reserved
[    2.029598] system 00:04: [mem 0xfdad0000-0xfdadffff] has been reserved
[    2.029600] system 00:04: [mem 0xfdb00000-0xfdffffff] has been reserved
[    2.029602] system 00:04: [mem 0xfe000000-0xfe00ffff] has been reserved
[    2.029604] system 00:04: [mem 0xfe011000-0xfe01ffff] has been reserved
[    2.029605] system 00:04: [mem 0xfe036000-0xfe03bfff] has been reserved
[    2.029607] system 00:04: [mem 0xfe03d000-0xfe3fffff] has been reserved
[    2.029608] system 00:04: [mem 0xfe410000-0xfe7fffff] has been reserved
[    2.029922] system 00:05: [io  0x1000-0x10fe] has been reserved
[    2.030929] pnp: PnP ACPI: found 6 devices
[    2.036690] clocksource: acpi_pm: mask: 0xffffff max_cycles: 0xffffff, max_idle_ns: 2085701024 ns
[    2.036771] NET: Registered PF_INET protocol family
[    2.037097] IP idents hash table entries: 262144 (order: 9, 2097152 bytes, vmalloc)
[    2.039310] tcp_listen_portaddr_hash hash table entries: 32768 (order: 7, 524288 bytes, vmalloc)
[    2.039998] TCP established hash table entries: 524288 (order: 10, 4194304 bytes, vmalloc hugepage)
[    2.040623] TCP bind hash table entries: 65536 (order: 8, 1048576 bytes, vmalloc)
[    2.040687] TCP: Hash tables configured (established 524288 bind 65536)
[    2.040986] UDP hash table entries: 32768 (order: 8, 1048576 bytes, vmalloc)
[    2.041216] UDP-Lite hash table entries: 32768 (order: 8, 1048576 bytes, vmalloc)
[    2.041416] NET: Registered PF_UNIX/PF_LOCAL protocol family
[    2.041423] NET: Registered PF_XDP protocol family
[    2.041431] pci 0000:04:00.0: can't claim BAR 6 [mem 0xfffc0000-0xffffffff pref]: no compatible bridge window
[    2.041433] pci 0000:04:00.1: can't claim BAR 6 [mem 0xfffc0000-0xffffffff pref]: no compatible bridge window
[    2.041436] pci 0000:17:00.0: can't claim BAR 6 [mem 0xfff00000-0xffffffff pref]: no compatible bridge window
[    2.041451] pci 0000:00:1c.5: BAR 14: assigned [mem 0x90000000-0x900fffff]
[    2.041454] pci 0000:00:1c.0: PCI bridge to [bus 01]
[    2.041464] pci 0000:02:00.0: PCI bridge to [bus 03]
[    2.041469] pci 0000:02:00.0:   bridge window [mem 0x92000000-0x928fffff]
[    2.041473] pci 0000:02:00.0:   bridge window [mem 0x91000000-0x91ffffff 64bit pref]
[    2.041479] pci 0000:00:1c.4: PCI bridge to [bus 02-03]
[    2.041483] pci 0000:00:1c.4:   bridge window [mem 0x92000000-0x928fffff]
[    2.041486] pci 0000:00:1c.4:   bridge window [mem 0x91000000-0x91ffffff 64bit pref]
[    2.041491] pci 0000:04:00.0: BAR 6: assigned [mem 0x90000000-0x9003ffff pref]
[    2.041493] pci 0000:04:00.1: BAR 6: assigned [mem 0x90040000-0x9007ffff pref]
[    2.041494] pci 0000:00:1c.5: PCI bridge to [bus 04]
[    2.041497] pci 0000:00:1c.5:   bridge window [mem 0x90000000-0x900fffff]
[    2.041500] pci 0000:00:1c.5:   bridge window [mem 0x92900000-0x929fffff 64bit pref]
[    2.041505] pci_bus 0000:00: resource 4 [io  0x0000-0x0cf7 window]
[    2.041506] pci_bus 0000:00: resource 5 [io  0x1000-0x4fff window]
[    2.041508] pci_bus 0000:00: resource 6 [mem 0x000a0000-0x000bffff window]
[    2.041509] pci_bus 0000:00: resource 7 [mem 0x000c8000-0x000cffff window]
[    2.041510] pci_bus 0000:00: resource 8 [mem 0xfe010000-0xfe010fff window]
[    2.041512] pci_bus 0000:00: resource 9 [mem 0x90000000-0x9b7fffff window]
[    2.041513] pci_bus 0000:00: resource 10 [mem 0x200000000000-0x20ffffffffff window]
[    2.041515] pci_bus 0000:02: resource 1 [mem 0x92000000-0x928fffff]
[    2.041516] pci_bus 0000:02: resource 2 [mem 0x91000000-0x91ffffff 64bit pref]
[    2.041517] pci_bus 0000:03: resource 1 [mem 0x92000000-0x928fffff]
[    2.041518] pci_bus 0000:03: resource 2 [mem 0x91000000-0x91ffffff 64bit pref]
[    2.041519] pci_bus 0000:04: resource 1 [mem 0x90000000-0x900fffff]
[    2.041520] pci_bus 0000:04: resource 2 [mem 0x92900000-0x929fffff 64bit pref]
[    2.041597] pci 0000:17:00.0: BAR 6: no space for [mem size 0x00100000 pref]
[    2.041599] pci 0000:17:00.0: BAR 6: failed to assign [mem size 0x00100000 pref]
[    2.041601] pci 0000:16:02.0: PCI bridge to [bus 17]
[    2.041602] pci 0000:16:02.0:   bridge window [io  0x5000-0x5fff]
[    2.041605] pci 0000:16:02.0:   bridge window [mem 0x9ba00000-0x9bafffff]
[    2.041607] pci 0000:16:02.0:   bridge window [mem 0x9b800000-0x9b9fffff 64bit pref]
[    2.041611] pci_bus 0000:16: resource 4 [io  0x5000-0x6fff window]
[    2.041612] pci_bus 0000:16: resource 5 [mem 0x9b800000-0xa63fffff window]
[    2.041613] pci_bus 0000:16: resource 6 [mem 0x210000000000-0x21ffffffffff window]
[    2.041615] pci_bus 0000:17: resource 0 [io  0x5000-0x5fff]
[    2.041616] pci_bus 0000:17: resource 1 [mem 0x9ba00000-0x9bafffff]
[    2.041617] pci_bus 0000:17: resource 2 [mem 0x9b800000-0x9b9fffff 64bit pref]
[    2.041623] pci_bus 0000:30: resource 4 [io  0x7000-0x8fff window]
[    2.041625] pci_bus 0000:30: resource 5 [mem 0xa6400000-0xb0ffffff window]
[    2.041626] pci_bus 0000:30: resource 6 [mem 0x220000000000-0x22ffffffffff window]
[    2.041632] pci_bus 0000:4a: resource 4 [io  0x9000-0x9fff window]
[    2.041633] pci_bus 0000:4a: resource 5 [mem 0xb1000000-0xbbbfffff window]
[    2.041634] pci_bus 0000:4a: resource 6 [mem 0x230000000000-0x23ffffffffff window]
