[    0.000000] Linux version 5.18.0 (xmu@xmu-PowerEdge-R750) (gcc (Ubuntu 8.4.0-1ubuntu1~18.04) 8.4.0, GNU ld (GNU Binutils for Ubuntu) 2.30) #1 SMP PREEMPT_DYNAMIC Sat Apr 6 15:16:25 CST 2024
[    0.000000] Command line: BOOT_IMAGE=/boot/vmlinuz-5.18.0 root=UUID=ce0c24b8-724b-4f33-9b2c-618433560aef ro memmap=37200M!4096M memmap=59G!64G quiet splash nomodeset vt.handoff=1
[    0.000000] KERNEL supported cpus:
[    0.000000]   Intel GenuineIntel
[    0.000000]   AMD AuthenticAMD
[    0.000000]   Hygon HygonGenuine
[    0.000000]   Centaur CentaurHauls
[    0.000000]   zhaoxin   Shanghai  
[    0.000000] x86/split lock detection: #AC: crashing the kernel on kernel split_locks and warning on user-space split_locks
[    0.000000] x86/fpu: Supporting XSAVE feature 0x001: 'x87 floating point registers'
[    0.000000] x86/fpu: Supporting XSAVE feature 0x002: 'SSE registers'
[    0.000000] x86/fpu: Supporting XSAVE feature 0x004: 'AVX registers'
[    0.000000] x86/fpu: Supporting XSAVE feature 0x020: 'AVX-512 opmask'
[    0.000000] x86/fpu: Supporting XSAVE feature 0x040: 'AVX-512 Hi256'
[    0.000000] x86/fpu: Supporting XSAVE feature 0x080: 'AVX-512 ZMM_Hi256'
[    0.000000] x86/fpu: Supporting XSAVE feature 0x200: 'Protection Keys User registers'
[    0.000000] x86/fpu: xstate_offset[2]:  576, xstate_sizes[2]:  256
[    0.000000] x86/fpu: xstate_offset[5]:  832, xstate_sizes[5]:   64
[    0.000000] x86/fpu: xstate_offset[6]:  896, xstate_sizes[6]:  512
[    0.000000] x86/fpu: xstate_offset[7]: 1408, xstate_sizes[7]: 1024
[    0.000000] x86/fpu: xstate_offset[9]: 2432, xstate_sizes[9]:    8
[    0.000000] x86/fpu: Enabled xstate features 0x2e7, context size is 2440 bytes, using 'compacted' format.
[    0.000000] signal: max sigframe size: 3632
[    0.000000] BIOS-provided physical RAM map:
[    0.000000] BIOS-e820: [mem 0x0000000000000000-0x000000000008efff] usable
[    0.000000] BIOS-e820: [mem 0x000000000008f000-0x000000000008ffff] reserved
[    0.000000] BIOS-e820: [mem 0x0000000000090000-0x000000000009ffff] usable
[    0.000000] BIOS-e820: [mem 0x00000000000a0000-0x00000000000fffff] reserved
[    0.000000] BIOS-e820: [mem 0x0000000000100000-0x0000000049e76fff] usable
[    0.000000] BIOS-e820: [mem 0x0000000049e77000-0x000000004ae76fff] ACPI NVS
[    0.000000] BIOS-e820: [mem 0x000000004ae77000-0x000000004b2cefff] usable
[    0.000000] BIOS-e820: [mem 0x000000004b2cf000-0x000000004b54dfff] ACPI data
[    0.000000] BIOS-e820: [mem 0x000000004b54e000-0x000000004bd93fff] usable
[    0.000000] BIOS-e820: [mem 0x000000004bd94000-0x000000004be99fff] reserved
[    0.000000] BIOS-e820: [mem 0x000000004be9a000-0x000000004cdfffff] usable
[    0.000000] BIOS-e820: [mem 0x000000004ce00000-0x000000004cffffff] reserved
[    0.000000] BIOS-e820: [mem 0x000000004d000000-0x000000005eefdfff] usable
[    0.000000] BIOS-e820: [mem 0x000000005eefe000-0x000000006e3fefff] reserved
[    0.000000] BIOS-e820: [mem 0x000000006e3ff000-0x000000006f3fefff] ACPI NVS
[    0.000000] BIOS-e820: [mem 0x000000006f3ff000-0x000000006f7fefff] ACPI data
[    0.000000] BIOS-e820: [mem 0x000000006f7ff000-0x000000006f7fffff] usable
[    0.000000] BIOS-e820: [mem 0x000000006f800000-0x000000008fffffff] reserved
[    0.000000] BIOS-e820: [mem 0x00000000fe000000-0x00000000fe010fff] reserved
[    0.000000] BIOS-e820: [mem 0x0000000100000000-0x000000207fffffff] usable
[    0.000000] BIOS-e820: [mem 0x0000002080000000-0x0000011c7fffffff] persistent (type 7)
[    0.000000] BIOS-e820: [mem 0x00001ffc00000000-0x00001fffffffffff] reserved
[    0.000000] NX (Execute Disable) protection: active
[    0.000000] e820: update [mem 0x46d5c020-0x46d6405f] usable ==> usable
[    0.000000] e820: update [mem 0x46d5c020-0x46d6405f] usable ==> usable
[    0.000000] e820: update [mem 0x46d29020-0x46d5bc5f] usable ==> usable
[    0.000000] e820: update [mem 0x46d29020-0x46d5bc5f] usable ==> usable
[    0.000000] e820: update [mem 0x46cf6020-0x46d28c5f] usable ==> usable
[    0.000000] e820: update [mem 0x46cf6020-0x46d28c5f] usable ==> usable
[    0.000000] e820: update [mem 0x46cc4020-0x46cf5a5f] usable ==> usable
[    0.000000] e820: update [mem 0x46cc4020-0x46cf5a5f] usable ==> usable
[    0.000000] extended physical RAM map:
[    0.000000] reserve setup_data: [mem 0x0000000000000000-0x000000000008efff] usable
[    0.000000] reserve setup_data: [mem 0x000000000008f000-0x000000000008ffff] reserved
[    0.000000] reserve setup_data: [mem 0x0000000000090000-0x000000000009ffff] usable
[    0.000000] reserve setup_data: [mem 0x00000000000a0000-0x00000000000fffff] reserved
[    0.000000] reserve setup_data: [mem 0x0000000000100000-0x0000000046cc401f] usable
[    0.000000] reserve setup_data: [mem 0x0000000046cc4020-0x0000000046cf5a5f] usable
[    0.000000] reserve setup_data: [mem 0x0000000046cf5a60-0x0000000046cf601f] usable
[    0.000000] reserve setup_data: [mem 0x0000000046cf6020-0x0000000046d28c5f] usable
[    0.000000] reserve setup_data: [mem 0x0000000046d28c60-0x0000000046d2901f] usable
[    0.000000] reserve setup_data: [mem 0x0000000046d29020-0x0000000046d5bc5f] usable
[    0.000000] reserve setup_data: [mem 0x0000000046d5bc60-0x0000000046d5c01f] usable
[    0.000000] reserve setup_data: [mem 0x0000000046d5c020-0x0000000046d6405f] usable
[    0.000000] reserve setup_data: [mem 0x0000000046d64060-0x0000000049e76fff] usable
[    0.000000] reserve setup_data: [mem 0x0000000049e77000-0x000000004ae76fff] ACPI NVS
[    0.000000] reserve setup_data: [mem 0x000000004ae77000-0x000000004b2cefff] usable
[    0.000000] reserve setup_data: [mem 0x000000004b2cf000-0x000000004b54dfff] ACPI data
[    0.000000] reserve setup_data: [mem 0x000000004b54e000-0x000000004bd93fff] usable
[    0.000000] reserve setup_data: [mem 0x000000004bd94000-0x000000004be99fff] reserved
[    0.000000] reserve setup_data: [mem 0x000000004be9a000-0x000000004cdfffff] usable
[    0.000000] reserve setup_data: [mem 0x000000004ce00000-0x000000004cffffff] reserved
[    0.000000] reserve setup_data: [mem 0x000000004d000000-0x000000005eefdfff] usable
[    0.000000] reserve setup_data: [mem 0x000000005eefe000-0x000000006e3fefff] reserved
[    0.000000] reserve setup_data: [mem 0x000000006e3ff000-0x000000006f3fefff] ACPI NVS
[    0.000000] reserve setup_data: [mem 0x000000006f3ff000-0x000000006f7fefff] ACPI data
[    0.000000] reserve setup_data: [mem 0x000000006f7ff000-0x000000006f7fffff] usable
[    0.000000] reserve setup_data: [mem 0x000000006f800000-0x000000008fffffff] reserved
[    0.000000] reserve setup_data: [mem 0x00000000fe000000-0x00000000fe010fff] reserved
[    0.000000] reserve setup_data: [mem 0x0000000100000000-0x0000000a14ffffff] persistent (type 12)
[    0.000000] reserve setup_data: [mem 0x0000000a15000000-0x0000000fffffffff] usable
[    0.000000] reserve setup_data: [mem 0x0000001000000000-0x0000001ebfffffff] persistent (type 12)
[    0.000000] reserve setup_data: [mem 0x0000001ec0000000-0x000000207fffffff] usable
[    0.000000] reserve setup_data: [mem 0x0000002080000000-0x0000011c7fffffff] persistent (type 7)
[    0.000000] reserve setup_data: [mem 0x00001ffc00000000-0x00001fffffffffff] reserved
[    0.000000] user-defined physical RAM map:
[    0.000000] user: [mem 0x0000000000000000-0x000000000008efff] usable
[    0.000000] user: [mem 0x000000000008f000-0x000000000008ffff] reserved
[    0.000000] user: [mem 0x0000000000090000-0x000000000009ffff] usable
[    0.000000] user: [mem 0x00000000000a0000-0x00000000000fffff] reserved
[    0.000000] user: [mem 0x0000000000100000-0x0000000046cc401f] usable
[    0.000000] user: [mem 0x0000000046cc4020-0x0000000046cf5a5f] usable
[    0.000000] user: [mem 0x0000000046cf5a60-0x0000000046cf601f] usable
[    0.000000] user: [mem 0x0000000046cf6020-0x0000000046d28c5f] usable
[    0.000000] user: [mem 0x0000000046d28c60-0x0000000046d2901f] usable
[    0.000000] user: [mem 0x0000000046d29020-0x0000000046d5bc5f] usable
[    0.000000] user: [mem 0x0000000046d5bc60-0x0000000046d5c01f] usable
[    0.000000] user: [mem 0x0000000046d5c020-0x0000000046d6405f] usable
[    0.000000] user: [mem 0x0000000046d64060-0x0000000049e76fff] usable
[    0.000000] user: [mem 0x0000000049e77000-0x000000004ae76fff] ACPI NVS
[    0.000000] user: [mem 0x000000004ae77000-0x000000004b2cefff] usable
[    0.000000] user: [mem 0x000000004b2cf000-0x000000004b54dfff] ACPI data
[    0.000000] user: [mem 0x000000004b54e000-0x000000004bd93fff] usable
[    0.000000] user: [mem 0x000000004bd94000-0x000000004be99fff] reserved
[    0.000000] user: [mem 0x000000004be9a000-0x000000004cdfffff] usable
[    0.000000] user: [mem 0x000000004ce00000-0x000000004cffffff] reserved
[    0.000000] user: [mem 0x000000004d000000-0x000000005eefdfff] usable
[    0.000000] user: [mem 0x000000005eefe000-0x000000006e3fefff] reserved
[    0.000000] user: [mem 0x000000006e3ff000-0x000000006f3fefff] ACPI NVS
[    0.000000] user: [mem 0x000000006f3ff000-0x000000006f7fefff] ACPI data
[    0.000000] user: [mem 0x000000006f7ff000-0x000000006f7fffff] usable
[    0.000000] user: [mem 0x000000006f800000-0x000000008fffffff] reserved
[    0.000000] user: [mem 0x00000000fe000000-0x00000000fe010fff] reserved
[    0.000000] user: [mem 0x0000000100000000-0x0000000a14ffffff] persistent (type 12)
[    0.000000] user: [mem 0x0000000a15000000-0x0000000fffffffff] usable
[    0.000000] user: [mem 0x0000001000000000-0x0000001ebfffffff] persistent (type 12)
[    0.000000] user: [mem 0x0000001ec0000000-0x000000207fffffff] usable
[    0.000000] user: [mem 0x0000002080000000-0x0000011c7fffffff] persistent (type 7)
[    0.000000] user: [mem 0x00001ffc00000000-0x00001fffffffffff] reserved
[    0.000000] efi: EFI v2.70 by Dell Inc.
[    0.000000] efi: ACPI=0x6f7fe000 ACPI 2.0=0x6f7fe014 MEMATTR=0x5b070020 SMBIOS=0x69526000 SMBIOS 3.0=0x69524000 MOKvar=0x5ef81000 RNG=0x5ef8a920 
[    0.000000] efi: seeding entropy pool
[    0.000000] SMBIOS 3.3.0 present.
[    0.000000] DMI: Dell Inc. PowerEdge R750/0K8F35, BIOS 1.10.2 03/03/2023
[    0.000000] tsc: Detected 2000.000 MHz processor
[    0.000007] e820: update [mem 0x00000000-0x00000fff] usable ==> reserved
[    0.000009] e820: remove [mem 0x000a0000-0x000fffff] usable
[    0.000018] last_pfn = 0x2080000 max_arch_pfn = 0x400000000
[    0.000196] x86/PAT: Configuration [0-7]: WB  WC  UC- UC  WB  WP  UC- WT  
[    0.002852] total RAM covered: 2095088M
[    0.002937]  gran_size: 64K 	chunk_size: 64K 	num_reg: 10  	lose cover RAM: 2016G
[    0.002940]  gran_size: 64K 	chunk_size: 128K 	num_reg: 10  	lose cover RAM: 2016G
[    0.002941]  gran_size: 64K 	chunk_size: 256K 	num_reg: 10  	lose cover RAM: 2016G
[    0.002942]  gran_size: 64K 	chunk_size: 512K 	num_reg: 10  	lose cover RAM: 2016G
[    0.002944]  gran_size: 64K 	chunk_size: 1M 	num_reg: 10  	lose cover RAM: 2016G
[    0.002945]  gran_size: 64K 	chunk_size: 2M 	num_reg: 10  	lose cover RAM: 2016G
[    0.002947]  gran_size: 64K 	chunk_size: 4M 	num_reg: 10  	lose cover RAM: 2016G
[    0.002948]  gran_size: 64K 	chunk_size: 8M 	num_reg: 10  	lose cover RAM: 2016G
[    0.002949]  gran_size: 64K 	chunk_size: 16M 	num_reg: 10  	lose cover RAM: 2016G
[    0.002951]  gran_size: 64K 	chunk_size: 32M 	num_reg: 10  	lose cover RAM: 1024G
[    0.002952]  gran_size: 64K 	chunk_size: 64M 	num_reg: 10  	lose cover RAM: 1024G
[    0.002953]  gran_size: 64K 	chunk_size: 128M 	num_reg: 10  	lose cover RAM: 1024G
[    0.002955]  gran_size: 64K 	chunk_size: 256M 	num_reg: 10  	lose cover RAM: 1024G
[    0.002956]  gran_size: 64K 	chunk_size: 512M 	num_reg: 10  	lose cover RAM: 1024G
[    0.002958]  gran_size: 64K 	chunk_size: 1G 	num_reg: 10  	lose cover RAM: 1024G
[    0.002959]  gran_size: 64K 	chunk_size: 2G 	num_reg: 10  	lose cover RAM: 1024G
[    0.002960]  gran_size: 128K 	chunk_size: 128K 	num_reg: 10  	lose cover RAM: 2016G
[    0.002962]  gran_size: 128K 	chunk_size: 256K 	num_reg: 10  	lose cover RAM: 2016G
[    0.002963]  gran_size: 128K 	chunk_size: 512K 	num_reg: 10  	lose cover RAM: 2016G
[    0.002964]  gran_size: 128K 	chunk_size: 1M 	num_reg: 10  	lose cover RAM: 2016G
[    0.002966]  gran_size: 128K 	chunk_size: 2M 	num_reg: 10  	lose cover RAM: 2016G
[    0.002967]  gran_size: 128K 	chunk_size: 4M 	num_reg: 10  	lose cover RAM: 2016G
[    0.002968]  gran_size: 128K 	chunk_size: 8M 	num_reg: 10  	lose cover RAM: 2016G
[    0.002969]  gran_size: 128K 	chunk_size: 16M 	num_reg: 10  	lose cover RAM: 2016G
[    0.002971]  gran_size: 128K 	chunk_size: 32M 	num_reg: 10  	lose cover RAM: 1024G
[    0.002972]  gran_size: 128K 	chunk_size: 64M 	num_reg: 10  	lose cover RAM: 1024G
[    0.002973]  gran_size: 128K 	chunk_size: 128M 	num_reg: 10  	lose cover RAM: 1024G
[    0.002975]  gran_size: 128K 	chunk_size: 256M 	num_reg: 10  	lose cover RAM: 1024G
[    0.002976]  gran_size: 128K 	chunk_size: 512M 	num_reg: 10  	lose cover RAM: 1024G
[    0.002978]  gran_size: 128K 	chunk_size: 1G 	num_reg: 10  	lose cover RAM: 1024G
[    0.002979]  gran_size: 128K 	chunk_size: 2G 	num_reg: 10  	lose cover RAM: 1024G
[    0.002980]  gran_size: 256K 	chunk_size: 256K 	num_reg: 10  	lose cover RAM: 2016G
[    0.002982]  gran_size: 256K 	chunk_size: 512K 	num_reg: 10  	lose cover RAM: 2016G
[    0.002983]  gran_size: 256K 	chunk_size: 1M 	num_reg: 10  	lose cover RAM: 2016G
[    0.002985]  gran_size: 256K 	chunk_size: 2M 	num_reg: 10  	lose cover RAM: 2016G
[    0.002986]  gran_size: 256K 	chunk_size: 4M 	num_reg: 10  	lose cover RAM: 2016G
[    0.002987]  gran_size: 256K 	chunk_size: 8M 	num_reg: 10  	lose cover RAM: 2016G
[    0.002988]  gran_size: 256K 	chunk_size: 16M 	num_reg: 10  	lose cover RAM: 2016G
[    0.002990]  gran_size: 256K 	chunk_size: 32M 	num_reg: 10  	lose cover RAM: 1024G
[    0.002991]  gran_size: 256K 	chunk_size: 64M 	num_reg: 10  	lose cover RAM: 1024G
[    0.002992]  gran_size: 256K 	chunk_size: 128M 	num_reg: 10  	lose cover RAM: 1024G
[    0.002994]  gran_size: 256K 	chunk_size: 256M 	num_reg: 10  	lose cover RAM: 1024G
[    0.002995]  gran_size: 256K 	chunk_size: 512M 	num_reg: 10  	lose cover RAM: 1024G
[    0.002996]  gran_size: 256K 	chunk_size: 1G 	num_reg: 10  	lose cover RAM: 1024G
[    0.002998]  gran_size: 256K 	chunk_size: 2G 	num_reg: 10  	lose cover RAM: 1024G
[    0.002999]  gran_size: 512K 	chunk_size: 512K 	num_reg: 10  	lose cover RAM: 2016G
[    0.003000]  gran_size: 512K 	chunk_size: 1M 	num_reg: 10  	lose cover RAM: 2016G
[    0.003002]  gran_size: 512K 	chunk_size: 2M 	num_reg: 10  	lose cover RAM: 2016G
[    0.003003]  gran_size: 512K 	chunk_size: 4M 	num_reg: 10  	lose cover RAM: 2016G
[    0.003004]  gran_size: 512K 	chunk_size: 8M 	num_reg: 10  	lose cover RAM: 2016G
[    0.003005]  gran_size: 512K 	chunk_size: 16M 	num_reg: 10  	lose cover RAM: 2016G
[    0.003007]  gran_size: 512K 	chunk_size: 32M 	num_reg: 10  	lose cover RAM: 1024G
[    0.003008]  gran_size: 512K 	chunk_size: 64M 	num_reg: 10  	lose cover RAM: 1024G
[    0.003009]  gran_size: 512K 	chunk_size: 128M 	num_reg: 10  	lose cover RAM: 1024G
[    0.003011]  gran_size: 512K 	chunk_size: 256M 	num_reg: 10  	lose cover RAM: 1024G
[    0.003012]  gran_size: 512K 	chunk_size: 512M 	num_reg: 10  	lose cover RAM: 1024G
[    0.003013]  gran_size: 512K 	chunk_size: 1G 	num_reg: 10  	lose cover RAM: 1024G
[    0.003015]  gran_size: 512K 	chunk_size: 2G 	num_reg: 10  	lose cover RAM: 1024G
[    0.003016]  gran_size: 1M 	chunk_size: 1M 	num_reg: 10  	lose cover RAM: 2016G
[    0.003018]  gran_size: 1M 	chunk_size: 2M 	num_reg: 10  	lose cover RAM: 2016G
[    0.003019]  gran_size: 1M 	chunk_size: 4M 	num_reg: 10  	lose cover RAM: 2016G
[    0.003020]  gran_size: 1M 	chunk_size: 8M 	num_reg: 10  	lose cover RAM: 2016G
[    0.003022]  gran_size: 1M 	chunk_size: 16M 	num_reg: 10  	lose cover RAM: 2016G
[    0.003023]  gran_size: 1M 	chunk_size: 32M 	num_reg: 10  	lose cover RAM: 1024G
[    0.003024]  gran_size: 1M 	chunk_size: 64M 	num_reg: 10  	lose cover RAM: 1024G
[    0.003026]  gran_size: 1M 	chunk_size: 128M 	num_reg: 10  	lose cover RAM: 1024G
[    0.003027]  gran_size: 1M 	chunk_size: 256M 	num_reg: 10  	lose cover RAM: 1024G
[    0.003028]  gran_size: 1M 	chunk_size: 512M 	num_reg: 10  	lose cover RAM: 1024G
[    0.003030]  gran_size: 1M 	chunk_size: 1G 	num_reg: 10  	lose cover RAM: 1024G
[    0.003031]  gran_size: 1M 	chunk_size: 2G 	num_reg: 10  	lose cover RAM: 1024G
[    0.003032]  gran_size: 2M 	chunk_size: 2M 	num_reg: 10  	lose cover RAM: 2016G
[    0.003034]  gran_size: 2M 	chunk_size: 4M 	num_reg: 10  	lose cover RAM: 2016G
[    0.003035]  gran_size: 2M 	chunk_size: 8M 	num_reg: 10  	lose cover RAM: 2016G
[    0.003036]  gran_size: 2M 	chunk_size: 16M 	num_reg: 10  	lose cover RAM: 2016G
[    0.003037]  gran_size: 2M 	chunk_size: 32M 	num_reg: 10  	lose cover RAM: 1024G
[    0.003039]  gran_size: 2M 	chunk_size: 64M 	num_reg: 10  	lose cover RAM: 1024G
[    0.003040]  gran_size: 2M 	chunk_size: 128M 	num_reg: 10  	lose cover RAM: 1024G
[    0.003041]  gran_size: 2M 	chunk_size: 256M 	num_reg: 10  	lose cover RAM: 1024G
[    0.003043]  gran_size: 2M 	chunk_size: 512M 	num_reg: 10  	lose cover RAM: 1024G
[    0.003044]  gran_size: 2M 	chunk_size: 1G 	num_reg: 10  	lose cover RAM: 1024G
[    0.003045]  gran_size: 2M 	chunk_size: 2G 	num_reg: 10  	lose cover RAM: 1024G
[    0.003047]  gran_size: 4M 	chunk_size: 4M 	num_reg: 10  	lose cover RAM: 2016G
[    0.003048]  gran_size: 4M 	chunk_size: 8M 	num_reg: 10  	lose cover RAM: 2016G
[    0.003050]  gran_size: 4M 	chunk_size: 16M 	num_reg: 10  	lose cover RAM: 2016G
[    0.003051]  gran_size: 4M 	chunk_size: 32M 	num_reg: 10  	lose cover RAM: 1024G
[    0.003052]  gran_size: 4M 	chunk_size: 64M 	num_reg: 10  	lose cover RAM: 1024G
[    0.003053]  gran_size: 4M 	chunk_size: 128M 	num_reg: 10  	lose cover RAM: 1024G
[    0.003055]  gran_size: 4M 	chunk_size: 256M 	num_reg: 10  	lose cover RAM: 1024G
[    0.003056]  gran_size: 4M 	chunk_size: 512M 	num_reg: 10  	lose cover RAM: 1024G
[    0.003057]  gran_size: 4M 	chunk_size: 1G 	num_reg: 10  	lose cover RAM: 1024G
[    0.003059]  gran_size: 4M 	chunk_size: 2G 	num_reg: 10  	lose cover RAM: 1024G
[    0.003060]  gran_size: 8M 	chunk_size: 8M 	num_reg: 10  	lose cover RAM: 2016G
[    0.003061]  gran_size: 8M 	chunk_size: 16M 	num_reg: 10  	lose cover RAM: 2016G
[    0.003063]  gran_size: 8M 	chunk_size: 32M 	num_reg: 10  	lose cover RAM: 1024G
[    0.003064]  gran_size: 8M 	chunk_size: 64M 	num_reg: 10  	lose cover RAM: 1024G
[    0.003065]  gran_size: 8M 	chunk_size: 128M 	num_reg: 10  	lose cover RAM: 1024G
[    0.003066]  gran_size: 8M 	chunk_size: 256M 	num_reg: 10  	lose cover RAM: 1024G
[    0.003068]  gran_size: 8M 	chunk_size: 512M 	num_reg: 10  	lose cover RAM: 1024G
[    0.003069]  gran_size: 8M 	chunk_size: 1G 	num_reg: 10  	lose cover RAM: 1024G
[    0.003070]  gran_size: 8M 	chunk_size: 2G 	num_reg: 10  	lose cover RAM: 1024G
[    0.003072]  gran_size: 16M 	chunk_size: 16M 	num_reg: 10  	lose cover RAM: 2016G
[    0.003073]  gran_size: 16M 	chunk_size: 32M 	num_reg: 10  	lose cover RAM: 1024G
[    0.003074]  gran_size: 16M 	chunk_size: 64M 	num_reg: 10  	lose cover RAM: 1024G
[    0.003076]  gran_size: 16M 	chunk_size: 128M 	num_reg: 10  	lose cover RAM: 1024G
[    0.003077]  gran_size: 16M 	chunk_size: 256M 	num_reg: 10  	lose cover RAM: 1024G
[    0.003078]  gran_size: 16M 	chunk_size: 512M 	num_reg: 10  	lose cover RAM: 1024G
[    0.003080]  gran_size: 16M 	chunk_size: 1G 	num_reg: 10  	lose cover RAM: 1024G
[    0.003081]  gran_size: 16M 	chunk_size: 2G 	num_reg: 10  	lose cover RAM: 1024G
[    0.003083]  gran_size: 32M 	chunk_size: 32M 	num_reg: 10  	lose cover RAM: 2031632M
[    0.003084]  gran_size: 32M 	chunk_size: 64M 	num_reg: 10  	lose cover RAM: 1048592M
[    0.003086]  gran_size: 32M 	chunk_size: 128M 	num_reg: 10  	lose cover RAM: 1048592M
[    0.003087]  gran_size: 32M 	chunk_size: 256M 	num_reg: 10  	lose cover RAM: 1048592M
[    0.003088]  gran_size: 32M 	chunk_size: 512M 	num_reg: 10  	lose cover RAM: 1048592M
[    0.003090]  gran_size: 32M 	chunk_size: 1G 	num_reg: 10  	lose cover RAM: 1048592M
[    0.003091]  gran_size: 32M 	chunk_size: 2G 	num_reg: 10  	lose cover RAM: 1048592M
[    0.003092]  gran_size: 64M 	chunk_size: 64M 	num_reg: 10  	lose cover RAM: 1966128M
[    0.003094]  gran_size: 64M 	chunk_size: 128M 	num_reg: 10  	lose cover RAM: 1048624M
[    0.003095]  gran_size: 64M 	chunk_size: 256M 	num_reg: 10  	lose cover RAM: 1048624M
[    0.003096]  gran_size: 64M 	chunk_size: 512M 	num_reg: 10  	lose cover RAM: 1048624M
[    0.003097]  gran_size: 64M 	chunk_size: 1G 	num_reg: 10  	lose cover RAM: 1048624M
[    0.003099]  gran_size: 64M 	chunk_size: 2G 	num_reg: 10  	lose cover RAM: 1048624M
[    0.003100]  gran_size: 128M 	chunk_size: 128M 	num_reg: 10  	lose cover RAM: 1835120M
[    0.003102]  gran_size: 128M 	chunk_size: 256M 	num_reg: 10  	lose cover RAM: 1048688M
[    0.003103]  gran_size: 128M 	chunk_size: 512M 	num_reg: 10  	lose cover RAM: 1048688M
[    0.003104]  gran_size: 128M 	chunk_size: 1G 	num_reg: 10  	lose cover RAM: 1048688M
[    0.003106]  gran_size: 128M 	chunk_size: 2G 	num_reg: 10  	lose cover RAM: 1048688M
[    0.003107]  gran_size: 256M 	chunk_size: 256M 	num_reg: 10  	lose cover RAM: 1573104M
[    0.003109]  gran_size: 256M 	chunk_size: 512M 	num_reg: 10  	lose cover RAM: 1048816M
[    0.003110]  gran_size: 256M 	chunk_size: 1G 	num_reg: 10  	lose cover RAM: 1048816M
[    0.003111]  gran_size: 256M 	chunk_size: 2G 	num_reg: 10  	lose cover RAM: 1048816M
[    0.003113]  gran_size: 512M 	chunk_size: 512M 	num_reg: 10  	lose cover RAM: 1049072M
[    0.003114]  gran_size: 512M 	chunk_size: 1G 	num_reg: 10  	lose cover RAM: 1049072M
[    0.003115]  gran_size: 512M 	chunk_size: 2G 	num_reg: 10  	lose cover RAM: 1049072M
[    0.003117]  gran_size: 1G 	chunk_size: 1G 	num_reg: 10  	lose cover RAM: 1008M
[    0.003118]  gran_size: 1G 	chunk_size: 2G 	num_reg: 10  	lose cover RAM: 1008M
[    0.003119]  gran_size: 2G 	chunk_size: 2G 	num_reg: 9  	lose cover RAM: 2032M
[    0.003121] mtrr_cleanup: can not find optimal value
[    0.003121] please specify mtrr_gran_size/mtrr_chunk_size
[    0.003124] e820: update [mem 0x7f000000-0xffffffff] usable ==> reserved
[    0.003127] x2apic: enabled by BIOS, switching to x2apic ops
[    0.003128] last_pfn = 0x6f800 max_arch_pfn = 0x400000000
[    0.014545] Using GB pages for direct mapping
[    0.016140] Secure boot disabled
[    0.016141] RAMDISK: [mem 0x205de61000-0x207fffffff]
[    0.016146] ACPI: Early table checksum verification disabled
[    0.016148] ACPI: RSDP 0x000000006F7FE014 000024 (v02 DELL  )
[    0.016152] ACPI: XSDT 0x000000006F41C188 0000F4 (v01 DELL   PE_SC3   00000000 DELL 01000013)
[    0.016158] ACPI: FACP 0x000000006F430000 000114 (v06 DELL   PE_SC3   00000000 DELL 00000001)
[    0.016163] ACPI: DSDT 0x000000004B4CE000 07FAD3 (v02 DELL   PE_SC3   00000003 DELL 00000001)
[    0.016167] ACPI: FACS 0x000000006F2F2000 000040
[    0.016170] ACPI: SSDT 0x000000006F7FB000 00159A (v02 INTEL  RAS_ACPI 00000001 INTL 20210331)
[    0.016174] ACPI: SSDT 0x000000006F7FA000 000745 (v02 INTEL  ADDRXLAT 00000001 INTL 20210331)
[    0.016177] ACPI: MCEJ 0x000000006F7F9000 000130 (v01 INTEL           00000001 INTL 0100000D)
[    0.016180] ACPI: BERT 0x000000006F7F8000 000030 (v01 DELL   PE_SC3   00000001 INTL 00000001)
[    0.016184] ACPI: ERST 0x000000006F7F7000 000230 (v01 DELL   PE_SC3   00000001 INTL 00000001)
[    0.016187] ACPI: SSDT 0x000000006F431000 3C524E (v02 INTEL  SSDTNVDR 00001000 INTL 20210331)
[    0.016191] ACPI: HMAT 0x000000006F42F000 000210 (v01 DELL   PE_SC3   00000001 DELL 00000001)
[    0.016194] ACPI: HPET 0x000000006F42E000 000038 (v01 DELL   PE_SC3   00000001 DELL 00000001)
[    0.016197] ACPI: MCFG 0x000000006F42D000 00003C (v01 DELL   PE_SC3   00000001 DELL 00000001)
[    0.016201] ACPI: MIGT 0x000000006F42C000 000040 (v01 DELL   PE_SC3   00000000 DELL 00000001)
[    0.016204] ACPI: MSCT 0x000000006F42B000 000090 (v01 DELL   PE_SC3   00000001 DELL 00000001)
[    0.016207] ACPI: PMTT 0x000000006F429000 0011E8 (v02 DELL   PE_SC3   00000001 DELL 00000001)
[    0.016211] ACPI: WSMT 0x000000006F428000 000028 (v01 DELL   PE_SC3   00000000 DELL 00000001)
[    0.016214] ACPI: APIC 0x000000006F427000 00075E (v04 DELL   PE_SC3   00000000 DELL 00000001)
[    0.016217] ACPI: SLIT 0x000000006F426000 00003C (v01 DELL   PE_SC3   00000001 DELL 01000013)
[    0.016221] ACPI: SRAT 0x000000006F41F000 006430 (v03 DELL   PE_SC3   00000002 DELL 01000013)
[    0.016224] ACPI: OEM4 0x000000004B346000 187A61 (v02 INTEL  CPU  CST 00003000 INTL 20210331)
[    0.016227] ACPI: SSDT 0x000000004B2CF000 0764A5 (v02 INTEL  SSDT  PM 00004000 INTL 20210331)
[    0.016231] ACPI: SSDT 0x000000006F41E000 000A1F (v02 DELL   PE_SC3   00000000 DELL 00000001)
[    0.016234] ACPI: HEST 0x000000006F41D000 00017C (v01 DELL   PE_SC3   00000001 INTL 00000001)
[    0.016237] ACPI: PCAT 0x000000006F41B000 00010C (v19 DELL   PE_SC3   00000002 DELL 00000001)
[    0.016241] ACPI: SSDT 0x000000006F413000 007299 (v02 INTEL  SpsNm    00000002 INTL 20210331)
[    0.016244] ACPI: SSDT 0x000000006F412000 000426 (v02 DELL   PE_SC3   00000002 DELL 00000001)
[    0.016247] ACPI: NFIT 0x000000006F7FD000 000488 (v01 DELL   PE_SC3   00000002 DELL 00000001)
[    0.016251] ACPI: DMAR 0x000000006F411000 000158 (v01 DELL   PE_SC3   00000001 DELL 00000001)
[    0.016253] ACPI: Reserving FACP table memory at [mem 0x6f430000-0x6f430113]
[    0.016255] ACPI: Reserving DSDT table memory at [mem 0x4b4ce000-0x4b54dad2]
[    0.016256] ACPI: Reserving FACS table memory at [mem 0x6f2f2000-0x6f2f203f]
[    0.016257] ACPI: Reserving SSDT table memory at [mem 0x6f7fb000-0x6f7fc599]
[    0.016258] ACPI: Reserving SSDT table memory at [mem 0x6f7fa000-0x6f7fa744]
[    0.016259] ACPI: Reserving MCEJ table memory at [mem 0x6f7f9000-0x6f7f912f]
[    0.016260] ACPI: Reserving BERT table memory at [mem 0x6f7f8000-0x6f7f802f]
[    0.016261] ACPI: Reserving ERST table memory at [mem 0x6f7f7000-0x6f7f722f]
[    0.016262] ACPI: Reserving SSDT table memory at [mem 0x6f431000-0x6f7f624d]
[    0.016263] ACPI: Reserving HMAT table memory at [mem 0x6f42f000-0x6f42f20f]
[    0.016263] ACPI: Reserving HPET table memory at [mem 0x6f42e000-0x6f42e037]
[    0.016264] ACPI: Reserving MCFG table memory at [mem 0x6f42d000-0x6f42d03b]
[    0.016265] ACPI: Reserving MIGT table memory at [mem 0x6f42c000-0x6f42c03f]
[    0.016266] ACPI: Reserving MSCT table memory at [mem 0x6f42b000-0x6f42b08f]
[    0.016267] ACPI: Reserving PMTT table memory at [mem 0x6f429000-0x6f42a1e7]
[    0.016268] ACPI: Reserving WSMT table memory at [mem 0x6f428000-0x6f428027]
[    0.016269] ACPI: Reserving APIC table memory at [mem 0x6f427000-0x6f42775d]
[    0.016270] ACPI: Reserving SLIT table memory at [mem 0x6f426000-0x6f42603b]
[    0.016271] ACPI: Reserving SRAT table memory at [mem 0x6f41f000-0x6f42542f]
[    0.016272] ACPI: Reserving OEM4 table memory at [mem 0x4b346000-0x4b4cda60]
[    0.016272] ACPI: Reserving SSDT table memory at [mem 0x4b2cf000-0x4b3454a4]
[    0.016274] ACPI: Reserving SSDT table memory at [mem 0x6f41e000-0x6f41ea1e]
[    0.016274] ACPI: Reserving HEST table memory at [mem 0x6f41d000-0x6f41d17b]
[    0.016275] ACPI: Reserving PCAT table memory at [mem 0x6f41b000-0x6f41b10b]
[    0.016276] ACPI: Reserving SSDT table memory at [mem 0x6f413000-0x6f41a298]
[    0.016277] ACPI: Reserving SSDT table memory at [mem 0x6f412000-0x6f412425]
[    0.016278] ACPI: Reserving NFIT table memory at [mem 0x6f7fd000-0x6f7fd487]
[    0.016279] ACPI: Reserving DMAR table memory at [mem 0x6f411000-0x6f411157]
[    0.016290] Setting APIC routing to cluster x2apic.
[    0.016337] SRAT: PXM 0 -> APIC 0x0000 -> Node 0
[    0.016338] SRAT: PXM 0 -> APIC 0x0001 -> Node 0
[    0.016339] SRAT: PXM 0 -> APIC 0x0002 -> Node 0
[    0.016340] SRAT: PXM 0 -> APIC 0x0003 -> Node 0
[    0.016340] SRAT: PXM 0 -> APIC 0x0004 -> Node 0
[    0.016341] SRAT: PXM 0 -> APIC 0x0005 -> Node 0
[    0.016342] SRAT: PXM 0 -> APIC 0x0006 -> Node 0
[    0.016342] SRAT: PXM 0 -> APIC 0x0007 -> Node 0
[    0.016343] SRAT: PXM 0 -> APIC 0x0008 -> Node 0
[    0.016344] SRAT: PXM 0 -> APIC 0x0009 -> Node 0
[    0.016344] SRAT: PXM 0 -> APIC 0x000a -> Node 0
[    0.016345] SRAT: PXM 0 -> APIC 0x000b -> Node 0
[    0.016346] SRAT: PXM 0 -> APIC 0x000c -> Node 0
[    0.016346] SRAT: PXM 0 -> APIC 0x000d -> Node 0
[    0.016347] SRAT: PXM 0 -> APIC 0x000e -> Node 0
[    0.016348] SRAT: PXM 0 -> APIC 0x000f -> Node 0
[    0.016349] SRAT: PXM 0 -> APIC 0x0010 -> Node 0
[    0.016350] SRAT: PXM 0 -> APIC 0x0011 -> Node 0
[    0.016350] SRAT: PXM 0 -> APIC 0x0012 -> Node 0
[    0.016351] SRAT: PXM 0 -> APIC 0x0013 -> Node 0
[    0.016352] SRAT: PXM 0 -> APIC 0x0014 -> Node 0
[    0.016352] SRAT: PXM 0 -> APIC 0x0015 -> Node 0
[    0.016353] SRAT: PXM 0 -> APIC 0x0016 -> Node 0
[    0.016354] SRAT: PXM 0 -> APIC 0x0017 -> Node 0
[    0.016354] SRAT: PXM 0 -> APIC 0x0018 -> Node 0
[    0.016355] SRAT: PXM 0 -> APIC 0x0019 -> Node 0
[    0.016356] SRAT: PXM 0 -> APIC 0x001a -> Node 0
[    0.016356] SRAT: PXM 0 -> APIC 0x001b -> Node 0
[    0.016357] SRAT: PXM 0 -> APIC 0x001c -> Node 0
[    0.016358] SRAT: PXM 0 -> APIC 0x001d -> Node 0
[    0.016358] SRAT: PXM 0 -> APIC 0x001e -> Node 0
[    0.016359] SRAT: PXM 0 -> APIC 0x001f -> Node 0
[    0.016359] SRAT: PXM 0 -> APIC 0x0020 -> Node 0
[    0.016360] SRAT: PXM 0 -> APIC 0x0021 -> Node 0
[    0.016361] SRAT: PXM 0 -> APIC 0x0022 -> Node 0
[    0.016361] SRAT: PXM 0 -> APIC 0x0023 -> Node 0
[    0.016362] SRAT: PXM 0 -> APIC 0x0024 -> Node 0
[    0.016363] SRAT: PXM 0 -> APIC 0x0025 -> Node 0
[    0.016364] SRAT: PXM 0 -> APIC 0x0026 -> Node 0
[    0.016364] SRAT: PXM 0 -> APIC 0x0027 -> Node 0
[    0.016365] SRAT: PXM 0 -> APIC 0x0028 -> Node 0
[    0.016365] SRAT: PXM 0 -> APIC 0x0029 -> Node 0
[    0.016366] SRAT: PXM 0 -> APIC 0x002a -> Node 0
[    0.016367] SRAT: PXM 0 -> APIC 0x002b -> Node 0
[    0.016367] SRAT: PXM 0 -> APIC 0x002c -> Node 0
[    0.016368] SRAT: PXM 0 -> APIC 0x002d -> Node 0
[    0.016369] SRAT: PXM 0 -> APIC 0x002e -> Node 0
[    0.016369] SRAT: PXM 0 -> APIC 0x002f -> Node 0
[    0.016370] SRAT: PXM 0 -> APIC 0x0030 -> Node 0
[    0.016371] SRAT: PXM 0 -> APIC 0x0031 -> Node 0
[    0.016371] SRAT: PXM 0 -> APIC 0x0032 -> Node 0
[    0.016372] SRAT: PXM 0 -> APIC 0x0033 -> Node 0
[    0.016373] SRAT: PXM 0 -> APIC 0x0034 -> Node 0
[    0.016373] SRAT: PXM 0 -> APIC 0x0035 -> Node 0
[    0.016374] SRAT: PXM 0 -> APIC 0x0036 -> Node 0
[    0.016375] SRAT: PXM 0 -> APIC 0x0037 -> Node 0
[    0.016375] SRAT: PXM 1 -> APIC 0x0080 -> Node 1
[    0.016376] SRAT: PXM 1 -> APIC 0x0081 -> Node 1
[    0.016377] SRAT: PXM 1 -> APIC 0x0082 -> Node 1
[    0.016377] SRAT: PXM 1 -> APIC 0x0083 -> Node 1
[    0.016378] SRAT: PXM 1 -> APIC 0x0084 -> Node 1
[    0.016379] SRAT: PXM 1 -> APIC 0x0085 -> Node 1
[    0.016380] SRAT: PXM 1 -> APIC 0x0086 -> Node 1
[    0.016380] SRAT: PXM 1 -> APIC 0x0087 -> Node 1
[    0.016381] SRAT: PXM 1 -> APIC 0x0088 -> Node 1
[    0.016382] SRAT: PXM 1 -> APIC 0x0089 -> Node 1
[    0.016382] SRAT: PXM 1 -> APIC 0x008a -> Node 1
[    0.016383] SRAT: PXM 1 -> APIC 0x008b -> Node 1
[    0.016384] SRAT: PXM 1 -> APIC 0x008c -> Node 1
[    0.016384] SRAT: PXM 1 -> APIC 0x008d -> Node 1
[    0.016385] SRAT: PXM 1 -> APIC 0x008e -> Node 1
[    0.016386] SRAT: PXM 1 -> APIC 0x008f -> Node 1
[    0.016386] SRAT: PXM 1 -> APIC 0x0090 -> Node 1
[    0.016387] SRAT: PXM 1 -> APIC 0x0091 -> Node 1
[    0.016388] SRAT: PXM 1 -> APIC 0x0092 -> Node 1
[    0.016388] SRAT: PXM 1 -> APIC 0x0093 -> Node 1
[    0.016389] SRAT: PXM 1 -> APIC 0x0094 -> Node 1
[    0.016390] SRAT: PXM 1 -> APIC 0x0095 -> Node 1
[    0.016390] SRAT: PXM 1 -> APIC 0x0096 -> Node 1
[    0.016391] SRAT: PXM 1 -> APIC 0x0097 -> Node 1
[    0.016392] SRAT: PXM 1 -> APIC 0x0098 -> Node 1
[    0.016392] SRAT: PXM 1 -> APIC 0x0099 -> Node 1
[    0.016393] SRAT: PXM 1 -> APIC 0x009a -> Node 1
[    0.016394] SRAT: PXM 1 -> APIC 0x009b -> Node 1
[    0.016394] SRAT: PXM 1 -> APIC 0x009c -> Node 1
[    0.016395] SRAT: PXM 1 -> APIC 0x009d -> Node 1
[    0.016396] SRAT: PXM 1 -> APIC 0x009e -> Node 1
[    0.016396] SRAT: PXM 1 -> APIC 0x009f -> Node 1
[    0.016397] SRAT: PXM 1 -> APIC 0x00a0 -> Node 1
[    0.016398] SRAT: PXM 1 -> APIC 0x00a1 -> Node 1
[    0.016398] SRAT: PXM 1 -> APIC 0x00a2 -> Node 1
[    0.016399] SRAT: PXM 1 -> APIC 0x00a3 -> Node 1
[    0.016400] SRAT: PXM 1 -> APIC 0x00a4 -> Node 1
[    0.016400] SRAT: PXM 1 -> APIC 0x00a5 -> Node 1
[    0.016401] SRAT: PXM 1 -> APIC 0x00a6 -> Node 1
[    0.016402] SRAT: PXM 1 -> APIC 0x00a7 -> Node 1
[    0.016402] SRAT: PXM 1 -> APIC 0x00a8 -> Node 1
[    0.016403] SRAT: PXM 1 -> APIC 0x00a9 -> Node 1
[    0.016403] SRAT: PXM 1 -> APIC 0x00aa -> Node 1
[    0.016404] SRAT: PXM 1 -> APIC 0x00ab -> Node 1
[    0.016405] SRAT: PXM 1 -> APIC 0x00ac -> Node 1
[    0.016405] SRAT: PXM 1 -> APIC 0x00ad -> Node 1
[    0.016406] SRAT: PXM 1 -> APIC 0x00ae -> Node 1
[    0.016407] SRAT: PXM 1 -> APIC 0x00af -> Node 1
[    0.016407] SRAT: PXM 1 -> APIC 0x00b0 -> Node 1
[    0.016408] SRAT: PXM 1 -> APIC 0x00b1 -> Node 1
[    0.016409] SRAT: PXM 1 -> APIC 0x00b2 -> Node 1
[    0.016410] SRAT: PXM 1 -> APIC 0x00b3 -> Node 1
[    0.016411] SRAT: PXM 1 -> APIC 0x00b4 -> Node 1
[    0.016411] SRAT: PXM 1 -> APIC 0x00b5 -> Node 1
[    0.016412] SRAT: PXM 1 -> APIC 0x00b6 -> Node 1
[    0.016413] SRAT: PXM 1 -> APIC 0x00b7 -> Node 1
[    0.016426] ACPI: SRAT: Node 0 PXM 0 [mem 0x00000000-0x7fffffff]
[    0.016427] ACPI: SRAT: Node 0 PXM 0 [mem 0x100000000-0x107fffffff]
[    0.016429] ACPI: SRAT: Node 2 PXM 2 [mem 0x2080000000-0x9e7fffffff] non-volatile
[    0.016430] ACPI: SRAT: Node 1 PXM 1 [mem 0x1080000000-0x207fffffff]
[    0.016431] ACPI: SRAT: Node 3 PXM 3 [mem 0x9e80000000-0x11c7fffffff] non-volatile
[    0.016441] NUMA: Initialized distance table, cnt=4
[    0.016444] NUMA: Node 0 [mem 0x00000000-0x7fffffff] + [mem 0x100000000-0x107fffffff] -> [mem 0x00000000-0x107fffffff]
[    0.016453] NODE_DATA(0) allocated [mem 0xffffd5000-0xfffffffff]
[    0.016472] NODE_DATA(1) allocated [mem 0x205de33000-0x205de5dfff]
[    0.016651] Zone ranges:
[    0.016651]   DMA      [mem 0x0000000000001000-0x0000000000ffffff]
[    0.016653]   DMA32    [mem 0x0000000001000000-0x00000000ffffffff]
[    0.016655]   Normal   [mem 0x0000000100000000-0x000000207fffffff]
[    0.016656]   Device   empty
[    0.016657] Movable zone start for each node
[    0.016661] Early memory node ranges
[    0.016661]   node   0: [mem 0x0000000000001000-0x000000000008efff]
[    0.016663]   node   0: [mem 0x0000000000090000-0x000000000009ffff]
[    0.016664]   node   0: [mem 0x0000000000100000-0x0000000049e76fff]
[    0.016665]   node   0: [mem 0x000000004ae77000-0x000000004b2cefff]
[    0.016666]   node   0: [mem 0x000000004b54e000-0x000000004bd93fff]
[    0.016666]   node   0: [mem 0x000000004be9a000-0x000000004cdfffff]
[    0.016667]   node   0: [mem 0x000000004d000000-0x000000005eefdfff]
[    0.016668]   node   0: [mem 0x000000006f7ff000-0x000000006f7fffff]
[    0.016669]   node   0: [mem 0x0000000a15000000-0x0000000fffffffff]
[    0.016671]   node   1: [mem 0x0000001ec0000000-0x000000207fffffff]
[    0.016673] Initmem setup node 0 [mem 0x0000000000001000-0x0000000fffffffff]
[    0.016676] Initmem setup node 1 [mem 0x0000001ec0000000-0x000000207fffffff]
[    0.016678] Initializing node 2 as memoryless
[    0.016699] Initmem setup node 2 as memoryless
[    0.016700] Initializing node 3 as memoryless
[    0.016724] Initmem setup node 3 as memoryless
[    0.016726] On node 0, zone DMA: 1 pages in unavailable ranges
[    0.016727] On node 0, zone DMA: 1 pages in unavailable ranges
[    0.016755] On node 0, zone DMA: 96 pages in unavailable ranges
[    0.018983] On node 0, zone DMA32: 4096 pages in unavailable ranges
[    0.019004] On node 0, zone DMA32: 639 pages in unavailable ranges
[    0.019038] On node 0, zone DMA32: 262 pages in unavailable ranges
[    0.019572] On node 0, zone DMA32: 512 pages in unavailable ranges
[    0.019844] On node 0, zone DMA32: 35073 pages in unavailable ranges
[    0.066312] On node 0, zone Normal: 22528 pages in unavailable ranges
[    0.080603] ACPI: PM-Timer IO Port: 0x508
[    0.080621] ACPI: X2APIC_NMI (uid[0xffffffff] high edge lint[0x1])
[    0.080625] ACPI: LAPIC_NMI (acpi_id[0xff] high edge lint[0x1])
[    0.080644] IOAPIC[0]: apic_id 8, version 32, address 0xfec00000, GSI 0-119
[    0.080648] ACPI: INT_SRC_OVR (bus 0 bus_irq 0 global_irq 2 dfl dfl)
[    0.080649] ACPI: INT_SRC_OVR (bus 0 bus_irq 9 global_irq 9 high level)
[    0.080654] ACPI: Using ACPI (MADT) for SMP configuration information
[    0.080655] ACPI: HPET id: 0x8086a701 base: 0xfed00000
[    0.080659] TSC deadline timer available
[    0.080660] smpboot: Allowing 112 CPUs, 0 hotplug CPUs
[    0.080689] PM: hibernation: Registered nosave memory: [mem 0x00000000-0x00000fff]
[    0.080692] PM: hibernation: Registered nosave memory: [mem 0x0008f000-0x0008ffff]
[    0.080694] PM: hibernation: Registered nosave memory: [mem 0x000a0000-0x000fffff]
[    0.080695] PM: hibernation: Registered nosave memory: [mem 0x46cc4000-0x46cc4fff]
[    0.080697] PM: hibernation: Registered nosave memory: [mem 0x46cf5000-0x46cf5fff]
[    0.080698] PM: hibernation: Registered nosave memory: [mem 0x46cf6000-0x46cf6fff]
[    0.080700] PM: hibernation: Registered nosave memory: [mem 0x46d28000-0x46d28fff]
[    0.080701] PM: hibernation: Registered nosave memory: [mem 0x46d29000-0x46d29fff]
[    0.080703] PM: hibernation: Registered nosave memory: [mem 0x46d5b000-0x46d5bfff]
[    0.080703] PM: hibernation: Registered nosave memory: [mem 0x46d5c000-0x46d5cfff]
[    0.080705] PM: hibernation: Registered nosave memory: [mem 0x46d64000-0x46d64fff]
[    0.080707] PM: hibernation: Registered nosave memory: [mem 0x49e77000-0x4ae76fff]
[    0.080709] PM: hibernation: Registered nosave memory: [mem 0x4b2cf000-0x4b54dfff]
[    0.080711] PM: hibernation: Registered nosave memory: [mem 0x4bd94000-0x4be99fff]
[    0.080713] PM: hibernation: Registered nosave memory: [mem 0x4ce00000-0x4cffffff]
[    0.080714] PM: hibernation: Registered nosave memory: [mem 0x5eefe000-0x6e3fefff]
[    0.080715] PM: hibernation: Registered nosave memory: [mem 0x6e3ff000-0x6f3fefff]
[    0.080716] PM: hibernation: Registered nosave memory: [mem 0x6f3ff000-0x6f7fefff]
[    0.080718] PM: hibernation: Registered nosave memory: [mem 0x6f800000-0x8fffffff]
[    0.080719] PM: hibernation: Registered nosave memory: [mem 0x90000000-0xfdffffff]
[    0.080719] PM: hibernation: Registered nosave memory: [mem 0xfe000000-0xfe010fff]
[    0.080720] PM: hibernation: Registered nosave memory: [mem 0xfe011000-0xffffffff]
[    0.080721] PM: hibernation: Registered nosave memory: [mem 0x100000000-0xa14ffffff]
[    0.080723] PM: hibernation: Registered nosave memory: [mem 0x1000000000-0x1ebfffffff]
[    0.080724] [mem 0x90000000-0xfdffffff] available for PCI devices
[    0.080726] Booting paravirtualized kernel on bare hardware
[    0.080729] clocksource: refined-jiffies: mask: 0xffffffff max_cycles: 0xffffffff, max_idle_ns: 7645519600211568 ns
[    0.080735] setup_percpu: NR_CPUS:8192 nr_cpumask_bits:112 nr_cpu_ids:112 nr_node_ids:4
[    0.085488] percpu: Embedded 61 pages/cpu s212992 r8192 d28672 u262144
[    0.085500] pcpu-alloc: s212992 r8192 d28672 u262144 alloc=1*2097152
[    0.085503] pcpu-alloc: [0] 000 002 004 006 008 010 012 014 
[    0.085509] pcpu-alloc: [0] 016 018 020 022 024 026 028 030 
[    0.085514] pcpu-alloc: [0] 032 034 036 038 040 042 044 046 
[    0.085518] pcpu-alloc: [0] 048 050 052 054 056 058 060 062 
[    0.085523] pcpu-alloc: [0] 064 066 068 070 072 074 076 078 
[    0.085527] pcpu-alloc: [0] 080 082 084 086 088 090 092 094 
[    0.085532] pcpu-alloc: [0] 096 098 100 102 104 106 108 110 
[    0.085536] pcpu-alloc: [1] 001 003 005 007 009 011 013 015 
[    0.085541] pcpu-alloc: [1] 017 019 021 023 025 027 029 031 
[    0.085545] pcpu-alloc: [1] 033 035 037 039 041 043 045 047 
[    0.085550] pcpu-alloc: [1] 049 051 053 055 057 059 061 063 
[    0.085554] pcpu-alloc: [1] 065 067 069 071 073 075 077 079 
[    0.085559] pcpu-alloc: [1] 081 083 085 087 089 091 093 095 
[    0.085563] pcpu-alloc: [1] 097 099 101 103 105 107 109 111 
[    0.085610] Fallback order for Node 0: 0 1 
[    0.085613] Fallback order for Node 1: 1 0 
[    0.085616] Fallback order for Node 2: 2 0 1 
[    0.085619] Fallback order for Node 3: 3 1 0 
[    0.085626] Built 2 zonelists, mobility grouping on.  Total pages: 8290900
[    0.085628] Policy zone: Normal
[    0.085629] Kernel command line: BOOT_IMAGE=/boot/vmlinuz-5.18.0 root=UUID=ce0c24b8-724b-4f33-9b2c-618433560aef ro memmap=37200M!4096M memmap=59G!64G quiet splash nomodeset vt.handoff=1
[    0.085754] Booted with the nomodeset parameter. Only the system framebuffer will be available
[    0.085776] Unknown kernel command line parameters "splash BOOT_IMAGE=/boot/vmlinuz-5.18.0", will be passed to user space.
[    0.085778] printk: log_buf_len individual max cpu contribution: 4096 bytes
[    0.085779] printk: log_buf_len total cpu_extra contributions: 454656 bytes
[    0.085780] printk: log_buf_len min size: 262144 bytes
[    0.086765] printk: log_buf_len: 1048576 bytes
[    0.086766] printk: early log buf free: 223664(85%)
[    0.088674] mem auto-init: stack:off, heap alloc:on, heap free:off
[    0.172086] Memory: 32335788K/33694816K available (16392K kernel code, 3615K rwdata, 10444K rodata, 2688K init, 5836K bss, 1358768K reserved, 0K cma-reserved)
[    0.172093] random: get_random_u64 called from __kmem_cache_create+0x2d/0x480 with crng_init=0
[    0.172787] SLUB: HWalign=64, Order=0-3, MinObjects=0, CPUs=112, Nodes=4
[    0.172820] ftrace: allocating 48795 entries in 191 pages
[    0.181356] ftrace: allocated 191 pages with 7 groups
[    0.182319] Dynamic Preempt: voluntary
[    0.182657] rcu: Preemptible hierarchical RCU implementation.
[    0.182658] rcu: 	RCU restricting CPUs from NR_CPUS=8192 to nr_cpu_ids=112.
[    0.182660] 	Trampoline variant of Tasks RCU enabled.
[    0.182660] 	Rude variant of Tasks RCU enabled.
[    0.182661] 	Tracing variant of Tasks RCU enabled.
[    0.182662] rcu: RCU calculated value of scheduler-enlistment delay is 25 jiffies.
[    0.182663] rcu: Adjusting geometry for rcu_fanout_leaf=16, nr_cpu_ids=112
[    0.186525] NR_IRQS: 524544, nr_irqs: 2952, preallocated irqs: 16
[    0.186873] random: crng init done (trusting CPU's manufacturer)
[    0.187005] Console: colour dummy device 80x25
[    0.187040] printk: console [tty0] enabled
[    0.187237] mempolicy: Enabling automatic NUMA balancing. Configure with numa_balancing= or the kernel.numa_balancing sysctl
[    0.187241] ACPI: Core revision 20211217
[    0.190635] clocksource: hpet: mask: 0xffffffff max_cycles: 0xffffffff, max_idle_ns: 79635855245 ns
[    0.190680] APIC: Switch to symmetric I/O mode setup
[    0.190681] DMAR: Host address width 46
[    0.190682] DMAR: DRHD base: 0x000000d0ffc000 flags: 0x0
[    0.190688] DMAR: dmar0: reg_base_addr d0ffc000 ver 4:0 cap 8ed008c40780466 ecap 60000f050df
[    0.190690] DMAR: DRHD base: 0x000000dbbfc000 flags: 0x0
[    0.190693] DMAR: dmar1: reg_base_addr dbbfc000 ver 4:0 cap 8ed008c40780466 ecap 60000f050df
[    0.190695] DMAR: DRHD base: 0x000000e67fc000 flags: 0x0
[    0.190699] DMAR: dmar2: reg_base_addr e67fc000 ver 4:0 cap 8ed008c40780466 ecap 60000f050df
[    0.190701] DMAR: DRHD base: 0x000000f13fc000 flags: 0x0
[    0.190703] DMAR: dmar3: reg_base_addr f13fc000 ver 4:0 cap 8ed008c40780466 ecap 60000f050df
[    0.190705] DMAR: DRHD base: 0x000000fb7fc000 flags: 0x0
[    0.190708] DMAR: dmar4: reg_base_addr fb7fc000 ver 4:0 cap 8ed008c40780466 ecap 60000f050df
[    0.190710] DMAR: DRHD base: 0x000000a63fc000 flags: 0x0
[    0.190712] DMAR: dmar5: reg_base_addr a63fc000 ver 4:0 cap 8ed008c40780466 ecap 60000f050df
[    0.190714] DMAR: DRHD base: 0x000000b0ffc000 flags: 0x0
[    0.190719] DMAR: dmar6: reg_base_addr b0ffc000 ver 4:0 cap 8ed008c40780466 ecap 60000f050df
[    0.190721] DMAR: DRHD base: 0x000000bbbfc000 flags: 0x0
[    0.190723] DMAR: dmar7: reg_base_addr bbbfc000 ver 4:0 cap 8ed008c40780466 ecap 60000f050df
[    0.190726] DMAR: DRHD base: 0x000000c5ffc000 flags: 0x0
[    0.190728] DMAR: dmar8: reg_base_addr c5ffc000 ver 4:0 cap 8ed008c40780466 ecap 60000f050df
[    0.190730] DMAR: DRHD base: 0x0000009b7fc000 flags: 0x1
[    0.190733] DMAR: dmar9: reg_base_addr 9b7fc000 ver 4:0 cap 8ed008c40780466 ecap 60000f050df
[    0.190735] DMAR: RMRR base: 0x00000069427000 end: 0x00000069429fff
[    0.190736] DMAR: ATSR flags: 0x0
[    0.190739] DMAR-IR: IOAPIC id 8 under DRHD base  0x9b7fc000 IOMMU 9
[    0.190740] DMAR-IR: HPET id 0 under DRHD base 0x9b7fc000
[    0.190741] DMAR-IR: Queued invalidation will be enabled to support x2apic and Intr-remapping.
[    0.193862] DMAR-IR: Enabled IRQ remapping in x2apic mode
[    0.196492] ..TIMER: vector=0x30 apic1=0 pin1=2 apic2=-1 pin2=-1
[    0.214609] clocksource: tsc-early: mask: 0xffffffffffffffff max_cycles: 0x39a85c9bff6, max_idle_ns: 881590591483 ns
[    0.214615] Calibrating delay loop (skipped), value calculated using timer frequency.. 4000.00 BogoMIPS (lpj=8000000)
[    0.214618] pid_max: default: 114688 minimum: 896
[    0.218490] LSM: Security Framework initializing
[    0.218514] Yama: becoming mindful.
[    0.218557] AppArmor: AppArmor initialized
[    0.222683] Dentry cache hash table entries: 4194304 (order: 13, 33554432 bytes, vmalloc hugepage)
[    0.224764] Inode-cache hash table entries: 2097152 (order: 12, 16777216 bytes, vmalloc hugepage)
[    0.224870] Mount-cache hash table entries: 65536 (order: 7, 524288 bytes, vmalloc)
[    0.224950] Mountpoint-cache hash table entries: 65536 (order: 7, 524288 bytes, vmalloc)
[    0.225507] x86/tme: not enabled by BIOS
[    0.225517] CPU0: Thermal monitoring enabled (TM1)
[    0.225519] x86/cpu: User Mode Instruction Prevention (UMIP) activated
[    0.225755] process: using mwait in idle threads
[    0.225757] Last level iTLB entries: 4KB 0, 2MB 0, 4MB 0
[    0.225758] Last level dTLB entries: 4KB 0, 2MB 0, 4MB 0, 1GB 0
[    0.225764] Spectre V1 : Mitigation: usercopy/swapgs barriers and __user pointer sanitization
[    0.225766] Spectre V2 : WARNING: Unprivileged eBPF is enabled with eIBRS on, data leaks possible via Spectre v2 BHB attacks!
[    0.225771] Spectre V2 : Mitigation: Enhanced IBRS
[    0.225772] Spectre V2 : Spectre v2 / SpectreRSB mitigation: Filling RSB on context switch
[    0.225773] Spectre V2 : mitigation: Enabling conditional Indirect Branch Prediction Barrier
[    0.225775] Speculative Store Bypass: Mitigation: Speculative Store Bypass disabled via prctl
[    0.230925] Freeing SMP alternatives memory: 40K
[    0.234760] smpboot: Estimated ratio of average max frequency by base frequency (times 1024): 1433
[    0.234775] smpboot: CPU0: Intel(R) Xeon(R) Gold 6330 CPU @ 2.00GHz (family: 0x6, model: 0x6a, stepping: 0x6)
[    0.234988] cblist_init_generic: Setting adjustable number of callback queues.
[    0.235004] cblist_init_generic: Setting shift to 7 and lim to 1.
[    0.235031] cblist_init_generic: Setting shift to 7 and lim to 1.
[    0.235061] cblist_init_generic: Setting shift to 7 and lim to 1.
[    0.235071] Performance Events: PEBS fmt4+-baseline,  AnyThread deprecated, Icelake events, 32-deep LBR, full-width counters, Intel PMU driver.
[    0.235108] ... version:                5
[    0.235109] ... bit width:              48
[    0.235110] ... generic registers:      8
[    0.235110] ... value mask:             0000ffffffffffff
[    0.235111] ... max period:             00007fffffffffff
[    0.235112] ... fixed-purpose events:   4
[    0.235112] ... event mask:             0001000f000000ff
[    0.235263] rcu: Hierarchical SRCU implementation.
[    0.242520] NMI watchdog: Enabled. Permanently consumes one hw-PMU counter.
[    0.243642] smp: Bringing up secondary CPUs ...
[    0.243766] x86: Booting SMP configuration:
[    0.243767] .... node  #1, CPUs:          #1
[    0.007746] smpboot: CPU 1 Converting physical 0 to logical die 1

[    0.330738] .... node  #0, CPUs:     #2
[    0.336116] .... node  #1, CPUs:     #3
[    0.341566] .... node  #0, CPUs:     #4
[    0.346957] .... node  #1, CPUs:     #5
[    0.352367] .... node  #0, CPUs:     #6
[    0.357968] .... node  #1, CPUs:     #7
[    0.363560] .... node  #0, CPUs:     #8
[    0.368857] .... node  #1, CPUs:     #9
[    0.374715] .... node  #0, CPUs:    #10
[    0.380351] .... node  #1, CPUs:    #11
[    0.386101] .... node  #0, CPUs:    #12
[    0.391623] .... node  #1, CPUs:    #13
[    0.397003] .... node  #0, CPUs:    #14
[    0.402260] .... node  #1, CPUs:    #15
[    0.407596] .... node  #0, CPUs:    #16
[    0.412881] .... node  #1, CPUs:    #17
[    0.418197] .... node  #0, CPUs:    #18
[    0.423460] .... node  #1, CPUs:    #19
[    0.429120] .... node  #0, CPUs:    #20
[    0.434624] .... node  #1, CPUs:    #21
[    0.439996] .... node  #0, CPUs:    #22
[    0.445442] .... node  #1, CPUs:    #23
[    0.450734] .... node  #0, CPUs:    #24
[    0.456375] .... node  #1, CPUs:    #25
[    0.461720] .... node  #0, CPUs:    #26
[    0.466939] .... node  #1, CPUs:    #27
[    0.472282] .... node  #0, CPUs:    #28
[    0.477801] .... node  #1, CPUs:    #29
[    0.483117] .... node  #0, CPUs:    #30
[    0.488362] .... node  #1, CPUs:    #31
[    0.493853] .... node  #0, CPUs:    #32
[    0.499146] .... node  #1, CPUs:    #33
[    0.504524] .... node  #0, CPUs:    #34
[    0.509982] .... node  #1, CPUs:    #35
[    0.515299] .... node  #0, CPUs:    #36
[    0.520533] .... node  #1, CPUs:    #37
[    0.525845] .... node  #0, CPUs:    #38
[    0.531417] .... node  #1, CPUs:    #39
[    0.536966] .... node  #0, CPUs:    #40
[    0.542779] .... node  #1, CPUs:    #41
[    0.548347] .... node  #0, CPUs:    #42
[    0.553663] .... node  #1, CPUs:    #43
[    0.559322] .... node  #0, CPUs:    #44
[    0.564691] .... node  #1, CPUs:    #45
[    0.570171] .... node  #0, CPUs:    #46
[    0.575732] .... node  #1, CPUs:    #47
[    0.581188] .... node  #0, CPUs:    #48
[    0.586781] .... node  #1, CPUs:    #49
[    0.592007] .... node  #0, CPUs:    #50
[    0.597511] .... node  #1, CPUs:    #51
[    0.603163] .... node  #0, CPUs:    #52
[    0.608640] .... node  #1, CPUs:    #53
[    0.614252] .... node  #0, CPUs:    #54
[    0.619963] .... node  #1, CPUs:    #55
[    0.625787] .... node  #0, CPUs:    #56
[    0.631962] .... node  #1, CPUs:    #57
[    0.637895] .... node  #0, CPUs:    #58
[    0.643316] .... node  #1, CPUs:    #59
[    0.648777] .... node  #0, CPUs:    #60
[    0.654185] .... node  #1, CPUs:    #61
[    0.659601] .... node  #0, CPUs:    #62
[    0.665197] .... node  #1, CPUs:    #63
[    0.670814] .... node  #0, CPUs:    #64
[    0.676139] .... node  #1, CPUs:    #65
[    0.681900] .... node  #0, CPUs:    #66
[    0.687657] .... node  #1, CPUs:    #67
[    0.693424] .... node  #0, CPUs:    #68
[    0.698981] .... node  #1, CPUs:    #69
[    0.704359] .... node  #0, CPUs:    #70
[    0.709631] .... node  #1, CPUs:    #71
[    0.714975] .... node  #0, CPUs:    #72
[    0.720289] .... node  #1, CPUs:    #73
[    0.725630] .... node  #0, CPUs:    #74
[    0.730914] .... node  #1, CPUs:    #75
[    0.736592] .... node  #0, CPUs:    #76
[    0.741860] .... node  #1, CPUs:    #77
[    0.747496] .... node  #0, CPUs:    #78
[    0.752962] .... node  #1, CPUs:    #79
[    0.758268] .... node  #0, CPUs:    #80
[    0.763919] .... node  #1, CPUs:    #81
[    0.769306] .... node  #0, CPUs:    #82
[    0.774784] .... node  #1, CPUs:    #83
[    0.779898] .... node  #0, CPUs:    #84
[    0.785437] .... node  #1, CPUs:    #85
[    0.790769] .... node  #0, CPUs:    #86
[    0.796035] .... node  #1, CPUs:    #87
[    0.801557] .... node  #0, CPUs:    #88
[    0.806883] .... node  #1, CPUs:    #89
[    0.812288] .... node  #0, CPUs:    #90
[    0.817748] .... node  #1, CPUs:    #91
[    0.823098] .... node  #0, CPUs:    #92
[    0.828350] .... node  #1, CPUs:    #93
[    0.833714] .... node  #0, CPUs:    #94
[    0.839302] .... node  #1, CPUs:    #95
[    0.844865] .... node  #0, CPUs:    #96
[    0.850782] .... node  #1, CPUs:    #97
[    0.856304] .... node  #0, CPUs:    #98
[    0.861654] .... node  #1, CPUs:    #99
[    0.867332] .... node  #0, CPUs:   #100
[    0.872724] .... node  #1, CPUs:   #101
[    0.878281] .... node  #0, CPUs:   #102
[    0.883852] .... node  #1, CPUs:   #103
[    0.889340] .... node  #0, CPUs:   #104
[    0.894783] .... node  #1, CPUs:   #105
[    0.900173] .... node  #0, CPUs:   #106
[    0.905697] .... node  #1, CPUs:   #107
[    0.911364] .... node  #0, CPUs:   #108
[    0.916859] .... node  #1, CPUs:   #109
[    0.922727] .... node  #0, CPUs:   #110
[    0.928228] .... node  #1, CPUs:   #111
[    0.934063] smp: Brought up 2 nodes, 112 CPUs
[    0.934063] smpboot: Max logical packages: 2
[    0.934063] smpboot: Total of 112 processors activated (448082.46 BogoMIPS)
[    0.938030] devtmpfs: initialized
[    0.938030] x86/mm: Memory block size: 2048MB
[    0.938030] ACPI: PM: Registering ACPI NVS region [mem 0x49e77000-0x4ae76fff] (16777216 bytes)
[    0.938816] ACPI: PM: Registering ACPI NVS region [mem 0x6e3ff000-0x6f3fefff] (16777216 bytes)
[    0.939093] clocksource: jiffies: mask: 0xffffffff max_cycles: 0xffffffff, max_idle_ns: 7645041785100000 ns
[    0.939391] futex hash table entries: 32768 (order: 9, 2097152 bytes, vmalloc)
[    0.939639] pinctrl core: initialized pinctrl subsystem
[    0.939792] PM: RTC time: 02:08:10, date: 2024-06-22
[    0.940769] NET: Registered PF_NETLINK/PF_ROUTE protocol family
[    0.941913] DMA: preallocated 4096 KiB GFP_KERNEL pool for atomic allocations
[    0.942427] DMA: preallocated 4096 KiB GFP_KERNEL|GFP_DMA pool for atomic allocations
[    0.942938] DMA: preallocated 4096 KiB GFP_KERNEL|GFP_DMA32 pool for atomic allocations
[    0.942952] audit: initializing netlink subsys (disabled)
[    0.942962] audit: type=2000 audit(1719022089.752:1): state=initialized audit_enabled=0 res=1
[    0.942962] thermal_sys: Registered thermal governor 'fair_share'
[    0.942962] thermal_sys: Registered thermal governor 'bang_bang'
[    0.942962] thermal_sys: Registered thermal governor 'step_wise'
[    0.942962] thermal_sys: Registered thermal governor 'user_space'
[    0.942962] EISA bus registered
[    0.942962] cpuidle: using governor ladder
[    0.942962] cpuidle: using governor menu
[    0.942962] ACPI FADT declares the system doesn't support PCIe ASPM, so disable it
[    0.942962] acpiphp: ACPI Hot Plug PCI Controller Driver version: 0.5
[    0.942962] PCI: MMCONFIG for domain 0000 [bus 00-ff] at [mem 0x80000000-0x8fffffff] (base 0x80000000)
[    0.942962] PCI: MMCONFIG at [mem 0x80000000-0x8fffffff] reserved in E820
[    0.942962] pmd_set_huge: Cannot satisfy [mem 0x80000000-0x80200000] with a huge-page mapping due to MTRR override.
[    0.942980] PCI: Using configuration type 1 for base access
[    0.942990] PCI: Dell System detected, enabling pci=bfsort.
[    0.945142] ENERGY_PERF_BIAS: Set to 'normal', was 'performance'
[    0.950679] kprobes: kprobe jump-optimization is enabled. All kprobes are optimized if possible.
[    0.950684] HugeTLB registered 1.00 GiB page size, pre-allocated 0 pages
[    0.950684] HugeTLB registered 2.00 MiB page size, pre-allocated 0 pages
[    0.950975] fbcon: Taking over console
[    0.950975] ACPI: Added _OSI(Module Device)
[    0.950975] ACPI: Added _OSI(Processor Device)
[    0.950975] ACPI: Added _OSI(3.0 _SCP Extensions)
[    0.950975] ACPI: Added _OSI(Processor Aggregator Device)
[    0.950975] ACPI: Added _OSI(Linux-Dell-Video)
[    0.950975] ACPI: Added _OSI(Linux-Lenovo-NV-HDMI-Audio)
[    0.950975] ACPI: Added _OSI(Linux-HPI-Hybrid-Graphics)
[    1.119700] ACPI: 8 ACPI AML tables successfully acquired and loaded
[    1.126017] ACPI: [Firmware Bug]: BIOS _OSI(Linux) query ignored
[    1.131954] ACPI: Dynamic OEM Table Load:
[    1.543089] ACPI: Interpreter enabled
[    1.543110] ACPI: PM: (supports S0 S5)
[    1.543112] ACPI: Using IOAPIC for interrupt routing
[    1.543201] HEST: Table parsing has been initialized.
[    1.543384] GHES: APEI firmware first mode is enabled by APEI bit and WHEA _OSC.
[    1.543387] PCI: Using host bridge windows from ACPI; if necessary, use "pci=nocrs" and report a bug
[    1.573027] ACPI: Enabled 4 GPEs in block 00 to 7F
[    1.700297] ACPI: PCI Root Bridge [PC00] (domain 0000 [bus 00-15])
[    1.700304] acpi PNP0A08:00: _OSC: OS supports [ExtendedConfig ASPM ClockPM Segments MSI HPX-Type3]
[    1.769135] acpi PNP0A08:00: _OSC: platform does not support [SHPCHotplug AER LTR]
[    1.769363] acpi PNP0A08:00: _OSC: OS now controls [PCIeHotplug PME PCIeCapability]
[    1.769364] acpi PNP0A08:00: FADT indicates ASPM is unsupported, using BIOS configuration
[    1.771227] PCI host bridge to bus 0000:00
[    1.771229] pci_bus 0000:00: root bus resource [io  0x0000-0x0cf7 window]
[    1.771231] pci_bus 0000:00: root bus resource [io  0x1000-0x4fff window]
[    1.771233] pci_bus 0000:00: root bus resource [mem 0x000a0000-0x000bffff window]
[    1.771235] pci_bus 0000:00: root bus resource [mem 0x000c8000-0x000cffff window]
[    1.771236] pci_bus 0000:00: root bus resource [mem 0xfe010000-0xfe010fff window]
[    1.771237] pci_bus 0000:00: root bus resource [mem 0x90000000-0x9b7fffff window]
[    1.771238] pci_bus 0000:00: root bus resource [mem 0x200000000000-0x20ffffffffff window]
[    1.771240] pci_bus 0000:00: root bus resource [bus 00-15]
[    1.771254] pci 0000:00:00.0: [8086:09a2] type 00 class 0x088000
[    1.771355] pci 0000:00:00.1: [8086:09a4] type 00 class 0x088000
[    1.771425] pci 0000:00:00.2: [8086:09a3] type 00 class 0x088000
[    1.771493] pci 0000:00:00.4: [8086:0998] type 00 class 0x060000
[    1.771561] pci 0000:00:02.0: [8086:09a6] type 00 class 0x088000
[    1.771570] pci 0000:00:02.0: reg 0x10: [mem 0x92dfc000-0x92dfdfff]
[    1.771646] pci 0000:00:02.1: [8086:09a7] type 00 class 0x088000
[    1.771654] pci 0000:00:02.1: reg 0x10: [mem 0x92d00000-0x92d7ffff]
[    1.771659] pci 0000:00:02.1: reg 0x14: [mem 0x92c80000-0x92cfffff]
[    1.771735] pci 0000:00:02.4: [8086:3456] type 00 class 0x130000
[    1.771745] pci 0000:00:02.4: reg 0x10: [mem 0x92a00000-0x92afffff 64bit]
[    1.771752] pci 0000:00:02.4: reg 0x18: [mem 0x92df0000-0x92df3fff 64bit]
[    1.771758] pci 0000:00:02.4: reg 0x20: [mem 0x92dc0000-0x92ddffff 64bit]
[    1.771838] pci 0000:00:11.0: [8086:a1ec] type 00 class 0xff0000
[    1.771840] pci 0000:00:11.0: device has non-compliant BARs; disabling IO/MEM decoding
[    1.771932] pci 0000:00:11.5: [8086:a1d2] type 00 class 0x010601
[    1.771945] pci 0000:00:11.5: reg 0x10: [mem 0x92dfa000-0x92dfbfff]
[    1.771952] pci 0000:00:11.5: reg 0x14: [mem 0x92e05000-0x92e050ff]
[    1.771960] pci 0000:00:11.5: reg 0x18: [io  0x2068-0x206f]
[    1.771967] pci 0000:00:11.5: reg 0x1c: [io  0x2074-0x2077]
[    1.771975] pci 0000:00:11.5: reg 0x20: [io  0x2040-0x205f]
[    1.771982] pci 0000:00:11.5: reg 0x24: [mem 0x92b80000-0x92bfffff]
[    1.772020] pci 0000:00:11.5: PME# supported from D3hot
[    1.772235] pci 0000:00:14.0: [8086:a1af] type 00 class 0x0c0330
[    1.772253] pci 0000:00:14.0: reg 0x10: [mem 0x92de0000-0x92deffff 64bit]
[    1.772317] pci 0000:00:14.0: PME# supported from D3hot D3cold
[    1.772546] pci 0000:00:14.2: [8086:a1b1] type 00 class 0x118000
[    1.772564] pci 0000:00:14.2: reg 0x10: [mem 0x92e02000-0x92e02fff 64bit]
[    1.772688] pci 0000:00:16.0: [8086:a1ba] type 00 class 0x078000
[    1.772711] pci 0000:00:16.0: reg 0x10: [mem 0x92e01000-0x92e01fff 64bit]
[    1.772794] pci 0000:00:16.0: PME# supported from D3hot
[    1.772858] pci 0000:00:16.1: [8086:a1bb] type 00 class 0x078000
[    1.772881] pci 0000:00:16.1: reg 0x10: [mem 0x92e00000-0x92e00fff 64bit]
[    1.772965] pci 0000:00:16.1: PME# supported from D3hot
[    1.773029] pci 0000:00:16.4: [8086:a1be] type 00 class 0x078000
[    1.773052] pci 0000:00:16.4: reg 0x10: [mem 0x92dff000-0x92dfffff 64bit]
[    1.773136] pci 0000:00:16.4: PME# supported from D3hot
[    1.773207] pci 0000:00:17.0: [8086:a182] type 00 class 0x010601
[    1.773220] pci 0000:00:17.0: reg 0x10: [mem 0x92df8000-0x92df9fff]
[    1.773227] pci 0000:00:17.0: reg 0x14: [mem 0x92e04000-0x92e040ff]
[    1.773234] pci 0000:00:17.0: reg 0x18: [io  0x2060-0x2067]
[    1.773242] pci 0000:00:17.0: reg 0x1c: [io  0x2070-0x2073]
[    1.773249] pci 0000:00:17.0: reg 0x20: [io  0x2020-0x203f]
[    1.773256] pci 0000:00:17.0: reg 0x24: [mem 0x92b00000-0x92b7ffff]
[    1.773293] pci 0000:00:17.0: PME# supported from D3hot
[    1.773500] pci 0000:00:1c.0: [8086:a190] type 01 class 0x060400
[    1.773575] pci 0000:00:1c.0: PME# supported from D0 D3hot D3cold
[    1.774232] pci 0000:00:1c.4: [8086:a194] type 01 class 0x060400
[    1.774302] pci 0000:00:1c.4: PME# supported from D0 D3hot D3cold
[    1.775009] pci 0000:00:1c.5: [8086:a195] type 01 class 0x060400
[    1.775081] pci 0000:00:1c.5: PME# supported from D0 D3hot D3cold
[    1.775718] pci 0000:00:1f.0: [8086:a1cb] type 00 class 0x060100
[    1.776017] pci 0000:00:1f.2: [8086:a1a1] type 00 class 0x058000
[    1.776032] pci 0000:00:1f.2: reg 0x10: [mem 0x92df4000-0x92df7fff]
[    1.776276] pci 0000:00:1f.4: [8086:a1a3] type 00 class 0x0c0500
[    1.776295] pci 0000:00:1f.4: reg 0x10: [mem 0x92dfe000-0x92dfe0ff 64bit]
[    1.776318] pci 0000:00:1f.4: reg 0x20: [io  0x2000-0x201f]
[    1.776385] pci 0000:00:1f.5: [8086:a1a4] type 00 class 0x0c8000
[    1.776400] pci 0000:00:1f.5: reg 0x10: [mem 0xfe010000-0xfe010fff]
[    1.776533] pci 0000:00:1c.0: PCI bridge to [bus 01]
[    1.776584] pci 0000:02:00.0: [1556:be00] type 01 class 0x060400
[    1.776754] pci 0000:00:1c.4: PCI bridge to [bus 02-03]
[    1.776759] pci 0000:00:1c.4:   bridge window [mem 0x92000000-0x928fffff]
[    1.776763] pci 0000:00:1c.4:   bridge window [mem 0x91000000-0x91ffffff 64bit pref]
[    1.776795] pci_bus 0000:03: extended config space not accessible
[    1.776812] pci 0000:03:00.0: [102b:0536] type 00 class 0x030000
[    1.776831] pci 0000:03:00.0: reg 0x10: [mem 0x91000000-0x91ffffff pref]
[    1.776842] pci 0000:03:00.0: reg 0x14: [mem 0x92808000-0x9280bfff]
[    1.776853] pci 0000:03:00.0: reg 0x18: [mem 0x92000000-0x927fffff]
[    1.776901] pci 0000:03:00.0: BAR 0: assigned to efifb
[    1.776909] pci 0000:03:00.0: Video device with shadowed ROM at [mem 0x000c0000-0x000dffff]
[    1.777010] pci 0000:02:00.0: PCI bridge to [bus 03]
[    1.777018] pci 0000:02:00.0:   bridge window [mem 0x92000000-0x928fffff]
[    1.777024] pci 0000:02:00.0:   bridge window [mem 0x91000000-0x91ffffff 64bit pref]
[    1.777094] pci 0000:04:00.0: [14e4:165f] type 00 class 0x020000
[    1.777118] pci 0000:04:00.0: reg 0x10: [mem 0x92930000-0x9293ffff 64bit pref]
[    1.777134] pci 0000:04:00.0: reg 0x18: [mem 0x92940000-0x9294ffff 64bit pref]
[    1.777150] pci 0000:04:00.0: reg 0x20: [mem 0x92950000-0x9295ffff 64bit pref]
[    1.777161] pci 0000:04:00.0: reg 0x30: [mem 0xfffc0000-0xffffffff pref]
[    1.777256] pci 0000:04:00.0: PME# supported from D0 D3hot D3cold
[    1.777309] pci 0000:04:00.0: 4.000 Gb/s available PCIe bandwidth, limited by 5.0 GT/s PCIe x1 link at 0000:00:1c.5 (capable of 8.000 Gb/s with 5.0 GT/s PCIe x2 link)
[    1.777867] pci 0000:04:00.1: [14e4:165f] type 00 class 0x020000
[    1.777891] pci 0000:04:00.1: reg 0x10: [mem 0x92900000-0x9290ffff 64bit pref]
[    1.777907] pci 0000:04:00.1: reg 0x18: [mem 0x92910000-0x9291ffff 64bit pref]
[    1.777923] pci 0000:04:00.1: reg 0x20: [mem 0x92920000-0x9292ffff 64bit pref]
[    1.777933] pci 0000:04:00.1: reg 0x30: [mem 0xfffc0000-0xffffffff pref]
[    1.778028] pci 0000:04:00.1: PME# supported from D0 D3hot D3cold
[    1.778606] pci 0000:00:1c.5: PCI bridge to [bus 04]
[    1.778613] pci 0000:00:1c.5:   bridge window [mem 0x92900000-0x929fffff 64bit pref]
[    1.778629] pci_bus 0000:00: on NUMA node 0
[    1.779227] ACPI: PCI Root Bridge [PC01] (domain 0000 [bus 16-2f])
[    1.779231] acpi PNP0A08:01: _OSC: OS supports [ExtendedConfig ASPM ClockPM Segments MSI HPX-Type3]
[    1.794031] acpi PNP0A08:01: _OSC: platform does not support [SHPCHotplug AER]
[    1.794248] acpi PNP0A08:01: _OSC: OS now controls [PCIeHotplug PME PCIeCapability LTR]
[    1.794249] acpi PNP0A08:01: FADT indicates ASPM is unsupported, using BIOS configuration
[    1.794382] PCI host bridge to bus 0000:16
[    1.794383] pci_bus 0000:16: root bus resource [io  0x5000-0x6fff window]
[    1.794385] pci_bus 0000:16: root bus resource [mem 0x9b800000-0xa63fffff window]
[    1.794386] pci_bus 0000:16: root bus resource [mem 0x210000000000-0x21ffffffffff window]
[    1.794388] pci_bus 0000:16: root bus resource [bus 16-2f]
[    1.794398] pci 0000:16:00.0: [8086:09a2] type 00 class 0x088000
[    1.794469] pci 0000:16:00.1: [8086:09a4] type 00 class 0x088000
[    1.794532] pci 0000:16:00.2: [8086:09a3] type 00 class 0x088000
[    1.794595] pci 0000:16:00.4: [8086:0998] type 00 class 0x060000
[    1.794668] pci 0000:16:02.0: [8086:347a] type 01 class 0x060400
[    1.794678] pci 0000:16:02.0: reg 0x10: [mem 0x21fffff00000-0x21fffff1ffff 64bit]
[    1.794716] pci 0000:16:02.0: PME# supported from D0 D3hot D3cold
[    1.795672] pci 0000:17:00.0: [1000:10e2] type 00 class 0x010400
[    1.795684] pci 0000:17:00.0: reg 0x10: [mem 0x9b800000-0x9b8fffff 64bit pref]
[    1.795693] pci 0000:17:00.0: reg 0x18: [mem 0x9b900000-0x9b9fffff 64bit pref]
[    1.795699] pci 0000:17:00.0: reg 0x20: [mem 0x9ba00000-0x9bafffff]
[    1.795705] pci 0000:17:00.0: reg 0x24: [io  0x5000-0x50ff]
[    1.795711] pci 0000:17:00.0: reg 0x30: [mem 0xfff00000-0xffffffff pref]
[    1.796825] pci 0000:17:00.0: supports D1 D2
[    1.796893] pci 0000:16:02.0: PCI bridge to [bus 17]
[    1.796896] pci 0000:16:02.0:   bridge window [io  0x5000-0x5fff]
[    1.796898] pci 0000:16:02.0:   bridge window [mem 0x9ba00000-0x9bafffff]
[    1.796900] pci 0000:16:02.0:   bridge window [mem 0x9b800000-0x9b9fffff 64bit pref]
[    1.796906] pci_bus 0000:16: on NUMA node 0
[    1.796984] ACPI: PCI Root Bridge [PC02] (domain 0000 [bus 30-49])
[    1.796987] acpi PNP0A08:02: _OSC: OS supports [ExtendedConfig ASPM ClockPM Segments MSI HPX-Type3]
[    1.811440] acpi PNP0A08:02: _OSC: platform does not support [SHPCHotplug AER]
[    1.811654] acpi PNP0A08:02: _OSC: OS now controls [PCIeHotplug PME PCIeCapability LTR]
[    1.811655] acpi PNP0A08:02: FADT indicates ASPM is unsupported, using BIOS configuration
[    1.811776] PCI host bridge to bus 0000:30
[    1.811778] pci_bus 0000:30: root bus resource [io  0x7000-0x8fff window]
[    1.811779] pci_bus 0000:30: root bus resource [mem 0xa6400000-0xb0ffffff window]
[    1.811781] pci_bus 0000:30: root bus resource [mem 0x220000000000-0x22ffffffffff window]
[    1.811783] pci_bus 0000:30: root bus resource [bus 30-49]
[    1.811793] pci 0000:30:00.0: [8086:09a2] type 00 class 0x088000
[    1.811860] pci 0000:30:00.1: [8086:09a4] type 00 class 0x088000
[    1.811922] pci 0000:30:00.2: [8086:09a3] type 00 class 0x088000
[    1.811984] pci 0000:30:00.4: [8086:0998] type 00 class 0x060000
[    1.812055] pci_bus 0000:30: on NUMA node 0
[    1.812157] ACPI: PCI Root Bridge [PC04] (domain 0000 [bus 4a-63])
[    1.812160] acpi PNP0A08:04: _OSC: OS supports [ExtendedConfig ASPM ClockPM Segments MSI HPX-Type3]
[    1.826600] acpi PNP0A08:04: _OSC: platform does not support [SHPCHotplug AER]
[    1.826812] acpi PNP0A08:04: _OSC: OS now controls [PCIeHotplug PME PCIeCapability LTR]
[    1.826813] acpi PNP0A08:04: FADT indicates ASPM is unsupported, using BIOS configuration
[    1.826935] PCI host bridge to bus 0000:4a
[    1.826936] pci_bus 0000:4a: root bus resource [io  0x9000-0x9fff window]
[    1.826938] pci_bus 0000:4a: root bus resource [mem 0xb1000000-0xbbbfffff window]
[    1.826939] pci_bus 0000:4a: root bus resource [mem 0x230000000000-0x23ffffffffff window]
[    1.826940] pci_bus 0000:4a: root bus resource [bus 4a-63]
[    1.826950] pci 0000:4a:00.0: [8086:09a2] type 00 class 0x088000
[    1.827014] pci 0000:4a:00.1: [8086:09a4] type 00 class 0x088000
[    1.827079] pci 0000:4a:00.2: [8086:09a3] type 00 class 0x088000
[    1.827140] pci 0000:4a:00.4: [8086:0998] type 00 class 0x060000
[    1.827214] pci_bus 0000:4a: on NUMA node 0
[    1.827286] ACPI: PCI Root Bridge [PC05] (domain 0000 [bus 64-7d])
[    1.827289] acpi PNP0A08:05: _OSC: OS supports [ExtendedConfig ASPM ClockPM Segments MSI HPX-Type3]
[    1.841731] acpi PNP0A08:05: _OSC: platform does not support [SHPCHotplug AER]
[    1.841941] acpi PNP0A08:05: _OSC: OS now controls [PCIeHotplug PME PCIeCapability LTR]
[    1.841942] acpi PNP0A08:05: FADT indicates ASPM is unsupported, using BIOS configuration
[    1.842061] PCI host bridge to bus 0000:64
[    1.842062] pci_bus 0000:64: root bus resource [io  0xa000-0xafff window]
[    1.842063] pci_bus 0000:64: root bus resource [mem 0xbbc00000-0xc5ffffff window]
[    1.842064] pci_bus 0000:64: root bus resource [mem 0x240000000000-0x24ffffffffff window]
[    1.842066] pci_bus 0000:64: root bus resource [bus 64-7d]
[    1.842075] pci 0000:64:00.0: [8086:09a2] type 00 class 0x088000
[    1.842139] pci 0000:64:00.1: [8086:09a4] type 00 class 0x088000
[    1.842200] pci 0000:64:00.2: [8086:09a3] type 00 class 0x088000
[    1.842262] pci 0000:64:00.4: [8086:0998] type 00 class 0x060000
[    1.842331] pci_bus 0000:64: on NUMA node 0
[    1.842396] ACPI: PCI Root Bridge [UC06] (domain 0000 [bus 7e])
[    1.842398] acpi PNP0A03:00: _OSC: OS supports [ExtendedConfig ASPM ClockPM Segments MSI HPX-Type3]
[    1.842495] acpi PNP0A03:00: _OSC: platform does not support [SHPCHotplug AER LTR]
[    1.842674] acpi PNP0A03:00: _OSC: OS now controls [PCIeHotplug PME PCIeCapability]
[    1.842676] acpi PNP0A03:00: FADT indicates ASPM is unsupported, using BIOS configuration
[    1.842809] PCI host bridge to bus 0000:7e
[    1.842810] pci_bus 0000:7e: root bus resource [bus 7e]
[    1.842818] pci 0000:7e:00.0: [8086:3450] type 00 class 0x088000
[    1.842894] pci 0000:7e:00.1: [8086:3451] type 00 class 0x088000
[    1.842953] pci 0000:7e:00.2: [8086:3452] type 00 class 0x088000
[    1.843021] pci 0000:7e:00.3: [8086:0998] type 00 class 0x060000
[    1.843078] pci 0000:7e:00.5: [8086:3455] type 00 class 0x088000
[    1.843139] pci 0000:7e:02.0: [8086:3440] type 00 class 0x088000
[    1.843266] pci 0000:7e:02.1: [8086:3441] type 00 class 0x088000
[    1.843374] pci 0000:7e:02.2: [8086:3442] type 00 class 0x088000
[    1.843482] pci 0000:7e:03.0: [8086:3440] type 00 class 0x088000
[    1.843575] pci 0000:7e:03.1: [8086:3441] type 00 class 0x088000
[    1.843652] pci 0000:7e:03.2: [8086:3442] type 00 class 0x088000
[    1.843733] pci 0000:7e:04.0: [8086:3440] type 00 class 0x088000
[    1.843853] pci 0000:7e:04.1: [8086:3441] type 00 class 0x088000
[    1.843967] pci 0000:7e:04.2: [8086:3442] type 00 class 0x088000
[    1.844082] pci 0000:7e:04.3: [8086:3443] type 00 class 0x088000
[    1.844200] pci 0000:7e:05.0: [8086:3445] type 00 class 0x088000
[    1.844326] pci 0000:7e:05.1: [8086:3446] type 00 class 0x088000
[    1.844436] pci 0000:7e:05.2: [8086:3447] type 00 class 0x088000
[    1.844550] pci 0000:7e:06.0: [8086:3445] type 00 class 0x088000
[    1.844644] pci 0000:7e:06.1: [8086:3446] type 00 class 0x088000
[    1.844720] pci 0000:7e:06.2: [8086:3447] type 00 class 0x088000
[    1.844805] pci 0000:7e:07.0: [8086:3445] type 00 class 0x088000
[    1.844939] pci 0000:7e:07.1: [8086:3446] type 00 class 0x088000
[    1.845056] pci 0000:7e:07.2: [8086:3447] type 00 class 0x088000
[    1.845172] pci 0000:7e:0b.0: [8086:3448] type 00 class 0x088000
[    1.845249] pci 0000:7e:0b.1: [8086:3448] type 00 class 0x088000
[    1.845317] pci 0000:7e:0b.2: [8086:344b] type 00 class 0x088000
[    1.845385] pci 0000:7e:0c.0: [8086:344a] type 00 class 0x110100
[    1.845487] pci 0000:7e:0d.0: [8086:344a] type 00 class 0x110100
[    1.845588] pci 0000:7e:0e.0: [8086:344a] type 00 class 0x110100
[    1.845731] pci 0000:7e:0f.0: [8086:344a] type 00 class 0x110100
[    1.845885] pci 0000:7e:1a.0: [8086:2880] type 00 class 0x110100
[    1.845985] pci 0000:7e:1b.0: [8086:2880] type 00 class 0x110100
[    1.846082] pci 0000:7e:1c.0: [8086:2880] type 00 class 0x110100
[    1.846236] pci 0000:7e:1d.0: [8086:2880] type 00 class 0x110100
[    1.846382] pci_bus 0000:7e: on NUMA node 0
[    1.846465] ACPI: PCI Root Bridge [UC07] (domain 0000 [bus 7f])
[    1.846468] acpi PNP0A03:01: _OSC: OS supports [ExtendedConfig ASPM ClockPM Segments MSI HPX-Type3]
[    1.846567] acpi PNP0A03:01: _OSC: platform does not support [SHPCHotplug AER LTR]
[    1.846749] acpi PNP0A03:01: _OSC: OS now controls [PCIeHotplug PME PCIeCapability]
[    1.846750] acpi PNP0A03:01: FADT indicates ASPM is unsupported, using BIOS configuration
[    1.846899] PCI host bridge to bus 0000:7f
[    1.846900] pci_bus 0000:7f: root bus resource [bus 7f]
[    1.846914] pci 0000:7f:00.0: [8086:344c] type 00 class 0x088000
[    1.847028] pci 0000:7f:00.1: [8086:344c] type 00 class 0x088000
[    1.847138] pci 0000:7f:00.2: [8086:344c] type 00 class 0x088000
[    1.847248] pci 0000:7f:00.3: [8086:344c] type 00 class 0x088000
[    1.847338] pci 0000:7f:00.4: [8086:344c] type 00 class 0x088000
[    1.847458] pci 0000:7f:00.5: [8086:344c] type 00 class 0x088000
[    1.847574] pci 0000:7f:00.6: [8086:344c] type 00 class 0x088000
[    1.847657] pci 0000:7f:00.7: [8086:344c] type 00 class 0x088000
[    1.847740] pci 0000:7f:01.0: [8086:344c] type 00 class 0x088000
[    1.847882] pci 0000:7f:01.1: [8086:344c] type 00 class 0x088000
[    1.848001] pci 0000:7f:01.2: [8086:344c] type 00 class 0x088000
[    1.848080] pci 0000:7f:01.3: [8086:344c] type 00 class 0x088000
[    1.848211] pci 0000:7f:01.4: [8086:344c] type 00 class 0x088000
[    1.848342] pci 0000:7f:01.5: [8086:344c] type 00 class 0x088000
[    1.848477] pci 0000:7f:01.6: [8086:344c] type 00 class 0x088000
[    1.848604] pci 0000:7f:01.7: [8086:344c] type 00 class 0x088000
[    1.848731] pci 0000:7f:02.0: [8086:344c] type 00 class 0x088000
[    1.848875] pci 0000:7f:02.1: [8086:344c] type 00 class 0x088000
[    1.849007] pci 0000:7f:02.2: [8086:344c] type 00 class 0x088000
[    1.849139] pci 0000:7f:02.3: [8086:344c] type 00 class 0x088000
[    1.849277] pci 0000:7f:02.4: [8086:344c] type 00 class 0x088000
[    1.849413] pci 0000:7f:02.5: [8086:344c] type 00 class 0x088000
[    1.849550] pci 0000:7f:02.6: [8086:344c] type 00 class 0x088000
[    1.849700] pci 0000:7f:02.7: [8086:344c] type 00 class 0x088000
[    1.849847] pci 0000:7f:03.0: [8086:344c] type 00 class 0x088000
[    1.850005] pci 0000:7f:03.1: [8086:344c] type 00 class 0x088000
[    1.850156] pci 0000:7f:03.2: [8086:344c] type 00 class 0x088000
[    1.850304] pci 0000:7f:03.3: [8086:344c] type 00 class 0x088000
[    1.850463] pci 0000:7f:0a.0: [8086:344d] type 00 class 0x088000
[    1.850575] pci 0000:7f:0a.1: [8086:344d] type 00 class 0x088000
[    1.850684] pci 0000:7f:0a.2: [8086:344d] type 00 class 0x088000
[    1.850799] pci 0000:7f:0a.3: [8086:344d] type 00 class 0x088000
[    1.850897] pci 0000:7f:0a.4: [8086:344d] type 00 class 0x088000
[    1.851016] pci 0000:7f:0a.5: [8086:344d] type 00 class 0x088000
[    1.851132] pci 0000:7f:0a.6: [8086:344d] type 00 class 0x088000
[    1.851209] pci 0000:7f:0a.7: [8086:344d] type 00 class 0x088000
[    1.851291] pci 0000:7f:0b.0: [8086:344d] type 00 class 0x088000
[    1.851432] pci 0000:7f:0b.1: [8086:344d] type 00 class 0x088000
[    1.851550] pci 0000:7f:0b.2: [8086:344d] type 00 class 0x088000
[    1.851634] pci 0000:7f:0b.3: [8086:344d] type 00 class 0x088000
[    1.851765] pci 0000:7f:0b.4: [8086:344d] type 00 class 0x088000
[    1.851896] pci 0000:7f:0b.5: [8086:344d] type 00 class 0x088000
[    1.852032] pci 0000:7f:0b.6: [8086:344d] type 00 class 0x088000
[    1.852152] pci 0000:7f:0b.7: [8086:344d] type 00 class 0x088000
[    1.852280] pci 0000:7f:0c.0: [8086:344d] type 00 class 0x088000
[    1.852423] pci 0000:7f:0c.1: [8086:344d] type 00 class 0x088000
[    1.852555] pci 0000:7f:0c.2: [8086:344d] type 00 class 0x088000
[    1.852690] pci 0000:7f:0c.3: [8086:344d] type 00 class 0x088000
[    1.852828] pci 0000:7f:0c.4: [8086:344d] type 00 class 0x088000
[    1.852964] pci 0000:7f:0c.5: [8086:344d] type 00 class 0x088000
[    1.853101] pci 0000:7f:0c.6: [8086:344d] type 00 class 0x088000
[    1.853248] pci 0000:7f:0c.7: [8086:344d] type 00 class 0x088000
[    1.853394] pci 0000:7f:0d.0: [8086:344d] type 00 class 0x088000
[    1.853557] pci 0000:7f:0d.1: [8086:344d] type 00 class 0x088000
[    1.853709] pci 0000:7f:0d.2: [8086:344d] type 00 class 0x088000
[    1.853861] pci 0000:7f:0d.3: [8086:344d] type 00 class 0x088000
[    1.854029] pci 0000:7f:1d.0: [8086:344f] type 00 class 0x088000
[    1.854151] pci 0000:7f:1d.1: [8086:3457] type 00 class 0x088000
[    1.854256] pci 0000:7f:1e.0: [8086:3458] type 00 class 0x088000
[    1.854335] pci 0000:7f:1e.1: [8086:3459] type 00 class 0x088000
[    1.854396] pci 0000:7f:1e.2: [8086:345a] type 00 class 0x088000
[    1.854459] pci 0000:7f:1e.3: [8086:345b] type 00 class 0x088000
[    1.854520] pci 0000:7f:1e.4: [8086:345c] type 00 class 0x088000
[    1.854586] pci 0000:7f:1e.5: [8086:345d] type 00 class 0x088000
[    1.854647] pci 0000:7f:1e.6: [8086:345e] type 00 class 0x088000
[    1.854707] pci 0000:7f:1e.7: [8086:345f] type 00 class 0x088000
[    1.854765] pci_bus 0000:7f: on NUMA node 0
[    1.854869] ACPI: PCI Root Bridge [PC06] (domain 0000 [bus 80])
[    1.854872] acpi PNP0A08:06: _OSC: OS supports [ExtendedConfig ASPM ClockPM Segments MSI HPX-Type3]
[    1.869306] acpi PNP0A08:06: _OSC: platform does not support [SHPCHotplug AER]
[    1.869519] acpi PNP0A08:06: _OSC: OS now controls [PCIeHotplug PME PCIeCapability LTR]
[    1.869520] acpi PNP0A08:06: FADT indicates ASPM is unsupported, using BIOS configuration
[    1.869667] PCI host bridge to bus 0000:80
[    1.869669] pci_bus 0000:80: root bus resource [io  0xb000-0xbfff window]
[    1.869670] pci_bus 0000:80: root bus resource [mem 0xc6800000-0xd0ffffff window]
[    1.869672] pci_bus 0000:80: root bus resource [mem 0x250000000000-0x25ffffffffff window]
[    1.869673] pci_bus 0000:80: root bus resource [bus 80]
[    1.869683] pci 0000:80:00.0: [8086:09a2] type 00 class 0x088000
[    1.869770] pci 0000:80:00.1: [8086:09a4] type 00 class 0x088000
[    1.869839] pci 0000:80:00.2: [8086:09a3] type 00 class 0x088000
[    1.869909] pci 0000:80:00.4: [8086:0998] type 00 class 0x060000
[    1.869980] pci 0000:80:02.0: [8086:09a6] type 00 class 0x088000
[    1.869989] pci 0000:80:02.0: reg 0x10: [mem 0xc6aa4000-0xc6aa5fff]
[    1.870052] pci 0000:80:02.1: [8086:09a7] type 00 class 0x088000
[    1.870061] pci 0000:80:02.1: reg 0x10: [mem 0xc6a00000-0xc6a7ffff]
[    1.870067] pci 0000:80:02.1: reg 0x14: [mem 0xc6980000-0xc69fffff]
[    1.870122] pci 0000:80:02.4: [8086:3456] type 00 class 0x130000
[    1.870133] pci 0000:80:02.4: reg 0x10: [mem 0xc6800000-0xc68fffff 64bit]
[    1.870140] pci 0000:80:02.4: reg 0x18: [mem 0xc6aa0000-0xc6aa3fff 64bit]
[    1.870147] pci 0000:80:02.4: reg 0x20: [mem 0xc6a80000-0xc6a9ffff 64bit]
[    1.870214] pci_bus 0000:80: on NUMA node 1
[    1.870292] ACPI: PCI Root Bridge [PC07] (domain 0000 [bus 81])
[    1.870295] acpi PNP0A08:07: _OSC: OS supports [ExtendedConfig ASPM ClockPM Segments MSI HPX-Type3]
[    1.884724] acpi PNP0A08:07: _OSC: platform does not support [SHPCHotplug AER]
[    1.884934] acpi PNP0A08:07: _OSC: OS now controls [PCIeHotplug PME PCIeCapability LTR]
[    1.884936] acpi PNP0A08:07: FADT indicates ASPM is unsupported, using BIOS configuration
[    1.885053] PCI host bridge to bus 0000:81
[    1.885055] pci_bus 0000:81: root bus resource [io  0xc000-0xcfff window]
[    1.885056] pci_bus 0000:81: root bus resource [mem 0xd1000000-0xdbbfffff window]
[    1.885057] pci_bus 0000:81: root bus resource [mem 0x260000000000-0x26ffffffffff window]
[    1.885059] pci_bus 0000:81: root bus resource [bus 81]
[    1.885068] pci 0000:81:00.0: [8086:09a2] type 00 class 0x088000
[    1.885137] pci 0000:81:00.1: [8086:09a4] type 00 class 0x088000
[    1.885204] pci 0000:81:00.2: [8086:09a3] type 00 class 0x088000
[    1.885274] pci 0000:81:00.4: [8086:0998] type 00 class 0x060000
[    1.885351] pci_bus 0000:81: on NUMA node 1
[    1.885422] ACPI: PCI Root Bridge [PC08] (domain 0000 [bus 82])
[    1.885425] acpi PNP0A08:08: _OSC: OS supports [ExtendedConfig ASPM ClockPM Segments MSI HPX-Type3]
[    1.899875] acpi PNP0A08:08: _OSC: platform does not support [SHPCHotplug AER]
[    1.900086] acpi PNP0A08:08: _OSC: OS now controls [PCIeHotplug PME PCIeCapability LTR]
[    1.900087] acpi PNP0A08:08: FADT indicates ASPM is unsupported, using BIOS configuration
[    1.900203] PCI host bridge to bus 0000:82
[    1.900204] pci_bus 0000:82: root bus resource [io  0xd000-0xdfff window]
[    1.900205] pci_bus 0000:82: root bus resource [mem 0xdbc00000-0xe67fffff window]
[    1.900206] pci_bus 0000:82: root bus resource [mem 0x270000000000-0x27ffffffffff window]
[    1.900208] pci_bus 0000:82: root bus resource [bus 82]
[    1.900218] pci 0000:82:00.0: [8086:09a2] type 00 class 0x088000
[    1.900287] pci 0000:82:00.1: [8086:09a4] type 00 class 0x088000
[    1.900359] pci 0000:82:00.2: [8086:09a3] type 00 class 0x088000
[    1.900428] pci 0000:82:00.4: [8086:0998] type 00 class 0x060000
[    1.900505] pci_bus 0000:82: on NUMA node 1
[    1.900608] ACPI: PCI Root Bridge [PC10] (domain 0000 [bus 83-f9])
[    1.900610] acpi PNP0A08:0a: _OSC: OS supports [ExtendedConfig ASPM ClockPM Segments MSI HPX-Type3]
[    1.915047] acpi PNP0A08:0a: _OSC: platform does not support [SHPCHotplug AER]
[    1.915258] acpi PNP0A08:0a: _OSC: OS now controls [PCIeHotplug PME PCIeCapability LTR]
[    1.915259] acpi PNP0A08:0a: FADT indicates ASPM is unsupported, using BIOS configuration
[    1.915384] PCI host bridge to bus 0000:83
[    1.915385] pci_bus 0000:83: root bus resource [io  0xe000-0xefff window]
[    1.915387] pci_bus 0000:83: root bus resource [mem 0xe6800000-0xf13fffff window]
[    1.915388] pci_bus 0000:83: root bus resource [mem 0x280000000000-0x28ffffffffff window]
[    1.915389] pci_bus 0000:83: root bus resource [bus 83-f9]
[    1.915400] pci 0000:83:00.0: [8086:09a2] type 00 class 0x088000
[    1.915470] pci 0000:83:00.1: [8086:09a4] type 00 class 0x088000
[    1.915538] pci 0000:83:00.2: [8086:09a3] type 00 class 0x088000
[    1.915607] pci 0000:83:00.4: [8086:0998] type 00 class 0x060000
[    1.915685] pci_bus 0000:83: on NUMA node 1
[    1.915760] ACPI: PCI Root Bridge [PC11] (domain 0000 [bus fa])
[    1.915763] acpi PNP0A08:0b: _OSC: OS supports [ExtendedConfig ASPM ClockPM Segments MSI HPX-Type3]
[    1.930224] acpi PNP0A08:0b: _OSC: platform does not support [SHPCHotplug AER]
[    1.930434] acpi PNP0A08:0b: _OSC: OS now controls [PCIeHotplug PME PCIeCapability LTR]
[    1.930436] acpi PNP0A08:0b: FADT indicates ASPM is unsupported, using BIOS configuration
[    1.930552] PCI host bridge to bus 0000:fa
[    1.930553] pci_bus 0000:fa: root bus resource [io  0xf000-0xffff window]
[    1.930554] pci_bus 0000:fa: root bus resource [mem 0xf1400000-0xfb7fffff window]
[    1.930555] pci_bus 0000:fa: root bus resource [mem 0x290000000000-0x29ffffffffff window]
[    1.930557] pci_bus 0000:fa: root bus resource [bus fa]
[    1.930567] pci 0000:fa:00.0: [8086:09a2] type 00 class 0x088000
[    1.930637] pci 0000:fa:00.1: [8086:09a4] type 00 class 0x088000
[    1.930709] pci 0000:fa:00.2: [8086:09a3] type 00 class 0x088000
[    1.930779] pci 0000:fa:00.4: [8086:0998] type 00 class 0x060000
[    1.930859] pci_bus 0000:fa: on NUMA node 1
[    1.930926] ACPI: PCI Root Bridge [UC16] (domain 0000 [bus fe])
[    1.930928] acpi PNP0A03:02: _OSC: OS supports [ExtendedConfig ASPM ClockPM Segments MSI HPX-Type3]
[    1.931025] acpi PNP0A03:02: _OSC: platform does not support [SHPCHotplug AER LTR]
[    1.931202] acpi PNP0A03:02: _OSC: OS now controls [PCIeHotplug PME PCIeCapability]
[    1.931204] acpi PNP0A03:02: FADT indicates ASPM is unsupported, using BIOS configuration
[    1.931333] PCI host bridge to bus 0000:fe
[    1.931335] pci_bus 0000:fe: root bus resource [bus fe]
[    1.931343] pci 0000:fe:00.0: [8086:3450] type 00 class 0x088000
[    1.931420] pci 0000:fe:00.1: [8086:3451] type 00 class 0x088000
[    1.931479] pci 0000:fe:00.2: [8086:3452] type 00 class 0x088000
[    1.931538] pci 0000:fe:00.3: [8086:0998] type 00 class 0x060000
[    1.931597] pci 0000:fe:00.5: [8086:3455] type 00 class 0x088000
[    1.931663] pci 0000:fe:02.0: [8086:3440] type 00 class 0x088000
[    1.931801] pci 0000:fe:02.1: [8086:3441] type 00 class 0x088000
[    1.931913] pci 0000:fe:02.2: [8086:3442] type 00 class 0x088000
[    1.932024] pci 0000:fe:03.0: [8086:3440] type 00 class 0x088000
[    1.932121] pci 0000:fe:03.1: [8086:3441] type 00 class 0x088000
[    1.932201] pci 0000:fe:03.2: [8086:3442] type 00 class 0x088000
[    1.932287] pci 0000:fe:04.0: [8086:3440] type 00 class 0x088000
[    1.932411] pci 0000:fe:04.1: [8086:3441] type 00 class 0x088000
[    1.932532] pci 0000:fe:04.2: [8086:3442] type 00 class 0x088000
[    1.932663] pci 0000:fe:04.3: [8086:3443] type 00 class 0x088000
[    1.932786] pci 0000:fe:05.0: [8086:3445] type 00 class 0x088000
[    1.932918] pci 0000:fe:05.1: [8086:3446] type 00 class 0x088000
[    1.933034] pci 0000:fe:05.2: [8086:3447] type 00 class 0x088000
[    1.933148] pci 0000:fe:06.0: [8086:3445] type 00 class 0x088000
[    1.933245] pci 0000:fe:06.1: [8086:3446] type 00 class 0x088000
[    1.933326] pci 0000:fe:06.2: [8086:3447] type 00 class 0x088000
[    1.933417] pci 0000:fe:07.0: [8086:3445] type 00 class 0x088000
[    1.933560] pci 0000:fe:07.1: [8086:3446] type 00 class 0x088000
[    1.933683] pci 0000:fe:07.2: [8086:3447] type 00 class 0x088000
[    1.933804] pci 0000:fe:0b.0: [8086:3448] type 00 class 0x088000
[    1.933885] pci 0000:fe:0b.1: [8086:3448] type 00 class 0x088000
[    1.933950] pci 0000:fe:0b.2: [8086:344b] type 00 class 0x088000
[    1.934022] pci 0000:fe:0c.0: [8086:344a] type 00 class 0x110100
[    1.934130] pci 0000:fe:0d.0: [8086:344a] type 00 class 0x110100
[    1.934236] pci 0000:fe:0e.0: [8086:344a] type 00 class 0x110100
[    1.934393] pci 0000:fe:0f.0: [8086:344a] type 00 class 0x110100
[    1.934553] pci 0000:fe:1a.0: [8086:2880] type 00 class 0x110100
[    1.934659] pci 0000:fe:1b.0: [8086:2880] type 00 class 0x110100
[    1.934763] pci 0000:fe:1c.0: [8086:2880] type 00 class 0x110100
[    1.934920] pci 0000:fe:1d.0: [8086:2880] type 00 class 0x110100
[    1.935072] pci_bus 0000:fe: on NUMA node 1
[    1.935153] ACPI: PCI Root Bridge [UC17] (domain 0000 [bus ff])
[    1.935156] acpi PNP0A03:03: _OSC: OS supports [ExtendedConfig ASPM ClockPM Segments MSI HPX-Type3]
[    1.935255] acpi PNP0A03:03: _OSC: platform does not support [SHPCHotplug AER LTR]
[    1.935433] acpi PNP0A03:03: _OSC: OS now controls [PCIeHotplug PME PCIeCapability]
[    1.935434] acpi PNP0A03:03: FADT indicates ASPM is unsupported, using BIOS configuration
[    1.935582] PCI host bridge to bus 0000:ff
[    1.935583] pci_bus 0000:ff: root bus resource [bus ff]
[    1.935598] pci 0000:ff:00.0: [8086:344c] type 00 class 0x088000
[    1.935717] pci 0000:ff:00.1: [8086:344c] type 00 class 0x088000
[    1.935831] pci 0000:ff:00.2: [8086:344c] type 00 class 0x088000
[    1.935935] pci 0000:ff:00.3: [8086:344c] type 00 class 0x088000
[    1.936054] pci 0000:ff:00.4: [8086:344c] type 00 class 0x088000
[    1.936171] pci 0000:ff:00.5: [8086:344c] type 00 class 0x088000
[    1.936264] pci 0000:ff:00.6: [8086:344c] type 00 class 0x088000
[    1.936390] pci 0000:ff:00.7: [8086:344c] type 00 class 0x088000
[    1.936517] pci 0000:ff:01.0: [8086:344c] type 00 class 0x088000
[    1.936663] pci 0000:ff:01.1: [8086:344c] type 00 class 0x088000
[    1.936787] pci 0000:ff:01.2: [8086:344c] type 00 class 0x088000
[    1.936877] pci 0000:ff:01.3: [8086:344c] type 00 class 0x088000
[    1.937013] pci 0000:ff:01.4: [8086:344c] type 00 class 0x088000
[    1.937150] pci 0000:ff:01.5: [8086:344c] type 00 class 0x088000
[    1.937290] pci 0000:ff:01.6: [8086:344c] type 00 class 0x088000
[    1.937416] pci 0000:ff:01.7: [8086:344c] type 00 class 0x088000
[    1.937549] pci 0000:ff:02.0: [8086:344c] type 00 class 0x088000
[    1.937703] pci 0000:ff:02.1: [8086:344c] type 00 class 0x088000
[    1.937833] pci 0000:ff:02.2: [8086:344c] type 00 class 0x088000
[    1.937978] pci 0000:ff:02.3: [8086:344c] type 00 class 0x088000
[    1.938114] pci 0000:ff:02.4: [8086:344c] type 00 class 0x088000
[    1.938250] pci 0000:ff:02.5: [8086:344c] type 00 class 0x088000
[    1.938394] pci 0000:ff:02.6: [8086:344c] type 00 class 0x088000
[    1.938536] pci 0000:ff:02.7: [8086:344c] type 00 class 0x088000
[    1.938688] pci 0000:ff:03.0: [8086:344c] type 00 class 0x088000
[    1.938855] pci 0000:ff:03.1: [8086:344c] type 00 class 0x088000
[    1.939007] pci 0000:ff:03.2: [8086:344c] type 00 class 0x088000
[    1.939172] pci 0000:ff:03.3: [8086:344c] type 00 class 0x088000
[    1.939336] pci 0000:ff:0a.0: [8086:344d] type 00 class 0x088000
[    1.939454] pci 0000:ff:0a.1: [8086:344d] type 00 class 0x088000
[    1.939566] pci 0000:ff:0a.2: [8086:344d] type 00 class 0x088000
[    1.939665] pci 0000:ff:0a.3: [8086:344d] type 00 class 0x088000
[    1.939784] pci 0000:ff:0a.4: [8086:344d] type 00 class 0x088000
[    1.939901] pci 0000:ff:0a.5: [8086:344d] type 00 class 0x088000
[    1.939996] pci 0000:ff:0a.6: [8086:344d] type 00 class 0x088000
[    1.940127] pci 0000:ff:0a.7: [8086:344d] type 00 class 0x088000
[    1.940255] pci 0000:ff:0b.0: [8086:344d] type 00 class 0x088000
[    1.940402] pci 0000:ff:0b.1: [8086:344d] type 00 class 0x088000
[    1.940525] pci 0000:ff:0b.2: [8086:344d] type 00 class 0x088000
[    1.940609] pci 0000:ff:0b.3: [8086:344d] type 00 class 0x088000
[    1.940746] pci 0000:ff:0b.4: [8086:344d] type 00 class 0x088000
[    1.940882] pci 0000:ff:0b.5: [8086:344d] type 00 class 0x088000
[    1.941022] pci 0000:ff:0b.6: [8086:344d] type 00 class 0x088000
[    1.941155] pci 0000:ff:0b.7: [8086:344d] type 00 class 0x088000
[    1.941287] pci 0000:ff:0c.0: [8086:344d] type 00 class 0x088000
[    1.941436] pci 0000:ff:0c.1: [8086:344d] type 00 class 0x088000
[    1.941568] pci 0000:ff:0c.2: [8086:344d] type 00 class 0x088000
[    1.941708] pci 0000:ff:0c.3: [8086:344d] type 00 class 0x088000
[    1.941844] pci 0000:ff:0c.4: [8086:344d] type 00 class 0x088000
[    1.941981] pci 0000:ff:0c.5: [8086:344d] type 00 class 0x088000
[    1.942125] pci 0000:ff:0c.6: [8086:344d] type 00 class 0x088000
[    1.942273] pci 0000:ff:0c.7: [8086:344d] type 00 class 0x088000
[    1.942425] pci 0000:ff:0d.0: [8086:344d] type 00 class 0x088000
[    1.942592] pci 0000:ff:0d.1: [8086:344d] type 00 class 0x088000
[    1.942739] pci 0000:ff:0d.2: [8086:344d] type 00 class 0x088000
[    1.942906] pci 0000:ff:0d.3: [8086:344d] type 00 class 0x088000
[    1.943080] pci 0000:ff:1d.0: [8086:344f] type 00 class 0x088000
[    1.943208] pci 0000:ff:1d.1: [8086:3457] type 00 class 0x088000
[    1.943319] pci 0000:ff:1e.0: [8086:3458] type 00 class 0x088000
[    1.943404] pci 0000:ff:1e.1: [8086:3459] type 00 class 0x088000
[    1.943470] pci 0000:ff:1e.2: [8086:345a] type 00 class 0x088000
[    1.943534] pci 0000:ff:1e.3: [8086:345b] type 00 class 0x088000
[    1.943598] pci 0000:ff:1e.4: [8086:345c] type 00 class 0x088000
[    1.943662] pci 0000:ff:1e.5: [8086:345d] type 00 class 0x088000
[    1.943725] pci 0000:ff:1e.6: [8086:345e] type 00 class 0x088000
[    1.943790] pci 0000:ff:1e.7: [8086:345f] type 00 class 0x088000
[    1.943852] pci_bus 0000:ff: on NUMA node 1
[    1.946635] iommu: Default domain type: Translated 
[    1.946635] iommu: DMA domain TLB invalidation policy: lazy mode 
[    1.946798] SCSI subsystem initialized
[    1.946834] libata version 3.00 loaded.
[    1.946834] ACPI: bus type USB registered
[    1.946834] usbcore: registered new interface driver usbfs
[    1.946834] usbcore: registered new interface driver hub
[    1.946834] usbcore: registered new device driver usb
[    1.946834] pps_core: LinuxPPS API ver. 1 registered
[    1.946834] pps_core: Software ver. 5.3.6 - Copyright 2005-2007 Rodolfo Giometti <giometti@linux.it>
[    1.946834] PTP clock support registered
[    1.946834] EDAC MC: Ver: 3.0.0
[    1.947261] Registered efivars operations
[    1.947261] NetLabel: Initializing
[    1.947261] NetLabel:  domain hash size = 128
[    1.947261] NetLabel:  protocols = UNLABELED CIPSOv4 CALIPSO
[    1.947261] NetLabel:  unlabeled traffic allowed by default
[    1.947261] PCI: Using ACPI for IRQ routing
[    1.949801] PCI: pci_cache_line_size set to 64 bytes
[    1.950358] e820: reserve RAM buffer [mem 0x0008f000-0x0008ffff]
[    1.950360] e820: reserve RAM buffer [mem 0x46cc4020-0x47ffffff]
[    1.950362] e820: reserve RAM buffer [mem 0x46cf6020-0x47ffffff]
[    1.950363] e820: reserve RAM buffer [mem 0x46d29020-0x47ffffff]
[    1.950364] e820: reserve RAM buffer [mem 0x46d5c020-0x47ffffff]
[    1.950365] e820: reserve RAM buffer [mem 0x49e77000-0x4bffffff]
[    1.950366] e820: reserve RAM buffer [mem 0x4b2cf000-0x4bffffff]
[    1.950367] e820: reserve RAM buffer [mem 0x4bd94000-0x4bffffff]
[    1.950368] e820: reserve RAM buffer [mem 0x4ce00000-0x4fffffff]
[    1.950369] e820: reserve RAM buffer [mem 0x5eefe000-0x5fffffff]
[    1.950369] e820: reserve RAM buffer [mem 0x6f800000-0x6fffffff]
[    1.950617] pci 0000:03:00.0: vgaarb: setting as boot VGA device
[    1.950617] pci 0000:03:00.0: vgaarb: bridge control possible
[    1.950617] pci 0000:03:00.0: vgaarb: VGA device added: decodes=io+mem,owns=io+mem,locks=none
[    1.950620] vgaarb: loaded
[    1.951904] hpet0: at MMIO 0xfed00000, IRQs 2, 8, 0, 0, 0, 0, 0, 0
[    1.951911] hpet0: 8 comparators, 64-bit 24.000000 MHz counter
[    1.954724] clocksource: Switched to clocksource tsc-early
[    1.964033] VFS: Disk quotas dquot_6.6.0
[    1.964068] VFS: Dquot-cache hash table entries: 512 (order 0, 4096 bytes)
[    1.964229] AppArmor: AppArmor Filesystem Enabled
[    1.964240] pnp: PnP ACPI init
[    1.980173] system 00:01: [io  0x0500-0x05fe] has been reserved
[    1.980176] system 00:01: [io  0x0400-0x041f] has been reserved
[    1.980178] system 00:01: [io  0x0600-0x061f] has been reserved
[    1.980180] system 00:01: [io  0x0ca0-0x0ca1] has been reserved
[    1.980181] system 00:01: [io  0x0ca4-0x0ca6] has been reserved
[    1.980183] system 00:01: [mem 0xff000000-0xffffffff] has been reserved
[    1.980785] system 00:04: [mem 0xfd000000-0xfdabffff] has been reserved
[    1.980787] system 00:04: [mem 0xfdad0000-0xfdadffff] has been reserved
[    1.980790] system 00:04: [mem 0xfdb00000-0xfdffffff] has been reserved
[    1.980791] system 00:04: [mem 0xfe000000-0xfe00ffff] has been reserved
[    1.980793] system 00:04: [mem 0xfe011000-0xfe01ffff] has been reserved
[    1.980794] system 00:04: [mem 0xfe036000-0xfe03bfff] has been reserved
[    1.980796] system 00:04: [mem 0xfe03d000-0xfe3fffff] has been reserved
[    1.980797] system 00:04: [mem 0xfe410000-0xfe7fffff] has been reserved
[    1.981112] system 00:05: [io  0x1000-0x10fe] has been reserved
[    1.982116] pnp: PnP ACPI: found 6 devices
[    1.987784] clocksource: acpi_pm: mask: 0xffffff max_cycles: 0xffffff, max_idle_ns: 2085701024 ns
[    1.987864] NET: Registered PF_INET protocol family
[    1.988200] IP idents hash table entries: 262144 (order: 9, 2097152 bytes, vmalloc)
[    1.990375] tcp_listen_portaddr_hash hash table entries: 16384 (order: 6, 262144 bytes, vmalloc)
[    1.990761] TCP established hash table entries: 262144 (order: 9, 2097152 bytes, vmalloc)
[    1.991158] TCP bind hash table entries: 65536 (order: 8, 1048576 bytes, vmalloc)
[    1.991221] TCP: Hash tables configured (established 262144 bind 65536)
[    1.991443] UDP hash table entries: 16384 (order: 7, 524288 bytes, vmalloc)
[    1.991559] UDP-Lite hash table entries: 16384 (order: 7, 524288 bytes, vmalloc)
[    1.991730] NET: Registered PF_UNIX/PF_LOCAL protocol family
[    1.991736] NET: Registered PF_XDP protocol family
[    1.991744] pci 0000:04:00.0: can't claim BAR 6 [mem 0xfffc0000-0xffffffff pref]: no compatible bridge window
[    1.991746] pci 0000:04:00.1: can't claim BAR 6 [mem 0xfffc0000-0xffffffff pref]: no compatible bridge window
[    1.991748] pci 0000:17:00.0: can't claim BAR 6 [mem 0xfff00000-0xffffffff pref]: no compatible bridge window
[    1.991762] pci 0000:00:1c.5: BAR 14: assigned [mem 0x90000000-0x900fffff]
[    1.991766] pci 0000:00:1c.0: PCI bridge to [bus 01]
[    1.991776] pci 0000:02:00.0: PCI bridge to [bus 03]
[    1.991781] pci 0000:02:00.0:   bridge window [mem 0x92000000-0x928fffff]
[    1.991785] pci 0000:02:00.0:   bridge window [mem 0x91000000-0x91ffffff 64bit pref]
[    1.991791] pci 0000:00:1c.4: PCI bridge to [bus 02-03]
[    1.991795] pci 0000:00:1c.4:   bridge window [mem 0x92000000-0x928fffff]
[    1.991798] pci 0000:00:1c.4:   bridge window [mem 0x91000000-0x91ffffff 64bit pref]
[    1.991803] pci 0000:04:00.0: BAR 6: assigned [mem 0x90000000-0x9003ffff pref]
[    1.991805] pci 0000:04:00.1: BAR 6: assigned [mem 0x90040000-0x9007ffff pref]
[    1.991806] pci 0000:00:1c.5: PCI bridge to [bus 04]
[    1.991809] pci 0000:00:1c.5:   bridge window [mem 0x90000000-0x900fffff]
[    1.991812] pci 0000:00:1c.5:   bridge window [mem 0x92900000-0x929fffff 64bit pref]
[    1.991816] pci_bus 0000:00: resource 4 [io  0x0000-0x0cf7 window]
[    1.991818] pci_bus 0000:00: resource 5 [io  0x1000-0x4fff window]
[    1.991820] pci_bus 0000:00: resource 6 [mem 0x000a0000-0x000bffff window]
[    1.991821] pci_bus 0000:00: resource 7 [mem 0x000c8000-0x000cffff window]
[    1.991822] pci_bus 0000:00: resource 8 [mem 0xfe010000-0xfe010fff window]
[    1.991823] pci_bus 0000:00: resource 9 [mem 0x90000000-0x9b7fffff window]
[    1.991825] pci_bus 0000:00: resource 10 [mem 0x200000000000-0x20ffffffffff window]
[    1.991827] pci_bus 0000:02: resource 1 [mem 0x92000000-0x928fffff]
[    1.991828] pci_bus 0000:02: resource 2 [mem 0x91000000-0x91ffffff 64bit pref]
[    1.991829] pci_bus 0000:03: resource 1 [mem 0x92000000-0x928fffff]
[    1.991830] pci_bus 0000:03: resource 2 [mem 0x91000000-0x91ffffff 64bit pref]
[    1.991831] pci_bus 0000:04: resource 1 [mem 0x90000000-0x900fffff]
[    1.991832] pci_bus 0000:04: resource 2 [mem 0x92900000-0x929fffff 64bit pref]
[    1.991908] pci 0000:17:00.0: BAR 6: no space for [mem size 0x00100000 pref]
[    1.991910] pci 0000:17:00.0: BAR 6: failed to assign [mem size 0x00100000 pref]
[    1.991912] pci 0000:16:02.0: PCI bridge to [bus 17]
[    1.991914] pci 0000:16:02.0:   bridge window [io  0x5000-0x5fff]
[    1.991916] pci 0000:16:02.0:   bridge window [mem 0x9ba00000-0x9bafffff]
[    1.991919] pci 0000:16:02.0:   bridge window [mem 0x9b800000-0x9b9fffff 64bit pref]
[    1.991922] pci_bus 0000:16: resource 4 [io  0x5000-0x6fff window]
[    1.991923] pci_bus 0000:16: resource 5 [mem 0x9b800000-0xa63fffff window]
[    1.991924] pci_bus 0000:16: resource 6 [mem 0x210000000000-0x21ffffffffff window]
[    1.991926] pci_bus 0000:17: resource 0 [io  0x5000-0x5fff]
[    1.991927] pci_bus 0000:17: resource 1 [mem 0x9ba00000-0x9bafffff]
[    1.991928] pci_bus 0000:17: resource 2 [mem 0x9b800000-0x9b9fffff 64bit pref]
[    1.991935] pci_bus 0000:30: resource 4 [io  0x7000-0x8fff window]
[    1.991936] pci_bus 0000:30: resource 5 [mem 0xa6400000-0xb0ffffff window]
[    1.991937] pci_bus 0000:30: resource 6 [mem 0x220000000000-0x22ffffffffff window]
[    1.991943] pci_bus 0000:4a: resource 4 [io  0x9000-0x9fff window]
[    1.991944] pci_bus 0000:4a: resource 5 [mem 0xb1000000-0xbbbfffff window]
[    1.991945] pci_bus 0000:4a: resource 6 [mem 0x230000000000-0x23ffffffffff window]
