2024年 06月 12日 星期三 11:30:24 CST
pgmigrate_success 781928
pgmigrate_fail 32107008
pgmigrate_dst_node_full_fail 32106496
pgmigrate_numa_isolate_fail 12
pgmigrate_nomem_fail 0
pgmigrate_refcount_fail 0
thp_fault_alloc 16520
thp_fault_fallback 0
thp_collapse_alloc 21
thp_collapse_alloc_failed 0
thp_file_alloc 0
thp_file_mapped 0
thp_split_page 1
thp_split_page_failed 0
thp_deferred_split_page 19508
thp_split_pmd 29
thp_split_pud 0
thp_zero_page_alloc 0
thp_zero_page_alloc_failed 0
thp_swpout 0
thp_swpout_fallback 0
MemTotal:       1087880580 kB
MemFree:        1056892376 kB
MemAvailable:   1054786220 kB
Buffers:            7668 kB
Cached:           409524 kB
SwapCached:            0 kB
Active:           657124 kB
Inactive:         364884 kB
Active(anon):     587212 kB
Inactive(anon):    24424 kB
Active(file):      69912 kB
Inactive(file):   340460 kB
Unevictable:           0 kB
Mlocked:               0 kB
SwapTotal:       2097148 kB
SwapFree:        2097148 kB
Dirty:               324 kB
Writeback:             0 kB
AnonPages:        605648 kB
Mapped:           405844 kB
Shmem:              6208 kB
KReclaimable:     237360 kB
Slab:             643320 kB
SReclaimable:     237360 kB
SUnreclaim:       405960 kB
KernelStack:       33504 kB
PageTables:        28016 kB
NFS_Unstable:          0 kB
Bounce:                0 kB
WritebackTmp:          0 kB
CommitLimit:    546037436 kB
Committed_AS:    6908884 kB
VmallocTotal:   34359738367 kB
VmallocUsed:      158780 kB
VmallocChunk:          0 kB
Percpu:           122304 kB
HardwareCorrupted:     0 kB
AnonHugePages:     12288 kB
ShmemHugePages:        0 kB
ShmemPmdMapped:        0 kB
CmaTotal:              0 kB
CmaFree:               0 kB
HugePages_Total:       0
HugePages_Free:        0
HugePages_Rsvd:        0
HugePages_Surp:        0
Hugepagesize:       2048 kB
Hugetlb:               0 kB
DirectMap4k:     1089000 kB
DirectMap2M:     8833024 kB
DirectMap1G:    1179648000 kB
2024年 06月 12日 星期三 11:34:02 CST
pgmigrate_success 3377591
pgmigrate_fail 91493384
pgmigrate_dst_node_full_fail 91492864
pgmigrate_numa_isolate_fail 12
pgmigrate_nomem_fail 0
pgmigrate_refcount_fail 0
thp_fault_alloc 33024
thp_fault_fallback 0
thp_collapse_alloc 35
thp_collapse_alloc_failed 0
thp_file_alloc 0
thp_file_mapped 0
thp_split_page 1
thp_split_page_failed 0
thp_deferred_split_page 46124
thp_split_pmd 37
thp_split_pud 0
thp_zero_page_alloc 0
thp_zero_page_alloc_failed 0
thp_swpout 0
thp_swpout_fallback 0
MemTotal:       1087880580 kB
MemFree:        1056549880 kB
MemAvailable:   1054529712 kB
Buffers:           75748 kB
Cached:           460784 kB
SwapCached:            0 kB
Active:           755792 kB
Inactive:         408060 kB
Active(anon):     587476 kB
Inactive(anon):    46176 kB
Active(file):     168316 kB
Inactive(file):   361884 kB
Unevictable:           0 kB
Mlocked:               0 kB
SwapTotal:       2097148 kB
SwapFree:        2097148 kB
Dirty:              1564 kB
Writeback:             0 kB
AnonPages:        627912 kB
Mapped:           416892 kB
Shmem:              6208 kB
KReclaimable:     289508 kB
Slab:             700356 kB
SReclaimable:     289508 kB
SUnreclaim:       410848 kB
KernelStack:       33584 kB
PageTables:        28732 kB
NFS_Unstable:          0 kB
Bounce:                0 kB
WritebackTmp:          0 kB
CommitLimit:    546037436 kB
Committed_AS:    6733988 kB
VmallocTotal:   34359738367 kB
VmallocUsed:      158796 kB
VmallocChunk:          0 kB
Percpu:           122304 kB
HardwareCorrupted:     0 kB
AnonHugePages:    473088 kB
ShmemHugePages:        0 kB
ShmemPmdMapped:        0 kB
CmaTotal:              0 kB
CmaFree:               0 kB
HugePages_Total:       0
HugePages_Free:        0
HugePages_Rsvd:        0
HugePages_Surp:        0
Hugepagesize:       2048 kB
Hugetlb:               0 kB
DirectMap4k:     1089000 kB
DirectMap2M:     8833024 kB
DirectMap1G:    1179648000 kB
