2024年 06月 05日 星期三 16:23:18 CST
pgmigrate_success 5384721
pgmigrate_fail 146989587
pgmigrate_dst_node_full_fail 146989568
pgmigrate_numa_isolate_fail 54
pgmigrate_nomem_fail 0
pgmigrate_refcount_fail 194
thp_fault_alloc 65165
thp_fault_fallback 0
thp_collapse_alloc 1087
thp_collapse_alloc_failed 0
thp_file_alloc 0
thp_file_mapped 0
thp_split_page 26
thp_split_page_failed 0
thp_deferred_split_page 85934
thp_split_pmd 252
thp_split_pud 0
thp_zero_page_alloc 1
thp_zero_page_alloc_failed 0
thp_swpout 0
thp_swpout_fallback 0
MemTotal:       561495428 kB
MemFree:        542133044 kB
MemAvailable:   541200744 kB
Buffers:            6788 kB
Cached:           582600 kB
SwapCached:            0 kB
Active:          2144368 kB
Inactive:         426708 kB
Active(anon):    1982764 kB
Inactive(anon):    36088 kB
Active(file):     161604 kB
Inactive(file):   390620 kB
Unevictable:          16 kB
Mlocked:              16 kB
SwapTotal:       2097148 kB
SwapFree:        2097148 kB
Dirty:               524 kB
Writeback:             0 kB
AnonPages:       1982780 kB
Mapped:           578352 kB
Shmem:             36124 kB
KReclaimable:     292628 kB
Slab:             747660 kB
SReclaimable:     292628 kB
SUnreclaim:       455032 kB
KernelStack:       41140 kB
PageTables:        61796 kB
NFS_Unstable:          0 kB
Bounce:                0 kB
WritebackTmp:          0 kB
CommitLimit:    282844860 kB
Committed_AS:   11571308 kB
VmallocTotal:   34359738367 kB
VmallocUsed:      166328 kB
VmallocChunk:          0 kB
Percpu:           122752 kB
HardwareCorrupted:     0 kB
AnonHugePages:    743424 kB
ShmemHugePages:        0 kB
ShmemPmdMapped:        0 kB
CmaTotal:              0 kB
CmaFree:               0 kB
HugePages_Total:       0
HugePages_Free:        0
HugePages_Rsvd:        0
HugePages_Surp:        0
Hugepagesize:       2048 kB
Hugetlb:               0 kB
DirectMap4k:     1035752 kB
DirectMap2M:     8886272 kB
DirectMap1G:    653262848 kB
2024年 06月 05日 星期三 16:26:18 CST
pgmigrate_success 7146454
pgmigrate_fail 193821715
pgmigrate_dst_node_full_fail 193821696
pgmigrate_numa_isolate_fail 54
pgmigrate_nomem_fail 0
pgmigrate_refcount_fail 194
thp_fault_alloc 81790
thp_fault_fallback 0
thp_collapse_alloc 1087
thp_collapse_alloc_failed 0
thp_file_alloc 0
thp_file_mapped 0
thp_split_page 26
thp_split_page_failed 0
thp_deferred_split_page 109421
thp_split_pmd 268
thp_split_pud 0
thp_zero_page_alloc 1
thp_zero_page_alloc_failed 0
thp_swpout 0
thp_swpout_fallback 0
MemTotal:       561495428 kB
MemFree:        541845016 kB
MemAvailable:   540990784 kB
Buffers:           74828 kB
Cached:           636692 kB
SwapCached:            0 kB
Active:          2258396 kB
Inactive:         453316 kB
Active(anon):    2000668 kB
Inactive(anon):    36084 kB
Active(file):     257728 kB
Inactive(file):   417232 kB
Unevictable:          16 kB
Mlocked:              16 kB
SwapTotal:       2097148 kB
SwapFree:        2097148 kB
Dirty:              2304 kB
Writeback:             0 kB
AnonPages:       2000596 kB
Mapped:           590404 kB
Shmem:             36124 kB
KReclaimable:     326028 kB
Slab:             783160 kB
SReclaimable:     326028 kB
SUnreclaim:       457132 kB
KernelStack:       41264 kB
PageTables:        62452 kB
NFS_Unstable:          0 kB
Bounce:                0 kB
WritebackTmp:          0 kB
CommitLimit:    282844860 kB
Committed_AS:   11606404 kB
VmallocTotal:   34359738367 kB
VmallocUsed:      166232 kB
VmallocChunk:          0 kB
Percpu:           122752 kB
HardwareCorrupted:     0 kB
AnonHugePages:    804864 kB
ShmemHugePages:        0 kB
ShmemPmdMapped:        0 kB
CmaTotal:              0 kB
CmaFree:               0 kB
HugePages_Total:       0
HugePages_Free:        0
HugePages_Rsvd:        0
HugePages_Surp:        0
Hugepagesize:       2048 kB
Hugetlb:               0 kB
DirectMap4k:     1035752 kB
DirectMap2M:     8886272 kB
DirectMap1G:    653262848 kB
