2024年 06月 08日 星期六 23:14:24 CST
pgmigrate_success 4430274
pgmigrate_fail 147117058
pgmigrate_dst_node_full_fail 147115520
pgmigrate_numa_isolate_fail 52
pgmigrate_nomem_fail 2
pgmigrate_refcount_fail 0
thp_fault_alloc 68158
thp_fault_fallback 0
thp_collapse_alloc 90
thp_collapse_alloc_failed 10
thp_file_alloc 0
thp_file_mapped 0
thp_split_page 0
thp_split_page_failed 0
thp_deferred_split_page 85192
thp_split_pmd 180
thp_split_pud 0
thp_zero_page_alloc 0
thp_zero_page_alloc_failed 0
thp_swpout 0
thp_swpout_fallback 0
MemTotal:       1087880572 kB
MemFree:        1056382600 kB
MemAvailable:   1054290764 kB
Buffers:            8832 kB
Cached:           393672 kB
SwapCached:            0 kB
Active:           861664 kB
Inactive:         537568 kB
Active(anon):     695688 kB
Inactive(anon):   308380 kB
Active(file):     165976 kB
Inactive(file):   229188 kB
Unevictable:           0 kB
Mlocked:               0 kB
SwapTotal:       2097148 kB
SwapFree:        2097148 kB
Dirty:              1436 kB
Writeback:             0 kB
AnonPages:        998212 kB
Mapped:           390124 kB
Shmem:              6208 kB
KReclaimable:     281204 kB
Slab:             727868 kB
SReclaimable:     281204 kB
SUnreclaim:       446664 kB
KernelStack:       33792 kB
PageTables:        32940 kB
NFS_Unstable:          0 kB
Bounce:                0 kB
WritebackTmp:          0 kB
CommitLimit:    546037432 kB
Committed_AS:    7111868 kB
VmallocTotal:   34359738367 kB
VmallocUsed:      158708 kB
VmallocChunk:          0 kB
Percpu:           121856 kB
HardwareCorrupted:     0 kB
AnonHugePages:     98304 kB
ShmemHugePages:        0 kB
ShmemPmdMapped:        0 kB
CmaTotal:              0 kB
CmaFree:               0 kB
HugePages_Total:       0
HugePages_Free:        0
HugePages_Rsvd:        0
HugePages_Surp:        0
Hugepagesize:       2048 kB
Hugetlb:               0 kB
DirectMap4k:     1095144 kB
DirectMap2M:     8826880 kB
DirectMap1G:    1179648000 kB
2024年 06月 08日 星期六 23:18:04 CST
pgmigrate_success 5958721
pgmigrate_fail 207962116
pgmigrate_dst_node_full_fail 207960064
pgmigrate_numa_isolate_fail 52
pgmigrate_nomem_fail 4
pgmigrate_refcount_fail 1
thp_fault_alloc 84948
thp_fault_fallback 0
thp_collapse_alloc 99
thp_collapse_alloc_failed 11
thp_file_alloc 0
thp_file_mapped 0
thp_split_page 0
thp_split_page_failed 0
thp_deferred_split_page 107911
thp_split_pmd 191
thp_split_pud 0
thp_zero_page_alloc 0
thp_zero_page_alloc_failed 0
thp_swpout 0
thp_swpout_fallback 0
MemTotal:       1087880572 kB
MemFree:        1056130100 kB
MemAvailable:   1054115588 kB
Buffers:           74948 kB
Cached:           445844 kB
SwapCached:            0 kB
Active:           975752 kB
Inactive:         565228 kB
Active(anon):     713276 kB
Inactive(anon):   314308 kB
Active(file):     262476 kB
Inactive(file):   250920 kB
Unevictable:           0 kB
Mlocked:               0 kB
SwapTotal:       2097148 kB
SwapFree:        2097148 kB
Dirty:              2196 kB
Writeback:             0 kB
AnonPages:       1021808 kB
Mapped:           401920 kB
Shmem:              6208 kB
KReclaimable:     317624 kB
Slab:             765380 kB
SReclaimable:     317624 kB
SUnreclaim:       447756 kB
KernelStack:       33808 kB
PageTables:        33728 kB
NFS_Unstable:          0 kB
Bounce:                0 kB
WritebackTmp:          0 kB
CommitLimit:    546037432 kB
Committed_AS:    7120432 kB
VmallocTotal:   34359738367 kB
VmallocUsed:      158836 kB
VmallocChunk:          0 kB
Percpu:           121856 kB
HardwareCorrupted:     0 kB
AnonHugePages:    155648 kB
ShmemHugePages:        0 kB
ShmemPmdMapped:        0 kB
CmaTotal:              0 kB
CmaFree:               0 kB
HugePages_Total:       0
HugePages_Free:        0
HugePages_Rsvd:        0
HugePages_Surp:        0
Hugepagesize:       2048 kB
Hugetlb:               0 kB
DirectMap4k:     1095144 kB
DirectMap2M:     8826880 kB
DirectMap1G:    1179648000 kB
