2024年 05月 21日 星期二 21:08:36 CST
pgmigrate_success 525239
pgmigrate_fail 15252574
pgmigrate_dst_node_full_fail 23597808
pgmigrate_numa_isolate_fail 133
pgmigrate_nomem_fail 5
pgmigrate_refcount_fail 702
thp_fault_alloc 11213
thp_fault_fallback 0
thp_collapse_alloc 26
thp_collapse_alloc_failed 3
thp_file_alloc 0
thp_file_mapped 0
thp_split_page 0
thp_split_page_failed 0
thp_deferred_split_page 11976
thp_split_pmd 313
thp_split_pud 0
thp_zero_page_alloc 0
thp_zero_page_alloc_failed 0
thp_swpout 0
thp_swpout_fallback 0
MemTotal:       1077550484 kB
MemFree:        1046749688 kB
MemAvailable:   1044565304 kB
Buffers:            4996 kB
Cached:           109280 kB
SwapCached:        49024 kB
Active:           247152 kB
Inactive:         216652 kB
Active(anon):     218400 kB
Inactive(anon):   137784 kB
Active(file):      28752 kB
Inactive(file):    78868 kB
Unevictable:           0 kB
Mlocked:               0 kB
SwapTotal:       2097148 kB
SwapFree:        1694204 kB
Dirty:               824 kB
Writeback:             0 kB
AnonPages:        343168 kB
Mapped:           105504 kB
Shmem:              4556 kB
KReclaimable:     261816 kB
Slab:             714424 kB
SReclaimable:     261816 kB
SUnreclaim:       452608 kB
KernelStack:       33668 kB
PageTables:        28668 kB
NFS_Unstable:          0 kB
Bounce:                0 kB
WritebackTmp:          0 kB
CommitLimit:    540872388 kB
Committed_AS:    6093220 kB
VmallocTotal:   34359738367 kB
VmallocUsed:      105044 kB
VmallocChunk:          0 kB
Percpu:           123648 kB
HardwareCorrupted:     0 kB
AnonHugePages:      4096 kB
ShmemHugePages:        0 kB
ShmemPmdMapped:        0 kB
CmaTotal:              0 kB
CmaFree:               0 kB
HugePages_Total:       0
HugePages_Free:        0
HugePages_Rsvd:        0
HugePages_Surp:        0
Hugepagesize:       2048 kB
Hugetlb:               0 kB
DirectMap4k:     1201640 kB
DirectMap2M:     7671808 kB
DirectMap1G:    1180696576 kB
2024年 05月 21日 星期二 21:17:38 CST
pgmigrate_success 664877
pgmigrate_fail 23751264
pgmigrate_dst_node_full_fail 32084720
pgmigrate_numa_isolate_fail 135
pgmigrate_nomem_fail 5
pgmigrate_refcount_fail 1224
thp_fault_alloc 16933
thp_fault_fallback 0
thp_collapse_alloc 26
thp_collapse_alloc_failed 18
thp_file_alloc 0
thp_file_mapped 0
thp_split_page 0
thp_split_page_failed 0
thp_deferred_split_page 18203
thp_split_pmd 457
thp_split_pud 0
thp_zero_page_alloc 0
thp_zero_page_alloc_failed 0
thp_swpout 0
thp_swpout_fallback 0
MemTotal:       1077550484 kB
MemFree:        1046545724 kB
MemAvailable:   1044429380 kB
Buffers:           59748 kB
Cached:           157916 kB
SwapCached:        48984 kB
Active:           309984 kB
Inactive:         259096 kB
Active(anon):     218588 kB
Inactive(anon):   137716 kB
Active(file):      91396 kB
Inactive(file):   121380 kB
Unevictable:           0 kB
Mlocked:               0 kB
SwapTotal:       2097148 kB
SwapFree:        1694972 kB
Dirty:                44 kB
Writeback:             0 kB
AnonPages:        343876 kB
Mapped:           105436 kB
Shmem:              4556 kB
KReclaimable:     292744 kB
Slab:             751096 kB
SReclaimable:     292744 kB
SUnreclaim:       458352 kB
KernelStack:       34368 kB
PageTables:        29160 kB
NFS_Unstable:          0 kB
Bounce:                0 kB
WritebackTmp:          0 kB
CommitLimit:    540872388 kB
Committed_AS:    6318904 kB
VmallocTotal:   34359738367 kB
VmallocUsed:      105124 kB
VmallocChunk:          0 kB
Percpu:           123648 kB
HardwareCorrupted:     0 kB
AnonHugePages:    331776 kB
ShmemHugePages:        0 kB
ShmemPmdMapped:        0 kB
CmaTotal:              0 kB
CmaFree:               0 kB
HugePages_Total:       0
HugePages_Free:        0
HugePages_Rsvd:        0
HugePages_Surp:        0
Hugepagesize:       2048 kB
Hugetlb:               0 kB
DirectMap4k:     1201640 kB
DirectMap2M:     7671808 kB
DirectMap1G:    1180696576 kB
