2024年 05月 17日 星期五 12:01:04 CST
pgmigrate_success 18070099
pgmigrate_fail 152949262
pgmigrate_dst_node_full_fail 152848385
pgmigrate_numa_isolate_fail 52
pgmigrate_nomem_fail 2
pgmigrate_refcount_fail 15375
thp_fault_alloc 203529
thp_fault_fallback 0
thp_collapse_alloc 2866
thp_collapse_alloc_failed 788
thp_file_alloc 0
thp_file_mapped 0
thp_split_page 9
thp_split_page_failed 0
thp_deferred_split_page 269867
thp_split_pmd 109
thp_split_pud 0
thp_zero_page_alloc 10
thp_zero_page_alloc_failed 0
thp_swpout 0
thp_swpout_fallback 0
MemTotal:       1093385604 kB
MemFree:        1062035996 kB
MemAvailable:   1059884644 kB
Buffers:           13708 kB
Cached:           330944 kB
SwapCached:            8 kB
Active:           489064 kB
Inactive:         500008 kB
Active(anon):     303064 kB
Inactive(anon):   347380 kB
Active(file):     186000 kB
Inactive(file):   152628 kB
Unevictable:           0 kB
Mlocked:               0 kB
SwapTotal:       2097148 kB
SwapFree:        2094588 kB
Dirty:               428 kB
Writeback:             0 kB
AnonPages:        644804 kB
Mapped:           325380 kB
Shmem:              5756 kB
KReclaimable:     283732 kB
Slab:             680756 kB
SReclaimable:     283732 kB
SUnreclaim:       397024 kB
KernelStack:       33452 kB
PageTables:        28832 kB
NFS_Unstable:          0 kB
Bounce:                0 kB
WritebackTmp:          0 kB
CommitLimit:    548789948 kB
Committed_AS:    6609892 kB
VmallocTotal:   34359738367 kB
VmallocUsed:      158644 kB
VmallocChunk:          0 kB
Percpu:           124544 kB
HardwareCorrupted:     0 kB
AnonHugePages:     24576 kB
ShmemHugePages:        0 kB
ShmemPmdMapped:        0 kB
CmaTotal:              0 kB
CmaFree:               0 kB
HugePages_Total:       0
HugePages_Free:        0
HugePages_Rsvd:        0
HugePages_Surp:        0
Hugepagesize:       2048 kB
Hugetlb:               0 kB
DirectMap4k:      992744 kB
DirectMap2M:     7880704 kB
DirectMap1G:    1180696576 kB
2024年 05月 17日 星期五 12:02:27 CST
pgmigrate_success 18088298
pgmigrate_fail 153402382
pgmigrate_dst_node_full_fail 153326580
pgmigrate_numa_isolate_fail 52
pgmigrate_nomem_fail 2
pgmigrate_refcount_fail 15375
thp_fault_alloc 220389
thp_fault_fallback 0
thp_collapse_alloc 2869
thp_collapse_alloc_failed 788
thp_file_alloc 0
thp_file_mapped 0
thp_split_page 9
thp_split_page_failed 0
thp_deferred_split_page 286727
thp_split_pmd 148
thp_split_pud 0
thp_zero_page_alloc 10
thp_zero_page_alloc_failed 0
thp_swpout 0
thp_swpout_fallback 0
MemTotal:       1093385604 kB
MemFree:        1048496140 kB
MemAvailable:   1058785260 kB
Buffers:           54120 kB
Cached:         13753124 kB
SwapCached:            8 kB
Active:           530988 kB
Inactive:       13907204 kB
Active(anon):     289248 kB
Inactive(anon):   347596 kB
Active(file):     241740 kB
Inactive(file): 13559608 kB
Unevictable:           0 kB
Mlocked:               0 kB
SwapTotal:       2097148 kB
SwapFree:        2094332 kB
Dirty:                24 kB
Writeback:             0 kB
AnonPages:        631204 kB
Mapped:           321792 kB
Shmem:              5756 kB
KReclaimable:     357668 kB
Slab:             755400 kB
SReclaimable:     357668 kB
SUnreclaim:       397732 kB
KernelStack:       33648 kB
PageTables:        28640 kB
NFS_Unstable:          0 kB
Bounce:                0 kB
WritebackTmp:          0 kB
CommitLimit:    548789948 kB
Committed_AS:    6568028 kB
VmallocTotal:   34359738367 kB
VmallocUsed:      158692 kB
VmallocChunk:          0 kB
Percpu:           124544 kB
HardwareCorrupted:     0 kB
AnonHugePages:     28672 kB
ShmemHugePages:        0 kB
ShmemPmdMapped:        0 kB
CmaTotal:              0 kB
CmaFree:               0 kB
HugePages_Total:       0
HugePages_Free:        0
HugePages_Rsvd:        0
HugePages_Surp:        0
Hugepagesize:       2048 kB
Hugetlb:               0 kB
DirectMap4k:      992744 kB
DirectMap2M:     7880704 kB
DirectMap1G:    1180696576 kB
