[    0.000000] Linux version 5.15.0-tiering-0.8 (xmu@xmu-PowerEdge-R750) (gcc (Ubuntu 8.4.0-1ubuntu1~18.04) 8.4.0, GNU ld (GNU Binutils for Ubuntu) 2.30) #1 SMP Thu Apr 18 19:37:58 CST 2024
[    0.000000] Command line: BOOT_IMAGE=/boot/vmlinuz-5.15.0-tiering-0.8 root=UUID=ce0c24b8-724b-4f33-9b2c-618433560aef ro memmap=47817M!4096M memmap=59G!64G quiet splash nomodeset vt.handoff=1
[    0.000000] KERNEL supported cpus:
[    0.000000]   Intel GenuineIntel
[    0.000000]   AMD AuthenticAMD
[    0.000000]   Hygon HygonGenuine
[    0.000000]   Centaur CentaurHauls
[    0.000000]   zhaoxin   Shanghai  
[    0.000000] x86/split lock detection: #AC: crashing the kernel on kernel split_locks and warning on user-space split_locks
[    0.000000] x86/fpu: Supporting XSAVE feature 0x001: 'x87 floating point registers'
[    0.000000] x86/fpu: Supporting XSAVE feature 0x002: 'SSE registers'
[    0.000000] x86/fpu: Supporting XSAVE feature 0x004: 'AVX registers'
[    0.000000] x86/fpu: Supporting XSAVE feature 0x020: 'AVX-512 opmask'
[    0.000000] x86/fpu: Supporting XSAVE feature 0x040: 'AVX-512 Hi256'
[    0.000000] x86/fpu: Supporting XSAVE feature 0x080: 'AVX-512 ZMM_Hi256'
[    0.000000] x86/fpu: Supporting XSAVE feature 0x200: 'Protection Keys User registers'
[    0.000000] x86/fpu: xstate_offset[2]:  576, xstate_sizes[2]:  256
[    0.000000] x86/fpu: xstate_offset[5]:  832, xstate_sizes[5]:   64
[    0.000000] x86/fpu: xstate_offset[6]:  896, xstate_sizes[6]:  512
[    0.000000] x86/fpu: xstate_offset[7]: 1408, xstate_sizes[7]: 1024
[    0.000000] x86/fpu: xstate_offset[9]: 2432, xstate_sizes[9]:    8
[    0.000000] x86/fpu: Enabled xstate features 0x2e7, context size is 2440 bytes, using 'compacted' format.
[    0.000000] signal: max sigframe size: 3632
[    0.000000] BIOS-provided physical RAM map:
[    0.000000] BIOS-e820: [mem 0x0000000000000000-0x000000000008efff] usable
[    0.000000] BIOS-e820: [mem 0x000000000008f000-0x000000000008ffff] reserved
[    0.000000] BIOS-e820: [mem 0x0000000000090000-0x000000000009ffff] usable
[    0.000000] BIOS-e820: [mem 0x00000000000a0000-0x00000000000fffff] reserved
[    0.000000] BIOS-e820: [mem 0x0000000000100000-0x0000000049e76fff] usable
[    0.000000] BIOS-e820: [mem 0x0000000049e77000-0x000000004ae76fff] ACPI NVS
[    0.000000] BIOS-e820: [mem 0x000000004ae77000-0x000000004b2cefff] usable
[    0.000000] BIOS-e820: [mem 0x000000004b2cf000-0x000000004b54dfff] ACPI data
[    0.000000] BIOS-e820: [mem 0x000000004b54e000-0x000000004bd93fff] usable
[    0.000000] BIOS-e820: [mem 0x000000004bd94000-0x000000004be99fff] reserved
[    0.000000] BIOS-e820: [mem 0x000000004be9a000-0x000000004cdfffff] usable
[    0.000000] BIOS-e820: [mem 0x000000004ce00000-0x000000004cffffff] reserved
[    0.000000] BIOS-e820: [mem 0x000000004d000000-0x000000005eefdfff] usable
[    0.000000] BIOS-e820: [mem 0x000000005eefe000-0x000000006e3fefff] reserved
[    0.000000] BIOS-e820: [mem 0x000000006e3ff000-0x000000006f3fefff] ACPI NVS
[    0.000000] BIOS-e820: [mem 0x000000006f3ff000-0x000000006f7fefff] ACPI data
[    0.000000] BIOS-e820: [mem 0x000000006f7ff000-0x000000006f7fffff] usable
[    0.000000] BIOS-e820: [mem 0x000000006f800000-0x000000008fffffff] reserved
[    0.000000] BIOS-e820: [mem 0x00000000fe000000-0x00000000fe010fff] reserved
[    0.000000] BIOS-e820: [mem 0x0000000100000000-0x000000207fffffff] usable
[    0.000000] BIOS-e820: [mem 0x0000002080000000-0x0000011c7fffffff] persistent (type 7)
[    0.000000] BIOS-e820: [mem 0x00001ffc00000000-0x00001fffffffffff] reserved
[    0.000000] NX (Execute Disable) protection: active
[    0.000000] e820: update [mem 0x46d5d020-0x46d6505f] usable ==> usable
[    0.000000] e820: update [mem 0x46d5d020-0x46d6505f] usable ==> usable
[    0.000000] e820: update [mem 0x46d2a020-0x46d5cc5f] usable ==> usable
[    0.000000] e820: update [mem 0x46d2a020-0x46d5cc5f] usable ==> usable
[    0.000000] e820: update [mem 0x46cf7020-0x46d29c5f] usable ==> usable
[    0.000000] e820: update [mem 0x46cf7020-0x46d29c5f] usable ==> usable
[    0.000000] e820: update [mem 0x46cc5020-0x46cf6a5f] usable ==> usable
[    0.000000] e820: update [mem 0x46cc5020-0x46cf6a5f] usable ==> usable
[    0.000000] extended physical RAM map:
[    0.000000] reserve setup_data: [mem 0x0000000000000000-0x000000000008efff] usable
[    0.000000] reserve setup_data: [mem 0x000000000008f000-0x000000000008ffff] reserved
[    0.000000] reserve setup_data: [mem 0x0000000000090000-0x000000000009ffff] usable
[    0.000000] reserve setup_data: [mem 0x00000000000a0000-0x00000000000fffff] reserved
[    0.000000] reserve setup_data: [mem 0x0000000000100000-0x0000000046cc501f] usable
[    0.000000] reserve setup_data: [mem 0x0000000046cc5020-0x0000000046cf6a5f] usable
[    0.000000] reserve setup_data: [mem 0x0000000046cf6a60-0x0000000046cf701f] usable
[    0.000000] reserve setup_data: [mem 0x0000000046cf7020-0x0000000046d29c5f] usable
[    0.000000] reserve setup_data: [mem 0x0000000046d29c60-0x0000000046d2a01f] usable
[    0.000000] reserve setup_data: [mem 0x0000000046d2a020-0x0000000046d5cc5f] usable
[    0.000000] reserve setup_data: [mem 0x0000000046d5cc60-0x0000000046d5d01f] usable
[    0.000000] reserve setup_data: [mem 0x0000000046d5d020-0x0000000046d6505f] usable
[    0.000000] reserve setup_data: [mem 0x0000000046d65060-0x0000000049e76fff] usable
[    0.000000] reserve setup_data: [mem 0x0000000049e77000-0x000000004ae76fff] ACPI NVS
[    0.000000] reserve setup_data: [mem 0x000000004ae77000-0x000000004b2cefff] usable
[    0.000000] reserve setup_data: [mem 0x000000004b2cf000-0x000000004b54dfff] ACPI data
[    0.000000] reserve setup_data: [mem 0x000000004b54e000-0x000000004bd93fff] usable
[    0.000000] reserve setup_data: [mem 0x000000004bd94000-0x000000004be99fff] reserved
[    0.000000] reserve setup_data: [mem 0x000000004be9a000-0x000000004cdfffff] usable
[    0.000000] reserve setup_data: [mem 0x000000004ce00000-0x000000004cffffff] reserved
[    0.000000] reserve setup_data: [mem 0x000000004d000000-0x000000005eefdfff] usable
[    0.000000] reserve setup_data: [mem 0x000000005eefe000-0x000000006e3fefff] reserved
[    0.000000] reserve setup_data: [mem 0x000000006e3ff000-0x000000006f3fefff] ACPI NVS
[    0.000000] reserve setup_data: [mem 0x000000006f3ff000-0x000000006f7fefff] ACPI data
[    0.000000] reserve setup_data: [mem 0x000000006f7ff000-0x000000006f7fffff] usable
[    0.000000] reserve setup_data: [mem 0x000000006f800000-0x000000008fffffff] reserved
[    0.000000] reserve setup_data: [mem 0x00000000fe000000-0x00000000fe010fff] reserved
[    0.000000] reserve setup_data: [mem 0x0000000100000000-0x0000000cac8fffff] persistent (type 12)
[    0.000000] reserve setup_data: [mem 0x0000000cac900000-0x0000000fffffffff] usable
[    0.000000] reserve setup_data: [mem 0x0000001000000000-0x0000001ebfffffff] persistent (type 12)
[    0.000000] reserve setup_data: [mem 0x0000001ec0000000-0x000000207fffffff] usable
[    0.000000] reserve setup_data: [mem 0x0000002080000000-0x0000011c7fffffff] persistent (type 7)
[    0.000000] reserve setup_data: [mem 0x00001ffc00000000-0x00001fffffffffff] reserved
[    0.000000] user-defined physical RAM map:
[    0.000000] user: [mem 0x0000000000000000-0x000000000008efff] usable
[    0.000000] user: [mem 0x000000000008f000-0x000000000008ffff] reserved
[    0.000000] user: [mem 0x0000000000090000-0x000000000009ffff] usable
[    0.000000] user: [mem 0x00000000000a0000-0x00000000000fffff] reserved
[    0.000000] user: [mem 0x0000000000100000-0x0000000046cc501f] usable
[    0.000000] user: [mem 0x0000000046cc5020-0x0000000046cf6a5f] usable
[    0.000000] user: [mem 0x0000000046cf6a60-0x0000000046cf701f] usable
[    0.000000] user: [mem 0x0000000046cf7020-0x0000000046d29c5f] usable
[    0.000000] user: [mem 0x0000000046d29c60-0x0000000046d2a01f] usable
[    0.000000] user: [mem 0x0000000046d2a020-0x0000000046d5cc5f] usable
[    0.000000] user: [mem 0x0000000046d5cc60-0x0000000046d5d01f] usable
[    0.000000] user: [mem 0x0000000046d5d020-0x0000000046d6505f] usable
[    0.000000] user: [mem 0x0000000046d65060-0x0000000049e76fff] usable
[    0.000000] user: [mem 0x0000000049e77000-0x000000004ae76fff] ACPI NVS
[    0.000000] user: [mem 0x000000004ae77000-0x000000004b2cefff] usable
[    0.000000] user: [mem 0x000000004b2cf000-0x000000004b54dfff] ACPI data
[    0.000000] user: [mem 0x000000004b54e000-0x000000004bd93fff] usable
[    0.000000] user: [mem 0x000000004bd94000-0x000000004be99fff] reserved
[    0.000000] user: [mem 0x000000004be9a000-0x000000004cdfffff] usable
[    0.000000] user: [mem 0x000000004ce00000-0x000000004cffffff] reserved
[    0.000000] user: [mem 0x000000004d000000-0x000000005eefdfff] usable
[    0.000000] user: [mem 0x000000005eefe000-0x000000006e3fefff] reserved
[    0.000000] user: [mem 0x000000006e3ff000-0x000000006f3fefff] ACPI NVS
[    0.000000] user: [mem 0x000000006f3ff000-0x000000006f7fefff] ACPI data
[    0.000000] user: [mem 0x000000006f7ff000-0x000000006f7fffff] usable
[    0.000000] user: [mem 0x000000006f800000-0x000000008fffffff] reserved
[    0.000000] user: [mem 0x00000000fe000000-0x00000000fe010fff] reserved
[    0.000000] user: [mem 0x0000000100000000-0x0000000cac8fffff] persistent (type 12)
[    0.000000] user: [mem 0x0000000cac900000-0x0000000fffffffff] usable
[    0.000000] user: [mem 0x0000001000000000-0x0000001ebfffffff] persistent (type 12)
[    0.000000] user: [mem 0x0000001ec0000000-0x000000207fffffff] usable
[    0.000000] user: [mem 0x0000002080000000-0x0000011c7fffffff] persistent (type 7)
[    0.000000] user: [mem 0x00001ffc00000000-0x00001fffffffffff] reserved
[    0.000000] efi: EFI v2.70 by Dell Inc.
[    0.000000] efi: ACPI=0x6f7fe000 ACPI 2.0=0x6f7fe014 MEMATTR=0x5b070020 SMBIOS=0x69526000 SMBIOS 3.0=0x69524000 MOKvar=0x5ef81000 RNG=0x5ef8a920 
[    0.000000] efi: seeding entropy pool
[    0.000000] random: fast init done
[    0.000000] SMBIOS 3.3.0 present.
[    0.000000] DMI: Dell Inc. PowerEdge R750/0K8F35, BIOS 1.10.2 03/03/2023
[    0.000000] tsc: Detected 2000.000 MHz processor
[    0.000007] e820: update [mem 0x00000000-0x00000fff] usable ==> reserved
[    0.000010] e820: remove [mem 0x000a0000-0x000fffff] usable
[    0.000018] last_pfn = 0x2080000 max_arch_pfn = 0x400000000
[    0.000225] x86/PAT: Configuration [0-7]: WB  WC  UC- UC  WB  WP  UC- WT  
[    0.003066] total RAM covered: 2095088M
[    0.003150]  gran_size: 64K 	chunk_size: 64K 	num_reg: 10  	lose cover RAM: 2016G
[    0.003152]  gran_size: 64K 	chunk_size: 128K 	num_reg: 10  	lose cover RAM: 2016G
[    0.003154]  gran_size: 64K 	chunk_size: 256K 	num_reg: 10  	lose cover RAM: 2016G
[    0.003156]  gran_size: 64K 	chunk_size: 512K 	num_reg: 10  	lose cover RAM: 2016G
[    0.003157]  gran_size: 64K 	chunk_size: 1M 	num_reg: 10  	lose cover RAM: 2016G
[    0.003159]  gran_size: 64K 	chunk_size: 2M 	num_reg: 10  	lose cover RAM: 2016G
[    0.003160]  gran_size: 64K 	chunk_size: 4M 	num_reg: 10  	lose cover RAM: 2016G
[    0.003161]  gran_size: 64K 	chunk_size: 8M 	num_reg: 10  	lose cover RAM: 2016G
[    0.003163]  gran_size: 64K 	chunk_size: 16M 	num_reg: 10  	lose cover RAM: 2016G
[    0.003164]  gran_size: 64K 	chunk_size: 32M 	num_reg: 10  	lose cover RAM: 1024G
[    0.003165]  gran_size: 64K 	chunk_size: 64M 	num_reg: 10  	lose cover RAM: 1024G
[    0.003167]  gran_size: 64K 	chunk_size: 128M 	num_reg: 10  	lose cover RAM: 1024G
[    0.003168]  gran_size: 64K 	chunk_size: 256M 	num_reg: 10  	lose cover RAM: 1024G
[    0.003169]  gran_size: 64K 	chunk_size: 512M 	num_reg: 10  	lose cover RAM: 1024G
[    0.003170]  gran_size: 64K 	chunk_size: 1G 	num_reg: 10  	lose cover RAM: 1024G
[    0.003172]  gran_size: 64K 	chunk_size: 2G 	num_reg: 10  	lose cover RAM: 1024G
[    0.003173]  gran_size: 128K 	chunk_size: 128K 	num_reg: 10  	lose cover RAM: 2016G
[    0.003174]  gran_size: 128K 	chunk_size: 256K 	num_reg: 10  	lose cover RAM: 2016G
[    0.003175]  gran_size: 128K 	chunk_size: 512K 	num_reg: 10  	lose cover RAM: 2016G
[    0.003177]  gran_size: 128K 	chunk_size: 1M 	num_reg: 10  	lose cover RAM: 2016G
[    0.003178]  gran_size: 128K 	chunk_size: 2M 	num_reg: 10  	lose cover RAM: 2016G
[    0.003179]  gran_size: 128K 	chunk_size: 4M 	num_reg: 10  	lose cover RAM: 2016G
[    0.003180]  gran_size: 128K 	chunk_size: 8M 	num_reg: 10  	lose cover RAM: 2016G
[    0.003182]  gran_size: 128K 	chunk_size: 16M 	num_reg: 10  	lose cover RAM: 2016G
[    0.003183]  gran_size: 128K 	chunk_size: 32M 	num_reg: 10  	lose cover RAM: 1024G
[    0.003184]  gran_size: 128K 	chunk_size: 64M 	num_reg: 10  	lose cover RAM: 1024G
[    0.003185]  gran_size: 128K 	chunk_size: 128M 	num_reg: 10  	lose cover RAM: 1024G
[    0.003187]  gran_size: 128K 	chunk_size: 256M 	num_reg: 10  	lose cover RAM: 1024G
[    0.003188]  gran_size: 128K 	chunk_size: 512M 	num_reg: 10  	lose cover RAM: 1024G
[    0.003189]  gran_size: 128K 	chunk_size: 1G 	num_reg: 10  	lose cover RAM: 1024G
[    0.003191]  gran_size: 128K 	chunk_size: 2G 	num_reg: 10  	lose cover RAM: 1024G
[    0.003192]  gran_size: 256K 	chunk_size: 256K 	num_reg: 10  	lose cover RAM: 2016G
[    0.003193]  gran_size: 256K 	chunk_size: 512K 	num_reg: 10  	lose cover RAM: 2016G
[    0.003195]  gran_size: 256K 	chunk_size: 1M 	num_reg: 10  	lose cover RAM: 2016G
[    0.003196]  gran_size: 256K 	chunk_size: 2M 	num_reg: 10  	lose cover RAM: 2016G
[    0.003197]  gran_size: 256K 	chunk_size: 4M 	num_reg: 10  	lose cover RAM: 2016G
[    0.003198]  gran_size: 256K 	chunk_size: 8M 	num_reg: 10  	lose cover RAM: 2016G
[    0.003200]  gran_size: 256K 	chunk_size: 16M 	num_reg: 10  	lose cover RAM: 2016G
[    0.003201]  gran_size: 256K 	chunk_size: 32M 	num_reg: 10  	lose cover RAM: 1024G
[    0.003202]  gran_size: 256K 	chunk_size: 64M 	num_reg: 10  	lose cover RAM: 1024G
[    0.003203]  gran_size: 256K 	chunk_size: 128M 	num_reg: 10  	lose cover RAM: 1024G
[    0.003205]  gran_size: 256K 	chunk_size: 256M 	num_reg: 10  	lose cover RAM: 1024G
[    0.003206]  gran_size: 256K 	chunk_size: 512M 	num_reg: 10  	lose cover RAM: 1024G
[    0.003207]  gran_size: 256K 	chunk_size: 1G 	num_reg: 10  	lose cover RAM: 1024G
[    0.003208]  gran_size: 256K 	chunk_size: 2G 	num_reg: 10  	lose cover RAM: 1024G
[    0.003210]  gran_size: 512K 	chunk_size: 512K 	num_reg: 10  	lose cover RAM: 2016G
[    0.003211]  gran_size: 512K 	chunk_size: 1M 	num_reg: 10  	lose cover RAM: 2016G
[    0.003212]  gran_size: 512K 	chunk_size: 2M 	num_reg: 10  	lose cover RAM: 2016G
[    0.003214]  gran_size: 512K 	chunk_size: 4M 	num_reg: 10  	lose cover RAM: 2016G
[    0.003215]  gran_size: 512K 	chunk_size: 8M 	num_reg: 10  	lose cover RAM: 2016G
[    0.003216]  gran_size: 512K 	chunk_size: 16M 	num_reg: 10  	lose cover RAM: 2016G
[    0.003218]  gran_size: 512K 	chunk_size: 32M 	num_reg: 10  	lose cover RAM: 1024G
[    0.003219]  gran_size: 512K 	chunk_size: 64M 	num_reg: 10  	lose cover RAM: 1024G
[    0.003220]  gran_size: 512K 	chunk_size: 128M 	num_reg: 10  	lose cover RAM: 1024G
[    0.003221]  gran_size: 512K 	chunk_size: 256M 	num_reg: 10  	lose cover RAM: 1024G
[    0.003223]  gran_size: 512K 	chunk_size: 512M 	num_reg: 10  	lose cover RAM: 1024G
[    0.003224]  gran_size: 512K 	chunk_size: 1G 	num_reg: 10  	lose cover RAM: 1024G
[    0.003225]  gran_size: 512K 	chunk_size: 2G 	num_reg: 10  	lose cover RAM: 1024G
[    0.003227]  gran_size: 1M 	chunk_size: 1M 	num_reg: 10  	lose cover RAM: 2016G
[    0.003228]  gran_size: 1M 	chunk_size: 2M 	num_reg: 10  	lose cover RAM: 2016G
[    0.003229]  gran_size: 1M 	chunk_size: 4M 	num_reg: 10  	lose cover RAM: 2016G
[    0.003230]  gran_size: 1M 	chunk_size: 8M 	num_reg: 10  	lose cover RAM: 2016G
[    0.003232]  gran_size: 1M 	chunk_size: 16M 	num_reg: 10  	lose cover RAM: 2016G
[    0.003233]  gran_size: 1M 	chunk_size: 32M 	num_reg: 10  	lose cover RAM: 1024G
[    0.003234]  gran_size: 1M 	chunk_size: 64M 	num_reg: 10  	lose cover RAM: 1024G
[    0.003235]  gran_size: 1M 	chunk_size: 128M 	num_reg: 10  	lose cover RAM: 1024G
[    0.003237]  gran_size: 1M 	chunk_size: 256M 	num_reg: 10  	lose cover RAM: 1024G
[    0.003238]  gran_size: 1M 	chunk_size: 512M 	num_reg: 10  	lose cover RAM: 1024G
[    0.003239]  gran_size: 1M 	chunk_size: 1G 	num_reg: 10  	lose cover RAM: 1024G
[    0.003240]  gran_size: 1M 	chunk_size: 2G 	num_reg: 10  	lose cover RAM: 1024G
[    0.003242]  gran_size: 2M 	chunk_size: 2M 	num_reg: 10  	lose cover RAM: 2016G
[    0.003243]  gran_size: 2M 	chunk_size: 4M 	num_reg: 10  	lose cover RAM: 2016G
[    0.003244]  gran_size: 2M 	chunk_size: 8M 	num_reg: 10  	lose cover RAM: 2016G
[    0.003245]  gran_size: 2M 	chunk_size: 16M 	num_reg: 10  	lose cover RAM: 2016G
[    0.003247]  gran_size: 2M 	chunk_size: 32M 	num_reg: 10  	lose cover RAM: 1024G
[    0.003248]  gran_size: 2M 	chunk_size: 64M 	num_reg: 10  	lose cover RAM: 1024G
[    0.003249]  gran_size: 2M 	chunk_size: 128M 	num_reg: 10  	lose cover RAM: 1024G
[    0.003251]  gran_size: 2M 	chunk_size: 256M 	num_reg: 10  	lose cover RAM: 1024G
[    0.003252]  gran_size: 2M 	chunk_size: 512M 	num_reg: 10  	lose cover RAM: 1024G
[    0.003253]  gran_size: 2M 	chunk_size: 1G 	num_reg: 10  	lose cover RAM: 1024G
[    0.003255]  gran_size: 2M 	chunk_size: 2G 	num_reg: 10  	lose cover RAM: 1024G
[    0.003256]  gran_size: 4M 	chunk_size: 4M 	num_reg: 10  	lose cover RAM: 2016G
[    0.003257]  gran_size: 4M 	chunk_size: 8M 	num_reg: 10  	lose cover RAM: 2016G
[    0.003258]  gran_size: 4M 	chunk_size: 16M 	num_reg: 10  	lose cover RAM: 2016G
[    0.003260]  gran_size: 4M 	chunk_size: 32M 	num_reg: 10  	lose cover RAM: 1024G
[    0.003261]  gran_size: 4M 	chunk_size: 64M 	num_reg: 10  	lose cover RAM: 1024G
[    0.003262]  gran_size: 4M 	chunk_size: 128M 	num_reg: 10  	lose cover RAM: 1024G
[    0.003263]  gran_size: 4M 	chunk_size: 256M 	num_reg: 10  	lose cover RAM: 1024G
[    0.003265]  gran_size: 4M 	chunk_size: 512M 	num_reg: 10  	lose cover RAM: 1024G
[    0.003266]  gran_size: 4M 	chunk_size: 1G 	num_reg: 10  	lose cover RAM: 1024G
[    0.003267]  gran_size: 4M 	chunk_size: 2G 	num_reg: 10  	lose cover RAM: 1024G
[    0.003268]  gran_size: 8M 	chunk_size: 8M 	num_reg: 10  	lose cover RAM: 2016G
[    0.003270]  gran_size: 8M 	chunk_size: 16M 	num_reg: 10  	lose cover RAM: 2016G
[    0.003271]  gran_size: 8M 	chunk_size: 32M 	num_reg: 10  	lose cover RAM: 1024G
[    0.003272]  gran_size: 8M 	chunk_size: 64M 	num_reg: 10  	lose cover RAM: 1024G
[    0.003274]  gran_size: 8M 	chunk_size: 128M 	num_reg: 10  	lose cover RAM: 1024G
[    0.003275]  gran_size: 8M 	chunk_size: 256M 	num_reg: 10  	lose cover RAM: 1024G
[    0.003277]  gran_size: 8M 	chunk_size: 512M 	num_reg: 10  	lose cover RAM: 1024G
[    0.003278]  gran_size: 8M 	chunk_size: 1G 	num_reg: 10  	lose cover RAM: 1024G
[    0.003279]  gran_size: 8M 	chunk_size: 2G 	num_reg: 10  	lose cover RAM: 1024G
[    0.003280]  gran_size: 16M 	chunk_size: 16M 	num_reg: 10  	lose cover RAM: 2016G
[    0.003282]  gran_size: 16M 	chunk_size: 32M 	num_reg: 10  	lose cover RAM: 1024G
[    0.003283]  gran_size: 16M 	chunk_size: 64M 	num_reg: 10  	lose cover RAM: 1024G
[    0.003284]  gran_size: 16M 	chunk_size: 128M 	num_reg: 10  	lose cover RAM: 1024G
[    0.003285]  gran_size: 16M 	chunk_size: 256M 	num_reg: 10  	lose cover RAM: 1024G
[    0.003287]  gran_size: 16M 	chunk_size: 512M 	num_reg: 10  	lose cover RAM: 1024G
[    0.003288]  gran_size: 16M 	chunk_size: 1G 	num_reg: 10  	lose cover RAM: 1024G
[    0.003289]  gran_size: 16M 	chunk_size: 2G 	num_reg: 10  	lose cover RAM: 1024G
[    0.003291]  gran_size: 32M 	chunk_size: 32M 	num_reg: 10  	lose cover RAM: 2031632M
[    0.003292]  gran_size: 32M 	chunk_size: 64M 	num_reg: 10  	lose cover RAM: 1048592M
[    0.003293]  gran_size: 32M 	chunk_size: 128M 	num_reg: 10  	lose cover RAM: 1048592M
[    0.003294]  gran_size: 32M 	chunk_size: 256M 	num_reg: 10  	lose cover RAM: 1048592M
[    0.003296]  gran_size: 32M 	chunk_size: 512M 	num_reg: 10  	lose cover RAM: 1048592M
[    0.003297]  gran_size: 32M 	chunk_size: 1G 	num_reg: 10  	lose cover RAM: 1048592M
[    0.003298]  gran_size: 32M 	chunk_size: 2G 	num_reg: 10  	lose cover RAM: 1048592M
[    0.003299]  gran_size: 64M 	chunk_size: 64M 	num_reg: 10  	lose cover RAM: 1966128M
[    0.003301]  gran_size: 64M 	chunk_size: 128M 	num_reg: 10  	lose cover RAM: 1048624M
[    0.003302]  gran_size: 64M 	chunk_size: 256M 	num_reg: 10  	lose cover RAM: 1048624M
[    0.003303]  gran_size: 64M 	chunk_size: 512M 	num_reg: 10  	lose cover RAM: 1048624M
[    0.003305]  gran_size: 64M 	chunk_size: 1G 	num_reg: 10  	lose cover RAM: 1048624M
[    0.003306]  gran_size: 64M 	chunk_size: 2G 	num_reg: 10  	lose cover RAM: 1048624M
[    0.003307]  gran_size: 128M 	chunk_size: 128M 	num_reg: 10  	lose cover RAM: 1835120M
[    0.003309]  gran_size: 128M 	chunk_size: 256M 	num_reg: 10  	lose cover RAM: 1048688M
[    0.003310]  gran_size: 128M 	chunk_size: 512M 	num_reg: 10  	lose cover RAM: 1048688M
[    0.003311]  gran_size: 128M 	chunk_size: 1G 	num_reg: 10  	lose cover RAM: 1048688M
[    0.003313]  gran_size: 128M 	chunk_size: 2G 	num_reg: 10  	lose cover RAM: 1048688M
[    0.003314]  gran_size: 256M 	chunk_size: 256M 	num_reg: 10  	lose cover RAM: 1573104M
[    0.003315]  gran_size: 256M 	chunk_size: 512M 	num_reg: 10  	lose cover RAM: 1048816M
[    0.003316]  gran_size: 256M 	chunk_size: 1G 	num_reg: 10  	lose cover RAM: 1048816M
[    0.003318]  gran_size: 256M 	chunk_size: 2G 	num_reg: 10  	lose cover RAM: 1048816M
[    0.003319]  gran_size: 512M 	chunk_size: 512M 	num_reg: 10  	lose cover RAM: 1049072M
[    0.003320]  gran_size: 512M 	chunk_size: 1G 	num_reg: 10  	lose cover RAM: 1049072M
[    0.003322]  gran_size: 512M 	chunk_size: 2G 	num_reg: 10  	lose cover RAM: 1049072M
[    0.003323]  gran_size: 1G 	chunk_size: 1G 	num_reg: 10  	lose cover RAM: 1008M
[    0.003324]  gran_size: 1G 	chunk_size: 2G 	num_reg: 10  	lose cover RAM: 1008M
[    0.003325]  gran_size: 2G 	chunk_size: 2G 	num_reg: 9  	lose cover RAM: 2032M
[    0.003327] mtrr_cleanup: can not find optimal value
[    0.003327] please specify mtrr_gran_size/mtrr_chunk_size
[    0.003330] e820: update [mem 0x7f000000-0xffffffff] usable ==> reserved
[    0.003333] x2apic: enabled by BIOS, switching to x2apic ops
[    0.003334] last_pfn = 0x6f800 max_arch_pfn = 0x400000000
[    0.014663] Using GB pages for direct mapping
[    0.015668] Secure boot disabled
[    0.015668] RAMDISK: [mem 0x205cb7c000-0x207fffffff]
[    0.015674] ACPI: Early table checksum verification disabled
[    0.015676] ACPI: RSDP 0x000000006F7FE014 000024 (v02 DELL  )
[    0.015680] ACPI: XSDT 0x000000006F41C188 0000F4 (v01 DELL   PE_SC3   00000000 DELL 01000013)
[    0.015686] ACPI: FACP 0x000000006F430000 000114 (v06 DELL   PE_SC3   00000000 DELL 00000001)
[    0.015691] ACPI: DSDT 0x000000004B4CE000 07FAD3 (v02 DELL   PE_SC3   00000003 DELL 00000001)
[    0.015695] ACPI: FACS 0x000000006F2F2000 000040
[    0.015698] ACPI: SSDT 0x000000006F7FB000 00159A (v02 INTEL  RAS_ACPI 00000001 INTL 20210331)
[    0.015702] ACPI: SSDT 0x000000006F7FA000 000745 (v02 INTEL  ADDRXLAT 00000001 INTL 20210331)
[    0.015705] ACPI: MCEJ 0x000000006F7F9000 000130 (v01 INTEL           00000001 INTL 0100000D)
[    0.015708] ACPI: BERT 0x000000006F7F8000 000030 (v01 DELL   PE_SC3   00000001 INTL 00000001)
[    0.015712] ACPI: ERST 0x000000006F7F7000 000230 (v01 DELL   PE_SC3   00000001 INTL 00000001)
[    0.015715] ACPI: SSDT 0x000000006F431000 3C524E (v02 INTEL  SSDTNVDR 00001000 INTL 20210331)
[    0.015719] ACPI: HMAT 0x000000006F42F000 000210 (v01 DELL   PE_SC3   00000001 DELL 00000001)
[    0.015722] ACPI: HPET 0x000000006F42E000 000038 (v01 DELL   PE_SC3   00000001 DELL 00000001)
[    0.015725] ACPI: MCFG 0x000000006F42D000 00003C (v01 DELL   PE_SC3   00000001 DELL 00000001)
[    0.015728] ACPI: MIGT 0x000000006F42C000 000040 (v01 DELL   PE_SC3   00000000 DELL 00000001)
[    0.015731] ACPI: MSCT 0x000000006F42B000 000090 (v01 DELL   PE_SC3   00000001 DELL 00000001)
[    0.015734] ACPI: PMTT 0x000000006F429000 0011E8 (v02 DELL   PE_SC3   00000001 DELL 00000001)
[    0.015738] ACPI: WSMT 0x000000006F428000 000028 (v01 DELL   PE_SC3   00000000 DELL 00000001)
[    0.015741] ACPI: APIC 0x000000006F427000 00075E (v04 DELL   PE_SC3   00000000 DELL 00000001)
[    0.015744] ACPI: SLIT 0x000000006F426000 00003C (v01 DELL   PE_SC3   00000001 DELL 01000013)
[    0.015747] ACPI: SRAT 0x000000006F41F000 006430 (v03 DELL   PE_SC3   00000002 DELL 01000013)
[    0.015751] ACPI: OEM4 0x000000004B346000 187A61 (v02 INTEL  CPU  CST 00003000 INTL 20210331)
[    0.015754] ACPI: SSDT 0x000000004B2CF000 0764A5 (v02 INTEL  SSDT  PM 00004000 INTL 20210331)
[    0.015757] ACPI: SSDT 0x000000006F41E000 000A1F (v02 DELL   PE_SC3   00000000 DELL 00000001)
[    0.015760] ACPI: HEST 0x000000006F41D000 00017C (v01 DELL   PE_SC3   00000001 INTL 00000001)
[    0.015764] ACPI: PCAT 0x000000006F41B000 00010C (v19 DELL   PE_SC3   00000002 DELL 00000001)
[    0.015767] ACPI: SSDT 0x000000006F413000 007299 (v02 INTEL  SpsNm    00000002 INTL 20210331)
[    0.015770] ACPI: SSDT 0x000000006F412000 000426 (v02 DELL   PE_SC3   00000002 DELL 00000001)
[    0.015774] ACPI: NFIT 0x000000006F7FD000 000488 (v01 DELL   PE_SC3   00000002 DELL 00000001)
[    0.015777] ACPI: DMAR 0x000000006F411000 000158 (v01 DELL   PE_SC3   00000001 DELL 00000001)
[    0.015779] ACPI: Reserving FACP table memory at [mem 0x6f430000-0x6f430113]
[    0.015781] ACPI: Reserving DSDT table memory at [mem 0x4b4ce000-0x4b54dad2]
[    0.015782] ACPI: Reserving FACS table memory at [mem 0x6f2f2000-0x6f2f203f]
[    0.015783] ACPI: Reserving SSDT table memory at [mem 0x6f7fb000-0x6f7fc599]
[    0.015784] ACPI: Reserving SSDT table memory at [mem 0x6f7fa000-0x6f7fa744]
[    0.015785] ACPI: Reserving MCEJ table memory at [mem 0x6f7f9000-0x6f7f912f]
[    0.015786] ACPI: Reserving BERT table memory at [mem 0x6f7f8000-0x6f7f802f]
[    0.015787] ACPI: Reserving ERST table memory at [mem 0x6f7f7000-0x6f7f722f]
[    0.015788] ACPI: Reserving SSDT table memory at [mem 0x6f431000-0x6f7f624d]
[    0.015789] ACPI: Reserving HMAT table memory at [mem 0x6f42f000-0x6f42f20f]
[    0.015789] ACPI: Reserving HPET table memory at [mem 0x6f42e000-0x6f42e037]
[    0.015790] ACPI: Reserving MCFG table memory at [mem 0x6f42d000-0x6f42d03b]
[    0.015791] ACPI: Reserving MIGT table memory at [mem 0x6f42c000-0x6f42c03f]
[    0.015792] ACPI: Reserving MSCT table memory at [mem 0x6f42b000-0x6f42b08f]
[    0.015793] ACPI: Reserving PMTT table memory at [mem 0x6f429000-0x6f42a1e7]
[    0.015794] ACPI: Reserving WSMT table memory at [mem 0x6f428000-0x6f428027]
[    0.015795] ACPI: Reserving APIC table memory at [mem 0x6f427000-0x6f42775d]
[    0.015796] ACPI: Reserving SLIT table memory at [mem 0x6f426000-0x6f42603b]
[    0.015797] ACPI: Reserving SRAT table memory at [mem 0x6f41f000-0x6f42542f]
[    0.015797] ACPI: Reserving OEM4 table memory at [mem 0x4b346000-0x4b4cda60]
[    0.015798] ACPI: Reserving SSDT table memory at [mem 0x4b2cf000-0x4b3454a4]
[    0.015799] ACPI: Reserving SSDT table memory at [mem 0x6f41e000-0x6f41ea1e]
[    0.015800] ACPI: Reserving HEST table memory at [mem 0x6f41d000-0x6f41d17b]
[    0.015801] ACPI: Reserving PCAT table memory at [mem 0x6f41b000-0x6f41b10b]
[    0.015802] ACPI: Reserving SSDT table memory at [mem 0x6f413000-0x6f41a298]
[    0.015803] ACPI: Reserving SSDT table memory at [mem 0x6f412000-0x6f412425]
[    0.015804] ACPI: Reserving NFIT table memory at [mem 0x6f7fd000-0x6f7fd487]
[    0.015805] ACPI: Reserving DMAR table memory at [mem 0x6f411000-0x6f411157]
[    0.015816] Setting APIC routing to cluster x2apic.
[    0.015866] SRAT: PXM 0 -> APIC 0x0000 -> Node 0
[    0.015868] SRAT: PXM 0 -> APIC 0x0001 -> Node 0
[    0.015868] SRAT: PXM 0 -> APIC 0x0002 -> Node 0
[    0.015869] SRAT: PXM 0 -> APIC 0x0003 -> Node 0
[    0.015870] SRAT: PXM 0 -> APIC 0x0004 -> Node 0
[    0.015870] SRAT: PXM 0 -> APIC 0x0005 -> Node 0
[    0.015871] SRAT: PXM 0 -> APIC 0x0006 -> Node 0
[    0.015872] SRAT: PXM 0 -> APIC 0x0007 -> Node 0
[    0.015872] SRAT: PXM 0 -> APIC 0x0008 -> Node 0
[    0.015873] SRAT: PXM 0 -> APIC 0x0009 -> Node 0
[    0.015873] SRAT: PXM 0 -> APIC 0x000a -> Node 0
[    0.015874] SRAT: PXM 0 -> APIC 0x000b -> Node 0
[    0.015875] SRAT: PXM 0 -> APIC 0x000c -> Node 0
[    0.015875] SRAT: PXM 0 -> APIC 0x000d -> Node 0
[    0.015876] SRAT: PXM 0 -> APIC 0x000e -> Node 0
[    0.015877] SRAT: PXM 0 -> APIC 0x000f -> Node 0
[    0.015877] SRAT: PXM 0 -> APIC 0x0010 -> Node 0
[    0.015878] SRAT: PXM 0 -> APIC 0x0011 -> Node 0
[    0.015879] SRAT: PXM 0 -> APIC 0x0012 -> Node 0
[    0.015879] SRAT: PXM 0 -> APIC 0x0013 -> Node 0
[    0.015880] SRAT: PXM 0 -> APIC 0x0014 -> Node 0
[    0.015881] SRAT: PXM 0 -> APIC 0x0015 -> Node 0
[    0.015881] SRAT: PXM 0 -> APIC 0x0016 -> Node 0
[    0.015882] SRAT: PXM 0 -> APIC 0x0017 -> Node 0
[    0.015883] SRAT: PXM 0 -> APIC 0x0018 -> Node 0
[    0.015883] SRAT: PXM 0 -> APIC 0x0019 -> Node 0
[    0.015884] SRAT: PXM 0 -> APIC 0x001a -> Node 0
[    0.015884] SRAT: PXM 0 -> APIC 0x001b -> Node 0
[    0.015885] SRAT: PXM 0 -> APIC 0x001c -> Node 0
[    0.015886] SRAT: PXM 0 -> APIC 0x001d -> Node 0
[    0.015886] SRAT: PXM 0 -> APIC 0x001e -> Node 0
[    0.015887] SRAT: PXM 0 -> APIC 0x001f -> Node 0
[    0.015888] SRAT: PXM 0 -> APIC 0x0020 -> Node 0
[    0.015888] SRAT: PXM 0 -> APIC 0x0021 -> Node 0
[    0.015889] SRAT: PXM 0 -> APIC 0x0022 -> Node 0
[    0.015890] SRAT: PXM 0 -> APIC 0x0023 -> Node 0
[    0.015890] SRAT: PXM 0 -> APIC 0x0024 -> Node 0
[    0.015891] SRAT: PXM 0 -> APIC 0x0025 -> Node 0
[    0.015891] SRAT: PXM 0 -> APIC 0x0026 -> Node 0
[    0.015892] SRAT: PXM 0 -> APIC 0x0027 -> Node 0
[    0.015893] SRAT: PXM 0 -> APIC 0x0028 -> Node 0
[    0.015893] SRAT: PXM 0 -> APIC 0x0029 -> Node 0
[    0.015894] SRAT: PXM 0 -> APIC 0x002a -> Node 0
[    0.015895] SRAT: PXM 0 -> APIC 0x002b -> Node 0
[    0.015895] SRAT: PXM 0 -> APIC 0x002c -> Node 0
[    0.015896] SRAT: PXM 0 -> APIC 0x002d -> Node 0
[    0.015897] SRAT: PXM 0 -> APIC 0x002e -> Node 0
[    0.015897] SRAT: PXM 0 -> APIC 0x002f -> Node 0
[    0.015898] SRAT: PXM 0 -> APIC 0x0030 -> Node 0
[    0.015898] SRAT: PXM 0 -> APIC 0x0031 -> Node 0
[    0.015899] SRAT: PXM 0 -> APIC 0x0032 -> Node 0
[    0.015900] SRAT: PXM 0 -> APIC 0x0033 -> Node 0
[    0.015900] SRAT: PXM 0 -> APIC 0x0034 -> Node 0
[    0.015901] SRAT: PXM 0 -> APIC 0x0035 -> Node 0
[    0.015902] SRAT: PXM 0 -> APIC 0x0036 -> Node 0
[    0.015902] SRAT: PXM 0 -> APIC 0x0037 -> Node 0
[    0.015903] SRAT: PXM 1 -> APIC 0x0080 -> Node 1
[    0.015904] SRAT: PXM 1 -> APIC 0x0081 -> Node 1
[    0.015904] SRAT: PXM 1 -> APIC 0x0082 -> Node 1
[    0.015905] SRAT: PXM 1 -> APIC 0x0083 -> Node 1
[    0.015906] SRAT: PXM 1 -> APIC 0x0084 -> Node 1
[    0.015906] SRAT: PXM 1 -> APIC 0x0085 -> Node 1
[    0.015907] SRAT: PXM 1 -> APIC 0x0086 -> Node 1
[    0.015908] SRAT: PXM 1 -> APIC 0x0087 -> Node 1
[    0.015908] SRAT: PXM 1 -> APIC 0x0088 -> Node 1
[    0.015909] SRAT: PXM 1 -> APIC 0x0089 -> Node 1
[    0.015910] SRAT: PXM 1 -> APIC 0x008a -> Node 1
[    0.015910] SRAT: PXM 1 -> APIC 0x008b -> Node 1
[    0.015911] SRAT: PXM 1 -> APIC 0x008c -> Node 1
[    0.015912] SRAT: PXM 1 -> APIC 0x008d -> Node 1
[    0.015912] SRAT: PXM 1 -> APIC 0x008e -> Node 1
[    0.015913] SRAT: PXM 1 -> APIC 0x008f -> Node 1
[    0.015913] SRAT: PXM 1 -> APIC 0x0090 -> Node 1
[    0.015914] SRAT: PXM 1 -> APIC 0x0091 -> Node 1
[    0.015915] SRAT: PXM 1 -> APIC 0x0092 -> Node 1
[    0.015915] SRAT: PXM 1 -> APIC 0x0093 -> Node 1
[    0.015916] SRAT: PXM 1 -> APIC 0x0094 -> Node 1
[    0.015917] SRAT: PXM 1 -> APIC 0x0095 -> Node 1
[    0.015917] SRAT: PXM 1 -> APIC 0x0096 -> Node 1
[    0.015918] SRAT: PXM 1 -> APIC 0x0097 -> Node 1
[    0.015918] SRAT: PXM 1 -> APIC 0x0098 -> Node 1
[    0.015919] SRAT: PXM 1 -> APIC 0x0099 -> Node 1
[    0.015920] SRAT: PXM 1 -> APIC 0x009a -> Node 1
[    0.015920] SRAT: PXM 1 -> APIC 0x009b -> Node 1
[    0.015921] SRAT: PXM 1 -> APIC 0x009c -> Node 1
[    0.015922] SRAT: PXM 1 -> APIC 0x009d -> Node 1
[    0.015922] SRAT: PXM 1 -> APIC 0x009e -> Node 1
[    0.015923] SRAT: PXM 1 -> APIC 0x009f -> Node 1
[    0.015924] SRAT: PXM 1 -> APIC 0x00a0 -> Node 1
[    0.015924] SRAT: PXM 1 -> APIC 0x00a1 -> Node 1
[    0.015925] SRAT: PXM 1 -> APIC 0x00a2 -> Node 1
[    0.015925] SRAT: PXM 1 -> APIC 0x00a3 -> Node 1
[    0.015926] SRAT: PXM 1 -> APIC 0x00a4 -> Node 1
[    0.015927] SRAT: PXM 1 -> APIC 0x00a5 -> Node 1
[    0.015927] SRAT: PXM 1 -> APIC 0x00a6 -> Node 1
[    0.015928] SRAT: PXM 1 -> APIC 0x00a7 -> Node 1
[    0.015929] SRAT: PXM 1 -> APIC 0x00a8 -> Node 1
[    0.015929] SRAT: PXM 1 -> APIC 0x00a9 -> Node 1
[    0.015930] SRAT: PXM 1 -> APIC 0x00aa -> Node 1
[    0.015931] SRAT: PXM 1 -> APIC 0x00ab -> Node 1
[    0.015931] SRAT: PXM 1 -> APIC 0x00ac -> Node 1
[    0.015932] SRAT: PXM 1 -> APIC 0x00ad -> Node 1
[    0.015932] SRAT: PXM 1 -> APIC 0x00ae -> Node 1
[    0.015933] SRAT: PXM 1 -> APIC 0x00af -> Node 1
[    0.015934] SRAT: PXM 1 -> APIC 0x00b0 -> Node 1
[    0.015935] SRAT: PXM 1 -> APIC 0x00b1 -> Node 1
[    0.015935] SRAT: PXM 1 -> APIC 0x00b2 -> Node 1
[    0.015936] SRAT: PXM 1 -> APIC 0x00b3 -> Node 1
[    0.015936] SRAT: PXM 1 -> APIC 0x00b4 -> Node 1
[    0.015937] SRAT: PXM 1 -> APIC 0x00b5 -> Node 1
[    0.015938] SRAT: PXM 1 -> APIC 0x00b6 -> Node 1
[    0.015938] SRAT: PXM 1 -> APIC 0x00b7 -> Node 1
[    0.015951] ACPI: SRAT: Node 0 PXM 0 [mem 0x00000000-0x7fffffff]
[    0.015953] ACPI: SRAT: Node 0 PXM 0 [mem 0x100000000-0x107fffffff]
[    0.015954] ACPI: SRAT: Node 2 PXM 2 [mem 0x2080000000-0x9e7fffffff] non-volatile
[    0.015956] ACPI: SRAT: Node 1 PXM 1 [mem 0x1080000000-0x207fffffff]
[    0.015957] ACPI: SRAT: Node 3 PXM 3 [mem 0x9e80000000-0x11c7fffffff] non-volatile
[    0.015966] NUMA: Initialized distance table, cnt=4
[    0.015968] NUMA: Node 0 [mem 0x00000000-0x7fffffff] + [mem 0x100000000-0x107fffffff] -> [mem 0x00000000-0x107fffffff]
[    0.015977] NODE_DATA(0) allocated [mem 0xffffd5000-0xfffffffff]
[    0.015995] NODE_DATA(1) allocated [mem 0x205cb4c000-0x205cb76fff]
[    0.016193] Zone ranges:
[    0.016194]   DMA      [mem 0x0000000000001000-0x0000000000ffffff]
[    0.016196]   DMA32    [mem 0x0000000001000000-0x00000000ffffffff]
[    0.016197]   Normal   [mem 0x0000000100000000-0x000000207fffffff]
[    0.016198]   Device   empty
[    0.016199] Movable zone start for each node
[    0.016203] Early memory node ranges
[    0.016204]   node   0: [mem 0x0000000000001000-0x000000000008efff]
[    0.016205]   node   0: [mem 0x0000000000090000-0x000000000009ffff]
[    0.016206]   node   0: [mem 0x0000000000100000-0x0000000049e76fff]
[    0.016207]   node   0: [mem 0x000000004ae77000-0x000000004b2cefff]
[    0.016208]   node   0: [mem 0x000000004b54e000-0x000000004bd93fff]
[    0.016209]   node   0: [mem 0x000000004be9a000-0x000000004cdfffff]
[    0.016209]   node   0: [mem 0x000000004d000000-0x000000005eefdfff]
[    0.016210]   node   0: [mem 0x000000006f7ff000-0x000000006f7fffff]
[    0.016211]   node   0: [mem 0x0000000cac900000-0x0000000fffffffff]
[    0.016212]   node   1: [mem 0x0000001ec0000000-0x000000207fffffff]
[    0.016214] Initmem setup node 0 [mem 0x0000000000001000-0x0000000fffffffff]
[    0.016217] Initmem setup node 1 [mem 0x0000001ec0000000-0x000000207fffffff]
[    0.016220] On node 0, zone DMA: 1 pages in unavailable ranges
[    0.016221] On node 0, zone DMA: 1 pages in unavailable ranges
[    0.016249] On node 0, zone DMA: 96 pages in unavailable ranges
[    0.018236] On node 0, zone DMA32: 4096 pages in unavailable ranges
[    0.018256] On node 0, zone DMA32: 639 pages in unavailable ranges
[    0.018283] On node 0, zone DMA32: 262 pages in unavailable ranges
[    0.018755] On node 0, zone DMA32: 512 pages in unavailable ranges
[    0.019020] On node 0, zone DMA32: 35073 pages in unavailable ranges
[    0.044538] On node 0, zone Normal: 20736 pages in unavailable ranges
[    0.058824] ACPI: PM-Timer IO Port: 0x508
[    0.058847] ACPI: X2APIC_NMI (uid[0xffffffff] high edge lint[0x1])
[    0.058851] ACPI: LAPIC_NMI (acpi_id[0xff] high edge lint[0x1])
[    0.058871] IOAPIC[0]: apic_id 8, version 32, address 0xfec00000, GSI 0-119
[    0.058875] ACPI: INT_SRC_OVR (bus 0 bus_irq 0 global_irq 2 dfl dfl)
[    0.058877] ACPI: INT_SRC_OVR (bus 0 bus_irq 9 global_irq 9 high level)
[    0.058882] ACPI: Using ACPI (MADT) for SMP configuration information
[    0.058883] ACPI: HPET id: 0x8086a701 base: 0xfed00000
[    0.058889] TSC deadline timer available
[    0.058890] smpboot: Allowing 112 CPUs, 0 hotplug CPUs
[    0.058920] PM: hibernation: Registered nosave memory: [mem 0x00000000-0x00000fff]
[    0.058923] PM: hibernation: Registered nosave memory: [mem 0x0008f000-0x0008ffff]
[    0.058925] PM: hibernation: Registered nosave memory: [mem 0x000a0000-0x000fffff]
[    0.058926] PM: hibernation: Registered nosave memory: [mem 0x46cc5000-0x46cc5fff]
[    0.058929] PM: hibernation: Registered nosave memory: [mem 0x46cf6000-0x46cf6fff]
[    0.058930] PM: hibernation: Registered nosave memory: [mem 0x46cf7000-0x46cf7fff]
[    0.058931] PM: hibernation: Registered nosave memory: [mem 0x46d29000-0x46d29fff]
[    0.058932] PM: hibernation: Registered nosave memory: [mem 0x46d2a000-0x46d2afff]
[    0.058934] PM: hibernation: Registered nosave memory: [mem 0x46d5c000-0x46d5cfff]
[    0.058935] PM: hibernation: Registered nosave memory: [mem 0x46d5d000-0x46d5dfff]
[    0.058936] PM: hibernation: Registered nosave memory: [mem 0x46d65000-0x46d65fff]
[    0.058938] PM: hibernation: Registered nosave memory: [mem 0x49e77000-0x4ae76fff]
[    0.058940] PM: hibernation: Registered nosave memory: [mem 0x4b2cf000-0x4b54dfff]
[    0.058942] PM: hibernation: Registered nosave memory: [mem 0x4bd94000-0x4be99fff]
[    0.058943] PM: hibernation: Registered nosave memory: [mem 0x4ce00000-0x4cffffff]
[    0.058945] PM: hibernation: Registered nosave memory: [mem 0x5eefe000-0x6e3fefff]
[    0.058946] PM: hibernation: Registered nosave memory: [mem 0x6e3ff000-0x6f3fefff]
[    0.058947] PM: hibernation: Registered nosave memory: [mem 0x6f3ff000-0x6f7fefff]
[    0.058948] PM: hibernation: Registered nosave memory: [mem 0x6f800000-0x8fffffff]
[    0.058949] PM: hibernation: Registered nosave memory: [mem 0x90000000-0xfdffffff]
[    0.058950] PM: hibernation: Registered nosave memory: [mem 0xfe000000-0xfe010fff]
[    0.058951] PM: hibernation: Registered nosave memory: [mem 0xfe011000-0xffffffff]
[    0.058951] PM: hibernation: Registered nosave memory: [mem 0x100000000-0xcac8fffff]
[    0.058953] PM: hibernation: Registered nosave memory: [mem 0x1000000000-0x1ebfffffff]
[    0.058955] [mem 0x90000000-0xfdffffff] available for PCI devices
[    0.058957] Booting paravirtualized kernel on bare hardware
[    0.058960] clocksource: refined-jiffies: mask: 0xffffffff max_cycles: 0xffffffff, max_idle_ns: 7645519600211568 ns
[    0.058967] setup_percpu: NR_CPUS:8192 nr_cpumask_bits:112 nr_cpu_ids:112 nr_node_ids:4
[    0.063401] percpu: Embedded 53 pages/cpu s180224 r8192 d28672 u262144
[    0.063413] pcpu-alloc: s180224 r8192 d28672 u262144 alloc=1*2097152
[    0.063416] pcpu-alloc: [0] 000 002 004 006 008 010 012 014 
[    0.063422] pcpu-alloc: [0] 016 018 020 022 024 026 028 030 
[    0.063427] pcpu-alloc: [0] 032 034 036 038 040 042 044 046 
[    0.063431] pcpu-alloc: [0] 048 050 052 054 056 058 060 062 
[    0.063435] pcpu-alloc: [0] 064 066 068 070 072 074 076 078 
[    0.063439] pcpu-alloc: [0] 080 082 084 086 088 090 092 094 
[    0.063444] pcpu-alloc: [0] 096 098 100 102 104 106 108 110 
[    0.063448] pcpu-alloc: [1] 001 003 005 007 009 011 013 015 
[    0.063452] pcpu-alloc: [1] 017 019 021 023 025 027 029 031 
[    0.063456] pcpu-alloc: [1] 033 035 037 039 041 043 045 047 
[    0.063460] pcpu-alloc: [1] 049 051 053 055 057 059 061 063 
[    0.063465] pcpu-alloc: [1] 065 067 069 071 073 075 077 079 
[    0.063469] pcpu-alloc: [1] 081 083 085 087 089 091 093 095 
[    0.063473] pcpu-alloc: [1] 097 099 101 103 105 107 109 111 
[    0.063526] Built 2 zonelists, mobility grouping on.  Total pages: 5615416
[    0.063528] Policy zone: Normal
[    0.063530] Kernel command line: BOOT_IMAGE=/boot/vmlinuz-5.15.0-tiering-0.8 root=UUID=ce0c24b8-724b-4f33-9b2c-618433560aef ro memmap=47817M!4096M memmap=59G!64G quiet splash nomodeset vt.handoff=1
[    0.063655] You have booted with nomodeset. This means your GPU drivers are DISABLED
[    0.063656] Any video related functionality will be severely degraded, and you may not even be able to suspend the system properly
[    0.063657] Unless you actually understand what nomodeset does, you should reboot without enabling it
[    0.063678] Unknown command line parameters: splash BOOT_IMAGE=/boot/vmlinuz-5.15.0-tiering-0.8
[    0.063680] printk: log_buf_len individual max cpu contribution: 4096 bytes
[    0.063681] printk: log_buf_len total cpu_extra contributions: 454656 bytes
[    0.063682] printk: log_buf_len min size: 262144 bytes
[    0.064666] printk: log_buf_len: 1048576 bytes
[    0.064668] printk: early log buf free: 223784(85%)
[    0.066242] mem auto-init: stack:off, heap alloc:on, heap free:off
[    0.128068] Memory: 21620584K/22823008K available (14345K kernel code, 3484K rwdata, 10288K rodata, 2824K init, 5836K bss, 1202164K reserved, 0K cma-reserved)
[    0.128076] random: get_random_u64 called from __kmem_cache_create+0x2d/0x460 with crng_init=1
[    0.128897] SLUB: HWalign=64, Order=0-3, MinObjects=0, CPUs=112, Nodes=4
[    0.128929] ftrace: allocating 48223 entries in 189 pages
[    0.145007] ftrace: allocated 189 pages with 6 groups
[    0.145694] rcu: Hierarchical RCU implementation.
[    0.145696] rcu: 	RCU restricting CPUs from NR_CPUS=8192 to nr_cpu_ids=112.
[    0.145697] 	Rude variant of Tasks RCU enabled.
[    0.145698] 	Tracing variant of Tasks RCU enabled.
[    0.145699] rcu: RCU calculated value of scheduler-enlistment delay is 25 jiffies.
[    0.145700] rcu: Adjusting geometry for rcu_fanout_leaf=16, nr_cpu_ids=112
[    0.149551] NR_IRQS: 524544, nr_irqs: 2952, preallocated irqs: 16
[    0.149913] random: crng done (trusting CPU's manufacturer)
[    0.150061] Console: colour dummy device 80x25
[    0.150096] printk: console [tty0] enabled
[    0.150249] mempolicy: Enabling automatic NUMA balancing. Configure with numa_balancing= or the kernel.numa_balancing sysctl
[    0.150255] ACPI: Core revision 20210730
[    0.153622] clocksource: hpet: mask: 0xffffffff max_cycles: 0xffffffff, max_idle_ns: 79635855245 ns
[    0.153668] APIC: Switch to symmetric I/O mode setup
[    0.153670] DMAR: Host address width 46
[    0.153671] DMAR: DRHD base: 0x000000d0ffc000 flags: 0x0
[    0.153676] DMAR: dmar0: reg_base_addr d0ffc000 ver 4:0 cap 8ed008c40780466 ecap 60000f050df
[    0.153679] DMAR: DRHD base: 0x000000dbbfc000 flags: 0x0
[    0.153681] DMAR: dmar1: reg_base_addr dbbfc000 ver 4:0 cap 8ed008c40780466 ecap 60000f050df
[    0.153683] DMAR: DRHD base: 0x000000e67fc000 flags: 0x0
[    0.153687] DMAR: dmar2: reg_base_addr e67fc000 ver 4:0 cap 8ed008c40780466 ecap 60000f050df
[    0.153689] DMAR: DRHD base: 0x000000f13fc000 flags: 0x0
[    0.153691] DMAR: dmar3: reg_base_addr f13fc000 ver 4:0 cap 8ed008c40780466 ecap 60000f050df
[    0.153693] DMAR: DRHD base: 0x000000fb7fc000 flags: 0x0
[    0.153696] DMAR: dmar4: reg_base_addr fb7fc000 ver 4:0 cap 8ed008c40780466 ecap 60000f050df
[    0.153698] DMAR: DRHD base: 0x000000a63fc000 flags: 0x0
[    0.153700] DMAR: dmar5: reg_base_addr a63fc000 ver 4:0 cap 8ed008c40780466 ecap 60000f050df
[    0.153702] DMAR: DRHD base: 0x000000b0ffc000 flags: 0x0
[    0.153704] DMAR: dmar6: reg_base_addr b0ffc000 ver 4:0 cap 8ed008c40780466 ecap 60000f050df
[    0.153706] DMAR: DRHD base: 0x000000bbbfc000 flags: 0x0
[    0.153711] DMAR: dmar7: reg_base_addr bbbfc000 ver 4:0 cap 8ed008c40780466 ecap 60000f050df
[    0.153712] DMAR: DRHD base: 0x000000c5ffc000 flags: 0x0
[    0.153715] DMAR: dmar8: reg_base_addr c5ffc000 ver 4:0 cap 8ed008c40780466 ecap 60000f050df
[    0.153716] DMAR: DRHD base: 0x0000009b7fc000 flags: 0x1
[    0.153719] DMAR: dmar9: reg_base_addr 9b7fc000 ver 4:0 cap 8ed008c40780466 ecap 60000f050df
[    0.153721] DMAR: RMRR base: 0x00000069427000 end: 0x00000069429fff
[    0.153722] DMAR: ATSR flags: 0x0
[    0.153725] DMAR-IR: IOAPIC id 8 under DRHD base  0x9b7fc000 IOMMU 9
[    0.153726] DMAR-IR: HPET id 0 under DRHD base 0x9b7fc000
[    0.153727] DMAR-IR: Queued invalidation will be enabled to support x2apic and Intr-remapping.
[    0.156631] DMAR-IR: Enabled IRQ remapping in x2apic mode
[    0.159234] ..TIMER: vector=0x30 apic1=0 pin1=2 apic2=-1 pin2=-1
[    0.177597] clocksource: tsc-early: mask: 0xffffffffffffffff max_cycles: 0x39a85c9bff6, max_idle_ns: 881590591483 ns
[    0.177604] Calibrating delay loop (skipped), value calculated using timer frequency.. 4000.00 BogoMIPS (lpj=8000000)
[    0.177607] pid_max: default: 114688 minimum: 896
[    0.181044] LSM: Security Framework initializing
[    0.181059] Yama: becoming mindful.
[    0.181101] AppArmor: AppArmor initialized
[    0.185473] Dentry cache hash table entries: 4194304 (order: 13, 33554432 bytes, vmalloc)
[    0.187702] Inode-cache hash table entries: 2097152 (order: 12, 16777216 bytes, vmalloc)
[    0.187816] Mount-cache hash table entries: 65536 (order: 7, 524288 bytes, vmalloc)
[    0.187884] Mountpoint-cache hash table entries: 65536 (order: 7, 524288 bytes, vmalloc)
[    0.188520] x86/tme: not enabled by BIOS
[    0.188531] CPU0: Thermal monitoring enabled (TM1)
[    0.188533] x86/cpu: User Mode Instruction Prevention (UMIP) activated
[    0.188766] process: using mwait in idle threads
[    0.188768] Last level iTLB entries: 4KB 0, 2MB 0, 4MB 0
[    0.188769] Last level dTLB entries: 4KB 0, 2MB 0, 4MB 0, 1GB 0
[    0.188775] Spectre V1 : Mitigation: usercopy/swapgs barriers and __user pointer sanitization
[    0.188778] Spectre V2 : Mitigation: Enhanced IBRS
[    0.188778] Spectre V2 : Spectre v2 / SpectreRSB mitigation: Filling RSB on context switch
[    0.188780] Spectre V2 : mitigation: Enabling conditional Indirect Branch Prediction Barrier
[    0.188781] Speculative Store Bypass: Mitigation: Speculative Store Bypass disabled via prctl and seccomp
[    0.195803] Freeing SMP alternatives memory: 40K
[    0.197749] smpboot: Estimated ratio of average max frequency by base frequency (times 1024): 1433
[    0.197764] smpboot: CPU0: Intel(R) Xeon(R) Gold 6330 CPU @ 2.00GHz (family: 0x6, model: 0x6a, stepping: 0x6)
[    0.197960] Performance Events: PEBS fmt4+-baseline,  AnyThread deprecated, Icelake events, 32-deep LBR, full-width counters, Intel PMU driver.
[    0.197982] ... version:                5
[    0.197983] ... bit width:              48
[    0.197983] ... generic registers:      8
[    0.197984] ... value mask:             0000ffffffffffff
[    0.197985] ... max period:             00007fffffffffff
[    0.197985] ... fixed-purpose events:   4
[    0.197986] ... event mask:             0001000f000000ff
[    0.198120] rcu: Hierarchical SRCU implementation.
[    0.205209] NMI watchdog: Enabled. Permanently consumes one hw-PMU counter.
[    0.206233] smp: Bringing up secondary CPUs ...
[    0.206345] x86: Booting SMP configuration:
[    0.206346] .... node  #1, CPUs:          #1
[    0.007738] smpboot: CPU 1 Converting physical 0 to logical die 1

[    0.293720] .... node  #0, CPUs:     #2
[    0.299098] .... node  #1, CPUs:     #3
[    0.304558] .... node  #0, CPUs:     #4
[    0.309932] .... node  #1, CPUs:     #5
[    0.315340] .... node  #0, CPUs:     #6
[    0.320917] .... node  #1, CPUs:     #7
[    0.326548] .... node  #0, CPUs:     #8
[    0.331838] .... node  #1, CPUs:     #9
[    0.337702] .... node  #0, CPUs:    #10
[    0.343321] .... node  #1, CPUs:    #11
[    0.349089] .... node  #0, CPUs:    #12
[    0.354607] .... node  #1, CPUs:    #13
[    0.359992] .... node  #0, CPUs:    #14
[    0.365224] .... node  #1, CPUs:    #15
[    0.370573] .... node  #0, CPUs:    #16
[    0.375842] .... node  #1, CPUs:    #17
[    0.381190] .... node  #0, CPUs:    #18
[    0.386434] .... node  #1, CPUs:    #19
[    0.392100] .... node  #0, CPUs:    #20
[    0.397329] .... node  #1, CPUs:    #21
[    0.402966] .... node  #0, CPUs:    #22
[    0.408399] .... node  #1, CPUs:    #23
[    0.413708] .... node  #0, CPUs:    #24
[    0.419330] .... node  #1, CPUs:    #25
[    0.424691] .... node  #0, CPUs:    #26
[    0.429902] .... node  #1, CPUs:    #27
[    0.435251] .... node  #0, CPUs:    #28
[    0.440758] .... node  #1, CPUs:    #29
[    0.446092] .... node  #0, CPUs:    #30
[    0.451322] .... node  #1, CPUs:    #31
[    0.456837] .... node  #0, CPUs:    #32
[    0.462124] .... node  #1, CPUs:    #33
[    0.467528] .... node  #0, CPUs:    #34
[    0.472964] .... node  #1, CPUs:    #35
[    0.478313] .... node  #0, CPUs:    #36
[    0.483523] .... node  #1, CPUs:    #37
[    0.488858] .... node  #0, CPUs:    #38
[    0.494414] .... node  #1, CPUs:    #39
[    0.499975] .... node  #0, CPUs:    #40
[    0.505773] .... node  #1, CPUs:    #41
[    0.511367] .... node  #0, CPUs:    #42
[    0.516680] .... node  #1, CPUs:    #43
[    0.522356] .... node  #0, CPUs:    #44
[    0.527717] .... node  #1, CPUs:    #45
[    0.533221] .... node  #0, CPUs:    #46
[    0.538760] .... node  #1, CPUs:    #47
[    0.544251] .... node  #0, CPUs:    #48
[    0.549768] .... node  #1, CPUs:    #49
[    0.555060] .... node  #0, CPUs:    #50
[    0.560557] .... node  #1, CPUs:    #51
[    0.566234] .... node  #0, CPUs:    #52
[    0.571704] .... node  #1, CPUs:    #53
[    0.577338] .... node  #0, CPUs:    #54
[    0.583044] .... node  #1, CPUs:    #55
[    0.588890] .... node  #0, CPUs:    #56
[    0.595016] .... node  #1, CPUs:    #57
[    0.600953] .... node  #0, CPUs:    #58
[    0.606370] .... node  #1, CPUs:    #59
[    0.611849] .... node  #0, CPUs:    #60
[    0.617242] .... node  #1, CPUs:    #61
[    0.622683] .... node  #0, CPUs:    #62
[    0.628279] .... node  #1, CPUs:    #63
[    0.633924] .... node  #0, CPUs:    #64
[    0.639230] .... node  #1, CPUs:    #65
[    0.645013] .... node  #0, CPUs:    #66
[    0.650763] .... node  #1, CPUs:    #67
[    0.656556] .... node  #0, CPUs:    #68
[    0.662105] .... node  #1, CPUs:    #69
[    0.667504] .... node  #0, CPUs:    #70
[    0.672750] .... node  #1, CPUs:    #71
[    0.678123] .... node  #0, CPUs:    #72
[    0.683430] .... node  #1, CPUs:    #73
[    0.688800] .... node  #0, CPUs:    #74
[    0.694073] .... node  #1, CPUs:    #75
[    0.699772] .... node  #0, CPUs:    #76
[    0.705030] .... node  #1, CPUs:    #77
[    0.710692] .... node  #0, CPUs:    #78
[    0.716143] .... node  #1, CPUs:    #79
[    0.721692] .... node  #0, CPUs:    #80
[    0.727133] .... node  #1, CPUs:    #81
[    0.732523] .... node  #0, CPUs:    #82
[    0.737774] .... node  #1, CPUs:    #83
[    0.743119] .... node  #0, CPUs:    #84
[    0.748643] .... node  #1, CPUs:    #85
[    0.753997] .... node  #0, CPUs:    #86
[    0.759237] .... node  #1, CPUs:    #87
[    0.764770] .... node  #0, CPUs:    #88
[    0.770077] .... node  #1, CPUs:    #89
[    0.775506] .... node  #0, CPUs:    #90
[    0.780954] .... node  #1, CPUs:    #91
[    0.786324] .... node  #0, CPUs:    #92
[    0.791559] .... node  #1, CPUs:    #93
[    0.796934] .... node  #0, CPUs:    #94
[    0.802520] .... node  #1, CPUs:    #95
[    0.808104] .... node  #0, CPUs:    #96
[    0.813775] .... node  #1, CPUs:    #97
[    0.819536] .... node  #0, CPUs:    #98
[    0.824862] .... node  #1, CPUs:    #99
[    0.830565] .... node  #0, CPUs:   #100
[    0.835936] .... node  #1, CPUs:   #101
[    0.841676] .... node  #0, CPUs:   #102
[    0.847015] .... node  #1, CPUs:   #103
[    0.852518] .... node  #0, CPUs:   #104
[    0.857878] .... node  #1, CPUs:   #105
[    0.863367] .... node  #0, CPUs:   #106
[    0.868867] .... node  #1, CPUs:   #107
[    0.874568] .... node  #0, CPUs:   #108
[    0.880046] .... node  #1, CPUs:   #109
[    0.885709] .... node  #0, CPUs:   #110
[    0.891425] .... node  #1, CPUs:   #111
[    0.897292] smp: Brought up 2 nodes, 112 CPUs
[    0.897292] smpboot: Max logical packages: 2
[    0.897292] smpboot: Total of 112 processors activated (448080.30 BogoMIPS)
[    0.905044] devtmpfs: initialized
[    0.905044] x86/mm: Memory block size: 2048MB
[    0.905044] ACPI: PM: Registering ACPI NVS region [mem 0x49e77000-0x4ae76fff] (16777216 bytes)
[    0.905723] ACPI: PM: Registering ACPI NVS region [mem 0x6e3ff000-0x6f3fefff] (16777216 bytes)
[    0.905984] clocksource: jiffies: mask: 0xffffffff max_cycles: 0xffffffff, max_idle_ns: 7645041785100000 ns
[    0.906293] futex hash table entries: 32768 (order: 9, 2097152 bytes, vmalloc)
[    0.906557] pinctrl core: initialized pinctrl subsystem
[    0.906726] PM: RTC time: 08:31:02, date: 2024-06-28
[    0.906934] NET: Registered PF_NETLINK/PF_ROUTE protocol family
[    0.907716] DMA: preallocated 4096 KiB GFP_KERNEL pool for atomic allocations
[    0.908222] DMA: preallocated 4096 KiB GFP_KERNEL|GFP_DMA pool for atomic allocations
[    0.908729] DMA: preallocated 4096 KiB GFP_KERNEL|GFP_DMA32 pool for atomic allocations
[    0.908738] audit: initializing netlink subsys (disabled)
[    0.908746] audit: type=2000 audit(1719563460.752:1): state=initialized audit_enabled=0 res=1
[    0.908746] thermal_sys: Registered thermal governor 'fair_share'
[    0.908746] thermal_sys: Registered thermal governor 'bang_bang'
[    0.908746] thermal_sys: Registered thermal governor 'step_wise'
[    0.908746] thermal_sys: Registered thermal governor 'user_space'
[    0.908746] EISA bus registered
[    0.908746] cpuidle: using governor ladder
[    0.908746] cpuidle: using governor menu
[    0.909642] ACPI FADT declares the system doesn't support PCIe ASPM, so disable it
[    0.909644] ACPI: bus type PCI registered
[    0.909646] acpiphp: ACPI Hot Plug PCI Controller Driver version: 0.5
[    0.909759] PCI: MMCONFIG for domain 0000 [bus 00-ff] at [mem 0x80000000-0x8fffffff] (base 0x80000000)
[    0.909765] PCI: MMCONFIG at [mem 0x80000000-0x8fffffff] reserved in E820
[    0.909773] pmd_set_huge: Cannot satisfy [mem 0x80000000-0x80200000] with a huge-page mapping due to MTRR override.
[    0.909984] PCI: Using configuration type 1 for base access
[    0.909994] PCI: Dell System detected, enabling pci=bfsort.
[    0.912125] ENERGY_PERF_BIAS: Set to 'normal', was 'performance'
[    0.914725] Kprobes globally optimized
[    0.914729] HugeTLB registered 1.00 GiB page size, pre-allocated 0 pages
[    0.914729] HugeTLB registered 2.00 MiB page size, pre-allocated 0 pages
[    0.917752] ACPI: Added _OSI(Module Device)
[    0.917753] ACPI: Added _OSI(Processor Device)
[    0.917754] ACPI: Added _OSI(3.0 _SCP Extensions)
[    0.917755] ACPI: Added _OSI(Processor Aggregator Device)
[    0.917757] ACPI: Added _OSI(Linux-Dell-Video)
[    0.917758] ACPI: Added _OSI(Linux-Lenovo-NV-HDMI-Audio)
[    0.917759] ACPI: Added _OSI(Linux-HPI-Hybrid-Graphics)
[    1.082117] ACPI: 8 ACPI AML tables successfully acquired and loaded
[    1.087685] ACPI: [Firmware Bug]: BIOS _OSI(Linux) query ignored
[    1.093602] ACPI: Dynamic OEM Table Load:
[    1.488184] ACPI: Interpreter enabled
[    1.488206] ACPI: PM: (supports S0 S5)
[    1.488207] ACPI: Using IOAPIC for interrupt routing
[    1.488292] HEST: Table parsing has been initialized.
[    1.488294] PCI: Using host bridge windows from ACPI; if necessary, use "pci=nocrs" and report a bug
[    1.516562] ACPI: Enabled 4 GPEs in block 00 to 7F
[    1.633489] ACPI: PCI Root Bridge [PC00] (domain 0000 [bus 00-15])
[    1.633496] acpi PNP0A08:00: _OSC: OS supports [ExtendedConfig ASPM ClockPM Segments MSI HPX-Type3]
[    1.699628] acpi PNP0A08:00: _OSC: platform does not support [SHPCHotplug AER LTR]
[    1.699845] acpi PNP0A08:00: _OSC: OS now controls [PCIeHotplug PME PCIeCapability]
[    1.699846] acpi PNP0A08:00: FADT indicates ASPM is unsupported, using BIOS configuration
[    1.701628] PCI host bridge to bus 0000:00
[    1.701629] pci_bus 0000:00: root bus resource [io  0x0000-0x0cf7 window]
[    1.701632] pci_bus 0000:00: root bus resource [io  0x1000-0x4fff window]
[    1.701633] pci_bus 0000:00: root bus resource [mem 0x000a0000-0x000bffff window]
[    1.701635] pci_bus 0000:00: root bus resource [mem 0x000c8000-0x000cffff window]
[    1.701636] pci_bus 0000:00: root bus resource [mem 0xfe010000-0xfe010fff window]
[    1.701637] pci_bus 0000:00: root bus resource [mem 0x90000000-0x9b7fffff window]
[    1.701638] pci_bus 0000:00: root bus resource [mem 0x200000000000-0x20ffffffffff window]
[    1.701639] pci_bus 0000:00: root bus resource [bus 00-15]
[    1.702949] pci 0000:00:00.0: [8086:09a2] type 00 class 0x088000
[    1.703700] pci 0000:00:00.1: [8086:09a4] type 00 class 0x088000
[    1.705063] pci 0000:00:00.2: [8086:09a3] type 00 class 0x088000
[    1.706431] pci 0000:00:00.4: [8086:0998] type 00 class 0x060000
[    1.708442] pci 0000:00:02.0: [8086:09a6] type 00 class 0x088000
[    1.708451] pci 0000:00:02.0: reg 0x10: [mem 0x92dfc000-0x92dfdfff]
[    1.709818] pci 0000:00:02.1: [8086:09a7] type 00 class 0x088000
[    1.709827] pci 0000:00:02.1: reg 0x10: [mem 0x92d00000-0x92d7ffff]
[    1.709832] pci 0000:00:02.1: reg 0x14: [mem 0x92c80000-0x92cfffff]
[    1.711197] pci 0000:00:02.4: [8086:3456] type 00 class 0x130000
[    1.711207] pci 0000:00:02.4: reg 0x10: [mem 0x92a00000-0x92afffff 64bit]
[    1.711214] pci 0000:00:02.4: reg 0x18: [mem 0x92df0000-0x92df3fff 64bit]
[    1.711220] pci 0000:00:02.4: reg 0x20: [mem 0x92dc0000-0x92ddffff 64bit]
[    1.712604] pci 0000:00:11.0: [8086:a1ec] type 00 class 0xff0000
[    1.712607] pci 0000:00:11.0: device has non-compliant BARs; disabling IO/MEM decoding
[    1.713994] pci 0000:00:11.5: [8086:a1d2] type 00 class 0x010601
[    1.714007] pci 0000:00:11.5: reg 0x10: [mem 0x92dfa000-0x92dfbfff]
[    1.714014] pci 0000:00:11.5: reg 0x14: [mem 0x92e05000-0x92e050ff]
[    1.714022] pci 0000:00:11.5: reg 0x18: [io  0x2068-0x206f]
[    1.714030] pci 0000:00:11.5: reg 0x1c: [io  0x2074-0x2077]
[    1.714037] pci 0000:00:11.5: reg 0x20: [io  0x2040-0x205f]
[    1.714044] pci 0000:00:11.5: reg 0x24: [mem 0x92b80000-0x92bfffff]
[    1.714081] pci 0000:00:11.5: PME# supported from D3hot
[    1.715582] pci 0000:00:14.0: [8086:a1af] type 00 class 0x0c0330
[    1.715599] pci 0000:00:14.0: reg 0x10: [mem 0x92de0000-0x92deffff 64bit]
[    1.715662] pci 0000:00:14.0: PME# supported from D3hot D3cold
[    1.717180] pci 0000:00:14.2: [8086:a1b1] type 00 class 0x118000
[    1.717197] pci 0000:00:14.2: reg 0x10: [mem 0x92e02000-0x92e02fff 64bit]
[    1.718619] pci 0000:00:16.0: [8086:a1ba] type 00 class 0x078000
[    1.718642] pci 0000:00:16.0: reg 0x10: [mem 0x92e01000-0x92e01fff 64bit]
[    1.718726] pci 0000:00:16.0: PME# supported from D3hot
[    1.720084] pci 0000:00:16.1: [8086:a1bb] type 00 class 0x078000
[    1.720108] pci 0000:00:16.1: reg 0x10: [mem 0x92e00000-0x92e00fff 64bit]
[    1.720191] pci 0000:00:16.1: PME# supported from D3hot
[    1.721553] pci 0000:00:16.4: [8086:a1be] type 00 class 0x078000
[    1.721576] pci 0000:00:16.4: reg 0x10: [mem 0x92dff000-0x92dfffff 64bit]
[    1.721660] pci 0000:00:16.4: PME# supported from D3hot
[    1.723024] pci 0000:00:17.0: [8086:a182] type 00 class 0x010601
[    1.723036] pci 0000:00:17.0: reg 0x10: [mem 0x92df8000-0x92df9fff]
[    1.723043] pci 0000:00:17.0: reg 0x14: [mem 0x92e04000-0x92e040ff]
[    1.723051] pci 0000:00:17.0: reg 0x18: [io  0x2060-0x2067]
[    1.723058] pci 0000:00:17.0: reg 0x1c: [io  0x2070-0x2073]
[    1.723065] pci 0000:00:17.0: reg 0x20: [io  0x2020-0x203f]
[    1.723072] pci 0000:00:17.0: reg 0x24: [mem 0x92b00000-0x92b7ffff]
[    1.723108] pci 0000:00:17.0: PME# supported from D3hot
[    1.724603] pci 0000:00:1c.0: [8086:a190] type 01 class 0x060400
[    1.724677] pci 0000:00:1c.0: PME# supported from D0 D3hot D3cold
[    1.726606] pci 0000:00:1c.4: [8086:a194] type 01 class 0x060400
[    1.726674] pci 0000:00:1c.4: PME# supported from D0 D3hot D3cold
[    1.728575] pci 0000:00:1c.5: [8086:a195] type 01 class 0x060400
[    1.728645] pci 0000:00:1c.5: PME# supported from D0 D3hot D3cold
[    1.730555] pci 0000:00:1f.0: [8086:a1cb] type 00 class 0x060100
[    1.732138] pci 0000:00:1f.2: [8086:a1a1] type 00 class 0x058000
[    1.732153] pci 0000:00:1f.2: reg 0x10: [mem 0x92df4000-0x92df7fff]
[    1.733688] pci 0000:00:1f.4: [8086:a1a3] type 00 class 0x0c0500
[    1.733707] pci 0000:00:1f.4: reg 0x10: [mem 0x92dfe000-0x92dfe0ff 64bit]
[    1.733729] pci 0000:00:1f.4: reg 0x20: [io  0x2000-0x201f]
[    1.735092] pci 0000:00:1f.5: [8086:a1a4] type 00 class 0x0c8000
[    1.735107] pci 0000:00:1f.5: reg 0x10: [mem 0xfe010000-0xfe010fff]
[    1.735231] pci 0000:00:1c.0: PCI bridge to [bus 01]
[    1.735284] pci 0000:02:00.0: [1556:be00] type 01 class 0x060400
[    1.735458] pci 0000:00:1c.4: PCI bridge to [bus 02-03]
[    1.735462] pci 0000:00:1c.4:   bridge window [mem 0x92000000-0x928fffff]
[    1.735466] pci 0000:00:1c.4:   bridge window [mem 0x91000000-0x91ffffff 64bit pref]
[    1.735498] pci_bus 0000:03: extended config space not accessible
[    1.735514] pci 0000:03:00.0: [102b:0536] type 00 class 0x030000
[    1.735533] pci 0000:03:00.0: reg 0x10: [mem 0x91000000-0x91ffffff pref]
[    1.735544] pci 0000:03:00.0: reg 0x14: [mem 0x92808000-0x9280bfff]
[    1.735555] pci 0000:03:00.0: reg 0x18: [mem 0x92000000-0x927fffff]
[    1.735603] pci 0000:03:00.0: BAR 0: assigned to efifb
[    1.735702] pci 0000:02:00.0: PCI bridge to [bus 03]
[    1.735711] pci 0000:02:00.0:   bridge window [mem 0x92000000-0x928fffff]
[    1.735717] pci 0000:02:00.0:   bridge window [mem 0x91000000-0x91ffffff 64bit pref]
[    1.735793] pci 0000:04:00.0: [14e4:165f] type 00 class 0x020000
[    1.735816] pci 0000:04:00.0: reg 0x10: [mem 0x92930000-0x9293ffff 64bit pref]
[    1.735832] pci 0000:04:00.0: reg 0x18: [mem 0x92940000-0x9294ffff 64bit pref]
[    1.735848] pci 0000:04:00.0: reg 0x20: [mem 0x92950000-0x9295ffff 64bit pref]
[    1.735858] pci 0000:04:00.0: reg 0x30: [mem 0xfffc0000-0xffffffff pref]
[    1.735952] pci 0000:04:00.0: PME# supported from D0 D3hot D3cold
[    1.736005] pci 0000:04:00.0: 4.000 Gb/s available PCIe bandwidth, limited by 5.0 GT/s PCIe x1 link at 0000:00:1c.5 (capable of 8.000 Gb/s with 5.0 GT/s PCIe x2 link)
[    1.736545] pci 0000:04:00.1: [14e4:165f] type 00 class 0x020000
[    1.736569] pci 0000:04:00.1: reg 0x10: [mem 0x92900000-0x9290ffff 64bit pref]
[    1.736584] pci 0000:04:00.1: reg 0x18: [mem 0x92910000-0x9291ffff 64bit pref]
[    1.736600] pci 0000:04:00.1: reg 0x20: [mem 0x92920000-0x9292ffff 64bit pref]
[    1.736611] pci 0000:04:00.1: reg 0x30: [mem 0xfffc0000-0xffffffff pref]
[    1.736705] pci 0000:04:00.1: PME# supported from D0 D3hot D3cold
[    1.737255] pci 0000:00:1c.5: PCI bridge to [bus 04]
[    1.737263] pci 0000:00:1c.5:   bridge window [mem 0x92900000-0x929fffff 64bit pref]
[    1.737277] pci_bus 0000:00: on NUMA node 0
[    1.737852] ACPI: PCI Root Bridge [PC01] (domain 0000 [bus 16-2f])
[    1.737856] acpi PNP0A08:01: _OSC: OS supports [ExtendedConfig ASPM ClockPM Segments MSI HPX-Type3]
[    1.752095] acpi PNP0A08:01: _OSC: platform does not support [SHPCHotplug AER]
[    1.752318] acpi PNP0A08:01: _OSC: OS now controls [PCIeHotplug PME PCIeCapability LTR]
[    1.752319] acpi PNP0A08:01: FADT indicates ASPM is unsupported, using BIOS configuration
[    1.752466] PCI host bridge to bus 0000:16
[    1.752467] pci_bus 0000:16: root bus resource [io  0x5000-0x6fff window]
[    1.752469] pci_bus 0000:16: root bus resource [mem 0x9b800000-0xa63fffff window]
[    1.752470] pci_bus 0000:16: root bus resource [mem 0x210000000000-0x21ffffffffff window]
[    1.752472] pci_bus 0000:16: root bus resource [bus 16-2f]
[    1.752487] pci 0000:16:00.0: [8086:09a2] type 00 class 0x088000
[    1.752567] pci 0000:16:00.1: [8086:09a4] type 00 class 0x088000
[    1.752637] pci 0000:16:00.2: [8086:09a3] type 00 class 0x088000
[    1.752706] pci 0000:16:00.4: [8086:0998] type 00 class 0x060000
[    1.752782] pci 0000:16:02.0: [8086:347a] type 01 class 0x060400
[    1.752792] pci 0000:16:02.0: reg 0x10: [mem 0x21fffff00000-0x21fffff1ffff 64bit]
[    1.752830] pci 0000:16:02.0: PME# supported from D0 D3hot D3cold
[    1.753743] pci 0000:17:00.0: [1000:10e2] type 00 class 0x010400
[    1.753756] pci 0000:17:00.0: reg 0x10: [mem 0x9b800000-0x9b8fffff 64bit pref]
[    1.753764] pci 0000:17:00.0: reg 0x18: [mem 0x9b900000-0x9b9fffff 64bit pref]
[    1.753770] pci 0000:17:00.0: reg 0x20: [mem 0x9ba00000-0x9bafffff]
[    1.753775] pci 0000:17:00.0: reg 0x24: [io  0x5000-0x50ff]
[    1.753781] pci 0000:17:00.0: reg 0x30: [mem 0xfff00000-0xffffffff pref]
[    1.754839] pci 0000:17:00.0: supports D1 D2
[    1.754906] pci 0000:16:02.0: PCI bridge to [bus 17]
[    1.754908] pci 0000:16:02.0:   bridge window [io  0x5000-0x5fff]
[    1.754910] pci 0000:16:02.0:   bridge window [mem 0x9ba00000-0x9bafffff]
[    1.754913] pci 0000:16:02.0:   bridge window [mem 0x9b800000-0x9b9fffff 64bit pref]
[    1.754919] pci_bus 0000:16: on NUMA node 0
[    1.754995] ACPI: PCI Root Bridge [PC02] (domain 0000 [bus 30-49])
[    1.754998] acpi PNP0A08:02: _OSC: OS supports [ExtendedConfig ASPM ClockPM Segments MSI HPX-Type3]
[    1.768687] acpi PNP0A08:02: _OSC: platform does not support [SHPCHotplug AER]
[    1.768890] acpi PNP0A08:02: _OSC: OS now controls [PCIeHotplug PME PCIeCapability LTR]
[    1.768891] acpi PNP0A08:02: FADT indicates ASPM is unsupported, using BIOS configuration
[    1.769005] PCI host bridge to bus 0000:30
[    1.769007] pci_bus 0000:30: root bus resource [io  0x7000-0x8fff window]
[    1.769008] pci_bus 0000:30: root bus resource [mem 0xa6400000-0xb0ffffff window]
[    1.769010] pci_bus 0000:30: root bus resource [mem 0x220000000000-0x22ffffffffff window]
[    1.769011] pci_bus 0000:30: root bus resource [bus 30-49]
[    1.769025] pci 0000:30:00.0: [8086:09a2] type 00 class 0x088000
[    1.769099] pci 0000:30:00.1: [8086:09a4] type 00 class 0x088000
[    1.769176] pci 0000:30:00.2: [8086:09a3] type 00 class 0x088000
[    1.769245] pci 0000:30:00.4: [8086:0998] type 00 class 0x060000
[    1.769315] pci_bus 0000:30: on NUMA node 0
[    1.769416] ACPI: PCI Root Bridge [PC04] (domain 0000 [bus 4a-63])
[    1.769419] acpi PNP0A08:04: _OSC: OS supports [ExtendedConfig ASPM ClockPM Segments MSI HPX-Type3]
[    1.783085] acpi PNP0A08:04: _OSC: platform does not support [SHPCHotplug AER]
[    1.783286] acpi PNP0A08:04: _OSC: OS now controls [PCIeHotplug PME PCIeCapability LTR]
[    1.783287] acpi PNP0A08:04: FADT indicates ASPM is unsupported, using BIOS configuration
[    1.783399] PCI host bridge to bus 0000:4a
[    1.783400] pci_bus 0000:4a: root bus resource [io  0x9000-0x9fff window]
[    1.783401] pci_bus 0000:4a: root bus resource [mem 0xb1000000-0xbbbfffff window]
[    1.783402] pci_bus 0000:4a: root bus resource [mem 0x230000000000-0x23ffffffffff window]
[    1.783404] pci_bus 0000:4a: root bus resource [bus 4a-63]
[    1.783417] pci 0000:4a:00.0: [8086:09a2] type 00 class 0x088000
[    1.783487] pci 0000:4a:00.1: [8086:09a4] type 00 class 0x088000
[    1.783556] pci 0000:4a:00.2: [8086:09a3] type 00 class 0x088000
[    1.783625] pci 0000:4a:00.4: [8086:0998] type 00 class 0x060000
[    1.783694] pci_bus 0000:4a: on NUMA node 0
[    1.783764] ACPI: PCI Root Bridge [PC05] (domain 0000 [bus 64-7d])
[    1.783767] acpi PNP0A08:05: _OSC: OS supports [ExtendedConfig ASPM ClockPM Segments MSI HPX-Type3]
[    1.797451] acpi PNP0A08:05: _OSC: platform does not support [SHPCHotplug AER]
[    1.797653] acpi PNP0A08:05: _OSC: OS now controls [PCIeHotplug PME PCIeCapability LTR]
[    1.797654] acpi PNP0A08:05: FADT indicates ASPM is unsupported, using BIOS configuration
[    1.797764] PCI host bridge to bus 0000:64
[    1.797765] pci_bus 0000:64: root bus resource [io  0xa000-0xafff window]
[    1.797766] pci_bus 0000:64: root bus resource [mem 0xbbc00000-0xc5ffffff window]
[    1.797768] pci_bus 0000:64: root bus resource [mem 0x240000000000-0x24ffffffffff window]
[    1.797769] pci_bus 0000:64: root bus resource [bus 64-7d]
[    1.797782] pci 0000:64:00.0: [8086:09a2] type 00 class 0x088000
[    1.797852] pci 0000:64:00.1: [8086:09a4] type 00 class 0x088000
[    1.797926] pci 0000:64:00.2: [8086:09a3] type 00 class 0x088000
[    1.797996] pci 0000:64:00.4: [8086:0998] type 00 class 0x060000
[    1.798066] pci_bus 0000:64: on NUMA node 0
[    1.798129] ACPI: PCI Root Bridge [UC06] (domain 0000 [bus 7e])
[    1.798132] acpi PNP0A03:00: _OSC: OS supports [ExtendedConfig ASPM ClockPM Segments MSI HPX-Type3]
[    1.798298] acpi PNP0A03:00: _OSC: platform does not support [SHPCHotplug AER LTR]
[    1.798468] acpi PNP0A03:00: _OSC: OS now controls [PCIeHotplug PME PCIeCapability]
[    1.798469] acpi PNP0A03:00: FADT indicates ASPM is unsupported, using BIOS configuration
[    1.798593] PCI host bridge to bus 0000:7e
[    1.798594] pci_bus 0000:7e: root bus resource [bus 7e]
[    1.798628] pci 0000:7e:00.0: [8086:3450] type 00 class 0x088000
[    1.798710] pci 0000:7e:00.1: [8086:3451] type 00 class 0x088000
[    1.798800] pci 0000:7e:00.2: [8086:3452] type 00 class 0x088000
[    1.798880] pci 0000:7e:00.3: [8086:0998] type 00 class 0x060000
[    1.798959] pci 0000:7e:00.5: [8086:3455] type 00 class 0x088000
[    1.799058] pci 0000:7e:02.0: [8086:3440] type 00 class 0x088000
[    1.799200] pci 0000:7e:02.1: [8086:3441] type 00 class 0x088000
[    1.799331] pci 0000:7e:02.2: [8086:3442] type 00 class 0x088000
[    1.799474] pci 0000:7e:03.0: [8086:3440] type 00 class 0x088000
[    1.799576] pci 0000:7e:03.1: [8086:3441] type 00 class 0x088000
[    1.799673] pci 0000:7e:03.2: [8086:3442] type 00 class 0x088000
[    1.799778] pci 0000:7e:04.0: [8086:3440] type 00 class 0x088000
[    1.799921] pci 0000:7e:04.1: [8086:3441] type 00 class 0x088000
[    1.800060] pci 0000:7e:04.2: [8086:3442] type 00 class 0x088000
[    1.800205] pci 0000:7e:04.3: [8086:3443] type 00 class 0x088000
[    1.800359] pci 0000:7e:05.0: [8086:3445] type 00 class 0x088000
[    1.800495] pci 0000:7e:05.1: [8086:3446] type 00 class 0x088000
[    1.800630] pci 0000:7e:05.2: [8086:3447] type 00 class 0x088000
[    1.800776] pci 0000:7e:06.0: [8086:3445] type 00 class 0x088000
[    1.800878] pci 0000:7e:06.1: [8086:3446] type 00 class 0x088000
[    1.800981] pci 0000:7e:06.2: [8086:3447] type 00 class 0x088000
[    1.801103] pci 0000:7e:07.0: [8086:3445] type 00 class 0x088000
[    1.801251] pci 0000:7e:07.1: [8086:3446] type 00 class 0x088000
[    1.801396] pci 0000:7e:07.2: [8086:3447] type 00 class 0x088000
[    1.801549] pci 0000:7e:0b.0: [8086:3448] type 00 class 0x088000
[    1.801639] pci 0000:7e:0b.1: [8086:3448] type 00 class 0x088000
[    1.801725] pci 0000:7e:0b.2: [8086:344b] type 00 class 0x088000
[    1.801830] pci 0000:7e:0c.0: [8086:344a] type 00 class 0x110100
[    1.801956] pci 0000:7e:0d.0: [8086:344a] type 00 class 0x110100
[    1.802065] pci 0000:7e:0e.0: [8086:344a] type 00 class 0x110100
[    1.802240] pci 0000:7e:0f.0: [8086:344a] type 00 class 0x110100
[    1.802430] pci 0000:7e:1a.0: [8086:2880] type 00 class 0x110100
[    1.802551] pci 0000:7e:1b.0: [8086:2880] type 00 class 0x110100
[    1.802660] pci 0000:7e:1c.0: [8086:2880] type 00 class 0x110100
[    1.802835] pci 0000:7e:1d.0: [8086:2880] type 00 class 0x110100
[    1.802993] pci_bus 0000:7e: on NUMA node 0
[    1.803069] ACPI: PCI Root Bridge [UC07] (domain 0000 [bus 7f])
[    1.803071] acpi PNP0A03:01: _OSC: OS supports [ExtendedConfig ASPM ClockPM Segments MSI HPX-Type3]
[    1.803237] acpi PNP0A03:01: _OSC: platform does not support [SHPCHotplug AER LTR]
[    1.803406] acpi PNP0A03:01: _OSC: OS now controls [PCIeHotplug PME PCIeCapability]
[    1.803407] acpi PNP0A03:01: FADT indicates ASPM is unsupported, using BIOS configuration
[    1.803540] PCI host bridge to bus 0000:7f
[    1.803541] pci_bus 0000:7f: root bus resource [bus 7f]
[    1.803582] pci 0000:7f:00.0: [8086:344c] type 00 class 0x088000
[    1.803715] pci 0000:7f:00.1: [8086:344c] type 00 class 0x088000
[    1.803850] pci 0000:7f:00.2: [8086:344c] type 00 class 0x088000
[    1.803992] pci 0000:7f:00.3: [8086:344c] type 00 class 0x088000
[    1.804106] pci 0000:7f:00.4: [8086:344c] type 00 class 0x088000
[    1.804252] pci 0000:7f:00.5: [8086:344c] type 00 class 0x088000
[    1.804393] pci 0000:7f:00.6: [8086:344c] type 00 class 0x088000
[    1.804496] pci 0000:7f:00.7: [8086:344c] type 00 class 0x088000
[    1.804618] pci 0000:7f:01.0: [8086:344c] type 00 class 0x088000
[    1.804769] pci 0000:7f:01.1: [8086:344c] type 00 class 0x088000
[    1.804916] pci 0000:7f:01.2: [8086:344c] type 00 class 0x088000
[    1.805025] pci 0000:7f:01.3: [8086:344c] type 00 class 0x088000
[    1.805182] pci 0000:7f:01.4: [8086:344c] type 00 class 0x088000
[    1.805340] pci 0000:7f:01.5: [8086:344c] type 00 class 0x088000
[    1.805501] pci 0000:7f:01.6: [8086:344c] type 00 class 0x088000
[    1.805648] pci 0000:7f:01.7: [8086:344c] type 00 class 0x088000
[    1.805816] pci 0000:7f:02.0: [8086:344c] type 00 class 0x088000
[    1.805970] pci 0000:7f:02.1: [8086:344c] type 00 class 0x088000
[    1.806127] pci 0000:7f:02.2: [8086:344c] type 00 class 0x088000
[    1.806288] pci 0000:7f:02.3: [8086:344c] type 00 class 0x088000
[    1.806452] pci 0000:7f:02.4: [8086:344c] type 00 class 0x088000
[    1.806614] pci 0000:7f:02.5: [8086:344c] type 00 class 0x088000
[    1.806777] pci 0000:7f:02.6: [8086:344c] type 00 class 0x088000
[    1.806950] pci 0000:7f:02.7: [8086:344c] type 00 class 0x088000
[    1.807136] pci 0000:7f:03.0: [8086:344c] type 00 class 0x088000
[    1.807304] pci 0000:7f:03.1: [8086:344c] type 00 class 0x088000
[    1.807481] pci 0000:7f:03.2: [8086:344c] type 00 class 0x088000
[    1.807660] pci 0000:7f:03.3: [8086:344c] type 00 class 0x088000
[    1.807858] pci 0000:7f:0a.0: [8086:344d] type 00 class 0x088000
[    1.807981] pci 0000:7f:0a.1: [8086:344d] type 00 class 0x088000
[    1.808117] pci 0000:7f:0a.2: [8086:344d] type 00 class 0x088000
[    1.808254] pci 0000:7f:0a.3: [8086:344d] type 00 class 0x088000
[    1.808368] pci 0000:7f:0a.4: [8086:344d] type 00 class 0x088000
[    1.808514] pci 0000:7f:0a.5: [8086:344d] type 00 class 0x088000
[    1.808654] pci 0000:7f:0a.6: [8086:344d] type 00 class 0x088000
[    1.808760] pci 0000:7f:0a.7: [8086:344d] type 00 class 0x088000
[    1.808884] pci 0000:7f:0b.0: [8086:344d] type 00 class 0x088000
[    1.809040] pci 0000:7f:0b.1: [8086:344d] type 00 class 0x088000
[    1.809188] pci 0000:7f:0b.2: [8086:344d] type 00 class 0x088000
[    1.809292] pci 0000:7f:0b.3: [8086:344d] type 00 class 0x088000
[    1.809452] pci 0000:7f:0b.4: [8086:344d] type 00 class 0x088000
[    1.809609] pci 0000:7f:0b.5: [8086:344d] type 00 class 0x088000
[    1.809771] pci 0000:7f:0b.6: [8086:344d] type 00 class 0x088000
[    1.809921] pci 0000:7f:0b.7: [8086:344d] type 00 class 0x088000
[    1.810089] pci 0000:7f:0c.0: [8086:344d] type 00 class 0x088000
[    1.810244] pci 0000:7f:0c.1: [8086:344d] type 00 class 0x088000
[    1.810400] pci 0000:7f:0c.2: [8086:344d] type 00 class 0x088000
[    1.810558] pci 0000:7f:0c.3: [8086:344d] type 00 class 0x088000
[    1.810723] pci 0000:7f:0c.4: [8086:344d] type 00 class 0x088000
[    1.810885] pci 0000:7f:0c.5: [8086:344d] type 00 class 0x088000
[    1.811050] pci 0000:7f:0c.6: [8086:344d] type 00 class 0x088000
[    1.811229] pci 0000:7f:0c.7: [8086:344d] type 00 class 0x088000
[    1.811416] pci 0000:7f:0d.0: [8086:344d] type 00 class 0x088000
[    1.811586] pci 0000:7f:0d.1: [8086:344d] type 00 class 0x088000
[    1.811763] pci 0000:7f:0d.2: [8086:344d] type 00 class 0x088000
[    1.811940] pci 0000:7f:0d.3: [8086:344d] type 00 class 0x088000
[    1.812147] pci 0000:7f:1d.0: [8086:344f] type 00 class 0x088000
[    1.812279] pci 0000:7f:1d.1: [8086:3457] type 00 class 0x088000
[    1.812425] pci 0000:7f:1e.0: [8086:3458] type 00 class 0x088000
[    1.812520] pci 0000:7f:1e.1: [8086:3459] type 00 class 0x088000
[    1.812609] pci 0000:7f:1e.2: [8086:345a] type 00 class 0x088000
[    1.812698] pci 0000:7f:1e.3: [8086:345b] type 00 class 0x088000
[    1.812786] pci 0000:7f:1e.4: [8086:345c] type 00 class 0x088000
[    1.812874] pci 0000:7f:1e.5: [8086:345d] type 00 class 0x088000
[    1.812962] pci 0000:7f:1e.6: [8086:345e] type 00 class 0x088000
[    1.813049] pci 0000:7f:1e.7: [8086:345f] type 00 class 0x088000
[    1.813125] pci_bus 0000:7f: on NUMA node 0
[    1.813220] ACPI: PCI Root Bridge [PC06] (domain 0000 [bus 80])
[    1.813223] acpi PNP0A08:06: _OSC: OS supports [ExtendedConfig ASPM ClockPM Segments MSI HPX-Type3]
[    1.826920] acpi PNP0A08:06: _OSC: platform does not support [SHPCHotplug AER]
[    1.827121] acpi PNP0A08:06: _OSC: OS now controls [PCIeHotplug PME PCIeCapability LTR]
[    1.827122] acpi PNP0A08:06: FADT indicates ASPM is unsupported, using BIOS configuration
[    1.827261] PCI host bridge to bus 0000:80
[    1.827262] pci_bus 0000:80: root bus resource [io  0xb000-0xbfff window]
[    1.827263] pci_bus 0000:80: root bus resource [mem 0xc6800000-0xd0ffffff window]
[    1.827264] pci_bus 0000:80: root bus resource [mem 0x250000000000-0x25ffffffffff window]
[    1.827266] pci_bus 0000:80: root bus resource [bus 80]
[    1.827297] pci 0000:80:00.0: [8086:09a2] type 00 class 0x088000
[    1.827391] pci 0000:80:00.1: [8086:09a4] type 00 class 0x088000
[    1.827481] pci 0000:80:00.2: [8086:09a3] type 00 class 0x088000
[    1.827570] pci 0000:80:00.4: [8086:0998] type 00 class 0x060000
[    1.827659] pci 0000:80:02.0: [8086:09a6] type 00 class 0x088000
[    1.827667] pci 0000:80:02.0: reg 0x10: [mem 0xc6aa4000-0xc6aa5fff]
[    1.827746] pci 0000:80:02.1: [8086:09a7] type 00 class 0x088000
[    1.827754] pci 0000:80:02.1: reg 0x10: [mem 0xc6a00000-0xc6a7ffff]
[    1.827760] pci 0000:80:02.1: reg 0x14: [mem 0xc6980000-0xc69fffff]
[    1.827846] pci 0000:80:02.4: [8086:3456] type 00 class 0x130000
[    1.827857] pci 0000:80:02.4: reg 0x10: [mem 0xc6800000-0xc68fffff 64bit]
[    1.827864] pci 0000:80:02.4: reg 0x18: [mem 0xc6aa0000-0xc6aa3fff 64bit]
[    1.827871] pci 0000:80:02.4: reg 0x20: [mem 0xc6a80000-0xc6a9ffff 64bit]
[    1.827933] pci_bus 0000:80: on NUMA node 1
[    1.828008] ACPI: PCI Root Bridge [PC07] (domain 0000 [bus 81])
[    1.828010] acpi PNP0A08:07: _OSC: OS supports [ExtendedConfig ASPM ClockPM Segments MSI HPX-Type3]
[    1.841682] acpi PNP0A08:07: _OSC: platform does not support [SHPCHotplug AER]
[    1.841884] acpi PNP0A08:07: _OSC: OS now controls [PCIeHotplug PME PCIeCapability LTR]
[    1.841885] acpi PNP0A08:07: FADT indicates ASPM is unsupported, using BIOS configuration
[    1.841995] PCI host bridge to bus 0000:81
[    1.841997] pci_bus 0000:81: root bus resource [io  0xc000-0xcfff window]
[    1.841998] pci_bus 0000:81: root bus resource [mem 0xd1000000-0xdbbfffff window]
[    1.841999] pci_bus 0000:81: root bus resource [mem 0x260000000000-0x26ffffffffff window]
[    1.842000] pci_bus 0000:81: root bus resource [bus 81]
[    1.842014] pci 0000:81:00.0: [8086:09a2] type 00 class 0x088000
[    1.842090] pci 0000:81:00.1: [8086:09a4] type 00 class 0x088000
[    1.842170] pci 0000:81:00.2: [8086:09a3] type 00 class 0x088000
[    1.842245] pci 0000:81:00.4: [8086:0998] type 00 class 0x060000
[    1.842330] pci_bus 0000:81: on NUMA node 1
[    1.842400] ACPI: PCI Root Bridge [PC08] (domain 0000 [bus 82])
[    1.842402] acpi PNP0A08:08: _OSC: OS supports [ExtendedConfig ASPM ClockPM Segments MSI HPX-Type3]
[    1.856162] acpi PNP0A08:08: _OSC: platform does not support [SHPCHotplug AER]
[    1.856363] acpi PNP0A08:08: _OSC: OS now controls [PCIeHotplug PME PCIeCapability LTR]
[    1.856364] acpi PNP0A08:08: FADT indicates ASPM is unsupported, using BIOS configuration
[    1.856474] PCI host bridge to bus 0000:82
[    1.856475] pci_bus 0000:82: root bus resource [io  0xd000-0xdfff window]
[    1.856477] pci_bus 0000:82: root bus resource [mem 0xdbc00000-0xe67fffff window]
[    1.856478] pci_bus 0000:82: root bus resource [mem 0x270000000000-0x27ffffffffff window]
[    1.856479] pci_bus 0000:82: root bus resource [bus 82]
[    1.856493] pci 0000:82:00.0: [8086:09a2] type 00 class 0x088000
[    1.856569] pci 0000:82:00.1: [8086:09a4] type 00 class 0x088000
[    1.856643] pci 0000:82:00.2: [8086:09a3] type 00 class 0x088000
[    1.856717] pci 0000:82:00.4: [8086:0998] type 00 class 0x060000
[    1.856796] pci_bus 0000:82: on NUMA node 1
[    1.856892] ACPI: PCI Root Bridge [PC10] (domain 0000 [bus 83-f9])
[    1.856894] acpi PNP0A08:0a: _OSC: OS supports [ExtendedConfig ASPM ClockPM Segments MSI HPX-Type3]
[    1.870560] acpi PNP0A08:0a: _OSC: platform does not support [SHPCHotplug AER]
[    1.870761] acpi PNP0A08:0a: _OSC: OS now controls [PCIeHotplug PME PCIeCapability LTR]
[    1.870763] acpi PNP0A08:0a: FADT indicates ASPM is unsupported, using BIOS configuration
[    1.870881] PCI host bridge to bus 0000:83
[    1.870882] pci_bus 0000:83: root bus resource [io  0xe000-0xefff window]
[    1.870883] pci_bus 0000:83: root bus resource [mem 0xe6800000-0xf13fffff window]
[    1.870884] pci_bus 0000:83: root bus resource [mem 0x280000000000-0x28ffffffffff window]
[    1.870885] pci_bus 0000:83: root bus resource [bus 83-f9]
[    1.870900] pci 0000:83:00.0: [8086:09a2] type 00 class 0x088000
[    1.870978] pci 0000:83:00.1: [8086:09a4] type 00 class 0x088000
[    1.871058] pci 0000:83:00.2: [8086:09a3] type 00 class 0x088000
[    1.871135] pci 0000:83:00.4: [8086:0998] type 00 class 0x060000
[    1.871216] pci_bus 0000:83: on NUMA node 1
[    1.871285] ACPI: PCI Root Bridge [PC11] (domain 0000 [bus fa])
[    1.871287] acpi PNP0A08:0b: _OSC: OS supports [ExtendedConfig ASPM ClockPM Segments MSI HPX-Type3]
[    1.884941] acpi PNP0A08:0b: _OSC: platform does not support [SHPCHotplug AER]
[    1.885141] acpi PNP0A08:0b: _OSC: OS now controls [PCIeHotplug PME PCIeCapability LTR]
[    1.885142] acpi PNP0A08:0b: FADT indicates ASPM is unsupported, using BIOS configuration
[    1.885251] PCI host bridge to bus 0000:fa
[    1.885252] pci_bus 0000:fa: root bus resource [io  0xf000-0xffff window]
[    1.885253] pci_bus 0000:fa: root bus resource [mem 0xf1400000-0xfb7fffff window]
[    1.885255] pci_bus 0000:fa: root bus resource [mem 0x290000000000-0x29ffffffffff window]
[    1.885256] pci_bus 0000:fa: root bus resource [bus fa]
[    1.885270] pci 0000:fa:00.0: [8086:09a2] type 00 class 0x088000
[    1.885346] pci 0000:fa:00.1: [8086:09a4] type 00 class 0x088000
[    1.885422] pci 0000:fa:00.2: [8086:09a3] type 00 class 0x088000
[    1.885500] pci 0000:fa:00.4: [8086:0998] type 00 class 0x060000
[    1.885580] pci_bus 0000:fa: on NUMA node 1
[    1.885644] ACPI: PCI Root Bridge [UC16] (domain 0000 [bus fe])
[    1.885646] acpi PNP0A03:02: _OSC: OS supports [ExtendedConfig ASPM ClockPM Segments MSI HPX-Type3]
[    1.885810] acpi PNP0A03:02: _OSC: platform does not support [SHPCHotplug AER LTR]
[    1.885980] acpi PNP0A03:02: _OSC: OS now controls [PCIeHotplug PME PCIeCapability]
[    1.885981] acpi PNP0A03:02: FADT indicates ASPM is unsupported, using BIOS configuration
[    1.886101] PCI host bridge to bus 0000:fe
[    1.886102] pci_bus 0000:fe: root bus resource [bus fe]
[    1.886134] pci 0000:fe:00.0: [8086:3450] type 00 class 0x088000
[    1.886219] pci 0000:fe:00.1: [8086:3451] type 00 class 0x088000
[    1.886303] pci 0000:fe:00.2: [8086:3452] type 00 class 0x088000
[    1.886383] pci 0000:fe:00.3: [8086:0998] type 00 class 0x060000
[    1.886465] pci 0000:fe:00.5: [8086:3455] type 00 class 0x088000
[    1.886565] pci 0000:fe:02.0: [8086:3440] type 00 class 0x088000
[    1.886710] pci 0000:fe:02.1: [8086:3441] type 00 class 0x088000
[    1.886844] pci 0000:fe:02.2: [8086:3442] type 00 class 0x088000
[    1.886988] pci 0000:fe:03.0: [8086:3440] type 00 class 0x088000
[    1.887095] pci 0000:fe:03.1: [8086:3441] type 00 class 0x088000
[    1.887199] pci 0000:fe:03.2: [8086:3442] type 00 class 0x088000
[    1.887309] pci 0000:fe:04.0: [8086:3440] type 00 class 0x088000
[    1.887454] pci 0000:fe:04.1: [8086:3441] type 00 class 0x088000
[    1.887595] pci 0000:fe:04.2: [8086:3442] type 00 class 0x088000
[    1.887738] pci 0000:fe:04.3: [8086:3443] type 00 class 0x088000
[    1.887895] pci 0000:fe:05.0: [8086:3445] type 00 class 0x088000
[    1.888036] pci 0000:fe:05.1: [8086:3446] type 00 class 0x088000
[    1.888176] pci 0000:fe:05.2: [8086:3447] type 00 class 0x088000
[    1.888328] pci 0000:fe:06.0: [8086:3445] type 00 class 0x088000
[    1.888434] pci 0000:fe:06.1: [8086:3446] type 00 class 0x088000
[    1.888538] pci 0000:fe:06.2: [8086:3447] type 00 class 0x088000
[    1.888662] pci 0000:fe:07.0: [8086:3445] type 00 class 0x088000
[    1.888810] pci 0000:fe:07.1: [8086:3446] type 00 class 0x088000
[    1.888956] pci 0000:fe:07.2: [8086:3447] type 00 class 0x088000
[    1.889110] pci 0000:fe:0b.0: [8086:3448] type 00 class 0x088000
[    1.889200] pci 0000:fe:0b.1: [8086:3448] type 00 class 0x088000
[    1.889292] pci 0000:fe:0b.2: [8086:344b] type 00 class 0x088000
[    1.889398] pci 0000:fe:0c.0: [8086:344a] type 00 class 0x110100
[    1.889528] pci 0000:fe:0d.0: [8086:344a] type 00 class 0x110100
[    1.889643] pci 0000:fe:0e.0: [8086:344a] type 00 class 0x110100
[    1.889817] pci 0000:fe:0f.0: [8086:344a] type 00 class 0x110100
[    1.890012] pci 0000:fe:1a.0: [8086:2880] type 00 class 0x110100
[    1.890137] pci 0000:fe:1b.0: [8086:2880] type 00 class 0x110100
[    1.890248] pci 0000:fe:1c.0: [8086:2880] type 00 class 0x110100
[    1.890430] pci 0000:fe:1d.0: [8086:2880] type 00 class 0x110100
[    1.890591] pci_bus 0000:fe: on NUMA node 1
[    1.890667] ACPI: PCI Root Bridge [UC17] (domain 0000 [bus ff])
[    1.890670] acpi PNP0A03:03: _OSC: OS supports [ExtendedConfig ASPM ClockPM Segments MSI HPX-Type3]
[    1.890834] acpi PNP0A03:03: _OSC: platform does not support [SHPCHotplug AER LTR]
[    1.891004] acpi PNP0A03:03: _OSC: OS now controls [PCIeHotplug PME PCIeCapability]
[    1.891005] acpi PNP0A03:03: FADT indicates ASPM is unsupported, using BIOS configuration
[    1.891139] PCI host bridge to bus 0000:ff
[    1.891140] pci_bus 0000:ff: root bus resource [bus ff]
[    1.891182] pci 0000:ff:00.0: [8086:344c] type 00 class 0x088000
[    1.891316] pci 0000:ff:00.1: [8086:344c] type 00 class 0x088000
[    1.891455] pci 0000:ff:00.2: [8086:344c] type 00 class 0x088000
[    1.891581] pci 0000:ff:00.3: [8086:344c] type 00 class 0x088000
[    1.891728] pci 0000:ff:00.4: [8086:344c] type 00 class 0x088000
[    1.891870] pci 0000:ff:00.5: [8086:344c] type 00 class 0x088000
[    1.891990] pci 0000:ff:00.6: [8086:344c] type 00 class 0x088000
[    1.892147] pci 0000:ff:00.7: [8086:344c] type 00 class 0x088000
[    1.892313] pci 0000:ff:01.0: [8086:344c] type 00 class 0x088000
[    1.892471] pci 0000:ff:01.1: [8086:344c] type 00 class 0x088000
[    1.892621] pci 0000:ff:01.2: [8086:344c] type 00 class 0x088000
[    1.892733] pci 0000:ff:01.3: [8086:344c] type 00 class 0x088000
[    1.892895] pci 0000:ff:01.4: [8086:344c] type 00 class 0x088000
[    1.893059] pci 0000:ff:01.5: [8086:344c] type 00 class 0x088000
[    1.893226] pci 0000:ff:01.6: [8086:344c] type 00 class 0x088000
[    1.893382] pci 0000:ff:01.7: [8086:344c] type 00 class 0x088000
[    1.893556] pci 0000:ff:02.0: [8086:344c] type 00 class 0x088000
[    1.893716] pci 0000:ff:02.1: [8086:344c] type 00 class 0x088000
[    1.893874] pci 0000:ff:02.2: [8086:344c] type 00 class 0x088000
[    1.894038] pci 0000:ff:02.3: [8086:344c] type 00 class 0x088000
[    1.894200] pci 0000:ff:02.4: [8086:344c] type 00 class 0x088000
[    1.894363] pci 0000:ff:02.5: [8086:344c] type 00 class 0x088000
[    1.894540] pci 0000:ff:02.6: [8086:344c] type 00 class 0x088000
[    1.894714] pci 0000:ff:02.7: [8086:344c] type 00 class 0x088000
[    1.894906] pci 0000:ff:03.0: [8086:344c] type 00 class 0x088000
[    1.895084] pci 0000:ff:03.1: [8086:344c] type 00 class 0x088000
[    1.895258] pci 0000:ff:03.2: [8086:344c] type 00 class 0x088000
[    1.895442] pci 0000:ff:03.3: [8086:344c] type 00 class 0x088000
[    1.895646] pci 0000:ff:0a.0: [8086:344d] type 00 class 0x088000
[    1.895775] pci 0000:ff:0a.1: [8086:344d] type 00 class 0x088000
[    1.895913] pci 0000:ff:0a.2: [8086:344d] type 00 class 0x088000
[    1.896043] pci 0000:ff:0a.3: [8086:344d] type 00 class 0x088000
[    1.896189] pci 0000:ff:0a.4: [8086:344d] type 00 class 0x088000
[    1.896331] pci 0000:ff:0a.5: [8086:344d] type 00 class 0x088000
[    1.896451] pci 0000:ff:0a.6: [8086:344d] type 00 class 0x088000
[    1.896603] pci 0000:ff:0a.7: [8086:344d] type 00 class 0x088000
[    1.896769] pci 0000:ff:0b.0: [8086:344d] type 00 class 0x088000
[    1.896926] pci 0000:ff:0b.1: [8086:344d] type 00 class 0x088000
[    1.897076] pci 0000:ff:0b.2: [8086:344d] type 00 class 0x088000
[    1.897190] pci 0000:ff:0b.3: [8086:344d] type 00 class 0x088000
[    1.897353] pci 0000:ff:0b.4: [8086:344d] type 00 class 0x088000
[    1.897517] pci 0000:ff:0b.5: [8086:344d] type 00 class 0x088000
[    1.897686] pci 0000:ff:0b.6: [8086:344d] type 00 class 0x088000
[    1.897838] pci 0000:ff:0b.7: [8086:344d] type 00 class 0x088000
[    1.898011] pci 0000:ff:0c.0: [8086:344d] type 00 class 0x088000
[    1.898170] pci 0000:ff:0c.1: [8086:344d] type 00 class 0x088000
[    1.898328] pci 0000:ff:0c.2: [8086:344d] type 00 class 0x088000
[    1.898499] pci 0000:ff:0c.3: [8086:344d] type 00 class 0x088000
[    1.898661] pci 0000:ff:0c.4: [8086:344d] type 00 class 0x088000
[    1.898827] pci 0000:ff:0c.5: [8086:344d] type 00 class 0x088000
[    1.898997] pci 0000:ff:0c.6: [8086:344d] type 00 class 0x088000
[    1.899165] pci 0000:ff:0c.7: [8086:344d] type 00 class 0x088000
[    1.899359] pci 0000:ff:0d.0: [8086:344d] type 00 class 0x088000
[    1.899537] pci 0000:ff:0d.1: [8086:344d] type 00 class 0x088000
[    1.899711] pci 0000:ff:0d.2: [8086:344d] type 00 class 0x088000
[    1.899902] pci 0000:ff:0d.3: [8086:344d] type 00 class 0x088000
[    1.900118] pci 0000:ff:1d.0: [8086:344f] type 00 class 0x088000
[    1.900255] pci 0000:ff:1d.1: [8086:3457] type 00 class 0x088000
[    1.900406] pci 0000:ff:1e.0: [8086:3458] type 00 class 0x088000
[    1.900502] pci 0000:ff:1e.1: [8086:3459] type 00 class 0x088000
[    1.900595] pci 0000:ff:1e.2: [8086:345a] type 00 class 0x088000
[    1.900686] pci 0000:ff:1e.3: [8086:345b] type 00 class 0x088000
[    1.900779] pci 0000:ff:1e.4: [8086:345c] type 00 class 0x088000
[    1.900873] pci 0000:ff:1e.5: [8086:345d] type 00 class 0x088000
[    1.900964] pci 0000:ff:1e.6: [8086:345e] type 00 class 0x088000
[    1.901054] pci 0000:ff:1e.7: [8086:345f] type 00 class 0x088000
[    1.901129] pci_bus 0000:ff: on NUMA node 1
[    1.905620] iommu: Default domain type: Translated 
[    1.905620] iommu: DMA domain TLB invalidation policy: lazy mode 
[    1.905622] pci 0000:03:00.0: vgaarb: setting as boot VGA device
[    1.905622] pci 0000:03:00.0: vgaarb: VGA device added: decodes=io+mem,owns=io+mem,locks=none
[    1.905663] pci 0000:03:00.0: vgaarb: bridge control possible
[    1.905664] vgaarb: loaded
[    1.905871] SCSI subsystem initialized
[    1.905906] libata version 3.00 loaded.
[    1.905906] ACPI: bus type USB registered
[    1.905906] usbcore: registered new interface driver usbfs
[    1.905906] usbcore: registered new interface driver hub
[    1.905906] usbcore: registered new device driver usb
[    1.905906] pps_core: LinuxPPS API ver. 1 registered
[    1.905906] pps_core: Software ver. 5.3.6 - Copyright 2005-2007 Rodolfo Giometti <giometti@linux.it>
[    1.905906] PTP clock support registered
[    1.905906] EDAC MC: Ver: 3.0.0
[    1.906278] Registered efivars operations
[    1.906278] NetLabel: Initializing
[    1.906278] NetLabel:  domain hash size = 128
[    1.906278] NetLabel:  protocols = UNLABELED CIPSOv4 CALIPSO
[    1.906278] NetLabel:  unlabeled traffic allowed by default
[    1.906278] PCI: Using ACPI for IRQ routing
[    1.907087] PCI: pci_cache_line_size set to 64 bytes
[    1.907634] e820: reserve RAM buffer [mem 0x0008f000-0x0008ffff]
[    1.907636] e820: reserve RAM buffer [mem 0x46cc5020-0x47ffffff]
[    1.907638] e820: reserve RAM buffer [mem 0x46cf7020-0x47ffffff]
[    1.907639] e820: reserve RAM buffer [mem 0x46d2a020-0x47ffffff]
[    1.907639] e820: reserve RAM buffer [mem 0x46d5d020-0x47ffffff]
[    1.907640] e820: reserve RAM buffer [mem 0x49e77000-0x4bffffff]
[    1.907642] e820: reserve RAM buffer [mem 0x4b2cf000-0x4bffffff]
[    1.907643] e820: reserve RAM buffer [mem 0x4bd94000-0x4bffffff]
[    1.907644] e820: reserve RAM buffer [mem 0x4ce00000-0x4fffffff]
[    1.907645] e820: reserve RAM buffer [mem 0x5eefe000-0x5fffffff]
[    1.907646] e820: reserve RAM buffer [mem 0x6f800000-0x6fffffff]
[    1.910888] hpet0: at MMIO 0xfed00000, IRQs 2, 8, 0, 0, 0, 0, 0, 0
[    1.910895] hpet0: 8 comparators, 64-bit 24.000000 MHz counter
[    1.914860] clocksource: Switched to clocksource tsc-early
[    1.922298] VFS: Disk quotas dquot_6.6.0
[    1.922354] VFS: Dquot-cache hash table entries: 512 (order 0, 4096 bytes)
[    1.922502] AppArmor: AppArmor Filesystem Enabled
[    1.922520] pnp: PnP ACPI init
[    1.937687] system 00:01: [io  0x0500-0x05fe] has been reserved
[    1.937690] system 00:01: [io  0x0400-0x041f] has been reserved
[    1.937692] system 00:01: [io  0x0600-0x061f] has been reserved
[    1.937693] system 00:01: [io  0x0ca0-0x0ca1] has been reserved
[    1.937694] system 00:01: [io  0x0ca4-0x0ca6] has been reserved
[    1.937696] system 00:01: [mem 0xff000000-0xffffffff] has been reserved
[    1.938276] system 00:04: [mem 0xfd000000-0xfdabffff] has been reserved
[    1.938278] system 00:04: [mem 0xfdad0000-0xfdadffff] has been reserved
[    1.938279] system 00:04: [mem 0xfdb00000-0xfdffffff] has been reserved
[    1.938281] system 00:04: [mem 0xfe000000-0xfe00ffff] has been reserved
[    1.938282] system 00:04: [mem 0xfe011000-0xfe01ffff] has been reserved
[    1.938284] system 00:04: [mem 0xfe036000-0xfe03bfff] has been reserved
[    1.938285] system 00:04: [mem 0xfe03d000-0xfe3fffff] has been reserved
[    1.938286] system 00:04: [mem 0xfe410000-0xfe7fffff] has been reserved
[    1.938597] system 00:05: [io  0x1000-0x10fe] has been reserved
[    1.939560] pnp: PnP ACPI: found 6 devices
[    1.945164] clocksource: acpi_pm: mask: 0xffffff max_cycles: 0xffffff, max_idle_ns: 2085701024 ns
[    1.945247] NET: Registered PF_INET protocol family
[    1.945578] IP idents hash table entries: 262144 (order: 9, 2097152 bytes, vmalloc)
[    1.947723] tcp_listen_portaddr_hash hash table entries: 16384 (order: 6, 262144 bytes, vmalloc)
[    1.948054] TCP established hash table entries: 262144 (order: 9, 2097152 bytes, vmalloc)
[    1.948440] TCP bind hash table entries: 65536 (order: 8, 1048576 bytes, vmalloc)
[    1.948501] TCP: Hash tables configured (established 262144 bind 65536)
[    1.948698] UDP hash table entries: 16384 (order: 7, 524288 bytes, vmalloc)
[    1.948814] UDP-Lite hash table entries: 16384 (order: 7, 524288 bytes, vmalloc)
[    1.949056] NET: Registered PF_UNIX/PF_LOCAL protocol family
[    1.949063] NET: Registered PF_XDP protocol family
[    1.949075] pci 0000:04:00.0: can't claim BAR 6 [mem 0xfffc0000-0xffffffff pref]: no compatible bridge window
[    1.949078] pci 0000:04:00.1: can't claim BAR 6 [mem 0xfffc0000-0xffffffff pref]: no compatible bridge window
[    1.949080] pci 0000:17:00.0: can't claim BAR 6 [mem 0xfff00000-0xffffffff pref]: no compatible bridge window
[    1.949096] pci 0000:00:1c.5: BAR 14: assigned [mem 0x90000000-0x900fffff]
[    1.949099] pci 0000:00:1c.0: PCI bridge to [bus 01]
[    1.949108] pci 0000:02:00.0: PCI bridge to [bus 03]
[    1.949113] pci 0000:02:00.0:   bridge window [mem 0x92000000-0x928fffff]
[    1.949117] pci 0000:02:00.0:   bridge window [mem 0x91000000-0x91ffffff 64bit pref]
[    1.949123] pci 0000:00:1c.4: PCI bridge to [bus 02-03]
[    1.949126] pci 0000:00:1c.4:   bridge window [mem 0x92000000-0x928fffff]
[    1.949129] pci 0000:00:1c.4:   bridge window [mem 0x91000000-0x91ffffff 64bit pref]
[    1.949134] pci 0000:04:00.0: BAR 6: assigned [mem 0x90000000-0x9003ffff pref]
[    1.949136] pci 0000:04:00.1: BAR 6: assigned [mem 0x90040000-0x9007ffff pref]
[    1.949137] pci 0000:00:1c.5: PCI bridge to [bus 04]
[    1.949140] pci 0000:00:1c.5:   bridge window [mem 0x90000000-0x900fffff]
[    1.949143] pci 0000:00:1c.5:   bridge window [mem 0x92900000-0x929fffff 64bit pref]
[    1.949147] pci_bus 0000:00: resource 4 [io  0x0000-0x0cf7 window]
[    1.949149] pci_bus 0000:00: resource 5 [io  0x1000-0x4fff window]
[    1.949150] pci_bus 0000:00: resource 6 [mem 0x000a0000-0x000bffff window]
[    1.949151] pci_bus 0000:00: resource 7 [mem 0x000c8000-0x000cffff window]
[    1.949153] pci_bus 0000:00: resource 8 [mem 0xfe010000-0xfe010fff window]
[    1.949154] pci_bus 0000:00: resource 9 [mem 0x90000000-0x9b7fffff window]
[    1.949155] pci_bus 0000:00: resource 10 [mem 0x200000000000-0x20ffffffffff window]
[    1.949157] pci_bus 0000:02: resource 1 [mem 0x92000000-0x928fffff]
[    1.949158] pci_bus 0000:02: resource 2 [mem 0x91000000-0x91ffffff 64bit pref]
[    1.949159] pci_bus 0000:03: resource 1 [mem 0x92000000-0x928fffff]
[    1.949160] pci_bus 0000:03: resource 2 [mem 0x91000000-0x91ffffff 64bit pref]
[    1.949162] pci_bus 0000:04: resource 1 [mem 0x90000000-0x900fffff]
[    1.949163] pci_bus 0000:04: resource 2 [mem 0x92900000-0x929fffff 64bit pref]
[    1.949231] pci 0000:17:00.0: BAR 6: no space for [mem size 0x00100000 pref]
[    1.949233] pci 0000:17:00.0: BAR 6: failed to assign [mem size 0x00100000 pref]
[    1.949234] pci 0000:16:02.0: PCI bridge to [bus 17]
[    1.949236] pci 0000:16:02.0:   bridge window [io  0x5000-0x5fff]
[    1.949239] pci 0000:16:02.0:   bridge window [mem 0x9ba00000-0x9bafffff]
[    1.949241] pci 0000:16:02.0:   bridge window [mem 0x9b800000-0x9b9fffff 64bit pref]
[    1.949244] pci_bus 0000:16: resource 4 [io  0x5000-0x6fff window]
[    1.949246] pci_bus 0000:16: resource 5 [mem 0x9b800000-0xa63fffff window]
[    1.949247] pci_bus 0000:16: resource 6 [mem 0x210000000000-0x21ffffffffff window]
[    1.949248] pci_bus 0000:17: resource 0 [io  0x5000-0x5fff]
[    1.949249] pci_bus 0000:17: resource 1 [mem 0x9ba00000-0x9bafffff]
[    1.949250] pci_bus 0000:17: resource 2 [mem 0x9b800000-0x9b9fffff 64bit pref]
[    1.949256] pci_bus 0000:30: resource 4 [io  0x7000-0x8fff window]
[    1.949257] pci_bus 0000:30: resource 5 [mem 0xa6400000-0xb0ffffff window]
[    1.949259] pci_bus 0000:30: resource 6 [mem 0x220000000000-0x22ffffffffff window]
[    1.949264] pci_bus 0000:4a: resource 4 [io  0x9000-0x9fff window]
[    1.949265] pci_bus 0000:4a: resource 5 [mem 0xb1000000-0xbbbfffff window]
[    1.949266] pci_bus 0000:4a: resource 6 [mem 0x230000000000-0x23ffffffffff window]
[    1.949272] pci_bus 0000:64: resource 4 [io  0xa000-0xafff window]
[    1.949273] pci_bus 0000:64: resource 5 [mem 0xbbc00000-0xc5ffffff window]
[    1.949274] pci_bus 0000:64: resource 6 [mem 0x240000000000-0x24ffffffffff window]
[    1.949303] pci_bus 0000:80: resource 4 [io  0xb000-0xbfff window]
[    1.949304] pci_bus 0000:80: resource 5 [mem 0xc6800000-0xd0ffffff window]
[    1.949306] pci_bus 0000:80: resource 6 [mem 0x250000000000-0x25ffffffffff window]
[    1.949311] pci_bus 0000:81: resource 4 [io  0xc000-0xcfff window]
[    1.949312] pci_bus 0000:81: resource 5 [mem 0xd1000000-0xdbbfffff window]
[    1.949313] pci_bus 0000:81: resource 6 [mem 0x260000000000-0x26ffffffffff window]
[    1.949319] pci_bus 0000:82: resource 4 [io  0xd000-0xdfff window]
[    1.949320] pci_bus 0000:82: resource 5 [mem 0xdbc00000-0xe67fffff window]
