2024年 05月 22日 星期三 13:48:22 CST
pgmigrate_success 814533
pgmigrate_fail 6625405
pgmigrate_dst_node_full_fail 10621824
pgmigrate_numa_isolate_fail 131
pgmigrate_nomem_fail 4
pgmigrate_refcount_fail 1103
thp_fault_alloc 10659
thp_fault_fallback 0
thp_collapse_alloc 72
thp_collapse_alloc_failed 31
thp_file_alloc 0
thp_file_mapped 0
thp_split_page 0
thp_split_page_failed 0
thp_deferred_split_page 11377
thp_split_pmd 494
thp_split_pud 0
thp_zero_page_alloc 0
thp_zero_page_alloc_failed 0
thp_swpout 0
thp_swpout_fallback 0
MemTotal:       1080978828 kB
MemFree:        1049968600 kB
MemAvailable:   1047776852 kB
Buffers:            7600 kB
Cached:           135748 kB
SwapCached:        11260 kB
Active:           237956 kB
Inactive:         447836 kB
Active(anon):     180152 kB
Inactive(anon):   366724 kB
Active(file):      57804 kB
Inactive(file):    81112 kB
Unevictable:           0 kB
Mlocked:               0 kB
SwapTotal:       2097148 kB
SwapFree:        1939196 kB
Dirty:              1496 kB
Writeback:             0 kB
AnonPages:        539044 kB
Mapped:           133584 kB
Shmem:              4500 kB
KReclaimable:     260388 kB
Slab:             708200 kB
SReclaimable:     260388 kB
SUnreclaim:       447812 kB
KernelStack:       33648 kB
PageTables:        28164 kB
NFS_Unstable:          0 kB
Bounce:                0 kB
WritebackTmp:          0 kB
CommitLimit:    542586560 kB
Committed_AS:    6477952 kB
VmallocTotal:   34359738367 kB
VmallocUsed:      104908 kB
VmallocChunk:          0 kB
Percpu:           123648 kB
HardwareCorrupted:     0 kB
AnonHugePages:     12288 kB
ShmemHugePages:        0 kB
ShmemPmdMapped:        0 kB
CmaTotal:              0 kB
CmaFree:               0 kB
HugePages_Total:       0
HugePages_Free:        0
HugePages_Rsvd:        0
HugePages_Surp:        0
Hugepagesize:       2048 kB
Hugetlb:               0 kB
DirectMap4k:     1068520 kB
DirectMap2M:     8853504 kB
DirectMap1G:    1179648000 kB
2024年 05月 22日 星期三 13:56:50 CST
pgmigrate_success 880817
pgmigrate_fail 7536766
pgmigrate_dst_node_full_fail 11521408
pgmigrate_numa_isolate_fail 145
pgmigrate_nomem_fail 4
pgmigrate_refcount_fail 1113
thp_fault_alloc 15973
thp_fault_fallback 0
thp_collapse_alloc 77
thp_collapse_alloc_failed 44
thp_file_alloc 0
thp_file_mapped 0
thp_split_page 0
thp_split_page_failed 0
thp_deferred_split_page 16880
thp_split_pmd 673
thp_split_pud 0
thp_zero_page_alloc 0
thp_zero_page_alloc_failed 0
thp_swpout 0
thp_swpout_fallback 0
MemTotal:       1080978828 kB
MemFree:        1049828744 kB
MemAvailable:   1047704576 kB
Buffers:           59392 kB
Cached:           182728 kB
SwapCached:        10188 kB
Active:           303648 kB
Inactive:         484824 kB
Active(anon):     185360 kB
Inactive(anon):   365744 kB
Active(file):     118288 kB
Inactive(file):   119080 kB
Unevictable:           0 kB
Mlocked:               0 kB
SwapTotal:       2097148 kB
SwapFree:        1941756 kB
Dirty:                48 kB
Writeback:             0 kB
AnonPages:        542924 kB
Mapped:           133516 kB
Shmem:              4500 kB
KReclaimable:     297104 kB
Slab:             744260 kB
SReclaimable:     297104 kB
SUnreclaim:       447156 kB
KernelStack:       33968 kB
PageTables:        28036 kB
NFS_Unstable:          0 kB
Bounce:                0 kB
WritebackTmp:          0 kB
CommitLimit:    542586560 kB
Committed_AS:    6191012 kB
VmallocTotal:   34359738367 kB
VmallocUsed:      104908 kB
VmallocChunk:          0 kB
Percpu:           123648 kB
HardwareCorrupted:     0 kB
AnonHugePages:    372736 kB
ShmemHugePages:        0 kB
ShmemPmdMapped:        0 kB
CmaTotal:              0 kB
CmaFree:               0 kB
HugePages_Total:       0
HugePages_Free:        0
HugePages_Rsvd:        0
HugePages_Surp:        0
Hugepagesize:       2048 kB
Hugetlb:               0 kB
DirectMap4k:     1068520 kB
DirectMap2M:     8853504 kB
DirectMap1G:    1179648000 kB
