pgmigrate_success 1386977
pgmigrate_fail 850
thp_migration_success 0
thp_migration_fail 0
thp_migration_split 0
thp_fault_alloc 0
thp_fault_fallback 0
thp_fault_fallback_charge 0
thp_collapse_alloc 0
thp_collapse_alloc_failed 0
thp_file_alloc 0
thp_file_fallback 0
thp_file_fallback_charge 0
thp_file_mapped 0
thp_split_page 0
thp_split_page_failed 0
thp_deferred_split_page 0
thp_split_pmd 0
thp_scan_exceed_none_pte 0
thp_scan_exceed_swap_pte 0
thp_scan_exceed_share_pte 0
thp_split_pud 0
thp_zero_page_alloc 0
thp_zero_page_alloc_failed 0
thp_swpout 0
thp_swpout_fallback 0
MemTotal:       547598824 kB
MemFree:        526386136 kB
MemAvailable:   525574372 kB
Buffers:          111380 kB
Cached:           405040 kB
SwapCached:         5068 kB
Active:           300040 kB
Inactive:        2110192 kB
Active(anon):      12584 kB
Inactive(anon):  1886484 kB
Active(file):     287456 kB
Inactive(file):   223708 kB
Unevictable:           0 kB
Mlocked:               0 kB
SwapTotal:       2097148 kB
SwapFree:        2032380 kB
Dirty:                56 kB
Writeback:             0 kB
AnonPages:       1868064 kB
Mapped:           192032 kB
Shmem:              5268 kB
KReclaimable:     409556 kB
Slab:             733552 kB
SReclaimable:     409556 kB
SUnreclaim:       323996 kB
KernelStack:       35748 kB
PageTables:        51344 kB
NFS_Unstable:          0 kB
Bounce:                0 kB
WritebackTmp:          0 kB
CommitLimit:    275896560 kB
Committed_AS:   11747048 kB
VmallocTotal:   34359738367 kB
VmallocUsed:      144428 kB
VmallocChunk:          0 kB
Percpu:           133952 kB
HardwareCorrupted:     0 kB
AnonHugePages:         0 kB
ShmemHugePages:        0 kB
ShmemPmdMapped:        0 kB
FileHugePages:         0 kB
FilePmdMapped:         0 kB
CmaTotal:              0 kB
CmaFree:               0 kB
HugePages_Total:       0
HugePages_Free:        0
HugePages_Rsvd:        0
HugePages_Surp:        0
Hugepagesize:       2048 kB
Hugetlb:               0 kB
DirectMap4k:      506344 kB
DirectMap2M:     8601600 kB
DirectMap1G:    1132462080 kB
pgmigrate_success 1484654
pgmigrate_fail 870
thp_migration_success 0
thp_migration_fail 0
thp_migration_split 0
thp_fault_alloc 0
thp_fault_fallback 0
thp_fault_fallback_charge 0
thp_collapse_alloc 0
thp_collapse_alloc_failed 0
thp_file_alloc 0
thp_file_fallback 0
thp_file_fallback_charge 0
thp_file_mapped 0
thp_split_page 0
thp_split_page_failed 0
thp_deferred_split_page 0
thp_split_pmd 0
thp_scan_exceed_none_pte 0
thp_scan_exceed_swap_pte 0
thp_scan_exceed_share_pte 0
thp_split_pud 0
thp_zero_page_alloc 0
thp_zero_page_alloc_failed 0
thp_swpout 0
thp_swpout_fallback 0
MemTotal:       547598824 kB
MemFree:        523171848 kB
MemAvailable:   522353624 kB
Buffers:          111296 kB
Cached:           391620 kB
SwapCached:         5072 kB
Active:           289796 kB
Inactive:        5128716 kB
Active(anon):      12616 kB
Inactive(anon):  4908240 kB
Active(file):     277180 kB
Inactive(file):   220476 kB
Unevictable:           0 kB
Mlocked:               0 kB
SwapTotal:       2097148 kB
SwapFree:        2032380 kB
Dirty:                44 kB
Writeback:             0 kB
AnonPages:       4912572 kB
Mapped:           194032 kB
Shmem:              5268 kB
KReclaimable:     410152 kB
Slab:             737392 kB
SReclaimable:     410152 kB
SUnreclaim:       327240 kB
KernelStack:       34272 kB
PageTables:        60004 kB
NFS_Unstable:          0 kB
Bounce:                0 kB
WritebackTmp:          0 kB
CommitLimit:    275896560 kB
Committed_AS:   13680540 kB
VmallocTotal:   34359738367 kB
VmallocUsed:      143064 kB
VmallocChunk:          0 kB
Percpu:           133952 kB
HardwareCorrupted:     0 kB
AnonHugePages:         0 kB
ShmemHugePages:        0 kB
ShmemPmdMapped:        0 kB
FileHugePages:         0 kB
FilePmdMapped:         0 kB
CmaTotal:              0 kB
CmaFree:               0 kB
HugePages_Total:       0
HugePages_Free:        0
HugePages_Rsvd:        0
HugePages_Surp:        0
Hugepagesize:       2048 kB
Hugetlb:               0 kB
DirectMap4k:      506344 kB
DirectMap2M:     8601600 kB
DirectMap1G:    1132462080 kB
