pgmigrate_success 1322223
pgmigrate_fail 849
thp_migration_success 0
thp_migration_fail 0
thp_migration_split 0
thp_fault_alloc 0
thp_fault_fallback 0
thp_fault_fallback_charge 0
thp_collapse_alloc 0
thp_collapse_alloc_failed 0
thp_file_alloc 0
thp_file_fallback 0
thp_file_fallback_charge 0
thp_file_mapped 0
thp_split_page 0
thp_split_page_failed 0
thp_deferred_split_page 0
thp_split_pmd 0
thp_scan_exceed_none_pte 0
thp_scan_exceed_swap_pte 0
thp_scan_exceed_share_pte 0
thp_split_pud 0
thp_zero_page_alloc 0
thp_zero_page_alloc_failed 0
thp_swpout 0
thp_swpout_fallback 0
MemTotal:       547598824 kB
MemFree:        519868956 kB
MemAvailable:   519057012 kB
Buffers:          111276 kB
Cached:           404960 kB
SwapCached:         5068 kB
Active:           299648 kB
Inactive:        8624600 kB
Active(anon):      12568 kB
Inactive(anon):  8400808 kB
Active(file):     287080 kB
Inactive(file):   223792 kB
Unevictable:           0 kB
Mlocked:               0 kB
SwapTotal:       2097148 kB
SwapFree:        2032380 kB
Dirty:                64 kB
Writeback:            44 kB
AnonPages:       8397356 kB
Mapped:           192080 kB
Shmem:              5268 kB
KReclaimable:     409492 kB
Slab:             733592 kB
SReclaimable:     409492 kB
SUnreclaim:       324100 kB
KernelStack:       32640 kB
PageTables:        66836 kB
NFS_Unstable:          0 kB
Bounce:                0 kB
WritebackTmp:          0 kB
CommitLimit:    275896560 kB
Committed_AS:   17557452 kB
VmallocTotal:   34359738367 kB
VmallocUsed:      144988 kB
VmallocChunk:          0 kB
Percpu:           133952 kB
HardwareCorrupted:     0 kB
AnonHugePages:         0 kB
ShmemHugePages:        0 kB
ShmemPmdMapped:        0 kB
FileHugePages:         0 kB
FilePmdMapped:         0 kB
CmaTotal:              0 kB
CmaFree:               0 kB
HugePages_Total:       0
HugePages_Free:        0
HugePages_Rsvd:        0
HugePages_Surp:        0
Hugepagesize:       2048 kB
Hugetlb:               0 kB
DirectMap4k:      506344 kB
DirectMap2M:     8601600 kB
DirectMap1G:    1132462080 kB
pgmigrate_success 1395612
pgmigrate_fail 852
thp_migration_success 0
thp_migration_fail 0
thp_migration_split 0
thp_fault_alloc 0
thp_fault_fallback 0
thp_fault_fallback_charge 0
thp_collapse_alloc 0
thp_collapse_alloc_failed 0
thp_file_alloc 0
thp_file_fallback 0
thp_file_fallback_charge 0
thp_file_mapped 0
thp_split_page 0
thp_split_page_failed 0
thp_deferred_split_page 0
thp_split_pmd 0
thp_scan_exceed_none_pte 0
thp_scan_exceed_swap_pte 0
thp_scan_exceed_share_pte 0
thp_split_pud 0
thp_zero_page_alloc 0
thp_zero_page_alloc_failed 0
thp_swpout 0
thp_swpout_fallback 0
MemTotal:       547598824 kB
MemFree:        527657784 kB
MemAvailable:   526846184 kB
Buffers:          111540 kB
Cached:           405192 kB
SwapCached:         5068 kB
Active:           300600 kB
Inactive:         883540 kB
Active(anon):      12584 kB
Inactive(anon):   660096 kB
Active(file):     288016 kB
Inactive(file):   223444 kB
Unevictable:           0 kB
Mlocked:               0 kB
SwapTotal:       2097148 kB
SwapFree:        2032380 kB
Dirty:                12 kB
Writeback:             0 kB
AnonPages:        664464 kB
Mapped:           195452 kB
Shmem:              5268 kB
KReclaimable:     409588 kB
Slab:             732528 kB
SReclaimable:     409588 kB
SUnreclaim:       322940 kB
KernelStack:       33936 kB
PageTables:        48236 kB
NFS_Unstable:          0 kB
Bounce:                0 kB
WritebackTmp:          0 kB
CommitLimit:    275896560 kB
Committed_AS:   10394936 kB
VmallocTotal:   34359738367 kB
VmallocUsed:      142664 kB
VmallocChunk:          0 kB
Percpu:           133952 kB
HardwareCorrupted:     0 kB
AnonHugePages:         0 kB
ShmemHugePages:        0 kB
ShmemPmdMapped:        0 kB
FileHugePages:         0 kB
FilePmdMapped:         0 kB
CmaTotal:              0 kB
CmaFree:               0 kB
HugePages_Total:       0
HugePages_Free:        0
HugePages_Rsvd:        0
HugePages_Surp:        0
Hugepagesize:       2048 kB
Hugetlb:               0 kB
DirectMap4k:      506344 kB
DirectMap2M:     8601600 kB
DirectMap1G:    1132462080 kB
