2024年 06月 30日 星期日 16:10:07 CST
pgmigrate_success 936761
pgmigrate_fail 97
pgmigrate_dst_node_full_fail 5239766
pgmigrate_numa_isolate_fail 489
pgmigrate_nomem_fail 2
pgmigrate_refcount_fail 913
thp_fault_alloc 0
thp_fault_fallback 0
thp_collapse_alloc 0
thp_collapse_alloc_failed 0
thp_file_alloc 0
thp_file_mapped 0
thp_split_page 0
thp_split_page_failed 0
thp_deferred_split_page 0
thp_split_pmd 0
thp_split_pud 0
thp_zero_page_alloc 0
thp_zero_page_alloc_failed 0
thp_swpout 0
thp_swpout_fallback 0
MemTotal:       1123314988 kB
MemFree:        1092798644 kB
MemAvailable:   1090419868 kB
Buffers:            9700 kB
Cached:           305900 kB
SwapCached:        59628 kB
Active:           322008 kB
Inactive:         394720 kB
Active(anon):     291504 kB
Inactive(anon):   115508 kB
Active(file):      30504 kB
Inactive(file):   279212 kB
Unevictable:           0 kB
Mlocked:               0 kB
SwapTotal:       2097148 kB
SwapFree:        1735676 kB
Dirty:               348 kB
Writeback:             0 kB
AnonPages:        382372 kB
Mapped:           302220 kB
Shmem:              5412 kB
KReclaimable:     255828 kB
Slab:             701412 kB
SReclaimable:     255828 kB
SUnreclaim:       445584 kB
KernelStack:       34096 kB
PageTables:        28968 kB
NFS_Unstable:          0 kB
Bounce:                0 kB
WritebackTmp:          0 kB
CommitLimit:    563754640 kB
Committed_AS:    7197148 kB
VmallocTotal:   34359738367 kB
VmallocUsed:      161804 kB
VmallocChunk:          0 kB
Percpu:           122752 kB
HardwareCorrupted:     0 kB
AnonHugePages:         0 kB
ShmemHugePages:        0 kB
ShmemPmdMapped:        0 kB
CmaTotal:              0 kB
CmaFree:               0 kB
HugePages_Total:       0
HugePages_Free:        0
HugePages_Rsvd:        0
HugePages_Surp:        0
Hugepagesize:       2048 kB
Hugetlb:               0 kB
DirectMap4k:     1140196 kB
DirectMap2M:     6684672 kB
DirectMap1G:    1181745152 kB
2024年 06月 30日 星期日 16:16:16 CST
pgmigrate_success 958846
pgmigrate_fail 98
pgmigrate_dst_node_full_fail 5239766
pgmigrate_numa_isolate_fail 489
pgmigrate_nomem_fail 2
pgmigrate_refcount_fail 923
thp_fault_alloc 4621
thp_fault_fallback 0
thp_collapse_alloc 17
thp_collapse_alloc_failed 3
thp_file_alloc 0
thp_file_mapped 0
thp_split_page 0
thp_split_page_failed 0
thp_deferred_split_page 4621
thp_split_pmd 257
thp_split_pud 0
thp_zero_page_alloc 0
thp_zero_page_alloc_failed 0
thp_swpout 0
thp_swpout_fallback 0
MemTotal:       1123314988 kB
MemFree:        1092662372 kB
MemAvailable:   1090358820 kB
Buffers:           72864 kB
Cached:           356040 kB
SwapCached:        59708 kB
Active:           400120 kB
Inactive:         435204 kB
Active(anon):     296872 kB
Inactive(anon):   115532 kB
Active(file):     103248 kB
Inactive(file):   319672 kB
Unevictable:           0 kB
Mlocked:               0 kB
SwapTotal:       2097148 kB
SwapFree:        1736188 kB
Dirty:                56 kB
Writeback:             0 kB
AnonPages:        387460 kB
Mapped:           302292 kB
Shmem:              5412 kB
KReclaimable:     293076 kB
Slab:             746648 kB
SReclaimable:     293076 kB
SUnreclaim:       453572 kB
KernelStack:       34320 kB
PageTables:        29240 kB
NFS_Unstable:          0 kB
Bounce:                0 kB
WritebackTmp:          0 kB
CommitLimit:    563754640 kB
Committed_AS:    6515672 kB
VmallocTotal:   34359738367 kB
VmallocUsed:      161740 kB
VmallocChunk:          0 kB
Percpu:           122752 kB
HardwareCorrupted:     0 kB
AnonHugePages:     36864 kB
ShmemHugePages:        0 kB
ShmemPmdMapped:        0 kB
CmaTotal:              0 kB
CmaFree:               0 kB
HugePages_Total:       0
HugePages_Free:        0
HugePages_Rsvd:        0
HugePages_Surp:        0
Hugepagesize:       2048 kB
Hugetlb:               0 kB
DirectMap4k:     1140196 kB
DirectMap2M:     6684672 kB
DirectMap1G:    1181745152 kB
