2024年 05月 18日 星期六 15:28:21 CST
pgmigrate_success 22134
pgmigrate_fail 3
pgmigrate_dst_node_full_fail 36449
pgmigrate_numa_isolate_fail 3
pgmigrate_nomem_fail 0
pgmigrate_refcount_fail 0
thp_fault_alloc 16854
thp_fault_fallback 0
thp_collapse_alloc 6
thp_collapse_alloc_failed 0
thp_file_alloc 0
thp_file_mapped 0
thp_split_page 0
thp_split_page_failed 0
thp_deferred_split_page 16854
thp_split_pmd 2
thp_split_pud 0
thp_zero_page_alloc 0
thp_zero_page_alloc_failed 0
thp_swpout 0
thp_swpout_fallback 0
MemTotal:       1104431468 kB
MemFree:        1073981864 kB
MemAvailable:   1071745388 kB
Buffers:            5220 kB
Cached:           361160 kB
SwapCached:          296 kB
Active:           433408 kB
Inactive:         498996 kB
Active(anon):     199644 kB
Inactive(anon):   372524 kB
Active(file):     233764 kB
Inactive(file):   126472 kB
Unevictable:           0 kB
Mlocked:               0 kB
SwapTotal:       2097148 kB
SwapFree:        2092284 kB
Dirty:               736 kB
Writeback:             0 kB
AnonPages:        566744 kB
Mapped:           356604 kB
Shmem:              5728 kB
KReclaimable:     222352 kB
Slab:             583716 kB
SReclaimable:     222352 kB
SUnreclaim:       361364 kB
KernelStack:       33104 kB
PageTables:        27632 kB
NFS_Unstable:          0 kB
Bounce:                0 kB
WritebackTmp:          0 kB
CommitLimit:    554312880 kB
Committed_AS:    6498076 kB
VmallocTotal:   34359738367 kB
VmallocUsed:      158460 kB
VmallocChunk:          0 kB
Percpu:           124992 kB
HardwareCorrupted:     0 kB
AnonHugePages:      6144 kB
ShmemHugePages:        0 kB
ShmemPmdMapped:        0 kB
CmaTotal:              0 kB
CmaFree:               0 kB
HugePages_Total:       0
HugePages_Free:        0
HugePages_Rsvd:        0
HugePages_Surp:        0
Hugepagesize:       2048 kB
Hugetlb:               0 kB
DirectMap4k:     1002984 kB
DirectMap2M:     8919040 kB
DirectMap1G:    1179648000 kB
2024年 05月 18日 星期六 15:29:24 CST
pgmigrate_success 33406
pgmigrate_fail 3
pgmigrate_dst_node_full_fail 81021
pgmigrate_numa_isolate_fail 3
pgmigrate_nomem_fail 0
pgmigrate_refcount_fail 0
thp_fault_alloc 33675
thp_fault_fallback 0
thp_collapse_alloc 9
thp_collapse_alloc_failed 0
thp_file_alloc 0
thp_file_mapped 0
thp_split_page 0
thp_split_page_failed 0
thp_deferred_split_page 33675
thp_split_pmd 2
thp_split_pud 0
thp_zero_page_alloc 0
thp_zero_page_alloc_failed 0
thp_swpout 0
thp_swpout_fallback 0
MemTotal:       1104431468 kB
MemFree:        1059248136 kB
MemAvailable:   1070626868 kB
Buffers:            9344 kB
Cached:         14996572 kB
SwapCached:          496 kB
Active:           342512 kB
Inactive:       15223972 kB
Active(anon):     112328 kB
Inactive(anon):   454396 kB
Active(file):     230184 kB
Inactive(file): 14769576 kB
Unevictable:           0 kB
Mlocked:               0 kB
SwapTotal:       2097148 kB
SwapFree:        2086908 kB
Dirty:                28 kB
Writeback:             0 kB
AnonPages:        560616 kB
Mapped:           326016 kB
Shmem:              5660 kB
KReclaimable:     292632 kB
Slab:             655552 kB
SReclaimable:     292632 kB
SUnreclaim:       362920 kB
KernelStack:       33456 kB
PageTables:        28004 kB
NFS_Unstable:          0 kB
Bounce:                0 kB
WritebackTmp:          0 kB
CommitLimit:    554312880 kB
Committed_AS:    6446792 kB
VmallocTotal:   34359738367 kB
VmallocUsed:      158460 kB
VmallocChunk:          0 kB
Percpu:           124992 kB
HardwareCorrupted:     0 kB
AnonHugePages:      6144 kB
ShmemHugePages:        0 kB
ShmemPmdMapped:        0 kB
CmaTotal:              0 kB
CmaFree:               0 kB
HugePages_Total:       0
HugePages_Free:        0
HugePages_Rsvd:        0
HugePages_Surp:        0
Hugepagesize:       2048 kB
Hugetlb:               0 kB
DirectMap4k:     1002984 kB
DirectMap2M:     8919040 kB
DirectMap1G:    1179648000 kB
