[    0.000000] Linux version 5.3.1-multiclock (xmu@xmu-PowerEdge-R750) (gcc version 7.5.0 (Ubuntu 7.5.0-3ubuntu1~18.04)) #1 SMP Wed Aug 9 20:46:02 CST 2023
[    0.000000] Command line: BOOT_IMAGE=/boot/vmlinuz-5.3.1-multiclock root=UUID=ce0c24b8-724b-4f33-9b2c-618433560aef ro memmap=42307!4096M memmap=59G!64G quiet splash nomodeset vt.handoff=1
[    0.000000] KERNEL supported cpus:
[    0.000000]   Intel GenuineIntel
[    0.000000]   AMD AuthenticAMD
[    0.000000]   Hygon HygonGenuine
[    0.000000]   Centaur CentaurHauls
[    0.000000]   zhaoxin   Shanghai  
[    0.000000] x86/fpu: Supporting XSAVE feature 0x001: 'x87 floating point registers'
[    0.000000] x86/fpu: Supporting XSAVE feature 0x002: 'SSE registers'
[    0.000000] x86/fpu: Supporting XSAVE feature 0x004: 'AVX registers'
[    0.000000] x86/fpu: Supporting XSAVE feature 0x020: 'AVX-512 opmask'
[    0.000000] x86/fpu: Supporting XSAVE feature 0x040: 'AVX-512 Hi256'
[    0.000000] x86/fpu: Supporting XSAVE feature 0x080: 'AVX-512 ZMM_Hi256'
[    0.000000] x86/fpu: Supporting XSAVE feature 0x200: 'Protection Keys User registers'
[    0.000000] x86/fpu: xstate_offset[2]:  576, xstate_sizes[2]:  256
[    0.000000] x86/fpu: xstate_offset[5]:  832, xstate_sizes[5]:   64
[    0.000000] x86/fpu: xstate_offset[6]:  896, xstate_sizes[6]:  512
[    0.000000] x86/fpu: xstate_offset[7]: 1408, xstate_sizes[7]: 1024
[    0.000000] x86/fpu: xstate_offset[9]: 2432, xstate_sizes[9]:    8
[    0.000000] x86/fpu: Enabled xstate features 0x2e7, context size is 2440 bytes, using 'compacted' format.
[    0.000000] BIOS-provided physical RAM map:
[    0.000000] BIOS-e820: [mem 0x0000000000000000-0x000000000008efff] usable
[    0.000000] BIOS-e820: [mem 0x000000000008f000-0x000000000008ffff] reserved
[    0.000000] BIOS-e820: [mem 0x0000000000090000-0x000000000009ffff] usable
[    0.000000] BIOS-e820: [mem 0x00000000000a0000-0x00000000000fffff] reserved
[    0.000000] BIOS-e820: [mem 0x0000000000100000-0x0000000049e76fff] usable
[    0.000000] BIOS-e820: [mem 0x0000000049e77000-0x000000004ae76fff] ACPI NVS
[    0.000000] BIOS-e820: [mem 0x000000004ae77000-0x000000004b2cefff] usable
[    0.000000] BIOS-e820: [mem 0x000000004b2cf000-0x000000004b54dfff] ACPI data
[    0.000000] BIOS-e820: [mem 0x000000004b54e000-0x000000004bd93fff] usable
[    0.000000] BIOS-e820: [mem 0x000000004bd94000-0x000000004be99fff] reserved
[    0.000000] BIOS-e820: [mem 0x000000004be9a000-0x000000004cdfffff] usable
[    0.000000] BIOS-e820: [mem 0x000000004ce00000-0x000000004cffffff] reserved
[    0.000000] BIOS-e820: [mem 0x000000004d000000-0x000000005eefdfff] usable
[    0.000000] BIOS-e820: [mem 0x000000005eefe000-0x000000006e3fefff] reserved
[    0.000000] BIOS-e820: [mem 0x000000006e3ff000-0x000000006f3fefff] ACPI NVS
[    0.000000] BIOS-e820: [mem 0x000000006f3ff000-0x000000006f7fefff] ACPI data
[    0.000000] BIOS-e820: [mem 0x000000006f7ff000-0x000000006f7fffff] usable
[    0.000000] BIOS-e820: [mem 0x000000006f800000-0x000000008fffffff] reserved
[    0.000000] BIOS-e820: [mem 0x00000000fe000000-0x00000000fe010fff] reserved
[    0.000000] BIOS-e820: [mem 0x0000000100000000-0x000000207fffffff] usable
[    0.000000] BIOS-e820: [mem 0x0000002080000000-0x0000011c7fffffff] persistent (type 7)
[    0.000000] BIOS-e820: [mem 0x00001ffc00000000-0x00001fffffffffff] reserved
[    0.000000] NX (Execute Disable) protection: active
[    0.000000] e820: update [mem 0x47c65020-0x47c6d05f] usable ==> usable
[    0.000000] e820: update [mem 0x47c65020-0x47c6d05f] usable ==> usable
[    0.000000] e820: update [mem 0x47c32020-0x47c64c5f] usable ==> usable
[    0.000000] e820: update [mem 0x47c32020-0x47c64c5f] usable ==> usable
[    0.000000] e820: update [mem 0x47bff020-0x47c31c5f] usable ==> usable
[    0.000000] e820: update [mem 0x47bff020-0x47c31c5f] usable ==> usable
[    0.000000] e820: update [mem 0x47bcd020-0x47bfea5f] usable ==> usable
[    0.000000] e820: update [mem 0x47bcd020-0x47bfea5f] usable ==> usable
[    0.000000] extended physical RAM map:
[    0.000000] reserve setup_data: [mem 0x0000000000000000-0x000000000008efff] usable
[    0.000000] reserve setup_data: [mem 0x000000000008f000-0x000000000008ffff] reserved
[    0.000000] reserve setup_data: [mem 0x0000000000090000-0x000000000009ffff] usable
[    0.000000] reserve setup_data: [mem 0x00000000000a0000-0x00000000000fffff] reserved
[    0.000000] reserve setup_data: [mem 0x0000000000100000-0x0000000047bcd01f] usable
[    0.000000] reserve setup_data: [mem 0x0000000047bcd020-0x0000000047bfea5f] usable
[    0.000000] reserve setup_data: [mem 0x0000000047bfea60-0x0000000047bff01f] usable
[    0.000000] reserve setup_data: [mem 0x0000000047bff020-0x0000000047c31c5f] usable
[    0.000000] reserve setup_data: [mem 0x0000000047c31c60-0x0000000047c3201f] usable
[    0.000000] reserve setup_data: [mem 0x0000000047c32020-0x0000000047c64c5f] usable
[    0.000000] reserve setup_data: [mem 0x0000000047c64c60-0x0000000047c6501f] usable
[    0.000000] reserve setup_data: [mem 0x0000000047c65020-0x0000000047c6d05f] usable
[    0.000000] reserve setup_data: [mem 0x0000000047c6d060-0x0000000049e76fff] usable
[    0.000000] reserve setup_data: [mem 0x0000000049e77000-0x000000004ae76fff] ACPI NVS
[    0.000000] reserve setup_data: [mem 0x000000004ae77000-0x000000004b2cefff] usable
[    0.000000] reserve setup_data: [mem 0x000000004b2cf000-0x000000004b54dfff] ACPI data
[    0.000000] reserve setup_data: [mem 0x000000004b54e000-0x000000004bd93fff] usable
[    0.000000] reserve setup_data: [mem 0x000000004bd94000-0x000000004be99fff] reserved
[    0.000000] reserve setup_data: [mem 0x000000004be9a000-0x000000004cdfffff] usable
[    0.000000] reserve setup_data: [mem 0x000000004ce00000-0x000000004cffffff] reserved
[    0.000000] reserve setup_data: [mem 0x000000004d000000-0x000000005eefdfff] usable
[    0.000000] reserve setup_data: [mem 0x000000005eefe000-0x000000006e3fefff] reserved
[    0.000000] reserve setup_data: [mem 0x000000006e3ff000-0x000000006f3fefff] ACPI NVS
[    0.000000] reserve setup_data: [mem 0x000000006f3ff000-0x000000006f7fefff] ACPI data
[    0.000000] reserve setup_data: [mem 0x000000006f7ff000-0x000000006f7fffff] usable
[    0.000000] reserve setup_data: [mem 0x000000006f800000-0x000000008fffffff] reserved
[    0.000000] reserve setup_data: [mem 0x00000000fe000000-0x00000000fe010fff] reserved
[    0.000000] reserve setup_data: [mem 0x0000000100000000-0x000000010000a542] persistent (type 12)
[    0.000000] reserve setup_data: [mem 0x000000010000a543-0x0000000fffffffff] usable
[    0.000000] reserve setup_data: [mem 0x0000001000000000-0x0000001ebfffffff] persistent (type 12)
[    0.000000] reserve setup_data: [mem 0x0000001ec0000000-0x000000207fffffff] usable
[    0.000000] reserve setup_data: [mem 0x0000002080000000-0x0000011c7fffffff] persistent (type 7)
[    0.000000] reserve setup_data: [mem 0x00001ffc00000000-0x00001fffffffffff] reserved
[    0.000000] user-defined physical RAM map:
[    0.000000] user: [mem 0x0000000000000000-0x000000000008efff] usable
[    0.000000] user: [mem 0x000000000008f000-0x000000000008ffff] reserved
[    0.000000] user: [mem 0x0000000000090000-0x000000000009ffff] usable
[    0.000000] user: [mem 0x00000000000a0000-0x00000000000fffff] reserved
[    0.000000] user: [mem 0x0000000000100000-0x0000000047bcd01f] usable
[    0.000000] user: [mem 0x0000000047bcd020-0x0000000047bfea5f] usable
[    0.000000] user: [mem 0x0000000047bfea60-0x0000000047bff01f] usable
[    0.000000] user: [mem 0x0000000047bff020-0x0000000047c31c5f] usable
[    0.000000] user: [mem 0x0000000047c31c60-0x0000000047c3201f] usable
[    0.000000] user: [mem 0x0000000047c32020-0x0000000047c64c5f] usable
[    0.000000] user: [mem 0x0000000047c64c60-0x0000000047c6501f] usable
[    0.000000] user: [mem 0x0000000047c65020-0x0000000047c6d05f] usable
[    0.000000] user: [mem 0x0000000047c6d060-0x0000000049e76fff] usable
[    0.000000] user: [mem 0x0000000049e77000-0x000000004ae76fff] ACPI NVS
[    0.000000] user: [mem 0x000000004ae77000-0x000000004b2cefff] usable
[    0.000000] user: [mem 0x000000004b2cf000-0x000000004b54dfff] ACPI data
[    0.000000] user: [mem 0x000000004b54e000-0x000000004bd93fff] usable
[    0.000000] user: [mem 0x000000004bd94000-0x000000004be99fff] reserved
[    0.000000] user: [mem 0x000000004be9a000-0x000000004cdfffff] usable
[    0.000000] user: [mem 0x000000004ce00000-0x000000004cffffff] reserved
[    0.000000] user: [mem 0x000000004d000000-0x000000005eefdfff] usable
[    0.000000] user: [mem 0x000000005eefe000-0x000000006e3fefff] reserved
[    0.000000] user: [mem 0x000000006e3ff000-0x000000006f3fefff] ACPI NVS
[    0.000000] user: [mem 0x000000006f3ff000-0x000000006f7fefff] ACPI data
[    0.000000] user: [mem 0x000000006f7ff000-0x000000006f7fffff] usable
[    0.000000] user: [mem 0x000000006f800000-0x000000008fffffff] reserved
[    0.000000] user: [mem 0x00000000fe000000-0x00000000fe010fff] reserved
[    0.000000] user: [mem 0x0000000100000000-0x000000010000a542] persistent (type 12)
[    0.000000] user: [mem 0x000000010000a543-0x0000000fffffffff] usable
[    0.000000] user: [mem 0x0000001000000000-0x0000001ebfffffff] persistent (type 12)
[    0.000000] user: [mem 0x0000001ec0000000-0x000000207fffffff] usable
[    0.000000] user: [mem 0x0000002080000000-0x0000011c7fffffff] persistent (type 7)
[    0.000000] user: [mem 0x00001ffc00000000-0x00001fffffffffff] reserved
[    0.000000] efi: EFI v2.70 by Dell Inc.
[    0.000000] efi:  ACPI=0x6f7fe000  ACPI 2.0=0x6f7fe014  MEMATTR=0x5a1f8020  SMBIOS=0x69526000  SMBIOS 3.0=0x69524000 
[    0.000000] SMBIOS 3.3.0 present.
[    0.000000] DMI: Dell Inc. PowerEdge R750/0K8F35, BIOS 1.10.2 03/03/2023
[    0.000000] tsc: Detected 2000.000 MHz processor
[    0.000010] e820: update [mem 0x00000000-0x00000fff] usable ==> reserved
[    0.000011] e820: remove [mem 0x000a0000-0x000fffff] usable
[    0.000019] last_pfn = 0x2080000 max_arch_pfn = 0x400000000
[    0.000022] MTRR default type: uncachable
[    0.000023] MTRR fixed ranges enabled:
[    0.000024]   00000-9FFFF write-back
[    0.000024]   A0000-BFFFF uncachable
[    0.000025]   C0000-FFFFF write-protect
[    0.000026] MTRR variable ranges enabled:
[    0.000027]   0 base 000000000000 mask 3E0000000000 write-back
[    0.000028]   1 base 000080000000 mask 3FFF80000000 uncachable
[    0.000028]   2 base 00007F000000 mask 3FFFFF000000 uncachable
[    0.000029]   3 disabled
[    0.000029]   4 disabled
[    0.000030]   5 disabled
[    0.000030]   6 disabled
[    0.000030]   7 disabled
[    0.000031]   8 disabled
[    0.000031]   9 disabled
[    0.000911] x86/PAT: Configuration [0-7]: WB  WC  UC- UC  WB  WP  UC- WT  
[    0.002022] total RAM covered: 2095088M
[    0.002107]  gran_size: 64K 	chunk_size: 64K 	num_reg: 10  	lose cover RAM: 2016G
[    0.002108]  gran_size: 64K 	chunk_size: 128K 	num_reg: 10  	lose cover RAM: 2016G
[    0.002109]  gran_size: 64K 	chunk_size: 256K 	num_reg: 10  	lose cover RAM: 2016G
[    0.002109]  gran_size: 64K 	chunk_size: 512K 	num_reg: 10  	lose cover RAM: 2016G
[    0.002110]  gran_size: 64K 	chunk_size: 1M 	num_reg: 10  	lose cover RAM: 2016G
[    0.002111]  gran_size: 64K 	chunk_size: 2M 	num_reg: 10  	lose cover RAM: 2016G
[    0.002112]  gran_size: 64K 	chunk_size: 4M 	num_reg: 10  	lose cover RAM: 2016G
[    0.002112]  gran_size: 64K 	chunk_size: 8M 	num_reg: 10  	lose cover RAM: 2016G
[    0.002113]  gran_size: 64K 	chunk_size: 16M 	num_reg: 10  	lose cover RAM: 2016G
[    0.002114]  gran_size: 64K 	chunk_size: 32M 	num_reg: 10  	lose cover RAM: 1024G
[    0.002114]  gran_size: 64K 	chunk_size: 64M 	num_reg: 10  	lose cover RAM: 1024G
[    0.002115]  gran_size: 64K 	chunk_size: 128M 	num_reg: 10  	lose cover RAM: 1024G
[    0.002116]  gran_size: 64K 	chunk_size: 256M 	num_reg: 10  	lose cover RAM: 1024G
[    0.002116]  gran_size: 64K 	chunk_size: 512M 	num_reg: 10  	lose cover RAM: 1024G
[    0.002117]  gran_size: 64K 	chunk_size: 1G 	num_reg: 10  	lose cover RAM: 1024G
[    0.002118]  gran_size: 64K 	chunk_size: 2G 	num_reg: 10  	lose cover RAM: 1024G
[    0.002118]  gran_size: 128K 	chunk_size: 128K 	num_reg: 10  	lose cover RAM: 2016G
[    0.002119]  gran_size: 128K 	chunk_size: 256K 	num_reg: 10  	lose cover RAM: 2016G
[    0.002120]  gran_size: 128K 	chunk_size: 512K 	num_reg: 10  	lose cover RAM: 2016G
[    0.002120]  gran_size: 128K 	chunk_size: 1M 	num_reg: 10  	lose cover RAM: 2016G
[    0.002121]  gran_size: 128K 	chunk_size: 2M 	num_reg: 10  	lose cover RAM: 2016G
[    0.002122]  gran_size: 128K 	chunk_size: 4M 	num_reg: 10  	lose cover RAM: 2016G
[    0.002122]  gran_size: 128K 	chunk_size: 8M 	num_reg: 10  	lose cover RAM: 2016G
[    0.002123]  gran_size: 128K 	chunk_size: 16M 	num_reg: 10  	lose cover RAM: 2016G
[    0.002124]  gran_size: 128K 	chunk_size: 32M 	num_reg: 10  	lose cover RAM: 1024G
[    0.002124]  gran_size: 128K 	chunk_size: 64M 	num_reg: 10  	lose cover RAM: 1024G
[    0.002125]  gran_size: 128K 	chunk_size: 128M 	num_reg: 10  	lose cover RAM: 1024G
[    0.002126]  gran_size: 128K 	chunk_size: 256M 	num_reg: 10  	lose cover RAM: 1024G
[    0.002126]  gran_size: 128K 	chunk_size: 512M 	num_reg: 10  	lose cover RAM: 1024G
[    0.002127]  gran_size: 128K 	chunk_size: 1G 	num_reg: 10  	lose cover RAM: 1024G
[    0.002128]  gran_size: 128K 	chunk_size: 2G 	num_reg: 10  	lose cover RAM: 1024G
[    0.002128]  gran_size: 256K 	chunk_size: 256K 	num_reg: 10  	lose cover RAM: 2016G
[    0.002129]  gran_size: 256K 	chunk_size: 512K 	num_reg: 10  	lose cover RAM: 2016G
[    0.002130]  gran_size: 256K 	chunk_size: 1M 	num_reg: 10  	lose cover RAM: 2016G
[    0.002130]  gran_size: 256K 	chunk_size: 2M 	num_reg: 10  	lose cover RAM: 2016G
[    0.002131]  gran_size: 256K 	chunk_size: 4M 	num_reg: 10  	lose cover RAM: 2016G
[    0.002132]  gran_size: 256K 	chunk_size: 8M 	num_reg: 10  	lose cover RAM: 2016G
[    0.002132]  gran_size: 256K 	chunk_size: 16M 	num_reg: 10  	lose cover RAM: 2016G
[    0.002133]  gran_size: 256K 	chunk_size: 32M 	num_reg: 10  	lose cover RAM: 1024G
[    0.002134]  gran_size: 256K 	chunk_size: 64M 	num_reg: 10  	lose cover RAM: 1024G
[    0.002134]  gran_size: 256K 	chunk_size: 128M 	num_reg: 10  	lose cover RAM: 1024G
[    0.002135]  gran_size: 256K 	chunk_size: 256M 	num_reg: 10  	lose cover RAM: 1024G
[    0.002136]  gran_size: 256K 	chunk_size: 512M 	num_reg: 10  	lose cover RAM: 1024G
[    0.002136]  gran_size: 256K 	chunk_size: 1G 	num_reg: 10  	lose cover RAM: 1024G
[    0.002137]  gran_size: 256K 	chunk_size: 2G 	num_reg: 10  	lose cover RAM: 1024G
[    0.002138]  gran_size: 512K 	chunk_size: 512K 	num_reg: 10  	lose cover RAM: 2016G
[    0.002138]  gran_size: 512K 	chunk_size: 1M 	num_reg: 10  	lose cover RAM: 2016G
[    0.002139]  gran_size: 512K 	chunk_size: 2M 	num_reg: 10  	lose cover RAM: 2016G
[    0.002140]  gran_size: 512K 	chunk_size: 4M 	num_reg: 10  	lose cover RAM: 2016G
[    0.002140]  gran_size: 512K 	chunk_size: 8M 	num_reg: 10  	lose cover RAM: 2016G
[    0.002141]  gran_size: 512K 	chunk_size: 16M 	num_reg: 10  	lose cover RAM: 2016G
[    0.002142]  gran_size: 512K 	chunk_size: 32M 	num_reg: 10  	lose cover RAM: 1024G
[    0.002142]  gran_size: 512K 	chunk_size: 64M 	num_reg: 10  	lose cover RAM: 1024G
[    0.002143]  gran_size: 512K 	chunk_size: 128M 	num_reg: 10  	lose cover RAM: 1024G
[    0.002144]  gran_size: 512K 	chunk_size: 256M 	num_reg: 10  	lose cover RAM: 1024G
[    0.002144]  gran_size: 512K 	chunk_size: 512M 	num_reg: 10  	lose cover RAM: 1024G
[    0.002145]  gran_size: 512K 	chunk_size: 1G 	num_reg: 10  	lose cover RAM: 1024G
[    0.002146]  gran_size: 512K 	chunk_size: 2G 	num_reg: 10  	lose cover RAM: 1024G
[    0.002146]  gran_size: 1M 	chunk_size: 1M 	num_reg: 10  	lose cover RAM: 2016G
[    0.002147]  gran_size: 1M 	chunk_size: 2M 	num_reg: 10  	lose cover RAM: 2016G
[    0.002148]  gran_size: 1M 	chunk_size: 4M 	num_reg: 10  	lose cover RAM: 2016G
[    0.002148]  gran_size: 1M 	chunk_size: 8M 	num_reg: 10  	lose cover RAM: 2016G
[    0.002149]  gran_size: 1M 	chunk_size: 16M 	num_reg: 10  	lose cover RAM: 2016G
[    0.002150]  gran_size: 1M 	chunk_size: 32M 	num_reg: 10  	lose cover RAM: 1024G
[    0.002150]  gran_size: 1M 	chunk_size: 64M 	num_reg: 10  	lose cover RAM: 1024G
[    0.002151]  gran_size: 1M 	chunk_size: 128M 	num_reg: 10  	lose cover RAM: 1024G
[    0.002152]  gran_size: 1M 	chunk_size: 256M 	num_reg: 10  	lose cover RAM: 1024G
[    0.002152]  gran_size: 1M 	chunk_size: 512M 	num_reg: 10  	lose cover RAM: 1024G
[    0.002153]  gran_size: 1M 	chunk_size: 1G 	num_reg: 10  	lose cover RAM: 1024G
[    0.002154]  gran_size: 1M 	chunk_size: 2G 	num_reg: 10  	lose cover RAM: 1024G
[    0.002154]  gran_size: 2M 	chunk_size: 2M 	num_reg: 10  	lose cover RAM: 2016G
[    0.002155]  gran_size: 2M 	chunk_size: 4M 	num_reg: 10  	lose cover RAM: 2016G
[    0.002156]  gran_size: 2M 	chunk_size: 8M 	num_reg: 10  	lose cover RAM: 2016G
[    0.002156]  gran_size: 2M 	chunk_size: 16M 	num_reg: 10  	lose cover RAM: 2016G
[    0.002157]  gran_size: 2M 	chunk_size: 32M 	num_reg: 10  	lose cover RAM: 1024G
[    0.002158]  gran_size: 2M 	chunk_size: 64M 	num_reg: 10  	lose cover RAM: 1024G
[    0.002158]  gran_size: 2M 	chunk_size: 128M 	num_reg: 10  	lose cover RAM: 1024G
[    0.002159]  gran_size: 2M 	chunk_size: 256M 	num_reg: 10  	lose cover RAM: 1024G
[    0.002160]  gran_size: 2M 	chunk_size: 512M 	num_reg: 10  	lose cover RAM: 1024G
[    0.002160]  gran_size: 2M 	chunk_size: 1G 	num_reg: 10  	lose cover RAM: 1024G
[    0.002161]  gran_size: 2M 	chunk_size: 2G 	num_reg: 10  	lose cover RAM: 1024G
[    0.002162]  gran_size: 4M 	chunk_size: 4M 	num_reg: 10  	lose cover RAM: 2016G
[    0.002162]  gran_size: 4M 	chunk_size: 8M 	num_reg: 10  	lose cover RAM: 2016G
[    0.002163]  gran_size: 4M 	chunk_size: 16M 	num_reg: 10  	lose cover RAM: 2016G
[    0.002164]  gran_size: 4M 	chunk_size: 32M 	num_reg: 10  	lose cover RAM: 1024G
[    0.002164]  gran_size: 4M 	chunk_size: 64M 	num_reg: 10  	lose cover RAM: 1024G
[    0.002165]  gran_size: 4M 	chunk_size: 128M 	num_reg: 10  	lose cover RAM: 1024G
[    0.002166]  gran_size: 4M 	chunk_size: 256M 	num_reg: 10  	lose cover RAM: 1024G
[    0.002166]  gran_size: 4M 	chunk_size: 512M 	num_reg: 10  	lose cover RAM: 1024G
[    0.002167]  gran_size: 4M 	chunk_size: 1G 	num_reg: 10  	lose cover RAM: 1024G
[    0.002168]  gran_size: 4M 	chunk_size: 2G 	num_reg: 10  	lose cover RAM: 1024G
[    0.002168]  gran_size: 8M 	chunk_size: 8M 	num_reg: 10  	lose cover RAM: 2016G
[    0.002169]  gran_size: 8M 	chunk_size: 16M 	num_reg: 10  	lose cover RAM: 2016G
[    0.002170]  gran_size: 8M 	chunk_size: 32M 	num_reg: 10  	lose cover RAM: 1024G
[    0.002170]  gran_size: 8M 	chunk_size: 64M 	num_reg: 10  	lose cover RAM: 1024G
[    0.002171]  gran_size: 8M 	chunk_size: 128M 	num_reg: 10  	lose cover RAM: 1024G
[    0.002172]  gran_size: 8M 	chunk_size: 256M 	num_reg: 10  	lose cover RAM: 1024G
[    0.002172]  gran_size: 8M 	chunk_size: 512M 	num_reg: 10  	lose cover RAM: 1024G
[    0.002173]  gran_size: 8M 	chunk_size: 1G 	num_reg: 10  	lose cover RAM: 1024G
[    0.002174]  gran_size: 8M 	chunk_size: 2G 	num_reg: 10  	lose cover RAM: 1024G
[    0.002174]  gran_size: 16M 	chunk_size: 16M 	num_reg: 10  	lose cover RAM: 2016G
[    0.002175]  gran_size: 16M 	chunk_size: 32M 	num_reg: 10  	lose cover RAM: 1024G
[    0.002176]  gran_size: 16M 	chunk_size: 64M 	num_reg: 10  	lose cover RAM: 1024G
[    0.002176]  gran_size: 16M 	chunk_size: 128M 	num_reg: 10  	lose cover RAM: 1024G
[    0.002177]  gran_size: 16M 	chunk_size: 256M 	num_reg: 10  	lose cover RAM: 1024G
[    0.002178]  gran_size: 16M 	chunk_size: 512M 	num_reg: 10  	lose cover RAM: 1024G
[    0.002178]  gran_size: 16M 	chunk_size: 1G 	num_reg: 10  	lose cover RAM: 1024G
[    0.002179]  gran_size: 16M 	chunk_size: 2G 	num_reg: 10  	lose cover RAM: 1024G
[    0.002180]  gran_size: 32M 	chunk_size: 32M 	num_reg: 10  	lose cover RAM: 2031632M
[    0.002181]  gran_size: 32M 	chunk_size: 64M 	num_reg: 10  	lose cover RAM: 1048592M
[    0.002181]  gran_size: 32M 	chunk_size: 128M 	num_reg: 10  	lose cover RAM: 1048592M
[    0.002182]  gran_size: 32M 	chunk_size: 256M 	num_reg: 10  	lose cover RAM: 1048592M
[    0.002183]  gran_size: 32M 	chunk_size: 512M 	num_reg: 10  	lose cover RAM: 1048592M
[    0.002183]  gran_size: 32M 	chunk_size: 1G 	num_reg: 10  	lose cover RAM: 1048592M
[    0.002184]  gran_size: 32M 	chunk_size: 2G 	num_reg: 10  	lose cover RAM: 1048592M
[    0.002185]  gran_size: 64M 	chunk_size: 64M 	num_reg: 10  	lose cover RAM: 1966128M
[    0.002185]  gran_size: 64M 	chunk_size: 128M 	num_reg: 10  	lose cover RAM: 1048624M
[    0.002186]  gran_size: 64M 	chunk_size: 256M 	num_reg: 10  	lose cover RAM: 1048624M
[    0.002187]  gran_size: 64M 	chunk_size: 512M 	num_reg: 10  	lose cover RAM: 1048624M
[    0.002187]  gran_size: 64M 	chunk_size: 1G 	num_reg: 10  	lose cover RAM: 1048624M
[    0.002188]  gran_size: 64M 	chunk_size: 2G 	num_reg: 10  	lose cover RAM: 1048624M
[    0.002189]  gran_size: 128M 	chunk_size: 128M 	num_reg: 10  	lose cover RAM: 1835120M
[    0.002189]  gran_size: 128M 	chunk_size: 256M 	num_reg: 10  	lose cover RAM: 1048688M
[    0.002190]  gran_size: 128M 	chunk_size: 512M 	num_reg: 10  	lose cover RAM: 1048688M
[    0.002191]  gran_size: 128M 	chunk_size: 1G 	num_reg: 10  	lose cover RAM: 1048688M
[    0.002191]  gran_size: 128M 	chunk_size: 2G 	num_reg: 10  	lose cover RAM: 1048688M
[    0.002192]  gran_size: 256M 	chunk_size: 256M 	num_reg: 10  	lose cover RAM: 1573104M
[    0.002193]  gran_size: 256M 	chunk_size: 512M 	num_reg: 10  	lose cover RAM: 1048816M
[    0.002193]  gran_size: 256M 	chunk_size: 1G 	num_reg: 10  	lose cover RAM: 1048816M
[    0.002194]  gran_size: 256M 	chunk_size: 2G 	num_reg: 10  	lose cover RAM: 1048816M
[    0.002195]  gran_size: 512M 	chunk_size: 512M 	num_reg: 10  	lose cover RAM: 1049072M
[    0.002195]  gran_size: 512M 	chunk_size: 1G 	num_reg: 10  	lose cover RAM: 1049072M
[    0.002196]  gran_size: 512M 	chunk_size: 2G 	num_reg: 10  	lose cover RAM: 1049072M
[    0.002197]  gran_size: 1G 	chunk_size: 1G 	num_reg: 10  	lose cover RAM: 1008M
[    0.002198]  gran_size: 1G 	chunk_size: 2G 	num_reg: 10  	lose cover RAM: 1008M
[    0.002199]  gran_size: 2G 	chunk_size: 2G 	num_reg: 9  	lose cover RAM: 2032M
[    0.002200] mtrr_cleanup: can not find optimal value
[    0.002200] please specify mtrr_gran_size/mtrr_chunk_size
[    0.002202] e820: update [mem 0x7f000000-0xffffffff] usable ==> reserved
[    0.002205] x2apic: enabled by BIOS, switching to x2apic ops
[    0.002205] last_pfn = 0x6f800 max_arch_pfn = 0x400000000
[    0.013610] check: Scanning 1 areas for low memory corruption
[    0.013614] Using GB pages for direct mapping
[    0.013616] BRK [0x1fadc01000, 0x1fadc01fff] PGTABLE
[    0.013618] BRK [0x1fadc02000, 0x1fadc02fff] PGTABLE
[    0.013618] BRK [0x1fadc03000, 0x1fadc03fff] PGTABLE
[    0.013680] BRK [0x1fadc04000, 0x1fadc04fff] PGTABLE
[    0.013882] BRK [0x1fadc05000, 0x1fadc05fff] PGTABLE
[    0.013963] BRK [0x1fadc06000, 0x1fadc06fff] PGTABLE
[    0.014090] BRK [0x1fadc07000, 0x1fadc07fff] PGTABLE
[    0.014249] BRK [0x1fadc08000, 0x1fadc08fff] PGTABLE
[    0.014365] BRK [0x1fadc09000, 0x1fadc09fff] PGTABLE
[    0.014522] BRK [0x1fadc0a000, 0x1fadc0afff] PGTABLE
[    0.014618] BRK [0x1fadc0b000, 0x1fadc0bfff] PGTABLE
[    0.014852] BRK [0x1fadc0c000, 0x1fadc0cfff] PGTABLE
[    0.015259] Secure boot disabled
[    0.015259] RAMDISK: [mem 0x2065920000-0x207fffffff]
[    0.015266] ACPI: Early table checksum verification disabled
[    0.015268] ACPI: RSDP 0x000000006F7FE014 000024 (v02 DELL  )
[    0.015271] ACPI: XSDT 0x000000006F41C188 0000F4 (v01 DELL   PE_SC3   00000000 DELL 01000013)
[    0.015275] ACPI: FACP 0x000000006F430000 000114 (v06 DELL   PE_SC3   00000000 DELL 00000001)
[    0.015280] ACPI: DSDT 0x000000004B4CE000 07FAD3 (v02 DELL   PE_SC3   00000003 DELL 00000001)
[    0.015282] ACPI: FACS 0x000000006F2F2000 000040
[    0.015285] ACPI: SSDT 0x000000006F7FB000 00159A (v02 INTEL  RAS_ACPI 00000001 INTL 20210331)
[    0.015288] ACPI: SSDT 0x000000006F7FA000 000745 (v02 INTEL  ADDRXLAT 00000001 INTL 20210331)
[    0.015291] ACPI: MCEJ 0x000000006F7F9000 000130 (v01 INTEL           00000001 INTL 0100000D)
[    0.015293] ACPI: BERT 0x000000006F7F8000 000030 (v01 DELL   PE_SC3   00000001 INTL 00000001)
[    0.015296] ACPI: ERST 0x000000006F7F7000 000230 (v01 DELL   PE_SC3   00000001 INTL 00000001)
[    0.015298] ACPI: SSDT 0x000000006F431000 3C524E (v02 INTEL  SSDTNVDR 00001000 INTL 20210331)
[    0.015301] ACPI: HMAT 0x000000006F42F000 000210 (v01 DELL   PE_SC3   00000001 DELL 00000001)
[    0.015304] ACPI: HPET 0x000000006F42E000 000038 (v01 DELL   PE_SC3   00000001 DELL 00000001)
[    0.015306] ACPI: MCFG 0x000000006F42D000 00003C (v01 DELL   PE_SC3   00000001 DELL 00000001)
[    0.015309] ACPI: MIGT 0x000000006F42C000 000040 (v01 DELL   PE_SC3   00000000 DELL 00000001)
[    0.015311] ACPI: MSCT 0x000000006F42B000 000090 (v01 DELL   PE_SC3   00000001 DELL 00000001)
[    0.015314] ACPI: PMTT 0x000000006F429000 0011E8 (v02 DELL   PE_SC3   00000001 DELL 00000001)
[    0.015316] ACPI: WSMT 0x000000006F428000 000028 (v01 DELL   PE_SC3   00000000 DELL 00000001)
[    0.015319] ACPI: APIC 0x000000006F427000 00075E (v04 DELL   PE_SC3   00000000 DELL 00000001)
[    0.015321] ACPI: SLIT 0x000000006F426000 00003C (v01 DELL   PE_SC3   00000001 DELL 01000013)
[    0.015324] ACPI: SRAT 0x000000006F41F000 006430 (v03 DELL   PE_SC3   00000002 DELL 01000013)
[    0.015326] ACPI: OEM4 0x000000004B346000 187A61 (v02 INTEL  CPU  CST 00003000 INTL 20210331)
[    0.015329] ACPI: SSDT 0x000000004B2CF000 0764A5 (v02 INTEL  SSDT  PM 00004000 INTL 20210331)
[    0.015332] ACPI: SSDT 0x000000006F41E000 000A1F (v02 DELL   PE_SC3   00000000 DELL 00000001)
[    0.015334] ACPI: HEST 0x000000006F41D000 00017C (v01 DELL   PE_SC3   00000001 INTL 00000001)
[    0.015337] ACPI: PCAT 0x000000006F41B000 00010C (v19 DELL   PE_SC3   00000002 DELL 00000001)
[    0.015339] ACPI: SSDT 0x000000006F413000 007299 (v02 INTEL  SpsNm    00000002 INTL 20210331)
[    0.015342] ACPI: SSDT 0x000000006F412000 000426 (v02 DELL   PE_SC3   00000002 DELL 00000001)
[    0.015345] ACPI: NFIT 0x000000006F7FD000 000488 (v01 DELL   PE_SC3   00000002 DELL 00000001)
[    0.015347] ACPI: DMAR 0x000000006F411000 000158 (v01 DELL   PE_SC3   00000001 DELL 00000001)
[    0.015354] ACPI: Local APIC address 0xfee00000
[    0.015356] Setting APIC routing to cluster x2apic.
[    0.015402] SRAT: PXM 0 -> APIC 0x0000 -> Node 0
[    0.015403] SRAT: PXM 0 -> APIC 0x0001 -> Node 0
[    0.015403] SRAT: PXM 0 -> APIC 0x0002 -> Node 0
[    0.015404] SRAT: PXM 0 -> APIC 0x0003 -> Node 0
[    0.015404] SRAT: PXM 0 -> APIC 0x0004 -> Node 0
[    0.015405] SRAT: PXM 0 -> APIC 0x0005 -> Node 0
[    0.015405] SRAT: PXM 0 -> APIC 0x0006 -> Node 0
[    0.015405] SRAT: PXM 0 -> APIC 0x0007 -> Node 0
[    0.015406] SRAT: PXM 0 -> APIC 0x0008 -> Node 0
[    0.015406] SRAT: PXM 0 -> APIC 0x0009 -> Node 0
[    0.015407] SRAT: PXM 0 -> APIC 0x000a -> Node 0
[    0.015407] SRAT: PXM 0 -> APIC 0x000b -> Node 0
[    0.015407] SRAT: PXM 0 -> APIC 0x000c -> Node 0
[    0.015408] SRAT: PXM 0 -> APIC 0x000d -> Node 0
[    0.015408] SRAT: PXM 0 -> APIC 0x000e -> Node 0
[    0.015409] SRAT: PXM 0 -> APIC 0x000f -> Node 0
[    0.015409] SRAT: PXM 0 -> APIC 0x0010 -> Node 0
[    0.015410] SRAT: PXM 0 -> APIC 0x0011 -> Node 0
[    0.015410] SRAT: PXM 0 -> APIC 0x0012 -> Node 0
[    0.015410] SRAT: PXM 0 -> APIC 0x0013 -> Node 0
[    0.015411] SRAT: PXM 0 -> APIC 0x0014 -> Node 0
[    0.015411] SRAT: PXM 0 -> APIC 0x0015 -> Node 0
[    0.015412] SRAT: PXM 0 -> APIC 0x0016 -> Node 0
[    0.015412] SRAT: PXM 0 -> APIC 0x0017 -> Node 0
[    0.015412] SRAT: PXM 0 -> APIC 0x0018 -> Node 0
[    0.015413] SRAT: PXM 0 -> APIC 0x0019 -> Node 0
[    0.015413] SRAT: PXM 0 -> APIC 0x001a -> Node 0
[    0.015414] SRAT: PXM 0 -> APIC 0x001b -> Node 0
[    0.015414] SRAT: PXM 0 -> APIC 0x001c -> Node 0
[    0.015414] SRAT: PXM 0 -> APIC 0x001d -> Node 0
[    0.015415] SRAT: PXM 0 -> APIC 0x001e -> Node 0
[    0.015415] SRAT: PXM 0 -> APIC 0x001f -> Node 0
[    0.015416] SRAT: PXM 0 -> APIC 0x0020 -> Node 0
[    0.015416] SRAT: PXM 0 -> APIC 0x0021 -> Node 0
[    0.015417] SRAT: PXM 0 -> APIC 0x0022 -> Node 0
[    0.015417] SRAT: PXM 0 -> APIC 0x0023 -> Node 0
[    0.015417] SRAT: PXM 0 -> APIC 0x0024 -> Node 0
[    0.015418] SRAT: PXM 0 -> APIC 0x0025 -> Node 0
[    0.015418] SRAT: PXM 0 -> APIC 0x0026 -> Node 0
[    0.015419] SRAT: PXM 0 -> APIC 0x0027 -> Node 0
[    0.015419] SRAT: PXM 0 -> APIC 0x0028 -> Node 0
[    0.015419] SRAT: PXM 0 -> APIC 0x0029 -> Node 0
[    0.015420] SRAT: PXM 0 -> APIC 0x002a -> Node 0
[    0.015420] SRAT: PXM 0 -> APIC 0x002b -> Node 0
[    0.015421] SRAT: PXM 0 -> APIC 0x002c -> Node 0
[    0.015421] SRAT: PXM 0 -> APIC 0x002d -> Node 0
[    0.015422] SRAT: PXM 0 -> APIC 0x002e -> Node 0
[    0.015422] SRAT: PXM 0 -> APIC 0x002f -> Node 0
[    0.015422] SRAT: PXM 0 -> APIC 0x0030 -> Node 0
[    0.015423] SRAT: PXM 0 -> APIC 0x0031 -> Node 0
[    0.015423] SRAT: PXM 0 -> APIC 0x0032 -> Node 0
[    0.015424] SRAT: PXM 0 -> APIC 0x0033 -> Node 0
[    0.015424] SRAT: PXM 0 -> APIC 0x0034 -> Node 0
[    0.015424] SRAT: PXM 0 -> APIC 0x0035 -> Node 0
[    0.015425] SRAT: PXM 0 -> APIC 0x0036 -> Node 0
[    0.015425] SRAT: PXM 0 -> APIC 0x0037 -> Node 0
[    0.015426] SRAT: PXM 1 -> APIC 0x0080 -> Node 1
[    0.015426] SRAT: PXM 1 -> APIC 0x0081 -> Node 1
[    0.015427] SRAT: PXM 1 -> APIC 0x0082 -> Node 1
[    0.015427] SRAT: PXM 1 -> APIC 0x0083 -> Node 1
[    0.015427] SRAT: PXM 1 -> APIC 0x0084 -> Node 1
[    0.015428] SRAT: PXM 1 -> APIC 0x0085 -> Node 1
[    0.015428] SRAT: PXM 1 -> APIC 0x0086 -> Node 1
[    0.015429] SRAT: PXM 1 -> APIC 0x0087 -> Node 1
[    0.015429] SRAT: PXM 1 -> APIC 0x0088 -> Node 1
[    0.015430] SRAT: PXM 1 -> APIC 0x0089 -> Node 1
[    0.015430] SRAT: PXM 1 -> APIC 0x008a -> Node 1
[    0.015430] SRAT: PXM 1 -> APIC 0x008b -> Node 1
[    0.015431] SRAT: PXM 1 -> APIC 0x008c -> Node 1
[    0.015431] SRAT: PXM 1 -> APIC 0x008d -> Node 1
[    0.015432] SRAT: PXM 1 -> APIC 0x008e -> Node 1
[    0.015432] SRAT: PXM 1 -> APIC 0x008f -> Node 1
[    0.015432] SRAT: PXM 1 -> APIC 0x0090 -> Node 1
[    0.015433] SRAT: PXM 1 -> APIC 0x0091 -> Node 1
[    0.015433] SRAT: PXM 1 -> APIC 0x0092 -> Node 1
[    0.015434] SRAT: PXM 1 -> APIC 0x0093 -> Node 1
[    0.015434] SRAT: PXM 1 -> APIC 0x0094 -> Node 1
[    0.015434] SRAT: PXM 1 -> APIC 0x0095 -> Node 1
[    0.015435] SRAT: PXM 1 -> APIC 0x0096 -> Node 1
[    0.015435] SRAT: PXM 1 -> APIC 0x0097 -> Node 1
[    0.015436] SRAT: PXM 1 -> APIC 0x0098 -> Node 1
[    0.015436] SRAT: PXM 1 -> APIC 0x0099 -> Node 1
[    0.015436] SRAT: PXM 1 -> APIC 0x009a -> Node 1
[    0.015437] SRAT: PXM 1 -> APIC 0x009b -> Node 1
[    0.015437] SRAT: PXM 1 -> APIC 0x009c -> Node 1
[    0.015438] SRAT: PXM 1 -> APIC 0x009d -> Node 1
[    0.015438] SRAT: PXM 1 -> APIC 0x009e -> Node 1
[    0.015439] SRAT: PXM 1 -> APIC 0x009f -> Node 1
[    0.015439] SRAT: PXM 1 -> APIC 0x00a0 -> Node 1
[    0.015439] SRAT: PXM 1 -> APIC 0x00a1 -> Node 1
[    0.015440] SRAT: PXM 1 -> APIC 0x00a2 -> Node 1
[    0.015440] SRAT: PXM 1 -> APIC 0x00a3 -> Node 1
[    0.015441] SRAT: PXM 1 -> APIC 0x00a4 -> Node 1
[    0.015441] SRAT: PXM 1 -> APIC 0x00a5 -> Node 1
[    0.015441] SRAT: PXM 1 -> APIC 0x00a6 -> Node 1
[    0.015442] SRAT: PXM 1 -> APIC 0x00a7 -> Node 1
[    0.015442] SRAT: PXM 1 -> APIC 0x00a8 -> Node 1
[    0.015443] SRAT: PXM 1 -> APIC 0x00a9 -> Node 1
[    0.015443] SRAT: PXM 1 -> APIC 0x00aa -> Node 1
[    0.015443] SRAT: PXM 1 -> APIC 0x00ab -> Node 1
[    0.015444] SRAT: PXM 1 -> APIC 0x00ac -> Node 1
[    0.015444] SRAT: PXM 1 -> APIC 0x00ad -> Node 1
[    0.015445] SRAT: PXM 1 -> APIC 0x00ae -> Node 1
[    0.015445] SRAT: PXM 1 -> APIC 0x00af -> Node 1
[    0.015445] SRAT: PXM 1 -> APIC 0x00b0 -> Node 1
[    0.015446] SRAT: PXM 1 -> APIC 0x00b1 -> Node 1
[    0.015446] SRAT: PXM 1 -> APIC 0x00b2 -> Node 1
[    0.015447] SRAT: PXM 1 -> APIC 0x00b3 -> Node 1
[    0.015447] SRAT: PXM 1 -> APIC 0x00b4 -> Node 1
[    0.015447] SRAT: PXM 1 -> APIC 0x00b5 -> Node 1
[    0.015448] SRAT: PXM 1 -> APIC 0x00b6 -> Node 1
[    0.015448] SRAT: PXM 1 -> APIC 0x00b7 -> Node 1
[    0.015461] ACPI: SRAT: Node 0 PXM 0 [mem 0x00000000-0x7fffffff]
[    0.015462] ACPI: SRAT: Node 0 PXM 0 [mem 0x100000000-0x107fffffff]
[    0.015463] ACPI: SRAT: Node 2 PXM 2 [mem 0x2080000000-0x9e7fffffff] non-volatile
[    0.015463] ACPI: SRAT: Node 1 PXM 1 [mem 0x1080000000-0x207fffffff]
[    0.015464] ACPI: SRAT: Node 3 PXM 3 [mem 0x9e80000000-0x11c7fffffff] non-volatile
[    0.015473] NUMA: Initialized distance table, cnt=4
[    0.015475] NUMA: Node 0 [mem 0x00000000-0x7fffffff] + [mem 0x100000000-0x107fffffff] -> [mem 0x00000000-0x107fffffff]
[    0.015484] NODE_DATA(0) allocated [mem 0xffffd5000-0xfffffffff]
[    0.015500] NODE_DATA(1) allocated [mem 0x20658f1000-0x206591bfff]
[    0.015676] Zone ranges:
[    0.015677]   DMA      [mem 0x0000000000001000-0x0000000000ffffff]
[    0.015678]   DMA32    [mem 0x0000000001000000-0x00000000ffffffff]
[    0.015678]   Normal   [mem 0x0000000100000000-0x000000207fffffff]
[    0.015679]   Device   empty
[    0.015680] Movable zone start for each node
[    0.015683] Early memory node ranges
[    0.015684]   node   0: [mem 0x0000000000001000-0x000000000008efff]
[    0.015685]   node   0: [mem 0x0000000000090000-0x000000000009ffff]
[    0.015685]   node   0: [mem 0x0000000000100000-0x0000000049e76fff]
[    0.015686]   node   0: [mem 0x000000004ae77000-0x000000004b2cefff]
[    0.015686]   node   0: [mem 0x000000004b54e000-0x000000004bd93fff]
[    0.015687]   node   0: [mem 0x000000004be9a000-0x000000004cdfffff]
[    0.015687]   node   0: [mem 0x000000004d000000-0x000000005eefdfff]
[    0.015688]   node   0: [mem 0x000000006f7ff000-0x000000006f7fffff]
[    0.015688]   node   0: [mem 0x000000010000b000-0x0000000fffffffff]
[    0.015692]   node   1: [mem 0x0000001ec0000000-0x000000207fffffff]
[    0.016093] Zeroed struct page in unavailable ranges: 42739 pages
[    0.016094] Initmem setup node 0 [mem 0x0000000000001000-0x0000000fffffffff]
[    0.016096] On node 0 totalpages: 16111885
[    0.016097]   DMA zone: 64 pages used for memmap
[    0.016097]   DMA zone: 1102 pages reserved
[    0.016098]   DMA zone: 3998 pages, LIFO batch:0
[    0.016141]   DMA32 zone: 5926 pages used for memmap
[    0.016141]   DMA32 zone: 379258 pages, LIFO batch:63
[    0.022116]   Normal zone: 245760 pages used for memmap
[    0.022118]   Normal zone: 15728629 pages, LIFO batch:63
[    0.157352] Initmem setup node 1 [mem 0x0000001ec0000000-0x000000207fffffff]
[    0.157354] On node 1 totalpages: 1835008
[    0.157355]   Normal zone: 28672 pages used for memmap
[    0.157356]   Normal zone: 1835008 pages, LIFO batch:63
[    0.177355] ACPI: PM-Timer IO Port: 0x508
[    0.177359] ACPI: Local APIC address 0xfee00000
[    0.177376] ACPI: X2APIC_NMI (uid[0xffffffff] high edge lint[0x1])
[    0.177379] ACPI: LAPIC_NMI (acpi_id[0xff] high edge lint[0x1])
[    0.177399] IOAPIC[0]: apic_id 8, version 32, address 0xfec00000, GSI 0-119
[    0.177401] ACPI: INT_SRC_OVR (bus 0 bus_irq 0 global_irq 2 dfl dfl)
[    0.177403] ACPI: INT_SRC_OVR (bus 0 bus_irq 9 global_irq 9 high level)
[    0.177404] ACPI: IRQ0 used by override.
[    0.177405] ACPI: IRQ9 used by override.
[    0.177408] Using ACPI (MADT) for SMP configuration information
[    0.177409] ACPI: HPET id: 0x8086a701 base: 0xfed00000
[    0.177415] smpboot: Allowing 112 CPUs, 0 hotplug CPUs
[    0.177441] PM: Registered nosave memory: [mem 0x00000000-0x00000fff]
[    0.177443] PM: Registered nosave memory: [mem 0x0008f000-0x0008ffff]
[    0.177444] PM: Registered nosave memory: [mem 0x000a0000-0x000fffff]
[    0.177446] PM: Registered nosave memory: [mem 0x47bcd000-0x47bcdfff]
[    0.177447] PM: Registered nosave memory: [mem 0x47bfe000-0x47bfefff]
[    0.177448] PM: Registered nosave memory: [mem 0x47bff000-0x47bfffff]
[    0.177449] PM: Registered nosave memory: [mem 0x47c31000-0x47c31fff]
[    0.177450] PM: Registered nosave memory: [mem 0x47c32000-0x47c32fff]
[    0.177451] PM: Registered nosave memory: [mem 0x47c64000-0x47c64fff]
[    0.177452] PM: Registered nosave memory: [mem 0x47c65000-0x47c65fff]
[    0.177453] PM: Registered nosave memory: [mem 0x47c6d000-0x47c6dfff]
[    0.177455] PM: Registered nosave memory: [mem 0x49e77000-0x4ae76fff]
[    0.177457] PM: Registered nosave memory: [mem 0x4b2cf000-0x4b54dfff]
[    0.177458] PM: Registered nosave memory: [mem 0x4bd94000-0x4be99fff]
[    0.177459] PM: Registered nosave memory: [mem 0x4ce00000-0x4cffffff]
[    0.177461] PM: Registered nosave memory: [mem 0x5eefe000-0x6e3fefff]
[    0.177461] PM: Registered nosave memory: [mem 0x6e3ff000-0x6f3fefff]
[    0.177462] PM: Registered nosave memory: [mem 0x6f3ff000-0x6f7fefff]
[    0.177463] PM: Registered nosave memory: [mem 0x6f800000-0x8fffffff]
[    0.177464] PM: Registered nosave memory: [mem 0x90000000-0xfdffffff]
[    0.177464] PM: Registered nosave memory: [mem 0xfe000000-0xfe010fff]
[    0.177465] PM: Registered nosave memory: [mem 0xfe011000-0xffffffff]
[    0.177465] PM: Registered nosave memory: [mem 0x100000000-0x100009fff]
[    0.177466] PM: Registered nosave memory: [mem 0x10000a000-0x10000afff]
[    0.177467] PM: Registered nosave memory: [mem 0x1000000000-0x1ebfffffff]
[    0.177469] [mem 0x90000000-0xfdffffff] available for PCI devices
[    0.177470] Booting paravirtualized kernel on bare hardware
[    0.177474] clocksource: refined-jiffies: mask: 0xffffffff max_cycles: 0xffffffff, max_idle_ns: 7645519600211568 ns
[    0.177481] setup_percpu: NR_CPUS:8192 nr_cpumask_bits:112 nr_cpu_ids:112 nr_node_ids:4
[    0.182079] percpu: Embedded 55 pages/cpu s188416 r8192 d28672 u262144
[    0.182089] pcpu-alloc: s188416 r8192 d28672 u262144 alloc=1*2097152
[    0.182090] pcpu-alloc: [0] 000 002 004 006 008 010 012 014 
[    0.182093] pcpu-alloc: [0] 016 018 020 022 024 026 028 030 
[    0.182094] pcpu-alloc: [0] 032 034 036 038 040 042 044 046 
[    0.182095] pcpu-alloc: [0] 048 050 052 054 056 058 060 062 
[    0.182097] pcpu-alloc: [0] 064 066 068 070 072 074 076 078 
[    0.182098] pcpu-alloc: [0] 080 082 084 086 088 090 092 094 
[    0.182100] pcpu-alloc: [0] 096 098 100 102 104 106 108 110 
[    0.182101] pcpu-alloc: [1] 001 003 005 007 009 011 013 015 
[    0.182103] pcpu-alloc: [1] 017 019 021 023 025 027 029 031 
[    0.182104] pcpu-alloc: [1] 033 035 037 039 041 043 045 047 
[    0.182105] pcpu-alloc: [1] 049 051 053 055 057 059 061 063 
[    0.182107] pcpu-alloc: [1] 065 067 069 071 073 075 077 079 
[    0.182108] pcpu-alloc: [1] 081 083 085 087 089 091 093 095 
[    0.182109] pcpu-alloc: [1] 097 099 101 103 105 107 109 111 
[    0.182155] Built 2 zonelists, mobility grouping on.  Total pages: 17665369
[    0.182156] Policy zone: Normal
[    0.182158] Kernel command line: BOOT_IMAGE=/boot/vmlinuz-5.3.1-multiclock root=UUID=ce0c24b8-724b-4f33-9b2c-618433560aef ro memmap=42307!4096M memmap=59G!64G quiet splash nomodeset vt.handoff=1
[    0.182269] You have booted with nomodeset. This means your GPU drivers are DISABLED
[    0.182270] Any video related functionality will be severely degraded, and you may not even be able to suspend the system properly
[    0.182270] Unless you actually understand what nomodeset does, you should reboot without enabling it
[    0.182288] printk: log_buf_len individual max cpu contribution: 4096 bytes
[    0.182288] printk: log_buf_len total cpu_extra contributions: 454656 bytes
[    0.182289] printk: log_buf_len min size: 262144 bytes
[    0.182448] printk: log_buf_len: 1048576 bytes
[    0.182449] printk: early log buf free: 221712(84%)
[    0.183956] mem auto-init: stack:off, heap alloc:on, heap free:off
[    0.189911] Calgary: detecting Calgary via BIOS EBDA area
[    0.189912] Calgary: Unable to locate Rio Grande table in EBDA - bailing!
[    0.335881] Memory: 69976812K/71787572K available (14339K kernel code, 2373K rwdata, 4660K rodata, 2680K init, 5056K bss, 1810760K reserved, 0K cma-reserved)
[    0.336513] SLUB: HWalign=64, Order=0-3, MinObjects=0, CPUs=112, Nodes=4
[    0.336545] ftrace: allocating 43047 entries in 169 pages
[    0.353498] rcu: Hierarchical RCU implementation.
[    0.353499] rcu: 	RCU restricting CPUs from NR_CPUS=8192 to nr_cpu_ids=112.
[    0.353500] 	Tasks RCU enabled.
[    0.353501] rcu: RCU calculated value of scheduler-enlistment delay is 25 jiffies.
[    0.353502] rcu: Adjusting geometry for rcu_fanout_leaf=16, nr_cpu_ids=112
[    0.356164] NR_IRQS: 524544, nr_irqs: 2952, preallocated irqs: 16
[    0.356605] random: crng done (trusting CPU's manufacturer)
[    0.356784] Console: colour dummy device 80x25
[    0.356800] printk: console [tty0] enabled
[    0.356890] mempolicy: Enabling automatic NUMA balancing. Configure with numa_balancing= or the kernel.numa_balancing sysctl
[    0.356893] ACPI: Core revision 20190703
[    0.360282] clocksource: hpet: mask: 0xffffffff max_cycles: 0xffffffff, max_idle_ns: 79635855245 ns
[    0.360327] APIC: Switch to symmetric I/O mode setup
[    0.360329] DMAR: Host address width 46
[    0.360330] DMAR: DRHD base: 0x000000d0ffc000 flags: 0x0
[    0.360334] DMAR: dmar0: reg_base_addr d0ffc000 ver 4:0 cap 8ed008c40780466 ecap 60000f050df
[    0.360335] DMAR: DRHD base: 0x000000dbbfc000 flags: 0x0
[    0.360338] DMAR: dmar1: reg_base_addr dbbfc000 ver 4:0 cap 8ed008c40780466 ecap 60000f050df
[    0.360339] DMAR: DRHD base: 0x000000e67fc000 flags: 0x0
[    0.360342] DMAR: dmar2: reg_base_addr e67fc000 ver 4:0 cap 8ed008c40780466 ecap 60000f050df
[    0.360343] DMAR: DRHD base: 0x000000f13fc000 flags: 0x0
[    0.360346] DMAR: dmar3: reg_base_addr f13fc000 ver 4:0 cap 8ed008c40780466 ecap 60000f050df
[    0.360347] DMAR: DRHD base: 0x000000fb7fc000 flags: 0x0
[    0.360350] DMAR: dmar4: reg_base_addr fb7fc000 ver 4:0 cap 8ed008c40780466 ecap 60000f050df
[    0.360351] DMAR: DRHD base: 0x000000a63fc000 flags: 0x0
[    0.360353] DMAR: dmar5: reg_base_addr a63fc000 ver 4:0 cap 8ed008c40780466 ecap 60000f050df
[    0.360354] DMAR: DRHD base: 0x000000b0ffc000 flags: 0x0
[    0.360357] DMAR: dmar6: reg_base_addr b0ffc000 ver 4:0 cap 8ed008c40780466 ecap 60000f050df
[    0.360357] DMAR: DRHD base: 0x000000bbbfc000 flags: 0x0
[    0.360362] DMAR: dmar7: reg_base_addr bbbfc000 ver 4:0 cap 8ed008c40780466 ecap 60000f050df
[    0.360362] DMAR: DRHD base: 0x000000c5ffc000 flags: 0x0
[    0.360365] DMAR: dmar8: reg_base_addr c5ffc000 ver 4:0 cap 8ed008c40780466 ecap 60000f050df
[    0.360366] DMAR: DRHD base: 0x0000009b7fc000 flags: 0x1
[    0.360368] DMAR: dmar9: reg_base_addr 9b7fc000 ver 4:0 cap 8ed008c40780466 ecap 60000f050df
[    0.360369] DMAR: RMRR base: 0x00000069427000 end: 0x00000069429fff
[    0.360370] DMAR: ATSR flags: 0x0
[    0.360372] DMAR-IR: IOAPIC id 8 under DRHD base  0x9b7fc000 IOMMU 9
[    0.360372] DMAR-IR: HPET id 0 under DRHD base 0x9b7fc000
[    0.360373] DMAR-IR: Queued invalidation will be enabled to support x2apic and Intr-remapping.
[    0.362823] DMAR-IR: Enabled IRQ remapping in x2apic mode
[    0.365455] ..TIMER: vector=0x30 apic1=0 pin1=2 apic2=-1 pin2=-1
[    0.384252] clocksource: tsc-early: mask: 0xffffffffffffffff max_cycles: 0x39a85c9bff6, max_idle_ns: 881590591483 ns
[    0.384257] Calibrating delay loop (skipped), value calculated using timer frequency.. 4000.00 BogoMIPS (lpj=8000000)
[    0.384259] pid_max: default: 114688 minimum: 896
[    0.388278] LSM: Security Framework initializing
[    0.388295] Yama: becoming mindful.
[    0.388666] AppArmor: AppArmor initialized
[    0.397798] Dentry cache hash table entries: 8388608 (order: 14, 67108864 bytes, vmalloc)
[    0.402385] Inode-cache hash table entries: 4194304 (order: 13, 33554432 bytes, vmalloc)
[    0.402588] Mount-cache hash table entries: 131072 (order: 8, 1048576 bytes, vmalloc)
[    0.402730] Mountpoint-cache hash table entries: 131072 (order: 8, 1048576 bytes, vmalloc)
[    0.403025] *** VALIDATE proc ***
[    0.403248] *** VALIDATE cgroup1 ***
[    0.403249] *** VALIDATE cgroup2 ***
[    0.403373] x86/tme: not enabled by BIOS
[    0.403376] x86/cpu: User Mode Instruction Prevention (UMIP) activated
[    0.403453] mce: CPU0: Thermal monitoring enabled (TM1)
[    0.403663] process: using mwait in idle threads
[    0.403666] Last level iTLB entries: 4KB 0, 2MB 0, 4MB 0
[    0.403666] Last level dTLB entries: 4KB 0, 2MB 0, 4MB 0, 1GB 0
[    0.403669] Spectre V1 : Mitigation: usercopy/swapgs barriers and __user pointer sanitization
[    0.403672] Spectre V2 : Mitigation: Enhanced IBRS
[    0.403672] Spectre V2 : Spectre v2 / SpectreRSB mitigation: Filling RSB on context switch
[    0.403674] Spectre V2 : mitigation: Enabling conditional Indirect Branch Prediction Barrier
[    0.403675] Speculative Store Bypass: Mitigation: Speculative Store Bypass disabled via prctl and seccomp
[    0.403975] Freeing SMP alternatives memory: 40K
[    0.408422] TSC deadline timer enabled
[    0.408430] smpboot: CPU0: Intel(R) Xeon(R) Gold 6330 CPU @ 2.00GHz (family: 0x6, model: 0x6a, stepping: 0x6)
[    0.408637] Performance Events: PEBS fmt4+-baseline, Icelake events, 32-deep LBR, full-width counters, Intel PMU driver.
[    0.408643] ... version:                5
[    0.408643] ... bit width:              48
[    0.408644] ... generic registers:      8
[    0.408644] ... value mask:             0000ffffffffffff
[    0.408645] ... max period:             00007fffffffffff
[    0.408645] ... fixed-purpose events:   4
[    0.408646] ... event mask:             0000000f000000ff
[    0.408757] rcu: Hierarchical SRCU implementation.
[    0.416046] NMI watchdog: Enabled. Permanently consumes one hw-PMU counter.
[    0.417321] smp: Bringing up secondary CPUs ...
[    0.417433] x86: Booting SMP configuration:
[    0.417435] .... node  #1, CPUs:          #1
[    0.003712] smpboot: CPU 1 Converting physical 0 to logical die 1
[    0.504365] .... node  #0, CPUs:     #2
[    0.509714] .... node  #1, CPUs:     #3
[    0.515119] .... node  #0, CPUs:     #4
[    0.520457] .... node  #1, CPUs:     #5
[    0.525821] .... node  #0, CPUs:     #6
[    0.531362] .... node  #1, CPUs:     #7
[    0.536920] .... node  #0, CPUs:     #8
[    0.542179] .... node  #1, CPUs:     #9
[    0.547874] .... node  #0, CPUs:    #10
[    0.553570] .... node  #1, CPUs:    #11
[    0.559268] .... node  #0, CPUs:    #12
[    0.564758] .... node  #1, CPUs:    #13
[    0.570078] .... node  #0, CPUs:    #14
[    0.575289] .... node  #1, CPUs:    #15
[    0.580574] .... node  #0, CPUs:    #16
[    0.585810] .... node  #1, CPUs:    #17
[    0.591087] .... node  #0, CPUs:    #18
[    0.596423] .... node  #1, CPUs:    #19
[    0.601917] .... node  #0, CPUs:    #20
[    0.607114] .... node  #1, CPUs:    #21
[    0.612687] .... node  #0, CPUs:    #22
[    0.618094] .... node  #1, CPUs:    #23
[    0.623331] .... node  #0, CPUs:    #24
[    0.628923] .... node  #1, CPUs:    #25
[    0.634232] .... node  #0, CPUs:    #26
[    0.639410] .... node  #1, CPUs:    #27
[    0.644686] .... node  #0, CPUs:    #28
[    0.650158] .... node  #1, CPUs:    #29
[    0.655426] .... node  #0, CPUs:    #30
[    0.660606] .... node  #1, CPUs:    #31
[    0.666050] .... node  #0, CPUs:    #32
[    0.671315] .... node  #1, CPUs:    #33
[    0.676648] .... node  #0, CPUs:    #34
[    0.682062] .... node  #1, CPUs:    #35
[    0.687343] .... node  #0, CPUs:    #36
[    0.692505] .... node  #1, CPUs:    #37
[    0.697806] .... node  #0, CPUs:    #38
[    0.703317] .... node  #1, CPUs:    #39
[    0.708823] .... node  #0, CPUs:    #40
[    0.714392] .... node  #1, CPUs:    #41
[    0.720302] .... node  #0, CPUs:    #42
[    0.725363] .... node  #1, CPUs:    #43
[    0.730989] .... node  #0, CPUs:    #44
[    0.736417] .... node  #1, CPUs:    #45
[    0.741752] .... node  #0, CPUs:    #46
[    0.747252] .... node  #1, CPUs:    #47
[    0.752673] .... node  #0, CPUs:    #48
[    0.757978] .... node  #1, CPUs:    #49
[    0.763377] .... node  #0, CPUs:    #50
[    0.768831] .... node  #1, CPUs:    #51
[    0.774440] .... node  #0, CPUs:    #52
[    0.779875] .... node  #1, CPUs:    #53
[    0.785423] .... node  #0, CPUs:    #54
[    0.791098] .... node  #1, CPUs:    #55
[    0.796857] .... node  #0, CPUs:    #56
[    0.802505] .... node  #1, CPUs:    #57
[    0.808376] .... node  #0, CPUs:    #58
[    0.813745] .... node  #1, CPUs:    #59
[    0.819160] .... node  #0, CPUs:    #60
[    0.824498] .... node  #1, CPUs:    #61
[    0.829878] .... node  #0, CPUs:    #62
[    0.835447] .... node  #1, CPUs:    #63
[    0.841013] .... node  #0, CPUs:    #64
[    0.846296] .... node  #1, CPUs:    #65
[    0.852000] .... node  #0, CPUs:    #66
[    0.857708] .... node  #1, CPUs:    #67
[    0.863434] .... node  #0, CPUs:    #68
[    0.868938] .... node  #1, CPUs:    #69
[    0.874287] .... node  #0, CPUs:    #70
[    0.879501] .... node  #1, CPUs:    #71
[    0.884798] .... node  #0, CPUs:    #72
[    0.890062] .... node  #1, CPUs:    #73
[    0.895370] .... node  #0, CPUs:    #74
[    0.900598] .... node  #1, CPUs:    #75
[    0.906240] .... node  #0, CPUs:    #76
[    0.911458] .... node  #1, CPUs:    #77
[    0.917059] .... node  #0, CPUs:    #78
[    0.922472] .... node  #1, CPUs:    #79
[    0.927750] .... node  #0, CPUs:    #80
[    0.933347] .... node  #1, CPUs:    #81
[    0.938676] .... node  #0, CPUs:    #82
[    0.943863] .... node  #1, CPUs:    #83
[    0.949165] .... node  #0, CPUs:    #84
[    0.954659] .... node  #1, CPUs:    #85
[    0.959949] .... node  #0, CPUs:    #86
[    0.965137] .... node  #1, CPUs:    #87
[    0.970615] .... node  #0, CPUs:    #88
[    0.975886] .... node  #1, CPUs:    #89
[    0.981251] .... node  #0, CPUs:    #90
[    0.986671] .... node  #1, CPUs:    #91
[    0.991963] .... node  #0, CPUs:    #92
[    0.997158] .... node  #1, CPUs:    #93
[    1.002455] .... node  #0, CPUs:    #94
[    1.008264] .... node  #1, CPUs:    #95
[    1.013506] .... node  #0, CPUs:    #96
[    1.019094] .... node  #1, CPUs:    #97
[    1.024822] .... node  #0, CPUs:    #98
[    1.030107] .... node  #1, CPUs:    #99
[    1.035755] .... node  #0, CPUs:   #100
[    1.041072] .... node  #1, CPUs:   #101
[    1.046532] .... node  #0, CPUs:   #102
[    1.052319] .... node  #1, CPUs:   #103
[    1.057495] .... node  #0, CPUs:   #104
[    1.062823] .... node  #1, CPUs:   #105
[    1.068361] .... node  #0, CPUs:   #106
[    1.073702] .... node  #1, CPUs:   #107
[    1.079338] .... node  #0, CPUs:   #108
[    1.084770] .... node  #1, CPUs:   #109
[    1.090354] .... node  #0, CPUs:   #110
[    1.096304] .... node  #1, CPUs:   #111
[    1.101827] smp: Brought up 2 nodes, 112 CPUs
[    1.101827] smpboot: Max logical packages: 2
[    1.101827] smpboot: Total of 112 processors activated (448067.59 BogoMIPS)
[    1.112023] devtmpfs: initialized
[    1.112023] x86/mm: Memory block size: 2048MB
[    1.112640] PM: Registering ACPI NVS region [mem 0x49e77000-0x4ae76fff] (16777216 bytes)
[    1.112640] PM: Registering ACPI NVS region [mem 0x6e3ff000-0x6f3fefff] (16777216 bytes)
[    1.112971] clocksource: jiffies: mask: 0xffffffff max_cycles: 0xffffffff, max_idle_ns: 7645041785100000 ns
[    1.112971] futex hash table entries: 32768 (order: 9, 2097152 bytes, vmalloc)
[    1.113180] pinctrl core: initialized pinctrl subsystem
[    1.113311] PM: RTC time: 00:13:20, date: 2024-07-01
[    1.113576] NET: Registered protocol family 16
[    1.113687] audit: initializing netlink subsys (disabled)
[    1.113692] audit: type=2000 audit(1719792799.756:1): state=initialized audit_enabled=0 res=1
[    1.113692] EISA bus registered
[    1.113692] cpuidle: using governor ladder
[    1.113692] cpuidle: using governor menu
[    1.113692] ACPI FADT declares the system doesn't support PCIe ASPM, so disable it
[    1.113692] ACPI: bus type PCI registered
[    1.113692] acpiphp: ACPI Hot Plug PCI Controller Driver version: 0.5
[    1.113692] PCI: MMCONFIG for domain 0000 [bus 00-ff] at [mem 0x80000000-0x8fffffff] (base 0x80000000)
[    1.113692] PCI: MMCONFIG at [mem 0x80000000-0x8fffffff] reserved in E820
[    1.113692] pmd_set_huge: Cannot satisfy [mem 0x80000000-0x80200000] with a huge-page mapping due to MTRR override.
[    1.113692] PCI: Using configuration type 1 for base access
[    1.113692] PCI: Dell System detected, enabling pci=bfsort.
[    1.116259] ENERGY_PERF_BIAS: Set to 'normal', was 'performance'
[    1.121153] HugeTLB registered 1.00 GiB page size, pre-allocated 0 pages
[    1.121153] HugeTLB registered 2.00 MiB page size, pre-allocated 0 pages
[    1.124664] ACPI: Added _OSI(Module Device)
[    1.124665] ACPI: Added _OSI(Processor Device)
[    1.124665] ACPI: Added _OSI(3.0 _SCP Extensions)
[    1.124666] ACPI: Added _OSI(Processor Aggregator Device)
[    1.124667] ACPI: Added _OSI(Linux-Dell-Video)
[    1.124667] ACPI: Added _OSI(Linux-Lenovo-NV-HDMI-Audio)
[    1.124670] ACPI: Added _OSI(Linux-HPI-Hybrid-Graphics)
[    1.288471] ACPI: 8 ACPI AML tables successfully acquired and loaded
[    1.295588] ACPI: [Firmware Bug]: BIOS _OSI(Linux) query ignored
[    1.302218] ACPI: Dynamic OEM Table Load:
[    1.689163] ACPI: Interpreter enabled
[    1.689182] ACPI: (supports S0 S5)
[    1.689183] ACPI: Using IOAPIC for interrupt routing
[    1.689269] HEST: Table parsing has been initialized.
[    1.689272] PCI: Using host bridge windows from ACPI; if necessary, use "pci=nocrs" and report a bug
[    1.717940] ACPI: Enabled 4 GPEs in block 00 to 7F
[    1.842974] ACPI: PCI Root Bridge [PC00] (domain 0000 [bus 00-15])
[    1.842979] acpi PNP0A08:00: _OSC: OS supports [ExtendedConfig ASPM ClockPM Segments MSI HPX-Type3]
[    1.843058] acpi PNP0A08:00: PCIe AER handled by firmware
[    1.843172] acpi PNP0A08:00: _OSC: platform does not support [SHPCHotplug LTR]
[    1.843384] acpi PNP0A08:00: _OSC: OS now controls [PCIeHotplug PME PCIeCapability]
[    1.843385] acpi PNP0A08:00: FADT indicates ASPM is unsupported, using BIOS configuration
[    1.845177] PCI host bridge to bus 0000:00
[    1.845179] pci_bus 0000:00: root bus resource [io  0x0000-0x0cf7 window]
[    1.845180] pci_bus 0000:00: root bus resource [io  0x1000-0x4fff window]
[    1.845181] pci_bus 0000:00: root bus resource [mem 0x000a0000-0x000bffff window]
[    1.845182] pci_bus 0000:00: root bus resource [mem 0x000c8000-0x000cffff window]
[    1.845182] pci_bus 0000:00: root bus resource [mem 0xfe010000-0xfe010fff window]
[    1.845183] pci_bus 0000:00: root bus resource [mem 0x90000000-0x9b7fffff window]
[    1.845184] pci_bus 0000:00: root bus resource [mem 0x200000000000-0x20ffffffffff window]
[    1.845185] pci_bus 0000:00: root bus resource [bus 00-15]
[    1.845196] pci 0000:00:00.0: [8086:09a2] type 00 class 0x088000
[    1.845921] pci 0000:00:00.1: [8086:09a4] type 00 class 0x088000
[    1.846629] pci 0000:00:00.2: [8086:09a3] type 00 class 0x088000
[    1.847337] pci 0000:00:00.4: [8086:0998] type 00 class 0x060000
[    1.848045] pci 0000:00:02.0: [8086:09a6] type 00 class 0x088000
[    1.848055] pci 0000:00:02.0: reg 0x10: [mem 0x92dfc000-0x92dfdfff]
[    1.848759] pci 0000:00:02.1: [8086:09a7] type 00 class 0x088000
[    1.848768] pci 0000:00:02.1: reg 0x10: [mem 0x92d00000-0x92d7ffff]
[    1.848773] pci 0000:00:02.1: reg 0x14: [mem 0x92c80000-0x92cfffff]
[    1.849472] pci 0000:00:02.4: [8086:3456] type 00 class 0x130000
[    1.849482] pci 0000:00:02.4: reg 0x10: [mem 0x92a00000-0x92afffff 64bit]
[    1.849489] pci 0000:00:02.4: reg 0x18: [mem 0x92df0000-0x92df3fff 64bit]
[    1.849495] pci 0000:00:02.4: reg 0x20: [mem 0x92dc0000-0x92ddffff 64bit]
[    1.850207] pci 0000:00:11.0: [8086:a1ec] type 00 class 0xff0000
[    1.850978] pci 0000:00:11.5: [8086:a1d2] type 00 class 0x010601
[    1.850995] pci 0000:00:11.5: reg 0x10: [mem 0x92dfa000-0x92dfbfff]
[    1.851002] pci 0000:00:11.5: reg 0x14: [mem 0x92e05000-0x92e050ff]
[    1.851010] pci 0000:00:11.5: reg 0x18: [io  0x2068-0x206f]
[    1.851017] pci 0000:00:11.5: reg 0x1c: [io  0x2074-0x2077]
[    1.851024] pci 0000:00:11.5: reg 0x20: [io  0x2040-0x205f]
[    1.851031] pci 0000:00:11.5: reg 0x24: [mem 0x92b80000-0x92bfffff]
[    1.851069] pci 0000:00:11.5: PME# supported from D3hot
[    1.851788] pci 0000:00:14.0: [8086:a1af] type 00 class 0x0c0330
[    1.851809] pci 0000:00:14.0: reg 0x10: [mem 0x92de0000-0x92deffff 64bit]
[    1.851873] pci 0000:00:14.0: PME# supported from D3hot D3cold
[    1.852594] pci 0000:00:14.2: [8086:a1b1] type 00 class 0x118000
[    1.852614] pci 0000:00:14.2: reg 0x10: [mem 0x92e02000-0x92e02fff 64bit]
[    1.853359] pci 0000:00:16.0: [8086:a1ba] type 00 class 0x078000
[    1.853387] pci 0000:00:16.0: reg 0x10: [mem 0x92e01000-0x92e01fff 64bit]
[    1.853471] pci 0000:00:16.0: PME# supported from D3hot
[    1.854159] pci 0000:00:16.1: [8086:a1bb] type 00 class 0x078000
[    1.854187] pci 0000:00:16.1: reg 0x10: [mem 0x92e00000-0x92e00fff 64bit]
[    1.854272] pci 0000:00:16.1: PME# supported from D3hot
[    1.854961] pci 0000:00:16.4: [8086:a1be] type 00 class 0x078000
[    1.854990] pci 0000:00:16.4: reg 0x10: [mem 0x92dff000-0x92dfffff 64bit]
[    1.855075] pci 0000:00:16.4: PME# supported from D3hot
[    1.855764] pci 0000:00:17.0: [8086:a182] type 00 class 0x010601
[    1.855781] pci 0000:00:17.0: reg 0x10: [mem 0x92df8000-0x92df9fff]
[    1.855788] pci 0000:00:17.0: reg 0x14: [mem 0x92e04000-0x92e040ff]
[    1.855795] pci 0000:00:17.0: reg 0x18: [io  0x2060-0x2067]
[    1.855801] pci 0000:00:17.0: reg 0x1c: [io  0x2070-0x2073]
[    1.855808] pci 0000:00:17.0: reg 0x20: [io  0x2020-0x203f]
[    1.855815] pci 0000:00:17.0: reg 0x24: [mem 0x92b00000-0x92b7ffff]
[    1.855852] pci 0000:00:17.0: PME# supported from D3hot
[    1.856577] pci 0000:00:1c.0: [8086:a190] type 01 class 0x060400
[    1.856656] pci 0000:00:1c.0: PME# supported from D0 D3hot D3cold
[    1.857422] pci 0000:00:1c.4: [8086:a194] type 01 class 0x060400
[    1.857494] pci 0000:00:1c.4: PME# supported from D0 D3hot D3cold
[    1.858251] pci 0000:00:1c.5: [8086:a195] type 01 class 0x060400
[    1.858324] pci 0000:00:1c.5: PME# supported from D0 D3hot D3cold
[    1.859087] pci 0000:00:1f.0: [8086:a1cb] type 00 class 0x060100
[    1.859893] pci 0000:00:1f.2: [8086:a1a1] type 00 class 0x058000
[    1.859909] pci 0000:00:1f.2: reg 0x10: [mem 0x92df4000-0x92df7fff]
[    1.860666] pci 0000:00:1f.4: [8086:a1a3] type 00 class 0x0c0500
[    1.860686] pci 0000:00:1f.4: reg 0x10: [mem 0x92dfe000-0x92dfe0ff 64bit]
[    1.860708] pci 0000:00:1f.4: reg 0x20: [io  0x2000-0x201f]
[    1.861403] pci 0000:00:1f.5: [8086:a1a4] type 00 class 0x0c8000
[    1.861419] pci 0000:00:1f.5: reg 0x10: [mem 0xfe010000-0xfe010fff]
[    1.862174] pci 0000:00:1c.0: PCI bridge to [bus 01]
[    1.862223] pci 0000:02:00.0: [1556:be00] type 01 class 0x060400
[    1.862393] pci 0000:00:1c.4: PCI bridge to [bus 02-03]
[    1.862396] pci 0000:00:1c.4:   bridge window [mem 0x92000000-0x928fffff]
[    1.862400] pci 0000:00:1c.4:   bridge window [mem 0x91000000-0x91ffffff 64bit pref]
[    1.862432] pci_bus 0000:03: extended config space not accessible
[    1.862449] pci 0000:03:00.0: [102b:0536] type 00 class 0x030000
[    1.862468] pci 0000:03:00.0: reg 0x10: [mem 0x91000000-0x91ffffff pref]
[    1.862479] pci 0000:03:00.0: reg 0x14: [mem 0x92808000-0x9280bfff]
[    1.862489] pci 0000:03:00.0: reg 0x18: [mem 0x92000000-0x927fffff]
[    1.862537] pci 0000:03:00.0: BAR 0: assigned to efifb
[    1.862631] pci 0000:02:00.0: PCI bridge to [bus 03]
[    1.862639] pci 0000:02:00.0:   bridge window [mem 0x92000000-0x928fffff]
[    1.862645] pci 0000:02:00.0:   bridge window [mem 0x91000000-0x91ffffff 64bit pref]
[    1.862710] pci 0000:04:00.0: [14e4:165f] type 00 class 0x020000
[    1.862742] pci 0000:04:00.0: reg 0x10: [mem 0x92930000-0x9293ffff 64bit pref]
[    1.862757] pci 0000:04:00.0: reg 0x18: [mem 0x92940000-0x9294ffff 64bit pref]
[    1.862772] pci 0000:04:00.0: reg 0x20: [mem 0x92950000-0x9295ffff 64bit pref]
[    1.862783] pci 0000:04:00.0: reg 0x30: [mem 0xfffc0000-0xffffffff pref]
[    1.862875] pci 0000:04:00.0: PME# supported from D0 D3hot D3cold
[    1.862913] pci 0000:04:00.0: 4.000 Gb/s available PCIe bandwidth, limited by 5 GT/s x1 link at 0000:00:1c.5 (capable of 8.000 Gb/s with 5 GT/s x2 link)
[    1.863045] pci 0000:04:00.1: [14e4:165f] type 00 class 0x020000
[    1.863076] pci 0000:04:00.1: reg 0x10: [mem 0x92900000-0x9290ffff 64bit pref]
[    1.863092] pci 0000:04:00.1: reg 0x18: [mem 0x92910000-0x9291ffff 64bit pref]
[    1.863107] pci 0000:04:00.1: reg 0x20: [mem 0x92920000-0x9292ffff 64bit pref]
[    1.863117] pci 0000:04:00.1: reg 0x30: [mem 0xfffc0000-0xffffffff pref]
[    1.863209] pci 0000:04:00.1: PME# supported from D0 D3hot D3cold
[    1.863355] pci 0000:00:1c.5: PCI bridge to [bus 04]
[    1.863362] pci 0000:00:1c.5:   bridge window [mem 0x92900000-0x929fffff 64bit pref]
[    1.863375] pci_bus 0000:00: on NUMA node 0
[    1.863923] ACPI: PCI Root Bridge [PC01] (domain 0000 [bus 16-2f])
[    1.863926] acpi PNP0A08:01: _OSC: OS supports [ExtendedConfig ASPM ClockPM Segments MSI HPX-Type3]
[    1.864025] acpi PNP0A08:01: PCIe AER handled by firmware
[    1.864136] acpi PNP0A08:01: _OSC: platform does not support [SHPCHotplug]
[    1.864345] acpi PNP0A08:01: _OSC: OS now controls [PCIeHotplug PME PCIeCapability LTR]
[    1.864345] acpi PNP0A08:01: FADT indicates ASPM is unsupported, using BIOS configuration
[    1.864470] PCI host bridge to bus 0000:16
[    1.864471] pci_bus 0000:16: root bus resource [io  0x5000-0x6fff window]
[    1.864472] pci_bus 0000:16: root bus resource [mem 0x9b800000-0xa63fffff window]
[    1.864473] pci_bus 0000:16: root bus resource [mem 0x210000000000-0x21ffffffffff window]
[    1.864473] pci_bus 0000:16: root bus resource [bus 16-2f]
[    1.864480] pci 0000:16:00.0: [8086:09a2] type 00 class 0x088000
[    1.864547] pci 0000:16:00.1: [8086:09a4] type 00 class 0x088000
[    1.864610] pci 0000:16:00.2: [8086:09a3] type 00 class 0x088000
[    1.864674] pci 0000:16:00.4: [8086:0998] type 00 class 0x060000
[    1.864737] pci 0000:16:02.0: [8086:347a] type 01 class 0x060400
[    1.864750] pci 0000:16:02.0: reg 0x10: [mem 0x21fffff00000-0x21fffff1ffff 64bit]
[    1.864786] pci 0000:16:02.0: PME# supported from D0 D3hot D3cold
[    1.865086] pci 0000:17:00.0: [1000:10e2] type 00 class 0x010400
[    1.865106] pci 0000:17:00.0: reg 0x10: [mem 0x9b800000-0x9b8fffff 64bit pref]
[    1.865114] pci 0000:17:00.0: reg 0x18: [mem 0x9b900000-0x9b9fffff 64bit pref]
[    1.865119] pci 0000:17:00.0: reg 0x20: [mem 0x9ba00000-0x9bafffff]
[    1.865124] pci 0000:17:00.0: reg 0x24: [io  0x5000-0x50ff]
[    1.865130] pci 0000:17:00.0: reg 0x30: [mem 0xfff00000-0xffffffff pref]
[    1.866367] pci 0000:17:00.0: supports D1 D2
[    1.866417] pci 0000:16:02.0: PCI bridge to [bus 17]
[    1.866419] pci 0000:16:02.0:   bridge window [io  0x5000-0x5fff]
[    1.866421] pci 0000:16:02.0:   bridge window [mem 0x9ba00000-0x9bafffff]
[    1.866423] pci 0000:16:02.0:   bridge window [mem 0x9b800000-0x9b9fffff 64bit pref]
[    1.866429] pci_bus 0000:16: on NUMA node 0
[    1.866492] ACPI: PCI Root Bridge [PC02] (domain 0000 [bus 30-49])
[    1.866494] acpi PNP0A08:02: _OSC: OS supports [ExtendedConfig ASPM ClockPM Segments MSI HPX-Type3]
[    1.866590] acpi PNP0A08:02: PCIe AER handled by firmware
[    1.866699] acpi PNP0A08:02: _OSC: platform does not support [SHPCHotplug]
[    1.866906] acpi PNP0A08:02: _OSC: OS now controls [PCIeHotplug PME PCIeCapability LTR]
[    1.866906] acpi PNP0A08:02: FADT indicates ASPM is unsupported, using BIOS configuration
[    1.867023] PCI host bridge to bus 0000:30
[    1.867024] pci_bus 0000:30: root bus resource [io  0x7000-0x8fff window]
[    1.867025] pci_bus 0000:30: root bus resource [mem 0xa6400000-0xb0ffffff window]
[    1.867026] pci_bus 0000:30: root bus resource [mem 0x220000000000-0x22ffffffffff window]
[    1.867026] pci_bus 0000:30: root bus resource [bus 30-49]
[    1.867033] pci 0000:30:00.0: [8086:09a2] type 00 class 0x088000
[    1.867099] pci 0000:30:00.1: [8086:09a4] type 00 class 0x088000
[    1.867160] pci 0000:30:00.2: [8086:09a3] type 00 class 0x088000
[    1.867222] pci 0000:30:00.4: [8086:0998] type 00 class 0x060000
[    1.867293] pci_bus 0000:30: on NUMA node 0
[    1.867378] ACPI: PCI Root Bridge [PC04] (domain 0000 [bus 4a-63])
[    1.867380] acpi PNP0A08:04: _OSC: OS supports [ExtendedConfig ASPM ClockPM Segments MSI HPX-Type3]
[    1.867471] acpi PNP0A08:04: PCIe AER handled by firmware
[    1.867579] acpi PNP0A08:04: _OSC: platform does not support [SHPCHotplug]
[    1.867785] acpi PNP0A08:04: _OSC: OS now controls [PCIeHotplug PME PCIeCapability LTR]
[    1.867786] acpi PNP0A08:04: FADT indicates ASPM is unsupported, using BIOS configuration
[    1.867896] PCI host bridge to bus 0000:4a
[    1.867897] pci_bus 0000:4a: root bus resource [io  0x9000-0x9fff window]
[    1.867898] pci_bus 0000:4a: root bus resource [mem 0xb1000000-0xbbbfffff window]
[    1.867899] pci_bus 0000:4a: root bus resource [mem 0x230000000000-0x23ffffffffff window]
[    1.867900] pci_bus 0000:4a: root bus resource [bus 4a-63]
[    1.867906] pci 0000:4a:00.0: [8086:09a2] type 00 class 0x088000
[    1.867969] pci 0000:4a:00.1: [8086:09a4] type 00 class 0x088000
[    1.868029] pci 0000:4a:00.2: [8086:09a3] type 00 class 0x088000
[    1.868097] pci 0000:4a:00.4: [8086:0998] type 00 class 0x060000
[    1.868167] pci_bus 0000:4a: on NUMA node 0
[    1.868225] ACPI: PCI Root Bridge [PC05] (domain 0000 [bus 64-7d])
[    1.868227] acpi PNP0A08:05: _OSC: OS supports [ExtendedConfig ASPM ClockPM Segments MSI HPX-Type3]
[    1.868319] acpi PNP0A08:05: PCIe AER handled by firmware
[    1.868427] acpi PNP0A08:05: _OSC: platform does not support [SHPCHotplug]
[    1.868635] acpi PNP0A08:05: _OSC: OS now controls [PCIeHotplug PME PCIeCapability LTR]
[    1.868636] acpi PNP0A08:05: FADT indicates ASPM is unsupported, using BIOS configuration
[    1.868746] PCI host bridge to bus 0000:64
[    1.868747] pci_bus 0000:64: root bus resource [io  0xa000-0xafff window]
[    1.868747] pci_bus 0000:64: root bus resource [mem 0xbbc00000-0xc5ffffff window]
[    1.868748] pci_bus 0000:64: root bus resource [mem 0x240000000000-0x24ffffffffff window]
[    1.868749] pci_bus 0000:64: root bus resource [bus 64-7d]
[    1.868755] pci 0000:64:00.0: [8086:09a2] type 00 class 0x088000
[    1.868819] pci 0000:64:00.1: [8086:09a4] type 00 class 0x088000
[    1.868880] pci 0000:64:00.2: [8086:09a3] type 00 class 0x088000
[    1.868943] pci 0000:64:00.4: [8086:0998] type 00 class 0x060000
[    1.869013] pci_bus 0000:64: on NUMA node 0
[    1.869068] ACPI: PCI Root Bridge [UC06] (domain 0000 [bus 7e])
[    1.869070] acpi PNP0A03:00: _OSC: OS supports [ExtendedConfig ASPM ClockPM Segments MSI HPX-Type3]
[    1.869147] acpi PNP0A03:00: PCIe AER handled by firmware
[    1.869238] acpi PNP0A03:00: _OSC: platform does not support [SHPCHotplug LTR]
[    1.869410] acpi PNP0A03:00: _OSC: OS now controls [PCIeHotplug PME PCIeCapability]
[    1.869411] acpi PNP0A03:00: FADT indicates ASPM is unsupported, using BIOS configuration
[    1.869542] PCI host bridge to bus 0000:7e
[    1.869543] pci_bus 0000:7e: root bus resource [bus 7e]
[    1.869549] pci 0000:7e:00.0: [8086:3450] type 00 class 0x088000
[    1.869618] pci 0000:7e:00.1: [8086:3451] type 00 class 0x088000
[    1.869681] pci 0000:7e:00.2: [8086:3452] type 00 class 0x088000
[    1.869753] pci 0000:7e:00.3: [8086:0998] type 00 class 0x060000
[    1.869817] pci 0000:7e:00.5: [8086:3455] type 00 class 0x088000
[    1.869886] pci 0000:7e:02.0: [8086:3440] type 00 class 0x088000
[    1.870008] pci 0000:7e:02.1: [8086:3441] type 00 class 0x088000
[    1.870121] pci 0000:7e:02.2: [8086:3442] type 00 class 0x088000
[    1.870236] pci 0000:7e:03.0: [8086:3440] type 00 class 0x088000
[    1.870325] pci 0000:7e:03.1: [8086:3441] type 00 class 0x088000
[    1.870406] pci 0000:7e:03.2: [8086:3442] type 00 class 0x088000
[    1.870500] pci 0000:7e:04.0: [8086:3440] type 00 class 0x088000
[    1.870625] pci 0000:7e:04.1: [8086:3441] type 00 class 0x088000
[    1.870746] pci 0000:7e:04.2: [8086:3442] type 00 class 0x088000
[    1.870868] pci 0000:7e:04.3: [8086:3443] type 00 class 0x088000
[    1.870993] pci 0000:7e:05.0: [8086:3445] type 00 class 0x088000
[    1.871118] pci 0000:7e:05.1: [8086:3446] type 00 class 0x088000
[    1.871236] pci 0000:7e:05.2: [8086:3447] type 00 class 0x088000
[    1.871354] pci 0000:7e:06.0: [8086:3445] type 00 class 0x088000
[    1.871446] pci 0000:7e:06.1: [8086:3446] type 00 class 0x088000
[    1.871532] pci 0000:7e:06.2: [8086:3447] type 00 class 0x088000
[    1.871624] pci 0000:7e:07.0: [8086:3445] type 00 class 0x088000
[    1.871751] pci 0000:7e:07.1: [8086:3446] type 00 class 0x088000
[    1.871876] pci 0000:7e:07.2: [8086:3447] type 00 class 0x088000
[    1.872001] pci 0000:7e:0b.0: [8086:3448] type 00 class 0x088000
[    1.872076] pci 0000:7e:0b.1: [8086:3448] type 00 class 0x088000
[    1.872150] pci 0000:7e:0b.2: [8086:344b] type 00 class 0x088000
[    1.872233] pci 0000:7e:0c.0: [8086:344a] type 00 class 0x110100
[    1.872330] pci 0000:7e:0d.0: [8086:344a] type 00 class 0x110100
[    1.872425] pci 0000:7e:0e.0: [8086:344a] type 00 class 0x110100
[    1.872575] pci 0000:7e:0f.0: [8086:344a] type 00 class 0x110100
[    1.872736] pci 0000:7e:1a.0: [8086:2880] type 00 class 0x110100
[    1.872832] pci 0000:7e:1b.0: [8086:2880] type 00 class 0x110100
[    1.872924] pci 0000:7e:1c.0: [8086:2880] type 00 class 0x110100
[    1.873077] pci 0000:7e:1d.0: [8086:2880] type 00 class 0x110100
[    1.873238] pci_bus 0000:7e: on NUMA node 0
[    1.873311] ACPI: PCI Root Bridge [UC07] (domain 0000 [bus 7f])
[    1.873313] acpi PNP0A03:01: _OSC: OS supports [ExtendedConfig ASPM ClockPM Segments MSI HPX-Type3]
[    1.873392] acpi PNP0A03:01: PCIe AER handled by firmware
[    1.873485] acpi PNP0A03:01: _OSC: platform does not support [SHPCHotplug LTR]
[    1.873663] acpi PNP0A03:01: _OSC: OS now controls [PCIeHotplug PME PCIeCapability]
[    1.873663] acpi PNP0A03:01: FADT indicates ASPM is unsupported, using BIOS configuration
[    1.873806] PCI host bridge to bus 0000:7f
[    1.873807] pci_bus 0000:7f: root bus resource [bus 7f]
[    1.873816] pci 0000:7f:00.0: [8086:344c] type 00 class 0x088000
[    1.873925] pci 0000:7f:00.1: [8086:344c] type 00 class 0x088000
[    1.874044] pci 0000:7f:00.2: [8086:344c] type 00 class 0x088000
[    1.874164] pci 0000:7f:00.3: [8086:344c] type 00 class 0x088000
[    1.874260] pci 0000:7f:00.4: [8086:344c] type 00 class 0x088000
[    1.874389] pci 0000:7f:00.5: [8086:344c] type 00 class 0x088000
[    1.874514] pci 0000:7f:00.6: [8086:344c] type 00 class 0x088000
[    1.874599] pci 0000:7f:00.7: [8086:344c] type 00 class 0x088000
[    1.874694] pci 0000:7f:01.0: [8086:344c] type 00 class 0x088000
[    1.874830] pci 0000:7f:01.1: [8086:344c] type 00 class 0x088000
[    1.874958] pci 0000:7f:01.2: [8086:344c] type 00 class 0x088000
[    1.875044] pci 0000:7f:01.3: [8086:344c] type 00 class 0x088000
[    1.875182] pci 0000:7f:01.4: [8086:344c] type 00 class 0x088000
[    1.875320] pci 0000:7f:01.5: [8086:344c] type 00 class 0x088000
[    1.875463] pci 0000:7f:01.6: [8086:344c] type 00 class 0x088000
[    1.875591] pci 0000:7f:01.7: [8086:344c] type 00 class 0x088000
[    1.875729] pci 0000:7f:02.0: [8086:344c] type 00 class 0x088000
[    1.875868] pci 0000:7f:02.1: [8086:344c] type 00 class 0x088000
[    1.876006] pci 0000:7f:02.2: [8086:344c] type 00 class 0x088000
[    1.876143] pci 0000:7f:02.3: [8086:344c] type 00 class 0x088000
[    1.876290] pci 0000:7f:02.4: [8086:344c] type 00 class 0x088000
[    1.876433] pci 0000:7f:02.5: [8086:344c] type 00 class 0x088000
[    1.876576] pci 0000:7f:02.6: [8086:344c] type 00 class 0x088000
[    1.876730] pci 0000:7f:02.7: [8086:344c] type 00 class 0x088000
[    1.876889] pci 0000:7f:03.0: [8086:344c] type 00 class 0x088000
[    1.877040] pci 0000:7f:03.1: [8086:344c] type 00 class 0x088000
[    1.877198] pci 0000:7f:03.2: [8086:344c] type 00 class 0x088000
[    1.877353] pci 0000:7f:03.3: [8086:344c] type 00 class 0x088000
[    1.877519] pci 0000:7f:0a.0: [8086:344d] type 00 class 0x088000
[    1.877628] pci 0000:7f:0a.1: [8086:344d] type 00 class 0x088000
[    1.877747] pci 0000:7f:0a.2: [8086:344d] type 00 class 0x088000
[    1.877865] pci 0000:7f:0a.3: [8086:344d] type 00 class 0x088000
[    1.877967] pci 0000:7f:0a.4: [8086:344d] type 00 class 0x088000
[    1.878095] pci 0000:7f:0a.5: [8086:344d] type 00 class 0x088000
[    1.878218] pci 0000:7f:0a.6: [8086:344d] type 00 class 0x088000
[    1.878306] pci 0000:7f:0a.7: [8086:344d] type 00 class 0x088000
[    1.878397] pci 0000:7f:0b.0: [8086:344d] type 00 class 0x088000
[    1.878531] pci 0000:7f:0b.1: [8086:344d] type 00 class 0x088000
[    1.878660] pci 0000:7f:0b.2: [8086:344d] type 00 class 0x088000
[    1.878747] pci 0000:7f:0b.3: [8086:344d] type 00 class 0x088000
[    1.878888] pci 0000:7f:0b.4: [8086:344d] type 00 class 0x088000
[    1.879028] pci 0000:7f:0b.5: [8086:344d] type 00 class 0x088000
[    1.879171] pci 0000:7f:0b.6: [8086:344d] type 00 class 0x088000
[    1.879298] pci 0000:7f:0b.7: [8086:344d] type 00 class 0x088000
[    1.879434] pci 0000:7f:0c.0: [8086:344d] type 00 class 0x088000
[    1.879573] pci 0000:7f:0c.1: [8086:344d] type 00 class 0x088000
[    1.879710] pci 0000:7f:0c.2: [8086:344d] type 00 class 0x088000
[    1.879849] pci 0000:7f:0c.3: [8086:344d] type 00 class 0x088000
[    1.879998] pci 0000:7f:0c.4: [8086:344d] type 00 class 0x088000
[    1.880140] pci 0000:7f:0c.5: [8086:344d] type 00 class 0x088000
[    1.880285] pci 0000:7f:0c.6: [8086:344d] type 00 class 0x088000
[    1.880439] pci 0000:7f:0c.7: [8086:344d] type 00 class 0x088000
[    1.880590] pci 0000:7f:0d.0: [8086:344d] type 00 class 0x088000
[    1.880743] pci 0000:7f:0d.1: [8086:344d] type 00 class 0x088000
[    1.880901] pci 0000:7f:0d.2: [8086:344d] type 00 class 0x088000
[    1.881056] pci 0000:7f:0d.3: [8086:344d] type 00 class 0x088000
[    1.881238] pci 0000:7f:1d.0: [8086:344f] type 00 class 0x088000
[    1.881355] pci 0000:7f:1d.1: [8086:3457] type 00 class 0x088000
[    1.881472] pci 0000:7f:1e.0: [8086:3458] type 00 class 0x088000
[    1.881548] pci 0000:7f:1e.1: [8086:3459] type 00 class 0x088000
[    1.881623] pci 0000:7f:1e.2: [8086:345a] type 00 class 0x088000
[    1.881696] pci 0000:7f:1e.3: [8086:345b] type 00 class 0x088000
[    1.881771] pci 0000:7f:1e.4: [8086:345c] type 00 class 0x088000
[    1.881845] pci 0000:7f:1e.5: [8086:345d] type 00 class 0x088000
[    1.881922] pci 0000:7f:1e.6: [8086:345e] type 00 class 0x088000
[    1.881996] pci 0000:7f:1e.7: [8086:345f] type 00 class 0x088000
[    1.882067] pci_bus 0000:7f: on NUMA node 0
[    1.882156] ACPI: PCI Root Bridge [PC06] (domain 0000 [bus 80])
[    1.882158] acpi PNP0A08:06: _OSC: OS supports [ExtendedConfig ASPM ClockPM Segments MSI HPX-Type3]
[    1.882253] acpi PNP0A08:06: PCIe AER handled by firmware
[    1.882362] acpi PNP0A08:06: _OSC: platform does not support [SHPCHotplug]
[    1.882568] acpi PNP0A08:06: _OSC: OS now controls [PCIeHotplug PME PCIeCapability LTR]
[    1.882568] acpi PNP0A08:06: FADT indicates ASPM is unsupported, using BIOS configuration
[    1.882714] PCI host bridge to bus 0000:80
[    1.882715] pci_bus 0000:80: root bus resource [io  0xb000-0xbfff window]
[    1.882716] pci_bus 0000:80: root bus resource [mem 0xc6800000-0xd0ffffff window]
[    1.882717] pci_bus 0000:80: root bus resource [mem 0x250000000000-0x25ffffffffff window]
[    1.882718] pci_bus 0000:80: root bus resource [bus 80]
[    1.882725] pci 0000:80:00.0: [8086:09a2] type 00 class 0x088000
[    1.882805] pci 0000:80:00.1: [8086:09a4] type 00 class 0x088000
[    1.882885] pci 0000:80:00.2: [8086:09a3] type 00 class 0x088000
[    1.882963] pci 0000:80:00.4: [8086:0998] type 00 class 0x060000
[    1.883040] pci 0000:80:02.0: [8086:09a6] type 00 class 0x088000
[    1.883050] pci 0000:80:02.0: reg 0x10: [mem 0xc6aa4000-0xc6aa5fff]
[    1.883114] pci 0000:80:02.1: [8086:09a7] type 00 class 0x088000
[    1.883123] pci 0000:80:02.1: reg 0x10: [mem 0xc6a00000-0xc6a7ffff]
[    1.883129] pci 0000:80:02.1: reg 0x14: [mem 0xc6980000-0xc69fffff]
[    1.883196] pci 0000:80:02.4: [8086:3456] type 00 class 0x130000
[    1.883208] pci 0000:80:02.4: reg 0x10: [mem 0xc6800000-0xc68fffff 64bit]
[    1.883215] pci 0000:80:02.4: reg 0x18: [mem 0xc6aa0000-0xc6aa3fff 64bit]
[    1.883221] pci 0000:80:02.4: reg 0x20: [mem 0xc6a80000-0xc6a9ffff 64bit]
[    1.883281] pci_bus 0000:80: on NUMA node 1
[    1.883347] ACPI: PCI Root Bridge [PC07] (domain 0000 [bus 81])
[    1.883349] acpi PNP0A08:07: _OSC: OS supports [ExtendedConfig ASPM ClockPM Segments MSI HPX-Type3]
[    1.883441] acpi PNP0A08:07: PCIe AER handled by firmware
[    1.883549] acpi PNP0A08:07: _OSC: platform does not support [SHPCHotplug]
[    1.883754] acpi PNP0A08:07: _OSC: OS now controls [PCIeHotplug PME PCIeCapability LTR]
[    1.883755] acpi PNP0A08:07: FADT indicates ASPM is unsupported, using BIOS configuration
[    1.883869] PCI host bridge to bus 0000:81
[    1.883870] pci_bus 0000:81: root bus resource [io  0xc000-0xcfff window]
[    1.883870] pci_bus 0000:81: root bus resource [mem 0xd1000000-0xdbbfffff window]
[    1.883871] pci_bus 0000:81: root bus resource [mem 0x260000000000-0x26ffffffffff window]
[    1.883872] pci_bus 0000:81: root bus resource [bus 81]
[    1.883879] pci 0000:81:00.0: [8086:09a2] type 00 class 0x088000
[    1.883947] pci 0000:81:00.1: [8086:09a4] type 00 class 0x088000
[    1.884013] pci 0000:81:00.2: [8086:09a3] type 00 class 0x088000
[    1.884081] pci 0000:81:00.4: [8086:0998] type 00 class 0x060000
[    1.884160] pci_bus 0000:81: on NUMA node 1
[    1.884220] ACPI: PCI Root Bridge [PC08] (domain 0000 [bus 82])
[    1.884222] acpi PNP0A08:08: _OSC: OS supports [ExtendedConfig ASPM ClockPM Segments MSI HPX-Type3]
[    1.884314] acpi PNP0A08:08: PCIe AER handled by firmware
[    1.884422] acpi PNP0A08:08: _OSC: platform does not support [SHPCHotplug]
[    1.884630] acpi PNP0A08:08: _OSC: OS now controls [PCIeHotplug PME PCIeCapability LTR]
[    1.884631] acpi PNP0A08:08: FADT indicates ASPM is unsupported, using BIOS configuration
[    1.884740] PCI host bridge to bus 0000:82
[    1.884741] pci_bus 0000:82: root bus resource [io  0xd000-0xdfff window]
[    1.884742] pci_bus 0000:82: root bus resource [mem 0xdbc00000-0xe67fffff window]
[    1.884743] pci_bus 0000:82: root bus resource [mem 0x270000000000-0x27ffffffffff window]
[    1.884743] pci_bus 0000:82: root bus resource [bus 82]
[    1.884751] pci 0000:82:00.0: [8086:09a2] type 00 class 0x088000
[    1.884820] pci 0000:82:00.1: [8086:09a4] type 00 class 0x088000
[    1.884889] pci 0000:82:00.2: [8086:09a3] type 00 class 0x088000
[    1.884960] pci 0000:82:00.4: [8086:0998] type 00 class 0x060000
[    1.885039] pci_bus 0000:82: on NUMA node 1
[    1.885123] ACPI: PCI Root Bridge [PC10] (domain 0000 [bus 83-f9])
[    1.885125] acpi PNP0A08:0a: _OSC: OS supports [ExtendedConfig ASPM ClockPM Segments MSI HPX-Type3]
[    1.885220] acpi PNP0A08:0a: PCIe AER handled by firmware
[    1.885328] acpi PNP0A08:0a: _OSC: platform does not support [SHPCHotplug]
[    1.885538] acpi PNP0A08:0a: _OSC: OS now controls [PCIeHotplug PME PCIeCapability LTR]
[    1.885538] acpi PNP0A08:0a: FADT indicates ASPM is unsupported, using BIOS configuration
[    1.885658] PCI host bridge to bus 0000:83
[    1.885659] pci_bus 0000:83: root bus resource [io  0xe000-0xefff window]
[    1.885659] pci_bus 0000:83: root bus resource [mem 0xe6800000-0xf13fffff window]
[    1.885660] pci_bus 0000:83: root bus resource [mem 0x280000000000-0x28ffffffffff window]
[    1.885661] pci_bus 0000:83: root bus resource [bus 83-f9]
[    1.885668] pci 0000:83:00.0: [8086:09a2] type 00 class 0x088000
[    1.885736] pci 0000:83:00.1: [8086:09a4] type 00 class 0x088000
[    1.885804] pci 0000:83:00.2: [8086:09a3] type 00 class 0x088000
[    1.885873] pci 0000:83:00.4: [8086:0998] type 00 class 0x060000
[    1.885952] pci_bus 0000:83: on NUMA node 1
[    1.886010] ACPI: PCI Root Bridge [PC11] (domain 0000 [bus fa])
[    1.886012] acpi PNP0A08:0b: _OSC: OS supports [ExtendedConfig ASPM ClockPM Segments MSI HPX-Type3]
[    1.886104] acpi PNP0A08:0b: PCIe AER handled by firmware
[    1.886211] acpi PNP0A08:0b: _OSC: platform does not support [SHPCHotplug]
[    1.886417] acpi PNP0A08:0b: _OSC: OS now controls [PCIeHotplug PME PCIeCapability LTR]
[    1.886418] acpi PNP0A08:0b: FADT indicates ASPM is unsupported, using BIOS configuration
[    1.886528] PCI host bridge to bus 0000:fa
[    1.886529] pci_bus 0000:fa: root bus resource [io  0xf000-0xffff window]
[    1.886530] pci_bus 0000:fa: root bus resource [mem 0xf1400000-0xfb7fffff window]
[    1.886531] pci_bus 0000:fa: root bus resource [mem 0x290000000000-0x29ffffffffff window]
[    1.886531] pci_bus 0000:fa: root bus resource [bus fa]
[    1.886539] pci 0000:fa:00.0: [8086:09a2] type 00 class 0x088000
[    1.886607] pci 0000:fa:00.1: [8086:09a4] type 00 class 0x088000
[    1.886675] pci 0000:fa:00.2: [8086:09a3] type 00 class 0x088000
[    1.886748] pci 0000:fa:00.4: [8086:0998] type 00 class 0x060000
[    1.886828] pci_bus 0000:fa: on NUMA node 1
[    1.886883] ACPI: PCI Root Bridge [UC16] (domain 0000 [bus fe])
[    1.886885] acpi PNP0A03:02: _OSC: OS supports [ExtendedConfig ASPM ClockPM Segments MSI HPX-Type3]
[    1.886960] acpi PNP0A03:02: PCIe AER handled by firmware
[    1.887051] acpi PNP0A03:02: _OSC: platform does not support [SHPCHotplug LTR]
[    1.887223] acpi PNP0A03:02: _OSC: OS now controls [PCIeHotplug PME PCIeCapability]
[    1.887223] acpi PNP0A03:02: FADT indicates ASPM is unsupported, using BIOS configuration
[    1.887353] PCI host bridge to bus 0000:fe
[    1.887354] pci_bus 0000:fe: root bus resource [bus fe]
[    1.887361] pci 0000:fe:00.0: [8086:3450] type 00 class 0x088000
[    1.887431] pci 0000:fe:00.1: [8086:3451] type 00 class 0x088000
[    1.887497] pci 0000:fe:00.2: [8086:3452] type 00 class 0x088000
[    1.887564] pci 0000:fe:00.3: [8086:0998] type 00 class 0x060000
[    1.887632] pci 0000:fe:00.5: [8086:3455] type 00 class 0x088000
[    1.887704] pci 0000:fe:02.0: [8086:3440] type 00 class 0x088000
[    1.887829] pci 0000:fe:02.1: [8086:3441] type 00 class 0x088000
[    1.887953] pci 0000:fe:02.2: [8086:3442] type 00 class 0x088000
[    1.888071] pci 0000:fe:03.0: [8086:3440] type 00 class 0x088000
[    1.888163] pci 0000:fe:03.1: [8086:3441] type 00 class 0x088000
[    1.888249] pci 0000:fe:03.2: [8086:3442] type 00 class 0x088000
[    1.888341] pci 0000:fe:04.0: [8086:3440] type 00 class 0x088000
[    1.888472] pci 0000:fe:04.1: [8086:3441] type 00 class 0x088000
[    1.888599] pci 0000:fe:04.2: [8086:3442] type 00 class 0x088000
[    1.888724] pci 0000:fe:04.3: [8086:3443] type 00 class 0x088000
[    1.888859] pci 0000:fe:05.0: [8086:3445] type 00 class 0x088000
[    1.888984] pci 0000:fe:05.1: [8086:3446] type 00 class 0x088000
[    1.889105] pci 0000:fe:05.2: [8086:3447] type 00 class 0x088000
[    1.889227] pci 0000:fe:06.0: [8086:3445] type 00 class 0x088000
[    1.889321] pci 0000:fe:06.1: [8086:3446] type 00 class 0x088000
[    1.889410] pci 0000:fe:06.2: [8086:3447] type 00 class 0x088000
[    1.889505] pci 0000:fe:07.0: [8086:3445] type 00 class 0x088000
[    1.889638] pci 0000:fe:07.1: [8086:3446] type 00 class 0x088000
[    1.889771] pci 0000:fe:07.2: [8086:3447] type 00 class 0x088000
[    1.889898] pci 0000:fe:0b.0: [8086:3448] type 00 class 0x088000
[    1.889976] pci 0000:fe:0b.1: [8086:3448] type 00 class 0x088000
[    1.890050] pci 0000:fe:0b.2: [8086:344b] type 00 class 0x088000
[    1.890130] pci 0000:fe:0c.0: [8086:344a] type 00 class 0x110100
[    1.890233] pci 0000:fe:0d.0: [8086:344a] type 00 class 0x110100
[    1.890329] pci 0000:fe:0e.0: [8086:344a] type 00 class 0x110100
[    1.890483] pci 0000:fe:0f.0: [8086:344a] type 00 class 0x110100
[    1.890654] pci 0000:fe:1a.0: [8086:2880] type 00 class 0x110100
[    1.890754] pci 0000:fe:1b.0: [8086:2880] type 00 class 0x110100
[    1.890849] pci 0000:fe:1c.0: [8086:2880] type 00 class 0x110100
[    1.891009] pci 0000:fe:1d.0: [8086:2880] type 00 class 0x110100
[    1.891170] pci_bus 0000:fe: on NUMA node 1
[    1.891240] ACPI: PCI Root Bridge [UC17] (domain 0000 [bus ff])
[    1.891242] acpi PNP0A03:03: _OSC: OS supports [ExtendedConfig ASPM ClockPM Segments MSI HPX-Type3]
[    1.891317] acpi PNP0A03:03: PCIe AER handled by firmware
[    1.891409] acpi PNP0A03:03: _OSC: platform does not support [SHPCHotplug LTR]
[    1.891582] acpi PNP0A03:03: _OSC: OS now controls [PCIeHotplug PME PCIeCapability]
[    1.891583] acpi PNP0A03:03: FADT indicates ASPM is unsupported, using BIOS configuration
[    1.891724] PCI host bridge to bus 0000:ff
[    1.891725] pci_bus 0000:ff: root bus resource [bus ff]
[    1.891735] pci 0000:ff:00.0: [8086:344c] type 00 class 0x088000
[    1.891850] pci 0000:ff:00.1: [8086:344c] type 00 class 0x088000
[    1.891970] pci 0000:ff:00.2: [8086:344c] type 00 class 0x088000
[    1.892077] pci 0000:ff:00.3: [8086:344c] type 00 class 0x088000
[    1.892208] pci 0000:ff:00.4: [8086:344c] type 00 class 0x088000
[    1.892333] pci 0000:ff:00.5: [8086:344c] type 00 class 0x088000
[    1.892434] pci 0000:ff:00.6: [8086:344c] type 00 class 0x088000
[    1.892568] pci 0000:ff:00.7: [8086:344c] type 00 class 0x088000
[    1.892700] pci 0000:ff:01.0: [8086:344c] type 00 class 0x088000
[    1.892841] pci 0000:ff:01.1: [8086:344c] type 00 class 0x088000
[    1.892974] pci 0000:ff:01.2: [8086:344c] type 00 class 0x088000
[    1.893065] pci 0000:ff:01.3: [8086:344c] type 00 class 0x088000
[    1.893213] pci 0000:ff:01.4: [8086:344c] type 00 class 0x088000
[    1.893357] pci 0000:ff:01.5: [8086:344c] type 00 class 0x088000
[    1.893506] pci 0000:ff:01.6: [8086:344c] type 00 class 0x088000
[    1.893639] pci 0000:ff:01.7: [8086:344c] type 00 class 0x088000
[    1.893780] pci 0000:ff:02.0: [8086:344c] type 00 class 0x088000
[    1.893922] pci 0000:ff:02.1: [8086:344c] type 00 class 0x088000
[    1.894060] pci 0000:ff:02.2: [8086:344c] type 00 class 0x088000
[    1.894207] pci 0000:ff:02.3: [8086:344c] type 00 class 0x088000
[    1.894355] pci 0000:ff:02.4: [8086:344c] type 00 class 0x088000
[    1.894499] pci 0000:ff:02.5: [8086:344c] type 00 class 0x088000
[    1.894649] pci 0000:ff:02.6: [8086:344c] type 00 class 0x088000
[    1.894797] pci 0000:ff:02.7: [8086:344c] type 00 class 0x088000
[    1.894955] pci 0000:ff:03.0: [8086:344c] type 00 class 0x088000
[    1.895118] pci 0000:ff:03.1: [8086:344c] type 00 class 0x088000
[    1.895280] pci 0000:ff:03.2: [8086:344c] type 00 class 0x088000
[    1.895443] pci 0000:ff:03.3: [8086:344c] type 00 class 0x088000
[    1.895619] pci 0000:ff:0a.0: [8086:344d] type 00 class 0x088000
[    1.895733] pci 0000:ff:0a.1: [8086:344d] type 00 class 0x088000
[    1.895852] pci 0000:ff:0a.2: [8086:344d] type 00 class 0x088000
[    1.895960] pci 0000:ff:0a.3: [8086:344d] type 00 class 0x088000
[    1.896087] pci 0000:ff:0a.4: [8086:344d] type 00 class 0x088000
[    1.896212] pci 0000:ff:0a.5: [8086:344d] type 00 class 0x088000
[    1.896314] pci 0000:ff:0a.6: [8086:344d] type 00 class 0x088000
[    1.896449] pci 0000:ff:0a.7: [8086:344d] type 00 class 0x088000
[    1.896585] pci 0000:ff:0b.0: [8086:344d] type 00 class 0x088000
[    1.896727] pci 0000:ff:0b.1: [8086:344d] type 00 class 0x088000
[    1.896861] pci 0000:ff:0b.2: [8086:344d] type 00 class 0x088000
[    1.896952] pci 0000:ff:0b.3: [8086:344d] type 00 class 0x088000
[    1.897096] pci 0000:ff:0b.4: [8086:344d] type 00 class 0x088000
[    1.897240] pci 0000:ff:0b.5: [8086:344d] type 00 class 0x088000
[    1.897387] pci 0000:ff:0b.6: [8086:344d] type 00 class 0x088000
[    1.897521] pci 0000:ff:0b.7: [8086:344d] type 00 class 0x088000
[    1.897666] pci 0000:ff:0c.0: [8086:344d] type 00 class 0x088000
[    1.897808] pci 0000:ff:0c.1: [8086:344d] type 00 class 0x088000
[    1.897948] pci 0000:ff:0c.2: [8086:344d] type 00 class 0x088000
[    1.898093] pci 0000:ff:0c.3: [8086:344d] type 00 class 0x088000
[    1.898235] pci 0000:ff:0c.4: [8086:344d] type 00 class 0x088000
[    1.898380] pci 0000:ff:0c.5: [8086:344d] type 00 class 0x088000
[    1.898530] pci 0000:ff:0c.6: [8086:344d] type 00 class 0x088000
[    1.898678] pci 0000:ff:0c.7: [8086:344d] type 00 class 0x088000
[    1.898841] pci 0000:ff:0d.0: [8086:344d] type 00 class 0x088000
[    1.899003] pci 0000:ff:0d.1: [8086:344d] type 00 class 0x088000
[    1.899156] pci 0000:ff:0d.2: [8086:344d] type 00 class 0x088000
[    1.899321] pci 0000:ff:0d.3: [8086:344d] type 00 class 0x088000
[    1.899503] pci 0000:ff:1d.0: [8086:344f] type 00 class 0x088000
[    1.899625] pci 0000:ff:1d.1: [8086:3457] type 00 class 0x088000
[    1.899746] pci 0000:ff:1e.0: [8086:3458] type 00 class 0x088000
[    1.899827] pci 0000:ff:1e.1: [8086:3459] type 00 class 0x088000
[    1.899908] pci 0000:ff:1e.2: [8086:345a] type 00 class 0x088000
[    1.899986] pci 0000:ff:1e.3: [8086:345b] type 00 class 0x088000
[    1.900062] pci 0000:ff:1e.4: [8086:345c] type 00 class 0x088000
[    1.900139] pci 0000:ff:1e.5: [8086:345d] type 00 class 0x088000
[    1.900216] pci 0000:ff:1e.6: [8086:345e] type 00 class 0x088000
[    1.900292] pci 0000:ff:1e.7: [8086:345f] type 00 class 0x088000
[    1.900368] pci_bus 0000:ff: on NUMA node 1
[    1.904255] HMAT: Memory (0x0 length 0x80000000) Flags:0003 Processor Domain:0 Memory Domain:0
[    1.904255] HMAT: Memory (0x100000000 length 0xf80000000) Flags:0003 Processor Domain:0 Memory Domain:0
[    1.904255] HMAT: Memory (0x2080000000 length 0x7e00000000) Flags:0003 Processor Domain:0 Memory Domain:2
[    1.904255] HMAT: Memory (0x1080000000 length 0x1000000000) Flags:0003 Processor Domain:1 Memory Domain:1
[    1.904255] HMAT: Memory (0x9e80000000 length 0x7e00000000) Flags:0003 Processor Domain:1 Memory Domain:3
[    1.904255] HMAT: Locality: Flags:00 Type:Read Latency Initiator Domains:2 Target Domains:4 Base:100
[    1.904255]   Initiator-Target[0-0]:7600 nsec
[    1.904255]   Initiator-Target[0-1]:13560 nsec
[    1.904255]   Initiator-Target[0-2]:25350 nsec
[    1.904255]   Initiator-Target[0-3]:31600 nsec
[    1.904255]   Initiator-Target[1-0]:13560 nsec
[    1.904255]   Initiator-Target[1-1]:7600 nsec
[    1.904255]   Initiator-Target[1-2]:31600 nsec
[    1.904255]   Initiator-Target[1-3]:25350 nsec
[    1.904255] HMAT: Locality: Flags:00 Type:Write Latency Initiator Domains:2 Target Domains:4 Base:100
[    1.904255]   Initiator-Target[0-0]:7600 nsec
[    1.904255]   Initiator-Target[0-1]:13560 nsec
[    1.904255]   Initiator-Target[0-2]:25350 nsec
[    1.904255]   Initiator-Target[0-3]:31600 nsec
[    1.904255]   Initiator-Target[1-0]:13560 nsec
[    1.904255]   Initiator-Target[1-1]:7600 nsec
[    1.904255]   Initiator-Target[1-2]:31600 nsec
[    1.904255]   Initiator-Target[1-3]:25350 nsec
[    1.904255] HMAT: Locality: Flags:00 Type:Read Bandwidth Initiator Domains:2 Target Domains:4 Base:1
[    1.904255]   Initiator-Target[0-0]:1790 MB/s
[    1.904255]   Initiator-Target[0-1]:1790 MB/s
[    1.904255]   Initiator-Target[0-2]:463 MB/s
[    1.904255]   Initiator-Target[0-3]:463 MB/s
[    1.904255]   Initiator-Target[1-0]:1790 MB/s
[    1.904255]   Initiator-Target[1-1]:1790 MB/s
[    1.904255]   Initiator-Target[1-2]:463 MB/s
[    1.904255]   Initiator-Target[1-3]:463 MB/s
[    1.904255] HMAT: Locality: Flags:00 Type:Write Bandwidth Initiator Domains:2 Target Domains:4 Base:1
[    1.904255]   Initiator-Target[0-0]:1910 MB/s
[    1.904255]   Initiator-Target[0-1]:1910 MB/s
[    1.904255]   Initiator-Target[0-2]:138 MB/s
[    1.904255]   Initiator-Target[0-3]:138 MB/s
[    1.904255]   Initiator-Target[1-0]:1910 MB/s
[    1.904255]   Initiator-Target[1-1]:1910 MB/s
[    1.904255]   Initiator-Target[1-2]:138 MB/s
[    1.904255]   Initiator-Target[1-3]:138 MB/s
[    1.904255] WARNING: CPU: 62 PID: 1 at drivers/base/node.c:191 node_set_perf_attrs+0x90/0xb0
[    1.904255] Modules linked in:
[    1.904255] CPU: 62 PID: 1 Comm: swapper/0 Not tainted 5.3.1-multiclock #1
[    1.904255] Hardware name: Dell Inc. PowerEdge R750/0K8F35, BIOS 1.10.2 03/03/2023
[    1.904255] RIP: 0010:node_set_perf_attrs+0x90/0xb0
[    1.904255] Code: f4 02 00 00 4c 89 ea 4c 89 e7 e8 bb bf c7 ff 85 c0 75 24 48 83 c3 08 48 8b 33 48 85 f6 75 e5 5b 41 5a 41 5c 41 5d 41 5e 5d c3 <0f> 0b 5b 41 5a 41 5c 41 5d 41 5e 5d c3 44 89 f6 48 c7 c7 70 5b 1a
[    1.904255] RSP: 0000:ffff9ed780117d80 EFLAGS: 00010246
[    1.904255] RAX: 0000000000000002 RBX: 0000000000000003 RCX: 0000000000000000
[    1.904255] RDX: 0000000000000000 RSI: ffff8c34d6581758 RDI: 0000000000000002
[    1.904255] RBP: ffff9ed780117da8 R08: ffff8c2438dd72b0 R09: 0000000000000000
[    1.904255] R10: ffff8c34d9e01f90 R11: ffff8c2441074c10 R12: ffff8c34d6581740
[    1.904255] R13: ffffffffb08db310 R14: 0000000000000005 R15: ffffffffb0695806
[    1.904255] FS:  0000000000000000(0000) GS:ffff8c2441bc0000(0000) knlGS:0000000000000000
[    1.904255] CS:  0010 DS: 0000 ES: 0000 CR0: 0000000080050033
[    1.904255] CR2: 0000000000000000 CR3: 0000001fad20a001 CR4: 0000000000760ee0
[    1.904255] DR0: 0000000000000000 DR1: 0000000000000000 DR2: 0000000000000000
[    1.904255] DR3: 0000000000000000 DR6: 00000000fffe0ff0 DR7: 0000000000000400
[    1.904255] PKRU: 55555554
[    1.904255] Call Trace:
[    1.904255]  hmat_init+0x32a/0x43c
[    1.904255]  ? hmat_parse_subtable+0x503/0x503
[    1.904255]  ? set_debug_rodata+0x17/0x17
[    1.904255]  do_one_initcall+0x4a/0x1fa
[    1.904255]  kernel_init_freeable+0x1c6/0x26d
[    1.904255]  ? rest_init+0xb0/0xb0
[    1.904255]  kernel_init+0xe/0x110
[    1.904255]  ret_from_fork+0x1f/0x40
[    1.904255] ---[ end trace 29eff8468e936a6a ]---
[    1.904274] pci 0000:03:00.0: vgaarb: setting as boot VGA device
[    1.904274] pci 0000:03:00.0: vgaarb: VGA device added: decodes=io+mem,owns=io+mem,locks=none
[    1.904323] pci 0000:03:00.0: vgaarb: bridge control possible
[    1.904324] vgaarb: loaded
[    1.904519] SCSI subsystem initialized
[    1.904665] libata version 3.00 loaded.
[    1.904665] ACPI: bus type USB registered
[    1.904665] usbcore: registered new interface driver usbfs
[    1.904665] usbcore: registered new interface driver hub
[    1.904665] usbcore: registered new device driver usb
[    1.904665] pps_core: LinuxPPS API ver. 1 registered
[    1.904665] pps_core: Software ver. 5.3.6 - Copyright 2005-2007 Rodolfo Giometti <giometti@linux.it>
[    1.904665] PTP clock support registered
[    1.904778] EDAC MC: Ver: 3.0.0
[    1.905002] Registered efivars operations
[    1.905002] PCI: Using ACPI for IRQ routing
[    1.907730] PCI: pci_cache_line_size set to 64 bytes
[    1.908297] e820: reserve RAM buffer [mem 0x0008f000-0x0008ffff]
[    1.908298] e820: reserve RAM buffer [mem 0x47bcd020-0x47ffffff]
[    1.908299] e820: reserve RAM buffer [mem 0x47bff020-0x47ffffff]
[    1.908299] e820: reserve RAM buffer [mem 0x47c32020-0x47ffffff]
[    1.908300] e820: reserve RAM buffer [mem 0x47c65020-0x47ffffff]
[    1.908301] e820: reserve RAM buffer [mem 0x49e77000-0x4bffffff]
[    1.908302] e820: reserve RAM buffer [mem 0x4b2cf000-0x4bffffff]
[    1.908302] e820: reserve RAM buffer [mem 0x4bd94000-0x4bffffff]
[    1.908303] e820: reserve RAM buffer [mem 0x4ce00000-0x4fffffff]
[    1.908303] e820: reserve RAM buffer [mem 0x5eefe000-0x5fffffff]
[    1.908304] e820: reserve RAM buffer [mem 0x6f800000-0x6fffffff]
[    1.908602] NetLabel: Initializing
[    1.908603] NetLabel:  domain hash size = 128
[    1.908603] NetLabel:  protocols = UNLABELED CIPSOv4 CALIPSO
[    1.908622] NetLabel:  unlabeled traffic allowed by default
[    1.913588] hpet0: at MMIO 0xfed00000, IRQs 2, 8, 0, 0, 0, 0, 0, 0
[    1.913591] hpet0: 8 comparators, 64-bit 24.000000 MHz counter
[    1.915825] clocksource: Switched to clocksource tsc-early
[    1.923635] VFS: Disk quotas dquot_6.6.0
[    1.923677] VFS: Dquot-cache hash table entries: 512 (order 0, 4096 bytes)
[    1.923974] *** VALIDATE hugetlbfs ***
[    1.924095] AppArmor: AppArmor Filesystem Enabled
[    1.924113] pnp: PnP ACPI init
[    1.939527] pnp 00:00: Plug and Play ACPI device, IDs PNP0b00 (active)
[    1.939684] system 00:01: [io  0x0500-0x05fe] has been reserved
[    1.939686] system 00:01: [io  0x0400-0x041f] has been reserved
[    1.939687] system 00:01: [io  0x0600-0x061f] has been reserved
[    1.939688] system 00:01: [io  0x0ca0-0x0ca1] has been reserved
[    1.939689] system 00:01: [io  0x0ca4-0x0ca6] has been reserved
[    1.939691] system 00:01: [mem 0xff000000-0xffffffff] has been reserved
[    1.939694] system 00:01: Plug and Play ACPI device, IDs PNP0c02 (active)
[    1.939941] pnp 00:02: Plug and Play ACPI device, IDs PNP0501 (active)
[    1.940148] pnp 00:03: Plug and Play ACPI device, IDs PNP0501 (active)
[    1.940310] system 00:04: [mem 0xfd000000-0xfdabffff] has been reserved
[    1.940312] system 00:04: [mem 0xfdad0000-0xfdadffff] has been reserved
[    1.940313] system 00:04: [mem 0xfdb00000-0xfdffffff] has been reserved
[    1.940314] system 00:04: [mem 0xfe000000-0xfe00ffff] has been reserved
[    1.940315] system 00:04: [mem 0xfe011000-0xfe01ffff] has been reserved
[    1.940316] system 00:04: [mem 0xfe036000-0xfe03bfff] has been reserved
[    1.940317] system 00:04: [mem 0xfe03d000-0xfe3fffff] has been reserved
[    1.940318] system 00:04: [mem 0xfe410000-0xfe7fffff] has been reserved
[    1.940320] system 00:04: Plug and Play ACPI device, IDs PNP0c02 (active)
[    1.940648] system 00:05: [io  0x1000-0x10fe] has been reserved
[    1.940651] system 00:05: Plug and Play ACPI device, IDs PNP0c02 (active)
[    1.941629] pnp: PnP ACPI: found 6 devices
[    1.942715] thermal_sys: Registered thermal governor 'fair_share'
[    1.942716] thermal_sys: Registered thermal governor 'bang_bang'
[    1.942716] thermal_sys: Registered thermal governor 'step_wise'
[    1.942717] thermal_sys: Registered thermal governor 'user_space'
[    1.942718] thermal_sys: Registered thermal governor 'power_allocator'
[    1.947210] clocksource: acpi_pm: mask: 0xffffff max_cycles: 0xffffff, max_idle_ns: 2085701024 ns
[    1.947233] pci 0000:04:00.0: can't claim BAR 6 [mem 0xfffc0000-0xffffffff pref]: no compatible bridge window
[    1.947234] pci 0000:04:00.1: can't claim BAR 6 [mem 0xfffc0000-0xffffffff pref]: no compatible bridge window
[    1.947236] pci 0000:17:00.0: can't claim BAR 6 [mem 0xfff00000-0xffffffff pref]: no compatible bridge window
[    1.947251] pci 0000:00:1c.5: BAR 14: assigned [mem 0x90000000-0x900fffff]
[    1.947254] pci 0000:00:1c.0: PCI bridge to [bus 01]
[    1.947263] pci 0000:02:00.0: PCI bridge to [bus 03]
[    1.947268] pci 0000:02:00.0:   bridge window [mem 0x92000000-0x928fffff]
[    1.947271] pci 0000:02:00.0:   bridge window [mem 0x91000000-0x91ffffff 64bit pref]
[    1.947277] pci 0000:00:1c.4: PCI bridge to [bus 02-03]
[    1.947280] pci 0000:00:1c.4:   bridge window [mem 0x92000000-0x928fffff]
[    1.947283] pci 0000:00:1c.4:   bridge window [mem 0x91000000-0x91ffffff 64bit pref]
[    1.947287] pci 0000:04:00.0: BAR 6: assigned [mem 0x90000000-0x9003ffff pref]
[    1.947289] pci 0000:04:00.1: BAR 6: assigned [mem 0x90040000-0x9007ffff pref]
[    1.947290] pci 0000:00:1c.5: PCI bridge to [bus 04]
[    1.947293] pci 0000:00:1c.5:   bridge window [mem 0x90000000-0x900fffff]
[    1.947295] pci 0000:00:1c.5:   bridge window [mem 0x92900000-0x929fffff 64bit pref]
[    1.947299] pci_bus 0000:00: resource 4 [io  0x0000-0x0cf7 window]
[    1.947300] pci_bus 0000:00: resource 5 [io  0x1000-0x4fff window]
[    1.947301] pci_bus 0000:00: resource 6 [mem 0x000a0000-0x000bffff window]
