pgmigrate_success 13401094
pgmigrate_fail 390611
thp_migration_success 6838
thp_migration_fail 0
thp_migration_split 0
pgmigrate_fail_dst_node_fail 10363562
pgmigrate_fail_numa_isolate_fail 10363711
pgmigrate_fail_nomem_fail 3483
pgmigrate_fail_refcount_fail 999
thp_fault_alloc 15549
thp_fault_fallback 0
thp_fault_fallback_charge 0
thp_collapse_alloc 1
thp_collapse_alloc_failed 0
thp_file_alloc 0
thp_file_fallback 0
thp_file_fallback_charge 0
thp_file_mapped 0
thp_split_page 0
thp_split_page_failed 0
thp_deferred_split_page 0
thp_split_pmd 0
thp_split_pud 0
thp_zero_page_alloc 0
thp_zero_page_alloc_failed 0
thp_swpout 0
thp_swpout_fallback 0
MemTotal:       1084999276 kB
MemFree:        1062903976 kB
MemAvailable:   1061468316 kB
Buffers:          118616 kB
Cached:          1532168 kB
SwapCached:            0 kB
Active:            98740 kB
Inactive:        2192148 kB
Active(anon):      18648 kB
Inactive(anon):   627704 kB
Active(file):      80092 kB
Inactive(file):  1564444 kB
Unevictable:           0 kB
Mlocked:               0 kB
SwapTotal:       2097148 kB
SwapFree:        2097148 kB
Dirty:                 4 kB
Writeback:             0 kB
AnonPages:        639728 kB
Mapped:           458620 kB
Shmem:              6212 kB
KReclaimable:     219220 kB
Slab:             656956 kB
SReclaimable:     219220 kB
SUnreclaim:       437736 kB
KernelStack:       41104 kB
PageTables:        34680 kB
NFS_Unstable:          0 kB
Bounce:                0 kB
WritebackTmp:          0 kB
CommitLimit:    544596784 kB
Committed_AS:   11194012 kB
VmallocTotal:   34359738367 kB
VmallocUsed:      146364 kB
VmallocChunk:          0 kB
Percpu:           146048 kB
HardwareCorrupted:     0 kB
AnonHugePages:         0 kB
ShmemHugePages:        0 kB
ShmemPmdMapped:        0 kB
FileHugePages:         0 kB
FilePmdMapped:         0 kB
CmaTotal:              0 kB
CmaFree:               0 kB
HugePages_Total:       0
HugePages_Free:        0
HugePages_Rsvd:        0
HugePages_Surp:        0
Hugepagesize:       2048 kB
Hugetlb:               0 kB
DirectMap4k:      701928 kB
DirectMap2M:     9220096 kB
DirectMap1G:    1179648000 kB
pgmigrate_success 22947003
pgmigrate_fail 394623
thp_migration_success 15190
thp_migration_fail 0
thp_migration_split 0
pgmigrate_fail_dst_node_fail 24948579
pgmigrate_fail_numa_isolate_fail 24958117
pgmigrate_fail_nomem_fail 4188
pgmigrate_fail_refcount_fail 6135
thp_fault_alloc 31099
thp_fault_fallback 0
thp_fault_fallback_charge 0
thp_collapse_alloc 2
thp_collapse_alloc_failed 0
thp_file_alloc 0
thp_file_fallback 0
thp_file_fallback_charge 0
thp_file_mapped 0
thp_split_page 0
thp_split_page_failed 0
thp_deferred_split_page 0
thp_split_pmd 0
thp_split_pud 0
thp_zero_page_alloc 0
thp_zero_page_alloc_failed 0
thp_swpout 0
thp_swpout_fallback 0
MemTotal:       1084999276 kB
MemFree:        1059599596 kB
MemAvailable:   1061078844 kB
Buffers:          127400 kB
Cached:          4758512 kB
SwapCached:           64 kB
Active:           138104 kB
Inactive:        5380916 kB
Active(anon):      14740 kB
Inactive(anon):   624568 kB
Active(file):     123364 kB
Inactive(file):  4756348 kB
Unevictable:           0 kB
Mlocked:               0 kB
SwapTotal:       2097148 kB
SwapFree:        2095612 kB
Dirty:                32 kB
Writeback:             0 kB
AnonPages:        633248 kB
Mapped:           457888 kB
Shmem:              6212 kB
KReclaimable:     284320 kB
Slab:             728820 kB
SReclaimable:     284320 kB
SUnreclaim:       444500 kB
KernelStack:       31712 kB
PageTables:        32212 kB
NFS_Unstable:          0 kB
Bounce:                0 kB
WritebackTmp:          0 kB
CommitLimit:    544596784 kB
Committed_AS:    6585548 kB
VmallocTotal:   34359738367 kB
VmallocUsed:      137452 kB
VmallocChunk:          0 kB
Percpu:           146048 kB
HardwareCorrupted:     0 kB
AnonHugePages:         0 kB
ShmemHugePages:        0 kB
ShmemPmdMapped:        0 kB
FileHugePages:         0 kB
FilePmdMapped:         0 kB
CmaTotal:              0 kB
CmaFree:               0 kB
HugePages_Total:       0
HugePages_Free:        0
HugePages_Rsvd:        0
HugePages_Surp:        0
Hugepagesize:       2048 kB
Hugetlb:               0 kB
DirectMap4k:      701928 kB
DirectMap2M:     9220096 kB
DirectMap1G:    1179648000 kB
