pgmigrate_success 7849
pgmigrate_fail 7
thp_migration_success 0
thp_migration_fail 0
thp_migration_split 0
pgmigrate_fail_dst_node_fail 0
pgmigrate_fail_numa_isolate_fail 0
pgmigrate_fail_nomem_fail 7
pgmigrate_fail_refcount_fail 0
thp_fault_alloc 0
thp_fault_fallback 0
thp_fault_fallback_charge 0
thp_collapse_alloc 0
thp_collapse_alloc_failed 0
thp_file_alloc 0
thp_file_fallback 0
thp_file_fallback_charge 0
thp_file_mapped 0
thp_split_page 0
thp_split_page_failed 0
thp_deferred_split_page 0
thp_split_pmd 0
thp_split_pud 0
thp_zero_page_alloc 0
thp_zero_page_alloc_failed 0
thp_swpout 0
thp_swpout_fallback 0
MemTotal:       1084999276 kB
MemFree:        1064427012 kB
MemAvailable:   1062348484 kB
Buffers:            5644 kB
Cached:           394584 kB
SwapCached:            0 kB
Active:            71744 kB
Inactive:         919888 kB
Active(anon):        988 kB
Inactive(anon):   596164 kB
Active(file):      70756 kB
Inactive(file):   323724 kB
Unevictable:           0 kB
Mlocked:               0 kB
SwapTotal:       2097148 kB
SwapFree:        2097148 kB
Dirty:                 4 kB
Writeback:             0 kB
AnonPages:        590572 kB
Mapped:           391816 kB
Shmem:              6208 kB
KReclaimable:     183544 kB
Slab:             568796 kB
SReclaimable:     183544 kB
SUnreclaim:       385252 kB
KernelStack:       31168 kB
PageTables:        30468 kB
NFS_Unstable:          0 kB
Bounce:                0 kB
WritebackTmp:          0 kB
CommitLimit:    544596784 kB
Committed_AS:    6525472 kB
VmallocTotal:   34359738367 kB
VmallocUsed:      136764 kB
VmallocChunk:          0 kB
Percpu:           146048 kB
HardwareCorrupted:     0 kB
AnonHugePages:         0 kB
ShmemHugePages:        0 kB
ShmemPmdMapped:        0 kB
FileHugePages:         0 kB
FilePmdMapped:         0 kB
CmaTotal:              0 kB
CmaFree:               0 kB
HugePages_Total:       0
HugePages_Free:        0
HugePages_Rsvd:        0
HugePages_Surp:        0
Hugepagesize:       2048 kB
Hugetlb:               0 kB
DirectMap4k:      701928 kB
DirectMap2M:     9220096 kB
DirectMap1G:    1179648000 kB
pgmigrate_success 13401101
pgmigrate_fail 390611
thp_migration_success 6838
thp_migration_fail 0
thp_migration_split 0
pgmigrate_fail_dst_node_fail 10363562
pgmigrate_fail_numa_isolate_fail 10363711
pgmigrate_fail_nomem_fail 3483
pgmigrate_fail_refcount_fail 999
thp_fault_alloc 15549
thp_fault_fallback 0
thp_fault_fallback_charge 0
thp_collapse_alloc 1
thp_collapse_alloc_failed 0
thp_file_alloc 0
thp_file_fallback 0
thp_file_fallback_charge 0
thp_file_mapped 0
thp_split_page 0
thp_split_page_failed 0
thp_deferred_split_page 0
thp_split_pmd 0
thp_split_pud 0
thp_zero_page_alloc 0
thp_zero_page_alloc_failed 0
thp_swpout 0
thp_swpout_fallback 0
MemTotal:       1084999276 kB
MemFree:        1062907592 kB
MemAvailable:   1061472552 kB
Buffers:          118640 kB
Cached:          1532144 kB
SwapCached:            0 kB
Active:            98740 kB
Inactive:        2189216 kB
Active(anon):      18648 kB
Inactive(anon):   624772 kB
Active(file):      80092 kB
Inactive(file):  1564444 kB
Unevictable:           0 kB
Mlocked:               0 kB
SwapTotal:       2097148 kB
SwapFree:        2097148 kB
Dirty:                 4 kB
Writeback:             0 kB
AnonPages:        636644 kB
Mapped:           458116 kB
Shmem:              6212 kB
KReclaimable:     220460 kB
Slab:             658196 kB
SReclaimable:     220460 kB
SUnreclaim:       437736 kB
KernelStack:       40144 kB
PageTables:        32988 kB
NFS_Unstable:          0 kB
Bounce:                0 kB
WritebackTmp:          0 kB
CommitLimit:    544596784 kB
Committed_AS:    6573672 kB
VmallocTotal:   34359738367 kB
VmallocUsed:      137420 kB
VmallocChunk:          0 kB
Percpu:           146048 kB
HardwareCorrupted:     0 kB
AnonHugePages:         0 kB
ShmemHugePages:        0 kB
ShmemPmdMapped:        0 kB
FileHugePages:         0 kB
FilePmdMapped:         0 kB
CmaTotal:              0 kB
CmaFree:               0 kB
HugePages_Total:       0
HugePages_Free:        0
HugePages_Rsvd:        0
HugePages_Surp:        0
Hugepagesize:       2048 kB
Hugetlb:               0 kB
DirectMap4k:      701928 kB
DirectMap2M:     9220096 kB
DirectMap1G:    1179648000 kB
