2024年 05月 16日 星期四 14:12:57 CST
pgmigrate_success 16950
pgmigrate_fail 3
pgmigrate_dst_node_full_fail 0
pgmigrate_numa_isolate_fail 35
pgmigrate_nomem_fail 0
pgmigrate_refcount_fail 15
thp_fault_alloc 0
thp_fault_fallback 0
thp_collapse_alloc 0
thp_collapse_alloc_failed 0
thp_file_alloc 0
thp_file_mapped 0
thp_split_page 0
thp_split_page_failed 0
thp_deferred_split_page 0
thp_split_pmd 0
thp_split_pud 0
thp_zero_page_alloc 0
thp_zero_page_alloc_failed 0
thp_swpout 0
thp_swpout_fallback 0
MemTotal:       1093385604 kB
MemFree:        1062480600 kB
MemAvailable:   1060339308 kB
Buffers:            7008 kB
Cached:           413124 kB
SwapCached:            0 kB
Active:           520764 kB
Inactive:         494920 kB
Active(anon):     380868 kB
Inactive(anon):   221296 kB
Active(file):     139896 kB
Inactive(file):   273624 kB
Unevictable:           0 kB
Mlocked:               0 kB
SwapTotal:       2097148 kB
SwapFree:        2097148 kB
Dirty:               308 kB
Writeback:             0 kB
AnonPages:        596676 kB
Mapped:           409324 kB
Shmem:              6204 kB
KReclaimable:     233060 kB
Slab:             595424 kB
SReclaimable:     233060 kB
SUnreclaim:       362364 kB
KernelStack:       33300 kB
PageTables:        28016 kB
NFS_Unstable:          0 kB
Bounce:                0 kB
WritebackTmp:          0 kB
CommitLimit:    548789948 kB
Committed_AS:    6667376 kB
VmallocTotal:   34359738367 kB
VmallocUsed:      158556 kB
VmallocChunk:          0 kB
Percpu:           124544 kB
HardwareCorrupted:     0 kB
AnonHugePages:         0 kB
ShmemHugePages:        0 kB
ShmemPmdMapped:        0 kB
CmaTotal:              0 kB
CmaFree:               0 kB
HugePages_Total:       0
HugePages_Free:        0
HugePages_Rsvd:        0
HugePages_Surp:        0
Hugepagesize:       2048 kB
Hugetlb:               0 kB
DirectMap4k:      992744 kB
DirectMap2M:     7880704 kB
DirectMap1G:    1180696576 kB
2024年 05月 16日 星期四 14:16:02 CST
pgmigrate_success 1049013
pgmigrate_fail 13270025
pgmigrate_dst_node_full_fail 13256192
pgmigrate_numa_isolate_fail 35
pgmigrate_nomem_fail 0
pgmigrate_refcount_fail 15
thp_fault_alloc 60599
thp_fault_fallback 0
thp_collapse_alloc 16
thp_collapse_alloc_failed 0
thp_file_alloc 0
thp_file_mapped 0
thp_split_page 0
thp_split_page_failed 0
thp_deferred_split_page 62522
thp_split_pmd 0
thp_split_pud 0
thp_zero_page_alloc 4
thp_zero_page_alloc_failed 0
thp_swpout 0
thp_swpout_fallback 0
MemTotal:       1093385604 kB
MemFree:        1048600664 kB
MemAvailable:   1059331240 kB
Buffers:            9876 kB
Cached:         14270852 kB
SwapCached:            4 kB
Active:           494284 kB
Inactive:       14383368 kB
Active(anon):     353832 kB
Inactive(anon):   248972 kB
Active(file):     140452 kB
Inactive(file): 14134396 kB
Unevictable:           0 kB
Mlocked:               0 kB
SwapTotal:       2097148 kB
SwapFree:        2096380 kB
Dirty:                 0 kB
Writeback:             0 kB
AnonPages:        597212 kB
Mapped:           403728 kB
Shmem:              5760 kB
KReclaimable:     301776 kB
Slab:             664880 kB
SReclaimable:     301776 kB
SUnreclaim:       363104 kB
KernelStack:       33520 kB
PageTables:        28476 kB
NFS_Unstable:          0 kB
Bounce:                0 kB
WritebackTmp:          0 kB
CommitLimit:    548789948 kB
Committed_AS:    6663160 kB
VmallocTotal:   34359738367 kB
VmallocUsed:      158524 kB
VmallocChunk:          0 kB
Percpu:           124544 kB
HardwareCorrupted:     0 kB
AnonHugePages:    276480 kB
ShmemHugePages:        0 kB
ShmemPmdMapped:        0 kB
CmaTotal:              0 kB
CmaFree:               0 kB
HugePages_Total:       0
HugePages_Free:        0
HugePages_Rsvd:        0
HugePages_Surp:        0
Hugepagesize:       2048 kB
Hugetlb:               0 kB
DirectMap4k:      992744 kB
DirectMap2M:     7880704 kB
DirectMap1G:    1180696576 kB
