[    0.000000] Linux version 5.18.0 (xmu@xmu-PowerEdge-R750) (gcc (Ubuntu 8.4.0-1ubuntu1~18.04) 8.4.0, GNU ld (GNU Binutils for Ubuntu) 2.30) #1 SMP PREEMPT_DYNAMIC Sat Apr 6 15:16:25 CST 2024
[    0.000000] Command line: BOOT_IMAGE=/boot/vmlinuz-5.18.0 root=UUID=ce0c24b8-724b-4f33-9b2c-618433560aef ro memmap=45400M!4096M memmap=59G!64G quiet splash nomodeset vt.handoff=1
[    0.000000] KERNEL supported cpus:
[    0.000000]   Intel GenuineIntel
[    0.000000]   AMD AuthenticAMD
[    0.000000]   Hygon HygonGenuine
[    0.000000]   Centaur CentaurHauls
[    0.000000]   zhaoxin   Shanghai  
[    0.000000] x86/split lock detection: #AC: crashing the kernel on kernel split_locks and warning on user-space split_locks
[    0.000000] x86/fpu: Supporting XSAVE feature 0x001: 'x87 floating point registers'
[    0.000000] x86/fpu: Supporting XSAVE feature 0x002: 'SSE registers'
[    0.000000] x86/fpu: Supporting XSAVE feature 0x004: 'AVX registers'
[    0.000000] x86/fpu: Supporting XSAVE feature 0x020: 'AVX-512 opmask'
[    0.000000] x86/fpu: Supporting XSAVE feature 0x040: 'AVX-512 Hi256'
[    0.000000] x86/fpu: Supporting XSAVE feature 0x080: 'AVX-512 ZMM_Hi256'
[    0.000000] x86/fpu: Supporting XSAVE feature 0x200: 'Protection Keys User registers'
[    0.000000] x86/fpu: xstate_offset[2]:  576, xstate_sizes[2]:  256
[    0.000000] x86/fpu: xstate_offset[5]:  832, xstate_sizes[5]:   64
[    0.000000] x86/fpu: xstate_offset[6]:  896, xstate_sizes[6]:  512
[    0.000000] x86/fpu: xstate_offset[7]: 1408, xstate_sizes[7]: 1024
[    0.000000] x86/fpu: xstate_offset[9]: 2432, xstate_sizes[9]:    8
[    0.000000] x86/fpu: Enabled xstate features 0x2e7, context size is 2440 bytes, using 'compacted' format.
[    0.000000] signal: max sigframe size: 3632
[    0.000000] BIOS-provided physical RAM map:
[    0.000000] BIOS-e820: [mem 0x0000000000000000-0x000000000008efff] usable
[    0.000000] BIOS-e820: [mem 0x000000000008f000-0x000000000008ffff] reserved
[    0.000000] BIOS-e820: [mem 0x0000000000090000-0x000000000009ffff] usable
[    0.000000] BIOS-e820: [mem 0x00000000000a0000-0x00000000000fffff] reserved
[    0.000000] BIOS-e820: [mem 0x0000000000100000-0x0000000049e76fff] usable
[    0.000000] BIOS-e820: [mem 0x0000000049e77000-0x000000004ae76fff] ACPI NVS
[    0.000000] BIOS-e820: [mem 0x000000004ae77000-0x000000004b2cefff] usable
[    0.000000] BIOS-e820: [mem 0x000000004b2cf000-0x000000004b54dfff] ACPI data
[    0.000000] BIOS-e820: [mem 0x000000004b54e000-0x000000004bd93fff] usable
[    0.000000] BIOS-e820: [mem 0x000000004bd94000-0x000000004be99fff] reserved
[    0.000000] BIOS-e820: [mem 0x000000004be9a000-0x000000004cdfffff] usable
[    0.000000] BIOS-e820: [mem 0x000000004ce00000-0x000000004cffffff] reserved
[    0.000000] BIOS-e820: [mem 0x000000004d000000-0x000000005eefdfff] usable
[    0.000000] BIOS-e820: [mem 0x000000005eefe000-0x000000006e3fefff] reserved
[    0.000000] BIOS-e820: [mem 0x000000006e3ff000-0x000000006f3fefff] ACPI NVS
[    0.000000] BIOS-e820: [mem 0x000000006f3ff000-0x000000006f7fefff] ACPI data
[    0.000000] BIOS-e820: [mem 0x000000006f7ff000-0x000000006f7fffff] usable
[    0.000000] BIOS-e820: [mem 0x000000006f800000-0x000000008fffffff] reserved
[    0.000000] BIOS-e820: [mem 0x00000000fe000000-0x00000000fe010fff] reserved
[    0.000000] BIOS-e820: [mem 0x0000000100000000-0x000000207fffffff] usable
[    0.000000] BIOS-e820: [mem 0x0000002080000000-0x0000011c7fffffff] persistent (type 7)
[    0.000000] BIOS-e820: [mem 0x00001ffc00000000-0x00001fffffffffff] reserved
[    0.000000] NX (Execute Disable) protection: active
[    0.000000] e820: update [mem 0x46d5c020-0x46d6405f] usable ==> usable
[    0.000000] e820: update [mem 0x46d5c020-0x46d6405f] usable ==> usable
[    0.000000] e820: update [mem 0x46d29020-0x46d5bc5f] usable ==> usable
[    0.000000] e820: update [mem 0x46d29020-0x46d5bc5f] usable ==> usable
[    0.000000] e820: update [mem 0x46cf6020-0x46d28c5f] usable ==> usable
[    0.000000] e820: update [mem 0x46cf6020-0x46d28c5f] usable ==> usable
[    0.000000] e820: update [mem 0x46cc4020-0x46cf5a5f] usable ==> usable
[    0.000000] e820: update [mem 0x46cc4020-0x46cf5a5f] usable ==> usable
[    0.000000] extended physical RAM map:
[    0.000000] reserve setup_data: [mem 0x0000000000000000-0x000000000008efff] usable
[    0.000000] reserve setup_data: [mem 0x000000000008f000-0x000000000008ffff] reserved
[    0.000000] reserve setup_data: [mem 0x0000000000090000-0x000000000009ffff] usable
[    0.000000] reserve setup_data: [mem 0x00000000000a0000-0x00000000000fffff] reserved
[    0.000000] reserve setup_data: [mem 0x0000000000100000-0x0000000046cc401f] usable
[    0.000000] reserve setup_data: [mem 0x0000000046cc4020-0x0000000046cf5a5f] usable
[    0.000000] reserve setup_data: [mem 0x0000000046cf5a60-0x0000000046cf601f] usable
[    0.000000] reserve setup_data: [mem 0x0000000046cf6020-0x0000000046d28c5f] usable
[    0.000000] reserve setup_data: [mem 0x0000000046d28c60-0x0000000046d2901f] usable
[    0.000000] reserve setup_data: [mem 0x0000000046d29020-0x0000000046d5bc5f] usable
[    0.000000] reserve setup_data: [mem 0x0000000046d5bc60-0x0000000046d5c01f] usable
[    0.000000] reserve setup_data: [mem 0x0000000046d5c020-0x0000000046d6405f] usable
[    0.000000] reserve setup_data: [mem 0x0000000046d64060-0x0000000049e76fff] usable
[    0.000000] reserve setup_data: [mem 0x0000000049e77000-0x000000004ae76fff] ACPI NVS
[    0.000000] reserve setup_data: [mem 0x000000004ae77000-0x000000004b2cefff] usable
[    0.000000] reserve setup_data: [mem 0x000000004b2cf000-0x000000004b54dfff] ACPI data
[    0.000000] reserve setup_data: [mem 0x000000004b54e000-0x000000004bd93fff] usable
[    0.000000] reserve setup_data: [mem 0x000000004bd94000-0x000000004be99fff] reserved
[    0.000000] reserve setup_data: [mem 0x000000004be9a000-0x000000004cdfffff] usable
[    0.000000] reserve setup_data: [mem 0x000000004ce00000-0x000000004cffffff] reserved
[    0.000000] reserve setup_data: [mem 0x000000004d000000-0x000000005eefdfff] usable
[    0.000000] reserve setup_data: [mem 0x000000005eefe000-0x000000006e3fefff] reserved
[    0.000000] reserve setup_data: [mem 0x000000006e3ff000-0x000000006f3fefff] ACPI NVS
[    0.000000] reserve setup_data: [mem 0x000000006f3ff000-0x000000006f7fefff] ACPI data
[    0.000000] reserve setup_data: [mem 0x000000006f7ff000-0x000000006f7fffff] usable
[    0.000000] reserve setup_data: [mem 0x000000006f800000-0x000000008fffffff] reserved
[    0.000000] reserve setup_data: [mem 0x00000000fe000000-0x00000000fe010fff] reserved
[    0.000000] reserve setup_data: [mem 0x0000000100000000-0x0000000c157fffff] persistent (type 12)
[    0.000000] reserve setup_data: [mem 0x0000000c15800000-0x0000000fffffffff] usable
[    0.000000] reserve setup_data: [mem 0x0000001000000000-0x0000001ebfffffff] persistent (type 12)
[    0.000000] reserve setup_data: [mem 0x0000001ec0000000-0x000000207fffffff] usable
[    0.000000] reserve setup_data: [mem 0x0000002080000000-0x0000011c7fffffff] persistent (type 7)
[    0.000000] reserve setup_data: [mem 0x00001ffc00000000-0x00001fffffffffff] reserved
[    0.000000] user-defined physical RAM map:
[    0.000000] user: [mem 0x0000000000000000-0x000000000008efff] usable
[    0.000000] user: [mem 0x000000000008f000-0x000000000008ffff] reserved
[    0.000000] user: [mem 0x0000000000090000-0x000000000009ffff] usable
[    0.000000] user: [mem 0x00000000000a0000-0x00000000000fffff] reserved
[    0.000000] user: [mem 0x0000000000100000-0x0000000046cc401f] usable
[    0.000000] user: [mem 0x0000000046cc4020-0x0000000046cf5a5f] usable
[    0.000000] user: [mem 0x0000000046cf5a60-0x0000000046cf601f] usable
[    0.000000] user: [mem 0x0000000046cf6020-0x0000000046d28c5f] usable
[    0.000000] user: [mem 0x0000000046d28c60-0x0000000046d2901f] usable
[    0.000000] user: [mem 0x0000000046d29020-0x0000000046d5bc5f] usable
[    0.000000] user: [mem 0x0000000046d5bc60-0x0000000046d5c01f] usable
[    0.000000] user: [mem 0x0000000046d5c020-0x0000000046d6405f] usable
[    0.000000] user: [mem 0x0000000046d64060-0x0000000049e76fff] usable
[    0.000000] user: [mem 0x0000000049e77000-0x000000004ae76fff] ACPI NVS
[    0.000000] user: [mem 0x000000004ae77000-0x000000004b2cefff] usable
[    0.000000] user: [mem 0x000000004b2cf000-0x000000004b54dfff] ACPI data
[    0.000000] user: [mem 0x000000004b54e000-0x000000004bd93fff] usable
[    0.000000] user: [mem 0x000000004bd94000-0x000000004be99fff] reserved
[    0.000000] user: [mem 0x000000004be9a000-0x000000004cdfffff] usable
[    0.000000] user: [mem 0x000000004ce00000-0x000000004cffffff] reserved
[    0.000000] user: [mem 0x000000004d000000-0x000000005eefdfff] usable
[    0.000000] user: [mem 0x000000005eefe000-0x000000006e3fefff] reserved
[    0.000000] user: [mem 0x000000006e3ff000-0x000000006f3fefff] ACPI NVS
[    0.000000] user: [mem 0x000000006f3ff000-0x000000006f7fefff] ACPI data
[    0.000000] user: [mem 0x000000006f7ff000-0x000000006f7fffff] usable
[    0.000000] user: [mem 0x000000006f800000-0x000000008fffffff] reserved
[    0.000000] user: [mem 0x00000000fe000000-0x00000000fe010fff] reserved
[    0.000000] user: [mem 0x0000000100000000-0x0000000c157fffff] persistent (type 12)
[    0.000000] user: [mem 0x0000000c15800000-0x0000000fffffffff] usable
[    0.000000] user: [mem 0x0000001000000000-0x0000001ebfffffff] persistent (type 12)
[    0.000000] user: [mem 0x0000001ec0000000-0x000000207fffffff] usable
[    0.000000] user: [mem 0x0000002080000000-0x0000011c7fffffff] persistent (type 7)
[    0.000000] user: [mem 0x00001ffc00000000-0x00001fffffffffff] reserved
[    0.000000] efi: EFI v2.70 by Dell Inc.
[    0.000000] efi: ACPI=0x6f7fe000 ACPI 2.0=0x6f7fe014 MEMATTR=0x5b071020 SMBIOS=0x69526000 SMBIOS 3.0=0x69524000 MOKvar=0x5ef81000 RNG=0x5ef8a920 
[    0.000000] efi: seeding entropy pool
[    0.000000] SMBIOS 3.3.0 present.
[    0.000000] DMI: Dell Inc. PowerEdge R750/0K8F35, BIOS 1.10.2 03/03/2023
[    0.000000] tsc: Detected 2000.000 MHz processor
[    0.000006] e820: update [mem 0x00000000-0x00000fff] usable ==> reserved
[    0.000009] e820: remove [mem 0x000a0000-0x000fffff] usable
[    0.000018] last_pfn = 0x2080000 max_arch_pfn = 0x400000000
[    0.000195] x86/PAT: Configuration [0-7]: WB  WC  UC- UC  WB  WP  UC- WT  
[    0.002850] total RAM covered: 2095088M
[    0.002934]  gran_size: 64K 	chunk_size: 64K 	num_reg: 10  	lose cover RAM: 2016G
[    0.002937]  gran_size: 64K 	chunk_size: 128K 	num_reg: 10  	lose cover RAM: 2016G
[    0.002939]  gran_size: 64K 	chunk_size: 256K 	num_reg: 10  	lose cover RAM: 2016G
[    0.002940]  gran_size: 64K 	chunk_size: 512K 	num_reg: 10  	lose cover RAM: 2016G
[    0.002941]  gran_size: 64K 	chunk_size: 1M 	num_reg: 10  	lose cover RAM: 2016G
[    0.002943]  gran_size: 64K 	chunk_size: 2M 	num_reg: 10  	lose cover RAM: 2016G
[    0.002944]  gran_size: 64K 	chunk_size: 4M 	num_reg: 10  	lose cover RAM: 2016G
[    0.002945]  gran_size: 64K 	chunk_size: 8M 	num_reg: 10  	lose cover RAM: 2016G
[    0.002947]  gran_size: 64K 	chunk_size: 16M 	num_reg: 10  	lose cover RAM: 2016G
[    0.002948]  gran_size: 64K 	chunk_size: 32M 	num_reg: 10  	lose cover RAM: 1024G
[    0.002949]  gran_size: 64K 	chunk_size: 64M 	num_reg: 10  	lose cover RAM: 1024G
[    0.002951]  gran_size: 64K 	chunk_size: 128M 	num_reg: 10  	lose cover RAM: 1024G
[    0.002952]  gran_size: 64K 	chunk_size: 256M 	num_reg: 10  	lose cover RAM: 1024G
[    0.002953]  gran_size: 64K 	chunk_size: 512M 	num_reg: 10  	lose cover RAM: 1024G
[    0.002955]  gran_size: 64K 	chunk_size: 1G 	num_reg: 10  	lose cover RAM: 1024G
[    0.002956]  gran_size: 64K 	chunk_size: 2G 	num_reg: 10  	lose cover RAM: 1024G
[    0.002957]  gran_size: 128K 	chunk_size: 128K 	num_reg: 10  	lose cover RAM: 2016G
[    0.002959]  gran_size: 128K 	chunk_size: 256K 	num_reg: 10  	lose cover RAM: 2016G
[    0.002960]  gran_size: 128K 	chunk_size: 512K 	num_reg: 10  	lose cover RAM: 2016G
[    0.002961]  gran_size: 128K 	chunk_size: 1M 	num_reg: 10  	lose cover RAM: 2016G
[    0.002963]  gran_size: 128K 	chunk_size: 2M 	num_reg: 10  	lose cover RAM: 2016G
[    0.002964]  gran_size: 128K 	chunk_size: 4M 	num_reg: 10  	lose cover RAM: 2016G
[    0.002965]  gran_size: 128K 	chunk_size: 8M 	num_reg: 10  	lose cover RAM: 2016G
[    0.002967]  gran_size: 128K 	chunk_size: 16M 	num_reg: 10  	lose cover RAM: 2016G
[    0.002968]  gran_size: 128K 	chunk_size: 32M 	num_reg: 10  	lose cover RAM: 1024G
[    0.002969]  gran_size: 128K 	chunk_size: 64M 	num_reg: 10  	lose cover RAM: 1024G
[    0.002970]  gran_size: 128K 	chunk_size: 128M 	num_reg: 10  	lose cover RAM: 1024G
[    0.002972]  gran_size: 128K 	chunk_size: 256M 	num_reg: 10  	lose cover RAM: 1024G
[    0.002973]  gran_size: 128K 	chunk_size: 512M 	num_reg: 10  	lose cover RAM: 1024G
[    0.002974]  gran_size: 128K 	chunk_size: 1G 	num_reg: 10  	lose cover RAM: 1024G
[    0.002976]  gran_size: 128K 	chunk_size: 2G 	num_reg: 10  	lose cover RAM: 1024G
[    0.002977]  gran_size: 256K 	chunk_size: 256K 	num_reg: 10  	lose cover RAM: 2016G
[    0.002979]  gran_size: 256K 	chunk_size: 512K 	num_reg: 10  	lose cover RAM: 2016G
[    0.002980]  gran_size: 256K 	chunk_size: 1M 	num_reg: 10  	lose cover RAM: 2016G
[    0.002981]  gran_size: 256K 	chunk_size: 2M 	num_reg: 10  	lose cover RAM: 2016G
[    0.002983]  gran_size: 256K 	chunk_size: 4M 	num_reg: 10  	lose cover RAM: 2016G
[    0.002984]  gran_size: 256K 	chunk_size: 8M 	num_reg: 10  	lose cover RAM: 2016G
[    0.002985]  gran_size: 256K 	chunk_size: 16M 	num_reg: 10  	lose cover RAM: 2016G
[    0.002987]  gran_size: 256K 	chunk_size: 32M 	num_reg: 10  	lose cover RAM: 1024G
[    0.002988]  gran_size: 256K 	chunk_size: 64M 	num_reg: 10  	lose cover RAM: 1024G
[    0.002989]  gran_size: 256K 	chunk_size: 128M 	num_reg: 10  	lose cover RAM: 1024G
[    0.002991]  gran_size: 256K 	chunk_size: 256M 	num_reg: 10  	lose cover RAM: 1024G
[    0.002992]  gran_size: 256K 	chunk_size: 512M 	num_reg: 10  	lose cover RAM: 1024G
[    0.002993]  gran_size: 256K 	chunk_size: 1G 	num_reg: 10  	lose cover RAM: 1024G
[    0.002994]  gran_size: 256K 	chunk_size: 2G 	num_reg: 10  	lose cover RAM: 1024G
[    0.002996]  gran_size: 512K 	chunk_size: 512K 	num_reg: 10  	lose cover RAM: 2016G
[    0.002997]  gran_size: 512K 	chunk_size: 1M 	num_reg: 10  	lose cover RAM: 2016G
[    0.002998]  gran_size: 512K 	chunk_size: 2M 	num_reg: 10  	lose cover RAM: 2016G
[    0.003000]  gran_size: 512K 	chunk_size: 4M 	num_reg: 10  	lose cover RAM: 2016G
[    0.003001]  gran_size: 512K 	chunk_size: 8M 	num_reg: 10  	lose cover RAM: 2016G
[    0.003002]  gran_size: 512K 	chunk_size: 16M 	num_reg: 10  	lose cover RAM: 2016G
[    0.003003]  gran_size: 512K 	chunk_size: 32M 	num_reg: 10  	lose cover RAM: 1024G
[    0.003005]  gran_size: 512K 	chunk_size: 64M 	num_reg: 10  	lose cover RAM: 1024G
[    0.003006]  gran_size: 512K 	chunk_size: 128M 	num_reg: 10  	lose cover RAM: 1024G
[    0.003007]  gran_size: 512K 	chunk_size: 256M 	num_reg: 10  	lose cover RAM: 1024G
[    0.003009]  gran_size: 512K 	chunk_size: 512M 	num_reg: 10  	lose cover RAM: 1024G
[    0.003010]  gran_size: 512K 	chunk_size: 1G 	num_reg: 10  	lose cover RAM: 1024G
[    0.003011]  gran_size: 512K 	chunk_size: 2G 	num_reg: 10  	lose cover RAM: 1024G
[    0.003013]  gran_size: 1M 	chunk_size: 1M 	num_reg: 10  	lose cover RAM: 2016G
[    0.003014]  gran_size: 1M 	chunk_size: 2M 	num_reg: 10  	lose cover RAM: 2016G
[    0.003016]  gran_size: 1M 	chunk_size: 4M 	num_reg: 10  	lose cover RAM: 2016G
[    0.003017]  gran_size: 1M 	chunk_size: 8M 	num_reg: 10  	lose cover RAM: 2016G
[    0.003018]  gran_size: 1M 	chunk_size: 16M 	num_reg: 10  	lose cover RAM: 2016G
[    0.003019]  gran_size: 1M 	chunk_size: 32M 	num_reg: 10  	lose cover RAM: 1024G
[    0.003021]  gran_size: 1M 	chunk_size: 64M 	num_reg: 10  	lose cover RAM: 1024G
[    0.003022]  gran_size: 1M 	chunk_size: 128M 	num_reg: 10  	lose cover RAM: 1024G
[    0.003023]  gran_size: 1M 	chunk_size: 256M 	num_reg: 10  	lose cover RAM: 1024G
[    0.003025]  gran_size: 1M 	chunk_size: 512M 	num_reg: 10  	lose cover RAM: 1024G
[    0.003026]  gran_size: 1M 	chunk_size: 1G 	num_reg: 10  	lose cover RAM: 1024G
[    0.003027]  gran_size: 1M 	chunk_size: 2G 	num_reg: 10  	lose cover RAM: 1024G
[    0.003029]  gran_size: 2M 	chunk_size: 2M 	num_reg: 10  	lose cover RAM: 2016G
[    0.003030]  gran_size: 2M 	chunk_size: 4M 	num_reg: 10  	lose cover RAM: 2016G
[    0.003031]  gran_size: 2M 	chunk_size: 8M 	num_reg: 10  	lose cover RAM: 2016G
[    0.003032]  gran_size: 2M 	chunk_size: 16M 	num_reg: 10  	lose cover RAM: 2016G
[    0.003034]  gran_size: 2M 	chunk_size: 32M 	num_reg: 10  	lose cover RAM: 1024G
[    0.003035]  gran_size: 2M 	chunk_size: 64M 	num_reg: 10  	lose cover RAM: 1024G
[    0.003036]  gran_size: 2M 	chunk_size: 128M 	num_reg: 10  	lose cover RAM: 1024G
[    0.003038]  gran_size: 2M 	chunk_size: 256M 	num_reg: 10  	lose cover RAM: 1024G
[    0.003039]  gran_size: 2M 	chunk_size: 512M 	num_reg: 10  	lose cover RAM: 1024G
[    0.003040]  gran_size: 2M 	chunk_size: 1G 	num_reg: 10  	lose cover RAM: 1024G
[    0.003042]  gran_size: 2M 	chunk_size: 2G 	num_reg: 10  	lose cover RAM: 1024G
[    0.003043]  gran_size: 4M 	chunk_size: 4M 	num_reg: 10  	lose cover RAM: 2016G
[    0.003045]  gran_size: 4M 	chunk_size: 8M 	num_reg: 10  	lose cover RAM: 2016G
[    0.003046]  gran_size: 4M 	chunk_size: 16M 	num_reg: 10  	lose cover RAM: 2016G
[    0.003047]  gran_size: 4M 	chunk_size: 32M 	num_reg: 10  	lose cover RAM: 1024G
[    0.003049]  gran_size: 4M 	chunk_size: 64M 	num_reg: 10  	lose cover RAM: 1024G
[    0.003050]  gran_size: 4M 	chunk_size: 128M 	num_reg: 10  	lose cover RAM: 1024G
[    0.003051]  gran_size: 4M 	chunk_size: 256M 	num_reg: 10  	lose cover RAM: 1024G
[    0.003052]  gran_size: 4M 	chunk_size: 512M 	num_reg: 10  	lose cover RAM: 1024G
[    0.003054]  gran_size: 4M 	chunk_size: 1G 	num_reg: 10  	lose cover RAM: 1024G
[    0.003055]  gran_size: 4M 	chunk_size: 2G 	num_reg: 10  	lose cover RAM: 1024G
[    0.003056]  gran_size: 8M 	chunk_size: 8M 	num_reg: 10  	lose cover RAM: 2016G
[    0.003058]  gran_size: 8M 	chunk_size: 16M 	num_reg: 10  	lose cover RAM: 2016G
[    0.003059]  gran_size: 8M 	chunk_size: 32M 	num_reg: 10  	lose cover RAM: 1024G
[    0.003060]  gran_size: 8M 	chunk_size: 64M 	num_reg: 10  	lose cover RAM: 1024G
[    0.003062]  gran_size: 8M 	chunk_size: 128M 	num_reg: 10  	lose cover RAM: 1024G
[    0.003063]  gran_size: 8M 	chunk_size: 256M 	num_reg: 10  	lose cover RAM: 1024G
[    0.003064]  gran_size: 8M 	chunk_size: 512M 	num_reg: 10  	lose cover RAM: 1024G
[    0.003066]  gran_size: 8M 	chunk_size: 1G 	num_reg: 10  	lose cover RAM: 1024G
[    0.003067]  gran_size: 8M 	chunk_size: 2G 	num_reg: 10  	lose cover RAM: 1024G
[    0.003068]  gran_size: 16M 	chunk_size: 16M 	num_reg: 10  	lose cover RAM: 2016G
[    0.003069]  gran_size: 16M 	chunk_size: 32M 	num_reg: 10  	lose cover RAM: 1024G
[    0.003071]  gran_size: 16M 	chunk_size: 64M 	num_reg: 10  	lose cover RAM: 1024G
[    0.003072]  gran_size: 16M 	chunk_size: 128M 	num_reg: 10  	lose cover RAM: 1024G
[    0.003074]  gran_size: 16M 	chunk_size: 256M 	num_reg: 10  	lose cover RAM: 1024G
[    0.003075]  gran_size: 16M 	chunk_size: 512M 	num_reg: 10  	lose cover RAM: 1024G
[    0.003076]  gran_size: 16M 	chunk_size: 1G 	num_reg: 10  	lose cover RAM: 1024G
[    0.003078]  gran_size: 16M 	chunk_size: 2G 	num_reg: 10  	lose cover RAM: 1024G
[    0.003079]  gran_size: 32M 	chunk_size: 32M 	num_reg: 10  	lose cover RAM: 2031632M
[    0.003081]  gran_size: 32M 	chunk_size: 64M 	num_reg: 10  	lose cover RAM: 1048592M
[    0.003082]  gran_size: 32M 	chunk_size: 128M 	num_reg: 10  	lose cover RAM: 1048592M
[    0.003083]  gran_size: 32M 	chunk_size: 256M 	num_reg: 10  	lose cover RAM: 1048592M
[    0.003085]  gran_size: 32M 	chunk_size: 512M 	num_reg: 10  	lose cover RAM: 1048592M
[    0.003086]  gran_size: 32M 	chunk_size: 1G 	num_reg: 10  	lose cover RAM: 1048592M
[    0.003087]  gran_size: 32M 	chunk_size: 2G 	num_reg: 10  	lose cover RAM: 1048592M
[    0.003089]  gran_size: 64M 	chunk_size: 64M 	num_reg: 10  	lose cover RAM: 1966128M
[    0.003090]  gran_size: 64M 	chunk_size: 128M 	num_reg: 10  	lose cover RAM: 1048624M
[    0.003091]  gran_size: 64M 	chunk_size: 256M 	num_reg: 10  	lose cover RAM: 1048624M
[    0.003093]  gran_size: 64M 	chunk_size: 512M 	num_reg: 10  	lose cover RAM: 1048624M
[    0.003094]  gran_size: 64M 	chunk_size: 1G 	num_reg: 10  	lose cover RAM: 1048624M
[    0.003095]  gran_size: 64M 	chunk_size: 2G 	num_reg: 10  	lose cover RAM: 1048624M
[    0.003097]  gran_size: 128M 	chunk_size: 128M 	num_reg: 10  	lose cover RAM: 1835120M
[    0.003098]  gran_size: 128M 	chunk_size: 256M 	num_reg: 10  	lose cover RAM: 1048688M
[    0.003099]  gran_size: 128M 	chunk_size: 512M 	num_reg: 10  	lose cover RAM: 1048688M
[    0.003101]  gran_size: 128M 	chunk_size: 1G 	num_reg: 10  	lose cover RAM: 1048688M
[    0.003102]  gran_size: 128M 	chunk_size: 2G 	num_reg: 10  	lose cover RAM: 1048688M
[    0.003104]  gran_size: 256M 	chunk_size: 256M 	num_reg: 10  	lose cover RAM: 1573104M
[    0.003105]  gran_size: 256M 	chunk_size: 512M 	num_reg: 10  	lose cover RAM: 1048816M
[    0.003106]  gran_size: 256M 	chunk_size: 1G 	num_reg: 10  	lose cover RAM: 1048816M
[    0.003108]  gran_size: 256M 	chunk_size: 2G 	num_reg: 10  	lose cover RAM: 1048816M
[    0.003109]  gran_size: 512M 	chunk_size: 512M 	num_reg: 10  	lose cover RAM: 1049072M
[    0.003110]  gran_size: 512M 	chunk_size: 1G 	num_reg: 10  	lose cover RAM: 1049072M
[    0.003112]  gran_size: 512M 	chunk_size: 2G 	num_reg: 10  	lose cover RAM: 1049072M
[    0.003113]  gran_size: 1G 	chunk_size: 1G 	num_reg: 10  	lose cover RAM: 1008M
[    0.003114]  gran_size: 1G 	chunk_size: 2G 	num_reg: 10  	lose cover RAM: 1008M
[    0.003115]  gran_size: 2G 	chunk_size: 2G 	num_reg: 9  	lose cover RAM: 2032M
[    0.003117] mtrr_cleanup: can not find optimal value
[    0.003118] please specify mtrr_gran_size/mtrr_chunk_size
[    0.003120] e820: update [mem 0x7f000000-0xffffffff] usable ==> reserved
[    0.003123] x2apic: enabled by BIOS, switching to x2apic ops
[    0.003124] last_pfn = 0x6f800 max_arch_pfn = 0x400000000
[    0.014552] Using GB pages for direct mapping
[    0.015529] Secure boot disabled
[    0.015530] RAMDISK: [mem 0x205de61000-0x207fffffff]
[    0.015535] ACPI: Early table checksum verification disabled
[    0.015537] ACPI: RSDP 0x000000006F7FE014 000024 (v02 DELL  )
[    0.015541] ACPI: XSDT 0x000000006F41C188 0000F4 (v01 DELL   PE_SC3   00000000 DELL 01000013)
[    0.015546] ACPI: FACP 0x000000006F430000 000114 (v06 DELL   PE_SC3   00000000 DELL 00000001)
[    0.015552] ACPI: DSDT 0x000000004B4CE000 07FAD3 (v02 DELL   PE_SC3   00000003 DELL 00000001)
[    0.015555] ACPI: FACS 0x000000006F2F2000 000040
[    0.015558] ACPI: SSDT 0x000000006F7FB000 00159A (v02 INTEL  RAS_ACPI 00000001 INTL 20210331)
[    0.015562] ACPI: SSDT 0x000000006F7FA000 000745 (v02 INTEL  ADDRXLAT 00000001 INTL 20210331)
[    0.015566] ACPI: MCEJ 0x000000006F7F9000 000130 (v01 INTEL           00000001 INTL 0100000D)
[    0.015569] ACPI: BERT 0x000000006F7F8000 000030 (v01 DELL   PE_SC3   00000001 INTL 00000001)
[    0.015572] ACPI: ERST 0x000000006F7F7000 000230 (v01 DELL   PE_SC3   00000001 INTL 00000001)
[    0.015576] ACPI: SSDT 0x000000006F431000 3C524E (v02 INTEL  SSDTNVDR 00001000 INTL 20210331)
[    0.015579] ACPI: HMAT 0x000000006F42F000 000210 (v01 DELL   PE_SC3   00000001 DELL 00000001)
[    0.015583] ACPI: HPET 0x000000006F42E000 000038 (v01 DELL   PE_SC3   00000001 DELL 00000001)
[    0.015586] ACPI: MCFG 0x000000006F42D000 00003C (v01 DELL   PE_SC3   00000001 DELL 00000001)
[    0.015589] ACPI: MIGT 0x000000006F42C000 000040 (v01 DELL   PE_SC3   00000000 DELL 00000001)
[    0.015592] ACPI: MSCT 0x000000006F42B000 000090 (v01 DELL   PE_SC3   00000001 DELL 00000001)
[    0.015596] ACPI: PMTT 0x000000006F429000 0011E8 (v02 DELL   PE_SC3   00000001 DELL 00000001)
[    0.015599] ACPI: WSMT 0x000000006F428000 000028 (v01 DELL   PE_SC3   00000000 DELL 00000001)
[    0.015602] ACPI: APIC 0x000000006F427000 00075E (v04 DELL   PE_SC3   00000000 DELL 00000001)
[    0.015606] ACPI: SLIT 0x000000006F426000 00003C (v01 DELL   PE_SC3   00000001 DELL 01000013)
[    0.015609] ACPI: SRAT 0x000000006F41F000 006430 (v03 DELL   PE_SC3   00000002 DELL 01000013)
[    0.015612] ACPI: OEM4 0x000000004B346000 187A61 (v02 INTEL  CPU  CST 00003000 INTL 20210331)
[    0.015616] ACPI: SSDT 0x000000004B2CF000 0764A5 (v02 INTEL  SSDT  PM 00004000 INTL 20210331)
[    0.015619] ACPI: SSDT 0x000000006F41E000 000A1F (v02 DELL   PE_SC3   00000000 DELL 00000001)
[    0.015623] ACPI: HEST 0x000000006F41D000 00017C (v01 DELL   PE_SC3   00000001 INTL 00000001)
[    0.015626] ACPI: PCAT 0x000000006F41B000 00010C (v19 DELL   PE_SC3   00000002 DELL 00000001)
[    0.015630] ACPI: SSDT 0x000000006F413000 007299 (v02 INTEL  SpsNm    00000002 INTL 20210331)
[    0.015633] ACPI: SSDT 0x000000006F412000 000426 (v02 DELL   PE_SC3   00000002 DELL 00000001)
[    0.015636] ACPI: NFIT 0x000000006F7FD000 000488 (v01 DELL   PE_SC3   00000002 DELL 00000001)
[    0.015640] ACPI: DMAR 0x000000006F411000 000158 (v01 DELL   PE_SC3   00000001 DELL 00000001)
[    0.015642] ACPI: Reserving FACP table memory at [mem 0x6f430000-0x6f430113]
[    0.015644] ACPI: Reserving DSDT table memory at [mem 0x4b4ce000-0x4b54dad2]
[    0.015645] ACPI: Reserving FACS table memory at [mem 0x6f2f2000-0x6f2f203f]
[    0.015646] ACPI: Reserving SSDT table memory at [mem 0x6f7fb000-0x6f7fc599]
[    0.015647] ACPI: Reserving SSDT table memory at [mem 0x6f7fa000-0x6f7fa744]
[    0.015648] ACPI: Reserving MCEJ table memory at [mem 0x6f7f9000-0x6f7f912f]
[    0.015649] ACPI: Reserving BERT table memory at [mem 0x6f7f8000-0x6f7f802f]
[    0.015650] ACPI: Reserving ERST table memory at [mem 0x6f7f7000-0x6f7f722f]
[    0.015651] ACPI: Reserving SSDT table memory at [mem 0x6f431000-0x6f7f624d]
[    0.015651] ACPI: Reserving HMAT table memory at [mem 0x6f42f000-0x6f42f20f]
[    0.015652] ACPI: Reserving HPET table memory at [mem 0x6f42e000-0x6f42e037]
[    0.015653] ACPI: Reserving MCFG table memory at [mem 0x6f42d000-0x6f42d03b]
[    0.015654] ACPI: Reserving MIGT table memory at [mem 0x6f42c000-0x6f42c03f]
[    0.015655] ACPI: Reserving MSCT table memory at [mem 0x6f42b000-0x6f42b08f]
[    0.015656] ACPI: Reserving PMTT table memory at [mem 0x6f429000-0x6f42a1e7]
[    0.015657] ACPI: Reserving WSMT table memory at [mem 0x6f428000-0x6f428027]
[    0.015658] ACPI: Reserving APIC table memory at [mem 0x6f427000-0x6f42775d]
[    0.015659] ACPI: Reserving SLIT table memory at [mem 0x6f426000-0x6f42603b]
[    0.015660] ACPI: Reserving SRAT table memory at [mem 0x6f41f000-0x6f42542f]
[    0.015660] ACPI: Reserving OEM4 table memory at [mem 0x4b346000-0x4b4cda60]
[    0.015661] ACPI: Reserving SSDT table memory at [mem 0x4b2cf000-0x4b3454a4]
[    0.015662] ACPI: Reserving SSDT table memory at [mem 0x6f41e000-0x6f41ea1e]
[    0.015663] ACPI: Reserving HEST table memory at [mem 0x6f41d000-0x6f41d17b]
[    0.015664] ACPI: Reserving PCAT table memory at [mem 0x6f41b000-0x6f41b10b]
[    0.015665] ACPI: Reserving SSDT table memory at [mem 0x6f413000-0x6f41a298]
[    0.015666] ACPI: Reserving SSDT table memory at [mem 0x6f412000-0x6f412425]
[    0.015667] ACPI: Reserving NFIT table memory at [mem 0x6f7fd000-0x6f7fd487]
[    0.015668] ACPI: Reserving DMAR table memory at [mem 0x6f411000-0x6f411157]
[    0.015678] Setting APIC routing to cluster x2apic.
[    0.015725] SRAT: PXM 0 -> APIC 0x0000 -> Node 0
[    0.015726] SRAT: PXM 0 -> APIC 0x0001 -> Node 0
[    0.015727] SRAT: PXM 0 -> APIC 0x0002 -> Node 0
[    0.015728] SRAT: PXM 0 -> APIC 0x0003 -> Node 0
[    0.015728] SRAT: PXM 0 -> APIC 0x0004 -> Node 0
[    0.015729] SRAT: PXM 0 -> APIC 0x0005 -> Node 0
[    0.015730] SRAT: PXM 0 -> APIC 0x0006 -> Node 0
[    0.015730] SRAT: PXM 0 -> APIC 0x0007 -> Node 0
[    0.015731] SRAT: PXM 0 -> APIC 0x0008 -> Node 0
[    0.015732] SRAT: PXM 0 -> APIC 0x0009 -> Node 0
[    0.015732] SRAT: PXM 0 -> APIC 0x000a -> Node 0
[    0.015733] SRAT: PXM 0 -> APIC 0x000b -> Node 0
[    0.015734] SRAT: PXM 0 -> APIC 0x000c -> Node 0
[    0.015734] SRAT: PXM 0 -> APIC 0x000d -> Node 0
[    0.015735] SRAT: PXM 0 -> APIC 0x000e -> Node 0
[    0.015736] SRAT: PXM 0 -> APIC 0x000f -> Node 0
[    0.015737] SRAT: PXM 0 -> APIC 0x0010 -> Node 0
[    0.015738] SRAT: PXM 0 -> APIC 0x0011 -> Node 0
[    0.015739] SRAT: PXM 0 -> APIC 0x0012 -> Node 0
[    0.015739] SRAT: PXM 0 -> APIC 0x0013 -> Node 0
[    0.015740] SRAT: PXM 0 -> APIC 0x0014 -> Node 0
[    0.015741] SRAT: PXM 0 -> APIC 0x0015 -> Node 0
[    0.015741] SRAT: PXM 0 -> APIC 0x0016 -> Node 0
[    0.015742] SRAT: PXM 0 -> APIC 0x0017 -> Node 0
[    0.015743] SRAT: PXM 0 -> APIC 0x0018 -> Node 0
[    0.015743] SRAT: PXM 0 -> APIC 0x0019 -> Node 0
[    0.015744] SRAT: PXM 0 -> APIC 0x001a -> Node 0
[    0.015745] SRAT: PXM 0 -> APIC 0x001b -> Node 0
[    0.015745] SRAT: PXM 0 -> APIC 0x001c -> Node 0
[    0.015746] SRAT: PXM 0 -> APIC 0x001d -> Node 0
[    0.015747] SRAT: PXM 0 -> APIC 0x001e -> Node 0
[    0.015747] SRAT: PXM 0 -> APIC 0x001f -> Node 0
[    0.015748] SRAT: PXM 0 -> APIC 0x0020 -> Node 0
[    0.015749] SRAT: PXM 0 -> APIC 0x0021 -> Node 0
[    0.015749] SRAT: PXM 0 -> APIC 0x0022 -> Node 0
[    0.015750] SRAT: PXM 0 -> APIC 0x0023 -> Node 0
[    0.015751] SRAT: PXM 0 -> APIC 0x0024 -> Node 0
[    0.015751] SRAT: PXM 0 -> APIC 0x0025 -> Node 0
[    0.015752] SRAT: PXM 0 -> APIC 0x0026 -> Node 0
[    0.015753] SRAT: PXM 0 -> APIC 0x0027 -> Node 0
[    0.015753] SRAT: PXM 0 -> APIC 0x0028 -> Node 0
[    0.015754] SRAT: PXM 0 -> APIC 0x0029 -> Node 0
[    0.015755] SRAT: PXM 0 -> APIC 0x002a -> Node 0
[    0.015755] SRAT: PXM 0 -> APIC 0x002b -> Node 0
[    0.015756] SRAT: PXM 0 -> APIC 0x002c -> Node 0
[    0.015756] SRAT: PXM 0 -> APIC 0x002d -> Node 0
[    0.015757] SRAT: PXM 0 -> APIC 0x002e -> Node 0
[    0.015758] SRAT: PXM 0 -> APIC 0x002f -> Node 0
[    0.015758] SRAT: PXM 0 -> APIC 0x0030 -> Node 0
[    0.015759] SRAT: PXM 0 -> APIC 0x0031 -> Node 0
[    0.015760] SRAT: PXM 0 -> APIC 0x0032 -> Node 0
[    0.015760] SRAT: PXM 0 -> APIC 0x0033 -> Node 0
[    0.015761] SRAT: PXM 0 -> APIC 0x0034 -> Node 0
[    0.015762] SRAT: PXM 0 -> APIC 0x0035 -> Node 0
[    0.015762] SRAT: PXM 0 -> APIC 0x0036 -> Node 0
[    0.015763] SRAT: PXM 0 -> APIC 0x0037 -> Node 0
[    0.015764] SRAT: PXM 1 -> APIC 0x0080 -> Node 1
[    0.015764] SRAT: PXM 1 -> APIC 0x0081 -> Node 1
[    0.015765] SRAT: PXM 1 -> APIC 0x0082 -> Node 1
[    0.015766] SRAT: PXM 1 -> APIC 0x0083 -> Node 1
[    0.015767] SRAT: PXM 1 -> APIC 0x0084 -> Node 1
[    0.015767] SRAT: PXM 1 -> APIC 0x0085 -> Node 1
[    0.015768] SRAT: PXM 1 -> APIC 0x0086 -> Node 1
[    0.015769] SRAT: PXM 1 -> APIC 0x0087 -> Node 1
[    0.015770] SRAT: PXM 1 -> APIC 0x0088 -> Node 1
[    0.015770] SRAT: PXM 1 -> APIC 0x0089 -> Node 1
[    0.015771] SRAT: PXM 1 -> APIC 0x008a -> Node 1
[    0.015772] SRAT: PXM 1 -> APIC 0x008b -> Node 1
[    0.015772] SRAT: PXM 1 -> APIC 0x008c -> Node 1
[    0.015773] SRAT: PXM 1 -> APIC 0x008d -> Node 1
[    0.015774] SRAT: PXM 1 -> APIC 0x008e -> Node 1
[    0.015774] SRAT: PXM 1 -> APIC 0x008f -> Node 1
[    0.015775] SRAT: PXM 1 -> APIC 0x0090 -> Node 1
[    0.015776] SRAT: PXM 1 -> APIC 0x0091 -> Node 1
[    0.015776] SRAT: PXM 1 -> APIC 0x0092 -> Node 1
[    0.015777] SRAT: PXM 1 -> APIC 0x0093 -> Node 1
[    0.015778] SRAT: PXM 1 -> APIC 0x0094 -> Node 1
[    0.015778] SRAT: PXM 1 -> APIC 0x0095 -> Node 1
[    0.015779] SRAT: PXM 1 -> APIC 0x0096 -> Node 1
[    0.015780] SRAT: PXM 1 -> APIC 0x0097 -> Node 1
[    0.015780] SRAT: PXM 1 -> APIC 0x0098 -> Node 1
[    0.015781] SRAT: PXM 1 -> APIC 0x0099 -> Node 1
[    0.015782] SRAT: PXM 1 -> APIC 0x009a -> Node 1
[    0.015782] SRAT: PXM 1 -> APIC 0x009b -> Node 1
[    0.015783] SRAT: PXM 1 -> APIC 0x009c -> Node 1
[    0.015784] SRAT: PXM 1 -> APIC 0x009d -> Node 1
[    0.015784] SRAT: PXM 1 -> APIC 0x009e -> Node 1
[    0.015785] SRAT: PXM 1 -> APIC 0x009f -> Node 1
[    0.015786] SRAT: PXM 1 -> APIC 0x00a0 -> Node 1
[    0.015786] SRAT: PXM 1 -> APIC 0x00a1 -> Node 1
[    0.015787] SRAT: PXM 1 -> APIC 0x00a2 -> Node 1
[    0.015787] SRAT: PXM 1 -> APIC 0x00a3 -> Node 1
[    0.015788] SRAT: PXM 1 -> APIC 0x00a4 -> Node 1
[    0.015789] SRAT: PXM 1 -> APIC 0x00a5 -> Node 1
[    0.015790] SRAT: PXM 1 -> APIC 0x00a6 -> Node 1
[    0.015790] SRAT: PXM 1 -> APIC 0x00a7 -> Node 1
[    0.015791] SRAT: PXM 1 -> APIC 0x00a8 -> Node 1
[    0.015792] SRAT: PXM 1 -> APIC 0x00a9 -> Node 1
[    0.015792] SRAT: PXM 1 -> APIC 0x00aa -> Node 1
[    0.015793] SRAT: PXM 1 -> APIC 0x00ab -> Node 1
[    0.015793] SRAT: PXM 1 -> APIC 0x00ac -> Node 1
[    0.015794] SRAT: PXM 1 -> APIC 0x00ad -> Node 1
[    0.015795] SRAT: PXM 1 -> APIC 0x00ae -> Node 1
[    0.015795] SRAT: PXM 1 -> APIC 0x00af -> Node 1
[    0.015796] SRAT: PXM 1 -> APIC 0x00b0 -> Node 1
[    0.015797] SRAT: PXM 1 -> APIC 0x00b1 -> Node 1
[    0.015798] SRAT: PXM 1 -> APIC 0x00b2 -> Node 1
[    0.015799] SRAT: PXM 1 -> APIC 0x00b3 -> Node 1
[    0.015799] SRAT: PXM 1 -> APIC 0x00b4 -> Node 1
[    0.015800] SRAT: PXM 1 -> APIC 0x00b5 -> Node 1
[    0.015801] SRAT: PXM 1 -> APIC 0x00b6 -> Node 1
[    0.015802] SRAT: PXM 1 -> APIC 0x00b7 -> Node 1
[    0.015814] ACPI: SRAT: Node 0 PXM 0 [mem 0x00000000-0x7fffffff]
[    0.015816] ACPI: SRAT: Node 0 PXM 0 [mem 0x100000000-0x107fffffff]
[    0.015817] ACPI: SRAT: Node 2 PXM 2 [mem 0x2080000000-0x9e7fffffff] non-volatile
[    0.015819] ACPI: SRAT: Node 1 PXM 1 [mem 0x1080000000-0x207fffffff]
[    0.015820] ACPI: SRAT: Node 3 PXM 3 [mem 0x9e80000000-0x11c7fffffff] non-volatile
[    0.015829] NUMA: Initialized distance table, cnt=4
[    0.015833] NUMA: Node 0 [mem 0x00000000-0x7fffffff] + [mem 0x100000000-0x107fffffff] -> [mem 0x00000000-0x107fffffff]
[    0.015841] NODE_DATA(0) allocated [mem 0xffffd5000-0xfffffffff]
[    0.015860] NODE_DATA(1) allocated [mem 0x205de32000-0x205de5cfff]
[    0.016039] Zone ranges:
[    0.016040]   DMA      [mem 0x0000000000001000-0x0000000000ffffff]
[    0.016042]   DMA32    [mem 0x0000000001000000-0x00000000ffffffff]
[    0.016044]   Normal   [mem 0x0000000100000000-0x000000207fffffff]
[    0.016045]   Device   empty
[    0.016046] Movable zone start for each node
[    0.016050] Early memory node ranges
[    0.016050]   node   0: [mem 0x0000000000001000-0x000000000008efff]
[    0.016052]   node   0: [mem 0x0000000000090000-0x000000000009ffff]
[    0.016053]   node   0: [mem 0x0000000000100000-0x0000000049e76fff]
[    0.016054]   node   0: [mem 0x000000004ae77000-0x000000004b2cefff]
[    0.016055]   node   0: [mem 0x000000004b54e000-0x000000004bd93fff]
[    0.016055]   node   0: [mem 0x000000004be9a000-0x000000004cdfffff]
[    0.016056]   node   0: [mem 0x000000004d000000-0x000000005eefdfff]
[    0.016057]   node   0: [mem 0x000000006f7ff000-0x000000006f7fffff]
[    0.016058]   node   0: [mem 0x0000000c15800000-0x0000000fffffffff]
[    0.016060]   node   1: [mem 0x0000001ec0000000-0x000000207fffffff]
[    0.016061] Initmem setup node 0 [mem 0x0000000000001000-0x0000000fffffffff]
[    0.016064] Initmem setup node 1 [mem 0x0000001ec0000000-0x000000207fffffff]
[    0.016066] Initializing node 2 as memoryless
[    0.016087] Initmem setup node 2 as memoryless
[    0.016088] Initializing node 3 as memoryless
[    0.016108] Initmem setup node 3 as memoryless
[    0.016110] On node 0, zone DMA: 1 pages in unavailable ranges
[    0.016111] On node 0, zone DMA: 1 pages in unavailable ranges
[    0.016143] On node 0, zone DMA: 96 pages in unavailable ranges
[    0.018441] On node 0, zone DMA32: 4096 pages in unavailable ranges
[    0.018463] On node 0, zone DMA32: 639 pages in unavailable ranges
[    0.018496] On node 0, zone DMA32: 262 pages in unavailable ranges
[    0.019053] On node 0, zone DMA32: 512 pages in unavailable ranges
[    0.019333] On node 0, zone DMA32: 35073 pages in unavailable ranges
[    0.050490] On node 0, zone Normal: 24576 pages in unavailable ranges
[    0.064779] ACPI: PM-Timer IO Port: 0x508
[    0.064798] ACPI: X2APIC_NMI (uid[0xffffffff] high edge lint[0x1])
[    0.064802] ACPI: LAPIC_NMI (acpi_id[0xff] high edge lint[0x1])
[    0.064821] IOAPIC[0]: apic_id 8, version 32, address 0xfec00000, GSI 0-119
[    0.064824] ACPI: INT_SRC_OVR (bus 0 bus_irq 0 global_irq 2 dfl dfl)
[    0.064826] ACPI: INT_SRC_OVR (bus 0 bus_irq 9 global_irq 9 high level)
[    0.064830] ACPI: Using ACPI (MADT) for SMP configuration information
[    0.064832] ACPI: HPET id: 0x8086a701 base: 0xfed00000
[    0.064835] TSC deadline timer available
[    0.064837] smpboot: Allowing 112 CPUs, 0 hotplug CPUs
[    0.064866] PM: hibernation: Registered nosave memory: [mem 0x00000000-0x00000fff]
[    0.064868] PM: hibernation: Registered nosave memory: [mem 0x0008f000-0x0008ffff]
[    0.064870] PM: hibernation: Registered nosave memory: [mem 0x000a0000-0x000fffff]
[    0.064872] PM: hibernation: Registered nosave memory: [mem 0x46cc4000-0x46cc4fff]
[    0.064874] PM: hibernation: Registered nosave memory: [mem 0x46cf5000-0x46cf5fff]
[    0.064875] PM: hibernation: Registered nosave memory: [mem 0x46cf6000-0x46cf6fff]
[    0.064876] PM: hibernation: Registered nosave memory: [mem 0x46d28000-0x46d28fff]
[    0.064877] PM: hibernation: Registered nosave memory: [mem 0x46d29000-0x46d29fff]
[    0.064879] PM: hibernation: Registered nosave memory: [mem 0x46d5b000-0x46d5bfff]
[    0.064880] PM: hibernation: Registered nosave memory: [mem 0x46d5c000-0x46d5cfff]
[    0.064881] PM: hibernation: Registered nosave memory: [mem 0x46d64000-0x46d64fff]
[    0.064883] PM: hibernation: Registered nosave memory: [mem 0x49e77000-0x4ae76fff]
[    0.064885] PM: hibernation: Registered nosave memory: [mem 0x4b2cf000-0x4b54dfff]
[    0.064887] PM: hibernation: Registered nosave memory: [mem 0x4bd94000-0x4be99fff]
[    0.064888] PM: hibernation: Registered nosave memory: [mem 0x4ce00000-0x4cffffff]
[    0.064890] PM: hibernation: Registered nosave memory: [mem 0x5eefe000-0x6e3fefff]
[    0.064891] PM: hibernation: Registered nosave memory: [mem 0x6e3ff000-0x6f3fefff]
[    0.064892] PM: hibernation: Registered nosave memory: [mem 0x6f3ff000-0x6f7fefff]
[    0.064894] PM: hibernation: Registered nosave memory: [mem 0x6f800000-0x8fffffff]
[    0.064894] PM: hibernation: Registered nosave memory: [mem 0x90000000-0xfdffffff]
[    0.064895] PM: hibernation: Registered nosave memory: [mem 0xfe000000-0xfe010fff]
[    0.064896] PM: hibernation: Registered nosave memory: [mem 0xfe011000-0xffffffff]
[    0.064896] PM: hibernation: Registered nosave memory: [mem 0x100000000-0xc157fffff]
[    0.064898] PM: hibernation: Registered nosave memory: [mem 0x1000000000-0x1ebfffffff]
[    0.064901] [mem 0x90000000-0xfdffffff] available for PCI devices
[    0.064903] Booting paravirtualized kernel on bare hardware
[    0.064905] clocksource: refined-jiffies: mask: 0xffffffff max_cycles: 0xffffffff, max_idle_ns: 7645519600211568 ns
[    0.064911] setup_percpu: NR_CPUS:8192 nr_cpumask_bits:112 nr_cpu_ids:112 nr_node_ids:4
[    0.069680] percpu: Embedded 61 pages/cpu s212992 r8192 d28672 u262144
[    0.069692] pcpu-alloc: s212992 r8192 d28672 u262144 alloc=1*2097152
[    0.069694] pcpu-alloc: [0] 000 002 004 006 008 010 012 014 
[    0.069700] pcpu-alloc: [0] 016 018 020 022 024 026 028 030 
[    0.069705] pcpu-alloc: [0] 032 034 036 038 040 042 044 046 
[    0.069710] pcpu-alloc: [0] 048 050 052 054 056 058 060 062 
[    0.069714] pcpu-alloc: [0] 064 066 068 070 072 074 076 078 
[    0.069719] pcpu-alloc: [0] 080 082 084 086 088 090 092 094 
[    0.069723] pcpu-alloc: [0] 096 098 100 102 104 106 108 110 
[    0.069728] pcpu-alloc: [1] 001 003 005 007 009 011 013 015 
[    0.069732] pcpu-alloc: [1] 017 019 021 023 025 027 029 031 
[    0.069737] pcpu-alloc: [1] 033 035 037 039 041 043 045 047 
[    0.069741] pcpu-alloc: [1] 049 051 053 055 057 059 061 063 
[    0.069745] pcpu-alloc: [1] 065 067 069 071 073 075 077 079 
[    0.069750] pcpu-alloc: [1] 081 083 085 087 089 091 093 095 
[    0.069754] pcpu-alloc: [1] 097 099 101 103 105 107 109 111 
[    0.069801] Fallback order for Node 0: 0 1 
[    0.069804] Fallback order for Node 1: 1 0 
[    0.069807] Fallback order for Node 2: 2 0 1 
[    0.069809] Fallback order for Node 3: 3 1 0 
[    0.069817] Built 2 zonelists, mobility grouping on.  Total pages: 6224500
[    0.069819] Policy zone: Normal
[    0.069820] Kernel command line: BOOT_IMAGE=/boot/vmlinuz-5.18.0 root=UUID=ce0c24b8-724b-4f33-9b2c-618433560aef ro memmap=45400M!4096M memmap=59G!64G quiet splash nomodeset vt.handoff=1
[    0.069944] Booted with the nomodeset parameter. Only the system framebuffer will be available
[    0.069966] Unknown kernel command line parameters "splash BOOT_IMAGE=/boot/vmlinuz-5.18.0", will be passed to user space.
[    0.069968] printk: log_buf_len individual max cpu contribution: 4096 bytes
[    0.069969] printk: log_buf_len total cpu_extra contributions: 454656 bytes
[    0.069970] printk: log_buf_len min size: 262144 bytes
[    0.070946] printk: log_buf_len: 1048576 bytes
[    0.070947] printk: early log buf free: 223664(85%)
[    0.072854] mem auto-init: stack:off, heap alloc:on, heap free:off
[    0.139490] Memory: 24070056K/25298016K available (16392K kernel code, 3615K rwdata, 10444K rodata, 2688K init, 5836K bss, 1227700K reserved, 0K cma-reserved)
[    0.139497] random: get_random_u64 called from __kmem_cache_create+0x2d/0x480 with crng_init=0
[    0.140180] SLUB: HWalign=64, Order=0-3, MinObjects=0, CPUs=112, Nodes=4
[    0.140213] ftrace: allocating 48795 entries in 191 pages
[    0.148751] ftrace: allocated 191 pages with 7 groups
[    0.149730] Dynamic Preempt: voluntary
[    0.150065] rcu: Preemptible hierarchical RCU implementation.
[    0.150066] rcu: 	RCU restricting CPUs from NR_CPUS=8192 to nr_cpu_ids=112.
[    0.150068] 	Trampoline variant of Tasks RCU enabled.
[    0.150068] 	Rude variant of Tasks RCU enabled.
[    0.150069] 	Tracing variant of Tasks RCU enabled.
[    0.150069] rcu: RCU calculated value of scheduler-enlistment delay is 25 jiffies.
[    0.150070] rcu: Adjusting geometry for rcu_fanout_leaf=16, nr_cpu_ids=112
[    0.153878] NR_IRQS: 524544, nr_irqs: 2952, preallocated irqs: 16
[    0.154224] random: crng init done (trusting CPU's manufacturer)
[    0.154356] Console: colour dummy device 80x25
[    0.154391] printk: console [tty0] enabled
[    0.154591] mempolicy: Enabling automatic NUMA balancing. Configure with numa_balancing= or the kernel.numa_balancing sysctl
[    0.154596] ACPI: Core revision 20211217
[    0.157997] clocksource: hpet: mask: 0xffffffff max_cycles: 0xffffffff, max_idle_ns: 79635855245 ns
[    0.158042] APIC: Switch to symmetric I/O mode setup
[    0.158044] DMAR: Host address width 46
[    0.158045] DMAR: DRHD base: 0x000000d0ffc000 flags: 0x0
[    0.158050] DMAR: dmar0: reg_base_addr d0ffc000 ver 4:0 cap 8ed008c40780466 ecap 60000f050df
[    0.158053] DMAR: DRHD base: 0x000000dbbfc000 flags: 0x0
[    0.158055] DMAR: dmar1: reg_base_addr dbbfc000 ver 4:0 cap 8ed008c40780466 ecap 60000f050df
[    0.158058] DMAR: DRHD base: 0x000000e67fc000 flags: 0x0
[    0.158062] DMAR: dmar2: reg_base_addr e67fc000 ver 4:0 cap 8ed008c40780466 ecap 60000f050df
[    0.158064] DMAR: DRHD base: 0x000000f13fc000 flags: 0x0
[    0.158066] DMAR: dmar3: reg_base_addr f13fc000 ver 4:0 cap 8ed008c40780466 ecap 60000f050df
[    0.158069] DMAR: DRHD base: 0x000000fb7fc000 flags: 0x0
[    0.158071] DMAR: dmar4: reg_base_addr fb7fc000 ver 4:0 cap 8ed008c40780466 ecap 60000f050df
[    0.158073] DMAR: DRHD base: 0x000000a63fc000 flags: 0x0
[    0.158076] DMAR: dmar5: reg_base_addr a63fc000 ver 4:0 cap 8ed008c40780466 ecap 60000f050df
[    0.158078] DMAR: DRHD base: 0x000000b0ffc000 flags: 0x0
[    0.158082] DMAR: dmar6: reg_base_addr b0ffc000 ver 4:0 cap 8ed008c40780466 ecap 60000f050df
[    0.158084] DMAR: DRHD base: 0x000000bbbfc000 flags: 0x0
[    0.158086] DMAR: dmar7: reg_base_addr bbbfc000 ver 4:0 cap 8ed008c40780466 ecap 60000f050df
[    0.158088] DMAR: DRHD base: 0x000000c5ffc000 flags: 0x0
[    0.158090] DMAR: dmar8: reg_base_addr c5ffc000 ver 4:0 cap 8ed008c40780466 ecap 60000f050df
[    0.158092] DMAR: DRHD base: 0x0000009b7fc000 flags: 0x1
[    0.158095] DMAR: dmar9: reg_base_addr 9b7fc000 ver 4:0 cap 8ed008c40780466 ecap 60000f050df
[    0.158097] DMAR: RMRR base: 0x00000069427000 end: 0x00000069429fff
[    0.158098] DMAR: ATSR flags: 0x0
[    0.158101] DMAR-IR: IOAPIC id 8 under DRHD base  0x9b7fc000 IOMMU 9
[    0.158102] DMAR-IR: HPET id 0 under DRHD base 0x9b7fc000
[    0.158103] DMAR-IR: Queued invalidation will be enabled to support x2apic and Intr-remapping.
[    0.161009] DMAR-IR: Enabled IRQ remapping in x2apic mode
[    0.163634] ..TIMER: vector=0x30 apic1=0 pin1=2 apic2=-1 pin2=-1
[    0.181972] clocksource: tsc-early: mask: 0xffffffffffffffff max_cycles: 0x39a85c9bff6, max_idle_ns: 881590591483 ns
[    0.181978] Calibrating delay loop (skipped), value calculated using timer frequency.. 4000.00 BogoMIPS (lpj=8000000)
[    0.181981] pid_max: default: 114688 minimum: 896
[    0.185806] LSM: Security Framework initializing
[    0.185831] Yama: becoming mindful.
[    0.185875] AppArmor: AppArmor initialized
[    0.189919] Dentry cache hash table entries: 4194304 (order: 13, 33554432 bytes, vmalloc hugepage)
[    0.191960] Inode-cache hash table entries: 2097152 (order: 12, 16777216 bytes, vmalloc hugepage)
[    0.192068] Mount-cache hash table entries: 65536 (order: 7, 524288 bytes, vmalloc)
[    0.192137] Mountpoint-cache hash table entries: 65536 (order: 7, 524288 bytes, vmalloc)
[    0.192720] x86/tme: not enabled by BIOS
[    0.192730] CPU0: Thermal monitoring enabled (TM1)
[    0.192732] x86/cpu: User Mode Instruction Prevention (UMIP) activated
[    0.192967] process: using mwait in idle threads
[    0.192969] Last level iTLB entries: 4KB 0, 2MB 0, 4MB 0
[    0.192969] Last level dTLB entries: 4KB 0, 2MB 0, 4MB 0, 1GB 0
[    0.192975] Spectre V1 : Mitigation: usercopy/swapgs barriers and __user pointer sanitization
[    0.192978] Spectre V2 : WARNING: Unprivileged eBPF is enabled with eIBRS on, data leaks possible via Spectre v2 BHB attacks!
[    0.192983] Spectre V2 : Mitigation: Enhanced IBRS
[    0.192983] Spectre V2 : Spectre v2 / SpectreRSB mitigation: Filling RSB on context switch
[    0.192985] Spectre V2 : mitigation: Enabling conditional Indirect Branch Prediction Barrier
[    0.192986] Speculative Store Bypass: Mitigation: Speculative Store Bypass disabled via prctl
[    0.198158] Freeing SMP alternatives memory: 40K
[    0.206093] smpboot: Estimated ratio of average max frequency by base frequency (times 1024): 1433
[    0.206107] smpboot: CPU0: Intel(R) Xeon(R) Gold 6330 CPU @ 2.00GHz (family: 0x6, model: 0x6a, stepping: 0x6)
[    0.206323] cblist_init_generic: Setting adjustable number of callback queues.
[    0.206337] cblist_init_generic: Setting shift to 7 and lim to 1.
[    0.206361] cblist_init_generic: Setting shift to 7 and lim to 1.
[    0.206387] cblist_init_generic: Setting shift to 7 and lim to 1.
[    0.206398] Performance Events: PEBS fmt4+-baseline,  AnyThread deprecated, Icelake events, 32-deep LBR, full-width counters, Intel PMU driver.
[    0.206431] ... version:                5
[    0.206432] ... bit width:              48
[    0.206433] ... generic registers:      8
[    0.206433] ... value mask:             0000ffffffffffff
[    0.206434] ... max period:             00007fffffffffff
[    0.206435] ... fixed-purpose events:   4
[    0.206435] ... event mask:             0001000f000000ff
[    0.206606] rcu: Hierarchical SRCU implementation.
[    0.213872] NMI watchdog: Enabled. Permanently consumes one hw-PMU counter.
[    0.215000] smp: Bringing up secondary CPUs ...
[    0.215126] x86: Booting SMP configuration:
[    0.215127] .... node  #1, CPUs:          #1
[    0.007758] smpboot: CPU 1 Converting physical 0 to logical die 1

[    0.302096] .... node  #0, CPUs:     #2
[    0.307471] .... node  #1, CPUs:     #3
[    0.312912] .... node  #0, CPUs:     #4
[    0.318298] .... node  #1, CPUs:     #5
[    0.323708] .... node  #0, CPUs:     #6
[    0.329303] .... node  #1, CPUs:     #7
[    0.334920] .... node  #0, CPUs:     #8
[    0.340224] .... node  #1, CPUs:     #9
[    0.346083] .... node  #0, CPUs:    #10
[    0.351708] .... node  #1, CPUs:    #11
[    0.357468] .... node  #0, CPUs:    #12
[    0.362996] .... node  #1, CPUs:    #13
[    0.368371] .... node  #0, CPUs:    #14
[    0.373610] .... node  #1, CPUs:    #15
[    0.378957] .... node  #0, CPUs:    #16
[    0.384247] .... node  #1, CPUs:    #17
[    0.389575] .... node  #0, CPUs:    #18
[    0.394833] .... node  #1, CPUs:    #19
[    0.400501] .... node  #0, CPUs:    #20
[    0.406001] .... node  #1, CPUs:    #21
[    0.411392] .... node  #0, CPUs:    #22
[    0.416839] .... node  #1, CPUs:    #23
[    0.422129] .... node  #0, CPUs:    #24
[    0.427773] .... node  #1, CPUs:    #25
[    0.433126] .... node  #0, CPUs:    #26
[    0.438360] .... node  #1, CPUs:    #27
[    0.443681] .... node  #0, CPUs:    #28
[    0.449210] .... node  #1, CPUs:    #29
[    0.454522] .... node  #0, CPUs:    #30
[    0.459760] .... node  #1, CPUs:    #31
[    0.465261] .... node  #0, CPUs:    #32
[    0.470555] .... node  #1, CPUs:    #33
[    0.475950] .... node  #0, CPUs:    #34
[    0.481417] .... node  #1, CPUs:    #35
[    0.486745] .... node  #0, CPUs:    #36
[    0.491982] .... node  #1, CPUs:    #37
[    0.497315] .... node  #0, CPUs:    #38
[    0.502888] .... node  #1, CPUs:    #39
[    0.508444] .... node  #0, CPUs:    #40
[    0.514139] .... node  #1, CPUs:    #41
[    0.519834] .... node  #0, CPUs:    #42
[    0.525163] .... node  #1, CPUs:    #43
[    0.530818] .... node  #0, CPUs:    #44
[    0.536191] .... node  #1, CPUs:    #45
[    0.541687] .... node  #0, CPUs:    #46
[    0.547233] .... node  #1, CPUs:    #47
[    0.552700] .... node  #0, CPUs:    #48
[    0.558138] .... node  #1, CPUs:    #49
[    0.563502] .... node  #0, CPUs:    #50
[    0.569009] .... node  #1, CPUs:    #51
[    0.574666] .... node  #0, CPUs:    #52
[    0.580136] .... node  #1, CPUs:    #53
[    0.585750] .... node  #0, CPUs:    #54
[    0.591465] .... node  #1, CPUs:    #55
[    0.597290] .... node  #0, CPUs:    #56
[    0.603447] .... node  #1, CPUs:    #57
[    0.609382] .... node  #0, CPUs:    #58
[    0.614809] .... node  #1, CPUs:    #59
[    0.620267] .... node  #0, CPUs:    #60
[    0.625669] .... node  #1, CPUs:    #61
[    0.631092] .... node  #0, CPUs:    #62
[    0.636696] .... node  #1, CPUs:    #63
[    0.642314] .... node  #0, CPUs:    #64
[    0.647637] .... node  #1, CPUs:    #65
[    0.653397] .... node  #0, CPUs:    #66
[    0.659150] .... node  #1, CPUs:    #67
[    0.664931] .... node  #0, CPUs:    #68
[    0.670473] .... node  #1, CPUs:    #69
[    0.675877] .... node  #0, CPUs:    #70
[    0.681136] .... node  #1, CPUs:    #71
[    0.686489] .... node  #0, CPUs:    #72
[    0.691790] .... node  #1, CPUs:    #73
[    0.697144] .... node  #0, CPUs:    #74
[    0.702432] .... node  #1, CPUs:    #75
[    0.708105] .... node  #0, CPUs:    #76
[    0.713380] .... node  #1, CPUs:    #77
[    0.719028] .... node  #0, CPUs:    #78
[    0.724507] .... node  #1, CPUs:    #79
[    0.730033] .... node  #0, CPUs:    #80
[    0.735483] .... node  #1, CPUs:    #81
[    0.740859] .... node  #0, CPUs:    #82
[    0.746140] .... node  #1, CPUs:    #83
[    0.751452] .... node  #0, CPUs:    #84
[    0.756995] .... node  #1, CPUs:    #85
[    0.762332] .... node  #0, CPUs:    #86
[    0.767601] .... node  #1, CPUs:    #87
[    0.773126] .... node  #0, CPUs:    #88
[    0.778454] .... node  #1, CPUs:    #89
[    0.783865] .... node  #0, CPUs:    #90
[    0.789333] .... node  #1, CPUs:    #91
[    0.794693] .... node  #0, CPUs:    #92
[    0.799941] .... node  #1, CPUs:    #93
[    0.805296] .... node  #0, CPUs:    #94
[    0.810905] .... node  #1, CPUs:    #95
[    0.816480] .... node  #0, CPUs:    #96
[    0.822140] .... node  #1, CPUs:    #97
[    0.827912] .... node  #0, CPUs:    #98
[    0.833267] .... node  #1, CPUs:    #99
[    0.838945] .... node  #0, CPUs:   #100
[    0.844342] .... node  #1, CPUs:   #101
[    0.850094] .... node  #0, CPUs:   #102
[    0.855440] .... node  #1, CPUs:   #103
[    0.860930] .... node  #0, CPUs:   #104
[    0.866298] .... node  #1, CPUs:   #105
[    0.871774] .... node  #0, CPUs:   #106
[    0.877299] .... node  #1, CPUs:   #107
[    0.882975] .... node  #0, CPUs:   #108
[    0.888476] .... node  #1, CPUs:   #109
[    0.894104] .... node  #0, CPUs:   #110
[    0.899838] .... node  #1, CPUs:   #111
[    0.905684] smp: Brought up 2 nodes, 112 CPUs
[    0.905684] smpboot: Max logical packages: 2
[    0.905684] smpboot: Total of 112 processors activated (448081.62 BogoMIPS)
[    0.913450] devtmpfs: initialized
[    0.913450] x86/mm: Memory block size: 2048MB
[    0.914005] ACPI: PM: Registering ACPI NVS region [mem 0x49e77000-0x4ae76fff] (16777216 bytes)
[    0.914200] ACPI: PM: Registering ACPI NVS region [mem 0x6e3ff000-0x6f3fefff] (16777216 bytes)
[    0.914463] clocksource: jiffies: mask: 0xffffffff max_cycles: 0xffffffff, max_idle_ns: 7645041785100000 ns
[    0.914762] futex hash table entries: 32768 (order: 9, 2097152 bytes, vmalloc)
[    0.915008] pinctrl core: initialized pinctrl subsystem
[    0.915159] PM: RTC time: 16:04:24, date: 2024-06-27
[    0.916104] NET: Registered PF_NETLINK/PF_ROUTE protocol family
[    0.917278] DMA: preallocated 4096 KiB GFP_KERNEL pool for atomic allocations
[    0.917792] DMA: preallocated 4096 KiB GFP_KERNEL|GFP_DMA pool for atomic allocations
[    0.918310] DMA: preallocated 4096 KiB GFP_KERNEL|GFP_DMA32 pool for atomic allocations
[    0.918319] audit: initializing netlink subsys (disabled)
[    0.918327] audit: type=2000 audit(1719504263.760:1): state=initialized audit_enabled=0 res=1
[    0.918327] thermal_sys: Registered thermal governor 'fair_share'
[    0.918327] thermal_sys: Registered thermal governor 'bang_bang'
[    0.918327] thermal_sys: Registered thermal governor 'step_wise'
[    0.918327] thermal_sys: Registered thermal governor 'user_space'
[    0.918327] EISA bus registered
[    0.918327] cpuidle: using governor ladder
[    0.918327] cpuidle: using governor menu
[    0.918327] ACPI FADT declares the system doesn't support PCIe ASPM, so disable it
[    0.918327] acpiphp: ACPI Hot Plug PCI Controller Driver version: 0.5
[    0.918327] PCI: MMCONFIG for domain 0000 [bus 00-ff] at [mem 0x80000000-0x8fffffff] (base 0x80000000)
[    0.918327] PCI: MMCONFIG at [mem 0x80000000-0x8fffffff] reserved in E820
[    0.918327] pmd_set_huge: Cannot satisfy [mem 0x80000000-0x80200000] with a huge-page mapping due to MTRR override.
[    0.918343] PCI: Using configuration type 1 for base access
[    0.918353] PCI: Dell System detected, enabling pci=bfsort.
[    0.920507] ENERGY_PERF_BIAS: Set to 'normal', was 'performance'
[    0.926053] kprobes: kprobe jump-optimization is enabled. All kprobes are optimized if possible.
[    0.926058] HugeTLB registered 1.00 GiB page size, pre-allocated 0 pages
[    0.926058] HugeTLB registered 2.00 MiB page size, pre-allocated 0 pages
[    0.926319] fbcon: Taking over console
[    0.926319] ACPI: Added _OSI(Module Device)
[    0.926319] ACPI: Added _OSI(Processor Device)
[    0.926319] ACPI: Added _OSI(3.0 _SCP Extensions)
[    0.926319] ACPI: Added _OSI(Processor Aggregator Device)
[    0.926319] ACPI: Added _OSI(Linux-Dell-Video)
[    0.926319] ACPI: Added _OSI(Linux-Lenovo-NV-HDMI-Audio)
[    0.926319] ACPI: Added _OSI(Linux-HPI-Hybrid-Graphics)
[    1.098294] ACPI: 8 ACPI AML tables successfully acquired and loaded
[    1.104575] ACPI: [Firmware Bug]: BIOS _OSI(Linux) query ignored
[    1.110581] ACPI: Dynamic OEM Table Load:
[    1.527803] ACPI: Interpreter enabled
[    1.527825] ACPI: PM: (supports S0 S5)
[    1.527826] ACPI: Using IOAPIC for interrupt routing
[    1.527915] HEST: Table parsing has been initialized.
[    1.528100] GHES: APEI firmware first mode is enabled by APEI bit and WHEA _OSC.
[    1.528102] PCI: Using host bridge windows from ACPI; if necessary, use "pci=nocrs" and report a bug
[    1.558121] ACPI: Enabled 4 GPEs in block 00 to 7F
[    1.686541] ACPI: PCI Root Bridge [PC00] (domain 0000 [bus 00-15])
[    1.686547] acpi PNP0A08:00: _OSC: OS supports [ExtendedConfig ASPM ClockPM Segments MSI HPX-Type3]
[    1.755271] acpi PNP0A08:00: _OSC: platform does not support [SHPCHotplug AER LTR]
[    1.755502] acpi PNP0A08:00: _OSC: OS now controls [PCIeHotplug PME PCIeCapability]
[    1.755504] acpi PNP0A08:00: FADT indicates ASPM is unsupported, using BIOS configuration
[    1.757419] PCI host bridge to bus 0000:00
[    1.757421] pci_bus 0000:00: root bus resource [io  0x0000-0x0cf7 window]
[    1.757423] pci_bus 0000:00: root bus resource [io  0x1000-0x4fff window]
[    1.757425] pci_bus 0000:00: root bus resource [mem 0x000a0000-0x000bffff window]
[    1.757426] pci_bus 0000:00: root bus resource [mem 0x000c8000-0x000cffff window]
[    1.757428] pci_bus 0000:00: root bus resource [mem 0xfe010000-0xfe010fff window]
[    1.757429] pci_bus 0000:00: root bus resource [mem 0x90000000-0x9b7fffff window]
[    1.757430] pci_bus 0000:00: root bus resource [mem 0x200000000000-0x20ffffffffff window]
[    1.757432] pci_bus 0000:00: root bus resource [bus 00-15]
[    1.757446] pci 0000:00:00.0: [8086:09a2] type 00 class 0x088000
[    1.757546] pci 0000:00:00.1: [8086:09a4] type 00 class 0x088000
[    1.757614] pci 0000:00:00.2: [8086:09a3] type 00 class 0x088000
[    1.757681] pci 0000:00:00.4: [8086:0998] type 00 class 0x060000
[    1.757749] pci 0000:00:02.0: [8086:09a6] type 00 class 0x088000
[    1.757757] pci 0000:00:02.0: reg 0x10: [mem 0x92dfc000-0x92dfdfff]
[    1.757832] pci 0000:00:02.1: [8086:09a7] type 00 class 0x088000
[    1.757840] pci 0000:00:02.1: reg 0x10: [mem 0x92d00000-0x92d7ffff]
[    1.757846] pci 0000:00:02.1: reg 0x14: [mem 0x92c80000-0x92cfffff]
[    1.757921] pci 0000:00:02.4: [8086:3456] type 00 class 0x130000
[    1.757931] pci 0000:00:02.4: reg 0x10: [mem 0x92a00000-0x92afffff 64bit]
[    1.757938] pci 0000:00:02.4: reg 0x18: [mem 0x92df0000-0x92df3fff 64bit]
[    1.757945] pci 0000:00:02.4: reg 0x20: [mem 0x92dc0000-0x92ddffff 64bit]
[    1.758026] pci 0000:00:11.0: [8086:a1ec] type 00 class 0xff0000
[    1.758028] pci 0000:00:11.0: device has non-compliant BARs; disabling IO/MEM decoding
[    1.758120] pci 0000:00:11.5: [8086:a1d2] type 00 class 0x010601
[    1.758132] pci 0000:00:11.5: reg 0x10: [mem 0x92dfa000-0x92dfbfff]
[    1.758140] pci 0000:00:11.5: reg 0x14: [mem 0x92e05000-0x92e050ff]
[    1.758148] pci 0000:00:11.5: reg 0x18: [io  0x2068-0x206f]
[    1.758155] pci 0000:00:11.5: reg 0x1c: [io  0x2074-0x2077]
[    1.758162] pci 0000:00:11.5: reg 0x20: [io  0x2040-0x205f]
[    1.758170] pci 0000:00:11.5: reg 0x24: [mem 0x92b80000-0x92bfffff]
[    1.758208] pci 0000:00:11.5: PME# supported from D3hot
[    1.758426] pci 0000:00:14.0: [8086:a1af] type 00 class 0x0c0330
[    1.758443] pci 0000:00:14.0: reg 0x10: [mem 0x92de0000-0x92deffff 64bit]
[    1.758507] pci 0000:00:14.0: PME# supported from D3hot D3cold
[    1.758741] pci 0000:00:14.2: [8086:a1b1] type 00 class 0x118000
[    1.758758] pci 0000:00:14.2: reg 0x10: [mem 0x92e02000-0x92e02fff 64bit]
[    1.758883] pci 0000:00:16.0: [8086:a1ba] type 00 class 0x078000
[    1.758906] pci 0000:00:16.0: reg 0x10: [mem 0x92e01000-0x92e01fff 64bit]
[    1.758989] pci 0000:00:16.0: PME# supported from D3hot
[    1.759052] pci 0000:00:16.1: [8086:a1bb] type 00 class 0x078000
[    1.759075] pci 0000:00:16.1: reg 0x10: [mem 0x92e00000-0x92e00fff 64bit]
[    1.759159] pci 0000:00:16.1: PME# supported from D3hot
[    1.759226] pci 0000:00:16.4: [8086:a1be] type 00 class 0x078000
[    1.759249] pci 0000:00:16.4: reg 0x10: [mem 0x92dff000-0x92dfffff 64bit]
[    1.759332] pci 0000:00:16.4: PME# supported from D3hot
[    1.759406] pci 0000:00:17.0: [8086:a182] type 00 class 0x010601
[    1.759419] pci 0000:00:17.0: reg 0x10: [mem 0x92df8000-0x92df9fff]
[    1.759426] pci 0000:00:17.0: reg 0x14: [mem 0x92e04000-0x92e040ff]
[    1.759433] pci 0000:00:17.0: reg 0x18: [io  0x2060-0x2067]
[    1.759441] pci 0000:00:17.0: reg 0x1c: [io  0x2070-0x2073]
[    1.759448] pci 0000:00:17.0: reg 0x20: [io  0x2020-0x203f]
[    1.759455] pci 0000:00:17.0: reg 0x24: [mem 0x92b00000-0x92b7ffff]
[    1.759492] pci 0000:00:17.0: PME# supported from D3hot
[    1.759702] pci 0000:00:1c.0: [8086:a190] type 01 class 0x060400
[    1.759777] pci 0000:00:1c.0: PME# supported from D0 D3hot D3cold
[    1.760441] pci 0000:00:1c.4: [8086:a194] type 01 class 0x060400
[    1.760511] pci 0000:00:1c.4: PME# supported from D0 D3hot D3cold
[    1.761149] pci 0000:00:1c.5: [8086:a195] type 01 class 0x060400
[    1.761221] pci 0000:00:1c.5: PME# supported from D0 D3hot D3cold
[    1.761864] pci 0000:00:1f.0: [8086:a1cb] type 00 class 0x060100
[    1.762242] pci 0000:00:1f.2: [8086:a1a1] type 00 class 0x058000
[    1.762258] pci 0000:00:1f.2: reg 0x10: [mem 0x92df4000-0x92df7fff]
[    1.762507] pci 0000:00:1f.4: [8086:a1a3] type 00 class 0x0c0500
[    1.762526] pci 0000:00:1f.4: reg 0x10: [mem 0x92dfe000-0x92dfe0ff 64bit]
[    1.762549] pci 0000:00:1f.4: reg 0x20: [io  0x2000-0x201f]
[    1.762616] pci 0000:00:1f.5: [8086:a1a4] type 00 class 0x0c8000
[    1.762632] pci 0000:00:1f.5: reg 0x10: [mem 0xfe010000-0xfe010fff]
[    1.762764] pci 0000:00:1c.0: PCI bridge to [bus 01]
[    1.762815] pci 0000:02:00.0: [1556:be00] type 01 class 0x060400
[    1.762986] pci 0000:00:1c.4: PCI bridge to [bus 02-03]
[    1.762991] pci 0000:00:1c.4:   bridge window [mem 0x92000000-0x928fffff]
[    1.762995] pci 0000:00:1c.4:   bridge window [mem 0x91000000-0x91ffffff 64bit pref]
[    1.763027] pci_bus 0000:03: extended config space not accessible
[    1.763044] pci 0000:03:00.0: [102b:0536] type 00 class 0x030000
[    1.763064] pci 0000:03:00.0: reg 0x10: [mem 0x91000000-0x91ffffff pref]
[    1.763075] pci 0000:03:00.0: reg 0x14: [mem 0x92808000-0x9280bfff]
[    1.763085] pci 0000:03:00.0: reg 0x18: [mem 0x92000000-0x927fffff]
[    1.763133] pci 0000:03:00.0: BAR 0: assigned to efifb
[    1.763141] pci 0000:03:00.0: Video device with shadowed ROM at [mem 0x000c0000-0x000dffff]
[    1.763243] pci 0000:02:00.0: PCI bridge to [bus 03]
[    1.763252] pci 0000:02:00.0:   bridge window [mem 0x92000000-0x928fffff]
[    1.763258] pci 0000:02:00.0:   bridge window [mem 0x91000000-0x91ffffff 64bit pref]
[    1.763328] pci 0000:04:00.0: [14e4:165f] type 00 class 0x020000
[    1.763352] pci 0000:04:00.0: reg 0x10: [mem 0x92930000-0x9293ffff 64bit pref]
[    1.763368] pci 0000:04:00.0: reg 0x18: [mem 0x92940000-0x9294ffff 64bit pref]
[    1.763384] pci 0000:04:00.0: reg 0x20: [mem 0x92950000-0x9295ffff 64bit pref]
[    1.763394] pci 0000:04:00.0: reg 0x30: [mem 0xfffc0000-0xffffffff pref]
[    1.763489] pci 0000:04:00.0: PME# supported from D0 D3hot D3cold
[    1.763542] pci 0000:04:00.0: 4.000 Gb/s available PCIe bandwidth, limited by 5.0 GT/s PCIe x1 link at 0000:00:1c.5 (capable of 8.000 Gb/s with 5.0 GT/s PCIe x2 link)
[    1.764103] pci 0000:04:00.1: [14e4:165f] type 00 class 0x020000
[    1.764127] pci 0000:04:00.1: reg 0x10: [mem 0x92900000-0x9290ffff 64bit pref]
[    1.764143] pci 0000:04:00.1: reg 0x18: [mem 0x92910000-0x9291ffff 64bit pref]
[    1.764159] pci 0000:04:00.1: reg 0x20: [mem 0x92920000-0x9292ffff 64bit pref]
[    1.764169] pci 0000:04:00.1: reg 0x30: [mem 0xfffc0000-0xffffffff pref]
[    1.764265] pci 0000:04:00.1: PME# supported from D0 D3hot D3cold
[    1.764838] pci 0000:00:1c.5: PCI bridge to [bus 04]
[    1.764846] pci 0000:00:1c.5:   bridge window [mem 0x92900000-0x929fffff 64bit pref]
[    1.764860] pci_bus 0000:00: on NUMA node 0
[    1.765451] ACPI: PCI Root Bridge [PC01] (domain 0000 [bus 16-2f])
[    1.765455] acpi PNP0A08:01: _OSC: OS supports [ExtendedConfig ASPM ClockPM Segments MSI HPX-Type3]
[    1.780258] acpi PNP0A08:01: _OSC: platform does not support [SHPCHotplug AER]
[    1.780476] acpi PNP0A08:01: _OSC: OS now controls [PCIeHotplug PME PCIeCapability LTR]
[    1.780477] acpi PNP0A08:01: FADT indicates ASPM is unsupported, using BIOS configuration
[    1.780608] PCI host bridge to bus 0000:16
[    1.780610] pci_bus 0000:16: root bus resource [io  0x5000-0x6fff window]
[    1.780612] pci_bus 0000:16: root bus resource [mem 0x9b800000-0xa63fffff window]
[    1.780613] pci_bus 0000:16: root bus resource [mem 0x210000000000-0x21ffffffffff window]
[    1.780614] pci_bus 0000:16: root bus resource [bus 16-2f]
[    1.780624] pci 0000:16:00.0: [8086:09a2] type 00 class 0x088000
[    1.780694] pci 0000:16:00.1: [8086:09a4] type 00 class 0x088000
[    1.780757] pci 0000:16:00.2: [8086:09a3] type 00 class 0x088000
[    1.780819] pci 0000:16:00.4: [8086:0998] type 00 class 0x060000
[    1.780892] pci 0000:16:02.0: [8086:347a] type 01 class 0x060400
[    1.780901] pci 0000:16:02.0: reg 0x10: [mem 0x21fffff00000-0x21fffff1ffff 64bit]
[    1.780940] pci 0000:16:02.0: PME# supported from D0 D3hot D3cold
[    1.781893] pci 0000:17:00.0: [1000:10e2] type 00 class 0x010400
[    1.781906] pci 0000:17:00.0: reg 0x10: [mem 0x9b800000-0x9b8fffff 64bit pref]
[    1.781915] pci 0000:17:00.0: reg 0x18: [mem 0x9b900000-0x9b9fffff 64bit pref]
[    1.781921] pci 0000:17:00.0: reg 0x20: [mem 0x9ba00000-0x9bafffff]
[    1.781926] pci 0000:17:00.0: reg 0x24: [io  0x5000-0x50ff]
[    1.781932] pci 0000:17:00.0: reg 0x30: [mem 0xfff00000-0xffffffff pref]
[    1.783060] pci 0000:17:00.0: supports D1 D2
[    1.783128] pci 0000:16:02.0: PCI bridge to [bus 17]
[    1.783130] pci 0000:16:02.0:   bridge window [io  0x5000-0x5fff]
[    1.783132] pci 0000:16:02.0:   bridge window [mem 0x9ba00000-0x9bafffff]
[    1.783135] pci 0000:16:02.0:   bridge window [mem 0x9b800000-0x9b9fffff 64bit pref]
[    1.783141] pci_bus 0000:16: on NUMA node 0
[    1.783220] ACPI: PCI Root Bridge [PC02] (domain 0000 [bus 30-49])
[    1.783223] acpi PNP0A08:02: _OSC: OS supports [ExtendedConfig ASPM ClockPM Segments MSI HPX-Type3]
[    1.797678] acpi PNP0A08:02: _OSC: platform does not support [SHPCHotplug AER]
[    1.797895] acpi PNP0A08:02: _OSC: OS now controls [PCIeHotplug PME PCIeCapability LTR]
[    1.797896] acpi PNP0A08:02: FADT indicates ASPM is unsupported, using BIOS configuration
[    1.798020] PCI host bridge to bus 0000:30
[    1.798022] pci_bus 0000:30: root bus resource [io  0x7000-0x8fff window]
[    1.798023] pci_bus 0000:30: root bus resource [mem 0xa6400000-0xb0ffffff window]
[    1.798025] pci_bus 0000:30: root bus resource [mem 0x220000000000-0x22ffffffffff window]
[    1.798027] pci_bus 0000:30: root bus resource [bus 30-49]
[    1.798036] pci 0000:30:00.0: [8086:09a2] type 00 class 0x088000
[    1.798104] pci 0000:30:00.1: [8086:09a4] type 00 class 0x088000
[    1.798166] pci 0000:30:00.2: [8086:09a3] type 00 class 0x088000
[    1.798229] pci 0000:30:00.4: [8086:0998] type 00 class 0x060000
[    1.798298] pci_bus 0000:30: on NUMA node 0
[    1.798403] ACPI: PCI Root Bridge [PC04] (domain 0000 [bus 4a-63])
[    1.798406] acpi PNP0A08:04: _OSC: OS supports [ExtendedConfig ASPM ClockPM Segments MSI HPX-Type3]
[    1.812822] acpi PNP0A08:04: _OSC: platform does not support [SHPCHotplug AER]
[    1.813036] acpi PNP0A08:04: _OSC: OS now controls [PCIeHotplug PME PCIeCapability LTR]
[    1.813037] acpi PNP0A08:04: FADT indicates ASPM is unsupported, using BIOS configuration
[    1.813159] PCI host bridge to bus 0000:4a
[    1.813160] pci_bus 0000:4a: root bus resource [io  0x9000-0x9fff window]
[    1.813162] pci_bus 0000:4a: root bus resource [mem 0xb1000000-0xbbbfffff window]
[    1.813163] pci_bus 0000:4a: root bus resource [mem 0x230000000000-0x23ffffffffff window]
[    1.813165] pci_bus 0000:4a: root bus resource [bus 4a-63]
[    1.813174] pci 0000:4a:00.0: [8086:09a2] type 00 class 0x088000
[    1.813238] pci 0000:4a:00.1: [8086:09a4] type 00 class 0x088000
[    1.813304] pci 0000:4a:00.2: [8086:09a3] type 00 class 0x088000
[    1.813365] pci 0000:4a:00.4: [8086:0998] type 00 class 0x060000
[    1.813439] pci_bus 0000:4a: on NUMA node 0
[    1.813514] ACPI: PCI Root Bridge [PC05] (domain 0000 [bus 64-7d])
[    1.813516] acpi PNP0A08:05: _OSC: OS supports [ExtendedConfig ASPM ClockPM Segments MSI HPX-Type3]
[    1.827947] acpi PNP0A08:05: _OSC: platform does not support [SHPCHotplug AER]
[    1.828158] acpi PNP0A08:05: _OSC: OS now controls [PCIeHotplug PME PCIeCapability LTR]
[    1.828160] acpi PNP0A08:05: FADT indicates ASPM is unsupported, using BIOS configuration
[    1.828279] PCI host bridge to bus 0000:64
[    1.828280] pci_bus 0000:64: root bus resource [io  0xa000-0xafff window]
[    1.828282] pci_bus 0000:64: root bus resource [mem 0xbbc00000-0xc5ffffff window]
[    1.828283] pci_bus 0000:64: root bus resource [mem 0x240000000000-0x24ffffffffff window]
[    1.828284] pci_bus 0000:64: root bus resource [bus 64-7d]
[    1.828294] pci 0000:64:00.0: [8086:09a2] type 00 class 0x088000
[    1.828358] pci 0000:64:00.1: [8086:09a4] type 00 class 0x088000
[    1.828421] pci 0000:64:00.2: [8086:09a3] type 00 class 0x088000
[    1.828483] pci 0000:64:00.4: [8086:0998] type 00 class 0x060000
[    1.828553] pci_bus 0000:64: on NUMA node 0
[    1.828620] ACPI: PCI Root Bridge [UC06] (domain 0000 [bus 7e])
[    1.828622] acpi PNP0A03:00: _OSC: OS supports [ExtendedConfig ASPM ClockPM Segments MSI HPX-Type3]
[    1.828720] acpi PNP0A03:00: _OSC: platform does not support [SHPCHotplug AER LTR]
[    1.828899] acpi PNP0A03:00: _OSC: OS now controls [PCIeHotplug PME PCIeCapability]
[    1.828901] acpi PNP0A03:00: FADT indicates ASPM is unsupported, using BIOS configuration
[    1.829035] PCI host bridge to bus 0000:7e
[    1.829036] pci_bus 0000:7e: root bus resource [bus 7e]
[    1.829044] pci 0000:7e:00.0: [8086:3450] type 00 class 0x088000
[    1.829117] pci 0000:7e:00.1: [8086:3451] type 00 class 0x088000
[    1.829180] pci 0000:7e:00.2: [8086:3452] type 00 class 0x088000
[    1.829249] pci 0000:7e:00.3: [8086:0998] type 00 class 0x060000
[    1.829305] pci 0000:7e:00.5: [8086:3455] type 00 class 0x088000
[    1.829366] pci 0000:7e:02.0: [8086:3440] type 00 class 0x088000
[    1.829492] pci 0000:7e:02.1: [8086:3441] type 00 class 0x088000
[    1.829599] pci 0000:7e:02.2: [8086:3442] type 00 class 0x088000
[    1.829707] pci 0000:7e:03.0: [8086:3440] type 00 class 0x088000
[    1.829801] pci 0000:7e:03.1: [8086:3441] type 00 class 0x088000
[    1.829881] pci 0000:7e:03.2: [8086:3442] type 00 class 0x088000
[    1.829963] pci 0000:7e:04.0: [8086:3440] type 00 class 0x088000
[    1.830081] pci 0000:7e:04.1: [8086:3441] type 00 class 0x088000
[    1.830196] pci 0000:7e:04.2: [8086:3442] type 00 class 0x088000
[    1.830313] pci 0000:7e:04.3: [8086:3443] type 00 class 0x088000
[    1.830431] pci 0000:7e:05.0: [8086:3445] type 00 class 0x088000
[    1.830557] pci 0000:7e:05.1: [8086:3446] type 00 class 0x088000
[    1.830668] pci 0000:7e:05.2: [8086:3447] type 00 class 0x088000
[    1.830783] pci 0000:7e:06.0: [8086:3445] type 00 class 0x088000
[    1.830877] pci 0000:7e:06.1: [8086:3446] type 00 class 0x088000
[    1.830954] pci 0000:7e:06.2: [8086:3447] type 00 class 0x088000
[    1.831039] pci 0000:7e:07.0: [8086:3445] type 00 class 0x088000
[    1.831173] pci 0000:7e:07.1: [8086:3446] type 00 class 0x088000
[    1.831290] pci 0000:7e:07.2: [8086:3447] type 00 class 0x088000
[    1.831407] pci 0000:7e:0b.0: [8086:3448] type 00 class 0x088000
[    1.831484] pci 0000:7e:0b.1: [8086:3448] type 00 class 0x088000
[    1.831552] pci 0000:7e:0b.2: [8086:344b] type 00 class 0x088000
[    1.831620] pci 0000:7e:0c.0: [8086:344a] type 00 class 0x110100
[    1.831723] pci 0000:7e:0d.0: [8086:344a] type 00 class 0x110100
[    1.831822] pci 0000:7e:0e.0: [8086:344a] type 00 class 0x110100
[    1.831965] pci 0000:7e:0f.0: [8086:344a] type 00 class 0x110100
[    1.832119] pci 0000:7e:1a.0: [8086:2880] type 00 class 0x110100
[    1.832218] pci 0000:7e:1b.0: [8086:2880] type 00 class 0x110100
[    1.832315] pci 0000:7e:1c.0: [8086:2880] type 00 class 0x110100
[    1.832470] pci 0000:7e:1d.0: [8086:2880] type 00 class 0x110100
[    1.832615] pci_bus 0000:7e: on NUMA node 0
[    1.832699] ACPI: PCI Root Bridge [UC07] (domain 0000 [bus 7f])
[    1.832702] acpi PNP0A03:01: _OSC: OS supports [ExtendedConfig ASPM ClockPM Segments MSI HPX-Type3]
[    1.832800] acpi PNP0A03:01: _OSC: platform does not support [SHPCHotplug AER LTR]
[    1.832981] acpi PNP0A03:01: _OSC: OS now controls [PCIeHotplug PME PCIeCapability]
[    1.832982] acpi PNP0A03:01: FADT indicates ASPM is unsupported, using BIOS configuration
[    1.833127] PCI host bridge to bus 0000:7f
[    1.833128] pci_bus 0000:7f: root bus resource [bus 7f]
[    1.833142] pci 0000:7f:00.0: [8086:344c] type 00 class 0x088000
[    1.833256] pci 0000:7f:00.1: [8086:344c] type 00 class 0x088000
[    1.833366] pci 0000:7f:00.2: [8086:344c] type 00 class 0x088000
[    1.833477] pci 0000:7f:00.3: [8086:344c] type 00 class 0x088000
[    1.833567] pci 0000:7f:00.4: [8086:344c] type 00 class 0x088000
[    1.833686] pci 0000:7f:00.5: [8086:344c] type 00 class 0x088000
[    1.833802] pci 0000:7f:00.6: [8086:344c] type 00 class 0x088000
[    1.833883] pci 0000:7f:00.7: [8086:344c] type 00 class 0x088000
[    1.833965] pci 0000:7f:01.0: [8086:344c] type 00 class 0x088000
[    1.834107] pci 0000:7f:01.1: [8086:344c] type 00 class 0x088000
[    1.834226] pci 0000:7f:01.2: [8086:344c] type 00 class 0x088000
[    1.834305] pci 0000:7f:01.3: [8086:344c] type 00 class 0x088000
[    1.834436] pci 0000:7f:01.4: [8086:344c] type 00 class 0x088000
[    1.834567] pci 0000:7f:01.5: [8086:344c] type 00 class 0x088000
[    1.834703] pci 0000:7f:01.6: [8086:344c] type 00 class 0x088000
[    1.834827] pci 0000:7f:01.7: [8086:344c] type 00 class 0x088000
[    1.834954] pci 0000:7f:02.0: [8086:344c] type 00 class 0x088000
[    1.835099] pci 0000:7f:02.1: [8086:344c] type 00 class 0x088000
[    1.835231] pci 0000:7f:02.2: [8086:344c] type 00 class 0x088000
[    1.835361] pci 0000:7f:02.3: [8086:344c] type 00 class 0x088000
[    1.835500] pci 0000:7f:02.4: [8086:344c] type 00 class 0x088000
[    1.835636] pci 0000:7f:02.5: [8086:344c] type 00 class 0x088000
[    1.835773] pci 0000:7f:02.6: [8086:344c] type 00 class 0x088000
[    1.835923] pci 0000:7f:02.7: [8086:344c] type 00 class 0x088000
[    1.836069] pci 0000:7f:03.0: [8086:344c] type 00 class 0x088000
[    1.836228] pci 0000:7f:03.1: [8086:344c] type 00 class 0x088000
[    1.836379] pci 0000:7f:03.2: [8086:344c] type 00 class 0x088000
[    1.836528] pci 0000:7f:03.3: [8086:344c] type 00 class 0x088000
[    1.836687] pci 0000:7f:0a.0: [8086:344d] type 00 class 0x088000
[    1.836799] pci 0000:7f:0a.1: [8086:344d] type 00 class 0x088000
[    1.836908] pci 0000:7f:0a.2: [8086:344d] type 00 class 0x088000
[    1.837022] pci 0000:7f:0a.3: [8086:344d] type 00 class 0x088000
[    1.837118] pci 0000:7f:0a.4: [8086:344d] type 00 class 0x088000
[    1.837239] pci 0000:7f:0a.5: [8086:344d] type 00 class 0x088000
[    1.837357] pci 0000:7f:0a.6: [8086:344d] type 00 class 0x088000
[    1.837434] pci 0000:7f:0a.7: [8086:344d] type 00 class 0x088000
[    1.837517] pci 0000:7f:0b.0: [8086:344d] type 00 class 0x088000
[    1.837659] pci 0000:7f:0b.1: [8086:344d] type 00 class 0x088000
[    1.837777] pci 0000:7f:0b.2: [8086:344d] type 00 class 0x088000
[    1.837861] pci 0000:7f:0b.3: [8086:344d] type 00 class 0x088000
[    1.837992] pci 0000:7f:0b.4: [8086:344d] type 00 class 0x088000
[    1.838123] pci 0000:7f:0b.5: [8086:344d] type 00 class 0x088000
[    1.838260] pci 0000:7f:0b.6: [8086:344d] type 00 class 0x088000
[    1.838380] pci 0000:7f:0b.7: [8086:344d] type 00 class 0x088000
[    1.838508] pci 0000:7f:0c.0: [8086:344d] type 00 class 0x088000
[    1.838654] pci 0000:7f:0c.1: [8086:344d] type 00 class 0x088000
[    1.838785] pci 0000:7f:0c.2: [8086:344d] type 00 class 0x088000
[    1.838922] pci 0000:7f:0c.3: [8086:344d] type 00 class 0x088000
[    1.839060] pci 0000:7f:0c.4: [8086:344d] type 00 class 0x088000
[    1.839197] pci 0000:7f:0c.5: [8086:344d] type 00 class 0x088000
[    1.839334] pci 0000:7f:0c.6: [8086:344d] type 00 class 0x088000
[    1.839481] pci 0000:7f:0c.7: [8086:344d] type 00 class 0x088000
[    1.839628] pci 0000:7f:0d.0: [8086:344d] type 00 class 0x088000
[    1.839795] pci 0000:7f:0d.1: [8086:344d] type 00 class 0x088000
[    1.839947] pci 0000:7f:0d.2: [8086:344d] type 00 class 0x088000
[    1.840101] pci 0000:7f:0d.3: [8086:344d] type 00 class 0x088000
[    1.840270] pci 0000:7f:1d.0: [8086:344f] type 00 class 0x088000
[    1.840392] pci 0000:7f:1d.1: [8086:3457] type 00 class 0x088000
[    1.840498] pci 0000:7f:1e.0: [8086:3458] type 00 class 0x088000
[    1.840577] pci 0000:7f:1e.1: [8086:3459] type 00 class 0x088000
[    1.840639] pci 0000:7f:1e.2: [8086:345a] type 00 class 0x088000
[    1.840702] pci 0000:7f:1e.3: [8086:345b] type 00 class 0x088000
[    1.840762] pci 0000:7f:1e.4: [8086:345c] type 00 class 0x088000
[    1.840828] pci 0000:7f:1e.5: [8086:345d] type 00 class 0x088000
[    1.840889] pci 0000:7f:1e.6: [8086:345e] type 00 class 0x088000
[    1.840950] pci 0000:7f:1e.7: [8086:345f] type 00 class 0x088000
[    1.841009] pci_bus 0000:7f: on NUMA node 0
[    1.841112] ACPI: PCI Root Bridge [PC06] (domain 0000 [bus 80])
[    1.841115] acpi PNP0A08:06: _OSC: OS supports [ExtendedConfig ASPM ClockPM Segments MSI HPX-Type3]
[    1.855583] acpi PNP0A08:06: _OSC: platform does not support [SHPCHotplug AER]
[    1.855796] acpi PNP0A08:06: _OSC: OS now controls [PCIeHotplug PME PCIeCapability LTR]
[    1.855797] acpi PNP0A08:06: FADT indicates ASPM is unsupported, using BIOS configuration
[    1.855944] PCI host bridge to bus 0000:80
[    1.855945] pci_bus 0000:80: root bus resource [io  0xb000-0xbfff window]
[    1.855946] pci_bus 0000:80: root bus resource [mem 0xc6800000-0xd0ffffff window]
[    1.855948] pci_bus 0000:80: root bus resource [mem 0x250000000000-0x25ffffffffff window]
[    1.855949] pci_bus 0000:80: root bus resource [bus 80]
[    1.855959] pci 0000:80:00.0: [8086:09a2] type 00 class 0x088000
[    1.856045] pci 0000:80:00.1: [8086:09a4] type 00 class 0x088000
[    1.856114] pci 0000:80:00.2: [8086:09a3] type 00 class 0x088000
[    1.856185] pci 0000:80:00.4: [8086:0998] type 00 class 0x060000
[    1.856255] pci 0000:80:02.0: [8086:09a6] type 00 class 0x088000
[    1.856264] pci 0000:80:02.0: reg 0x10: [mem 0xc6aa4000-0xc6aa5fff]
[    1.856327] pci 0000:80:02.1: [8086:09a7] type 00 class 0x088000
[    1.856336] pci 0000:80:02.1: reg 0x10: [mem 0xc6a00000-0xc6a7ffff]
[    1.856341] pci 0000:80:02.1: reg 0x14: [mem 0xc6980000-0xc69fffff]
[    1.856397] pci 0000:80:02.4: [8086:3456] type 00 class 0x130000
[    1.856407] pci 0000:80:02.4: reg 0x10: [mem 0xc6800000-0xc68fffff 64bit]
[    1.856415] pci 0000:80:02.4: reg 0x18: [mem 0xc6aa0000-0xc6aa3fff 64bit]
[    1.856422] pci 0000:80:02.4: reg 0x20: [mem 0xc6a80000-0xc6a9ffff 64bit]
[    1.856488] pci_bus 0000:80: on NUMA node 1
[    1.856569] ACPI: PCI Root Bridge [PC07] (domain 0000 [bus 81])
[    1.856571] acpi PNP0A08:07: _OSC: OS supports [ExtendedConfig ASPM ClockPM Segments MSI HPX-Type3]
[    1.871000] acpi PNP0A08:07: _OSC: platform does not support [SHPCHotplug AER]
[    1.871213] acpi PNP0A08:07: _OSC: OS now controls [PCIeHotplug PME PCIeCapability LTR]
[    1.871214] acpi PNP0A08:07: FADT indicates ASPM is unsupported, using BIOS configuration
[    1.871333] PCI host bridge to bus 0000:81
[    1.871334] pci_bus 0000:81: root bus resource [io  0xc000-0xcfff window]
[    1.871335] pci_bus 0000:81: root bus resource [mem 0xd1000000-0xdbbfffff window]
[    1.871337] pci_bus 0000:81: root bus resource [mem 0x260000000000-0x26ffffffffff window]
[    1.871338] pci_bus 0000:81: root bus resource [bus 81]
[    1.871348] pci 0000:81:00.0: [8086:09a2] type 00 class 0x088000
[    1.871417] pci 0000:81:00.1: [8086:09a4] type 00 class 0x088000
[    1.871484] pci 0000:81:00.2: [8086:09a3] type 00 class 0x088000
[    1.871553] pci 0000:81:00.4: [8086:0998] type 00 class 0x060000
[    1.871630] pci_bus 0000:81: on NUMA node 1
[    1.871704] ACPI: PCI Root Bridge [PC08] (domain 0000 [bus 82])
[    1.871706] acpi PNP0A08:08: _OSC: OS supports [ExtendedConfig ASPM ClockPM Segments MSI HPX-Type3]
[    1.886120] acpi PNP0A08:08: _OSC: platform does not support [SHPCHotplug AER]
[    1.886335] acpi PNP0A08:08: _OSC: OS now controls [PCIeHotplug PME PCIeCapability LTR]
[    1.886336] acpi PNP0A08:08: FADT indicates ASPM is unsupported, using BIOS configuration
[    1.886453] PCI host bridge to bus 0000:82
[    1.886454] pci_bus 0000:82: root bus resource [io  0xd000-0xdfff window]
[    1.886456] pci_bus 0000:82: root bus resource [mem 0xdbc00000-0xe67fffff window]
[    1.886457] pci_bus 0000:82: root bus resource [mem 0x270000000000-0x27ffffffffff window]
[    1.886459] pci_bus 0000:82: root bus resource [bus 82]
[    1.886469] pci 0000:82:00.0: [8086:09a2] type 00 class 0x088000
[    1.886538] pci 0000:82:00.1: [8086:09a4] type 00 class 0x088000
[    1.886610] pci 0000:82:00.2: [8086:09a3] type 00 class 0x088000
[    1.886679] pci 0000:82:00.4: [8086:0998] type 00 class 0x060000
[    1.886756] pci_bus 0000:82: on NUMA node 1
[    1.886859] ACPI: PCI Root Bridge [PC10] (domain 0000 [bus 83-f9])
[    1.886861] acpi PNP0A08:0a: _OSC: OS supports [ExtendedConfig ASPM ClockPM Segments MSI HPX-Type3]
[    1.901284] acpi PNP0A08:0a: _OSC: platform does not support [SHPCHotplug AER]
[    1.901495] acpi PNP0A08:0a: _OSC: OS now controls [PCIeHotplug PME PCIeCapability LTR]
[    1.901497] acpi PNP0A08:0a: FADT indicates ASPM is unsupported, using BIOS configuration
[    1.901623] PCI host bridge to bus 0000:83
[    1.901624] pci_bus 0000:83: root bus resource [io  0xe000-0xefff window]
[    1.901625] pci_bus 0000:83: root bus resource [mem 0xe6800000-0xf13fffff window]
[    1.901626] pci_bus 0000:83: root bus resource [mem 0x280000000000-0x28ffffffffff window]
[    1.901628] pci_bus 0000:83: root bus resource [bus 83-f9]
[    1.901638] pci 0000:83:00.0: [8086:09a2] type 00 class 0x088000
[    1.901708] pci 0000:83:00.1: [8086:09a4] type 00 class 0x088000
[    1.901776] pci 0000:83:00.2: [8086:09a3] type 00 class 0x088000
[    1.901847] pci 0000:83:00.4: [8086:0998] type 00 class 0x060000
[    1.901924] pci_bus 0000:83: on NUMA node 1
[    1.901999] ACPI: PCI Root Bridge [PC11] (domain 0000 [bus fa])
[    1.902002] acpi PNP0A08:0b: _OSC: OS supports [ExtendedConfig ASPM ClockPM Segments MSI HPX-Type3]
[    1.916438] acpi PNP0A08:0b: _OSC: platform does not support [SHPCHotplug AER]
[    1.916649] acpi PNP0A08:0b: _OSC: OS now controls [PCIeHotplug PME PCIeCapability LTR]
[    1.916650] acpi PNP0A08:0b: FADT indicates ASPM is unsupported, using BIOS configuration
[    1.916767] PCI host bridge to bus 0000:fa
[    1.916769] pci_bus 0000:fa: root bus resource [io  0xf000-0xffff window]
[    1.916770] pci_bus 0000:fa: root bus resource [mem 0xf1400000-0xfb7fffff window]
[    1.916771] pci_bus 0000:fa: root bus resource [mem 0x290000000000-0x29ffffffffff window]
[    1.916773] pci_bus 0000:fa: root bus resource [bus fa]
[    1.916783] pci 0000:fa:00.0: [8086:09a2] type 00 class 0x088000
[    1.916853] pci 0000:fa:00.1: [8086:09a4] type 00 class 0x088000
[    1.916925] pci 0000:fa:00.2: [8086:09a3] type 00 class 0x088000
[    1.916994] pci 0000:fa:00.4: [8086:0998] type 00 class 0x060000
[    1.917074] pci_bus 0000:fa: on NUMA node 1
[    1.917140] ACPI: PCI Root Bridge [UC16] (domain 0000 [bus fe])
[    1.917143] acpi PNP0A03:02: _OSC: OS supports [ExtendedConfig ASPM ClockPM Segments MSI HPX-Type3]
[    1.917240] acpi PNP0A03:02: _OSC: platform does not support [SHPCHotplug AER LTR]
[    1.917420] acpi PNP0A03:02: _OSC: OS now controls [PCIeHotplug PME PCIeCapability]
[    1.917422] acpi PNP0A03:02: FADT indicates ASPM is unsupported, using BIOS configuration
[    1.917552] PCI host bridge to bus 0000:fe
[    1.917553] pci_bus 0000:fe: root bus resource [bus fe]
[    1.917562] pci 0000:fe:00.0: [8086:3450] type 00 class 0x088000
[    1.917636] pci 0000:fe:00.1: [8086:3451] type 00 class 0x088000
[    1.917697] pci 0000:fe:00.2: [8086:3452] type 00 class 0x088000
[    1.917755] pci 0000:fe:00.3: [8086:0998] type 00 class 0x060000
[    1.917815] pci 0000:fe:00.5: [8086:3455] type 00 class 0x088000
[    1.917881] pci 0000:fe:02.0: [8086:3440] type 00 class 0x088000
[    1.918019] pci 0000:fe:02.1: [8086:3441] type 00 class 0x088000
[    1.918130] pci 0000:fe:02.2: [8086:3442] type 00 class 0x088000
[    1.918245] pci 0000:fe:03.0: [8086:3440] type 00 class 0x088000
[    1.918343] pci 0000:fe:03.1: [8086:3441] type 00 class 0x088000
[    1.918422] pci 0000:fe:03.2: [8086:3442] type 00 class 0x088000
[    1.918509] pci 0000:fe:04.0: [8086:3440] type 00 class 0x088000
[    1.918633] pci 0000:fe:04.1: [8086:3441] type 00 class 0x088000
[    1.918754] pci 0000:fe:04.2: [8086:3442] type 00 class 0x088000
[    1.918878] pci 0000:fe:04.3: [8086:3443] type 00 class 0x088000
[    1.919008] pci 0000:fe:05.0: [8086:3445] type 00 class 0x088000
[    1.919139] pci 0000:fe:05.1: [8086:3446] type 00 class 0x088000
[    1.919255] pci 0000:fe:05.2: [8086:3447] type 00 class 0x088000
[    1.919369] pci 0000:fe:06.0: [8086:3445] type 00 class 0x088000
[    1.919466] pci 0000:fe:06.1: [8086:3446] type 00 class 0x088000
[    1.919547] pci 0000:fe:06.2: [8086:3447] type 00 class 0x088000
[    1.919638] pci 0000:fe:07.0: [8086:3445] type 00 class 0x088000
[    1.919784] pci 0000:fe:07.1: [8086:3446] type 00 class 0x088000
[    1.919907] pci 0000:fe:07.2: [8086:3447] type 00 class 0x088000
[    1.920028] pci 0000:fe:0b.0: [8086:3448] type 00 class 0x088000
[    1.920110] pci 0000:fe:0b.1: [8086:3448] type 00 class 0x088000
[    1.920175] pci 0000:fe:0b.2: [8086:344b] type 00 class 0x088000
[    1.920248] pci 0000:fe:0c.0: [8086:344a] type 00 class 0x110100
[    1.920356] pci 0000:fe:0d.0: [8086:344a] type 00 class 0x110100
[    1.920461] pci 0000:fe:0e.0: [8086:344a] type 00 class 0x110100
[    1.920617] pci 0000:fe:0f.0: [8086:344a] type 00 class 0x110100
[    1.920777] pci 0000:fe:1a.0: [8086:2880] type 00 class 0x110100
[    1.920882] pci 0000:fe:1b.0: [8086:2880] type 00 class 0x110100
[    1.920985] pci 0000:fe:1c.0: [8086:2880] type 00 class 0x110100
[    1.921141] pci 0000:fe:1d.0: [8086:2880] type 00 class 0x110100
[    1.921293] pci_bus 0000:fe: on NUMA node 1
[    1.921375] ACPI: PCI Root Bridge [UC17] (domain 0000 [bus ff])
[    1.921377] acpi PNP0A03:03: _OSC: OS supports [ExtendedConfig ASPM ClockPM Segments MSI HPX-Type3]
[    1.921479] acpi PNP0A03:03: _OSC: platform does not support [SHPCHotplug AER LTR]
[    1.921661] acpi PNP0A03:03: _OSC: OS now controls [PCIeHotplug PME PCIeCapability]
[    1.921662] acpi PNP0A03:03: FADT indicates ASPM is unsupported, using BIOS configuration
[    1.921810] PCI host bridge to bus 0000:ff
[    1.921811] pci_bus 0000:ff: root bus resource [bus ff]
[    1.921825] pci 0000:ff:00.0: [8086:344c] type 00 class 0x088000
[    1.921946] pci 0000:ff:00.1: [8086:344c] type 00 class 0x088000
[    1.922060] pci 0000:ff:00.2: [8086:344c] type 00 class 0x088000
[    1.922162] pci 0000:ff:00.3: [8086:344c] type 00 class 0x088000
[    1.922284] pci 0000:ff:00.4: [8086:344c] type 00 class 0x088000
[    1.922401] pci 0000:ff:00.5: [8086:344c] type 00 class 0x088000
[    1.922494] pci 0000:ff:00.6: [8086:344c] type 00 class 0x088000
[    1.922619] pci 0000:ff:00.7: [8086:344c] type 00 class 0x088000
[    1.922746] pci 0000:ff:01.0: [8086:344c] type 00 class 0x088000
[    1.922893] pci 0000:ff:01.1: [8086:344c] type 00 class 0x088000
[    1.923017] pci 0000:ff:01.2: [8086:344c] type 00 class 0x088000
[    1.923106] pci 0000:ff:01.3: [8086:344c] type 00 class 0x088000
[    1.923244] pci 0000:ff:01.4: [8086:344c] type 00 class 0x088000
[    1.923381] pci 0000:ff:01.5: [8086:344c] type 00 class 0x088000
[    1.923521] pci 0000:ff:01.6: [8086:344c] type 00 class 0x088000
[    1.923649] pci 0000:ff:01.7: [8086:344c] type 00 class 0x088000
[    1.923782] pci 0000:ff:02.0: [8086:344c] type 00 class 0x088000
[    1.923937] pci 0000:ff:02.1: [8086:344c] type 00 class 0x088000
[    1.924067] pci 0000:ff:02.2: [8086:344c] type 00 class 0x088000
[    1.924212] pci 0000:ff:02.3: [8086:344c] type 00 class 0x088000
[    1.924348] pci 0000:ff:02.4: [8086:344c] type 00 class 0x088000
[    1.924484] pci 0000:ff:02.5: [8086:344c] type 00 class 0x088000
[    1.924629] pci 0000:ff:02.6: [8086:344c] type 00 class 0x088000
[    1.924771] pci 0000:ff:02.7: [8086:344c] type 00 class 0x088000
[    1.924922] pci 0000:ff:03.0: [8086:344c] type 00 class 0x088000
[    1.925091] pci 0000:ff:03.1: [8086:344c] type 00 class 0x088000
[    1.925240] pci 0000:ff:03.2: [8086:344c] type 00 class 0x088000
[    1.925408] pci 0000:ff:03.3: [8086:344c] type 00 class 0x088000
[    1.925572] pci 0000:ff:0a.0: [8086:344d] type 00 class 0x088000
[    1.925692] pci 0000:ff:0a.1: [8086:344d] type 00 class 0x088000
[    1.925805] pci 0000:ff:0a.2: [8086:344d] type 00 class 0x088000
[    1.925903] pci 0000:ff:0a.3: [8086:344d] type 00 class 0x088000
[    1.926023] pci 0000:ff:0a.4: [8086:344d] type 00 class 0x088000
[    1.926139] pci 0000:ff:0a.5: [8086:344d] type 00 class 0x088000
[    1.926234] pci 0000:ff:0a.6: [8086:344d] type 00 class 0x088000
[    1.926363] pci 0000:ff:0a.7: [8086:344d] type 00 class 0x088000
[    1.926490] pci 0000:ff:0b.0: [8086:344d] type 00 class 0x088000
[    1.926638] pci 0000:ff:0b.1: [8086:344d] type 00 class 0x088000
[    1.926762] pci 0000:ff:0b.2: [8086:344d] type 00 class 0x088000
[    1.926845] pci 0000:ff:0b.3: [8086:344d] type 00 class 0x088000
[    1.926982] pci 0000:ff:0b.4: [8086:344d] type 00 class 0x088000
[    1.927119] pci 0000:ff:0b.5: [8086:344d] type 00 class 0x088000
[    1.927259] pci 0000:ff:0b.6: [8086:344d] type 00 class 0x088000
[    1.927391] pci 0000:ff:0b.7: [8086:344d] type 00 class 0x088000
[    1.927524] pci 0000:ff:0c.0: [8086:344d] type 00 class 0x088000
[    1.927674] pci 0000:ff:0c.1: [8086:344d] type 00 class 0x088000
[    1.927806] pci 0000:ff:0c.2: [8086:344d] type 00 class 0x088000
[    1.927944] pci 0000:ff:0c.3: [8086:344d] type 00 class 0x088000
[    1.928080] pci 0000:ff:0c.4: [8086:344d] type 00 class 0x088000
[    1.928217] pci 0000:ff:0c.5: [8086:344d] type 00 class 0x088000
[    1.928361] pci 0000:ff:0c.6: [8086:344d] type 00 class 0x088000
[    1.928507] pci 0000:ff:0c.7: [8086:344d] type 00 class 0x088000
[    1.928659] pci 0000:ff:0d.0: [8086:344d] type 00 class 0x088000
[    1.928826] pci 0000:ff:0d.1: [8086:344d] type 00 class 0x088000
[    1.928975] pci 0000:ff:0d.2: [8086:344d] type 00 class 0x088000
[    1.929141] pci 0000:ff:0d.3: [8086:344d] type 00 class 0x088000
[    1.929315] pci 0000:ff:1d.0: [8086:344f] type 00 class 0x088000
[    1.929442] pci 0000:ff:1d.1: [8086:3457] type 00 class 0x088000
[    1.929554] pci 0000:ff:1e.0: [8086:3458] type 00 class 0x088000
[    1.929637] pci 0000:ff:1e.1: [8086:3459] type 00 class 0x088000
[    1.929703] pci 0000:ff:1e.2: [8086:345a] type 00 class 0x088000
[    1.929767] pci 0000:ff:1e.3: [8086:345b] type 00 class 0x088000
[    1.929831] pci 0000:ff:1e.4: [8086:345c] type 00 class 0x088000
[    1.929896] pci 0000:ff:1e.5: [8086:345d] type 00 class 0x088000
[    1.929960] pci 0000:ff:1e.6: [8086:345e] type 00 class 0x088000
[    1.930024] pci 0000:ff:1e.7: [8086:345f] type 00 class 0x088000
[    1.930086] pci_bus 0000:ff: on NUMA node 1
[    1.933997] iommu: Default domain type: Translated 
[    1.933997] iommu: DMA domain TLB invalidation policy: lazy mode 
[    1.934175] SCSI subsystem initialized
[    1.934210] libata version 3.00 loaded.
[    1.934210] ACPI: bus type USB registered
[    1.934210] usbcore: registered new interface driver usbfs
[    1.934210] usbcore: registered new interface driver hub
[    1.934210] usbcore: registered new device driver usb
[    1.934210] pps_core: LinuxPPS API ver. 1 registered
[    1.934210] pps_core: Software ver. 5.3.6 - Copyright 2005-2007 Rodolfo Giometti <giometti@linux.it>
[    1.934210] PTP clock support registered
[    1.934210] EDAC MC: Ver: 3.0.0
[    1.934656] Registered efivars operations
[    1.934656] NetLabel: Initializing
[    1.934656] NetLabel:  domain hash size = 128
[    1.934656] NetLabel:  protocols = UNLABELED CIPSOv4 CALIPSO
[    1.934656] NetLabel:  unlabeled traffic allowed by default
[    1.934656] PCI: Using ACPI for IRQ routing
[    1.936067] PCI: pci_cache_line_size set to 64 bytes
[    1.936622] e820: reserve RAM buffer [mem 0x0008f000-0x0008ffff]
[    1.936624] e820: reserve RAM buffer [mem 0x46cc4020-0x47ffffff]
[    1.936625] e820: reserve RAM buffer [mem 0x46cf6020-0x47ffffff]
[    1.936626] e820: reserve RAM buffer [mem 0x46d29020-0x47ffffff]
[    1.936628] e820: reserve RAM buffer [mem 0x46d5c020-0x47ffffff]
[    1.936628] e820: reserve RAM buffer [mem 0x49e77000-0x4bffffff]
[    1.936630] e820: reserve RAM buffer [mem 0x4b2cf000-0x4bffffff]
[    1.936630] e820: reserve RAM buffer [mem 0x4bd94000-0x4bffffff]
[    1.936631] e820: reserve RAM buffer [mem 0x4ce00000-0x4fffffff]
[    1.936632] e820: reserve RAM buffer [mem 0x5eefe000-0x5fffffff]
[    1.936633] e820: reserve RAM buffer [mem 0x6f800000-0x6fffffff]
[    1.937981] pci 0000:03:00.0: vgaarb: setting as boot VGA device
[    1.937981] pci 0000:03:00.0: vgaarb: bridge control possible
[    1.937981] pci 0000:03:00.0: vgaarb: VGA device added: decodes=io+mem,owns=io+mem,locks=none
[    1.937981] vgaarb: loaded
[    1.938232] hpet0: at MMIO 0xfed00000, IRQs 2, 8, 0, 0, 0, 0, 0, 0
[    1.938239] hpet0: 8 comparators, 64-bit 24.000000 MHz counter
[    1.942059] clocksource: Switched to clocksource tsc-early
[    1.951526] VFS: Disk quotas dquot_6.6.0
[    1.951561] VFS: Dquot-cache hash table entries: 512 (order 0, 4096 bytes)
[    1.951719] AppArmor: AppArmor Filesystem Enabled
[    1.951730] pnp: PnP ACPI init
[    1.967917] system 00:01: [io  0x0500-0x05fe] has been reserved
[    1.967920] system 00:01: [io  0x0400-0x041f] has been reserved
[    1.967922] system 00:01: [io  0x0600-0x061f] has been reserved
[    1.967924] system 00:01: [io  0x0ca0-0x0ca1] has been reserved
[    1.967925] system 00:01: [io  0x0ca4-0x0ca6] has been reserved
[    1.967927] system 00:01: [mem 0xff000000-0xffffffff] has been reserved
[    1.968526] system 00:04: [mem 0xfd000000-0xfdabffff] has been reserved
[    1.968528] system 00:04: [mem 0xfdad0000-0xfdadffff] has been reserved
[    1.968530] system 00:04: [mem 0xfdb00000-0xfdffffff] has been reserved
[    1.968532] system 00:04: [mem 0xfe000000-0xfe00ffff] has been reserved
[    1.968533] system 00:04: [mem 0xfe011000-0xfe01ffff] has been reserved
[    1.968535] system 00:04: [mem 0xfe036000-0xfe03bfff] has been reserved
[    1.968536] system 00:04: [mem 0xfe03d000-0xfe3fffff] has been reserved
[    1.968538] system 00:04: [mem 0xfe410000-0xfe7fffff] has been reserved
[    1.968860] system 00:05: [io  0x1000-0x10fe] has been reserved
[    1.969886] pnp: PnP ACPI: found 6 devices
[    1.975634] clocksource: acpi_pm: mask: 0xffffff max_cycles: 0xffffff, max_idle_ns: 2085701024 ns
[    1.975712] NET: Registered PF_INET protocol family
[    1.976037] IP idents hash table entries: 262144 (order: 9, 2097152 bytes, vmalloc)
[    1.978222] tcp_listen_portaddr_hash hash table entries: 16384 (order: 6, 262144 bytes, vmalloc)
[    1.978580] TCP established hash table entries: 262144 (order: 9, 2097152 bytes, vmalloc)
[    1.978976] TCP bind hash table entries: 65536 (order: 8, 1048576 bytes, vmalloc)
[    1.979037] TCP: Hash tables configured (established 262144 bind 65536)
[    1.979260] UDP hash table entries: 16384 (order: 7, 524288 bytes, vmalloc)
[    1.979375] UDP-Lite hash table entries: 16384 (order: 7, 524288 bytes, vmalloc)
[    1.979535] NET: Registered PF_UNIX/PF_LOCAL protocol family
[    1.979541] NET: Registered PF_XDP protocol family
[    1.979549] pci 0000:04:00.0: can't claim BAR 6 [mem 0xfffc0000-0xffffffff pref]: no compatible bridge window
[    1.979551] pci 0000:04:00.1: can't claim BAR 6 [mem 0xfffc0000-0xffffffff pref]: no compatible bridge window
[    1.979553] pci 0000:17:00.0: can't claim BAR 6 [mem 0xfff00000-0xffffffff pref]: no compatible bridge window
[    1.979569] pci 0000:00:1c.5: BAR 14: assigned [mem 0x90000000-0x900fffff]
[    1.979571] pci 0000:00:1c.0: PCI bridge to [bus 01]
[    1.979581] pci 0000:02:00.0: PCI bridge to [bus 03]
[    1.979586] pci 0000:02:00.0:   bridge window [mem 0x92000000-0x928fffff]
[    1.979590] pci 0000:02:00.0:   bridge window [mem 0x91000000-0x91ffffff 64bit pref]
[    1.979596] pci 0000:00:1c.4: PCI bridge to [bus 02-03]
[    1.979600] pci 0000:00:1c.4:   bridge window [mem 0x92000000-0x928fffff]
[    1.979603] pci 0000:00:1c.4:   bridge window [mem 0x91000000-0x91ffffff 64bit pref]
[    1.979608] pci 0000:04:00.0: BAR 6: assigned [mem 0x90000000-0x9003ffff pref]
[    1.979610] pci 0000:04:00.1: BAR 6: assigned [mem 0x90040000-0x9007ffff pref]
[    1.979611] pci 0000:00:1c.5: PCI bridge to [bus 04]
[    1.979614] pci 0000:00:1c.5:   bridge window [mem 0x90000000-0x900fffff]
[    1.979617] pci 0000:00:1c.5:   bridge window [mem 0x92900000-0x929fffff 64bit pref]
[    1.979622] pci_bus 0000:00: resource 4 [io  0x0000-0x0cf7 window]
[    1.979623] pci_bus 0000:00: resource 5 [io  0x1000-0x4fff window]
[    1.979625] pci_bus 0000:00: resource 6 [mem 0x000a0000-0x000bffff window]
[    1.979626] pci_bus 0000:00: resource 7 [mem 0x000c8000-0x000cffff window]
[    1.979627] pci_bus 0000:00: resource 8 [mem 0xfe010000-0xfe010fff window]
[    1.979629] pci_bus 0000:00: resource 9 [mem 0x90000000-0x9b7fffff window]
[    1.979630] pci_bus 0000:00: resource 10 [mem 0x200000000000-0x20ffffffffff window]
[    1.979632] pci_bus 0000:02: resource 1 [mem 0x92000000-0x928fffff]
[    1.979633] pci_bus 0000:02: resource 2 [mem 0x91000000-0x91ffffff 64bit pref]
[    1.979635] pci_bus 0000:03: resource 1 [mem 0x92000000-0x928fffff]
[    1.979636] pci_bus 0000:03: resource 2 [mem 0x91000000-0x91ffffff 64bit pref]
[    1.979637] pci_bus 0000:04: resource 1 [mem 0x90000000-0x900fffff]
[    1.979638] pci_bus 0000:04: resource 2 [mem 0x92900000-0x929fffff 64bit pref]
[    1.979714] pci 0000:17:00.0: BAR 6: no space for [mem size 0x00100000 pref]
[    1.979717] pci 0000:17:00.0: BAR 6: failed to assign [mem size 0x00100000 pref]
[    1.979718] pci 0000:16:02.0: PCI bridge to [bus 17]
[    1.979720] pci 0000:16:02.0:   bridge window [io  0x5000-0x5fff]
[    1.979723] pci 0000:16:02.0:   bridge window [mem 0x9ba00000-0x9bafffff]
[    1.979725] pci 0000:16:02.0:   bridge window [mem 0x9b800000-0x9b9fffff 64bit pref]
[    1.979728] pci_bus 0000:16: resource 4 [io  0x5000-0x6fff window]
[    1.979729] pci_bus 0000:16: resource 5 [mem 0x9b800000-0xa63fffff window]
[    1.979731] pci_bus 0000:16: resource 6 [mem 0x210000000000-0x21ffffffffff window]
[    1.979732] pci_bus 0000:17: resource 0 [io  0x5000-0x5fff]
[    1.979733] pci_bus 0000:17: resource 1 [mem 0x9ba00000-0x9bafffff]
[    1.979734] pci_bus 0000:17: resource 2 [mem 0x9b800000-0x9b9fffff 64bit pref]
[    1.979740] pci_bus 0000:30: resource 4 [io  0x7000-0x8fff window]
[    1.979742] pci_bus 0000:30: resource 5 [mem 0xa6400000-0xb0ffffff window]
[    1.979743] pci_bus 0000:30: resource 6 [mem 0x220000000000-0x22ffffffffff window]
[    1.979748] pci_bus 0000:4a: resource 4 [io  0x9000-0x9fff window]
[    1.979750] pci_bus 0000:4a: resource 5 [mem 0xb1000000-0xbbbfffff window]
[    1.979751] pci_bus 0000:4a: resource 6 [mem 0x230000000000-0x23ffffffffff window]
