[    0.000000] Linux version 5.18.0 (xmu@xmu-PowerEdge-R750) (gcc (Ubuntu 8.4.0-1ubuntu1~18.04) 8.4.0, GNU ld (GNU Binutils for Ubuntu) 2.30) #1 SMP PREEMPT_DYNAMIC Sat Apr 6 15:16:25 CST 2024
[    0.000000] Command line: BOOT_IMAGE=/boot/vmlinuz-5.18.0 root=UUID=ce0c24b8-724b-4f33-9b2c-618433560aef ro memmap=42307M!4096M memmap=59G!64G quiet splash nomodeset vt.handoff=1
[    0.000000] KERNEL supported cpus:
[    0.000000]   Intel GenuineIntel
[    0.000000]   AMD AuthenticAMD
[    0.000000]   Hygon HygonGenuine
[    0.000000]   Centaur CentaurHauls
[    0.000000]   zhaoxin   Shanghai  
[    0.000000] x86/split lock detection: #AC: crashing the kernel on kernel split_locks and warning on user-space split_locks
[    0.000000] x86/fpu: Supporting XSAVE feature 0x001: 'x87 floating point registers'
[    0.000000] x86/fpu: Supporting XSAVE feature 0x002: 'SSE registers'
[    0.000000] x86/fpu: Supporting XSAVE feature 0x004: 'AVX registers'
[    0.000000] x86/fpu: Supporting XSAVE feature 0x020: 'AVX-512 opmask'
[    0.000000] x86/fpu: Supporting XSAVE feature 0x040: 'AVX-512 Hi256'
[    0.000000] x86/fpu: Supporting XSAVE feature 0x080: 'AVX-512 ZMM_Hi256'
[    0.000000] x86/fpu: Supporting XSAVE feature 0x200: 'Protection Keys User registers'
[    0.000000] x86/fpu: xstate_offset[2]:  576, xstate_sizes[2]:  256
[    0.000000] x86/fpu: xstate_offset[5]:  832, xstate_sizes[5]:   64
[    0.000000] x86/fpu: xstate_offset[6]:  896, xstate_sizes[6]:  512
[    0.000000] x86/fpu: xstate_offset[7]: 1408, xstate_sizes[7]: 1024
[    0.000000] x86/fpu: xstate_offset[9]: 2432, xstate_sizes[9]:    8
[    0.000000] x86/fpu: Enabled xstate features 0x2e7, context size is 2440 bytes, using 'compacted' format.
[    0.000000] signal: max sigframe size: 3632
[    0.000000] BIOS-provided physical RAM map:
[    0.000000] BIOS-e820: [mem 0x0000000000000000-0x000000000008efff] usable
[    0.000000] BIOS-e820: [mem 0x000000000008f000-0x000000000008ffff] reserved
[    0.000000] BIOS-e820: [mem 0x0000000000090000-0x000000000009ffff] usable
[    0.000000] BIOS-e820: [mem 0x00000000000a0000-0x00000000000fffff] reserved
[    0.000000] BIOS-e820: [mem 0x0000000000100000-0x0000000049e76fff] usable
[    0.000000] BIOS-e820: [mem 0x0000000049e77000-0x000000004ae76fff] ACPI NVS
[    0.000000] BIOS-e820: [mem 0x000000004ae77000-0x000000004b2cefff] usable
[    0.000000] BIOS-e820: [mem 0x000000004b2cf000-0x000000004b54dfff] ACPI data
[    0.000000] BIOS-e820: [mem 0x000000004b54e000-0x000000004bd93fff] usable
[    0.000000] BIOS-e820: [mem 0x000000004bd94000-0x000000004be99fff] reserved
[    0.000000] BIOS-e820: [mem 0x000000004be9a000-0x000000004cdfffff] usable
[    0.000000] BIOS-e820: [mem 0x000000004ce00000-0x000000004cffffff] reserved
[    0.000000] BIOS-e820: [mem 0x000000004d000000-0x000000005eefdfff] usable
[    0.000000] BIOS-e820: [mem 0x000000005eefe000-0x000000006e3fefff] reserved
[    0.000000] BIOS-e820: [mem 0x000000006e3ff000-0x000000006f3fefff] ACPI NVS
[    0.000000] BIOS-e820: [mem 0x000000006f3ff000-0x000000006f7fefff] ACPI data
[    0.000000] BIOS-e820: [mem 0x000000006f7ff000-0x000000006f7fffff] usable
[    0.000000] BIOS-e820: [mem 0x000000006f800000-0x000000008fffffff] reserved
[    0.000000] BIOS-e820: [mem 0x00000000fe000000-0x00000000fe010fff] reserved
[    0.000000] BIOS-e820: [mem 0x0000000100000000-0x000000207fffffff] usable
[    0.000000] BIOS-e820: [mem 0x0000002080000000-0x0000011c7fffffff] persistent (type 7)
[    0.000000] BIOS-e820: [mem 0x00001ffc00000000-0x00001fffffffffff] reserved
[    0.000000] NX (Execute Disable) protection: active
[    0.000000] e820: update [mem 0x46d5c020-0x46d6405f] usable ==> usable
[    0.000000] e820: update [mem 0x46d5c020-0x46d6405f] usable ==> usable
[    0.000000] e820: update [mem 0x46d29020-0x46d5bc5f] usable ==> usable
[    0.000000] e820: update [mem 0x46d29020-0x46d5bc5f] usable ==> usable
[    0.000000] e820: update [mem 0x46cf6020-0x46d28c5f] usable ==> usable
[    0.000000] e820: update [mem 0x46cf6020-0x46d28c5f] usable ==> usable
[    0.000000] e820: update [mem 0x46cc4020-0x46cf5a5f] usable ==> usable
[    0.000000] e820: update [mem 0x46cc4020-0x46cf5a5f] usable ==> usable
[    0.000000] extended physical RAM map:
[    0.000000] reserve setup_data: [mem 0x0000000000000000-0x000000000008efff] usable
[    0.000000] reserve setup_data: [mem 0x000000000008f000-0x000000000008ffff] reserved
[    0.000000] reserve setup_data: [mem 0x0000000000090000-0x000000000009ffff] usable
[    0.000000] reserve setup_data: [mem 0x00000000000a0000-0x00000000000fffff] reserved
[    0.000000] reserve setup_data: [mem 0x0000000000100000-0x0000000046cc401f] usable
[    0.000000] reserve setup_data: [mem 0x0000000046cc4020-0x0000000046cf5a5f] usable
[    0.000000] reserve setup_data: [mem 0x0000000046cf5a60-0x0000000046cf601f] usable
[    0.000000] reserve setup_data: [mem 0x0000000046cf6020-0x0000000046d28c5f] usable
[    0.000000] reserve setup_data: [mem 0x0000000046d28c60-0x0000000046d2901f] usable
[    0.000000] reserve setup_data: [mem 0x0000000046d29020-0x0000000046d5bc5f] usable
[    0.000000] reserve setup_data: [mem 0x0000000046d5bc60-0x0000000046d5c01f] usable
[    0.000000] reserve setup_data: [mem 0x0000000046d5c020-0x0000000046d6405f] usable
[    0.000000] reserve setup_data: [mem 0x0000000046d64060-0x0000000049e76fff] usable
[    0.000000] reserve setup_data: [mem 0x0000000049e77000-0x000000004ae76fff] ACPI NVS
[    0.000000] reserve setup_data: [mem 0x000000004ae77000-0x000000004b2cefff] usable
[    0.000000] reserve setup_data: [mem 0x000000004b2cf000-0x000000004b54dfff] ACPI data
[    0.000000] reserve setup_data: [mem 0x000000004b54e000-0x000000004bd93fff] usable
[    0.000000] reserve setup_data: [mem 0x000000004bd94000-0x000000004be99fff] reserved
[    0.000000] reserve setup_data: [mem 0x000000004be9a000-0x000000004cdfffff] usable
[    0.000000] reserve setup_data: [mem 0x000000004ce00000-0x000000004cffffff] reserved
[    0.000000] reserve setup_data: [mem 0x000000004d000000-0x000000005eefdfff] usable
[    0.000000] reserve setup_data: [mem 0x000000005eefe000-0x000000006e3fefff] reserved
[    0.000000] reserve setup_data: [mem 0x000000006e3ff000-0x000000006f3fefff] ACPI NVS
[    0.000000] reserve setup_data: [mem 0x000000006f3ff000-0x000000006f7fefff] ACPI data
[    0.000000] reserve setup_data: [mem 0x000000006f7ff000-0x000000006f7fffff] usable
[    0.000000] reserve setup_data: [mem 0x000000006f800000-0x000000008fffffff] reserved
[    0.000000] reserve setup_data: [mem 0x00000000fe000000-0x00000000fe010fff] reserved
[    0.000000] reserve setup_data: [mem 0x0000000100000000-0x0000000b542fffff] persistent (type 12)
[    0.000000] reserve setup_data: [mem 0x0000000b54300000-0x0000000fffffffff] usable
[    0.000000] reserve setup_data: [mem 0x0000001000000000-0x0000001ebfffffff] persistent (type 12)
[    0.000000] reserve setup_data: [mem 0x0000001ec0000000-0x000000207fffffff] usable
[    0.000000] reserve setup_data: [mem 0x0000002080000000-0x0000011c7fffffff] persistent (type 7)
[    0.000000] reserve setup_data: [mem 0x00001ffc00000000-0x00001fffffffffff] reserved
[    0.000000] user-defined physical RAM map:
[    0.000000] user: [mem 0x0000000000000000-0x000000000008efff] usable
[    0.000000] user: [mem 0x000000000008f000-0x000000000008ffff] reserved
[    0.000000] user: [mem 0x0000000000090000-0x000000000009ffff] usable
[    0.000000] user: [mem 0x00000000000a0000-0x00000000000fffff] reserved
[    0.000000] user: [mem 0x0000000000100000-0x0000000046cc401f] usable
[    0.000000] user: [mem 0x0000000046cc4020-0x0000000046cf5a5f] usable
[    0.000000] user: [mem 0x0000000046cf5a60-0x0000000046cf601f] usable
[    0.000000] user: [mem 0x0000000046cf6020-0x0000000046d28c5f] usable
[    0.000000] user: [mem 0x0000000046d28c60-0x0000000046d2901f] usable
[    0.000000] user: [mem 0x0000000046d29020-0x0000000046d5bc5f] usable
[    0.000000] user: [mem 0x0000000046d5bc60-0x0000000046d5c01f] usable
[    0.000000] user: [mem 0x0000000046d5c020-0x0000000046d6405f] usable
[    0.000000] user: [mem 0x0000000046d64060-0x0000000049e76fff] usable
[    0.000000] user: [mem 0x0000000049e77000-0x000000004ae76fff] ACPI NVS
[    0.000000] user: [mem 0x000000004ae77000-0x000000004b2cefff] usable
[    0.000000] user: [mem 0x000000004b2cf000-0x000000004b54dfff] ACPI data
[    0.000000] user: [mem 0x000000004b54e000-0x000000004bd93fff] usable
[    0.000000] user: [mem 0x000000004bd94000-0x000000004be99fff] reserved
[    0.000000] user: [mem 0x000000004be9a000-0x000000004cdfffff] usable
[    0.000000] user: [mem 0x000000004ce00000-0x000000004cffffff] reserved
[    0.000000] user: [mem 0x000000004d000000-0x000000005eefdfff] usable
[    0.000000] user: [mem 0x000000005eefe000-0x000000006e3fefff] reserved
[    0.000000] user: [mem 0x000000006e3ff000-0x000000006f3fefff] ACPI NVS
[    0.000000] user: [mem 0x000000006f3ff000-0x000000006f7fefff] ACPI data
[    0.000000] user: [mem 0x000000006f7ff000-0x000000006f7fffff] usable
[    0.000000] user: [mem 0x000000006f800000-0x000000008fffffff] reserved
[    0.000000] user: [mem 0x00000000fe000000-0x00000000fe010fff] reserved
[    0.000000] user: [mem 0x0000000100000000-0x0000000b542fffff] persistent (type 12)
[    0.000000] user: [mem 0x0000000b54300000-0x0000000fffffffff] usable
[    0.000000] user: [mem 0x0000001000000000-0x0000001ebfffffff] persistent (type 12)
[    0.000000] user: [mem 0x0000001ec0000000-0x000000207fffffff] usable
[    0.000000] user: [mem 0x0000002080000000-0x0000011c7fffffff] persistent (type 7)
[    0.000000] user: [mem 0x00001ffc00000000-0x00001fffffffffff] reserved
[    0.000000] efi: EFI v2.70 by Dell Inc.
[    0.000000] efi: ACPI=0x6f7fe000 ACPI 2.0=0x6f7fe014 MEMATTR=0x5b071020 SMBIOS=0x69526000 SMBIOS 3.0=0x69524000 MOKvar=0x5ef81000 RNG=0x5ef8a920 
[    0.000000] efi: seeding entropy pool
[    0.000000] SMBIOS 3.3.0 present.
[    0.000000] DMI: Dell Inc. PowerEdge R750/0K8F35, BIOS 1.10.2 03/03/2023
[    0.000000] tsc: Detected 2000.000 MHz processor
[    0.000007] e820: update [mem 0x00000000-0x00000fff] usable ==> reserved
[    0.000009] e820: remove [mem 0x000a0000-0x000fffff] usable
[    0.000018] last_pfn = 0x2080000 max_arch_pfn = 0x400000000
[    0.000196] x86/PAT: Configuration [0-7]: WB  WC  UC- UC  WB  WP  UC- WT  
[    0.002852] total RAM covered: 2095088M
[    0.002937]  gran_size: 64K 	chunk_size: 64K 	num_reg: 10  	lose cover RAM: 2016G
[    0.002940]  gran_size: 64K 	chunk_size: 128K 	num_reg: 10  	lose cover RAM: 2016G
[    0.002941]  gran_size: 64K 	chunk_size: 256K 	num_reg: 10  	lose cover RAM: 2016G
[    0.002943]  gran_size: 64K 	chunk_size: 512K 	num_reg: 10  	lose cover RAM: 2016G
[    0.002944]  gran_size: 64K 	chunk_size: 1M 	num_reg: 10  	lose cover RAM: 2016G
[    0.002945]  gran_size: 64K 	chunk_size: 2M 	num_reg: 10  	lose cover RAM: 2016G
[    0.002947]  gran_size: 64K 	chunk_size: 4M 	num_reg: 10  	lose cover RAM: 2016G
[    0.002948]  gran_size: 64K 	chunk_size: 8M 	num_reg: 10  	lose cover RAM: 2016G
[    0.002949]  gran_size: 64K 	chunk_size: 16M 	num_reg: 10  	lose cover RAM: 2016G
[    0.002951]  gran_size: 64K 	chunk_size: 32M 	num_reg: 10  	lose cover RAM: 1024G
[    0.002952]  gran_size: 64K 	chunk_size: 64M 	num_reg: 10  	lose cover RAM: 1024G
[    0.002953]  gran_size: 64K 	chunk_size: 128M 	num_reg: 10  	lose cover RAM: 1024G
[    0.002955]  gran_size: 64K 	chunk_size: 256M 	num_reg: 10  	lose cover RAM: 1024G
[    0.002956]  gran_size: 64K 	chunk_size: 512M 	num_reg: 10  	lose cover RAM: 1024G
[    0.002957]  gran_size: 64K 	chunk_size: 1G 	num_reg: 10  	lose cover RAM: 1024G
[    0.002959]  gran_size: 64K 	chunk_size: 2G 	num_reg: 10  	lose cover RAM: 1024G
[    0.002960]  gran_size: 128K 	chunk_size: 128K 	num_reg: 10  	lose cover RAM: 2016G
[    0.002961]  gran_size: 128K 	chunk_size: 256K 	num_reg: 10  	lose cover RAM: 2016G
[    0.002963]  gran_size: 128K 	chunk_size: 512K 	num_reg: 10  	lose cover RAM: 2016G
[    0.002964]  gran_size: 128K 	chunk_size: 1M 	num_reg: 10  	lose cover RAM: 2016G
[    0.002965]  gran_size: 128K 	chunk_size: 2M 	num_reg: 10  	lose cover RAM: 2016G
[    0.002967]  gran_size: 128K 	chunk_size: 4M 	num_reg: 10  	lose cover RAM: 2016G
[    0.002968]  gran_size: 128K 	chunk_size: 8M 	num_reg: 10  	lose cover RAM: 2016G
[    0.002969]  gran_size: 128K 	chunk_size: 16M 	num_reg: 10  	lose cover RAM: 2016G
[    0.002970]  gran_size: 128K 	chunk_size: 32M 	num_reg: 10  	lose cover RAM: 1024G
[    0.002972]  gran_size: 128K 	chunk_size: 64M 	num_reg: 10  	lose cover RAM: 1024G
[    0.002973]  gran_size: 128K 	chunk_size: 128M 	num_reg: 10  	lose cover RAM: 1024G
[    0.002974]  gran_size: 128K 	chunk_size: 256M 	num_reg: 10  	lose cover RAM: 1024G
[    0.002976]  gran_size: 128K 	chunk_size: 512M 	num_reg: 10  	lose cover RAM: 1024G
[    0.002977]  gran_size: 128K 	chunk_size: 1G 	num_reg: 10  	lose cover RAM: 1024G
[    0.002979]  gran_size: 128K 	chunk_size: 2G 	num_reg: 10  	lose cover RAM: 1024G
[    0.002980]  gran_size: 256K 	chunk_size: 256K 	num_reg: 10  	lose cover RAM: 2016G
[    0.002982]  gran_size: 256K 	chunk_size: 512K 	num_reg: 10  	lose cover RAM: 2016G
[    0.002983]  gran_size: 256K 	chunk_size: 1M 	num_reg: 10  	lose cover RAM: 2016G
[    0.002984]  gran_size: 256K 	chunk_size: 2M 	num_reg: 10  	lose cover RAM: 2016G
[    0.002986]  gran_size: 256K 	chunk_size: 4M 	num_reg: 10  	lose cover RAM: 2016G
[    0.002987]  gran_size: 256K 	chunk_size: 8M 	num_reg: 10  	lose cover RAM: 2016G
[    0.002988]  gran_size: 256K 	chunk_size: 16M 	num_reg: 10  	lose cover RAM: 2016G
[    0.002990]  gran_size: 256K 	chunk_size: 32M 	num_reg: 10  	lose cover RAM: 1024G
[    0.002991]  gran_size: 256K 	chunk_size: 64M 	num_reg: 10  	lose cover RAM: 1024G
[    0.002992]  gran_size: 256K 	chunk_size: 128M 	num_reg: 10  	lose cover RAM: 1024G
[    0.002994]  gran_size: 256K 	chunk_size: 256M 	num_reg: 10  	lose cover RAM: 1024G
[    0.002995]  gran_size: 256K 	chunk_size: 512M 	num_reg: 10  	lose cover RAM: 1024G
[    0.002996]  gran_size: 256K 	chunk_size: 1G 	num_reg: 10  	lose cover RAM: 1024G
[    0.002998]  gran_size: 256K 	chunk_size: 2G 	num_reg: 10  	lose cover RAM: 1024G
[    0.002999]  gran_size: 512K 	chunk_size: 512K 	num_reg: 10  	lose cover RAM: 2016G
[    0.003000]  gran_size: 512K 	chunk_size: 1M 	num_reg: 10  	lose cover RAM: 2016G
[    0.003002]  gran_size: 512K 	chunk_size: 2M 	num_reg: 10  	lose cover RAM: 2016G
[    0.003003]  gran_size: 512K 	chunk_size: 4M 	num_reg: 10  	lose cover RAM: 2016G
[    0.003004]  gran_size: 512K 	chunk_size: 8M 	num_reg: 10  	lose cover RAM: 2016G
[    0.003005]  gran_size: 512K 	chunk_size: 16M 	num_reg: 10  	lose cover RAM: 2016G
[    0.003007]  gran_size: 512K 	chunk_size: 32M 	num_reg: 10  	lose cover RAM: 1024G
[    0.003008]  gran_size: 512K 	chunk_size: 64M 	num_reg: 10  	lose cover RAM: 1024G
[    0.003009]  gran_size: 512K 	chunk_size: 128M 	num_reg: 10  	lose cover RAM: 1024G
[    0.003011]  gran_size: 512K 	chunk_size: 256M 	num_reg: 10  	lose cover RAM: 1024G
[    0.003012]  gran_size: 512K 	chunk_size: 512M 	num_reg: 10  	lose cover RAM: 1024G
[    0.003014]  gran_size: 512K 	chunk_size: 1G 	num_reg: 10  	lose cover RAM: 1024G
[    0.003015]  gran_size: 512K 	chunk_size: 2G 	num_reg: 10  	lose cover RAM: 1024G
[    0.003016]  gran_size: 1M 	chunk_size: 1M 	num_reg: 10  	lose cover RAM: 2016G
[    0.003018]  gran_size: 1M 	chunk_size: 2M 	num_reg: 10  	lose cover RAM: 2016G
[    0.003019]  gran_size: 1M 	chunk_size: 4M 	num_reg: 10  	lose cover RAM: 2016G
[    0.003021]  gran_size: 1M 	chunk_size: 8M 	num_reg: 10  	lose cover RAM: 2016G
[    0.003022]  gran_size: 1M 	chunk_size: 16M 	num_reg: 10  	lose cover RAM: 2016G
[    0.003023]  gran_size: 1M 	chunk_size: 32M 	num_reg: 10  	lose cover RAM: 1024G
[    0.003025]  gran_size: 1M 	chunk_size: 64M 	num_reg: 10  	lose cover RAM: 1024G
[    0.003026]  gran_size: 1M 	chunk_size: 128M 	num_reg: 10  	lose cover RAM: 1024G
[    0.003027]  gran_size: 1M 	chunk_size: 256M 	num_reg: 10  	lose cover RAM: 1024G
[    0.003029]  gran_size: 1M 	chunk_size: 512M 	num_reg: 10  	lose cover RAM: 1024G
[    0.003030]  gran_size: 1M 	chunk_size: 1G 	num_reg: 10  	lose cover RAM: 1024G
[    0.003031]  gran_size: 1M 	chunk_size: 2G 	num_reg: 10  	lose cover RAM: 1024G
[    0.003033]  gran_size: 2M 	chunk_size: 2M 	num_reg: 10  	lose cover RAM: 2016G
[    0.003034]  gran_size: 2M 	chunk_size: 4M 	num_reg: 10  	lose cover RAM: 2016G
[    0.003035]  gran_size: 2M 	chunk_size: 8M 	num_reg: 10  	lose cover RAM: 2016G
[    0.003036]  gran_size: 2M 	chunk_size: 16M 	num_reg: 10  	lose cover RAM: 2016G
[    0.003038]  gran_size: 2M 	chunk_size: 32M 	num_reg: 10  	lose cover RAM: 1024G
[    0.003039]  gran_size: 2M 	chunk_size: 64M 	num_reg: 10  	lose cover RAM: 1024G
[    0.003040]  gran_size: 2M 	chunk_size: 128M 	num_reg: 10  	lose cover RAM: 1024G
[    0.003042]  gran_size: 2M 	chunk_size: 256M 	num_reg: 10  	lose cover RAM: 1024G
[    0.003043]  gran_size: 2M 	chunk_size: 512M 	num_reg: 10  	lose cover RAM: 1024G
[    0.003045]  gran_size: 2M 	chunk_size: 1G 	num_reg: 10  	lose cover RAM: 1024G
[    0.003046]  gran_size: 2M 	chunk_size: 2G 	num_reg: 10  	lose cover RAM: 1024G
[    0.003047]  gran_size: 4M 	chunk_size: 4M 	num_reg: 10  	lose cover RAM: 2016G
[    0.003049]  gran_size: 4M 	chunk_size: 8M 	num_reg: 10  	lose cover RAM: 2016G
[    0.003050]  gran_size: 4M 	chunk_size: 16M 	num_reg: 10  	lose cover RAM: 2016G
[    0.003051]  gran_size: 4M 	chunk_size: 32M 	num_reg: 10  	lose cover RAM: 1024G
[    0.003053]  gran_size: 4M 	chunk_size: 64M 	num_reg: 10  	lose cover RAM: 1024G
[    0.003054]  gran_size: 4M 	chunk_size: 128M 	num_reg: 10  	lose cover RAM: 1024G
[    0.003055]  gran_size: 4M 	chunk_size: 256M 	num_reg: 10  	lose cover RAM: 1024G
[    0.003057]  gran_size: 4M 	chunk_size: 512M 	num_reg: 10  	lose cover RAM: 1024G
[    0.003058]  gran_size: 4M 	chunk_size: 1G 	num_reg: 10  	lose cover RAM: 1024G
[    0.003059]  gran_size: 4M 	chunk_size: 2G 	num_reg: 10  	lose cover RAM: 1024G
[    0.003061]  gran_size: 8M 	chunk_size: 8M 	num_reg: 10  	lose cover RAM: 2016G
[    0.003062]  gran_size: 8M 	chunk_size: 16M 	num_reg: 10  	lose cover RAM: 2016G
[    0.003063]  gran_size: 8M 	chunk_size: 32M 	num_reg: 10  	lose cover RAM: 1024G
[    0.003064]  gran_size: 8M 	chunk_size: 64M 	num_reg: 10  	lose cover RAM: 1024G
[    0.003066]  gran_size: 8M 	chunk_size: 128M 	num_reg: 10  	lose cover RAM: 1024G
[    0.003067]  gran_size: 8M 	chunk_size: 256M 	num_reg: 10  	lose cover RAM: 1024G
[    0.003068]  gran_size: 8M 	chunk_size: 512M 	num_reg: 10  	lose cover RAM: 1024G
[    0.003069]  gran_size: 8M 	chunk_size: 1G 	num_reg: 10  	lose cover RAM: 1024G
[    0.003071]  gran_size: 8M 	chunk_size: 2G 	num_reg: 10  	lose cover RAM: 1024G
[    0.003072]  gran_size: 16M 	chunk_size: 16M 	num_reg: 10  	lose cover RAM: 2016G
[    0.003073]  gran_size: 16M 	chunk_size: 32M 	num_reg: 10  	lose cover RAM: 1024G
[    0.003075]  gran_size: 16M 	chunk_size: 64M 	num_reg: 10  	lose cover RAM: 1024G
[    0.003076]  gran_size: 16M 	chunk_size: 128M 	num_reg: 10  	lose cover RAM: 1024G
[    0.003078]  gran_size: 16M 	chunk_size: 256M 	num_reg: 10  	lose cover RAM: 1024G
[    0.003079]  gran_size: 16M 	chunk_size: 512M 	num_reg: 10  	lose cover RAM: 1024G
[    0.003081]  gran_size: 16M 	chunk_size: 1G 	num_reg: 10  	lose cover RAM: 1024G
[    0.003082]  gran_size: 16M 	chunk_size: 2G 	num_reg: 10  	lose cover RAM: 1024G
[    0.003083]  gran_size: 32M 	chunk_size: 32M 	num_reg: 10  	lose cover RAM: 2031632M
[    0.003085]  gran_size: 32M 	chunk_size: 64M 	num_reg: 10  	lose cover RAM: 1048592M
[    0.003087]  gran_size: 32M 	chunk_size: 128M 	num_reg: 10  	lose cover RAM: 1048592M
[    0.003088]  gran_size: 32M 	chunk_size: 256M 	num_reg: 10  	lose cover RAM: 1048592M
[    0.003089]  gran_size: 32M 	chunk_size: 512M 	num_reg: 10  	lose cover RAM: 1048592M
[    0.003091]  gran_size: 32M 	chunk_size: 1G 	num_reg: 10  	lose cover RAM: 1048592M
[    0.003092]  gran_size: 32M 	chunk_size: 2G 	num_reg: 10  	lose cover RAM: 1048592M
[    0.003093]  gran_size: 64M 	chunk_size: 64M 	num_reg: 10  	lose cover RAM: 1966128M
[    0.003095]  gran_size: 64M 	chunk_size: 128M 	num_reg: 10  	lose cover RAM: 1048624M
[    0.003096]  gran_size: 64M 	chunk_size: 256M 	num_reg: 10  	lose cover RAM: 1048624M
[    0.003097]  gran_size: 64M 	chunk_size: 512M 	num_reg: 10  	lose cover RAM: 1048624M
[    0.003099]  gran_size: 64M 	chunk_size: 1G 	num_reg: 10  	lose cover RAM: 1048624M
[    0.003100]  gran_size: 64M 	chunk_size: 2G 	num_reg: 10  	lose cover RAM: 1048624M
[    0.003101]  gran_size: 128M 	chunk_size: 128M 	num_reg: 10  	lose cover RAM: 1835120M
[    0.003103]  gran_size: 128M 	chunk_size: 256M 	num_reg: 10  	lose cover RAM: 1048688M
[    0.003104]  gran_size: 128M 	chunk_size: 512M 	num_reg: 10  	lose cover RAM: 1048688M
[    0.003106]  gran_size: 128M 	chunk_size: 1G 	num_reg: 10  	lose cover RAM: 1048688M
[    0.003107]  gran_size: 128M 	chunk_size: 2G 	num_reg: 10  	lose cover RAM: 1048688M
[    0.003108]  gran_size: 256M 	chunk_size: 256M 	num_reg: 10  	lose cover RAM: 1573104M
[    0.003110]  gran_size: 256M 	chunk_size: 512M 	num_reg: 10  	lose cover RAM: 1048816M
[    0.003111]  gran_size: 256M 	chunk_size: 1G 	num_reg: 10  	lose cover RAM: 1048816M
[    0.003113]  gran_size: 256M 	chunk_size: 2G 	num_reg: 10  	lose cover RAM: 1048816M
[    0.003114]  gran_size: 512M 	chunk_size: 512M 	num_reg: 10  	lose cover RAM: 1049072M
[    0.003115]  gran_size: 512M 	chunk_size: 1G 	num_reg: 10  	lose cover RAM: 1049072M
[    0.003117]  gran_size: 512M 	chunk_size: 2G 	num_reg: 10  	lose cover RAM: 1049072M
[    0.003118]  gran_size: 1G 	chunk_size: 1G 	num_reg: 10  	lose cover RAM: 1008M
[    0.003119]  gran_size: 1G 	chunk_size: 2G 	num_reg: 10  	lose cover RAM: 1008M
[    0.003121]  gran_size: 2G 	chunk_size: 2G 	num_reg: 9  	lose cover RAM: 2032M
[    0.003122] mtrr_cleanup: can not find optimal value
[    0.003123] please specify mtrr_gran_size/mtrr_chunk_size
[    0.003125] e820: update [mem 0x7f000000-0xffffffff] usable ==> reserved
[    0.003129] x2apic: enabled by BIOS, switching to x2apic ops
[    0.003130] last_pfn = 0x6f800 max_arch_pfn = 0x400000000
[    0.014547] Using GB pages for direct mapping
[    0.015655] Secure boot disabled
[    0.015656] RAMDISK: [mem 0x205de61000-0x207fffffff]
[    0.015661] ACPI: Early table checksum verification disabled
[    0.015663] ACPI: RSDP 0x000000006F7FE014 000024 (v02 DELL  )
[    0.015667] ACPI: XSDT 0x000000006F41C188 0000F4 (v01 DELL   PE_SC3   00000000 DELL 01000013)
[    0.015673] ACPI: FACP 0x000000006F430000 000114 (v06 DELL   PE_SC3   00000000 DELL 00000001)
[    0.015679] ACPI: DSDT 0x000000004B4CE000 07FAD3 (v02 DELL   PE_SC3   00000003 DELL 00000001)
[    0.015682] ACPI: FACS 0x000000006F2F2000 000040
[    0.015685] ACPI: SSDT 0x000000006F7FB000 00159A (v02 INTEL  RAS_ACPI 00000001 INTL 20210331)
[    0.015689] ACPI: SSDT 0x000000006F7FA000 000745 (v02 INTEL  ADDRXLAT 00000001 INTL 20210331)
[    0.015693] ACPI: MCEJ 0x000000006F7F9000 000130 (v01 INTEL           00000001 INTL 0100000D)
[    0.015696] ACPI: BERT 0x000000006F7F8000 000030 (v01 DELL   PE_SC3   00000001 INTL 00000001)
[    0.015699] ACPI: ERST 0x000000006F7F7000 000230 (v01 DELL   PE_SC3   00000001 INTL 00000001)
[    0.015703] ACPI: SSDT 0x000000006F431000 3C524E (v02 INTEL  SSDTNVDR 00001000 INTL 20210331)
[    0.015706] ACPI: HMAT 0x000000006F42F000 000210 (v01 DELL   PE_SC3   00000001 DELL 00000001)
[    0.015710] ACPI: HPET 0x000000006F42E000 000038 (v01 DELL   PE_SC3   00000001 DELL 00000001)
[    0.015713] ACPI: MCFG 0x000000006F42D000 00003C (v01 DELL   PE_SC3   00000001 DELL 00000001)
[    0.015716] ACPI: MIGT 0x000000006F42C000 000040 (v01 DELL   PE_SC3   00000000 DELL 00000001)
[    0.015719] ACPI: MSCT 0x000000006F42B000 000090 (v01 DELL   PE_SC3   00000001 DELL 00000001)
[    0.015723] ACPI: PMTT 0x000000006F429000 0011E8 (v02 DELL   PE_SC3   00000001 DELL 00000001)
[    0.015726] ACPI: WSMT 0x000000006F428000 000028 (v01 DELL   PE_SC3   00000000 DELL 00000001)
[    0.015729] ACPI: APIC 0x000000006F427000 00075E (v04 DELL   PE_SC3   00000000 DELL 00000001)
[    0.015733] ACPI: SLIT 0x000000006F426000 00003C (v01 DELL   PE_SC3   00000001 DELL 01000013)
[    0.015736] ACPI: SRAT 0x000000006F41F000 006430 (v03 DELL   PE_SC3   00000002 DELL 01000013)
[    0.015739] ACPI: OEM4 0x000000004B346000 187A61 (v02 INTEL  CPU  CST 00003000 INTL 20210331)
[    0.015743] ACPI: SSDT 0x000000004B2CF000 0764A5 (v02 INTEL  SSDT  PM 00004000 INTL 20210331)
[    0.015746] ACPI: SSDT 0x000000006F41E000 000A1F (v02 DELL   PE_SC3   00000000 DELL 00000001)
[    0.015749] ACPI: HEST 0x000000006F41D000 00017C (v01 DELL   PE_SC3   00000001 INTL 00000001)
[    0.015753] ACPI: PCAT 0x000000006F41B000 00010C (v19 DELL   PE_SC3   00000002 DELL 00000001)
[    0.015756] ACPI: SSDT 0x000000006F413000 007299 (v02 INTEL  SpsNm    00000002 INTL 20210331)
[    0.015759] ACPI: SSDT 0x000000006F412000 000426 (v02 DELL   PE_SC3   00000002 DELL 00000001)
[    0.015763] ACPI: NFIT 0x000000006F7FD000 000488 (v01 DELL   PE_SC3   00000002 DELL 00000001)
[    0.015766] ACPI: DMAR 0x000000006F411000 000158 (v01 DELL   PE_SC3   00000001 DELL 00000001)
[    0.015769] ACPI: Reserving FACP table memory at [mem 0x6f430000-0x6f430113]
[    0.015770] ACPI: Reserving DSDT table memory at [mem 0x4b4ce000-0x4b54dad2]
[    0.015772] ACPI: Reserving FACS table memory at [mem 0x6f2f2000-0x6f2f203f]
[    0.015773] ACPI: Reserving SSDT table memory at [mem 0x6f7fb000-0x6f7fc599]
[    0.015774] ACPI: Reserving SSDT table memory at [mem 0x6f7fa000-0x6f7fa744]
[    0.015775] ACPI: Reserving MCEJ table memory at [mem 0x6f7f9000-0x6f7f912f]
[    0.015776] ACPI: Reserving BERT table memory at [mem 0x6f7f8000-0x6f7f802f]
[    0.015776] ACPI: Reserving ERST table memory at [mem 0x6f7f7000-0x6f7f722f]
[    0.015777] ACPI: Reserving SSDT table memory at [mem 0x6f431000-0x6f7f624d]
[    0.015778] ACPI: Reserving HMAT table memory at [mem 0x6f42f000-0x6f42f20f]
[    0.015779] ACPI: Reserving HPET table memory at [mem 0x6f42e000-0x6f42e037]
[    0.015780] ACPI: Reserving MCFG table memory at [mem 0x6f42d000-0x6f42d03b]
[    0.015781] ACPI: Reserving MIGT table memory at [mem 0x6f42c000-0x6f42c03f]
[    0.015782] ACPI: Reserving MSCT table memory at [mem 0x6f42b000-0x6f42b08f]
[    0.015783] ACPI: Reserving PMTT table memory at [mem 0x6f429000-0x6f42a1e7]
[    0.015784] ACPI: Reserving WSMT table memory at [mem 0x6f428000-0x6f428027]
[    0.015785] ACPI: Reserving APIC table memory at [mem 0x6f427000-0x6f42775d]
[    0.015786] ACPI: Reserving SLIT table memory at [mem 0x6f426000-0x6f42603b]
[    0.015787] ACPI: Reserving SRAT table memory at [mem 0x6f41f000-0x6f42542f]
[    0.015787] ACPI: Reserving OEM4 table memory at [mem 0x4b346000-0x4b4cda60]
[    0.015788] ACPI: Reserving SSDT table memory at [mem 0x4b2cf000-0x4b3454a4]
[    0.015789] ACPI: Reserving SSDT table memory at [mem 0x6f41e000-0x6f41ea1e]
[    0.015790] ACPI: Reserving HEST table memory at [mem 0x6f41d000-0x6f41d17b]
[    0.015791] ACPI: Reserving PCAT table memory at [mem 0x6f41b000-0x6f41b10b]
[    0.015792] ACPI: Reserving SSDT table memory at [mem 0x6f413000-0x6f41a298]
[    0.015793] ACPI: Reserving SSDT table memory at [mem 0x6f412000-0x6f412425]
[    0.015794] ACPI: Reserving NFIT table memory at [mem 0x6f7fd000-0x6f7fd487]
[    0.015795] ACPI: Reserving DMAR table memory at [mem 0x6f411000-0x6f411157]
[    0.015805] Setting APIC routing to cluster x2apic.
[    0.015853] SRAT: PXM 0 -> APIC 0x0000 -> Node 0
[    0.015854] SRAT: PXM 0 -> APIC 0x0001 -> Node 0
[    0.015855] SRAT: PXM 0 -> APIC 0x0002 -> Node 0
[    0.015856] SRAT: PXM 0 -> APIC 0x0003 -> Node 0
[    0.015857] SRAT: PXM 0 -> APIC 0x0004 -> Node 0
[    0.015857] SRAT: PXM 0 -> APIC 0x0005 -> Node 0
[    0.015858] SRAT: PXM 0 -> APIC 0x0006 -> Node 0
[    0.015858] SRAT: PXM 0 -> APIC 0x0007 -> Node 0
[    0.015859] SRAT: PXM 0 -> APIC 0x0008 -> Node 0
[    0.015860] SRAT: PXM 0 -> APIC 0x0009 -> Node 0
[    0.015860] SRAT: PXM 0 -> APIC 0x000a -> Node 0
[    0.015861] SRAT: PXM 0 -> APIC 0x000b -> Node 0
[    0.015862] SRAT: PXM 0 -> APIC 0x000c -> Node 0
[    0.015863] SRAT: PXM 0 -> APIC 0x000d -> Node 0
[    0.015863] SRAT: PXM 0 -> APIC 0x000e -> Node 0
[    0.015864] SRAT: PXM 0 -> APIC 0x000f -> Node 0
[    0.015865] SRAT: PXM 0 -> APIC 0x0010 -> Node 0
[    0.015866] SRAT: PXM 0 -> APIC 0x0011 -> Node 0
[    0.015867] SRAT: PXM 0 -> APIC 0x0012 -> Node 0
[    0.015867] SRAT: PXM 0 -> APIC 0x0013 -> Node 0
[    0.015868] SRAT: PXM 0 -> APIC 0x0014 -> Node 0
[    0.015869] SRAT: PXM 0 -> APIC 0x0015 -> Node 0
[    0.015869] SRAT: PXM 0 -> APIC 0x0016 -> Node 0
[    0.015870] SRAT: PXM 0 -> APIC 0x0017 -> Node 0
[    0.015870] SRAT: PXM 0 -> APIC 0x0018 -> Node 0
[    0.015871] SRAT: PXM 0 -> APIC 0x0019 -> Node 0
[    0.015872] SRAT: PXM 0 -> APIC 0x001a -> Node 0
[    0.015872] SRAT: PXM 0 -> APIC 0x001b -> Node 0
[    0.015873] SRAT: PXM 0 -> APIC 0x001c -> Node 0
[    0.015874] SRAT: PXM 0 -> APIC 0x001d -> Node 0
[    0.015874] SRAT: PXM 0 -> APIC 0x001e -> Node 0
[    0.015875] SRAT: PXM 0 -> APIC 0x001f -> Node 0
[    0.015876] SRAT: PXM 0 -> APIC 0x0020 -> Node 0
[    0.015876] SRAT: PXM 0 -> APIC 0x0021 -> Node 0
[    0.015877] SRAT: PXM 0 -> APIC 0x0022 -> Node 0
[    0.015878] SRAT: PXM 0 -> APIC 0x0023 -> Node 0
[    0.015878] SRAT: PXM 0 -> APIC 0x0024 -> Node 0
[    0.015879] SRAT: PXM 0 -> APIC 0x0025 -> Node 0
[    0.015880] SRAT: PXM 0 -> APIC 0x0026 -> Node 0
[    0.015880] SRAT: PXM 0 -> APIC 0x0027 -> Node 0
[    0.015881] SRAT: PXM 0 -> APIC 0x0028 -> Node 0
[    0.015882] SRAT: PXM 0 -> APIC 0x0029 -> Node 0
[    0.015882] SRAT: PXM 0 -> APIC 0x002a -> Node 0
[    0.015883] SRAT: PXM 0 -> APIC 0x002b -> Node 0
[    0.015884] SRAT: PXM 0 -> APIC 0x002c -> Node 0
[    0.015884] SRAT: PXM 0 -> APIC 0x002d -> Node 0
[    0.015885] SRAT: PXM 0 -> APIC 0x002e -> Node 0
[    0.015886] SRAT: PXM 0 -> APIC 0x002f -> Node 0
[    0.015886] SRAT: PXM 0 -> APIC 0x0030 -> Node 0
[    0.015887] SRAT: PXM 0 -> APIC 0x0031 -> Node 0
[    0.015888] SRAT: PXM 0 -> APIC 0x0032 -> Node 0
[    0.015888] SRAT: PXM 0 -> APIC 0x0033 -> Node 0
[    0.015889] SRAT: PXM 0 -> APIC 0x0034 -> Node 0
[    0.015890] SRAT: PXM 0 -> APIC 0x0035 -> Node 0
[    0.015890] SRAT: PXM 0 -> APIC 0x0036 -> Node 0
[    0.015891] SRAT: PXM 0 -> APIC 0x0037 -> Node 0
[    0.015892] SRAT: PXM 1 -> APIC 0x0080 -> Node 1
[    0.015892] SRAT: PXM 1 -> APIC 0x0081 -> Node 1
[    0.015893] SRAT: PXM 1 -> APIC 0x0082 -> Node 1
[    0.015894] SRAT: PXM 1 -> APIC 0x0083 -> Node 1
[    0.015895] SRAT: PXM 1 -> APIC 0x0084 -> Node 1
[    0.015895] SRAT: PXM 1 -> APIC 0x0085 -> Node 1
[    0.015896] SRAT: PXM 1 -> APIC 0x0086 -> Node 1
[    0.015897] SRAT: PXM 1 -> APIC 0x0087 -> Node 1
[    0.015898] SRAT: PXM 1 -> APIC 0x0088 -> Node 1
[    0.015898] SRAT: PXM 1 -> APIC 0x0089 -> Node 1
[    0.015899] SRAT: PXM 1 -> APIC 0x008a -> Node 1
[    0.015900] SRAT: PXM 1 -> APIC 0x008b -> Node 1
[    0.015900] SRAT: PXM 1 -> APIC 0x008c -> Node 1
[    0.015901] SRAT: PXM 1 -> APIC 0x008d -> Node 1
[    0.015901] SRAT: PXM 1 -> APIC 0x008e -> Node 1
[    0.015902] SRAT: PXM 1 -> APIC 0x008f -> Node 1
[    0.015903] SRAT: PXM 1 -> APIC 0x0090 -> Node 1
[    0.015903] SRAT: PXM 1 -> APIC 0x0091 -> Node 1
[    0.015904] SRAT: PXM 1 -> APIC 0x0092 -> Node 1
[    0.015905] SRAT: PXM 1 -> APIC 0x0093 -> Node 1
[    0.015905] SRAT: PXM 1 -> APIC 0x0094 -> Node 1
[    0.015906] SRAT: PXM 1 -> APIC 0x0095 -> Node 1
[    0.015907] SRAT: PXM 1 -> APIC 0x0096 -> Node 1
[    0.015907] SRAT: PXM 1 -> APIC 0x0097 -> Node 1
[    0.015908] SRAT: PXM 1 -> APIC 0x0098 -> Node 1
[    0.015909] SRAT: PXM 1 -> APIC 0x0099 -> Node 1
[    0.015909] SRAT: PXM 1 -> APIC 0x009a -> Node 1
[    0.015910] SRAT: PXM 1 -> APIC 0x009b -> Node 1
[    0.015911] SRAT: PXM 1 -> APIC 0x009c -> Node 1
[    0.015911] SRAT: PXM 1 -> APIC 0x009d -> Node 1
[    0.015912] SRAT: PXM 1 -> APIC 0x009e -> Node 1
[    0.015912] SRAT: PXM 1 -> APIC 0x009f -> Node 1
[    0.015913] SRAT: PXM 1 -> APIC 0x00a0 -> Node 1
[    0.015914] SRAT: PXM 1 -> APIC 0x00a1 -> Node 1
[    0.015914] SRAT: PXM 1 -> APIC 0x00a2 -> Node 1
[    0.015915] SRAT: PXM 1 -> APIC 0x00a3 -> Node 1
[    0.015916] SRAT: PXM 1 -> APIC 0x00a4 -> Node 1
[    0.015916] SRAT: PXM 1 -> APIC 0x00a5 -> Node 1
[    0.015917] SRAT: PXM 1 -> APIC 0x00a6 -> Node 1
[    0.015918] SRAT: PXM 1 -> APIC 0x00a7 -> Node 1
[    0.015918] SRAT: PXM 1 -> APIC 0x00a8 -> Node 1
[    0.015919] SRAT: PXM 1 -> APIC 0x00a9 -> Node 1
[    0.015920] SRAT: PXM 1 -> APIC 0x00aa -> Node 1
[    0.015920] SRAT: PXM 1 -> APIC 0x00ab -> Node 1
[    0.015921] SRAT: PXM 1 -> APIC 0x00ac -> Node 1
[    0.015922] SRAT: PXM 1 -> APIC 0x00ad -> Node 1
[    0.015922] SRAT: PXM 1 -> APIC 0x00ae -> Node 1
[    0.015923] SRAT: PXM 1 -> APIC 0x00af -> Node 1
[    0.015924] SRAT: PXM 1 -> APIC 0x00b0 -> Node 1
[    0.015924] SRAT: PXM 1 -> APIC 0x00b1 -> Node 1
[    0.015925] SRAT: PXM 1 -> APIC 0x00b2 -> Node 1
[    0.015926] SRAT: PXM 1 -> APIC 0x00b3 -> Node 1
[    0.015927] SRAT: PXM 1 -> APIC 0x00b4 -> Node 1
[    0.015927] SRAT: PXM 1 -> APIC 0x00b5 -> Node 1
[    0.015928] SRAT: PXM 1 -> APIC 0x00b6 -> Node 1
[    0.015929] SRAT: PXM 1 -> APIC 0x00b7 -> Node 1
[    0.015941] ACPI: SRAT: Node 0 PXM 0 [mem 0x00000000-0x7fffffff]
[    0.015943] ACPI: SRAT: Node 0 PXM 0 [mem 0x100000000-0x107fffffff]
[    0.015945] ACPI: SRAT: Node 2 PXM 2 [mem 0x2080000000-0x9e7fffffff] non-volatile
[    0.015946] ACPI: SRAT: Node 1 PXM 1 [mem 0x1080000000-0x207fffffff]
[    0.015947] ACPI: SRAT: Node 3 PXM 3 [mem 0x9e80000000-0x11c7fffffff] non-volatile
[    0.015956] NUMA: Initialized distance table, cnt=4
[    0.015960] NUMA: Node 0 [mem 0x00000000-0x7fffffff] + [mem 0x100000000-0x107fffffff] -> [mem 0x00000000-0x107fffffff]
[    0.015969] NODE_DATA(0) allocated [mem 0xffffd5000-0xfffffffff]
[    0.015987] NODE_DATA(1) allocated [mem 0x205de32000-0x205de5cfff]
[    0.016160] Zone ranges:
[    0.016160]   DMA      [mem 0x0000000000001000-0x0000000000ffffff]
[    0.016162]   DMA32    [mem 0x0000000001000000-0x00000000ffffffff]
[    0.016164]   Normal   [mem 0x0000000100000000-0x000000207fffffff]
[    0.016165]   Device   empty
[    0.016167] Movable zone start for each node
[    0.016170] Early memory node ranges
[    0.016171]   node   0: [mem 0x0000000000001000-0x000000000008efff]
[    0.016172]   node   0: [mem 0x0000000000090000-0x000000000009ffff]
[    0.016173]   node   0: [mem 0x0000000000100000-0x0000000049e76fff]
[    0.016174]   node   0: [mem 0x000000004ae77000-0x000000004b2cefff]
[    0.016175]   node   0: [mem 0x000000004b54e000-0x000000004bd93fff]
[    0.016176]   node   0: [mem 0x000000004be9a000-0x000000004cdfffff]
[    0.016177]   node   0: [mem 0x000000004d000000-0x000000005eefdfff]
[    0.016177]   node   0: [mem 0x000000006f7ff000-0x000000006f7fffff]
[    0.016178]   node   0: [mem 0x0000000b54300000-0x0000000fffffffff]
[    0.016180]   node   1: [mem 0x0000001ec0000000-0x000000207fffffff]
[    0.016182] Initmem setup node 0 [mem 0x0000000000001000-0x0000000fffffffff]
[    0.016185] Initmem setup node 1 [mem 0x0000001ec0000000-0x000000207fffffff]
[    0.016186] Initializing node 2 as memoryless
[    0.016210] Initmem setup node 2 as memoryless
[    0.016211] Initializing node 3 as memoryless
[    0.016232] Initmem setup node 3 as memoryless
[    0.016234] On node 0, zone DMA: 1 pages in unavailable ranges
[    0.016235] On node 0, zone DMA: 1 pages in unavailable ranges
[    0.016261] On node 0, zone DMA: 96 pages in unavailable ranges
[    0.018528] On node 0, zone DMA32: 4096 pages in unavailable ranges
[    0.018551] On node 0, zone DMA32: 639 pages in unavailable ranges
[    0.018582] On node 0, zone DMA32: 262 pages in unavailable ranges
[    0.019116] On node 0, zone DMA32: 512 pages in unavailable ranges
[    0.019389] On node 0, zone DMA32: 35073 pages in unavailable ranges
[    0.055598] On node 0, zone Normal: 19200 pages in unavailable ranges
[    0.069878] ACPI: PM-Timer IO Port: 0x508
[    0.069898] ACPI: X2APIC_NMI (uid[0xffffffff] high edge lint[0x1])
[    0.069901] ACPI: LAPIC_NMI (acpi_id[0xff] high edge lint[0x1])
[    0.069920] IOAPIC[0]: apic_id 8, version 32, address 0xfec00000, GSI 0-119
[    0.069924] ACPI: INT_SRC_OVR (bus 0 bus_irq 0 global_irq 2 dfl dfl)
[    0.069926] ACPI: INT_SRC_OVR (bus 0 bus_irq 9 global_irq 9 high level)
[    0.069930] ACPI: Using ACPI (MADT) for SMP configuration information
[    0.069931] ACPI: HPET id: 0x8086a701 base: 0xfed00000
[    0.069935] TSC deadline timer available
[    0.069936] smpboot: Allowing 112 CPUs, 0 hotplug CPUs
[    0.069965] PM: hibernation: Registered nosave memory: [mem 0x00000000-0x00000fff]
[    0.069967] PM: hibernation: Registered nosave memory: [mem 0x0008f000-0x0008ffff]
[    0.069969] PM: hibernation: Registered nosave memory: [mem 0x000a0000-0x000fffff]
[    0.069971] PM: hibernation: Registered nosave memory: [mem 0x46cc4000-0x46cc4fff]
[    0.069973] PM: hibernation: Registered nosave memory: [mem 0x46cf5000-0x46cf5fff]
[    0.069974] PM: hibernation: Registered nosave memory: [mem 0x46cf6000-0x46cf6fff]
[    0.069976] PM: hibernation: Registered nosave memory: [mem 0x46d28000-0x46d28fff]
[    0.069977] PM: hibernation: Registered nosave memory: [mem 0x46d29000-0x46d29fff]
[    0.069978] PM: hibernation: Registered nosave memory: [mem 0x46d5b000-0x46d5bfff]
[    0.069979] PM: hibernation: Registered nosave memory: [mem 0x46d5c000-0x46d5cfff]
[    0.069981] PM: hibernation: Registered nosave memory: [mem 0x46d64000-0x46d64fff]
[    0.069983] PM: hibernation: Registered nosave memory: [mem 0x49e77000-0x4ae76fff]
[    0.069984] PM: hibernation: Registered nosave memory: [mem 0x4b2cf000-0x4b54dfff]
[    0.069986] PM: hibernation: Registered nosave memory: [mem 0x4bd94000-0x4be99fff]
[    0.069988] PM: hibernation: Registered nosave memory: [mem 0x4ce00000-0x4cffffff]
[    0.069990] PM: hibernation: Registered nosave memory: [mem 0x5eefe000-0x6e3fefff]
[    0.069991] PM: hibernation: Registered nosave memory: [mem 0x6e3ff000-0x6f3fefff]
[    0.069991] PM: hibernation: Registered nosave memory: [mem 0x6f3ff000-0x6f7fefff]
[    0.069993] PM: hibernation: Registered nosave memory: [mem 0x6f800000-0x8fffffff]
[    0.069994] PM: hibernation: Registered nosave memory: [mem 0x90000000-0xfdffffff]
[    0.069995] PM: hibernation: Registered nosave memory: [mem 0xfe000000-0xfe010fff]
[    0.069996] PM: hibernation: Registered nosave memory: [mem 0xfe011000-0xffffffff]
[    0.069997] PM: hibernation: Registered nosave memory: [mem 0x100000000-0xb542fffff]
[    0.069998] PM: hibernation: Registered nosave memory: [mem 0x1000000000-0x1ebfffffff]
[    0.070000] [mem 0x90000000-0xfdffffff] available for PCI devices
[    0.070002] Booting paravirtualized kernel on bare hardware
[    0.070005] clocksource: refined-jiffies: mask: 0xffffffff max_cycles: 0xffffffff, max_idle_ns: 7645519600211568 ns
[    0.070011] setup_percpu: NR_CPUS:8192 nr_cpumask_bits:112 nr_cpu_ids:112 nr_node_ids:4
[    0.074758] percpu: Embedded 61 pages/cpu s212992 r8192 d28672 u262144
[    0.074770] pcpu-alloc: s212992 r8192 d28672 u262144 alloc=1*2097152
[    0.074773] pcpu-alloc: [0] 000 002 004 006 008 010 012 014 
[    0.074779] pcpu-alloc: [0] 016 018 020 022 024 026 028 030 
[    0.074784] pcpu-alloc: [0] 032 034 036 038 040 042 044 046 
[    0.074788] pcpu-alloc: [0] 048 050 052 054 056 058 060 062 
[    0.074793] pcpu-alloc: [0] 064 066 068 070 072 074 076 078 
[    0.074797] pcpu-alloc: [0] 080 082 084 086 088 090 092 094 
[    0.074802] pcpu-alloc: [0] 096 098 100 102 104 106 108 110 
[    0.074806] pcpu-alloc: [1] 001 003 005 007 009 011 013 015 
[    0.074811] pcpu-alloc: [1] 017 019 021 023 025 027 029 031 
[    0.074815] pcpu-alloc: [1] 033 035 037 039 041 043 045 047 
[    0.074820] pcpu-alloc: [1] 049 051 053 055 057 059 061 063 
[    0.074825] pcpu-alloc: [1] 065 067 069 071 073 075 077 079 
[    0.074829] pcpu-alloc: [1] 081 083 085 087 089 091 093 095 
[    0.074833] pcpu-alloc: [1] 097 099 101 103 105 107 109 111 
[    0.074880] Fallback order for Node 0: 0 1 
[    0.074883] Fallback order for Node 1: 1 0 
[    0.074885] Fallback order for Node 2: 2 0 1 
[    0.074888] Fallback order for Node 3: 3 1 0 
[    0.074896] Built 2 zonelists, mobility grouping on.  Total pages: 7003936
[    0.074898] Policy zone: Normal
[    0.074900] Kernel command line: BOOT_IMAGE=/boot/vmlinuz-5.18.0 root=UUID=ce0c24b8-724b-4f33-9b2c-618433560aef ro memmap=42307M!4096M memmap=59G!64G quiet splash nomodeset vt.handoff=1
[    0.075025] Booted with the nomodeset parameter. Only the system framebuffer will be available
[    0.075047] Unknown kernel command line parameters "splash BOOT_IMAGE=/boot/vmlinuz-5.18.0", will be passed to user space.
[    0.075049] printk: log_buf_len individual max cpu contribution: 4096 bytes
[    0.075050] printk: log_buf_len total cpu_extra contributions: 454656 bytes
[    0.075050] printk: log_buf_len min size: 262144 bytes
[    0.076032] printk: log_buf_len: 1048576 bytes
[    0.076033] printk: early log buf free: 223664(85%)
[    0.077943] mem auto-init: stack:off, heap alloc:on, heap free:off
[    0.150953] Memory: 27188136K/28465248K available (16392K kernel code, 3615K rwdata, 10444K rodata, 2688K init, 5836K bss, 1276852K reserved, 0K cma-reserved)
[    0.150959] random: get_random_u64 called from __kmem_cache_create+0x2d/0x480 with crng_init=0
[    0.151643] SLUB: HWalign=64, Order=0-3, MinObjects=0, CPUs=112, Nodes=4
[    0.151675] ftrace: allocating 48795 entries in 191 pages
[    0.160237] ftrace: allocated 191 pages with 7 groups
[    0.161208] Dynamic Preempt: voluntary
[    0.161544] rcu: Preemptible hierarchical RCU implementation.
[    0.161545] rcu: 	RCU restricting CPUs from NR_CPUS=8192 to nr_cpu_ids=112.
[    0.161546] 	Trampoline variant of Tasks RCU enabled.
[    0.161547] 	Rude variant of Tasks RCU enabled.
[    0.161547] 	Tracing variant of Tasks RCU enabled.
[    0.161548] rcu: RCU calculated value of scheduler-enlistment delay is 25 jiffies.
[    0.161549] rcu: Adjusting geometry for rcu_fanout_leaf=16, nr_cpu_ids=112
[    0.165339] NR_IRQS: 524544, nr_irqs: 2952, preallocated irqs: 16
[    0.165707] random: crng init done (trusting CPU's manufacturer)
[    0.165847] Console: colour dummy device 80x25
[    0.165883] printk: console [tty0] enabled
[    0.166077] mempolicy: Enabling automatic NUMA balancing. Configure with numa_balancing= or the kernel.numa_balancing sysctl
[    0.166081] ACPI: Core revision 20211217
[    0.169479] clocksource: hpet: mask: 0xffffffff max_cycles: 0xffffffff, max_idle_ns: 79635855245 ns
[    0.169524] APIC: Switch to symmetric I/O mode setup
[    0.169525] DMAR: Host address width 46
[    0.169527] DMAR: DRHD base: 0x000000d0ffc000 flags: 0x0
[    0.169532] DMAR: dmar0: reg_base_addr d0ffc000 ver 4:0 cap 8ed008c40780466 ecap 60000f050df
[    0.169534] DMAR: DRHD base: 0x000000dbbfc000 flags: 0x0
[    0.169538] DMAR: dmar1: reg_base_addr dbbfc000 ver 4:0 cap 8ed008c40780466 ecap 60000f050df
[    0.169540] DMAR: DRHD base: 0x000000e67fc000 flags: 0x0
[    0.169543] DMAR: dmar2: reg_base_addr e67fc000 ver 4:0 cap 8ed008c40780466 ecap 60000f050df
[    0.169546] DMAR: DRHD base: 0x000000f13fc000 flags: 0x0
[    0.169548] DMAR: dmar3: reg_base_addr f13fc000 ver 4:0 cap 8ed008c40780466 ecap 60000f050df
[    0.169550] DMAR: DRHD base: 0x000000fb7fc000 flags: 0x0
[    0.169553] DMAR: dmar4: reg_base_addr fb7fc000 ver 4:0 cap 8ed008c40780466 ecap 60000f050df
[    0.169555] DMAR: DRHD base: 0x000000a63fc000 flags: 0x0
[    0.169558] DMAR: dmar5: reg_base_addr a63fc000 ver 4:0 cap 8ed008c40780466 ecap 60000f050df
[    0.169559] DMAR: DRHD base: 0x000000b0ffc000 flags: 0x0
[    0.169564] DMAR: dmar6: reg_base_addr b0ffc000 ver 4:0 cap 8ed008c40780466 ecap 60000f050df
[    0.169566] DMAR: DRHD base: 0x000000bbbfc000 flags: 0x0
[    0.169568] DMAR: dmar7: reg_base_addr bbbfc000 ver 4:0 cap 8ed008c40780466 ecap 60000f050df
[    0.169570] DMAR: DRHD base: 0x000000c5ffc000 flags: 0x0
[    0.169572] DMAR: dmar8: reg_base_addr c5ffc000 ver 4:0 cap 8ed008c40780466 ecap 60000f050df
[    0.169574] DMAR: DRHD base: 0x0000009b7fc000 flags: 0x1
[    0.169576] DMAR: dmar9: reg_base_addr 9b7fc000 ver 4:0 cap 8ed008c40780466 ecap 60000f050df
[    0.169579] DMAR: RMRR base: 0x00000069427000 end: 0x00000069429fff
[    0.169580] DMAR: ATSR flags: 0x0
[    0.169583] DMAR-IR: IOAPIC id 8 under DRHD base  0x9b7fc000 IOMMU 9
[    0.169584] DMAR-IR: HPET id 0 under DRHD base 0x9b7fc000
[    0.169585] DMAR-IR: Queued invalidation will be enabled to support x2apic and Intr-remapping.
[    0.172499] DMAR-IR: Enabled IRQ remapping in x2apic mode
[    0.175128] ..TIMER: vector=0x30 apic1=0 pin1=2 apic2=-1 pin2=-1
[    0.193454] clocksource: tsc-early: mask: 0xffffffffffffffff max_cycles: 0x39a85c9bff6, max_idle_ns: 881590591483 ns
[    0.193460] Calibrating delay loop (skipped), value calculated using timer frequency.. 4000.00 BogoMIPS (lpj=8000000)
[    0.193463] pid_max: default: 114688 minimum: 896
[    0.197370] LSM: Security Framework initializing
[    0.197395] Yama: becoming mindful.
[    0.197467] AppArmor: AppArmor initialized
[    0.201386] Dentry cache hash table entries: 4194304 (order: 13, 33554432 bytes, vmalloc hugepage)
[    0.203391] Inode-cache hash table entries: 2097152 (order: 12, 16777216 bytes, vmalloc hugepage)
[    0.203504] Mount-cache hash table entries: 65536 (order: 7, 524288 bytes, vmalloc)
[    0.203573] Mountpoint-cache hash table entries: 65536 (order: 7, 524288 bytes, vmalloc)
[    0.204135] x86/tme: not enabled by BIOS
[    0.204144] CPU0: Thermal monitoring enabled (TM1)
[    0.204146] x86/cpu: User Mode Instruction Prevention (UMIP) activated
[    0.204381] process: using mwait in idle threads
[    0.204383] Last level iTLB entries: 4KB 0, 2MB 0, 4MB 0
[    0.204384] Last level dTLB entries: 4KB 0, 2MB 0, 4MB 0, 1GB 0
[    0.204390] Spectre V1 : Mitigation: usercopy/swapgs barriers and __user pointer sanitization
[    0.204392] Spectre V2 : WARNING: Unprivileged eBPF is enabled with eIBRS on, data leaks possible via Spectre v2 BHB attacks!
[    0.204397] Spectre V2 : Mitigation: Enhanced IBRS
[    0.204398] Spectre V2 : Spectre v2 / SpectreRSB mitigation: Filling RSB on context switch
[    0.204399] Spectre V2 : mitigation: Enabling conditional Indirect Branch Prediction Barrier
[    0.204400] Speculative Store Bypass: Mitigation: Speculative Store Bypass disabled via prctl
[    0.209575] Freeing SMP alternatives memory: 40K
[    0.213599] smpboot: Estimated ratio of average max frequency by base frequency (times 1024): 1433
[    0.213614] smpboot: CPU0: Intel(R) Xeon(R) Gold 6330 CPU @ 2.00GHz (family: 0x6, model: 0x6a, stepping: 0x6)
[    0.213832] cblist_init_generic: Setting adjustable number of callback queues.
[    0.213848] cblist_init_generic: Setting shift to 7 and lim to 1.
[    0.213874] cblist_init_generic: Setting shift to 7 and lim to 1.
[    0.213901] cblist_init_generic: Setting shift to 7 and lim to 1.
[    0.213912] Performance Events: PEBS fmt4+-baseline,  AnyThread deprecated, Icelake events, 32-deep LBR, full-width counters, Intel PMU driver.
[    0.213949] ... version:                5
[    0.213949] ... bit width:              48
[    0.213950] ... generic registers:      8
[    0.213951] ... value mask:             0000ffffffffffff
[    0.213952] ... max period:             00007fffffffffff
[    0.213952] ... fixed-purpose events:   4
[    0.213953] ... event mask:             0001000f000000ff
[    0.214124] rcu: Hierarchical SRCU implementation.
[    0.221349] NMI watchdog: Enabled. Permanently consumes one hw-PMU counter.
[    0.222440] smp: Bringing up secondary CPUs ...
[    0.222568] x86: Booting SMP configuration:
[    0.222570] .... node  #1, CPUs:          #1
[    0.007757] smpboot: CPU 1 Converting physical 0 to logical die 1

[    0.309572] .... node  #0, CPUs:     #2
[    0.314944] .... node  #1, CPUs:     #3
[    0.320386] .... node  #0, CPUs:     #4
[    0.325780] .... node  #1, CPUs:     #5
[    0.331180] .... node  #0, CPUs:     #6
[    0.336771] .... node  #1, CPUs:     #7
[    0.342368] .... node  #0, CPUs:     #8
[    0.347679] .... node  #1, CPUs:     #9
[    0.353568] .... node  #0, CPUs:    #10
[    0.359164] .... node  #1, CPUs:    #11
[    0.364912] .... node  #0, CPUs:    #12
[    0.370437] .... node  #1, CPUs:    #13
[    0.375808] .... node  #0, CPUs:    #14
[    0.381042] .... node  #1, CPUs:    #15
[    0.386384] .... node  #0, CPUs:    #16
[    0.391672] .... node  #1, CPUs:    #17
[    0.397001] .... node  #0, CPUs:    #18
[    0.402265] .... node  #1, CPUs:    #19
[    0.407931] .... node  #0, CPUs:    #20
[    0.413181] .... node  #1, CPUs:    #21
[    0.418810] .... node  #0, CPUs:    #22
[    0.424262] .... node  #1, CPUs:    #23
[    0.429568] .... node  #0, CPUs:    #24
[    0.435187] .... node  #1, CPUs:    #25
[    0.440526] .... node  #0, CPUs:    #26
[    0.445760] .... node  #1, CPUs:    #27
[    0.451084] .... node  #0, CPUs:    #28
[    0.456609] .... node  #1, CPUs:    #29
[    0.461917] .... node  #0, CPUs:    #30
[    0.467171] .... node  #1, CPUs:    #31
[    0.472668] .... node  #0, CPUs:    #32
[    0.477964] .... node  #1, CPUs:    #33
[    0.483359] .... node  #0, CPUs:    #34
[    0.488815] .... node  #1, CPUs:    #35
[    0.494156] .... node  #0, CPUs:    #36
[    0.499389] .... node  #1, CPUs:    #37
[    0.504708] .... node  #0, CPUs:    #38
[    0.510288] .... node  #1, CPUs:    #39
[    0.515835] .... node  #0, CPUs:    #40
[    0.521626] .... node  #1, CPUs:    #41
[    0.527221] .... node  #0, CPUs:    #42
[    0.532546] .... node  #1, CPUs:    #43
[    0.538195] .... node  #0, CPUs:    #44
[    0.543567] .... node  #1, CPUs:    #45
[    0.549054] .... node  #0, CPUs:    #46
[    0.554611] .... node  #1, CPUs:    #47
[    0.560071] .... node  #0, CPUs:    #48
[    0.565626] .... node  #1, CPUs:    #49
[    0.570874] .... node  #0, CPUs:    #50
[    0.576381] .... node  #1, CPUs:    #51
[    0.582038] .... node  #0, CPUs:    #52
[    0.587510] .... node  #1, CPUs:    #53
[    0.593117] .... node  #0, CPUs:    #54
[    0.598819] .... node  #1, CPUs:    #55
[    0.604639] .... node  #0, CPUs:    #56
[    0.610821] .... node  #1, CPUs:    #57
[    0.616744] .... node  #0, CPUs:    #58
[    0.622168] .... node  #1, CPUs:    #59
[    0.627622] .... node  #0, CPUs:    #60
[    0.633016] .... node  #1, CPUs:    #61
[    0.638452] .... node  #0, CPUs:    #62
[    0.644052] .... node  #1, CPUs:    #63
[    0.649676] .... node  #0, CPUs:    #64
[    0.655002] .... node  #1, CPUs:    #65
[    0.660759] .... node  #0, CPUs:    #66
[    0.666510] .... node  #1, CPUs:    #67
[    0.672284] .... node  #0, CPUs:    #68
[    0.677839] .... node  #1, CPUs:    #69
[    0.683230] .... node  #0, CPUs:    #70
[    0.688497] .... node  #1, CPUs:    #71
[    0.693846] .... node  #0, CPUs:    #72
[    0.699152] .... node  #1, CPUs:    #73
[    0.704588] .... node  #0, CPUs:    #74
[    0.709873] .... node  #1, CPUs:    #75
[    0.715556] .... node  #0, CPUs:    #76
[    0.720822] .... node  #1, CPUs:    #77
[    0.726467] .... node  #0, CPUs:    #78
[    0.731929] .... node  #1, CPUs:    #79
[    0.737240] .... node  #0, CPUs:    #80
[    0.742901] .... node  #1, CPUs:    #81
[    0.748278] .... node  #0, CPUs:    #82
[    0.753622] .... node  #1, CPUs:    #83
[    0.758868] .... node  #0, CPUs:    #84
[    0.764408] .... node  #1, CPUs:    #85
[    0.769738] .... node  #0, CPUs:    #86
[    0.775001] .... node  #1, CPUs:    #87
[    0.780500] .... node  #0, CPUs:    #88
[    0.785827] .... node  #1, CPUs:    #89
[    0.791236] .... node  #0, CPUs:    #90
[    0.796709] .... node  #1, CPUs:    #91
[    0.802071] .... node  #0, CPUs:    #92
[    0.807324] .... node  #1, CPUs:    #93
[    0.812664] .... node  #0, CPUs:    #94
[    0.818270] .... node  #1, CPUs:    #95
[    0.823831] .... node  #0, CPUs:    #96
[    0.829623] .... node  #1, CPUs:    #97
[    0.835272] .... node  #0, CPUs:    #98
[    0.840619] .... node  #1, CPUs:    #99
[    0.846297] .... node  #0, CPUs:   #100
[    0.851695] .... node  #1, CPUs:   #101
[    0.857200] .... node  #0, CPUs:   #102
[    0.862757] .... node  #1, CPUs:   #103
[    0.868257] .... node  #0, CPUs:   #104
[    0.873634] .... node  #1, CPUs:   #105
[    0.879100] .... node  #0, CPUs:   #106
[    0.884630] .... node  #1, CPUs:   #107
[    0.890300] .... node  #0, CPUs:   #108
[    0.895797] .... node  #1, CPUs:   #109
[    0.901572] .... node  #0, CPUs:   #110
[    0.907167] .... node  #1, CPUs:   #111
[    0.913012] smp: Brought up 2 nodes, 112 CPUs
[    0.913012] smpboot: Max logical packages: 2
[    0.913012] smpboot: Total of 112 processors activated (448085.00 BogoMIPS)
[    0.916862] devtmpfs: initialized
[    0.916862] x86/mm: Memory block size: 2048MB
[    0.916862] ACPI: PM: Registering ACPI NVS region [mem 0x49e77000-0x4ae76fff] (16777216 bytes)
[    0.917631] ACPI: PM: Registering ACPI NVS region [mem 0x6e3ff000-0x6f3fefff] (16777216 bytes)
[    0.917915] clocksource: jiffies: mask: 0xffffffff max_cycles: 0xffffffff, max_idle_ns: 7645041785100000 ns
[    0.918214] futex hash table entries: 32768 (order: 9, 2097152 bytes, vmalloc)
[    0.918463] pinctrl core: initialized pinctrl subsystem
[    0.918613] PM: RTC time: 08:58:17, date: 2024-06-28
[    0.919554] NET: Registered PF_NETLINK/PF_ROUTE protocol family
[    0.920559] DMA: preallocated 4096 KiB GFP_KERNEL pool for atomic allocations
[    0.921068] DMA: preallocated 4096 KiB GFP_KERNEL|GFP_DMA pool for atomic allocations
[    0.921579] DMA: preallocated 4096 KiB GFP_KERNEL|GFP_DMA32 pool for atomic allocations
[    0.921588] audit: initializing netlink subsys (disabled)
[    0.921596] audit: type=2000 audit(1719565096.752:1): state=initialized audit_enabled=0 res=1
[    0.921596] thermal_sys: Registered thermal governor 'fair_share'
[    0.921596] thermal_sys: Registered thermal governor 'bang_bang'
[    0.921596] thermal_sys: Registered thermal governor 'step_wise'
[    0.921596] thermal_sys: Registered thermal governor 'user_space'
[    0.921597] EISA bus registered
[    0.921621] cpuidle: using governor ladder
[    0.921621] cpuidle: using governor menu
[    0.921621] ACPI FADT declares the system doesn't support PCIe ASPM, so disable it
[    0.921621] acpiphp: ACPI Hot Plug PCI Controller Driver version: 0.5
[    0.921621] PCI: MMCONFIG for domain 0000 [bus 00-ff] at [mem 0x80000000-0x8fffffff] (base 0x80000000)
[    0.921621] PCI: MMCONFIG at [mem 0x80000000-0x8fffffff] reserved in E820
[    0.921622] pmd_set_huge: Cannot satisfy [mem 0x80000000-0x80200000] with a huge-page mapping due to MTRR override.
[    0.921810] PCI: Using configuration type 1 for base access
[    0.921820] PCI: Dell System detected, enabling pci=bfsort.
[    0.923972] ENERGY_PERF_BIAS: Set to 'normal', was 'performance'
[    0.926804] kprobes: kprobe jump-optimization is enabled. All kprobes are optimized if possible.
[    0.929471] HugeTLB registered 1.00 GiB page size, pre-allocated 0 pages
[    0.929471] HugeTLB registered 2.00 MiB page size, pre-allocated 0 pages
[    0.929804] fbcon: Taking over console
[    0.929804] ACPI: Added _OSI(Module Device)
[    0.929804] ACPI: Added _OSI(Processor Device)
[    0.929804] ACPI: Added _OSI(3.0 _SCP Extensions)
[    0.929804] ACPI: Added _OSI(Processor Aggregator Device)
[    0.929804] ACPI: Added _OSI(Linux-Dell-Video)
[    0.929804] ACPI: Added _OSI(Linux-Lenovo-NV-HDMI-Audio)
[    0.929804] ACPI: Added _OSI(Linux-HPI-Hybrid-Graphics)
[    1.098809] ACPI: 8 ACPI AML tables successfully acquired and loaded
[    1.105099] ACPI: [Firmware Bug]: BIOS _OSI(Linux) query ignored
[    1.114849] ACPI: Dynamic OEM Table Load:
[    1.525281] ACPI: Interpreter enabled
[    1.525302] ACPI: PM: (supports S0 S5)
[    1.525304] ACPI: Using IOAPIC for interrupt routing
[    1.525389] HEST: Table parsing has been initialized.
[    1.525576] GHES: APEI firmware first mode is enabled by APEI bit and WHEA _OSC.
[    1.525579] PCI: Using host bridge windows from ACPI; if necessary, use "pci=nocrs" and report a bug
[    1.555284] ACPI: Enabled 4 GPEs in block 00 to 7F
[    1.682741] ACPI: PCI Root Bridge [PC00] (domain 0000 [bus 00-15])
[    1.682747] acpi PNP0A08:00: _OSC: OS supports [ExtendedConfig ASPM ClockPM Segments MSI HPX-Type3]
[    1.751461] acpi PNP0A08:00: _OSC: platform does not support [SHPCHotplug AER LTR]
[    1.751690] acpi PNP0A08:00: _OSC: OS now controls [PCIeHotplug PME PCIeCapability]
[    1.751692] acpi PNP0A08:00: FADT indicates ASPM is unsupported, using BIOS configuration
[    1.753558] PCI host bridge to bus 0000:00
[    1.753560] pci_bus 0000:00: root bus resource [io  0x0000-0x0cf7 window]
[    1.753562] pci_bus 0000:00: root bus resource [io  0x1000-0x4fff window]
[    1.753563] pci_bus 0000:00: root bus resource [mem 0x000a0000-0x000bffff window]
[    1.753565] pci_bus 0000:00: root bus resource [mem 0x000c8000-0x000cffff window]
[    1.753566] pci_bus 0000:00: root bus resource [mem 0xfe010000-0xfe010fff window]
[    1.753567] pci_bus 0000:00: root bus resource [mem 0x90000000-0x9b7fffff window]
[    1.753568] pci_bus 0000:00: root bus resource [mem 0x200000000000-0x20ffffffffff window]
[    1.753570] pci_bus 0000:00: root bus resource [bus 00-15]
[    1.753584] pci 0000:00:00.0: [8086:09a2] type 00 class 0x088000
[    1.753689] pci 0000:00:00.1: [8086:09a4] type 00 class 0x088000
[    1.753758] pci 0000:00:00.2: [8086:09a3] type 00 class 0x088000
[    1.753826] pci 0000:00:00.4: [8086:0998] type 00 class 0x060000
[    1.753894] pci 0000:00:02.0: [8086:09a6] type 00 class 0x088000
[    1.753902] pci 0000:00:02.0: reg 0x10: [mem 0x92dfc000-0x92dfdfff]
[    1.753977] pci 0000:00:02.1: [8086:09a7] type 00 class 0x088000
[    1.753986] pci 0000:00:02.1: reg 0x10: [mem 0x92d00000-0x92d7ffff]
[    1.753991] pci 0000:00:02.1: reg 0x14: [mem 0x92c80000-0x92cfffff]
[    1.754067] pci 0000:00:02.4: [8086:3456] type 00 class 0x130000
[    1.754077] pci 0000:00:02.4: reg 0x10: [mem 0x92a00000-0x92afffff 64bit]
[    1.754084] pci 0000:00:02.4: reg 0x18: [mem 0x92df0000-0x92df3fff 64bit]
[    1.754090] pci 0000:00:02.4: reg 0x20: [mem 0x92dc0000-0x92ddffff 64bit]
[    1.754172] pci 0000:00:11.0: [8086:a1ec] type 00 class 0xff0000
[    1.754174] pci 0000:00:11.0: device has non-compliant BARs; disabling IO/MEM decoding
[    1.754265] pci 0000:00:11.5: [8086:a1d2] type 00 class 0x010601
[    1.754278] pci 0000:00:11.5: reg 0x10: [mem 0x92dfa000-0x92dfbfff]
[    1.754285] pci 0000:00:11.5: reg 0x14: [mem 0x92e05000-0x92e050ff]
[    1.754293] pci 0000:00:11.5: reg 0x18: [io  0x2068-0x206f]
[    1.754300] pci 0000:00:11.5: reg 0x1c: [io  0x2074-0x2077]
[    1.754308] pci 0000:00:11.5: reg 0x20: [io  0x2040-0x205f]
[    1.754315] pci 0000:00:11.5: reg 0x24: [mem 0x92b80000-0x92bfffff]
[    1.754353] pci 0000:00:11.5: PME# supported from D3hot
[    1.754566] pci 0000:00:14.0: [8086:a1af] type 00 class 0x0c0330
[    1.754584] pci 0000:00:14.0: reg 0x10: [mem 0x92de0000-0x92deffff 64bit]
[    1.754648] pci 0000:00:14.0: PME# supported from D3hot D3cold
[    1.754877] pci 0000:00:14.2: [8086:a1b1] type 00 class 0x118000
[    1.754894] pci 0000:00:14.2: reg 0x10: [mem 0x92e02000-0x92e02fff 64bit]
[    1.755018] pci 0000:00:16.0: [8086:a1ba] type 00 class 0x078000
[    1.755042] pci 0000:00:16.0: reg 0x10: [mem 0x92e01000-0x92e01fff 64bit]
[    1.755126] pci 0000:00:16.0: PME# supported from D3hot
[    1.755190] pci 0000:00:16.1: [8086:a1bb] type 00 class 0x078000
[    1.755213] pci 0000:00:16.1: reg 0x10: [mem 0x92e00000-0x92e00fff 64bit]
[    1.755297] pci 0000:00:16.1: PME# supported from D3hot
[    1.755363] pci 0000:00:16.4: [8086:a1be] type 00 class 0x078000
[    1.755387] pci 0000:00:16.4: reg 0x10: [mem 0x92dff000-0x92dfffff 64bit]
[    1.755471] pci 0000:00:16.4: PME# supported from D3hot
[    1.755544] pci 0000:00:17.0: [8086:a182] type 00 class 0x010601
[    1.755556] pci 0000:00:17.0: reg 0x10: [mem 0x92df8000-0x92df9fff]
[    1.755564] pci 0000:00:17.0: reg 0x14: [mem 0x92e04000-0x92e040ff]
[    1.755571] pci 0000:00:17.0: reg 0x18: [io  0x2060-0x2067]
[    1.755578] pci 0000:00:17.0: reg 0x1c: [io  0x2070-0x2073]
[    1.755585] pci 0000:00:17.0: reg 0x20: [io  0x2020-0x203f]
[    1.755593] pci 0000:00:17.0: reg 0x24: [mem 0x92b00000-0x92b7ffff]
[    1.755630] pci 0000:00:17.0: PME# supported from D3hot
[    1.755838] pci 0000:00:1c.0: [8086:a190] type 01 class 0x060400
[    1.755913] pci 0000:00:1c.0: PME# supported from D0 D3hot D3cold
[    1.756570] pci 0000:00:1c.4: [8086:a194] type 01 class 0x060400
[    1.756639] pci 0000:00:1c.4: PME# supported from D0 D3hot D3cold
[    1.757269] pci 0000:00:1c.5: [8086:a195] type 01 class 0x060400
[    1.757340] pci 0000:00:1c.5: PME# supported from D0 D3hot D3cold
[    1.758054] pci 0000:00:1f.0: [8086:a1cb] type 00 class 0x060100
[    1.758354] pci 0000:00:1f.2: [8086:a1a1] type 00 class 0x058000
[    1.758369] pci 0000:00:1f.2: reg 0x10: [mem 0x92df4000-0x92df7fff]
[    1.758612] pci 0000:00:1f.4: [8086:a1a3] type 00 class 0x0c0500
[    1.758631] pci 0000:00:1f.4: reg 0x10: [mem 0x92dfe000-0x92dfe0ff 64bit]
[    1.758654] pci 0000:00:1f.4: reg 0x20: [io  0x2000-0x201f]
[    1.758720] pci 0000:00:1f.5: [8086:a1a4] type 00 class 0x0c8000
[    1.758735] pci 0000:00:1f.5: reg 0x10: [mem 0xfe010000-0xfe010fff]
[    1.758867] pci 0000:00:1c.0: PCI bridge to [bus 01]
[    1.758918] pci 0000:02:00.0: [1556:be00] type 01 class 0x060400
[    1.759088] pci 0000:00:1c.4: PCI bridge to [bus 02-03]
[    1.759093] pci 0000:00:1c.4:   bridge window [mem 0x92000000-0x928fffff]
[    1.759097] pci 0000:00:1c.4:   bridge window [mem 0x91000000-0x91ffffff 64bit pref]
[    1.759130] pci_bus 0000:03: extended config space not accessible
[    1.759146] pci 0000:03:00.0: [102b:0536] type 00 class 0x030000
[    1.759166] pci 0000:03:00.0: reg 0x10: [mem 0x91000000-0x91ffffff pref]
[    1.759177] pci 0000:03:00.0: reg 0x14: [mem 0x92808000-0x9280bfff]
[    1.759187] pci 0000:03:00.0: reg 0x18: [mem 0x92000000-0x927fffff]
[    1.759235] pci 0000:03:00.0: BAR 0: assigned to efifb
[    1.759243] pci 0000:03:00.0: Video device with shadowed ROM at [mem 0x000c0000-0x000dffff]
[    1.759344] pci 0000:02:00.0: PCI bridge to [bus 03]
[    1.759353] pci 0000:02:00.0:   bridge window [mem 0x92000000-0x928fffff]
[    1.759359] pci 0000:02:00.0:   bridge window [mem 0x91000000-0x91ffffff 64bit pref]
[    1.759429] pci 0000:04:00.0: [14e4:165f] type 00 class 0x020000
[    1.759453] pci 0000:04:00.0: reg 0x10: [mem 0x92930000-0x9293ffff 64bit pref]
[    1.759469] pci 0000:04:00.0: reg 0x18: [mem 0x92940000-0x9294ffff 64bit pref]
[    1.759484] pci 0000:04:00.0: reg 0x20: [mem 0x92950000-0x9295ffff 64bit pref]
[    1.759495] pci 0000:04:00.0: reg 0x30: [mem 0xfffc0000-0xffffffff pref]
[    1.759589] pci 0000:04:00.0: PME# supported from D0 D3hot D3cold
[    1.759642] pci 0000:04:00.0: 4.000 Gb/s available PCIe bandwidth, limited by 5.0 GT/s PCIe x1 link at 0000:00:1c.5 (capable of 8.000 Gb/s with 5.0 GT/s PCIe x2 link)
[    1.760205] pci 0000:04:00.1: [14e4:165f] type 00 class 0x020000
[    1.760229] pci 0000:04:00.1: reg 0x10: [mem 0x92900000-0x9290ffff 64bit pref]
[    1.760245] pci 0000:04:00.1: reg 0x18: [mem 0x92910000-0x9291ffff 64bit pref]
[    1.760261] pci 0000:04:00.1: reg 0x20: [mem 0x92920000-0x9292ffff 64bit pref]
[    1.760272] pci 0000:04:00.1: reg 0x30: [mem 0xfffc0000-0xffffffff pref]
[    1.760367] pci 0000:04:00.1: PME# supported from D0 D3hot D3cold
[    1.760942] pci 0000:00:1c.5: PCI bridge to [bus 04]
[    1.760949] pci 0000:00:1c.5:   bridge window [mem 0x92900000-0x929fffff 64bit pref]
[    1.760964] pci_bus 0000:00: on NUMA node 0
[    1.761557] ACPI: PCI Root Bridge [PC01] (domain 0000 [bus 16-2f])
[    1.761561] acpi PNP0A08:01: _OSC: OS supports [ExtendedConfig ASPM ClockPM Segments MSI HPX-Type3]
[    1.776350] acpi PNP0A08:01: _OSC: platform does not support [SHPCHotplug AER]
[    1.776567] acpi PNP0A08:01: _OSC: OS now controls [PCIeHotplug PME PCIeCapability LTR]
[    1.776569] acpi PNP0A08:01: FADT indicates ASPM is unsupported, using BIOS configuration
[    1.776700] PCI host bridge to bus 0000:16
[    1.776701] pci_bus 0000:16: root bus resource [io  0x5000-0x6fff window]
[    1.776703] pci_bus 0000:16: root bus resource [mem 0x9b800000-0xa63fffff window]
[    1.776705] pci_bus 0000:16: root bus resource [mem 0x210000000000-0x21ffffffffff window]
[    1.776706] pci_bus 0000:16: root bus resource [bus 16-2f]
[    1.776716] pci 0000:16:00.0: [8086:09a2] type 00 class 0x088000
[    1.776785] pci 0000:16:00.1: [8086:09a4] type 00 class 0x088000
[    1.776847] pci 0000:16:00.2: [8086:09a3] type 00 class 0x088000
[    1.776910] pci 0000:16:00.4: [8086:0998] type 00 class 0x060000
[    1.776982] pci 0000:16:02.0: [8086:347a] type 01 class 0x060400
[    1.776991] pci 0000:16:02.0: reg 0x10: [mem 0x21fffff00000-0x21fffff1ffff 64bit]
[    1.777030] pci 0000:16:02.0: PME# supported from D0 D3hot D3cold
[    1.777982] pci 0000:17:00.0: [1000:10e2] type 00 class 0x010400
[    1.777995] pci 0000:17:00.0: reg 0x10: [mem 0x9b800000-0x9b8fffff 64bit pref]
[    1.778003] pci 0000:17:00.0: reg 0x18: [mem 0x9b900000-0x9b9fffff 64bit pref]
[    1.778009] pci 0000:17:00.0: reg 0x20: [mem 0x9ba00000-0x9bafffff]
[    1.778015] pci 0000:17:00.0: reg 0x24: [io  0x5000-0x50ff]
[    1.778021] pci 0000:17:00.0: reg 0x30: [mem 0xfff00000-0xffffffff pref]
[    1.779140] pci 0000:17:00.0: supports D1 D2
[    1.779208] pci 0000:16:02.0: PCI bridge to [bus 17]
[    1.779211] pci 0000:16:02.0:   bridge window [io  0x5000-0x5fff]
[    1.779213] pci 0000:16:02.0:   bridge window [mem 0x9ba00000-0x9bafffff]
[    1.779215] pci 0000:16:02.0:   bridge window [mem 0x9b800000-0x9b9fffff 64bit pref]
[    1.779221] pci_bus 0000:16: on NUMA node 0
[    1.779298] ACPI: PCI Root Bridge [PC02] (domain 0000 [bus 30-49])
[    1.779302] acpi PNP0A08:02: _OSC: OS supports [ExtendedConfig ASPM ClockPM Segments MSI HPX-Type3]
[    1.793776] acpi PNP0A08:02: _OSC: platform does not support [SHPCHotplug AER]
[    1.793991] acpi PNP0A08:02: _OSC: OS now controls [PCIeHotplug PME PCIeCapability LTR]
[    1.793993] acpi PNP0A08:02: FADT indicates ASPM is unsupported, using BIOS configuration
[    1.794113] PCI host bridge to bus 0000:30
[    1.794114] pci_bus 0000:30: root bus resource [io  0x7000-0x8fff window]
[    1.794116] pci_bus 0000:30: root bus resource [mem 0xa6400000-0xb0ffffff window]
[    1.794118] pci_bus 0000:30: root bus resource [mem 0x220000000000-0x22ffffffffff window]
[    1.794119] pci_bus 0000:30: root bus resource [bus 30-49]
[    1.794129] pci 0000:30:00.0: [8086:09a2] type 00 class 0x088000
[    1.794197] pci 0000:30:00.1: [8086:09a4] type 00 class 0x088000
[    1.794259] pci 0000:30:00.2: [8086:09a3] type 00 class 0x088000
[    1.794322] pci 0000:30:00.4: [8086:0998] type 00 class 0x060000
[    1.794391] pci_bus 0000:30: on NUMA node 0
[    1.794493] ACPI: PCI Root Bridge [PC04] (domain 0000 [bus 4a-63])
[    1.794496] acpi PNP0A08:04: _OSC: OS supports [ExtendedConfig ASPM ClockPM Segments MSI HPX-Type3]
[    1.808921] acpi PNP0A08:04: _OSC: platform does not support [SHPCHotplug AER]
[    1.809132] acpi PNP0A08:04: _OSC: OS now controls [PCIeHotplug PME PCIeCapability LTR]
[    1.809133] acpi PNP0A08:04: FADT indicates ASPM is unsupported, using BIOS configuration
[    1.809255] PCI host bridge to bus 0000:4a
[    1.809256] pci_bus 0000:4a: root bus resource [io  0x9000-0x9fff window]
[    1.809257] pci_bus 0000:4a: root bus resource [mem 0xb1000000-0xbbbfffff window]
[    1.809259] pci_bus 0000:4a: root bus resource [mem 0x230000000000-0x23ffffffffff window]
[    1.809260] pci_bus 0000:4a: root bus resource [bus 4a-63]
[    1.809269] pci 0000:4a:00.0: [8086:09a2] type 00 class 0x088000
[    1.809335] pci 0000:4a:00.1: [8086:09a4] type 00 class 0x088000
[    1.809400] pci 0000:4a:00.2: [8086:09a3] type 00 class 0x088000
[    1.809462] pci 0000:4a:00.4: [8086:0998] type 00 class 0x060000
[    1.809531] pci_bus 0000:4a: on NUMA node 0
[    1.809608] ACPI: PCI Root Bridge [PC05] (domain 0000 [bus 64-7d])
[    1.809611] acpi PNP0A08:05: _OSC: OS supports [ExtendedConfig ASPM ClockPM Segments MSI HPX-Type3]
[    1.824020] acpi PNP0A08:05: _OSC: platform does not support [SHPCHotplug AER]
[    1.824231] acpi PNP0A08:05: _OSC: OS now controls [PCIeHotplug PME PCIeCapability LTR]
[    1.824232] acpi PNP0A08:05: FADT indicates ASPM is unsupported, using BIOS configuration
[    1.824350] PCI host bridge to bus 0000:64
[    1.824351] pci_bus 0000:64: root bus resource [io  0xa000-0xafff window]
[    1.824353] pci_bus 0000:64: root bus resource [mem 0xbbc00000-0xc5ffffff window]
[    1.824354] pci_bus 0000:64: root bus resource [mem 0x240000000000-0x24ffffffffff window]
[    1.824355] pci_bus 0000:64: root bus resource [bus 64-7d]
[    1.824364] pci 0000:64:00.0: [8086:09a2] type 00 class 0x088000
[    1.824428] pci 0000:64:00.1: [8086:09a4] type 00 class 0x088000
[    1.824489] pci 0000:64:00.2: [8086:09a3] type 00 class 0x088000
[    1.824551] pci 0000:64:00.4: [8086:0998] type 00 class 0x060000
[    1.824620] pci_bus 0000:64: on NUMA node 0
[    1.824685] ACPI: PCI Root Bridge [UC06] (domain 0000 [bus 7e])
[    1.824687] acpi PNP0A03:00: _OSC: OS supports [ExtendedConfig ASPM ClockPM Segments MSI HPX-Type3]
[    1.824785] acpi PNP0A03:00: _OSC: platform does not support [SHPCHotplug AER LTR]
[    1.824963] acpi PNP0A03:00: _OSC: OS now controls [PCIeHotplug PME PCIeCapability]
[    1.824964] acpi PNP0A03:00: FADT indicates ASPM is unsupported, using BIOS configuration
[    1.825099] PCI host bridge to bus 0000:7e
[    1.825100] pci_bus 0000:7e: root bus resource [bus 7e]
[    1.825108] pci 0000:7e:00.0: [8086:3450] type 00 class 0x088000
[    1.825181] pci 0000:7e:00.1: [8086:3451] type 00 class 0x088000
[    1.825240] pci 0000:7e:00.2: [8086:3452] type 00 class 0x088000
[    1.825308] pci 0000:7e:00.3: [8086:0998] type 00 class 0x060000
[    1.825365] pci 0000:7e:00.5: [8086:3455] type 00 class 0x088000
[    1.825426] pci 0000:7e:02.0: [8086:3440] type 00 class 0x088000
[    1.825554] pci 0000:7e:02.1: [8086:3441] type 00 class 0x088000
[    1.825661] pci 0000:7e:02.2: [8086:3442] type 00 class 0x088000
[    1.825769] pci 0000:7e:03.0: [8086:3440] type 00 class 0x088000
[    1.825861] pci 0000:7e:03.1: [8086:3441] type 00 class 0x088000
[    1.825939] pci 0000:7e:03.2: [8086:3442] type 00 class 0x088000
[    1.826020] pci 0000:7e:04.0: [8086:3440] type 00 class 0x088000
[    1.826141] pci 0000:7e:04.1: [8086:3441] type 00 class 0x088000
[    1.826257] pci 0000:7e:04.2: [8086:3442] type 00 class 0x088000
[    1.826372] pci 0000:7e:04.3: [8086:3443] type 00 class 0x088000
[    1.826490] pci 0000:7e:05.0: [8086:3445] type 00 class 0x088000
[    1.826616] pci 0000:7e:05.1: [8086:3446] type 00 class 0x088000
[    1.826726] pci 0000:7e:05.2: [8086:3447] type 00 class 0x088000
[    1.826841] pci 0000:7e:06.0: [8086:3445] type 00 class 0x088000
[    1.826936] pci 0000:7e:06.1: [8086:3446] type 00 class 0x088000
[    1.827014] pci 0000:7e:06.2: [8086:3447] type 00 class 0x088000
[    1.827098] pci 0000:7e:07.0: [8086:3445] type 00 class 0x088000
[    1.827232] pci 0000:7e:07.1: [8086:3446] type 00 class 0x088000
[    1.827350] pci 0000:7e:07.2: [8086:3447] type 00 class 0x088000
[    1.827466] pci 0000:7e:0b.0: [8086:3448] type 00 class 0x088000
[    1.827543] pci 0000:7e:0b.1: [8086:3448] type 00 class 0x088000
[    1.827612] pci 0000:7e:0b.2: [8086:344b] type 00 class 0x088000
[    1.827680] pci 0000:7e:0c.0: [8086:344a] type 00 class 0x110100
[    1.827782] pci 0000:7e:0d.0: [8086:344a] type 00 class 0x110100
[    1.827881] pci 0000:7e:0e.0: [8086:344a] type 00 class 0x110100
[    1.828025] pci 0000:7e:0f.0: [8086:344a] type 00 class 0x110100
[    1.828180] pci 0000:7e:1a.0: [8086:2880] type 00 class 0x110100
[    1.828279] pci 0000:7e:1b.0: [8086:2880] type 00 class 0x110100
[    1.828377] pci 0000:7e:1c.0: [8086:2880] type 00 class 0x110100
[    1.828533] pci 0000:7e:1d.0: [8086:2880] type 00 class 0x110100
[    1.828680] pci_bus 0000:7e: on NUMA node 0
[    1.828763] ACPI: PCI Root Bridge [UC07] (domain 0000 [bus 7f])
[    1.828765] acpi PNP0A03:01: _OSC: OS supports [ExtendedConfig ASPM ClockPM Segments MSI HPX-Type3]
[    1.828865] acpi PNP0A03:01: _OSC: platform does not support [SHPCHotplug AER LTR]
[    1.829043] acpi PNP0A03:01: _OSC: OS now controls [PCIeHotplug PME PCIeCapability]
[    1.829044] acpi PNP0A03:01: FADT indicates ASPM is unsupported, using BIOS configuration
[    1.829190] PCI host bridge to bus 0000:7f
[    1.829191] pci_bus 0000:7f: root bus resource [bus 7f]
[    1.829204] pci 0000:7f:00.0: [8086:344c] type 00 class 0x088000
[    1.829319] pci 0000:7f:00.1: [8086:344c] type 00 class 0x088000
[    1.829428] pci 0000:7f:00.2: [8086:344c] type 00 class 0x088000
[    1.829541] pci 0000:7f:00.3: [8086:344c] type 00 class 0x088000
[    1.829630] pci 0000:7f:00.4: [8086:344c] type 00 class 0x088000
[    1.829750] pci 0000:7f:00.5: [8086:344c] type 00 class 0x088000
[    1.829866] pci 0000:7f:00.6: [8086:344c] type 00 class 0x088000
[    1.829950] pci 0000:7f:00.7: [8086:344c] type 00 class 0x088000
[    1.830033] pci 0000:7f:01.0: [8086:344c] type 00 class 0x088000
[    1.830174] pci 0000:7f:01.1: [8086:344c] type 00 class 0x088000
[    1.830292] pci 0000:7f:01.2: [8086:344c] type 00 class 0x088000
[    1.830371] pci 0000:7f:01.3: [8086:344c] type 00 class 0x088000
[    1.830502] pci 0000:7f:01.4: [8086:344c] type 00 class 0x088000
[    1.830634] pci 0000:7f:01.5: [8086:344c] type 00 class 0x088000
[    1.830769] pci 0000:7f:01.6: [8086:344c] type 00 class 0x088000
[    1.830894] pci 0000:7f:01.7: [8086:344c] type 00 class 0x088000
[    1.831021] pci 0000:7f:02.0: [8086:344c] type 00 class 0x088000
[    1.831164] pci 0000:7f:02.1: [8086:344c] type 00 class 0x088000
[    1.831295] pci 0000:7f:02.2: [8086:344c] type 00 class 0x088000
[    1.831426] pci 0000:7f:02.3: [8086:344c] type 00 class 0x088000
[    1.831564] pci 0000:7f:02.4: [8086:344c] type 00 class 0x088000
[    1.831700] pci 0000:7f:02.5: [8086:344c] type 00 class 0x088000
[    1.831837] pci 0000:7f:02.6: [8086:344c] type 00 class 0x088000
[    1.831988] pci 0000:7f:02.7: [8086:344c] type 00 class 0x088000
[    1.832135] pci 0000:7f:03.0: [8086:344c] type 00 class 0x088000
[    1.832293] pci 0000:7f:03.1: [8086:344c] type 00 class 0x088000
[    1.832444] pci 0000:7f:03.2: [8086:344c] type 00 class 0x088000
[    1.832593] pci 0000:7f:03.3: [8086:344c] type 00 class 0x088000
[    1.832752] pci 0000:7f:0a.0: [8086:344d] type 00 class 0x088000
[    1.832865] pci 0000:7f:0a.1: [8086:344d] type 00 class 0x088000
[    1.832974] pci 0000:7f:0a.2: [8086:344d] type 00 class 0x088000
[    1.833090] pci 0000:7f:0a.3: [8086:344d] type 00 class 0x088000
[    1.833180] pci 0000:7f:0a.4: [8086:344d] type 00 class 0x088000
[    1.833307] pci 0000:7f:0a.5: [8086:344d] type 00 class 0x088000
[    1.833423] pci 0000:7f:0a.6: [8086:344d] type 00 class 0x088000
[    1.833499] pci 0000:7f:0a.7: [8086:344d] type 00 class 0x088000
[    1.833582] pci 0000:7f:0b.0: [8086:344d] type 00 class 0x088000
[    1.833726] pci 0000:7f:0b.1: [8086:344d] type 00 class 0x088000
[    1.833845] pci 0000:7f:0b.2: [8086:344d] type 00 class 0x088000
[    1.833929] pci 0000:7f:0b.3: [8086:344d] type 00 class 0x088000
[    1.834060] pci 0000:7f:0b.4: [8086:344d] type 00 class 0x088000
[    1.834192] pci 0000:7f:0b.5: [8086:344d] type 00 class 0x088000
[    1.834327] pci 0000:7f:0b.6: [8086:344d] type 00 class 0x088000
[    1.834448] pci 0000:7f:0b.7: [8086:344d] type 00 class 0x088000
[    1.834576] pci 0000:7f:0c.0: [8086:344d] type 00 class 0x088000
[    1.834720] pci 0000:7f:0c.1: [8086:344d] type 00 class 0x088000
[    1.834851] pci 0000:7f:0c.2: [8086:344d] type 00 class 0x088000
[    1.834988] pci 0000:7f:0c.3: [8086:344d] type 00 class 0x088000
[    1.835126] pci 0000:7f:0c.4: [8086:344d] type 00 class 0x088000
[    1.835263] pci 0000:7f:0c.5: [8086:344d] type 00 class 0x088000
[    1.835400] pci 0000:7f:0c.6: [8086:344d] type 00 class 0x088000
[    1.835546] pci 0000:7f:0c.7: [8086:344d] type 00 class 0x088000
[    1.835693] pci 0000:7f:0d.0: [8086:344d] type 00 class 0x088000
[    1.835856] pci 0000:7f:0d.1: [8086:344d] type 00 class 0x088000
[    1.836007] pci 0000:7f:0d.2: [8086:344d] type 00 class 0x088000
[    1.836160] pci 0000:7f:0d.3: [8086:344d] type 00 class 0x088000
[    1.836329] pci 0000:7f:1d.0: [8086:344f] type 00 class 0x088000
[    1.836452] pci 0000:7f:1d.1: [8086:3457] type 00 class 0x088000
[    1.836557] pci 0000:7f:1e.0: [8086:3458] type 00 class 0x088000
[    1.836636] pci 0000:7f:1e.1: [8086:3459] type 00 class 0x088000
[    1.836698] pci 0000:7f:1e.2: [8086:345a] type 00 class 0x088000
[    1.836761] pci 0000:7f:1e.3: [8086:345b] type 00 class 0x088000
[    1.836822] pci 0000:7f:1e.4: [8086:345c] type 00 class 0x088000
[    1.836888] pci 0000:7f:1e.5: [8086:345d] type 00 class 0x088000
[    1.836948] pci 0000:7f:1e.6: [8086:345e] type 00 class 0x088000
[    1.837009] pci 0000:7f:1e.7: [8086:345f] type 00 class 0x088000
[    1.837068] pci_bus 0000:7f: on NUMA node 0
[    1.837173] ACPI: PCI Root Bridge [PC06] (domain 0000 [bus 80])
[    1.837176] acpi PNP0A08:06: _OSC: OS supports [ExtendedConfig ASPM ClockPM Segments MSI HPX-Type3]
[    1.851596] acpi PNP0A08:06: _OSC: platform does not support [SHPCHotplug AER]
[    1.851809] acpi PNP0A08:06: _OSC: OS now controls [PCIeHotplug PME PCIeCapability LTR]
[    1.851810] acpi PNP0A08:06: FADT indicates ASPM is unsupported, using BIOS configuration
[    1.851959] PCI host bridge to bus 0000:80
[    1.851960] pci_bus 0000:80: root bus resource [io  0xb000-0xbfff window]
[    1.851962] pci_bus 0000:80: root bus resource [mem 0xc6800000-0xd0ffffff window]
[    1.851963] pci_bus 0000:80: root bus resource [mem 0x250000000000-0x25ffffffffff window]
[    1.851965] pci_bus 0000:80: root bus resource [bus 80]
[    1.851975] pci 0000:80:00.0: [8086:09a2] type 00 class 0x088000
[    1.852062] pci 0000:80:00.1: [8086:09a4] type 00 class 0x088000
[    1.852132] pci 0000:80:00.2: [8086:09a3] type 00 class 0x088000
[    1.852201] pci 0000:80:00.4: [8086:0998] type 00 class 0x060000
[    1.852271] pci 0000:80:02.0: [8086:09a6] type 00 class 0x088000
[    1.852279] pci 0000:80:02.0: reg 0x10: [mem 0xc6aa4000-0xc6aa5fff]
[    1.852342] pci 0000:80:02.1: [8086:09a7] type 00 class 0x088000
[    1.852351] pci 0000:80:02.1: reg 0x10: [mem 0xc6a00000-0xc6a7ffff]
[    1.852356] pci 0000:80:02.1: reg 0x14: [mem 0xc6980000-0xc69fffff]
[    1.852411] pci 0000:80:02.4: [8086:3456] type 00 class 0x130000
[    1.852422] pci 0000:80:02.4: reg 0x10: [mem 0xc6800000-0xc68fffff 64bit]
[    1.852429] pci 0000:80:02.4: reg 0x18: [mem 0xc6aa0000-0xc6aa3fff 64bit]
[    1.852437] pci 0000:80:02.4: reg 0x20: [mem 0xc6a80000-0xc6a9ffff 64bit]
[    1.852502] pci_bus 0000:80: on NUMA node 1
[    1.852581] ACPI: PCI Root Bridge [PC07] (domain 0000 [bus 81])
[    1.852583] acpi PNP0A08:07: _OSC: OS supports [ExtendedConfig ASPM ClockPM Segments MSI HPX-Type3]
[    1.867024] acpi PNP0A08:07: _OSC: platform does not support [SHPCHotplug AER]
[    1.867235] acpi PNP0A08:07: _OSC: OS now controls [PCIeHotplug PME PCIeCapability LTR]
[    1.867236] acpi PNP0A08:07: FADT indicates ASPM is unsupported, using BIOS configuration
[    1.867355] PCI host bridge to bus 0000:81
[    1.867356] pci_bus 0000:81: root bus resource [io  0xc000-0xcfff window]
[    1.867358] pci_bus 0000:81: root bus resource [mem 0xd1000000-0xdbbfffff window]
[    1.867359] pci_bus 0000:81: root bus resource [mem 0x260000000000-0x26ffffffffff window]
[    1.867360] pci_bus 0000:81: root bus resource [bus 81]
[    1.867370] pci 0000:81:00.0: [8086:09a2] type 00 class 0x088000
[    1.867438] pci 0000:81:00.1: [8086:09a4] type 00 class 0x088000
[    1.867505] pci 0000:81:00.2: [8086:09a3] type 00 class 0x088000
[    1.867574] pci 0000:81:00.4: [8086:0998] type 00 class 0x060000
[    1.867651] pci_bus 0000:81: on NUMA node 1
[    1.867722] ACPI: PCI Root Bridge [PC08] (domain 0000 [bus 82])
[    1.867725] acpi PNP0A08:08: _OSC: OS supports [ExtendedConfig ASPM ClockPM Segments MSI HPX-Type3]
[    1.882133] acpi PNP0A08:08: _OSC: platform does not support [SHPCHotplug AER]
[    1.882344] acpi PNP0A08:08: _OSC: OS now controls [PCIeHotplug PME PCIeCapability LTR]
[    1.882345] acpi PNP0A08:08: FADT indicates ASPM is unsupported, using BIOS configuration
[    1.882461] PCI host bridge to bus 0000:82
[    1.882462] pci_bus 0000:82: root bus resource [io  0xd000-0xdfff window]
[    1.882463] pci_bus 0000:82: root bus resource [mem 0xdbc00000-0xe67fffff window]
[    1.882465] pci_bus 0000:82: root bus resource [mem 0x270000000000-0x27ffffffffff window]
[    1.882466] pci_bus 0000:82: root bus resource [bus 82]
[    1.882476] pci 0000:82:00.0: [8086:09a2] type 00 class 0x088000
[    1.882547] pci 0000:82:00.1: [8086:09a4] type 00 class 0x088000
[    1.882618] pci 0000:82:00.2: [8086:09a3] type 00 class 0x088000
[    1.882686] pci 0000:82:00.4: [8086:0998] type 00 class 0x060000
[    1.882763] pci_bus 0000:82: on NUMA node 1
[    1.882866] ACPI: PCI Root Bridge [PC10] (domain 0000 [bus 83-f9])
[    1.882868] acpi PNP0A08:0a: _OSC: OS supports [ExtendedConfig ASPM ClockPM Segments MSI HPX-Type3]
[    1.897316] acpi PNP0A08:0a: _OSC: platform does not support [SHPCHotplug AER]
[    1.897527] acpi PNP0A08:0a: _OSC: OS now controls [PCIeHotplug PME PCIeCapability LTR]
[    1.897528] acpi PNP0A08:0a: FADT indicates ASPM is unsupported, using BIOS configuration
[    1.897654] PCI host bridge to bus 0000:83
[    1.897655] pci_bus 0000:83: root bus resource [io  0xe000-0xefff window]
[    1.897656] pci_bus 0000:83: root bus resource [mem 0xe6800000-0xf13fffff window]
[    1.897658] pci_bus 0000:83: root bus resource [mem 0x280000000000-0x28ffffffffff window]
[    1.897659] pci_bus 0000:83: root bus resource [bus 83-f9]
[    1.897669] pci 0000:83:00.0: [8086:09a2] type 00 class 0x088000
[    1.897740] pci 0000:83:00.1: [8086:09a4] type 00 class 0x088000
[    1.897808] pci 0000:83:00.2: [8086:09a3] type 00 class 0x088000
[    1.897877] pci 0000:83:00.4: [8086:0998] type 00 class 0x060000
[    1.897955] pci_bus 0000:83: on NUMA node 1
[    1.898028] ACPI: PCI Root Bridge [PC11] (domain 0000 [bus fa])
[    1.898031] acpi PNP0A08:0b: _OSC: OS supports [ExtendedConfig ASPM ClockPM Segments MSI HPX-Type3]
[    1.912461] acpi PNP0A08:0b: _OSC: platform does not support [SHPCHotplug AER]
[    1.912671] acpi PNP0A08:0b: _OSC: OS now controls [PCIeHotplug PME PCIeCapability LTR]
[    1.912672] acpi PNP0A08:0b: FADT indicates ASPM is unsupported, using BIOS configuration
[    1.912791] PCI host bridge to bus 0000:fa
[    1.912792] pci_bus 0000:fa: root bus resource [io  0xf000-0xffff window]
[    1.912794] pci_bus 0000:fa: root bus resource [mem 0xf1400000-0xfb7fffff window]
[    1.912795] pci_bus 0000:fa: root bus resource [mem 0x290000000000-0x29ffffffffff window]
[    1.912796] pci_bus 0000:fa: root bus resource [bus fa]
[    1.912806] pci 0000:fa:00.0: [8086:09a2] type 00 class 0x088000
[    1.912876] pci 0000:fa:00.1: [8086:09a4] type 00 class 0x088000
[    1.912952] pci 0000:fa:00.2: [8086:09a3] type 00 class 0x088000
[    1.913025] pci 0000:fa:00.4: [8086:0998] type 00 class 0x060000
[    1.913104] pci_bus 0000:fa: on NUMA node 1
[    1.913169] ACPI: PCI Root Bridge [UC16] (domain 0000 [bus fe])
[    1.913172] acpi PNP0A03:02: _OSC: OS supports [ExtendedConfig ASPM ClockPM Segments MSI HPX-Type3]
[    1.913268] acpi PNP0A03:02: _OSC: platform does not support [SHPCHotplug AER LTR]
[    1.913446] acpi PNP0A03:02: _OSC: OS now controls [PCIeHotplug PME PCIeCapability]
[    1.913447] acpi PNP0A03:02: FADT indicates ASPM is unsupported, using BIOS configuration
[    1.913580] PCI host bridge to bus 0000:fe
[    1.913581] pci_bus 0000:fe: root bus resource [bus fe]
[    1.913590] pci 0000:fe:00.0: [8086:3450] type 00 class 0x088000
[    1.913665] pci 0000:fe:00.1: [8086:3451] type 00 class 0x088000
[    1.913725] pci 0000:fe:00.2: [8086:3452] type 00 class 0x088000
[    1.913784] pci 0000:fe:00.3: [8086:0998] type 00 class 0x060000
[    1.913844] pci 0000:fe:00.5: [8086:3455] type 00 class 0x088000
[    1.913911] pci 0000:fe:02.0: [8086:3440] type 00 class 0x088000
[    1.914051] pci 0000:fe:02.1: [8086:3441] type 00 class 0x088000
[    1.914163] pci 0000:fe:02.2: [8086:3442] type 00 class 0x088000
[    1.914275] pci 0000:fe:03.0: [8086:3440] type 00 class 0x088000
[    1.914372] pci 0000:fe:03.1: [8086:3441] type 00 class 0x088000
[    1.914450] pci 0000:fe:03.2: [8086:3442] type 00 class 0x088000
[    1.914537] pci 0000:fe:04.0: [8086:3440] type 00 class 0x088000
[    1.914661] pci 0000:fe:04.1: [8086:3441] type 00 class 0x088000
[    1.914784] pci 0000:fe:04.2: [8086:3442] type 00 class 0x088000
[    1.914911] pci 0000:fe:04.3: [8086:3443] type 00 class 0x088000
[    1.915042] pci 0000:fe:05.0: [8086:3445] type 00 class 0x088000
[    1.915173] pci 0000:fe:05.1: [8086:3446] type 00 class 0x088000
[    1.915290] pci 0000:fe:05.2: [8086:3447] type 00 class 0x088000
[    1.915404] pci 0000:fe:06.0: [8086:3445] type 00 class 0x088000
[    1.915501] pci 0000:fe:06.1: [8086:3446] type 00 class 0x088000
[    1.915583] pci 0000:fe:06.2: [8086:3447] type 00 class 0x088000
[    1.915675] pci 0000:fe:07.0: [8086:3445] type 00 class 0x088000
[    1.915820] pci 0000:fe:07.1: [8086:3446] type 00 class 0x088000
[    1.915943] pci 0000:fe:07.2: [8086:3447] type 00 class 0x088000
[    1.916063] pci 0000:fe:0b.0: [8086:3448] type 00 class 0x088000
[    1.916144] pci 0000:fe:0b.1: [8086:3448] type 00 class 0x088000
[    1.916209] pci 0000:fe:0b.2: [8086:344b] type 00 class 0x088000
[    1.916282] pci 0000:fe:0c.0: [8086:344a] type 00 class 0x110100
[    1.916389] pci 0000:fe:0d.0: [8086:344a] type 00 class 0x110100
[    1.916495] pci 0000:fe:0e.0: [8086:344a] type 00 class 0x110100
[    1.916652] pci 0000:fe:0f.0: [8086:344a] type 00 class 0x110100
[    1.916811] pci 0000:fe:1a.0: [8086:2880] type 00 class 0x110100
[    1.916917] pci 0000:fe:1b.0: [8086:2880] type 00 class 0x110100
[    1.917019] pci 0000:fe:1c.0: [8086:2880] type 00 class 0x110100
[    1.917175] pci 0000:fe:1d.0: [8086:2880] type 00 class 0x110100
[    1.917327] pci_bus 0000:fe: on NUMA node 1
[    1.917406] ACPI: PCI Root Bridge [UC17] (domain 0000 [bus ff])
[    1.917409] acpi PNP0A03:03: _OSC: OS supports [ExtendedConfig ASPM ClockPM Segments MSI HPX-Type3]
[    1.917509] acpi PNP0A03:03: _OSC: platform does not support [SHPCHotplug AER LTR]
[    1.917687] acpi PNP0A03:03: _OSC: OS now controls [PCIeHotplug PME PCIeCapability]
[    1.917688] acpi PNP0A03:03: FADT indicates ASPM is unsupported, using BIOS configuration
[    1.917837] PCI host bridge to bus 0000:ff
[    1.917838] pci_bus 0000:ff: root bus resource [bus ff]
[    1.917852] pci 0000:ff:00.0: [8086:344c] type 00 class 0x088000
[    1.917972] pci 0000:ff:00.1: [8086:344c] type 00 class 0x088000
[    1.918084] pci 0000:ff:00.2: [8086:344c] type 00 class 0x088000
[    1.918186] pci 0000:ff:00.3: [8086:344c] type 00 class 0x088000
[    1.918305] pci 0000:ff:00.4: [8086:344c] type 00 class 0x088000
[    1.918421] pci 0000:ff:00.5: [8086:344c] type 00 class 0x088000
[    1.918515] pci 0000:ff:00.6: [8086:344c] type 00 class 0x088000
[    1.918639] pci 0000:ff:00.7: [8086:344c] type 00 class 0x088000
[    1.918766] pci 0000:ff:01.0: [8086:344c] type 00 class 0x088000
[    1.918912] pci 0000:ff:01.1: [8086:344c] type 00 class 0x088000
[    1.919035] pci 0000:ff:01.2: [8086:344c] type 00 class 0x088000
[    1.919124] pci 0000:ff:01.3: [8086:344c] type 00 class 0x088000
[    1.919260] pci 0000:ff:01.4: [8086:344c] type 00 class 0x088000
[    1.919396] pci 0000:ff:01.5: [8086:344c] type 00 class 0x088000
[    1.919537] pci 0000:ff:01.6: [8086:344c] type 00 class 0x088000
[    1.919663] pci 0000:ff:01.7: [8086:344c] type 00 class 0x088000
[    1.919796] pci 0000:ff:02.0: [8086:344c] type 00 class 0x088000
[    1.919948] pci 0000:ff:02.1: [8086:344c] type 00 class 0x088000
[    1.920079] pci 0000:ff:02.2: [8086:344c] type 00 class 0x088000
[    1.920222] pci 0000:ff:02.3: [8086:344c] type 00 class 0x088000
[    1.920358] pci 0000:ff:02.4: [8086:344c] type 00 class 0x088000
[    1.920494] pci 0000:ff:02.5: [8086:344c] type 00 class 0x088000
[    1.920638] pci 0000:ff:02.6: [8086:344c] type 00 class 0x088000
[    1.920781] pci 0000:ff:02.7: [8086:344c] type 00 class 0x088000
[    1.920933] pci 0000:ff:03.0: [8086:344c] type 00 class 0x088000
[    1.921099] pci 0000:ff:03.1: [8086:344c] type 00 class 0x088000
[    1.921248] pci 0000:ff:03.2: [8086:344c] type 00 class 0x088000
[    1.921414] pci 0000:ff:03.3: [8086:344c] type 00 class 0x088000
[    1.921578] pci 0000:ff:0a.0: [8086:344d] type 00 class 0x088000
[    1.921695] pci 0000:ff:0a.1: [8086:344d] type 00 class 0x088000
[    1.921809] pci 0000:ff:0a.2: [8086:344d] type 00 class 0x088000
[    1.921909] pci 0000:ff:0a.3: [8086:344d] type 00 class 0x088000
[    1.922028] pci 0000:ff:0a.4: [8086:344d] type 00 class 0x088000
[    1.922145] pci 0000:ff:0a.5: [8086:344d] type 00 class 0x088000
[    1.922240] pci 0000:ff:0a.6: [8086:344d] type 00 class 0x088000
[    1.922370] pci 0000:ff:0a.7: [8086:344d] type 00 class 0x088000
[    1.922497] pci 0000:ff:0b.0: [8086:344d] type 00 class 0x088000
[    1.922644] pci 0000:ff:0b.1: [8086:344d] type 00 class 0x088000
[    1.922768] pci 0000:ff:0b.2: [8086:344d] type 00 class 0x088000
[    1.922851] pci 0000:ff:0b.3: [8086:344d] type 00 class 0x088000
[    1.922989] pci 0000:ff:0b.4: [8086:344d] type 00 class 0x088000
[    1.923125] pci 0000:ff:0b.5: [8086:344d] type 00 class 0x088000
[    1.923265] pci 0000:ff:0b.6: [8086:344d] type 00 class 0x088000
[    1.923398] pci 0000:ff:0b.7: [8086:344d] type 00 class 0x088000
[    1.923531] pci 0000:ff:0c.0: [8086:344d] type 00 class 0x088000
[    1.923679] pci 0000:ff:0c.1: [8086:344d] type 00 class 0x088000
[    1.923810] pci 0000:ff:0c.2: [8086:344d] type 00 class 0x088000
[    1.923948] pci 0000:ff:0c.3: [8086:344d] type 00 class 0x088000
[    1.924084] pci 0000:ff:0c.4: [8086:344d] type 00 class 0x088000
[    1.924220] pci 0000:ff:0c.5: [8086:344d] type 00 class 0x088000
[    1.924364] pci 0000:ff:0c.6: [8086:344d] type 00 class 0x088000
[    1.924511] pci 0000:ff:0c.7: [8086:344d] type 00 class 0x088000
[    1.924663] pci 0000:ff:0d.0: [8086:344d] type 00 class 0x088000
[    1.924829] pci 0000:ff:0d.1: [8086:344d] type 00 class 0x088000
[    1.924978] pci 0000:ff:0d.2: [8086:344d] type 00 class 0x088000
[    1.925138] pci 0000:ff:0d.3: [8086:344d] type 00 class 0x088000
[    1.925318] pci 0000:ff:1d.0: [8086:344f] type 00 class 0x088000
[    1.925445] pci 0000:ff:1d.1: [8086:3457] type 00 class 0x088000
[    1.925556] pci 0000:ff:1e.0: [8086:3458] type 00 class 0x088000
[    1.925641] pci 0000:ff:1e.1: [8086:3459] type 00 class 0x088000
[    1.925708] pci 0000:ff:1e.2: [8086:345a] type 00 class 0x088000
[    1.925773] pci 0000:ff:1e.3: [8086:345b] type 00 class 0x088000
[    1.925837] pci 0000:ff:1e.4: [8086:345c] type 00 class 0x088000
[    1.925902] pci 0000:ff:1e.5: [8086:345d] type 00 class 0x088000
[    1.925966] pci 0000:ff:1e.6: [8086:345e] type 00 class 0x088000
[    1.926030] pci 0000:ff:1e.7: [8086:345f] type 00 class 0x088000
[    1.926093] pci_bus 0000:ff: on NUMA node 1
[    1.929479] iommu: Default domain type: Translated 
[    1.929479] iommu: DMA domain TLB invalidation policy: lazy mode 
[    1.929669] SCSI subsystem initialized
[    1.929704] libata version 3.00 loaded.
[    1.929704] ACPI: bus type USB registered
[    1.929704] usbcore: registered new interface driver usbfs
[    1.929704] usbcore: registered new interface driver hub
[    1.929704] usbcore: registered new device driver usb
[    1.929704] pps_core: LinuxPPS API ver. 1 registered
[    1.929704] pps_core: Software ver. 5.3.6 - Copyright 2005-2007 Rodolfo Giometti <giometti@linux.it>
[    1.929704] PTP clock support registered
[    1.929704] EDAC MC: Ver: 3.0.0
[    1.930152] Registered efivars operations
[    1.930152] NetLabel: Initializing
[    1.930152] NetLabel:  domain hash size = 128
[    1.930152] NetLabel:  protocols = UNLABELED CIPSOv4 CALIPSO
[    1.930152] NetLabel:  unlabeled traffic allowed by default
[    1.930152] PCI: Using ACPI for IRQ routing
[    1.932096] PCI: pci_cache_line_size set to 64 bytes
[    1.932663] e820: reserve RAM buffer [mem 0x0008f000-0x0008ffff]
[    1.932665] e820: reserve RAM buffer [mem 0x46cc4020-0x47ffffff]
[    1.932667] e820: reserve RAM buffer [mem 0x46cf6020-0x47ffffff]
[    1.932668] e820: reserve RAM buffer [mem 0x46d29020-0x47ffffff]
[    1.932669] e820: reserve RAM buffer [mem 0x46d5c020-0x47ffffff]
[    1.932670] e820: reserve RAM buffer [mem 0x49e77000-0x4bffffff]
[    1.932671] e820: reserve RAM buffer [mem 0x4b2cf000-0x4bffffff]
[    1.932672] e820: reserve RAM buffer [mem 0x4bd94000-0x4bffffff]
[    1.932673] e820: reserve RAM buffer [mem 0x4ce00000-0x4fffffff]
[    1.932674] e820: reserve RAM buffer [mem 0x5eefe000-0x5fffffff]
[    1.932675] e820: reserve RAM buffer [mem 0x6f800000-0x6fffffff]
[    1.933468] pci 0000:03:00.0: vgaarb: setting as boot VGA device
[    1.933469] pci 0000:03:00.0: vgaarb: bridge control possible
[    1.933471] pci 0000:03:00.0: vgaarb: VGA device added: decodes=io+mem,owns=io+mem,locks=none
[    1.933501] vgaarb: loaded
[    1.934248] hpet0: at MMIO 0xfed00000, IRQs 2, 8, 0, 0, 0, 0, 0, 0
[    1.934255] hpet0: 8 comparators, 64-bit 24.000000 MHz counter
[    1.937634] clocksource: Switched to clocksource tsc-early
[    1.947103] VFS: Disk quotas dquot_6.6.0
[    1.947137] VFS: Dquot-cache hash table entries: 512 (order 0, 4096 bytes)
[    1.947282] AppArmor: AppArmor Filesystem Enabled
[    1.947294] pnp: PnP ACPI init
[    1.963296] system 00:01: [io  0x0500-0x05fe] has been reserved
[    1.963299] system 00:01: [io  0x0400-0x041f] has been reserved
[    1.963301] system 00:01: [io  0x0600-0x061f] has been reserved
[    1.963302] system 00:01: [io  0x0ca0-0x0ca1] has been reserved
[    1.963304] system 00:01: [io  0x0ca4-0x0ca6] has been reserved
[    1.963306] system 00:01: [mem 0xff000000-0xffffffff] has been reserved
[    1.963917] system 00:04: [mem 0xfd000000-0xfdabffff] has been reserved
[    1.963919] system 00:04: [mem 0xfdad0000-0xfdadffff] has been reserved
[    1.963921] system 00:04: [mem 0xfdb00000-0xfdffffff] has been reserved
[    1.963922] system 00:04: [mem 0xfe000000-0xfe00ffff] has been reserved
[    1.963924] system 00:04: [mem 0xfe011000-0xfe01ffff] has been reserved
[    1.963926] system 00:04: [mem 0xfe036000-0xfe03bfff] has been reserved
[    1.963927] system 00:04: [mem 0xfe03d000-0xfe3fffff] has been reserved
[    1.963929] system 00:04: [mem 0xfe410000-0xfe7fffff] has been reserved
[    1.964250] system 00:05: [io  0x1000-0x10fe] has been reserved
[    1.965259] pnp: PnP ACPI: found 6 devices
[    1.971001] clocksource: acpi_pm: mask: 0xffffff max_cycles: 0xffffff, max_idle_ns: 2085701024 ns
[    1.971081] NET: Registered PF_INET protocol family
[    1.971403] IP idents hash table entries: 262144 (order: 9, 2097152 bytes, vmalloc)
[    1.973583] tcp_listen_portaddr_hash hash table entries: 16384 (order: 6, 262144 bytes, vmalloc)
[    1.973933] TCP established hash table entries: 262144 (order: 9, 2097152 bytes, vmalloc)
[    1.974313] TCP bind hash table entries: 65536 (order: 8, 1048576 bytes, vmalloc)
[    1.974372] TCP: Hash tables configured (established 262144 bind 65536)
[    1.974586] UDP hash table entries: 16384 (order: 7, 524288 bytes, vmalloc)
[    1.974694] UDP-Lite hash table entries: 16384 (order: 7, 524288 bytes, vmalloc)
[    1.974862] NET: Registered PF_UNIX/PF_LOCAL protocol family
[    1.974868] NET: Registered PF_XDP protocol family
[    1.974876] pci 0000:04:00.0: can't claim BAR 6 [mem 0xfffc0000-0xffffffff pref]: no compatible bridge window
[    1.974878] pci 0000:04:00.1: can't claim BAR 6 [mem 0xfffc0000-0xffffffff pref]: no compatible bridge window
[    1.974880] pci 0000:17:00.0: can't claim BAR 6 [mem 0xfff00000-0xffffffff pref]: no compatible bridge window
[    1.974896] pci 0000:00:1c.5: BAR 14: assigned [mem 0x90000000-0x900fffff]
[    1.974899] pci 0000:00:1c.0: PCI bridge to [bus 01]
[    1.974909] pci 0000:02:00.0: PCI bridge to [bus 03]
[    1.974914] pci 0000:02:00.0:   bridge window [mem 0x92000000-0x928fffff]
[    1.974918] pci 0000:02:00.0:   bridge window [mem 0x91000000-0x91ffffff 64bit pref]
[    1.974925] pci 0000:00:1c.4: PCI bridge to [bus 02-03]
[    1.974928] pci 0000:00:1c.4:   bridge window [mem 0x92000000-0x928fffff]
[    1.974931] pci 0000:00:1c.4:   bridge window [mem 0x91000000-0x91ffffff 64bit pref]
[    1.974936] pci 0000:04:00.0: BAR 6: assigned [mem 0x90000000-0x9003ffff pref]
[    1.974938] pci 0000:04:00.1: BAR 6: assigned [mem 0x90040000-0x9007ffff pref]
[    1.974939] pci 0000:00:1c.5: PCI bridge to [bus 04]
[    1.974943] pci 0000:00:1c.5:   bridge window [mem 0x90000000-0x900fffff]
[    1.974945] pci 0000:00:1c.5:   bridge window [mem 0x92900000-0x929fffff 64bit pref]
[    1.974950] pci_bus 0000:00: resource 4 [io  0x0000-0x0cf7 window]
[    1.974951] pci_bus 0000:00: resource 5 [io  0x1000-0x4fff window]
[    1.974953] pci_bus 0000:00: resource 6 [mem 0x000a0000-0x000bffff window]
[    1.974954] pci_bus 0000:00: resource 7 [mem 0x000c8000-0x000cffff window]
[    1.974955] pci_bus 0000:00: resource 8 [mem 0xfe010000-0xfe010fff window]
[    1.974957] pci_bus 0000:00: resource 9 [mem 0x90000000-0x9b7fffff window]
[    1.974958] pci_bus 0000:00: resource 10 [mem 0x200000000000-0x20ffffffffff window]
[    1.974960] pci_bus 0000:02: resource 1 [mem 0x92000000-0x928fffff]
[    1.974962] pci_bus 0000:02: resource 2 [mem 0x91000000-0x91ffffff 64bit pref]
[    1.974963] pci_bus 0000:03: resource 1 [mem 0x92000000-0x928fffff]
[    1.974964] pci_bus 0000:03: resource 2 [mem 0x91000000-0x91ffffff 64bit pref]
[    1.974965] pci_bus 0000:04: resource 1 [mem 0x90000000-0x900fffff]
[    1.974966] pci_bus 0000:04: resource 2 [mem 0x92900000-0x929fffff 64bit pref]
[    1.975043] pci 0000:17:00.0: BAR 6: no space for [mem size 0x00100000 pref]
[    1.975044] pci 0000:17:00.0: BAR 6: failed to assign [mem size 0x00100000 pref]
[    1.975046] pci 0000:16:02.0: PCI bridge to [bus 17]
[    1.975048] pci 0000:16:02.0:   bridge window [io  0x5000-0x5fff]
[    1.975050] pci 0000:16:02.0:   bridge window [mem 0x9ba00000-0x9bafffff]
[    1.975053] pci 0000:16:02.0:   bridge window [mem 0x9b800000-0x9b9fffff 64bit pref]
[    1.975056] pci_bus 0000:16: resource 4 [io  0x5000-0x6fff window]
[    1.975057] pci_bus 0000:16: resource 5 [mem 0x9b800000-0xa63fffff window]
[    1.975058] pci_bus 0000:16: resource 6 [mem 0x210000000000-0x21ffffffffff window]
[    1.975060] pci_bus 0000:17: resource 0 [io  0x5000-0x5fff]
[    1.975061] pci_bus 0000:17: resource 1 [mem 0x9ba00000-0x9bafffff]
[    1.975062] pci_bus 0000:17: resource 2 [mem 0x9b800000-0x9b9fffff 64bit pref]
[    1.975068] pci_bus 0000:30: resource 4 [io  0x7000-0x8fff window]
[    1.975069] pci_bus 0000:30: resource 5 [mem 0xa6400000-0xb0ffffff window]
[    1.975070] pci_bus 0000:30: resource 6 [mem 0x220000000000-0x22ffffffffff window]
[    1.975076] pci_bus 0000:4a: resource 4 [io  0x9000-0x9fff window]
[    1.975077] pci_bus 0000:4a: resource 5 [mem 0xb1000000-0xbbbfffff window]
[    1.975078] pci_bus 0000:4a: resource 6 [mem 0x230000000000-0x23ffffffffff window]
