2024年 06月 30日 星期日 14:26:58 CST
pgmigrate_success 90593
pgmigrate_fail 26
pgmigrate_dst_node_full_fail 18597
pgmigrate_numa_isolate_fail 0
pgmigrate_nomem_fail 1
pgmigrate_refcount_fail 0
thp_fault_alloc 33692
thp_fault_fallback 0
thp_collapse_alloc 25
thp_collapse_alloc_failed 0
thp_file_alloc 0
thp_file_mapped 0
thp_split_page 0
thp_split_page_failed 0
thp_deferred_split_page 33690
thp_split_pmd 32
thp_split_pud 0
thp_zero_page_alloc 0
thp_zero_page_alloc_failed 0
thp_swpout 0
thp_swpout_fallback 0
MemTotal:       1123314996 kB
MemFree:        1092550104 kB
MemAvailable:   1090248160 kB
Buffers:            9292 kB
Cached:           436536 kB
SwapCached:          244 kB
Active:           455684 kB
Inactive:         591652 kB
Active(anon):     227976 kB
Inactive(anon):   379564 kB
Active(file):     227708 kB
Inactive(file):   212088 kB
Unevictable:           0 kB
Mlocked:               0 kB
SwapTotal:       2097148 kB
SwapFree:        2095100 kB
Dirty:               364 kB
Writeback:             0 kB
AnonPages:        601564 kB
Mapped:           433180 kB
Shmem:              6024 kB
KReclaimable:     239004 kB
Slab:             612056 kB
SReclaimable:     239004 kB
SUnreclaim:       373052 kB
KernelStack:       33696 kB
PageTables:        28400 kB
NFS_Unstable:          0 kB
Bounce:                0 kB
WritebackTmp:          0 kB
CommitLimit:    563754644 kB
Committed_AS:    6670104 kB
VmallocTotal:   34359738367 kB
VmallocUsed:      161292 kB
VmallocChunk:          0 kB
Percpu:           122304 kB
HardwareCorrupted:     0 kB
AnonHugePages:     18432 kB
ShmemHugePages:        0 kB
ShmemPmdMapped:        0 kB
CmaTotal:              0 kB
CmaFree:               0 kB
HugePages_Total:       0
HugePages_Free:        0
HugePages_Rsvd:        0
HugePages_Surp:        0
Hugepagesize:       2048 kB
Hugetlb:               0 kB
DirectMap4k:     1183204 kB
DirectMap2M:     8738816 kB
DirectMap1G:    1179648000 kB
2024年 06月 30日 星期日 14:27:48 CST
pgmigrate_success 115688
pgmigrate_fail 26
pgmigrate_dst_node_full_fail 38247
pgmigrate_numa_isolate_fail 0
pgmigrate_nomem_fail 1
pgmigrate_refcount_fail 0
thp_fault_alloc 50533
thp_fault_fallback 0
thp_collapse_alloc 30
thp_collapse_alloc_failed 0
thp_file_alloc 0
thp_file_mapped 0
thp_split_page 0
thp_split_page_failed 0
thp_deferred_split_page 50531
thp_split_pmd 35
thp_split_pud 0
thp_zero_page_alloc 0
thp_zero_page_alloc_failed 0
thp_swpout 0
thp_swpout_fallback 0
MemTotal:       1123314996 kB
MemFree:        1069920128 kB
MemAvailable:   1089161176 kB
Buffers:           61676 kB
Cached:         22915972 kB
SwapCached:          248 kB
Active:           426752 kB
Inactive:       23151552 kB
Active(anon):     121520 kB
Inactive(anon):   485856 kB
Active(file):     305232 kB
Inactive(file): 22665696 kB
Unevictable:           0 kB
Mlocked:               0 kB
SwapTotal:       2097148 kB
SwapFree:        2093564 kB
Dirty:                12 kB
Writeback:             0 kB
AnonPages:        600992 kB
Mapped:           433392 kB
Shmem:              6024 kB
KReclaimable:     343932 kB
Slab:             717288 kB
SReclaimable:     343932 kB
SUnreclaim:       373356 kB
KernelStack:       33824 kB
PageTables:        28548 kB
NFS_Unstable:          0 kB
Bounce:                0 kB
WritebackTmp:          0 kB
CommitLimit:    563754644 kB
Committed_AS:    6534040 kB
VmallocTotal:   34359738367 kB
VmallocUsed:      161420 kB
VmallocChunk:          0 kB
Percpu:           122304 kB
HardwareCorrupted:     0 kB
AnonHugePages:     20480 kB
ShmemHugePages:        0 kB
ShmemPmdMapped:        0 kB
CmaTotal:              0 kB
CmaFree:               0 kB
HugePages_Total:       0
HugePages_Free:        0
HugePages_Rsvd:        0
HugePages_Surp:        0
Hugepagesize:       2048 kB
Hugetlb:               0 kB
DirectMap4k:     1183204 kB
DirectMap2M:     8738816 kB
DirectMap1G:    1179648000 kB
