2024年 05月 18日 星期六 19:45:07 CST
pgmigrate_success 10014173
pgmigrate_fail 26954760
pgmigrate_dst_node_full_fail 26646528
pgmigrate_numa_isolate_fail 5
pgmigrate_nomem_fail 2
pgmigrate_refcount_fail 1
thp_fault_alloc 157029
thp_fault_fallback 0
thp_collapse_alloc 185
thp_collapse_alloc_failed 4
thp_file_alloc 0
thp_file_mapped 0
thp_split_page 3
thp_split_page_failed 0
thp_deferred_split_page 190300
thp_split_pmd 22
thp_split_pud 0
thp_zero_page_alloc 20
thp_zero_page_alloc_failed 0
thp_swpout 0
thp_swpout_fallback 0
MemTotal:       1118366044 kB
MemFree:        1087509796 kB
MemAvailable:   1085188428 kB
Buffers:            7412 kB
Cached:           334304 kB
SwapCached:         1356 kB
Active:           494816 kB
Inactive:         433804 kB
Active(anon):     277648 kB
Inactive(anon):   315380 kB
Active(file):     217168 kB
Inactive(file):   118424 kB
Unevictable:           0 kB
Mlocked:               0 kB
SwapTotal:       2097148 kB
SwapFree:        2083324 kB
Dirty:               980 kB
Writeback:             0 kB
AnonPages:        587448 kB
Mapped:           331084 kB
Shmem:              5384 kB
KReclaimable:     241808 kB
Slab:             628376 kB
SReclaimable:     241808 kB
SUnreclaim:       386568 kB
KernelStack:       33264 kB
PageTables:        28028 kB
NFS_Unstable:          0 kB
Bounce:                0 kB
WritebackTmp:          0 kB
CommitLimit:    561280168 kB
Committed_AS:    6281796 kB
VmallocTotal:   34359738367 kB
VmallocUsed:      158356 kB
VmallocChunk:          0 kB
Percpu:           123648 kB
HardwareCorrupted:     0 kB
AnonHugePages:    106496 kB
ShmemHugePages:        0 kB
ShmemPmdMapped:        0 kB
CmaTotal:              0 kB
CmaFree:               0 kB
HugePages_Total:       0
HugePages_Free:        0
HugePages_Rsvd:        0
HugePages_Surp:        0
Hugepagesize:       2048 kB
Hugetlb:               0 kB
DirectMap4k:     1089000 kB
DirectMap2M:     9881600 kB
DirectMap1G:    1178599424 kB
2024年 05月 18日 星期六 19:55:24 CST
pgmigrate_success 12071915
pgmigrate_fail 57541640
pgmigrate_dst_node_full_fail 57211904
pgmigrate_numa_isolate_fail 5
pgmigrate_nomem_fail 2
pgmigrate_refcount_fail 2561
thp_fault_alloc 189685
thp_fault_fallback 0
thp_collapse_alloc 192
thp_collapse_alloc_failed 13
thp_file_alloc 0
thp_file_mapped 0
thp_split_page 3
thp_split_page_failed 0
thp_deferred_split_page 231034
thp_split_pmd 25
thp_split_pud 0
thp_zero_page_alloc 20
thp_zero_page_alloc_failed 0
thp_swpout 0
thp_swpout_fallback 0
MemTotal:       1118366044 kB
MemFree:        1087370908 kB
MemAvailable:   1085097928 kB
Buffers:           55724 kB
Cached:           350304 kB
SwapCached:         1384 kB
Active:           512468 kB
Inactive:         482328 kB
Active(anon):     242296 kB
Inactive(anon):   352492 kB
Active(file):     270172 kB
Inactive(file):   129836 kB
Unevictable:           0 kB
Mlocked:               0 kB
SwapTotal:       2097148 kB
SwapFree:        2082812 kB
Dirty:                 8 kB
Writeback:             0 kB
AnonPages:        589264 kB
Mapped:           330996 kB
Shmem:              5384 kB
KReclaimable:     274164 kB
Slab:             662504 kB
SReclaimable:     274164 kB
SUnreclaim:       388340 kB
KernelStack:       33152 kB
PageTables:        27928 kB
NFS_Unstable:          0 kB
Bounce:                0 kB
WritebackTmp:          0 kB
CommitLimit:    561280168 kB
Committed_AS:    6267736 kB
VmallocTotal:   34359738367 kB
VmallocUsed:      158388 kB
VmallocChunk:          0 kB
Percpu:           123648 kB
HardwareCorrupted:     0 kB
AnonHugePages:    106496 kB
ShmemHugePages:        0 kB
ShmemPmdMapped:        0 kB
CmaTotal:              0 kB
CmaFree:               0 kB
HugePages_Total:       0
HugePages_Free:        0
HugePages_Rsvd:        0
HugePages_Surp:        0
Hugepagesize:       2048 kB
Hugetlb:               0 kB
DirectMap4k:     1089000 kB
DirectMap2M:     9881600 kB
DirectMap1G:    1178599424 kB
