pgmigrate_success 15898454
pgmigrate_fail 103983
thp_fault_alloc 0
thp_fault_fallback 0
thp_collapse_alloc 0
thp_collapse_alloc_failed 0
thp_file_alloc 0
thp_file_mapped 0
thp_split_page 0
thp_split_page_failed 0
thp_deferred_split_page 0
thp_split_pmd 0
thp_split_pud 0
thp_zero_page_alloc 0
thp_zero_page_alloc_failed 0
thp_swpout 0
thp_swpout_fallback 0
MemTotal:       1080978640 kB
MemFree:        1048171996 kB
MemAvailable:   1057212480 kB
Buffers:           47624 kB
Cached:         12813672 kB
SwapCached:            8 kB
Active:            63476 kB
Inactive:       12962808 kB
Active(anon):      47312 kB
Inactive(anon):   596804 kB
Active(file):      16164 kB
Inactive(file): 12366004 kB
Unevictable:           0 kB
Mlocked:               0 kB
SwapTotal:       2097148 kB
SwapFree:        2096124 kB
Dirty:                 0 kB
Writeback:             0 kB
AnonPages:        686160 kB
Mapped:           375280 kB
Shmem:              6204 kB
KReclaimable:     285912 kB
Slab:             741384 kB
SReclaimable:     285912 kB
SUnreclaim:       455472 kB
KernelStack:       32448 kB
PageTables:        28488 kB
NFS_Unstable:          0 kB
Bounce:                0 kB
WritebackTmp:          0 kB
CommitLimit:    542586468 kB
Committed_AS:    6506908 kB
VmallocTotal:   34359738367 kB
VmallocUsed:      103336 kB
VmallocChunk:          0 kB
Percpu:           118272 kB
HardwareCorrupted:     0 kB
AnonHugePages:         0 kB
ShmemHugePages:        0 kB
ShmemPmdMapped:        0 kB
CmaTotal:              0 kB
CmaFree:               0 kB
HugePages_Total:       0
HugePages_Free:        0
HugePages_Rsvd:        0
HugePages_Surp:        0
Hugepagesize:       2048 kB
Hugetlb:               0 kB
DirectMap4k:      904680 kB
DirectMap2M:     9017344 kB
DirectMap1G:    1179648000 kB
pgmigrate_success 16001439
pgmigrate_fail 49047
thp_fault_alloc 1
thp_fault_fallback 0
thp_collapse_alloc 0
thp_collapse_alloc_failed 0
thp_file_alloc 0
thp_file_mapped 0
thp_split_page 0
thp_split_page_failed 0
thp_deferred_split_page 1
thp_split_pmd 0
thp_split_pud 0
thp_zero_page_alloc 0
thp_zero_page_alloc_failed 0
thp_swpout 0
thp_swpout_fallback 0
MemTotal:       1093385416 kB
MemFree:        1072887228 kB
MemAvailable:   1070686272 kB
Buffers:           60840 kB
Cached:           498808 kB
SwapCached:           12 kB
Active:           178672 kB
Inactive:         600344 kB
Active(anon):      38868 kB
Inactive(anon):   600344 kB
Active(file):     139804 kB
Inactive(file):        0 kB
Unevictable:           0 kB
Mlocked:               0 kB
SwapTotal:       2097148 kB
SwapFree:        2096636 kB
Dirty:              4000 kB
Writeback:             0 kB
AnonPages:        621956 kB
Mapped:           408532 kB
Shmem:              6204 kB
KReclaimable:     244268 kB
Slab:             638108 kB
SReclaimable:     244268 kB
SUnreclaim:       393840 kB
KernelStack:       36384 kB
PageTables:        25116 kB
NFS_Unstable:          0 kB
Bounce:                0 kB
WritebackTmp:          0 kB
CommitLimit:    548789856 kB
Committed_AS:    6361320 kB
VmallocTotal:   34359738367 kB
VmallocUsed:      157624 kB
VmallocChunk:          0 kB
Percpu:           120960 kB
HardwareCorrupted:     0 kB
AnonHugePages:         0 kB
ShmemHugePages:        0 kB
ShmemPmdMapped:        0 kB
CmaTotal:              0 kB
CmaFree:               0 kB
HugePages_Total:       0
HugePages_Free:        0
HugePages_Rsvd:        0
HugePages_Surp:        0
Hugepagesize:       2048 kB
Hugetlb:               0 kB
DirectMap4k:      984552 kB
DirectMap2M:     8937472 kB
DirectMap1G:    1179648000 kB
