pgmigrate_success 10181389
pgmigrate_fail 55675
thp_fault_alloc 0
thp_fault_fallback 0
thp_collapse_alloc 0
thp_collapse_alloc_failed 0
thp_file_alloc 0
thp_file_mapped 0
thp_split_page 0
thp_split_page_failed 0
thp_deferred_split_page 0
thp_split_pmd 0
thp_split_pud 0
thp_zero_page_alloc 0
thp_zero_page_alloc_failed 0
thp_swpout 0
thp_swpout_fallback 0
MemTotal:       1080978640 kB
MemFree:        1060499376 kB
MemAvailable:   1058334460 kB
Buffers:            5232 kB
Cached:           378332 kB
SwapCached:            0 kB
Active:            95976 kB
Inactive:         565144 kB
Active(anon):      82952 kB
Inactive(anon):   565144 kB
Active(file):      13024 kB
Inactive(file):        0 kB
Unevictable:           0 kB
Mlocked:               0 kB
SwapTotal:       2097148 kB
SwapFree:        2096636 kB
Dirty:                88 kB
Writeback:             0 kB
AnonPages:        686868 kB
Mapped:           375256 kB
Shmem:              6204 kB
KReclaimable:     296580 kB
Slab:             751756 kB
SReclaimable:     296580 kB
SUnreclaim:       455176 kB
KernelStack:       31636 kB
PageTables:        28672 kB
NFS_Unstable:          0 kB
Bounce:                0 kB
WritebackTmp:          0 kB
CommitLimit:    542586468 kB
Committed_AS:    6630892 kB
VmallocTotal:   34359738367 kB
VmallocUsed:      103400 kB
VmallocChunk:          0 kB
Percpu:           118272 kB
HardwareCorrupted:     0 kB
AnonHugePages:         0 kB
ShmemHugePages:        0 kB
ShmemPmdMapped:        0 kB
CmaTotal:              0 kB
CmaFree:               0 kB
HugePages_Total:       0
HugePages_Free:        0
HugePages_Rsvd:        0
HugePages_Surp:        0
Hugepagesize:       2048 kB
Hugetlb:               0 kB
DirectMap4k:      904680 kB
DirectMap2M:     9017344 kB
DirectMap1G:    1179648000 kB
pgmigrate_success 5064947
pgmigrate_fail 23651
thp_fault_alloc 1
thp_fault_fallback 0
thp_collapse_alloc 0
thp_collapse_alloc_failed 0
thp_file_alloc 0
thp_file_mapped 0
thp_split_page 0
thp_split_page_failed 0
thp_deferred_split_page 1
thp_split_pmd 0
thp_split_pud 0
thp_zero_page_alloc 0
thp_zero_page_alloc_failed 0
thp_swpout 0
thp_swpout_fallback 0
MemTotal:       1093385416 kB
MemFree:        1072996264 kB
MemAvailable:   1070845308 kB
Buffers:            5344 kB
Cached:           408800 kB
SwapCached:            0 kB
Active:           316628 kB
Inactive:         334404 kB
Active(anon):     249736 kB
Inactive(anon):   334404 kB
Active(file):      66892 kB
Inactive(file):        0 kB
Unevictable:           0 kB
Mlocked:               0 kB
SwapTotal:       2097148 kB
SwapFree:        2096892 kB
Dirty:              3496 kB
Writeback:             0 kB
AnonPages:        574616 kB
Mapped:           409252 kB
Shmem:              6204 kB
KReclaimable:     417184 kB
Slab:             810224 kB
SReclaimable:     417184 kB
SUnreclaim:       393040 kB
KernelStack:       35392 kB
PageTables:        33396 kB
NFS_Unstable:          0 kB
Bounce:                0 kB
WritebackTmp:          0 kB
CommitLimit:    548789856 kB
Committed_AS:    6301628 kB
VmallocTotal:   34359738367 kB
VmallocUsed:      157576 kB
VmallocChunk:          0 kB
Percpu:           120960 kB
HardwareCorrupted:     0 kB
AnonHugePages:         0 kB
ShmemHugePages:        0 kB
ShmemPmdMapped:        0 kB
CmaTotal:              0 kB
CmaFree:               0 kB
HugePages_Total:       0
HugePages_Free:        0
HugePages_Rsvd:        0
HugePages_Surp:        0
Hugepagesize:       2048 kB
Hugetlb:               0 kB
DirectMap4k:      984552 kB
DirectMap2M:     8937472 kB
DirectMap1G:    1179648000 kB
