[    0.000000] Linux version 5.3.1-multiclock (xmu@xmu-PowerEdge-R750) (gcc version 7.5.0 (Ubuntu 7.5.0-3ubuntu1~18.04)) #1 SMP Wed Aug 9 20:46:02 CST 2023
[    0.000000] Command line: BOOT_IMAGE=/boot/vmlinuz-5.3.1-multiclock root=UUID=ce0c24b8-724b-4f33-9b2c-618433560aef ro memmap=29690M!4096M memmap=59G!64G quiet splash nomodeset vt.handoff=1
[    0.000000] KERNEL supported cpus:
[    0.000000]   Intel GenuineIntel
[    0.000000]   AMD AuthenticAMD
[    0.000000]   Hygon HygonGenuine
[    0.000000]   Centaur CentaurHauls
[    0.000000]   zhaoxin   Shanghai  
[    0.000000] x86/fpu: Supporting XSAVE feature 0x001: 'x87 floating point registers'
[    0.000000] x86/fpu: Supporting XSAVE feature 0x002: 'SSE registers'
[    0.000000] x86/fpu: Supporting XSAVE feature 0x004: 'AVX registers'
[    0.000000] x86/fpu: Supporting XSAVE feature 0x020: 'AVX-512 opmask'
[    0.000000] x86/fpu: Supporting XSAVE feature 0x040: 'AVX-512 Hi256'
[    0.000000] x86/fpu: Supporting XSAVE feature 0x080: 'AVX-512 ZMM_Hi256'
[    0.000000] x86/fpu: Supporting XSAVE feature 0x200: 'Protection Keys User registers'
[    0.000000] x86/fpu: xstate_offset[2]:  576, xstate_sizes[2]:  256
[    0.000000] x86/fpu: xstate_offset[5]:  832, xstate_sizes[5]:   64
[    0.000000] x86/fpu: xstate_offset[6]:  896, xstate_sizes[6]:  512
[    0.000000] x86/fpu: xstate_offset[7]: 1408, xstate_sizes[7]: 1024
[    0.000000] x86/fpu: xstate_offset[9]: 2432, xstate_sizes[9]:    8
[    0.000000] x86/fpu: Enabled xstate features 0x2e7, context size is 2440 bytes, using 'compacted' format.
[    0.000000] BIOS-provided physical RAM map:
[    0.000000] BIOS-e820: [mem 0x0000000000000000-0x000000000008efff] usable
[    0.000000] BIOS-e820: [mem 0x000000000008f000-0x000000000008ffff] reserved
[    0.000000] BIOS-e820: [mem 0x0000000000090000-0x000000000009ffff] usable
[    0.000000] BIOS-e820: [mem 0x00000000000a0000-0x00000000000fffff] reserved
[    0.000000] BIOS-e820: [mem 0x0000000000100000-0x0000000049e76fff] usable
[    0.000000] BIOS-e820: [mem 0x0000000049e77000-0x000000004ae76fff] ACPI NVS
[    0.000000] BIOS-e820: [mem 0x000000004ae77000-0x000000004b2cefff] usable
[    0.000000] BIOS-e820: [mem 0x000000004b2cf000-0x000000004b54dfff] ACPI data
[    0.000000] BIOS-e820: [mem 0x000000004b54e000-0x000000004bd93fff] usable
[    0.000000] BIOS-e820: [mem 0x000000004bd94000-0x000000004be99fff] reserved
[    0.000000] BIOS-e820: [mem 0x000000004be9a000-0x000000004cdfffff] usable
[    0.000000] BIOS-e820: [mem 0x000000004ce00000-0x000000004cffffff] reserved
[    0.000000] BIOS-e820: [mem 0x000000004d000000-0x000000005eefdfff] usable
[    0.000000] BIOS-e820: [mem 0x000000005eefe000-0x000000006e3fefff] reserved
[    0.000000] BIOS-e820: [mem 0x000000006e3ff000-0x000000006f3fefff] ACPI NVS
[    0.000000] BIOS-e820: [mem 0x000000006f3ff000-0x000000006f7fefff] ACPI data
[    0.000000] BIOS-e820: [mem 0x000000006f7ff000-0x000000006f7fffff] usable
[    0.000000] BIOS-e820: [mem 0x000000006f800000-0x000000008fffffff] reserved
[    0.000000] BIOS-e820: [mem 0x00000000fe000000-0x00000000fe010fff] reserved
[    0.000000] BIOS-e820: [mem 0x0000000100000000-0x000000207fffffff] usable
[    0.000000] BIOS-e820: [mem 0x0000002080000000-0x0000011c7fffffff] persistent (type 7)
[    0.000000] BIOS-e820: [mem 0x00001ffc00000000-0x00001fffffffffff] reserved
[    0.000000] NX (Execute Disable) protection: active
[    0.000000] e820: update [mem 0x47c75020-0x47c7d05f] usable ==> usable
[    0.000000] e820: update [mem 0x47c75020-0x47c7d05f] usable ==> usable
[    0.000000] e820: update [mem 0x47c42020-0x47c74c5f] usable ==> usable
[    0.000000] e820: update [mem 0x47c42020-0x47c74c5f] usable ==> usable
[    0.000000] e820: update [mem 0x47c0f020-0x47c41c5f] usable ==> usable
[    0.000000] e820: update [mem 0x47c0f020-0x47c41c5f] usable ==> usable
[    0.000000] e820: update [mem 0x47bdd020-0x47c0ea5f] usable ==> usable
[    0.000000] e820: update [mem 0x47bdd020-0x47c0ea5f] usable ==> usable
[    0.000000] extended physical RAM map:
[    0.000000] reserve setup_data: [mem 0x0000000000000000-0x000000000008efff] usable
[    0.000000] reserve setup_data: [mem 0x000000000008f000-0x000000000008ffff] reserved
[    0.000000] reserve setup_data: [mem 0x0000000000090000-0x000000000009ffff] usable
[    0.000000] reserve setup_data: [mem 0x00000000000a0000-0x00000000000fffff] reserved
[    0.000000] reserve setup_data: [mem 0x0000000000100000-0x0000000047bdd01f] usable
[    0.000000] reserve setup_data: [mem 0x0000000047bdd020-0x0000000047c0ea5f] usable
[    0.000000] reserve setup_data: [mem 0x0000000047c0ea60-0x0000000047c0f01f] usable
[    0.000000] reserve setup_data: [mem 0x0000000047c0f020-0x0000000047c41c5f] usable
[    0.000000] reserve setup_data: [mem 0x0000000047c41c60-0x0000000047c4201f] usable
[    0.000000] reserve setup_data: [mem 0x0000000047c42020-0x0000000047c74c5f] usable
[    0.000000] reserve setup_data: [mem 0x0000000047c74c60-0x0000000047c7501f] usable
[    0.000000] reserve setup_data: [mem 0x0000000047c75020-0x0000000047c7d05f] usable
[    0.000000] reserve setup_data: [mem 0x0000000047c7d060-0x0000000049e76fff] usable
[    0.000000] reserve setup_data: [mem 0x0000000049e77000-0x000000004ae76fff] ACPI NVS
[    0.000000] reserve setup_data: [mem 0x000000004ae77000-0x000000004b2cefff] usable
[    0.000000] reserve setup_data: [mem 0x000000004b2cf000-0x000000004b54dfff] ACPI data
[    0.000000] reserve setup_data: [mem 0x000000004b54e000-0x000000004bd93fff] usable
[    0.000000] reserve setup_data: [mem 0x000000004bd94000-0x000000004be99fff] reserved
[    0.000000] reserve setup_data: [mem 0x000000004be9a000-0x000000004cdfffff] usable
[    0.000000] reserve setup_data: [mem 0x000000004ce00000-0x000000004cffffff] reserved
[    0.000000] reserve setup_data: [mem 0x000000004d000000-0x000000005eefdfff] usable
[    0.000000] reserve setup_data: [mem 0x000000005eefe000-0x000000006e3fefff] reserved
[    0.000000] reserve setup_data: [mem 0x000000006e3ff000-0x000000006f3fefff] ACPI NVS
[    0.000000] reserve setup_data: [mem 0x000000006f3ff000-0x000000006f7fefff] ACPI data
[    0.000000] reserve setup_data: [mem 0x000000006f7ff000-0x000000006f7fffff] usable
[    0.000000] reserve setup_data: [mem 0x000000006f800000-0x000000008fffffff] reserved
[    0.000000] reserve setup_data: [mem 0x00000000fe000000-0x00000000fe010fff] reserved
[    0.000000] reserve setup_data: [mem 0x0000000100000000-0x000000083f9fffff] persistent (type 12)
[    0.000000] reserve setup_data: [mem 0x000000083fa00000-0x0000000fffffffff] usable
[    0.000000] reserve setup_data: [mem 0x0000001000000000-0x0000001ebfffffff] persistent (type 12)
[    0.000000] reserve setup_data: [mem 0x0000001ec0000000-0x000000207fffffff] usable
[    0.000000] reserve setup_data: [mem 0x0000002080000000-0x0000011c7fffffff] persistent (type 7)
[    0.000000] reserve setup_data: [mem 0x00001ffc00000000-0x00001fffffffffff] reserved
[    0.000000] user-defined physical RAM map:
[    0.000000] user: [mem 0x0000000000000000-0x000000000008efff] usable
[    0.000000] user: [mem 0x000000000008f000-0x000000000008ffff] reserved
[    0.000000] user: [mem 0x0000000000090000-0x000000000009ffff] usable
[    0.000000] user: [mem 0x00000000000a0000-0x00000000000fffff] reserved
[    0.000000] user: [mem 0x0000000000100000-0x0000000047bdd01f] usable
[    0.000000] user: [mem 0x0000000047bdd020-0x0000000047c0ea5f] usable
[    0.000000] user: [mem 0x0000000047c0ea60-0x0000000047c0f01f] usable
[    0.000000] user: [mem 0x0000000047c0f020-0x0000000047c41c5f] usable
[    0.000000] user: [mem 0x0000000047c41c60-0x0000000047c4201f] usable
[    0.000000] user: [mem 0x0000000047c42020-0x0000000047c74c5f] usable
[    0.000000] user: [mem 0x0000000047c74c60-0x0000000047c7501f] usable
[    0.000000] user: [mem 0x0000000047c75020-0x0000000047c7d05f] usable
[    0.000000] user: [mem 0x0000000047c7d060-0x0000000049e76fff] usable
[    0.000000] user: [mem 0x0000000049e77000-0x000000004ae76fff] ACPI NVS
[    0.000000] user: [mem 0x000000004ae77000-0x000000004b2cefff] usable
[    0.000000] user: [mem 0x000000004b2cf000-0x000000004b54dfff] ACPI data
[    0.000000] user: [mem 0x000000004b54e000-0x000000004bd93fff] usable
[    0.000000] user: [mem 0x000000004bd94000-0x000000004be99fff] reserved
[    0.000000] user: [mem 0x000000004be9a000-0x000000004cdfffff] usable
[    0.000000] user: [mem 0x000000004ce00000-0x000000004cffffff] reserved
[    0.000000] user: [mem 0x000000004d000000-0x000000005eefdfff] usable
[    0.000000] user: [mem 0x000000005eefe000-0x000000006e3fefff] reserved
[    0.000000] user: [mem 0x000000006e3ff000-0x000000006f3fefff] ACPI NVS
[    0.000000] user: [mem 0x000000006f3ff000-0x000000006f7fefff] ACPI data
[    0.000000] user: [mem 0x000000006f7ff000-0x000000006f7fffff] usable
[    0.000000] user: [mem 0x000000006f800000-0x000000008fffffff] reserved
[    0.000000] user: [mem 0x00000000fe000000-0x00000000fe010fff] reserved
[    0.000000] user: [mem 0x0000000100000000-0x000000083f9fffff] persistent (type 12)
[    0.000000] user: [mem 0x000000083fa00000-0x0000000fffffffff] usable
[    0.000000] user: [mem 0x0000001000000000-0x0000001ebfffffff] persistent (type 12)
[    0.000000] user: [mem 0x0000001ec0000000-0x000000207fffffff] usable
[    0.000000] user: [mem 0x0000002080000000-0x0000011c7fffffff] persistent (type 7)
[    0.000000] user: [mem 0x00001ffc00000000-0x00001fffffffffff] reserved
[    0.000000] efi: EFI v2.70 by Dell Inc.
[    0.000000] efi:  ACPI=0x6f7fe000  ACPI 2.0=0x6f7fe014  MEMATTR=0x5a215220  SMBIOS=0x69526000  SMBIOS 3.0=0x69524000 
[    0.000000] SMBIOS 3.3.0 present.
[    0.000000] DMI: Dell Inc. PowerEdge R750/0K8F35, BIOS 1.10.2 03/03/2023
[    0.000000] tsc: Detected 2000.000 MHz processor
[    0.000009] e820: update [mem 0x00000000-0x00000fff] usable ==> reserved
[    0.000010] e820: remove [mem 0x000a0000-0x000fffff] usable
[    0.000018] last_pfn = 0x2080000 max_arch_pfn = 0x400000000
[    0.000021] MTRR default type: uncachable
[    0.000022] MTRR fixed ranges enabled:
[    0.000023]   00000-9FFFF write-back
[    0.000023]   A0000-BFFFF uncachable
[    0.000024]   C0000-FFFFF write-protect
[    0.000025] MTRR variable ranges enabled:
[    0.000026]   0 base 000000000000 mask 3E0000000000 write-back
[    0.000027]   1 base 000080000000 mask 3FFF80000000 uncachable
[    0.000027]   2 base 00007F000000 mask 3FFFFF000000 uncachable
[    0.000028]   3 disabled
[    0.000028]   4 disabled
[    0.000029]   5 disabled
[    0.000029]   6 disabled
[    0.000029]   7 disabled
[    0.000030]   8 disabled
[    0.000030]   9 disabled
[    0.000904] x86/PAT: Configuration [0-7]: WB  WC  UC- UC  WB  WP  UC- WT  
[    0.002018] total RAM covered: 2095088M
[    0.002104]  gran_size: 64K 	chunk_size: 64K 	num_reg: 10  	lose cover RAM: 2016G
[    0.002105]  gran_size: 64K 	chunk_size: 128K 	num_reg: 10  	lose cover RAM: 2016G
[    0.002106]  gran_size: 64K 	chunk_size: 256K 	num_reg: 10  	lose cover RAM: 2016G
[    0.002107]  gran_size: 64K 	chunk_size: 512K 	num_reg: 10  	lose cover RAM: 2016G
[    0.002108]  gran_size: 64K 	chunk_size: 1M 	num_reg: 10  	lose cover RAM: 2016G
[    0.002108]  gran_size: 64K 	chunk_size: 2M 	num_reg: 10  	lose cover RAM: 2016G
[    0.002109]  gran_size: 64K 	chunk_size: 4M 	num_reg: 10  	lose cover RAM: 2016G
[    0.002110]  gran_size: 64K 	chunk_size: 8M 	num_reg: 10  	lose cover RAM: 2016G
[    0.002110]  gran_size: 64K 	chunk_size: 16M 	num_reg: 10  	lose cover RAM: 2016G
[    0.002111]  gran_size: 64K 	chunk_size: 32M 	num_reg: 10  	lose cover RAM: 1024G
[    0.002112]  gran_size: 64K 	chunk_size: 64M 	num_reg: 10  	lose cover RAM: 1024G
[    0.002112]  gran_size: 64K 	chunk_size: 128M 	num_reg: 10  	lose cover RAM: 1024G
[    0.002113]  gran_size: 64K 	chunk_size: 256M 	num_reg: 10  	lose cover RAM: 1024G
[    0.002114]  gran_size: 64K 	chunk_size: 512M 	num_reg: 10  	lose cover RAM: 1024G
[    0.002114]  gran_size: 64K 	chunk_size: 1G 	num_reg: 10  	lose cover RAM: 1024G
[    0.002115]  gran_size: 64K 	chunk_size: 2G 	num_reg: 10  	lose cover RAM: 1024G
[    0.002116]  gran_size: 128K 	chunk_size: 128K 	num_reg: 10  	lose cover RAM: 2016G
[    0.002116]  gran_size: 128K 	chunk_size: 256K 	num_reg: 10  	lose cover RAM: 2016G
[    0.002117]  gran_size: 128K 	chunk_size: 512K 	num_reg: 10  	lose cover RAM: 2016G
[    0.002118]  gran_size: 128K 	chunk_size: 1M 	num_reg: 10  	lose cover RAM: 2016G
[    0.002118]  gran_size: 128K 	chunk_size: 2M 	num_reg: 10  	lose cover RAM: 2016G
[    0.002119]  gran_size: 128K 	chunk_size: 4M 	num_reg: 10  	lose cover RAM: 2016G
[    0.002120]  gran_size: 128K 	chunk_size: 8M 	num_reg: 10  	lose cover RAM: 2016G
[    0.002120]  gran_size: 128K 	chunk_size: 16M 	num_reg: 10  	lose cover RAM: 2016G
[    0.002121]  gran_size: 128K 	chunk_size: 32M 	num_reg: 10  	lose cover RAM: 1024G
[    0.002122]  gran_size: 128K 	chunk_size: 64M 	num_reg: 10  	lose cover RAM: 1024G
[    0.002122]  gran_size: 128K 	chunk_size: 128M 	num_reg: 10  	lose cover RAM: 1024G
[    0.002123]  gran_size: 128K 	chunk_size: 256M 	num_reg: 10  	lose cover RAM: 1024G
[    0.002124]  gran_size: 128K 	chunk_size: 512M 	num_reg: 10  	lose cover RAM: 1024G
[    0.002124]  gran_size: 128K 	chunk_size: 1G 	num_reg: 10  	lose cover RAM: 1024G
[    0.002125]  gran_size: 128K 	chunk_size: 2G 	num_reg: 10  	lose cover RAM: 1024G
[    0.002126]  gran_size: 256K 	chunk_size: 256K 	num_reg: 10  	lose cover RAM: 2016G
[    0.002126]  gran_size: 256K 	chunk_size: 512K 	num_reg: 10  	lose cover RAM: 2016G
[    0.002127]  gran_size: 256K 	chunk_size: 1M 	num_reg: 10  	lose cover RAM: 2016G
[    0.002128]  gran_size: 256K 	chunk_size: 2M 	num_reg: 10  	lose cover RAM: 2016G
[    0.002128]  gran_size: 256K 	chunk_size: 4M 	num_reg: 10  	lose cover RAM: 2016G
[    0.002129]  gran_size: 256K 	chunk_size: 8M 	num_reg: 10  	lose cover RAM: 2016G
[    0.002130]  gran_size: 256K 	chunk_size: 16M 	num_reg: 10  	lose cover RAM: 2016G
[    0.002130]  gran_size: 256K 	chunk_size: 32M 	num_reg: 10  	lose cover RAM: 1024G
[    0.002131]  gran_size: 256K 	chunk_size: 64M 	num_reg: 10  	lose cover RAM: 1024G
[    0.002132]  gran_size: 256K 	chunk_size: 128M 	num_reg: 10  	lose cover RAM: 1024G
[    0.002132]  gran_size: 256K 	chunk_size: 256M 	num_reg: 10  	lose cover RAM: 1024G
[    0.002133]  gran_size: 256K 	chunk_size: 512M 	num_reg: 10  	lose cover RAM: 1024G
[    0.002134]  gran_size: 256K 	chunk_size: 1G 	num_reg: 10  	lose cover RAM: 1024G
[    0.002134]  gran_size: 256K 	chunk_size: 2G 	num_reg: 10  	lose cover RAM: 1024G
[    0.002135]  gran_size: 512K 	chunk_size: 512K 	num_reg: 10  	lose cover RAM: 2016G
[    0.002136]  gran_size: 512K 	chunk_size: 1M 	num_reg: 10  	lose cover RAM: 2016G
[    0.002136]  gran_size: 512K 	chunk_size: 2M 	num_reg: 10  	lose cover RAM: 2016G
[    0.002137]  gran_size: 512K 	chunk_size: 4M 	num_reg: 10  	lose cover RAM: 2016G
[    0.002138]  gran_size: 512K 	chunk_size: 8M 	num_reg: 10  	lose cover RAM: 2016G
[    0.002138]  gran_size: 512K 	chunk_size: 16M 	num_reg: 10  	lose cover RAM: 2016G
[    0.002139]  gran_size: 512K 	chunk_size: 32M 	num_reg: 10  	lose cover RAM: 1024G
[    0.002140]  gran_size: 512K 	chunk_size: 64M 	num_reg: 10  	lose cover RAM: 1024G
[    0.002140]  gran_size: 512K 	chunk_size: 128M 	num_reg: 10  	lose cover RAM: 1024G
[    0.002141]  gran_size: 512K 	chunk_size: 256M 	num_reg: 10  	lose cover RAM: 1024G
[    0.002142]  gran_size: 512K 	chunk_size: 512M 	num_reg: 10  	lose cover RAM: 1024G
[    0.002142]  gran_size: 512K 	chunk_size: 1G 	num_reg: 10  	lose cover RAM: 1024G
[    0.002143]  gran_size: 512K 	chunk_size: 2G 	num_reg: 10  	lose cover RAM: 1024G
[    0.002144]  gran_size: 1M 	chunk_size: 1M 	num_reg: 10  	lose cover RAM: 2016G
[    0.002144]  gran_size: 1M 	chunk_size: 2M 	num_reg: 10  	lose cover RAM: 2016G
[    0.002145]  gran_size: 1M 	chunk_size: 4M 	num_reg: 10  	lose cover RAM: 2016G
[    0.002146]  gran_size: 1M 	chunk_size: 8M 	num_reg: 10  	lose cover RAM: 2016G
[    0.002146]  gran_size: 1M 	chunk_size: 16M 	num_reg: 10  	lose cover RAM: 2016G
[    0.002147]  gran_size: 1M 	chunk_size: 32M 	num_reg: 10  	lose cover RAM: 1024G
[    0.002148]  gran_size: 1M 	chunk_size: 64M 	num_reg: 10  	lose cover RAM: 1024G
[    0.002148]  gran_size: 1M 	chunk_size: 128M 	num_reg: 10  	lose cover RAM: 1024G
[    0.002149]  gran_size: 1M 	chunk_size: 256M 	num_reg: 10  	lose cover RAM: 1024G
[    0.002150]  gran_size: 1M 	chunk_size: 512M 	num_reg: 10  	lose cover RAM: 1024G
[    0.002150]  gran_size: 1M 	chunk_size: 1G 	num_reg: 10  	lose cover RAM: 1024G
[    0.002151]  gran_size: 1M 	chunk_size: 2G 	num_reg: 10  	lose cover RAM: 1024G
[    0.002152]  gran_size: 2M 	chunk_size: 2M 	num_reg: 10  	lose cover RAM: 2016G
[    0.002152]  gran_size: 2M 	chunk_size: 4M 	num_reg: 10  	lose cover RAM: 2016G
[    0.002153]  gran_size: 2M 	chunk_size: 8M 	num_reg: 10  	lose cover RAM: 2016G
[    0.002154]  gran_size: 2M 	chunk_size: 16M 	num_reg: 10  	lose cover RAM: 2016G
[    0.002154]  gran_size: 2M 	chunk_size: 32M 	num_reg: 10  	lose cover RAM: 1024G
[    0.002155]  gran_size: 2M 	chunk_size: 64M 	num_reg: 10  	lose cover RAM: 1024G
[    0.002156]  gran_size: 2M 	chunk_size: 128M 	num_reg: 10  	lose cover RAM: 1024G
[    0.002156]  gran_size: 2M 	chunk_size: 256M 	num_reg: 10  	lose cover RAM: 1024G
[    0.002157]  gran_size: 2M 	chunk_size: 512M 	num_reg: 10  	lose cover RAM: 1024G
[    0.002158]  gran_size: 2M 	chunk_size: 1G 	num_reg: 10  	lose cover RAM: 1024G
[    0.002158]  gran_size: 2M 	chunk_size: 2G 	num_reg: 10  	lose cover RAM: 1024G
[    0.002159]  gran_size: 4M 	chunk_size: 4M 	num_reg: 10  	lose cover RAM: 2016G
[    0.002160]  gran_size: 4M 	chunk_size: 8M 	num_reg: 10  	lose cover RAM: 2016G
[    0.002160]  gran_size: 4M 	chunk_size: 16M 	num_reg: 10  	lose cover RAM: 2016G
[    0.002161]  gran_size: 4M 	chunk_size: 32M 	num_reg: 10  	lose cover RAM: 1024G
[    0.002162]  gran_size: 4M 	chunk_size: 64M 	num_reg: 10  	lose cover RAM: 1024G
[    0.002162]  gran_size: 4M 	chunk_size: 128M 	num_reg: 10  	lose cover RAM: 1024G
[    0.002163]  gran_size: 4M 	chunk_size: 256M 	num_reg: 10  	lose cover RAM: 1024G
[    0.002164]  gran_size: 4M 	chunk_size: 512M 	num_reg: 10  	lose cover RAM: 1024G
[    0.002164]  gran_size: 4M 	chunk_size: 1G 	num_reg: 10  	lose cover RAM: 1024G
[    0.002166]  gran_size: 4M 	chunk_size: 2G 	num_reg: 10  	lose cover RAM: 1024G
[    0.002166]  gran_size: 8M 	chunk_size: 8M 	num_reg: 10  	lose cover RAM: 2016G
[    0.002167]  gran_size: 8M 	chunk_size: 16M 	num_reg: 10  	lose cover RAM: 2016G
[    0.002167]  gran_size: 8M 	chunk_size: 32M 	num_reg: 10  	lose cover RAM: 1024G
[    0.002168]  gran_size: 8M 	chunk_size: 64M 	num_reg: 10  	lose cover RAM: 1024G
[    0.002169]  gran_size: 8M 	chunk_size: 128M 	num_reg: 10  	lose cover RAM: 1024G
[    0.002169]  gran_size: 8M 	chunk_size: 256M 	num_reg: 10  	lose cover RAM: 1024G
[    0.002170]  gran_size: 8M 	chunk_size: 512M 	num_reg: 10  	lose cover RAM: 1024G
[    0.002171]  gran_size: 8M 	chunk_size: 1G 	num_reg: 10  	lose cover RAM: 1024G
[    0.002171]  gran_size: 8M 	chunk_size: 2G 	num_reg: 10  	lose cover RAM: 1024G
[    0.002172]  gran_size: 16M 	chunk_size: 16M 	num_reg: 10  	lose cover RAM: 2016G
[    0.002173]  gran_size: 16M 	chunk_size: 32M 	num_reg: 10  	lose cover RAM: 1024G
[    0.002173]  gran_size: 16M 	chunk_size: 64M 	num_reg: 10  	lose cover RAM: 1024G
[    0.002174]  gran_size: 16M 	chunk_size: 128M 	num_reg: 10  	lose cover RAM: 1024G
[    0.002175]  gran_size: 16M 	chunk_size: 256M 	num_reg: 10  	lose cover RAM: 1024G
[    0.002175]  gran_size: 16M 	chunk_size: 512M 	num_reg: 10  	lose cover RAM: 1024G
[    0.002176]  gran_size: 16M 	chunk_size: 1G 	num_reg: 10  	lose cover RAM: 1024G
[    0.002177]  gran_size: 16M 	chunk_size: 2G 	num_reg: 10  	lose cover RAM: 1024G
[    0.002178]  gran_size: 32M 	chunk_size: 32M 	num_reg: 10  	lose cover RAM: 2031632M
[    0.002178]  gran_size: 32M 	chunk_size: 64M 	num_reg: 10  	lose cover RAM: 1048592M
[    0.002179]  gran_size: 32M 	chunk_size: 128M 	num_reg: 10  	lose cover RAM: 1048592M
[    0.002180]  gran_size: 32M 	chunk_size: 256M 	num_reg: 10  	lose cover RAM: 1048592M
[    0.002180]  gran_size: 32M 	chunk_size: 512M 	num_reg: 10  	lose cover RAM: 1048592M
[    0.002181]  gran_size: 32M 	chunk_size: 1G 	num_reg: 10  	lose cover RAM: 1048592M
[    0.002182]  gran_size: 32M 	chunk_size: 2G 	num_reg: 10  	lose cover RAM: 1048592M
[    0.002182]  gran_size: 64M 	chunk_size: 64M 	num_reg: 10  	lose cover RAM: 1966128M
[    0.002183]  gran_size: 64M 	chunk_size: 128M 	num_reg: 10  	lose cover RAM: 1048624M
[    0.002184]  gran_size: 64M 	chunk_size: 256M 	num_reg: 10  	lose cover RAM: 1048624M
[    0.002184]  gran_size: 64M 	chunk_size: 512M 	num_reg: 10  	lose cover RAM: 1048624M
[    0.002185]  gran_size: 64M 	chunk_size: 1G 	num_reg: 10  	lose cover RAM: 1048624M
[    0.002186]  gran_size: 64M 	chunk_size: 2G 	num_reg: 10  	lose cover RAM: 1048624M
[    0.002186]  gran_size: 128M 	chunk_size: 128M 	num_reg: 10  	lose cover RAM: 1835120M
[    0.002187]  gran_size: 128M 	chunk_size: 256M 	num_reg: 10  	lose cover RAM: 1048688M
[    0.002188]  gran_size: 128M 	chunk_size: 512M 	num_reg: 10  	lose cover RAM: 1048688M
[    0.002188]  gran_size: 128M 	chunk_size: 1G 	num_reg: 10  	lose cover RAM: 1048688M
[    0.002189]  gran_size: 128M 	chunk_size: 2G 	num_reg: 10  	lose cover RAM: 1048688M
[    0.002190]  gran_size: 256M 	chunk_size: 256M 	num_reg: 10  	lose cover RAM: 1573104M
[    0.002190]  gran_size: 256M 	chunk_size: 512M 	num_reg: 10  	lose cover RAM: 1048816M
[    0.002191]  gran_size: 256M 	chunk_size: 1G 	num_reg: 10  	lose cover RAM: 1048816M
[    0.002192]  gran_size: 256M 	chunk_size: 2G 	num_reg: 10  	lose cover RAM: 1048816M
[    0.002192]  gran_size: 512M 	chunk_size: 512M 	num_reg: 10  	lose cover RAM: 1049072M
[    0.002193]  gran_size: 512M 	chunk_size: 1G 	num_reg: 10  	lose cover RAM: 1049072M
[    0.002194]  gran_size: 512M 	chunk_size: 2G 	num_reg: 10  	lose cover RAM: 1049072M
[    0.002195]  gran_size: 1G 	chunk_size: 1G 	num_reg: 10  	lose cover RAM: 1008M
[    0.002196]  gran_size: 1G 	chunk_size: 2G 	num_reg: 10  	lose cover RAM: 1008M
[    0.002196]  gran_size: 2G 	chunk_size: 2G 	num_reg: 9  	lose cover RAM: 2032M
[    0.002197] mtrr_cleanup: can not find optimal value
[    0.002198] please specify mtrr_gran_size/mtrr_chunk_size
[    0.002200] e820: update [mem 0x7f000000-0xffffffff] usable ==> reserved
[    0.002202] x2apic: enabled by BIOS, switching to x2apic ops
[    0.002203] last_pfn = 0x6f800 max_arch_pfn = 0x400000000
[    0.013608] check: Scanning 1 areas for low memory corruption
[    0.013612] Using GB pages for direct mapping
[    0.013614] BRK [0x1f29a01000, 0x1f29a01fff] PGTABLE
[    0.013616] BRK [0x1f29a02000, 0x1f29a02fff] PGTABLE
[    0.013616] BRK [0x1f29a03000, 0x1f29a03fff] PGTABLE
[    0.013637] BRK [0x1f29a04000, 0x1f29a04fff] PGTABLE
[    0.013638] BRK [0x1f29a05000, 0x1f29a05fff] PGTABLE
[    0.013835] BRK [0x1f29a06000, 0x1f29a06fff] PGTABLE
[    0.013874] BRK [0x1f29a07000, 0x1f29a07fff] PGTABLE
[    0.013960] BRK [0x1f29a08000, 0x1f29a08fff] PGTABLE
[    0.014036] BRK [0x1f29a09000, 0x1f29a09fff] PGTABLE
[    0.014111] BRK [0x1f29a0a000, 0x1f29a0afff] PGTABLE
[    0.014185] BRK [0x1f29a0b000, 0x1f29a0bfff] PGTABLE
[    0.014239] BRK [0x1f29a0c000, 0x1f29a0cfff] PGTABLE
[    0.014622] Secure boot disabled
[    0.014623] RAMDISK: [mem 0x2065920000-0x207fffffff]
[    0.014630] ACPI: Early table checksum verification disabled
[    0.014631] ACPI: RSDP 0x000000006F7FE014 000024 (v02 DELL  )
[    0.014634] ACPI: XSDT 0x000000006F41C188 0000F4 (v01 DELL   PE_SC3   00000000 DELL 01000013)
[    0.014639] ACPI: FACP 0x000000006F430000 000114 (v06 DELL   PE_SC3   00000000 DELL 00000001)
[    0.014643] ACPI: DSDT 0x000000004B4CE000 07FAD3 (v02 DELL   PE_SC3   00000003 DELL 00000001)
[    0.014646] ACPI: FACS 0x000000006F2F2000 000040
[    0.014648] ACPI: SSDT 0x000000006F7FB000 00159A (v02 INTEL  RAS_ACPI 00000001 INTL 20210331)
[    0.014651] ACPI: SSDT 0x000000006F7FA000 000745 (v02 INTEL  ADDRXLAT 00000001 INTL 20210331)
[    0.014654] ACPI: MCEJ 0x000000006F7F9000 000130 (v01 INTEL           00000001 INTL 0100000D)
[    0.014657] ACPI: BERT 0x000000006F7F8000 000030 (v01 DELL   PE_SC3   00000001 INTL 00000001)
[    0.014659] ACPI: ERST 0x000000006F7F7000 000230 (v01 DELL   PE_SC3   00000001 INTL 00000001)
[    0.014662] ACPI: SSDT 0x000000006F431000 3C524E (v02 INTEL  SSDTNVDR 00001000 INTL 20210331)
[    0.014664] ACPI: HMAT 0x000000006F42F000 000210 (v01 DELL   PE_SC3   00000001 DELL 00000001)
[    0.014667] ACPI: HPET 0x000000006F42E000 000038 (v01 DELL   PE_SC3   00000001 DELL 00000001)
[    0.014669] ACPI: MCFG 0x000000006F42D000 00003C (v01 DELL   PE_SC3   00000001 DELL 00000001)
[    0.014672] ACPI: MIGT 0x000000006F42C000 000040 (v01 DELL   PE_SC3   00000000 DELL 00000001)
[    0.014674] ACPI: MSCT 0x000000006F42B000 000090 (v01 DELL   PE_SC3   00000001 DELL 00000001)
[    0.014677] ACPI: PMTT 0x000000006F429000 0011E8 (v02 DELL   PE_SC3   00000001 DELL 00000001)
[    0.014679] ACPI: WSMT 0x000000006F428000 000028 (v01 DELL   PE_SC3   00000000 DELL 00000001)
[    0.014682] ACPI: APIC 0x000000006F427000 00075E (v04 DELL   PE_SC3   00000000 DELL 00000001)
[    0.014684] ACPI: SLIT 0x000000006F426000 00003C (v01 DELL   PE_SC3   00000001 DELL 01000013)
[    0.014687] ACPI: SRAT 0x000000006F41F000 006430 (v03 DELL   PE_SC3   00000002 DELL 01000013)
[    0.014690] ACPI: OEM4 0x000000004B346000 187A61 (v02 INTEL  CPU  CST 00003000 INTL 20210331)
[    0.014692] ACPI: SSDT 0x000000004B2CF000 0764A5 (v02 INTEL  SSDT  PM 00004000 INTL 20210331)
[    0.014695] ACPI: SSDT 0x000000006F41E000 000A1F (v02 DELL   PE_SC3   00000000 DELL 00000001)
[    0.014697] ACPI: HEST 0x000000006F41D000 00017C (v01 DELL   PE_SC3   00000001 INTL 00000001)
[    0.014700] ACPI: PCAT 0x000000006F41B000 00010C (v19 DELL   PE_SC3   00000002 DELL 00000001)
[    0.014702] ACPI: SSDT 0x000000006F413000 007299 (v02 INTEL  SpsNm    00000002 INTL 20210331)
[    0.014705] ACPI: SSDT 0x000000006F412000 000426 (v02 DELL   PE_SC3   00000002 DELL 00000001)
[    0.014707] ACPI: NFIT 0x000000006F7FD000 000488 (v01 DELL   PE_SC3   00000002 DELL 00000001)
[    0.014710] ACPI: DMAR 0x000000006F411000 000158 (v01 DELL   PE_SC3   00000001 DELL 00000001)
[    0.014717] ACPI: Local APIC address 0xfee00000
[    0.014719] Setting APIC routing to cluster x2apic.
[    0.014765] SRAT: PXM 0 -> APIC 0x0000 -> Node 0
[    0.014766] SRAT: PXM 0 -> APIC 0x0001 -> Node 0
[    0.014766] SRAT: PXM 0 -> APIC 0x0002 -> Node 0
[    0.014767] SRAT: PXM 0 -> APIC 0x0003 -> Node 0
[    0.014767] SRAT: PXM 0 -> APIC 0x0004 -> Node 0
[    0.014767] SRAT: PXM 0 -> APIC 0x0005 -> Node 0
[    0.014768] SRAT: PXM 0 -> APIC 0x0006 -> Node 0
[    0.014768] SRAT: PXM 0 -> APIC 0x0007 -> Node 0
[    0.014769] SRAT: PXM 0 -> APIC 0x0008 -> Node 0
[    0.014769] SRAT: PXM 0 -> APIC 0x0009 -> Node 0
[    0.014770] SRAT: PXM 0 -> APIC 0x000a -> Node 0
[    0.014770] SRAT: PXM 0 -> APIC 0x000b -> Node 0
[    0.014770] SRAT: PXM 0 -> APIC 0x000c -> Node 0
[    0.014771] SRAT: PXM 0 -> APIC 0x000d -> Node 0
[    0.014771] SRAT: PXM 0 -> APIC 0x000e -> Node 0
[    0.014772] SRAT: PXM 0 -> APIC 0x000f -> Node 0
[    0.014772] SRAT: PXM 0 -> APIC 0x0010 -> Node 0
[    0.014772] SRAT: PXM 0 -> APIC 0x0011 -> Node 0
[    0.014773] SRAT: PXM 0 -> APIC 0x0012 -> Node 0
[    0.014773] SRAT: PXM 0 -> APIC 0x0013 -> Node 0
[    0.014774] SRAT: PXM 0 -> APIC 0x0014 -> Node 0
[    0.014774] SRAT: PXM 0 -> APIC 0x0015 -> Node 0
[    0.014775] SRAT: PXM 0 -> APIC 0x0016 -> Node 0
[    0.014775] SRAT: PXM 0 -> APIC 0x0017 -> Node 0
[    0.014775] SRAT: PXM 0 -> APIC 0x0018 -> Node 0
[    0.014776] SRAT: PXM 0 -> APIC 0x0019 -> Node 0
[    0.014776] SRAT: PXM 0 -> APIC 0x001a -> Node 0
[    0.014777] SRAT: PXM 0 -> APIC 0x001b -> Node 0
[    0.014777] SRAT: PXM 0 -> APIC 0x001c -> Node 0
[    0.014777] SRAT: PXM 0 -> APIC 0x001d -> Node 0
[    0.014778] SRAT: PXM 0 -> APIC 0x001e -> Node 0
[    0.014778] SRAT: PXM 0 -> APIC 0x001f -> Node 0
[    0.014779] SRAT: PXM 0 -> APIC 0x0020 -> Node 0
[    0.014779] SRAT: PXM 0 -> APIC 0x0021 -> Node 0
[    0.014780] SRAT: PXM 0 -> APIC 0x0022 -> Node 0
[    0.014780] SRAT: PXM 0 -> APIC 0x0023 -> Node 0
[    0.014780] SRAT: PXM 0 -> APIC 0x0024 -> Node 0
[    0.014781] SRAT: PXM 0 -> APIC 0x0025 -> Node 0
[    0.014781] SRAT: PXM 0 -> APIC 0x0026 -> Node 0
[    0.014782] SRAT: PXM 0 -> APIC 0x0027 -> Node 0
[    0.014782] SRAT: PXM 0 -> APIC 0x0028 -> Node 0
[    0.014782] SRAT: PXM 0 -> APIC 0x0029 -> Node 0
[    0.014783] SRAT: PXM 0 -> APIC 0x002a -> Node 0
[    0.014783] SRAT: PXM 0 -> APIC 0x002b -> Node 0
[    0.014784] SRAT: PXM 0 -> APIC 0x002c -> Node 0
[    0.014784] SRAT: PXM 0 -> APIC 0x002d -> Node 0
[    0.014784] SRAT: PXM 0 -> APIC 0x002e -> Node 0
[    0.014785] SRAT: PXM 0 -> APIC 0x002f -> Node 0
[    0.014785] SRAT: PXM 0 -> APIC 0x0030 -> Node 0
[    0.014786] SRAT: PXM 0 -> APIC 0x0031 -> Node 0
[    0.014786] SRAT: PXM 0 -> APIC 0x0032 -> Node 0
[    0.014786] SRAT: PXM 0 -> APIC 0x0033 -> Node 0
[    0.014787] SRAT: PXM 0 -> APIC 0x0034 -> Node 0
[    0.014787] SRAT: PXM 0 -> APIC 0x0035 -> Node 0
[    0.014788] SRAT: PXM 0 -> APIC 0x0036 -> Node 0
[    0.014788] SRAT: PXM 0 -> APIC 0x0037 -> Node 0
[    0.014789] SRAT: PXM 1 -> APIC 0x0080 -> Node 1
[    0.014789] SRAT: PXM 1 -> APIC 0x0081 -> Node 1
[    0.014789] SRAT: PXM 1 -> APIC 0x0082 -> Node 1
[    0.014790] SRAT: PXM 1 -> APIC 0x0083 -> Node 1
[    0.014790] SRAT: PXM 1 -> APIC 0x0084 -> Node 1
[    0.014791] SRAT: PXM 1 -> APIC 0x0085 -> Node 1
[    0.014791] SRAT: PXM 1 -> APIC 0x0086 -> Node 1
[    0.014792] SRAT: PXM 1 -> APIC 0x0087 -> Node 1
[    0.014792] SRAT: PXM 1 -> APIC 0x0088 -> Node 1
[    0.014792] SRAT: PXM 1 -> APIC 0x0089 -> Node 1
[    0.014793] SRAT: PXM 1 -> APIC 0x008a -> Node 1
[    0.014793] SRAT: PXM 1 -> APIC 0x008b -> Node 1
[    0.014794] SRAT: PXM 1 -> APIC 0x008c -> Node 1
[    0.014794] SRAT: PXM 1 -> APIC 0x008d -> Node 1
[    0.014794] SRAT: PXM 1 -> APIC 0x008e -> Node 1
[    0.014795] SRAT: PXM 1 -> APIC 0x008f -> Node 1
[    0.014795] SRAT: PXM 1 -> APIC 0x0090 -> Node 1
[    0.014796] SRAT: PXM 1 -> APIC 0x0091 -> Node 1
[    0.014796] SRAT: PXM 1 -> APIC 0x0092 -> Node 1
[    0.014797] SRAT: PXM 1 -> APIC 0x0093 -> Node 1
[    0.014797] SRAT: PXM 1 -> APIC 0x0094 -> Node 1
[    0.014797] SRAT: PXM 1 -> APIC 0x0095 -> Node 1
[    0.014798] SRAT: PXM 1 -> APIC 0x0096 -> Node 1
[    0.014798] SRAT: PXM 1 -> APIC 0x0097 -> Node 1
[    0.014799] SRAT: PXM 1 -> APIC 0x0098 -> Node 1
[    0.014799] SRAT: PXM 1 -> APIC 0x0099 -> Node 1
[    0.014799] SRAT: PXM 1 -> APIC 0x009a -> Node 1
[    0.014800] SRAT: PXM 1 -> APIC 0x009b -> Node 1
[    0.014800] SRAT: PXM 1 -> APIC 0x009c -> Node 1
[    0.014801] SRAT: PXM 1 -> APIC 0x009d -> Node 1
[    0.014801] SRAT: PXM 1 -> APIC 0x009e -> Node 1
[    0.014801] SRAT: PXM 1 -> APIC 0x009f -> Node 1
[    0.014802] SRAT: PXM 1 -> APIC 0x00a0 -> Node 1
[    0.014802] SRAT: PXM 1 -> APIC 0x00a1 -> Node 1
[    0.014803] SRAT: PXM 1 -> APIC 0x00a2 -> Node 1
[    0.014803] SRAT: PXM 1 -> APIC 0x00a3 -> Node 1
[    0.014804] SRAT: PXM 1 -> APIC 0x00a4 -> Node 1
[    0.014804] SRAT: PXM 1 -> APIC 0x00a5 -> Node 1
[    0.014804] SRAT: PXM 1 -> APIC 0x00a6 -> Node 1
[    0.014805] SRAT: PXM 1 -> APIC 0x00a7 -> Node 1
[    0.014805] SRAT: PXM 1 -> APIC 0x00a8 -> Node 1
[    0.014806] SRAT: PXM 1 -> APIC 0x00a9 -> Node 1
[    0.014806] SRAT: PXM 1 -> APIC 0x00aa -> Node 1
[    0.014806] SRAT: PXM 1 -> APIC 0x00ab -> Node 1
[    0.014807] SRAT: PXM 1 -> APIC 0x00ac -> Node 1
[    0.014807] SRAT: PXM 1 -> APIC 0x00ad -> Node 1
[    0.014808] SRAT: PXM 1 -> APIC 0x00ae -> Node 1
[    0.014808] SRAT: PXM 1 -> APIC 0x00af -> Node 1
[    0.014809] SRAT: PXM 1 -> APIC 0x00b0 -> Node 1
[    0.014809] SRAT: PXM 1 -> APIC 0x00b1 -> Node 1
[    0.014809] SRAT: PXM 1 -> APIC 0x00b2 -> Node 1
[    0.014810] SRAT: PXM 1 -> APIC 0x00b3 -> Node 1
[    0.014810] SRAT: PXM 1 -> APIC 0x00b4 -> Node 1
[    0.014811] SRAT: PXM 1 -> APIC 0x00b5 -> Node 1
[    0.014811] SRAT: PXM 1 -> APIC 0x00b6 -> Node 1
[    0.014811] SRAT: PXM 1 -> APIC 0x00b7 -> Node 1
[    0.014824] ACPI: SRAT: Node 0 PXM 0 [mem 0x00000000-0x7fffffff]
[    0.014825] ACPI: SRAT: Node 0 PXM 0 [mem 0x100000000-0x107fffffff]
[    0.014826] ACPI: SRAT: Node 2 PXM 2 [mem 0x2080000000-0x9e7fffffff] non-volatile
[    0.014826] ACPI: SRAT: Node 1 PXM 1 [mem 0x1080000000-0x207fffffff]
[    0.014827] ACPI: SRAT: Node 3 PXM 3 [mem 0x9e80000000-0x11c7fffffff] non-volatile
[    0.014836] NUMA: Initialized distance table, cnt=4
[    0.014838] NUMA: Node 0 [mem 0x00000000-0x7fffffff] + [mem 0x100000000-0x107fffffff] -> [mem 0x00000000-0x107fffffff]
[    0.014846] NODE_DATA(0) allocated [mem 0xffffd5000-0xfffffffff]
[    0.014863] NODE_DATA(1) allocated [mem 0x20658f1000-0x206591bfff]
[    0.015028] Zone ranges:
[    0.015029]   DMA      [mem 0x0000000000001000-0x0000000000ffffff]
[    0.015030]   DMA32    [mem 0x0000000001000000-0x00000000ffffffff]
[    0.015030]   Normal   [mem 0x0000000100000000-0x000000207fffffff]
[    0.015031]   Device   empty
[    0.015032] Movable zone start for each node
[    0.015035] Early memory node ranges
[    0.015036]   node   0: [mem 0x0000000000001000-0x000000000008efff]
[    0.015036]   node   0: [mem 0x0000000000090000-0x000000000009ffff]
[    0.015037]   node   0: [mem 0x0000000000100000-0x0000000049e76fff]
[    0.015038]   node   0: [mem 0x000000004ae77000-0x000000004b2cefff]
[    0.015038]   node   0: [mem 0x000000004b54e000-0x000000004bd93fff]
[    0.015039]   node   0: [mem 0x000000004be9a000-0x000000004cdfffff]
[    0.015039]   node   0: [mem 0x000000004d000000-0x000000005eefdfff]
[    0.015040]   node   0: [mem 0x000000006f7ff000-0x000000006f7fffff]
[    0.015040]   node   0: [mem 0x000000083fa00000-0x0000000fffffffff]
[    0.015042]   node   1: [mem 0x0000001ec0000000-0x000000207fffffff]
[    0.015724] Zeroed struct page in unavailable ranges: 73960 pages
[    0.015726] Initmem setup node 0 [mem 0x0000000000001000-0x0000000fffffffff]
[    0.015727] On node 0 totalpages: 8511256
[    0.015728]   DMA zone: 64 pages used for memmap
[    0.015728]   DMA zone: 1102 pages reserved
[    0.015729]   DMA zone: 3998 pages, LIFO batch:0
[    0.015770]   DMA32 zone: 5926 pages used for memmap
[    0.015771]   DMA32 zone: 379258 pages, LIFO batch:63
[    0.021607]   Normal zone: 127000 pages used for memmap
[    0.021608]   Normal zone: 8128000 pages, LIFO batch:63
[    0.116481] Initmem setup node 1 [mem 0x0000001ec0000000-0x000000207fffffff]
[    0.116484] On node 1 totalpages: 1835008
[    0.116485]   Normal zone: 28672 pages used for memmap
[    0.116486]   Normal zone: 1835008 pages, LIFO batch:63
[    0.136553] ACPI: PM-Timer IO Port: 0x508
[    0.136557] ACPI: Local APIC address 0xfee00000
[    0.136574] ACPI: X2APIC_NMI (uid[0xffffffff] high edge lint[0x1])
[    0.136577] ACPI: LAPIC_NMI (acpi_id[0xff] high edge lint[0x1])
[    0.136596] IOAPIC[0]: apic_id 8, version 32, address 0xfec00000, GSI 0-119
[    0.136598] ACPI: INT_SRC_OVR (bus 0 bus_irq 0 global_irq 2 dfl dfl)
[    0.136600] ACPI: INT_SRC_OVR (bus 0 bus_irq 9 global_irq 9 high level)
[    0.136601] ACPI: IRQ0 used by override.
[    0.136602] ACPI: IRQ9 used by override.
[    0.136605] Using ACPI (MADT) for SMP configuration information
[    0.136607] ACPI: HPET id: 0x8086a701 base: 0xfed00000
[    0.136612] smpboot: Allowing 112 CPUs, 0 hotplug CPUs
[    0.136638] PM: Registered nosave memory: [mem 0x00000000-0x00000fff]
[    0.136640] PM: Registered nosave memory: [mem 0x0008f000-0x0008ffff]
[    0.136641] PM: Registered nosave memory: [mem 0x000a0000-0x000fffff]
[    0.136643] PM: Registered nosave memory: [mem 0x47bdd000-0x47bddfff]
[    0.136644] PM: Registered nosave memory: [mem 0x47c0e000-0x47c0efff]
[    0.136645] PM: Registered nosave memory: [mem 0x47c0f000-0x47c0ffff]
[    0.136646] PM: Registered nosave memory: [mem 0x47c41000-0x47c41fff]
[    0.136646] PM: Registered nosave memory: [mem 0x47c42000-0x47c42fff]
[    0.136648] PM: Registered nosave memory: [mem 0x47c74000-0x47c74fff]
[    0.136648] PM: Registered nosave memory: [mem 0x47c75000-0x47c75fff]
[    0.136650] PM: Registered nosave memory: [mem 0x47c7d000-0x47c7dfff]
[    0.136651] PM: Registered nosave memory: [mem 0x49e77000-0x4ae76fff]
[    0.136653] PM: Registered nosave memory: [mem 0x4b2cf000-0x4b54dfff]
[    0.136654] PM: Registered nosave memory: [mem 0x4bd94000-0x4be99fff]
[    0.136656] PM: Registered nosave memory: [mem 0x4ce00000-0x4cffffff]
[    0.136657] PM: Registered nosave memory: [mem 0x5eefe000-0x6e3fefff]
[    0.136658] PM: Registered nosave memory: [mem 0x6e3ff000-0x6f3fefff]
[    0.136658] PM: Registered nosave memory: [mem 0x6f3ff000-0x6f7fefff]
[    0.136659] PM: Registered nosave memory: [mem 0x6f800000-0x8fffffff]
[    0.136660] PM: Registered nosave memory: [mem 0x90000000-0xfdffffff]
[    0.136660] PM: Registered nosave memory: [mem 0xfe000000-0xfe010fff]
[    0.136661] PM: Registered nosave memory: [mem 0xfe011000-0xffffffff]
[    0.136661] PM: Registered nosave memory: [mem 0x100000000-0x83f9fffff]
[    0.136663] PM: Registered nosave memory: [mem 0x1000000000-0x1ebfffffff]
[    0.136664] [mem 0x90000000-0xfdffffff] available for PCI devices
[    0.136666] Booting paravirtualized kernel on bare hardware
[    0.136669] clocksource: refined-jiffies: mask: 0xffffffff max_cycles: 0xffffffff, max_idle_ns: 7645519600211568 ns
[    0.136676] setup_percpu: NR_CPUS:8192 nr_cpumask_bits:112 nr_cpu_ids:112 nr_node_ids:4
[    0.141335] percpu: Embedded 55 pages/cpu s188416 r8192 d28672 u262144
[    0.141346] pcpu-alloc: s188416 r8192 d28672 u262144 alloc=1*2097152
[    0.141347] pcpu-alloc: [0] 000 002 004 006 008 010 012 014 
[    0.141350] pcpu-alloc: [0] 016 018 020 022 024 026 028 030 
[    0.141351] pcpu-alloc: [0] 032 034 036 038 040 042 044 046 
[    0.141353] pcpu-alloc: [0] 048 050 052 054 056 058 060 062 
[    0.141354] pcpu-alloc: [0] 064 066 068 070 072 074 076 078 
[    0.141355] pcpu-alloc: [0] 080 082 084 086 088 090 092 094 
[    0.141357] pcpu-alloc: [0] 096 098 100 102 104 106 108 110 
[    0.141358] pcpu-alloc: [1] 001 003 005 007 009 011 013 015 
[    0.141360] pcpu-alloc: [1] 017 019 021 023 025 027 029 031 
[    0.141361] pcpu-alloc: [1] 033 035 037 039 041 043 045 047 
[    0.141362] pcpu-alloc: [1] 049 051 053 055 057 059 061 063 
[    0.141364] pcpu-alloc: [1] 065 067 069 071 073 075 077 079 
[    0.141365] pcpu-alloc: [1] 081 083 085 087 089 091 093 095 
[    0.141367] pcpu-alloc: [1] 097 099 101 103 105 107 109 111 
[    0.141412] Built 2 zonelists, mobility grouping on.  Total pages: 10183500
[    0.141413] Policy zone: Normal
[    0.141415] Kernel command line: BOOT_IMAGE=/boot/vmlinuz-5.3.1-multiclock root=UUID=ce0c24b8-724b-4f33-9b2c-618433560aef ro memmap=29690M!4096M memmap=59G!64G quiet splash nomodeset vt.handoff=1
[    0.141528] You have booted with nomodeset. This means your GPU drivers are DISABLED
[    0.141528] Any video related functionality will be severely degraded, and you may not even be able to suspend the system properly
[    0.141529] Unless you actually understand what nomodeset does, you should reboot without enabling it
[    0.141546] printk: log_buf_len individual max cpu contribution: 4096 bytes
[    0.141546] printk: log_buf_len total cpu_extra contributions: 454656 bytes
[    0.141547] printk: log_buf_len min size: 262144 bytes
[    0.141708] printk: log_buf_len: 1048576 bytes
[    0.141709] printk: early log buf free: 221788(84%)
[    0.143215] mem auto-init: stack:off, heap alloc:on, heap free:off
[    0.149179] Calgary: detecting Calgary via BIOS EBDA area
[    0.149180] Calgary: Unable to locate Rio Grande table in EBDA - bailing!
[    0.234866] Memory: 40047400K/41385056K available (14339K kernel code, 2373K rwdata, 4660K rodata, 2680K init, 5056K bss, 1337656K reserved, 0K cma-reserved)
[    0.235506] SLUB: HWalign=64, Order=0-3, MinObjects=0, CPUs=112, Nodes=4
[    0.235532] ftrace: allocating 43047 entries in 169 pages
[    0.252444] rcu: Hierarchical RCU implementation.
[    0.252445] rcu: 	RCU restricting CPUs from NR_CPUS=8192 to nr_cpu_ids=112.
[    0.252446] 	Tasks RCU enabled.
[    0.252447] rcu: RCU calculated value of scheduler-enlistment delay is 25 jiffies.
[    0.252448] rcu: Adjusting geometry for rcu_fanout_leaf=16, nr_cpu_ids=112
[    0.255106] NR_IRQS: 524544, nr_irqs: 2952, preallocated irqs: 16
[    0.255505] random: crng done (trusting CPU's manufacturer)
[    0.255680] Console: colour dummy device 80x25
[    0.255695] printk: console [tty0] enabled
[    0.255785] mempolicy: Enabling automatic NUMA balancing. Configure with numa_balancing= or the kernel.numa_balancing sysctl
[    0.255788] ACPI: Core revision 20190703
[    0.259221] clocksource: hpet: mask: 0xffffffff max_cycles: 0xffffffff, max_idle_ns: 79635855245 ns
[    0.259266] APIC: Switch to symmetric I/O mode setup
[    0.259268] DMAR: Host address width 46
[    0.259269] DMAR: DRHD base: 0x000000d0ffc000 flags: 0x0
[    0.259274] DMAR: dmar0: reg_base_addr d0ffc000 ver 4:0 cap 8ed008c40780466 ecap 60000f050df
[    0.259275] DMAR: DRHD base: 0x000000dbbfc000 flags: 0x0
[    0.259278] DMAR: dmar1: reg_base_addr dbbfc000 ver 4:0 cap 8ed008c40780466 ecap 60000f050df
[    0.259279] DMAR: DRHD base: 0x000000e67fc000 flags: 0x0
[    0.259282] DMAR: dmar2: reg_base_addr e67fc000 ver 4:0 cap 8ed008c40780466 ecap 60000f050df
[    0.259283] DMAR: DRHD base: 0x000000f13fc000 flags: 0x0
[    0.259286] DMAR: dmar3: reg_base_addr f13fc000 ver 4:0 cap 8ed008c40780466 ecap 60000f050df
[    0.259287] DMAR: DRHD base: 0x000000fb7fc000 flags: 0x0
[    0.259290] DMAR: dmar4: reg_base_addr fb7fc000 ver 4:0 cap 8ed008c40780466 ecap 60000f050df
[    0.259290] DMAR: DRHD base: 0x000000a63fc000 flags: 0x0
[    0.259293] DMAR: dmar5: reg_base_addr a63fc000 ver 4:0 cap 8ed008c40780466 ecap 60000f050df
[    0.259294] DMAR: DRHD base: 0x000000b0ffc000 flags: 0x0
[    0.259296] DMAR: dmar6: reg_base_addr b0ffc000 ver 4:0 cap 8ed008c40780466 ecap 60000f050df
[    0.259297] DMAR: DRHD base: 0x000000bbbfc000 flags: 0x0
[    0.259301] DMAR: dmar7: reg_base_addr bbbfc000 ver 4:0 cap 8ed008c40780466 ecap 60000f050df
[    0.259302] DMAR: DRHD base: 0x000000c5ffc000 flags: 0x0
[    0.259305] DMAR: dmar8: reg_base_addr c5ffc000 ver 4:0 cap 8ed008c40780466 ecap 60000f050df
[    0.259305] DMAR: DRHD base: 0x0000009b7fc000 flags: 0x1
[    0.259308] DMAR: dmar9: reg_base_addr 9b7fc000 ver 4:0 cap 8ed008c40780466 ecap 60000f050df
[    0.259309] DMAR: RMRR base: 0x00000069427000 end: 0x00000069429fff
[    0.259310] DMAR: ATSR flags: 0x0
[    0.259312] DMAR-IR: IOAPIC id 8 under DRHD base  0x9b7fc000 IOMMU 9
[    0.259312] DMAR-IR: HPET id 0 under DRHD base 0x9b7fc000
[    0.259313] DMAR-IR: Queued invalidation will be enabled to support x2apic and Intr-remapping.
[    0.261747] DMAR-IR: Enabled IRQ remapping in x2apic mode
[    0.264388] ..TIMER: vector=0x30 apic1=0 pin1=2 apic2=-1 pin2=-1
[    0.283192] clocksource: tsc-early: mask: 0xffffffffffffffff max_cycles: 0x39a85c9bff6, max_idle_ns: 881590591483 ns
[    0.283196] Calibrating delay loop (skipped), value calculated using timer frequency.. 4000.00 BogoMIPS (lpj=8000000)
[    0.283198] pid_max: default: 114688 minimum: 896
[    0.287158] LSM: Security Framework initializing
[    0.287175] Yama: becoming mindful.
[    0.287570] AppArmor: AppArmor initialized
[    0.296833] Dentry cache hash table entries: 8388608 (order: 14, 67108864 bytes, vmalloc)
[    0.301495] Inode-cache hash table entries: 4194304 (order: 13, 33554432 bytes, vmalloc)
[    0.301701] Mount-cache hash table entries: 131072 (order: 8, 1048576 bytes, vmalloc)
[    0.301850] Mountpoint-cache hash table entries: 131072 (order: 8, 1048576 bytes, vmalloc)
[    0.302160] *** VALIDATE proc ***
[    0.302404] *** VALIDATE cgroup1 ***
[    0.302406] *** VALIDATE cgroup2 ***
[    0.302527] x86/tme: not enabled by BIOS
[    0.302530] x86/cpu: User Mode Instruction Prevention (UMIP) activated
[    0.302608] mce: CPU0: Thermal monitoring enabled (TM1)
[    0.302818] process: using mwait in idle threads
[    0.302820] Last level iTLB entries: 4KB 0, 2MB 0, 4MB 0
[    0.302821] Last level dTLB entries: 4KB 0, 2MB 0, 4MB 0, 1GB 0
[    0.302824] Spectre V1 : Mitigation: usercopy/swapgs barriers and __user pointer sanitization
[    0.302826] Spectre V2 : Mitigation: Enhanced IBRS
[    0.302826] Spectre V2 : Spectre v2 / SpectreRSB mitigation: Filling RSB on context switch
[    0.302828] Spectre V2 : mitigation: Enabling conditional Indirect Branch Prediction Barrier
[    0.302829] Speculative Store Bypass: Mitigation: Speculative Store Bypass disabled via prctl and seccomp
[    0.303129] Freeing SMP alternatives memory: 40K
[    0.307356] TSC deadline timer enabled
[    0.307365] smpboot: CPU0: Intel(R) Xeon(R) Gold 6330 CPU @ 2.00GHz (family: 0x6, model: 0x6a, stepping: 0x6)
[    0.307560] Performance Events: PEBS fmt4+-baseline, Icelake events, 32-deep LBR, full-width counters, Intel PMU driver.
[    0.307566] ... version:                5
[    0.307567] ... bit width:              48
[    0.307567] ... generic registers:      8
[    0.307568] ... value mask:             0000ffffffffffff
[    0.307568] ... max period:             00007fffffffffff
[    0.307569] ... fixed-purpose events:   4
[    0.307569] ... event mask:             0000000f000000ff
[    0.307680] rcu: Hierarchical SRCU implementation.
[    0.314914] NMI watchdog: Enabled. Permanently consumes one hw-PMU counter.
[    0.316200] smp: Bringing up secondary CPUs ...
[    0.316321] x86: Booting SMP configuration:
[    0.316322] .... node  #1, CPUs:          #1
[    0.003751] smpboot: CPU 1 Converting physical 0 to logical die 1
[    0.403304] .... node  #0, CPUs:     #2
[    0.408650] .... node  #1, CPUs:     #3
[    0.414054] .... node  #0, CPUs:     #4
[    0.419398] .... node  #1, CPUs:     #5
[    0.424753] .... node  #0, CPUs:     #6
[    0.430292] .... node  #1, CPUs:     #7
[    0.435860] .... node  #0, CPUs:     #8
[    0.441108] .... node  #1, CPUs:     #9
[    0.446820] .... node  #0, CPUs:    #10
[    0.452506] .... node  #1, CPUs:    #11
[    0.458212] .... node  #0, CPUs:    #12
[    0.463697] .... node  #1, CPUs:    #13
[    0.469025] .... node  #0, CPUs:    #14
[    0.474238] .... node  #1, CPUs:    #15
[    0.479535] .... node  #0, CPUs:    #16
[    0.484767] .... node  #1, CPUs:    #17
[    0.490057] .... node  #0, CPUs:    #18
[    0.495368] .... node  #1, CPUs:    #19
[    0.500902] .... node  #0, CPUs:    #20
[    0.506089] .... node  #1, CPUs:    #21
[    0.511675] .... node  #0, CPUs:    #22
[    0.517077] .... node  #1, CPUs:    #23
[    0.522332] .... node  #0, CPUs:    #24
[    0.527923] .... node  #1, CPUs:    #25
[    0.533238] .... node  #0, CPUs:    #26
[    0.538417] .... node  #1, CPUs:    #27
[    0.543695] .... node  #0, CPUs:    #28
[    0.549157] .... node  #1, CPUs:    #29
[    0.554428] .... node  #0, CPUs:    #30
[    0.559608] .... node  #1, CPUs:    #31
[    0.565063] .... node  #0, CPUs:    #32
[    0.570323] .... node  #1, CPUs:    #33
[    0.575655] .... node  #0, CPUs:    #34
[    0.581066] .... node  #1, CPUs:    #35
[    0.586364] .... node  #0, CPUs:    #36
[    0.591548] .... node  #1, CPUs:    #37
[    0.596837] .... node  #0, CPUs:    #38
[    0.602357] .... node  #1, CPUs:    #39
[    0.607870] .... node  #0, CPUs:    #40
[    0.613431] .... node  #1, CPUs:    #41
[    0.619306] .... node  #0, CPUs:    #42
[    0.624429] .... node  #1, CPUs:    #43
[    0.630057] .... node  #0, CPUs:    #44
[    0.635377] .... node  #1, CPUs:    #45
[    0.640821] .... node  #0, CPUs:    #46
[    0.646329] .... node  #1, CPUs:    #47
[    0.651759] .... node  #0, CPUs:    #48
[    0.657050] .... node  #1, CPUs:    #49
[    0.662465] .... node  #0, CPUs:    #50
[    0.667906] .... node  #1, CPUs:    #51
[    0.673527] .... node  #0, CPUs:    #52
[    0.679216] .... node  #1, CPUs:    #53
[    0.684531] .... node  #0, CPUs:    #54
[    0.690197] .... node  #1, CPUs:    #55
[    0.695970] .... node  #0, CPUs:    #56
[    0.701439] .... node  #1, CPUs:    #57
[    0.707309] .... node  #0, CPUs:    #58
[    0.712688] .... node  #1, CPUs:    #59
[    0.718109] .... node  #0, CPUs:    #60
[    0.723454] .... node  #1, CPUs:    #61
[    0.728827] .... node  #0, CPUs:    #62
[    0.734386] .... node  #1, CPUs:    #63
[    0.739957] .... node  #0, CPUs:    #64
[    0.745231] .... node  #1, CPUs:    #65
[    0.750967] .... node  #0, CPUs:    #66
[    0.756654] .... node  #1, CPUs:    #67
[    0.762393] .... node  #0, CPUs:    #68
[    0.767885] .... node  #1, CPUs:    #69
[    0.773228] .... node  #0, CPUs:    #70
[    0.778430] .... node  #1, CPUs:    #71
[    0.783746] .... node  #0, CPUs:    #72
[    0.788991] .... node  #1, CPUs:    #73
[    0.794299] .... node  #0, CPUs:    #74
[    0.799533] .... node  #1, CPUs:    #75
[    0.805170] .... node  #0, CPUs:    #76
[    0.810389] .... node  #1, CPUs:    #77
[    0.815989] .... node  #0, CPUs:    #78
[    0.821400] .... node  #1, CPUs:    #79
[    0.826682] .... node  #0, CPUs:    #80
[    0.832292] .... node  #1, CPUs:    #81
[    0.837625] .... node  #0, CPUs:    #82
[    0.842819] .... node  #1, CPUs:    #83
[    0.848123] .... node  #0, CPUs:    #84
[    0.853613] .... node  #1, CPUs:    #85
[    0.858897] .... node  #0, CPUs:    #86
[    0.864100] .... node  #1, CPUs:    #87
[    0.869575] .... node  #0, CPUs:    #88
[    0.874845] .... node  #1, CPUs:    #89
[    0.880208] .... node  #0, CPUs:    #90
[    0.885627] .... node  #1, CPUs:    #91
[    0.890930] .... node  #0, CPUs:    #92
[    0.896128] .... node  #1, CPUs:    #93
[    0.901431] .... node  #0, CPUs:    #94
[    0.907241] .... node  #1, CPUs:    #95
[    0.912492] .... node  #0, CPUs:    #96
[    0.918082] .... node  #1, CPUs:    #97
[    0.923821] .... node  #0, CPUs:    #98
[    0.929115] .... node  #1, CPUs:    #99
[    0.934760] .... node  #0, CPUs:   #100
[    0.940101] .... node  #1, CPUs:   #101
[    0.945555] .... node  #0, CPUs:   #102
[    0.951343] .... node  #1, CPUs:   #103
[    0.956523] .... node  #0, CPUs:   #104
[    0.961847] .... node  #1, CPUs:   #105
[    0.967297] .... node  #0, CPUs:   #106
[    0.972714] .... node  #1, CPUs:   #107
[    0.978365] .... node  #0, CPUs:   #108
[    0.983798] .... node  #1, CPUs:   #109
[    0.989387] .... node  #0, CPUs:   #110
[    0.995333] .... node  #1, CPUs:   #111
[    1.000853] smp: Brought up 2 nodes, 112 CPUs
[    1.000853] smpboot: Max logical packages: 2
[    1.000853] smpboot: Total of 112 processors activated (448064.87 BogoMIPS)
[    1.010046] devtmpfs: initialized
[    1.010046] x86/mm: Memory block size: 2048MB
[    1.010046] PM: Registering ACPI NVS region [mem 0x49e77000-0x4ae76fff] (16777216 bytes)
[    1.010046] PM: Registering ACPI NVS region [mem 0x6e3ff000-0x6f3fefff] (16777216 bytes)
[    1.011218] clocksource: jiffies: mask: 0xffffffff max_cycles: 0xffffffff, max_idle_ns: 7645041785100000 ns
[    1.011516] futex hash table entries: 32768 (order: 9, 2097152 bytes, vmalloc)
[    1.012112] pinctrl core: initialized pinctrl subsystem
[    1.012243] PM: RTC time: 04:32:15, date: 2024-05-17
[    1.012506] NET: Registered protocol family 16
[    1.012615] audit: initializing netlink subsys (disabled)
[    1.012620] audit: type=2000 audit(1715920334.756:1): state=initialized audit_enabled=0 res=1
[    1.012620] EISA bus registered
[    1.012620] cpuidle: using governor ladder
[    1.012620] cpuidle: using governor menu
[    1.012620] ACPI FADT declares the system doesn't support PCIe ASPM, so disable it
[    1.012620] ACPI: bus type PCI registered
[    1.012620] acpiphp: ACPI Hot Plug PCI Controller Driver version: 0.5
[    1.012620] PCI: MMCONFIG for domain 0000 [bus 00-ff] at [mem 0x80000000-0x8fffffff] (base 0x80000000)
[    1.012620] PCI: MMCONFIG at [mem 0x80000000-0x8fffffff] reserved in E820
[    1.012620] pmd_set_huge: Cannot satisfy [mem 0x80000000-0x80200000] with a huge-page mapping due to MTRR override.
[    1.012620] PCI: Using configuration type 1 for base access
[    1.012620] PCI: Dell System detected, enabling pci=bfsort.
[    1.015205] ENERGY_PERF_BIAS: Set to 'normal', was 'performance'
[    1.019488] HugeTLB registered 1.00 GiB page size, pre-allocated 0 pages
[    1.019488] HugeTLB registered 2.00 MiB page size, pre-allocated 0 pages
[    1.023603] ACPI: Added _OSI(Module Device)
[    1.023603] ACPI: Added _OSI(Processor Device)
[    1.023604] ACPI: Added _OSI(3.0 _SCP Extensions)
[    1.023605] ACPI: Added _OSI(Processor Aggregator Device)
[    1.023606] ACPI: Added _OSI(Linux-Dell-Video)
[    1.023607] ACPI: Added _OSI(Linux-Lenovo-NV-HDMI-Audio)
[    1.023607] ACPI: Added _OSI(Linux-HPI-Hybrid-Graphics)
[    1.188507] ACPI: 8 ACPI AML tables successfully acquired and loaded
[    1.195644] ACPI: [Firmware Bug]: BIOS _OSI(Linux) query ignored
[    1.202247] ACPI: Dynamic OEM Table Load:
[    1.595289] ACPI: Interpreter enabled
[    1.595310] ACPI: (supports S0 S5)
[    1.595311] ACPI: Using IOAPIC for interrupt routing
[    1.595400] HEST: Table parsing has been initialized.
[    1.595403] PCI: Using host bridge windows from ACPI; if necessary, use "pci=nocrs" and report a bug
[    1.624552] ACPI: Enabled 4 GPEs in block 00 to 7F
[    1.748945] ACPI: PCI Root Bridge [PC00] (domain 0000 [bus 00-15])
[    1.748949] acpi PNP0A08:00: _OSC: OS supports [ExtendedConfig ASPM ClockPM Segments MSI HPX-Type3]
[    1.749027] acpi PNP0A08:00: PCIe AER handled by firmware
[    1.749138] acpi PNP0A08:00: _OSC: platform does not support [SHPCHotplug LTR]
[    1.749344] acpi PNP0A08:00: _OSC: OS now controls [PCIeHotplug PME PCIeCapability]
[    1.749344] acpi PNP0A08:00: FADT indicates ASPM is unsupported, using BIOS configuration
[    1.751134] PCI host bridge to bus 0000:00
[    1.751136] pci_bus 0000:00: root bus resource [io  0x0000-0x0cf7 window]
[    1.751137] pci_bus 0000:00: root bus resource [io  0x1000-0x4fff window]
[    1.751138] pci_bus 0000:00: root bus resource [mem 0x000a0000-0x000bffff window]
[    1.751139] pci_bus 0000:00: root bus resource [mem 0x000c8000-0x000cffff window]
[    1.751139] pci_bus 0000:00: root bus resource [mem 0xfe010000-0xfe010fff window]
[    1.751140] pci_bus 0000:00: root bus resource [mem 0x90000000-0x9b7fffff window]
[    1.751141] pci_bus 0000:00: root bus resource [mem 0x200000000000-0x20ffffffffff window]
[    1.751142] pci_bus 0000:00: root bus resource [bus 00-15]
[    1.751152] pci 0000:00:00.0: [8086:09a2] type 00 class 0x088000
[    1.751885] pci 0000:00:00.1: [8086:09a4] type 00 class 0x088000
[    1.752594] pci 0000:00:00.2: [8086:09a3] type 00 class 0x088000
[    1.753301] pci 0000:00:00.4: [8086:0998] type 00 class 0x060000
[    1.754009] pci 0000:00:02.0: [8086:09a6] type 00 class 0x088000
[    1.754019] pci 0000:00:02.0: reg 0x10: [mem 0x92dfc000-0x92dfdfff]
[    1.754719] pci 0000:00:02.1: [8086:09a7] type 00 class 0x088000
[    1.754728] pci 0000:00:02.1: reg 0x10: [mem 0x92d00000-0x92d7ffff]
[    1.754733] pci 0000:00:02.1: reg 0x14: [mem 0x92c80000-0x92cfffff]
[    1.755435] pci 0000:00:02.4: [8086:3456] type 00 class 0x130000
[    1.755446] pci 0000:00:02.4: reg 0x10: [mem 0x92a00000-0x92afffff 64bit]
[    1.755452] pci 0000:00:02.4: reg 0x18: [mem 0x92df0000-0x92df3fff 64bit]
[    1.755458] pci 0000:00:02.4: reg 0x20: [mem 0x92dc0000-0x92ddffff 64bit]
[    1.756174] pci 0000:00:11.0: [8086:a1ec] type 00 class 0xff0000
[    1.756948] pci 0000:00:11.5: [8086:a1d2] type 00 class 0x010601
[    1.756965] pci 0000:00:11.5: reg 0x10: [mem 0x92dfa000-0x92dfbfff]
[    1.756972] pci 0000:00:11.5: reg 0x14: [mem 0x92e05000-0x92e050ff]
[    1.756980] pci 0000:00:11.5: reg 0x18: [io  0x2068-0x206f]
[    1.756987] pci 0000:00:11.5: reg 0x1c: [io  0x2074-0x2077]
[    1.756994] pci 0000:00:11.5: reg 0x20: [io  0x2040-0x205f]
[    1.757001] pci 0000:00:11.5: reg 0x24: [mem 0x92b80000-0x92bfffff]
[    1.757039] pci 0000:00:11.5: PME# supported from D3hot
[    1.757759] pci 0000:00:14.0: [8086:a1af] type 00 class 0x0c0330
[    1.757780] pci 0000:00:14.0: reg 0x10: [mem 0x92de0000-0x92deffff 64bit]
[    1.757844] pci 0000:00:14.0: PME# supported from D3hot D3cold
[    1.758562] pci 0000:00:14.2: [8086:a1b1] type 00 class 0x118000
[    1.758583] pci 0000:00:14.2: reg 0x10: [mem 0x92e02000-0x92e02fff 64bit]
[    1.759331] pci 0000:00:16.0: [8086:a1ba] type 00 class 0x078000
[    1.759360] pci 0000:00:16.0: reg 0x10: [mem 0x92e01000-0x92e01fff 64bit]
[    1.759445] pci 0000:00:16.0: PME# supported from D3hot
[    1.760133] pci 0000:00:16.1: [8086:a1bb] type 00 class 0x078000
[    1.760161] pci 0000:00:16.1: reg 0x10: [mem 0x92e00000-0x92e00fff 64bit]
[    1.760246] pci 0000:00:16.1: PME# supported from D3hot
[    1.760936] pci 0000:00:16.4: [8086:a1be] type 00 class 0x078000
[    1.760964] pci 0000:00:16.4: reg 0x10: [mem 0x92dff000-0x92dfffff 64bit]
[    1.761048] pci 0000:00:16.4: PME# supported from D3hot
[    1.761738] pci 0000:00:17.0: [8086:a182] type 00 class 0x010601
[    1.761755] pci 0000:00:17.0: reg 0x10: [mem 0x92df8000-0x92df9fff]
[    1.761762] pci 0000:00:17.0: reg 0x14: [mem 0x92e04000-0x92e040ff]
[    1.761769] pci 0000:00:17.0: reg 0x18: [io  0x2060-0x2067]
[    1.761775] pci 0000:00:17.0: reg 0x1c: [io  0x2070-0x2073]
[    1.761782] pci 0000:00:17.0: reg 0x20: [io  0x2020-0x203f]
[    1.761789] pci 0000:00:17.0: reg 0x24: [mem 0x92b00000-0x92b7ffff]
[    1.761827] pci 0000:00:17.0: PME# supported from D3hot
[    1.762549] pci 0000:00:1c.0: [8086:a190] type 01 class 0x060400
[    1.762627] pci 0000:00:1c.0: PME# supported from D0 D3hot D3cold
[    1.763395] pci 0000:00:1c.4: [8086:a194] type 01 class 0x060400
[    1.763468] pci 0000:00:1c.4: PME# supported from D0 D3hot D3cold
[    1.764228] pci 0000:00:1c.5: [8086:a195] type 01 class 0x060400
[    1.764301] pci 0000:00:1c.5: PME# supported from D0 D3hot D3cold
[    1.765065] pci 0000:00:1f.0: [8086:a1cb] type 00 class 0x060100
[    1.765874] pci 0000:00:1f.2: [8086:a1a1] type 00 class 0x058000
[    1.765890] pci 0000:00:1f.2: reg 0x10: [mem 0x92df4000-0x92df7fff]
[    1.766644] pci 0000:00:1f.4: [8086:a1a3] type 00 class 0x0c0500
[    1.766663] pci 0000:00:1f.4: reg 0x10: [mem 0x92dfe000-0x92dfe0ff 64bit]
[    1.766686] pci 0000:00:1f.4: reg 0x20: [io  0x2000-0x201f]
[    1.767380] pci 0000:00:1f.5: [8086:a1a4] type 00 class 0x0c8000
[    1.767396] pci 0000:00:1f.5: reg 0x10: [mem 0xfe010000-0xfe010fff]
[    1.768152] pci 0000:00:1c.0: PCI bridge to [bus 01]
[    1.768200] pci 0000:02:00.0: [1556:be00] type 01 class 0x060400
[    1.768369] pci 0000:00:1c.4: PCI bridge to [bus 02-03]
[    1.768373] pci 0000:00:1c.4:   bridge window [mem 0x92000000-0x928fffff]
[    1.768377] pci 0000:00:1c.4:   bridge window [mem 0x91000000-0x91ffffff 64bit pref]
[    1.768409] pci_bus 0000:03: extended config space not accessible
[    1.768426] pci 0000:03:00.0: [102b:0536] type 00 class 0x030000
[    1.768445] pci 0000:03:00.0: reg 0x10: [mem 0x91000000-0x91ffffff pref]
[    1.768455] pci 0000:03:00.0: reg 0x14: [mem 0x92808000-0x9280bfff]
[    1.768466] pci 0000:03:00.0: reg 0x18: [mem 0x92000000-0x927fffff]
[    1.768514] pci 0000:03:00.0: BAR 0: assigned to efifb
[    1.768608] pci 0000:02:00.0: PCI bridge to [bus 03]
[    1.768616] pci 0000:02:00.0:   bridge window [mem 0x92000000-0x928fffff]
[    1.768622] pci 0000:02:00.0:   bridge window [mem 0x91000000-0x91ffffff 64bit pref]
[    1.768687] pci 0000:04:00.0: [14e4:165f] type 00 class 0x020000
[    1.768719] pci 0000:04:00.0: reg 0x10: [mem 0x92930000-0x9293ffff 64bit pref]
[    1.768734] pci 0000:04:00.0: reg 0x18: [mem 0x92940000-0x9294ffff 64bit pref]
[    1.768749] pci 0000:04:00.0: reg 0x20: [mem 0x92950000-0x9295ffff 64bit pref]
[    1.768760] pci 0000:04:00.0: reg 0x30: [mem 0xfffc0000-0xffffffff pref]
[    1.768852] pci 0000:04:00.0: PME# supported from D0 D3hot D3cold
[    1.768890] pci 0000:04:00.0: 4.000 Gb/s available PCIe bandwidth, limited by 5 GT/s x1 link at 0000:00:1c.5 (capable of 8.000 Gb/s with 5 GT/s x2 link)
[    1.769017] pci 0000:04:00.1: [14e4:165f] type 00 class 0x020000
[    1.769048] pci 0000:04:00.1: reg 0x10: [mem 0x92900000-0x9290ffff 64bit pref]
[    1.769064] pci 0000:04:00.1: reg 0x18: [mem 0x92910000-0x9291ffff 64bit pref]
[    1.769079] pci 0000:04:00.1: reg 0x20: [mem 0x92920000-0x9292ffff 64bit pref]
[    1.769089] pci 0000:04:00.1: reg 0x30: [mem 0xfffc0000-0xffffffff pref]
[    1.769181] pci 0000:04:00.1: PME# supported from D0 D3hot D3cold
[    1.769325] pci 0000:00:1c.5: PCI bridge to [bus 04]
[    1.769332] pci 0000:00:1c.5:   bridge window [mem 0x92900000-0x929fffff 64bit pref]
[    1.769346] pci_bus 0000:00: on NUMA node 0
[    1.769892] ACPI: PCI Root Bridge [PC01] (domain 0000 [bus 16-2f])
[    1.769894] acpi PNP0A08:01: _OSC: OS supports [ExtendedConfig ASPM ClockPM Segments MSI HPX-Type3]
[    1.769989] acpi PNP0A08:01: PCIe AER handled by firmware
[    1.770095] acpi PNP0A08:01: _OSC: platform does not support [SHPCHotplug]
[    1.770294] acpi PNP0A08:01: _OSC: OS now controls [PCIeHotplug PME PCIeCapability LTR]
[    1.770295] acpi PNP0A08:01: FADT indicates ASPM is unsupported, using BIOS configuration
[    1.770417] PCI host bridge to bus 0000:16
[    1.770418] pci_bus 0000:16: root bus resource [io  0x5000-0x6fff window]
[    1.770419] pci_bus 0000:16: root bus resource [mem 0x9b800000-0xa63fffff window]
[    1.770419] pci_bus 0000:16: root bus resource [mem 0x210000000000-0x21ffffffffff window]
[    1.770420] pci_bus 0000:16: root bus resource [bus 16-2f]
[    1.770427] pci 0000:16:00.0: [8086:09a2] type 00 class 0x088000
[    1.770492] pci 0000:16:00.1: [8086:09a4] type 00 class 0x088000
[    1.770554] pci 0000:16:00.2: [8086:09a3] type 00 class 0x088000
[    1.770617] pci 0000:16:00.4: [8086:0998] type 00 class 0x060000
[    1.770681] pci 0000:16:02.0: [8086:347a] type 01 class 0x060400
[    1.770694] pci 0000:16:02.0: reg 0x10: [mem 0x21fffff00000-0x21fffff1ffff 64bit]
[    1.770730] pci 0000:16:02.0: PME# supported from D0 D3hot D3cold
[    1.771027] pci 0000:17:00.0: [1000:10e2] type 00 class 0x010400
[    1.771047] pci 0000:17:00.0: reg 0x10: [mem 0x9b800000-0x9b8fffff 64bit pref]
[    1.771055] pci 0000:17:00.0: reg 0x18: [mem 0x9b900000-0x9b9fffff 64bit pref]
[    1.771061] pci 0000:17:00.0: reg 0x20: [mem 0x9ba00000-0x9bafffff]
[    1.771066] pci 0000:17:00.0: reg 0x24: [io  0x5000-0x50ff]
[    1.771071] pci 0000:17:00.0: reg 0x30: [mem 0xfff00000-0xffffffff pref]
[    1.772297] pci 0000:17:00.0: supports D1 D2
[    1.772347] pci 0000:16:02.0: PCI bridge to [bus 17]
[    1.772349] pci 0000:16:02.0:   bridge window [io  0x5000-0x5fff]
[    1.772350] pci 0000:16:02.0:   bridge window [mem 0x9ba00000-0x9bafffff]
[    1.772353] pci 0000:16:02.0:   bridge window [mem 0x9b800000-0x9b9fffff 64bit pref]
[    1.772358] pci_bus 0000:16: on NUMA node 0
[    1.772423] ACPI: PCI Root Bridge [PC02] (domain 0000 [bus 30-49])
[    1.772425] acpi PNP0A08:02: _OSC: OS supports [ExtendedConfig ASPM ClockPM Segments MSI HPX-Type3]
[    1.772519] acpi PNP0A08:02: PCIe AER handled by firmware
[    1.772625] acpi PNP0A08:02: _OSC: platform does not support [SHPCHotplug]
[    1.772825] acpi PNP0A08:02: _OSC: OS now controls [PCIeHotplug PME PCIeCapability LTR]
[    1.772826] acpi PNP0A08:02: FADT indicates ASPM is unsupported, using BIOS configuration
[    1.772943] PCI host bridge to bus 0000:30
[    1.772944] pci_bus 0000:30: root bus resource [io  0x7000-0x8fff window]
[    1.772945] pci_bus 0000:30: root bus resource [mem 0xa6400000-0xb0ffffff window]
[    1.772945] pci_bus 0000:30: root bus resource [mem 0x220000000000-0x22ffffffffff window]
[    1.772946] pci_bus 0000:30: root bus resource [bus 30-49]
[    1.772953] pci 0000:30:00.0: [8086:09a2] type 00 class 0x088000
[    1.773019] pci 0000:30:00.1: [8086:09a4] type 00 class 0x088000
[    1.773080] pci 0000:30:00.2: [8086:09a3] type 00 class 0x088000
[    1.773143] pci 0000:30:00.4: [8086:0998] type 00 class 0x060000
[    1.773214] pci_bus 0000:30: on NUMA node 0
[    1.773301] ACPI: PCI Root Bridge [PC04] (domain 0000 [bus 4a-63])
[    1.773303] acpi PNP0A08:04: _OSC: OS supports [ExtendedConfig ASPM ClockPM Segments MSI HPX-Type3]
[    1.773393] acpi PNP0A08:04: PCIe AER handled by firmware
[    1.773497] acpi PNP0A08:04: _OSC: platform does not support [SHPCHotplug]
[    1.773696] acpi PNP0A08:04: _OSC: OS now controls [PCIeHotplug PME PCIeCapability LTR]
[    1.773697] acpi PNP0A08:04: FADT indicates ASPM is unsupported, using BIOS configuration
[    1.773808] PCI host bridge to bus 0000:4a
[    1.773809] pci_bus 0000:4a: root bus resource [io  0x9000-0x9fff window]
[    1.773809] pci_bus 0000:4a: root bus resource [mem 0xb1000000-0xbbbfffff window]
[    1.773810] pci_bus 0000:4a: root bus resource [mem 0x230000000000-0x23ffffffffff window]
[    1.773811] pci_bus 0000:4a: root bus resource [bus 4a-63]
[    1.773817] pci 0000:4a:00.0: [8086:09a2] type 00 class 0x088000
[    1.773881] pci 0000:4a:00.1: [8086:09a4] type 00 class 0x088000
[    1.773941] pci 0000:4a:00.2: [8086:09a3] type 00 class 0x088000
[    1.774009] pci 0000:4a:00.4: [8086:0998] type 00 class 0x060000
[    1.774079] pci_bus 0000:4a: on NUMA node 0
[    1.774138] ACPI: PCI Root Bridge [PC05] (domain 0000 [bus 64-7d])
[    1.774140] acpi PNP0A08:05: _OSC: OS supports [ExtendedConfig ASPM ClockPM Segments MSI HPX-Type3]
[    1.774230] acpi PNP0A08:05: PCIe AER handled by firmware
[    1.774334] acpi PNP0A08:05: _OSC: platform does not support [SHPCHotplug]
[    1.774533] acpi PNP0A08:05: _OSC: OS now controls [PCIeHotplug PME PCIeCapability LTR]
[    1.774534] acpi PNP0A08:05: FADT indicates ASPM is unsupported, using BIOS configuration
[    1.774643] PCI host bridge to bus 0000:64
[    1.774644] pci_bus 0000:64: root bus resource [io  0xa000-0xafff window]
[    1.774645] pci_bus 0000:64: root bus resource [mem 0xbbc00000-0xc5ffffff window]
[    1.774646] pci_bus 0000:64: root bus resource [mem 0x240000000000-0x24ffffffffff window]
[    1.774647] pci_bus 0000:64: root bus resource [bus 64-7d]
[    1.774653] pci 0000:64:00.0: [8086:09a2] type 00 class 0x088000
[    1.774716] pci 0000:64:00.1: [8086:09a4] type 00 class 0x088000
[    1.774778] pci 0000:64:00.2: [8086:09a3] type 00 class 0x088000
[    1.774840] pci 0000:64:00.4: [8086:0998] type 00 class 0x060000
[    1.774911] pci_bus 0000:64: on NUMA node 0
[    1.774967] ACPI: PCI Root Bridge [UC06] (domain 0000 [bus 7e])
[    1.774969] acpi PNP0A03:00: _OSC: OS supports [ExtendedConfig ASPM ClockPM Segments MSI HPX-Type3]
[    1.775043] acpi PNP0A03:00: PCIe AER handled by firmware
[    1.775133] acpi PNP0A03:00: _OSC: platform does not support [SHPCHotplug LTR]
[    1.775301] acpi PNP0A03:00: _OSC: OS now controls [PCIeHotplug PME PCIeCapability]
[    1.775302] acpi PNP0A03:00: FADT indicates ASPM is unsupported, using BIOS configuration
[    1.775442] PCI host bridge to bus 0000:7e
[    1.775443] pci_bus 0000:7e: root bus resource [bus 7e]
[    1.775448] pci 0000:7e:00.0: [8086:3450] type 00 class 0x088000
[    1.775518] pci 0000:7e:00.1: [8086:3451] type 00 class 0x088000
[    1.775582] pci 0000:7e:00.2: [8086:3452] type 00 class 0x088000
[    1.775655] pci 0000:7e:00.3: [8086:0998] type 00 class 0x060000
[    1.775719] pci 0000:7e:00.5: [8086:3455] type 00 class 0x088000
[    1.775789] pci 0000:7e:02.0: [8086:3440] type 00 class 0x088000
[    1.775911] pci 0000:7e:02.1: [8086:3441] type 00 class 0x088000
[    1.776024] pci 0000:7e:02.2: [8086:3442] type 00 class 0x088000
[    1.776139] pci 0000:7e:03.0: [8086:3440] type 00 class 0x088000
[    1.776228] pci 0000:7e:03.1: [8086:3441] type 00 class 0x088000
[    1.776309] pci 0000:7e:03.2: [8086:3442] type 00 class 0x088000
[    1.776404] pci 0000:7e:04.0: [8086:3440] type 00 class 0x088000
[    1.776530] pci 0000:7e:04.1: [8086:3441] type 00 class 0x088000
[    1.776651] pci 0000:7e:04.2: [8086:3442] type 00 class 0x088000
[    1.776775] pci 0000:7e:04.3: [8086:3443] type 00 class 0x088000
[    1.776899] pci 0000:7e:05.0: [8086:3445] type 00 class 0x088000
[    1.777029] pci 0000:7e:05.1: [8086:3446] type 00 class 0x088000
[    1.777147] pci 0000:7e:05.2: [8086:3447] type 00 class 0x088000
[    1.777265] pci 0000:7e:06.0: [8086:3445] type 00 class 0x088000
[    1.777359] pci 0000:7e:06.1: [8086:3446] type 00 class 0x088000
[    1.777445] pci 0000:7e:06.2: [8086:3447] type 00 class 0x088000
[    1.777537] pci 0000:7e:07.0: [8086:3445] type 00 class 0x088000
[    1.777664] pci 0000:7e:07.1: [8086:3446] type 00 class 0x088000
[    1.777790] pci 0000:7e:07.2: [8086:3447] type 00 class 0x088000
[    1.777915] pci 0000:7e:0b.0: [8086:3448] type 00 class 0x088000
[    1.777990] pci 0000:7e:0b.1: [8086:3448] type 00 class 0x088000
[    1.778064] pci 0000:7e:0b.2: [8086:344b] type 00 class 0x088000
[    1.778146] pci 0000:7e:0c.0: [8086:344a] type 00 class 0x110100
[    1.778244] pci 0000:7e:0d.0: [8086:344a] type 00 class 0x110100
[    1.778338] pci 0000:7e:0e.0: [8086:344a] type 00 class 0x110100
[    1.778488] pci 0000:7e:0f.0: [8086:344a] type 00 class 0x110100
[    1.778649] pci 0000:7e:1a.0: [8086:2880] type 00 class 0x110100
[    1.778746] pci 0000:7e:1b.0: [8086:2880] type 00 class 0x110100
[    1.778837] pci 0000:7e:1c.0: [8086:2880] type 00 class 0x110100
[    1.778991] pci 0000:7e:1d.0: [8086:2880] type 00 class 0x110100
[    1.779152] pci_bus 0000:7e: on NUMA node 0
[    1.779228] ACPI: PCI Root Bridge [UC07] (domain 0000 [bus 7f])
[    1.779230] acpi PNP0A03:01: _OSC: OS supports [ExtendedConfig ASPM ClockPM Segments MSI HPX-Type3]
[    1.779305] acpi PNP0A03:01: PCIe AER handled by firmware
[    1.779398] acpi PNP0A03:01: _OSC: platform does not support [SHPCHotplug LTR]
[    1.779567] acpi PNP0A03:01: _OSC: OS now controls [PCIeHotplug PME PCIeCapability]
[    1.779567] acpi PNP0A03:01: FADT indicates ASPM is unsupported, using BIOS configuration
[    1.779711] PCI host bridge to bus 0000:7f
[    1.779712] pci_bus 0000:7f: root bus resource [bus 7f]
[    1.779722] pci 0000:7f:00.0: [8086:344c] type 00 class 0x088000
[    1.779831] pci 0000:7f:00.1: [8086:344c] type 00 class 0x088000
[    1.779949] pci 0000:7f:00.2: [8086:344c] type 00 class 0x088000
[    1.780069] pci 0000:7f:00.3: [8086:344c] type 00 class 0x088000
[    1.780165] pci 0000:7f:00.4: [8086:344c] type 00 class 0x088000
[    1.780293] pci 0000:7f:00.5: [8086:344c] type 00 class 0x088000
[    1.780420] pci 0000:7f:00.6: [8086:344c] type 00 class 0x088000
[    1.780506] pci 0000:7f:00.7: [8086:344c] type 00 class 0x088000
[    1.780602] pci 0000:7f:01.0: [8086:344c] type 00 class 0x088000
[    1.780739] pci 0000:7f:01.1: [8086:344c] type 00 class 0x088000
[    1.780867] pci 0000:7f:01.2: [8086:344c] type 00 class 0x088000
[    1.780953] pci 0000:7f:01.3: [8086:344c] type 00 class 0x088000
[    1.781092] pci 0000:7f:01.4: [8086:344c] type 00 class 0x088000
[    1.781230] pci 0000:7f:01.5: [8086:344c] type 00 class 0x088000
[    1.781373] pci 0000:7f:01.6: [8086:344c] type 00 class 0x088000
[    1.781501] pci 0000:7f:01.7: [8086:344c] type 00 class 0x088000
[    1.781640] pci 0000:7f:02.0: [8086:344c] type 00 class 0x088000
[    1.781780] pci 0000:7f:02.1: [8086:344c] type 00 class 0x088000
[    1.781918] pci 0000:7f:02.2: [8086:344c] type 00 class 0x088000
[    1.782055] pci 0000:7f:02.3: [8086:344c] type 00 class 0x088000
[    1.782202] pci 0000:7f:02.4: [8086:344c] type 00 class 0x088000
[    1.782345] pci 0000:7f:02.5: [8086:344c] type 00 class 0x088000
[    1.782488] pci 0000:7f:02.6: [8086:344c] type 00 class 0x088000
[    1.782642] pci 0000:7f:02.7: [8086:344c] type 00 class 0x088000
[    1.782802] pci 0000:7f:03.0: [8086:344c] type 00 class 0x088000
[    1.782954] pci 0000:7f:03.1: [8086:344c] type 00 class 0x088000
[    1.783112] pci 0000:7f:03.2: [8086:344c] type 00 class 0x088000
[    1.783266] pci 0000:7f:03.3: [8086:344c] type 00 class 0x088000
[    1.783433] pci 0000:7f:0a.0: [8086:344d] type 00 class 0x088000
[    1.783543] pci 0000:7f:0a.1: [8086:344d] type 00 class 0x088000
[    1.783661] pci 0000:7f:0a.2: [8086:344d] type 00 class 0x088000
[    1.783780] pci 0000:7f:0a.3: [8086:344d] type 00 class 0x088000
[    1.783885] pci 0000:7f:0a.4: [8086:344d] type 00 class 0x088000
[    1.784014] pci 0000:7f:0a.5: [8086:344d] type 00 class 0x088000
[    1.784137] pci 0000:7f:0a.6: [8086:344d] type 00 class 0x088000
[    1.784224] pci 0000:7f:0a.7: [8086:344d] type 00 class 0x088000
[    1.784316] pci 0000:7f:0b.0: [8086:344d] type 00 class 0x088000
[    1.784451] pci 0000:7f:0b.1: [8086:344d] type 00 class 0x088000
[    1.784581] pci 0000:7f:0b.2: [8086:344d] type 00 class 0x088000
[    1.784669] pci 0000:7f:0b.3: [8086:344d] type 00 class 0x088000
[    1.784812] pci 0000:7f:0b.4: [8086:344d] type 00 class 0x088000
[    1.784951] pci 0000:7f:0b.5: [8086:344d] type 00 class 0x088000
[    1.785094] pci 0000:7f:0b.6: [8086:344d] type 00 class 0x088000
[    1.785221] pci 0000:7f:0b.7: [8086:344d] type 00 class 0x088000
[    1.785358] pci 0000:7f:0c.0: [8086:344d] type 00 class 0x088000
[    1.785498] pci 0000:7f:0c.1: [8086:344d] type 00 class 0x088000
[    1.785635] pci 0000:7f:0c.2: [8086:344d] type 00 class 0x088000
[    1.785774] pci 0000:7f:0c.3: [8086:344d] type 00 class 0x088000
[    1.785926] pci 0000:7f:0c.4: [8086:344d] type 00 class 0x088000
[    1.786068] pci 0000:7f:0c.5: [8086:344d] type 00 class 0x088000
[    1.786212] pci 0000:7f:0c.6: [8086:344d] type 00 class 0x088000
[    1.786366] pci 0000:7f:0c.7: [8086:344d] type 00 class 0x088000
[    1.786518] pci 0000:7f:0d.0: [8086:344d] type 00 class 0x088000
[    1.786671] pci 0000:7f:0d.1: [8086:344d] type 00 class 0x088000
[    1.786830] pci 0000:7f:0d.2: [8086:344d] type 00 class 0x088000
[    1.786986] pci 0000:7f:0d.3: [8086:344d] type 00 class 0x088000
[    1.787169] pci 0000:7f:1d.0: [8086:344f] type 00 class 0x088000
[    1.787288] pci 0000:7f:1d.1: [8086:3457] type 00 class 0x088000
[    1.787405] pci 0000:7f:1e.0: [8086:3458] type 00 class 0x088000
[    1.787482] pci 0000:7f:1e.1: [8086:3459] type 00 class 0x088000
[    1.787558] pci 0000:7f:1e.2: [8086:345a] type 00 class 0x088000
[    1.787632] pci 0000:7f:1e.3: [8086:345b] type 00 class 0x088000
[    1.787706] pci 0000:7f:1e.4: [8086:345c] type 00 class 0x088000
[    1.787781] pci 0000:7f:1e.5: [8086:345d] type 00 class 0x088000
[    1.787859] pci 0000:7f:1e.6: [8086:345e] type 00 class 0x088000
[    1.787934] pci 0000:7f:1e.7: [8086:345f] type 00 class 0x088000
[    1.788006] pci_bus 0000:7f: on NUMA node 0
[    1.788095] ACPI: PCI Root Bridge [PC06] (domain 0000 [bus 80])
[    1.788097] acpi PNP0A08:06: _OSC: OS supports [ExtendedConfig ASPM ClockPM Segments MSI HPX-Type3]
[    1.788190] acpi PNP0A08:06: PCIe AER handled by firmware
[    1.788295] acpi PNP0A08:06: _OSC: platform does not support [SHPCHotplug]
[    1.788495] acpi PNP0A08:06: _OSC: OS now controls [PCIeHotplug PME PCIeCapability LTR]
[    1.788496] acpi PNP0A08:06: FADT indicates ASPM is unsupported, using BIOS configuration
[    1.788639] PCI host bridge to bus 0000:80
[    1.788640] pci_bus 0000:80: root bus resource [io  0xb000-0xbfff window]
[    1.788641] pci_bus 0000:80: root bus resource [mem 0xc6800000-0xd0ffffff window]
[    1.788642] pci_bus 0000:80: root bus resource [mem 0x250000000000-0x25ffffffffff window]
[    1.788642] pci_bus 0000:80: root bus resource [bus 80]
[    1.788650] pci 0000:80:00.0: [8086:09a2] type 00 class 0x088000
[    1.788738] pci 0000:80:00.1: [8086:09a4] type 00 class 0x088000
[    1.788812] pci 0000:80:00.2: [8086:09a3] type 00 class 0x088000
[    1.788889] pci 0000:80:00.4: [8086:0998] type 00 class 0x060000
[    1.788967] pci 0000:80:02.0: [8086:09a6] type 00 class 0x088000
[    1.788976] pci 0000:80:02.0: reg 0x10: [mem 0xc6aa4000-0xc6aa5fff]
[    1.789041] pci 0000:80:02.1: [8086:09a7] type 00 class 0x088000
[    1.789050] pci 0000:80:02.1: reg 0x10: [mem 0xc6a00000-0xc6a7ffff]
[    1.789056] pci 0000:80:02.1: reg 0x14: [mem 0xc6980000-0xc69fffff]
[    1.789124] pci 0000:80:02.4: [8086:3456] type 00 class 0x130000
[    1.789136] pci 0000:80:02.4: reg 0x10: [mem 0xc6800000-0xc68fffff 64bit]
[    1.789143] pci 0000:80:02.4: reg 0x18: [mem 0xc6aa0000-0xc6aa3fff 64bit]
[    1.789149] pci 0000:80:02.4: reg 0x20: [mem 0xc6a80000-0xc6a9ffff 64bit]
[    1.789209] pci_bus 0000:80: on NUMA node 1
[    1.789277] ACPI: PCI Root Bridge [PC07] (domain 0000 [bus 81])
[    1.789279] acpi PNP0A08:07: _OSC: OS supports [ExtendedConfig ASPM ClockPM Segments MSI HPX-Type3]
[    1.789370] acpi PNP0A08:07: PCIe AER handled by firmware
[    1.789474] acpi PNP0A08:07: _OSC: platform does not support [SHPCHotplug]
[    1.789673] acpi PNP0A08:07: _OSC: OS now controls [PCIeHotplug PME PCIeCapability LTR]
[    1.789673] acpi PNP0A08:07: FADT indicates ASPM is unsupported, using BIOS configuration
[    1.789788] PCI host bridge to bus 0000:81
[    1.789789] pci_bus 0000:81: root bus resource [io  0xc000-0xcfff window]
[    1.789790] pci_bus 0000:81: root bus resource [mem 0xd1000000-0xdbbfffff window]
[    1.789790] pci_bus 0000:81: root bus resource [mem 0x260000000000-0x26ffffffffff window]
[    1.789791] pci_bus 0000:81: root bus resource [bus 81]
[    1.789798] pci 0000:81:00.0: [8086:09a2] type 00 class 0x088000
[    1.789867] pci 0000:81:00.1: [8086:09a4] type 00 class 0x088000
[    1.789934] pci 0000:81:00.2: [8086:09a3] type 00 class 0x088000
[    1.790003] pci 0000:81:00.4: [8086:0998] type 00 class 0x060000
[    1.790082] pci_bus 0000:81: on NUMA node 1
[    1.790141] ACPI: PCI Root Bridge [PC08] (domain 0000 [bus 82])
[    1.790143] acpi PNP0A08:08: _OSC: OS supports [ExtendedConfig ASPM ClockPM Segments MSI HPX-Type3]
[    1.790233] acpi PNP0A08:08: PCIe AER handled by firmware
[    1.790338] acpi PNP0A08:08: _OSC: platform does not support [SHPCHotplug]
[    1.790537] acpi PNP0A08:08: _OSC: OS now controls [PCIeHotplug PME PCIeCapability LTR]
[    1.790538] acpi PNP0A08:08: FADT indicates ASPM is unsupported, using BIOS configuration
[    1.790648] PCI host bridge to bus 0000:82
[    1.790649] pci_bus 0000:82: root bus resource [io  0xd000-0xdfff window]
[    1.790650] pci_bus 0000:82: root bus resource [mem 0xdbc00000-0xe67fffff window]
[    1.790650] pci_bus 0000:82: root bus resource [mem 0x270000000000-0x27ffffffffff window]
[    1.790651] pci_bus 0000:82: root bus resource [bus 82]
[    1.790658] pci 0000:82:00.0: [8086:09a2] type 00 class 0x088000
[    1.790727] pci 0000:82:00.1: [8086:09a4] type 00 class 0x088000
[    1.790795] pci 0000:82:00.2: [8086:09a3] type 00 class 0x088000
[    1.790868] pci 0000:82:00.4: [8086:0998] type 00 class 0x060000
[    1.790948] pci_bus 0000:82: on NUMA node 1
[    1.791035] ACPI: PCI Root Bridge [PC10] (domain 0000 [bus 83-f9])
[    1.791037] acpi PNP0A08:0a: _OSC: OS supports [ExtendedConfig ASPM ClockPM Segments MSI HPX-Type3]
[    1.791127] acpi PNP0A08:0a: PCIe AER handled by firmware
[    1.791233] acpi PNP0A08:0a: _OSC: platform does not support [SHPCHotplug]
[    1.791435] acpi PNP0A08:0a: _OSC: OS now controls [PCIeHotplug PME PCIeCapability LTR]
[    1.791435] acpi PNP0A08:0a: FADT indicates ASPM is unsupported, using BIOS configuration
[    1.791557] PCI host bridge to bus 0000:83
[    1.791558] pci_bus 0000:83: root bus resource [io  0xe000-0xefff window]
[    1.791559] pci_bus 0000:83: root bus resource [mem 0xe6800000-0xf13fffff window]
[    1.791560] pci_bus 0000:83: root bus resource [mem 0x280000000000-0x28ffffffffff window]
[    1.791561] pci_bus 0000:83: root bus resource [bus 83-f9]
[    1.791568] pci 0000:83:00.0: [8086:09a2] type 00 class 0x088000
[    1.791637] pci 0000:83:00.1: [8086:09a4] type 00 class 0x088000
[    1.791705] pci 0000:83:00.2: [8086:09a3] type 00 class 0x088000
[    1.791775] pci 0000:83:00.4: [8086:0998] type 00 class 0x060000
[    1.791854] pci_bus 0000:83: on NUMA node 1
[    1.791914] ACPI: PCI Root Bridge [PC11] (domain 0000 [bus fa])
[    1.791915] acpi PNP0A08:0b: _OSC: OS supports [ExtendedConfig ASPM ClockPM Segments MSI HPX-Type3]
[    1.792005] acpi PNP0A08:0b: PCIe AER handled by firmware
[    1.792109] acpi PNP0A08:0b: _OSC: platform does not support [SHPCHotplug]
[    1.792307] acpi PNP0A08:0b: _OSC: OS now controls [PCIeHotplug PME PCIeCapability LTR]
[    1.792307] acpi PNP0A08:0b: FADT indicates ASPM is unsupported, using BIOS configuration
[    1.792419] PCI host bridge to bus 0000:fa
[    1.792420] pci_bus 0000:fa: root bus resource [io  0xf000-0xffff window]
[    1.792420] pci_bus 0000:fa: root bus resource [mem 0xf1400000-0xfb7fffff window]
[    1.792421] pci_bus 0000:fa: root bus resource [mem 0x290000000000-0x29ffffffffff window]
[    1.792422] pci_bus 0000:fa: root bus resource [bus fa]
[    1.792429] pci 0000:fa:00.0: [8086:09a2] type 00 class 0x088000
[    1.792497] pci 0000:fa:00.1: [8086:09a4] type 00 class 0x088000
[    1.792565] pci 0000:fa:00.2: [8086:09a3] type 00 class 0x088000
[    1.792641] pci 0000:fa:00.4: [8086:0998] type 00 class 0x060000
[    1.792721] pci_bus 0000:fa: on NUMA node 1
[    1.792777] ACPI: PCI Root Bridge [UC16] (domain 0000 [bus fe])
[    1.792779] acpi PNP0A03:02: _OSC: OS supports [ExtendedConfig ASPM ClockPM Segments MSI HPX-Type3]
[    1.792854] acpi PNP0A03:02: PCIe AER handled by firmware
[    1.792943] acpi PNP0A03:02: _OSC: platform does not support [SHPCHotplug LTR]
[    1.793111] acpi PNP0A03:02: _OSC: OS now controls [PCIeHotplug PME PCIeCapability]
[    1.793111] acpi PNP0A03:02: FADT indicates ASPM is unsupported, using BIOS configuration
[    1.793243] PCI host bridge to bus 0000:fe
[    1.793244] pci_bus 0000:fe: root bus resource [bus fe]
[    1.793250] pci 0000:fe:00.0: [8086:3450] type 00 class 0x088000
[    1.793322] pci 0000:fe:00.1: [8086:3451] type 00 class 0x088000
[    1.793387] pci 0000:fe:00.2: [8086:3452] type 00 class 0x088000
[    1.793455] pci 0000:fe:00.3: [8086:0998] type 00 class 0x060000
[    1.793523] pci 0000:fe:00.5: [8086:3455] type 00 class 0x088000
[    1.793595] pci 0000:fe:02.0: [8086:3440] type 00 class 0x088000
[    1.793721] pci 0000:fe:02.1: [8086:3441] type 00 class 0x088000
[    1.793845] pci 0000:fe:02.2: [8086:3442] type 00 class 0x088000
[    1.793963] pci 0000:fe:03.0: [8086:3440] type 00 class 0x088000
[    1.794055] pci 0000:fe:03.1: [8086:3441] type 00 class 0x088000
[    1.794142] pci 0000:fe:03.2: [8086:3442] type 00 class 0x088000
[    1.794234] pci 0000:fe:04.0: [8086:3440] type 00 class 0x088000
[    1.794364] pci 0000:fe:04.1: [8086:3441] type 00 class 0x088000
[    1.794490] pci 0000:fe:04.2: [8086:3442] type 00 class 0x088000
[    1.794614] pci 0000:fe:04.3: [8086:3443] type 00 class 0x088000
[    1.794749] pci 0000:fe:05.0: [8086:3445] type 00 class 0x088000
[    1.794876] pci 0000:fe:05.1: [8086:3446] type 00 class 0x088000
[    1.794996] pci 0000:fe:05.2: [8086:3447] type 00 class 0x088000
[    1.795118] pci 0000:fe:06.0: [8086:3445] type 00 class 0x088000
[    1.795212] pci 0000:fe:06.1: [8086:3446] type 00 class 0x088000
[    1.795302] pci 0000:fe:06.2: [8086:3447] type 00 class 0x088000
[    1.795399] pci 0000:fe:07.0: [8086:3445] type 00 class 0x088000
[    1.795532] pci 0000:fe:07.1: [8086:3446] type 00 class 0x088000
[    1.795666] pci 0000:fe:07.2: [8086:3447] type 00 class 0x088000
[    1.795794] pci 0000:fe:0b.0: [8086:3448] type 00 class 0x088000
[    1.795872] pci 0000:fe:0b.1: [8086:3448] type 00 class 0x088000
[    1.795946] pci 0000:fe:0b.2: [8086:344b] type 00 class 0x088000
[    1.796026] pci 0000:fe:0c.0: [8086:344a] type 00 class 0x110100
[    1.796130] pci 0000:fe:0d.0: [8086:344a] type 00 class 0x110100
[    1.796226] pci 0000:fe:0e.0: [8086:344a] type 00 class 0x110100
[    1.796379] pci 0000:fe:0f.0: [8086:344a] type 00 class 0x110100
[    1.796551] pci 0000:fe:1a.0: [8086:2880] type 00 class 0x110100
[    1.796650] pci 0000:fe:1b.0: [8086:2880] type 00 class 0x110100
[    1.796746] pci 0000:fe:1c.0: [8086:2880] type 00 class 0x110100
[    1.796905] pci 0000:fe:1d.0: [8086:2880] type 00 class 0x110100
[    1.797066] pci_bus 0000:fe: on NUMA node 1
[    1.797138] ACPI: PCI Root Bridge [UC17] (domain 0000 [bus ff])
[    1.797140] acpi PNP0A03:03: _OSC: OS supports [ExtendedConfig ASPM ClockPM Segments MSI HPX-Type3]
[    1.797217] acpi PNP0A03:03: PCIe AER handled by firmware
[    1.797307] acpi PNP0A03:03: _OSC: platform does not support [SHPCHotplug LTR]
[    1.797478] acpi PNP0A03:03: _OSC: OS now controls [PCIeHotplug PME PCIeCapability]
[    1.797479] acpi PNP0A03:03: FADT indicates ASPM is unsupported, using BIOS configuration
[    1.797621] PCI host bridge to bus 0000:ff
[    1.797621] pci_bus 0000:ff: root bus resource [bus ff]
[    1.797631] pci 0000:ff:00.0: [8086:344c] type 00 class 0x088000
[    1.797747] pci 0000:ff:00.1: [8086:344c] type 00 class 0x088000
[    1.797867] pci 0000:ff:00.2: [8086:344c] type 00 class 0x088000
[    1.797974] pci 0000:ff:00.3: [8086:344c] type 00 class 0x088000
[    1.798106] pci 0000:ff:00.4: [8086:344c] type 00 class 0x088000
[    1.798230] pci 0000:ff:00.5: [8086:344c] type 00 class 0x088000
[    1.798332] pci 0000:ff:00.6: [8086:344c] type 00 class 0x088000
[    1.798466] pci 0000:ff:00.7: [8086:344c] type 00 class 0x088000
[    1.798598] pci 0000:ff:01.0: [8086:344c] type 00 class 0x088000
[    1.798739] pci 0000:ff:01.1: [8086:344c] type 00 class 0x088000
[    1.798873] pci 0000:ff:01.2: [8086:344c] type 00 class 0x088000
[    1.798963] pci 0000:ff:01.3: [8086:344c] type 00 class 0x088000
[    1.799110] pci 0000:ff:01.4: [8086:344c] type 00 class 0x088000
[    1.799254] pci 0000:ff:01.5: [8086:344c] type 00 class 0x088000
[    1.799404] pci 0000:ff:01.6: [8086:344c] type 00 class 0x088000
[    1.799537] pci 0000:ff:01.7: [8086:344c] type 00 class 0x088000
[    1.799677] pci 0000:ff:02.0: [8086:344c] type 00 class 0x088000
[    1.799819] pci 0000:ff:02.1: [8086:344c] type 00 class 0x088000
[    1.799958] pci 0000:ff:02.2: [8086:344c] type 00 class 0x088000
[    1.800103] pci 0000:ff:02.3: [8086:344c] type 00 class 0x088000
[    1.800249] pci 0000:ff:02.4: [8086:344c] type 00 class 0x088000
[    1.800393] pci 0000:ff:02.5: [8086:344c] type 00 class 0x088000
[    1.800544] pci 0000:ff:02.6: [8086:344c] type 00 class 0x088000
[    1.800692] pci 0000:ff:02.7: [8086:344c] type 00 class 0x088000
[    1.800850] pci 0000:ff:03.0: [8086:344c] type 00 class 0x088000
[    1.801012] pci 0000:ff:03.1: [8086:344c] type 00 class 0x088000
[    1.801175] pci 0000:ff:03.2: [8086:344c] type 00 class 0x088000
[    1.801337] pci 0000:ff:03.3: [8086:344c] type 00 class 0x088000
[    1.801513] pci 0000:ff:0a.0: [8086:344d] type 00 class 0x088000
[    1.801627] pci 0000:ff:0a.1: [8086:344d] type 00 class 0x088000
[    1.801747] pci 0000:ff:0a.2: [8086:344d] type 00 class 0x088000
[    1.801854] pci 0000:ff:0a.3: [8086:344d] type 00 class 0x088000
[    1.801982] pci 0000:ff:0a.4: [8086:344d] type 00 class 0x088000
[    1.802106] pci 0000:ff:0a.5: [8086:344d] type 00 class 0x088000
[    1.802209] pci 0000:ff:0a.6: [8086:344d] type 00 class 0x088000
[    1.802342] pci 0000:ff:0a.7: [8086:344d] type 00 class 0x088000
[    1.802479] pci 0000:ff:0b.0: [8086:344d] type 00 class 0x088000
[    1.802621] pci 0000:ff:0b.1: [8086:344d] type 00 class 0x088000
[    1.802754] pci 0000:ff:0b.2: [8086:344d] type 00 class 0x088000
[    1.802845] pci 0000:ff:0b.3: [8086:344d] type 00 class 0x088000
[    1.802989] pci 0000:ff:0b.4: [8086:344d] type 00 class 0x088000
[    1.803132] pci 0000:ff:0b.5: [8086:344d] type 00 class 0x088000
[    1.803279] pci 0000:ff:0b.6: [8086:344d] type 00 class 0x088000
[    1.803412] pci 0000:ff:0b.7: [8086:344d] type 00 class 0x088000
[    1.803558] pci 0000:ff:0c.0: [8086:344d] type 00 class 0x088000
[    1.803701] pci 0000:ff:0c.1: [8086:344d] type 00 class 0x088000
[    1.803841] pci 0000:ff:0c.2: [8086:344d] type 00 class 0x088000
[    1.803986] pci 0000:ff:0c.3: [8086:344d] type 00 class 0x088000
[    1.804128] pci 0000:ff:0c.4: [8086:344d] type 00 class 0x088000
[    1.804273] pci 0000:ff:0c.5: [8086:344d] type 00 class 0x088000
[    1.804423] pci 0000:ff:0c.6: [8086:344d] type 00 class 0x088000
[    1.804571] pci 0000:ff:0c.7: [8086:344d] type 00 class 0x088000
[    1.804733] pci 0000:ff:0d.0: [8086:344d] type 00 class 0x088000
[    1.804894] pci 0000:ff:0d.1: [8086:344d] type 00 class 0x088000
[    1.805048] pci 0000:ff:0d.2: [8086:344d] type 00 class 0x088000
[    1.805212] pci 0000:ff:0d.3: [8086:344d] type 00 class 0x088000
[    1.805395] pci 0000:ff:1d.0: [8086:344f] type 00 class 0x088000
[    1.805516] pci 0000:ff:1d.1: [8086:3457] type 00 class 0x088000
[    1.805637] pci 0000:ff:1e.0: [8086:3458] type 00 class 0x088000
[    1.805717] pci 0000:ff:1e.1: [8086:3459] type 00 class 0x088000
[    1.805798] pci 0000:ff:1e.2: [8086:345a] type 00 class 0x088000
[    1.805875] pci 0000:ff:1e.3: [8086:345b] type 00 class 0x088000
[    1.805951] pci 0000:ff:1e.4: [8086:345c] type 00 class 0x088000
[    1.806029] pci 0000:ff:1e.5: [8086:345d] type 00 class 0x088000
[    1.806106] pci 0000:ff:1e.6: [8086:345e] type 00 class 0x088000
[    1.806181] pci 0000:ff:1e.7: [8086:345f] type 00 class 0x088000
[    1.806258] pci_bus 0000:ff: on NUMA node 1
[    1.807317] HMAT: Memory (0x0 length 0x80000000) Flags:0003 Processor Domain:0 Memory Domain:0
[    1.807318] HMAT: Memory (0x100000000 length 0xf80000000) Flags:0003 Processor Domain:0 Memory Domain:0
[    1.807319] HMAT: Memory (0x2080000000 length 0x7e00000000) Flags:0003 Processor Domain:0 Memory Domain:2
[    1.807320] HMAT: Memory (0x1080000000 length 0x1000000000) Flags:0003 Processor Domain:1 Memory Domain:1
[    1.807320] HMAT: Memory (0x9e80000000 length 0x7e00000000) Flags:0003 Processor Domain:1 Memory Domain:3
[    1.807322] HMAT: Locality: Flags:00 Type:Read Latency Initiator Domains:2 Target Domains:4 Base:100
[    1.807323]   Initiator-Target[0-0]:7600 nsec
[    1.807323]   Initiator-Target[0-1]:13560 nsec
[    1.807324]   Initiator-Target[0-2]:25350 nsec
[    1.807325]   Initiator-Target[0-3]:31600 nsec
[    1.807325]   Initiator-Target[1-0]:13560 nsec
[    1.807326]   Initiator-Target[1-1]:7600 nsec
[    1.807326]   Initiator-Target[1-2]:31600 nsec
[    1.807327]   Initiator-Target[1-3]:25350 nsec
[    1.807328] HMAT: Locality: Flags:00 Type:Write Latency Initiator Domains:2 Target Domains:4 Base:100
[    1.807329]   Initiator-Target[0-0]:7600 nsec
[    1.807329]   Initiator-Target[0-1]:13560 nsec
[    1.807330]   Initiator-Target[0-2]:25350 nsec
[    1.807331]   Initiator-Target[0-3]:31600 nsec
[    1.807331]   Initiator-Target[1-0]:13560 nsec
[    1.807331]   Initiator-Target[1-1]:7600 nsec
[    1.807332]   Initiator-Target[1-2]:31600 nsec
[    1.807332]   Initiator-Target[1-3]:25350 nsec
[    1.807333] HMAT: Locality: Flags:00 Type:Read Bandwidth Initiator Domains:2 Target Domains:4 Base:1
[    1.807334]   Initiator-Target[0-0]:1790 MB/s
[    1.807334]   Initiator-Target[0-1]:1790 MB/s
[    1.807335]   Initiator-Target[0-2]:463 MB/s
[    1.807335]   Initiator-Target[0-3]:463 MB/s
[    1.807335]   Initiator-Target[1-0]:1790 MB/s
[    1.807336]   Initiator-Target[1-1]:1790 MB/s
[    1.807336]   Initiator-Target[1-2]:463 MB/s
[    1.807337]   Initiator-Target[1-3]:463 MB/s
[    1.807338] HMAT: Locality: Flags:00 Type:Write Bandwidth Initiator Domains:2 Target Domains:4 Base:1
[    1.807338]   Initiator-Target[0-0]:1910 MB/s
[    1.807338]   Initiator-Target[0-1]:1910 MB/s
[    1.807339]   Initiator-Target[0-2]:138 MB/s
[    1.807339]   Initiator-Target[0-3]:138 MB/s
[    1.807340]   Initiator-Target[1-0]:1910 MB/s
[    1.807340]   Initiator-Target[1-1]:1910 MB/s
[    1.807341]   Initiator-Target[1-2]:138 MB/s
[    1.807341]   Initiator-Target[1-3]:138 MB/s
[    1.807374] WARNING: CPU: 62 PID: 1 at drivers/base/node.c:191 node_set_perf_attrs+0x90/0xb0
[    1.807375] Modules linked in:
[    1.807377] CPU: 62 PID: 1 Comm: swapper/0 Not tainted 5.3.1-multiclock #1
[    1.807378] Hardware name: Dell Inc. PowerEdge R750/0K8F35, BIOS 1.10.2 03/03/2023
[    1.807380] RIP: 0010:node_set_perf_attrs+0x90/0xb0
[    1.807381] Code: f4 02 00 00 4c 89 ea 4c 89 e7 e8 bb bf c7 ff 85 c0 75 24 48 83 c3 08 48 8b 33 48 85 f6 75 e5 5b 41 5a 41 5c 41 5d 41 5e 5d c3 <0f> 0b 5b 41 5a 41 5c 41 5d 41 5e 5d c3 44 89 f6 48 c7 c7 70 5b fa
[    1.807382] RSP: 0000:ffffae3540117d80 EFLAGS: 00010246
[    1.807383] RAX: 0000000000000002 RBX: 0000000000000003 RCX: 0000000000000000
[    1.807384] RDX: 0000000000000000 RSI: ffff930dd5d57698 RDI: 0000000000000002
[    1.807384] RBP: ffffae3540117da8 R08: ffff930dd5834b40 R09: 0000000000000000
[    1.807385] R10: ffff930ddda06938 R11: ffff930dddc74970 R12: ffff930dd5d57680
[    1.807385] R13: ffffffffb76db310 R14: 0000000000000005 R15: ffffffffb7495806
[    1.807386] FS:  0000000000000000(0000) GS:ffff930dde9c0000(0000) knlGS:0000000000000000
[    1.807387] CS:  0010 DS: 0000 ES: 0000 CR0: 0000000080050033
[    1.807388] CR2: 0000000000000000 CR3: 0000001f2900a001 CR4: 0000000000760ee0
[    1.807389] DR0: 0000000000000000 DR1: 0000000000000000 DR2: 0000000000000000
[    1.807389] DR3: 0000000000000000 DR6: 00000000fffe0ff0 DR7: 0000000000000400
[    1.807390] PKRU: 55555554
[    1.807390] Call Trace:
[    1.807396]  hmat_init+0x32a/0x43c
[    1.807398]  ? hmat_parse_subtable+0x503/0x503
[    1.807400]  ? set_debug_rodata+0x17/0x17
[    1.807403]  do_one_initcall+0x4a/0x1fa
[    1.807405]  kernel_init_freeable+0x1c6/0x26d
[    1.807409]  ? rest_init+0xb0/0xb0
[    1.807410]  kernel_init+0xe/0x110
[    1.807412]  ret_from_fork+0x1f/0x40
[    1.807414] ---[ end trace abaff06f1af7d3a7 ]---
[    1.811210] pci 0000:03:00.0: vgaarb: setting as boot VGA device
[    1.811210] pci 0000:03:00.0: vgaarb: VGA device added: decodes=io+mem,owns=io+mem,locks=none
[    1.811266] pci 0000:03:00.0: vgaarb: bridge control possible
[    1.811267] vgaarb: loaded
[    1.811462] SCSI subsystem initialized
[    1.811602] libata version 3.00 loaded.
[    1.811602] ACPI: bus type USB registered
[    1.811602] usbcore: registered new interface driver usbfs
[    1.811602] usbcore: registered new interface driver hub
[    1.811602] usbcore: registered new device driver usb
[    1.811602] pps_core: LinuxPPS API ver. 1 registered
[    1.811602] pps_core: Software ver. 5.3.6 - Copyright 2005-2007 Rodolfo Giometti <giometti@linux.it>
[    1.811602] PTP clock support registered
[    1.811714] EDAC MC: Ver: 3.0.0
[    1.811936] Registered efivars operations
[    1.811936] PCI: Using ACPI for IRQ routing
[    1.813617] PCI: pci_cache_line_size set to 64 bytes
[    1.814177] e820: reserve RAM buffer [mem 0x0008f000-0x0008ffff]
[    1.814179] e820: reserve RAM buffer [mem 0x47bdd020-0x47ffffff]
[    1.814180] e820: reserve RAM buffer [mem 0x47c0f020-0x47ffffff]
[    1.814180] e820: reserve RAM buffer [mem 0x47c42020-0x47ffffff]
[    1.814181] e820: reserve RAM buffer [mem 0x47c75020-0x47ffffff]
[    1.814182] e820: reserve RAM buffer [mem 0x49e77000-0x4bffffff]
[    1.814182] e820: reserve RAM buffer [mem 0x4b2cf000-0x4bffffff]
[    1.814183] e820: reserve RAM buffer [mem 0x4bd94000-0x4bffffff]
[    1.814184] e820: reserve RAM buffer [mem 0x4ce00000-0x4fffffff]
[    1.814184] e820: reserve RAM buffer [mem 0x5eefe000-0x5fffffff]
[    1.814185] e820: reserve RAM buffer [mem 0x6f800000-0x6fffffff]
[    1.814481] NetLabel: Initializing
[    1.814482] NetLabel:  domain hash size = 128
[    1.814482] NetLabel:  protocols = UNLABELED CIPSOv4 CALIPSO
[    1.814501] NetLabel:  unlabeled traffic allowed by default
[    1.815890] hpet0: at MMIO 0xfed00000, IRQs 2, 8, 0, 0, 0, 0, 0, 0
[    1.815893] hpet0: 8 comparators, 64-bit 24.000000 MHz counter
[    1.819265] clocksource: Switched to clocksource tsc-early
[    1.830673] VFS: Disk quotas dquot_6.6.0
[    1.830716] VFS: Dquot-cache hash table entries: 512 (order 0, 4096 bytes)
[    1.831006] *** VALIDATE hugetlbfs ***
[    1.831129] AppArmor: AppArmor Filesystem Enabled
[    1.831146] pnp: PnP ACPI init
[    1.846523] pnp 00:00: Plug and Play ACPI device, IDs PNP0b00 (active)
[    1.846681] system 00:01: [io  0x0500-0x05fe] has been reserved
[    1.846682] system 00:01: [io  0x0400-0x041f] has been reserved
[    1.846683] system 00:01: [io  0x0600-0x061f] has been reserved
[    1.846684] system 00:01: [io  0x0ca0-0x0ca1] has been reserved
[    1.846685] system 00:01: [io  0x0ca4-0x0ca6] has been reserved
[    1.846687] system 00:01: [mem 0xff000000-0xffffffff] has been reserved
[    1.846689] system 00:01: Plug and Play ACPI device, IDs PNP0c02 (active)
[    1.846932] pnp 00:02: Plug and Play ACPI device, IDs PNP0501 (active)
[    1.847136] pnp 00:03: Plug and Play ACPI device, IDs PNP0501 (active)
[    1.847296] system 00:04: [mem 0xfd000000-0xfdabffff] has been reserved
[    1.847297] system 00:04: [mem 0xfdad0000-0xfdadffff] has been reserved
[    1.847298] system 00:04: [mem 0xfdb00000-0xfdffffff] has been reserved
[    1.847299] system 00:04: [mem 0xfe000000-0xfe00ffff] has been reserved
[    1.847300] system 00:04: [mem 0xfe011000-0xfe01ffff] has been reserved
[    1.847301] system 00:04: [mem 0xfe036000-0xfe03bfff] has been reserved
[    1.847302] system 00:04: [mem 0xfe03d000-0xfe3fffff] has been reserved
[    1.847303] system 00:04: [mem 0xfe410000-0xfe7fffff] has been reserved
[    1.847305] system 00:04: Plug and Play ACPI device, IDs PNP0c02 (active)
[    1.847633] system 00:05: [io  0x1000-0x10fe] has been reserved
[    1.847636] system 00:05: Plug and Play ACPI device, IDs PNP0c02 (active)
[    1.848630] pnp: PnP ACPI: found 6 devices
[    1.849697] thermal_sys: Registered thermal governor 'fair_share'
[    1.849698] thermal_sys: Registered thermal governor 'bang_bang'
[    1.849698] thermal_sys: Registered thermal governor 'step_wise'
[    1.849699] thermal_sys: Registered thermal governor 'user_space'
[    1.849699] thermal_sys: Registered thermal governor 'power_allocator'
[    1.854191] clocksource: acpi_pm: mask: 0xffffff max_cycles: 0xffffff, max_idle_ns: 2085701024 ns
[    1.854215] pci 0000:04:00.0: can't claim BAR 6 [mem 0xfffc0000-0xffffffff pref]: no compatible bridge window
[    1.854216] pci 0000:04:00.1: can't claim BAR 6 [mem 0xfffc0000-0xffffffff pref]: no compatible bridge window
[    1.854217] pci 0000:17:00.0: can't claim BAR 6 [mem 0xfff00000-0xffffffff pref]: no compatible bridge window
[    1.854232] pci 0000:00:1c.5: BAR 14: assigned [mem 0x90000000-0x900fffff]
[    1.854234] pci 0000:00:1c.0: PCI bridge to [bus 01]
[    1.854244] pci 0000:02:00.0: PCI bridge to [bus 03]
[    1.854248] pci 0000:02:00.0:   bridge window [mem 0x92000000-0x928fffff]
[    1.854252] pci 0000:02:00.0:   bridge window [mem 0x91000000-0x91ffffff 64bit pref]
[    1.854258] pci 0000:00:1c.4: PCI bridge to [bus 02-03]
[    1.854261] pci 0000:00:1c.4:   bridge window [mem 0x92000000-0x928fffff]
[    1.854263] pci 0000:00:1c.4:   bridge window [mem 0x91000000-0x91ffffff 64bit pref]
[    1.854268] pci 0000:04:00.0: BAR 6: assigned [mem 0x90000000-0x9003ffff pref]
[    1.854269] pci 0000:04:00.1: BAR 6: assigned [mem 0x90040000-0x9007ffff pref]
[    1.854270] pci 0000:00:1c.5: PCI bridge to [bus 04]
[    1.854273] pci 0000:00:1c.5:   bridge window [mem 0x90000000-0x900fffff]
[    1.854275] pci 0000:00:1c.5:   bridge window [mem 0x92900000-0x929fffff 64bit pref]
[    1.854279] pci_bus 0000:00: resource 4 [io  0x0000-0x0cf7 window]
[    1.854280] pci_bus 0000:00: resource 5 [io  0x1000-0x4fff window]
[    1.854281] pci_bus 0000:00: resource 6 [mem 0x000a0000-0x000bffff window]
[    1.854282] pci_bus 0000:00: resource 7 [mem 0x000c8000-0x000cffff window]
