2024年 05月 15日 星期三 21:31:25 CST
pgmigrate_success 17923
pgmigrate_fail 2
pgmigrate_dst_node_full_fail 0
pgmigrate_numa_isolate_fail 10
pgmigrate_nomem_fail 1
pgmigrate_refcount_fail 10
thp_fault_alloc 0
thp_fault_fallback 0
thp_collapse_alloc 0
thp_collapse_alloc_failed 0
thp_file_alloc 0
thp_file_mapped 0
thp_split_page 0
thp_split_page_failed 0
thp_deferred_split_page 0
thp_split_pmd 0
thp_split_pud 0
thp_zero_page_alloc 0
thp_zero_page_alloc_failed 0
thp_swpout 0
thp_swpout_fallback 0
MemTotal:       1084304772 kB
MemFree:        1053416872 kB
MemAvailable:   1051318744 kB
Buffers:            7600 kB
Cached:           398296 kB
SwapCached:            0 kB
Active:           498672 kB
Inactive:         497892 kB
Active(anon):     358112 kB
Inactive(anon):   238760 kB
Active(file):     140560 kB
Inactive(file):   259132 kB
Unevictable:           0 kB
Mlocked:               0 kB
SwapTotal:       2097148 kB
SwapFree:        2097148 kB
Dirty:              3604 kB
Writeback:             0 kB
AnonPages:        590900 kB
Mapped:           394692 kB
Shmem:              6200 kB
KReclaimable:     221852 kB
Slab:             598720 kB
SReclaimable:     221852 kB
SUnreclaim:       376868 kB
KernelStack:       33124 kB
PageTables:        27936 kB
NFS_Unstable:          0 kB
Bounce:                0 kB
WritebackTmp:          0 kB
CommitLimit:    544249532 kB
Committed_AS:    6366480 kB
VmallocTotal:   34359738367 kB
VmallocUsed:      104772 kB
VmallocChunk:          0 kB
Percpu:           123648 kB
HardwareCorrupted:     0 kB
AnonHugePages:         0 kB
ShmemHugePages:        0 kB
ShmemPmdMapped:        0 kB
CmaTotal:              0 kB
CmaFree:               0 kB
HugePages_Total:       0
HugePages_Free:        0
HugePages_Rsvd:        0
HugePages_Surp:        0
Hugepagesize:       2048 kB
Hugetlb:               0 kB
DirectMap4k:      867816 kB
DirectMap2M:     8005632 kB
DirectMap1G:    1180696576 kB
2024年 05月 15日 星期三 21:35:45 CST
pgmigrate_success 1057553
pgmigrate_fail 1178114
pgmigrate_dst_node_full_fail 1175854
pgmigrate_numa_isolate_fail 10
pgmigrate_nomem_fail 1
pgmigrate_refcount_fail 10
thp_fault_alloc 10943
thp_fault_fallback 0
thp_collapse_alloc 19
thp_collapse_alloc_failed 0
thp_file_alloc 0
thp_file_mapped 0
thp_split_page 0
thp_split_page_failed 0
thp_deferred_split_page 13330
thp_split_pmd 2
thp_split_pud 0
thp_zero_page_alloc 0
thp_zero_page_alloc_failed 0
thp_swpout 0
thp_swpout_fallback 0
MemTotal:       1084304772 kB
MemFree:        1046724720 kB
MemAvailable:   1050223300 kB
Buffers:           58072 kB
Cached:          6930076 kB
SwapCached:           32 kB
Active:           517452 kB
Inactive:        7062612 kB
Active(anon):     293004 kB
Inactive(anon):   304784 kB
Active(file):     224448 kB
Inactive(file):  6757828 kB
Unevictable:           0 kB
Mlocked:               0 kB
SwapTotal:       2097148 kB
SwapFree:        2096636 kB
Dirty:                12 kB
Writeback:             0 kB
AnonPages:        592128 kB
Mapped:           394544 kB
Shmem:              5768 kB
KReclaimable:     289308 kB
Slab:             667724 kB
SReclaimable:     289308 kB
SUnreclaim:       378416 kB
KernelStack:       33440 kB
PageTables:        27828 kB
NFS_Unstable:          0 kB
Bounce:                0 kB
WritebackTmp:          0 kB
CommitLimit:    544249532 kB
Committed_AS:    6332936 kB
VmallocTotal:   34359738367 kB
VmallocUsed:      104756 kB
VmallocChunk:          0 kB
Percpu:           123648 kB
HardwareCorrupted:     0 kB
AnonHugePages:    208896 kB
ShmemHugePages:        0 kB
ShmemPmdMapped:        0 kB
CmaTotal:              0 kB
CmaFree:               0 kB
HugePages_Total:       0
HugePages_Free:        0
HugePages_Rsvd:        0
HugePages_Surp:        0
Hugepagesize:       2048 kB
Hugetlb:               0 kB
DirectMap4k:      867816 kB
DirectMap2M:     8005632 kB
DirectMap1G:    1180696576 kB
