[    0.000000] Linux version 5.18.0 (xmu@xmu-PowerEdge-R750) (gcc (Ubuntu 8.4.0-1ubuntu1~18.04) 8.4.0, GNU ld (GNU Binutils for Ubuntu) 2.30) #1 SMP PREEMPT_DYNAMIC Sat Apr 6 15:16:25 CST 2024
[    0.000000] Command line: BOOT_IMAGE=/boot/vmlinuz-5.18.0 root=UUID=ce0c24b8-724b-4f33-9b2c-618433560aef ro memmap=45379M!4096M memmap=59G!64G quiet splash nomodeset vt.handoff=1
[    0.000000] KERNEL supported cpus:
[    0.000000]   Intel GenuineIntel
[    0.000000]   AMD AuthenticAMD
[    0.000000]   Hygon HygonGenuine
[    0.000000]   Centaur CentaurHauls
[    0.000000]   zhaoxin   Shanghai  
[    0.000000] x86/split lock detection: #AC: crashing the kernel on kernel split_locks and warning on user-space split_locks
[    0.000000] x86/fpu: Supporting XSAVE feature 0x001: 'x87 floating point registers'
[    0.000000] x86/fpu: Supporting XSAVE feature 0x002: 'SSE registers'
[    0.000000] x86/fpu: Supporting XSAVE feature 0x004: 'AVX registers'
[    0.000000] x86/fpu: Supporting XSAVE feature 0x020: 'AVX-512 opmask'
[    0.000000] x86/fpu: Supporting XSAVE feature 0x040: 'AVX-512 Hi256'
[    0.000000] x86/fpu: Supporting XSAVE feature 0x080: 'AVX-512 ZMM_Hi256'
[    0.000000] x86/fpu: Supporting XSAVE feature 0x200: 'Protection Keys User registers'
[    0.000000] x86/fpu: xstate_offset[2]:  576, xstate_sizes[2]:  256
[    0.000000] x86/fpu: xstate_offset[5]:  832, xstate_sizes[5]:   64
[    0.000000] x86/fpu: xstate_offset[6]:  896, xstate_sizes[6]:  512
[    0.000000] x86/fpu: xstate_offset[7]: 1408, xstate_sizes[7]: 1024
[    0.000000] x86/fpu: xstate_offset[9]: 2432, xstate_sizes[9]:    8
[    0.000000] x86/fpu: Enabled xstate features 0x2e7, context size is 2440 bytes, using 'compacted' format.
[    0.000000] signal: max sigframe size: 3632
[    0.000000] BIOS-provided physical RAM map:
[    0.000000] BIOS-e820: [mem 0x0000000000000000-0x000000000008efff] usable
[    0.000000] BIOS-e820: [mem 0x000000000008f000-0x000000000008ffff] reserved
[    0.000000] BIOS-e820: [mem 0x0000000000090000-0x000000000009ffff] usable
[    0.000000] BIOS-e820: [mem 0x00000000000a0000-0x00000000000fffff] reserved
[    0.000000] BIOS-e820: [mem 0x0000000000100000-0x0000000049e76fff] usable
[    0.000000] BIOS-e820: [mem 0x0000000049e77000-0x000000004ae76fff] ACPI NVS
[    0.000000] BIOS-e820: [mem 0x000000004ae77000-0x000000004b2cefff] usable
[    0.000000] BIOS-e820: [mem 0x000000004b2cf000-0x000000004b54dfff] ACPI data
[    0.000000] BIOS-e820: [mem 0x000000004b54e000-0x000000004bd93fff] usable
[    0.000000] BIOS-e820: [mem 0x000000004bd94000-0x000000004be99fff] reserved
[    0.000000] BIOS-e820: [mem 0x000000004be9a000-0x000000004cdfffff] usable
[    0.000000] BIOS-e820: [mem 0x000000004ce00000-0x000000004cffffff] reserved
[    0.000000] BIOS-e820: [mem 0x000000004d000000-0x000000005eefdfff] usable
[    0.000000] BIOS-e820: [mem 0x000000005eefe000-0x000000006e3fefff] reserved
[    0.000000] BIOS-e820: [mem 0x000000006e3ff000-0x000000006f3fefff] ACPI NVS
[    0.000000] BIOS-e820: [mem 0x000000006f3ff000-0x000000006f7fefff] ACPI data
[    0.000000] BIOS-e820: [mem 0x000000006f7ff000-0x000000006f7fffff] usable
[    0.000000] BIOS-e820: [mem 0x000000006f800000-0x000000008fffffff] reserved
[    0.000000] BIOS-e820: [mem 0x00000000fe000000-0x00000000fe010fff] reserved
[    0.000000] BIOS-e820: [mem 0x0000000100000000-0x000000207fffffff] usable
[    0.000000] BIOS-e820: [mem 0x0000002080000000-0x0000011c7fffffff] persistent (type 7)
[    0.000000] BIOS-e820: [mem 0x00001ffc00000000-0x00001fffffffffff] reserved
[    0.000000] NX (Execute Disable) protection: active
[    0.000000] e820: update [mem 0x46d5c020-0x46d6405f] usable ==> usable
[    0.000000] e820: update [mem 0x46d5c020-0x46d6405f] usable ==> usable
[    0.000000] e820: update [mem 0x46d29020-0x46d5bc5f] usable ==> usable
[    0.000000] e820: update [mem 0x46d29020-0x46d5bc5f] usable ==> usable
[    0.000000] e820: update [mem 0x46cf6020-0x46d28c5f] usable ==> usable
[    0.000000] e820: update [mem 0x46cf6020-0x46d28c5f] usable ==> usable
[    0.000000] e820: update [mem 0x46cc4020-0x46cf5a5f] usable ==> usable
[    0.000000] e820: update [mem 0x46cc4020-0x46cf5a5f] usable ==> usable
[    0.000000] extended physical RAM map:
[    0.000000] reserve setup_data: [mem 0x0000000000000000-0x000000000008efff] usable
[    0.000000] reserve setup_data: [mem 0x000000000008f000-0x000000000008ffff] reserved
[    0.000000] reserve setup_data: [mem 0x0000000000090000-0x000000000009ffff] usable
[    0.000000] reserve setup_data: [mem 0x00000000000a0000-0x00000000000fffff] reserved
[    0.000000] reserve setup_data: [mem 0x0000000000100000-0x0000000046cc401f] usable
[    0.000000] reserve setup_data: [mem 0x0000000046cc4020-0x0000000046cf5a5f] usable
[    0.000000] reserve setup_data: [mem 0x0000000046cf5a60-0x0000000046cf601f] usable
[    0.000000] reserve setup_data: [mem 0x0000000046cf6020-0x0000000046d28c5f] usable
[    0.000000] reserve setup_data: [mem 0x0000000046d28c60-0x0000000046d2901f] usable
[    0.000000] reserve setup_data: [mem 0x0000000046d29020-0x0000000046d5bc5f] usable
[    0.000000] reserve setup_data: [mem 0x0000000046d5bc60-0x0000000046d5c01f] usable
[    0.000000] reserve setup_data: [mem 0x0000000046d5c020-0x0000000046d6405f] usable
[    0.000000] reserve setup_data: [mem 0x0000000046d64060-0x0000000049e76fff] usable
[    0.000000] reserve setup_data: [mem 0x0000000049e77000-0x000000004ae76fff] ACPI NVS
[    0.000000] reserve setup_data: [mem 0x000000004ae77000-0x000000004b2cefff] usable
[    0.000000] reserve setup_data: [mem 0x000000004b2cf000-0x000000004b54dfff] ACPI data
[    0.000000] reserve setup_data: [mem 0x000000004b54e000-0x000000004bd93fff] usable
[    0.000000] reserve setup_data: [mem 0x000000004bd94000-0x000000004be99fff] reserved
[    0.000000] reserve setup_data: [mem 0x000000004be9a000-0x000000004cdfffff] usable
[    0.000000] reserve setup_data: [mem 0x000000004ce00000-0x000000004cffffff] reserved
[    0.000000] reserve setup_data: [mem 0x000000004d000000-0x000000005eefdfff] usable
[    0.000000] reserve setup_data: [mem 0x000000005eefe000-0x000000006e3fefff] reserved
[    0.000000] reserve setup_data: [mem 0x000000006e3ff000-0x000000006f3fefff] ACPI NVS
[    0.000000] reserve setup_data: [mem 0x000000006f3ff000-0x000000006f7fefff] ACPI data
[    0.000000] reserve setup_data: [mem 0x000000006f7ff000-0x000000006f7fffff] usable
[    0.000000] reserve setup_data: [mem 0x000000006f800000-0x000000008fffffff] reserved
[    0.000000] reserve setup_data: [mem 0x00000000fe000000-0x00000000fe010fff] reserved
[    0.000000] reserve setup_data: [mem 0x0000000100000000-0x0000000c142fffff] persistent (type 12)
[    0.000000] reserve setup_data: [mem 0x0000000c14300000-0x0000000fffffffff] usable
[    0.000000] reserve setup_data: [mem 0x0000001000000000-0x0000001ebfffffff] persistent (type 12)
[    0.000000] reserve setup_data: [mem 0x0000001ec0000000-0x000000207fffffff] usable
[    0.000000] reserve setup_data: [mem 0x0000002080000000-0x0000011c7fffffff] persistent (type 7)
[    0.000000] reserve setup_data: [mem 0x00001ffc00000000-0x00001fffffffffff] reserved
[    0.000000] user-defined physical RAM map:
[    0.000000] user: [mem 0x0000000000000000-0x000000000008efff] usable
[    0.000000] user: [mem 0x000000000008f000-0x000000000008ffff] reserved
[    0.000000] user: [mem 0x0000000000090000-0x000000000009ffff] usable
[    0.000000] user: [mem 0x00000000000a0000-0x00000000000fffff] reserved
[    0.000000] user: [mem 0x0000000000100000-0x0000000046cc401f] usable
[    0.000000] user: [mem 0x0000000046cc4020-0x0000000046cf5a5f] usable
[    0.000000] user: [mem 0x0000000046cf5a60-0x0000000046cf601f] usable
[    0.000000] user: [mem 0x0000000046cf6020-0x0000000046d28c5f] usable
[    0.000000] user: [mem 0x0000000046d28c60-0x0000000046d2901f] usable
[    0.000000] user: [mem 0x0000000046d29020-0x0000000046d5bc5f] usable
[    0.000000] user: [mem 0x0000000046d5bc60-0x0000000046d5c01f] usable
[    0.000000] user: [mem 0x0000000046d5c020-0x0000000046d6405f] usable
[    0.000000] user: [mem 0x0000000046d64060-0x0000000049e76fff] usable
[    0.000000] user: [mem 0x0000000049e77000-0x000000004ae76fff] ACPI NVS
[    0.000000] user: [mem 0x000000004ae77000-0x000000004b2cefff] usable
[    0.000000] user: [mem 0x000000004b2cf000-0x000000004b54dfff] ACPI data
[    0.000000] user: [mem 0x000000004b54e000-0x000000004bd93fff] usable
[    0.000000] user: [mem 0x000000004bd94000-0x000000004be99fff] reserved
[    0.000000] user: [mem 0x000000004be9a000-0x000000004cdfffff] usable
[    0.000000] user: [mem 0x000000004ce00000-0x000000004cffffff] reserved
[    0.000000] user: [mem 0x000000004d000000-0x000000005eefdfff] usable
[    0.000000] user: [mem 0x000000005eefe000-0x000000006e3fefff] reserved
[    0.000000] user: [mem 0x000000006e3ff000-0x000000006f3fefff] ACPI NVS
[    0.000000] user: [mem 0x000000006f3ff000-0x000000006f7fefff] ACPI data
[    0.000000] user: [mem 0x000000006f7ff000-0x000000006f7fffff] usable
[    0.000000] user: [mem 0x000000006f800000-0x000000008fffffff] reserved
[    0.000000] user: [mem 0x00000000fe000000-0x00000000fe010fff] reserved
[    0.000000] user: [mem 0x0000000100000000-0x0000000c142fffff] persistent (type 12)
[    0.000000] user: [mem 0x0000000c14300000-0x0000000fffffffff] usable
[    0.000000] user: [mem 0x0000001000000000-0x0000001ebfffffff] persistent (type 12)
[    0.000000] user: [mem 0x0000001ec0000000-0x000000207fffffff] usable
[    0.000000] user: [mem 0x0000002080000000-0x0000011c7fffffff] persistent (type 7)
[    0.000000] user: [mem 0x00001ffc00000000-0x00001fffffffffff] reserved
[    0.000000] efi: EFI v2.70 by Dell Inc.
[    0.000000] efi: ACPI=0x6f7fe000 ACPI 2.0=0x6f7fe014 MEMATTR=0x5b070020 SMBIOS=0x69526000 SMBIOS 3.0=0x69524000 MOKvar=0x5ef81000 RNG=0x5ef8a920 
[    0.000000] efi: seeding entropy pool
[    0.000000] SMBIOS 3.3.0 present.
[    0.000000] DMI: Dell Inc. PowerEdge R750/0K8F35, BIOS 1.10.2 03/03/2023
[    0.000000] tsc: Detected 2000.000 MHz processor
[    0.000008] e820: update [mem 0x00000000-0x00000fff] usable ==> reserved
[    0.000011] e820: remove [mem 0x000a0000-0x000fffff] usable
[    0.000019] last_pfn = 0x2080000 max_arch_pfn = 0x400000000
[    0.000236] x86/PAT: Configuration [0-7]: WB  WC  UC- UC  WB  WP  UC- WT  
[    0.003159] total RAM covered: 2095088M
[    0.003245]  gran_size: 64K 	chunk_size: 64K 	num_reg: 10  	lose cover RAM: 2016G
[    0.003248]  gran_size: 64K 	chunk_size: 128K 	num_reg: 10  	lose cover RAM: 2016G
[    0.003250]  gran_size: 64K 	chunk_size: 256K 	num_reg: 10  	lose cover RAM: 2016G
[    0.003251]  gran_size: 64K 	chunk_size: 512K 	num_reg: 10  	lose cover RAM: 2016G
[    0.003252]  gran_size: 64K 	chunk_size: 1M 	num_reg: 10  	lose cover RAM: 2016G
[    0.003254]  gran_size: 64K 	chunk_size: 2M 	num_reg: 10  	lose cover RAM: 2016G
[    0.003255]  gran_size: 64K 	chunk_size: 4M 	num_reg: 10  	lose cover RAM: 2016G
[    0.003256]  gran_size: 64K 	chunk_size: 8M 	num_reg: 10  	lose cover RAM: 2016G
[    0.003258]  gran_size: 64K 	chunk_size: 16M 	num_reg: 10  	lose cover RAM: 2016G
[    0.003260]  gran_size: 64K 	chunk_size: 32M 	num_reg: 10  	lose cover RAM: 1024G
[    0.003261]  gran_size: 64K 	chunk_size: 64M 	num_reg: 10  	lose cover RAM: 1024G
[    0.003262]  gran_size: 64K 	chunk_size: 128M 	num_reg: 10  	lose cover RAM: 1024G
[    0.003264]  gran_size: 64K 	chunk_size: 256M 	num_reg: 10  	lose cover RAM: 1024G
[    0.003265]  gran_size: 64K 	chunk_size: 512M 	num_reg: 10  	lose cover RAM: 1024G
[    0.003266]  gran_size: 64K 	chunk_size: 1G 	num_reg: 10  	lose cover RAM: 1024G
[    0.003268]  gran_size: 64K 	chunk_size: 2G 	num_reg: 10  	lose cover RAM: 1024G
[    0.003269]  gran_size: 128K 	chunk_size: 128K 	num_reg: 10  	lose cover RAM: 2016G
[    0.003270]  gran_size: 128K 	chunk_size: 256K 	num_reg: 10  	lose cover RAM: 2016G
[    0.003272]  gran_size: 128K 	chunk_size: 512K 	num_reg: 10  	lose cover RAM: 2016G
[    0.003273]  gran_size: 128K 	chunk_size: 1M 	num_reg: 10  	lose cover RAM: 2016G
[    0.003274]  gran_size: 128K 	chunk_size: 2M 	num_reg: 10  	lose cover RAM: 2016G
[    0.003276]  gran_size: 128K 	chunk_size: 4M 	num_reg: 10  	lose cover RAM: 2016G
[    0.003277]  gran_size: 128K 	chunk_size: 8M 	num_reg: 10  	lose cover RAM: 2016G
[    0.003278]  gran_size: 128K 	chunk_size: 16M 	num_reg: 10  	lose cover RAM: 2016G
[    0.003279]  gran_size: 128K 	chunk_size: 32M 	num_reg: 10  	lose cover RAM: 1024G
[    0.003281]  gran_size: 128K 	chunk_size: 64M 	num_reg: 10  	lose cover RAM: 1024G
[    0.003282]  gran_size: 128K 	chunk_size: 128M 	num_reg: 10  	lose cover RAM: 1024G
[    0.003283]  gran_size: 128K 	chunk_size: 256M 	num_reg: 10  	lose cover RAM: 1024G
[    0.003285]  gran_size: 128K 	chunk_size: 512M 	num_reg: 10  	lose cover RAM: 1024G
[    0.003286]  gran_size: 128K 	chunk_size: 1G 	num_reg: 10  	lose cover RAM: 1024G
[    0.003287]  gran_size: 128K 	chunk_size: 2G 	num_reg: 10  	lose cover RAM: 1024G
[    0.003289]  gran_size: 256K 	chunk_size: 256K 	num_reg: 10  	lose cover RAM: 2016G
[    0.003290]  gran_size: 256K 	chunk_size: 512K 	num_reg: 10  	lose cover RAM: 2016G
[    0.003292]  gran_size: 256K 	chunk_size: 1M 	num_reg: 10  	lose cover RAM: 2016G
[    0.003293]  gran_size: 256K 	chunk_size: 2M 	num_reg: 10  	lose cover RAM: 2016G
[    0.003295]  gran_size: 256K 	chunk_size: 4M 	num_reg: 10  	lose cover RAM: 2016G
[    0.003296]  gran_size: 256K 	chunk_size: 8M 	num_reg: 10  	lose cover RAM: 2016G
[    0.003297]  gran_size: 256K 	chunk_size: 16M 	num_reg: 10  	lose cover RAM: 2016G
[    0.003299]  gran_size: 256K 	chunk_size: 32M 	num_reg: 10  	lose cover RAM: 1024G
[    0.003300]  gran_size: 256K 	chunk_size: 64M 	num_reg: 10  	lose cover RAM: 1024G
[    0.003301]  gran_size: 256K 	chunk_size: 128M 	num_reg: 10  	lose cover RAM: 1024G
[    0.003302]  gran_size: 256K 	chunk_size: 256M 	num_reg: 10  	lose cover RAM: 1024G
[    0.003304]  gran_size: 256K 	chunk_size: 512M 	num_reg: 10  	lose cover RAM: 1024G
[    0.003305]  gran_size: 256K 	chunk_size: 1G 	num_reg: 10  	lose cover RAM: 1024G
[    0.003306]  gran_size: 256K 	chunk_size: 2G 	num_reg: 10  	lose cover RAM: 1024G
[    0.003308]  gran_size: 512K 	chunk_size: 512K 	num_reg: 10  	lose cover RAM: 2016G
[    0.003309]  gran_size: 512K 	chunk_size: 1M 	num_reg: 10  	lose cover RAM: 2016G
[    0.003310]  gran_size: 512K 	chunk_size: 2M 	num_reg: 10  	lose cover RAM: 2016G
[    0.003312]  gran_size: 512K 	chunk_size: 4M 	num_reg: 10  	lose cover RAM: 2016G
[    0.003313]  gran_size: 512K 	chunk_size: 8M 	num_reg: 10  	lose cover RAM: 2016G
[    0.003314]  gran_size: 512K 	chunk_size: 16M 	num_reg: 10  	lose cover RAM: 2016G
[    0.003316]  gran_size: 512K 	chunk_size: 32M 	num_reg: 10  	lose cover RAM: 1024G
[    0.003317]  gran_size: 512K 	chunk_size: 64M 	num_reg: 10  	lose cover RAM: 1024G
[    0.003318]  gran_size: 512K 	chunk_size: 128M 	num_reg: 10  	lose cover RAM: 1024G
[    0.003320]  gran_size: 512K 	chunk_size: 256M 	num_reg: 10  	lose cover RAM: 1024G
[    0.003321]  gran_size: 512K 	chunk_size: 512M 	num_reg: 10  	lose cover RAM: 1024G
[    0.003323]  gran_size: 512K 	chunk_size: 1G 	num_reg: 10  	lose cover RAM: 1024G
[    0.003324]  gran_size: 512K 	chunk_size: 2G 	num_reg: 10  	lose cover RAM: 1024G
[    0.003325]  gran_size: 1M 	chunk_size: 1M 	num_reg: 10  	lose cover RAM: 2016G
[    0.003327]  gran_size: 1M 	chunk_size: 2M 	num_reg: 10  	lose cover RAM: 2016G
[    0.003328]  gran_size: 1M 	chunk_size: 4M 	num_reg: 10  	lose cover RAM: 2016G
[    0.003330]  gran_size: 1M 	chunk_size: 8M 	num_reg: 10  	lose cover RAM: 2016G
[    0.003331]  gran_size: 1M 	chunk_size: 16M 	num_reg: 10  	lose cover RAM: 2016G
[    0.003332]  gran_size: 1M 	chunk_size: 32M 	num_reg: 10  	lose cover RAM: 1024G
[    0.003334]  gran_size: 1M 	chunk_size: 64M 	num_reg: 10  	lose cover RAM: 1024G
[    0.003335]  gran_size: 1M 	chunk_size: 128M 	num_reg: 10  	lose cover RAM: 1024G
[    0.003336]  gran_size: 1M 	chunk_size: 256M 	num_reg: 10  	lose cover RAM: 1024G
[    0.003338]  gran_size: 1M 	chunk_size: 512M 	num_reg: 10  	lose cover RAM: 1024G
[    0.003339]  gran_size: 1M 	chunk_size: 1G 	num_reg: 10  	lose cover RAM: 1024G
[    0.003340]  gran_size: 1M 	chunk_size: 2G 	num_reg: 10  	lose cover RAM: 1024G
[    0.003342]  gran_size: 2M 	chunk_size: 2M 	num_reg: 10  	lose cover RAM: 2016G
[    0.003343]  gran_size: 2M 	chunk_size: 4M 	num_reg: 10  	lose cover RAM: 2016G
[    0.003344]  gran_size: 2M 	chunk_size: 8M 	num_reg: 10  	lose cover RAM: 2016G
[    0.003346]  gran_size: 2M 	chunk_size: 16M 	num_reg: 10  	lose cover RAM: 2016G
[    0.003347]  gran_size: 2M 	chunk_size: 32M 	num_reg: 10  	lose cover RAM: 1024G
[    0.003348]  gran_size: 2M 	chunk_size: 64M 	num_reg: 10  	lose cover RAM: 1024G
[    0.003349]  gran_size: 2M 	chunk_size: 128M 	num_reg: 10  	lose cover RAM: 1024G
[    0.003351]  gran_size: 2M 	chunk_size: 256M 	num_reg: 10  	lose cover RAM: 1024G
[    0.003353]  gran_size: 2M 	chunk_size: 512M 	num_reg: 10  	lose cover RAM: 1024G
[    0.003354]  gran_size: 2M 	chunk_size: 1G 	num_reg: 10  	lose cover RAM: 1024G
[    0.003356]  gran_size: 2M 	chunk_size: 2G 	num_reg: 10  	lose cover RAM: 1024G
[    0.003357]  gran_size: 4M 	chunk_size: 4M 	num_reg: 10  	lose cover RAM: 2016G
[    0.003359]  gran_size: 4M 	chunk_size: 8M 	num_reg: 10  	lose cover RAM: 2016G
[    0.003360]  gran_size: 4M 	chunk_size: 16M 	num_reg: 10  	lose cover RAM: 2016G
[    0.003361]  gran_size: 4M 	chunk_size: 32M 	num_reg: 10  	lose cover RAM: 1024G
[    0.003362]  gran_size: 4M 	chunk_size: 64M 	num_reg: 10  	lose cover RAM: 1024G
[    0.003364]  gran_size: 4M 	chunk_size: 128M 	num_reg: 10  	lose cover RAM: 1024G
[    0.003365]  gran_size: 4M 	chunk_size: 256M 	num_reg: 10  	lose cover RAM: 1024G
[    0.003366]  gran_size: 4M 	chunk_size: 512M 	num_reg: 10  	lose cover RAM: 1024G
[    0.003368]  gran_size: 4M 	chunk_size: 1G 	num_reg: 10  	lose cover RAM: 1024G
[    0.003369]  gran_size: 4M 	chunk_size: 2G 	num_reg: 10  	lose cover RAM: 1024G
[    0.003370]  gran_size: 8M 	chunk_size: 8M 	num_reg: 10  	lose cover RAM: 2016G
[    0.003371]  gran_size: 8M 	chunk_size: 16M 	num_reg: 10  	lose cover RAM: 2016G
[    0.003373]  gran_size: 8M 	chunk_size: 32M 	num_reg: 10  	lose cover RAM: 1024G
[    0.003374]  gran_size: 8M 	chunk_size: 64M 	num_reg: 10  	lose cover RAM: 1024G
[    0.003375]  gran_size: 8M 	chunk_size: 128M 	num_reg: 10  	lose cover RAM: 1024G
[    0.003377]  gran_size: 8M 	chunk_size: 256M 	num_reg: 10  	lose cover RAM: 1024G
[    0.003378]  gran_size: 8M 	chunk_size: 512M 	num_reg: 10  	lose cover RAM: 1024G
[    0.003379]  gran_size: 8M 	chunk_size: 1G 	num_reg: 10  	lose cover RAM: 1024G
[    0.003381]  gran_size: 8M 	chunk_size: 2G 	num_reg: 10  	lose cover RAM: 1024G
[    0.003382]  gran_size: 16M 	chunk_size: 16M 	num_reg: 10  	lose cover RAM: 2016G
[    0.003383]  gran_size: 16M 	chunk_size: 32M 	num_reg: 10  	lose cover RAM: 1024G
[    0.003385]  gran_size: 16M 	chunk_size: 64M 	num_reg: 10  	lose cover RAM: 1024G
[    0.003386]  gran_size: 16M 	chunk_size: 128M 	num_reg: 10  	lose cover RAM: 1024G
[    0.003387]  gran_size: 16M 	chunk_size: 256M 	num_reg: 10  	lose cover RAM: 1024G
[    0.003389]  gran_size: 16M 	chunk_size: 512M 	num_reg: 10  	lose cover RAM: 1024G
[    0.003391]  gran_size: 16M 	chunk_size: 1G 	num_reg: 10  	lose cover RAM: 1024G
[    0.003392]  gran_size: 16M 	chunk_size: 2G 	num_reg: 10  	lose cover RAM: 1024G
[    0.003394]  gran_size: 32M 	chunk_size: 32M 	num_reg: 10  	lose cover RAM: 2031632M
[    0.003395]  gran_size: 32M 	chunk_size: 64M 	num_reg: 10  	lose cover RAM: 1048592M
[    0.003397]  gran_size: 32M 	chunk_size: 128M 	num_reg: 10  	lose cover RAM: 1048592M
[    0.003398]  gran_size: 32M 	chunk_size: 256M 	num_reg: 10  	lose cover RAM: 1048592M
[    0.003399]  gran_size: 32M 	chunk_size: 512M 	num_reg: 10  	lose cover RAM: 1048592M
[    0.003400]  gran_size: 32M 	chunk_size: 1G 	num_reg: 10  	lose cover RAM: 1048592M
[    0.003402]  gran_size: 32M 	chunk_size: 2G 	num_reg: 10  	lose cover RAM: 1048592M
[    0.003403]  gran_size: 64M 	chunk_size: 64M 	num_reg: 10  	lose cover RAM: 1966128M
[    0.003404]  gran_size: 64M 	chunk_size: 128M 	num_reg: 10  	lose cover RAM: 1048624M
[    0.003406]  gran_size: 64M 	chunk_size: 256M 	num_reg: 10  	lose cover RAM: 1048624M
[    0.003407]  gran_size: 64M 	chunk_size: 512M 	num_reg: 10  	lose cover RAM: 1048624M
[    0.003408]  gran_size: 64M 	chunk_size: 1G 	num_reg: 10  	lose cover RAM: 1048624M
[    0.003410]  gran_size: 64M 	chunk_size: 2G 	num_reg: 10  	lose cover RAM: 1048624M
[    0.003411]  gran_size: 128M 	chunk_size: 128M 	num_reg: 10  	lose cover RAM: 1835120M
[    0.003412]  gran_size: 128M 	chunk_size: 256M 	num_reg: 10  	lose cover RAM: 1048688M
[    0.003414]  gran_size: 128M 	chunk_size: 512M 	num_reg: 10  	lose cover RAM: 1048688M
[    0.003415]  gran_size: 128M 	chunk_size: 1G 	num_reg: 10  	lose cover RAM: 1048688M
[    0.003417]  gran_size: 128M 	chunk_size: 2G 	num_reg: 10  	lose cover RAM: 1048688M
[    0.003418]  gran_size: 256M 	chunk_size: 256M 	num_reg: 10  	lose cover RAM: 1573104M
[    0.003420]  gran_size: 256M 	chunk_size: 512M 	num_reg: 10  	lose cover RAM: 1048816M
[    0.003421]  gran_size: 256M 	chunk_size: 1G 	num_reg: 10  	lose cover RAM: 1048816M
[    0.003422]  gran_size: 256M 	chunk_size: 2G 	num_reg: 10  	lose cover RAM: 1048816M
[    0.003424]  gran_size: 512M 	chunk_size: 512M 	num_reg: 10  	lose cover RAM: 1049072M
[    0.003425]  gran_size: 512M 	chunk_size: 1G 	num_reg: 10  	lose cover RAM: 1049072M
[    0.003426]  gran_size: 512M 	chunk_size: 2G 	num_reg: 10  	lose cover RAM: 1049072M
[    0.003428]  gran_size: 1G 	chunk_size: 1G 	num_reg: 10  	lose cover RAM: 1008M
[    0.003429]  gran_size: 1G 	chunk_size: 2G 	num_reg: 10  	lose cover RAM: 1008M
[    0.003430]  gran_size: 2G 	chunk_size: 2G 	num_reg: 9  	lose cover RAM: 2032M
[    0.003432] mtrr_cleanup: can not find optimal value
[    0.003433] please specify mtrr_gran_size/mtrr_chunk_size
[    0.003435] e820: update [mem 0x7f000000-0xffffffff] usable ==> reserved
[    0.003439] x2apic: enabled by BIOS, switching to x2apic ops
[    0.003440] last_pfn = 0x6f800 max_arch_pfn = 0x400000000
[    0.014866] Using GB pages for direct mapping
[    0.016454] Secure boot disabled
[    0.016454] RAMDISK: [mem 0x205de61000-0x207fffffff]
[    0.016460] ACPI: Early table checksum verification disabled
[    0.016462] ACPI: RSDP 0x000000006F7FE014 000024 (v02 DELL  )
[    0.016466] ACPI: XSDT 0x000000006F41C188 0000F4 (v01 DELL   PE_SC3   00000000 DELL 01000013)
[    0.016472] ACPI: FACP 0x000000006F430000 000114 (v06 DELL   PE_SC3   00000000 DELL 00000001)
[    0.016477] ACPI: DSDT 0x000000004B4CE000 07FAD3 (v02 DELL   PE_SC3   00000003 DELL 00000001)
[    0.016481] ACPI: FACS 0x000000006F2F2000 000040
[    0.016484] ACPI: SSDT 0x000000006F7FB000 00159A (v02 INTEL  RAS_ACPI 00000001 INTL 20210331)
[    0.016488] ACPI: SSDT 0x000000006F7FA000 000745 (v02 INTEL  ADDRXLAT 00000001 INTL 20210331)
[    0.016491] ACPI: MCEJ 0x000000006F7F9000 000130 (v01 INTEL           00000001 INTL 0100000D)
[    0.016495] ACPI: BERT 0x000000006F7F8000 000030 (v01 DELL   PE_SC3   00000001 INTL 00000001)
[    0.016498] ACPI: ERST 0x000000006F7F7000 000230 (v01 DELL   PE_SC3   00000001 INTL 00000001)
[    0.016501] ACPI: SSDT 0x000000006F431000 3C524E (v02 INTEL  SSDTNVDR 00001000 INTL 20210331)
[    0.016505] ACPI: HMAT 0x000000006F42F000 000210 (v01 DELL   PE_SC3   00000001 DELL 00000001)
[    0.016508] ACPI: HPET 0x000000006F42E000 000038 (v01 DELL   PE_SC3   00000001 DELL 00000001)
[    0.016512] ACPI: MCFG 0x000000006F42D000 00003C (v01 DELL   PE_SC3   00000001 DELL 00000001)
[    0.016515] ACPI: MIGT 0x000000006F42C000 000040 (v01 DELL   PE_SC3   00000000 DELL 00000001)
[    0.016518] ACPI: MSCT 0x000000006F42B000 000090 (v01 DELL   PE_SC3   00000001 DELL 00000001)
[    0.016521] ACPI: PMTT 0x000000006F429000 0011E8 (v02 DELL   PE_SC3   00000001 DELL 00000001)
[    0.016525] ACPI: WSMT 0x000000006F428000 000028 (v01 DELL   PE_SC3   00000000 DELL 00000001)
[    0.016528] ACPI: APIC 0x000000006F427000 00075E (v04 DELL   PE_SC3   00000000 DELL 00000001)
[    0.016531] ACPI: SLIT 0x000000006F426000 00003C (v01 DELL   PE_SC3   00000001 DELL 01000013)
[    0.016535] ACPI: SRAT 0x000000006F41F000 006430 (v03 DELL   PE_SC3   00000002 DELL 01000013)
[    0.016538] ACPI: OEM4 0x000000004B346000 187A61 (v02 INTEL  CPU  CST 00003000 INTL 20210331)
[    0.016542] ACPI: SSDT 0x000000004B2CF000 0764A5 (v02 INTEL  SSDT  PM 00004000 INTL 20210331)
[    0.016545] ACPI: SSDT 0x000000006F41E000 000A1F (v02 DELL   PE_SC3   00000000 DELL 00000001)
[    0.016548] ACPI: HEST 0x000000006F41D000 00017C (v01 DELL   PE_SC3   00000001 INTL 00000001)
[    0.016552] ACPI: PCAT 0x000000006F41B000 00010C (v19 DELL   PE_SC3   00000002 DELL 00000001)
[    0.016555] ACPI: SSDT 0x000000006F413000 007299 (v02 INTEL  SpsNm    00000002 INTL 20210331)
[    0.016558] ACPI: SSDT 0x000000006F412000 000426 (v02 DELL   PE_SC3   00000002 DELL 00000001)
[    0.016562] ACPI: NFIT 0x000000006F7FD000 000488 (v01 DELL   PE_SC3   00000002 DELL 00000001)
[    0.016565] ACPI: DMAR 0x000000006F411000 000158 (v01 DELL   PE_SC3   00000001 DELL 00000001)
[    0.016567] ACPI: Reserving FACP table memory at [mem 0x6f430000-0x6f430113]
[    0.016569] ACPI: Reserving DSDT table memory at [mem 0x4b4ce000-0x4b54dad2]
[    0.016570] ACPI: Reserving FACS table memory at [mem 0x6f2f2000-0x6f2f203f]
[    0.016571] ACPI: Reserving SSDT table memory at [mem 0x6f7fb000-0x6f7fc599]
[    0.016572] ACPI: Reserving SSDT table memory at [mem 0x6f7fa000-0x6f7fa744]
[    0.016573] ACPI: Reserving MCEJ table memory at [mem 0x6f7f9000-0x6f7f912f]
[    0.016574] ACPI: Reserving BERT table memory at [mem 0x6f7f8000-0x6f7f802f]
[    0.016575] ACPI: Reserving ERST table memory at [mem 0x6f7f7000-0x6f7f722f]
[    0.016576] ACPI: Reserving SSDT table memory at [mem 0x6f431000-0x6f7f624d]
[    0.016577] ACPI: Reserving HMAT table memory at [mem 0x6f42f000-0x6f42f20f]
[    0.016577] ACPI: Reserving HPET table memory at [mem 0x6f42e000-0x6f42e037]
[    0.016578] ACPI: Reserving MCFG table memory at [mem 0x6f42d000-0x6f42d03b]
[    0.016579] ACPI: Reserving MIGT table memory at [mem 0x6f42c000-0x6f42c03f]
[    0.016580] ACPI: Reserving MSCT table memory at [mem 0x6f42b000-0x6f42b08f]
[    0.016581] ACPI: Reserving PMTT table memory at [mem 0x6f429000-0x6f42a1e7]
[    0.016582] ACPI: Reserving WSMT table memory at [mem 0x6f428000-0x6f428027]
[    0.016583] ACPI: Reserving APIC table memory at [mem 0x6f427000-0x6f42775d]
[    0.016584] ACPI: Reserving SLIT table memory at [mem 0x6f426000-0x6f42603b]
[    0.016585] ACPI: Reserving SRAT table memory at [mem 0x6f41f000-0x6f42542f]
[    0.016586] ACPI: Reserving OEM4 table memory at [mem 0x4b346000-0x4b4cda60]
[    0.016586] ACPI: Reserving SSDT table memory at [mem 0x4b2cf000-0x4b3454a4]
[    0.016588] ACPI: Reserving SSDT table memory at [mem 0x6f41e000-0x6f41ea1e]
[    0.016588] ACPI: Reserving HEST table memory at [mem 0x6f41d000-0x6f41d17b]
[    0.016589] ACPI: Reserving PCAT table memory at [mem 0x6f41b000-0x6f41b10b]
[    0.016590] ACPI: Reserving SSDT table memory at [mem 0x6f413000-0x6f41a298]
[    0.016591] ACPI: Reserving SSDT table memory at [mem 0x6f412000-0x6f412425]
[    0.016592] ACPI: Reserving NFIT table memory at [mem 0x6f7fd000-0x6f7fd487]
[    0.016593] ACPI: Reserving DMAR table memory at [mem 0x6f411000-0x6f411157]
[    0.016604] Setting APIC routing to cluster x2apic.
[    0.016652] SRAT: PXM 0 -> APIC 0x0000 -> Node 0
[    0.016653] SRAT: PXM 0 -> APIC 0x0001 -> Node 0
[    0.016654] SRAT: PXM 0 -> APIC 0x0002 -> Node 0
[    0.016655] SRAT: PXM 0 -> APIC 0x0003 -> Node 0
[    0.016655] SRAT: PXM 0 -> APIC 0x0004 -> Node 0
[    0.016656] SRAT: PXM 0 -> APIC 0x0005 -> Node 0
[    0.016657] SRAT: PXM 0 -> APIC 0x0006 -> Node 0
[    0.016657] SRAT: PXM 0 -> APIC 0x0007 -> Node 0
[    0.016658] SRAT: PXM 0 -> APIC 0x0008 -> Node 0
[    0.016659] SRAT: PXM 0 -> APIC 0x0009 -> Node 0
[    0.016659] SRAT: PXM 0 -> APIC 0x000a -> Node 0
[    0.016660] SRAT: PXM 0 -> APIC 0x000b -> Node 0
[    0.016661] SRAT: PXM 0 -> APIC 0x000c -> Node 0
[    0.016662] SRAT: PXM 0 -> APIC 0x000d -> Node 0
[    0.016662] SRAT: PXM 0 -> APIC 0x000e -> Node 0
[    0.016663] SRAT: PXM 0 -> APIC 0x000f -> Node 0
[    0.016664] SRAT: PXM 0 -> APIC 0x0010 -> Node 0
[    0.016665] SRAT: PXM 0 -> APIC 0x0011 -> Node 0
[    0.016666] SRAT: PXM 0 -> APIC 0x0012 -> Node 0
[    0.016666] SRAT: PXM 0 -> APIC 0x0013 -> Node 0
[    0.016667] SRAT: PXM 0 -> APIC 0x0014 -> Node 0
[    0.016668] SRAT: PXM 0 -> APIC 0x0015 -> Node 0
[    0.016668] SRAT: PXM 0 -> APIC 0x0016 -> Node 0
[    0.016669] SRAT: PXM 0 -> APIC 0x0017 -> Node 0
[    0.016670] SRAT: PXM 0 -> APIC 0x0018 -> Node 0
[    0.016671] SRAT: PXM 0 -> APIC 0x0019 -> Node 0
[    0.016671] SRAT: PXM 0 -> APIC 0x001a -> Node 0
[    0.016672] SRAT: PXM 0 -> APIC 0x001b -> Node 0
[    0.016673] SRAT: PXM 0 -> APIC 0x001c -> Node 0
[    0.016673] SRAT: PXM 0 -> APIC 0x001d -> Node 0
[    0.016674] SRAT: PXM 0 -> APIC 0x001e -> Node 0
[    0.016674] SRAT: PXM 0 -> APIC 0x001f -> Node 0
[    0.016675] SRAT: PXM 0 -> APIC 0x0020 -> Node 0
[    0.016676] SRAT: PXM 0 -> APIC 0x0021 -> Node 0
[    0.016676] SRAT: PXM 0 -> APIC 0x0022 -> Node 0
[    0.016677] SRAT: PXM 0 -> APIC 0x0023 -> Node 0
[    0.016678] SRAT: PXM 0 -> APIC 0x0024 -> Node 0
[    0.016678] SRAT: PXM 0 -> APIC 0x0025 -> Node 0
[    0.016679] SRAT: PXM 0 -> APIC 0x0026 -> Node 0
[    0.016680] SRAT: PXM 0 -> APIC 0x0027 -> Node 0
[    0.016680] SRAT: PXM 0 -> APIC 0x0028 -> Node 0
[    0.016681] SRAT: PXM 0 -> APIC 0x0029 -> Node 0
[    0.016681] SRAT: PXM 0 -> APIC 0x002a -> Node 0
[    0.016682] SRAT: PXM 0 -> APIC 0x002b -> Node 0
[    0.016683] SRAT: PXM 0 -> APIC 0x002c -> Node 0
[    0.016683] SRAT: PXM 0 -> APIC 0x002d -> Node 0
[    0.016684] SRAT: PXM 0 -> APIC 0x002e -> Node 0
[    0.016685] SRAT: PXM 0 -> APIC 0x002f -> Node 0
[    0.016685] SRAT: PXM 0 -> APIC 0x0030 -> Node 0
[    0.016686] SRAT: PXM 0 -> APIC 0x0031 -> Node 0
[    0.016687] SRAT: PXM 0 -> APIC 0x0032 -> Node 0
[    0.016687] SRAT: PXM 0 -> APIC 0x0033 -> Node 0
[    0.016688] SRAT: PXM 0 -> APIC 0x0034 -> Node 0
[    0.016689] SRAT: PXM 0 -> APIC 0x0035 -> Node 0
[    0.016689] SRAT: PXM 0 -> APIC 0x0036 -> Node 0
[    0.016690] SRAT: PXM 0 -> APIC 0x0037 -> Node 0
[    0.016691] SRAT: PXM 1 -> APIC 0x0080 -> Node 1
[    0.016691] SRAT: PXM 1 -> APIC 0x0081 -> Node 1
[    0.016692] SRAT: PXM 1 -> APIC 0x0082 -> Node 1
[    0.016693] SRAT: PXM 1 -> APIC 0x0083 -> Node 1
[    0.016694] SRAT: PXM 1 -> APIC 0x0084 -> Node 1
[    0.016695] SRAT: PXM 1 -> APIC 0x0085 -> Node 1
[    0.016696] SRAT: PXM 1 -> APIC 0x0086 -> Node 1
[    0.016696] SRAT: PXM 1 -> APIC 0x0087 -> Node 1
[    0.016697] SRAT: PXM 1 -> APIC 0x0088 -> Node 1
[    0.016698] SRAT: PXM 1 -> APIC 0x0089 -> Node 1
[    0.016698] SRAT: PXM 1 -> APIC 0x008a -> Node 1
[    0.016699] SRAT: PXM 1 -> APIC 0x008b -> Node 1
[    0.016700] SRAT: PXM 1 -> APIC 0x008c -> Node 1
[    0.016700] SRAT: PXM 1 -> APIC 0x008d -> Node 1
[    0.016701] SRAT: PXM 1 -> APIC 0x008e -> Node 1
[    0.016702] SRAT: PXM 1 -> APIC 0x008f -> Node 1
[    0.016702] SRAT: PXM 1 -> APIC 0x0090 -> Node 1
[    0.016703] SRAT: PXM 1 -> APIC 0x0091 -> Node 1
[    0.016704] SRAT: PXM 1 -> APIC 0x0092 -> Node 1
[    0.016704] SRAT: PXM 1 -> APIC 0x0093 -> Node 1
[    0.016705] SRAT: PXM 1 -> APIC 0x0094 -> Node 1
[    0.016706] SRAT: PXM 1 -> APIC 0x0095 -> Node 1
[    0.016706] SRAT: PXM 1 -> APIC 0x0096 -> Node 1
[    0.016707] SRAT: PXM 1 -> APIC 0x0097 -> Node 1
[    0.016708] SRAT: PXM 1 -> APIC 0x0098 -> Node 1
[    0.016708] SRAT: PXM 1 -> APIC 0x0099 -> Node 1
[    0.016709] SRAT: PXM 1 -> APIC 0x009a -> Node 1
[    0.016709] SRAT: PXM 1 -> APIC 0x009b -> Node 1
[    0.016710] SRAT: PXM 1 -> APIC 0x009c -> Node 1
[    0.016711] SRAT: PXM 1 -> APIC 0x009d -> Node 1
[    0.016711] SRAT: PXM 1 -> APIC 0x009e -> Node 1
[    0.016712] SRAT: PXM 1 -> APIC 0x009f -> Node 1
[    0.016713] SRAT: PXM 1 -> APIC 0x00a0 -> Node 1
[    0.016713] SRAT: PXM 1 -> APIC 0x00a1 -> Node 1
[    0.016714] SRAT: PXM 1 -> APIC 0x00a2 -> Node 1
[    0.016715] SRAT: PXM 1 -> APIC 0x00a3 -> Node 1
[    0.016715] SRAT: PXM 1 -> APIC 0x00a4 -> Node 1
[    0.016716] SRAT: PXM 1 -> APIC 0x00a5 -> Node 1
[    0.016717] SRAT: PXM 1 -> APIC 0x00a6 -> Node 1
[    0.016717] SRAT: PXM 1 -> APIC 0x00a7 -> Node 1
[    0.016718] SRAT: PXM 1 -> APIC 0x00a8 -> Node 1
[    0.016718] SRAT: PXM 1 -> APIC 0x00a9 -> Node 1
[    0.016719] SRAT: PXM 1 -> APIC 0x00aa -> Node 1
[    0.016720] SRAT: PXM 1 -> APIC 0x00ab -> Node 1
[    0.016721] SRAT: PXM 1 -> APIC 0x00ac -> Node 1
[    0.016721] SRAT: PXM 1 -> APIC 0x00ad -> Node 1
[    0.016722] SRAT: PXM 1 -> APIC 0x00ae -> Node 1
[    0.016723] SRAT: PXM 1 -> APIC 0x00af -> Node 1
[    0.016723] SRAT: PXM 1 -> APIC 0x00b0 -> Node 1
[    0.016725] SRAT: PXM 1 -> APIC 0x00b1 -> Node 1
[    0.016725] SRAT: PXM 1 -> APIC 0x00b2 -> Node 1
[    0.016726] SRAT: PXM 1 -> APIC 0x00b3 -> Node 1
[    0.016727] SRAT: PXM 1 -> APIC 0x00b4 -> Node 1
[    0.016727] SRAT: PXM 1 -> APIC 0x00b5 -> Node 1
[    0.016728] SRAT: PXM 1 -> APIC 0x00b6 -> Node 1
[    0.016729] SRAT: PXM 1 -> APIC 0x00b7 -> Node 1
[    0.016741] ACPI: SRAT: Node 0 PXM 0 [mem 0x00000000-0x7fffffff]
[    0.016743] ACPI: SRAT: Node 0 PXM 0 [mem 0x100000000-0x107fffffff]
[    0.016744] ACPI: SRAT: Node 2 PXM 2 [mem 0x2080000000-0x9e7fffffff] non-volatile
[    0.016746] ACPI: SRAT: Node 1 PXM 1 [mem 0x1080000000-0x207fffffff]
[    0.016747] ACPI: SRAT: Node 3 PXM 3 [mem 0x9e80000000-0x11c7fffffff] non-volatile
[    0.016756] NUMA: Initialized distance table, cnt=4
[    0.016760] NUMA: Node 0 [mem 0x00000000-0x7fffffff] + [mem 0x100000000-0x107fffffff] -> [mem 0x00000000-0x107fffffff]
[    0.016769] NODE_DATA(0) allocated [mem 0xffffd5000-0xfffffffff]
[    0.016786] NODE_DATA(1) allocated [mem 0x205de32000-0x205de5cfff]
[    0.016961] Zone ranges:
[    0.016962]   DMA      [mem 0x0000000000001000-0x0000000000ffffff]
[    0.016964]   DMA32    [mem 0x0000000001000000-0x00000000ffffffff]
[    0.016965]   Normal   [mem 0x0000000100000000-0x000000207fffffff]
[    0.016967]   Device   empty
[    0.016968] Movable zone start for each node
[    0.016971] Early memory node ranges
[    0.016972]   node   0: [mem 0x0000000000001000-0x000000000008efff]
[    0.016974]   node   0: [mem 0x0000000000090000-0x000000000009ffff]
[    0.016975]   node   0: [mem 0x0000000000100000-0x0000000049e76fff]
[    0.016976]   node   0: [mem 0x000000004ae77000-0x000000004b2cefff]
[    0.016977]   node   0: [mem 0x000000004b54e000-0x000000004bd93fff]
[    0.016977]   node   0: [mem 0x000000004be9a000-0x000000004cdfffff]
[    0.016978]   node   0: [mem 0x000000004d000000-0x000000005eefdfff]
[    0.016979]   node   0: [mem 0x000000006f7ff000-0x000000006f7fffff]
[    0.016980]   node   0: [mem 0x0000000c14300000-0x0000000fffffffff]
[    0.016982]   node   1: [mem 0x0000001ec0000000-0x000000207fffffff]
[    0.016983] Initmem setup node 0 [mem 0x0000000000001000-0x0000000fffffffff]
[    0.016986] Initmem setup node 1 [mem 0x0000001ec0000000-0x000000207fffffff]
[    0.016988] Initializing node 2 as memoryless
[    0.017010] Initmem setup node 2 as memoryless
[    0.017010] Initializing node 3 as memoryless
[    0.017032] Initmem setup node 3 as memoryless
[    0.017034] On node 0, zone DMA: 1 pages in unavailable ranges
[    0.017035] On node 0, zone DMA: 1 pages in unavailable ranges
[    0.017065] On node 0, zone DMA: 96 pages in unavailable ranges
[    0.018959] On node 0, zone DMA32: 4096 pages in unavailable ranges
[    0.018981] On node 0, zone DMA32: 639 pages in unavailable ranges
[    0.019013] On node 0, zone DMA32: 262 pages in unavailable ranges
[    0.019516] On node 0, zone DMA32: 512 pages in unavailable ranges
[    0.019812] On node 0, zone DMA32: 35073 pages in unavailable ranges
[    0.049501] On node 0, zone Normal: 19200 pages in unavailable ranges
[    0.063753] ACPI: PM-Timer IO Port: 0x508
[    0.063774] ACPI: X2APIC_NMI (uid[0xffffffff] high edge lint[0x1])
[    0.063778] ACPI: LAPIC_NMI (acpi_id[0xff] high edge lint[0x1])
[    0.063798] IOAPIC[0]: apic_id 8, version 32, address 0xfec00000, GSI 0-119
[    0.063801] ACPI: INT_SRC_OVR (bus 0 bus_irq 0 global_irq 2 dfl dfl)
[    0.063804] ACPI: INT_SRC_OVR (bus 0 bus_irq 9 global_irq 9 high level)
[    0.063808] ACPI: Using ACPI (MADT) for SMP configuration information
[    0.063810] ACPI: HPET id: 0x8086a701 base: 0xfed00000
[    0.063816] TSC deadline timer available
[    0.063817] smpboot: Allowing 112 CPUs, 0 hotplug CPUs
[    0.063848] PM: hibernation: Registered nosave memory: [mem 0x00000000-0x00000fff]
[    0.063850] PM: hibernation: Registered nosave memory: [mem 0x0008f000-0x0008ffff]
[    0.063852] PM: hibernation: Registered nosave memory: [mem 0x000a0000-0x000fffff]
[    0.063854] PM: hibernation: Registered nosave memory: [mem 0x46cc4000-0x46cc4fff]
[    0.063856] PM: hibernation: Registered nosave memory: [mem 0x46cf5000-0x46cf5fff]
[    0.063857] PM: hibernation: Registered nosave memory: [mem 0x46cf6000-0x46cf6fff]
[    0.063859] PM: hibernation: Registered nosave memory: [mem 0x46d28000-0x46d28fff]
[    0.063860] PM: hibernation: Registered nosave memory: [mem 0x46d29000-0x46d29fff]
[    0.063861] PM: hibernation: Registered nosave memory: [mem 0x46d5b000-0x46d5bfff]
[    0.063862] PM: hibernation: Registered nosave memory: [mem 0x46d5c000-0x46d5cfff]
[    0.063864] PM: hibernation: Registered nosave memory: [mem 0x46d64000-0x46d64fff]
[    0.063866] PM: hibernation: Registered nosave memory: [mem 0x49e77000-0x4ae76fff]
[    0.063868] PM: hibernation: Registered nosave memory: [mem 0x4b2cf000-0x4b54dfff]
[    0.063869] PM: hibernation: Registered nosave memory: [mem 0x4bd94000-0x4be99fff]
[    0.063871] PM: hibernation: Registered nosave memory: [mem 0x4ce00000-0x4cffffff]
[    0.063873] PM: hibernation: Registered nosave memory: [mem 0x5eefe000-0x6e3fefff]
[    0.063874] PM: hibernation: Registered nosave memory: [mem 0x6e3ff000-0x6f3fefff]
[    0.063875] PM: hibernation: Registered nosave memory: [mem 0x6f3ff000-0x6f7fefff]
[    0.063876] PM: hibernation: Registered nosave memory: [mem 0x6f800000-0x8fffffff]
[    0.063877] PM: hibernation: Registered nosave memory: [mem 0x90000000-0xfdffffff]
[    0.063878] PM: hibernation: Registered nosave memory: [mem 0xfe000000-0xfe010fff]
[    0.063879] PM: hibernation: Registered nosave memory: [mem 0xfe011000-0xffffffff]
[    0.063880] PM: hibernation: Registered nosave memory: [mem 0x100000000-0xc142fffff]
[    0.063882] PM: hibernation: Registered nosave memory: [mem 0x1000000000-0x1ebfffffff]
[    0.063885] [mem 0x90000000-0xfdffffff] available for PCI devices
[    0.063887] Booting paravirtualized kernel on bare hardware
[    0.063891] clocksource: refined-jiffies: mask: 0xffffffff max_cycles: 0xffffffff, max_idle_ns: 7645519600211568 ns
[    0.063897] setup_percpu: NR_CPUS:8192 nr_cpumask_bits:112 nr_cpu_ids:112 nr_node_ids:4
[    0.068689] percpu: Embedded 61 pages/cpu s212992 r8192 d28672 u262144
[    0.068701] pcpu-alloc: s212992 r8192 d28672 u262144 alloc=1*2097152
[    0.068704] pcpu-alloc: [0] 000 002 004 006 008 010 012 014 
[    0.068710] pcpu-alloc: [0] 016 018 020 022 024 026 028 030 
[    0.068715] pcpu-alloc: [0] 032 034 036 038 040 042 044 046 
[    0.068720] pcpu-alloc: [0] 048 050 052 054 056 058 060 062 
[    0.068724] pcpu-alloc: [0] 064 066 068 070 072 074 076 078 
[    0.068729] pcpu-alloc: [0] 080 082 084 086 088 090 092 094 
[    0.068733] pcpu-alloc: [0] 096 098 100 102 104 106 108 110 
[    0.068738] pcpu-alloc: [1] 001 003 005 007 009 011 013 015 
[    0.068743] pcpu-alloc: [1] 017 019 021 023 025 027 029 031 
[    0.068747] pcpu-alloc: [1] 033 035 037 039 041 043 045 047 
[    0.068751] pcpu-alloc: [1] 049 051 053 055 057 059 061 063 
[    0.068756] pcpu-alloc: [1] 065 067 069 071 073 075 077 079 
[    0.068760] pcpu-alloc: [1] 081 083 085 087 089 091 093 095 
[    0.068765] pcpu-alloc: [1] 097 099 101 103 105 107 109 111 
[    0.068813] Fallback order for Node 0: 0 1 
[    0.068816] Fallback order for Node 1: 1 0 
[    0.068819] Fallback order for Node 2: 2 0 1 
[    0.068822] Fallback order for Node 3: 3 1 0 
[    0.068831] Built 2 zonelists, mobility grouping on.  Total pages: 6229792
[    0.068832] Policy zone: Normal
[    0.068834] Kernel command line: BOOT_IMAGE=/boot/vmlinuz-5.18.0 root=UUID=ce0c24b8-724b-4f33-9b2c-618433560aef ro memmap=45379M!4096M memmap=59G!64G quiet splash nomodeset vt.handoff=1
[    0.068966] Booted with the nomodeset parameter. Only the system framebuffer will be available
[    0.068989] Unknown kernel command line parameters "splash BOOT_IMAGE=/boot/vmlinuz-5.18.0", will be passed to user space.
[    0.068991] printk: log_buf_len individual max cpu contribution: 4096 bytes
[    0.068992] printk: log_buf_len total cpu_extra contributions: 454656 bytes
[    0.068993] printk: log_buf_len min size: 262144 bytes
[    0.069972] printk: log_buf_len: 1048576 bytes
[    0.069973] printk: early log buf free: 223664(85%)
[    0.071884] mem auto-init: stack:off, heap alloc:on, heap free:off
[    0.138698] Memory: 24091560K/25319520K available (16392K kernel code, 3615K rwdata, 10444K rodata, 2688K init, 5836K bss, 1227700K reserved, 0K cma-reserved)
[    0.138706] random: get_random_u64 called from __kmem_cache_create+0x2d/0x480 with crng_init=0
[    0.139418] SLUB: HWalign=64, Order=0-3, MinObjects=0, CPUs=112, Nodes=4
[    0.139451] ftrace: allocating 48795 entries in 191 pages
[    0.148936] ftrace: allocated 191 pages with 7 groups
[    0.150012] Dynamic Preempt: voluntary
[    0.150322] rcu: Preemptible hierarchical RCU implementation.
[    0.150323] rcu: 	RCU restricting CPUs from NR_CPUS=8192 to nr_cpu_ids=112.
[    0.150325] 	Trampoline variant of Tasks RCU enabled.
[    0.150326] 	Rude variant of Tasks RCU enabled.
[    0.150326] 	Tracing variant of Tasks RCU enabled.
[    0.150327] rcu: RCU calculated value of scheduler-enlistment delay is 25 jiffies.
[    0.150328] rcu: Adjusting geometry for rcu_fanout_leaf=16, nr_cpu_ids=112
[    0.154254] NR_IRQS: 524544, nr_irqs: 2952, preallocated irqs: 16
[    0.154616] random: crng init done (trusting CPU's manufacturer)
[    0.154759] Console: colour dummy device 80x25
[    0.154795] printk: console [tty0] enabled
[    0.155004] mempolicy: Enabling automatic NUMA balancing. Configure with numa_balancing= or the kernel.numa_balancing sysctl
[    0.155010] ACPI: Core revision 20211217
[    0.158365] clocksource: hpet: mask: 0xffffffff max_cycles: 0xffffffff, max_idle_ns: 79635855245 ns
[    0.158411] APIC: Switch to symmetric I/O mode setup
[    0.158413] DMAR: Host address width 46
[    0.158414] DMAR: DRHD base: 0x000000d0ffc000 flags: 0x0
[    0.158420] DMAR: dmar0: reg_base_addr d0ffc000 ver 4:0 cap 8ed008c40780466 ecap 60000f050df
[    0.158423] DMAR: DRHD base: 0x000000dbbfc000 flags: 0x0
[    0.158426] DMAR: dmar1: reg_base_addr dbbfc000 ver 4:0 cap 8ed008c40780466 ecap 60000f050df
[    0.158428] DMAR: DRHD base: 0x000000e67fc000 flags: 0x0
[    0.158432] DMAR: dmar2: reg_base_addr e67fc000 ver 4:0 cap 8ed008c40780466 ecap 60000f050df
[    0.158434] DMAR: DRHD base: 0x000000f13fc000 flags: 0x0
[    0.158437] DMAR: dmar3: reg_base_addr f13fc000 ver 4:0 cap 8ed008c40780466 ecap 60000f050df
[    0.158439] DMAR: DRHD base: 0x000000fb7fc000 flags: 0x0
[    0.158441] DMAR: dmar4: reg_base_addr fb7fc000 ver 4:0 cap 8ed008c40780466 ecap 60000f050df
[    0.158443] DMAR: DRHD base: 0x000000a63fc000 flags: 0x0
[    0.158446] DMAR: dmar5: reg_base_addr a63fc000 ver 4:0 cap 8ed008c40780466 ecap 60000f050df
[    0.158448] DMAR: DRHD base: 0x000000b0ffc000 flags: 0x0
[    0.158452] DMAR: dmar6: reg_base_addr b0ffc000 ver 4:0 cap 8ed008c40780466 ecap 60000f050df
[    0.158454] DMAR: DRHD base: 0x000000bbbfc000 flags: 0x0
[    0.158457] DMAR: dmar7: reg_base_addr bbbfc000 ver 4:0 cap 8ed008c40780466 ecap 60000f050df
[    0.158458] DMAR: DRHD base: 0x000000c5ffc000 flags: 0x0
[    0.158461] DMAR: dmar8: reg_base_addr c5ffc000 ver 4:0 cap 8ed008c40780466 ecap 60000f050df
[    0.158463] DMAR: DRHD base: 0x0000009b7fc000 flags: 0x1
[    0.158465] DMAR: dmar9: reg_base_addr 9b7fc000 ver 4:0 cap 8ed008c40780466 ecap 60000f050df
[    0.158467] DMAR: RMRR base: 0x00000069427000 end: 0x00000069429fff
[    0.158469] DMAR: ATSR flags: 0x0
[    0.158472] DMAR-IR: IOAPIC id 8 under DRHD base  0x9b7fc000 IOMMU 9
[    0.158473] DMAR-IR: HPET id 0 under DRHD base 0x9b7fc000
[    0.158474] DMAR-IR: Queued invalidation will be enabled to support x2apic and Intr-remapping.
[    0.161465] DMAR-IR: Enabled IRQ remapping in x2apic mode
[    0.164096] ..TIMER: vector=0x30 apic1=0 pin1=2 apic2=-1 pin2=-1
[    0.182340] clocksource: tsc-early: mask: 0xffffffffffffffff max_cycles: 0x39a85c9bff6, max_idle_ns: 881590591483 ns
[    0.182346] Calibrating delay loop (skipped), value calculated using timer frequency.. 4000.00 BogoMIPS (lpj=8000000)
[    0.182350] pid_max: default: 114688 minimum: 896
[    0.186297] LSM: Security Framework initializing
[    0.186322] Yama: becoming mindful.
[    0.186400] AppArmor: AppArmor initialized
[    0.190423] Dentry cache hash table entries: 4194304 (order: 13, 33554432 bytes, vmalloc hugepage)
[    0.192467] Inode-cache hash table entries: 2097152 (order: 12, 16777216 bytes, vmalloc hugepage)
[    0.192579] Mount-cache hash table entries: 65536 (order: 7, 524288 bytes, vmalloc)
[    0.192647] Mountpoint-cache hash table entries: 65536 (order: 7, 524288 bytes, vmalloc)
[    0.193259] x86/tme: not enabled by BIOS
[    0.193269] CPU0: Thermal monitoring enabled (TM1)
[    0.193272] x86/cpu: User Mode Instruction Prevention (UMIP) activated
[    0.193507] process: using mwait in idle threads
[    0.193510] Last level iTLB entries: 4KB 0, 2MB 0, 4MB 0
[    0.193511] Last level dTLB entries: 4KB 0, 2MB 0, 4MB 0, 1GB 0
[    0.193518] Spectre V1 : Mitigation: usercopy/swapgs barriers and __user pointer sanitization
[    0.193520] Spectre V2 : WARNING: Unprivileged eBPF is enabled with eIBRS on, data leaks possible via Spectre v2 BHB attacks!
[    0.193526] Spectre V2 : Mitigation: Enhanced IBRS
[    0.193527] Spectre V2 : Spectre v2 / SpectreRSB mitigation: Filling RSB on context switch
[    0.193528] Spectre V2 : mitigation: Enabling conditional Indirect Branch Prediction Barrier
[    0.193530] Speculative Store Bypass: Mitigation: Speculative Store Bypass disabled via prctl
[    0.199198] Freeing SMP alternatives memory: 40K
[    0.202507] smpboot: Estimated ratio of average max frequency by base frequency (times 1024): 1433
[    0.202524] smpboot: CPU0: Intel(R) Xeon(R) Gold 6330 CPU @ 2.00GHz (family: 0x6, model: 0x6a, stepping: 0x6)
[    0.202746] cblist_init_generic: Setting adjustable number of callback queues.
[    0.202762] cblist_init_generic: Setting shift to 7 and lim to 1.
[    0.202788] cblist_init_generic: Setting shift to 7 and lim to 1.
[    0.202817] cblist_init_generic: Setting shift to 7 and lim to 1.
[    0.202828] Performance Events: PEBS fmt4+-baseline,  AnyThread deprecated, Icelake events, 32-deep LBR, full-width counters, Intel PMU driver.
[    0.202868] ... version:                5
[    0.202869] ... bit width:              48
[    0.202869] ... generic registers:      8
[    0.202870] ... value mask:             0000ffffffffffff
[    0.202871] ... max period:             00007fffffffffff
[    0.202871] ... fixed-purpose events:   4
[    0.202872] ... event mask:             0001000f000000ff
[    0.203025] rcu: Hierarchical SRCU implementation.
[    0.210323] NMI watchdog: Enabled. Permanently consumes one hw-PMU counter.
[    0.211419] smp: Bringing up secondary CPUs ...
[    0.211554] x86: Booting SMP configuration:
[    0.211556] .... node  #1, CPUs:          #1
[    0.007735] smpboot: CPU 1 Converting physical 0 to logical die 1

[    0.298462] .... node  #0, CPUs:     #2
[    0.303847] .... node  #1, CPUs:     #3
[    0.309318] .... node  #0, CPUs:     #4
[    0.314698] .... node  #1, CPUs:     #5
[    0.320121] .... node  #0, CPUs:     #6
[    0.325714] .... node  #1, CPUs:     #7
[    0.331334] .... node  #0, CPUs:     #8
[    0.336641] .... node  #1, CPUs:     #9
[    0.342448] .... node  #0, CPUs:    #10
[    0.348126] .... node  #1, CPUs:    #11
[    0.353909] .... node  #0, CPUs:    #12
[    0.359428] .... node  #1, CPUs:    #13
[    0.364812] .... node  #0, CPUs:    #14
[    0.370044] .... node  #1, CPUs:    #15
[    0.375393] .... node  #0, CPUs:    #16
[    0.380680] .... node  #1, CPUs:    #17
[    0.386019] .... node  #0, CPUs:    #18
[    0.391278] .... node  #1, CPUs:    #19
[    0.396964] .... node  #0, CPUs:    #20
[    0.402486] .... node  #1, CPUs:    #21
[    0.407867] .... node  #0, CPUs:    #22
[    0.413307] .... node  #1, CPUs:    #23
[    0.418607] .... node  #0, CPUs:    #24
[    0.424245] .... node  #1, CPUs:    #25
[    0.429609] .... node  #0, CPUs:    #26
[    0.434833] .... node  #1, CPUs:    #27
[    0.440178] .... node  #0, CPUs:    #28
[    0.445689] .... node  #1, CPUs:    #29
[    0.451028] .... node  #0, CPUs:    #30
[    0.456264] .... node  #1, CPUs:    #31
[    0.461773] .... node  #0, CPUs:    #32
[    0.467064] .... node  #1, CPUs:    #33
[    0.472462] .... node  #0, CPUs:    #34
[    0.477909] .... node  #1, CPUs:    #35
[    0.483265] .... node  #0, CPUs:    #36
[    0.488486] .... node  #1, CPUs:    #37
[    0.493820] .... node  #0, CPUs:    #38
[    0.499385] .... node  #1, CPUs:    #39
[    0.504957] .... node  #0, CPUs:    #40
[    0.510562] .... node  #1, CPUs:    #41
[    0.516354] .... node  #0, CPUs:    #42
[    0.521677] .... node  #1, CPUs:    #43
[    0.527356] .... node  #0, CPUs:    #44
[    0.532726] .... node  #1, CPUs:    #45
[    0.538451] .... node  #0, CPUs:    #46
[    0.543782] .... node  #1, CPUs:    #47
[    0.549262] .... node  #0, CPUs:    #48
[    0.554611] .... node  #1, CPUs:    #49
[    0.560079] .... node  #0, CPUs:    #50
[    0.565583] .... node  #1, CPUs:    #51
[    0.571253] .... node  #0, CPUs:    #52
[    0.576724] .... node  #1, CPUs:    #53
[    0.582453] .... node  #0, CPUs:    #54
[    0.588065] .... node  #1, CPUs:    #55
[    0.593895] .... node  #0, CPUs:    #56
[    0.598344] .... node  #1, CPUs:    #57
[    0.602100] .... node  #0, CPUs:    #58
[    0.607517] .... node  #1, CPUs:    #59
[    0.612992] .... node  #0, CPUs:    #60
[    0.618524] .... node  #1, CPUs:    #61
[    0.623835] .... node  #0, CPUs:    #62
[    0.629437] .... node  #1, CPUs:    #63
[    0.635075] .... node  #0, CPUs:    #64
[    0.640392] .... node  #1, CPUs:    #65
[    0.646389] .... node  #0, CPUs:    #66
[    0.651922] .... node  #1, CPUs:    #67
[    0.657715] .... node  #0, CPUs:    #68
[    0.663258] .... node  #1, CPUs:    #69
[    0.668673] .... node  #0, CPUs:    #70
[    0.673937] .... node  #1, CPUs:    #71
[    0.679313] .... node  #0, CPUs:    #72
[    0.684615] .... node  #1, CPUs:    #73
[    0.689963] .... node  #0, CPUs:    #74
[    0.695245] .... node  #1, CPUs:    #75
[    0.700936] .... node  #0, CPUs:    #76
[    0.706494] .... node  #1, CPUs:    #77
[    0.711880] .... node  #0, CPUs:    #78
[    0.717350] .... node  #1, CPUs:    #79
[    0.722675] .... node  #0, CPUs:    #80
[    0.728319] .... node  #1, CPUs:    #81
[    0.733712] .... node  #0, CPUs:    #82
[    0.738958] .... node  #1, CPUs:    #83
[    0.744324] .... node  #0, CPUs:    #84
[    0.749863] .... node  #1, CPUs:    #85
[    0.755202] .... node  #0, CPUs:    #86
[    0.760462] .... node  #1, CPUs:    #87
[    0.765996] .... node  #0, CPUs:    #88
[    0.771308] .... node  #1, CPUs:    #89
[    0.776735] .... node  #0, CPUs:    #90
[    0.782492] .... node  #1, CPUs:    #91
[    0.787574] .... node  #0, CPUs:    #92
[    0.792818] .... node  #1, CPUs:    #93
[    0.798418] .... node  #0, CPUs:    #94
[    0.803778] .... node  #1, CPUs:    #95
[    0.809368] .... node  #0, CPUs:    #96
[    0.814996] .... node  #1, CPUs:    #97
[    0.820807] .... node  #0, CPUs:    #98
[    0.826466] .... node  #1, CPUs:    #99
[    0.831885] .... node  #0, CPUs:   #100
[    0.837274] .... node  #1, CPUs:   #101
[    0.842803] .... node  #0, CPUs:   #102
[    0.848368] .... node  #1, CPUs:   #103
[    0.853878] .... node  #0, CPUs:   #104
[    0.859234] .... node  #1, CPUs:   #105
[    0.864719] .... node  #0, CPUs:   #106
[    0.870546] .... node  #1, CPUs:   #107
[    0.875949] .... node  #0, CPUs:   #108
[    0.881448] .... node  #1, CPUs:   #109
[    0.887101] .... node  #0, CPUs:   #110
[    0.892826] .... node  #1, CPUs:   #111
[    0.898694] smp: Brought up 2 nodes, 112 CPUs
[    0.898694] smpboot: Max logical packages: 2
[    0.898694] smpboot: Total of 112 processors activated (448090.44 BogoMIPS)
[    0.905773] devtmpfs: initialized
[    0.905773] x86/mm: Memory block size: 2048MB
[    0.905773] ACPI: PM: Registering ACPI NVS region [mem 0x49e77000-0x4ae76fff] (16777216 bytes)
[    0.906546] ACPI: PM: Registering ACPI NVS region [mem 0x6e3ff000-0x6f3fefff] (16777216 bytes)
[    0.906833] clocksource: jiffies: mask: 0xffffffff max_cycles: 0xffffffff, max_idle_ns: 7645041785100000 ns
[    0.907141] futex hash table entries: 32768 (order: 9, 2097152 bytes, vmalloc)
[    0.907398] pinctrl core: initialized pinctrl subsystem
[    0.907560] PM: RTC time: 09:16:47, date: 2024-07-01
[    0.908523] NET: Registered PF_NETLINK/PF_ROUTE protocol family
[    0.909704] DMA: preallocated 4096 KiB GFP_KERNEL pool for atomic allocations
[    0.910220] DMA: preallocated 4096 KiB GFP_KERNEL|GFP_DMA pool for atomic allocations
[    0.910739] DMA: preallocated 4096 KiB GFP_KERNEL|GFP_DMA32 pool for atomic allocations
[    0.910749] audit: initializing netlink subsys (disabled)
[    0.910758] audit: type=2000 audit(1719825406.752:1): state=initialized audit_enabled=0 res=1
[    0.910758] thermal_sys: Registered thermal governor 'fair_share'
[    0.910758] thermal_sys: Registered thermal governor 'bang_bang'
[    0.910758] thermal_sys: Registered thermal governor 'step_wise'
[    0.910758] thermal_sys: Registered thermal governor 'user_space'
[    0.910758] EISA bus registered
[    0.910758] cpuidle: using governor ladder
[    0.910758] cpuidle: using governor menu
[    0.910758] ACPI FADT declares the system doesn't support PCIe ASPM, so disable it
[    0.910758] acpiphp: ACPI Hot Plug PCI Controller Driver version: 0.5
[    0.910758] PCI: MMCONFIG for domain 0000 [bus 00-ff] at [mem 0x80000000-0x8fffffff] (base 0x80000000)
[    0.910758] PCI: MMCONFIG at [mem 0x80000000-0x8fffffff] reserved in E820
[    0.910758] pmd_set_huge: Cannot satisfy [mem 0x80000000-0x80200000] with a huge-page mapping due to MTRR override.
[    0.910758] PCI: Using configuration type 1 for base access
[    0.910758] PCI: Dell System detected, enabling pci=bfsort.
[    0.912862] ENERGY_PERF_BIAS: Set to 'normal', was 'performance'
[    0.918474] kprobes: kprobe jump-optimization is enabled. All kprobes are optimized if possible.
[    0.918479] HugeTLB registered 1.00 GiB page size, pre-allocated 0 pages
[    0.918479] HugeTLB registered 2.00 MiB page size, pre-allocated 0 pages
[    0.918687] fbcon: Taking over console
[    0.918687] ACPI: Added _OSI(Module Device)
[    0.918687] ACPI: Added _OSI(Processor Device)
[    0.918687] ACPI: Added _OSI(3.0 _SCP Extensions)
[    0.918687] ACPI: Added _OSI(Processor Aggregator Device)
[    0.918687] ACPI: Added _OSI(Linux-Dell-Video)
[    0.918687] ACPI: Added _OSI(Linux-Lenovo-NV-HDMI-Audio)
[    0.918687] ACPI: Added _OSI(Linux-HPI-Hybrid-Graphics)
[    1.088341] ACPI: 8 ACPI AML tables successfully acquired and loaded
[    1.094643] ACPI: [Firmware Bug]: BIOS _OSI(Linux) query ignored
[    1.102371] ACPI: Dynamic OEM Table Load:
[    1.517342] ACPI: Interpreter enabled
[    1.517364] ACPI: PM: (supports S0 S5)
[    1.517366] ACPI: Using IOAPIC for interrupt routing
[    1.517456] HEST: Table parsing has been initialized.
[    1.517642] GHES: APEI firmware first mode is enabled by APEI bit and WHEA _OSC.
[    1.517645] PCI: Using host bridge windows from ACPI; if necessary, use "pci=nocrs" and report a bug
[    1.547492] ACPI: Enabled 4 GPEs in block 00 to 7F
[    1.675374] ACPI: PCI Root Bridge [PC00] (domain 0000 [bus 00-15])
[    1.675381] acpi PNP0A08:00: _OSC: OS supports [ExtendedConfig ASPM ClockPM Segments MSI HPX-Type3]
[    1.744129] acpi PNP0A08:00: _OSC: platform does not support [SHPCHotplug AER LTR]
[    1.744359] acpi PNP0A08:00: _OSC: OS now controls [PCIeHotplug PME PCIeCapability]
[    1.744360] acpi PNP0A08:00: FADT indicates ASPM is unsupported, using BIOS configuration
[    1.746233] PCI host bridge to bus 0000:00
[    1.746235] pci_bus 0000:00: root bus resource [io  0x0000-0x0cf7 window]
[    1.746237] pci_bus 0000:00: root bus resource [io  0x1000-0x4fff window]
[    1.746239] pci_bus 0000:00: root bus resource [mem 0x000a0000-0x000bffff window]
[    1.746240] pci_bus 0000:00: root bus resource [mem 0x000c8000-0x000cffff window]
[    1.746242] pci_bus 0000:00: root bus resource [mem 0xfe010000-0xfe010fff window]
[    1.746243] pci_bus 0000:00: root bus resource [mem 0x90000000-0x9b7fffff window]
[    1.746244] pci_bus 0000:00: root bus resource [mem 0x200000000000-0x20ffffffffff window]
[    1.746245] pci_bus 0000:00: root bus resource [bus 00-15]
[    1.746261] pci 0000:00:00.0: [8086:09a2] type 00 class 0x088000
[    1.746370] pci 0000:00:00.1: [8086:09a4] type 00 class 0x088000
[    1.746438] pci 0000:00:00.2: [8086:09a3] type 00 class 0x088000
[    1.746505] pci 0000:00:00.4: [8086:0998] type 00 class 0x060000
[    1.746581] pci 0000:00:02.0: [8086:09a6] type 00 class 0x088000
[    1.746589] pci 0000:00:02.0: reg 0x10: [mem 0x92dfc000-0x92dfdfff]
[    1.746666] pci 0000:00:02.1: [8086:09a7] type 00 class 0x088000
[    1.746674] pci 0000:00:02.1: reg 0x10: [mem 0x92d00000-0x92d7ffff]
[    1.746679] pci 0000:00:02.1: reg 0x14: [mem 0x92c80000-0x92cfffff]
[    1.746755] pci 0000:00:02.4: [8086:3456] type 00 class 0x130000
[    1.746765] pci 0000:00:02.4: reg 0x10: [mem 0x92a00000-0x92afffff 64bit]
[    1.746772] pci 0000:00:02.4: reg 0x18: [mem 0x92df0000-0x92df3fff 64bit]
[    1.746779] pci 0000:00:02.4: reg 0x20: [mem 0x92dc0000-0x92ddffff 64bit]
[    1.746859] pci 0000:00:11.0: [8086:a1ec] type 00 class 0xff0000
[    1.746862] pci 0000:00:11.0: device has non-compliant BARs; disabling IO/MEM decoding
[    1.746952] pci 0000:00:11.5: [8086:a1d2] type 00 class 0x010601
[    1.746965] pci 0000:00:11.5: reg 0x10: [mem 0x92dfa000-0x92dfbfff]
[    1.746973] pci 0000:00:11.5: reg 0x14: [mem 0x92e05000-0x92e050ff]
[    1.746980] pci 0000:00:11.5: reg 0x18: [io  0x2068-0x206f]
[    1.746988] pci 0000:00:11.5: reg 0x1c: [io  0x2074-0x2077]
[    1.746995] pci 0000:00:11.5: reg 0x20: [io  0x2040-0x205f]
[    1.747003] pci 0000:00:11.5: reg 0x24: [mem 0x92b80000-0x92bfffff]
[    1.747040] pci 0000:00:11.5: PME# supported from D3hot
[    1.747255] pci 0000:00:14.0: [8086:a1af] type 00 class 0x0c0330
[    1.747273] pci 0000:00:14.0: reg 0x10: [mem 0x92de0000-0x92deffff 64bit]
[    1.747336] pci 0000:00:14.0: PME# supported from D3hot D3cold
[    1.747567] pci 0000:00:14.2: [8086:a1b1] type 00 class 0x118000
[    1.747584] pci 0000:00:14.2: reg 0x10: [mem 0x92e02000-0x92e02fff 64bit]
[    1.747708] pci 0000:00:16.0: [8086:a1ba] type 00 class 0x078000
[    1.747732] pci 0000:00:16.0: reg 0x10: [mem 0x92e01000-0x92e01fff 64bit]
[    1.747816] pci 0000:00:16.0: PME# supported from D3hot
[    1.747878] pci 0000:00:16.1: [8086:a1bb] type 00 class 0x078000
[    1.747902] pci 0000:00:16.1: reg 0x10: [mem 0x92e00000-0x92e00fff 64bit]
[    1.747986] pci 0000:00:16.1: PME# supported from D3hot
[    1.748053] pci 0000:00:16.4: [8086:a1be] type 00 class 0x078000
[    1.748076] pci 0000:00:16.4: reg 0x10: [mem 0x92dff000-0x92dfffff 64bit]
[    1.748160] pci 0000:00:16.4: PME# supported from D3hot
[    1.748233] pci 0000:00:17.0: [8086:a182] type 00 class 0x010601
[    1.748245] pci 0000:00:17.0: reg 0x10: [mem 0x92df8000-0x92df9fff]
[    1.748253] pci 0000:00:17.0: reg 0x14: [mem 0x92e04000-0x92e040ff]
[    1.748260] pci 0000:00:17.0: reg 0x18: [io  0x2060-0x2067]
[    1.748267] pci 0000:00:17.0: reg 0x1c: [io  0x2070-0x2073]
[    1.748274] pci 0000:00:17.0: reg 0x20: [io  0x2020-0x203f]
[    1.748282] pci 0000:00:17.0: reg 0x24: [mem 0x92b00000-0x92b7ffff]
[    1.748319] pci 0000:00:17.0: PME# supported from D3hot
[    1.748526] pci 0000:00:1c.0: [8086:a190] type 01 class 0x060400
[    1.748602] pci 0000:00:1c.0: PME# supported from D0 D3hot D3cold
[    1.749257] pci 0000:00:1c.4: [8086:a194] type 01 class 0x060400
[    1.749327] pci 0000:00:1c.4: PME# supported from D0 D3hot D3cold
[    1.749954] pci 0000:00:1c.5: [8086:a195] type 01 class 0x060400
[    1.750026] pci 0000:00:1c.5: PME# supported from D0 D3hot D3cold
[    1.750736] pci 0000:00:1f.0: [8086:a1cb] type 00 class 0x060100
[    1.751036] pci 0000:00:1f.2: [8086:a1a1] type 00 class 0x058000
[    1.751051] pci 0000:00:1f.2: reg 0x10: [mem 0x92df4000-0x92df7fff]
[    1.751293] pci 0000:00:1f.4: [8086:a1a3] type 00 class 0x0c0500
[    1.751313] pci 0000:00:1f.4: reg 0x10: [mem 0x92dfe000-0x92dfe0ff 64bit]
[    1.751336] pci 0000:00:1f.4: reg 0x20: [io  0x2000-0x201f]
[    1.751403] pci 0000:00:1f.5: [8086:a1a4] type 00 class 0x0c8000
[    1.751418] pci 0000:00:1f.5: reg 0x10: [mem 0xfe010000-0xfe010fff]
[    1.751548] pci 0000:00:1c.0: PCI bridge to [bus 01]
[    1.751600] pci 0000:02:00.0: [1556:be00] type 01 class 0x060400
[    1.751770] pci 0000:00:1c.4: PCI bridge to [bus 02-03]
[    1.751775] pci 0000:00:1c.4:   bridge window [mem 0x92000000-0x928fffff]
[    1.751779] pci 0000:00:1c.4:   bridge window [mem 0x91000000-0x91ffffff 64bit pref]
[    1.751811] pci_bus 0000:03: extended config space not accessible
[    1.751828] pci 0000:03:00.0: [102b:0536] type 00 class 0x030000
[    1.751847] pci 0000:03:00.0: reg 0x10: [mem 0x91000000-0x91ffffff pref]
[    1.751858] pci 0000:03:00.0: reg 0x14: [mem 0x92808000-0x9280bfff]
[    1.751869] pci 0000:03:00.0: reg 0x18: [mem 0x92000000-0x927fffff]
[    1.751917] pci 0000:03:00.0: BAR 0: assigned to efifb
[    1.751925] pci 0000:03:00.0: Video device with shadowed ROM at [mem 0x000c0000-0x000dffff]
[    1.752029] pci 0000:02:00.0: PCI bridge to [bus 03]
[    1.752037] pci 0000:02:00.0:   bridge window [mem 0x92000000-0x928fffff]
[    1.752043] pci 0000:02:00.0:   bridge window [mem 0x91000000-0x91ffffff 64bit pref]
[    1.752113] pci 0000:04:00.0: [14e4:165f] type 00 class 0x020000
[    1.752137] pci 0000:04:00.0: reg 0x10: [mem 0x92930000-0x9293ffff 64bit pref]
[    1.752153] pci 0000:04:00.0: reg 0x18: [mem 0x92940000-0x9294ffff 64bit pref]
[    1.752169] pci 0000:04:00.0: reg 0x20: [mem 0x92950000-0x9295ffff 64bit pref]
[    1.752179] pci 0000:04:00.0: reg 0x30: [mem 0xfffc0000-0xffffffff pref]
[    1.752274] pci 0000:04:00.0: PME# supported from D0 D3hot D3cold
[    1.752327] pci 0000:04:00.0: 4.000 Gb/s available PCIe bandwidth, limited by 5.0 GT/s PCIe x1 link at 0000:00:1c.5 (capable of 8.000 Gb/s with 5.0 GT/s PCIe x2 link)
[    1.752885] pci 0000:04:00.1: [14e4:165f] type 00 class 0x020000
[    1.752909] pci 0000:04:00.1: reg 0x10: [mem 0x92900000-0x9290ffff 64bit pref]
[    1.752925] pci 0000:04:00.1: reg 0x18: [mem 0x92910000-0x9291ffff 64bit pref]
[    1.752941] pci 0000:04:00.1: reg 0x20: [mem 0x92920000-0x9292ffff 64bit pref]
[    1.752952] pci 0000:04:00.1: reg 0x30: [mem 0xfffc0000-0xffffffff pref]
[    1.753047] pci 0000:04:00.1: PME# supported from D0 D3hot D3cold
[    1.753625] pci 0000:00:1c.5: PCI bridge to [bus 04]
[    1.753632] pci 0000:00:1c.5:   bridge window [mem 0x92900000-0x929fffff 64bit pref]
[    1.753647] pci_bus 0000:00: on NUMA node 0
[    1.754245] ACPI: PCI Root Bridge [PC01] (domain 0000 [bus 16-2f])
[    1.754249] acpi PNP0A08:01: _OSC: OS supports [ExtendedConfig ASPM ClockPM Segments MSI HPX-Type3]
[    1.769060] acpi PNP0A08:01: _OSC: platform does not support [SHPCHotplug AER]
[    1.769278] acpi PNP0A08:01: _OSC: OS now controls [PCIeHotplug PME PCIeCapability LTR]
[    1.769279] acpi PNP0A08:01: FADT indicates ASPM is unsupported, using BIOS configuration
[    1.769411] PCI host bridge to bus 0000:16
[    1.769413] pci_bus 0000:16: root bus resource [io  0x5000-0x6fff window]
[    1.769415] pci_bus 0000:16: root bus resource [mem 0x9b800000-0xa63fffff window]
[    1.769416] pci_bus 0000:16: root bus resource [mem 0x210000000000-0x21ffffffffff window]
[    1.769418] pci_bus 0000:16: root bus resource [bus 16-2f]
[    1.769428] pci 0000:16:00.0: [8086:09a2] type 00 class 0x088000
[    1.769497] pci 0000:16:00.1: [8086:09a4] type 00 class 0x088000
[    1.769560] pci 0000:16:00.2: [8086:09a3] type 00 class 0x088000
[    1.769624] pci 0000:16:00.4: [8086:0998] type 00 class 0x060000
[    1.769696] pci 0000:16:02.0: [8086:347a] type 01 class 0x060400
[    1.769705] pci 0000:16:02.0: reg 0x10: [mem 0x21fffff00000-0x21fffff1ffff 64bit]
[    1.769744] pci 0000:16:02.0: PME# supported from D0 D3hot D3cold
[    1.770696] pci 0000:17:00.0: [1000:10e2] type 00 class 0x010400
[    1.770709] pci 0000:17:00.0: reg 0x10: [mem 0x9b800000-0x9b8fffff 64bit pref]
[    1.770718] pci 0000:17:00.0: reg 0x18: [mem 0x9b900000-0x9b9fffff 64bit pref]
[    1.770724] pci 0000:17:00.0: reg 0x20: [mem 0x9ba00000-0x9bafffff]
[    1.770730] pci 0000:17:00.0: reg 0x24: [io  0x5000-0x50ff]
[    1.770736] pci 0000:17:00.0: reg 0x30: [mem 0xfff00000-0xffffffff pref]
[    1.771854] pci 0000:17:00.0: supports D1 D2
[    1.771922] pci 0000:16:02.0: PCI bridge to [bus 17]
[    1.771925] pci 0000:16:02.0:   bridge window [io  0x5000-0x5fff]
[    1.771927] pci 0000:16:02.0:   bridge window [mem 0x9ba00000-0x9bafffff]
[    1.771929] pci 0000:16:02.0:   bridge window [mem 0x9b800000-0x9b9fffff 64bit pref]
[    1.771935] pci_bus 0000:16: on NUMA node 0
[    1.772016] ACPI: PCI Root Bridge [PC02] (domain 0000 [bus 30-49])
[    1.772019] acpi PNP0A08:02: _OSC: OS supports [ExtendedConfig ASPM ClockPM Segments MSI HPX-Type3]
[    1.786451] acpi PNP0A08:02: _OSC: platform does not support [SHPCHotplug AER]
[    1.786672] acpi PNP0A08:02: _OSC: OS now controls [PCIeHotplug PME PCIeCapability LTR]
[    1.786673] acpi PNP0A08:02: FADT indicates ASPM is unsupported, using BIOS configuration
[    1.786797] PCI host bridge to bus 0000:30
[    1.786799] pci_bus 0000:30: root bus resource [io  0x7000-0x8fff window]
[    1.786800] pci_bus 0000:30: root bus resource [mem 0xa6400000-0xb0ffffff window]
[    1.786802] pci_bus 0000:30: root bus resource [mem 0x220000000000-0x22ffffffffff window]
[    1.786804] pci_bus 0000:30: root bus resource [bus 30-49]
[    1.786814] pci 0000:30:00.0: [8086:09a2] type 00 class 0x088000
[    1.786883] pci 0000:30:00.1: [8086:09a4] type 00 class 0x088000
[    1.786946] pci 0000:30:00.2: [8086:09a3] type 00 class 0x088000
[    1.787009] pci 0000:30:00.4: [8086:0998] type 00 class 0x060000
[    1.787079] pci_bus 0000:30: on NUMA node 0
[    1.787184] ACPI: PCI Root Bridge [PC04] (domain 0000 [bus 4a-63])
[    1.787187] acpi PNP0A08:04: _OSC: OS supports [ExtendedConfig ASPM ClockPM Segments MSI HPX-Type3]
[    1.801589] acpi PNP0A08:04: _OSC: platform does not support [SHPCHotplug AER]
[    1.801801] acpi PNP0A08:04: _OSC: OS now controls [PCIeHotplug PME PCIeCapability LTR]
[    1.801803] acpi PNP0A08:04: FADT indicates ASPM is unsupported, using BIOS configuration
[    1.801925] PCI host bridge to bus 0000:4a
[    1.801926] pci_bus 0000:4a: root bus resource [io  0x9000-0x9fff window]
[    1.801927] pci_bus 0000:4a: root bus resource [mem 0xb1000000-0xbbbfffff window]
[    1.801929] pci_bus 0000:4a: root bus resource [mem 0x230000000000-0x23ffffffffff window]
[    1.801930] pci_bus 0000:4a: root bus resource [bus 4a-63]
[    1.801939] pci 0000:4a:00.0: [8086:09a2] type 00 class 0x088000
[    1.802003] pci 0000:4a:00.1: [8086:09a4] type 00 class 0x088000
[    1.802071] pci 0000:4a:00.2: [8086:09a3] type 00 class 0x088000
[    1.802132] pci 0000:4a:00.4: [8086:0998] type 00 class 0x060000
[    1.802201] pci_bus 0000:4a: on NUMA node 0
[    1.802274] ACPI: PCI Root Bridge [PC05] (domain 0000 [bus 64-7d])
[    1.802277] acpi PNP0A08:05: _OSC: OS supports [ExtendedConfig ASPM ClockPM Segments MSI HPX-Type3]
[    1.816716] acpi PNP0A08:05: _OSC: platform does not support [SHPCHotplug AER]
[    1.816927] acpi PNP0A08:05: _OSC: OS now controls [PCIeHotplug PME PCIeCapability LTR]
[    1.816929] acpi PNP0A08:05: FADT indicates ASPM is unsupported, using BIOS configuration
[    1.817048] PCI host bridge to bus 0000:64
[    1.817049] pci_bus 0000:64: root bus resource [io  0xa000-0xafff window]
[    1.817050] pci_bus 0000:64: root bus resource [mem 0xbbc00000-0xc5ffffff window]
[    1.817052] pci_bus 0000:64: root bus resource [mem 0x240000000000-0x24ffffffffff window]
[    1.817053] pci_bus 0000:64: root bus resource [bus 64-7d]
[    1.817063] pci 0000:64:00.0: [8086:09a2] type 00 class 0x088000
[    1.817128] pci 0000:64:00.1: [8086:09a4] type 00 class 0x088000
[    1.817190] pci 0000:64:00.2: [8086:09a3] type 00 class 0x088000
[    1.817251] pci 0000:64:00.4: [8086:0998] type 00 class 0x060000
[    1.817320] pci_bus 0000:64: on NUMA node 0
[    1.817387] ACPI: PCI Root Bridge [UC06] (domain 0000 [bus 7e])
[    1.817390] acpi PNP0A03:00: _OSC: OS supports [ExtendedConfig ASPM ClockPM Segments MSI HPX-Type3]
[    1.817487] acpi PNP0A03:00: _OSC: platform does not support [SHPCHotplug AER LTR]
[    1.817667] acpi PNP0A03:00: _OSC: OS now controls [PCIeHotplug PME PCIeCapability]
[    1.817668] acpi PNP0A03:00: FADT indicates ASPM is unsupported, using BIOS configuration
[    1.817802] PCI host bridge to bus 0000:7e
[    1.817803] pci_bus 0000:7e: root bus resource [bus 7e]
[    1.817812] pci 0000:7e:00.0: [8086:3450] type 00 class 0x088000
[    1.817884] pci 0000:7e:00.1: [8086:3451] type 00 class 0x088000
[    1.817943] pci 0000:7e:00.2: [8086:3452] type 00 class 0x088000
[    1.818012] pci 0000:7e:00.3: [8086:0998] type 00 class 0x060000
[    1.818067] pci 0000:7e:00.5: [8086:3455] type 00 class 0x088000
[    1.818129] pci 0000:7e:02.0: [8086:3440] type 00 class 0x088000
[    1.818256] pci 0000:7e:02.1: [8086:3441] type 00 class 0x088000
[    1.818364] pci 0000:7e:02.2: [8086:3442] type 00 class 0x088000
[    1.818472] pci 0000:7e:03.0: [8086:3440] type 00 class 0x088000
[    1.818568] pci 0000:7e:03.1: [8086:3441] type 00 class 0x088000
[    1.818646] pci 0000:7e:03.2: [8086:3442] type 00 class 0x088000
[    1.818727] pci 0000:7e:04.0: [8086:3440] type 00 class 0x088000
[    1.818847] pci 0000:7e:04.1: [8086:3441] type 00 class 0x088000
[    1.818962] pci 0000:7e:04.2: [8086:3442] type 00 class 0x088000
[    1.819077] pci 0000:7e:04.3: [8086:3443] type 00 class 0x088000
[    1.819195] pci 0000:7e:05.0: [8086:3445] type 00 class 0x088000
[    1.819327] pci 0000:7e:05.1: [8086:3446] type 00 class 0x088000
[    1.819437] pci 0000:7e:05.2: [8086:3447] type 00 class 0x088000
[    1.819550] pci 0000:7e:06.0: [8086:3445] type 00 class 0x088000
[    1.819644] pci 0000:7e:06.1: [8086:3446] type 00 class 0x088000
[    1.819721] pci 0000:7e:06.2: [8086:3447] type 00 class 0x088000
[    1.819805] pci 0000:7e:07.0: [8086:3445] type 00 class 0x088000
[    1.819939] pci 0000:7e:07.1: [8086:3446] type 00 class 0x088000
[    1.820057] pci 0000:7e:07.2: [8086:3447] type 00 class 0x088000
[    1.820173] pci 0000:7e:0b.0: [8086:3448] type 00 class 0x088000
[    1.820250] pci 0000:7e:0b.1: [8086:3448] type 00 class 0x088000
[    1.820318] pci 0000:7e:0b.2: [8086:344b] type 00 class 0x088000
[    1.820385] pci 0000:7e:0c.0: [8086:344a] type 00 class 0x110100
[    1.820488] pci 0000:7e:0d.0: [8086:344a] type 00 class 0x110100
[    1.820588] pci 0000:7e:0e.0: [8086:344a] type 00 class 0x110100
[    1.820732] pci 0000:7e:0f.0: [8086:344a] type 00 class 0x110100
[    1.820886] pci 0000:7e:1a.0: [8086:2880] type 00 class 0x110100
[    1.820986] pci 0000:7e:1b.0: [8086:2880] type 00 class 0x110100
[    1.821084] pci 0000:7e:1c.0: [8086:2880] type 00 class 0x110100
[    1.821238] pci 0000:7e:1d.0: [8086:2880] type 00 class 0x110100
[    1.821384] pci_bus 0000:7e: on NUMA node 0
[    1.821469] ACPI: PCI Root Bridge [UC07] (domain 0000 [bus 7f])
[    1.821472] acpi PNP0A03:01: _OSC: OS supports [ExtendedConfig ASPM ClockPM Segments MSI HPX-Type3]
[    1.821571] acpi PNP0A03:01: _OSC: platform does not support [SHPCHotplug AER LTR]
[    1.821753] acpi PNP0A03:01: _OSC: OS now controls [PCIeHotplug PME PCIeCapability]
[    1.821754] acpi PNP0A03:01: FADT indicates ASPM is unsupported, using BIOS configuration
[    1.821901] PCI host bridge to bus 0000:7f
[    1.821902] pci_bus 0000:7f: root bus resource [bus 7f]
[    1.821916] pci 0000:7f:00.0: [8086:344c] type 00 class 0x088000
[    1.822030] pci 0000:7f:00.1: [8086:344c] type 00 class 0x088000
[    1.822140] pci 0000:7f:00.2: [8086:344c] type 00 class 0x088000
[    1.822251] pci 0000:7f:00.3: [8086:344c] type 00 class 0x088000
[    1.822340] pci 0000:7f:00.4: [8086:344c] type 00 class 0x088000
[    1.822458] pci 0000:7f:00.5: [8086:344c] type 00 class 0x088000
[    1.822576] pci 0000:7f:00.6: [8086:344c] type 00 class 0x088000
[    1.822660] pci 0000:7f:00.7: [8086:344c] type 00 class 0x088000
[    1.822742] pci 0000:7f:01.0: [8086:344c] type 00 class 0x088000
[    1.822884] pci 0000:7f:01.1: [8086:344c] type 00 class 0x088000
[    1.823002] pci 0000:7f:01.2: [8086:344c] type 00 class 0x088000
[    1.823082] pci 0000:7f:01.3: [8086:344c] type 00 class 0x088000
[    1.823213] pci 0000:7f:01.4: [8086:344c] type 00 class 0x088000
[    1.823344] pci 0000:7f:01.5: [8086:344c] type 00 class 0x088000
[    1.823479] pci 0000:7f:01.6: [8086:344c] type 00 class 0x088000
[    1.823604] pci 0000:7f:01.7: [8086:344c] type 00 class 0x088000
[    1.823732] pci 0000:7f:02.0: [8086:344c] type 00 class 0x088000
[    1.823875] pci 0000:7f:02.1: [8086:344c] type 00 class 0x088000
[    1.824007] pci 0000:7f:02.2: [8086:344c] type 00 class 0x088000
[    1.824137] pci 0000:7f:02.3: [8086:344c] type 00 class 0x088000
[    1.824275] pci 0000:7f:02.4: [8086:344c] type 00 class 0x088000
[    1.824412] pci 0000:7f:02.5: [8086:344c] type 00 class 0x088000
[    1.824549] pci 0000:7f:02.6: [8086:344c] type 00 class 0x088000
[    1.824701] pci 0000:7f:02.7: [8086:344c] type 00 class 0x088000
[    1.824848] pci 0000:7f:03.0: [8086:344c] type 00 class 0x088000
[    1.825009] pci 0000:7f:03.1: [8086:344c] type 00 class 0x088000
[    1.825161] pci 0000:7f:03.2: [8086:344c] type 00 class 0x088000
[    1.825309] pci 0000:7f:03.3: [8086:344c] type 00 class 0x088000
[    1.825468] pci 0000:7f:0a.0: [8086:344d] type 00 class 0x088000
[    1.825580] pci 0000:7f:0a.1: [8086:344d] type 00 class 0x088000
[    1.825690] pci 0000:7f:0a.2: [8086:344d] type 00 class 0x088000
[    1.825806] pci 0000:7f:0a.3: [8086:344d] type 00 class 0x088000
[    1.825897] pci 0000:7f:0a.4: [8086:344d] type 00 class 0x088000
[    1.826017] pci 0000:7f:0a.5: [8086:344d] type 00 class 0x088000
[    1.826133] pci 0000:7f:0a.6: [8086:344d] type 00 class 0x088000
[    1.826211] pci 0000:7f:0a.7: [8086:344d] type 00 class 0x088000
[    1.826293] pci 0000:7f:0b.0: [8086:344d] type 00 class 0x088000
[    1.826436] pci 0000:7f:0b.1: [8086:344d] type 00 class 0x088000
[    1.826555] pci 0000:7f:0b.2: [8086:344d] type 00 class 0x088000
[    1.826641] pci 0000:7f:0b.3: [8086:344d] type 00 class 0x088000
[    1.826772] pci 0000:7f:0b.4: [8086:344d] type 00 class 0x088000
[    1.826903] pci 0000:7f:0b.5: [8086:344d] type 00 class 0x088000
[    1.827039] pci 0000:7f:0b.6: [8086:344d] type 00 class 0x088000
[    1.827160] pci 0000:7f:0b.7: [8086:344d] type 00 class 0x088000
[    1.827287] pci 0000:7f:0c.0: [8086:344d] type 00 class 0x088000
[    1.827432] pci 0000:7f:0c.1: [8086:344d] type 00 class 0x088000
[    1.827563] pci 0000:7f:0c.2: [8086:344d] type 00 class 0x088000
[    1.827700] pci 0000:7f:0c.3: [8086:344d] type 00 class 0x088000
[    1.827838] pci 0000:7f:0c.4: [8086:344d] type 00 class 0x088000
[    1.827975] pci 0000:7f:0c.5: [8086:344d] type 00 class 0x088000
[    1.828112] pci 0000:7f:0c.6: [8086:344d] type 00 class 0x088000
[    1.828258] pci 0000:7f:0c.7: [8086:344d] type 00 class 0x088000
[    1.828405] pci 0000:7f:0d.0: [8086:344d] type 00 class 0x088000
[    1.828569] pci 0000:7f:0d.1: [8086:344d] type 00 class 0x088000
[    1.828721] pci 0000:7f:0d.2: [8086:344d] type 00 class 0x088000
[    1.828884] pci 0000:7f:0d.3: [8086:344d] type 00 class 0x088000
[    1.829053] pci 0000:7f:1d.0: [8086:344f] type 00 class 0x088000
[    1.829175] pci 0000:7f:1d.1: [8086:3457] type 00 class 0x088000
[    1.829280] pci 0000:7f:1e.0: [8086:3458] type 00 class 0x088000
[    1.829360] pci 0000:7f:1e.1: [8086:3459] type 00 class 0x088000
[    1.829422] pci 0000:7f:1e.2: [8086:345a] type 00 class 0x088000
[    1.829485] pci 0000:7f:1e.3: [8086:345b] type 00 class 0x088000
[    1.829547] pci 0000:7f:1e.4: [8086:345c] type 00 class 0x088000
[    1.829614] pci 0000:7f:1e.5: [8086:345d] type 00 class 0x088000
[    1.829675] pci 0000:7f:1e.6: [8086:345e] type 00 class 0x088000
[    1.829736] pci 0000:7f:1e.7: [8086:345f] type 00 class 0x088000
[    1.829794] pci_bus 0000:7f: on NUMA node 0
[    1.829902] ACPI: PCI Root Bridge [PC06] (domain 0000 [bus 80])
[    1.829905] acpi PNP0A08:06: _OSC: OS supports [ExtendedConfig ASPM ClockPM Segments MSI HPX-Type3]
[    1.844340] acpi PNP0A08:06: _OSC: platform does not support [SHPCHotplug AER]
[    1.844553] acpi PNP0A08:06: _OSC: OS now controls [PCIeHotplug PME PCIeCapability LTR]
[    1.844555] acpi PNP0A08:06: FADT indicates ASPM is unsupported, using BIOS configuration
[    1.844703] PCI host bridge to bus 0000:80
[    1.844704] pci_bus 0000:80: root bus resource [io  0xb000-0xbfff window]
[    1.844705] pci_bus 0000:80: root bus resource [mem 0xc6800000-0xd0ffffff window]
[    1.844707] pci_bus 0000:80: root bus resource [mem 0x250000000000-0x25ffffffffff window]
[    1.844708] pci_bus 0000:80: root bus resource [bus 80]
[    1.844719] pci 0000:80:00.0: [8086:09a2] type 00 class 0x088000
[    1.844807] pci 0000:80:00.1: [8086:09a4] type 00 class 0x088000
[    1.844876] pci 0000:80:00.2: [8086:09a3] type 00 class 0x088000
[    1.844947] pci 0000:80:00.4: [8086:0998] type 00 class 0x060000
[    1.845016] pci 0000:80:02.0: [8086:09a6] type 00 class 0x088000
[    1.845025] pci 0000:80:02.0: reg 0x10: [mem 0xc6aa4000-0xc6aa5fff]
[    1.845088] pci 0000:80:02.1: [8086:09a7] type 00 class 0x088000
[    1.845097] pci 0000:80:02.1: reg 0x10: [mem 0xc6a00000-0xc6a7ffff]
[    1.845103] pci 0000:80:02.1: reg 0x14: [mem 0xc6980000-0xc69fffff]
[    1.845157] pci 0000:80:02.4: [8086:3456] type 00 class 0x130000
[    1.845168] pci 0000:80:02.4: reg 0x10: [mem 0xc6800000-0xc68fffff 64bit]
[    1.845176] pci 0000:80:02.4: reg 0x18: [mem 0xc6aa0000-0xc6aa3fff 64bit]
[    1.845183] pci 0000:80:02.4: reg 0x20: [mem 0xc6a80000-0xc6a9ffff 64bit]
[    1.845249] pci_bus 0000:80: on NUMA node 1
[    1.845329] ACPI: PCI Root Bridge [PC07] (domain 0000 [bus 81])
[    1.845332] acpi PNP0A08:07: _OSC: OS supports [ExtendedConfig ASPM ClockPM Segments MSI HPX-Type3]
[    1.859770] acpi PNP0A08:07: _OSC: platform does not support [SHPCHotplug AER]
[    1.859981] acpi PNP0A08:07: _OSC: OS now controls [PCIeHotplug PME PCIeCapability LTR]
[    1.859982] acpi PNP0A08:07: FADT indicates ASPM is unsupported, using BIOS configuration
[    1.860100] PCI host bridge to bus 0000:81
[    1.860102] pci_bus 0000:81: root bus resource [io  0xc000-0xcfff window]
[    1.860103] pci_bus 0000:81: root bus resource [mem 0xd1000000-0xdbbfffff window]
[    1.860105] pci_bus 0000:81: root bus resource [mem 0x260000000000-0x26ffffffffff window]
[    1.860106] pci_bus 0000:81: root bus resource [bus 81]
[    1.860116] pci 0000:81:00.0: [8086:09a2] type 00 class 0x088000
[    1.860184] pci 0000:81:00.1: [8086:09a4] type 00 class 0x088000
[    1.860252] pci 0000:81:00.2: [8086:09a3] type 00 class 0x088000
[    1.860321] pci 0000:81:00.4: [8086:0998] type 00 class 0x060000
[    1.860399] pci_bus 0000:81: on NUMA node 1
[    1.860472] ACPI: PCI Root Bridge [PC08] (domain 0000 [bus 82])
[    1.860474] acpi PNP0A08:08: _OSC: OS supports [ExtendedConfig ASPM ClockPM Segments MSI HPX-Type3]
[    1.875014] acpi PNP0A08:08: _OSC: platform does not support [SHPCHotplug AER]
[    1.875226] acpi PNP0A08:08: _OSC: OS now controls [PCIeHotplug PME PCIeCapability LTR]
[    1.875227] acpi PNP0A08:08: FADT indicates ASPM is unsupported, using BIOS configuration
[    1.875344] PCI host bridge to bus 0000:82
[    1.875345] pci_bus 0000:82: root bus resource [io  0xd000-0xdfff window]
[    1.875346] pci_bus 0000:82: root bus resource [mem 0xdbc00000-0xe67fffff window]
[    1.875348] pci_bus 0000:82: root bus resource [mem 0x270000000000-0x27ffffffffff window]
[    1.875349] pci_bus 0000:82: root bus resource [bus 82]
[    1.875359] pci 0000:82:00.0: [8086:09a2] type 00 class 0x088000
[    1.875428] pci 0000:82:00.1: [8086:09a4] type 00 class 0x088000
[    1.875500] pci 0000:82:00.2: [8086:09a3] type 00 class 0x088000
[    1.875568] pci 0000:82:00.4: [8086:0998] type 00 class 0x060000
[    1.875645] pci_bus 0000:82: on NUMA node 1
[    1.875750] ACPI: PCI Root Bridge [PC10] (domain 0000 [bus 83-f9])
[    1.875752] acpi PNP0A08:0a: _OSC: OS supports [ExtendedConfig ASPM ClockPM Segments MSI HPX-Type3]
[    1.891065] acpi PNP0A08:0a: _OSC: platform does not support [SHPCHotplug AER]
[    1.891276] acpi PNP0A08:0a: _OSC: OS now controls [PCIeHotplug PME PCIeCapability LTR]
[    1.891277] acpi PNP0A08:0a: FADT indicates ASPM is unsupported, using BIOS configuration
[    1.891405] PCI host bridge to bus 0000:83
[    1.891406] pci_bus 0000:83: root bus resource [io  0xe000-0xefff window]
[    1.891408] pci_bus 0000:83: root bus resource [mem 0xe6800000-0xf13fffff window]
[    1.891409] pci_bus 0000:83: root bus resource [mem 0x280000000000-0x28ffffffffff window]
[    1.891410] pci_bus 0000:83: root bus resource [bus 83-f9]
[    1.891420] pci 0000:83:00.0: [8086:09a2] type 00 class 0x088000
[    1.891490] pci 0000:83:00.1: [8086:09a4] type 00 class 0x088000
[    1.891557] pci 0000:83:00.2: [8086:09a3] type 00 class 0x088000
[    1.891627] pci 0000:83:00.4: [8086:0998] type 00 class 0x060000
[    1.891705] pci_bus 0000:83: on NUMA node 1
[    1.891779] ACPI: PCI Root Bridge [PC11] (domain 0000 [bus fa])
[    1.891781] acpi PNP0A08:0b: _OSC: OS supports [ExtendedConfig ASPM ClockPM Segments MSI HPX-Type3]
[    1.906206] acpi PNP0A08:0b: _OSC: platform does not support [SHPCHotplug AER]
[    1.906417] acpi PNP0A08:0b: _OSC: OS now controls [PCIeHotplug PME PCIeCapability LTR]
[    1.906418] acpi PNP0A08:0b: FADT indicates ASPM is unsupported, using BIOS configuration
[    1.906536] PCI host bridge to bus 0000:fa
[    1.906537] pci_bus 0000:fa: root bus resource [io  0xf000-0xffff window]
[    1.906539] pci_bus 0000:fa: root bus resource [mem 0xf1400000-0xfb7fffff window]
[    1.906540] pci_bus 0000:fa: root bus resource [mem 0x290000000000-0x29ffffffffff window]
[    1.906541] pci_bus 0000:fa: root bus resource [bus fa]
[    1.906551] pci 0000:fa:00.0: [8086:09a2] type 00 class 0x088000
[    1.906622] pci 0000:fa:00.1: [8086:09a4] type 00 class 0x088000
[    1.906694] pci 0000:fa:00.2: [8086:09a3] type 00 class 0x088000
[    1.906764] pci 0000:fa:00.4: [8086:0998] type 00 class 0x060000
[    1.906843] pci_bus 0000:fa: on NUMA node 1
[    1.906910] ACPI: PCI Root Bridge [UC16] (domain 0000 [bus fe])
[    1.906912] acpi PNP0A03:02: _OSC: OS supports [ExtendedConfig ASPM ClockPM Segments MSI HPX-Type3]
[    1.907009] acpi PNP0A03:02: _OSC: platform does not support [SHPCHotplug AER LTR]
[    1.907187] acpi PNP0A03:02: _OSC: OS now controls [PCIeHotplug PME PCIeCapability]
[    1.907188] acpi PNP0A03:02: FADT indicates ASPM is unsupported, using BIOS configuration
[    1.907319] PCI host bridge to bus 0000:fe
[    1.907320] pci_bus 0000:fe: root bus resource [bus fe]
[    1.907328] pci 0000:fe:00.0: [8086:3450] type 00 class 0x088000
[    1.907405] pci 0000:fe:00.1: [8086:3451] type 00 class 0x088000
[    1.907464] pci 0000:fe:00.2: [8086:3452] type 00 class 0x088000
[    1.907522] pci 0000:fe:00.3: [8086:0998] type 00 class 0x060000
[    1.907582] pci 0000:fe:00.5: [8086:3455] type 00 class 0x088000
[    1.907649] pci 0000:fe:02.0: [8086:3440] type 00 class 0x088000
[    1.907786] pci 0000:fe:02.1: [8086:3441] type 00 class 0x088000
[    1.907898] pci 0000:fe:02.2: [8086:3442] type 00 class 0x088000
[    1.908009] pci 0000:fe:03.0: [8086:3440] type 00 class 0x088000
[    1.908107] pci 0000:fe:03.1: [8086:3441] type 00 class 0x088000
[    1.908186] pci 0000:fe:03.2: [8086:3442] type 00 class 0x088000
[    1.908272] pci 0000:fe:04.0: [8086:3440] type 00 class 0x088000
[    1.908397] pci 0000:fe:04.1: [8086:3441] type 00 class 0x088000
[    1.908518] pci 0000:fe:04.2: [8086:3442] type 00 class 0x088000
[    1.908642] pci 0000:fe:04.3: [8086:3443] type 00 class 0x088000
[    1.908766] pci 0000:fe:05.0: [8086:3445] type 00 class 0x088000
[    1.908897] pci 0000:fe:05.1: [8086:3446] type 00 class 0x088000
[    1.909015] pci 0000:fe:05.2: [8086:3447] type 00 class 0x088000
[    1.909128] pci 0000:fe:06.0: [8086:3445] type 00 class 0x088000
[    1.909225] pci 0000:fe:06.1: [8086:3446] type 00 class 0x088000
[    1.909307] pci 0000:fe:06.2: [8086:3447] type 00 class 0x088000
[    1.909398] pci 0000:fe:07.0: [8086:3445] type 00 class 0x088000
[    1.909543] pci 0000:fe:07.1: [8086:3446] type 00 class 0x088000
[    1.909666] pci 0000:fe:07.2: [8086:3447] type 00 class 0x088000
[    1.909786] pci 0000:fe:0b.0: [8086:3448] type 00 class 0x088000
[    1.909867] pci 0000:fe:0b.1: [8086:3448] type 00 class 0x088000
[    1.909932] pci 0000:fe:0b.2: [8086:344b] type 00 class 0x088000
[    1.910005] pci 0000:fe:0c.0: [8086:344a] type 00 class 0x110100
[    1.910115] pci 0000:fe:0d.0: [8086:344a] type 00 class 0x110100
[    1.910220] pci 0000:fe:0e.0: [8086:344a] type 00 class 0x110100
[    1.910377] pci 0000:fe:0f.0: [8086:344a] type 00 class 0x110100
[    1.910536] pci 0000:fe:1a.0: [8086:2880] type 00 class 0x110100
[    1.910643] pci 0000:fe:1b.0: [8086:2880] type 00 class 0x110100
[    1.910747] pci 0000:fe:1c.0: [8086:2880] type 00 class 0x110100
[    1.910903] pci 0000:fe:1d.0: [8086:2880] type 00 class 0x110100
[    1.911062] pci_bus 0000:fe: on NUMA node 1
[    1.911144] ACPI: PCI Root Bridge [UC17] (domain 0000 [bus ff])
[    1.911147] acpi PNP0A03:03: _OSC: OS supports [ExtendedConfig ASPM ClockPM Segments MSI HPX-Type3]
[    1.911248] acpi PNP0A03:03: _OSC: platform does not support [SHPCHotplug AER LTR]
[    1.911426] acpi PNP0A03:03: _OSC: OS now controls [PCIeHotplug PME PCIeCapability]
[    1.911427] acpi PNP0A03:03: FADT indicates ASPM is unsupported, using BIOS configuration
[    1.911576] PCI host bridge to bus 0000:ff
[    1.911578] pci_bus 0000:ff: root bus resource [bus ff]
[    1.911592] pci 0000:ff:00.0: [8086:344c] type 00 class 0x088000
[    1.911712] pci 0000:ff:00.1: [8086:344c] type 00 class 0x088000
[    1.911825] pci 0000:ff:00.2: [8086:344c] type 00 class 0x088000
[    1.911928] pci 0000:ff:00.3: [8086:344c] type 00 class 0x088000
[    1.912048] pci 0000:ff:00.4: [8086:344c] type 00 class 0x088000
[    1.912164] pci 0000:ff:00.5: [8086:344c] type 00 class 0x088000
[    1.912258] pci 0000:ff:00.6: [8086:344c] type 00 class 0x088000
[    1.912383] pci 0000:ff:00.7: [8086:344c] type 00 class 0x088000
[    1.912510] pci 0000:ff:01.0: [8086:344c] type 00 class 0x088000
[    1.912656] pci 0000:ff:01.1: [8086:344c] type 00 class 0x088000
[    1.912780] pci 0000:ff:01.2: [8086:344c] type 00 class 0x088000
[    1.912869] pci 0000:ff:01.3: [8086:344c] type 00 class 0x088000
[    1.913005] pci 0000:ff:01.4: [8086:344c] type 00 class 0x088000
[    1.913142] pci 0000:ff:01.5: [8086:344c] type 00 class 0x088000
[    1.913282] pci 0000:ff:01.6: [8086:344c] type 00 class 0x088000
[    1.913408] pci 0000:ff:01.7: [8086:344c] type 00 class 0x088000
[    1.913541] pci 0000:ff:02.0: [8086:344c] type 00 class 0x088000
[    1.913695] pci 0000:ff:02.1: [8086:344c] type 00 class 0x088000
[    1.913826] pci 0000:ff:02.2: [8086:344c] type 00 class 0x088000
[    1.913970] pci 0000:ff:02.3: [8086:344c] type 00 class 0x088000
[    1.914106] pci 0000:ff:02.4: [8086:344c] type 00 class 0x088000
[    1.914242] pci 0000:ff:02.5: [8086:344c] type 00 class 0x088000
[    1.914386] pci 0000:ff:02.6: [8086:344c] type 00 class 0x088000
[    1.914528] pci 0000:ff:02.7: [8086:344c] type 00 class 0x088000
[    1.914679] pci 0000:ff:03.0: [8086:344c] type 00 class 0x088000
[    1.914848] pci 0000:ff:03.1: [8086:344c] type 00 class 0x088000
[    1.914999] pci 0000:ff:03.2: [8086:344c] type 00 class 0x088000
[    1.915165] pci 0000:ff:03.3: [8086:344c] type 00 class 0x088000
[    1.915329] pci 0000:ff:0a.0: [8086:344d] type 00 class 0x088000
[    1.915447] pci 0000:ff:0a.1: [8086:344d] type 00 class 0x088000
[    1.915560] pci 0000:ff:0a.2: [8086:344d] type 00 class 0x088000
[    1.915658] pci 0000:ff:0a.3: [8086:344d] type 00 class 0x088000
[    1.915778] pci 0000:ff:0a.4: [8086:344d] type 00 class 0x088000
[    1.915896] pci 0000:ff:0a.5: [8086:344d] type 00 class 0x088000
[    1.915990] pci 0000:ff:0a.6: [8086:344d] type 00 class 0x088000
[    1.916120] pci 0000:ff:0a.7: [8086:344d] type 00 class 0x088000
[    1.916246] pci 0000:ff:0b.0: [8086:344d] type 00 class 0x088000
[    1.916394] pci 0000:ff:0b.1: [8086:344d] type 00 class 0x088000
[    1.916517] pci 0000:ff:0b.2: [8086:344d] type 00 class 0x088000
[    1.916601] pci 0000:ff:0b.3: [8086:344d] type 00 class 0x088000
[    1.916738] pci 0000:ff:0b.4: [8086:344d] type 00 class 0x088000
[    1.916874] pci 0000:ff:0b.5: [8086:344d] type 00 class 0x088000
[    1.917014] pci 0000:ff:0b.6: [8086:344d] type 00 class 0x088000
[    1.917146] pci 0000:ff:0b.7: [8086:344d] type 00 class 0x088000
[    1.917279] pci 0000:ff:0c.0: [8086:344d] type 00 class 0x088000
[    1.917427] pci 0000:ff:0c.1: [8086:344d] type 00 class 0x088000
[    1.917559] pci 0000:ff:0c.2: [8086:344d] type 00 class 0x088000
[    1.917697] pci 0000:ff:0c.3: [8086:344d] type 00 class 0x088000
[    1.917834] pci 0000:ff:0c.4: [8086:344d] type 00 class 0x088000
[    1.917971] pci 0000:ff:0c.5: [8086:344d] type 00 class 0x088000
[    1.918114] pci 0000:ff:0c.6: [8086:344d] type 00 class 0x088000
[    1.918262] pci 0000:ff:0c.7: [8086:344d] type 00 class 0x088000
[    1.918412] pci 0000:ff:0d.0: [8086:344d] type 00 class 0x088000
[    1.918580] pci 0000:ff:0d.1: [8086:344d] type 00 class 0x088000
[    1.918730] pci 0000:ff:0d.2: [8086:344d] type 00 class 0x088000
[    1.918892] pci 0000:ff:0d.3: [8086:344d] type 00 class 0x088000
[    1.919066] pci 0000:ff:1d.0: [8086:344f] type 00 class 0x088000
[    1.919195] pci 0000:ff:1d.1: [8086:3457] type 00 class 0x088000
[    1.919307] pci 0000:ff:1e.0: [8086:3458] type 00 class 0x088000
[    1.919393] pci 0000:ff:1e.1: [8086:3459] type 00 class 0x088000
[    1.919459] pci 0000:ff:1e.2: [8086:345a] type 00 class 0x088000
[    1.919523] pci 0000:ff:1e.3: [8086:345b] type 00 class 0x088000
[    1.919587] pci 0000:ff:1e.4: [8086:345c] type 00 class 0x088000
[    1.919651] pci 0000:ff:1e.5: [8086:345d] type 00 class 0x088000
[    1.919715] pci 0000:ff:1e.6: [8086:345e] type 00 class 0x088000
[    1.919780] pci 0000:ff:1e.7: [8086:345f] type 00 class 0x088000
[    1.919842] pci_bus 0000:ff: on NUMA node 1
[    1.922366] iommu: Default domain type: Translated 
[    1.922366] iommu: DMA domain TLB invalidation policy: lazy mode 
[    1.922546] SCSI subsystem initialized
[    1.922579] libata version 3.00 loaded.
[    1.922579] ACPI: bus type USB registered
[    1.922579] usbcore: registered new interface driver usbfs
[    1.922579] usbcore: registered new interface driver hub
[    1.922579] usbcore: registered new device driver usb
[    1.922579] pps_core: LinuxPPS API ver. 1 registered
[    1.922579] pps_core: Software ver. 5.3.6 - Copyright 2005-2007 Rodolfo Giometti <giometti@linux.it>
[    1.922579] PTP clock support registered
[    1.922579] EDAC MC: Ver: 3.0.0
[    1.922990] Registered efivars operations
[    1.922990] NetLabel: Initializing
[    1.922990] NetLabel:  domain hash size = 128
[    1.922990] NetLabel:  protocols = UNLABELED CIPSOv4 CALIPSO
[    1.922990] NetLabel:  unlabeled traffic allowed by default
[    1.922990] PCI: Using ACPI for IRQ routing
[    1.925809] PCI: pci_cache_line_size set to 64 bytes
[    1.926396] e820: reserve RAM buffer [mem 0x0008f000-0x0008ffff]
[    1.926398] e820: reserve RAM buffer [mem 0x46cc4020-0x47ffffff]
[    1.926399] e820: reserve RAM buffer [mem 0x46cf6020-0x47ffffff]
[    1.926400] e820: reserve RAM buffer [mem 0x46d29020-0x47ffffff]
[    1.926401] e820: reserve RAM buffer [mem 0x46d5c020-0x47ffffff]
[    1.926402] e820: reserve RAM buffer [mem 0x49e77000-0x4bffffff]
[    1.926403] e820: reserve RAM buffer [mem 0x4b2cf000-0x4bffffff]
[    1.926404] e820: reserve RAM buffer [mem 0x4bd94000-0x4bffffff]
[    1.926405] e820: reserve RAM buffer [mem 0x4ce00000-0x4fffffff]
[    1.926405] e820: reserve RAM buffer [mem 0x5eefe000-0x5fffffff]
[    1.926406] e820: reserve RAM buffer [mem 0x6f800000-0x6fffffff]
[    1.926612] pci 0000:03:00.0: vgaarb: setting as boot VGA device
[    1.926612] pci 0000:03:00.0: vgaarb: bridge control possible
[    1.926612] pci 0000:03:00.0: vgaarb: VGA device added: decodes=io+mem,owns=io+mem,locks=none
[    1.926612] vgaarb: loaded
[    1.931638] hpet0: at MMIO 0xfed00000, IRQs 2, 8, 0, 0, 0, 0, 0, 0
[    1.931645] hpet0: 8 comparators, 64-bit 24.000000 MHz counter
[    1.933898] clocksource: Switched to clocksource tsc-early
[    1.939917] VFS: Disk quotas dquot_6.6.0
[    1.939952] VFS: Dquot-cache hash table entries: 512 (order 0, 4096 bytes)
[    1.940102] AppArmor: AppArmor Filesystem Enabled
[    1.940114] pnp: PnP ACPI init
[    1.956197] system 00:01: [io  0x0500-0x05fe] has been reserved
[    1.956200] system 00:01: [io  0x0400-0x041f] has been reserved
[    1.956202] system 00:01: [io  0x0600-0x061f] has been reserved
[    1.956204] system 00:01: [io  0x0ca0-0x0ca1] has been reserved
[    1.956205] system 00:01: [io  0x0ca4-0x0ca6] has been reserved
[    1.956208] system 00:01: [mem 0xff000000-0xffffffff] has been reserved
[    1.956815] system 00:04: [mem 0xfd000000-0xfdabffff] has been reserved
[    1.956817] system 00:04: [mem 0xfdad0000-0xfdadffff] has been reserved
[    1.956819] system 00:04: [mem 0xfdb00000-0xfdffffff] has been reserved
[    1.956821] system 00:04: [mem 0xfe000000-0xfe00ffff] has been reserved
[    1.956822] system 00:04: [mem 0xfe011000-0xfe01ffff] has been reserved
[    1.956824] system 00:04: [mem 0xfe036000-0xfe03bfff] has been reserved
[    1.956826] system 00:04: [mem 0xfe03d000-0xfe3fffff] has been reserved
[    1.956827] system 00:04: [mem 0xfe410000-0xfe7fffff] has been reserved
[    1.957146] system 00:05: [io  0x1000-0x10fe] has been reserved
[    1.958165] pnp: PnP ACPI: found 6 devices
[    1.963832] clocksource: acpi_pm: mask: 0xffffff max_cycles: 0xffffff, max_idle_ns: 2085701024 ns
[    1.963913] NET: Registered PF_INET protocol family
[    1.964235] IP idents hash table entries: 262144 (order: 9, 2097152 bytes, vmalloc)
[    1.966425] tcp_listen_portaddr_hash hash table entries: 16384 (order: 6, 262144 bytes, vmalloc)
[    1.966786] TCP established hash table entries: 262144 (order: 9, 2097152 bytes, vmalloc)
[    1.967169] TCP bind hash table entries: 65536 (order: 8, 1048576 bytes, vmalloc)
[    1.967231] TCP: Hash tables configured (established 262144 bind 65536)
[    1.967440] UDP hash table entries: 16384 (order: 7, 524288 bytes, vmalloc)
[    1.967554] UDP-Lite hash table entries: 16384 (order: 7, 524288 bytes, vmalloc)
[    1.967712] NET: Registered PF_UNIX/PF_LOCAL protocol family
[    1.967720] NET: Registered PF_XDP protocol family
[    1.967728] pci 0000:04:00.0: can't claim BAR 6 [mem 0xfffc0000-0xffffffff pref]: no compatible bridge window
[    1.967730] pci 0000:04:00.1: can't claim BAR 6 [mem 0xfffc0000-0xffffffff pref]: no compatible bridge window
[    1.967732] pci 0000:17:00.0: can't claim BAR 6 [mem 0xfff00000-0xffffffff pref]: no compatible bridge window
[    1.967748] pci 0000:00:1c.5: BAR 14: assigned [mem 0x90000000-0x900fffff]
[    1.967751] pci 0000:00:1c.0: PCI bridge to [bus 01]
[    1.967761] pci 0000:02:00.0: PCI bridge to [bus 03]
[    1.967766] pci 0000:02:00.0:   bridge window [mem 0x92000000-0x928fffff]
[    1.967770] pci 0000:02:00.0:   bridge window [mem 0x91000000-0x91ffffff 64bit pref]
[    1.967776] pci 0000:00:1c.4: PCI bridge to [bus 02-03]
[    1.967780] pci 0000:00:1c.4:   bridge window [mem 0x92000000-0x928fffff]
[    1.967783] pci 0000:00:1c.4:   bridge window [mem 0x91000000-0x91ffffff 64bit pref]
[    1.967788] pci 0000:04:00.0: BAR 6: assigned [mem 0x90000000-0x9003ffff pref]
[    1.967790] pci 0000:04:00.1: BAR 6: assigned [mem 0x90040000-0x9007ffff pref]
[    1.967791] pci 0000:00:1c.5: PCI bridge to [bus 04]
[    1.967794] pci 0000:00:1c.5:   bridge window [mem 0x90000000-0x900fffff]
[    1.967797] pci 0000:00:1c.5:   bridge window [mem 0x92900000-0x929fffff 64bit pref]
[    1.967801] pci_bus 0000:00: resource 4 [io  0x0000-0x0cf7 window]
[    1.967803] pci_bus 0000:00: resource 5 [io  0x1000-0x4fff window]
[    1.967805] pci_bus 0000:00: resource 6 [mem 0x000a0000-0x000bffff window]
[    1.967806] pci_bus 0000:00: resource 7 [mem 0x000c8000-0x000cffff window]
[    1.967807] pci_bus 0000:00: resource 8 [mem 0xfe010000-0xfe010fff window]
[    1.967809] pci_bus 0000:00: resource 9 [mem 0x90000000-0x9b7fffff window]
[    1.967810] pci_bus 0000:00: resource 10 [mem 0x200000000000-0x20ffffffffff window]
[    1.967812] pci_bus 0000:02: resource 1 [mem 0x92000000-0x928fffff]
[    1.967814] pci_bus 0000:02: resource 2 [mem 0x91000000-0x91ffffff 64bit pref]
[    1.967815] pci_bus 0000:03: resource 1 [mem 0x92000000-0x928fffff]
[    1.967816] pci_bus 0000:03: resource 2 [mem 0x91000000-0x91ffffff 64bit pref]
[    1.967817] pci_bus 0000:04: resource 1 [mem 0x90000000-0x900fffff]
[    1.967818] pci_bus 0000:04: resource 2 [mem 0x92900000-0x929fffff 64bit pref]
[    1.967895] pci 0000:17:00.0: BAR 6: no space for [mem size 0x00100000 pref]
[    1.967897] pci 0000:17:00.0: BAR 6: failed to assign [mem size 0x00100000 pref]
[    1.967898] pci 0000:16:02.0: PCI bridge to [bus 17]
[    1.967900] pci 0000:16:02.0:   bridge window [io  0x5000-0x5fff]
[    1.967903] pci 0000:16:02.0:   bridge window [mem 0x9ba00000-0x9bafffff]
[    1.967905] pci 0000:16:02.0:   bridge window [mem 0x9b800000-0x9b9fffff 64bit pref]
[    1.967908] pci_bus 0000:16: resource 4 [io  0x5000-0x6fff window]
[    1.967909] pci_bus 0000:16: resource 5 [mem 0x9b800000-0xa63fffff window]
[    1.967911] pci_bus 0000:16: resource 6 [mem 0x210000000000-0x21ffffffffff window]
[    1.967912] pci_bus 0000:17: resource 0 [io  0x5000-0x5fff]
[    1.967913] pci_bus 0000:17: resource 1 [mem 0x9ba00000-0x9bafffff]
[    1.967914] pci_bus 0000:17: resource 2 [mem 0x9b800000-0x9b9fffff 64bit pref]
[    1.967920] pci_bus 0000:30: resource 4 [io  0x7000-0x8fff window]
[    1.967922] pci_bus 0000:30: resource 5 [mem 0xa6400000-0xb0ffffff window]
[    1.967923] pci_bus 0000:30: resource 6 [mem 0x220000000000-0x22ffffffffff window]
[    1.967929] pci_bus 0000:4a: resource 4 [io  0x9000-0x9fff window]
[    1.967930] pci_bus 0000:4a: resource 5 [mem 0xb1000000-0xbbbfffff window]
[    1.967931] pci_bus 0000:4a: resource 6 [mem 0x230000000000-0x23ffffffffff window]
