2024年 06月 30日 星期日 14:37:26 CST
pgmigrate_success 18485
pgmigrate_fail 1
pgmigrate_dst_node_full_fail 0
pgmigrate_numa_isolate_fail 6
pgmigrate_nomem_fail 1
pgmigrate_refcount_fail 0
thp_fault_alloc 0
thp_fault_fallback 0
thp_collapse_alloc 5
thp_collapse_alloc_failed 0
thp_file_alloc 0
thp_file_mapped 0
thp_split_page 0
thp_split_page_failed 0
thp_deferred_split_page 0
thp_split_pmd 0
thp_split_pud 0
thp_zero_page_alloc 0
thp_zero_page_alloc_failed 0
thp_swpout 0
thp_swpout_fallback 0
MemTotal:       1123315000 kB
MemFree:        1092690188 kB
MemAvailable:   1090393428 kB
Buffers:            8740 kB
Cached:           438140 kB
SwapCached:            0 kB
Active:           440940 kB
Inactive:         579800 kB
Active(anon):     271796 kB
Inactive(anon):   308528 kB
Active(file):     169144 kB
Inactive(file):   271272 kB
Unevictable:           0 kB
Mlocked:               0 kB
SwapTotal:       2097148 kB
SwapFree:        2097148 kB
Dirty:               524 kB
Writeback:             0 kB
AnonPages:        574208 kB
Mapped:           434136 kB
Shmem:              6200 kB
KReclaimable:     244660 kB
Slab:             611660 kB
SReclaimable:     244660 kB
SUnreclaim:       367000 kB
KernelStack:       35188 kB
PageTables:        27612 kB
NFS_Unstable:          0 kB
Bounce:                0 kB
WritebackTmp:          0 kB
CommitLimit:    563754648 kB
Committed_AS:    6632944 kB
VmallocTotal:   34359738367 kB
VmallocUsed:      162716 kB
VmallocChunk:          0 kB
Percpu:           123648 kB
HardwareCorrupted:     0 kB
AnonHugePages:     10240 kB
ShmemHugePages:        0 kB
ShmemPmdMapped:        0 kB
CmaTotal:              0 kB
CmaFree:               0 kB
HugePages_Total:       0
HugePages_Free:        0
HugePages_Rsvd:        0
HugePages_Surp:        0
Hugepagesize:       2048 kB
Hugetlb:               0 kB
DirectMap4k:      962020 kB
DirectMap2M:    10008576 kB
DirectMap1G:    1178599424 kB
2024年 06月 30日 星期日 14:38:16 CST
pgmigrate_success 71229
pgmigrate_fail 43
pgmigrate_dst_node_full_fail 1
pgmigrate_numa_isolate_fail 6
pgmigrate_nomem_fail 1
pgmigrate_refcount_fail 0
thp_fault_alloc 16838
thp_fault_fallback 0
thp_collapse_alloc 6
thp_collapse_alloc_failed 0
thp_file_alloc 0
thp_file_mapped 0
thp_split_page 0
thp_split_page_failed 0
thp_deferred_split_page 16838
thp_split_pmd 0
thp_split_pud 0
thp_zero_page_alloc 0
thp_zero_page_alloc_failed 0
thp_swpout 0
thp_swpout_fallback 0
MemTotal:       1123315000 kB
MemFree:        1069183024 kB
MemAvailable:   1089272524 kB
Buffers:           10392 kB
Cached:         23828304 kB
SwapCached:            0 kB
Active:           438076 kB
Inactive:       23973204 kB
Active(anon):     241936 kB
Inactive(anon):   336832 kB
Active(file):     196140 kB
Inactive(file): 23636372 kB
Unevictable:           0 kB
Mlocked:               0 kB
SwapTotal:       2097148 kB
SwapFree:        2096892 kB
Dirty:                48 kB
Writeback:             0 kB
AnonPages:        573200 kB
Mapped:           433560 kB
Shmem:              6168 kB
KReclaimable:     309476 kB
Slab:             677152 kB
SReclaimable:     309476 kB
SUnreclaim:       367676 kB
KernelStack:       35264 kB
PageTables:        27400 kB
NFS_Unstable:          0 kB
Bounce:                0 kB
WritebackTmp:          0 kB
CommitLimit:    563754648 kB
Committed_AS:    6624896 kB
VmallocTotal:   34359738367 kB
VmallocUsed:      162732 kB
VmallocChunk:          0 kB
Percpu:           123648 kB
HardwareCorrupted:     0 kB
AnonHugePages:     10240 kB
ShmemHugePages:        0 kB
ShmemPmdMapped:        0 kB
CmaTotal:              0 kB
CmaFree:               0 kB
HugePages_Total:       0
HugePages_Free:        0
HugePages_Rsvd:        0
HugePages_Surp:        0
Hugepagesize:       2048 kB
Hugetlb:               0 kB
DirectMap4k:      962020 kB
DirectMap2M:    10008576 kB
DirectMap1G:    1178599424 kB
