2024年 05月 18日 星期六 15:27:10 CST
pgmigrate_success 2999
pgmigrate_fail 0
pgmigrate_dst_node_full_fail 0
pgmigrate_numa_isolate_fail 3
pgmigrate_nomem_fail 0
pgmigrate_refcount_fail 0
thp_fault_alloc 0
thp_fault_fallback 0
thp_collapse_alloc 0
thp_collapse_alloc_failed 0
thp_file_alloc 0
thp_file_mapped 0
thp_split_page 0
thp_split_page_failed 0
thp_deferred_split_page 0
thp_split_pmd 0
thp_split_pud 0
thp_zero_page_alloc 0
thp_zero_page_alloc_failed 0
thp_swpout 0
thp_swpout_fallback 0
MemTotal:       1104431468 kB
MemFree:        1073926924 kB
MemAvailable:   1071699696 kB
Buffers:            7792 kB
Cached:           371120 kB
SwapCached:            0 kB
Active:           633328 kB
Inactive:         313036 kB
Active(anon):     566976 kB
Inactive(anon):     6148 kB
Active(file):      66352 kB
Inactive(file):   306888 kB
Unevictable:           0 kB
Mlocked:               0 kB
SwapTotal:       2097148 kB
SwapFree:        2097148 kB
Dirty:              1440 kB
Writeback:             0 kB
AnonPages:        567180 kB
Mapped:           367504 kB
Shmem:              6160 kB
KReclaimable:     227844 kB
Slab:             588856 kB
SReclaimable:     227844 kB
SUnreclaim:       361012 kB
KernelStack:       33248 kB
PageTables:        27756 kB
NFS_Unstable:          0 kB
Bounce:                0 kB
WritebackTmp:          0 kB
CommitLimit:    554312880 kB
Committed_AS:    6476364 kB
VmallocTotal:   34359738367 kB
VmallocUsed:      158380 kB
VmallocChunk:          0 kB
Percpu:           124992 kB
HardwareCorrupted:     0 kB
AnonHugePages:         0 kB
ShmemHugePages:        0 kB
ShmemPmdMapped:        0 kB
CmaTotal:              0 kB
CmaFree:               0 kB
HugePages_Total:       0
HugePages_Free:        0
HugePages_Rsvd:        0
HugePages_Surp:        0
Hugepagesize:       2048 kB
Hugetlb:               0 kB
DirectMap4k:     1002984 kB
DirectMap2M:     8919040 kB
DirectMap1G:    1179648000 kB
2024年 05月 18日 星期六 15:28:14 CST
pgmigrate_success 22134
pgmigrate_fail 3
pgmigrate_dst_node_full_fail 36449
pgmigrate_numa_isolate_fail 3
pgmigrate_nomem_fail 0
pgmigrate_refcount_fail 0
thp_fault_alloc 16854
thp_fault_fallback 0
thp_collapse_alloc 6
thp_collapse_alloc_failed 0
thp_file_alloc 0
thp_file_mapped 0
thp_split_page 0
thp_split_page_failed 0
thp_deferred_split_page 16854
thp_split_pmd 2
thp_split_pud 0
thp_zero_page_alloc 0
thp_zero_page_alloc_failed 0
thp_swpout 0
thp_swpout_fallback 0
MemTotal:       1104431468 kB
MemFree:        1059121796 kB
MemAvailable:   1070648044 kB
Buffers:           53480 kB
Cached:         15087648 kB
SwapCached:          200 kB
Active:           483880 kB
Inactive:       15222472 kB
Active(anon):     198688 kB
Inactive(anon):   372428 kB
Active(file):     285192 kB
Inactive(file): 14850044 kB
Unevictable:           0 kB
Mlocked:               0 kB
SwapTotal:       2097148 kB
SwapFree:        2092284 kB
Dirty:                 8 kB
Writeback:             0 kB
AnonPages:        565740 kB
Mapped:           355384 kB
Shmem:              5724 kB
KReclaimable:     316708 kB
Slab:             677680 kB
SReclaimable:     316708 kB
SUnreclaim:       360972 kB
KernelStack:       33376 kB
PageTables:        27904 kB
NFS_Unstable:          0 kB
Bounce:                0 kB
WritebackTmp:          0 kB
CommitLimit:    554312880 kB
Committed_AS:    6488292 kB
VmallocTotal:   34359738367 kB
VmallocUsed:      158444 kB
VmallocChunk:          0 kB
Percpu:           124992 kB
HardwareCorrupted:     0 kB
AnonHugePages:      6144 kB
ShmemHugePages:        0 kB
ShmemPmdMapped:        0 kB
CmaTotal:              0 kB
CmaFree:               0 kB
HugePages_Total:       0
HugePages_Free:        0
HugePages_Rsvd:        0
HugePages_Surp:        0
Hugepagesize:       2048 kB
Hugetlb:               0 kB
DirectMap4k:     1002984 kB
DirectMap2M:     8919040 kB
DirectMap1G:    1179648000 kB
