2024年 05月 16日 星期四 11:59:34 CST
pgmigrate_success 32427
pgmigrate_fail 3
pgmigrate_dst_node_full_fail 0
pgmigrate_numa_isolate_fail 25
pgmigrate_nomem_fail 0
pgmigrate_refcount_fail 0
thp_fault_alloc 2
thp_fault_fallback 0
thp_collapse_alloc 2
thp_collapse_alloc_failed 0
thp_file_alloc 0
thp_file_mapped 0
thp_split_page 0
thp_split_page_failed 0
thp_deferred_split_page 0
thp_split_pmd 0
thp_split_pud 0
thp_zero_page_alloc 0
thp_zero_page_alloc_failed 0
thp_swpout 0
thp_swpout_fallback 0
MemTotal:       1088638340 kB
MemFree:        1057765872 kB
MemAvailable:   1055648212 kB
Buffers:            5760 kB
Cached:           410148 kB
SwapCached:            0 kB
Active:           638388 kB
Inactive:         357712 kB
Active(anon):     566088 kB
Inactive(anon):    21324 kB
Active(file):      72300 kB
Inactive(file):   336388 kB
Unevictable:           0 kB
Mlocked:               0 kB
SwapTotal:       2097148 kB
SwapFree:        2097148 kB
Dirty:               484 kB
Writeback:             0 kB
AnonPages:        581336 kB
Mapped:           405584 kB
Shmem:              6204 kB
KReclaimable:     225180 kB
Slab:             577260 kB
SReclaimable:     225180 kB
SUnreclaim:       352080 kB
KernelStack:       33280 kB
PageTables:        27848 kB
NFS_Unstable:          0 kB
Bounce:                0 kB
WritebackTmp:          0 kB
CommitLimit:    546416316 kB
Committed_AS:    6530468 kB
VmallocTotal:   34359738367 kB
VmallocUsed:      158452 kB
VmallocChunk:          0 kB
Percpu:           124544 kB
HardwareCorrupted:     0 kB
AnonHugePages:      8192 kB
ShmemHugePages:        0 kB
ShmemPmdMapped:        0 kB
CmaTotal:              0 kB
CmaFree:               0 kB
HugePages_Total:       0
HugePages_Free:        0
HugePages_Rsvd:        0
HugePages_Surp:        0
Hugepagesize:       2048 kB
Hugetlb:               0 kB
DirectMap4k:     1066472 kB
DirectMap2M:     8855552 kB
DirectMap1G:    1179648000 kB
2024年 05月 16日 星期四 12:04:09 CST
pgmigrate_success 726860
pgmigrate_fail 662532
pgmigrate_dst_node_full_fail 663817
pgmigrate_numa_isolate_fail 25
pgmigrate_nomem_fail 1
pgmigrate_refcount_fail 0
thp_fault_alloc 10983
thp_fault_fallback 0
thp_collapse_alloc 18
thp_collapse_alloc_failed 0
thp_file_alloc 0
thp_file_mapped 0
thp_split_page 0
thp_split_page_failed 0
thp_deferred_split_page 12291
thp_split_pmd 0
thp_split_pud 0
thp_zero_page_alloc 0
thp_zero_page_alloc_failed 0
thp_swpout 0
thp_swpout_fallback 0
MemTotal:       1088638340 kB
MemFree:        1050935136 kB
MemAvailable:   1054640160 kB
Buffers:           10988 kB
Cached:          7233908 kB
SwapCached:          128 kB
Active:           479692 kB
Inactive:        7343668 kB
Active(anon):     242048 kB
Inactive(anon):   342532 kB
Active(file):     237644 kB
Inactive(file):  7001136 kB
Unevictable:           0 kB
Mlocked:               0 kB
SwapTotal:       2097148 kB
SwapFree:        2094844 kB
Dirty:                20 kB
Writeback:             0 kB
AnonPages:        578920 kB
Mapped:           401504 kB
Shmem:              5924 kB
KReclaimable:     249248 kB
Slab:             601972 kB
SReclaimable:     249248 kB
SUnreclaim:       352724 kB
KernelStack:       33504 kB
PageTables:        28324 kB
NFS_Unstable:          0 kB
Bounce:                0 kB
WritebackTmp:          0 kB
CommitLimit:    546416316 kB
Committed_AS:    6493012 kB
VmallocTotal:   34359738367 kB
VmallocUsed:      158484 kB
VmallocChunk:          0 kB
Percpu:           124544 kB
HardwareCorrupted:     0 kB
AnonHugePages:    215040 kB
ShmemHugePages:        0 kB
ShmemPmdMapped:        0 kB
CmaTotal:              0 kB
CmaFree:               0 kB
HugePages_Total:       0
HugePages_Free:        0
HugePages_Rsvd:        0
HugePages_Surp:        0
Hugepagesize:       2048 kB
Hugetlb:               0 kB
DirectMap4k:     1066472 kB
DirectMap2M:     8855552 kB
DirectMap1G:    1179648000 kB
