2024年 07月 01日 星期一 20:22:03 CST
pgmigrate_success 264
pgmigrate_fail 0
pgmigrate_dst_node_full_fail 0
pgmigrate_numa_isolate_fail 9
pgmigrate_nomem_fail 0
pgmigrate_refcount_fail 0
thp_fault_alloc 1
thp_fault_fallback 0
thp_collapse_alloc 0
thp_collapse_alloc_failed 0
thp_file_alloc 0
thp_file_mapped 0
thp_split_page 0
thp_split_page_failed 0
thp_deferred_split_page 0
thp_split_pmd 0
thp_split_pud 0
thp_zero_page_alloc 0
thp_zero_page_alloc_failed 0
thp_swpout 0
thp_swpout_fallback 0
MemTotal:       1077200276 kB
MemFree:        1046242760 kB
MemAvailable:   1044184652 kB
Buffers:            7820 kB
Cached:           386924 kB
SwapCached:            0 kB
Active:           654680 kB
Inactive:         324872 kB
Active(anon):     585068 kB
Inactive(anon):     6224 kB
Active(file):      69612 kB
Inactive(file):   318648 kB
Unevictable:           0 kB
Mlocked:               0 kB
SwapTotal:       2097148 kB
SwapFree:        2097148 kB
Dirty:              1316 kB
Writeback:             0 kB
AnonPages:        585660 kB
Mapped:           383484 kB
Shmem:              6244 kB
KReclaimable:     229404 kB
Slab:             587632 kB
SReclaimable:     229404 kB
SUnreclaim:       358228 kB
KernelStack:       35764 kB
PageTables:        28912 kB
NFS_Unstable:          0 kB
Bounce:                0 kB
WritebackTmp:          0 kB
CommitLimit:    540697284 kB
Committed_AS:    6650124 kB
VmallocTotal:   34359738367 kB
VmallocUsed:      107428 kB
VmallocChunk:          0 kB
Percpu:           121856 kB
HardwareCorrupted:     0 kB
AnonHugePages:      2048 kB
ShmemHugePages:        0 kB
ShmemPmdMapped:        0 kB
CmaTotal:              0 kB
CmaFree:               0 kB
HugePages_Total:       0
HugePages_Free:        0
HugePages_Rsvd:        0
HugePages_Surp:        0
Hugepagesize:       2048 kB
Hugetlb:               0 kB
DirectMap4k:      861672 kB
DirectMap2M:     9060352 kB
DirectMap1G:    1179648000 kB
2024年 07月 01日 星期一 20:24:19 CST
pgmigrate_success 60876
pgmigrate_fail 3113987
pgmigrate_dst_node_full_fail 3121093
pgmigrate_numa_isolate_fail 9
pgmigrate_nomem_fail 3
pgmigrate_refcount_fail 0
thp_fault_alloc 16826
thp_fault_fallback 0
thp_collapse_alloc 11
thp_collapse_alloc_failed 1
thp_file_alloc 0
thp_file_mapped 0
thp_split_page 0
thp_split_page_failed 0
thp_deferred_split_page 16910
thp_split_pmd 4
thp_split_pud 0
thp_zero_page_alloc 0
thp_zero_page_alloc_failed 0
thp_swpout 0
thp_swpout_fallback 0
MemTotal:       1077200276 kB
MemFree:        1025368424 kB
MemAvailable:   1043246772 kB
Buffers:           63320 kB
Cached:         21247248 kB
SwapCached:         1184 kB
Active:           339060 kB
Inactive:       21535792 kB
Active(anon):      97788 kB
Inactive(anon):   472884 kB
Active(file):     241272 kB
Inactive(file): 21062908 kB
Unevictable:           0 kB
Mlocked:               0 kB
SwapTotal:       2097148 kB
SwapFree:        2073596 kB
Dirty:                16 kB
Writeback:             0 kB
AnonPages:        565224 kB
Mapped:           308920 kB
Shmem:              5324 kB
KReclaimable:     331484 kB
Slab:             692656 kB
SReclaimable:     331484 kB
SUnreclaim:       361172 kB
KernelStack:       35920 kB
PageTables:        29116 kB
NFS_Unstable:          0 kB
Bounce:                0 kB
WritebackTmp:          0 kB
CommitLimit:    540697284 kB
Committed_AS:    6613204 kB
VmallocTotal:   34359738367 kB
VmallocUsed:      107412 kB
VmallocChunk:          0 kB
Percpu:           121856 kB
HardwareCorrupted:     0 kB
AnonHugePages:     16384 kB
ShmemHugePages:        0 kB
ShmemPmdMapped:        0 kB
CmaTotal:              0 kB
CmaFree:               0 kB
HugePages_Total:       0
HugePages_Free:        0
HugePages_Rsvd:        0
HugePages_Surp:        0
Hugepagesize:       2048 kB
Hugetlb:               0 kB
DirectMap4k:      861672 kB
DirectMap2M:     9060352 kB
DirectMap1G:    1179648000 kB
