pgmigrate_success 83292
pgmigrate_fail 2507708
thp_fault_alloc 15548
thp_fault_fallback 0
thp_collapse_alloc 1
thp_collapse_alloc_failed 0
thp_file_alloc 0
thp_file_mapped 0
thp_split_page 0
thp_split_page_failed 0
thp_deferred_split_page 15549
thp_split_pmd 0
thp_split_pud 0
thp_zero_page_alloc 0
thp_zero_page_alloc_failed 0
thp_swpout 0
thp_swpout_fallback 0
MemTotal:       1123314824 kB
MemFree:        1100102272 kB
MemAvailable:   1100289692 kB
Buffers:          212064 kB
Cached:          3523264 kB
SwapCached:            0 kB
Active:          3280928 kB
Inactive:        1064204 kB
Active(anon):     504376 kB
Inactive(anon):   111692 kB
Active(file):    2776552 kB
Inactive(file):   952512 kB
Unevictable:           0 kB
Mlocked:               0 kB
SwapTotal:       2097148 kB
SwapFree:        2097148 kB
Dirty:                20 kB
Writeback:             0 kB
AnonPages:        611020 kB
Mapped:           363640 kB
Shmem:              6208 kB
KReclaimable:     478224 kB
Slab:             894568 kB
SReclaimable:     478224 kB
SUnreclaim:       416344 kB
KernelStack:       32064 kB
PageTables:        28440 kB
NFS_Unstable:          0 kB
Bounce:                0 kB
WritebackTmp:          0 kB
CommitLimit:    563754560 kB
Committed_AS:    6400100 kB
VmallocTotal:   34359738367 kB
VmallocUsed:      159436 kB
VmallocChunk:          0 kB
Percpu:           116928 kB
HardwareCorrupted:     0 kB
AnonHugePages:     24576 kB
ShmemHugePages:        0 kB
ShmemPmdMapped:        0 kB
CmaTotal:              0 kB
CmaFree:               0 kB
HugePages_Total:       0
HugePages_Free:        0
HugePages_Rsvd:        0
HugePages_Surp:        0
Hugepagesize:       2048 kB
Hugetlb:               0 kB
DirectMap4k:     1056228 kB
DirectMap2M:     6768640 kB
DirectMap1G:    1181745152 kB
pgmigrate_success 91647
pgmigrate_fail 2507708
thp_fault_alloc 31097
thp_fault_fallback 0
thp_collapse_alloc 2
thp_collapse_alloc_failed 0
thp_file_alloc 0
thp_file_mapped 0
thp_split_page 0
thp_split_page_failed 0
thp_deferred_split_page 31099
thp_split_pmd 0
thp_split_pud 0
thp_zero_page_alloc 0
thp_zero_page_alloc_failed 0
thp_swpout 0
thp_swpout_fallback 0
MemTotal:       1123314824 kB
MemFree:        1099386868 kB
MemAvailable:   1100106788 kB
Buffers:          302568 kB
Cached:          3803380 kB
SwapCached:            0 kB
Active:          3651984 kB
Inactive:        1075380 kB
Active(anon):     516468 kB
Inactive(anon):   111244 kB
Active(file):    3135516 kB
Inactive(file):   964136 kB
Unevictable:           0 kB
Mlocked:               0 kB
SwapTotal:       2097148 kB
SwapFree:        2097148 kB
Dirty:                12 kB
Writeback:             0 kB
AnonPages:        621676 kB
Mapped:           364572 kB
Shmem:              6208 kB
KReclaimable:     802044 kB
Slab:            1245892 kB
SReclaimable:     802044 kB
SUnreclaim:       443848 kB
KernelStack:       33136 kB
PageTables:        27964 kB
NFS_Unstable:          0 kB
Bounce:                0 kB
WritebackTmp:          0 kB
CommitLimit:    563754560 kB
Committed_AS:    7107064 kB
VmallocTotal:   34359738367 kB
VmallocUsed:      169720 kB
VmallocChunk:          0 kB
Percpu:           116928 kB
HardwareCorrupted:     0 kB
AnonHugePages:     24576 kB
ShmemHugePages:        0 kB
ShmemPmdMapped:        0 kB
CmaTotal:              0 kB
CmaFree:               0 kB
HugePages_Total:       0
HugePages_Free:        0
HugePages_Rsvd:        0
HugePages_Surp:        0
Hugepagesize:       2048 kB
Hugetlb:               0 kB
DirectMap4k:     1199588 kB
DirectMap2M:     7673856 kB
DirectMap1G:    1180696576 kB
