pgmigrate_success 13388
pgmigrate_fail 3515
thp_fault_alloc 0
thp_fault_fallback 0
thp_collapse_alloc 0
thp_collapse_alloc_failed 0
thp_file_alloc 0
thp_file_mapped 0
thp_split_page 0
thp_split_page_failed 0
thp_deferred_split_page 0
thp_split_pmd 0
thp_split_pud 0
thp_zero_page_alloc 0
thp_zero_page_alloc_failed 0
thp_swpout 0
thp_swpout_fallback 0
MemTotal:       1123314824 kB
MemFree:        1102793880 kB
MemAvailable:   1101005972 kB
Buffers:          179236 kB
Cached:           934948 kB
SwapCached:            0 kB
Active:           873584 kB
Inactive:         826692 kB
Active(anon):     480204 kB
Inactive(anon):   112112 kB
Active(file):     393380 kB
Inactive(file):   714580 kB
Unevictable:           0 kB
Mlocked:               0 kB
SwapTotal:       2097148 kB
SwapFree:        2097148 kB
Dirty:                 8 kB
Writeback:             0 kB
AnonPages:        586780 kB
Mapped:           362556 kB
Shmem:              6200 kB
KReclaimable:     455572 kB
Slab:             842564 kB
SReclaimable:     455572 kB
SUnreclaim:       386992 kB
KernelStack:       33536 kB
PageTables:        27088 kB
NFS_Unstable:          0 kB
Bounce:                0 kB
WritebackTmp:          0 kB
CommitLimit:    563754560 kB
Committed_AS:    6496876 kB
VmallocTotal:   34359738367 kB
VmallocUsed:      161292 kB
VmallocChunk:          0 kB
Percpu:           116928 kB
HardwareCorrupted:     0 kB
AnonHugePages:         0 kB
ShmemHugePages:        0 kB
ShmemPmdMapped:        0 kB
CmaTotal:              0 kB
CmaFree:               0 kB
HugePages_Total:       0
HugePages_Free:        0
HugePages_Rsvd:        0
HugePages_Surp:        0
Hugepagesize:       2048 kB
Hugetlb:               0 kB
DirectMap4k:     1035748 kB
DirectMap2M:     6789120 kB
DirectMap1G:    1181745152 kB
pgmigrate_success 85499
pgmigrate_fail 2507708
thp_fault_alloc 15548
thp_fault_fallback 0
thp_collapse_alloc 1
thp_collapse_alloc_failed 0
thp_file_alloc 0
thp_file_mapped 0
thp_split_page 0
thp_split_page_failed 0
thp_deferred_split_page 15549
thp_split_pmd 0
thp_split_pud 0
thp_zero_page_alloc 0
thp_zero_page_alloc_failed 0
thp_swpout 0
thp_swpout_fallback 0
MemTotal:       1123314824 kB
MemFree:        1099387212 kB
MemAvailable:   1100097080 kB
Buffers:          293884 kB
Cached:          3803332 kB
SwapCached:            0 kB
Active:          3469692 kB
Inactive:        1245388 kB
Active(anon):     512844 kB
Inactive(anon):   111392 kB
Active(file):    2956848 kB
Inactive(file):  1133996 kB
Unevictable:           0 kB
Mlocked:               0 kB
SwapTotal:       2097148 kB
SwapFree:        2097148 kB
Dirty:               976 kB
Writeback:             0 kB
AnonPages:        618848 kB
Mapped:           363972 kB
Shmem:              6204 kB
KReclaimable:     799560 kB
Slab:            1236932 kB
SReclaimable:     799560 kB
SUnreclaim:       437372 kB
KernelStack:       32992 kB
PageTables:        28260 kB
NFS_Unstable:          0 kB
Bounce:                0 kB
WritebackTmp:          0 kB
CommitLimit:    563754560 kB
Committed_AS:    6959896 kB
VmallocTotal:   34359738367 kB
VmallocUsed:      169776 kB
VmallocChunk:          0 kB
Percpu:           116928 kB
HardwareCorrupted:     0 kB
AnonHugePages:         0 kB
ShmemHugePages:        0 kB
ShmemPmdMapped:        0 kB
CmaTotal:              0 kB
CmaFree:               0 kB
HugePages_Total:       0
HugePages_Free:        0
HugePages_Rsvd:        0
HugePages_Surp:        0
Hugepagesize:       2048 kB
Hugetlb:               0 kB
DirectMap4k:     1199588 kB
DirectMap2M:     7673856 kB
DirectMap1G:    1180696576 kB
