pgmigrate_success 16990127
pgmigrate_fail 82079937
thp_fault_alloc 0
thp_fault_fallback 0
thp_collapse_alloc 0
thp_collapse_alloc_failed 0
thp_file_alloc 0
thp_file_mapped 0
thp_split_page 0
thp_split_page_failed 0
thp_deferred_split_page 0
thp_split_pmd 0
thp_split_pud 0
thp_zero_page_alloc 0
thp_zero_page_alloc_failed 0
thp_swpout 0
thp_swpout_fallback 0
MemTotal:       551165144 kB
MemFree:        530849032 kB
MemAvailable:   529949328 kB
Buffers:           72764 kB
Cached:           397904 kB
SwapCached:            4 kB
Active:            65572 kB
Inactive:         980928 kB
Active(anon):      44372 kB
Inactive(anon):   549260 kB
Active(file):      21200 kB
Inactive(file):   431668 kB
Unevictable:           0 kB
Mlocked:               0 kB
SwapTotal:       2097148 kB
SwapFree:        2096380 kB
Dirty:                16 kB
Writeback:             0 kB
AnonPages:        588196 kB
Mapped:           392268 kB
Shmem:              6208 kB
KReclaimable:     240944 kB
Slab:             631488 kB
SReclaimable:     240944 kB
SUnreclaim:       390544 kB
KernelStack:       31968 kB
PageTables:        28176 kB
NFS_Unstable:          0 kB
Bounce:                0 kB
WritebackTmp:          0 kB
CommitLimit:    277679720 kB
Committed_AS:    6599360 kB
VmallocTotal:   34359738367 kB
VmallocUsed:      103076 kB
VmallocChunk:          0 kB
Percpu:           117376 kB
HardwareCorrupted:     0 kB
AnonHugePages:         0 kB
ShmemHugePages:        0 kB
ShmemPmdMapped:        0 kB
CmaTotal:              0 kB
CmaFree:               0 kB
HugePages_Total:       0
HugePages_Free:        0
HugePages_Rsvd:        0
HugePages_Surp:        0
Hugepagesize:       2048 kB
Hugetlb:               0 kB
DirectMap4k:      898536 kB
DirectMap2M:     9023488 kB
DirectMap1G:    1181745152 kB
pgmigrate_success 19431403
pgmigrate_fail 71537094
thp_fault_alloc 0
thp_fault_fallback 0
thp_collapse_alloc 0
thp_collapse_alloc_failed 0
thp_file_alloc 0
thp_file_mapped 0
thp_split_page 0
thp_split_page_failed 0
thp_deferred_split_page 0
thp_split_pmd 0
thp_split_pud 0
thp_zero_page_alloc 0
thp_zero_page_alloc_failed 0
thp_swpout 0
thp_swpout_fallback 0
MemTotal:       554283216 kB
MemFree:        534676208 kB
MemAvailable:   533764584 kB
Buffers:           72848 kB
Cached:           404188 kB
SwapCached:            4 kB
Active:            79920 kB
Inactive:         977436 kB
Active(anon):      57840 kB
Inactive(anon):   536604 kB
Active(file):      22080 kB
Inactive(file):   440832 kB
Unevictable:           0 kB
Mlocked:               0 kB
SwapTotal:       2097148 kB
SwapFree:        2096636 kB
Dirty:                92 kB
Writeback:             0 kB
AnonPages:        588184 kB
Mapped:           395040 kB
Shmem:              6204 kB
KReclaimable:     244084 kB
Slab:             631940 kB
SReclaimable:     244084 kB
SUnreclaim:       387856 kB
KernelStack:       31776 kB
PageTables:        27836 kB
NFS_Unstable:          0 kB
Bounce:                0 kB
WritebackTmp:          0 kB
CommitLimit:    279238756 kB
Committed_AS:    6460896 kB
VmallocTotal:   34359738367 kB
VmallocUsed:      102868 kB
VmallocChunk:          0 kB
Percpu:           116928 kB
HardwareCorrupted:     0 kB
AnonHugePages:         0 kB
ShmemHugePages:        0 kB
ShmemPmdMapped:        0 kB
CmaTotal:              0 kB
CmaFree:               0 kB
HugePages_Total:       0
HugePages_Free:        0
HugePages_Rsvd:        0
HugePages_Surp:        0
Hugepagesize:       2048 kB
Hugetlb:               0 kB
DirectMap4k:      888296 kB
DirectMap2M:     6936576 kB
DirectMap1G:    1183842304 kB
