pgmigrate_success 7920
pgmigrate_fail 7448
thp_fault_alloc 0
thp_fault_fallback 0
thp_collapse_alloc 0
thp_collapse_alloc_failed 0
thp_file_alloc 0
thp_file_mapped 0
thp_split_page 0
thp_split_page_failed 0
thp_deferred_split_page 0
thp_split_pmd 0
thp_split_pud 0
thp_zero_page_alloc 0
thp_zero_page_alloc_failed 0
thp_swpout 0
thp_swpout_fallback 0
MemTotal:       551165144 kB
MemFree:        530797540 kB
MemAvailable:   529918048 kB
Buffers:            8656 kB
Cached:           395956 kB
SwapCached:            0 kB
Active:           646156 kB
Inactive:         331812 kB
Active(anon):     501640 kB
Inactive(anon):    78156 kB
Active(file):     144516 kB
Inactive(file):   253656 kB
Unevictable:           0 kB
Mlocked:               0 kB
SwapTotal:       2097148 kB
SwapFree:        2097148 kB
Dirty:                92 kB
Writeback:             0 kB
AnonPages:        573888 kB
Mapped:           392020 kB
Shmem:              6204 kB
KReclaimable:     336060 kB
Slab:             719968 kB
SReclaimable:     336060 kB
SUnreclaim:       383908 kB
KernelStack:       33284 kB
PageTables:        27984 kB
NFS_Unstable:          0 kB
Bounce:                0 kB
WritebackTmp:          0 kB
CommitLimit:    277679720 kB
Committed_AS:    6490468 kB
VmallocTotal:   34359738367 kB
VmallocUsed:      104420 kB
VmallocChunk:          0 kB
Percpu:           117376 kB
HardwareCorrupted:     0 kB
AnonHugePages:         0 kB
ShmemHugePages:        0 kB
ShmemPmdMapped:        0 kB
CmaTotal:              0 kB
CmaFree:               0 kB
HugePages_Total:       0
HugePages_Free:        0
HugePages_Rsvd:        0
HugePages_Surp:        0
Hugepagesize:       2048 kB
Hugetlb:               0 kB
DirectMap4k:      894440 kB
DirectMap2M:     9027584 kB
DirectMap1G:    1181745152 kB
pgmigrate_success 23050
pgmigrate_fail 6909
thp_fault_alloc 0
thp_fault_fallback 0
thp_collapse_alloc 0
thp_collapse_alloc_failed 0
thp_file_alloc 0
thp_file_mapped 0
thp_split_page 0
thp_split_page_failed 0
thp_deferred_split_page 0
thp_split_pmd 0
thp_split_pud 0
thp_zero_page_alloc 0
thp_zero_page_alloc_failed 0
thp_swpout 0
thp_swpout_fallback 0
MemTotal:       554283216 kB
MemFree:        534652484 kB
MemAvailable:   533733956 kB
Buffers:            8684 kB
Cached:           397504 kB
SwapCached:            0 kB
Active:           576104 kB
Inactive:         405116 kB
Active(anon):     481708 kB
Inactive(anon):   100064 kB
Active(file):      94396 kB
Inactive(file):   305052 kB
Unevictable:           0 kB
Mlocked:               0 kB
SwapTotal:       2097148 kB
SwapFree:        2097148 kB
Dirty:                44 kB
Writeback:             0 kB
AnonPages:        575964 kB
Mapped:           394396 kB
Shmem:              6200 kB
KReclaimable:     293740 kB
Slab:             673288 kB
SReclaimable:     293740 kB
SUnreclaim:       379548 kB
KernelStack:       33056 kB
PageTables:        27980 kB
NFS_Unstable:          0 kB
Bounce:                0 kB
WritebackTmp:          0 kB
CommitLimit:    279238756 kB
Committed_AS:    6386944 kB
VmallocTotal:   34359738367 kB
VmallocUsed:      104196 kB
VmallocChunk:          0 kB
Percpu:           116928 kB
HardwareCorrupted:     0 kB
AnonHugePages:         0 kB
ShmemHugePages:        0 kB
ShmemPmdMapped:        0 kB
CmaTotal:              0 kB
CmaFree:               0 kB
HugePages_Total:       0
HugePages_Free:        0
HugePages_Rsvd:        0
HugePages_Surp:        0
Hugepagesize:       2048 kB
Hugetlb:               0 kB
DirectMap4k:      884200 kB
DirectMap2M:     6940672 kB
DirectMap1G:    1183842304 kB
