[    0.000000] Linux version 5.3.1-multiclock (xmu@xmu-PowerEdge-R750) (gcc version 7.5.0 (Ubuntu 7.5.0-3ubuntu1~18.04)) #1 SMP Wed Aug 9 20:46:02 CST 2023
[    0.000000] Command line: BOOT_IMAGE=/boot/vmlinuz-5.3.1-multiclock root=UUID=ce0c24b8-724b-4f33-9b2c-618433560aef ro memmap=42307M!4096M memmap=59G!64G quiet splash nomodeset vt.handoff=1
[    0.000000] KERNEL supported cpus:
[    0.000000]   Intel GenuineIntel
[    0.000000]   AMD AuthenticAMD
[    0.000000]   Hygon HygonGenuine
[    0.000000]   Centaur CentaurHauls
[    0.000000]   zhaoxin   Shanghai  
[    0.000000] x86/fpu: Supporting XSAVE feature 0x001: 'x87 floating point registers'
[    0.000000] x86/fpu: Supporting XSAVE feature 0x002: 'SSE registers'
[    0.000000] x86/fpu: Supporting XSAVE feature 0x004: 'AVX registers'
[    0.000000] x86/fpu: Supporting XSAVE feature 0x020: 'AVX-512 opmask'
[    0.000000] x86/fpu: Supporting XSAVE feature 0x040: 'AVX-512 Hi256'
[    0.000000] x86/fpu: Supporting XSAVE feature 0x080: 'AVX-512 ZMM_Hi256'
[    0.000000] x86/fpu: Supporting XSAVE feature 0x200: 'Protection Keys User registers'
[    0.000000] x86/fpu: xstate_offset[2]:  576, xstate_sizes[2]:  256
[    0.000000] x86/fpu: xstate_offset[5]:  832, xstate_sizes[5]:   64
[    0.000000] x86/fpu: xstate_offset[6]:  896, xstate_sizes[6]:  512
[    0.000000] x86/fpu: xstate_offset[7]: 1408, xstate_sizes[7]: 1024
[    0.000000] x86/fpu: xstate_offset[9]: 2432, xstate_sizes[9]:    8
[    0.000000] x86/fpu: Enabled xstate features 0x2e7, context size is 2440 bytes, using 'compacted' format.
[    0.000000] BIOS-provided physical RAM map:
[    0.000000] BIOS-e820: [mem 0x0000000000000000-0x000000000008efff] usable
[    0.000000] BIOS-e820: [mem 0x000000000008f000-0x000000000008ffff] reserved
[    0.000000] BIOS-e820: [mem 0x0000000000090000-0x000000000009ffff] usable
[    0.000000] BIOS-e820: [mem 0x00000000000a0000-0x00000000000fffff] reserved
[    0.000000] BIOS-e820: [mem 0x0000000000100000-0x0000000049e76fff] usable
[    0.000000] BIOS-e820: [mem 0x0000000049e77000-0x000000004ae76fff] ACPI NVS
[    0.000000] BIOS-e820: [mem 0x000000004ae77000-0x000000004b2cefff] usable
[    0.000000] BIOS-e820: [mem 0x000000004b2cf000-0x000000004b54dfff] ACPI data
[    0.000000] BIOS-e820: [mem 0x000000004b54e000-0x000000004bd93fff] usable
[    0.000000] BIOS-e820: [mem 0x000000004bd94000-0x000000004be99fff] reserved
[    0.000000] BIOS-e820: [mem 0x000000004be9a000-0x000000004cdfffff] usable
[    0.000000] BIOS-e820: [mem 0x000000004ce00000-0x000000004cffffff] reserved
[    0.000000] BIOS-e820: [mem 0x000000004d000000-0x000000005eefdfff] usable
[    0.000000] BIOS-e820: [mem 0x000000005eefe000-0x000000006e3fefff] reserved
[    0.000000] BIOS-e820: [mem 0x000000006e3ff000-0x000000006f3fefff] ACPI NVS
[    0.000000] BIOS-e820: [mem 0x000000006f3ff000-0x000000006f7fefff] ACPI data
[    0.000000] BIOS-e820: [mem 0x000000006f7ff000-0x000000006f7fffff] usable
[    0.000000] BIOS-e820: [mem 0x000000006f800000-0x000000008fffffff] reserved
[    0.000000] BIOS-e820: [mem 0x00000000fe000000-0x00000000fe010fff] reserved
[    0.000000] BIOS-e820: [mem 0x0000000100000000-0x000000207fffffff] usable
[    0.000000] BIOS-e820: [mem 0x0000002080000000-0x0000011c7fffffff] persistent (type 7)
[    0.000000] BIOS-e820: [mem 0x00001ffc00000000-0x00001fffffffffff] reserved
[    0.000000] NX (Execute Disable) protection: active
[    0.000000] e820: update [mem 0x47c65020-0x47c6d05f] usable ==> usable
[    0.000000] e820: update [mem 0x47c65020-0x47c6d05f] usable ==> usable
[    0.000000] e820: update [mem 0x47c32020-0x47c64c5f] usable ==> usable
[    0.000000] e820: update [mem 0x47c32020-0x47c64c5f] usable ==> usable
[    0.000000] e820: update [mem 0x47bff020-0x47c31c5f] usable ==> usable
[    0.000000] e820: update [mem 0x47bff020-0x47c31c5f] usable ==> usable
[    0.000000] e820: update [mem 0x47bcd020-0x47bfea5f] usable ==> usable
[    0.000000] e820: update [mem 0x47bcd020-0x47bfea5f] usable ==> usable
[    0.000000] extended physical RAM map:
[    0.000000] reserve setup_data: [mem 0x0000000000000000-0x000000000008efff] usable
[    0.000000] reserve setup_data: [mem 0x000000000008f000-0x000000000008ffff] reserved
[    0.000000] reserve setup_data: [mem 0x0000000000090000-0x000000000009ffff] usable
[    0.000000] reserve setup_data: [mem 0x00000000000a0000-0x00000000000fffff] reserved
[    0.000000] reserve setup_data: [mem 0x0000000000100000-0x0000000047bcd01f] usable
[    0.000000] reserve setup_data: [mem 0x0000000047bcd020-0x0000000047bfea5f] usable
[    0.000000] reserve setup_data: [mem 0x0000000047bfea60-0x0000000047bff01f] usable
[    0.000000] reserve setup_data: [mem 0x0000000047bff020-0x0000000047c31c5f] usable
[    0.000000] reserve setup_data: [mem 0x0000000047c31c60-0x0000000047c3201f] usable
[    0.000000] reserve setup_data: [mem 0x0000000047c32020-0x0000000047c64c5f] usable
[    0.000000] reserve setup_data: [mem 0x0000000047c64c60-0x0000000047c6501f] usable
[    0.000000] reserve setup_data: [mem 0x0000000047c65020-0x0000000047c6d05f] usable
[    0.000000] reserve setup_data: [mem 0x0000000047c6d060-0x0000000049e76fff] usable
[    0.000000] reserve setup_data: [mem 0x0000000049e77000-0x000000004ae76fff] ACPI NVS
[    0.000000] reserve setup_data: [mem 0x000000004ae77000-0x000000004b2cefff] usable
[    0.000000] reserve setup_data: [mem 0x000000004b2cf000-0x000000004b54dfff] ACPI data
[    0.000000] reserve setup_data: [mem 0x000000004b54e000-0x000000004bd93fff] usable
[    0.000000] reserve setup_data: [mem 0x000000004bd94000-0x000000004be99fff] reserved
[    0.000000] reserve setup_data: [mem 0x000000004be9a000-0x000000004cdfffff] usable
[    0.000000] reserve setup_data: [mem 0x000000004ce00000-0x000000004cffffff] reserved
[    0.000000] reserve setup_data: [mem 0x000000004d000000-0x000000005eefdfff] usable
[    0.000000] reserve setup_data: [mem 0x000000005eefe000-0x000000006e3fefff] reserved
[    0.000000] reserve setup_data: [mem 0x000000006e3ff000-0x000000006f3fefff] ACPI NVS
[    0.000000] reserve setup_data: [mem 0x000000006f3ff000-0x000000006f7fefff] ACPI data
[    0.000000] reserve setup_data: [mem 0x000000006f7ff000-0x000000006f7fffff] usable
[    0.000000] reserve setup_data: [mem 0x000000006f800000-0x000000008fffffff] reserved
[    0.000000] reserve setup_data: [mem 0x00000000fe000000-0x00000000fe010fff] reserved
[    0.000000] reserve setup_data: [mem 0x0000000100000000-0x0000000b542fffff] persistent (type 12)
[    0.000000] reserve setup_data: [mem 0x0000000b54300000-0x0000000fffffffff] usable
[    0.000000] reserve setup_data: [mem 0x0000001000000000-0x0000001ebfffffff] persistent (type 12)
[    0.000000] reserve setup_data: [mem 0x0000001ec0000000-0x000000207fffffff] usable
[    0.000000] reserve setup_data: [mem 0x0000002080000000-0x0000011c7fffffff] persistent (type 7)
[    0.000000] reserve setup_data: [mem 0x00001ffc00000000-0x00001fffffffffff] reserved
[    0.000000] user-defined physical RAM map:
[    0.000000] user: [mem 0x0000000000000000-0x000000000008efff] usable
[    0.000000] user: [mem 0x000000000008f000-0x000000000008ffff] reserved
[    0.000000] user: [mem 0x0000000000090000-0x000000000009ffff] usable
[    0.000000] user: [mem 0x00000000000a0000-0x00000000000fffff] reserved
[    0.000000] user: [mem 0x0000000000100000-0x0000000047bcd01f] usable
[    0.000000] user: [mem 0x0000000047bcd020-0x0000000047bfea5f] usable
[    0.000000] user: [mem 0x0000000047bfea60-0x0000000047bff01f] usable
[    0.000000] user: [mem 0x0000000047bff020-0x0000000047c31c5f] usable
[    0.000000] user: [mem 0x0000000047c31c60-0x0000000047c3201f] usable
[    0.000000] user: [mem 0x0000000047c32020-0x0000000047c64c5f] usable
[    0.000000] user: [mem 0x0000000047c64c60-0x0000000047c6501f] usable
[    0.000000] user: [mem 0x0000000047c65020-0x0000000047c6d05f] usable
[    0.000000] user: [mem 0x0000000047c6d060-0x0000000049e76fff] usable
[    0.000000] user: [mem 0x0000000049e77000-0x000000004ae76fff] ACPI NVS
[    0.000000] user: [mem 0x000000004ae77000-0x000000004b2cefff] usable
[    0.000000] user: [mem 0x000000004b2cf000-0x000000004b54dfff] ACPI data
[    0.000000] user: [mem 0x000000004b54e000-0x000000004bd93fff] usable
[    0.000000] user: [mem 0x000000004bd94000-0x000000004be99fff] reserved
[    0.000000] user: [mem 0x000000004be9a000-0x000000004cdfffff] usable
[    0.000000] user: [mem 0x000000004ce00000-0x000000004cffffff] reserved
[    0.000000] user: [mem 0x000000004d000000-0x000000005eefdfff] usable
[    0.000000] user: [mem 0x000000005eefe000-0x000000006e3fefff] reserved
[    0.000000] user: [mem 0x000000006e3ff000-0x000000006f3fefff] ACPI NVS
[    0.000000] user: [mem 0x000000006f3ff000-0x000000006f7fefff] ACPI data
[    0.000000] user: [mem 0x000000006f7ff000-0x000000006f7fffff] usable
[    0.000000] user: [mem 0x000000006f800000-0x000000008fffffff] reserved
[    0.000000] user: [mem 0x00000000fe000000-0x00000000fe010fff] reserved
[    0.000000] user: [mem 0x0000000100000000-0x0000000b542fffff] persistent (type 12)
[    0.000000] user: [mem 0x0000000b54300000-0x0000000fffffffff] usable
[    0.000000] user: [mem 0x0000001000000000-0x0000001ebfffffff] persistent (type 12)
[    0.000000] user: [mem 0x0000001ec0000000-0x000000207fffffff] usable
[    0.000000] user: [mem 0x0000002080000000-0x0000011c7fffffff] persistent (type 7)
[    0.000000] user: [mem 0x00001ffc00000000-0x00001fffffffffff] reserved
[    0.000000] efi: EFI v2.70 by Dell Inc.
[    0.000000] efi:  ACPI=0x6f7fe000  ACPI 2.0=0x6f7fe014  MEMATTR=0x5a215220  SMBIOS=0x69526000  SMBIOS 3.0=0x69524000 
[    0.000000] SMBIOS 3.3.0 present.
[    0.000000] DMI: Dell Inc. PowerEdge R750/0K8F35, BIOS 1.10.2 03/03/2023
[    0.000000] tsc: Detected 2000.000 MHz processor
[    0.000008] e820: update [mem 0x00000000-0x00000fff] usable ==> reserved
[    0.000010] e820: remove [mem 0x000a0000-0x000fffff] usable
[    0.000018] last_pfn = 0x2080000 max_arch_pfn = 0x400000000
[    0.000021] MTRR default type: uncachable
[    0.000021] MTRR fixed ranges enabled:
[    0.000022]   00000-9FFFF write-back
[    0.000023]   A0000-BFFFF uncachable
[    0.000024]   C0000-FFFFF write-protect
[    0.000024] MTRR variable ranges enabled:
[    0.000025]   0 base 000000000000 mask 3E0000000000 write-back
[    0.000026]   1 base 000080000000 mask 3FFF80000000 uncachable
[    0.000027]   2 base 00007F000000 mask 3FFFFF000000 uncachable
[    0.000027]   3 disabled
[    0.000028]   4 disabled
[    0.000028]   5 disabled
[    0.000029]   6 disabled
[    0.000029]   7 disabled
[    0.000029]   8 disabled
[    0.000030]   9 disabled
[    0.000904] x86/PAT: Configuration [0-7]: WB  WC  UC- UC  WB  WP  UC- WT  
[    0.002018] total RAM covered: 2095088M
[    0.002104]  gran_size: 64K 	chunk_size: 64K 	num_reg: 10  	lose cover RAM: 2016G
[    0.002105]  gran_size: 64K 	chunk_size: 128K 	num_reg: 10  	lose cover RAM: 2016G
[    0.002106]  gran_size: 64K 	chunk_size: 256K 	num_reg: 10  	lose cover RAM: 2016G
[    0.002106]  gran_size: 64K 	chunk_size: 512K 	num_reg: 10  	lose cover RAM: 2016G
[    0.002107]  gran_size: 64K 	chunk_size: 1M 	num_reg: 10  	lose cover RAM: 2016G
[    0.002108]  gran_size: 64K 	chunk_size: 2M 	num_reg: 10  	lose cover RAM: 2016G
[    0.002108]  gran_size: 64K 	chunk_size: 4M 	num_reg: 10  	lose cover RAM: 2016G
[    0.002109]  gran_size: 64K 	chunk_size: 8M 	num_reg: 10  	lose cover RAM: 2016G
[    0.002110]  gran_size: 64K 	chunk_size: 16M 	num_reg: 10  	lose cover RAM: 2016G
[    0.002110]  gran_size: 64K 	chunk_size: 32M 	num_reg: 10  	lose cover RAM: 1024G
[    0.002111]  gran_size: 64K 	chunk_size: 64M 	num_reg: 10  	lose cover RAM: 1024G
[    0.002112]  gran_size: 64K 	chunk_size: 128M 	num_reg: 10  	lose cover RAM: 1024G
[    0.002112]  gran_size: 64K 	chunk_size: 256M 	num_reg: 10  	lose cover RAM: 1024G
[    0.002113]  gran_size: 64K 	chunk_size: 512M 	num_reg: 10  	lose cover RAM: 1024G
[    0.002114]  gran_size: 64K 	chunk_size: 1G 	num_reg: 10  	lose cover RAM: 1024G
[    0.002114]  gran_size: 64K 	chunk_size: 2G 	num_reg: 10  	lose cover RAM: 1024G
[    0.002115]  gran_size: 128K 	chunk_size: 128K 	num_reg: 10  	lose cover RAM: 2016G
[    0.002116]  gran_size: 128K 	chunk_size: 256K 	num_reg: 10  	lose cover RAM: 2016G
[    0.002116]  gran_size: 128K 	chunk_size: 512K 	num_reg: 10  	lose cover RAM: 2016G
[    0.002117]  gran_size: 128K 	chunk_size: 1M 	num_reg: 10  	lose cover RAM: 2016G
[    0.002118]  gran_size: 128K 	chunk_size: 2M 	num_reg: 10  	lose cover RAM: 2016G
[    0.002118]  gran_size: 128K 	chunk_size: 4M 	num_reg: 10  	lose cover RAM: 2016G
[    0.002119]  gran_size: 128K 	chunk_size: 8M 	num_reg: 10  	lose cover RAM: 2016G
[    0.002120]  gran_size: 128K 	chunk_size: 16M 	num_reg: 10  	lose cover RAM: 2016G
[    0.002120]  gran_size: 128K 	chunk_size: 32M 	num_reg: 10  	lose cover RAM: 1024G
[    0.002121]  gran_size: 128K 	chunk_size: 64M 	num_reg: 10  	lose cover RAM: 1024G
[    0.002122]  gran_size: 128K 	chunk_size: 128M 	num_reg: 10  	lose cover RAM: 1024G
[    0.002122]  gran_size: 128K 	chunk_size: 256M 	num_reg: 10  	lose cover RAM: 1024G
[    0.002123]  gran_size: 128K 	chunk_size: 512M 	num_reg: 10  	lose cover RAM: 1024G
[    0.002124]  gran_size: 128K 	chunk_size: 1G 	num_reg: 10  	lose cover RAM: 1024G
[    0.002124]  gran_size: 128K 	chunk_size: 2G 	num_reg: 10  	lose cover RAM: 1024G
[    0.002125]  gran_size: 256K 	chunk_size: 256K 	num_reg: 10  	lose cover RAM: 2016G
[    0.002126]  gran_size: 256K 	chunk_size: 512K 	num_reg: 10  	lose cover RAM: 2016G
[    0.002126]  gran_size: 256K 	chunk_size: 1M 	num_reg: 10  	lose cover RAM: 2016G
[    0.002127]  gran_size: 256K 	chunk_size: 2M 	num_reg: 10  	lose cover RAM: 2016G
[    0.002128]  gran_size: 256K 	chunk_size: 4M 	num_reg: 10  	lose cover RAM: 2016G
[    0.002128]  gran_size: 256K 	chunk_size: 8M 	num_reg: 10  	lose cover RAM: 2016G
[    0.002129]  gran_size: 256K 	chunk_size: 16M 	num_reg: 10  	lose cover RAM: 2016G
[    0.002130]  gran_size: 256K 	chunk_size: 32M 	num_reg: 10  	lose cover RAM: 1024G
[    0.002130]  gran_size: 256K 	chunk_size: 64M 	num_reg: 10  	lose cover RAM: 1024G
[    0.002131]  gran_size: 256K 	chunk_size: 128M 	num_reg: 10  	lose cover RAM: 1024G
[    0.002132]  gran_size: 256K 	chunk_size: 256M 	num_reg: 10  	lose cover RAM: 1024G
[    0.002133]  gran_size: 256K 	chunk_size: 512M 	num_reg: 10  	lose cover RAM: 1024G
[    0.002133]  gran_size: 256K 	chunk_size: 1G 	num_reg: 10  	lose cover RAM: 1024G
[    0.002134]  gran_size: 256K 	chunk_size: 2G 	num_reg: 10  	lose cover RAM: 1024G
[    0.002135]  gran_size: 512K 	chunk_size: 512K 	num_reg: 10  	lose cover RAM: 2016G
[    0.002135]  gran_size: 512K 	chunk_size: 1M 	num_reg: 10  	lose cover RAM: 2016G
[    0.002136]  gran_size: 512K 	chunk_size: 2M 	num_reg: 10  	lose cover RAM: 2016G
[    0.002137]  gran_size: 512K 	chunk_size: 4M 	num_reg: 10  	lose cover RAM: 2016G
[    0.002137]  gran_size: 512K 	chunk_size: 8M 	num_reg: 10  	lose cover RAM: 2016G
[    0.002138]  gran_size: 512K 	chunk_size: 16M 	num_reg: 10  	lose cover RAM: 2016G
[    0.002139]  gran_size: 512K 	chunk_size: 32M 	num_reg: 10  	lose cover RAM: 1024G
[    0.002139]  gran_size: 512K 	chunk_size: 64M 	num_reg: 10  	lose cover RAM: 1024G
[    0.002140]  gran_size: 512K 	chunk_size: 128M 	num_reg: 10  	lose cover RAM: 1024G
[    0.002141]  gran_size: 512K 	chunk_size: 256M 	num_reg: 10  	lose cover RAM: 1024G
[    0.002141]  gran_size: 512K 	chunk_size: 512M 	num_reg: 10  	lose cover RAM: 1024G
[    0.002142]  gran_size: 512K 	chunk_size: 1G 	num_reg: 10  	lose cover RAM: 1024G
[    0.002142]  gran_size: 512K 	chunk_size: 2G 	num_reg: 10  	lose cover RAM: 1024G
[    0.002143]  gran_size: 1M 	chunk_size: 1M 	num_reg: 10  	lose cover RAM: 2016G
[    0.002144]  gran_size: 1M 	chunk_size: 2M 	num_reg: 10  	lose cover RAM: 2016G
[    0.002145]  gran_size: 1M 	chunk_size: 4M 	num_reg: 10  	lose cover RAM: 2016G
[    0.002145]  gran_size: 1M 	chunk_size: 8M 	num_reg: 10  	lose cover RAM: 2016G
[    0.002146]  gran_size: 1M 	chunk_size: 16M 	num_reg: 10  	lose cover RAM: 2016G
[    0.002146]  gran_size: 1M 	chunk_size: 32M 	num_reg: 10  	lose cover RAM: 1024G
[    0.002147]  gran_size: 1M 	chunk_size: 64M 	num_reg: 10  	lose cover RAM: 1024G
[    0.002148]  gran_size: 1M 	chunk_size: 128M 	num_reg: 10  	lose cover RAM: 1024G
[    0.002149]  gran_size: 1M 	chunk_size: 256M 	num_reg: 10  	lose cover RAM: 1024G
[    0.002149]  gran_size: 1M 	chunk_size: 512M 	num_reg: 10  	lose cover RAM: 1024G
[    0.002150]  gran_size: 1M 	chunk_size: 1G 	num_reg: 10  	lose cover RAM: 1024G
[    0.002151]  gran_size: 1M 	chunk_size: 2G 	num_reg: 10  	lose cover RAM: 1024G
[    0.002151]  gran_size: 2M 	chunk_size: 2M 	num_reg: 10  	lose cover RAM: 2016G
[    0.002152]  gran_size: 2M 	chunk_size: 4M 	num_reg: 10  	lose cover RAM: 2016G
[    0.002152]  gran_size: 2M 	chunk_size: 8M 	num_reg: 10  	lose cover RAM: 2016G
[    0.002153]  gran_size: 2M 	chunk_size: 16M 	num_reg: 10  	lose cover RAM: 2016G
[    0.002154]  gran_size: 2M 	chunk_size: 32M 	num_reg: 10  	lose cover RAM: 1024G
[    0.002154]  gran_size: 2M 	chunk_size: 64M 	num_reg: 10  	lose cover RAM: 1024G
[    0.002155]  gran_size: 2M 	chunk_size: 128M 	num_reg: 10  	lose cover RAM: 1024G
[    0.002156]  gran_size: 2M 	chunk_size: 256M 	num_reg: 10  	lose cover RAM: 1024G
[    0.002156]  gran_size: 2M 	chunk_size: 512M 	num_reg: 10  	lose cover RAM: 1024G
[    0.002157]  gran_size: 2M 	chunk_size: 1G 	num_reg: 10  	lose cover RAM: 1024G
[    0.002158]  gran_size: 2M 	chunk_size: 2G 	num_reg: 10  	lose cover RAM: 1024G
[    0.002158]  gran_size: 4M 	chunk_size: 4M 	num_reg: 10  	lose cover RAM: 2016G
[    0.002159]  gran_size: 4M 	chunk_size: 8M 	num_reg: 10  	lose cover RAM: 2016G
[    0.002160]  gran_size: 4M 	chunk_size: 16M 	num_reg: 10  	lose cover RAM: 2016G
[    0.002160]  gran_size: 4M 	chunk_size: 32M 	num_reg: 10  	lose cover RAM: 1024G
[    0.002161]  gran_size: 4M 	chunk_size: 64M 	num_reg: 10  	lose cover RAM: 1024G
[    0.002162]  gran_size: 4M 	chunk_size: 128M 	num_reg: 10  	lose cover RAM: 1024G
[    0.002162]  gran_size: 4M 	chunk_size: 256M 	num_reg: 10  	lose cover RAM: 1024G
[    0.002163]  gran_size: 4M 	chunk_size: 512M 	num_reg: 10  	lose cover RAM: 1024G
[    0.002164]  gran_size: 4M 	chunk_size: 1G 	num_reg: 10  	lose cover RAM: 1024G
[    0.002164]  gran_size: 4M 	chunk_size: 2G 	num_reg: 10  	lose cover RAM: 1024G
[    0.002165]  gran_size: 8M 	chunk_size: 8M 	num_reg: 10  	lose cover RAM: 2016G
[    0.002166]  gran_size: 8M 	chunk_size: 16M 	num_reg: 10  	lose cover RAM: 2016G
[    0.002166]  gran_size: 8M 	chunk_size: 32M 	num_reg: 10  	lose cover RAM: 1024G
[    0.002167]  gran_size: 8M 	chunk_size: 64M 	num_reg: 10  	lose cover RAM: 1024G
[    0.002168]  gran_size: 8M 	chunk_size: 128M 	num_reg: 10  	lose cover RAM: 1024G
[    0.002168]  gran_size: 8M 	chunk_size: 256M 	num_reg: 10  	lose cover RAM: 1024G
[    0.002169]  gran_size: 8M 	chunk_size: 512M 	num_reg: 10  	lose cover RAM: 1024G
[    0.002170]  gran_size: 8M 	chunk_size: 1G 	num_reg: 10  	lose cover RAM: 1024G
[    0.002170]  gran_size: 8M 	chunk_size: 2G 	num_reg: 10  	lose cover RAM: 1024G
[    0.002171]  gran_size: 16M 	chunk_size: 16M 	num_reg: 10  	lose cover RAM: 2016G
[    0.002172]  gran_size: 16M 	chunk_size: 32M 	num_reg: 10  	lose cover RAM: 1024G
[    0.002172]  gran_size: 16M 	chunk_size: 64M 	num_reg: 10  	lose cover RAM: 1024G
[    0.002173]  gran_size: 16M 	chunk_size: 128M 	num_reg: 10  	lose cover RAM: 1024G
[    0.002174]  gran_size: 16M 	chunk_size: 256M 	num_reg: 10  	lose cover RAM: 1024G
[    0.002174]  gran_size: 16M 	chunk_size: 512M 	num_reg: 10  	lose cover RAM: 1024G
[    0.002175]  gran_size: 16M 	chunk_size: 1G 	num_reg: 10  	lose cover RAM: 1024G
[    0.002176]  gran_size: 16M 	chunk_size: 2G 	num_reg: 10  	lose cover RAM: 1024G
[    0.002176]  gran_size: 32M 	chunk_size: 32M 	num_reg: 10  	lose cover RAM: 2031632M
[    0.002177]  gran_size: 32M 	chunk_size: 64M 	num_reg: 10  	lose cover RAM: 1048592M
[    0.002178]  gran_size: 32M 	chunk_size: 128M 	num_reg: 10  	lose cover RAM: 1048592M
[    0.002179]  gran_size: 32M 	chunk_size: 256M 	num_reg: 10  	lose cover RAM: 1048592M
[    0.002179]  gran_size: 32M 	chunk_size: 512M 	num_reg: 10  	lose cover RAM: 1048592M
[    0.002180]  gran_size: 32M 	chunk_size: 1G 	num_reg: 10  	lose cover RAM: 1048592M
[    0.002181]  gran_size: 32M 	chunk_size: 2G 	num_reg: 10  	lose cover RAM: 1048592M
[    0.002181]  gran_size: 64M 	chunk_size: 64M 	num_reg: 10  	lose cover RAM: 1966128M
[    0.002182]  gran_size: 64M 	chunk_size: 128M 	num_reg: 10  	lose cover RAM: 1048624M
[    0.002183]  gran_size: 64M 	chunk_size: 256M 	num_reg: 10  	lose cover RAM: 1048624M
[    0.002183]  gran_size: 64M 	chunk_size: 512M 	num_reg: 10  	lose cover RAM: 1048624M
[    0.002184]  gran_size: 64M 	chunk_size: 1G 	num_reg: 10  	lose cover RAM: 1048624M
[    0.002185]  gran_size: 64M 	chunk_size: 2G 	num_reg: 10  	lose cover RAM: 1048624M
[    0.002185]  gran_size: 128M 	chunk_size: 128M 	num_reg: 10  	lose cover RAM: 1835120M
[    0.002186]  gran_size: 128M 	chunk_size: 256M 	num_reg: 10  	lose cover RAM: 1048688M
[    0.002187]  gran_size: 128M 	chunk_size: 512M 	num_reg: 10  	lose cover RAM: 1048688M
[    0.002187]  gran_size: 128M 	chunk_size: 1G 	num_reg: 10  	lose cover RAM: 1048688M
[    0.002188]  gran_size: 128M 	chunk_size: 2G 	num_reg: 10  	lose cover RAM: 1048688M
[    0.002189]  gran_size: 256M 	chunk_size: 256M 	num_reg: 10  	lose cover RAM: 1573104M
[    0.002189]  gran_size: 256M 	chunk_size: 512M 	num_reg: 10  	lose cover RAM: 1048816M
[    0.002190]  gran_size: 256M 	chunk_size: 1G 	num_reg: 10  	lose cover RAM: 1048816M
[    0.002191]  gran_size: 256M 	chunk_size: 2G 	num_reg: 10  	lose cover RAM: 1048816M
[    0.002191]  gran_size: 512M 	chunk_size: 512M 	num_reg: 10  	lose cover RAM: 1049072M
[    0.002192]  gran_size: 512M 	chunk_size: 1G 	num_reg: 10  	lose cover RAM: 1049072M
[    0.002193]  gran_size: 512M 	chunk_size: 2G 	num_reg: 10  	lose cover RAM: 1049072M
[    0.002193]  gran_size: 1G 	chunk_size: 1G 	num_reg: 10  	lose cover RAM: 1008M
[    0.002194]  gran_size: 1G 	chunk_size: 2G 	num_reg: 10  	lose cover RAM: 1008M
[    0.002195]  gran_size: 2G 	chunk_size: 2G 	num_reg: 9  	lose cover RAM: 2032M
[    0.002196] mtrr_cleanup: can not find optimal value
[    0.002196] please specify mtrr_gran_size/mtrr_chunk_size
[    0.002199] e820: update [mem 0x7f000000-0xffffffff] usable ==> reserved
[    0.002201] x2apic: enabled by BIOS, switching to x2apic ops
[    0.002202] last_pfn = 0x6f800 max_arch_pfn = 0x400000000
[    0.013605] check: Scanning 1 areas for low memory corruption
[    0.013610] Using GB pages for direct mapping
[    0.013611] BRK [0x2031001000, 0x2031001fff] PGTABLE
[    0.013613] BRK [0x2031002000, 0x2031002fff] PGTABLE
[    0.013613] BRK [0x2031003000, 0x2031003fff] PGTABLE
[    0.013655] BRK [0x2031004000, 0x2031004fff] PGTABLE
[    0.013745] BRK [0x2031005000, 0x2031005fff] PGTABLE
[    0.013806] BRK [0x2031006000, 0x2031006fff] PGTABLE
[    0.013912] BRK [0x2031007000, 0x2031007fff] PGTABLE
[    0.014030] BRK [0x2031008000, 0x2031008fff] PGTABLE
[    0.014125] BRK [0x2031009000, 0x2031009fff] PGTABLE
[    0.014241] BRK [0x203100a000, 0x203100afff] PGTABLE
[    0.014316] BRK [0x203100b000, 0x203100bfff] PGTABLE
[    0.014487] BRK [0x203100c000, 0x203100cfff] PGTABLE
[    0.014720] Secure boot disabled
[    0.014720] RAMDISK: [mem 0x2065920000-0x207fffffff]
[    0.014728] ACPI: Early table checksum verification disabled
[    0.014730] ACPI: RSDP 0x000000006F7FE014 000024 (v02 DELL  )
[    0.014733] ACPI: XSDT 0x000000006F41C188 0000F4 (v01 DELL   PE_SC3   00000000 DELL 01000013)
[    0.014737] ACPI: FACP 0x000000006F430000 000114 (v06 DELL   PE_SC3   00000000 DELL 00000001)
[    0.014742] ACPI: DSDT 0x000000004B4CE000 07FAD3 (v02 DELL   PE_SC3   00000003 DELL 00000001)
[    0.014744] ACPI: FACS 0x000000006F2F2000 000040
[    0.014747] ACPI: SSDT 0x000000006F7FB000 00159A (v02 INTEL  RAS_ACPI 00000001 INTL 20210331)
[    0.014750] ACPI: SSDT 0x000000006F7FA000 000745 (v02 INTEL  ADDRXLAT 00000001 INTL 20210331)
[    0.014752] ACPI: MCEJ 0x000000006F7F9000 000130 (v01 INTEL           00000001 INTL 0100000D)
[    0.014755] ACPI: BERT 0x000000006F7F8000 000030 (v01 DELL   PE_SC3   00000001 INTL 00000001)
[    0.014758] ACPI: ERST 0x000000006F7F7000 000230 (v01 DELL   PE_SC3   00000001 INTL 00000001)
[    0.014760] ACPI: SSDT 0x000000006F431000 3C524E (v02 INTEL  SSDTNVDR 00001000 INTL 20210331)
[    0.014763] ACPI: HMAT 0x000000006F42F000 000210 (v01 DELL   PE_SC3   00000001 DELL 00000001)
[    0.014766] ACPI: HPET 0x000000006F42E000 000038 (v01 DELL   PE_SC3   00000001 DELL 00000001)
[    0.014768] ACPI: MCFG 0x000000006F42D000 00003C (v01 DELL   PE_SC3   00000001 DELL 00000001)
[    0.014771] ACPI: MIGT 0x000000006F42C000 000040 (v01 DELL   PE_SC3   00000000 DELL 00000001)
[    0.014774] ACPI: MSCT 0x000000006F42B000 000090 (v01 DELL   PE_SC3   00000001 DELL 00000001)
[    0.014776] ACPI: PMTT 0x000000006F429000 0011E8 (v02 DELL   PE_SC3   00000001 DELL 00000001)
[    0.014779] ACPI: WSMT 0x000000006F428000 000028 (v01 DELL   PE_SC3   00000000 DELL 00000001)
[    0.014781] ACPI: APIC 0x000000006F427000 00075E (v04 DELL   PE_SC3   00000000 DELL 00000001)
[    0.014784] ACPI: SLIT 0x000000006F426000 00003C (v01 DELL   PE_SC3   00000001 DELL 01000013)
[    0.014786] ACPI: SRAT 0x000000006F41F000 006430 (v03 DELL   PE_SC3   00000002 DELL 01000013)
[    0.014789] ACPI: OEM4 0x000000004B346000 187A61 (v02 INTEL  CPU  CST 00003000 INTL 20210331)
[    0.014791] ACPI: SSDT 0x000000004B2CF000 0764A5 (v02 INTEL  SSDT  PM 00004000 INTL 20210331)
[    0.014794] ACPI: SSDT 0x000000006F41E000 000A1F (v02 DELL   PE_SC3   00000000 DELL 00000001)
[    0.014796] ACPI: HEST 0x000000006F41D000 00017C (v01 DELL   PE_SC3   00000001 INTL 00000001)
[    0.014799] ACPI: PCAT 0x000000006F41B000 00010C (v19 DELL   PE_SC3   00000002 DELL 00000001)
[    0.014801] ACPI: SSDT 0x000000006F413000 007299 (v02 INTEL  SpsNm    00000002 INTL 20210331)
[    0.014804] ACPI: SSDT 0x000000006F412000 000426 (v02 DELL   PE_SC3   00000002 DELL 00000001)
[    0.014806] ACPI: NFIT 0x000000006F7FD000 000488 (v01 DELL   PE_SC3   00000002 DELL 00000001)
[    0.014809] ACPI: DMAR 0x000000006F411000 000158 (v01 DELL   PE_SC3   00000001 DELL 00000001)
[    0.014816] ACPI: Local APIC address 0xfee00000
[    0.014818] Setting APIC routing to cluster x2apic.
[    0.014864] SRAT: PXM 0 -> APIC 0x0000 -> Node 0
[    0.014865] SRAT: PXM 0 -> APIC 0x0001 -> Node 0
[    0.014865] SRAT: PXM 0 -> APIC 0x0002 -> Node 0
[    0.014866] SRAT: PXM 0 -> APIC 0x0003 -> Node 0
[    0.014866] SRAT: PXM 0 -> APIC 0x0004 -> Node 0
[    0.014866] SRAT: PXM 0 -> APIC 0x0005 -> Node 0
[    0.014867] SRAT: PXM 0 -> APIC 0x0006 -> Node 0
[    0.014867] SRAT: PXM 0 -> APIC 0x0007 -> Node 0
[    0.014868] SRAT: PXM 0 -> APIC 0x0008 -> Node 0
[    0.014868] SRAT: PXM 0 -> APIC 0x0009 -> Node 0
[    0.014868] SRAT: PXM 0 -> APIC 0x000a -> Node 0
[    0.014869] SRAT: PXM 0 -> APIC 0x000b -> Node 0
[    0.014869] SRAT: PXM 0 -> APIC 0x000c -> Node 0
[    0.014870] SRAT: PXM 0 -> APIC 0x000d -> Node 0
[    0.014870] SRAT: PXM 0 -> APIC 0x000e -> Node 0
[    0.014871] SRAT: PXM 0 -> APIC 0x000f -> Node 0
[    0.014871] SRAT: PXM 0 -> APIC 0x0010 -> Node 0
[    0.014871] SRAT: PXM 0 -> APIC 0x0011 -> Node 0
[    0.014872] SRAT: PXM 0 -> APIC 0x0012 -> Node 0
[    0.014872] SRAT: PXM 0 -> APIC 0x0013 -> Node 0
[    0.014873] SRAT: PXM 0 -> APIC 0x0014 -> Node 0
[    0.014873] SRAT: PXM 0 -> APIC 0x0015 -> Node 0
[    0.014874] SRAT: PXM 0 -> APIC 0x0016 -> Node 0
[    0.014874] SRAT: PXM 0 -> APIC 0x0017 -> Node 0
[    0.014874] SRAT: PXM 0 -> APIC 0x0018 -> Node 0
[    0.014875] SRAT: PXM 0 -> APIC 0x0019 -> Node 0
[    0.014875] SRAT: PXM 0 -> APIC 0x001a -> Node 0
[    0.014876] SRAT: PXM 0 -> APIC 0x001b -> Node 0
[    0.014876] SRAT: PXM 0 -> APIC 0x001c -> Node 0
[    0.014876] SRAT: PXM 0 -> APIC 0x001d -> Node 0
[    0.014877] SRAT: PXM 0 -> APIC 0x001e -> Node 0
[    0.014877] SRAT: PXM 0 -> APIC 0x001f -> Node 0
[    0.014878] SRAT: PXM 0 -> APIC 0x0020 -> Node 0
[    0.014878] SRAT: PXM 0 -> APIC 0x0021 -> Node 0
[    0.014878] SRAT: PXM 0 -> APIC 0x0022 -> Node 0
[    0.014879] SRAT: PXM 0 -> APIC 0x0023 -> Node 0
[    0.014879] SRAT: PXM 0 -> APIC 0x0024 -> Node 0
[    0.014880] SRAT: PXM 0 -> APIC 0x0025 -> Node 0
[    0.014880] SRAT: PXM 0 -> APIC 0x0026 -> Node 0
[    0.014881] SRAT: PXM 0 -> APIC 0x0027 -> Node 0
[    0.014881] SRAT: PXM 0 -> APIC 0x0028 -> Node 0
[    0.014881] SRAT: PXM 0 -> APIC 0x0029 -> Node 0
[    0.014882] SRAT: PXM 0 -> APIC 0x002a -> Node 0
[    0.014882] SRAT: PXM 0 -> APIC 0x002b -> Node 0
[    0.014883] SRAT: PXM 0 -> APIC 0x002c -> Node 0
[    0.014883] SRAT: PXM 0 -> APIC 0x002d -> Node 0
[    0.014883] SRAT: PXM 0 -> APIC 0x002e -> Node 0
[    0.014884] SRAT: PXM 0 -> APIC 0x002f -> Node 0
[    0.014884] SRAT: PXM 0 -> APIC 0x0030 -> Node 0
[    0.014885] SRAT: PXM 0 -> APIC 0x0031 -> Node 0
[    0.014885] SRAT: PXM 0 -> APIC 0x0032 -> Node 0
[    0.014885] SRAT: PXM 0 -> APIC 0x0033 -> Node 0
[    0.014886] SRAT: PXM 0 -> APIC 0x0034 -> Node 0
[    0.014886] SRAT: PXM 0 -> APIC 0x0035 -> Node 0
[    0.014887] SRAT: PXM 0 -> APIC 0x0036 -> Node 0
[    0.014887] SRAT: PXM 0 -> APIC 0x0037 -> Node 0
[    0.014888] SRAT: PXM 1 -> APIC 0x0080 -> Node 1
[    0.014888] SRAT: PXM 1 -> APIC 0x0081 -> Node 1
[    0.014888] SRAT: PXM 1 -> APIC 0x0082 -> Node 1
[    0.014889] SRAT: PXM 1 -> APIC 0x0083 -> Node 1
[    0.014889] SRAT: PXM 1 -> APIC 0x0084 -> Node 1
[    0.014890] SRAT: PXM 1 -> APIC 0x0085 -> Node 1
[    0.014890] SRAT: PXM 1 -> APIC 0x0086 -> Node 1
[    0.014890] SRAT: PXM 1 -> APIC 0x0087 -> Node 1
[    0.014891] SRAT: PXM 1 -> APIC 0x0088 -> Node 1
[    0.014891] SRAT: PXM 1 -> APIC 0x0089 -> Node 1
[    0.014892] SRAT: PXM 1 -> APIC 0x008a -> Node 1
[    0.014892] SRAT: PXM 1 -> APIC 0x008b -> Node 1
[    0.014893] SRAT: PXM 1 -> APIC 0x008c -> Node 1
[    0.014893] SRAT: PXM 1 -> APIC 0x008d -> Node 1
[    0.014893] SRAT: PXM 1 -> APIC 0x008e -> Node 1
[    0.014894] SRAT: PXM 1 -> APIC 0x008f -> Node 1
[    0.014894] SRAT: PXM 1 -> APIC 0x0090 -> Node 1
[    0.014895] SRAT: PXM 1 -> APIC 0x0091 -> Node 1
[    0.014895] SRAT: PXM 1 -> APIC 0x0092 -> Node 1
[    0.014895] SRAT: PXM 1 -> APIC 0x0093 -> Node 1
[    0.014896] SRAT: PXM 1 -> APIC 0x0094 -> Node 1
[    0.014896] SRAT: PXM 1 -> APIC 0x0095 -> Node 1
[    0.014897] SRAT: PXM 1 -> APIC 0x0096 -> Node 1
[    0.014897] SRAT: PXM 1 -> APIC 0x0097 -> Node 1
[    0.014897] SRAT: PXM 1 -> APIC 0x0098 -> Node 1
[    0.014898] SRAT: PXM 1 -> APIC 0x0099 -> Node 1
[    0.014898] SRAT: PXM 1 -> APIC 0x009a -> Node 1
[    0.014899] SRAT: PXM 1 -> APIC 0x009b -> Node 1
[    0.014899] SRAT: PXM 1 -> APIC 0x009c -> Node 1
[    0.014899] SRAT: PXM 1 -> APIC 0x009d -> Node 1
[    0.014900] SRAT: PXM 1 -> APIC 0x009e -> Node 1
[    0.014900] SRAT: PXM 1 -> APIC 0x009f -> Node 1
[    0.014901] SRAT: PXM 1 -> APIC 0x00a0 -> Node 1
[    0.014901] SRAT: PXM 1 -> APIC 0x00a1 -> Node 1
[    0.014902] SRAT: PXM 1 -> APIC 0x00a2 -> Node 1
[    0.014902] SRAT: PXM 1 -> APIC 0x00a3 -> Node 1
[    0.014902] SRAT: PXM 1 -> APIC 0x00a4 -> Node 1
[    0.014903] SRAT: PXM 1 -> APIC 0x00a5 -> Node 1
[    0.014903] SRAT: PXM 1 -> APIC 0x00a6 -> Node 1
[    0.014904] SRAT: PXM 1 -> APIC 0x00a7 -> Node 1
[    0.014904] SRAT: PXM 1 -> APIC 0x00a8 -> Node 1
[    0.014904] SRAT: PXM 1 -> APIC 0x00a9 -> Node 1
[    0.014905] SRAT: PXM 1 -> APIC 0x00aa -> Node 1
[    0.014905] SRAT: PXM 1 -> APIC 0x00ab -> Node 1
[    0.014906] SRAT: PXM 1 -> APIC 0x00ac -> Node 1
[    0.014906] SRAT: PXM 1 -> APIC 0x00ad -> Node 1
[    0.014906] SRAT: PXM 1 -> APIC 0x00ae -> Node 1
[    0.014907] SRAT: PXM 1 -> APIC 0x00af -> Node 1
[    0.014907] SRAT: PXM 1 -> APIC 0x00b0 -> Node 1
[    0.014908] SRAT: PXM 1 -> APIC 0x00b1 -> Node 1
[    0.014908] SRAT: PXM 1 -> APIC 0x00b2 -> Node 1
[    0.014909] SRAT: PXM 1 -> APIC 0x00b3 -> Node 1
[    0.014909] SRAT: PXM 1 -> APIC 0x00b4 -> Node 1
[    0.014909] SRAT: PXM 1 -> APIC 0x00b5 -> Node 1
[    0.014910] SRAT: PXM 1 -> APIC 0x00b6 -> Node 1
[    0.014910] SRAT: PXM 1 -> APIC 0x00b7 -> Node 1
[    0.014923] ACPI: SRAT: Node 0 PXM 0 [mem 0x00000000-0x7fffffff]
[    0.014923] ACPI: SRAT: Node 0 PXM 0 [mem 0x100000000-0x107fffffff]
[    0.014924] ACPI: SRAT: Node 2 PXM 2 [mem 0x2080000000-0x9e7fffffff] non-volatile
[    0.014925] ACPI: SRAT: Node 1 PXM 1 [mem 0x1080000000-0x207fffffff]
[    0.014926] ACPI: SRAT: Node 3 PXM 3 [mem 0x9e80000000-0x11c7fffffff] non-volatile
[    0.014935] NUMA: Initialized distance table, cnt=4
[    0.014937] NUMA: Node 0 [mem 0x00000000-0x7fffffff] + [mem 0x100000000-0x107fffffff] -> [mem 0x00000000-0x107fffffff]
[    0.014945] NODE_DATA(0) allocated [mem 0xffffd5000-0xfffffffff]
[    0.014963] NODE_DATA(1) allocated [mem 0x20658f1000-0x206591bfff]
[    0.015119] Zone ranges:
[    0.015120]   DMA      [mem 0x0000000000001000-0x0000000000ffffff]
[    0.015121]   DMA32    [mem 0x0000000001000000-0x00000000ffffffff]
[    0.015122]   Normal   [mem 0x0000000100000000-0x000000207fffffff]
[    0.015122]   Device   empty
[    0.015123] Movable zone start for each node
[    0.015126] Early memory node ranges
[    0.015127]   node   0: [mem 0x0000000000001000-0x000000000008efff]
[    0.015128]   node   0: [mem 0x0000000000090000-0x000000000009ffff]
[    0.015128]   node   0: [mem 0x0000000000100000-0x0000000049e76fff]
[    0.015129]   node   0: [mem 0x000000004ae77000-0x000000004b2cefff]
[    0.015130]   node   0: [mem 0x000000004b54e000-0x000000004bd93fff]
[    0.015130]   node   0: [mem 0x000000004be9a000-0x000000004cdfffff]
[    0.015130]   node   0: [mem 0x000000004d000000-0x000000005eefdfff]
[    0.015131]   node   0: [mem 0x000000006f7ff000-0x000000006f7fffff]
[    0.015131]   node   0: [mem 0x0000000b54300000-0x0000000fffffffff]
[    0.015133]   node   1: [mem 0x0000001ec0000000-0x000000207fffffff]
[    0.015718] Zeroed struct page in unavailable ranges: 59880 pages
[    0.015719] Initmem setup node 0 [mem 0x0000000000001000-0x0000000fffffffff]
[    0.015721] On node 0 totalpages: 5281304
[    0.015722]   DMA zone: 64 pages used for memmap
[    0.015722]   DMA zone: 1102 pages reserved
[    0.015723]   DMA zone: 3998 pages, LIFO batch:0
[    0.015767]   DMA32 zone: 5926 pages used for memmap
[    0.015767]   DMA32 zone: 379258 pages, LIFO batch:63
[    0.021806]   Normal zone: 76532 pages used for memmap
[    0.021807]   Normal zone: 4898048 pages, LIFO batch:63
[    0.097481] Initmem setup node 1 [mem 0x0000001ec0000000-0x000000207fffffff]
[    0.097485] On node 1 totalpages: 1835008
[    0.097486]   Normal zone: 28672 pages used for memmap
[    0.097487]   Normal zone: 1835008 pages, LIFO batch:63
[    0.117580] ACPI: PM-Timer IO Port: 0x508
[    0.117584] ACPI: Local APIC address 0xfee00000
[    0.117602] ACPI: X2APIC_NMI (uid[0xffffffff] high edge lint[0x1])
[    0.117604] ACPI: LAPIC_NMI (acpi_id[0xff] high edge lint[0x1])
[    0.117624] IOAPIC[0]: apic_id 8, version 32, address 0xfec00000, GSI 0-119
[    0.117626] ACPI: INT_SRC_OVR (bus 0 bus_irq 0 global_irq 2 dfl dfl)
[    0.117627] ACPI: INT_SRC_OVR (bus 0 bus_irq 9 global_irq 9 high level)
[    0.117629] ACPI: IRQ0 used by override.
[    0.117630] ACPI: IRQ9 used by override.
[    0.117632] Using ACPI (MADT) for SMP configuration information
[    0.117634] ACPI: HPET id: 0x8086a701 base: 0xfed00000
[    0.117639] smpboot: Allowing 112 CPUs, 0 hotplug CPUs
[    0.117666] PM: Registered nosave memory: [mem 0x00000000-0x00000fff]
[    0.117667] PM: Registered nosave memory: [mem 0x0008f000-0x0008ffff]
[    0.117668] PM: Registered nosave memory: [mem 0x000a0000-0x000fffff]
[    0.117670] PM: Registered nosave memory: [mem 0x47bcd000-0x47bcdfff]
[    0.117671] PM: Registered nosave memory: [mem 0x47bfe000-0x47bfefff]
[    0.117672] PM: Registered nosave memory: [mem 0x47bff000-0x47bfffff]
[    0.117673] PM: Registered nosave memory: [mem 0x47c31000-0x47c31fff]
[    0.117673] PM: Registered nosave memory: [mem 0x47c32000-0x47c32fff]
[    0.117675] PM: Registered nosave memory: [mem 0x47c64000-0x47c64fff]
[    0.117675] PM: Registered nosave memory: [mem 0x47c65000-0x47c65fff]
[    0.117676] PM: Registered nosave memory: [mem 0x47c6d000-0x47c6dfff]
[    0.117678] PM: Registered nosave memory: [mem 0x49e77000-0x4ae76fff]
[    0.117679] PM: Registered nosave memory: [mem 0x4b2cf000-0x4b54dfff]
[    0.117681] PM: Registered nosave memory: [mem 0x4bd94000-0x4be99fff]
[    0.117682] PM: Registered nosave memory: [mem 0x4ce00000-0x4cffffff]
[    0.117684] PM: Registered nosave memory: [mem 0x5eefe000-0x6e3fefff]
[    0.117684] PM: Registered nosave memory: [mem 0x6e3ff000-0x6f3fefff]
[    0.117685] PM: Registered nosave memory: [mem 0x6f3ff000-0x6f7fefff]
[    0.117686] PM: Registered nosave memory: [mem 0x6f800000-0x8fffffff]
[    0.117687] PM: Registered nosave memory: [mem 0x90000000-0xfdffffff]
[    0.117687] PM: Registered nosave memory: [mem 0xfe000000-0xfe010fff]
[    0.117687] PM: Registered nosave memory: [mem 0xfe011000-0xffffffff]
[    0.117688] PM: Registered nosave memory: [mem 0x100000000-0xb542fffff]
[    0.117690] PM: Registered nosave memory: [mem 0x1000000000-0x1ebfffffff]
[    0.117691] [mem 0x90000000-0xfdffffff] available for PCI devices
[    0.117693] Booting paravirtualized kernel on bare hardware
[    0.117696] clocksource: refined-jiffies: mask: 0xffffffff max_cycles: 0xffffffff, max_idle_ns: 7645519600211568 ns
[    0.117704] setup_percpu: NR_CPUS:8192 nr_cpumask_bits:112 nr_cpu_ids:112 nr_node_ids:4
[    0.122349] percpu: Embedded 55 pages/cpu s188416 r8192 d28672 u262144
[    0.122360] pcpu-alloc: s188416 r8192 d28672 u262144 alloc=1*2097152
[    0.122361] pcpu-alloc: [0] 000 002 004 006 008 010 012 014 
[    0.122363] pcpu-alloc: [0] 016 018 020 022 024 026 028 030 
[    0.122365] pcpu-alloc: [0] 032 034 036 038 040 042 044 046 
[    0.122366] pcpu-alloc: [0] 048 050 052 054 056 058 060 062 
[    0.122368] pcpu-alloc: [0] 064 066 068 070 072 074 076 078 
[    0.122369] pcpu-alloc: [0] 080 082 084 086 088 090 092 094 
[    0.122370] pcpu-alloc: [0] 096 098 100 102 104 106 108 110 
[    0.122372] pcpu-alloc: [1] 001 003 005 007 009 011 013 015 
[    0.122373] pcpu-alloc: [1] 017 019 021 023 025 027 029 031 
[    0.122375] pcpu-alloc: [1] 033 035 037 039 041 043 045 047 
[    0.122376] pcpu-alloc: [1] 049 051 053 055 057 059 061 063 
[    0.122377] pcpu-alloc: [1] 065 067 069 071 073 075 077 079 
[    0.122379] pcpu-alloc: [1] 081 083 085 087 089 091 093 095 
[    0.122380] pcpu-alloc: [1] 097 099 101 103 105 107 109 111 
[    0.122426] Built 2 zonelists, mobility grouping on.  Total pages: 7004016
[    0.122427] Policy zone: Normal
[    0.122428] Kernel command line: BOOT_IMAGE=/boot/vmlinuz-5.3.1-multiclock root=UUID=ce0c24b8-724b-4f33-9b2c-618433560aef ro memmap=42307M!4096M memmap=59G!64G quiet splash nomodeset vt.handoff=1
[    0.122539] You have booted with nomodeset. This means your GPU drivers are DISABLED
[    0.122539] Any video related functionality will be severely degraded, and you may not even be able to suspend the system properly
[    0.122540] Unless you actually understand what nomodeset does, you should reboot without enabling it
[    0.122557] printk: log_buf_len individual max cpu contribution: 4096 bytes
[    0.122558] printk: log_buf_len total cpu_extra contributions: 454656 bytes
[    0.122558] printk: log_buf_len min size: 262144 bytes
[    0.122722] printk: log_buf_len: 1048576 bytes
[    0.122723] printk: early log buf free: 221788(84%)
[    0.124228] mem auto-init: stack:off, heap alloc:on, heap free:off
[    0.130163] Calgary: detecting Calgary via BIOS EBDA area
[    0.130164] Calgary: Unable to locate Rio Grande table in EBDA - bailing!
[    0.190229] Memory: 27330352K/28465248K available (14339K kernel code, 2373K rwdata, 4660K rodata, 2680K init, 5056K bss, 1134896K reserved, 0K cma-reserved)
[    0.190853] SLUB: HWalign=64, Order=0-3, MinObjects=0, CPUs=112, Nodes=4
[    0.190886] ftrace: allocating 43047 entries in 169 pages
[    0.207839] rcu: Hierarchical RCU implementation.
[    0.207840] rcu: 	RCU restricting CPUs from NR_CPUS=8192 to nr_cpu_ids=112.
[    0.207841] 	Tasks RCU enabled.
[    0.207842] rcu: RCU calculated value of scheduler-enlistment delay is 25 jiffies.
[    0.207843] rcu: Adjusting geometry for rcu_fanout_leaf=16, nr_cpu_ids=112
[    0.210607] NR_IRQS: 524544, nr_irqs: 2952, preallocated irqs: 16
[    0.211011] random: crng done (trusting CPU's manufacturer)
[    0.211173] Console: colour dummy device 80x25
[    0.211187] printk: console [tty0] enabled
[    0.211278] mempolicy: Enabling automatic NUMA balancing. Configure with numa_balancing= or the kernel.numa_balancing sysctl
[    0.211281] ACPI: Core revision 20190703
[    0.214650] clocksource: hpet: mask: 0xffffffff max_cycles: 0xffffffff, max_idle_ns: 79635855245 ns
[    0.214695] APIC: Switch to symmetric I/O mode setup
[    0.214698] DMAR: Host address width 46
[    0.214699] DMAR: DRHD base: 0x000000d0ffc000 flags: 0x0
[    0.214704] DMAR: dmar0: reg_base_addr d0ffc000 ver 4:0 cap 8ed008c40780466 ecap 60000f050df
[    0.214705] DMAR: DRHD base: 0x000000dbbfc000 flags: 0x0
[    0.214708] DMAR: dmar1: reg_base_addr dbbfc000 ver 4:0 cap 8ed008c40780466 ecap 60000f050df
[    0.214709] DMAR: DRHD base: 0x000000e67fc000 flags: 0x0
[    0.214712] DMAR: dmar2: reg_base_addr e67fc000 ver 4:0 cap 8ed008c40780466 ecap 60000f050df
[    0.214713] DMAR: DRHD base: 0x000000f13fc000 flags: 0x0
[    0.214715] DMAR: dmar3: reg_base_addr f13fc000 ver 4:0 cap 8ed008c40780466 ecap 60000f050df
[    0.214716] DMAR: DRHD base: 0x000000fb7fc000 flags: 0x0
[    0.214719] DMAR: dmar4: reg_base_addr fb7fc000 ver 4:0 cap 8ed008c40780466 ecap 60000f050df
[    0.214720] DMAR: DRHD base: 0x000000a63fc000 flags: 0x0
[    0.214723] DMAR: dmar5: reg_base_addr a63fc000 ver 4:0 cap 8ed008c40780466 ecap 60000f050df
[    0.214723] DMAR: DRHD base: 0x000000b0ffc000 flags: 0x0
[    0.214726] DMAR: dmar6: reg_base_addr b0ffc000 ver 4:0 cap 8ed008c40780466 ecap 60000f050df
[    0.214727] DMAR: DRHD base: 0x000000bbbfc000 flags: 0x0
[    0.214731] DMAR: dmar7: reg_base_addr bbbfc000 ver 4:0 cap 8ed008c40780466 ecap 60000f050df
[    0.214732] DMAR: DRHD base: 0x000000c5ffc000 flags: 0x0
[    0.214734] DMAR: dmar8: reg_base_addr c5ffc000 ver 4:0 cap 8ed008c40780466 ecap 60000f050df
[    0.214735] DMAR: DRHD base: 0x0000009b7fc000 flags: 0x1
[    0.214738] DMAR: dmar9: reg_base_addr 9b7fc000 ver 4:0 cap 8ed008c40780466 ecap 60000f050df
[    0.214738] DMAR: RMRR base: 0x00000069427000 end: 0x00000069429fff
[    0.214739] DMAR: ATSR flags: 0x0
[    0.214741] DMAR-IR: IOAPIC id 8 under DRHD base  0x9b7fc000 IOMMU 9
[    0.214742] DMAR-IR: HPET id 0 under DRHD base 0x9b7fc000
[    0.214743] DMAR-IR: Queued invalidation will be enabled to support x2apic and Intr-remapping.
[    0.217320] DMAR-IR: Enabled IRQ remapping in x2apic mode
[    0.219950] ..TIMER: vector=0x30 apic1=0 pin1=2 apic2=-1 pin2=-1
[    0.238620] clocksource: tsc-early: mask: 0xffffffffffffffff max_cycles: 0x39a85c9bff6, max_idle_ns: 881590591483 ns
[    0.238625] Calibrating delay loop (skipped), value calculated using timer frequency.. 4000.00 BogoMIPS (lpj=8000000)
[    0.238627] pid_max: default: 114688 minimum: 896
[    0.242603] LSM: Security Framework initializing
[    0.242637] Yama: becoming mindful.
[    0.242999] AppArmor: AppArmor initialized
[    0.247635] Dentry cache hash table entries: 4194304 (order: 13, 33554432 bytes, vmalloc)
[    0.249966] Inode-cache hash table entries: 2097152 (order: 12, 16777216 bytes, vmalloc)
[    0.250100] Mount-cache hash table entries: 65536 (order: 7, 524288 bytes, vmalloc)
[    0.250171] Mountpoint-cache hash table entries: 65536 (order: 7, 524288 bytes, vmalloc)
[    0.250479] *** VALIDATE proc ***
[    0.250733] *** VALIDATE cgroup1 ***
[    0.250734] *** VALIDATE cgroup2 ***
[    0.250864] x86/tme: not enabled by BIOS
[    0.250867] x86/cpu: User Mode Instruction Prevention (UMIP) activated
[    0.250944] mce: CPU0: Thermal monitoring enabled (TM1)
[    0.251155] process: using mwait in idle threads
[    0.251157] Last level iTLB entries: 4KB 0, 2MB 0, 4MB 0
[    0.251158] Last level dTLB entries: 4KB 0, 2MB 0, 4MB 0, 1GB 0
[    0.251161] Spectre V1 : Mitigation: usercopy/swapgs barriers and __user pointer sanitization
[    0.251163] Spectre V2 : Mitigation: Enhanced IBRS
[    0.251163] Spectre V2 : Spectre v2 / SpectreRSB mitigation: Filling RSB on context switch
[    0.251165] Spectre V2 : mitigation: Enabling conditional Indirect Branch Prediction Barrier
[    0.251166] Speculative Store Bypass: Mitigation: Speculative Store Bypass disabled via prctl and seccomp
[    0.251459] Freeing SMP alternatives memory: 40K
[    0.254783] TSC deadline timer enabled
[    0.254791] smpboot: CPU0: Intel(R) Xeon(R) Gold 6330 CPU @ 2.00GHz (family: 0x6, model: 0x6a, stepping: 0x6)
[    0.254961] Performance Events: PEBS fmt4+-baseline, Icelake events, 32-deep LBR, full-width counters, Intel PMU driver.
[    0.254968] ... version:                5
[    0.254968] ... bit width:              48
[    0.254968] ... generic registers:      8
[    0.254969] ... value mask:             0000ffffffffffff
[    0.254969] ... max period:             00007fffffffffff
[    0.254970] ... fixed-purpose events:   4
[    0.254970] ... event mask:             0000000f000000ff
[    0.255085] rcu: Hierarchical SRCU implementation.
[    0.262486] NMI watchdog: Enabled. Permanently consumes one hw-PMU counter.
[    0.263790] smp: Bringing up secondary CPUs ...
[    0.263910] x86: Booting SMP configuration:
[    0.263911] .... node  #1, CPUs:          #1
[    0.003677] smpboot: CPU 1 Converting physical 0 to logical die 1
[    0.350729] .... node  #0, CPUs:     #2
[    0.356072] .... node  #1, CPUs:     #3
[    0.361479] .... node  #0, CPUs:     #4
[    0.366829] .... node  #1, CPUs:     #5
[    0.372180] .... node  #0, CPUs:     #6
[    0.377738] .... node  #1, CPUs:     #7
[    0.383293] .... node  #0, CPUs:     #8
[    0.388556] .... node  #1, CPUs:     #9
[    0.394262] .... node  #0, CPUs:    #10
[    0.399951] .... node  #1, CPUs:    #11
[    0.405674] .... node  #0, CPUs:    #12
[    0.411167] .... node  #1, CPUs:    #13
[    0.416492] .... node  #0, CPUs:    #14
[    0.421695] .... node  #1, CPUs:    #15
[    0.426990] .... node  #0, CPUs:    #16
[    0.432226] .... node  #1, CPUs:    #17
[    0.437514] .... node  #0, CPUs:    #18
[    0.442793] .... node  #1, CPUs:    #19
[    0.448354] .... node  #0, CPUs:    #20
[    0.453553] .... node  #1, CPUs:    #21
[    0.459121] .... node  #0, CPUs:    #22
[    0.464531] .... node  #1, CPUs:    #23
[    0.469784] .... node  #0, CPUs:    #24
[    0.475385] .... node  #1, CPUs:    #25
[    0.480688] .... node  #0, CPUs:    #26
[    0.485865] .... node  #1, CPUs:    #27
[    0.491140] .... node  #0, CPUs:    #28
[    0.496611] .... node  #1, CPUs:    #29
[    0.501881] .... node  #0, CPUs:    #30
[    0.507075] .... node  #1, CPUs:    #31
[    0.512511] .... node  #0, CPUs:    #32
[    0.517773] .... node  #1, CPUs:    #33
[    0.523104] .... node  #0, CPUs:    #34
[    0.528509] .... node  #1, CPUs:    #35
[    0.533805] .... node  #0, CPUs:    #36
[    0.538978] .... node  #1, CPUs:    #37
[    0.544280] .... node  #0, CPUs:    #38
[    0.549803] .... node  #1, CPUs:    #39
[    0.555305] .... node  #0, CPUs:    #40
[    0.560877] .... node  #1, CPUs:    #41
[    0.566729] .... node  #0, CPUs:    #42
[    0.571877] .... node  #1, CPUs:    #43
[    0.577493] .... node  #0, CPUs:    #44
[    0.582825] .... node  #1, CPUs:    #45
[    0.588267] .... node  #0, CPUs:    #46
[    0.593779] .... node  #1, CPUs:    #47
[    0.599205] .... node  #0, CPUs:    #48
[    0.604518] .... node  #1, CPUs:    #49
[    0.609925] .... node  #0, CPUs:    #50
[    0.615382] .... node  #1, CPUs:    #51
[    0.620994] .... node  #0, CPUs:    #52
[    0.626679] .... node  #1, CPUs:    #53
[    0.631994] .... node  #0, CPUs:    #54
[    0.637668] .... node  #1, CPUs:    #55
[    0.643429] .... node  #0, CPUs:    #56
[    0.648862] .... node  #1, CPUs:    #57
[    0.654730] .... node  #0, CPUs:    #58
[    0.660109] .... node  #1, CPUs:    #59
[    0.665524] .... node  #0, CPUs:    #60
[    0.670859] .... node  #1, CPUs:    #61
[    0.676249] .... node  #0, CPUs:    #62
[    0.681808] .... node  #1, CPUs:    #63
[    0.687384] .... node  #0, CPUs:    #64
[    0.692658] .... node  #1, CPUs:    #65
[    0.698384] .... node  #0, CPUs:    #66
[    0.704082] .... node  #1, CPUs:    #67
[    0.709816] .... node  #0, CPUs:    #68
[    0.715319] .... node  #1, CPUs:    #69
[    0.720671] .... node  #0, CPUs:    #70
[    0.725879] .... node  #1, CPUs:    #71
[    0.731190] .... node  #0, CPUs:    #72
[    0.736431] .... node  #1, CPUs:    #73
[    0.741755] .... node  #0, CPUs:    #74
[    0.746993] .... node  #1, CPUs:    #75
[    0.752627] .... node  #0, CPUs:    #76
[    0.757852] .... node  #1, CPUs:    #77
[    0.763450] .... node  #0, CPUs:    #78
[    0.768864] .... node  #1, CPUs:    #79
[    0.774143] .... node  #0, CPUs:    #80
[    0.779752] .... node  #1, CPUs:    #81
[    0.785079] .... node  #0, CPUs:    #82
[    0.790278] .... node  #1, CPUs:    #83
[    0.795576] .... node  #0, CPUs:    #84
[    0.801070] .... node  #1, CPUs:    #85
[    0.806354] .... node  #0, CPUs:    #86
[    0.811558] .... node  #1, CPUs:    #87
[    0.817036] .... node  #0, CPUs:    #88
[    0.822309] .... node  #1, CPUs:    #89
[    0.827673] .... node  #0, CPUs:    #90
[    0.833082] .... node  #1, CPUs:    #91
[    0.838390] .... node  #0, CPUs:    #92
[    0.843587] .... node  #1, CPUs:    #93
[    0.848889] .... node  #0, CPUs:    #94
[    0.854706] .... node  #1, CPUs:    #95
[    0.859957] .... node  #0, CPUs:    #96
[    0.865547] .... node  #1, CPUs:    #97
[    0.871277] .... node  #0, CPUs:    #98
[    0.876569] .... node  #1, CPUs:    #99
[    0.882222] .... node  #0, CPUs:   #100
[    0.887544] .... node  #1, CPUs:   #101
[    0.893008] .... node  #0, CPUs:   #102
[    0.898793] .... node  #1, CPUs:   #103
[    0.903966] .... node  #0, CPUs:   #104
[    0.909292] .... node  #1, CPUs:   #105
[    0.914726] .... node  #0, CPUs:   #106
[    0.920176] .... node  #1, CPUs:   #107
[    0.925816] .... node  #0, CPUs:   #108
[    0.931257] .... node  #1, CPUs:   #109
[    0.936838] .... node  #0, CPUs:   #110
[    0.942801] .... node  #1, CPUs:   #111
[    0.948329] smp: Brought up 2 nodes, 112 CPUs
[    0.948329] smpboot: Max logical packages: 2
[    0.948329] smpboot: Total of 112 processors activated (448068.32 BogoMIPS)
[    0.957471] devtmpfs: initialized
[    0.957471] x86/mm: Memory block size: 2048MB
[    0.957471] PM: Registering ACPI NVS region [mem 0x49e77000-0x4ae76fff] (16777216 bytes)
[    0.957471] PM: Registering ACPI NVS region [mem 0x6e3ff000-0x6f3fefff] (16777216 bytes)
[    0.958642] clocksource: jiffies: mask: 0xffffffff max_cycles: 0xffffffff, max_idle_ns: 7645041785100000 ns
[    0.958950] futex hash table entries: 32768 (order: 9, 2097152 bytes, vmalloc)
[    0.959550] pinctrl core: initialized pinctrl subsystem
[    0.959681] PM: RTC time: 11:43:54, date: 2024-06-29
[    0.959946] NET: Registered protocol family 16
[    0.960056] audit: initializing netlink subsys (disabled)
[    0.960062] audit: type=2000 audit(1719661433.748:1): state=initialized audit_enabled=0 res=1
[    0.960062] EISA bus registered
[    0.960062] cpuidle: using governor ladder
[    0.960062] cpuidle: using governor menu
[    0.960062] ACPI FADT declares the system doesn't support PCIe ASPM, so disable it
[    0.960062] ACPI: bus type PCI registered
[    0.960062] acpiphp: ACPI Hot Plug PCI Controller Driver version: 0.5
[    0.960062] PCI: MMCONFIG for domain 0000 [bus 00-ff] at [mem 0x80000000-0x8fffffff] (base 0x80000000)
[    0.960062] PCI: MMCONFIG at [mem 0x80000000-0x8fffffff] reserved in E820
[    0.960062] pmd_set_huge: Cannot satisfy [mem 0x80000000-0x80200000] with a huge-page mapping due to MTRR override.
[    0.960062] PCI: Using configuration type 1 for base access
[    0.960062] PCI: Dell System detected, enabling pci=bfsort.
[    0.962627] ENERGY_PERF_BIAS: Set to 'normal', was 'performance'
[    0.966917] HugeTLB registered 1.00 GiB page size, pre-allocated 0 pages
[    0.966917] HugeTLB registered 2.00 MiB page size, pre-allocated 0 pages
[    0.971029] ACPI: Added _OSI(Module Device)
[    0.971030] ACPI: Added _OSI(Processor Device)
[    0.971031] ACPI: Added _OSI(3.0 _SCP Extensions)
[    0.971031] ACPI: Added _OSI(Processor Aggregator Device)
[    0.971033] ACPI: Added _OSI(Linux-Dell-Video)
[    0.971034] ACPI: Added _OSI(Linux-Lenovo-NV-HDMI-Audio)
[    0.971036] ACPI: Added _OSI(Linux-HPI-Hybrid-Graphics)
[    1.135353] ACPI: 8 ACPI AML tables successfully acquired and loaded
[    1.142485] ACPI: [Firmware Bug]: BIOS _OSI(Linux) query ignored
[    1.149110] ACPI: Dynamic OEM Table Load:
[    1.542401] ACPI: Interpreter enabled
[    1.542420] ACPI: (supports S0 S5)
[    1.542422] ACPI: Using IOAPIC for interrupt routing
[    1.542513] HEST: Table parsing has been initialized.
[    1.542515] PCI: Using host bridge windows from ACPI; if necessary, use "pci=nocrs" and report a bug
[    1.571293] ACPI: Enabled 4 GPEs in block 00 to 7F
[    1.695482] ACPI: PCI Root Bridge [PC00] (domain 0000 [bus 00-15])
[    1.695487] acpi PNP0A08:00: _OSC: OS supports [ExtendedConfig ASPM ClockPM Segments MSI HPX-Type3]
[    1.695564] acpi PNP0A08:00: PCIe AER handled by firmware
[    1.695676] acpi PNP0A08:00: _OSC: platform does not support [SHPCHotplug LTR]
[    1.695882] acpi PNP0A08:00: _OSC: OS now controls [PCIeHotplug PME PCIeCapability]
[    1.695883] acpi PNP0A08:00: FADT indicates ASPM is unsupported, using BIOS configuration
[    1.697662] PCI host bridge to bus 0000:00
[    1.697665] pci_bus 0000:00: root bus resource [io  0x0000-0x0cf7 window]
[    1.697666] pci_bus 0000:00: root bus resource [io  0x1000-0x4fff window]
[    1.697666] pci_bus 0000:00: root bus resource [mem 0x000a0000-0x000bffff window]
[    1.697667] pci_bus 0000:00: root bus resource [mem 0x000c8000-0x000cffff window]
[    1.697668] pci_bus 0000:00: root bus resource [mem 0xfe010000-0xfe010fff window]
[    1.697669] pci_bus 0000:00: root bus resource [mem 0x90000000-0x9b7fffff window]
[    1.697669] pci_bus 0000:00: root bus resource [mem 0x200000000000-0x20ffffffffff window]
[    1.697670] pci_bus 0000:00: root bus resource [bus 00-15]
[    1.697682] pci 0000:00:00.0: [8086:09a2] type 00 class 0x088000
[    1.698404] pci 0000:00:00.1: [8086:09a4] type 00 class 0x088000
[    1.699110] pci 0000:00:00.2: [8086:09a3] type 00 class 0x088000
[    1.699812] pci 0000:00:00.4: [8086:0998] type 00 class 0x060000
[    1.700514] pci 0000:00:02.0: [8086:09a6] type 00 class 0x088000
[    1.700524] pci 0000:00:02.0: reg 0x10: [mem 0x92dfc000-0x92dfdfff]
[    1.701218] pci 0000:00:02.1: [8086:09a7] type 00 class 0x088000
[    1.701227] pci 0000:00:02.1: reg 0x10: [mem 0x92d00000-0x92d7ffff]
[    1.701232] pci 0000:00:02.1: reg 0x14: [mem 0x92c80000-0x92cfffff]
[    1.701926] pci 0000:00:02.4: [8086:3456] type 00 class 0x130000
[    1.701937] pci 0000:00:02.4: reg 0x10: [mem 0x92a00000-0x92afffff 64bit]
[    1.701943] pci 0000:00:02.4: reg 0x18: [mem 0x92df0000-0x92df3fff 64bit]
[    1.701950] pci 0000:00:02.4: reg 0x20: [mem 0x92dc0000-0x92ddffff 64bit]
[    1.702655] pci 0000:00:11.0: [8086:a1ec] type 00 class 0xff0000
[    1.703424] pci 0000:00:11.5: [8086:a1d2] type 00 class 0x010601
[    1.703441] pci 0000:00:11.5: reg 0x10: [mem 0x92dfa000-0x92dfbfff]
[    1.703448] pci 0000:00:11.5: reg 0x14: [mem 0x92e05000-0x92e050ff]
[    1.703455] pci 0000:00:11.5: reg 0x18: [io  0x2068-0x206f]
[    1.703462] pci 0000:00:11.5: reg 0x1c: [io  0x2074-0x2077]
[    1.703469] pci 0000:00:11.5: reg 0x20: [io  0x2040-0x205f]
[    1.703476] pci 0000:00:11.5: reg 0x24: [mem 0x92b80000-0x92bfffff]
[    1.703514] pci 0000:00:11.5: PME# supported from D3hot
[    1.704229] pci 0000:00:14.0: [8086:a1af] type 00 class 0x0c0330
[    1.704250] pci 0000:00:14.0: reg 0x10: [mem 0x92de0000-0x92deffff 64bit]
[    1.704314] pci 0000:00:14.0: PME# supported from D3hot D3cold
[    1.705026] pci 0000:00:14.2: [8086:a1b1] type 00 class 0x118000
[    1.705046] pci 0000:00:14.2: reg 0x10: [mem 0x92e02000-0x92e02fff 64bit]
[    1.705785] pci 0000:00:16.0: [8086:a1ba] type 00 class 0x078000
[    1.705813] pci 0000:00:16.0: reg 0x10: [mem 0x92e01000-0x92e01fff 64bit]
[    1.705898] pci 0000:00:16.0: PME# supported from D3hot
[    1.706578] pci 0000:00:16.1: [8086:a1bb] type 00 class 0x078000
[    1.706606] pci 0000:00:16.1: reg 0x10: [mem 0x92e00000-0x92e00fff 64bit]
[    1.706690] pci 0000:00:16.1: PME# supported from D3hot
[    1.707375] pci 0000:00:16.4: [8086:a1be] type 00 class 0x078000
[    1.707402] pci 0000:00:16.4: reg 0x10: [mem 0x92dff000-0x92dfffff 64bit]
[    1.707487] pci 0000:00:16.4: PME# supported from D3hot
[    1.708171] pci 0000:00:17.0: [8086:a182] type 00 class 0x010601
[    1.708187] pci 0000:00:17.0: reg 0x10: [mem 0x92df8000-0x92df9fff]
[    1.708194] pci 0000:00:17.0: reg 0x14: [mem 0x92e04000-0x92e040ff]
[    1.708201] pci 0000:00:17.0: reg 0x18: [io  0x2060-0x2067]
[    1.708208] pci 0000:00:17.0: reg 0x1c: [io  0x2070-0x2073]
[    1.708215] pci 0000:00:17.0: reg 0x20: [io  0x2020-0x203f]
[    1.708222] pci 0000:00:17.0: reg 0x24: [mem 0x92b00000-0x92b7ffff]
[    1.708259] pci 0000:00:17.0: PME# supported from D3hot
[    1.708973] pci 0000:00:1c.0: [8086:a190] type 01 class 0x060400
[    1.709052] pci 0000:00:1c.0: PME# supported from D0 D3hot D3cold
[    1.709813] pci 0000:00:1c.4: [8086:a194] type 01 class 0x060400
[    1.709886] pci 0000:00:1c.4: PME# supported from D0 D3hot D3cold
[    1.710639] pci 0000:00:1c.5: [8086:a195] type 01 class 0x060400
[    1.710712] pci 0000:00:1c.5: PME# supported from D0 D3hot D3cold
[    1.711473] pci 0000:00:1f.0: [8086:a1cb] type 00 class 0x060100
[    1.712274] pci 0000:00:1f.2: [8086:a1a1] type 00 class 0x058000
[    1.712290] pci 0000:00:1f.2: reg 0x10: [mem 0x92df4000-0x92df7fff]
[    1.713040] pci 0000:00:1f.4: [8086:a1a3] type 00 class 0x0c0500
[    1.713059] pci 0000:00:1f.4: reg 0x10: [mem 0x92dfe000-0x92dfe0ff 64bit]
[    1.713082] pci 0000:00:1f.4: reg 0x20: [io  0x2000-0x201f]
[    1.713770] pci 0000:00:1f.5: [8086:a1a4] type 00 class 0x0c8000
[    1.713787] pci 0000:00:1f.5: reg 0x10: [mem 0xfe010000-0xfe010fff]
[    1.714536] pci 0000:00:1c.0: PCI bridge to [bus 01]
[    1.714584] pci 0000:02:00.0: [1556:be00] type 01 class 0x060400
[    1.714752] pci 0000:00:1c.4: PCI bridge to [bus 02-03]
[    1.714756] pci 0000:00:1c.4:   bridge window [mem 0x92000000-0x928fffff]
[    1.714760] pci 0000:00:1c.4:   bridge window [mem 0x91000000-0x91ffffff 64bit pref]
[    1.714792] pci_bus 0000:03: extended config space not accessible
[    1.714811] pci 0000:03:00.0: [102b:0536] type 00 class 0x030000
[    1.714830] pci 0000:03:00.0: reg 0x10: [mem 0x91000000-0x91ffffff pref]
[    1.714841] pci 0000:03:00.0: reg 0x14: [mem 0x92808000-0x9280bfff]
[    1.714851] pci 0000:03:00.0: reg 0x18: [mem 0x92000000-0x927fffff]
[    1.714898] pci 0000:03:00.0: BAR 0: assigned to efifb
[    1.714993] pci 0000:02:00.0: PCI bridge to [bus 03]
[    1.715001] pci 0000:02:00.0:   bridge window [mem 0x92000000-0x928fffff]
[    1.715006] pci 0000:02:00.0:   bridge window [mem 0x91000000-0x91ffffff 64bit pref]
[    1.715072] pci 0000:04:00.0: [14e4:165f] type 00 class 0x020000
[    1.715103] pci 0000:04:00.0: reg 0x10: [mem 0x92930000-0x9293ffff 64bit pref]
[    1.715119] pci 0000:04:00.0: reg 0x18: [mem 0x92940000-0x9294ffff 64bit pref]
[    1.715134] pci 0000:04:00.0: reg 0x20: [mem 0x92950000-0x9295ffff 64bit pref]
[    1.715144] pci 0000:04:00.0: reg 0x30: [mem 0xfffc0000-0xffffffff pref]
[    1.715237] pci 0000:04:00.0: PME# supported from D0 D3hot D3cold
[    1.715275] pci 0000:04:00.0: 4.000 Gb/s available PCIe bandwidth, limited by 5 GT/s x1 link at 0000:00:1c.5 (capable of 8.000 Gb/s with 5 GT/s x2 link)
[    1.715405] pci 0000:04:00.1: [14e4:165f] type 00 class 0x020000
[    1.715437] pci 0000:04:00.1: reg 0x10: [mem 0x92900000-0x9290ffff 64bit pref]
[    1.715452] pci 0000:04:00.1: reg 0x18: [mem 0x92910000-0x9291ffff 64bit pref]
[    1.715467] pci 0000:04:00.1: reg 0x20: [mem 0x92920000-0x9292ffff 64bit pref]
[    1.715477] pci 0000:04:00.1: reg 0x30: [mem 0xfffc0000-0xffffffff pref]
[    1.715570] pci 0000:04:00.1: PME# supported from D0 D3hot D3cold
[    1.715716] pci 0000:00:1c.5: PCI bridge to [bus 04]
[    1.715723] pci 0000:00:1c.5:   bridge window [mem 0x92900000-0x929fffff 64bit pref]
[    1.715736] pci_bus 0000:00: on NUMA node 0
[    1.716280] ACPI: PCI Root Bridge [PC01] (domain 0000 [bus 16-2f])
[    1.716283] acpi PNP0A08:01: _OSC: OS supports [ExtendedConfig ASPM ClockPM Segments MSI HPX-Type3]
[    1.716379] acpi PNP0A08:01: PCIe AER handled by firmware
[    1.716485] acpi PNP0A08:01: _OSC: platform does not support [SHPCHotplug]
[    1.716685] acpi PNP0A08:01: _OSC: OS now controls [PCIeHotplug PME PCIeCapability LTR]
[    1.716685] acpi PNP0A08:01: FADT indicates ASPM is unsupported, using BIOS configuration
[    1.716806] PCI host bridge to bus 0000:16
[    1.716807] pci_bus 0000:16: root bus resource [io  0x5000-0x6fff window]
[    1.716808] pci_bus 0000:16: root bus resource [mem 0x9b800000-0xa63fffff window]
[    1.716809] pci_bus 0000:16: root bus resource [mem 0x210000000000-0x21ffffffffff window]
[    1.716810] pci_bus 0000:16: root bus resource [bus 16-2f]
[    1.716817] pci 0000:16:00.0: [8086:09a2] type 00 class 0x088000
[    1.716882] pci 0000:16:00.1: [8086:09a4] type 00 class 0x088000
[    1.716945] pci 0000:16:00.2: [8086:09a3] type 00 class 0x088000
[    1.717009] pci 0000:16:00.4: [8086:0998] type 00 class 0x060000
[    1.717070] pci 0000:16:02.0: [8086:347a] type 01 class 0x060400
[    1.717083] pci 0000:16:02.0: reg 0x10: [mem 0x21fffff00000-0x21fffff1ffff 64bit]
[    1.717119] pci 0000:16:02.0: PME# supported from D0 D3hot D3cold
[    1.717414] pci 0000:17:00.0: [1000:10e2] type 00 class 0x010400
[    1.717434] pci 0000:17:00.0: reg 0x10: [mem 0x9b800000-0x9b8fffff 64bit pref]
[    1.717442] pci 0000:17:00.0: reg 0x18: [mem 0x9b900000-0x9b9fffff 64bit pref]
[    1.717447] pci 0000:17:00.0: reg 0x20: [mem 0x9ba00000-0x9bafffff]
[    1.717452] pci 0000:17:00.0: reg 0x24: [io  0x5000-0x50ff]
[    1.717458] pci 0000:17:00.0: reg 0x30: [mem 0xfff00000-0xffffffff pref]
[    1.718689] pci 0000:17:00.0: supports D1 D2
[    1.718739] pci 0000:16:02.0: PCI bridge to [bus 17]
[    1.718741] pci 0000:16:02.0:   bridge window [io  0x5000-0x5fff]
[    1.718743] pci 0000:16:02.0:   bridge window [mem 0x9ba00000-0x9bafffff]
[    1.718745] pci 0000:16:02.0:   bridge window [mem 0x9b800000-0x9b9fffff 64bit pref]
[    1.718750] pci_bus 0000:16: on NUMA node 0
[    1.718816] ACPI: PCI Root Bridge [PC02] (domain 0000 [bus 30-49])
[    1.718818] acpi PNP0A08:02: _OSC: OS supports [ExtendedConfig ASPM ClockPM Segments MSI HPX-Type3]
[    1.718914] acpi PNP0A08:02: PCIe AER handled by firmware
[    1.719020] acpi PNP0A08:02: _OSC: platform does not support [SHPCHotplug]
[    1.719221] acpi PNP0A08:02: _OSC: OS now controls [PCIeHotplug PME PCIeCapability LTR]
[    1.719222] acpi PNP0A08:02: FADT indicates ASPM is unsupported, using BIOS configuration
[    1.719336] PCI host bridge to bus 0000:30
[    1.719337] pci_bus 0000:30: root bus resource [io  0x7000-0x8fff window]
[    1.719338] pci_bus 0000:30: root bus resource [mem 0xa6400000-0xb0ffffff window]
[    1.719339] pci_bus 0000:30: root bus resource [mem 0x220000000000-0x22ffffffffff window]
[    1.719339] pci_bus 0000:30: root bus resource [bus 30-49]
[    1.719346] pci 0000:30:00.0: [8086:09a2] type 00 class 0x088000
[    1.719411] pci 0000:30:00.1: [8086:09a4] type 00 class 0x088000
[    1.719471] pci 0000:30:00.2: [8086:09a3] type 00 class 0x088000
[    1.719534] pci 0000:30:00.4: [8086:0998] type 00 class 0x060000
[    1.719604] pci_bus 0000:30: on NUMA node 0
[    1.719691] ACPI: PCI Root Bridge [PC04] (domain 0000 [bus 4a-63])
[    1.719693] acpi PNP0A08:04: _OSC: OS supports [ExtendedConfig ASPM ClockPM Segments MSI HPX-Type3]
[    1.719783] acpi PNP0A08:04: PCIe AER handled by firmware
[    1.719888] acpi PNP0A08:04: _OSC: platform does not support [SHPCHotplug]
[    1.720087] acpi PNP0A08:04: _OSC: OS now controls [PCIeHotplug PME PCIeCapability LTR]
[    1.720088] acpi PNP0A08:04: FADT indicates ASPM is unsupported, using BIOS configuration
[    1.720198] PCI host bridge to bus 0000:4a
[    1.720199] pci_bus 0000:4a: root bus resource [io  0x9000-0x9fff window]
[    1.720200] pci_bus 0000:4a: root bus resource [mem 0xb1000000-0xbbbfffff window]
[    1.720200] pci_bus 0000:4a: root bus resource [mem 0x230000000000-0x23ffffffffff window]
[    1.720201] pci_bus 0000:4a: root bus resource [bus 4a-63]
[    1.720208] pci 0000:4a:00.0: [8086:09a2] type 00 class 0x088000
[    1.720270] pci 0000:4a:00.1: [8086:09a4] type 00 class 0x088000
[    1.720330] pci 0000:4a:00.2: [8086:09a3] type 00 class 0x088000
[    1.720396] pci 0000:4a:00.4: [8086:0998] type 00 class 0x060000
[    1.720465] pci_bus 0000:4a: on NUMA node 0
[    1.720524] ACPI: PCI Root Bridge [PC05] (domain 0000 [bus 64-7d])
[    1.720526] acpi PNP0A08:05: _OSC: OS supports [ExtendedConfig ASPM ClockPM Segments MSI HPX-Type3]
[    1.720615] acpi PNP0A08:05: PCIe AER handled by firmware
[    1.720720] acpi PNP0A08:05: _OSC: platform does not support [SHPCHotplug]
[    1.720919] acpi PNP0A08:05: _OSC: OS now controls [PCIeHotplug PME PCIeCapability LTR]
[    1.720919] acpi PNP0A08:05: FADT indicates ASPM is unsupported, using BIOS configuration
[    1.721028] PCI host bridge to bus 0000:64
[    1.721029] pci_bus 0000:64: root bus resource [io  0xa000-0xafff window]
[    1.721029] pci_bus 0000:64: root bus resource [mem 0xbbc00000-0xc5ffffff window]
[    1.721030] pci_bus 0000:64: root bus resource [mem 0x240000000000-0x24ffffffffff window]
[    1.721031] pci_bus 0000:64: root bus resource [bus 64-7d]
[    1.721038] pci 0000:64:00.0: [8086:09a2] type 00 class 0x088000
[    1.721101] pci 0000:64:00.1: [8086:09a4] type 00 class 0x088000
[    1.721162] pci 0000:64:00.2: [8086:09a3] type 00 class 0x088000
[    1.721224] pci 0000:64:00.4: [8086:0998] type 00 class 0x060000
[    1.721294] pci_bus 0000:64: on NUMA node 0
[    1.721349] ACPI: PCI Root Bridge [UC06] (domain 0000 [bus 7e])
[    1.721351] acpi PNP0A03:00: _OSC: OS supports [ExtendedConfig ASPM ClockPM Segments MSI HPX-Type3]
[    1.721427] acpi PNP0A03:00: PCIe AER handled by firmware
[    1.721516] acpi PNP0A03:00: _OSC: platform does not support [SHPCHotplug LTR]
[    1.721685] acpi PNP0A03:00: _OSC: OS now controls [PCIeHotplug PME PCIeCapability]
[    1.721685] acpi PNP0A03:00: FADT indicates ASPM is unsupported, using BIOS configuration
[    1.721817] PCI host bridge to bus 0000:7e
[    1.721818] pci_bus 0000:7e: root bus resource [bus 7e]
[    1.721824] pci 0000:7e:00.0: [8086:3450] type 00 class 0x088000
[    1.721893] pci 0000:7e:00.1: [8086:3451] type 00 class 0x088000
[    1.721956] pci 0000:7e:00.2: [8086:3452] type 00 class 0x088000
[    1.722027] pci 0000:7e:00.3: [8086:0998] type 00 class 0x060000
[    1.722091] pci 0000:7e:00.5: [8086:3455] type 00 class 0x088000
[    1.722159] pci 0000:7e:02.0: [8086:3440] type 00 class 0x088000
[    1.722280] pci 0000:7e:02.1: [8086:3441] type 00 class 0x088000
[    1.722394] pci 0000:7e:02.2: [8086:3442] type 00 class 0x088000
[    1.722509] pci 0000:7e:03.0: [8086:3440] type 00 class 0x088000
[    1.722597] pci 0000:7e:03.1: [8086:3441] type 00 class 0x088000
[    1.722679] pci 0000:7e:03.2: [8086:3442] type 00 class 0x088000
[    1.722774] pci 0000:7e:04.0: [8086:3440] type 00 class 0x088000
[    1.722900] pci 0000:7e:04.1: [8086:3441] type 00 class 0x088000
[    1.723021] pci 0000:7e:04.2: [8086:3442] type 00 class 0x088000
[    1.723143] pci 0000:7e:04.3: [8086:3443] type 00 class 0x088000
[    1.723268] pci 0000:7e:05.0: [8086:3445] type 00 class 0x088000
[    1.723399] pci 0000:7e:05.1: [8086:3446] type 00 class 0x088000
[    1.723518] pci 0000:7e:05.2: [8086:3447] type 00 class 0x088000
[    1.723636] pci 0000:7e:06.0: [8086:3445] type 00 class 0x088000
[    1.723729] pci 0000:7e:06.1: [8086:3446] type 00 class 0x088000
[    1.723815] pci 0000:7e:06.2: [8086:3447] type 00 class 0x088000
[    1.723907] pci 0000:7e:07.0: [8086:3445] type 00 class 0x088000
[    1.724034] pci 0000:7e:07.1: [8086:3446] type 00 class 0x088000
[    1.724160] pci 0000:7e:07.2: [8086:3447] type 00 class 0x088000
[    1.724285] pci 0000:7e:0b.0: [8086:3448] type 00 class 0x088000
[    1.724359] pci 0000:7e:0b.1: [8086:3448] type 00 class 0x088000
[    1.724433] pci 0000:7e:0b.2: [8086:344b] type 00 class 0x088000
[    1.724516] pci 0000:7e:0c.0: [8086:344a] type 00 class 0x110100
[    1.724614] pci 0000:7e:0d.0: [8086:344a] type 00 class 0x110100
[    1.724708] pci 0000:7e:0e.0: [8086:344a] type 00 class 0x110100
[    1.724858] pci 0000:7e:0f.0: [8086:344a] type 00 class 0x110100
[    1.725019] pci 0000:7e:1a.0: [8086:2880] type 00 class 0x110100
[    1.725116] pci 0000:7e:1b.0: [8086:2880] type 00 class 0x110100
[    1.725207] pci 0000:7e:1c.0: [8086:2880] type 00 class 0x110100
[    1.725361] pci 0000:7e:1d.0: [8086:2880] type 00 class 0x110100
[    1.725524] pci_bus 0000:7e: on NUMA node 0
[    1.725599] ACPI: PCI Root Bridge [UC07] (domain 0000 [bus 7f])
[    1.725601] acpi PNP0A03:01: _OSC: OS supports [ExtendedConfig ASPM ClockPM Segments MSI HPX-Type3]
[    1.725679] acpi PNP0A03:01: PCIe AER handled by firmware
[    1.725770] acpi PNP0A03:01: _OSC: platform does not support [SHPCHotplug LTR]
[    1.725941] acpi PNP0A03:01: _OSC: OS now controls [PCIeHotplug PME PCIeCapability]
[    1.725941] acpi PNP0A03:01: FADT indicates ASPM is unsupported, using BIOS configuration
[    1.726084] PCI host bridge to bus 0000:7f
[    1.726085] pci_bus 0000:7f: root bus resource [bus 7f]
[    1.726094] pci 0000:7f:00.0: [8086:344c] type 00 class 0x088000
[    1.726203] pci 0000:7f:00.1: [8086:344c] type 00 class 0x088000
[    1.726322] pci 0000:7f:00.2: [8086:344c] type 00 class 0x088000
[    1.726442] pci 0000:7f:00.3: [8086:344c] type 00 class 0x088000
[    1.726538] pci 0000:7f:00.4: [8086:344c] type 00 class 0x088000
[    1.726667] pci 0000:7f:00.5: [8086:344c] type 00 class 0x088000
[    1.726793] pci 0000:7f:00.6: [8086:344c] type 00 class 0x088000
[    1.726879] pci 0000:7f:00.7: [8086:344c] type 00 class 0x088000
[    1.726976] pci 0000:7f:01.0: [8086:344c] type 00 class 0x088000
[    1.727113] pci 0000:7f:01.1: [8086:344c] type 00 class 0x088000
[    1.727240] pci 0000:7f:01.2: [8086:344c] type 00 class 0x088000
[    1.727327] pci 0000:7f:01.3: [8086:344c] type 00 class 0x088000
[    1.727466] pci 0000:7f:01.4: [8086:344c] type 00 class 0x088000
[    1.727603] pci 0000:7f:01.5: [8086:344c] type 00 class 0x088000
[    1.727746] pci 0000:7f:01.6: [8086:344c] type 00 class 0x088000
[    1.727875] pci 0000:7f:01.7: [8086:344c] type 00 class 0x088000
[    1.728014] pci 0000:7f:02.0: [8086:344c] type 00 class 0x088000
[    1.728153] pci 0000:7f:02.1: [8086:344c] type 00 class 0x088000
[    1.728293] pci 0000:7f:02.2: [8086:344c] type 00 class 0x088000
[    1.728430] pci 0000:7f:02.3: [8086:344c] type 00 class 0x088000
[    1.728576] pci 0000:7f:02.4: [8086:344c] type 00 class 0x088000
[    1.728719] pci 0000:7f:02.5: [8086:344c] type 00 class 0x088000
[    1.728861] pci 0000:7f:02.6: [8086:344c] type 00 class 0x088000
[    1.729015] pci 0000:7f:02.7: [8086:344c] type 00 class 0x088000
[    1.729173] pci 0000:7f:03.0: [8086:344c] type 00 class 0x088000
[    1.729324] pci 0000:7f:03.1: [8086:344c] type 00 class 0x088000
[    1.729482] pci 0000:7f:03.2: [8086:344c] type 00 class 0x088000
[    1.729637] pci 0000:7f:03.3: [8086:344c] type 00 class 0x088000
[    1.729803] pci 0000:7f:0a.0: [8086:344d] type 00 class 0x088000
[    1.729912] pci 0000:7f:0a.1: [8086:344d] type 00 class 0x088000
[    1.730030] pci 0000:7f:0a.2: [8086:344d] type 00 class 0x088000
[    1.730149] pci 0000:7f:0a.3: [8086:344d] type 00 class 0x088000
[    1.730251] pci 0000:7f:0a.4: [8086:344d] type 00 class 0x088000
[    1.730379] pci 0000:7f:0a.5: [8086:344d] type 00 class 0x088000
[    1.730502] pci 0000:7f:0a.6: [8086:344d] type 00 class 0x088000
[    1.730589] pci 0000:7f:0a.7: [8086:344d] type 00 class 0x088000
[    1.730680] pci 0000:7f:0b.0: [8086:344d] type 00 class 0x088000
[    1.730817] pci 0000:7f:0b.1: [8086:344d] type 00 class 0x088000
[    1.730946] pci 0000:7f:0b.2: [8086:344d] type 00 class 0x088000
[    1.731033] pci 0000:7f:0b.3: [8086:344d] type 00 class 0x088000
[    1.731174] pci 0000:7f:0b.4: [8086:344d] type 00 class 0x088000
[    1.731313] pci 0000:7f:0b.5: [8086:344d] type 00 class 0x088000
[    1.731456] pci 0000:7f:0b.6: [8086:344d] type 00 class 0x088000
[    1.731583] pci 0000:7f:0b.7: [8086:344d] type 00 class 0x088000
[    1.731719] pci 0000:7f:0c.0: [8086:344d] type 00 class 0x088000
[    1.731859] pci 0000:7f:0c.1: [8086:344d] type 00 class 0x088000
[    1.731995] pci 0000:7f:0c.2: [8086:344d] type 00 class 0x088000
[    1.732135] pci 0000:7f:0c.3: [8086:344d] type 00 class 0x088000
[    1.732286] pci 0000:7f:0c.4: [8086:344d] type 00 class 0x088000
[    1.732429] pci 0000:7f:0c.5: [8086:344d] type 00 class 0x088000
[    1.732573] pci 0000:7f:0c.6: [8086:344d] type 00 class 0x088000
[    1.732727] pci 0000:7f:0c.7: [8086:344d] type 00 class 0x088000
[    1.732878] pci 0000:7f:0d.0: [8086:344d] type 00 class 0x088000
[    1.733031] pci 0000:7f:0d.1: [8086:344d] type 00 class 0x088000
[    1.733191] pci 0000:7f:0d.2: [8086:344d] type 00 class 0x088000
[    1.733346] pci 0000:7f:0d.3: [8086:344d] type 00 class 0x088000
[    1.733528] pci 0000:7f:1d.0: [8086:344f] type 00 class 0x088000
[    1.733646] pci 0000:7f:1d.1: [8086:3457] type 00 class 0x088000
[    1.733763] pci 0000:7f:1e.0: [8086:3458] type 00 class 0x088000
[    1.733839] pci 0000:7f:1e.1: [8086:3459] type 00 class 0x088000
[    1.733914] pci 0000:7f:1e.2: [8086:345a] type 00 class 0x088000
[    1.733987] pci 0000:7f:1e.3: [8086:345b] type 00 class 0x088000
[    1.734061] pci 0000:7f:1e.4: [8086:345c] type 00 class 0x088000
[    1.734135] pci 0000:7f:1e.5: [8086:345d] type 00 class 0x088000
[    1.734213] pci 0000:7f:1e.6: [8086:345e] type 00 class 0x088000
[    1.734287] pci 0000:7f:1e.7: [8086:345f] type 00 class 0x088000
[    1.734358] pci_bus 0000:7f: on NUMA node 0
[    1.734447] ACPI: PCI Root Bridge [PC06] (domain 0000 [bus 80])
[    1.734449] acpi PNP0A08:06: _OSC: OS supports [ExtendedConfig ASPM ClockPM Segments MSI HPX-Type3]
[    1.734542] acpi PNP0A08:06: PCIe AER handled by firmware
[    1.734648] acpi PNP0A08:06: _OSC: platform does not support [SHPCHotplug]
[    1.734851] acpi PNP0A08:06: _OSC: OS now controls [PCIeHotplug PME PCIeCapability LTR]
[    1.734851] acpi PNP0A08:06: FADT indicates ASPM is unsupported, using BIOS configuration
[    1.734995] PCI host bridge to bus 0000:80
[    1.734996] pci_bus 0000:80: root bus resource [io  0xb000-0xbfff window]
[    1.734997] pci_bus 0000:80: root bus resource [mem 0xc6800000-0xd0ffffff window]
[    1.734998] pci_bus 0000:80: root bus resource [mem 0x250000000000-0x25ffffffffff window]
[    1.734999] pci_bus 0000:80: root bus resource [bus 80]
[    1.735006] pci 0000:80:00.0: [8086:09a2] type 00 class 0x088000
[    1.735086] pci 0000:80:00.1: [8086:09a4] type 00 class 0x088000
[    1.735165] pci 0000:80:00.2: [8086:09a3] type 00 class 0x088000
[    1.735242] pci 0000:80:00.4: [8086:0998] type 00 class 0x060000
[    1.735319] pci 0000:80:02.0: [8086:09a6] type 00 class 0x088000
[    1.735329] pci 0000:80:02.0: reg 0x10: [mem 0xc6aa4000-0xc6aa5fff]
[    1.735393] pci 0000:80:02.1: [8086:09a7] type 00 class 0x088000
[    1.735403] pci 0000:80:02.1: reg 0x10: [mem 0xc6a00000-0xc6a7ffff]
[    1.735408] pci 0000:80:02.1: reg 0x14: [mem 0xc6980000-0xc69fffff]
[    1.735475] pci 0000:80:02.4: [8086:3456] type 00 class 0x130000
[    1.735487] pci 0000:80:02.4: reg 0x10: [mem 0xc6800000-0xc68fffff 64bit]
[    1.735494] pci 0000:80:02.4: reg 0x18: [mem 0xc6aa0000-0xc6aa3fff 64bit]
[    1.735501] pci 0000:80:02.4: reg 0x20: [mem 0xc6a80000-0xc6a9ffff 64bit]
[    1.735561] pci_bus 0000:80: on NUMA node 1
[    1.735628] ACPI: PCI Root Bridge [PC07] (domain 0000 [bus 81])
[    1.735630] acpi PNP0A08:07: _OSC: OS supports [ExtendedConfig ASPM ClockPM Segments MSI HPX-Type3]
[    1.735720] acpi PNP0A08:07: PCIe AER handled by firmware
[    1.735825] acpi PNP0A08:07: _OSC: platform does not support [SHPCHotplug]
[    1.736024] acpi PNP0A08:07: _OSC: OS now controls [PCIeHotplug PME PCIeCapability LTR]
[    1.736025] acpi PNP0A08:07: FADT indicates ASPM is unsupported, using BIOS configuration
[    1.736142] PCI host bridge to bus 0000:81
[    1.736143] pci_bus 0000:81: root bus resource [io  0xc000-0xcfff window]
[    1.736144] pci_bus 0000:81: root bus resource [mem 0xd1000000-0xdbbfffff window]
[    1.736144] pci_bus 0000:81: root bus resource [mem 0x260000000000-0x26ffffffffff window]
[    1.736145] pci_bus 0000:81: root bus resource [bus 81]
[    1.736152] pci 0000:81:00.0: [8086:09a2] type 00 class 0x088000
[    1.736220] pci 0000:81:00.1: [8086:09a4] type 00 class 0x088000
[    1.736286] pci 0000:81:00.2: [8086:09a3] type 00 class 0x088000
[    1.736354] pci 0000:81:00.4: [8086:0998] type 00 class 0x060000
[    1.736434] pci_bus 0000:81: on NUMA node 1
[    1.736493] ACPI: PCI Root Bridge [PC08] (domain 0000 [bus 82])
[    1.736494] acpi PNP0A08:08: _OSC: OS supports [ExtendedConfig ASPM ClockPM Segments MSI HPX-Type3]
[    1.736585] acpi PNP0A08:08: PCIe AER handled by firmware
[    1.736689] acpi PNP0A08:08: _OSC: platform does not support [SHPCHotplug]
[    1.736888] acpi PNP0A08:08: _OSC: OS now controls [PCIeHotplug PME PCIeCapability LTR]
[    1.736888] acpi PNP0A08:08: FADT indicates ASPM is unsupported, using BIOS configuration
[    1.736998] PCI host bridge to bus 0000:82
[    1.736998] pci_bus 0000:82: root bus resource [io  0xd000-0xdfff window]
[    1.736999] pci_bus 0000:82: root bus resource [mem 0xdbc00000-0xe67fffff window]
[    1.737000] pci_bus 0000:82: root bus resource [mem 0x270000000000-0x27ffffffffff window]
[    1.737001] pci_bus 0000:82: root bus resource [bus 82]
[    1.737008] pci 0000:82:00.0: [8086:09a2] type 00 class 0x088000
[    1.737076] pci 0000:82:00.1: [8086:09a4] type 00 class 0x088000
[    1.737144] pci 0000:82:00.2: [8086:09a3] type 00 class 0x088000
[    1.737216] pci 0000:82:00.4: [8086:0998] type 00 class 0x060000
[    1.737296] pci_bus 0000:82: on NUMA node 1
[    1.737382] ACPI: PCI Root Bridge [PC10] (domain 0000 [bus 83-f9])
[    1.737384] acpi PNP0A08:0a: _OSC: OS supports [ExtendedConfig ASPM ClockPM Segments MSI HPX-Type3]
[    1.737474] acpi PNP0A08:0a: PCIe AER handled by firmware
[    1.737578] acpi PNP0A08:0a: _OSC: platform does not support [SHPCHotplug]
[    1.737777] acpi PNP0A08:0a: _OSC: OS now controls [PCIeHotplug PME PCIeCapability LTR]
[    1.737778] acpi PNP0A08:0a: FADT indicates ASPM is unsupported, using BIOS configuration
[    1.737898] PCI host bridge to bus 0000:83
[    1.737899] pci_bus 0000:83: root bus resource [io  0xe000-0xefff window]
[    1.737900] pci_bus 0000:83: root bus resource [mem 0xe6800000-0xf13fffff window]
[    1.737901] pci_bus 0000:83: root bus resource [mem 0x280000000000-0x28ffffffffff window]
[    1.737901] pci_bus 0000:83: root bus resource [bus 83-f9]
[    1.737909] pci 0000:83:00.0: [8086:09a2] type 00 class 0x088000
[    1.737978] pci 0000:83:00.1: [8086:09a4] type 00 class 0x088000
[    1.738046] pci 0000:83:00.2: [8086:09a3] type 00 class 0x088000
[    1.738115] pci 0000:83:00.4: [8086:0998] type 00 class 0x060000
[    1.738193] pci_bus 0000:83: on NUMA node 1
[    1.738252] ACPI: PCI Root Bridge [PC11] (domain 0000 [bus fa])
[    1.738254] acpi PNP0A08:0b: _OSC: OS supports [ExtendedConfig ASPM ClockPM Segments MSI HPX-Type3]
[    1.738350] acpi PNP0A08:0b: PCIe AER handled by firmware
[    1.738457] acpi PNP0A08:0b: _OSC: platform does not support [SHPCHotplug]
[    1.738664] acpi PNP0A08:0b: _OSC: OS now controls [PCIeHotplug PME PCIeCapability LTR]
[    1.738665] acpi PNP0A08:0b: FADT indicates ASPM is unsupported, using BIOS configuration
[    1.738777] PCI host bridge to bus 0000:fa
[    1.738778] pci_bus 0000:fa: root bus resource [io  0xf000-0xffff window]
[    1.738779] pci_bus 0000:fa: root bus resource [mem 0xf1400000-0xfb7fffff window]
[    1.738779] pci_bus 0000:fa: root bus resource [mem 0x290000000000-0x29ffffffffff window]
[    1.738780] pci_bus 0000:fa: root bus resource [bus fa]
[    1.738787] pci 0000:fa:00.0: [8086:09a2] type 00 class 0x088000
[    1.738857] pci 0000:fa:00.1: [8086:09a4] type 00 class 0x088000
[    1.738925] pci 0000:fa:00.2: [8086:09a3] type 00 class 0x088000
[    1.738999] pci 0000:fa:00.4: [8086:0998] type 00 class 0x060000
[    1.739078] pci_bus 0000:fa: on NUMA node 1
[    1.739135] ACPI: PCI Root Bridge [UC16] (domain 0000 [bus fe])
[    1.739137] acpi PNP0A03:02: _OSC: OS supports [ExtendedConfig ASPM ClockPM Segments MSI HPX-Type3]
[    1.739213] acpi PNP0A03:02: PCIe AER handled by firmware
[    1.739302] acpi PNP0A03:02: _OSC: platform does not support [SHPCHotplug LTR]
[    1.739470] acpi PNP0A03:02: _OSC: OS now controls [PCIeHotplug PME PCIeCapability]
[    1.739470] acpi PNP0A03:02: FADT indicates ASPM is unsupported, using BIOS configuration
[    1.739601] PCI host bridge to bus 0000:fe
[    1.739602] pci_bus 0000:fe: root bus resource [bus fe]
[    1.739608] pci 0000:fe:00.0: [8086:3450] type 00 class 0x088000
[    1.739679] pci 0000:fe:00.1: [8086:3451] type 00 class 0x088000
[    1.739744] pci 0000:fe:00.2: [8086:3452] type 00 class 0x088000
[    1.739811] pci 0000:fe:00.3: [8086:0998] type 00 class 0x060000
[    1.739880] pci 0000:fe:00.5: [8086:3455] type 00 class 0x088000
[    1.739952] pci 0000:fe:02.0: [8086:3440] type 00 class 0x088000
[    1.740077] pci 0000:fe:02.1: [8086:3441] type 00 class 0x088000
[    1.740200] pci 0000:fe:02.2: [8086:3442] type 00 class 0x088000
[    1.740317] pci 0000:fe:03.0: [8086:3440] type 00 class 0x088000
[    1.740410] pci 0000:fe:03.1: [8086:3441] type 00 class 0x088000
[    1.740496] pci 0000:fe:03.2: [8086:3442] type 00 class 0x088000
[    1.740588] pci 0000:fe:04.0: [8086:3440] type 00 class 0x088000
[    1.740717] pci 0000:fe:04.1: [8086:3441] type 00 class 0x088000
[    1.740844] pci 0000:fe:04.2: [8086:3442] type 00 class 0x088000
[    1.740969] pci 0000:fe:04.3: [8086:3443] type 00 class 0x088000
[    1.741101] pci 0000:fe:05.0: [8086:3445] type 00 class 0x088000
[    1.741226] pci 0000:fe:05.1: [8086:3446] type 00 class 0x088000
[    1.741347] pci 0000:fe:05.2: [8086:3447] type 00 class 0x088000
[    1.741468] pci 0000:fe:06.0: [8086:3445] type 00 class 0x088000
[    1.741561] pci 0000:fe:06.1: [8086:3446] type 00 class 0x088000
[    1.741650] pci 0000:fe:06.2: [8086:3447] type 00 class 0x088000
[    1.741745] pci 0000:fe:07.0: [8086:3445] type 00 class 0x088000
[    1.741877] pci 0000:fe:07.1: [8086:3446] type 00 class 0x088000
[    1.742010] pci 0000:fe:07.2: [8086:3447] type 00 class 0x088000
[    1.742137] pci 0000:fe:0b.0: [8086:3448] type 00 class 0x088000
[    1.742214] pci 0000:fe:0b.1: [8086:3448] type 00 class 0x088000
[    1.742289] pci 0000:fe:0b.2: [8086:344b] type 00 class 0x088000
[    1.742369] pci 0000:fe:0c.0: [8086:344a] type 00 class 0x110100
[    1.742471] pci 0000:fe:0d.0: [8086:344a] type 00 class 0x110100
[    1.742568] pci 0000:fe:0e.0: [8086:344a] type 00 class 0x110100
[    1.742722] pci 0000:fe:0f.0: [8086:344a] type 00 class 0x110100
[    1.742893] pci 0000:fe:1a.0: [8086:2880] type 00 class 0x110100
[    1.742992] pci 0000:fe:1b.0: [8086:2880] type 00 class 0x110100
[    1.743088] pci 0000:fe:1c.0: [8086:2880] type 00 class 0x110100
[    1.743247] pci 0000:fe:1d.0: [8086:2880] type 00 class 0x110100
[    1.743407] pci_bus 0000:fe: on NUMA node 1
[    1.743478] ACPI: PCI Root Bridge [UC17] (domain 0000 [bus ff])
[    1.743480] acpi PNP0A03:03: _OSC: OS supports [ExtendedConfig ASPM ClockPM Segments MSI HPX-Type3]
[    1.743555] acpi PNP0A03:03: PCIe AER handled by firmware
[    1.743644] acpi PNP0A03:03: _OSC: platform does not support [SHPCHotplug LTR]
[    1.743813] acpi PNP0A03:03: _OSC: OS now controls [PCIeHotplug PME PCIeCapability]
[    1.743813] acpi PNP0A03:03: FADT indicates ASPM is unsupported, using BIOS configuration
[    1.743956] PCI host bridge to bus 0000:ff
[    1.743957] pci_bus 0000:ff: root bus resource [bus ff]
[    1.743966] pci 0000:ff:00.0: [8086:344c] type 00 class 0x088000
[    1.744081] pci 0000:ff:00.1: [8086:344c] type 00 class 0x088000
[    1.744201] pci 0000:ff:00.2: [8086:344c] type 00 class 0x088000
[    1.744308] pci 0000:ff:00.3: [8086:344c] type 00 class 0x088000
[    1.744439] pci 0000:ff:00.4: [8086:344c] type 00 class 0x088000
[    1.744563] pci 0000:ff:00.5: [8086:344c] type 00 class 0x088000
[    1.744666] pci 0000:ff:00.6: [8086:344c] type 00 class 0x088000
[    1.744799] pci 0000:ff:00.7: [8086:344c] type 00 class 0x088000
[    1.744931] pci 0000:ff:01.0: [8086:344c] type 00 class 0x088000
[    1.745072] pci 0000:ff:01.1: [8086:344c] type 00 class 0x088000
[    1.745206] pci 0000:ff:01.2: [8086:344c] type 00 class 0x088000
[    1.745297] pci 0000:ff:01.3: [8086:344c] type 00 class 0x088000
[    1.745444] pci 0000:ff:01.4: [8086:344c] type 00 class 0x088000
[    1.745589] pci 0000:ff:01.5: [8086:344c] type 00 class 0x088000
[    1.745737] pci 0000:ff:01.6: [8086:344c] type 00 class 0x088000
[    1.745870] pci 0000:ff:01.7: [8086:344c] type 00 class 0x088000
[    1.746010] pci 0000:ff:02.0: [8086:344c] type 00 class 0x088000
[    1.746152] pci 0000:ff:02.1: [8086:344c] type 00 class 0x088000
[    1.746290] pci 0000:ff:02.2: [8086:344c] type 00 class 0x088000
[    1.746437] pci 0000:ff:02.3: [8086:344c] type 00 class 0x088000
[    1.746582] pci 0000:ff:02.4: [8086:344c] type 00 class 0x088000
[    1.746725] pci 0000:ff:02.5: [8086:344c] type 00 class 0x088000
[    1.746876] pci 0000:ff:02.6: [8086:344c] type 00 class 0x088000
[    1.747024] pci 0000:ff:02.7: [8086:344c] type 00 class 0x088000
[    1.747182] pci 0000:ff:03.0: [8086:344c] type 00 class 0x088000
[    1.747344] pci 0000:ff:03.1: [8086:344c] type 00 class 0x088000
[    1.747501] pci 0000:ff:03.2: [8086:344c] type 00 class 0x088000
[    1.747663] pci 0000:ff:03.3: [8086:344c] type 00 class 0x088000
[    1.747846] pci 0000:ff:0a.0: [8086:344d] type 00 class 0x088000
[    1.747960] pci 0000:ff:0a.1: [8086:344d] type 00 class 0x088000
[    1.748079] pci 0000:ff:0a.2: [8086:344d] type 00 class 0x088000
[    1.748186] pci 0000:ff:0a.3: [8086:344d] type 00 class 0x088000
[    1.748315] pci 0000:ff:0a.4: [8086:344d] type 00 class 0x088000
[    1.748439] pci 0000:ff:0a.5: [8086:344d] type 00 class 0x088000
[    1.748542] pci 0000:ff:0a.6: [8086:344d] type 00 class 0x088000
[    1.748674] pci 0000:ff:0a.7: [8086:344d] type 00 class 0x088000
[    1.748812] pci 0000:ff:0b.0: [8086:344d] type 00 class 0x088000
[    1.748954] pci 0000:ff:0b.1: [8086:344d] type 00 class 0x088000
[    1.749088] pci 0000:ff:0b.2: [8086:344d] type 00 class 0x088000
[    1.749178] pci 0000:ff:0b.3: [8086:344d] type 00 class 0x088000
[    1.749322] pci 0000:ff:0b.4: [8086:344d] type 00 class 0x088000
[    1.749466] pci 0000:ff:0b.5: [8086:344d] type 00 class 0x088000
[    1.749613] pci 0000:ff:0b.6: [8086:344d] type 00 class 0x088000
[    1.749747] pci 0000:ff:0b.7: [8086:344d] type 00 class 0x088000
[    1.749894] pci 0000:ff:0c.0: [8086:344d] type 00 class 0x088000
[    1.750037] pci 0000:ff:0c.1: [8086:344d] type 00 class 0x088000
[    1.750178] pci 0000:ff:0c.2: [8086:344d] type 00 class 0x088000
[    1.750324] pci 0000:ff:0c.3: [8086:344d] type 00 class 0x088000
[    1.750465] pci 0000:ff:0c.4: [8086:344d] type 00 class 0x088000
[    1.750610] pci 0000:ff:0c.5: [8086:344d] type 00 class 0x088000
[    1.750762] pci 0000:ff:0c.6: [8086:344d] type 00 class 0x088000
[    1.750910] pci 0000:ff:0c.7: [8086:344d] type 00 class 0x088000
[    1.751074] pci 0000:ff:0d.0: [8086:344d] type 00 class 0x088000
[    1.751236] pci 0000:ff:0d.1: [8086:344d] type 00 class 0x088000
[    1.751389] pci 0000:ff:0d.2: [8086:344d] type 00 class 0x088000
[    1.751554] pci 0000:ff:0d.3: [8086:344d] type 00 class 0x088000
[    1.751737] pci 0000:ff:1d.0: [8086:344f] type 00 class 0x088000
[    1.751858] pci 0000:ff:1d.1: [8086:3457] type 00 class 0x088000
[    1.751980] pci 0000:ff:1e.0: [8086:3458] type 00 class 0x088000
[    1.752060] pci 0000:ff:1e.1: [8086:3459] type 00 class 0x088000
[    1.752143] pci 0000:ff:1e.2: [8086:345a] type 00 class 0x088000
[    1.752221] pci 0000:ff:1e.3: [8086:345b] type 00 class 0x088000
[    1.752296] pci 0000:ff:1e.4: [8086:345c] type 00 class 0x088000
[    1.752374] pci 0000:ff:1e.5: [8086:345d] type 00 class 0x088000
[    1.752451] pci 0000:ff:1e.6: [8086:345e] type 00 class 0x088000
[    1.752527] pci 0000:ff:1e.7: [8086:345f] type 00 class 0x088000
[    1.752603] pci_bus 0000:ff: on NUMA node 1
[    1.754624] HMAT: Memory (0x0 length 0x80000000) Flags:0003 Processor Domain:0 Memory Domain:0
[    1.754624] HMAT: Memory (0x100000000 length 0xf80000000) Flags:0003 Processor Domain:0 Memory Domain:0
[    1.754624] HMAT: Memory (0x2080000000 length 0x7e00000000) Flags:0003 Processor Domain:0 Memory Domain:2
[    1.754624] HMAT: Memory (0x1080000000 length 0x1000000000) Flags:0003 Processor Domain:1 Memory Domain:1
[    1.754624] HMAT: Memory (0x9e80000000 length 0x7e00000000) Flags:0003 Processor Domain:1 Memory Domain:3
[    1.754624] HMAT: Locality: Flags:00 Type:Read Latency Initiator Domains:2 Target Domains:4 Base:100
[    1.754624]   Initiator-Target[0-0]:7600 nsec
[    1.754624]   Initiator-Target[0-1]:13560 nsec
[    1.754624]   Initiator-Target[0-2]:25350 nsec
[    1.754624]   Initiator-Target[0-3]:31600 nsec
[    1.754624]   Initiator-Target[1-0]:13560 nsec
[    1.754624]   Initiator-Target[1-1]:7600 nsec
[    1.754624]   Initiator-Target[1-2]:31600 nsec
[    1.754624]   Initiator-Target[1-3]:25350 nsec
[    1.754624] HMAT: Locality: Flags:00 Type:Write Latency Initiator Domains:2 Target Domains:4 Base:100
[    1.754624]   Initiator-Target[0-0]:7600 nsec
[    1.754624]   Initiator-Target[0-1]:13560 nsec
[    1.754624]   Initiator-Target[0-2]:25350 nsec
[    1.754624]   Initiator-Target[0-3]:31600 nsec
[    1.754624]   Initiator-Target[1-0]:13560 nsec
[    1.754624]   Initiator-Target[1-1]:7600 nsec
[    1.754624]   Initiator-Target[1-2]:31600 nsec
[    1.754624]   Initiator-Target[1-3]:25350 nsec
[    1.754624] HMAT: Locality: Flags:00 Type:Read Bandwidth Initiator Domains:2 Target Domains:4 Base:1
[    1.754624]   Initiator-Target[0-0]:1790 MB/s
[    1.754624]   Initiator-Target[0-1]:1790 MB/s
[    1.754624]   Initiator-Target[0-2]:463 MB/s
[    1.754624]   Initiator-Target[0-3]:463 MB/s
[    1.754624]   Initiator-Target[1-0]:1790 MB/s
[    1.754624]   Initiator-Target[1-1]:1790 MB/s
[    1.754624]   Initiator-Target[1-2]:463 MB/s
[    1.754624]   Initiator-Target[1-3]:463 MB/s
[    1.754624] HMAT: Locality: Flags:00 Type:Write Bandwidth Initiator Domains:2 Target Domains:4 Base:1
[    1.754624]   Initiator-Target[0-0]:1910 MB/s
[    1.754624]   Initiator-Target[0-1]:1910 MB/s
[    1.754624]   Initiator-Target[0-2]:138 MB/s
[    1.754624]   Initiator-Target[0-3]:138 MB/s
[    1.754624]   Initiator-Target[1-0]:1910 MB/s
[    1.754624]   Initiator-Target[1-1]:1910 MB/s
[    1.754624]   Initiator-Target[1-2]:138 MB/s
[    1.754624]   Initiator-Target[1-3]:138 MB/s
[    1.754624] WARNING: CPU: 62 PID: 1 at drivers/base/node.c:191 node_set_perf_attrs+0x90/0xb0
[    1.754624] Modules linked in:
[    1.754624] CPU: 62 PID: 1 Comm: swapper/0 Not tainted 5.3.1-multiclock #1
[    1.754624] Hardware name: Dell Inc. PowerEdge R750/0K8F35, BIOS 1.10.2 03/03/2023
[    1.754624] RIP: 0010:node_set_perf_attrs+0x90/0xb0
[    1.754624] Code: f4 02 00 00 4c 89 ea 4c 89 e7 e8 bb bf c7 ff 85 c0 75 24 48 83 c3 08 48 8b 33 48 85 f6 75 e5 5b 41 5a 41 5c 41 5d 41 5e 5d c3 <0f> 0b 5b 41 5a 41 5c 41 5d 41 5e 5d c3 44 89 f6 48 c7 c7 70 5b fa
[    1.754624] RSP: 0000:ffffbec40007bd80 EFLAGS: 00010246
[    1.754624] RAX: 0000000000000002 RBX: 0000000000000003 RCX: 0000000000000000
[    1.754624] RDX: 0000000000000000 RSI: ffff9b5a63d3e298 RDI: 0000000000000002
[    1.754624] RBP: ffffbec40007bda8 R08: ffff9b6ad7d64018 R09: 0000000000000000
[    1.754624] R10: ffff9b5a6a218028 R11: ffff9b5a6a474f10 R12: ffff9b5a63d3e280
[    1.754624] R13: ffffffffa86db310 R14: 0000000000000005 R15: ffffffffa8495806
[    1.754624] FS:  0000000000000000(0000) GS:ffff9b5a6afc0000(0000) knlGS:0000000000000000
[    1.754624] CS:  0010 DS: 0000 ES: 0000 CR0: 0000000080050033
[    1.754624] CR2: 0000000000000000 CR3: 000000203060a001 CR4: 0000000000760ee0
[    1.754624] DR0: 0000000000000000 DR1: 0000000000000000 DR2: 0000000000000000
[    1.754624] DR3: 0000000000000000 DR6: 00000000fffe0ff0 DR7: 0000000000000400
[    1.754624] PKRU: 55555554
[    1.754624] Call Trace:
[    1.754624]  hmat_init+0x32a/0x43c
[    1.754624]  ? hmat_parse_subtable+0x503/0x503
[    1.754624]  ? set_debug_rodata+0x17/0x17
[    1.754624]  do_one_initcall+0x4a/0x1fa
[    1.754624]  kernel_init_freeable+0x1c6/0x26d
[    1.754624]  ? rest_init+0xb0/0xb0
[    1.754624]  kernel_init+0xe/0x110
[    1.754624]  ret_from_fork+0x1f/0x40
[    1.754624] ---[ end trace 95b66b4fe6b993da ]---
[    1.754642] pci 0000:03:00.0: vgaarb: setting as boot VGA device
[    1.754642] pci 0000:03:00.0: vgaarb: VGA device added: decodes=io+mem,owns=io+mem,locks=none
[    1.754691] pci 0000:03:00.0: vgaarb: bridge control possible
[    1.754692] vgaarb: loaded
[    1.754898] SCSI subsystem initialized
[    1.755035] libata version 3.00 loaded.
[    1.755035] ACPI: bus type USB registered
[    1.755035] usbcore: registered new interface driver usbfs
[    1.755035] usbcore: registered new interface driver hub
[    1.755035] usbcore: registered new device driver usb
[    1.755035] pps_core: LinuxPPS API ver. 1 registered
[    1.755035] pps_core: Software ver. 5.3.6 - Copyright 2005-2007 Rodolfo Giometti <giometti@linux.it>
[    1.755035] PTP clock support registered
[    1.758790] EDAC MC: Ver: 3.0.0
[    1.759365] Registered efivars operations
[    1.759365] PCI: Using ACPI for IRQ routing
[    1.759970] PCI: pci_cache_line_size set to 64 bytes
[    1.760525] e820: reserve RAM buffer [mem 0x0008f000-0x0008ffff]
[    1.760526] e820: reserve RAM buffer [mem 0x47bcd020-0x47ffffff]
[    1.760527] e820: reserve RAM buffer [mem 0x47bff020-0x47ffffff]
[    1.760528] e820: reserve RAM buffer [mem 0x47c32020-0x47ffffff]
[    1.760529] e820: reserve RAM buffer [mem 0x47c65020-0x47ffffff]
[    1.760530] e820: reserve RAM buffer [mem 0x49e77000-0x4bffffff]
[    1.760530] e820: reserve RAM buffer [mem 0x4b2cf000-0x4bffffff]
[    1.760531] e820: reserve RAM buffer [mem 0x4bd94000-0x4bffffff]
[    1.760532] e820: reserve RAM buffer [mem 0x4ce00000-0x4fffffff]
[    1.760533] e820: reserve RAM buffer [mem 0x5eefe000-0x5fffffff]
[    1.760533] e820: reserve RAM buffer [mem 0x6f800000-0x6fffffff]
[    1.760828] NetLabel: Initializing
[    1.760828] NetLabel:  domain hash size = 128
[    1.760829] NetLabel:  protocols = UNLABELED CIPSOv4 CALIPSO
[    1.760845] NetLabel:  unlabeled traffic allowed by default
[    1.763960] hpet0: at MMIO 0xfed00000, IRQs 2, 8, 0, 0, 0, 0, 0, 0
[    1.763963] hpet0: 8 comparators, 64-bit 24.000000 MHz counter
[    1.767841] clocksource: Switched to clocksource tsc-early
[    1.777634] VFS: Disk quotas dquot_6.6.0
[    1.777677] VFS: Dquot-cache hash table entries: 512 (order 0, 4096 bytes)
[    1.777972] *** VALIDATE hugetlbfs ***
[    1.778110] AppArmor: AppArmor Filesystem Enabled
[    1.778130] pnp: PnP ACPI init
[    1.793619] pnp 00:00: Plug and Play ACPI device, IDs PNP0b00 (active)
[    1.793779] system 00:01: [io  0x0500-0x05fe] has been reserved
[    1.793780] system 00:01: [io  0x0400-0x041f] has been reserved
[    1.793781] system 00:01: [io  0x0600-0x061f] has been reserved
[    1.793782] system 00:01: [io  0x0ca0-0x0ca1] has been reserved
[    1.793783] system 00:01: [io  0x0ca4-0x0ca6] has been reserved
[    1.793785] system 00:01: [mem 0xff000000-0xffffffff] has been reserved
[    1.793787] system 00:01: Plug and Play ACPI device, IDs PNP0c02 (active)
[    1.794035] pnp 00:02: Plug and Play ACPI device, IDs PNP0501 (active)
[    1.794243] pnp 00:03: Plug and Play ACPI device, IDs PNP0501 (active)
[    1.794394] system 00:04: [mem 0xfd000000-0xfdabffff] has been reserved
[    1.794395] system 00:04: [mem 0xfdad0000-0xfdadffff] has been reserved
[    1.794396] system 00:04: [mem 0xfdb00000-0xfdffffff] has been reserved
[    1.794397] system 00:04: [mem 0xfe000000-0xfe00ffff] has been reserved
[    1.794398] system 00:04: [mem 0xfe011000-0xfe01ffff] has been reserved
[    1.794399] system 00:04: [mem 0xfe036000-0xfe03bfff] has been reserved
[    1.794400] system 00:04: [mem 0xfe03d000-0xfe3fffff] has been reserved
[    1.794401] system 00:04: [mem 0xfe410000-0xfe7fffff] has been reserved
[    1.794403] system 00:04: Plug and Play ACPI device, IDs PNP0c02 (active)
[    1.794726] system 00:05: [io  0x1000-0x10fe] has been reserved
[    1.794728] system 00:05: Plug and Play ACPI device, IDs PNP0c02 (active)
[    1.795724] pnp: PnP ACPI: found 6 devices
[    1.796811] thermal_sys: Registered thermal governor 'fair_share'
[    1.796812] thermal_sys: Registered thermal governor 'bang_bang'
[    1.796813] thermal_sys: Registered thermal governor 'step_wise'
[    1.796813] thermal_sys: Registered thermal governor 'user_space'
[    1.796814] thermal_sys: Registered thermal governor 'power_allocator'
[    1.801306] clocksource: acpi_pm: mask: 0xffffff max_cycles: 0xffffff, max_idle_ns: 2085701024 ns
[    1.801327] pci 0000:04:00.0: can't claim BAR 6 [mem 0xfffc0000-0xffffffff pref]: no compatible bridge window
[    1.801328] pci 0000:04:00.1: can't claim BAR 6 [mem 0xfffc0000-0xffffffff pref]: no compatible bridge window
[    1.801329] pci 0000:17:00.0: can't claim BAR 6 [mem 0xfff00000-0xffffffff pref]: no compatible bridge window
[    1.801345] pci 0000:00:1c.5: BAR 14: assigned [mem 0x90000000-0x900fffff]
[    1.801347] pci 0000:00:1c.0: PCI bridge to [bus 01]
[    1.801356] pci 0000:02:00.0: PCI bridge to [bus 03]
[    1.801361] pci 0000:02:00.0:   bridge window [mem 0x92000000-0x928fffff]
[    1.801364] pci 0000:02:00.0:   bridge window [mem 0x91000000-0x91ffffff 64bit pref]
[    1.801370] pci 0000:00:1c.4: PCI bridge to [bus 02-03]
[    1.801372] pci 0000:00:1c.4:   bridge window [mem 0x92000000-0x928fffff]
[    1.801375] pci 0000:00:1c.4:   bridge window [mem 0x91000000-0x91ffffff 64bit pref]
[    1.801380] pci 0000:04:00.0: BAR 6: assigned [mem 0x90000000-0x9003ffff pref]
[    1.801381] pci 0000:04:00.1: BAR 6: assigned [mem 0x90040000-0x9007ffff pref]
[    1.801382] pci 0000:00:1c.5: PCI bridge to [bus 04]
[    1.801385] pci 0000:00:1c.5:   bridge window [mem 0x90000000-0x900fffff]
[    1.801387] pci 0000:00:1c.5:   bridge window [mem 0x92900000-0x929fffff 64bit pref]
[    1.801392] pci_bus 0000:00: resource 4 [io  0x0000-0x0cf7 window]
[    1.801392] pci_bus 0000:00: resource 5 [io  0x1000-0x4fff window]
[    1.801393] pci_bus 0000:00: resource 6 [mem 0x000a0000-0x000bffff window]
[    1.801394] pci_bus 0000:00: resource 7 [mem 0x000c8000-0x000cffff window]
