2024年 05月 31日 星期五 00:15:49 CST
pgmigrate_success 9238
pgmigrate_fail 3
pgmigrate_dst_node_full_fail 27274
pgmigrate_numa_isolate_fail 2
pgmigrate_nomem_fail 1
pgmigrate_refcount_fail 0
thp_fault_alloc 0
thp_fault_fallback 0
thp_collapse_alloc 2
thp_collapse_alloc_failed 1
thp_file_alloc 0
thp_file_mapped 0
thp_split_page 0
thp_split_page_failed 0
thp_deferred_split_page 0
thp_split_pmd 0
thp_split_pud 0
thp_zero_page_alloc 0
thp_zero_page_alloc_failed 0
thp_swpout 0
thp_swpout_fallback 0
MemTotal:       1120946532 kB
MemFree:        1090433784 kB
MemAvailable:   1088079252 kB
Buffers:            7436 kB
Cached:           362548 kB
SwapCached:          188 kB
Active:           564912 kB
Inactive:         425688 kB
Active(anon):     414840 kB
Inactive(anon):   212876 kB
Active(file):     150072 kB
Inactive(file):   212812 kB
Unevictable:           0 kB
Mlocked:               0 kB
SwapTotal:       2097148 kB
SwapFree:        2096636 kB
Dirty:               696 kB
Writeback:             0 kB
AnonPages:        621608 kB
Mapped:           358412 kB
Shmem:              6152 kB
KReclaimable:     178868 kB
Slab:             547648 kB
SReclaimable:     178868 kB
SUnreclaim:       368780 kB
KernelStack:       33668 kB
PageTables:        29664 kB
NFS_Unstable:          0 kB
Bounce:                0 kB
WritebackTmp:          0 kB
CommitLimit:    562570412 kB
Committed_AS:    6722248 kB
VmallocTotal:   34359738367 kB
VmallocUsed:      161180 kB
VmallocChunk:          0 kB
Percpu:           126336 kB
HardwareCorrupted:     0 kB
AnonHugePages:      4096 kB
ShmemHugePages:        0 kB
ShmemPmdMapped:        0 kB
CmaTotal:              0 kB
CmaFree:               0 kB
HugePages_Total:       0
HugePages_Free:        0
HugePages_Rsvd:        0
HugePages_Surp:        0
Hugepagesize:       2048 kB
Hugetlb:               0 kB
DirectMap4k:      986600 kB
DirectMap2M:     8935424 kB
DirectMap1G:    1179648000 kB
2024年 05月 31日 星期五 01:38:18 CST
pgmigrate_success 12614
pgmigrate_fail 6
pgmigrate_dst_node_full_fail 27274
pgmigrate_numa_isolate_fail 2
pgmigrate_nomem_fail 1
pgmigrate_refcount_fail 31
thp_fault_alloc 17959
thp_fault_fallback 0
thp_collapse_alloc 1522
thp_collapse_alloc_failed 15
thp_file_alloc 0
thp_file_mapped 0
thp_split_page 0
thp_split_page_failed 0
thp_deferred_split_page 19466
thp_split_pmd 449
thp_split_pud 0
thp_zero_page_alloc 0
thp_zero_page_alloc_failed 0
thp_swpout 0
thp_swpout_fallback 0
MemTotal:       1120946532 kB
MemFree:        1087685332 kB
MemAvailable:   1086918436 kB
Buffers:           61936 kB
Cached:          2962528 kB
SwapCached:          212 kB
Active:          2975604 kB
Inactive:         676716 kB
Active(anon):     421356 kB
Inactive(anon):   212816 kB
Active(file):    2554248 kB
Inactive(file):   463900 kB
Unevictable:           0 kB
Mlocked:               0 kB
SwapTotal:       2097148 kB
SwapFree:        2096636 kB
Dirty:                 8 kB
Writeback:             0 kB
AnonPages:        628052 kB
Mapped:           358728 kB
Shmem:              6156 kB
KReclaimable:     192912 kB
Slab:             570136 kB
SReclaimable:     192912 kB
SUnreclaim:       377224 kB
KernelStack:       33600 kB
PageTables:        30012 kB
NFS_Unstable:          0 kB
Bounce:                0 kB
WritebackTmp:          0 kB
CommitLimit:    562570412 kB
Committed_AS:    6474004 kB
VmallocTotal:   34359738367 kB
VmallocUsed:      160956 kB
VmallocChunk:          0 kB
Percpu:           126336 kB
HardwareCorrupted:     0 kB
AnonHugePages:    143360 kB
ShmemHugePages:        0 kB
ShmemPmdMapped:        0 kB
CmaTotal:              0 kB
CmaFree:               0 kB
HugePages_Total:       0
HugePages_Free:        0
HugePages_Rsvd:        0
HugePages_Surp:        0
Hugepagesize:       2048 kB
Hugetlb:               0 kB
DirectMap4k:      986600 kB
DirectMap2M:     8935424 kB
DirectMap1G:    1179648000 kB
