[    0.000000] Linux version 5.3.1-multiclock (xmu@xmu-PowerEdge-R750) (gcc version 7.5.0 (Ubuntu 7.5.0-3ubuntu1~18.04)) #1 SMP Wed Aug 9 20:46:02 CST 2023
[    0.000000] Command line: BOOT_IMAGE=/boot/vmlinuz-5.3.1-multiclock root=UUID=ce0c24b8-724b-4f33-9b2c-618433560aef ro memmap=16173M!4096M memmap=59G!64G quiet splash nomodeset vt.handoff=1
[    0.000000] KERNEL supported cpus:
[    0.000000]   Intel GenuineIntel
[    0.000000]   AMD AuthenticAMD
[    0.000000]   Hygon HygonGenuine
[    0.000000]   Centaur CentaurHauls
[    0.000000]   zhaoxin   Shanghai  
[    0.000000] x86/fpu: Supporting XSAVE feature 0x001: 'x87 floating point registers'
[    0.000000] x86/fpu: Supporting XSAVE feature 0x002: 'SSE registers'
[    0.000000] x86/fpu: Supporting XSAVE feature 0x004: 'AVX registers'
[    0.000000] x86/fpu: Supporting XSAVE feature 0x020: 'AVX-512 opmask'
[    0.000000] x86/fpu: Supporting XSAVE feature 0x040: 'AVX-512 Hi256'
[    0.000000] x86/fpu: Supporting XSAVE feature 0x080: 'AVX-512 ZMM_Hi256'
[    0.000000] x86/fpu: Supporting XSAVE feature 0x200: 'Protection Keys User registers'
[    0.000000] x86/fpu: xstate_offset[2]:  576, xstate_sizes[2]:  256
[    0.000000] x86/fpu: xstate_offset[5]:  832, xstate_sizes[5]:   64
[    0.000000] x86/fpu: xstate_offset[6]:  896, xstate_sizes[6]:  512
[    0.000000] x86/fpu: xstate_offset[7]: 1408, xstate_sizes[7]: 1024
[    0.000000] x86/fpu: xstate_offset[9]: 2432, xstate_sizes[9]:    8
[    0.000000] x86/fpu: Enabled xstate features 0x2e7, context size is 2440 bytes, using 'compacted' format.
[    0.000000] BIOS-provided physical RAM map:
[    0.000000] BIOS-e820: [mem 0x0000000000000000-0x000000000008efff] usable
[    0.000000] BIOS-e820: [mem 0x000000000008f000-0x000000000008ffff] reserved
[    0.000000] BIOS-e820: [mem 0x0000000000090000-0x000000000009ffff] usable
[    0.000000] BIOS-e820: [mem 0x00000000000a0000-0x00000000000fffff] reserved
[    0.000000] BIOS-e820: [mem 0x0000000000100000-0x0000000049e76fff] usable
[    0.000000] BIOS-e820: [mem 0x0000000049e77000-0x000000004ae76fff] ACPI NVS
[    0.000000] BIOS-e820: [mem 0x000000004ae77000-0x000000004b2cefff] usable
[    0.000000] BIOS-e820: [mem 0x000000004b2cf000-0x000000004b54dfff] ACPI data
[    0.000000] BIOS-e820: [mem 0x000000004b54e000-0x000000004bd93fff] usable
[    0.000000] BIOS-e820: [mem 0x000000004bd94000-0x000000004be99fff] reserved
[    0.000000] BIOS-e820: [mem 0x000000004be9a000-0x000000004cdfffff] usable
[    0.000000] BIOS-e820: [mem 0x000000004ce00000-0x000000004cffffff] reserved
[    0.000000] BIOS-e820: [mem 0x000000004d000000-0x000000005eefdfff] usable
[    0.000000] BIOS-e820: [mem 0x000000005eefe000-0x000000006e3fefff] reserved
[    0.000000] BIOS-e820: [mem 0x000000006e3ff000-0x000000006f3fefff] ACPI NVS
[    0.000000] BIOS-e820: [mem 0x000000006f3ff000-0x000000006f7fefff] ACPI data
[    0.000000] BIOS-e820: [mem 0x000000006f7ff000-0x000000006f7fffff] usable
[    0.000000] BIOS-e820: [mem 0x000000006f800000-0x000000008fffffff] reserved
[    0.000000] BIOS-e820: [mem 0x00000000fe000000-0x00000000fe010fff] reserved
[    0.000000] BIOS-e820: [mem 0x0000000100000000-0x000000207fffffff] usable
[    0.000000] BIOS-e820: [mem 0x0000002080000000-0x0000011c7fffffff] persistent (type 7)
[    0.000000] BIOS-e820: [mem 0x00001ffc00000000-0x00001fffffffffff] reserved
[    0.000000] NX (Execute Disable) protection: active
[    0.000000] e820: update [mem 0x47c6d020-0x47c7505f] usable ==> usable
[    0.000000] e820: update [mem 0x47c6d020-0x47c7505f] usable ==> usable
[    0.000000] e820: update [mem 0x47c3a020-0x47c6cc5f] usable ==> usable
[    0.000000] e820: update [mem 0x47c3a020-0x47c6cc5f] usable ==> usable
[    0.000000] e820: update [mem 0x47c07020-0x47c39c5f] usable ==> usable
[    0.000000] e820: update [mem 0x47c07020-0x47c39c5f] usable ==> usable
[    0.000000] e820: update [mem 0x47bd5020-0x47c06a5f] usable ==> usable
[    0.000000] e820: update [mem 0x47bd5020-0x47c06a5f] usable ==> usable
[    0.000000] extended physical RAM map:
[    0.000000] reserve setup_data: [mem 0x0000000000000000-0x000000000008efff] usable
[    0.000000] reserve setup_data: [mem 0x000000000008f000-0x000000000008ffff] reserved
[    0.000000] reserve setup_data: [mem 0x0000000000090000-0x000000000009ffff] usable
[    0.000000] reserve setup_data: [mem 0x00000000000a0000-0x00000000000fffff] reserved
[    0.000000] reserve setup_data: [mem 0x0000000000100000-0x0000000047bd501f] usable
[    0.000000] reserve setup_data: [mem 0x0000000047bd5020-0x0000000047c06a5f] usable
[    0.000000] reserve setup_data: [mem 0x0000000047c06a60-0x0000000047c0701f] usable
[    0.000000] reserve setup_data: [mem 0x0000000047c07020-0x0000000047c39c5f] usable
[    0.000000] reserve setup_data: [mem 0x0000000047c39c60-0x0000000047c3a01f] usable
[    0.000000] reserve setup_data: [mem 0x0000000047c3a020-0x0000000047c6cc5f] usable
[    0.000000] reserve setup_data: [mem 0x0000000047c6cc60-0x0000000047c6d01f] usable
[    0.000000] reserve setup_data: [mem 0x0000000047c6d020-0x0000000047c7505f] usable
[    0.000000] reserve setup_data: [mem 0x0000000047c75060-0x0000000049e76fff] usable
[    0.000000] reserve setup_data: [mem 0x0000000049e77000-0x000000004ae76fff] ACPI NVS
[    0.000000] reserve setup_data: [mem 0x000000004ae77000-0x000000004b2cefff] usable
[    0.000000] reserve setup_data: [mem 0x000000004b2cf000-0x000000004b54dfff] ACPI data
[    0.000000] reserve setup_data: [mem 0x000000004b54e000-0x000000004bd93fff] usable
[    0.000000] reserve setup_data: [mem 0x000000004bd94000-0x000000004be99fff] reserved
[    0.000000] reserve setup_data: [mem 0x000000004be9a000-0x000000004cdfffff] usable
[    0.000000] reserve setup_data: [mem 0x000000004ce00000-0x000000004cffffff] reserved
[    0.000000] reserve setup_data: [mem 0x000000004d000000-0x000000005eefdfff] usable
[    0.000000] reserve setup_data: [mem 0x000000005eefe000-0x000000006e3fefff] reserved
[    0.000000] reserve setup_data: [mem 0x000000006e3ff000-0x000000006f3fefff] ACPI NVS
[    0.000000] reserve setup_data: [mem 0x000000006f3ff000-0x000000006f7fefff] ACPI data
[    0.000000] reserve setup_data: [mem 0x000000006f7ff000-0x000000006f7fffff] usable
[    0.000000] reserve setup_data: [mem 0x000000006f800000-0x000000008fffffff] reserved
[    0.000000] reserve setup_data: [mem 0x00000000fe000000-0x00000000fe010fff] reserved
[    0.000000] reserve setup_data: [mem 0x0000000100000000-0x00000004f2cfffff] persistent (type 12)
[    0.000000] reserve setup_data: [mem 0x00000004f2d00000-0x0000000fffffffff] usable
[    0.000000] reserve setup_data: [mem 0x0000001000000000-0x0000001ebfffffff] persistent (type 12)
[    0.000000] reserve setup_data: [mem 0x0000001ec0000000-0x000000207fffffff] usable
[    0.000000] reserve setup_data: [mem 0x0000002080000000-0x0000011c7fffffff] persistent (type 7)
[    0.000000] reserve setup_data: [mem 0x00001ffc00000000-0x00001fffffffffff] reserved
[    0.000000] user-defined physical RAM map:
[    0.000000] user: [mem 0x0000000000000000-0x000000000008efff] usable
[    0.000000] user: [mem 0x000000000008f000-0x000000000008ffff] reserved
[    0.000000] user: [mem 0x0000000000090000-0x000000000009ffff] usable
[    0.000000] user: [mem 0x00000000000a0000-0x00000000000fffff] reserved
[    0.000000] user: [mem 0x0000000000100000-0x0000000047bd501f] usable
[    0.000000] user: [mem 0x0000000047bd5020-0x0000000047c06a5f] usable
[    0.000000] user: [mem 0x0000000047c06a60-0x0000000047c0701f] usable
[    0.000000] user: [mem 0x0000000047c07020-0x0000000047c39c5f] usable
[    0.000000] user: [mem 0x0000000047c39c60-0x0000000047c3a01f] usable
[    0.000000] user: [mem 0x0000000047c3a020-0x0000000047c6cc5f] usable
[    0.000000] user: [mem 0x0000000047c6cc60-0x0000000047c6d01f] usable
[    0.000000] user: [mem 0x0000000047c6d020-0x0000000047c7505f] usable
[    0.000000] user: [mem 0x0000000047c75060-0x0000000049e76fff] usable
[    0.000000] user: [mem 0x0000000049e77000-0x000000004ae76fff] ACPI NVS
[    0.000000] user: [mem 0x000000004ae77000-0x000000004b2cefff] usable
[    0.000000] user: [mem 0x000000004b2cf000-0x000000004b54dfff] ACPI data
[    0.000000] user: [mem 0x000000004b54e000-0x000000004bd93fff] usable
[    0.000000] user: [mem 0x000000004bd94000-0x000000004be99fff] reserved
[    0.000000] user: [mem 0x000000004be9a000-0x000000004cdfffff] usable
[    0.000000] user: [mem 0x000000004ce00000-0x000000004cffffff] reserved
[    0.000000] user: [mem 0x000000004d000000-0x000000005eefdfff] usable
[    0.000000] user: [mem 0x000000005eefe000-0x000000006e3fefff] reserved
[    0.000000] user: [mem 0x000000006e3ff000-0x000000006f3fefff] ACPI NVS
[    0.000000] user: [mem 0x000000006f3ff000-0x000000006f7fefff] ACPI data
[    0.000000] user: [mem 0x000000006f7ff000-0x000000006f7fffff] usable
[    0.000000] user: [mem 0x000000006f800000-0x000000008fffffff] reserved
[    0.000000] user: [mem 0x00000000fe000000-0x00000000fe010fff] reserved
[    0.000000] user: [mem 0x0000000100000000-0x00000004f2cfffff] persistent (type 12)
[    0.000000] user: [mem 0x00000004f2d00000-0x0000000fffffffff] usable
[    0.000000] user: [mem 0x0000001000000000-0x0000001ebfffffff] persistent (type 12)
[    0.000000] user: [mem 0x0000001ec0000000-0x000000207fffffff] usable
[    0.000000] user: [mem 0x0000002080000000-0x0000011c7fffffff] persistent (type 7)
[    0.000000] user: [mem 0x00001ffc00000000-0x00001fffffffffff] reserved
[    0.000000] efi: EFI v2.70 by Dell Inc.
[    0.000000] efi:  ACPI=0x6f7fe000  ACPI 2.0=0x6f7fe014  MEMATTR=0x5a1f8020  SMBIOS=0x69526000  SMBIOS 3.0=0x69524000 
[    0.000000] SMBIOS 3.3.0 present.
[    0.000000] DMI: Dell Inc. PowerEdge R750/0K8F35, BIOS 1.10.2 03/03/2023
[    0.000000] tsc: Detected 2000.000 MHz processor
[    0.000009] e820: update [mem 0x00000000-0x00000fff] usable ==> reserved
[    0.000010] e820: remove [mem 0x000a0000-0x000fffff] usable
[    0.000018] last_pfn = 0x2080000 max_arch_pfn = 0x400000000
[    0.000021] MTRR default type: uncachable
[    0.000021] MTRR fixed ranges enabled:
[    0.000022]   00000-9FFFF write-back
[    0.000023]   A0000-BFFFF uncachable
[    0.000024]   C0000-FFFFF write-protect
[    0.000024] MTRR variable ranges enabled:
[    0.000025]   0 base 000000000000 mask 3E0000000000 write-back
[    0.000026]   1 base 000080000000 mask 3FFF80000000 uncachable
[    0.000027]   2 base 00007F000000 mask 3FFFFF000000 uncachable
[    0.000027]   3 disabled
[    0.000028]   4 disabled
[    0.000028]   5 disabled
[    0.000028]   6 disabled
[    0.000029]   7 disabled
[    0.000029]   8 disabled
[    0.000029]   9 disabled
[    0.000780] x86/PAT: Configuration [0-7]: WB  WC  UC- UC  WB  WP  UC- WT  
[    0.001831] total RAM covered: 2095088M
[    0.001916]  gran_size: 64K 	chunk_size: 64K 	num_reg: 10  	lose cover RAM: 2016G
[    0.001917]  gran_size: 64K 	chunk_size: 128K 	num_reg: 10  	lose cover RAM: 2016G
[    0.001918]  gran_size: 64K 	chunk_size: 256K 	num_reg: 10  	lose cover RAM: 2016G
[    0.001918]  gran_size: 64K 	chunk_size: 512K 	num_reg: 10  	lose cover RAM: 2016G
[    0.001919]  gran_size: 64K 	chunk_size: 1M 	num_reg: 10  	lose cover RAM: 2016G
[    0.001920]  gran_size: 64K 	chunk_size: 2M 	num_reg: 10  	lose cover RAM: 2016G
[    0.001920]  gran_size: 64K 	chunk_size: 4M 	num_reg: 10  	lose cover RAM: 2016G
[    0.001921]  gran_size: 64K 	chunk_size: 8M 	num_reg: 10  	lose cover RAM: 2016G
[    0.001922]  gran_size: 64K 	chunk_size: 16M 	num_reg: 10  	lose cover RAM: 2016G
[    0.001922]  gran_size: 64K 	chunk_size: 32M 	num_reg: 10  	lose cover RAM: 1024G
[    0.001923]  gran_size: 64K 	chunk_size: 64M 	num_reg: 10  	lose cover RAM: 1024G
[    0.001924]  gran_size: 64K 	chunk_size: 128M 	num_reg: 10  	lose cover RAM: 1024G
[    0.001924]  gran_size: 64K 	chunk_size: 256M 	num_reg: 10  	lose cover RAM: 1024G
[    0.001925]  gran_size: 64K 	chunk_size: 512M 	num_reg: 10  	lose cover RAM: 1024G
[    0.001926]  gran_size: 64K 	chunk_size: 1G 	num_reg: 10  	lose cover RAM: 1024G
[    0.001926]  gran_size: 64K 	chunk_size: 2G 	num_reg: 10  	lose cover RAM: 1024G
[    0.001927]  gran_size: 128K 	chunk_size: 128K 	num_reg: 10  	lose cover RAM: 2016G
[    0.001928]  gran_size: 128K 	chunk_size: 256K 	num_reg: 10  	lose cover RAM: 2016G
[    0.001928]  gran_size: 128K 	chunk_size: 512K 	num_reg: 10  	lose cover RAM: 2016G
[    0.001929]  gran_size: 128K 	chunk_size: 1M 	num_reg: 10  	lose cover RAM: 2016G
[    0.001930]  gran_size: 128K 	chunk_size: 2M 	num_reg: 10  	lose cover RAM: 2016G
[    0.001930]  gran_size: 128K 	chunk_size: 4M 	num_reg: 10  	lose cover RAM: 2016G
[    0.001931]  gran_size: 128K 	chunk_size: 8M 	num_reg: 10  	lose cover RAM: 2016G
[    0.001932]  gran_size: 128K 	chunk_size: 16M 	num_reg: 10  	lose cover RAM: 2016G
[    0.001932]  gran_size: 128K 	chunk_size: 32M 	num_reg: 10  	lose cover RAM: 1024G
[    0.001933]  gran_size: 128K 	chunk_size: 64M 	num_reg: 10  	lose cover RAM: 1024G
[    0.001934]  gran_size: 128K 	chunk_size: 128M 	num_reg: 10  	lose cover RAM: 1024G
[    0.001934]  gran_size: 128K 	chunk_size: 256M 	num_reg: 10  	lose cover RAM: 1024G
[    0.001935]  gran_size: 128K 	chunk_size: 512M 	num_reg: 10  	lose cover RAM: 1024G
[    0.001936]  gran_size: 128K 	chunk_size: 1G 	num_reg: 10  	lose cover RAM: 1024G
[    0.001936]  gran_size: 128K 	chunk_size: 2G 	num_reg: 10  	lose cover RAM: 1024G
[    0.001937]  gran_size: 256K 	chunk_size: 256K 	num_reg: 10  	lose cover RAM: 2016G
[    0.001938]  gran_size: 256K 	chunk_size: 512K 	num_reg: 10  	lose cover RAM: 2016G
[    0.001938]  gran_size: 256K 	chunk_size: 1M 	num_reg: 10  	lose cover RAM: 2016G
[    0.001939]  gran_size: 256K 	chunk_size: 2M 	num_reg: 10  	lose cover RAM: 2016G
[    0.001940]  gran_size: 256K 	chunk_size: 4M 	num_reg: 10  	lose cover RAM: 2016G
[    0.001940]  gran_size: 256K 	chunk_size: 8M 	num_reg: 10  	lose cover RAM: 2016G
[    0.001941]  gran_size: 256K 	chunk_size: 16M 	num_reg: 10  	lose cover RAM: 2016G
[    0.001942]  gran_size: 256K 	chunk_size: 32M 	num_reg: 10  	lose cover RAM: 1024G
[    0.001943]  gran_size: 256K 	chunk_size: 64M 	num_reg: 10  	lose cover RAM: 1024G
[    0.001943]  gran_size: 256K 	chunk_size: 128M 	num_reg: 10  	lose cover RAM: 1024G
[    0.001944]  gran_size: 256K 	chunk_size: 256M 	num_reg: 10  	lose cover RAM: 1024G
[    0.001945]  gran_size: 256K 	chunk_size: 512M 	num_reg: 10  	lose cover RAM: 1024G
[    0.001945]  gran_size: 256K 	chunk_size: 1G 	num_reg: 10  	lose cover RAM: 1024G
[    0.001946]  gran_size: 256K 	chunk_size: 2G 	num_reg: 10  	lose cover RAM: 1024G
[    0.001947]  gran_size: 512K 	chunk_size: 512K 	num_reg: 10  	lose cover RAM: 2016G
[    0.001947]  gran_size: 512K 	chunk_size: 1M 	num_reg: 10  	lose cover RAM: 2016G
[    0.001948]  gran_size: 512K 	chunk_size: 2M 	num_reg: 10  	lose cover RAM: 2016G
[    0.001949]  gran_size: 512K 	chunk_size: 4M 	num_reg: 10  	lose cover RAM: 2016G
[    0.001949]  gran_size: 512K 	chunk_size: 8M 	num_reg: 10  	lose cover RAM: 2016G
[    0.001950]  gran_size: 512K 	chunk_size: 16M 	num_reg: 10  	lose cover RAM: 2016G
[    0.001951]  gran_size: 512K 	chunk_size: 32M 	num_reg: 10  	lose cover RAM: 1024G
[    0.001951]  gran_size: 512K 	chunk_size: 64M 	num_reg: 10  	lose cover RAM: 1024G
[    0.001952]  gran_size: 512K 	chunk_size: 128M 	num_reg: 10  	lose cover RAM: 1024G
[    0.001953]  gran_size: 512K 	chunk_size: 256M 	num_reg: 10  	lose cover RAM: 1024G
[    0.001953]  gran_size: 512K 	chunk_size: 512M 	num_reg: 10  	lose cover RAM: 1024G
[    0.001954]  gran_size: 512K 	chunk_size: 1G 	num_reg: 10  	lose cover RAM: 1024G
[    0.001955]  gran_size: 512K 	chunk_size: 2G 	num_reg: 10  	lose cover RAM: 1024G
[    0.001955]  gran_size: 1M 	chunk_size: 1M 	num_reg: 10  	lose cover RAM: 2016G
[    0.001956]  gran_size: 1M 	chunk_size: 2M 	num_reg: 10  	lose cover RAM: 2016G
[    0.001957]  gran_size: 1M 	chunk_size: 4M 	num_reg: 10  	lose cover RAM: 2016G
[    0.001957]  gran_size: 1M 	chunk_size: 8M 	num_reg: 10  	lose cover RAM: 2016G
[    0.001958]  gran_size: 1M 	chunk_size: 16M 	num_reg: 10  	lose cover RAM: 2016G
[    0.001959]  gran_size: 1M 	chunk_size: 32M 	num_reg: 10  	lose cover RAM: 1024G
[    0.001959]  gran_size: 1M 	chunk_size: 64M 	num_reg: 10  	lose cover RAM: 1024G
[    0.001960]  gran_size: 1M 	chunk_size: 128M 	num_reg: 10  	lose cover RAM: 1024G
[    0.001961]  gran_size: 1M 	chunk_size: 256M 	num_reg: 10  	lose cover RAM: 1024G
[    0.001961]  gran_size: 1M 	chunk_size: 512M 	num_reg: 10  	lose cover RAM: 1024G
[    0.001962]  gran_size: 1M 	chunk_size: 1G 	num_reg: 10  	lose cover RAM: 1024G
[    0.001963]  gran_size: 1M 	chunk_size: 2G 	num_reg: 10  	lose cover RAM: 1024G
[    0.001963]  gran_size: 2M 	chunk_size: 2M 	num_reg: 10  	lose cover RAM: 2016G
[    0.001964]  gran_size: 2M 	chunk_size: 4M 	num_reg: 10  	lose cover RAM: 2016G
[    0.001965]  gran_size: 2M 	chunk_size: 8M 	num_reg: 10  	lose cover RAM: 2016G
[    0.001965]  gran_size: 2M 	chunk_size: 16M 	num_reg: 10  	lose cover RAM: 2016G
[    0.001966]  gran_size: 2M 	chunk_size: 32M 	num_reg: 10  	lose cover RAM: 1024G
[    0.001967]  gran_size: 2M 	chunk_size: 64M 	num_reg: 10  	lose cover RAM: 1024G
[    0.001967]  gran_size: 2M 	chunk_size: 128M 	num_reg: 10  	lose cover RAM: 1024G
[    0.001968]  gran_size: 2M 	chunk_size: 256M 	num_reg: 10  	lose cover RAM: 1024G
[    0.001969]  gran_size: 2M 	chunk_size: 512M 	num_reg: 10  	lose cover RAM: 1024G
[    0.001969]  gran_size: 2M 	chunk_size: 1G 	num_reg: 10  	lose cover RAM: 1024G
[    0.001970]  gran_size: 2M 	chunk_size: 2G 	num_reg: 10  	lose cover RAM: 1024G
[    0.001971]  gran_size: 4M 	chunk_size: 4M 	num_reg: 10  	lose cover RAM: 2016G
[    0.001971]  gran_size: 4M 	chunk_size: 8M 	num_reg: 10  	lose cover RAM: 2016G
[    0.001972]  gran_size: 4M 	chunk_size: 16M 	num_reg: 10  	lose cover RAM: 2016G
[    0.001973]  gran_size: 4M 	chunk_size: 32M 	num_reg: 10  	lose cover RAM: 1024G
[    0.001973]  gran_size: 4M 	chunk_size: 64M 	num_reg: 10  	lose cover RAM: 1024G
[    0.001974]  gran_size: 4M 	chunk_size: 128M 	num_reg: 10  	lose cover RAM: 1024G
[    0.001975]  gran_size: 4M 	chunk_size: 256M 	num_reg: 10  	lose cover RAM: 1024G
[    0.001975]  gran_size: 4M 	chunk_size: 512M 	num_reg: 10  	lose cover RAM: 1024G
[    0.001976]  gran_size: 4M 	chunk_size: 1G 	num_reg: 10  	lose cover RAM: 1024G
[    0.001977]  gran_size: 4M 	chunk_size: 2G 	num_reg: 10  	lose cover RAM: 1024G
[    0.001978]  gran_size: 8M 	chunk_size: 8M 	num_reg: 10  	lose cover RAM: 2016G
[    0.001978]  gran_size: 8M 	chunk_size: 16M 	num_reg: 10  	lose cover RAM: 2016G
[    0.001979]  gran_size: 8M 	chunk_size: 32M 	num_reg: 10  	lose cover RAM: 1024G
[    0.001980]  gran_size: 8M 	chunk_size: 64M 	num_reg: 10  	lose cover RAM: 1024G
[    0.001980]  gran_size: 8M 	chunk_size: 128M 	num_reg: 10  	lose cover RAM: 1024G
[    0.001981]  gran_size: 8M 	chunk_size: 256M 	num_reg: 10  	lose cover RAM: 1024G
[    0.001982]  gran_size: 8M 	chunk_size: 512M 	num_reg: 10  	lose cover RAM: 1024G
[    0.001982]  gran_size: 8M 	chunk_size: 1G 	num_reg: 10  	lose cover RAM: 1024G
[    0.001983]  gran_size: 8M 	chunk_size: 2G 	num_reg: 10  	lose cover RAM: 1024G
[    0.001984]  gran_size: 16M 	chunk_size: 16M 	num_reg: 10  	lose cover RAM: 2016G
[    0.001984]  gran_size: 16M 	chunk_size: 32M 	num_reg: 10  	lose cover RAM: 1024G
[    0.001985]  gran_size: 16M 	chunk_size: 64M 	num_reg: 10  	lose cover RAM: 1024G
[    0.001986]  gran_size: 16M 	chunk_size: 128M 	num_reg: 10  	lose cover RAM: 1024G
[    0.001986]  gran_size: 16M 	chunk_size: 256M 	num_reg: 10  	lose cover RAM: 1024G
[    0.001987]  gran_size: 16M 	chunk_size: 512M 	num_reg: 10  	lose cover RAM: 1024G
[    0.001988]  gran_size: 16M 	chunk_size: 1G 	num_reg: 10  	lose cover RAM: 1024G
[    0.001988]  gran_size: 16M 	chunk_size: 2G 	num_reg: 10  	lose cover RAM: 1024G
[    0.001989]  gran_size: 32M 	chunk_size: 32M 	num_reg: 10  	lose cover RAM: 2031632M
[    0.001990]  gran_size: 32M 	chunk_size: 64M 	num_reg: 10  	lose cover RAM: 1048592M
[    0.001990]  gran_size: 32M 	chunk_size: 128M 	num_reg: 10  	lose cover RAM: 1048592M
[    0.001991]  gran_size: 32M 	chunk_size: 256M 	num_reg: 10  	lose cover RAM: 1048592M
[    0.001992]  gran_size: 32M 	chunk_size: 512M 	num_reg: 10  	lose cover RAM: 1048592M
[    0.001992]  gran_size: 32M 	chunk_size: 1G 	num_reg: 10  	lose cover RAM: 1048592M
[    0.001993]  gran_size: 32M 	chunk_size: 2G 	num_reg: 10  	lose cover RAM: 1048592M
[    0.001994]  gran_size: 64M 	chunk_size: 64M 	num_reg: 10  	lose cover RAM: 1966128M
[    0.001994]  gran_size: 64M 	chunk_size: 128M 	num_reg: 10  	lose cover RAM: 1048624M
[    0.001995]  gran_size: 64M 	chunk_size: 256M 	num_reg: 10  	lose cover RAM: 1048624M
[    0.001996]  gran_size: 64M 	chunk_size: 512M 	num_reg: 10  	lose cover RAM: 1048624M
[    0.001996]  gran_size: 64M 	chunk_size: 1G 	num_reg: 10  	lose cover RAM: 1048624M
[    0.001997]  gran_size: 64M 	chunk_size: 2G 	num_reg: 10  	lose cover RAM: 1048624M
[    0.001998]  gran_size: 128M 	chunk_size: 128M 	num_reg: 10  	lose cover RAM: 1835120M
[    0.001998]  gran_size: 128M 	chunk_size: 256M 	num_reg: 10  	lose cover RAM: 1048688M
[    0.001999]  gran_size: 128M 	chunk_size: 512M 	num_reg: 10  	lose cover RAM: 1048688M
[    0.002000]  gran_size: 128M 	chunk_size: 1G 	num_reg: 10  	lose cover RAM: 1048688M
[    0.002000]  gran_size: 128M 	chunk_size: 2G 	num_reg: 10  	lose cover RAM: 1048688M
[    0.002001]  gran_size: 256M 	chunk_size: 256M 	num_reg: 10  	lose cover RAM: 1573104M
[    0.002002]  gran_size: 256M 	chunk_size: 512M 	num_reg: 10  	lose cover RAM: 1048816M
[    0.002002]  gran_size: 256M 	chunk_size: 1G 	num_reg: 10  	lose cover RAM: 1048816M
[    0.002003]  gran_size: 256M 	chunk_size: 2G 	num_reg: 10  	lose cover RAM: 1048816M
[    0.002004]  gran_size: 512M 	chunk_size: 512M 	num_reg: 10  	lose cover RAM: 1049072M
[    0.002005]  gran_size: 512M 	chunk_size: 1G 	num_reg: 10  	lose cover RAM: 1049072M
[    0.002005]  gran_size: 512M 	chunk_size: 2G 	num_reg: 10  	lose cover RAM: 1049072M
[    0.002006]  gran_size: 1G 	chunk_size: 1G 	num_reg: 10  	lose cover RAM: 1008M
[    0.002007]  gran_size: 1G 	chunk_size: 2G 	num_reg: 10  	lose cover RAM: 1008M
[    0.002007]  gran_size: 2G 	chunk_size: 2G 	num_reg: 9  	lose cover RAM: 2032M
[    0.002008] mtrr_cleanup: can not find optimal value
[    0.002008] please specify mtrr_gran_size/mtrr_chunk_size
[    0.002011] e820: update [mem 0x7f000000-0xffffffff] usable ==> reserved
[    0.002013] x2apic: enabled by BIOS, switching to x2apic ops
[    0.002014] last_pfn = 0x6f800 max_arch_pfn = 0x400000000
[    0.013419] check: Scanning 1 areas for low memory corruption
[    0.013423] Using GB pages for direct mapping
[    0.013425] BRK [0x766001000, 0x766001fff] PGTABLE
[    0.013426] BRK [0x766002000, 0x766002fff] PGTABLE
[    0.013427] BRK [0x766003000, 0x766003fff] PGTABLE
[    0.013458] BRK [0x766004000, 0x766004fff] PGTABLE
[    0.013505] BRK [0x766005000, 0x766005fff] PGTABLE
[    0.013556] BRK [0x766006000, 0x766006fff] PGTABLE
[    0.013653] BRK [0x766007000, 0x766007fff] PGTABLE
[    0.013752] BRK [0x766008000, 0x766008fff] PGTABLE
[    0.013838] BRK [0x766009000, 0x766009fff] PGTABLE
[    0.013934] BRK [0x76600a000, 0x76600afff] PGTABLE
[    0.014000] BRK [0x76600b000, 0x76600bfff] PGTABLE
[    0.014142] BRK [0x76600c000, 0x76600cfff] PGTABLE
[    0.014298] Secure boot disabled
[    0.014298] RAMDISK: [mem 0x2065920000-0x207fffffff]
[    0.014305] ACPI: Early table checksum verification disabled
[    0.014307] ACPI: RSDP 0x000000006F7FE014 000024 (v02 DELL  )
[    0.014309] ACPI: XSDT 0x000000006F41C188 0000F4 (v01 DELL   PE_SC3   00000000 DELL 01000013)
[    0.014314] ACPI: FACP 0x000000006F430000 000114 (v06 DELL   PE_SC3   00000000 DELL 00000001)
[    0.014318] ACPI: DSDT 0x000000004B4CE000 07FAD3 (v02 DELL   PE_SC3   00000003 DELL 00000001)
[    0.014321] ACPI: FACS 0x000000006F2F2000 000040
[    0.014324] ACPI: SSDT 0x000000006F7FB000 00159A (v02 INTEL  RAS_ACPI 00000001 INTL 20210331)
[    0.014326] ACPI: SSDT 0x000000006F7FA000 000745 (v02 INTEL  ADDRXLAT 00000001 INTL 20210331)
[    0.014329] ACPI: MCEJ 0x000000006F7F9000 000130 (v01 INTEL           00000001 INTL 0100000D)
[    0.014332] ACPI: BERT 0x000000006F7F8000 000030 (v01 DELL   PE_SC3   00000001 INTL 00000001)
[    0.014334] ACPI: ERST 0x000000006F7F7000 000230 (v01 DELL   PE_SC3   00000001 INTL 00000001)
[    0.014337] ACPI: SSDT 0x000000006F431000 3C524E (v02 INTEL  SSDTNVDR 00001000 INTL 20210331)
[    0.014340] ACPI: HMAT 0x000000006F42F000 000210 (v01 DELL   PE_SC3   00000001 DELL 00000001)
[    0.014342] ACPI: HPET 0x000000006F42E000 000038 (v01 DELL   PE_SC3   00000001 DELL 00000001)
[    0.014345] ACPI: MCFG 0x000000006F42D000 00003C (v01 DELL   PE_SC3   00000001 DELL 00000001)
[    0.014347] ACPI: MIGT 0x000000006F42C000 000040 (v01 DELL   PE_SC3   00000000 DELL 00000001)
[    0.014350] ACPI: MSCT 0x000000006F42B000 000090 (v01 DELL   PE_SC3   00000001 DELL 00000001)
[    0.014352] ACPI: PMTT 0x000000006F429000 0011E8 (v02 DELL   PE_SC3   00000001 DELL 00000001)
[    0.014355] ACPI: WSMT 0x000000006F428000 000028 (v01 DELL   PE_SC3   00000000 DELL 00000001)
[    0.014357] ACPI: APIC 0x000000006F427000 00075E (v04 DELL   PE_SC3   00000000 DELL 00000001)
[    0.014360] ACPI: SLIT 0x000000006F426000 00003C (v01 DELL   PE_SC3   00000001 DELL 01000013)
[    0.014362] ACPI: SRAT 0x000000006F41F000 006430 (v03 DELL   PE_SC3   00000002 DELL 01000013)
[    0.014365] ACPI: OEM4 0x000000004B346000 187A61 (v02 INTEL  CPU  CST 00003000 INTL 20210331)
[    0.014367] ACPI: SSDT 0x000000004B2CF000 0764A5 (v02 INTEL  SSDT  PM 00004000 INTL 20210331)
[    0.014370] ACPI: SSDT 0x000000006F41E000 000A1F (v02 DELL   PE_SC3   00000000 DELL 00000001)
[    0.014373] ACPI: HEST 0x000000006F41D000 00017C (v01 DELL   PE_SC3   00000001 INTL 00000001)
[    0.014375] ACPI: PCAT 0x000000006F41B000 00010C (v19 DELL   PE_SC3   00000002 DELL 00000001)
[    0.014378] ACPI: SSDT 0x000000006F413000 007299 (v02 INTEL  SpsNm    00000002 INTL 20210331)
[    0.014380] ACPI: SSDT 0x000000006F412000 000426 (v02 DELL   PE_SC3   00000002 DELL 00000001)
[    0.014383] ACPI: NFIT 0x000000006F7FD000 000488 (v01 DELL   PE_SC3   00000002 DELL 00000001)
[    0.014385] ACPI: DMAR 0x000000006F411000 000158 (v01 DELL   PE_SC3   00000001 DELL 00000001)
[    0.014392] ACPI: Local APIC address 0xfee00000
[    0.014394] Setting APIC routing to cluster x2apic.
[    0.014439] SRAT: PXM 0 -> APIC 0x0000 -> Node 0
[    0.014440] SRAT: PXM 0 -> APIC 0x0001 -> Node 0
[    0.014440] SRAT: PXM 0 -> APIC 0x0002 -> Node 0
[    0.014441] SRAT: PXM 0 -> APIC 0x0003 -> Node 0
[    0.014441] SRAT: PXM 0 -> APIC 0x0004 -> Node 0
[    0.014441] SRAT: PXM 0 -> APIC 0x0005 -> Node 0
[    0.014442] SRAT: PXM 0 -> APIC 0x0006 -> Node 0
[    0.014442] SRAT: PXM 0 -> APIC 0x0007 -> Node 0
[    0.014443] SRAT: PXM 0 -> APIC 0x0008 -> Node 0
[    0.014443] SRAT: PXM 0 -> APIC 0x0009 -> Node 0
[    0.014443] SRAT: PXM 0 -> APIC 0x000a -> Node 0
[    0.014444] SRAT: PXM 0 -> APIC 0x000b -> Node 0
[    0.014444] SRAT: PXM 0 -> APIC 0x000c -> Node 0
[    0.014445] SRAT: PXM 0 -> APIC 0x000d -> Node 0
[    0.014445] SRAT: PXM 0 -> APIC 0x000e -> Node 0
[    0.014446] SRAT: PXM 0 -> APIC 0x000f -> Node 0
[    0.014446] SRAT: PXM 0 -> APIC 0x0010 -> Node 0
[    0.014446] SRAT: PXM 0 -> APIC 0x0011 -> Node 0
[    0.014447] SRAT: PXM 0 -> APIC 0x0012 -> Node 0
[    0.014447] SRAT: PXM 0 -> APIC 0x0013 -> Node 0
[    0.014448] SRAT: PXM 0 -> APIC 0x0014 -> Node 0
[    0.014448] SRAT: PXM 0 -> APIC 0x0015 -> Node 0
[    0.014449] SRAT: PXM 0 -> APIC 0x0016 -> Node 0
[    0.014449] SRAT: PXM 0 -> APIC 0x0017 -> Node 0
[    0.014449] SRAT: PXM 0 -> APIC 0x0018 -> Node 0
[    0.014450] SRAT: PXM 0 -> APIC 0x0019 -> Node 0
[    0.014450] SRAT: PXM 0 -> APIC 0x001a -> Node 0
[    0.014451] SRAT: PXM 0 -> APIC 0x001b -> Node 0
[    0.014451] SRAT: PXM 0 -> APIC 0x001c -> Node 0
[    0.014451] SRAT: PXM 0 -> APIC 0x001d -> Node 0
[    0.014452] SRAT: PXM 0 -> APIC 0x001e -> Node 0
[    0.014452] SRAT: PXM 0 -> APIC 0x001f -> Node 0
[    0.014453] SRAT: PXM 0 -> APIC 0x0020 -> Node 0
[    0.014453] SRAT: PXM 0 -> APIC 0x0021 -> Node 0
[    0.014453] SRAT: PXM 0 -> APIC 0x0022 -> Node 0
[    0.014454] SRAT: PXM 0 -> APIC 0x0023 -> Node 0
[    0.014454] SRAT: PXM 0 -> APIC 0x0024 -> Node 0
[    0.014455] SRAT: PXM 0 -> APIC 0x0025 -> Node 0
[    0.014455] SRAT: PXM 0 -> APIC 0x0026 -> Node 0
[    0.014455] SRAT: PXM 0 -> APIC 0x0027 -> Node 0
[    0.014456] SRAT: PXM 0 -> APIC 0x0028 -> Node 0
[    0.014456] SRAT: PXM 0 -> APIC 0x0029 -> Node 0
[    0.014457] SRAT: PXM 0 -> APIC 0x002a -> Node 0
[    0.014457] SRAT: PXM 0 -> APIC 0x002b -> Node 0
[    0.014457] SRAT: PXM 0 -> APIC 0x002c -> Node 0
[    0.014458] SRAT: PXM 0 -> APIC 0x002d -> Node 0
[    0.014458] SRAT: PXM 0 -> APIC 0x002e -> Node 0
[    0.014459] SRAT: PXM 0 -> APIC 0x002f -> Node 0
[    0.014459] SRAT: PXM 0 -> APIC 0x0030 -> Node 0
[    0.014460] SRAT: PXM 0 -> APIC 0x0031 -> Node 0
[    0.014460] SRAT: PXM 0 -> APIC 0x0032 -> Node 0
[    0.014460] SRAT: PXM 0 -> APIC 0x0033 -> Node 0
[    0.014461] SRAT: PXM 0 -> APIC 0x0034 -> Node 0
[    0.014461] SRAT: PXM 0 -> APIC 0x0035 -> Node 0
[    0.014462] SRAT: PXM 0 -> APIC 0x0036 -> Node 0
[    0.014462] SRAT: PXM 0 -> APIC 0x0037 -> Node 0
[    0.014463] SRAT: PXM 1 -> APIC 0x0080 -> Node 1
[    0.014463] SRAT: PXM 1 -> APIC 0x0081 -> Node 1
[    0.014463] SRAT: PXM 1 -> APIC 0x0082 -> Node 1
[    0.014464] SRAT: PXM 1 -> APIC 0x0083 -> Node 1
[    0.014464] SRAT: PXM 1 -> APIC 0x0084 -> Node 1
[    0.014465] SRAT: PXM 1 -> APIC 0x0085 -> Node 1
[    0.014465] SRAT: PXM 1 -> APIC 0x0086 -> Node 1
[    0.014465] SRAT: PXM 1 -> APIC 0x0087 -> Node 1
[    0.014466] SRAT: PXM 1 -> APIC 0x0088 -> Node 1
[    0.014466] SRAT: PXM 1 -> APIC 0x0089 -> Node 1
[    0.014467] SRAT: PXM 1 -> APIC 0x008a -> Node 1
[    0.014467] SRAT: PXM 1 -> APIC 0x008b -> Node 1
[    0.014467] SRAT: PXM 1 -> APIC 0x008c -> Node 1
[    0.014468] SRAT: PXM 1 -> APIC 0x008d -> Node 1
[    0.014468] SRAT: PXM 1 -> APIC 0x008e -> Node 1
[    0.014469] SRAT: PXM 1 -> APIC 0x008f -> Node 1
[    0.014469] SRAT: PXM 1 -> APIC 0x0090 -> Node 1
[    0.014469] SRAT: PXM 1 -> APIC 0x0091 -> Node 1
[    0.014470] SRAT: PXM 1 -> APIC 0x0092 -> Node 1
[    0.014470] SRAT: PXM 1 -> APIC 0x0093 -> Node 1
[    0.014471] SRAT: PXM 1 -> APIC 0x0094 -> Node 1
[    0.014471] SRAT: PXM 1 -> APIC 0x0095 -> Node 1
[    0.014472] SRAT: PXM 1 -> APIC 0x0096 -> Node 1
[    0.014472] SRAT: PXM 1 -> APIC 0x0097 -> Node 1
[    0.014472] SRAT: PXM 1 -> APIC 0x0098 -> Node 1
[    0.014473] SRAT: PXM 1 -> APIC 0x0099 -> Node 1
[    0.014473] SRAT: PXM 1 -> APIC 0x009a -> Node 1
[    0.014474] SRAT: PXM 1 -> APIC 0x009b -> Node 1
[    0.014474] SRAT: PXM 1 -> APIC 0x009c -> Node 1
[    0.014474] SRAT: PXM 1 -> APIC 0x009d -> Node 1
[    0.014475] SRAT: PXM 1 -> APIC 0x009e -> Node 1
[    0.014475] SRAT: PXM 1 -> APIC 0x009f -> Node 1
[    0.014476] SRAT: PXM 1 -> APIC 0x00a0 -> Node 1
[    0.014476] SRAT: PXM 1 -> APIC 0x00a1 -> Node 1
[    0.014476] SRAT: PXM 1 -> APIC 0x00a2 -> Node 1
[    0.014477] SRAT: PXM 1 -> APIC 0x00a3 -> Node 1
[    0.014477] SRAT: PXM 1 -> APIC 0x00a4 -> Node 1
[    0.014478] SRAT: PXM 1 -> APIC 0x00a5 -> Node 1
[    0.014478] SRAT: PXM 1 -> APIC 0x00a6 -> Node 1
[    0.014478] SRAT: PXM 1 -> APIC 0x00a7 -> Node 1
[    0.014479] SRAT: PXM 1 -> APIC 0x00a8 -> Node 1
[    0.014479] SRAT: PXM 1 -> APIC 0x00a9 -> Node 1
[    0.014480] SRAT: PXM 1 -> APIC 0x00aa -> Node 1
[    0.014480] SRAT: PXM 1 -> APIC 0x00ab -> Node 1
[    0.014481] SRAT: PXM 1 -> APIC 0x00ac -> Node 1
[    0.014481] SRAT: PXM 1 -> APIC 0x00ad -> Node 1
[    0.014481] SRAT: PXM 1 -> APIC 0x00ae -> Node 1
[    0.014482] SRAT: PXM 1 -> APIC 0x00af -> Node 1
[    0.014482] SRAT: PXM 1 -> APIC 0x00b0 -> Node 1
[    0.014483] SRAT: PXM 1 -> APIC 0x00b1 -> Node 1
[    0.014483] SRAT: PXM 1 -> APIC 0x00b2 -> Node 1
[    0.014483] SRAT: PXM 1 -> APIC 0x00b3 -> Node 1
[    0.014484] SRAT: PXM 1 -> APIC 0x00b4 -> Node 1
[    0.014484] SRAT: PXM 1 -> APIC 0x00b5 -> Node 1
[    0.014485] SRAT: PXM 1 -> APIC 0x00b6 -> Node 1
[    0.014485] SRAT: PXM 1 -> APIC 0x00b7 -> Node 1
[    0.014497] ACPI: SRAT: Node 0 PXM 0 [mem 0x00000000-0x7fffffff]
[    0.014498] ACPI: SRAT: Node 0 PXM 0 [mem 0x100000000-0x107fffffff]
[    0.014499] ACPI: SRAT: Node 2 PXM 2 [mem 0x2080000000-0x9e7fffffff] non-volatile
[    0.014500] ACPI: SRAT: Node 1 PXM 1 [mem 0x1080000000-0x207fffffff]
[    0.014501] ACPI: SRAT: Node 3 PXM 3 [mem 0x9e80000000-0x11c7fffffff] non-volatile
[    0.014510] NUMA: Initialized distance table, cnt=4
[    0.014512] NUMA: Node 0 [mem 0x00000000-0x7fffffff] + [mem 0x100000000-0x107fffffff] -> [mem 0x00000000-0x107fffffff]
[    0.014520] NODE_DATA(0) allocated [mem 0xffffd5000-0xfffffffff]
[    0.014538] NODE_DATA(1) allocated [mem 0x20658f1000-0x206591bfff]
[    0.014704] Zone ranges:
[    0.014705]   DMA      [mem 0x0000000000001000-0x0000000000ffffff]
[    0.014706]   DMA32    [mem 0x0000000001000000-0x00000000ffffffff]
[    0.014707]   Normal   [mem 0x0000000100000000-0x000000207fffffff]
[    0.014708]   Device   empty
[    0.014708] Movable zone start for each node
[    0.014711] Early memory node ranges
[    0.014712]   node   0: [mem 0x0000000000001000-0x000000000008efff]
[    0.014713]   node   0: [mem 0x0000000000090000-0x000000000009ffff]
[    0.014713]   node   0: [mem 0x0000000000100000-0x0000000049e76fff]
[    0.014714]   node   0: [mem 0x000000004ae77000-0x000000004b2cefff]
[    0.014714]   node   0: [mem 0x000000004b54e000-0x000000004bd93fff]
[    0.014715]   node   0: [mem 0x000000004be9a000-0x000000004cdfffff]
[    0.014715]   node   0: [mem 0x000000004d000000-0x000000005eefdfff]
[    0.014716]   node   0: [mem 0x000000006f7ff000-0x000000006f7fffff]
[    0.014716]   node   0: [mem 0x00000004f2d00000-0x0000000fffffffff]
[    0.014719]   node   1: [mem 0x0000001ec0000000-0x000000207fffffff]
[    0.015230] Zeroed struct page in unavailable ranges: 54248 pages
[    0.015231] Initmem setup node 0 [mem 0x0000000000001000-0x0000000fffffffff]
[    0.015233] On node 0 totalpages: 11971608
[    0.015234]   DMA zone: 64 pages used for memmap
[    0.015234]   DMA zone: 1102 pages reserved
[    0.015235]   DMA zone: 3998 pages, LIFO batch:0
[    0.015277]   DMA32 zone: 5926 pages used for memmap
[    0.015277]   DMA32 zone: 379258 pages, LIFO batch:63
[    0.021047]   Normal zone: 181068 pages used for memmap
[    0.021048]   Normal zone: 11588352 pages, LIFO batch:63
[    0.131720] Initmem setup node 1 [mem 0x0000001ec0000000-0x000000207fffffff]
[    0.131722] On node 1 totalpages: 1835008
[    0.131723]   Normal zone: 28672 pages used for memmap
[    0.131724]   Normal zone: 1835008 pages, LIFO batch:63
[    0.151910] ACPI: PM-Timer IO Port: 0x508
[    0.151914] ACPI: Local APIC address 0xfee00000
[    0.151929] ACPI: X2APIC_NMI (uid[0xffffffff] high edge lint[0x1])
[    0.151932] ACPI: LAPIC_NMI (acpi_id[0xff] high edge lint[0x1])
[    0.151950] IOAPIC[0]: apic_id 8, version 32, address 0xfec00000, GSI 0-119
[    0.151952] ACPI: INT_SRC_OVR (bus 0 bus_irq 0 global_irq 2 dfl dfl)
[    0.151954] ACPI: INT_SRC_OVR (bus 0 bus_irq 9 global_irq 9 high level)
[    0.151955] ACPI: IRQ0 used by override.
[    0.151956] ACPI: IRQ9 used by override.
[    0.151958] Using ACPI (MADT) for SMP configuration information
[    0.151959] ACPI: HPET id: 0x8086a701 base: 0xfed00000
[    0.151963] smpboot: Allowing 112 CPUs, 0 hotplug CPUs
[    0.151988] PM: Registered nosave memory: [mem 0x00000000-0x00000fff]
[    0.151990] PM: Registered nosave memory: [mem 0x0008f000-0x0008ffff]
[    0.151991] PM: Registered nosave memory: [mem 0x000a0000-0x000fffff]
[    0.151992] PM: Registered nosave memory: [mem 0x47bd5000-0x47bd5fff]
[    0.151994] PM: Registered nosave memory: [mem 0x47c06000-0x47c06fff]
[    0.151994] PM: Registered nosave memory: [mem 0x47c07000-0x47c07fff]
[    0.151995] PM: Registered nosave memory: [mem 0x47c39000-0x47c39fff]
[    0.151996] PM: Registered nosave memory: [mem 0x47c3a000-0x47c3afff]
[    0.151997] PM: Registered nosave memory: [mem 0x47c6c000-0x47c6cfff]
[    0.151998] PM: Registered nosave memory: [mem 0x47c6d000-0x47c6dfff]
[    0.151999] PM: Registered nosave memory: [mem 0x47c75000-0x47c75fff]
[    0.152001] PM: Registered nosave memory: [mem 0x49e77000-0x4ae76fff]
[    0.152002] PM: Registered nosave memory: [mem 0x4b2cf000-0x4b54dfff]
[    0.152003] PM: Registered nosave memory: [mem 0x4bd94000-0x4be99fff]
[    0.152005] PM: Registered nosave memory: [mem 0x4ce00000-0x4cffffff]
[    0.152006] PM: Registered nosave memory: [mem 0x5eefe000-0x6e3fefff]
[    0.152007] PM: Registered nosave memory: [mem 0x6e3ff000-0x6f3fefff]
[    0.152007] PM: Registered nosave memory: [mem 0x6f3ff000-0x6f7fefff]
[    0.152008] PM: Registered nosave memory: [mem 0x6f800000-0x8fffffff]
[    0.152009] PM: Registered nosave memory: [mem 0x90000000-0xfdffffff]
[    0.152009] PM: Registered nosave memory: [mem 0xfe000000-0xfe010fff]
[    0.152010] PM: Registered nosave memory: [mem 0xfe011000-0xffffffff]
[    0.152010] PM: Registered nosave memory: [mem 0x100000000-0x4f2cfffff]
[    0.152012] PM: Registered nosave memory: [mem 0x1000000000-0x1ebfffffff]
[    0.152013] [mem 0x90000000-0xfdffffff] available for PCI devices
[    0.152014] Booting paravirtualized kernel on bare hardware
[    0.152017] clocksource: refined-jiffies: mask: 0xffffffff max_cycles: 0xffffffff, max_idle_ns: 7645519600211568 ns
[    0.152023] setup_percpu: NR_CPUS:8192 nr_cpumask_bits:112 nr_cpu_ids:112 nr_node_ids:4
[    0.156653] percpu: Embedded 55 pages/cpu s188416 r8192 d28672 u262144
[    0.156662] pcpu-alloc: s188416 r8192 d28672 u262144 alloc=1*2097152
[    0.156663] pcpu-alloc: [0] 000 002 004 006 008 010 012 014 
[    0.156666] pcpu-alloc: [0] 016 018 020 022 024 026 028 030 
[    0.156667] pcpu-alloc: [0] 032 034 036 038 040 042 044 046 
[    0.156669] pcpu-alloc: [0] 048 050 052 054 056 058 060 062 
[    0.156670] pcpu-alloc: [0] 064 066 068 070 072 074 076 078 
[    0.156672] pcpu-alloc: [0] 080 082 084 086 088 090 092 094 
[    0.156673] pcpu-alloc: [0] 096 098 100 102 104 106 108 110 
[    0.156675] pcpu-alloc: [1] 001 003 005 007 009 011 013 015 
[    0.156676] pcpu-alloc: [1] 017 019 021 023 025 027 029 031 
[    0.156677] pcpu-alloc: [1] 033 035 037 039 041 043 045 047 
[    0.156679] pcpu-alloc: [1] 049 051 053 055 057 059 061 063 
[    0.156680] pcpu-alloc: [1] 065 067 069 071 073 075 077 079 
[    0.156681] pcpu-alloc: [1] 081 083 085 087 089 091 093 095 
[    0.156683] pcpu-alloc: [1] 097 099 101 103 105 107 109 111 
[    0.156725] Built 2 zonelists, mobility grouping on.  Total pages: 13589784
[    0.156726] Policy zone: Normal
[    0.156728] Kernel command line: BOOT_IMAGE=/boot/vmlinuz-5.3.1-multiclock root=UUID=ce0c24b8-724b-4f33-9b2c-618433560aef ro memmap=16173M!4096M memmap=59G!64G quiet splash nomodeset vt.handoff=1
[    0.156832] You have booted with nomodeset. This means your GPU drivers are DISABLED
[    0.156833] Any video related functionality will be severely degraded, and you may not even be able to suspend the system properly
[    0.156833] Unless you actually understand what nomodeset does, you should reboot without enabling it
[    0.156850] printk: log_buf_len individual max cpu contribution: 4096 bytes
[    0.156851] printk: log_buf_len total cpu_extra contributions: 454656 bytes
[    0.156851] printk: log_buf_len min size: 262144 bytes
[    0.157008] printk: log_buf_len: 1048576 bytes
[    0.157009] printk: early log buf free: 221788(84%)
[    0.158512] mem auto-init: stack:off, heap alloc:on, heap free:off
[    0.164532] Calgary: detecting Calgary via BIOS EBDA area
[    0.164534] Calgary: Unable to locate Rio Grande table in EBDA - bailing!
[    0.277645] Memory: 53673760K/55226464K available (14339K kernel code, 2373K rwdata, 4660K rodata, 2680K init, 5056K bss, 1552704K reserved, 0K cma-reserved)
[    0.278285] SLUB: HWalign=64, Order=0-3, MinObjects=0, CPUs=112, Nodes=4
[    0.278315] ftrace: allocating 43047 entries in 169 pages
[    0.294683] rcu: Hierarchical RCU implementation.
[    0.294684] rcu: 	RCU restricting CPUs from NR_CPUS=8192 to nr_cpu_ids=112.
[    0.294685] 	Tasks RCU enabled.
[    0.294686] rcu: RCU calculated value of scheduler-enlistment delay is 25 jiffies.
[    0.294687] rcu: Adjusting geometry for rcu_fanout_leaf=16, nr_cpu_ids=112
[    0.297292] NR_IRQS: 524544, nr_irqs: 2952, preallocated irqs: 16
[    0.297662] random: crng done (trusting CPU's manufacturer)
[    0.297834] Console: colour dummy device 80x25
[    0.297849] printk: console [tty0] enabled
[    0.297916] mempolicy: Enabling automatic NUMA balancing. Configure with numa_balancing= or the kernel.numa_balancing sysctl
[    0.297919] ACPI: Core revision 20190703
[    0.301318] clocksource: hpet: mask: 0xffffffff max_cycles: 0xffffffff, max_idle_ns: 79635855245 ns
[    0.301361] APIC: Switch to symmetric I/O mode setup
[    0.301363] DMAR: Host address width 46
[    0.301364] DMAR: DRHD base: 0x000000d0ffc000 flags: 0x0
[    0.301368] DMAR: dmar0: reg_base_addr d0ffc000 ver 4:0 cap 8ed008c40780466 ecap 60000f050df
[    0.301369] DMAR: DRHD base: 0x000000dbbfc000 flags: 0x0
[    0.301373] DMAR: dmar1: reg_base_addr dbbfc000 ver 4:0 cap 8ed008c40780466 ecap 60000f050df
[    0.301373] DMAR: DRHD base: 0x000000e67fc000 flags: 0x0
[    0.301376] DMAR: dmar2: reg_base_addr e67fc000 ver 4:0 cap 8ed008c40780466 ecap 60000f050df
[    0.301377] DMAR: DRHD base: 0x000000f13fc000 flags: 0x0
[    0.301380] DMAR: dmar3: reg_base_addr f13fc000 ver 4:0 cap 8ed008c40780466 ecap 60000f050df
[    0.301381] DMAR: DRHD base: 0x000000fb7fc000 flags: 0x0
[    0.301384] DMAR: dmar4: reg_base_addr fb7fc000 ver 4:0 cap 8ed008c40780466 ecap 60000f050df
[    0.301385] DMAR: DRHD base: 0x000000a63fc000 flags: 0x0
[    0.301387] DMAR: dmar5: reg_base_addr a63fc000 ver 4:0 cap 8ed008c40780466 ecap 60000f050df
[    0.301388] DMAR: DRHD base: 0x000000b0ffc000 flags: 0x0
[    0.301391] DMAR: dmar6: reg_base_addr b0ffc000 ver 4:0 cap 8ed008c40780466 ecap 60000f050df
[    0.301391] DMAR: DRHD base: 0x000000bbbfc000 flags: 0x0
[    0.301396] DMAR: dmar7: reg_base_addr bbbfc000 ver 4:0 cap 8ed008c40780466 ecap 60000f050df
[    0.301397] DMAR: DRHD base: 0x000000c5ffc000 flags: 0x0
[    0.301399] DMAR: dmar8: reg_base_addr c5ffc000 ver 4:0 cap 8ed008c40780466 ecap 60000f050df
[    0.301400] DMAR: DRHD base: 0x0000009b7fc000 flags: 0x1
[    0.301403] DMAR: dmar9: reg_base_addr 9b7fc000 ver 4:0 cap 8ed008c40780466 ecap 60000f050df
[    0.301403] DMAR: RMRR base: 0x00000069427000 end: 0x00000069429fff
[    0.301404] DMAR: ATSR flags: 0x0
[    0.301406] DMAR-IR: IOAPIC id 8 under DRHD base  0x9b7fc000 IOMMU 9
[    0.301406] DMAR-IR: HPET id 0 under DRHD base 0x9b7fc000
[    0.301407] DMAR-IR: Queued invalidation will be enabled to support x2apic and Intr-remapping.
[    0.303933] DMAR-IR: Enabled IRQ remapping in x2apic mode
[    0.306561] ..TIMER: vector=0x30 apic1=0 pin1=2 apic2=-1 pin2=-1
[    0.325288] clocksource: tsc-early: mask: 0xffffffffffffffff max_cycles: 0x39a85c9bff6, max_idle_ns: 881590591483 ns
[    0.325293] Calibrating delay loop (skipped), value calculated using timer frequency.. 4000.00 BogoMIPS (lpj=8000000)
[    0.325295] pid_max: default: 114688 minimum: 896
[    0.329271] LSM: Security Framework initializing
[    0.329305] Yama: becoming mindful.
[    0.329674] AppArmor: AppArmor initialized
[    0.338921] Dentry cache hash table entries: 8388608 (order: 14, 67108864 bytes, vmalloc)
[    0.343532] Inode-cache hash table entries: 4194304 (order: 13, 33554432 bytes, vmalloc)
[    0.343727] Mount-cache hash table entries: 131072 (order: 8, 1048576 bytes, vmalloc)
[    0.343871] Mountpoint-cache hash table entries: 131072 (order: 8, 1048576 bytes, vmalloc)
[    0.344167] *** VALIDATE proc ***
[    0.344408] *** VALIDATE cgroup1 ***
[    0.344409] *** VALIDATE cgroup2 ***
[    0.344539] x86/tme: not enabled by BIOS
[    0.344541] x86/cpu: User Mode Instruction Prevention (UMIP) activated
[    0.344615] mce: CPU0: Thermal monitoring enabled (TM1)
[    0.344826] process: using mwait in idle threads
[    0.344828] Last level iTLB entries: 4KB 0, 2MB 0, 4MB 0
[    0.344828] Last level dTLB entries: 4KB 0, 2MB 0, 4MB 0, 1GB 0
[    0.344831] Spectre V1 : Mitigation: usercopy/swapgs barriers and __user pointer sanitization
[    0.344833] Spectre V2 : Mitigation: Enhanced IBRS
[    0.344833] Spectre V2 : Spectre v2 / SpectreRSB mitigation: Filling RSB on context switch
[    0.344835] Spectre V2 : mitigation: Enabling conditional Indirect Branch Prediction Barrier
[    0.344836] Speculative Store Bypass: Mitigation: Speculative Store Bypass disabled via prctl and seccomp
[    0.345102] Freeing SMP alternatives memory: 40K
[    0.349451] TSC deadline timer enabled
[    0.349460] smpboot: CPU0: Intel(R) Xeon(R) Gold 6330 CPU @ 2.00GHz (family: 0x6, model: 0x6a, stepping: 0x6)
[    0.349670] Performance Events: PEBS fmt4+-baseline, Icelake events, 32-deep LBR, full-width counters, Intel PMU driver.
[    0.349676] ... version:                5
[    0.349676] ... bit width:              48
[    0.349677] ... generic registers:      8
[    0.349677] ... value mask:             0000ffffffffffff
[    0.349678] ... max period:             00007fffffffffff
[    0.349678] ... fixed-purpose events:   4
[    0.349679] ... event mask:             0000000f000000ff
[    0.349784] rcu: Hierarchical SRCU implementation.
[    0.356974] NMI watchdog: Enabled. Permanently consumes one hw-PMU counter.
[    0.358195] smp: Bringing up secondary CPUs ...
[    0.358305] x86: Booting SMP configuration:
[    0.358306] .... node  #1, CPUs:          #1
[    0.003689] smpboot: CPU 1 Converting physical 0 to logical die 1
[    0.445396] .... node  #0, CPUs:     #2
[    0.450743] .... node  #1, CPUs:     #3
[    0.456151] .... node  #0, CPUs:     #4
[    0.461496] .... node  #1, CPUs:     #5
[    0.466854] .... node  #0, CPUs:     #6
[    0.472395] .... node  #1, CPUs:     #7
[    0.477933] .... node  #0, CPUs:     #8
[    0.483188] .... node  #1, CPUs:     #9
[    0.488886] .... node  #0, CPUs:    #10
[    0.494565] .... node  #1, CPUs:    #11
[    0.500254] .... node  #0, CPUs:    #12
[    0.505739] .... node  #1, CPUs:    #13
[    0.511061] .... node  #0, CPUs:    #14
[    0.516267] .... node  #1, CPUs:    #15
[    0.521552] .... node  #0, CPUs:    #16
[    0.526786] .... node  #1, CPUs:    #17
[    0.532064] .... node  #0, CPUs:    #18
[    0.537452] .... node  #1, CPUs:    #19
[    0.542894] .... node  #0, CPUs:    #20
[    0.548091] .... node  #1, CPUs:    #21
[    0.553647] .... node  #0, CPUs:    #22
[    0.559066] .... node  #1, CPUs:    #23
[    0.564300] .... node  #0, CPUs:    #24
[    0.569906] .... node  #1, CPUs:    #25
[    0.575189] .... node  #0, CPUs:    #26
[    0.580370] .... node  #1, CPUs:    #27
[    0.585640] .... node  #0, CPUs:    #28
[    0.591108] .... node  #1, CPUs:    #29
[    0.596376] .... node  #0, CPUs:    #30
[    0.601564] .... node  #1, CPUs:    #31
[    0.607002] .... node  #0, CPUs:    #32
[    0.612253] .... node  #1, CPUs:    #33
[    0.617581] .... node  #0, CPUs:    #34
[    0.622987] .... node  #1, CPUs:    #35
[    0.628247] .... node  #0, CPUs:    #36
[    0.633440] .... node  #1, CPUs:    #37
[    0.638692] .... node  #0, CPUs:    #38
[    0.644215] .... node  #1, CPUs:    #39
[    0.649704] .... node  #0, CPUs:    #40
[    0.655279] .... node  #1, CPUs:    #41
[    0.660977] .... node  #0, CPUs:    #42
[    0.666256] .... node  #1, CPUs:    #43
[    0.671860] .... node  #0, CPUs:    #44
[    0.677434] .... node  #1, CPUs:    #45
[    0.682629] .... node  #0, CPUs:    #46
[    0.688130] .... node  #1, CPUs:    #47
[    0.693540] .... node  #0, CPUs:    #48
[    0.698845] .... node  #1, CPUs:    #49
[    0.704234] .... node  #0, CPUs:    #50
[    0.709681] .... node  #1, CPUs:    #51
[    0.715291] .... node  #0, CPUs:    #52
[    0.720723] .... node  #1, CPUs:    #53
[    0.726268] .... node  #0, CPUs:    #54
[    0.731934] .... node  #1, CPUs:    #55
[    0.737698] .... node  #0, CPUs:    #56
[    0.743528] .... node  #1, CPUs:    #57
[    0.749400] .... node  #0, CPUs:    #58
[    0.754767] .... node  #1, CPUs:    #59
[    0.760175] .... node  #0, CPUs:    #60
[    0.765509] .... node  #1, CPUs:    #61
[    0.770887] .... node  #0, CPUs:    #62
[    0.776446] .... node  #1, CPUs:    #63
[    0.782009] .... node  #0, CPUs:    #64
[    0.787298] .... node  #1, CPUs:    #65
[    0.792998] .... node  #0, CPUs:    #66
[    0.798711] .... node  #1, CPUs:    #67
[    0.804434] .... node  #0, CPUs:    #68
[    0.809928] .... node  #1, CPUs:    #69
[    0.815265] .... node  #0, CPUs:    #70
[    0.820473] .... node  #1, CPUs:    #71
[    0.825761] .... node  #0, CPUs:    #72
[    0.831019] .... node  #1, CPUs:    #73
[    0.836315] .... node  #0, CPUs:    #74
[    0.841549] .... node  #1, CPUs:    #75
[    0.847171] .... node  #0, CPUs:    #76
[    0.852394] .... node  #1, CPUs:    #77
[    0.857981] .... node  #0, CPUs:    #78
[    0.863400] .... node  #1, CPUs:    #79
[    0.868665] .... node  #0, CPUs:    #80
[    0.874282] .... node  #1, CPUs:    #81
[    0.879594] .... node  #0, CPUs:    #82
[    0.884793] .... node  #1, CPUs:    #83
[    0.890090] .... node  #0, CPUs:    #84
[    0.895583] .... node  #1, CPUs:    #85
[    0.900855] .... node  #0, CPUs:    #86
[    0.906057] .... node  #1, CPUs:    #87
[    0.911520] .... node  #0, CPUs:    #88
[    0.916789] .... node  #1, CPUs:    #89
[    0.922153] .... node  #0, CPUs:    #90
[    0.927567] .... node  #1, CPUs:    #91
[    0.932862] .... node  #0, CPUs:    #92
[    0.938050] .... node  #1, CPUs:    #93
[    0.943353] .... node  #0, CPUs:    #94
[    0.948904] .... node  #1, CPUs:    #95
[    0.954400] .... node  #0, CPUs:    #96
[    0.959978] .... node  #1, CPUs:    #97
[    0.965703] .... node  #0, CPUs:    #98
[    0.970993] .... node  #1, CPUs:    #99
[    0.976625] .... node  #0, CPUs:   #100
[    0.981954] .... node  #1, CPUs:   #101
[    0.987404] .... node  #0, CPUs:   #102
[    0.992929] .... node  #1, CPUs:   #103
[    0.998346] .... node  #0, CPUs:   #104
[    1.003670] .... node  #1, CPUs:   #105
[    1.009303] .... node  #0, CPUs:   #106
[    1.014557] .... node  #1, CPUs:   #107
[    1.020187] .... node  #0, CPUs:   #108
[    1.025624] .... node  #1, CPUs:   #109
[    1.031206] .... node  #0, CPUs:   #110
[    1.036885] .... node  #1, CPUs:   #111
[    1.042668] smp: Brought up 2 nodes, 112 CPUs
[    1.042668] smpboot: Max logical packages: 2
[    1.042668] smpboot: Total of 112 processors activated (448062.74 BogoMIPS)
[    1.052149] devtmpfs: initialized
[    1.052149] x86/mm: Memory block size: 2048MB
[    1.052149] PM: Registering ACPI NVS region [mem 0x49e77000-0x4ae76fff] (16777216 bytes)
[    1.052149] PM: Registering ACPI NVS region [mem 0x6e3ff000-0x6f3fefff] (16777216 bytes)
[    1.053311] clocksource: jiffies: mask: 0xffffffff max_cycles: 0xffffffff, max_idle_ns: 7645041785100000 ns
[    1.053609] futex hash table entries: 32768 (order: 9, 2097152 bytes, vmalloc)
[    1.054206] pinctrl core: initialized pinctrl subsystem
[    1.054330] PM: RTC time: 08:34:06, date: 2024-05-18
[    1.054591] NET: Registered protocol family 16
[    1.054700] audit: initializing netlink subsys (disabled)
[    1.054705] audit: type=2000 audit(1716021245.756:1): state=initialized audit_enabled=0 res=1
[    1.054705] EISA bus registered
[    1.054705] cpuidle: using governor ladder
[    1.054705] cpuidle: using governor menu
[    1.054705] ACPI FADT declares the system doesn't support PCIe ASPM, so disable it
[    1.054705] ACPI: bus type PCI registered
[    1.054705] acpiphp: ACPI Hot Plug PCI Controller Driver version: 0.5
[    1.054705] PCI: MMCONFIG for domain 0000 [bus 00-ff] at [mem 0x80000000-0x8fffffff] (base 0x80000000)
[    1.054705] PCI: MMCONFIG at [mem 0x80000000-0x8fffffff] reserved in E820
[    1.054705] pmd_set_huge: Cannot satisfy [mem 0x80000000-0x80200000] with a huge-page mapping due to MTRR override.
[    1.054705] PCI: Using configuration type 1 for base access
[    1.054705] PCI: Dell System detected, enabling pci=bfsort.
[    1.057300] ENERGY_PERF_BIAS: Set to 'normal', was 'performance'
[    1.061578] HugeTLB registered 1.00 GiB page size, pre-allocated 0 pages
[    1.061578] HugeTLB registered 2.00 MiB page size, pre-allocated 0 pages
[    1.065703] ACPI: Added _OSI(Module Device)
[    1.065704] ACPI: Added _OSI(Processor Device)
[    1.065704] ACPI: Added _OSI(3.0 _SCP Extensions)
[    1.065705] ACPI: Added _OSI(Processor Aggregator Device)
[    1.065706] ACPI: Added _OSI(Linux-Dell-Video)
[    1.065707] ACPI: Added _OSI(Linux-Lenovo-NV-HDMI-Audio)
[    1.065708] ACPI: Added _OSI(Linux-HPI-Hybrid-Graphics)
[    1.231745] ACPI: 8 ACPI AML tables successfully acquired and loaded
[    1.238844] ACPI: [Firmware Bug]: BIOS _OSI(Linux) query ignored
[    1.245509] ACPI: Dynamic OEM Table Load:
[    1.639906] ACPI: Interpreter enabled
[    1.639924] ACPI: (supports S0 S5)
[    1.639925] ACPI: Using IOAPIC for interrupt routing
[    1.640015] HEST: Table parsing has been initialized.
[    1.640017] PCI: Using host bridge windows from ACPI; if necessary, use "pci=nocrs" and report a bug
[    1.668930] ACPI: Enabled 4 GPEs in block 00 to 7F
[    1.793832] ACPI: PCI Root Bridge [PC00] (domain 0000 [bus 00-15])
[    1.793837] acpi PNP0A08:00: _OSC: OS supports [ExtendedConfig ASPM ClockPM Segments MSI HPX-Type3]
[    1.793913] acpi PNP0A08:00: PCIe AER handled by firmware
[    1.794025] acpi PNP0A08:00: _OSC: platform does not support [SHPCHotplug LTR]
[    1.794232] acpi PNP0A08:00: _OSC: OS now controls [PCIeHotplug PME PCIeCapability]
[    1.794233] acpi PNP0A08:00: FADT indicates ASPM is unsupported, using BIOS configuration
[    1.796035] PCI host bridge to bus 0000:00
[    1.796037] pci_bus 0000:00: root bus resource [io  0x0000-0x0cf7 window]
[    1.796038] pci_bus 0000:00: root bus resource [io  0x1000-0x4fff window]
[    1.796039] pci_bus 0000:00: root bus resource [mem 0x000a0000-0x000bffff window]
[    1.796039] pci_bus 0000:00: root bus resource [mem 0x000c8000-0x000cffff window]
[    1.796040] pci_bus 0000:00: root bus resource [mem 0xfe010000-0xfe010fff window]
[    1.796041] pci_bus 0000:00: root bus resource [mem 0x90000000-0x9b7fffff window]
[    1.796042] pci_bus 0000:00: root bus resource [mem 0x200000000000-0x20ffffffffff window]
[    1.796043] pci_bus 0000:00: root bus resource [bus 00-15]
[    1.796052] pci 0000:00:00.0: [8086:09a2] type 00 class 0x088000
[    1.796783] pci 0000:00:00.1: [8086:09a4] type 00 class 0x088000
[    1.797500] pci 0000:00:00.2: [8086:09a3] type 00 class 0x088000
[    1.798209] pci 0000:00:00.4: [8086:0998] type 00 class 0x060000
[    1.798922] pci 0000:00:02.0: [8086:09a6] type 00 class 0x088000
[    1.798932] pci 0000:00:02.0: reg 0x10: [mem 0x92dfc000-0x92dfdfff]
[    1.799637] pci 0000:00:02.1: [8086:09a7] type 00 class 0x088000
[    1.799646] pci 0000:00:02.1: reg 0x10: [mem 0x92d00000-0x92d7ffff]
[    1.799651] pci 0000:00:02.1: reg 0x14: [mem 0x92c80000-0x92cfffff]
[    1.800351] pci 0000:00:02.4: [8086:3456] type 00 class 0x130000
[    1.800362] pci 0000:00:02.4: reg 0x10: [mem 0x92a00000-0x92afffff 64bit]
[    1.800368] pci 0000:00:02.4: reg 0x18: [mem 0x92df0000-0x92df3fff 64bit]
[    1.800374] pci 0000:00:02.4: reg 0x20: [mem 0x92dc0000-0x92ddffff 64bit]
[    1.801088] pci 0000:00:11.0: [8086:a1ec] type 00 class 0xff0000
[    1.801867] pci 0000:00:11.5: [8086:a1d2] type 00 class 0x010601
[    1.801884] pci 0000:00:11.5: reg 0x10: [mem 0x92dfa000-0x92dfbfff]
[    1.801891] pci 0000:00:11.5: reg 0x14: [mem 0x92e05000-0x92e050ff]
[    1.801898] pci 0000:00:11.5: reg 0x18: [io  0x2068-0x206f]
[    1.801905] pci 0000:00:11.5: reg 0x1c: [io  0x2074-0x2077]
[    1.801912] pci 0000:00:11.5: reg 0x20: [io  0x2040-0x205f]
[    1.801919] pci 0000:00:11.5: reg 0x24: [mem 0x92b80000-0x92bfffff]
[    1.801958] pci 0000:00:11.5: PME# supported from D3hot
[    1.802682] pci 0000:00:14.0: [8086:a1af] type 00 class 0x0c0330
[    1.802703] pci 0000:00:14.0: reg 0x10: [mem 0x92de0000-0x92deffff 64bit]
[    1.802767] pci 0000:00:14.0: PME# supported from D3hot D3cold
[    1.803486] pci 0000:00:14.2: [8086:a1b1] type 00 class 0x118000
[    1.803507] pci 0000:00:14.2: reg 0x10: [mem 0x92e02000-0x92e02fff 64bit]
[    1.804255] pci 0000:00:16.0: [8086:a1ba] type 00 class 0x078000
[    1.804283] pci 0000:00:16.0: reg 0x10: [mem 0x92e01000-0x92e01fff 64bit]
[    1.804368] pci 0000:00:16.0: PME# supported from D3hot
[    1.805058] pci 0000:00:16.1: [8086:a1bb] type 00 class 0x078000
[    1.805087] pci 0000:00:16.1: reg 0x10: [mem 0x92e00000-0x92e00fff 64bit]
[    1.805172] pci 0000:00:16.1: PME# supported from D3hot
[    1.805868] pci 0000:00:16.4: [8086:a1be] type 00 class 0x078000
[    1.805896] pci 0000:00:16.4: reg 0x10: [mem 0x92dff000-0x92dfffff 64bit]
[    1.805981] pci 0000:00:16.4: PME# supported from D3hot
[    1.806673] pci 0000:00:17.0: [8086:a182] type 00 class 0x010601
[    1.806690] pci 0000:00:17.0: reg 0x10: [mem 0x92df8000-0x92df9fff]
[    1.806697] pci 0000:00:17.0: reg 0x14: [mem 0x92e04000-0x92e040ff]
[    1.806703] pci 0000:00:17.0: reg 0x18: [io  0x2060-0x2067]
[    1.806710] pci 0000:00:17.0: reg 0x1c: [io  0x2070-0x2073]
[    1.806717] pci 0000:00:17.0: reg 0x20: [io  0x2020-0x203f]
[    1.806724] pci 0000:00:17.0: reg 0x24: [mem 0x92b00000-0x92b7ffff]
[    1.806761] pci 0000:00:17.0: PME# supported from D3hot
[    1.807483] pci 0000:00:1c.0: [8086:a190] type 01 class 0x060400
[    1.807561] pci 0000:00:1c.0: PME# supported from D0 D3hot D3cold
[    1.808335] pci 0000:00:1c.4: [8086:a194] type 01 class 0x060400
[    1.808407] pci 0000:00:1c.4: PME# supported from D0 D3hot D3cold
[    1.809169] pci 0000:00:1c.5: [8086:a195] type 01 class 0x060400
[    1.809242] pci 0000:00:1c.5: PME# supported from D0 D3hot D3cold
[    1.810021] pci 0000:00:1f.0: [8086:a1cb] type 00 class 0x060100
[    1.810837] pci 0000:00:1f.2: [8086:a1a1] type 00 class 0x058000
[    1.810853] pci 0000:00:1f.2: reg 0x10: [mem 0x92df4000-0x92df7fff]
[    1.811612] pci 0000:00:1f.4: [8086:a1a3] type 00 class 0x0c0500
[    1.811632] pci 0000:00:1f.4: reg 0x10: [mem 0x92dfe000-0x92dfe0ff 64bit]
[    1.811654] pci 0000:00:1f.4: reg 0x20: [io  0x2000-0x201f]
[    1.812355] pci 0000:00:1f.5: [8086:a1a4] type 00 class 0x0c8000
[    1.812372] pci 0000:00:1f.5: reg 0x10: [mem 0xfe010000-0xfe010fff]
[    1.813135] pci 0000:00:1c.0: PCI bridge to [bus 01]
[    1.813182] pci 0000:02:00.0: [1556:be00] type 01 class 0x060400
[    1.813351] pci 0000:00:1c.4: PCI bridge to [bus 02-03]
[    1.813355] pci 0000:00:1c.4:   bridge window [mem 0x92000000-0x928fffff]
[    1.813359] pci 0000:00:1c.4:   bridge window [mem 0x91000000-0x91ffffff 64bit pref]
[    1.813390] pci_bus 0000:03: extended config space not accessible
[    1.813408] pci 0000:03:00.0: [102b:0536] type 00 class 0x030000
[    1.813427] pci 0000:03:00.0: reg 0x10: [mem 0x91000000-0x91ffffff pref]
[    1.813437] pci 0000:03:00.0: reg 0x14: [mem 0x92808000-0x9280bfff]
[    1.813447] pci 0000:03:00.0: reg 0x18: [mem 0x92000000-0x927fffff]
[    1.813495] pci 0000:03:00.0: BAR 0: assigned to efifb
[    1.813590] pci 0000:02:00.0: PCI bridge to [bus 03]
[    1.813598] pci 0000:02:00.0:   bridge window [mem 0x92000000-0x928fffff]
[    1.813603] pci 0000:02:00.0:   bridge window [mem 0x91000000-0x91ffffff 64bit pref]
[    1.813669] pci 0000:04:00.0: [14e4:165f] type 00 class 0x020000
[    1.813700] pci 0000:04:00.0: reg 0x10: [mem 0x92930000-0x9293ffff 64bit pref]
[    1.813716] pci 0000:04:00.0: reg 0x18: [mem 0x92940000-0x9294ffff 64bit pref]
[    1.813731] pci 0000:04:00.0: reg 0x20: [mem 0x92950000-0x9295ffff 64bit pref]
[    1.813741] pci 0000:04:00.0: reg 0x30: [mem 0xfffc0000-0xffffffff pref]
[    1.813833] pci 0000:04:00.0: PME# supported from D0 D3hot D3cold
[    1.813872] pci 0000:04:00.0: 4.000 Gb/s available PCIe bandwidth, limited by 5 GT/s x1 link at 0000:00:1c.5 (capable of 8.000 Gb/s with 5 GT/s x2 link)
[    1.814001] pci 0000:04:00.1: [14e4:165f] type 00 class 0x020000
[    1.814032] pci 0000:04:00.1: reg 0x10: [mem 0x92900000-0x9290ffff 64bit pref]
[    1.814048] pci 0000:04:00.1: reg 0x18: [mem 0x92910000-0x9291ffff 64bit pref]
[    1.814063] pci 0000:04:00.1: reg 0x20: [mem 0x92920000-0x9292ffff 64bit pref]
[    1.814073] pci 0000:04:00.1: reg 0x30: [mem 0xfffc0000-0xffffffff pref]
[    1.814165] pci 0000:04:00.1: PME# supported from D0 D3hot D3cold
[    1.814310] pci 0000:00:1c.5: PCI bridge to [bus 04]
[    1.814317] pci 0000:00:1c.5:   bridge window [mem 0x92900000-0x929fffff 64bit pref]
[    1.814330] pci_bus 0000:00: on NUMA node 0
[    1.814890] ACPI: PCI Root Bridge [PC01] (domain 0000 [bus 16-2f])
[    1.814893] acpi PNP0A08:01: _OSC: OS supports [ExtendedConfig ASPM ClockPM Segments MSI HPX-Type3]
[    1.814990] acpi PNP0A08:01: PCIe AER handled by firmware
[    1.815096] acpi PNP0A08:01: _OSC: platform does not support [SHPCHotplug]
[    1.815297] acpi PNP0A08:01: _OSC: OS now controls [PCIeHotplug PME PCIeCapability LTR]
[    1.815297] acpi PNP0A08:01: FADT indicates ASPM is unsupported, using BIOS configuration
[    1.815421] PCI host bridge to bus 0000:16
[    1.815422] pci_bus 0000:16: root bus resource [io  0x5000-0x6fff window]
[    1.815423] pci_bus 0000:16: root bus resource [mem 0x9b800000-0xa63fffff window]
[    1.815424] pci_bus 0000:16: root bus resource [mem 0x210000000000-0x21ffffffffff window]
[    1.815425] pci_bus 0000:16: root bus resource [bus 16-2f]
[    1.815432] pci 0000:16:00.0: [8086:09a2] type 00 class 0x088000
[    1.815498] pci 0000:16:00.1: [8086:09a4] type 00 class 0x088000
[    1.815561] pci 0000:16:00.2: [8086:09a3] type 00 class 0x088000
[    1.815624] pci 0000:16:00.4: [8086:0998] type 00 class 0x060000
[    1.815686] pci 0000:16:02.0: [8086:347a] type 01 class 0x060400
[    1.815699] pci 0000:16:02.0: reg 0x10: [mem 0x21fffff00000-0x21fffff1ffff 64bit]
[    1.815735] pci 0000:16:02.0: PME# supported from D0 D3hot D3cold
[    1.816031] pci 0000:17:00.0: [1000:10e2] type 00 class 0x010400
[    1.816051] pci 0000:17:00.0: reg 0x10: [mem 0x9b800000-0x9b8fffff 64bit pref]
[    1.816059] pci 0000:17:00.0: reg 0x18: [mem 0x9b900000-0x9b9fffff 64bit pref]
[    1.816064] pci 0000:17:00.0: reg 0x20: [mem 0x9ba00000-0x9bafffff]
[    1.816070] pci 0000:17:00.0: reg 0x24: [io  0x5000-0x50ff]
[    1.816075] pci 0000:17:00.0: reg 0x30: [mem 0xfff00000-0xffffffff pref]
[    1.817300] pci 0000:17:00.0: supports D1 D2
[    1.817350] pci 0000:16:02.0: PCI bridge to [bus 17]
[    1.817352] pci 0000:16:02.0:   bridge window [io  0x5000-0x5fff]
[    1.817353] pci 0000:16:02.0:   bridge window [mem 0x9ba00000-0x9bafffff]
[    1.817356] pci 0000:16:02.0:   bridge window [mem 0x9b800000-0x9b9fffff 64bit pref]
[    1.817361] pci_bus 0000:16: on NUMA node 0
[    1.817425] ACPI: PCI Root Bridge [PC02] (domain 0000 [bus 30-49])
[    1.817428] acpi PNP0A08:02: _OSC: OS supports [ExtendedConfig ASPM ClockPM Segments MSI HPX-Type3]
[    1.817525] acpi PNP0A08:02: PCIe AER handled by firmware
[    1.817631] acpi PNP0A08:02: _OSC: platform does not support [SHPCHotplug]
[    1.817832] acpi PNP0A08:02: _OSC: OS now controls [PCIeHotplug PME PCIeCapability LTR]
[    1.817833] acpi PNP0A08:02: FADT indicates ASPM is unsupported, using BIOS configuration
[    1.817950] PCI host bridge to bus 0000:30
[    1.817951] pci_bus 0000:30: root bus resource [io  0x7000-0x8fff window]
[    1.817952] pci_bus 0000:30: root bus resource [mem 0xa6400000-0xb0ffffff window]
[    1.817953] pci_bus 0000:30: root bus resource [mem 0x220000000000-0x22ffffffffff window]
[    1.817954] pci_bus 0000:30: root bus resource [bus 30-49]
[    1.817961] pci 0000:30:00.0: [8086:09a2] type 00 class 0x088000
[    1.818027] pci 0000:30:00.1: [8086:09a4] type 00 class 0x088000
[    1.818088] pci 0000:30:00.2: [8086:09a3] type 00 class 0x088000
[    1.818150] pci 0000:30:00.4: [8086:0998] type 00 class 0x060000
[    1.818221] pci_bus 0000:30: on NUMA node 0
[    1.818309] ACPI: PCI Root Bridge [PC04] (domain 0000 [bus 4a-63])
[    1.818311] acpi PNP0A08:04: _OSC: OS supports [ExtendedConfig ASPM ClockPM Segments MSI HPX-Type3]
[    1.818401] acpi PNP0A08:04: PCIe AER handled by firmware
[    1.818505] acpi PNP0A08:04: _OSC: platform does not support [SHPCHotplug]
[    1.818705] acpi PNP0A08:04: _OSC: OS now controls [PCIeHotplug PME PCIeCapability LTR]
[    1.818705] acpi PNP0A08:04: FADT indicates ASPM is unsupported, using BIOS configuration
[    1.818817] PCI host bridge to bus 0000:4a
[    1.818818] pci_bus 0000:4a: root bus resource [io  0x9000-0x9fff window]
[    1.818819] pci_bus 0000:4a: root bus resource [mem 0xb1000000-0xbbbfffff window]
[    1.818820] pci_bus 0000:4a: root bus resource [mem 0x230000000000-0x23ffffffffff window]
[    1.818820] pci_bus 0000:4a: root bus resource [bus 4a-63]
[    1.818827] pci 0000:4a:00.0: [8086:09a2] type 00 class 0x088000
[    1.818889] pci 0000:4a:00.1: [8086:09a4] type 00 class 0x088000
[    1.818948] pci 0000:4a:00.2: [8086:09a3] type 00 class 0x088000
[    1.819015] pci 0000:4a:00.4: [8086:0998] type 00 class 0x060000
[    1.819084] pci_bus 0000:4a: on NUMA node 0
[    1.819143] ACPI: PCI Root Bridge [PC05] (domain 0000 [bus 64-7d])
[    1.819145] acpi PNP0A08:05: _OSC: OS supports [ExtendedConfig ASPM ClockPM Segments MSI HPX-Type3]
[    1.819235] acpi PNP0A08:05: PCIe AER handled by firmware
[    1.819338] acpi PNP0A08:05: _OSC: platform does not support [SHPCHotplug]
[    1.819537] acpi PNP0A08:05: _OSC: OS now controls [PCIeHotplug PME PCIeCapability LTR]
[    1.819538] acpi PNP0A08:05: FADT indicates ASPM is unsupported, using BIOS configuration
[    1.819647] PCI host bridge to bus 0000:64
[    1.819648] pci_bus 0000:64: root bus resource [io  0xa000-0xafff window]
[    1.819649] pci_bus 0000:64: root bus resource [mem 0xbbc00000-0xc5ffffff window]
[    1.819650] pci_bus 0000:64: root bus resource [mem 0x240000000000-0x24ffffffffff window]
[    1.819651] pci_bus 0000:64: root bus resource [bus 64-7d]
[    1.819657] pci 0000:64:00.0: [8086:09a2] type 00 class 0x088000
[    1.819720] pci 0000:64:00.1: [8086:09a4] type 00 class 0x088000
[    1.819781] pci 0000:64:00.2: [8086:09a3] type 00 class 0x088000
[    1.819843] pci 0000:64:00.4: [8086:0998] type 00 class 0x060000
[    1.819913] pci_bus 0000:64: on NUMA node 0
[    1.819970] ACPI: PCI Root Bridge [UC06] (domain 0000 [bus 7e])
[    1.819972] acpi PNP0A03:00: _OSC: OS supports [ExtendedConfig ASPM ClockPM Segments MSI HPX-Type3]
[    1.820047] acpi PNP0A03:00: PCIe AER handled by firmware
[    1.820137] acpi PNP0A03:00: _OSC: platform does not support [SHPCHotplug LTR]
[    1.820306] acpi PNP0A03:00: _OSC: OS now controls [PCIeHotplug PME PCIeCapability]
[    1.820307] acpi PNP0A03:00: FADT indicates ASPM is unsupported, using BIOS configuration
[    1.820440] PCI host bridge to bus 0000:7e
[    1.820440] pci_bus 0000:7e: root bus resource [bus 7e]
[    1.820446] pci 0000:7e:00.0: [8086:3450] type 00 class 0x088000
[    1.820515] pci 0000:7e:00.1: [8086:3451] type 00 class 0x088000
[    1.820578] pci 0000:7e:00.2: [8086:3452] type 00 class 0x088000
[    1.820649] pci 0000:7e:00.3: [8086:0998] type 00 class 0x060000
[    1.820712] pci 0000:7e:00.5: [8086:3455] type 00 class 0x088000
[    1.820781] pci 0000:7e:02.0: [8086:3440] type 00 class 0x088000
[    1.820903] pci 0000:7e:02.1: [8086:3441] type 00 class 0x088000
[    1.821016] pci 0000:7e:02.2: [8086:3442] type 00 class 0x088000
[    1.821131] pci 0000:7e:03.0: [8086:3440] type 00 class 0x088000
[    1.821220] pci 0000:7e:03.1: [8086:3441] type 00 class 0x088000
[    1.821302] pci 0000:7e:03.2: [8086:3442] type 00 class 0x088000
[    1.821396] pci 0000:7e:04.0: [8086:3440] type 00 class 0x088000
[    1.821522] pci 0000:7e:04.1: [8086:3441] type 00 class 0x088000
[    1.821643] pci 0000:7e:04.2: [8086:3442] type 00 class 0x088000
[    1.821765] pci 0000:7e:04.3: [8086:3443] type 00 class 0x088000
[    1.821890] pci 0000:7e:05.0: [8086:3445] type 00 class 0x088000
[    1.822011] pci 0000:7e:05.1: [8086:3446] type 00 class 0x088000
[    1.822134] pci 0000:7e:05.2: [8086:3447] type 00 class 0x088000
[    1.822252] pci 0000:7e:06.0: [8086:3445] type 00 class 0x088000
[    1.822343] pci 0000:7e:06.1: [8086:3446] type 00 class 0x088000
[    1.822429] pci 0000:7e:06.2: [8086:3447] type 00 class 0x088000
[    1.822520] pci 0000:7e:07.0: [8086:3445] type 00 class 0x088000
[    1.822647] pci 0000:7e:07.1: [8086:3446] type 00 class 0x088000
[    1.822772] pci 0000:7e:07.2: [8086:3447] type 00 class 0x088000
[    1.822897] pci 0000:7e:0b.0: [8086:3448] type 00 class 0x088000
[    1.822972] pci 0000:7e:0b.1: [8086:3448] type 00 class 0x088000
[    1.823046] pci 0000:7e:0b.2: [8086:344b] type 00 class 0x088000
[    1.823129] pci 0000:7e:0c.0: [8086:344a] type 00 class 0x110100
[    1.823227] pci 0000:7e:0d.0: [8086:344a] type 00 class 0x110100
[    1.823322] pci 0000:7e:0e.0: [8086:344a] type 00 class 0x110100
[    1.823471] pci 0000:7e:0f.0: [8086:344a] type 00 class 0x110100
[    1.823632] pci 0000:7e:1a.0: [8086:2880] type 00 class 0x110100
[    1.823729] pci 0000:7e:1b.0: [8086:2880] type 00 class 0x110100
[    1.823820] pci 0000:7e:1c.0: [8086:2880] type 00 class 0x110100
[    1.823974] pci 0000:7e:1d.0: [8086:2880] type 00 class 0x110100
[    1.824135] pci_bus 0000:7e: on NUMA node 0
[    1.824211] ACPI: PCI Root Bridge [UC07] (domain 0000 [bus 7f])
[    1.824212] acpi PNP0A03:01: _OSC: OS supports [ExtendedConfig ASPM ClockPM Segments MSI HPX-Type3]
[    1.824288] acpi PNP0A03:01: PCIe AER handled by firmware
[    1.824378] acpi PNP0A03:01: _OSC: platform does not support [SHPCHotplug LTR]
[    1.824547] acpi PNP0A03:01: _OSC: OS now controls [PCIeHotplug PME PCIeCapability]
[    1.824548] acpi PNP0A03:01: FADT indicates ASPM is unsupported, using BIOS configuration
[    1.824691] PCI host bridge to bus 0000:7f
[    1.824692] pci_bus 0000:7f: root bus resource [bus 7f]
[    1.824702] pci 0000:7f:00.0: [8086:344c] type 00 class 0x088000
[    1.824810] pci 0000:7f:00.1: [8086:344c] type 00 class 0x088000
[    1.824928] pci 0000:7f:00.2: [8086:344c] type 00 class 0x088000
[    1.825048] pci 0000:7f:00.3: [8086:344c] type 00 class 0x088000
[    1.825144] pci 0000:7f:00.4: [8086:344c] type 00 class 0x088000
[    1.825272] pci 0000:7f:00.5: [8086:344c] type 00 class 0x088000
[    1.825398] pci 0000:7f:00.6: [8086:344c] type 00 class 0x088000
[    1.825486] pci 0000:7f:00.7: [8086:344c] type 00 class 0x088000
[    1.825581] pci 0000:7f:01.0: [8086:344c] type 00 class 0x088000
[    1.825717] pci 0000:7f:01.1: [8086:344c] type 00 class 0x088000
[    1.825845] pci 0000:7f:01.2: [8086:344c] type 00 class 0x088000
[    1.825932] pci 0000:7f:01.3: [8086:344c] type 00 class 0x088000
[    1.826070] pci 0000:7f:01.4: [8086:344c] type 00 class 0x088000
[    1.826208] pci 0000:7f:01.5: [8086:344c] type 00 class 0x088000
[    1.826351] pci 0000:7f:01.6: [8086:344c] type 00 class 0x088000
[    1.826479] pci 0000:7f:01.7: [8086:344c] type 00 class 0x088000
[    1.826617] pci 0000:7f:02.0: [8086:344c] type 00 class 0x088000
[    1.826756] pci 0000:7f:02.1: [8086:344c] type 00 class 0x088000
[    1.826895] pci 0000:7f:02.2: [8086:344c] type 00 class 0x088000
[    1.827032] pci 0000:7f:02.3: [8086:344c] type 00 class 0x088000
[    1.827178] pci 0000:7f:02.4: [8086:344c] type 00 class 0x088000
[    1.827321] pci 0000:7f:02.5: [8086:344c] type 00 class 0x088000
[    1.827463] pci 0000:7f:02.6: [8086:344c] type 00 class 0x088000
[    1.827616] pci 0000:7f:02.7: [8086:344c] type 00 class 0x088000
[    1.827775] pci 0000:7f:03.0: [8086:344c] type 00 class 0x088000
[    1.827926] pci 0000:7f:03.1: [8086:344c] type 00 class 0x088000
[    1.828084] pci 0000:7f:03.2: [8086:344c] type 00 class 0x088000
[    1.828239] pci 0000:7f:03.3: [8086:344c] type 00 class 0x088000
[    1.828405] pci 0000:7f:0a.0: [8086:344d] type 00 class 0x088000
[    1.828513] pci 0000:7f:0a.1: [8086:344d] type 00 class 0x088000
[    1.828632] pci 0000:7f:0a.2: [8086:344d] type 00 class 0x088000
[    1.828751] pci 0000:7f:0a.3: [8086:344d] type 00 class 0x088000
[    1.828852] pci 0000:7f:0a.4: [8086:344d] type 00 class 0x088000
[    1.828981] pci 0000:7f:0a.5: [8086:344d] type 00 class 0x088000
[    1.829104] pci 0000:7f:0a.6: [8086:344d] type 00 class 0x088000
[    1.829191] pci 0000:7f:0a.7: [8086:344d] type 00 class 0x088000
[    1.829283] pci 0000:7f:0b.0: [8086:344d] type 00 class 0x088000
[    1.829417] pci 0000:7f:0b.1: [8086:344d] type 00 class 0x088000
[    1.829548] pci 0000:7f:0b.2: [8086:344d] type 00 class 0x088000
[    1.829636] pci 0000:7f:0b.3: [8086:344d] type 00 class 0x088000
[    1.829778] pci 0000:7f:0b.4: [8086:344d] type 00 class 0x088000
[    1.829918] pci 0000:7f:0b.5: [8086:344d] type 00 class 0x088000
[    1.830062] pci 0000:7f:0b.6: [8086:344d] type 00 class 0x088000
[    1.830189] pci 0000:7f:0b.7: [8086:344d] type 00 class 0x088000
[    1.830325] pci 0000:7f:0c.0: [8086:344d] type 00 class 0x088000
[    1.830464] pci 0000:7f:0c.1: [8086:344d] type 00 class 0x088000
[    1.830601] pci 0000:7f:0c.2: [8086:344d] type 00 class 0x088000
[    1.830740] pci 0000:7f:0c.3: [8086:344d] type 00 class 0x088000
[    1.830892] pci 0000:7f:0c.4: [8086:344d] type 00 class 0x088000
[    1.831034] pci 0000:7f:0c.5: [8086:344d] type 00 class 0x088000
[    1.831178] pci 0000:7f:0c.6: [8086:344d] type 00 class 0x088000
[    1.831332] pci 0000:7f:0c.7: [8086:344d] type 00 class 0x088000
[    1.831484] pci 0000:7f:0d.0: [8086:344d] type 00 class 0x088000
[    1.831636] pci 0000:7f:0d.1: [8086:344d] type 00 class 0x088000
[    1.831795] pci 0000:7f:0d.2: [8086:344d] type 00 class 0x088000
[    1.831950] pci 0000:7f:0d.3: [8086:344d] type 00 class 0x088000
[    1.832131] pci 0000:7f:1d.0: [8086:344f] type 00 class 0x088000
[    1.832249] pci 0000:7f:1d.1: [8086:3457] type 00 class 0x088000
[    1.832365] pci 0000:7f:1e.0: [8086:3458] type 00 class 0x088000
[    1.832441] pci 0000:7f:1e.1: [8086:3459] type 00 class 0x088000
[    1.832516] pci 0000:7f:1e.2: [8086:345a] type 00 class 0x088000
[    1.832589] pci 0000:7f:1e.3: [8086:345b] type 00 class 0x088000
[    1.832664] pci 0000:7f:1e.4: [8086:345c] type 00 class 0x088000
[    1.832738] pci 0000:7f:1e.5: [8086:345d] type 00 class 0x088000
[    1.832815] pci 0000:7f:1e.6: [8086:345e] type 00 class 0x088000
[    1.832889] pci 0000:7f:1e.7: [8086:345f] type 00 class 0x088000
[    1.832961] pci_bus 0000:7f: on NUMA node 0
[    1.833051] ACPI: PCI Root Bridge [PC06] (domain 0000 [bus 80])
[    1.833053] acpi PNP0A08:06: _OSC: OS supports [ExtendedConfig ASPM ClockPM Segments MSI HPX-Type3]
[    1.833146] acpi PNP0A08:06: PCIe AER handled by firmware
[    1.833251] acpi PNP0A08:06: _OSC: platform does not support [SHPCHotplug]
[    1.833452] acpi PNP0A08:06: _OSC: OS now controls [PCIeHotplug PME PCIeCapability LTR]
[    1.833452] acpi PNP0A08:06: FADT indicates ASPM is unsupported, using BIOS configuration
[    1.833602] PCI host bridge to bus 0000:80
[    1.833603] pci_bus 0000:80: root bus resource [io  0xb000-0xbfff window]
[    1.833604] pci_bus 0000:80: root bus resource [mem 0xc6800000-0xd0ffffff window]
[    1.833605] pci_bus 0000:80: root bus resource [mem 0x250000000000-0x25ffffffffff window]
[    1.833606] pci_bus 0000:80: root bus resource [bus 80]
[    1.833613] pci 0000:80:00.0: [8086:09a2] type 00 class 0x088000
[    1.833693] pci 0000:80:00.1: [8086:09a4] type 00 class 0x088000
[    1.833773] pci 0000:80:00.2: [8086:09a3] type 00 class 0x088000
[    1.833851] pci 0000:80:00.4: [8086:0998] type 00 class 0x060000
[    1.833929] pci 0000:80:02.0: [8086:09a6] type 00 class 0x088000
[    1.833938] pci 0000:80:02.0: reg 0x10: [mem 0xc6aa4000-0xc6aa5fff]
[    1.834002] pci 0000:80:02.1: [8086:09a7] type 00 class 0x088000
[    1.834012] pci 0000:80:02.1: reg 0x10: [mem 0xc6a00000-0xc6a7ffff]
[    1.834017] pci 0000:80:02.1: reg 0x14: [mem 0xc6980000-0xc69fffff]
[    1.834085] pci 0000:80:02.4: [8086:3456] type 00 class 0x130000
[    1.834097] pci 0000:80:02.4: reg 0x10: [mem 0xc6800000-0xc68fffff 64bit]
[    1.834103] pci 0000:80:02.4: reg 0x18: [mem 0xc6aa0000-0xc6aa3fff 64bit]
[    1.834110] pci 0000:80:02.4: reg 0x20: [mem 0xc6a80000-0xc6a9ffff 64bit]
[    1.834170] pci_bus 0000:80: on NUMA node 1
[    1.834238] ACPI: PCI Root Bridge [PC07] (domain 0000 [bus 81])
[    1.834240] acpi PNP0A08:07: _OSC: OS supports [ExtendedConfig ASPM ClockPM Segments MSI HPX-Type3]
[    1.834329] acpi PNP0A08:07: PCIe AER handled by firmware
[    1.834434] acpi PNP0A08:07: _OSC: platform does not support [SHPCHotplug]
[    1.834633] acpi PNP0A08:07: _OSC: OS now controls [PCIeHotplug PME PCIeCapability LTR]
[    1.834633] acpi PNP0A08:07: FADT indicates ASPM is unsupported, using BIOS configuration
[    1.834747] PCI host bridge to bus 0000:81
[    1.834748] pci_bus 0000:81: root bus resource [io  0xc000-0xcfff window]
[    1.834749] pci_bus 0000:81: root bus resource [mem 0xd1000000-0xdbbfffff window]
[    1.834750] pci_bus 0000:81: root bus resource [mem 0x260000000000-0x26ffffffffff window]
[    1.834750] pci_bus 0000:81: root bus resource [bus 81]
[    1.834757] pci 0000:81:00.0: [8086:09a2] type 00 class 0x088000
[    1.834825] pci 0000:81:00.1: [8086:09a4] type 00 class 0x088000
[    1.834891] pci 0000:81:00.2: [8086:09a3] type 00 class 0x088000
[    1.834960] pci 0000:81:00.4: [8086:0998] type 00 class 0x060000
[    1.835039] pci_bus 0000:81: on NUMA node 1
[    1.835099] ACPI: PCI Root Bridge [PC08] (domain 0000 [bus 82])
[    1.835100] acpi PNP0A08:08: _OSC: OS supports [ExtendedConfig ASPM ClockPM Segments MSI HPX-Type3]
[    1.835190] acpi PNP0A08:08: PCIe AER handled by firmware
[    1.835294] acpi PNP0A08:08: _OSC: platform does not support [SHPCHotplug]
[    1.835494] acpi PNP0A08:08: _OSC: OS now controls [PCIeHotplug PME PCIeCapability LTR]
[    1.835495] acpi PNP0A08:08: FADT indicates ASPM is unsupported, using BIOS configuration
[    1.835604] PCI host bridge to bus 0000:82
[    1.835605] pci_bus 0000:82: root bus resource [io  0xd000-0xdfff window]
[    1.835606] pci_bus 0000:82: root bus resource [mem 0xdbc00000-0xe67fffff window]
[    1.835606] pci_bus 0000:82: root bus resource [mem 0x270000000000-0x27ffffffffff window]
[    1.835607] pci_bus 0000:82: root bus resource [bus 82]
[    1.835614] pci 0000:82:00.0: [8086:09a2] type 00 class 0x088000
[    1.835683] pci 0000:82:00.1: [8086:09a4] type 00 class 0x088000
[    1.835750] pci 0000:82:00.2: [8086:09a3] type 00 class 0x088000
[    1.835823] pci 0000:82:00.4: [8086:0998] type 00 class 0x060000
[    1.835904] pci_bus 0000:82: on NUMA node 1
[    1.835990] ACPI: PCI Root Bridge [PC10] (domain 0000 [bus 83-f9])
[    1.835992] acpi PNP0A08:0a: _OSC: OS supports [ExtendedConfig ASPM ClockPM Segments MSI HPX-Type3]
[    1.836081] acpi PNP0A08:0a: PCIe AER handled by firmware
[    1.836185] acpi PNP0A08:0a: _OSC: platform does not support [SHPCHotplug]
[    1.836385] acpi PNP0A08:0a: _OSC: OS now controls [PCIeHotplug PME PCIeCapability LTR]
[    1.836386] acpi PNP0A08:0a: FADT indicates ASPM is unsupported, using BIOS configuration
[    1.836506] PCI host bridge to bus 0000:83
[    1.836507] pci_bus 0000:83: root bus resource [io  0xe000-0xefff window]
[    1.836507] pci_bus 0000:83: root bus resource [mem 0xe6800000-0xf13fffff window]
[    1.836508] pci_bus 0000:83: root bus resource [mem 0x280000000000-0x28ffffffffff window]
[    1.836509] pci_bus 0000:83: root bus resource [bus 83-f9]
[    1.836516] pci 0000:83:00.0: [8086:09a2] type 00 class 0x088000
[    1.836584] pci 0000:83:00.1: [8086:09a4] type 00 class 0x088000
[    1.836652] pci 0000:83:00.2: [8086:09a3] type 00 class 0x088000
[    1.836721] pci 0000:83:00.4: [8086:0998] type 00 class 0x060000
[    1.836800] pci_bus 0000:83: on NUMA node 1
[    1.836859] ACPI: PCI Root Bridge [PC11] (domain 0000 [bus fa])
[    1.836861] acpi PNP0A08:0b: _OSC: OS supports [ExtendedConfig ASPM ClockPM Segments MSI HPX-Type3]
[    1.836951] acpi PNP0A08:0b: PCIe AER handled by firmware
[    1.837055] acpi PNP0A08:0b: _OSC: platform does not support [SHPCHotplug]
[    1.837255] acpi PNP0A08:0b: _OSC: OS now controls [PCIeHotplug PME PCIeCapability LTR]
[    1.837255] acpi PNP0A08:0b: FADT indicates ASPM is unsupported, using BIOS configuration
[    1.837368] PCI host bridge to bus 0000:fa
[    1.837369] pci_bus 0000:fa: root bus resource [io  0xf000-0xffff window]
[    1.837370] pci_bus 0000:fa: root bus resource [mem 0xf1400000-0xfb7fffff window]
[    1.837371] pci_bus 0000:fa: root bus resource [mem 0x290000000000-0x29ffffffffff window]
[    1.837371] pci_bus 0000:fa: root bus resource [bus fa]
[    1.837379] pci 0000:fa:00.0: [8086:09a2] type 00 class 0x088000
[    1.837446] pci 0000:fa:00.1: [8086:09a4] type 00 class 0x088000
[    1.837518] pci 0000:fa:00.2: [8086:09a3] type 00 class 0x088000
[    1.837593] pci 0000:fa:00.4: [8086:0998] type 00 class 0x060000
[    1.837674] pci_bus 0000:fa: on NUMA node 1
[    1.837730] ACPI: PCI Root Bridge [UC16] (domain 0000 [bus fe])
[    1.837732] acpi PNP0A03:02: _OSC: OS supports [ExtendedConfig ASPM ClockPM Segments MSI HPX-Type3]
[    1.837807] acpi PNP0A03:02: PCIe AER handled by firmware
[    1.837897] acpi PNP0A03:02: _OSC: platform does not support [SHPCHotplug LTR]
[    1.838067] acpi PNP0A03:02: _OSC: OS now controls [PCIeHotplug PME PCIeCapability]
[    1.838067] acpi PNP0A03:02: FADT indicates ASPM is unsupported, using BIOS configuration
[    1.838198] PCI host bridge to bus 0000:fe
[    1.838199] pci_bus 0000:fe: root bus resource [bus fe]
[    1.838206] pci 0000:fe:00.0: [8086:3450] type 00 class 0x088000
[    1.838277] pci 0000:fe:00.1: [8086:3451] type 00 class 0x088000
[    1.838343] pci 0000:fe:00.2: [8086:3452] type 00 class 0x088000
[    1.838411] pci 0000:fe:00.3: [8086:0998] type 00 class 0x060000
[    1.838479] pci 0000:fe:00.5: [8086:3455] type 00 class 0x088000
[    1.838551] pci 0000:fe:02.0: [8086:3440] type 00 class 0x088000
[    1.838677] pci 0000:fe:02.1: [8086:3441] type 00 class 0x088000
[    1.838803] pci 0000:fe:02.2: [8086:3442] type 00 class 0x088000
[    1.838920] pci 0000:fe:03.0: [8086:3440] type 00 class 0x088000
[    1.839012] pci 0000:fe:03.1: [8086:3441] type 00 class 0x088000
[    1.839099] pci 0000:fe:03.2: [8086:3442] type 00 class 0x088000
[    1.839191] pci 0000:fe:04.0: [8086:3440] type 00 class 0x088000
[    1.839321] pci 0000:fe:04.1: [8086:3441] type 00 class 0x088000
[    1.839448] pci 0000:fe:04.2: [8086:3442] type 00 class 0x088000
[    1.839572] pci 0000:fe:04.3: [8086:3443] type 00 class 0x088000
[    1.839706] pci 0000:fe:05.0: [8086:3445] type 00 class 0x088000
[    1.839832] pci 0000:fe:05.1: [8086:3446] type 00 class 0x088000
[    1.839952] pci 0000:fe:05.2: [8086:3447] type 00 class 0x088000
[    1.840074] pci 0000:fe:06.0: [8086:3445] type 00 class 0x088000
[    1.840168] pci 0000:fe:06.1: [8086:3446] type 00 class 0x088000
[    1.840257] pci 0000:fe:06.2: [8086:3447] type 00 class 0x088000
[    1.840352] pci 0000:fe:07.0: [8086:3445] type 00 class 0x088000
[    1.840485] pci 0000:fe:07.1: [8086:3446] type 00 class 0x088000
[    1.840619] pci 0000:fe:07.2: [8086:3447] type 00 class 0x088000
[    1.840747] pci 0000:fe:0b.0: [8086:3448] type 00 class 0x088000
[    1.840825] pci 0000:fe:0b.1: [8086:3448] type 00 class 0x088000
[    1.840899] pci 0000:fe:0b.2: [8086:344b] type 00 class 0x088000
[    1.840980] pci 0000:fe:0c.0: [8086:344a] type 00 class 0x110100
[    1.841083] pci 0000:fe:0d.0: [8086:344a] type 00 class 0x110100
[    1.841180] pci 0000:fe:0e.0: [8086:344a] type 00 class 0x110100
[    1.841336] pci 0000:fe:0f.0: [8086:344a] type 00 class 0x110100
[    1.841511] pci 0000:fe:1a.0: [8086:2880] type 00 class 0x110100
[    1.841611] pci 0000:fe:1b.0: [8086:2880] type 00 class 0x110100
[    1.841708] pci 0000:fe:1c.0: [8086:2880] type 00 class 0x110100
[    1.841868] pci 0000:fe:1d.0: [8086:2880] type 00 class 0x110100
[    1.842029] pci_bus 0000:fe: on NUMA node 1
[    1.842102] ACPI: PCI Root Bridge [UC17] (domain 0000 [bus ff])
[    1.842103] acpi PNP0A03:03: _OSC: OS supports [ExtendedConfig ASPM ClockPM Segments MSI HPX-Type3]
[    1.842180] acpi PNP0A03:03: PCIe AER handled by firmware
[    1.842270] acpi PNP0A03:03: _OSC: platform does not support [SHPCHotplug LTR]
[    1.842447] acpi PNP0A03:03: _OSC: OS now controls [PCIeHotplug PME PCIeCapability]
[    1.842448] acpi PNP0A03:03: FADT indicates ASPM is unsupported, using BIOS configuration
[    1.842590] PCI host bridge to bus 0000:ff
[    1.842591] pci_bus 0000:ff: root bus resource [bus ff]
[    1.842601] pci 0000:ff:00.0: [8086:344c] type 00 class 0x088000
[    1.842716] pci 0000:ff:00.1: [8086:344c] type 00 class 0x088000
[    1.842836] pci 0000:ff:00.2: [8086:344c] type 00 class 0x088000
[    1.842943] pci 0000:ff:00.3: [8086:344c] type 00 class 0x088000
[    1.843076] pci 0000:ff:00.4: [8086:344c] type 00 class 0x088000
[    1.843201] pci 0000:ff:00.5: [8086:344c] type 00 class 0x088000
[    1.843303] pci 0000:ff:00.6: [8086:344c] type 00 class 0x088000
[    1.843437] pci 0000:ff:00.7: [8086:344c] type 00 class 0x088000
[    1.843569] pci 0000:ff:01.0: [8086:344c] type 00 class 0x088000
[    1.843711] pci 0000:ff:01.1: [8086:344c] type 00 class 0x088000
[    1.843846] pci 0000:ff:01.2: [8086:344c] type 00 class 0x088000
[    1.843937] pci 0000:ff:01.3: [8086:344c] type 00 class 0x088000
[    1.844086] pci 0000:ff:01.4: [8086:344c] type 00 class 0x088000
[    1.844231] pci 0000:ff:01.5: [8086:344c] type 00 class 0x088000
[    1.844380] pci 0000:ff:01.6: [8086:344c] type 00 class 0x088000
[    1.844513] pci 0000:ff:01.7: [8086:344c] type 00 class 0x088000
[    1.844653] pci 0000:ff:02.0: [8086:344c] type 00 class 0x088000
[    1.844795] pci 0000:ff:02.1: [8086:344c] type 00 class 0x088000
[    1.844934] pci 0000:ff:02.2: [8086:344c] type 00 class 0x088000
[    1.845080] pci 0000:ff:02.3: [8086:344c] type 00 class 0x088000
[    1.845228] pci 0000:ff:02.4: [8086:344c] type 00 class 0x088000
[    1.845373] pci 0000:ff:02.5: [8086:344c] type 00 class 0x088000
[    1.845525] pci 0000:ff:02.6: [8086:344c] type 00 class 0x088000
[    1.845673] pci 0000:ff:02.7: [8086:344c] type 00 class 0x088000
[    1.845832] pci 0000:ff:03.0: [8086:344c] type 00 class 0x088000
[    1.845995] pci 0000:ff:03.1: [8086:344c] type 00 class 0x088000
[    1.846153] pci 0000:ff:03.2: [8086:344c] type 00 class 0x088000
[    1.846323] pci 0000:ff:03.3: [8086:344c] type 00 class 0x088000
[    1.846502] pci 0000:ff:0a.0: [8086:344d] type 00 class 0x088000
[    1.846617] pci 0000:ff:0a.1: [8086:344d] type 00 class 0x088000
[    1.846737] pci 0000:ff:0a.2: [8086:344d] type 00 class 0x088000
[    1.846843] pci 0000:ff:0a.3: [8086:344d] type 00 class 0x088000
[    1.846972] pci 0000:ff:0a.4: [8086:344d] type 00 class 0x088000
[    1.847096] pci 0000:ff:0a.5: [8086:344d] type 00 class 0x088000
[    1.847199] pci 0000:ff:0a.6: [8086:344d] type 00 class 0x088000
[    1.847332] pci 0000:ff:0a.7: [8086:344d] type 00 class 0x088000
[    1.847471] pci 0000:ff:0b.0: [8086:344d] type 00 class 0x088000
[    1.847613] pci 0000:ff:0b.1: [8086:344d] type 00 class 0x088000
[    1.847747] pci 0000:ff:0b.2: [8086:344d] type 00 class 0x088000
[    1.847837] pci 0000:ff:0b.3: [8086:344d] type 00 class 0x088000
[    1.847982] pci 0000:ff:0b.4: [8086:344d] type 00 class 0x088000
[    1.848126] pci 0000:ff:0b.5: [8086:344d] type 00 class 0x088000
[    1.848273] pci 0000:ff:0b.6: [8086:344d] type 00 class 0x088000
[    1.848407] pci 0000:ff:0b.7: [8086:344d] type 00 class 0x088000
[    1.848552] pci 0000:ff:0c.0: [8086:344d] type 00 class 0x088000
[    1.848694] pci 0000:ff:0c.1: [8086:344d] type 00 class 0x088000
[    1.848836] pci 0000:ff:0c.2: [8086:344d] type 00 class 0x088000
[    1.848981] pci 0000:ff:0c.3: [8086:344d] type 00 class 0x088000
[    1.849123] pci 0000:ff:0c.4: [8086:344d] type 00 class 0x088000
[    1.849268] pci 0000:ff:0c.5: [8086:344d] type 00 class 0x088000
[    1.849418] pci 0000:ff:0c.6: [8086:344d] type 00 class 0x088000
[    1.849567] pci 0000:ff:0c.7: [8086:344d] type 00 class 0x088000
[    1.849732] pci 0000:ff:0d.0: [8086:344d] type 00 class 0x088000
[    1.849894] pci 0000:ff:0d.1: [8086:344d] type 00 class 0x088000
[    1.850047] pci 0000:ff:0d.2: [8086:344d] type 00 class 0x088000
[    1.850212] pci 0000:ff:0d.3: [8086:344d] type 00 class 0x088000
[    1.850395] pci 0000:ff:1d.0: [8086:344f] type 00 class 0x088000
[    1.850516] pci 0000:ff:1d.1: [8086:3457] type 00 class 0x088000
[    1.850637] pci 0000:ff:1e.0: [8086:3458] type 00 class 0x088000
[    1.850718] pci 0000:ff:1e.1: [8086:3459] type 00 class 0x088000
[    1.850799] pci 0000:ff:1e.2: [8086:345a] type 00 class 0x088000
[    1.850876] pci 0000:ff:1e.3: [8086:345b] type 00 class 0x088000
[    1.850951] pci 0000:ff:1e.4: [8086:345c] type 00 class 0x088000
[    1.851029] pci 0000:ff:1e.5: [8086:345d] type 00 class 0x088000
[    1.851106] pci 0000:ff:1e.6: [8086:345e] type 00 class 0x088000
[    1.851181] pci 0000:ff:1e.7: [8086:345f] type 00 class 0x088000
[    1.851258] pci_bus 0000:ff: on NUMA node 1
[    1.853291] HMAT: Memory (0x0 length 0x80000000) Flags:0003 Processor Domain:0 Memory Domain:0
[    1.853291] HMAT: Memory (0x100000000 length 0xf80000000) Flags:0003 Processor Domain:0 Memory Domain:0
[    1.853291] HMAT: Memory (0x2080000000 length 0x7e00000000) Flags:0003 Processor Domain:0 Memory Domain:2
[    1.853291] HMAT: Memory (0x1080000000 length 0x1000000000) Flags:0003 Processor Domain:1 Memory Domain:1
[    1.853291] HMAT: Memory (0x9e80000000 length 0x7e00000000) Flags:0003 Processor Domain:1 Memory Domain:3
[    1.853291] HMAT: Locality: Flags:00 Type:Read Latency Initiator Domains:2 Target Domains:4 Base:100
[    1.853291]   Initiator-Target[0-0]:7600 nsec
[    1.853291]   Initiator-Target[0-1]:13560 nsec
[    1.853291]   Initiator-Target[0-2]:25350 nsec
[    1.853291]   Initiator-Target[0-3]:31600 nsec
[    1.853291]   Initiator-Target[1-0]:13560 nsec
[    1.853291]   Initiator-Target[1-1]:7600 nsec
[    1.853291]   Initiator-Target[1-2]:31600 nsec
[    1.853291]   Initiator-Target[1-3]:25350 nsec
[    1.853291] HMAT: Locality: Flags:00 Type:Write Latency Initiator Domains:2 Target Domains:4 Base:100
[    1.853291]   Initiator-Target[0-0]:7600 nsec
[    1.853291]   Initiator-Target[0-1]:13560 nsec
[    1.853291]   Initiator-Target[0-2]:25350 nsec
[    1.853291]   Initiator-Target[0-3]:31600 nsec
[    1.853291]   Initiator-Target[1-0]:13560 nsec
[    1.853291]   Initiator-Target[1-1]:7600 nsec
[    1.853291]   Initiator-Target[1-2]:31600 nsec
[    1.853291]   Initiator-Target[1-3]:25350 nsec
[    1.853291] HMAT: Locality: Flags:00 Type:Read Bandwidth Initiator Domains:2 Target Domains:4 Base:1
[    1.853291]   Initiator-Target[0-0]:1790 MB/s
[    1.853291]   Initiator-Target[0-1]:1790 MB/s
[    1.853291]   Initiator-Target[0-2]:463 MB/s
[    1.853291]   Initiator-Target[0-3]:463 MB/s
[    1.853291]   Initiator-Target[1-0]:1790 MB/s
[    1.853291]   Initiator-Target[1-1]:1790 MB/s
[    1.853291]   Initiator-Target[1-2]:463 MB/s
[    1.853291]   Initiator-Target[1-3]:463 MB/s
[    1.853291] HMAT: Locality: Flags:00 Type:Write Bandwidth Initiator Domains:2 Target Domains:4 Base:1
[    1.853291]   Initiator-Target[0-0]:1910 MB/s
[    1.853291]   Initiator-Target[0-1]:1910 MB/s
[    1.853291]   Initiator-Target[0-2]:138 MB/s
[    1.853291]   Initiator-Target[0-3]:138 MB/s
[    1.853291]   Initiator-Target[1-0]:1910 MB/s
[    1.853291]   Initiator-Target[1-1]:1910 MB/s
[    1.853291]   Initiator-Target[1-2]:138 MB/s
[    1.853291]   Initiator-Target[1-3]:138 MB/s
[    1.853291] WARNING: CPU: 62 PID: 1 at drivers/base/node.c:191 node_set_perf_attrs+0x90/0xb0
[    1.853291] Modules linked in:
[    1.853291] CPU: 62 PID: 1 Comm: swapper/0 Not tainted 5.3.1-multiclock #1
[    1.853291] Hardware name: Dell Inc. PowerEdge R750/0K8F35, BIOS 1.10.2 03/03/2023
[    1.853291] RIP: 0010:node_set_perf_attrs+0x90/0xb0
[    1.853291] Code: f4 02 00 00 4c 89 ea 4c 89 e7 e8 bb bf c7 ff 85 c0 75 24 48 83 c3 08 48 8b 33 48 85 f6 75 e5 5b 41 5a 41 5c 41 5d 41 5e 5d c3 <0f> 0b 5b 41 5a 41 5c 41 5d 41 5e 5d c3 44 89 f6 48 c7 c7 70 5b 1a
[    1.853291] RSP: 0000:ffffb71b80117d80 EFLAGS: 00010246
[    1.853291] RAX: 0000000000000002 RBX: 0000000000000003 RCX: 0000000000000000
[    1.853291] RDX: 0000000000000000 RSI: ffff9e7e96a7c658 RDI: 0000000000000002
[    1.853291] RBP: ffffb71b80117da8 R08: ffff9e6e08a25910 R09: 0000000000000000
[    1.853291] R10: ffff9e7e99e027e0 R11: ffff9e6e10c74370 R12: ffff9e7e96a7c640
[    1.853291] R13: ffffffffa68db310 R14: 0000000000000005 R15: ffffffffa6695806
[    1.853291] FS:  0000000000000000(0000) GS:ffff9e6e117c0000(0000) knlGS:0000000000000000
[    1.853291] CS:  0010 DS: 0000 ES: 0000 CR0: 0000000080050033
[    1.853291] CR2: 0000000000000000 CR3: 000000076560a001 CR4: 0000000000760ee0
[    1.853291] DR0: 0000000000000000 DR1: 0000000000000000 DR2: 0000000000000000
[    1.853291] DR3: 0000000000000000 DR6: 00000000fffe0ff0 DR7: 0000000000000400
[    1.853291] PKRU: 55555554
[    1.853291] Call Trace:
[    1.853291]  hmat_init+0x32a/0x43c
[    1.853291]  ? hmat_parse_subtable+0x503/0x503
[    1.853291]  ? set_debug_rodata+0x17/0x17
[    1.853291]  do_one_initcall+0x4a/0x1fa
[    1.853291]  kernel_init_freeable+0x1c6/0x26d
[    1.853291]  ? rest_init+0xb0/0xb0
[    1.853291]  kernel_init+0xe/0x110
[    1.853291]  ret_from_fork+0x1f/0x40
[    1.853291] ---[ end trace 9a3103b0950ecab3 ]---
[    1.853308] pci 0000:03:00.0: vgaarb: setting as boot VGA device
[    1.853308] pci 0000:03:00.0: vgaarb: VGA device added: decodes=io+mem,owns=io+mem,locks=none
[    1.853363] pci 0000:03:00.0: vgaarb: bridge control possible
[    1.853363] vgaarb: loaded
[    1.853543] SCSI subsystem initialized
[    1.853688] libata version 3.00 loaded.
[    1.853688] ACPI: bus type USB registered
[    1.853688] usbcore: registered new interface driver usbfs
[    1.853688] usbcore: registered new interface driver hub
[    1.853688] usbcore: registered new device driver usb
[    1.853688] pps_core: LinuxPPS API ver. 1 registered
[    1.853688] pps_core: Software ver. 5.3.6 - Copyright 2005-2007 Rodolfo Giometti <giometti@linux.it>
[    1.853688] PTP clock support registered
[    1.857458] EDAC MC: Ver: 3.0.0
[    1.858038] Registered efivars operations
[    1.858038] PCI: Using ACPI for IRQ routing
[    1.858600] PCI: pci_cache_line_size set to 64 bytes
[    1.859157] e820: reserve RAM buffer [mem 0x0008f000-0x0008ffff]
[    1.859158] e820: reserve RAM buffer [mem 0x47bd5020-0x47ffffff]
[    1.859159] e820: reserve RAM buffer [mem 0x47c07020-0x47ffffff]
[    1.859160] e820: reserve RAM buffer [mem 0x47c3a020-0x47ffffff]
[    1.859160] e820: reserve RAM buffer [mem 0x47c6d020-0x47ffffff]
[    1.859161] e820: reserve RAM buffer [mem 0x49e77000-0x4bffffff]
[    1.859162] e820: reserve RAM buffer [mem 0x4b2cf000-0x4bffffff]
[    1.859163] e820: reserve RAM buffer [mem 0x4bd94000-0x4bffffff]
[    1.859163] e820: reserve RAM buffer [mem 0x4ce00000-0x4fffffff]
[    1.859164] e820: reserve RAM buffer [mem 0x5eefe000-0x5fffffff]
[    1.859164] e820: reserve RAM buffer [mem 0x6f800000-0x6fffffff]
[    1.859450] NetLabel: Initializing
[    1.859451] NetLabel:  domain hash size = 128
[    1.859452] NetLabel:  protocols = UNLABELED CIPSOv4 CALIPSO
[    1.859468] NetLabel:  unlabeled traffic allowed by default
[    1.862630] hpet0: at MMIO 0xfed00000, IRQs 2, 8, 0, 0, 0, 0, 0, 0
[    1.862632] hpet0: 8 comparators, 64-bit 24.000000 MHz counter
[    1.866492] clocksource: Switched to clocksource tsc-early
[    1.876503] VFS: Disk quotas dquot_6.6.0
[    1.876543] VFS: Dquot-cache hash table entries: 512 (order 0, 4096 bytes)
[    1.876838] *** VALIDATE hugetlbfs ***
[    1.876946] AppArmor: AppArmor Filesystem Enabled
[    1.876964] pnp: PnP ACPI init
[    1.892453] pnp 00:00: Plug and Play ACPI device, IDs PNP0b00 (active)
[    1.892615] system 00:01: [io  0x0500-0x05fe] has been reserved
[    1.892616] system 00:01: [io  0x0400-0x041f] has been reserved
[    1.892617] system 00:01: [io  0x0600-0x061f] has been reserved
[    1.892618] system 00:01: [io  0x0ca0-0x0ca1] has been reserved
[    1.892619] system 00:01: [io  0x0ca4-0x0ca6] has been reserved
[    1.892621] system 00:01: [mem 0xff000000-0xffffffff] has been reserved
[    1.892625] system 00:01: Plug and Play ACPI device, IDs PNP0c02 (active)
[    1.892870] pnp 00:02: Plug and Play ACPI device, IDs PNP0501 (active)
[    1.893073] pnp 00:03: Plug and Play ACPI device, IDs PNP0501 (active)
[    1.893231] system 00:04: [mem 0xfd000000-0xfdabffff] has been reserved
[    1.893232] system 00:04: [mem 0xfdad0000-0xfdadffff] has been reserved
[    1.893233] system 00:04: [mem 0xfdb00000-0xfdffffff] has been reserved
[    1.893234] system 00:04: [mem 0xfe000000-0xfe00ffff] has been reserved
[    1.893235] system 00:04: [mem 0xfe011000-0xfe01ffff] has been reserved
[    1.893236] system 00:04: [mem 0xfe036000-0xfe03bfff] has been reserved
[    1.893237] system 00:04: [mem 0xfe03d000-0xfe3fffff] has been reserved
[    1.893238] system 00:04: [mem 0xfe410000-0xfe7fffff] has been reserved
[    1.893240] system 00:04: Plug and Play ACPI device, IDs PNP0c02 (active)
[    1.893576] system 00:05: [io  0x1000-0x10fe] has been reserved
[    1.893579] system 00:05: Plug and Play ACPI device, IDs PNP0c02 (active)
[    1.894588] pnp: PnP ACPI: found 6 devices
[    1.895676] thermal_sys: Registered thermal governor 'fair_share'
[    1.895676] thermal_sys: Registered thermal governor 'bang_bang'
[    1.895677] thermal_sys: Registered thermal governor 'step_wise'
[    1.895677] thermal_sys: Registered thermal governor 'user_space'
[    1.895678] thermal_sys: Registered thermal governor 'power_allocator'
[    1.900169] clocksource: acpi_pm: mask: 0xffffff max_cycles: 0xffffff, max_idle_ns: 2085701024 ns
[    1.900191] pci 0000:04:00.0: can't claim BAR 6 [mem 0xfffc0000-0xffffffff pref]: no compatible bridge window
[    1.900192] pci 0000:04:00.1: can't claim BAR 6 [mem 0xfffc0000-0xffffffff pref]: no compatible bridge window
[    1.900194] pci 0000:17:00.0: can't claim BAR 6 [mem 0xfff00000-0xffffffff pref]: no compatible bridge window
[    1.900209] pci 0000:00:1c.5: BAR 14: assigned [mem 0x90000000-0x900fffff]
[    1.900211] pci 0000:00:1c.0: PCI bridge to [bus 01]
[    1.900220] pci 0000:02:00.0: PCI bridge to [bus 03]
[    1.900225] pci 0000:02:00.0:   bridge window [mem 0x92000000-0x928fffff]
[    1.900228] pci 0000:02:00.0:   bridge window [mem 0x91000000-0x91ffffff 64bit pref]
[    1.900234] pci 0000:00:1c.4: PCI bridge to [bus 02-03]
[    1.900237] pci 0000:00:1c.4:   bridge window [mem 0x92000000-0x928fffff]
[    1.900239] pci 0000:00:1c.4:   bridge window [mem 0x91000000-0x91ffffff 64bit pref]
[    1.900244] pci 0000:04:00.0: BAR 6: assigned [mem 0x90000000-0x9003ffff pref]
[    1.900245] pci 0000:04:00.1: BAR 6: assigned [mem 0x90040000-0x9007ffff pref]
[    1.900246] pci 0000:00:1c.5: PCI bridge to [bus 04]
[    1.900249] pci 0000:00:1c.5:   bridge window [mem 0x90000000-0x900fffff]
[    1.900251] pci 0000:00:1c.5:   bridge window [mem 0x92900000-0x929fffff 64bit pref]
[    1.900255] pci_bus 0000:00: resource 4 [io  0x0000-0x0cf7 window]
[    1.900256] pci_bus 0000:00: resource 5 [io  0x1000-0x4fff window]
[    1.900257] pci_bus 0000:00: resource 6 [mem 0x000a0000-0x000bffff window]
[    1.900257] pci_bus 0000:00: resource 7 [mem 0x000c8000-0x000cffff window]
