2024年 05月 18日 星期六 16:08:38 CST
pgmigrate_success 11732
pgmigrate_fail 2
pgmigrate_dst_node_full_fail 0
pgmigrate_numa_isolate_fail 0
pgmigrate_nomem_fail 0
pgmigrate_refcount_fail 0
thp_fault_alloc 0
thp_fault_fallback 0
thp_collapse_alloc 0
thp_collapse_alloc_failed 0
thp_file_alloc 0
thp_file_mapped 0
thp_split_page 0
thp_split_page_failed 0
thp_deferred_split_page 0
thp_split_pmd 0
thp_split_pud 0
thp_zero_page_alloc 0
thp_zero_page_alloc_failed 0
thp_swpout 0
thp_swpout_fallback 0
MemTotal:       1107011948 kB
MemFree:        1076511036 kB
MemAvailable:   1074264872 kB
Buffers:            6028 kB
Cached:           370836 kB
SwapCached:            0 kB
Active:           475364 kB
Inactive:         487336 kB
Active(anon):     298020 kB
Inactive(anon):   294444 kB
Active(file):     177344 kB
Inactive(file):   192892 kB
Unevictable:           0 kB
Mlocked:               0 kB
SwapTotal:       2097148 kB
SwapFree:        2097148 kB
Dirty:              1388 kB
Writeback:             0 kB
AnonPages:        586524 kB
Mapped:           366884 kB
Shmem:              6160 kB
KReclaimable:     223476 kB
Slab:             583144 kB
SReclaimable:     223476 kB
SUnreclaim:       359668 kB
KernelStack:       33236 kB
PageTables:        27792 kB
NFS_Unstable:          0 kB
Bounce:                0 kB
WritebackTmp:          0 kB
CommitLimit:    555603120 kB
Committed_AS:    6432992 kB
VmallocTotal:   34359738367 kB
VmallocUsed:      158508 kB
VmallocChunk:          0 kB
Percpu:           121856 kB
HardwareCorrupted:     0 kB
AnonHugePages:         0 kB
ShmemHugePages:        0 kB
ShmemPmdMapped:        0 kB
CmaTotal:              0 kB
CmaFree:               0 kB
HugePages_Total:       0
HugePages_Free:        0
HugePages_Rsvd:        0
HugePages_Surp:        0
Hugepagesize:       2048 kB
Hugetlb:               0 kB
DirectMap4k:     1109480 kB
DirectMap2M:     8812544 kB
DirectMap1G:    1179648000 kB
2024年 05月 18日 星期六 16:20:02 CST
pgmigrate_success 10581842
pgmigrate_fail 46470668
pgmigrate_dst_node_full_fail 46447104
pgmigrate_numa_isolate_fail 0
pgmigrate_nomem_fail 1
pgmigrate_refcount_fail 6144
thp_fault_alloc 32657
thp_fault_fallback 0
thp_collapse_alloc 24
thp_collapse_alloc_failed 0
thp_file_alloc 0
thp_file_mapped 0
thp_split_page 0
thp_split_page_failed 0
thp_deferred_split_page 74045
thp_split_pmd 4
thp_split_pud 0
thp_zero_page_alloc 0
thp_zero_page_alloc_failed 0
thp_swpout 0
thp_swpout_fallback 0
MemTotal:       1107011948 kB
MemFree:        1076136860 kB
MemAvailable:   1073945284 kB
Buffers:           59568 kB
Cached:           386336 kB
SwapCached:            0 kB
Active:           540688 kB
Inactive:         492732 kB
Active(anon):     306508 kB
Inactive(anon):   287468 kB
Active(file):     234180 kB
Inactive(file):   205264 kB
Unevictable:           0 kB
Mlocked:               0 kB
SwapTotal:       2097148 kB
SwapFree:        2096892 kB
Dirty:                 8 kB
Writeback:             0 kB
AnonPages:        587952 kB
Mapped:           367180 kB
Shmem:              6160 kB
KReclaimable:     263444 kB
Slab:             626796 kB
SReclaimable:     263444 kB
SUnreclaim:       363352 kB
KernelStack:       33488 kB
PageTables:        27680 kB
NFS_Unstable:          0 kB
Bounce:                0 kB
WritebackTmp:          0 kB
CommitLimit:    555603120 kB
Committed_AS:    6419736 kB
VmallocTotal:   34359738367 kB
VmallocUsed:      158380 kB
VmallocChunk:          0 kB
Percpu:           121856 kB
HardwareCorrupted:     0 kB
AnonHugePages:         0 kB
ShmemHugePages:        0 kB
ShmemPmdMapped:        0 kB
CmaTotal:              0 kB
CmaFree:               0 kB
HugePages_Total:       0
HugePages_Free:        0
HugePages_Rsvd:        0
HugePages_Surp:        0
Hugepagesize:       2048 kB
Hugetlb:               0 kB
DirectMap4k:     1109480 kB
DirectMap2M:     8812544 kB
DirectMap1G:    1179648000 kB
