pgmigrate_success 59775022
pgmigrate_fail 462652
thp_migration_success 15190
thp_migration_fail 0
thp_migration_split 0
pgmigrate_fail_dst_node_fail 27317989
pgmigrate_fail_numa_isolate_fail 27328773
pgmigrate_fail_nomem_fail 4466
pgmigrate_fail_refcount_fail 62615
thp_fault_alloc 31099
thp_fault_fallback 0
thp_fault_fallback_charge 0
thp_collapse_alloc 2
thp_collapse_alloc_failed 0
thp_file_alloc 0
thp_file_fallback 0
thp_file_fallback_charge 0
thp_file_mapped 0
thp_split_page 0
thp_split_page_failed 0
thp_deferred_split_page 0
thp_split_pmd 0
thp_split_pud 0
thp_zero_page_alloc 0
thp_zero_page_alloc_failed 0
thp_swpout 0
thp_swpout_fallback 0
MemTotal:       1084999276 kB
MemFree:        1063562140 kB
MemAvailable:   1061661348 kB
Buffers:           66080 kB
Cached:           664512 kB
SwapCached:           84 kB
Active:            90044 kB
Inactive:        1273956 kB
Active(anon):      25992 kB
Inactive(anon):   613660 kB
Active(file):      64052 kB
Inactive(file):   660296 kB
Unevictable:           0 kB
Mlocked:               0 kB
SwapTotal:       2097148 kB
SwapFree:        2093308 kB
Dirty:                32 kB
Writeback:             0 kB
AnonPages:        633716 kB
Mapped:           458608 kB
Shmem:              6208 kB
KReclaimable:     209144 kB
Slab:             650416 kB
SReclaimable:     209144 kB
SUnreclaim:       441272 kB
KernelStack:       33280 kB
PageTables:        32520 kB
NFS_Unstable:          0 kB
Bounce:                0 kB
WritebackTmp:          0 kB
CommitLimit:    544596784 kB
Committed_AS:    6684200 kB
VmallocTotal:   34359738367 kB
VmallocUsed:      137500 kB
VmallocChunk:          0 kB
Percpu:           146048 kB
HardwareCorrupted:     0 kB
AnonHugePages:         0 kB
ShmemHugePages:        0 kB
ShmemPmdMapped:        0 kB
FileHugePages:         0 kB
FilePmdMapped:         0 kB
CmaTotal:              0 kB
CmaFree:               0 kB
HugePages_Total:       0
HugePages_Free:        0
HugePages_Rsvd:        0
HugePages_Surp:        0
Hugepagesize:       2048 kB
Hugetlb:               0 kB
DirectMap4k:      701928 kB
DirectMap2M:     9220096 kB
DirectMap1G:    1179648000 kB
pgmigrate_success 28754447
pgmigrate_fail 54085
thp_migration_success 0
thp_migration_fail 0
thp_migration_split 0
pgmigrate_fail_dst_node_fail 3056991
pgmigrate_fail_numa_isolate_fail 3059339
pgmigrate_fail_nomem_fail 193
pgmigrate_fail_refcount_fail 66605
thp_fault_alloc 0
thp_fault_fallback 0
thp_fault_fallback_charge 0
thp_collapse_alloc 0
thp_collapse_alloc_failed 0
thp_file_alloc 0
thp_file_fallback 0
thp_file_fallback_charge 0
thp_file_mapped 0
thp_split_page 0
thp_split_page_failed 0
thp_deferred_split_page 0
thp_split_pmd 0
thp_split_pud 0
thp_zero_page_alloc 0
thp_zero_page_alloc_failed 0
thp_swpout 0
thp_swpout_fallback 0
MemTotal:       1095079524 kB
MemFree:        1074419964 kB
MemAvailable:   1072325832 kB
Buffers:           65168 kB
Cached:           409168 kB
SwapCached:          468 kB
Active:            81204 kB
Inactive:         998188 kB
Active(anon):      18416 kB
Inactive(anon):   592796 kB
Active(file):      62788 kB
Inactive(file):   405392 kB
Unevictable:           0 kB
Mlocked:               0 kB
SwapTotal:       2097148 kB
SwapFree:        2095100 kB
Dirty:                 4 kB
Writeback:             0 kB
AnonPages:        604888 kB
Mapped:           393336 kB
Shmem:              6208 kB
KReclaimable:     197436 kB
Slab:             591904 kB
SReclaimable:     197436 kB
SUnreclaim:       394468 kB
KernelStack:       32960 kB
PageTables:        31668 kB
NFS_Unstable:          0 kB
Bounce:                0 kB
WritebackTmp:          0 kB
CommitLimit:    549636908 kB
Committed_AS:    6763292 kB
VmallocTotal:   34359738367 kB
VmallocUsed:      190956 kB
VmallocChunk:          0 kB
Percpu:           148288 kB
HardwareCorrupted:     0 kB
AnonHugePages:         0 kB
ShmemHugePages:        0 kB
ShmemPmdMapped:        0 kB
FileHugePages:         0 kB
FilePmdMapped:         0 kB
CmaTotal:              0 kB
CmaFree:               0 kB
HugePages_Total:       0
HugePages_Free:        0
HugePages_Rsvd:        0
HugePages_Surp:        0
Hugepagesize:       2048 kB
Hugetlb:               0 kB
DirectMap4k:      615912 kB
DirectMap2M:    10354688 kB
DirectMap1G:    1178599424 kB
