pgmigrate_success 49069185
pgmigrate_fail 444724
thp_migration_success 15190
thp_migration_fail 0
thp_migration_split 0
pgmigrate_fail_dst_node_fail 25800335
pgmigrate_fail_numa_isolate_fail 25810317
pgmigrate_fail_nomem_fail 4402
pgmigrate_fail_refcount_fail 59475
thp_fault_alloc 31099
thp_fault_fallback 0
thp_fault_fallback_charge 0
thp_collapse_alloc 2
thp_collapse_alloc_failed 0
thp_file_alloc 0
thp_file_fallback 0
thp_file_fallback_charge 0
thp_file_mapped 0
thp_split_page 0
thp_split_page_failed 0
thp_deferred_split_page 0
thp_split_pmd 0
thp_split_pud 0
thp_zero_page_alloc 0
thp_zero_page_alloc_failed 0
thp_swpout 0
thp_swpout_fallback 0
MemTotal:       1084999276 kB
MemFree:        1063940384 kB
MemAvailable:   1061876512 kB
Buffers:            6484 kB
Cached:           403192 kB
SwapCached:           68 kB
Active:            31772 kB
Inactive:        1008608 kB
Active(anon):      12952 kB
Inactive(anon):   624568 kB
Active(file):      18820 kB
Inactive(file):   384040 kB
Unevictable:           0 kB
Mlocked:               0 kB
SwapTotal:       2097148 kB
SwapFree:        2094076 kB
Dirty:               184 kB
Writeback:             0 kB
AnonPages:        631568 kB
Mapped:           400496 kB
Shmem:              6208 kB
KReclaimable:     204468 kB
Slab:             646216 kB
SReclaimable:     204468 kB
SUnreclaim:       441748 kB
KernelStack:       31744 kB
PageTables:        31700 kB
NFS_Unstable:          0 kB
Bounce:                0 kB
WritebackTmp:          0 kB
CommitLimit:    544596784 kB
Committed_AS:    6650520 kB
VmallocTotal:   34359738367 kB
VmallocUsed:      137292 kB
VmallocChunk:          0 kB
Percpu:           146048 kB
HardwareCorrupted:     0 kB
AnonHugePages:         0 kB
ShmemHugePages:        0 kB
ShmemPmdMapped:        0 kB
FileHugePages:         0 kB
FilePmdMapped:         0 kB
CmaTotal:              0 kB
CmaFree:               0 kB
HugePages_Total:       0
HugePages_Free:        0
HugePages_Rsvd:        0
HugePages_Surp:        0
Hugepagesize:       2048 kB
Hugetlb:               0 kB
DirectMap4k:      701928 kB
DirectMap2M:     9220096 kB
DirectMap1G:    1179648000 kB
pgmigrate_success 19157049
pgmigrate_fail 37976
thp_migration_success 0
thp_migration_fail 0
thp_migration_split 0
pgmigrate_fail_dst_node_fail 1979026
pgmigrate_fail_numa_isolate_fail 1979758
pgmigrate_fail_nomem_fail 161
pgmigrate_fail_refcount_fail 1199
thp_fault_alloc 0
thp_fault_fallback 0
thp_fault_fallback_charge 0
thp_collapse_alloc 0
thp_collapse_alloc_failed 0
thp_file_alloc 0
thp_file_fallback 0
thp_file_fallback_charge 0
thp_file_mapped 0
thp_split_page 0
thp_split_page_failed 0
thp_deferred_split_page 0
thp_split_pmd 0
thp_split_pud 0
thp_zero_page_alloc 0
thp_zero_page_alloc_failed 0
thp_swpout 0
thp_swpout_fallback 0
MemTotal:       1095079524 kB
MemFree:        1074540324 kB
MemAvailable:   1072401012 kB
Buffers:            5628 kB
Cached:           395664 kB
SwapCached:            0 kB
Active:            15580 kB
Inactive:         974760 kB
Active(anon):       4024 kB
Inactive(anon):   591680 kB
Active(file):      11556 kB
Inactive(file):   383080 kB
Unevictable:           0 kB
Mlocked:               0 kB
SwapTotal:       2097148 kB
SwapFree:        2096636 kB
Dirty:                72 kB
Writeback:             0 kB
AnonPages:        589616 kB
Mapped:           392592 kB
Shmem:              6208 kB
KReclaimable:     180620 kB
Slab:             563092 kB
SReclaimable:     180620 kB
SUnreclaim:       382472 kB
KernelStack:       31568 kB
PageTables:        30420 kB
NFS_Unstable:          0 kB
Bounce:                0 kB
WritebackTmp:          0 kB
CommitLimit:    549636908 kB
Committed_AS:    6760284 kB
VmallocTotal:   34359738367 kB
VmallocUsed:      190524 kB
VmallocChunk:          0 kB
Percpu:           148288 kB
HardwareCorrupted:     0 kB
AnonHugePages:         0 kB
ShmemHugePages:        0 kB
ShmemPmdMapped:        0 kB
FileHugePages:         0 kB
FilePmdMapped:         0 kB
CmaTotal:              0 kB
CmaFree:               0 kB
HugePages_Total:       0
HugePages_Free:        0
HugePages_Rsvd:        0
HugePages_Surp:        0
Hugepagesize:       2048 kB
Hugetlb:               0 kB
DirectMap4k:      615912 kB
DirectMap2M:    10354688 kB
DirectMap1G:    1178599424 kB
