2024年 06月 18日 星期二 20:52:03 CST
pgmigrate_success 2066228
pgmigrate_fail 13882380
pgmigrate_dst_node_full_fail 13873933
pgmigrate_numa_isolate_fail 75
pgmigrate_nomem_fail 4
pgmigrate_refcount_fail 26
thp_fault_alloc 30233
thp_fault_fallback 0
thp_collapse_alloc 33
thp_collapse_alloc_failed 6
thp_file_alloc 0
thp_file_mapped 0
thp_split_page 0
thp_split_page_failed 0
thp_deferred_split_page 37233
thp_split_pmd 273
thp_split_pud 0
thp_zero_page_alloc 0
thp_zero_page_alloc_failed 0
thp_swpout 0
thp_swpout_fallback 0
MemTotal:       1077571972 kB
MemFree:        1046846916 kB
MemAvailable:   1044726056 kB
Buffers:            5620 kB
Cached:           275828 kB
SwapCached:          520 kB
Active:           298328 kB
Inactive:         603488 kB
Active(anon):     136808 kB
Inactive(anon):   488936 kB
Active(file):     161520 kB
Inactive(file):   114552 kB
Unevictable:           0 kB
Mlocked:               0 kB
SwapTotal:       2097148 kB
SwapFree:        2079484 kB
Dirty:               684 kB
Writeback:             0 kB
AnonPages:        619584 kB
Mapped:           299076 kB
Shmem:              5704 kB
KReclaimable:     261456 kB
Slab:             680084 kB
SReclaimable:     261456 kB
SUnreclaim:       418628 kB
KernelStack:       33908 kB
PageTables:        29204 kB
NFS_Unstable:          0 kB
Bounce:                0 kB
WritebackTmp:          0 kB
CommitLimit:    540883132 kB
Committed_AS:    6109328 kB
VmallocTotal:   34359738367 kB
VmallocUsed:      105700 kB
VmallocChunk:          0 kB
Percpu:           121856 kB
HardwareCorrupted:     0 kB
AnonHugePages:     24576 kB
ShmemHugePages:        0 kB
ShmemPmdMapped:        0 kB
CmaTotal:              0 kB
CmaFree:               0 kB
HugePages_Total:       0
HugePages_Free:        0
HugePages_Rsvd:        0
HugePages_Surp:        0
Hugepagesize:       2048 kB
Hugetlb:               0 kB
DirectMap4k:     1031656 kB
DirectMap2M:     7841792 kB
DirectMap1G:    1180696576 kB
2024年 06月 18日 星期二 20:54:00 CST
pgmigrate_success 2488323
pgmigrate_fail 17815052
pgmigrate_dst_node_full_fail 17794829
pgmigrate_numa_isolate_fail 75
pgmigrate_nomem_fail 4
pgmigrate_refcount_fail 538
thp_fault_alloc 36870
thp_fault_fallback 0
thp_collapse_alloc 36
thp_collapse_alloc_failed 6
thp_file_alloc 0
thp_file_mapped 0
thp_split_page 0
thp_split_page_failed 0
thp_deferred_split_page 45491
thp_split_pmd 320
thp_split_pud 0
thp_zero_page_alloc 0
thp_zero_page_alloc_failed 0
thp_swpout 0
thp_swpout_fallback 0
MemTotal:       1077571972 kB
MemFree:        1046756916 kB
MemAvailable:   1044695168 kB
Buffers:           58332 kB
Cached:           318856 kB
SwapCached:          520 kB
Active:           366816 kB
Inactive:         631484 kB
Active(anon):     138400 kB
Inactive(anon):   488496 kB
Active(file):     228416 kB
Inactive(file):   142988 kB
Unevictable:           0 kB
Mlocked:               0 kB
SwapTotal:       2097148 kB
SwapFree:        2079484 kB
Dirty:              2648 kB
Writeback:             0 kB
AnonPages:        621132 kB
Mapped:           308508 kB
Shmem:              5704 kB
KReclaimable:     284344 kB
Slab:             708516 kB
SReclaimable:     284344 kB
SUnreclaim:       424172 kB
KernelStack:       34672 kB
PageTables:        29428 kB
NFS_Unstable:          0 kB
Bounce:                0 kB
WritebackTmp:          0 kB
CommitLimit:    540883132 kB
Committed_AS:    6254088 kB
VmallocTotal:   34359738367 kB
VmallocUsed:      105764 kB
VmallocChunk:          0 kB
Percpu:           121856 kB
HardwareCorrupted:     0 kB
AnonHugePages:      8192 kB
ShmemHugePages:        0 kB
ShmemPmdMapped:        0 kB
CmaTotal:              0 kB
CmaFree:               0 kB
HugePages_Total:       0
HugePages_Free:        0
HugePages_Rsvd:        0
HugePages_Surp:        0
Hugepagesize:       2048 kB
Hugetlb:               0 kB
DirectMap4k:     1031656 kB
DirectMap2M:     7841792 kB
DirectMap1G:    1180696576 kB
