2024年 06月 30日 星期日 12:32:16 CST
pgmigrate_success 5776608
pgmigrate_fail 24454166
pgmigrate_dst_node_full_fail 24370186
pgmigrate_numa_isolate_fail 5
pgmigrate_nomem_fail 2
pgmigrate_refcount_fail 6656
thp_fault_alloc 153898
thp_fault_fallback 0
thp_collapse_alloc 0
thp_collapse_alloc_failed 27
thp_file_alloc 0
thp_file_mapped 0
thp_split_page 0
thp_split_page_failed 0
thp_deferred_split_page 172415
thp_split_pmd 47
thp_split_pud 0
thp_zero_page_alloc 18
thp_zero_page_alloc_failed 0
thp_swpout 0
thp_swpout_fallback 0
MemTotal:       1123314996 kB
MemFree:        1092361732 kB
MemAvailable:   1090056188 kB
Buffers:            7688 kB
Cached:           416688 kB
SwapCached:           24 kB
Active:           467568 kB
Inactive:         560824 kB
Active(anon):     265556 kB
Inactive(anon):   344556 kB
Active(file):     202012 kB
Inactive(file):   216268 kB
Unevictable:           0 kB
Mlocked:               0 kB
SwapTotal:       2097148 kB
SwapFree:        2096380 kB
Dirty:               352 kB
Writeback:             0 kB
AnonPages:        604092 kB
Mapped:           413380 kB
Shmem:              6048 kB
KReclaimable:     249228 kB
Slab:             644200 kB
SReclaimable:     249228 kB
SUnreclaim:       394972 kB
KernelStack:       33556 kB
PageTables:        28088 kB
NFS_Unstable:          0 kB
Bounce:                0 kB
WritebackTmp:          0 kB
CommitLimit:    563754644 kB
Committed_AS:    6801460 kB
VmallocTotal:   34359738367 kB
VmallocUsed:      161172 kB
VmallocChunk:          0 kB
Percpu:           123200 kB
HardwareCorrupted:     0 kB
AnonHugePages:      6144 kB
ShmemHugePages:        0 kB
ShmemPmdMapped:        0 kB
CmaTotal:              0 kB
CmaFree:               0 kB
HugePages_Total:       0
HugePages_Free:        0
HugePages_Rsvd:        0
HugePages_Surp:        0
Hugepagesize:       2048 kB
Hugetlb:               0 kB
DirectMap4k:     1170916 kB
DirectMap2M:     8751104 kB
DirectMap1G:    1179648000 kB
2024年 06月 30日 星期日 12:34:24 CST
pgmigrate_success 6791086
pgmigrate_fail 25027606
pgmigrate_dst_node_full_fail 24908298
pgmigrate_numa_isolate_fail 5
pgmigrate_nomem_fail 2
pgmigrate_refcount_fail 6656
thp_fault_alloc 214506
thp_fault_fallback 0
thp_collapse_alloc 0
thp_collapse_alloc_failed 30
thp_file_alloc 0
thp_file_mapped 0
thp_split_page 0
thp_split_page_failed 0
thp_deferred_split_page 234978
thp_split_pmd 57
thp_split_pud 0
thp_zero_page_alloc 29
thp_zero_page_alloc_failed 0
thp_swpout 0
thp_swpout_fallback 0
MemTotal:       1123314996 kB
MemFree:        1075766712 kB
MemAvailable:   1088969888 kB
Buffers:           63288 kB
Cached:         16864936 kB
SwapCached:            8 kB
Active:           525896 kB
Inactive:       17008656 kB
Active(anon):     266792 kB
Inactive(anon):   345784 kB
Active(file):     259104 kB
Inactive(file): 16662872 kB
Unevictable:           0 kB
Mlocked:               0 kB
SwapTotal:       2097148 kB
SwapFree:        2095612 kB
Dirty:                12 kB
Writeback:             0 kB
AnonPages:        606984 kB
Mapped:           384996 kB
Shmem:              6048 kB
KReclaimable:     357900 kB
Slab:             754440 kB
SReclaimable:     357900 kB
SUnreclaim:       396540 kB
KernelStack:       33744 kB
PageTables:        28240 kB
NFS_Unstable:          0 kB
Bounce:                0 kB
WritebackTmp:          0 kB
CommitLimit:    563754644 kB
Committed_AS:    6815692 kB
VmallocTotal:   34359738367 kB
VmallocUsed:      161140 kB
VmallocChunk:          0 kB
Percpu:           123200 kB
HardwareCorrupted:     0 kB
AnonHugePages:         0 kB
ShmemHugePages:        0 kB
ShmemPmdMapped:        0 kB
CmaTotal:              0 kB
CmaFree:               0 kB
HugePages_Total:       0
HugePages_Free:        0
HugePages_Rsvd:        0
HugePages_Surp:        0
Hugepagesize:       2048 kB
Hugetlb:               0 kB
DirectMap4k:     1170916 kB
DirectMap2M:     8751104 kB
DirectMap1G:    1179648000 kB
