[    0.000000] Linux version 5.15.0-tiering-0.8 (xmu@xmu-PowerEdge-R750) (gcc (Ubuntu 8.4.0-1ubuntu1~18.04) 8.4.0, GNU ld (GNU Binutils for Ubuntu) 2.30) #1 SMP Thu Apr 18 19:37:58 CST 2024
[    0.000000] Command line: BOOT_IMAGE=/boot/vmlinuz-5.15.0-tiering-0.8 root=UUID=ce0c24b8-724b-4f33-9b2c-618433560aef ro memmap=37200M!4096M memmap=59G!64G quiet splash nomodeset vt.handoff=1
[    0.000000] KERNEL supported cpus:
[    0.000000]   Intel GenuineIntel
[    0.000000]   AMD AuthenticAMD
[    0.000000]   Hygon HygonGenuine
[    0.000000]   Centaur CentaurHauls
[    0.000000]   zhaoxin   Shanghai  
[    0.000000] x86/split lock detection: #AC: crashing the kernel on kernel split_locks and warning on user-space split_locks
[    0.000000] x86/fpu: Supporting XSAVE feature 0x001: 'x87 floating point registers'
[    0.000000] x86/fpu: Supporting XSAVE feature 0x002: 'SSE registers'
[    0.000000] x86/fpu: Supporting XSAVE feature 0x004: 'AVX registers'
[    0.000000] x86/fpu: Supporting XSAVE feature 0x020: 'AVX-512 opmask'
[    0.000000] x86/fpu: Supporting XSAVE feature 0x040: 'AVX-512 Hi256'
[    0.000000] x86/fpu: Supporting XSAVE feature 0x080: 'AVX-512 ZMM_Hi256'
[    0.000000] x86/fpu: Supporting XSAVE feature 0x200: 'Protection Keys User registers'
[    0.000000] x86/fpu: xstate_offset[2]:  576, xstate_sizes[2]:  256
[    0.000000] x86/fpu: xstate_offset[5]:  832, xstate_sizes[5]:   64
[    0.000000] x86/fpu: xstate_offset[6]:  896, xstate_sizes[6]:  512
[    0.000000] x86/fpu: xstate_offset[7]: 1408, xstate_sizes[7]: 1024
[    0.000000] x86/fpu: xstate_offset[9]: 2432, xstate_sizes[9]:    8
[    0.000000] x86/fpu: Enabled xstate features 0x2e7, context size is 2440 bytes, using 'compacted' format.
[    0.000000] signal: max sigframe size: 3632
[    0.000000] BIOS-provided physical RAM map:
[    0.000000] BIOS-e820: [mem 0x0000000000000000-0x000000000008efff] usable
[    0.000000] BIOS-e820: [mem 0x000000000008f000-0x000000000008ffff] reserved
[    0.000000] BIOS-e820: [mem 0x0000000000090000-0x000000000009ffff] usable
[    0.000000] BIOS-e820: [mem 0x00000000000a0000-0x00000000000fffff] reserved
[    0.000000] BIOS-e820: [mem 0x0000000000100000-0x0000000049e76fff] usable
[    0.000000] BIOS-e820: [mem 0x0000000049e77000-0x000000004ae76fff] ACPI NVS
[    0.000000] BIOS-e820: [mem 0x000000004ae77000-0x000000004b2cefff] usable
[    0.000000] BIOS-e820: [mem 0x000000004b2cf000-0x000000004b54dfff] ACPI data
[    0.000000] BIOS-e820: [mem 0x000000004b54e000-0x000000004bd93fff] usable
[    0.000000] BIOS-e820: [mem 0x000000004bd94000-0x000000004be99fff] reserved
[    0.000000] BIOS-e820: [mem 0x000000004be9a000-0x000000004cdfffff] usable
[    0.000000] BIOS-e820: [mem 0x000000004ce00000-0x000000004cffffff] reserved
[    0.000000] BIOS-e820: [mem 0x000000004d000000-0x000000005eefdfff] usable
[    0.000000] BIOS-e820: [mem 0x000000005eefe000-0x000000006e3fefff] reserved
[    0.000000] BIOS-e820: [mem 0x000000006e3ff000-0x000000006f3fefff] ACPI NVS
[    0.000000] BIOS-e820: [mem 0x000000006f3ff000-0x000000006f7fefff] ACPI data
[    0.000000] BIOS-e820: [mem 0x000000006f7ff000-0x000000006f7fffff] usable
[    0.000000] BIOS-e820: [mem 0x000000006f800000-0x000000008fffffff] reserved
[    0.000000] BIOS-e820: [mem 0x00000000fe000000-0x00000000fe010fff] reserved
[    0.000000] BIOS-e820: [mem 0x0000000100000000-0x000000207fffffff] usable
[    0.000000] BIOS-e820: [mem 0x0000002080000000-0x0000011c7fffffff] persistent (type 7)
[    0.000000] BIOS-e820: [mem 0x00001ffc00000000-0x00001fffffffffff] reserved
[    0.000000] NX (Execute Disable) protection: active
[    0.000000] e820: update [mem 0x46d5d020-0x46d6505f] usable ==> usable
[    0.000000] e820: update [mem 0x46d5d020-0x46d6505f] usable ==> usable
[    0.000000] e820: update [mem 0x46d2a020-0x46d5cc5f] usable ==> usable
[    0.000000] e820: update [mem 0x46d2a020-0x46d5cc5f] usable ==> usable
[    0.000000] e820: update [mem 0x46cf7020-0x46d29c5f] usable ==> usable
[    0.000000] e820: update [mem 0x46cf7020-0x46d29c5f] usable ==> usable
[    0.000000] e820: update [mem 0x46cc5020-0x46cf6a5f] usable ==> usable
[    0.000000] e820: update [mem 0x46cc5020-0x46cf6a5f] usable ==> usable
[    0.000000] extended physical RAM map:
[    0.000000] reserve setup_data: [mem 0x0000000000000000-0x000000000008efff] usable
[    0.000000] reserve setup_data: [mem 0x000000000008f000-0x000000000008ffff] reserved
[    0.000000] reserve setup_data: [mem 0x0000000000090000-0x000000000009ffff] usable
[    0.000000] reserve setup_data: [mem 0x00000000000a0000-0x00000000000fffff] reserved
[    0.000000] reserve setup_data: [mem 0x0000000000100000-0x0000000046cc501f] usable
[    0.000000] reserve setup_data: [mem 0x0000000046cc5020-0x0000000046cf6a5f] usable
[    0.000000] reserve setup_data: [mem 0x0000000046cf6a60-0x0000000046cf701f] usable
[    0.000000] reserve setup_data: [mem 0x0000000046cf7020-0x0000000046d29c5f] usable
[    0.000000] reserve setup_data: [mem 0x0000000046d29c60-0x0000000046d2a01f] usable
[    0.000000] reserve setup_data: [mem 0x0000000046d2a020-0x0000000046d5cc5f] usable
[    0.000000] reserve setup_data: [mem 0x0000000046d5cc60-0x0000000046d5d01f] usable
[    0.000000] reserve setup_data: [mem 0x0000000046d5d020-0x0000000046d6505f] usable
[    0.000000] reserve setup_data: [mem 0x0000000046d65060-0x0000000049e76fff] usable
[    0.000000] reserve setup_data: [mem 0x0000000049e77000-0x000000004ae76fff] ACPI NVS
[    0.000000] reserve setup_data: [mem 0x000000004ae77000-0x000000004b2cefff] usable
[    0.000000] reserve setup_data: [mem 0x000000004b2cf000-0x000000004b54dfff] ACPI data
[    0.000000] reserve setup_data: [mem 0x000000004b54e000-0x000000004bd93fff] usable
[    0.000000] reserve setup_data: [mem 0x000000004bd94000-0x000000004be99fff] reserved
[    0.000000] reserve setup_data: [mem 0x000000004be9a000-0x000000004cdfffff] usable
[    0.000000] reserve setup_data: [mem 0x000000004ce00000-0x000000004cffffff] reserved
[    0.000000] reserve setup_data: [mem 0x000000004d000000-0x000000005eefdfff] usable
[    0.000000] reserve setup_data: [mem 0x000000005eefe000-0x000000006e3fefff] reserved
[    0.000000] reserve setup_data: [mem 0x000000006e3ff000-0x000000006f3fefff] ACPI NVS
[    0.000000] reserve setup_data: [mem 0x000000006f3ff000-0x000000006f7fefff] ACPI data
[    0.000000] reserve setup_data: [mem 0x000000006f7ff000-0x000000006f7fffff] usable
[    0.000000] reserve setup_data: [mem 0x000000006f800000-0x000000008fffffff] reserved
[    0.000000] reserve setup_data: [mem 0x00000000fe000000-0x00000000fe010fff] reserved
[    0.000000] reserve setup_data: [mem 0x0000000100000000-0x0000000a14ffffff] persistent (type 12)
[    0.000000] reserve setup_data: [mem 0x0000000a15000000-0x0000000fffffffff] usable
[    0.000000] reserve setup_data: [mem 0x0000001000000000-0x0000001ebfffffff] persistent (type 12)
[    0.000000] reserve setup_data: [mem 0x0000001ec0000000-0x000000207fffffff] usable
[    0.000000] reserve setup_data: [mem 0x0000002080000000-0x0000011c7fffffff] persistent (type 7)
[    0.000000] reserve setup_data: [mem 0x00001ffc00000000-0x00001fffffffffff] reserved
[    0.000000] user-defined physical RAM map:
[    0.000000] user: [mem 0x0000000000000000-0x000000000008efff] usable
[    0.000000] user: [mem 0x000000000008f000-0x000000000008ffff] reserved
[    0.000000] user: [mem 0x0000000000090000-0x000000000009ffff] usable
[    0.000000] user: [mem 0x00000000000a0000-0x00000000000fffff] reserved
[    0.000000] user: [mem 0x0000000000100000-0x0000000046cc501f] usable
[    0.000000] user: [mem 0x0000000046cc5020-0x0000000046cf6a5f] usable
[    0.000000] user: [mem 0x0000000046cf6a60-0x0000000046cf701f] usable
[    0.000000] user: [mem 0x0000000046cf7020-0x0000000046d29c5f] usable
[    0.000000] user: [mem 0x0000000046d29c60-0x0000000046d2a01f] usable
[    0.000000] user: [mem 0x0000000046d2a020-0x0000000046d5cc5f] usable
[    0.000000] user: [mem 0x0000000046d5cc60-0x0000000046d5d01f] usable
[    0.000000] user: [mem 0x0000000046d5d020-0x0000000046d6505f] usable
[    0.000000] user: [mem 0x0000000046d65060-0x0000000049e76fff] usable
[    0.000000] user: [mem 0x0000000049e77000-0x000000004ae76fff] ACPI NVS
[    0.000000] user: [mem 0x000000004ae77000-0x000000004b2cefff] usable
[    0.000000] user: [mem 0x000000004b2cf000-0x000000004b54dfff] ACPI data
[    0.000000] user: [mem 0x000000004b54e000-0x000000004bd93fff] usable
[    0.000000] user: [mem 0x000000004bd94000-0x000000004be99fff] reserved
[    0.000000] user: [mem 0x000000004be9a000-0x000000004cdfffff] usable
[    0.000000] user: [mem 0x000000004ce00000-0x000000004cffffff] reserved
[    0.000000] user: [mem 0x000000004d000000-0x000000005eefdfff] usable
[    0.000000] user: [mem 0x000000005eefe000-0x000000006e3fefff] reserved
[    0.000000] user: [mem 0x000000006e3ff000-0x000000006f3fefff] ACPI NVS
[    0.000000] user: [mem 0x000000006f3ff000-0x000000006f7fefff] ACPI data
[    0.000000] user: [mem 0x000000006f7ff000-0x000000006f7fffff] usable
[    0.000000] user: [mem 0x000000006f800000-0x000000008fffffff] reserved
[    0.000000] user: [mem 0x00000000fe000000-0x00000000fe010fff] reserved
[    0.000000] user: [mem 0x0000000100000000-0x0000000a14ffffff] persistent (type 12)
[    0.000000] user: [mem 0x0000000a15000000-0x0000000fffffffff] usable
[    0.000000] user: [mem 0x0000001000000000-0x0000001ebfffffff] persistent (type 12)
[    0.000000] user: [mem 0x0000001ec0000000-0x000000207fffffff] usable
[    0.000000] user: [mem 0x0000002080000000-0x0000011c7fffffff] persistent (type 7)
[    0.000000] user: [mem 0x00001ffc00000000-0x00001fffffffffff] reserved
[    0.000000] efi: EFI v2.70 by Dell Inc.
[    0.000000] efi: ACPI=0x6f7fe000 ACPI 2.0=0x6f7fe014 MEMATTR=0x5b070020 SMBIOS=0x69526000 SMBIOS 3.0=0x69524000 MOKvar=0x5ef81000 RNG=0x5ef8a920 
[    0.000000] efi: seeding entropy pool
[    0.000000] random: fast init done
[    0.000000] SMBIOS 3.3.0 present.
[    0.000000] DMI: Dell Inc. PowerEdge R750/0K8F35, BIOS 1.10.2 03/03/2023
[    0.000000] tsc: Detected 2000.000 MHz processor
[    0.000008] e820: update [mem 0x00000000-0x00000fff] usable ==> reserved
[    0.000011] e820: remove [mem 0x000a0000-0x000fffff] usable
[    0.000019] last_pfn = 0x2080000 max_arch_pfn = 0x400000000
[    0.000225] x86/PAT: Configuration [0-7]: WB  WC  UC- UC  WB  WP  UC- WT  
[    0.003088] total RAM covered: 2095088M
[    0.003172]  gran_size: 64K 	chunk_size: 64K 	num_reg: 10  	lose cover RAM: 2016G
[    0.003175]  gran_size: 64K 	chunk_size: 128K 	num_reg: 10  	lose cover RAM: 2016G
[    0.003177]  gran_size: 64K 	chunk_size: 256K 	num_reg: 10  	lose cover RAM: 2016G
[    0.003178]  gran_size: 64K 	chunk_size: 512K 	num_reg: 10  	lose cover RAM: 2016G
[    0.003179]  gran_size: 64K 	chunk_size: 1M 	num_reg: 10  	lose cover RAM: 2016G
[    0.003181]  gran_size: 64K 	chunk_size: 2M 	num_reg: 10  	lose cover RAM: 2016G
[    0.003182]  gran_size: 64K 	chunk_size: 4M 	num_reg: 10  	lose cover RAM: 2016G
[    0.003183]  gran_size: 64K 	chunk_size: 8M 	num_reg: 10  	lose cover RAM: 2016G
[    0.003185]  gran_size: 64K 	chunk_size: 16M 	num_reg: 10  	lose cover RAM: 2016G
[    0.003186]  gran_size: 64K 	chunk_size: 32M 	num_reg: 10  	lose cover RAM: 1024G
[    0.003187]  gran_size: 64K 	chunk_size: 64M 	num_reg: 10  	lose cover RAM: 1024G
[    0.003189]  gran_size: 64K 	chunk_size: 128M 	num_reg: 10  	lose cover RAM: 1024G
[    0.003190]  gran_size: 64K 	chunk_size: 256M 	num_reg: 10  	lose cover RAM: 1024G
[    0.003191]  gran_size: 64K 	chunk_size: 512M 	num_reg: 10  	lose cover RAM: 1024G
[    0.003192]  gran_size: 64K 	chunk_size: 1G 	num_reg: 10  	lose cover RAM: 1024G
[    0.003194]  gran_size: 64K 	chunk_size: 2G 	num_reg: 10  	lose cover RAM: 1024G
[    0.003195]  gran_size: 128K 	chunk_size: 128K 	num_reg: 10  	lose cover RAM: 2016G
[    0.003196]  gran_size: 128K 	chunk_size: 256K 	num_reg: 10  	lose cover RAM: 2016G
[    0.003197]  gran_size: 128K 	chunk_size: 512K 	num_reg: 10  	lose cover RAM: 2016G
[    0.003199]  gran_size: 128K 	chunk_size: 1M 	num_reg: 10  	lose cover RAM: 2016G
[    0.003200]  gran_size: 128K 	chunk_size: 2M 	num_reg: 10  	lose cover RAM: 2016G
[    0.003201]  gran_size: 128K 	chunk_size: 4M 	num_reg: 10  	lose cover RAM: 2016G
[    0.003202]  gran_size: 128K 	chunk_size: 8M 	num_reg: 10  	lose cover RAM: 2016G
[    0.003204]  gran_size: 128K 	chunk_size: 16M 	num_reg: 10  	lose cover RAM: 2016G
[    0.003205]  gran_size: 128K 	chunk_size: 32M 	num_reg: 10  	lose cover RAM: 1024G
[    0.003206]  gran_size: 128K 	chunk_size: 64M 	num_reg: 10  	lose cover RAM: 1024G
[    0.003207]  gran_size: 128K 	chunk_size: 128M 	num_reg: 10  	lose cover RAM: 1024G
[    0.003209]  gran_size: 128K 	chunk_size: 256M 	num_reg: 10  	lose cover RAM: 1024G
[    0.003210]  gran_size: 128K 	chunk_size: 512M 	num_reg: 10  	lose cover RAM: 1024G
[    0.003212]  gran_size: 128K 	chunk_size: 1G 	num_reg: 10  	lose cover RAM: 1024G
[    0.003213]  gran_size: 128K 	chunk_size: 2G 	num_reg: 10  	lose cover RAM: 1024G
[    0.003215]  gran_size: 256K 	chunk_size: 256K 	num_reg: 10  	lose cover RAM: 2016G
[    0.003216]  gran_size: 256K 	chunk_size: 512K 	num_reg: 10  	lose cover RAM: 2016G
[    0.003218]  gran_size: 256K 	chunk_size: 1M 	num_reg: 10  	lose cover RAM: 2016G
[    0.003219]  gran_size: 256K 	chunk_size: 2M 	num_reg: 10  	lose cover RAM: 2016G
[    0.003220]  gran_size: 256K 	chunk_size: 4M 	num_reg: 10  	lose cover RAM: 2016G
[    0.003221]  gran_size: 256K 	chunk_size: 8M 	num_reg: 10  	lose cover RAM: 2016G
[    0.003222]  gran_size: 256K 	chunk_size: 16M 	num_reg: 10  	lose cover RAM: 2016G
[    0.003224]  gran_size: 256K 	chunk_size: 32M 	num_reg: 10  	lose cover RAM: 1024G
[    0.003225]  gran_size: 256K 	chunk_size: 64M 	num_reg: 10  	lose cover RAM: 1024G
[    0.003226]  gran_size: 256K 	chunk_size: 128M 	num_reg: 10  	lose cover RAM: 1024G
[    0.003228]  gran_size: 256K 	chunk_size: 256M 	num_reg: 10  	lose cover RAM: 1024G
[    0.003229]  gran_size: 256K 	chunk_size: 512M 	num_reg: 10  	lose cover RAM: 1024G
[    0.003230]  gran_size: 256K 	chunk_size: 1G 	num_reg: 10  	lose cover RAM: 1024G
[    0.003231]  gran_size: 256K 	chunk_size: 2G 	num_reg: 10  	lose cover RAM: 1024G
[    0.003233]  gran_size: 512K 	chunk_size: 512K 	num_reg: 10  	lose cover RAM: 2016G
[    0.003234]  gran_size: 512K 	chunk_size: 1M 	num_reg: 10  	lose cover RAM: 2016G
[    0.003236]  gran_size: 512K 	chunk_size: 2M 	num_reg: 10  	lose cover RAM: 2016G
[    0.003237]  gran_size: 512K 	chunk_size: 4M 	num_reg: 10  	lose cover RAM: 2016G
[    0.003239]  gran_size: 512K 	chunk_size: 8M 	num_reg: 10  	lose cover RAM: 2016G
[    0.003240]  gran_size: 512K 	chunk_size: 16M 	num_reg: 10  	lose cover RAM: 2016G
[    0.003241]  gran_size: 512K 	chunk_size: 32M 	num_reg: 10  	lose cover RAM: 1024G
[    0.003243]  gran_size: 512K 	chunk_size: 64M 	num_reg: 10  	lose cover RAM: 1024G
[    0.003244]  gran_size: 512K 	chunk_size: 128M 	num_reg: 10  	lose cover RAM: 1024G
[    0.003245]  gran_size: 512K 	chunk_size: 256M 	num_reg: 10  	lose cover RAM: 1024G
[    0.003246]  gran_size: 512K 	chunk_size: 512M 	num_reg: 10  	lose cover RAM: 1024G
[    0.003248]  gran_size: 512K 	chunk_size: 1G 	num_reg: 10  	lose cover RAM: 1024G
[    0.003249]  gran_size: 512K 	chunk_size: 2G 	num_reg: 10  	lose cover RAM: 1024G
[    0.003250]  gran_size: 1M 	chunk_size: 1M 	num_reg: 10  	lose cover RAM: 2016G
[    0.003252]  gran_size: 1M 	chunk_size: 2M 	num_reg: 10  	lose cover RAM: 2016G
[    0.003253]  gran_size: 1M 	chunk_size: 4M 	num_reg: 10  	lose cover RAM: 2016G
[    0.003254]  gran_size: 1M 	chunk_size: 8M 	num_reg: 10  	lose cover RAM: 2016G
[    0.003255]  gran_size: 1M 	chunk_size: 16M 	num_reg: 10  	lose cover RAM: 2016G
[    0.003257]  gran_size: 1M 	chunk_size: 32M 	num_reg: 10  	lose cover RAM: 1024G
[    0.003258]  gran_size: 1M 	chunk_size: 64M 	num_reg: 10  	lose cover RAM: 1024G
[    0.003259]  gran_size: 1M 	chunk_size: 128M 	num_reg: 10  	lose cover RAM: 1024G
[    0.003260]  gran_size: 1M 	chunk_size: 256M 	num_reg: 10  	lose cover RAM: 1024G
[    0.003262]  gran_size: 1M 	chunk_size: 512M 	num_reg: 10  	lose cover RAM: 1024G
[    0.003263]  gran_size: 1M 	chunk_size: 1G 	num_reg: 10  	lose cover RAM: 1024G
[    0.003264]  gran_size: 1M 	chunk_size: 2G 	num_reg: 10  	lose cover RAM: 1024G
[    0.003265]  gran_size: 2M 	chunk_size: 2M 	num_reg: 10  	lose cover RAM: 2016G
[    0.003266]  gran_size: 2M 	chunk_size: 4M 	num_reg: 10  	lose cover RAM: 2016G
[    0.003268]  gran_size: 2M 	chunk_size: 8M 	num_reg: 10  	lose cover RAM: 2016G
[    0.003269]  gran_size: 2M 	chunk_size: 16M 	num_reg: 10  	lose cover RAM: 2016G
[    0.003270]  gran_size: 2M 	chunk_size: 32M 	num_reg: 10  	lose cover RAM: 1024G
[    0.003272]  gran_size: 2M 	chunk_size: 64M 	num_reg: 10  	lose cover RAM: 1024G
[    0.003273]  gran_size: 2M 	chunk_size: 128M 	num_reg: 10  	lose cover RAM: 1024G
[    0.003275]  gran_size: 2M 	chunk_size: 256M 	num_reg: 10  	lose cover RAM: 1024G
[    0.003276]  gran_size: 2M 	chunk_size: 512M 	num_reg: 10  	lose cover RAM: 1024G
[    0.003277]  gran_size: 2M 	chunk_size: 1G 	num_reg: 10  	lose cover RAM: 1024G
[    0.003279]  gran_size: 2M 	chunk_size: 2G 	num_reg: 10  	lose cover RAM: 1024G
[    0.003280]  gran_size: 4M 	chunk_size: 4M 	num_reg: 10  	lose cover RAM: 2016G
[    0.003281]  gran_size: 4M 	chunk_size: 8M 	num_reg: 10  	lose cover RAM: 2016G
[    0.003283]  gran_size: 4M 	chunk_size: 16M 	num_reg: 10  	lose cover RAM: 2016G
[    0.003284]  gran_size: 4M 	chunk_size: 32M 	num_reg: 10  	lose cover RAM: 1024G
[    0.003285]  gran_size: 4M 	chunk_size: 64M 	num_reg: 10  	lose cover RAM: 1024G
[    0.003286]  gran_size: 4M 	chunk_size: 128M 	num_reg: 10  	lose cover RAM: 1024G
[    0.003288]  gran_size: 4M 	chunk_size: 256M 	num_reg: 10  	lose cover RAM: 1024G
[    0.003289]  gran_size: 4M 	chunk_size: 512M 	num_reg: 10  	lose cover RAM: 1024G
[    0.003290]  gran_size: 4M 	chunk_size: 1G 	num_reg: 10  	lose cover RAM: 1024G
[    0.003291]  gran_size: 4M 	chunk_size: 2G 	num_reg: 10  	lose cover RAM: 1024G
[    0.003293]  gran_size: 8M 	chunk_size: 8M 	num_reg: 10  	lose cover RAM: 2016G
[    0.003294]  gran_size: 8M 	chunk_size: 16M 	num_reg: 10  	lose cover RAM: 2016G
[    0.003295]  gran_size: 8M 	chunk_size: 32M 	num_reg: 10  	lose cover RAM: 1024G
[    0.003297]  gran_size: 8M 	chunk_size: 64M 	num_reg: 10  	lose cover RAM: 1024G
[    0.003298]  gran_size: 8M 	chunk_size: 128M 	num_reg: 10  	lose cover RAM: 1024G
[    0.003299]  gran_size: 8M 	chunk_size: 256M 	num_reg: 10  	lose cover RAM: 1024G
[    0.003301]  gran_size: 8M 	chunk_size: 512M 	num_reg: 10  	lose cover RAM: 1024G
[    0.003302]  gran_size: 8M 	chunk_size: 1G 	num_reg: 10  	lose cover RAM: 1024G
[    0.003304]  gran_size: 8M 	chunk_size: 2G 	num_reg: 10  	lose cover RAM: 1024G
[    0.003305]  gran_size: 16M 	chunk_size: 16M 	num_reg: 10  	lose cover RAM: 2016G
[    0.003307]  gran_size: 16M 	chunk_size: 32M 	num_reg: 10  	lose cover RAM: 1024G
[    0.003308]  gran_size: 16M 	chunk_size: 64M 	num_reg: 10  	lose cover RAM: 1024G
[    0.003309]  gran_size: 16M 	chunk_size: 128M 	num_reg: 10  	lose cover RAM: 1024G
[    0.003310]  gran_size: 16M 	chunk_size: 256M 	num_reg: 10  	lose cover RAM: 1024G
[    0.003312]  gran_size: 16M 	chunk_size: 512M 	num_reg: 10  	lose cover RAM: 1024G
[    0.003313]  gran_size: 16M 	chunk_size: 1G 	num_reg: 10  	lose cover RAM: 1024G
[    0.003314]  gran_size: 16M 	chunk_size: 2G 	num_reg: 10  	lose cover RAM: 1024G
[    0.003315]  gran_size: 32M 	chunk_size: 32M 	num_reg: 10  	lose cover RAM: 2031632M
[    0.003317]  gran_size: 32M 	chunk_size: 64M 	num_reg: 10  	lose cover RAM: 1048592M
[    0.003318]  gran_size: 32M 	chunk_size: 128M 	num_reg: 10  	lose cover RAM: 1048592M
[    0.003319]  gran_size: 32M 	chunk_size: 256M 	num_reg: 10  	lose cover RAM: 1048592M
[    0.003321]  gran_size: 32M 	chunk_size: 512M 	num_reg: 10  	lose cover RAM: 1048592M
[    0.003322]  gran_size: 32M 	chunk_size: 1G 	num_reg: 10  	lose cover RAM: 1048592M
[    0.003323]  gran_size: 32M 	chunk_size: 2G 	num_reg: 10  	lose cover RAM: 1048592M
[    0.003325]  gran_size: 64M 	chunk_size: 64M 	num_reg: 10  	lose cover RAM: 1966128M
[    0.003326]  gran_size: 64M 	chunk_size: 128M 	num_reg: 10  	lose cover RAM: 1048624M
[    0.003327]  gran_size: 64M 	chunk_size: 256M 	num_reg: 10  	lose cover RAM: 1048624M
[    0.003328]  gran_size: 64M 	chunk_size: 512M 	num_reg: 10  	lose cover RAM: 1048624M
[    0.003330]  gran_size: 64M 	chunk_size: 1G 	num_reg: 10  	lose cover RAM: 1048624M
[    0.003331]  gran_size: 64M 	chunk_size: 2G 	num_reg: 10  	lose cover RAM: 1048624M
[    0.003332]  gran_size: 128M 	chunk_size: 128M 	num_reg: 10  	lose cover RAM: 1835120M
[    0.003334]  gran_size: 128M 	chunk_size: 256M 	num_reg: 10  	lose cover RAM: 1048688M
[    0.003335]  gran_size: 128M 	chunk_size: 512M 	num_reg: 10  	lose cover RAM: 1048688M
[    0.003337]  gran_size: 128M 	chunk_size: 1G 	num_reg: 10  	lose cover RAM: 1048688M
[    0.003338]  gran_size: 128M 	chunk_size: 2G 	num_reg: 10  	lose cover RAM: 1048688M
[    0.003340]  gran_size: 256M 	chunk_size: 256M 	num_reg: 10  	lose cover RAM: 1573104M
[    0.003341]  gran_size: 256M 	chunk_size: 512M 	num_reg: 10  	lose cover RAM: 1048816M
[    0.003342]  gran_size: 256M 	chunk_size: 1G 	num_reg: 10  	lose cover RAM: 1048816M
[    0.003344]  gran_size: 256M 	chunk_size: 2G 	num_reg: 10  	lose cover RAM: 1048816M
[    0.003345]  gran_size: 512M 	chunk_size: 512M 	num_reg: 10  	lose cover RAM: 1049072M
[    0.003346]  gran_size: 512M 	chunk_size: 1G 	num_reg: 10  	lose cover RAM: 1049072M
[    0.003347]  gran_size: 512M 	chunk_size: 2G 	num_reg: 10  	lose cover RAM: 1049072M
[    0.003349]  gran_size: 1G 	chunk_size: 1G 	num_reg: 10  	lose cover RAM: 1008M
[    0.003350]  gran_size: 1G 	chunk_size: 2G 	num_reg: 10  	lose cover RAM: 1008M
[    0.003351]  gran_size: 2G 	chunk_size: 2G 	num_reg: 9  	lose cover RAM: 2032M
[    0.003353] mtrr_cleanup: can not find optimal value
[    0.003353] please specify mtrr_gran_size/mtrr_chunk_size
[    0.003356] e820: update [mem 0x7f000000-0xffffffff] usable ==> reserved
[    0.003359] x2apic: enabled by BIOS, switching to x2apic ops
[    0.003360] last_pfn = 0x6f800 max_arch_pfn = 0x400000000
[    0.014689] Using GB pages for direct mapping
[    0.016056] Secure boot disabled
[    0.016057] RAMDISK: [mem 0x205cb7c000-0x207fffffff]
[    0.016062] ACPI: Early table checksum verification disabled
[    0.016065] ACPI: RSDP 0x000000006F7FE014 000024 (v02 DELL  )
[    0.016068] ACPI: XSDT 0x000000006F41C188 0000F4 (v01 DELL   PE_SC3   00000000 DELL 01000013)
[    0.016074] ACPI: FACP 0x000000006F430000 000114 (v06 DELL   PE_SC3   00000000 DELL 00000001)
[    0.016080] ACPI: DSDT 0x000000004B4CE000 07FAD3 (v02 DELL   PE_SC3   00000003 DELL 00000001)
[    0.016083] ACPI: FACS 0x000000006F2F2000 000040
[    0.016086] ACPI: SSDT 0x000000006F7FB000 00159A (v02 INTEL  RAS_ACPI 00000001 INTL 20210331)
[    0.016090] ACPI: SSDT 0x000000006F7FA000 000745 (v02 INTEL  ADDRXLAT 00000001 INTL 20210331)
[    0.016093] ACPI: MCEJ 0x000000006F7F9000 000130 (v01 INTEL           00000001 INTL 0100000D)
[    0.016097] ACPI: BERT 0x000000006F7F8000 000030 (v01 DELL   PE_SC3   00000001 INTL 00000001)
[    0.016100] ACPI: ERST 0x000000006F7F7000 000230 (v01 DELL   PE_SC3   00000001 INTL 00000001)
[    0.016103] ACPI: SSDT 0x000000006F431000 3C524E (v02 INTEL  SSDTNVDR 00001000 INTL 20210331)
[    0.016106] ACPI: HMAT 0x000000006F42F000 000210 (v01 DELL   PE_SC3   00000001 DELL 00000001)
[    0.016110] ACPI: HPET 0x000000006F42E000 000038 (v01 DELL   PE_SC3   00000001 DELL 00000001)
[    0.016113] ACPI: MCFG 0x000000006F42D000 00003C (v01 DELL   PE_SC3   00000001 DELL 00000001)
[    0.016116] ACPI: MIGT 0x000000006F42C000 000040 (v01 DELL   PE_SC3   00000000 DELL 00000001)
[    0.016120] ACPI: MSCT 0x000000006F42B000 000090 (v01 DELL   PE_SC3   00000001 DELL 00000001)
[    0.016123] ACPI: PMTT 0x000000006F429000 0011E8 (v02 DELL   PE_SC3   00000001 DELL 00000001)
[    0.016126] ACPI: WSMT 0x000000006F428000 000028 (v01 DELL   PE_SC3   00000000 DELL 00000001)
[    0.016129] ACPI: APIC 0x000000006F427000 00075E (v04 DELL   PE_SC3   00000000 DELL 00000001)
[    0.016132] ACPI: SLIT 0x000000006F426000 00003C (v01 DELL   PE_SC3   00000001 DELL 01000013)
[    0.016135] ACPI: SRAT 0x000000006F41F000 006430 (v03 DELL   PE_SC3   00000002 DELL 01000013)
[    0.016139] ACPI: OEM4 0x000000004B346000 187A61 (v02 INTEL  CPU  CST 00003000 INTL 20210331)
[    0.016142] ACPI: SSDT 0x000000004B2CF000 0764A5 (v02 INTEL  SSDT  PM 00004000 INTL 20210331)
[    0.016145] ACPI: SSDT 0x000000006F41E000 000A1F (v02 DELL   PE_SC3   00000000 DELL 00000001)
[    0.016148] ACPI: HEST 0x000000006F41D000 00017C (v01 DELL   PE_SC3   00000001 INTL 00000001)
[    0.016152] ACPI: PCAT 0x000000006F41B000 00010C (v19 DELL   PE_SC3   00000002 DELL 00000001)
[    0.016155] ACPI: SSDT 0x000000006F413000 007299 (v02 INTEL  SpsNm    00000002 INTL 20210331)
[    0.016158] ACPI: SSDT 0x000000006F412000 000426 (v02 DELL   PE_SC3   00000002 DELL 00000001)
[    0.016161] ACPI: NFIT 0x000000006F7FD000 000488 (v01 DELL   PE_SC3   00000002 DELL 00000001)
[    0.016164] ACPI: DMAR 0x000000006F411000 000158 (v01 DELL   PE_SC3   00000001 DELL 00000001)
[    0.016167] ACPI: Reserving FACP table memory at [mem 0x6f430000-0x6f430113]
[    0.016169] ACPI: Reserving DSDT table memory at [mem 0x4b4ce000-0x4b54dad2]
[    0.016170] ACPI: Reserving FACS table memory at [mem 0x6f2f2000-0x6f2f203f]
[    0.016170] ACPI: Reserving SSDT table memory at [mem 0x6f7fb000-0x6f7fc599]
[    0.016171] ACPI: Reserving SSDT table memory at [mem 0x6f7fa000-0x6f7fa744]
[    0.016172] ACPI: Reserving MCEJ table memory at [mem 0x6f7f9000-0x6f7f912f]
[    0.016173] ACPI: Reserving BERT table memory at [mem 0x6f7f8000-0x6f7f802f]
[    0.016174] ACPI: Reserving ERST table memory at [mem 0x6f7f7000-0x6f7f722f]
[    0.016175] ACPI: Reserving SSDT table memory at [mem 0x6f431000-0x6f7f624d]
[    0.016176] ACPI: Reserving HMAT table memory at [mem 0x6f42f000-0x6f42f20f]
[    0.016177] ACPI: Reserving HPET table memory at [mem 0x6f42e000-0x6f42e037]
[    0.016177] ACPI: Reserving MCFG table memory at [mem 0x6f42d000-0x6f42d03b]
[    0.016178] ACPI: Reserving MIGT table memory at [mem 0x6f42c000-0x6f42c03f]
[    0.016179] ACPI: Reserving MSCT table memory at [mem 0x6f42b000-0x6f42b08f]
[    0.016180] ACPI: Reserving PMTT table memory at [mem 0x6f429000-0x6f42a1e7]
[    0.016181] ACPI: Reserving WSMT table memory at [mem 0x6f428000-0x6f428027]
[    0.016182] ACPI: Reserving APIC table memory at [mem 0x6f427000-0x6f42775d]
[    0.016183] ACPI: Reserving SLIT table memory at [mem 0x6f426000-0x6f42603b]
[    0.016183] ACPI: Reserving SRAT table memory at [mem 0x6f41f000-0x6f42542f]
[    0.016184] ACPI: Reserving OEM4 table memory at [mem 0x4b346000-0x4b4cda60]
[    0.016185] ACPI: Reserving SSDT table memory at [mem 0x4b2cf000-0x4b3454a4]
[    0.016186] ACPI: Reserving SSDT table memory at [mem 0x6f41e000-0x6f41ea1e]
[    0.016187] ACPI: Reserving HEST table memory at [mem 0x6f41d000-0x6f41d17b]
[    0.016188] ACPI: Reserving PCAT table memory at [mem 0x6f41b000-0x6f41b10b]
[    0.016189] ACPI: Reserving SSDT table memory at [mem 0x6f413000-0x6f41a298]
[    0.016190] ACPI: Reserving SSDT table memory at [mem 0x6f412000-0x6f412425]
[    0.016191] ACPI: Reserving NFIT table memory at [mem 0x6f7fd000-0x6f7fd487]
[    0.016192] ACPI: Reserving DMAR table memory at [mem 0x6f411000-0x6f411157]
[    0.016203] Setting APIC routing to cluster x2apic.
[    0.016253] SRAT: PXM 0 -> APIC 0x0000 -> Node 0
[    0.016254] SRAT: PXM 0 -> APIC 0x0001 -> Node 0
[    0.016255] SRAT: PXM 0 -> APIC 0x0002 -> Node 0
[    0.016255] SRAT: PXM 0 -> APIC 0x0003 -> Node 0
[    0.016256] SRAT: PXM 0 -> APIC 0x0004 -> Node 0
[    0.016257] SRAT: PXM 0 -> APIC 0x0005 -> Node 0
[    0.016257] SRAT: PXM 0 -> APIC 0x0006 -> Node 0
[    0.016258] SRAT: PXM 0 -> APIC 0x0007 -> Node 0
[    0.016259] SRAT: PXM 0 -> APIC 0x0008 -> Node 0
[    0.016259] SRAT: PXM 0 -> APIC 0x0009 -> Node 0
[    0.016260] SRAT: PXM 0 -> APIC 0x000a -> Node 0
[    0.016261] SRAT: PXM 0 -> APIC 0x000b -> Node 0
[    0.016262] SRAT: PXM 0 -> APIC 0x000c -> Node 0
[    0.016262] SRAT: PXM 0 -> APIC 0x000d -> Node 0
[    0.016263] SRAT: PXM 0 -> APIC 0x000e -> Node 0
[    0.016264] SRAT: PXM 0 -> APIC 0x000f -> Node 0
[    0.016265] SRAT: PXM 0 -> APIC 0x0010 -> Node 0
[    0.016266] SRAT: PXM 0 -> APIC 0x0011 -> Node 0
[    0.016266] SRAT: PXM 0 -> APIC 0x0012 -> Node 0
[    0.016267] SRAT: PXM 0 -> APIC 0x0013 -> Node 0
[    0.016268] SRAT: PXM 0 -> APIC 0x0014 -> Node 0
[    0.016268] SRAT: PXM 0 -> APIC 0x0015 -> Node 0
[    0.016269] SRAT: PXM 0 -> APIC 0x0016 -> Node 0
[    0.016270] SRAT: PXM 0 -> APIC 0x0017 -> Node 0
[    0.016270] SRAT: PXM 0 -> APIC 0x0018 -> Node 0
[    0.016271] SRAT: PXM 0 -> APIC 0x0019 -> Node 0
[    0.016272] SRAT: PXM 0 -> APIC 0x001a -> Node 0
[    0.016272] SRAT: PXM 0 -> APIC 0x001b -> Node 0
[    0.016273] SRAT: PXM 0 -> APIC 0x001c -> Node 0
[    0.016273] SRAT: PXM 0 -> APIC 0x001d -> Node 0
[    0.016274] SRAT: PXM 0 -> APIC 0x001e -> Node 0
[    0.016275] SRAT: PXM 0 -> APIC 0x001f -> Node 0
[    0.016275] SRAT: PXM 0 -> APIC 0x0020 -> Node 0
[    0.016276] SRAT: PXM 0 -> APIC 0x0021 -> Node 0
[    0.016277] SRAT: PXM 0 -> APIC 0x0022 -> Node 0
[    0.016277] SRAT: PXM 0 -> APIC 0x0023 -> Node 0
[    0.016278] SRAT: PXM 0 -> APIC 0x0024 -> Node 0
[    0.016278] SRAT: PXM 0 -> APIC 0x0025 -> Node 0
[    0.016279] SRAT: PXM 0 -> APIC 0x0026 -> Node 0
[    0.016280] SRAT: PXM 0 -> APIC 0x0027 -> Node 0
[    0.016280] SRAT: PXM 0 -> APIC 0x0028 -> Node 0
[    0.016281] SRAT: PXM 0 -> APIC 0x0029 -> Node 0
[    0.016282] SRAT: PXM 0 -> APIC 0x002a -> Node 0
[    0.016282] SRAT: PXM 0 -> APIC 0x002b -> Node 0
[    0.016283] SRAT: PXM 0 -> APIC 0x002c -> Node 0
[    0.016284] SRAT: PXM 0 -> APIC 0x002d -> Node 0
[    0.016284] SRAT: PXM 0 -> APIC 0x002e -> Node 0
[    0.016285] SRAT: PXM 0 -> APIC 0x002f -> Node 0
[    0.016286] SRAT: PXM 0 -> APIC 0x0030 -> Node 0
[    0.016286] SRAT: PXM 0 -> APIC 0x0031 -> Node 0
[    0.016287] SRAT: PXM 0 -> APIC 0x0032 -> Node 0
[    0.016287] SRAT: PXM 0 -> APIC 0x0033 -> Node 0
[    0.016288] SRAT: PXM 0 -> APIC 0x0034 -> Node 0
[    0.016289] SRAT: PXM 0 -> APIC 0x0035 -> Node 0
[    0.016289] SRAT: PXM 0 -> APIC 0x0036 -> Node 0
[    0.016290] SRAT: PXM 0 -> APIC 0x0037 -> Node 0
[    0.016291] SRAT: PXM 1 -> APIC 0x0080 -> Node 1
[    0.016292] SRAT: PXM 1 -> APIC 0x0081 -> Node 1
[    0.016292] SRAT: PXM 1 -> APIC 0x0082 -> Node 1
[    0.016293] SRAT: PXM 1 -> APIC 0x0083 -> Node 1
[    0.016294] SRAT: PXM 1 -> APIC 0x0084 -> Node 1
[    0.016295] SRAT: PXM 1 -> APIC 0x0085 -> Node 1
[    0.016296] SRAT: PXM 1 -> APIC 0x0086 -> Node 1
[    0.016296] SRAT: PXM 1 -> APIC 0x0087 -> Node 1
[    0.016297] SRAT: PXM 1 -> APIC 0x0088 -> Node 1
[    0.016298] SRAT: PXM 1 -> APIC 0x0089 -> Node 1
[    0.016298] SRAT: PXM 1 -> APIC 0x008a -> Node 1
[    0.016299] SRAT: PXM 1 -> APIC 0x008b -> Node 1
[    0.016300] SRAT: PXM 1 -> APIC 0x008c -> Node 1
[    0.016300] SRAT: PXM 1 -> APIC 0x008d -> Node 1
[    0.016301] SRAT: PXM 1 -> APIC 0x008e -> Node 1
[    0.016301] SRAT: PXM 1 -> APIC 0x008f -> Node 1
[    0.016302] SRAT: PXM 1 -> APIC 0x0090 -> Node 1
[    0.016303] SRAT: PXM 1 -> APIC 0x0091 -> Node 1
[    0.016303] SRAT: PXM 1 -> APIC 0x0092 -> Node 1
[    0.016304] SRAT: PXM 1 -> APIC 0x0093 -> Node 1
[    0.016305] SRAT: PXM 1 -> APIC 0x0094 -> Node 1
[    0.016305] SRAT: PXM 1 -> APIC 0x0095 -> Node 1
[    0.016306] SRAT: PXM 1 -> APIC 0x0096 -> Node 1
[    0.016307] SRAT: PXM 1 -> APIC 0x0097 -> Node 1
[    0.016307] SRAT: PXM 1 -> APIC 0x0098 -> Node 1
[    0.016308] SRAT: PXM 1 -> APIC 0x0099 -> Node 1
[    0.016309] SRAT: PXM 1 -> APIC 0x009a -> Node 1
[    0.016309] SRAT: PXM 1 -> APIC 0x009b -> Node 1
[    0.016310] SRAT: PXM 1 -> APIC 0x009c -> Node 1
[    0.016311] SRAT: PXM 1 -> APIC 0x009d -> Node 1
[    0.016311] SRAT: PXM 1 -> APIC 0x009e -> Node 1
[    0.016312] SRAT: PXM 1 -> APIC 0x009f -> Node 1
[    0.016312] SRAT: PXM 1 -> APIC 0x00a0 -> Node 1
[    0.016313] SRAT: PXM 1 -> APIC 0x00a1 -> Node 1
[    0.016314] SRAT: PXM 1 -> APIC 0x00a2 -> Node 1
[    0.016314] SRAT: PXM 1 -> APIC 0x00a3 -> Node 1
[    0.016315] SRAT: PXM 1 -> APIC 0x00a4 -> Node 1
[    0.016316] SRAT: PXM 1 -> APIC 0x00a5 -> Node 1
[    0.016316] SRAT: PXM 1 -> APIC 0x00a6 -> Node 1
[    0.016317] SRAT: PXM 1 -> APIC 0x00a7 -> Node 1
[    0.016318] SRAT: PXM 1 -> APIC 0x00a8 -> Node 1
[    0.016318] SRAT: PXM 1 -> APIC 0x00a9 -> Node 1
[    0.016319] SRAT: PXM 1 -> APIC 0x00aa -> Node 1
[    0.016320] SRAT: PXM 1 -> APIC 0x00ab -> Node 1
[    0.016320] SRAT: PXM 1 -> APIC 0x00ac -> Node 1
[    0.016321] SRAT: PXM 1 -> APIC 0x00ad -> Node 1
[    0.016321] SRAT: PXM 1 -> APIC 0x00ae -> Node 1
[    0.016322] SRAT: PXM 1 -> APIC 0x00af -> Node 1
[    0.016323] SRAT: PXM 1 -> APIC 0x00b0 -> Node 1
[    0.016324] SRAT: PXM 1 -> APIC 0x00b1 -> Node 1
[    0.016325] SRAT: PXM 1 -> APIC 0x00b2 -> Node 1
[    0.016326] SRAT: PXM 1 -> APIC 0x00b3 -> Node 1
[    0.016326] SRAT: PXM 1 -> APIC 0x00b4 -> Node 1
[    0.016327] SRAT: PXM 1 -> APIC 0x00b5 -> Node 1
[    0.016328] SRAT: PXM 1 -> APIC 0x00b6 -> Node 1
[    0.016329] SRAT: PXM 1 -> APIC 0x00b7 -> Node 1
[    0.016341] ACPI: SRAT: Node 0 PXM 0 [mem 0x00000000-0x7fffffff]
[    0.016343] ACPI: SRAT: Node 0 PXM 0 [mem 0x100000000-0x107fffffff]
[    0.016344] ACPI: SRAT: Node 2 PXM 2 [mem 0x2080000000-0x9e7fffffff] non-volatile
[    0.016346] ACPI: SRAT: Node 1 PXM 1 [mem 0x1080000000-0x207fffffff]
[    0.016347] ACPI: SRAT: Node 3 PXM 3 [mem 0x9e80000000-0x11c7fffffff] non-volatile
[    0.016356] NUMA: Initialized distance table, cnt=4
[    0.016358] NUMA: Node 0 [mem 0x00000000-0x7fffffff] + [mem 0x100000000-0x107fffffff] -> [mem 0x00000000-0x107fffffff]
[    0.016367] NODE_DATA(0) allocated [mem 0xffffd5000-0xfffffffff]
[    0.016385] NODE_DATA(1) allocated [mem 0x205cb4e000-0x205cb78fff]
[    0.016592] Zone ranges:
[    0.016593]   DMA      [mem 0x0000000000001000-0x0000000000ffffff]
[    0.016595]   DMA32    [mem 0x0000000001000000-0x00000000ffffffff]
[    0.016596]   Normal   [mem 0x0000000100000000-0x000000207fffffff]
[    0.016598]   Device   empty
[    0.016599] Movable zone start for each node
[    0.016602] Early memory node ranges
[    0.016602]   node   0: [mem 0x0000000000001000-0x000000000008efff]
[    0.016604]   node   0: [mem 0x0000000000090000-0x000000000009ffff]
[    0.016605]   node   0: [mem 0x0000000000100000-0x0000000049e76fff]
[    0.016606]   node   0: [mem 0x000000004ae77000-0x000000004b2cefff]
[    0.016607]   node   0: [mem 0x000000004b54e000-0x000000004bd93fff]
[    0.016608]   node   0: [mem 0x000000004be9a000-0x000000004cdfffff]
[    0.016608]   node   0: [mem 0x000000004d000000-0x000000005eefdfff]
[    0.016609]   node   0: [mem 0x000000006f7ff000-0x000000006f7fffff]
[    0.016610]   node   0: [mem 0x0000000a15000000-0x0000000fffffffff]
[    0.016612]   node   1: [mem 0x0000001ec0000000-0x000000207fffffff]
[    0.016614] Initmem setup node 0 [mem 0x0000000000001000-0x0000000fffffffff]
[    0.016617] Initmem setup node 1 [mem 0x0000001ec0000000-0x000000207fffffff]
[    0.016619] On node 0, zone DMA: 1 pages in unavailable ranges
[    0.016621] On node 0, zone DMA: 1 pages in unavailable ranges
[    0.016647] On node 0, zone DMA: 96 pages in unavailable ranges
[    0.018685] On node 0, zone DMA32: 4096 pages in unavailable ranges
[    0.018708] On node 0, zone DMA32: 639 pages in unavailable ranges
[    0.018741] On node 0, zone DMA32: 262 pages in unavailable ranges
[    0.019261] On node 0, zone DMA32: 512 pages in unavailable ranges
[    0.019531] On node 0, zone DMA32: 35073 pages in unavailable ranges
[    0.066788] On node 0, zone Normal: 22528 pages in unavailable ranges
[    0.081062] ACPI: PM-Timer IO Port: 0x508
[    0.081084] ACPI: X2APIC_NMI (uid[0xffffffff] high edge lint[0x1])
[    0.081088] ACPI: LAPIC_NMI (acpi_id[0xff] high edge lint[0x1])
[    0.081108] IOAPIC[0]: apic_id 8, version 32, address 0xfec00000, GSI 0-119
[    0.081111] ACPI: INT_SRC_OVR (bus 0 bus_irq 0 global_irq 2 dfl dfl)
[    0.081113] ACPI: INT_SRC_OVR (bus 0 bus_irq 9 global_irq 9 high level)
[    0.081118] ACPI: Using ACPI (MADT) for SMP configuration information
[    0.081119] ACPI: HPET id: 0x8086a701 base: 0xfed00000
[    0.081125] TSC deadline timer available
[    0.081126] smpboot: Allowing 112 CPUs, 0 hotplug CPUs
[    0.081156] PM: hibernation: Registered nosave memory: [mem 0x00000000-0x00000fff]
[    0.081158] PM: hibernation: Registered nosave memory: [mem 0x0008f000-0x0008ffff]
[    0.081160] PM: hibernation: Registered nosave memory: [mem 0x000a0000-0x000fffff]
[    0.081162] PM: hibernation: Registered nosave memory: [mem 0x46cc5000-0x46cc5fff]
[    0.081164] PM: hibernation: Registered nosave memory: [mem 0x46cf6000-0x46cf6fff]
[    0.081165] PM: hibernation: Registered nosave memory: [mem 0x46cf7000-0x46cf7fff]
[    0.081166] PM: hibernation: Registered nosave memory: [mem 0x46d29000-0x46d29fff]
[    0.081167] PM: hibernation: Registered nosave memory: [mem 0x46d2a000-0x46d2afff]
[    0.081169] PM: hibernation: Registered nosave memory: [mem 0x46d5c000-0x46d5cfff]
[    0.081170] PM: hibernation: Registered nosave memory: [mem 0x46d5d000-0x46d5dfff]
[    0.081171] PM: hibernation: Registered nosave memory: [mem 0x46d65000-0x46d65fff]
[    0.081173] PM: hibernation: Registered nosave memory: [mem 0x49e77000-0x4ae76fff]
[    0.081175] PM: hibernation: Registered nosave memory: [mem 0x4b2cf000-0x4b54dfff]
[    0.081177] PM: hibernation: Registered nosave memory: [mem 0x4bd94000-0x4be99fff]
[    0.081178] PM: hibernation: Registered nosave memory: [mem 0x4ce00000-0x4cffffff]
[    0.081180] PM: hibernation: Registered nosave memory: [mem 0x5eefe000-0x6e3fefff]
[    0.081181] PM: hibernation: Registered nosave memory: [mem 0x6e3ff000-0x6f3fefff]
[    0.081182] PM: hibernation: Registered nosave memory: [mem 0x6f3ff000-0x6f7fefff]
[    0.081184] PM: hibernation: Registered nosave memory: [mem 0x6f800000-0x8fffffff]
[    0.081184] PM: hibernation: Registered nosave memory: [mem 0x90000000-0xfdffffff]
[    0.081185] PM: hibernation: Registered nosave memory: [mem 0xfe000000-0xfe010fff]
[    0.081186] PM: hibernation: Registered nosave memory: [mem 0xfe011000-0xffffffff]
[    0.081186] PM: hibernation: Registered nosave memory: [mem 0x100000000-0xa14ffffff]
[    0.081188] PM: hibernation: Registered nosave memory: [mem 0x1000000000-0x1ebfffffff]
[    0.081191] [mem 0x90000000-0xfdffffff] available for PCI devices
[    0.081192] Booting paravirtualized kernel on bare hardware
[    0.081195] clocksource: refined-jiffies: mask: 0xffffffff max_cycles: 0xffffffff, max_idle_ns: 7645519600211568 ns
[    0.081201] setup_percpu: NR_CPUS:8192 nr_cpumask_bits:112 nr_cpu_ids:112 nr_node_ids:4
[    0.085733] percpu: Embedded 53 pages/cpu s180224 r8192 d28672 u262144
[    0.085745] pcpu-alloc: s180224 r8192 d28672 u262144 alloc=1*2097152
[    0.085748] pcpu-alloc: [0] 000 002 004 006 008 010 012 014 
[    0.085754] pcpu-alloc: [0] 016 018 020 022 024 026 028 030 
[    0.085758] pcpu-alloc: [0] 032 034 036 038 040 042 044 046 
[    0.085762] pcpu-alloc: [0] 048 050 052 054 056 058 060 062 
[    0.085766] pcpu-alloc: [0] 064 066 068 070 072 074 076 078 
[    0.085770] pcpu-alloc: [0] 080 082 084 086 088 090 092 094 
[    0.085775] pcpu-alloc: [0] 096 098 100 102 104 106 108 110 
[    0.085779] pcpu-alloc: [1] 001 003 005 007 009 011 013 015 
[    0.085783] pcpu-alloc: [1] 017 019 021 023 025 027 029 031 
[    0.085787] pcpu-alloc: [1] 033 035 037 039 041 043 045 047 
[    0.085791] pcpu-alloc: [1] 049 051 053 055 057 059 061 063 
[    0.085795] pcpu-alloc: [1] 065 067 069 071 073 075 077 079 
[    0.085799] pcpu-alloc: [1] 081 083 085 087 089 091 093 095 
[    0.085804] pcpu-alloc: [1] 097 099 101 103 105 107 109 111 
[    0.085858] Built 2 zonelists, mobility grouping on.  Total pages: 8290900
[    0.085860] Policy zone: Normal
[    0.085861] Kernel command line: BOOT_IMAGE=/boot/vmlinuz-5.15.0-tiering-0.8 root=UUID=ce0c24b8-724b-4f33-9b2c-618433560aef ro memmap=37200M!4096M memmap=59G!64G quiet splash nomodeset vt.handoff=1
[    0.085988] You have booted with nomodeset. This means your GPU drivers are DISABLED
[    0.085989] Any video related functionality will be severely degraded, and you may not even be able to suspend the system properly
[    0.085990] Unless you actually understand what nomodeset does, you should reboot without enabling it
[    0.086010] Unknown command line parameters: splash BOOT_IMAGE=/boot/vmlinuz-5.15.0-tiering-0.8
[    0.086012] printk: log_buf_len individual max cpu contribution: 4096 bytes
[    0.086013] printk: log_buf_len total cpu_extra contributions: 454656 bytes
[    0.086014] printk: log_buf_len min size: 262144 bytes
[    0.086997] printk: log_buf_len: 1048576 bytes
[    0.086998] printk: early log buf free: 223784(85%)
[    0.088575] mem auto-init: stack:off, heap alloc:on, heap free:off
[    0.171944] Memory: 32322416K/33694816K available (14345K kernel code, 3484K rwdata, 10288K rodata, 2824K init, 5836K bss, 1372140K reserved, 0K cma-reserved)
[    0.171952] random: get_random_u64 called from __kmem_cache_create+0x2d/0x460 with crng_init=1
[    0.172838] SLUB: HWalign=64, Order=0-3, MinObjects=0, CPUs=112, Nodes=4
[    0.172873] ftrace: allocating 48223 entries in 189 pages
[    0.189035] ftrace: allocated 189 pages with 6 groups
[    0.189734] rcu: Hierarchical RCU implementation.
[    0.189736] rcu: 	RCU restricting CPUs from NR_CPUS=8192 to nr_cpu_ids=112.
[    0.189738] 	Rude variant of Tasks RCU enabled.
[    0.189739] 	Tracing variant of Tasks RCU enabled.
[    0.189739] rcu: RCU calculated value of scheduler-enlistment delay is 25 jiffies.
[    0.189740] rcu: Adjusting geometry for rcu_fanout_leaf=16, nr_cpu_ids=112
[    0.193628] NR_IRQS: 524544, nr_irqs: 2952, preallocated irqs: 16
[    0.193985] random: crng done (trusting CPU's manufacturer)
[    0.194131] Console: colour dummy device 80x25
[    0.194166] printk: console [tty0] enabled
[    0.194318] mempolicy: Enabling automatic NUMA balancing. Configure with numa_balancing= or the kernel.numa_balancing sysctl
[    0.194324] ACPI: Core revision 20210730
[    0.197717] clocksource: hpet: mask: 0xffffffff max_cycles: 0xffffffff, max_idle_ns: 79635855245 ns
[    0.197763] APIC: Switch to symmetric I/O mode setup
[    0.197765] DMAR: Host address width 46
[    0.197766] DMAR: DRHD base: 0x000000d0ffc000 flags: 0x0
[    0.197771] DMAR: dmar0: reg_base_addr d0ffc000 ver 4:0 cap 8ed008c40780466 ecap 60000f050df
[    0.197774] DMAR: DRHD base: 0x000000dbbfc000 flags: 0x0
[    0.197777] DMAR: dmar1: reg_base_addr dbbfc000 ver 4:0 cap 8ed008c40780466 ecap 60000f050df
[    0.197779] DMAR: DRHD base: 0x000000e67fc000 flags: 0x0
[    0.197783] DMAR: dmar2: reg_base_addr e67fc000 ver 4:0 cap 8ed008c40780466 ecap 60000f050df
[    0.197785] DMAR: DRHD base: 0x000000f13fc000 flags: 0x0
[    0.197787] DMAR: dmar3: reg_base_addr f13fc000 ver 4:0 cap 8ed008c40780466 ecap 60000f050df
[    0.197789] DMAR: DRHD base: 0x000000fb7fc000 flags: 0x0
[    0.197792] DMAR: dmar4: reg_base_addr fb7fc000 ver 4:0 cap 8ed008c40780466 ecap 60000f050df
[    0.197794] DMAR: DRHD base: 0x000000a63fc000 flags: 0x0
[    0.197796] DMAR: dmar5: reg_base_addr a63fc000 ver 4:0 cap 8ed008c40780466 ecap 60000f050df
[    0.197798] DMAR: DRHD base: 0x000000b0ffc000 flags: 0x0
[    0.197800] DMAR: dmar6: reg_base_addr b0ffc000 ver 4:0 cap 8ed008c40780466 ecap 60000f050df
[    0.197802] DMAR: DRHD base: 0x000000bbbfc000 flags: 0x0
[    0.197807] DMAR: dmar7: reg_base_addr bbbfc000 ver 4:0 cap 8ed008c40780466 ecap 60000f050df
[    0.197808] DMAR: DRHD base: 0x000000c5ffc000 flags: 0x0
[    0.197811] DMAR: dmar8: reg_base_addr c5ffc000 ver 4:0 cap 8ed008c40780466 ecap 60000f050df
[    0.197812] DMAR: DRHD base: 0x0000009b7fc000 flags: 0x1
[    0.197815] DMAR: dmar9: reg_base_addr 9b7fc000 ver 4:0 cap 8ed008c40780466 ecap 60000f050df
[    0.197817] DMAR: RMRR base: 0x00000069427000 end: 0x00000069429fff
[    0.197819] DMAR: ATSR flags: 0x0
[    0.197821] DMAR-IR: IOAPIC id 8 under DRHD base  0x9b7fc000 IOMMU 9
[    0.197823] DMAR-IR: HPET id 0 under DRHD base 0x9b7fc000
[    0.197824] DMAR-IR: Queued invalidation will be enabled to support x2apic and Intr-remapping.
[    0.201085] DMAR-IR: Enabled IRQ remapping in x2apic mode
[    0.203697] ..TIMER: vector=0x30 apic1=0 pin1=2 apic2=-1 pin2=-1
[    0.221692] clocksource: tsc-early: mask: 0xffffffffffffffff max_cycles: 0x39a85c9bff6, max_idle_ns: 881590591483 ns
[    0.221699] Calibrating delay loop (skipped), value calculated using timer frequency.. 4000.00 BogoMIPS (lpj=8000000)
[    0.221702] pid_max: default: 114688 minimum: 896
[    0.225072] LSM: Security Framework initializing
[    0.225087] Yama: becoming mindful.
[    0.225132] AppArmor: AppArmor initialized
[    0.229705] Dentry cache hash table entries: 4194304 (order: 13, 33554432 bytes, vmalloc)
[    0.231994] Inode-cache hash table entries: 2097152 (order: 12, 16777216 bytes, vmalloc)
[    0.232119] Mount-cache hash table entries: 65536 (order: 7, 524288 bytes, vmalloc)
[    0.232191] Mountpoint-cache hash table entries: 65536 (order: 7, 524288 bytes, vmalloc)
[    0.232857] x86/tme: not enabled by BIOS
[    0.232868] CPU0: Thermal monitoring enabled (TM1)
[    0.232870] x86/cpu: User Mode Instruction Prevention (UMIP) activated
[    0.233103] process: using mwait in idle threads
[    0.233105] Last level iTLB entries: 4KB 0, 2MB 0, 4MB 0
[    0.233107] Last level dTLB entries: 4KB 0, 2MB 0, 4MB 0, 1GB 0
[    0.233113] Spectre V1 : Mitigation: usercopy/swapgs barriers and __user pointer sanitization
[    0.233115] Spectre V2 : Mitigation: Enhanced IBRS
[    0.233116] Spectre V2 : Spectre v2 / SpectreRSB mitigation: Filling RSB on context switch
[    0.233117] Spectre V2 : mitigation: Enabling conditional Indirect Branch Prediction Barrier
[    0.233119] Speculative Store Bypass: Mitigation: Speculative Store Bypass disabled via prctl and seccomp
[    0.240164] Freeing SMP alternatives memory: 40K
[    0.241839] smpboot: Estimated ratio of average max frequency by base frequency (times 1024): 1433
[    0.241854] smpboot: CPU0: Intel(R) Xeon(R) Gold 6330 CPU @ 2.00GHz (family: 0x6, model: 0x6a, stepping: 0x6)
[    0.242048] Performance Events: PEBS fmt4+-baseline,  AnyThread deprecated, Icelake events, 32-deep LBR, full-width counters, Intel PMU driver.
[    0.242069] ... version:                5
[    0.242070] ... bit width:              48
[    0.242071] ... generic registers:      8
[    0.242071] ... value mask:             0000ffffffffffff
[    0.242072] ... max period:             00007fffffffffff
[    0.242073] ... fixed-purpose events:   4
[    0.242074] ... event mask:             0001000f000000ff
[    0.242207] rcu: Hierarchical SRCU implementation.
[    0.249337] NMI watchdog: Enabled. Permanently consumes one hw-PMU counter.
[    0.250401] smp: Bringing up secondary CPUs ...
[    0.250512] x86: Booting SMP configuration:
[    0.250513] .... node  #1, CPUs:          #1
[    0.007762] smpboot: CPU 1 Converting physical 0 to logical die 1

[    0.337812] .... node  #0, CPUs:     #2
[    0.343199] .... node  #1, CPUs:     #3
[    0.348661] .... node  #0, CPUs:     #4
[    0.354040] .... node  #1, CPUs:     #5
[    0.359463] .... node  #0, CPUs:     #6
[    0.365044] .... node  #1, CPUs:     #7
[    0.370667] .... node  #0, CPUs:     #8
[    0.375955] .... node  #1, CPUs:     #9
[    0.381796] .... node  #0, CPUs:    #10
[    0.387436] .... node  #1, CPUs:    #11
[    0.393206] .... node  #0, CPUs:    #12
[    0.398724] .... node  #1, CPUs:    #13
[    0.404099] .... node  #0, CPUs:    #14
[    0.409335] .... node  #1, CPUs:    #15
[    0.414685] .... node  #0, CPUs:    #16
[    0.419959] .... node  #1, CPUs:    #17
[    0.425299] .... node  #0, CPUs:    #18
[    0.430545] .... node  #1, CPUs:    #19
[    0.436222] .... node  #0, CPUs:    #20
[    0.441711] .... node  #1, CPUs:    #21
[    0.447104] .... node  #0, CPUs:    #22
[    0.452536] .... node  #1, CPUs:    #23
[    0.457827] .... node  #0, CPUs:    #24
[    0.463461] .... node  #1, CPUs:    #25
[    0.468821] .... node  #0, CPUs:    #26
[    0.474034] .... node  #1, CPUs:    #27
[    0.479373] .... node  #0, CPUs:    #28
[    0.484878] .... node  #1, CPUs:    #29
[    0.490206] .... node  #0, CPUs:    #30
[    0.495439] .... node  #1, CPUs:    #31
[    0.500961] .... node  #0, CPUs:    #32
[    0.506252] .... node  #1, CPUs:    #33
[    0.511656] .... node  #0, CPUs:    #34
[    0.517098] .... node  #1, CPUs:    #35
[    0.522445] .... node  #0, CPUs:    #36
[    0.527652] .... node  #1, CPUs:    #37
[    0.532994] .... node  #0, CPUs:    #38
[    0.538557] .... node  #1, CPUs:    #39
[    0.544108] .... node  #0, CPUs:    #40
[    0.549864] .... node  #1, CPUs:    #41
[    0.555506] .... node  #0, CPUs:    #42
[    0.560816] .... node  #1, CPUs:    #43
[    0.566494] .... node  #0, CPUs:    #44
[    0.571854] .... node  #1, CPUs:    #45
[    0.577357] .... node  #0, CPUs:    #46
[    0.582896] .... node  #1, CPUs:    #47
[    0.588371] .... node  #0, CPUs:    #48
[    0.593867] .... node  #1, CPUs:    #49
[    0.599188] .... node  #0, CPUs:    #50
[    0.604684] .... node  #1, CPUs:    #51
[    0.610350] .... node  #0, CPUs:    #52
[    0.615822] .... node  #1, CPUs:    #53
[    0.621442] .... node  #0, CPUs:    #54
[    0.627147] .... node  #1, CPUs:    #55
[    0.632981] .... node  #0, CPUs:    #56
[    0.639116] .... node  #1, CPUs:    #57
[    0.645053] .... node  #0, CPUs:    #58
[    0.650475] .... node  #1, CPUs:    #59
[    0.655957] .... node  #0, CPUs:    #60
[    0.661340] .... node  #1, CPUs:    #61
[    0.666766] .... node  #0, CPUs:    #62
[    0.672364] .... node  #1, CPUs:    #63
[    0.677999] .... node  #0, CPUs:    #64
[    0.683307] .... node  #1, CPUs:    #65
[    0.689093] .... node  #0, CPUs:    #66
[    0.694826] .... node  #1, CPUs:    #67
[    0.700613] .... node  #0, CPUs:    #68
[    0.706156] .... node  #1, CPUs:    #69
[    0.711570] .... node  #0, CPUs:    #70
[    0.716812] .... node  #1, CPUs:    #71
[    0.722188] .... node  #0, CPUs:    #72
[    0.727479] .... node  #1, CPUs:    #73
[    0.732836] .... node  #0, CPUs:    #74
[    0.738107] .... node  #1, CPUs:    #75
[    0.743809] .... node  #0, CPUs:    #76
[    0.749061] .... node  #1, CPUs:    #77
[    0.754724] .... node  #0, CPUs:    #78
[    0.760180] .... node  #1, CPUs:    #79
[    0.765727] .... node  #0, CPUs:    #80
[    0.771168] .... node  #1, CPUs:    #81
[    0.776554] .... node  #0, CPUs:    #82
[    0.781866] .... node  #1, CPUs:    #83
[    0.787146] .... node  #0, CPUs:    #84
[    0.792671] .... node  #1, CPUs:    #85
[    0.798016] .... node  #0, CPUs:    #86
[    0.803262] .... node  #1, CPUs:    #87
[    0.808794] .... node  #0, CPUs:    #88
[    0.814096] .... node  #1, CPUs:    #89
[    0.819521] .... node  #0, CPUs:    #90
[    0.824975] .... node  #1, CPUs:    #91
[    0.830341] .... node  #0, CPUs:    #92
[    0.835569] .... node  #1, CPUs:    #93
[    0.840948] .... node  #0, CPUs:    #94
[    0.846541] .... node  #1, CPUs:    #95
[    0.852124] .... node  #0, CPUs:    #96
[    0.857870] .... node  #1, CPUs:    #97
[    0.863552] .... node  #0, CPUs:    #98
[    0.868882] .... node  #1, CPUs:    #99
[    0.874586] .... node  #0, CPUs:   #100
[    0.879966] .... node  #1, CPUs:   #101
[    0.885713] .... node  #0, CPUs:   #102
[    0.891051] .... node  #1, CPUs:   #103
[    0.896553] .... node  #0, CPUs:   #104
[    0.901911] .... node  #1, CPUs:   #105
[    0.907402] .... node  #0, CPUs:   #106
[    0.912915] .... node  #1, CPUs:   #107
[    0.918606] .... node  #0, CPUs:   #108
[    0.924084] .... node  #1, CPUs:   #109
[    0.929810] .... node  #0, CPUs:   #110
[    0.935458] .... node  #1, CPUs:   #111
[    0.941320] smp: Brought up 2 nodes, 112 CPUs
[    0.941320] smpboot: Max logical packages: 2
[    0.941320] smpboot: Total of 112 processors activated (448078.82 BogoMIPS)
[    0.945132] devtmpfs: initialized
[    0.945132] x86/mm: Memory block size: 2048MB
[    0.945132] ACPI: PM: Registering ACPI NVS region [mem 0x49e77000-0x4ae76fff] (16777216 bytes)
[    0.945843] ACPI: PM: Registering ACPI NVS region [mem 0x6e3ff000-0x6f3fefff] (16777216 bytes)
[    0.946112] clocksource: jiffies: mask: 0xffffffff max_cycles: 0xffffffff, max_idle_ns: 7645041785100000 ns
[    0.946438] futex hash table entries: 32768 (order: 9, 2097152 bytes, vmalloc)
[    0.946695] pinctrl core: initialized pinctrl subsystem
[    0.946863] PM: RTC time: 10:42:13, date: 2024-06-20
[    0.947074] NET: Registered PF_NETLINK/PF_ROUTE protocol family
[    0.947857] DMA: preallocated 4096 KiB GFP_KERNEL pool for atomic allocations
[    0.948363] DMA: preallocated 4096 KiB GFP_KERNEL|GFP_DMA pool for atomic allocations
[    0.948870] DMA: preallocated 4096 KiB GFP_KERNEL|GFP_DMA32 pool for atomic allocations
[    0.948879] audit: initializing netlink subsys (disabled)
[    0.948887] audit: type=2000 audit(1718880132.748:1): state=initialized audit_enabled=0 res=1
[    0.948887] thermal_sys: Registered thermal governor 'fair_share'
[    0.948887] thermal_sys: Registered thermal governor 'bang_bang'
[    0.948887] thermal_sys: Registered thermal governor 'step_wise'
[    0.948887] thermal_sys: Registered thermal governor 'user_space'
[    0.948887] EISA bus registered
[    0.948887] cpuidle: using governor ladder
[    0.948887] cpuidle: using governor menu
[    0.949737] ACPI FADT declares the system doesn't support PCIe ASPM, so disable it
[    0.949739] ACPI: bus type PCI registered
[    0.949741] acpiphp: ACPI Hot Plug PCI Controller Driver version: 0.5
[    0.949853] PCI: MMCONFIG for domain 0000 [bus 00-ff] at [mem 0x80000000-0x8fffffff] (base 0x80000000)
[    0.949859] PCI: MMCONFIG at [mem 0x80000000-0x8fffffff] reserved in E820
[    0.949868] pmd_set_huge: Cannot satisfy [mem 0x80000000-0x80200000] with a huge-page mapping due to MTRR override.
[    0.950079] PCI: Using configuration type 1 for base access
[    0.950089] PCI: Dell System detected, enabling pci=bfsort.
[    0.952211] ENERGY_PERF_BIAS: Set to 'normal', was 'performance'
[    0.954822] Kprobes globally optimized
[    0.954826] HugeTLB registered 1.00 GiB page size, pre-allocated 0 pages
[    0.954826] HugeTLB registered 2.00 MiB page size, pre-allocated 0 pages
[    0.957841] ACPI: Added _OSI(Module Device)
[    0.957843] ACPI: Added _OSI(Processor Device)
[    0.957844] ACPI: Added _OSI(3.0 _SCP Extensions)
[    0.957845] ACPI: Added _OSI(Processor Aggregator Device)
[    0.957846] ACPI: Added _OSI(Linux-Dell-Video)
[    0.957847] ACPI: Added _OSI(Linux-Lenovo-NV-HDMI-Audio)
[    0.957848] ACPI: Added _OSI(Linux-HPI-Hybrid-Graphics)
[    1.122154] ACPI: 8 ACPI AML tables successfully acquired and loaded
[    1.127702] ACPI: [Firmware Bug]: BIOS _OSI(Linux) query ignored
[    1.133701] ACPI: Dynamic OEM Table Load:
[    1.531352] ACPI: Interpreter enabled
[    1.531373] ACPI: PM: (supports S0 S5)
[    1.531375] ACPI: Using IOAPIC for interrupt routing
[    1.531455] HEST: Table parsing has been initialized.
[    1.531458] PCI: Using host bridge windows from ACPI; if necessary, use "pci=nocrs" and report a bug
[    1.559736] ACPI: Enabled 4 GPEs in block 00 to 7F
[    1.677175] ACPI: PCI Root Bridge [PC00] (domain 0000 [bus 00-15])
[    1.677181] acpi PNP0A08:00: _OSC: OS supports [ExtendedConfig ASPM ClockPM Segments MSI HPX-Type3]
[    1.743556] acpi PNP0A08:00: _OSC: platform does not support [SHPCHotplug AER LTR]
[    1.743773] acpi PNP0A08:00: _OSC: OS now controls [PCIeHotplug PME PCIeCapability]
[    1.743774] acpi PNP0A08:00: FADT indicates ASPM is unsupported, using BIOS configuration
[    1.745557] PCI host bridge to bus 0000:00
[    1.745559] pci_bus 0000:00: root bus resource [io  0x0000-0x0cf7 window]
[    1.745561] pci_bus 0000:00: root bus resource [io  0x1000-0x4fff window]
[    1.745562] pci_bus 0000:00: root bus resource [mem 0x000a0000-0x000bffff window]
[    1.745564] pci_bus 0000:00: root bus resource [mem 0x000c8000-0x000cffff window]
[    1.745565] pci_bus 0000:00: root bus resource [mem 0xfe010000-0xfe010fff window]
[    1.745566] pci_bus 0000:00: root bus resource [mem 0x90000000-0x9b7fffff window]
[    1.745567] pci_bus 0000:00: root bus resource [mem 0x200000000000-0x20ffffffffff window]
[    1.745569] pci_bus 0000:00: root bus resource [bus 00-15]
[    1.746879] pci 0000:00:00.0: [8086:09a2] type 00 class 0x088000
[    1.747628] pci 0000:00:00.1: [8086:09a4] type 00 class 0x088000
[    1.748987] pci 0000:00:00.2: [8086:09a3] type 00 class 0x088000
[    1.750349] pci 0000:00:00.4: [8086:0998] type 00 class 0x060000
[    1.752356] pci 0000:00:02.0: [8086:09a6] type 00 class 0x088000
[    1.752364] pci 0000:00:02.0: reg 0x10: [mem 0x92dfc000-0x92dfdfff]
[    1.753731] pci 0000:00:02.1: [8086:09a7] type 00 class 0x088000
[    1.753740] pci 0000:00:02.1: reg 0x10: [mem 0x92d00000-0x92d7ffff]
[    1.753745] pci 0000:00:02.1: reg 0x14: [mem 0x92c80000-0x92cfffff]
[    1.755108] pci 0000:00:02.4: [8086:3456] type 00 class 0x130000
[    1.755118] pci 0000:00:02.4: reg 0x10: [mem 0x92a00000-0x92afffff 64bit]
[    1.755125] pci 0000:00:02.4: reg 0x18: [mem 0x92df0000-0x92df3fff 64bit]
[    1.755131] pci 0000:00:02.4: reg 0x20: [mem 0x92dc0000-0x92ddffff 64bit]
[    1.756505] pci 0000:00:11.0: [8086:a1ec] type 00 class 0xff0000
[    1.756508] pci 0000:00:11.0: device has non-compliant BARs; disabling IO/MEM decoding
[    1.757895] pci 0000:00:11.5: [8086:a1d2] type 00 class 0x010601
[    1.757908] pci 0000:00:11.5: reg 0x10: [mem 0x92dfa000-0x92dfbfff]
[    1.757915] pci 0000:00:11.5: reg 0x14: [mem 0x92e05000-0x92e050ff]
[    1.757922] pci 0000:00:11.5: reg 0x18: [io  0x2068-0x206f]
[    1.757930] pci 0000:00:11.5: reg 0x1c: [io  0x2074-0x2077]
[    1.757937] pci 0000:00:11.5: reg 0x20: [io  0x2040-0x205f]
[    1.757945] pci 0000:00:11.5: reg 0x24: [mem 0x92b80000-0x92bfffff]
[    1.757982] pci 0000:00:11.5: PME# supported from D3hot
[    1.759478] pci 0000:00:14.0: [8086:a1af] type 00 class 0x0c0330
[    1.759496] pci 0000:00:14.0: reg 0x10: [mem 0x92de0000-0x92deffff 64bit]
[    1.759558] pci 0000:00:14.0: PME# supported from D3hot D3cold
[    1.761071] pci 0000:00:14.2: [8086:a1b1] type 00 class 0x118000
[    1.761088] pci 0000:00:14.2: reg 0x10: [mem 0x92e02000-0x92e02fff 64bit]
[    1.762507] pci 0000:00:16.0: [8086:a1ba] type 00 class 0x078000
[    1.762531] pci 0000:00:16.0: reg 0x10: [mem 0x92e01000-0x92e01fff 64bit]
[    1.762614] pci 0000:00:16.0: PME# supported from D3hot
[    1.763970] pci 0000:00:16.1: [8086:a1bb] type 00 class 0x078000
[    1.763993] pci 0000:00:16.1: reg 0x10: [mem 0x92e00000-0x92e00fff 64bit]
[    1.764076] pci 0000:00:16.1: PME# supported from D3hot
[    1.765434] pci 0000:00:16.4: [8086:a1be] type 00 class 0x078000
[    1.765457] pci 0000:00:16.4: reg 0x10: [mem 0x92dff000-0x92dfffff 64bit]
[    1.765541] pci 0000:00:16.4: PME# supported from D3hot
[    1.766900] pci 0000:00:17.0: [8086:a182] type 00 class 0x010601
[    1.766912] pci 0000:00:17.0: reg 0x10: [mem 0x92df8000-0x92df9fff]
[    1.766920] pci 0000:00:17.0: reg 0x14: [mem 0x92e04000-0x92e040ff]
[    1.766927] pci 0000:00:17.0: reg 0x18: [io  0x2060-0x2067]
[    1.766934] pci 0000:00:17.0: reg 0x1c: [io  0x2070-0x2073]
[    1.766941] pci 0000:00:17.0: reg 0x20: [io  0x2020-0x203f]
[    1.766948] pci 0000:00:17.0: reg 0x24: [mem 0x92b00000-0x92b7ffff]
[    1.766985] pci 0000:00:17.0: PME# supported from D3hot
[    1.768479] pci 0000:00:1c.0: [8086:a190] type 01 class 0x060400
[    1.768553] pci 0000:00:1c.0: PME# supported from D0 D3hot D3cold
[    1.770471] pci 0000:00:1c.4: [8086:a194] type 01 class 0x060400
[    1.770541] pci 0000:00:1c.4: PME# supported from D0 D3hot D3cold
[    1.772433] pci 0000:00:1c.5: [8086:a195] type 01 class 0x060400
[    1.772503] pci 0000:00:1c.5: PME# supported from D0 D3hot D3cold
[    1.774407] pci 0000:00:1f.0: [8086:a1cb] type 00 class 0x060100
[    1.775987] pci 0000:00:1f.2: [8086:a1a1] type 00 class 0x058000
[    1.776002] pci 0000:00:1f.2: reg 0x10: [mem 0x92df4000-0x92df7fff]
[    1.777527] pci 0000:00:1f.4: [8086:a1a3] type 00 class 0x0c0500
[    1.777546] pci 0000:00:1f.4: reg 0x10: [mem 0x92dfe000-0x92dfe0ff 64bit]
[    1.777568] pci 0000:00:1f.4: reg 0x20: [io  0x2000-0x201f]
[    1.778927] pci 0000:00:1f.5: [8086:a1a4] type 00 class 0x0c8000
[    1.778943] pci 0000:00:1f.5: reg 0x10: [mem 0xfe010000-0xfe010fff]
[    1.779066] pci 0000:00:1c.0: PCI bridge to [bus 01]
[    1.779119] pci 0000:02:00.0: [1556:be00] type 01 class 0x060400
[    1.779292] pci 0000:00:1c.4: PCI bridge to [bus 02-03]
[    1.779296] pci 0000:00:1c.4:   bridge window [mem 0x92000000-0x928fffff]
[    1.779300] pci 0000:00:1c.4:   bridge window [mem 0x91000000-0x91ffffff 64bit pref]
[    1.779332] pci_bus 0000:03: extended config space not accessible
[    1.779349] pci 0000:03:00.0: [102b:0536] type 00 class 0x030000
[    1.779368] pci 0000:03:00.0: reg 0x10: [mem 0x91000000-0x91ffffff pref]
[    1.779379] pci 0000:03:00.0: reg 0x14: [mem 0x92808000-0x9280bfff]
[    1.779389] pci 0000:03:00.0: reg 0x18: [mem 0x92000000-0x927fffff]
[    1.779437] pci 0000:03:00.0: BAR 0: assigned to efifb
[    1.779535] pci 0000:02:00.0: PCI bridge to [bus 03]
[    1.779544] pci 0000:02:00.0:   bridge window [mem 0x92000000-0x928fffff]
[    1.779550] pci 0000:02:00.0:   bridge window [mem 0x91000000-0x91ffffff 64bit pref]
[    1.779626] pci 0000:04:00.0: [14e4:165f] type 00 class 0x020000
[    1.779649] pci 0000:04:00.0: reg 0x10: [mem 0x92930000-0x9293ffff 64bit pref]
[    1.779665] pci 0000:04:00.0: reg 0x18: [mem 0x92940000-0x9294ffff 64bit pref]
[    1.779681] pci 0000:04:00.0: reg 0x20: [mem 0x92950000-0x9295ffff 64bit pref]
[    1.779691] pci 0000:04:00.0: reg 0x30: [mem 0xfffc0000-0xffffffff pref]
[    1.779786] pci 0000:04:00.0: PME# supported from D0 D3hot D3cold
[    1.779839] pci 0000:04:00.0: 4.000 Gb/s available PCIe bandwidth, limited by 5.0 GT/s PCIe x1 link at 0000:00:1c.5 (capable of 8.000 Gb/s with 5.0 GT/s PCIe x2 link)
[    1.780380] pci 0000:04:00.1: [14e4:165f] type 00 class 0x020000
[    1.780404] pci 0000:04:00.1: reg 0x10: [mem 0x92900000-0x9290ffff 64bit pref]
[    1.780420] pci 0000:04:00.1: reg 0x18: [mem 0x92910000-0x9291ffff 64bit pref]
[    1.780436] pci 0000:04:00.1: reg 0x20: [mem 0x92920000-0x9292ffff 64bit pref]
[    1.780446] pci 0000:04:00.1: reg 0x30: [mem 0xfffc0000-0xffffffff pref]
[    1.780540] pci 0000:04:00.1: PME# supported from D0 D3hot D3cold
[    1.781089] pci 0000:00:1c.5: PCI bridge to [bus 04]
[    1.781096] pci 0000:00:1c.5:   bridge window [mem 0x92900000-0x929fffff 64bit pref]
[    1.781110] pci_bus 0000:00: on NUMA node 0
[    1.781675] ACPI: PCI Root Bridge [PC01] (domain 0000 [bus 16-2f])
[    1.781679] acpi PNP0A08:01: _OSC: OS supports [ExtendedConfig ASPM ClockPM Segments MSI HPX-Type3]
[    1.795913] acpi PNP0A08:01: _OSC: platform does not support [SHPCHotplug AER]
[    1.796129] acpi PNP0A08:01: _OSC: OS now controls [PCIeHotplug PME PCIeCapability LTR]
[    1.796130] acpi PNP0A08:01: FADT indicates ASPM is unsupported, using BIOS configuration
[    1.796272] PCI host bridge to bus 0000:16
[    1.796273] pci_bus 0000:16: root bus resource [io  0x5000-0x6fff window]
[    1.796275] pci_bus 0000:16: root bus resource [mem 0x9b800000-0xa63fffff window]
[    1.796276] pci_bus 0000:16: root bus resource [mem 0x210000000000-0x21ffffffffff window]
[    1.796278] pci_bus 0000:16: root bus resource [bus 16-2f]
[    1.796293] pci 0000:16:00.0: [8086:09a2] type 00 class 0x088000
[    1.796373] pci 0000:16:00.1: [8086:09a4] type 00 class 0x088000
[    1.796444] pci 0000:16:00.2: [8086:09a3] type 00 class 0x088000
[    1.796514] pci 0000:16:00.4: [8086:0998] type 00 class 0x060000
[    1.796590] pci 0000:16:02.0: [8086:347a] type 01 class 0x060400
[    1.796600] pci 0000:16:02.0: reg 0x10: [mem 0x21fffff00000-0x21fffff1ffff 64bit]
[    1.796638] pci 0000:16:02.0: PME# supported from D0 D3hot D3cold
[    1.797544] pci 0000:17:00.0: [1000:10e2] type 00 class 0x010400
[    1.797557] pci 0000:17:00.0: reg 0x10: [mem 0x9b800000-0x9b8fffff 64bit pref]
[    1.797566] pci 0000:17:00.0: reg 0x18: [mem 0x9b900000-0x9b9fffff 64bit pref]
[    1.797571] pci 0000:17:00.0: reg 0x20: [mem 0x9ba00000-0x9bafffff]
[    1.797577] pci 0000:17:00.0: reg 0x24: [io  0x5000-0x50ff]
[    1.797583] pci 0000:17:00.0: reg 0x30: [mem 0xfff00000-0xffffffff pref]
[    1.798641] pci 0000:17:00.0: supports D1 D2
[    1.798707] pci 0000:16:02.0: PCI bridge to [bus 17]
[    1.798710] pci 0000:16:02.0:   bridge window [io  0x5000-0x5fff]
[    1.798712] pci 0000:16:02.0:   bridge window [mem 0x9ba00000-0x9bafffff]
[    1.798714] pci 0000:16:02.0:   bridge window [mem 0x9b800000-0x9b9fffff 64bit pref]
[    1.798720] pci_bus 0000:16: on NUMA node 0
[    1.798798] ACPI: PCI Root Bridge [PC02] (domain 0000 [bus 30-49])
[    1.798802] acpi PNP0A08:02: _OSC: OS supports [ExtendedConfig ASPM ClockPM Segments MSI HPX-Type3]
[    1.812517] acpi PNP0A08:02: _OSC: platform does not support [SHPCHotplug AER]
[    1.812720] acpi PNP0A08:02: _OSC: OS now controls [PCIeHotplug PME PCIeCapability LTR]
[    1.812721] acpi PNP0A08:02: FADT indicates ASPM is unsupported, using BIOS configuration
[    1.812836] PCI host bridge to bus 0000:30
[    1.812837] pci_bus 0000:30: root bus resource [io  0x7000-0x8fff window]
[    1.812839] pci_bus 0000:30: root bus resource [mem 0xa6400000-0xb0ffffff window]
[    1.812840] pci_bus 0000:30: root bus resource [mem 0x220000000000-0x22ffffffffff window]
[    1.812841] pci_bus 0000:30: root bus resource [bus 30-49]
[    1.812856] pci 0000:30:00.0: [8086:09a2] type 00 class 0x088000
[    1.812929] pci 0000:30:00.1: [8086:09a4] type 00 class 0x088000
[    1.813003] pci 0000:30:00.2: [8086:09a3] type 00 class 0x088000
[    1.813072] pci 0000:30:00.4: [8086:0998] type 00 class 0x060000
[    1.813142] pci_bus 0000:30: on NUMA node 0
[    1.813241] ACPI: PCI Root Bridge [PC04] (domain 0000 [bus 4a-63])
[    1.813244] acpi PNP0A08:04: _OSC: OS supports [ExtendedConfig ASPM ClockPM Segments MSI HPX-Type3]
[    1.826923] acpi PNP0A08:04: _OSC: platform does not support [SHPCHotplug AER]
[    1.827125] acpi PNP0A08:04: _OSC: OS now controls [PCIeHotplug PME PCIeCapability LTR]
[    1.827126] acpi PNP0A08:04: FADT indicates ASPM is unsupported, using BIOS configuration
[    1.827238] PCI host bridge to bus 0000:4a
[    1.827239] pci_bus 0000:4a: root bus resource [io  0x9000-0x9fff window]
[    1.827240] pci_bus 0000:4a: root bus resource [mem 0xb1000000-0xbbbfffff window]
[    1.827241] pci_bus 0000:4a: root bus resource [mem 0x230000000000-0x23ffffffffff window]
[    1.827243] pci_bus 0000:4a: root bus resource [bus 4a-63]
[    1.827256] pci 0000:4a:00.0: [8086:09a2] type 00 class 0x088000
[    1.827327] pci 0000:4a:00.1: [8086:09a4] type 00 class 0x088000
[    1.827395] pci 0000:4a:00.2: [8086:09a3] type 00 class 0x088000
[    1.827463] pci 0000:4a:00.4: [8086:0998] type 00 class 0x060000
[    1.827532] pci_bus 0000:4a: on NUMA node 0
[    1.827602] ACPI: PCI Root Bridge [PC05] (domain 0000 [bus 64-7d])
[    1.827605] acpi PNP0A08:05: _OSC: OS supports [ExtendedConfig ASPM ClockPM Segments MSI HPX-Type3]
[    1.841275] acpi PNP0A08:05: _OSC: platform does not support [SHPCHotplug AER]
[    1.841477] acpi PNP0A08:05: _OSC: OS now controls [PCIeHotplug PME PCIeCapability LTR]
[    1.841478] acpi PNP0A08:05: FADT indicates ASPM is unsupported, using BIOS configuration
[    1.841590] PCI host bridge to bus 0000:64
[    1.841591] pci_bus 0000:64: root bus resource [io  0xa000-0xafff window]
[    1.841592] pci_bus 0000:64: root bus resource [mem 0xbbc00000-0xc5ffffff window]
[    1.841593] pci_bus 0000:64: root bus resource [mem 0x240000000000-0x24ffffffffff window]
[    1.841595] pci_bus 0000:64: root bus resource [bus 64-7d]
[    1.841608] pci 0000:64:00.0: [8086:09a2] type 00 class 0x088000
[    1.841678] pci 0000:64:00.1: [8086:09a4] type 00 class 0x088000
[    1.841751] pci 0000:64:00.2: [8086:09a3] type 00 class 0x088000
[    1.841820] pci 0000:64:00.4: [8086:0998] type 00 class 0x060000
[    1.841890] pci_bus 0000:64: on NUMA node 0
[    1.841954] ACPI: PCI Root Bridge [UC06] (domain 0000 [bus 7e])
[    1.841957] acpi PNP0A03:00: _OSC: OS supports [ExtendedConfig ASPM ClockPM Segments MSI HPX-Type3]
[    1.842123] acpi PNP0A03:00: _OSC: platform does not support [SHPCHotplug AER LTR]
[    1.842294] acpi PNP0A03:00: _OSC: OS now controls [PCIeHotplug PME PCIeCapability]
[    1.842295] acpi PNP0A03:00: FADT indicates ASPM is unsupported, using BIOS configuration
[    1.842419] PCI host bridge to bus 0000:7e
[    1.842420] pci_bus 0000:7e: root bus resource [bus 7e]
[    1.842453] pci 0000:7e:00.0: [8086:3450] type 00 class 0x088000
[    1.842535] pci 0000:7e:00.1: [8086:3451] type 00 class 0x088000
[    1.842625] pci 0000:7e:00.2: [8086:3452] type 00 class 0x088000
[    1.842705] pci 0000:7e:00.3: [8086:0998] type 00 class 0x060000
[    1.842785] pci 0000:7e:00.5: [8086:3455] type 00 class 0x088000
[    1.842883] pci 0000:7e:02.0: [8086:3440] type 00 class 0x088000
[    1.843025] pci 0000:7e:02.1: [8086:3441] type 00 class 0x088000
[    1.843156] pci 0000:7e:02.2: [8086:3442] type 00 class 0x088000
[    1.843298] pci 0000:7e:03.0: [8086:3440] type 00 class 0x088000
[    1.843402] pci 0000:7e:03.1: [8086:3441] type 00 class 0x088000
[    1.843500] pci 0000:7e:03.2: [8086:3442] type 00 class 0x088000
[    1.843605] pci 0000:7e:04.0: [8086:3440] type 00 class 0x088000
[    1.843748] pci 0000:7e:04.1: [8086:3441] type 00 class 0x088000
[    1.843888] pci 0000:7e:04.2: [8086:3442] type 00 class 0x088000
[    1.844031] pci 0000:7e:04.3: [8086:3443] type 00 class 0x088000
[    1.844184] pci 0000:7e:05.0: [8086:3445] type 00 class 0x088000
[    1.844320] pci 0000:7e:05.1: [8086:3446] type 00 class 0x088000
[    1.844455] pci 0000:7e:05.2: [8086:3447] type 00 class 0x088000
[    1.844602] pci 0000:7e:06.0: [8086:3445] type 00 class 0x088000
[    1.844703] pci 0000:7e:06.1: [8086:3446] type 00 class 0x088000
[    1.844804] pci 0000:7e:06.2: [8086:3447] type 00 class 0x088000
[    1.844925] pci 0000:7e:07.0: [8086:3445] type 00 class 0x088000
[    1.845075] pci 0000:7e:07.1: [8086:3446] type 00 class 0x088000
[    1.845221] pci 0000:7e:07.2: [8086:3447] type 00 class 0x088000
[    1.845372] pci 0000:7e:0b.0: [8086:3448] type 00 class 0x088000
[    1.845461] pci 0000:7e:0b.1: [8086:3448] type 00 class 0x088000
[    1.845550] pci 0000:7e:0b.2: [8086:344b] type 00 class 0x088000
[    1.845654] pci 0000:7e:0c.0: [8086:344a] type 00 class 0x110100
[    1.845781] pci 0000:7e:0d.0: [8086:344a] type 00 class 0x110100
[    1.845890] pci 0000:7e:0e.0: [8086:344a] type 00 class 0x110100
[    1.846066] pci 0000:7e:0f.0: [8086:344a] type 00 class 0x110100
[    1.846257] pci 0000:7e:1a.0: [8086:2880] type 00 class 0x110100
[    1.846378] pci 0000:7e:1b.0: [8086:2880] type 00 class 0x110100
[    1.846486] pci 0000:7e:1c.0: [8086:2880] type 00 class 0x110100
[    1.846661] pci 0000:7e:1d.0: [8086:2880] type 00 class 0x110100
[    1.846819] pci_bus 0000:7e: on NUMA node 0
[    1.846897] ACPI: PCI Root Bridge [UC07] (domain 0000 [bus 7f])
[    1.846899] acpi PNP0A03:01: _OSC: OS supports [ExtendedConfig ASPM ClockPM Segments MSI HPX-Type3]
[    1.847070] acpi PNP0A03:01: _OSC: platform does not support [SHPCHotplug AER LTR]
[    1.847241] acpi PNP0A03:01: _OSC: OS now controls [PCIeHotplug PME PCIeCapability]
[    1.847242] acpi PNP0A03:01: FADT indicates ASPM is unsupported, using BIOS configuration
[    1.847378] PCI host bridge to bus 0000:7f
[    1.847379] pci_bus 0000:7f: root bus resource [bus 7f]
[    1.847420] pci 0000:7f:00.0: [8086:344c] type 00 class 0x088000
[    1.847554] pci 0000:7f:00.1: [8086:344c] type 00 class 0x088000
[    1.847690] pci 0000:7f:00.2: [8086:344c] type 00 class 0x088000
[    1.847833] pci 0000:7f:00.3: [8086:344c] type 00 class 0x088000
[    1.847949] pci 0000:7f:00.4: [8086:344c] type 00 class 0x088000
[    1.848095] pci 0000:7f:00.5: [8086:344c] type 00 class 0x088000
[    1.848236] pci 0000:7f:00.6: [8086:344c] type 00 class 0x088000
[    1.848339] pci 0000:7f:00.7: [8086:344c] type 00 class 0x088000
[    1.848461] pci 0000:7f:01.0: [8086:344c] type 00 class 0x088000
[    1.848614] pci 0000:7f:01.1: [8086:344c] type 00 class 0x088000
[    1.848761] pci 0000:7f:01.2: [8086:344c] type 00 class 0x088000
[    1.848871] pci 0000:7f:01.3: [8086:344c] type 00 class 0x088000
[    1.849028] pci 0000:7f:01.4: [8086:344c] type 00 class 0x088000
[    1.849186] pci 0000:7f:01.5: [8086:344c] type 00 class 0x088000
[    1.849347] pci 0000:7f:01.6: [8086:344c] type 00 class 0x088000
[    1.849493] pci 0000:7f:01.7: [8086:344c] type 00 class 0x088000
[    1.849662] pci 0000:7f:02.0: [8086:344c] type 00 class 0x088000
[    1.849816] pci 0000:7f:02.1: [8086:344c] type 00 class 0x088000
[    1.849973] pci 0000:7f:02.2: [8086:344c] type 00 class 0x088000
[    1.850137] pci 0000:7f:02.3: [8086:344c] type 00 class 0x088000
[    1.850302] pci 0000:7f:02.4: [8086:344c] type 00 class 0x088000
[    1.850464] pci 0000:7f:02.5: [8086:344c] type 00 class 0x088000
[    1.850627] pci 0000:7f:02.6: [8086:344c] type 00 class 0x088000
[    1.850801] pci 0000:7f:02.7: [8086:344c] type 00 class 0x088000
[    1.850986] pci 0000:7f:03.0: [8086:344c] type 00 class 0x088000
[    1.851155] pci 0000:7f:03.1: [8086:344c] type 00 class 0x088000
[    1.851333] pci 0000:7f:03.2: [8086:344c] type 00 class 0x088000
[    1.851512] pci 0000:7f:03.3: [8086:344c] type 00 class 0x088000
[    1.851709] pci 0000:7f:0a.0: [8086:344d] type 00 class 0x088000
[    1.851832] pci 0000:7f:0a.1: [8086:344d] type 00 class 0x088000
[    1.851968] pci 0000:7f:0a.2: [8086:344d] type 00 class 0x088000
[    1.852105] pci 0000:7f:0a.3: [8086:344d] type 00 class 0x088000
[    1.852219] pci 0000:7f:0a.4: [8086:344d] type 00 class 0x088000
[    1.852365] pci 0000:7f:0a.5: [8086:344d] type 00 class 0x088000
[    1.852506] pci 0000:7f:0a.6: [8086:344d] type 00 class 0x088000
[    1.852612] pci 0000:7f:0a.7: [8086:344d] type 00 class 0x088000
[    1.852735] pci 0000:7f:0b.0: [8086:344d] type 00 class 0x088000
[    1.852894] pci 0000:7f:0b.1: [8086:344d] type 00 class 0x088000
[    1.853042] pci 0000:7f:0b.2: [8086:344d] type 00 class 0x088000
[    1.853147] pci 0000:7f:0b.3: [8086:344d] type 00 class 0x088000
[    1.853303] pci 0000:7f:0b.4: [8086:344d] type 00 class 0x088000
[    1.853462] pci 0000:7f:0b.5: [8086:344d] type 00 class 0x088000
[    1.853624] pci 0000:7f:0b.6: [8086:344d] type 00 class 0x088000
[    1.853774] pci 0000:7f:0b.7: [8086:344d] type 00 class 0x088000
[    1.853943] pci 0000:7f:0c.0: [8086:344d] type 00 class 0x088000
[    1.854098] pci 0000:7f:0c.1: [8086:344d] type 00 class 0x088000
[    1.854255] pci 0000:7f:0c.2: [8086:344d] type 00 class 0x088000
[    1.854412] pci 0000:7f:0c.3: [8086:344d] type 00 class 0x088000
[    1.854577] pci 0000:7f:0c.4: [8086:344d] type 00 class 0x088000
[    1.854739] pci 0000:7f:0c.5: [8086:344d] type 00 class 0x088000
[    1.854903] pci 0000:7f:0c.6: [8086:344d] type 00 class 0x088000
[    1.855080] pci 0000:7f:0c.7: [8086:344d] type 00 class 0x088000
[    1.855267] pci 0000:7f:0d.0: [8086:344d] type 00 class 0x088000
[    1.855435] pci 0000:7f:0d.1: [8086:344d] type 00 class 0x088000
[    1.855613] pci 0000:7f:0d.2: [8086:344d] type 00 class 0x088000
[    1.855791] pci 0000:7f:0d.3: [8086:344d] type 00 class 0x088000
[    1.855999] pci 0000:7f:1d.0: [8086:344f] type 00 class 0x088000
[    1.856131] pci 0000:7f:1d.1: [8086:3457] type 00 class 0x088000
[    1.856276] pci 0000:7f:1e.0: [8086:3458] type 00 class 0x088000
[    1.856373] pci 0000:7f:1e.1: [8086:3459] type 00 class 0x088000
[    1.856462] pci 0000:7f:1e.2: [8086:345a] type 00 class 0x088000
[    1.856551] pci 0000:7f:1e.3: [8086:345b] type 00 class 0x088000
[    1.856638] pci 0000:7f:1e.4: [8086:345c] type 00 class 0x088000
[    1.856726] pci 0000:7f:1e.5: [8086:345d] type 00 class 0x088000
[    1.856813] pci 0000:7f:1e.6: [8086:345e] type 00 class 0x088000
[    1.856901] pci 0000:7f:1e.7: [8086:345f] type 00 class 0x088000
[    1.856977] pci_bus 0000:7f: on NUMA node 0
[    1.857074] ACPI: PCI Root Bridge [PC06] (domain 0000 [bus 80])
[    1.857077] acpi PNP0A08:06: _OSC: OS supports [ExtendedConfig ASPM ClockPM Segments MSI HPX-Type3]
[    1.870772] acpi PNP0A08:06: _OSC: platform does not support [SHPCHotplug AER]
[    1.870974] acpi PNP0A08:06: _OSC: OS now controls [PCIeHotplug PME PCIeCapability LTR]
[    1.870976] acpi PNP0A08:06: FADT indicates ASPM is unsupported, using BIOS configuration
[    1.871116] PCI host bridge to bus 0000:80
[    1.871117] pci_bus 0000:80: root bus resource [io  0xb000-0xbfff window]
[    1.871118] pci_bus 0000:80: root bus resource [mem 0xc6800000-0xd0ffffff window]
[    1.871120] pci_bus 0000:80: root bus resource [mem 0x250000000000-0x25ffffffffff window]
[    1.871121] pci_bus 0000:80: root bus resource [bus 80]
[    1.871152] pci 0000:80:00.0: [8086:09a2] type 00 class 0x088000
[    1.871247] pci 0000:80:00.1: [8086:09a4] type 00 class 0x088000
[    1.871337] pci 0000:80:00.2: [8086:09a3] type 00 class 0x088000
[    1.871426] pci 0000:80:00.4: [8086:0998] type 00 class 0x060000
[    1.871515] pci 0000:80:02.0: [8086:09a6] type 00 class 0x088000
[    1.871523] pci 0000:80:02.0: reg 0x10: [mem 0xc6aa4000-0xc6aa5fff]
[    1.871602] pci 0000:80:02.1: [8086:09a7] type 00 class 0x088000
[    1.871611] pci 0000:80:02.1: reg 0x10: [mem 0xc6a00000-0xc6a7ffff]
[    1.871616] pci 0000:80:02.1: reg 0x14: [mem 0xc6980000-0xc69fffff]
[    1.871703] pci 0000:80:02.4: [8086:3456] type 00 class 0x130000
[    1.871713] pci 0000:80:02.4: reg 0x10: [mem 0xc6800000-0xc68fffff 64bit]
[    1.871721] pci 0000:80:02.4: reg 0x18: [mem 0xc6aa0000-0xc6aa3fff 64bit]
[    1.871728] pci 0000:80:02.4: reg 0x20: [mem 0xc6a80000-0xc6a9ffff 64bit]
[    1.871790] pci_bus 0000:80: on NUMA node 1
[    1.871866] ACPI: PCI Root Bridge [PC07] (domain 0000 [bus 81])
[    1.871869] acpi PNP0A08:07: _OSC: OS supports [ExtendedConfig ASPM ClockPM Segments MSI HPX-Type3]
[    1.885544] acpi PNP0A08:07: _OSC: platform does not support [SHPCHotplug AER]
[    1.885747] acpi PNP0A08:07: _OSC: OS now controls [PCIeHotplug PME PCIeCapability LTR]
[    1.885748] acpi PNP0A08:07: FADT indicates ASPM is unsupported, using BIOS configuration
[    1.885860] PCI host bridge to bus 0000:81
[    1.885861] pci_bus 0000:81: root bus resource [io  0xc000-0xcfff window]
[    1.885863] pci_bus 0000:81: root bus resource [mem 0xd1000000-0xdbbfffff window]
[    1.885864] pci_bus 0000:81: root bus resource [mem 0x260000000000-0x26ffffffffff window]
[    1.885865] pci_bus 0000:81: root bus resource [bus 81]
[    1.885879] pci 0000:81:00.0: [8086:09a2] type 00 class 0x088000
[    1.885955] pci 0000:81:00.1: [8086:09a4] type 00 class 0x088000
[    1.886036] pci 0000:81:00.2: [8086:09a3] type 00 class 0x088000
[    1.886111] pci 0000:81:00.4: [8086:0998] type 00 class 0x060000
[    1.886198] pci_bus 0000:81: on NUMA node 1
[    1.886269] ACPI: PCI Root Bridge [PC08] (domain 0000 [bus 82])
[    1.886271] acpi PNP0A08:08: _OSC: OS supports [ExtendedConfig ASPM ClockPM Segments MSI HPX-Type3]
[    1.900056] acpi PNP0A08:08: _OSC: platform does not support [SHPCHotplug AER]
[    1.900258] acpi PNP0A08:08: _OSC: OS now controls [PCIeHotplug PME PCIeCapability LTR]
[    1.900259] acpi PNP0A08:08: FADT indicates ASPM is unsupported, using BIOS configuration
[    1.900369] PCI host bridge to bus 0000:82
[    1.900370] pci_bus 0000:82: root bus resource [io  0xd000-0xdfff window]
[    1.900371] pci_bus 0000:82: root bus resource [mem 0xdbc00000-0xe67fffff window]
[    1.900373] pci_bus 0000:82: root bus resource [mem 0x270000000000-0x27ffffffffff window]
[    1.900374] pci_bus 0000:82: root bus resource [bus 82]
[    1.900388] pci 0000:82:00.0: [8086:09a2] type 00 class 0x088000
[    1.900464] pci 0000:82:00.1: [8086:09a4] type 00 class 0x088000
[    1.900539] pci 0000:82:00.2: [8086:09a3] type 00 class 0x088000
[    1.900613] pci 0000:82:00.4: [8086:0998] type 00 class 0x060000
[    1.900693] pci_bus 0000:82: on NUMA node 1
[    1.900790] ACPI: PCI Root Bridge [PC10] (domain 0000 [bus 83-f9])
[    1.900793] acpi PNP0A08:0a: _OSC: OS supports [ExtendedConfig ASPM ClockPM Segments MSI HPX-Type3]
[    1.914490] acpi PNP0A08:0a: _OSC: platform does not support [SHPCHotplug AER]
[    1.914692] acpi PNP0A08:0a: _OSC: OS now controls [PCIeHotplug PME PCIeCapability LTR]
[    1.914693] acpi PNP0A08:0a: FADT indicates ASPM is unsupported, using BIOS configuration
[    1.914812] PCI host bridge to bus 0000:83
[    1.914813] pci_bus 0000:83: root bus resource [io  0xe000-0xefff window]
[    1.914814] pci_bus 0000:83: root bus resource [mem 0xe6800000-0xf13fffff window]
[    1.914815] pci_bus 0000:83: root bus resource [mem 0x280000000000-0x28ffffffffff window]
[    1.914817] pci_bus 0000:83: root bus resource [bus 83-f9]
[    1.914831] pci 0000:83:00.0: [8086:09a2] type 00 class 0x088000
[    1.914911] pci 0000:83:00.1: [8086:09a4] type 00 class 0x088000
[    1.914992] pci 0000:83:00.2: [8086:09a3] type 00 class 0x088000
[    1.915070] pci 0000:83:00.4: [8086:0998] type 00 class 0x060000
[    1.915152] pci_bus 0000:83: on NUMA node 1
[    1.915222] ACPI: PCI Root Bridge [PC11] (domain 0000 [bus fa])
[    1.915224] acpi PNP0A08:0b: _OSC: OS supports [ExtendedConfig ASPM ClockPM Segments MSI HPX-Type3]
[    1.928907] acpi PNP0A08:0b: _OSC: platform does not support [SHPCHotplug AER]
[    1.929108] acpi PNP0A08:0b: _OSC: OS now controls [PCIeHotplug PME PCIeCapability LTR]
[    1.929110] acpi PNP0A08:0b: FADT indicates ASPM is unsupported, using BIOS configuration
[    1.929220] PCI host bridge to bus 0000:fa
[    1.929221] pci_bus 0000:fa: root bus resource [io  0xf000-0xffff window]
[    1.929222] pci_bus 0000:fa: root bus resource [mem 0xf1400000-0xfb7fffff window]
[    1.929223] pci_bus 0000:fa: root bus resource [mem 0x290000000000-0x29ffffffffff window]
[    1.929225] pci_bus 0000:fa: root bus resource [bus fa]
[    1.929239] pci 0000:fa:00.0: [8086:09a2] type 00 class 0x088000
[    1.929315] pci 0000:fa:00.1: [8086:09a4] type 00 class 0x088000
[    1.929391] pci 0000:fa:00.2: [8086:09a3] type 00 class 0x088000
[    1.929467] pci 0000:fa:00.4: [8086:0998] type 00 class 0x060000
[    1.929549] pci_bus 0000:fa: on NUMA node 1
[    1.929613] ACPI: PCI Root Bridge [UC16] (domain 0000 [bus fe])
[    1.929615] acpi PNP0A03:02: _OSC: OS supports [ExtendedConfig ASPM ClockPM Segments MSI HPX-Type3]
[    1.929781] acpi PNP0A03:02: _OSC: platform does not support [SHPCHotplug AER LTR]
[    1.929951] acpi PNP0A03:02: _OSC: OS now controls [PCIeHotplug PME PCIeCapability]
[    1.929952] acpi PNP0A03:02: FADT indicates ASPM is unsupported, using BIOS configuration
[    1.930074] PCI host bridge to bus 0000:fe
[    1.930075] pci_bus 0000:fe: root bus resource [bus fe]
[    1.930107] pci 0000:fe:00.0: [8086:3450] type 00 class 0x088000
[    1.930191] pci 0000:fe:00.1: [8086:3451] type 00 class 0x088000
[    1.930276] pci 0000:fe:00.2: [8086:3452] type 00 class 0x088000
[    1.930358] pci 0000:fe:00.3: [8086:0998] type 00 class 0x060000
[    1.930439] pci 0000:fe:00.5: [8086:3455] type 00 class 0x088000
[    1.930540] pci 0000:fe:02.0: [8086:3440] type 00 class 0x088000
[    1.930685] pci 0000:fe:02.1: [8086:3441] type 00 class 0x088000
[    1.930820] pci 0000:fe:02.2: [8086:3442] type 00 class 0x088000
[    1.930965] pci 0000:fe:03.0: [8086:3440] type 00 class 0x088000
[    1.931071] pci 0000:fe:03.1: [8086:3441] type 00 class 0x088000
[    1.931177] pci 0000:fe:03.2: [8086:3442] type 00 class 0x088000
[    1.931287] pci 0000:fe:04.0: [8086:3440] type 00 class 0x088000
[    1.931433] pci 0000:fe:04.1: [8086:3441] type 00 class 0x088000
[    1.931574] pci 0000:fe:04.2: [8086:3442] type 00 class 0x088000
[    1.931717] pci 0000:fe:04.3: [8086:3443] type 00 class 0x088000
[    1.931874] pci 0000:fe:05.0: [8086:3445] type 00 class 0x088000
[    1.932017] pci 0000:fe:05.1: [8086:3446] type 00 class 0x088000
[    1.932156] pci 0000:fe:05.2: [8086:3447] type 00 class 0x088000
[    1.932310] pci 0000:fe:06.0: [8086:3445] type 00 class 0x088000
[    1.932416] pci 0000:fe:06.1: [8086:3446] type 00 class 0x088000
[    1.932520] pci 0000:fe:06.2: [8086:3447] type 00 class 0x088000
[    1.932644] pci 0000:fe:07.0: [8086:3445] type 00 class 0x088000
[    1.932792] pci 0000:fe:07.1: [8086:3446] type 00 class 0x088000
[    1.932938] pci 0000:fe:07.2: [8086:3447] type 00 class 0x088000
[    1.933091] pci 0000:fe:0b.0: [8086:3448] type 00 class 0x088000
[    1.933181] pci 0000:fe:0b.1: [8086:3448] type 00 class 0x088000
[    1.933273] pci 0000:fe:0b.2: [8086:344b] type 00 class 0x088000
[    1.933378] pci 0000:fe:0c.0: [8086:344a] type 00 class 0x110100
[    1.933506] pci 0000:fe:0d.0: [8086:344a] type 00 class 0x110100
[    1.933622] pci 0000:fe:0e.0: [8086:344a] type 00 class 0x110100
[    1.933795] pci 0000:fe:0f.0: [8086:344a] type 00 class 0x110100
[    1.933990] pci 0000:fe:1a.0: [8086:2880] type 00 class 0x110100
[    1.934116] pci 0000:fe:1b.0: [8086:2880] type 00 class 0x110100
[    1.934227] pci 0000:fe:1c.0: [8086:2880] type 00 class 0x110100
[    1.934410] pci 0000:fe:1d.0: [8086:2880] type 00 class 0x110100
[    1.934571] pci_bus 0000:fe: on NUMA node 1
[    1.934647] ACPI: PCI Root Bridge [UC17] (domain 0000 [bus ff])
[    1.934650] acpi PNP0A03:03: _OSC: OS supports [ExtendedConfig ASPM ClockPM Segments MSI HPX-Type3]
[    1.934815] acpi PNP0A03:03: _OSC: platform does not support [SHPCHotplug AER LTR]
[    1.934985] acpi PNP0A03:03: _OSC: OS now controls [PCIeHotplug PME PCIeCapability]
[    1.934986] acpi PNP0A03:03: FADT indicates ASPM is unsupported, using BIOS configuration
[    1.935120] PCI host bridge to bus 0000:ff
[    1.935121] pci_bus 0000:ff: root bus resource [bus ff]
[    1.935163] pci 0000:ff:00.0: [8086:344c] type 00 class 0x088000
[    1.935300] pci 0000:ff:00.1: [8086:344c] type 00 class 0x088000
[    1.935438] pci 0000:ff:00.2: [8086:344c] type 00 class 0x088000
[    1.935565] pci 0000:ff:00.3: [8086:344c] type 00 class 0x088000
[    1.935711] pci 0000:ff:00.4: [8086:344c] type 00 class 0x088000
[    1.935853] pci 0000:ff:00.5: [8086:344c] type 00 class 0x088000
[    1.935973] pci 0000:ff:00.6: [8086:344c] type 00 class 0x088000
[    1.936131] pci 0000:ff:00.7: [8086:344c] type 00 class 0x088000
[    1.936297] pci 0000:ff:01.0: [8086:344c] type 00 class 0x088000
[    1.936455] pci 0000:ff:01.1: [8086:344c] type 00 class 0x088000
[    1.936606] pci 0000:ff:01.2: [8086:344c] type 00 class 0x088000
[    1.936719] pci 0000:ff:01.3: [8086:344c] type 00 class 0x088000
[    1.936881] pci 0000:ff:01.4: [8086:344c] type 00 class 0x088000
[    1.937044] pci 0000:ff:01.5: [8086:344c] type 00 class 0x088000
[    1.937211] pci 0000:ff:01.6: [8086:344c] type 00 class 0x088000
[    1.937366] pci 0000:ff:01.7: [8086:344c] type 00 class 0x088000
[    1.937540] pci 0000:ff:02.0: [8086:344c] type 00 class 0x088000
[    1.937700] pci 0000:ff:02.1: [8086:344c] type 00 class 0x088000
[    1.937858] pci 0000:ff:02.2: [8086:344c] type 00 class 0x088000
[    1.938022] pci 0000:ff:02.3: [8086:344c] type 00 class 0x088000
[    1.938183] pci 0000:ff:02.4: [8086:344c] type 00 class 0x088000
[    1.938346] pci 0000:ff:02.5: [8086:344c] type 00 class 0x088000
[    1.938515] pci 0000:ff:02.6: [8086:344c] type 00 class 0x088000
[    1.938695] pci 0000:ff:02.7: [8086:344c] type 00 class 0x088000
[    1.938887] pci 0000:ff:03.0: [8086:344c] type 00 class 0x088000
[    1.939064] pci 0000:ff:03.1: [8086:344c] type 00 class 0x088000
[    1.939238] pci 0000:ff:03.2: [8086:344c] type 00 class 0x088000
[    1.939422] pci 0000:ff:03.3: [8086:344c] type 00 class 0x088000
[    1.939626] pci 0000:ff:0a.0: [8086:344d] type 00 class 0x088000
[    1.939755] pci 0000:ff:0a.1: [8086:344d] type 00 class 0x088000
[    1.939893] pci 0000:ff:0a.2: [8086:344d] type 00 class 0x088000
[    1.940022] pci 0000:ff:0a.3: [8086:344d] type 00 class 0x088000
[    1.940169] pci 0000:ff:0a.4: [8086:344d] type 00 class 0x088000
[    1.940311] pci 0000:ff:0a.5: [8086:344d] type 00 class 0x088000
[    1.940431] pci 0000:ff:0a.6: [8086:344d] type 00 class 0x088000
[    1.940583] pci 0000:ff:0a.7: [8086:344d] type 00 class 0x088000
[    1.940749] pci 0000:ff:0b.0: [8086:344d] type 00 class 0x088000
[    1.940907] pci 0000:ff:0b.1: [8086:344d] type 00 class 0x088000
[    1.941056] pci 0000:ff:0b.2: [8086:344d] type 00 class 0x088000
[    1.941171] pci 0000:ff:0b.3: [8086:344d] type 00 class 0x088000
[    1.941333] pci 0000:ff:0b.4: [8086:344d] type 00 class 0x088000
[    1.941495] pci 0000:ff:0b.5: [8086:344d] type 00 class 0x088000
[    1.941663] pci 0000:ff:0b.6: [8086:344d] type 00 class 0x088000
[    1.941817] pci 0000:ff:0b.7: [8086:344d] type 00 class 0x088000
[    1.941989] pci 0000:ff:0c.0: [8086:344d] type 00 class 0x088000
[    1.942149] pci 0000:ff:0c.1: [8086:344d] type 00 class 0x088000
[    1.942307] pci 0000:ff:0c.2: [8086:344d] type 00 class 0x088000
[    1.942477] pci 0000:ff:0c.3: [8086:344d] type 00 class 0x088000
[    1.942639] pci 0000:ff:0c.4: [8086:344d] type 00 class 0x088000
[    1.942803] pci 0000:ff:0c.5: [8086:344d] type 00 class 0x088000
[    1.942973] pci 0000:ff:0c.6: [8086:344d] type 00 class 0x088000
[    1.943142] pci 0000:ff:0c.7: [8086:344d] type 00 class 0x088000
[    1.943334] pci 0000:ff:0d.0: [8086:344d] type 00 class 0x088000
[    1.943513] pci 0000:ff:0d.1: [8086:344d] type 00 class 0x088000
[    1.943687] pci 0000:ff:0d.2: [8086:344d] type 00 class 0x088000
[    1.943878] pci 0000:ff:0d.3: [8086:344d] type 00 class 0x088000
[    1.944093] pci 0000:ff:1d.0: [8086:344f] type 00 class 0x088000
[    1.944231] pci 0000:ff:1d.1: [8086:3457] type 00 class 0x088000
[    1.944381] pci 0000:ff:1e.0: [8086:3458] type 00 class 0x088000
[    1.944478] pci 0000:ff:1e.1: [8086:3459] type 00 class 0x088000
[    1.944570] pci 0000:ff:1e.2: [8086:345a] type 00 class 0x088000
[    1.944660] pci 0000:ff:1e.3: [8086:345b] type 00 class 0x088000
[    1.944753] pci 0000:ff:1e.4: [8086:345c] type 00 class 0x088000
[    1.944848] pci 0000:ff:1e.5: [8086:345d] type 00 class 0x088000
[    1.944938] pci 0000:ff:1e.6: [8086:345e] type 00 class 0x088000
[    1.945029] pci 0000:ff:1e.7: [8086:345f] type 00 class 0x088000
[    1.945103] pci_bus 0000:ff: on NUMA node 1
[    1.949714] iommu: Default domain type: Translated 
[    1.949714] iommu: DMA domain TLB invalidation policy: lazy mode 
[    1.949723] pci 0000:03:00.0: vgaarb: setting as boot VGA device
[    1.949723] pci 0000:03:00.0: vgaarb: VGA device added: decodes=io+mem,owns=io+mem,locks=none
[    1.949761] pci 0000:03:00.0: vgaarb: bridge control possible
[    1.949762] vgaarb: loaded
[    1.949958] SCSI subsystem initialized
[    1.949997] libata version 3.00 loaded.
[    1.949997] ACPI: bus type USB registered
[    1.949997] usbcore: registered new interface driver usbfs
[    1.949997] usbcore: registered new interface driver hub
[    1.949997] usbcore: registered new device driver usb
[    1.949997] pps_core: LinuxPPS API ver. 1 registered
[    1.949997] pps_core: Software ver. 5.3.6 - Copyright 2005-2007 Rodolfo Giometti <giometti@linux.it>
[    1.949997] PTP clock support registered
[    1.949997] EDAC MC: Ver: 3.0.0
[    1.950341] Registered efivars operations
[    1.950341] NetLabel: Initializing
[    1.950341] NetLabel:  domain hash size = 128
[    1.950341] NetLabel:  protocols = UNLABELED CIPSOv4 CALIPSO
[    1.950341] NetLabel:  unlabeled traffic allowed by default
[    1.950341] PCI: Using ACPI for IRQ routing
[    1.951042] PCI: pci_cache_line_size set to 64 bytes
[    1.951591] e820: reserve RAM buffer [mem 0x0008f000-0x0008ffff]
[    1.951593] e820: reserve RAM buffer [mem 0x46cc5020-0x47ffffff]
[    1.951594] e820: reserve RAM buffer [mem 0x46cf7020-0x47ffffff]
[    1.951595] e820: reserve RAM buffer [mem 0x46d2a020-0x47ffffff]
[    1.951596] e820: reserve RAM buffer [mem 0x46d5d020-0x47ffffff]
[    1.951597] e820: reserve RAM buffer [mem 0x49e77000-0x4bffffff]
[    1.951599] e820: reserve RAM buffer [mem 0x4b2cf000-0x4bffffff]
[    1.951600] e820: reserve RAM buffer [mem 0x4bd94000-0x4bffffff]
[    1.951601] e820: reserve RAM buffer [mem 0x4ce00000-0x4fffffff]
[    1.951602] e820: reserve RAM buffer [mem 0x5eefe000-0x5fffffff]
[    1.951603] e820: reserve RAM buffer [mem 0x6f800000-0x6fffffff]
[    1.955009] hpet0: at MMIO 0xfed00000, IRQs 2, 8, 0, 0, 0, 0, 0, 0
[    1.955015] hpet0: 8 comparators, 64-bit 24.000000 MHz counter
[    1.959941] clocksource: Switched to clocksource tsc-early
[    1.966351] VFS: Disk quotas dquot_6.6.0
[    1.966406] VFS: Dquot-cache hash table entries: 512 (order 0, 4096 bytes)
[    1.966554] AppArmor: AppArmor Filesystem Enabled
[    1.966573] pnp: PnP ACPI init
[    1.981873] system 00:01: [io  0x0500-0x05fe] has been reserved
[    1.981876] system 00:01: [io  0x0400-0x041f] has been reserved
[    1.981878] system 00:01: [io  0x0600-0x061f] has been reserved
[    1.981879] system 00:01: [io  0x0ca0-0x0ca1] has been reserved
[    1.981880] system 00:01: [io  0x0ca4-0x0ca6] has been reserved
[    1.981882] system 00:01: [mem 0xff000000-0xffffffff] has been reserved
[    1.982466] system 00:04: [mem 0xfd000000-0xfdabffff] has been reserved
[    1.982468] system 00:04: [mem 0xfdad0000-0xfdadffff] has been reserved
[    1.982470] system 00:04: [mem 0xfdb00000-0xfdffffff] has been reserved
[    1.982471] system 00:04: [mem 0xfe000000-0xfe00ffff] has been reserved
[    1.982473] system 00:04: [mem 0xfe011000-0xfe01ffff] has been reserved
[    1.982474] system 00:04: [mem 0xfe036000-0xfe03bfff] has been reserved
[    1.982476] system 00:04: [mem 0xfe03d000-0xfe3fffff] has been reserved
[    1.982477] system 00:04: [mem 0xfe410000-0xfe7fffff] has been reserved
[    1.982789] system 00:05: [io  0x1000-0x10fe] has been reserved
[    1.983755] pnp: PnP ACPI: found 6 devices
[    1.989352] clocksource: acpi_pm: mask: 0xffffff max_cycles: 0xffffff, max_idle_ns: 2085701024 ns
[    1.989433] NET: Registered PF_INET protocol family
[    1.989792] IP idents hash table entries: 262144 (order: 9, 2097152 bytes, vmalloc)
[    1.991925] tcp_listen_portaddr_hash hash table entries: 16384 (order: 6, 262144 bytes, vmalloc)
[    1.992272] TCP established hash table entries: 262144 (order: 9, 2097152 bytes, vmalloc)
[    1.992662] TCP bind hash table entries: 65536 (order: 8, 1048576 bytes, vmalloc)
[    1.992727] TCP: Hash tables configured (established 262144 bind 65536)
[    1.992924] UDP hash table entries: 16384 (order: 7, 524288 bytes, vmalloc)
[    1.993044] UDP-Lite hash table entries: 16384 (order: 7, 524288 bytes, vmalloc)
[    1.993272] NET: Registered PF_UNIX/PF_LOCAL protocol family
[    1.993279] NET: Registered PF_XDP protocol family
[    1.993286] pci 0000:04:00.0: can't claim BAR 6 [mem 0xfffc0000-0xffffffff pref]: no compatible bridge window
[    1.993288] pci 0000:04:00.1: can't claim BAR 6 [mem 0xfffc0000-0xffffffff pref]: no compatible bridge window
[    1.993290] pci 0000:17:00.0: can't claim BAR 6 [mem 0xfff00000-0xffffffff pref]: no compatible bridge window
[    1.993306] pci 0000:00:1c.5: BAR 14: assigned [mem 0x90000000-0x900fffff]
[    1.993309] pci 0000:00:1c.0: PCI bridge to [bus 01]
[    1.993318] pci 0000:02:00.0: PCI bridge to [bus 03]
[    1.993323] pci 0000:02:00.0:   bridge window [mem 0x92000000-0x928fffff]
[    1.993327] pci 0000:02:00.0:   bridge window [mem 0x91000000-0x91ffffff 64bit pref]
[    1.993333] pci 0000:00:1c.4: PCI bridge to [bus 02-03]
[    1.993337] pci 0000:00:1c.4:   bridge window [mem 0x92000000-0x928fffff]
[    1.993339] pci 0000:00:1c.4:   bridge window [mem 0x91000000-0x91ffffff 64bit pref]
[    1.993345] pci 0000:04:00.0: BAR 6: assigned [mem 0x90000000-0x9003ffff pref]
[    1.993346] pci 0000:04:00.1: BAR 6: assigned [mem 0x90040000-0x9007ffff pref]
[    1.993348] pci 0000:00:1c.5: PCI bridge to [bus 04]
[    1.993351] pci 0000:00:1c.5:   bridge window [mem 0x90000000-0x900fffff]
[    1.993354] pci 0000:00:1c.5:   bridge window [mem 0x92900000-0x929fffff 64bit pref]
[    1.993358] pci_bus 0000:00: resource 4 [io  0x0000-0x0cf7 window]
[    1.993360] pci_bus 0000:00: resource 5 [io  0x1000-0x4fff window]
[    1.993361] pci_bus 0000:00: resource 6 [mem 0x000a0000-0x000bffff window]
[    1.993362] pci_bus 0000:00: resource 7 [mem 0x000c8000-0x000cffff window]
[    1.993363] pci_bus 0000:00: resource 8 [mem 0xfe010000-0xfe010fff window]
[    1.993365] pci_bus 0000:00: resource 9 [mem 0x90000000-0x9b7fffff window]
[    1.993366] pci_bus 0000:00: resource 10 [mem 0x200000000000-0x20ffffffffff window]
[    1.993368] pci_bus 0000:02: resource 1 [mem 0x92000000-0x928fffff]
[    1.993369] pci_bus 0000:02: resource 2 [mem 0x91000000-0x91ffffff 64bit pref]
[    1.993370] pci_bus 0000:03: resource 1 [mem 0x92000000-0x928fffff]
[    1.993371] pci_bus 0000:03: resource 2 [mem 0x91000000-0x91ffffff 64bit pref]
[    1.993372] pci_bus 0000:04: resource 1 [mem 0x90000000-0x900fffff]
[    1.993373] pci_bus 0000:04: resource 2 [mem 0x92900000-0x929fffff 64bit pref]
[    1.993441] pci 0000:17:00.0: BAR 6: no space for [mem size 0x00100000 pref]
[    1.993443] pci 0000:17:00.0: BAR 6: failed to assign [mem size 0x00100000 pref]
[    1.993445] pci 0000:16:02.0: PCI bridge to [bus 17]
[    1.993446] pci 0000:16:02.0:   bridge window [io  0x5000-0x5fff]
[    1.993449] pci 0000:16:02.0:   bridge window [mem 0x9ba00000-0x9bafffff]
[    1.993451] pci 0000:16:02.0:   bridge window [mem 0x9b800000-0x9b9fffff 64bit pref]
[    1.993455] pci_bus 0000:16: resource 4 [io  0x5000-0x6fff window]
[    1.993456] pci_bus 0000:16: resource 5 [mem 0x9b800000-0xa63fffff window]
[    1.993457] pci_bus 0000:16: resource 6 [mem 0x210000000000-0x21ffffffffff window]
[    1.993458] pci_bus 0000:17: resource 0 [io  0x5000-0x5fff]
[    1.993459] pci_bus 0000:17: resource 1 [mem 0x9ba00000-0x9bafffff]
[    1.993460] pci_bus 0000:17: resource 2 [mem 0x9b800000-0x9b9fffff 64bit pref]
[    1.993466] pci_bus 0000:30: resource 4 [io  0x7000-0x8fff window]
[    1.993467] pci_bus 0000:30: resource 5 [mem 0xa6400000-0xb0ffffff window]
[    1.993469] pci_bus 0000:30: resource 6 [mem 0x220000000000-0x22ffffffffff window]
[    1.993474] pci_bus 0000:4a: resource 4 [io  0x9000-0x9fff window]
[    1.993475] pci_bus 0000:4a: resource 5 [mem 0xb1000000-0xbbbfffff window]
[    1.993476] pci_bus 0000:4a: resource 6 [mem 0x230000000000-0x23ffffffffff window]
[    1.993482] pci_bus 0000:64: resource 4 [io  0xa000-0xafff window]
[    1.993483] pci_bus 0000:64: resource 5 [mem 0xbbc00000-0xc5ffffff window]
[    1.993484] pci_bus 0000:64: resource 6 [mem 0x240000000000-0x24ffffffffff window]
[    1.993514] pci_bus 0000:80: resource 4 [io  0xb000-0xbfff window]
[    1.993515] pci_bus 0000:80: resource 5 [mem 0xc6800000-0xd0ffffff window]
[    1.993516] pci_bus 0000:80: resource 6 [mem 0x250000000000-0x25ffffffffff window]
[    1.993522] pci_bus 0000:81: resource 4 [io  0xc000-0xcfff window]
[    1.993523] pci_bus 0000:81: resource 5 [mem 0xd1000000-0xdbbfffff window]
[    1.993524] pci_bus 0000:81: resource 6 [mem 0x260000000000-0x26ffffffffff window]
[    1.993529] pci_bus 0000:82: resource 4 [io  0xd000-0xdfff window]
[    1.993530] pci_bus 0000:82: resource 5 [mem 0xdbc00000-0xe67fffff window]
