[    0.000000] Linux version 5.18.0 (xmu@xmu-PowerEdge-R750) (gcc (Ubuntu 8.4.0-1ubuntu1~18.04) 8.4.0, GNU ld (GNU Binutils for Ubuntu) 2.30) #1 SMP PREEMPT_DYNAMIC Sat Apr 6 15:16:25 CST 2024
[    0.000000] Command line: BOOT_IMAGE=/boot/vmlinuz-5.18.0 root=UUID=ce0c24b8-724b-4f33-9b2c-618433560aef ro memmap=43229M!4096M memmap=59G!64G quiet splash nomodeset vt.handoff=1
[    0.000000] KERNEL supported cpus:
[    0.000000]   Intel GenuineIntel
[    0.000000]   AMD AuthenticAMD
[    0.000000]   Hygon HygonGenuine
[    0.000000]   Centaur CentaurHauls
[    0.000000]   zhaoxin   Shanghai  
[    0.000000] x86/split lock detection: #AC: crashing the kernel on kernel split_locks and warning on user-space split_locks
[    0.000000] x86/fpu: Supporting XSAVE feature 0x001: 'x87 floating point registers'
[    0.000000] x86/fpu: Supporting XSAVE feature 0x002: 'SSE registers'
[    0.000000] x86/fpu: Supporting XSAVE feature 0x004: 'AVX registers'
[    0.000000] x86/fpu: Supporting XSAVE feature 0x020: 'AVX-512 opmask'
[    0.000000] x86/fpu: Supporting XSAVE feature 0x040: 'AVX-512 Hi256'
[    0.000000] x86/fpu: Supporting XSAVE feature 0x080: 'AVX-512 ZMM_Hi256'
[    0.000000] x86/fpu: Supporting XSAVE feature 0x200: 'Protection Keys User registers'
[    0.000000] x86/fpu: xstate_offset[2]:  576, xstate_sizes[2]:  256
[    0.000000] x86/fpu: xstate_offset[5]:  832, xstate_sizes[5]:   64
[    0.000000] x86/fpu: xstate_offset[6]:  896, xstate_sizes[6]:  512
[    0.000000] x86/fpu: xstate_offset[7]: 1408, xstate_sizes[7]: 1024
[    0.000000] x86/fpu: xstate_offset[9]: 2432, xstate_sizes[9]:    8
[    0.000000] x86/fpu: Enabled xstate features 0x2e7, context size is 2440 bytes, using 'compacted' format.
[    0.000000] signal: max sigframe size: 3632
[    0.000000] BIOS-provided physical RAM map:
[    0.000000] BIOS-e820: [mem 0x0000000000000000-0x000000000008efff] usable
[    0.000000] BIOS-e820: [mem 0x000000000008f000-0x000000000008ffff] reserved
[    0.000000] BIOS-e820: [mem 0x0000000000090000-0x000000000009ffff] usable
[    0.000000] BIOS-e820: [mem 0x00000000000a0000-0x00000000000fffff] reserved
[    0.000000] BIOS-e820: [mem 0x0000000000100000-0x0000000049e76fff] usable
[    0.000000] BIOS-e820: [mem 0x0000000049e77000-0x000000004ae76fff] ACPI NVS
[    0.000000] BIOS-e820: [mem 0x000000004ae77000-0x000000004b2cefff] usable
[    0.000000] BIOS-e820: [mem 0x000000004b2cf000-0x000000004b54dfff] ACPI data
[    0.000000] BIOS-e820: [mem 0x000000004b54e000-0x000000004bd93fff] usable
[    0.000000] BIOS-e820: [mem 0x000000004bd94000-0x000000004be99fff] reserved
[    0.000000] BIOS-e820: [mem 0x000000004be9a000-0x000000004cdfffff] usable
[    0.000000] BIOS-e820: [mem 0x000000004ce00000-0x000000004cffffff] reserved
[    0.000000] BIOS-e820: [mem 0x000000004d000000-0x000000005eefdfff] usable
[    0.000000] BIOS-e820: [mem 0x000000005eefe000-0x000000006e3fefff] reserved
[    0.000000] BIOS-e820: [mem 0x000000006e3ff000-0x000000006f3fefff] ACPI NVS
[    0.000000] BIOS-e820: [mem 0x000000006f3ff000-0x000000006f7fefff] ACPI data
[    0.000000] BIOS-e820: [mem 0x000000006f7ff000-0x000000006f7fffff] usable
[    0.000000] BIOS-e820: [mem 0x000000006f800000-0x000000008fffffff] reserved
[    0.000000] BIOS-e820: [mem 0x00000000fe000000-0x00000000fe010fff] reserved
[    0.000000] BIOS-e820: [mem 0x0000000100000000-0x000000207fffffff] usable
[    0.000000] BIOS-e820: [mem 0x0000002080000000-0x0000011c7fffffff] persistent (type 7)
[    0.000000] BIOS-e820: [mem 0x00001ffc00000000-0x00001fffffffffff] reserved
[    0.000000] NX (Execute Disable) protection: active
[    0.000000] e820: update [mem 0x46d5c020-0x46d6405f] usable ==> usable
[    0.000000] e820: update [mem 0x46d5c020-0x46d6405f] usable ==> usable
[    0.000000] e820: update [mem 0x46d29020-0x46d5bc5f] usable ==> usable
[    0.000000] e820: update [mem 0x46d29020-0x46d5bc5f] usable ==> usable
[    0.000000] e820: update [mem 0x46cf6020-0x46d28c5f] usable ==> usable
[    0.000000] e820: update [mem 0x46cf6020-0x46d28c5f] usable ==> usable
[    0.000000] e820: update [mem 0x46cc4020-0x46cf5a5f] usable ==> usable
[    0.000000] e820: update [mem 0x46cc4020-0x46cf5a5f] usable ==> usable
[    0.000000] extended physical RAM map:
[    0.000000] reserve setup_data: [mem 0x0000000000000000-0x000000000008efff] usable
[    0.000000] reserve setup_data: [mem 0x000000000008f000-0x000000000008ffff] reserved
[    0.000000] reserve setup_data: [mem 0x0000000000090000-0x000000000009ffff] usable
[    0.000000] reserve setup_data: [mem 0x00000000000a0000-0x00000000000fffff] reserved
[    0.000000] reserve setup_data: [mem 0x0000000000100000-0x0000000046cc401f] usable
[    0.000000] reserve setup_data: [mem 0x0000000046cc4020-0x0000000046cf5a5f] usable
[    0.000000] reserve setup_data: [mem 0x0000000046cf5a60-0x0000000046cf601f] usable
[    0.000000] reserve setup_data: [mem 0x0000000046cf6020-0x0000000046d28c5f] usable
[    0.000000] reserve setup_data: [mem 0x0000000046d28c60-0x0000000046d2901f] usable
[    0.000000] reserve setup_data: [mem 0x0000000046d29020-0x0000000046d5bc5f] usable
[    0.000000] reserve setup_data: [mem 0x0000000046d5bc60-0x0000000046d5c01f] usable
[    0.000000] reserve setup_data: [mem 0x0000000046d5c020-0x0000000046d6405f] usable
[    0.000000] reserve setup_data: [mem 0x0000000046d64060-0x0000000049e76fff] usable
[    0.000000] reserve setup_data: [mem 0x0000000049e77000-0x000000004ae76fff] ACPI NVS
[    0.000000] reserve setup_data: [mem 0x000000004ae77000-0x000000004b2cefff] usable
[    0.000000] reserve setup_data: [mem 0x000000004b2cf000-0x000000004b54dfff] ACPI data
[    0.000000] reserve setup_data: [mem 0x000000004b54e000-0x000000004bd93fff] usable
[    0.000000] reserve setup_data: [mem 0x000000004bd94000-0x000000004be99fff] reserved
[    0.000000] reserve setup_data: [mem 0x000000004be9a000-0x000000004cdfffff] usable
[    0.000000] reserve setup_data: [mem 0x000000004ce00000-0x000000004cffffff] reserved
[    0.000000] reserve setup_data: [mem 0x000000004d000000-0x000000005eefdfff] usable
[    0.000000] reserve setup_data: [mem 0x000000005eefe000-0x000000006e3fefff] reserved
[    0.000000] reserve setup_data: [mem 0x000000006e3ff000-0x000000006f3fefff] ACPI NVS
[    0.000000] reserve setup_data: [mem 0x000000006f3ff000-0x000000006f7fefff] ACPI data
[    0.000000] reserve setup_data: [mem 0x000000006f7ff000-0x000000006f7fffff] usable
[    0.000000] reserve setup_data: [mem 0x000000006f800000-0x000000008fffffff] reserved
[    0.000000] reserve setup_data: [mem 0x00000000fe000000-0x00000000fe010fff] reserved
[    0.000000] reserve setup_data: [mem 0x0000000100000000-0x0000000b8dcfffff] persistent (type 12)
[    0.000000] reserve setup_data: [mem 0x0000000b8dd00000-0x0000000fffffffff] usable
[    0.000000] reserve setup_data: [mem 0x0000001000000000-0x0000001ebfffffff] persistent (type 12)
[    0.000000] reserve setup_data: [mem 0x0000001ec0000000-0x000000207fffffff] usable
[    0.000000] reserve setup_data: [mem 0x0000002080000000-0x0000011c7fffffff] persistent (type 7)
[    0.000000] reserve setup_data: [mem 0x00001ffc00000000-0x00001fffffffffff] reserved
[    0.000000] user-defined physical RAM map:
[    0.000000] user: [mem 0x0000000000000000-0x000000000008efff] usable
[    0.000000] user: [mem 0x000000000008f000-0x000000000008ffff] reserved
[    0.000000] user: [mem 0x0000000000090000-0x000000000009ffff] usable
[    0.000000] user: [mem 0x00000000000a0000-0x00000000000fffff] reserved
[    0.000000] user: [mem 0x0000000000100000-0x0000000046cc401f] usable
[    0.000000] user: [mem 0x0000000046cc4020-0x0000000046cf5a5f] usable
[    0.000000] user: [mem 0x0000000046cf5a60-0x0000000046cf601f] usable
[    0.000000] user: [mem 0x0000000046cf6020-0x0000000046d28c5f] usable
[    0.000000] user: [mem 0x0000000046d28c60-0x0000000046d2901f] usable
[    0.000000] user: [mem 0x0000000046d29020-0x0000000046d5bc5f] usable
[    0.000000] user: [mem 0x0000000046d5bc60-0x0000000046d5c01f] usable
[    0.000000] user: [mem 0x0000000046d5c020-0x0000000046d6405f] usable
[    0.000000] user: [mem 0x0000000046d64060-0x0000000049e76fff] usable
[    0.000000] user: [mem 0x0000000049e77000-0x000000004ae76fff] ACPI NVS
[    0.000000] user: [mem 0x000000004ae77000-0x000000004b2cefff] usable
[    0.000000] user: [mem 0x000000004b2cf000-0x000000004b54dfff] ACPI data
[    0.000000] user: [mem 0x000000004b54e000-0x000000004bd93fff] usable
[    0.000000] user: [mem 0x000000004bd94000-0x000000004be99fff] reserved
[    0.000000] user: [mem 0x000000004be9a000-0x000000004cdfffff] usable
[    0.000000] user: [mem 0x000000004ce00000-0x000000004cffffff] reserved
[    0.000000] user: [mem 0x000000004d000000-0x000000005eefdfff] usable
[    0.000000] user: [mem 0x000000005eefe000-0x000000006e3fefff] reserved
[    0.000000] user: [mem 0x000000006e3ff000-0x000000006f3fefff] ACPI NVS
[    0.000000] user: [mem 0x000000006f3ff000-0x000000006f7fefff] ACPI data
[    0.000000] user: [mem 0x000000006f7ff000-0x000000006f7fffff] usable
[    0.000000] user: [mem 0x000000006f800000-0x000000008fffffff] reserved
[    0.000000] user: [mem 0x00000000fe000000-0x00000000fe010fff] reserved
[    0.000000] user: [mem 0x0000000100000000-0x0000000b8dcfffff] persistent (type 12)
[    0.000000] user: [mem 0x0000000b8dd00000-0x0000000fffffffff] usable
[    0.000000] user: [mem 0x0000001000000000-0x0000001ebfffffff] persistent (type 12)
[    0.000000] user: [mem 0x0000001ec0000000-0x000000207fffffff] usable
[    0.000000] user: [mem 0x0000002080000000-0x0000011c7fffffff] persistent (type 7)
[    0.000000] user: [mem 0x00001ffc00000000-0x00001fffffffffff] reserved
[    0.000000] efi: EFI v2.70 by Dell Inc.
[    0.000000] efi: ACPI=0x6f7fe000 ACPI 2.0=0x6f7fe014 MEMATTR=0x5b070020 SMBIOS=0x69526000 SMBIOS 3.0=0x69524000 MOKvar=0x5ef81000 RNG=0x5ef8a920 
[    0.000000] efi: seeding entropy pool
[    0.000000] SMBIOS 3.3.0 present.
[    0.000000] DMI: Dell Inc. PowerEdge R750/0K8F35, BIOS 1.10.2 03/03/2023
[    0.000000] tsc: Detected 2000.000 MHz processor
[    0.000006] e820: update [mem 0x00000000-0x00000fff] usable ==> reserved
[    0.000009] e820: remove [mem 0x000a0000-0x000fffff] usable
[    0.000017] last_pfn = 0x2080000 max_arch_pfn = 0x400000000
[    0.000193] x86/PAT: Configuration [0-7]: WB  WC  UC- UC  WB  WP  UC- WT  
[    0.002848] total RAM covered: 2095088M
[    0.002933]  gran_size: 64K 	chunk_size: 64K 	num_reg: 10  	lose cover RAM: 2016G
[    0.002936]  gran_size: 64K 	chunk_size: 128K 	num_reg: 10  	lose cover RAM: 2016G
[    0.002937]  gran_size: 64K 	chunk_size: 256K 	num_reg: 10  	lose cover RAM: 2016G
[    0.002939]  gran_size: 64K 	chunk_size: 512K 	num_reg: 10  	lose cover RAM: 2016G
[    0.002940]  gran_size: 64K 	chunk_size: 1M 	num_reg: 10  	lose cover RAM: 2016G
[    0.002941]  gran_size: 64K 	chunk_size: 2M 	num_reg: 10  	lose cover RAM: 2016G
[    0.002943]  gran_size: 64K 	chunk_size: 4M 	num_reg: 10  	lose cover RAM: 2016G
[    0.002944]  gran_size: 64K 	chunk_size: 8M 	num_reg: 10  	lose cover RAM: 2016G
[    0.002945]  gran_size: 64K 	chunk_size: 16M 	num_reg: 10  	lose cover RAM: 2016G
[    0.002947]  gran_size: 64K 	chunk_size: 32M 	num_reg: 10  	lose cover RAM: 1024G
[    0.002948]  gran_size: 64K 	chunk_size: 64M 	num_reg: 10  	lose cover RAM: 1024G
[    0.002950]  gran_size: 64K 	chunk_size: 128M 	num_reg: 10  	lose cover RAM: 1024G
[    0.002951]  gran_size: 64K 	chunk_size: 256M 	num_reg: 10  	lose cover RAM: 1024G
[    0.002952]  gran_size: 64K 	chunk_size: 512M 	num_reg: 10  	lose cover RAM: 1024G
[    0.002954]  gran_size: 64K 	chunk_size: 1G 	num_reg: 10  	lose cover RAM: 1024G
[    0.002955]  gran_size: 64K 	chunk_size: 2G 	num_reg: 10  	lose cover RAM: 1024G
[    0.002956]  gran_size: 128K 	chunk_size: 128K 	num_reg: 10  	lose cover RAM: 2016G
[    0.002958]  gran_size: 128K 	chunk_size: 256K 	num_reg: 10  	lose cover RAM: 2016G
[    0.002959]  gran_size: 128K 	chunk_size: 512K 	num_reg: 10  	lose cover RAM: 2016G
[    0.002961]  gran_size: 128K 	chunk_size: 1M 	num_reg: 10  	lose cover RAM: 2016G
[    0.002962]  gran_size: 128K 	chunk_size: 2M 	num_reg: 10  	lose cover RAM: 2016G
[    0.002963]  gran_size: 128K 	chunk_size: 4M 	num_reg: 10  	lose cover RAM: 2016G
[    0.002965]  gran_size: 128K 	chunk_size: 8M 	num_reg: 10  	lose cover RAM: 2016G
[    0.002966]  gran_size: 128K 	chunk_size: 16M 	num_reg: 10  	lose cover RAM: 2016G
[    0.002967]  gran_size: 128K 	chunk_size: 32M 	num_reg: 10  	lose cover RAM: 1024G
[    0.002968]  gran_size: 128K 	chunk_size: 64M 	num_reg: 10  	lose cover RAM: 1024G
[    0.002970]  gran_size: 128K 	chunk_size: 128M 	num_reg: 10  	lose cover RAM: 1024G
[    0.002971]  gran_size: 128K 	chunk_size: 256M 	num_reg: 10  	lose cover RAM: 1024G
[    0.002972]  gran_size: 128K 	chunk_size: 512M 	num_reg: 10  	lose cover RAM: 1024G
[    0.002974]  gran_size: 128K 	chunk_size: 1G 	num_reg: 10  	lose cover RAM: 1024G
[    0.002975]  gran_size: 128K 	chunk_size: 2G 	num_reg: 10  	lose cover RAM: 1024G
[    0.002977]  gran_size: 256K 	chunk_size: 256K 	num_reg: 10  	lose cover RAM: 2016G
[    0.002978]  gran_size: 256K 	chunk_size: 512K 	num_reg: 10  	lose cover RAM: 2016G
[    0.002979]  gran_size: 256K 	chunk_size: 1M 	num_reg: 10  	lose cover RAM: 2016G
[    0.002981]  gran_size: 256K 	chunk_size: 2M 	num_reg: 10  	lose cover RAM: 2016G
[    0.002982]  gran_size: 256K 	chunk_size: 4M 	num_reg: 10  	lose cover RAM: 2016G
[    0.002983]  gran_size: 256K 	chunk_size: 8M 	num_reg: 10  	lose cover RAM: 2016G
[    0.002985]  gran_size: 256K 	chunk_size: 16M 	num_reg: 10  	lose cover RAM: 2016G
[    0.002986]  gran_size: 256K 	chunk_size: 32M 	num_reg: 10  	lose cover RAM: 1024G
[    0.002987]  gran_size: 256K 	chunk_size: 64M 	num_reg: 10  	lose cover RAM: 1024G
[    0.002988]  gran_size: 256K 	chunk_size: 128M 	num_reg: 10  	lose cover RAM: 1024G
[    0.002990]  gran_size: 256K 	chunk_size: 256M 	num_reg: 10  	lose cover RAM: 1024G
[    0.002991]  gran_size: 256K 	chunk_size: 512M 	num_reg: 10  	lose cover RAM: 1024G
[    0.002992]  gran_size: 256K 	chunk_size: 1G 	num_reg: 10  	lose cover RAM: 1024G
[    0.002994]  gran_size: 256K 	chunk_size: 2G 	num_reg: 10  	lose cover RAM: 1024G
[    0.002995]  gran_size: 512K 	chunk_size: 512K 	num_reg: 10  	lose cover RAM: 2016G
[    0.002996]  gran_size: 512K 	chunk_size: 1M 	num_reg: 10  	lose cover RAM: 2016G
[    0.002998]  gran_size: 512K 	chunk_size: 2M 	num_reg: 10  	lose cover RAM: 2016G
[    0.002999]  gran_size: 512K 	chunk_size: 4M 	num_reg: 10  	lose cover RAM: 2016G
[    0.003000]  gran_size: 512K 	chunk_size: 8M 	num_reg: 10  	lose cover RAM: 2016G
[    0.003001]  gran_size: 512K 	chunk_size: 16M 	num_reg: 10  	lose cover RAM: 2016G
[    0.003003]  gran_size: 512K 	chunk_size: 32M 	num_reg: 10  	lose cover RAM: 1024G
[    0.003004]  gran_size: 512K 	chunk_size: 64M 	num_reg: 10  	lose cover RAM: 1024G
[    0.003005]  gran_size: 512K 	chunk_size: 128M 	num_reg: 10  	lose cover RAM: 1024G
[    0.003007]  gran_size: 512K 	chunk_size: 256M 	num_reg: 10  	lose cover RAM: 1024G
[    0.003008]  gran_size: 512K 	chunk_size: 512M 	num_reg: 10  	lose cover RAM: 1024G
[    0.003010]  gran_size: 512K 	chunk_size: 1G 	num_reg: 10  	lose cover RAM: 1024G
[    0.003011]  gran_size: 512K 	chunk_size: 2G 	num_reg: 10  	lose cover RAM: 1024G
[    0.003013]  gran_size: 1M 	chunk_size: 1M 	num_reg: 10  	lose cover RAM: 2016G
[    0.003014]  gran_size: 1M 	chunk_size: 2M 	num_reg: 10  	lose cover RAM: 2016G
[    0.003015]  gran_size: 1M 	chunk_size: 4M 	num_reg: 10  	lose cover RAM: 2016G
[    0.003017]  gran_size: 1M 	chunk_size: 8M 	num_reg: 10  	lose cover RAM: 2016G
[    0.003018]  gran_size: 1M 	chunk_size: 16M 	num_reg: 10  	lose cover RAM: 2016G
[    0.003019]  gran_size: 1M 	chunk_size: 32M 	num_reg: 10  	lose cover RAM: 1024G
[    0.003021]  gran_size: 1M 	chunk_size: 64M 	num_reg: 10  	lose cover RAM: 1024G
[    0.003022]  gran_size: 1M 	chunk_size: 128M 	num_reg: 10  	lose cover RAM: 1024G
[    0.003023]  gran_size: 1M 	chunk_size: 256M 	num_reg: 10  	lose cover RAM: 1024G
[    0.003024]  gran_size: 1M 	chunk_size: 512M 	num_reg: 10  	lose cover RAM: 1024G
[    0.003026]  gran_size: 1M 	chunk_size: 1G 	num_reg: 10  	lose cover RAM: 1024G
[    0.003027]  gran_size: 1M 	chunk_size: 2G 	num_reg: 10  	lose cover RAM: 1024G
[    0.003028]  gran_size: 2M 	chunk_size: 2M 	num_reg: 10  	lose cover RAM: 2016G
[    0.003030]  gran_size: 2M 	chunk_size: 4M 	num_reg: 10  	lose cover RAM: 2016G
[    0.003031]  gran_size: 2M 	chunk_size: 8M 	num_reg: 10  	lose cover RAM: 2016G
[    0.003032]  gran_size: 2M 	chunk_size: 16M 	num_reg: 10  	lose cover RAM: 2016G
[    0.003033]  gran_size: 2M 	chunk_size: 32M 	num_reg: 10  	lose cover RAM: 1024G
[    0.003035]  gran_size: 2M 	chunk_size: 64M 	num_reg: 10  	lose cover RAM: 1024G
[    0.003036]  gran_size: 2M 	chunk_size: 128M 	num_reg: 10  	lose cover RAM: 1024G
[    0.003037]  gran_size: 2M 	chunk_size: 256M 	num_reg: 10  	lose cover RAM: 1024G
[    0.003039]  gran_size: 2M 	chunk_size: 512M 	num_reg: 10  	lose cover RAM: 1024G
[    0.003040]  gran_size: 2M 	chunk_size: 1G 	num_reg: 10  	lose cover RAM: 1024G
[    0.003042]  gran_size: 2M 	chunk_size: 2G 	num_reg: 10  	lose cover RAM: 1024G
[    0.003043]  gran_size: 4M 	chunk_size: 4M 	num_reg: 10  	lose cover RAM: 2016G
[    0.003045]  gran_size: 4M 	chunk_size: 8M 	num_reg: 10  	lose cover RAM: 2016G
[    0.003046]  gran_size: 4M 	chunk_size: 16M 	num_reg: 10  	lose cover RAM: 2016G
[    0.003047]  gran_size: 4M 	chunk_size: 32M 	num_reg: 10  	lose cover RAM: 1024G
[    0.003049]  gran_size: 4M 	chunk_size: 64M 	num_reg: 10  	lose cover RAM: 1024G
[    0.003050]  gran_size: 4M 	chunk_size: 128M 	num_reg: 10  	lose cover RAM: 1024G
[    0.003051]  gran_size: 4M 	chunk_size: 256M 	num_reg: 10  	lose cover RAM: 1024G
[    0.003053]  gran_size: 4M 	chunk_size: 512M 	num_reg: 10  	lose cover RAM: 1024G
[    0.003054]  gran_size: 4M 	chunk_size: 1G 	num_reg: 10  	lose cover RAM: 1024G
[    0.003055]  gran_size: 4M 	chunk_size: 2G 	num_reg: 10  	lose cover RAM: 1024G
[    0.003057]  gran_size: 8M 	chunk_size: 8M 	num_reg: 10  	lose cover RAM: 2016G
[    0.003058]  gran_size: 8M 	chunk_size: 16M 	num_reg: 10  	lose cover RAM: 2016G
[    0.003059]  gran_size: 8M 	chunk_size: 32M 	num_reg: 10  	lose cover RAM: 1024G
[    0.003061]  gran_size: 8M 	chunk_size: 64M 	num_reg: 10  	lose cover RAM: 1024G
[    0.003062]  gran_size: 8M 	chunk_size: 128M 	num_reg: 10  	lose cover RAM: 1024G
[    0.003063]  gran_size: 8M 	chunk_size: 256M 	num_reg: 10  	lose cover RAM: 1024G
[    0.003064]  gran_size: 8M 	chunk_size: 512M 	num_reg: 10  	lose cover RAM: 1024G
[    0.003066]  gran_size: 8M 	chunk_size: 1G 	num_reg: 10  	lose cover RAM: 1024G
[    0.003067]  gran_size: 8M 	chunk_size: 2G 	num_reg: 10  	lose cover RAM: 1024G
[    0.003068]  gran_size: 16M 	chunk_size: 16M 	num_reg: 10  	lose cover RAM: 2016G
[    0.003070]  gran_size: 16M 	chunk_size: 32M 	num_reg: 10  	lose cover RAM: 1024G
[    0.003071]  gran_size: 16M 	chunk_size: 64M 	num_reg: 10  	lose cover RAM: 1024G
[    0.003072]  gran_size: 16M 	chunk_size: 128M 	num_reg: 10  	lose cover RAM: 1024G
[    0.003074]  gran_size: 16M 	chunk_size: 256M 	num_reg: 10  	lose cover RAM: 1024G
[    0.003075]  gran_size: 16M 	chunk_size: 512M 	num_reg: 10  	lose cover RAM: 1024G
[    0.003077]  gran_size: 16M 	chunk_size: 1G 	num_reg: 10  	lose cover RAM: 1024G
[    0.003078]  gran_size: 16M 	chunk_size: 2G 	num_reg: 10  	lose cover RAM: 1024G
[    0.003080]  gran_size: 32M 	chunk_size: 32M 	num_reg: 10  	lose cover RAM: 2031632M
[    0.003081]  gran_size: 32M 	chunk_size: 64M 	num_reg: 10  	lose cover RAM: 1048592M
[    0.003082]  gran_size: 32M 	chunk_size: 128M 	num_reg: 10  	lose cover RAM: 1048592M
[    0.003084]  gran_size: 32M 	chunk_size: 256M 	num_reg: 10  	lose cover RAM: 1048592M
[    0.003085]  gran_size: 32M 	chunk_size: 512M 	num_reg: 10  	lose cover RAM: 1048592M
[    0.003086]  gran_size: 32M 	chunk_size: 1G 	num_reg: 10  	lose cover RAM: 1048592M
[    0.003088]  gran_size: 32M 	chunk_size: 2G 	num_reg: 10  	lose cover RAM: 1048592M
[    0.003089]  gran_size: 64M 	chunk_size: 64M 	num_reg: 10  	lose cover RAM: 1966128M
[    0.003090]  gran_size: 64M 	chunk_size: 128M 	num_reg: 10  	lose cover RAM: 1048624M
[    0.003092]  gran_size: 64M 	chunk_size: 256M 	num_reg: 10  	lose cover RAM: 1048624M
[    0.003093]  gran_size: 64M 	chunk_size: 512M 	num_reg: 10  	lose cover RAM: 1048624M
[    0.003094]  gran_size: 64M 	chunk_size: 1G 	num_reg: 10  	lose cover RAM: 1048624M
[    0.003096]  gran_size: 64M 	chunk_size: 2G 	num_reg: 10  	lose cover RAM: 1048624M
[    0.003097]  gran_size: 128M 	chunk_size: 128M 	num_reg: 10  	lose cover RAM: 1835120M
[    0.003098]  gran_size: 128M 	chunk_size: 256M 	num_reg: 10  	lose cover RAM: 1048688M
[    0.003100]  gran_size: 128M 	chunk_size: 512M 	num_reg: 10  	lose cover RAM: 1048688M
[    0.003101]  gran_size: 128M 	chunk_size: 1G 	num_reg: 10  	lose cover RAM: 1048688M
[    0.003103]  gran_size: 128M 	chunk_size: 2G 	num_reg: 10  	lose cover RAM: 1048688M
[    0.003104]  gran_size: 256M 	chunk_size: 256M 	num_reg: 10  	lose cover RAM: 1573104M
[    0.003106]  gran_size: 256M 	chunk_size: 512M 	num_reg: 10  	lose cover RAM: 1048816M
[    0.003107]  gran_size: 256M 	chunk_size: 1G 	num_reg: 10  	lose cover RAM: 1048816M
[    0.003108]  gran_size: 256M 	chunk_size: 2G 	num_reg: 10  	lose cover RAM: 1048816M
[    0.003110]  gran_size: 512M 	chunk_size: 512M 	num_reg: 10  	lose cover RAM: 1049072M
[    0.003111]  gran_size: 512M 	chunk_size: 1G 	num_reg: 10  	lose cover RAM: 1049072M
[    0.003112]  gran_size: 512M 	chunk_size: 2G 	num_reg: 10  	lose cover RAM: 1049072M
[    0.003114]  gran_size: 1G 	chunk_size: 1G 	num_reg: 10  	lose cover RAM: 1008M
[    0.003115]  gran_size: 1G 	chunk_size: 2G 	num_reg: 10  	lose cover RAM: 1008M
[    0.003116]  gran_size: 2G 	chunk_size: 2G 	num_reg: 9  	lose cover RAM: 2032M
[    0.003118] mtrr_cleanup: can not find optimal value
[    0.003118] please specify mtrr_gran_size/mtrr_chunk_size
[    0.003121] e820: update [mem 0x7f000000-0xffffffff] usable ==> reserved
[    0.003124] x2apic: enabled by BIOS, switching to x2apic ops
[    0.003125] last_pfn = 0x6f800 max_arch_pfn = 0x400000000
[    0.014525] Using GB pages for direct mapping
[    0.015735] Secure boot disabled
[    0.015735] RAMDISK: [mem 0x205de61000-0x207fffffff]
[    0.015740] ACPI: Early table checksum verification disabled
[    0.015743] ACPI: RSDP 0x000000006F7FE014 000024 (v02 DELL  )
[    0.015747] ACPI: XSDT 0x000000006F41C188 0000F4 (v01 DELL   PE_SC3   00000000 DELL 01000013)
[    0.015753] ACPI: FACP 0x000000006F430000 000114 (v06 DELL   PE_SC3   00000000 DELL 00000001)
[    0.015759] ACPI: DSDT 0x000000004B4CE000 07FAD3 (v02 DELL   PE_SC3   00000003 DELL 00000001)
[    0.015763] ACPI: FACS 0x000000006F2F2000 000040
[    0.015766] ACPI: SSDT 0x000000006F7FB000 00159A (v02 INTEL  RAS_ACPI 00000001 INTL 20210331)
[    0.015770] ACPI: SSDT 0x000000006F7FA000 000745 (v02 INTEL  ADDRXLAT 00000001 INTL 20210331)
[    0.015773] ACPI: MCEJ 0x000000006F7F9000 000130 (v01 INTEL           00000001 INTL 0100000D)
[    0.015777] ACPI: BERT 0x000000006F7F8000 000030 (v01 DELL   PE_SC3   00000001 INTL 00000001)
[    0.015780] ACPI: ERST 0x000000006F7F7000 000230 (v01 DELL   PE_SC3   00000001 INTL 00000001)
[    0.015783] ACPI: SSDT 0x000000006F431000 3C524E (v02 INTEL  SSDTNVDR 00001000 INTL 20210331)
[    0.015787] ACPI: HMAT 0x000000006F42F000 000210 (v01 DELL   PE_SC3   00000001 DELL 00000001)
[    0.015790] ACPI: HPET 0x000000006F42E000 000038 (v01 DELL   PE_SC3   00000001 DELL 00000001)
[    0.015793] ACPI: MCFG 0x000000006F42D000 00003C (v01 DELL   PE_SC3   00000001 DELL 00000001)
[    0.015797] ACPI: MIGT 0x000000006F42C000 000040 (v01 DELL   PE_SC3   00000000 DELL 00000001)
[    0.015800] ACPI: MSCT 0x000000006F42B000 000090 (v01 DELL   PE_SC3   00000001 DELL 00000001)
[    0.015804] ACPI: PMTT 0x000000006F429000 0011E8 (v02 DELL   PE_SC3   00000001 DELL 00000001)
[    0.015807] ACPI: WSMT 0x000000006F428000 000028 (v01 DELL   PE_SC3   00000000 DELL 00000001)
[    0.015810] ACPI: APIC 0x000000006F427000 00075E (v04 DELL   PE_SC3   00000000 DELL 00000001)
[    0.015814] ACPI: SLIT 0x000000006F426000 00003C (v01 DELL   PE_SC3   00000001 DELL 01000013)
[    0.015817] ACPI: SRAT 0x000000006F41F000 006430 (v03 DELL   PE_SC3   00000002 DELL 01000013)
[    0.015821] ACPI: OEM4 0x000000004B346000 187A61 (v02 INTEL  CPU  CST 00003000 INTL 20210331)
[    0.015824] ACPI: SSDT 0x000000004B2CF000 0764A5 (v02 INTEL  SSDT  PM 00004000 INTL 20210331)
[    0.015827] ACPI: SSDT 0x000000006F41E000 000A1F (v02 DELL   PE_SC3   00000000 DELL 00000001)
[    0.015831] ACPI: HEST 0x000000006F41D000 00017C (v01 DELL   PE_SC3   00000001 INTL 00000001)
[    0.015834] ACPI: PCAT 0x000000006F41B000 00010C (v19 DELL   PE_SC3   00000002 DELL 00000001)
[    0.015838] ACPI: SSDT 0x000000006F413000 007299 (v02 INTEL  SpsNm    00000002 INTL 20210331)
[    0.015841] ACPI: SSDT 0x000000006F412000 000426 (v02 DELL   PE_SC3   00000002 DELL 00000001)
[    0.015844] ACPI: NFIT 0x000000006F7FD000 000488 (v01 DELL   PE_SC3   00000002 DELL 00000001)
[    0.015848] ACPI: DMAR 0x000000006F411000 000158 (v01 DELL   PE_SC3   00000001 DELL 00000001)
[    0.015850] ACPI: Reserving FACP table memory at [mem 0x6f430000-0x6f430113]
[    0.015852] ACPI: Reserving DSDT table memory at [mem 0x4b4ce000-0x4b54dad2]
[    0.015853] ACPI: Reserving FACS table memory at [mem 0x6f2f2000-0x6f2f203f]
[    0.015854] ACPI: Reserving SSDT table memory at [mem 0x6f7fb000-0x6f7fc599]
[    0.015855] ACPI: Reserving SSDT table memory at [mem 0x6f7fa000-0x6f7fa744]
[    0.015856] ACPI: Reserving MCEJ table memory at [mem 0x6f7f9000-0x6f7f912f]
[    0.015857] ACPI: Reserving BERT table memory at [mem 0x6f7f8000-0x6f7f802f]
[    0.015858] ACPI: Reserving ERST table memory at [mem 0x6f7f7000-0x6f7f722f]
[    0.015859] ACPI: Reserving SSDT table memory at [mem 0x6f431000-0x6f7f624d]
[    0.015860] ACPI: Reserving HMAT table memory at [mem 0x6f42f000-0x6f42f20f]
[    0.015861] ACPI: Reserving HPET table memory at [mem 0x6f42e000-0x6f42e037]
[    0.015861] ACPI: Reserving MCFG table memory at [mem 0x6f42d000-0x6f42d03b]
[    0.015862] ACPI: Reserving MIGT table memory at [mem 0x6f42c000-0x6f42c03f]
[    0.015863] ACPI: Reserving MSCT table memory at [mem 0x6f42b000-0x6f42b08f]
[    0.015864] ACPI: Reserving PMTT table memory at [mem 0x6f429000-0x6f42a1e7]
[    0.015865] ACPI: Reserving WSMT table memory at [mem 0x6f428000-0x6f428027]
[    0.015866] ACPI: Reserving APIC table memory at [mem 0x6f427000-0x6f42775d]
[    0.015867] ACPI: Reserving SLIT table memory at [mem 0x6f426000-0x6f42603b]
[    0.015868] ACPI: Reserving SRAT table memory at [mem 0x6f41f000-0x6f42542f]
[    0.015869] ACPI: Reserving OEM4 table memory at [mem 0x4b346000-0x4b4cda60]
[    0.015870] ACPI: Reserving SSDT table memory at [mem 0x4b2cf000-0x4b3454a4]
[    0.015871] ACPI: Reserving SSDT table memory at [mem 0x6f41e000-0x6f41ea1e]
[    0.015872] ACPI: Reserving HEST table memory at [mem 0x6f41d000-0x6f41d17b]
[    0.015873] ACPI: Reserving PCAT table memory at [mem 0x6f41b000-0x6f41b10b]
[    0.015873] ACPI: Reserving SSDT table memory at [mem 0x6f413000-0x6f41a298]
[    0.015874] ACPI: Reserving SSDT table memory at [mem 0x6f412000-0x6f412425]
[    0.015875] ACPI: Reserving NFIT table memory at [mem 0x6f7fd000-0x6f7fd487]
[    0.015876] ACPI: Reserving DMAR table memory at [mem 0x6f411000-0x6f411157]
[    0.015887] Setting APIC routing to cluster x2apic.
[    0.015934] SRAT: PXM 0 -> APIC 0x0000 -> Node 0
[    0.015936] SRAT: PXM 0 -> APIC 0x0001 -> Node 0
[    0.015936] SRAT: PXM 0 -> APIC 0x0002 -> Node 0
[    0.015937] SRAT: PXM 0 -> APIC 0x0003 -> Node 0
[    0.015938] SRAT: PXM 0 -> APIC 0x0004 -> Node 0
[    0.015938] SRAT: PXM 0 -> APIC 0x0005 -> Node 0
[    0.015939] SRAT: PXM 0 -> APIC 0x0006 -> Node 0
[    0.015940] SRAT: PXM 0 -> APIC 0x0007 -> Node 0
[    0.015940] SRAT: PXM 0 -> APIC 0x0008 -> Node 0
[    0.015941] SRAT: PXM 0 -> APIC 0x0009 -> Node 0
[    0.015942] SRAT: PXM 0 -> APIC 0x000a -> Node 0
[    0.015942] SRAT: PXM 0 -> APIC 0x000b -> Node 0
[    0.015943] SRAT: PXM 0 -> APIC 0x000c -> Node 0
[    0.015944] SRAT: PXM 0 -> APIC 0x000d -> Node 0
[    0.015944] SRAT: PXM 0 -> APIC 0x000e -> Node 0
[    0.015945] SRAT: PXM 0 -> APIC 0x000f -> Node 0
[    0.015946] SRAT: PXM 0 -> APIC 0x0010 -> Node 0
[    0.015947] SRAT: PXM 0 -> APIC 0x0011 -> Node 0
[    0.015947] SRAT: PXM 0 -> APIC 0x0012 -> Node 0
[    0.015948] SRAT: PXM 0 -> APIC 0x0013 -> Node 0
[    0.015949] SRAT: PXM 0 -> APIC 0x0014 -> Node 0
[    0.015950] SRAT: PXM 0 -> APIC 0x0015 -> Node 0
[    0.015950] SRAT: PXM 0 -> APIC 0x0016 -> Node 0
[    0.015951] SRAT: PXM 0 -> APIC 0x0017 -> Node 0
[    0.015951] SRAT: PXM 0 -> APIC 0x0018 -> Node 0
[    0.015952] SRAT: PXM 0 -> APIC 0x0019 -> Node 0
[    0.015953] SRAT: PXM 0 -> APIC 0x001a -> Node 0
[    0.015954] SRAT: PXM 0 -> APIC 0x001b -> Node 0
[    0.015954] SRAT: PXM 0 -> APIC 0x001c -> Node 0
[    0.015955] SRAT: PXM 0 -> APIC 0x001d -> Node 0
[    0.015955] SRAT: PXM 0 -> APIC 0x001e -> Node 0
[    0.015956] SRAT: PXM 0 -> APIC 0x001f -> Node 0
[    0.015957] SRAT: PXM 0 -> APIC 0x0020 -> Node 0
[    0.015957] SRAT: PXM 0 -> APIC 0x0021 -> Node 0
[    0.015958] SRAT: PXM 0 -> APIC 0x0022 -> Node 0
[    0.015959] SRAT: PXM 0 -> APIC 0x0023 -> Node 0
[    0.015960] SRAT: PXM 0 -> APIC 0x0024 -> Node 0
[    0.015960] SRAT: PXM 0 -> APIC 0x0025 -> Node 0
[    0.015961] SRAT: PXM 0 -> APIC 0x0026 -> Node 0
[    0.015962] SRAT: PXM 0 -> APIC 0x0027 -> Node 0
[    0.015962] SRAT: PXM 0 -> APIC 0x0028 -> Node 0
[    0.015963] SRAT: PXM 0 -> APIC 0x0029 -> Node 0
[    0.015964] SRAT: PXM 0 -> APIC 0x002a -> Node 0
[    0.015964] SRAT: PXM 0 -> APIC 0x002b -> Node 0
[    0.015965] SRAT: PXM 0 -> APIC 0x002c -> Node 0
[    0.015965] SRAT: PXM 0 -> APIC 0x002d -> Node 0
[    0.015966] SRAT: PXM 0 -> APIC 0x002e -> Node 0
[    0.015967] SRAT: PXM 0 -> APIC 0x002f -> Node 0
[    0.015967] SRAT: PXM 0 -> APIC 0x0030 -> Node 0
[    0.015968] SRAT: PXM 0 -> APIC 0x0031 -> Node 0
[    0.015969] SRAT: PXM 0 -> APIC 0x0032 -> Node 0
[    0.015969] SRAT: PXM 0 -> APIC 0x0033 -> Node 0
[    0.015970] SRAT: PXM 0 -> APIC 0x0034 -> Node 0
[    0.015971] SRAT: PXM 0 -> APIC 0x0035 -> Node 0
[    0.015971] SRAT: PXM 0 -> APIC 0x0036 -> Node 0
[    0.015972] SRAT: PXM 0 -> APIC 0x0037 -> Node 0
[    0.015973] SRAT: PXM 1 -> APIC 0x0080 -> Node 1
[    0.015973] SRAT: PXM 1 -> APIC 0x0081 -> Node 1
[    0.015974] SRAT: PXM 1 -> APIC 0x0082 -> Node 1
[    0.015975] SRAT: PXM 1 -> APIC 0x0083 -> Node 1
[    0.015976] SRAT: PXM 1 -> APIC 0x0084 -> Node 1
[    0.015976] SRAT: PXM 1 -> APIC 0x0085 -> Node 1
[    0.015977] SRAT: PXM 1 -> APIC 0x0086 -> Node 1
[    0.015978] SRAT: PXM 1 -> APIC 0x0087 -> Node 1
[    0.015979] SRAT: PXM 1 -> APIC 0x0088 -> Node 1
[    0.015979] SRAT: PXM 1 -> APIC 0x0089 -> Node 1
[    0.015980] SRAT: PXM 1 -> APIC 0x008a -> Node 1
[    0.015981] SRAT: PXM 1 -> APIC 0x008b -> Node 1
[    0.015981] SRAT: PXM 1 -> APIC 0x008c -> Node 1
[    0.015982] SRAT: PXM 1 -> APIC 0x008d -> Node 1
[    0.015983] SRAT: PXM 1 -> APIC 0x008e -> Node 1
[    0.015983] SRAT: PXM 1 -> APIC 0x008f -> Node 1
[    0.015984] SRAT: PXM 1 -> APIC 0x0090 -> Node 1
[    0.015985] SRAT: PXM 1 -> APIC 0x0091 -> Node 1
[    0.015985] SRAT: PXM 1 -> APIC 0x0092 -> Node 1
[    0.015986] SRAT: PXM 1 -> APIC 0x0093 -> Node 1
[    0.015987] SRAT: PXM 1 -> APIC 0x0094 -> Node 1
[    0.015987] SRAT: PXM 1 -> APIC 0x0095 -> Node 1
[    0.015988] SRAT: PXM 1 -> APIC 0x0096 -> Node 1
[    0.015989] SRAT: PXM 1 -> APIC 0x0097 -> Node 1
[    0.015989] SRAT: PXM 1 -> APIC 0x0098 -> Node 1
[    0.015990] SRAT: PXM 1 -> APIC 0x0099 -> Node 1
[    0.015991] SRAT: PXM 1 -> APIC 0x009a -> Node 1
[    0.015991] SRAT: PXM 1 -> APIC 0x009b -> Node 1
[    0.015992] SRAT: PXM 1 -> APIC 0x009c -> Node 1
[    0.015993] SRAT: PXM 1 -> APIC 0x009d -> Node 1
[    0.015993] SRAT: PXM 1 -> APIC 0x009e -> Node 1
[    0.015994] SRAT: PXM 1 -> APIC 0x009f -> Node 1
[    0.015995] SRAT: PXM 1 -> APIC 0x00a0 -> Node 1
[    0.015995] SRAT: PXM 1 -> APIC 0x00a1 -> Node 1
[    0.015996] SRAT: PXM 1 -> APIC 0x00a2 -> Node 1
[    0.015996] SRAT: PXM 1 -> APIC 0x00a3 -> Node 1
[    0.015997] SRAT: PXM 1 -> APIC 0x00a4 -> Node 1
[    0.015998] SRAT: PXM 1 -> APIC 0x00a5 -> Node 1
[    0.015998] SRAT: PXM 1 -> APIC 0x00a6 -> Node 1
[    0.015999] SRAT: PXM 1 -> APIC 0x00a7 -> Node 1
[    0.016000] SRAT: PXM 1 -> APIC 0x00a8 -> Node 1
[    0.016000] SRAT: PXM 1 -> APIC 0x00a9 -> Node 1
[    0.016001] SRAT: PXM 1 -> APIC 0x00aa -> Node 1
[    0.016002] SRAT: PXM 1 -> APIC 0x00ab -> Node 1
[    0.016002] SRAT: PXM 1 -> APIC 0x00ac -> Node 1
[    0.016003] SRAT: PXM 1 -> APIC 0x00ad -> Node 1
[    0.016004] SRAT: PXM 1 -> APIC 0x00ae -> Node 1
[    0.016004] SRAT: PXM 1 -> APIC 0x00af -> Node 1
[    0.016005] SRAT: PXM 1 -> APIC 0x00b0 -> Node 1
[    0.016006] SRAT: PXM 1 -> APIC 0x00b1 -> Node 1
[    0.016006] SRAT: PXM 1 -> APIC 0x00b2 -> Node 1
[    0.016007] SRAT: PXM 1 -> APIC 0x00b3 -> Node 1
[    0.016008] SRAT: PXM 1 -> APIC 0x00b4 -> Node 1
[    0.016009] SRAT: PXM 1 -> APIC 0x00b5 -> Node 1
[    0.016009] SRAT: PXM 1 -> APIC 0x00b6 -> Node 1
[    0.016010] SRAT: PXM 1 -> APIC 0x00b7 -> Node 1
[    0.016023] ACPI: SRAT: Node 0 PXM 0 [mem 0x00000000-0x7fffffff]
[    0.016024] ACPI: SRAT: Node 0 PXM 0 [mem 0x100000000-0x107fffffff]
[    0.016026] ACPI: SRAT: Node 2 PXM 2 [mem 0x2080000000-0x9e7fffffff] non-volatile
[    0.016027] ACPI: SRAT: Node 1 PXM 1 [mem 0x1080000000-0x207fffffff]
[    0.016028] ACPI: SRAT: Node 3 PXM 3 [mem 0x9e80000000-0x11c7fffffff] non-volatile
[    0.016038] NUMA: Initialized distance table, cnt=4
[    0.016041] NUMA: Node 0 [mem 0x00000000-0x7fffffff] + [mem 0x100000000-0x107fffffff] -> [mem 0x00000000-0x107fffffff]
[    0.016050] NODE_DATA(0) allocated [mem 0xffffd5000-0xfffffffff]
[    0.016068] NODE_DATA(1) allocated [mem 0x205de32000-0x205de5cfff]
[    0.016243] Zone ranges:
[    0.016243]   DMA      [mem 0x0000000000001000-0x0000000000ffffff]
[    0.016245]   DMA32    [mem 0x0000000001000000-0x00000000ffffffff]
[    0.016247]   Normal   [mem 0x0000000100000000-0x000000207fffffff]
[    0.016248]   Device   empty
[    0.016249] Movable zone start for each node
[    0.016253] Early memory node ranges
[    0.016253]   node   0: [mem 0x0000000000001000-0x000000000008efff]
[    0.016255]   node   0: [mem 0x0000000000090000-0x000000000009ffff]
[    0.016256]   node   0: [mem 0x0000000000100000-0x0000000049e76fff]
[    0.016257]   node   0: [mem 0x000000004ae77000-0x000000004b2cefff]
[    0.016258]   node   0: [mem 0x000000004b54e000-0x000000004bd93fff]
[    0.016259]   node   0: [mem 0x000000004be9a000-0x000000004cdfffff]
[    0.016259]   node   0: [mem 0x000000004d000000-0x000000005eefdfff]
[    0.016260]   node   0: [mem 0x000000006f7ff000-0x000000006f7fffff]
[    0.016261]   node   0: [mem 0x0000000b8dd00000-0x0000000fffffffff]
[    0.016263]   node   1: [mem 0x0000001ec0000000-0x000000207fffffff]
[    0.016265] Initmem setup node 0 [mem 0x0000000000001000-0x0000000fffffffff]
[    0.016268] Initmem setup node 1 [mem 0x0000001ec0000000-0x000000207fffffff]
[    0.016269] Initializing node 2 as memoryless
[    0.016292] Initmem setup node 2 as memoryless
[    0.016293] Initializing node 3 as memoryless
[    0.016313] Initmem setup node 3 as memoryless
[    0.016315] On node 0, zone DMA: 1 pages in unavailable ranges
[    0.016316] On node 0, zone DMA: 1 pages in unavailable ranges
[    0.016343] On node 0, zone DMA: 96 pages in unavailable ranges
[    0.018463] On node 0, zone DMA32: 4096 pages in unavailable ranges
[    0.018484] On node 0, zone DMA32: 639 pages in unavailable ranges
[    0.018516] On node 0, zone DMA32: 262 pages in unavailable ranges
[    0.018990] On node 0, zone DMA32: 512 pages in unavailable ranges
[    0.019262] On node 0, zone DMA32: 35073 pages in unavailable ranges
[    0.051435] On node 0, zone Normal: 25856 pages in unavailable ranges
[    0.065717] ACPI: PM-Timer IO Port: 0x508
[    0.065736] ACPI: X2APIC_NMI (uid[0xffffffff] high edge lint[0x1])
[    0.065739] ACPI: LAPIC_NMI (acpi_id[0xff] high edge lint[0x1])
[    0.065758] IOAPIC[0]: apic_id 8, version 32, address 0xfec00000, GSI 0-119
[    0.065762] ACPI: INT_SRC_OVR (bus 0 bus_irq 0 global_irq 2 dfl dfl)
[    0.065764] ACPI: INT_SRC_OVR (bus 0 bus_irq 9 global_irq 9 high level)
[    0.065768] ACPI: Using ACPI (MADT) for SMP configuration information
[    0.065770] ACPI: HPET id: 0x8086a701 base: 0xfed00000
[    0.065774] TSC deadline timer available
[    0.065775] smpboot: Allowing 112 CPUs, 0 hotplug CPUs
[    0.065805] PM: hibernation: Registered nosave memory: [mem 0x00000000-0x00000fff]
[    0.065807] PM: hibernation: Registered nosave memory: [mem 0x0008f000-0x0008ffff]
[    0.065809] PM: hibernation: Registered nosave memory: [mem 0x000a0000-0x000fffff]
[    0.065811] PM: hibernation: Registered nosave memory: [mem 0x46cc4000-0x46cc4fff]
[    0.065813] PM: hibernation: Registered nosave memory: [mem 0x46cf5000-0x46cf5fff]
[    0.065814] PM: hibernation: Registered nosave memory: [mem 0x46cf6000-0x46cf6fff]
[    0.065816] PM: hibernation: Registered nosave memory: [mem 0x46d28000-0x46d28fff]
[    0.065817] PM: hibernation: Registered nosave memory: [mem 0x46d29000-0x46d29fff]
[    0.065818] PM: hibernation: Registered nosave memory: [mem 0x46d5b000-0x46d5bfff]
[    0.065819] PM: hibernation: Registered nosave memory: [mem 0x46d5c000-0x46d5cfff]
[    0.065821] PM: hibernation: Registered nosave memory: [mem 0x46d64000-0x46d64fff]
[    0.065823] PM: hibernation: Registered nosave memory: [mem 0x49e77000-0x4ae76fff]
[    0.065824] PM: hibernation: Registered nosave memory: [mem 0x4b2cf000-0x4b54dfff]
[    0.065826] PM: hibernation: Registered nosave memory: [mem 0x4bd94000-0x4be99fff]
[    0.065828] PM: hibernation: Registered nosave memory: [mem 0x4ce00000-0x4cffffff]
[    0.065830] PM: hibernation: Registered nosave memory: [mem 0x5eefe000-0x6e3fefff]
[    0.065831] PM: hibernation: Registered nosave memory: [mem 0x6e3ff000-0x6f3fefff]
[    0.065832] PM: hibernation: Registered nosave memory: [mem 0x6f3ff000-0x6f7fefff]
[    0.065833] PM: hibernation: Registered nosave memory: [mem 0x6f800000-0x8fffffff]
[    0.065834] PM: hibernation: Registered nosave memory: [mem 0x90000000-0xfdffffff]
[    0.065835] PM: hibernation: Registered nosave memory: [mem 0xfe000000-0xfe010fff]
[    0.065835] PM: hibernation: Registered nosave memory: [mem 0xfe011000-0xffffffff]
[    0.065836] PM: hibernation: Registered nosave memory: [mem 0x100000000-0xb8dcfffff]
[    0.065838] PM: hibernation: Registered nosave memory: [mem 0x1000000000-0x1ebfffffff]
[    0.065841] [mem 0x90000000-0xfdffffff] available for PCI devices
[    0.065843] Booting paravirtualized kernel on bare hardware
[    0.065845] clocksource: refined-jiffies: mask: 0xffffffff max_cycles: 0xffffffff, max_idle_ns: 7645519600211568 ns
[    0.065851] setup_percpu: NR_CPUS:8192 nr_cpumask_bits:112 nr_cpu_ids:112 nr_node_ids:4
[    0.070497] percpu: Embedded 61 pages/cpu s212992 r8192 d28672 u262144
[    0.070509] pcpu-alloc: s212992 r8192 d28672 u262144 alloc=1*2097152
[    0.070511] pcpu-alloc: [0] 000 002 004 006 008 010 012 014 
[    0.070518] pcpu-alloc: [0] 016 018 020 022 024 026 028 030 
[    0.070523] pcpu-alloc: [0] 032 034 036 038 040 042 044 046 
[    0.070527] pcpu-alloc: [0] 048 050 052 054 056 058 060 062 
[    0.070532] pcpu-alloc: [0] 064 066 068 070 072 074 076 078 
[    0.070536] pcpu-alloc: [0] 080 082 084 086 088 090 092 094 
[    0.070541] pcpu-alloc: [0] 096 098 100 102 104 106 108 110 
[    0.070545] pcpu-alloc: [1] 001 003 005 007 009 011 013 015 
[    0.070550] pcpu-alloc: [1] 017 019 021 023 025 027 029 031 
[    0.070554] pcpu-alloc: [1] 033 035 037 039 041 043 045 047 
[    0.070559] pcpu-alloc: [1] 049 051 053 055 057 059 061 063 
[    0.070563] pcpu-alloc: [1] 065 067 069 071 073 075 077 079 
[    0.070568] pcpu-alloc: [1] 081 083 085 087 089 091 093 095 
[    0.070572] pcpu-alloc: [1] 097 099 101 103 105 107 109 111 
[    0.070617] Fallback order for Node 0: 0 1 
[    0.070620] Fallback order for Node 1: 1 0 
[    0.070623] Fallback order for Node 2: 2 0 1 
[    0.070626] Fallback order for Node 3: 3 1 0 
[    0.070634] Built 2 zonelists, mobility grouping on.  Total pages: 6771592
[    0.070635] Policy zone: Normal
[    0.070636] Kernel command line: BOOT_IMAGE=/boot/vmlinuz-5.18.0 root=UUID=ce0c24b8-724b-4f33-9b2c-618433560aef ro memmap=43229M!4096M memmap=59G!64G quiet splash nomodeset vt.handoff=1
[    0.070761] Booted with the nomodeset parameter. Only the system framebuffer will be available
[    0.070783] Unknown kernel command line parameters "splash BOOT_IMAGE=/boot/vmlinuz-5.18.0", will be passed to user space.
[    0.070785] printk: log_buf_len individual max cpu contribution: 4096 bytes
[    0.070786] printk: log_buf_len total cpu_extra contributions: 454656 bytes
[    0.070787] printk: log_buf_len min size: 262144 bytes
[    0.071772] printk: log_buf_len: 1048576 bytes
[    0.071773] printk: early log buf free: 223664(85%)
[    0.073683] mem auto-init: stack:off, heap alloc:on, heap free:off
[    0.144247] Memory: 26258344K/27521120K available (16392K kernel code, 3615K rwdata, 10444K rodata, 2688K init, 5836K bss, 1262516K reserved, 0K cma-reserved)
[    0.144252] random: get_random_u64 called from __kmem_cache_create+0x2d/0x480 with crng_init=0
[    0.144795] SLUB: HWalign=64, Order=0-3, MinObjects=0, CPUs=112, Nodes=4
[    0.144822] ftrace: allocating 48795 entries in 191 pages
[    0.153378] ftrace: allocated 191 pages with 7 groups
[    0.154344] Dynamic Preempt: voluntary
[    0.154680] rcu: Preemptible hierarchical RCU implementation.
[    0.154681] rcu: 	RCU restricting CPUs from NR_CPUS=8192 to nr_cpu_ids=112.
[    0.154682] 	Trampoline variant of Tasks RCU enabled.
[    0.154683] 	Rude variant of Tasks RCU enabled.
[    0.154684] 	Tracing variant of Tasks RCU enabled.
[    0.154684] rcu: RCU calculated value of scheduler-enlistment delay is 25 jiffies.
[    0.154685] rcu: Adjusting geometry for rcu_fanout_leaf=16, nr_cpu_ids=112
[    0.158512] NR_IRQS: 524544, nr_irqs: 2952, preallocated irqs: 16
[    0.158856] random: crng init done (trusting CPU's manufacturer)
[    0.158993] Console: colour dummy device 80x25
[    0.159028] printk: console [tty0] enabled
[    0.159222] mempolicy: Enabling automatic NUMA balancing. Configure with numa_balancing= or the kernel.numa_balancing sysctl
[    0.159227] ACPI: Core revision 20211217
[    0.162659] clocksource: hpet: mask: 0xffffffff max_cycles: 0xffffffff, max_idle_ns: 79635855245 ns
[    0.162702] APIC: Switch to symmetric I/O mode setup
[    0.162704] DMAR: Host address width 46
[    0.162705] DMAR: DRHD base: 0x000000d0ffc000 flags: 0x0
[    0.162711] DMAR: dmar0: reg_base_addr d0ffc000 ver 4:0 cap 8ed008c40780466 ecap 60000f050df
[    0.162713] DMAR: DRHD base: 0x000000dbbfc000 flags: 0x0
[    0.162717] DMAR: dmar1: reg_base_addr dbbfc000 ver 4:0 cap 8ed008c40780466 ecap 60000f050df
[    0.162719] DMAR: DRHD base: 0x000000e67fc000 flags: 0x0
[    0.162723] DMAR: dmar2: reg_base_addr e67fc000 ver 4:0 cap 8ed008c40780466 ecap 60000f050df
[    0.162725] DMAR: DRHD base: 0x000000f13fc000 flags: 0x0
[    0.162728] DMAR: dmar3: reg_base_addr f13fc000 ver 4:0 cap 8ed008c40780466 ecap 60000f050df
[    0.162730] DMAR: DRHD base: 0x000000fb7fc000 flags: 0x0
[    0.162732] DMAR: dmar4: reg_base_addr fb7fc000 ver 4:0 cap 8ed008c40780466 ecap 60000f050df
[    0.162735] DMAR: DRHD base: 0x000000a63fc000 flags: 0x0
[    0.162737] DMAR: dmar5: reg_base_addr a63fc000 ver 4:0 cap 8ed008c40780466 ecap 60000f050df
[    0.162739] DMAR: DRHD base: 0x000000b0ffc000 flags: 0x0
[    0.162746] DMAR: dmar6: reg_base_addr b0ffc000 ver 4:0 cap 8ed008c40780466 ecap 60000f050df
[    0.162748] DMAR: DRHD base: 0x000000bbbfc000 flags: 0x0
[    0.162750] DMAR: dmar7: reg_base_addr bbbfc000 ver 4:0 cap 8ed008c40780466 ecap 60000f050df
[    0.162752] DMAR: DRHD base: 0x000000c5ffc000 flags: 0x0
[    0.162754] DMAR: dmar8: reg_base_addr c5ffc000 ver 4:0 cap 8ed008c40780466 ecap 60000f050df
[    0.162756] DMAR: DRHD base: 0x0000009b7fc000 flags: 0x1
[    0.162759] DMAR: dmar9: reg_base_addr 9b7fc000 ver 4:0 cap 8ed008c40780466 ecap 60000f050df
[    0.162761] DMAR: RMRR base: 0x00000069427000 end: 0x00000069429fff
[    0.162762] DMAR: ATSR flags: 0x0
[    0.162765] DMAR-IR: IOAPIC id 8 under DRHD base  0x9b7fc000 IOMMU 9
[    0.162766] DMAR-IR: HPET id 0 under DRHD base 0x9b7fc000
[    0.162767] DMAR-IR: Queued invalidation will be enabled to support x2apic and Intr-remapping.
[    0.165572] DMAR-IR: Enabled IRQ remapping in x2apic mode
[    0.168202] ..TIMER: vector=0x30 apic1=0 pin1=2 apic2=-1 pin2=-1
[    0.186633] clocksource: tsc-early: mask: 0xffffffffffffffff max_cycles: 0x39a85c9bff6, max_idle_ns: 881590591483 ns
[    0.186640] Calibrating delay loop (skipped), value calculated using timer frequency.. 4000.00 BogoMIPS (lpj=8000000)
[    0.186643] pid_max: default: 114688 minimum: 896
[    0.190573] LSM: Security Framework initializing
[    0.190598] Yama: becoming mindful.
[    0.190664] AppArmor: AppArmor initialized
[    0.194461] Dentry cache hash table entries: 4194304 (order: 13, 33554432 bytes, vmalloc hugepage)
[    0.196411] Inode-cache hash table entries: 2097152 (order: 12, 16777216 bytes, vmalloc hugepage)
[    0.196518] Mount-cache hash table entries: 65536 (order: 7, 524288 bytes, vmalloc)
[    0.196590] Mountpoint-cache hash table entries: 65536 (order: 7, 524288 bytes, vmalloc)
[    0.197157] x86/tme: not enabled by BIOS
[    0.197167] CPU0: Thermal monitoring enabled (TM1)
[    0.197169] x86/cpu: User Mode Instruction Prevention (UMIP) activated
[    0.197404] process: using mwait in idle threads
[    0.197406] Last level iTLB entries: 4KB 0, 2MB 0, 4MB 0
[    0.197407] Last level dTLB entries: 4KB 0, 2MB 0, 4MB 0, 1GB 0
[    0.197413] Spectre V1 : Mitigation: usercopy/swapgs barriers and __user pointer sanitization
[    0.197415] Spectre V2 : WARNING: Unprivileged eBPF is enabled with eIBRS on, data leaks possible via Spectre v2 BHB attacks!
[    0.197420] Spectre V2 : Mitigation: Enhanced IBRS
[    0.197421] Spectre V2 : Spectre v2 / SpectreRSB mitigation: Filling RSB on context switch
[    0.197422] Spectre V2 : mitigation: Enabling conditional Indirect Branch Prediction Barrier
[    0.197424] Speculative Store Bypass: Mitigation: Speculative Store Bypass disabled via prctl
[    0.202575] Freeing SMP alternatives memory: 40K
[    0.202774] smpboot: Estimated ratio of average max frequency by base frequency (times 1024): 1433
[    0.202787] smpboot: CPU0: Intel(R) Xeon(R) Gold 6330 CPU @ 2.00GHz (family: 0x6, model: 0x6a, stepping: 0x6)
[    0.203004] cblist_init_generic: Setting adjustable number of callback queues.
[    0.203018] cblist_init_generic: Setting shift to 7 and lim to 1.
[    0.203043] cblist_init_generic: Setting shift to 7 and lim to 1.
[    0.203074] cblist_init_generic: Setting shift to 7 and lim to 1.
[    0.203085] Performance Events: PEBS fmt4+-baseline,  AnyThread deprecated, Icelake events, 32-deep LBR, full-width counters, Intel PMU driver.
[    0.203120] ... version:                5
[    0.203120] ... bit width:              48
[    0.203121] ... generic registers:      8
[    0.203122] ... value mask:             0000ffffffffffff
[    0.203122] ... max period:             00007fffffffffff
[    0.203123] ... fixed-purpose events:   4
[    0.203124] ... event mask:             0001000f000000ff
[    0.203270] rcu: Hierarchical SRCU implementation.
[    0.210577] NMI watchdog: Enabled. Permanently consumes one hw-PMU counter.
[    0.211650] smp: Bringing up secondary CPUs ...
[    0.211769] x86: Booting SMP configuration:
[    0.211770] .... node  #1, CPUs:          #1
[    0.007787] smpboot: CPU 1 Converting physical 0 to logical die 1

[    0.298760] .... node  #0, CPUs:     #2
[    0.304136] .... node  #1, CPUs:     #3
[    0.309578] .... node  #0, CPUs:     #4
[    0.314956] .... node  #1, CPUs:     #5
[    0.320367] .... node  #0, CPUs:     #6
[    0.325967] .... node  #1, CPUs:     #7
[    0.331561] .... node  #0, CPUs:     #8
[    0.336875] .... node  #1, CPUs:     #9
[    0.342742] .... node  #0, CPUs:    #10
[    0.348367] .... node  #1, CPUs:    #11
[    0.354118] .... node  #0, CPUs:    #12
[    0.359643] .... node  #1, CPUs:    #13
[    0.365033] .... node  #0, CPUs:    #14
[    0.370285] .... node  #1, CPUs:    #15
[    0.375615] .... node  #0, CPUs:    #16
[    0.380916] .... node  #1, CPUs:    #17
[    0.386237] .... node  #0, CPUs:    #18
[    0.391502] .... node  #1, CPUs:    #19
[    0.397169] .... node  #0, CPUs:    #20
[    0.402660] .... node  #1, CPUs:    #21
[    0.408037] .... node  #0, CPUs:    #22
[    0.413488] .... node  #1, CPUs:    #23
[    0.418772] .... node  #0, CPUs:    #24
[    0.424409] .... node  #1, CPUs:    #25
[    0.429760] .... node  #0, CPUs:    #26
[    0.434989] .... node  #1, CPUs:    #27
[    0.440320] .... node  #0, CPUs:    #28
[    0.445835] .... node  #1, CPUs:    #29
[    0.451160] .... node  #0, CPUs:    #30
[    0.456410] .... node  #1, CPUs:    #31
[    0.461913] .... node  #0, CPUs:    #32
[    0.467209] .... node  #1, CPUs:    #33
[    0.472596] .... node  #0, CPUs:    #34
[    0.478064] .... node  #1, CPUs:    #35
[    0.483393] .... node  #0, CPUs:    #36
[    0.488615] .... node  #1, CPUs:    #37
[    0.493954] .... node  #0, CPUs:    #38
[    0.499539] .... node  #1, CPUs:    #39
[    0.505085] .... node  #0, CPUs:    #40
[    0.510801] .... node  #1, CPUs:    #41
[    0.516471] .... node  #0, CPUs:    #42
[    0.521794] .... node  #1, CPUs:    #43
[    0.527443] .... node  #0, CPUs:    #44
[    0.532833] .... node  #1, CPUs:    #45
[    0.538313] .... node  #0, CPUs:    #46
[    0.543857] .... node  #1, CPUs:    #47
[    0.549326] .... node  #0, CPUs:    #48
[    0.554808] .... node  #1, CPUs:    #49
[    0.560142] .... node  #0, CPUs:    #50
[    0.565646] .... node  #1, CPUs:    #51
[    0.571302] .... node  #0, CPUs:    #52
[    0.576772] .... node  #1, CPUs:    #53
[    0.582385] .... node  #0, CPUs:    #54
[    0.588095] .... node  #1, CPUs:    #55
[    0.593922] .... node  #0, CPUs:    #56
[    0.600104] .... node  #1, CPUs:    #57
[    0.606037] .... node  #0, CPUs:    #58
[    0.611454] .... node  #1, CPUs:    #59
[    0.616917] .... node  #0, CPUs:    #60
[    0.622324] .... node  #1, CPUs:    #61
[    0.627754] .... node  #0, CPUs:    #62
[    0.633370] .... node  #1, CPUs:    #63
[    0.638985] .... node  #0, CPUs:    #64
[    0.644305] .... node  #1, CPUs:    #65
[    0.650056] .... node  #0, CPUs:    #66
[    0.655825] .... node  #1, CPUs:    #67
[    0.661597] .... node  #0, CPUs:    #68
[    0.667149] .... node  #1, CPUs:    #69
[    0.672537] .... node  #0, CPUs:    #70
[    0.677785] .... node  #1, CPUs:    #71
[    0.683159] .... node  #0, CPUs:    #72
[    0.688461] .... node  #1, CPUs:    #73
[    0.693815] .... node  #0, CPUs:    #74
[    0.699107] .... node  #1, CPUs:    #75
[    0.704785] .... node  #0, CPUs:    #76
[    0.710056] .... node  #1, CPUs:    #77
[    0.715706] .... node  #0, CPUs:    #78
[    0.721173] .... node  #1, CPUs:    #79
[    0.726720] .... node  #0, CPUs:    #80
[    0.732162] .... node  #1, CPUs:    #81
[    0.737541] .... node  #0, CPUs:    #82
[    0.742805] .... node  #1, CPUs:    #83
[    0.748142] .... node  #0, CPUs:    #84
[    0.753683] .... node  #1, CPUs:    #85
[    0.759004] .... node  #0, CPUs:    #86
[    0.764279] .... node  #1, CPUs:    #87
[    0.769791] .... node  #0, CPUs:    #88
[    0.775119] .... node  #1, CPUs:    #89
[    0.780538] .... node  #0, CPUs:    #90
[    0.786004] .... node  #1, CPUs:    #91
[    0.791354] .... node  #0, CPUs:    #92
[    0.796595] .... node  #1, CPUs:    #93
[    0.801950] .... node  #0, CPUs:    #94
[    0.807555] .... node  #1, CPUs:    #95
[    0.813119] .... node  #0, CPUs:    #96
[    0.818803] .... node  #1, CPUs:    #97
[    0.824554] .... node  #0, CPUs:    #98
[    0.829900] .... node  #1, CPUs:    #99
[    0.835586] .... node  #0, CPUs:   #100
[    0.840982] .... node  #1, CPUs:   #101
[    0.846716] .... node  #0, CPUs:   #102
[    0.852060] .... node  #1, CPUs:   #103
[    0.857543] .... node  #0, CPUs:   #104
[    0.862922] .... node  #1, CPUs:   #105
[    0.868396] .... node  #0, CPUs:   #106
[    0.873928] .... node  #1, CPUs:   #107
[    0.879598] .... node  #0, CPUs:   #108
[    0.885099] .... node  #1, CPUs:   #109
[    0.890747] .... node  #0, CPUs:   #110
[    0.896455] .... node  #1, CPUs:   #111
[    0.902302] smp: Brought up 2 nodes, 112 CPUs
[    0.902302] smpboot: Max logical packages: 2
[    0.902302] smpboot: Total of 112 processors activated (448078.03 BogoMIPS)
[    0.910042] devtmpfs: initialized
[    0.910042] x86/mm: Memory block size: 2048MB
[    0.910042] ACPI: PM: Registering ACPI NVS region [mem 0x49e77000-0x4ae76fff] (16777216 bytes)
[    0.910821] ACPI: PM: Registering ACPI NVS region [mem 0x6e3ff000-0x6f3fefff] (16777216 bytes)
[    0.911105] clocksource: jiffies: mask: 0xffffffff max_cycles: 0xffffffff, max_idle_ns: 7645041785100000 ns
[    0.911399] futex hash table entries: 32768 (order: 9, 2097152 bytes, vmalloc)
[    0.911646] pinctrl core: initialized pinctrl subsystem
[    0.911798] PM: RTC time: 05:40:45, date: 2024-06-28
[    0.912705] NET: Registered PF_NETLINK/PF_ROUTE protocol family
[    0.913502] DMA: preallocated 4096 KiB GFP_KERNEL pool for atomic allocations
[    0.914011] DMA: preallocated 4096 KiB GFP_KERNEL|GFP_DMA pool for atomic allocations
[    0.914469] DMA: preallocated 4096 KiB GFP_KERNEL|GFP_DMA32 pool for atomic allocations
[    0.914478] audit: initializing netlink subsys (disabled)
[    0.914486] audit: type=2000 audit(1719553244.748:1): state=initialized audit_enabled=0 res=1
[    0.914653] thermal_sys: Registered thermal governor 'fair_share'
[    0.914654] thermal_sys: Registered thermal governor 'bang_bang'
[    0.914655] thermal_sys: Registered thermal governor 'step_wise'
[    0.914656] thermal_sys: Registered thermal governor 'user_space'
[    0.914661] EISA bus registered
[    0.914684] cpuidle: using governor ladder
[    0.914684] cpuidle: using governor menu
[    0.914684] ACPI FADT declares the system doesn't support PCIe ASPM, so disable it
[    0.914684] acpiphp: ACPI Hot Plug PCI Controller Driver version: 0.5
[    0.914790] PCI: MMCONFIG for domain 0000 [bus 00-ff] at [mem 0x80000000-0x8fffffff] (base 0x80000000)
[    0.914794] PCI: MMCONFIG at [mem 0x80000000-0x8fffffff] reserved in E820
[    0.914800] pmd_set_huge: Cannot satisfy [mem 0x80000000-0x80200000] with a huge-page mapping due to MTRR override.
[    0.914977] PCI: Using configuration type 1 for base access
[    0.914986] PCI: Dell System detected, enabling pci=bfsort.
[    0.917134] ENERGY_PERF_BIAS: Set to 'normal', was 'performance'
[    0.919969] kprobes: kprobe jump-optimization is enabled. All kprobes are optimized if possible.
[    0.919973] HugeTLB registered 1.00 GiB page size, pre-allocated 0 pages
[    0.919973] HugeTLB registered 2.00 MiB page size, pre-allocated 0 pages
[    0.922696] fbcon: Taking over console
[    0.922783] ACPI: Added _OSI(Module Device)
[    0.922784] ACPI: Added _OSI(Processor Device)
[    0.922785] ACPI: Added _OSI(3.0 _SCP Extensions)
[    0.922786] ACPI: Added _OSI(Processor Aggregator Device)
[    0.922787] ACPI: Added _OSI(Linux-Dell-Video)
[    0.922788] ACPI: Added _OSI(Linux-Lenovo-NV-HDMI-Audio)
[    0.922789] ACPI: Added _OSI(Linux-HPI-Hybrid-Graphics)
[    1.094529] ACPI: 8 ACPI AML tables successfully acquired and loaded
[    1.100799] ACPI: [Firmware Bug]: BIOS _OSI(Linux) query ignored
[    1.106779] ACPI: Dynamic OEM Table Load:
[    1.523281] ACPI: Interpreter enabled
[    1.523303] ACPI: PM: (supports S0 S5)
[    1.523305] ACPI: Using IOAPIC for interrupt routing
[    1.523394] HEST: Table parsing has been initialized.
[    1.523579] GHES: APEI firmware first mode is enabled by APEI bit and WHEA _OSC.
[    1.523581] PCI: Using host bridge windows from ACPI; if necessary, use "pci=nocrs" and report a bug
[    1.553462] ACPI: Enabled 4 GPEs in block 00 to 7F
[    1.682118] ACPI: PCI Root Bridge [PC00] (domain 0000 [bus 00-15])
[    1.682124] acpi PNP0A08:00: _OSC: OS supports [ExtendedConfig ASPM ClockPM Segments MSI HPX-Type3]
[    1.751349] acpi PNP0A08:00: _OSC: platform does not support [SHPCHotplug AER LTR]
[    1.751577] acpi PNP0A08:00: _OSC: OS now controls [PCIeHotplug PME PCIeCapability]
[    1.751579] acpi PNP0A08:00: FADT indicates ASPM is unsupported, using BIOS configuration
[    1.753487] PCI host bridge to bus 0000:00
[    1.753489] pci_bus 0000:00: root bus resource [io  0x0000-0x0cf7 window]
[    1.753491] pci_bus 0000:00: root bus resource [io  0x1000-0x4fff window]
[    1.753493] pci_bus 0000:00: root bus resource [mem 0x000a0000-0x000bffff window]
[    1.753494] pci_bus 0000:00: root bus resource [mem 0x000c8000-0x000cffff window]
[    1.753495] pci_bus 0000:00: root bus resource [mem 0xfe010000-0xfe010fff window]
[    1.753497] pci_bus 0000:00: root bus resource [mem 0x90000000-0x9b7fffff window]
[    1.753498] pci_bus 0000:00: root bus resource [mem 0x200000000000-0x20ffffffffff window]
[    1.753499] pci_bus 0000:00: root bus resource [bus 00-15]
[    1.753514] pci 0000:00:00.0: [8086:09a2] type 00 class 0x088000
[    1.753613] pci 0000:00:00.1: [8086:09a4] type 00 class 0x088000
[    1.753681] pci 0000:00:00.2: [8086:09a3] type 00 class 0x088000
[    1.753749] pci 0000:00:00.4: [8086:0998] type 00 class 0x060000
[    1.753817] pci 0000:00:02.0: [8086:09a6] type 00 class 0x088000
[    1.753825] pci 0000:00:02.0: reg 0x10: [mem 0x92dfc000-0x92dfdfff]
[    1.753901] pci 0000:00:02.1: [8086:09a7] type 00 class 0x088000
[    1.753910] pci 0000:00:02.1: reg 0x10: [mem 0x92d00000-0x92d7ffff]
[    1.753915] pci 0000:00:02.1: reg 0x14: [mem 0x92c80000-0x92cfffff]
[    1.753990] pci 0000:00:02.4: [8086:3456] type 00 class 0x130000
[    1.754000] pci 0000:00:02.4: reg 0x10: [mem 0x92a00000-0x92afffff 64bit]
[    1.754007] pci 0000:00:02.4: reg 0x18: [mem 0x92df0000-0x92df3fff 64bit]
[    1.754013] pci 0000:00:02.4: reg 0x20: [mem 0x92dc0000-0x92ddffff 64bit]
[    1.754093] pci 0000:00:11.0: [8086:a1ec] type 00 class 0xff0000
[    1.754095] pci 0000:00:11.0: device has non-compliant BARs; disabling IO/MEM decoding
[    1.754187] pci 0000:00:11.5: [8086:a1d2] type 00 class 0x010601
[    1.754200] pci 0000:00:11.5: reg 0x10: [mem 0x92dfa000-0x92dfbfff]
[    1.754207] pci 0000:00:11.5: reg 0x14: [mem 0x92e05000-0x92e050ff]
[    1.754215] pci 0000:00:11.5: reg 0x18: [io  0x2068-0x206f]
[    1.754222] pci 0000:00:11.5: reg 0x1c: [io  0x2074-0x2077]
[    1.754230] pci 0000:00:11.5: reg 0x20: [io  0x2040-0x205f]
[    1.754237] pci 0000:00:11.5: reg 0x24: [mem 0x92b80000-0x92bfffff]
[    1.754275] pci 0000:00:11.5: PME# supported from D3hot
[    1.754492] pci 0000:00:14.0: [8086:a1af] type 00 class 0x0c0330
[    1.754509] pci 0000:00:14.0: reg 0x10: [mem 0x92de0000-0x92deffff 64bit]
[    1.754573] pci 0000:00:14.0: PME# supported from D3hot D3cold
[    1.754807] pci 0000:00:14.2: [8086:a1b1] type 00 class 0x118000
[    1.754825] pci 0000:00:14.2: reg 0x10: [mem 0x92e02000-0x92e02fff 64bit]
[    1.754951] pci 0000:00:16.0: [8086:a1ba] type 00 class 0x078000
[    1.754973] pci 0000:00:16.0: reg 0x10: [mem 0x92e01000-0x92e01fff 64bit]
[    1.755057] pci 0000:00:16.0: PME# supported from D3hot
[    1.755119] pci 0000:00:16.1: [8086:a1bb] type 00 class 0x078000
[    1.755142] pci 0000:00:16.1: reg 0x10: [mem 0x92e00000-0x92e00fff 64bit]
[    1.755225] pci 0000:00:16.1: PME# supported from D3hot
[    1.755290] pci 0000:00:16.4: [8086:a1be] type 00 class 0x078000
[    1.755313] pci 0000:00:16.4: reg 0x10: [mem 0x92dff000-0x92dfffff 64bit]
[    1.755396] pci 0000:00:16.4: PME# supported from D3hot
[    1.755466] pci 0000:00:17.0: [8086:a182] type 00 class 0x010601
[    1.755478] pci 0000:00:17.0: reg 0x10: [mem 0x92df8000-0x92df9fff]
[    1.755486] pci 0000:00:17.0: reg 0x14: [mem 0x92e04000-0x92e040ff]
[    1.755493] pci 0000:00:17.0: reg 0x18: [io  0x2060-0x2067]
[    1.755500] pci 0000:00:17.0: reg 0x1c: [io  0x2070-0x2073]
[    1.755507] pci 0000:00:17.0: reg 0x20: [io  0x2020-0x203f]
[    1.755515] pci 0000:00:17.0: reg 0x24: [mem 0x92b00000-0x92b7ffff]
[    1.755552] pci 0000:00:17.0: PME# supported from D3hot
[    1.755760] pci 0000:00:1c.0: [8086:a190] type 01 class 0x060400
[    1.755836] pci 0000:00:1c.0: PME# supported from D0 D3hot D3cold
[    1.756502] pci 0000:00:1c.4: [8086:a194] type 01 class 0x060400
[    1.756572] pci 0000:00:1c.4: PME# supported from D0 D3hot D3cold
[    1.757207] pci 0000:00:1c.5: [8086:a195] type 01 class 0x060400
[    1.757278] pci 0000:00:1c.5: PME# supported from D0 D3hot D3cold
[    1.757921] pci 0000:00:1f.0: [8086:a1cb] type 00 class 0x060100
[    1.758224] pci 0000:00:1f.2: [8086:a1a1] type 00 class 0x058000
[    1.758239] pci 0000:00:1f.2: reg 0x10: [mem 0x92df4000-0x92df7fff]
[    1.758485] pci 0000:00:1f.4: [8086:a1a3] type 00 class 0x0c0500
[    1.758504] pci 0000:00:1f.4: reg 0x10: [mem 0x92dfe000-0x92dfe0ff 64bit]
[    1.758527] pci 0000:00:1f.4: reg 0x20: [io  0x2000-0x201f]
[    1.758593] pci 0000:00:1f.5: [8086:a1a4] type 00 class 0x0c8000
[    1.758608] pci 0000:00:1f.5: reg 0x10: [mem 0xfe010000-0xfe010fff]
[    1.758812] pci 0000:00:1c.0: PCI bridge to [bus 01]
[    1.758864] pci 0000:02:00.0: [1556:be00] type 01 class 0x060400
[    1.759036] pci 0000:00:1c.4: PCI bridge to [bus 02-03]
[    1.759040] pci 0000:00:1c.4:   bridge window [mem 0x92000000-0x928fffff]
[    1.759045] pci 0000:00:1c.4:   bridge window [mem 0x91000000-0x91ffffff 64bit pref]
[    1.759077] pci_bus 0000:03: extended config space not accessible
[    1.759094] pci 0000:03:00.0: [102b:0536] type 00 class 0x030000
[    1.759113] pci 0000:03:00.0: reg 0x10: [mem 0x91000000-0x91ffffff pref]
[    1.759124] pci 0000:03:00.0: reg 0x14: [mem 0x92808000-0x9280bfff]
[    1.759135] pci 0000:03:00.0: reg 0x18: [mem 0x92000000-0x927fffff]
[    1.759183] pci 0000:03:00.0: BAR 0: assigned to efifb
[    1.759191] pci 0000:03:00.0: Video device with shadowed ROM at [mem 0x000c0000-0x000dffff]
[    1.759293] pci 0000:02:00.0: PCI bridge to [bus 03]
[    1.759301] pci 0000:02:00.0:   bridge window [mem 0x92000000-0x928fffff]
[    1.759307] pci 0000:02:00.0:   bridge window [mem 0x91000000-0x91ffffff 64bit pref]
[    1.759377] pci 0000:04:00.0: [14e4:165f] type 00 class 0x020000
[    1.759401] pci 0000:04:00.0: reg 0x10: [mem 0x92930000-0x9293ffff 64bit pref]
[    1.759417] pci 0000:04:00.0: reg 0x18: [mem 0x92940000-0x9294ffff 64bit pref]
[    1.759433] pci 0000:04:00.0: reg 0x20: [mem 0x92950000-0x9295ffff 64bit pref]
[    1.759443] pci 0000:04:00.0: reg 0x30: [mem 0xfffc0000-0xffffffff pref]
[    1.759538] pci 0000:04:00.0: PME# supported from D0 D3hot D3cold
[    1.759591] pci 0000:04:00.0: 4.000 Gb/s available PCIe bandwidth, limited by 5.0 GT/s PCIe x1 link at 0000:00:1c.5 (capable of 8.000 Gb/s with 5.0 GT/s PCIe x2 link)
[    1.760157] pci 0000:04:00.1: [14e4:165f] type 00 class 0x020000
[    1.760182] pci 0000:04:00.1: reg 0x10: [mem 0x92900000-0x9290ffff 64bit pref]
[    1.760198] pci 0000:04:00.1: reg 0x18: [mem 0x92910000-0x9291ffff 64bit pref]
[    1.760213] pci 0000:04:00.1: reg 0x20: [mem 0x92920000-0x9292ffff 64bit pref]
[    1.760224] pci 0000:04:00.1: reg 0x30: [mem 0xfffc0000-0xffffffff pref]
[    1.760319] pci 0000:04:00.1: PME# supported from D0 D3hot D3cold
[    1.760897] pci 0000:00:1c.5: PCI bridge to [bus 04]
[    1.760905] pci 0000:00:1c.5:   bridge window [mem 0x92900000-0x929fffff 64bit pref]
[    1.760919] pci_bus 0000:00: on NUMA node 0
[    1.761517] ACPI: PCI Root Bridge [PC01] (domain 0000 [bus 16-2f])
[    1.761521] acpi PNP0A08:01: _OSC: OS supports [ExtendedConfig ASPM ClockPM Segments MSI HPX-Type3]
[    1.776330] acpi PNP0A08:01: _OSC: platform does not support [SHPCHotplug AER]
[    1.776547] acpi PNP0A08:01: _OSC: OS now controls [PCIeHotplug PME PCIeCapability LTR]
[    1.776549] acpi PNP0A08:01: FADT indicates ASPM is unsupported, using BIOS configuration
[    1.776681] PCI host bridge to bus 0000:16
[    1.776682] pci_bus 0000:16: root bus resource [io  0x5000-0x6fff window]
[    1.776684] pci_bus 0000:16: root bus resource [mem 0x9b800000-0xa63fffff window]
[    1.776685] pci_bus 0000:16: root bus resource [mem 0x210000000000-0x21ffffffffff window]
[    1.776687] pci_bus 0000:16: root bus resource [bus 16-2f]
[    1.776697] pci 0000:16:00.0: [8086:09a2] type 00 class 0x088000
[    1.776766] pci 0000:16:00.1: [8086:09a4] type 00 class 0x088000
[    1.776829] pci 0000:16:00.2: [8086:09a3] type 00 class 0x088000
[    1.776893] pci 0000:16:00.4: [8086:0998] type 00 class 0x060000
[    1.776965] pci 0000:16:02.0: [8086:347a] type 01 class 0x060400
[    1.776974] pci 0000:16:02.0: reg 0x10: [mem 0x21fffff00000-0x21fffff1ffff 64bit]
[    1.777013] pci 0000:16:02.0: PME# supported from D0 D3hot D3cold
[    1.777960] pci 0000:17:00.0: [1000:10e2] type 00 class 0x010400
[    1.777973] pci 0000:17:00.0: reg 0x10: [mem 0x9b800000-0x9b8fffff 64bit pref]
[    1.777982] pci 0000:17:00.0: reg 0x18: [mem 0x9b900000-0x9b9fffff 64bit pref]
[    1.777988] pci 0000:17:00.0: reg 0x20: [mem 0x9ba00000-0x9bafffff]
[    1.777993] pci 0000:17:00.0: reg 0x24: [io  0x5000-0x50ff]
[    1.777999] pci 0000:17:00.0: reg 0x30: [mem 0xfff00000-0xffffffff pref]
[    1.779131] pci 0000:17:00.0: supports D1 D2
[    1.779200] pci 0000:16:02.0: PCI bridge to [bus 17]
[    1.779203] pci 0000:16:02.0:   bridge window [io  0x5000-0x5fff]
[    1.779205] pci 0000:16:02.0:   bridge window [mem 0x9ba00000-0x9bafffff]
[    1.779207] pci 0000:16:02.0:   bridge window [mem 0x9b800000-0x9b9fffff 64bit pref]
[    1.779213] pci_bus 0000:16: on NUMA node 0
[    1.779292] ACPI: PCI Root Bridge [PC02] (domain 0000 [bus 30-49])
[    1.779295] acpi PNP0A08:02: _OSC: OS supports [ExtendedConfig ASPM ClockPM Segments MSI HPX-Type3]
[    1.793764] acpi PNP0A08:02: _OSC: platform does not support [SHPCHotplug AER]
[    1.793979] acpi PNP0A08:02: _OSC: OS now controls [PCIeHotplug PME PCIeCapability LTR]
[    1.793981] acpi PNP0A08:02: FADT indicates ASPM is unsupported, using BIOS configuration
[    1.794102] PCI host bridge to bus 0000:30
[    1.794104] pci_bus 0000:30: root bus resource [io  0x7000-0x8fff window]
[    1.794105] pci_bus 0000:30: root bus resource [mem 0xa6400000-0xb0ffffff window]
[    1.794107] pci_bus 0000:30: root bus resource [mem 0x220000000000-0x22ffffffffff window]
[    1.794109] pci_bus 0000:30: root bus resource [bus 30-49]
[    1.794119] pci 0000:30:00.0: [8086:09a2] type 00 class 0x088000
[    1.794187] pci 0000:30:00.1: [8086:09a4] type 00 class 0x088000
[    1.794249] pci 0000:30:00.2: [8086:09a3] type 00 class 0x088000
[    1.794313] pci 0000:30:00.4: [8086:0998] type 00 class 0x060000
[    1.794382] pci_bus 0000:30: on NUMA node 0
[    1.794485] ACPI: PCI Root Bridge [PC04] (domain 0000 [bus 4a-63])
[    1.794488] acpi PNP0A08:04: _OSC: OS supports [ExtendedConfig ASPM ClockPM Segments MSI HPX-Type3]
[    1.808953] acpi PNP0A08:04: _OSC: platform does not support [SHPCHotplug AER]
[    1.809165] acpi PNP0A08:04: _OSC: OS now controls [PCIeHotplug PME PCIeCapability LTR]
[    1.809166] acpi PNP0A08:04: FADT indicates ASPM is unsupported, using BIOS configuration
[    1.809289] PCI host bridge to bus 0000:4a
[    1.809290] pci_bus 0000:4a: root bus resource [io  0x9000-0x9fff window]
[    1.809291] pci_bus 0000:4a: root bus resource [mem 0xb1000000-0xbbbfffff window]
[    1.809293] pci_bus 0000:4a: root bus resource [mem 0x230000000000-0x23ffffffffff window]
[    1.809294] pci_bus 0000:4a: root bus resource [bus 4a-63]
[    1.809303] pci 0000:4a:00.0: [8086:09a2] type 00 class 0x088000
[    1.809368] pci 0000:4a:00.1: [8086:09a4] type 00 class 0x088000
[    1.809434] pci 0000:4a:00.2: [8086:09a3] type 00 class 0x088000
[    1.809496] pci 0000:4a:00.4: [8086:0998] type 00 class 0x060000
[    1.809571] pci_bus 0000:4a: on NUMA node 0
[    1.809644] ACPI: PCI Root Bridge [PC05] (domain 0000 [bus 64-7d])
[    1.809647] acpi PNP0A08:05: _OSC: OS supports [ExtendedConfig ASPM ClockPM Segments MSI HPX-Type3]
[    1.824086] acpi PNP0A08:05: _OSC: platform does not support [SHPCHotplug AER]
[    1.824298] acpi PNP0A08:05: _OSC: OS now controls [PCIeHotplug PME PCIeCapability LTR]
[    1.824299] acpi PNP0A08:05: FADT indicates ASPM is unsupported, using BIOS configuration
[    1.824418] PCI host bridge to bus 0000:64
[    1.824420] pci_bus 0000:64: root bus resource [io  0xa000-0xafff window]
[    1.824421] pci_bus 0000:64: root bus resource [mem 0xbbc00000-0xc5ffffff window]
[    1.824422] pci_bus 0000:64: root bus resource [mem 0x240000000000-0x24ffffffffff window]
[    1.824423] pci_bus 0000:64: root bus resource [bus 64-7d]
[    1.824433] pci 0000:64:00.0: [8086:09a2] type 00 class 0x088000
[    1.824496] pci 0000:64:00.1: [8086:09a4] type 00 class 0x088000
[    1.824557] pci 0000:64:00.2: [8086:09a3] type 00 class 0x088000
[    1.824618] pci 0000:64:00.4: [8086:0998] type 00 class 0x060000
[    1.824687] pci_bus 0000:64: on NUMA node 0
[    1.824754] ACPI: PCI Root Bridge [UC06] (domain 0000 [bus 7e])
[    1.824756] acpi PNP0A03:00: _OSC: OS supports [ExtendedConfig ASPM ClockPM Segments MSI HPX-Type3]
[    1.824854] acpi PNP0A03:00: _OSC: platform does not support [SHPCHotplug AER LTR]
[    1.825034] acpi PNP0A03:00: _OSC: OS now controls [PCIeHotplug PME PCIeCapability]
[    1.825035] acpi PNP0A03:00: FADT indicates ASPM is unsupported, using BIOS configuration
[    1.825168] PCI host bridge to bus 0000:7e
[    1.825169] pci_bus 0000:7e: root bus resource [bus 7e]
[    1.825178] pci 0000:7e:00.0: [8086:3450] type 00 class 0x088000
[    1.825249] pci 0000:7e:00.1: [8086:3451] type 00 class 0x088000
[    1.825307] pci 0000:7e:00.2: [8086:3452] type 00 class 0x088000
[    1.825375] pci 0000:7e:00.3: [8086:0998] type 00 class 0x060000
[    1.825431] pci 0000:7e:00.5: [8086:3455] type 00 class 0x088000
[    1.825492] pci 0000:7e:02.0: [8086:3440] type 00 class 0x088000
[    1.825618] pci 0000:7e:02.1: [8086:3441] type 00 class 0x088000
[    1.825725] pci 0000:7e:02.2: [8086:3442] type 00 class 0x088000
[    1.825832] pci 0000:7e:03.0: [8086:3440] type 00 class 0x088000
[    1.825924] pci 0000:7e:03.1: [8086:3441] type 00 class 0x088000
[    1.826001] pci 0000:7e:03.2: [8086:3442] type 00 class 0x088000
[    1.826082] pci 0000:7e:04.0: [8086:3440] type 00 class 0x088000
[    1.826203] pci 0000:7e:04.1: [8086:3441] type 00 class 0x088000
[    1.826317] pci 0000:7e:04.2: [8086:3442] type 00 class 0x088000
[    1.826432] pci 0000:7e:04.3: [8086:3443] type 00 class 0x088000
[    1.826550] pci 0000:7e:05.0: [8086:3445] type 00 class 0x088000
[    1.826677] pci 0000:7e:05.1: [8086:3446] type 00 class 0x088000
[    1.826785] pci 0000:7e:05.2: [8086:3447] type 00 class 0x088000
[    1.826898] pci 0000:7e:06.0: [8086:3445] type 00 class 0x088000
[    1.826992] pci 0000:7e:06.1: [8086:3446] type 00 class 0x088000
[    1.827068] pci 0000:7e:06.2: [8086:3447] type 00 class 0x088000
[    1.827152] pci 0000:7e:07.0: [8086:3445] type 00 class 0x088000
[    1.827286] pci 0000:7e:07.1: [8086:3446] type 00 class 0x088000
[    1.827404] pci 0000:7e:07.2: [8086:3447] type 00 class 0x088000
[    1.827519] pci 0000:7e:0b.0: [8086:3448] type 00 class 0x088000
[    1.827595] pci 0000:7e:0b.1: [8086:3448] type 00 class 0x088000
[    1.827662] pci 0000:7e:0b.2: [8086:344b] type 00 class 0x088000
[    1.827730] pci 0000:7e:0c.0: [8086:344a] type 00 class 0x110100
[    1.827833] pci 0000:7e:0d.0: [8086:344a] type 00 class 0x110100
[    1.827933] pci 0000:7e:0e.0: [8086:344a] type 00 class 0x110100
[    1.828077] pci 0000:7e:0f.0: [8086:344a] type 00 class 0x110100
[    1.828231] pci 0000:7e:1a.0: [8086:2880] type 00 class 0x110100
[    1.828331] pci 0000:7e:1b.0: [8086:2880] type 00 class 0x110100
[    1.828429] pci 0000:7e:1c.0: [8086:2880] type 00 class 0x110100
[    1.828585] pci 0000:7e:1d.0: [8086:2880] type 00 class 0x110100
[    1.828731] pci_bus 0000:7e: on NUMA node 0
[    1.828814] ACPI: PCI Root Bridge [UC07] (domain 0000 [bus 7f])
[    1.828816] acpi PNP0A03:01: _OSC: OS supports [ExtendedConfig ASPM ClockPM Segments MSI HPX-Type3]
[    1.828916] acpi PNP0A03:01: _OSC: platform does not support [SHPCHotplug AER LTR]
[    1.829097] acpi PNP0A03:01: _OSC: OS now controls [PCIeHotplug PME PCIeCapability]
[    1.829098] acpi PNP0A03:01: FADT indicates ASPM is unsupported, using BIOS configuration
[    1.829243] PCI host bridge to bus 0000:7f
[    1.829245] pci_bus 0000:7f: root bus resource [bus 7f]
[    1.829258] pci 0000:7f:00.0: [8086:344c] type 00 class 0x088000
[    1.829373] pci 0000:7f:00.1: [8086:344c] type 00 class 0x088000
[    1.829483] pci 0000:7f:00.2: [8086:344c] type 00 class 0x088000
[    1.829593] pci 0000:7f:00.3: [8086:344c] type 00 class 0x088000
[    1.829683] pci 0000:7f:00.4: [8086:344c] type 00 class 0x088000
[    1.829803] pci 0000:7f:00.5: [8086:344c] type 00 class 0x088000
[    1.829919] pci 0000:7f:00.6: [8086:344c] type 00 class 0x088000
[    1.830003] pci 0000:7f:00.7: [8086:344c] type 00 class 0x088000
[    1.830085] pci 0000:7f:01.0: [8086:344c] type 00 class 0x088000
[    1.830227] pci 0000:7f:01.1: [8086:344c] type 00 class 0x088000
[    1.830345] pci 0000:7f:01.2: [8086:344c] type 00 class 0x088000
[    1.830424] pci 0000:7f:01.3: [8086:344c] type 00 class 0x088000
[    1.830555] pci 0000:7f:01.4: [8086:344c] type 00 class 0x088000
[    1.830686] pci 0000:7f:01.5: [8086:344c] type 00 class 0x088000
[    1.830821] pci 0000:7f:01.6: [8086:344c] type 00 class 0x088000
[    1.830949] pci 0000:7f:01.7: [8086:344c] type 00 class 0x088000
[    1.831077] pci 0000:7f:02.0: [8086:344c] type 00 class 0x088000
[    1.831221] pci 0000:7f:02.1: [8086:344c] type 00 class 0x088000
[    1.831352] pci 0000:7f:02.2: [8086:344c] type 00 class 0x088000
[    1.831483] pci 0000:7f:02.3: [8086:344c] type 00 class 0x088000
[    1.831621] pci 0000:7f:02.4: [8086:344c] type 00 class 0x088000
[    1.831758] pci 0000:7f:02.5: [8086:344c] type 00 class 0x088000
[    1.831895] pci 0000:7f:02.6: [8086:344c] type 00 class 0x088000
[    1.832046] pci 0000:7f:02.7: [8086:344c] type 00 class 0x088000
[    1.832193] pci 0000:7f:03.0: [8086:344c] type 00 class 0x088000
[    1.832351] pci 0000:7f:03.1: [8086:344c] type 00 class 0x088000
[    1.832503] pci 0000:7f:03.2: [8086:344c] type 00 class 0x088000
[    1.832650] pci 0000:7f:03.3: [8086:344c] type 00 class 0x088000
[    1.832809] pci 0000:7f:0a.0: [8086:344d] type 00 class 0x088000
[    1.832922] pci 0000:7f:0a.1: [8086:344d] type 00 class 0x088000
[    1.833031] pci 0000:7f:0a.2: [8086:344d] type 00 class 0x088000
[    1.833145] pci 0000:7f:0a.3: [8086:344d] type 00 class 0x088000
[    1.833240] pci 0000:7f:0a.4: [8086:344d] type 00 class 0x088000
[    1.833360] pci 0000:7f:0a.5: [8086:344d] type 00 class 0x088000
[    1.833475] pci 0000:7f:0a.6: [8086:344d] type 00 class 0x088000
[    1.833554] pci 0000:7f:0a.7: [8086:344d] type 00 class 0x088000
[    1.833636] pci 0000:7f:0b.0: [8086:344d] type 00 class 0x088000
[    1.833779] pci 0000:7f:0b.1: [8086:344d] type 00 class 0x088000
[    1.833898] pci 0000:7f:0b.2: [8086:344d] type 00 class 0x088000
[    1.833981] pci 0000:7f:0b.3: [8086:344d] type 00 class 0x088000
[    1.834112] pci 0000:7f:0b.4: [8086:344d] type 00 class 0x088000
[    1.834244] pci 0000:7f:0b.5: [8086:344d] type 00 class 0x088000
[    1.834379] pci 0000:7f:0b.6: [8086:344d] type 00 class 0x088000
[    1.834499] pci 0000:7f:0b.7: [8086:344d] type 00 class 0x088000
[    1.834627] pci 0000:7f:0c.0: [8086:344d] type 00 class 0x088000
[    1.834770] pci 0000:7f:0c.1: [8086:344d] type 00 class 0x088000
[    1.834901] pci 0000:7f:0c.2: [8086:344d] type 00 class 0x088000
[    1.835038] pci 0000:7f:0c.3: [8086:344d] type 00 class 0x088000
[    1.835177] pci 0000:7f:0c.4: [8086:344d] type 00 class 0x088000
[    1.835316] pci 0000:7f:0c.5: [8086:344d] type 00 class 0x088000
[    1.835453] pci 0000:7f:0c.6: [8086:344d] type 00 class 0x088000
[    1.835600] pci 0000:7f:0c.7: [8086:344d] type 00 class 0x088000
[    1.835747] pci 0000:7f:0d.0: [8086:344d] type 00 class 0x088000
[    1.835914] pci 0000:7f:0d.1: [8086:344d] type 00 class 0x088000
[    1.836065] pci 0000:7f:0d.2: [8086:344d] type 00 class 0x088000
[    1.836218] pci 0000:7f:0d.3: [8086:344d] type 00 class 0x088000
[    1.836387] pci 0000:7f:1d.0: [8086:344f] type 00 class 0x088000
[    1.836510] pci 0000:7f:1d.1: [8086:3457] type 00 class 0x088000
[    1.836615] pci 0000:7f:1e.0: [8086:3458] type 00 class 0x088000
[    1.836695] pci 0000:7f:1e.1: [8086:3459] type 00 class 0x088000
[    1.836758] pci 0000:7f:1e.2: [8086:345a] type 00 class 0x088000
[    1.836821] pci 0000:7f:1e.3: [8086:345b] type 00 class 0x088000
[    1.836881] pci 0000:7f:1e.4: [8086:345c] type 00 class 0x088000
[    1.836948] pci 0000:7f:1e.5: [8086:345d] type 00 class 0x088000
[    1.837009] pci 0000:7f:1e.6: [8086:345e] type 00 class 0x088000
[    1.837069] pci 0000:7f:1e.7: [8086:345f] type 00 class 0x088000
[    1.837129] pci_bus 0000:7f: on NUMA node 0
[    1.837235] ACPI: PCI Root Bridge [PC06] (domain 0000 [bus 80])
[    1.837237] acpi PNP0A08:06: _OSC: OS supports [ExtendedConfig ASPM ClockPM Segments MSI HPX-Type3]
[    1.851705] acpi PNP0A08:06: _OSC: platform does not support [SHPCHotplug AER]
[    1.851918] acpi PNP0A08:06: _OSC: OS now controls [PCIeHotplug PME PCIeCapability LTR]
[    1.851919] acpi PNP0A08:06: FADT indicates ASPM is unsupported, using BIOS configuration
[    1.852067] PCI host bridge to bus 0000:80
[    1.852068] pci_bus 0000:80: root bus resource [io  0xb000-0xbfff window]
[    1.852069] pci_bus 0000:80: root bus resource [mem 0xc6800000-0xd0ffffff window]
[    1.852071] pci_bus 0000:80: root bus resource [mem 0x250000000000-0x25ffffffffff window]
[    1.852072] pci_bus 0000:80: root bus resource [bus 80]
[    1.852082] pci 0000:80:00.0: [8086:09a2] type 00 class 0x088000
[    1.852169] pci 0000:80:00.1: [8086:09a4] type 00 class 0x088000
[    1.852238] pci 0000:80:00.2: [8086:09a3] type 00 class 0x088000
[    1.852308] pci 0000:80:00.4: [8086:0998] type 00 class 0x060000
[    1.852378] pci 0000:80:02.0: [8086:09a6] type 00 class 0x088000
[    1.852387] pci 0000:80:02.0: reg 0x10: [mem 0xc6aa4000-0xc6aa5fff]
[    1.852451] pci 0000:80:02.1: [8086:09a7] type 00 class 0x088000
[    1.852460] pci 0000:80:02.1: reg 0x10: [mem 0xc6a00000-0xc6a7ffff]
[    1.852465] pci 0000:80:02.1: reg 0x14: [mem 0xc6980000-0xc69fffff]
[    1.852520] pci 0000:80:02.4: [8086:3456] type 00 class 0x130000
[    1.852531] pci 0000:80:02.4: reg 0x10: [mem 0xc6800000-0xc68fffff 64bit]
[    1.852539] pci 0000:80:02.4: reg 0x18: [mem 0xc6aa0000-0xc6aa3fff 64bit]
[    1.852546] pci 0000:80:02.4: reg 0x20: [mem 0xc6a80000-0xc6a9ffff 64bit]
[    1.852612] pci_bus 0000:80: on NUMA node 1
[    1.852692] ACPI: PCI Root Bridge [PC07] (domain 0000 [bus 81])
[    1.852694] acpi PNP0A08:07: _OSC: OS supports [ExtendedConfig ASPM ClockPM Segments MSI HPX-Type3]
[    1.867122] acpi PNP0A08:07: _OSC: platform does not support [SHPCHotplug AER]
[    1.867333] acpi PNP0A08:07: _OSC: OS now controls [PCIeHotplug PME PCIeCapability LTR]
[    1.867334] acpi PNP0A08:07: FADT indicates ASPM is unsupported, using BIOS configuration
[    1.867453] PCI host bridge to bus 0000:81
[    1.867454] pci_bus 0000:81: root bus resource [io  0xc000-0xcfff window]
[    1.867455] pci_bus 0000:81: root bus resource [mem 0xd1000000-0xdbbfffff window]
[    1.867456] pci_bus 0000:81: root bus resource [mem 0x260000000000-0x26ffffffffff window]
[    1.867458] pci_bus 0000:81: root bus resource [bus 81]
[    1.867467] pci 0000:81:00.0: [8086:09a2] type 00 class 0x088000
[    1.867536] pci 0000:81:00.1: [8086:09a4] type 00 class 0x088000
[    1.867603] pci 0000:81:00.2: [8086:09a3] type 00 class 0x088000
[    1.867671] pci 0000:81:00.4: [8086:0998] type 00 class 0x060000
[    1.867748] pci_bus 0000:81: on NUMA node 1
[    1.867822] ACPI: PCI Root Bridge [PC08] (domain 0000 [bus 82])
[    1.867824] acpi PNP0A08:08: _OSC: OS supports [ExtendedConfig ASPM ClockPM Segments MSI HPX-Type3]
[    1.882218] acpi PNP0A08:08: _OSC: platform does not support [SHPCHotplug AER]
[    1.882430] acpi PNP0A08:08: _OSC: OS now controls [PCIeHotplug PME PCIeCapability LTR]
[    1.882431] acpi PNP0A08:08: FADT indicates ASPM is unsupported, using BIOS configuration
[    1.882549] PCI host bridge to bus 0000:82
[    1.882550] pci_bus 0000:82: root bus resource [io  0xd000-0xdfff window]
[    1.882551] pci_bus 0000:82: root bus resource [mem 0xdbc00000-0xe67fffff window]
[    1.882552] pci_bus 0000:82: root bus resource [mem 0x270000000000-0x27ffffffffff window]
[    1.882554] pci_bus 0000:82: root bus resource [bus 82]
[    1.882564] pci 0000:82:00.0: [8086:09a2] type 00 class 0x088000
[    1.882634] pci 0000:82:00.1: [8086:09a4] type 00 class 0x088000
[    1.882706] pci 0000:82:00.2: [8086:09a3] type 00 class 0x088000
[    1.882774] pci 0000:82:00.4: [8086:0998] type 00 class 0x060000
[    1.882852] pci_bus 0000:82: on NUMA node 1
[    1.882958] ACPI: PCI Root Bridge [PC10] (domain 0000 [bus 83-f9])
[    1.882961] acpi PNP0A08:0a: _OSC: OS supports [ExtendedConfig ASPM ClockPM Segments MSI HPX-Type3]
[    1.897433] acpi PNP0A08:0a: _OSC: platform does not support [SHPCHotplug AER]
[    1.897644] acpi PNP0A08:0a: _OSC: OS now controls [PCIeHotplug PME PCIeCapability LTR]
[    1.897645] acpi PNP0A08:0a: FADT indicates ASPM is unsupported, using BIOS configuration
[    1.897771] PCI host bridge to bus 0000:83
[    1.897772] pci_bus 0000:83: root bus resource [io  0xe000-0xefff window]
[    1.897774] pci_bus 0000:83: root bus resource [mem 0xe6800000-0xf13fffff window]
[    1.897775] pci_bus 0000:83: root bus resource [mem 0x280000000000-0x28ffffffffff window]
[    1.897776] pci_bus 0000:83: root bus resource [bus 83-f9]
[    1.897786] pci 0000:83:00.0: [8086:09a2] type 00 class 0x088000
[    1.897856] pci 0000:83:00.1: [8086:09a4] type 00 class 0x088000
[    1.897923] pci 0000:83:00.2: [8086:09a3] type 00 class 0x088000
[    1.897992] pci 0000:83:00.4: [8086:0998] type 00 class 0x060000
[    1.898069] pci_bus 0000:83: on NUMA node 1
[    1.898143] ACPI: PCI Root Bridge [PC11] (domain 0000 [bus fa])
[    1.898146] acpi PNP0A08:0b: _OSC: OS supports [ExtendedConfig ASPM ClockPM Segments MSI HPX-Type3]
[    1.912545] acpi PNP0A08:0b: _OSC: platform does not support [SHPCHotplug AER]
[    1.912756] acpi PNP0A08:0b: _OSC: OS now controls [PCIeHotplug PME PCIeCapability LTR]
[    1.912757] acpi PNP0A08:0b: FADT indicates ASPM is unsupported, using BIOS configuration
[    1.912873] PCI host bridge to bus 0000:fa
[    1.912874] pci_bus 0000:fa: root bus resource [io  0xf000-0xffff window]
[    1.912876] pci_bus 0000:fa: root bus resource [mem 0xf1400000-0xfb7fffff window]
[    1.912877] pci_bus 0000:fa: root bus resource [mem 0x290000000000-0x29ffffffffff window]
[    1.912878] pci_bus 0000:fa: root bus resource [bus fa]
[    1.912888] pci 0000:fa:00.0: [8086:09a2] type 00 class 0x088000
[    1.912957] pci 0000:fa:00.1: [8086:09a4] type 00 class 0x088000
[    1.913030] pci 0000:fa:00.2: [8086:09a3] type 00 class 0x088000
[    1.913100] pci 0000:fa:00.4: [8086:0998] type 00 class 0x060000
[    1.913179] pci_bus 0000:fa: on NUMA node 1
[    1.913245] ACPI: PCI Root Bridge [UC16] (domain 0000 [bus fe])
[    1.913247] acpi PNP0A03:02: _OSC: OS supports [ExtendedConfig ASPM ClockPM Segments MSI HPX-Type3]
[    1.913344] acpi PNP0A03:02: _OSC: platform does not support [SHPCHotplug AER LTR]
[    1.913524] acpi PNP0A03:02: _OSC: OS now controls [PCIeHotplug PME PCIeCapability]
[    1.913525] acpi PNP0A03:02: FADT indicates ASPM is unsupported, using BIOS configuration
[    1.913658] PCI host bridge to bus 0000:fe
[    1.913659] pci_bus 0000:fe: root bus resource [bus fe]
[    1.913667] pci 0000:fe:00.0: [8086:3450] type 00 class 0x088000
[    1.913742] pci 0000:fe:00.1: [8086:3451] type 00 class 0x088000
[    1.913801] pci 0000:fe:00.2: [8086:3452] type 00 class 0x088000
[    1.913859] pci 0000:fe:00.3: [8086:0998] type 00 class 0x060000
[    1.913919] pci 0000:fe:00.5: [8086:3455] type 00 class 0x088000
[    1.913986] pci 0000:fe:02.0: [8086:3440] type 00 class 0x088000
[    1.914126] pci 0000:fe:02.1: [8086:3441] type 00 class 0x088000
[    1.914238] pci 0000:fe:02.2: [8086:3442] type 00 class 0x088000
[    1.914349] pci 0000:fe:03.0: [8086:3440] type 00 class 0x088000
[    1.914447] pci 0000:fe:03.1: [8086:3441] type 00 class 0x088000
[    1.914525] pci 0000:fe:03.2: [8086:3442] type 00 class 0x088000
[    1.914612] pci 0000:fe:04.0: [8086:3440] type 00 class 0x088000
[    1.914735] pci 0000:fe:04.1: [8086:3441] type 00 class 0x088000
[    1.914857] pci 0000:fe:04.2: [8086:3442] type 00 class 0x088000
[    1.914989] pci 0000:fe:04.3: [8086:3443] type 00 class 0x088000
[    1.915112] pci 0000:fe:05.0: [8086:3445] type 00 class 0x088000
[    1.915243] pci 0000:fe:05.1: [8086:3446] type 00 class 0x088000
[    1.915359] pci 0000:fe:05.2: [8086:3447] type 00 class 0x088000
[    1.915473] pci 0000:fe:06.0: [8086:3445] type 00 class 0x088000
[    1.915570] pci 0000:fe:06.1: [8086:3446] type 00 class 0x088000
[    1.915652] pci 0000:fe:06.2: [8086:3447] type 00 class 0x088000
[    1.915742] pci 0000:fe:07.0: [8086:3445] type 00 class 0x088000
[    1.915885] pci 0000:fe:07.1: [8086:3446] type 00 class 0x088000
[    1.916009] pci 0000:fe:07.2: [8086:3447] type 00 class 0x088000
[    1.916129] pci 0000:fe:0b.0: [8086:3448] type 00 class 0x088000
[    1.916211] pci 0000:fe:0b.1: [8086:3448] type 00 class 0x088000
[    1.916276] pci 0000:fe:0b.2: [8086:344b] type 00 class 0x088000
[    1.916349] pci 0000:fe:0c.0: [8086:344a] type 00 class 0x110100
[    1.916457] pci 0000:fe:0d.0: [8086:344a] type 00 class 0x110100
[    1.916561] pci 0000:fe:0e.0: [8086:344a] type 00 class 0x110100
[    1.916717] pci 0000:fe:0f.0: [8086:344a] type 00 class 0x110100
[    1.916877] pci 0000:fe:1a.0: [8086:2880] type 00 class 0x110100
[    1.916982] pci 0000:fe:1b.0: [8086:2880] type 00 class 0x110100
[    1.917084] pci 0000:fe:1c.0: [8086:2880] type 00 class 0x110100
[    1.917240] pci 0000:fe:1d.0: [8086:2880] type 00 class 0x110100
[    1.917392] pci_bus 0000:fe: on NUMA node 1
[    1.917474] ACPI: PCI Root Bridge [UC17] (domain 0000 [bus ff])
[    1.917476] acpi PNP0A03:03: _OSC: OS supports [ExtendedConfig ASPM ClockPM Segments MSI HPX-Type3]
[    1.917576] acpi PNP0A03:03: _OSC: platform does not support [SHPCHotplug AER LTR]
[    1.917756] acpi PNP0A03:03: _OSC: OS now controls [PCIeHotplug PME PCIeCapability]
[    1.917757] acpi PNP0A03:03: FADT indicates ASPM is unsupported, using BIOS configuration
[    1.917906] PCI host bridge to bus 0000:ff
[    1.917907] pci_bus 0000:ff: root bus resource [bus ff]
[    1.917921] pci 0000:ff:00.0: [8086:344c] type 00 class 0x088000
[    1.918041] pci 0000:ff:00.1: [8086:344c] type 00 class 0x088000
[    1.918154] pci 0000:ff:00.2: [8086:344c] type 00 class 0x088000
[    1.918259] pci 0000:ff:00.3: [8086:344c] type 00 class 0x088000
[    1.918379] pci 0000:ff:00.4: [8086:344c] type 00 class 0x088000
[    1.918495] pci 0000:ff:00.5: [8086:344c] type 00 class 0x088000
[    1.918591] pci 0000:ff:00.6: [8086:344c] type 00 class 0x088000
[    1.918716] pci 0000:ff:00.7: [8086:344c] type 00 class 0x088000
[    1.918843] pci 0000:ff:01.0: [8086:344c] type 00 class 0x088000
[    1.918991] pci 0000:ff:01.1: [8086:344c] type 00 class 0x088000
[    1.919115] pci 0000:ff:01.2: [8086:344c] type 00 class 0x088000
[    1.919203] pci 0000:ff:01.3: [8086:344c] type 00 class 0x088000
[    1.919339] pci 0000:ff:01.4: [8086:344c] type 00 class 0x088000
[    1.919475] pci 0000:ff:01.5: [8086:344c] type 00 class 0x088000
[    1.919616] pci 0000:ff:01.6: [8086:344c] type 00 class 0x088000
[    1.919741] pci 0000:ff:01.7: [8086:344c] type 00 class 0x088000
[    1.919874] pci 0000:ff:02.0: [8086:344c] type 00 class 0x088000
[    1.920026] pci 0000:ff:02.1: [8086:344c] type 00 class 0x088000
[    1.920157] pci 0000:ff:02.2: [8086:344c] type 00 class 0x088000
[    1.920300] pci 0000:ff:02.3: [8086:344c] type 00 class 0x088000
[    1.920436] pci 0000:ff:02.4: [8086:344c] type 00 class 0x088000
[    1.920572] pci 0000:ff:02.5: [8086:344c] type 00 class 0x088000
[    1.920716] pci 0000:ff:02.6: [8086:344c] type 00 class 0x088000
[    1.920859] pci 0000:ff:02.7: [8086:344c] type 00 class 0x088000
[    1.921010] pci 0000:ff:03.0: [8086:344c] type 00 class 0x088000
[    1.921177] pci 0000:ff:03.1: [8086:344c] type 00 class 0x088000
[    1.921326] pci 0000:ff:03.2: [8086:344c] type 00 class 0x088000
[    1.921491] pci 0000:ff:03.3: [8086:344c] type 00 class 0x088000
[    1.921656] pci 0000:ff:0a.0: [8086:344d] type 00 class 0x088000
[    1.921774] pci 0000:ff:0a.1: [8086:344d] type 00 class 0x088000
[    1.921887] pci 0000:ff:0a.2: [8086:344d] type 00 class 0x088000
[    1.921987] pci 0000:ff:0a.3: [8086:344d] type 00 class 0x088000
[    1.922107] pci 0000:ff:0a.4: [8086:344d] type 00 class 0x088000
[    1.922224] pci 0000:ff:0a.5: [8086:344d] type 00 class 0x088000
[    1.922318] pci 0000:ff:0a.6: [8086:344d] type 00 class 0x088000
[    1.922449] pci 0000:ff:0a.7: [8086:344d] type 00 class 0x088000
[    1.922576] pci 0000:ff:0b.0: [8086:344d] type 00 class 0x088000
[    1.922723] pci 0000:ff:0b.1: [8086:344d] type 00 class 0x088000
[    1.922846] pci 0000:ff:0b.2: [8086:344d] type 00 class 0x088000
[    1.922930] pci 0000:ff:0b.3: [8086:344d] type 00 class 0x088000
[    1.923068] pci 0000:ff:0b.4: [8086:344d] type 00 class 0x088000
[    1.923204] pci 0000:ff:0b.5: [8086:344d] type 00 class 0x088000
[    1.923345] pci 0000:ff:0b.6: [8086:344d] type 00 class 0x088000
[    1.923477] pci 0000:ff:0b.7: [8086:344d] type 00 class 0x088000
[    1.923610] pci 0000:ff:0c.0: [8086:344d] type 00 class 0x088000
[    1.923758] pci 0000:ff:0c.1: [8086:344d] type 00 class 0x088000
[    1.923890] pci 0000:ff:0c.2: [8086:344d] type 00 class 0x088000
[    1.924028] pci 0000:ff:0c.3: [8086:344d] type 00 class 0x088000
[    1.924165] pci 0000:ff:0c.4: [8086:344d] type 00 class 0x088000
[    1.924302] pci 0000:ff:0c.5: [8086:344d] type 00 class 0x088000
[    1.924446] pci 0000:ff:0c.6: [8086:344d] type 00 class 0x088000
[    1.924593] pci 0000:ff:0c.7: [8086:344d] type 00 class 0x088000
[    1.924745] pci 0000:ff:0d.0: [8086:344d] type 00 class 0x088000
[    1.924912] pci 0000:ff:0d.1: [8086:344d] type 00 class 0x088000
[    1.925060] pci 0000:ff:0d.2: [8086:344d] type 00 class 0x088000
[    1.925228] pci 0000:ff:0d.3: [8086:344d] type 00 class 0x088000
[    1.925402] pci 0000:ff:1d.0: [8086:344f] type 00 class 0x088000
[    1.925530] pci 0000:ff:1d.1: [8086:3457] type 00 class 0x088000
[    1.925642] pci 0000:ff:1e.0: [8086:3458] type 00 class 0x088000
[    1.925727] pci 0000:ff:1e.1: [8086:3459] type 00 class 0x088000
[    1.925793] pci 0000:ff:1e.2: [8086:345a] type 00 class 0x088000
[    1.925857] pci 0000:ff:1e.3: [8086:345b] type 00 class 0x088000
[    1.925922] pci 0000:ff:1e.4: [8086:345c] type 00 class 0x088000
[    1.925986] pci 0000:ff:1e.5: [8086:345d] type 00 class 0x088000
[    1.926050] pci 0000:ff:1e.6: [8086:345e] type 00 class 0x088000
[    1.926117] pci 0000:ff:1e.7: [8086:345f] type 00 class 0x088000
[    1.926179] pci_bus 0000:ff: on NUMA node 1
[    1.930657] iommu: Default domain type: Translated 
[    1.930657] iommu: DMA domain TLB invalidation policy: lazy mode 
[    1.930848] SCSI subsystem initialized
[    1.930890] libata version 3.00 loaded.
[    1.930890] ACPI: bus type USB registered
[    1.930890] usbcore: registered new interface driver usbfs
[    1.930890] usbcore: registered new interface driver hub
[    1.930890] usbcore: registered new device driver usb
[    1.930890] pps_core: LinuxPPS API ver. 1 registered
[    1.930890] pps_core: Software ver. 5.3.6 - Copyright 2005-2007 Rodolfo Giometti <giometti@linux.it>
[    1.930890] PTP clock support registered
[    1.930890] EDAC MC: Ver: 3.0.0
[    1.931329] Registered efivars operations
[    1.931329] NetLabel: Initializing
[    1.931329] NetLabel:  domain hash size = 128
[    1.931329] NetLabel:  protocols = UNLABELED CIPSOv4 CALIPSO
[    1.931329] NetLabel:  unlabeled traffic allowed by default
[    1.931329] PCI: Using ACPI for IRQ routing
[    1.932248] PCI: pci_cache_line_size set to 64 bytes
[    1.932809] e820: reserve RAM buffer [mem 0x0008f000-0x0008ffff]
[    1.932811] e820: reserve RAM buffer [mem 0x46cc4020-0x47ffffff]
[    1.932813] e820: reserve RAM buffer [mem 0x46cf6020-0x47ffffff]
[    1.932814] e820: reserve RAM buffer [mem 0x46d29020-0x47ffffff]
[    1.932815] e820: reserve RAM buffer [mem 0x46d5c020-0x47ffffff]
[    1.932815] e820: reserve RAM buffer [mem 0x49e77000-0x4bffffff]
[    1.932816] e820: reserve RAM buffer [mem 0x4b2cf000-0x4bffffff]
[    1.932817] e820: reserve RAM buffer [mem 0x4bd94000-0x4bffffff]
[    1.932818] e820: reserve RAM buffer [mem 0x4ce00000-0x4fffffff]
[    1.932819] e820: reserve RAM buffer [mem 0x5eefe000-0x5fffffff]
[    1.932820] e820: reserve RAM buffer [mem 0x6f800000-0x6fffffff]
[    1.934642] pci 0000:03:00.0: vgaarb: setting as boot VGA device
[    1.934642] pci 0000:03:00.0: vgaarb: bridge control possible
[    1.934642] pci 0000:03:00.0: vgaarb: VGA device added: decodes=io+mem,owns=io+mem,locks=none
[    1.934642] vgaarb: loaded
[    1.935929] hpet0: at MMIO 0xfed00000, IRQs 2, 8, 0, 0, 0, 0, 0, 0
[    1.935936] hpet0: 8 comparators, 64-bit 24.000000 MHz counter
[    1.939872] clocksource: Switched to clocksource tsc-early
[    1.947973] VFS: Disk quotas dquot_6.6.0
[    1.948008] VFS: Dquot-cache hash table entries: 512 (order 0, 4096 bytes)
[    1.948150] AppArmor: AppArmor Filesystem Enabled
[    1.948162] pnp: PnP ACPI init
[    1.964329] system 00:01: [io  0x0500-0x05fe] has been reserved
[    1.964332] system 00:01: [io  0x0400-0x041f] has been reserved
[    1.964333] system 00:01: [io  0x0600-0x061f] has been reserved
[    1.964335] system 00:01: [io  0x0ca0-0x0ca1] has been reserved
[    1.964336] system 00:01: [io  0x0ca4-0x0ca6] has been reserved
[    1.964338] system 00:01: [mem 0xff000000-0xffffffff] has been reserved
[    1.964942] system 00:04: [mem 0xfd000000-0xfdabffff] has been reserved
[    1.964945] system 00:04: [mem 0xfdad0000-0xfdadffff] has been reserved
[    1.964946] system 00:04: [mem 0xfdb00000-0xfdffffff] has been reserved
[    1.964948] system 00:04: [mem 0xfe000000-0xfe00ffff] has been reserved
[    1.964950] system 00:04: [mem 0xfe011000-0xfe01ffff] has been reserved
[    1.964951] system 00:04: [mem 0xfe036000-0xfe03bfff] has been reserved
[    1.964953] system 00:04: [mem 0xfe03d000-0xfe3fffff] has been reserved
[    1.964954] system 00:04: [mem 0xfe410000-0xfe7fffff] has been reserved
[    1.965278] system 00:05: [io  0x1000-0x10fe] has been reserved
[    1.966303] pnp: PnP ACPI: found 6 devices
[    1.972059] clocksource: acpi_pm: mask: 0xffffff max_cycles: 0xffffff, max_idle_ns: 2085701024 ns
[    1.972138] NET: Registered PF_INET protocol family
[    1.972469] IP idents hash table entries: 262144 (order: 9, 2097152 bytes, vmalloc)
[    1.974648] tcp_listen_portaddr_hash hash table entries: 16384 (order: 6, 262144 bytes, vmalloc)
[    1.975016] TCP established hash table entries: 262144 (order: 9, 2097152 bytes, vmalloc)
[    1.975396] TCP bind hash table entries: 65536 (order: 8, 1048576 bytes, vmalloc)
[    1.975458] TCP: Hash tables configured (established 262144 bind 65536)
[    1.975677] UDP hash table entries: 16384 (order: 7, 524288 bytes, vmalloc)
[    1.975786] UDP-Lite hash table entries: 16384 (order: 7, 524288 bytes, vmalloc)
[    1.975955] NET: Registered PF_UNIX/PF_LOCAL protocol family
[    1.975961] NET: Registered PF_XDP protocol family
[    1.975967] pci 0000:04:00.0: can't claim BAR 6 [mem 0xfffc0000-0xffffffff pref]: no compatible bridge window
[    1.975970] pci 0000:04:00.1: can't claim BAR 6 [mem 0xfffc0000-0xffffffff pref]: no compatible bridge window
[    1.975972] pci 0000:17:00.0: can't claim BAR 6 [mem 0xfff00000-0xffffffff pref]: no compatible bridge window
[    1.975986] pci 0000:00:1c.5: BAR 14: assigned [mem 0x90000000-0x900fffff]
[    1.975989] pci 0000:00:1c.0: PCI bridge to [bus 01]
[    1.976000] pci 0000:02:00.0: PCI bridge to [bus 03]
[    1.976004] pci 0000:02:00.0:   bridge window [mem 0x92000000-0x928fffff]
[    1.976008] pci 0000:02:00.0:   bridge window [mem 0x91000000-0x91ffffff 64bit pref]
[    1.976015] pci 0000:00:1c.4: PCI bridge to [bus 02-03]
[    1.976018] pci 0000:00:1c.4:   bridge window [mem 0x92000000-0x928fffff]
[    1.976021] pci 0000:00:1c.4:   bridge window [mem 0x91000000-0x91ffffff 64bit pref]
[    1.976026] pci 0000:04:00.0: BAR 6: assigned [mem 0x90000000-0x9003ffff pref]
[    1.976028] pci 0000:04:00.1: BAR 6: assigned [mem 0x90040000-0x9007ffff pref]
[    1.976030] pci 0000:00:1c.5: PCI bridge to [bus 04]
[    1.976033] pci 0000:00:1c.5:   bridge window [mem 0x90000000-0x900fffff]
[    1.976035] pci 0000:00:1c.5:   bridge window [mem 0x92900000-0x929fffff 64bit pref]
[    1.976040] pci_bus 0000:00: resource 4 [io  0x0000-0x0cf7 window]
[    1.976042] pci_bus 0000:00: resource 5 [io  0x1000-0x4fff window]
[    1.976043] pci_bus 0000:00: resource 6 [mem 0x000a0000-0x000bffff window]
[    1.976045] pci_bus 0000:00: resource 7 [mem 0x000c8000-0x000cffff window]
[    1.976046] pci_bus 0000:00: resource 8 [mem 0xfe010000-0xfe010fff window]
[    1.976047] pci_bus 0000:00: resource 9 [mem 0x90000000-0x9b7fffff window]
[    1.976049] pci_bus 0000:00: resource 10 [mem 0x200000000000-0x20ffffffffff window]
[    1.976051] pci_bus 0000:02: resource 1 [mem 0x92000000-0x928fffff]
[    1.976052] pci_bus 0000:02: resource 2 [mem 0x91000000-0x91ffffff 64bit pref]
[    1.976053] pci_bus 0000:03: resource 1 [mem 0x92000000-0x928fffff]
[    1.976055] pci_bus 0000:03: resource 2 [mem 0x91000000-0x91ffffff 64bit pref]
[    1.976056] pci_bus 0000:04: resource 1 [mem 0x90000000-0x900fffff]
[    1.976057] pci_bus 0000:04: resource 2 [mem 0x92900000-0x929fffff 64bit pref]
[    1.976133] pci 0000:17:00.0: BAR 6: no space for [mem size 0x00100000 pref]
[    1.976134] pci 0000:17:00.0: BAR 6: failed to assign [mem size 0x00100000 pref]
[    1.976136] pci 0000:16:02.0: PCI bridge to [bus 17]
[    1.976138] pci 0000:16:02.0:   bridge window [io  0x5000-0x5fff]
[    1.976140] pci 0000:16:02.0:   bridge window [mem 0x9ba00000-0x9bafffff]
[    1.976143] pci 0000:16:02.0:   bridge window [mem 0x9b800000-0x9b9fffff 64bit pref]
[    1.976146] pci_bus 0000:16: resource 4 [io  0x5000-0x6fff window]
[    1.976147] pci_bus 0000:16: resource 5 [mem 0x9b800000-0xa63fffff window]
[    1.976148] pci_bus 0000:16: resource 6 [mem 0x210000000000-0x21ffffffffff window]
[    1.976150] pci_bus 0000:17: resource 0 [io  0x5000-0x5fff]
[    1.976151] pci_bus 0000:17: resource 1 [mem 0x9ba00000-0x9bafffff]
[    1.976152] pci_bus 0000:17: resource 2 [mem 0x9b800000-0x9b9fffff 64bit pref]
[    1.976158] pci_bus 0000:30: resource 4 [io  0x7000-0x8fff window]
[    1.976159] pci_bus 0000:30: resource 5 [mem 0xa6400000-0xb0ffffff window]
[    1.976160] pci_bus 0000:30: resource 6 [mem 0x220000000000-0x22ffffffffff window]
[    1.976166] pci_bus 0000:4a: resource 4 [io  0x9000-0x9fff window]
[    1.976167] pci_bus 0000:4a: resource 5 [mem 0xb1000000-0xbbbfffff window]
[    1.976168] pci_bus 0000:4a: resource 6 [mem 0x230000000000-0x23ffffffffff window]
