pgmigrate_success 6887380
pgmigrate_fail 17762759
thp_fault_alloc 0
thp_fault_fallback 0
thp_collapse_alloc 0
thp_collapse_alloc_failed 0
thp_file_alloc 0
thp_file_mapped 0
thp_split_page 0
thp_split_page_failed 0
thp_deferred_split_page 0
thp_split_pmd 0
thp_split_pud 0
thp_zero_page_alloc 0
thp_zero_page_alloc_failed 0
thp_swpout 0
thp_swpout_fallback 0
MemTotal:       561495240 kB
MemFree:        540517552 kB
MemAvailable:   539404716 kB
Buffers:           84180 kB
Cached:           424424 kB
SwapCached:            4 kB
Active:           152732 kB
Inactive:         997472 kB
Active(anon):      62608 kB
Inactive(anon):   997472 kB
Active(file):      90124 kB
Inactive(file):        0 kB
Unevictable:           0 kB
Mlocked:               0 kB
SwapTotal:       2097148 kB
SwapFree:        2096124 kB
Dirty:              2264 kB
Writeback:             0 kB
AnonPages:       1054648 kB
Mapped:           386232 kB
Shmem:              6208 kB
KReclaimable:     299456 kB
Slab:             703032 kB
SReclaimable:     299456 kB
SUnreclaim:       403576 kB
KernelStack:       32400 kB
PageTables:        34200 kB
NFS_Unstable:          0 kB
Bounce:                0 kB
WritebackTmp:          0 kB
CommitLimit:    282844768 kB
Committed_AS:    6811032 kB
VmallocTotal:   34359738367 kB
VmallocUsed:      157044 kB
VmallocChunk:          0 kB
Percpu:           118720 kB
HardwareCorrupted:     0 kB
AnonHugePages:         0 kB
ShmemHugePages:        0 kB
ShmemPmdMapped:        0 kB
CmaTotal:              0 kB
CmaFree:               0 kB
HugePages_Total:       0
HugePages_Free:        0
HugePages_Rsvd:        0
HugePages_Surp:        0
Hugepagesize:       2048 kB
Hugetlb:               0 kB
DirectMap4k:      863720 kB
DirectMap2M:     9058304 kB
DirectMap1G:    1181745152 kB
pgmigrate_success 11666296
pgmigrate_fail 37739906
thp_fault_alloc 0
thp_fault_fallback 0
thp_collapse_alloc 0
thp_collapse_alloc_failed 0
thp_file_alloc 0
thp_file_mapped 0
thp_split_page 0
thp_split_page_failed 0
thp_deferred_split_page 0
thp_split_pmd 0
thp_split_pud 0
thp_zero_page_alloc 0
thp_zero_page_alloc_failed 0
thp_swpout 0
thp_swpout_fallback 0
MemTotal:       561495240 kB
MemFree:        540790500 kB
MemAvailable:   539626808 kB
Buffers:           60004 kB
Cached:           378640 kB
SwapCached:            8 kB
Active:            73196 kB
Inactive:         983392 kB
Active(anon):      53112 kB
Inactive(anon):   983392 kB
Active(file):      20084 kB
Inactive(file):        0 kB
Unevictable:           0 kB
Mlocked:               0 kB
SwapTotal:       2097148 kB
SwapFree:        2095612 kB
Dirty:                 4 kB
Writeback:             0 kB
AnonPages:       1036356 kB
Mapped:           371384 kB
Shmem:              6208 kB
KReclaimable:     267784 kB
Slab:             681928 kB
SReclaimable:     267784 kB
SUnreclaim:       414144 kB
KernelStack:       32016 kB
PageTables:        33636 kB
NFS_Unstable:          0 kB
Bounce:                0 kB
WritebackTmp:          0 kB
CommitLimit:    282844768 kB
Committed_AS:    6867952 kB
VmallocTotal:   34359738367 kB
VmallocUsed:      156940 kB
VmallocChunk:          0 kB
Percpu:           118720 kB
HardwareCorrupted:     0 kB
AnonHugePages:         0 kB
ShmemHugePages:        0 kB
ShmemPmdMapped:        0 kB
CmaTotal:              0 kB
CmaFree:               0 kB
HugePages_Total:       0
HugePages_Free:        0
HugePages_Rsvd:        0
HugePages_Surp:        0
Hugepagesize:       2048 kB
Hugetlb:               0 kB
DirectMap4k:      863720 kB
DirectMap2M:     9058304 kB
DirectMap1G:    1181745152 kB
