pgmigrate_success 1047203
pgmigrate_fail 18623
thp_fault_alloc 0
thp_fault_fallback 0
thp_collapse_alloc 0
thp_collapse_alloc_failed 0
thp_file_alloc 0
thp_file_mapped 0
thp_split_page 0
thp_split_page_failed 0
thp_deferred_split_page 0
thp_split_pmd 0
thp_split_pud 0
thp_zero_page_alloc 0
thp_zero_page_alloc_failed 0
thp_swpout 0
thp_swpout_fallback 0
MemTotal:       561495240 kB
MemFree:        540932392 kB
MemAvailable:   539867288 kB
Buffers:            6076 kB
Cached:           374136 kB
SwapCached:            4 kB
Active:            46236 kB
Inactive:        1210168 kB
Active(anon):      29804 kB
Inactive(anon):  1005132 kB
Active(file):      16432 kB
Inactive(file):   205036 kB
Unevictable:           0 kB
Mlocked:               0 kB
SwapTotal:       2097148 kB
SwapFree:        2096892 kB
Dirty:                 8 kB
Writeback:             0 kB
AnonPages:       1029576 kB
Mapped:           371328 kB
Shmem:              6212 kB
KReclaimable:     263576 kB
Slab:             643876 kB
SReclaimable:     263576 kB
SUnreclaim:       380300 kB
KernelStack:       32368 kB
PageTables:        33020 kB
NFS_Unstable:          0 kB
Bounce:                0 kB
WritebackTmp:          0 kB
CommitLimit:    282844768 kB
Committed_AS:    6693064 kB
VmallocTotal:   34359738367 kB
VmallocUsed:      157732 kB
VmallocChunk:          0 kB
Percpu:           118720 kB
HardwareCorrupted:     0 kB
AnonHugePages:         0 kB
ShmemHugePages:        0 kB
ShmemPmdMapped:        0 kB
CmaTotal:              0 kB
CmaFree:               0 kB
HugePages_Total:       0
HugePages_Free:        0
HugePages_Rsvd:        0
HugePages_Surp:        0
Hugepagesize:       2048 kB
Hugetlb:               0 kB
DirectMap4k:      863720 kB
DirectMap2M:     9058304 kB
DirectMap1G:    1181745152 kB
pgmigrate_success 6895586
pgmigrate_fail 17762768
thp_fault_alloc 0
thp_fault_fallback 0
thp_collapse_alloc 0
thp_collapse_alloc_failed 0
thp_file_alloc 0
thp_file_mapped 0
thp_split_page 0
thp_split_page_failed 0
thp_deferred_split_page 0
thp_split_pmd 0
thp_split_pud 0
thp_zero_page_alloc 0
thp_zero_page_alloc_failed 0
thp_swpout 0
thp_swpout_fallback 0
MemTotal:       561495240 kB
MemFree:        540817504 kB
MemAvailable:   539669264 kB
Buffers:            6128 kB
Cached:           374956 kB
SwapCached:            4 kB
Active:            78728 kB
Inactive:         976736 kB
Active(anon):      58240 kB
Inactive(anon):   976736 kB
Active(file):      20488 kB
Inactive(file):        0 kB
Unevictable:           0 kB
Mlocked:               0 kB
SwapTotal:       2097148 kB
SwapFree:        2096124 kB
Dirty:                 8 kB
Writeback:             0 kB
AnonPages:       1030860 kB
Mapped:           371312 kB
Shmem:              6208 kB
KReclaimable:     298284 kB
Slab:             702360 kB
SReclaimable:     298284 kB
SUnreclaim:       404076 kB
KernelStack:       31872 kB
PageTables:        33272 kB
NFS_Unstable:          0 kB
Bounce:                0 kB
WritebackTmp:          0 kB
CommitLimit:    282844768 kB
Committed_AS:    6716048 kB
VmallocTotal:   34359738367 kB
VmallocUsed:      156788 kB
VmallocChunk:          0 kB
Percpu:           118720 kB
HardwareCorrupted:     0 kB
AnonHugePages:         0 kB
ShmemHugePages:        0 kB
ShmemPmdMapped:        0 kB
CmaTotal:              0 kB
CmaFree:               0 kB
HugePages_Total:       0
HugePages_Free:        0
HugePages_Rsvd:        0
HugePages_Surp:        0
Hugepagesize:       2048 kB
Hugetlb:               0 kB
DirectMap4k:      863720 kB
DirectMap2M:     9058304 kB
DirectMap1G:    1181745152 kB
