2024年 06月 18日 星期二 21:26:14 CST
pgmigrate_success 8132
pgmigrate_fail 0
pgmigrate_dst_node_full_fail 0
pgmigrate_numa_isolate_fail 0
pgmigrate_nomem_fail 0
pgmigrate_refcount_fail 0
thp_fault_alloc 0
thp_fault_fallback 0
thp_collapse_alloc 0
thp_collapse_alloc_failed 0
thp_file_alloc 0
thp_file_mapped 0
thp_split_page 0
thp_split_page_failed 0
thp_deferred_split_page 0
thp_split_pmd 0
thp_split_pud 0
thp_zero_page_alloc 0
thp_zero_page_alloc_failed 0
thp_swpout 0
thp_swpout_fallback 0
MemTotal:       1085009292 kB
MemFree:        1054139912 kB
MemAvailable:   1052028328 kB
Buffers:            6108 kB
Cached:           375656 kB
SwapCached:            0 kB
Active:           645028 kB
Inactive:         326856 kB
Active(anon):     574564 kB
Inactive(anon):    21908 kB
Active(file):      70464 kB
Inactive(file):   304948 kB
Unevictable:           0 kB
Mlocked:               0 kB
SwapTotal:       2097148 kB
SwapFree:        2097148 kB
Dirty:               344 kB
Writeback:             0 kB
AnonPages:        590456 kB
Mapped:           371536 kB
Shmem:              6208 kB
KReclaimable:     231632 kB
Slab:             605788 kB
SReclaimable:     231632 kB
SUnreclaim:       374156 kB
KernelStack:       33696 kB
PageTables:        28256 kB
NFS_Unstable:          0 kB
Bounce:                0 kB
WritebackTmp:          0 kB
CommitLimit:    544601792 kB
Committed_AS:    6689672 kB
VmallocTotal:   34359738367 kB
VmallocUsed:      105244 kB
VmallocChunk:          0 kB
Percpu:           121408 kB
HardwareCorrupted:     0 kB
AnonHugePages:         0 kB
ShmemHugePages:        0 kB
ShmemPmdMapped:        0 kB
CmaTotal:              0 kB
CmaFree:               0 kB
HugePages_Total:       0
HugePages_Free:        0
HugePages_Rsvd:        0
HugePages_Surp:        0
Hugepagesize:       2048 kB
Hugetlb:               0 kB
DirectMap4k:     1093096 kB
DirectMap2M:     9877504 kB
DirectMap1G:    1178599424 kB
2024年 06月 18日 星期二 21:29:36 CST
pgmigrate_success 609359
pgmigrate_fail 20063745
pgmigrate_dst_node_full_fail 20049412
pgmigrate_numa_isolate_fail 0
pgmigrate_nomem_fail 1
pgmigrate_refcount_fail 0
thp_fault_alloc 61109
thp_fault_fallback 0
thp_collapse_alloc 10
thp_collapse_alloc_failed 1
thp_file_alloc 0
thp_file_mapped 0
thp_split_page 0
thp_split_page_failed 0
thp_deferred_split_page 62221
thp_split_pmd 14
thp_split_pud 0
thp_zero_page_alloc 2
thp_zero_page_alloc_failed 0
thp_swpout 0
thp_swpout_fallback 0
MemTotal:       1085009292 kB
MemFree:        1042070696 kB
MemAvailable:   1050912100 kB
Buffers:           81072 kB
Cached:         12229256 kB
SwapCached:         1080 kB
Active:           386464 kB
Inactive:       12521696 kB
Active(anon):     131896 kB
Inactive(anon):   470856 kB
Active(file):     254568 kB
Inactive(file): 12050840 kB
Unevictable:           0 kB
Mlocked:               0 kB
SwapTotal:       2097148 kB
SwapFree:        2070012 kB
Dirty:               264 kB
Writeback:             0 kB
AnonPages:        597748 kB
Mapped:           241316 kB
Shmem:              4660 kB
KReclaimable:     346596 kB
Slab:             742212 kB
SReclaimable:     346596 kB
SUnreclaim:       395616 kB
KernelStack:       33968 kB
PageTables:        29356 kB
NFS_Unstable:          0 kB
Bounce:                0 kB
WritebackTmp:          0 kB
CommitLimit:    544601792 kB
Committed_AS:    6019616 kB
VmallocTotal:   34359738367 kB
VmallocUsed:      105636 kB
VmallocChunk:          0 kB
Percpu:           121408 kB
HardwareCorrupted:     0 kB
AnonHugePages:    276480 kB
ShmemHugePages:        0 kB
ShmemPmdMapped:        0 kB
CmaTotal:              0 kB
CmaFree:               0 kB
HugePages_Total:       0
HugePages_Free:        0
HugePages_Rsvd:        0
HugePages_Surp:        0
Hugepagesize:       2048 kB
Hugetlb:               0 kB
DirectMap4k:     1093096 kB
DirectMap2M:     9877504 kB
DirectMap1G:    1178599424 kB
