2024年 06月 12日 星期三 11:25:09 CST
pgmigrate_success 10186
pgmigrate_fail 0
pgmigrate_dst_node_full_fail 0
pgmigrate_numa_isolate_fail 12
pgmigrate_nomem_fail 0
pgmigrate_refcount_fail 0
thp_fault_alloc 0
thp_fault_fallback 0
thp_collapse_alloc 0
thp_collapse_alloc_failed 0
thp_file_alloc 0
thp_file_mapped 0
thp_split_page 0
thp_split_page_failed 0
thp_deferred_split_page 0
thp_split_pmd 0
thp_split_pud 0
thp_zero_page_alloc 0
thp_zero_page_alloc_failed 0
thp_swpout 0
thp_swpout_fallback 0
MemTotal:       1087880580 kB
MemFree:        1056925604 kB
MemAvailable:   1054819000 kB
Buffers:            8248 kB
Cached:           408684 kB
SwapCached:            0 kB
Active:           647960 kB
Inactive:         364480 kB
Active(anon):     577608 kB
Inactive(anon):    24420 kB
Active(file):      70352 kB
Inactive(file):   340060 kB
Unevictable:           0 kB
Mlocked:               0 kB
SwapTotal:       2097148 kB
SwapFree:        2097148 kB
Dirty:              1628 kB
Writeback:             0 kB
AnonPages:        596140 kB
Mapped:           404408 kB
Shmem:              6208 kB
KReclaimable:     236424 kB
Slab:             625108 kB
SReclaimable:     236424 kB
SUnreclaim:       388684 kB
KernelStack:       33556 kB
PageTables:        28096 kB
NFS_Unstable:          0 kB
Bounce:                0 kB
WritebackTmp:          0 kB
CommitLimit:    546037436 kB
Committed_AS:    6809152 kB
VmallocTotal:   34359738367 kB
VmallocUsed:      158620 kB
VmallocChunk:          0 kB
Percpu:           122304 kB
HardwareCorrupted:     0 kB
AnonHugePages:         0 kB
ShmemHugePages:        0 kB
ShmemPmdMapped:        0 kB
CmaTotal:              0 kB
CmaFree:               0 kB
HugePages_Total:       0
HugePages_Free:        0
HugePages_Rsvd:        0
HugePages_Surp:        0
Hugepagesize:       2048 kB
Hugetlb:               0 kB
DirectMap4k:     1089000 kB
DirectMap2M:     8833024 kB
DirectMap1G:    1179648000 kB
2024年 06月 12日 星期三 11:28:48 CST
pgmigrate_success 781757
pgmigrate_fail 32107008
pgmigrate_dst_node_full_fail 32106496
pgmigrate_numa_isolate_fail 12
pgmigrate_nomem_fail 0
pgmigrate_refcount_fail 0
thp_fault_alloc 16503
thp_fault_fallback 0
thp_collapse_alloc 17
thp_collapse_alloc_failed 0
thp_file_alloc 0
thp_file_mapped 0
thp_split_page 0
thp_split_page_failed 0
thp_deferred_split_page 19487
thp_split_pmd 12
thp_split_pud 0
thp_zero_page_alloc 0
thp_zero_page_alloc_failed 0
thp_swpout 0
thp_swpout_fallback 0
MemTotal:       1087880580 kB
MemFree:        1056599192 kB
MemAvailable:   1054575256 kB
Buffers:           73200 kB
Cached:           462468 kB
SwapCached:            0 kB
Active:           766320 kB
Inactive:         389376 kB
Active(anon):     602040 kB
Inactive(anon):    24432 kB
Active(file):     164280 kB
Inactive(file):   364944 kB
Unevictable:           0 kB
Mlocked:               0 kB
SwapTotal:       2097148 kB
SwapFree:        2097148 kB
Dirty:              3780 kB
Writeback:             0 kB
AnonPages:        621224 kB
Mapped:           416104 kB
Shmem:              6208 kB
KReclaimable:     282952 kB
Slab:             685588 kB
SReclaimable:     282952 kB
SUnreclaim:       402636 kB
KernelStack:       33600 kB
PageTables:        28736 kB
NFS_Unstable:          0 kB
Bounce:                0 kB
WritebackTmp:          0 kB
CommitLimit:    546037436 kB
Committed_AS:    6851000 kB
VmallocTotal:   34359738367 kB
VmallocUsed:      158700 kB
VmallocChunk:          0 kB
Percpu:           122304 kB
HardwareCorrupted:     0 kB
AnonHugePages:    454656 kB
ShmemHugePages:        0 kB
ShmemPmdMapped:        0 kB
CmaTotal:              0 kB
CmaFree:               0 kB
HugePages_Total:       0
HugePages_Free:        0
HugePages_Rsvd:        0
HugePages_Surp:        0
Hugepagesize:       2048 kB
Hugetlb:               0 kB
DirectMap4k:     1089000 kB
DirectMap2M:     8833024 kB
DirectMap1G:    1179648000 kB
