2024年 06月 30日 星期日 12:50:22 CST
pgmigrate_success 11240
pgmigrate_fail 2
pgmigrate_dst_node_full_fail 0
pgmigrate_numa_isolate_fail 1
pgmigrate_nomem_fail 2
pgmigrate_refcount_fail 0
thp_fault_alloc 0
thp_fault_fallback 0
thp_collapse_alloc 0
thp_collapse_alloc_failed 0
thp_file_alloc 0
thp_file_mapped 0
thp_split_page 0
thp_split_page_failed 0
thp_deferred_split_page 0
thp_split_pmd 0
thp_split_pud 0
thp_zero_page_alloc 0
thp_zero_page_alloc_failed 0
thp_swpout 0
thp_swpout_fallback 0
MemTotal:       1123314996 kB
MemFree:        1092544452 kB
MemAvailable:   1090248084 kB
Buffers:            8132 kB
Cached:           425940 kB
SwapCached:            0 kB
Active:           477476 kB
Inactive:         542760 kB
Active(anon):     353812 kB
Inactive(anon):   238432 kB
Active(file):     123664 kB
Inactive(file):   304328 kB
Unevictable:           0 kB
Mlocked:               0 kB
SwapTotal:       2097148 kB
SwapFree:        2097148 kB
Dirty:               516 kB
Writeback:             0 kB
AnonPages:        586168 kB
Mapped:           422308 kB
Shmem:              6204 kB
KReclaimable:     257868 kB
Slab:             628752 kB
SReclaimable:     257868 kB
SUnreclaim:       370884 kB
KernelStack:       33508 kB
PageTables:        27688 kB
NFS_Unstable:          0 kB
Bounce:                0 kB
WritebackTmp:          0 kB
CommitLimit:    563754644 kB
Committed_AS:    6663844 kB
VmallocTotal:   34359738367 kB
VmallocUsed:      161060 kB
VmallocChunk:          0 kB
Percpu:           123200 kB
HardwareCorrupted:     0 kB
AnonHugePages:         0 kB
ShmemHugePages:        0 kB
ShmemPmdMapped:        0 kB
CmaTotal:              0 kB
CmaFree:               0 kB
HugePages_Total:       0
HugePages_Free:        0
HugePages_Rsvd:        0
HugePages_Surp:        0
Hugepagesize:       2048 kB
Hugetlb:               0 kB
DirectMap4k:     1091044 kB
DirectMap2M:     8830976 kB
DirectMap1G:    1179648000 kB
2024年 06月 30日 星期日 12:52:00 CST
pgmigrate_success 11302
pgmigrate_fail 2
pgmigrate_dst_node_full_fail 0
pgmigrate_numa_isolate_fail 1
pgmigrate_nomem_fail 2
pgmigrate_refcount_fail 0
thp_fault_alloc 6511
thp_fault_fallback 0
thp_collapse_alloc 7
thp_collapse_alloc_failed 0
thp_file_alloc 0
thp_file_mapped 0
thp_split_page 0
thp_split_page_failed 0
thp_deferred_split_page 6511
thp_split_pmd 16
thp_split_pud 0
thp_zero_page_alloc 0
thp_zero_page_alloc_failed 0
thp_swpout 0
thp_swpout_fallback 0
MemTotal:       1123314996 kB
MemFree:        1092472412 kB
MemAvailable:   1090220400 kB
Buffers:           63676 kB
Cached:           441204 kB
SwapCached:            0 kB
Active:           558944 kB
Inactive:         538568 kB
Active(anon):     364120 kB
Inactive(anon):   234760 kB
Active(file):     194824 kB
Inactive(file):   303808 kB
Unevictable:           0 kB
Mlocked:               0 kB
SwapTotal:       2097148 kB
SwapFree:        2097148 kB
Dirty:                56 kB
Writeback:             0 kB
AnonPages:        592980 kB
Mapped:           422436 kB
Shmem:              6204 kB
KReclaimable:     275944 kB
Slab:             648168 kB
SReclaimable:     275944 kB
SUnreclaim:       372224 kB
KernelStack:       34288 kB
PageTables:        27728 kB
NFS_Unstable:          0 kB
Bounce:                0 kB
WritebackTmp:          0 kB
CommitLimit:    563754644 kB
Committed_AS:    6598972 kB
VmallocTotal:   34359738367 kB
VmallocUsed:      161108 kB
VmallocChunk:          0 kB
Percpu:           123200 kB
HardwareCorrupted:     0 kB
AnonHugePages:    219136 kB
ShmemHugePages:        0 kB
ShmemPmdMapped:        0 kB
CmaTotal:              0 kB
CmaFree:               0 kB
HugePages_Total:       0
HugePages_Free:        0
HugePages_Rsvd:        0
HugePages_Surp:        0
Hugepagesize:       2048 kB
Hugetlb:               0 kB
DirectMap4k:     1091044 kB
DirectMap2M:     8830976 kB
DirectMap1G:    1179648000 kB
