2024年 05月 18日 星期六 16:21:32 CST
pgmigrate_success 10581886
pgmigrate_fail 46470668
pgmigrate_dst_node_full_fail 46447104
pgmigrate_numa_isolate_fail 0
pgmigrate_nomem_fail 1
pgmigrate_refcount_fail 6144
thp_fault_alloc 32662
thp_fault_fallback 0
thp_collapse_alloc 27
thp_collapse_alloc_failed 0
thp_file_alloc 0
thp_file_mapped 0
thp_split_page 1
thp_split_page_failed 0
thp_deferred_split_page 74050
thp_split_pmd 9
thp_split_pud 0
thp_zero_page_alloc 0
thp_zero_page_alloc_failed 0
thp_swpout 0
thp_swpout_fallback 0
MemTotal:       1107011948 kB
MemFree:        1076207140 kB
MemAvailable:   1073964336 kB
Buffers:            7460 kB
Cached:           372496 kB
SwapCached:            0 kB
Active:           487592 kB
Inactive:         482640 kB
Active(anon):     310348 kB
Inactive(anon):   287448 kB
Active(file):     177244 kB
Inactive(file):   195192 kB
Unevictable:           0 kB
Mlocked:               0 kB
SwapTotal:       2097148 kB
SwapFree:        2096892 kB
Dirty:               940 kB
Writeback:             0 kB
AnonPages:        591452 kB
Mapped:           368304 kB
Shmem:              6160 kB
KReclaimable:     228000 kB
Slab:             592364 kB
SReclaimable:     228000 kB
SUnreclaim:       364364 kB
KernelStack:       33220 kB
PageTables:        27816 kB
NFS_Unstable:          0 kB
Bounce:                0 kB
WritebackTmp:          0 kB
CommitLimit:    555603120 kB
Committed_AS:    6598848 kB
VmallocTotal:   34359738367 kB
VmallocUsed:      158428 kB
VmallocChunk:          0 kB
Percpu:           121856 kB
HardwareCorrupted:     0 kB
AnonHugePages:     12288 kB
ShmemHugePages:        0 kB
ShmemPmdMapped:        0 kB
CmaTotal:              0 kB
CmaFree:               0 kB
HugePages_Total:       0
HugePages_Free:        0
HugePages_Rsvd:        0
HugePages_Surp:        0
Hugepagesize:       2048 kB
Hugetlb:               0 kB
DirectMap4k:     1109480 kB
DirectMap2M:     8812544 kB
DirectMap1G:    1179648000 kB
2024年 05月 18日 星期六 16:24:10 CST
pgmigrate_success 11566091
pgmigrate_fail 53378064
pgmigrate_dst_node_full_fail 53335554
pgmigrate_numa_isolate_fail 0
pgmigrate_nomem_fail 5
pgmigrate_refcount_fail 6144
thp_fault_alloc 93262
thp_fault_fallback 0
thp_collapse_alloc 36
thp_collapse_alloc_failed 0
thp_file_alloc 0
thp_file_mapped 0
thp_split_page 1
thp_split_page_failed 0
thp_deferred_split_page 136569
thp_split_pmd 12
thp_split_pud 0
thp_zero_page_alloc 5
thp_zero_page_alloc_failed 0
thp_swpout 0
thp_swpout_fallback 0
MemTotal:       1107011948 kB
MemFree:        1061712992 kB
MemAvailable:   1072827436 kB
Buffers:           54248 kB
Cached:         14683100 kB
SwapCached:            0 kB
Active:           513940 kB
Inactive:       14816972 kB
Active(anon):     277004 kB
Inactive(anon):   323372 kB
Active(file):     236936 kB
Inactive(file): 14493600 kB
Unevictable:           0 kB
Mlocked:               0 kB
SwapTotal:       2097148 kB
SwapFree:        2096636 kB
Dirty:                 4 kB
Writeback:             0 kB
AnonPages:        594628 kB
Mapped:           368000 kB
Shmem:              6160 kB
KReclaimable:     338180 kB
Slab:             703356 kB
SReclaimable:     338180 kB
SUnreclaim:       365176 kB
KernelStack:       33440 kB
PageTables:        28156 kB
NFS_Unstable:          0 kB
Bounce:                0 kB
WritebackTmp:          0 kB
CommitLimit:    555603120 kB
Committed_AS:    6554404 kB
VmallocTotal:   34359738367 kB
VmallocUsed:      158428 kB
VmallocChunk:          0 kB
Percpu:           121856 kB
HardwareCorrupted:     0 kB
AnonHugePages:    270336 kB
ShmemHugePages:        0 kB
ShmemPmdMapped:        0 kB
CmaTotal:              0 kB
CmaFree:               0 kB
HugePages_Total:       0
HugePages_Free:        0
HugePages_Rsvd:        0
HugePages_Surp:        0
Hugepagesize:       2048 kB
Hugetlb:               0 kB
DirectMap4k:     1109480 kB
DirectMap2M:     8812544 kB
DirectMap1G:    1179648000 kB
