[    0.000000] Linux version 5.3.1-multiclock (xmu@xmu-PowerEdge-R750) (gcc version 7.5.0 (Ubuntu 7.5.0-3ubuntu1~18.04)) #1 SMP Wed Aug 9 20:46:02 CST 2023
[    0.000000] Command line: BOOT_IMAGE=/boot/vmlinuz-5.3.1-multiclock root=UUID=ce0c24b8-724b-4f33-9b2c-618433560aef ro memmap=48923M!4096M memmap=59G!64G quiet splash nomodeset vt.handoff=1
[    0.000000] KERNEL supported cpus:
[    0.000000]   Intel GenuineIntel
[    0.000000]   AMD AuthenticAMD
[    0.000000]   Hygon HygonGenuine
[    0.000000]   Centaur CentaurHauls
[    0.000000]   zhaoxin   Shanghai  
[    0.000000] x86/fpu: Supporting XSAVE feature 0x001: 'x87 floating point registers'
[    0.000000] x86/fpu: Supporting XSAVE feature 0x002: 'SSE registers'
[    0.000000] x86/fpu: Supporting XSAVE feature 0x004: 'AVX registers'
[    0.000000] x86/fpu: Supporting XSAVE feature 0x020: 'AVX-512 opmask'
[    0.000000] x86/fpu: Supporting XSAVE feature 0x040: 'AVX-512 Hi256'
[    0.000000] x86/fpu: Supporting XSAVE feature 0x080: 'AVX-512 ZMM_Hi256'
[    0.000000] x86/fpu: Supporting XSAVE feature 0x200: 'Protection Keys User registers'
[    0.000000] x86/fpu: xstate_offset[2]:  576, xstate_sizes[2]:  256
[    0.000000] x86/fpu: xstate_offset[5]:  832, xstate_sizes[5]:   64
[    0.000000] x86/fpu: xstate_offset[6]:  896, xstate_sizes[6]:  512
[    0.000000] x86/fpu: xstate_offset[7]: 1408, xstate_sizes[7]: 1024
[    0.000000] x86/fpu: xstate_offset[9]: 2432, xstate_sizes[9]:    8
[    0.000000] x86/fpu: Enabled xstate features 0x2e7, context size is 2440 bytes, using 'compacted' format.
[    0.000000] BIOS-provided physical RAM map:
[    0.000000] BIOS-e820: [mem 0x0000000000000000-0x000000000008efff] usable
[    0.000000] BIOS-e820: [mem 0x000000000008f000-0x000000000008ffff] reserved
[    0.000000] BIOS-e820: [mem 0x0000000000090000-0x000000000009ffff] usable
[    0.000000] BIOS-e820: [mem 0x00000000000a0000-0x00000000000fffff] reserved
[    0.000000] BIOS-e820: [mem 0x0000000000100000-0x0000000049e76fff] usable
[    0.000000] BIOS-e820: [mem 0x0000000049e77000-0x000000004ae76fff] ACPI NVS
[    0.000000] BIOS-e820: [mem 0x000000004ae77000-0x000000004b2cefff] usable
[    0.000000] BIOS-e820: [mem 0x000000004b2cf000-0x000000004b54dfff] ACPI data
[    0.000000] BIOS-e820: [mem 0x000000004b54e000-0x000000004bd93fff] usable
[    0.000000] BIOS-e820: [mem 0x000000004bd94000-0x000000004be99fff] reserved
[    0.000000] BIOS-e820: [mem 0x000000004be9a000-0x000000004cdfffff] usable
[    0.000000] BIOS-e820: [mem 0x000000004ce00000-0x000000004cffffff] reserved
[    0.000000] BIOS-e820: [mem 0x000000004d000000-0x000000005eefdfff] usable
[    0.000000] BIOS-e820: [mem 0x000000005eefe000-0x000000006e3fefff] reserved
[    0.000000] BIOS-e820: [mem 0x000000006e3ff000-0x000000006f3fefff] ACPI NVS
[    0.000000] BIOS-e820: [mem 0x000000006f3ff000-0x000000006f7fefff] ACPI data
[    0.000000] BIOS-e820: [mem 0x000000006f7ff000-0x000000006f7fffff] usable
[    0.000000] BIOS-e820: [mem 0x000000006f800000-0x000000008fffffff] reserved
[    0.000000] BIOS-e820: [mem 0x00000000fe000000-0x00000000fe010fff] reserved
[    0.000000] BIOS-e820: [mem 0x0000000100000000-0x000000207fffffff] usable
[    0.000000] BIOS-e820: [mem 0x0000002080000000-0x0000011c7fffffff] persistent (type 7)
[    0.000000] BIOS-e820: [mem 0x00001ffc00000000-0x00001fffffffffff] reserved
[    0.000000] NX (Execute Disable) protection: active
[    0.000000] e820: update [mem 0x47c65020-0x47c6d05f] usable ==> usable
[    0.000000] e820: update [mem 0x47c65020-0x47c6d05f] usable ==> usable
[    0.000000] e820: update [mem 0x47c32020-0x47c64c5f] usable ==> usable
[    0.000000] e820: update [mem 0x47c32020-0x47c64c5f] usable ==> usable
[    0.000000] e820: update [mem 0x47bff020-0x47c31c5f] usable ==> usable
[    0.000000] e820: update [mem 0x47bff020-0x47c31c5f] usable ==> usable
[    0.000000] e820: update [mem 0x47bcd020-0x47bfea5f] usable ==> usable
[    0.000000] e820: update [mem 0x47bcd020-0x47bfea5f] usable ==> usable
[    0.000000] extended physical RAM map:
[    0.000000] reserve setup_data: [mem 0x0000000000000000-0x000000000008efff] usable
[    0.000000] reserve setup_data: [mem 0x000000000008f000-0x000000000008ffff] reserved
[    0.000000] reserve setup_data: [mem 0x0000000000090000-0x000000000009ffff] usable
[    0.000000] reserve setup_data: [mem 0x00000000000a0000-0x00000000000fffff] reserved
[    0.000000] reserve setup_data: [mem 0x0000000000100000-0x0000000047bcd01f] usable
[    0.000000] reserve setup_data: [mem 0x0000000047bcd020-0x0000000047bfea5f] usable
[    0.000000] reserve setup_data: [mem 0x0000000047bfea60-0x0000000047bff01f] usable
[    0.000000] reserve setup_data: [mem 0x0000000047bff020-0x0000000047c31c5f] usable
[    0.000000] reserve setup_data: [mem 0x0000000047c31c60-0x0000000047c3201f] usable
[    0.000000] reserve setup_data: [mem 0x0000000047c32020-0x0000000047c64c5f] usable
[    0.000000] reserve setup_data: [mem 0x0000000047c64c60-0x0000000047c6501f] usable
[    0.000000] reserve setup_data: [mem 0x0000000047c65020-0x0000000047c6d05f] usable
[    0.000000] reserve setup_data: [mem 0x0000000047c6d060-0x0000000049e76fff] usable
[    0.000000] reserve setup_data: [mem 0x0000000049e77000-0x000000004ae76fff] ACPI NVS
[    0.000000] reserve setup_data: [mem 0x000000004ae77000-0x000000004b2cefff] usable
[    0.000000] reserve setup_data: [mem 0x000000004b2cf000-0x000000004b54dfff] ACPI data
[    0.000000] reserve setup_data: [mem 0x000000004b54e000-0x000000004bd93fff] usable
[    0.000000] reserve setup_data: [mem 0x000000004bd94000-0x000000004be99fff] reserved
[    0.000000] reserve setup_data: [mem 0x000000004be9a000-0x000000004cdfffff] usable
[    0.000000] reserve setup_data: [mem 0x000000004ce00000-0x000000004cffffff] reserved
[    0.000000] reserve setup_data: [mem 0x000000004d000000-0x000000005eefdfff] usable
[    0.000000] reserve setup_data: [mem 0x000000005eefe000-0x000000006e3fefff] reserved
[    0.000000] reserve setup_data: [mem 0x000000006e3ff000-0x000000006f3fefff] ACPI NVS
[    0.000000] reserve setup_data: [mem 0x000000006f3ff000-0x000000006f7fefff] ACPI data
[    0.000000] reserve setup_data: [mem 0x000000006f7ff000-0x000000006f7fffff] usable
[    0.000000] reserve setup_data: [mem 0x000000006f800000-0x000000008fffffff] reserved
[    0.000000] reserve setup_data: [mem 0x00000000fe000000-0x00000000fe010fff] reserved
[    0.000000] reserve setup_data: [mem 0x0000000100000000-0x0000000cf1afffff] persistent (type 12)
[    0.000000] reserve setup_data: [mem 0x0000000cf1b00000-0x0000000fffffffff] usable
[    0.000000] reserve setup_data: [mem 0x0000001000000000-0x0000001ebfffffff] persistent (type 12)
[    0.000000] reserve setup_data: [mem 0x0000001ec0000000-0x000000207fffffff] usable
[    0.000000] reserve setup_data: [mem 0x0000002080000000-0x0000011c7fffffff] persistent (type 7)
[    0.000000] reserve setup_data: [mem 0x00001ffc00000000-0x00001fffffffffff] reserved
[    0.000000] user-defined physical RAM map:
[    0.000000] user: [mem 0x0000000000000000-0x000000000008efff] usable
[    0.000000] user: [mem 0x000000000008f000-0x000000000008ffff] reserved
[    0.000000] user: [mem 0x0000000000090000-0x000000000009ffff] usable
[    0.000000] user: [mem 0x00000000000a0000-0x00000000000fffff] reserved
[    0.000000] user: [mem 0x0000000000100000-0x0000000047bcd01f] usable
[    0.000000] user: [mem 0x0000000047bcd020-0x0000000047bfea5f] usable
[    0.000000] user: [mem 0x0000000047bfea60-0x0000000047bff01f] usable
[    0.000000] user: [mem 0x0000000047bff020-0x0000000047c31c5f] usable
[    0.000000] user: [mem 0x0000000047c31c60-0x0000000047c3201f] usable
[    0.000000] user: [mem 0x0000000047c32020-0x0000000047c64c5f] usable
[    0.000000] user: [mem 0x0000000047c64c60-0x0000000047c6501f] usable
[    0.000000] user: [mem 0x0000000047c65020-0x0000000047c6d05f] usable
[    0.000000] user: [mem 0x0000000047c6d060-0x0000000049e76fff] usable
[    0.000000] user: [mem 0x0000000049e77000-0x000000004ae76fff] ACPI NVS
[    0.000000] user: [mem 0x000000004ae77000-0x000000004b2cefff] usable
[    0.000000] user: [mem 0x000000004b2cf000-0x000000004b54dfff] ACPI data
[    0.000000] user: [mem 0x000000004b54e000-0x000000004bd93fff] usable
[    0.000000] user: [mem 0x000000004bd94000-0x000000004be99fff] reserved
[    0.000000] user: [mem 0x000000004be9a000-0x000000004cdfffff] usable
[    0.000000] user: [mem 0x000000004ce00000-0x000000004cffffff] reserved
[    0.000000] user: [mem 0x000000004d000000-0x000000005eefdfff] usable
[    0.000000] user: [mem 0x000000005eefe000-0x000000006e3fefff] reserved
[    0.000000] user: [mem 0x000000006e3ff000-0x000000006f3fefff] ACPI NVS
[    0.000000] user: [mem 0x000000006f3ff000-0x000000006f7fefff] ACPI data
[    0.000000] user: [mem 0x000000006f7ff000-0x000000006f7fffff] usable
[    0.000000] user: [mem 0x000000006f800000-0x000000008fffffff] reserved
[    0.000000] user: [mem 0x00000000fe000000-0x00000000fe010fff] reserved
[    0.000000] user: [mem 0x0000000100000000-0x0000000cf1afffff] persistent (type 12)
[    0.000000] user: [mem 0x0000000cf1b00000-0x0000000fffffffff] usable
[    0.000000] user: [mem 0x0000001000000000-0x0000001ebfffffff] persistent (type 12)
[    0.000000] user: [mem 0x0000001ec0000000-0x000000207fffffff] usable
[    0.000000] user: [mem 0x0000002080000000-0x0000011c7fffffff] persistent (type 7)
[    0.000000] user: [mem 0x00001ffc00000000-0x00001fffffffffff] reserved
[    0.000000] efi: EFI v2.70 by Dell Inc.
[    0.000000] efi:  ACPI=0x6f7fe000  ACPI 2.0=0x6f7fe014  MEMATTR=0x5a215220  SMBIOS=0x69526000  SMBIOS 3.0=0x69524000 
[    0.000000] SMBIOS 3.3.0 present.
[    0.000000] DMI: Dell Inc. PowerEdge R750/0K8F35, BIOS 1.10.2 03/03/2023
[    0.000000] tsc: Detected 2000.000 MHz processor
[    0.000009] e820: update [mem 0x00000000-0x00000fff] usable ==> reserved
[    0.000010] e820: remove [mem 0x000a0000-0x000fffff] usable
[    0.000018] last_pfn = 0x2080000 max_arch_pfn = 0x400000000
[    0.000021] MTRR default type: uncachable
[    0.000021] MTRR fixed ranges enabled:
[    0.000022]   00000-9FFFF write-back
[    0.000023]   A0000-BFFFF uncachable
[    0.000024]   C0000-FFFFF write-protect
[    0.000024] MTRR variable ranges enabled:
[    0.000025]   0 base 000000000000 mask 3E0000000000 write-back
[    0.000026]   1 base 000080000000 mask 3FFF80000000 uncachable
[    0.000027]   2 base 00007F000000 mask 3FFFFF000000 uncachable
[    0.000027]   3 disabled
[    0.000028]   4 disabled
[    0.000028]   5 disabled
[    0.000028]   6 disabled
[    0.000029]   7 disabled
[    0.000029]   8 disabled
[    0.000029]   9 disabled
[    0.000773] x86/PAT: Configuration [0-7]: WB  WC  UC- UC  WB  WP  UC- WT  
[    0.001822] total RAM covered: 2095088M
[    0.001906]  gran_size: 64K 	chunk_size: 64K 	num_reg: 10  	lose cover RAM: 2016G
[    0.001907]  gran_size: 64K 	chunk_size: 128K 	num_reg: 10  	lose cover RAM: 2016G
[    0.001908]  gran_size: 64K 	chunk_size: 256K 	num_reg: 10  	lose cover RAM: 2016G
[    0.001909]  gran_size: 64K 	chunk_size: 512K 	num_reg: 10  	lose cover RAM: 2016G
[    0.001909]  gran_size: 64K 	chunk_size: 1M 	num_reg: 10  	lose cover RAM: 2016G
[    0.001910]  gran_size: 64K 	chunk_size: 2M 	num_reg: 10  	lose cover RAM: 2016G
[    0.001911]  gran_size: 64K 	chunk_size: 4M 	num_reg: 10  	lose cover RAM: 2016G
[    0.001911]  gran_size: 64K 	chunk_size: 8M 	num_reg: 10  	lose cover RAM: 2016G
[    0.001912]  gran_size: 64K 	chunk_size: 16M 	num_reg: 10  	lose cover RAM: 2016G
[    0.001913]  gran_size: 64K 	chunk_size: 32M 	num_reg: 10  	lose cover RAM: 1024G
[    0.001913]  gran_size: 64K 	chunk_size: 64M 	num_reg: 10  	lose cover RAM: 1024G
[    0.001914]  gran_size: 64K 	chunk_size: 128M 	num_reg: 10  	lose cover RAM: 1024G
[    0.001915]  gran_size: 64K 	chunk_size: 256M 	num_reg: 10  	lose cover RAM: 1024G
[    0.001915]  gran_size: 64K 	chunk_size: 512M 	num_reg: 10  	lose cover RAM: 1024G
[    0.001916]  gran_size: 64K 	chunk_size: 1G 	num_reg: 10  	lose cover RAM: 1024G
[    0.001917]  gran_size: 64K 	chunk_size: 2G 	num_reg: 10  	lose cover RAM: 1024G
[    0.001917]  gran_size: 128K 	chunk_size: 128K 	num_reg: 10  	lose cover RAM: 2016G
[    0.001918]  gran_size: 128K 	chunk_size: 256K 	num_reg: 10  	lose cover RAM: 2016G
[    0.001919]  gran_size: 128K 	chunk_size: 512K 	num_reg: 10  	lose cover RAM: 2016G
[    0.001919]  gran_size: 128K 	chunk_size: 1M 	num_reg: 10  	lose cover RAM: 2016G
[    0.001920]  gran_size: 128K 	chunk_size: 2M 	num_reg: 10  	lose cover RAM: 2016G
[    0.001921]  gran_size: 128K 	chunk_size: 4M 	num_reg: 10  	lose cover RAM: 2016G
[    0.001921]  gran_size: 128K 	chunk_size: 8M 	num_reg: 10  	lose cover RAM: 2016G
[    0.001922]  gran_size: 128K 	chunk_size: 16M 	num_reg: 10  	lose cover RAM: 2016G
[    0.001923]  gran_size: 128K 	chunk_size: 32M 	num_reg: 10  	lose cover RAM: 1024G
[    0.001923]  gran_size: 128K 	chunk_size: 64M 	num_reg: 10  	lose cover RAM: 1024G
[    0.001924]  gran_size: 128K 	chunk_size: 128M 	num_reg: 10  	lose cover RAM: 1024G
[    0.001925]  gran_size: 128K 	chunk_size: 256M 	num_reg: 10  	lose cover RAM: 1024G
[    0.001925]  gran_size: 128K 	chunk_size: 512M 	num_reg: 10  	lose cover RAM: 1024G
[    0.001926]  gran_size: 128K 	chunk_size: 1G 	num_reg: 10  	lose cover RAM: 1024G
[    0.001927]  gran_size: 128K 	chunk_size: 2G 	num_reg: 10  	lose cover RAM: 1024G
[    0.001927]  gran_size: 256K 	chunk_size: 256K 	num_reg: 10  	lose cover RAM: 2016G
[    0.001928]  gran_size: 256K 	chunk_size: 512K 	num_reg: 10  	lose cover RAM: 2016G
[    0.001929]  gran_size: 256K 	chunk_size: 1M 	num_reg: 10  	lose cover RAM: 2016G
[    0.001929]  gran_size: 256K 	chunk_size: 2M 	num_reg: 10  	lose cover RAM: 2016G
[    0.001930]  gran_size: 256K 	chunk_size: 4M 	num_reg: 10  	lose cover RAM: 2016G
[    0.001931]  gran_size: 256K 	chunk_size: 8M 	num_reg: 10  	lose cover RAM: 2016G
[    0.001931]  gran_size: 256K 	chunk_size: 16M 	num_reg: 10  	lose cover RAM: 2016G
[    0.001932]  gran_size: 256K 	chunk_size: 32M 	num_reg: 10  	lose cover RAM: 1024G
[    0.001933]  gran_size: 256K 	chunk_size: 64M 	num_reg: 10  	lose cover RAM: 1024G
[    0.001933]  gran_size: 256K 	chunk_size: 128M 	num_reg: 10  	lose cover RAM: 1024G
[    0.001934]  gran_size: 256K 	chunk_size: 256M 	num_reg: 10  	lose cover RAM: 1024G
[    0.001935]  gran_size: 256K 	chunk_size: 512M 	num_reg: 10  	lose cover RAM: 1024G
[    0.001935]  gran_size: 256K 	chunk_size: 1G 	num_reg: 10  	lose cover RAM: 1024G
[    0.001936]  gran_size: 256K 	chunk_size: 2G 	num_reg: 10  	lose cover RAM: 1024G
[    0.001937]  gran_size: 512K 	chunk_size: 512K 	num_reg: 10  	lose cover RAM: 2016G
[    0.001937]  gran_size: 512K 	chunk_size: 1M 	num_reg: 10  	lose cover RAM: 2016G
[    0.001938]  gran_size: 512K 	chunk_size: 2M 	num_reg: 10  	lose cover RAM: 2016G
[    0.001939]  gran_size: 512K 	chunk_size: 4M 	num_reg: 10  	lose cover RAM: 2016G
[    0.001939]  gran_size: 512K 	chunk_size: 8M 	num_reg: 10  	lose cover RAM: 2016G
[    0.001940]  gran_size: 512K 	chunk_size: 16M 	num_reg: 10  	lose cover RAM: 2016G
[    0.001941]  gran_size: 512K 	chunk_size: 32M 	num_reg: 10  	lose cover RAM: 1024G
[    0.001941]  gran_size: 512K 	chunk_size: 64M 	num_reg: 10  	lose cover RAM: 1024G
[    0.001942]  gran_size: 512K 	chunk_size: 128M 	num_reg: 10  	lose cover RAM: 1024G
[    0.001943]  gran_size: 512K 	chunk_size: 256M 	num_reg: 10  	lose cover RAM: 1024G
[    0.001943]  gran_size: 512K 	chunk_size: 512M 	num_reg: 10  	lose cover RAM: 1024G
[    0.001944]  gran_size: 512K 	chunk_size: 1G 	num_reg: 10  	lose cover RAM: 1024G
[    0.001945]  gran_size: 512K 	chunk_size: 2G 	num_reg: 10  	lose cover RAM: 1024G
[    0.001945]  gran_size: 1M 	chunk_size: 1M 	num_reg: 10  	lose cover RAM: 2016G
[    0.001946]  gran_size: 1M 	chunk_size: 2M 	num_reg: 10  	lose cover RAM: 2016G
[    0.001947]  gran_size: 1M 	chunk_size: 4M 	num_reg: 10  	lose cover RAM: 2016G
[    0.001947]  gran_size: 1M 	chunk_size: 8M 	num_reg: 10  	lose cover RAM: 2016G
[    0.001948]  gran_size: 1M 	chunk_size: 16M 	num_reg: 10  	lose cover RAM: 2016G
[    0.001949]  gran_size: 1M 	chunk_size: 32M 	num_reg: 10  	lose cover RAM: 1024G
[    0.001949]  gran_size: 1M 	chunk_size: 64M 	num_reg: 10  	lose cover RAM: 1024G
[    0.001950]  gran_size: 1M 	chunk_size: 128M 	num_reg: 10  	lose cover RAM: 1024G
[    0.001951]  gran_size: 1M 	chunk_size: 256M 	num_reg: 10  	lose cover RAM: 1024G
[    0.001951]  gran_size: 1M 	chunk_size: 512M 	num_reg: 10  	lose cover RAM: 1024G
[    0.001952]  gran_size: 1M 	chunk_size: 1G 	num_reg: 10  	lose cover RAM: 1024G
[    0.001953]  gran_size: 1M 	chunk_size: 2G 	num_reg: 10  	lose cover RAM: 1024G
[    0.001953]  gran_size: 2M 	chunk_size: 2M 	num_reg: 10  	lose cover RAM: 2016G
[    0.001954]  gran_size: 2M 	chunk_size: 4M 	num_reg: 10  	lose cover RAM: 2016G
[    0.001955]  gran_size: 2M 	chunk_size: 8M 	num_reg: 10  	lose cover RAM: 2016G
[    0.001955]  gran_size: 2M 	chunk_size: 16M 	num_reg: 10  	lose cover RAM: 2016G
[    0.001956]  gran_size: 2M 	chunk_size: 32M 	num_reg: 10  	lose cover RAM: 1024G
[    0.001957]  gran_size: 2M 	chunk_size: 64M 	num_reg: 10  	lose cover RAM: 1024G
[    0.001957]  gran_size: 2M 	chunk_size: 128M 	num_reg: 10  	lose cover RAM: 1024G
[    0.001958]  gran_size: 2M 	chunk_size: 256M 	num_reg: 10  	lose cover RAM: 1024G
[    0.001959]  gran_size: 2M 	chunk_size: 512M 	num_reg: 10  	lose cover RAM: 1024G
[    0.001959]  gran_size: 2M 	chunk_size: 1G 	num_reg: 10  	lose cover RAM: 1024G
[    0.001960]  gran_size: 2M 	chunk_size: 2G 	num_reg: 10  	lose cover RAM: 1024G
[    0.001960]  gran_size: 4M 	chunk_size: 4M 	num_reg: 10  	lose cover RAM: 2016G
[    0.001961]  gran_size: 4M 	chunk_size: 8M 	num_reg: 10  	lose cover RAM: 2016G
[    0.001962]  gran_size: 4M 	chunk_size: 16M 	num_reg: 10  	lose cover RAM: 2016G
[    0.001963]  gran_size: 4M 	chunk_size: 32M 	num_reg: 10  	lose cover RAM: 1024G
[    0.001963]  gran_size: 4M 	chunk_size: 64M 	num_reg: 10  	lose cover RAM: 1024G
[    0.001964]  gran_size: 4M 	chunk_size: 128M 	num_reg: 10  	lose cover RAM: 1024G
[    0.001964]  gran_size: 4M 	chunk_size: 256M 	num_reg: 10  	lose cover RAM: 1024G
[    0.001965]  gran_size: 4M 	chunk_size: 512M 	num_reg: 10  	lose cover RAM: 1024G
[    0.001966]  gran_size: 4M 	chunk_size: 1G 	num_reg: 10  	lose cover RAM: 1024G
[    0.001967]  gran_size: 4M 	chunk_size: 2G 	num_reg: 10  	lose cover RAM: 1024G
[    0.001967]  gran_size: 8M 	chunk_size: 8M 	num_reg: 10  	lose cover RAM: 2016G
[    0.001968]  gran_size: 8M 	chunk_size: 16M 	num_reg: 10  	lose cover RAM: 2016G
[    0.001969]  gran_size: 8M 	chunk_size: 32M 	num_reg: 10  	lose cover RAM: 1024G
[    0.001969]  gran_size: 8M 	chunk_size: 64M 	num_reg: 10  	lose cover RAM: 1024G
[    0.001970]  gran_size: 8M 	chunk_size: 128M 	num_reg: 10  	lose cover RAM: 1024G
[    0.001970]  gran_size: 8M 	chunk_size: 256M 	num_reg: 10  	lose cover RAM: 1024G
[    0.001971]  gran_size: 8M 	chunk_size: 512M 	num_reg: 10  	lose cover RAM: 1024G
[    0.001972]  gran_size: 8M 	chunk_size: 1G 	num_reg: 10  	lose cover RAM: 1024G
[    0.001972]  gran_size: 8M 	chunk_size: 2G 	num_reg: 10  	lose cover RAM: 1024G
[    0.001973]  gran_size: 16M 	chunk_size: 16M 	num_reg: 10  	lose cover RAM: 2016G
[    0.001974]  gran_size: 16M 	chunk_size: 32M 	num_reg: 10  	lose cover RAM: 1024G
[    0.001974]  gran_size: 16M 	chunk_size: 64M 	num_reg: 10  	lose cover RAM: 1024G
[    0.001975]  gran_size: 16M 	chunk_size: 128M 	num_reg: 10  	lose cover RAM: 1024G
[    0.001976]  gran_size: 16M 	chunk_size: 256M 	num_reg: 10  	lose cover RAM: 1024G
[    0.001976]  gran_size: 16M 	chunk_size: 512M 	num_reg: 10  	lose cover RAM: 1024G
[    0.001977]  gran_size: 16M 	chunk_size: 1G 	num_reg: 10  	lose cover RAM: 1024G
[    0.001978]  gran_size: 16M 	chunk_size: 2G 	num_reg: 10  	lose cover RAM: 1024G
[    0.001979]  gran_size: 32M 	chunk_size: 32M 	num_reg: 10  	lose cover RAM: 2031632M
[    0.001979]  gran_size: 32M 	chunk_size: 64M 	num_reg: 10  	lose cover RAM: 1048592M
[    0.001980]  gran_size: 32M 	chunk_size: 128M 	num_reg: 10  	lose cover RAM: 1048592M
[    0.001981]  gran_size: 32M 	chunk_size: 256M 	num_reg: 10  	lose cover RAM: 1048592M
[    0.001981]  gran_size: 32M 	chunk_size: 512M 	num_reg: 10  	lose cover RAM: 1048592M
[    0.001982]  gran_size: 32M 	chunk_size: 1G 	num_reg: 10  	lose cover RAM: 1048592M
[    0.001983]  gran_size: 32M 	chunk_size: 2G 	num_reg: 10  	lose cover RAM: 1048592M
[    0.001983]  gran_size: 64M 	chunk_size: 64M 	num_reg: 10  	lose cover RAM: 1966128M
[    0.001984]  gran_size: 64M 	chunk_size: 128M 	num_reg: 10  	lose cover RAM: 1048624M
[    0.001985]  gran_size: 64M 	chunk_size: 256M 	num_reg: 10  	lose cover RAM: 1048624M
[    0.001985]  gran_size: 64M 	chunk_size: 512M 	num_reg: 10  	lose cover RAM: 1048624M
[    0.001986]  gran_size: 64M 	chunk_size: 1G 	num_reg: 10  	lose cover RAM: 1048624M
[    0.001987]  gran_size: 64M 	chunk_size: 2G 	num_reg: 10  	lose cover RAM: 1048624M
[    0.001987]  gran_size: 128M 	chunk_size: 128M 	num_reg: 10  	lose cover RAM: 1835120M
[    0.001988]  gran_size: 128M 	chunk_size: 256M 	num_reg: 10  	lose cover RAM: 1048688M
[    0.001989]  gran_size: 128M 	chunk_size: 512M 	num_reg: 10  	lose cover RAM: 1048688M
[    0.001990]  gran_size: 128M 	chunk_size: 1G 	num_reg: 10  	lose cover RAM: 1048688M
[    0.001990]  gran_size: 128M 	chunk_size: 2G 	num_reg: 10  	lose cover RAM: 1048688M
[    0.001991]  gran_size: 256M 	chunk_size: 256M 	num_reg: 10  	lose cover RAM: 1573104M
[    0.001992]  gran_size: 256M 	chunk_size: 512M 	num_reg: 10  	lose cover RAM: 1048816M
[    0.001992]  gran_size: 256M 	chunk_size: 1G 	num_reg: 10  	lose cover RAM: 1048816M
[    0.001993]  gran_size: 256M 	chunk_size: 2G 	num_reg: 10  	lose cover RAM: 1048816M
[    0.001994]  gran_size: 512M 	chunk_size: 512M 	num_reg: 10  	lose cover RAM: 1049072M
[    0.001994]  gran_size: 512M 	chunk_size: 1G 	num_reg: 10  	lose cover RAM: 1049072M
[    0.001995]  gran_size: 512M 	chunk_size: 2G 	num_reg: 10  	lose cover RAM: 1049072M
[    0.001996]  gran_size: 1G 	chunk_size: 1G 	num_reg: 10  	lose cover RAM: 1008M
[    0.001996]  gran_size: 1G 	chunk_size: 2G 	num_reg: 10  	lose cover RAM: 1008M
[    0.001997]  gran_size: 2G 	chunk_size: 2G 	num_reg: 9  	lose cover RAM: 2032M
[    0.001998] mtrr_cleanup: can not find optimal value
[    0.001998] please specify mtrr_gran_size/mtrr_chunk_size
[    0.002001] e820: update [mem 0x7f000000-0xffffffff] usable ==> reserved
[    0.002003] x2apic: enabled by BIOS, switching to x2apic ops
[    0.002004] last_pfn = 0x6f800 max_arch_pfn = 0x400000000
[    0.013406] check: Scanning 1 areas for low memory corruption
[    0.013411] Using GB pages for direct mapping
[    0.013412] BRK [0xecb401000, 0xecb401fff] PGTABLE
[    0.013413] BRK [0xecb402000, 0xecb402fff] PGTABLE
[    0.013414] BRK [0xecb403000, 0xecb403fff] PGTABLE
[    0.013474] BRK [0xecb404000, 0xecb404fff] PGTABLE
[    0.013661] BRK [0xecb405000, 0xecb405fff] PGTABLE
[    0.013741] BRK [0xecb406000, 0xecb406fff] PGTABLE
[    0.013867] BRK [0xecb407000, 0xecb407fff] PGTABLE
[    0.014024] BRK [0xecb408000, 0xecb408fff] PGTABLE
[    0.014140] BRK [0xecb409000, 0xecb409fff] PGTABLE
[    0.014295] BRK [0xecb40a000, 0xecb40afff] PGTABLE
[    0.014389] BRK [0xecb40b000, 0xecb40bfff] PGTABLE
[    0.014620] BRK [0xecb40c000, 0xecb40cfff] PGTABLE
[    0.014969] Secure boot disabled
[    0.014970] RAMDISK: [mem 0x2065920000-0x207fffffff]
[    0.014977] ACPI: Early table checksum verification disabled
[    0.014979] ACPI: RSDP 0x000000006F7FE014 000024 (v02 DELL  )
[    0.014981] ACPI: XSDT 0x000000006F41C188 0000F4 (v01 DELL   PE_SC3   00000000 DELL 01000013)
[    0.014986] ACPI: FACP 0x000000006F430000 000114 (v06 DELL   PE_SC3   00000000 DELL 00000001)
[    0.014990] ACPI: DSDT 0x000000004B4CE000 07FAD3 (v02 DELL   PE_SC3   00000003 DELL 00000001)
[    0.014993] ACPI: FACS 0x000000006F2F2000 000040
[    0.014996] ACPI: SSDT 0x000000006F7FB000 00159A (v02 INTEL  RAS_ACPI 00000001 INTL 20210331)
[    0.014999] ACPI: SSDT 0x000000006F7FA000 000745 (v02 INTEL  ADDRXLAT 00000001 INTL 20210331)
[    0.015001] ACPI: MCEJ 0x000000006F7F9000 000130 (v01 INTEL           00000001 INTL 0100000D)
[    0.015004] ACPI: BERT 0x000000006F7F8000 000030 (v01 DELL   PE_SC3   00000001 INTL 00000001)
[    0.015007] ACPI: ERST 0x000000006F7F7000 000230 (v01 DELL   PE_SC3   00000001 INTL 00000001)
[    0.015009] ACPI: SSDT 0x000000006F431000 3C524E (v02 INTEL  SSDTNVDR 00001000 INTL 20210331)
[    0.015012] ACPI: HMAT 0x000000006F42F000 000210 (v01 DELL   PE_SC3   00000001 DELL 00000001)
[    0.015015] ACPI: HPET 0x000000006F42E000 000038 (v01 DELL   PE_SC3   00000001 DELL 00000001)
[    0.015017] ACPI: MCFG 0x000000006F42D000 00003C (v01 DELL   PE_SC3   00000001 DELL 00000001)
[    0.015020] ACPI: MIGT 0x000000006F42C000 000040 (v01 DELL   PE_SC3   00000000 DELL 00000001)
[    0.015022] ACPI: MSCT 0x000000006F42B000 000090 (v01 DELL   PE_SC3   00000001 DELL 00000001)
[    0.015025] ACPI: PMTT 0x000000006F429000 0011E8 (v02 DELL   PE_SC3   00000001 DELL 00000001)
[    0.015027] ACPI: WSMT 0x000000006F428000 000028 (v01 DELL   PE_SC3   00000000 DELL 00000001)
[    0.015030] ACPI: APIC 0x000000006F427000 00075E (v04 DELL   PE_SC3   00000000 DELL 00000001)
[    0.015032] ACPI: SLIT 0x000000006F426000 00003C (v01 DELL   PE_SC3   00000001 DELL 01000013)
[    0.015035] ACPI: SRAT 0x000000006F41F000 006430 (v03 DELL   PE_SC3   00000002 DELL 01000013)
[    0.015037] ACPI: OEM4 0x000000004B346000 187A61 (v02 INTEL  CPU  CST 00003000 INTL 20210331)
[    0.015040] ACPI: SSDT 0x000000004B2CF000 0764A5 (v02 INTEL  SSDT  PM 00004000 INTL 20210331)
[    0.015043] ACPI: SSDT 0x000000006F41E000 000A1F (v02 DELL   PE_SC3   00000000 DELL 00000001)
[    0.015045] ACPI: HEST 0x000000006F41D000 00017C (v01 DELL   PE_SC3   00000001 INTL 00000001)
[    0.015048] ACPI: PCAT 0x000000006F41B000 00010C (v19 DELL   PE_SC3   00000002 DELL 00000001)
[    0.015050] ACPI: SSDT 0x000000006F413000 007299 (v02 INTEL  SpsNm    00000002 INTL 20210331)
[    0.015053] ACPI: SSDT 0x000000006F412000 000426 (v02 DELL   PE_SC3   00000002 DELL 00000001)
[    0.015055] ACPI: NFIT 0x000000006F7FD000 000488 (v01 DELL   PE_SC3   00000002 DELL 00000001)
[    0.015058] ACPI: DMAR 0x000000006F411000 000158 (v01 DELL   PE_SC3   00000001 DELL 00000001)
[    0.015065] ACPI: Local APIC address 0xfee00000
[    0.015066] Setting APIC routing to cluster x2apic.
[    0.015112] SRAT: PXM 0 -> APIC 0x0000 -> Node 0
[    0.015112] SRAT: PXM 0 -> APIC 0x0001 -> Node 0
[    0.015113] SRAT: PXM 0 -> APIC 0x0002 -> Node 0
[    0.015113] SRAT: PXM 0 -> APIC 0x0003 -> Node 0
[    0.015114] SRAT: PXM 0 -> APIC 0x0004 -> Node 0
[    0.015114] SRAT: PXM 0 -> APIC 0x0005 -> Node 0
[    0.015114] SRAT: PXM 0 -> APIC 0x0006 -> Node 0
[    0.015115] SRAT: PXM 0 -> APIC 0x0007 -> Node 0
[    0.015115] SRAT: PXM 0 -> APIC 0x0008 -> Node 0
[    0.015116] SRAT: PXM 0 -> APIC 0x0009 -> Node 0
[    0.015116] SRAT: PXM 0 -> APIC 0x000a -> Node 0
[    0.015116] SRAT: PXM 0 -> APIC 0x000b -> Node 0
[    0.015117] SRAT: PXM 0 -> APIC 0x000c -> Node 0
[    0.015117] SRAT: PXM 0 -> APIC 0x000d -> Node 0
[    0.015118] SRAT: PXM 0 -> APIC 0x000e -> Node 0
[    0.015118] SRAT: PXM 0 -> APIC 0x000f -> Node 0
[    0.015119] SRAT: PXM 0 -> APIC 0x0010 -> Node 0
[    0.015119] SRAT: PXM 0 -> APIC 0x0011 -> Node 0
[    0.015119] SRAT: PXM 0 -> APIC 0x0012 -> Node 0
[    0.015120] SRAT: PXM 0 -> APIC 0x0013 -> Node 0
[    0.015120] SRAT: PXM 0 -> APIC 0x0014 -> Node 0
[    0.015121] SRAT: PXM 0 -> APIC 0x0015 -> Node 0
[    0.015121] SRAT: PXM 0 -> APIC 0x0016 -> Node 0
[    0.015121] SRAT: PXM 0 -> APIC 0x0017 -> Node 0
[    0.015122] SRAT: PXM 0 -> APIC 0x0018 -> Node 0
[    0.015122] SRAT: PXM 0 -> APIC 0x0019 -> Node 0
[    0.015123] SRAT: PXM 0 -> APIC 0x001a -> Node 0
[    0.015123] SRAT: PXM 0 -> APIC 0x001b -> Node 0
[    0.015123] SRAT: PXM 0 -> APIC 0x001c -> Node 0
[    0.015124] SRAT: PXM 0 -> APIC 0x001d -> Node 0
[    0.015124] SRAT: PXM 0 -> APIC 0x001e -> Node 0
[    0.015125] SRAT: PXM 0 -> APIC 0x001f -> Node 0
[    0.015125] SRAT: PXM 0 -> APIC 0x0020 -> Node 0
[    0.015126] SRAT: PXM 0 -> APIC 0x0021 -> Node 0
[    0.015126] SRAT: PXM 0 -> APIC 0x0022 -> Node 0
[    0.015126] SRAT: PXM 0 -> APIC 0x0023 -> Node 0
[    0.015127] SRAT: PXM 0 -> APIC 0x0024 -> Node 0
[    0.015127] SRAT: PXM 0 -> APIC 0x0025 -> Node 0
[    0.015128] SRAT: PXM 0 -> APIC 0x0026 -> Node 0
[    0.015128] SRAT: PXM 0 -> APIC 0x0027 -> Node 0
[    0.015128] SRAT: PXM 0 -> APIC 0x0028 -> Node 0
[    0.015129] SRAT: PXM 0 -> APIC 0x0029 -> Node 0
[    0.015129] SRAT: PXM 0 -> APIC 0x002a -> Node 0
[    0.015130] SRAT: PXM 0 -> APIC 0x002b -> Node 0
[    0.015130] SRAT: PXM 0 -> APIC 0x002c -> Node 0
[    0.015130] SRAT: PXM 0 -> APIC 0x002d -> Node 0
[    0.015131] SRAT: PXM 0 -> APIC 0x002e -> Node 0
[    0.015131] SRAT: PXM 0 -> APIC 0x002f -> Node 0
[    0.015132] SRAT: PXM 0 -> APIC 0x0030 -> Node 0
[    0.015132] SRAT: PXM 0 -> APIC 0x0031 -> Node 0
[    0.015132] SRAT: PXM 0 -> APIC 0x0032 -> Node 0
[    0.015133] SRAT: PXM 0 -> APIC 0x0033 -> Node 0
[    0.015133] SRAT: PXM 0 -> APIC 0x0034 -> Node 0
[    0.015134] SRAT: PXM 0 -> APIC 0x0035 -> Node 0
[    0.015134] SRAT: PXM 0 -> APIC 0x0036 -> Node 0
[    0.015135] SRAT: PXM 0 -> APIC 0x0037 -> Node 0
[    0.015135] SRAT: PXM 1 -> APIC 0x0080 -> Node 1
[    0.015136] SRAT: PXM 1 -> APIC 0x0081 -> Node 1
[    0.015136] SRAT: PXM 1 -> APIC 0x0082 -> Node 1
[    0.015136] SRAT: PXM 1 -> APIC 0x0083 -> Node 1
[    0.015137] SRAT: PXM 1 -> APIC 0x0084 -> Node 1
[    0.015137] SRAT: PXM 1 -> APIC 0x0085 -> Node 1
[    0.015138] SRAT: PXM 1 -> APIC 0x0086 -> Node 1
[    0.015138] SRAT: PXM 1 -> APIC 0x0087 -> Node 1
[    0.015138] SRAT: PXM 1 -> APIC 0x0088 -> Node 1
[    0.015139] SRAT: PXM 1 -> APIC 0x0089 -> Node 1
[    0.015139] SRAT: PXM 1 -> APIC 0x008a -> Node 1
[    0.015140] SRAT: PXM 1 -> APIC 0x008b -> Node 1
[    0.015140] SRAT: PXM 1 -> APIC 0x008c -> Node 1
[    0.015140] SRAT: PXM 1 -> APIC 0x008d -> Node 1
[    0.015141] SRAT: PXM 1 -> APIC 0x008e -> Node 1
[    0.015141] SRAT: PXM 1 -> APIC 0x008f -> Node 1
[    0.015142] SRAT: PXM 1 -> APIC 0x0090 -> Node 1
[    0.015142] SRAT: PXM 1 -> APIC 0x0091 -> Node 1
[    0.015143] SRAT: PXM 1 -> APIC 0x0092 -> Node 1
[    0.015143] SRAT: PXM 1 -> APIC 0x0093 -> Node 1
[    0.015143] SRAT: PXM 1 -> APIC 0x0094 -> Node 1
[    0.015144] SRAT: PXM 1 -> APIC 0x0095 -> Node 1
[    0.015144] SRAT: PXM 1 -> APIC 0x0096 -> Node 1
[    0.015145] SRAT: PXM 1 -> APIC 0x0097 -> Node 1
[    0.015145] SRAT: PXM 1 -> APIC 0x0098 -> Node 1
[    0.015145] SRAT: PXM 1 -> APIC 0x0099 -> Node 1
[    0.015146] SRAT: PXM 1 -> APIC 0x009a -> Node 1
[    0.015146] SRAT: PXM 1 -> APIC 0x009b -> Node 1
[    0.015147] SRAT: PXM 1 -> APIC 0x009c -> Node 1
[    0.015147] SRAT: PXM 1 -> APIC 0x009d -> Node 1
[    0.015147] SRAT: PXM 1 -> APIC 0x009e -> Node 1
[    0.015148] SRAT: PXM 1 -> APIC 0x009f -> Node 1
[    0.015148] SRAT: PXM 1 -> APIC 0x00a0 -> Node 1
[    0.015149] SRAT: PXM 1 -> APIC 0x00a1 -> Node 1
[    0.015149] SRAT: PXM 1 -> APIC 0x00a2 -> Node 1
[    0.015149] SRAT: PXM 1 -> APIC 0x00a3 -> Node 1
[    0.015150] SRAT: PXM 1 -> APIC 0x00a4 -> Node 1
[    0.015150] SRAT: PXM 1 -> APIC 0x00a5 -> Node 1
[    0.015151] SRAT: PXM 1 -> APIC 0x00a6 -> Node 1
[    0.015151] SRAT: PXM 1 -> APIC 0x00a7 -> Node 1
[    0.015152] SRAT: PXM 1 -> APIC 0x00a8 -> Node 1
[    0.015152] SRAT: PXM 1 -> APIC 0x00a9 -> Node 1
[    0.015152] SRAT: PXM 1 -> APIC 0x00aa -> Node 1
[    0.015153] SRAT: PXM 1 -> APIC 0x00ab -> Node 1
[    0.015153] SRAT: PXM 1 -> APIC 0x00ac -> Node 1
[    0.015154] SRAT: PXM 1 -> APIC 0x00ad -> Node 1
[    0.015154] SRAT: PXM 1 -> APIC 0x00ae -> Node 1
[    0.015154] SRAT: PXM 1 -> APIC 0x00af -> Node 1
[    0.015155] SRAT: PXM 1 -> APIC 0x00b0 -> Node 1
[    0.015155] SRAT: PXM 1 -> APIC 0x00b1 -> Node 1
[    0.015156] SRAT: PXM 1 -> APIC 0x00b2 -> Node 1
[    0.015156] SRAT: PXM 1 -> APIC 0x00b3 -> Node 1
[    0.015157] SRAT: PXM 1 -> APIC 0x00b4 -> Node 1
[    0.015157] SRAT: PXM 1 -> APIC 0x00b5 -> Node 1
[    0.015157] SRAT: PXM 1 -> APIC 0x00b6 -> Node 1
[    0.015158] SRAT: PXM 1 -> APIC 0x00b7 -> Node 1
[    0.015170] ACPI: SRAT: Node 0 PXM 0 [mem 0x00000000-0x7fffffff]
[    0.015171] ACPI: SRAT: Node 0 PXM 0 [mem 0x100000000-0x107fffffff]
[    0.015172] ACPI: SRAT: Node 2 PXM 2 [mem 0x2080000000-0x9e7fffffff] non-volatile
[    0.015173] ACPI: SRAT: Node 1 PXM 1 [mem 0x1080000000-0x207fffffff]
[    0.015173] ACPI: SRAT: Node 3 PXM 3 [mem 0x9e80000000-0x11c7fffffff] non-volatile
[    0.015183] NUMA: Initialized distance table, cnt=4
[    0.015185] NUMA: Node 0 [mem 0x00000000-0x7fffffff] + [mem 0x100000000-0x107fffffff] -> [mem 0x00000000-0x107fffffff]
[    0.015193] NODE_DATA(0) allocated [mem 0xffffd5000-0xfffffffff]
[    0.015211] NODE_DATA(1) allocated [mem 0x20658f1000-0x206591bfff]
[    0.015366] Zone ranges:
[    0.015366]   DMA      [mem 0x0000000000001000-0x0000000000ffffff]
[    0.015367]   DMA32    [mem 0x0000000001000000-0x00000000ffffffff]
[    0.015368]   Normal   [mem 0x0000000100000000-0x000000207fffffff]
[    0.015369]   Device   empty
[    0.015369] Movable zone start for each node
[    0.015373] Early memory node ranges
[    0.015373]   node   0: [mem 0x0000000000001000-0x000000000008efff]
[    0.015374]   node   0: [mem 0x0000000000090000-0x000000000009ffff]
[    0.015374]   node   0: [mem 0x0000000000100000-0x0000000049e76fff]
[    0.015375]   node   0: [mem 0x000000004ae77000-0x000000004b2cefff]
[    0.015376]   node   0: [mem 0x000000004b54e000-0x000000004bd93fff]
[    0.015376]   node   0: [mem 0x000000004be9a000-0x000000004cdfffff]
[    0.015377]   node   0: [mem 0x000000004d000000-0x000000005eefdfff]
[    0.015377]   node   0: [mem 0x000000006f7ff000-0x000000006f7fffff]
[    0.015378]   node   0: [mem 0x0000000cf1b00000-0x0000000fffffffff]
[    0.015379]   node   1: [mem 0x0000001ec0000000-0x000000207fffffff]
[    0.015913] Zeroed struct page in unavailable ranges: 49640 pages
[    0.015914] Initmem setup node 0 [mem 0x0000000000001000-0x0000000fffffffff]
[    0.015916] On node 0 totalpages: 3587608
[    0.015917]   DMA zone: 64 pages used for memmap
[    0.015917]   DMA zone: 1102 pages reserved
[    0.015918]   DMA zone: 3998 pages, LIFO batch:0
[    0.015963]   DMA32 zone: 5926 pages used for memmap
[    0.015963]   DMA32 zone: 379258 pages, LIFO batch:63
[    0.021949]   Normal zone: 50068 pages used for memmap
[    0.021950]   Normal zone: 3204352 pages, LIFO batch:63
[    0.084660] Initmem setup node 1 [mem 0x0000001ec0000000-0x000000207fffffff]
[    0.084662] On node 1 totalpages: 1835008
[    0.084663]   Normal zone: 28672 pages used for memmap
[    0.084663]   Normal zone: 1835008 pages, LIFO batch:63
[    0.104794] ACPI: PM-Timer IO Port: 0x508
[    0.104797] ACPI: Local APIC address 0xfee00000
[    0.104813] ACPI: X2APIC_NMI (uid[0xffffffff] high edge lint[0x1])
[    0.104816] ACPI: LAPIC_NMI (acpi_id[0xff] high edge lint[0x1])
[    0.104835] IOAPIC[0]: apic_id 8, version 32, address 0xfec00000, GSI 0-119
[    0.104837] ACPI: INT_SRC_OVR (bus 0 bus_irq 0 global_irq 2 dfl dfl)
[    0.104838] ACPI: INT_SRC_OVR (bus 0 bus_irq 9 global_irq 9 high level)
[    0.104840] ACPI: IRQ0 used by override.
[    0.104840] ACPI: IRQ9 used by override.
[    0.104843] Using ACPI (MADT) for SMP configuration information
[    0.104844] ACPI: HPET id: 0x8086a701 base: 0xfed00000
[    0.104848] smpboot: Allowing 112 CPUs, 0 hotplug CPUs
[    0.104873] PM: Registered nosave memory: [mem 0x00000000-0x00000fff]
[    0.104875] PM: Registered nosave memory: [mem 0x0008f000-0x0008ffff]
[    0.104876] PM: Registered nosave memory: [mem 0x000a0000-0x000fffff]
[    0.104878] PM: Registered nosave memory: [mem 0x47bcd000-0x47bcdfff]
[    0.104879] PM: Registered nosave memory: [mem 0x47bfe000-0x47bfefff]
[    0.104880] PM: Registered nosave memory: [mem 0x47bff000-0x47bfffff]
[    0.104881] PM: Registered nosave memory: [mem 0x47c31000-0x47c31fff]
[    0.104881] PM: Registered nosave memory: [mem 0x47c32000-0x47c32fff]
[    0.104883] PM: Registered nosave memory: [mem 0x47c64000-0x47c64fff]
[    0.104883] PM: Registered nosave memory: [mem 0x47c65000-0x47c65fff]
[    0.104885] PM: Registered nosave memory: [mem 0x47c6d000-0x47c6dfff]
[    0.104886] PM: Registered nosave memory: [mem 0x49e77000-0x4ae76fff]
[    0.104888] PM: Registered nosave memory: [mem 0x4b2cf000-0x4b54dfff]
[    0.104889] PM: Registered nosave memory: [mem 0x4bd94000-0x4be99fff]
[    0.104891] PM: Registered nosave memory: [mem 0x4ce00000-0x4cffffff]
[    0.104892] PM: Registered nosave memory: [mem 0x5eefe000-0x6e3fefff]
[    0.104893] PM: Registered nosave memory: [mem 0x6e3ff000-0x6f3fefff]
[    0.104893] PM: Registered nosave memory: [mem 0x6f3ff000-0x6f7fefff]
[    0.104895] PM: Registered nosave memory: [mem 0x6f800000-0x8fffffff]
[    0.104895] PM: Registered nosave memory: [mem 0x90000000-0xfdffffff]
[    0.104896] PM: Registered nosave memory: [mem 0xfe000000-0xfe010fff]
[    0.104896] PM: Registered nosave memory: [mem 0xfe011000-0xffffffff]
[    0.104897] PM: Registered nosave memory: [mem 0x100000000-0xcf1afffff]
[    0.104898] PM: Registered nosave memory: [mem 0x1000000000-0x1ebfffffff]
[    0.104900] [mem 0x90000000-0xfdffffff] available for PCI devices
[    0.104901] Booting paravirtualized kernel on bare hardware
[    0.104904] clocksource: refined-jiffies: mask: 0xffffffff max_cycles: 0xffffffff, max_idle_ns: 7645519600211568 ns
[    0.104911] setup_percpu: NR_CPUS:8192 nr_cpumask_bits:112 nr_cpu_ids:112 nr_node_ids:4
[    0.109470] percpu: Embedded 55 pages/cpu s188416 r8192 d28672 u262144
[    0.109480] pcpu-alloc: s188416 r8192 d28672 u262144 alloc=1*2097152
[    0.109481] pcpu-alloc: [0] 000 002 004 006 008 010 012 014 
[    0.109483] pcpu-alloc: [0] 016 018 020 022 024 026 028 030 
[    0.109485] pcpu-alloc: [0] 032 034 036 038 040 042 044 046 
[    0.109486] pcpu-alloc: [0] 048 050 052 054 056 058 060 062 
[    0.109488] pcpu-alloc: [0] 064 066 068 070 072 074 076 078 
[    0.109489] pcpu-alloc: [0] 080 082 084 086 088 090 092 094 
[    0.109490] pcpu-alloc: [0] 096 098 100 102 104 106 108 110 
[    0.109492] pcpu-alloc: [1] 001 003 005 007 009 011 013 015 
[    0.109493] pcpu-alloc: [1] 017 019 021 023 025 027 029 031 
[    0.109495] pcpu-alloc: [1] 033 035 037 039 041 043 045 047 
[    0.109496] pcpu-alloc: [1] 049 051 053 055 057 059 061 063 
[    0.109497] pcpu-alloc: [1] 065 067 069 071 073 075 077 079 
[    0.109499] pcpu-alloc: [1] 081 083 085 087 089 091 093 095 
[    0.109500] pcpu-alloc: [1] 097 099 101 103 105 107 109 111 
[    0.109544] Built 2 zonelists, mobility grouping on.  Total pages: 5336784
[    0.109544] Policy zone: Normal
[    0.109546] Kernel command line: BOOT_IMAGE=/boot/vmlinuz-5.3.1-multiclock root=UUID=ce0c24b8-724b-4f33-9b2c-618433560aef ro memmap=48923M!4096M memmap=59G!64G quiet splash nomodeset vt.handoff=1
[    0.109651] You have booted with nomodeset. This means your GPU drivers are DISABLED
[    0.109652] Any video related functionality will be severely degraded, and you may not even be able to suspend the system properly
[    0.109652] Unless you actually understand what nomodeset does, you should reboot without enabling it
[    0.109669] printk: log_buf_len individual max cpu contribution: 4096 bytes
[    0.109670] printk: log_buf_len total cpu_extra contributions: 454656 bytes
[    0.109670] printk: log_buf_len min size: 262144 bytes
[    0.109828] printk: log_buf_len: 1048576 bytes
[    0.109829] printk: early log buf free: 221788(84%)
[    0.111332] mem auto-init: stack:off, heap alloc:on, heap free:off
[    0.117259] Calgary: detecting Calgary via BIOS EBDA area
[    0.117260] Calgary: Unable to locate Rio Grande table in EBDA - bailing!
[    0.163820] Memory: 20662064K/21690464K available (14339K kernel code, 2373K rwdata, 4660K rodata, 2680K init, 5056K bss, 1028400K reserved, 0K cma-reserved)
[    0.164456] SLUB: HWalign=64, Order=0-3, MinObjects=0, CPUs=112, Nodes=4
[    0.164485] ftrace: allocating 43047 entries in 169 pages
[    0.180751] rcu: Hierarchical RCU implementation.
[    0.180752] rcu: 	RCU restricting CPUs from NR_CPUS=8192 to nr_cpu_ids=112.
[    0.180753] 	Tasks RCU enabled.
[    0.180754] rcu: RCU calculated value of scheduler-enlistment delay is 25 jiffies.
[    0.180754] rcu: Adjusting geometry for rcu_fanout_leaf=16, nr_cpu_ids=112
[    0.183353] NR_IRQS: 524544, nr_irqs: 2952, preallocated irqs: 16
[    0.183757] random: crng done (trusting CPU's manufacturer)
[    0.183929] Console: colour dummy device 80x25
[    0.183944] printk: console [tty0] enabled
[    0.184036] mempolicy: Enabling automatic NUMA balancing. Configure with numa_balancing= or the kernel.numa_balancing sysctl
[    0.184039] ACPI: Core revision 20190703
[    0.187455] clocksource: hpet: mask: 0xffffffff max_cycles: 0xffffffff, max_idle_ns: 79635855245 ns
[    0.187497] APIC: Switch to symmetric I/O mode setup
[    0.187500] DMAR: Host address width 46
[    0.187501] DMAR: DRHD base: 0x000000d0ffc000 flags: 0x0
[    0.187506] DMAR: dmar0: reg_base_addr d0ffc000 ver 4:0 cap 8ed008c40780466 ecap 60000f050df
[    0.187507] DMAR: DRHD base: 0x000000dbbfc000 flags: 0x0
[    0.187510] DMAR: dmar1: reg_base_addr dbbfc000 ver 4:0 cap 8ed008c40780466 ecap 60000f050df
[    0.187511] DMAR: DRHD base: 0x000000e67fc000 flags: 0x0
[    0.187514] DMAR: dmar2: reg_base_addr e67fc000 ver 4:0 cap 8ed008c40780466 ecap 60000f050df
[    0.187515] DMAR: DRHD base: 0x000000f13fc000 flags: 0x0
[    0.187518] DMAR: dmar3: reg_base_addr f13fc000 ver 4:0 cap 8ed008c40780466 ecap 60000f050df
[    0.187519] DMAR: DRHD base: 0x000000fb7fc000 flags: 0x0
[    0.187522] DMAR: dmar4: reg_base_addr fb7fc000 ver 4:0 cap 8ed008c40780466 ecap 60000f050df
[    0.187522] DMAR: DRHD base: 0x000000a63fc000 flags: 0x0
[    0.187525] DMAR: dmar5: reg_base_addr a63fc000 ver 4:0 cap 8ed008c40780466 ecap 60000f050df
[    0.187526] DMAR: DRHD base: 0x000000b0ffc000 flags: 0x0
[    0.187528] DMAR: dmar6: reg_base_addr b0ffc000 ver 4:0 cap 8ed008c40780466 ecap 60000f050df
[    0.187529] DMAR: DRHD base: 0x000000bbbfc000 flags: 0x0
[    0.187533] DMAR: dmar7: reg_base_addr bbbfc000 ver 4:0 cap 8ed008c40780466 ecap 60000f050df
[    0.187534] DMAR: DRHD base: 0x000000c5ffc000 flags: 0x0
[    0.187537] DMAR: dmar8: reg_base_addr c5ffc000 ver 4:0 cap 8ed008c40780466 ecap 60000f050df
[    0.187537] DMAR: DRHD base: 0x0000009b7fc000 flags: 0x1
[    0.187540] DMAR: dmar9: reg_base_addr 9b7fc000 ver 4:0 cap 8ed008c40780466 ecap 60000f050df
[    0.187541] DMAR: RMRR base: 0x00000069427000 end: 0x00000069429fff
[    0.187542] DMAR: ATSR flags: 0x0
[    0.187543] DMAR-IR: IOAPIC id 8 under DRHD base  0x9b7fc000 IOMMU 9
[    0.187544] DMAR-IR: HPET id 0 under DRHD base 0x9b7fc000
[    0.187545] DMAR-IR: Queued invalidation will be enabled to support x2apic and Intr-remapping.
[    0.189966] DMAR-IR: Enabled IRQ remapping in x2apic mode
[    0.192620] ..TIMER: vector=0x30 apic1=0 pin1=2 apic2=-1 pin2=-1
[    0.211425] clocksource: tsc-early: mask: 0xffffffffffffffff max_cycles: 0x39a85c9bff6, max_idle_ns: 881590591483 ns
[    0.211429] Calibrating delay loop (skipped), value calculated using timer frequency.. 4000.00 BogoMIPS (lpj=8000000)
[    0.211431] pid_max: default: 114688 minimum: 896
[    0.215477] LSM: Security Framework initializing
[    0.215502] Yama: becoming mindful.
[    0.215867] AppArmor: AppArmor initialized
[    0.220404] Dentry cache hash table entries: 4194304 (order: 13, 33554432 bytes, vmalloc)
[    0.222677] Inode-cache hash table entries: 2097152 (order: 12, 16777216 bytes, vmalloc)
[    0.222803] Mount-cache hash table entries: 65536 (order: 7, 524288 bytes, vmalloc)
[    0.222873] Mountpoint-cache hash table entries: 65536 (order: 7, 524288 bytes, vmalloc)
[    0.223160] *** VALIDATE proc ***
[    0.223386] *** VALIDATE cgroup1 ***
[    0.223387] *** VALIDATE cgroup2 ***
[    0.223517] x86/tme: not enabled by BIOS
[    0.223520] x86/cpu: User Mode Instruction Prevention (UMIP) activated
[    0.223594] mce: CPU0: Thermal monitoring enabled (TM1)
[    0.223804] process: using mwait in idle threads
[    0.223806] Last level iTLB entries: 4KB 0, 2MB 0, 4MB 0
[    0.223807] Last level dTLB entries: 4KB 0, 2MB 0, 4MB 0, 1GB 0
[    0.223809] Spectre V1 : Mitigation: usercopy/swapgs barriers and __user pointer sanitization
[    0.223811] Spectre V2 : Mitigation: Enhanced IBRS
[    0.223812] Spectre V2 : Spectre v2 / SpectreRSB mitigation: Filling RSB on context switch
[    0.223813] Spectre V2 : mitigation: Enabling conditional Indirect Branch Prediction Barrier
[    0.223814] Speculative Store Bypass: Mitigation: Speculative Store Bypass disabled via prctl and seccomp
[    0.224078] Freeing SMP alternatives memory: 40K
[    0.227570] TSC deadline timer enabled
[    0.227578] smpboot: CPU0: Intel(R) Xeon(R) Gold 6330 CPU @ 2.00GHz (family: 0x6, model: 0x6a, stepping: 0x6)
[    0.227763] Performance Events: PEBS fmt4+-baseline, Icelake events, 32-deep LBR, full-width counters, Intel PMU driver.
[    0.227768] ... version:                5
[    0.227768] ... bit width:              48
[    0.227769] ... generic registers:      8
[    0.227769] ... value mask:             0000ffffffffffff
[    0.227770] ... max period:             00007fffffffffff
[    0.227770] ... fixed-purpose events:   4
[    0.227771] ... event mask:             0000000f000000ff
[    0.227877] rcu: Hierarchical SRCU implementation.
[    0.235164] NMI watchdog: Enabled. Permanently consumes one hw-PMU counter.
[    0.236413] smp: Bringing up secondary CPUs ...
[    0.236536] x86: Booting SMP configuration:
[    0.236537] .... node  #1, CPUs:          #1
[    0.003731] smpboot: CPU 1 Converting physical 0 to logical die 1
[    0.323534] .... node  #0, CPUs:     #2
[    0.328883] .... node  #1, CPUs:     #3
[    0.334262] .... node  #0, CPUs:     #4
[    0.339616] .... node  #1, CPUs:     #5
[    0.344954] .... node  #0, CPUs:     #6
[    0.350508] .... node  #1, CPUs:     #7
[    0.356053] .... node  #0, CPUs:     #8
[    0.361315] .... node  #1, CPUs:     #9
[    0.367004] .... node  #0, CPUs:    #10
[    0.372696] .... node  #1, CPUs:    #11
[    0.378385] .... node  #0, CPUs:    #12
[    0.383873] .... node  #1, CPUs:    #13
[    0.389179] .... node  #0, CPUs:    #14
[    0.394403] .... node  #1, CPUs:    #15
[    0.399679] .... node  #0, CPUs:    #16
[    0.404911] .... node  #1, CPUs:    #17
[    0.410186] .... node  #0, CPUs:    #18
[    0.415588] .... node  #1, CPUs:    #19
[    0.421013] .... node  #0, CPUs:    #20
[    0.426217] .... node  #1, CPUs:    #21
[    0.431773] .... node  #0, CPUs:    #22
[    0.437184] .... node  #1, CPUs:    #23
[    0.442408] .... node  #0, CPUs:    #24
[    0.447997] .... node  #1, CPUs:    #25
[    0.453298] .... node  #0, CPUs:    #26
[    0.458482] .... node  #1, CPUs:    #27
[    0.463748] .... node  #0, CPUs:    #28
[    0.469218] .... node  #1, CPUs:    #29
[    0.474466] .... node  #0, CPUs:    #30
[    0.479657] .... node  #1, CPUs:    #31
[    0.485085] .... node  #0, CPUs:    #32
[    0.490346] .... node  #1, CPUs:    #33
[    0.495663] .... node  #0, CPUs:    #34
[    0.501076] .... node  #1, CPUs:    #35
[    0.506356] .... node  #0, CPUs:    #36
[    0.511574] .... node  #1, CPUs:    #37
[    0.516802] .... node  #0, CPUs:    #38
[    0.522326] .... node  #1, CPUs:    #39
[    0.527817] .... node  #0, CPUs:    #40
[    0.533382] .... node  #1, CPUs:    #41
[    0.539083] .... node  #0, CPUs:    #42
[    0.544358] .... node  #1, CPUs:    #43
[    0.549955] .... node  #0, CPUs:    #44
[    0.555517] .... node  #1, CPUs:    #45
[    0.560721] .... node  #0, CPUs:    #46
[    0.566232] .... node  #1, CPUs:    #47
[    0.571640] .... node  #0, CPUs:    #48
[    0.576933] .... node  #1, CPUs:    #49
[    0.582331] .... node  #0, CPUs:    #50
[    0.587785] .... node  #1, CPUs:    #51
[    0.593390] .... node  #0, CPUs:    #52
[    0.598826] .... node  #1, CPUs:    #53
[    0.604361] .... node  #0, CPUs:    #54
[    0.610032] .... node  #1, CPUs:    #55
[    0.615793] .... node  #0, CPUs:    #56
[    0.621673] .... node  #1, CPUs:    #57
[    0.627535] .... node  #0, CPUs:    #58
[    0.632908] .... node  #1, CPUs:    #59
[    0.638310] .... node  #0, CPUs:    #60
[    0.643651] .... node  #1, CPUs:    #61
[    0.649024] .... node  #0, CPUs:    #62
[    0.654581] .... node  #1, CPUs:    #63
[    0.660144] .... node  #0, CPUs:    #64
[    0.665419] .... node  #1, CPUs:    #65
[    0.671122] .... node  #0, CPUs:    #66
[    0.676821] .... node  #1, CPUs:    #67
[    0.682547] .... node  #0, CPUs:    #68
[    0.688039] .... node  #1, CPUs:    #69
[    0.693372] .... node  #0, CPUs:    #70
[    0.698570] .... node  #1, CPUs:    #71
[    0.703865] .... node  #0, CPUs:    #72
[    0.709117] .... node  #1, CPUs:    #73
[    0.714413] .... node  #0, CPUs:    #74
[    0.719649] .... node  #1, CPUs:    #75
[    0.725267] .... node  #0, CPUs:    #76
[    0.730483] .... node  #1, CPUs:    #77
[    0.736068] .... node  #0, CPUs:    #78
[    0.741488] .... node  #1, CPUs:    #79
[    0.746752] .... node  #0, CPUs:    #80
[    0.752361] .... node  #1, CPUs:    #81
[    0.757669] .... node  #0, CPUs:    #82
[    0.762865] .... node  #1, CPUs:    #83
[    0.768154] .... node  #0, CPUs:    #84
[    0.773647] .... node  #1, CPUs:    #85
[    0.778919] .... node  #0, CPUs:    #86
[    0.784113] .... node  #1, CPUs:    #87
[    0.789576] .... node  #0, CPUs:    #88
[    0.794854] .... node  #1, CPUs:    #89
[    0.800201] .... node  #0, CPUs:    #90
[    0.805619] .... node  #1, CPUs:    #91
[    0.810909] .... node  #0, CPUs:    #92
[    0.816108] .... node  #1, CPUs:    #93
[    0.821393] .... node  #0, CPUs:    #94
[    0.826946] .... node  #1, CPUs:    #95
[    0.832442] .... node  #0, CPUs:    #96
[    0.838036] .... node  #1, CPUs:    #97
[    0.843755] .... node  #0, CPUs:    #98
[    0.849050] .... node  #1, CPUs:    #99
[    0.854673] .... node  #0, CPUs:   #100
[    0.860001] .... node  #1, CPUs:   #101
[    0.865447] .... node  #0, CPUs:   #102
[    0.870970] .... node  #1, CPUs:   #103
[    0.876395] .... node  #0, CPUs:   #104
[    0.881715] .... node  #1, CPUs:   #105
[    0.887124] .... node  #0, CPUs:   #106
[    0.892587] .... node  #1, CPUs:   #107
[    0.898204] .... node  #0, CPUs:   #108
[    0.903646] .... node  #1, CPUs:   #109
[    0.909217] .... node  #0, CPUs:   #110
[    0.914894] .... node  #1, CPUs:   #111
[    0.920654] smp: Brought up 2 nodes, 112 CPUs
[    0.920654] smpboot: Max logical packages: 2
[    0.920654] smpboot: Total of 112 processors activated (448063.78 BogoMIPS)
[    0.930252] devtmpfs: initialized
[    0.930252] x86/mm: Memory block size: 2048MB
[    0.930252] PM: Registering ACPI NVS region [mem 0x49e77000-0x4ae76fff] (16777216 bytes)
[    0.930252] PM: Registering ACPI NVS region [mem 0x6e3ff000-0x6f3fefff] (16777216 bytes)
[    0.930252] clocksource: jiffies: mask: 0xffffffff max_cycles: 0xffffffff, max_idle_ns: 7645041785100000 ns
[    0.931688] futex hash table entries: 32768 (order: 9, 2097152 bytes, vmalloc)
[    0.932271] pinctrl core: initialized pinctrl subsystem
[    0.932398] PM: RTC time: 09:32:20, date: 2024-07-01
[    0.932661] NET: Registered protocol family 16
[    0.932771] audit: initializing netlink subsys (disabled)
[    0.932775] audit: type=2000 audit(1719826339.748:1): state=initialized audit_enabled=0 res=1
[    0.932775] EISA bus registered
[    0.932775] cpuidle: using governor ladder
[    0.932775] cpuidle: using governor menu
[    0.932775] ACPI FADT declares the system doesn't support PCIe ASPM, so disable it
[    0.932775] ACPI: bus type PCI registered
[    0.932775] acpiphp: ACPI Hot Plug PCI Controller Driver version: 0.5
[    0.932775] PCI: MMCONFIG for domain 0000 [bus 00-ff] at [mem 0x80000000-0x8fffffff] (base 0x80000000)
[    0.932775] PCI: MMCONFIG at [mem 0x80000000-0x8fffffff] reserved in E820
[    0.932775] pmd_set_huge: Cannot satisfy [mem 0x80000000-0x80200000] with a huge-page mapping due to MTRR override.
[    0.932775] PCI: Using configuration type 1 for base access
[    0.932775] PCI: Dell System detected, enabling pci=bfsort.
[    0.935437] ENERGY_PERF_BIAS: Set to 'normal', was 'performance'
[    0.939727] HugeTLB registered 1.00 GiB page size, pre-allocated 0 pages
[    0.939727] HugeTLB registered 2.00 MiB page size, pre-allocated 0 pages
[    0.943446] ACPI: Added _OSI(Module Device)
[    0.943446] ACPI: Added _OSI(Processor Device)
[    0.943446] ACPI: Added _OSI(3.0 _SCP Extensions)
[    0.943446] ACPI: Added _OSI(Processor Aggregator Device)
[    0.943446] ACPI: Added _OSI(Linux-Dell-Video)
[    0.943446] ACPI: Added _OSI(Linux-Lenovo-NV-HDMI-Audio)
[    0.943446] ACPI: Added _OSI(Linux-HPI-Hybrid-Graphics)
[    1.106573] ACPI: 8 ACPI AML tables successfully acquired and loaded
[    1.113748] ACPI: [Firmware Bug]: BIOS _OSI(Linux) query ignored
[    1.120325] ACPI: Dynamic OEM Table Load:
[    1.511297] ACPI: Interpreter enabled
[    1.511315] ACPI: (supports S0 S5)
[    1.511315] ACPI: Using IOAPIC for interrupt routing
[    1.511402] HEST: Table parsing has been initialized.
[    1.511405] PCI: Using host bridge windows from ACPI; if necessary, use "pci=nocrs" and report a bug
[    1.540135] ACPI: Enabled 4 GPEs in block 00 to 7F
[    1.664455] ACPI: PCI Root Bridge [PC00] (domain 0000 [bus 00-15])
[    1.664460] acpi PNP0A08:00: _OSC: OS supports [ExtendedConfig ASPM ClockPM Segments MSI HPX-Type3]
[    1.664538] acpi PNP0A08:00: PCIe AER handled by firmware
[    1.664650] acpi PNP0A08:00: _OSC: platform does not support [SHPCHotplug LTR]
[    1.664856] acpi PNP0A08:00: _OSC: OS now controls [PCIeHotplug PME PCIeCapability]
[    1.664856] acpi PNP0A08:00: FADT indicates ASPM is unsupported, using BIOS configuration
[    1.666630] PCI host bridge to bus 0000:00
[    1.666632] pci_bus 0000:00: root bus resource [io  0x0000-0x0cf7 window]
[    1.666633] pci_bus 0000:00: root bus resource [io  0x1000-0x4fff window]
[    1.666634] pci_bus 0000:00: root bus resource [mem 0x000a0000-0x000bffff window]
[    1.666634] pci_bus 0000:00: root bus resource [mem 0x000c8000-0x000cffff window]
[    1.666635] pci_bus 0000:00: root bus resource [mem 0xfe010000-0xfe010fff window]
[    1.666636] pci_bus 0000:00: root bus resource [mem 0x90000000-0x9b7fffff window]
[    1.666637] pci_bus 0000:00: root bus resource [mem 0x200000000000-0x20ffffffffff window]
[    1.666637] pci_bus 0000:00: root bus resource [bus 00-15]
[    1.666647] pci 0000:00:00.0: [8086:09a2] type 00 class 0x088000
[    1.667364] pci 0000:00:00.1: [8086:09a4] type 00 class 0x088000
[    1.668068] pci 0000:00:00.2: [8086:09a3] type 00 class 0x088000
[    1.668772] pci 0000:00:00.4: [8086:0998] type 00 class 0x060000
[    1.669478] pci 0000:00:02.0: [8086:09a6] type 00 class 0x088000
[    1.669487] pci 0000:00:02.0: reg 0x10: [mem 0x92dfc000-0x92dfdfff]
[    1.670183] pci 0000:00:02.1: [8086:09a7] type 00 class 0x088000
[    1.670192] pci 0000:00:02.1: reg 0x10: [mem 0x92d00000-0x92d7ffff]
[    1.670196] pci 0000:00:02.1: reg 0x14: [mem 0x92c80000-0x92cfffff]
[    1.670891] pci 0000:00:02.4: [8086:3456] type 00 class 0x130000
[    1.670902] pci 0000:00:02.4: reg 0x10: [mem 0x92a00000-0x92afffff 64bit]
[    1.670908] pci 0000:00:02.4: reg 0x18: [mem 0x92df0000-0x92df3fff 64bit]
[    1.670914] pci 0000:00:02.4: reg 0x20: [mem 0x92dc0000-0x92ddffff 64bit]
[    1.671625] pci 0000:00:11.0: [8086:a1ec] type 00 class 0xff0000
[    1.672395] pci 0000:00:11.5: [8086:a1d2] type 00 class 0x010601
[    1.672412] pci 0000:00:11.5: reg 0x10: [mem 0x92dfa000-0x92dfbfff]
[    1.672419] pci 0000:00:11.5: reg 0x14: [mem 0x92e05000-0x92e050ff]
[    1.672426] pci 0000:00:11.5: reg 0x18: [io  0x2068-0x206f]
[    1.672433] pci 0000:00:11.5: reg 0x1c: [io  0x2074-0x2077]
[    1.672440] pci 0000:00:11.5: reg 0x20: [io  0x2040-0x205f]
[    1.672447] pci 0000:00:11.5: reg 0x24: [mem 0x92b80000-0x92bfffff]
[    1.672485] pci 0000:00:11.5: PME# supported from D3hot
[    1.673203] pci 0000:00:14.0: [8086:a1af] type 00 class 0x0c0330
[    1.673224] pci 0000:00:14.0: reg 0x10: [mem 0x92de0000-0x92deffff 64bit]
[    1.673288] pci 0000:00:14.0: PME# supported from D3hot D3cold
[    1.674002] pci 0000:00:14.2: [8086:a1b1] type 00 class 0x118000
[    1.674022] pci 0000:00:14.2: reg 0x10: [mem 0x92e02000-0x92e02fff 64bit]
[    1.674767] pci 0000:00:16.0: [8086:a1ba] type 00 class 0x078000
[    1.674796] pci 0000:00:16.0: reg 0x10: [mem 0x92e01000-0x92e01fff 64bit]
[    1.674880] pci 0000:00:16.0: PME# supported from D3hot
[    1.675565] pci 0000:00:16.1: [8086:a1bb] type 00 class 0x078000
[    1.675594] pci 0000:00:16.1: reg 0x10: [mem 0x92e00000-0x92e00fff 64bit]
[    1.675679] pci 0000:00:16.1: PME# supported from D3hot
[    1.676366] pci 0000:00:16.4: [8086:a1be] type 00 class 0x078000
[    1.676395] pci 0000:00:16.4: reg 0x10: [mem 0x92dff000-0x92dfffff 64bit]
[    1.676480] pci 0000:00:16.4: PME# supported from D3hot
[    1.677163] pci 0000:00:17.0: [8086:a182] type 00 class 0x010601
[    1.677180] pci 0000:00:17.0: reg 0x10: [mem 0x92df8000-0x92df9fff]
[    1.677186] pci 0000:00:17.0: reg 0x14: [mem 0x92e04000-0x92e040ff]
[    1.677193] pci 0000:00:17.0: reg 0x18: [io  0x2060-0x2067]
[    1.677200] pci 0000:00:17.0: reg 0x1c: [io  0x2070-0x2073]
[    1.677207] pci 0000:00:17.0: reg 0x20: [io  0x2020-0x203f]
[    1.677214] pci 0000:00:17.0: reg 0x24: [mem 0x92b00000-0x92b7ffff]
[    1.677251] pci 0000:00:17.0: PME# supported from D3hot
[    1.677967] pci 0000:00:1c.0: [8086:a190] type 01 class 0x060400
[    1.678044] pci 0000:00:1c.0: PME# supported from D0 D3hot D3cold
[    1.678809] pci 0000:00:1c.4: [8086:a194] type 01 class 0x060400
[    1.678881] pci 0000:00:1c.4: PME# supported from D0 D3hot D3cold
[    1.679638] pci 0000:00:1c.5: [8086:a195] type 01 class 0x060400
[    1.679711] pci 0000:00:1c.5: PME# supported from D0 D3hot D3cold
[    1.680469] pci 0000:00:1f.0: [8086:a1cb] type 00 class 0x060100
[    1.681272] pci 0000:00:1f.2: [8086:a1a1] type 00 class 0x058000
[    1.681287] pci 0000:00:1f.2: reg 0x10: [mem 0x92df4000-0x92df7fff]
[    1.682041] pci 0000:00:1f.4: [8086:a1a3] type 00 class 0x0c0500
[    1.682061] pci 0000:00:1f.4: reg 0x10: [mem 0x92dfe000-0x92dfe0ff 64bit]
[    1.682083] pci 0000:00:1f.4: reg 0x20: [io  0x2000-0x201f]
[    1.682773] pci 0000:00:1f.5: [8086:a1a4] type 00 class 0x0c8000
[    1.682789] pci 0000:00:1f.5: reg 0x10: [mem 0xfe010000-0xfe010fff]
[    1.683543] pci 0000:00:1c.0: PCI bridge to [bus 01]
[    1.683591] pci 0000:02:00.0: [1556:be00] type 01 class 0x060400
[    1.683760] pci 0000:00:1c.4: PCI bridge to [bus 02-03]
[    1.683764] pci 0000:00:1c.4:   bridge window [mem 0x92000000-0x928fffff]
[    1.683768] pci 0000:00:1c.4:   bridge window [mem 0x91000000-0x91ffffff 64bit pref]
[    1.683800] pci_bus 0000:03: extended config space not accessible
[    1.683817] pci 0000:03:00.0: [102b:0536] type 00 class 0x030000
[    1.683836] pci 0000:03:00.0: reg 0x10: [mem 0x91000000-0x91ffffff pref]
[    1.683846] pci 0000:03:00.0: reg 0x14: [mem 0x92808000-0x9280bfff]
[    1.683856] pci 0000:03:00.0: reg 0x18: [mem 0x92000000-0x927fffff]
[    1.683904] pci 0000:03:00.0: BAR 0: assigned to efifb
[    1.683998] pci 0000:02:00.0: PCI bridge to [bus 03]
[    1.684006] pci 0000:02:00.0:   bridge window [mem 0x92000000-0x928fffff]
[    1.684012] pci 0000:02:00.0:   bridge window [mem 0x91000000-0x91ffffff 64bit pref]
[    1.684077] pci 0000:04:00.0: [14e4:165f] type 00 class 0x020000
[    1.684109] pci 0000:04:00.0: reg 0x10: [mem 0x92930000-0x9293ffff 64bit pref]
[    1.684124] pci 0000:04:00.0: reg 0x18: [mem 0x92940000-0x9294ffff 64bit pref]
[    1.684139] pci 0000:04:00.0: reg 0x20: [mem 0x92950000-0x9295ffff 64bit pref]
[    1.684149] pci 0000:04:00.0: reg 0x30: [mem 0xfffc0000-0xffffffff pref]
[    1.684241] pci 0000:04:00.0: PME# supported from D0 D3hot D3cold
[    1.684280] pci 0000:04:00.0: 4.000 Gb/s available PCIe bandwidth, limited by 5 GT/s x1 link at 0000:00:1c.5 (capable of 8.000 Gb/s with 5 GT/s x2 link)
[    1.684407] pci 0000:04:00.1: [14e4:165f] type 00 class 0x020000
[    1.684439] pci 0000:04:00.1: reg 0x10: [mem 0x92900000-0x9290ffff 64bit pref]
[    1.684454] pci 0000:04:00.1: reg 0x18: [mem 0x92910000-0x9291ffff 64bit pref]
[    1.684469] pci 0000:04:00.1: reg 0x20: [mem 0x92920000-0x9292ffff 64bit pref]
[    1.684479] pci 0000:04:00.1: reg 0x30: [mem 0xfffc0000-0xffffffff pref]
[    1.684571] pci 0000:04:00.1: PME# supported from D0 D3hot D3cold
[    1.684716] pci 0000:00:1c.5: PCI bridge to [bus 04]
[    1.684723] pci 0000:00:1c.5:   bridge window [mem 0x92900000-0x929fffff 64bit pref]
[    1.684737] pci_bus 0000:00: on NUMA node 0
[    1.685285] ACPI: PCI Root Bridge [PC01] (domain 0000 [bus 16-2f])
[    1.685288] acpi PNP0A08:01: _OSC: OS supports [ExtendedConfig ASPM ClockPM Segments MSI HPX-Type3]
[    1.685386] acpi PNP0A08:01: PCIe AER handled by firmware
[    1.685492] acpi PNP0A08:01: _OSC: platform does not support [SHPCHotplug]
[    1.685691] acpi PNP0A08:01: _OSC: OS now controls [PCIeHotplug PME PCIeCapability LTR]
[    1.685692] acpi PNP0A08:01: FADT indicates ASPM is unsupported, using BIOS configuration
[    1.685813] PCI host bridge to bus 0000:16
[    1.685814] pci_bus 0000:16: root bus resource [io  0x5000-0x6fff window]
[    1.685815] pci_bus 0000:16: root bus resource [mem 0x9b800000-0xa63fffff window]
[    1.685816] pci_bus 0000:16: root bus resource [mem 0x210000000000-0x21ffffffffff window]
[    1.685817] pci_bus 0000:16: root bus resource [bus 16-2f]
[    1.685824] pci 0000:16:00.0: [8086:09a2] type 00 class 0x088000
[    1.685888] pci 0000:16:00.1: [8086:09a4] type 00 class 0x088000
[    1.685951] pci 0000:16:00.2: [8086:09a3] type 00 class 0x088000
[    1.686014] pci 0000:16:00.4: [8086:0998] type 00 class 0x060000
[    1.686075] pci 0000:16:02.0: [8086:347a] type 01 class 0x060400
[    1.686088] pci 0000:16:02.0: reg 0x10: [mem 0x21fffff00000-0x21fffff1ffff 64bit]
[    1.686124] pci 0000:16:02.0: PME# supported from D0 D3hot D3cold
[    1.686420] pci 0000:17:00.0: [1000:10e2] type 00 class 0x010400
[    1.686440] pci 0000:17:00.0: reg 0x10: [mem 0x9b800000-0x9b8fffff 64bit pref]
[    1.686448] pci 0000:17:00.0: reg 0x18: [mem 0x9b900000-0x9b9fffff 64bit pref]
[    1.686453] pci 0000:17:00.0: reg 0x20: [mem 0x9ba00000-0x9bafffff]
[    1.686458] pci 0000:17:00.0: reg 0x24: [io  0x5000-0x50ff]
[    1.686464] pci 0000:17:00.0: reg 0x30: [mem 0xfff00000-0xffffffff pref]
[    1.687691] pci 0000:17:00.0: supports D1 D2
[    1.687741] pci 0000:16:02.0: PCI bridge to [bus 17]
[    1.687743] pci 0000:16:02.0:   bridge window [io  0x5000-0x5fff]
[    1.687745] pci 0000:16:02.0:   bridge window [mem 0x9ba00000-0x9bafffff]
[    1.687747] pci 0000:16:02.0:   bridge window [mem 0x9b800000-0x9b9fffff 64bit pref]
[    1.687753] pci_bus 0000:16: on NUMA node 0
[    1.687818] ACPI: PCI Root Bridge [PC02] (domain 0000 [bus 30-49])
[    1.687820] acpi PNP0A08:02: _OSC: OS supports [ExtendedConfig ASPM ClockPM Segments MSI HPX-Type3]
[    1.687914] acpi PNP0A08:02: PCIe AER handled by firmware
[    1.688020] acpi PNP0A08:02: _OSC: platform does not support [SHPCHotplug]
[    1.688221] acpi PNP0A08:02: _OSC: OS now controls [PCIeHotplug PME PCIeCapability LTR]
[    1.688222] acpi PNP0A08:02: FADT indicates ASPM is unsupported, using BIOS configuration
[    1.688338] PCI host bridge to bus 0000:30
[    1.688339] pci_bus 0000:30: root bus resource [io  0x7000-0x8fff window]
[    1.688340] pci_bus 0000:30: root bus resource [mem 0xa6400000-0xb0ffffff window]
[    1.688341] pci_bus 0000:30: root bus resource [mem 0x220000000000-0x22ffffffffff window]
[    1.688342] pci_bus 0000:30: root bus resource [bus 30-49]
[    1.688349] pci 0000:30:00.0: [8086:09a2] type 00 class 0x088000
[    1.688414] pci 0000:30:00.1: [8086:09a4] type 00 class 0x088000
[    1.688474] pci 0000:30:00.2: [8086:09a3] type 00 class 0x088000
[    1.688536] pci 0000:30:00.4: [8086:0998] type 00 class 0x060000
[    1.688606] pci_bus 0000:30: on NUMA node 0
[    1.688692] ACPI: PCI Root Bridge [PC04] (domain 0000 [bus 4a-63])
[    1.688695] acpi PNP0A08:04: _OSC: OS supports [ExtendedConfig ASPM ClockPM Segments MSI HPX-Type3]
[    1.688785] acpi PNP0A08:04: PCIe AER handled by firmware
[    1.688889] acpi PNP0A08:04: _OSC: platform does not support [SHPCHotplug]
[    1.689086] acpi PNP0A08:04: _OSC: OS now controls [PCIeHotplug PME PCIeCapability LTR]
[    1.689087] acpi PNP0A08:04: FADT indicates ASPM is unsupported, using BIOS configuration
[    1.689196] PCI host bridge to bus 0000:4a
[    1.689197] pci_bus 0000:4a: root bus resource [io  0x9000-0x9fff window]
[    1.689198] pci_bus 0000:4a: root bus resource [mem 0xb1000000-0xbbbfffff window]
[    1.689199] pci_bus 0000:4a: root bus resource [mem 0x230000000000-0x23ffffffffff window]
[    1.689199] pci_bus 0000:4a: root bus resource [bus 4a-63]
[    1.689206] pci 0000:4a:00.0: [8086:09a2] type 00 class 0x088000
[    1.689269] pci 0000:4a:00.1: [8086:09a4] type 00 class 0x088000
[    1.689329] pci 0000:4a:00.2: [8086:09a3] type 00 class 0x088000
[    1.689396] pci 0000:4a:00.4: [8086:0998] type 00 class 0x060000
[    1.689466] pci_bus 0000:4a: on NUMA node 0
[    1.689524] ACPI: PCI Root Bridge [PC05] (domain 0000 [bus 64-7d])
[    1.689526] acpi PNP0A08:05: _OSC: OS supports [ExtendedConfig ASPM ClockPM Segments MSI HPX-Type3]
[    1.689617] acpi PNP0A08:05: PCIe AER handled by firmware
[    1.689721] acpi PNP0A08:05: _OSC: platform does not support [SHPCHotplug]
[    1.689919] acpi PNP0A08:05: _OSC: OS now controls [PCIeHotplug PME PCIeCapability LTR]
[    1.689920] acpi PNP0A08:05: FADT indicates ASPM is unsupported, using BIOS configuration
[    1.690028] PCI host bridge to bus 0000:64
[    1.690029] pci_bus 0000:64: root bus resource [io  0xa000-0xafff window]
[    1.690030] pci_bus 0000:64: root bus resource [mem 0xbbc00000-0xc5ffffff window]
[    1.690031] pci_bus 0000:64: root bus resource [mem 0x240000000000-0x24ffffffffff window]
[    1.690032] pci_bus 0000:64: root bus resource [bus 64-7d]
[    1.690038] pci 0000:64:00.0: [8086:09a2] type 00 class 0x088000
[    1.690101] pci 0000:64:00.1: [8086:09a4] type 00 class 0x088000
[    1.690163] pci 0000:64:00.2: [8086:09a3] type 00 class 0x088000
[    1.690225] pci 0000:64:00.4: [8086:0998] type 00 class 0x060000
[    1.690296] pci_bus 0000:64: on NUMA node 0
[    1.690352] ACPI: PCI Root Bridge [UC06] (domain 0000 [bus 7e])
[    1.690354] acpi PNP0A03:00: _OSC: OS supports [ExtendedConfig ASPM ClockPM Segments MSI HPX-Type3]
[    1.690429] acpi PNP0A03:00: PCIe AER handled by firmware
[    1.690518] acpi PNP0A03:00: _OSC: platform does not support [SHPCHotplug LTR]
[    1.690685] acpi PNP0A03:00: _OSC: OS now controls [PCIeHotplug PME PCIeCapability]
[    1.690686] acpi PNP0A03:00: FADT indicates ASPM is unsupported, using BIOS configuration
[    1.690818] PCI host bridge to bus 0000:7e
[    1.690819] pci_bus 0000:7e: root bus resource [bus 7e]
[    1.690825] pci 0000:7e:00.0: [8086:3450] type 00 class 0x088000
[    1.690893] pci 0000:7e:00.1: [8086:3451] type 00 class 0x088000
[    1.690956] pci 0000:7e:00.2: [8086:3452] type 00 class 0x088000
[    1.691029] pci 0000:7e:00.3: [8086:0998] type 00 class 0x060000
[    1.691093] pci 0000:7e:00.5: [8086:3455] type 00 class 0x088000
[    1.691162] pci 0000:7e:02.0: [8086:3440] type 00 class 0x088000
[    1.691283] pci 0000:7e:02.1: [8086:3441] type 00 class 0x088000
[    1.691396] pci 0000:7e:02.2: [8086:3442] type 00 class 0x088000
[    1.691511] pci 0000:7e:03.0: [8086:3440] type 00 class 0x088000
[    1.691601] pci 0000:7e:03.1: [8086:3441] type 00 class 0x088000
[    1.691683] pci 0000:7e:03.2: [8086:3442] type 00 class 0x088000
[    1.691777] pci 0000:7e:04.0: [8086:3440] type 00 class 0x088000
[    1.691904] pci 0000:7e:04.1: [8086:3441] type 00 class 0x088000
[    1.692025] pci 0000:7e:04.2: [8086:3442] type 00 class 0x088000
[    1.692147] pci 0000:7e:04.3: [8086:3443] type 00 class 0x088000
[    1.692272] pci 0000:7e:05.0: [8086:3445] type 00 class 0x088000
[    1.692398] pci 0000:7e:05.1: [8086:3446] type 00 class 0x088000
[    1.692516] pci 0000:7e:05.2: [8086:3447] type 00 class 0x088000
[    1.692633] pci 0000:7e:06.0: [8086:3445] type 00 class 0x088000
[    1.692724] pci 0000:7e:06.1: [8086:3446] type 00 class 0x088000
[    1.692809] pci 0000:7e:06.2: [8086:3447] type 00 class 0x088000
[    1.692901] pci 0000:7e:07.0: [8086:3445] type 00 class 0x088000
[    1.693028] pci 0000:7e:07.1: [8086:3446] type 00 class 0x088000
[    1.693153] pci 0000:7e:07.2: [8086:3447] type 00 class 0x088000
[    1.693278] pci 0000:7e:0b.0: [8086:3448] type 00 class 0x088000
[    1.693353] pci 0000:7e:0b.1: [8086:3448] type 00 class 0x088000
[    1.693426] pci 0000:7e:0b.2: [8086:344b] type 00 class 0x088000
[    1.693508] pci 0000:7e:0c.0: [8086:344a] type 00 class 0x110100
[    1.693605] pci 0000:7e:0d.0: [8086:344a] type 00 class 0x110100
[    1.693701] pci 0000:7e:0e.0: [8086:344a] type 00 class 0x110100
[    1.693850] pci 0000:7e:0f.0: [8086:344a] type 00 class 0x110100
[    1.694011] pci 0000:7e:1a.0: [8086:2880] type 00 class 0x110100
[    1.694108] pci 0000:7e:1b.0: [8086:2880] type 00 class 0x110100
[    1.694198] pci 0000:7e:1c.0: [8086:2880] type 00 class 0x110100
[    1.694352] pci 0000:7e:1d.0: [8086:2880] type 00 class 0x110100
[    1.694513] pci_bus 0000:7e: on NUMA node 0
[    1.694588] ACPI: PCI Root Bridge [UC07] (domain 0000 [bus 7f])
[    1.694590] acpi PNP0A03:01: _OSC: OS supports [ExtendedConfig ASPM ClockPM Segments MSI HPX-Type3]
[    1.694665] acpi PNP0A03:01: PCIe AER handled by firmware
[    1.694754] acpi PNP0A03:01: _OSC: platform does not support [SHPCHotplug LTR]
[    1.694922] acpi PNP0A03:01: _OSC: OS now controls [PCIeHotplug PME PCIeCapability]
[    1.694923] acpi PNP0A03:01: FADT indicates ASPM is unsupported, using BIOS configuration
[    1.695065] PCI host bridge to bus 0000:7f
[    1.695066] pci_bus 0000:7f: root bus resource [bus 7f]
[    1.695076] pci 0000:7f:00.0: [8086:344c] type 00 class 0x088000
[    1.695184] pci 0000:7f:00.1: [8086:344c] type 00 class 0x088000
[    1.695302] pci 0000:7f:00.2: [8086:344c] type 00 class 0x088000
[    1.695422] pci 0000:7f:00.3: [8086:344c] type 00 class 0x088000
[    1.695517] pci 0000:7f:00.4: [8086:344c] type 00 class 0x088000
[    1.695648] pci 0000:7f:00.5: [8086:344c] type 00 class 0x088000
[    1.695773] pci 0000:7f:00.6: [8086:344c] type 00 class 0x088000
[    1.695858] pci 0000:7f:00.7: [8086:344c] type 00 class 0x088000
[    1.695952] pci 0000:7f:01.0: [8086:344c] type 00 class 0x088000
[    1.696088] pci 0000:7f:01.1: [8086:344c] type 00 class 0x088000
[    1.696216] pci 0000:7f:01.2: [8086:344c] type 00 class 0x088000
[    1.696302] pci 0000:7f:01.3: [8086:344c] type 00 class 0x088000
[    1.696441] pci 0000:7f:01.4: [8086:344c] type 00 class 0x088000
[    1.696578] pci 0000:7f:01.5: [8086:344c] type 00 class 0x088000
[    1.696721] pci 0000:7f:01.6: [8086:344c] type 00 class 0x088000
[    1.696849] pci 0000:7f:01.7: [8086:344c] type 00 class 0x088000
[    1.696987] pci 0000:7f:02.0: [8086:344c] type 00 class 0x088000
[    1.697125] pci 0000:7f:02.1: [8086:344c] type 00 class 0x088000
[    1.697264] pci 0000:7f:02.2: [8086:344c] type 00 class 0x088000
[    1.697401] pci 0000:7f:02.3: [8086:344c] type 00 class 0x088000
[    1.697546] pci 0000:7f:02.4: [8086:344c] type 00 class 0x088000
[    1.697689] pci 0000:7f:02.5: [8086:344c] type 00 class 0x088000
[    1.697832] pci 0000:7f:02.6: [8086:344c] type 00 class 0x088000
[    1.697985] pci 0000:7f:02.7: [8086:344c] type 00 class 0x088000
[    1.698143] pci 0000:7f:03.0: [8086:344c] type 00 class 0x088000
[    1.698293] pci 0000:7f:03.1: [8086:344c] type 00 class 0x088000
[    1.698451] pci 0000:7f:03.2: [8086:344c] type 00 class 0x088000
[    1.698606] pci 0000:7f:03.3: [8086:344c] type 00 class 0x088000
[    1.698772] pci 0000:7f:0a.0: [8086:344d] type 00 class 0x088000
[    1.698880] pci 0000:7f:0a.1: [8086:344d] type 00 class 0x088000
[    1.698998] pci 0000:7f:0a.2: [8086:344d] type 00 class 0x088000
[    1.699117] pci 0000:7f:0a.3: [8086:344d] type 00 class 0x088000
[    1.699218] pci 0000:7f:0a.4: [8086:344d] type 00 class 0x088000
[    1.699346] pci 0000:7f:0a.5: [8086:344d] type 00 class 0x088000
[    1.699468] pci 0000:7f:0a.6: [8086:344d] type 00 class 0x088000
[    1.699555] pci 0000:7f:0a.7: [8086:344d] type 00 class 0x088000
[    1.699648] pci 0000:7f:0b.0: [8086:344d] type 00 class 0x088000
[    1.699782] pci 0000:7f:0b.1: [8086:344d] type 00 class 0x088000
[    1.699911] pci 0000:7f:0b.2: [8086:344d] type 00 class 0x088000
[    1.699997] pci 0000:7f:0b.3: [8086:344d] type 00 class 0x088000
[    1.700139] pci 0000:7f:0b.4: [8086:344d] type 00 class 0x088000
[    1.700278] pci 0000:7f:0b.5: [8086:344d] type 00 class 0x088000
[    1.700420] pci 0000:7f:0b.6: [8086:344d] type 00 class 0x088000
[    1.700547] pci 0000:7f:0b.7: [8086:344d] type 00 class 0x088000
[    1.700682] pci 0000:7f:0c.0: [8086:344d] type 00 class 0x088000
[    1.700821] pci 0000:7f:0c.1: [8086:344d] type 00 class 0x088000
[    1.700957] pci 0000:7f:0c.2: [8086:344d] type 00 class 0x088000
[    1.701096] pci 0000:7f:0c.3: [8086:344d] type 00 class 0x088000
[    1.701246] pci 0000:7f:0c.4: [8086:344d] type 00 class 0x088000
[    1.701388] pci 0000:7f:0c.5: [8086:344d] type 00 class 0x088000
[    1.701532] pci 0000:7f:0c.6: [8086:344d] type 00 class 0x088000
[    1.701685] pci 0000:7f:0c.7: [8086:344d] type 00 class 0x088000
[    1.701837] pci 0000:7f:0d.0: [8086:344d] type 00 class 0x088000
[    1.701990] pci 0000:7f:0d.1: [8086:344d] type 00 class 0x088000
[    1.702149] pci 0000:7f:0d.2: [8086:344d] type 00 class 0x088000
[    1.702304] pci 0000:7f:0d.3: [8086:344d] type 00 class 0x088000
[    1.702487] pci 0000:7f:1d.0: [8086:344f] type 00 class 0x088000
[    1.702605] pci 0000:7f:1d.1: [8086:3457] type 00 class 0x088000
[    1.702721] pci 0000:7f:1e.0: [8086:3458] type 00 class 0x088000
[    1.702798] pci 0000:7f:1e.1: [8086:3459] type 00 class 0x088000
[    1.702874] pci 0000:7f:1e.2: [8086:345a] type 00 class 0x088000
[    1.702947] pci 0000:7f:1e.3: [8086:345b] type 00 class 0x088000
[    1.703022] pci 0000:7f:1e.4: [8086:345c] type 00 class 0x088000
[    1.703097] pci 0000:7f:1e.5: [8086:345d] type 00 class 0x088000
[    1.703174] pci 0000:7f:1e.6: [8086:345e] type 00 class 0x088000
[    1.703248] pci 0000:7f:1e.7: [8086:345f] type 00 class 0x088000
[    1.703320] pci_bus 0000:7f: on NUMA node 0
[    1.703408] ACPI: PCI Root Bridge [PC06] (domain 0000 [bus 80])
[    1.703410] acpi PNP0A08:06: _OSC: OS supports [ExtendedConfig ASPM ClockPM Segments MSI HPX-Type3]
[    1.703503] acpi PNP0A08:06: PCIe AER handled by firmware
[    1.703609] acpi PNP0A08:06: _OSC: platform does not support [SHPCHotplug]
[    1.703809] acpi PNP0A08:06: _OSC: OS now controls [PCIeHotplug PME PCIeCapability LTR]
[    1.703810] acpi PNP0A08:06: FADT indicates ASPM is unsupported, using BIOS configuration
[    1.703952] PCI host bridge to bus 0000:80
[    1.703953] pci_bus 0000:80: root bus resource [io  0xb000-0xbfff window]
[    1.703954] pci_bus 0000:80: root bus resource [mem 0xc6800000-0xd0ffffff window]
[    1.703955] pci_bus 0000:80: root bus resource [mem 0x250000000000-0x25ffffffffff window]
[    1.703955] pci_bus 0000:80: root bus resource [bus 80]
[    1.703963] pci 0000:80:00.0: [8086:09a2] type 00 class 0x088000
[    1.704042] pci 0000:80:00.1: [8086:09a4] type 00 class 0x088000
[    1.704121] pci 0000:80:00.2: [8086:09a3] type 00 class 0x088000
[    1.704198] pci 0000:80:00.4: [8086:0998] type 00 class 0x060000
[    1.704275] pci 0000:80:02.0: [8086:09a6] type 00 class 0x088000
[    1.704284] pci 0000:80:02.0: reg 0x10: [mem 0xc6aa4000-0xc6aa5fff]
[    1.704349] pci 0000:80:02.1: [8086:09a7] type 00 class 0x088000
[    1.704358] pci 0000:80:02.1: reg 0x10: [mem 0xc6a00000-0xc6a7ffff]
[    1.704363] pci 0000:80:02.1: reg 0x14: [mem 0xc6980000-0xc69fffff]
[    1.704430] pci 0000:80:02.4: [8086:3456] type 00 class 0x130000
[    1.704442] pci 0000:80:02.4: reg 0x10: [mem 0xc6800000-0xc68fffff 64bit]
[    1.704449] pci 0000:80:02.4: reg 0x18: [mem 0xc6aa0000-0xc6aa3fff 64bit]
[    1.704455] pci 0000:80:02.4: reg 0x20: [mem 0xc6a80000-0xc6a9ffff 64bit]
[    1.704515] pci_bus 0000:80: on NUMA node 1
[    1.704582] ACPI: PCI Root Bridge [PC07] (domain 0000 [bus 81])
[    1.704584] acpi PNP0A08:07: _OSC: OS supports [ExtendedConfig ASPM ClockPM Segments MSI HPX-Type3]
[    1.704674] acpi PNP0A08:07: PCIe AER handled by firmware
[    1.704778] acpi PNP0A08:07: _OSC: platform does not support [SHPCHotplug]
[    1.704975] acpi PNP0A08:07: _OSC: OS now controls [PCIeHotplug PME PCIeCapability LTR]
[    1.704976] acpi PNP0A08:07: FADT indicates ASPM is unsupported, using BIOS configuration
[    1.705089] PCI host bridge to bus 0000:81
[    1.705090] pci_bus 0000:81: root bus resource [io  0xc000-0xcfff window]
[    1.705091] pci_bus 0000:81: root bus resource [mem 0xd1000000-0xdbbfffff window]
[    1.705092] pci_bus 0000:81: root bus resource [mem 0x260000000000-0x26ffffffffff window]
[    1.705093] pci_bus 0000:81: root bus resource [bus 81]
[    1.705100] pci 0000:81:00.0: [8086:09a2] type 00 class 0x088000
[    1.705167] pci 0000:81:00.1: [8086:09a4] type 00 class 0x088000
[    1.705233] pci 0000:81:00.2: [8086:09a3] type 00 class 0x088000
[    1.705302] pci 0000:81:00.4: [8086:0998] type 00 class 0x060000
[    1.705381] pci_bus 0000:81: on NUMA node 1
[    1.705440] ACPI: PCI Root Bridge [PC08] (domain 0000 [bus 82])
[    1.705442] acpi PNP0A08:08: _OSC: OS supports [ExtendedConfig ASPM ClockPM Segments MSI HPX-Type3]
[    1.705532] acpi PNP0A08:08: PCIe AER handled by firmware
[    1.705635] acpi PNP0A08:08: _OSC: platform does not support [SHPCHotplug]
[    1.705833] acpi PNP0A08:08: _OSC: OS now controls [PCIeHotplug PME PCIeCapability LTR]
[    1.705834] acpi PNP0A08:08: FADT indicates ASPM is unsupported, using BIOS configuration
[    1.705942] PCI host bridge to bus 0000:82
[    1.705943] pci_bus 0000:82: root bus resource [io  0xd000-0xdfff window]
[    1.705944] pci_bus 0000:82: root bus resource [mem 0xdbc00000-0xe67fffff window]
[    1.705945] pci_bus 0000:82: root bus resource [mem 0x270000000000-0x27ffffffffff window]
[    1.705945] pci_bus 0000:82: root bus resource [bus 82]
[    1.705952] pci 0000:82:00.0: [8086:09a2] type 00 class 0x088000
[    1.706021] pci 0000:82:00.1: [8086:09a4] type 00 class 0x088000
[    1.706091] pci 0000:82:00.2: [8086:09a3] type 00 class 0x088000
[    1.706163] pci 0000:82:00.4: [8086:0998] type 00 class 0x060000
[    1.706243] pci_bus 0000:82: on NUMA node 1
[    1.706327] ACPI: PCI Root Bridge [PC10] (domain 0000 [bus 83-f9])
[    1.706329] acpi PNP0A08:0a: _OSC: OS supports [ExtendedConfig ASPM ClockPM Segments MSI HPX-Type3]
[    1.706419] acpi PNP0A08:0a: PCIe AER handled by firmware
[    1.706522] acpi PNP0A08:0a: _OSC: platform does not support [SHPCHotplug]
[    1.706720] acpi PNP0A08:0a: _OSC: OS now controls [PCIeHotplug PME PCIeCapability LTR]
[    1.706720] acpi PNP0A08:0a: FADT indicates ASPM is unsupported, using BIOS configuration
[    1.706845] PCI host bridge to bus 0000:83
[    1.706846] pci_bus 0000:83: root bus resource [io  0xe000-0xefff window]
[    1.706847] pci_bus 0000:83: root bus resource [mem 0xe6800000-0xf13fffff window]
[    1.706848] pci_bus 0000:83: root bus resource [mem 0x280000000000-0x28ffffffffff window]
[    1.706849] pci_bus 0000:83: root bus resource [bus 83-f9]
[    1.706856] pci 0000:83:00.0: [8086:09a2] type 00 class 0x088000
[    1.706924] pci 0000:83:00.1: [8086:09a4] type 00 class 0x088000
[    1.706991] pci 0000:83:00.2: [8086:09a3] type 00 class 0x088000
[    1.707061] pci 0000:83:00.4: [8086:0998] type 00 class 0x060000
[    1.707139] pci_bus 0000:83: on NUMA node 1
[    1.707198] ACPI: PCI Root Bridge [PC11] (domain 0000 [bus fa])
[    1.707199] acpi PNP0A08:0b: _OSC: OS supports [ExtendedConfig ASPM ClockPM Segments MSI HPX-Type3]
[    1.707289] acpi PNP0A08:0b: PCIe AER handled by firmware
[    1.707393] acpi PNP0A08:0b: _OSC: platform does not support [SHPCHotplug]
[    1.707591] acpi PNP0A08:0b: _OSC: OS now controls [PCIeHotplug PME PCIeCapability LTR]
[    1.707592] acpi PNP0A08:0b: FADT indicates ASPM is unsupported, using BIOS configuration
[    1.707707] PCI host bridge to bus 0000:fa
[    1.707708] pci_bus 0000:fa: root bus resource [io  0xf000-0xffff window]
[    1.707709] pci_bus 0000:fa: root bus resource [mem 0xf1400000-0xfb7fffff window]
[    1.707709] pci_bus 0000:fa: root bus resource [mem 0x290000000000-0x29ffffffffff window]
[    1.707710] pci_bus 0000:fa: root bus resource [bus fa]
[    1.707717] pci 0000:fa:00.0: [8086:09a2] type 00 class 0x088000
[    1.707785] pci 0000:fa:00.1: [8086:09a4] type 00 class 0x088000
[    1.707854] pci 0000:fa:00.2: [8086:09a3] type 00 class 0x088000
[    1.707929] pci 0000:fa:00.4: [8086:0998] type 00 class 0x060000
[    1.708009] pci_bus 0000:fa: on NUMA node 1
[    1.708066] ACPI: PCI Root Bridge [UC16] (domain 0000 [bus fe])
[    1.708067] acpi PNP0A03:02: _OSC: OS supports [ExtendedConfig ASPM ClockPM Segments MSI HPX-Type3]
[    1.708142] acpi PNP0A03:02: PCIe AER handled by firmware
[    1.708230] acpi PNP0A03:02: _OSC: platform does not support [SHPCHotplug LTR]
[    1.708397] acpi PNP0A03:02: _OSC: OS now controls [PCIeHotplug PME PCIeCapability]
[    1.708397] acpi PNP0A03:02: FADT indicates ASPM is unsupported, using BIOS configuration
[    1.708530] PCI host bridge to bus 0000:fe
[    1.708531] pci_bus 0000:fe: root bus resource [bus fe]
[    1.708537] pci 0000:fe:00.0: [8086:3450] type 00 class 0x088000
[    1.708609] pci 0000:fe:00.1: [8086:3451] type 00 class 0x088000
[    1.708674] pci 0000:fe:00.2: [8086:3452] type 00 class 0x088000
[    1.708741] pci 0000:fe:00.3: [8086:0998] type 00 class 0x060000
[    1.708809] pci 0000:fe:00.5: [8086:3455] type 00 class 0x088000
[    1.708881] pci 0000:fe:02.0: [8086:3440] type 00 class 0x088000
[    1.709007] pci 0000:fe:02.1: [8086:3441] type 00 class 0x088000
[    1.709131] pci 0000:fe:02.2: [8086:3442] type 00 class 0x088000
[    1.709248] pci 0000:fe:03.0: [8086:3440] type 00 class 0x088000
[    1.709340] pci 0000:fe:03.1: [8086:3441] type 00 class 0x088000
[    1.709427] pci 0000:fe:03.2: [8086:3442] type 00 class 0x088000
[    1.709518] pci 0000:fe:04.0: [8086:3440] type 00 class 0x088000
[    1.709648] pci 0000:fe:04.1: [8086:3441] type 00 class 0x088000
[    1.709773] pci 0000:fe:04.2: [8086:3442] type 00 class 0x088000
[    1.709898] pci 0000:fe:04.3: [8086:3443] type 00 class 0x088000
[    1.710030] pci 0000:fe:05.0: [8086:3445] type 00 class 0x088000
[    1.710155] pci 0000:fe:05.1: [8086:3446] type 00 class 0x088000
[    1.710275] pci 0000:fe:05.2: [8086:3447] type 00 class 0x088000
[    1.710397] pci 0000:fe:06.0: [8086:3445] type 00 class 0x088000
[    1.710491] pci 0000:fe:06.1: [8086:3446] type 00 class 0x088000
[    1.710580] pci 0000:fe:06.2: [8086:3447] type 00 class 0x088000
[    1.710675] pci 0000:fe:07.0: [8086:3445] type 00 class 0x088000
[    1.710807] pci 0000:fe:07.1: [8086:3446] type 00 class 0x088000
[    1.710940] pci 0000:fe:07.2: [8086:3447] type 00 class 0x088000
[    1.711067] pci 0000:fe:0b.0: [8086:3448] type 00 class 0x088000
[    1.711145] pci 0000:fe:0b.1: [8086:3448] type 00 class 0x088000
[    1.711219] pci 0000:fe:0b.2: [8086:344b] type 00 class 0x088000
[    1.711300] pci 0000:fe:0c.0: [8086:344a] type 00 class 0x110100
[    1.711403] pci 0000:fe:0d.0: [8086:344a] type 00 class 0x110100
[    1.711500] pci 0000:fe:0e.0: [8086:344a] type 00 class 0x110100
[    1.711656] pci 0000:fe:0f.0: [8086:344a] type 00 class 0x110100
[    1.711829] pci 0000:fe:1a.0: [8086:2880] type 00 class 0x110100
[    1.711929] pci 0000:fe:1b.0: [8086:2880] type 00 class 0x110100
[    1.712024] pci 0000:fe:1c.0: [8086:2880] type 00 class 0x110100
[    1.712184] pci 0000:fe:1d.0: [8086:2880] type 00 class 0x110100
[    1.712345] pci_bus 0000:fe: on NUMA node 1
[    1.712416] ACPI: PCI Root Bridge [UC17] (domain 0000 [bus ff])
[    1.712418] acpi PNP0A03:03: _OSC: OS supports [ExtendedConfig ASPM ClockPM Segments MSI HPX-Type3]
[    1.712495] acpi PNP0A03:03: PCIe AER handled by firmware
[    1.712584] acpi PNP0A03:03: _OSC: platform does not support [SHPCHotplug LTR]
[    1.712753] acpi PNP0A03:03: _OSC: OS now controls [PCIeHotplug PME PCIeCapability]
[    1.712753] acpi PNP0A03:03: FADT indicates ASPM is unsupported, using BIOS configuration
[    1.712895] PCI host bridge to bus 0000:ff
[    1.712896] pci_bus 0000:ff: root bus resource [bus ff]
[    1.712906] pci 0000:ff:00.0: [8086:344c] type 00 class 0x088000
[    1.713023] pci 0000:ff:00.1: [8086:344c] type 00 class 0x088000
[    1.713143] pci 0000:ff:00.2: [8086:344c] type 00 class 0x088000
[    1.713250] pci 0000:ff:00.3: [8086:344c] type 00 class 0x088000
[    1.713383] pci 0000:ff:00.4: [8086:344c] type 00 class 0x088000
[    1.713507] pci 0000:ff:00.5: [8086:344c] type 00 class 0x088000
[    1.713609] pci 0000:ff:00.6: [8086:344c] type 00 class 0x088000
[    1.713742] pci 0000:ff:00.7: [8086:344c] type 00 class 0x088000
[    1.713874] pci 0000:ff:01.0: [8086:344c] type 00 class 0x088000
[    1.714015] pci 0000:ff:01.1: [8086:344c] type 00 class 0x088000
[    1.714149] pci 0000:ff:01.2: [8086:344c] type 00 class 0x088000
[    1.714239] pci 0000:ff:01.3: [8086:344c] type 00 class 0x088000
[    1.714387] pci 0000:ff:01.4: [8086:344c] type 00 class 0x088000
[    1.714531] pci 0000:ff:01.5: [8086:344c] type 00 class 0x088000
[    1.714680] pci 0000:ff:01.6: [8086:344c] type 00 class 0x088000
[    1.714813] pci 0000:ff:01.7: [8086:344c] type 00 class 0x088000
[    1.714954] pci 0000:ff:02.0: [8086:344c] type 00 class 0x088000
[    1.715096] pci 0000:ff:02.1: [8086:344c] type 00 class 0x088000
[    1.715235] pci 0000:ff:02.2: [8086:344c] type 00 class 0x088000
[    1.715380] pci 0000:ff:02.3: [8086:344c] type 00 class 0x088000
[    1.715528] pci 0000:ff:02.4: [8086:344c] type 00 class 0x088000
[    1.715671] pci 0000:ff:02.5: [8086:344c] type 00 class 0x088000
[    1.715822] pci 0000:ff:02.6: [8086:344c] type 00 class 0x088000
[    1.715970] pci 0000:ff:02.7: [8086:344c] type 00 class 0x088000
[    1.716128] pci 0000:ff:03.0: [8086:344c] type 00 class 0x088000
[    1.716294] pci 0000:ff:03.1: [8086:344c] type 00 class 0x088000
[    1.716449] pci 0000:ff:03.2: [8086:344c] type 00 class 0x088000
[    1.716611] pci 0000:ff:03.3: [8086:344c] type 00 class 0x088000
[    1.716796] pci 0000:ff:0a.0: [8086:344d] type 00 class 0x088000
[    1.716910] pci 0000:ff:0a.1: [8086:344d] type 00 class 0x088000
[    1.717029] pci 0000:ff:0a.2: [8086:344d] type 00 class 0x088000
[    1.717137] pci 0000:ff:0a.3: [8086:344d] type 00 class 0x088000
[    1.717264] pci 0000:ff:0a.4: [8086:344d] type 00 class 0x088000
[    1.717388] pci 0000:ff:0a.5: [8086:344d] type 00 class 0x088000
[    1.717490] pci 0000:ff:0a.6: [8086:344d] type 00 class 0x088000
[    1.717623] pci 0000:ff:0a.7: [8086:344d] type 00 class 0x088000
[    1.717761] pci 0000:ff:0b.0: [8086:344d] type 00 class 0x088000
[    1.717903] pci 0000:ff:0b.1: [8086:344d] type 00 class 0x088000
[    1.718037] pci 0000:ff:0b.2: [8086:344d] type 00 class 0x088000
[    1.718127] pci 0000:ff:0b.3: [8086:344d] type 00 class 0x088000
[    1.718271] pci 0000:ff:0b.4: [8086:344d] type 00 class 0x088000
[    1.718415] pci 0000:ff:0b.5: [8086:344d] type 00 class 0x088000
[    1.718561] pci 0000:ff:0b.6: [8086:344d] type 00 class 0x088000
[    1.718695] pci 0000:ff:0b.7: [8086:344d] type 00 class 0x088000
[    1.718841] pci 0000:ff:0c.0: [8086:344d] type 00 class 0x088000
[    1.718983] pci 0000:ff:0c.1: [8086:344d] type 00 class 0x088000
[    1.719124] pci 0000:ff:0c.2: [8086:344d] type 00 class 0x088000
[    1.719270] pci 0000:ff:0c.3: [8086:344d] type 00 class 0x088000
[    1.719411] pci 0000:ff:0c.4: [8086:344d] type 00 class 0x088000
[    1.719555] pci 0000:ff:0c.5: [8086:344d] type 00 class 0x088000
[    1.719705] pci 0000:ff:0c.6: [8086:344d] type 00 class 0x088000
[    1.719853] pci 0000:ff:0c.7: [8086:344d] type 00 class 0x088000
[    1.720017] pci 0000:ff:0d.0: [8086:344d] type 00 class 0x088000
[    1.720179] pci 0000:ff:0d.1: [8086:344d] type 00 class 0x088000
[    1.720332] pci 0000:ff:0d.2: [8086:344d] type 00 class 0x088000
[    1.720497] pci 0000:ff:0d.3: [8086:344d] type 00 class 0x088000
[    1.720680] pci 0000:ff:1d.0: [8086:344f] type 00 class 0x088000
[    1.720801] pci 0000:ff:1d.1: [8086:3457] type 00 class 0x088000
[    1.720922] pci 0000:ff:1e.0: [8086:3458] type 00 class 0x088000
[    1.721004] pci 0000:ff:1e.1: [8086:3459] type 00 class 0x088000
[    1.721087] pci 0000:ff:1e.2: [8086:345a] type 00 class 0x088000
[    1.721164] pci 0000:ff:1e.3: [8086:345b] type 00 class 0x088000
[    1.721240] pci 0000:ff:1e.4: [8086:345c] type 00 class 0x088000
[    1.721317] pci 0000:ff:1e.5: [8086:345d] type 00 class 0x088000
[    1.721395] pci 0000:ff:1e.6: [8086:345e] type 00 class 0x088000
[    1.721470] pci 0000:ff:1e.7: [8086:345f] type 00 class 0x088000
[    1.721546] pci_bus 0000:ff: on NUMA node 1
[    1.723428] HMAT: Memory (0x0 length 0x80000000) Flags:0003 Processor Domain:0 Memory Domain:0
[    1.723428] HMAT: Memory (0x100000000 length 0xf80000000) Flags:0003 Processor Domain:0 Memory Domain:0
[    1.723428] HMAT: Memory (0x2080000000 length 0x7e00000000) Flags:0003 Processor Domain:0 Memory Domain:2
[    1.723428] HMAT: Memory (0x1080000000 length 0x1000000000) Flags:0003 Processor Domain:1 Memory Domain:1
[    1.723428] HMAT: Memory (0x9e80000000 length 0x7e00000000) Flags:0003 Processor Domain:1 Memory Domain:3
[    1.723428] HMAT: Locality: Flags:00 Type:Read Latency Initiator Domains:2 Target Domains:4 Base:100
[    1.723428]   Initiator-Target[0-0]:7600 nsec
[    1.723428]   Initiator-Target[0-1]:13560 nsec
[    1.723428]   Initiator-Target[0-2]:25350 nsec
[    1.723428]   Initiator-Target[0-3]:31600 nsec
[    1.723428]   Initiator-Target[1-0]:13560 nsec
[    1.723428]   Initiator-Target[1-1]:7600 nsec
[    1.723428]   Initiator-Target[1-2]:31600 nsec
[    1.723428]   Initiator-Target[1-3]:25350 nsec
[    1.723428] HMAT: Locality: Flags:00 Type:Write Latency Initiator Domains:2 Target Domains:4 Base:100
[    1.723428]   Initiator-Target[0-0]:7600 nsec
[    1.723428]   Initiator-Target[0-1]:13560 nsec
[    1.723428]   Initiator-Target[0-2]:25350 nsec
[    1.723428]   Initiator-Target[0-3]:31600 nsec
[    1.723428]   Initiator-Target[1-0]:13560 nsec
[    1.723428]   Initiator-Target[1-1]:7600 nsec
[    1.723428]   Initiator-Target[1-2]:31600 nsec
[    1.723428]   Initiator-Target[1-3]:25350 nsec
[    1.723428] HMAT: Locality: Flags:00 Type:Read Bandwidth Initiator Domains:2 Target Domains:4 Base:1
[    1.723428]   Initiator-Target[0-0]:1790 MB/s
[    1.723428]   Initiator-Target[0-1]:1790 MB/s
[    1.723428]   Initiator-Target[0-2]:463 MB/s
[    1.723428]   Initiator-Target[0-3]:463 MB/s
[    1.723428]   Initiator-Target[1-0]:1790 MB/s
[    1.723428]   Initiator-Target[1-1]:1790 MB/s
[    1.723428]   Initiator-Target[1-2]:463 MB/s
[    1.723428]   Initiator-Target[1-3]:463 MB/s
[    1.723428] HMAT: Locality: Flags:00 Type:Write Bandwidth Initiator Domains:2 Target Domains:4 Base:1
[    1.723428]   Initiator-Target[0-0]:1910 MB/s
[    1.723428]   Initiator-Target[0-1]:1910 MB/s
[    1.723428]   Initiator-Target[0-2]:138 MB/s
[    1.723428]   Initiator-Target[0-3]:138 MB/s
[    1.723428]   Initiator-Target[1-0]:1910 MB/s
[    1.723428]   Initiator-Target[1-1]:1910 MB/s
[    1.723428]   Initiator-Target[1-2]:138 MB/s
[    1.723428]   Initiator-Target[1-3]:138 MB/s
[    1.723428] WARNING: CPU: 58 PID: 1 at drivers/base/node.c:191 node_set_perf_attrs+0x90/0xb0
[    1.723428] Modules linked in:
[    1.723428] CPU: 58 PID: 1 Comm: swapper/0 Not tainted 5.3.1-multiclock #1
[    1.723428] Hardware name: Dell Inc. PowerEdge R750/0K8F35, BIOS 1.10.2 03/03/2023
[    1.723428] RIP: 0010:node_set_perf_attrs+0x90/0xb0
[    1.723428] Code: f4 02 00 00 4c 89 ea 4c 89 e7 e8 bb bf c7 ff 85 c0 75 24 48 83 c3 08 48 8b 33 48 85 f6 75 e5 5b 41 5a 41 5c 41 5d 41 5e 5d c3 <0f> 0b 5b 41 5a 41 5c 41 5d 41 5e 5d c3 44 89 f6 48 c7 c7 70 5b 9a
[    1.723428] RSP: 0000:ffffb56ac007bd80 EFLAGS: 00010246
[    1.723428] RAX: 0000000000000002 RBX: 0000000000000003 RCX: 0000000000000000
[    1.723428] RDX: 0000000000000000 RSI: ffff963c97cbc358 RDI: 0000000000000002
[    1.723428] RBP: ffffb56ac007bda8 R08: ffff963c9792e458 R09: 0000000000000000
[    1.723428] R10: ffff963c9cdf2d70 R11: ffff962c30c74490 R12: ffff963c97cbc340
[    1.723428] R13: ffffffffa40db310 R14: 0000000000000005 R15: ffffffffa3e95806
[    1.723428] FS:  0000000000000000(0000) GS:ffff962c31740000(0000) knlGS:0000000000000000
[    1.723428] CS:  0010 DS: 0000 ES: 0000 CR0: 0000000080050033
[    1.723428] CR2: 0000000000000000 CR3: 0000000ecaa0a001 CR4: 0000000000760ee0
[    1.723428] DR0: 0000000000000000 DR1: 0000000000000000 DR2: 0000000000000000
[    1.723428] DR3: 0000000000000000 DR6: 00000000fffe0ff0 DR7: 0000000000000400
[    1.723428] PKRU: 55555554
[    1.723428] Call Trace:
[    1.723428]  hmat_init+0x32a/0x43c
[    1.723428]  ? hmat_parse_subtable+0x503/0x503
[    1.723428]  ? set_debug_rodata+0x17/0x17
[    1.723428]  do_one_initcall+0x4a/0x1fa
[    1.723428]  kernel_init_freeable+0x1c6/0x26d
[    1.723428]  ? rest_init+0xb0/0xb0
[    1.723428]  kernel_init+0xe/0x110
[    1.723428]  ret_from_fork+0x1f/0x40
[    1.723428] ---[ end trace f2335955e6885b0c ]---
[    1.723445] pci 0000:03:00.0: vgaarb: setting as boot VGA device
[    1.723445] pci 0000:03:00.0: vgaarb: VGA device added: decodes=io+mem,owns=io+mem,locks=none
[    1.723502] pci 0000:03:00.0: vgaarb: bridge control possible
[    1.723502] vgaarb: loaded
[    1.723690] SCSI subsystem initialized
[    1.723832] libata version 3.00 loaded.
[    1.723832] ACPI: bus type USB registered
[    1.723832] usbcore: registered new interface driver usbfs
[    1.723832] usbcore: registered new interface driver hub
[    1.723832] usbcore: registered new device driver usb
[    1.723832] pps_core: LinuxPPS API ver. 1 registered
[    1.723832] pps_core: Software ver. 5.3.6 - Copyright 2005-2007 Rodolfo Giometti <giometti@linux.it>
[    1.723832] PTP clock support registered
[    1.727621] EDAC MC: Ver: 3.0.0
[    1.728210] Registered efivars operations
[    1.728210] PCI: Using ACPI for IRQ routing
[    1.728762] PCI: pci_cache_line_size set to 64 bytes
[    1.729319] e820: reserve RAM buffer [mem 0x0008f000-0x0008ffff]
[    1.729320] e820: reserve RAM buffer [mem 0x47bcd020-0x47ffffff]
[    1.729322] e820: reserve RAM buffer [mem 0x47bff020-0x47ffffff]
[    1.729322] e820: reserve RAM buffer [mem 0x47c32020-0x47ffffff]
[    1.729323] e820: reserve RAM buffer [mem 0x47c65020-0x47ffffff]
[    1.729323] e820: reserve RAM buffer [mem 0x49e77000-0x4bffffff]
[    1.729324] e820: reserve RAM buffer [mem 0x4b2cf000-0x4bffffff]
[    1.729325] e820: reserve RAM buffer [mem 0x4bd94000-0x4bffffff]
[    1.729326] e820: reserve RAM buffer [mem 0x4ce00000-0x4fffffff]
[    1.729326] e820: reserve RAM buffer [mem 0x5eefe000-0x5fffffff]
[    1.729327] e820: reserve RAM buffer [mem 0x6f800000-0x6fffffff]
[    1.731432] NetLabel: Initializing
[    1.731432] NetLabel:  domain hash size = 128
[    1.731432] NetLabel:  protocols = UNLABELED CIPSOv4 CALIPSO
[    1.731432] NetLabel:  unlabeled traffic allowed by default
[    1.732756] hpet0: at MMIO 0xfed00000, IRQs 2, 8, 0, 0, 0, 0, 0, 0
[    1.732759] hpet0: 8 comparators, 64-bit 24.000000 MHz counter
[    1.737637] clocksource: Switched to clocksource tsc-early
[    1.746387] VFS: Disk quotas dquot_6.6.0
[    1.746428] VFS: Dquot-cache hash table entries: 512 (order 0, 4096 bytes)
[    1.746703] *** VALIDATE hugetlbfs ***
[    1.746829] AppArmor: AppArmor Filesystem Enabled
[    1.746849] pnp: PnP ACPI init
[    1.762216] pnp 00:00: Plug and Play ACPI device, IDs PNP0b00 (active)
[    1.762376] system 00:01: [io  0x0500-0x05fe] has been reserved
[    1.762377] system 00:01: [io  0x0400-0x041f] has been reserved
[    1.762378] system 00:01: [io  0x0600-0x061f] has been reserved
[    1.762378] system 00:01: [io  0x0ca0-0x0ca1] has been reserved
[    1.762379] system 00:01: [io  0x0ca4-0x0ca6] has been reserved
[    1.762381] system 00:01: [mem 0xff000000-0xffffffff] has been reserved
[    1.762384] system 00:01: Plug and Play ACPI device, IDs PNP0c02 (active)
[    1.762631] pnp 00:02: Plug and Play ACPI device, IDs PNP0501 (active)
[    1.762841] pnp 00:03: Plug and Play ACPI device, IDs PNP0501 (active)
[    1.762996] system 00:04: [mem 0xfd000000-0xfdabffff] has been reserved
[    1.762997] system 00:04: [mem 0xfdad0000-0xfdadffff] has been reserved
[    1.762998] system 00:04: [mem 0xfdb00000-0xfdffffff] has been reserved
[    1.763000] system 00:04: [mem 0xfe000000-0xfe00ffff] has been reserved
[    1.763001] system 00:04: [mem 0xfe011000-0xfe01ffff] has been reserved
[    1.763002] system 00:04: [mem 0xfe036000-0xfe03bfff] has been reserved
[    1.763003] system 00:04: [mem 0xfe03d000-0xfe3fffff] has been reserved
[    1.763004] system 00:04: [mem 0xfe410000-0xfe7fffff] has been reserved
[    1.763006] system 00:04: Plug and Play ACPI device, IDs PNP0c02 (active)
[    1.763333] system 00:05: [io  0x1000-0x10fe] has been reserved
[    1.763335] system 00:05: Plug and Play ACPI device, IDs PNP0c02 (active)
[    1.764337] pnp: PnP ACPI: found 6 devices
[    1.765439] thermal_sys: Registered thermal governor 'fair_share'
[    1.765440] thermal_sys: Registered thermal governor 'bang_bang'
[    1.765440] thermal_sys: Registered thermal governor 'step_wise'
[    1.765441] thermal_sys: Registered thermal governor 'user_space'
[    1.765441] thermal_sys: Registered thermal governor 'power_allocator'
[    1.769936] clocksource: acpi_pm: mask: 0xffffff max_cycles: 0xffffff, max_idle_ns: 2085701024 ns
[    1.769958] pci 0000:04:00.0: can't claim BAR 6 [mem 0xfffc0000-0xffffffff pref]: no compatible bridge window
[    1.769959] pci 0000:04:00.1: can't claim BAR 6 [mem 0xfffc0000-0xffffffff pref]: no compatible bridge window
[    1.769960] pci 0000:17:00.0: can't claim BAR 6 [mem 0xfff00000-0xffffffff pref]: no compatible bridge window
[    1.769975] pci 0000:00:1c.5: BAR 14: assigned [mem 0x90000000-0x900fffff]
[    1.769977] pci 0000:00:1c.0: PCI bridge to [bus 01]
[    1.769986] pci 0000:02:00.0: PCI bridge to [bus 03]
[    1.769991] pci 0000:02:00.0:   bridge window [mem 0x92000000-0x928fffff]
[    1.769994] pci 0000:02:00.0:   bridge window [mem 0x91000000-0x91ffffff 64bit pref]
[    1.770000] pci 0000:00:1c.4: PCI bridge to [bus 02-03]
[    1.770003] pci 0000:00:1c.4:   bridge window [mem 0x92000000-0x928fffff]
[    1.770005] pci 0000:00:1c.4:   bridge window [mem 0x91000000-0x91ffffff 64bit pref]
[    1.770010] pci 0000:04:00.0: BAR 6: assigned [mem 0x90000000-0x9003ffff pref]
[    1.770011] pci 0000:04:00.1: BAR 6: assigned [mem 0x90040000-0x9007ffff pref]
[    1.770012] pci 0000:00:1c.5: PCI bridge to [bus 04]
[    1.770015] pci 0000:00:1c.5:   bridge window [mem 0x90000000-0x900fffff]
[    1.770017] pci 0000:00:1c.5:   bridge window [mem 0x92900000-0x929fffff 64bit pref]
[    1.770022] pci_bus 0000:00: resource 4 [io  0x0000-0x0cf7 window]
[    1.770023] pci_bus 0000:00: resource 5 [io  0x1000-0x4fff window]
[    1.770023] pci_bus 0000:00: resource 6 [mem 0x000a0000-0x000bffff window]
[    1.770024] pci_bus 0000:00: resource 7 [mem 0x000c8000-0x000cffff window]
