pgmigrate_success 51505
pgmigrate_fail 14
thp_migration_success 0
thp_migration_fail 0
thp_migration_split 0
thp_fault_alloc 0
thp_fault_fallback 0
thp_fault_fallback_charge 0
thp_collapse_alloc 0
thp_collapse_alloc_failed 0
thp_file_alloc 0
thp_file_fallback 0
thp_file_fallback_charge 0
thp_file_mapped 0
thp_split_page 0
thp_split_page_failed 0
thp_deferred_split_page 0
thp_split_pmd 0
thp_scan_exceed_none_pte 0
thp_scan_exceed_swap_pte 0
thp_scan_exceed_share_pte 0
thp_split_pud 0
thp_zero_page_alloc 0
thp_zero_page_alloc_failed 0
thp_swpout 0
thp_swpout_fallback 0
MemTotal:       548712940 kB
MemFree:        530061888 kB
MemAvailable:   528935164 kB
Buffers:           12240 kB
Cached:           122576 kB
SwapCached:        11156 kB
Active:            62036 kB
Inactive:         241344 kB
Active(anon):      12756 kB
Inactive(anon):   161724 kB
Active(file):      49280 kB
Inactive(file):    79620 kB
Unevictable:           0 kB
Mlocked:               0 kB
SwapTotal:       2097148 kB
SwapFree:        1666224 kB
Dirty:              1600 kB
Writeback:             0 kB
AnonPages:        160200 kB
Mapped:            46620 kB
Shmem:              3776 kB
KReclaimable:     175056 kB
Slab:             450336 kB
SReclaimable:     175056 kB
SUnreclaim:       275280 kB
KernelStack:       32624 kB
PageTables:        42940 kB
NFS_Unstable:          0 kB
Bounce:                0 kB
WritebackTmp:          0 kB
CommitLimit:    276453616 kB
Committed_AS:    6578352 kB
VmallocTotal:   34359738367 kB
VmallocUsed:      140808 kB
VmallocChunk:          0 kB
Percpu:           133952 kB
HardwareCorrupted:     0 kB
AnonHugePages:         0 kB
ShmemHugePages:        0 kB
ShmemPmdMapped:        0 kB
FileHugePages:         0 kB
FilePmdMapped:         0 kB
CmaTotal:              0 kB
CmaFree:               0 kB
HugePages_Total:       0
HugePages_Free:        0
HugePages_Rsvd:        0
HugePages_Surp:        0
Hugepagesize:       2048 kB
Hugetlb:               0 kB
DirectMap4k:      504296 kB
DirectMap2M:     8687616 kB
DirectMap1G:    1133510656 kB
pgmigrate_success 2983266
pgmigrate_fail 30
thp_migration_success 0
thp_migration_fail 0
thp_migration_split 0
thp_fault_alloc 0
thp_fault_fallback 0
thp_fault_fallback_charge 0
thp_collapse_alloc 0
thp_collapse_alloc_failed 0
thp_file_alloc 0
thp_file_fallback 0
thp_file_fallback_charge 0
thp_file_mapped 0
thp_split_page 0
thp_split_page_failed 0
thp_deferred_split_page 0
thp_split_pmd 0
thp_scan_exceed_none_pte 0
thp_scan_exceed_swap_pte 0
thp_scan_exceed_share_pte 0
thp_split_pud 0
thp_zero_page_alloc 0
thp_zero_page_alloc_failed 0
thp_swpout 0
thp_swpout_fallback 0
MemTotal:       548712940 kB
MemFree:        529690120 kB
MemAvailable:   528643556 kB
Buffers:           62208 kB
Cached:           196560 kB
SwapCached:        18592 kB
Active:           116824 kB
Inactive:         462300 kB
Active(anon):      28884 kB
Inactive(anon):   295044 kB
Active(file):      87940 kB
Inactive(file):   167256 kB
Unevictable:           0 kB
Mlocked:               0 kB
SwapTotal:       2097148 kB
SwapFree:        1784832 kB
Dirty:                 8 kB
Writeback:             0 kB
AnonPages:        303780 kB
Mapped:           156552 kB
Shmem:              3568 kB
KReclaimable:     209076 kB
Slab:             490796 kB
SReclaimable:     209076 kB
SUnreclaim:       281720 kB
KernelStack:       31840 kB
PageTables:        43144 kB
NFS_Unstable:          0 kB
Bounce:                0 kB
WritebackTmp:          0 kB
CommitLimit:    276453616 kB
Committed_AS:    6676840 kB
VmallocTotal:   34359738367 kB
VmallocUsed:      140296 kB
VmallocChunk:          0 kB
Percpu:           133952 kB
HardwareCorrupted:     0 kB
AnonHugePages:         0 kB
ShmemHugePages:        0 kB
ShmemPmdMapped:        0 kB
FileHugePages:         0 kB
FilePmdMapped:         0 kB
CmaTotal:              0 kB
CmaFree:               0 kB
HugePages_Total:       0
HugePages_Free:        0
HugePages_Rsvd:        0
HugePages_Surp:        0
Hugepagesize:       2048 kB
Hugetlb:               0 kB
DirectMap4k:      504296 kB
DirectMap2M:     8687616 kB
DirectMap1G:    1133510656 kB
