pgmigrate_success 47974
pgmigrate_fail 8
thp_migration_success 0
thp_migration_fail 0
thp_migration_split 0
thp_fault_alloc 0
thp_fault_fallback 0
thp_fault_fallback_charge 0
thp_collapse_alloc 0
thp_collapse_alloc_failed 0
thp_file_alloc 0
thp_file_fallback 0
thp_file_fallback_charge 0
thp_file_mapped 0
thp_split_page 0
thp_split_page_failed 0
thp_deferred_split_page 0
thp_split_pmd 0
thp_scan_exceed_none_pte 0
thp_scan_exceed_swap_pte 0
thp_scan_exceed_share_pte 0
thp_split_pud 0
thp_zero_page_alloc 0
thp_zero_page_alloc_failed 0
thp_swpout 0
thp_swpout_fallback 0
MemTotal:       548712940 kB
MemFree:        529295292 kB
MemAvailable:   528302140 kB
Buffers:            5500 kB
Cached:           399852 kB
SwapCached:            0 kB
Active:            68176 kB
Inactive:         922200 kB
Active(anon):        404 kB
Inactive(anon):   590824 kB
Active(file):      67772 kB
Inactive(file):   331376 kB
Unevictable:           0 kB
Mlocked:               0 kB
SwapTotal:       2097148 kB
SwapFree:        2097148 kB
Dirty:               116 kB
Writeback:             0 kB
AnonPages:        585304 kB
Mapped:           396824 kB
Shmem:              6200 kB
KReclaimable:     171948 kB
Slab:             446104 kB
SReclaimable:     171948 kB
SUnreclaim:       274156 kB
KernelStack:       32400 kB
PageTables:        41884 kB
NFS_Unstable:          0 kB
Bounce:                0 kB
WritebackTmp:          0 kB
CommitLimit:    276453616 kB
Committed_AS:    6577220 kB
VmallocTotal:   34359738367 kB
VmallocUsed:      140728 kB
VmallocChunk:          0 kB
Percpu:           133952 kB
HardwareCorrupted:     0 kB
AnonHugePages:         0 kB
ShmemHugePages:        0 kB
ShmemPmdMapped:        0 kB
FileHugePages:         0 kB
FilePmdMapped:         0 kB
CmaTotal:              0 kB
CmaFree:               0 kB
HugePages_Total:       0
HugePages_Free:        0
HugePages_Rsvd:        0
HugePages_Surp:        0
Hugepagesize:       2048 kB
Hugetlb:               0 kB
DirectMap4k:      504296 kB
DirectMap2M:     8687616 kB
DirectMap1G:    1133510656 kB
pgmigrate_success 505549
pgmigrate_fail 21
thp_migration_success 0
thp_migration_fail 0
thp_migration_split 0
thp_fault_alloc 0
thp_fault_fallback 0
thp_fault_fallback_charge 0
thp_collapse_alloc 0
thp_collapse_alloc_failed 0
thp_file_alloc 0
thp_file_fallback 0
thp_file_fallback_charge 0
thp_file_mapped 0
thp_split_page 0
thp_split_page_failed 0
thp_deferred_split_page 0
thp_split_pmd 0
thp_scan_exceed_none_pte 0
thp_scan_exceed_swap_pte 0
thp_scan_exceed_share_pte 0
thp_split_pud 0
thp_zero_page_alloc 0
thp_zero_page_alloc_failed 0
thp_swpout 0
thp_swpout_fallback 0
MemTotal:       548712940 kB
MemFree:        529728492 kB
MemAvailable:   528625936 kB
Buffers:            5580 kB
Cached:           164504 kB
SwapCached:        76724 kB
Active:            31632 kB
Inactive:         466808 kB
Active(anon):      12000 kB
Inactive(anon):   320644 kB
Active(file):      19632 kB
Inactive(file):   146164 kB
Unevictable:           0 kB
Mlocked:               0 kB
SwapTotal:       2097148 kB
SwapFree:        1754344 kB
Dirty:                32 kB
Writeback:             0 kB
AnonPages:        311836 kB
Mapped:           163844 kB
Shmem:              3792 kB
KReclaimable:     186496 kB
Slab:             465492 kB
SReclaimable:     186496 kB
SUnreclaim:       278996 kB
KernelStack:       31792 kB
PageTables:        42536 kB
NFS_Unstable:          0 kB
Bounce:                0 kB
WritebackTmp:          0 kB
CommitLimit:    276453616 kB
Committed_AS:    6644436 kB
VmallocTotal:   34359738367 kB
VmallocUsed:      140168 kB
VmallocChunk:          0 kB
Percpu:           133952 kB
HardwareCorrupted:     0 kB
AnonHugePages:         0 kB
ShmemHugePages:        0 kB
ShmemPmdMapped:        0 kB
FileHugePages:         0 kB
FilePmdMapped:         0 kB
CmaTotal:              0 kB
CmaFree:               0 kB
HugePages_Total:       0
HugePages_Free:        0
HugePages_Rsvd:        0
HugePages_Surp:        0
Hugepagesize:       2048 kB
Hugetlb:               0 kB
DirectMap4k:      504296 kB
DirectMap2M:     8687616 kB
DirectMap1G:    1133510656 kB
