2024年 06月 18日 星期二 21:51:33 CST
pgmigrate_success 7065817
pgmigrate_fail 117876231
pgmigrate_dst_node_full_fail 117816325
pgmigrate_numa_isolate_fail 124
pgmigrate_nomem_fail 3
pgmigrate_refcount_fail 3624
thp_fault_alloc 158279
thp_fault_fallback 0
thp_collapse_alloc 63
thp_collapse_alloc_failed 10
thp_file_alloc 0
thp_file_mapped 0
thp_split_page 2
thp_split_page_failed 0
thp_deferred_split_page 183502
thp_split_pmd 218
thp_split_pud 0
thp_zero_page_alloc 11
thp_zero_page_alloc_failed 0
thp_swpout 0
thp_swpout_fallback 0
MemTotal:       1085009292 kB
MemFree:        1053891396 kB
MemAvailable:   1051704924 kB
Buffers:            7540 kB
Cached:           202052 kB
SwapCached:         2160 kB
Active:           267708 kB
Inactive:         526380 kB
Active(anon):     118644 kB
Inactive(anon):   470688 kB
Active(file):     149064 kB
Inactive(file):    55692 kB
Unevictable:           0 kB
Mlocked:               0 kB
SwapTotal:       2097148 kB
SwapFree:        2049276 kB
Dirty:               312 kB
Writeback:             0 kB
AnonPages:        584072 kB
Mapped:           200240 kB
Shmem:              4668 kB
KReclaimable:     260704 kB
Slab:             691612 kB
SReclaimable:     260704 kB
SUnreclaim:       430908 kB
KernelStack:       33712 kB
PageTables:        28604 kB
NFS_Unstable:          0 kB
Bounce:                0 kB
WritebackTmp:          0 kB
CommitLimit:    544601792 kB
Committed_AS:    6133852 kB
VmallocTotal:   34359738367 kB
VmallocUsed:      105492 kB
VmallocChunk:          0 kB
Percpu:           121408 kB
HardwareCorrupted:     0 kB
AnonHugePages:     24576 kB
ShmemHugePages:        0 kB
ShmemPmdMapped:        0 kB
CmaTotal:              0 kB
CmaFree:               0 kB
HugePages_Total:       0
HugePages_Free:        0
HugePages_Rsvd:        0
HugePages_Surp:        0
Hugepagesize:       2048 kB
Hugetlb:               0 kB
DirectMap4k:     1093096 kB
DirectMap2M:     9877504 kB
DirectMap1G:    1178599424 kB
2024年 06月 18日 星期二 23:32:26 CST
pgmigrate_success 10309652
pgmigrate_fail 260826682
pgmigrate_dst_node_full_fail 267998268
pgmigrate_numa_isolate_fail 135
pgmigrate_nomem_fail 7
pgmigrate_refcount_fail 3904
thp_fault_alloc 192590
thp_fault_fallback 0
thp_collapse_alloc 196
thp_collapse_alloc_failed 146
thp_file_alloc 0
thp_file_mapped 0
thp_split_page 2648
thp_split_page_failed 0
thp_deferred_split_page 221143
thp_split_pmd 3708
thp_split_pud 0
thp_zero_page_alloc 11
thp_zero_page_alloc_failed 0
thp_swpout 386
thp_swpout_fallback 2607
MemTotal:       1085009292 kB
MemFree:        1053752944 kB
MemAvailable:   1051724700 kB
Buffers:           74072 kB
Cached:           385764 kB
SwapCached:         6764 kB
Active:           364112 kB
Inactive:         355128 kB
Active(anon):     165020 kB
Inactive(anon):    96732 kB
Active(file):     199092 kB
Inactive(file):   258396 kB
Unevictable:           0 kB
Mlocked:               0 kB
SwapTotal:       2097148 kB
SwapFree:        1691288 kB
Dirty:                24 kB
Writeback:             0 kB
AnonPages:        253348 kB
Mapped:           243744 kB
Shmem:              1296 kB
KReclaimable:     324432 kB
Slab:             779156 kB
SReclaimable:     324432 kB
SUnreclaim:       454724 kB
KernelStack:       33792 kB
PageTables:        29356 kB
NFS_Unstable:          0 kB
Bounce:                0 kB
WritebackTmp:          0 kB
CommitLimit:    544601792 kB
Committed_AS:    5741600 kB
VmallocTotal:   34359738367 kB
VmallocUsed:      105844 kB
VmallocChunk:          0 kB
Percpu:           121408 kB
HardwareCorrupted:     0 kB
AnonHugePages:    251904 kB
ShmemHugePages:        0 kB
ShmemPmdMapped:        0 kB
CmaTotal:              0 kB
CmaFree:               0 kB
HugePages_Total:       0
HugePages_Free:        0
HugePages_Rsvd:        0
HugePages_Surp:        0
Hugepagesize:       2048 kB
Hugetlb:               0 kB
DirectMap4k:     1093096 kB
DirectMap2M:     9877504 kB
DirectMap1G:    1178599424 kB
