pgmigrate_success 5822153
pgmigrate_fail 73934
thp_fault_alloc 0
thp_fault_fallback 0
thp_collapse_alloc 0
thp_collapse_alloc_failed 0
thp_file_alloc 0
thp_file_mapped 0
thp_split_page 0
thp_split_page_failed 0
thp_deferred_split_page 0
thp_split_pmd 0
thp_split_pud 0
thp_zero_page_alloc 0
thp_zero_page_alloc_failed 0
thp_swpout 0
thp_swpout_fallback 0
MemTotal:       554593496 kB
MemFree:        533879160 kB
MemAvailable:   532988336 kB
Buffers:          152208 kB
Cached:           465944 kB
SwapCached:           52 kB
Active:           207076 kB
Inactive:         859916 kB
Active(anon):     111032 kB
Inactive(anon):   505616 kB
Active(file):      96044 kB
Inactive(file):   354300 kB
Unevictable:           0 kB
Mlocked:               0 kB
SwapTotal:       2097148 kB
SwapFree:        2095868 kB
Dirty:                32 kB
Writeback:             0 kB
AnonPages:        652412 kB
Mapped:           351668 kB
Shmem:              6140 kB
KReclaimable:     301728 kB
Slab:             764184 kB
SReclaimable:     301728 kB
SUnreclaim:       462456 kB
KernelStack:       31728 kB
PageTables:        28668 kB
NFS_Unstable:          0 kB
Bounce:                0 kB
WritebackTmp:          0 kB
CommitLimit:    279393896 kB
Committed_AS:    7049252 kB
VmallocTotal:   34359738367 kB
VmallocUsed:      102916 kB
VmallocChunk:          0 kB
Percpu:           119616 kB
HardwareCorrupted:     0 kB
AnonHugePages:         0 kB
ShmemHugePages:        0 kB
ShmemPmdMapped:        0 kB
CmaTotal:              0 kB
CmaFree:               0 kB
HugePages_Total:       0
HugePages_Free:        0
HugePages_Rsvd:        0
HugePages_Surp:        0
Hugepagesize:       2048 kB
Hugetlb:               0 kB
DirectMap4k:     1078760 kB
DirectMap2M:     8843264 kB
DirectMap1G:    1181745152 kB
pgmigrate_success 16637064
pgmigrate_fail 83914
thp_fault_alloc 0
thp_fault_fallback 0
thp_collapse_alloc 0
thp_collapse_alloc_failed 0
thp_file_alloc 0
thp_file_mapped 0
thp_split_page 0
thp_split_page_failed 0
thp_deferred_split_page 0
thp_split_pmd 0
thp_split_pud 0
thp_zero_page_alloc 0
thp_zero_page_alloc_failed 0
thp_swpout 0
thp_swpout_fallback 0
MemTotal:       551568600 kB
MemFree:        530755636 kB
MemAvailable:   529868312 kB
Buffers:          171372 kB
Cached:           453220 kB
SwapCached:           80 kB
Active:           208832 kB
Inactive:         872888 kB
Active(anon):     103168 kB
Inactive(anon):   571548 kB
Active(file):     105664 kB
Inactive(file):   301340 kB
Unevictable:           0 kB
Mlocked:               0 kB
SwapTotal:       2097148 kB
SwapFree:        2096124 kB
Dirty:                36 kB
Writeback:             0 kB
AnonPages:        670052 kB
Mapped:           344100 kB
Shmem:              6140 kB
KReclaimable:     316332 kB
Slab:             778600 kB
SReclaimable:     316332 kB
SUnreclaim:       462268 kB
KernelStack:       31680 kB
PageTables:        28436 kB
NFS_Unstable:          0 kB
Bounce:                0 kB
WritebackTmp:          0 kB
CommitLimit:    277881448 kB
Committed_AS:    6897348 kB
VmallocTotal:   34359738367 kB
VmallocUsed:      102948 kB
VmallocChunk:          0 kB
Percpu:           118720 kB
HardwareCorrupted:     0 kB
AnonHugePages:         0 kB
ShmemHugePages:        0 kB
ShmemPmdMapped:        0 kB
CmaTotal:              0 kB
CmaFree:               0 kB
HugePages_Total:       0
HugePages_Free:        0
HugePages_Rsvd:        0
HugePages_Surp:        0
Hugepagesize:       2048 kB
Hugetlb:               0 kB
DirectMap4k:      992744 kB
DirectMap2M:     8929280 kB
DirectMap1G:    1181745152 kB
