pgmigrate_success 5815513
pgmigrate_fail 73913
thp_fault_alloc 0
thp_fault_fallback 0
thp_collapse_alloc 0
thp_collapse_alloc_failed 0
thp_file_alloc 0
thp_file_mapped 0
thp_split_page 0
thp_split_page_failed 0
thp_deferred_split_page 0
thp_split_pmd 0
thp_split_pud 0
thp_zero_page_alloc 0
thp_zero_page_alloc_failed 0
thp_swpout 0
thp_swpout_fallback 0
MemTotal:       554593496 kB
MemFree:        533882976 kB
MemAvailable:   532991988 kB
Buffers:          151432 kB
Cached:           465872 kB
SwapCached:           52 kB
Active:           191796 kB
Inactive:         873604 kB
Active(anon):     109256 kB
Inactive(anon):   505688 kB
Active(file):      82540 kB
Inactive(file):   367916 kB
Unevictable:           0 kB
Mlocked:               0 kB
SwapTotal:       2097148 kB
SwapFree:        2095868 kB
Dirty:               272 kB
Writeback:             0 kB
AnonPages:        650788 kB
Mapped:           350856 kB
Shmem:              6140 kB
KReclaimable:     301288 kB
Slab:             761876 kB
SReclaimable:     301288 kB
SUnreclaim:       460588 kB
KernelStack:       31504 kB
PageTables:        28128 kB
NFS_Unstable:          0 kB
Bounce:                0 kB
WritebackTmp:          0 kB
CommitLimit:    279393896 kB
Committed_AS:    6862768 kB
VmallocTotal:   34359738367 kB
VmallocUsed:      102788 kB
VmallocChunk:          0 kB
Percpu:           119616 kB
HardwareCorrupted:     0 kB
AnonHugePages:         0 kB
ShmemHugePages:        0 kB
ShmemPmdMapped:        0 kB
CmaTotal:              0 kB
CmaFree:               0 kB
HugePages_Total:       0
HugePages_Free:        0
HugePages_Rsvd:        0
HugePages_Surp:        0
Hugepagesize:       2048 kB
Hugetlb:               0 kB
DirectMap4k:     1078760 kB
DirectMap2M:     8843264 kB
DirectMap1G:    1181745152 kB
pgmigrate_success 16629469
pgmigrate_fail 83889
thp_fault_alloc 0
thp_fault_fallback 0
thp_collapse_alloc 0
thp_collapse_alloc_failed 0
thp_file_alloc 0
thp_file_mapped 0
thp_split_page 0
thp_split_page_failed 0
thp_deferred_split_page 0
thp_split_pmd 0
thp_split_pud 0
thp_zero_page_alloc 0
thp_zero_page_alloc_failed 0
thp_swpout 0
thp_swpout_fallback 0
MemTotal:       551568600 kB
MemFree:        530805336 kB
MemAvailable:   529918052 kB
Buffers:          170500 kB
Cached:           453044 kB
SwapCached:           80 kB
Active:           186268 kB
Inactive:         891996 kB
Active(anon):      98344 kB
Inactive(anon):   572632 kB
Active(file):      87924 kB
Inactive(file):   319364 kB
Unevictable:           0 kB
Mlocked:               0 kB
SwapTotal:       2097148 kB
SwapFree:        2096124 kB
Dirty:                32 kB
Writeback:             0 kB
AnonPages:        666104 kB
Mapped:           343488 kB
Shmem:              6140 kB
KReclaimable:     316136 kB
Slab:             777512 kB
SReclaimable:     316136 kB
SUnreclaim:       461376 kB
KernelStack:       31488 kB
PageTables:        28244 kB
NFS_Unstable:          0 kB
Bounce:                0 kB
WritebackTmp:          0 kB
CommitLimit:    277881448 kB
Committed_AS:    6840584 kB
VmallocTotal:   34359738367 kB
VmallocUsed:      102884 kB
VmallocChunk:          0 kB
Percpu:           118720 kB
HardwareCorrupted:     0 kB
AnonHugePages:         0 kB
ShmemHugePages:        0 kB
ShmemPmdMapped:        0 kB
CmaTotal:              0 kB
CmaFree:               0 kB
HugePages_Total:       0
HugePages_Free:        0
HugePages_Rsvd:        0
HugePages_Surp:        0
Hugepagesize:       2048 kB
Hugetlb:               0 kB
DirectMap4k:      992744 kB
DirectMap2M:     8929280 kB
DirectMap1G:    1181745152 kB
