2024年 06月 18日 星期二 17:48:52 CST
pgmigrate_success 10507
pgmigrate_fail 143
pgmigrate_dst_node_full_fail 0
pgmigrate_numa_isolate_fail 10
pgmigrate_nomem_fail 0
pgmigrate_refcount_fail 0
thp_fault_alloc 1
thp_fault_fallback 0
thp_collapse_alloc 0
thp_collapse_alloc_failed 0
thp_file_alloc 0
thp_file_mapped 0
thp_split_page 0
thp_split_page_failed 0
thp_deferred_split_page 0
thp_split_pmd 0
thp_split_pud 0
thp_zero_page_alloc 0
thp_zero_page_alloc_failed 0
thp_swpout 0
thp_swpout_fallback 0
MemTotal:       1084304780 kB
MemFree:        1053074696 kB
MemAvailable:   1050973768 kB
Buffers:            7280 kB
Cached:           375172 kB
SwapCached:            0 kB
Active:           951772 kB
Inactive:         329620 kB
Active(anon):     873564 kB
Inactive(anon):    31676 kB
Active(file):      78208 kB
Inactive(file):   297944 kB
Unevictable:           0 kB
Mlocked:               0 kB
SwapTotal:       2097148 kB
SwapFree:        2097148 kB
Dirty:               724 kB
Writeback:             0 kB
AnonPages:        899020 kB
Mapped:           371808 kB
Shmem:              6208 kB
KReclaimable:     239800 kB
Slab:             616592 kB
SReclaimable:     239800 kB
SUnreclaim:       376792 kB
KernelStack:       33888 kB
PageTables:        31848 kB
NFS_Unstable:          0 kB
Bounce:                0 kB
WritebackTmp:          0 kB
CommitLimit:    544249536 kB
Committed_AS:    6728964 kB
VmallocTotal:   34359738367 kB
VmallocUsed:      105580 kB
VmallocChunk:          0 kB
Percpu:           122304 kB
HardwareCorrupted:     0 kB
AnonHugePages:      2048 kB
ShmemHugePages:        0 kB
ShmemPmdMapped:        0 kB
CmaTotal:              0 kB
CmaFree:               0 kB
HugePages_Total:       0
HugePages_Free:        0
HugePages_Rsvd:        0
HugePages_Surp:        0
Hugepagesize:       2048 kB
Hugetlb:               0 kB
DirectMap4k:     1084904 kB
DirectMap2M:     8837120 kB
DirectMap1G:    1179648000 kB
2024年 06月 18日 星期二 17:50:42 CST
pgmigrate_success 67995
pgmigrate_fail 1854095
pgmigrate_dst_node_full_fail 1854017
pgmigrate_numa_isolate_fail 10
pgmigrate_nomem_fail 0
pgmigrate_refcount_fail 0
thp_fault_alloc 17128
thp_fault_fallback 0
thp_collapse_alloc 4
thp_collapse_alloc_failed 0
thp_file_alloc 0
thp_file_mapped 0
thp_split_page 0
thp_split_page_failed 0
thp_deferred_split_page 17125
thp_split_pmd 12
thp_split_pud 0
thp_zero_page_alloc 0
thp_zero_page_alloc_failed 0
thp_swpout 0
thp_swpout_fallback 0
MemTotal:       1084304780 kB
MemFree:        1039153404 kB
MemAvailable:   1049817952 kB
Buffers:           86516 kB
Cached:         14040496 kB
SwapCached:         1328 kB
Active:           571436 kB
Inactive:       14460212 kB
Active(anon):     291564 kB
Inactive(anon):   618588 kB
Active(file):     279872 kB
Inactive(file): 13841624 kB
Unevictable:           0 kB
Mlocked:               0 kB
SwapTotal:       2097148 kB
SwapFree:        2068220 kB
Dirty:                 4 kB
Writeback:             0 kB
AnonPages:        905140 kB
Mapped:           266656 kB
Shmem:              5496 kB
KReclaimable:     342808 kB
Slab:             740812 kB
SReclaimable:     342808 kB
SUnreclaim:       398004 kB
KernelStack:       34128 kB
PageTables:        33040 kB
NFS_Unstable:          0 kB
Bounce:                0 kB
WritebackTmp:          0 kB
CommitLimit:    544249536 kB
Committed_AS:    6285196 kB
VmallocTotal:   34359738367 kB
VmallocUsed:      105972 kB
VmallocChunk:          0 kB
Percpu:           122304 kB
HardwareCorrupted:     0 kB
AnonHugePages:     14336 kB
ShmemHugePages:        0 kB
ShmemPmdMapped:        0 kB
CmaTotal:              0 kB
CmaFree:               0 kB
HugePages_Total:       0
HugePages_Free:        0
HugePages_Rsvd:        0
HugePages_Surp:        0
Hugepagesize:       2048 kB
Hugetlb:               0 kB
DirectMap4k:     1084904 kB
DirectMap2M:     8837120 kB
DirectMap1G:    1179648000 kB
