2024年 06月 12日 星期三 11:48:42 CST
pgmigrate_success 3379894
pgmigrate_fail 91493384
pgmigrate_dst_node_full_fail 91492864
pgmigrate_numa_isolate_fail 14
pgmigrate_nomem_fail 0
pgmigrate_refcount_fail 0
thp_fault_alloc 33390
thp_fault_fallback 0
thp_collapse_alloc 75
thp_collapse_alloc_failed 0
thp_file_alloc 0
thp_file_mapped 0
thp_split_page 2
thp_split_page_failed 0
thp_deferred_split_page 46493
thp_split_pmd 53
thp_split_pud 0
thp_zero_page_alloc 0
thp_zero_page_alloc_failed 0
thp_swpout 0
thp_swpout_fallback 0
MemTotal:       1087880580 kB
MemFree:        1056826904 kB
MemAvailable:   1054726256 kB
Buffers:            8520 kB
Cached:           410952 kB
SwapCached:            0 kB
Active:           645632 kB
Inactive:         387712 kB
Active(anon):     574936 kB
Inactive(anon):    46168 kB
Active(file):      70696 kB
Inactive(file):   341544 kB
Unevictable:           0 kB
Mlocked:               0 kB
SwapTotal:       2097148 kB
SwapFree:        2097148 kB
Dirty:               332 kB
Writeback:             0 kB
AnonPages:        615104 kB
Mapped:           406500 kB
Shmem:              6208 kB
KReclaimable:     246512 kB
Slab:             660804 kB
SReclaimable:     246512 kB
SUnreclaim:       414292 kB
KernelStack:       33492 kB
PageTables:        28036 kB
NFS_Unstable:          0 kB
Bounce:                0 kB
WritebackTmp:          0 kB
CommitLimit:    546037436 kB
Committed_AS:    6795500 kB
VmallocTotal:   34359738367 kB
VmallocUsed:      158652 kB
VmallocChunk:          0 kB
Percpu:           122304 kB
HardwareCorrupted:     0 kB
AnonHugePages:     30720 kB
ShmemHugePages:        0 kB
ShmemPmdMapped:        0 kB
CmaTotal:              0 kB
CmaFree:               0 kB
HugePages_Total:       0
HugePages_Free:        0
HugePages_Rsvd:        0
HugePages_Surp:        0
Hugepagesize:       2048 kB
Hugetlb:               0 kB
DirectMap4k:     1089000 kB
DirectMap2M:     8833024 kB
DirectMap1G:    1179648000 kB
2024年 06月 12日 星期三 11:52:19 CST
pgmigrate_success 5906370
pgmigrate_fail 151519753
pgmigrate_dst_node_full_fail 151518720
pgmigrate_numa_isolate_fail 14
pgmigrate_nomem_fail 1
pgmigrate_refcount_fail 0
thp_fault_alloc 50085
thp_fault_fallback 0
thp_collapse_alloc 87
thp_collapse_alloc_failed 0
thp_file_alloc 0
thp_file_mapped 0
thp_split_page 2
thp_split_page_failed 0
thp_deferred_split_page 73023
thp_split_pmd 81
thp_split_pud 0
thp_zero_page_alloc 0
thp_zero_page_alloc_failed 0
thp_swpout 0
thp_swpout_fallback 0
MemTotal:       1087880580 kB
MemFree:        1056619020 kB
MemAvailable:   1054592808 kB
Buffers:           68988 kB
Cached:           444808 kB
SwapCached:            0 kB
Active:           731700 kB
Inactive:         411820 kB
Active(anon):     584000 kB
Inactive(anon):    52268 kB
Active(file):     147700 kB
Inactive(file):   359552 kB
Unevictable:           0 kB
Mlocked:               0 kB
SwapTotal:       2097148 kB
SwapFree:        2096892 kB
Dirty:                36 kB
Writeback:             0 kB
AnonPages:        630428 kB
Mapped:           415900 kB
Shmem:              6204 kB
KReclaimable:     300364 kB
Slab:             717796 kB
SReclaimable:     300364 kB
SUnreclaim:       417432 kB
KernelStack:       33520 kB
PageTables:        28652 kB
NFS_Unstable:          0 kB
Bounce:                0 kB
WritebackTmp:          0 kB
CommitLimit:    546037436 kB
Committed_AS:    6771088 kB
VmallocTotal:   34359738367 kB
VmallocUsed:      158604 kB
VmallocChunk:          0 kB
Percpu:           122304 kB
HardwareCorrupted:     0 kB
AnonHugePages:     88064 kB
ShmemHugePages:        0 kB
ShmemPmdMapped:        0 kB
CmaTotal:              0 kB
CmaFree:               0 kB
HugePages_Total:       0
HugePages_Free:        0
HugePages_Rsvd:        0
HugePages_Surp:        0
Hugepagesize:       2048 kB
Hugetlb:               0 kB
DirectMap4k:     1089000 kB
DirectMap2M:     8833024 kB
DirectMap1G:    1179648000 kB
