pgmigrate_success 9126
pgmigrate_fail 1
thp_fault_alloc 0
thp_fault_fallback 0
thp_collapse_alloc 0
thp_collapse_alloc_failed 0
thp_file_alloc 0
thp_file_mapped 0
thp_split_page 0
thp_split_page_failed 0
thp_deferred_split_page 0
thp_split_pmd 0
thp_split_pud 0
thp_zero_page_alloc 0
thp_zero_page_alloc_failed 0
thp_swpout 0
thp_swpout_fallback 0
MemTotal:       1164602532 kB
MemFree:        1145645184 kB
MemAvailable:   1143369796 kB
Buffers:            4592 kB
Cached:           382008 kB
SwapCached:            0 kB
Active:           663688 kB
Inactive:         304064 kB
Active(anon):     581212 kB
Inactive(anon):     6100 kB
Active(file):      82476 kB
Inactive(file):   297964 kB
Unevictable:           0 kB
Mlocked:               0 kB
SwapTotal:       2097148 kB
SwapFree:        2097148 kB
Dirty:               300 kB
Writeback:             0 kB
AnonPages:        580420 kB
Mapped:           379464 kB
Shmem:              6104 kB
KReclaimable:     236216 kB
Slab:             602848 kB
SReclaimable:     236216 kB
SUnreclaim:       366632 kB
KernelStack:       32864 kB
PageTables:        28520 kB
NFS_Unstable:          0 kB
Bounce:                0 kB
WritebackTmp:          0 kB
CommitLimit:    584398412 kB
Committed_AS:    6320108 kB
VmallocTotal:   34359738367 kB
VmallocUsed:      159980 kB
VmallocChunk:          0 kB
Percpu:           116032 kB
HardwareCorrupted:     0 kB
AnonHugePages:         0 kB
ShmemHugePages:        0 kB
ShmemPmdMapped:        0 kB
CmaTotal:              0 kB
CmaFree:               0 kB
HugePages_Total:       0
HugePages_Free:        0
HugePages_Rsvd:        0
HugePages_Surp:        0
Hugepagesize:       2048 kB
Hugetlb:               0 kB
DirectMap4k:     1023464 kB
DirectMap2M:     7849984 kB
DirectMap1G:    1180696576 kB
