[    0.000000] Linux version 5.3.1-multiclock (xmu@xmu-PowerEdge-R750) (gcc version 7.5.0 (Ubuntu 7.5.0-3ubuntu1~18.04)) #1 SMP Wed Aug 9 20:46:02 CST 2023
[    0.000000] Command line: BOOT_IMAGE=/boot/vmlinuz-5.3.1-multiclock root=UUID=ce0c24b8-724b-4f33-9b2c-618433560aef ro memmap=19G!45G quiet splash nomodeset vt.handoff=1
[    0.000000] KERNEL supported cpus:
[    0.000000]   Intel GenuineIntel
[    0.000000]   AMD AuthenticAMD
[    0.000000]   Hygon HygonGenuine
[    0.000000]   Centaur CentaurHauls
[    0.000000]   zhaoxin   Shanghai  
[    0.000000] x86/fpu: Supporting XSAVE feature 0x001: 'x87 floating point registers'
[    0.000000] x86/fpu: Supporting XSAVE feature 0x002: 'SSE registers'
[    0.000000] x86/fpu: Supporting XSAVE feature 0x004: 'AVX registers'
[    0.000000] x86/fpu: Supporting XSAVE feature 0x020: 'AVX-512 opmask'
[    0.000000] x86/fpu: Supporting XSAVE feature 0x040: 'AVX-512 Hi256'
[    0.000000] x86/fpu: Supporting XSAVE feature 0x080: 'AVX-512 ZMM_Hi256'
[    0.000000] x86/fpu: Supporting XSAVE feature 0x200: 'Protection Keys User registers'
[    0.000000] x86/fpu: xstate_offset[2]:  576, xstate_sizes[2]:  256
[    0.000000] x86/fpu: xstate_offset[5]:  832, xstate_sizes[5]:   64
[    0.000000] x86/fpu: xstate_offset[6]:  896, xstate_sizes[6]:  512
[    0.000000] x86/fpu: xstate_offset[7]: 1408, xstate_sizes[7]: 1024
[    0.000000] x86/fpu: xstate_offset[9]: 2432, xstate_sizes[9]:    8
[    0.000000] x86/fpu: Enabled xstate features 0x2e7, context size is 2440 bytes, using 'compacted' format.
[    0.000000] BIOS-provided physical RAM map:
[    0.000000] BIOS-e820: [mem 0x0000000000000000-0x000000000008efff] usable
[    0.000000] BIOS-e820: [mem 0x000000000008f000-0x000000000008ffff] reserved
[    0.000000] BIOS-e820: [mem 0x0000000000090000-0x000000000009ffff] usable
[    0.000000] BIOS-e820: [mem 0x00000000000a0000-0x00000000000fffff] reserved
[    0.000000] BIOS-e820: [mem 0x0000000000100000-0x0000000049e76fff] usable
[    0.000000] BIOS-e820: [mem 0x0000000049e77000-0x000000004ae76fff] ACPI NVS
[    0.000000] BIOS-e820: [mem 0x000000004ae77000-0x000000004b2cefff] usable
[    0.000000] BIOS-e820: [mem 0x000000004b2cf000-0x000000004b54dfff] ACPI data
[    0.000000] BIOS-e820: [mem 0x000000004b54e000-0x000000004bd93fff] usable
[    0.000000] BIOS-e820: [mem 0x000000004bd94000-0x000000004be99fff] reserved
[    0.000000] BIOS-e820: [mem 0x000000004be9a000-0x000000004cdfffff] usable
[    0.000000] BIOS-e820: [mem 0x000000004ce00000-0x000000004cffffff] reserved
[    0.000000] BIOS-e820: [mem 0x000000004d000000-0x000000005eefdfff] usable
[    0.000000] BIOS-e820: [mem 0x000000005eefe000-0x000000006e3fefff] reserved
[    0.000000] BIOS-e820: [mem 0x000000006e3ff000-0x000000006f3fefff] ACPI NVS
[    0.000000] BIOS-e820: [mem 0x000000006f3ff000-0x000000006f7fefff] ACPI data
[    0.000000] BIOS-e820: [mem 0x000000006f7ff000-0x000000006f7fffff] usable
[    0.000000] BIOS-e820: [mem 0x000000006f800000-0x000000008fffffff] reserved
[    0.000000] BIOS-e820: [mem 0x00000000fe000000-0x00000000fe010fff] reserved
[    0.000000] BIOS-e820: [mem 0x0000000100000000-0x000000207fffffff] usable
[    0.000000] BIOS-e820: [mem 0x0000002080000000-0x0000011c7fffffff] persistent (type 7)
[    0.000000] BIOS-e820: [mem 0x00001ffc00000000-0x00001fffffffffff] reserved
[    0.000000] NX (Execute Disable) protection: active
[    0.000000] e820: update [mem 0x47c45020-0x47c4d05f] usable ==> usable
[    0.000000] e820: update [mem 0x47c45020-0x47c4d05f] usable ==> usable
[    0.000000] e820: update [mem 0x47c12020-0x47c44c5f] usable ==> usable
[    0.000000] e820: update [mem 0x47c12020-0x47c44c5f] usable ==> usable
[    0.000000] e820: update [mem 0x47bdf020-0x47c11c5f] usable ==> usable
[    0.000000] e820: update [mem 0x47bdf020-0x47c11c5f] usable ==> usable
[    0.000000] e820: update [mem 0x47bad020-0x47bdea5f] usable ==> usable
[    0.000000] e820: update [mem 0x47bad020-0x47bdea5f] usable ==> usable
[    0.000000] extended physical RAM map:
[    0.000000] reserve setup_data: [mem 0x0000000000000000-0x000000000008efff] usable
[    0.000000] reserve setup_data: [mem 0x000000000008f000-0x000000000008ffff] reserved
[    0.000000] reserve setup_data: [mem 0x0000000000090000-0x000000000009ffff] usable
[    0.000000] reserve setup_data: [mem 0x00000000000a0000-0x00000000000fffff] reserved
[    0.000000] reserve setup_data: [mem 0x0000000000100000-0x0000000047bad01f] usable
[    0.000000] reserve setup_data: [mem 0x0000000047bad020-0x0000000047bdea5f] usable
[    0.000000] reserve setup_data: [mem 0x0000000047bdea60-0x0000000047bdf01f] usable
[    0.000000] reserve setup_data: [mem 0x0000000047bdf020-0x0000000047c11c5f] usable
[    0.000000] reserve setup_data: [mem 0x0000000047c11c60-0x0000000047c1201f] usable
[    0.000000] reserve setup_data: [mem 0x0000000047c12020-0x0000000047c44c5f] usable
[    0.000000] reserve setup_data: [mem 0x0000000047c44c60-0x0000000047c4501f] usable
[    0.000000] reserve setup_data: [mem 0x0000000047c45020-0x0000000047c4d05f] usable
[    0.000000] reserve setup_data: [mem 0x0000000047c4d060-0x0000000049e76fff] usable
[    0.000000] reserve setup_data: [mem 0x0000000049e77000-0x000000004ae76fff] ACPI NVS
[    0.000000] reserve setup_data: [mem 0x000000004ae77000-0x000000004b2cefff] usable
[    0.000000] reserve setup_data: [mem 0x000000004b2cf000-0x000000004b54dfff] ACPI data
[    0.000000] reserve setup_data: [mem 0x000000004b54e000-0x000000004bd93fff] usable
[    0.000000] reserve setup_data: [mem 0x000000004bd94000-0x000000004be99fff] reserved
[    0.000000] reserve setup_data: [mem 0x000000004be9a000-0x000000004cdfffff] usable
[    0.000000] reserve setup_data: [mem 0x000000004ce00000-0x000000004cffffff] reserved
[    0.000000] reserve setup_data: [mem 0x000000004d000000-0x000000005eefdfff] usable
[    0.000000] reserve setup_data: [mem 0x000000005eefe000-0x000000006e3fefff] reserved
[    0.000000] reserve setup_data: [mem 0x000000006e3ff000-0x000000006f3fefff] ACPI NVS
[    0.000000] reserve setup_data: [mem 0x000000006f3ff000-0x000000006f7fefff] ACPI data
[    0.000000] reserve setup_data: [mem 0x000000006f7ff000-0x000000006f7fffff] usable
[    0.000000] reserve setup_data: [mem 0x000000006f800000-0x000000008fffffff] reserved
[    0.000000] reserve setup_data: [mem 0x00000000fe000000-0x00000000fe010fff] reserved
[    0.000000] reserve setup_data: [mem 0x0000000100000000-0x0000000b3fffffff] usable
[    0.000000] reserve setup_data: [mem 0x0000000b40000000-0x0000000fffffffff] persistent (type 12)
[    0.000000] reserve setup_data: [mem 0x0000001000000000-0x000000207fffffff] usable
[    0.000000] reserve setup_data: [mem 0x0000002080000000-0x0000011c7fffffff] persistent (type 7)
[    0.000000] reserve setup_data: [mem 0x00001ffc00000000-0x00001fffffffffff] reserved
[    0.000000] user-defined physical RAM map:
[    0.000000] user: [mem 0x0000000000000000-0x000000000008efff] usable
[    0.000000] user: [mem 0x000000000008f000-0x000000000008ffff] reserved
[    0.000000] user: [mem 0x0000000000090000-0x000000000009ffff] usable
[    0.000000] user: [mem 0x00000000000a0000-0x00000000000fffff] reserved
[    0.000000] user: [mem 0x0000000000100000-0x0000000047bad01f] usable
[    0.000000] user: [mem 0x0000000047bad020-0x0000000047bdea5f] usable
[    0.000000] user: [mem 0x0000000047bdea60-0x0000000047bdf01f] usable
[    0.000000] user: [mem 0x0000000047bdf020-0x0000000047c11c5f] usable
[    0.000000] user: [mem 0x0000000047c11c60-0x0000000047c1201f] usable
[    0.000000] user: [mem 0x0000000047c12020-0x0000000047c44c5f] usable
[    0.000000] user: [mem 0x0000000047c44c60-0x0000000047c4501f] usable
[    0.000000] user: [mem 0x0000000047c45020-0x0000000047c4d05f] usable
[    0.000000] user: [mem 0x0000000047c4d060-0x0000000049e76fff] usable
[    0.000000] user: [mem 0x0000000049e77000-0x000000004ae76fff] ACPI NVS
[    0.000000] user: [mem 0x000000004ae77000-0x000000004b2cefff] usable
[    0.000000] user: [mem 0x000000004b2cf000-0x000000004b54dfff] ACPI data
[    0.000000] user: [mem 0x000000004b54e000-0x000000004bd93fff] usable
[    0.000000] user: [mem 0x000000004bd94000-0x000000004be99fff] reserved
[    0.000000] user: [mem 0x000000004be9a000-0x000000004cdfffff] usable
[    0.000000] user: [mem 0x000000004ce00000-0x000000004cffffff] reserved
[    0.000000] user: [mem 0x000000004d000000-0x000000005eefdfff] usable
[    0.000000] user: [mem 0x000000005eefe000-0x000000006e3fefff] reserved
[    0.000000] user: [mem 0x000000006e3ff000-0x000000006f3fefff] ACPI NVS
[    0.000000] user: [mem 0x000000006f3ff000-0x000000006f7fefff] ACPI data
[    0.000000] user: [mem 0x000000006f7ff000-0x000000006f7fffff] usable
[    0.000000] user: [mem 0x000000006f800000-0x000000008fffffff] reserved
[    0.000000] user: [mem 0x00000000fe000000-0x00000000fe010fff] reserved
[    0.000000] user: [mem 0x0000000100000000-0x0000000b3fffffff] usable
[    0.000000] user: [mem 0x0000000b40000000-0x0000000fffffffff] persistent (type 12)
[    0.000000] user: [mem 0x0000001000000000-0x000000207fffffff] usable
[    0.000000] user: [mem 0x0000002080000000-0x0000011c7fffffff] persistent (type 7)
[    0.000000] user: [mem 0x00001ffc00000000-0x00001fffffffffff] reserved
[    0.000000] efi: EFI v2.70 by Dell Inc.
[    0.000000] efi:  ACPI=0x6f7fe000  ACPI 2.0=0x6f7fe014  MEMATTR=0x5a215220  SMBIOS=0x69526000  SMBIOS 3.0=0x69524000 
[    0.000000] SMBIOS 3.3.0 present.
[    0.000000] DMI: Dell Inc. PowerEdge R750/0K8F35, BIOS 1.10.2 03/03/2023
[    0.000000] tsc: Detected 2000.000 MHz processor
[    0.000009] e820: update [mem 0x00000000-0x00000fff] usable ==> reserved
[    0.000010] e820: remove [mem 0x000a0000-0x000fffff] usable
[    0.000017] last_pfn = 0x2080000 max_arch_pfn = 0x400000000
[    0.000020] MTRR default type: uncachable
[    0.000021] MTRR fixed ranges enabled:
[    0.000022]   00000-9FFFF write-back
[    0.000022]   A0000-BFFFF uncachable
[    0.000023]   C0000-FFFFF write-protect
[    0.000024] MTRR variable ranges enabled:
[    0.000025]   0 base 000000000000 mask 3E0000000000 write-back
[    0.000026]   1 base 000080000000 mask 3FFF80000000 uncachable
[    0.000027]   2 base 00007F000000 mask 3FFFFF000000 uncachable
[    0.000027]   3 disabled
[    0.000027]   4 disabled
[    0.000028]   5 disabled
[    0.000028]   6 disabled
[    0.000028]   7 disabled
[    0.000029]   8 disabled
[    0.000029]   9 disabled
[    0.000788] x86/PAT: Configuration [0-7]: WB  WC  UC- UC  WB  WP  UC- WT  
[    0.001839] total RAM covered: 2095088M
[    0.001924]  gran_size: 64K 	chunk_size: 64K 	num_reg: 10  	lose cover RAM: 2016G
[    0.001925]  gran_size: 64K 	chunk_size: 128K 	num_reg: 10  	lose cover RAM: 2016G
[    0.001926]  gran_size: 64K 	chunk_size: 256K 	num_reg: 10  	lose cover RAM: 2016G
[    0.001927]  gran_size: 64K 	chunk_size: 512K 	num_reg: 10  	lose cover RAM: 2016G
[    0.001927]  gran_size: 64K 	chunk_size: 1M 	num_reg: 10  	lose cover RAM: 2016G
[    0.001928]  gran_size: 64K 	chunk_size: 2M 	num_reg: 10  	lose cover RAM: 2016G
[    0.001929]  gran_size: 64K 	chunk_size: 4M 	num_reg: 10  	lose cover RAM: 2016G
[    0.001929]  gran_size: 64K 	chunk_size: 8M 	num_reg: 10  	lose cover RAM: 2016G
[    0.001930]  gran_size: 64K 	chunk_size: 16M 	num_reg: 10  	lose cover RAM: 2016G
[    0.001931]  gran_size: 64K 	chunk_size: 32M 	num_reg: 10  	lose cover RAM: 1024G
[    0.001931]  gran_size: 64K 	chunk_size: 64M 	num_reg: 10  	lose cover RAM: 1024G
[    0.001932]  gran_size: 64K 	chunk_size: 128M 	num_reg: 10  	lose cover RAM: 1024G
[    0.001933]  gran_size: 64K 	chunk_size: 256M 	num_reg: 10  	lose cover RAM: 1024G
[    0.001933]  gran_size: 64K 	chunk_size: 512M 	num_reg: 10  	lose cover RAM: 1024G
[    0.001934]  gran_size: 64K 	chunk_size: 1G 	num_reg: 10  	lose cover RAM: 1024G
[    0.001935]  gran_size: 64K 	chunk_size: 2G 	num_reg: 10  	lose cover RAM: 1024G
[    0.001935]  gran_size: 128K 	chunk_size: 128K 	num_reg: 10  	lose cover RAM: 2016G
[    0.001936]  gran_size: 128K 	chunk_size: 256K 	num_reg: 10  	lose cover RAM: 2016G
[    0.001937]  gran_size: 128K 	chunk_size: 512K 	num_reg: 10  	lose cover RAM: 2016G
[    0.001938]  gran_size: 128K 	chunk_size: 1M 	num_reg: 10  	lose cover RAM: 2016G
[    0.001938]  gran_size: 128K 	chunk_size: 2M 	num_reg: 10  	lose cover RAM: 2016G
[    0.001939]  gran_size: 128K 	chunk_size: 4M 	num_reg: 10  	lose cover RAM: 2016G
[    0.001939]  gran_size: 128K 	chunk_size: 8M 	num_reg: 10  	lose cover RAM: 2016G
[    0.001940]  gran_size: 128K 	chunk_size: 16M 	num_reg: 10  	lose cover RAM: 2016G
[    0.001941]  gran_size: 128K 	chunk_size: 32M 	num_reg: 10  	lose cover RAM: 1024G
[    0.001941]  gran_size: 128K 	chunk_size: 64M 	num_reg: 10  	lose cover RAM: 1024G
[    0.001942]  gran_size: 128K 	chunk_size: 128M 	num_reg: 10  	lose cover RAM: 1024G
[    0.001943]  gran_size: 128K 	chunk_size: 256M 	num_reg: 10  	lose cover RAM: 1024G
[    0.001943]  gran_size: 128K 	chunk_size: 512M 	num_reg: 10  	lose cover RAM: 1024G
[    0.001944]  gran_size: 128K 	chunk_size: 1G 	num_reg: 10  	lose cover RAM: 1024G
[    0.001945]  gran_size: 128K 	chunk_size: 2G 	num_reg: 10  	lose cover RAM: 1024G
[    0.001945]  gran_size: 256K 	chunk_size: 256K 	num_reg: 10  	lose cover RAM: 2016G
[    0.001946]  gran_size: 256K 	chunk_size: 512K 	num_reg: 10  	lose cover RAM: 2016G
[    0.001947]  gran_size: 256K 	chunk_size: 1M 	num_reg: 10  	lose cover RAM: 2016G
[    0.001947]  gran_size: 256K 	chunk_size: 2M 	num_reg: 10  	lose cover RAM: 2016G
[    0.001948]  gran_size: 256K 	chunk_size: 4M 	num_reg: 10  	lose cover RAM: 2016G
[    0.001949]  gran_size: 256K 	chunk_size: 8M 	num_reg: 10  	lose cover RAM: 2016G
[    0.001949]  gran_size: 256K 	chunk_size: 16M 	num_reg: 10  	lose cover RAM: 2016G
[    0.001950]  gran_size: 256K 	chunk_size: 32M 	num_reg: 10  	lose cover RAM: 1024G
[    0.001951]  gran_size: 256K 	chunk_size: 64M 	num_reg: 10  	lose cover RAM: 1024G
[    0.001951]  gran_size: 256K 	chunk_size: 128M 	num_reg: 10  	lose cover RAM: 1024G
[    0.001952]  gran_size: 256K 	chunk_size: 256M 	num_reg: 10  	lose cover RAM: 1024G
[    0.001953]  gran_size: 256K 	chunk_size: 512M 	num_reg: 10  	lose cover RAM: 1024G
[    0.001953]  gran_size: 256K 	chunk_size: 1G 	num_reg: 10  	lose cover RAM: 1024G
[    0.001954]  gran_size: 256K 	chunk_size: 2G 	num_reg: 10  	lose cover RAM: 1024G
[    0.001955]  gran_size: 512K 	chunk_size: 512K 	num_reg: 10  	lose cover RAM: 2016G
[    0.001955]  gran_size: 512K 	chunk_size: 1M 	num_reg: 10  	lose cover RAM: 2016G
[    0.001956]  gran_size: 512K 	chunk_size: 2M 	num_reg: 10  	lose cover RAM: 2016G
[    0.001957]  gran_size: 512K 	chunk_size: 4M 	num_reg: 10  	lose cover RAM: 2016G
[    0.001957]  gran_size: 512K 	chunk_size: 8M 	num_reg: 10  	lose cover RAM: 2016G
[    0.001958]  gran_size: 512K 	chunk_size: 16M 	num_reg: 10  	lose cover RAM: 2016G
[    0.001959]  gran_size: 512K 	chunk_size: 32M 	num_reg: 10  	lose cover RAM: 1024G
[    0.001959]  gran_size: 512K 	chunk_size: 64M 	num_reg: 10  	lose cover RAM: 1024G
[    0.001960]  gran_size: 512K 	chunk_size: 128M 	num_reg: 10  	lose cover RAM: 1024G
[    0.001960]  gran_size: 512K 	chunk_size: 256M 	num_reg: 10  	lose cover RAM: 1024G
[    0.001961]  gran_size: 512K 	chunk_size: 512M 	num_reg: 10  	lose cover RAM: 1024G
[    0.001962]  gran_size: 512K 	chunk_size: 1G 	num_reg: 10  	lose cover RAM: 1024G
[    0.001962]  gran_size: 512K 	chunk_size: 2G 	num_reg: 10  	lose cover RAM: 1024G
[    0.001963]  gran_size: 1M 	chunk_size: 1M 	num_reg: 10  	lose cover RAM: 2016G
[    0.001964]  gran_size: 1M 	chunk_size: 2M 	num_reg: 10  	lose cover RAM: 2016G
[    0.001964]  gran_size: 1M 	chunk_size: 4M 	num_reg: 10  	lose cover RAM: 2016G
[    0.001965]  gran_size: 1M 	chunk_size: 8M 	num_reg: 10  	lose cover RAM: 2016G
[    0.001966]  gran_size: 1M 	chunk_size: 16M 	num_reg: 10  	lose cover RAM: 2016G
[    0.001966]  gran_size: 1M 	chunk_size: 32M 	num_reg: 10  	lose cover RAM: 1024G
[    0.001967]  gran_size: 1M 	chunk_size: 64M 	num_reg: 10  	lose cover RAM: 1024G
[    0.001968]  gran_size: 1M 	chunk_size: 128M 	num_reg: 10  	lose cover RAM: 1024G
[    0.001968]  gran_size: 1M 	chunk_size: 256M 	num_reg: 10  	lose cover RAM: 1024G
[    0.001969]  gran_size: 1M 	chunk_size: 512M 	num_reg: 10  	lose cover RAM: 1024G
[    0.001970]  gran_size: 1M 	chunk_size: 1G 	num_reg: 10  	lose cover RAM: 1024G
[    0.001970]  gran_size: 1M 	chunk_size: 2G 	num_reg: 10  	lose cover RAM: 1024G
[    0.001971]  gran_size: 2M 	chunk_size: 2M 	num_reg: 10  	lose cover RAM: 2016G
[    0.001972]  gran_size: 2M 	chunk_size: 4M 	num_reg: 10  	lose cover RAM: 2016G
[    0.001972]  gran_size: 2M 	chunk_size: 8M 	num_reg: 10  	lose cover RAM: 2016G
[    0.001973]  gran_size: 2M 	chunk_size: 16M 	num_reg: 10  	lose cover RAM: 2016G
[    0.001974]  gran_size: 2M 	chunk_size: 32M 	num_reg: 10  	lose cover RAM: 1024G
[    0.001974]  gran_size: 2M 	chunk_size: 64M 	num_reg: 10  	lose cover RAM: 1024G
[    0.001975]  gran_size: 2M 	chunk_size: 128M 	num_reg: 10  	lose cover RAM: 1024G
[    0.001976]  gran_size: 2M 	chunk_size: 256M 	num_reg: 10  	lose cover RAM: 1024G
[    0.001976]  gran_size: 2M 	chunk_size: 512M 	num_reg: 10  	lose cover RAM: 1024G
[    0.001977]  gran_size: 2M 	chunk_size: 1G 	num_reg: 10  	lose cover RAM: 1024G
[    0.001978]  gran_size: 2M 	chunk_size: 2G 	num_reg: 10  	lose cover RAM: 1024G
[    0.001978]  gran_size: 4M 	chunk_size: 4M 	num_reg: 10  	lose cover RAM: 2016G
[    0.001979]  gran_size: 4M 	chunk_size: 8M 	num_reg: 10  	lose cover RAM: 2016G
[    0.001980]  gran_size: 4M 	chunk_size: 16M 	num_reg: 10  	lose cover RAM: 2016G
[    0.001980]  gran_size: 4M 	chunk_size: 32M 	num_reg: 10  	lose cover RAM: 1024G
[    0.001981]  gran_size: 4M 	chunk_size: 64M 	num_reg: 10  	lose cover RAM: 1024G
[    0.001981]  gran_size: 4M 	chunk_size: 128M 	num_reg: 10  	lose cover RAM: 1024G
[    0.001982]  gran_size: 4M 	chunk_size: 256M 	num_reg: 10  	lose cover RAM: 1024G
[    0.001983]  gran_size: 4M 	chunk_size: 512M 	num_reg: 10  	lose cover RAM: 1024G
[    0.001984]  gran_size: 4M 	chunk_size: 1G 	num_reg: 10  	lose cover RAM: 1024G
[    0.001984]  gran_size: 4M 	chunk_size: 2G 	num_reg: 10  	lose cover RAM: 1024G
[    0.001985]  gran_size: 8M 	chunk_size: 8M 	num_reg: 10  	lose cover RAM: 2016G
[    0.001986]  gran_size: 8M 	chunk_size: 16M 	num_reg: 10  	lose cover RAM: 2016G
[    0.001986]  gran_size: 8M 	chunk_size: 32M 	num_reg: 10  	lose cover RAM: 1024G
[    0.001987]  gran_size: 8M 	chunk_size: 64M 	num_reg: 10  	lose cover RAM: 1024G
[    0.001988]  gran_size: 8M 	chunk_size: 128M 	num_reg: 10  	lose cover RAM: 1024G
[    0.001988]  gran_size: 8M 	chunk_size: 256M 	num_reg: 10  	lose cover RAM: 1024G
[    0.001989]  gran_size: 8M 	chunk_size: 512M 	num_reg: 10  	lose cover RAM: 1024G
[    0.001989]  gran_size: 8M 	chunk_size: 1G 	num_reg: 10  	lose cover RAM: 1024G
[    0.001990]  gran_size: 8M 	chunk_size: 2G 	num_reg: 10  	lose cover RAM: 1024G
[    0.001991]  gran_size: 16M 	chunk_size: 16M 	num_reg: 10  	lose cover RAM: 2016G
[    0.001991]  gran_size: 16M 	chunk_size: 32M 	num_reg: 10  	lose cover RAM: 1024G
[    0.001992]  gran_size: 16M 	chunk_size: 64M 	num_reg: 10  	lose cover RAM: 1024G
[    0.001993]  gran_size: 16M 	chunk_size: 128M 	num_reg: 10  	lose cover RAM: 1024G
[    0.001993]  gran_size: 16M 	chunk_size: 256M 	num_reg: 10  	lose cover RAM: 1024G
[    0.001994]  gran_size: 16M 	chunk_size: 512M 	num_reg: 10  	lose cover RAM: 1024G
[    0.001995]  gran_size: 16M 	chunk_size: 1G 	num_reg: 10  	lose cover RAM: 1024G
[    0.001995]  gran_size: 16M 	chunk_size: 2G 	num_reg: 10  	lose cover RAM: 1024G
[    0.001996]  gran_size: 32M 	chunk_size: 32M 	num_reg: 10  	lose cover RAM: 2031632M
[    0.001997]  gran_size: 32M 	chunk_size: 64M 	num_reg: 10  	lose cover RAM: 1048592M
[    0.001998]  gran_size: 32M 	chunk_size: 128M 	num_reg: 10  	lose cover RAM: 1048592M
[    0.001998]  gran_size: 32M 	chunk_size: 256M 	num_reg: 10  	lose cover RAM: 1048592M
[    0.001999]  gran_size: 32M 	chunk_size: 512M 	num_reg: 10  	lose cover RAM: 1048592M
[    0.002000]  gran_size: 32M 	chunk_size: 1G 	num_reg: 10  	lose cover RAM: 1048592M
[    0.002000]  gran_size: 32M 	chunk_size: 2G 	num_reg: 10  	lose cover RAM: 1048592M
[    0.002001]  gran_size: 64M 	chunk_size: 64M 	num_reg: 10  	lose cover RAM: 1966128M
[    0.002002]  gran_size: 64M 	chunk_size: 128M 	num_reg: 10  	lose cover RAM: 1048624M
[    0.002002]  gran_size: 64M 	chunk_size: 256M 	num_reg: 10  	lose cover RAM: 1048624M
[    0.002003]  gran_size: 64M 	chunk_size: 512M 	num_reg: 10  	lose cover RAM: 1048624M
[    0.002004]  gran_size: 64M 	chunk_size: 1G 	num_reg: 10  	lose cover RAM: 1048624M
[    0.002004]  gran_size: 64M 	chunk_size: 2G 	num_reg: 10  	lose cover RAM: 1048624M
[    0.002005]  gran_size: 128M 	chunk_size: 128M 	num_reg: 10  	lose cover RAM: 1835120M
[    0.002006]  gran_size: 128M 	chunk_size: 256M 	num_reg: 10  	lose cover RAM: 1048688M
[    0.002006]  gran_size: 128M 	chunk_size: 512M 	num_reg: 10  	lose cover RAM: 1048688M
[    0.002007]  gran_size: 128M 	chunk_size: 1G 	num_reg: 10  	lose cover RAM: 1048688M
[    0.002008]  gran_size: 128M 	chunk_size: 2G 	num_reg: 10  	lose cover RAM: 1048688M
[    0.002008]  gran_size: 256M 	chunk_size: 256M 	num_reg: 10  	lose cover RAM: 1573104M
[    0.002009]  gran_size: 256M 	chunk_size: 512M 	num_reg: 10  	lose cover RAM: 1048816M
[    0.002010]  gran_size: 256M 	chunk_size: 1G 	num_reg: 10  	lose cover RAM: 1048816M
[    0.002010]  gran_size: 256M 	chunk_size: 2G 	num_reg: 10  	lose cover RAM: 1048816M
[    0.002011]  gran_size: 512M 	chunk_size: 512M 	num_reg: 10  	lose cover RAM: 1049072M
[    0.002012]  gran_size: 512M 	chunk_size: 1G 	num_reg: 10  	lose cover RAM: 1049072M
[    0.002012]  gran_size: 512M 	chunk_size: 2G 	num_reg: 10  	lose cover RAM: 1049072M
[    0.002013]  gran_size: 1G 	chunk_size: 1G 	num_reg: 10  	lose cover RAM: 1008M
[    0.002014]  gran_size: 1G 	chunk_size: 2G 	num_reg: 10  	lose cover RAM: 1008M
[    0.002014]  gran_size: 2G 	chunk_size: 2G 	num_reg: 9  	lose cover RAM: 2032M
[    0.002015] mtrr_cleanup: can not find optimal value
[    0.002015] please specify mtrr_gran_size/mtrr_chunk_size
[    0.002018] e820: update [mem 0x7f000000-0xffffffff] usable ==> reserved
[    0.002020] x2apic: enabled by BIOS, switching to x2apic ops
[    0.002021] last_pfn = 0x6f800 max_arch_pfn = 0x400000000
[    0.013424] check: Scanning 1 areas for low memory corruption
[    0.013429] Using GB pages for direct mapping
[    0.013430] BRK [0xa5b601000, 0xa5b601fff] PGTABLE
[    0.013431] BRK [0xa5b602000, 0xa5b602fff] PGTABLE
[    0.013432] BRK [0xa5b603000, 0xa5b603fff] PGTABLE
[    0.013493] BRK [0xa5b604000, 0xa5b604fff] PGTABLE
[    0.013700] BRK [0xa5b605000, 0xa5b605fff] PGTABLE
[    0.013780] BRK [0xa5b606000, 0xa5b606fff] PGTABLE
[    0.013904] BRK [0xa5b607000, 0xa5b607fff] PGTABLE
[    0.014059] BRK [0xa5b608000, 0xa5b608fff] PGTABLE
[    0.014173] BRK [0xa5b609000, 0xa5b609fff] PGTABLE
[    0.014327] BRK [0xa5b60a000, 0xa5b60afff] PGTABLE
[    0.014420] BRK [0xa5b60b000, 0xa5b60bfff] PGTABLE
[    0.014649] BRK [0xa5b60c000, 0xa5b60cfff] PGTABLE
[    0.014927] Secure boot disabled
[    0.014928] RAMDISK: [mem 0x2065920000-0x207fffffff]
[    0.014934] ACPI: Early table checksum verification disabled
[    0.014936] ACPI: RSDP 0x000000006F7FE014 000024 (v02 DELL  )
[    0.014939] ACPI: XSDT 0x000000006F41C188 0000F4 (v01 DELL   PE_SC3   00000000 DELL 01000013)
[    0.014943] ACPI: FACP 0x000000006F430000 000114 (v06 DELL   PE_SC3   00000000 DELL 00000001)
[    0.014948] ACPI: DSDT 0x000000004B4CE000 07FAD3 (v02 DELL   PE_SC3   00000003 DELL 00000001)
[    0.014950] ACPI: FACS 0x000000006F2F2000 000040
[    0.014953] ACPI: SSDT 0x000000006F7FB000 00159A (v02 INTEL  RAS_ACPI 00000001 INTL 20210331)
[    0.014956] ACPI: SSDT 0x000000006F7FA000 000745 (v02 INTEL  ADDRXLAT 00000001 INTL 20210331)
[    0.014958] ACPI: MCEJ 0x000000006F7F9000 000130 (v01 INTEL           00000001 INTL 0100000D)
[    0.014961] ACPI: BERT 0x000000006F7F8000 000030 (v01 DELL   PE_SC3   00000001 INTL 00000001)
[    0.014964] ACPI: ERST 0x000000006F7F7000 000230 (v01 DELL   PE_SC3   00000001 INTL 00000001)
[    0.014966] ACPI: SSDT 0x000000006F431000 3C524E (v02 INTEL  SSDTNVDR 00001000 INTL 20210331)
[    0.014969] ACPI: HMAT 0x000000006F42F000 000210 (v01 DELL   PE_SC3   00000001 DELL 00000001)
[    0.014971] ACPI: HPET 0x000000006F42E000 000038 (v01 DELL   PE_SC3   00000001 DELL 00000001)
[    0.014974] ACPI: MCFG 0x000000006F42D000 00003C (v01 DELL   PE_SC3   00000001 DELL 00000001)
[    0.014976] ACPI: MIGT 0x000000006F42C000 000040 (v01 DELL   PE_SC3   00000000 DELL 00000001)
[    0.014979] ACPI: MSCT 0x000000006F42B000 000090 (v01 DELL   PE_SC3   00000001 DELL 00000001)
[    0.014982] ACPI: PMTT 0x000000006F429000 0011E8 (v02 DELL   PE_SC3   00000001 DELL 00000001)
[    0.014984] ACPI: WSMT 0x000000006F428000 000028 (v01 DELL   PE_SC3   00000000 DELL 00000001)
[    0.014987] ACPI: APIC 0x000000006F427000 00075E (v04 DELL   PE_SC3   00000000 DELL 00000001)
[    0.014989] ACPI: SLIT 0x000000006F426000 00003C (v01 DELL   PE_SC3   00000001 DELL 01000013)
[    0.014992] ACPI: SRAT 0x000000006F41F000 006430 (v03 DELL   PE_SC3   00000002 DELL 01000013)
[    0.014994] ACPI: OEM4 0x000000004B346000 187A61 (v02 INTEL  CPU  CST 00003000 INTL 20210331)
[    0.014997] ACPI: SSDT 0x000000004B2CF000 0764A5 (v02 INTEL  SSDT  PM 00004000 INTL 20210331)
[    0.014999] ACPI: SSDT 0x000000006F41E000 000A1F (v02 DELL   PE_SC3   00000000 DELL 00000001)
[    0.015002] ACPI: HEST 0x000000006F41D000 00017C (v01 DELL   PE_SC3   00000001 INTL 00000001)
[    0.015004] ACPI: PCAT 0x000000006F41B000 00010C (v19 DELL   PE_SC3   00000002 DELL 00000001)
[    0.015007] ACPI: SSDT 0x000000006F413000 007299 (v02 INTEL  SpsNm    00000002 INTL 20210331)
[    0.015010] ACPI: SSDT 0x000000006F412000 000426 (v02 DELL   PE_SC3   00000002 DELL 00000001)
[    0.015012] ACPI: NFIT 0x000000006F7FD000 000488 (v01 DELL   PE_SC3   00000002 DELL 00000001)
[    0.015015] ACPI: DMAR 0x000000006F411000 000158 (v01 DELL   PE_SC3   00000001 DELL 00000001)
[    0.015022] ACPI: Local APIC address 0xfee00000
[    0.015024] Setting APIC routing to cluster x2apic.
[    0.015069] SRAT: PXM 0 -> APIC 0x0000 -> Node 0
[    0.015070] SRAT: PXM 0 -> APIC 0x0001 -> Node 0
[    0.015070] SRAT: PXM 0 -> APIC 0x0002 -> Node 0
[    0.015071] SRAT: PXM 0 -> APIC 0x0003 -> Node 0
[    0.015071] SRAT: PXM 0 -> APIC 0x0004 -> Node 0
[    0.015072] SRAT: PXM 0 -> APIC 0x0005 -> Node 0
[    0.015072] SRAT: PXM 0 -> APIC 0x0006 -> Node 0
[    0.015073] SRAT: PXM 0 -> APIC 0x0007 -> Node 0
[    0.015073] SRAT: PXM 0 -> APIC 0x0008 -> Node 0
[    0.015073] SRAT: PXM 0 -> APIC 0x0009 -> Node 0
[    0.015074] SRAT: PXM 0 -> APIC 0x000a -> Node 0
[    0.015074] SRAT: PXM 0 -> APIC 0x000b -> Node 0
[    0.015075] SRAT: PXM 0 -> APIC 0x000c -> Node 0
[    0.015075] SRAT: PXM 0 -> APIC 0x000d -> Node 0
[    0.015075] SRAT: PXM 0 -> APIC 0x000e -> Node 0
[    0.015076] SRAT: PXM 0 -> APIC 0x000f -> Node 0
[    0.015076] SRAT: PXM 0 -> APIC 0x0010 -> Node 0
[    0.015077] SRAT: PXM 0 -> APIC 0x0011 -> Node 0
[    0.015077] SRAT: PXM 0 -> APIC 0x0012 -> Node 0
[    0.015078] SRAT: PXM 0 -> APIC 0x0013 -> Node 0
[    0.015078] SRAT: PXM 0 -> APIC 0x0014 -> Node 0
[    0.015078] SRAT: PXM 0 -> APIC 0x0015 -> Node 0
[    0.015079] SRAT: PXM 0 -> APIC 0x0016 -> Node 0
[    0.015079] SRAT: PXM 0 -> APIC 0x0017 -> Node 0
[    0.015080] SRAT: PXM 0 -> APIC 0x0018 -> Node 0
[    0.015080] SRAT: PXM 0 -> APIC 0x0019 -> Node 0
[    0.015080] SRAT: PXM 0 -> APIC 0x001a -> Node 0
[    0.015081] SRAT: PXM 0 -> APIC 0x001b -> Node 0
[    0.015081] SRAT: PXM 0 -> APIC 0x001c -> Node 0
[    0.015082] SRAT: PXM 0 -> APIC 0x001d -> Node 0
[    0.015082] SRAT: PXM 0 -> APIC 0x001e -> Node 0
[    0.015083] SRAT: PXM 0 -> APIC 0x001f -> Node 0
[    0.015083] SRAT: PXM 0 -> APIC 0x0020 -> Node 0
[    0.015083] SRAT: PXM 0 -> APIC 0x0021 -> Node 0
[    0.015084] SRAT: PXM 0 -> APIC 0x0022 -> Node 0
[    0.015084] SRAT: PXM 0 -> APIC 0x0023 -> Node 0
[    0.015085] SRAT: PXM 0 -> APIC 0x0024 -> Node 0
[    0.015085] SRAT: PXM 0 -> APIC 0x0025 -> Node 0
[    0.015085] SRAT: PXM 0 -> APIC 0x0026 -> Node 0
[    0.015086] SRAT: PXM 0 -> APIC 0x0027 -> Node 0
[    0.015086] SRAT: PXM 0 -> APIC 0x0028 -> Node 0
[    0.015087] SRAT: PXM 0 -> APIC 0x0029 -> Node 0
[    0.015087] SRAT: PXM 0 -> APIC 0x002a -> Node 0
[    0.015087] SRAT: PXM 0 -> APIC 0x002b -> Node 0
[    0.015088] SRAT: PXM 0 -> APIC 0x002c -> Node 0
[    0.015088] SRAT: PXM 0 -> APIC 0x002d -> Node 0
[    0.015089] SRAT: PXM 0 -> APIC 0x002e -> Node 0
[    0.015089] SRAT: PXM 0 -> APIC 0x002f -> Node 0
[    0.015090] SRAT: PXM 0 -> APIC 0x0030 -> Node 0
[    0.015090] SRAT: PXM 0 -> APIC 0x0031 -> Node 0
[    0.015090] SRAT: PXM 0 -> APIC 0x0032 -> Node 0
[    0.015091] SRAT: PXM 0 -> APIC 0x0033 -> Node 0
[    0.015091] SRAT: PXM 0 -> APIC 0x0034 -> Node 0
[    0.015092] SRAT: PXM 0 -> APIC 0x0035 -> Node 0
[    0.015092] SRAT: PXM 0 -> APIC 0x0036 -> Node 0
[    0.015092] SRAT: PXM 0 -> APIC 0x0037 -> Node 0
[    0.015093] SRAT: PXM 1 -> APIC 0x0080 -> Node 1
[    0.015093] SRAT: PXM 1 -> APIC 0x0081 -> Node 1
[    0.015094] SRAT: PXM 1 -> APIC 0x0082 -> Node 1
[    0.015094] SRAT: PXM 1 -> APIC 0x0083 -> Node 1
[    0.015095] SRAT: PXM 1 -> APIC 0x0084 -> Node 1
[    0.015095] SRAT: PXM 1 -> APIC 0x0085 -> Node 1
[    0.015095] SRAT: PXM 1 -> APIC 0x0086 -> Node 1
[    0.015096] SRAT: PXM 1 -> APIC 0x0087 -> Node 1
[    0.015096] SRAT: PXM 1 -> APIC 0x0088 -> Node 1
[    0.015097] SRAT: PXM 1 -> APIC 0x0089 -> Node 1
[    0.015097] SRAT: PXM 1 -> APIC 0x008a -> Node 1
[    0.015098] SRAT: PXM 1 -> APIC 0x008b -> Node 1
[    0.015098] SRAT: PXM 1 -> APIC 0x008c -> Node 1
[    0.015098] SRAT: PXM 1 -> APIC 0x008d -> Node 1
[    0.015099] SRAT: PXM 1 -> APIC 0x008e -> Node 1
[    0.015099] SRAT: PXM 1 -> APIC 0x008f -> Node 1
[    0.015100] SRAT: PXM 1 -> APIC 0x0090 -> Node 1
[    0.015100] SRAT: PXM 1 -> APIC 0x0091 -> Node 1
[    0.015100] SRAT: PXM 1 -> APIC 0x0092 -> Node 1
[    0.015101] SRAT: PXM 1 -> APIC 0x0093 -> Node 1
[    0.015101] SRAT: PXM 1 -> APIC 0x0094 -> Node 1
[    0.015102] SRAT: PXM 1 -> APIC 0x0095 -> Node 1
[    0.015102] SRAT: PXM 1 -> APIC 0x0096 -> Node 1
[    0.015103] SRAT: PXM 1 -> APIC 0x0097 -> Node 1
[    0.015103] SRAT: PXM 1 -> APIC 0x0098 -> Node 1
[    0.015103] SRAT: PXM 1 -> APIC 0x0099 -> Node 1
[    0.015104] SRAT: PXM 1 -> APIC 0x009a -> Node 1
[    0.015104] SRAT: PXM 1 -> APIC 0x009b -> Node 1
[    0.015105] SRAT: PXM 1 -> APIC 0x009c -> Node 1
[    0.015105] SRAT: PXM 1 -> APIC 0x009d -> Node 1
[    0.015105] SRAT: PXM 1 -> APIC 0x009e -> Node 1
[    0.015106] SRAT: PXM 1 -> APIC 0x009f -> Node 1
[    0.015106] SRAT: PXM 1 -> APIC 0x00a0 -> Node 1
[    0.015107] SRAT: PXM 1 -> APIC 0x00a1 -> Node 1
[    0.015107] SRAT: PXM 1 -> APIC 0x00a2 -> Node 1
[    0.015107] SRAT: PXM 1 -> APIC 0x00a3 -> Node 1
[    0.015108] SRAT: PXM 1 -> APIC 0x00a4 -> Node 1
[    0.015108] SRAT: PXM 1 -> APIC 0x00a5 -> Node 1
[    0.015109] SRAT: PXM 1 -> APIC 0x00a6 -> Node 1
[    0.015109] SRAT: PXM 1 -> APIC 0x00a7 -> Node 1
[    0.015109] SRAT: PXM 1 -> APIC 0x00a8 -> Node 1
[    0.015110] SRAT: PXM 1 -> APIC 0x00a9 -> Node 1
[    0.015110] SRAT: PXM 1 -> APIC 0x00aa -> Node 1
[    0.015111] SRAT: PXM 1 -> APIC 0x00ab -> Node 1
[    0.015111] SRAT: PXM 1 -> APIC 0x00ac -> Node 1
[    0.015112] SRAT: PXM 1 -> APIC 0x00ad -> Node 1
[    0.015112] SRAT: PXM 1 -> APIC 0x00ae -> Node 1
[    0.015112] SRAT: PXM 1 -> APIC 0x00af -> Node 1
[    0.015113] SRAT: PXM 1 -> APIC 0x00b0 -> Node 1
[    0.015113] SRAT: PXM 1 -> APIC 0x00b1 -> Node 1
[    0.015114] SRAT: PXM 1 -> APIC 0x00b2 -> Node 1
[    0.015114] SRAT: PXM 1 -> APIC 0x00b3 -> Node 1
[    0.015114] SRAT: PXM 1 -> APIC 0x00b4 -> Node 1
[    0.015115] SRAT: PXM 1 -> APIC 0x00b5 -> Node 1
[    0.015115] SRAT: PXM 1 -> APIC 0x00b6 -> Node 1
[    0.015116] SRAT: PXM 1 -> APIC 0x00b7 -> Node 1
[    0.015128] ACPI: SRAT: Node 0 PXM 0 [mem 0x00000000-0x7fffffff]
[    0.015129] ACPI: SRAT: Node 0 PXM 0 [mem 0x100000000-0x107fffffff]
[    0.015130] ACPI: SRAT: Node 2 PXM 2 [mem 0x2080000000-0x9e7fffffff] non-volatile
[    0.015131] ACPI: SRAT: Node 1 PXM 1 [mem 0x1080000000-0x207fffffff]
[    0.015131] ACPI: SRAT: Node 3 PXM 3 [mem 0x9e80000000-0x11c7fffffff] non-volatile
[    0.015140] NUMA: Initialized distance table, cnt=4
[    0.015143] NUMA: Node 0 [mem 0x00000000-0x7fffffff] + [mem 0x100000000-0x107fffffff] -> [mem 0x00000000-0x107fffffff]
[    0.015151] NODE_DATA(0) allocated [mem 0x107ffd5000-0x107fffffff]
[    0.015168] NODE_DATA(1) allocated [mem 0x20658f3000-0x206591dfff]
[    0.015362] Zone ranges:
[    0.015363]   DMA      [mem 0x0000000000001000-0x0000000000ffffff]
[    0.015364]   DMA32    [mem 0x0000000001000000-0x00000000ffffffff]
[    0.015365]   Normal   [mem 0x0000000100000000-0x000000207fffffff]
[    0.015365]   Device   empty
[    0.015366] Movable zone start for each node
[    0.015369] Early memory node ranges
[    0.015370]   node   0: [mem 0x0000000000001000-0x000000000008efff]
[    0.015371]   node   0: [mem 0x0000000000090000-0x000000000009ffff]
[    0.015371]   node   0: [mem 0x0000000000100000-0x0000000049e76fff]
[    0.015372]   node   0: [mem 0x000000004ae77000-0x000000004b2cefff]
[    0.015372]   node   0: [mem 0x000000004b54e000-0x000000004bd93fff]
[    0.015373]   node   0: [mem 0x000000004be9a000-0x000000004cdfffff]
[    0.015373]   node   0: [mem 0x000000004d000000-0x000000005eefdfff]
[    0.015374]   node   0: [mem 0x000000006f7ff000-0x000000006f7fffff]
[    0.015374]   node   0: [mem 0x0000000100000000-0x0000000b3fffffff]
[    0.015377]   node   0: [mem 0x0000001000000000-0x000000107fffffff]
[    0.015378]   node   1: [mem 0x0000001080000000-0x000000207fffffff]
[    0.015738] Zeroed struct page in unavailable ranges: 42728 pages
[    0.015740] Initmem setup node 0 [mem 0x0000000000001000-0x000000107fffffff]
[    0.015741] On node 0 totalpages: 11655448
[    0.015742]   DMA zone: 64 pages used for memmap
[    0.015742]   DMA zone: 1102 pages reserved
[    0.015743]   DMA zone: 3998 pages, LIFO batch:0
[    0.015785]   DMA32 zone: 5926 pages used for memmap
[    0.015786]   DMA32 zone: 379258 pages, LIFO batch:63
[    0.021935]   Normal zone: 176128 pages used for memmap
[    0.021937]   Normal zone: 11272192 pages, LIFO batch:63
[    0.137443] Initmem setup node 1 [mem 0x0000001080000000-0x000000207fffffff]
[    0.137445] On node 1 totalpages: 16777216
[    0.137446]   Normal zone: 262144 pages used for memmap
[    0.137447]   Normal zone: 16777216 pages, LIFO batch:63
[    0.323656] ACPI: PM-Timer IO Port: 0x508
[    0.323659] ACPI: Local APIC address 0xfee00000
[    0.323676] ACPI: X2APIC_NMI (uid[0xffffffff] high edge lint[0x1])
[    0.323678] ACPI: LAPIC_NMI (acpi_id[0xff] high edge lint[0x1])
[    0.323696] IOAPIC[0]: apic_id 8, version 32, address 0xfec00000, GSI 0-119
[    0.323698] ACPI: INT_SRC_OVR (bus 0 bus_irq 0 global_irq 2 dfl dfl)
[    0.323700] ACPI: INT_SRC_OVR (bus 0 bus_irq 9 global_irq 9 high level)
[    0.323701] ACPI: IRQ0 used by override.
[    0.323702] ACPI: IRQ9 used by override.
[    0.323704] Using ACPI (MADT) for SMP configuration information
[    0.323705] ACPI: HPET id: 0x8086a701 base: 0xfed00000
[    0.323709] smpboot: Allowing 112 CPUs, 0 hotplug CPUs
[    0.323732] PM: Registered nosave memory: [mem 0x00000000-0x00000fff]
[    0.323733] PM: Registered nosave memory: [mem 0x0008f000-0x0008ffff]
[    0.323735] PM: Registered nosave memory: [mem 0x000a0000-0x000fffff]
[    0.323736] PM: Registered nosave memory: [mem 0x47bad000-0x47badfff]
[    0.323737] PM: Registered nosave memory: [mem 0x47bde000-0x47bdefff]
[    0.323738] PM: Registered nosave memory: [mem 0x47bdf000-0x47bdffff]
[    0.323739] PM: Registered nosave memory: [mem 0x47c11000-0x47c11fff]
[    0.323739] PM: Registered nosave memory: [mem 0x47c12000-0x47c12fff]
[    0.323741] PM: Registered nosave memory: [mem 0x47c44000-0x47c44fff]
[    0.323741] PM: Registered nosave memory: [mem 0x47c45000-0x47c45fff]
[    0.323742] PM: Registered nosave memory: [mem 0x47c4d000-0x47c4dfff]
[    0.323744] PM: Registered nosave memory: [mem 0x49e77000-0x4ae76fff]
[    0.323745] PM: Registered nosave memory: [mem 0x4b2cf000-0x4b54dfff]
[    0.323746] PM: Registered nosave memory: [mem 0x4bd94000-0x4be99fff]
[    0.323748] PM: Registered nosave memory: [mem 0x4ce00000-0x4cffffff]
[    0.323749] PM: Registered nosave memory: [mem 0x5eefe000-0x6e3fefff]
[    0.323749] PM: Registered nosave memory: [mem 0x6e3ff000-0x6f3fefff]
[    0.323750] PM: Registered nosave memory: [mem 0x6f3ff000-0x6f7fefff]
[    0.323751] PM: Registered nosave memory: [mem 0x6f800000-0x8fffffff]
[    0.323752] PM: Registered nosave memory: [mem 0x90000000-0xfdffffff]
[    0.323752] PM: Registered nosave memory: [mem 0xfe000000-0xfe010fff]
[    0.323752] PM: Registered nosave memory: [mem 0xfe011000-0xffffffff]
[    0.323754] PM: Registered nosave memory: [mem 0xb40000000-0xfffffffff]
[    0.323755] [mem 0x90000000-0xfdffffff] available for PCI devices
[    0.323756] Booting paravirtualized kernel on bare hardware
[    0.323759] clocksource: refined-jiffies: mask: 0xffffffff max_cycles: 0xffffffff, max_idle_ns: 7645519600211568 ns
[    0.323766] setup_percpu: NR_CPUS:8192 nr_cpumask_bits:112 nr_cpu_ids:112 nr_node_ids:4
[    0.328366] percpu: Embedded 55 pages/cpu s188416 r8192 d28672 u262144
[    0.328376] pcpu-alloc: s188416 r8192 d28672 u262144 alloc=1*2097152
[    0.328377] pcpu-alloc: [0] 000 002 004 006 008 010 012 014 
[    0.328379] pcpu-alloc: [0] 016 018 020 022 024 026 028 030 
[    0.328381] pcpu-alloc: [0] 032 034 036 038 040 042 044 046 
[    0.328382] pcpu-alloc: [0] 048 050 052 054 056 058 060 062 
[    0.328384] pcpu-alloc: [0] 064 066 068 070 072 074 076 078 
[    0.328385] pcpu-alloc: [0] 080 082 084 086 088 090 092 094 
[    0.328387] pcpu-alloc: [0] 096 098 100 102 104 106 108 110 
[    0.328388] pcpu-alloc: [1] 001 003 005 007 009 011 013 015 
[    0.328390] pcpu-alloc: [1] 017 019 021 023 025 027 029 031 
[    0.328391] pcpu-alloc: [1] 033 035 037 039 041 043 045 047 
[    0.328392] pcpu-alloc: [1] 049 051 053 055 057 059 061 063 
[    0.328394] pcpu-alloc: [1] 065 067 069 071 073 075 077 079 
[    0.328395] pcpu-alloc: [1] 081 083 085 087 089 091 093 095 
[    0.328396] pcpu-alloc: [1] 097 099 101 103 105 107 109 111 
[    0.328439] Built 2 zonelists, mobility grouping on.  Total pages: 27987300
[    0.328440] Policy zone: Normal
[    0.328441] Kernel command line: BOOT_IMAGE=/boot/vmlinuz-5.3.1-multiclock root=UUID=ce0c24b8-724b-4f33-9b2c-618433560aef ro memmap=19G!45G quiet splash nomodeset vt.handoff=1
[    0.328532] You have booted with nomodeset. This means your GPU drivers are DISABLED
[    0.328533] Any video related functionality will be severely degraded, and you may not even be able to suspend the system properly
[    0.328533] Unless you actually understand what nomodeset does, you should reboot without enabling it
[    0.328550] printk: log_buf_len individual max cpu contribution: 4096 bytes
[    0.328550] printk: log_buf_len total cpu_extra contributions: 454656 bytes
[    0.328551] printk: log_buf_len min size: 262144 bytes
[    0.328704] printk: log_buf_len: 1048576 bytes
[    0.328705] printk: early log buf free: 222020(84%)
[    0.330207] mem auto-init: stack:off, heap alloc:on, heap free:off
[    0.336227] Calgary: detecting Calgary via BIOS EBDA area
[    0.336228] Calgary: Unable to locate Rio Grande table in EBDA - bailing!
[    0.600223] Memory: 111264516K/113730656K available (14339K kernel code, 2373K rwdata, 4660K rodata, 2680K init, 5056K bss, 2466140K reserved, 0K cma-reserved)
[    0.600846] SLUB: HWalign=64, Order=0-3, MinObjects=0, CPUs=112, Nodes=4
[    0.600875] ftrace: allocating 43047 entries in 169 pages
[    0.617144] rcu: Hierarchical RCU implementation.
[    0.617145] rcu: 	RCU restricting CPUs from NR_CPUS=8192 to nr_cpu_ids=112.
[    0.617146] 	Tasks RCU enabled.
[    0.617147] rcu: RCU calculated value of scheduler-enlistment delay is 25 jiffies.
[    0.617147] rcu: Adjusting geometry for rcu_fanout_leaf=16, nr_cpu_ids=112
[    0.619735] NR_IRQS: 524544, nr_irqs: 2952, preallocated irqs: 16
[    0.620182] random: crng done (trusting CPU's manufacturer)
[    0.620351] Console: colour dummy device 80x25
[    0.620367] printk: console [tty0] enabled
[    0.620458] mempolicy: Enabling automatic NUMA balancing. Configure with numa_balancing= or the kernel.numa_balancing sysctl
[    0.620461] ACPI: Core revision 20190703
[    0.623854] clocksource: hpet: mask: 0xffffffff max_cycles: 0xffffffff, max_idle_ns: 79635855245 ns
[    0.623896] APIC: Switch to symmetric I/O mode setup
[    0.623898] DMAR: Host address width 46
[    0.623899] DMAR: DRHD base: 0x000000d0ffc000 flags: 0x0
[    0.623904] DMAR: dmar0: reg_base_addr d0ffc000 ver 4:0 cap 8ed008c40780466 ecap 60000f050df
[    0.623904] DMAR: DRHD base: 0x000000dbbfc000 flags: 0x0
[    0.623908] DMAR: dmar1: reg_base_addr dbbfc000 ver 4:0 cap 8ed008c40780466 ecap 60000f050df
[    0.623909] DMAR: DRHD base: 0x000000e67fc000 flags: 0x0
[    0.623912] DMAR: dmar2: reg_base_addr e67fc000 ver 4:0 cap 8ed008c40780466 ecap 60000f050df
[    0.623912] DMAR: DRHD base: 0x000000f13fc000 flags: 0x0
[    0.623916] DMAR: dmar3: reg_base_addr f13fc000 ver 4:0 cap 8ed008c40780466 ecap 60000f050df
[    0.623916] DMAR: DRHD base: 0x000000fb7fc000 flags: 0x0
[    0.623920] DMAR: dmar4: reg_base_addr fb7fc000 ver 4:0 cap 8ed008c40780466 ecap 60000f050df
[    0.623920] DMAR: DRHD base: 0x000000a63fc000 flags: 0x0
[    0.623923] DMAR: dmar5: reg_base_addr a63fc000 ver 4:0 cap 8ed008c40780466 ecap 60000f050df
[    0.623924] DMAR: DRHD base: 0x000000b0ffc000 flags: 0x0
[    0.623926] DMAR: dmar6: reg_base_addr b0ffc000 ver 4:0 cap 8ed008c40780466 ecap 60000f050df
[    0.623927] DMAR: DRHD base: 0x000000bbbfc000 flags: 0x0
[    0.623932] DMAR: dmar7: reg_base_addr bbbfc000 ver 4:0 cap 8ed008c40780466 ecap 60000f050df
[    0.623932] DMAR: DRHD base: 0x000000c5ffc000 flags: 0x0
[    0.623935] DMAR: dmar8: reg_base_addr c5ffc000 ver 4:0 cap 8ed008c40780466 ecap 60000f050df
[    0.623936] DMAR: DRHD base: 0x0000009b7fc000 flags: 0x1
[    0.623938] DMAR: dmar9: reg_base_addr 9b7fc000 ver 4:0 cap 8ed008c40780466 ecap 60000f050df
[    0.623939] DMAR: RMRR base: 0x00000069427000 end: 0x00000069429fff
[    0.623940] DMAR: ATSR flags: 0x0
[    0.623942] DMAR-IR: IOAPIC id 8 under DRHD base  0x9b7fc000 IOMMU 9
[    0.623942] DMAR-IR: HPET id 0 under DRHD base 0x9b7fc000
[    0.623943] DMAR-IR: Queued invalidation will be enabled to support x2apic and Intr-remapping.
[    0.626557] DMAR-IR: Enabled IRQ remapping in x2apic mode
[    0.629175] ..TIMER: vector=0x30 apic1=0 pin1=2 apic2=-1 pin2=-1
[    0.647824] clocksource: tsc-early: mask: 0xffffffffffffffff max_cycles: 0x39a85c9bff6, max_idle_ns: 881590591483 ns
[    0.647829] Calibrating delay loop (skipped), value calculated using timer frequency.. 4000.00 BogoMIPS (lpj=8000000)
[    0.647831] pid_max: default: 114688 minimum: 896
[    0.651920] LSM: Security Framework initializing
[    0.651945] Yama: becoming mindful.
[    0.652316] AppArmor: AppArmor initialized
[    0.661594] Dentry cache hash table entries: 8388608 (order: 14, 67108864 bytes, vmalloc)
[    0.666233] Inode-cache hash table entries: 4194304 (order: 13, 33554432 bytes, vmalloc)
[    0.666425] Mount-cache hash table entries: 131072 (order: 8, 1048576 bytes, vmalloc)
[    0.666574] Mountpoint-cache hash table entries: 131072 (order: 8, 1048576 bytes, vmalloc)
[    0.666864] *** VALIDATE proc ***
[    0.667095] *** VALIDATE cgroup1 ***
[    0.667096] *** VALIDATE cgroup2 ***
[    0.667211] x86/tme: not enabled by BIOS
[    0.667214] x86/cpu: User Mode Instruction Prevention (UMIP) activated
[    0.667288] mce: CPU0: Thermal monitoring enabled (TM1)
[    0.667498] process: using mwait in idle threads
[    0.667500] Last level iTLB entries: 4KB 0, 2MB 0, 4MB 0
[    0.667501] Last level dTLB entries: 4KB 0, 2MB 0, 4MB 0, 1GB 0
[    0.667503] Spectre V1 : Mitigation: usercopy/swapgs barriers and __user pointer sanitization
[    0.667505] Spectre V2 : Mitigation: Enhanced IBRS
[    0.667506] Spectre V2 : Spectre v2 / SpectreRSB mitigation: Filling RSB on context switch
[    0.667507] Spectre V2 : mitigation: Enabling conditional Indirect Branch Prediction Barrier
[    0.667508] Speculative Store Bypass: Mitigation: Speculative Store Bypass disabled via prctl and seccomp
[    0.667772] Freeing SMP alternatives memory: 40K
[    0.671978] TSC deadline timer enabled
[    0.671986] smpboot: CPU0: Intel(R) Xeon(R) Gold 6330 CPU @ 2.00GHz (family: 0x6, model: 0x6a, stepping: 0x6)
[    0.672179] Performance Events: PEBS fmt4+-baseline, Icelake events, 32-deep LBR, full-width counters, Intel PMU driver.
[    0.672185] ... version:                5
[    0.672185] ... bit width:              48
[    0.672186] ... generic registers:      8
[    0.672186] ... value mask:             0000ffffffffffff
[    0.672187] ... max period:             00007fffffffffff
[    0.672187] ... fixed-purpose events:   4
[    0.672188] ... event mask:             0000000f000000ff
[    0.672296] rcu: Hierarchical SRCU implementation.
[    0.679595] NMI watchdog: Enabled. Permanently consumes one hw-PMU counter.
[    0.680892] smp: Bringing up secondary CPUs ...
[    0.681017] x86: Booting SMP configuration:
[    0.681018] .... node  #1, CPUs:          #1
[    0.003705] smpboot: CPU 1 Converting physical 0 to logical die 1
[    0.767934] .... node  #0, CPUs:     #2
[    0.773281] .... node  #1, CPUs:     #3
[    0.778676] .... node  #0, CPUs:     #4
[    0.784025] .... node  #1, CPUs:     #5
[    0.789368] .... node  #0, CPUs:     #6
[    0.794912] .... node  #1, CPUs:     #7
[    0.800451] .... node  #0, CPUs:     #8
[    0.805709] .... node  #1, CPUs:     #9
[    0.811403] .... node  #0, CPUs:    #10
[    0.817097] .... node  #1, CPUs:    #11
[    0.822792] .... node  #0, CPUs:    #12
[    0.828284] .... node  #1, CPUs:    #13
[    0.833593] .... node  #0, CPUs:    #14
[    0.838805] .... node  #1, CPUs:    #15
[    0.844092] .... node  #0, CPUs:    #16
[    0.849329] .... node  #1, CPUs:    #17
[    0.854611] .... node  #0, CPUs:    #18
[    0.859985] .... node  #1, CPUs:    #19
[    0.865444] .... node  #0, CPUs:    #20
[    0.870647] .... node  #1, CPUs:    #21
[    0.876215] .... node  #0, CPUs:    #22
[    0.881613] .... node  #1, CPUs:    #23
[    0.886856] .... node  #0, CPUs:    #24
[    0.892463] .... node  #1, CPUs:    #25
[    0.897760] .... node  #0, CPUs:    #26
[    0.902941] .... node  #1, CPUs:    #27
[    0.908205] .... node  #0, CPUs:    #28
[    0.913677] .... node  #1, CPUs:    #29
[    0.918938] .... node  #0, CPUs:    #30
[    0.924113] .... node  #1, CPUs:    #31
[    0.929555] .... node  #0, CPUs:    #32
[    0.934816] .... node  #1, CPUs:    #33
[    0.940148] .... node  #0, CPUs:    #34
[    0.945564] .... node  #1, CPUs:    #35
[    0.950842] .... node  #0, CPUs:    #36
[    0.956015] .... node  #1, CPUs:    #37
[    0.961300] .... node  #0, CPUs:    #38
[    0.966825] .... node  #1, CPUs:    #39
[    0.972317] .... node  #0, CPUs:    #40
[    0.977887] .... node  #1, CPUs:    #41
[    0.983591] .... node  #0, CPUs:    #42
[    0.988856] .... node  #1, CPUs:    #43
[    0.994469] .... node  #0, CPUs:    #44
[    0.999972] .... node  #1, CPUs:    #45
[    1.005231] .... node  #0, CPUs:    #46
[    1.010735] .... node  #1, CPUs:    #47
[    1.016140] .... node  #0, CPUs:    #48
[    1.021439] .... node  #1, CPUs:    #49
[    1.026838] .... node  #0, CPUs:    #50
[    1.032292] .... node  #1, CPUs:    #51
[    1.037892] .... node  #0, CPUs:    #52
[    1.043329] .... node  #1, CPUs:    #53
[    1.048875] .... node  #0, CPUs:    #54
[    1.054550] .... node  #1, CPUs:    #55
[    1.060313] .... node  #0, CPUs:    #56
[    1.066068] .... node  #1, CPUs:    #57
[    1.071936] .... node  #0, CPUs:    #58
[    1.077294] .... node  #1, CPUs:    #59
[    1.082696] .... node  #0, CPUs:    #60
[    1.088031] .... node  #1, CPUs:    #61
[    1.093405] .... node  #0, CPUs:    #62
[    1.098967] .... node  #1, CPUs:    #63
[    1.104535] .... node  #0, CPUs:    #64
[    1.109811] .... node  #1, CPUs:    #65
[    1.115528] .... node  #0, CPUs:    #66
[    1.121234] .... node  #1, CPUs:    #67
[    1.126945] .... node  #0, CPUs:    #68
[    1.132440] .... node  #1, CPUs:    #69
[    1.137778] .... node  #0, CPUs:    #70
[    1.142980] .... node  #1, CPUs:    #71
[    1.148273] .... node  #0, CPUs:    #72
[    1.153524] .... node  #1, CPUs:    #73
[    1.158822] .... node  #0, CPUs:    #74
[    1.164050] .... node  #1, CPUs:    #75
[    1.169685] .... node  #0, CPUs:    #76
[    1.174917] .... node  #1, CPUs:    #77
[    1.180496] .... node  #0, CPUs:    #78
[    1.185921] .... node  #1, CPUs:    #79
[    1.191183] .... node  #0, CPUs:    #80
[    1.196796] .... node  #1, CPUs:    #81
[    1.202112] .... node  #0, CPUs:    #82
[    1.207307] .... node  #1, CPUs:    #83
[    1.212597] .... node  #0, CPUs:    #84
[    1.218099] .... node  #1, CPUs:    #85
[    1.223372] .... node  #0, CPUs:    #86
[    1.228571] .... node  #1, CPUs:    #87
[    1.234039] .... node  #0, CPUs:    #88
[    1.239306] .... node  #1, CPUs:    #89
[    1.244662] .... node  #0, CPUs:    #90
[    1.250086] .... node  #1, CPUs:    #91
[    1.255370] .... node  #0, CPUs:    #92
[    1.260569] .... node  #1, CPUs:    #93
[    1.265862] .... node  #0, CPUs:    #94
[    1.271405] .... node  #1, CPUs:    #95
[    1.276910] .... node  #0, CPUs:    #96
[    1.282497] .... node  #1, CPUs:    #97
[    1.288225] .... node  #0, CPUs:    #98
[    1.293518] .... node  #1, CPUs:    #99
[    1.299152] .... node  #0, CPUs:   #100
[    1.304482] .... node  #1, CPUs:   #101
[    1.309933] .... node  #0, CPUs:   #102
[    1.315454] .... node  #1, CPUs:   #103
[    1.320880] .... node  #0, CPUs:   #104
[    1.326209] .... node  #1, CPUs:   #105
[    1.331837] .... node  #0, CPUs:   #106
[    1.337088] .... node  #1, CPUs:   #107
[    1.342720] .... node  #0, CPUs:   #108
[    1.348159] .... node  #1, CPUs:   #109
[    1.353733] .... node  #0, CPUs:   #110
[    1.359410] .... node  #1, CPUs:   #111
[    1.365188] smp: Brought up 2 nodes, 112 CPUs
[    1.365188] smpboot: Max logical packages: 2
[    1.365188] smpboot: Total of 112 processors activated (448067.14 BogoMIPS)
[    1.376592] devtmpfs: initialized
[    1.376592] x86/mm: Memory block size: 2048MB
[    1.376592] PM: Registering ACPI NVS region [mem 0x49e77000-0x4ae76fff] (16777216 bytes)
[    1.376592] PM: Registering ACPI NVS region [mem 0x6e3ff000-0x6f3fefff] (16777216 bytes)
[    1.376592] clocksource: jiffies: mask: 0xffffffff max_cycles: 0xffffffff, max_idle_ns: 7645041785100000 ns
[    1.376592] futex hash table entries: 32768 (order: 9, 2097152 bytes, vmalloc)
[    1.376727] pinctrl core: initialized pinctrl subsystem
[    1.376850] PM: RTC time: 11:00:38, date: 2024-04-25
[    1.377105] NET: Registered protocol family 16
[    1.377208] audit: initializing netlink subsys (disabled)
[    1.377213] audit: type=2000 audit(1714042837.756:1): state=initialized audit_enabled=0 res=1
[    1.377213] EISA bus registered
[    1.377213] cpuidle: using governor ladder
[    1.377213] cpuidle: using governor menu
[    1.379857] ACPI FADT declares the system doesn't support PCIe ASPM, so disable it
[    1.379858] ACPI: bus type PCI registered
[    1.379859] acpiphp: ACPI Hot Plug PCI Controller Driver version: 0.5
[    1.379973] PCI: MMCONFIG for domain 0000 [bus 00-ff] at [mem 0x80000000-0x8fffffff] (base 0x80000000)
[    1.379989] PCI: MMCONFIG at [mem 0x80000000-0x8fffffff] reserved in E820
[    1.379989] pmd_set_huge: Cannot satisfy [mem 0x80000000-0x80200000] with a huge-page mapping due to MTRR override.
[    1.380090] PCI: Using configuration type 1 for base access
[    1.380098] PCI: Dell System detected, enabling pci=bfsort.
[    1.382275] ENERGY_PERF_BIAS: Set to 'normal', was 'performance'
[    1.384708] HugeTLB registered 1.00 GiB page size, pre-allocated 0 pages
[    1.384708] HugeTLB registered 2.00 MiB page size, pre-allocated 0 pages
[    1.388217] ACPI: Added _OSI(Module Device)
[    1.388218] ACPI: Added _OSI(Processor Device)
[    1.388219] ACPI: Added _OSI(3.0 _SCP Extensions)
[    1.388219] ACPI: Added _OSI(Processor Aggregator Device)
[    1.388220] ACPI: Added _OSI(Linux-Dell-Video)
[    1.388221] ACPI: Added _OSI(Linux-Lenovo-NV-HDMI-Audio)
[    1.388222] ACPI: Added _OSI(Linux-HPI-Hybrid-Graphics)
[    1.552882] ACPI: 8 ACPI AML tables successfully acquired and loaded
[    1.560002] ACPI: [Firmware Bug]: BIOS _OSI(Linux) query ignored
[    1.566591] ACPI: Dynamic OEM Table Load:
[    1.954017] ACPI: Interpreter enabled
[    1.954034] ACPI: (supports S0 S5)
[    1.954034] ACPI: Using IOAPIC for interrupt routing
[    1.954120] HEST: Table parsing has been initialized.
[    1.954123] PCI: Using host bridge windows from ACPI; if necessary, use "pci=nocrs" and report a bug
[    1.982762] ACPI: Enabled 4 GPEs in block 00 to 7F
[    2.106527] ACPI: PCI Root Bridge [PC00] (domain 0000 [bus 00-15])
[    2.106532] acpi PNP0A08:00: _OSC: OS supports [ExtendedConfig ASPM ClockPM Segments MSI HPX-Type3]
[    2.106609] acpi PNP0A08:00: PCIe AER handled by firmware
[    2.106721] acpi PNP0A08:00: _OSC: platform does not support [SHPCHotplug LTR]
[    2.106930] acpi PNP0A08:00: _OSC: OS now controls [PCIeHotplug PME PCIeCapability]
[    2.106930] acpi PNP0A08:00: FADT indicates ASPM is unsupported, using BIOS configuration
[    2.108726] PCI host bridge to bus 0000:00
[    2.108727] pci_bus 0000:00: root bus resource [io  0x0000-0x0cf7 window]
[    2.108728] pci_bus 0000:00: root bus resource [io  0x1000-0x4fff window]
[    2.108729] pci_bus 0000:00: root bus resource [mem 0x000a0000-0x000bffff window]
[    2.108730] pci_bus 0000:00: root bus resource [mem 0x000c8000-0x000cffff window]
[    2.108731] pci_bus 0000:00: root bus resource [mem 0xfe010000-0xfe010fff window]
[    2.108731] pci_bus 0000:00: root bus resource [mem 0x90000000-0x9b7fffff window]
[    2.108732] pci_bus 0000:00: root bus resource [mem 0x200000000000-0x20ffffffffff window]
[    2.108733] pci_bus 0000:00: root bus resource [bus 00-15]
[    2.108743] pci 0000:00:00.0: [8086:09a2] type 00 class 0x088000
[    2.109471] pci 0000:00:00.1: [8086:09a4] type 00 class 0x088000
[    2.110183] pci 0000:00:00.2: [8086:09a3] type 00 class 0x088000
[    2.110895] pci 0000:00:00.4: [8086:0998] type 00 class 0x060000
[    2.111607] pci 0000:00:02.0: [8086:09a6] type 00 class 0x088000
[    2.111617] pci 0000:00:02.0: reg 0x10: [mem 0x92dfc000-0x92dfdfff]
[    2.112322] pci 0000:00:02.1: [8086:09a7] type 00 class 0x088000
[    2.112331] pci 0000:00:02.1: reg 0x10: [mem 0x92d00000-0x92d7ffff]
[    2.112336] pci 0000:00:02.1: reg 0x14: [mem 0x92c80000-0x92cfffff]
[    2.113037] pci 0000:00:02.4: [8086:3456] type 00 class 0x130000
[    2.113048] pci 0000:00:02.4: reg 0x10: [mem 0x92a00000-0x92afffff 64bit]
[    2.113054] pci 0000:00:02.4: reg 0x18: [mem 0x92df0000-0x92df3fff 64bit]
[    2.113060] pci 0000:00:02.4: reg 0x20: [mem 0x92dc0000-0x92ddffff 64bit]
[    2.113773] pci 0000:00:11.0: [8086:a1ec] type 00 class 0xff0000
[    2.114545] pci 0000:00:11.5: [8086:a1d2] type 00 class 0x010601
[    2.114562] pci 0000:00:11.5: reg 0x10: [mem 0x92dfa000-0x92dfbfff]
[    2.114569] pci 0000:00:11.5: reg 0x14: [mem 0x92e05000-0x92e050ff]
[    2.114577] pci 0000:00:11.5: reg 0x18: [io  0x2068-0x206f]
[    2.114584] pci 0000:00:11.5: reg 0x1c: [io  0x2074-0x2077]
[    2.114591] pci 0000:00:11.5: reg 0x20: [io  0x2040-0x205f]
[    2.114598] pci 0000:00:11.5: reg 0x24: [mem 0x92b80000-0x92bfffff]
[    2.114636] pci 0000:00:11.5: PME# supported from D3hot
[    2.115356] pci 0000:00:14.0: [8086:a1af] type 00 class 0x0c0330
[    2.115377] pci 0000:00:14.0: reg 0x10: [mem 0x92de0000-0x92deffff 64bit]
[    2.115441] pci 0000:00:14.0: PME# supported from D3hot D3cold
[    2.116165] pci 0000:00:14.2: [8086:a1b1] type 00 class 0x118000
[    2.116185] pci 0000:00:14.2: reg 0x10: [mem 0x92e02000-0x92e02fff 64bit]
[    2.116937] pci 0000:00:16.0: [8086:a1ba] type 00 class 0x078000
[    2.116965] pci 0000:00:16.0: reg 0x10: [mem 0x92e01000-0x92e01fff 64bit]
[    2.117048] pci 0000:00:16.0: PME# supported from D3hot
[    2.117738] pci 0000:00:16.1: [8086:a1bb] type 00 class 0x078000
[    2.117766] pci 0000:00:16.1: reg 0x10: [mem 0x92e00000-0x92e00fff 64bit]
[    2.117850] pci 0000:00:16.1: PME# supported from D3hot
[    2.118543] pci 0000:00:16.4: [8086:a1be] type 00 class 0x078000
[    2.118571] pci 0000:00:16.4: reg 0x10: [mem 0x92dff000-0x92dfffff 64bit]
[    2.118655] pci 0000:00:16.4: PME# supported from D3hot
[    2.119347] pci 0000:00:17.0: [8086:a182] type 00 class 0x010601
[    2.119363] pci 0000:00:17.0: reg 0x10: [mem 0x92df8000-0x92df9fff]
[    2.119370] pci 0000:00:17.0: reg 0x14: [mem 0x92e04000-0x92e040ff]
[    2.119377] pci 0000:00:17.0: reg 0x18: [io  0x2060-0x2067]
[    2.119384] pci 0000:00:17.0: reg 0x1c: [io  0x2070-0x2073]
[    2.119391] pci 0000:00:17.0: reg 0x20: [io  0x2020-0x203f]
[    2.119397] pci 0000:00:17.0: reg 0x24: [mem 0x92b00000-0x92b7ffff]
[    2.119435] pci 0000:00:17.0: PME# supported from D3hot
[    2.120164] pci 0000:00:1c.0: [8086:a190] type 01 class 0x060400
[    2.120242] pci 0000:00:1c.0: PME# supported from D0 D3hot D3cold
[    2.121013] pci 0000:00:1c.4: [8086:a194] type 01 class 0x060400
[    2.121085] pci 0000:00:1c.4: PME# supported from D0 D3hot D3cold
[    2.121845] pci 0000:00:1c.5: [8086:a195] type 01 class 0x060400
[    2.121918] pci 0000:00:1c.5: PME# supported from D0 D3hot D3cold
[    2.122680] pci 0000:00:1f.0: [8086:a1cb] type 00 class 0x060100
[    2.123490] pci 0000:00:1f.2: [8086:a1a1] type 00 class 0x058000
[    2.123506] pci 0000:00:1f.2: reg 0x10: [mem 0x92df4000-0x92df7fff]
[    2.124267] pci 0000:00:1f.4: [8086:a1a3] type 00 class 0x0c0500
[    2.124287] pci 0000:00:1f.4: reg 0x10: [mem 0x92dfe000-0x92dfe0ff 64bit]
[    2.124309] pci 0000:00:1f.4: reg 0x20: [io  0x2000-0x201f]
[    2.125005] pci 0000:00:1f.5: [8086:a1a4] type 00 class 0x0c8000
[    2.125022] pci 0000:00:1f.5: reg 0x10: [mem 0xfe010000-0xfe010fff]
[    2.125781] pci 0000:00:1c.0: PCI bridge to [bus 01]
[    2.125831] pci 0000:02:00.0: [1556:be00] type 01 class 0x060400
[    2.125999] pci 0000:00:1c.4: PCI bridge to [bus 02-03]
[    2.126002] pci 0000:00:1c.4:   bridge window [mem 0x92000000-0x928fffff]
[    2.126006] pci 0000:00:1c.4:   bridge window [mem 0x91000000-0x91ffffff 64bit pref]
[    2.126038] pci_bus 0000:03: extended config space not accessible
[    2.126055] pci 0000:03:00.0: [102b:0536] type 00 class 0x030000
[    2.126074] pci 0000:03:00.0: reg 0x10: [mem 0x91000000-0x91ffffff pref]
[    2.126084] pci 0000:03:00.0: reg 0x14: [mem 0x92808000-0x9280bfff]
[    2.126095] pci 0000:03:00.0: reg 0x18: [mem 0x92000000-0x927fffff]
[    2.126142] pci 0000:03:00.0: BAR 0: assigned to efifb
[    2.126236] pci 0000:02:00.0: PCI bridge to [bus 03]
[    2.126244] pci 0000:02:00.0:   bridge window [mem 0x92000000-0x928fffff]
[    2.126249] pci 0000:02:00.0:   bridge window [mem 0x91000000-0x91ffffff 64bit pref]
[    2.126317] pci 0000:04:00.0: [14e4:165f] type 00 class 0x020000
[    2.126348] pci 0000:04:00.0: reg 0x10: [mem 0x92930000-0x9293ffff 64bit pref]
[    2.126364] pci 0000:04:00.0: reg 0x18: [mem 0x92940000-0x9294ffff 64bit pref]
[    2.126379] pci 0000:04:00.0: reg 0x20: [mem 0x92950000-0x9295ffff 64bit pref]
[    2.126389] pci 0000:04:00.0: reg 0x30: [mem 0xfffc0000-0xffffffff pref]
[    2.126481] pci 0000:04:00.0: PME# supported from D0 D3hot D3cold
[    2.126520] pci 0000:04:00.0: 4.000 Gb/s available PCIe bandwidth, limited by 5 GT/s x1 link at 0000:00:1c.5 (capable of 8.000 Gb/s with 5 GT/s x2 link)
[    2.126644] pci 0000:04:00.1: [14e4:165f] type 00 class 0x020000
[    2.126675] pci 0000:04:00.1: reg 0x10: [mem 0x92900000-0x9290ffff 64bit pref]
[    2.126691] pci 0000:04:00.1: reg 0x18: [mem 0x92910000-0x9291ffff 64bit pref]
[    2.126706] pci 0000:04:00.1: reg 0x20: [mem 0x92920000-0x9292ffff 64bit pref]
[    2.126716] pci 0000:04:00.1: reg 0x30: [mem 0xfffc0000-0xffffffff pref]
[    2.126808] pci 0000:04:00.1: PME# supported from D0 D3hot D3cold
[    2.126954] pci 0000:00:1c.5: PCI bridge to [bus 04]
[    2.126961] pci 0000:00:1c.5:   bridge window [mem 0x92900000-0x929fffff 64bit pref]
[    2.126974] pci_bus 0000:00: on NUMA node 0
[    2.127519] ACPI: PCI Root Bridge [PC01] (domain 0000 [bus 16-2f])
[    2.127522] acpi PNP0A08:01: _OSC: OS supports [ExtendedConfig ASPM ClockPM Segments MSI HPX-Type3]
[    2.127619] acpi PNP0A08:01: PCIe AER handled by firmware
[    2.127725] acpi PNP0A08:01: _OSC: platform does not support [SHPCHotplug]
[    2.127926] acpi PNP0A08:01: _OSC: OS now controls [PCIeHotplug PME PCIeCapability LTR]
[    2.127926] acpi PNP0A08:01: FADT indicates ASPM is unsupported, using BIOS configuration
[    2.128051] PCI host bridge to bus 0000:16
[    2.128052] pci_bus 0000:16: root bus resource [io  0x5000-0x6fff window]
[    2.128053] pci_bus 0000:16: root bus resource [mem 0x9b800000-0xa63fffff window]
[    2.128054] pci_bus 0000:16: root bus resource [mem 0x210000000000-0x21ffffffffff window]
[    2.128055] pci_bus 0000:16: root bus resource [bus 16-2f]
[    2.128062] pci 0000:16:00.0: [8086:09a2] type 00 class 0x088000
[    2.128127] pci 0000:16:00.1: [8086:09a4] type 00 class 0x088000
[    2.128190] pci 0000:16:00.2: [8086:09a3] type 00 class 0x088000
[    2.128253] pci 0000:16:00.4: [8086:0998] type 00 class 0x060000
[    2.128314] pci 0000:16:02.0: [8086:347a] type 01 class 0x060400
[    2.128327] pci 0000:16:02.0: reg 0x10: [mem 0x21fffff00000-0x21fffff1ffff 64bit]
[    2.128364] pci 0000:16:02.0: PME# supported from D0 D3hot D3cold
[    2.128659] pci 0000:17:00.0: [1000:10e2] type 00 class 0x010400
[    2.128679] pci 0000:17:00.0: reg 0x10: [mem 0x9b800000-0x9b8fffff 64bit pref]
[    2.128687] pci 0000:17:00.0: reg 0x18: [mem 0x9b900000-0x9b9fffff 64bit pref]
[    2.128692] pci 0000:17:00.0: reg 0x20: [mem 0x9ba00000-0x9bafffff]
[    2.128697] pci 0000:17:00.0: reg 0x24: [io  0x5000-0x50ff]
[    2.128703] pci 0000:17:00.0: reg 0x30: [mem 0xfff00000-0xffffffff pref]
[    2.129944] pci 0000:17:00.0: supports D1 D2
[    2.129994] pci 0000:16:02.0: PCI bridge to [bus 17]
[    2.129996] pci 0000:16:02.0:   bridge window [io  0x5000-0x5fff]
[    2.129997] pci 0000:16:02.0:   bridge window [mem 0x9ba00000-0x9bafffff]
[    2.130000] pci 0000:16:02.0:   bridge window [mem 0x9b800000-0x9b9fffff 64bit pref]
[    2.130005] pci_bus 0000:16: on NUMA node 0
[    2.130068] ACPI: PCI Root Bridge [PC02] (domain 0000 [bus 30-49])
[    2.130071] acpi PNP0A08:02: _OSC: OS supports [ExtendedConfig ASPM ClockPM Segments MSI HPX-Type3]
[    2.130165] acpi PNP0A08:02: PCIe AER handled by firmware
[    2.130270] acpi PNP0A08:02: _OSC: platform does not support [SHPCHotplug]
[    2.130468] acpi PNP0A08:02: _OSC: OS now controls [PCIeHotplug PME PCIeCapability LTR]
[    2.130469] acpi PNP0A08:02: FADT indicates ASPM is unsupported, using BIOS configuration
[    2.130584] PCI host bridge to bus 0000:30
[    2.130585] pci_bus 0000:30: root bus resource [io  0x7000-0x8fff window]
[    2.130586] pci_bus 0000:30: root bus resource [mem 0xa6400000-0xb0ffffff window]
[    2.130587] pci_bus 0000:30: root bus resource [mem 0x220000000000-0x22ffffffffff window]
[    2.130588] pci_bus 0000:30: root bus resource [bus 30-49]
[    2.130595] pci 0000:30:00.0: [8086:09a2] type 00 class 0x088000
[    2.130660] pci 0000:30:00.1: [8086:09a4] type 00 class 0x088000
[    2.130720] pci 0000:30:00.2: [8086:09a3] type 00 class 0x088000
[    2.130783] pci 0000:30:00.4: [8086:0998] type 00 class 0x060000
[    2.130854] pci_bus 0000:30: on NUMA node 0
[    2.130939] ACPI: PCI Root Bridge [PC04] (domain 0000 [bus 4a-63])
[    2.130941] acpi PNP0A08:04: _OSC: OS supports [ExtendedConfig ASPM ClockPM Segments MSI HPX-Type3]
[    2.131031] acpi PNP0A08:04: PCIe AER handled by firmware
[    2.131134] acpi PNP0A08:04: _OSC: platform does not support [SHPCHotplug]
[    2.131332] acpi PNP0A08:04: _OSC: OS now controls [PCIeHotplug PME PCIeCapability LTR]
[    2.131332] acpi PNP0A08:04: FADT indicates ASPM is unsupported, using BIOS configuration
[    2.131441] PCI host bridge to bus 0000:4a
[    2.131442] pci_bus 0000:4a: root bus resource [io  0x9000-0x9fff window]
[    2.131443] pci_bus 0000:4a: root bus resource [mem 0xb1000000-0xbbbfffff window]
[    2.131444] pci_bus 0000:4a: root bus resource [mem 0x230000000000-0x23ffffffffff window]
[    2.131444] pci_bus 0000:4a: root bus resource [bus 4a-63]
[    2.131451] pci 0000:4a:00.0: [8086:09a2] type 00 class 0x088000
[    2.131514] pci 0000:4a:00.1: [8086:09a4] type 00 class 0x088000
[    2.131573] pci 0000:4a:00.2: [8086:09a3] type 00 class 0x088000
[    2.131640] pci 0000:4a:00.4: [8086:0998] type 00 class 0x060000
[    2.131709] pci_bus 0000:4a: on NUMA node 0
[    2.131767] ACPI: PCI Root Bridge [PC05] (domain 0000 [bus 64-7d])
[    2.131769] acpi PNP0A08:05: _OSC: OS supports [ExtendedConfig ASPM ClockPM Segments MSI HPX-Type3]
[    2.131859] acpi PNP0A08:05: PCIe AER handled by firmware
[    2.131962] acpi PNP0A08:05: _OSC: platform does not support [SHPCHotplug]
[    2.132164] acpi PNP0A08:05: _OSC: OS now controls [PCIeHotplug PME PCIeCapability LTR]
[    2.132164] acpi PNP0A08:05: FADT indicates ASPM is unsupported, using BIOS configuration
[    2.132274] PCI host bridge to bus 0000:64
[    2.132275] pci_bus 0000:64: root bus resource [io  0xa000-0xafff window]
[    2.132276] pci_bus 0000:64: root bus resource [mem 0xbbc00000-0xc5ffffff window]
[    2.132277] pci_bus 0000:64: root bus resource [mem 0x240000000000-0x24ffffffffff window]
[    2.132278] pci_bus 0000:64: root bus resource [bus 64-7d]
[    2.132284] pci 0000:64:00.0: [8086:09a2] type 00 class 0x088000
[    2.132347] pci 0000:64:00.1: [8086:09a4] type 00 class 0x088000
[    2.132410] pci 0000:64:00.2: [8086:09a3] type 00 class 0x088000
[    2.132471] pci 0000:64:00.4: [8086:0998] type 00 class 0x060000
[    2.132541] pci_bus 0000:64: on NUMA node 0
[    2.132596] ACPI: PCI Root Bridge [UC06] (domain 0000 [bus 7e])
[    2.132598] acpi PNP0A03:00: _OSC: OS supports [ExtendedConfig ASPM ClockPM Segments MSI HPX-Type3]
[    2.132673] acpi PNP0A03:00: PCIe AER handled by firmware
[    2.132762] acpi PNP0A03:00: _OSC: platform does not support [SHPCHotplug LTR]
[    2.132930] acpi PNP0A03:00: _OSC: OS now controls [PCIeHotplug PME PCIeCapability]
[    2.132930] acpi PNP0A03:00: FADT indicates ASPM is unsupported, using BIOS configuration
[    2.133067] PCI host bridge to bus 0000:7e
[    2.133068] pci_bus 0000:7e: root bus resource [bus 7e]
[    2.133074] pci 0000:7e:00.0: [8086:3450] type 00 class 0x088000
[    2.133142] pci 0000:7e:00.1: [8086:3451] type 00 class 0x088000
[    2.133205] pci 0000:7e:00.2: [8086:3452] type 00 class 0x088000
[    2.133276] pci 0000:7e:00.3: [8086:0998] type 00 class 0x060000
[    2.133340] pci 0000:7e:00.5: [8086:3455] type 00 class 0x088000
[    2.133409] pci 0000:7e:02.0: [8086:3440] type 00 class 0x088000
[    2.133530] pci 0000:7e:02.1: [8086:3441] type 00 class 0x088000
[    2.133643] pci 0000:7e:02.2: [8086:3442] type 00 class 0x088000
[    2.133759] pci 0000:7e:03.0: [8086:3440] type 00 class 0x088000
[    2.133847] pci 0000:7e:03.1: [8086:3441] type 00 class 0x088000
[    2.133928] pci 0000:7e:03.2: [8086:3442] type 00 class 0x088000
[    2.134021] pci 0000:7e:04.0: [8086:3440] type 00 class 0x088000
[    2.134146] pci 0000:7e:04.1: [8086:3441] type 00 class 0x088000
[    2.134268] pci 0000:7e:04.2: [8086:3442] type 00 class 0x088000
[    2.134390] pci 0000:7e:04.3: [8086:3443] type 00 class 0x088000
[    2.134514] pci 0000:7e:05.0: [8086:3445] type 00 class 0x088000
[    2.134639] pci 0000:7e:05.1: [8086:3446] type 00 class 0x088000
[    2.134757] pci 0000:7e:05.2: [8086:3447] type 00 class 0x088000
[    2.134875] pci 0000:7e:06.0: [8086:3445] type 00 class 0x088000
[    2.134966] pci 0000:7e:06.1: [8086:3446] type 00 class 0x088000
[    2.135052] pci 0000:7e:06.2: [8086:3447] type 00 class 0x088000
[    2.135144] pci 0000:7e:07.0: [8086:3445] type 00 class 0x088000
[    2.135270] pci 0000:7e:07.1: [8086:3446] type 00 class 0x088000
[    2.135396] pci 0000:7e:07.2: [8086:3447] type 00 class 0x088000
[    2.135521] pci 0000:7e:0b.0: [8086:3448] type 00 class 0x088000
[    2.135596] pci 0000:7e:0b.1: [8086:3448] type 00 class 0x088000
[    2.135669] pci 0000:7e:0b.2: [8086:344b] type 00 class 0x088000
[    2.135751] pci 0000:7e:0c.0: [8086:344a] type 00 class 0x110100
[    2.135851] pci 0000:7e:0d.0: [8086:344a] type 00 class 0x110100
[    2.135944] pci 0000:7e:0e.0: [8086:344a] type 00 class 0x110100
[    2.136095] pci 0000:7e:0f.0: [8086:344a] type 00 class 0x110100
[    2.136255] pci 0000:7e:1a.0: [8086:2880] type 00 class 0x110100
[    2.136351] pci 0000:7e:1b.0: [8086:2880] type 00 class 0x110100
[    2.136442] pci 0000:7e:1c.0: [8086:2880] type 00 class 0x110100
[    2.136596] pci 0000:7e:1d.0: [8086:2880] type 00 class 0x110100
[    2.136757] pci_bus 0000:7e: on NUMA node 0
[    2.136830] ACPI: PCI Root Bridge [UC07] (domain 0000 [bus 7f])
[    2.136832] acpi PNP0A03:01: _OSC: OS supports [ExtendedConfig ASPM ClockPM Segments MSI HPX-Type3]
[    2.136907] acpi PNP0A03:01: PCIe AER handled by firmware
[    2.136996] acpi PNP0A03:01: _OSC: platform does not support [SHPCHotplug LTR]
[    2.137164] acpi PNP0A03:01: _OSC: OS now controls [PCIeHotplug PME PCIeCapability]
[    2.137165] acpi PNP0A03:01: FADT indicates ASPM is unsupported, using BIOS configuration
[    2.137309] PCI host bridge to bus 0000:7f
[    2.137310] pci_bus 0000:7f: root bus resource [bus 7f]
[    2.137320] pci 0000:7f:00.0: [8086:344c] type 00 class 0x088000
[    2.137430] pci 0000:7f:00.1: [8086:344c] type 00 class 0x088000
[    2.137548] pci 0000:7f:00.2: [8086:344c] type 00 class 0x088000
[    2.137671] pci 0000:7f:00.3: [8086:344c] type 00 class 0x088000
[    2.137767] pci 0000:7f:00.4: [8086:344c] type 00 class 0x088000
[    2.137896] pci 0000:7f:00.5: [8086:344c] type 00 class 0x088000
[    2.138020] pci 0000:7f:00.6: [8086:344c] type 00 class 0x088000
[    2.138105] pci 0000:7f:00.7: [8086:344c] type 00 class 0x088000
[    2.138201] pci 0000:7f:01.0: [8086:344c] type 00 class 0x088000
[    2.138337] pci 0000:7f:01.1: [8086:344c] type 00 class 0x088000
[    2.138464] pci 0000:7f:01.2: [8086:344c] type 00 class 0x088000
[    2.138551] pci 0000:7f:01.3: [8086:344c] type 00 class 0x088000
[    2.138689] pci 0000:7f:01.4: [8086:344c] type 00 class 0x088000
[    2.138826] pci 0000:7f:01.5: [8086:344c] type 00 class 0x088000
[    2.138969] pci 0000:7f:01.6: [8086:344c] type 00 class 0x088000
[    2.139097] pci 0000:7f:01.7: [8086:344c] type 00 class 0x088000
[    2.139236] pci 0000:7f:02.0: [8086:344c] type 00 class 0x088000
[    2.139375] pci 0000:7f:02.1: [8086:344c] type 00 class 0x088000
[    2.139513] pci 0000:7f:02.2: [8086:344c] type 00 class 0x088000
[    2.139650] pci 0000:7f:02.3: [8086:344c] type 00 class 0x088000
[    2.139796] pci 0000:7f:02.4: [8086:344c] type 00 class 0x088000
[    2.139939] pci 0000:7f:02.5: [8086:344c] type 00 class 0x088000
[    2.140083] pci 0000:7f:02.6: [8086:344c] type 00 class 0x088000
[    2.140237] pci 0000:7f:02.7: [8086:344c] type 00 class 0x088000
[    2.140393] pci 0000:7f:03.0: [8086:344c] type 00 class 0x088000
[    2.140545] pci 0000:7f:03.1: [8086:344c] type 00 class 0x088000
[    2.140703] pci 0000:7f:03.2: [8086:344c] type 00 class 0x088000
[    2.140858] pci 0000:7f:03.3: [8086:344c] type 00 class 0x088000
[    2.141023] pci 0000:7f:0a.0: [8086:344d] type 00 class 0x088000
[    2.141132] pci 0000:7f:0a.1: [8086:344d] type 00 class 0x088000
[    2.141250] pci 0000:7f:0a.2: [8086:344d] type 00 class 0x088000
[    2.141369] pci 0000:7f:0a.3: [8086:344d] type 00 class 0x088000
[    2.141470] pci 0000:7f:0a.4: [8086:344d] type 00 class 0x088000
[    2.141599] pci 0000:7f:0a.5: [8086:344d] type 00 class 0x088000
[    2.141722] pci 0000:7f:0a.6: [8086:344d] type 00 class 0x088000
[    2.141809] pci 0000:7f:0a.7: [8086:344d] type 00 class 0x088000
[    2.141900] pci 0000:7f:0b.0: [8086:344d] type 00 class 0x088000
[    2.142035] pci 0000:7f:0b.1: [8086:344d] type 00 class 0x088000
[    2.142164] pci 0000:7f:0b.2: [8086:344d] type 00 class 0x088000
[    2.142251] pci 0000:7f:0b.3: [8086:344d] type 00 class 0x088000
[    2.142393] pci 0000:7f:0b.4: [8086:344d] type 00 class 0x088000
[    2.142532] pci 0000:7f:0b.5: [8086:344d] type 00 class 0x088000
[    2.142675] pci 0000:7f:0b.6: [8086:344d] type 00 class 0x088000
[    2.142802] pci 0000:7f:0b.7: [8086:344d] type 00 class 0x088000
[    2.142938] pci 0000:7f:0c.0: [8086:344d] type 00 class 0x088000
[    2.143079] pci 0000:7f:0c.1: [8086:344d] type 00 class 0x088000
[    2.143216] pci 0000:7f:0c.2: [8086:344d] type 00 class 0x088000
[    2.143354] pci 0000:7f:0c.3: [8086:344d] type 00 class 0x088000
[    2.143505] pci 0000:7f:0c.4: [8086:344d] type 00 class 0x088000
[    2.143647] pci 0000:7f:0c.5: [8086:344d] type 00 class 0x088000
[    2.143791] pci 0000:7f:0c.6: [8086:344d] type 00 class 0x088000
[    2.143944] pci 0000:7f:0c.7: [8086:344d] type 00 class 0x088000
[    2.144098] pci 0000:7f:0d.0: [8086:344d] type 00 class 0x088000
[    2.144251] pci 0000:7f:0d.1: [8086:344d] type 00 class 0x088000
[    2.144410] pci 0000:7f:0d.2: [8086:344d] type 00 class 0x088000
[    2.144567] pci 0000:7f:0d.3: [8086:344d] type 00 class 0x088000
[    2.144746] pci 0000:7f:1d.0: [8086:344f] type 00 class 0x088000
[    2.144864] pci 0000:7f:1d.1: [8086:3457] type 00 class 0x088000
[    2.144981] pci 0000:7f:1e.0: [8086:3458] type 00 class 0x088000
[    2.145059] pci 0000:7f:1e.1: [8086:3459] type 00 class 0x088000
[    2.145135] pci 0000:7f:1e.2: [8086:345a] type 00 class 0x088000
[    2.145208] pci 0000:7f:1e.3: [8086:345b] type 00 class 0x088000
[    2.145282] pci 0000:7f:1e.4: [8086:345c] type 00 class 0x088000
[    2.145356] pci 0000:7f:1e.5: [8086:345d] type 00 class 0x088000
[    2.145433] pci 0000:7f:1e.6: [8086:345e] type 00 class 0x088000
[    2.145508] pci 0000:7f:1e.7: [8086:345f] type 00 class 0x088000
[    2.145580] pci_bus 0000:7f: on NUMA node 0
[    2.145669] ACPI: PCI Root Bridge [PC06] (domain 0000 [bus 80])
[    2.145671] acpi PNP0A08:06: _OSC: OS supports [ExtendedConfig ASPM ClockPM Segments MSI HPX-Type3]
[    2.145765] acpi PNP0A08:06: PCIe AER handled by firmware
[    2.145870] acpi PNP0A08:06: _OSC: platform does not support [SHPCHotplug]
[    2.146068] acpi PNP0A08:06: _OSC: OS now controls [PCIeHotplug PME PCIeCapability LTR]
[    2.146069] acpi PNP0A08:06: FADT indicates ASPM is unsupported, using BIOS configuration
[    2.146211] PCI host bridge to bus 0000:80
[    2.146212] pci_bus 0000:80: root bus resource [io  0xb000-0xbfff window]
[    2.146212] pci_bus 0000:80: root bus resource [mem 0xc6800000-0xd0ffffff window]
[    2.146213] pci_bus 0000:80: root bus resource [mem 0x250000000000-0x25ffffffffff window]
[    2.146214] pci_bus 0000:80: root bus resource [bus 80]
[    2.146221] pci 0000:80:00.0: [8086:09a2] type 00 class 0x088000
[    2.146302] pci 0000:80:00.1: [8086:09a4] type 00 class 0x088000
[    2.146382] pci 0000:80:00.2: [8086:09a3] type 00 class 0x088000
[    2.146459] pci 0000:80:00.4: [8086:0998] type 00 class 0x060000
[    2.146536] pci 0000:80:02.0: [8086:09a6] type 00 class 0x088000
[    2.146546] pci 0000:80:02.0: reg 0x10: [mem 0xc6aa4000-0xc6aa5fff]
[    2.146611] pci 0000:80:02.1: [8086:09a7] type 00 class 0x088000
[    2.146620] pci 0000:80:02.1: reg 0x10: [mem 0xc6a00000-0xc6a7ffff]
[    2.146625] pci 0000:80:02.1: reg 0x14: [mem 0xc6980000-0xc69fffff]
[    2.146692] pci 0000:80:02.4: [8086:3456] type 00 class 0x130000
[    2.146704] pci 0000:80:02.4: reg 0x10: [mem 0xc6800000-0xc68fffff 64bit]
[    2.146711] pci 0000:80:02.4: reg 0x18: [mem 0xc6aa0000-0xc6aa3fff 64bit]
[    2.146718] pci 0000:80:02.4: reg 0x20: [mem 0xc6a80000-0xc6a9ffff 64bit]
[    2.146778] pci_bus 0000:80: on NUMA node 1
[    2.146844] ACPI: PCI Root Bridge [PC07] (domain 0000 [bus 81])
[    2.146846] acpi PNP0A08:07: _OSC: OS supports [ExtendedConfig ASPM ClockPM Segments MSI HPX-Type3]
[    2.146936] acpi PNP0A08:07: PCIe AER handled by firmware
[    2.147040] acpi PNP0A08:07: _OSC: platform does not support [SHPCHotplug]
[    2.147237] acpi PNP0A08:07: _OSC: OS now controls [PCIeHotplug PME PCIeCapability LTR]
[    2.147237] acpi PNP0A08:07: FADT indicates ASPM is unsupported, using BIOS configuration
[    2.147351] PCI host bridge to bus 0000:81
[    2.147352] pci_bus 0000:81: root bus resource [io  0xc000-0xcfff window]
[    2.147352] pci_bus 0000:81: root bus resource [mem 0xd1000000-0xdbbfffff window]
[    2.147353] pci_bus 0000:81: root bus resource [mem 0x260000000000-0x26ffffffffff window]
[    2.147354] pci_bus 0000:81: root bus resource [bus 81]
[    2.147361] pci 0000:81:00.0: [8086:09a2] type 00 class 0x088000
[    2.147429] pci 0000:81:00.1: [8086:09a4] type 00 class 0x088000
[    2.147495] pci 0000:81:00.2: [8086:09a3] type 00 class 0x088000
[    2.147565] pci 0000:81:00.4: [8086:0998] type 00 class 0x060000
[    2.147644] pci_bus 0000:81: on NUMA node 1
[    2.147703] ACPI: PCI Root Bridge [PC08] (domain 0000 [bus 82])
[    2.147705] acpi PNP0A08:08: _OSC: OS supports [ExtendedConfig ASPM ClockPM Segments MSI HPX-Type3]
[    2.147796] acpi PNP0A08:08: PCIe AER handled by firmware
[    2.147900] acpi PNP0A08:08: _OSC: platform does not support [SHPCHotplug]
[    2.148101] acpi PNP0A08:08: _OSC: OS now controls [PCIeHotplug PME PCIeCapability LTR]
[    2.148101] acpi PNP0A08:08: FADT indicates ASPM is unsupported, using BIOS configuration
[    2.148210] PCI host bridge to bus 0000:82
[    2.148211] pci_bus 0000:82: root bus resource [io  0xd000-0xdfff window]
[    2.148212] pci_bus 0000:82: root bus resource [mem 0xdbc00000-0xe67fffff window]
[    2.148213] pci_bus 0000:82: root bus resource [mem 0x270000000000-0x27ffffffffff window]
[    2.148213] pci_bus 0000:82: root bus resource [bus 82]
[    2.148220] pci 0000:82:00.0: [8086:09a2] type 00 class 0x088000
[    2.148289] pci 0000:82:00.1: [8086:09a4] type 00 class 0x088000
[    2.148357] pci 0000:82:00.2: [8086:09a3] type 00 class 0x088000
[    2.148427] pci 0000:82:00.4: [8086:0998] type 00 class 0x060000
[    2.148508] pci_bus 0000:82: on NUMA node 1
[    2.148593] ACPI: PCI Root Bridge [PC10] (domain 0000 [bus 83-f9])
[    2.148595] acpi PNP0A08:0a: _OSC: OS supports [ExtendedConfig ASPM ClockPM Segments MSI HPX-Type3]
[    2.148684] acpi PNP0A08:0a: PCIe AER handled by firmware
[    2.148788] acpi PNP0A08:0a: _OSC: platform does not support [SHPCHotplug]
[    2.148986] acpi PNP0A08:0a: _OSC: OS now controls [PCIeHotplug PME PCIeCapability LTR]
[    2.148986] acpi PNP0A08:0a: FADT indicates ASPM is unsupported, using BIOS configuration
[    2.149103] PCI host bridge to bus 0000:83
[    2.149104] pci_bus 0000:83: root bus resource [io  0xe000-0xefff window]
[    2.149105] pci_bus 0000:83: root bus resource [mem 0xe6800000-0xf13fffff window]
[    2.149106] pci_bus 0000:83: root bus resource [mem 0x280000000000-0x28ffffffffff window]
[    2.149106] pci_bus 0000:83: root bus resource [bus 83-f9]
[    2.149114] pci 0000:83:00.0: [8086:09a2] type 00 class 0x088000
[    2.149182] pci 0000:83:00.1: [8086:09a4] type 00 class 0x088000
[    2.149250] pci 0000:83:00.2: [8086:09a3] type 00 class 0x088000
[    2.149319] pci 0000:83:00.4: [8086:0998] type 00 class 0x060000
[    2.149398] pci_bus 0000:83: on NUMA node 1
[    2.149456] ACPI: PCI Root Bridge [PC11] (domain 0000 [bus fa])
[    2.149458] acpi PNP0A08:0b: _OSC: OS supports [ExtendedConfig ASPM ClockPM Segments MSI HPX-Type3]
[    2.149548] acpi PNP0A08:0b: PCIe AER handled by firmware
[    2.149652] acpi PNP0A08:0b: _OSC: platform does not support [SHPCHotplug]
[    2.149850] acpi PNP0A08:0b: _OSC: OS now controls [PCIeHotplug PME PCIeCapability LTR]
[    2.149851] acpi PNP0A08:0b: FADT indicates ASPM is unsupported, using BIOS configuration
[    2.149960] PCI host bridge to bus 0000:fa
[    2.149961] pci_bus 0000:fa: root bus resource [io  0xf000-0xffff window]
[    2.149962] pci_bus 0000:fa: root bus resource [mem 0xf1400000-0xfb7fffff window]
[    2.149962] pci_bus 0000:fa: root bus resource [mem 0x290000000000-0x29ffffffffff window]
[    2.149963] pci_bus 0000:fa: root bus resource [bus fa]
[    2.149970] pci 0000:fa:00.0: [8086:09a2] type 00 class 0x088000
[    2.150039] pci 0000:fa:00.1: [8086:09a4] type 00 class 0x088000
[    2.150107] pci 0000:fa:00.2: [8086:09a3] type 00 class 0x088000
[    2.150181] pci 0000:fa:00.4: [8086:0998] type 00 class 0x060000
[    2.150261] pci_bus 0000:fa: on NUMA node 1
[    2.150316] ACPI: PCI Root Bridge [UC16] (domain 0000 [bus fe])
[    2.150317] acpi PNP0A03:02: _OSC: OS supports [ExtendedConfig ASPM ClockPM Segments MSI HPX-Type3]
[    2.150392] acpi PNP0A03:02: PCIe AER handled by firmware
[    2.150480] acpi PNP0A03:02: _OSC: platform does not support [SHPCHotplug LTR]
[    2.150647] acpi PNP0A03:02: _OSC: OS now controls [PCIeHotplug PME PCIeCapability]
[    2.150648] acpi PNP0A03:02: FADT indicates ASPM is unsupported, using BIOS configuration
[    2.150776] PCI host bridge to bus 0000:fe
[    2.150777] pci_bus 0000:fe: root bus resource [bus fe]
[    2.150783] pci 0000:fe:00.0: [8086:3450] type 00 class 0x088000
[    2.150854] pci 0000:fe:00.1: [8086:3451] type 00 class 0x088000
[    2.150919] pci 0000:fe:00.2: [8086:3452] type 00 class 0x088000
[    2.150986] pci 0000:fe:00.3: [8086:0998] type 00 class 0x060000
[    2.151054] pci 0000:fe:00.5: [8086:3455] type 00 class 0x088000
[    2.151127] pci 0000:fe:02.0: [8086:3440] type 00 class 0x088000
[    2.151252] pci 0000:fe:02.1: [8086:3441] type 00 class 0x088000
[    2.151376] pci 0000:fe:02.2: [8086:3442] type 00 class 0x088000
[    2.151493] pci 0000:fe:03.0: [8086:3440] type 00 class 0x088000
[    2.151586] pci 0000:fe:03.1: [8086:3441] type 00 class 0x088000
[    2.151673] pci 0000:fe:03.2: [8086:3442] type 00 class 0x088000
[    2.151765] pci 0000:fe:04.0: [8086:3440] type 00 class 0x088000
[    2.151894] pci 0000:fe:04.1: [8086:3441] type 00 class 0x088000
[    2.152021] pci 0000:fe:04.2: [8086:3442] type 00 class 0x088000
[    2.152145] pci 0000:fe:04.3: [8086:3443] type 00 class 0x088000
[    2.152278] pci 0000:fe:05.0: [8086:3445] type 00 class 0x088000
[    2.152403] pci 0000:fe:05.1: [8086:3446] type 00 class 0x088000
[    2.152523] pci 0000:fe:05.2: [8086:3447] type 00 class 0x088000
[    2.152646] pci 0000:fe:06.0: [8086:3445] type 00 class 0x088000
[    2.152738] pci 0000:fe:06.1: [8086:3446] type 00 class 0x088000
[    2.152828] pci 0000:fe:06.2: [8086:3447] type 00 class 0x088000
[    2.152923] pci 0000:fe:07.0: [8086:3445] type 00 class 0x088000
[    2.153055] pci 0000:fe:07.1: [8086:3446] type 00 class 0x088000
[    2.153189] pci 0000:fe:07.2: [8086:3447] type 00 class 0x088000
[    2.153317] pci 0000:fe:0b.0: [8086:3448] type 00 class 0x088000
[    2.153394] pci 0000:fe:0b.1: [8086:3448] type 00 class 0x088000
[    2.153468] pci 0000:fe:0b.2: [8086:344b] type 00 class 0x088000
[    2.153549] pci 0000:fe:0c.0: [8086:344a] type 00 class 0x110100
[    2.153651] pci 0000:fe:0d.0: [8086:344a] type 00 class 0x110100
[    2.153748] pci 0000:fe:0e.0: [8086:344a] type 00 class 0x110100
[    2.153902] pci 0000:fe:0f.0: [8086:344a] type 00 class 0x110100
[    2.154073] pci 0000:fe:1a.0: [8086:2880] type 00 class 0x110100
[    2.154173] pci 0000:fe:1b.0: [8086:2880] type 00 class 0x110100
[    2.154269] pci 0000:fe:1c.0: [8086:2880] type 00 class 0x110100
[    2.154429] pci 0000:fe:1d.0: [8086:2880] type 00 class 0x110100
[    2.154590] pci_bus 0000:fe: on NUMA node 1
[    2.154660] ACPI: PCI Root Bridge [UC17] (domain 0000 [bus ff])
[    2.154662] acpi PNP0A03:03: _OSC: OS supports [ExtendedConfig ASPM ClockPM Segments MSI HPX-Type3]
[    2.154738] acpi PNP0A03:03: PCIe AER handled by firmware
[    2.154827] acpi PNP0A03:03: _OSC: platform does not support [SHPCHotplug LTR]
[    2.154995] acpi PNP0A03:03: _OSC: OS now controls [PCIeHotplug PME PCIeCapability]
[    2.154995] acpi PNP0A03:03: FADT indicates ASPM is unsupported, using BIOS configuration
[    2.155137] PCI host bridge to bus 0000:ff
[    2.155138] pci_bus 0000:ff: root bus resource [bus ff]
[    2.155148] pci 0000:ff:00.0: [8086:344c] type 00 class 0x088000
[    2.155263] pci 0000:ff:00.1: [8086:344c] type 00 class 0x088000
[    2.155383] pci 0000:ff:00.2: [8086:344c] type 00 class 0x088000
[    2.155490] pci 0000:ff:00.3: [8086:344c] type 00 class 0x088000
[    2.155623] pci 0000:ff:00.4: [8086:344c] type 00 class 0x088000
[    2.155747] pci 0000:ff:00.5: [8086:344c] type 00 class 0x088000
[    2.155850] pci 0000:ff:00.6: [8086:344c] type 00 class 0x088000
[    2.155983] pci 0000:ff:00.7: [8086:344c] type 00 class 0x088000
[    2.156117] pci 0000:ff:01.0: [8086:344c] type 00 class 0x088000
[    2.156258] pci 0000:ff:01.1: [8086:344c] type 00 class 0x088000
[    2.156391] pci 0000:ff:01.2: [8086:344c] type 00 class 0x088000
[    2.156482] pci 0000:ff:01.3: [8086:344c] type 00 class 0x088000
[    2.156629] pci 0000:ff:01.4: [8086:344c] type 00 class 0x088000
[    2.156774] pci 0000:ff:01.5: [8086:344c] type 00 class 0x088000
[    2.156921] pci 0000:ff:01.6: [8086:344c] type 00 class 0x088000
[    2.157054] pci 0000:ff:01.7: [8086:344c] type 00 class 0x088000
[    2.157195] pci 0000:ff:02.0: [8086:344c] type 00 class 0x088000
[    2.157337] pci 0000:ff:02.1: [8086:344c] type 00 class 0x088000
[    2.157475] pci 0000:ff:02.2: [8086:344c] type 00 class 0x088000
[    2.157620] pci 0000:ff:02.3: [8086:344c] type 00 class 0x088000
[    2.157766] pci 0000:ff:02.4: [8086:344c] type 00 class 0x088000
[    2.157909] pci 0000:ff:02.5: [8086:344c] type 00 class 0x088000
[    2.158060] pci 0000:ff:02.6: [8086:344c] type 00 class 0x088000
[    2.158209] pci 0000:ff:02.7: [8086:344c] type 00 class 0x088000
[    2.158368] pci 0000:ff:03.0: [8086:344c] type 00 class 0x088000
[    2.158529] pci 0000:ff:03.1: [8086:344c] type 00 class 0x088000
[    2.158684] pci 0000:ff:03.2: [8086:344c] type 00 class 0x088000
[    2.158852] pci 0000:ff:03.3: [8086:344c] type 00 class 0x088000
[    2.159029] pci 0000:ff:0a.0: [8086:344d] type 00 class 0x088000
[    2.159143] pci 0000:ff:0a.1: [8086:344d] type 00 class 0x088000
[    2.159263] pci 0000:ff:0a.2: [8086:344d] type 00 class 0x088000
[    2.159370] pci 0000:ff:0a.3: [8086:344d] type 00 class 0x088000
[    2.159497] pci 0000:ff:0a.4: [8086:344d] type 00 class 0x088000
[    2.159621] pci 0000:ff:0a.5: [8086:344d] type 00 class 0x088000
[    2.159724] pci 0000:ff:0a.6: [8086:344d] type 00 class 0x088000
[    2.159857] pci 0000:ff:0a.7: [8086:344d] type 00 class 0x088000
[    2.159993] pci 0000:ff:0b.0: [8086:344d] type 00 class 0x088000
[    2.160136] pci 0000:ff:0b.1: [8086:344d] type 00 class 0x088000
[    2.160270] pci 0000:ff:0b.2: [8086:344d] type 00 class 0x088000
[    2.160361] pci 0000:ff:0b.3: [8086:344d] type 00 class 0x088000
[    2.160505] pci 0000:ff:0b.4: [8086:344d] type 00 class 0x088000
[    2.160649] pci 0000:ff:0b.5: [8086:344d] type 00 class 0x088000
[    2.160796] pci 0000:ff:0b.6: [8086:344d] type 00 class 0x088000
[    2.160929] pci 0000:ff:0b.7: [8086:344d] type 00 class 0x088000
[    2.161075] pci 0000:ff:0c.0: [8086:344d] type 00 class 0x088000
[    2.161218] pci 0000:ff:0c.1: [8086:344d] type 00 class 0x088000
[    2.161358] pci 0000:ff:0c.2: [8086:344d] type 00 class 0x088000
[    2.161503] pci 0000:ff:0c.3: [8086:344d] type 00 class 0x088000
[    2.161645] pci 0000:ff:0c.4: [8086:344d] type 00 class 0x088000
[    2.161790] pci 0000:ff:0c.5: [8086:344d] type 00 class 0x088000
[    2.161940] pci 0000:ff:0c.6: [8086:344d] type 00 class 0x088000
[    2.162088] pci 0000:ff:0c.7: [8086:344d] type 00 class 0x088000
[    2.162251] pci 0000:ff:0d.0: [8086:344d] type 00 class 0x088000
[    2.162411] pci 0000:ff:0d.1: [8086:344d] type 00 class 0x088000
[    2.162565] pci 0000:ff:0d.2: [8086:344d] type 00 class 0x088000
[    2.162730] pci 0000:ff:0d.3: [8086:344d] type 00 class 0x088000
[    2.162913] pci 0000:ff:1d.0: [8086:344f] type 00 class 0x088000
[    2.163034] pci 0000:ff:1d.1: [8086:3457] type 00 class 0x088000
[    2.163155] pci 0000:ff:1e.0: [8086:3458] type 00 class 0x088000
[    2.163235] pci 0000:ff:1e.1: [8086:3459] type 00 class 0x088000
[    2.163317] pci 0000:ff:1e.2: [8086:345a] type 00 class 0x088000
[    2.163395] pci 0000:ff:1e.3: [8086:345b] type 00 class 0x088000
[    2.163470] pci 0000:ff:1e.4: [8086:345c] type 00 class 0x088000
[    2.163548] pci 0000:ff:1e.5: [8086:345d] type 00 class 0x088000
[    2.163625] pci 0000:ff:1e.6: [8086:345e] type 00 class 0x088000
[    2.163700] pci 0000:ff:1e.7: [8086:345f] type 00 class 0x088000
[    2.163777] pci_bus 0000:ff: on NUMA node 1
[    2.167827] HMAT: Memory (0x0 length 0x80000000) Flags:0003 Processor Domain:0 Memory Domain:0
[    2.167827] HMAT: Memory (0x100000000 length 0xf80000000) Flags:0003 Processor Domain:0 Memory Domain:0
[    2.167827] HMAT: Memory (0x2080000000 length 0x7e00000000) Flags:0003 Processor Domain:0 Memory Domain:2
[    2.167827] HMAT: Memory (0x1080000000 length 0x1000000000) Flags:0003 Processor Domain:1 Memory Domain:1
[    2.167827] HMAT: Memory (0x9e80000000 length 0x7e00000000) Flags:0003 Processor Domain:1 Memory Domain:3
[    2.167827] HMAT: Locality: Flags:00 Type:Read Latency Initiator Domains:2 Target Domains:4 Base:100
[    2.167827]   Initiator-Target[0-0]:7600 nsec
[    2.167827]   Initiator-Target[0-1]:13560 nsec
[    2.167827]   Initiator-Target[0-2]:25350 nsec
[    2.167827]   Initiator-Target[0-3]:31600 nsec
[    2.167827]   Initiator-Target[1-0]:13560 nsec
[    2.167827]   Initiator-Target[1-1]:7600 nsec
[    2.167827]   Initiator-Target[1-2]:31600 nsec
[    2.167827]   Initiator-Target[1-3]:25350 nsec
[    2.167827] HMAT: Locality: Flags:00 Type:Write Latency Initiator Domains:2 Target Domains:4 Base:100
[    2.167827]   Initiator-Target[0-0]:7600 nsec
[    2.167827]   Initiator-Target[0-1]:13560 nsec
[    2.167827]   Initiator-Target[0-2]:25350 nsec
[    2.167827]   Initiator-Target[0-3]:31600 nsec
[    2.167827]   Initiator-Target[1-0]:13560 nsec
[    2.167827]   Initiator-Target[1-1]:7600 nsec
[    2.167827]   Initiator-Target[1-2]:31600 nsec
[    2.167827]   Initiator-Target[1-3]:25350 nsec
[    2.167827] HMAT: Locality: Flags:00 Type:Read Bandwidth Initiator Domains:2 Target Domains:4 Base:1
[    2.167827]   Initiator-Target[0-0]:1790 MB/s
[    2.167827]   Initiator-Target[0-1]:1790 MB/s
[    2.167827]   Initiator-Target[0-2]:463 MB/s
[    2.167827]   Initiator-Target[0-3]:463 MB/s
[    2.167827]   Initiator-Target[1-0]:1790 MB/s
[    2.167827]   Initiator-Target[1-1]:1790 MB/s
[    2.167827]   Initiator-Target[1-2]:463 MB/s
[    2.167827]   Initiator-Target[1-3]:463 MB/s
[    2.167827] HMAT: Locality: Flags:00 Type:Write Bandwidth Initiator Domains:2 Target Domains:4 Base:1
[    2.167827]   Initiator-Target[0-0]:1910 MB/s
[    2.167827]   Initiator-Target[0-1]:1910 MB/s
[    2.167827]   Initiator-Target[0-2]:138 MB/s
[    2.167827]   Initiator-Target[0-3]:138 MB/s
[    2.167827]   Initiator-Target[1-0]:1910 MB/s
[    2.167827]   Initiator-Target[1-1]:1910 MB/s
[    2.167827]   Initiator-Target[1-2]:138 MB/s
[    2.167827]   Initiator-Target[1-3]:138 MB/s
[    2.167827] WARNING: CPU: 62 PID: 1 at drivers/base/node.c:191 node_set_perf_attrs+0x90/0xb0
[    2.167827] Modules linked in:
[    2.167827] CPU: 62 PID: 1 Comm: swapper/0 Not tainted 5.3.1-multiclock #1
[    2.167827] Hardware name: Dell Inc. PowerEdge R750/0K8F35, BIOS 1.10.2 03/03/2023
[    2.167827] RIP: 0010:node_set_perf_attrs+0x90/0xb0
[    2.167827] Code: f4 02 00 00 4c 89 ea 4c 89 e7 e8 bb bf c7 ff 85 c0 75 24 48 83 c3 08 48 8b 33 48 85 f6 75 e5 5b 41 5a 41 5c 41 5d 41 5e 5d c3 <0f> 0b 5b 41 5a 41 5c 41 5d 41 5e 5d c3 44 89 f6 48 c7 c7 70 5b da
[    2.167827] RSP: 0000:ffff9d7680117d80 EFLAGS: 00010246
[    2.167827] RAX: 0000000000000002 RBX: 0000000000000003 RCX: 0000000000000000
[    2.167827] RDX: 0000000000000000 RSI: ffff8f1dca7ee858 RDI: 0000000000000002
[    2.167827] RBP: ffff9d7680117da8 R08: ffff8f2d9d5ed1a0 R09: 0000000000000000
[    2.167827] R10: ffff8f1dd1e1b620 R11: ffff8f1dd2074250 R12: ffff8f1dca7ee840
[    2.167827] R13: ffffffff8f4db310 R14: 0000000000000005 R15: ffffffff8f295806
[    2.167827] FS:  0000000000000000(0000) GS:ffff8f1dd2bc0000(0000) knlGS:0000000000000000
[    2.167827] CS:  0010 DS: 0000 ES: 0000 CR0: 0000000080050033
[    2.167827] CR2: 0000000000000000 CR3: 0000000a5ac0a001 CR4: 0000000000760ee0
[    2.167827] DR0: 0000000000000000 DR1: 0000000000000000 DR2: 0000000000000000
[    2.167827] DR3: 0000000000000000 DR6: 00000000fffe0ff0 DR7: 0000000000000400
[    2.167827] PKRU: 55555554
[    2.167827] Call Trace:
[    2.167827]  hmat_init+0x32a/0x43c
[    2.167827]  ? hmat_parse_subtable+0x503/0x503
[    2.167827]  ? set_debug_rodata+0x17/0x17
[    2.167827]  do_one_initcall+0x4a/0x1fa
[    2.167827]  kernel_init_freeable+0x1c6/0x26d
[    2.167827]  ? rest_init+0xb0/0xb0
[    2.167827]  kernel_init+0xe/0x110
[    2.167827]  ret_from_fork+0x1f/0x40
[    2.167827] ---[ end trace 9ce1ec1a00a74d41 ]---
[    2.167845] pci 0000:03:00.0: vgaarb: setting as boot VGA device
[    2.167845] pci 0000:03:00.0: vgaarb: VGA device added: decodes=io+mem,owns=io+mem,locks=none
[    2.167894] pci 0000:03:00.0: vgaarb: bridge control possible
[    2.167895] vgaarb: loaded
[    2.168087] SCSI subsystem initialized
[    2.168226] libata version 3.00 loaded.
[    2.168226] ACPI: bus type USB registered
[    2.168226] usbcore: registered new interface driver usbfs
[    2.168226] usbcore: registered new interface driver hub
[    2.168226] usbcore: registered new device driver usb
[    2.168226] pps_core: LinuxPPS API ver. 1 registered
[    2.168226] pps_core: Software ver. 5.3.6 - Copyright 2005-2007 Rodolfo Giometti <giometti@linux.it>
[    2.168226] PTP clock support registered
[    2.168331] EDAC MC: Ver: 3.0.0
[    2.168538] Registered efivars operations
[    2.168538] PCI: Using ACPI for IRQ routing
[    2.171067] PCI: pci_cache_line_size set to 64 bytes
[    2.171619] e820: reserve RAM buffer [mem 0x0008f000-0x0008ffff]
[    2.171620] e820: reserve RAM buffer [mem 0x47bad020-0x47ffffff]
[    2.171621] e820: reserve RAM buffer [mem 0x47bdf020-0x47ffffff]
[    2.171622] e820: reserve RAM buffer [mem 0x47c12020-0x47ffffff]
[    2.171622] e820: reserve RAM buffer [mem 0x47c45020-0x47ffffff]
[    2.171623] e820: reserve RAM buffer [mem 0x49e77000-0x4bffffff]
[    2.171624] e820: reserve RAM buffer [mem 0x4b2cf000-0x4bffffff]
[    2.171625] e820: reserve RAM buffer [mem 0x4bd94000-0x4bffffff]
[    2.171626] e820: reserve RAM buffer [mem 0x4ce00000-0x4fffffff]
[    2.171626] e820: reserve RAM buffer [mem 0x5eefe000-0x5fffffff]
[    2.171627] e820: reserve RAM buffer [mem 0x6f800000-0x6fffffff]
[    2.171923] NetLabel: Initializing
[    2.171923] NetLabel:  domain hash size = 128
[    2.171924] NetLabel:  protocols = UNLABELED CIPSOv4 CALIPSO
[    2.171943] NetLabel:  unlabeled traffic allowed by default
[    2.173160] hpet0: at MMIO 0xfed00000, IRQs 2, 8, 0, 0, 0, 0, 0, 0
[    2.173163] hpet0: 8 comparators, 64-bit 24.000000 MHz counter
[    2.175921] clocksource: Switched to clocksource tsc-early
[    2.186936] VFS: Disk quotas dquot_6.6.0
[    2.186980] VFS: Dquot-cache hash table entries: 512 (order 0, 4096 bytes)
[    2.187264] *** VALIDATE hugetlbfs ***
[    2.187412] AppArmor: AppArmor Filesystem Enabled
[    2.187430] pnp: PnP ACPI init
[    2.202832] pnp 00:00: Plug and Play ACPI device, IDs PNP0b00 (active)
[    2.202985] system 00:01: [io  0x0500-0x05fe] has been reserved
[    2.202987] system 00:01: [io  0x0400-0x041f] has been reserved
[    2.202988] system 00:01: [io  0x0600-0x061f] has been reserved
[    2.202989] system 00:01: [io  0x0ca0-0x0ca1] has been reserved
[    2.202990] system 00:01: [io  0x0ca4-0x0ca6] has been reserved
[    2.202992] system 00:01: [mem 0xff000000-0xffffffff] has been reserved
[    2.202995] system 00:01: Plug and Play ACPI device, IDs PNP0c02 (active)
[    2.203240] pnp 00:02: Plug and Play ACPI device, IDs PNP0501 (active)
[    2.203445] pnp 00:03: Plug and Play ACPI device, IDs PNP0501 (active)
[    2.203601] system 00:04: [mem 0xfd000000-0xfdabffff] has been reserved
[    2.203602] system 00:04: [mem 0xfdad0000-0xfdadffff] has been reserved
[    2.203603] system 00:04: [mem 0xfdb00000-0xfdffffff] has been reserved
[    2.203604] system 00:04: [mem 0xfe000000-0xfe00ffff] has been reserved
[    2.203605] system 00:04: [mem 0xfe011000-0xfe01ffff] has been reserved
[    2.203606] system 00:04: [mem 0xfe036000-0xfe03bfff] has been reserved
[    2.203607] system 00:04: [mem 0xfe03d000-0xfe3fffff] has been reserved
[    2.203608] system 00:04: [mem 0xfe410000-0xfe7fffff] has been reserved
[    2.203610] system 00:04: Plug and Play ACPI device, IDs PNP0c02 (active)
[    2.203938] system 00:05: [io  0x1000-0x10fe] has been reserved
[    2.203940] system 00:05: Plug and Play ACPI device, IDs PNP0c02 (active)
[    2.204926] pnp: PnP ACPI: found 6 devices
[    2.205990] thermal_sys: Registered thermal governor 'fair_share'
[    2.205991] thermal_sys: Registered thermal governor 'bang_bang'
[    2.205991] thermal_sys: Registered thermal governor 'step_wise'
[    2.205992] thermal_sys: Registered thermal governor 'user_space'
[    2.205992] thermal_sys: Registered thermal governor 'power_allocator'
[    2.210485] clocksource: acpi_pm: mask: 0xffffff max_cycles: 0xffffff, max_idle_ns: 2085701024 ns
[    2.210507] pci 0000:04:00.0: can't claim BAR 6 [mem 0xfffc0000-0xffffffff pref]: no compatible bridge window
[    2.210508] pci 0000:04:00.1: can't claim BAR 6 [mem 0xfffc0000-0xffffffff pref]: no compatible bridge window
[    2.210510] pci 0000:17:00.0: can't claim BAR 6 [mem 0xfff00000-0xffffffff pref]: no compatible bridge window
[    2.210523] pci 0000:00:1c.5: BAR 14: assigned [mem 0x90000000-0x900fffff]
[    2.210526] pci 0000:00:1c.0: PCI bridge to [bus 01]
[    2.210535] pci 0000:02:00.0: PCI bridge to [bus 03]
[    2.210539] pci 0000:02:00.0:   bridge window [mem 0x92000000-0x928fffff]
[    2.210542] pci 0000:02:00.0:   bridge window [mem 0x91000000-0x91ffffff 64bit pref]
[    2.210548] pci 0000:00:1c.4: PCI bridge to [bus 02-03]
[    2.210551] pci 0000:00:1c.4:   bridge window [mem 0x92000000-0x928fffff]
[    2.210553] pci 0000:00:1c.4:   bridge window [mem 0x91000000-0x91ffffff 64bit pref]
[    2.210558] pci 0000:04:00.0: BAR 6: assigned [mem 0x90000000-0x9003ffff pref]
[    2.210559] pci 0000:04:00.1: BAR 6: assigned [mem 0x90040000-0x9007ffff pref]
[    2.210560] pci 0000:00:1c.5: PCI bridge to [bus 04]
[    2.210563] pci 0000:00:1c.5:   bridge window [mem 0x90000000-0x900fffff]
[    2.210565] pci 0000:00:1c.5:   bridge window [mem 0x92900000-0x929fffff 64bit pref]
[    2.210570] pci_bus 0000:00: resource 4 [io  0x0000-0x0cf7 window]
[    2.210570] pci_bus 0000:00: resource 5 [io  0x1000-0x4fff window]
[    2.210571] pci_bus 0000:00: resource 6 [mem 0x000a0000-0x000bffff window]
[    2.210572] pci_bus 0000:00: resource 7 [mem 0x000c8000-0x000cffff window]
[    2.210572] pci_bus 0000:00: resource 8 [mem 0xfe010000-0xfe010fff window]
[    2.210573] pci_bus 0000:00: resource 9 [mem 0x90000000-0x9b7fffff window]
[    2.210574] pci_bus 0000:00: resource 10 [mem 0x200000000000-0x20ffffffffff window]
