[    0.000000] Linux version 5.3.1-multiclock (xmu@xmu-PowerEdge-R750) (gcc version 7.5.0 (Ubuntu 7.5.0-3ubuntu1~18.04)) #1 SMP Wed Aug 9 20:46:02 CST 2023
[    0.000000] Command line: BOOT_IMAGE=/boot/vmlinuz-5.3.1-multiclock root=UUID=ce0c24b8-724b-4f33-9b2c-618433560aef ro memmap=27G!4G memmap=55G!64G quiet splash nomodeset vt.handoff=1
[    0.000000] KERNEL supported cpus:
[    0.000000]   Intel GenuineIntel
[    0.000000]   AMD AuthenticAMD
[    0.000000]   Hygon HygonGenuine
[    0.000000]   Centaur CentaurHauls
[    0.000000]   zhaoxin   Shanghai  
[    0.000000] x86/fpu: Supporting XSAVE feature 0x001: 'x87 floating point registers'
[    0.000000] x86/fpu: Supporting XSAVE feature 0x002: 'SSE registers'
[    0.000000] x86/fpu: Supporting XSAVE feature 0x004: 'AVX registers'
[    0.000000] x86/fpu: Supporting XSAVE feature 0x020: 'AVX-512 opmask'
[    0.000000] x86/fpu: Supporting XSAVE feature 0x040: 'AVX-512 Hi256'
[    0.000000] x86/fpu: Supporting XSAVE feature 0x080: 'AVX-512 ZMM_Hi256'
[    0.000000] x86/fpu: Supporting XSAVE feature 0x200: 'Protection Keys User registers'
[    0.000000] x86/fpu: xstate_offset[2]:  576, xstate_sizes[2]:  256
[    0.000000] x86/fpu: xstate_offset[5]:  832, xstate_sizes[5]:   64
[    0.000000] x86/fpu: xstate_offset[6]:  896, xstate_sizes[6]:  512
[    0.000000] x86/fpu: xstate_offset[7]: 1408, xstate_sizes[7]: 1024
[    0.000000] x86/fpu: xstate_offset[9]: 2432, xstate_sizes[9]:    8
[    0.000000] x86/fpu: Enabled xstate features 0x2e7, context size is 2440 bytes, using 'compacted' format.
[    0.000000] BIOS-provided physical RAM map:
[    0.000000] BIOS-e820: [mem 0x0000000000000000-0x000000000008efff] usable
[    0.000000] BIOS-e820: [mem 0x000000000008f000-0x000000000008ffff] reserved
[    0.000000] BIOS-e820: [mem 0x0000000000090000-0x000000000009ffff] usable
[    0.000000] BIOS-e820: [mem 0x00000000000a0000-0x00000000000fffff] reserved
[    0.000000] BIOS-e820: [mem 0x0000000000100000-0x0000000049e76fff] usable
[    0.000000] BIOS-e820: [mem 0x0000000049e77000-0x000000004ae76fff] ACPI NVS
[    0.000000] BIOS-e820: [mem 0x000000004ae77000-0x000000004b2cefff] usable
[    0.000000] BIOS-e820: [mem 0x000000004b2cf000-0x000000004b54dfff] ACPI data
[    0.000000] BIOS-e820: [mem 0x000000004b54e000-0x000000004bd93fff] usable
[    0.000000] BIOS-e820: [mem 0x000000004bd94000-0x000000004be99fff] reserved
[    0.000000] BIOS-e820: [mem 0x000000004be9a000-0x000000004cdfffff] usable
[    0.000000] BIOS-e820: [mem 0x000000004ce00000-0x000000004cffffff] reserved
[    0.000000] BIOS-e820: [mem 0x000000004d000000-0x000000005eefdfff] usable
[    0.000000] BIOS-e820: [mem 0x000000005eefe000-0x000000006e3fefff] reserved
[    0.000000] BIOS-e820: [mem 0x000000006e3ff000-0x000000006f3fefff] ACPI NVS
[    0.000000] BIOS-e820: [mem 0x000000006f3ff000-0x000000006f7fefff] ACPI data
[    0.000000] BIOS-e820: [mem 0x000000006f7ff000-0x000000006f7fffff] usable
[    0.000000] BIOS-e820: [mem 0x000000006f800000-0x000000008fffffff] reserved
[    0.000000] BIOS-e820: [mem 0x00000000fe000000-0x00000000fe010fff] reserved
[    0.000000] BIOS-e820: [mem 0x0000000100000000-0x000000207fffffff] usable
[    0.000000] BIOS-e820: [mem 0x0000002080000000-0x0000011c7fffffff] persistent (type 7)
[    0.000000] BIOS-e820: [mem 0x00001ffc00000000-0x00001fffffffffff] reserved
[    0.000000] NX (Execute Disable) protection: active
[    0.000000] e820: update [mem 0x47c45020-0x47c4d05f] usable ==> usable
[    0.000000] e820: update [mem 0x47c45020-0x47c4d05f] usable ==> usable
[    0.000000] e820: update [mem 0x47c12020-0x47c44c5f] usable ==> usable
[    0.000000] e820: update [mem 0x47c12020-0x47c44c5f] usable ==> usable
[    0.000000] e820: update [mem 0x47bdf020-0x47c11c5f] usable ==> usable
[    0.000000] e820: update [mem 0x47bdf020-0x47c11c5f] usable ==> usable
[    0.000000] e820: update [mem 0x47bad020-0x47bdea5f] usable ==> usable
[    0.000000] e820: update [mem 0x47bad020-0x47bdea5f] usable ==> usable
[    0.000000] extended physical RAM map:
[    0.000000] reserve setup_data: [mem 0x0000000000000000-0x000000000008efff] usable
[    0.000000] reserve setup_data: [mem 0x000000000008f000-0x000000000008ffff] reserved
[    0.000000] reserve setup_data: [mem 0x0000000000090000-0x000000000009ffff] usable
[    0.000000] reserve setup_data: [mem 0x00000000000a0000-0x00000000000fffff] reserved
[    0.000000] reserve setup_data: [mem 0x0000000000100000-0x0000000047bad01f] usable
[    0.000000] reserve setup_data: [mem 0x0000000047bad020-0x0000000047bdea5f] usable
[    0.000000] reserve setup_data: [mem 0x0000000047bdea60-0x0000000047bdf01f] usable
[    0.000000] reserve setup_data: [mem 0x0000000047bdf020-0x0000000047c11c5f] usable
[    0.000000] reserve setup_data: [mem 0x0000000047c11c60-0x0000000047c1201f] usable
[    0.000000] reserve setup_data: [mem 0x0000000047c12020-0x0000000047c44c5f] usable
[    0.000000] reserve setup_data: [mem 0x0000000047c44c60-0x0000000047c4501f] usable
[    0.000000] reserve setup_data: [mem 0x0000000047c45020-0x0000000047c4d05f] usable
[    0.000000] reserve setup_data: [mem 0x0000000047c4d060-0x0000000049e76fff] usable
[    0.000000] reserve setup_data: [mem 0x0000000049e77000-0x000000004ae76fff] ACPI NVS
[    0.000000] reserve setup_data: [mem 0x000000004ae77000-0x000000004b2cefff] usable
[    0.000000] reserve setup_data: [mem 0x000000004b2cf000-0x000000004b54dfff] ACPI data
[    0.000000] reserve setup_data: [mem 0x000000004b54e000-0x000000004bd93fff] usable
[    0.000000] reserve setup_data: [mem 0x000000004bd94000-0x000000004be99fff] reserved
[    0.000000] reserve setup_data: [mem 0x000000004be9a000-0x000000004cdfffff] usable
[    0.000000] reserve setup_data: [mem 0x000000004ce00000-0x000000004cffffff] reserved
[    0.000000] reserve setup_data: [mem 0x000000004d000000-0x000000005eefdfff] usable
[    0.000000] reserve setup_data: [mem 0x000000005eefe000-0x000000006e3fefff] reserved
[    0.000000] reserve setup_data: [mem 0x000000006e3ff000-0x000000006f3fefff] ACPI NVS
[    0.000000] reserve setup_data: [mem 0x000000006f3ff000-0x000000006f7fefff] ACPI data
[    0.000000] reserve setup_data: [mem 0x000000006f7ff000-0x000000006f7fffff] usable
[    0.000000] reserve setup_data: [mem 0x000000006f800000-0x000000008fffffff] reserved
[    0.000000] reserve setup_data: [mem 0x00000000fe000000-0x00000000fe010fff] reserved
[    0.000000] reserve setup_data: [mem 0x0000000100000000-0x00000007bfffffff] persistent (type 12)
[    0.000000] reserve setup_data: [mem 0x00000007c0000000-0x0000000fffffffff] usable
[    0.000000] reserve setup_data: [mem 0x0000001000000000-0x0000001dbfffffff] persistent (type 12)
[    0.000000] reserve setup_data: [mem 0x0000001dc0000000-0x000000207fffffff] usable
[    0.000000] reserve setup_data: [mem 0x0000002080000000-0x0000011c7fffffff] persistent (type 7)
[    0.000000] reserve setup_data: [mem 0x00001ffc00000000-0x00001fffffffffff] reserved
[    0.000000] user-defined physical RAM map:
[    0.000000] user: [mem 0x0000000000000000-0x000000000008efff] usable
[    0.000000] user: [mem 0x000000000008f000-0x000000000008ffff] reserved
[    0.000000] user: [mem 0x0000000000090000-0x000000000009ffff] usable
[    0.000000] user: [mem 0x00000000000a0000-0x00000000000fffff] reserved
[    0.000000] user: [mem 0x0000000000100000-0x0000000047bad01f] usable
[    0.000000] user: [mem 0x0000000047bad020-0x0000000047bdea5f] usable
[    0.000000] user: [mem 0x0000000047bdea60-0x0000000047bdf01f] usable
[    0.000000] user: [mem 0x0000000047bdf020-0x0000000047c11c5f] usable
[    0.000000] user: [mem 0x0000000047c11c60-0x0000000047c1201f] usable
[    0.000000] user: [mem 0x0000000047c12020-0x0000000047c44c5f] usable
[    0.000000] user: [mem 0x0000000047c44c60-0x0000000047c4501f] usable
[    0.000000] user: [mem 0x0000000047c45020-0x0000000047c4d05f] usable
[    0.000000] user: [mem 0x0000000047c4d060-0x0000000049e76fff] usable
[    0.000000] user: [mem 0x0000000049e77000-0x000000004ae76fff] ACPI NVS
[    0.000000] user: [mem 0x000000004ae77000-0x000000004b2cefff] usable
[    0.000000] user: [mem 0x000000004b2cf000-0x000000004b54dfff] ACPI data
[    0.000000] user: [mem 0x000000004b54e000-0x000000004bd93fff] usable
[    0.000000] user: [mem 0x000000004bd94000-0x000000004be99fff] reserved
[    0.000000] user: [mem 0x000000004be9a000-0x000000004cdfffff] usable
[    0.000000] user: [mem 0x000000004ce00000-0x000000004cffffff] reserved
[    0.000000] user: [mem 0x000000004d000000-0x000000005eefdfff] usable
[    0.000000] user: [mem 0x000000005eefe000-0x000000006e3fefff] reserved
[    0.000000] user: [mem 0x000000006e3ff000-0x000000006f3fefff] ACPI NVS
[    0.000000] user: [mem 0x000000006f3ff000-0x000000006f7fefff] ACPI data
[    0.000000] user: [mem 0x000000006f7ff000-0x000000006f7fffff] usable
[    0.000000] user: [mem 0x000000006f800000-0x000000008fffffff] reserved
[    0.000000] user: [mem 0x00000000fe000000-0x00000000fe010fff] reserved
[    0.000000] user: [mem 0x0000000100000000-0x00000007bfffffff] persistent (type 12)
[    0.000000] user: [mem 0x00000007c0000000-0x0000000fffffffff] usable
[    0.000000] user: [mem 0x0000001000000000-0x0000001dbfffffff] persistent (type 12)
[    0.000000] user: [mem 0x0000001dc0000000-0x000000207fffffff] usable
[    0.000000] user: [mem 0x0000002080000000-0x0000011c7fffffff] persistent (type 7)
[    0.000000] user: [mem 0x00001ffc00000000-0x00001fffffffffff] reserved
[    0.000000] efi: EFI v2.70 by Dell Inc.
[    0.000000] efi:  ACPI=0x6f7fe000  ACPI 2.0=0x6f7fe014  MEMATTR=0x5a1f8020  SMBIOS=0x69526000  SMBIOS 3.0=0x69524000 
[    0.000000] SMBIOS 3.3.0 present.
[    0.000000] DMI: Dell Inc. PowerEdge R750/0K8F35, BIOS 1.10.2 03/03/2023
[    0.000000] tsc: Detected 2000.000 MHz processor
[    0.000008] e820: update [mem 0x00000000-0x00000fff] usable ==> reserved
[    0.000009] e820: remove [mem 0x000a0000-0x000fffff] usable
[    0.000017] last_pfn = 0x2080000 max_arch_pfn = 0x400000000
[    0.000020] MTRR default type: uncachable
[    0.000021] MTRR fixed ranges enabled:
[    0.000022]   00000-9FFFF write-back
[    0.000022]   A0000-BFFFF uncachable
[    0.000023]   C0000-FFFFF write-protect
[    0.000023] MTRR variable ranges enabled:
[    0.000025]   0 base 000000000000 mask 3E0000000000 write-back
[    0.000026]   1 base 000080000000 mask 3FFF80000000 uncachable
[    0.000026]   2 base 00007F000000 mask 3FFFFF000000 uncachable
[    0.000027]   3 disabled
[    0.000027]   4 disabled
[    0.000027]   5 disabled
[    0.000028]   6 disabled
[    0.000028]   7 disabled
[    0.000029]   8 disabled
[    0.000029]   9 disabled
[    0.000784] x86/PAT: Configuration [0-7]: WB  WC  UC- UC  WB  WP  UC- WT  
[    0.001835] total RAM covered: 2095088M
[    0.001919]  gran_size: 64K 	chunk_size: 64K 	num_reg: 10  	lose cover RAM: 2016G
[    0.001921]  gran_size: 64K 	chunk_size: 128K 	num_reg: 10  	lose cover RAM: 2016G
[    0.001921]  gran_size: 64K 	chunk_size: 256K 	num_reg: 10  	lose cover RAM: 2016G
[    0.001922]  gran_size: 64K 	chunk_size: 512K 	num_reg: 10  	lose cover RAM: 2016G
[    0.001923]  gran_size: 64K 	chunk_size: 1M 	num_reg: 10  	lose cover RAM: 2016G
[    0.001923]  gran_size: 64K 	chunk_size: 2M 	num_reg: 10  	lose cover RAM: 2016G
[    0.001924]  gran_size: 64K 	chunk_size: 4M 	num_reg: 10  	lose cover RAM: 2016G
[    0.001925]  gran_size: 64K 	chunk_size: 8M 	num_reg: 10  	lose cover RAM: 2016G
[    0.001925]  gran_size: 64K 	chunk_size: 16M 	num_reg: 10  	lose cover RAM: 2016G
[    0.001926]  gran_size: 64K 	chunk_size: 32M 	num_reg: 10  	lose cover RAM: 1024G
[    0.001927]  gran_size: 64K 	chunk_size: 64M 	num_reg: 10  	lose cover RAM: 1024G
[    0.001927]  gran_size: 64K 	chunk_size: 128M 	num_reg: 10  	lose cover RAM: 1024G
[    0.001928]  gran_size: 64K 	chunk_size: 256M 	num_reg: 10  	lose cover RAM: 1024G
[    0.001929]  gran_size: 64K 	chunk_size: 512M 	num_reg: 10  	lose cover RAM: 1024G
[    0.001929]  gran_size: 64K 	chunk_size: 1G 	num_reg: 10  	lose cover RAM: 1024G
[    0.001930]  gran_size: 64K 	chunk_size: 2G 	num_reg: 10  	lose cover RAM: 1024G
[    0.001931]  gran_size: 128K 	chunk_size: 128K 	num_reg: 10  	lose cover RAM: 2016G
[    0.001931]  gran_size: 128K 	chunk_size: 256K 	num_reg: 10  	lose cover RAM: 2016G
[    0.001932]  gran_size: 128K 	chunk_size: 512K 	num_reg: 10  	lose cover RAM: 2016G
[    0.001933]  gran_size: 128K 	chunk_size: 1M 	num_reg: 10  	lose cover RAM: 2016G
[    0.001933]  gran_size: 128K 	chunk_size: 2M 	num_reg: 10  	lose cover RAM: 2016G
[    0.001934]  gran_size: 128K 	chunk_size: 4M 	num_reg: 10  	lose cover RAM: 2016G
[    0.001935]  gran_size: 128K 	chunk_size: 8M 	num_reg: 10  	lose cover RAM: 2016G
[    0.001935]  gran_size: 128K 	chunk_size: 16M 	num_reg: 10  	lose cover RAM: 2016G
[    0.001936]  gran_size: 128K 	chunk_size: 32M 	num_reg: 10  	lose cover RAM: 1024G
[    0.001937]  gran_size: 128K 	chunk_size: 64M 	num_reg: 10  	lose cover RAM: 1024G
[    0.001938]  gran_size: 128K 	chunk_size: 128M 	num_reg: 10  	lose cover RAM: 1024G
[    0.001938]  gran_size: 128K 	chunk_size: 256M 	num_reg: 10  	lose cover RAM: 1024G
[    0.001939]  gran_size: 128K 	chunk_size: 512M 	num_reg: 10  	lose cover RAM: 1024G
[    0.001939]  gran_size: 128K 	chunk_size: 1G 	num_reg: 10  	lose cover RAM: 1024G
[    0.001940]  gran_size: 128K 	chunk_size: 2G 	num_reg: 10  	lose cover RAM: 1024G
[    0.001941]  gran_size: 256K 	chunk_size: 256K 	num_reg: 10  	lose cover RAM: 2016G
[    0.001941]  gran_size: 256K 	chunk_size: 512K 	num_reg: 10  	lose cover RAM: 2016G
[    0.001942]  gran_size: 256K 	chunk_size: 1M 	num_reg: 10  	lose cover RAM: 2016G
[    0.001943]  gran_size: 256K 	chunk_size: 2M 	num_reg: 10  	lose cover RAM: 2016G
[    0.001943]  gran_size: 256K 	chunk_size: 4M 	num_reg: 10  	lose cover RAM: 2016G
[    0.001944]  gran_size: 256K 	chunk_size: 8M 	num_reg: 10  	lose cover RAM: 2016G
[    0.001945]  gran_size: 256K 	chunk_size: 16M 	num_reg: 10  	lose cover RAM: 2016G
[    0.001945]  gran_size: 256K 	chunk_size: 32M 	num_reg: 10  	lose cover RAM: 1024G
[    0.001946]  gran_size: 256K 	chunk_size: 64M 	num_reg: 10  	lose cover RAM: 1024G
[    0.001947]  gran_size: 256K 	chunk_size: 128M 	num_reg: 10  	lose cover RAM: 1024G
[    0.001947]  gran_size: 256K 	chunk_size: 256M 	num_reg: 10  	lose cover RAM: 1024G
[    0.001948]  gran_size: 256K 	chunk_size: 512M 	num_reg: 10  	lose cover RAM: 1024G
[    0.001949]  gran_size: 256K 	chunk_size: 1G 	num_reg: 10  	lose cover RAM: 1024G
[    0.001949]  gran_size: 256K 	chunk_size: 2G 	num_reg: 10  	lose cover RAM: 1024G
[    0.001950]  gran_size: 512K 	chunk_size: 512K 	num_reg: 10  	lose cover RAM: 2016G
[    0.001951]  gran_size: 512K 	chunk_size: 1M 	num_reg: 10  	lose cover RAM: 2016G
[    0.001951]  gran_size: 512K 	chunk_size: 2M 	num_reg: 10  	lose cover RAM: 2016G
[    0.001952]  gran_size: 512K 	chunk_size: 4M 	num_reg: 10  	lose cover RAM: 2016G
[    0.001953]  gran_size: 512K 	chunk_size: 8M 	num_reg: 10  	lose cover RAM: 2016G
[    0.001953]  gran_size: 512K 	chunk_size: 16M 	num_reg: 10  	lose cover RAM: 2016G
[    0.001954]  gran_size: 512K 	chunk_size: 32M 	num_reg: 10  	lose cover RAM: 1024G
[    0.001955]  gran_size: 512K 	chunk_size: 64M 	num_reg: 10  	lose cover RAM: 1024G
[    0.001955]  gran_size: 512K 	chunk_size: 128M 	num_reg: 10  	lose cover RAM: 1024G
[    0.001956]  gran_size: 512K 	chunk_size: 256M 	num_reg: 10  	lose cover RAM: 1024G
[    0.001957]  gran_size: 512K 	chunk_size: 512M 	num_reg: 10  	lose cover RAM: 1024G
[    0.001957]  gran_size: 512K 	chunk_size: 1G 	num_reg: 10  	lose cover RAM: 1024G
[    0.001958]  gran_size: 512K 	chunk_size: 2G 	num_reg: 10  	lose cover RAM: 1024G
[    0.001959]  gran_size: 1M 	chunk_size: 1M 	num_reg: 10  	lose cover RAM: 2016G
[    0.001959]  gran_size: 1M 	chunk_size: 2M 	num_reg: 10  	lose cover RAM: 2016G
[    0.001960]  gran_size: 1M 	chunk_size: 4M 	num_reg: 10  	lose cover RAM: 2016G
[    0.001961]  gran_size: 1M 	chunk_size: 8M 	num_reg: 10  	lose cover RAM: 2016G
[    0.001961]  gran_size: 1M 	chunk_size: 16M 	num_reg: 10  	lose cover RAM: 2016G
[    0.001962]  gran_size: 1M 	chunk_size: 32M 	num_reg: 10  	lose cover RAM: 1024G
[    0.001963]  gran_size: 1M 	chunk_size: 64M 	num_reg: 10  	lose cover RAM: 1024G
[    0.001963]  gran_size: 1M 	chunk_size: 128M 	num_reg: 10  	lose cover RAM: 1024G
[    0.001964]  gran_size: 1M 	chunk_size: 256M 	num_reg: 10  	lose cover RAM: 1024G
[    0.001965]  gran_size: 1M 	chunk_size: 512M 	num_reg: 10  	lose cover RAM: 1024G
[    0.001965]  gran_size: 1M 	chunk_size: 1G 	num_reg: 10  	lose cover RAM: 1024G
[    0.001966]  gran_size: 1M 	chunk_size: 2G 	num_reg: 10  	lose cover RAM: 1024G
[    0.001967]  gran_size: 2M 	chunk_size: 2M 	num_reg: 10  	lose cover RAM: 2016G
[    0.001967]  gran_size: 2M 	chunk_size: 4M 	num_reg: 10  	lose cover RAM: 2016G
[    0.001968]  gran_size: 2M 	chunk_size: 8M 	num_reg: 10  	lose cover RAM: 2016G
[    0.001969]  gran_size: 2M 	chunk_size: 16M 	num_reg: 10  	lose cover RAM: 2016G
[    0.001969]  gran_size: 2M 	chunk_size: 32M 	num_reg: 10  	lose cover RAM: 1024G
[    0.001970]  gran_size: 2M 	chunk_size: 64M 	num_reg: 10  	lose cover RAM: 1024G
[    0.001971]  gran_size: 2M 	chunk_size: 128M 	num_reg: 10  	lose cover RAM: 1024G
[    0.001971]  gran_size: 2M 	chunk_size: 256M 	num_reg: 10  	lose cover RAM: 1024G
[    0.001972]  gran_size: 2M 	chunk_size: 512M 	num_reg: 10  	lose cover RAM: 1024G
[    0.001973]  gran_size: 2M 	chunk_size: 1G 	num_reg: 10  	lose cover RAM: 1024G
[    0.001973]  gran_size: 2M 	chunk_size: 2G 	num_reg: 10  	lose cover RAM: 1024G
[    0.001974]  gran_size: 4M 	chunk_size: 4M 	num_reg: 10  	lose cover RAM: 2016G
[    0.001975]  gran_size: 4M 	chunk_size: 8M 	num_reg: 10  	lose cover RAM: 2016G
[    0.001975]  gran_size: 4M 	chunk_size: 16M 	num_reg: 10  	lose cover RAM: 2016G
[    0.001976]  gran_size: 4M 	chunk_size: 32M 	num_reg: 10  	lose cover RAM: 1024G
[    0.001977]  gran_size: 4M 	chunk_size: 64M 	num_reg: 10  	lose cover RAM: 1024G
[    0.001977]  gran_size: 4M 	chunk_size: 128M 	num_reg: 10  	lose cover RAM: 1024G
[    0.001978]  gran_size: 4M 	chunk_size: 256M 	num_reg: 10  	lose cover RAM: 1024G
[    0.001979]  gran_size: 4M 	chunk_size: 512M 	num_reg: 10  	lose cover RAM: 1024G
[    0.001979]  gran_size: 4M 	chunk_size: 1G 	num_reg: 10  	lose cover RAM: 1024G
[    0.001980]  gran_size: 4M 	chunk_size: 2G 	num_reg: 10  	lose cover RAM: 1024G
[    0.001980]  gran_size: 8M 	chunk_size: 8M 	num_reg: 10  	lose cover RAM: 2016G
[    0.001981]  gran_size: 8M 	chunk_size: 16M 	num_reg: 10  	lose cover RAM: 2016G
[    0.001982]  gran_size: 8M 	chunk_size: 32M 	num_reg: 10  	lose cover RAM: 1024G
[    0.001982]  gran_size: 8M 	chunk_size: 64M 	num_reg: 10  	lose cover RAM: 1024G
[    0.001983]  gran_size: 8M 	chunk_size: 128M 	num_reg: 10  	lose cover RAM: 1024G
[    0.001984]  gran_size: 8M 	chunk_size: 256M 	num_reg: 10  	lose cover RAM: 1024G
[    0.001984]  gran_size: 8M 	chunk_size: 512M 	num_reg: 10  	lose cover RAM: 1024G
[    0.001985]  gran_size: 8M 	chunk_size: 1G 	num_reg: 10  	lose cover RAM: 1024G
[    0.001986]  gran_size: 8M 	chunk_size: 2G 	num_reg: 10  	lose cover RAM: 1024G
[    0.001986]  gran_size: 16M 	chunk_size: 16M 	num_reg: 10  	lose cover RAM: 2016G
[    0.001987]  gran_size: 16M 	chunk_size: 32M 	num_reg: 10  	lose cover RAM: 1024G
[    0.001988]  gran_size: 16M 	chunk_size: 64M 	num_reg: 10  	lose cover RAM: 1024G
[    0.001988]  gran_size: 16M 	chunk_size: 128M 	num_reg: 10  	lose cover RAM: 1024G
[    0.001989]  gran_size: 16M 	chunk_size: 256M 	num_reg: 10  	lose cover RAM: 1024G
[    0.001990]  gran_size: 16M 	chunk_size: 512M 	num_reg: 10  	lose cover RAM: 1024G
[    0.001990]  gran_size: 16M 	chunk_size: 1G 	num_reg: 10  	lose cover RAM: 1024G
[    0.001991]  gran_size: 16M 	chunk_size: 2G 	num_reg: 10  	lose cover RAM: 1024G
[    0.001992]  gran_size: 32M 	chunk_size: 32M 	num_reg: 10  	lose cover RAM: 2031632M
[    0.001993]  gran_size: 32M 	chunk_size: 64M 	num_reg: 10  	lose cover RAM: 1048592M
[    0.001993]  gran_size: 32M 	chunk_size: 128M 	num_reg: 10  	lose cover RAM: 1048592M
[    0.001994]  gran_size: 32M 	chunk_size: 256M 	num_reg: 10  	lose cover RAM: 1048592M
[    0.001995]  gran_size: 32M 	chunk_size: 512M 	num_reg: 10  	lose cover RAM: 1048592M
[    0.001995]  gran_size: 32M 	chunk_size: 1G 	num_reg: 10  	lose cover RAM: 1048592M
[    0.001996]  gran_size: 32M 	chunk_size: 2G 	num_reg: 10  	lose cover RAM: 1048592M
[    0.001997]  gran_size: 64M 	chunk_size: 64M 	num_reg: 10  	lose cover RAM: 1966128M
[    0.001997]  gran_size: 64M 	chunk_size: 128M 	num_reg: 10  	lose cover RAM: 1048624M
[    0.001998]  gran_size: 64M 	chunk_size: 256M 	num_reg: 10  	lose cover RAM: 1048624M
[    0.001999]  gran_size: 64M 	chunk_size: 512M 	num_reg: 10  	lose cover RAM: 1048624M
[    0.001999]  gran_size: 64M 	chunk_size: 1G 	num_reg: 10  	lose cover RAM: 1048624M
[    0.002000]  gran_size: 64M 	chunk_size: 2G 	num_reg: 10  	lose cover RAM: 1048624M
[    0.002001]  gran_size: 128M 	chunk_size: 128M 	num_reg: 10  	lose cover RAM: 1835120M
[    0.002001]  gran_size: 128M 	chunk_size: 256M 	num_reg: 10  	lose cover RAM: 1048688M
[    0.002002]  gran_size: 128M 	chunk_size: 512M 	num_reg: 10  	lose cover RAM: 1048688M
[    0.002003]  gran_size: 128M 	chunk_size: 1G 	num_reg: 10  	lose cover RAM: 1048688M
[    0.002003]  gran_size: 128M 	chunk_size: 2G 	num_reg: 10  	lose cover RAM: 1048688M
[    0.002004]  gran_size: 256M 	chunk_size: 256M 	num_reg: 10  	lose cover RAM: 1573104M
[    0.002005]  gran_size: 256M 	chunk_size: 512M 	num_reg: 10  	lose cover RAM: 1048816M
[    0.002005]  gran_size: 256M 	chunk_size: 1G 	num_reg: 10  	lose cover RAM: 1048816M
[    0.002006]  gran_size: 256M 	chunk_size: 2G 	num_reg: 10  	lose cover RAM: 1048816M
[    0.002007]  gran_size: 512M 	chunk_size: 512M 	num_reg: 10  	lose cover RAM: 1049072M
[    0.002007]  gran_size: 512M 	chunk_size: 1G 	num_reg: 10  	lose cover RAM: 1049072M
[    0.002008]  gran_size: 512M 	chunk_size: 2G 	num_reg: 10  	lose cover RAM: 1049072M
[    0.002009]  gran_size: 1G 	chunk_size: 1G 	num_reg: 10  	lose cover RAM: 1008M
[    0.002009]  gran_size: 1G 	chunk_size: 2G 	num_reg: 10  	lose cover RAM: 1008M
[    0.002010]  gran_size: 2G 	chunk_size: 2G 	num_reg: 9  	lose cover RAM: 2032M
[    0.002011] mtrr_cleanup: can not find optimal value
[    0.002011] please specify mtrr_gran_size/mtrr_chunk_size
[    0.002014] e820: update [mem 0x7f000000-0xffffffff] usable ==> reserved
[    0.002016] x2apic: enabled by BIOS, switching to x2apic ops
[    0.002016] last_pfn = 0x6f800 max_arch_pfn = 0x400000000
[    0.013422] check: Scanning 1 areas for low memory corruption
[    0.013426] Using GB pages for direct mapping
[    0.013428] BRK [0x7d5c01000, 0x7d5c01fff] PGTABLE
[    0.013429] BRK [0x7d5c02000, 0x7d5c02fff] PGTABLE
[    0.013430] BRK [0x7d5c03000, 0x7d5c03fff] PGTABLE
[    0.013453] BRK [0x7d5c04000, 0x7d5c04fff] PGTABLE
[    0.013454] BRK [0x7d5c05000, 0x7d5c05fff] PGTABLE
[    0.013672] BRK [0x7d5c06000, 0x7d5c06fff] PGTABLE
[    0.013715] BRK [0x7d5c07000, 0x7d5c07fff] PGTABLE
[    0.013804] BRK [0x7d5c08000, 0x7d5c08fff] PGTABLE
[    0.013887] BRK [0x7d5c09000, 0x7d5c09fff] PGTABLE
[    0.013965] BRK [0x7d5c0a000, 0x7d5c0afff] PGTABLE
[    0.014046] BRK [0x7d5c0b000, 0x7d5c0bfff] PGTABLE
[    0.014103] BRK [0x7d5c0c000, 0x7d5c0cfff] PGTABLE
[    0.014465] Secure boot disabled
[    0.014466] RAMDISK: [mem 0x2065920000-0x207fffffff]
[    0.014472] ACPI: Early table checksum verification disabled
[    0.014474] ACPI: RSDP 0x000000006F7FE014 000024 (v02 DELL  )
[    0.014477] ACPI: XSDT 0x000000006F41C188 0000F4 (v01 DELL   PE_SC3   00000000 DELL 01000013)
[    0.014481] ACPI: FACP 0x000000006F430000 000114 (v06 DELL   PE_SC3   00000000 DELL 00000001)
[    0.014486] ACPI: DSDT 0x000000004B4CE000 07FAD3 (v02 DELL   PE_SC3   00000003 DELL 00000001)
[    0.014489] ACPI: FACS 0x000000006F2F2000 000040
[    0.014491] ACPI: SSDT 0x000000006F7FB000 00159A (v02 INTEL  RAS_ACPI 00000001 INTL 20210331)
[    0.014494] ACPI: SSDT 0x000000006F7FA000 000745 (v02 INTEL  ADDRXLAT 00000001 INTL 20210331)
[    0.014497] ACPI: MCEJ 0x000000006F7F9000 000130 (v01 INTEL           00000001 INTL 0100000D)
[    0.014499] ACPI: BERT 0x000000006F7F8000 000030 (v01 DELL   PE_SC3   00000001 INTL 00000001)
[    0.014502] ACPI: ERST 0x000000006F7F7000 000230 (v01 DELL   PE_SC3   00000001 INTL 00000001)
[    0.014504] ACPI: SSDT 0x000000006F431000 3C524E (v02 INTEL  SSDTNVDR 00001000 INTL 20210331)
[    0.014507] ACPI: HMAT 0x000000006F42F000 000210 (v01 DELL   PE_SC3   00000001 DELL 00000001)
[    0.014510] ACPI: HPET 0x000000006F42E000 000038 (v01 DELL   PE_SC3   00000001 DELL 00000001)
[    0.014512] ACPI: MCFG 0x000000006F42D000 00003C (v01 DELL   PE_SC3   00000001 DELL 00000001)
[    0.014515] ACPI: MIGT 0x000000006F42C000 000040 (v01 DELL   PE_SC3   00000000 DELL 00000001)
[    0.014517] ACPI: MSCT 0x000000006F42B000 000090 (v01 DELL   PE_SC3   00000001 DELL 00000001)
[    0.014520] ACPI: PMTT 0x000000006F429000 0011E8 (v02 DELL   PE_SC3   00000001 DELL 00000001)
[    0.014522] ACPI: WSMT 0x000000006F428000 000028 (v01 DELL   PE_SC3   00000000 DELL 00000001)
[    0.014525] ACPI: APIC 0x000000006F427000 00075E (v04 DELL   PE_SC3   00000000 DELL 00000001)
[    0.014527] ACPI: SLIT 0x000000006F426000 00003C (v01 DELL   PE_SC3   00000001 DELL 01000013)
[    0.014530] ACPI: SRAT 0x000000006F41F000 006430 (v03 DELL   PE_SC3   00000002 DELL 01000013)
[    0.014532] ACPI: OEM4 0x000000004B346000 187A61 (v02 INTEL  CPU  CST 00003000 INTL 20210331)
[    0.014535] ACPI: SSDT 0x000000004B2CF000 0764A5 (v02 INTEL  SSDT  PM 00004000 INTL 20210331)
[    0.014538] ACPI: SSDT 0x000000006F41E000 000A1F (v02 DELL   PE_SC3   00000000 DELL 00000001)
[    0.014541] ACPI: HEST 0x000000006F41D000 00017C (v01 DELL   PE_SC3   00000001 INTL 00000001)
[    0.014543] ACPI: PCAT 0x000000006F41B000 00010C (v19 DELL   PE_SC3   00000002 DELL 00000001)
[    0.014546] ACPI: SSDT 0x000000006F413000 007299 (v02 INTEL  SpsNm    00000002 INTL 20210331)
[    0.014548] ACPI: SSDT 0x000000006F412000 000426 (v02 DELL   PE_SC3   00000002 DELL 00000001)
[    0.014551] ACPI: NFIT 0x000000006F7FD000 000488 (v01 DELL   PE_SC3   00000002 DELL 00000001)
[    0.014553] ACPI: DMAR 0x000000006F411000 000158 (v01 DELL   PE_SC3   00000001 DELL 00000001)
[    0.014560] ACPI: Local APIC address 0xfee00000
[    0.014562] Setting APIC routing to cluster x2apic.
[    0.014608] SRAT: PXM 0 -> APIC 0x0000 -> Node 0
[    0.014608] SRAT: PXM 0 -> APIC 0x0001 -> Node 0
[    0.014609] SRAT: PXM 0 -> APIC 0x0002 -> Node 0
[    0.014609] SRAT: PXM 0 -> APIC 0x0003 -> Node 0
[    0.014610] SRAT: PXM 0 -> APIC 0x0004 -> Node 0
[    0.014610] SRAT: PXM 0 -> APIC 0x0005 -> Node 0
[    0.014610] SRAT: PXM 0 -> APIC 0x0006 -> Node 0
[    0.014611] SRAT: PXM 0 -> APIC 0x0007 -> Node 0
[    0.014611] SRAT: PXM 0 -> APIC 0x0008 -> Node 0
[    0.014612] SRAT: PXM 0 -> APIC 0x0009 -> Node 0
[    0.014612] SRAT: PXM 0 -> APIC 0x000a -> Node 0
[    0.014612] SRAT: PXM 0 -> APIC 0x000b -> Node 0
[    0.014613] SRAT: PXM 0 -> APIC 0x000c -> Node 0
[    0.014613] SRAT: PXM 0 -> APIC 0x000d -> Node 0
[    0.014614] SRAT: PXM 0 -> APIC 0x000e -> Node 0
[    0.014614] SRAT: PXM 0 -> APIC 0x000f -> Node 0
[    0.014615] SRAT: PXM 0 -> APIC 0x0010 -> Node 0
[    0.014615] SRAT: PXM 0 -> APIC 0x0011 -> Node 0
[    0.014615] SRAT: PXM 0 -> APIC 0x0012 -> Node 0
[    0.014616] SRAT: PXM 0 -> APIC 0x0013 -> Node 0
[    0.014616] SRAT: PXM 0 -> APIC 0x0014 -> Node 0
[    0.014617] SRAT: PXM 0 -> APIC 0x0015 -> Node 0
[    0.014617] SRAT: PXM 0 -> APIC 0x0016 -> Node 0
[    0.014617] SRAT: PXM 0 -> APIC 0x0017 -> Node 0
[    0.014618] SRAT: PXM 0 -> APIC 0x0018 -> Node 0
[    0.014618] SRAT: PXM 0 -> APIC 0x0019 -> Node 0
[    0.014619] SRAT: PXM 0 -> APIC 0x001a -> Node 0
[    0.014619] SRAT: PXM 0 -> APIC 0x001b -> Node 0
[    0.014620] SRAT: PXM 0 -> APIC 0x001c -> Node 0
[    0.014620] SRAT: PXM 0 -> APIC 0x001d -> Node 0
[    0.014620] SRAT: PXM 0 -> APIC 0x001e -> Node 0
[    0.014621] SRAT: PXM 0 -> APIC 0x001f -> Node 0
[    0.014621] SRAT: PXM 0 -> APIC 0x0020 -> Node 0
[    0.014622] SRAT: PXM 0 -> APIC 0x0021 -> Node 0
[    0.014622] SRAT: PXM 0 -> APIC 0x0022 -> Node 0
[    0.014622] SRAT: PXM 0 -> APIC 0x0023 -> Node 0
[    0.014623] SRAT: PXM 0 -> APIC 0x0024 -> Node 0
[    0.014623] SRAT: PXM 0 -> APIC 0x0025 -> Node 0
[    0.014624] SRAT: PXM 0 -> APIC 0x0026 -> Node 0
[    0.014624] SRAT: PXM 0 -> APIC 0x0027 -> Node 0
[    0.014625] SRAT: PXM 0 -> APIC 0x0028 -> Node 0
[    0.014625] SRAT: PXM 0 -> APIC 0x0029 -> Node 0
[    0.014625] SRAT: PXM 0 -> APIC 0x002a -> Node 0
[    0.014626] SRAT: PXM 0 -> APIC 0x002b -> Node 0
[    0.014626] SRAT: PXM 0 -> APIC 0x002c -> Node 0
[    0.014627] SRAT: PXM 0 -> APIC 0x002d -> Node 0
[    0.014627] SRAT: PXM 0 -> APIC 0x002e -> Node 0
[    0.014627] SRAT: PXM 0 -> APIC 0x002f -> Node 0
[    0.014628] SRAT: PXM 0 -> APIC 0x0030 -> Node 0
[    0.014628] SRAT: PXM 0 -> APIC 0x0031 -> Node 0
[    0.014629] SRAT: PXM 0 -> APIC 0x0032 -> Node 0
[    0.014629] SRAT: PXM 0 -> APIC 0x0033 -> Node 0
[    0.014629] SRAT: PXM 0 -> APIC 0x0034 -> Node 0
[    0.014630] SRAT: PXM 0 -> APIC 0x0035 -> Node 0
[    0.014630] SRAT: PXM 0 -> APIC 0x0036 -> Node 0
[    0.014631] SRAT: PXM 0 -> APIC 0x0037 -> Node 0
[    0.014631] SRAT: PXM 1 -> APIC 0x0080 -> Node 1
[    0.014632] SRAT: PXM 1 -> APIC 0x0081 -> Node 1
[    0.014632] SRAT: PXM 1 -> APIC 0x0082 -> Node 1
[    0.014633] SRAT: PXM 1 -> APIC 0x0083 -> Node 1
[    0.014633] SRAT: PXM 1 -> APIC 0x0084 -> Node 1
[    0.014633] SRAT: PXM 1 -> APIC 0x0085 -> Node 1
[    0.014634] SRAT: PXM 1 -> APIC 0x0086 -> Node 1
[    0.014634] SRAT: PXM 1 -> APIC 0x0087 -> Node 1
[    0.014635] SRAT: PXM 1 -> APIC 0x0088 -> Node 1
[    0.014635] SRAT: PXM 1 -> APIC 0x0089 -> Node 1
[    0.014635] SRAT: PXM 1 -> APIC 0x008a -> Node 1
[    0.014636] SRAT: PXM 1 -> APIC 0x008b -> Node 1
[    0.014636] SRAT: PXM 1 -> APIC 0x008c -> Node 1
[    0.014637] SRAT: PXM 1 -> APIC 0x008d -> Node 1
[    0.014637] SRAT: PXM 1 -> APIC 0x008e -> Node 1
[    0.014637] SRAT: PXM 1 -> APIC 0x008f -> Node 1
[    0.014638] SRAT: PXM 1 -> APIC 0x0090 -> Node 1
[    0.014638] SRAT: PXM 1 -> APIC 0x0091 -> Node 1
[    0.014639] SRAT: PXM 1 -> APIC 0x0092 -> Node 1
[    0.014639] SRAT: PXM 1 -> APIC 0x0093 -> Node 1
[    0.014640] SRAT: PXM 1 -> APIC 0x0094 -> Node 1
[    0.014640] SRAT: PXM 1 -> APIC 0x0095 -> Node 1
[    0.014640] SRAT: PXM 1 -> APIC 0x0096 -> Node 1
[    0.014641] SRAT: PXM 1 -> APIC 0x0097 -> Node 1
[    0.014641] SRAT: PXM 1 -> APIC 0x0098 -> Node 1
[    0.014642] SRAT: PXM 1 -> APIC 0x0099 -> Node 1
[    0.014642] SRAT: PXM 1 -> APIC 0x009a -> Node 1
[    0.014642] SRAT: PXM 1 -> APIC 0x009b -> Node 1
[    0.014643] SRAT: PXM 1 -> APIC 0x009c -> Node 1
[    0.014643] SRAT: PXM 1 -> APIC 0x009d -> Node 1
[    0.014644] SRAT: PXM 1 -> APIC 0x009e -> Node 1
[    0.014644] SRAT: PXM 1 -> APIC 0x009f -> Node 1
[    0.014644] SRAT: PXM 1 -> APIC 0x00a0 -> Node 1
[    0.014645] SRAT: PXM 1 -> APIC 0x00a1 -> Node 1
[    0.014645] SRAT: PXM 1 -> APIC 0x00a2 -> Node 1
[    0.014646] SRAT: PXM 1 -> APIC 0x00a3 -> Node 1
[    0.014646] SRAT: PXM 1 -> APIC 0x00a4 -> Node 1
[    0.014647] SRAT: PXM 1 -> APIC 0x00a5 -> Node 1
[    0.014647] SRAT: PXM 1 -> APIC 0x00a6 -> Node 1
[    0.014647] SRAT: PXM 1 -> APIC 0x00a7 -> Node 1
[    0.014648] SRAT: PXM 1 -> APIC 0x00a8 -> Node 1
[    0.014648] SRAT: PXM 1 -> APIC 0x00a9 -> Node 1
[    0.014649] SRAT: PXM 1 -> APIC 0x00aa -> Node 1
[    0.014649] SRAT: PXM 1 -> APIC 0x00ab -> Node 1
[    0.014649] SRAT: PXM 1 -> APIC 0x00ac -> Node 1
[    0.014650] SRAT: PXM 1 -> APIC 0x00ad -> Node 1
[    0.014650] SRAT: PXM 1 -> APIC 0x00ae -> Node 1
[    0.014651] SRAT: PXM 1 -> APIC 0x00af -> Node 1
[    0.014651] SRAT: PXM 1 -> APIC 0x00b0 -> Node 1
[    0.014651] SRAT: PXM 1 -> APIC 0x00b1 -> Node 1
[    0.014652] SRAT: PXM 1 -> APIC 0x00b2 -> Node 1
[    0.014652] SRAT: PXM 1 -> APIC 0x00b3 -> Node 1
[    0.014653] SRAT: PXM 1 -> APIC 0x00b4 -> Node 1
[    0.014653] SRAT: PXM 1 -> APIC 0x00b5 -> Node 1
[    0.014653] SRAT: PXM 1 -> APIC 0x00b6 -> Node 1
[    0.014654] SRAT: PXM 1 -> APIC 0x00b7 -> Node 1
[    0.014667] ACPI: SRAT: Node 0 PXM 0 [mem 0x00000000-0x7fffffff]
[    0.014667] ACPI: SRAT: Node 0 PXM 0 [mem 0x100000000-0x107fffffff]
[    0.014668] ACPI: SRAT: Node 2 PXM 2 [mem 0x2080000000-0x9e7fffffff] non-volatile
[    0.014669] ACPI: SRAT: Node 1 PXM 1 [mem 0x1080000000-0x207fffffff]
[    0.014670] ACPI: SRAT: Node 3 PXM 3 [mem 0x9e80000000-0x11c7fffffff] non-volatile
[    0.014679] NUMA: Initialized distance table, cnt=4
[    0.014681] NUMA: Node 0 [mem 0x00000000-0x7fffffff] + [mem 0x100000000-0x107fffffff] -> [mem 0x00000000-0x107fffffff]
[    0.014689] NODE_DATA(0) allocated [mem 0xffffd5000-0xfffffffff]
[    0.014708] NODE_DATA(1) allocated [mem 0x20658f2000-0x206591cfff]
[    0.014874] Zone ranges:
[    0.014874]   DMA      [mem 0x0000000000001000-0x0000000000ffffff]
[    0.014875]   DMA32    [mem 0x0000000001000000-0x00000000ffffffff]
[    0.014876]   Normal   [mem 0x0000000100000000-0x000000207fffffff]
[    0.014877]   Device   empty
[    0.014877] Movable zone start for each node
[    0.014881] Early memory node ranges
[    0.014882]   node   0: [mem 0x0000000000001000-0x000000000008efff]
[    0.014882]   node   0: [mem 0x0000000000090000-0x000000000009ffff]
[    0.014883]   node   0: [mem 0x0000000000100000-0x0000000049e76fff]
[    0.014883]   node   0: [mem 0x000000004ae77000-0x000000004b2cefff]
[    0.014884]   node   0: [mem 0x000000004b54e000-0x000000004bd93fff]
[    0.014884]   node   0: [mem 0x000000004be9a000-0x000000004cdfffff]
[    0.014885]   node   0: [mem 0x000000004d000000-0x000000005eefdfff]
[    0.014885]   node   0: [mem 0x000000006f7ff000-0x000000006f7fffff]
[    0.014886]   node   0: [mem 0x00000007c0000000-0x0000000fffffffff]
[    0.014888]   node   1: [mem 0x0000001dc0000000-0x000000207fffffff]
[    0.015321] Zeroed struct page in unavailable ranges: 42728 pages
[    0.015323] Initmem setup node 0 [mem 0x0000000000001000-0x0000000fffffffff]
[    0.015324] On node 0 totalpages: 9034008
[    0.015325]   DMA zone: 64 pages used for memmap
[    0.015326]   DMA zone: 1102 pages reserved
[    0.015326]   DMA zone: 3998 pages, LIFO batch:0
[    0.015367]   DMA32 zone: 5926 pages used for memmap
[    0.015368]   DMA32 zone: 379258 pages, LIFO batch:63
[    0.021162]   Normal zone: 135168 pages used for memmap
[    0.021163]   Normal zone: 8650752 pages, LIFO batch:63
[    0.116148] Initmem setup node 1 [mem 0x0000001dc0000000-0x000000207fffffff]
[    0.116151] On node 1 totalpages: 2883584
[    0.116152]   Normal zone: 45056 pages used for memmap
[    0.116152]   Normal zone: 2883584 pages, LIFO batch:63
[    0.147786] ACPI: PM-Timer IO Port: 0x508
[    0.147788] ACPI: Local APIC address 0xfee00000
[    0.147806] ACPI: X2APIC_NMI (uid[0xffffffff] high edge lint[0x1])
[    0.147808] ACPI: LAPIC_NMI (acpi_id[0xff] high edge lint[0x1])
[    0.147826] IOAPIC[0]: apic_id 8, version 32, address 0xfec00000, GSI 0-119
[    0.147828] ACPI: INT_SRC_OVR (bus 0 bus_irq 0 global_irq 2 dfl dfl)
[    0.147829] ACPI: INT_SRC_OVR (bus 0 bus_irq 9 global_irq 9 high level)
[    0.147831] ACPI: IRQ0 used by override.
[    0.147832] ACPI: IRQ9 used by override.
[    0.147834] Using ACPI (MADT) for SMP configuration information
[    0.147836] ACPI: HPET id: 0x8086a701 base: 0xfed00000
[    0.147840] smpboot: Allowing 112 CPUs, 0 hotplug CPUs
[    0.147864] PM: Registered nosave memory: [mem 0x00000000-0x00000fff]
[    0.147866] PM: Registered nosave memory: [mem 0x0008f000-0x0008ffff]
[    0.147867] PM: Registered nosave memory: [mem 0x000a0000-0x000fffff]
[    0.147868] PM: Registered nosave memory: [mem 0x47bad000-0x47badfff]
[    0.147870] PM: Registered nosave memory: [mem 0x47bde000-0x47bdefff]
[    0.147870] PM: Registered nosave memory: [mem 0x47bdf000-0x47bdffff]
[    0.147871] PM: Registered nosave memory: [mem 0x47c11000-0x47c11fff]
[    0.147872] PM: Registered nosave memory: [mem 0x47c12000-0x47c12fff]
[    0.147873] PM: Registered nosave memory: [mem 0x47c44000-0x47c44fff]
[    0.147874] PM: Registered nosave memory: [mem 0x47c45000-0x47c45fff]
[    0.147875] PM: Registered nosave memory: [mem 0x47c4d000-0x47c4dfff]
[    0.147876] PM: Registered nosave memory: [mem 0x49e77000-0x4ae76fff]
[    0.147877] PM: Registered nosave memory: [mem 0x4b2cf000-0x4b54dfff]
[    0.147879] PM: Registered nosave memory: [mem 0x4bd94000-0x4be99fff]
[    0.147880] PM: Registered nosave memory: [mem 0x4ce00000-0x4cffffff]
[    0.147881] PM: Registered nosave memory: [mem 0x5eefe000-0x6e3fefff]
[    0.147882] PM: Registered nosave memory: [mem 0x6e3ff000-0x6f3fefff]
[    0.147882] PM: Registered nosave memory: [mem 0x6f3ff000-0x6f7fefff]
[    0.147884] PM: Registered nosave memory: [mem 0x6f800000-0x8fffffff]
[    0.147884] PM: Registered nosave memory: [mem 0x90000000-0xfdffffff]
[    0.147884] PM: Registered nosave memory: [mem 0xfe000000-0xfe010fff]
[    0.147885] PM: Registered nosave memory: [mem 0xfe011000-0xffffffff]
[    0.147885] PM: Registered nosave memory: [mem 0x100000000-0x7bfffffff]
[    0.147887] PM: Registered nosave memory: [mem 0x1000000000-0x1dbfffffff]
[    0.147889] [mem 0x90000000-0xfdffffff] available for PCI devices
[    0.147890] Booting paravirtualized kernel on bare hardware
[    0.147892] clocksource: refined-jiffies: mask: 0xffffffff max_cycles: 0xffffffff, max_idle_ns: 7645519600211568 ns
[    0.147898] setup_percpu: NR_CPUS:8192 nr_cpumask_bits:112 nr_cpu_ids:112 nr_node_ids:4
[    0.152452] percpu: Embedded 55 pages/cpu s188416 r8192 d28672 u262144
[    0.152462] pcpu-alloc: s188416 r8192 d28672 u262144 alloc=1*2097152
[    0.152462] pcpu-alloc: [0] 000 002 004 006 008 010 012 014 
[    0.152465] pcpu-alloc: [0] 016 018 020 022 024 026 028 030 
[    0.152466] pcpu-alloc: [0] 032 034 036 038 040 042 044 046 
[    0.152468] pcpu-alloc: [0] 048 050 052 054 056 058 060 062 
[    0.152469] pcpu-alloc: [0] 064 066 068 070 072 074 076 078 
[    0.152471] pcpu-alloc: [0] 080 082 084 086 088 090 092 094 
[    0.152472] pcpu-alloc: [0] 096 098 100 102 104 106 108 110 
[    0.152474] pcpu-alloc: [1] 001 003 005 007 009 011 013 015 
[    0.152475] pcpu-alloc: [1] 017 019 021 023 025 027 029 031 
[    0.152476] pcpu-alloc: [1] 033 035 037 039 041 043 045 047 
[    0.152478] pcpu-alloc: [1] 049 051 053 055 057 059 061 063 
[    0.152479] pcpu-alloc: [1] 065 067 069 071 073 075 077 079 
[    0.152480] pcpu-alloc: [1] 081 083 085 087 089 091 093 095 
[    0.152482] pcpu-alloc: [1] 097 099 101 103 105 107 109 111 
[    0.152524] Built 2 zonelists, mobility grouping on.  Total pages: 11730276
[    0.152524] Policy zone: Normal
[    0.152526] Kernel command line: BOOT_IMAGE=/boot/vmlinuz-5.3.1-multiclock root=UUID=ce0c24b8-724b-4f33-9b2c-618433560aef ro memmap=27G!4G memmap=55G!64G quiet splash nomodeset vt.handoff=1
[    0.152631] You have booted with nomodeset. This means your GPU drivers are DISABLED
[    0.152631] Any video related functionality will be severely degraded, and you may not even be able to suspend the system properly
[    0.152632] Unless you actually understand what nomodeset does, you should reboot without enabling it
[    0.152649] printk: log_buf_len individual max cpu contribution: 4096 bytes
[    0.152650] printk: log_buf_len total cpu_extra contributions: 454656 bytes
[    0.152650] printk: log_buf_len min size: 262144 bytes
[    0.152807] printk: log_buf_len: 1048576 bytes
[    0.152808] printk: early log buf free: 221796(84%)
[    0.154311] mem auto-init: stack:off, heap alloc:on, heap free:off
[    0.160270] Calgary: detecting Calgary via BIOS EBDA area
[    0.160272] Calgary: Unable to locate Rio Grande table in EBDA - bailing!
[    0.260714] Memory: 46236464K/47670368K available (14339K kernel code, 2373K rwdata, 4660K rodata, 2680K init, 5056K bss, 1433904K reserved, 0K cma-reserved)
[    0.261353] SLUB: HWalign=64, Order=0-3, MinObjects=0, CPUs=112, Nodes=4
[    0.261383] ftrace: allocating 43047 entries in 169 pages
[    0.277718] rcu: Hierarchical RCU implementation.
[    0.277719] rcu: 	RCU restricting CPUs from NR_CPUS=8192 to nr_cpu_ids=112.
[    0.277720] 	Tasks RCU enabled.
[    0.277721] rcu: RCU calculated value of scheduler-enlistment delay is 25 jiffies.
[    0.277722] rcu: Adjusting geometry for rcu_fanout_leaf=16, nr_cpu_ids=112
[    0.280322] NR_IRQS: 524544, nr_irqs: 2952, preallocated irqs: 16
[    0.280700] random: crng done (trusting CPU's manufacturer)
[    0.280873] Console: colour dummy device 80x25
[    0.280887] printk: console [tty0] enabled
[    0.280979] mempolicy: Enabling automatic NUMA balancing. Configure with numa_balancing= or the kernel.numa_balancing sysctl
[    0.280981] ACPI: Core revision 20190703
[    0.284385] clocksource: hpet: mask: 0xffffffff max_cycles: 0xffffffff, max_idle_ns: 79635855245 ns
[    0.284427] APIC: Switch to symmetric I/O mode setup
[    0.284429] DMAR: Host address width 46
[    0.284430] DMAR: DRHD base: 0x000000d0ffc000 flags: 0x0
[    0.284435] DMAR: dmar0: reg_base_addr d0ffc000 ver 4:0 cap 8ed008c40780466 ecap 60000f050df
[    0.284436] DMAR: DRHD base: 0x000000dbbfc000 flags: 0x0
[    0.284439] DMAR: dmar1: reg_base_addr dbbfc000 ver 4:0 cap 8ed008c40780466 ecap 60000f050df
[    0.284440] DMAR: DRHD base: 0x000000e67fc000 flags: 0x0
[    0.284443] DMAR: dmar2: reg_base_addr e67fc000 ver 4:0 cap 8ed008c40780466 ecap 60000f050df
[    0.284444] DMAR: DRHD base: 0x000000f13fc000 flags: 0x0
[    0.284447] DMAR: dmar3: reg_base_addr f13fc000 ver 4:0 cap 8ed008c40780466 ecap 60000f050df
[    0.284448] DMAR: DRHD base: 0x000000fb7fc000 flags: 0x0
[    0.284451] DMAR: dmar4: reg_base_addr fb7fc000 ver 4:0 cap 8ed008c40780466 ecap 60000f050df
[    0.284452] DMAR: DRHD base: 0x000000a63fc000 flags: 0x0
[    0.284454] DMAR: dmar5: reg_base_addr a63fc000 ver 4:0 cap 8ed008c40780466 ecap 60000f050df
[    0.284455] DMAR: DRHD base: 0x000000b0ffc000 flags: 0x0
[    0.284458] DMAR: dmar6: reg_base_addr b0ffc000 ver 4:0 cap 8ed008c40780466 ecap 60000f050df
[    0.284458] DMAR: DRHD base: 0x000000bbbfc000 flags: 0x0
[    0.284463] DMAR: dmar7: reg_base_addr bbbfc000 ver 4:0 cap 8ed008c40780466 ecap 60000f050df
[    0.284464] DMAR: DRHD base: 0x000000c5ffc000 flags: 0x0
[    0.284466] DMAR: dmar8: reg_base_addr c5ffc000 ver 4:0 cap 8ed008c40780466 ecap 60000f050df
[    0.284467] DMAR: DRHD base: 0x0000009b7fc000 flags: 0x1
[    0.284470] DMAR: dmar9: reg_base_addr 9b7fc000 ver 4:0 cap 8ed008c40780466 ecap 60000f050df
[    0.284470] DMAR: RMRR base: 0x00000069427000 end: 0x00000069429fff
[    0.284471] DMAR: ATSR flags: 0x0
[    0.284473] DMAR-IR: IOAPIC id 8 under DRHD base  0x9b7fc000 IOMMU 9
[    0.284474] DMAR-IR: HPET id 0 under DRHD base 0x9b7fc000
[    0.284474] DMAR-IR: Queued invalidation will be enabled to support x2apic and Intr-remapping.
[    0.286995] DMAR-IR: Enabled IRQ remapping in x2apic mode
[    0.289633] ..TIMER: vector=0x30 apic1=0 pin1=2 apic2=-1 pin2=-1
[    0.308355] clocksource: tsc-early: mask: 0xffffffffffffffff max_cycles: 0x39a85c9bff6, max_idle_ns: 881590591483 ns
[    0.308359] Calibrating delay loop (skipped), value calculated using timer frequency.. 4000.00 BogoMIPS (lpj=8000000)
[    0.308361] pid_max: default: 114688 minimum: 896
[    0.312406] LSM: Security Framework initializing
[    0.312422] Yama: becoming mindful.
[    0.312798] AppArmor: AppArmor initialized
[    0.322025] Dentry cache hash table entries: 8388608 (order: 14, 67108864 bytes, vmalloc)
[    0.326709] Inode-cache hash table entries: 4194304 (order: 13, 33554432 bytes, vmalloc)
[    0.326900] Mount-cache hash table entries: 131072 (order: 8, 1048576 bytes, vmalloc)
[    0.327049] Mountpoint-cache hash table entries: 131072 (order: 8, 1048576 bytes, vmalloc)
[    0.327329] *** VALIDATE proc ***
[    0.327549] *** VALIDATE cgroup1 ***
[    0.327550] *** VALIDATE cgroup2 ***
[    0.327667] x86/tme: not enabled by BIOS
[    0.327670] x86/cpu: User Mode Instruction Prevention (UMIP) activated
[    0.327743] mce: CPU0: Thermal monitoring enabled (TM1)
[    0.327953] process: using mwait in idle threads
[    0.327955] Last level iTLB entries: 4KB 0, 2MB 0, 4MB 0
[    0.327956] Last level dTLB entries: 4KB 0, 2MB 0, 4MB 0, 1GB 0
[    0.327959] Spectre V1 : Mitigation: usercopy/swapgs barriers and __user pointer sanitization
[    0.327960] Spectre V2 : Mitigation: Enhanced IBRS
[    0.327961] Spectre V2 : Spectre v2 / SpectreRSB mitigation: Filling RSB on context switch
[    0.327962] Spectre V2 : mitigation: Enabling conditional Indirect Branch Prediction Barrier
[    0.327963] Speculative Store Bypass: Mitigation: Speculative Store Bypass disabled via prctl and seccomp
[    0.328228] Freeing SMP alternatives memory: 40K
[    0.332521] TSC deadline timer enabled
[    0.332529] smpboot: CPU0: Intel(R) Xeon(R) Gold 6330 CPU @ 2.00GHz (family: 0x6, model: 0x6a, stepping: 0x6)
[    0.332718] Performance Events: PEBS fmt4+-baseline, Icelake events, 32-deep LBR, full-width counters, Intel PMU driver.
[    0.332723] ... version:                5
[    0.332723] ... bit width:              48
[    0.332724] ... generic registers:      8
[    0.332724] ... value mask:             0000ffffffffffff
[    0.332725] ... max period:             00007fffffffffff
[    0.332725] ... fixed-purpose events:   4
[    0.332726] ... event mask:             0000000f000000ff
[    0.332838] rcu: Hierarchical SRCU implementation.
[    0.340024] NMI watchdog: Enabled. Permanently consumes one hw-PMU counter.
[    0.341311] smp: Bringing up secondary CPUs ...
[    0.341423] x86: Booting SMP configuration:
[    0.341424] .... node  #1, CPUs:          #1
[    0.003718] smpboot: CPU 1 Converting physical 0 to logical die 1
[    0.428465] .... node  #0, CPUs:     #2
[    0.433819] .... node  #1, CPUs:     #3
[    0.439218] .... node  #0, CPUs:     #4
[    0.444566] .... node  #1, CPUs:     #5
[    0.449916] .... node  #0, CPUs:     #6
[    0.455459] .... node  #1, CPUs:     #7
[    0.461004] .... node  #0, CPUs:     #8
[    0.466265] .... node  #1, CPUs:     #9
[    0.471964] .... node  #0, CPUs:    #10
[    0.477657] .... node  #1, CPUs:    #11
[    0.483347] .... node  #0, CPUs:    #12
[    0.488840] .... node  #1, CPUs:    #13
[    0.494152] .... node  #0, CPUs:    #14
[    0.499360] .... node  #1, CPUs:    #15
[    0.504641] .... node  #0, CPUs:    #16
[    0.509883] .... node  #1, CPUs:    #17
[    0.515163] .... node  #0, CPUs:    #18
[    0.520514] .... node  #1, CPUs:    #19
[    0.525986] .... node  #0, CPUs:    #20
[    0.531190] .... node  #1, CPUs:    #21
[    0.536748] .... node  #0, CPUs:    #22
[    0.542158] .... node  #1, CPUs:    #23
[    0.547383] .... node  #0, CPUs:    #24
[    0.552982] .... node  #1, CPUs:    #25
[    0.558280] .... node  #0, CPUs:    #26
[    0.563458] .... node  #1, CPUs:    #27
[    0.568723] .... node  #0, CPUs:    #28
[    0.574191] .... node  #1, CPUs:    #29
[    0.579451] .... node  #0, CPUs:    #30
[    0.584638] .... node  #1, CPUs:    #31
[    0.590063] .... node  #0, CPUs:    #32
[    0.595322] .... node  #1, CPUs:    #33
[    0.600651] .... node  #0, CPUs:    #34
[    0.606058] .... node  #1, CPUs:    #35
[    0.611327] .... node  #0, CPUs:    #36
[    0.616510] .... node  #1, CPUs:    #37
[    0.621779] .... node  #0, CPUs:    #38
[    0.627311] .... node  #1, CPUs:    #39
[    0.632795] .... node  #0, CPUs:    #40
[    0.638374] .... node  #1, CPUs:    #41
[    0.644070] .... node  #0, CPUs:    #42
[    0.649340] .... node  #1, CPUs:    #43
[    0.654943] .... node  #0, CPUs:    #44
[    0.660517] .... node  #1, CPUs:    #45
[    0.665712] .... node  #0, CPUs:    #46
[    0.671221] .... node  #1, CPUs:    #47
[    0.676636] .... node  #0, CPUs:    #48
[    0.681941] .... node  #1, CPUs:    #49
[    0.687340] .... node  #0, CPUs:    #50
[    0.692791] .... node  #1, CPUs:    #51
[    0.698391] .... node  #0, CPUs:    #52
[    0.703832] .... node  #1, CPUs:    #53
[    0.709374] .... node  #0, CPUs:    #54
[    0.715053] .... node  #1, CPUs:    #55
[    0.720822] .... node  #0, CPUs:    #56
[    0.726598] .... node  #1, CPUs:    #57
[    0.732467] .... node  #0, CPUs:    #58
[    0.737831] .... node  #1, CPUs:    #59
[    0.743242] .... node  #0, CPUs:    #60
[    0.748586] .... node  #1, CPUs:    #61
[    0.753947] .... node  #0, CPUs:    #62
[    0.759508] .... node  #1, CPUs:    #63
[    0.765078] .... node  #0, CPUs:    #64
[    0.770357] .... node  #1, CPUs:    #65
[    0.776062] .... node  #0, CPUs:    #66
[    0.781773] .... node  #1, CPUs:    #67
[    0.787494] .... node  #0, CPUs:    #68
[    0.792983] .... node  #1, CPUs:    #69
[    0.798316] .... node  #0, CPUs:    #70
[    0.803523] .... node  #1, CPUs:    #71
[    0.808821] .... node  #0, CPUs:    #72
[    0.814069] .... node  #1, CPUs:    #73
[    0.819368] .... node  #0, CPUs:    #74
[    0.824604] .... node  #1, CPUs:    #75
[    0.830233] .... node  #0, CPUs:    #76
[    0.835451] .... node  #1, CPUs:    #77
[    0.841039] .... node  #0, CPUs:    #78
[    0.846459] .... node  #1, CPUs:    #79
[    0.851722] .... node  #0, CPUs:    #80
[    0.857337] .... node  #1, CPUs:    #81
[    0.862660] .... node  #0, CPUs:    #82
[    0.867860] .... node  #1, CPUs:    #83
[    0.873147] .... node  #0, CPUs:    #84
[    0.878641] .... node  #1, CPUs:    #85
[    0.883928] .... node  #0, CPUs:    #86
[    0.889125] .... node  #1, CPUs:    #87
[    0.894594] .... node  #0, CPUs:    #88
[    0.899864] .... node  #1, CPUs:    #89
[    0.905223] .... node  #0, CPUs:    #90
[    0.910635] .... node  #1, CPUs:    #91
[    0.915932] .... node  #0, CPUs:    #92
[    0.921120] .... node  #1, CPUs:    #93
[    0.926423] .... node  #0, CPUs:    #94
[    0.931969] .... node  #1, CPUs:    #95
[    0.937466] .... node  #0, CPUs:    #96
[    0.943053] .... node  #1, CPUs:    #97
[    0.948774] .... node  #0, CPUs:    #98
[    0.954065] .... node  #1, CPUs:    #99
[    0.959693] .... node  #0, CPUs:   #100
[    0.965037] .... node  #1, CPUs:   #101
[    0.970482] .... node  #0, CPUs:   #102
[    0.976010] .... node  #1, CPUs:   #103
[    0.981426] .... node  #0, CPUs:   #104
[    0.986760] .... node  #1, CPUs:   #105
[    0.992385] .... node  #0, CPUs:   #106
[    0.997640] .... node  #1, CPUs:   #107
[    1.003273] .... node  #0, CPUs:   #108
[    1.008712] .... node  #1, CPUs:   #109
[    1.014302] .... node  #0, CPUs:   #110
[    1.019978] .... node  #1, CPUs:   #111
[    1.025753] smp: Brought up 2 nodes, 112 CPUs
[    1.025753] smpboot: Max logical packages: 2
[    1.025753] smpboot: Total of 112 processors activated (448063.42 BogoMIPS)
[    1.035266] devtmpfs: initialized
[    1.035266] x86/mm: Memory block size: 2048MB
[    1.035266] PM: Registering ACPI NVS region [mem 0x49e77000-0x4ae76fff] (16777216 bytes)
[    1.035266] PM: Registering ACPI NVS region [mem 0x6e3ff000-0x6f3fefff] (16777216 bytes)
[    1.036496] clocksource: jiffies: mask: 0xffffffff max_cycles: 0xffffffff, max_idle_ns: 7645041785100000 ns
[    1.036690] futex hash table entries: 32768 (order: 9, 2097152 bytes, vmalloc)
[    1.037278] pinctrl core: initialized pinctrl subsystem
[    1.037401] PM: RTC time: 10:47:36, date: 2024-04-27
[    1.037660] NET: Registered protocol family 16
[    1.037771] audit: initializing netlink subsys (disabled)
[    1.037776] audit: type=2000 audit(1714214856.756:1): state=initialized audit_enabled=0 res=1
[    1.037776] EISA bus registered
[    1.037776] cpuidle: using governor ladder
[    1.037776] cpuidle: using governor menu
[    1.037776] ACPI FADT declares the system doesn't support PCIe ASPM, so disable it
[    1.037776] ACPI: bus type PCI registered
[    1.037776] acpiphp: ACPI Hot Plug PCI Controller Driver version: 0.5
[    1.037776] PCI: MMCONFIG for domain 0000 [bus 00-ff] at [mem 0x80000000-0x8fffffff] (base 0x80000000)
[    1.037776] PCI: MMCONFIG at [mem 0x80000000-0x8fffffff] reserved in E820
[    1.037776] pmd_set_huge: Cannot satisfy [mem 0x80000000-0x80200000] with a huge-page mapping due to MTRR override.
[    1.037776] PCI: Using configuration type 1 for base access
[    1.037776] PCI: Dell System detected, enabling pci=bfsort.
[    1.041397] ENERGY_PERF_BIAS: Set to 'normal', was 'performance'
[    1.044924] HugeTLB registered 1.00 GiB page size, pre-allocated 0 pages
[    1.044924] HugeTLB registered 2.00 MiB page size, pre-allocated 0 pages
[    1.048772] ACPI: Added _OSI(Module Device)
[    1.048773] ACPI: Added _OSI(Processor Device)
[    1.048774] ACPI: Added _OSI(3.0 _SCP Extensions)
[    1.048774] ACPI: Added _OSI(Processor Aggregator Device)
[    1.048776] ACPI: Added _OSI(Linux-Dell-Video)
[    1.048776] ACPI: Added _OSI(Linux-Lenovo-NV-HDMI-Audio)
[    1.048777] ACPI: Added _OSI(Linux-HPI-Hybrid-Graphics)
[    1.214298] ACPI: 8 ACPI AML tables successfully acquired and loaded
[    1.221406] ACPI: [Firmware Bug]: BIOS _OSI(Linux) query ignored
[    1.228031] ACPI: Dynamic OEM Table Load:
[    1.622534] ACPI: Interpreter enabled
[    1.622551] ACPI: (supports S0 S5)
[    1.622552] ACPI: Using IOAPIC for interrupt routing
[    1.622638] HEST: Table parsing has been initialized.
[    1.622640] PCI: Using host bridge windows from ACPI; if necessary, use "pci=nocrs" and report a bug
[    1.651556] ACPI: Enabled 4 GPEs in block 00 to 7F
[    1.776152] ACPI: PCI Root Bridge [PC00] (domain 0000 [bus 00-15])
[    1.776157] acpi PNP0A08:00: _OSC: OS supports [ExtendedConfig ASPM ClockPM Segments MSI HPX-Type3]
[    1.776234] acpi PNP0A08:00: PCIe AER handled by firmware
[    1.776345] acpi PNP0A08:00: _OSC: platform does not support [SHPCHotplug LTR]
[    1.776553] acpi PNP0A08:00: _OSC: OS now controls [PCIeHotplug PME PCIeCapability]
[    1.776553] acpi PNP0A08:00: FADT indicates ASPM is unsupported, using BIOS configuration
[    1.778347] PCI host bridge to bus 0000:00
[    1.778349] pci_bus 0000:00: root bus resource [io  0x0000-0x0cf7 window]
[    1.778350] pci_bus 0000:00: root bus resource [io  0x1000-0x4fff window]
[    1.778351] pci_bus 0000:00: root bus resource [mem 0x000a0000-0x000bffff window]
[    1.778352] pci_bus 0000:00: root bus resource [mem 0x000c8000-0x000cffff window]
[    1.778352] pci_bus 0000:00: root bus resource [mem 0xfe010000-0xfe010fff window]
[    1.778353] pci_bus 0000:00: root bus resource [mem 0x90000000-0x9b7fffff window]
[    1.778354] pci_bus 0000:00: root bus resource [mem 0x200000000000-0x20ffffffffff window]
[    1.778355] pci_bus 0000:00: root bus resource [bus 00-15]
[    1.778364] pci 0000:00:00.0: [8086:09a2] type 00 class 0x088000
[    1.779091] pci 0000:00:00.1: [8086:09a4] type 00 class 0x088000
[    1.779802] pci 0000:00:00.2: [8086:09a3] type 00 class 0x088000
[    1.780514] pci 0000:00:00.4: [8086:0998] type 00 class 0x060000
[    1.781228] pci 0000:00:02.0: [8086:09a6] type 00 class 0x088000
[    1.781238] pci 0000:00:02.0: reg 0x10: [mem 0x92dfc000-0x92dfdfff]
[    1.781940] pci 0000:00:02.1: [8086:09a7] type 00 class 0x088000
[    1.781949] pci 0000:00:02.1: reg 0x10: [mem 0x92d00000-0x92d7ffff]
[    1.781954] pci 0000:00:02.1: reg 0x14: [mem 0x92c80000-0x92cfffff]
[    1.782655] pci 0000:00:02.4: [8086:3456] type 00 class 0x130000
[    1.782666] pci 0000:00:02.4: reg 0x10: [mem 0x92a00000-0x92afffff 64bit]
[    1.782672] pci 0000:00:02.4: reg 0x18: [mem 0x92df0000-0x92df3fff 64bit]
[    1.782678] pci 0000:00:02.4: reg 0x20: [mem 0x92dc0000-0x92ddffff 64bit]
[    1.783392] pci 0000:00:11.0: [8086:a1ec] type 00 class 0xff0000
[    1.784166] pci 0000:00:11.5: [8086:a1d2] type 00 class 0x010601
[    1.784183] pci 0000:00:11.5: reg 0x10: [mem 0x92dfa000-0x92dfbfff]
[    1.784190] pci 0000:00:11.5: reg 0x14: [mem 0x92e05000-0x92e050ff]
[    1.784197] pci 0000:00:11.5: reg 0x18: [io  0x2068-0x206f]
[    1.784204] pci 0000:00:11.5: reg 0x1c: [io  0x2074-0x2077]
[    1.784211] pci 0000:00:11.5: reg 0x20: [io  0x2040-0x205f]
[    1.784218] pci 0000:00:11.5: reg 0x24: [mem 0x92b80000-0x92bfffff]
[    1.784256] pci 0000:00:11.5: PME# supported from D3hot
[    1.784981] pci 0000:00:14.0: [8086:a1af] type 00 class 0x0c0330
[    1.785003] pci 0000:00:14.0: reg 0x10: [mem 0x92de0000-0x92deffff 64bit]
[    1.785067] pci 0000:00:14.0: PME# supported from D3hot D3cold
[    1.785787] pci 0000:00:14.2: [8086:a1b1] type 00 class 0x118000
[    1.785807] pci 0000:00:14.2: reg 0x10: [mem 0x92e02000-0x92e02fff 64bit]
[    1.786555] pci 0000:00:16.0: [8086:a1ba] type 00 class 0x078000
[    1.786584] pci 0000:00:16.0: reg 0x10: [mem 0x92e01000-0x92e01fff 64bit]
[    1.786669] pci 0000:00:16.0: PME# supported from D3hot
[    1.787358] pci 0000:00:16.1: [8086:a1bb] type 00 class 0x078000
[    1.787386] pci 0000:00:16.1: reg 0x10: [mem 0x92e00000-0x92e00fff 64bit]
[    1.787471] pci 0000:00:16.1: PME# supported from D3hot
[    1.788163] pci 0000:00:16.4: [8086:a1be] type 00 class 0x078000
[    1.788191] pci 0000:00:16.4: reg 0x10: [mem 0x92dff000-0x92dfffff 64bit]
[    1.788276] pci 0000:00:16.4: PME# supported from D3hot
[    1.788969] pci 0000:00:17.0: [8086:a182] type 00 class 0x010601
[    1.788985] pci 0000:00:17.0: reg 0x10: [mem 0x92df8000-0x92df9fff]
[    1.788992] pci 0000:00:17.0: reg 0x14: [mem 0x92e04000-0x92e040ff]
[    1.788999] pci 0000:00:17.0: reg 0x18: [io  0x2060-0x2067]
[    1.789006] pci 0000:00:17.0: reg 0x1c: [io  0x2070-0x2073]
[    1.789013] pci 0000:00:17.0: reg 0x20: [io  0x2020-0x203f]
[    1.789020] pci 0000:00:17.0: reg 0x24: [mem 0x92b00000-0x92b7ffff]
[    1.789057] pci 0000:00:17.0: PME# supported from D3hot
[    1.789780] pci 0000:00:1c.0: [8086:a190] type 01 class 0x060400
[    1.789858] pci 0000:00:1c.0: PME# supported from D0 D3hot D3cold
[    1.790627] pci 0000:00:1c.4: [8086:a194] type 01 class 0x060400
[    1.790700] pci 0000:00:1c.4: PME# supported from D0 D3hot D3cold
[    1.791461] pci 0000:00:1c.5: [8086:a195] type 01 class 0x060400
[    1.791534] pci 0000:00:1c.5: PME# supported from D0 D3hot D3cold
[    1.792303] pci 0000:00:1f.0: [8086:a1cb] type 00 class 0x060100
[    1.793119] pci 0000:00:1f.2: [8086:a1a1] type 00 class 0x058000
[    1.793135] pci 0000:00:1f.2: reg 0x10: [mem 0x92df4000-0x92df7fff]
[    1.793890] pci 0000:00:1f.4: [8086:a1a3] type 00 class 0x0c0500
[    1.793909] pci 0000:00:1f.4: reg 0x10: [mem 0x92dfe000-0x92dfe0ff 64bit]
[    1.793932] pci 0000:00:1f.4: reg 0x20: [io  0x2000-0x201f]
[    1.794624] pci 0000:00:1f.5: [8086:a1a4] type 00 class 0x0c8000
[    1.794640] pci 0000:00:1f.5: reg 0x10: [mem 0xfe010000-0xfe010fff]
[    1.795398] pci 0000:00:1c.0: PCI bridge to [bus 01]
[    1.795445] pci 0000:02:00.0: [1556:be00] type 01 class 0x060400
[    1.795613] pci 0000:00:1c.4: PCI bridge to [bus 02-03]
[    1.795616] pci 0000:00:1c.4:   bridge window [mem 0x92000000-0x928fffff]
[    1.795620] pci 0000:00:1c.4:   bridge window [mem 0x91000000-0x91ffffff 64bit pref]
[    1.795652] pci_bus 0000:03: extended config space not accessible
[    1.795668] pci 0000:03:00.0: [102b:0536] type 00 class 0x030000
[    1.795688] pci 0000:03:00.0: reg 0x10: [mem 0x91000000-0x91ffffff pref]
[    1.795698] pci 0000:03:00.0: reg 0x14: [mem 0x92808000-0x9280bfff]
[    1.795708] pci 0000:03:00.0: reg 0x18: [mem 0x92000000-0x927fffff]
[    1.795755] pci 0000:03:00.0: BAR 0: assigned to efifb
[    1.795850] pci 0000:02:00.0: PCI bridge to [bus 03]
[    1.795858] pci 0000:02:00.0:   bridge window [mem 0x92000000-0x928fffff]
[    1.795864] pci 0000:02:00.0:   bridge window [mem 0x91000000-0x91ffffff 64bit pref]
[    1.795928] pci 0000:04:00.0: [14e4:165f] type 00 class 0x020000
[    1.795960] pci 0000:04:00.0: reg 0x10: [mem 0x92930000-0x9293ffff 64bit pref]
[    1.795975] pci 0000:04:00.0: reg 0x18: [mem 0x92940000-0x9294ffff 64bit pref]
[    1.795991] pci 0000:04:00.0: reg 0x20: [mem 0x92950000-0x9295ffff 64bit pref]
[    1.796001] pci 0000:04:00.0: reg 0x30: [mem 0xfffc0000-0xffffffff pref]
[    1.796093] pci 0000:04:00.0: PME# supported from D0 D3hot D3cold
[    1.796132] pci 0000:04:00.0: 4.000 Gb/s available PCIe bandwidth, limited by 5 GT/s x1 link at 0000:00:1c.5 (capable of 8.000 Gb/s with 5 GT/s x2 link)
[    1.796261] pci 0000:04:00.1: [14e4:165f] type 00 class 0x020000
[    1.796293] pci 0000:04:00.1: reg 0x10: [mem 0x92900000-0x9290ffff 64bit pref]
[    1.796308] pci 0000:04:00.1: reg 0x18: [mem 0x92910000-0x9291ffff 64bit pref]
[    1.796324] pci 0000:04:00.1: reg 0x20: [mem 0x92920000-0x9292ffff 64bit pref]
[    1.796334] pci 0000:04:00.1: reg 0x30: [mem 0xfffc0000-0xffffffff pref]
[    1.796426] pci 0000:04:00.1: PME# supported from D0 D3hot D3cold
[    1.796574] pci 0000:00:1c.5: PCI bridge to [bus 04]
[    1.796581] pci 0000:00:1c.5:   bridge window [mem 0x92900000-0x929fffff 64bit pref]
[    1.796595] pci_bus 0000:00: on NUMA node 0
[    1.797147] ACPI: PCI Root Bridge [PC01] (domain 0000 [bus 16-2f])
[    1.797150] acpi PNP0A08:01: _OSC: OS supports [ExtendedConfig ASPM ClockPM Segments MSI HPX-Type3]
[    1.797247] acpi PNP0A08:01: PCIe AER handled by firmware
[    1.797353] acpi PNP0A08:01: _OSC: platform does not support [SHPCHotplug]
[    1.797554] acpi PNP0A08:01: _OSC: OS now controls [PCIeHotplug PME PCIeCapability LTR]
[    1.797554] acpi PNP0A08:01: FADT indicates ASPM is unsupported, using BIOS configuration
[    1.797676] PCI host bridge to bus 0000:16
[    1.797677] pci_bus 0000:16: root bus resource [io  0x5000-0x6fff window]
[    1.797678] pci_bus 0000:16: root bus resource [mem 0x9b800000-0xa63fffff window]
[    1.797679] pci_bus 0000:16: root bus resource [mem 0x210000000000-0x21ffffffffff window]
[    1.797680] pci_bus 0000:16: root bus resource [bus 16-2f]
[    1.797687] pci 0000:16:00.0: [8086:09a2] type 00 class 0x088000
[    1.797752] pci 0000:16:00.1: [8086:09a4] type 00 class 0x088000
[    1.797815] pci 0000:16:00.2: [8086:09a3] type 00 class 0x088000
[    1.797878] pci 0000:16:00.4: [8086:0998] type 00 class 0x060000
[    1.797940] pci 0000:16:02.0: [8086:347a] type 01 class 0x060400
[    1.797953] pci 0000:16:02.0: reg 0x10: [mem 0x21fffff00000-0x21fffff1ffff 64bit]
[    1.797990] pci 0000:16:02.0: PME# supported from D0 D3hot D3cold
[    1.798286] pci 0000:17:00.0: [1000:10e2] type 00 class 0x010400
[    1.798305] pci 0000:17:00.0: reg 0x10: [mem 0x9b800000-0x9b8fffff 64bit pref]
[    1.798313] pci 0000:17:00.0: reg 0x18: [mem 0x9b900000-0x9b9fffff 64bit pref]
[    1.798318] pci 0000:17:00.0: reg 0x20: [mem 0x9ba00000-0x9bafffff]
[    1.798324] pci 0000:17:00.0: reg 0x24: [io  0x5000-0x50ff]
[    1.798329] pci 0000:17:00.0: reg 0x30: [mem 0xfff00000-0xffffffff pref]
[    1.799543] pci 0000:17:00.0: supports D1 D2
[    1.799593] pci 0000:16:02.0: PCI bridge to [bus 17]
[    1.799594] pci 0000:16:02.0:   bridge window [io  0x5000-0x5fff]
[    1.799596] pci 0000:16:02.0:   bridge window [mem 0x9ba00000-0x9bafffff]
[    1.799598] pci 0000:16:02.0:   bridge window [mem 0x9b800000-0x9b9fffff 64bit pref]
[    1.799604] pci_bus 0000:16: on NUMA node 0
[    1.799668] ACPI: PCI Root Bridge [PC02] (domain 0000 [bus 30-49])
[    1.799670] acpi PNP0A08:02: _OSC: OS supports [ExtendedConfig ASPM ClockPM Segments MSI HPX-Type3]
[    1.799765] acpi PNP0A08:02: PCIe AER handled by firmware
[    1.799870] acpi PNP0A08:02: _OSC: platform does not support [SHPCHotplug]
[    1.800071] acpi PNP0A08:02: _OSC: OS now controls [PCIeHotplug PME PCIeCapability LTR]
[    1.800072] acpi PNP0A08:02: FADT indicates ASPM is unsupported, using BIOS configuration
[    1.800188] PCI host bridge to bus 0000:30
[    1.800189] pci_bus 0000:30: root bus resource [io  0x7000-0x8fff window]
[    1.800190] pci_bus 0000:30: root bus resource [mem 0xa6400000-0xb0ffffff window]
[    1.800191] pci_bus 0000:30: root bus resource [mem 0x220000000000-0x22ffffffffff window]
[    1.800192] pci_bus 0000:30: root bus resource [bus 30-49]
[    1.800199] pci 0000:30:00.0: [8086:09a2] type 00 class 0x088000
[    1.800263] pci 0000:30:00.1: [8086:09a4] type 00 class 0x088000
[    1.800324] pci 0000:30:00.2: [8086:09a3] type 00 class 0x088000
[    1.800387] pci 0000:30:00.4: [8086:0998] type 00 class 0x060000
[    1.800458] pci_bus 0000:30: on NUMA node 0
[    1.800546] ACPI: PCI Root Bridge [PC04] (domain 0000 [bus 4a-63])
[    1.800548] acpi PNP0A08:04: _OSC: OS supports [ExtendedConfig ASPM ClockPM Segments MSI HPX-Type3]
[    1.800640] acpi PNP0A08:04: PCIe AER handled by firmware
[    1.800746] acpi PNP0A08:04: _OSC: platform does not support [SHPCHotplug]
[    1.800945] acpi PNP0A08:04: _OSC: OS now controls [PCIeHotplug PME PCIeCapability LTR]
[    1.800946] acpi PNP0A08:04: FADT indicates ASPM is unsupported, using BIOS configuration
[    1.801055] PCI host bridge to bus 0000:4a
[    1.801056] pci_bus 0000:4a: root bus resource [io  0x9000-0x9fff window]
[    1.801057] pci_bus 0000:4a: root bus resource [mem 0xb1000000-0xbbbfffff window]
[    1.801058] pci_bus 0000:4a: root bus resource [mem 0x230000000000-0x23ffffffffff window]
[    1.801058] pci_bus 0000:4a: root bus resource [bus 4a-63]
[    1.801065] pci 0000:4a:00.0: [8086:09a2] type 00 class 0x088000
[    1.801128] pci 0000:4a:00.1: [8086:09a4] type 00 class 0x088000
[    1.801187] pci 0000:4a:00.2: [8086:09a3] type 00 class 0x088000
[    1.801253] pci 0000:4a:00.4: [8086:0998] type 00 class 0x060000
[    1.801322] pci_bus 0000:4a: on NUMA node 0
[    1.801381] ACPI: PCI Root Bridge [PC05] (domain 0000 [bus 64-7d])
[    1.801383] acpi PNP0A08:05: _OSC: OS supports [ExtendedConfig ASPM ClockPM Segments MSI HPX-Type3]
[    1.801472] acpi PNP0A08:05: PCIe AER handled by firmware
[    1.801576] acpi PNP0A08:05: _OSC: platform does not support [SHPCHotplug]
[    1.801774] acpi PNP0A08:05: _OSC: OS now controls [PCIeHotplug PME PCIeCapability LTR]
[    1.801775] acpi PNP0A08:05: FADT indicates ASPM is unsupported, using BIOS configuration
[    1.801883] PCI host bridge to bus 0000:64
[    1.801884] pci_bus 0000:64: root bus resource [io  0xa000-0xafff window]
[    1.801885] pci_bus 0000:64: root bus resource [mem 0xbbc00000-0xc5ffffff window]
[    1.801886] pci_bus 0000:64: root bus resource [mem 0x240000000000-0x24ffffffffff window]
[    1.801887] pci_bus 0000:64: root bus resource [bus 64-7d]
[    1.801893] pci 0000:64:00.0: [8086:09a2] type 00 class 0x088000
[    1.801956] pci 0000:64:00.1: [8086:09a4] type 00 class 0x088000
[    1.802018] pci 0000:64:00.2: [8086:09a3] type 00 class 0x088000
[    1.802080] pci 0000:64:00.4: [8086:0998] type 00 class 0x060000
[    1.802149] pci_bus 0000:64: on NUMA node 0
[    1.802206] ACPI: PCI Root Bridge [UC06] (domain 0000 [bus 7e])
[    1.802208] acpi PNP0A03:00: _OSC: OS supports [ExtendedConfig ASPM ClockPM Segments MSI HPX-Type3]
[    1.802282] acpi PNP0A03:00: PCIe AER handled by firmware
[    1.802372] acpi PNP0A03:00: _OSC: platform does not support [SHPCHotplug LTR]
[    1.802541] acpi PNP0A03:00: _OSC: OS now controls [PCIeHotplug PME PCIeCapability]
[    1.802541] acpi PNP0A03:00: FADT indicates ASPM is unsupported, using BIOS configuration
[    1.802673] PCI host bridge to bus 0000:7e
[    1.802674] pci_bus 0000:7e: root bus resource [bus 7e]
[    1.802680] pci 0000:7e:00.0: [8086:3450] type 00 class 0x088000
[    1.802748] pci 0000:7e:00.1: [8086:3451] type 00 class 0x088000
[    1.802811] pci 0000:7e:00.2: [8086:3452] type 00 class 0x088000
[    1.802883] pci 0000:7e:00.3: [8086:0998] type 00 class 0x060000
[    1.802947] pci 0000:7e:00.5: [8086:3455] type 00 class 0x088000
[    1.803016] pci 0000:7e:02.0: [8086:3440] type 00 class 0x088000
[    1.803138] pci 0000:7e:02.1: [8086:3441] type 00 class 0x088000
[    1.803251] pci 0000:7e:02.2: [8086:3442] type 00 class 0x088000
[    1.803365] pci 0000:7e:03.0: [8086:3440] type 00 class 0x088000
[    1.803454] pci 0000:7e:03.1: [8086:3441] type 00 class 0x088000
[    1.803535] pci 0000:7e:03.2: [8086:3442] type 00 class 0x088000
[    1.803627] pci 0000:7e:04.0: [8086:3440] type 00 class 0x088000
[    1.803753] pci 0000:7e:04.1: [8086:3441] type 00 class 0x088000
[    1.803874] pci 0000:7e:04.2: [8086:3442] type 00 class 0x088000
[    1.803998] pci 0000:7e:04.3: [8086:3443] type 00 class 0x088000
[    1.804123] pci 0000:7e:05.0: [8086:3445] type 00 class 0x088000
[    1.804250] pci 0000:7e:05.1: [8086:3446] type 00 class 0x088000
[    1.804368] pci 0000:7e:05.2: [8086:3447] type 00 class 0x088000
[    1.804484] pci 0000:7e:06.0: [8086:3445] type 00 class 0x088000
[    1.804576] pci 0000:7e:06.1: [8086:3446] type 00 class 0x088000
[    1.804665] pci 0000:7e:06.2: [8086:3447] type 00 class 0x088000
[    1.804757] pci 0000:7e:07.0: [8086:3445] type 00 class 0x088000
[    1.804884] pci 0000:7e:07.1: [8086:3446] type 00 class 0x088000
[    1.805009] pci 0000:7e:07.2: [8086:3447] type 00 class 0x088000
[    1.805134] pci 0000:7e:0b.0: [8086:3448] type 00 class 0x088000
[    1.805209] pci 0000:7e:0b.1: [8086:3448] type 00 class 0x088000
[    1.805283] pci 0000:7e:0b.2: [8086:344b] type 00 class 0x088000
[    1.805365] pci 0000:7e:0c.0: [8086:344a] type 00 class 0x110100
[    1.805463] pci 0000:7e:0d.0: [8086:344a] type 00 class 0x110100
[    1.805558] pci 0000:7e:0e.0: [8086:344a] type 00 class 0x110100
[    1.805708] pci 0000:7e:0f.0: [8086:344a] type 00 class 0x110100
[    1.805868] pci 0000:7e:1a.0: [8086:2880] type 00 class 0x110100
[    1.805964] pci 0000:7e:1b.0: [8086:2880] type 00 class 0x110100
[    1.806056] pci 0000:7e:1c.0: [8086:2880] type 00 class 0x110100
[    1.806210] pci 0000:7e:1d.0: [8086:2880] type 00 class 0x110100
[    1.806373] pci_bus 0000:7e: on NUMA node 0
[    1.806449] ACPI: PCI Root Bridge [UC07] (domain 0000 [bus 7f])
[    1.806451] acpi PNP0A03:01: _OSC: OS supports [ExtendedConfig ASPM ClockPM Segments MSI HPX-Type3]
[    1.806531] acpi PNP0A03:01: PCIe AER handled by firmware
[    1.806623] acpi PNP0A03:01: _OSC: platform does not support [SHPCHotplug LTR]
[    1.806794] acpi PNP0A03:01: _OSC: OS now controls [PCIeHotplug PME PCIeCapability]
[    1.806795] acpi PNP0A03:01: FADT indicates ASPM is unsupported, using BIOS configuration
[    1.806939] PCI host bridge to bus 0000:7f
[    1.806940] pci_bus 0000:7f: root bus resource [bus 7f]
[    1.806949] pci 0000:7f:00.0: [8086:344c] type 00 class 0x088000
[    1.807058] pci 0000:7f:00.1: [8086:344c] type 00 class 0x088000
[    1.807176] pci 0000:7f:00.2: [8086:344c] type 00 class 0x088000
[    1.807296] pci 0000:7f:00.3: [8086:344c] type 00 class 0x088000
[    1.807392] pci 0000:7f:00.4: [8086:344c] type 00 class 0x088000
[    1.807520] pci 0000:7f:00.5: [8086:344c] type 00 class 0x088000
[    1.807647] pci 0000:7f:00.6: [8086:344c] type 00 class 0x088000
[    1.807732] pci 0000:7f:00.7: [8086:344c] type 00 class 0x088000
[    1.807827] pci 0000:7f:01.0: [8086:344c] type 00 class 0x088000
[    1.807964] pci 0000:7f:01.1: [8086:344c] type 00 class 0x088000
[    1.808091] pci 0000:7f:01.2: [8086:344c] type 00 class 0x088000
[    1.808178] pci 0000:7f:01.3: [8086:344c] type 00 class 0x088000
[    1.808316] pci 0000:7f:01.4: [8086:344c] type 00 class 0x088000
[    1.808453] pci 0000:7f:01.5: [8086:344c] type 00 class 0x088000
[    1.808594] pci 0000:7f:01.6: [8086:344c] type 00 class 0x088000
[    1.808723] pci 0000:7f:01.7: [8086:344c] type 00 class 0x088000
[    1.808860] pci 0000:7f:02.0: [8086:344c] type 00 class 0x088000
[    1.808999] pci 0000:7f:02.1: [8086:344c] type 00 class 0x088000
[    1.809137] pci 0000:7f:02.2: [8086:344c] type 00 class 0x088000
[    1.809275] pci 0000:7f:02.3: [8086:344c] type 00 class 0x088000
[    1.809421] pci 0000:7f:02.4: [8086:344c] type 00 class 0x088000
[    1.809565] pci 0000:7f:02.5: [8086:344c] type 00 class 0x088000
[    1.809708] pci 0000:7f:02.6: [8086:344c] type 00 class 0x088000
[    1.809861] pci 0000:7f:02.7: [8086:344c] type 00 class 0x088000
[    1.810020] pci 0000:7f:03.0: [8086:344c] type 00 class 0x088000
[    1.810171] pci 0000:7f:03.1: [8086:344c] type 00 class 0x088000
[    1.810329] pci 0000:7f:03.2: [8086:344c] type 00 class 0x088000
[    1.810484] pci 0000:7f:03.3: [8086:344c] type 00 class 0x088000
[    1.810650] pci 0000:7f:0a.0: [8086:344d] type 00 class 0x088000
[    1.810759] pci 0000:7f:0a.1: [8086:344d] type 00 class 0x088000
[    1.810877] pci 0000:7f:0a.2: [8086:344d] type 00 class 0x088000
[    1.810995] pci 0000:7f:0a.3: [8086:344d] type 00 class 0x088000
[    1.811097] pci 0000:7f:0a.4: [8086:344d] type 00 class 0x088000
[    1.811225] pci 0000:7f:0a.5: [8086:344d] type 00 class 0x088000
[    1.811348] pci 0000:7f:0a.6: [8086:344d] type 00 class 0x088000
[    1.811435] pci 0000:7f:0a.7: [8086:344d] type 00 class 0x088000
[    1.811526] pci 0000:7f:0b.0: [8086:344d] type 00 class 0x088000
[    1.811661] pci 0000:7f:0b.1: [8086:344d] type 00 class 0x088000
[    1.811790] pci 0000:7f:0b.2: [8086:344d] type 00 class 0x088000
[    1.811878] pci 0000:7f:0b.3: [8086:344d] type 00 class 0x088000
[    1.812021] pci 0000:7f:0b.4: [8086:344d] type 00 class 0x088000
[    1.812160] pci 0000:7f:0b.5: [8086:344d] type 00 class 0x088000
[    1.812304] pci 0000:7f:0b.6: [8086:344d] type 00 class 0x088000
[    1.812431] pci 0000:7f:0b.7: [8086:344d] type 00 class 0x088000
[    1.812565] pci 0000:7f:0c.0: [8086:344d] type 00 class 0x088000
[    1.812705] pci 0000:7f:0c.1: [8086:344d] type 00 class 0x088000
[    1.812842] pci 0000:7f:0c.2: [8086:344d] type 00 class 0x088000
[    1.812981] pci 0000:7f:0c.3: [8086:344d] type 00 class 0x088000
[    1.813131] pci 0000:7f:0c.4: [8086:344d] type 00 class 0x088000
[    1.813273] pci 0000:7f:0c.5: [8086:344d] type 00 class 0x088000
[    1.813417] pci 0000:7f:0c.6: [8086:344d] type 00 class 0x088000
[    1.813570] pci 0000:7f:0c.7: [8086:344d] type 00 class 0x088000
[    1.813721] pci 0000:7f:0d.0: [8086:344d] type 00 class 0x088000
[    1.813874] pci 0000:7f:0d.1: [8086:344d] type 00 class 0x088000
[    1.814032] pci 0000:7f:0d.2: [8086:344d] type 00 class 0x088000
[    1.814187] pci 0000:7f:0d.3: [8086:344d] type 00 class 0x088000
[    1.814369] pci 0000:7f:1d.0: [8086:344f] type 00 class 0x088000
[    1.814486] pci 0000:7f:1d.1: [8086:3457] type 00 class 0x088000
[    1.814603] pci 0000:7f:1e.0: [8086:3458] type 00 class 0x088000
[    1.814680] pci 0000:7f:1e.1: [8086:3459] type 00 class 0x088000
[    1.814755] pci 0000:7f:1e.2: [8086:345a] type 00 class 0x088000
[    1.814828] pci 0000:7f:1e.3: [8086:345b] type 00 class 0x088000
[    1.814902] pci 0000:7f:1e.4: [8086:345c] type 00 class 0x088000
[    1.814976] pci 0000:7f:1e.5: [8086:345d] type 00 class 0x088000
[    1.815053] pci 0000:7f:1e.6: [8086:345e] type 00 class 0x088000
[    1.815127] pci 0000:7f:1e.7: [8086:345f] type 00 class 0x088000
[    1.815199] pci_bus 0000:7f: on NUMA node 0
[    1.815289] ACPI: PCI Root Bridge [PC06] (domain 0000 [bus 80])
[    1.815291] acpi PNP0A08:06: _OSC: OS supports [ExtendedConfig ASPM ClockPM Segments MSI HPX-Type3]
[    1.815384] acpi PNP0A08:06: PCIe AER handled by firmware
[    1.815490] acpi PNP0A08:06: _OSC: platform does not support [SHPCHotplug]
[    1.815690] acpi PNP0A08:06: _OSC: OS now controls [PCIeHotplug PME PCIeCapability LTR]
[    1.815690] acpi PNP0A08:06: FADT indicates ASPM is unsupported, using BIOS configuration
[    1.815836] PCI host bridge to bus 0000:80
[    1.815837] pci_bus 0000:80: root bus resource [io  0xb000-0xbfff window]
[    1.815838] pci_bus 0000:80: root bus resource [mem 0xc6800000-0xd0ffffff window]
[    1.815839] pci_bus 0000:80: root bus resource [mem 0x250000000000-0x25ffffffffff window]
[    1.815840] pci_bus 0000:80: root bus resource [bus 80]
[    1.815847] pci 0000:80:00.0: [8086:09a2] type 00 class 0x088000
[    1.815932] pci 0000:80:00.1: [8086:09a4] type 00 class 0x088000
[    1.816006] pci 0000:80:00.2: [8086:09a3] type 00 class 0x088000
[    1.816083] pci 0000:80:00.4: [8086:0998] type 00 class 0x060000
[    1.816160] pci 0000:80:02.0: [8086:09a6] type 00 class 0x088000
[    1.816170] pci 0000:80:02.0: reg 0x10: [mem 0xc6aa4000-0xc6aa5fff]
[    1.816234] pci 0000:80:02.1: [8086:09a7] type 00 class 0x088000
[    1.816244] pci 0000:80:02.1: reg 0x10: [mem 0xc6a00000-0xc6a7ffff]
[    1.816249] pci 0000:80:02.1: reg 0x14: [mem 0xc6980000-0xc69fffff]
[    1.816316] pci 0000:80:02.4: [8086:3456] type 00 class 0x130000
[    1.816328] pci 0000:80:02.4: reg 0x10: [mem 0xc6800000-0xc68fffff 64bit]
[    1.816335] pci 0000:80:02.4: reg 0x18: [mem 0xc6aa0000-0xc6aa3fff 64bit]
[    1.816342] pci 0000:80:02.4: reg 0x20: [mem 0xc6a80000-0xc6a9ffff 64bit]
[    1.816402] pci_bus 0000:80: on NUMA node 1
[    1.816470] ACPI: PCI Root Bridge [PC07] (domain 0000 [bus 81])
[    1.816472] acpi PNP0A08:07: _OSC: OS supports [ExtendedConfig ASPM ClockPM Segments MSI HPX-Type3]
[    1.816562] acpi PNP0A08:07: PCIe AER handled by firmware
[    1.816669] acpi PNP0A08:07: _OSC: platform does not support [SHPCHotplug]
[    1.816867] acpi PNP0A08:07: _OSC: OS now controls [PCIeHotplug PME PCIeCapability LTR]
[    1.816868] acpi PNP0A08:07: FADT indicates ASPM is unsupported, using BIOS configuration
[    1.816981] PCI host bridge to bus 0000:81
[    1.816982] pci_bus 0000:81: root bus resource [io  0xc000-0xcfff window]
[    1.816983] pci_bus 0000:81: root bus resource [mem 0xd1000000-0xdbbfffff window]
[    1.816984] pci_bus 0000:81: root bus resource [mem 0x260000000000-0x26ffffffffff window]
[    1.816984] pci_bus 0000:81: root bus resource [bus 81]
[    1.816992] pci 0000:81:00.0: [8086:09a2] type 00 class 0x088000
[    1.817060] pci 0000:81:00.1: [8086:09a4] type 00 class 0x088000
[    1.817128] pci 0000:81:00.2: [8086:09a3] type 00 class 0x088000
[    1.817197] pci 0000:81:00.4: [8086:0998] type 00 class 0x060000
[    1.817276] pci_bus 0000:81: on NUMA node 1
[    1.817336] ACPI: PCI Root Bridge [PC08] (domain 0000 [bus 82])
[    1.817338] acpi PNP0A08:08: _OSC: OS supports [ExtendedConfig ASPM ClockPM Segments MSI HPX-Type3]
[    1.817427] acpi PNP0A08:08: PCIe AER handled by firmware
[    1.817531] acpi PNP0A08:08: _OSC: platform does not support [SHPCHotplug]
[    1.817731] acpi PNP0A08:08: _OSC: OS now controls [PCIeHotplug PME PCIeCapability LTR]
[    1.817731] acpi PNP0A08:08: FADT indicates ASPM is unsupported, using BIOS configuration
[    1.817841] PCI host bridge to bus 0000:82
[    1.817842] pci_bus 0000:82: root bus resource [io  0xd000-0xdfff window]
[    1.817842] pci_bus 0000:82: root bus resource [mem 0xdbc00000-0xe67fffff window]
[    1.817843] pci_bus 0000:82: root bus resource [mem 0x270000000000-0x27ffffffffff window]
[    1.817844] pci_bus 0000:82: root bus resource [bus 82]
[    1.817851] pci 0000:82:00.0: [8086:09a2] type 00 class 0x088000
[    1.817919] pci 0000:82:00.1: [8086:09a4] type 00 class 0x088000
[    1.817987] pci 0000:82:00.2: [8086:09a3] type 00 class 0x088000
[    1.818060] pci 0000:82:00.4: [8086:0998] type 00 class 0x060000
[    1.818140] pci_bus 0000:82: on NUMA node 1
[    1.818225] ACPI: PCI Root Bridge [PC10] (domain 0000 [bus 83-f9])
[    1.818227] acpi PNP0A08:0a: _OSC: OS supports [ExtendedConfig ASPM ClockPM Segments MSI HPX-Type3]
[    1.818317] acpi PNP0A08:0a: PCIe AER handled by firmware
[    1.818422] acpi PNP0A08:0a: _OSC: platform does not support [SHPCHotplug]
[    1.818621] acpi PNP0A08:0a: _OSC: OS now controls [PCIeHotplug PME PCIeCapability LTR]
[    1.818621] acpi PNP0A08:0a: FADT indicates ASPM is unsupported, using BIOS configuration
[    1.818740] PCI host bridge to bus 0000:83
[    1.818741] pci_bus 0000:83: root bus resource [io  0xe000-0xefff window]
[    1.818742] pci_bus 0000:83: root bus resource [mem 0xe6800000-0xf13fffff window]
[    1.818742] pci_bus 0000:83: root bus resource [mem 0x280000000000-0x28ffffffffff window]
[    1.818743] pci_bus 0000:83: root bus resource [bus 83-f9]
[    1.818751] pci 0000:83:00.0: [8086:09a2] type 00 class 0x088000
[    1.818819] pci 0000:83:00.1: [8086:09a4] type 00 class 0x088000
[    1.818886] pci 0000:83:00.2: [8086:09a3] type 00 class 0x088000
[    1.818955] pci 0000:83:00.4: [8086:0998] type 00 class 0x060000
[    1.819034] pci_bus 0000:83: on NUMA node 1
[    1.819093] ACPI: PCI Root Bridge [PC11] (domain 0000 [bus fa])
[    1.819095] acpi PNP0A08:0b: _OSC: OS supports [ExtendedConfig ASPM ClockPM Segments MSI HPX-Type3]
[    1.819185] acpi PNP0A08:0b: PCIe AER handled by firmware
[    1.819289] acpi PNP0A08:0b: _OSC: platform does not support [SHPCHotplug]
[    1.819489] acpi PNP0A08:0b: _OSC: OS now controls [PCIeHotplug PME PCIeCapability LTR]
[    1.819490] acpi PNP0A08:0b: FADT indicates ASPM is unsupported, using BIOS configuration
[    1.819601] PCI host bridge to bus 0000:fa
[    1.819602] pci_bus 0000:fa: root bus resource [io  0xf000-0xffff window]
[    1.819603] pci_bus 0000:fa: root bus resource [mem 0xf1400000-0xfb7fffff window]
[    1.819603] pci_bus 0000:fa: root bus resource [mem 0x290000000000-0x29ffffffffff window]
[    1.819604] pci_bus 0000:fa: root bus resource [bus fa]
[    1.819611] pci 0000:fa:00.0: [8086:09a2] type 00 class 0x088000
[    1.819679] pci 0000:fa:00.1: [8086:09a4] type 00 class 0x088000
[    1.819747] pci 0000:fa:00.2: [8086:09a3] type 00 class 0x088000
[    1.819823] pci 0000:fa:00.4: [8086:0998] type 00 class 0x060000
[    1.819903] pci_bus 0000:fa: on NUMA node 1
[    1.819959] ACPI: PCI Root Bridge [UC16] (domain 0000 [bus fe])
[    1.819961] acpi PNP0A03:02: _OSC: OS supports [ExtendedConfig ASPM ClockPM Segments MSI HPX-Type3]
[    1.820037] acpi PNP0A03:02: PCIe AER handled by firmware
[    1.820126] acpi PNP0A03:02: _OSC: platform does not support [SHPCHotplug LTR]
[    1.820295] acpi PNP0A03:02: _OSC: OS now controls [PCIeHotplug PME PCIeCapability]
[    1.820296] acpi PNP0A03:02: FADT indicates ASPM is unsupported, using BIOS configuration
[    1.820428] PCI host bridge to bus 0000:fe
[    1.820429] pci_bus 0000:fe: root bus resource [bus fe]
[    1.820435] pci 0000:fe:00.0: [8086:3450] type 00 class 0x088000
[    1.820506] pci 0000:fe:00.1: [8086:3451] type 00 class 0x088000
[    1.820572] pci 0000:fe:00.2: [8086:3452] type 00 class 0x088000
[    1.820642] pci 0000:fe:00.3: [8086:0998] type 00 class 0x060000
[    1.820711] pci 0000:fe:00.5: [8086:3455] type 00 class 0x088000
[    1.820783] pci 0000:fe:02.0: [8086:3440] type 00 class 0x088000
[    1.820909] pci 0000:fe:02.1: [8086:3441] type 00 class 0x088000
[    1.821033] pci 0000:fe:02.2: [8086:3442] type 00 class 0x088000
[    1.821150] pci 0000:fe:03.0: [8086:3440] type 00 class 0x088000
[    1.821243] pci 0000:fe:03.1: [8086:3441] type 00 class 0x088000
[    1.821330] pci 0000:fe:03.2: [8086:3442] type 00 class 0x088000
[    1.821422] pci 0000:fe:04.0: [8086:3440] type 00 class 0x088000
[    1.821552] pci 0000:fe:04.1: [8086:3441] type 00 class 0x088000
[    1.821678] pci 0000:fe:04.2: [8086:3442] type 00 class 0x088000
[    1.821802] pci 0000:fe:04.3: [8086:3443] type 00 class 0x088000
[    1.821938] pci 0000:fe:05.0: [8086:3445] type 00 class 0x088000
[    1.822064] pci 0000:fe:05.1: [8086:3446] type 00 class 0x088000
[    1.822184] pci 0000:fe:05.2: [8086:3447] type 00 class 0x088000
[    1.822306] pci 0000:fe:06.0: [8086:3445] type 00 class 0x088000
[    1.822401] pci 0000:fe:06.1: [8086:3446] type 00 class 0x088000
[    1.822490] pci 0000:fe:06.2: [8086:3447] type 00 class 0x088000
[    1.822585] pci 0000:fe:07.0: [8086:3445] type 00 class 0x088000
[    1.822718] pci 0000:fe:07.1: [8086:3446] type 00 class 0x088000
[    1.822852] pci 0000:fe:07.2: [8086:3447] type 00 class 0x088000
[    1.822980] pci 0000:fe:0b.0: [8086:3448] type 00 class 0x088000
[    1.823058] pci 0000:fe:0b.1: [8086:3448] type 00 class 0x088000
[    1.823132] pci 0000:fe:0b.2: [8086:344b] type 00 class 0x088000
[    1.823212] pci 0000:fe:0c.0: [8086:344a] type 00 class 0x110100
[    1.823315] pci 0000:fe:0d.0: [8086:344a] type 00 class 0x110100
[    1.823411] pci 0000:fe:0e.0: [8086:344a] type 00 class 0x110100
[    1.823565] pci 0000:fe:0f.0: [8086:344a] type 00 class 0x110100
[    1.823738] pci 0000:fe:1a.0: [8086:2880] type 00 class 0x110100
[    1.823837] pci 0000:fe:1b.0: [8086:2880] type 00 class 0x110100
[    1.823933] pci 0000:fe:1c.0: [8086:2880] type 00 class 0x110100
[    1.824093] pci 0000:fe:1d.0: [8086:2880] type 00 class 0x110100
[    1.824254] pci_bus 0000:fe: on NUMA node 1
[    1.824326] ACPI: PCI Root Bridge [UC17] (domain 0000 [bus ff])
[    1.824328] acpi PNP0A03:03: _OSC: OS supports [ExtendedConfig ASPM ClockPM Segments MSI HPX-Type3]
[    1.824403] acpi PNP0A03:03: PCIe AER handled by firmware
[    1.824493] acpi PNP0A03:03: _OSC: platform does not support [SHPCHotplug LTR]
[    1.824663] acpi PNP0A03:03: _OSC: OS now controls [PCIeHotplug PME PCIeCapability]
[    1.824664] acpi PNP0A03:03: FADT indicates ASPM is unsupported, using BIOS configuration
[    1.824806] PCI host bridge to bus 0000:ff
[    1.824807] pci_bus 0000:ff: root bus resource [bus ff]
[    1.824817] pci 0000:ff:00.0: [8086:344c] type 00 class 0x088000
[    1.824933] pci 0000:ff:00.1: [8086:344c] type 00 class 0x088000
[    1.825053] pci 0000:ff:00.2: [8086:344c] type 00 class 0x088000
[    1.825160] pci 0000:ff:00.3: [8086:344c] type 00 class 0x088000
[    1.825294] pci 0000:ff:00.4: [8086:344c] type 00 class 0x088000
[    1.825418] pci 0000:ff:00.5: [8086:344c] type 00 class 0x088000
[    1.825521] pci 0000:ff:00.6: [8086:344c] type 00 class 0x088000
[    1.825654] pci 0000:ff:00.7: [8086:344c] type 00 class 0x088000
[    1.825786] pci 0000:ff:01.0: [8086:344c] type 00 class 0x088000
[    1.825928] pci 0000:ff:01.1: [8086:344c] type 00 class 0x088000
[    1.826062] pci 0000:ff:01.2: [8086:344c] type 00 class 0x088000
[    1.826152] pci 0000:ff:01.3: [8086:344c] type 00 class 0x088000
[    1.826301] pci 0000:ff:01.4: [8086:344c] type 00 class 0x088000
[    1.826445] pci 0000:ff:01.5: [8086:344c] type 00 class 0x088000
[    1.826594] pci 0000:ff:01.6: [8086:344c] type 00 class 0x088000
[    1.826727] pci 0000:ff:01.7: [8086:344c] type 00 class 0x088000
[    1.826868] pci 0000:ff:02.0: [8086:344c] type 00 class 0x088000
[    1.827009] pci 0000:ff:02.1: [8086:344c] type 00 class 0x088000
[    1.827148] pci 0000:ff:02.2: [8086:344c] type 00 class 0x088000
[    1.827294] pci 0000:ff:02.3: [8086:344c] type 00 class 0x088000
[    1.827441] pci 0000:ff:02.4: [8086:344c] type 00 class 0x088000
[    1.827585] pci 0000:ff:02.5: [8086:344c] type 00 class 0x088000
[    1.827738] pci 0000:ff:02.6: [8086:344c] type 00 class 0x088000
[    1.827887] pci 0000:ff:02.7: [8086:344c] type 00 class 0x088000
[    1.828045] pci 0000:ff:03.0: [8086:344c] type 00 class 0x088000
[    1.828208] pci 0000:ff:03.1: [8086:344c] type 00 class 0x088000
[    1.828370] pci 0000:ff:03.2: [8086:344c] type 00 class 0x088000
[    1.828532] pci 0000:ff:03.3: [8086:344c] type 00 class 0x088000
[    1.828710] pci 0000:ff:0a.0: [8086:344d] type 00 class 0x088000
[    1.828824] pci 0000:ff:0a.1: [8086:344d] type 00 class 0x088000
[    1.828943] pci 0000:ff:0a.2: [8086:344d] type 00 class 0x088000
[    1.829050] pci 0000:ff:0a.3: [8086:344d] type 00 class 0x088000
[    1.829178] pci 0000:ff:0a.4: [8086:344d] type 00 class 0x088000
[    1.829302] pci 0000:ff:0a.5: [8086:344d] type 00 class 0x088000
[    1.829405] pci 0000:ff:0a.6: [8086:344d] type 00 class 0x088000
[    1.829538] pci 0000:ff:0a.7: [8086:344d] type 00 class 0x088000
[    1.829675] pci 0000:ff:0b.0: [8086:344d] type 00 class 0x088000
[    1.829817] pci 0000:ff:0b.1: [8086:344d] type 00 class 0x088000
[    1.829951] pci 0000:ff:0b.2: [8086:344d] type 00 class 0x088000
[    1.830042] pci 0000:ff:0b.3: [8086:344d] type 00 class 0x088000
[    1.830185] pci 0000:ff:0b.4: [8086:344d] type 00 class 0x088000
[    1.830329] pci 0000:ff:0b.5: [8086:344d] type 00 class 0x088000
[    1.830476] pci 0000:ff:0b.6: [8086:344d] type 00 class 0x088000
[    1.830611] pci 0000:ff:0b.7: [8086:344d] type 00 class 0x088000
[    1.830755] pci 0000:ff:0c.0: [8086:344d] type 00 class 0x088000
[    1.830897] pci 0000:ff:0c.1: [8086:344d] type 00 class 0x088000
[    1.831038] pci 0000:ff:0c.2: [8086:344d] type 00 class 0x088000
[    1.831183] pci 0000:ff:0c.3: [8086:344d] type 00 class 0x088000
[    1.831325] pci 0000:ff:0c.4: [8086:344d] type 00 class 0x088000
[    1.831470] pci 0000:ff:0c.5: [8086:344d] type 00 class 0x088000
[    1.831620] pci 0000:ff:0c.6: [8086:344d] type 00 class 0x088000
[    1.831768] pci 0000:ff:0c.7: [8086:344d] type 00 class 0x088000
[    1.831931] pci 0000:ff:0d.0: [8086:344d] type 00 class 0x088000
[    1.832091] pci 0000:ff:0d.1: [8086:344d] type 00 class 0x088000
[    1.832245] pci 0000:ff:0d.2: [8086:344d] type 00 class 0x088000
[    1.832410] pci 0000:ff:0d.3: [8086:344d] type 00 class 0x088000
[    1.832593] pci 0000:ff:1d.0: [8086:344f] type 00 class 0x088000
[    1.832715] pci 0000:ff:1d.1: [8086:3457] type 00 class 0x088000
[    1.832836] pci 0000:ff:1e.0: [8086:3458] type 00 class 0x088000
[    1.832916] pci 0000:ff:1e.1: [8086:3459] type 00 class 0x088000
[    1.832997] pci 0000:ff:1e.2: [8086:345a] type 00 class 0x088000
[    1.833074] pci 0000:ff:1e.3: [8086:345b] type 00 class 0x088000
[    1.833150] pci 0000:ff:1e.4: [8086:345c] type 00 class 0x088000
[    1.833227] pci 0000:ff:1e.5: [8086:345d] type 00 class 0x088000
[    1.833304] pci 0000:ff:1e.6: [8086:345e] type 00 class 0x088000
[    1.833379] pci 0000:ff:1e.7: [8086:345f] type 00 class 0x088000
[    1.833456] pci_bus 0000:ff: on NUMA node 1
[    1.836358] HMAT: Memory (0x0 length 0x80000000) Flags:0003 Processor Domain:0 Memory Domain:0
[    1.836358] HMAT: Memory (0x100000000 length 0xf80000000) Flags:0003 Processor Domain:0 Memory Domain:0
[    1.836358] HMAT: Memory (0x2080000000 length 0x7e00000000) Flags:0003 Processor Domain:0 Memory Domain:2
[    1.836358] HMAT: Memory (0x1080000000 length 0x1000000000) Flags:0003 Processor Domain:1 Memory Domain:1
[    1.836358] HMAT: Memory (0x9e80000000 length 0x7e00000000) Flags:0003 Processor Domain:1 Memory Domain:3
[    1.836358] HMAT: Locality: Flags:00 Type:Read Latency Initiator Domains:2 Target Domains:4 Base:100
[    1.836358]   Initiator-Target[0-0]:7600 nsec
[    1.836358]   Initiator-Target[0-1]:13560 nsec
[    1.836358]   Initiator-Target[0-2]:25350 nsec
[    1.836358]   Initiator-Target[0-3]:31600 nsec
[    1.836358]   Initiator-Target[1-0]:13560 nsec
[    1.836358]   Initiator-Target[1-1]:7600 nsec
[    1.836358]   Initiator-Target[1-2]:31600 nsec
[    1.836358]   Initiator-Target[1-3]:25350 nsec
[    1.836358] HMAT: Locality: Flags:00 Type:Write Latency Initiator Domains:2 Target Domains:4 Base:100
[    1.836358]   Initiator-Target[0-0]:7600 nsec
[    1.836358]   Initiator-Target[0-1]:13560 nsec
[    1.836358]   Initiator-Target[0-2]:25350 nsec
[    1.836358]   Initiator-Target[0-3]:31600 nsec
[    1.836358]   Initiator-Target[1-0]:13560 nsec
[    1.836358]   Initiator-Target[1-1]:7600 nsec
[    1.836358]   Initiator-Target[1-2]:31600 nsec
[    1.836358]   Initiator-Target[1-3]:25350 nsec
[    1.836358] HMAT: Locality: Flags:00 Type:Read Bandwidth Initiator Domains:2 Target Domains:4 Base:1
[    1.836358]   Initiator-Target[0-0]:1790 MB/s
[    1.836358]   Initiator-Target[0-1]:1790 MB/s
[    1.836358]   Initiator-Target[0-2]:463 MB/s
[    1.836358]   Initiator-Target[0-3]:463 MB/s
[    1.836358]   Initiator-Target[1-0]:1790 MB/s
[    1.836358]   Initiator-Target[1-1]:1790 MB/s
[    1.836358]   Initiator-Target[1-2]:463 MB/s
[    1.836358]   Initiator-Target[1-3]:463 MB/s
[    1.836358] HMAT: Locality: Flags:00 Type:Write Bandwidth Initiator Domains:2 Target Domains:4 Base:1
[    1.836358]   Initiator-Target[0-0]:1910 MB/s
[    1.836358]   Initiator-Target[0-1]:1910 MB/s
[    1.836358]   Initiator-Target[0-2]:138 MB/s
[    1.836358]   Initiator-Target[0-3]:138 MB/s
[    1.836358]   Initiator-Target[1-0]:1910 MB/s
[    1.836358]   Initiator-Target[1-1]:1910 MB/s
[    1.836358]   Initiator-Target[1-2]:138 MB/s
[    1.836358]   Initiator-Target[1-3]:138 MB/s
[    1.836358] WARNING: CPU: 62 PID: 1 at drivers/base/node.c:191 node_set_perf_attrs+0x90/0xb0
[    1.836358] Modules linked in:
[    1.836358] CPU: 62 PID: 1 Comm: swapper/0 Not tainted 5.3.1-multiclock #1
[    1.836358] Hardware name: Dell Inc. PowerEdge R750/0K8F35, BIOS 1.10.2 03/03/2023
[    1.836358] RIP: 0010:node_set_perf_attrs+0x90/0xb0
[    1.836358] Code: f4 02 00 00 4c 89 ea 4c 89 e7 e8 bb bf c7 ff 85 c0 75 24 48 83 c3 08 48 8b 33 48 85 f6 75 e5 5b 41 5a 41 5c 41 5d 41 5e 5d c3 <0f> 0b 5b 41 5a 41 5c 41 5d 41 5e 5d c3 44 89 f6 48 c7 c7 70 5b 5a
[    1.836358] RSP: 0000:ffffb4a180117d80 EFLAGS: 00010246
[    1.836358] RAX: 0000000000000002 RBX: 0000000000000003 RCX: 0000000000000000
[    1.836358] RDX: 0000000000000000 RSI: ffff909492bc7258 RDI: 0000000000000002
[    1.836358] RBP: ffffb4a180117da8 R08: ffff908413e27aa8 R09: 0000000000000000
[    1.836358] R10: ffff90841be26b90 R11: ffff90841c074cd0 R12: ffff909492bc7240
[    1.836358] R13: ffffffffb3cdb310 R14: 0000000000000005 R15: ffffffffb3a95806
[    1.836358] FS:  0000000000000000(0000) GS:ffff90841cbc0000(0000) knlGS:0000000000000000
[    1.836358] CS:  0010 DS: 0000 ES: 0000 CR0: 0000000080050033
[    1.836358] CR2: 0000000000000000 CR3: 00000007d520a001 CR4: 0000000000760ee0
[    1.836358] DR0: 0000000000000000 DR1: 0000000000000000 DR2: 0000000000000000
[    1.836358] DR3: 0000000000000000 DR6: 00000000fffe0ff0 DR7: 0000000000000400
[    1.836358] PKRU: 55555554
[    1.836358] Call Trace:
[    1.836358]  hmat_init+0x32a/0x43c
[    1.836358]  ? hmat_parse_subtable+0x503/0x503
[    1.836358]  ? set_debug_rodata+0x17/0x17
[    1.836358]  do_one_initcall+0x4a/0x1fa
[    1.836358]  kernel_init_freeable+0x1c6/0x26d
[    1.836358]  ? rest_init+0xb0/0xb0
[    1.836358]  kernel_init+0xe/0x110
[    1.836358]  ret_from_fork+0x1f/0x40
[    1.836358] ---[ end trace 2a2501faf7fb376a ]---
[    1.836377] pci 0000:03:00.0: vgaarb: setting as boot VGA device
[    1.836377] pci 0000:03:00.0: vgaarb: VGA device added: decodes=io+mem,owns=io+mem,locks=none
[    1.836427] pci 0000:03:00.0: vgaarb: bridge control possible
[    1.836427] vgaarb: loaded
[    1.836609] SCSI subsystem initialized
[    1.836757] libata version 3.00 loaded.
[    1.836757] ACPI: bus type USB registered
[    1.836757] usbcore: registered new interface driver usbfs
[    1.836757] usbcore: registered new interface driver hub
[    1.836757] usbcore: registered new device driver usb
[    1.836757] pps_core: LinuxPPS API ver. 1 registered
[    1.836757] pps_core: Software ver. 5.3.6 - Copyright 2005-2007 Rodolfo Giometti <giometti@linux.it>
[    1.836757] PTP clock support registered
[    1.836889] EDAC MC: Ver: 3.0.0
[    1.836889] Registered efivars operations
[    1.840384] PCI: Using ACPI for IRQ routing
[    1.840845] PCI: pci_cache_line_size set to 64 bytes
[    1.841399] e820: reserve RAM buffer [mem 0x0008f000-0x0008ffff]
[    1.841400] e820: reserve RAM buffer [mem 0x47bad020-0x47ffffff]
[    1.841401] e820: reserve RAM buffer [mem 0x47bdf020-0x47ffffff]
[    1.841402] e820: reserve RAM buffer [mem 0x47c12020-0x47ffffff]
[    1.841403] e820: reserve RAM buffer [mem 0x47c45020-0x47ffffff]
[    1.841403] e820: reserve RAM buffer [mem 0x49e77000-0x4bffffff]
[    1.841405] e820: reserve RAM buffer [mem 0x4b2cf000-0x4bffffff]
[    1.841405] e820: reserve RAM buffer [mem 0x4bd94000-0x4bffffff]
[    1.841406] e820: reserve RAM buffer [mem 0x4ce00000-0x4fffffff]
[    1.841407] e820: reserve RAM buffer [mem 0x5eefe000-0x5fffffff]
[    1.841407] e820: reserve RAM buffer [mem 0x6f800000-0x6fffffff]
[    1.841688] NetLabel: Initializing
[    1.841688] NetLabel:  domain hash size = 128
[    1.841689] NetLabel:  protocols = UNLABELED CIPSOv4 CALIPSO
[    1.841706] NetLabel:  unlabeled traffic allowed by default
[    1.845691] hpet0: at MMIO 0xfed00000, IRQs 2, 8, 0, 0, 0, 0, 0, 0
[    1.845694] hpet0: 8 comparators, 64-bit 24.000000 MHz counter
[    1.848571] clocksource: Switched to clocksource tsc-early
[    1.859386] VFS: Disk quotas dquot_6.6.0
[    1.859429] VFS: Dquot-cache hash table entries: 512 (order 0, 4096 bytes)
[    1.859718] *** VALIDATE hugetlbfs ***
[    1.859859] AppArmor: AppArmor Filesystem Enabled
[    1.859877] pnp: PnP ACPI init
[    1.875335] pnp 00:00: Plug and Play ACPI device, IDs PNP0b00 (active)
[    1.875498] system 00:01: [io  0x0500-0x05fe] has been reserved
[    1.875499] system 00:01: [io  0x0400-0x041f] has been reserved
[    1.875500] system 00:01: [io  0x0600-0x061f] has been reserved
[    1.875501] system 00:01: [io  0x0ca0-0x0ca1] has been reserved
[    1.875502] system 00:01: [io  0x0ca4-0x0ca6] has been reserved
[    1.875504] system 00:01: [mem 0xff000000-0xffffffff] has been reserved
[    1.875507] system 00:01: Plug and Play ACPI device, IDs PNP0c02 (active)
[    1.875753] pnp 00:02: Plug and Play ACPI device, IDs PNP0501 (active)
[    1.875959] pnp 00:03: Plug and Play ACPI device, IDs PNP0501 (active)
[    1.876123] system 00:04: [mem 0xfd000000-0xfdabffff] has been reserved
[    1.876124] system 00:04: [mem 0xfdad0000-0xfdadffff] has been reserved
[    1.876125] system 00:04: [mem 0xfdb00000-0xfdffffff] has been reserved
[    1.876126] system 00:04: [mem 0xfe000000-0xfe00ffff] has been reserved
[    1.876127] system 00:04: [mem 0xfe011000-0xfe01ffff] has been reserved
[    1.876129] system 00:04: [mem 0xfe036000-0xfe03bfff] has been reserved
[    1.876130] system 00:04: [mem 0xfe03d000-0xfe3fffff] has been reserved
[    1.876131] system 00:04: [mem 0xfe410000-0xfe7fffff] has been reserved
[    1.876133] system 00:04: Plug and Play ACPI device, IDs PNP0c02 (active)
[    1.876466] system 00:05: [io  0x1000-0x10fe] has been reserved
[    1.876468] system 00:05: Plug and Play ACPI device, IDs PNP0c02 (active)
[    1.877472] pnp: PnP ACPI: found 6 devices
[    1.878563] thermal_sys: Registered thermal governor 'fair_share'
[    1.878563] thermal_sys: Registered thermal governor 'bang_bang'
[    1.878564] thermal_sys: Registered thermal governor 'step_wise'
[    1.878565] thermal_sys: Registered thermal governor 'user_space'
[    1.878565] thermal_sys: Registered thermal governor 'power_allocator'
[    1.883057] clocksource: acpi_pm: mask: 0xffffff max_cycles: 0xffffff, max_idle_ns: 2085701024 ns
[    1.883079] pci 0000:04:00.0: can't claim BAR 6 [mem 0xfffc0000-0xffffffff pref]: no compatible bridge window
[    1.883080] pci 0000:04:00.1: can't claim BAR 6 [mem 0xfffc0000-0xffffffff pref]: no compatible bridge window
[    1.883082] pci 0000:17:00.0: can't claim BAR 6 [mem 0xfff00000-0xffffffff pref]: no compatible bridge window
[    1.883097] pci 0000:00:1c.5: BAR 14: assigned [mem 0x90000000-0x900fffff]
[    1.883099] pci 0000:00:1c.0: PCI bridge to [bus 01]
[    1.883108] pci 0000:02:00.0: PCI bridge to [bus 03]
[    1.883112] pci 0000:02:00.0:   bridge window [mem 0x92000000-0x928fffff]
[    1.883116] pci 0000:02:00.0:   bridge window [mem 0x91000000-0x91ffffff 64bit pref]
[    1.883121] pci 0000:00:1c.4: PCI bridge to [bus 02-03]
[    1.883124] pci 0000:00:1c.4:   bridge window [mem 0x92000000-0x928fffff]
[    1.883126] pci 0000:00:1c.4:   bridge window [mem 0x91000000-0x91ffffff 64bit pref]
[    1.883131] pci 0000:04:00.0: BAR 6: assigned [mem 0x90000000-0x9003ffff pref]
[    1.883133] pci 0000:04:00.1: BAR 6: assigned [mem 0x90040000-0x9007ffff pref]
[    1.883133] pci 0000:00:1c.5: PCI bridge to [bus 04]
[    1.883136] pci 0000:00:1c.5:   bridge window [mem 0x90000000-0x900fffff]
[    1.883138] pci 0000:00:1c.5:   bridge window [mem 0x92900000-0x929fffff 64bit pref]
[    1.883143] pci_bus 0000:00: resource 4 [io  0x0000-0x0cf7 window]
[    1.883143] pci_bus 0000:00: resource 5 [io  0x1000-0x4fff window]
[    1.883144] pci_bus 0000:00: resource 6 [mem 0x000a0000-0x000bffff window]
[    1.883145] pci_bus 0000:00: resource 7 [mem 0x000c8000-0x000cffff window]
