[    0.000000] Linux version 5.15.0-tiering-0.8 (xmu@xmu-PowerEdge-R750) (gcc (Ubuntu 8.4.0-1ubuntu1~18.04) 8.4.0, GNU ld (GNU Binutils for Ubuntu) 2.30) #1 SMP Thu Apr 18 19:37:58 CST 2024
[    0.000000] Command line: BOOT_IMAGE=/boot/vmlinuz-5.15.0-tiering-0.8 root=UUID=ce0c24b8-724b-4f33-9b2c-618433560aef ro memmap=48196M!4096M memmap=59G!64G quiet splash nomodeset vt.handoff=1
[    0.000000] KERNEL supported cpus:
[    0.000000]   Intel GenuineIntel
[    0.000000]   AMD AuthenticAMD
[    0.000000]   Hygon HygonGenuine
[    0.000000]   Centaur CentaurHauls
[    0.000000]   zhaoxin   Shanghai  
[    0.000000] x86/split lock detection: #AC: crashing the kernel on kernel split_locks and warning on user-space split_locks
[    0.000000] x86/fpu: Supporting XSAVE feature 0x001: 'x87 floating point registers'
[    0.000000] x86/fpu: Supporting XSAVE feature 0x002: 'SSE registers'
[    0.000000] x86/fpu: Supporting XSAVE feature 0x004: 'AVX registers'
[    0.000000] x86/fpu: Supporting XSAVE feature 0x020: 'AVX-512 opmask'
[    0.000000] x86/fpu: Supporting XSAVE feature 0x040: 'AVX-512 Hi256'
[    0.000000] x86/fpu: Supporting XSAVE feature 0x080: 'AVX-512 ZMM_Hi256'
[    0.000000] x86/fpu: Supporting XSAVE feature 0x200: 'Protection Keys User registers'
[    0.000000] x86/fpu: xstate_offset[2]:  576, xstate_sizes[2]:  256
[    0.000000] x86/fpu: xstate_offset[5]:  832, xstate_sizes[5]:   64
[    0.000000] x86/fpu: xstate_offset[6]:  896, xstate_sizes[6]:  512
[    0.000000] x86/fpu: xstate_offset[7]: 1408, xstate_sizes[7]: 1024
[    0.000000] x86/fpu: xstate_offset[9]: 2432, xstate_sizes[9]:    8
[    0.000000] x86/fpu: Enabled xstate features 0x2e7, context size is 2440 bytes, using 'compacted' format.
[    0.000000] signal: max sigframe size: 3632
[    0.000000] BIOS-provided physical RAM map:
[    0.000000] BIOS-e820: [mem 0x0000000000000000-0x000000000008efff] usable
[    0.000000] BIOS-e820: [mem 0x000000000008f000-0x000000000008ffff] reserved
[    0.000000] BIOS-e820: [mem 0x0000000000090000-0x000000000009ffff] usable
[    0.000000] BIOS-e820: [mem 0x00000000000a0000-0x00000000000fffff] reserved
[    0.000000] BIOS-e820: [mem 0x0000000000100000-0x0000000049e76fff] usable
[    0.000000] BIOS-e820: [mem 0x0000000049e77000-0x000000004ae76fff] ACPI NVS
[    0.000000] BIOS-e820: [mem 0x000000004ae77000-0x000000004b2cefff] usable
[    0.000000] BIOS-e820: [mem 0x000000004b2cf000-0x000000004b54dfff] ACPI data
[    0.000000] BIOS-e820: [mem 0x000000004b54e000-0x000000004bd93fff] usable
[    0.000000] BIOS-e820: [mem 0x000000004bd94000-0x000000004be99fff] reserved
[    0.000000] BIOS-e820: [mem 0x000000004be9a000-0x000000004cdfffff] usable
[    0.000000] BIOS-e820: [mem 0x000000004ce00000-0x000000004cffffff] reserved
[    0.000000] BIOS-e820: [mem 0x000000004d000000-0x000000005eefdfff] usable
[    0.000000] BIOS-e820: [mem 0x000000005eefe000-0x000000006e3fefff] reserved
[    0.000000] BIOS-e820: [mem 0x000000006e3ff000-0x000000006f3fefff] ACPI NVS
[    0.000000] BIOS-e820: [mem 0x000000006f3ff000-0x000000006f7fefff] ACPI data
[    0.000000] BIOS-e820: [mem 0x000000006f7ff000-0x000000006f7fffff] usable
[    0.000000] BIOS-e820: [mem 0x000000006f800000-0x000000008fffffff] reserved
[    0.000000] BIOS-e820: [mem 0x00000000fe000000-0x00000000fe010fff] reserved
[    0.000000] BIOS-e820: [mem 0x0000000100000000-0x000000207fffffff] usable
[    0.000000] BIOS-e820: [mem 0x0000002080000000-0x0000011c7fffffff] persistent (type 7)
[    0.000000] BIOS-e820: [mem 0x00001ffc00000000-0x00001fffffffffff] reserved
[    0.000000] NX (Execute Disable) protection: active
[    0.000000] e820: update [mem 0x46d5d020-0x46d6505f] usable ==> usable
[    0.000000] e820: update [mem 0x46d5d020-0x46d6505f] usable ==> usable
[    0.000000] e820: update [mem 0x46d2a020-0x46d5cc5f] usable ==> usable
[    0.000000] e820: update [mem 0x46d2a020-0x46d5cc5f] usable ==> usable
[    0.000000] e820: update [mem 0x46cf7020-0x46d29c5f] usable ==> usable
[    0.000000] e820: update [mem 0x46cf7020-0x46d29c5f] usable ==> usable
[    0.000000] e820: update [mem 0x46cc5020-0x46cf6a5f] usable ==> usable
[    0.000000] e820: update [mem 0x46cc5020-0x46cf6a5f] usable ==> usable
[    0.000000] extended physical RAM map:
[    0.000000] reserve setup_data: [mem 0x0000000000000000-0x000000000008efff] usable
[    0.000000] reserve setup_data: [mem 0x000000000008f000-0x000000000008ffff] reserved
[    0.000000] reserve setup_data: [mem 0x0000000000090000-0x000000000009ffff] usable
[    0.000000] reserve setup_data: [mem 0x00000000000a0000-0x00000000000fffff] reserved
[    0.000000] reserve setup_data: [mem 0x0000000000100000-0x0000000046cc501f] usable
[    0.000000] reserve setup_data: [mem 0x0000000046cc5020-0x0000000046cf6a5f] usable
[    0.000000] reserve setup_data: [mem 0x0000000046cf6a60-0x0000000046cf701f] usable
[    0.000000] reserve setup_data: [mem 0x0000000046cf7020-0x0000000046d29c5f] usable
[    0.000000] reserve setup_data: [mem 0x0000000046d29c60-0x0000000046d2a01f] usable
[    0.000000] reserve setup_data: [mem 0x0000000046d2a020-0x0000000046d5cc5f] usable
[    0.000000] reserve setup_data: [mem 0x0000000046d5cc60-0x0000000046d5d01f] usable
[    0.000000] reserve setup_data: [mem 0x0000000046d5d020-0x0000000046d6505f] usable
[    0.000000] reserve setup_data: [mem 0x0000000046d65060-0x0000000049e76fff] usable
[    0.000000] reserve setup_data: [mem 0x0000000049e77000-0x000000004ae76fff] ACPI NVS
[    0.000000] reserve setup_data: [mem 0x000000004ae77000-0x000000004b2cefff] usable
[    0.000000] reserve setup_data: [mem 0x000000004b2cf000-0x000000004b54dfff] ACPI data
[    0.000000] reserve setup_data: [mem 0x000000004b54e000-0x000000004bd93fff] usable
[    0.000000] reserve setup_data: [mem 0x000000004bd94000-0x000000004be99fff] reserved
[    0.000000] reserve setup_data: [mem 0x000000004be9a000-0x000000004cdfffff] usable
[    0.000000] reserve setup_data: [mem 0x000000004ce00000-0x000000004cffffff] reserved
[    0.000000] reserve setup_data: [mem 0x000000004d000000-0x000000005eefdfff] usable
[    0.000000] reserve setup_data: [mem 0x000000005eefe000-0x000000006e3fefff] reserved
[    0.000000] reserve setup_data: [mem 0x000000006e3ff000-0x000000006f3fefff] ACPI NVS
[    0.000000] reserve setup_data: [mem 0x000000006f3ff000-0x000000006f7fefff] ACPI data
[    0.000000] reserve setup_data: [mem 0x000000006f7ff000-0x000000006f7fffff] usable
[    0.000000] reserve setup_data: [mem 0x000000006f800000-0x000000008fffffff] reserved
[    0.000000] reserve setup_data: [mem 0x00000000fe000000-0x00000000fe010fff] reserved
[    0.000000] reserve setup_data: [mem 0x0000000100000000-0x0000000cc43fffff] persistent (type 12)
[    0.000000] reserve setup_data: [mem 0x0000000cc4400000-0x0000000fffffffff] usable
[    0.000000] reserve setup_data: [mem 0x0000001000000000-0x0000001ebfffffff] persistent (type 12)
[    0.000000] reserve setup_data: [mem 0x0000001ec0000000-0x000000207fffffff] usable
[    0.000000] reserve setup_data: [mem 0x0000002080000000-0x0000011c7fffffff] persistent (type 7)
[    0.000000] reserve setup_data: [mem 0x00001ffc00000000-0x00001fffffffffff] reserved
[    0.000000] user-defined physical RAM map:
[    0.000000] user: [mem 0x0000000000000000-0x000000000008efff] usable
[    0.000000] user: [mem 0x000000000008f000-0x000000000008ffff] reserved
[    0.000000] user: [mem 0x0000000000090000-0x000000000009ffff] usable
[    0.000000] user: [mem 0x00000000000a0000-0x00000000000fffff] reserved
[    0.000000] user: [mem 0x0000000000100000-0x0000000046cc501f] usable
[    0.000000] user: [mem 0x0000000046cc5020-0x0000000046cf6a5f] usable
[    0.000000] user: [mem 0x0000000046cf6a60-0x0000000046cf701f] usable
[    0.000000] user: [mem 0x0000000046cf7020-0x0000000046d29c5f] usable
[    0.000000] user: [mem 0x0000000046d29c60-0x0000000046d2a01f] usable
[    0.000000] user: [mem 0x0000000046d2a020-0x0000000046d5cc5f] usable
[    0.000000] user: [mem 0x0000000046d5cc60-0x0000000046d5d01f] usable
[    0.000000] user: [mem 0x0000000046d5d020-0x0000000046d6505f] usable
[    0.000000] user: [mem 0x0000000046d65060-0x0000000049e76fff] usable
[    0.000000] user: [mem 0x0000000049e77000-0x000000004ae76fff] ACPI NVS
[    0.000000] user: [mem 0x000000004ae77000-0x000000004b2cefff] usable
[    0.000000] user: [mem 0x000000004b2cf000-0x000000004b54dfff] ACPI data
[    0.000000] user: [mem 0x000000004b54e000-0x000000004bd93fff] usable
[    0.000000] user: [mem 0x000000004bd94000-0x000000004be99fff] reserved
[    0.000000] user: [mem 0x000000004be9a000-0x000000004cdfffff] usable
[    0.000000] user: [mem 0x000000004ce00000-0x000000004cffffff] reserved
[    0.000000] user: [mem 0x000000004d000000-0x000000005eefdfff] usable
[    0.000000] user: [mem 0x000000005eefe000-0x000000006e3fefff] reserved
[    0.000000] user: [mem 0x000000006e3ff000-0x000000006f3fefff] ACPI NVS
[    0.000000] user: [mem 0x000000006f3ff000-0x000000006f7fefff] ACPI data
[    0.000000] user: [mem 0x000000006f7ff000-0x000000006f7fffff] usable
[    0.000000] user: [mem 0x000000006f800000-0x000000008fffffff] reserved
[    0.000000] user: [mem 0x00000000fe000000-0x00000000fe010fff] reserved
[    0.000000] user: [mem 0x0000000100000000-0x0000000cc43fffff] persistent (type 12)
[    0.000000] user: [mem 0x0000000cc4400000-0x0000000fffffffff] usable
[    0.000000] user: [mem 0x0000001000000000-0x0000001ebfffffff] persistent (type 12)
[    0.000000] user: [mem 0x0000001ec0000000-0x000000207fffffff] usable
[    0.000000] user: [mem 0x0000002080000000-0x0000011c7fffffff] persistent (type 7)
[    0.000000] user: [mem 0x00001ffc00000000-0x00001fffffffffff] reserved
[    0.000000] efi: EFI v2.70 by Dell Inc.
[    0.000000] efi: ACPI=0x6f7fe000 ACPI 2.0=0x6f7fe014 MEMATTR=0x5b070020 SMBIOS=0x69526000 SMBIOS 3.0=0x69524000 MOKvar=0x5ef81000 RNG=0x5ef8a920 
[    0.000000] efi: seeding entropy pool
[    0.000000] random: fast init done
[    0.000000] SMBIOS 3.3.0 present.
[    0.000000] DMI: Dell Inc. PowerEdge R750/0K8F35, BIOS 1.10.2 03/03/2023
[    0.000000] tsc: Detected 2000.000 MHz processor
[    0.000007] e820: update [mem 0x00000000-0x00000fff] usable ==> reserved
[    0.000010] e820: remove [mem 0x000a0000-0x000fffff] usable
[    0.000018] last_pfn = 0x2080000 max_arch_pfn = 0x400000000
[    0.000195] x86/PAT: Configuration [0-7]: WB  WC  UC- UC  WB  WP  UC- WT  
[    0.002799] total RAM covered: 2095088M
[    0.002882]  gran_size: 64K 	chunk_size: 64K 	num_reg: 10  	lose cover RAM: 2016G
[    0.002885]  gran_size: 64K 	chunk_size: 128K 	num_reg: 10  	lose cover RAM: 2016G
[    0.002887]  gran_size: 64K 	chunk_size: 256K 	num_reg: 10  	lose cover RAM: 2016G
[    0.002888]  gran_size: 64K 	chunk_size: 512K 	num_reg: 10  	lose cover RAM: 2016G
[    0.002889]  gran_size: 64K 	chunk_size: 1M 	num_reg: 10  	lose cover RAM: 2016G
[    0.002890]  gran_size: 64K 	chunk_size: 2M 	num_reg: 10  	lose cover RAM: 2016G
[    0.002892]  gran_size: 64K 	chunk_size: 4M 	num_reg: 10  	lose cover RAM: 2016G
[    0.002893]  gran_size: 64K 	chunk_size: 8M 	num_reg: 10  	lose cover RAM: 2016G
[    0.002894]  gran_size: 64K 	chunk_size: 16M 	num_reg: 10  	lose cover RAM: 2016G
[    0.002895]  gran_size: 64K 	chunk_size: 32M 	num_reg: 10  	lose cover RAM: 1024G
[    0.002897]  gran_size: 64K 	chunk_size: 64M 	num_reg: 10  	lose cover RAM: 1024G
[    0.002898]  gran_size: 64K 	chunk_size: 128M 	num_reg: 10  	lose cover RAM: 1024G
[    0.002899]  gran_size: 64K 	chunk_size: 256M 	num_reg: 10  	lose cover RAM: 1024G
[    0.002900]  gran_size: 64K 	chunk_size: 512M 	num_reg: 10  	lose cover RAM: 1024G
[    0.002902]  gran_size: 64K 	chunk_size: 1G 	num_reg: 10  	lose cover RAM: 1024G
[    0.002903]  gran_size: 64K 	chunk_size: 2G 	num_reg: 10  	lose cover RAM: 1024G
[    0.002904]  gran_size: 128K 	chunk_size: 128K 	num_reg: 10  	lose cover RAM: 2016G
[    0.002906]  gran_size: 128K 	chunk_size: 256K 	num_reg: 10  	lose cover RAM: 2016G
[    0.002907]  gran_size: 128K 	chunk_size: 512K 	num_reg: 10  	lose cover RAM: 2016G
[    0.002908]  gran_size: 128K 	chunk_size: 1M 	num_reg: 10  	lose cover RAM: 2016G
[    0.002909]  gran_size: 128K 	chunk_size: 2M 	num_reg: 10  	lose cover RAM: 2016G
[    0.002911]  gran_size: 128K 	chunk_size: 4M 	num_reg: 10  	lose cover RAM: 2016G
[    0.002912]  gran_size: 128K 	chunk_size: 8M 	num_reg: 10  	lose cover RAM: 2016G
[    0.002913]  gran_size: 128K 	chunk_size: 16M 	num_reg: 10  	lose cover RAM: 2016G
[    0.002914]  gran_size: 128K 	chunk_size: 32M 	num_reg: 10  	lose cover RAM: 1024G
[    0.002916]  gran_size: 128K 	chunk_size: 64M 	num_reg: 10  	lose cover RAM: 1024G
[    0.002917]  gran_size: 128K 	chunk_size: 128M 	num_reg: 10  	lose cover RAM: 1024G
[    0.002918]  gran_size: 128K 	chunk_size: 256M 	num_reg: 10  	lose cover RAM: 1024G
[    0.002919]  gran_size: 128K 	chunk_size: 512M 	num_reg: 10  	lose cover RAM: 1024G
[    0.002921]  gran_size: 128K 	chunk_size: 1G 	num_reg: 10  	lose cover RAM: 1024G
[    0.002922]  gran_size: 128K 	chunk_size: 2G 	num_reg: 10  	lose cover RAM: 1024G
[    0.002923]  gran_size: 256K 	chunk_size: 256K 	num_reg: 10  	lose cover RAM: 2016G
[    0.002925]  gran_size: 256K 	chunk_size: 512K 	num_reg: 10  	lose cover RAM: 2016G
[    0.002926]  gran_size: 256K 	chunk_size: 1M 	num_reg: 10  	lose cover RAM: 2016G
[    0.002927]  gran_size: 256K 	chunk_size: 2M 	num_reg: 10  	lose cover RAM: 2016G
[    0.002929]  gran_size: 256K 	chunk_size: 4M 	num_reg: 10  	lose cover RAM: 2016G
[    0.002930]  gran_size: 256K 	chunk_size: 8M 	num_reg: 10  	lose cover RAM: 2016G
[    0.002931]  gran_size: 256K 	chunk_size: 16M 	num_reg: 10  	lose cover RAM: 2016G
[    0.002932]  gran_size: 256K 	chunk_size: 32M 	num_reg: 10  	lose cover RAM: 1024G
[    0.002934]  gran_size: 256K 	chunk_size: 64M 	num_reg: 10  	lose cover RAM: 1024G
[    0.002935]  gran_size: 256K 	chunk_size: 128M 	num_reg: 10  	lose cover RAM: 1024G
[    0.002936]  gran_size: 256K 	chunk_size: 256M 	num_reg: 10  	lose cover RAM: 1024G
[    0.002937]  gran_size: 256K 	chunk_size: 512M 	num_reg: 10  	lose cover RAM: 1024G
[    0.002939]  gran_size: 256K 	chunk_size: 1G 	num_reg: 10  	lose cover RAM: 1024G
[    0.002940]  gran_size: 256K 	chunk_size: 2G 	num_reg: 10  	lose cover RAM: 1024G
[    0.002942]  gran_size: 512K 	chunk_size: 512K 	num_reg: 10  	lose cover RAM: 2016G
[    0.002943]  gran_size: 512K 	chunk_size: 1M 	num_reg: 10  	lose cover RAM: 2016G
[    0.002944]  gran_size: 512K 	chunk_size: 2M 	num_reg: 10  	lose cover RAM: 2016G
[    0.002946]  gran_size: 512K 	chunk_size: 4M 	num_reg: 10  	lose cover RAM: 2016G
[    0.002947]  gran_size: 512K 	chunk_size: 8M 	num_reg: 10  	lose cover RAM: 2016G
[    0.002948]  gran_size: 512K 	chunk_size: 16M 	num_reg: 10  	lose cover RAM: 2016G
[    0.002949]  gran_size: 512K 	chunk_size: 32M 	num_reg: 10  	lose cover RAM: 1024G
[    0.002951]  gran_size: 512K 	chunk_size: 64M 	num_reg: 10  	lose cover RAM: 1024G
[    0.002952]  gran_size: 512K 	chunk_size: 128M 	num_reg: 10  	lose cover RAM: 1024G
[    0.002953]  gran_size: 512K 	chunk_size: 256M 	num_reg: 10  	lose cover RAM: 1024G
[    0.002954]  gran_size: 512K 	chunk_size: 512M 	num_reg: 10  	lose cover RAM: 1024G
[    0.002956]  gran_size: 512K 	chunk_size: 1G 	num_reg: 10  	lose cover RAM: 1024G
[    0.002957]  gran_size: 512K 	chunk_size: 2G 	num_reg: 10  	lose cover RAM: 1024G
[    0.002958]  gran_size: 1M 	chunk_size: 1M 	num_reg: 10  	lose cover RAM: 2016G
[    0.002959]  gran_size: 1M 	chunk_size: 2M 	num_reg: 10  	lose cover RAM: 2016G
[    0.002961]  gran_size: 1M 	chunk_size: 4M 	num_reg: 10  	lose cover RAM: 2016G
[    0.002962]  gran_size: 1M 	chunk_size: 8M 	num_reg: 10  	lose cover RAM: 2016G
[    0.002963]  gran_size: 1M 	chunk_size: 16M 	num_reg: 10  	lose cover RAM: 2016G
[    0.002964]  gran_size: 1M 	chunk_size: 32M 	num_reg: 10  	lose cover RAM: 1024G
[    0.002966]  gran_size: 1M 	chunk_size: 64M 	num_reg: 10  	lose cover RAM: 1024G
[    0.002967]  gran_size: 1M 	chunk_size: 128M 	num_reg: 10  	lose cover RAM: 1024G
[    0.002968]  gran_size: 1M 	chunk_size: 256M 	num_reg: 10  	lose cover RAM: 1024G
[    0.002969]  gran_size: 1M 	chunk_size: 512M 	num_reg: 10  	lose cover RAM: 1024G
[    0.002971]  gran_size: 1M 	chunk_size: 1G 	num_reg: 10  	lose cover RAM: 1024G
[    0.002972]  gran_size: 1M 	chunk_size: 2G 	num_reg: 10  	lose cover RAM: 1024G
[    0.002973]  gran_size: 2M 	chunk_size: 2M 	num_reg: 10  	lose cover RAM: 2016G
[    0.002974]  gran_size: 2M 	chunk_size: 4M 	num_reg: 10  	lose cover RAM: 2016G
[    0.002976]  gran_size: 2M 	chunk_size: 8M 	num_reg: 10  	lose cover RAM: 2016G
[    0.002977]  gran_size: 2M 	chunk_size: 16M 	num_reg: 10  	lose cover RAM: 2016G
[    0.002978]  gran_size: 2M 	chunk_size: 32M 	num_reg: 10  	lose cover RAM: 1024G
[    0.002979]  gran_size: 2M 	chunk_size: 64M 	num_reg: 10  	lose cover RAM: 1024G
[    0.002981]  gran_size: 2M 	chunk_size: 128M 	num_reg: 10  	lose cover RAM: 1024G
[    0.002982]  gran_size: 2M 	chunk_size: 256M 	num_reg: 10  	lose cover RAM: 1024G
[    0.002983]  gran_size: 2M 	chunk_size: 512M 	num_reg: 10  	lose cover RAM: 1024G
[    0.002985]  gran_size: 2M 	chunk_size: 1G 	num_reg: 10  	lose cover RAM: 1024G
[    0.002986]  gran_size: 2M 	chunk_size: 2G 	num_reg: 10  	lose cover RAM: 1024G
[    0.002987]  gran_size: 4M 	chunk_size: 4M 	num_reg: 10  	lose cover RAM: 2016G
[    0.002988]  gran_size: 4M 	chunk_size: 8M 	num_reg: 10  	lose cover RAM: 2016G
[    0.002990]  gran_size: 4M 	chunk_size: 16M 	num_reg: 10  	lose cover RAM: 2016G
[    0.002991]  gran_size: 4M 	chunk_size: 32M 	num_reg: 10  	lose cover RAM: 1024G
[    0.002992]  gran_size: 4M 	chunk_size: 64M 	num_reg: 10  	lose cover RAM: 1024G
[    0.002993]  gran_size: 4M 	chunk_size: 128M 	num_reg: 10  	lose cover RAM: 1024G
[    0.002995]  gran_size: 4M 	chunk_size: 256M 	num_reg: 10  	lose cover RAM: 1024G
[    0.002996]  gran_size: 4M 	chunk_size: 512M 	num_reg: 10  	lose cover RAM: 1024G
[    0.002997]  gran_size: 4M 	chunk_size: 1G 	num_reg: 10  	lose cover RAM: 1024G
[    0.002998]  gran_size: 4M 	chunk_size: 2G 	num_reg: 10  	lose cover RAM: 1024G
[    0.003000]  gran_size: 8M 	chunk_size: 8M 	num_reg: 10  	lose cover RAM: 2016G
[    0.003001]  gran_size: 8M 	chunk_size: 16M 	num_reg: 10  	lose cover RAM: 2016G
[    0.003002]  gran_size: 8M 	chunk_size: 32M 	num_reg: 10  	lose cover RAM: 1024G
[    0.003004]  gran_size: 8M 	chunk_size: 64M 	num_reg: 10  	lose cover RAM: 1024G
[    0.003005]  gran_size: 8M 	chunk_size: 128M 	num_reg: 10  	lose cover RAM: 1024G
[    0.003006]  gran_size: 8M 	chunk_size: 256M 	num_reg: 10  	lose cover RAM: 1024G
[    0.003007]  gran_size: 8M 	chunk_size: 512M 	num_reg: 10  	lose cover RAM: 1024G
[    0.003009]  gran_size: 8M 	chunk_size: 1G 	num_reg: 10  	lose cover RAM: 1024G
[    0.003010]  gran_size: 8M 	chunk_size: 2G 	num_reg: 10  	lose cover RAM: 1024G
[    0.003011]  gran_size: 16M 	chunk_size: 16M 	num_reg: 10  	lose cover RAM: 2016G
[    0.003013]  gran_size: 16M 	chunk_size: 32M 	num_reg: 10  	lose cover RAM: 1024G
[    0.003014]  gran_size: 16M 	chunk_size: 64M 	num_reg: 10  	lose cover RAM: 1024G
[    0.003015]  gran_size: 16M 	chunk_size: 128M 	num_reg: 10  	lose cover RAM: 1024G
[    0.003016]  gran_size: 16M 	chunk_size: 256M 	num_reg: 10  	lose cover RAM: 1024G
[    0.003018]  gran_size: 16M 	chunk_size: 512M 	num_reg: 10  	lose cover RAM: 1024G
[    0.003019]  gran_size: 16M 	chunk_size: 1G 	num_reg: 10  	lose cover RAM: 1024G
[    0.003020]  gran_size: 16M 	chunk_size: 2G 	num_reg: 10  	lose cover RAM: 1024G
[    0.003021]  gran_size: 32M 	chunk_size: 32M 	num_reg: 10  	lose cover RAM: 2031632M
[    0.003023]  gran_size: 32M 	chunk_size: 64M 	num_reg: 10  	lose cover RAM: 1048592M
[    0.003024]  gran_size: 32M 	chunk_size: 128M 	num_reg: 10  	lose cover RAM: 1048592M
[    0.003025]  gran_size: 32M 	chunk_size: 256M 	num_reg: 10  	lose cover RAM: 1048592M
[    0.003027]  gran_size: 32M 	chunk_size: 512M 	num_reg: 10  	lose cover RAM: 1048592M
[    0.003028]  gran_size: 32M 	chunk_size: 1G 	num_reg: 10  	lose cover RAM: 1048592M
[    0.003029]  gran_size: 32M 	chunk_size: 2G 	num_reg: 10  	lose cover RAM: 1048592M
[    0.003030]  gran_size: 64M 	chunk_size: 64M 	num_reg: 10  	lose cover RAM: 1966128M
[    0.003032]  gran_size: 64M 	chunk_size: 128M 	num_reg: 10  	lose cover RAM: 1048624M
[    0.003033]  gran_size: 64M 	chunk_size: 256M 	num_reg: 10  	lose cover RAM: 1048624M
[    0.003034]  gran_size: 64M 	chunk_size: 512M 	num_reg: 10  	lose cover RAM: 1048624M
[    0.003036]  gran_size: 64M 	chunk_size: 1G 	num_reg: 10  	lose cover RAM: 1048624M
[    0.003037]  gran_size: 64M 	chunk_size: 2G 	num_reg: 10  	lose cover RAM: 1048624M
[    0.003038]  gran_size: 128M 	chunk_size: 128M 	num_reg: 10  	lose cover RAM: 1835120M
[    0.003040]  gran_size: 128M 	chunk_size: 256M 	num_reg: 10  	lose cover RAM: 1048688M
[    0.003041]  gran_size: 128M 	chunk_size: 512M 	num_reg: 10  	lose cover RAM: 1048688M
[    0.003042]  gran_size: 128M 	chunk_size: 1G 	num_reg: 10  	lose cover RAM: 1048688M
[    0.003044]  gran_size: 128M 	chunk_size: 2G 	num_reg: 10  	lose cover RAM: 1048688M
[    0.003045]  gran_size: 256M 	chunk_size: 256M 	num_reg: 10  	lose cover RAM: 1573104M
[    0.003046]  gran_size: 256M 	chunk_size: 512M 	num_reg: 10  	lose cover RAM: 1048816M
[    0.003048]  gran_size: 256M 	chunk_size: 1G 	num_reg: 10  	lose cover RAM: 1048816M
[    0.003049]  gran_size: 256M 	chunk_size: 2G 	num_reg: 10  	lose cover RAM: 1048816M
[    0.003050]  gran_size: 512M 	chunk_size: 512M 	num_reg: 10  	lose cover RAM: 1049072M
[    0.003052]  gran_size: 512M 	chunk_size: 1G 	num_reg: 10  	lose cover RAM: 1049072M
[    0.003053]  gran_size: 512M 	chunk_size: 2G 	num_reg: 10  	lose cover RAM: 1049072M
[    0.003054]  gran_size: 1G 	chunk_size: 1G 	num_reg: 10  	lose cover RAM: 1008M
[    0.003055]  gran_size: 1G 	chunk_size: 2G 	num_reg: 10  	lose cover RAM: 1008M
[    0.003057]  gran_size: 2G 	chunk_size: 2G 	num_reg: 9  	lose cover RAM: 2032M
[    0.003058] mtrr_cleanup: can not find optimal value
[    0.003059] please specify mtrr_gran_size/mtrr_chunk_size
[    0.003061] e820: update [mem 0x7f000000-0xffffffff] usable ==> reserved
[    0.003064] x2apic: enabled by BIOS, switching to x2apic ops
[    0.003065] last_pfn = 0x6f800 max_arch_pfn = 0x400000000
[    0.014395] Using GB pages for direct mapping
[    0.015302] Secure boot disabled
[    0.015303] RAMDISK: [mem 0x205cb7c000-0x207fffffff]
[    0.015308] ACPI: Early table checksum verification disabled
[    0.015310] ACPI: RSDP 0x000000006F7FE014 000024 (v02 DELL  )
[    0.015314] ACPI: XSDT 0x000000006F41C188 0000F4 (v01 DELL   PE_SC3   00000000 DELL 01000013)
[    0.015319] ACPI: FACP 0x000000006F430000 000114 (v06 DELL   PE_SC3   00000000 DELL 00000001)
[    0.015325] ACPI: DSDT 0x000000004B4CE000 07FAD3 (v02 DELL   PE_SC3   00000003 DELL 00000001)
[    0.015328] ACPI: FACS 0x000000006F2F2000 000040
[    0.015331] ACPI: SSDT 0x000000006F7FB000 00159A (v02 INTEL  RAS_ACPI 00000001 INTL 20210331)
[    0.015335] ACPI: SSDT 0x000000006F7FA000 000745 (v02 INTEL  ADDRXLAT 00000001 INTL 20210331)
[    0.015338] ACPI: MCEJ 0x000000006F7F9000 000130 (v01 INTEL           00000001 INTL 0100000D)
[    0.015342] ACPI: BERT 0x000000006F7F8000 000030 (v01 DELL   PE_SC3   00000001 INTL 00000001)
[    0.015345] ACPI: ERST 0x000000006F7F7000 000230 (v01 DELL   PE_SC3   00000001 INTL 00000001)
[    0.015348] ACPI: SSDT 0x000000006F431000 3C524E (v02 INTEL  SSDTNVDR 00001000 INTL 20210331)
[    0.015352] ACPI: HMAT 0x000000006F42F000 000210 (v01 DELL   PE_SC3   00000001 DELL 00000001)
[    0.015355] ACPI: HPET 0x000000006F42E000 000038 (v01 DELL   PE_SC3   00000001 DELL 00000001)
[    0.015358] ACPI: MCFG 0x000000006F42D000 00003C (v01 DELL   PE_SC3   00000001 DELL 00000001)
[    0.015361] ACPI: MIGT 0x000000006F42C000 000040 (v01 DELL   PE_SC3   00000000 DELL 00000001)
[    0.015364] ACPI: MSCT 0x000000006F42B000 000090 (v01 DELL   PE_SC3   00000001 DELL 00000001)
[    0.015368] ACPI: PMTT 0x000000006F429000 0011E8 (v02 DELL   PE_SC3   00000001 DELL 00000001)
[    0.015371] ACPI: WSMT 0x000000006F428000 000028 (v01 DELL   PE_SC3   00000000 DELL 00000001)
[    0.015374] ACPI: APIC 0x000000006F427000 00075E (v04 DELL   PE_SC3   00000000 DELL 00000001)
[    0.015377] ACPI: SLIT 0x000000006F426000 00003C (v01 DELL   PE_SC3   00000001 DELL 01000013)
[    0.015381] ACPI: SRAT 0x000000006F41F000 006430 (v03 DELL   PE_SC3   00000002 DELL 01000013)
[    0.015384] ACPI: OEM4 0x000000004B346000 187A61 (v02 INTEL  CPU  CST 00003000 INTL 20210331)
[    0.015387] ACPI: SSDT 0x000000004B2CF000 0764A5 (v02 INTEL  SSDT  PM 00004000 INTL 20210331)
[    0.015391] ACPI: SSDT 0x000000006F41E000 000A1F (v02 DELL   PE_SC3   00000000 DELL 00000001)
[    0.015394] ACPI: HEST 0x000000006F41D000 00017C (v01 DELL   PE_SC3   00000001 INTL 00000001)
[    0.015397] ACPI: PCAT 0x000000006F41B000 00010C (v19 DELL   PE_SC3   00000002 DELL 00000001)
[    0.015400] ACPI: SSDT 0x000000006F413000 007299 (v02 INTEL  SpsNm    00000002 INTL 20210331)
[    0.015403] ACPI: SSDT 0x000000006F412000 000426 (v02 DELL   PE_SC3   00000002 DELL 00000001)
[    0.015407] ACPI: NFIT 0x000000006F7FD000 000488 (v01 DELL   PE_SC3   00000002 DELL 00000001)
[    0.015410] ACPI: DMAR 0x000000006F411000 000158 (v01 DELL   PE_SC3   00000001 DELL 00000001)
[    0.015412] ACPI: Reserving FACP table memory at [mem 0x6f430000-0x6f430113]
[    0.015414] ACPI: Reserving DSDT table memory at [mem 0x4b4ce000-0x4b54dad2]
[    0.015415] ACPI: Reserving FACS table memory at [mem 0x6f2f2000-0x6f2f203f]
[    0.015416] ACPI: Reserving SSDT table memory at [mem 0x6f7fb000-0x6f7fc599]
[    0.015417] ACPI: Reserving SSDT table memory at [mem 0x6f7fa000-0x6f7fa744]
[    0.015418] ACPI: Reserving MCEJ table memory at [mem 0x6f7f9000-0x6f7f912f]
[    0.015419] ACPI: Reserving BERT table memory at [mem 0x6f7f8000-0x6f7f802f]
[    0.015419] ACPI: Reserving ERST table memory at [mem 0x6f7f7000-0x6f7f722f]
[    0.015420] ACPI: Reserving SSDT table memory at [mem 0x6f431000-0x6f7f624d]
[    0.015421] ACPI: Reserving HMAT table memory at [mem 0x6f42f000-0x6f42f20f]
[    0.015422] ACPI: Reserving HPET table memory at [mem 0x6f42e000-0x6f42e037]
[    0.015423] ACPI: Reserving MCFG table memory at [mem 0x6f42d000-0x6f42d03b]
[    0.015424] ACPI: Reserving MIGT table memory at [mem 0x6f42c000-0x6f42c03f]
[    0.015425] ACPI: Reserving MSCT table memory at [mem 0x6f42b000-0x6f42b08f]
[    0.015425] ACPI: Reserving PMTT table memory at [mem 0x6f429000-0x6f42a1e7]
[    0.015426] ACPI: Reserving WSMT table memory at [mem 0x6f428000-0x6f428027]
[    0.015427] ACPI: Reserving APIC table memory at [mem 0x6f427000-0x6f42775d]
[    0.015428] ACPI: Reserving SLIT table memory at [mem 0x6f426000-0x6f42603b]
[    0.015429] ACPI: Reserving SRAT table memory at [mem 0x6f41f000-0x6f42542f]
[    0.015430] ACPI: Reserving OEM4 table memory at [mem 0x4b346000-0x4b4cda60]
[    0.015431] ACPI: Reserving SSDT table memory at [mem 0x4b2cf000-0x4b3454a4]
[    0.015432] ACPI: Reserving SSDT table memory at [mem 0x6f41e000-0x6f41ea1e]
[    0.015433] ACPI: Reserving HEST table memory at [mem 0x6f41d000-0x6f41d17b]
[    0.015433] ACPI: Reserving PCAT table memory at [mem 0x6f41b000-0x6f41b10b]
[    0.015434] ACPI: Reserving SSDT table memory at [mem 0x6f413000-0x6f41a298]
[    0.015435] ACPI: Reserving SSDT table memory at [mem 0x6f412000-0x6f412425]
[    0.015436] ACPI: Reserving NFIT table memory at [mem 0x6f7fd000-0x6f7fd487]
[    0.015437] ACPI: Reserving DMAR table memory at [mem 0x6f411000-0x6f411157]
[    0.015448] Setting APIC routing to cluster x2apic.
[    0.015497] SRAT: PXM 0 -> APIC 0x0000 -> Node 0
[    0.015498] SRAT: PXM 0 -> APIC 0x0001 -> Node 0
[    0.015499] SRAT: PXM 0 -> APIC 0x0002 -> Node 0
[    0.015500] SRAT: PXM 0 -> APIC 0x0003 -> Node 0
[    0.015500] SRAT: PXM 0 -> APIC 0x0004 -> Node 0
[    0.015501] SRAT: PXM 0 -> APIC 0x0005 -> Node 0
[    0.015502] SRAT: PXM 0 -> APIC 0x0006 -> Node 0
[    0.015502] SRAT: PXM 0 -> APIC 0x0007 -> Node 0
[    0.015503] SRAT: PXM 0 -> APIC 0x0008 -> Node 0
[    0.015504] SRAT: PXM 0 -> APIC 0x0009 -> Node 0
[    0.015504] SRAT: PXM 0 -> APIC 0x000a -> Node 0
[    0.015505] SRAT: PXM 0 -> APIC 0x000b -> Node 0
[    0.015506] SRAT: PXM 0 -> APIC 0x000c -> Node 0
[    0.015506] SRAT: PXM 0 -> APIC 0x000d -> Node 0
[    0.015507] SRAT: PXM 0 -> APIC 0x000e -> Node 0
[    0.015507] SRAT: PXM 0 -> APIC 0x000f -> Node 0
[    0.015508] SRAT: PXM 0 -> APIC 0x0010 -> Node 0
[    0.015509] SRAT: PXM 0 -> APIC 0x0011 -> Node 0
[    0.015510] SRAT: PXM 0 -> APIC 0x0012 -> Node 0
[    0.015510] SRAT: PXM 0 -> APIC 0x0013 -> Node 0
[    0.015511] SRAT: PXM 0 -> APIC 0x0014 -> Node 0
[    0.015512] SRAT: PXM 0 -> APIC 0x0015 -> Node 0
[    0.015512] SRAT: PXM 0 -> APIC 0x0016 -> Node 0
[    0.015513] SRAT: PXM 0 -> APIC 0x0017 -> Node 0
[    0.015513] SRAT: PXM 0 -> APIC 0x0018 -> Node 0
[    0.015514] SRAT: PXM 0 -> APIC 0x0019 -> Node 0
[    0.015515] SRAT: PXM 0 -> APIC 0x001a -> Node 0
[    0.015515] SRAT: PXM 0 -> APIC 0x001b -> Node 0
[    0.015516] SRAT: PXM 0 -> APIC 0x001c -> Node 0
[    0.015517] SRAT: PXM 0 -> APIC 0x001d -> Node 0
[    0.015517] SRAT: PXM 0 -> APIC 0x001e -> Node 0
[    0.015518] SRAT: PXM 0 -> APIC 0x001f -> Node 0
[    0.015518] SRAT: PXM 0 -> APIC 0x0020 -> Node 0
[    0.015519] SRAT: PXM 0 -> APIC 0x0021 -> Node 0
[    0.015520] SRAT: PXM 0 -> APIC 0x0022 -> Node 0
[    0.015520] SRAT: PXM 0 -> APIC 0x0023 -> Node 0
[    0.015521] SRAT: PXM 0 -> APIC 0x0024 -> Node 0
[    0.015522] SRAT: PXM 0 -> APIC 0x0025 -> Node 0
[    0.015522] SRAT: PXM 0 -> APIC 0x0026 -> Node 0
[    0.015523] SRAT: PXM 0 -> APIC 0x0027 -> Node 0
[    0.015524] SRAT: PXM 0 -> APIC 0x0028 -> Node 0
[    0.015524] SRAT: PXM 0 -> APIC 0x0029 -> Node 0
[    0.015525] SRAT: PXM 0 -> APIC 0x002a -> Node 0
[    0.015525] SRAT: PXM 0 -> APIC 0x002b -> Node 0
[    0.015526] SRAT: PXM 0 -> APIC 0x002c -> Node 0
[    0.015527] SRAT: PXM 0 -> APIC 0x002d -> Node 0
[    0.015527] SRAT: PXM 0 -> APIC 0x002e -> Node 0
[    0.015528] SRAT: PXM 0 -> APIC 0x002f -> Node 0
[    0.015529] SRAT: PXM 0 -> APIC 0x0030 -> Node 0
[    0.015529] SRAT: PXM 0 -> APIC 0x0031 -> Node 0
[    0.015530] SRAT: PXM 0 -> APIC 0x0032 -> Node 0
[    0.015531] SRAT: PXM 0 -> APIC 0x0033 -> Node 0
[    0.015531] SRAT: PXM 0 -> APIC 0x0034 -> Node 0
[    0.015532] SRAT: PXM 0 -> APIC 0x0035 -> Node 0
[    0.015532] SRAT: PXM 0 -> APIC 0x0036 -> Node 0
[    0.015533] SRAT: PXM 0 -> APIC 0x0037 -> Node 0
[    0.015534] SRAT: PXM 1 -> APIC 0x0080 -> Node 1
[    0.015535] SRAT: PXM 1 -> APIC 0x0081 -> Node 1
[    0.015535] SRAT: PXM 1 -> APIC 0x0082 -> Node 1
[    0.015536] SRAT: PXM 1 -> APIC 0x0083 -> Node 1
[    0.015536] SRAT: PXM 1 -> APIC 0x0084 -> Node 1
[    0.015537] SRAT: PXM 1 -> APIC 0x0085 -> Node 1
[    0.015538] SRAT: PXM 1 -> APIC 0x0086 -> Node 1
[    0.015538] SRAT: PXM 1 -> APIC 0x0087 -> Node 1
[    0.015539] SRAT: PXM 1 -> APIC 0x0088 -> Node 1
[    0.015540] SRAT: PXM 1 -> APIC 0x0089 -> Node 1
[    0.015540] SRAT: PXM 1 -> APIC 0x008a -> Node 1
[    0.015541] SRAT: PXM 1 -> APIC 0x008b -> Node 1
[    0.015542] SRAT: PXM 1 -> APIC 0x008c -> Node 1
[    0.015542] SRAT: PXM 1 -> APIC 0x008d -> Node 1
[    0.015543] SRAT: PXM 1 -> APIC 0x008e -> Node 1
[    0.015543] SRAT: PXM 1 -> APIC 0x008f -> Node 1
[    0.015544] SRAT: PXM 1 -> APIC 0x0090 -> Node 1
[    0.015545] SRAT: PXM 1 -> APIC 0x0091 -> Node 1
[    0.015545] SRAT: PXM 1 -> APIC 0x0092 -> Node 1
[    0.015546] SRAT: PXM 1 -> APIC 0x0093 -> Node 1
[    0.015547] SRAT: PXM 1 -> APIC 0x0094 -> Node 1
[    0.015547] SRAT: PXM 1 -> APIC 0x0095 -> Node 1
[    0.015548] SRAT: PXM 1 -> APIC 0x0096 -> Node 1
[    0.015549] SRAT: PXM 1 -> APIC 0x0097 -> Node 1
[    0.015549] SRAT: PXM 1 -> APIC 0x0098 -> Node 1
[    0.015550] SRAT: PXM 1 -> APIC 0x0099 -> Node 1
[    0.015550] SRAT: PXM 1 -> APIC 0x009a -> Node 1
[    0.015551] SRAT: PXM 1 -> APIC 0x009b -> Node 1
[    0.015552] SRAT: PXM 1 -> APIC 0x009c -> Node 1
[    0.015552] SRAT: PXM 1 -> APIC 0x009d -> Node 1
[    0.015553] SRAT: PXM 1 -> APIC 0x009e -> Node 1
[    0.015554] SRAT: PXM 1 -> APIC 0x009f -> Node 1
[    0.015554] SRAT: PXM 1 -> APIC 0x00a0 -> Node 1
[    0.015555] SRAT: PXM 1 -> APIC 0x00a1 -> Node 1
[    0.015556] SRAT: PXM 1 -> APIC 0x00a2 -> Node 1
[    0.015556] SRAT: PXM 1 -> APIC 0x00a3 -> Node 1
[    0.015557] SRAT: PXM 1 -> APIC 0x00a4 -> Node 1
[    0.015557] SRAT: PXM 1 -> APIC 0x00a5 -> Node 1
[    0.015558] SRAT: PXM 1 -> APIC 0x00a6 -> Node 1
[    0.015559] SRAT: PXM 1 -> APIC 0x00a7 -> Node 1
[    0.015559] SRAT: PXM 1 -> APIC 0x00a8 -> Node 1
[    0.015560] SRAT: PXM 1 -> APIC 0x00a9 -> Node 1
[    0.015561] SRAT: PXM 1 -> APIC 0x00aa -> Node 1
[    0.015561] SRAT: PXM 1 -> APIC 0x00ab -> Node 1
[    0.015562] SRAT: PXM 1 -> APIC 0x00ac -> Node 1
[    0.015563] SRAT: PXM 1 -> APIC 0x00ad -> Node 1
[    0.015563] SRAT: PXM 1 -> APIC 0x00ae -> Node 1
[    0.015564] SRAT: PXM 1 -> APIC 0x00af -> Node 1
[    0.015565] SRAT: PXM 1 -> APIC 0x00b0 -> Node 1
[    0.015565] SRAT: PXM 1 -> APIC 0x00b1 -> Node 1
[    0.015566] SRAT: PXM 1 -> APIC 0x00b2 -> Node 1
[    0.015566] SRAT: PXM 1 -> APIC 0x00b3 -> Node 1
[    0.015567] SRAT: PXM 1 -> APIC 0x00b4 -> Node 1
[    0.015568] SRAT: PXM 1 -> APIC 0x00b5 -> Node 1
[    0.015568] SRAT: PXM 1 -> APIC 0x00b6 -> Node 1
[    0.015569] SRAT: PXM 1 -> APIC 0x00b7 -> Node 1
[    0.015582] ACPI: SRAT: Node 0 PXM 0 [mem 0x00000000-0x7fffffff]
[    0.015583] ACPI: SRAT: Node 0 PXM 0 [mem 0x100000000-0x107fffffff]
[    0.015585] ACPI: SRAT: Node 2 PXM 2 [mem 0x2080000000-0x9e7fffffff] non-volatile
[    0.015586] ACPI: SRAT: Node 1 PXM 1 [mem 0x1080000000-0x207fffffff]
[    0.015587] ACPI: SRAT: Node 3 PXM 3 [mem 0x9e80000000-0x11c7fffffff] non-volatile
[    0.015596] NUMA: Initialized distance table, cnt=4
[    0.015598] NUMA: Node 0 [mem 0x00000000-0x7fffffff] + [mem 0x100000000-0x107fffffff] -> [mem 0x00000000-0x107fffffff]
[    0.015607] NODE_DATA(0) allocated [mem 0xffffd5000-0xfffffffff]
[    0.015625] NODE_DATA(1) allocated [mem 0x205cb4d000-0x205cb77fff]
[    0.015825] Zone ranges:
[    0.015826]   DMA      [mem 0x0000000000001000-0x0000000000ffffff]
[    0.015828]   DMA32    [mem 0x0000000001000000-0x00000000ffffffff]
[    0.015829]   Normal   [mem 0x0000000100000000-0x000000207fffffff]
[    0.015831]   Device   empty
[    0.015832] Movable zone start for each node
[    0.015835] Early memory node ranges
[    0.015835]   node   0: [mem 0x0000000000001000-0x000000000008efff]
[    0.015837]   node   0: [mem 0x0000000000090000-0x000000000009ffff]
[    0.015838]   node   0: [mem 0x0000000000100000-0x0000000049e76fff]
[    0.015839]   node   0: [mem 0x000000004ae77000-0x000000004b2cefff]
[    0.015840]   node   0: [mem 0x000000004b54e000-0x000000004bd93fff]
[    0.015840]   node   0: [mem 0x000000004be9a000-0x000000004cdfffff]
[    0.015841]   node   0: [mem 0x000000004d000000-0x000000005eefdfff]
[    0.015842]   node   0: [mem 0x000000006f7ff000-0x000000006f7fffff]
[    0.015843]   node   0: [mem 0x0000000cc4400000-0x0000000fffffffff]
[    0.015844]   node   1: [mem 0x0000001ec0000000-0x000000207fffffff]
[    0.015846] Initmem setup node 0 [mem 0x0000000000001000-0x0000000fffffffff]
[    0.015849] Initmem setup node 1 [mem 0x0000001ec0000000-0x000000207fffffff]
[    0.015851] On node 0, zone DMA: 1 pages in unavailable ranges
[    0.015853] On node 0, zone DMA: 1 pages in unavailable ranges
[    0.015882] On node 0, zone DMA: 96 pages in unavailable ranges
[    0.018080] On node 0, zone DMA32: 4096 pages in unavailable ranges
[    0.018099] On node 0, zone DMA32: 639 pages in unavailable ranges
[    0.018127] On node 0, zone DMA32: 262 pages in unavailable ranges
[    0.018630] On node 0, zone DMA32: 512 pages in unavailable ranges
[    0.018901] On node 0, zone DMA32: 35073 pages in unavailable ranges
[    0.043700] On node 0, zone Normal: 19456 pages in unavailable ranges
[    0.057945] ACPI: PM-Timer IO Port: 0x508
[    0.057963] ACPI: X2APIC_NMI (uid[0xffffffff] high edge lint[0x1])
[    0.057967] ACPI: LAPIC_NMI (acpi_id[0xff] high edge lint[0x1])
[    0.057985] IOAPIC[0]: apic_id 8, version 32, address 0xfec00000, GSI 0-119
[    0.057989] ACPI: INT_SRC_OVR (bus 0 bus_irq 0 global_irq 2 dfl dfl)
[    0.057991] ACPI: INT_SRC_OVR (bus 0 bus_irq 9 global_irq 9 high level)
[    0.057995] ACPI: Using ACPI (MADT) for SMP configuration information
[    0.057996] ACPI: HPET id: 0x8086a701 base: 0xfed00000
[    0.058001] TSC deadline timer available
[    0.058002] smpboot: Allowing 112 CPUs, 0 hotplug CPUs
[    0.058030] PM: hibernation: Registered nosave memory: [mem 0x00000000-0x00000fff]
[    0.058032] PM: hibernation: Registered nosave memory: [mem 0x0008f000-0x0008ffff]
[    0.058034] PM: hibernation: Registered nosave memory: [mem 0x000a0000-0x000fffff]
[    0.058035] PM: hibernation: Registered nosave memory: [mem 0x46cc5000-0x46cc5fff]
[    0.058037] PM: hibernation: Registered nosave memory: [mem 0x46cf6000-0x46cf6fff]
[    0.058038] PM: hibernation: Registered nosave memory: [mem 0x46cf7000-0x46cf7fff]
[    0.058040] PM: hibernation: Registered nosave memory: [mem 0x46d29000-0x46d29fff]
[    0.058041] PM: hibernation: Registered nosave memory: [mem 0x46d2a000-0x46d2afff]
[    0.058042] PM: hibernation: Registered nosave memory: [mem 0x46d5c000-0x46d5cfff]
[    0.058043] PM: hibernation: Registered nosave memory: [mem 0x46d5d000-0x46d5dfff]
[    0.058044] PM: hibernation: Registered nosave memory: [mem 0x46d65000-0x46d65fff]
[    0.058046] PM: hibernation: Registered nosave memory: [mem 0x49e77000-0x4ae76fff]
[    0.058048] PM: hibernation: Registered nosave memory: [mem 0x4b2cf000-0x4b54dfff]
[    0.058049] PM: hibernation: Registered nosave memory: [mem 0x4bd94000-0x4be99fff]
[    0.058051] PM: hibernation: Registered nosave memory: [mem 0x4ce00000-0x4cffffff]
[    0.058053] PM: hibernation: Registered nosave memory: [mem 0x5eefe000-0x6e3fefff]
[    0.058054] PM: hibernation: Registered nosave memory: [mem 0x6e3ff000-0x6f3fefff]
[    0.058054] PM: hibernation: Registered nosave memory: [mem 0x6f3ff000-0x6f7fefff]
[    0.058056] PM: hibernation: Registered nosave memory: [mem 0x6f800000-0x8fffffff]
[    0.058057] PM: hibernation: Registered nosave memory: [mem 0x90000000-0xfdffffff]
[    0.058058] PM: hibernation: Registered nosave memory: [mem 0xfe000000-0xfe010fff]
[    0.058058] PM: hibernation: Registered nosave memory: [mem 0xfe011000-0xffffffff]
[    0.058059] PM: hibernation: Registered nosave memory: [mem 0x100000000-0xcc43fffff]
[    0.058061] PM: hibernation: Registered nosave memory: [mem 0x1000000000-0x1ebfffffff]
[    0.058063] [mem 0x90000000-0xfdffffff] available for PCI devices
[    0.058064] Booting paravirtualized kernel on bare hardware
[    0.058066] clocksource: refined-jiffies: mask: 0xffffffff max_cycles: 0xffffffff, max_idle_ns: 7645519600211568 ns
[    0.058073] setup_percpu: NR_CPUS:8192 nr_cpumask_bits:112 nr_cpu_ids:112 nr_node_ids:4
[    0.062487] percpu: Embedded 53 pages/cpu s180224 r8192 d28672 u262144
[    0.062499] pcpu-alloc: s180224 r8192 d28672 u262144 alloc=1*2097152
[    0.062501] pcpu-alloc: [0] 000 002 004 006 008 010 012 014 
[    0.062507] pcpu-alloc: [0] 016 018 020 022 024 026 028 030 
[    0.062511] pcpu-alloc: [0] 032 034 036 038 040 042 044 046 
[    0.062515] pcpu-alloc: [0] 048 050 052 054 056 058 060 062 
[    0.062519] pcpu-alloc: [0] 064 066 068 070 072 074 076 078 
[    0.062524] pcpu-alloc: [0] 080 082 084 086 088 090 092 094 
[    0.062528] pcpu-alloc: [0] 096 098 100 102 104 106 108 110 
[    0.062532] pcpu-alloc: [1] 001 003 005 007 009 011 013 015 
[    0.062536] pcpu-alloc: [1] 017 019 021 023 025 027 029 031 
[    0.062540] pcpu-alloc: [1] 033 035 037 039 041 043 045 047 
[    0.062544] pcpu-alloc: [1] 049 051 053 055 057 059 061 063 
[    0.062549] pcpu-alloc: [1] 065 067 069 071 073 075 077 079 
[    0.062553] pcpu-alloc: [1] 081 083 085 087 089 091 093 095 
[    0.062557] pcpu-alloc: [1] 097 099 101 103 105 107 109 111 
[    0.062609] Built 2 zonelists, mobility grouping on.  Total pages: 5519908
[    0.062611] Policy zone: Normal
[    0.062613] Kernel command line: BOOT_IMAGE=/boot/vmlinuz-5.15.0-tiering-0.8 root=UUID=ce0c24b8-724b-4f33-9b2c-618433560aef ro memmap=48196M!4096M memmap=59G!64G quiet splash nomodeset vt.handoff=1
[    0.062730] You have booted with nomodeset. This means your GPU drivers are DISABLED
[    0.062731] Any video related functionality will be severely degraded, and you may not even be able to suspend the system properly
[    0.062732] Unless you actually understand what nomodeset does, you should reboot without enabling it
[    0.062752] Unknown command line parameters: splash BOOT_IMAGE=/boot/vmlinuz-5.15.0-tiering-0.8
[    0.062754] printk: log_buf_len individual max cpu contribution: 4096 bytes
[    0.062755] printk: log_buf_len total cpu_extra contributions: 454656 bytes
[    0.062756] printk: log_buf_len min size: 262144 bytes
[    0.063725] printk: log_buf_len: 1048576 bytes
[    0.063726] printk: early log buf free: 223784(85%)
[    0.065300] mem auto-init: stack:off, heap alloc:on, heap free:off
[    0.126421] Memory: 21238636K/22434912K available (14345K kernel code, 3484K rwdata, 10288K rodata, 2824K init, 5836K bss, 1196016K reserved, 0K cma-reserved)
[    0.126427] random: get_random_u64 called from __kmem_cache_create+0x2d/0x460 with crng_init=1
[    0.127323] SLUB: HWalign=64, Order=0-3, MinObjects=0, CPUs=112, Nodes=4
[    0.127354] ftrace: allocating 48223 entries in 189 pages
[    0.142599] ftrace: allocated 189 pages with 6 groups
[    0.143271] rcu: Hierarchical RCU implementation.
[    0.143272] rcu: 	RCU restricting CPUs from NR_CPUS=8192 to nr_cpu_ids=112.
[    0.143274] 	Rude variant of Tasks RCU enabled.
[    0.143275] 	Tracing variant of Tasks RCU enabled.
[    0.143275] rcu: RCU calculated value of scheduler-enlistment delay is 25 jiffies.
[    0.143276] rcu: Adjusting geometry for rcu_fanout_leaf=16, nr_cpu_ids=112
[    0.147072] NR_IRQS: 524544, nr_irqs: 2952, preallocated irqs: 16
[    0.147423] random: crng done (trusting CPU's manufacturer)
[    0.147559] Console: colour dummy device 80x25
[    0.147594] printk: console [tty0] enabled
[    0.147739] mempolicy: Enabling automatic NUMA balancing. Configure with numa_balancing= or the kernel.numa_balancing sysctl
[    0.147743] ACPI: Core revision 20210730
[    0.151163] clocksource: hpet: mask: 0xffffffff max_cycles: 0xffffffff, max_idle_ns: 79635855245 ns
[    0.151206] APIC: Switch to symmetric I/O mode setup
[    0.151208] DMAR: Host address width 46
[    0.151209] DMAR: DRHD base: 0x000000d0ffc000 flags: 0x0
[    0.151214] DMAR: dmar0: reg_base_addr d0ffc000 ver 4:0 cap 8ed008c40780466 ecap 60000f050df
[    0.151217] DMAR: DRHD base: 0x000000dbbfc000 flags: 0x0
[    0.151219] DMAR: dmar1: reg_base_addr dbbfc000 ver 4:0 cap 8ed008c40780466 ecap 60000f050df
[    0.151221] DMAR: DRHD base: 0x000000e67fc000 flags: 0x0
[    0.151225] DMAR: dmar2: reg_base_addr e67fc000 ver 4:0 cap 8ed008c40780466 ecap 60000f050df
[    0.151227] DMAR: DRHD base: 0x000000f13fc000 flags: 0x0
[    0.151229] DMAR: dmar3: reg_base_addr f13fc000 ver 4:0 cap 8ed008c40780466 ecap 60000f050df
[    0.151231] DMAR: DRHD base: 0x000000fb7fc000 flags: 0x0
[    0.151233] DMAR: dmar4: reg_base_addr fb7fc000 ver 4:0 cap 8ed008c40780466 ecap 60000f050df
[    0.151236] DMAR: DRHD base: 0x000000a63fc000 flags: 0x0
[    0.151238] DMAR: dmar5: reg_base_addr a63fc000 ver 4:0 cap 8ed008c40780466 ecap 60000f050df
[    0.151240] DMAR: DRHD base: 0x000000b0ffc000 flags: 0x0
[    0.151242] DMAR: dmar6: reg_base_addr b0ffc000 ver 4:0 cap 8ed008c40780466 ecap 60000f050df
[    0.151244] DMAR: DRHD base: 0x000000bbbfc000 flags: 0x0
[    0.151248] DMAR: dmar7: reg_base_addr bbbfc000 ver 4:0 cap 8ed008c40780466 ecap 60000f050df
[    0.151250] DMAR: DRHD base: 0x000000c5ffc000 flags: 0x0
[    0.151252] DMAR: dmar8: reg_base_addr c5ffc000 ver 4:0 cap 8ed008c40780466 ecap 60000f050df
[    0.151254] DMAR: DRHD base: 0x0000009b7fc000 flags: 0x1
[    0.151256] DMAR: dmar9: reg_base_addr 9b7fc000 ver 4:0 cap 8ed008c40780466 ecap 60000f050df
[    0.151258] DMAR: RMRR base: 0x00000069427000 end: 0x00000069429fff
[    0.151260] DMAR: ATSR flags: 0x0
[    0.151262] DMAR-IR: IOAPIC id 8 under DRHD base  0x9b7fc000 IOMMU 9
[    0.151263] DMAR-IR: HPET id 0 under DRHD base 0x9b7fc000
[    0.151264] DMAR-IR: Queued invalidation will be enabled to support x2apic and Intr-remapping.
[    0.154156] DMAR-IR: Enabled IRQ remapping in x2apic mode
[    0.156752] ..TIMER: vector=0x30 apic1=0 pin1=2 apic2=-1 pin2=-1
[    0.175136] clocksource: tsc-early: mask: 0xffffffffffffffff max_cycles: 0x39a85c9bff6, max_idle_ns: 881590591483 ns
[    0.175143] Calibrating delay loop (skipped), value calculated using timer frequency.. 4000.00 BogoMIPS (lpj=8000000)
[    0.175146] pid_max: default: 114688 minimum: 896
[    0.178524] LSM: Security Framework initializing
[    0.178539] Yama: becoming mindful.
[    0.178580] AppArmor: AppArmor initialized
[    0.182926] Dentry cache hash table entries: 4194304 (order: 13, 33554432 bytes, vmalloc)
[    0.185124] Inode-cache hash table entries: 2097152 (order: 12, 16777216 bytes, vmalloc)
[    0.185234] Mount-cache hash table entries: 65536 (order: 7, 524288 bytes, vmalloc)
[    0.185305] Mountpoint-cache hash table entries: 65536 (order: 7, 524288 bytes, vmalloc)
[    0.185915] x86/tme: not enabled by BIOS
[    0.185925] CPU0: Thermal monitoring enabled (TM1)
[    0.185927] x86/cpu: User Mode Instruction Prevention (UMIP) activated
[    0.186159] process: using mwait in idle threads
[    0.186161] Last level iTLB entries: 4KB 0, 2MB 0, 4MB 0
[    0.186162] Last level dTLB entries: 4KB 0, 2MB 0, 4MB 0, 1GB 0
[    0.186169] Spectre V1 : Mitigation: usercopy/swapgs barriers and __user pointer sanitization
[    0.186171] Spectre V2 : Mitigation: Enhanced IBRS
[    0.186172] Spectre V2 : Spectre v2 / SpectreRSB mitigation: Filling RSB on context switch
[    0.186173] Spectre V2 : mitigation: Enabling conditional Indirect Branch Prediction Barrier
[    0.186175] Speculative Store Bypass: Mitigation: Speculative Store Bypass disabled via prctl and seccomp
[    0.192476] Freeing SMP alternatives memory: 40K
[    0.195278] smpboot: Estimated ratio of average max frequency by base frequency (times 1024): 1433
[    0.195292] smpboot: CPU0: Intel(R) Xeon(R) Gold 6330 CPU @ 2.00GHz (family: 0x6, model: 0x6a, stepping: 0x6)
[    0.195477] Performance Events: PEBS fmt4+-baseline,  AnyThread deprecated, Icelake events, 32-deep LBR, full-width counters, Intel PMU driver.
[    0.195496] ... version:                5
[    0.195497] ... bit width:              48
[    0.195497] ... generic registers:      8
[    0.195498] ... value mask:             0000ffffffffffff
[    0.195499] ... max period:             00007fffffffffff
[    0.195499] ... fixed-purpose events:   4
[    0.195500] ... event mask:             0001000f000000ff
[    0.195622] rcu: Hierarchical SRCU implementation.
[    0.202750] NMI watchdog: Enabled. Permanently consumes one hw-PMU counter.
[    0.203752] smp: Bringing up secondary CPUs ...
[    0.203860] x86: Booting SMP configuration:
[    0.203861] .... node  #1, CPUs:          #1
[    0.007766] smpboot: CPU 1 Converting physical 0 to logical die 1

[    0.291252] .... node  #0, CPUs:     #2
[    0.296641] .... node  #1, CPUs:     #3
[    0.302093] .... node  #0, CPUs:     #4
[    0.307472] .... node  #1, CPUs:     #5
[    0.312879] .... node  #0, CPUs:     #6
[    0.318459] .... node  #1, CPUs:     #7
[    0.324061] .... node  #0, CPUs:     #8
[    0.329349] .... node  #1, CPUs:     #9
[    0.335240] .... node  #0, CPUs:    #10
[    0.340819] .... node  #1, CPUs:    #11
[    0.346570] .... node  #0, CPUs:    #12
[    0.352095] .... node  #1, CPUs:    #13
[    0.357456] .... node  #0, CPUs:    #14
[    0.362687] .... node  #1, CPUs:    #15
[    0.368015] .... node  #0, CPUs:    #16
[    0.373282] .... node  #1, CPUs:    #17
[    0.378622] .... node  #0, CPUs:    #18
[    0.383873] .... node  #1, CPUs:    #19
[    0.389542] .... node  #0, CPUs:    #20
[    0.394776] .... node  #1, CPUs:    #21
[    0.400406] .... node  #0, CPUs:    #22
[    0.405838] .... node  #1, CPUs:    #23
[    0.411250] .... node  #0, CPUs:    #24
[    0.416752] .... node  #1, CPUs:    #25
[    0.422100] .... node  #0, CPUs:    #26
[    0.427308] .... node  #1, CPUs:    #27
[    0.432638] .... node  #0, CPUs:    #28
[    0.438149] .... node  #1, CPUs:    #29
[    0.443462] .... node  #0, CPUs:    #30
[    0.448693] .... node  #1, CPUs:    #31
[    0.454185] .... node  #0, CPUs:    #32
[    0.459473] .... node  #1, CPUs:    #33
[    0.464858] .... node  #0, CPUs:    #34
[    0.470290] .... node  #1, CPUs:    #35
[    0.475625] .... node  #0, CPUs:    #36
[    0.480832] .... node  #1, CPUs:    #37
[    0.486157] .... node  #0, CPUs:    #38
[    0.491712] .... node  #1, CPUs:    #39
[    0.497260] .... node  #0, CPUs:    #40
[    0.502871] .... node  #1, CPUs:    #41
[    0.508641] .... node  #0, CPUs:    #42
[    0.513953] .... node  #1, CPUs:    #43
[    0.519603] .... node  #0, CPUs:    #44
[    0.524966] .... node  #1, CPUs:    #45
[    0.530447] .... node  #0, CPUs:    #46
[    0.535982] .... node  #1, CPUs:    #47
[    0.541445] .... node  #0, CPUs:    #48
[    0.546784] .... node  #1, CPUs:    #49
[    0.552234] .... node  #0, CPUs:    #50
[    0.557727] .... node  #1, CPUs:    #51
[    0.563381] .... node  #0, CPUs:    #52
[    0.568852] .... node  #1, CPUs:    #53
[    0.574459] .... node  #0, CPUs:    #54
[    0.580164] .... node  #1, CPUs:    #55
[    0.585991] .... node  #0, CPUs:    #56
[    0.592124] .... node  #1, CPUs:    #57
[    0.598044] .... node  #0, CPUs:    #58
[    0.603457] .... node  #1, CPUs:    #59
[    0.608915] .... node  #0, CPUs:    #60
[    0.614308] .... node  #1, CPUs:    #61
[    0.619725] .... node  #0, CPUs:    #62
[    0.625325] .... node  #1, CPUs:    #63
[    0.631155] .... node  #0, CPUs:    #64
[    0.636251] .... node  #1, CPUs:    #65
[    0.642017] .... node  #0, CPUs:    #66
[    0.647757] .... node  #1, CPUs:    #67
[    0.653528] .... node  #0, CPUs:    #68
[    0.659301] .... node  #1, CPUs:    #69
[    0.664456] .... node  #0, CPUs:    #70
[    0.669708] .... node  #1, CPUs:    #71
[    0.675263] .... node  #0, CPUs:    #72
[    0.680372] .... node  #1, CPUs:    #73
[    0.685731] .... node  #0, CPUs:    #74
[    0.691258] .... node  #1, CPUs:    #75
[    0.696687] .... node  #0, CPUs:    #76
[    0.701940] .... node  #1, CPUs:    #77
[    0.707586] .... node  #0, CPUs:    #78
[    0.713038] .... node  #1, CPUs:    #79
[    0.718348] .... node  #0, CPUs:    #80
[    0.724005] .... node  #1, CPUs:    #81
[    0.729370] .... node  #0, CPUs:    #82
[    0.734606] .... node  #1, CPUs:    #83
[    0.739948] .... node  #0, CPUs:    #84
[    0.745477] .... node  #1, CPUs:    #85
[    0.750802] .... node  #0, CPUs:    #86
[    0.756046] .... node  #1, CPUs:    #87
[    0.761559] .... node  #0, CPUs:    #88
[    0.766862] .... node  #1, CPUs:    #89
[    0.772290] .... node  #0, CPUs:    #90
[    0.777745] .... node  #1, CPUs:    #91
[    0.783250] .... node  #0, CPUs:    #92
[    0.788338] .... node  #1, CPUs:    #93
[    0.793688] .... node  #0, CPUs:    #94
[    0.799299] .... node  #1, CPUs:    #95
[    0.804828] .... node  #0, CPUs:    #96
[    0.810458] .... node  #1, CPUs:    #97
[    0.816246] .... node  #0, CPUs:    #98
[    0.821581] .... node  #1, CPUs:    #99
[    0.827258] .... node  #0, CPUs:   #100
[    0.832633] .... node  #1, CPUs:   #101
[    0.838143] .... node  #0, CPUs:   #102
[    0.843695] .... node  #1, CPUs:   #103
[    0.849178] .... node  #0, CPUs:   #104
[    0.854536] .... node  #1, CPUs:   #105
[    0.860006] .... node  #0, CPUs:   #106
[    0.865512] .... node  #1, CPUs:   #107
[    0.871250] .... node  #0, CPUs:   #108
[    0.876667] .... node  #1, CPUs:   #109
[    0.882303] .... node  #0, CPUs:   #110
[    0.888020] .... node  #1, CPUs:   #111
[    0.893864] smp: Brought up 2 nodes, 112 CPUs
[    0.893864] smpboot: Max logical packages: 2
[    0.893864] smpboot: Total of 112 processors activated (448078.90 BogoMIPS)
[    0.898763] devtmpfs: initialized
[    0.898763] x86/mm: Memory block size: 2048MB
[    0.899196] ACPI: PM: Registering ACPI NVS region [mem 0x49e77000-0x4ae76fff] (16777216 bytes)
[    0.899375] ACPI: PM: Registering ACPI NVS region [mem 0x6e3ff000-0x6f3fefff] (16777216 bytes)
[    0.899659] clocksource: jiffies: mask: 0xffffffff max_cycles: 0xffffffff, max_idle_ns: 7645041785100000 ns
[    0.899961] futex hash table entries: 32768 (order: 9, 2097152 bytes, vmalloc)
[    0.900220] pinctrl core: initialized pinctrl subsystem
[    0.900381] PM: RTC time: 14:47:33, date: 2024-06-29
[    0.900581] NET: Registered PF_NETLINK/PF_ROUTE protocol family
[    0.901337] DMA: preallocated 4096 KiB GFP_KERNEL pool for atomic allocations
[    0.901844] DMA: preallocated 4096 KiB GFP_KERNEL|GFP_DMA pool for atomic allocations
[    0.902352] DMA: preallocated 4096 KiB GFP_KERNEL|GFP_DMA32 pool for atomic allocations
[    0.902359] audit: initializing netlink subsys (disabled)
[    0.902366] audit: type=2000 audit(1719672452.748:1): state=initialized audit_enabled=0 res=1
[    0.902366] thermal_sys: Registered thermal governor 'fair_share'
[    0.902366] thermal_sys: Registered thermal governor 'bang_bang'
[    0.902366] thermal_sys: Registered thermal governor 'step_wise'
[    0.902366] thermal_sys: Registered thermal governor 'user_space'
[    0.902366] EISA bus registered
[    0.902366] cpuidle: using governor ladder
[    0.902366] cpuidle: using governor menu
[    0.903176] ACPI FADT declares the system doesn't support PCIe ASPM, so disable it
[    0.903177] ACPI: bus type PCI registered
[    0.903179] acpiphp: ACPI Hot Plug PCI Controller Driver version: 0.5
[    0.903280] PCI: MMCONFIG for domain 0000 [bus 00-ff] at [mem 0x80000000-0x8fffffff] (base 0x80000000)
[    0.903284] PCI: MMCONFIG at [mem 0x80000000-0x8fffffff] reserved in E820
[    0.903293] pmd_set_huge: Cannot satisfy [mem 0x80000000-0x80200000] with a huge-page mapping due to MTRR override.
[    0.903504] PCI: Using configuration type 1 for base access
[    0.903514] PCI: Dell System detected, enabling pci=bfsort.
[    0.905620] ENERGY_PERF_BIAS: Set to 'normal', was 'performance'
[    0.908245] Kprobes globally optimized
[    0.908249] HugeTLB registered 1.00 GiB page size, pre-allocated 0 pages
[    0.908249] HugeTLB registered 2.00 MiB page size, pre-allocated 0 pages
[    0.911256] ACPI: Added _OSI(Module Device)
[    0.911258] ACPI: Added _OSI(Processor Device)
[    0.911258] ACPI: Added _OSI(3.0 _SCP Extensions)
[    0.911259] ACPI: Added _OSI(Processor Aggregator Device)
[    0.911260] ACPI: Added _OSI(Linux-Dell-Video)
[    0.911261] ACPI: Added _OSI(Linux-Lenovo-NV-HDMI-Audio)
[    0.911262] ACPI: Added _OSI(Linux-HPI-Hybrid-Graphics)
[    1.083846] ACPI: 8 ACPI AML tables successfully acquired and loaded
[    1.089495] ACPI: [Firmware Bug]: BIOS _OSI(Linux) query ignored
[    1.094714] ACPI: Dynamic OEM Table Load:
[    1.496315] ACPI: Interpreter enabled
[    1.496336] ACPI: PM: (supports S0 S5)
[    1.496337] ACPI: Using IOAPIC for interrupt routing
[    1.496420] HEST: Table parsing has been initialized.
[    1.496422] PCI: Using host bridge windows from ACPI; if necessary, use "pci=nocrs" and report a bug
[    1.524965] ACPI: Enabled 4 GPEs in block 00 to 7F
[    1.642649] ACPI: PCI Root Bridge [PC00] (domain 0000 [bus 00-15])
[    1.642656] acpi PNP0A08:00: _OSC: OS supports [ExtendedConfig ASPM ClockPM Segments MSI HPX-Type3]
[    1.708992] acpi PNP0A08:00: _OSC: platform does not support [SHPCHotplug AER LTR]
[    1.709212] acpi PNP0A08:00: _OSC: OS now controls [PCIeHotplug PME PCIeCapability]
[    1.709214] acpi PNP0A08:00: FADT indicates ASPM is unsupported, using BIOS configuration
[    1.711033] PCI host bridge to bus 0000:00
[    1.711034] pci_bus 0000:00: root bus resource [io  0x0000-0x0cf7 window]
[    1.711037] pci_bus 0000:00: root bus resource [io  0x1000-0x4fff window]
[    1.711038] pci_bus 0000:00: root bus resource [mem 0x000a0000-0x000bffff window]
[    1.711040] pci_bus 0000:00: root bus resource [mem 0x000c8000-0x000cffff window]
[    1.711041] pci_bus 0000:00: root bus resource [mem 0xfe010000-0xfe010fff window]
[    1.711043] pci_bus 0000:00: root bus resource [mem 0x90000000-0x9b7fffff window]
[    1.711044] pci_bus 0000:00: root bus resource [mem 0x200000000000-0x20ffffffffff window]
[    1.711046] pci_bus 0000:00: root bus resource [bus 00-15]
[    1.712409] pci 0000:00:00.0: [8086:09a2] type 00 class 0x088000
[    1.713180] pci 0000:00:00.1: [8086:09a4] type 00 class 0x088000
[    1.714595] pci 0000:00:00.2: [8086:09a3] type 00 class 0x088000
[    1.716015] pci 0000:00:00.4: [8086:0998] type 00 class 0x060000
[    1.718094] pci 0000:00:02.0: [8086:09a6] type 00 class 0x088000
[    1.718103] pci 0000:00:02.0: reg 0x10: [mem 0x92dfc000-0x92dfdfff]
[    1.719522] pci 0000:00:02.1: [8086:09a7] type 00 class 0x088000
[    1.719531] pci 0000:00:02.1: reg 0x10: [mem 0x92d00000-0x92d7ffff]
[    1.719536] pci 0000:00:02.1: reg 0x14: [mem 0x92c80000-0x92cfffff]
[    1.720951] pci 0000:00:02.4: [8086:3456] type 00 class 0x130000
[    1.720961] pci 0000:00:02.4: reg 0x10: [mem 0x92a00000-0x92afffff 64bit]
[    1.720968] pci 0000:00:02.4: reg 0x18: [mem 0x92df0000-0x92df3fff 64bit]
[    1.720974] pci 0000:00:02.4: reg 0x20: [mem 0x92dc0000-0x92ddffff 64bit]
[    1.722395] pci 0000:00:11.0: [8086:a1ec] type 00 class 0xff0000
[    1.722398] pci 0000:00:11.0: device has non-compliant BARs; disabling IO/MEM decoding
[    1.723832] pci 0000:00:11.5: [8086:a1d2] type 00 class 0x010601
[    1.723845] pci 0000:00:11.5: reg 0x10: [mem 0x92dfa000-0x92dfbfff]
[    1.723853] pci 0000:00:11.5: reg 0x14: [mem 0x92e05000-0x92e050ff]
[    1.723860] pci 0000:00:11.5: reg 0x18: [io  0x2068-0x206f]
[    1.723868] pci 0000:00:11.5: reg 0x1c: [io  0x2074-0x2077]
[    1.723875] pci 0000:00:11.5: reg 0x20: [io  0x2040-0x205f]
[    1.723882] pci 0000:00:11.5: reg 0x24: [mem 0x92b80000-0x92bfffff]
[    1.723919] pci 0000:00:11.5: PME# supported from D3hot
[    1.725474] pci 0000:00:14.0: [8086:a1af] type 00 class 0x0c0330
[    1.725491] pci 0000:00:14.0: reg 0x10: [mem 0x92de0000-0x92deffff 64bit]
[    1.725553] pci 0000:00:14.0: PME# supported from D3hot D3cold
[    1.727117] pci 0000:00:14.2: [8086:a1b1] type 00 class 0x118000
[    1.727134] pci 0000:00:14.2: reg 0x10: [mem 0x92e02000-0x92e02fff 64bit]
[    1.728607] pci 0000:00:16.0: [8086:a1ba] type 00 class 0x078000
[    1.728630] pci 0000:00:16.0: reg 0x10: [mem 0x92e01000-0x92e01fff 64bit]
[    1.728712] pci 0000:00:16.0: PME# supported from D3hot
[    1.730119] pci 0000:00:16.1: [8086:a1bb] type 00 class 0x078000
[    1.730142] pci 0000:00:16.1: reg 0x10: [mem 0x92e00000-0x92e00fff 64bit]
[    1.730224] pci 0000:00:16.1: PME# supported from D3hot
[    1.731640] pci 0000:00:16.4: [8086:a1be] type 00 class 0x078000
[    1.731663] pci 0000:00:16.4: reg 0x10: [mem 0x92dff000-0x92dfffff 64bit]
[    1.731746] pci 0000:00:16.4: PME# supported from D3hot
[    1.733154] pci 0000:00:17.0: [8086:a182] type 00 class 0x010601
[    1.733167] pci 0000:00:17.0: reg 0x10: [mem 0x92df8000-0x92df9fff]
[    1.733174] pci 0000:00:17.0: reg 0x14: [mem 0x92e04000-0x92e040ff]
[    1.733181] pci 0000:00:17.0: reg 0x18: [io  0x2060-0x2067]
[    1.733188] pci 0000:00:17.0: reg 0x1c: [io  0x2070-0x2073]
[    1.733195] pci 0000:00:17.0: reg 0x20: [io  0x2020-0x203f]
[    1.733202] pci 0000:00:17.0: reg 0x24: [mem 0x92b00000-0x92b7ffff]
[    1.733238] pci 0000:00:17.0: PME# supported from D3hot
[    1.734780] pci 0000:00:1c.0: [8086:a190] type 01 class 0x060400
[    1.734853] pci 0000:00:1c.0: PME# supported from D0 D3hot D3cold
[    1.736838] pci 0000:00:1c.4: [8086:a194] type 01 class 0x060400
[    1.736907] pci 0000:00:1c.4: PME# supported from D0 D3hot D3cold
[    1.738867] pci 0000:00:1c.5: [8086:a195] type 01 class 0x060400
[    1.738937] pci 0000:00:1c.5: PME# supported from D0 D3hot D3cold
[    1.740899] pci 0000:00:1f.0: [8086:a1cb] type 00 class 0x060100
[    1.742541] pci 0000:00:1f.2: [8086:a1a1] type 00 class 0x058000
[    1.742556] pci 0000:00:1f.2: reg 0x10: [mem 0x92df4000-0x92df7fff]
[    1.744140] pci 0000:00:1f.4: [8086:a1a3] type 00 class 0x0c0500
[    1.744159] pci 0000:00:1f.4: reg 0x10: [mem 0x92dfe000-0x92dfe0ff 64bit]
[    1.744182] pci 0000:00:1f.4: reg 0x20: [io  0x2000-0x201f]
[    1.745588] pci 0000:00:1f.5: [8086:a1a4] type 00 class 0x0c8000
[    1.745604] pci 0000:00:1f.5: reg 0x10: [mem 0xfe010000-0xfe010fff]
[    1.745727] pci 0000:00:1c.0: PCI bridge to [bus 01]
[    1.745780] pci 0000:02:00.0: [1556:be00] type 01 class 0x060400
[    1.745945] pci 0000:00:1c.4: PCI bridge to [bus 02-03]
[    1.745949] pci 0000:00:1c.4:   bridge window [mem 0x92000000-0x928fffff]
[    1.745953] pci 0000:00:1c.4:   bridge window [mem 0x91000000-0x91ffffff 64bit pref]
[    1.745985] pci_bus 0000:03: extended config space not accessible
[    1.746002] pci 0000:03:00.0: [102b:0536] type 00 class 0x030000
[    1.746021] pci 0000:03:00.0: reg 0x10: [mem 0x91000000-0x91ffffff pref]
[    1.746032] pci 0000:03:00.0: reg 0x14: [mem 0x92808000-0x9280bfff]
[    1.746042] pci 0000:03:00.0: reg 0x18: [mem 0x92000000-0x927fffff]
[    1.746089] pci 0000:03:00.0: BAR 0: assigned to efifb
[    1.746187] pci 0000:02:00.0: PCI bridge to [bus 03]
[    1.746195] pci 0000:02:00.0:   bridge window [mem 0x92000000-0x928fffff]
[    1.746201] pci 0000:02:00.0:   bridge window [mem 0x91000000-0x91ffffff 64bit pref]
[    1.746278] pci 0000:04:00.0: [14e4:165f] type 00 class 0x020000
[    1.746302] pci 0000:04:00.0: reg 0x10: [mem 0x92930000-0x9293ffff 64bit pref]
[    1.746317] pci 0000:04:00.0: reg 0x18: [mem 0x92940000-0x9294ffff 64bit pref]
[    1.746333] pci 0000:04:00.0: reg 0x20: [mem 0x92950000-0x9295ffff 64bit pref]
[    1.746343] pci 0000:04:00.0: reg 0x30: [mem 0xfffc0000-0xffffffff pref]
[    1.746437] pci 0000:04:00.0: PME# supported from D0 D3hot D3cold
[    1.746490] pci 0000:04:00.0: 4.000 Gb/s available PCIe bandwidth, limited by 5.0 GT/s PCIe x1 link at 0000:00:1c.5 (capable of 8.000 Gb/s with 5.0 GT/s PCIe x2 link)
[    1.747034] pci 0000:04:00.1: [14e4:165f] type 00 class 0x020000
[    1.747057] pci 0000:04:00.1: reg 0x10: [mem 0x92900000-0x9290ffff 64bit pref]
[    1.747073] pci 0000:04:00.1: reg 0x18: [mem 0x92910000-0x9291ffff 64bit pref]
[    1.747088] pci 0000:04:00.1: reg 0x20: [mem 0x92920000-0x9292ffff 64bit pref]
[    1.747099] pci 0000:04:00.1: reg 0x30: [mem 0xfffc0000-0xffffffff pref]
[    1.747194] pci 0000:04:00.1: PME# supported from D0 D3hot D3cold
[    1.747745] pci 0000:00:1c.5: PCI bridge to [bus 04]
[    1.747752] pci 0000:00:1c.5:   bridge window [mem 0x92900000-0x929fffff 64bit pref]
[    1.747766] pci_bus 0000:00: on NUMA node 0
[    1.748335] ACPI: PCI Root Bridge [PC01] (domain 0000 [bus 16-2f])
[    1.748339] acpi PNP0A08:01: _OSC: OS supports [ExtendedConfig ASPM ClockPM Segments MSI HPX-Type3]
[    1.762332] acpi PNP0A08:01: _OSC: platform does not support [SHPCHotplug AER]
[    1.762540] acpi PNP0A08:01: _OSC: OS now controls [PCIeHotplug PME PCIeCapability LTR]
[    1.762541] acpi PNP0A08:01: FADT indicates ASPM is unsupported, using BIOS configuration
[    1.762667] PCI host bridge to bus 0000:16
[    1.762668] pci_bus 0000:16: root bus resource [io  0x5000-0x6fff window]
[    1.762670] pci_bus 0000:16: root bus resource [mem 0x9b800000-0xa63fffff window]
[    1.762671] pci_bus 0000:16: root bus resource [mem 0x210000000000-0x21ffffffffff window]
[    1.762673] pci_bus 0000:16: root bus resource [bus 16-2f]
[    1.762687] pci 0000:16:00.0: [8086:09a2] type 00 class 0x088000
[    1.762761] pci 0000:16:00.1: [8086:09a4] type 00 class 0x088000
[    1.762831] pci 0000:16:00.2: [8086:09a3] type 00 class 0x088000
[    1.762900] pci 0000:16:00.4: [8086:0998] type 00 class 0x060000
[    1.762975] pci 0000:16:02.0: [8086:347a] type 01 class 0x060400
[    1.762984] pci 0000:16:02.0: reg 0x10: [mem 0x21fffff00000-0x21fffff1ffff 64bit]
[    1.763022] pci 0000:16:02.0: PME# supported from D0 D3hot D3cold
[    1.763919] pci 0000:17:00.0: [1000:10e2] type 00 class 0x010400
[    1.763932] pci 0000:17:00.0: reg 0x10: [mem 0x9b800000-0x9b8fffff 64bit pref]
[    1.763940] pci 0000:17:00.0: reg 0x18: [mem 0x9b900000-0x9b9fffff 64bit pref]
[    1.763946] pci 0000:17:00.0: reg 0x20: [mem 0x9ba00000-0x9bafffff]
[    1.763951] pci 0000:17:00.0: reg 0x24: [io  0x5000-0x50ff]
[    1.763957] pci 0000:17:00.0: reg 0x30: [mem 0xfff00000-0xffffffff pref]
[    1.765012] pci 0000:17:00.0: supports D1 D2
[    1.765077] pci 0000:16:02.0: PCI bridge to [bus 17]
[    1.765080] pci 0000:16:02.0:   bridge window [io  0x5000-0x5fff]
[    1.765081] pci 0000:16:02.0:   bridge window [mem 0x9ba00000-0x9bafffff]
[    1.765084] pci 0000:16:02.0:   bridge window [mem 0x9b800000-0x9b9fffff 64bit pref]
[    1.765090] pci_bus 0000:16: on NUMA node 0
[    1.765165] ACPI: PCI Root Bridge [PC02] (domain 0000 [bus 30-49])
[    1.765168] acpi PNP0A08:02: _OSC: OS supports [ExtendedConfig ASPM ClockPM Segments MSI HPX-Type3]
[    1.779342] acpi PNP0A08:02: _OSC: platform does not support [SHPCHotplug AER]
[    1.779554] acpi PNP0A08:02: _OSC: OS now controls [PCIeHotplug PME PCIeCapability LTR]
[    1.779555] acpi PNP0A08:02: FADT indicates ASPM is unsupported, using BIOS configuration
[    1.779676] PCI host bridge to bus 0000:30
[    1.779677] pci_bus 0000:30: root bus resource [io  0x7000-0x8fff window]
[    1.779679] pci_bus 0000:30: root bus resource [mem 0xa6400000-0xb0ffffff window]
[    1.779680] pci_bus 0000:30: root bus resource [mem 0x220000000000-0x22ffffffffff window]
[    1.779681] pci_bus 0000:30: root bus resource [bus 30-49]
[    1.779696] pci 0000:30:00.0: [8086:09a2] type 00 class 0x088000
[    1.779773] pci 0000:30:00.1: [8086:09a4] type 00 class 0x088000
[    1.779844] pci 0000:30:00.2: [8086:09a3] type 00 class 0x088000
[    1.779919] pci 0000:30:00.4: [8086:0998] type 00 class 0x060000
[    1.779990] pci_bus 0000:30: on NUMA node 0
[    1.780092] ACPI: PCI Root Bridge [PC04] (domain 0000 [bus 4a-63])
[    1.780096] acpi PNP0A08:04: _OSC: OS supports [ExtendedConfig ASPM ClockPM Segments MSI HPX-Type3]
[    1.793802] acpi PNP0A08:04: _OSC: platform does not support [SHPCHotplug AER]
[    1.794006] acpi PNP0A08:04: _OSC: OS now controls [PCIeHotplug PME PCIeCapability LTR]
[    1.794007] acpi PNP0A08:04: FADT indicates ASPM is unsupported, using BIOS configuration
[    1.794120] PCI host bridge to bus 0000:4a
[    1.794121] pci_bus 0000:4a: root bus resource [io  0x9000-0x9fff window]
[    1.794122] pci_bus 0000:4a: root bus resource [mem 0xb1000000-0xbbbfffff window]
[    1.794123] pci_bus 0000:4a: root bus resource [mem 0x230000000000-0x23ffffffffff window]
[    1.794125] pci_bus 0000:4a: root bus resource [bus 4a-63]
[    1.794138] pci 0000:4a:00.0: [8086:09a2] type 00 class 0x088000
[    1.794209] pci 0000:4a:00.1: [8086:09a4] type 00 class 0x088000
[    1.794278] pci 0000:4a:00.2: [8086:09a3] type 00 class 0x088000
[    1.794349] pci 0000:4a:00.4: [8086:0998] type 00 class 0x060000
[    1.794420] pci_bus 0000:4a: on NUMA node 0
[    1.794491] ACPI: PCI Root Bridge [PC05] (domain 0000 [bus 64-7d])
[    1.794494] acpi PNP0A08:05: _OSC: OS supports [ExtendedConfig ASPM ClockPM Segments MSI HPX-Type3]
[    1.808179] acpi PNP0A08:05: _OSC: platform does not support [SHPCHotplug AER]
[    1.808380] acpi PNP0A08:05: _OSC: OS now controls [PCIeHotplug PME PCIeCapability LTR]
[    1.808381] acpi PNP0A08:05: FADT indicates ASPM is unsupported, using BIOS configuration
[    1.808495] PCI host bridge to bus 0000:64
[    1.808496] pci_bus 0000:64: root bus resource [io  0xa000-0xafff window]
[    1.808497] pci_bus 0000:64: root bus resource [mem 0xbbc00000-0xc5ffffff window]
[    1.808498] pci_bus 0000:64: root bus resource [mem 0x240000000000-0x24ffffffffff window]
[    1.808500] pci_bus 0000:64: root bus resource [bus 64-7d]
[    1.808513] pci 0000:64:00.0: [8086:09a2] type 00 class 0x088000
[    1.808584] pci 0000:64:00.1: [8086:09a4] type 00 class 0x088000
[    1.808653] pci 0000:64:00.2: [8086:09a3] type 00 class 0x088000
[    1.808727] pci 0000:64:00.4: [8086:0998] type 00 class 0x060000
[    1.808799] pci_bus 0000:64: on NUMA node 0
[    1.808863] ACPI: PCI Root Bridge [UC06] (domain 0000 [bus 7e])
[    1.808865] acpi PNP0A03:00: _OSC: OS supports [ExtendedConfig ASPM ClockPM Segments MSI HPX-Type3]
[    1.809031] acpi PNP0A03:00: _OSC: platform does not support [SHPCHotplug AER LTR]
[    1.809201] acpi PNP0A03:00: _OSC: OS now controls [PCIeHotplug PME PCIeCapability]
[    1.809203] acpi PNP0A03:00: FADT indicates ASPM is unsupported, using BIOS configuration
[    1.809327] PCI host bridge to bus 0000:7e
[    1.809328] pci_bus 0000:7e: root bus resource [bus 7e]
[    1.809362] pci 0000:7e:00.0: [8086:3450] type 00 class 0x088000
[    1.809443] pci 0000:7e:00.1: [8086:3451] type 00 class 0x088000
[    1.809533] pci 0000:7e:00.2: [8086:3452] type 00 class 0x088000
[    1.809612] pci 0000:7e:00.3: [8086:0998] type 00 class 0x060000
[    1.809691] pci 0000:7e:00.5: [8086:3455] type 00 class 0x088000
[    1.809787] pci 0000:7e:02.0: [8086:3440] type 00 class 0x088000
[    1.809924] pci 0000:7e:02.1: [8086:3441] type 00 class 0x088000
[    1.810061] pci 0000:7e:02.2: [8086:3442] type 00 class 0x088000
[    1.810203] pci 0000:7e:03.0: [8086:3440] type 00 class 0x088000
[    1.810306] pci 0000:7e:03.1: [8086:3441] type 00 class 0x088000
[    1.810402] pci 0000:7e:03.2: [8086:3442] type 00 class 0x088000
[    1.810508] pci 0000:7e:04.0: [8086:3440] type 00 class 0x088000
[    1.810650] pci 0000:7e:04.1: [8086:3441] type 00 class 0x088000
[    1.810788] pci 0000:7e:04.2: [8086:3442] type 00 class 0x088000
[    1.810927] pci 0000:7e:04.3: [8086:3443] type 00 class 0x088000
[    1.811085] pci 0000:7e:05.0: [8086:3445] type 00 class 0x088000
[    1.811224] pci 0000:7e:05.1: [8086:3446] type 00 class 0x088000
[    1.811358] pci 0000:7e:05.2: [8086:3447] type 00 class 0x088000
[    1.811503] pci 0000:7e:06.0: [8086:3445] type 00 class 0x088000
[    1.811611] pci 0000:7e:06.1: [8086:3446] type 00 class 0x088000
[    1.811710] pci 0000:7e:06.2: [8086:3447] type 00 class 0x088000
[    1.811831] pci 0000:7e:07.0: [8086:3445] type 00 class 0x088000
[    1.811974] pci 0000:7e:07.1: [8086:3446] type 00 class 0x088000
[    1.812123] pci 0000:7e:07.2: [8086:3447] type 00 class 0x088000
[    1.812274] pci 0000:7e:0b.0: [8086:3448] type 00 class 0x088000
[    1.812362] pci 0000:7e:0b.1: [8086:3448] type 00 class 0x088000
[    1.812448] pci 0000:7e:0b.2: [8086:344b] type 00 class 0x088000
[    1.812560] pci 0000:7e:0c.0: [8086:344a] type 00 class 0x110100
[    1.812685] pci 0000:7e:0d.0: [8086:344a] type 00 class 0x110100
[    1.812793] pci 0000:7e:0e.0: [8086:344a] type 00 class 0x110100
[    1.812960] pci 0000:7e:0f.0: [8086:344a] type 00 class 0x110100
[    1.813156] pci 0000:7e:1a.0: [8086:2880] type 00 class 0x110100
[    1.813276] pci 0000:7e:1b.0: [8086:2880] type 00 class 0x110100
[    1.813387] pci 0000:7e:1c.0: [8086:2880] type 00 class 0x110100
[    1.813561] pci 0000:7e:1d.0: [8086:2880] type 00 class 0x110100
[    1.813717] pci_bus 0000:7e: on NUMA node 0
[    1.813797] ACPI: PCI Root Bridge [UC07] (domain 0000 [bus 7f])
[    1.813800] acpi PNP0A03:01: _OSC: OS supports [ExtendedConfig ASPM ClockPM Segments MSI HPX-Type3]
[    1.813969] acpi PNP0A03:01: _OSC: platform does not support [SHPCHotplug AER LTR]
[    1.814141] acpi PNP0A03:01: _OSC: OS now controls [PCIeHotplug PME PCIeCapability]
[    1.814142] acpi PNP0A03:01: FADT indicates ASPM is unsupported, using BIOS configuration
[    1.814277] PCI host bridge to bus 0000:7f
[    1.814278] pci_bus 0000:7f: root bus resource [bus 7f]
[    1.814320] pci 0000:7f:00.0: [8086:344c] type 00 class 0x088000
[    1.814444] pci 0000:7f:00.1: [8086:344c] type 00 class 0x088000
[    1.814579] pci 0000:7f:00.2: [8086:344c] type 00 class 0x088000
[    1.814715] pci 0000:7f:00.3: [8086:344c] type 00 class 0x088000
[    1.814834] pci 0000:7f:00.4: [8086:344c] type 00 class 0x088000
[    1.814979] pci 0000:7f:00.5: [8086:344c] type 00 class 0x088000
[    1.815118] pci 0000:7f:00.6: [8086:344c] type 00 class 0x088000
[    1.815221] pci 0000:7f:00.7: [8086:344c] type 00 class 0x088000
[    1.815343] pci 0000:7f:01.0: [8086:344c] type 00 class 0x088000
[    1.815494] pci 0000:7f:01.1: [8086:344c] type 00 class 0x088000
[    1.815638] pci 0000:7f:01.2: [8086:344c] type 00 class 0x088000
[    1.815742] pci 0000:7f:01.3: [8086:344c] type 00 class 0x088000
[    1.815902] pci 0000:7f:01.4: [8086:344c] type 00 class 0x088000
[    1.816059] pci 0000:7f:01.5: [8086:344c] type 00 class 0x088000
[    1.816220] pci 0000:7f:01.6: [8086:344c] type 00 class 0x088000
[    1.816365] pci 0000:7f:01.7: [8086:344c] type 00 class 0x088000
[    1.816532] pci 0000:7f:02.0: [8086:344c] type 00 class 0x088000
[    1.816685] pci 0000:7f:02.1: [8086:344c] type 00 class 0x088000
[    1.816841] pci 0000:7f:02.2: [8086:344c] type 00 class 0x088000
[    1.816997] pci 0000:7f:02.3: [8086:344c] type 00 class 0x088000
[    1.817164] pci 0000:7f:02.4: [8086:344c] type 00 class 0x088000
[    1.817326] pci 0000:7f:02.5: [8086:344c] type 00 class 0x088000
[    1.817488] pci 0000:7f:02.6: [8086:344c] type 00 class 0x088000
[    1.817660] pci 0000:7f:02.7: [8086:344c] type 00 class 0x088000
[    1.817848] pci 0000:7f:03.0: [8086:344c] type 00 class 0x088000
[    1.818017] pci 0000:7f:03.1: [8086:344c] type 00 class 0x088000
[    1.818193] pci 0000:7f:03.2: [8086:344c] type 00 class 0x088000
[    1.818366] pci 0000:7f:03.3: [8086:344c] type 00 class 0x088000
[    1.818569] pci 0000:7f:0a.0: [8086:344d] type 00 class 0x088000
[    1.818691] pci 0000:7f:0a.1: [8086:344d] type 00 class 0x088000
[    1.818826] pci 0000:7f:0a.2: [8086:344d] type 00 class 0x088000
[    1.818962] pci 0000:7f:0a.3: [8086:344d] type 00 class 0x088000
[    1.819076] pci 0000:7f:0a.4: [8086:344d] type 00 class 0x088000
[    1.819222] pci 0000:7f:0a.5: [8086:344d] type 00 class 0x088000
[    1.819361] pci 0000:7f:0a.6: [8086:344d] type 00 class 0x088000
[    1.819464] pci 0000:7f:0a.7: [8086:344d] type 00 class 0x088000
[    1.819589] pci 0000:7f:0b.0: [8086:344d] type 00 class 0x088000
[    1.819742] pci 0000:7f:0b.1: [8086:344d] type 00 class 0x088000
[    1.819886] pci 0000:7f:0b.2: [8086:344d] type 00 class 0x088000
[    1.819990] pci 0000:7f:0b.3: [8086:344d] type 00 class 0x088000
[    1.820146] pci 0000:7f:0b.4: [8086:344d] type 00 class 0x088000
[    1.820303] pci 0000:7f:0b.5: [8086:344d] type 00 class 0x088000
[    1.820465] pci 0000:7f:0b.6: [8086:344d] type 00 class 0x088000
[    1.820610] pci 0000:7f:0b.7: [8086:344d] type 00 class 0x088000
[    1.820782] pci 0000:7f:0c.0: [8086:344d] type 00 class 0x088000
[    1.820936] pci 0000:7f:0c.1: [8086:344d] type 00 class 0x088000
[    1.821093] pci 0000:7f:0c.2: [8086:344d] type 00 class 0x088000
[    1.821249] pci 0000:7f:0c.3: [8086:344d] type 00 class 0x088000
[    1.821413] pci 0000:7f:0c.4: [8086:344d] type 00 class 0x088000
[    1.821575] pci 0000:7f:0c.5: [8086:344d] type 00 class 0x088000
[    1.821737] pci 0000:7f:0c.6: [8086:344d] type 00 class 0x088000
[    1.821909] pci 0000:7f:0c.7: [8086:344d] type 00 class 0x088000
[    1.822100] pci 0000:7f:0d.0: [8086:344d] type 00 class 0x088000
[    1.822271] pci 0000:7f:0d.1: [8086:344d] type 00 class 0x088000
[    1.822448] pci 0000:7f:0d.2: [8086:344d] type 00 class 0x088000
[    1.822622] pci 0000:7f:0d.3: [8086:344d] type 00 class 0x088000
[    1.822831] pci 0000:7f:1d.0: [8086:344f] type 00 class 0x088000
[    1.822964] pci 0000:7f:1d.1: [8086:3457] type 00 class 0x088000
[    1.823109] pci 0000:7f:1e.0: [8086:3458] type 00 class 0x088000
[    1.823200] pci 0000:7f:1e.1: [8086:3459] type 00 class 0x088000
[    1.823294] pci 0000:7f:1e.2: [8086:345a] type 00 class 0x088000
[    1.823381] pci 0000:7f:1e.3: [8086:345b] type 00 class 0x088000
[    1.823469] pci 0000:7f:1e.4: [8086:345c] type 00 class 0x088000
[    1.823556] pci 0000:7f:1e.5: [8086:345d] type 00 class 0x088000
[    1.823645] pci 0000:7f:1e.6: [8086:345e] type 00 class 0x088000
[    1.823733] pci 0000:7f:1e.7: [8086:345f] type 00 class 0x088000
[    1.823804] pci_bus 0000:7f: on NUMA node 0
[    1.823903] ACPI: PCI Root Bridge [PC06] (domain 0000 [bus 80])
[    1.823905] acpi PNP0A08:06: _OSC: OS supports [ExtendedConfig ASPM ClockPM Segments MSI HPX-Type3]
[    1.837587] acpi PNP0A08:06: _OSC: platform does not support [SHPCHotplug AER]
[    1.837790] acpi PNP0A08:06: _OSC: OS now controls [PCIeHotplug PME PCIeCapability LTR]
[    1.837791] acpi PNP0A08:06: FADT indicates ASPM is unsupported, using BIOS configuration
[    1.837938] PCI host bridge to bus 0000:80
[    1.837939] pci_bus 0000:80: root bus resource [io  0xb000-0xbfff window]
[    1.837940] pci_bus 0000:80: root bus resource [mem 0xc6800000-0xd0ffffff window]
[    1.837941] pci_bus 0000:80: root bus resource [mem 0x250000000000-0x25ffffffffff window]
[    1.837943] pci_bus 0000:80: root bus resource [bus 80]
[    1.837974] pci 0000:80:00.0: [8086:09a2] type 00 class 0x088000
[    1.838068] pci 0000:80:00.1: [8086:09a4] type 00 class 0x088000
[    1.838161] pci 0000:80:00.2: [8086:09a3] type 00 class 0x088000
[    1.838251] pci 0000:80:00.4: [8086:0998] type 00 class 0x060000
[    1.838340] pci 0000:80:02.0: [8086:09a6] type 00 class 0x088000
[    1.838348] pci 0000:80:02.0: reg 0x10: [mem 0xc6aa4000-0xc6aa5fff]
[    1.838429] pci 0000:80:02.1: [8086:09a7] type 00 class 0x088000
[    1.838437] pci 0000:80:02.1: reg 0x10: [mem 0xc6a00000-0xc6a7ffff]
[    1.838443] pci 0000:80:02.1: reg 0x14: [mem 0xc6980000-0xc69fffff]
[    1.838529] pci 0000:80:02.4: [8086:3456] type 00 class 0x130000
[    1.838539] pci 0000:80:02.4: reg 0x10: [mem 0xc6800000-0xc68fffff 64bit]
[    1.838546] pci 0000:80:02.4: reg 0x18: [mem 0xc6aa0000-0xc6aa3fff 64bit]
[    1.838553] pci 0000:80:02.4: reg 0x20: [mem 0xc6a80000-0xc6a9ffff 64bit]
[    1.838616] pci_bus 0000:80: on NUMA node 1
[    1.838692] ACPI: PCI Root Bridge [PC07] (domain 0000 [bus 81])
[    1.838695] acpi PNP0A08:07: _OSC: OS supports [ExtendedConfig ASPM ClockPM Segments MSI HPX-Type3]
[    1.852384] acpi PNP0A08:07: _OSC: platform does not support [SHPCHotplug AER]
[    1.852586] acpi PNP0A08:07: _OSC: OS now controls [PCIeHotplug PME PCIeCapability LTR]
[    1.852587] acpi PNP0A08:07: FADT indicates ASPM is unsupported, using BIOS configuration
[    1.852702] PCI host bridge to bus 0000:81
[    1.852703] pci_bus 0000:81: root bus resource [io  0xc000-0xcfff window]
[    1.852704] pci_bus 0000:81: root bus resource [mem 0xd1000000-0xdbbfffff window]
[    1.852705] pci_bus 0000:81: root bus resource [mem 0x260000000000-0x26ffffffffff window]
[    1.852706] pci_bus 0000:81: root bus resource [bus 81]
[    1.852721] pci 0000:81:00.0: [8086:09a2] type 00 class 0x088000
[    1.852796] pci 0000:81:00.1: [8086:09a4] type 00 class 0x088000
[    1.852870] pci 0000:81:00.2: [8086:09a3] type 00 class 0x088000
[    1.852951] pci 0000:81:00.4: [8086:0998] type 00 class 0x060000
[    1.853031] pci_bus 0000:81: on NUMA node 1
[    1.853101] ACPI: PCI Root Bridge [PC08] (domain 0000 [bus 82])
[    1.853103] acpi PNP0A08:08: _OSC: OS supports [ExtendedConfig ASPM ClockPM Segments MSI HPX-Type3]
[    1.866785] acpi PNP0A08:08: _OSC: platform does not support [SHPCHotplug AER]
[    1.866987] acpi PNP0A08:08: _OSC: OS now controls [PCIeHotplug PME PCIeCapability LTR]
[    1.866989] acpi PNP0A08:08: FADT indicates ASPM is unsupported, using BIOS configuration
[    1.867100] PCI host bridge to bus 0000:82
[    1.867101] pci_bus 0000:82: root bus resource [io  0xd000-0xdfff window]
[    1.867102] pci_bus 0000:82: root bus resource [mem 0xdbc00000-0xe67fffff window]
[    1.867103] pci_bus 0000:82: root bus resource [mem 0x270000000000-0x27ffffffffff window]
[    1.867104] pci_bus 0000:82: root bus resource [bus 82]
[    1.867119] pci 0000:82:00.0: [8086:09a2] type 00 class 0x088000
[    1.867195] pci 0000:82:00.1: [8086:09a4] type 00 class 0x088000
[    1.867268] pci 0000:82:00.2: [8086:09a3] type 00 class 0x088000
[    1.867344] pci 0000:82:00.4: [8086:0998] type 00 class 0x060000
[    1.867423] pci_bus 0000:82: on NUMA node 1
[    1.867522] ACPI: PCI Root Bridge [PC10] (domain 0000 [bus 83-f9])
[    1.867524] acpi PNP0A08:0a: _OSC: OS supports [ExtendedConfig ASPM ClockPM Segments MSI HPX-Type3]
[    1.881200] acpi PNP0A08:0a: _OSC: platform does not support [SHPCHotplug AER]
[    1.881402] acpi PNP0A08:0a: _OSC: OS now controls [PCIeHotplug PME PCIeCapability LTR]
[    1.881403] acpi PNP0A08:0a: FADT indicates ASPM is unsupported, using BIOS configuration
[    1.881521] PCI host bridge to bus 0000:83
[    1.881522] pci_bus 0000:83: root bus resource [io  0xe000-0xefff window]
[    1.881523] pci_bus 0000:83: root bus resource [mem 0xe6800000-0xf13fffff window]
[    1.881525] pci_bus 0000:83: root bus resource [mem 0x280000000000-0x28ffffffffff window]
[    1.881526] pci_bus 0000:83: root bus resource [bus 83-f9]
[    1.881540] pci 0000:83:00.0: [8086:09a2] type 00 class 0x088000
[    1.881617] pci 0000:83:00.1: [8086:09a4] type 00 class 0x088000
[    1.881692] pci 0000:83:00.2: [8086:09a3] type 00 class 0x088000
[    1.881773] pci 0000:83:00.4: [8086:0998] type 00 class 0x060000
[    1.881854] pci_bus 0000:83: on NUMA node 1
[    1.881924] ACPI: PCI Root Bridge [PC11] (domain 0000 [bus fa])
[    1.881927] acpi PNP0A08:0b: _OSC: OS supports [ExtendedConfig ASPM ClockPM Segments MSI HPX-Type3]
[    1.895592] acpi PNP0A08:0b: _OSC: platform does not support [SHPCHotplug AER]
[    1.895794] acpi PNP0A08:0b: _OSC: OS now controls [PCIeHotplug PME PCIeCapability LTR]
[    1.895796] acpi PNP0A08:0b: FADT indicates ASPM is unsupported, using BIOS configuration
[    1.895909] PCI host bridge to bus 0000:fa
[    1.895910] pci_bus 0000:fa: root bus resource [io  0xf000-0xffff window]
[    1.895911] pci_bus 0000:fa: root bus resource [mem 0xf1400000-0xfb7fffff window]
[    1.895912] pci_bus 0000:fa: root bus resource [mem 0x290000000000-0x29ffffffffff window]
[    1.895913] pci_bus 0000:fa: root bus resource [bus fa]
[    1.895928] pci 0000:fa:00.0: [8086:09a2] type 00 class 0x088000
[    1.896003] pci 0000:fa:00.1: [8086:09a4] type 00 class 0x088000
[    1.896079] pci 0000:fa:00.2: [8086:09a3] type 00 class 0x088000
[    1.896155] pci 0000:fa:00.4: [8086:0998] type 00 class 0x060000
[    1.896236] pci_bus 0000:fa: on NUMA node 1
[    1.896299] ACPI: PCI Root Bridge [UC16] (domain 0000 [bus fe])
[    1.896301] acpi PNP0A03:02: _OSC: OS supports [ExtendedConfig ASPM ClockPM Segments MSI HPX-Type3]
[    1.896466] acpi PNP0A03:02: _OSC: platform does not support [SHPCHotplug AER LTR]
[    1.896636] acpi PNP0A03:02: _OSC: OS now controls [PCIeHotplug PME PCIeCapability]
[    1.896637] acpi PNP0A03:02: FADT indicates ASPM is unsupported, using BIOS configuration
[    1.896764] PCI host bridge to bus 0000:fe
[    1.896765] pci_bus 0000:fe: root bus resource [bus fe]
[    1.896797] pci 0000:fe:00.0: [8086:3450] type 00 class 0x088000
[    1.896881] pci 0000:fe:00.1: [8086:3451] type 00 class 0x088000
[    1.896961] pci 0000:fe:00.2: [8086:3452] type 00 class 0x088000
[    1.897048] pci 0000:fe:00.3: [8086:0998] type 00 class 0x060000
[    1.897129] pci 0000:fe:00.5: [8086:3455] type 00 class 0x088000
[    1.897229] pci 0000:fe:02.0: [8086:3440] type 00 class 0x088000
[    1.897370] pci 0000:fe:02.1: [8086:3441] type 00 class 0x088000
[    1.897504] pci 0000:fe:02.2: [8086:3442] type 00 class 0x088000
[    1.897649] pci 0000:fe:03.0: [8086:3440] type 00 class 0x088000
[    1.897755] pci 0000:fe:03.1: [8086:3441] type 00 class 0x088000
[    1.897855] pci 0000:fe:03.2: [8086:3442] type 00 class 0x088000
[    1.897969] pci 0000:fe:04.0: [8086:3440] type 00 class 0x088000
[    1.898115] pci 0000:fe:04.1: [8086:3441] type 00 class 0x088000
[    1.898256] pci 0000:fe:04.2: [8086:3442] type 00 class 0x088000
[    1.898398] pci 0000:fe:04.3: [8086:3443] type 00 class 0x088000
[    1.898555] pci 0000:fe:05.0: [8086:3445] type 00 class 0x088000
[    1.898696] pci 0000:fe:05.1: [8086:3446] type 00 class 0x088000
[    1.898833] pci 0000:fe:05.2: [8086:3447] type 00 class 0x088000
[    1.898981] pci 0000:fe:06.0: [8086:3445] type 00 class 0x088000
[    1.899094] pci 0000:fe:06.1: [8086:3446] type 00 class 0x088000
[    1.899203] pci 0000:fe:06.2: [8086:3447] type 00 class 0x088000
[    1.899327] pci 0000:fe:07.0: [8086:3445] type 00 class 0x088000
[    1.899475] pci 0000:fe:07.1: [8086:3446] type 00 class 0x088000
[    1.899621] pci 0000:fe:07.2: [8086:3447] type 00 class 0x088000
[    1.899776] pci 0000:fe:0b.0: [8086:3448] type 00 class 0x088000
[    1.899865] pci 0000:fe:0b.1: [8086:3448] type 00 class 0x088000
[    1.899953] pci 0000:fe:0b.2: [8086:344b] type 00 class 0x088000
[    1.900064] pci 0000:fe:0c.0: [8086:344a] type 00 class 0x110100
[    1.900194] pci 0000:fe:0d.0: [8086:344a] type 00 class 0x110100
[    1.900310] pci 0000:fe:0e.0: [8086:344a] type 00 class 0x110100
[    1.900482] pci 0000:fe:0f.0: [8086:344a] type 00 class 0x110100
[    1.900675] pci 0000:fe:1a.0: [8086:2880] type 00 class 0x110100
[    1.900803] pci 0000:fe:1b.0: [8086:2880] type 00 class 0x110100
[    1.900915] pci 0000:fe:1c.0: [8086:2880] type 00 class 0x110100
[    1.901093] pci 0000:fe:1d.0: [8086:2880] type 00 class 0x110100
[    1.901260] pci_bus 0000:fe: on NUMA node 1
[    1.901338] ACPI: PCI Root Bridge [UC17] (domain 0000 [bus ff])
[    1.901341] acpi PNP0A03:03: _OSC: OS supports [ExtendedConfig ASPM ClockPM Segments MSI HPX-Type3]
[    1.901509] acpi PNP0A03:03: _OSC: platform does not support [SHPCHotplug AER LTR]
[    1.901680] acpi PNP0A03:03: _OSC: OS now controls [PCIeHotplug PME PCIeCapability]
[    1.901681] acpi PNP0A03:03: FADT indicates ASPM is unsupported, using BIOS configuration
[    1.901818] PCI host bridge to bus 0000:ff
[    1.901819] pci_bus 0000:ff: root bus resource [bus ff]
[    1.901860] pci 0000:ff:00.0: [8086:344c] type 00 class 0x088000
[    1.901990] pci 0000:ff:00.1: [8086:344c] type 00 class 0x088000
[    1.902129] pci 0000:ff:00.2: [8086:344c] type 00 class 0x088000
[    1.902253] pci 0000:ff:00.3: [8086:344c] type 00 class 0x088000
[    1.902399] pci 0000:ff:00.4: [8086:344c] type 00 class 0x088000
[    1.902540] pci 0000:ff:00.5: [8086:344c] type 00 class 0x088000
[    1.902660] pci 0000:ff:00.6: [8086:344c] type 00 class 0x088000
[    1.902812] pci 0000:ff:00.7: [8086:344c] type 00 class 0x088000
[    1.902982] pci 0000:ff:01.0: [8086:344c] type 00 class 0x088000
[    1.903139] pci 0000:ff:01.1: [8086:344c] type 00 class 0x088000
[    1.903289] pci 0000:ff:01.2: [8086:344c] type 00 class 0x088000
[    1.903407] pci 0000:ff:01.3: [8086:344c] type 00 class 0x088000
[    1.903568] pci 0000:ff:01.4: [8086:344c] type 00 class 0x088000
[    1.903731] pci 0000:ff:01.5: [8086:344c] type 00 class 0x088000
[    1.903897] pci 0000:ff:01.6: [8086:344c] type 00 class 0x088000
[    1.904048] pci 0000:ff:01.7: [8086:344c] type 00 class 0x088000
[    1.904228] pci 0000:ff:02.0: [8086:344c] type 00 class 0x088000
[    1.904390] pci 0000:ff:02.1: [8086:344c] type 00 class 0x088000
[    1.904548] pci 0000:ff:02.2: [8086:344c] type 00 class 0x088000
[    1.904711] pci 0000:ff:02.3: [8086:344c] type 00 class 0x088000
[    1.904872] pci 0000:ff:02.4: [8086:344c] type 00 class 0x088000
[    1.905035] pci 0000:ff:02.5: [8086:344c] type 00 class 0x088000
[    1.905205] pci 0000:ff:02.6: [8086:344c] type 00 class 0x088000
[    1.905373] pci 0000:ff:02.7: [8086:344c] type 00 class 0x088000
[    1.905570] pci 0000:ff:03.0: [8086:344c] type 00 class 0x088000
[    1.905748] pci 0000:ff:03.1: [8086:344c] type 00 class 0x088000
[    1.905922] pci 0000:ff:03.2: [8086:344c] type 00 class 0x088000
[    1.906106] pci 0000:ff:03.3: [8086:344c] type 00 class 0x088000
[    1.906310] pci 0000:ff:0a.0: [8086:344d] type 00 class 0x088000
[    1.906438] pci 0000:ff:0a.1: [8086:344d] type 00 class 0x088000
[    1.906577] pci 0000:ff:0a.2: [8086:344d] type 00 class 0x088000
[    1.906701] pci 0000:ff:0a.3: [8086:344d] type 00 class 0x088000
[    1.906852] pci 0000:ff:0a.4: [8086:344d] type 00 class 0x088000
[    1.906994] pci 0000:ff:0a.5: [8086:344d] type 00 class 0x088000
[    1.907114] pci 0000:ff:0a.6: [8086:344d] type 00 class 0x088000
[    1.907268] pci 0000:ff:0a.7: [8086:344d] type 00 class 0x088000
[    1.907435] pci 0000:ff:0b.0: [8086:344d] type 00 class 0x088000
[    1.907592] pci 0000:ff:0b.1: [8086:344d] type 00 class 0x088000
[    1.907741] pci 0000:ff:0b.2: [8086:344d] type 00 class 0x088000
[    1.907852] pci 0000:ff:0b.3: [8086:344d] type 00 class 0x088000
[    1.908021] pci 0000:ff:0b.4: [8086:344d] type 00 class 0x088000
[    1.908183] pci 0000:ff:0b.5: [8086:344d] type 00 class 0x088000
[    1.908350] pci 0000:ff:0b.6: [8086:344d] type 00 class 0x088000
[    1.908502] pci 0000:ff:0b.7: [8086:344d] type 00 class 0x088000
[    1.908674] pci 0000:ff:0c.0: [8086:344d] type 00 class 0x088000
[    1.908835] pci 0000:ff:0c.1: [8086:344d] type 00 class 0x088000
[    1.908993] pci 0000:ff:0c.2: [8086:344d] type 00 class 0x088000
[    1.909157] pci 0000:ff:0c.3: [8086:344d] type 00 class 0x088000
[    1.909324] pci 0000:ff:0c.4: [8086:344d] type 00 class 0x088000
[    1.909488] pci 0000:ff:0c.5: [8086:344d] type 00 class 0x088000
[    1.909656] pci 0000:ff:0c.6: [8086:344d] type 00 class 0x088000
[    1.909825] pci 0000:ff:0c.7: [8086:344d] type 00 class 0x088000
[    1.910017] pci 0000:ff:0d.0: [8086:344d] type 00 class 0x088000
[    1.910194] pci 0000:ff:0d.1: [8086:344d] type 00 class 0x088000
[    1.910369] pci 0000:ff:0d.2: [8086:344d] type 00 class 0x088000
[    1.910553] pci 0000:ff:0d.3: [8086:344d] type 00 class 0x088000
[    1.910773] pci 0000:ff:1d.0: [8086:344f] type 00 class 0x088000
[    1.910912] pci 0000:ff:1d.1: [8086:3457] type 00 class 0x088000
[    1.911063] pci 0000:ff:1e.0: [8086:3458] type 00 class 0x088000
[    1.911158] pci 0000:ff:1e.1: [8086:3459] type 00 class 0x088000
[    1.911250] pci 0000:ff:1e.2: [8086:345a] type 00 class 0x088000
[    1.911340] pci 0000:ff:1e.3: [8086:345b] type 00 class 0x088000
[    1.911430] pci 0000:ff:1e.4: [8086:345c] type 00 class 0x088000
[    1.911522] pci 0000:ff:1e.5: [8086:345d] type 00 class 0x088000
[    1.911618] pci 0000:ff:1e.6: [8086:345e] type 00 class 0x088000
[    1.911708] pci 0000:ff:1e.7: [8086:345f] type 00 class 0x088000
[    1.911782] pci_bus 0000:ff: on NUMA node 1
[    1.912772] iommu: Default domain type: Translated 
[    1.912772] iommu: DMA domain TLB invalidation policy: lazy mode 
[    1.912772] pci 0000:03:00.0: vgaarb: setting as boot VGA device
[    1.912772] pci 0000:03:00.0: vgaarb: VGA device added: decodes=io+mem,owns=io+mem,locks=none
[    1.912772] pci 0000:03:00.0: vgaarb: bridge control possible
[    1.912772] vgaarb: loaded
[    1.912772] SCSI subsystem initialized
[    1.912772] libata version 3.00 loaded.
[    1.912772] ACPI: bus type USB registered
[    1.912772] usbcore: registered new interface driver usbfs
[    1.912772] usbcore: registered new interface driver hub
[    1.912772] usbcore: registered new device driver usb
[    1.912772] pps_core: LinuxPPS API ver. 1 registered
[    1.912772] pps_core: Software ver. 5.3.6 - Copyright 2005-2007 Rodolfo Giometti <giometti@linux.it>
[    1.912772] PTP clock support registered
[    1.912772] EDAC MC: Ver: 3.0.0
[    1.912772] Registered efivars operations
[    1.912772] NetLabel: Initializing
[    1.912772] NetLabel:  domain hash size = 128
[    1.912772] NetLabel:  protocols = UNLABELED CIPSOv4 CALIPSO
[    1.912772] NetLabel:  unlabeled traffic allowed by default
[    1.912772] PCI: Using ACPI for IRQ routing
[    1.917748] PCI: pci_cache_line_size set to 64 bytes
[    1.918297] e820: reserve RAM buffer [mem 0x0008f000-0x0008ffff]
[    1.918299] e820: reserve RAM buffer [mem 0x46cc5020-0x47ffffff]
[    1.918300] e820: reserve RAM buffer [mem 0x46cf7020-0x47ffffff]
[    1.918301] e820: reserve RAM buffer [mem 0x46d2a020-0x47ffffff]
[    1.918302] e820: reserve RAM buffer [mem 0x46d5d020-0x47ffffff]
[    1.918303] e820: reserve RAM buffer [mem 0x49e77000-0x4bffffff]
[    1.918304] e820: reserve RAM buffer [mem 0x4b2cf000-0x4bffffff]
[    1.918305] e820: reserve RAM buffer [mem 0x4bd94000-0x4bffffff]
[    1.918306] e820: reserve RAM buffer [mem 0x4ce00000-0x4fffffff]
[    1.918306] e820: reserve RAM buffer [mem 0x5eefe000-0x5fffffff]
[    1.918307] e820: reserve RAM buffer [mem 0x6f800000-0x6fffffff]
[    1.919812] hpet0: at MMIO 0xfed00000, IRQs 2, 8, 0, 0, 0, 0, 0, 0
[    1.919819] hpet0: 8 comparators, 64-bit 24.000000 MHz counter
[    1.922071] clocksource: Switched to clocksource tsc-early
[    1.927688] VFS: Disk quotas dquot_6.6.0
[    1.927742] VFS: Dquot-cache hash table entries: 512 (order 0, 4096 bytes)
[    1.927890] AppArmor: AppArmor Filesystem Enabled
[    1.927907] pnp: PnP ACPI init
[    1.943198] system 00:01: [io  0x0500-0x05fe] has been reserved
[    1.943201] system 00:01: [io  0x0400-0x041f] has been reserved
[    1.943203] system 00:01: [io  0x0600-0x061f] has been reserved
[    1.943205] system 00:01: [io  0x0ca0-0x0ca1] has been reserved
[    1.943206] system 00:01: [io  0x0ca4-0x0ca6] has been reserved
[    1.943208] system 00:01: [mem 0xff000000-0xffffffff] has been reserved
[    1.943786] system 00:04: [mem 0xfd000000-0xfdabffff] has been reserved
[    1.943788] system 00:04: [mem 0xfdad0000-0xfdadffff] has been reserved
[    1.943789] system 00:04: [mem 0xfdb00000-0xfdffffff] has been reserved
[    1.943791] system 00:04: [mem 0xfe000000-0xfe00ffff] has been reserved
[    1.943792] system 00:04: [mem 0xfe011000-0xfe01ffff] has been reserved
[    1.943793] system 00:04: [mem 0xfe036000-0xfe03bfff] has been reserved
[    1.943795] system 00:04: [mem 0xfe03d000-0xfe3fffff] has been reserved
[    1.943796] system 00:04: [mem 0xfe410000-0xfe7fffff] has been reserved
[    1.944104] system 00:05: [io  0x1000-0x10fe] has been reserved
[    1.945093] pnp: PnP ACPI: found 6 devices
[    1.950627] clocksource: acpi_pm: mask: 0xffffff max_cycles: 0xffffff, max_idle_ns: 2085701024 ns
[    1.950702] NET: Registered PF_INET protocol family
[    1.951052] IP idents hash table entries: 262144 (order: 9, 2097152 bytes, vmalloc)
[    1.953183] tcp_listen_portaddr_hash hash table entries: 16384 (order: 6, 262144 bytes, vmalloc)
[    1.953522] TCP established hash table entries: 262144 (order: 9, 2097152 bytes, vmalloc)
[    1.953913] TCP bind hash table entries: 65536 (order: 8, 1048576 bytes, vmalloc)
[    1.953978] TCP: Hash tables configured (established 262144 bind 65536)
[    1.954189] UDP hash table entries: 16384 (order: 7, 524288 bytes, vmalloc)
[    1.954302] UDP-Lite hash table entries: 16384 (order: 7, 524288 bytes, vmalloc)
[    1.954524] NET: Registered PF_UNIX/PF_LOCAL protocol family
[    1.954530] NET: Registered PF_XDP protocol family
[    1.954536] pci 0000:04:00.0: can't claim BAR 6 [mem 0xfffc0000-0xffffffff pref]: no compatible bridge window
[    1.954539] pci 0000:04:00.1: can't claim BAR 6 [mem 0xfffc0000-0xffffffff pref]: no compatible bridge window
[    1.954540] pci 0000:17:00.0: can't claim BAR 6 [mem 0xfff00000-0xffffffff pref]: no compatible bridge window
[    1.954556] pci 0000:00:1c.5: BAR 14: assigned [mem 0x90000000-0x900fffff]
[    1.954559] pci 0000:00:1c.0: PCI bridge to [bus 01]
[    1.954568] pci 0000:02:00.0: PCI bridge to [bus 03]
[    1.954573] pci 0000:02:00.0:   bridge window [mem 0x92000000-0x928fffff]
[    1.954577] pci 0000:02:00.0:   bridge window [mem 0x91000000-0x91ffffff 64bit pref]
[    1.954583] pci 0000:00:1c.4: PCI bridge to [bus 02-03]
[    1.954587] pci 0000:00:1c.4:   bridge window [mem 0x92000000-0x928fffff]
[    1.954589] pci 0000:00:1c.4:   bridge window [mem 0x91000000-0x91ffffff 64bit pref]
[    1.954594] pci 0000:04:00.0: BAR 6: assigned [mem 0x90000000-0x9003ffff pref]
[    1.954596] pci 0000:04:00.1: BAR 6: assigned [mem 0x90040000-0x9007ffff pref]
[    1.954598] pci 0000:00:1c.5: PCI bridge to [bus 04]
[    1.954601] pci 0000:00:1c.5:   bridge window [mem 0x90000000-0x900fffff]
[    1.954603] pci 0000:00:1c.5:   bridge window [mem 0x92900000-0x929fffff 64bit pref]
[    1.954608] pci_bus 0000:00: resource 4 [io  0x0000-0x0cf7 window]
[    1.954609] pci_bus 0000:00: resource 5 [io  0x1000-0x4fff window]
[    1.954611] pci_bus 0000:00: resource 6 [mem 0x000a0000-0x000bffff window]
[    1.954612] pci_bus 0000:00: resource 7 [mem 0x000c8000-0x000cffff window]
[    1.954613] pci_bus 0000:00: resource 8 [mem 0xfe010000-0xfe010fff window]
[    1.954614] pci_bus 0000:00: resource 9 [mem 0x90000000-0x9b7fffff window]
[    1.954615] pci_bus 0000:00: resource 10 [mem 0x200000000000-0x20ffffffffff window]
[    1.954617] pci_bus 0000:02: resource 1 [mem 0x92000000-0x928fffff]
[    1.954618] pci_bus 0000:02: resource 2 [mem 0x91000000-0x91ffffff 64bit pref]
[    1.954620] pci_bus 0000:03: resource 1 [mem 0x92000000-0x928fffff]
[    1.954621] pci_bus 0000:03: resource 2 [mem 0x91000000-0x91ffffff 64bit pref]
[    1.954622] pci_bus 0000:04: resource 1 [mem 0x90000000-0x900fffff]
[    1.954623] pci_bus 0000:04: resource 2 [mem 0x92900000-0x929fffff 64bit pref]
[    1.954692] pci 0000:17:00.0: BAR 6: no space for [mem size 0x00100000 pref]
[    1.954694] pci 0000:17:00.0: BAR 6: failed to assign [mem size 0x00100000 pref]
[    1.954695] pci 0000:16:02.0: PCI bridge to [bus 17]
[    1.954697] pci 0000:16:02.0:   bridge window [io  0x5000-0x5fff]
[    1.954700] pci 0000:16:02.0:   bridge window [mem 0x9ba00000-0x9bafffff]
[    1.954702] pci 0000:16:02.0:   bridge window [mem 0x9b800000-0x9b9fffff 64bit pref]
[    1.954705] pci_bus 0000:16: resource 4 [io  0x5000-0x6fff window]
[    1.954706] pci_bus 0000:16: resource 5 [mem 0x9b800000-0xa63fffff window]
[    1.954707] pci_bus 0000:16: resource 6 [mem 0x210000000000-0x21ffffffffff window]
[    1.954709] pci_bus 0000:17: resource 0 [io  0x5000-0x5fff]
[    1.954710] pci_bus 0000:17: resource 1 [mem 0x9ba00000-0x9bafffff]
[    1.954711] pci_bus 0000:17: resource 2 [mem 0x9b800000-0x9b9fffff 64bit pref]
[    1.954717] pci_bus 0000:30: resource 4 [io  0x7000-0x8fff window]
[    1.954718] pci_bus 0000:30: resource 5 [mem 0xa6400000-0xb0ffffff window]
[    1.954720] pci_bus 0000:30: resource 6 [mem 0x220000000000-0x22ffffffffff window]
[    1.954725] pci_bus 0000:4a: resource 4 [io  0x9000-0x9fff window]
[    1.954726] pci_bus 0000:4a: resource 5 [mem 0xb1000000-0xbbbfffff window]
[    1.954727] pci_bus 0000:4a: resource 6 [mem 0x230000000000-0x23ffffffffff window]
[    1.954733] pci_bus 0000:64: resource 4 [io  0xa000-0xafff window]
[    1.954734] pci_bus 0000:64: resource 5 [mem 0xbbc00000-0xc5ffffff window]
[    1.954735] pci_bus 0000:64: resource 6 [mem 0x240000000000-0x24ffffffffff window]
[    1.954764] pci_bus 0000:80: resource 4 [io  0xb000-0xbfff window]
[    1.954765] pci_bus 0000:80: resource 5 [mem 0xc6800000-0xd0ffffff window]
[    1.954767] pci_bus 0000:80: resource 6 [mem 0x250000000000-0x25ffffffffff window]
[    1.954773] pci_bus 0000:81: resource 4 [io  0xc000-0xcfff window]
[    1.954774] pci_bus 0000:81: resource 5 [mem 0xd1000000-0xdbbfffff window]
[    1.954775] pci_bus 0000:81: resource 6 [mem 0x260000000000-0x26ffffffffff window]
[    1.954781] pci_bus 0000:82: resource 4 [io  0xd000-0xdfff window]
[    1.954782] pci_bus 0000:82: resource 5 [mem 0xdbc00000-0xe67fffff window]
