2024年 05月 22日 星期三 13:02:43 CST
pgmigrate_success 553133
pgmigrate_fail 83
pgmigrate_dst_node_full_fail 4011392
pgmigrate_numa_isolate_fail 79
pgmigrate_nomem_fail 4
pgmigrate_refcount_fail 723
thp_fault_alloc 0
thp_fault_fallback 0
thp_collapse_alloc 0
thp_collapse_alloc_failed 0
thp_file_alloc 0
thp_file_mapped 0
thp_split_page 0
thp_split_page_failed 0
thp_deferred_split_page 0
thp_split_pmd 0
thp_split_pud 0
thp_zero_page_alloc 0
thp_zero_page_alloc_failed 0
thp_swpout 0
thp_swpout_fallback 0
MemTotal:       1080978828 kB
MemFree:        1050252196 kB
MemAvailable:   1048052456 kB
Buffers:            8752 kB
Cached:           129044 kB
SwapCached:        11264 kB
Active:           234736 kB
Inactive:         437456 kB
Active(anon):     177660 kB
Inactive(anon):   361600 kB
Active(file):      57076 kB
Inactive(file):    75856 kB
Unevictable:           0 kB
Mlocked:               0 kB
SwapTotal:       2097148 kB
SwapFree:        1937916 kB
Dirty:              1332 kB
Writeback:             0 kB
AnonPages:        531048 kB
Mapped:           126760 kB
Shmem:              4500 kB
KReclaimable:     250388 kB
Slab:             690476 kB
SReclaimable:     250388 kB
SUnreclaim:       440088 kB
KernelStack:       33728 kB
PageTables:        28444 kB
NFS_Unstable:          0 kB
Bounce:                0 kB
WritebackTmp:          0 kB
CommitLimit:    542586560 kB
Committed_AS:    6979060 kB
VmallocTotal:   34359738367 kB
VmallocUsed:      105100 kB
VmallocChunk:          0 kB
Percpu:           123648 kB
HardwareCorrupted:     0 kB
AnonHugePages:         0 kB
ShmemHugePages:        0 kB
ShmemPmdMapped:        0 kB
CmaTotal:              0 kB
CmaFree:               0 kB
HugePages_Total:       0
HugePages_Free:        0
HugePages_Rsvd:        0
HugePages_Surp:        0
Hugepagesize:       2048 kB
Hugetlb:               0 kB
DirectMap4k:     1068520 kB
DirectMap2M:     8853504 kB
DirectMap1G:    1179648000 kB
2024年 05月 22日 星期三 13:08:34 CST
pgmigrate_success 684054
pgmigrate_fail 5176953
pgmigrate_dst_node_full_fail 9177984
pgmigrate_numa_isolate_fail 120
pgmigrate_nomem_fail 4
pgmigrate_refcount_fail 1093
thp_fault_alloc 5305
thp_fault_fallback 0
thp_collapse_alloc 24
thp_collapse_alloc_failed 0
thp_file_alloc 0
thp_file_mapped 0
thp_split_page 0
thp_split_page_failed 0
thp_deferred_split_page 5650
thp_split_pmd 196
thp_split_pud 0
thp_zero_page_alloc 0
thp_zero_page_alloc_failed 0
thp_swpout 0
thp_swpout_fallback 0
MemTotal:       1080978828 kB
MemFree:        1049922636 kB
MemAvailable:   1047790360 kB
Buffers:           60652 kB
Cached:           176288 kB
SwapCached:        11128 kB
Active:           291252 kB
Inactive:         481828 kB
Active(anon):     173748 kB
Inactive(anon):   367276 kB
Active(file):     117504 kB
Inactive(file):   114552 kB
Unevictable:           0 kB
Mlocked:               0 kB
SwapTotal:       2097148 kB
SwapFree:        1938172 kB
Dirty:                36 kB
Writeback:             0 kB
AnonPages:        532484 kB
Mapped:           126556 kB
Shmem:              4500 kB
KReclaimable:     286200 kB
Slab:             726960 kB
SReclaimable:     286200 kB
SUnreclaim:       440760 kB
KernelStack:       34496 kB
PageTables:        28632 kB
NFS_Unstable:          0 kB
Bounce:                0 kB
WritebackTmp:          0 kB
CommitLimit:    542586560 kB
Committed_AS:    6528808 kB
VmallocTotal:   34359738367 kB
VmallocUsed:      105164 kB
VmallocChunk:          0 kB
Percpu:           123648 kB
HardwareCorrupted:     0 kB
AnonHugePages:    299008 kB
ShmemHugePages:        0 kB
ShmemPmdMapped:        0 kB
CmaTotal:              0 kB
CmaFree:               0 kB
HugePages_Total:       0
HugePages_Free:        0
HugePages_Rsvd:        0
HugePages_Surp:        0
Hugepagesize:       2048 kB
Hugetlb:               0 kB
DirectMap4k:     1068520 kB
DirectMap2M:     8853504 kB
DirectMap1G:    1179648000 kB
