2024年 06月 30日 星期日 16:37:54 CST
pgmigrate_success 975566
pgmigrate_fail 178
pgmigrate_dst_node_full_fail 5239766
pgmigrate_numa_isolate_fail 494
pgmigrate_nomem_fail 7
pgmigrate_refcount_fail 932
thp_fault_alloc 18028
thp_fault_fallback 0
thp_collapse_alloc 87
thp_collapse_alloc_failed 20
thp_file_alloc 0
thp_file_mapped 0
thp_split_page 0
thp_split_page_failed 0
thp_deferred_split_page 18027
thp_split_pmd 1165
thp_split_pud 0
thp_zero_page_alloc 0
thp_zero_page_alloc_failed 0
thp_swpout 0
thp_swpout_fallback 0
MemTotal:       1123314988 kB
MemFree:        1092810352 kB
MemAvailable:   1090464068 kB
Buffers:            7932 kB
Cached:           318028 kB
SwapCached:        80968 kB
Active:           376360 kB
Inactive:         404164 kB
Active(anon):     345340 kB
Inactive(anon):   115308 kB
Active(file):      31020 kB
Inactive(file):   288856 kB
Unevictable:           0 kB
Mlocked:               0 kB
SwapTotal:       2097148 kB
SwapFree:        1757180 kB
Dirty:               724 kB
Writeback:             0 kB
AnonPages:        436844 kB
Mapped:           314356 kB
Shmem:              5412 kB
KReclaimable:     266148 kB
Slab:             723296 kB
SReclaimable:     266148 kB
SUnreclaim:       457148 kB
KernelStack:       34160 kB
PageTables:        29156 kB
NFS_Unstable:          0 kB
Bounce:                0 kB
WritebackTmp:          0 kB
CommitLimit:    563754640 kB
Committed_AS:    7039592 kB
VmallocTotal:   34359738367 kB
VmallocUsed:      161724 kB
VmallocChunk:          0 kB
Percpu:           122752 kB
HardwareCorrupted:     0 kB
AnonHugePages:     43008 kB
ShmemHugePages:        0 kB
ShmemPmdMapped:        0 kB
CmaTotal:              0 kB
CmaFree:               0 kB
HugePages_Total:       0
HugePages_Free:        0
HugePages_Rsvd:        0
HugePages_Surp:        0
Hugepagesize:       2048 kB
Hugetlb:               0 kB
DirectMap4k:     1140196 kB
DirectMap2M:     6684672 kB
DirectMap1G:    1181745152 kB
2024年 06月 30日 星期日 16:46:02 CST
pgmigrate_success 977194
pgmigrate_fail 179
pgmigrate_dst_node_full_fail 5239766
pgmigrate_numa_isolate_fail 494
pgmigrate_nomem_fail 7
pgmigrate_refcount_fail 932
thp_fault_alloc 23392
thp_fault_fallback 0
thp_collapse_alloc 91
thp_collapse_alloc_failed 21
thp_file_alloc 0
thp_file_mapped 0
thp_split_page 0
thp_split_page_failed 0
thp_deferred_split_page 23388
thp_split_pmd 1475
thp_split_pud 0
thp_zero_page_alloc 0
thp_zero_page_alloc_failed 0
thp_swpout 0
thp_swpout_fallback 0
MemTotal:       1123314988 kB
MemFree:        1092518596 kB
MemAvailable:   1090255060 kB
Buffers:           77796 kB
Cached:           373940 kB
SwapCached:       104120 kB
Active:           497568 kB
Inactive:         434236 kB
Active(anon):     367520 kB
Inactive(anon):   118048 kB
Active(file):     130048 kB
Inactive(file):   316188 kB
Unevictable:           0 kB
Mlocked:               0 kB
SwapTotal:       2097148 kB
SwapFree:        1757948 kB
Dirty:                60 kB
Writeback:             0 kB
AnonPages:        463908 kB
Mapped:           315564 kB
Shmem:              5416 kB
KReclaimable:     305288 kB
Slab:             763196 kB
SReclaimable:     305288 kB
SUnreclaim:       457908 kB
KernelStack:       34240 kB
PageTables:        29224 kB
NFS_Unstable:          0 kB
Bounce:                0 kB
WritebackTmp:          0 kB
CommitLimit:    563754640 kB
Committed_AS:    7164652 kB
VmallocTotal:   34359738367 kB
VmallocUsed:      161676 kB
VmallocChunk:          0 kB
Percpu:           122752 kB
HardwareCorrupted:     0 kB
AnonHugePages:    202752 kB
ShmemHugePages:        0 kB
ShmemPmdMapped:        0 kB
CmaTotal:              0 kB
CmaFree:               0 kB
HugePages_Total:       0
HugePages_Free:        0
HugePages_Rsvd:        0
HugePages_Surp:        0
Hugepagesize:       2048 kB
Hugetlb:               0 kB
DirectMap4k:     1140196 kB
DirectMap2M:     6684672 kB
DirectMap1G:    1181745152 kB
