[    0.000000] Linux version 5.3.1-multiclock (xmu@xmu-PowerEdge-R750) (gcc version 7.5.0 (Ubuntu 7.5.0-3ubuntu1~18.04)) #1 SMP Wed Aug 9 20:46:02 CST 2023
[    0.000000] Command line: BOOT_IMAGE=/boot/vmlinuz-5.3.1-multiclock root=UUID=ce0c24b8-724b-4f33-9b2c-618433560aef ro memmap=43229M!4096M memmap=59G!64G quiet splash nomodeset vt.handoff=1
[    0.000000] KERNEL supported cpus:
[    0.000000]   Intel GenuineIntel
[    0.000000]   AMD AuthenticAMD
[    0.000000]   Hygon HygonGenuine
[    0.000000]   Centaur CentaurHauls
[    0.000000]   zhaoxin   Shanghai  
[    0.000000] x86/fpu: Supporting XSAVE feature 0x001: 'x87 floating point registers'
[    0.000000] x86/fpu: Supporting XSAVE feature 0x002: 'SSE registers'
[    0.000000] x86/fpu: Supporting XSAVE feature 0x004: 'AVX registers'
[    0.000000] x86/fpu: Supporting XSAVE feature 0x020: 'AVX-512 opmask'
[    0.000000] x86/fpu: Supporting XSAVE feature 0x040: 'AVX-512 Hi256'
[    0.000000] x86/fpu: Supporting XSAVE feature 0x080: 'AVX-512 ZMM_Hi256'
[    0.000000] x86/fpu: Supporting XSAVE feature 0x200: 'Protection Keys User registers'
[    0.000000] x86/fpu: xstate_offset[2]:  576, xstate_sizes[2]:  256
[    0.000000] x86/fpu: xstate_offset[5]:  832, xstate_sizes[5]:   64
[    0.000000] x86/fpu: xstate_offset[6]:  896, xstate_sizes[6]:  512
[    0.000000] x86/fpu: xstate_offset[7]: 1408, xstate_sizes[7]: 1024
[    0.000000] x86/fpu: xstate_offset[9]: 2432, xstate_sizes[9]:    8
[    0.000000] x86/fpu: Enabled xstate features 0x2e7, context size is 2440 bytes, using 'compacted' format.
[    0.000000] BIOS-provided physical RAM map:
[    0.000000] BIOS-e820: [mem 0x0000000000000000-0x000000000008efff] usable
[    0.000000] BIOS-e820: [mem 0x000000000008f000-0x000000000008ffff] reserved
[    0.000000] BIOS-e820: [mem 0x0000000000090000-0x000000000009ffff] usable
[    0.000000] BIOS-e820: [mem 0x00000000000a0000-0x00000000000fffff] reserved
[    0.000000] BIOS-e820: [mem 0x0000000000100000-0x0000000049e76fff] usable
[    0.000000] BIOS-e820: [mem 0x0000000049e77000-0x000000004ae76fff] ACPI NVS
[    0.000000] BIOS-e820: [mem 0x000000004ae77000-0x000000004b2cefff] usable
[    0.000000] BIOS-e820: [mem 0x000000004b2cf000-0x000000004b54dfff] ACPI data
[    0.000000] BIOS-e820: [mem 0x000000004b54e000-0x000000004bd93fff] usable
[    0.000000] BIOS-e820: [mem 0x000000004bd94000-0x000000004be99fff] reserved
[    0.000000] BIOS-e820: [mem 0x000000004be9a000-0x000000004cdfffff] usable
[    0.000000] BIOS-e820: [mem 0x000000004ce00000-0x000000004cffffff] reserved
[    0.000000] BIOS-e820: [mem 0x000000004d000000-0x000000005eefdfff] usable
[    0.000000] BIOS-e820: [mem 0x000000005eefe000-0x000000006e3fefff] reserved
[    0.000000] BIOS-e820: [mem 0x000000006e3ff000-0x000000006f3fefff] ACPI NVS
[    0.000000] BIOS-e820: [mem 0x000000006f3ff000-0x000000006f7fefff] ACPI data
[    0.000000] BIOS-e820: [mem 0x000000006f7ff000-0x000000006f7fffff] usable
[    0.000000] BIOS-e820: [mem 0x000000006f800000-0x000000008fffffff] reserved
[    0.000000] BIOS-e820: [mem 0x00000000fe000000-0x00000000fe010fff] reserved
[    0.000000] BIOS-e820: [mem 0x0000000100000000-0x000000207fffffff] usable
[    0.000000] BIOS-e820: [mem 0x0000002080000000-0x0000011c7fffffff] persistent (type 7)
[    0.000000] BIOS-e820: [mem 0x00001ffc00000000-0x00001fffffffffff] reserved
[    0.000000] NX (Execute Disable) protection: active
[    0.000000] e820: update [mem 0x47c65020-0x47c6d05f] usable ==> usable
[    0.000000] e820: update [mem 0x47c65020-0x47c6d05f] usable ==> usable
[    0.000000] e820: update [mem 0x47c32020-0x47c64c5f] usable ==> usable
[    0.000000] e820: update [mem 0x47c32020-0x47c64c5f] usable ==> usable
[    0.000000] e820: update [mem 0x47bff020-0x47c31c5f] usable ==> usable
[    0.000000] e820: update [mem 0x47bff020-0x47c31c5f] usable ==> usable
[    0.000000] e820: update [mem 0x47bcd020-0x47bfea5f] usable ==> usable
[    0.000000] e820: update [mem 0x47bcd020-0x47bfea5f] usable ==> usable
[    0.000000] extended physical RAM map:
[    0.000000] reserve setup_data: [mem 0x0000000000000000-0x000000000008efff] usable
[    0.000000] reserve setup_data: [mem 0x000000000008f000-0x000000000008ffff] reserved
[    0.000000] reserve setup_data: [mem 0x0000000000090000-0x000000000009ffff] usable
[    0.000000] reserve setup_data: [mem 0x00000000000a0000-0x00000000000fffff] reserved
[    0.000000] reserve setup_data: [mem 0x0000000000100000-0x0000000047bcd01f] usable
[    0.000000] reserve setup_data: [mem 0x0000000047bcd020-0x0000000047bfea5f] usable
[    0.000000] reserve setup_data: [mem 0x0000000047bfea60-0x0000000047bff01f] usable
[    0.000000] reserve setup_data: [mem 0x0000000047bff020-0x0000000047c31c5f] usable
[    0.000000] reserve setup_data: [mem 0x0000000047c31c60-0x0000000047c3201f] usable
[    0.000000] reserve setup_data: [mem 0x0000000047c32020-0x0000000047c64c5f] usable
[    0.000000] reserve setup_data: [mem 0x0000000047c64c60-0x0000000047c6501f] usable
[    0.000000] reserve setup_data: [mem 0x0000000047c65020-0x0000000047c6d05f] usable
[    0.000000] reserve setup_data: [mem 0x0000000047c6d060-0x0000000049e76fff] usable
[    0.000000] reserve setup_data: [mem 0x0000000049e77000-0x000000004ae76fff] ACPI NVS
[    0.000000] reserve setup_data: [mem 0x000000004ae77000-0x000000004b2cefff] usable
[    0.000000] reserve setup_data: [mem 0x000000004b2cf000-0x000000004b54dfff] ACPI data
[    0.000000] reserve setup_data: [mem 0x000000004b54e000-0x000000004bd93fff] usable
[    0.000000] reserve setup_data: [mem 0x000000004bd94000-0x000000004be99fff] reserved
[    0.000000] reserve setup_data: [mem 0x000000004be9a000-0x000000004cdfffff] usable
[    0.000000] reserve setup_data: [mem 0x000000004ce00000-0x000000004cffffff] reserved
[    0.000000] reserve setup_data: [mem 0x000000004d000000-0x000000005eefdfff] usable
[    0.000000] reserve setup_data: [mem 0x000000005eefe000-0x000000006e3fefff] reserved
[    0.000000] reserve setup_data: [mem 0x000000006e3ff000-0x000000006f3fefff] ACPI NVS
[    0.000000] reserve setup_data: [mem 0x000000006f3ff000-0x000000006f7fefff] ACPI data
[    0.000000] reserve setup_data: [mem 0x000000006f7ff000-0x000000006f7fffff] usable
[    0.000000] reserve setup_data: [mem 0x000000006f800000-0x000000008fffffff] reserved
[    0.000000] reserve setup_data: [mem 0x00000000fe000000-0x00000000fe010fff] reserved
[    0.000000] reserve setup_data: [mem 0x0000000100000000-0x0000000b8dcfffff] persistent (type 12)
[    0.000000] reserve setup_data: [mem 0x0000000b8dd00000-0x0000000fffffffff] usable
[    0.000000] reserve setup_data: [mem 0x0000001000000000-0x0000001ebfffffff] persistent (type 12)
[    0.000000] reserve setup_data: [mem 0x0000001ec0000000-0x000000207fffffff] usable
[    0.000000] reserve setup_data: [mem 0x0000002080000000-0x0000011c7fffffff] persistent (type 7)
[    0.000000] reserve setup_data: [mem 0x00001ffc00000000-0x00001fffffffffff] reserved
[    0.000000] user-defined physical RAM map:
[    0.000000] user: [mem 0x0000000000000000-0x000000000008efff] usable
[    0.000000] user: [mem 0x000000000008f000-0x000000000008ffff] reserved
[    0.000000] user: [mem 0x0000000000090000-0x000000000009ffff] usable
[    0.000000] user: [mem 0x00000000000a0000-0x00000000000fffff] reserved
[    0.000000] user: [mem 0x0000000000100000-0x0000000047bcd01f] usable
[    0.000000] user: [mem 0x0000000047bcd020-0x0000000047bfea5f] usable
[    0.000000] user: [mem 0x0000000047bfea60-0x0000000047bff01f] usable
[    0.000000] user: [mem 0x0000000047bff020-0x0000000047c31c5f] usable
[    0.000000] user: [mem 0x0000000047c31c60-0x0000000047c3201f] usable
[    0.000000] user: [mem 0x0000000047c32020-0x0000000047c64c5f] usable
[    0.000000] user: [mem 0x0000000047c64c60-0x0000000047c6501f] usable
[    0.000000] user: [mem 0x0000000047c65020-0x0000000047c6d05f] usable
[    0.000000] user: [mem 0x0000000047c6d060-0x0000000049e76fff] usable
[    0.000000] user: [mem 0x0000000049e77000-0x000000004ae76fff] ACPI NVS
[    0.000000] user: [mem 0x000000004ae77000-0x000000004b2cefff] usable
[    0.000000] user: [mem 0x000000004b2cf000-0x000000004b54dfff] ACPI data
[    0.000000] user: [mem 0x000000004b54e000-0x000000004bd93fff] usable
[    0.000000] user: [mem 0x000000004bd94000-0x000000004be99fff] reserved
[    0.000000] user: [mem 0x000000004be9a000-0x000000004cdfffff] usable
[    0.000000] user: [mem 0x000000004ce00000-0x000000004cffffff] reserved
[    0.000000] user: [mem 0x000000004d000000-0x000000005eefdfff] usable
[    0.000000] user: [mem 0x000000005eefe000-0x000000006e3fefff] reserved
[    0.000000] user: [mem 0x000000006e3ff000-0x000000006f3fefff] ACPI NVS
[    0.000000] user: [mem 0x000000006f3ff000-0x000000006f7fefff] ACPI data
[    0.000000] user: [mem 0x000000006f7ff000-0x000000006f7fffff] usable
[    0.000000] user: [mem 0x000000006f800000-0x000000008fffffff] reserved
[    0.000000] user: [mem 0x00000000fe000000-0x00000000fe010fff] reserved
[    0.000000] user: [mem 0x0000000100000000-0x0000000b8dcfffff] persistent (type 12)
[    0.000000] user: [mem 0x0000000b8dd00000-0x0000000fffffffff] usable
[    0.000000] user: [mem 0x0000001000000000-0x0000001ebfffffff] persistent (type 12)
[    0.000000] user: [mem 0x0000001ec0000000-0x000000207fffffff] usable
[    0.000000] user: [mem 0x0000002080000000-0x0000011c7fffffff] persistent (type 7)
[    0.000000] user: [mem 0x00001ffc00000000-0x00001fffffffffff] reserved
[    0.000000] efi: EFI v2.70 by Dell Inc.
[    0.000000] efi:  ACPI=0x6f7fe000  ACPI 2.0=0x6f7fe014  MEMATTR=0x5a215220  SMBIOS=0x69526000  SMBIOS 3.0=0x69524000 
[    0.000000] SMBIOS 3.3.0 present.
[    0.000000] DMI: Dell Inc. PowerEdge R750/0K8F35, BIOS 1.10.2 03/03/2023
[    0.000000] tsc: Detected 2000.000 MHz processor
[    0.000008] e820: update [mem 0x00000000-0x00000fff] usable ==> reserved
[    0.000009] e820: remove [mem 0x000a0000-0x000fffff] usable
[    0.000017] last_pfn = 0x2080000 max_arch_pfn = 0x400000000
[    0.000020] MTRR default type: uncachable
[    0.000021] MTRR fixed ranges enabled:
[    0.000022]   00000-9FFFF write-back
[    0.000022]   A0000-BFFFF uncachable
[    0.000023]   C0000-FFFFF write-protect
[    0.000024] MTRR variable ranges enabled:
[    0.000025]   0 base 000000000000 mask 3E0000000000 write-back
[    0.000026]   1 base 000080000000 mask 3FFF80000000 uncachable
[    0.000027]   2 base 00007F000000 mask 3FFFFF000000 uncachable
[    0.000027]   3 disabled
[    0.000027]   4 disabled
[    0.000028]   5 disabled
[    0.000028]   6 disabled
[    0.000028]   7 disabled
[    0.000029]   8 disabled
[    0.000029]   9 disabled
[    0.000783] x86/PAT: Configuration [0-7]: WB  WC  UC- UC  WB  WP  UC- WT  
[    0.001836] total RAM covered: 2095088M
[    0.001922]  gran_size: 64K 	chunk_size: 64K 	num_reg: 10  	lose cover RAM: 2016G
[    0.001923]  gran_size: 64K 	chunk_size: 128K 	num_reg: 10  	lose cover RAM: 2016G
[    0.001924]  gran_size: 64K 	chunk_size: 256K 	num_reg: 10  	lose cover RAM: 2016G
[    0.001924]  gran_size: 64K 	chunk_size: 512K 	num_reg: 10  	lose cover RAM: 2016G
[    0.001925]  gran_size: 64K 	chunk_size: 1M 	num_reg: 10  	lose cover RAM: 2016G
[    0.001926]  gran_size: 64K 	chunk_size: 2M 	num_reg: 10  	lose cover RAM: 2016G
[    0.001926]  gran_size: 64K 	chunk_size: 4M 	num_reg: 10  	lose cover RAM: 2016G
[    0.001927]  gran_size: 64K 	chunk_size: 8M 	num_reg: 10  	lose cover RAM: 2016G
[    0.001928]  gran_size: 64K 	chunk_size: 16M 	num_reg: 10  	lose cover RAM: 2016G
[    0.001928]  gran_size: 64K 	chunk_size: 32M 	num_reg: 10  	lose cover RAM: 1024G
[    0.001929]  gran_size: 64K 	chunk_size: 64M 	num_reg: 10  	lose cover RAM: 1024G
[    0.001930]  gran_size: 64K 	chunk_size: 128M 	num_reg: 10  	lose cover RAM: 1024G
[    0.001930]  gran_size: 64K 	chunk_size: 256M 	num_reg: 10  	lose cover RAM: 1024G
[    0.001931]  gran_size: 64K 	chunk_size: 512M 	num_reg: 10  	lose cover RAM: 1024G
[    0.001932]  gran_size: 64K 	chunk_size: 1G 	num_reg: 10  	lose cover RAM: 1024G
[    0.001932]  gran_size: 64K 	chunk_size: 2G 	num_reg: 10  	lose cover RAM: 1024G
[    0.001933]  gran_size: 128K 	chunk_size: 128K 	num_reg: 10  	lose cover RAM: 2016G
[    0.001934]  gran_size: 128K 	chunk_size: 256K 	num_reg: 10  	lose cover RAM: 2016G
[    0.001935]  gran_size: 128K 	chunk_size: 512K 	num_reg: 10  	lose cover RAM: 2016G
[    0.001935]  gran_size: 128K 	chunk_size: 1M 	num_reg: 10  	lose cover RAM: 2016G
[    0.001936]  gran_size: 128K 	chunk_size: 2M 	num_reg: 10  	lose cover RAM: 2016G
[    0.001937]  gran_size: 128K 	chunk_size: 4M 	num_reg: 10  	lose cover RAM: 2016G
[    0.001937]  gran_size: 128K 	chunk_size: 8M 	num_reg: 10  	lose cover RAM: 2016G
[    0.001938]  gran_size: 128K 	chunk_size: 16M 	num_reg: 10  	lose cover RAM: 2016G
[    0.001939]  gran_size: 128K 	chunk_size: 32M 	num_reg: 10  	lose cover RAM: 1024G
[    0.001939]  gran_size: 128K 	chunk_size: 64M 	num_reg: 10  	lose cover RAM: 1024G
[    0.001940]  gran_size: 128K 	chunk_size: 128M 	num_reg: 10  	lose cover RAM: 1024G
[    0.001941]  gran_size: 128K 	chunk_size: 256M 	num_reg: 10  	lose cover RAM: 1024G
[    0.001941]  gran_size: 128K 	chunk_size: 512M 	num_reg: 10  	lose cover RAM: 1024G
[    0.001942]  gran_size: 128K 	chunk_size: 1G 	num_reg: 10  	lose cover RAM: 1024G
[    0.001942]  gran_size: 128K 	chunk_size: 2G 	num_reg: 10  	lose cover RAM: 1024G
[    0.001943]  gran_size: 256K 	chunk_size: 256K 	num_reg: 10  	lose cover RAM: 2016G
[    0.001944]  gran_size: 256K 	chunk_size: 512K 	num_reg: 10  	lose cover RAM: 2016G
[    0.001944]  gran_size: 256K 	chunk_size: 1M 	num_reg: 10  	lose cover RAM: 2016G
[    0.001945]  gran_size: 256K 	chunk_size: 2M 	num_reg: 10  	lose cover RAM: 2016G
[    0.001946]  gran_size: 256K 	chunk_size: 4M 	num_reg: 10  	lose cover RAM: 2016G
[    0.001946]  gran_size: 256K 	chunk_size: 8M 	num_reg: 10  	lose cover RAM: 2016G
[    0.001947]  gran_size: 256K 	chunk_size: 16M 	num_reg: 10  	lose cover RAM: 2016G
[    0.001948]  gran_size: 256K 	chunk_size: 32M 	num_reg: 10  	lose cover RAM: 1024G
[    0.001949]  gran_size: 256K 	chunk_size: 64M 	num_reg: 10  	lose cover RAM: 1024G
[    0.001949]  gran_size: 256K 	chunk_size: 128M 	num_reg: 10  	lose cover RAM: 1024G
[    0.001950]  gran_size: 256K 	chunk_size: 256M 	num_reg: 10  	lose cover RAM: 1024G
[    0.001950]  gran_size: 256K 	chunk_size: 512M 	num_reg: 10  	lose cover RAM: 1024G
[    0.001951]  gran_size: 256K 	chunk_size: 1G 	num_reg: 10  	lose cover RAM: 1024G
[    0.001952]  gran_size: 256K 	chunk_size: 2G 	num_reg: 10  	lose cover RAM: 1024G
[    0.001952]  gran_size: 512K 	chunk_size: 512K 	num_reg: 10  	lose cover RAM: 2016G
[    0.001953]  gran_size: 512K 	chunk_size: 1M 	num_reg: 10  	lose cover RAM: 2016G
[    0.001954]  gran_size: 512K 	chunk_size: 2M 	num_reg: 10  	lose cover RAM: 2016G
[    0.001954]  gran_size: 512K 	chunk_size: 4M 	num_reg: 10  	lose cover RAM: 2016G
[    0.001955]  gran_size: 512K 	chunk_size: 8M 	num_reg: 10  	lose cover RAM: 2016G
[    0.001956]  gran_size: 512K 	chunk_size: 16M 	num_reg: 10  	lose cover RAM: 2016G
[    0.001956]  gran_size: 512K 	chunk_size: 32M 	num_reg: 10  	lose cover RAM: 1024G
[    0.001957]  gran_size: 512K 	chunk_size: 64M 	num_reg: 10  	lose cover RAM: 1024G
[    0.001958]  gran_size: 512K 	chunk_size: 128M 	num_reg: 10  	lose cover RAM: 1024G
[    0.001958]  gran_size: 512K 	chunk_size: 256M 	num_reg: 10  	lose cover RAM: 1024G
[    0.001959]  gran_size: 512K 	chunk_size: 512M 	num_reg: 10  	lose cover RAM: 1024G
[    0.001960]  gran_size: 512K 	chunk_size: 1G 	num_reg: 10  	lose cover RAM: 1024G
[    0.001960]  gran_size: 512K 	chunk_size: 2G 	num_reg: 10  	lose cover RAM: 1024G
[    0.001961]  gran_size: 1M 	chunk_size: 1M 	num_reg: 10  	lose cover RAM: 2016G
[    0.001962]  gran_size: 1M 	chunk_size: 2M 	num_reg: 10  	lose cover RAM: 2016G
[    0.001962]  gran_size: 1M 	chunk_size: 4M 	num_reg: 10  	lose cover RAM: 2016G
[    0.001963]  gran_size: 1M 	chunk_size: 8M 	num_reg: 10  	lose cover RAM: 2016G
[    0.001964]  gran_size: 1M 	chunk_size: 16M 	num_reg: 10  	lose cover RAM: 2016G
[    0.001964]  gran_size: 1M 	chunk_size: 32M 	num_reg: 10  	lose cover RAM: 1024G
[    0.001965]  gran_size: 1M 	chunk_size: 64M 	num_reg: 10  	lose cover RAM: 1024G
[    0.001966]  gran_size: 1M 	chunk_size: 128M 	num_reg: 10  	lose cover RAM: 1024G
[    0.001966]  gran_size: 1M 	chunk_size: 256M 	num_reg: 10  	lose cover RAM: 1024G
[    0.001967]  gran_size: 1M 	chunk_size: 512M 	num_reg: 10  	lose cover RAM: 1024G
[    0.001968]  gran_size: 1M 	chunk_size: 1G 	num_reg: 10  	lose cover RAM: 1024G
[    0.001968]  gran_size: 1M 	chunk_size: 2G 	num_reg: 10  	lose cover RAM: 1024G
[    0.001969]  gran_size: 2M 	chunk_size: 2M 	num_reg: 10  	lose cover RAM: 2016G
[    0.001970]  gran_size: 2M 	chunk_size: 4M 	num_reg: 10  	lose cover RAM: 2016G
[    0.001970]  gran_size: 2M 	chunk_size: 8M 	num_reg: 10  	lose cover RAM: 2016G
[    0.001971]  gran_size: 2M 	chunk_size: 16M 	num_reg: 10  	lose cover RAM: 2016G
[    0.001972]  gran_size: 2M 	chunk_size: 32M 	num_reg: 10  	lose cover RAM: 1024G
[    0.001972]  gran_size: 2M 	chunk_size: 64M 	num_reg: 10  	lose cover RAM: 1024G
[    0.001973]  gran_size: 2M 	chunk_size: 128M 	num_reg: 10  	lose cover RAM: 1024G
[    0.001974]  gran_size: 2M 	chunk_size: 256M 	num_reg: 10  	lose cover RAM: 1024G
[    0.001974]  gran_size: 2M 	chunk_size: 512M 	num_reg: 10  	lose cover RAM: 1024G
[    0.001975]  gran_size: 2M 	chunk_size: 1G 	num_reg: 10  	lose cover RAM: 1024G
[    0.001976]  gran_size: 2M 	chunk_size: 2G 	num_reg: 10  	lose cover RAM: 1024G
[    0.001976]  gran_size: 4M 	chunk_size: 4M 	num_reg: 10  	lose cover RAM: 2016G
[    0.001977]  gran_size: 4M 	chunk_size: 8M 	num_reg: 10  	lose cover RAM: 2016G
[    0.001978]  gran_size: 4M 	chunk_size: 16M 	num_reg: 10  	lose cover RAM: 2016G
[    0.001978]  gran_size: 4M 	chunk_size: 32M 	num_reg: 10  	lose cover RAM: 1024G
[    0.001979]  gran_size: 4M 	chunk_size: 64M 	num_reg: 10  	lose cover RAM: 1024G
[    0.001979]  gran_size: 4M 	chunk_size: 128M 	num_reg: 10  	lose cover RAM: 1024G
[    0.001980]  gran_size: 4M 	chunk_size: 256M 	num_reg: 10  	lose cover RAM: 1024G
[    0.001981]  gran_size: 4M 	chunk_size: 512M 	num_reg: 10  	lose cover RAM: 1024G
[    0.001982]  gran_size: 4M 	chunk_size: 1G 	num_reg: 10  	lose cover RAM: 1024G
[    0.001982]  gran_size: 4M 	chunk_size: 2G 	num_reg: 10  	lose cover RAM: 1024G
[    0.001983]  gran_size: 8M 	chunk_size: 8M 	num_reg: 10  	lose cover RAM: 2016G
[    0.001984]  gran_size: 8M 	chunk_size: 16M 	num_reg: 10  	lose cover RAM: 2016G
[    0.001984]  gran_size: 8M 	chunk_size: 32M 	num_reg: 10  	lose cover RAM: 1024G
[    0.001985]  gran_size: 8M 	chunk_size: 64M 	num_reg: 10  	lose cover RAM: 1024G
[    0.001986]  gran_size: 8M 	chunk_size: 128M 	num_reg: 10  	lose cover RAM: 1024G
[    0.001986]  gran_size: 8M 	chunk_size: 256M 	num_reg: 10  	lose cover RAM: 1024G
[    0.001987]  gran_size: 8M 	chunk_size: 512M 	num_reg: 10  	lose cover RAM: 1024G
[    0.001988]  gran_size: 8M 	chunk_size: 1G 	num_reg: 10  	lose cover RAM: 1024G
[    0.001988]  gran_size: 8M 	chunk_size: 2G 	num_reg: 10  	lose cover RAM: 1024G
[    0.001989]  gran_size: 16M 	chunk_size: 16M 	num_reg: 10  	lose cover RAM: 2016G
[    0.001990]  gran_size: 16M 	chunk_size: 32M 	num_reg: 10  	lose cover RAM: 1024G
[    0.001990]  gran_size: 16M 	chunk_size: 64M 	num_reg: 10  	lose cover RAM: 1024G
[    0.001991]  gran_size: 16M 	chunk_size: 128M 	num_reg: 10  	lose cover RAM: 1024G
[    0.001992]  gran_size: 16M 	chunk_size: 256M 	num_reg: 10  	lose cover RAM: 1024G
[    0.001992]  gran_size: 16M 	chunk_size: 512M 	num_reg: 10  	lose cover RAM: 1024G
[    0.001993]  gran_size: 16M 	chunk_size: 1G 	num_reg: 10  	lose cover RAM: 1024G
[    0.001994]  gran_size: 16M 	chunk_size: 2G 	num_reg: 10  	lose cover RAM: 1024G
[    0.001994]  gran_size: 32M 	chunk_size: 32M 	num_reg: 10  	lose cover RAM: 2031632M
[    0.001995]  gran_size: 32M 	chunk_size: 64M 	num_reg: 10  	lose cover RAM: 1048592M
[    0.001996]  gran_size: 32M 	chunk_size: 128M 	num_reg: 10  	lose cover RAM: 1048592M
[    0.001996]  gran_size: 32M 	chunk_size: 256M 	num_reg: 10  	lose cover RAM: 1048592M
[    0.001997]  gran_size: 32M 	chunk_size: 512M 	num_reg: 10  	lose cover RAM: 1048592M
[    0.001998]  gran_size: 32M 	chunk_size: 1G 	num_reg: 10  	lose cover RAM: 1048592M
[    0.001999]  gran_size: 32M 	chunk_size: 2G 	num_reg: 10  	lose cover RAM: 1048592M
[    0.001999]  gran_size: 64M 	chunk_size: 64M 	num_reg: 10  	lose cover RAM: 1966128M
[    0.002000]  gran_size: 64M 	chunk_size: 128M 	num_reg: 10  	lose cover RAM: 1048624M
[    0.002001]  gran_size: 64M 	chunk_size: 256M 	num_reg: 10  	lose cover RAM: 1048624M
[    0.002001]  gran_size: 64M 	chunk_size: 512M 	num_reg: 10  	lose cover RAM: 1048624M
[    0.002002]  gran_size: 64M 	chunk_size: 1G 	num_reg: 10  	lose cover RAM: 1048624M
[    0.002003]  gran_size: 64M 	chunk_size: 2G 	num_reg: 10  	lose cover RAM: 1048624M
[    0.002003]  gran_size: 128M 	chunk_size: 128M 	num_reg: 10  	lose cover RAM: 1835120M
[    0.002004]  gran_size: 128M 	chunk_size: 256M 	num_reg: 10  	lose cover RAM: 1048688M
[    0.002005]  gran_size: 128M 	chunk_size: 512M 	num_reg: 10  	lose cover RAM: 1048688M
[    0.002005]  gran_size: 128M 	chunk_size: 1G 	num_reg: 10  	lose cover RAM: 1048688M
[    0.002006]  gran_size: 128M 	chunk_size: 2G 	num_reg: 10  	lose cover RAM: 1048688M
[    0.002007]  gran_size: 256M 	chunk_size: 256M 	num_reg: 10  	lose cover RAM: 1573104M
[    0.002007]  gran_size: 256M 	chunk_size: 512M 	num_reg: 10  	lose cover RAM: 1048816M
[    0.002008]  gran_size: 256M 	chunk_size: 1G 	num_reg: 10  	lose cover RAM: 1048816M
[    0.002009]  gran_size: 256M 	chunk_size: 2G 	num_reg: 10  	lose cover RAM: 1048816M
[    0.002009]  gran_size: 512M 	chunk_size: 512M 	num_reg: 10  	lose cover RAM: 1049072M
[    0.002010]  gran_size: 512M 	chunk_size: 1G 	num_reg: 10  	lose cover RAM: 1049072M
[    0.002011]  gran_size: 512M 	chunk_size: 2G 	num_reg: 10  	lose cover RAM: 1049072M
[    0.002012]  gran_size: 1G 	chunk_size: 1G 	num_reg: 10  	lose cover RAM: 1008M
[    0.002012]  gran_size: 1G 	chunk_size: 2G 	num_reg: 10  	lose cover RAM: 1008M
[    0.002013]  gran_size: 2G 	chunk_size: 2G 	num_reg: 9  	lose cover RAM: 2032M
[    0.002014] mtrr_cleanup: can not find optimal value
[    0.002014] please specify mtrr_gran_size/mtrr_chunk_size
[    0.002017] e820: update [mem 0x7f000000-0xffffffff] usable ==> reserved
[    0.002018] x2apic: enabled by BIOS, switching to x2apic ops
[    0.002019] last_pfn = 0x6f800 max_arch_pfn = 0x400000000
[    0.013424] check: Scanning 1 areas for low memory corruption
[    0.013428] Using GB pages for direct mapping
[    0.013430] BRK [0xf0a201000, 0xf0a201fff] PGTABLE
[    0.013431] BRK [0xf0a202000, 0xf0a202fff] PGTABLE
[    0.013432] BRK [0xf0a203000, 0xf0a203fff] PGTABLE
[    0.013494] BRK [0xf0a204000, 0xf0a204fff] PGTABLE
[    0.013695] BRK [0xf0a205000, 0xf0a205fff] PGTABLE
[    0.013778] BRK [0xf0a206000, 0xf0a206fff] PGTABLE
[    0.013906] BRK [0xf0a207000, 0xf0a207fff] PGTABLE
[    0.014068] BRK [0xf0a208000, 0xf0a208fff] PGTABLE
[    0.014185] BRK [0xf0a209000, 0xf0a209fff] PGTABLE
[    0.014344] BRK [0xf0a20a000, 0xf0a20afff] PGTABLE
[    0.014440] BRK [0xf0a20b000, 0xf0a20bfff] PGTABLE
[    0.014677] BRK [0xf0a20c000, 0xf0a20cfff] PGTABLE
[    0.015065] Secure boot disabled
[    0.015066] RAMDISK: [mem 0x2065920000-0x207fffffff]
[    0.015072] ACPI: Early table checksum verification disabled
[    0.015074] ACPI: RSDP 0x000000006F7FE014 000024 (v02 DELL  )
[    0.015077] ACPI: XSDT 0x000000006F41C188 0000F4 (v01 DELL   PE_SC3   00000000 DELL 01000013)
[    0.015081] ACPI: FACP 0x000000006F430000 000114 (v06 DELL   PE_SC3   00000000 DELL 00000001)
[    0.015086] ACPI: DSDT 0x000000004B4CE000 07FAD3 (v02 DELL   PE_SC3   00000003 DELL 00000001)
[    0.015089] ACPI: FACS 0x000000006F2F2000 000040
[    0.015091] ACPI: SSDT 0x000000006F7FB000 00159A (v02 INTEL  RAS_ACPI 00000001 INTL 20210331)
[    0.015094] ACPI: SSDT 0x000000006F7FA000 000745 (v02 INTEL  ADDRXLAT 00000001 INTL 20210331)
[    0.015097] ACPI: MCEJ 0x000000006F7F9000 000130 (v01 INTEL           00000001 INTL 0100000D)
[    0.015099] ACPI: BERT 0x000000006F7F8000 000030 (v01 DELL   PE_SC3   00000001 INTL 00000001)
[    0.015102] ACPI: ERST 0x000000006F7F7000 000230 (v01 DELL   PE_SC3   00000001 INTL 00000001)
[    0.015104] ACPI: SSDT 0x000000006F431000 3C524E (v02 INTEL  SSDTNVDR 00001000 INTL 20210331)
[    0.015107] ACPI: HMAT 0x000000006F42F000 000210 (v01 DELL   PE_SC3   00000001 DELL 00000001)
[    0.015110] ACPI: HPET 0x000000006F42E000 000038 (v01 DELL   PE_SC3   00000001 DELL 00000001)
[    0.015112] ACPI: MCFG 0x000000006F42D000 00003C (v01 DELL   PE_SC3   00000001 DELL 00000001)
[    0.015115] ACPI: MIGT 0x000000006F42C000 000040 (v01 DELL   PE_SC3   00000000 DELL 00000001)
[    0.015117] ACPI: MSCT 0x000000006F42B000 000090 (v01 DELL   PE_SC3   00000001 DELL 00000001)
[    0.015120] ACPI: PMTT 0x000000006F429000 0011E8 (v02 DELL   PE_SC3   00000001 DELL 00000001)
[    0.015122] ACPI: WSMT 0x000000006F428000 000028 (v01 DELL   PE_SC3   00000000 DELL 00000001)
[    0.015125] ACPI: APIC 0x000000006F427000 00075E (v04 DELL   PE_SC3   00000000 DELL 00000001)
[    0.015127] ACPI: SLIT 0x000000006F426000 00003C (v01 DELL   PE_SC3   00000001 DELL 01000013)
[    0.015130] ACPI: SRAT 0x000000006F41F000 006430 (v03 DELL   PE_SC3   00000002 DELL 01000013)
[    0.015132] ACPI: OEM4 0x000000004B346000 187A61 (v02 INTEL  CPU  CST 00003000 INTL 20210331)
[    0.015135] ACPI: SSDT 0x000000004B2CF000 0764A5 (v02 INTEL  SSDT  PM 00004000 INTL 20210331)
[    0.015138] ACPI: SSDT 0x000000006F41E000 000A1F (v02 DELL   PE_SC3   00000000 DELL 00000001)
[    0.015140] ACPI: HEST 0x000000006F41D000 00017C (v01 DELL   PE_SC3   00000001 INTL 00000001)
[    0.015143] ACPI: PCAT 0x000000006F41B000 00010C (v19 DELL   PE_SC3   00000002 DELL 00000001)
[    0.015145] ACPI: SSDT 0x000000006F413000 007299 (v02 INTEL  SpsNm    00000002 INTL 20210331)
[    0.015148] ACPI: SSDT 0x000000006F412000 000426 (v02 DELL   PE_SC3   00000002 DELL 00000001)
[    0.015150] ACPI: NFIT 0x000000006F7FD000 000488 (v01 DELL   PE_SC3   00000002 DELL 00000001)
[    0.015153] ACPI: DMAR 0x000000006F411000 000158 (v01 DELL   PE_SC3   00000001 DELL 00000001)
[    0.015160] ACPI: Local APIC address 0xfee00000
[    0.015161] Setting APIC routing to cluster x2apic.
[    0.015207] SRAT: PXM 0 -> APIC 0x0000 -> Node 0
[    0.015208] SRAT: PXM 0 -> APIC 0x0001 -> Node 0
[    0.015208] SRAT: PXM 0 -> APIC 0x0002 -> Node 0
[    0.015209] SRAT: PXM 0 -> APIC 0x0003 -> Node 0
[    0.015209] SRAT: PXM 0 -> APIC 0x0004 -> Node 0
[    0.015210] SRAT: PXM 0 -> APIC 0x0005 -> Node 0
[    0.015210] SRAT: PXM 0 -> APIC 0x0006 -> Node 0
[    0.015210] SRAT: PXM 0 -> APIC 0x0007 -> Node 0
[    0.015211] SRAT: PXM 0 -> APIC 0x0008 -> Node 0
[    0.015211] SRAT: PXM 0 -> APIC 0x0009 -> Node 0
[    0.015212] SRAT: PXM 0 -> APIC 0x000a -> Node 0
[    0.015212] SRAT: PXM 0 -> APIC 0x000b -> Node 0
[    0.015213] SRAT: PXM 0 -> APIC 0x000c -> Node 0
[    0.015213] SRAT: PXM 0 -> APIC 0x000d -> Node 0
[    0.015213] SRAT: PXM 0 -> APIC 0x000e -> Node 0
[    0.015214] SRAT: PXM 0 -> APIC 0x000f -> Node 0
[    0.015214] SRAT: PXM 0 -> APIC 0x0010 -> Node 0
[    0.015215] SRAT: PXM 0 -> APIC 0x0011 -> Node 0
[    0.015215] SRAT: PXM 0 -> APIC 0x0012 -> Node 0
[    0.015216] SRAT: PXM 0 -> APIC 0x0013 -> Node 0
[    0.015216] SRAT: PXM 0 -> APIC 0x0014 -> Node 0
[    0.015216] SRAT: PXM 0 -> APIC 0x0015 -> Node 0
[    0.015217] SRAT: PXM 0 -> APIC 0x0016 -> Node 0
[    0.015217] SRAT: PXM 0 -> APIC 0x0017 -> Node 0
[    0.015218] SRAT: PXM 0 -> APIC 0x0018 -> Node 0
[    0.015218] SRAT: PXM 0 -> APIC 0x0019 -> Node 0
[    0.015218] SRAT: PXM 0 -> APIC 0x001a -> Node 0
[    0.015219] SRAT: PXM 0 -> APIC 0x001b -> Node 0
[    0.015219] SRAT: PXM 0 -> APIC 0x001c -> Node 0
[    0.015220] SRAT: PXM 0 -> APIC 0x001d -> Node 0
[    0.015220] SRAT: PXM 0 -> APIC 0x001e -> Node 0
[    0.015221] SRAT: PXM 0 -> APIC 0x001f -> Node 0
[    0.015221] SRAT: PXM 0 -> APIC 0x0020 -> Node 0
[    0.015221] SRAT: PXM 0 -> APIC 0x0021 -> Node 0
[    0.015222] SRAT: PXM 0 -> APIC 0x0022 -> Node 0
[    0.015222] SRAT: PXM 0 -> APIC 0x0023 -> Node 0
[    0.015223] SRAT: PXM 0 -> APIC 0x0024 -> Node 0
[    0.015223] SRAT: PXM 0 -> APIC 0x0025 -> Node 0
[    0.015223] SRAT: PXM 0 -> APIC 0x0026 -> Node 0
[    0.015224] SRAT: PXM 0 -> APIC 0x0027 -> Node 0
[    0.015224] SRAT: PXM 0 -> APIC 0x0028 -> Node 0
[    0.015225] SRAT: PXM 0 -> APIC 0x0029 -> Node 0
[    0.015225] SRAT: PXM 0 -> APIC 0x002a -> Node 0
[    0.015225] SRAT: PXM 0 -> APIC 0x002b -> Node 0
[    0.015226] SRAT: PXM 0 -> APIC 0x002c -> Node 0
[    0.015226] SRAT: PXM 0 -> APIC 0x002d -> Node 0
[    0.015227] SRAT: PXM 0 -> APIC 0x002e -> Node 0
[    0.015227] SRAT: PXM 0 -> APIC 0x002f -> Node 0
[    0.015227] SRAT: PXM 0 -> APIC 0x0030 -> Node 0
[    0.015228] SRAT: PXM 0 -> APIC 0x0031 -> Node 0
[    0.015228] SRAT: PXM 0 -> APIC 0x0032 -> Node 0
[    0.015229] SRAT: PXM 0 -> APIC 0x0033 -> Node 0
[    0.015229] SRAT: PXM 0 -> APIC 0x0034 -> Node 0
[    0.015229] SRAT: PXM 0 -> APIC 0x0035 -> Node 0
[    0.015230] SRAT: PXM 0 -> APIC 0x0036 -> Node 0
[    0.015230] SRAT: PXM 0 -> APIC 0x0037 -> Node 0
[    0.015231] SRAT: PXM 1 -> APIC 0x0080 -> Node 1
[    0.015231] SRAT: PXM 1 -> APIC 0x0081 -> Node 1
[    0.015232] SRAT: PXM 1 -> APIC 0x0082 -> Node 1
[    0.015232] SRAT: PXM 1 -> APIC 0x0083 -> Node 1
[    0.015233] SRAT: PXM 1 -> APIC 0x0084 -> Node 1
[    0.015233] SRAT: PXM 1 -> APIC 0x0085 -> Node 1
[    0.015233] SRAT: PXM 1 -> APIC 0x0086 -> Node 1
[    0.015234] SRAT: PXM 1 -> APIC 0x0087 -> Node 1
[    0.015234] SRAT: PXM 1 -> APIC 0x0088 -> Node 1
[    0.015235] SRAT: PXM 1 -> APIC 0x0089 -> Node 1
[    0.015235] SRAT: PXM 1 -> APIC 0x008a -> Node 1
[    0.015235] SRAT: PXM 1 -> APIC 0x008b -> Node 1
[    0.015236] SRAT: PXM 1 -> APIC 0x008c -> Node 1
[    0.015236] SRAT: PXM 1 -> APIC 0x008d -> Node 1
[    0.015237] SRAT: PXM 1 -> APIC 0x008e -> Node 1
[    0.015237] SRAT: PXM 1 -> APIC 0x008f -> Node 1
[    0.015238] SRAT: PXM 1 -> APIC 0x0090 -> Node 1
[    0.015238] SRAT: PXM 1 -> APIC 0x0091 -> Node 1
[    0.015238] SRAT: PXM 1 -> APIC 0x0092 -> Node 1
[    0.015239] SRAT: PXM 1 -> APIC 0x0093 -> Node 1
[    0.015239] SRAT: PXM 1 -> APIC 0x0094 -> Node 1
[    0.015240] SRAT: PXM 1 -> APIC 0x0095 -> Node 1
[    0.015240] SRAT: PXM 1 -> APIC 0x0096 -> Node 1
[    0.015240] SRAT: PXM 1 -> APIC 0x0097 -> Node 1
[    0.015241] SRAT: PXM 1 -> APIC 0x0098 -> Node 1
[    0.015241] SRAT: PXM 1 -> APIC 0x0099 -> Node 1
[    0.015242] SRAT: PXM 1 -> APIC 0x009a -> Node 1
[    0.015242] SRAT: PXM 1 -> APIC 0x009b -> Node 1
[    0.015242] SRAT: PXM 1 -> APIC 0x009c -> Node 1
[    0.015243] SRAT: PXM 1 -> APIC 0x009d -> Node 1
[    0.015243] SRAT: PXM 1 -> APIC 0x009e -> Node 1
[    0.015244] SRAT: PXM 1 -> APIC 0x009f -> Node 1
[    0.015244] SRAT: PXM 1 -> APIC 0x00a0 -> Node 1
[    0.015245] SRAT: PXM 1 -> APIC 0x00a1 -> Node 1
[    0.015245] SRAT: PXM 1 -> APIC 0x00a2 -> Node 1
[    0.015245] SRAT: PXM 1 -> APIC 0x00a3 -> Node 1
[    0.015246] SRAT: PXM 1 -> APIC 0x00a4 -> Node 1
[    0.015246] SRAT: PXM 1 -> APIC 0x00a5 -> Node 1
[    0.015247] SRAT: PXM 1 -> APIC 0x00a6 -> Node 1
[    0.015247] SRAT: PXM 1 -> APIC 0x00a7 -> Node 1
[    0.015247] SRAT: PXM 1 -> APIC 0x00a8 -> Node 1
[    0.015248] SRAT: PXM 1 -> APIC 0x00a9 -> Node 1
[    0.015248] SRAT: PXM 1 -> APIC 0x00aa -> Node 1
[    0.015249] SRAT: PXM 1 -> APIC 0x00ab -> Node 1
[    0.015249] SRAT: PXM 1 -> APIC 0x00ac -> Node 1
[    0.015250] SRAT: PXM 1 -> APIC 0x00ad -> Node 1
[    0.015250] SRAT: PXM 1 -> APIC 0x00ae -> Node 1
[    0.015250] SRAT: PXM 1 -> APIC 0x00af -> Node 1
[    0.015251] SRAT: PXM 1 -> APIC 0x00b0 -> Node 1
[    0.015251] SRAT: PXM 1 -> APIC 0x00b1 -> Node 1
[    0.015252] SRAT: PXM 1 -> APIC 0x00b2 -> Node 1
[    0.015252] SRAT: PXM 1 -> APIC 0x00b3 -> Node 1
[    0.015253] SRAT: PXM 1 -> APIC 0x00b4 -> Node 1
[    0.015253] SRAT: PXM 1 -> APIC 0x00b5 -> Node 1
[    0.015253] SRAT: PXM 1 -> APIC 0x00b6 -> Node 1
[    0.015254] SRAT: PXM 1 -> APIC 0x00b7 -> Node 1
[    0.015266] ACPI: SRAT: Node 0 PXM 0 [mem 0x00000000-0x7fffffff]
[    0.015267] ACPI: SRAT: Node 0 PXM 0 [mem 0x100000000-0x107fffffff]
[    0.015268] ACPI: SRAT: Node 2 PXM 2 [mem 0x2080000000-0x9e7fffffff] non-volatile
[    0.015268] ACPI: SRAT: Node 1 PXM 1 [mem 0x1080000000-0x207fffffff]
[    0.015269] ACPI: SRAT: Node 3 PXM 3 [mem 0x9e80000000-0x11c7fffffff] non-volatile
[    0.015278] NUMA: Initialized distance table, cnt=4
[    0.015280] NUMA: Node 0 [mem 0x00000000-0x7fffffff] + [mem 0x100000000-0x107fffffff] -> [mem 0x00000000-0x107fffffff]
[    0.015288] NODE_DATA(0) allocated [mem 0xffffd5000-0xfffffffff]
[    0.015307] NODE_DATA(1) allocated [mem 0x20658f1000-0x206591bfff]
[    0.015462] Zone ranges:
[    0.015462]   DMA      [mem 0x0000000000001000-0x0000000000ffffff]
[    0.015463]   DMA32    [mem 0x0000000001000000-0x00000000ffffffff]
[    0.015464]   Normal   [mem 0x0000000100000000-0x000000207fffffff]
[    0.015465]   Device   empty
[    0.015465] Movable zone start for each node
[    0.015469] Early memory node ranges
[    0.015469]   node   0: [mem 0x0000000000001000-0x000000000008efff]
[    0.015470]   node   0: [mem 0x0000000000090000-0x000000000009ffff]
[    0.015470]   node   0: [mem 0x0000000000100000-0x0000000049e76fff]
[    0.015471]   node   0: [mem 0x000000004ae77000-0x000000004b2cefff]
[    0.015472]   node   0: [mem 0x000000004b54e000-0x000000004bd93fff]
[    0.015472]   node   0: [mem 0x000000004be9a000-0x000000004cdfffff]
[    0.015472]   node   0: [mem 0x000000004d000000-0x000000005eefdfff]
[    0.015473]   node   0: [mem 0x000000006f7ff000-0x000000006f7fffff]
[    0.015473]   node   0: [mem 0x0000000b8dd00000-0x0000000fffffffff]
[    0.015475]   node   1: [mem 0x0000001ec0000000-0x000000207fffffff]
[    0.016118] Zeroed struct page in unavailable ranges: 66536 pages
[    0.016120] Initmem setup node 0 [mem 0x0000000000001000-0x0000000fffffffff]
[    0.016121] On node 0 totalpages: 5045272
[    0.016122]   DMA zone: 64 pages used for memmap
[    0.016123]   DMA zone: 1102 pages reserved
[    0.016124]   DMA zone: 3998 pages, LIFO batch:0
[    0.016170]   DMA32 zone: 5926 pages used for memmap
[    0.016171]   DMA32 zone: 379258 pages, LIFO batch:63
[    0.022480]   Normal zone: 72844 pages used for memmap
[    0.022482]   Normal zone: 4662016 pages, LIFO batch:63
[    0.096034] Initmem setup node 1 [mem 0x0000001ec0000000-0x000000207fffffff]
[    0.096036] On node 1 totalpages: 1835008
[    0.096037]   Normal zone: 28672 pages used for memmap
[    0.096038]   Normal zone: 1835008 pages, LIFO batch:63
[    0.116180] ACPI: PM-Timer IO Port: 0x508
[    0.116183] ACPI: Local APIC address 0xfee00000
[    0.116200] ACPI: X2APIC_NMI (uid[0xffffffff] high edge lint[0x1])
[    0.116202] ACPI: LAPIC_NMI (acpi_id[0xff] high edge lint[0x1])
[    0.116221] IOAPIC[0]: apic_id 8, version 32, address 0xfec00000, GSI 0-119
[    0.116223] ACPI: INT_SRC_OVR (bus 0 bus_irq 0 global_irq 2 dfl dfl)
[    0.116224] ACPI: INT_SRC_OVR (bus 0 bus_irq 9 global_irq 9 high level)
[    0.116225] ACPI: IRQ0 used by override.
[    0.116226] ACPI: IRQ9 used by override.
[    0.116228] Using ACPI (MADT) for SMP configuration information
[    0.116230] ACPI: HPET id: 0x8086a701 base: 0xfed00000
[    0.116234] smpboot: Allowing 112 CPUs, 0 hotplug CPUs
[    0.116258] PM: Registered nosave memory: [mem 0x00000000-0x00000fff]
[    0.116259] PM: Registered nosave memory: [mem 0x0008f000-0x0008ffff]
[    0.116261] PM: Registered nosave memory: [mem 0x000a0000-0x000fffff]
[    0.116262] PM: Registered nosave memory: [mem 0x47bcd000-0x47bcdfff]
[    0.116264] PM: Registered nosave memory: [mem 0x47bfe000-0x47bfefff]
[    0.116264] PM: Registered nosave memory: [mem 0x47bff000-0x47bfffff]
[    0.116266] PM: Registered nosave memory: [mem 0x47c31000-0x47c31fff]
[    0.116266] PM: Registered nosave memory: [mem 0x47c32000-0x47c32fff]
[    0.116267] PM: Registered nosave memory: [mem 0x47c64000-0x47c64fff]
[    0.116268] PM: Registered nosave memory: [mem 0x47c65000-0x47c65fff]
[    0.116269] PM: Registered nosave memory: [mem 0x47c6d000-0x47c6dfff]
[    0.116271] PM: Registered nosave memory: [mem 0x49e77000-0x4ae76fff]
[    0.116272] PM: Registered nosave memory: [mem 0x4b2cf000-0x4b54dfff]
[    0.116274] PM: Registered nosave memory: [mem 0x4bd94000-0x4be99fff]
[    0.116275] PM: Registered nosave memory: [mem 0x4ce00000-0x4cffffff]
[    0.116276] PM: Registered nosave memory: [mem 0x5eefe000-0x6e3fefff]
[    0.116277] PM: Registered nosave memory: [mem 0x6e3ff000-0x6f3fefff]
[    0.116277] PM: Registered nosave memory: [mem 0x6f3ff000-0x6f7fefff]
[    0.116279] PM: Registered nosave memory: [mem 0x6f800000-0x8fffffff]
[    0.116279] PM: Registered nosave memory: [mem 0x90000000-0xfdffffff]
[    0.116280] PM: Registered nosave memory: [mem 0xfe000000-0xfe010fff]
[    0.116280] PM: Registered nosave memory: [mem 0xfe011000-0xffffffff]
[    0.116281] PM: Registered nosave memory: [mem 0x100000000-0xb8dcfffff]
[    0.116282] PM: Registered nosave memory: [mem 0x1000000000-0x1ebfffffff]
[    0.116284] [mem 0x90000000-0xfdffffff] available for PCI devices
[    0.116285] Booting paravirtualized kernel on bare hardware
[    0.116288] clocksource: refined-jiffies: mask: 0xffffffff max_cycles: 0xffffffff, max_idle_ns: 7645519600211568 ns
[    0.116294] setup_percpu: NR_CPUS:8192 nr_cpumask_bits:112 nr_cpu_ids:112 nr_node_ids:4
[    0.121017] percpu: Embedded 55 pages/cpu s188416 r8192 d28672 u262144
[    0.121026] pcpu-alloc: s188416 r8192 d28672 u262144 alloc=1*2097152
[    0.121027] pcpu-alloc: [0] 000 002 004 006 008 010 012 014 
[    0.121030] pcpu-alloc: [0] 016 018 020 022 024 026 028 030 
[    0.121031] pcpu-alloc: [0] 032 034 036 038 040 042 044 046 
[    0.121033] pcpu-alloc: [0] 048 050 052 054 056 058 060 062 
[    0.121034] pcpu-alloc: [0] 064 066 068 070 072 074 076 078 
[    0.121035] pcpu-alloc: [0] 080 082 084 086 088 090 092 094 
[    0.121037] pcpu-alloc: [0] 096 098 100 102 104 106 108 110 
[    0.121038] pcpu-alloc: [1] 001 003 005 007 009 011 013 015 
[    0.121040] pcpu-alloc: [1] 017 019 021 023 025 027 029 031 
[    0.121041] pcpu-alloc: [1] 033 035 037 039 041 043 045 047 
[    0.121042] pcpu-alloc: [1] 049 051 053 055 057 059 061 063 
[    0.121044] pcpu-alloc: [1] 065 067 069 071 073 075 077 079 
[    0.121045] pcpu-alloc: [1] 081 083 085 087 089 091 093 095 
[    0.121046] pcpu-alloc: [1] 097 099 101 103 105 107 109 111 
[    0.121088] Built 2 zonelists, mobility grouping on.  Total pages: 6771672
[    0.121089] Policy zone: Normal
[    0.121090] Kernel command line: BOOT_IMAGE=/boot/vmlinuz-5.3.1-multiclock root=UUID=ce0c24b8-724b-4f33-9b2c-618433560aef ro memmap=43229M!4096M memmap=59G!64G quiet splash nomodeset vt.handoff=1
[    0.121195] You have booted with nomodeset. This means your GPU drivers are DISABLED
[    0.121196] Any video related functionality will be severely degraded, and you may not even be able to suspend the system properly
[    0.121196] Unless you actually understand what nomodeset does, you should reboot without enabling it
[    0.121213] printk: log_buf_len individual max cpu contribution: 4096 bytes
[    0.121213] printk: log_buf_len total cpu_extra contributions: 454656 bytes
[    0.121214] printk: log_buf_len min size: 262144 bytes
[    0.121366] printk: log_buf_len: 1048576 bytes
[    0.121367] printk: early log buf free: 221788(84%)
[    0.122871] mem auto-init: stack:off, heap alloc:on, heap free:off
[    0.128820] Calgary: detecting Calgary via BIOS EBDA area
[    0.128821] Calgary: Unable to locate Rio Grande table in EBDA - bailing!
[    0.186980] Memory: 26400560K/27521120K available (14339K kernel code, 2373K rwdata, 4660K rodata, 2680K init, 5056K bss, 1120560K reserved, 0K cma-reserved)
[    0.187606] SLUB: HWalign=64, Order=0-3, MinObjects=0, CPUs=112, Nodes=4
[    0.187635] ftrace: allocating 43047 entries in 169 pages
[    0.203971] rcu: Hierarchical RCU implementation.
[    0.203972] rcu: 	RCU restricting CPUs from NR_CPUS=8192 to nr_cpu_ids=112.
[    0.203973] 	Tasks RCU enabled.
[    0.203973] rcu: RCU calculated value of scheduler-enlistment delay is 25 jiffies.
[    0.203974] rcu: Adjusting geometry for rcu_fanout_leaf=16, nr_cpu_ids=112
[    0.206579] NR_IRQS: 524544, nr_irqs: 2952, preallocated irqs: 16
[    0.206971] random: crng done (trusting CPU's manufacturer)
[    0.207134] Console: colour dummy device 80x25
[    0.207148] printk: console [tty0] enabled
[    0.207240] mempolicy: Enabling automatic NUMA balancing. Configure with numa_balancing= or the kernel.numa_balancing sysctl
[    0.207243] ACPI: Core revision 20190703
[    0.210660] clocksource: hpet: mask: 0xffffffff max_cycles: 0xffffffff, max_idle_ns: 79635855245 ns
[    0.210702] APIC: Switch to symmetric I/O mode setup
[    0.210704] DMAR: Host address width 46
[    0.210705] DMAR: DRHD base: 0x000000d0ffc000 flags: 0x0
[    0.210710] DMAR: dmar0: reg_base_addr d0ffc000 ver 4:0 cap 8ed008c40780466 ecap 60000f050df
[    0.210711] DMAR: DRHD base: 0x000000dbbfc000 flags: 0x0
[    0.210714] DMAR: dmar1: reg_base_addr dbbfc000 ver 4:0 cap 8ed008c40780466 ecap 60000f050df
[    0.210715] DMAR: DRHD base: 0x000000e67fc000 flags: 0x0
[    0.210718] DMAR: dmar2: reg_base_addr e67fc000 ver 4:0 cap 8ed008c40780466 ecap 60000f050df
[    0.210719] DMAR: DRHD base: 0x000000f13fc000 flags: 0x0
[    0.210722] DMAR: dmar3: reg_base_addr f13fc000 ver 4:0 cap 8ed008c40780466 ecap 60000f050df
[    0.210723] DMAR: DRHD base: 0x000000fb7fc000 flags: 0x0
[    0.210726] DMAR: dmar4: reg_base_addr fb7fc000 ver 4:0 cap 8ed008c40780466 ecap 60000f050df
[    0.210726] DMAR: DRHD base: 0x000000a63fc000 flags: 0x0
[    0.210729] DMAR: dmar5: reg_base_addr a63fc000 ver 4:0 cap 8ed008c40780466 ecap 60000f050df
[    0.210730] DMAR: DRHD base: 0x000000b0ffc000 flags: 0x0
[    0.210733] DMAR: dmar6: reg_base_addr b0ffc000 ver 4:0 cap 8ed008c40780466 ecap 60000f050df
[    0.210733] DMAR: DRHD base: 0x000000bbbfc000 flags: 0x0
[    0.210738] DMAR: dmar7: reg_base_addr bbbfc000 ver 4:0 cap 8ed008c40780466 ecap 60000f050df
[    0.210738] DMAR: DRHD base: 0x000000c5ffc000 flags: 0x0
[    0.210741] DMAR: dmar8: reg_base_addr c5ffc000 ver 4:0 cap 8ed008c40780466 ecap 60000f050df
[    0.210742] DMAR: DRHD base: 0x0000009b7fc000 flags: 0x1
[    0.210744] DMAR: dmar9: reg_base_addr 9b7fc000 ver 4:0 cap 8ed008c40780466 ecap 60000f050df
[    0.210745] DMAR: RMRR base: 0x00000069427000 end: 0x00000069429fff
[    0.210746] DMAR: ATSR flags: 0x0
[    0.210748] DMAR-IR: IOAPIC id 8 under DRHD base  0x9b7fc000 IOMMU 9
[    0.210749] DMAR-IR: HPET id 0 under DRHD base 0x9b7fc000
[    0.210749] DMAR-IR: Queued invalidation will be enabled to support x2apic and Intr-remapping.
[    0.213406] DMAR-IR: Enabled IRQ remapping in x2apic mode
[    0.216042] ..TIMER: vector=0x30 apic1=0 pin1=2 apic2=-1 pin2=-1
[    0.234630] clocksource: tsc-early: mask: 0xffffffffffffffff max_cycles: 0x39a85c9bff6, max_idle_ns: 881590591483 ns
[    0.234634] Calibrating delay loop (skipped), value calculated using timer frequency.. 4000.00 BogoMIPS (lpj=8000000)
[    0.234636] pid_max: default: 114688 minimum: 896
[    0.238666] LSM: Security Framework initializing
[    0.238682] Yama: becoming mindful.
[    0.239069] AppArmor: AppArmor initialized
[    0.243789] Dentry cache hash table entries: 4194304 (order: 13, 33554432 bytes, vmalloc)
[    0.246171] Inode-cache hash table entries: 2097152 (order: 12, 16777216 bytes, vmalloc)
[    0.246305] Mount-cache hash table entries: 65536 (order: 7, 524288 bytes, vmalloc)
[    0.246381] Mountpoint-cache hash table entries: 65536 (order: 7, 524288 bytes, vmalloc)
[    0.246666] *** VALIDATE proc ***
[    0.246912] *** VALIDATE cgroup1 ***
[    0.246914] *** VALIDATE cgroup2 ***
[    0.247039] x86/tme: not enabled by BIOS
[    0.247042] x86/cpu: User Mode Instruction Prevention (UMIP) activated
[    0.247116] mce: CPU0: Thermal monitoring enabled (TM1)
[    0.247327] process: using mwait in idle threads
[    0.247328] Last level iTLB entries: 4KB 0, 2MB 0, 4MB 0
[    0.247329] Last level dTLB entries: 4KB 0, 2MB 0, 4MB 0, 1GB 0
[    0.247332] Spectre V1 : Mitigation: usercopy/swapgs barriers and __user pointer sanitization
[    0.247333] Spectre V2 : Mitigation: Enhanced IBRS
[    0.247334] Spectre V2 : Spectre v2 / SpectreRSB mitigation: Filling RSB on context switch
[    0.247335] Spectre V2 : mitigation: Enabling conditional Indirect Branch Prediction Barrier
[    0.247336] Speculative Store Bypass: Mitigation: Speculative Store Bypass disabled via prctl and seccomp
[    0.247599] Freeing SMP alternatives memory: 40K
[    0.250778] TSC deadline timer enabled
[    0.250786] smpboot: CPU0: Intel(R) Xeon(R) Gold 6330 CPU @ 2.00GHz (family: 0x6, model: 0x6a, stepping: 0x6)
[    0.250976] Performance Events: PEBS fmt4+-baseline, Icelake events, 32-deep LBR, full-width counters, Intel PMU driver.
[    0.250981] ... version:                5
[    0.250981] ... bit width:              48
[    0.250982] ... generic registers:      8
[    0.250982] ... value mask:             0000ffffffffffff
[    0.250983] ... max period:             00007fffffffffff
[    0.250983] ... fixed-purpose events:   4
[    0.250983] ... event mask:             0000000f000000ff
[    0.251095] rcu: Hierarchical SRCU implementation.
[    0.258650] NMI watchdog: Enabled. Permanently consumes one hw-PMU counter.
[    0.259932] smp: Bringing up secondary CPUs ...
[    0.260053] x86: Booting SMP configuration:
[    0.260054] .... node  #1, CPUs:          #1
[    0.003723] smpboot: CPU 1 Converting physical 0 to logical die 1
[    0.346737] .... node  #0, CPUs:     #2
[    0.352089] .... node  #1, CPUs:     #3
[    0.357467] .... node  #0, CPUs:     #4
[    0.362815] .... node  #1, CPUs:     #5
[    0.368165] .... node  #0, CPUs:     #6
[    0.373714] .... node  #1, CPUs:     #7
[    0.379261] .... node  #0, CPUs:     #8
[    0.384506] .... node  #1, CPUs:     #9
[    0.390216] .... node  #0, CPUs:    #10
[    0.395902] .... node  #1, CPUs:    #11
[    0.401604] .... node  #0, CPUs:    #12
[    0.407095] .... node  #1, CPUs:    #13
[    0.412404] .... node  #0, CPUs:    #14
[    0.417615] .... node  #1, CPUs:    #15
[    0.422896] .... node  #0, CPUs:    #16
[    0.428136] .... node  #1, CPUs:    #17
[    0.433413] .... node  #0, CPUs:    #18
[    0.438792] .... node  #1, CPUs:    #19
[    0.444254] .... node  #0, CPUs:    #20
[    0.449457] .... node  #1, CPUs:    #21
[    0.455026] .... node  #0, CPUs:    #22
[    0.460438] .... node  #1, CPUs:    #23
[    0.465673] .... node  #0, CPUs:    #24
[    0.471272] .... node  #1, CPUs:    #25
[    0.476569] .... node  #0, CPUs:    #26
[    0.481735] .... node  #1, CPUs:    #27
[    0.487013] .... node  #0, CPUs:    #28
[    0.492483] .... node  #1, CPUs:    #29
[    0.497740] .... node  #0, CPUs:    #30
[    0.502929] .... node  #1, CPUs:    #31
[    0.508355] .... node  #0, CPUs:    #32
[    0.513617] .... node  #1, CPUs:    #33
[    0.518940] .... node  #0, CPUs:    #34
[    0.524359] .... node  #1, CPUs:    #35
[    0.529632] .... node  #0, CPUs:    #36
[    0.534808] .... node  #1, CPUs:    #37
[    0.540085] .... node  #0, CPUs:    #38
[    0.545612] .... node  #1, CPUs:    #39
[    0.551098] .... node  #0, CPUs:    #40
[    0.556675] .... node  #1, CPUs:    #41
[    0.562384] .... node  #0, CPUs:    #42
[    0.567644] .... node  #1, CPUs:    #43
[    0.573254] .... node  #0, CPUs:    #44
[    0.578780] .... node  #1, CPUs:    #45
[    0.584015] .... node  #0, CPUs:    #46
[    0.589524] .... node  #1, CPUs:    #47
[    0.594933] .... node  #0, CPUs:    #48
[    0.600234] .... node  #1, CPUs:    #49
[    0.605634] .... node  #0, CPUs:    #50
[    0.611079] .... node  #1, CPUs:    #51
[    0.616690] .... node  #0, CPUs:    #52
[    0.622128] .... node  #1, CPUs:    #53
[    0.627674] .... node  #0, CPUs:    #54
[    0.633354] .... node  #1, CPUs:    #55
[    0.639114] .... node  #0, CPUs:    #56
[    0.644873] .... node  #1, CPUs:    #57
[    0.650743] .... node  #0, CPUs:    #58
[    0.656108] .... node  #1, CPUs:    #59
[    0.661517] .... node  #0, CPUs:    #60
[    0.666862] .... node  #1, CPUs:    #61
[    0.672226] .... node  #0, CPUs:    #62
[    0.677783] .... node  #1, CPUs:    #63
[    0.683351] .... node  #0, CPUs:    #64
[    0.688628] .... node  #1, CPUs:    #65
[    0.694330] .... node  #0, CPUs:    #66
[    0.700028] .... node  #1, CPUs:    #67
[    0.705758] .... node  #0, CPUs:    #68
[    0.711257] .... node  #1, CPUs:    #69
[    0.716593] .... node  #0, CPUs:    #70
[    0.721797] .... node  #1, CPUs:    #71
[    0.727104] .... node  #0, CPUs:    #72
[    0.732352] .... node  #1, CPUs:    #73
[    0.737650] .... node  #0, CPUs:    #74
[    0.742888] .... node  #1, CPUs:    #75
[    0.748509] .... node  #0, CPUs:    #76
[    0.753735] .... node  #1, CPUs:    #77
[    0.759323] .... node  #0, CPUs:    #78
[    0.764744] .... node  #1, CPUs:    #79
[    0.770015] .... node  #0, CPUs:    #80
[    0.775621] .... node  #1, CPUs:    #81
[    0.780946] .... node  #0, CPUs:    #82
[    0.786145] .... node  #1, CPUs:    #83
[    0.791431] .... node  #0, CPUs:    #84
[    0.796931] .... node  #1, CPUs:    #85
[    0.802213] .... node  #0, CPUs:    #86
[    0.807410] .... node  #1, CPUs:    #87
[    0.812877] .... node  #0, CPUs:    #88
[    0.818146] .... node  #1, CPUs:    #89
[    0.823505] .... node  #0, CPUs:    #90
[    0.828924] .... node  #1, CPUs:    #91
[    0.834213] .... node  #0, CPUs:    #92
[    0.839410] .... node  #1, CPUs:    #93
[    0.844695] .... node  #0, CPUs:    #94
[    0.850244] .... node  #1, CPUs:    #95
[    0.855744] .... node  #0, CPUs:    #96
[    0.861335] .... node  #1, CPUs:    #97
[    0.867062] .... node  #0, CPUs:    #98
[    0.872356] .... node  #1, CPUs:    #99
[    0.877988] .... node  #0, CPUs:   #100
[    0.883327] .... node  #1, CPUs:   #101
[    0.888772] .... node  #0, CPUs:   #102
[    0.894291] .... node  #1, CPUs:   #103
[    0.899722] .... node  #0, CPUs:   #104
[    0.905054] .... node  #1, CPUs:   #105
[    0.910681] .... node  #0, CPUs:   #106
[    0.915935] .... node  #1, CPUs:   #107
[    0.921567] .... node  #0, CPUs:   #108
[    0.927003] .... node  #1, CPUs:   #109
[    0.932583] .... node  #0, CPUs:   #110
[    0.938256] .... node  #1, CPUs:   #111
[    0.944041] smp: Brought up 2 nodes, 112 CPUs
[    0.944041] smpboot: Max logical packages: 2
[    0.944041] smpboot: Total of 112 processors activated (448062.32 BogoMIPS)
[    0.953456] devtmpfs: initialized
[    0.953456] x86/mm: Memory block size: 2048MB
[    0.953456] PM: Registering ACPI NVS region [mem 0x49e77000-0x4ae76fff] (16777216 bytes)
[    0.953456] PM: Registering ACPI NVS region [mem 0x6e3ff000-0x6f3fefff] (16777216 bytes)
[    0.953456] clocksource: jiffies: mask: 0xffffffff max_cycles: 0xffffffff, max_idle_ns: 7645041785100000 ns
[    0.954944] futex hash table entries: 32768 (order: 9, 2097152 bytes, vmalloc)
[    0.955527] pinctrl core: initialized pinctrl subsystem
[    0.955652] PM: RTC time: 09:35:58, date: 2024-06-29
[    0.955917] NET: Registered protocol family 16
[    0.956029] audit: initializing netlink subsys (disabled)
[    0.956035] audit: type=2000 audit(1719653757.748:1): state=initialized audit_enabled=0 res=1
[    0.956035] EISA bus registered
[    0.956035] cpuidle: using governor ladder
[    0.956035] cpuidle: using governor menu
[    0.956035] ACPI FADT declares the system doesn't support PCIe ASPM, so disable it
[    0.956035] ACPI: bus type PCI registered
[    0.956035] acpiphp: ACPI Hot Plug PCI Controller Driver version: 0.5
[    0.956035] PCI: MMCONFIG for domain 0000 [bus 00-ff] at [mem 0x80000000-0x8fffffff] (base 0x80000000)
[    0.956035] PCI: MMCONFIG at [mem 0x80000000-0x8fffffff] reserved in E820
[    0.956035] pmd_set_huge: Cannot satisfy [mem 0x80000000-0x80200000] with a huge-page mapping due to MTRR override.
[    0.956035] PCI: Using configuration type 1 for base access
[    0.956035] PCI: Dell System detected, enabling pci=bfsort.
[    0.958637] ENERGY_PERF_BIAS: Set to 'normal', was 'performance'
[    0.962925] HugeTLB registered 1.00 GiB page size, pre-allocated 0 pages
[    0.962925] HugeTLB registered 2.00 MiB page size, pre-allocated 0 pages
[    0.966654] ACPI: Added _OSI(Module Device)
[    0.966654] ACPI: Added _OSI(Processor Device)
[    0.966654] ACPI: Added _OSI(3.0 _SCP Extensions)
[    0.966654] ACPI: Added _OSI(Processor Aggregator Device)
[    0.966654] ACPI: Added _OSI(Linux-Dell-Video)
[    0.966654] ACPI: Added _OSI(Linux-Lenovo-NV-HDMI-Audio)
[    0.966654] ACPI: Added _OSI(Linux-HPI-Hybrid-Graphics)
[    1.130019] ACPI: 8 ACPI AML tables successfully acquired and loaded
[    1.137096] ACPI: [Firmware Bug]: BIOS _OSI(Linux) query ignored
[    1.143731] ACPI: Dynamic OEM Table Load:
[    1.534860] ACPI: Interpreter enabled
[    1.534877] ACPI: (supports S0 S5)
[    1.534878] ACPI: Using IOAPIC for interrupt routing
[    1.534965] HEST: Table parsing has been initialized.
[    1.534967] PCI: Using host bridge windows from ACPI; if necessary, use "pci=nocrs" and report a bug
[    1.563670] ACPI: Enabled 4 GPEs in block 00 to 7F
[    1.687897] ACPI: PCI Root Bridge [PC00] (domain 0000 [bus 00-15])
[    1.687902] acpi PNP0A08:00: _OSC: OS supports [ExtendedConfig ASPM ClockPM Segments MSI HPX-Type3]
[    1.687979] acpi PNP0A08:00: PCIe AER handled by firmware
[    1.688090] acpi PNP0A08:00: _OSC: platform does not support [SHPCHotplug LTR]
[    1.688296] acpi PNP0A08:00: _OSC: OS now controls [PCIeHotplug PME PCIeCapability]
[    1.688296] acpi PNP0A08:00: FADT indicates ASPM is unsupported, using BIOS configuration
[    1.690068] PCI host bridge to bus 0000:00
[    1.690070] pci_bus 0000:00: root bus resource [io  0x0000-0x0cf7 window]
[    1.690071] pci_bus 0000:00: root bus resource [io  0x1000-0x4fff window]
[    1.690072] pci_bus 0000:00: root bus resource [mem 0x000a0000-0x000bffff window]
[    1.690073] pci_bus 0000:00: root bus resource [mem 0x000c8000-0x000cffff window]
[    1.690074] pci_bus 0000:00: root bus resource [mem 0xfe010000-0xfe010fff window]
[    1.690074] pci_bus 0000:00: root bus resource [mem 0x90000000-0x9b7fffff window]
[    1.690075] pci_bus 0000:00: root bus resource [mem 0x200000000000-0x20ffffffffff window]
[    1.690076] pci_bus 0000:00: root bus resource [bus 00-15]
[    1.690086] pci 0000:00:00.0: [8086:09a2] type 00 class 0x088000
[    1.690804] pci 0000:00:00.1: [8086:09a4] type 00 class 0x088000
[    1.691505] pci 0000:00:00.2: [8086:09a3] type 00 class 0x088000
[    1.692204] pci 0000:00:00.4: [8086:0998] type 00 class 0x060000
[    1.692906] pci 0000:00:02.0: [8086:09a6] type 00 class 0x088000
[    1.692916] pci 0000:00:02.0: reg 0x10: [mem 0x92dfc000-0x92dfdfff]
[    1.693608] pci 0000:00:02.1: [8086:09a7] type 00 class 0x088000
[    1.693617] pci 0000:00:02.1: reg 0x10: [mem 0x92d00000-0x92d7ffff]
[    1.693622] pci 0000:00:02.1: reg 0x14: [mem 0x92c80000-0x92cfffff]
[    1.694315] pci 0000:00:02.4: [8086:3456] type 00 class 0x130000
[    1.694326] pci 0000:00:02.4: reg 0x10: [mem 0x92a00000-0x92afffff 64bit]
[    1.694332] pci 0000:00:02.4: reg 0x18: [mem 0x92df0000-0x92df3fff 64bit]
[    1.694338] pci 0000:00:02.4: reg 0x20: [mem 0x92dc0000-0x92ddffff 64bit]
[    1.695040] pci 0000:00:11.0: [8086:a1ec] type 00 class 0xff0000
[    1.695810] pci 0000:00:11.5: [8086:a1d2] type 00 class 0x010601
[    1.695827] pci 0000:00:11.5: reg 0x10: [mem 0x92dfa000-0x92dfbfff]
[    1.695834] pci 0000:00:11.5: reg 0x14: [mem 0x92e05000-0x92e050ff]
[    1.695841] pci 0000:00:11.5: reg 0x18: [io  0x2068-0x206f]
[    1.695848] pci 0000:00:11.5: reg 0x1c: [io  0x2074-0x2077]
[    1.695855] pci 0000:00:11.5: reg 0x20: [io  0x2040-0x205f]
[    1.695862] pci 0000:00:11.5: reg 0x24: [mem 0x92b80000-0x92bfffff]
[    1.695900] pci 0000:00:11.5: PME# supported from D3hot
[    1.696611] pci 0000:00:14.0: [8086:a1af] type 00 class 0x0c0330
[    1.696632] pci 0000:00:14.0: reg 0x10: [mem 0x92de0000-0x92deffff 64bit]
[    1.696696] pci 0000:00:14.0: PME# supported from D3hot D3cold
[    1.697409] pci 0000:00:14.2: [8086:a1b1] type 00 class 0x118000
[    1.697429] pci 0000:00:14.2: reg 0x10: [mem 0x92e02000-0x92e02fff 64bit]
[    1.698173] pci 0000:00:16.0: [8086:a1ba] type 00 class 0x078000
[    1.698201] pci 0000:00:16.0: reg 0x10: [mem 0x92e01000-0x92e01fff 64bit]
[    1.698286] pci 0000:00:16.0: PME# supported from D3hot
[    1.698973] pci 0000:00:16.1: [8086:a1bb] type 00 class 0x078000
[    1.699001] pci 0000:00:16.1: reg 0x10: [mem 0x92e00000-0x92e00fff 64bit]
[    1.699086] pci 0000:00:16.1: PME# supported from D3hot
[    1.699772] pci 0000:00:16.4: [8086:a1be] type 00 class 0x078000
[    1.699800] pci 0000:00:16.4: reg 0x10: [mem 0x92dff000-0x92dfffff 64bit]
[    1.699885] pci 0000:00:16.4: PME# supported from D3hot
[    1.700566] pci 0000:00:17.0: [8086:a182] type 00 class 0x010601
[    1.700583] pci 0000:00:17.0: reg 0x10: [mem 0x92df8000-0x92df9fff]
[    1.700590] pci 0000:00:17.0: reg 0x14: [mem 0x92e04000-0x92e040ff]
[    1.700596] pci 0000:00:17.0: reg 0x18: [io  0x2060-0x2067]
[    1.700603] pci 0000:00:17.0: reg 0x1c: [io  0x2070-0x2073]
[    1.700610] pci 0000:00:17.0: reg 0x20: [io  0x2020-0x203f]
[    1.700617] pci 0000:00:17.0: reg 0x24: [mem 0x92b00000-0x92b7ffff]
[    1.700654] pci 0000:00:17.0: PME# supported from D3hot
[    1.701360] pci 0000:00:1c.0: [8086:a190] type 01 class 0x060400
[    1.701438] pci 0000:00:1c.0: PME# supported from D0 D3hot D3cold
[    1.702207] pci 0000:00:1c.4: [8086:a194] type 01 class 0x060400
[    1.702279] pci 0000:00:1c.4: PME# supported from D0 D3hot D3cold
[    1.703037] pci 0000:00:1c.5: [8086:a195] type 01 class 0x060400
[    1.703110] pci 0000:00:1c.5: PME# supported from D0 D3hot D3cold
[    1.703875] pci 0000:00:1f.0: [8086:a1cb] type 00 class 0x060100
[    1.704681] pci 0000:00:1f.2: [8086:a1a1] type 00 class 0x058000
[    1.704696] pci 0000:00:1f.2: reg 0x10: [mem 0x92df4000-0x92df7fff]
[    1.705448] pci 0000:00:1f.4: [8086:a1a3] type 00 class 0x0c0500
[    1.705468] pci 0000:00:1f.4: reg 0x10: [mem 0x92dfe000-0x92dfe0ff 64bit]
[    1.705490] pci 0000:00:1f.4: reg 0x20: [io  0x2000-0x201f]
[    1.706177] pci 0000:00:1f.5: [8086:a1a4] type 00 class 0x0c8000
[    1.706193] pci 0000:00:1f.5: reg 0x10: [mem 0xfe010000-0xfe010fff]
[    1.706947] pci 0000:00:1c.0: PCI bridge to [bus 01]
[    1.707000] pci 0000:02:00.0: [1556:be00] type 01 class 0x060400
[    1.707163] pci 0000:00:1c.4: PCI bridge to [bus 02-03]
[    1.707167] pci 0000:00:1c.4:   bridge window [mem 0x92000000-0x928fffff]
[    1.707171] pci 0000:00:1c.4:   bridge window [mem 0x91000000-0x91ffffff 64bit pref]
[    1.707202] pci_bus 0000:03: extended config space not accessible
[    1.707219] pci 0000:03:00.0: [102b:0536] type 00 class 0x030000
[    1.707238] pci 0000:03:00.0: reg 0x10: [mem 0x91000000-0x91ffffff pref]
[    1.707249] pci 0000:03:00.0: reg 0x14: [mem 0x92808000-0x9280bfff]
[    1.707259] pci 0000:03:00.0: reg 0x18: [mem 0x92000000-0x927fffff]
[    1.707306] pci 0000:03:00.0: BAR 0: assigned to efifb
[    1.707405] pci 0000:02:00.0: PCI bridge to [bus 03]
[    1.707413] pci 0000:02:00.0:   bridge window [mem 0x92000000-0x928fffff]
[    1.707419] pci 0000:02:00.0:   bridge window [mem 0x91000000-0x91ffffff 64bit pref]
[    1.707484] pci 0000:04:00.0: [14e4:165f] type 00 class 0x020000
[    1.707515] pci 0000:04:00.0: reg 0x10: [mem 0x92930000-0x9293ffff 64bit pref]
[    1.707531] pci 0000:04:00.0: reg 0x18: [mem 0x92940000-0x9294ffff 64bit pref]
[    1.707546] pci 0000:04:00.0: reg 0x20: [mem 0x92950000-0x9295ffff 64bit pref]
[    1.707556] pci 0000:04:00.0: reg 0x30: [mem 0xfffc0000-0xffffffff pref]
[    1.707648] pci 0000:04:00.0: PME# supported from D0 D3hot D3cold
[    1.707686] pci 0000:04:00.0: 4.000 Gb/s available PCIe bandwidth, limited by 5 GT/s x1 link at 0000:00:1c.5 (capable of 8.000 Gb/s with 5 GT/s x2 link)
[    1.707807] pci 0000:04:00.1: [14e4:165f] type 00 class 0x020000
[    1.707839] pci 0000:04:00.1: reg 0x10: [mem 0x92900000-0x9290ffff 64bit pref]
[    1.707854] pci 0000:04:00.1: reg 0x18: [mem 0x92910000-0x9291ffff 64bit pref]
[    1.707869] pci 0000:04:00.1: reg 0x20: [mem 0x92920000-0x9292ffff 64bit pref]
[    1.707879] pci 0000:04:00.1: reg 0x30: [mem 0xfffc0000-0xffffffff pref]
[    1.707971] pci 0000:04:00.1: PME# supported from D0 D3hot D3cold
[    1.708118] pci 0000:00:1c.5: PCI bridge to [bus 04]
[    1.708125] pci 0000:00:1c.5:   bridge window [mem 0x92900000-0x929fffff 64bit pref]
[    1.708138] pci_bus 0000:00: on NUMA node 0
[    1.708683] ACPI: PCI Root Bridge [PC01] (domain 0000 [bus 16-2f])
[    1.708686] acpi PNP0A08:01: _OSC: OS supports [ExtendedConfig ASPM ClockPM Segments MSI HPX-Type3]
[    1.708783] acpi PNP0A08:01: PCIe AER handled by firmware
[    1.708889] acpi PNP0A08:01: _OSC: platform does not support [SHPCHotplug]
[    1.709088] acpi PNP0A08:01: _OSC: OS now controls [PCIeHotplug PME PCIeCapability LTR]
[    1.709089] acpi PNP0A08:01: FADT indicates ASPM is unsupported, using BIOS configuration
[    1.709211] PCI host bridge to bus 0000:16
[    1.709212] pci_bus 0000:16: root bus resource [io  0x5000-0x6fff window]
[    1.709213] pci_bus 0000:16: root bus resource [mem 0x9b800000-0xa63fffff window]
[    1.709214] pci_bus 0000:16: root bus resource [mem 0x210000000000-0x21ffffffffff window]
[    1.709215] pci_bus 0000:16: root bus resource [bus 16-2f]
[    1.709222] pci 0000:16:00.0: [8086:09a2] type 00 class 0x088000
[    1.709286] pci 0000:16:00.1: [8086:09a4] type 00 class 0x088000
[    1.709348] pci 0000:16:00.2: [8086:09a3] type 00 class 0x088000
[    1.709411] pci 0000:16:00.4: [8086:0998] type 00 class 0x060000
[    1.709472] pci 0000:16:02.0: [8086:347a] type 01 class 0x060400
[    1.709485] pci 0000:16:02.0: reg 0x10: [mem 0x21fffff00000-0x21fffff1ffff 64bit]
[    1.709520] pci 0000:16:02.0: PME# supported from D0 D3hot D3cold
[    1.709817] pci 0000:17:00.0: [1000:10e2] type 00 class 0x010400
[    1.709836] pci 0000:17:00.0: reg 0x10: [mem 0x9b800000-0x9b8fffff 64bit pref]
[    1.709844] pci 0000:17:00.0: reg 0x18: [mem 0x9b900000-0x9b9fffff 64bit pref]
[    1.709849] pci 0000:17:00.0: reg 0x20: [mem 0x9ba00000-0x9bafffff]
[    1.709855] pci 0000:17:00.0: reg 0x24: [io  0x5000-0x50ff]
[    1.709860] pci 0000:17:00.0: reg 0x30: [mem 0xfff00000-0xffffffff pref]
[    1.711244] pci 0000:17:00.0: supports D1 D2
[    1.711304] pci 0000:16:02.0: PCI bridge to [bus 17]
[    1.711306] pci 0000:16:02.0:   bridge window [io  0x5000-0x5fff]
[    1.711308] pci 0000:16:02.0:   bridge window [mem 0x9ba00000-0x9bafffff]
[    1.711310] pci 0000:16:02.0:   bridge window [mem 0x9b800000-0x9b9fffff 64bit pref]
[    1.711317] pci_bus 0000:16: on NUMA node 0
[    1.711397] ACPI: PCI Root Bridge [PC02] (domain 0000 [bus 30-49])
[    1.711399] acpi PNP0A08:02: _OSC: OS supports [ExtendedConfig ASPM ClockPM Segments MSI HPX-Type3]
[    1.711499] acpi PNP0A08:02: PCIe AER handled by firmware
[    1.711607] acpi PNP0A08:02: _OSC: platform does not support [SHPCHotplug]
[    1.711807] acpi PNP0A08:02: _OSC: OS now controls [PCIeHotplug PME PCIeCapability LTR]
[    1.711808] acpi PNP0A08:02: FADT indicates ASPM is unsupported, using BIOS configuration
[    1.711930] PCI host bridge to bus 0000:30
[    1.711932] pci_bus 0000:30: root bus resource [io  0x7000-0x8fff window]
[    1.711933] pci_bus 0000:30: root bus resource [mem 0xa6400000-0xb0ffffff window]
[    1.711933] pci_bus 0000:30: root bus resource [mem 0x220000000000-0x22ffffffffff window]
[    1.711934] pci_bus 0000:30: root bus resource [bus 30-49]
[    1.711942] pci 0000:30:00.0: [8086:09a2] type 00 class 0x088000
[    1.712010] pci 0000:30:00.1: [8086:09a4] type 00 class 0x088000
[    1.712075] pci 0000:30:00.2: [8086:09a3] type 00 class 0x088000
[    1.712138] pci 0000:30:00.4: [8086:0998] type 00 class 0x060000
[    1.712208] pci_bus 0000:30: on NUMA node 0
[    1.712296] ACPI: PCI Root Bridge [PC04] (domain 0000 [bus 4a-63])
[    1.712298] acpi PNP0A08:04: _OSC: OS supports [ExtendedConfig ASPM ClockPM Segments MSI HPX-Type3]
[    1.712390] acpi PNP0A08:04: PCIe AER handled by firmware
[    1.712494] acpi PNP0A08:04: _OSC: platform does not support [SHPCHotplug]
[    1.712693] acpi PNP0A08:04: _OSC: OS now controls [PCIeHotplug PME PCIeCapability LTR]
[    1.712694] acpi PNP0A08:04: FADT indicates ASPM is unsupported, using BIOS configuration
[    1.712807] PCI host bridge to bus 0000:4a
[    1.712808] pci_bus 0000:4a: root bus resource [io  0x9000-0x9fff window]
[    1.712809] pci_bus 0000:4a: root bus resource [mem 0xb1000000-0xbbbfffff window]
[    1.712810] pci_bus 0000:4a: root bus resource [mem 0x230000000000-0x23ffffffffff window]
[    1.712811] pci_bus 0000:4a: root bus resource [bus 4a-63]
[    1.712817] pci 0000:4a:00.0: [8086:09a2] type 00 class 0x088000
[    1.712880] pci 0000:4a:00.1: [8086:09a4] type 00 class 0x088000
[    1.712940] pci 0000:4a:00.2: [8086:09a3] type 00 class 0x088000
[    1.713008] pci 0000:4a:00.4: [8086:0998] type 00 class 0x060000
[    1.713078] pci_bus 0000:4a: on NUMA node 0
[    1.713137] ACPI: PCI Root Bridge [PC05] (domain 0000 [bus 64-7d])
[    1.713139] acpi PNP0A08:05: _OSC: OS supports [ExtendedConfig ASPM ClockPM Segments MSI HPX-Type3]
[    1.713229] acpi PNP0A08:05: PCIe AER handled by firmware
[    1.713333] acpi PNP0A08:05: _OSC: platform does not support [SHPCHotplug]
[    1.713531] acpi PNP0A08:05: _OSC: OS now controls [PCIeHotplug PME PCIeCapability LTR]
[    1.713532] acpi PNP0A08:05: FADT indicates ASPM is unsupported, using BIOS configuration
[    1.713643] PCI host bridge to bus 0000:64
[    1.713644] pci_bus 0000:64: root bus resource [io  0xa000-0xafff window]
[    1.713645] pci_bus 0000:64: root bus resource [mem 0xbbc00000-0xc5ffffff window]
[    1.713646] pci_bus 0000:64: root bus resource [mem 0x240000000000-0x24ffffffffff window]
[    1.713647] pci_bus 0000:64: root bus resource [bus 64-7d]
[    1.713653] pci 0000:64:00.0: [8086:09a2] type 00 class 0x088000
[    1.713716] pci 0000:64:00.1: [8086:09a4] type 00 class 0x088000
[    1.713778] pci 0000:64:00.2: [8086:09a3] type 00 class 0x088000
[    1.713839] pci 0000:64:00.4: [8086:0998] type 00 class 0x060000
[    1.713909] pci_bus 0000:64: on NUMA node 0
[    1.713965] ACPI: PCI Root Bridge [UC06] (domain 0000 [bus 7e])
[    1.713966] acpi PNP0A03:00: _OSC: OS supports [ExtendedConfig ASPM ClockPM Segments MSI HPX-Type3]
[    1.714042] acpi PNP0A03:00: PCIe AER handled by firmware
[    1.714130] acpi PNP0A03:00: _OSC: platform does not support [SHPCHotplug LTR]
[    1.714297] acpi PNP0A03:00: _OSC: OS now controls [PCIeHotplug PME PCIeCapability]
[    1.714298] acpi PNP0A03:00: FADT indicates ASPM is unsupported, using BIOS configuration
[    1.714428] PCI host bridge to bus 0000:7e
[    1.714429] pci_bus 0000:7e: root bus resource [bus 7e]
[    1.714435] pci 0000:7e:00.0: [8086:3450] type 00 class 0x088000
[    1.714505] pci 0000:7e:00.1: [8086:3451] type 00 class 0x088000
[    1.714568] pci 0000:7e:00.2: [8086:3452] type 00 class 0x088000
[    1.714641] pci 0000:7e:00.3: [8086:0998] type 00 class 0x060000
[    1.714705] pci 0000:7e:00.5: [8086:3455] type 00 class 0x088000
[    1.714775] pci 0000:7e:02.0: [8086:3440] type 00 class 0x088000
[    1.714897] pci 0000:7e:02.1: [8086:3441] type 00 class 0x088000
[    1.715010] pci 0000:7e:02.2: [8086:3442] type 00 class 0x088000
[    1.715125] pci 0000:7e:03.0: [8086:3440] type 00 class 0x088000
[    1.715214] pci 0000:7e:03.1: [8086:3441] type 00 class 0x088000
[    1.715294] pci 0000:7e:03.2: [8086:3442] type 00 class 0x088000
[    1.715388] pci 0000:7e:04.0: [8086:3440] type 00 class 0x088000
[    1.715516] pci 0000:7e:04.1: [8086:3441] type 00 class 0x088000
[    1.715636] pci 0000:7e:04.2: [8086:3442] type 00 class 0x088000
[    1.715759] pci 0000:7e:04.3: [8086:3443] type 00 class 0x088000
[    1.715883] pci 0000:7e:05.0: [8086:3445] type 00 class 0x088000
[    1.716002] pci 0000:7e:05.1: [8086:3446] type 00 class 0x088000
[    1.716119] pci 0000:7e:05.2: [8086:3447] type 00 class 0x088000
[    1.716237] pci 0000:7e:06.0: [8086:3445] type 00 class 0x088000
[    1.716329] pci 0000:7e:06.1: [8086:3446] type 00 class 0x088000
[    1.716415] pci 0000:7e:06.2: [8086:3447] type 00 class 0x088000
[    1.716506] pci 0000:7e:07.0: [8086:3445] type 00 class 0x088000
[    1.716634] pci 0000:7e:07.1: [8086:3446] type 00 class 0x088000
[    1.716759] pci 0000:7e:07.2: [8086:3447] type 00 class 0x088000
[    1.716884] pci 0000:7e:0b.0: [8086:3448] type 00 class 0x088000
[    1.716960] pci 0000:7e:0b.1: [8086:3448] type 00 class 0x088000
[    1.717035] pci 0000:7e:0b.2: [8086:344b] type 00 class 0x088000
[    1.717119] pci 0000:7e:0c.0: [8086:344a] type 00 class 0x110100
[    1.717216] pci 0000:7e:0d.0: [8086:344a] type 00 class 0x110100
[    1.717310] pci 0000:7e:0e.0: [8086:344a] type 00 class 0x110100
[    1.717459] pci 0000:7e:0f.0: [8086:344a] type 00 class 0x110100
[    1.717619] pci 0000:7e:1a.0: [8086:2880] type 00 class 0x110100
[    1.717716] pci 0000:7e:1b.0: [8086:2880] type 00 class 0x110100
[    1.717807] pci 0000:7e:1c.0: [8086:2880] type 00 class 0x110100
[    1.717961] pci 0000:7e:1d.0: [8086:2880] type 00 class 0x110100
[    1.718122] pci_bus 0000:7e: on NUMA node 0
[    1.718195] ACPI: PCI Root Bridge [UC07] (domain 0000 [bus 7f])
[    1.718197] acpi PNP0A03:01: _OSC: OS supports [ExtendedConfig ASPM ClockPM Segments MSI HPX-Type3]
[    1.718273] acpi PNP0A03:01: PCIe AER handled by firmware
[    1.718361] acpi PNP0A03:01: _OSC: platform does not support [SHPCHotplug LTR]
[    1.718528] acpi PNP0A03:01: _OSC: OS now controls [PCIeHotplug PME PCIeCapability]
[    1.718528] acpi PNP0A03:01: FADT indicates ASPM is unsupported, using BIOS configuration
[    1.718674] PCI host bridge to bus 0000:7f
[    1.718675] pci_bus 0000:7f: root bus resource [bus 7f]
[    1.718684] pci 0000:7f:00.0: [8086:344c] type 00 class 0x088000
[    1.718792] pci 0000:7f:00.1: [8086:344c] type 00 class 0x088000
[    1.718911] pci 0000:7f:00.2: [8086:344c] type 00 class 0x088000
[    1.719032] pci 0000:7f:00.3: [8086:344c] type 00 class 0x088000
[    1.719127] pci 0000:7f:00.4: [8086:344c] type 00 class 0x088000
[    1.719255] pci 0000:7f:00.5: [8086:344c] type 00 class 0x088000
[    1.719380] pci 0000:7f:00.6: [8086:344c] type 00 class 0x088000
[    1.719465] pci 0000:7f:00.7: [8086:344c] type 00 class 0x088000
[    1.719562] pci 0000:7f:01.0: [8086:344c] type 00 class 0x088000
[    1.719699] pci 0000:7f:01.1: [8086:344c] type 00 class 0x088000
[    1.719826] pci 0000:7f:01.2: [8086:344c] type 00 class 0x088000
[    1.719912] pci 0000:7f:01.3: [8086:344c] type 00 class 0x088000
[    1.720051] pci 0000:7f:01.4: [8086:344c] type 00 class 0x088000
[    1.720189] pci 0000:7f:01.5: [8086:344c] type 00 class 0x088000
[    1.720331] pci 0000:7f:01.6: [8086:344c] type 00 class 0x088000
[    1.720459] pci 0000:7f:01.7: [8086:344c] type 00 class 0x088000
[    1.720605] pci 0000:7f:02.0: [8086:344c] type 00 class 0x088000
[    1.720744] pci 0000:7f:02.1: [8086:344c] type 00 class 0x088000
[    1.720882] pci 0000:7f:02.2: [8086:344c] type 00 class 0x088000
[    1.721019] pci 0000:7f:02.3: [8086:344c] type 00 class 0x088000
[    1.721165] pci 0000:7f:02.4: [8086:344c] type 00 class 0x088000
[    1.721309] pci 0000:7f:02.5: [8086:344c] type 00 class 0x088000
[    1.721452] pci 0000:7f:02.6: [8086:344c] type 00 class 0x088000
[    1.721605] pci 0000:7f:02.7: [8086:344c] type 00 class 0x088000
[    1.721764] pci 0000:7f:03.0: [8086:344c] type 00 class 0x088000
[    1.721914] pci 0000:7f:03.1: [8086:344c] type 00 class 0x088000
[    1.722073] pci 0000:7f:03.2: [8086:344c] type 00 class 0x088000
[    1.722228] pci 0000:7f:03.3: [8086:344c] type 00 class 0x088000
[    1.722393] pci 0000:7f:0a.0: [8086:344d] type 00 class 0x088000
[    1.722503] pci 0000:7f:0a.1: [8086:344d] type 00 class 0x088000
[    1.722622] pci 0000:7f:0a.2: [8086:344d] type 00 class 0x088000
[    1.722741] pci 0000:7f:0a.3: [8086:344d] type 00 class 0x088000
[    1.722845] pci 0000:7f:0a.4: [8086:344d] type 00 class 0x088000
[    1.722973] pci 0000:7f:0a.5: [8086:344d] type 00 class 0x088000
[    1.723096] pci 0000:7f:0a.6: [8086:344d] type 00 class 0x088000
[    1.723183] pci 0000:7f:0a.7: [8086:344d] type 00 class 0x088000
[    1.723275] pci 0000:7f:0b.0: [8086:344d] type 00 class 0x088000
[    1.723410] pci 0000:7f:0b.1: [8086:344d] type 00 class 0x088000
[    1.723538] pci 0000:7f:0b.2: [8086:344d] type 00 class 0x088000
[    1.723625] pci 0000:7f:0b.3: [8086:344d] type 00 class 0x088000
[    1.723767] pci 0000:7f:0b.4: [8086:344d] type 00 class 0x088000
[    1.723907] pci 0000:7f:0b.5: [8086:344d] type 00 class 0x088000
[    1.724050] pci 0000:7f:0b.6: [8086:344d] type 00 class 0x088000
[    1.724177] pci 0000:7f:0b.7: [8086:344d] type 00 class 0x088000
[    1.724312] pci 0000:7f:0c.0: [8086:344d] type 00 class 0x088000
[    1.724450] pci 0000:7f:0c.1: [8086:344d] type 00 class 0x088000
[    1.724587] pci 0000:7f:0c.2: [8086:344d] type 00 class 0x088000
[    1.724726] pci 0000:7f:0c.3: [8086:344d] type 00 class 0x088000
[    1.724878] pci 0000:7f:0c.4: [8086:344d] type 00 class 0x088000
[    1.725019] pci 0000:7f:0c.5: [8086:344d] type 00 class 0x088000
[    1.725164] pci 0000:7f:0c.6: [8086:344d] type 00 class 0x088000
[    1.725319] pci 0000:7f:0c.7: [8086:344d] type 00 class 0x088000
[    1.725470] pci 0000:7f:0d.0: [8086:344d] type 00 class 0x088000
[    1.725624] pci 0000:7f:0d.1: [8086:344d] type 00 class 0x088000
[    1.725783] pci 0000:7f:0d.2: [8086:344d] type 00 class 0x088000
[    1.725937] pci 0000:7f:0d.3: [8086:344d] type 00 class 0x088000
[    1.726116] pci 0000:7f:1d.0: [8086:344f] type 00 class 0x088000
[    1.726234] pci 0000:7f:1d.1: [8086:3457] type 00 class 0x088000
[    1.726350] pci 0000:7f:1e.0: [8086:3458] type 00 class 0x088000
[    1.726427] pci 0000:7f:1e.1: [8086:3459] type 00 class 0x088000
[    1.726502] pci 0000:7f:1e.2: [8086:345a] type 00 class 0x088000
[    1.726575] pci 0000:7f:1e.3: [8086:345b] type 00 class 0x088000
[    1.726649] pci 0000:7f:1e.4: [8086:345c] type 00 class 0x088000
[    1.726724] pci 0000:7f:1e.5: [8086:345d] type 00 class 0x088000
[    1.726803] pci 0000:7f:1e.6: [8086:345e] type 00 class 0x088000
[    1.726877] pci 0000:7f:1e.7: [8086:345f] type 00 class 0x088000
[    1.726948] pci_bus 0000:7f: on NUMA node 0
[    1.727038] ACPI: PCI Root Bridge [PC06] (domain 0000 [bus 80])
[    1.727040] acpi PNP0A08:06: _OSC: OS supports [ExtendedConfig ASPM ClockPM Segments MSI HPX-Type3]
[    1.727134] acpi PNP0A08:06: PCIe AER handled by firmware
[    1.727239] acpi PNP0A08:06: _OSC: platform does not support [SHPCHotplug]
[    1.727438] acpi PNP0A08:06: _OSC: OS now controls [PCIeHotplug PME PCIeCapability LTR]
[    1.727438] acpi PNP0A08:06: FADT indicates ASPM is unsupported, using BIOS configuration
[    1.727581] PCI host bridge to bus 0000:80
[    1.727582] pci_bus 0000:80: root bus resource [io  0xb000-0xbfff window]
[    1.727583] pci_bus 0000:80: root bus resource [mem 0xc6800000-0xd0ffffff window]
[    1.727583] pci_bus 0000:80: root bus resource [mem 0x250000000000-0x25ffffffffff window]
[    1.727584] pci_bus 0000:80: root bus resource [bus 80]
[    1.727591] pci 0000:80:00.0: [8086:09a2] type 00 class 0x088000
[    1.727671] pci 0000:80:00.1: [8086:09a4] type 00 class 0x088000
[    1.727745] pci 0000:80:00.2: [8086:09a3] type 00 class 0x088000
[    1.727822] pci 0000:80:00.4: [8086:0998] type 00 class 0x060000
[    1.727899] pci 0000:80:02.0: [8086:09a6] type 00 class 0x088000
[    1.727909] pci 0000:80:02.0: reg 0x10: [mem 0xc6aa4000-0xc6aa5fff]
[    1.727973] pci 0000:80:02.1: [8086:09a7] type 00 class 0x088000
[    1.727982] pci 0000:80:02.1: reg 0x10: [mem 0xc6a00000-0xc6a7ffff]
[    1.727987] pci 0000:80:02.1: reg 0x14: [mem 0xc6980000-0xc69fffff]
[    1.728054] pci 0000:80:02.4: [8086:3456] type 00 class 0x130000
[    1.728066] pci 0000:80:02.4: reg 0x10: [mem 0xc6800000-0xc68fffff 64bit]
[    1.728073] pci 0000:80:02.4: reg 0x18: [mem 0xc6aa0000-0xc6aa3fff 64bit]
[    1.728079] pci 0000:80:02.4: reg 0x20: [mem 0xc6a80000-0xc6a9ffff 64bit]
[    1.728139] pci_bus 0000:80: on NUMA node 1
[    1.728206] ACPI: PCI Root Bridge [PC07] (domain 0000 [bus 81])
[    1.728208] acpi PNP0A08:07: _OSC: OS supports [ExtendedConfig ASPM ClockPM Segments MSI HPX-Type3]
[    1.728302] acpi PNP0A08:07: PCIe AER handled by firmware
[    1.728407] acpi PNP0A08:07: _OSC: platform does not support [SHPCHotplug]
[    1.728608] acpi PNP0A08:07: _OSC: OS now controls [PCIeHotplug PME PCIeCapability LTR]
[    1.728609] acpi PNP0A08:07: FADT indicates ASPM is unsupported, using BIOS configuration
[    1.728720] PCI host bridge to bus 0000:81
[    1.728721] pci_bus 0000:81: root bus resource [io  0xc000-0xcfff window]
[    1.728722] pci_bus 0000:81: root bus resource [mem 0xd1000000-0xdbbfffff window]
[    1.728723] pci_bus 0000:81: root bus resource [mem 0x260000000000-0x26ffffffffff window]
[    1.728723] pci_bus 0000:81: root bus resource [bus 81]
[    1.728730] pci 0000:81:00.0: [8086:09a2] type 00 class 0x088000
[    1.728798] pci 0000:81:00.1: [8086:09a4] type 00 class 0x088000
[    1.728864] pci 0000:81:00.2: [8086:09a3] type 00 class 0x088000
[    1.728932] pci 0000:81:00.4: [8086:0998] type 00 class 0x060000
[    1.729012] pci_bus 0000:81: on NUMA node 1
[    1.729070] ACPI: PCI Root Bridge [PC08] (domain 0000 [bus 82])
[    1.729072] acpi PNP0A08:08: _OSC: OS supports [ExtendedConfig ASPM ClockPM Segments MSI HPX-Type3]
[    1.729163] acpi PNP0A08:08: PCIe AER handled by firmware
[    1.729269] acpi PNP0A08:08: _OSC: platform does not support [SHPCHotplug]
[    1.729473] acpi PNP0A08:08: _OSC: OS now controls [PCIeHotplug PME PCIeCapability LTR]
[    1.729474] acpi PNP0A08:08: FADT indicates ASPM is unsupported, using BIOS configuration
[    1.729584] PCI host bridge to bus 0000:82
[    1.729585] pci_bus 0000:82: root bus resource [io  0xd000-0xdfff window]
[    1.729586] pci_bus 0000:82: root bus resource [mem 0xdbc00000-0xe67fffff window]
[    1.729587] pci_bus 0000:82: root bus resource [mem 0x270000000000-0x27ffffffffff window]
[    1.729588] pci_bus 0000:82: root bus resource [bus 82]
[    1.729595] pci 0000:82:00.0: [8086:09a2] type 00 class 0x088000
[    1.729663] pci 0000:82:00.1: [8086:09a4] type 00 class 0x088000
[    1.729732] pci 0000:82:00.2: [8086:09a3] type 00 class 0x088000
[    1.729803] pci 0000:82:00.4: [8086:0998] type 00 class 0x060000
[    1.729883] pci_bus 0000:82: on NUMA node 1
[    1.729967] ACPI: PCI Root Bridge [PC10] (domain 0000 [bus 83-f9])
[    1.729969] acpi PNP0A08:0a: _OSC: OS supports [ExtendedConfig ASPM ClockPM Segments MSI HPX-Type3]
[    1.730063] acpi PNP0A08:0a: PCIe AER handled by firmware
[    1.730172] acpi PNP0A08:0a: _OSC: platform does not support [SHPCHotplug]
[    1.730377] acpi PNP0A08:0a: _OSC: OS now controls [PCIeHotplug PME PCIeCapability LTR]
[    1.730378] acpi PNP0A08:0a: FADT indicates ASPM is unsupported, using BIOS configuration
[    1.730497] PCI host bridge to bus 0000:83
[    1.730498] pci_bus 0000:83: root bus resource [io  0xe000-0xefff window]
[    1.730499] pci_bus 0000:83: root bus resource [mem 0xe6800000-0xf13fffff window]
[    1.730499] pci_bus 0000:83: root bus resource [mem 0x280000000000-0x28ffffffffff window]
[    1.730500] pci_bus 0000:83: root bus resource [bus 83-f9]
[    1.730507] pci 0000:83:00.0: [8086:09a2] type 00 class 0x088000
[    1.730576] pci 0000:83:00.1: [8086:09a4] type 00 class 0x088000
[    1.730644] pci 0000:83:00.2: [8086:09a3] type 00 class 0x088000
[    1.730713] pci 0000:83:00.4: [8086:0998] type 00 class 0x060000
[    1.730792] pci_bus 0000:83: on NUMA node 1
[    1.730854] ACPI: PCI Root Bridge [PC11] (domain 0000 [bus fa])
[    1.730856] acpi PNP0A08:0b: _OSC: OS supports [ExtendedConfig ASPM ClockPM Segments MSI HPX-Type3]
[    1.730949] acpi PNP0A08:0b: PCIe AER handled by firmware
[    1.731057] acpi PNP0A08:0b: _OSC: platform does not support [SHPCHotplug]
[    1.731261] acpi PNP0A08:0b: _OSC: OS now controls [PCIeHotplug PME PCIeCapability LTR]
[    1.731262] acpi PNP0A08:0b: FADT indicates ASPM is unsupported, using BIOS configuration
[    1.731376] PCI host bridge to bus 0000:fa
[    1.731377] pci_bus 0000:fa: root bus resource [io  0xf000-0xffff window]
[    1.731377] pci_bus 0000:fa: root bus resource [mem 0xf1400000-0xfb7fffff window]
[    1.731378] pci_bus 0000:fa: root bus resource [mem 0x290000000000-0x29ffffffffff window]
[    1.731379] pci_bus 0000:fa: root bus resource [bus fa]
[    1.731386] pci 0000:fa:00.0: [8086:09a2] type 00 class 0x088000
[    1.731454] pci 0000:fa:00.1: [8086:09a4] type 00 class 0x088000
[    1.731522] pci 0000:fa:00.2: [8086:09a3] type 00 class 0x088000
[    1.731597] pci 0000:fa:00.4: [8086:0998] type 00 class 0x060000
[    1.731677] pci_bus 0000:fa: on NUMA node 1
[    1.731733] ACPI: PCI Root Bridge [UC16] (domain 0000 [bus fe])
[    1.731735] acpi PNP0A03:02: _OSC: OS supports [ExtendedConfig ASPM ClockPM Segments MSI HPX-Type3]
[    1.731813] acpi PNP0A03:02: PCIe AER handled by firmware
[    1.731903] acpi PNP0A03:02: _OSC: platform does not support [SHPCHotplug LTR]
[    1.732070] acpi PNP0A03:02: _OSC: OS now controls [PCIeHotplug PME PCIeCapability]
[    1.732071] acpi PNP0A03:02: FADT indicates ASPM is unsupported, using BIOS configuration
[    1.732198] PCI host bridge to bus 0000:fe
[    1.732199] pci_bus 0000:fe: root bus resource [bus fe]
[    1.732205] pci 0000:fe:00.0: [8086:3450] type 00 class 0x088000
[    1.732277] pci 0000:fe:00.1: [8086:3451] type 00 class 0x088000
[    1.732342] pci 0000:fe:00.2: [8086:3452] type 00 class 0x088000
[    1.732409] pci 0000:fe:00.3: [8086:0998] type 00 class 0x060000
[    1.732477] pci 0000:fe:00.5: [8086:3455] type 00 class 0x088000
[    1.732548] pci 0000:fe:02.0: [8086:3440] type 00 class 0x088000
[    1.732673] pci 0000:fe:02.1: [8086:3441] type 00 class 0x088000
[    1.732797] pci 0000:fe:02.2: [8086:3442] type 00 class 0x088000
[    1.732914] pci 0000:fe:03.0: [8086:3440] type 00 class 0x088000
[    1.733006] pci 0000:fe:03.1: [8086:3441] type 00 class 0x088000
[    1.733099] pci 0000:fe:03.2: [8086:3442] type 00 class 0x088000
[    1.733190] pci 0000:fe:04.0: [8086:3440] type 00 class 0x088000
[    1.733319] pci 0000:fe:04.1: [8086:3441] type 00 class 0x088000
[    1.733445] pci 0000:fe:04.2: [8086:3442] type 00 class 0x088000
[    1.733569] pci 0000:fe:04.3: [8086:3443] type 00 class 0x088000
[    1.733703] pci 0000:fe:05.0: [8086:3445] type 00 class 0x088000
[    1.733831] pci 0000:fe:05.1: [8086:3446] type 00 class 0x088000
[    1.733952] pci 0000:fe:05.2: [8086:3447] type 00 class 0x088000
[    1.734073] pci 0000:fe:06.0: [8086:3445] type 00 class 0x088000
[    1.734165] pci 0000:fe:06.1: [8086:3446] type 00 class 0x088000
[    1.734253] pci 0000:fe:06.2: [8086:3447] type 00 class 0x088000
[    1.734349] pci 0000:fe:07.0: [8086:3445] type 00 class 0x088000
[    1.734482] pci 0000:fe:07.1: [8086:3446] type 00 class 0x088000
[    1.734614] pci 0000:fe:07.2: [8086:3447] type 00 class 0x088000
[    1.734744] pci 0000:fe:0b.0: [8086:3448] type 00 class 0x088000
[    1.734824] pci 0000:fe:0b.1: [8086:3448] type 00 class 0x088000
[    1.734898] pci 0000:fe:0b.2: [8086:344b] type 00 class 0x088000
[    1.734979] pci 0000:fe:0c.0: [8086:344a] type 00 class 0x110100
[    1.735081] pci 0000:fe:0d.0: [8086:344a] type 00 class 0x110100
[    1.735177] pci 0000:fe:0e.0: [8086:344a] type 00 class 0x110100
[    1.735332] pci 0000:fe:0f.0: [8086:344a] type 00 class 0x110100
[    1.735503] pci 0000:fe:1a.0: [8086:2880] type 00 class 0x110100
[    1.735602] pci 0000:fe:1b.0: [8086:2880] type 00 class 0x110100
[    1.735698] pci 0000:fe:1c.0: [8086:2880] type 00 class 0x110100
[    1.735857] pci 0000:fe:1d.0: [8086:2880] type 00 class 0x110100
[    1.736016] pci_bus 0000:fe: on NUMA node 1
[    1.736087] ACPI: PCI Root Bridge [UC17] (domain 0000 [bus ff])
[    1.736089] acpi PNP0A03:03: _OSC: OS supports [ExtendedConfig ASPM ClockPM Segments MSI HPX-Type3]
[    1.736164] acpi PNP0A03:03: PCIe AER handled by firmware
[    1.736252] acpi PNP0A03:03: _OSC: platform does not support [SHPCHotplug LTR]
[    1.736420] acpi PNP0A03:03: _OSC: OS now controls [PCIeHotplug PME PCIeCapability]
[    1.736420] acpi PNP0A03:03: FADT indicates ASPM is unsupported, using BIOS configuration
[    1.736565] PCI host bridge to bus 0000:ff
[    1.736566] pci_bus 0000:ff: root bus resource [bus ff]
[    1.736576] pci 0000:ff:00.0: [8086:344c] type 00 class 0x088000
[    1.736691] pci 0000:ff:00.1: [8086:344c] type 00 class 0x088000
[    1.736810] pci 0000:ff:00.2: [8086:344c] type 00 class 0x088000
[    1.736917] pci 0000:ff:00.3: [8086:344c] type 00 class 0x088000
[    1.737050] pci 0000:ff:00.4: [8086:344c] type 00 class 0x088000
[    1.737174] pci 0000:ff:00.5: [8086:344c] type 00 class 0x088000
[    1.737276] pci 0000:ff:00.6: [8086:344c] type 00 class 0x088000
[    1.737409] pci 0000:ff:00.7: [8086:344c] type 00 class 0x088000
[    1.737541] pci 0000:ff:01.0: [8086:344c] type 00 class 0x088000
[    1.737682] pci 0000:ff:01.1: [8086:344c] type 00 class 0x088000
[    1.737815] pci 0000:ff:01.2: [8086:344c] type 00 class 0x088000
[    1.737907] pci 0000:ff:01.3: [8086:344c] type 00 class 0x088000
[    1.738055] pci 0000:ff:01.4: [8086:344c] type 00 class 0x088000
[    1.738199] pci 0000:ff:01.5: [8086:344c] type 00 class 0x088000
[    1.738345] pci 0000:ff:01.6: [8086:344c] type 00 class 0x088000
[    1.738478] pci 0000:ff:01.7: [8086:344c] type 00 class 0x088000
[    1.738619] pci 0000:ff:02.0: [8086:344c] type 00 class 0x088000
[    1.738760] pci 0000:ff:02.1: [8086:344c] type 00 class 0x088000
[    1.738898] pci 0000:ff:02.2: [8086:344c] type 00 class 0x088000
[    1.739043] pci 0000:ff:02.3: [8086:344c] type 00 class 0x088000
[    1.739191] pci 0000:ff:02.4: [8086:344c] type 00 class 0x088000
[    1.739334] pci 0000:ff:02.5: [8086:344c] type 00 class 0x088000
[    1.739484] pci 0000:ff:02.6: [8086:344c] type 00 class 0x088000
[    1.739632] pci 0000:ff:02.7: [8086:344c] type 00 class 0x088000
[    1.739790] pci 0000:ff:03.0: [8086:344c] type 00 class 0x088000
[    1.739951] pci 0000:ff:03.1: [8086:344c] type 00 class 0x088000
[    1.740104] pci 0000:ff:03.2: [8086:344c] type 00 class 0x088000
[    1.740268] pci 0000:ff:03.3: [8086:344c] type 00 class 0x088000
[    1.740444] pci 0000:ff:0a.0: [8086:344d] type 00 class 0x088000
[    1.740557] pci 0000:ff:0a.1: [8086:344d] type 00 class 0x088000
[    1.740677] pci 0000:ff:0a.2: [8086:344d] type 00 class 0x088000
[    1.740784] pci 0000:ff:0a.3: [8086:344d] type 00 class 0x088000
[    1.740912] pci 0000:ff:0a.4: [8086:344d] type 00 class 0x088000
[    1.741036] pci 0000:ff:0a.5: [8086:344d] type 00 class 0x088000
[    1.741138] pci 0000:ff:0a.6: [8086:344d] type 00 class 0x088000
[    1.741271] pci 0000:ff:0a.7: [8086:344d] type 00 class 0x088000
[    1.741408] pci 0000:ff:0b.0: [8086:344d] type 00 class 0x088000
[    1.741549] pci 0000:ff:0b.1: [8086:344d] type 00 class 0x088000
[    1.741682] pci 0000:ff:0b.2: [8086:344d] type 00 class 0x088000
[    1.741773] pci 0000:ff:0b.3: [8086:344d] type 00 class 0x088000
[    1.741916] pci 0000:ff:0b.4: [8086:344d] type 00 class 0x088000
[    1.742059] pci 0000:ff:0b.5: [8086:344d] type 00 class 0x088000
[    1.742206] pci 0000:ff:0b.6: [8086:344d] type 00 class 0x088000
[    1.742341] pci 0000:ff:0b.7: [8086:344d] type 00 class 0x088000
[    1.742485] pci 0000:ff:0c.0: [8086:344d] type 00 class 0x088000
[    1.742627] pci 0000:ff:0c.1: [8086:344d] type 00 class 0x088000
[    1.742765] pci 0000:ff:0c.2: [8086:344d] type 00 class 0x088000
[    1.742910] pci 0000:ff:0c.3: [8086:344d] type 00 class 0x088000
[    1.743052] pci 0000:ff:0c.4: [8086:344d] type 00 class 0x088000
[    1.743196] pci 0000:ff:0c.5: [8086:344d] type 00 class 0x088000
[    1.743346] pci 0000:ff:0c.6: [8086:344d] type 00 class 0x088000
[    1.743494] pci 0000:ff:0c.7: [8086:344d] type 00 class 0x088000
[    1.743657] pci 0000:ff:0d.0: [8086:344d] type 00 class 0x088000
[    1.743818] pci 0000:ff:0d.1: [8086:344d] type 00 class 0x088000
[    1.743971] pci 0000:ff:0d.2: [8086:344d] type 00 class 0x088000
[    1.744135] pci 0000:ff:0d.3: [8086:344d] type 00 class 0x088000
[    1.744317] pci 0000:ff:1d.0: [8086:344f] type 00 class 0x088000
[    1.744439] pci 0000:ff:1d.1: [8086:3457] type 00 class 0x088000
[    1.744559] pci 0000:ff:1e.0: [8086:3458] type 00 class 0x088000
[    1.744640] pci 0000:ff:1e.1: [8086:3459] type 00 class 0x088000
[    1.744721] pci 0000:ff:1e.2: [8086:345a] type 00 class 0x088000
[    1.744798] pci 0000:ff:1e.3: [8086:345b] type 00 class 0x088000
[    1.744880] pci 0000:ff:1e.4: [8086:345c] type 00 class 0x088000
[    1.744958] pci 0000:ff:1e.5: [8086:345d] type 00 class 0x088000
[    1.745035] pci 0000:ff:1e.6: [8086:345e] type 00 class 0x088000
[    1.745110] pci 0000:ff:1e.7: [8086:345f] type 00 class 0x088000
[    1.745186] pci_bus 0000:ff: on NUMA node 1
[    1.746633] HMAT: Memory (0x0 length 0x80000000) Flags:0003 Processor Domain:0 Memory Domain:0
[    1.746633] HMAT: Memory (0x100000000 length 0xf80000000) Flags:0003 Processor Domain:0 Memory Domain:0
[    1.746633] HMAT: Memory (0x2080000000 length 0x7e00000000) Flags:0003 Processor Domain:0 Memory Domain:2
[    1.746633] HMAT: Memory (0x1080000000 length 0x1000000000) Flags:0003 Processor Domain:1 Memory Domain:1
[    1.746633] HMAT: Memory (0x9e80000000 length 0x7e00000000) Flags:0003 Processor Domain:1 Memory Domain:3
[    1.746633] HMAT: Locality: Flags:00 Type:Read Latency Initiator Domains:2 Target Domains:4 Base:100
[    1.746633]   Initiator-Target[0-0]:7600 nsec
[    1.746633]   Initiator-Target[0-1]:13560 nsec
[    1.746633]   Initiator-Target[0-2]:25350 nsec
[    1.746633]   Initiator-Target[0-3]:31600 nsec
[    1.746633]   Initiator-Target[1-0]:13560 nsec
[    1.746633]   Initiator-Target[1-1]:7600 nsec
[    1.746633]   Initiator-Target[1-2]:31600 nsec
[    1.746633]   Initiator-Target[1-3]:25350 nsec
[    1.746633] HMAT: Locality: Flags:00 Type:Write Latency Initiator Domains:2 Target Domains:4 Base:100
[    1.746633]   Initiator-Target[0-0]:7600 nsec
[    1.746633]   Initiator-Target[0-1]:13560 nsec
[    1.746633]   Initiator-Target[0-2]:25350 nsec
[    1.746633]   Initiator-Target[0-3]:31600 nsec
[    1.746633]   Initiator-Target[1-0]:13560 nsec
[    1.746633]   Initiator-Target[1-1]:7600 nsec
[    1.746633]   Initiator-Target[1-2]:31600 nsec
[    1.746633]   Initiator-Target[1-3]:25350 nsec
[    1.746633] HMAT: Locality: Flags:00 Type:Read Bandwidth Initiator Domains:2 Target Domains:4 Base:1
[    1.746633]   Initiator-Target[0-0]:1790 MB/s
[    1.746633]   Initiator-Target[0-1]:1790 MB/s
[    1.746633]   Initiator-Target[0-2]:463 MB/s
[    1.746633]   Initiator-Target[0-3]:463 MB/s
[    1.746633]   Initiator-Target[1-0]:1790 MB/s
[    1.746633]   Initiator-Target[1-1]:1790 MB/s
[    1.746633]   Initiator-Target[1-2]:463 MB/s
[    1.746633]   Initiator-Target[1-3]:463 MB/s
[    1.746633] HMAT: Locality: Flags:00 Type:Write Bandwidth Initiator Domains:2 Target Domains:4 Base:1
[    1.746633]   Initiator-Target[0-0]:1910 MB/s
[    1.746633]   Initiator-Target[0-1]:1910 MB/s
[    1.746633]   Initiator-Target[0-2]:138 MB/s
[    1.746633]   Initiator-Target[0-3]:138 MB/s
[    1.746633]   Initiator-Target[1-0]:1910 MB/s
[    1.746633]   Initiator-Target[1-1]:1910 MB/s
[    1.746633]   Initiator-Target[1-2]:138 MB/s
[    1.746633]   Initiator-Target[1-3]:138 MB/s
[    1.746633] WARNING: CPU: 58 PID: 1 at drivers/base/node.c:191 node_set_perf_attrs+0x90/0xb0
[    1.746633] Modules linked in:
[    1.746633] CPU: 58 PID: 1 Comm: swapper/0 Not tainted 5.3.1-multiclock #1
[    1.746633] Hardware name: Dell Inc. PowerEdge R750/0K8F35, BIOS 1.10.2 03/03/2023
[    1.746633] RIP: 0010:node_set_perf_attrs+0x90/0xb0
[    1.746633] Code: f4 02 00 00 4c 89 ea 4c 89 e7 e8 bb bf c7 ff 85 c0 75 24 48 83 c3 08 48 8b 33 48 85 f6 75 e5 5b 41 5a 41 5c 41 5d 41 5e 5d c3 <0f> 0b 5b 41 5a 41 5c 41 5d 41 5e 5d c3 44 89 f6 48 c7 c7 70 5b fa
[    1.746633] RSP: 0000:ffff9f6b8007bd80 EFLAGS: 00010246
[    1.746633] RAX: 0000000000000002 RBX: 0000000000000003 RCX: 0000000000000000
[    1.746633] RDX: 0000000000000000 RSI: ffff8ea5e4406d98 RDI: 0000000000000002
[    1.746633] RBP: ffff9f6b8007bda8 R08: ffff8ea5e44c22c0 R09: 0000000000000000
[    1.746633] R10: ffff8ea5eae0b5f0 R11: ffff8ea5eb074490 R12: ffff8ea5e4406d80
[    1.746633] R13: ffffffff8e6db310 R14: 0000000000000005 R15: ffffffff8e495806
[    1.746633] FS:  0000000000000000(0000) GS:ffff8ea5ebd40000(0000) knlGS:0000000000000000
[    1.746633] CS:  0010 DS: 0000 ES: 0000 CR0: 0000000080050033
[    1.746633] CR2: 0000000000000000 CR3: 0000000f0980a001 CR4: 0000000000760ee0
[    1.746633] DR0: 0000000000000000 DR1: 0000000000000000 DR2: 0000000000000000
[    1.746633] DR3: 0000000000000000 DR6: 00000000fffe0ff0 DR7: 0000000000000400
[    1.746633] PKRU: 55555554
[    1.746633] Call Trace:
[    1.746633]  hmat_init+0x32a/0x43c
[    1.746633]  ? hmat_parse_subtable+0x503/0x503
[    1.746633]  ? set_debug_rodata+0x17/0x17
[    1.746633]  do_one_initcall+0x4a/0x1fa
[    1.746633]  kernel_init_freeable+0x1c6/0x26d
[    1.746633]  ? rest_init+0xb0/0xb0
[    1.746633]  kernel_init+0xe/0x110
[    1.746633]  ret_from_fork+0x1f/0x40
[    1.746633] ---[ end trace 0bea5708fd29b8ee ]---
[    1.746652] pci 0000:03:00.0: vgaarb: setting as boot VGA device
[    1.746652] pci 0000:03:00.0: vgaarb: VGA device added: decodes=io+mem,owns=io+mem,locks=none
[    1.746696] pci 0000:03:00.0: vgaarb: bridge control possible
[    1.746697] vgaarb: loaded
[    1.746807] SCSI subsystem initialized
[    1.750656] libata version 3.00 loaded.
[    1.750662] ACPI: bus type USB registered
[    1.750671] usbcore: registered new interface driver usbfs
[    1.750678] usbcore: registered new interface driver hub
[    1.750935] usbcore: registered new device driver usb
[    1.750958] pps_core: LinuxPPS API ver. 1 registered
[    1.750959] pps_core: Software ver. 5.3.6 - Copyright 2005-2007 Rodolfo Giometti <giometti@linux.it>
[    1.750964] PTP clock support registered
[    1.751144] EDAC MC: Ver: 3.0.0
[    1.751345] Registered efivars operations
[    1.751345] PCI: Using ACPI for IRQ routing
[    1.752449] PCI: pci_cache_line_size set to 64 bytes
[    1.753001] e820: reserve RAM buffer [mem 0x0008f000-0x0008ffff]
[    1.753002] e820: reserve RAM buffer [mem 0x47bcd020-0x47ffffff]
[    1.753003] e820: reserve RAM buffer [mem 0x47bff020-0x47ffffff]
[    1.753004] e820: reserve RAM buffer [mem 0x47c32020-0x47ffffff]
[    1.753005] e820: reserve RAM buffer [mem 0x47c65020-0x47ffffff]
[    1.753006] e820: reserve RAM buffer [mem 0x49e77000-0x4bffffff]
[    1.753006] e820: reserve RAM buffer [mem 0x4b2cf000-0x4bffffff]
[    1.753007] e820: reserve RAM buffer [mem 0x4bd94000-0x4bffffff]
[    1.753008] e820: reserve RAM buffer [mem 0x4ce00000-0x4fffffff]
[    1.753009] e820: reserve RAM buffer [mem 0x5eefe000-0x5fffffff]
[    1.753009] e820: reserve RAM buffer [mem 0x6f800000-0x6fffffff]
[    1.754633] NetLabel: Initializing
[    1.754633] NetLabel:  domain hash size = 128
[    1.754633] NetLabel:  protocols = UNLABELED CIPSOv4 CALIPSO
[    1.754633] NetLabel:  unlabeled traffic allowed by default
[    1.754691] hpet0: at MMIO 0xfed00000, IRQs 2, 8, 0, 0, 0, 0, 0, 0
[    1.754694] hpet0: 8 comparators, 64-bit 24.000000 MHz counter
[    1.758634] clocksource: Switched to clocksource tsc-early
[    1.769633] VFS: Disk quotas dquot_6.6.0
[    1.769674] VFS: Dquot-cache hash table entries: 512 (order 0, 4096 bytes)
[    1.769962] *** VALIDATE hugetlbfs ***
[    1.770090] AppArmor: AppArmor Filesystem Enabled
[    1.770108] pnp: PnP ACPI init
[    1.785786] pnp 00:00: Plug and Play ACPI device, IDs PNP0b00 (active)
[    1.785952] system 00:01: [io  0x0500-0x05fe] has been reserved
[    1.785953] system 00:01: [io  0x0400-0x041f] has been reserved
[    1.785954] system 00:01: [io  0x0600-0x061f] has been reserved
[    1.785955] system 00:01: [io  0x0ca0-0x0ca1] has been reserved
[    1.785956] system 00:01: [io  0x0ca4-0x0ca6] has been reserved
[    1.785958] system 00:01: [mem 0xff000000-0xffffffff] has been reserved
[    1.785961] system 00:01: Plug and Play ACPI device, IDs PNP0c02 (active)
[    1.786208] pnp 00:02: Plug and Play ACPI device, IDs PNP0501 (active)
[    1.786418] pnp 00:03: Plug and Play ACPI device, IDs PNP0501 (active)
[    1.786583] system 00:04: [mem 0xfd000000-0xfdabffff] has been reserved
[    1.786584] system 00:04: [mem 0xfdad0000-0xfdadffff] has been reserved
[    1.786585] system 00:04: [mem 0xfdb00000-0xfdffffff] has been reserved
[    1.786587] system 00:04: [mem 0xfe000000-0xfe00ffff] has been reserved
[    1.786588] system 00:04: [mem 0xfe011000-0xfe01ffff] has been reserved
[    1.786589] system 00:04: [mem 0xfe036000-0xfe03bfff] has been reserved
[    1.786590] system 00:04: [mem 0xfe03d000-0xfe3fffff] has been reserved
[    1.786591] system 00:04: [mem 0xfe410000-0xfe7fffff] has been reserved
[    1.786593] system 00:04: Plug and Play ACPI device, IDs PNP0c02 (active)
[    1.786925] system 00:05: [io  0x1000-0x10fe] has been reserved
[    1.786927] system 00:05: Plug and Play ACPI device, IDs PNP0c02 (active)
[    1.787918] pnp: PnP ACPI: found 6 devices
[    1.789050] thermal_sys: Registered thermal governor 'fair_share'
[    1.789051] thermal_sys: Registered thermal governor 'bang_bang'
[    1.789051] thermal_sys: Registered thermal governor 'step_wise'
[    1.789052] thermal_sys: Registered thermal governor 'user_space'
[    1.789052] thermal_sys: Registered thermal governor 'power_allocator'
[    1.793544] clocksource: acpi_pm: mask: 0xffffff max_cycles: 0xffffff, max_idle_ns: 2085701024 ns
[    1.793566] pci 0000:04:00.0: can't claim BAR 6 [mem 0xfffc0000-0xffffffff pref]: no compatible bridge window
[    1.793567] pci 0000:04:00.1: can't claim BAR 6 [mem 0xfffc0000-0xffffffff pref]: no compatible bridge window
[    1.793568] pci 0000:17:00.0: can't claim BAR 6 [mem 0xfff00000-0xffffffff pref]: no compatible bridge window
[    1.793582] pci 0000:00:1c.5: BAR 14: assigned [mem 0x90000000-0x900fffff]
[    1.793584] pci 0000:00:1c.0: PCI bridge to [bus 01]
[    1.793593] pci 0000:02:00.0: PCI bridge to [bus 03]
[    1.793597] pci 0000:02:00.0:   bridge window [mem 0x92000000-0x928fffff]
[    1.793601] pci 0000:02:00.0:   bridge window [mem 0x91000000-0x91ffffff 64bit pref]
[    1.793606] pci 0000:00:1c.4: PCI bridge to [bus 02-03]
[    1.793609] pci 0000:00:1c.4:   bridge window [mem 0x92000000-0x928fffff]
[    1.793612] pci 0000:00:1c.4:   bridge window [mem 0x91000000-0x91ffffff 64bit pref]
[    1.793617] pci 0000:04:00.0: BAR 6: assigned [mem 0x90000000-0x9003ffff pref]
[    1.793618] pci 0000:04:00.1: BAR 6: assigned [mem 0x90040000-0x9007ffff pref]
[    1.793619] pci 0000:00:1c.5: PCI bridge to [bus 04]
[    1.793621] pci 0000:00:1c.5:   bridge window [mem 0x90000000-0x900fffff]
[    1.793624] pci 0000:00:1c.5:   bridge window [mem 0x92900000-0x929fffff 64bit pref]
[    1.793628] pci_bus 0000:00: resource 4 [io  0x0000-0x0cf7 window]
[    1.793629] pci_bus 0000:00: resource 5 [io  0x1000-0x4fff window]
[    1.793630] pci_bus 0000:00: resource 6 [mem 0x000a0000-0x000bffff window]
[    1.793630] pci_bus 0000:00: resource 7 [mem 0x000c8000-0x000cffff window]
