[    0.000000] Linux version 5.3.1-multiclock (xmu@xmu-PowerEdge-R750) (gcc version 7.5.0 (Ubuntu 7.5.0-3ubuntu1~18.04)) #1 SMP Wed Aug 9 20:46:02 CST 2023
[    0.000000] Command line: BOOT_IMAGE=/boot/vmlinuz-5.3.1-multiclock root=UUID=ce0c24b8-724b-4f33-9b2c-618433560aef ro memmap=45379M!4096M memmap=59G!64G quiet splash nomodeset vt.handoff=1
[    0.000000] KERNEL supported cpus:
[    0.000000]   Intel GenuineIntel
[    0.000000]   AMD AuthenticAMD
[    0.000000]   Hygon HygonGenuine
[    0.000000]   Centaur CentaurHauls
[    0.000000]   zhaoxin   Shanghai  
[    0.000000] x86/fpu: Supporting XSAVE feature 0x001: 'x87 floating point registers'
[    0.000000] x86/fpu: Supporting XSAVE feature 0x002: 'SSE registers'
[    0.000000] x86/fpu: Supporting XSAVE feature 0x004: 'AVX registers'
[    0.000000] x86/fpu: Supporting XSAVE feature 0x020: 'AVX-512 opmask'
[    0.000000] x86/fpu: Supporting XSAVE feature 0x040: 'AVX-512 Hi256'
[    0.000000] x86/fpu: Supporting XSAVE feature 0x080: 'AVX-512 ZMM_Hi256'
[    0.000000] x86/fpu: Supporting XSAVE feature 0x200: 'Protection Keys User registers'
[    0.000000] x86/fpu: xstate_offset[2]:  576, xstate_sizes[2]:  256
[    0.000000] x86/fpu: xstate_offset[5]:  832, xstate_sizes[5]:   64
[    0.000000] x86/fpu: xstate_offset[6]:  896, xstate_sizes[6]:  512
[    0.000000] x86/fpu: xstate_offset[7]: 1408, xstate_sizes[7]: 1024
[    0.000000] x86/fpu: xstate_offset[9]: 2432, xstate_sizes[9]:    8
[    0.000000] x86/fpu: Enabled xstate features 0x2e7, context size is 2440 bytes, using 'compacted' format.
[    0.000000] BIOS-provided physical RAM map:
[    0.000000] BIOS-e820: [mem 0x0000000000000000-0x000000000008efff] usable
[    0.000000] BIOS-e820: [mem 0x000000000008f000-0x000000000008ffff] reserved
[    0.000000] BIOS-e820: [mem 0x0000000000090000-0x000000000009ffff] usable
[    0.000000] BIOS-e820: [mem 0x00000000000a0000-0x00000000000fffff] reserved
[    0.000000] BIOS-e820: [mem 0x0000000000100000-0x0000000049e76fff] usable
[    0.000000] BIOS-e820: [mem 0x0000000049e77000-0x000000004ae76fff] ACPI NVS
[    0.000000] BIOS-e820: [mem 0x000000004ae77000-0x000000004b2cefff] usable
[    0.000000] BIOS-e820: [mem 0x000000004b2cf000-0x000000004b54dfff] ACPI data
[    0.000000] BIOS-e820: [mem 0x000000004b54e000-0x000000004bd93fff] usable
[    0.000000] BIOS-e820: [mem 0x000000004bd94000-0x000000004be99fff] reserved
[    0.000000] BIOS-e820: [mem 0x000000004be9a000-0x000000004cdfffff] usable
[    0.000000] BIOS-e820: [mem 0x000000004ce00000-0x000000004cffffff] reserved
[    0.000000] BIOS-e820: [mem 0x000000004d000000-0x000000005eefdfff] usable
[    0.000000] BIOS-e820: [mem 0x000000005eefe000-0x000000006e3fefff] reserved
[    0.000000] BIOS-e820: [mem 0x000000006e3ff000-0x000000006f3fefff] ACPI NVS
[    0.000000] BIOS-e820: [mem 0x000000006f3ff000-0x000000006f7fefff] ACPI data
[    0.000000] BIOS-e820: [mem 0x000000006f7ff000-0x000000006f7fffff] usable
[    0.000000] BIOS-e820: [mem 0x000000006f800000-0x000000008fffffff] reserved
[    0.000000] BIOS-e820: [mem 0x00000000fe000000-0x00000000fe010fff] reserved
[    0.000000] BIOS-e820: [mem 0x0000000100000000-0x000000207fffffff] usable
[    0.000000] BIOS-e820: [mem 0x0000002080000000-0x0000011c7fffffff] persistent (type 7)
[    0.000000] BIOS-e820: [mem 0x00001ffc00000000-0x00001fffffffffff] reserved
[    0.000000] NX (Execute Disable) protection: active
[    0.000000] e820: update [mem 0x47c65020-0x47c6d05f] usable ==> usable
[    0.000000] e820: update [mem 0x47c65020-0x47c6d05f] usable ==> usable
[    0.000000] e820: update [mem 0x47c32020-0x47c64c5f] usable ==> usable
[    0.000000] e820: update [mem 0x47c32020-0x47c64c5f] usable ==> usable
[    0.000000] e820: update [mem 0x47bff020-0x47c31c5f] usable ==> usable
[    0.000000] e820: update [mem 0x47bff020-0x47c31c5f] usable ==> usable
[    0.000000] e820: update [mem 0x47bcd020-0x47bfea5f] usable ==> usable
[    0.000000] e820: update [mem 0x47bcd020-0x47bfea5f] usable ==> usable
[    0.000000] extended physical RAM map:
[    0.000000] reserve setup_data: [mem 0x0000000000000000-0x000000000008efff] usable
[    0.000000] reserve setup_data: [mem 0x000000000008f000-0x000000000008ffff] reserved
[    0.000000] reserve setup_data: [mem 0x0000000000090000-0x000000000009ffff] usable
[    0.000000] reserve setup_data: [mem 0x00000000000a0000-0x00000000000fffff] reserved
[    0.000000] reserve setup_data: [mem 0x0000000000100000-0x0000000047bcd01f] usable
[    0.000000] reserve setup_data: [mem 0x0000000047bcd020-0x0000000047bfea5f] usable
[    0.000000] reserve setup_data: [mem 0x0000000047bfea60-0x0000000047bff01f] usable
[    0.000000] reserve setup_data: [mem 0x0000000047bff020-0x0000000047c31c5f] usable
[    0.000000] reserve setup_data: [mem 0x0000000047c31c60-0x0000000047c3201f] usable
[    0.000000] reserve setup_data: [mem 0x0000000047c32020-0x0000000047c64c5f] usable
[    0.000000] reserve setup_data: [mem 0x0000000047c64c60-0x0000000047c6501f] usable
[    0.000000] reserve setup_data: [mem 0x0000000047c65020-0x0000000047c6d05f] usable
[    0.000000] reserve setup_data: [mem 0x0000000047c6d060-0x0000000049e76fff] usable
[    0.000000] reserve setup_data: [mem 0x0000000049e77000-0x000000004ae76fff] ACPI NVS
[    0.000000] reserve setup_data: [mem 0x000000004ae77000-0x000000004b2cefff] usable
[    0.000000] reserve setup_data: [mem 0x000000004b2cf000-0x000000004b54dfff] ACPI data
[    0.000000] reserve setup_data: [mem 0x000000004b54e000-0x000000004bd93fff] usable
[    0.000000] reserve setup_data: [mem 0x000000004bd94000-0x000000004be99fff] reserved
[    0.000000] reserve setup_data: [mem 0x000000004be9a000-0x000000004cdfffff] usable
[    0.000000] reserve setup_data: [mem 0x000000004ce00000-0x000000004cffffff] reserved
[    0.000000] reserve setup_data: [mem 0x000000004d000000-0x000000005eefdfff] usable
[    0.000000] reserve setup_data: [mem 0x000000005eefe000-0x000000006e3fefff] reserved
[    0.000000] reserve setup_data: [mem 0x000000006e3ff000-0x000000006f3fefff] ACPI NVS
[    0.000000] reserve setup_data: [mem 0x000000006f3ff000-0x000000006f7fefff] ACPI data
[    0.000000] reserve setup_data: [mem 0x000000006f7ff000-0x000000006f7fffff] usable
[    0.000000] reserve setup_data: [mem 0x000000006f800000-0x000000008fffffff] reserved
[    0.000000] reserve setup_data: [mem 0x00000000fe000000-0x00000000fe010fff] reserved
[    0.000000] reserve setup_data: [mem 0x0000000100000000-0x0000000c142fffff] persistent (type 12)
[    0.000000] reserve setup_data: [mem 0x0000000c14300000-0x0000000fffffffff] usable
[    0.000000] reserve setup_data: [mem 0x0000001000000000-0x0000001ebfffffff] persistent (type 12)
[    0.000000] reserve setup_data: [mem 0x0000001ec0000000-0x000000207fffffff] usable
[    0.000000] reserve setup_data: [mem 0x0000002080000000-0x0000011c7fffffff] persistent (type 7)
[    0.000000] reserve setup_data: [mem 0x00001ffc00000000-0x00001fffffffffff] reserved
[    0.000000] user-defined physical RAM map:
[    0.000000] user: [mem 0x0000000000000000-0x000000000008efff] usable
[    0.000000] user: [mem 0x000000000008f000-0x000000000008ffff] reserved
[    0.000000] user: [mem 0x0000000000090000-0x000000000009ffff] usable
[    0.000000] user: [mem 0x00000000000a0000-0x00000000000fffff] reserved
[    0.000000] user: [mem 0x0000000000100000-0x0000000047bcd01f] usable
[    0.000000] user: [mem 0x0000000047bcd020-0x0000000047bfea5f] usable
[    0.000000] user: [mem 0x0000000047bfea60-0x0000000047bff01f] usable
[    0.000000] user: [mem 0x0000000047bff020-0x0000000047c31c5f] usable
[    0.000000] user: [mem 0x0000000047c31c60-0x0000000047c3201f] usable
[    0.000000] user: [mem 0x0000000047c32020-0x0000000047c64c5f] usable
[    0.000000] user: [mem 0x0000000047c64c60-0x0000000047c6501f] usable
[    0.000000] user: [mem 0x0000000047c65020-0x0000000047c6d05f] usable
[    0.000000] user: [mem 0x0000000047c6d060-0x0000000049e76fff] usable
[    0.000000] user: [mem 0x0000000049e77000-0x000000004ae76fff] ACPI NVS
[    0.000000] user: [mem 0x000000004ae77000-0x000000004b2cefff] usable
[    0.000000] user: [mem 0x000000004b2cf000-0x000000004b54dfff] ACPI data
[    0.000000] user: [mem 0x000000004b54e000-0x000000004bd93fff] usable
[    0.000000] user: [mem 0x000000004bd94000-0x000000004be99fff] reserved
[    0.000000] user: [mem 0x000000004be9a000-0x000000004cdfffff] usable
[    0.000000] user: [mem 0x000000004ce00000-0x000000004cffffff] reserved
[    0.000000] user: [mem 0x000000004d000000-0x000000005eefdfff] usable
[    0.000000] user: [mem 0x000000005eefe000-0x000000006e3fefff] reserved
[    0.000000] user: [mem 0x000000006e3ff000-0x000000006f3fefff] ACPI NVS
[    0.000000] user: [mem 0x000000006f3ff000-0x000000006f7fefff] ACPI data
[    0.000000] user: [mem 0x000000006f7ff000-0x000000006f7fffff] usable
[    0.000000] user: [mem 0x000000006f800000-0x000000008fffffff] reserved
[    0.000000] user: [mem 0x00000000fe000000-0x00000000fe010fff] reserved
[    0.000000] user: [mem 0x0000000100000000-0x0000000c142fffff] persistent (type 12)
[    0.000000] user: [mem 0x0000000c14300000-0x0000000fffffffff] usable
[    0.000000] user: [mem 0x0000001000000000-0x0000001ebfffffff] persistent (type 12)
[    0.000000] user: [mem 0x0000001ec0000000-0x000000207fffffff] usable
[    0.000000] user: [mem 0x0000002080000000-0x0000011c7fffffff] persistent (type 7)
[    0.000000] user: [mem 0x00001ffc00000000-0x00001fffffffffff] reserved
[    0.000000] efi: EFI v2.70 by Dell Inc.
[    0.000000] efi:  ACPI=0x6f7fe000  ACPI 2.0=0x6f7fe014  MEMATTR=0x5a215220  SMBIOS=0x69526000  SMBIOS 3.0=0x69524000 
[    0.000000] SMBIOS 3.3.0 present.
[    0.000000] DMI: Dell Inc. PowerEdge R750/0K8F35, BIOS 1.10.2 03/03/2023
[    0.000000] tsc: Detected 2000.000 MHz processor
[    0.000009] e820: update [mem 0x00000000-0x00000fff] usable ==> reserved
[    0.000011] e820: remove [mem 0x000a0000-0x000fffff] usable
[    0.000019] last_pfn = 0x2080000 max_arch_pfn = 0x400000000
[    0.000022] MTRR default type: uncachable
[    0.000022] MTRR fixed ranges enabled:
[    0.000023]   00000-9FFFF write-back
[    0.000024]   A0000-BFFFF uncachable
[    0.000025]   C0000-FFFFF write-protect
[    0.000026] MTRR variable ranges enabled:
[    0.000027]   0 base 000000000000 mask 3E0000000000 write-back
[    0.000028]   1 base 000080000000 mask 3FFF80000000 uncachable
[    0.000028]   2 base 00007F000000 mask 3FFFFF000000 uncachable
[    0.000029]   3 disabled
[    0.000029]   4 disabled
[    0.000030]   5 disabled
[    0.000030]   6 disabled
[    0.000030]   7 disabled
[    0.000031]   8 disabled
[    0.000031]   9 disabled
[    0.000905] x86/PAT: Configuration [0-7]: WB  WC  UC- UC  WB  WP  UC- WT  
[    0.002019] total RAM covered: 2095088M
[    0.002103]  gran_size: 64K 	chunk_size: 64K 	num_reg: 10  	lose cover RAM: 2016G
[    0.002104]  gran_size: 64K 	chunk_size: 128K 	num_reg: 10  	lose cover RAM: 2016G
[    0.002105]  gran_size: 64K 	chunk_size: 256K 	num_reg: 10  	lose cover RAM: 2016G
[    0.002106]  gran_size: 64K 	chunk_size: 512K 	num_reg: 10  	lose cover RAM: 2016G
[    0.002107]  gran_size: 64K 	chunk_size: 1M 	num_reg: 10  	lose cover RAM: 2016G
[    0.002107]  gran_size: 64K 	chunk_size: 2M 	num_reg: 10  	lose cover RAM: 2016G
[    0.002108]  gran_size: 64K 	chunk_size: 4M 	num_reg: 10  	lose cover RAM: 2016G
[    0.002109]  gran_size: 64K 	chunk_size: 8M 	num_reg: 10  	lose cover RAM: 2016G
[    0.002109]  gran_size: 64K 	chunk_size: 16M 	num_reg: 10  	lose cover RAM: 2016G
[    0.002110]  gran_size: 64K 	chunk_size: 32M 	num_reg: 10  	lose cover RAM: 1024G
[    0.002111]  gran_size: 64K 	chunk_size: 64M 	num_reg: 10  	lose cover RAM: 1024G
[    0.002111]  gran_size: 64K 	chunk_size: 128M 	num_reg: 10  	lose cover RAM: 1024G
[    0.002112]  gran_size: 64K 	chunk_size: 256M 	num_reg: 10  	lose cover RAM: 1024G
[    0.002113]  gran_size: 64K 	chunk_size: 512M 	num_reg: 10  	lose cover RAM: 1024G
[    0.002113]  gran_size: 64K 	chunk_size: 1G 	num_reg: 10  	lose cover RAM: 1024G
[    0.002114]  gran_size: 64K 	chunk_size: 2G 	num_reg: 10  	lose cover RAM: 1024G
[    0.002115]  gran_size: 128K 	chunk_size: 128K 	num_reg: 10  	lose cover RAM: 2016G
[    0.002115]  gran_size: 128K 	chunk_size: 256K 	num_reg: 10  	lose cover RAM: 2016G
[    0.002116]  gran_size: 128K 	chunk_size: 512K 	num_reg: 10  	lose cover RAM: 2016G
[    0.002117]  gran_size: 128K 	chunk_size: 1M 	num_reg: 10  	lose cover RAM: 2016G
[    0.002117]  gran_size: 128K 	chunk_size: 2M 	num_reg: 10  	lose cover RAM: 2016G
[    0.002118]  gran_size: 128K 	chunk_size: 4M 	num_reg: 10  	lose cover RAM: 2016G
[    0.002119]  gran_size: 128K 	chunk_size: 8M 	num_reg: 10  	lose cover RAM: 2016G
[    0.002119]  gran_size: 128K 	chunk_size: 16M 	num_reg: 10  	lose cover RAM: 2016G
[    0.002120]  gran_size: 128K 	chunk_size: 32M 	num_reg: 10  	lose cover RAM: 1024G
[    0.002121]  gran_size: 128K 	chunk_size: 64M 	num_reg: 10  	lose cover RAM: 1024G
[    0.002122]  gran_size: 128K 	chunk_size: 128M 	num_reg: 10  	lose cover RAM: 1024G
[    0.002122]  gran_size: 128K 	chunk_size: 256M 	num_reg: 10  	lose cover RAM: 1024G
[    0.002123]  gran_size: 128K 	chunk_size: 512M 	num_reg: 10  	lose cover RAM: 1024G
[    0.002124]  gran_size: 128K 	chunk_size: 1G 	num_reg: 10  	lose cover RAM: 1024G
[    0.002124]  gran_size: 128K 	chunk_size: 2G 	num_reg: 10  	lose cover RAM: 1024G
[    0.002125]  gran_size: 256K 	chunk_size: 256K 	num_reg: 10  	lose cover RAM: 2016G
[    0.002126]  gran_size: 256K 	chunk_size: 512K 	num_reg: 10  	lose cover RAM: 2016G
[    0.002126]  gran_size: 256K 	chunk_size: 1M 	num_reg: 10  	lose cover RAM: 2016G
[    0.002127]  gran_size: 256K 	chunk_size: 2M 	num_reg: 10  	lose cover RAM: 2016G
[    0.002128]  gran_size: 256K 	chunk_size: 4M 	num_reg: 10  	lose cover RAM: 2016G
[    0.002128]  gran_size: 256K 	chunk_size: 8M 	num_reg: 10  	lose cover RAM: 2016G
[    0.002129]  gran_size: 256K 	chunk_size: 16M 	num_reg: 10  	lose cover RAM: 2016G
[    0.002130]  gran_size: 256K 	chunk_size: 32M 	num_reg: 10  	lose cover RAM: 1024G
[    0.002131]  gran_size: 256K 	chunk_size: 64M 	num_reg: 10  	lose cover RAM: 1024G
[    0.002131]  gran_size: 256K 	chunk_size: 128M 	num_reg: 10  	lose cover RAM: 1024G
[    0.002132]  gran_size: 256K 	chunk_size: 256M 	num_reg: 10  	lose cover RAM: 1024G
[    0.002133]  gran_size: 256K 	chunk_size: 512M 	num_reg: 10  	lose cover RAM: 1024G
[    0.002133]  gran_size: 256K 	chunk_size: 1G 	num_reg: 10  	lose cover RAM: 1024G
[    0.002134]  gran_size: 256K 	chunk_size: 2G 	num_reg: 10  	lose cover RAM: 1024G
[    0.002135]  gran_size: 512K 	chunk_size: 512K 	num_reg: 10  	lose cover RAM: 2016G
[    0.002135]  gran_size: 512K 	chunk_size: 1M 	num_reg: 10  	lose cover RAM: 2016G
[    0.002136]  gran_size: 512K 	chunk_size: 2M 	num_reg: 10  	lose cover RAM: 2016G
[    0.002137]  gran_size: 512K 	chunk_size: 4M 	num_reg: 10  	lose cover RAM: 2016G
[    0.002137]  gran_size: 512K 	chunk_size: 8M 	num_reg: 10  	lose cover RAM: 2016G
[    0.002138]  gran_size: 512K 	chunk_size: 16M 	num_reg: 10  	lose cover RAM: 2016G
[    0.002139]  gran_size: 512K 	chunk_size: 32M 	num_reg: 10  	lose cover RAM: 1024G
[    0.002139]  gran_size: 512K 	chunk_size: 64M 	num_reg: 10  	lose cover RAM: 1024G
[    0.002140]  gran_size: 512K 	chunk_size: 128M 	num_reg: 10  	lose cover RAM: 1024G
[    0.002141]  gran_size: 512K 	chunk_size: 256M 	num_reg: 10  	lose cover RAM: 1024G
[    0.002141]  gran_size: 512K 	chunk_size: 512M 	num_reg: 10  	lose cover RAM: 1024G
[    0.002142]  gran_size: 512K 	chunk_size: 1G 	num_reg: 10  	lose cover RAM: 1024G
[    0.002143]  gran_size: 512K 	chunk_size: 2G 	num_reg: 10  	lose cover RAM: 1024G
[    0.002143]  gran_size: 1M 	chunk_size: 1M 	num_reg: 10  	lose cover RAM: 2016G
[    0.002144]  gran_size: 1M 	chunk_size: 2M 	num_reg: 10  	lose cover RAM: 2016G
[    0.002145]  gran_size: 1M 	chunk_size: 4M 	num_reg: 10  	lose cover RAM: 2016G
[    0.002145]  gran_size: 1M 	chunk_size: 8M 	num_reg: 10  	lose cover RAM: 2016G
[    0.002146]  gran_size: 1M 	chunk_size: 16M 	num_reg: 10  	lose cover RAM: 2016G
[    0.002147]  gran_size: 1M 	chunk_size: 32M 	num_reg: 10  	lose cover RAM: 1024G
[    0.002147]  gran_size: 1M 	chunk_size: 64M 	num_reg: 10  	lose cover RAM: 1024G
[    0.002148]  gran_size: 1M 	chunk_size: 128M 	num_reg: 10  	lose cover RAM: 1024G
[    0.002149]  gran_size: 1M 	chunk_size: 256M 	num_reg: 10  	lose cover RAM: 1024G
[    0.002149]  gran_size: 1M 	chunk_size: 512M 	num_reg: 10  	lose cover RAM: 1024G
[    0.002150]  gran_size: 1M 	chunk_size: 1G 	num_reg: 10  	lose cover RAM: 1024G
[    0.002151]  gran_size: 1M 	chunk_size: 2G 	num_reg: 10  	lose cover RAM: 1024G
[    0.002151]  gran_size: 2M 	chunk_size: 2M 	num_reg: 10  	lose cover RAM: 2016G
[    0.002152]  gran_size: 2M 	chunk_size: 4M 	num_reg: 10  	lose cover RAM: 2016G
[    0.002153]  gran_size: 2M 	chunk_size: 8M 	num_reg: 10  	lose cover RAM: 2016G
[    0.002153]  gran_size: 2M 	chunk_size: 16M 	num_reg: 10  	lose cover RAM: 2016G
[    0.002154]  gran_size: 2M 	chunk_size: 32M 	num_reg: 10  	lose cover RAM: 1024G
[    0.002155]  gran_size: 2M 	chunk_size: 64M 	num_reg: 10  	lose cover RAM: 1024G
[    0.002155]  gran_size: 2M 	chunk_size: 128M 	num_reg: 10  	lose cover RAM: 1024G
[    0.002156]  gran_size: 2M 	chunk_size: 256M 	num_reg: 10  	lose cover RAM: 1024G
[    0.002157]  gran_size: 2M 	chunk_size: 512M 	num_reg: 10  	lose cover RAM: 1024G
[    0.002157]  gran_size: 2M 	chunk_size: 1G 	num_reg: 10  	lose cover RAM: 1024G
[    0.002158]  gran_size: 2M 	chunk_size: 2G 	num_reg: 10  	lose cover RAM: 1024G
[    0.002159]  gran_size: 4M 	chunk_size: 4M 	num_reg: 10  	lose cover RAM: 2016G
[    0.002159]  gran_size: 4M 	chunk_size: 8M 	num_reg: 10  	lose cover RAM: 2016G
[    0.002160]  gran_size: 4M 	chunk_size: 16M 	num_reg: 10  	lose cover RAM: 2016G
[    0.002161]  gran_size: 4M 	chunk_size: 32M 	num_reg: 10  	lose cover RAM: 1024G
[    0.002161]  gran_size: 4M 	chunk_size: 64M 	num_reg: 10  	lose cover RAM: 1024G
[    0.002162]  gran_size: 4M 	chunk_size: 128M 	num_reg: 10  	lose cover RAM: 1024G
[    0.002163]  gran_size: 4M 	chunk_size: 256M 	num_reg: 10  	lose cover RAM: 1024G
[    0.002164]  gran_size: 4M 	chunk_size: 512M 	num_reg: 10  	lose cover RAM: 1024G
[    0.002164]  gran_size: 4M 	chunk_size: 1G 	num_reg: 10  	lose cover RAM: 1024G
[    0.002165]  gran_size: 4M 	chunk_size: 2G 	num_reg: 10  	lose cover RAM: 1024G
[    0.002166]  gran_size: 8M 	chunk_size: 8M 	num_reg: 10  	lose cover RAM: 2016G
[    0.002166]  gran_size: 8M 	chunk_size: 16M 	num_reg: 10  	lose cover RAM: 2016G
[    0.002167]  gran_size: 8M 	chunk_size: 32M 	num_reg: 10  	lose cover RAM: 1024G
[    0.002168]  gran_size: 8M 	chunk_size: 64M 	num_reg: 10  	lose cover RAM: 1024G
[    0.002168]  gran_size: 8M 	chunk_size: 128M 	num_reg: 10  	lose cover RAM: 1024G
[    0.002169]  gran_size: 8M 	chunk_size: 256M 	num_reg: 10  	lose cover RAM: 1024G
[    0.002170]  gran_size: 8M 	chunk_size: 512M 	num_reg: 10  	lose cover RAM: 1024G
[    0.002170]  gran_size: 8M 	chunk_size: 1G 	num_reg: 10  	lose cover RAM: 1024G
[    0.002171]  gran_size: 8M 	chunk_size: 2G 	num_reg: 10  	lose cover RAM: 1024G
[    0.002171]  gran_size: 16M 	chunk_size: 16M 	num_reg: 10  	lose cover RAM: 2016G
[    0.002172]  gran_size: 16M 	chunk_size: 32M 	num_reg: 10  	lose cover RAM: 1024G
[    0.002173]  gran_size: 16M 	chunk_size: 64M 	num_reg: 10  	lose cover RAM: 1024G
[    0.002174]  gran_size: 16M 	chunk_size: 128M 	num_reg: 10  	lose cover RAM: 1024G
[    0.002174]  gran_size: 16M 	chunk_size: 256M 	num_reg: 10  	lose cover RAM: 1024G
[    0.002175]  gran_size: 16M 	chunk_size: 512M 	num_reg: 10  	lose cover RAM: 1024G
[    0.002176]  gran_size: 16M 	chunk_size: 1G 	num_reg: 10  	lose cover RAM: 1024G
[    0.002176]  gran_size: 16M 	chunk_size: 2G 	num_reg: 10  	lose cover RAM: 1024G
[    0.002177]  gran_size: 32M 	chunk_size: 32M 	num_reg: 10  	lose cover RAM: 2031632M
[    0.002178]  gran_size: 32M 	chunk_size: 64M 	num_reg: 10  	lose cover RAM: 1048592M
[    0.002178]  gran_size: 32M 	chunk_size: 128M 	num_reg: 10  	lose cover RAM: 1048592M
[    0.002179]  gran_size: 32M 	chunk_size: 256M 	num_reg: 10  	lose cover RAM: 1048592M
[    0.002180]  gran_size: 32M 	chunk_size: 512M 	num_reg: 10  	lose cover RAM: 1048592M
[    0.002181]  gran_size: 32M 	chunk_size: 1G 	num_reg: 10  	lose cover RAM: 1048592M
[    0.002181]  gran_size: 32M 	chunk_size: 2G 	num_reg: 10  	lose cover RAM: 1048592M
[    0.002182]  gran_size: 64M 	chunk_size: 64M 	num_reg: 10  	lose cover RAM: 1966128M
[    0.002183]  gran_size: 64M 	chunk_size: 128M 	num_reg: 10  	lose cover RAM: 1048624M
[    0.002183]  gran_size: 64M 	chunk_size: 256M 	num_reg: 10  	lose cover RAM: 1048624M
[    0.002184]  gran_size: 64M 	chunk_size: 512M 	num_reg: 10  	lose cover RAM: 1048624M
[    0.002185]  gran_size: 64M 	chunk_size: 1G 	num_reg: 10  	lose cover RAM: 1048624M
[    0.002185]  gran_size: 64M 	chunk_size: 2G 	num_reg: 10  	lose cover RAM: 1048624M
[    0.002186]  gran_size: 128M 	chunk_size: 128M 	num_reg: 10  	lose cover RAM: 1835120M
[    0.002187]  gran_size: 128M 	chunk_size: 256M 	num_reg: 10  	lose cover RAM: 1048688M
[    0.002187]  gran_size: 128M 	chunk_size: 512M 	num_reg: 10  	lose cover RAM: 1048688M
[    0.002188]  gran_size: 128M 	chunk_size: 1G 	num_reg: 10  	lose cover RAM: 1048688M
[    0.002189]  gran_size: 128M 	chunk_size: 2G 	num_reg: 10  	lose cover RAM: 1048688M
[    0.002189]  gran_size: 256M 	chunk_size: 256M 	num_reg: 10  	lose cover RAM: 1573104M
[    0.002190]  gran_size: 256M 	chunk_size: 512M 	num_reg: 10  	lose cover RAM: 1048816M
[    0.002191]  gran_size: 256M 	chunk_size: 1G 	num_reg: 10  	lose cover RAM: 1048816M
[    0.002191]  gran_size: 256M 	chunk_size: 2G 	num_reg: 10  	lose cover RAM: 1048816M
[    0.002192]  gran_size: 512M 	chunk_size: 512M 	num_reg: 10  	lose cover RAM: 1049072M
[    0.002193]  gran_size: 512M 	chunk_size: 1G 	num_reg: 10  	lose cover RAM: 1049072M
[    0.002193]  gran_size: 512M 	chunk_size: 2G 	num_reg: 10  	lose cover RAM: 1049072M
[    0.002194]  gran_size: 1G 	chunk_size: 1G 	num_reg: 10  	lose cover RAM: 1008M
[    0.002195]  gran_size: 1G 	chunk_size: 2G 	num_reg: 10  	lose cover RAM: 1008M
[    0.002196]  gran_size: 2G 	chunk_size: 2G 	num_reg: 9  	lose cover RAM: 2032M
[    0.002196] mtrr_cleanup: can not find optimal value
[    0.002197] please specify mtrr_gran_size/mtrr_chunk_size
[    0.002199] e820: update [mem 0x7f000000-0xffffffff] usable ==> reserved
[    0.002201] x2apic: enabled by BIOS, switching to x2apic ops
[    0.002202] last_pfn = 0x6f800 max_arch_pfn = 0x400000000
[    0.013595] check: Scanning 1 areas for low memory corruption
[    0.013600] Using GB pages for direct mapping
[    0.013601] BRK [0x1f99001000, 0x1f99001fff] PGTABLE
[    0.013603] BRK [0x1f99002000, 0x1f99002fff] PGTABLE
[    0.013604] BRK [0x1f99003000, 0x1f99003fff] PGTABLE
[    0.013647] BRK [0x1f99004000, 0x1f99004fff] PGTABLE
[    0.013745] BRK [0x1f99005000, 0x1f99005fff] PGTABLE
[    0.013807] BRK [0x1f99006000, 0x1f99006fff] PGTABLE
[    0.013916] BRK [0x1f99007000, 0x1f99007fff] PGTABLE
[    0.014037] BRK [0x1f99008000, 0x1f99008fff] PGTABLE
[    0.014135] BRK [0x1f99009000, 0x1f99009fff] PGTABLE
[    0.014254] BRK [0x1f9900a000, 0x1f9900afff] PGTABLE
[    0.014331] BRK [0x1f9900b000, 0x1f9900bfff] PGTABLE
[    0.014508] BRK [0x1f9900c000, 0x1f9900cfff] PGTABLE
[    0.014751] Secure boot disabled
[    0.014752] RAMDISK: [mem 0x2065920000-0x207fffffff]
[    0.014758] ACPI: Early table checksum verification disabled
[    0.014761] ACPI: RSDP 0x000000006F7FE014 000024 (v02 DELL  )
[    0.014764] ACPI: XSDT 0x000000006F41C188 0000F4 (v01 DELL   PE_SC3   00000000 DELL 01000013)
[    0.014769] ACPI: FACP 0x000000006F430000 000114 (v06 DELL   PE_SC3   00000000 DELL 00000001)
[    0.014774] ACPI: DSDT 0x000000004B4CE000 07FAD3 (v02 DELL   PE_SC3   00000003 DELL 00000001)
[    0.014776] ACPI: FACS 0x000000006F2F2000 000040
[    0.014779] ACPI: SSDT 0x000000006F7FB000 00159A (v02 INTEL  RAS_ACPI 00000001 INTL 20210331)
[    0.014782] ACPI: SSDT 0x000000006F7FA000 000745 (v02 INTEL  ADDRXLAT 00000001 INTL 20210331)
[    0.014784] ACPI: MCEJ 0x000000006F7F9000 000130 (v01 INTEL           00000001 INTL 0100000D)
[    0.014787] ACPI: BERT 0x000000006F7F8000 000030 (v01 DELL   PE_SC3   00000001 INTL 00000001)
[    0.014790] ACPI: ERST 0x000000006F7F7000 000230 (v01 DELL   PE_SC3   00000001 INTL 00000001)
[    0.014792] ACPI: SSDT 0x000000006F431000 3C524E (v02 INTEL  SSDTNVDR 00001000 INTL 20210331)
[    0.014795] ACPI: HMAT 0x000000006F42F000 000210 (v01 DELL   PE_SC3   00000001 DELL 00000001)
[    0.014797] ACPI: HPET 0x000000006F42E000 000038 (v01 DELL   PE_SC3   00000001 DELL 00000001)
[    0.014800] ACPI: MCFG 0x000000006F42D000 00003C (v01 DELL   PE_SC3   00000001 DELL 00000001)
[    0.014802] ACPI: MIGT 0x000000006F42C000 000040 (v01 DELL   PE_SC3   00000000 DELL 00000001)
[    0.014805] ACPI: MSCT 0x000000006F42B000 000090 (v01 DELL   PE_SC3   00000001 DELL 00000001)
[    0.014808] ACPI: PMTT 0x000000006F429000 0011E8 (v02 DELL   PE_SC3   00000001 DELL 00000001)
[    0.014810] ACPI: WSMT 0x000000006F428000 000028 (v01 DELL   PE_SC3   00000000 DELL 00000001)
[    0.014813] ACPI: APIC 0x000000006F427000 00075E (v04 DELL   PE_SC3   00000000 DELL 00000001)
[    0.014815] ACPI: SLIT 0x000000006F426000 00003C (v01 DELL   PE_SC3   00000001 DELL 01000013)
[    0.014818] ACPI: SRAT 0x000000006F41F000 006430 (v03 DELL   PE_SC3   00000002 DELL 01000013)
[    0.014820] ACPI: OEM4 0x000000004B346000 187A61 (v02 INTEL  CPU  CST 00003000 INTL 20210331)
[    0.014823] ACPI: SSDT 0x000000004B2CF000 0764A5 (v02 INTEL  SSDT  PM 00004000 INTL 20210331)
[    0.014826] ACPI: SSDT 0x000000006F41E000 000A1F (v02 DELL   PE_SC3   00000000 DELL 00000001)
[    0.014829] ACPI: HEST 0x000000006F41D000 00017C (v01 DELL   PE_SC3   00000001 INTL 00000001)
[    0.014831] ACPI: PCAT 0x000000006F41B000 00010C (v19 DELL   PE_SC3   00000002 DELL 00000001)
[    0.014834] ACPI: SSDT 0x000000006F413000 007299 (v02 INTEL  SpsNm    00000002 INTL 20210331)
[    0.014837] ACPI: SSDT 0x000000006F412000 000426 (v02 DELL   PE_SC3   00000002 DELL 00000001)
[    0.014839] ACPI: NFIT 0x000000006F7FD000 000488 (v01 DELL   PE_SC3   00000002 DELL 00000001)
[    0.014842] ACPI: DMAR 0x000000006F411000 000158 (v01 DELL   PE_SC3   00000001 DELL 00000001)
[    0.014849] ACPI: Local APIC address 0xfee00000
[    0.014851] Setting APIC routing to cluster x2apic.
[    0.014897] SRAT: PXM 0 -> APIC 0x0000 -> Node 0
[    0.014898] SRAT: PXM 0 -> APIC 0x0001 -> Node 0
[    0.014898] SRAT: PXM 0 -> APIC 0x0002 -> Node 0
[    0.014899] SRAT: PXM 0 -> APIC 0x0003 -> Node 0
[    0.014899] SRAT: PXM 0 -> APIC 0x0004 -> Node 0
[    0.014900] SRAT: PXM 0 -> APIC 0x0005 -> Node 0
[    0.014900] SRAT: PXM 0 -> APIC 0x0006 -> Node 0
[    0.014900] SRAT: PXM 0 -> APIC 0x0007 -> Node 0
[    0.014901] SRAT: PXM 0 -> APIC 0x0008 -> Node 0
[    0.014901] SRAT: PXM 0 -> APIC 0x0009 -> Node 0
[    0.014902] SRAT: PXM 0 -> APIC 0x000a -> Node 0
[    0.014902] SRAT: PXM 0 -> APIC 0x000b -> Node 0
[    0.014903] SRAT: PXM 0 -> APIC 0x000c -> Node 0
[    0.014903] SRAT: PXM 0 -> APIC 0x000d -> Node 0
[    0.014903] SRAT: PXM 0 -> APIC 0x000e -> Node 0
[    0.014904] SRAT: PXM 0 -> APIC 0x000f -> Node 0
[    0.014904] SRAT: PXM 0 -> APIC 0x0010 -> Node 0
[    0.014905] SRAT: PXM 0 -> APIC 0x0011 -> Node 0
[    0.014905] SRAT: PXM 0 -> APIC 0x0012 -> Node 0
[    0.014906] SRAT: PXM 0 -> APIC 0x0013 -> Node 0
[    0.014906] SRAT: PXM 0 -> APIC 0x0014 -> Node 0
[    0.014906] SRAT: PXM 0 -> APIC 0x0015 -> Node 0
[    0.014907] SRAT: PXM 0 -> APIC 0x0016 -> Node 0
[    0.014907] SRAT: PXM 0 -> APIC 0x0017 -> Node 0
[    0.014908] SRAT: PXM 0 -> APIC 0x0018 -> Node 0
[    0.014908] SRAT: PXM 0 -> APIC 0x0019 -> Node 0
[    0.014908] SRAT: PXM 0 -> APIC 0x001a -> Node 0
[    0.014909] SRAT: PXM 0 -> APIC 0x001b -> Node 0
[    0.014909] SRAT: PXM 0 -> APIC 0x001c -> Node 0
[    0.014910] SRAT: PXM 0 -> APIC 0x001d -> Node 0
[    0.014910] SRAT: PXM 0 -> APIC 0x001e -> Node 0
[    0.014911] SRAT: PXM 0 -> APIC 0x001f -> Node 0
[    0.014911] SRAT: PXM 0 -> APIC 0x0020 -> Node 0
[    0.014911] SRAT: PXM 0 -> APIC 0x0021 -> Node 0
[    0.014912] SRAT: PXM 0 -> APIC 0x0022 -> Node 0
[    0.014912] SRAT: PXM 0 -> APIC 0x0023 -> Node 0
[    0.014913] SRAT: PXM 0 -> APIC 0x0024 -> Node 0
[    0.014913] SRAT: PXM 0 -> APIC 0x0025 -> Node 0
[    0.014913] SRAT: PXM 0 -> APIC 0x0026 -> Node 0
[    0.014914] SRAT: PXM 0 -> APIC 0x0027 -> Node 0
[    0.014914] SRAT: PXM 0 -> APIC 0x0028 -> Node 0
[    0.014915] SRAT: PXM 0 -> APIC 0x0029 -> Node 0
[    0.014915] SRAT: PXM 0 -> APIC 0x002a -> Node 0
[    0.014915] SRAT: PXM 0 -> APIC 0x002b -> Node 0
[    0.014916] SRAT: PXM 0 -> APIC 0x002c -> Node 0
[    0.014916] SRAT: PXM 0 -> APIC 0x002d -> Node 0
[    0.014917] SRAT: PXM 0 -> APIC 0x002e -> Node 0
[    0.014917] SRAT: PXM 0 -> APIC 0x002f -> Node 0
[    0.014918] SRAT: PXM 0 -> APIC 0x0030 -> Node 0
[    0.014918] SRAT: PXM 0 -> APIC 0x0031 -> Node 0
[    0.014918] SRAT: PXM 0 -> APIC 0x0032 -> Node 0
[    0.014919] SRAT: PXM 0 -> APIC 0x0033 -> Node 0
[    0.014919] SRAT: PXM 0 -> APIC 0x0034 -> Node 0
[    0.014920] SRAT: PXM 0 -> APIC 0x0035 -> Node 0
[    0.014920] SRAT: PXM 0 -> APIC 0x0036 -> Node 0
[    0.014920] SRAT: PXM 0 -> APIC 0x0037 -> Node 0
[    0.014921] SRAT: PXM 1 -> APIC 0x0080 -> Node 1
[    0.014921] SRAT: PXM 1 -> APIC 0x0081 -> Node 1
[    0.014922] SRAT: PXM 1 -> APIC 0x0082 -> Node 1
[    0.014922] SRAT: PXM 1 -> APIC 0x0083 -> Node 1
[    0.014923] SRAT: PXM 1 -> APIC 0x0084 -> Node 1
[    0.014923] SRAT: PXM 1 -> APIC 0x0085 -> Node 1
[    0.014923] SRAT: PXM 1 -> APIC 0x0086 -> Node 1
[    0.014924] SRAT: PXM 1 -> APIC 0x0087 -> Node 1
[    0.014924] SRAT: PXM 1 -> APIC 0x0088 -> Node 1
[    0.014925] SRAT: PXM 1 -> APIC 0x0089 -> Node 1
[    0.014925] SRAT: PXM 1 -> APIC 0x008a -> Node 1
[    0.014925] SRAT: PXM 1 -> APIC 0x008b -> Node 1
[    0.014926] SRAT: PXM 1 -> APIC 0x008c -> Node 1
[    0.014926] SRAT: PXM 1 -> APIC 0x008d -> Node 1
[    0.014927] SRAT: PXM 1 -> APIC 0x008e -> Node 1
[    0.014927] SRAT: PXM 1 -> APIC 0x008f -> Node 1
[    0.014928] SRAT: PXM 1 -> APIC 0x0090 -> Node 1
[    0.014928] SRAT: PXM 1 -> APIC 0x0091 -> Node 1
[    0.014928] SRAT: PXM 1 -> APIC 0x0092 -> Node 1
[    0.014929] SRAT: PXM 1 -> APIC 0x0093 -> Node 1
[    0.014929] SRAT: PXM 1 -> APIC 0x0094 -> Node 1
[    0.014930] SRAT: PXM 1 -> APIC 0x0095 -> Node 1
[    0.014930] SRAT: PXM 1 -> APIC 0x0096 -> Node 1
[    0.014930] SRAT: PXM 1 -> APIC 0x0097 -> Node 1
[    0.014931] SRAT: PXM 1 -> APIC 0x0098 -> Node 1
[    0.014931] SRAT: PXM 1 -> APIC 0x0099 -> Node 1
[    0.014932] SRAT: PXM 1 -> APIC 0x009a -> Node 1
[    0.014932] SRAT: PXM 1 -> APIC 0x009b -> Node 1
[    0.014932] SRAT: PXM 1 -> APIC 0x009c -> Node 1
[    0.014933] SRAT: PXM 1 -> APIC 0x009d -> Node 1
[    0.014933] SRAT: PXM 1 -> APIC 0x009e -> Node 1
[    0.014934] SRAT: PXM 1 -> APIC 0x009f -> Node 1
[    0.014934] SRAT: PXM 1 -> APIC 0x00a0 -> Node 1
[    0.014935] SRAT: PXM 1 -> APIC 0x00a1 -> Node 1
[    0.014935] SRAT: PXM 1 -> APIC 0x00a2 -> Node 1
[    0.014935] SRAT: PXM 1 -> APIC 0x00a3 -> Node 1
[    0.014936] SRAT: PXM 1 -> APIC 0x00a4 -> Node 1
[    0.014936] SRAT: PXM 1 -> APIC 0x00a5 -> Node 1
[    0.014937] SRAT: PXM 1 -> APIC 0x00a6 -> Node 1
[    0.014937] SRAT: PXM 1 -> APIC 0x00a7 -> Node 1
[    0.014937] SRAT: PXM 1 -> APIC 0x00a8 -> Node 1
[    0.014938] SRAT: PXM 1 -> APIC 0x00a9 -> Node 1
[    0.014938] SRAT: PXM 1 -> APIC 0x00aa -> Node 1
[    0.014939] SRAT: PXM 1 -> APIC 0x00ab -> Node 1
[    0.014939] SRAT: PXM 1 -> APIC 0x00ac -> Node 1
[    0.014940] SRAT: PXM 1 -> APIC 0x00ad -> Node 1
[    0.014940] SRAT: PXM 1 -> APIC 0x00ae -> Node 1
[    0.014940] SRAT: PXM 1 -> APIC 0x00af -> Node 1
[    0.014941] SRAT: PXM 1 -> APIC 0x00b0 -> Node 1
[    0.014941] SRAT: PXM 1 -> APIC 0x00b1 -> Node 1
[    0.014942] SRAT: PXM 1 -> APIC 0x00b2 -> Node 1
[    0.014942] SRAT: PXM 1 -> APIC 0x00b3 -> Node 1
[    0.014943] SRAT: PXM 1 -> APIC 0x00b4 -> Node 1
[    0.014943] SRAT: PXM 1 -> APIC 0x00b5 -> Node 1
[    0.014943] SRAT: PXM 1 -> APIC 0x00b6 -> Node 1
[    0.014944] SRAT: PXM 1 -> APIC 0x00b7 -> Node 1
[    0.014956] ACPI: SRAT: Node 0 PXM 0 [mem 0x00000000-0x7fffffff]
[    0.014957] ACPI: SRAT: Node 0 PXM 0 [mem 0x100000000-0x107fffffff]
[    0.014958] ACPI: SRAT: Node 2 PXM 2 [mem 0x2080000000-0x9e7fffffff] non-volatile
[    0.014959] ACPI: SRAT: Node 1 PXM 1 [mem 0x1080000000-0x207fffffff]
[    0.014959] ACPI: SRAT: Node 3 PXM 3 [mem 0x9e80000000-0x11c7fffffff] non-volatile
[    0.014968] NUMA: Initialized distance table, cnt=4
[    0.014971] NUMA: Node 0 [mem 0x00000000-0x7fffffff] + [mem 0x100000000-0x107fffffff] -> [mem 0x00000000-0x107fffffff]
[    0.014979] NODE_DATA(0) allocated [mem 0xffffd5000-0xfffffffff]
[    0.014995] NODE_DATA(1) allocated [mem 0x20658f1000-0x206591bfff]
[    0.015149] Zone ranges:
[    0.015150]   DMA      [mem 0x0000000000001000-0x0000000000ffffff]
[    0.015151]   DMA32    [mem 0x0000000001000000-0x00000000ffffffff]
[    0.015152]   Normal   [mem 0x0000000100000000-0x000000207fffffff]
[    0.015152]   Device   empty
[    0.015153] Movable zone start for each node
[    0.015156] Early memory node ranges
[    0.015157]   node   0: [mem 0x0000000000001000-0x000000000008efff]
[    0.015158]   node   0: [mem 0x0000000000090000-0x000000000009ffff]
[    0.015158]   node   0: [mem 0x0000000000100000-0x0000000049e76fff]
[    0.015159]   node   0: [mem 0x000000004ae77000-0x000000004b2cefff]
[    0.015159]   node   0: [mem 0x000000004b54e000-0x000000004bd93fff]
[    0.015160]   node   0: [mem 0x000000004be9a000-0x000000004cdfffff]
[    0.015160]   node   0: [mem 0x000000004d000000-0x000000005eefdfff]
[    0.015161]   node   0: [mem 0x000000006f7ff000-0x000000006f7fffff]
[    0.015161]   node   0: [mem 0x0000000c14300000-0x0000000fffffffff]
[    0.015163]   node   1: [mem 0x0000001ec0000000-0x000000207fffffff]
[    0.015750] Zeroed struct page in unavailable ranges: 59880 pages
[    0.015752] Initmem setup node 0 [mem 0x0000000000001000-0x0000000fffffffff]
[    0.015753] On node 0 totalpages: 4494872
[    0.015754]   DMA zone: 64 pages used for memmap
[    0.015755]   DMA zone: 1102 pages reserved
[    0.015755]   DMA zone: 3998 pages, LIFO batch:0
[    0.015801]   DMA32 zone: 5926 pages used for memmap
[    0.015802]   DMA32 zone: 379258 pages, LIFO batch:63
[    0.021592]   Normal zone: 64244 pages used for memmap
[    0.021594]   Normal zone: 4111616 pages, LIFO batch:63
[    0.089665] Initmem setup node 1 [mem 0x0000001ec0000000-0x000000207fffffff]
[    0.089668] On node 1 totalpages: 1835008
[    0.089669]   Normal zone: 28672 pages used for memmap
[    0.089669]   Normal zone: 1835008 pages, LIFO batch:63
[    0.109656] ACPI: PM-Timer IO Port: 0x508
[    0.109659] ACPI: Local APIC address 0xfee00000
[    0.109677] ACPI: X2APIC_NMI (uid[0xffffffff] high edge lint[0x1])
[    0.109679] ACPI: LAPIC_NMI (acpi_id[0xff] high edge lint[0x1])
[    0.109698] IOAPIC[0]: apic_id 8, version 32, address 0xfec00000, GSI 0-119
[    0.109701] ACPI: INT_SRC_OVR (bus 0 bus_irq 0 global_irq 2 dfl dfl)
[    0.109702] ACPI: INT_SRC_OVR (bus 0 bus_irq 9 global_irq 9 high level)
[    0.109703] ACPI: IRQ0 used by override.
[    0.109704] ACPI: IRQ9 used by override.
[    0.109707] Using ACPI (MADT) for SMP configuration information
[    0.109708] ACPI: HPET id: 0x8086a701 base: 0xfed00000
[    0.109714] smpboot: Allowing 112 CPUs, 0 hotplug CPUs
[    0.109739] PM: Registered nosave memory: [mem 0x00000000-0x00000fff]
[    0.109741] PM: Registered nosave memory: [mem 0x0008f000-0x0008ffff]
[    0.109742] PM: Registered nosave memory: [mem 0x000a0000-0x000fffff]
[    0.109744] PM: Registered nosave memory: [mem 0x47bcd000-0x47bcdfff]
[    0.109745] PM: Registered nosave memory: [mem 0x47bfe000-0x47bfefff]
[    0.109746] PM: Registered nosave memory: [mem 0x47bff000-0x47bfffff]
[    0.109747] PM: Registered nosave memory: [mem 0x47c31000-0x47c31fff]
[    0.109748] PM: Registered nosave memory: [mem 0x47c32000-0x47c32fff]
[    0.109749] PM: Registered nosave memory: [mem 0x47c64000-0x47c64fff]
[    0.109749] PM: Registered nosave memory: [mem 0x47c65000-0x47c65fff]
[    0.109751] PM: Registered nosave memory: [mem 0x47c6d000-0x47c6dfff]
[    0.109752] PM: Registered nosave memory: [mem 0x49e77000-0x4ae76fff]
[    0.109754] PM: Registered nosave memory: [mem 0x4b2cf000-0x4b54dfff]
[    0.109755] PM: Registered nosave memory: [mem 0x4bd94000-0x4be99fff]
[    0.109757] PM: Registered nosave memory: [mem 0x4ce00000-0x4cffffff]
[    0.109758] PM: Registered nosave memory: [mem 0x5eefe000-0x6e3fefff]
[    0.109759] PM: Registered nosave memory: [mem 0x6e3ff000-0x6f3fefff]
[    0.109759] PM: Registered nosave memory: [mem 0x6f3ff000-0x6f7fefff]
[    0.109761] PM: Registered nosave memory: [mem 0x6f800000-0x8fffffff]
[    0.109761] PM: Registered nosave memory: [mem 0x90000000-0xfdffffff]
[    0.109761] PM: Registered nosave memory: [mem 0xfe000000-0xfe010fff]
[    0.109762] PM: Registered nosave memory: [mem 0xfe011000-0xffffffff]
[    0.109762] PM: Registered nosave memory: [mem 0x100000000-0xc142fffff]
[    0.109764] PM: Registered nosave memory: [mem 0x1000000000-0x1ebfffffff]
[    0.109766] [mem 0x90000000-0xfdffffff] available for PCI devices
[    0.109767] Booting paravirtualized kernel on bare hardware
[    0.109770] clocksource: refined-jiffies: mask: 0xffffffff max_cycles: 0xffffffff, max_idle_ns: 7645519600211568 ns
[    0.109778] setup_percpu: NR_CPUS:8192 nr_cpumask_bits:112 nr_cpu_ids:112 nr_node_ids:4
[    0.114321] percpu: Embedded 55 pages/cpu s188416 r8192 d28672 u262144
[    0.114331] pcpu-alloc: s188416 r8192 d28672 u262144 alloc=1*2097152
[    0.114332] pcpu-alloc: [0] 000 002 004 006 008 010 012 014 
[    0.114334] pcpu-alloc: [0] 016 018 020 022 024 026 028 030 
[    0.114336] pcpu-alloc: [0] 032 034 036 038 040 042 044 046 
[    0.114337] pcpu-alloc: [0] 048 050 052 054 056 058 060 062 
[    0.114339] pcpu-alloc: [0] 064 066 068 070 072 074 076 078 
[    0.114340] pcpu-alloc: [0] 080 082 084 086 088 090 092 094 
[    0.114341] pcpu-alloc: [0] 096 098 100 102 104 106 108 110 
[    0.114343] pcpu-alloc: [1] 001 003 005 007 009 011 013 015 
[    0.114344] pcpu-alloc: [1] 017 019 021 023 025 027 029 031 
[    0.114346] pcpu-alloc: [1] 033 035 037 039 041 043 045 047 
[    0.114347] pcpu-alloc: [1] 049 051 053 055 057 059 061 063 
[    0.114349] pcpu-alloc: [1] 065 067 069 071 073 075 077 079 
[    0.114350] pcpu-alloc: [1] 081 083 085 087 089 091 093 095 
[    0.114351] pcpu-alloc: [1] 097 099 101 103 105 107 109 111 
[    0.114398] Built 2 zonelists, mobility grouping on.  Total pages: 6229872
[    0.114399] Policy zone: Normal
[    0.114400] Kernel command line: BOOT_IMAGE=/boot/vmlinuz-5.3.1-multiclock root=UUID=ce0c24b8-724b-4f33-9b2c-618433560aef ro memmap=45379M!4096M memmap=59G!64G quiet splash nomodeset vt.handoff=1
[    0.114513] You have booted with nomodeset. This means your GPU drivers are DISABLED
[    0.114513] Any video related functionality will be severely degraded, and you may not even be able to suspend the system properly
[    0.114514] Unless you actually understand what nomodeset does, you should reboot without enabling it
[    0.114531] printk: log_buf_len individual max cpu contribution: 4096 bytes
[    0.114532] printk: log_buf_len total cpu_extra contributions: 454656 bytes
[    0.114533] printk: log_buf_len min size: 262144 bytes
[    0.114697] printk: log_buf_len: 1048576 bytes
[    0.114698] printk: early log buf free: 221788(84%)
[    0.116205] mem auto-init: stack:off, heap alloc:on, heap free:off
[    0.122075] Calgary: detecting Calgary via BIOS EBDA area
[    0.122077] Calgary: Unable to locate Rio Grande table in EBDA - bailing!
[    0.175816] Memory: 24233776K/25319520K available (14339K kernel code, 2373K rwdata, 4660K rodata, 2680K init, 5056K bss, 1085744K reserved, 0K cma-reserved)
[    0.176415] SLUB: HWalign=64, Order=0-3, MinObjects=0, CPUs=112, Nodes=4
[    0.176447] ftrace: allocating 43047 entries in 169 pages
[    0.193343] rcu: Hierarchical RCU implementation.
[    0.193344] rcu: 	RCU restricting CPUs from NR_CPUS=8192 to nr_cpu_ids=112.
[    0.193345] 	Tasks RCU enabled.
[    0.193346] rcu: RCU calculated value of scheduler-enlistment delay is 25 jiffies.
[    0.193347] rcu: Adjusting geometry for rcu_fanout_leaf=16, nr_cpu_ids=112
[    0.196002] NR_IRQS: 524544, nr_irqs: 2952, preallocated irqs: 16
[    0.196392] random: crng done (trusting CPU's manufacturer)
[    0.196559] Console: colour dummy device 80x25
[    0.196573] printk: console [tty0] enabled
[    0.196665] mempolicy: Enabling automatic NUMA balancing. Configure with numa_balancing= or the kernel.numa_balancing sysctl
[    0.196669] ACPI: Core revision 20190703
[    0.200089] clocksource: hpet: mask: 0xffffffff max_cycles: 0xffffffff, max_idle_ns: 79635855245 ns
[    0.200134] APIC: Switch to symmetric I/O mode setup
[    0.200136] DMAR: Host address width 46
[    0.200137] DMAR: DRHD base: 0x000000d0ffc000 flags: 0x0
[    0.200142] DMAR: dmar0: reg_base_addr d0ffc000 ver 4:0 cap 8ed008c40780466 ecap 60000f050df
[    0.200143] DMAR: DRHD base: 0x000000dbbfc000 flags: 0x0
[    0.200146] DMAR: dmar1: reg_base_addr dbbfc000 ver 4:0 cap 8ed008c40780466 ecap 60000f050df
[    0.200147] DMAR: DRHD base: 0x000000e67fc000 flags: 0x0
[    0.200150] DMAR: dmar2: reg_base_addr e67fc000 ver 4:0 cap 8ed008c40780466 ecap 60000f050df
[    0.200151] DMAR: DRHD base: 0x000000f13fc000 flags: 0x0
[    0.200154] DMAR: dmar3: reg_base_addr f13fc000 ver 4:0 cap 8ed008c40780466 ecap 60000f050df
[    0.200154] DMAR: DRHD base: 0x000000fb7fc000 flags: 0x0
[    0.200157] DMAR: dmar4: reg_base_addr fb7fc000 ver 4:0 cap 8ed008c40780466 ecap 60000f050df
[    0.200158] DMAR: DRHD base: 0x000000a63fc000 flags: 0x0
[    0.200161] DMAR: dmar5: reg_base_addr a63fc000 ver 4:0 cap 8ed008c40780466 ecap 60000f050df
[    0.200161] DMAR: DRHD base: 0x000000b0ffc000 flags: 0x0
[    0.200164] DMAR: dmar6: reg_base_addr b0ffc000 ver 4:0 cap 8ed008c40780466 ecap 60000f050df
[    0.200165] DMAR: DRHD base: 0x000000bbbfc000 flags: 0x0
[    0.200169] DMAR: dmar7: reg_base_addr bbbfc000 ver 4:0 cap 8ed008c40780466 ecap 60000f050df
[    0.200170] DMAR: DRHD base: 0x000000c5ffc000 flags: 0x0
[    0.200172] DMAR: dmar8: reg_base_addr c5ffc000 ver 4:0 cap 8ed008c40780466 ecap 60000f050df
[    0.200173] DMAR: DRHD base: 0x0000009b7fc000 flags: 0x1
[    0.200176] DMAR: dmar9: reg_base_addr 9b7fc000 ver 4:0 cap 8ed008c40780466 ecap 60000f050df
[    0.200177] DMAR: RMRR base: 0x00000069427000 end: 0x00000069429fff
[    0.200177] DMAR: ATSR flags: 0x0
[    0.200180] DMAR-IR: IOAPIC id 8 under DRHD base  0x9b7fc000 IOMMU 9
[    0.200180] DMAR-IR: HPET id 0 under DRHD base 0x9b7fc000
[    0.200181] DMAR-IR: Queued invalidation will be enabled to support x2apic and Intr-remapping.
[    0.202692] DMAR-IR: Enabled IRQ remapping in x2apic mode
[    0.205324] ..TIMER: vector=0x30 apic1=0 pin1=2 apic2=-1 pin2=-1
[    0.224060] clocksource: tsc-early: mask: 0xffffffffffffffff max_cycles: 0x39a85c9bff6, max_idle_ns: 881590591483 ns
[    0.224064] Calibrating delay loop (skipped), value calculated using timer frequency.. 4000.00 BogoMIPS (lpj=8000000)
[    0.224066] pid_max: default: 114688 minimum: 896
[    0.228126] LSM: Security Framework initializing
[    0.228151] Yama: becoming mindful.
[    0.228515] AppArmor: AppArmor initialized
[    0.233136] Dentry cache hash table entries: 4194304 (order: 13, 33554432 bytes, vmalloc)
[    0.235410] Inode-cache hash table entries: 2097152 (order: 12, 16777216 bytes, vmalloc)
[    0.235539] Mount-cache hash table entries: 65536 (order: 7, 524288 bytes, vmalloc)
[    0.235609] Mountpoint-cache hash table entries: 65536 (order: 7, 524288 bytes, vmalloc)
[    0.235904] *** VALIDATE proc ***
[    0.236156] *** VALIDATE cgroup1 ***
[    0.236158] *** VALIDATE cgroup2 ***
[    0.236292] x86/tme: not enabled by BIOS
[    0.236295] x86/cpu: User Mode Instruction Prevention (UMIP) activated
[    0.236370] mce: CPU0: Thermal monitoring enabled (TM1)
[    0.236581] process: using mwait in idle threads
[    0.236583] Last level iTLB entries: 4KB 0, 2MB 0, 4MB 0
[    0.236583] Last level dTLB entries: 4KB 0, 2MB 0, 4MB 0, 1GB 0
[    0.236586] Spectre V1 : Mitigation: usercopy/swapgs barriers and __user pointer sanitization
[    0.236588] Spectre V2 : Mitigation: Enhanced IBRS
[    0.236589] Spectre V2 : Spectre v2 / SpectreRSB mitigation: Filling RSB on context switch
[    0.236590] Spectre V2 : mitigation: Enabling conditional Indirect Branch Prediction Barrier
[    0.236591] Speculative Store Bypass: Mitigation: Speculative Store Bypass disabled via prctl and seccomp
[    0.236890] Freeing SMP alternatives memory: 40K
[    0.240204] TSC deadline timer enabled
[    0.240213] smpboot: CPU0: Intel(R) Xeon(R) Gold 6330 CPU @ 2.00GHz (family: 0x6, model: 0x6a, stepping: 0x6)
[    0.240396] Performance Events: PEBS fmt4+-baseline, Icelake events, 32-deep LBR, full-width counters, Intel PMU driver.
[    0.240402] ... version:                5
[    0.240403] ... bit width:              48
[    0.240403] ... generic registers:      8
[    0.240404] ... value mask:             0000ffffffffffff
[    0.240404] ... max period:             00007fffffffffff
[    0.240405] ... fixed-purpose events:   4
[    0.240405] ... event mask:             0000000f000000ff
[    0.240514] rcu: Hierarchical SRCU implementation.
[    0.247858] NMI watchdog: Enabled. Permanently consumes one hw-PMU counter.
[    0.249163] smp: Bringing up secondary CPUs ...
[    0.249291] x86: Booting SMP configuration:
[    0.249292] .... node  #1, CPUs:          #1
[    0.003733] smpboot: CPU 1 Converting physical 0 to logical die 1
[    0.336169] .... node  #0, CPUs:     #2
[    0.341510] .... node  #1, CPUs:     #3
[    0.346907] .... node  #0, CPUs:     #4
[    0.352252] .... node  #1, CPUs:     #5
[    0.357608] .... node  #0, CPUs:     #6
[    0.363158] .... node  #1, CPUs:     #7
[    0.368705] .... node  #0, CPUs:     #8
[    0.373959] .... node  #1, CPUs:     #9
[    0.379659] .... node  #0, CPUs:    #10
[    0.385354] .... node  #1, CPUs:    #11
[    0.391052] .... node  #0, CPUs:    #12
[    0.396528] .... node  #1, CPUs:    #13
[    0.401857] .... node  #0, CPUs:    #14
[    0.407066] .... node  #1, CPUs:    #15
[    0.412364] .... node  #0, CPUs:    #16
[    0.417599] .... node  #1, CPUs:    #17
[    0.422879] .... node  #0, CPUs:    #18
[    0.428230] .... node  #1, CPUs:    #19
[    0.433717] .... node  #0, CPUs:    #20
[    0.438916] .... node  #1, CPUs:    #21
[    0.444492] .... node  #0, CPUs:    #22
[    0.449898] .... node  #1, CPUs:    #23
[    0.455140] .... node  #0, CPUs:    #24
[    0.460730] .... node  #1, CPUs:    #25
[    0.466055] .... node  #0, CPUs:    #26
[    0.471233] .... node  #1, CPUs:    #27
[    0.476515] .... node  #0, CPUs:    #28
[    0.481979] .... node  #1, CPUs:    #29
[    0.487252] .... node  #0, CPUs:    #30
[    0.492426] .... node  #1, CPUs:    #31
[    0.497877] .... node  #0, CPUs:    #32
[    0.503134] .... node  #1, CPUs:    #33
[    0.508468] .... node  #0, CPUs:    #34
[    0.513887] .... node  #1, CPUs:    #35
[    0.519170] .... node  #0, CPUs:    #36
[    0.524343] .... node  #1, CPUs:    #37
[    0.529632] .... node  #0, CPUs:    #38
[    0.535161] .... node  #1, CPUs:    #39
[    0.540662] .... node  #0, CPUs:    #40
[    0.546233] .... node  #1, CPUs:    #41
[    0.552158] .... node  #0, CPUs:    #42
[    0.557230] .... node  #1, CPUs:    #43
[    0.562841] .... node  #0, CPUs:    #44
[    0.568216] .... node  #1, CPUs:    #45
[    0.573611] .... node  #0, CPUs:    #46
[    0.579105] .... node  #1, CPUs:    #47
[    0.584530] .... node  #0, CPUs:    #48
[    0.589831] .... node  #1, CPUs:    #49
[    0.595238] .... node  #0, CPUs:    #50
[    0.600679] .... node  #1, CPUs:    #51
[    0.606300] .... node  #0, CPUs:    #52
[    0.611740] .... node  #1, CPUs:    #53
[    0.617294] .... node  #0, CPUs:    #54
[    0.622974] .... node  #1, CPUs:    #55
[    0.628742] .... node  #0, CPUs:    #56
[    0.634307] .... node  #1, CPUs:    #57
[    0.640183] .... node  #0, CPUs:    #58
[    0.645559] .... node  #1, CPUs:    #59
[    0.650988] .... node  #0, CPUs:    #60
[    0.656318] .... node  #1, CPUs:    #61
[    0.661708] .... node  #0, CPUs:    #62
[    0.667270] .... node  #1, CPUs:    #63
[    0.672845] .... node  #0, CPUs:    #64
[    0.678120] .... node  #1, CPUs:    #65
[    0.683845] .... node  #0, CPUs:    #66
[    0.689530] .... node  #1, CPUs:    #67
[    0.695269] .... node  #0, CPUs:    #68
[    0.700766] .... node  #1, CPUs:    #69
[    0.706113] .... node  #0, CPUs:    #70
[    0.711321] .... node  #1, CPUs:    #71
[    0.716629] .... node  #0, CPUs:    #72
[    0.721878] .... node  #1, CPUs:    #73
[    0.727184] .... node  #0, CPUs:    #74
[    0.732412] .... node  #1, CPUs:    #75
[    0.738060] .... node  #0, CPUs:    #76
[    0.743285] .... node  #1, CPUs:    #77
[    0.748882] .... node  #0, CPUs:    #78
[    0.754295] .... node  #1, CPUs:    #79
[    0.759575] .... node  #0, CPUs:    #80
[    0.765174] .... node  #1, CPUs:    #81
[    0.770513] .... node  #0, CPUs:    #82
[    0.775708] .... node  #1, CPUs:    #83
[    0.781017] .... node  #0, CPUs:    #84
[    0.786511] .... node  #1, CPUs:    #85
[    0.791797] .... node  #0, CPUs:    #86
[    0.796998] .... node  #1, CPUs:    #87
[    0.802468] .... node  #0, CPUs:    #88
[    0.807736] .... node  #1, CPUs:    #89
[    0.813099] .... node  #0, CPUs:    #90
[    0.818507] .... node  #1, CPUs:    #91
[    0.823810] .... node  #0, CPUs:    #92
[    0.828995] .... node  #1, CPUs:    #93
[    0.834299] .... node  #0, CPUs:    #94
[    0.840121] .... node  #1, CPUs:    #95
[    0.845377] .... node  #0, CPUs:    #96
[    0.850963] .... node  #1, CPUs:    #97
[    0.856698] .... node  #0, CPUs:    #98
[    0.861992] .... node  #1, CPUs:    #99
[    0.867635] .... node  #0, CPUs:   #100
[    0.872957] .... node  #1, CPUs:   #101
[    0.878427] .... node  #0, CPUs:   #102
[    0.884220] .... node  #1, CPUs:   #103
[    0.889392] .... node  #0, CPUs:   #104
[    0.894719] .... node  #1, CPUs:   #105
[    0.900166] .... node  #0, CPUs:   #106
[    0.905604] .... node  #1, CPUs:   #107
[    0.911241] .... node  #0, CPUs:   #108
[    0.916667] .... node  #1, CPUs:   #109
[    0.922256] .... node  #0, CPUs:   #110
[    0.928214] .... node  #1, CPUs:   #111
[    0.933738] smp: Brought up 2 nodes, 112 CPUs
[    0.933738] smpboot: Max logical packages: 2
[    0.933738] smpboot: Total of 112 processors activated (448066.50 BogoMIPS)
[    0.942878] devtmpfs: initialized
[    0.942878] x86/mm: Memory block size: 2048MB
[    0.942878] PM: Registering ACPI NVS region [mem 0x49e77000-0x4ae76fff] (16777216 bytes)
[    0.942878] PM: Registering ACPI NVS region [mem 0x6e3ff000-0x6f3fefff] (16777216 bytes)
[    0.942878] clocksource: jiffies: mask: 0xffffffff max_cycles: 0xffffffff, max_idle_ns: 7645041785100000 ns
[    0.944369] futex hash table entries: 32768 (order: 9, 2097152 bytes, vmalloc)
[    0.944956] pinctrl core: initialized pinctrl subsystem
[    0.945090] PM: RTC time: 06:44:47, date: 2024-06-18
[    0.945362] NET: Registered protocol family 16
[    0.945472] audit: initializing netlink subsys (disabled)
[    0.945478] audit: type=2000 audit(1718693086.748:1): state=initialized audit_enabled=0 res=1
[    0.945478] EISA bus registered
[    0.945478] cpuidle: using governor ladder
[    0.945478] cpuidle: using governor menu
[    0.945478] ACPI FADT declares the system doesn't support PCIe ASPM, so disable it
[    0.945478] ACPI: bus type PCI registered
[    0.945478] acpiphp: ACPI Hot Plug PCI Controller Driver version: 0.5
[    0.945478] PCI: MMCONFIG for domain 0000 [bus 00-ff] at [mem 0x80000000-0x8fffffff] (base 0x80000000)
[    0.945478] PCI: MMCONFIG at [mem 0x80000000-0x8fffffff] reserved in E820
[    0.945478] pmd_set_huge: Cannot satisfy [mem 0x80000000-0x80200000] with a huge-page mapping due to MTRR override.
[    0.945478] PCI: Using configuration type 1 for base access
[    0.945478] PCI: Dell System detected, enabling pci=bfsort.
[    0.948067] ENERGY_PERF_BIAS: Set to 'normal', was 'performance'
[    0.952437] HugeTLB registered 1.00 GiB page size, pre-allocated 0 pages
[    0.952437] HugeTLB registered 2.00 MiB page size, pre-allocated 0 pages
[    0.956470] ACPI: Added _OSI(Module Device)
[    0.956471] ACPI: Added _OSI(Processor Device)
[    0.956471] ACPI: Added _OSI(3.0 _SCP Extensions)
[    0.956472] ACPI: Added _OSI(Processor Aggregator Device)
[    0.956473] ACPI: Added _OSI(Linux-Dell-Video)
[    0.956474] ACPI: Added _OSI(Linux-Lenovo-NV-HDMI-Audio)
[    0.956475] ACPI: Added _OSI(Linux-HPI-Hybrid-Graphics)
[    1.120426] ACPI: 8 ACPI AML tables successfully acquired and loaded
[    1.127526] ACPI: [Firmware Bug]: BIOS _OSI(Linux) query ignored
[    1.134162] ACPI: Dynamic OEM Table Load:
[    1.527012] ACPI: Interpreter enabled
[    1.527031] ACPI: (supports S0 S5)
[    1.527032] ACPI: Using IOAPIC for interrupt routing
[    1.527125] HEST: Table parsing has been initialized.
[    1.527127] PCI: Using host bridge windows from ACPI; if necessary, use "pci=nocrs" and report a bug
[    1.555885] ACPI: Enabled 4 GPEs in block 00 to 7F
[    1.679998] ACPI: PCI Root Bridge [PC00] (domain 0000 [bus 00-15])
[    1.680003] acpi PNP0A08:00: _OSC: OS supports [ExtendedConfig ASPM ClockPM Segments MSI HPX-Type3]
[    1.680081] acpi PNP0A08:00: PCIe AER handled by firmware
[    1.680193] acpi PNP0A08:00: _OSC: platform does not support [SHPCHotplug LTR]
[    1.680403] acpi PNP0A08:00: _OSC: OS now controls [PCIeHotplug PME PCIeCapability]
[    1.680404] acpi PNP0A08:00: FADT indicates ASPM is unsupported, using BIOS configuration
[    1.682202] PCI host bridge to bus 0000:00
[    1.682203] pci_bus 0000:00: root bus resource [io  0x0000-0x0cf7 window]
[    1.682205] pci_bus 0000:00: root bus resource [io  0x1000-0x4fff window]
[    1.682206] pci_bus 0000:00: root bus resource [mem 0x000a0000-0x000bffff window]
[    1.682206] pci_bus 0000:00: root bus resource [mem 0x000c8000-0x000cffff window]
[    1.682207] pci_bus 0000:00: root bus resource [mem 0xfe010000-0xfe010fff window]
[    1.682208] pci_bus 0000:00: root bus resource [mem 0x90000000-0x9b7fffff window]
[    1.682209] pci_bus 0000:00: root bus resource [mem 0x200000000000-0x20ffffffffff window]
[    1.682210] pci_bus 0000:00: root bus resource [bus 00-15]
[    1.682220] pci 0000:00:00.0: [8086:09a2] type 00 class 0x088000
[    1.682955] pci 0000:00:00.1: [8086:09a4] type 00 class 0x088000
[    1.683666] pci 0000:00:00.2: [8086:09a3] type 00 class 0x088000
[    1.684384] pci 0000:00:00.4: [8086:0998] type 00 class 0x060000
[    1.685099] pci 0000:00:02.0: [8086:09a6] type 00 class 0x088000
[    1.685109] pci 0000:00:02.0: reg 0x10: [mem 0x92dfc000-0x92dfdfff]
[    1.685815] pci 0000:00:02.1: [8086:09a7] type 00 class 0x088000
[    1.685824] pci 0000:00:02.1: reg 0x10: [mem 0x92d00000-0x92d7ffff]
[    1.685829] pci 0000:00:02.1: reg 0x14: [mem 0x92c80000-0x92cfffff]
[    1.686532] pci 0000:00:02.4: [8086:3456] type 00 class 0x130000
[    1.686543] pci 0000:00:02.4: reg 0x10: [mem 0x92a00000-0x92afffff 64bit]
[    1.686550] pci 0000:00:02.4: reg 0x18: [mem 0x92df0000-0x92df3fff 64bit]
[    1.686556] pci 0000:00:02.4: reg 0x20: [mem 0x92dc0000-0x92ddffff 64bit]
[    1.687273] pci 0000:00:11.0: [8086:a1ec] type 00 class 0xff0000
[    1.688054] pci 0000:00:11.5: [8086:a1d2] type 00 class 0x010601
[    1.688071] pci 0000:00:11.5: reg 0x10: [mem 0x92dfa000-0x92dfbfff]
[    1.688078] pci 0000:00:11.5: reg 0x14: [mem 0x92e05000-0x92e050ff]
[    1.688085] pci 0000:00:11.5: reg 0x18: [io  0x2068-0x206f]
[    1.688092] pci 0000:00:11.5: reg 0x1c: [io  0x2074-0x2077]
[    1.688099] pci 0000:00:11.5: reg 0x20: [io  0x2040-0x205f]
[    1.688106] pci 0000:00:11.5: reg 0x24: [mem 0x92b80000-0x92bfffff]
[    1.688144] pci 0000:00:11.5: PME# supported from D3hot
[    1.688872] pci 0000:00:14.0: [8086:a1af] type 00 class 0x0c0330
[    1.688893] pci 0000:00:14.0: reg 0x10: [mem 0x92de0000-0x92deffff 64bit]
[    1.688957] pci 0000:00:14.0: PME# supported from D3hot D3cold
[    1.689682] pci 0000:00:14.2: [8086:a1b1] type 00 class 0x118000
[    1.689702] pci 0000:00:14.2: reg 0x10: [mem 0x92e02000-0x92e02fff 64bit]
[    1.690453] pci 0000:00:16.0: [8086:a1ba] type 00 class 0x078000
[    1.690481] pci 0000:00:16.0: reg 0x10: [mem 0x92e01000-0x92e01fff 64bit]
[    1.690566] pci 0000:00:16.0: PME# supported from D3hot
[    1.691257] pci 0000:00:16.1: [8086:a1bb] type 00 class 0x078000
[    1.691285] pci 0000:00:16.1: reg 0x10: [mem 0x92e00000-0x92e00fff 64bit]
[    1.691370] pci 0000:00:16.1: PME# supported from D3hot
[    1.692067] pci 0000:00:16.4: [8086:a1be] type 00 class 0x078000
[    1.692095] pci 0000:00:16.4: reg 0x10: [mem 0x92dff000-0x92dfffff 64bit]
[    1.692180] pci 0000:00:16.4: PME# supported from D3hot
[    1.692874] pci 0000:00:17.0: [8086:a182] type 00 class 0x010601
[    1.692891] pci 0000:00:17.0: reg 0x10: [mem 0x92df8000-0x92df9fff]
[    1.692898] pci 0000:00:17.0: reg 0x14: [mem 0x92e04000-0x92e040ff]
[    1.692904] pci 0000:00:17.0: reg 0x18: [io  0x2060-0x2067]
[    1.692911] pci 0000:00:17.0: reg 0x1c: [io  0x2070-0x2073]
[    1.692918] pci 0000:00:17.0: reg 0x20: [io  0x2020-0x203f]
[    1.692925] pci 0000:00:17.0: reg 0x24: [mem 0x92b00000-0x92b7ffff]
[    1.692962] pci 0000:00:17.0: PME# supported from D3hot
[    1.693685] pci 0000:00:1c.0: [8086:a190] type 01 class 0x060400
[    1.693764] pci 0000:00:1c.0: PME# supported from D0 D3hot D3cold
[    1.694536] pci 0000:00:1c.4: [8086:a194] type 01 class 0x060400
[    1.694608] pci 0000:00:1c.4: PME# supported from D0 D3hot D3cold
[    1.695371] pci 0000:00:1c.5: [8086:a195] type 01 class 0x060400
[    1.695444] pci 0000:00:1c.5: PME# supported from D0 D3hot D3cold
[    1.696210] pci 0000:00:1f.0: [8086:a1cb] type 00 class 0x060100
[    1.697024] pci 0000:00:1f.2: [8086:a1a1] type 00 class 0x058000
[    1.697040] pci 0000:00:1f.2: reg 0x10: [mem 0x92df4000-0x92df7fff]
[    1.697800] pci 0000:00:1f.4: [8086:a1a3] type 00 class 0x0c0500
[    1.697820] pci 0000:00:1f.4: reg 0x10: [mem 0x92dfe000-0x92dfe0ff 64bit]
[    1.697843] pci 0000:00:1f.4: reg 0x20: [io  0x2000-0x201f]
[    1.698539] pci 0000:00:1f.5: [8086:a1a4] type 00 class 0x0c8000
[    1.698555] pci 0000:00:1f.5: reg 0x10: [mem 0xfe010000-0xfe010fff]
[    1.699315] pci 0000:00:1c.0: PCI bridge to [bus 01]
[    1.699363] pci 0000:02:00.0: [1556:be00] type 01 class 0x060400
[    1.699531] pci 0000:00:1c.4: PCI bridge to [bus 02-03]
[    1.699535] pci 0000:00:1c.4:   bridge window [mem 0x92000000-0x928fffff]
[    1.699539] pci 0000:00:1c.4:   bridge window [mem 0x91000000-0x91ffffff 64bit pref]
[    1.699570] pci_bus 0000:03: extended config space not accessible
[    1.699587] pci 0000:03:00.0: [102b:0536] type 00 class 0x030000
[    1.699606] pci 0000:03:00.0: reg 0x10: [mem 0x91000000-0x91ffffff pref]
[    1.699617] pci 0000:03:00.0: reg 0x14: [mem 0x92808000-0x9280bfff]
[    1.699627] pci 0000:03:00.0: reg 0x18: [mem 0x92000000-0x927fffff]
[    1.699674] pci 0000:03:00.0: BAR 0: assigned to efifb
[    1.699768] pci 0000:02:00.0: PCI bridge to [bus 03]
[    1.699776] pci 0000:02:00.0:   bridge window [mem 0x92000000-0x928fffff]
[    1.699782] pci 0000:02:00.0:   bridge window [mem 0x91000000-0x91ffffff 64bit pref]
[    1.699846] pci 0000:04:00.0: [14e4:165f] type 00 class 0x020000
[    1.699877] pci 0000:04:00.0: reg 0x10: [mem 0x92930000-0x9293ffff 64bit pref]
[    1.699893] pci 0000:04:00.0: reg 0x18: [mem 0x92940000-0x9294ffff 64bit pref]
[    1.699908] pci 0000:04:00.0: reg 0x20: [mem 0x92950000-0x9295ffff 64bit pref]
[    1.699918] pci 0000:04:00.0: reg 0x30: [mem 0xfffc0000-0xffffffff pref]
[    1.700010] pci 0000:04:00.0: PME# supported from D0 D3hot D3cold
[    1.700049] pci 0000:04:00.0: 4.000 Gb/s available PCIe bandwidth, limited by 5 GT/s x1 link at 0000:00:1c.5 (capable of 8.000 Gb/s with 5 GT/s x2 link)
[    1.700179] pci 0000:04:00.1: [14e4:165f] type 00 class 0x020000
[    1.700211] pci 0000:04:00.1: reg 0x10: [mem 0x92900000-0x9290ffff 64bit pref]
[    1.700226] pci 0000:04:00.1: reg 0x18: [mem 0x92910000-0x9291ffff 64bit pref]
[    1.700242] pci 0000:04:00.1: reg 0x20: [mem 0x92920000-0x9292ffff 64bit pref]
[    1.700252] pci 0000:04:00.1: reg 0x30: [mem 0xfffc0000-0xffffffff pref]
[    1.700345] pci 0000:04:00.1: PME# supported from D0 D3hot D3cold
[    1.700491] pci 0000:00:1c.5: PCI bridge to [bus 04]
[    1.700498] pci 0000:00:1c.5:   bridge window [mem 0x92900000-0x929fffff 64bit pref]
[    1.700511] pci_bus 0000:00: on NUMA node 0
[    1.701061] ACPI: PCI Root Bridge [PC01] (domain 0000 [bus 16-2f])
[    1.701063] acpi PNP0A08:01: _OSC: OS supports [ExtendedConfig ASPM ClockPM Segments MSI HPX-Type3]
[    1.701161] acpi PNP0A08:01: PCIe AER handled by firmware
[    1.701267] acpi PNP0A08:01: _OSC: platform does not support [SHPCHotplug]
[    1.701467] acpi PNP0A08:01: _OSC: OS now controls [PCIeHotplug PME PCIeCapability LTR]
[    1.701468] acpi PNP0A08:01: FADT indicates ASPM is unsupported, using BIOS configuration
[    1.701590] PCI host bridge to bus 0000:16
[    1.701591] pci_bus 0000:16: root bus resource [io  0x5000-0x6fff window]
[    1.701592] pci_bus 0000:16: root bus resource [mem 0x9b800000-0xa63fffff window]
[    1.701593] pci_bus 0000:16: root bus resource [mem 0x210000000000-0x21ffffffffff window]
[    1.701594] pci_bus 0000:16: root bus resource [bus 16-2f]
[    1.701601] pci 0000:16:00.0: [8086:09a2] type 00 class 0x088000
[    1.701665] pci 0000:16:00.1: [8086:09a4] type 00 class 0x088000
[    1.701727] pci 0000:16:00.2: [8086:09a3] type 00 class 0x088000
[    1.701790] pci 0000:16:00.4: [8086:0998] type 00 class 0x060000
[    1.701852] pci 0000:16:02.0: [8086:347a] type 01 class 0x060400
[    1.701865] pci 0000:16:02.0: reg 0x10: [mem 0x21fffff00000-0x21fffff1ffff 64bit]
[    1.701901] pci 0000:16:02.0: PME# supported from D0 D3hot D3cold
[    1.702197] pci 0000:17:00.0: [1000:10e2] type 00 class 0x010400
[    1.702216] pci 0000:17:00.0: reg 0x10: [mem 0x9b800000-0x9b8fffff 64bit pref]
[    1.702224] pci 0000:17:00.0: reg 0x18: [mem 0x9b900000-0x9b9fffff 64bit pref]
[    1.702229] pci 0000:17:00.0: reg 0x20: [mem 0x9ba00000-0x9bafffff]
[    1.702235] pci 0000:17:00.0: reg 0x24: [io  0x5000-0x50ff]
[    1.702240] pci 0000:17:00.0: reg 0x30: [mem 0xfff00000-0xffffffff pref]
[    1.703464] pci 0000:17:00.0: supports D1 D2
[    1.703514] pci 0000:16:02.0: PCI bridge to [bus 17]
[    1.703515] pci 0000:16:02.0:   bridge window [io  0x5000-0x5fff]
[    1.703517] pci 0000:16:02.0:   bridge window [mem 0x9ba00000-0x9bafffff]
[    1.703519] pci 0000:16:02.0:   bridge window [mem 0x9b800000-0x9b9fffff 64bit pref]
[    1.703525] pci_bus 0000:16: on NUMA node 0
[    1.703588] ACPI: PCI Root Bridge [PC02] (domain 0000 [bus 30-49])
[    1.703591] acpi PNP0A08:02: _OSC: OS supports [ExtendedConfig ASPM ClockPM Segments MSI HPX-Type3]
[    1.703685] acpi PNP0A08:02: PCIe AER handled by firmware
[    1.703791] acpi PNP0A08:02: _OSC: platform does not support [SHPCHotplug]
[    1.703992] acpi PNP0A08:02: _OSC: OS now controls [PCIeHotplug PME PCIeCapability LTR]
[    1.703993] acpi PNP0A08:02: FADT indicates ASPM is unsupported, using BIOS configuration
[    1.704110] PCI host bridge to bus 0000:30
[    1.704111] pci_bus 0000:30: root bus resource [io  0x7000-0x8fff window]
[    1.704111] pci_bus 0000:30: root bus resource [mem 0xa6400000-0xb0ffffff window]
[    1.704114] pci_bus 0000:30: root bus resource [mem 0x220000000000-0x22ffffffffff window]
[    1.704114] pci_bus 0000:30: root bus resource [bus 30-49]
[    1.704121] pci 0000:30:00.0: [8086:09a2] type 00 class 0x088000
[    1.704186] pci 0000:30:00.1: [8086:09a4] type 00 class 0x088000
[    1.704250] pci 0000:30:00.2: [8086:09a3] type 00 class 0x088000
[    1.704312] pci 0000:30:00.4: [8086:0998] type 00 class 0x060000
[    1.704382] pci_bus 0000:30: on NUMA node 0
[    1.704470] ACPI: PCI Root Bridge [PC04] (domain 0000 [bus 4a-63])
[    1.704472] acpi PNP0A08:04: _OSC: OS supports [ExtendedConfig ASPM ClockPM Segments MSI HPX-Type3]
[    1.704563] acpi PNP0A08:04: PCIe AER handled by firmware
[    1.704668] acpi PNP0A08:04: _OSC: platform does not support [SHPCHotplug]
[    1.704867] acpi PNP0A08:04: _OSC: OS now controls [PCIeHotplug PME PCIeCapability LTR]
[    1.704867] acpi PNP0A08:04: FADT indicates ASPM is unsupported, using BIOS configuration
[    1.704977] PCI host bridge to bus 0000:4a
[    1.704978] pci_bus 0000:4a: root bus resource [io  0x9000-0x9fff window]
[    1.704979] pci_bus 0000:4a: root bus resource [mem 0xb1000000-0xbbbfffff window]
[    1.704979] pci_bus 0000:4a: root bus resource [mem 0x230000000000-0x23ffffffffff window]
[    1.704980] pci_bus 0000:4a: root bus resource [bus 4a-63]
[    1.704987] pci 0000:4a:00.0: [8086:09a2] type 00 class 0x088000
[    1.705049] pci 0000:4a:00.1: [8086:09a4] type 00 class 0x088000
[    1.705109] pci 0000:4a:00.2: [8086:09a3] type 00 class 0x088000
[    1.705174] pci 0000:4a:00.4: [8086:0998] type 00 class 0x060000
[    1.705244] pci_bus 0000:4a: on NUMA node 0
[    1.705302] ACPI: PCI Root Bridge [PC05] (domain 0000 [bus 64-7d])
[    1.705304] acpi PNP0A08:05: _OSC: OS supports [ExtendedConfig ASPM ClockPM Segments MSI HPX-Type3]
[    1.705394] acpi PNP0A08:05: PCIe AER handled by firmware
[    1.705498] acpi PNP0A08:05: _OSC: platform does not support [SHPCHotplug]
[    1.705697] acpi PNP0A08:05: _OSC: OS now controls [PCIeHotplug PME PCIeCapability LTR]
[    1.705697] acpi PNP0A08:05: FADT indicates ASPM is unsupported, using BIOS configuration
[    1.705806] PCI host bridge to bus 0000:64
[    1.705807] pci_bus 0000:64: root bus resource [io  0xa000-0xafff window]
[    1.705808] pci_bus 0000:64: root bus resource [mem 0xbbc00000-0xc5ffffff window]
[    1.705809] pci_bus 0000:64: root bus resource [mem 0x240000000000-0x24ffffffffff window]
[    1.705809] pci_bus 0000:64: root bus resource [bus 64-7d]
[    1.705816] pci 0000:64:00.0: [8086:09a2] type 00 class 0x088000
[    1.705880] pci 0000:64:00.1: [8086:09a4] type 00 class 0x088000
[    1.705941] pci 0000:64:00.2: [8086:09a3] type 00 class 0x088000
[    1.706003] pci 0000:64:00.4: [8086:0998] type 00 class 0x060000
[    1.706073] pci_bus 0000:64: on NUMA node 0
[    1.706129] ACPI: PCI Root Bridge [UC06] (domain 0000 [bus 7e])
[    1.706131] acpi PNP0A03:00: _OSC: OS supports [ExtendedConfig ASPM ClockPM Segments MSI HPX-Type3]
[    1.706206] acpi PNP0A03:00: PCIe AER handled by firmware
[    1.706296] acpi PNP0A03:00: _OSC: platform does not support [SHPCHotplug LTR]
[    1.706465] acpi PNP0A03:00: _OSC: OS now controls [PCIeHotplug PME PCIeCapability]
[    1.706466] acpi PNP0A03:00: FADT indicates ASPM is unsupported, using BIOS configuration
[    1.706598] PCI host bridge to bus 0000:7e
[    1.706599] pci_bus 0000:7e: root bus resource [bus 7e]
[    1.706605] pci 0000:7e:00.0: [8086:3450] type 00 class 0x088000
[    1.706674] pci 0000:7e:00.1: [8086:3451] type 00 class 0x088000
[    1.706736] pci 0000:7e:00.2: [8086:3452] type 00 class 0x088000
[    1.706807] pci 0000:7e:00.3: [8086:0998] type 00 class 0x060000
[    1.706870] pci 0000:7e:00.5: [8086:3455] type 00 class 0x088000
[    1.706939] pci 0000:7e:02.0: [8086:3440] type 00 class 0x088000
[    1.707060] pci 0000:7e:02.1: [8086:3441] type 00 class 0x088000
[    1.707173] pci 0000:7e:02.2: [8086:3442] type 00 class 0x088000
[    1.707288] pci 0000:7e:03.0: [8086:3440] type 00 class 0x088000
[    1.707376] pci 0000:7e:03.1: [8086:3441] type 00 class 0x088000
[    1.707457] pci 0000:7e:03.2: [8086:3442] type 00 class 0x088000
[    1.707549] pci 0000:7e:04.0: [8086:3440] type 00 class 0x088000
[    1.707674] pci 0000:7e:04.1: [8086:3441] type 00 class 0x088000
[    1.707795] pci 0000:7e:04.2: [8086:3442] type 00 class 0x088000
[    1.707918] pci 0000:7e:04.3: [8086:3443] type 00 class 0x088000
[    1.708042] pci 0000:7e:05.0: [8086:3445] type 00 class 0x088000
[    1.708163] pci 0000:7e:05.1: [8086:3446] type 00 class 0x088000
[    1.708287] pci 0000:7e:05.2: [8086:3447] type 00 class 0x088000
[    1.708404] pci 0000:7e:06.0: [8086:3445] type 00 class 0x088000
[    1.708495] pci 0000:7e:06.1: [8086:3446] type 00 class 0x088000
[    1.708581] pci 0000:7e:06.2: [8086:3447] type 00 class 0x088000
[    1.708673] pci 0000:7e:07.0: [8086:3445] type 00 class 0x088000
[    1.708799] pci 0000:7e:07.1: [8086:3446] type 00 class 0x088000
[    1.708925] pci 0000:7e:07.2: [8086:3447] type 00 class 0x088000
[    1.709050] pci 0000:7e:0b.0: [8086:3448] type 00 class 0x088000
[    1.709125] pci 0000:7e:0b.1: [8086:3448] type 00 class 0x088000
[    1.709198] pci 0000:7e:0b.2: [8086:344b] type 00 class 0x088000
[    1.709281] pci 0000:7e:0c.0: [8086:344a] type 00 class 0x110100
[    1.709378] pci 0000:7e:0d.0: [8086:344a] type 00 class 0x110100
[    1.709472] pci 0000:7e:0e.0: [8086:344a] type 00 class 0x110100
[    1.709621] pci 0000:7e:0f.0: [8086:344a] type 00 class 0x110100
[    1.709781] pci 0000:7e:1a.0: [8086:2880] type 00 class 0x110100
[    1.709876] pci 0000:7e:1b.0: [8086:2880] type 00 class 0x110100
[    1.709967] pci 0000:7e:1c.0: [8086:2880] type 00 class 0x110100
[    1.710120] pci 0000:7e:1d.0: [8086:2880] type 00 class 0x110100
[    1.710280] pci_bus 0000:7e: on NUMA node 0
[    1.710353] ACPI: PCI Root Bridge [UC07] (domain 0000 [bus 7f])
[    1.710355] acpi PNP0A03:01: _OSC: OS supports [ExtendedConfig ASPM ClockPM Segments MSI HPX-Type3]
[    1.710432] acpi PNP0A03:01: PCIe AER handled by firmware
[    1.710521] acpi PNP0A03:01: _OSC: platform does not support [SHPCHotplug LTR]
[    1.710691] acpi PNP0A03:01: _OSC: OS now controls [PCIeHotplug PME PCIeCapability]
[    1.710691] acpi PNP0A03:01: FADT indicates ASPM is unsupported, using BIOS configuration
[    1.710834] PCI host bridge to bus 0000:7f
[    1.710835] pci_bus 0000:7f: root bus resource [bus 7f]
[    1.710844] pci 0000:7f:00.0: [8086:344c] type 00 class 0x088000
[    1.710952] pci 0000:7f:00.1: [8086:344c] type 00 class 0x088000
[    1.711069] pci 0000:7f:00.2: [8086:344c] type 00 class 0x088000
[    1.711190] pci 0000:7f:00.3: [8086:344c] type 00 class 0x088000
[    1.711285] pci 0000:7f:00.4: [8086:344c] type 00 class 0x088000
[    1.711414] pci 0000:7f:00.5: [8086:344c] type 00 class 0x088000
[    1.711538] pci 0000:7f:00.6: [8086:344c] type 00 class 0x088000
[    1.711623] pci 0000:7f:00.7: [8086:344c] type 00 class 0x088000
[    1.711718] pci 0000:7f:01.0: [8086:344c] type 00 class 0x088000
[    1.711854] pci 0000:7f:01.1: [8086:344c] type 00 class 0x088000
[    1.711982] pci 0000:7f:01.2: [8086:344c] type 00 class 0x088000
[    1.712068] pci 0000:7f:01.3: [8086:344c] type 00 class 0x088000
[    1.712205] pci 0000:7f:01.4: [8086:344c] type 00 class 0x088000
[    1.712342] pci 0000:7f:01.5: [8086:344c] type 00 class 0x088000
[    1.712485] pci 0000:7f:01.6: [8086:344c] type 00 class 0x088000
[    1.712613] pci 0000:7f:01.7: [8086:344c] type 00 class 0x088000
[    1.712752] pci 0000:7f:02.0: [8086:344c] type 00 class 0x088000
[    1.712891] pci 0000:7f:02.1: [8086:344c] type 00 class 0x088000
[    1.713029] pci 0000:7f:02.2: [8086:344c] type 00 class 0x088000
[    1.713166] pci 0000:7f:02.3: [8086:344c] type 00 class 0x088000
[    1.713313] pci 0000:7f:02.4: [8086:344c] type 00 class 0x088000
[    1.713456] pci 0000:7f:02.5: [8086:344c] type 00 class 0x088000
[    1.713598] pci 0000:7f:02.6: [8086:344c] type 00 class 0x088000
[    1.713751] pci 0000:7f:02.7: [8086:344c] type 00 class 0x088000
[    1.713910] pci 0000:7f:03.0: [8086:344c] type 00 class 0x088000
[    1.714061] pci 0000:7f:03.1: [8086:344c] type 00 class 0x088000
[    1.714219] pci 0000:7f:03.2: [8086:344c] type 00 class 0x088000
[    1.714374] pci 0000:7f:03.3: [8086:344c] type 00 class 0x088000
[    1.714539] pci 0000:7f:0a.0: [8086:344d] type 00 class 0x088000
[    1.714648] pci 0000:7f:0a.1: [8086:344d] type 00 class 0x088000
[    1.714767] pci 0000:7f:0a.2: [8086:344d] type 00 class 0x088000
[    1.714885] pci 0000:7f:0a.3: [8086:344d] type 00 class 0x088000
[    1.714989] pci 0000:7f:0a.4: [8086:344d] type 00 class 0x088000
[    1.715117] pci 0000:7f:0a.5: [8086:344d] type 00 class 0x088000
[    1.715240] pci 0000:7f:0a.6: [8086:344d] type 00 class 0x088000
[    1.715327] pci 0000:7f:0a.7: [8086:344d] type 00 class 0x088000
[    1.715418] pci 0000:7f:0b.0: [8086:344d] type 00 class 0x088000
[    1.715553] pci 0000:7f:0b.1: [8086:344d] type 00 class 0x088000
[    1.715682] pci 0000:7f:0b.2: [8086:344d] type 00 class 0x088000
[    1.715769] pci 0000:7f:0b.3: [8086:344d] type 00 class 0x088000
[    1.715912] pci 0000:7f:0b.4: [8086:344d] type 00 class 0x088000
[    1.716051] pci 0000:7f:0b.5: [8086:344d] type 00 class 0x088000
[    1.716195] pci 0000:7f:0b.6: [8086:344d] type 00 class 0x088000
[    1.716322] pci 0000:7f:0b.7: [8086:344d] type 00 class 0x088000
[    1.716458] pci 0000:7f:0c.0: [8086:344d] type 00 class 0x088000
[    1.716596] pci 0000:7f:0c.1: [8086:344d] type 00 class 0x088000
[    1.716733] pci 0000:7f:0c.2: [8086:344d] type 00 class 0x088000
[    1.716871] pci 0000:7f:0c.3: [8086:344d] type 00 class 0x088000
[    1.717023] pci 0000:7f:0c.4: [8086:344d] type 00 class 0x088000
[    1.717164] pci 0000:7f:0c.5: [8086:344d] type 00 class 0x088000
[    1.717309] pci 0000:7f:0c.6: [8086:344d] type 00 class 0x088000
[    1.717462] pci 0000:7f:0c.7: [8086:344d] type 00 class 0x088000
[    1.717613] pci 0000:7f:0d.0: [8086:344d] type 00 class 0x088000
[    1.717765] pci 0000:7f:0d.1: [8086:344d] type 00 class 0x088000
[    1.717924] pci 0000:7f:0d.2: [8086:344d] type 00 class 0x088000
[    1.718079] pci 0000:7f:0d.3: [8086:344d] type 00 class 0x088000
[    1.718260] pci 0000:7f:1d.0: [8086:344f] type 00 class 0x088000
[    1.718378] pci 0000:7f:1d.1: [8086:3457] type 00 class 0x088000
[    1.718494] pci 0000:7f:1e.0: [8086:3458] type 00 class 0x088000
[    1.718570] pci 0000:7f:1e.1: [8086:3459] type 00 class 0x088000
[    1.718645] pci 0000:7f:1e.2: [8086:345a] type 00 class 0x088000
[    1.718718] pci 0000:7f:1e.3: [8086:345b] type 00 class 0x088000
[    1.718792] pci 0000:7f:1e.4: [8086:345c] type 00 class 0x088000
[    1.718867] pci 0000:7f:1e.5: [8086:345d] type 00 class 0x088000
[    1.718945] pci 0000:7f:1e.6: [8086:345e] type 00 class 0x088000
[    1.719019] pci 0000:7f:1e.7: [8086:345f] type 00 class 0x088000
[    1.719090] pci_bus 0000:7f: on NUMA node 0
[    1.719178] ACPI: PCI Root Bridge [PC06] (domain 0000 [bus 80])
[    1.719180] acpi PNP0A08:06: _OSC: OS supports [ExtendedConfig ASPM ClockPM Segments MSI HPX-Type3]
[    1.719272] acpi PNP0A08:06: PCIe AER handled by firmware
[    1.719377] acpi PNP0A08:06: _OSC: platform does not support [SHPCHotplug]
[    1.719577] acpi PNP0A08:06: _OSC: OS now controls [PCIeHotplug PME PCIeCapability LTR]
[    1.719577] acpi PNP0A08:06: FADT indicates ASPM is unsupported, using BIOS configuration
[    1.719719] PCI host bridge to bus 0000:80
[    1.719720] pci_bus 0000:80: root bus resource [io  0xb000-0xbfff window]
[    1.719721] pci_bus 0000:80: root bus resource [mem 0xc6800000-0xd0ffffff window]
[    1.719721] pci_bus 0000:80: root bus resource [mem 0x250000000000-0x25ffffffffff window]
[    1.719722] pci_bus 0000:80: root bus resource [bus 80]
[    1.719730] pci 0000:80:00.0: [8086:09a2] type 00 class 0x088000
[    1.719809] pci 0000:80:00.1: [8086:09a4] type 00 class 0x088000
[    1.719882] pci 0000:80:00.2: [8086:09a3] type 00 class 0x088000
[    1.719966] pci 0000:80:00.4: [8086:0998] type 00 class 0x060000
[    1.720044] pci 0000:80:02.0: [8086:09a6] type 00 class 0x088000
[    1.720054] pci 0000:80:02.0: reg 0x10: [mem 0xc6aa4000-0xc6aa5fff]
[    1.720118] pci 0000:80:02.1: [8086:09a7] type 00 class 0x088000
[    1.720128] pci 0000:80:02.1: reg 0x10: [mem 0xc6a00000-0xc6a7ffff]
[    1.720133] pci 0000:80:02.1: reg 0x14: [mem 0xc6980000-0xc69fffff]
[    1.720200] pci 0000:80:02.4: [8086:3456] type 00 class 0x130000
[    1.720212] pci 0000:80:02.4: reg 0x10: [mem 0xc6800000-0xc68fffff 64bit]
[    1.720219] pci 0000:80:02.4: reg 0x18: [mem 0xc6aa0000-0xc6aa3fff 64bit]
[    1.720225] pci 0000:80:02.4: reg 0x20: [mem 0xc6a80000-0xc6a9ffff 64bit]
[    1.720287] pci_bus 0000:80: on NUMA node 1
[    1.720354] ACPI: PCI Root Bridge [PC07] (domain 0000 [bus 81])
[    1.720356] acpi PNP0A08:07: _OSC: OS supports [ExtendedConfig ASPM ClockPM Segments MSI HPX-Type3]
[    1.720447] acpi PNP0A08:07: PCIe AER handled by firmware
[    1.720551] acpi PNP0A08:07: _OSC: platform does not support [SHPCHotplug]
[    1.720751] acpi PNP0A08:07: _OSC: OS now controls [PCIeHotplug PME PCIeCapability LTR]
[    1.720751] acpi PNP0A08:07: FADT indicates ASPM is unsupported, using BIOS configuration
[    1.720864] PCI host bridge to bus 0000:81
[    1.720865] pci_bus 0000:81: root bus resource [io  0xc000-0xcfff window]
[    1.720866] pci_bus 0000:81: root bus resource [mem 0xd1000000-0xdbbfffff window]
[    1.720867] pci_bus 0000:81: root bus resource [mem 0x260000000000-0x26ffffffffff window]
[    1.720867] pci_bus 0000:81: root bus resource [bus 81]
[    1.720874] pci 0000:81:00.0: [8086:09a2] type 00 class 0x088000
[    1.720942] pci 0000:81:00.1: [8086:09a4] type 00 class 0x088000
[    1.721009] pci 0000:81:00.2: [8086:09a3] type 00 class 0x088000
[    1.721077] pci 0000:81:00.4: [8086:0998] type 00 class 0x060000
[    1.721156] pci_bus 0000:81: on NUMA node 1
[    1.721215] ACPI: PCI Root Bridge [PC08] (domain 0000 [bus 82])
[    1.721217] acpi PNP0A08:08: _OSC: OS supports [ExtendedConfig ASPM ClockPM Segments MSI HPX-Type3]
[    1.721307] acpi PNP0A08:08: PCIe AER handled by firmware
[    1.721411] acpi PNP0A08:08: _OSC: platform does not support [SHPCHotplug]
[    1.721610] acpi PNP0A08:08: _OSC: OS now controls [PCIeHotplug PME PCIeCapability LTR]
[    1.721611] acpi PNP0A08:08: FADT indicates ASPM is unsupported, using BIOS configuration
[    1.721720] PCI host bridge to bus 0000:82
[    1.721721] pci_bus 0000:82: root bus resource [io  0xd000-0xdfff window]
[    1.721721] pci_bus 0000:82: root bus resource [mem 0xdbc00000-0xe67fffff window]
[    1.721722] pci_bus 0000:82: root bus resource [mem 0x270000000000-0x27ffffffffff window]
[    1.721723] pci_bus 0000:82: root bus resource [bus 82]
[    1.721730] pci 0000:82:00.0: [8086:09a2] type 00 class 0x088000
[    1.721798] pci 0000:82:00.1: [8086:09a4] type 00 class 0x088000
[    1.721867] pci 0000:82:00.2: [8086:09a3] type 00 class 0x088000
[    1.721938] pci 0000:82:00.4: [8086:0998] type 00 class 0x060000
[    1.722018] pci_bus 0000:82: on NUMA node 1
[    1.722103] ACPI: PCI Root Bridge [PC10] (domain 0000 [bus 83-f9])
[    1.722105] acpi PNP0A08:0a: _OSC: OS supports [ExtendedConfig ASPM ClockPM Segments MSI HPX-Type3]
[    1.722195] acpi PNP0A08:0a: PCIe AER handled by firmware
[    1.722298] acpi PNP0A08:0a: _OSC: platform does not support [SHPCHotplug]
[    1.722498] acpi PNP0A08:0a: _OSC: OS now controls [PCIeHotplug PME PCIeCapability LTR]
[    1.722499] acpi PNP0A08:0a: FADT indicates ASPM is unsupported, using BIOS configuration
[    1.722623] PCI host bridge to bus 0000:83
[    1.722624] pci_bus 0000:83: root bus resource [io  0xe000-0xefff window]
[    1.722624] pci_bus 0000:83: root bus resource [mem 0xe6800000-0xf13fffff window]
[    1.722625] pci_bus 0000:83: root bus resource [mem 0x280000000000-0x28ffffffffff window]
[    1.722626] pci_bus 0000:83: root bus resource [bus 83-f9]
[    1.722633] pci 0000:83:00.0: [8086:09a2] type 00 class 0x088000
[    1.722701] pci 0000:83:00.1: [8086:09a4] type 00 class 0x088000
[    1.722769] pci 0000:83:00.2: [8086:09a3] type 00 class 0x088000
[    1.722838] pci 0000:83:00.4: [8086:0998] type 00 class 0x060000
[    1.722916] pci_bus 0000:83: on NUMA node 1
[    1.722975] ACPI: PCI Root Bridge [PC11] (domain 0000 [bus fa])
[    1.722977] acpi PNP0A08:0b: _OSC: OS supports [ExtendedConfig ASPM ClockPM Segments MSI HPX-Type3]
[    1.723072] acpi PNP0A08:0b: PCIe AER handled by firmware
[    1.723179] acpi PNP0A08:0b: _OSC: platform does not support [SHPCHotplug]
[    1.723385] acpi PNP0A08:0b: _OSC: OS now controls [PCIeHotplug PME PCIeCapability LTR]
[    1.723385] acpi PNP0A08:0b: FADT indicates ASPM is unsupported, using BIOS configuration
[    1.723497] PCI host bridge to bus 0000:fa
[    1.723498] pci_bus 0000:fa: root bus resource [io  0xf000-0xffff window]
[    1.723498] pci_bus 0000:fa: root bus resource [mem 0xf1400000-0xfb7fffff window]
[    1.723499] pci_bus 0000:fa: root bus resource [mem 0x290000000000-0x29ffffffffff window]
[    1.723500] pci_bus 0000:fa: root bus resource [bus fa]
[    1.723507] pci 0000:fa:00.0: [8086:09a2] type 00 class 0x088000
[    1.723574] pci 0000:fa:00.1: [8086:09a4] type 00 class 0x088000
[    1.723642] pci 0000:fa:00.2: [8086:09a3] type 00 class 0x088000
[    1.723716] pci 0000:fa:00.4: [8086:0998] type 00 class 0x060000
[    1.723795] pci_bus 0000:fa: on NUMA node 1
[    1.723850] ACPI: PCI Root Bridge [UC16] (domain 0000 [bus fe])
[    1.723852] acpi PNP0A03:02: _OSC: OS supports [ExtendedConfig ASPM ClockPM Segments MSI HPX-Type3]
[    1.723928] acpi PNP0A03:02: PCIe AER handled by firmware
[    1.724017] acpi PNP0A03:02: _OSC: platform does not support [SHPCHotplug LTR]
[    1.724186] acpi PNP0A03:02: _OSC: OS now controls [PCIeHotplug PME PCIeCapability]
[    1.724186] acpi PNP0A03:02: FADT indicates ASPM is unsupported, using BIOS configuration
[    1.724320] PCI host bridge to bus 0000:fe
[    1.724321] pci_bus 0000:fe: root bus resource [bus fe]
[    1.724327] pci 0000:fe:00.0: [8086:3450] type 00 class 0x088000
[    1.724398] pci 0000:fe:00.1: [8086:3451] type 00 class 0x088000
[    1.724463] pci 0000:fe:00.2: [8086:3452] type 00 class 0x088000
[    1.724530] pci 0000:fe:00.3: [8086:0998] type 00 class 0x060000
[    1.724598] pci 0000:fe:00.5: [8086:3455] type 00 class 0x088000
[    1.724670] pci 0000:fe:02.0: [8086:3440] type 00 class 0x088000
[    1.724795] pci 0000:fe:02.1: [8086:3441] type 00 class 0x088000
[    1.724918] pci 0000:fe:02.2: [8086:3442] type 00 class 0x088000
[    1.725035] pci 0000:fe:03.0: [8086:3440] type 00 class 0x088000
[    1.725127] pci 0000:fe:03.1: [8086:3441] type 00 class 0x088000
[    1.725213] pci 0000:fe:03.2: [8086:3442] type 00 class 0x088000
[    1.725305] pci 0000:fe:04.0: [8086:3440] type 00 class 0x088000
[    1.725434] pci 0000:fe:04.1: [8086:3441] type 00 class 0x088000
[    1.725560] pci 0000:fe:04.2: [8086:3442] type 00 class 0x088000
[    1.725684] pci 0000:fe:04.3: [8086:3443] type 00 class 0x088000
[    1.725817] pci 0000:fe:05.0: [8086:3445] type 00 class 0x088000
[    1.725943] pci 0000:fe:05.1: [8086:3446] type 00 class 0x088000
[    1.726064] pci 0000:fe:05.2: [8086:3447] type 00 class 0x088000
[    1.726185] pci 0000:fe:06.0: [8086:3445] type 00 class 0x088000
[    1.726279] pci 0000:fe:06.1: [8086:3446] type 00 class 0x088000
[    1.726369] pci 0000:fe:06.2: [8086:3447] type 00 class 0x088000
[    1.726463] pci 0000:fe:07.0: [8086:3445] type 00 class 0x088000
[    1.726595] pci 0000:fe:07.1: [8086:3446] type 00 class 0x088000
[    1.726730] pci 0000:fe:07.2: [8086:3447] type 00 class 0x088000
[    1.726857] pci 0000:fe:0b.0: [8086:3448] type 00 class 0x088000
[    1.726935] pci 0000:fe:0b.1: [8086:3448] type 00 class 0x088000
[    1.727008] pci 0000:fe:0b.2: [8086:344b] type 00 class 0x088000
[    1.727089] pci 0000:fe:0c.0: [8086:344a] type 00 class 0x110100
[    1.727191] pci 0000:fe:0d.0: [8086:344a] type 00 class 0x110100
[    1.727287] pci 0000:fe:0e.0: [8086:344a] type 00 class 0x110100
[    1.727441] pci 0000:fe:0f.0: [8086:344a] type 00 class 0x110100
[    1.727612] pci 0000:fe:1a.0: [8086:2880] type 00 class 0x110100
[    1.727711] pci 0000:fe:1b.0: [8086:2880] type 00 class 0x110100
[    1.727806] pci 0000:fe:1c.0: [8086:2880] type 00 class 0x110100
[    1.727965] pci 0000:fe:1d.0: [8086:2880] type 00 class 0x110100
[    1.728126] pci_bus 0000:fe: on NUMA node 1
[    1.728196] ACPI: PCI Root Bridge [UC17] (domain 0000 [bus ff])
[    1.728198] acpi PNP0A03:03: _OSC: OS supports [ExtendedConfig ASPM ClockPM Segments MSI HPX-Type3]
[    1.728274] acpi PNP0A03:03: PCIe AER handled by firmware
[    1.728363] acpi PNP0A03:03: _OSC: platform does not support [SHPCHotplug LTR]
[    1.728530] acpi PNP0A03:03: _OSC: OS now controls [PCIeHotplug PME PCIeCapability]
[    1.728531] acpi PNP0A03:03: FADT indicates ASPM is unsupported, using BIOS configuration
[    1.728672] PCI host bridge to bus 0000:ff
[    1.728673] pci_bus 0000:ff: root bus resource [bus ff]
[    1.728683] pci 0000:ff:00.0: [8086:344c] type 00 class 0x088000
[    1.728798] pci 0000:ff:00.1: [8086:344c] type 00 class 0x088000
[    1.728918] pci 0000:ff:00.2: [8086:344c] type 00 class 0x088000
[    1.729025] pci 0000:ff:00.3: [8086:344c] type 00 class 0x088000
[    1.729159] pci 0000:ff:00.4: [8086:344c] type 00 class 0x088000
[    1.729283] pci 0000:ff:00.5: [8086:344c] type 00 class 0x088000
[    1.729384] pci 0000:ff:00.6: [8086:344c] type 00 class 0x088000
[    1.729517] pci 0000:ff:00.7: [8086:344c] type 00 class 0x088000
[    1.729649] pci 0000:ff:01.0: [8086:344c] type 00 class 0x088000
[    1.729791] pci 0000:ff:01.1: [8086:344c] type 00 class 0x088000
[    1.729925] pci 0000:ff:01.2: [8086:344c] type 00 class 0x088000
[    1.730015] pci 0000:ff:01.3: [8086:344c] type 00 class 0x088000
[    1.730163] pci 0000:ff:01.4: [8086:344c] type 00 class 0x088000
[    1.730308] pci 0000:ff:01.5: [8086:344c] type 00 class 0x088000
[    1.730456] pci 0000:ff:01.6: [8086:344c] type 00 class 0x088000
[    1.730589] pci 0000:ff:01.7: [8086:344c] type 00 class 0x088000
[    1.730730] pci 0000:ff:02.0: [8086:344c] type 00 class 0x088000
[    1.730871] pci 0000:ff:02.1: [8086:344c] type 00 class 0x088000
[    1.731010] pci 0000:ff:02.2: [8086:344c] type 00 class 0x088000
[    1.731155] pci 0000:ff:02.3: [8086:344c] type 00 class 0x088000
[    1.731302] pci 0000:ff:02.4: [8086:344c] type 00 class 0x088000
[    1.731446] pci 0000:ff:02.5: [8086:344c] type 00 class 0x088000
[    1.731597] pci 0000:ff:02.6: [8086:344c] type 00 class 0x088000
[    1.731745] pci 0000:ff:02.7: [8086:344c] type 00 class 0x088000
[    1.731903] pci 0000:ff:03.0: [8086:344c] type 00 class 0x088000
[    1.732067] pci 0000:ff:03.1: [8086:344c] type 00 class 0x088000
[    1.732222] pci 0000:ff:03.2: [8086:344c] type 00 class 0x088000
[    1.732385] pci 0000:ff:03.3: [8086:344c] type 00 class 0x088000
[    1.732563] pci 0000:ff:0a.0: [8086:344d] type 00 class 0x088000
[    1.732684] pci 0000:ff:0a.1: [8086:344d] type 00 class 0x088000
[    1.732804] pci 0000:ff:0a.2: [8086:344d] type 00 class 0x088000
[    1.732911] pci 0000:ff:0a.3: [8086:344d] type 00 class 0x088000
[    1.733040] pci 0000:ff:0a.4: [8086:344d] type 00 class 0x088000
[    1.733163] pci 0000:ff:0a.5: [8086:344d] type 00 class 0x088000
[    1.733266] pci 0000:ff:0a.6: [8086:344d] type 00 class 0x088000
[    1.733398] pci 0000:ff:0a.7: [8086:344d] type 00 class 0x088000
[    1.733534] pci 0000:ff:0b.0: [8086:344d] type 00 class 0x088000
[    1.733676] pci 0000:ff:0b.1: [8086:344d] type 00 class 0x088000
[    1.733809] pci 0000:ff:0b.2: [8086:344d] type 00 class 0x088000
[    1.733899] pci 0000:ff:0b.3: [8086:344d] type 00 class 0x088000
[    1.734043] pci 0000:ff:0b.4: [8086:344d] type 00 class 0x088000
[    1.734186] pci 0000:ff:0b.5: [8086:344d] type 00 class 0x088000
[    1.734333] pci 0000:ff:0b.6: [8086:344d] type 00 class 0x088000
[    1.734466] pci 0000:ff:0b.7: [8086:344d] type 00 class 0x088000
[    1.734610] pci 0000:ff:0c.0: [8086:344d] type 00 class 0x088000
[    1.734752] pci 0000:ff:0c.1: [8086:344d] type 00 class 0x088000
[    1.734892] pci 0000:ff:0c.2: [8086:344d] type 00 class 0x088000
[    1.735037] pci 0000:ff:0c.3: [8086:344d] type 00 class 0x088000
[    1.735179] pci 0000:ff:0c.4: [8086:344d] type 00 class 0x088000
[    1.735322] pci 0000:ff:0c.5: [8086:344d] type 00 class 0x088000
[    1.735473] pci 0000:ff:0c.6: [8086:344d] type 00 class 0x088000
[    1.735621] pci 0000:ff:0c.7: [8086:344d] type 00 class 0x088000
[    1.735783] pci 0000:ff:0d.0: [8086:344d] type 00 class 0x088000
[    1.735944] pci 0000:ff:0d.1: [8086:344d] type 00 class 0x088000
[    1.736097] pci 0000:ff:0d.2: [8086:344d] type 00 class 0x088000
[    1.736264] pci 0000:ff:0d.3: [8086:344d] type 00 class 0x088000
[    1.736445] pci 0000:ff:1d.0: [8086:344f] type 00 class 0x088000
[    1.736566] pci 0000:ff:1d.1: [8086:3457] type 00 class 0x088000
[    1.736686] pci 0000:ff:1e.0: [8086:3458] type 00 class 0x088000
[    1.736767] pci 0000:ff:1e.1: [8086:3459] type 00 class 0x088000
[    1.736847] pci 0000:ff:1e.2: [8086:345a] type 00 class 0x088000
[    1.736924] pci 0000:ff:1e.3: [8086:345b] type 00 class 0x088000
[    1.737000] pci 0000:ff:1e.4: [8086:345c] type 00 class 0x088000
[    1.737077] pci 0000:ff:1e.5: [8086:345d] type 00 class 0x088000
[    1.737154] pci 0000:ff:1e.6: [8086:345e] type 00 class 0x088000
[    1.737230] pci 0000:ff:1e.7: [8086:345f] type 00 class 0x088000
[    1.737306] pci_bus 0000:ff: on NUMA node 1
[    1.740063] HMAT: Memory (0x0 length 0x80000000) Flags:0003 Processor Domain:0 Memory Domain:0
[    1.740063] HMAT: Memory (0x100000000 length 0xf80000000) Flags:0003 Processor Domain:0 Memory Domain:0
[    1.740063] HMAT: Memory (0x2080000000 length 0x7e00000000) Flags:0003 Processor Domain:0 Memory Domain:2
[    1.740063] HMAT: Memory (0x1080000000 length 0x1000000000) Flags:0003 Processor Domain:1 Memory Domain:1
[    1.740063] HMAT: Memory (0x9e80000000 length 0x7e00000000) Flags:0003 Processor Domain:1 Memory Domain:3
[    1.740063] HMAT: Locality: Flags:00 Type:Read Latency Initiator Domains:2 Target Domains:4 Base:100
[    1.740063]   Initiator-Target[0-0]:7600 nsec
[    1.740063]   Initiator-Target[0-1]:13560 nsec
[    1.740063]   Initiator-Target[0-2]:25350 nsec
[    1.740063]   Initiator-Target[0-3]:31600 nsec
[    1.740063]   Initiator-Target[1-0]:13560 nsec
[    1.740063]   Initiator-Target[1-1]:7600 nsec
[    1.740063]   Initiator-Target[1-2]:31600 nsec
[    1.740063]   Initiator-Target[1-3]:25350 nsec
[    1.740063] HMAT: Locality: Flags:00 Type:Write Latency Initiator Domains:2 Target Domains:4 Base:100
[    1.740063]   Initiator-Target[0-0]:7600 nsec
[    1.740063]   Initiator-Target[0-1]:13560 nsec
[    1.740063]   Initiator-Target[0-2]:25350 nsec
[    1.740063]   Initiator-Target[0-3]:31600 nsec
[    1.740063]   Initiator-Target[1-0]:13560 nsec
[    1.740063]   Initiator-Target[1-1]:7600 nsec
[    1.740063]   Initiator-Target[1-2]:31600 nsec
[    1.740063]   Initiator-Target[1-3]:25350 nsec
[    1.740063] HMAT: Locality: Flags:00 Type:Read Bandwidth Initiator Domains:2 Target Domains:4 Base:1
[    1.740063]   Initiator-Target[0-0]:1790 MB/s
[    1.740063]   Initiator-Target[0-1]:1790 MB/s
[    1.740063]   Initiator-Target[0-2]:463 MB/s
[    1.740063]   Initiator-Target[0-3]:463 MB/s
[    1.740063]   Initiator-Target[1-0]:1790 MB/s
[    1.740063]   Initiator-Target[1-1]:1790 MB/s
[    1.740063]   Initiator-Target[1-2]:463 MB/s
[    1.740063]   Initiator-Target[1-3]:463 MB/s
[    1.740063] HMAT: Locality: Flags:00 Type:Write Bandwidth Initiator Domains:2 Target Domains:4 Base:1
[    1.740063]   Initiator-Target[0-0]:1910 MB/s
[    1.740063]   Initiator-Target[0-1]:1910 MB/s
[    1.740063]   Initiator-Target[0-2]:138 MB/s
[    1.740063]   Initiator-Target[0-3]:138 MB/s
[    1.740063]   Initiator-Target[1-0]:1910 MB/s
[    1.740063]   Initiator-Target[1-1]:1910 MB/s
[    1.740063]   Initiator-Target[1-2]:138 MB/s
[    1.740063]   Initiator-Target[1-3]:138 MB/s
[    1.740063] WARNING: CPU: 58 PID: 1 at drivers/base/node.c:191 node_set_perf_attrs+0x90/0xb0
[    1.740063] Modules linked in:
[    1.740063] CPU: 58 PID: 1 Comm: swapper/0 Not tainted 5.3.1-multiclock #1
[    1.740063] Hardware name: Dell Inc. PowerEdge R750/0K8F35, BIOS 1.10.2 03/03/2023
[    1.740063] RIP: 0010:node_set_perf_attrs+0x90/0xb0
[    1.740063] Code: f4 02 00 00 4c 89 ea 4c 89 e7 e8 bb bf c7 ff 85 c0 75 24 48 83 c3 08 48 8b 33 48 85 f6 75 e5 5b 41 5a 41 5c 41 5d 41 5e 5d c3 <0f> 0b 5b 41 5a 41 5c 41 5d 41 5e 5d c3 44 89 f6 48 c7 c7 70 5b 1a
[    1.740063] RSP: 0000:ffff9a7b0007bd80 EFLAGS: 00010246
[    1.740063] RAX: 0000000000000002 RBX: 0000000000000003 RCX: 0000000000000000
[    1.740063] RDX: 0000000000000000 RSI: ffff88e7183c6698 RDI: 0000000000000002
[    1.740063] RBP: ffff9a7b0007bda8 R08: ffff88d6a6fd56f0 R09: 0000000000000000
[    1.740063] R10: ffff88e71cdfa9d8 R11: ffff88d6ad4749d0 R12: ffff88e7183c6680
[    1.740063] R13: ffffffffa18db310 R14: 0000000000000005 R15: ffffffffa1695806
[    1.740063] FS:  0000000000000000(0000) GS:ffff88d6adf40000(0000) knlGS:0000000000000000
[    1.740063] CS:  0010 DS: 0000 ES: 0000 CR0: 0000000080050033
[    1.740063] CR2: 0000000000000000 CR3: 0000001f9860a001 CR4: 0000000000760ee0
[    1.740063] DR0: 0000000000000000 DR1: 0000000000000000 DR2: 0000000000000000
[    1.740063] DR3: 0000000000000000 DR6: 00000000fffe0ff0 DR7: 0000000000000400
[    1.740063] PKRU: 55555554
[    1.740063] Call Trace:
[    1.740063]  hmat_init+0x32a/0x43c
[    1.740063]  ? hmat_parse_subtable+0x503/0x503
[    1.740063]  ? set_debug_rodata+0x17/0x17
[    1.740063]  do_one_initcall+0x4a/0x1fa
[    1.740063]  kernel_init_freeable+0x1c6/0x26d
[    1.740063]  ? rest_init+0xb0/0xb0
[    1.740063]  kernel_init+0xe/0x110
[    1.740063]  ret_from_fork+0x1f/0x40
[    1.740063] ---[ end trace 6d784b1b443d2150 ]---
[    1.740080] pci 0000:03:00.0: vgaarb: setting as boot VGA device
[    1.740080] pci 0000:03:00.0: vgaarb: VGA device added: decodes=io+mem,owns=io+mem,locks=none
[    1.740122] pci 0000:03:00.0: vgaarb: bridge control possible
[    1.740123] vgaarb: loaded
[    1.740330] SCSI subsystem initialized
[    1.740473] libata version 3.00 loaded.
[    1.740473] ACPI: bus type USB registered
[    1.740473] usbcore: registered new interface driver usbfs
[    1.740473] usbcore: registered new interface driver hub
[    1.740473] usbcore: registered new device driver usb
[    1.740473] pps_core: LinuxPPS API ver. 1 registered
[    1.740473] pps_core: Software ver. 5.3.6 - Copyright 2005-2007 Rodolfo Giometti <giometti@linux.it>
[    1.740473] PTP clock support registered
[    1.740565] EDAC MC: Ver: 3.0.0
[    1.744063] Registered efivars operations
[    1.744090] PCI: Using ACPI for IRQ routing
[    1.744613] PCI: pci_cache_line_size set to 64 bytes
[    1.745162] e820: reserve RAM buffer [mem 0x0008f000-0x0008ffff]
[    1.745163] e820: reserve RAM buffer [mem 0x47bcd020-0x47ffffff]
[    1.745164] e820: reserve RAM buffer [mem 0x47bff020-0x47ffffff]
[    1.745165] e820: reserve RAM buffer [mem 0x47c32020-0x47ffffff]
[    1.745166] e820: reserve RAM buffer [mem 0x47c65020-0x47ffffff]
[    1.745166] e820: reserve RAM buffer [mem 0x49e77000-0x4bffffff]
[    1.745168] e820: reserve RAM buffer [mem 0x4b2cf000-0x4bffffff]
[    1.745168] e820: reserve RAM buffer [mem 0x4bd94000-0x4bffffff]
[    1.745169] e820: reserve RAM buffer [mem 0x4ce00000-0x4fffffff]
[    1.745170] e820: reserve RAM buffer [mem 0x5eefe000-0x5fffffff]
[    1.745170] e820: reserve RAM buffer [mem 0x6f800000-0x6fffffff]
[    1.748063] NetLabel: Initializing
[    1.748063] NetLabel:  domain hash size = 128
[    1.748063] NetLabel:  protocols = UNLABELED CIPSOv4 CALIPSO
[    1.748063] NetLabel:  unlabeled traffic allowed by default
[    1.749391] hpet0: at MMIO 0xfed00000, IRQs 2, 8, 0, 0, 0, 0, 0, 0
[    1.749394] hpet0: 8 comparators, 64-bit 24.000000 MHz counter
[    1.752249] clocksource: Switched to clocksource tsc-early
[    1.763052] VFS: Disk quotas dquot_6.6.0
[    1.763093] VFS: Dquot-cache hash table entries: 512 (order 0, 4096 bytes)
[    1.763381] *** VALIDATE hugetlbfs ***
[    1.763498] AppArmor: AppArmor Filesystem Enabled
[    1.763516] pnp: PnP ACPI init
[    1.778903] pnp 00:00: Plug and Play ACPI device, IDs PNP0b00 (active)
[    1.779054] system 00:01: [io  0x0500-0x05fe] has been reserved
[    1.779055] system 00:01: [io  0x0400-0x041f] has been reserved
[    1.779056] system 00:01: [io  0x0600-0x061f] has been reserved
[    1.779057] system 00:01: [io  0x0ca0-0x0ca1] has been reserved
[    1.779058] system 00:01: [io  0x0ca4-0x0ca6] has been reserved
[    1.779060] system 00:01: [mem 0xff000000-0xffffffff] has been reserved
[    1.779064] system 00:01: Plug and Play ACPI device, IDs PNP0c02 (active)
[    1.779310] pnp 00:02: Plug and Play ACPI device, IDs PNP0501 (active)
[    1.779517] pnp 00:03: Plug and Play ACPI device, IDs PNP0501 (active)
[    1.779665] system 00:04: [mem 0xfd000000-0xfdabffff] has been reserved
[    1.779666] system 00:04: [mem 0xfdad0000-0xfdadffff] has been reserved
[    1.779667] system 00:04: [mem 0xfdb00000-0xfdffffff] has been reserved
[    1.779668] system 00:04: [mem 0xfe000000-0xfe00ffff] has been reserved
[    1.779669] system 00:04: [mem 0xfe011000-0xfe01ffff] has been reserved
[    1.779670] system 00:04: [mem 0xfe036000-0xfe03bfff] has been reserved
[    1.779671] system 00:04: [mem 0xfe03d000-0xfe3fffff] has been reserved
[    1.779672] system 00:04: [mem 0xfe410000-0xfe7fffff] has been reserved
[    1.779675] system 00:04: Plug and Play ACPI device, IDs PNP0c02 (active)
[    1.779998] system 00:05: [io  0x1000-0x10fe] has been reserved
[    1.780000] system 00:05: Plug and Play ACPI device, IDs PNP0c02 (active)
[    1.780992] pnp: PnP ACPI: found 6 devices
[    1.782131] thermal_sys: Registered thermal governor 'fair_share'
[    1.782132] thermal_sys: Registered thermal governor 'bang_bang'
[    1.782132] thermal_sys: Registered thermal governor 'step_wise'
[    1.782133] thermal_sys: Registered thermal governor 'user_space'
[    1.782133] thermal_sys: Registered thermal governor 'power_allocator'
[    1.786626] clocksource: acpi_pm: mask: 0xffffff max_cycles: 0xffffff, max_idle_ns: 2085701024 ns
[    1.786648] pci 0000:04:00.0: can't claim BAR 6 [mem 0xfffc0000-0xffffffff pref]: no compatible bridge window
[    1.786650] pci 0000:04:00.1: can't claim BAR 6 [mem 0xfffc0000-0xffffffff pref]: no compatible bridge window
[    1.786651] pci 0000:17:00.0: can't claim BAR 6 [mem 0xfff00000-0xffffffff pref]: no compatible bridge window
[    1.786665] pci 0000:00:1c.5: BAR 14: assigned [mem 0x90000000-0x900fffff]
[    1.786668] pci 0000:00:1c.0: PCI bridge to [bus 01]
[    1.786677] pci 0000:02:00.0: PCI bridge to [bus 03]
[    1.786682] pci 0000:02:00.0:   bridge window [mem 0x92000000-0x928fffff]
[    1.786685] pci 0000:02:00.0:   bridge window [mem 0x91000000-0x91ffffff 64bit pref]
[    1.786691] pci 0000:00:1c.4: PCI bridge to [bus 02-03]
[    1.786694] pci 0000:00:1c.4:   bridge window [mem 0x92000000-0x928fffff]
[    1.786696] pci 0000:00:1c.4:   bridge window [mem 0x91000000-0x91ffffff 64bit pref]
[    1.786701] pci 0000:04:00.0: BAR 6: assigned [mem 0x90000000-0x9003ffff pref]
[    1.786702] pci 0000:04:00.1: BAR 6: assigned [mem 0x90040000-0x9007ffff pref]
[    1.786703] pci 0000:00:1c.5: PCI bridge to [bus 04]
[    1.786706] pci 0000:00:1c.5:   bridge window [mem 0x90000000-0x900fffff]
[    1.786708] pci 0000:00:1c.5:   bridge window [mem 0x92900000-0x929fffff 64bit pref]
[    1.786712] pci_bus 0000:00: resource 4 [io  0x0000-0x0cf7 window]
[    1.786713] pci_bus 0000:00: resource 5 [io  0x1000-0x4fff window]
[    1.786714] pci_bus 0000:00: resource 6 [mem 0x000a0000-0x000bffff window]
[    1.786714] pci_bus 0000:00: resource 7 [mem 0x000c8000-0x000cffff window]
