2024年 06月 30日 星期日 13:56:44 CST
pgmigrate_success 14982
pgmigrate_fail 3
pgmigrate_dst_node_full_fail 0
pgmigrate_numa_isolate_fail 28
pgmigrate_nomem_fail 2
pgmigrate_refcount_fail 0
thp_fault_alloc 0
thp_fault_fallback 0
thp_collapse_alloc 0
thp_collapse_alloc_failed 0
thp_file_alloc 0
thp_file_mapped 0
thp_split_page 0
thp_split_page_failed 0
thp_deferred_split_page 0
thp_split_pmd 0
thp_split_pud 0
thp_zero_page_alloc 0
thp_zero_page_alloc_failed 0
thp_swpout 0
thp_swpout_fallback 0
MemTotal:       1123315204 kB
MemFree:        1092574288 kB
MemAvailable:   1090278048 kB
Buffers:            9248 kB
Cached:           433568 kB
SwapCached:            0 kB
Active:           453664 kB
Inactive:         569608 kB
Active(anon):     289580 kB
Inactive(anon):   298324 kB
Active(file):     164084 kB
Inactive(file):   271284 kB
Unevictable:           0 kB
Mlocked:               0 kB
SwapTotal:       2097148 kB
SwapFree:        2097148 kB
Dirty:               604 kB
Writeback:             0 kB
AnonPages:        582640 kB
Mapped:           429232 kB
Shmem:              6208 kB
KReclaimable:     250752 kB
Slab:             618424 kB
SReclaimable:     250752 kB
SUnreclaim:       367672 kB
KernelStack:       34644 kB
PageTables:        27848 kB
NFS_Unstable:          0 kB
Bounce:                0 kB
WritebackTmp:          0 kB
CommitLimit:    563754748 kB
Committed_AS:    6752908 kB
VmallocTotal:   34359738367 kB
VmallocUsed:      162628 kB
VmallocChunk:          0 kB
Percpu:           121856 kB
HardwareCorrupted:     0 kB
AnonHugePages:         0 kB
ShmemHugePages:        0 kB
ShmemPmdMapped:        0 kB
CmaTotal:              0 kB
CmaFree:               0 kB
HugePages_Total:       0
HugePages_Free:        0
HugePages_Rsvd:        0
HugePages_Surp:        0
Hugepagesize:       2048 kB
Hugetlb:               0 kB
DirectMap4k:     1164772 kB
DirectMap2M:     8757248 kB
DirectMap1G:    1179648000 kB
2024年 06月 30日 星期日 14:00:52 CST
pgmigrate_success 14985
pgmigrate_fail 3
pgmigrate_dst_node_full_fail 0
pgmigrate_numa_isolate_fail 28
pgmigrate_nomem_fail 2
pgmigrate_refcount_fail 0
thp_fault_alloc 10942
thp_fault_fallback 0
thp_collapse_alloc 0
thp_collapse_alloc_failed 3
thp_file_alloc 0
thp_file_mapped 0
thp_split_page 0
thp_split_page_failed 0
thp_deferred_split_page 10941
thp_split_pmd 0
thp_split_pud 0
thp_zero_page_alloc 0
thp_zero_page_alloc_failed 0
thp_swpout 0
thp_swpout_fallback 0
MemTotal:       1123315204 kB
MemFree:        1080225668 kB
MemAvailable:   1089335700 kB
Buffers:           13376 kB
Cached:         12868784 kB
SwapCached:            0 kB
Active:           458540 kB
Inactive:       13004700 kB
Active(anon):     289300 kB
Inactive(anon):   298348 kB
Active(file):     169240 kB
Inactive(file): 12706352 kB
Unevictable:           0 kB
Mlocked:               0 kB
SwapTotal:       2097148 kB
SwapFree:        2097148 kB
Dirty:                 4 kB
Writeback:             0 kB
AnonPages:        582048 kB
Mapped:           429448 kB
Shmem:              6204 kB
KReclaimable:     264380 kB
Slab:             632364 kB
SReclaimable:     264380 kB
SUnreclaim:       367984 kB
KernelStack:       33904 kB
PageTables:        27508 kB
NFS_Unstable:          0 kB
Bounce:                0 kB
WritebackTmp:          0 kB
CommitLimit:    563754748 kB
Committed_AS:    6689344 kB
VmallocTotal:   34359738367 kB
VmallocUsed:      161380 kB
VmallocChunk:          0 kB
Percpu:           121856 kB
HardwareCorrupted:     0 kB
AnonHugePages:    196608 kB
ShmemHugePages:        0 kB
ShmemPmdMapped:        0 kB
CmaTotal:              0 kB
CmaFree:               0 kB
HugePages_Total:       0
HugePages_Free:        0
HugePages_Rsvd:        0
HugePages_Surp:        0
Hugepagesize:       2048 kB
Hugetlb:               0 kB
DirectMap4k:     1164772 kB
DirectMap2M:     8757248 kB
DirectMap1G:    1179648000 kB
