[    0.000000] Linux version 5.15.0-tiering-0.8 (xmu@xmu-PowerEdge-R750) (gcc (Ubuntu 8.4.0-1ubuntu1~18.04) 8.4.0, GNU ld (GNU Binutils for Ubuntu) 2.30) #1 SMP Thu Apr 18 19:37:58 CST 2024
[    0.000000] Command line: BOOT_IMAGE=/boot/vmlinuz-5.15.0-tiering-0.8 root=UUID=ce0c24b8-724b-4f33-9b2c-618433560aef ro memmap=48196M!4096M memmap=59G!64G quiet splash nomodeset vt.handoff=1
[    0.000000] KERNEL supported cpus:
[    0.000000]   Intel GenuineIntel
[    0.000000]   AMD AuthenticAMD
[    0.000000]   Hygon HygonGenuine
[    0.000000]   Centaur CentaurHauls
[    0.000000]   zhaoxin   Shanghai  
[    0.000000] x86/split lock detection: #AC: crashing the kernel on kernel split_locks and warning on user-space split_locks
[    0.000000] x86/fpu: Supporting XSAVE feature 0x001: 'x87 floating point registers'
[    0.000000] x86/fpu: Supporting XSAVE feature 0x002: 'SSE registers'
[    0.000000] x86/fpu: Supporting XSAVE feature 0x004: 'AVX registers'
[    0.000000] x86/fpu: Supporting XSAVE feature 0x020: 'AVX-512 opmask'
[    0.000000] x86/fpu: Supporting XSAVE feature 0x040: 'AVX-512 Hi256'
[    0.000000] x86/fpu: Supporting XSAVE feature 0x080: 'AVX-512 ZMM_Hi256'
[    0.000000] x86/fpu: Supporting XSAVE feature 0x200: 'Protection Keys User registers'
[    0.000000] x86/fpu: xstate_offset[2]:  576, xstate_sizes[2]:  256
[    0.000000] x86/fpu: xstate_offset[5]:  832, xstate_sizes[5]:   64
[    0.000000] x86/fpu: xstate_offset[6]:  896, xstate_sizes[6]:  512
[    0.000000] x86/fpu: xstate_offset[7]: 1408, xstate_sizes[7]: 1024
[    0.000000] x86/fpu: xstate_offset[9]: 2432, xstate_sizes[9]:    8
[    0.000000] x86/fpu: Enabled xstate features 0x2e7, context size is 2440 bytes, using 'compacted' format.
[    0.000000] signal: max sigframe size: 3632
[    0.000000] BIOS-provided physical RAM map:
[    0.000000] BIOS-e820: [mem 0x0000000000000000-0x000000000008efff] usable
[    0.000000] BIOS-e820: [mem 0x000000000008f000-0x000000000008ffff] reserved
[    0.000000] BIOS-e820: [mem 0x0000000000090000-0x000000000009ffff] usable
[    0.000000] BIOS-e820: [mem 0x00000000000a0000-0x00000000000fffff] reserved
[    0.000000] BIOS-e820: [mem 0x0000000000100000-0x0000000049e76fff] usable
[    0.000000] BIOS-e820: [mem 0x0000000049e77000-0x000000004ae76fff] ACPI NVS
[    0.000000] BIOS-e820: [mem 0x000000004ae77000-0x000000004b2cefff] usable
[    0.000000] BIOS-e820: [mem 0x000000004b2cf000-0x000000004b54dfff] ACPI data
[    0.000000] BIOS-e820: [mem 0x000000004b54e000-0x000000004bd93fff] usable
[    0.000000] BIOS-e820: [mem 0x000000004bd94000-0x000000004be99fff] reserved
[    0.000000] BIOS-e820: [mem 0x000000004be9a000-0x000000004cdfffff] usable
[    0.000000] BIOS-e820: [mem 0x000000004ce00000-0x000000004cffffff] reserved
[    0.000000] BIOS-e820: [mem 0x000000004d000000-0x000000005eefdfff] usable
[    0.000000] BIOS-e820: [mem 0x000000005eefe000-0x000000006e3fefff] reserved
[    0.000000] BIOS-e820: [mem 0x000000006e3ff000-0x000000006f3fefff] ACPI NVS
[    0.000000] BIOS-e820: [mem 0x000000006f3ff000-0x000000006f7fefff] ACPI data
[    0.000000] BIOS-e820: [mem 0x000000006f7ff000-0x000000006f7fffff] usable
[    0.000000] BIOS-e820: [mem 0x000000006f800000-0x000000008fffffff] reserved
[    0.000000] BIOS-e820: [mem 0x00000000fe000000-0x00000000fe010fff] reserved
[    0.000000] BIOS-e820: [mem 0x0000000100000000-0x000000207fffffff] usable
[    0.000000] BIOS-e820: [mem 0x0000002080000000-0x0000011c7fffffff] persistent (type 7)
[    0.000000] BIOS-e820: [mem 0x00001ffc00000000-0x00001fffffffffff] reserved
[    0.000000] NX (Execute Disable) protection: active
[    0.000000] e820: update [mem 0x46d5d020-0x46d6505f] usable ==> usable
[    0.000000] e820: update [mem 0x46d5d020-0x46d6505f] usable ==> usable
[    0.000000] e820: update [mem 0x46d2a020-0x46d5cc5f] usable ==> usable
[    0.000000] e820: update [mem 0x46d2a020-0x46d5cc5f] usable ==> usable
[    0.000000] e820: update [mem 0x46cf7020-0x46d29c5f] usable ==> usable
[    0.000000] e820: update [mem 0x46cf7020-0x46d29c5f] usable ==> usable
[    0.000000] e820: update [mem 0x46cc5020-0x46cf6a5f] usable ==> usable
[    0.000000] e820: update [mem 0x46cc5020-0x46cf6a5f] usable ==> usable
[    0.000000] extended physical RAM map:
[    0.000000] reserve setup_data: [mem 0x0000000000000000-0x000000000008efff] usable
[    0.000000] reserve setup_data: [mem 0x000000000008f000-0x000000000008ffff] reserved
[    0.000000] reserve setup_data: [mem 0x0000000000090000-0x000000000009ffff] usable
[    0.000000] reserve setup_data: [mem 0x00000000000a0000-0x00000000000fffff] reserved
[    0.000000] reserve setup_data: [mem 0x0000000000100000-0x0000000046cc501f] usable
[    0.000000] reserve setup_data: [mem 0x0000000046cc5020-0x0000000046cf6a5f] usable
[    0.000000] reserve setup_data: [mem 0x0000000046cf6a60-0x0000000046cf701f] usable
[    0.000000] reserve setup_data: [mem 0x0000000046cf7020-0x0000000046d29c5f] usable
[    0.000000] reserve setup_data: [mem 0x0000000046d29c60-0x0000000046d2a01f] usable
[    0.000000] reserve setup_data: [mem 0x0000000046d2a020-0x0000000046d5cc5f] usable
[    0.000000] reserve setup_data: [mem 0x0000000046d5cc60-0x0000000046d5d01f] usable
[    0.000000] reserve setup_data: [mem 0x0000000046d5d020-0x0000000046d6505f] usable
[    0.000000] reserve setup_data: [mem 0x0000000046d65060-0x0000000049e76fff] usable
[    0.000000] reserve setup_data: [mem 0x0000000049e77000-0x000000004ae76fff] ACPI NVS
[    0.000000] reserve setup_data: [mem 0x000000004ae77000-0x000000004b2cefff] usable
[    0.000000] reserve setup_data: [mem 0x000000004b2cf000-0x000000004b54dfff] ACPI data
[    0.000000] reserve setup_data: [mem 0x000000004b54e000-0x000000004bd93fff] usable
[    0.000000] reserve setup_data: [mem 0x000000004bd94000-0x000000004be99fff] reserved
[    0.000000] reserve setup_data: [mem 0x000000004be9a000-0x000000004cdfffff] usable
[    0.000000] reserve setup_data: [mem 0x000000004ce00000-0x000000004cffffff] reserved
[    0.000000] reserve setup_data: [mem 0x000000004d000000-0x000000005eefdfff] usable
[    0.000000] reserve setup_data: [mem 0x000000005eefe000-0x000000006e3fefff] reserved
[    0.000000] reserve setup_data: [mem 0x000000006e3ff000-0x000000006f3fefff] ACPI NVS
[    0.000000] reserve setup_data: [mem 0x000000006f3ff000-0x000000006f7fefff] ACPI data
[    0.000000] reserve setup_data: [mem 0x000000006f7ff000-0x000000006f7fffff] usable
[    0.000000] reserve setup_data: [mem 0x000000006f800000-0x000000008fffffff] reserved
[    0.000000] reserve setup_data: [mem 0x00000000fe000000-0x00000000fe010fff] reserved
[    0.000000] reserve setup_data: [mem 0x0000000100000000-0x0000000cc43fffff] persistent (type 12)
[    0.000000] reserve setup_data: [mem 0x0000000cc4400000-0x0000000fffffffff] usable
[    0.000000] reserve setup_data: [mem 0x0000001000000000-0x0000001ebfffffff] persistent (type 12)
[    0.000000] reserve setup_data: [mem 0x0000001ec0000000-0x000000207fffffff] usable
[    0.000000] reserve setup_data: [mem 0x0000002080000000-0x0000011c7fffffff] persistent (type 7)
[    0.000000] reserve setup_data: [mem 0x00001ffc00000000-0x00001fffffffffff] reserved
[    0.000000] user-defined physical RAM map:
[    0.000000] user: [mem 0x0000000000000000-0x000000000008efff] usable
[    0.000000] user: [mem 0x000000000008f000-0x000000000008ffff] reserved
[    0.000000] user: [mem 0x0000000000090000-0x000000000009ffff] usable
[    0.000000] user: [mem 0x00000000000a0000-0x00000000000fffff] reserved
[    0.000000] user: [mem 0x0000000000100000-0x0000000046cc501f] usable
[    0.000000] user: [mem 0x0000000046cc5020-0x0000000046cf6a5f] usable
[    0.000000] user: [mem 0x0000000046cf6a60-0x0000000046cf701f] usable
[    0.000000] user: [mem 0x0000000046cf7020-0x0000000046d29c5f] usable
[    0.000000] user: [mem 0x0000000046d29c60-0x0000000046d2a01f] usable
[    0.000000] user: [mem 0x0000000046d2a020-0x0000000046d5cc5f] usable
[    0.000000] user: [mem 0x0000000046d5cc60-0x0000000046d5d01f] usable
[    0.000000] user: [mem 0x0000000046d5d020-0x0000000046d6505f] usable
[    0.000000] user: [mem 0x0000000046d65060-0x0000000049e76fff] usable
[    0.000000] user: [mem 0x0000000049e77000-0x000000004ae76fff] ACPI NVS
[    0.000000] user: [mem 0x000000004ae77000-0x000000004b2cefff] usable
[    0.000000] user: [mem 0x000000004b2cf000-0x000000004b54dfff] ACPI data
[    0.000000] user: [mem 0x000000004b54e000-0x000000004bd93fff] usable
[    0.000000] user: [mem 0x000000004bd94000-0x000000004be99fff] reserved
[    0.000000] user: [mem 0x000000004be9a000-0x000000004cdfffff] usable
[    0.000000] user: [mem 0x000000004ce00000-0x000000004cffffff] reserved
[    0.000000] user: [mem 0x000000004d000000-0x000000005eefdfff] usable
[    0.000000] user: [mem 0x000000005eefe000-0x000000006e3fefff] reserved
[    0.000000] user: [mem 0x000000006e3ff000-0x000000006f3fefff] ACPI NVS
[    0.000000] user: [mem 0x000000006f3ff000-0x000000006f7fefff] ACPI data
[    0.000000] user: [mem 0x000000006f7ff000-0x000000006f7fffff] usable
[    0.000000] user: [mem 0x000000006f800000-0x000000008fffffff] reserved
[    0.000000] user: [mem 0x00000000fe000000-0x00000000fe010fff] reserved
[    0.000000] user: [mem 0x0000000100000000-0x0000000cc43fffff] persistent (type 12)
[    0.000000] user: [mem 0x0000000cc4400000-0x0000000fffffffff] usable
[    0.000000] user: [mem 0x0000001000000000-0x0000001ebfffffff] persistent (type 12)
[    0.000000] user: [mem 0x0000001ec0000000-0x000000207fffffff] usable
[    0.000000] user: [mem 0x0000002080000000-0x0000011c7fffffff] persistent (type 7)
[    0.000000] user: [mem 0x00001ffc00000000-0x00001fffffffffff] reserved
[    0.000000] efi: EFI v2.70 by Dell Inc.
[    0.000000] efi: ACPI=0x6f7fe000 ACPI 2.0=0x6f7fe014 MEMATTR=0x5b070020 SMBIOS=0x69526000 SMBIOS 3.0=0x69524000 MOKvar=0x5ef81000 RNG=0x5ef8a920 
[    0.000000] efi: seeding entropy pool
[    0.000000] random: fast init done
[    0.000000] SMBIOS 3.3.0 present.
[    0.000000] DMI: Dell Inc. PowerEdge R750/0K8F35, BIOS 1.10.2 03/03/2023
[    0.000000] tsc: Detected 2000.000 MHz processor
[    0.000006] e820: update [mem 0x00000000-0x00000fff] usable ==> reserved
[    0.000009] e820: remove [mem 0x000a0000-0x000fffff] usable
[    0.000017] last_pfn = 0x2080000 max_arch_pfn = 0x400000000
[    0.000193] x86/PAT: Configuration [0-7]: WB  WC  UC- UC  WB  WP  UC- WT  
[    0.002805] total RAM covered: 2095088M
[    0.002887]  gran_size: 64K 	chunk_size: 64K 	num_reg: 10  	lose cover RAM: 2016G
[    0.002890]  gran_size: 64K 	chunk_size: 128K 	num_reg: 10  	lose cover RAM: 2016G
[    0.002892]  gran_size: 64K 	chunk_size: 256K 	num_reg: 10  	lose cover RAM: 2016G
[    0.002893]  gran_size: 64K 	chunk_size: 512K 	num_reg: 10  	lose cover RAM: 2016G
[    0.002895]  gran_size: 64K 	chunk_size: 1M 	num_reg: 10  	lose cover RAM: 2016G
[    0.002896]  gran_size: 64K 	chunk_size: 2M 	num_reg: 10  	lose cover RAM: 2016G
[    0.002898]  gran_size: 64K 	chunk_size: 4M 	num_reg: 10  	lose cover RAM: 2016G
[    0.002899]  gran_size: 64K 	chunk_size: 8M 	num_reg: 10  	lose cover RAM: 2016G
[    0.002900]  gran_size: 64K 	chunk_size: 16M 	num_reg: 10  	lose cover RAM: 2016G
[    0.002901]  gran_size: 64K 	chunk_size: 32M 	num_reg: 10  	lose cover RAM: 1024G
[    0.002903]  gran_size: 64K 	chunk_size: 64M 	num_reg: 10  	lose cover RAM: 1024G
[    0.002904]  gran_size: 64K 	chunk_size: 128M 	num_reg: 10  	lose cover RAM: 1024G
[    0.002905]  gran_size: 64K 	chunk_size: 256M 	num_reg: 10  	lose cover RAM: 1024G
[    0.002906]  gran_size: 64K 	chunk_size: 512M 	num_reg: 10  	lose cover RAM: 1024G
[    0.002907]  gran_size: 64K 	chunk_size: 1G 	num_reg: 10  	lose cover RAM: 1024G
[    0.002909]  gran_size: 64K 	chunk_size: 2G 	num_reg: 10  	lose cover RAM: 1024G
[    0.002910]  gran_size: 128K 	chunk_size: 128K 	num_reg: 10  	lose cover RAM: 2016G
[    0.002911]  gran_size: 128K 	chunk_size: 256K 	num_reg: 10  	lose cover RAM: 2016G
[    0.002913]  gran_size: 128K 	chunk_size: 512K 	num_reg: 10  	lose cover RAM: 2016G
[    0.002914]  gran_size: 128K 	chunk_size: 1M 	num_reg: 10  	lose cover RAM: 2016G
[    0.002915]  gran_size: 128K 	chunk_size: 2M 	num_reg: 10  	lose cover RAM: 2016G
[    0.002917]  gran_size: 128K 	chunk_size: 4M 	num_reg: 10  	lose cover RAM: 2016G
[    0.002918]  gran_size: 128K 	chunk_size: 8M 	num_reg: 10  	lose cover RAM: 2016G
[    0.002919]  gran_size: 128K 	chunk_size: 16M 	num_reg: 10  	lose cover RAM: 2016G
[    0.002920]  gran_size: 128K 	chunk_size: 32M 	num_reg: 10  	lose cover RAM: 1024G
[    0.002922]  gran_size: 128K 	chunk_size: 64M 	num_reg: 10  	lose cover RAM: 1024G
[    0.002923]  gran_size: 128K 	chunk_size: 128M 	num_reg: 10  	lose cover RAM: 1024G
[    0.002924]  gran_size: 128K 	chunk_size: 256M 	num_reg: 10  	lose cover RAM: 1024G
[    0.002925]  gran_size: 128K 	chunk_size: 512M 	num_reg: 10  	lose cover RAM: 1024G
[    0.002927]  gran_size: 128K 	chunk_size: 1G 	num_reg: 10  	lose cover RAM: 1024G
[    0.002928]  gran_size: 128K 	chunk_size: 2G 	num_reg: 10  	lose cover RAM: 1024G
[    0.002930]  gran_size: 256K 	chunk_size: 256K 	num_reg: 10  	lose cover RAM: 2016G
[    0.002931]  gran_size: 256K 	chunk_size: 512K 	num_reg: 10  	lose cover RAM: 2016G
[    0.002932]  gran_size: 256K 	chunk_size: 1M 	num_reg: 10  	lose cover RAM: 2016G
[    0.002934]  gran_size: 256K 	chunk_size: 2M 	num_reg: 10  	lose cover RAM: 2016G
[    0.002935]  gran_size: 256K 	chunk_size: 4M 	num_reg: 10  	lose cover RAM: 2016G
[    0.002936]  gran_size: 256K 	chunk_size: 8M 	num_reg: 10  	lose cover RAM: 2016G
[    0.002937]  gran_size: 256K 	chunk_size: 16M 	num_reg: 10  	lose cover RAM: 2016G
[    0.002939]  gran_size: 256K 	chunk_size: 32M 	num_reg: 10  	lose cover RAM: 1024G
[    0.002940]  gran_size: 256K 	chunk_size: 64M 	num_reg: 10  	lose cover RAM: 1024G
[    0.002941]  gran_size: 256K 	chunk_size: 128M 	num_reg: 10  	lose cover RAM: 1024G
[    0.002942]  gran_size: 256K 	chunk_size: 256M 	num_reg: 10  	lose cover RAM: 1024G
[    0.002944]  gran_size: 256K 	chunk_size: 512M 	num_reg: 10  	lose cover RAM: 1024G
[    0.002945]  gran_size: 256K 	chunk_size: 1G 	num_reg: 10  	lose cover RAM: 1024G
[    0.002946]  gran_size: 256K 	chunk_size: 2G 	num_reg: 10  	lose cover RAM: 1024G
[    0.002948]  gran_size: 512K 	chunk_size: 512K 	num_reg: 10  	lose cover RAM: 2016G
[    0.002949]  gran_size: 512K 	chunk_size: 1M 	num_reg: 10  	lose cover RAM: 2016G
[    0.002951]  gran_size: 512K 	chunk_size: 2M 	num_reg: 10  	lose cover RAM: 2016G
[    0.002952]  gran_size: 512K 	chunk_size: 4M 	num_reg: 10  	lose cover RAM: 2016G
[    0.002953]  gran_size: 512K 	chunk_size: 8M 	num_reg: 10  	lose cover RAM: 2016G
[    0.002955]  gran_size: 512K 	chunk_size: 16M 	num_reg: 10  	lose cover RAM: 2016G
[    0.002956]  gran_size: 512K 	chunk_size: 32M 	num_reg: 10  	lose cover RAM: 1024G
[    0.002957]  gran_size: 512K 	chunk_size: 64M 	num_reg: 10  	lose cover RAM: 1024G
[    0.002958]  gran_size: 512K 	chunk_size: 128M 	num_reg: 10  	lose cover RAM: 1024G
[    0.002960]  gran_size: 512K 	chunk_size: 256M 	num_reg: 10  	lose cover RAM: 1024G
[    0.002961]  gran_size: 512K 	chunk_size: 512M 	num_reg: 10  	lose cover RAM: 1024G
[    0.002962]  gran_size: 512K 	chunk_size: 1G 	num_reg: 10  	lose cover RAM: 1024G
[    0.002964]  gran_size: 512K 	chunk_size: 2G 	num_reg: 10  	lose cover RAM: 1024G
[    0.002965]  gran_size: 1M 	chunk_size: 1M 	num_reg: 10  	lose cover RAM: 2016G
[    0.002966]  gran_size: 1M 	chunk_size: 2M 	num_reg: 10  	lose cover RAM: 2016G
[    0.002967]  gran_size: 1M 	chunk_size: 4M 	num_reg: 10  	lose cover RAM: 2016G
[    0.002969]  gran_size: 1M 	chunk_size: 8M 	num_reg: 10  	lose cover RAM: 2016G
[    0.002970]  gran_size: 1M 	chunk_size: 16M 	num_reg: 10  	lose cover RAM: 2016G
[    0.002971]  gran_size: 1M 	chunk_size: 32M 	num_reg: 10  	lose cover RAM: 1024G
[    0.002972]  gran_size: 1M 	chunk_size: 64M 	num_reg: 10  	lose cover RAM: 1024G
[    0.002974]  gran_size: 1M 	chunk_size: 128M 	num_reg: 10  	lose cover RAM: 1024G
[    0.002975]  gran_size: 1M 	chunk_size: 256M 	num_reg: 10  	lose cover RAM: 1024G
[    0.002976]  gran_size: 1M 	chunk_size: 512M 	num_reg: 10  	lose cover RAM: 1024G
[    0.002977]  gran_size: 1M 	chunk_size: 1G 	num_reg: 10  	lose cover RAM: 1024G
[    0.002979]  gran_size: 1M 	chunk_size: 2G 	num_reg: 10  	lose cover RAM: 1024G
[    0.002980]  gran_size: 2M 	chunk_size: 2M 	num_reg: 10  	lose cover RAM: 2016G
[    0.002981]  gran_size: 2M 	chunk_size: 4M 	num_reg: 10  	lose cover RAM: 2016G
[    0.002982]  gran_size: 2M 	chunk_size: 8M 	num_reg: 10  	lose cover RAM: 2016G
[    0.002984]  gran_size: 2M 	chunk_size: 16M 	num_reg: 10  	lose cover RAM: 2016G
[    0.002985]  gran_size: 2M 	chunk_size: 32M 	num_reg: 10  	lose cover RAM: 1024G
[    0.002986]  gran_size: 2M 	chunk_size: 64M 	num_reg: 10  	lose cover RAM: 1024G
[    0.002988]  gran_size: 2M 	chunk_size: 128M 	num_reg: 10  	lose cover RAM: 1024G
[    0.002989]  gran_size: 2M 	chunk_size: 256M 	num_reg: 10  	lose cover RAM: 1024G
[    0.002991]  gran_size: 2M 	chunk_size: 512M 	num_reg: 10  	lose cover RAM: 1024G
[    0.002992]  gran_size: 2M 	chunk_size: 1G 	num_reg: 10  	lose cover RAM: 1024G
[    0.002993]  gran_size: 2M 	chunk_size: 2G 	num_reg: 10  	lose cover RAM: 1024G
[    0.002995]  gran_size: 4M 	chunk_size: 4M 	num_reg: 10  	lose cover RAM: 2016G
[    0.002996]  gran_size: 4M 	chunk_size: 8M 	num_reg: 10  	lose cover RAM: 2016G
[    0.002997]  gran_size: 4M 	chunk_size: 16M 	num_reg: 10  	lose cover RAM: 2016G
[    0.002998]  gran_size: 4M 	chunk_size: 32M 	num_reg: 10  	lose cover RAM: 1024G
[    0.003000]  gran_size: 4M 	chunk_size: 64M 	num_reg: 10  	lose cover RAM: 1024G
[    0.003001]  gran_size: 4M 	chunk_size: 128M 	num_reg: 10  	lose cover RAM: 1024G
[    0.003002]  gran_size: 4M 	chunk_size: 256M 	num_reg: 10  	lose cover RAM: 1024G
[    0.003003]  gran_size: 4M 	chunk_size: 512M 	num_reg: 10  	lose cover RAM: 1024G
[    0.003004]  gran_size: 4M 	chunk_size: 1G 	num_reg: 10  	lose cover RAM: 1024G
[    0.003006]  gran_size: 4M 	chunk_size: 2G 	num_reg: 10  	lose cover RAM: 1024G
[    0.003007]  gran_size: 8M 	chunk_size: 8M 	num_reg: 10  	lose cover RAM: 2016G
[    0.003008]  gran_size: 8M 	chunk_size: 16M 	num_reg: 10  	lose cover RAM: 2016G
[    0.003010]  gran_size: 8M 	chunk_size: 32M 	num_reg: 10  	lose cover RAM: 1024G
[    0.003011]  gran_size: 8M 	chunk_size: 64M 	num_reg: 10  	lose cover RAM: 1024G
[    0.003012]  gran_size: 8M 	chunk_size: 128M 	num_reg: 10  	lose cover RAM: 1024G
[    0.003014]  gran_size: 8M 	chunk_size: 256M 	num_reg: 10  	lose cover RAM: 1024G
[    0.003015]  gran_size: 8M 	chunk_size: 512M 	num_reg: 10  	lose cover RAM: 1024G
[    0.003016]  gran_size: 8M 	chunk_size: 1G 	num_reg: 10  	lose cover RAM: 1024G
[    0.003018]  gran_size: 8M 	chunk_size: 2G 	num_reg: 10  	lose cover RAM: 1024G
[    0.003019]  gran_size: 16M 	chunk_size: 16M 	num_reg: 10  	lose cover RAM: 2016G
[    0.003020]  gran_size: 16M 	chunk_size: 32M 	num_reg: 10  	lose cover RAM: 1024G
[    0.003021]  gran_size: 16M 	chunk_size: 64M 	num_reg: 10  	lose cover RAM: 1024G
[    0.003023]  gran_size: 16M 	chunk_size: 128M 	num_reg: 10  	lose cover RAM: 1024G
[    0.003024]  gran_size: 16M 	chunk_size: 256M 	num_reg: 10  	lose cover RAM: 1024G
[    0.003025]  gran_size: 16M 	chunk_size: 512M 	num_reg: 10  	lose cover RAM: 1024G
[    0.003027]  gran_size: 16M 	chunk_size: 1G 	num_reg: 10  	lose cover RAM: 1024G
[    0.003028]  gran_size: 16M 	chunk_size: 2G 	num_reg: 10  	lose cover RAM: 1024G
[    0.003029]  gran_size: 32M 	chunk_size: 32M 	num_reg: 10  	lose cover RAM: 2031632M
[    0.003031]  gran_size: 32M 	chunk_size: 64M 	num_reg: 10  	lose cover RAM: 1048592M
[    0.003032]  gran_size: 32M 	chunk_size: 128M 	num_reg: 10  	lose cover RAM: 1048592M
[    0.003033]  gran_size: 32M 	chunk_size: 256M 	num_reg: 10  	lose cover RAM: 1048592M
[    0.003034]  gran_size: 32M 	chunk_size: 512M 	num_reg: 10  	lose cover RAM: 1048592M
[    0.003036]  gran_size: 32M 	chunk_size: 1G 	num_reg: 10  	lose cover RAM: 1048592M
[    0.003037]  gran_size: 32M 	chunk_size: 2G 	num_reg: 10  	lose cover RAM: 1048592M
[    0.003038]  gran_size: 64M 	chunk_size: 64M 	num_reg: 10  	lose cover RAM: 1966128M
[    0.003040]  gran_size: 64M 	chunk_size: 128M 	num_reg: 10  	lose cover RAM: 1048624M
[    0.003041]  gran_size: 64M 	chunk_size: 256M 	num_reg: 10  	lose cover RAM: 1048624M
[    0.003042]  gran_size: 64M 	chunk_size: 512M 	num_reg: 10  	lose cover RAM: 1048624M
[    0.003043]  gran_size: 64M 	chunk_size: 1G 	num_reg: 10  	lose cover RAM: 1048624M
[    0.003045]  gran_size: 64M 	chunk_size: 2G 	num_reg: 10  	lose cover RAM: 1048624M
[    0.003046]  gran_size: 128M 	chunk_size: 128M 	num_reg: 10  	lose cover RAM: 1835120M
[    0.003047]  gran_size: 128M 	chunk_size: 256M 	num_reg: 10  	lose cover RAM: 1048688M
[    0.003049]  gran_size: 128M 	chunk_size: 512M 	num_reg: 10  	lose cover RAM: 1048688M
[    0.003050]  gran_size: 128M 	chunk_size: 1G 	num_reg: 10  	lose cover RAM: 1048688M
[    0.003052]  gran_size: 128M 	chunk_size: 2G 	num_reg: 10  	lose cover RAM: 1048688M
[    0.003053]  gran_size: 256M 	chunk_size: 256M 	num_reg: 10  	lose cover RAM: 1573104M
[    0.003054]  gran_size: 256M 	chunk_size: 512M 	num_reg: 10  	lose cover RAM: 1048816M
[    0.003056]  gran_size: 256M 	chunk_size: 1G 	num_reg: 10  	lose cover RAM: 1048816M
[    0.003057]  gran_size: 256M 	chunk_size: 2G 	num_reg: 10  	lose cover RAM: 1048816M
[    0.003058]  gran_size: 512M 	chunk_size: 512M 	num_reg: 10  	lose cover RAM: 1049072M
[    0.003060]  gran_size: 512M 	chunk_size: 1G 	num_reg: 10  	lose cover RAM: 1049072M
[    0.003061]  gran_size: 512M 	chunk_size: 2G 	num_reg: 10  	lose cover RAM: 1049072M
[    0.003062]  gran_size: 1G 	chunk_size: 1G 	num_reg: 10  	lose cover RAM: 1008M
[    0.003063]  gran_size: 1G 	chunk_size: 2G 	num_reg: 10  	lose cover RAM: 1008M
[    0.003065]  gran_size: 2G 	chunk_size: 2G 	num_reg: 9  	lose cover RAM: 2032M
[    0.003066] mtrr_cleanup: can not find optimal value
[    0.003067] please specify mtrr_gran_size/mtrr_chunk_size
[    0.003069] e820: update [mem 0x7f000000-0xffffffff] usable ==> reserved
[    0.003072] x2apic: enabled by BIOS, switching to x2apic ops
[    0.003073] last_pfn = 0x6f800 max_arch_pfn = 0x400000000
[    0.014401] Using GB pages for direct mapping
[    0.015315] Secure boot disabled
[    0.015316] RAMDISK: [mem 0x205cb7c000-0x207fffffff]
[    0.015321] ACPI: Early table checksum verification disabled
[    0.015323] ACPI: RSDP 0x000000006F7FE014 000024 (v02 DELL  )
[    0.015327] ACPI: XSDT 0x000000006F41C188 0000F4 (v01 DELL   PE_SC3   00000000 DELL 01000013)
[    0.015332] ACPI: FACP 0x000000006F430000 000114 (v06 DELL   PE_SC3   00000000 DELL 00000001)
[    0.015338] ACPI: DSDT 0x000000004B4CE000 07FAD3 (v02 DELL   PE_SC3   00000003 DELL 00000001)
[    0.015341] ACPI: FACS 0x000000006F2F2000 000040
[    0.015344] ACPI: SSDT 0x000000006F7FB000 00159A (v02 INTEL  RAS_ACPI 00000001 INTL 20210331)
[    0.015348] ACPI: SSDT 0x000000006F7FA000 000745 (v02 INTEL  ADDRXLAT 00000001 INTL 20210331)
[    0.015351] ACPI: MCEJ 0x000000006F7F9000 000130 (v01 INTEL           00000001 INTL 0100000D)
[    0.015354] ACPI: BERT 0x000000006F7F8000 000030 (v01 DELL   PE_SC3   00000001 INTL 00000001)
[    0.015358] ACPI: ERST 0x000000006F7F7000 000230 (v01 DELL   PE_SC3   00000001 INTL 00000001)
[    0.015361] ACPI: SSDT 0x000000006F431000 3C524E (v02 INTEL  SSDTNVDR 00001000 INTL 20210331)
[    0.015364] ACPI: HMAT 0x000000006F42F000 000210 (v01 DELL   PE_SC3   00000001 DELL 00000001)
[    0.015367] ACPI: HPET 0x000000006F42E000 000038 (v01 DELL   PE_SC3   00000001 DELL 00000001)
[    0.015371] ACPI: MCFG 0x000000006F42D000 00003C (v01 DELL   PE_SC3   00000001 DELL 00000001)
[    0.015374] ACPI: MIGT 0x000000006F42C000 000040 (v01 DELL   PE_SC3   00000000 DELL 00000001)
[    0.015377] ACPI: MSCT 0x000000006F42B000 000090 (v01 DELL   PE_SC3   00000001 DELL 00000001)
[    0.015380] ACPI: PMTT 0x000000006F429000 0011E8 (v02 DELL   PE_SC3   00000001 DELL 00000001)
[    0.015383] ACPI: WSMT 0x000000006F428000 000028 (v01 DELL   PE_SC3   00000000 DELL 00000001)
[    0.015387] ACPI: APIC 0x000000006F427000 00075E (v04 DELL   PE_SC3   00000000 DELL 00000001)
[    0.015390] ACPI: SLIT 0x000000006F426000 00003C (v01 DELL   PE_SC3   00000001 DELL 01000013)
[    0.015393] ACPI: SRAT 0x000000006F41F000 006430 (v03 DELL   PE_SC3   00000002 DELL 01000013)
[    0.015396] ACPI: OEM4 0x000000004B346000 187A61 (v02 INTEL  CPU  CST 00003000 INTL 20210331)
[    0.015400] ACPI: SSDT 0x000000004B2CF000 0764A5 (v02 INTEL  SSDT  PM 00004000 INTL 20210331)
[    0.015403] ACPI: SSDT 0x000000006F41E000 000A1F (v02 DELL   PE_SC3   00000000 DELL 00000001)
[    0.015406] ACPI: HEST 0x000000006F41D000 00017C (v01 DELL   PE_SC3   00000001 INTL 00000001)
[    0.015409] ACPI: PCAT 0x000000006F41B000 00010C (v19 DELL   PE_SC3   00000002 DELL 00000001)
[    0.015413] ACPI: SSDT 0x000000006F413000 007299 (v02 INTEL  SpsNm    00000002 INTL 20210331)
[    0.015416] ACPI: SSDT 0x000000006F412000 000426 (v02 DELL   PE_SC3   00000002 DELL 00000001)
[    0.015419] ACPI: NFIT 0x000000006F7FD000 000488 (v01 DELL   PE_SC3   00000002 DELL 00000001)
[    0.015422] ACPI: DMAR 0x000000006F411000 000158 (v01 DELL   PE_SC3   00000001 DELL 00000001)
[    0.015425] ACPI: Reserving FACP table memory at [mem 0x6f430000-0x6f430113]
[    0.015426] ACPI: Reserving DSDT table memory at [mem 0x4b4ce000-0x4b54dad2]
[    0.015427] ACPI: Reserving FACS table memory at [mem 0x6f2f2000-0x6f2f203f]
[    0.015428] ACPI: Reserving SSDT table memory at [mem 0x6f7fb000-0x6f7fc599]
[    0.015429] ACPI: Reserving SSDT table memory at [mem 0x6f7fa000-0x6f7fa744]
[    0.015430] ACPI: Reserving MCEJ table memory at [mem 0x6f7f9000-0x6f7f912f]
[    0.015431] ACPI: Reserving BERT table memory at [mem 0x6f7f8000-0x6f7f802f]
[    0.015432] ACPI: Reserving ERST table memory at [mem 0x6f7f7000-0x6f7f722f]
[    0.015433] ACPI: Reserving SSDT table memory at [mem 0x6f431000-0x6f7f624d]
[    0.015434] ACPI: Reserving HMAT table memory at [mem 0x6f42f000-0x6f42f20f]
[    0.015434] ACPI: Reserving HPET table memory at [mem 0x6f42e000-0x6f42e037]
[    0.015435] ACPI: Reserving MCFG table memory at [mem 0x6f42d000-0x6f42d03b]
[    0.015436] ACPI: Reserving MIGT table memory at [mem 0x6f42c000-0x6f42c03f]
[    0.015437] ACPI: Reserving MSCT table memory at [mem 0x6f42b000-0x6f42b08f]
[    0.015438] ACPI: Reserving PMTT table memory at [mem 0x6f429000-0x6f42a1e7]
[    0.015439] ACPI: Reserving WSMT table memory at [mem 0x6f428000-0x6f428027]
[    0.015440] ACPI: Reserving APIC table memory at [mem 0x6f427000-0x6f42775d]
[    0.015440] ACPI: Reserving SLIT table memory at [mem 0x6f426000-0x6f42603b]
[    0.015441] ACPI: Reserving SRAT table memory at [mem 0x6f41f000-0x6f42542f]
[    0.015442] ACPI: Reserving OEM4 table memory at [mem 0x4b346000-0x4b4cda60]
[    0.015443] ACPI: Reserving SSDT table memory at [mem 0x4b2cf000-0x4b3454a4]
[    0.015444] ACPI: Reserving SSDT table memory at [mem 0x6f41e000-0x6f41ea1e]
[    0.015445] ACPI: Reserving HEST table memory at [mem 0x6f41d000-0x6f41d17b]
[    0.015446] ACPI: Reserving PCAT table memory at [mem 0x6f41b000-0x6f41b10b]
[    0.015447] ACPI: Reserving SSDT table memory at [mem 0x6f413000-0x6f41a298]
[    0.015448] ACPI: Reserving SSDT table memory at [mem 0x6f412000-0x6f412425]
[    0.015449] ACPI: Reserving NFIT table memory at [mem 0x6f7fd000-0x6f7fd487]
[    0.015450] ACPI: Reserving DMAR table memory at [mem 0x6f411000-0x6f411157]
[    0.015460] Setting APIC routing to cluster x2apic.
[    0.015507] SRAT: PXM 0 -> APIC 0x0000 -> Node 0
[    0.015508] SRAT: PXM 0 -> APIC 0x0001 -> Node 0
[    0.015509] SRAT: PXM 0 -> APIC 0x0002 -> Node 0
[    0.015509] SRAT: PXM 0 -> APIC 0x0003 -> Node 0
[    0.015510] SRAT: PXM 0 -> APIC 0x0004 -> Node 0
[    0.015511] SRAT: PXM 0 -> APIC 0x0005 -> Node 0
[    0.015511] SRAT: PXM 0 -> APIC 0x0006 -> Node 0
[    0.015512] SRAT: PXM 0 -> APIC 0x0007 -> Node 0
[    0.015513] SRAT: PXM 0 -> APIC 0x0008 -> Node 0
[    0.015513] SRAT: PXM 0 -> APIC 0x0009 -> Node 0
[    0.015514] SRAT: PXM 0 -> APIC 0x000a -> Node 0
[    0.015514] SRAT: PXM 0 -> APIC 0x000b -> Node 0
[    0.015515] SRAT: PXM 0 -> APIC 0x000c -> Node 0
[    0.015516] SRAT: PXM 0 -> APIC 0x000d -> Node 0
[    0.015516] SRAT: PXM 0 -> APIC 0x000e -> Node 0
[    0.015517] SRAT: PXM 0 -> APIC 0x000f -> Node 0
[    0.015518] SRAT: PXM 0 -> APIC 0x0010 -> Node 0
[    0.015518] SRAT: PXM 0 -> APIC 0x0011 -> Node 0
[    0.015519] SRAT: PXM 0 -> APIC 0x0012 -> Node 0
[    0.015520] SRAT: PXM 0 -> APIC 0x0013 -> Node 0
[    0.015520] SRAT: PXM 0 -> APIC 0x0014 -> Node 0
[    0.015521] SRAT: PXM 0 -> APIC 0x0015 -> Node 0
[    0.015522] SRAT: PXM 0 -> APIC 0x0016 -> Node 0
[    0.015522] SRAT: PXM 0 -> APIC 0x0017 -> Node 0
[    0.015523] SRAT: PXM 0 -> APIC 0x0018 -> Node 0
[    0.015524] SRAT: PXM 0 -> APIC 0x0019 -> Node 0
[    0.015524] SRAT: PXM 0 -> APIC 0x001a -> Node 0
[    0.015525] SRAT: PXM 0 -> APIC 0x001b -> Node 0
[    0.015526] SRAT: PXM 0 -> APIC 0x001c -> Node 0
[    0.015526] SRAT: PXM 0 -> APIC 0x001d -> Node 0
[    0.015527] SRAT: PXM 0 -> APIC 0x001e -> Node 0
[    0.015527] SRAT: PXM 0 -> APIC 0x001f -> Node 0
[    0.015528] SRAT: PXM 0 -> APIC 0x0020 -> Node 0
[    0.015529] SRAT: PXM 0 -> APIC 0x0021 -> Node 0
[    0.015529] SRAT: PXM 0 -> APIC 0x0022 -> Node 0
[    0.015530] SRAT: PXM 0 -> APIC 0x0023 -> Node 0
[    0.015531] SRAT: PXM 0 -> APIC 0x0024 -> Node 0
[    0.015531] SRAT: PXM 0 -> APIC 0x0025 -> Node 0
[    0.015532] SRAT: PXM 0 -> APIC 0x0026 -> Node 0
[    0.015533] SRAT: PXM 0 -> APIC 0x0027 -> Node 0
[    0.015533] SRAT: PXM 0 -> APIC 0x0028 -> Node 0
[    0.015534] SRAT: PXM 0 -> APIC 0x0029 -> Node 0
[    0.015534] SRAT: PXM 0 -> APIC 0x002a -> Node 0
[    0.015535] SRAT: PXM 0 -> APIC 0x002b -> Node 0
[    0.015536] SRAT: PXM 0 -> APIC 0x002c -> Node 0
[    0.015536] SRAT: PXM 0 -> APIC 0x002d -> Node 0
[    0.015537] SRAT: PXM 0 -> APIC 0x002e -> Node 0
[    0.015538] SRAT: PXM 0 -> APIC 0x002f -> Node 0
[    0.015538] SRAT: PXM 0 -> APIC 0x0030 -> Node 0
[    0.015539] SRAT: PXM 0 -> APIC 0x0031 -> Node 0
[    0.015539] SRAT: PXM 0 -> APIC 0x0032 -> Node 0
[    0.015540] SRAT: PXM 0 -> APIC 0x0033 -> Node 0
[    0.015541] SRAT: PXM 0 -> APIC 0x0034 -> Node 0
[    0.015541] SRAT: PXM 0 -> APIC 0x0035 -> Node 0
[    0.015542] SRAT: PXM 0 -> APIC 0x0036 -> Node 0
[    0.015543] SRAT: PXM 0 -> APIC 0x0037 -> Node 0
[    0.015543] SRAT: PXM 1 -> APIC 0x0080 -> Node 1
[    0.015544] SRAT: PXM 1 -> APIC 0x0081 -> Node 1
[    0.015545] SRAT: PXM 1 -> APIC 0x0082 -> Node 1
[    0.015545] SRAT: PXM 1 -> APIC 0x0083 -> Node 1
[    0.015546] SRAT: PXM 1 -> APIC 0x0084 -> Node 1
[    0.015547] SRAT: PXM 1 -> APIC 0x0085 -> Node 1
[    0.015547] SRAT: PXM 1 -> APIC 0x0086 -> Node 1
[    0.015548] SRAT: PXM 1 -> APIC 0x0087 -> Node 1
[    0.015549] SRAT: PXM 1 -> APIC 0x0088 -> Node 1
[    0.015549] SRAT: PXM 1 -> APIC 0x0089 -> Node 1
[    0.015550] SRAT: PXM 1 -> APIC 0x008a -> Node 1
[    0.015550] SRAT: PXM 1 -> APIC 0x008b -> Node 1
[    0.015551] SRAT: PXM 1 -> APIC 0x008c -> Node 1
[    0.015552] SRAT: PXM 1 -> APIC 0x008d -> Node 1
[    0.015552] SRAT: PXM 1 -> APIC 0x008e -> Node 1
[    0.015553] SRAT: PXM 1 -> APIC 0x008f -> Node 1
[    0.015554] SRAT: PXM 1 -> APIC 0x0090 -> Node 1
[    0.015554] SRAT: PXM 1 -> APIC 0x0091 -> Node 1
[    0.015555] SRAT: PXM 1 -> APIC 0x0092 -> Node 1
[    0.015555] SRAT: PXM 1 -> APIC 0x0093 -> Node 1
[    0.015556] SRAT: PXM 1 -> APIC 0x0094 -> Node 1
[    0.015557] SRAT: PXM 1 -> APIC 0x0095 -> Node 1
[    0.015557] SRAT: PXM 1 -> APIC 0x0096 -> Node 1
[    0.015558] SRAT: PXM 1 -> APIC 0x0097 -> Node 1
[    0.015559] SRAT: PXM 1 -> APIC 0x0098 -> Node 1
[    0.015559] SRAT: PXM 1 -> APIC 0x0099 -> Node 1
[    0.015560] SRAT: PXM 1 -> APIC 0x009a -> Node 1
[    0.015561] SRAT: PXM 1 -> APIC 0x009b -> Node 1
[    0.015561] SRAT: PXM 1 -> APIC 0x009c -> Node 1
[    0.015562] SRAT: PXM 1 -> APIC 0x009d -> Node 1
[    0.015562] SRAT: PXM 1 -> APIC 0x009e -> Node 1
[    0.015563] SRAT: PXM 1 -> APIC 0x009f -> Node 1
[    0.015564] SRAT: PXM 1 -> APIC 0x00a0 -> Node 1
[    0.015564] SRAT: PXM 1 -> APIC 0x00a1 -> Node 1
[    0.015565] SRAT: PXM 1 -> APIC 0x00a2 -> Node 1
[    0.015566] SRAT: PXM 1 -> APIC 0x00a3 -> Node 1
[    0.015566] SRAT: PXM 1 -> APIC 0x00a4 -> Node 1
[    0.015567] SRAT: PXM 1 -> APIC 0x00a5 -> Node 1
[    0.015568] SRAT: PXM 1 -> APIC 0x00a6 -> Node 1
[    0.015568] SRAT: PXM 1 -> APIC 0x00a7 -> Node 1
[    0.015569] SRAT: PXM 1 -> APIC 0x00a8 -> Node 1
[    0.015570] SRAT: PXM 1 -> APIC 0x00a9 -> Node 1
[    0.015570] SRAT: PXM 1 -> APIC 0x00aa -> Node 1
[    0.015571] SRAT: PXM 1 -> APIC 0x00ab -> Node 1
[    0.015571] SRAT: PXM 1 -> APIC 0x00ac -> Node 1
[    0.015572] SRAT: PXM 1 -> APIC 0x00ad -> Node 1
[    0.015573] SRAT: PXM 1 -> APIC 0x00ae -> Node 1
[    0.015573] SRAT: PXM 1 -> APIC 0x00af -> Node 1
[    0.015574] SRAT: PXM 1 -> APIC 0x00b0 -> Node 1
[    0.015575] SRAT: PXM 1 -> APIC 0x00b1 -> Node 1
[    0.015575] SRAT: PXM 1 -> APIC 0x00b2 -> Node 1
[    0.015576] SRAT: PXM 1 -> APIC 0x00b3 -> Node 1
[    0.015577] SRAT: PXM 1 -> APIC 0x00b4 -> Node 1
[    0.015577] SRAT: PXM 1 -> APIC 0x00b5 -> Node 1
[    0.015578] SRAT: PXM 1 -> APIC 0x00b6 -> Node 1
[    0.015578] SRAT: PXM 1 -> APIC 0x00b7 -> Node 1
[    0.015591] ACPI: SRAT: Node 0 PXM 0 [mem 0x00000000-0x7fffffff]
[    0.015593] ACPI: SRAT: Node 0 PXM 0 [mem 0x100000000-0x107fffffff]
[    0.015594] ACPI: SRAT: Node 2 PXM 2 [mem 0x2080000000-0x9e7fffffff] non-volatile
[    0.015596] ACPI: SRAT: Node 1 PXM 1 [mem 0x1080000000-0x207fffffff]
[    0.015597] ACPI: SRAT: Node 3 PXM 3 [mem 0x9e80000000-0x11c7fffffff] non-volatile
[    0.015606] NUMA: Initialized distance table, cnt=4
[    0.015608] NUMA: Node 0 [mem 0x00000000-0x7fffffff] + [mem 0x100000000-0x107fffffff] -> [mem 0x00000000-0x107fffffff]
[    0.015617] NODE_DATA(0) allocated [mem 0xffffd5000-0xfffffffff]
[    0.015638] NODE_DATA(1) allocated [mem 0x205cb4d000-0x205cb77fff]
[    0.015834] Zone ranges:
[    0.015835]   DMA      [mem 0x0000000000001000-0x0000000000ffffff]
[    0.015837]   DMA32    [mem 0x0000000001000000-0x00000000ffffffff]
[    0.015838]   Normal   [mem 0x0000000100000000-0x000000207fffffff]
[    0.015839]   Device   empty
[    0.015840] Movable zone start for each node
[    0.015844] Early memory node ranges
[    0.015844]   node   0: [mem 0x0000000000001000-0x000000000008efff]
[    0.015846]   node   0: [mem 0x0000000000090000-0x000000000009ffff]
[    0.015847]   node   0: [mem 0x0000000000100000-0x0000000049e76fff]
[    0.015847]   node   0: [mem 0x000000004ae77000-0x000000004b2cefff]
[    0.015848]   node   0: [mem 0x000000004b54e000-0x000000004bd93fff]
[    0.015849]   node   0: [mem 0x000000004be9a000-0x000000004cdfffff]
[    0.015850]   node   0: [mem 0x000000004d000000-0x000000005eefdfff]
[    0.015851]   node   0: [mem 0x000000006f7ff000-0x000000006f7fffff]
[    0.015851]   node   0: [mem 0x0000000cc4400000-0x0000000fffffffff]
[    0.015853]   node   1: [mem 0x0000001ec0000000-0x000000207fffffff]
[    0.015854] Initmem setup node 0 [mem 0x0000000000001000-0x0000000fffffffff]
[    0.015857] Initmem setup node 1 [mem 0x0000001ec0000000-0x000000207fffffff]
[    0.015860] On node 0, zone DMA: 1 pages in unavailable ranges
[    0.015862] On node 0, zone DMA: 1 pages in unavailable ranges
[    0.015888] On node 0, zone DMA: 96 pages in unavailable ranges
[    0.017970] On node 0, zone DMA32: 4096 pages in unavailable ranges
[    0.017990] On node 0, zone DMA32: 639 pages in unavailable ranges
[    0.018023] On node 0, zone DMA32: 262 pages in unavailable ranges
[    0.018519] On node 0, zone DMA32: 512 pages in unavailable ranges
[    0.018784] On node 0, zone DMA32: 35073 pages in unavailable ranges
[    0.043387] On node 0, zone Normal: 19456 pages in unavailable ranges
[    0.057657] ACPI: PM-Timer IO Port: 0x508
[    0.057676] ACPI: X2APIC_NMI (uid[0xffffffff] high edge lint[0x1])
[    0.057680] ACPI: LAPIC_NMI (acpi_id[0xff] high edge lint[0x1])
[    0.057698] IOAPIC[0]: apic_id 8, version 32, address 0xfec00000, GSI 0-119
[    0.057702] ACPI: INT_SRC_OVR (bus 0 bus_irq 0 global_irq 2 dfl dfl)
[    0.057704] ACPI: INT_SRC_OVR (bus 0 bus_irq 9 global_irq 9 high level)
[    0.057708] ACPI: Using ACPI (MADT) for SMP configuration information
[    0.057709] ACPI: HPET id: 0x8086a701 base: 0xfed00000
[    0.057713] TSC deadline timer available
[    0.057714] smpboot: Allowing 112 CPUs, 0 hotplug CPUs
[    0.057742] PM: hibernation: Registered nosave memory: [mem 0x00000000-0x00000fff]
[    0.057744] PM: hibernation: Registered nosave memory: [mem 0x0008f000-0x0008ffff]
[    0.057746] PM: hibernation: Registered nosave memory: [mem 0x000a0000-0x000fffff]
[    0.057748] PM: hibernation: Registered nosave memory: [mem 0x46cc5000-0x46cc5fff]
[    0.057750] PM: hibernation: Registered nosave memory: [mem 0x46cf6000-0x46cf6fff]
[    0.057751] PM: hibernation: Registered nosave memory: [mem 0x46cf7000-0x46cf7fff]
[    0.057753] PM: hibernation: Registered nosave memory: [mem 0x46d29000-0x46d29fff]
[    0.057753] PM: hibernation: Registered nosave memory: [mem 0x46d2a000-0x46d2afff]
[    0.057755] PM: hibernation: Registered nosave memory: [mem 0x46d5c000-0x46d5cfff]
[    0.057756] PM: hibernation: Registered nosave memory: [mem 0x46d5d000-0x46d5dfff]
[    0.057757] PM: hibernation: Registered nosave memory: [mem 0x46d65000-0x46d65fff]
[    0.057759] PM: hibernation: Registered nosave memory: [mem 0x49e77000-0x4ae76fff]
[    0.057761] PM: hibernation: Registered nosave memory: [mem 0x4b2cf000-0x4b54dfff]
[    0.057763] PM: hibernation: Registered nosave memory: [mem 0x4bd94000-0x4be99fff]
[    0.057765] PM: hibernation: Registered nosave memory: [mem 0x4ce00000-0x4cffffff]
[    0.057766] PM: hibernation: Registered nosave memory: [mem 0x5eefe000-0x6e3fefff]
[    0.057767] PM: hibernation: Registered nosave memory: [mem 0x6e3ff000-0x6f3fefff]
[    0.057768] PM: hibernation: Registered nosave memory: [mem 0x6f3ff000-0x6f7fefff]
[    0.057770] PM: hibernation: Registered nosave memory: [mem 0x6f800000-0x8fffffff]
[    0.057771] PM: hibernation: Registered nosave memory: [mem 0x90000000-0xfdffffff]
[    0.057771] PM: hibernation: Registered nosave memory: [mem 0xfe000000-0xfe010fff]
[    0.057772] PM: hibernation: Registered nosave memory: [mem 0xfe011000-0xffffffff]
[    0.057773] PM: hibernation: Registered nosave memory: [mem 0x100000000-0xcc43fffff]
[    0.057775] PM: hibernation: Registered nosave memory: [mem 0x1000000000-0x1ebfffffff]
[    0.057776] [mem 0x90000000-0xfdffffff] available for PCI devices
[    0.057778] Booting paravirtualized kernel on bare hardware
[    0.057781] clocksource: refined-jiffies: mask: 0xffffffff max_cycles: 0xffffffff, max_idle_ns: 7645519600211568 ns
[    0.057787] setup_percpu: NR_CPUS:8192 nr_cpumask_bits:112 nr_cpu_ids:112 nr_node_ids:4
[    0.062210] percpu: Embedded 53 pages/cpu s180224 r8192 d28672 u262144
[    0.062221] pcpu-alloc: s180224 r8192 d28672 u262144 alloc=1*2097152
[    0.062224] pcpu-alloc: [0] 000 002 004 006 008 010 012 014 
[    0.062230] pcpu-alloc: [0] 016 018 020 022 024 026 028 030 
[    0.062234] pcpu-alloc: [0] 032 034 036 038 040 042 044 046 
[    0.062238] pcpu-alloc: [0] 048 050 052 054 056 058 060 062 
[    0.062242] pcpu-alloc: [0] 064 066 068 070 072 074 076 078 
[    0.062246] pcpu-alloc: [0] 080 082 084 086 088 090 092 094 
[    0.062250] pcpu-alloc: [0] 096 098 100 102 104 106 108 110 
[    0.062255] pcpu-alloc: [1] 001 003 005 007 009 011 013 015 
[    0.062259] pcpu-alloc: [1] 017 019 021 023 025 027 029 031 
[    0.062263] pcpu-alloc: [1] 033 035 037 039 041 043 045 047 
[    0.062267] pcpu-alloc: [1] 049 051 053 055 057 059 061 063 
[    0.062271] pcpu-alloc: [1] 065 067 069 071 073 075 077 079 
[    0.062275] pcpu-alloc: [1] 081 083 085 087 089 091 093 095 
[    0.062279] pcpu-alloc: [1] 097 099 101 103 105 107 109 111 
[    0.062329] Built 2 zonelists, mobility grouping on.  Total pages: 5519908
[    0.062330] Policy zone: Normal
[    0.062332] Kernel command line: BOOT_IMAGE=/boot/vmlinuz-5.15.0-tiering-0.8 root=UUID=ce0c24b8-724b-4f33-9b2c-618433560aef ro memmap=48196M!4096M memmap=59G!64G quiet splash nomodeset vt.handoff=1
[    0.062450] You have booted with nomodeset. This means your GPU drivers are DISABLED
[    0.062451] Any video related functionality will be severely degraded, and you may not even be able to suspend the system properly
[    0.062452] Unless you actually understand what nomodeset does, you should reboot without enabling it
[    0.062472] Unknown command line parameters: splash BOOT_IMAGE=/boot/vmlinuz-5.15.0-tiering-0.8
[    0.062474] printk: log_buf_len individual max cpu contribution: 4096 bytes
[    0.062475] printk: log_buf_len total cpu_extra contributions: 454656 bytes
[    0.062476] printk: log_buf_len min size: 262144 bytes
[    0.063448] printk: log_buf_len: 1048576 bytes
[    0.063449] printk: early log buf free: 223784(85%)
[    0.065023] mem auto-init: stack:off, heap alloc:on, heap free:off
[    0.126053] Memory: 21238636K/22434912K available (14345K kernel code, 3484K rwdata, 10288K rodata, 2824K init, 5836K bss, 1196016K reserved, 0K cma-reserved)
[    0.126060] random: get_random_u64 called from __kmem_cache_create+0x2d/0x460 with crng_init=1
[    0.126872] SLUB: HWalign=64, Order=0-3, MinObjects=0, CPUs=112, Nodes=4
[    0.126905] ftrace: allocating 48223 entries in 189 pages
[    0.142081] ftrace: allocated 189 pages with 6 groups
[    0.142741] rcu: Hierarchical RCU implementation.
[    0.142743] rcu: 	RCU restricting CPUs from NR_CPUS=8192 to nr_cpu_ids=112.
[    0.142744] 	Rude variant of Tasks RCU enabled.
[    0.142745] 	Tracing variant of Tasks RCU enabled.
[    0.142745] rcu: RCU calculated value of scheduler-enlistment delay is 25 jiffies.
[    0.142746] rcu: Adjusting geometry for rcu_fanout_leaf=16, nr_cpu_ids=112
[    0.146532] NR_IRQS: 524544, nr_irqs: 2952, preallocated irqs: 16
[    0.146888] random: crng done (trusting CPU's manufacturer)
[    0.147030] Console: colour dummy device 80x25
[    0.147065] printk: console [tty0] enabled
[    0.147214] mempolicy: Enabling automatic NUMA balancing. Configure with numa_balancing= or the kernel.numa_balancing sysctl
[    0.147219] ACPI: Core revision 20210730
[    0.150584] clocksource: hpet: mask: 0xffffffff max_cycles: 0xffffffff, max_idle_ns: 79635855245 ns
[    0.150627] APIC: Switch to symmetric I/O mode setup
[    0.150629] DMAR: Host address width 46
[    0.150630] DMAR: DRHD base: 0x000000d0ffc000 flags: 0x0
[    0.150635] DMAR: dmar0: reg_base_addr d0ffc000 ver 4:0 cap 8ed008c40780466 ecap 60000f050df
[    0.150638] DMAR: DRHD base: 0x000000dbbfc000 flags: 0x0
[    0.150640] DMAR: dmar1: reg_base_addr dbbfc000 ver 4:0 cap 8ed008c40780466 ecap 60000f050df
[    0.150642] DMAR: DRHD base: 0x000000e67fc000 flags: 0x0
[    0.150646] DMAR: dmar2: reg_base_addr e67fc000 ver 4:0 cap 8ed008c40780466 ecap 60000f050df
[    0.150648] DMAR: DRHD base: 0x000000f13fc000 flags: 0x0
[    0.150650] DMAR: dmar3: reg_base_addr f13fc000 ver 4:0 cap 8ed008c40780466 ecap 60000f050df
[    0.150652] DMAR: DRHD base: 0x000000fb7fc000 flags: 0x0
[    0.150654] DMAR: dmar4: reg_base_addr fb7fc000 ver 4:0 cap 8ed008c40780466 ecap 60000f050df
[    0.150656] DMAR: DRHD base: 0x000000a63fc000 flags: 0x0
[    0.150659] DMAR: dmar5: reg_base_addr a63fc000 ver 4:0 cap 8ed008c40780466 ecap 60000f050df
[    0.150661] DMAR: DRHD base: 0x000000b0ffc000 flags: 0x0
[    0.150663] DMAR: dmar6: reg_base_addr b0ffc000 ver 4:0 cap 8ed008c40780466 ecap 60000f050df
[    0.150665] DMAR: DRHD base: 0x000000bbbfc000 flags: 0x0
[    0.150669] DMAR: dmar7: reg_base_addr bbbfc000 ver 4:0 cap 8ed008c40780466 ecap 60000f050df
[    0.150671] DMAR: DRHD base: 0x000000c5ffc000 flags: 0x0
[    0.150673] DMAR: dmar8: reg_base_addr c5ffc000 ver 4:0 cap 8ed008c40780466 ecap 60000f050df
[    0.150675] DMAR: DRHD base: 0x0000009b7fc000 flags: 0x1
[    0.150677] DMAR: dmar9: reg_base_addr 9b7fc000 ver 4:0 cap 8ed008c40780466 ecap 60000f050df
[    0.150679] DMAR: RMRR base: 0x00000069427000 end: 0x00000069429fff
[    0.150681] DMAR: ATSR flags: 0x0
[    0.150683] DMAR-IR: IOAPIC id 8 under DRHD base  0x9b7fc000 IOMMU 9
[    0.150684] DMAR-IR: HPET id 0 under DRHD base 0x9b7fc000
[    0.150686] DMAR-IR: Queued invalidation will be enabled to support x2apic and Intr-remapping.
[    0.153575] DMAR-IR: Enabled IRQ remapping in x2apic mode
[    0.156176] ..TIMER: vector=0x30 apic1=0 pin1=2 apic2=-1 pin2=-1
[    0.174558] clocksource: tsc-early: mask: 0xffffffffffffffff max_cycles: 0x39a85c9bff6, max_idle_ns: 881590591483 ns
[    0.174565] Calibrating delay loop (skipped), value calculated using timer frequency.. 4000.00 BogoMIPS (lpj=8000000)
[    0.174568] pid_max: default: 114688 minimum: 896
[    0.177919] LSM: Security Framework initializing
[    0.177934] Yama: becoming mindful.
[    0.177973] AppArmor: AppArmor initialized
[    0.182400] Dentry cache hash table entries: 4194304 (order: 13, 33554432 bytes, vmalloc)
[    0.184637] Inode-cache hash table entries: 2097152 (order: 12, 16777216 bytes, vmalloc)
[    0.184751] Mount-cache hash table entries: 65536 (order: 7, 524288 bytes, vmalloc)
[    0.184821] Mountpoint-cache hash table entries: 65536 (order: 7, 524288 bytes, vmalloc)
[    0.185440] x86/tme: not enabled by BIOS
[    0.185450] CPU0: Thermal monitoring enabled (TM1)
[    0.185452] x86/cpu: User Mode Instruction Prevention (UMIP) activated
[    0.185685] process: using mwait in idle threads
[    0.185687] Last level iTLB entries: 4KB 0, 2MB 0, 4MB 0
[    0.185688] Last level dTLB entries: 4KB 0, 2MB 0, 4MB 0, 1GB 0
[    0.185694] Spectre V1 : Mitigation: usercopy/swapgs barriers and __user pointer sanitization
[    0.185696] Spectre V2 : Mitigation: Enhanced IBRS
[    0.185697] Spectre V2 : Spectre v2 / SpectreRSB mitigation: Filling RSB on context switch
[    0.185698] Spectre V2 : mitigation: Enabling conditional Indirect Branch Prediction Barrier
[    0.185700] Speculative Store Bypass: Mitigation: Speculative Store Bypass disabled via prctl and seccomp
[    0.191967] Freeing SMP alternatives memory: 40K
[    0.194696] smpboot: Estimated ratio of average max frequency by base frequency (times 1024): 1433
[    0.194710] smpboot: CPU0: Intel(R) Xeon(R) Gold 6330 CPU @ 2.00GHz (family: 0x6, model: 0x6a, stepping: 0x6)
[    0.194905] Performance Events: PEBS fmt4+-baseline,  AnyThread deprecated, Icelake events, 32-deep LBR, full-width counters, Intel PMU driver.
[    0.194924] ... version:                5
[    0.194925] ... bit width:              48
[    0.194926] ... generic registers:      8
[    0.194926] ... value mask:             0000ffffffffffff
[    0.194927] ... max period:             00007fffffffffff
[    0.194928] ... fixed-purpose events:   4
[    0.194928] ... event mask:             0001000f000000ff
[    0.195054] rcu: Hierarchical SRCU implementation.
[    0.202156] NMI watchdog: Enabled. Permanently consumes one hw-PMU counter.
[    0.203159] smp: Bringing up secondary CPUs ...
[    0.203265] x86: Booting SMP configuration:
[    0.203266] .... node  #1, CPUs:          #1
[    0.007723] smpboot: CPU 1 Converting physical 0 to logical die 1

[    0.290679] .... node  #0, CPUs:     #2
[    0.296059] .... node  #1, CPUs:     #3
[    0.301504] .... node  #0, CPUs:     #4
[    0.306887] .... node  #1, CPUs:     #5
[    0.312284] .... node  #0, CPUs:     #6
[    0.317866] .... node  #1, CPUs:     #7
[    0.323475] .... node  #0, CPUs:     #8
[    0.328765] .... node  #1, CPUs:     #9
[    0.334666] .... node  #0, CPUs:    #10
[    0.340231] .... node  #1, CPUs:    #11
[    0.345980] .... node  #0, CPUs:    #12
[    0.351500] .... node  #1, CPUs:    #13
[    0.356873] .... node  #0, CPUs:    #14
[    0.362105] .... node  #1, CPUs:    #15
[    0.367458] .... node  #0, CPUs:    #16
[    0.372729] .... node  #1, CPUs:    #17
[    0.378058] .... node  #0, CPUs:    #18
[    0.383309] .... node  #1, CPUs:    #19
[    0.388968] .... node  #0, CPUs:    #20
[    0.394201] .... node  #1, CPUs:    #21
[    0.399818] .... node  #0, CPUs:    #22
[    0.405257] .... node  #1, CPUs:    #23
[    0.410669] .... node  #0, CPUs:    #24
[    0.416178] .... node  #1, CPUs:    #25
[    0.421523] .... node  #0, CPUs:    #26
[    0.426747] .... node  #1, CPUs:    #27
[    0.432072] .... node  #0, CPUs:    #28
[    0.437584] .... node  #1, CPUs:    #29
[    0.442896] .... node  #0, CPUs:    #30
[    0.448130] .... node  #1, CPUs:    #31
[    0.453628] .... node  #0, CPUs:    #32
[    0.458914] .... node  #1, CPUs:    #33
[    0.464300] .... node  #0, CPUs:    #34
[    0.469739] .... node  #1, CPUs:    #35
[    0.475062] .... node  #0, CPUs:    #36
[    0.480279] .... node  #1, CPUs:    #37
[    0.485601] .... node  #0, CPUs:    #38
[    0.491156] .... node  #1, CPUs:    #39
[    0.496704] .... node  #0, CPUs:    #40
[    0.502312] .... node  #1, CPUs:    #41
[    0.508075] .... node  #0, CPUs:    #42
[    0.513388] .... node  #1, CPUs:    #43
[    0.519049] .... node  #0, CPUs:    #44
[    0.524412] .... node  #1, CPUs:    #45
[    0.529896] .... node  #0, CPUs:    #46
[    0.535439] .... node  #1, CPUs:    #47
[    0.540910] .... node  #0, CPUs:    #48
[    0.546256] .... node  #1, CPUs:    #49
[    0.551712] .... node  #0, CPUs:    #50
[    0.557207] .... node  #1, CPUs:    #51
[    0.562862] .... node  #0, CPUs:    #52
[    0.568328] .... node  #1, CPUs:    #53
[    0.573935] .... node  #0, CPUs:    #54
[    0.579640] .... node  #1, CPUs:    #55
[    0.585456] .... node  #0, CPUs:    #56
[    0.588356] .... node  #1, CPUs:    #57
[    0.594271] .... node  #0, CPUs:    #58
[    0.599690] .... node  #1, CPUs:    #59
[    0.605160] .... node  #0, CPUs:    #60
[    0.610719] .... node  #1, CPUs:    #61
[    0.615978] .... node  #0, CPUs:    #62
[    0.621581] .... node  #1, CPUs:    #63
[    0.627218] .... node  #0, CPUs:    #64
[    0.632527] .... node  #1, CPUs:    #65
[    0.638283] .... node  #0, CPUs:    #66
[    0.644035] .... node  #1, CPUs:    #67
[    0.649814] .... node  #0, CPUs:    #68
[    0.655360] .... node  #1, CPUs:    #69
[    0.660761] .... node  #0, CPUs:    #70
[    0.665998] .... node  #1, CPUs:    #71
[    0.671357] .... node  #0, CPUs:    #72
[    0.676649] .... node  #1, CPUs:    #73
[    0.682002] .... node  #0, CPUs:    #74
[    0.687271] .... node  #1, CPUs:    #75
[    0.692958] .... node  #0, CPUs:    #76
[    0.698231] .... node  #1, CPUs:    #77
[    0.703874] .... node  #0, CPUs:    #78
[    0.709330] .... node  #1, CPUs:    #79
[    0.714663] .... node  #0, CPUs:    #80
[    0.720300] .... node  #1, CPUs:    #81
[    0.725676] .... node  #0, CPUs:    #82
[    0.730907] .... node  #1, CPUs:    #83
[    0.736253] .... node  #0, CPUs:    #84
[    0.741794] .... node  #1, CPUs:    #85
[    0.747108] .... node  #0, CPUs:    #86
[    0.752355] .... node  #1, CPUs:    #87
[    0.757866] .... node  #0, CPUs:    #88
[    0.763167] .... node  #1, CPUs:    #89
[    0.768569] .... node  #0, CPUs:    #90
[    0.774033] .... node  #1, CPUs:    #91
[    0.779369] .... node  #0, CPUs:    #92
[    0.784607] .... node  #1, CPUs:    #93
[    0.789961] .... node  #0, CPUs:    #94
[    0.795552] .... node  #1, CPUs:    #95
[    0.801126] .... node  #0, CPUs:    #96
[    0.806754] .... node  #1, CPUs:    #97
[    0.812544] .... node  #0, CPUs:    #98
[    0.817876] .... node  #1, CPUs:    #99
[    0.823558] .... node  #0, CPUs:   #100
[    0.828947] .... node  #1, CPUs:   #101
[    0.834666] .... node  #0, CPUs:   #102
[    0.840003] .... node  #1, CPUs:   #103
[    0.845497] .... node  #0, CPUs:   #104
[    0.850855] .... node  #1, CPUs:   #105
[    0.856330] .... node  #0, CPUs:   #106
[    0.861846] .... node  #1, CPUs:   #107
[    0.867515] .... node  #0, CPUs:   #108
[    0.873004] .... node  #1, CPUs:   #109
[    0.878671] .... node  #0, CPUs:   #110
[    0.884352] .... node  #1, CPUs:   #111
[    0.890201] smp: Brought up 2 nodes, 112 CPUs
[    0.890201] smpboot: Max logical packages: 2
[    0.890201] smpboot: Total of 112 processors activated (448079.82 BogoMIPS)
[    0.893991] devtmpfs: initialized
[    0.893991] x86/mm: Memory block size: 2048MB
[    0.893991] ACPI: PM: Registering ACPI NVS region [mem 0x49e77000-0x4ae76fff] (16777216 bytes)
[    0.894650] ACPI: PM: Registering ACPI NVS region [mem 0x6e3ff000-0x6f3fefff] (16777216 bytes)
[    0.894908] clocksource: jiffies: mask: 0xffffffff max_cycles: 0xffffffff, max_idle_ns: 7645041785100000 ns
[    0.895210] futex hash table entries: 32768 (order: 9, 2097152 bytes, vmalloc)
[    0.895464] pinctrl core: initialized pinctrl subsystem
[    0.895627] PM: RTC time: 12:31:57, date: 2024-07-01
[    0.895845] NET: Registered PF_NETLINK/PF_ROUTE protocol family
[    0.896466] DMA: preallocated 4096 KiB GFP_KERNEL pool for atomic allocations
[    0.896973] DMA: preallocated 4096 KiB GFP_KERNEL|GFP_DMA pool for atomic allocations
[    0.897481] DMA: preallocated 4096 KiB GFP_KERNEL|GFP_DMA32 pool for atomic allocations
[    0.897489] audit: initializing netlink subsys (disabled)
[    0.897497] audit: type=2000 audit(1719837116.744:1): state=initialized audit_enabled=0 res=1
[    0.897497] thermal_sys: Registered thermal governor 'fair_share'
[    0.897497] thermal_sys: Registered thermal governor 'bang_bang'
[    0.897497] thermal_sys: Registered thermal governor 'step_wise'
[    0.897497] thermal_sys: Registered thermal governor 'user_space'
[    0.897497] EISA bus registered
[    0.897497] cpuidle: using governor ladder
[    0.897497] cpuidle: using governor menu
[    0.897497] ACPI FADT declares the system doesn't support PCIe ASPM, so disable it
[    0.897497] ACPI: bus type PCI registered
[    0.897497] acpiphp: ACPI Hot Plug PCI Controller Driver version: 0.5
[    0.898594] PCI: MMCONFIG for domain 0000 [bus 00-ff] at [mem 0x80000000-0x8fffffff] (base 0x80000000)
[    0.898599] PCI: MMCONFIG at [mem 0x80000000-0x8fffffff] reserved in E820
[    0.898607] pmd_set_huge: Cannot satisfy [mem 0x80000000-0x80200000] with a huge-page mapping due to MTRR override.
[    0.898821] PCI: Using configuration type 1 for base access
[    0.898830] PCI: Dell System detected, enabling pci=bfsort.
[    0.900962] ENERGY_PERF_BIAS: Set to 'normal', was 'performance'
[    0.903668] Kprobes globally optimized
[    0.903672] HugeTLB registered 1.00 GiB page size, pre-allocated 0 pages
[    0.903672] HugeTLB registered 2.00 MiB page size, pre-allocated 0 pages
[    0.906705] ACPI: Added _OSI(Module Device)
[    0.906707] ACPI: Added _OSI(Processor Device)
[    0.906708] ACPI: Added _OSI(3.0 _SCP Extensions)
[    0.906709] ACPI: Added _OSI(Processor Aggregator Device)
[    0.906710] ACPI: Added _OSI(Linux-Dell-Video)
[    0.906711] ACPI: Added _OSI(Linux-Lenovo-NV-HDMI-Audio)
[    0.906711] ACPI: Added _OSI(Linux-HPI-Hybrid-Graphics)
[    1.073376] ACPI: 8 ACPI AML tables successfully acquired and loaded
[    1.078975] ACPI: [Firmware Bug]: BIOS _OSI(Linux) query ignored
[    1.087930] ACPI: Dynamic OEM Table Load:
[    1.484731] ACPI: Interpreter enabled
[    1.484752] ACPI: PM: (supports S0 S5)
[    1.484753] ACPI: Using IOAPIC for interrupt routing
[    1.484837] HEST: Table parsing has been initialized.
[    1.484839] PCI: Using host bridge windows from ACPI; if necessary, use "pci=nocrs" and report a bug
[    1.513281] ACPI: Enabled 4 GPEs in block 00 to 7F
[    1.630897] ACPI: PCI Root Bridge [PC00] (domain 0000 [bus 00-15])
[    1.630903] acpi PNP0A08:00: _OSC: OS supports [ExtendedConfig ASPM ClockPM Segments MSI HPX-Type3]
[    1.697174] acpi PNP0A08:00: _OSC: platform does not support [SHPCHotplug AER LTR]
[    1.697394] acpi PNP0A08:00: _OSC: OS now controls [PCIeHotplug PME PCIeCapability]
[    1.697395] acpi PNP0A08:00: FADT indicates ASPM is unsupported, using BIOS configuration
[    1.699202] PCI host bridge to bus 0000:00
[    1.699204] pci_bus 0000:00: root bus resource [io  0x0000-0x0cf7 window]
[    1.699206] pci_bus 0000:00: root bus resource [io  0x1000-0x4fff window]
[    1.699207] pci_bus 0000:00: root bus resource [mem 0x000a0000-0x000bffff window]
[    1.699209] pci_bus 0000:00: root bus resource [mem 0x000c8000-0x000cffff window]
[    1.699210] pci_bus 0000:00: root bus resource [mem 0xfe010000-0xfe010fff window]
[    1.699211] pci_bus 0000:00: root bus resource [mem 0x90000000-0x9b7fffff window]
[    1.699212] pci_bus 0000:00: root bus resource [mem 0x200000000000-0x20ffffffffff window]
[    1.699213] pci_bus 0000:00: root bus resource [bus 00-15]
[    1.700545] pci 0000:00:00.0: [8086:09a2] type 00 class 0x088000
[    1.701306] pci 0000:00:00.1: [8086:09a4] type 00 class 0x088000
[    1.702695] pci 0000:00:00.2: [8086:09a3] type 00 class 0x088000
[    1.704086] pci 0000:00:00.4: [8086:0998] type 00 class 0x060000
[    1.706137] pci 0000:00:02.0: [8086:09a6] type 00 class 0x088000
[    1.706145] pci 0000:00:02.0: reg 0x10: [mem 0x92dfc000-0x92dfdfff]
[    1.707543] pci 0000:00:02.1: [8086:09a7] type 00 class 0x088000
[    1.707552] pci 0000:00:02.1: reg 0x10: [mem 0x92d00000-0x92d7ffff]
[    1.707557] pci 0000:00:02.1: reg 0x14: [mem 0x92c80000-0x92cfffff]
[    1.708948] pci 0000:00:02.4: [8086:3456] type 00 class 0x130000
[    1.708958] pci 0000:00:02.4: reg 0x10: [mem 0x92a00000-0x92afffff 64bit]
[    1.708965] pci 0000:00:02.4: reg 0x18: [mem 0x92df0000-0x92df3fff 64bit]
[    1.708972] pci 0000:00:02.4: reg 0x20: [mem 0x92dc0000-0x92ddffff 64bit]
[    1.710379] pci 0000:00:11.0: [8086:a1ec] type 00 class 0xff0000
[    1.710382] pci 0000:00:11.0: device has non-compliant BARs; disabling IO/MEM decoding
[    1.711794] pci 0000:00:11.5: [8086:a1d2] type 00 class 0x010601
[    1.711807] pci 0000:00:11.5: reg 0x10: [mem 0x92dfa000-0x92dfbfff]
[    1.711815] pci 0000:00:11.5: reg 0x14: [mem 0x92e05000-0x92e050ff]
[    1.711822] pci 0000:00:11.5: reg 0x18: [io  0x2068-0x206f]
[    1.711830] pci 0000:00:11.5: reg 0x1c: [io  0x2074-0x2077]
[    1.711837] pci 0000:00:11.5: reg 0x20: [io  0x2040-0x205f]
[    1.711844] pci 0000:00:11.5: reg 0x24: [mem 0x92b80000-0x92bfffff]
[    1.711882] pci 0000:00:11.5: PME# supported from D3hot
[    1.713408] pci 0000:00:14.0: [8086:a1af] type 00 class 0x0c0330
[    1.713426] pci 0000:00:14.0: reg 0x10: [mem 0x92de0000-0x92deffff 64bit]
[    1.713488] pci 0000:00:14.0: PME# supported from D3hot D3cold
[    1.715036] pci 0000:00:14.2: [8086:a1b1] type 00 class 0x118000
[    1.715053] pci 0000:00:14.2: reg 0x10: [mem 0x92e02000-0x92e02fff 64bit]
[    1.716498] pci 0000:00:16.0: [8086:a1ba] type 00 class 0x078000
[    1.716522] pci 0000:00:16.0: reg 0x10: [mem 0x92e01000-0x92e01fff 64bit]
[    1.716605] pci 0000:00:16.0: PME# supported from D3hot
[    1.717989] pci 0000:00:16.1: [8086:a1bb] type 00 class 0x078000
[    1.718012] pci 0000:00:16.1: reg 0x10: [mem 0x92e00000-0x92e00fff 64bit]
[    1.718094] pci 0000:00:16.1: PME# supported from D3hot
[    1.719482] pci 0000:00:16.4: [8086:a1be] type 00 class 0x078000
[    1.719506] pci 0000:00:16.4: reg 0x10: [mem 0x92dff000-0x92dfffff 64bit]
[    1.719589] pci 0000:00:16.4: PME# supported from D3hot
[    1.720979] pci 0000:00:17.0: [8086:a182] type 00 class 0x010601
[    1.720992] pci 0000:00:17.0: reg 0x10: [mem 0x92df8000-0x92df9fff]
[    1.720999] pci 0000:00:17.0: reg 0x14: [mem 0x92e04000-0x92e040ff]
[    1.721006] pci 0000:00:17.0: reg 0x18: [io  0x2060-0x2067]
[    1.721013] pci 0000:00:17.0: reg 0x1c: [io  0x2070-0x2073]
[    1.721021] pci 0000:00:17.0: reg 0x20: [io  0x2020-0x203f]
[    1.721028] pci 0000:00:17.0: reg 0x24: [mem 0x92b00000-0x92b7ffff]
[    1.721064] pci 0000:00:17.0: PME# supported from D3hot
[    1.722593] pci 0000:00:1c.0: [8086:a190] type 01 class 0x060400
[    1.722668] pci 0000:00:1c.0: PME# supported from D0 D3hot D3cold
[    1.724627] pci 0000:00:1c.4: [8086:a194] type 01 class 0x060400
[    1.724696] pci 0000:00:1c.4: PME# supported from D0 D3hot D3cold
[    1.726628] pci 0000:00:1c.5: [8086:a195] type 01 class 0x060400
[    1.726698] pci 0000:00:1c.5: PME# supported from D0 D3hot D3cold
[    1.728639] pci 0000:00:1f.0: [8086:a1cb] type 00 class 0x060100
[    1.730251] pci 0000:00:1f.2: [8086:a1a1] type 00 class 0x058000
[    1.730266] pci 0000:00:1f.2: reg 0x10: [mem 0x92df4000-0x92df7fff]
[    1.731828] pci 0000:00:1f.4: [8086:a1a3] type 00 class 0x0c0500
[    1.731847] pci 0000:00:1f.4: reg 0x10: [mem 0x92dfe000-0x92dfe0ff 64bit]
[    1.731870] pci 0000:00:1f.4: reg 0x20: [io  0x2000-0x201f]
[    1.733258] pci 0000:00:1f.5: [8086:a1a4] type 00 class 0x0c8000
[    1.733274] pci 0000:00:1f.5: reg 0x10: [mem 0xfe010000-0xfe010fff]
[    1.733397] pci 0000:00:1c.0: PCI bridge to [bus 01]
[    1.733450] pci 0000:02:00.0: [1556:be00] type 01 class 0x060400
[    1.733622] pci 0000:00:1c.4: PCI bridge to [bus 02-03]
[    1.733626] pci 0000:00:1c.4:   bridge window [mem 0x92000000-0x928fffff]
[    1.733630] pci 0000:00:1c.4:   bridge window [mem 0x91000000-0x91ffffff 64bit pref]
[    1.733662] pci_bus 0000:03: extended config space not accessible
[    1.733678] pci 0000:03:00.0: [102b:0536] type 00 class 0x030000
[    1.733697] pci 0000:03:00.0: reg 0x10: [mem 0x91000000-0x91ffffff pref]
[    1.733708] pci 0000:03:00.0: reg 0x14: [mem 0x92808000-0x9280bfff]
[    1.733719] pci 0000:03:00.0: reg 0x18: [mem 0x92000000-0x927fffff]
[    1.733766] pci 0000:03:00.0: BAR 0: assigned to efifb
[    1.733867] pci 0000:02:00.0: PCI bridge to [bus 03]
[    1.733875] pci 0000:02:00.0:   bridge window [mem 0x92000000-0x928fffff]
[    1.733881] pci 0000:02:00.0:   bridge window [mem 0x91000000-0x91ffffff 64bit pref]
[    1.733957] pci 0000:04:00.0: [14e4:165f] type 00 class 0x020000
[    1.733981] pci 0000:04:00.0: reg 0x10: [mem 0x92930000-0x9293ffff 64bit pref]
[    1.733996] pci 0000:04:00.0: reg 0x18: [mem 0x92940000-0x9294ffff 64bit pref]
[    1.734012] pci 0000:04:00.0: reg 0x20: [mem 0x92950000-0x9295ffff 64bit pref]
[    1.734023] pci 0000:04:00.0: reg 0x30: [mem 0xfffc0000-0xffffffff pref]
[    1.734116] pci 0000:04:00.0: PME# supported from D0 D3hot D3cold
[    1.734169] pci 0000:04:00.0: 4.000 Gb/s available PCIe bandwidth, limited by 5.0 GT/s PCIe x1 link at 0000:00:1c.5 (capable of 8.000 Gb/s with 5.0 GT/s PCIe x2 link)
[    1.734711] pci 0000:04:00.1: [14e4:165f] type 00 class 0x020000
[    1.734735] pci 0000:04:00.1: reg 0x10: [mem 0x92900000-0x9290ffff 64bit pref]
[    1.734751] pci 0000:04:00.1: reg 0x18: [mem 0x92910000-0x9291ffff 64bit pref]
[    1.734767] pci 0000:04:00.1: reg 0x20: [mem 0x92920000-0x9292ffff 64bit pref]
[    1.734778] pci 0000:04:00.1: reg 0x30: [mem 0xfffc0000-0xffffffff pref]
[    1.734873] pci 0000:04:00.1: PME# supported from D0 D3hot D3cold
[    1.735425] pci 0000:00:1c.5: PCI bridge to [bus 04]
[    1.735433] pci 0000:00:1c.5:   bridge window [mem 0x92900000-0x929fffff 64bit pref]
[    1.735447] pci_bus 0000:00: on NUMA node 0
[    1.736005] ACPI: PCI Root Bridge [PC01] (domain 0000 [bus 16-2f])
[    1.736009] acpi PNP0A08:01: _OSC: OS supports [ExtendedConfig ASPM ClockPM Segments MSI HPX-Type3]
[    1.750230] acpi PNP0A08:01: _OSC: platform does not support [SHPCHotplug AER]
[    1.750459] acpi PNP0A08:01: _OSC: OS now controls [PCIeHotplug PME PCIeCapability LTR]
[    1.750460] acpi PNP0A08:01: FADT indicates ASPM is unsupported, using BIOS configuration
[    1.750607] PCI host bridge to bus 0000:16
[    1.750608] pci_bus 0000:16: root bus resource [io  0x5000-0x6fff window]
[    1.750610] pci_bus 0000:16: root bus resource [mem 0x9b800000-0xa63fffff window]
[    1.750611] pci_bus 0000:16: root bus resource [mem 0x210000000000-0x21ffffffffff window]
[    1.750613] pci_bus 0000:16: root bus resource [bus 16-2f]
[    1.750628] pci 0000:16:00.0: [8086:09a2] type 00 class 0x088000
[    1.750708] pci 0000:16:00.1: [8086:09a4] type 00 class 0x088000
[    1.750779] pci 0000:16:00.2: [8086:09a3] type 00 class 0x088000
[    1.750848] pci 0000:16:00.4: [8086:0998] type 00 class 0x060000
[    1.750924] pci 0000:16:02.0: [8086:347a] type 01 class 0x060400
[    1.750934] pci 0000:16:02.0: reg 0x10: [mem 0x21fffff00000-0x21fffff1ffff 64bit]
[    1.750972] pci 0000:16:02.0: PME# supported from D0 D3hot D3cold
[    1.751875] pci 0000:17:00.0: [1000:10e2] type 00 class 0x010400
[    1.751888] pci 0000:17:00.0: reg 0x10: [mem 0x9b800000-0x9b8fffff 64bit pref]
[    1.751897] pci 0000:17:00.0: reg 0x18: [mem 0x9b900000-0x9b9fffff 64bit pref]
[    1.751902] pci 0000:17:00.0: reg 0x20: [mem 0x9ba00000-0x9bafffff]
[    1.751908] pci 0000:17:00.0: reg 0x24: [io  0x5000-0x50ff]
[    1.751914] pci 0000:17:00.0: reg 0x30: [mem 0xfff00000-0xffffffff pref]
[    1.752972] pci 0000:17:00.0: supports D1 D2
[    1.753038] pci 0000:16:02.0: PCI bridge to [bus 17]
[    1.753040] pci 0000:16:02.0:   bridge window [io  0x5000-0x5fff]
[    1.753042] pci 0000:16:02.0:   bridge window [mem 0x9ba00000-0x9bafffff]
[    1.753045] pci 0000:16:02.0:   bridge window [mem 0x9b800000-0x9b9fffff 64bit pref]
[    1.753051] pci_bus 0000:16: on NUMA node 0
[    1.753129] ACPI: PCI Root Bridge [PC02] (domain 0000 [bus 30-49])
[    1.753132] acpi PNP0A08:02: _OSC: OS supports [ExtendedConfig ASPM ClockPM Segments MSI HPX-Type3]
[    1.766825] acpi PNP0A08:02: _OSC: platform does not support [SHPCHotplug AER]
[    1.767028] acpi PNP0A08:02: _OSC: OS now controls [PCIeHotplug PME PCIeCapability LTR]
[    1.767030] acpi PNP0A08:02: FADT indicates ASPM is unsupported, using BIOS configuration
[    1.767145] PCI host bridge to bus 0000:30
[    1.767147] pci_bus 0000:30: root bus resource [io  0x7000-0x8fff window]
[    1.767148] pci_bus 0000:30: root bus resource [mem 0xa6400000-0xb0ffffff window]
[    1.767149] pci_bus 0000:30: root bus resource [mem 0x220000000000-0x22ffffffffff window]
[    1.767151] pci_bus 0000:30: root bus resource [bus 30-49]
[    1.767165] pci 0000:30:00.0: [8086:09a2] type 00 class 0x088000
[    1.767239] pci 0000:30:00.1: [8086:09a4] type 00 class 0x088000
[    1.767314] pci 0000:30:00.2: [8086:09a3] type 00 class 0x088000
[    1.767383] pci 0000:30:00.4: [8086:0998] type 00 class 0x060000
[    1.767453] pci_bus 0000:30: on NUMA node 0
[    1.767553] ACPI: PCI Root Bridge [PC04] (domain 0000 [bus 4a-63])
[    1.767555] acpi PNP0A08:04: _OSC: OS supports [ExtendedConfig ASPM ClockPM Segments MSI HPX-Type3]
[    1.781240] acpi PNP0A08:04: _OSC: platform does not support [SHPCHotplug AER]
[    1.781442] acpi PNP0A08:04: _OSC: OS now controls [PCIeHotplug PME PCIeCapability LTR]
[    1.781443] acpi PNP0A08:04: FADT indicates ASPM is unsupported, using BIOS configuration
[    1.781555] PCI host bridge to bus 0000:4a
[    1.781556] pci_bus 0000:4a: root bus resource [io  0x9000-0x9fff window]
[    1.781558] pci_bus 0000:4a: root bus resource [mem 0xb1000000-0xbbbfffff window]
[    1.781559] pci_bus 0000:4a: root bus resource [mem 0x230000000000-0x23ffffffffff window]
[    1.781560] pci_bus 0000:4a: root bus resource [bus 4a-63]
[    1.781573] pci 0000:4a:00.0: [8086:09a2] type 00 class 0x088000
[    1.781644] pci 0000:4a:00.1: [8086:09a4] type 00 class 0x088000
[    1.781712] pci 0000:4a:00.2: [8086:09a3] type 00 class 0x088000
[    1.781780] pci 0000:4a:00.4: [8086:0998] type 00 class 0x060000
[    1.781849] pci_bus 0000:4a: on NUMA node 0
[    1.781919] ACPI: PCI Root Bridge [PC05] (domain 0000 [bus 64-7d])
[    1.781922] acpi PNP0A08:05: _OSC: OS supports [ExtendedConfig ASPM ClockPM Segments MSI HPX-Type3]
[    1.795615] acpi PNP0A08:05: _OSC: platform does not support [SHPCHotplug AER]
[    1.795817] acpi PNP0A08:05: _OSC: OS now controls [PCIeHotplug PME PCIeCapability LTR]
[    1.795818] acpi PNP0A08:05: FADT indicates ASPM is unsupported, using BIOS configuration
[    1.795929] PCI host bridge to bus 0000:64
[    1.795930] pci_bus 0000:64: root bus resource [io  0xa000-0xafff window]
[    1.795931] pci_bus 0000:64: root bus resource [mem 0xbbc00000-0xc5ffffff window]
[    1.795932] pci_bus 0000:64: root bus resource [mem 0x240000000000-0x24ffffffffff window]
[    1.795933] pci_bus 0000:64: root bus resource [bus 64-7d]
[    1.795947] pci 0000:64:00.0: [8086:09a2] type 00 class 0x088000
[    1.796017] pci 0000:64:00.1: [8086:09a4] type 00 class 0x088000
[    1.796089] pci 0000:64:00.2: [8086:09a3] type 00 class 0x088000
[    1.796159] pci 0000:64:00.4: [8086:0998] type 00 class 0x060000
[    1.796230] pci_bus 0000:64: on NUMA node 0
[    1.796294] ACPI: PCI Root Bridge [UC06] (domain 0000 [bus 7e])
[    1.796297] acpi PNP0A03:00: _OSC: OS supports [ExtendedConfig ASPM ClockPM Segments MSI HPX-Type3]
[    1.796462] acpi PNP0A03:00: _OSC: platform does not support [SHPCHotplug AER LTR]
[    1.796633] acpi PNP0A03:00: _OSC: OS now controls [PCIeHotplug PME PCIeCapability]
[    1.796635] acpi PNP0A03:00: FADT indicates ASPM is unsupported, using BIOS configuration
[    1.796758] PCI host bridge to bus 0000:7e
[    1.796759] pci_bus 0000:7e: root bus resource [bus 7e]
[    1.796793] pci 0000:7e:00.0: [8086:3450] type 00 class 0x088000
[    1.796876] pci 0000:7e:00.1: [8086:3451] type 00 class 0x088000
[    1.796965] pci 0000:7e:00.2: [8086:3452] type 00 class 0x088000
[    1.797044] pci 0000:7e:00.3: [8086:0998] type 00 class 0x060000
[    1.797123] pci 0000:7e:00.5: [8086:3455] type 00 class 0x088000
[    1.797222] pci 0000:7e:02.0: [8086:3440] type 00 class 0x088000
[    1.797362] pci 0000:7e:02.1: [8086:3441] type 00 class 0x088000
[    1.797494] pci 0000:7e:02.2: [8086:3442] type 00 class 0x088000
[    1.797637] pci 0000:7e:03.0: [8086:3440] type 00 class 0x088000
[    1.797738] pci 0000:7e:03.1: [8086:3441] type 00 class 0x088000
[    1.797835] pci 0000:7e:03.2: [8086:3442] type 00 class 0x088000
[    1.797941] pci 0000:7e:04.0: [8086:3440] type 00 class 0x088000
[    1.798084] pci 0000:7e:04.1: [8086:3441] type 00 class 0x088000
[    1.798223] pci 0000:7e:04.2: [8086:3442] type 00 class 0x088000
[    1.798366] pci 0000:7e:04.3: [8086:3443] type 00 class 0x088000
[    1.798520] pci 0000:7e:05.0: [8086:3445] type 00 class 0x088000
[    1.798657] pci 0000:7e:05.1: [8086:3446] type 00 class 0x088000
[    1.798792] pci 0000:7e:05.2: [8086:3447] type 00 class 0x088000
[    1.798937] pci 0000:7e:06.0: [8086:3445] type 00 class 0x088000
[    1.799039] pci 0000:7e:06.1: [8086:3446] type 00 class 0x088000
[    1.799140] pci 0000:7e:06.2: [8086:3447] type 00 class 0x088000
[    1.799261] pci 0000:7e:07.0: [8086:3445] type 00 class 0x088000
[    1.799411] pci 0000:7e:07.1: [8086:3446] type 00 class 0x088000
[    1.799554] pci 0000:7e:07.2: [8086:3447] type 00 class 0x088000
[    1.799707] pci 0000:7e:0b.0: [8086:3448] type 00 class 0x088000
[    1.799795] pci 0000:7e:0b.1: [8086:3448] type 00 class 0x088000
[    1.799881] pci 0000:7e:0b.2: [8086:344b] type 00 class 0x088000
[    1.799987] pci 0000:7e:0c.0: [8086:344a] type 00 class 0x110100
[    1.800111] pci 0000:7e:0d.0: [8086:344a] type 00 class 0x110100
[    1.800220] pci 0000:7e:0e.0: [8086:344a] type 00 class 0x110100
[    1.800393] pci 0000:7e:0f.0: [8086:344a] type 00 class 0x110100
[    1.800584] pci 0000:7e:1a.0: [8086:2880] type 00 class 0x110100
[    1.800706] pci 0000:7e:1b.0: [8086:2880] type 00 class 0x110100
[    1.800814] pci 0000:7e:1c.0: [8086:2880] type 00 class 0x110100
[    1.800988] pci 0000:7e:1d.0: [8086:2880] type 00 class 0x110100
[    1.801146] pci_bus 0000:7e: on NUMA node 0
[    1.801223] ACPI: PCI Root Bridge [UC07] (domain 0000 [bus 7f])
[    1.801225] acpi PNP0A03:01: _OSC: OS supports [ExtendedConfig ASPM ClockPM Segments MSI HPX-Type3]
[    1.801392] acpi PNP0A03:01: _OSC: platform does not support [SHPCHotplug AER LTR]
[    1.801563] acpi PNP0A03:01: _OSC: OS now controls [PCIeHotplug PME PCIeCapability]
[    1.801564] acpi PNP0A03:01: FADT indicates ASPM is unsupported, using BIOS configuration
[    1.801698] PCI host bridge to bus 0000:7f
[    1.801699] pci_bus 0000:7f: root bus resource [bus 7f]
[    1.801740] pci 0000:7f:00.0: [8086:344c] type 00 class 0x088000
[    1.801872] pci 0000:7f:00.1: [8086:344c] type 00 class 0x088000
[    1.802007] pci 0000:7f:00.2: [8086:344c] type 00 class 0x088000
[    1.802149] pci 0000:7f:00.3: [8086:344c] type 00 class 0x088000
[    1.802264] pci 0000:7f:00.4: [8086:344c] type 00 class 0x088000
[    1.802413] pci 0000:7f:00.5: [8086:344c] type 00 class 0x088000
[    1.802553] pci 0000:7f:00.6: [8086:344c] type 00 class 0x088000
[    1.802655] pci 0000:7f:00.7: [8086:344c] type 00 class 0x088000
[    1.802778] pci 0000:7f:01.0: [8086:344c] type 00 class 0x088000
[    1.802930] pci 0000:7f:01.1: [8086:344c] type 00 class 0x088000
[    1.803076] pci 0000:7f:01.2: [8086:344c] type 00 class 0x088000
[    1.803186] pci 0000:7f:01.3: [8086:344c] type 00 class 0x088000
[    1.803343] pci 0000:7f:01.4: [8086:344c] type 00 class 0x088000
[    1.803500] pci 0000:7f:01.5: [8086:344c] type 00 class 0x088000
[    1.803661] pci 0000:7f:01.6: [8086:344c] type 00 class 0x088000
[    1.803807] pci 0000:7f:01.7: [8086:344c] type 00 class 0x088000
[    1.803977] pci 0000:7f:02.0: [8086:344c] type 00 class 0x088000
[    1.804131] pci 0000:7f:02.1: [8086:344c] type 00 class 0x088000
[    1.804288] pci 0000:7f:02.2: [8086:344c] type 00 class 0x088000
[    1.804449] pci 0000:7f:02.3: [8086:344c] type 00 class 0x088000
[    1.804614] pci 0000:7f:02.4: [8086:344c] type 00 class 0x088000
[    1.804775] pci 0000:7f:02.5: [8086:344c] type 00 class 0x088000
[    1.804938] pci 0000:7f:02.6: [8086:344c] type 00 class 0x088000
[    1.805111] pci 0000:7f:02.7: [8086:344c] type 00 class 0x088000
[    1.805298] pci 0000:7f:03.0: [8086:344c] type 00 class 0x088000
[    1.805467] pci 0000:7f:03.1: [8086:344c] type 00 class 0x088000
[    1.805644] pci 0000:7f:03.2: [8086:344c] type 00 class 0x088000
[    1.805825] pci 0000:7f:03.3: [8086:344c] type 00 class 0x088000
[    1.806023] pci 0000:7f:0a.0: [8086:344d] type 00 class 0x088000
[    1.806147] pci 0000:7f:0a.1: [8086:344d] type 00 class 0x088000
[    1.806282] pci 0000:7f:0a.2: [8086:344d] type 00 class 0x088000
[    1.806423] pci 0000:7f:0a.3: [8086:344d] type 00 class 0x088000
[    1.806537] pci 0000:7f:0a.4: [8086:344d] type 00 class 0x088000
[    1.806682] pci 0000:7f:0a.5: [8086:344d] type 00 class 0x088000
[    1.806824] pci 0000:7f:0a.6: [8086:344d] type 00 class 0x088000
[    1.806932] pci 0000:7f:0a.7: [8086:344d] type 00 class 0x088000
[    1.807055] pci 0000:7f:0b.0: [8086:344d] type 00 class 0x088000
[    1.807213] pci 0000:7f:0b.1: [8086:344d] type 00 class 0x088000
[    1.807360] pci 0000:7f:0b.2: [8086:344d] type 00 class 0x088000
[    1.807465] pci 0000:7f:0b.3: [8086:344d] type 00 class 0x088000
[    1.807622] pci 0000:7f:0b.4: [8086:344d] type 00 class 0x088000
[    1.807780] pci 0000:7f:0b.5: [8086:344d] type 00 class 0x088000
[    1.807941] pci 0000:7f:0b.6: [8086:344d] type 00 class 0x088000
[    1.808092] pci 0000:7f:0b.7: [8086:344d] type 00 class 0x088000
[    1.808260] pci 0000:7f:0c.0: [8086:344d] type 00 class 0x088000
[    1.808414] pci 0000:7f:0c.1: [8086:344d] type 00 class 0x088000
[    1.808570] pci 0000:7f:0c.2: [8086:344d] type 00 class 0x088000
[    1.808728] pci 0000:7f:0c.3: [8086:344d] type 00 class 0x088000
[    1.808895] pci 0000:7f:0c.4: [8086:344d] type 00 class 0x088000
[    1.809057] pci 0000:7f:0c.5: [8086:344d] type 00 class 0x088000
[    1.809221] pci 0000:7f:0c.6: [8086:344d] type 00 class 0x088000
[    1.809399] pci 0000:7f:0c.7: [8086:344d] type 00 class 0x088000
[    1.809585] pci 0000:7f:0d.0: [8086:344d] type 00 class 0x088000
[    1.809754] pci 0000:7f:0d.1: [8086:344d] type 00 class 0x088000
[    1.809932] pci 0000:7f:0d.2: [8086:344d] type 00 class 0x088000
[    1.810107] pci 0000:7f:0d.3: [8086:344d] type 00 class 0x088000
[    1.810317] pci 0000:7f:1d.0: [8086:344f] type 00 class 0x088000
[    1.810450] pci 0000:7f:1d.1: [8086:3457] type 00 class 0x088000
[    1.810596] pci 0000:7f:1e.0: [8086:3458] type 00 class 0x088000
[    1.810691] pci 0000:7f:1e.1: [8086:3459] type 00 class 0x088000
[    1.810779] pci 0000:7f:1e.2: [8086:345a] type 00 class 0x088000
[    1.810869] pci 0000:7f:1e.3: [8086:345b] type 00 class 0x088000
[    1.810956] pci 0000:7f:1e.4: [8086:345c] type 00 class 0x088000
[    1.811044] pci 0000:7f:1e.5: [8086:345d] type 00 class 0x088000
[    1.811131] pci 0000:7f:1e.6: [8086:345e] type 00 class 0x088000
[    1.811219] pci 0000:7f:1e.7: [8086:345f] type 00 class 0x088000
[    1.811292] pci_bus 0000:7f: on NUMA node 0
[    1.811387] ACPI: PCI Root Bridge [PC06] (domain 0000 [bus 80])
[    1.811390] acpi PNP0A08:06: _OSC: OS supports [ExtendedConfig ASPM ClockPM Segments MSI HPX-Type3]
[    1.825088] acpi PNP0A08:06: _OSC: platform does not support [SHPCHotplug AER]
[    1.825291] acpi PNP0A08:06: _OSC: OS now controls [PCIeHotplug PME PCIeCapability LTR]
[    1.825292] acpi PNP0A08:06: FADT indicates ASPM is unsupported, using BIOS configuration
[    1.825430] PCI host bridge to bus 0000:80
[    1.825431] pci_bus 0000:80: root bus resource [io  0xb000-0xbfff window]
[    1.825433] pci_bus 0000:80: root bus resource [mem 0xc6800000-0xd0ffffff window]
[    1.825434] pci_bus 0000:80: root bus resource [mem 0x250000000000-0x25ffffffffff window]
[    1.825436] pci_bus 0000:80: root bus resource [bus 80]
[    1.825467] pci 0000:80:00.0: [8086:09a2] type 00 class 0x088000
[    1.825561] pci 0000:80:00.1: [8086:09a4] type 00 class 0x088000
[    1.825649] pci 0000:80:00.2: [8086:09a3] type 00 class 0x088000
[    1.825738] pci 0000:80:00.4: [8086:0998] type 00 class 0x060000
[    1.825827] pci 0000:80:02.0: [8086:09a6] type 00 class 0x088000
[    1.825836] pci 0000:80:02.0: reg 0x10: [mem 0xc6aa4000-0xc6aa5fff]
[    1.825913] pci 0000:80:02.1: [8086:09a7] type 00 class 0x088000
[    1.825922] pci 0000:80:02.1: reg 0x10: [mem 0xc6a00000-0xc6a7ffff]
[    1.825928] pci 0000:80:02.1: reg 0x14: [mem 0xc6980000-0xc69fffff]
[    1.826015] pci 0000:80:02.4: [8086:3456] type 00 class 0x130000
[    1.826025] pci 0000:80:02.4: reg 0x10: [mem 0xc6800000-0xc68fffff 64bit]
[    1.826032] pci 0000:80:02.4: reg 0x18: [mem 0xc6aa0000-0xc6aa3fff 64bit]
[    1.826040] pci 0000:80:02.4: reg 0x20: [mem 0xc6a80000-0xc6a9ffff 64bit]
[    1.826101] pci_bus 0000:80: on NUMA node 1
[    1.826177] ACPI: PCI Root Bridge [PC07] (domain 0000 [bus 81])
[    1.826179] acpi PNP0A08:07: _OSC: OS supports [ExtendedConfig ASPM ClockPM Segments MSI HPX-Type3]
[    1.839851] acpi PNP0A08:07: _OSC: platform does not support [SHPCHotplug AER]
[    1.840053] acpi PNP0A08:07: _OSC: OS now controls [PCIeHotplug PME PCIeCapability LTR]
[    1.840054] acpi PNP0A08:07: FADT indicates ASPM is unsupported, using BIOS configuration
[    1.840164] PCI host bridge to bus 0000:81
[    1.840165] pci_bus 0000:81: root bus resource [io  0xc000-0xcfff window]
[    1.840167] pci_bus 0000:81: root bus resource [mem 0xd1000000-0xdbbfffff window]
[    1.840168] pci_bus 0000:81: root bus resource [mem 0x260000000000-0x26ffffffffff window]
[    1.840169] pci_bus 0000:81: root bus resource [bus 81]
[    1.840183] pci 0000:81:00.0: [8086:09a2] type 00 class 0x088000
[    1.840259] pci 0000:81:00.1: [8086:09a4] type 00 class 0x088000
[    1.840338] pci 0000:81:00.2: [8086:09a3] type 00 class 0x088000
[    1.840413] pci 0000:81:00.4: [8086:0998] type 00 class 0x060000
[    1.840503] pci_bus 0000:81: on NUMA node 1
[    1.840573] ACPI: PCI Root Bridge [PC08] (domain 0000 [bus 82])
[    1.840576] acpi PNP0A08:08: _OSC: OS supports [ExtendedConfig ASPM ClockPM Segments MSI HPX-Type3]
[    1.854364] acpi PNP0A08:08: _OSC: platform does not support [SHPCHotplug AER]
[    1.854570] acpi PNP0A08:08: _OSC: OS now controls [PCIeHotplug PME PCIeCapability LTR]
[    1.854571] acpi PNP0A08:08: FADT indicates ASPM is unsupported, using BIOS configuration
[    1.854682] PCI host bridge to bus 0000:82
[    1.854683] pci_bus 0000:82: root bus resource [io  0xd000-0xdfff window]
[    1.854684] pci_bus 0000:82: root bus resource [mem 0xdbc00000-0xe67fffff window]
[    1.854685] pci_bus 0000:82: root bus resource [mem 0x270000000000-0x27ffffffffff window]
[    1.854686] pci_bus 0000:82: root bus resource [bus 82]
[    1.854701] pci 0000:82:00.0: [8086:09a2] type 00 class 0x088000
[    1.854778] pci 0000:82:00.1: [8086:09a4] type 00 class 0x088000
[    1.854854] pci 0000:82:00.2: [8086:09a3] type 00 class 0x088000
[    1.854929] pci 0000:82:00.4: [8086:0998] type 00 class 0x060000
[    1.855009] pci_bus 0000:82: on NUMA node 1
[    1.855106] ACPI: PCI Root Bridge [PC10] (domain 0000 [bus 83-f9])
[    1.855109] acpi PNP0A08:0a: _OSC: OS supports [ExtendedConfig ASPM ClockPM Segments MSI HPX-Type3]
[    1.868815] acpi PNP0A08:0a: _OSC: platform does not support [SHPCHotplug AER]
[    1.869018] acpi PNP0A08:0a: _OSC: OS now controls [PCIeHotplug PME PCIeCapability LTR]
[    1.869019] acpi PNP0A08:0a: FADT indicates ASPM is unsupported, using BIOS configuration
[    1.869138] PCI host bridge to bus 0000:83
[    1.869140] pci_bus 0000:83: root bus resource [io  0xe000-0xefff window]
[    1.869141] pci_bus 0000:83: root bus resource [mem 0xe6800000-0xf13fffff window]
[    1.869142] pci_bus 0000:83: root bus resource [mem 0x280000000000-0x28ffffffffff window]
[    1.869144] pci_bus 0000:83: root bus resource [bus 83-f9]
[    1.869158] pci 0000:83:00.0: [8086:09a2] type 00 class 0x088000
[    1.869238] pci 0000:83:00.1: [8086:09a4] type 00 class 0x088000
[    1.869318] pci 0000:83:00.2: [8086:09a3] type 00 class 0x088000
[    1.869396] pci 0000:83:00.4: [8086:0998] type 00 class 0x060000
[    1.869477] pci_bus 0000:83: on NUMA node 1
[    1.869547] ACPI: PCI Root Bridge [PC11] (domain 0000 [bus fa])
[    1.869550] acpi PNP0A08:0b: _OSC: OS supports [ExtendedConfig ASPM ClockPM Segments MSI HPX-Type3]
[    1.883226] acpi PNP0A08:0b: _OSC: platform does not support [SHPCHotplug AER]
[    1.883427] acpi PNP0A08:0b: _OSC: OS now controls [PCIeHotplug PME PCIeCapability LTR]
[    1.883428] acpi PNP0A08:0b: FADT indicates ASPM is unsupported, using BIOS configuration
[    1.883539] PCI host bridge to bus 0000:fa
[    1.883540] pci_bus 0000:fa: root bus resource [io  0xf000-0xffff window]
[    1.883541] pci_bus 0000:fa: root bus resource [mem 0xf1400000-0xfb7fffff window]
[    1.883543] pci_bus 0000:fa: root bus resource [mem 0x290000000000-0x29ffffffffff window]
[    1.883544] pci_bus 0000:fa: root bus resource [bus fa]
[    1.883558] pci 0000:fa:00.0: [8086:09a2] type 00 class 0x088000
[    1.883634] pci 0000:fa:00.1: [8086:09a4] type 00 class 0x088000
[    1.883710] pci 0000:fa:00.2: [8086:09a3] type 00 class 0x088000
[    1.883786] pci 0000:fa:00.4: [8086:0998] type 00 class 0x060000
[    1.883867] pci_bus 0000:fa: on NUMA node 1
[    1.883931] ACPI: PCI Root Bridge [UC16] (domain 0000 [bus fe])
[    1.883933] acpi PNP0A03:02: _OSC: OS supports [ExtendedConfig ASPM ClockPM Segments MSI HPX-Type3]
[    1.884098] acpi PNP0A03:02: _OSC: platform does not support [SHPCHotplug AER LTR]
[    1.884269] acpi PNP0A03:02: _OSC: OS now controls [PCIeHotplug PME PCIeCapability]
[    1.884270] acpi PNP0A03:02: FADT indicates ASPM is unsupported, using BIOS configuration
[    1.884392] PCI host bridge to bus 0000:fe
[    1.884393] pci_bus 0000:fe: root bus resource [bus fe]
[    1.884425] pci 0000:fe:00.0: [8086:3450] type 00 class 0x088000
[    1.884511] pci 0000:fe:00.1: [8086:3451] type 00 class 0x088000
[    1.884596] pci 0000:fe:00.2: [8086:3452] type 00 class 0x088000
[    1.884677] pci 0000:fe:00.3: [8086:0998] type 00 class 0x060000
[    1.884758] pci 0000:fe:00.5: [8086:3455] type 00 class 0x088000
[    1.884859] pci 0000:fe:02.0: [8086:3440] type 00 class 0x088000
[    1.885001] pci 0000:fe:02.1: [8086:3441] type 00 class 0x088000
[    1.885135] pci 0000:fe:02.2: [8086:3442] type 00 class 0x088000
[    1.885280] pci 0000:fe:03.0: [8086:3440] type 00 class 0x088000
[    1.885386] pci 0000:fe:03.1: [8086:3441] type 00 class 0x088000
[    1.885490] pci 0000:fe:03.2: [8086:3442] type 00 class 0x088000
[    1.885600] pci 0000:fe:04.0: [8086:3440] type 00 class 0x088000
[    1.885745] pci 0000:fe:04.1: [8086:3441] type 00 class 0x088000
[    1.885887] pci 0000:fe:04.2: [8086:3442] type 00 class 0x088000
[    1.886030] pci 0000:fe:04.3: [8086:3443] type 00 class 0x088000
[    1.886186] pci 0000:fe:05.0: [8086:3445] type 00 class 0x088000
[    1.886332] pci 0000:fe:05.1: [8086:3446] type 00 class 0x088000
[    1.886472] pci 0000:fe:05.2: [8086:3447] type 00 class 0x088000
[    1.886626] pci 0000:fe:06.0: [8086:3445] type 00 class 0x088000
[    1.886732] pci 0000:fe:06.1: [8086:3446] type 00 class 0x088000
[    1.886835] pci 0000:fe:06.2: [8086:3447] type 00 class 0x088000
[    1.886959] pci 0000:fe:07.0: [8086:3445] type 00 class 0x088000
[    1.887108] pci 0000:fe:07.1: [8086:3446] type 00 class 0x088000
[    1.887254] pci 0000:fe:07.2: [8086:3447] type 00 class 0x088000
[    1.887407] pci 0000:fe:0b.0: [8086:3448] type 00 class 0x088000
[    1.887497] pci 0000:fe:0b.1: [8086:3448] type 00 class 0x088000
[    1.887588] pci 0000:fe:0b.2: [8086:344b] type 00 class 0x088000
[    1.887694] pci 0000:fe:0c.0: [8086:344a] type 00 class 0x110100
[    1.887822] pci 0000:fe:0d.0: [8086:344a] type 00 class 0x110100
[    1.887937] pci 0000:fe:0e.0: [8086:344a] type 00 class 0x110100
[    1.888107] pci 0000:fe:0f.0: [8086:344a] type 00 class 0x110100
[    1.888301] pci 0000:fe:1a.0: [8086:2880] type 00 class 0x110100
[    1.888427] pci 0000:fe:1b.0: [8086:2880] type 00 class 0x110100
[    1.888538] pci 0000:fe:1c.0: [8086:2880] type 00 class 0x110100
[    1.888719] pci 0000:fe:1d.0: [8086:2880] type 00 class 0x110100
[    1.888880] pci_bus 0000:fe: on NUMA node 1
[    1.888958] ACPI: PCI Root Bridge [UC17] (domain 0000 [bus ff])
[    1.888960] acpi PNP0A03:03: _OSC: OS supports [ExtendedConfig ASPM ClockPM Segments MSI HPX-Type3]
[    1.889126] acpi PNP0A03:03: _OSC: platform does not support [SHPCHotplug AER LTR]
[    1.889298] acpi PNP0A03:03: _OSC: OS now controls [PCIeHotplug PME PCIeCapability]
[    1.889299] acpi PNP0A03:03: FADT indicates ASPM is unsupported, using BIOS configuration
[    1.889434] PCI host bridge to bus 0000:ff
[    1.889435] pci_bus 0000:ff: root bus resource [bus ff]
[    1.889477] pci 0000:ff:00.0: [8086:344c] type 00 class 0x088000
[    1.889613] pci 0000:ff:00.1: [8086:344c] type 00 class 0x088000
[    1.889751] pci 0000:ff:00.2: [8086:344c] type 00 class 0x088000
[    1.889876] pci 0000:ff:00.3: [8086:344c] type 00 class 0x088000
[    1.890021] pci 0000:ff:00.4: [8086:344c] type 00 class 0x088000
[    1.890163] pci 0000:ff:00.5: [8086:344c] type 00 class 0x088000
[    1.890283] pci 0000:ff:00.6: [8086:344c] type 00 class 0x088000
[    1.890442] pci 0000:ff:00.7: [8086:344c] type 00 class 0x088000
[    1.890609] pci 0000:ff:01.0: [8086:344c] type 00 class 0x088000
[    1.890769] pci 0000:ff:01.1: [8086:344c] type 00 class 0x088000
[    1.890919] pci 0000:ff:01.2: [8086:344c] type 00 class 0x088000
[    1.891030] pci 0000:ff:01.3: [8086:344c] type 00 class 0x088000
[    1.891192] pci 0000:ff:01.4: [8086:344c] type 00 class 0x088000
[    1.891355] pci 0000:ff:01.5: [8086:344c] type 00 class 0x088000
[    1.891522] pci 0000:ff:01.6: [8086:344c] type 00 class 0x088000
[    1.891677] pci 0000:ff:01.7: [8086:344c] type 00 class 0x088000
[    1.891850] pci 0000:ff:02.0: [8086:344c] type 00 class 0x088000
[    1.892009] pci 0000:ff:02.1: [8086:344c] type 00 class 0x088000
[    1.892167] pci 0000:ff:02.2: [8086:344c] type 00 class 0x088000
[    1.892330] pci 0000:ff:02.3: [8086:344c] type 00 class 0x088000
[    1.892492] pci 0000:ff:02.4: [8086:344c] type 00 class 0x088000
[    1.892657] pci 0000:ff:02.5: [8086:344c] type 00 class 0x088000
[    1.892832] pci 0000:ff:02.6: [8086:344c] type 00 class 0x088000
[    1.893006] pci 0000:ff:02.7: [8086:344c] type 00 class 0x088000
[    1.893198] pci 0000:ff:03.0: [8086:344c] type 00 class 0x088000
[    1.893376] pci 0000:ff:03.1: [8086:344c] type 00 class 0x088000
[    1.893550] pci 0000:ff:03.2: [8086:344c] type 00 class 0x088000
[    1.893734] pci 0000:ff:03.3: [8086:344c] type 00 class 0x088000
[    1.893939] pci 0000:ff:0a.0: [8086:344d] type 00 class 0x088000
[    1.894068] pci 0000:ff:0a.1: [8086:344d] type 00 class 0x088000
[    1.894206] pci 0000:ff:0a.2: [8086:344d] type 00 class 0x088000
[    1.894338] pci 0000:ff:0a.3: [8086:344d] type 00 class 0x088000
[    1.894485] pci 0000:ff:0a.4: [8086:344d] type 00 class 0x088000
[    1.894628] pci 0000:ff:0a.5: [8086:344d] type 00 class 0x088000
[    1.894748] pci 0000:ff:0a.6: [8086:344d] type 00 class 0x088000
[    1.894900] pci 0000:ff:0a.7: [8086:344d] type 00 class 0x088000
[    1.895066] pci 0000:ff:0b.0: [8086:344d] type 00 class 0x088000
[    1.895223] pci 0000:ff:0b.1: [8086:344d] type 00 class 0x088000
[    1.895374] pci 0000:ff:0b.2: [8086:344d] type 00 class 0x088000
[    1.895490] pci 0000:ff:0b.3: [8086:344d] type 00 class 0x088000
[    1.895652] pci 0000:ff:0b.4: [8086:344d] type 00 class 0x088000
[    1.895815] pci 0000:ff:0b.5: [8086:344d] type 00 class 0x088000
[    1.895984] pci 0000:ff:0b.6: [8086:344d] type 00 class 0x088000
[    1.896136] pci 0000:ff:0b.7: [8086:344d] type 00 class 0x088000
[    1.896308] pci 0000:ff:0c.0: [8086:344d] type 00 class 0x088000
[    1.896468] pci 0000:ff:0c.1: [8086:344d] type 00 class 0x088000
[    1.896626] pci 0000:ff:0c.2: [8086:344d] type 00 class 0x088000
[    1.896796] pci 0000:ff:0c.3: [8086:344d] type 00 class 0x088000
[    1.896958] pci 0000:ff:0c.4: [8086:344d] type 00 class 0x088000
[    1.897125] pci 0000:ff:0c.5: [8086:344d] type 00 class 0x088000
[    1.897294] pci 0000:ff:0c.6: [8086:344d] type 00 class 0x088000
[    1.897463] pci 0000:ff:0c.7: [8086:344d] type 00 class 0x088000
[    1.897655] pci 0000:ff:0d.0: [8086:344d] type 00 class 0x088000
[    1.897833] pci 0000:ff:0d.1: [8086:344d] type 00 class 0x088000
[    1.898007] pci 0000:ff:0d.2: [8086:344d] type 00 class 0x088000
[    1.898196] pci 0000:ff:0d.3: [8086:344d] type 00 class 0x088000
[    1.898413] pci 0000:ff:1d.0: [8086:344f] type 00 class 0x088000
[    1.898551] pci 0000:ff:1d.1: [8086:3457] type 00 class 0x088000
[    1.898702] pci 0000:ff:1e.0: [8086:3458] type 00 class 0x088000
[    1.898796] pci 0000:ff:1e.1: [8086:3459] type 00 class 0x088000
[    1.898888] pci 0000:ff:1e.2: [8086:345a] type 00 class 0x088000
[    1.898979] pci 0000:ff:1e.3: [8086:345b] type 00 class 0x088000
[    1.899070] pci 0000:ff:1e.4: [8086:345c] type 00 class 0x088000
[    1.899167] pci 0000:ff:1e.5: [8086:345d] type 00 class 0x088000
[    1.899257] pci 0000:ff:1e.6: [8086:345e] type 00 class 0x088000
[    1.899347] pci 0000:ff:1e.7: [8086:345f] type 00 class 0x088000
[    1.899422] pci_bus 0000:ff: on NUMA node 1
[    1.902580] iommu: Default domain type: Translated 
[    1.902580] iommu: DMA domain TLB invalidation policy: lazy mode 
[    1.902588] pci 0000:03:00.0: vgaarb: setting as boot VGA device
[    1.902588] pci 0000:03:00.0: vgaarb: VGA device added: decodes=io+mem,owns=io+mem,locks=none
[    1.902620] pci 0000:03:00.0: vgaarb: bridge control possible
[    1.902621] vgaarb: loaded
[    1.902815] SCSI subsystem initialized
[    1.902854] libata version 3.00 loaded.
[    1.902854] ACPI: bus type USB registered
[    1.902854] usbcore: registered new interface driver usbfs
[    1.902854] usbcore: registered new interface driver hub
[    1.902854] usbcore: registered new device driver usb
[    1.902854] pps_core: LinuxPPS API ver. 1 registered
[    1.902854] pps_core: Software ver. 5.3.6 - Copyright 2005-2007 Rodolfo Giometti <giometti@linux.it>
[    1.902854] PTP clock support registered
[    1.902854] EDAC MC: Ver: 3.0.0
[    1.903241] Registered efivars operations
[    1.903241] NetLabel: Initializing
[    1.903241] NetLabel:  domain hash size = 128
[    1.903241] NetLabel:  protocols = UNLABELED CIPSOv4 CALIPSO
[    1.903241] NetLabel:  unlabeled traffic allowed by default
[    1.903241] PCI: Using ACPI for IRQ routing
[    1.905398] PCI: pci_cache_line_size set to 64 bytes
[    1.905945] e820: reserve RAM buffer [mem 0x0008f000-0x0008ffff]
[    1.905947] e820: reserve RAM buffer [mem 0x46cc5020-0x47ffffff]
[    1.905949] e820: reserve RAM buffer [mem 0x46cf7020-0x47ffffff]
[    1.905950] e820: reserve RAM buffer [mem 0x46d2a020-0x47ffffff]
[    1.905951] e820: reserve RAM buffer [mem 0x46d5d020-0x47ffffff]
[    1.905952] e820: reserve RAM buffer [mem 0x49e77000-0x4bffffff]
[    1.905953] e820: reserve RAM buffer [mem 0x4b2cf000-0x4bffffff]
[    1.905954] e820: reserve RAM buffer [mem 0x4bd94000-0x4bffffff]
[    1.905955] e820: reserve RAM buffer [mem 0x4ce00000-0x4fffffff]
[    1.905956] e820: reserve RAM buffer [mem 0x5eefe000-0x5fffffff]
[    1.905957] e820: reserve RAM buffer [mem 0x6f800000-0x6fffffff]
[    1.907461] hpet0: at MMIO 0xfed00000, IRQs 2, 8, 0, 0, 0, 0, 0, 0
[    1.907467] hpet0: 8 comparators, 64-bit 24.000000 MHz counter
[    1.910646] clocksource: Switched to clocksource tsc-early
[    1.918913] VFS: Disk quotas dquot_6.6.0
[    1.918954] VFS: Dquot-cache hash table entries: 512 (order 0, 4096 bytes)
[    1.919098] AppArmor: AppArmor Filesystem Enabled
[    1.919117] pnp: PnP ACPI init
[    1.934366] system 00:01: [io  0x0500-0x05fe] has been reserved
[    1.934369] system 00:01: [io  0x0400-0x041f] has been reserved
[    1.934371] system 00:01: [io  0x0600-0x061f] has been reserved
[    1.934372] system 00:01: [io  0x0ca0-0x0ca1] has been reserved
[    1.934373] system 00:01: [io  0x0ca4-0x0ca6] has been reserved
[    1.934376] system 00:01: [mem 0xff000000-0xffffffff] has been reserved
[    1.934961] system 00:04: [mem 0xfd000000-0xfdabffff] has been reserved
[    1.934963] system 00:04: [mem 0xfdad0000-0xfdadffff] has been reserved
[    1.934964] system 00:04: [mem 0xfdb00000-0xfdffffff] has been reserved
[    1.934966] system 00:04: [mem 0xfe000000-0xfe00ffff] has been reserved
[    1.934967] system 00:04: [mem 0xfe011000-0xfe01ffff] has been reserved
[    1.934969] system 00:04: [mem 0xfe036000-0xfe03bfff] has been reserved
[    1.934970] system 00:04: [mem 0xfe03d000-0xfe3fffff] has been reserved
[    1.934972] system 00:04: [mem 0xfe410000-0xfe7fffff] has been reserved
[    1.935288] system 00:05: [io  0x1000-0x10fe] has been reserved
[    1.936266] pnp: PnP ACPI: found 6 devices
[    1.941817] clocksource: acpi_pm: mask: 0xffffff max_cycles: 0xffffff, max_idle_ns: 2085701024 ns
[    1.941895] NET: Registered PF_INET protocol family
[    1.942230] IP idents hash table entries: 262144 (order: 9, 2097152 bytes, vmalloc)
[    1.944378] tcp_listen_portaddr_hash hash table entries: 16384 (order: 6, 262144 bytes, vmalloc)
[    1.944718] TCP established hash table entries: 262144 (order: 9, 2097152 bytes, vmalloc)
[    1.945098] TCP bind hash table entries: 65536 (order: 8, 1048576 bytes, vmalloc)
[    1.945160] TCP: Hash tables configured (established 262144 bind 65536)
[    1.945365] UDP hash table entries: 16384 (order: 7, 524288 bytes, vmalloc)
[    1.945480] UDP-Lite hash table entries: 16384 (order: 7, 524288 bytes, vmalloc)
[    1.945704] NET: Registered PF_UNIX/PF_LOCAL protocol family
[    1.945709] NET: Registered PF_XDP protocol family
[    1.945716] pci 0000:04:00.0: can't claim BAR 6 [mem 0xfffc0000-0xffffffff pref]: no compatible bridge window
[    1.945719] pci 0000:04:00.1: can't claim BAR 6 [mem 0xfffc0000-0xffffffff pref]: no compatible bridge window
[    1.945721] pci 0000:17:00.0: can't claim BAR 6 [mem 0xfff00000-0xffffffff pref]: no compatible bridge window
[    1.945736] pci 0000:00:1c.5: BAR 14: assigned [mem 0x90000000-0x900fffff]
[    1.945738] pci 0000:00:1c.0: PCI bridge to [bus 01]
[    1.945748] pci 0000:02:00.0: PCI bridge to [bus 03]
[    1.945753] pci 0000:02:00.0:   bridge window [mem 0x92000000-0x928fffff]
[    1.945756] pci 0000:02:00.0:   bridge window [mem 0x91000000-0x91ffffff 64bit pref]
[    1.945762] pci 0000:00:1c.4: PCI bridge to [bus 02-03]
[    1.945766] pci 0000:00:1c.4:   bridge window [mem 0x92000000-0x928fffff]
[    1.945769] pci 0000:00:1c.4:   bridge window [mem 0x91000000-0x91ffffff 64bit pref]
[    1.945774] pci 0000:04:00.0: BAR 6: assigned [mem 0x90000000-0x9003ffff pref]
[    1.945776] pci 0000:04:00.1: BAR 6: assigned [mem 0x90040000-0x9007ffff pref]
[    1.945777] pci 0000:00:1c.5: PCI bridge to [bus 04]
[    1.945780] pci 0000:00:1c.5:   bridge window [mem 0x90000000-0x900fffff]
[    1.945783] pci 0000:00:1c.5:   bridge window [mem 0x92900000-0x929fffff 64bit pref]
[    1.945788] pci_bus 0000:00: resource 4 [io  0x0000-0x0cf7 window]
[    1.945789] pci_bus 0000:00: resource 5 [io  0x1000-0x4fff window]
[    1.945790] pci_bus 0000:00: resource 6 [mem 0x000a0000-0x000bffff window]
[    1.945792] pci_bus 0000:00: resource 7 [mem 0x000c8000-0x000cffff window]
[    1.945793] pci_bus 0000:00: resource 8 [mem 0xfe010000-0xfe010fff window]
[    1.945794] pci_bus 0000:00: resource 9 [mem 0x90000000-0x9b7fffff window]
[    1.945795] pci_bus 0000:00: resource 10 [mem 0x200000000000-0x20ffffffffff window]
[    1.945797] pci_bus 0000:02: resource 1 [mem 0x92000000-0x928fffff]
[    1.945798] pci_bus 0000:02: resource 2 [mem 0x91000000-0x91ffffff 64bit pref]
[    1.945799] pci_bus 0000:03: resource 1 [mem 0x92000000-0x928fffff]
[    1.945800] pci_bus 0000:03: resource 2 [mem 0x91000000-0x91ffffff 64bit pref]
[    1.945802] pci_bus 0000:04: resource 1 [mem 0x90000000-0x900fffff]
[    1.945803] pci_bus 0000:04: resource 2 [mem 0x92900000-0x929fffff 64bit pref]
[    1.945871] pci 0000:17:00.0: BAR 6: no space for [mem size 0x00100000 pref]
[    1.945873] pci 0000:17:00.0: BAR 6: failed to assign [mem size 0x00100000 pref]
[    1.945874] pci 0000:16:02.0: PCI bridge to [bus 17]
[    1.945876] pci 0000:16:02.0:   bridge window [io  0x5000-0x5fff]
[    1.945878] pci 0000:16:02.0:   bridge window [mem 0x9ba00000-0x9bafffff]
[    1.945881] pci 0000:16:02.0:   bridge window [mem 0x9b800000-0x9b9fffff 64bit pref]
[    1.945884] pci_bus 0000:16: resource 4 [io  0x5000-0x6fff window]
[    1.945885] pci_bus 0000:16: resource 5 [mem 0x9b800000-0xa63fffff window]
[    1.945886] pci_bus 0000:16: resource 6 [mem 0x210000000000-0x21ffffffffff window]
[    1.945887] pci_bus 0000:17: resource 0 [io  0x5000-0x5fff]
[    1.945888] pci_bus 0000:17: resource 1 [mem 0x9ba00000-0x9bafffff]
[    1.945889] pci_bus 0000:17: resource 2 [mem 0x9b800000-0x9b9fffff 64bit pref]
[    1.945896] pci_bus 0000:30: resource 4 [io  0x7000-0x8fff window]
[    1.945897] pci_bus 0000:30: resource 5 [mem 0xa6400000-0xb0ffffff window]
[    1.945898] pci_bus 0000:30: resource 6 [mem 0x220000000000-0x22ffffffffff window]
[    1.945904] pci_bus 0000:4a: resource 4 [io  0x9000-0x9fff window]
[    1.945905] pci_bus 0000:4a: resource 5 [mem 0xb1000000-0xbbbfffff window]
[    1.945906] pci_bus 0000:4a: resource 6 [mem 0x230000000000-0x23ffffffffff window]
[    1.945912] pci_bus 0000:64: resource 4 [io  0xa000-0xafff window]
[    1.945913] pci_bus 0000:64: resource 5 [mem 0xbbc00000-0xc5ffffff window]
[    1.945914] pci_bus 0000:64: resource 6 [mem 0x240000000000-0x24ffffffffff window]
[    1.945943] pci_bus 0000:80: resource 4 [io  0xb000-0xbfff window]
[    1.945944] pci_bus 0000:80: resource 5 [mem 0xc6800000-0xd0ffffff window]
[    1.945945] pci_bus 0000:80: resource 6 [mem 0x250000000000-0x25ffffffffff window]
[    1.945952] pci_bus 0000:81: resource 4 [io  0xc000-0xcfff window]
[    1.945953] pci_bus 0000:81: resource 5 [mem 0xd1000000-0xdbbfffff window]
[    1.945954] pci_bus 0000:81: resource 6 [mem 0x260000000000-0x26ffffffffff window]
[    1.945959] pci_bus 0000:82: resource 4 [io  0xd000-0xdfff window]
[    1.945960] pci_bus 0000:82: resource 5 [mem 0xdbc00000-0xe67fffff window]
