[    0.000000] Linux version 5.18.0 (xmu@xmu-PowerEdge-R750) (gcc (Ubuntu 8.4.0-1ubuntu1~18.04) 8.4.0, GNU ld (GNU Binutils for Ubuntu) 2.30) #1 SMP PREEMPT_DYNAMIC Sat Apr 6 15:16:25 CST 2024
[    0.000000] Command line: BOOT_IMAGE=/boot/vmlinuz-5.18.0 root=UUID=ce0c24b8-724b-4f33-9b2c-618433560aef ro systemd.unified_cgroup_hierarchy=yes quiet splash nomodeset vt.handoff=1
[    0.000000] KERNEL supported cpus:
[    0.000000]   Intel GenuineIntel
[    0.000000]   AMD AuthenticAMD
[    0.000000]   Hygon HygonGenuine
[    0.000000]   Centaur CentaurHauls
[    0.000000]   zhaoxin   Shanghai  
[    0.000000] x86/split lock detection: #AC: crashing the kernel on kernel split_locks and warning on user-space split_locks
[    0.000000] x86/fpu: Supporting XSAVE feature 0x001: 'x87 floating point registers'
[    0.000000] x86/fpu: Supporting XSAVE feature 0x002: 'SSE registers'
[    0.000000] x86/fpu: Supporting XSAVE feature 0x004: 'AVX registers'
[    0.000000] x86/fpu: Supporting XSAVE feature 0x020: 'AVX-512 opmask'
[    0.000000] x86/fpu: Supporting XSAVE feature 0x040: 'AVX-512 Hi256'
[    0.000000] x86/fpu: Supporting XSAVE feature 0x080: 'AVX-512 ZMM_Hi256'
[    0.000000] x86/fpu: Supporting XSAVE feature 0x200: 'Protection Keys User registers'
[    0.000000] x86/fpu: xstate_offset[2]:  576, xstate_sizes[2]:  256
[    0.000000] x86/fpu: xstate_offset[5]:  832, xstate_sizes[5]:   64
[    0.000000] x86/fpu: xstate_offset[6]:  896, xstate_sizes[6]:  512
[    0.000000] x86/fpu: xstate_offset[7]: 1408, xstate_sizes[7]: 1024
[    0.000000] x86/fpu: xstate_offset[9]: 2432, xstate_sizes[9]:    8
[    0.000000] x86/fpu: Enabled xstate features 0x2e7, context size is 2440 bytes, using 'compacted' format.
[    0.000000] signal: max sigframe size: 3632
[    0.000000] BIOS-provided physical RAM map:
[    0.000000] BIOS-e820: [mem 0x0000000000000000-0x000000000008efff] usable
[    0.000000] BIOS-e820: [mem 0x000000000008f000-0x000000000008ffff] reserved
[    0.000000] BIOS-e820: [mem 0x0000000000090000-0x000000000009ffff] usable
[    0.000000] BIOS-e820: [mem 0x00000000000a0000-0x00000000000fffff] reserved
[    0.000000] BIOS-e820: [mem 0x0000000000100000-0x0000000049e76fff] usable
[    0.000000] BIOS-e820: [mem 0x0000000049e77000-0x000000004ae76fff] ACPI NVS
[    0.000000] BIOS-e820: [mem 0x000000004ae77000-0x000000004b2cefff] usable
[    0.000000] BIOS-e820: [mem 0x000000004b2cf000-0x000000004b54dfff] ACPI data
[    0.000000] BIOS-e820: [mem 0x000000004b54e000-0x000000004bd93fff] usable
[    0.000000] BIOS-e820: [mem 0x000000004bd94000-0x000000004be99fff] reserved
[    0.000000] BIOS-e820: [mem 0x000000004be9a000-0x000000004cdfffff] usable
[    0.000000] BIOS-e820: [mem 0x000000004ce00000-0x000000004cffffff] reserved
[    0.000000] BIOS-e820: [mem 0x000000004d000000-0x000000005eefdfff] usable
[    0.000000] BIOS-e820: [mem 0x000000005eefe000-0x000000006e3fefff] reserved
[    0.000000] BIOS-e820: [mem 0x000000006e3ff000-0x000000006f3fefff] ACPI NVS
[    0.000000] BIOS-e820: [mem 0x000000006f3ff000-0x000000006f7fefff] ACPI data
[    0.000000] BIOS-e820: [mem 0x000000006f7ff000-0x000000006f7fffff] usable
[    0.000000] BIOS-e820: [mem 0x000000006f800000-0x000000008fffffff] reserved
[    0.000000] BIOS-e820: [mem 0x00000000fe000000-0x00000000fe010fff] reserved
[    0.000000] BIOS-e820: [mem 0x0000000100000000-0x000000207fffffff] usable
[    0.000000] BIOS-e820: [mem 0x0000002080000000-0x0000011c7fffffff] persistent (type 7)
[    0.000000] BIOS-e820: [mem 0x00001ffc00000000-0x00001fffffffffff] reserved
[    0.000000] NX (Execute Disable) protection: active
[    0.000000] e820: update [mem 0x46d5c020-0x46d6405f] usable ==> usable
[    0.000000] e820: update [mem 0x46d5c020-0x46d6405f] usable ==> usable
[    0.000000] e820: update [mem 0x46d29020-0x46d5bc5f] usable ==> usable
[    0.000000] e820: update [mem 0x46d29020-0x46d5bc5f] usable ==> usable
[    0.000000] e820: update [mem 0x46cf6020-0x46d28c5f] usable ==> usable
[    0.000000] e820: update [mem 0x46cf6020-0x46d28c5f] usable ==> usable
[    0.000000] e820: update [mem 0x46cc4020-0x46cf5a5f] usable ==> usable
[    0.000000] e820: update [mem 0x46cc4020-0x46cf5a5f] usable ==> usable
[    0.000000] extended physical RAM map:
[    0.000000] reserve setup_data: [mem 0x0000000000000000-0x000000000008efff] usable
[    0.000000] reserve setup_data: [mem 0x000000000008f000-0x000000000008ffff] reserved
[    0.000000] reserve setup_data: [mem 0x0000000000090000-0x000000000009ffff] usable
[    0.000000] reserve setup_data: [mem 0x00000000000a0000-0x00000000000fffff] reserved
[    0.000000] reserve setup_data: [mem 0x0000000000100000-0x0000000046cc401f] usable
[    0.000000] reserve setup_data: [mem 0x0000000046cc4020-0x0000000046cf5a5f] usable
[    0.000000] reserve setup_data: [mem 0x0000000046cf5a60-0x0000000046cf601f] usable
[    0.000000] reserve setup_data: [mem 0x0000000046cf6020-0x0000000046d28c5f] usable
[    0.000000] reserve setup_data: [mem 0x0000000046d28c60-0x0000000046d2901f] usable
[    0.000000] reserve setup_data: [mem 0x0000000046d29020-0x0000000046d5bc5f] usable
[    0.000000] reserve setup_data: [mem 0x0000000046d5bc60-0x0000000046d5c01f] usable
[    0.000000] reserve setup_data: [mem 0x0000000046d5c020-0x0000000046d6405f] usable
[    0.000000] reserve setup_data: [mem 0x0000000046d64060-0x0000000049e76fff] usable
[    0.000000] reserve setup_data: [mem 0x0000000049e77000-0x000000004ae76fff] ACPI NVS
[    0.000000] reserve setup_data: [mem 0x000000004ae77000-0x000000004b2cefff] usable
[    0.000000] reserve setup_data: [mem 0x000000004b2cf000-0x000000004b54dfff] ACPI data
[    0.000000] reserve setup_data: [mem 0x000000004b54e000-0x000000004bd93fff] usable
[    0.000000] reserve setup_data: [mem 0x000000004bd94000-0x000000004be99fff] reserved
[    0.000000] reserve setup_data: [mem 0x000000004be9a000-0x000000004cdfffff] usable
[    0.000000] reserve setup_data: [mem 0x000000004ce00000-0x000000004cffffff] reserved
[    0.000000] reserve setup_data: [mem 0x000000004d000000-0x000000005eefdfff] usable
[    0.000000] reserve setup_data: [mem 0x000000005eefe000-0x000000006e3fefff] reserved
[    0.000000] reserve setup_data: [mem 0x000000006e3ff000-0x000000006f3fefff] ACPI NVS
[    0.000000] reserve setup_data: [mem 0x000000006f3ff000-0x000000006f7fefff] ACPI data
[    0.000000] reserve setup_data: [mem 0x000000006f7ff000-0x000000006f7fffff] usable
[    0.000000] reserve setup_data: [mem 0x000000006f800000-0x000000008fffffff] reserved
[    0.000000] reserve setup_data: [mem 0x00000000fe000000-0x00000000fe010fff] reserved
[    0.000000] reserve setup_data: [mem 0x0000000100000000-0x000000207fffffff] usable
[    0.000000] reserve setup_data: [mem 0x0000002080000000-0x0000011c7fffffff] persistent (type 7)
[    0.000000] reserve setup_data: [mem 0x00001ffc00000000-0x00001fffffffffff] reserved
[    0.000000] efi: EFI v2.70 by Dell Inc.
[    0.000000] efi: ACPI=0x6f7fe000 ACPI 2.0=0x6f7fe014 MEMATTR=0x5b071020 SMBIOS=0x69526000 SMBIOS 3.0=0x69524000 MOKvar=0x5ef81000 RNG=0x5ef8a920 
[    0.000000] efi: seeding entropy pool
[    0.000000] SMBIOS 3.3.0 present.
[    0.000000] DMI: Dell Inc. PowerEdge R750/0K8F35, BIOS 1.10.2 03/03/2023
[    0.000000] tsc: Detected 2000.000 MHz processor
[    0.000007] e820: update [mem 0x00000000-0x00000fff] usable ==> reserved
[    0.000010] e820: remove [mem 0x000a0000-0x000fffff] usable
[    0.000018] last_pfn = 0x2080000 max_arch_pfn = 0x400000000
[    0.000195] x86/PAT: Configuration [0-7]: WB  WC  UC- UC  WB  WP  UC- WT  
[    0.002842] total RAM covered: 2095088M
[    0.002927]  gran_size: 64K 	chunk_size: 64K 	num_reg: 10  	lose cover RAM: 2016G
[    0.002930]  gran_size: 64K 	chunk_size: 128K 	num_reg: 10  	lose cover RAM: 2016G
[    0.002931]  gran_size: 64K 	chunk_size: 256K 	num_reg: 10  	lose cover RAM: 2016G
[    0.002933]  gran_size: 64K 	chunk_size: 512K 	num_reg: 10  	lose cover RAM: 2016G
[    0.002934]  gran_size: 64K 	chunk_size: 1M 	num_reg: 10  	lose cover RAM: 2016G
[    0.002935]  gran_size: 64K 	chunk_size: 2M 	num_reg: 10  	lose cover RAM: 2016G
[    0.002937]  gran_size: 64K 	chunk_size: 4M 	num_reg: 10  	lose cover RAM: 2016G
[    0.002938]  gran_size: 64K 	chunk_size: 8M 	num_reg: 10  	lose cover RAM: 2016G
[    0.002939]  gran_size: 64K 	chunk_size: 16M 	num_reg: 10  	lose cover RAM: 2016G
[    0.002941]  gran_size: 64K 	chunk_size: 32M 	num_reg: 10  	lose cover RAM: 1024G
[    0.002942]  gran_size: 64K 	chunk_size: 64M 	num_reg: 10  	lose cover RAM: 1024G
[    0.002943]  gran_size: 64K 	chunk_size: 128M 	num_reg: 10  	lose cover RAM: 1024G
[    0.002945]  gran_size: 64K 	chunk_size: 256M 	num_reg: 10  	lose cover RAM: 1024G
[    0.002946]  gran_size: 64K 	chunk_size: 512M 	num_reg: 10  	lose cover RAM: 1024G
[    0.002947]  gran_size: 64K 	chunk_size: 1G 	num_reg: 10  	lose cover RAM: 1024G
[    0.002949]  gran_size: 64K 	chunk_size: 2G 	num_reg: 10  	lose cover RAM: 1024G
[    0.002950]  gran_size: 128K 	chunk_size: 128K 	num_reg: 10  	lose cover RAM: 2016G
[    0.002952]  gran_size: 128K 	chunk_size: 256K 	num_reg: 10  	lose cover RAM: 2016G
[    0.002953]  gran_size: 128K 	chunk_size: 512K 	num_reg: 10  	lose cover RAM: 2016G
[    0.002954]  gran_size: 128K 	chunk_size: 1M 	num_reg: 10  	lose cover RAM: 2016G
[    0.002956]  gran_size: 128K 	chunk_size: 2M 	num_reg: 10  	lose cover RAM: 2016G
[    0.002957]  gran_size: 128K 	chunk_size: 4M 	num_reg: 10  	lose cover RAM: 2016G
[    0.002959]  gran_size: 128K 	chunk_size: 8M 	num_reg: 10  	lose cover RAM: 2016G
[    0.002960]  gran_size: 128K 	chunk_size: 16M 	num_reg: 10  	lose cover RAM: 2016G
[    0.002961]  gran_size: 128K 	chunk_size: 32M 	num_reg: 10  	lose cover RAM: 1024G
[    0.002963]  gran_size: 128K 	chunk_size: 64M 	num_reg: 10  	lose cover RAM: 1024G
[    0.002964]  gran_size: 128K 	chunk_size: 128M 	num_reg: 10  	lose cover RAM: 1024G
[    0.002965]  gran_size: 128K 	chunk_size: 256M 	num_reg: 10  	lose cover RAM: 1024G
[    0.002967]  gran_size: 128K 	chunk_size: 512M 	num_reg: 10  	lose cover RAM: 1024G
[    0.002968]  gran_size: 128K 	chunk_size: 1G 	num_reg: 10  	lose cover RAM: 1024G
[    0.002969]  gran_size: 128K 	chunk_size: 2G 	num_reg: 10  	lose cover RAM: 1024G
[    0.002971]  gran_size: 256K 	chunk_size: 256K 	num_reg: 10  	lose cover RAM: 2016G
[    0.002972]  gran_size: 256K 	chunk_size: 512K 	num_reg: 10  	lose cover RAM: 2016G
[    0.002973]  gran_size: 256K 	chunk_size: 1M 	num_reg: 10  	lose cover RAM: 2016G
[    0.002975]  gran_size: 256K 	chunk_size: 2M 	num_reg: 10  	lose cover RAM: 2016G
[    0.002976]  gran_size: 256K 	chunk_size: 4M 	num_reg: 10  	lose cover RAM: 2016G
[    0.002977]  gran_size: 256K 	chunk_size: 8M 	num_reg: 10  	lose cover RAM: 2016G
[    0.002979]  gran_size: 256K 	chunk_size: 16M 	num_reg: 10  	lose cover RAM: 2016G
[    0.002980]  gran_size: 256K 	chunk_size: 32M 	num_reg: 10  	lose cover RAM: 1024G
[    0.002981]  gran_size: 256K 	chunk_size: 64M 	num_reg: 10  	lose cover RAM: 1024G
[    0.002983]  gran_size: 256K 	chunk_size: 128M 	num_reg: 10  	lose cover RAM: 1024G
[    0.002984]  gran_size: 256K 	chunk_size: 256M 	num_reg: 10  	lose cover RAM: 1024G
[    0.002985]  gran_size: 256K 	chunk_size: 512M 	num_reg: 10  	lose cover RAM: 1024G
[    0.002987]  gran_size: 256K 	chunk_size: 1G 	num_reg: 10  	lose cover RAM: 1024G
[    0.002988]  gran_size: 256K 	chunk_size: 2G 	num_reg: 10  	lose cover RAM: 1024G
[    0.002989]  gran_size: 512K 	chunk_size: 512K 	num_reg: 10  	lose cover RAM: 2016G
[    0.002991]  gran_size: 512K 	chunk_size: 1M 	num_reg: 10  	lose cover RAM: 2016G
[    0.002992]  gran_size: 512K 	chunk_size: 2M 	num_reg: 10  	lose cover RAM: 2016G
[    0.002993]  gran_size: 512K 	chunk_size: 4M 	num_reg: 10  	lose cover RAM: 2016G
[    0.002995]  gran_size: 512K 	chunk_size: 8M 	num_reg: 10  	lose cover RAM: 2016G
[    0.002996]  gran_size: 512K 	chunk_size: 16M 	num_reg: 10  	lose cover RAM: 2016G
[    0.002997]  gran_size: 512K 	chunk_size: 32M 	num_reg: 10  	lose cover RAM: 1024G
[    0.002998]  gran_size: 512K 	chunk_size: 64M 	num_reg: 10  	lose cover RAM: 1024G
[    0.003000]  gran_size: 512K 	chunk_size: 128M 	num_reg: 10  	lose cover RAM: 1024G
[    0.003001]  gran_size: 512K 	chunk_size: 256M 	num_reg: 10  	lose cover RAM: 1024G
[    0.003002]  gran_size: 512K 	chunk_size: 512M 	num_reg: 10  	lose cover RAM: 1024G
[    0.003004]  gran_size: 512K 	chunk_size: 1G 	num_reg: 10  	lose cover RAM: 1024G
[    0.003005]  gran_size: 512K 	chunk_size: 2G 	num_reg: 10  	lose cover RAM: 1024G
[    0.003006]  gran_size: 1M 	chunk_size: 1M 	num_reg: 10  	lose cover RAM: 2016G
[    0.003008]  gran_size: 1M 	chunk_size: 2M 	num_reg: 10  	lose cover RAM: 2016G
[    0.003009]  gran_size: 1M 	chunk_size: 4M 	num_reg: 10  	lose cover RAM: 2016G
[    0.003010]  gran_size: 1M 	chunk_size: 8M 	num_reg: 10  	lose cover RAM: 2016G
[    0.003012]  gran_size: 1M 	chunk_size: 16M 	num_reg: 10  	lose cover RAM: 2016G
[    0.003013]  gran_size: 1M 	chunk_size: 32M 	num_reg: 10  	lose cover RAM: 1024G
[    0.003014]  gran_size: 1M 	chunk_size: 64M 	num_reg: 10  	lose cover RAM: 1024G
[    0.003015]  gran_size: 1M 	chunk_size: 128M 	num_reg: 10  	lose cover RAM: 1024G
[    0.003017]  gran_size: 1M 	chunk_size: 256M 	num_reg: 10  	lose cover RAM: 1024G
[    0.003018]  gran_size: 1M 	chunk_size: 512M 	num_reg: 10  	lose cover RAM: 1024G
[    0.003020]  gran_size: 1M 	chunk_size: 1G 	num_reg: 10  	lose cover RAM: 1024G
[    0.003021]  gran_size: 1M 	chunk_size: 2G 	num_reg: 10  	lose cover RAM: 1024G
[    0.003022]  gran_size: 2M 	chunk_size: 2M 	num_reg: 10  	lose cover RAM: 2016G
[    0.003024]  gran_size: 2M 	chunk_size: 4M 	num_reg: 10  	lose cover RAM: 2016G
[    0.003025]  gran_size: 2M 	chunk_size: 8M 	num_reg: 10  	lose cover RAM: 2016G
[    0.003026]  gran_size: 2M 	chunk_size: 16M 	num_reg: 10  	lose cover RAM: 2016G
[    0.003028]  gran_size: 2M 	chunk_size: 32M 	num_reg: 10  	lose cover RAM: 1024G
[    0.003029]  gran_size: 2M 	chunk_size: 64M 	num_reg: 10  	lose cover RAM: 1024G
[    0.003030]  gran_size: 2M 	chunk_size: 128M 	num_reg: 10  	lose cover RAM: 1024G
[    0.003032]  gran_size: 2M 	chunk_size: 256M 	num_reg: 10  	lose cover RAM: 1024G
[    0.003033]  gran_size: 2M 	chunk_size: 512M 	num_reg: 10  	lose cover RAM: 1024G
[    0.003034]  gran_size: 2M 	chunk_size: 1G 	num_reg: 10  	lose cover RAM: 1024G
[    0.003035]  gran_size: 2M 	chunk_size: 2G 	num_reg: 10  	lose cover RAM: 1024G
[    0.003037]  gran_size: 4M 	chunk_size: 4M 	num_reg: 10  	lose cover RAM: 2016G
[    0.003038]  gran_size: 4M 	chunk_size: 8M 	num_reg: 10  	lose cover RAM: 2016G
[    0.003039]  gran_size: 4M 	chunk_size: 16M 	num_reg: 10  	lose cover RAM: 2016G
[    0.003041]  gran_size: 4M 	chunk_size: 32M 	num_reg: 10  	lose cover RAM: 1024G
[    0.003042]  gran_size: 4M 	chunk_size: 64M 	num_reg: 10  	lose cover RAM: 1024G
[    0.003043]  gran_size: 4M 	chunk_size: 128M 	num_reg: 10  	lose cover RAM: 1024G
[    0.003045]  gran_size: 4M 	chunk_size: 256M 	num_reg: 10  	lose cover RAM: 1024G
[    0.003046]  gran_size: 4M 	chunk_size: 512M 	num_reg: 10  	lose cover RAM: 1024G
[    0.003048]  gran_size: 4M 	chunk_size: 1G 	num_reg: 10  	lose cover RAM: 1024G
[    0.003049]  gran_size: 4M 	chunk_size: 2G 	num_reg: 10  	lose cover RAM: 1024G
[    0.003050]  gran_size: 8M 	chunk_size: 8M 	num_reg: 10  	lose cover RAM: 2016G
[    0.003052]  gran_size: 8M 	chunk_size: 16M 	num_reg: 10  	lose cover RAM: 2016G
[    0.003053]  gran_size: 8M 	chunk_size: 32M 	num_reg: 10  	lose cover RAM: 1024G
[    0.003054]  gran_size: 8M 	chunk_size: 64M 	num_reg: 10  	lose cover RAM: 1024G
[    0.003056]  gran_size: 8M 	chunk_size: 128M 	num_reg: 10  	lose cover RAM: 1024G
[    0.003057]  gran_size: 8M 	chunk_size: 256M 	num_reg: 10  	lose cover RAM: 1024G
[    0.003058]  gran_size: 8M 	chunk_size: 512M 	num_reg: 10  	lose cover RAM: 1024G
[    0.003060]  gran_size: 8M 	chunk_size: 1G 	num_reg: 10  	lose cover RAM: 1024G
[    0.003061]  gran_size: 8M 	chunk_size: 2G 	num_reg: 10  	lose cover RAM: 1024G
[    0.003062]  gran_size: 16M 	chunk_size: 16M 	num_reg: 10  	lose cover RAM: 2016G
[    0.003064]  gran_size: 16M 	chunk_size: 32M 	num_reg: 10  	lose cover RAM: 1024G
[    0.003065]  gran_size: 16M 	chunk_size: 64M 	num_reg: 10  	lose cover RAM: 1024G
[    0.003066]  gran_size: 16M 	chunk_size: 128M 	num_reg: 10  	lose cover RAM: 1024G
[    0.003067]  gran_size: 16M 	chunk_size: 256M 	num_reg: 10  	lose cover RAM: 1024G
[    0.003069]  gran_size: 16M 	chunk_size: 512M 	num_reg: 10  	lose cover RAM: 1024G
[    0.003070]  gran_size: 16M 	chunk_size: 1G 	num_reg: 10  	lose cover RAM: 1024G
[    0.003072]  gran_size: 16M 	chunk_size: 2G 	num_reg: 10  	lose cover RAM: 1024G
[    0.003073]  gran_size: 32M 	chunk_size: 32M 	num_reg: 10  	lose cover RAM: 2031632M
[    0.003074]  gran_size: 32M 	chunk_size: 64M 	num_reg: 10  	lose cover RAM: 1048592M
[    0.003076]  gran_size: 32M 	chunk_size: 128M 	num_reg: 10  	lose cover RAM: 1048592M
[    0.003077]  gran_size: 32M 	chunk_size: 256M 	num_reg: 10  	lose cover RAM: 1048592M
[    0.003078]  gran_size: 32M 	chunk_size: 512M 	num_reg: 10  	lose cover RAM: 1048592M
[    0.003080]  gran_size: 32M 	chunk_size: 1G 	num_reg: 10  	lose cover RAM: 1048592M
[    0.003081]  gran_size: 32M 	chunk_size: 2G 	num_reg: 10  	lose cover RAM: 1048592M
[    0.003083]  gran_size: 64M 	chunk_size: 64M 	num_reg: 10  	lose cover RAM: 1966128M
[    0.003084]  gran_size: 64M 	chunk_size: 128M 	num_reg: 10  	lose cover RAM: 1048624M
[    0.003085]  gran_size: 64M 	chunk_size: 256M 	num_reg: 10  	lose cover RAM: 1048624M
[    0.003087]  gran_size: 64M 	chunk_size: 512M 	num_reg: 10  	lose cover RAM: 1048624M
[    0.003088]  gran_size: 64M 	chunk_size: 1G 	num_reg: 10  	lose cover RAM: 1048624M
[    0.003090]  gran_size: 64M 	chunk_size: 2G 	num_reg: 10  	lose cover RAM: 1048624M
[    0.003091]  gran_size: 128M 	chunk_size: 128M 	num_reg: 10  	lose cover RAM: 1835120M
[    0.003092]  gran_size: 128M 	chunk_size: 256M 	num_reg: 10  	lose cover RAM: 1048688M
[    0.003094]  gran_size: 128M 	chunk_size: 512M 	num_reg: 10  	lose cover RAM: 1048688M
[    0.003095]  gran_size: 128M 	chunk_size: 1G 	num_reg: 10  	lose cover RAM: 1048688M
[    0.003096]  gran_size: 128M 	chunk_size: 2G 	num_reg: 10  	lose cover RAM: 1048688M
[    0.003098]  gran_size: 256M 	chunk_size: 256M 	num_reg: 10  	lose cover RAM: 1573104M
[    0.003099]  gran_size: 256M 	chunk_size: 512M 	num_reg: 10  	lose cover RAM: 1048816M
[    0.003100]  gran_size: 256M 	chunk_size: 1G 	num_reg: 10  	lose cover RAM: 1048816M
[    0.003102]  gran_size: 256M 	chunk_size: 2G 	num_reg: 10  	lose cover RAM: 1048816M
[    0.003103]  gran_size: 512M 	chunk_size: 512M 	num_reg: 10  	lose cover RAM: 1049072M
[    0.003104]  gran_size: 512M 	chunk_size: 1G 	num_reg: 10  	lose cover RAM: 1049072M
[    0.003106]  gran_size: 512M 	chunk_size: 2G 	num_reg: 10  	lose cover RAM: 1049072M
[    0.003107]  gran_size: 1G 	chunk_size: 1G 	num_reg: 10  	lose cover RAM: 1008M
[    0.003108]  gran_size: 1G 	chunk_size: 2G 	num_reg: 10  	lose cover RAM: 1008M
[    0.003110]  gran_size: 2G 	chunk_size: 2G 	num_reg: 9  	lose cover RAM: 2032M
[    0.003111] mtrr_cleanup: can not find optimal value
[    0.003112] please specify mtrr_gran_size/mtrr_chunk_size
[    0.003114] e820: update [mem 0x7f000000-0xffffffff] usable ==> reserved
[    0.003118] x2apic: enabled by BIOS, switching to x2apic ops
[    0.003118] last_pfn = 0x6f800 max_arch_pfn = 0x400000000
[    0.014544] Using GB pages for direct mapping
[    0.015362] Secure boot disabled
[    0.015363] RAMDISK: [mem 0x205de61000-0x207fffffff]
[    0.015368] ACPI: Early table checksum verification disabled
[    0.015370] ACPI: RSDP 0x000000006F7FE014 000024 (v02 DELL  )
[    0.015374] ACPI: XSDT 0x000000006F41C188 0000F4 (v01 DELL   PE_SC3   00000000 DELL 01000013)
[    0.015380] ACPI: FACP 0x000000006F430000 000114 (v06 DELL   PE_SC3   00000000 DELL 00000001)
[    0.015386] ACPI: DSDT 0x000000004B4CE000 07FAD3 (v02 DELL   PE_SC3   00000003 DELL 00000001)
[    0.015389] ACPI: FACS 0x000000006F2F2000 000040
[    0.015392] ACPI: SSDT 0x000000006F7FB000 00159A (v02 INTEL  RAS_ACPI 00000001 INTL 20210331)
[    0.015396] ACPI: SSDT 0x000000006F7FA000 000745 (v02 INTEL  ADDRXLAT 00000001 INTL 20210331)
[    0.015399] ACPI: MCEJ 0x000000006F7F9000 000130 (v01 INTEL           00000001 INTL 0100000D)
[    0.015403] ACPI: BERT 0x000000006F7F8000 000030 (v01 DELL   PE_SC3   00000001 INTL 00000001)
[    0.015406] ACPI: ERST 0x000000006F7F7000 000230 (v01 DELL   PE_SC3   00000001 INTL 00000001)
[    0.015410] ACPI: SSDT 0x000000006F431000 3C524E (v02 INTEL  SSDTNVDR 00001000 INTL 20210331)
[    0.015413] ACPI: HMAT 0x000000006F42F000 000210 (v01 DELL   PE_SC3   00000001 DELL 00000001)
[    0.015417] ACPI: HPET 0x000000006F42E000 000038 (v01 DELL   PE_SC3   00000001 DELL 00000001)
[    0.015420] ACPI: MCFG 0x000000006F42D000 00003C (v01 DELL   PE_SC3   00000001 DELL 00000001)
[    0.015424] ACPI: MIGT 0x000000006F42C000 000040 (v01 DELL   PE_SC3   00000000 DELL 00000001)
[    0.015427] ACPI: MSCT 0x000000006F42B000 000090 (v01 DELL   PE_SC3   00000001 DELL 00000001)
[    0.015430] ACPI: PMTT 0x000000006F429000 0011E8 (v02 DELL   PE_SC3   00000001 DELL 00000001)
[    0.015434] ACPI: WSMT 0x000000006F428000 000028 (v01 DELL   PE_SC3   00000000 DELL 00000001)
[    0.015437] ACPI: APIC 0x000000006F427000 00075E (v04 DELL   PE_SC3   00000000 DELL 00000001)
[    0.015440] ACPI: SLIT 0x000000006F426000 00003C (v01 DELL   PE_SC3   00000001 DELL 01000013)
[    0.015444] ACPI: SRAT 0x000000006F41F000 006430 (v03 DELL   PE_SC3   00000002 DELL 01000013)
[    0.015447] ACPI: OEM4 0x000000004B346000 187A61 (v02 INTEL  CPU  CST 00003000 INTL 20210331)
[    0.015450] ACPI: SSDT 0x000000004B2CF000 0764A5 (v02 INTEL  SSDT  PM 00004000 INTL 20210331)
[    0.015454] ACPI: SSDT 0x000000006F41E000 000A1F (v02 DELL   PE_SC3   00000000 DELL 00000001)
[    0.015457] ACPI: HEST 0x000000006F41D000 00017C (v01 DELL   PE_SC3   00000001 INTL 00000001)
[    0.015460] ACPI: PCAT 0x000000006F41B000 00010C (v19 DELL   PE_SC3   00000002 DELL 00000001)
[    0.015463] ACPI: SSDT 0x000000006F413000 007299 (v02 INTEL  SpsNm    00000002 INTL 20210331)
[    0.015467] ACPI: SSDT 0x000000006F412000 000426 (v02 DELL   PE_SC3   00000002 DELL 00000001)
[    0.015470] ACPI: NFIT 0x000000006F7FD000 000488 (v01 DELL   PE_SC3   00000002 DELL 00000001)
[    0.015474] ACPI: DMAR 0x000000006F411000 000158 (v01 DELL   PE_SC3   00000001 DELL 00000001)
[    0.015476] ACPI: Reserving FACP table memory at [mem 0x6f430000-0x6f430113]
[    0.015478] ACPI: Reserving DSDT table memory at [mem 0x4b4ce000-0x4b54dad2]
[    0.015479] ACPI: Reserving FACS table memory at [mem 0x6f2f2000-0x6f2f203f]
[    0.015480] ACPI: Reserving SSDT table memory at [mem 0x6f7fb000-0x6f7fc599]
[    0.015481] ACPI: Reserving SSDT table memory at [mem 0x6f7fa000-0x6f7fa744]
[    0.015482] ACPI: Reserving MCEJ table memory at [mem 0x6f7f9000-0x6f7f912f]
[    0.015483] ACPI: Reserving BERT table memory at [mem 0x6f7f8000-0x6f7f802f]
[    0.015483] ACPI: Reserving ERST table memory at [mem 0x6f7f7000-0x6f7f722f]
[    0.015484] ACPI: Reserving SSDT table memory at [mem 0x6f431000-0x6f7f624d]
[    0.015485] ACPI: Reserving HMAT table memory at [mem 0x6f42f000-0x6f42f20f]
[    0.015486] ACPI: Reserving HPET table memory at [mem 0x6f42e000-0x6f42e037]
[    0.015487] ACPI: Reserving MCFG table memory at [mem 0x6f42d000-0x6f42d03b]
[    0.015488] ACPI: Reserving MIGT table memory at [mem 0x6f42c000-0x6f42c03f]
[    0.015489] ACPI: Reserving MSCT table memory at [mem 0x6f42b000-0x6f42b08f]
[    0.015490] ACPI: Reserving PMTT table memory at [mem 0x6f429000-0x6f42a1e7]
[    0.015491] ACPI: Reserving WSMT table memory at [mem 0x6f428000-0x6f428027]
[    0.015492] ACPI: Reserving APIC table memory at [mem 0x6f427000-0x6f42775d]
[    0.015493] ACPI: Reserving SLIT table memory at [mem 0x6f426000-0x6f42603b]
[    0.015493] ACPI: Reserving SRAT table memory at [mem 0x6f41f000-0x6f42542f]
[    0.015494] ACPI: Reserving OEM4 table memory at [mem 0x4b346000-0x4b4cda60]
[    0.015495] ACPI: Reserving SSDT table memory at [mem 0x4b2cf000-0x4b3454a4]
[    0.015496] ACPI: Reserving SSDT table memory at [mem 0x6f41e000-0x6f41ea1e]
[    0.015497] ACPI: Reserving HEST table memory at [mem 0x6f41d000-0x6f41d17b]
[    0.015498] ACPI: Reserving PCAT table memory at [mem 0x6f41b000-0x6f41b10b]
[    0.015499] ACPI: Reserving SSDT table memory at [mem 0x6f413000-0x6f41a298]
[    0.015500] ACPI: Reserving SSDT table memory at [mem 0x6f412000-0x6f412425]
[    0.015501] ACPI: Reserving NFIT table memory at [mem 0x6f7fd000-0x6f7fd487]
[    0.015502] ACPI: Reserving DMAR table memory at [mem 0x6f411000-0x6f411157]
[    0.015513] Setting APIC routing to cluster x2apic.
[    0.015560] SRAT: PXM 0 -> APIC 0x0000 -> Node 0
[    0.015561] SRAT: PXM 0 -> APIC 0x0001 -> Node 0
[    0.015562] SRAT: PXM 0 -> APIC 0x0002 -> Node 0
[    0.015563] SRAT: PXM 0 -> APIC 0x0003 -> Node 0
[    0.015563] SRAT: PXM 0 -> APIC 0x0004 -> Node 0
[    0.015564] SRAT: PXM 0 -> APIC 0x0005 -> Node 0
[    0.015565] SRAT: PXM 0 -> APIC 0x0006 -> Node 0
[    0.015565] SRAT: PXM 0 -> APIC 0x0007 -> Node 0
[    0.015566] SRAT: PXM 0 -> APIC 0x0008 -> Node 0
[    0.015566] SRAT: PXM 0 -> APIC 0x0009 -> Node 0
[    0.015567] SRAT: PXM 0 -> APIC 0x000a -> Node 0
[    0.015568] SRAT: PXM 0 -> APIC 0x000b -> Node 0
[    0.015568] SRAT: PXM 0 -> APIC 0x000c -> Node 0
[    0.015569] SRAT: PXM 0 -> APIC 0x000d -> Node 0
[    0.015570] SRAT: PXM 0 -> APIC 0x000e -> Node 0
[    0.015570] SRAT: PXM 0 -> APIC 0x000f -> Node 0
[    0.015571] SRAT: PXM 0 -> APIC 0x0010 -> Node 0
[    0.015572] SRAT: PXM 0 -> APIC 0x0011 -> Node 0
[    0.015573] SRAT: PXM 0 -> APIC 0x0012 -> Node 0
[    0.015573] SRAT: PXM 0 -> APIC 0x0013 -> Node 0
[    0.015574] SRAT: PXM 0 -> APIC 0x0014 -> Node 0
[    0.015574] SRAT: PXM 0 -> APIC 0x0015 -> Node 0
[    0.015575] SRAT: PXM 0 -> APIC 0x0016 -> Node 0
[    0.015576] SRAT: PXM 0 -> APIC 0x0017 -> Node 0
[    0.015576] SRAT: PXM 0 -> APIC 0x0018 -> Node 0
[    0.015577] SRAT: PXM 0 -> APIC 0x0019 -> Node 0
[    0.015578] SRAT: PXM 0 -> APIC 0x001a -> Node 0
[    0.015578] SRAT: PXM 0 -> APIC 0x001b -> Node 0
[    0.015579] SRAT: PXM 0 -> APIC 0x001c -> Node 0
[    0.015580] SRAT: PXM 0 -> APIC 0x001d -> Node 0
[    0.015580] SRAT: PXM 0 -> APIC 0x001e -> Node 0
[    0.015581] SRAT: PXM 0 -> APIC 0x001f -> Node 0
[    0.015582] SRAT: PXM 0 -> APIC 0x0020 -> Node 0
[    0.015582] SRAT: PXM 0 -> APIC 0x0021 -> Node 0
[    0.015583] SRAT: PXM 0 -> APIC 0x0022 -> Node 0
[    0.015583] SRAT: PXM 0 -> APIC 0x0023 -> Node 0
[    0.015584] SRAT: PXM 0 -> APIC 0x0024 -> Node 0
[    0.015585] SRAT: PXM 0 -> APIC 0x0025 -> Node 0
[    0.015585] SRAT: PXM 0 -> APIC 0x0026 -> Node 0
[    0.015586] SRAT: PXM 0 -> APIC 0x0027 -> Node 0
[    0.015587] SRAT: PXM 0 -> APIC 0x0028 -> Node 0
[    0.015587] SRAT: PXM 0 -> APIC 0x0029 -> Node 0
[    0.015588] SRAT: PXM 0 -> APIC 0x002a -> Node 0
[    0.015589] SRAT: PXM 0 -> APIC 0x002b -> Node 0
[    0.015589] SRAT: PXM 0 -> APIC 0x002c -> Node 0
[    0.015590] SRAT: PXM 0 -> APIC 0x002d -> Node 0
[    0.015591] SRAT: PXM 0 -> APIC 0x002e -> Node 0
[    0.015591] SRAT: PXM 0 -> APIC 0x002f -> Node 0
[    0.015592] SRAT: PXM 0 -> APIC 0x0030 -> Node 0
[    0.015593] SRAT: PXM 0 -> APIC 0x0031 -> Node 0
[    0.015593] SRAT: PXM 0 -> APIC 0x0032 -> Node 0
[    0.015594] SRAT: PXM 0 -> APIC 0x0033 -> Node 0
[    0.015595] SRAT: PXM 0 -> APIC 0x0034 -> Node 0
[    0.015596] SRAT: PXM 0 -> APIC 0x0035 -> Node 0
[    0.015596] SRAT: PXM 0 -> APIC 0x0036 -> Node 0
[    0.015597] SRAT: PXM 0 -> APIC 0x0037 -> Node 0
[    0.015598] SRAT: PXM 1 -> APIC 0x0080 -> Node 1
[    0.015598] SRAT: PXM 1 -> APIC 0x0081 -> Node 1
[    0.015599] SRAT: PXM 1 -> APIC 0x0082 -> Node 1
[    0.015600] SRAT: PXM 1 -> APIC 0x0083 -> Node 1
[    0.015600] SRAT: PXM 1 -> APIC 0x0084 -> Node 1
[    0.015601] SRAT: PXM 1 -> APIC 0x0085 -> Node 1
[    0.015602] SRAT: PXM 1 -> APIC 0x0086 -> Node 1
[    0.015602] SRAT: PXM 1 -> APIC 0x0087 -> Node 1
[    0.015603] SRAT: PXM 1 -> APIC 0x0088 -> Node 1
[    0.015604] SRAT: PXM 1 -> APIC 0x0089 -> Node 1
[    0.015604] SRAT: PXM 1 -> APIC 0x008a -> Node 1
[    0.015605] SRAT: PXM 1 -> APIC 0x008b -> Node 1
[    0.015606] SRAT: PXM 1 -> APIC 0x008c -> Node 1
[    0.015606] SRAT: PXM 1 -> APIC 0x008d -> Node 1
[    0.015607] SRAT: PXM 1 -> APIC 0x008e -> Node 1
[    0.015608] SRAT: PXM 1 -> APIC 0x008f -> Node 1
[    0.015608] SRAT: PXM 1 -> APIC 0x0090 -> Node 1
[    0.015609] SRAT: PXM 1 -> APIC 0x0091 -> Node 1
[    0.015610] SRAT: PXM 1 -> APIC 0x0092 -> Node 1
[    0.015610] SRAT: PXM 1 -> APIC 0x0093 -> Node 1
[    0.015611] SRAT: PXM 1 -> APIC 0x0094 -> Node 1
[    0.015612] SRAT: PXM 1 -> APIC 0x0095 -> Node 1
[    0.015612] SRAT: PXM 1 -> APIC 0x0096 -> Node 1
[    0.015613] SRAT: PXM 1 -> APIC 0x0097 -> Node 1
[    0.015614] SRAT: PXM 1 -> APIC 0x0098 -> Node 1
[    0.015614] SRAT: PXM 1 -> APIC 0x0099 -> Node 1
[    0.015615] SRAT: PXM 1 -> APIC 0x009a -> Node 1
[    0.015616] SRAT: PXM 1 -> APIC 0x009b -> Node 1
[    0.015616] SRAT: PXM 1 -> APIC 0x009c -> Node 1
[    0.015617] SRAT: PXM 1 -> APIC 0x009d -> Node 1
[    0.015618] SRAT: PXM 1 -> APIC 0x009e -> Node 1
[    0.015618] SRAT: PXM 1 -> APIC 0x009f -> Node 1
[    0.015619] SRAT: PXM 1 -> APIC 0x00a0 -> Node 1
[    0.015620] SRAT: PXM 1 -> APIC 0x00a1 -> Node 1
[    0.015620] SRAT: PXM 1 -> APIC 0x00a2 -> Node 1
[    0.015621] SRAT: PXM 1 -> APIC 0x00a3 -> Node 1
[    0.015622] SRAT: PXM 1 -> APIC 0x00a4 -> Node 1
[    0.015622] SRAT: PXM 1 -> APIC 0x00a5 -> Node 1
[    0.015623] SRAT: PXM 1 -> APIC 0x00a6 -> Node 1
[    0.015624] SRAT: PXM 1 -> APIC 0x00a7 -> Node 1
[    0.015624] SRAT: PXM 1 -> APIC 0x00a8 -> Node 1
[    0.015625] SRAT: PXM 1 -> APIC 0x00a9 -> Node 1
[    0.015626] SRAT: PXM 1 -> APIC 0x00aa -> Node 1
[    0.015627] SRAT: PXM 1 -> APIC 0x00ab -> Node 1
[    0.015628] SRAT: PXM 1 -> APIC 0x00ac -> Node 1
[    0.015628] SRAT: PXM 1 -> APIC 0x00ad -> Node 1
[    0.015629] SRAT: PXM 1 -> APIC 0x00ae -> Node 1
[    0.015630] SRAT: PXM 1 -> APIC 0x00af -> Node 1
[    0.015630] SRAT: PXM 1 -> APIC 0x00b0 -> Node 1
[    0.015631] SRAT: PXM 1 -> APIC 0x00b1 -> Node 1
[    0.015632] SRAT: PXM 1 -> APIC 0x00b2 -> Node 1
[    0.015632] SRAT: PXM 1 -> APIC 0x00b3 -> Node 1
[    0.015633] SRAT: PXM 1 -> APIC 0x00b4 -> Node 1
[    0.015633] SRAT: PXM 1 -> APIC 0x00b5 -> Node 1
[    0.015634] SRAT: PXM 1 -> APIC 0x00b6 -> Node 1
[    0.015635] SRAT: PXM 1 -> APIC 0x00b7 -> Node 1
[    0.015647] ACPI: SRAT: Node 0 PXM 0 [mem 0x00000000-0x7fffffff]
[    0.015649] ACPI: SRAT: Node 0 PXM 0 [mem 0x100000000-0x107fffffff]
[    0.015651] ACPI: SRAT: Node 2 PXM 2 [mem 0x2080000000-0x9e7fffffff] non-volatile
[    0.015652] ACPI: SRAT: Node 1 PXM 1 [mem 0x1080000000-0x207fffffff]
[    0.015653] ACPI: SRAT: Node 3 PXM 3 [mem 0x9e80000000-0x11c7fffffff] non-volatile
[    0.015662] NUMA: Initialized distance table, cnt=4
[    0.015666] NUMA: Node 0 [mem 0x00000000-0x7fffffff] + [mem 0x100000000-0x107fffffff] -> [mem 0x00000000-0x107fffffff]
[    0.015675] NODE_DATA(0) allocated [mem 0x107ffd5000-0x107fffffff]
[    0.015695] NODE_DATA(1) allocated [mem 0x205de33000-0x205de5dfff]
[    0.015924] Zone ranges:
[    0.015924]   DMA      [mem 0x0000000000001000-0x0000000000ffffff]
[    0.015926]   DMA32    [mem 0x0000000001000000-0x00000000ffffffff]
[    0.015928]   Normal   [mem 0x0000000100000000-0x000000207fffffff]
[    0.015930]   Device   empty
[    0.015931] Movable zone start for each node
[    0.015934] Early memory node ranges
[    0.015935]   node   0: [mem 0x0000000000001000-0x000000000008efff]
[    0.015936]   node   0: [mem 0x0000000000090000-0x000000000009ffff]
[    0.015937]   node   0: [mem 0x0000000000100000-0x0000000049e76fff]
[    0.015938]   node   0: [mem 0x000000004ae77000-0x000000004b2cefff]
[    0.015939]   node   0: [mem 0x000000004b54e000-0x000000004bd93fff]
[    0.015940]   node   0: [mem 0x000000004be9a000-0x000000004cdfffff]
[    0.015941]   node   0: [mem 0x000000004d000000-0x000000005eefdfff]
[    0.015941]   node   0: [mem 0x000000006f7ff000-0x000000006f7fffff]
[    0.015942]   node   0: [mem 0x0000000100000000-0x000000107fffffff]
[    0.015946]   node   1: [mem 0x0000001080000000-0x000000207fffffff]
[    0.015951] Initmem setup node 0 [mem 0x0000000000001000-0x000000107fffffff]
[    0.015953] Initmem setup node 1 [mem 0x0000001080000000-0x000000207fffffff]
[    0.015955] Initializing node 2 as memoryless
[    0.015978] Initmem setup node 2 as memoryless
[    0.015979] Initializing node 3 as memoryless
[    0.015999] Initmem setup node 3 as memoryless
[    0.016000] On node 0, zone DMA: 1 pages in unavailable ranges
[    0.016002] On node 0, zone DMA: 1 pages in unavailable ranges
[    0.016031] On node 0, zone DMA: 96 pages in unavailable ranges
[    0.018128] On node 0, zone DMA32: 4096 pages in unavailable ranges
[    0.018149] On node 0, zone DMA32: 639 pages in unavailable ranges
[    0.018183] On node 0, zone DMA32: 262 pages in unavailable ranges
[    0.018690] On node 0, zone DMA32: 512 pages in unavailable ranges
[    0.018958] On node 0, zone DMA32: 35073 pages in unavailable ranges
[    0.134397] On node 0, zone Normal: 2048 pages in unavailable ranges
[    0.263844] ACPI: PM-Timer IO Port: 0x508
[    0.263862] ACPI: X2APIC_NMI (uid[0xffffffff] high edge lint[0x1])
[    0.263865] ACPI: LAPIC_NMI (acpi_id[0xff] high edge lint[0x1])
[    0.263885] IOAPIC[0]: apic_id 8, version 32, address 0xfec00000, GSI 0-119
[    0.263888] ACPI: INT_SRC_OVR (bus 0 bus_irq 0 global_irq 2 dfl dfl)
[    0.263890] ACPI: INT_SRC_OVR (bus 0 bus_irq 9 global_irq 9 high level)
[    0.263895] ACPI: Using ACPI (MADT) for SMP configuration information
[    0.263896] ACPI: HPET id: 0x8086a701 base: 0xfed00000
[    0.263900] TSC deadline timer available
[    0.263902] smpboot: Allowing 112 CPUs, 0 hotplug CPUs
[    0.263927] PM: hibernation: Registered nosave memory: [mem 0x00000000-0x00000fff]
[    0.263930] PM: hibernation: Registered nosave memory: [mem 0x0008f000-0x0008ffff]
[    0.263931] PM: hibernation: Registered nosave memory: [mem 0x000a0000-0x000fffff]
[    0.263933] PM: hibernation: Registered nosave memory: [mem 0x46cc4000-0x46cc4fff]
[    0.263935] PM: hibernation: Registered nosave memory: [mem 0x46cf5000-0x46cf5fff]
[    0.263936] PM: hibernation: Registered nosave memory: [mem 0x46cf6000-0x46cf6fff]
[    0.263937] PM: hibernation: Registered nosave memory: [mem 0x46d28000-0x46d28fff]
[    0.263938] PM: hibernation: Registered nosave memory: [mem 0x46d29000-0x46d29fff]
[    0.263940] PM: hibernation: Registered nosave memory: [mem 0x46d5b000-0x46d5bfff]
[    0.263941] PM: hibernation: Registered nosave memory: [mem 0x46d5c000-0x46d5cfff]
[    0.263942] PM: hibernation: Registered nosave memory: [mem 0x46d64000-0x46d64fff]
[    0.263944] PM: hibernation: Registered nosave memory: [mem 0x49e77000-0x4ae76fff]
[    0.263946] PM: hibernation: Registered nosave memory: [mem 0x4b2cf000-0x4b54dfff]
[    0.263947] PM: hibernation: Registered nosave memory: [mem 0x4bd94000-0x4be99fff]
[    0.263949] PM: hibernation: Registered nosave memory: [mem 0x4ce00000-0x4cffffff]
[    0.263951] PM: hibernation: Registered nosave memory: [mem 0x5eefe000-0x6e3fefff]
[    0.263951] PM: hibernation: Registered nosave memory: [mem 0x6e3ff000-0x6f3fefff]
[    0.263952] PM: hibernation: Registered nosave memory: [mem 0x6f3ff000-0x6f7fefff]
[    0.263954] PM: hibernation: Registered nosave memory: [mem 0x6f800000-0x8fffffff]
[    0.263954] PM: hibernation: Registered nosave memory: [mem 0x90000000-0xfdffffff]
[    0.263955] PM: hibernation: Registered nosave memory: [mem 0xfe000000-0xfe010fff]
[    0.263956] PM: hibernation: Registered nosave memory: [mem 0xfe011000-0xffffffff]
[    0.263958] [mem 0x90000000-0xfdffffff] available for PCI devices
[    0.263959] Booting paravirtualized kernel on bare hardware
[    0.263962] clocksource: refined-jiffies: mask: 0xffffffff max_cycles: 0xffffffff, max_idle_ns: 7645519600211568 ns
[    0.263967] setup_percpu: NR_CPUS:8192 nr_cpumask_bits:112 nr_cpu_ids:112 nr_node_ids:4
[    0.268650] percpu: Embedded 61 pages/cpu s212992 r8192 d28672 u262144
[    0.268661] pcpu-alloc: s212992 r8192 d28672 u262144 alloc=1*2097152
[    0.268664] pcpu-alloc: [0] 000 002 004 006 008 010 012 014 
[    0.268670] pcpu-alloc: [0] 016 018 020 022 024 026 028 030 
[    0.268675] pcpu-alloc: [0] 032 034 036 038 040 042 044 046 
[    0.268679] pcpu-alloc: [0] 048 050 052 054 056 058 060 062 
[    0.268684] pcpu-alloc: [0] 064 066 068 070 072 074 076 078 
[    0.268688] pcpu-alloc: [0] 080 082 084 086 088 090 092 094 
[    0.268693] pcpu-alloc: [0] 096 098 100 102 104 106 108 110 
[    0.268697] pcpu-alloc: [1] 001 003 005 007 009 011 013 015 
[    0.268702] pcpu-alloc: [1] 017 019 021 023 025 027 029 031 
[    0.268707] pcpu-alloc: [1] 033 035 037 039 041 043 045 047 
[    0.268711] pcpu-alloc: [1] 049 051 053 055 057 059 061 063 
[    0.268715] pcpu-alloc: [1] 065 067 069 071 073 075 077 079 
[    0.268720] pcpu-alloc: [1] 081 083 085 087 089 091 093 095 
[    0.268724] pcpu-alloc: [1] 097 099 101 103 105 107 109 111 
[    0.268768] Fallback order for Node 0: 0 1 
[    0.268771] Fallback order for Node 1: 1 0 
[    0.268774] Fallback order for Node 2: 2 0 1 
[    0.268777] Fallback order for Node 3: 3 1 0 
[    0.268785] Built 2 zonelists, mobility grouping on.  Total pages: 32890132
[    0.268786] Policy zone: Normal
[    0.268788] Kernel command line: BOOT_IMAGE=/boot/vmlinuz-5.18.0 root=UUID=ce0c24b8-724b-4f33-9b2c-618433560aef ro systemd.unified_cgroup_hierarchy=yes quiet splash nomodeset vt.handoff=1
[    0.268904] Booted with the nomodeset parameter. Only the system framebuffer will be available
[    0.268926] Unknown kernel command line parameters "splash BOOT_IMAGE=/boot/vmlinuz-5.18.0", will be passed to user space.
[    0.268928] printk: log_buf_len individual max cpu contribution: 4096 bytes
[    0.268929] printk: log_buf_len total cpu_extra contributions: 454656 bytes
[    0.268930] printk: log_buf_len min size: 262144 bytes
[    0.269896] printk: log_buf_len: 1048576 bytes
[    0.269897] printk: early log buf free: 226408(86%)
[    0.271809] mem auto-init: stack:off, heap alloc:on, heap free:off
[    0.587528] Memory: 130733964K/133653600K available (16392K kernel code, 3615K rwdata, 10444K rodata, 2688K init, 5836K bss, 2919376K reserved, 0K cma-reserved)
[    0.587534] random: get_random_u64 called from __kmem_cache_create+0x2d/0x480 with crng_init=0
[    0.588083] SLUB: HWalign=64, Order=0-3, MinObjects=0, CPUs=112, Nodes=4
[    0.588111] ftrace: allocating 48795 entries in 191 pages
[    0.596661] ftrace: allocated 191 pages with 7 groups
[    0.597633] Dynamic Preempt: voluntary
[    0.597962] rcu: Preemptible hierarchical RCU implementation.
[    0.597963] rcu: 	RCU restricting CPUs from NR_CPUS=8192 to nr_cpu_ids=112.
[    0.597965] 	Trampoline variant of Tasks RCU enabled.
[    0.597965] 	Rude variant of Tasks RCU enabled.
[    0.597966] 	Tracing variant of Tasks RCU enabled.
[    0.597967] rcu: RCU calculated value of scheduler-enlistment delay is 25 jiffies.
[    0.597968] rcu: Adjusting geometry for rcu_fanout_leaf=16, nr_cpu_ids=112
[    0.601787] NR_IRQS: 524544, nr_irqs: 2952, preallocated irqs: 16
[    0.602121] random: crng init done (trusting CPU's manufacturer)
[    0.602255] Console: colour dummy device 80x25
[    0.602288] printk: console [tty0] enabled
[    0.602495] mempolicy: Enabling automatic NUMA balancing. Configure with numa_balancing= or the kernel.numa_balancing sysctl
[    0.602500] ACPI: Core revision 20211217
[    0.605901] clocksource: hpet: mask: 0xffffffff max_cycles: 0xffffffff, max_idle_ns: 79635855245 ns
[    0.605945] APIC: Switch to symmetric I/O mode setup
[    0.605947] DMAR: Host address width 46
[    0.605948] DMAR: DRHD base: 0x000000d0ffc000 flags: 0x0
[    0.605953] DMAR: dmar0: reg_base_addr d0ffc000 ver 4:0 cap 8ed008c40780466 ecap 60000f050df
[    0.605956] DMAR: DRHD base: 0x000000dbbfc000 flags: 0x0
[    0.605959] DMAR: dmar1: reg_base_addr dbbfc000 ver 4:0 cap 8ed008c40780466 ecap 60000f050df
[    0.605961] DMAR: DRHD base: 0x000000e67fc000 flags: 0x0
[    0.605965] DMAR: dmar2: reg_base_addr e67fc000 ver 4:0 cap 8ed008c40780466 ecap 60000f050df
[    0.605967] DMAR: DRHD base: 0x000000f13fc000 flags: 0x0
[    0.605969] DMAR: dmar3: reg_base_addr f13fc000 ver 4:0 cap 8ed008c40780466 ecap 60000f050df
[    0.605971] DMAR: DRHD base: 0x000000fb7fc000 flags: 0x0
[    0.605974] DMAR: dmar4: reg_base_addr fb7fc000 ver 4:0 cap 8ed008c40780466 ecap 60000f050df
[    0.605976] DMAR: DRHD base: 0x000000a63fc000 flags: 0x0
[    0.605978] DMAR: dmar5: reg_base_addr a63fc000 ver 4:0 cap 8ed008c40780466 ecap 60000f050df
[    0.605980] DMAR: DRHD base: 0x000000b0ffc000 flags: 0x0
[    0.605987] DMAR: dmar6: reg_base_addr b0ffc000 ver 4:0 cap 8ed008c40780466 ecap 60000f050df
[    0.605989] DMAR: DRHD base: 0x000000bbbfc000 flags: 0x0
[    0.605991] DMAR: dmar7: reg_base_addr bbbfc000 ver 4:0 cap 8ed008c40780466 ecap 60000f050df
[    0.605993] DMAR: DRHD base: 0x000000c5ffc000 flags: 0x0
[    0.605996] DMAR: dmar8: reg_base_addr c5ffc000 ver 4:0 cap 8ed008c40780466 ecap 60000f050df
[    0.605997] DMAR: DRHD base: 0x0000009b7fc000 flags: 0x1
[    0.606000] DMAR: dmar9: reg_base_addr 9b7fc000 ver 4:0 cap 8ed008c40780466 ecap 60000f050df
[    0.606002] DMAR: RMRR base: 0x00000069427000 end: 0x00000069429fff
[    0.606004] DMAR: ATSR flags: 0x0
[    0.606006] DMAR-IR: IOAPIC id 8 under DRHD base  0x9b7fc000 IOMMU 9
[    0.606008] DMAR-IR: HPET id 0 under DRHD base 0x9b7fc000
[    0.606009] DMAR-IR: Queued invalidation will be enabled to support x2apic and Intr-remapping.
[    0.608979] DMAR-IR: Enabled IRQ remapping in x2apic mode
[    0.611607] ..TIMER: vector=0x30 apic1=0 pin1=2 apic2=-1 pin2=-1
[    0.629876] clocksource: tsc-early: mask: 0xffffffffffffffff max_cycles: 0x39a85c9bff6, max_idle_ns: 881590591483 ns
[    0.629882] Calibrating delay loop (skipped), value calculated using timer frequency.. 4000.00 BogoMIPS (lpj=8000000)
[    0.629885] pid_max: default: 114688 minimum: 896
[    0.633776] LSM: Security Framework initializing
[    0.633796] Yama: becoming mindful.
[    0.633836] AppArmor: AppArmor initialized
[    0.641815] Dentry cache hash table entries: 8388608 (order: 14, 67108864 bytes, vmalloc hugepage)
[    0.645781] Inode-cache hash table entries: 4194304 (order: 13, 33554432 bytes, vmalloc hugepage)
[    0.645961] Mount-cache hash table entries: 131072 (order: 8, 1048576 bytes, vmalloc)
[    0.646106] Mountpoint-cache hash table entries: 131072 (order: 8, 1048576 bytes, vmalloc)
[    0.646678] x86/tme: not enabled by BIOS
[    0.646687] CPU0: Thermal monitoring enabled (TM1)
[    0.646689] x86/cpu: User Mode Instruction Prevention (UMIP) activated
[    0.646924] process: using mwait in idle threads
[    0.646926] Last level iTLB entries: 4KB 0, 2MB 0, 4MB 0
[    0.646927] Last level dTLB entries: 4KB 0, 2MB 0, 4MB 0, 1GB 0
[    0.646933] Spectre V1 : Mitigation: usercopy/swapgs barriers and __user pointer sanitization
[    0.646935] Spectre V2 : WARNING: Unprivileged eBPF is enabled with eIBRS on, data leaks possible via Spectre v2 BHB attacks!
[    0.646941] Spectre V2 : Mitigation: Enhanced IBRS
[    0.646941] Spectre V2 : Spectre v2 / SpectreRSB mitigation: Filling RSB on context switch
[    0.646943] Spectre V2 : mitigation: Enabling conditional Indirect Branch Prediction Barrier
[    0.646944] Speculative Store Bypass: Mitigation: Speculative Store Bypass disabled via prctl
[    0.652130] Freeing SMP alternatives memory: 40K
[    0.654028] smpboot: Estimated ratio of average max frequency by base frequency (times 1024): 1433
[    0.654044] smpboot: CPU0: Intel(R) Xeon(R) Gold 6330 CPU @ 2.00GHz (family: 0x6, model: 0x6a, stepping: 0x6)
[    0.654264] cblist_init_generic: Setting adjustable number of callback queues.
[    0.654279] cblist_init_generic: Setting shift to 7 and lim to 1.
[    0.654305] cblist_init_generic: Setting shift to 7 and lim to 1.
[    0.654337] cblist_init_generic: Setting shift to 7 and lim to 1.
[    0.654348] Performance Events: PEBS fmt4+-baseline,  AnyThread deprecated, Icelake events, 32-deep LBR, full-width counters, Intel PMU driver.
[    0.654382] ... version:                5
[    0.654383] ... bit width:              48
[    0.654384] ... generic registers:      8
[    0.654384] ... value mask:             0000ffffffffffff
[    0.654385] ... max period:             00007fffffffffff
[    0.654386] ... fixed-purpose events:   4
[    0.654387] ... event mask:             0001000f000000ff
[    0.654541] rcu: Hierarchical SRCU implementation.
[    0.661741] NMI watchdog: Enabled. Permanently consumes one hw-PMU counter.
[    0.662862] smp: Bringing up secondary CPUs ...
[    0.662980] x86: Booting SMP configuration:
[    0.662981] .... node  #1, CPUs:          #1
[    0.007765] smpboot: CPU 1 Converting physical 0 to logical die 1

[    0.750004] .... node  #0, CPUs:     #2
[    0.755385] .... node  #1, CPUs:     #3
[    0.760829] .... node  #0, CPUs:     #4
[    0.766215] .... node  #1, CPUs:     #5
[    0.771616] .... node  #0, CPUs:     #6
[    0.777201] .... node  #1, CPUs:     #7
[    0.782813] .... node  #0, CPUs:     #8
[    0.788107] .... node  #1, CPUs:     #9
[    0.793993] .... node  #0, CPUs:    #10
[    0.799603] .... node  #1, CPUs:    #11
[    0.805353] .... node  #0, CPUs:    #12
[    0.810874] .... node  #1, CPUs:    #13
[    0.816249] .... node  #0, CPUs:    #14
[    0.821497] .... node  #1, CPUs:    #15
[    0.826822] .... node  #0, CPUs:    #16
[    0.832113] .... node  #1, CPUs:    #17
[    0.837429] .... node  #0, CPUs:    #18
[    0.842691] .... node  #1, CPUs:    #19
[    0.848352] .... node  #0, CPUs:    #20
[    0.853603] .... node  #1, CPUs:    #21
[    0.859223] .... node  #0, CPUs:    #22
[    0.864668] .... node  #1, CPUs:    #23
[    0.869984] .... node  #0, CPUs:    #24
[    0.875608] .... node  #1, CPUs:    #25
[    0.880959] .... node  #0, CPUs:    #26
[    0.886188] .... node  #1, CPUs:    #27
[    0.891523] .... node  #0, CPUs:    #28
[    0.897032] .... node  #1, CPUs:    #29
[    0.902339] .... node  #0, CPUs:    #30
[    0.907586] .... node  #1, CPUs:    #31
[    0.913084] .... node  #0, CPUs:    #32
[    0.918364] .... node  #1, CPUs:    #33
[    0.923761] .... node  #0, CPUs:    #34
[    0.929219] .... node  #1, CPUs:    #35
[    0.934544] .... node  #0, CPUs:    #36
[    0.939784] .... node  #1, CPUs:    #37
[    0.945112] .... node  #0, CPUs:    #38
[    0.950698] .... node  #1, CPUs:    #39
[    0.956238] .... node  #0, CPUs:    #40
[    0.962045] .... node  #1, CPUs:    #41
[    0.967637] .... node  #0, CPUs:    #42
[    0.972957] .... node  #1, CPUs:    #43
[    0.978615] .... node  #0, CPUs:    #44
[    0.983992] .... node  #1, CPUs:    #45
[    0.989482] .... node  #0, CPUs:    #46
[    0.995031] .... node  #1, CPUs:    #47
[    1.000498] .... node  #0, CPUs:    #48
[    1.006048] .... node  #1, CPUs:    #49
[    1.011301] .... node  #0, CPUs:    #50
[    1.016802] .... node  #1, CPUs:    #51
[    1.022469] .... node  #0, CPUs:    #52
[    1.027952] .... node  #1, CPUs:    #53
[    1.033563] .... node  #0, CPUs:    #54
[    1.039286] .... node  #1, CPUs:    #55
[    1.045110] .... node  #0, CPUs:    #56
[    1.051268] .... node  #1, CPUs:    #57
[    1.057187] .... node  #0, CPUs:    #58
[    1.062621] .... node  #1, CPUs:    #59
[    1.068059] .... node  #0, CPUs:    #60
[    1.073456] .... node  #1, CPUs:    #61
[    1.078867] .... node  #0, CPUs:    #62
[    1.084477] .... node  #1, CPUs:    #63
[    1.090089] .... node  #0, CPUs:    #64
[    1.095416] .... node  #1, CPUs:    #65
[    1.101170] .... node  #0, CPUs:    #66
[    1.106947] .... node  #1, CPUs:    #67
[    1.112710] .... node  #0, CPUs:    #68
[    1.118264] .... node  #1, CPUs:    #69
[    1.123646] .... node  #0, CPUs:    #70
[    1.128910] .... node  #1, CPUs:    #71
[    1.134272] .... node  #0, CPUs:    #72
[    1.139571] .... node  #1, CPUs:    #73
[    1.144919] .... node  #0, CPUs:    #74
[    1.150213] .... node  #1, CPUs:    #75
[    1.155887] .... node  #0, CPUs:    #76
[    1.161164] .... node  #1, CPUs:    #77
[    1.166808] .... node  #0, CPUs:    #78
[    1.172289] .... node  #1, CPUs:    #79
[    1.177602] .... node  #0, CPUs:    #80
[    1.183254] .... node  #1, CPUs:    #81
[    1.188630] .... node  #0, CPUs:    #82
[    1.194050] .... node  #1, CPUs:    #83
[    1.199235] .... node  #0, CPUs:    #84
[    1.204775] .... node  #1, CPUs:    #85
[    1.210089] .... node  #0, CPUs:    #86
[    1.215363] .... node  #1, CPUs:    #87
[    1.220874] .... node  #0, CPUs:    #88
[    1.226189] .... node  #1, CPUs:    #89
[    1.231602] .... node  #0, CPUs:    #90
[    1.237097] .... node  #1, CPUs:    #91
[    1.242455] .... node  #0, CPUs:    #92
[    1.247696] .... node  #1, CPUs:    #93
[    1.253058] .... node  #0, CPUs:    #94
[    1.258652] .... node  #1, CPUs:    #95
[    1.264222] .... node  #0, CPUs:    #96
[    1.270053] .... node  #1, CPUs:    #97
[    1.275653] .... node  #0, CPUs:    #98
[    1.281005] .... node  #1, CPUs:    #99
[    1.286682] .... node  #0, CPUs:   #100
[    1.292074] .... node  #1, CPUs:   #101
[    1.297585] .... node  #0, CPUs:   #102
[    1.303151] .... node  #1, CPUs:   #103
[    1.308658] .... node  #0, CPUs:   #104
[    1.314048] .... node  #1, CPUs:   #105
[    1.319506] .... node  #0, CPUs:   #106
[    1.325040] .... node  #1, CPUs:   #107
[    1.330706] .... node  #0, CPUs:   #108
[    1.336215] .... node  #1, CPUs:   #109
[    1.341994] .... node  #0, CPUs:   #110
[    1.347578] .... node  #1, CPUs:   #111
[    1.353419] smp: Brought up 2 nodes, 112 CPUs
[    1.353419] smpboot: Max logical packages: 2
[    1.353419] smpboot: Total of 112 processors activated (448081.67 BogoMIPS)
[    1.360479] devtmpfs: initialized
[    1.360479] x86/mm: Memory block size: 2048MB
[    1.360479] ACPI: PM: Registering ACPI NVS region [mem 0x49e77000-0x4ae76fff] (16777216 bytes)
[    1.360479] ACPI: PM: Registering ACPI NVS region [mem 0x6e3ff000-0x6f3fefff] (16777216 bytes)
[    1.361933] clocksource: jiffies: mask: 0xffffffff max_cycles: 0xffffffff, max_idle_ns: 7645041785100000 ns
[    1.362235] futex hash table entries: 32768 (order: 9, 2097152 bytes, vmalloc)
[    1.362485] pinctrl core: initialized pinctrl subsystem
[    1.362637] PM: RTC time: 04:55:47, date: 2024-05-23
[    1.363615] NET: Registered PF_NETLINK/PF_ROUTE protocol family
[    1.364870] DMA: preallocated 4096 KiB GFP_KERNEL pool for atomic allocations
[    1.365378] DMA: preallocated 4096 KiB GFP_KERNEL|GFP_DMA pool for atomic allocations
[    1.365889] DMA: preallocated 4096 KiB GFP_KERNEL|GFP_DMA32 pool for atomic allocations
[    1.365899] audit: initializing netlink subsys (disabled)
[    1.365907] audit: type=2000 audit(1716440146.760:1): state=initialized audit_enabled=0 res=1
[    1.366024] thermal_sys: Registered thermal governor 'fair_share'
[    1.366025] thermal_sys: Registered thermal governor 'bang_bang'
[    1.366026] thermal_sys: Registered thermal governor 'step_wise'
[    1.366027] thermal_sys: Registered thermal governor 'user_space'
[    1.366032] EISA bus registered
[    1.366057] cpuidle: using governor ladder
[    1.366057] cpuidle: using governor menu
[    1.366057] ACPI FADT declares the system doesn't support PCIe ASPM, so disable it
[    1.366057] acpiphp: ACPI Hot Plug PCI Controller Driver version: 0.5
[    1.366057] PCI: MMCONFIG for domain 0000 [bus 00-ff] at [mem 0x80000000-0x8fffffff] (base 0x80000000)
[    1.366057] PCI: MMCONFIG at [mem 0x80000000-0x8fffffff] reserved in E820
[    1.366057] pmd_set_huge: Cannot satisfy [mem 0x80000000-0x80200000] with a huge-page mapping due to MTRR override.
[    1.366243] PCI: Using configuration type 1 for base access
[    1.366253] PCI: Dell System detected, enabling pci=bfsort.
[    1.368393] ENERGY_PERF_BIAS: Set to 'normal', was 'performance'
[    1.371223] kprobes: kprobe jump-optimization is enabled. All kprobes are optimized if possible.
[    1.371227] HugeTLB registered 1.00 GiB page size, pre-allocated 0 pages
[    1.371227] HugeTLB registered 2.00 MiB page size, pre-allocated 0 pages
[    1.374231] fbcon: Taking over console
[    1.374231] ACPI: Added _OSI(Module Device)
[    1.374231] ACPI: Added _OSI(Processor Device)
[    1.374231] ACPI: Added _OSI(3.0 _SCP Extensions)
[    1.374231] ACPI: Added _OSI(Processor Aggregator Device)
[    1.374231] ACPI: Added _OSI(Linux-Dell-Video)
[    1.374231] ACPI: Added _OSI(Linux-Lenovo-NV-HDMI-Audio)
[    1.374231] ACPI: Added _OSI(Linux-HPI-Hybrid-Graphics)
[    1.543935] ACPI: 8 ACPI AML tables successfully acquired and loaded
[    1.550177] ACPI: [Firmware Bug]: BIOS _OSI(Linux) query ignored
[    1.557908] ACPI: Dynamic OEM Table Load:
[    1.968889] ACPI: Interpreter enabled
[    1.968909] ACPI: PM: (supports S0 S5)
[    1.968911] ACPI: Using IOAPIC for interrupt routing
[    1.969001] HEST: Table parsing has been initialized.
[    1.969184] GHES: APEI firmware first mode is enabled by APEI bit and WHEA _OSC.
[    1.969187] PCI: Using host bridge windows from ACPI; if necessary, use "pci=nocrs" and report a bug
[    1.998941] ACPI: Enabled 4 GPEs in block 00 to 7F
[    2.126492] ACPI: PCI Root Bridge [PC00] (domain 0000 [bus 00-15])
[    2.126498] acpi PNP0A08:00: _OSC: OS supports [ExtendedConfig ASPM ClockPM Segments MSI HPX-Type3]
[    2.195345] acpi PNP0A08:00: _OSC: platform does not support [SHPCHotplug AER LTR]
[    2.195575] acpi PNP0A08:00: _OSC: OS now controls [PCIeHotplug PME PCIeCapability]
[    2.195576] acpi PNP0A08:00: FADT indicates ASPM is unsupported, using BIOS configuration
[    2.197447] PCI host bridge to bus 0000:00
[    2.197449] pci_bus 0000:00: root bus resource [io  0x0000-0x0cf7 window]
[    2.197451] pci_bus 0000:00: root bus resource [io  0x1000-0x4fff window]
[    2.197452] pci_bus 0000:00: root bus resource [mem 0x000a0000-0x000bffff window]
[    2.197454] pci_bus 0000:00: root bus resource [mem 0x000c8000-0x000cffff window]
[    2.197455] pci_bus 0000:00: root bus resource [mem 0xfe010000-0xfe010fff window]
[    2.197456] pci_bus 0000:00: root bus resource [mem 0x90000000-0x9b7fffff window]
[    2.197457] pci_bus 0000:00: root bus resource [mem 0x200000000000-0x20ffffffffff window]
[    2.197459] pci_bus 0000:00: root bus resource [bus 00-15]
[    2.197473] pci 0000:00:00.0: [8086:09a2] type 00 class 0x088000
[    2.197573] pci 0000:00:00.1: [8086:09a4] type 00 class 0x088000
[    2.197641] pci 0000:00:00.2: [8086:09a3] type 00 class 0x088000
[    2.197708] pci 0000:00:00.4: [8086:0998] type 00 class 0x060000
[    2.197777] pci 0000:00:02.0: [8086:09a6] type 00 class 0x088000
[    2.197785] pci 0000:00:02.0: reg 0x10: [mem 0x92dfc000-0x92dfdfff]
[    2.197861] pci 0000:00:02.1: [8086:09a7] type 00 class 0x088000
[    2.197869] pci 0000:00:02.1: reg 0x10: [mem 0x92d00000-0x92d7ffff]
[    2.197874] pci 0000:00:02.1: reg 0x14: [mem 0x92c80000-0x92cfffff]
[    2.197951] pci 0000:00:02.4: [8086:3456] type 00 class 0x130000
[    2.197961] pci 0000:00:02.4: reg 0x10: [mem 0x92a00000-0x92afffff 64bit]
[    2.197968] pci 0000:00:02.4: reg 0x18: [mem 0x92df0000-0x92df3fff 64bit]
[    2.197974] pci 0000:00:02.4: reg 0x20: [mem 0x92dc0000-0x92ddffff 64bit]
[    2.198054] pci 0000:00:11.0: [8086:a1ec] type 00 class 0xff0000
[    2.198057] pci 0000:00:11.0: device has non-compliant BARs; disabling IO/MEM decoding
[    2.198149] pci 0000:00:11.5: [8086:a1d2] type 00 class 0x010601
[    2.198162] pci 0000:00:11.5: reg 0x10: [mem 0x92dfa000-0x92dfbfff]
[    2.198169] pci 0000:00:11.5: reg 0x14: [mem 0x92e05000-0x92e050ff]
[    2.198177] pci 0000:00:11.5: reg 0x18: [io  0x2068-0x206f]
[    2.198184] pci 0000:00:11.5: reg 0x1c: [io  0x2074-0x2077]
[    2.198192] pci 0000:00:11.5: reg 0x20: [io  0x2040-0x205f]
[    2.198199] pci 0000:00:11.5: reg 0x24: [mem 0x92b80000-0x92bfffff]
[    2.198237] pci 0000:00:11.5: PME# supported from D3hot
[    2.198451] pci 0000:00:14.0: [8086:a1af] type 00 class 0x0c0330
[    2.198469] pci 0000:00:14.0: reg 0x10: [mem 0x92de0000-0x92deffff 64bit]
[    2.198532] pci 0000:00:14.0: PME# supported from D3hot D3cold
[    2.198762] pci 0000:00:14.2: [8086:a1b1] type 00 class 0x118000
[    2.198780] pci 0000:00:14.2: reg 0x10: [mem 0x92e02000-0x92e02fff 64bit]
[    2.198903] pci 0000:00:16.0: [8086:a1ba] type 00 class 0x078000
[    2.198926] pci 0000:00:16.0: reg 0x10: [mem 0x92e01000-0x92e01fff 64bit]
[    2.199009] pci 0000:00:16.0: PME# supported from D3hot
[    2.199072] pci 0000:00:16.1: [8086:a1bb] type 00 class 0x078000
[    2.199095] pci 0000:00:16.1: reg 0x10: [mem 0x92e00000-0x92e00fff 64bit]
[    2.199178] pci 0000:00:16.1: PME# supported from D3hot
[    2.199243] pci 0000:00:16.4: [8086:a1be] type 00 class 0x078000
[    2.199267] pci 0000:00:16.4: reg 0x10: [mem 0x92dff000-0x92dfffff 64bit]
[    2.199350] pci 0000:00:16.4: PME# supported from D3hot
[    2.199423] pci 0000:00:17.0: [8086:a182] type 00 class 0x010601
[    2.199435] pci 0000:00:17.0: reg 0x10: [mem 0x92df8000-0x92df9fff]
[    2.199443] pci 0000:00:17.0: reg 0x14: [mem 0x92e04000-0x92e040ff]
[    2.199450] pci 0000:00:17.0: reg 0x18: [io  0x2060-0x2067]
[    2.199457] pci 0000:00:17.0: reg 0x1c: [io  0x2070-0x2073]
[    2.199464] pci 0000:00:17.0: reg 0x20: [io  0x2020-0x203f]
[    2.199471] pci 0000:00:17.0: reg 0x24: [mem 0x92b00000-0x92b7ffff]
[    2.199509] pci 0000:00:17.0: PME# supported from D3hot
[    2.199717] pci 0000:00:1c.0: [8086:a190] type 01 class 0x060400
[    2.199792] pci 0000:00:1c.0: PME# supported from D0 D3hot D3cold
[    2.200454] pci 0000:00:1c.4: [8086:a194] type 01 class 0x060400
[    2.200524] pci 0000:00:1c.4: PME# supported from D0 D3hot D3cold
[    2.201164] pci 0000:00:1c.5: [8086:a195] type 01 class 0x060400
[    2.201236] pci 0000:00:1c.5: PME# supported from D0 D3hot D3cold
[    2.201874] pci 0000:00:1f.0: [8086:a1cb] type 00 class 0x060100
[    2.202248] pci 0000:00:1f.2: [8086:a1a1] type 00 class 0x058000
[    2.202264] pci 0000:00:1f.2: reg 0x10: [mem 0x92df4000-0x92df7fff]
[    2.202508] pci 0000:00:1f.4: [8086:a1a3] type 00 class 0x0c0500
[    2.202528] pci 0000:00:1f.4: reg 0x10: [mem 0x92dfe000-0x92dfe0ff 64bit]
[    2.202551] pci 0000:00:1f.4: reg 0x20: [io  0x2000-0x201f]
[    2.202617] pci 0000:00:1f.5: [8086:a1a4] type 00 class 0x0c8000
[    2.202633] pci 0000:00:1f.5: reg 0x10: [mem 0xfe010000-0xfe010fff]
[    2.202765] pci 0000:00:1c.0: PCI bridge to [bus 01]
[    2.202815] pci 0000:02:00.0: [1556:be00] type 01 class 0x060400
[    2.202987] pci 0000:00:1c.4: PCI bridge to [bus 02-03]
[    2.202991] pci 0000:00:1c.4:   bridge window [mem 0x92000000-0x928fffff]
[    2.202996] pci 0000:00:1c.4:   bridge window [mem 0x91000000-0x91ffffff 64bit pref]
[    2.203028] pci_bus 0000:03: extended config space not accessible
[    2.203045] pci 0000:03:00.0: [102b:0536] type 00 class 0x030000
[    2.203064] pci 0000:03:00.0: reg 0x10: [mem 0x91000000-0x91ffffff pref]
[    2.203075] pci 0000:03:00.0: reg 0x14: [mem 0x92808000-0x9280bfff]
[    2.203086] pci 0000:03:00.0: reg 0x18: [mem 0x92000000-0x927fffff]
[    2.203134] pci 0000:03:00.0: BAR 0: assigned to efifb
[    2.203142] pci 0000:03:00.0: Video device with shadowed ROM at [mem 0x000c0000-0x000dffff]
[    2.203244] pci 0000:02:00.0: PCI bridge to [bus 03]
[    2.203252] pci 0000:02:00.0:   bridge window [mem 0x92000000-0x928fffff]
[    2.203258] pci 0000:02:00.0:   bridge window [mem 0x91000000-0x91ffffff 64bit pref]
[    2.203328] pci 0000:04:00.0: [14e4:165f] type 00 class 0x020000
[    2.203351] pci 0000:04:00.0: reg 0x10: [mem 0x92930000-0x9293ffff 64bit pref]
[    2.203367] pci 0000:04:00.0: reg 0x18: [mem 0x92940000-0x9294ffff 64bit pref]
[    2.203383] pci 0000:04:00.0: reg 0x20: [mem 0x92950000-0x9295ffff 64bit pref]
[    2.203394] pci 0000:04:00.0: reg 0x30: [mem 0xfffc0000-0xffffffff pref]
[    2.203488] pci 0000:04:00.0: PME# supported from D0 D3hot D3cold
[    2.203541] pci 0000:04:00.0: 4.000 Gb/s available PCIe bandwidth, limited by 5.0 GT/s PCIe x1 link at 0000:00:1c.5 (capable of 8.000 Gb/s with 5.0 GT/s PCIe x2 link)
[    2.204101] pci 0000:04:00.1: [14e4:165f] type 00 class 0x020000
[    2.204125] pci 0000:04:00.1: reg 0x10: [mem 0x92900000-0x9290ffff 64bit pref]
[    2.204141] pci 0000:04:00.1: reg 0x18: [mem 0x92910000-0x9291ffff 64bit pref]
[    2.204156] pci 0000:04:00.1: reg 0x20: [mem 0x92920000-0x9292ffff 64bit pref]
[    2.204167] pci 0000:04:00.1: reg 0x30: [mem 0xfffc0000-0xffffffff pref]
[    2.204262] pci 0000:04:00.1: PME# supported from D0 D3hot D3cold
[    2.204838] pci 0000:00:1c.5: PCI bridge to [bus 04]
[    2.204845] pci 0000:00:1c.5:   bridge window [mem 0x92900000-0x929fffff 64bit pref]
[    2.204859] pci_bus 0000:00: on NUMA node 0
[    2.205455] ACPI: PCI Root Bridge [PC01] (domain 0000 [bus 16-2f])
[    2.205459] acpi PNP0A08:01: _OSC: OS supports [ExtendedConfig ASPM ClockPM Segments MSI HPX-Type3]
[    2.220229] acpi PNP0A08:01: _OSC: platform does not support [SHPCHotplug AER]
[    2.220446] acpi PNP0A08:01: _OSC: OS now controls [PCIeHotplug PME PCIeCapability LTR]
[    2.220447] acpi PNP0A08:01: FADT indicates ASPM is unsupported, using BIOS configuration
[    2.220580] PCI host bridge to bus 0000:16
[    2.220581] pci_bus 0000:16: root bus resource [io  0x5000-0x6fff window]
[    2.220583] pci_bus 0000:16: root bus resource [mem 0x9b800000-0xa63fffff window]
[    2.220584] pci_bus 0000:16: root bus resource [mem 0x210000000000-0x21ffffffffff window]
[    2.220586] pci_bus 0000:16: root bus resource [bus 16-2f]
[    2.220595] pci 0000:16:00.0: [8086:09a2] type 00 class 0x088000
[    2.220664] pci 0000:16:00.1: [8086:09a4] type 00 class 0x088000
[    2.220727] pci 0000:16:00.2: [8086:09a3] type 00 class 0x088000
[    2.220790] pci 0000:16:00.4: [8086:0998] type 00 class 0x060000
[    2.220861] pci 0000:16:02.0: [8086:347a] type 01 class 0x060400
[    2.220871] pci 0000:16:02.0: reg 0x10: [mem 0x21fffff00000-0x21fffff1ffff 64bit]
[    2.220909] pci 0000:16:02.0: PME# supported from D0 D3hot D3cold
[    2.221857] pci 0000:17:00.0: [1000:10e2] type 00 class 0x010400
[    2.221870] pci 0000:17:00.0: reg 0x10: [mem 0x9b800000-0x9b8fffff 64bit pref]
[    2.221879] pci 0000:17:00.0: reg 0x18: [mem 0x9b900000-0x9b9fffff 64bit pref]
[    2.221885] pci 0000:17:00.0: reg 0x20: [mem 0x9ba00000-0x9bafffff]
[    2.221891] pci 0000:17:00.0: reg 0x24: [io  0x5000-0x50ff]
[    2.221897] pci 0000:17:00.0: reg 0x30: [mem 0xfff00000-0xffffffff pref]
[    2.223015] pci 0000:17:00.0: supports D1 D2
[    2.223083] pci 0000:16:02.0: PCI bridge to [bus 17]
[    2.223085] pci 0000:16:02.0:   bridge window [io  0x5000-0x5fff]
[    2.223087] pci 0000:16:02.0:   bridge window [mem 0x9ba00000-0x9bafffff]
[    2.223090] pci 0000:16:02.0:   bridge window [mem 0x9b800000-0x9b9fffff 64bit pref]
[    2.223096] pci_bus 0000:16: on NUMA node 0
[    2.223174] ACPI: PCI Root Bridge [PC02] (domain 0000 [bus 30-49])
[    2.223178] acpi PNP0A08:02: _OSC: OS supports [ExtendedConfig ASPM ClockPM Segments MSI HPX-Type3]
[    2.237663] acpi PNP0A08:02: _OSC: platform does not support [SHPCHotplug AER]
[    2.237877] acpi PNP0A08:02: _OSC: OS now controls [PCIeHotplug PME PCIeCapability LTR]
[    2.237878] acpi PNP0A08:02: FADT indicates ASPM is unsupported, using BIOS configuration
[    2.238012] PCI host bridge to bus 0000:30
[    2.238014] pci_bus 0000:30: root bus resource [io  0x7000-0x8fff window]
[    2.238016] pci_bus 0000:30: root bus resource [mem 0xa6400000-0xb0ffffff window]
[    2.238017] pci_bus 0000:30: root bus resource [mem 0x220000000000-0x22ffffffffff window]
[    2.238019] pci_bus 0000:30: root bus resource [bus 30-49]
[    2.238029] pci 0000:30:00.0: [8086:09a2] type 00 class 0x088000
[    2.238107] pci 0000:30:00.1: [8086:09a4] type 00 class 0x088000
[    2.238170] pci 0000:30:00.2: [8086:09a3] type 00 class 0x088000
[    2.238232] pci 0000:30:00.4: [8086:0998] type 00 class 0x060000
[    2.238301] pci_bus 0000:30: on NUMA node 0
[    2.238405] ACPI: PCI Root Bridge [PC04] (domain 0000 [bus 4a-63])
[    2.238408] acpi PNP0A08:04: _OSC: OS supports [ExtendedConfig ASPM ClockPM Segments MSI HPX-Type3]
[    2.252855] acpi PNP0A08:04: _OSC: platform does not support [SHPCHotplug AER]
[    2.253067] acpi PNP0A08:04: _OSC: OS now controls [PCIeHotplug PME PCIeCapability LTR]
[    2.253069] acpi PNP0A08:04: FADT indicates ASPM is unsupported, using BIOS configuration
[    2.253190] PCI host bridge to bus 0000:4a
[    2.253191] pci_bus 0000:4a: root bus resource [io  0x9000-0x9fff window]
[    2.253193] pci_bus 0000:4a: root bus resource [mem 0xb1000000-0xbbbfffff window]
[    2.253194] pci_bus 0000:4a: root bus resource [mem 0x230000000000-0x23ffffffffff window]
[    2.253195] pci_bus 0000:4a: root bus resource [bus 4a-63]
[    2.253205] pci 0000:4a:00.0: [8086:09a2] type 00 class 0x088000
[    2.253268] pci 0000:4a:00.1: [8086:09a4] type 00 class 0x088000
[    2.253334] pci 0000:4a:00.2: [8086:09a3] type 00 class 0x088000
[    2.253395] pci 0000:4a:00.4: [8086:0998] type 00 class 0x060000
[    2.253464] pci_bus 0000:4a: on NUMA node 0
[    2.253537] ACPI: PCI Root Bridge [PC05] (domain 0000 [bus 64-7d])
[    2.253540] acpi PNP0A08:05: _OSC: OS supports [ExtendedConfig ASPM ClockPM Segments MSI HPX-Type3]
[    2.267947] acpi PNP0A08:05: _OSC: platform does not support [SHPCHotplug AER]
[    2.268158] acpi PNP0A08:05: _OSC: OS now controls [PCIeHotplug PME PCIeCapability LTR]
[    2.268159] acpi PNP0A08:05: FADT indicates ASPM is unsupported, using BIOS configuration
[    2.268279] PCI host bridge to bus 0000:64
[    2.268280] pci_bus 0000:64: root bus resource [io  0xa000-0xafff window]
[    2.268281] pci_bus 0000:64: root bus resource [mem 0xbbc00000-0xc5ffffff window]
[    2.268283] pci_bus 0000:64: root bus resource [mem 0x240000000000-0x24ffffffffff window]
[    2.268284] pci_bus 0000:64: root bus resource [bus 64-7d]
[    2.268293] pci 0000:64:00.0: [8086:09a2] type 00 class 0x088000
[    2.268358] pci 0000:64:00.1: [8086:09a4] type 00 class 0x088000
[    2.268421] pci 0000:64:00.2: [8086:09a3] type 00 class 0x088000
[    2.268483] pci 0000:64:00.4: [8086:0998] type 00 class 0x060000
[    2.268552] pci_bus 0000:64: on NUMA node 0
[    2.268617] ACPI: PCI Root Bridge [UC06] (domain 0000 [bus 7e])
[    2.268620] acpi PNP0A03:00: _OSC: OS supports [ExtendedConfig ASPM ClockPM Segments MSI HPX-Type3]
[    2.268718] acpi PNP0A03:00: _OSC: platform does not support [SHPCHotplug AER LTR]
[    2.268896] acpi PNP0A03:00: _OSC: OS now controls [PCIeHotplug PME PCIeCapability]
[    2.268897] acpi PNP0A03:00: FADT indicates ASPM is unsupported, using BIOS configuration
[    2.269032] PCI host bridge to bus 0000:7e
[    2.269033] pci_bus 0000:7e: root bus resource [bus 7e]
[    2.269041] pci 0000:7e:00.0: [8086:3450] type 00 class 0x088000
[    2.269113] pci 0000:7e:00.1: [8086:3451] type 00 class 0x088000
[    2.269172] pci 0000:7e:00.2: [8086:3452] type 00 class 0x088000
[    2.269242] pci 0000:7e:00.3: [8086:0998] type 00 class 0x060000
[    2.269297] pci 0000:7e:00.5: [8086:3455] type 00 class 0x088000
[    2.269359] pci 0000:7e:02.0: [8086:3440] type 00 class 0x088000
[    2.269486] pci 0000:7e:02.1: [8086:3441] type 00 class 0x088000
[    2.269593] pci 0000:7e:02.2: [8086:3442] type 00 class 0x088000
[    2.269702] pci 0000:7e:03.0: [8086:3440] type 00 class 0x088000
[    2.269795] pci 0000:7e:03.1: [8086:3441] type 00 class 0x088000
[    2.269873] pci 0000:7e:03.2: [8086:3442] type 00 class 0x088000
[    2.269955] pci 0000:7e:04.0: [8086:3440] type 00 class 0x088000
[    2.270073] pci 0000:7e:04.1: [8086:3441] type 00 class 0x088000
[    2.270189] pci 0000:7e:04.2: [8086:3442] type 00 class 0x088000
[    2.270304] pci 0000:7e:04.3: [8086:3443] type 00 class 0x088000
[    2.270422] pci 0000:7e:05.0: [8086:3445] type 00 class 0x088000
[    2.270547] pci 0000:7e:05.1: [8086:3446] type 00 class 0x088000
[    2.270658] pci 0000:7e:05.2: [8086:3447] type 00 class 0x088000
[    2.270773] pci 0000:7e:06.0: [8086:3445] type 00 class 0x088000
[    2.270867] pci 0000:7e:06.1: [8086:3446] type 00 class 0x088000
[    2.270944] pci 0000:7e:06.2: [8086:3447] type 00 class 0x088000
[    2.271028] pci 0000:7e:07.0: [8086:3445] type 00 class 0x088000
[    2.271161] pci 0000:7e:07.1: [8086:3446] type 00 class 0x088000
[    2.271280] pci 0000:7e:07.2: [8086:3447] type 00 class 0x088000
[    2.271396] pci 0000:7e:0b.0: [8086:3448] type 00 class 0x088000
[    2.271473] pci 0000:7e:0b.1: [8086:3448] type 00 class 0x088000
[    2.271540] pci 0000:7e:0b.2: [8086:344b] type 00 class 0x088000
[    2.271608] pci 0000:7e:0c.0: [8086:344a] type 00 class 0x110100
[    2.271710] pci 0000:7e:0d.0: [8086:344a] type 00 class 0x110100
[    2.271810] pci 0000:7e:0e.0: [8086:344a] type 00 class 0x110100
[    2.271954] pci 0000:7e:0f.0: [8086:344a] type 00 class 0x110100
[    2.272107] pci 0000:7e:1a.0: [8086:2880] type 00 class 0x110100
[    2.272206] pci 0000:7e:1b.0: [8086:2880] type 00 class 0x110100
[    2.272303] pci 0000:7e:1c.0: [8086:2880] type 00 class 0x110100
[    2.272458] pci 0000:7e:1d.0: [8086:2880] type 00 class 0x110100
[    2.272605] pci_bus 0000:7e: on NUMA node 0
[    2.272687] ACPI: PCI Root Bridge [UC07] (domain 0000 [bus 7f])
[    2.272689] acpi PNP0A03:01: _OSC: OS supports [ExtendedConfig ASPM ClockPM Segments MSI HPX-Type3]
[    2.272789] acpi PNP0A03:01: _OSC: platform does not support [SHPCHotplug AER LTR]
[    2.272970] acpi PNP0A03:01: _OSC: OS now controls [PCIeHotplug PME PCIeCapability]
[    2.272972] acpi PNP0A03:01: FADT indicates ASPM is unsupported, using BIOS configuration
[    2.273119] PCI host bridge to bus 0000:7f
[    2.273120] pci_bus 0000:7f: root bus resource [bus 7f]
[    2.273134] pci 0000:7f:00.0: [8086:344c] type 00 class 0x088000
[    2.273252] pci 0000:7f:00.1: [8086:344c] type 00 class 0x088000
[    2.273362] pci 0000:7f:00.2: [8086:344c] type 00 class 0x088000
[    2.273472] pci 0000:7f:00.3: [8086:344c] type 00 class 0x088000
[    2.273561] pci 0000:7f:00.4: [8086:344c] type 00 class 0x088000
[    2.273680] pci 0000:7f:00.5: [8086:344c] type 00 class 0x088000
[    2.273796] pci 0000:7f:00.6: [8086:344c] type 00 class 0x088000
[    2.273876] pci 0000:7f:00.7: [8086:344c] type 00 class 0x088000
[    2.273959] pci 0000:7f:01.0: [8086:344c] type 00 class 0x088000
[    2.274101] pci 0000:7f:01.1: [8086:344c] type 00 class 0x088000
[    2.274220] pci 0000:7f:01.2: [8086:344c] type 00 class 0x088000
[    2.274298] pci 0000:7f:01.3: [8086:344c] type 00 class 0x088000
[    2.274429] pci 0000:7f:01.4: [8086:344c] type 00 class 0x088000
[    2.274560] pci 0000:7f:01.5: [8086:344c] type 00 class 0x088000
[    2.274695] pci 0000:7f:01.6: [8086:344c] type 00 class 0x088000
[    2.274820] pci 0000:7f:01.7: [8086:344c] type 00 class 0x088000
[    2.274946] pci 0000:7f:02.0: [8086:344c] type 00 class 0x088000
[    2.275090] pci 0000:7f:02.1: [8086:344c] type 00 class 0x088000
[    2.275220] pci 0000:7f:02.2: [8086:344c] type 00 class 0x088000
[    2.275351] pci 0000:7f:02.3: [8086:344c] type 00 class 0x088000
[    2.275489] pci 0000:7f:02.4: [8086:344c] type 00 class 0x088000
[    2.275625] pci 0000:7f:02.5: [8086:344c] type 00 class 0x088000
[    2.275761] pci 0000:7f:02.6: [8086:344c] type 00 class 0x088000
[    2.275911] pci 0000:7f:02.7: [8086:344c] type 00 class 0x088000
[    2.276057] pci 0000:7f:03.0: [8086:344c] type 00 class 0x088000
[    2.276221] pci 0000:7f:03.1: [8086:344c] type 00 class 0x088000
[    2.276372] pci 0000:7f:03.2: [8086:344c] type 00 class 0x088000
[    2.276521] pci 0000:7f:03.3: [8086:344c] type 00 class 0x088000
[    2.276679] pci 0000:7f:0a.0: [8086:344d] type 00 class 0x088000
[    2.276792] pci 0000:7f:0a.1: [8086:344d] type 00 class 0x088000
[    2.276902] pci 0000:7f:0a.2: [8086:344d] type 00 class 0x088000
[    2.277016] pci 0000:7f:0a.3: [8086:344d] type 00 class 0x088000
[    2.277105] pci 0000:7f:0a.4: [8086:344d] type 00 class 0x088000
[    2.277226] pci 0000:7f:0a.5: [8086:344d] type 00 class 0x088000
[    2.277342] pci 0000:7f:0a.6: [8086:344d] type 00 class 0x088000
[    2.277419] pci 0000:7f:0a.7: [8086:344d] type 00 class 0x088000
[    2.277501] pci 0000:7f:0b.0: [8086:344d] type 00 class 0x088000
[    2.277643] pci 0000:7f:0b.1: [8086:344d] type 00 class 0x088000
[    2.277761] pci 0000:7f:0b.2: [8086:344d] type 00 class 0x088000
[    2.277845] pci 0000:7f:0b.3: [8086:344d] type 00 class 0x088000
[    2.277974] pci 0000:7f:0b.4: [8086:344d] type 00 class 0x088000
[    2.278106] pci 0000:7f:0b.5: [8086:344d] type 00 class 0x088000
[    2.278242] pci 0000:7f:0b.6: [8086:344d] type 00 class 0x088000
[    2.278362] pci 0000:7f:0b.7: [8086:344d] type 00 class 0x088000
[    2.278489] pci 0000:7f:0c.0: [8086:344d] type 00 class 0x088000
[    2.278637] pci 0000:7f:0c.1: [8086:344d] type 00 class 0x088000
[    2.278767] pci 0000:7f:0c.2: [8086:344d] type 00 class 0x088000
[    2.278902] pci 0000:7f:0c.3: [8086:344d] type 00 class 0x088000
[    2.279040] pci 0000:7f:0c.4: [8086:344d] type 00 class 0x088000
[    2.279176] pci 0000:7f:0c.5: [8086:344d] type 00 class 0x088000
[    2.279313] pci 0000:7f:0c.6: [8086:344d] type 00 class 0x088000
[    2.279459] pci 0000:7f:0c.7: [8086:344d] type 00 class 0x088000
[    2.279605] pci 0000:7f:0d.0: [8086:344d] type 00 class 0x088000
[    2.279771] pci 0000:7f:0d.1: [8086:344d] type 00 class 0x088000
[    2.279923] pci 0000:7f:0d.2: [8086:344d] type 00 class 0x088000
[    2.280077] pci 0000:7f:0d.3: [8086:344d] type 00 class 0x088000
[    2.280246] pci 0000:7f:1d.0: [8086:344f] type 00 class 0x088000
[    2.280370] pci 0000:7f:1d.1: [8086:3457] type 00 class 0x088000
[    2.280476] pci 0000:7f:1e.0: [8086:3458] type 00 class 0x088000
[    2.280554] pci 0000:7f:1e.1: [8086:3459] type 00 class 0x088000
[    2.280617] pci 0000:7f:1e.2: [8086:345a] type 00 class 0x088000
[    2.280680] pci 0000:7f:1e.3: [8086:345b] type 00 class 0x088000
[    2.280742] pci 0000:7f:1e.4: [8086:345c] type 00 class 0x088000
[    2.280809] pci 0000:7f:1e.5: [8086:345d] type 00 class 0x088000
[    2.280870] pci 0000:7f:1e.6: [8086:345e] type 00 class 0x088000
[    2.280931] pci 0000:7f:1e.7: [8086:345f] type 00 class 0x088000
[    2.280990] pci_bus 0000:7f: on NUMA node 0
[    2.281095] ACPI: PCI Root Bridge [PC06] (domain 0000 [bus 80])
[    2.281098] acpi PNP0A08:06: _OSC: OS supports [ExtendedConfig ASPM ClockPM Segments MSI HPX-Type3]
[    2.295550] acpi PNP0A08:06: _OSC: platform does not support [SHPCHotplug AER]
[    2.295762] acpi PNP0A08:06: _OSC: OS now controls [PCIeHotplug PME PCIeCapability LTR]
[    2.295763] acpi PNP0A08:06: FADT indicates ASPM is unsupported, using BIOS configuration
[    2.295912] PCI host bridge to bus 0000:80
[    2.295913] pci_bus 0000:80: root bus resource [io  0xb000-0xbfff window]
[    2.295915] pci_bus 0000:80: root bus resource [mem 0xc6800000-0xd0ffffff window]
[    2.295916] pci_bus 0000:80: root bus resource [mem 0x250000000000-0x25ffffffffff window]
[    2.295918] pci_bus 0000:80: root bus resource [bus 80]
[    2.295928] pci 0000:80:00.0: [8086:09a2] type 00 class 0x088000
[    2.296014] pci 0000:80:00.1: [8086:09a4] type 00 class 0x088000
[    2.296083] pci 0000:80:00.2: [8086:09a3] type 00 class 0x088000
[    2.296153] pci 0000:80:00.4: [8086:0998] type 00 class 0x060000
[    2.296226] pci 0000:80:02.0: [8086:09a6] type 00 class 0x088000
[    2.296235] pci 0000:80:02.0: reg 0x10: [mem 0xc6aa4000-0xc6aa5fff]
[    2.296300] pci 0000:80:02.1: [8086:09a7] type 00 class 0x088000
[    2.296308] pci 0000:80:02.1: reg 0x10: [mem 0xc6a00000-0xc6a7ffff]
[    2.296314] pci 0000:80:02.1: reg 0x14: [mem 0xc6980000-0xc69fffff]
[    2.296369] pci 0000:80:02.4: [8086:3456] type 00 class 0x130000
[    2.296380] pci 0000:80:02.4: reg 0x10: [mem 0xc6800000-0xc68fffff 64bit]
[    2.296388] pci 0000:80:02.4: reg 0x18: [mem 0xc6aa0000-0xc6aa3fff 64bit]
[    2.296395] pci 0000:80:02.4: reg 0x20: [mem 0xc6a80000-0xc6a9ffff 64bit]
[    2.296462] pci_bus 0000:80: on NUMA node 1
[    2.296541] ACPI: PCI Root Bridge [PC07] (domain 0000 [bus 81])
[    2.296544] acpi PNP0A08:07: _OSC: OS supports [ExtendedConfig ASPM ClockPM Segments MSI HPX-Type3]
[    2.310983] acpi PNP0A08:07: _OSC: platform does not support [SHPCHotplug AER]
[    2.311194] acpi PNP0A08:07: _OSC: OS now controls [PCIeHotplug PME PCIeCapability LTR]
[    2.311195] acpi PNP0A08:07: FADT indicates ASPM is unsupported, using BIOS configuration
[    2.311314] PCI host bridge to bus 0000:81
[    2.311315] pci_bus 0000:81: root bus resource [io  0xc000-0xcfff window]
[    2.311316] pci_bus 0000:81: root bus resource [mem 0xd1000000-0xdbbfffff window]
[    2.311317] pci_bus 0000:81: root bus resource [mem 0x260000000000-0x26ffffffffff window]
[    2.311319] pci_bus 0000:81: root bus resource [bus 81]
[    2.311329] pci 0000:81:00.0: [8086:09a2] type 00 class 0x088000
[    2.311397] pci 0000:81:00.1: [8086:09a4] type 00 class 0x088000
[    2.311464] pci 0000:81:00.2: [8086:09a3] type 00 class 0x088000
[    2.311534] pci 0000:81:00.4: [8086:0998] type 00 class 0x060000
[    2.311611] pci_bus 0000:81: on NUMA node 1
[    2.311684] ACPI: PCI Root Bridge [PC08] (domain 0000 [bus 82])
[    2.311686] acpi PNP0A08:08: _OSC: OS supports [ExtendedConfig ASPM ClockPM Segments MSI HPX-Type3]
[    2.326124] acpi PNP0A08:08: _OSC: platform does not support [SHPCHotplug AER]
[    2.326335] acpi PNP0A08:08: _OSC: OS now controls [PCIeHotplug PME PCIeCapability LTR]
[    2.326336] acpi PNP0A08:08: FADT indicates ASPM is unsupported, using BIOS configuration
[    2.326452] PCI host bridge to bus 0000:82
[    2.326454] pci_bus 0000:82: root bus resource [io  0xd000-0xdfff window]
[    2.326455] pci_bus 0000:82: root bus resource [mem 0xdbc00000-0xe67fffff window]
[    2.326456] pci_bus 0000:82: root bus resource [mem 0x270000000000-0x27ffffffffff window]
[    2.326458] pci_bus 0000:82: root bus resource [bus 82]
[    2.326467] pci 0000:82:00.0: [8086:09a2] type 00 class 0x088000
[    2.326537] pci 0000:82:00.1: [8086:09a4] type 00 class 0x088000
[    2.326610] pci 0000:82:00.2: [8086:09a3] type 00 class 0x088000
[    2.326678] pci 0000:82:00.4: [8086:0998] type 00 class 0x060000
[    2.326756] pci_bus 0000:82: on NUMA node 1
[    2.326858] ACPI: PCI Root Bridge [PC10] (domain 0000 [bus 83-f9])
[    2.326860] acpi PNP0A08:0a: _OSC: OS supports [ExtendedConfig ASPM ClockPM Segments MSI HPX-Type3]
[    2.341282] acpi PNP0A08:0a: _OSC: platform does not support [SHPCHotplug AER]
[    2.341493] acpi PNP0A08:0a: _OSC: OS now controls [PCIeHotplug PME PCIeCapability LTR]
[    2.341494] acpi PNP0A08:0a: FADT indicates ASPM is unsupported, using BIOS configuration
[    2.341621] PCI host bridge to bus 0000:83
[    2.341622] pci_bus 0000:83: root bus resource [io  0xe000-0xefff window]
[    2.341624] pci_bus 0000:83: root bus resource [mem 0xe6800000-0xf13fffff window]
[    2.341625] pci_bus 0000:83: root bus resource [mem 0x280000000000-0x28ffffffffff window]
[    2.341627] pci_bus 0000:83: root bus resource [bus 83-f9]
[    2.341637] pci 0000:83:00.0: [8086:09a2] type 00 class 0x088000
[    2.341708] pci 0000:83:00.1: [8086:09a4] type 00 class 0x088000
[    2.341777] pci 0000:83:00.2: [8086:09a3] type 00 class 0x088000
[    2.341847] pci 0000:83:00.4: [8086:0998] type 00 class 0x060000
[    2.341925] pci_bus 0000:83: on NUMA node 1
[    2.341998] ACPI: PCI Root Bridge [PC11] (domain 0000 [bus fa])
[    2.342001] acpi PNP0A08:0b: _OSC: OS supports [ExtendedConfig ASPM ClockPM Segments MSI HPX-Type3]
[    2.356420] acpi PNP0A08:0b: _OSC: platform does not support [SHPCHotplug AER]
[    2.356630] acpi PNP0A08:0b: _OSC: OS now controls [PCIeHotplug PME PCIeCapability LTR]
[    2.356631] acpi PNP0A08:0b: FADT indicates ASPM is unsupported, using BIOS configuration
[    2.356749] PCI host bridge to bus 0000:fa
[    2.356750] pci_bus 0000:fa: root bus resource [io  0xf000-0xffff window]
[    2.356751] pci_bus 0000:fa: root bus resource [mem 0xf1400000-0xfb7fffff window]
[    2.356752] pci_bus 0000:fa: root bus resource [mem 0x290000000000-0x29ffffffffff window]
[    2.356754] pci_bus 0000:fa: root bus resource [bus fa]
[    2.356764] pci 0000:fa:00.0: [8086:09a2] type 00 class 0x088000
[    2.356834] pci 0000:fa:00.1: [8086:09a4] type 00 class 0x088000
[    2.356910] pci 0000:fa:00.2: [8086:09a3] type 00 class 0x088000
[    2.356981] pci 0000:fa:00.4: [8086:0998] type 00 class 0x060000
[    2.357060] pci_bus 0000:fa: on NUMA node 1
[    2.357125] ACPI: PCI Root Bridge [UC16] (domain 0000 [bus fe])
[    2.357128] acpi PNP0A03:02: _OSC: OS supports [ExtendedConfig ASPM ClockPM Segments MSI HPX-Type3]
[    2.357225] acpi PNP0A03:02: _OSC: platform does not support [SHPCHotplug AER LTR]
[    2.357403] acpi PNP0A03:02: _OSC: OS now controls [PCIeHotplug PME PCIeCapability]
[    2.357404] acpi PNP0A03:02: FADT indicates ASPM is unsupported, using BIOS configuration
[    2.357534] PCI host bridge to bus 0000:fe
[    2.357536] pci_bus 0000:fe: root bus resource [bus fe]
[    2.357544] pci 0000:fe:00.0: [8086:3450] type 00 class 0x088000
[    2.357619] pci 0000:fe:00.1: [8086:3451] type 00 class 0x088000
[    2.357681] pci 0000:fe:00.2: [8086:3452] type 00 class 0x088000
[    2.357739] pci 0000:fe:00.3: [8086:0998] type 00 class 0x060000
[    2.357799] pci 0000:fe:00.5: [8086:3455] type 00 class 0x088000
[    2.357865] pci 0000:fe:02.0: [8086:3440] type 00 class 0x088000
[    2.358003] pci 0000:fe:02.1: [8086:3441] type 00 class 0x088000
[    2.358124] pci 0000:fe:02.2: [8086:3442] type 00 class 0x088000
[    2.358236] pci 0000:fe:03.0: [8086:3440] type 00 class 0x088000
[    2.358334] pci 0000:fe:03.1: [8086:3441] type 00 class 0x088000
[    2.358413] pci 0000:fe:03.2: [8086:3442] type 00 class 0x088000
[    2.358500] pci 0000:fe:04.0: [8086:3440] type 00 class 0x088000
[    2.358623] pci 0000:fe:04.1: [8086:3441] type 00 class 0x088000
[    2.358745] pci 0000:fe:04.2: [8086:3442] type 00 class 0x088000
[    2.358872] pci 0000:fe:04.3: [8086:3443] type 00 class 0x088000
[    2.358995] pci 0000:fe:05.0: [8086:3445] type 00 class 0x088000
[    2.359126] pci 0000:fe:05.1: [8086:3446] type 00 class 0x088000
[    2.359242] pci 0000:fe:05.2: [8086:3447] type 00 class 0x088000
[    2.359356] pci 0000:fe:06.0: [8086:3445] type 00 class 0x088000
[    2.359453] pci 0000:fe:06.1: [8086:3446] type 00 class 0x088000
[    2.359534] pci 0000:fe:06.2: [8086:3447] type 00 class 0x088000
[    2.359625] pci 0000:fe:07.0: [8086:3445] type 00 class 0x088000
[    2.359768] pci 0000:fe:07.1: [8086:3446] type 00 class 0x088000
[    2.359891] pci 0000:fe:07.2: [8086:3447] type 00 class 0x088000
[    2.360011] pci 0000:fe:0b.0: [8086:3448] type 00 class 0x088000
[    2.360093] pci 0000:fe:0b.1: [8086:3448] type 00 class 0x088000
[    2.360158] pci 0000:fe:0b.2: [8086:344b] type 00 class 0x088000
[    2.360233] pci 0000:fe:0c.0: [8086:344a] type 00 class 0x110100
[    2.360342] pci 0000:fe:0d.0: [8086:344a] type 00 class 0x110100
[    2.360447] pci 0000:fe:0e.0: [8086:344a] type 00 class 0x110100
[    2.360603] pci 0000:fe:0f.0: [8086:344a] type 00 class 0x110100
[    2.360762] pci 0000:fe:1a.0: [8086:2880] type 00 class 0x110100
[    2.360867] pci 0000:fe:1b.0: [8086:2880] type 00 class 0x110100
[    2.360970] pci 0000:fe:1c.0: [8086:2880] type 00 class 0x110100
[    2.361125] pci 0000:fe:1d.0: [8086:2880] type 00 class 0x110100
[    2.361278] pci_bus 0000:fe: on NUMA node 1
[    2.361357] ACPI: PCI Root Bridge [UC17] (domain 0000 [bus ff])
[    2.361359] acpi PNP0A03:03: _OSC: OS supports [ExtendedConfig ASPM ClockPM Segments MSI HPX-Type3]
[    2.361459] acpi PNP0A03:03: _OSC: platform does not support [SHPCHotplug AER LTR]
[    2.361638] acpi PNP0A03:03: _OSC: OS now controls [PCIeHotplug PME PCIeCapability]
[    2.361639] acpi PNP0A03:03: FADT indicates ASPM is unsupported, using BIOS configuration
[    2.361786] PCI host bridge to bus 0000:ff
[    2.361787] pci_bus 0000:ff: root bus resource [bus ff]
[    2.361801] pci 0000:ff:00.0: [8086:344c] type 00 class 0x088000
[    2.361922] pci 0000:ff:00.1: [8086:344c] type 00 class 0x088000
[    2.362034] pci 0000:ff:00.2: [8086:344c] type 00 class 0x088000
[    2.362137] pci 0000:ff:00.3: [8086:344c] type 00 class 0x088000
[    2.362257] pci 0000:ff:00.4: [8086:344c] type 00 class 0x088000
[    2.362373] pci 0000:ff:00.5: [8086:344c] type 00 class 0x088000
[    2.362466] pci 0000:ff:00.6: [8086:344c] type 00 class 0x088000
[    2.362591] pci 0000:ff:00.7: [8086:344c] type 00 class 0x088000
[    2.362717] pci 0000:ff:01.0: [8086:344c] type 00 class 0x088000
[    2.362863] pci 0000:ff:01.1: [8086:344c] type 00 class 0x088000
[    2.362987] pci 0000:ff:01.2: [8086:344c] type 00 class 0x088000
[    2.363075] pci 0000:ff:01.3: [8086:344c] type 00 class 0x088000
[    2.363211] pci 0000:ff:01.4: [8086:344c] type 00 class 0x088000
[    2.363348] pci 0000:ff:01.5: [8086:344c] type 00 class 0x088000
[    2.363488] pci 0000:ff:01.6: [8086:344c] type 00 class 0x088000
[    2.363613] pci 0000:ff:01.7: [8086:344c] type 00 class 0x088000
[    2.363746] pci 0000:ff:02.0: [8086:344c] type 00 class 0x088000
[    2.363898] pci 0000:ff:02.1: [8086:344c] type 00 class 0x088000
[    2.364029] pci 0000:ff:02.2: [8086:344c] type 00 class 0x088000
[    2.364172] pci 0000:ff:02.3: [8086:344c] type 00 class 0x088000
[    2.364307] pci 0000:ff:02.4: [8086:344c] type 00 class 0x088000
[    2.364444] pci 0000:ff:02.5: [8086:344c] type 00 class 0x088000
[    2.364588] pci 0000:ff:02.6: [8086:344c] type 00 class 0x088000
[    2.364730] pci 0000:ff:02.7: [8086:344c] type 00 class 0x088000
[    2.364880] pci 0000:ff:03.0: [8086:344c] type 00 class 0x088000
[    2.365047] pci 0000:ff:03.1: [8086:344c] type 00 class 0x088000
[    2.365195] pci 0000:ff:03.2: [8086:344c] type 00 class 0x088000
[    2.365363] pci 0000:ff:03.3: [8086:344c] type 00 class 0x088000
[    2.365527] pci 0000:ff:0a.0: [8086:344d] type 00 class 0x088000
[    2.365644] pci 0000:ff:0a.1: [8086:344d] type 00 class 0x088000
[    2.365757] pci 0000:ff:0a.2: [8086:344d] type 00 class 0x088000
[    2.365855] pci 0000:ff:0a.3: [8086:344d] type 00 class 0x088000
[    2.365974] pci 0000:ff:0a.4: [8086:344d] type 00 class 0x088000
[    2.366091] pci 0000:ff:0a.5: [8086:344d] type 00 class 0x088000
[    2.366185] pci 0000:ff:0a.6: [8086:344d] type 00 class 0x088000
[    2.366314] pci 0000:ff:0a.7: [8086:344d] type 00 class 0x088000
[    2.366440] pci 0000:ff:0b.0: [8086:344d] type 00 class 0x088000
[    2.366587] pci 0000:ff:0b.1: [8086:344d] type 00 class 0x088000
[    2.366711] pci 0000:ff:0b.2: [8086:344d] type 00 class 0x088000
[    2.366794] pci 0000:ff:0b.3: [8086:344d] type 00 class 0x088000
[    2.366930] pci 0000:ff:0b.4: [8086:344d] type 00 class 0x088000
[    2.367066] pci 0000:ff:0b.5: [8086:344d] type 00 class 0x088000
[    2.367206] pci 0000:ff:0b.6: [8086:344d] type 00 class 0x088000
[    2.367337] pci 0000:ff:0b.7: [8086:344d] type 00 class 0x088000
[    2.367469] pci 0000:ff:0c.0: [8086:344d] type 00 class 0x088000
[    2.367617] pci 0000:ff:0c.1: [8086:344d] type 00 class 0x088000
[    2.367754] pci 0000:ff:0c.2: [8086:344d] type 00 class 0x088000
[    2.367892] pci 0000:ff:0c.3: [8086:344d] type 00 class 0x088000
[    2.368028] pci 0000:ff:0c.4: [8086:344d] type 00 class 0x088000
[    2.368165] pci 0000:ff:0c.5: [8086:344d] type 00 class 0x088000
[    2.368309] pci 0000:ff:0c.6: [8086:344d] type 00 class 0x088000
[    2.368455] pci 0000:ff:0c.7: [8086:344d] type 00 class 0x088000
[    2.368607] pci 0000:ff:0d.0: [8086:344d] type 00 class 0x088000
[    2.368773] pci 0000:ff:0d.1: [8086:344d] type 00 class 0x088000
[    2.368923] pci 0000:ff:0d.2: [8086:344d] type 00 class 0x088000
[    2.369083] pci 0000:ff:0d.3: [8086:344d] type 00 class 0x088000
[    2.369258] pci 0000:ff:1d.0: [8086:344f] type 00 class 0x088000
[    2.369385] pci 0000:ff:1d.1: [8086:3457] type 00 class 0x088000
[    2.369496] pci 0000:ff:1e.0: [8086:3458] type 00 class 0x088000
[    2.369581] pci 0000:ff:1e.1: [8086:3459] type 00 class 0x088000
[    2.369647] pci 0000:ff:1e.2: [8086:345a] type 00 class 0x088000
[    2.369711] pci 0000:ff:1e.3: [8086:345b] type 00 class 0x088000
[    2.369775] pci 0000:ff:1e.4: [8086:345c] type 00 class 0x088000
[    2.369838] pci 0000:ff:1e.5: [8086:345d] type 00 class 0x088000
[    2.369902] pci 0000:ff:1e.6: [8086:345e] type 00 class 0x088000
[    2.369966] pci 0000:ff:1e.7: [8086:345f] type 00 class 0x088000
[    2.370027] pci_bus 0000:ff: on NUMA node 1
[    2.373903] iommu: Default domain type: Translated 
[    2.373903] iommu: DMA domain TLB invalidation policy: lazy mode 
[    2.374072] SCSI subsystem initialized
[    2.374106] libata version 3.00 loaded.
[    2.374106] ACPI: bus type USB registered
[    2.374106] usbcore: registered new interface driver usbfs
[    2.374106] usbcore: registered new interface driver hub
[    2.374106] usbcore: registered new device driver usb
[    2.374106] pps_core: LinuxPPS API ver. 1 registered
[    2.374106] pps_core: Software ver. 5.3.6 - Copyright 2005-2007 Rodolfo Giometti <giometti@linux.it>
[    2.374106] PTP clock support registered
[    2.374106] EDAC MC: Ver: 3.0.0
[    2.374573] Registered efivars operations
[    2.374573] NetLabel: Initializing
[    2.374573] NetLabel:  domain hash size = 128
[    2.374573] NetLabel:  protocols = UNLABELED CIPSOv4 CALIPSO
[    2.374573] NetLabel:  unlabeled traffic allowed by default
[    2.374573] PCI: Using ACPI for IRQ routing
[    2.376036] PCI: pci_cache_line_size set to 64 bytes
[    2.376598] e820: reserve RAM buffer [mem 0x0008f000-0x0008ffff]
[    2.376600] e820: reserve RAM buffer [mem 0x46cc4020-0x47ffffff]
[    2.376601] e820: reserve RAM buffer [mem 0x46cf6020-0x47ffffff]
[    2.376602] e820: reserve RAM buffer [mem 0x46d29020-0x47ffffff]
[    2.376603] e820: reserve RAM buffer [mem 0x46d5c020-0x47ffffff]
[    2.376605] e820: reserve RAM buffer [mem 0x49e77000-0x4bffffff]
[    2.376606] e820: reserve RAM buffer [mem 0x4b2cf000-0x4bffffff]
[    2.376607] e820: reserve RAM buffer [mem 0x4bd94000-0x4bffffff]
[    2.376608] e820: reserve RAM buffer [mem 0x4ce00000-0x4fffffff]
[    2.376609] e820: reserve RAM buffer [mem 0x5eefe000-0x5fffffff]
[    2.376610] e820: reserve RAM buffer [mem 0x6f800000-0x6fffffff]
[    2.377884] pci 0000:03:00.0: vgaarb: setting as boot VGA device
[    2.377884] pci 0000:03:00.0: vgaarb: bridge control possible
[    2.377884] pci 0000:03:00.0: vgaarb: VGA device added: decodes=io+mem,owns=io+mem,locks=none
[    2.377884] vgaarb: loaded
[    2.378210] hpet0: at MMIO 0xfed00000, IRQs 2, 8, 0, 0, 0, 0, 0, 0
[    2.378217] hpet0: 8 comparators, 64-bit 24.000000 MHz counter
[    2.382026] clocksource: Switched to clocksource tsc-early
[    2.391551] VFS: Disk quotas dquot_6.6.0
[    2.391585] VFS: Dquot-cache hash table entries: 512 (order 0, 4096 bytes)
[    2.391735] AppArmor: AppArmor Filesystem Enabled
[    2.391746] pnp: PnP ACPI init
[    2.407765] system 00:01: [io  0x0500-0x05fe] has been reserved
[    2.407769] system 00:01: [io  0x0400-0x041f] has been reserved
[    2.407770] system 00:01: [io  0x0600-0x061f] has been reserved
[    2.407772] system 00:01: [io  0x0ca0-0x0ca1] has been reserved
[    2.407773] system 00:01: [io  0x0ca4-0x0ca6] has been reserved
[    2.407776] system 00:01: [mem 0xff000000-0xffffffff] has been reserved
[    2.408381] system 00:04: [mem 0xfd000000-0xfdabffff] has been reserved
[    2.408384] system 00:04: [mem 0xfdad0000-0xfdadffff] has been reserved
[    2.408385] system 00:04: [mem 0xfdb00000-0xfdffffff] has been reserved
[    2.408387] system 00:04: [mem 0xfe000000-0xfe00ffff] has been reserved
[    2.408389] system 00:04: [mem 0xfe011000-0xfe01ffff] has been reserved
[    2.408391] system 00:04: [mem 0xfe036000-0xfe03bfff] has been reserved
[    2.408392] system 00:04: [mem 0xfe03d000-0xfe3fffff] has been reserved
[    2.408394] system 00:04: [mem 0xfe410000-0xfe7fffff] has been reserved
[    2.408713] system 00:05: [io  0x1000-0x10fe] has been reserved
[    2.409728] pnp: PnP ACPI: found 6 devices
[    2.415397] clocksource: acpi_pm: mask: 0xffffff max_cycles: 0xffffff, max_idle_ns: 2085701024 ns
[    2.415477] NET: Registered PF_INET protocol family
[    2.415790] IP idents hash table entries: 262144 (order: 9, 2097152 bytes, vmalloc)
[    2.418077] tcp_listen_portaddr_hash hash table entries: 65536 (order: 8, 1048576 bytes, vmalloc)
[    2.418820] TCP established hash table entries: 524288 (order: 10, 4194304 bytes, vmalloc hugepage)
[    2.419426] TCP bind hash table entries: 65536 (order: 8, 1048576 bytes, vmalloc)
[    2.419488] TCP: Hash tables configured (established 524288 bind 65536)
[    2.419935] UDP hash table entries: 65536 (order: 9, 2097152 bytes, vmalloc)
[    2.420427] UDP-Lite hash table entries: 65536 (order: 9, 2097152 bytes, vmalloc)
[    2.420732] NET: Registered PF_UNIX/PF_LOCAL protocol family
[    2.420737] NET: Registered PF_XDP protocol family
[    2.420744] pci 0000:04:00.0: can't claim BAR 6 [mem 0xfffc0000-0xffffffff pref]: no compatible bridge window
[    2.420746] pci 0000:04:00.1: can't claim BAR 6 [mem 0xfffc0000-0xffffffff pref]: no compatible bridge window
[    2.420748] pci 0000:17:00.0: can't claim BAR 6 [mem 0xfff00000-0xffffffff pref]: no compatible bridge window
[    2.420763] pci 0000:00:1c.5: BAR 14: assigned [mem 0x90000000-0x900fffff]
[    2.420766] pci 0000:00:1c.0: PCI bridge to [bus 01]
[    2.420776] pci 0000:02:00.0: PCI bridge to [bus 03]
[    2.420781] pci 0000:02:00.0:   bridge window [mem 0x92000000-0x928fffff]
[    2.420785] pci 0000:02:00.0:   bridge window [mem 0x91000000-0x91ffffff 64bit pref]
[    2.420791] pci 0000:00:1c.4: PCI bridge to [bus 02-03]
[    2.420795] pci 0000:00:1c.4:   bridge window [mem 0x92000000-0x928fffff]
[    2.420798] pci 0000:00:1c.4:   bridge window [mem 0x91000000-0x91ffffff 64bit pref]
[    2.420803] pci 0000:04:00.0: BAR 6: assigned [mem 0x90000000-0x9003ffff pref]
[    2.420805] pci 0000:04:00.1: BAR 6: assigned [mem 0x90040000-0x9007ffff pref]
[    2.420807] pci 0000:00:1c.5: PCI bridge to [bus 04]
[    2.420810] pci 0000:00:1c.5:   bridge window [mem 0x90000000-0x900fffff]
[    2.420813] pci 0000:00:1c.5:   bridge window [mem 0x92900000-0x929fffff 64bit pref]
[    2.420818] pci_bus 0000:00: resource 4 [io  0x0000-0x0cf7 window]
[    2.420819] pci_bus 0000:00: resource 5 [io  0x1000-0x4fff window]
[    2.420821] pci_bus 0000:00: resource 6 [mem 0x000a0000-0x000bffff window]
[    2.420822] pci_bus 0000:00: resource 7 [mem 0x000c8000-0x000cffff window]
[    2.420823] pci_bus 0000:00: resource 8 [mem 0xfe010000-0xfe010fff window]
[    2.420824] pci_bus 0000:00: resource 9 [mem 0x90000000-0x9b7fffff window]
[    2.420825] pci_bus 0000:00: resource 10 [mem 0x200000000000-0x20ffffffffff window]
[    2.420827] pci_bus 0000:02: resource 1 [mem 0x92000000-0x928fffff]
[    2.420829] pci_bus 0000:02: resource 2 [mem 0x91000000-0x91ffffff 64bit pref]
[    2.420830] pci_bus 0000:03: resource 1 [mem 0x92000000-0x928fffff]
[    2.420831] pci_bus 0000:03: resource 2 [mem 0x91000000-0x91ffffff 64bit pref]
[    2.420832] pci_bus 0000:04: resource 1 [mem 0x90000000-0x900fffff]
[    2.420833] pci_bus 0000:04: resource 2 [mem 0x92900000-0x929fffff 64bit pref]
[    2.420909] pci 0000:17:00.0: BAR 6: no space for [mem size 0x00100000 pref]
[    2.420911] pci 0000:17:00.0: BAR 6: failed to assign [mem size 0x00100000 pref]
[    2.420912] pci 0000:16:02.0: PCI bridge to [bus 17]
[    2.420914] pci 0000:16:02.0:   bridge window [io  0x5000-0x5fff]
[    2.420917] pci 0000:16:02.0:   bridge window [mem 0x9ba00000-0x9bafffff]
[    2.420919] pci 0000:16:02.0:   bridge window [mem 0x9b800000-0x9b9fffff 64bit pref]
[    2.420922] pci_bus 0000:16: resource 4 [io  0x5000-0x6fff window]
[    2.420923] pci_bus 0000:16: resource 5 [mem 0x9b800000-0xa63fffff window]
[    2.420924] pci_bus 0000:16: resource 6 [mem 0x210000000000-0x21ffffffffff window]
[    2.420926] pci_bus 0000:17: resource 0 [io  0x5000-0x5fff]
[    2.420927] pci_bus 0000:17: resource 1 [mem 0x9ba00000-0x9bafffff]
[    2.420928] pci_bus 0000:17: resource 2 [mem 0x9b800000-0x9b9fffff 64bit pref]
[    2.420935] pci_bus 0000:30: resource 4 [io  0x7000-0x8fff window]
[    2.420936] pci_bus 0000:30: resource 5 [mem 0xa6400000-0xb0ffffff window]
[    2.420937] pci_bus 0000:30: resource 6 [mem 0x220000000000-0x22ffffffffff window]
[    2.420943] pci_bus 0000:4a: resource 4 [io  0x9000-0x9fff window]
[    2.420944] pci_bus 0000:4a: resource 5 [mem 0xb1000000-0xbbbfffff window]
[    2.420945] pci_bus 0000:4a: resource 6 [mem 0x230000000000-0x23ffffffffff window]
[    2.420951] pci_bus 0000:64: resource 4 [io  0xa000-0xafff window]
[    2.420952] pci_bus 0000:64: resource 5 [mem 0xbbc00000-0xc5ffffff window]
[    2.420954] pci_bus 0000:64: resource 6 [mem 0x240000000000-0x24ffffffffff window]
[    2.420984] pci_bus 0000:80: resource 4 [io  0xb000-0xbfff window]
[    2.420985] pci_bus 0000:80: resource 5 [mem 0xc6800000-0xd0ffffff window]
[    2.420987] pci_bus 0000:80: resource 6 [mem 0x250000000000-0x25ffffffffff window]
[    2.420993] pci_bus 0000:81: resource 4 [io  0xc000-0xcfff window]
[    2.420994] pci_bus 0000:81: resource 5 [mem 0xd1000000-0xdbbfffff window]
[    2.420995] pci_bus 0000:81: resource 6 [mem 0x260000000000-0x26ffffffffff window]
[    2.421001] pci_bus 0000:82: resource 4 [io  0xd000-0xdfff window]
[    2.421002] pci_bus 0000:82: resource 5 [mem 0xdbc00000-0xe67fffff window]
[    2.421003] pci_bus 0000:82: resource 6 [mem 0x270000000000-0x27ffffffffff window]
[    2.421008] pci_bus 0000:83: resource 4 [io  0xe000-0xefff window]
[    2.421010] pci_bus 0000:83: resource 5 [mem 0xe6800000-0xf13fffff window]
[    2.421011] pci_bus 0000:83: resource 6 [mem 0x280000000000-0x28ffffffffff window]
[    2.421017] pci_bus 0000:fa: resource 4 [io  0xf000-0xffff window]
[    2.421018] pci_bus 0000:fa: resource 5 [mem 0xf1400000-0xfb7fffff window]
[    2.421019] pci_bus 0000:fa: resource 6 [mem 0x290000000000-0x29ffffffffff window]
[    2.421666] PCI: CLS 0 bytes, default 64
[    2.421709] Trying to unpack rootfs image as initramfs...
[    2.421749] PCI-DMA: Using software bounce buffering for IO (SWIOTLB)
[    2.421750] software IO TLB: mapped [mem 0x0000000057071000-0x000000005b071000] (64MB)
[    2.440496] Initialise system trusted keyrings
[    2.440504] Key type blacklist registered
[    2.440591] workingset: timestamp_bits=36 max_order=25 bucket_order=0
[    2.441630] zbud: loaded
[    2.442080] squashfs: version 4.0 (2009/01/31) Phillip Lougher
[    2.442232] fuse: init (API version 7.36)
[    2.442443] integrity: Platform Keyring initialized
[    2.453944] Key type asymmetric registered
[    2.453945] Asymmetric key parser 'x509' registered
[    3.449901] tsc: Refined TSC clocksource calibration: 1995.312 MHz
[    3.449949] clocksource: tsc: mask: 0xffffffffffffffff max_cycles: 0x3985c314e25, max_idle_ns: 881590612270 ns
[    3.450131] clocksource: Switched to clocksource tsc
[   10.568023] Freeing initrd memory: 558716K
[   10.569712] alg: self-tests for CTR-KDF (hmac(sha256)) passed
[   10.569738] Block layer SCSI generic (bsg) driver version 0.4 loaded (major 245)
[   10.569801] io scheduler mq-deadline registered
[   10.571436] pcieport 0000:00:1c.0: PME: Signaling with IRQ 130
[   10.571621] pcieport 0000:00:1c.4: PME: Signaling with IRQ 131
[   10.571806] pcieport 0000:00:1c.5: PME: Signaling with IRQ 132
[   10.571968] pcieport 0000:16:02.0: PME: Signaling with IRQ 133
