2024年 05月 18日 星期六 12:15:40 CST
pgmigrate_success 10634
pgmigrate_fail 24
pgmigrate_dst_node_full_fail 0
pgmigrate_numa_isolate_fail 1
pgmigrate_nomem_fail 1
pgmigrate_refcount_fail 210
thp_fault_alloc 0
thp_fault_fallback 0
thp_collapse_alloc 0
thp_collapse_alloc_failed 0
thp_file_alloc 0
thp_file_mapped 0
thp_split_page 0
thp_split_page_failed 0
thp_deferred_split_page 0
thp_split_pmd 0
thp_split_pud 0
thp_zero_page_alloc 0
thp_zero_page_alloc_failed 0
thp_swpout 0
thp_swpout_fallback 0
MemTotal:       573917540 kB
MemFree:        556792412 kB
MemAvailable:   555665456 kB
Buffers:            5472 kB
Cached:           355868 kB
SwapCached:            0 kB
Active:           445440 kB
Inactive:         483764 kB
Active(anon):     269548 kB
Inactive(anon):   304964 kB
Active(file):     175892 kB
Inactive(file):   178800 kB
Unevictable:           0 kB
Mlocked:               0 kB
SwapTotal:       2097148 kB
SwapFree:        2097148 kB
Dirty:              1340 kB
Writeback:             0 kB
AnonPages:        568464 kB
Mapped:           352068 kB
Shmem:              6156 kB
KReclaimable:     247768 kB
Slab:             604292 kB
SReclaimable:     247768 kB
SUnreclaim:       356524 kB
KernelStack:       35140 kB
PageTables:        27312 kB
NFS_Unstable:          0 kB
Bounce:                0 kB
WritebackTmp:          0 kB
CommitLimit:    289055916 kB
Committed_AS:    6325716 kB
VmallocTotal:   34359738367 kB
VmallocUsed:      160412 kB
VmallocChunk:          0 kB
Percpu:           123648 kB
HardwareCorrupted:     0 kB
AnonHugePages:         0 kB
ShmemHugePages:        0 kB
ShmemPmdMapped:        0 kB
CmaTotal:              0 kB
CmaFree:               0 kB
HugePages_Total:       0
HugePages_Free:        0
HugePages_Rsvd:        0
HugePages_Surp:        0
Hugepagesize:       2048 kB
Hugetlb:               0 kB
DirectMap4k:     1222120 kB
DirectMap2M:     7651328 kB
DirectMap1G:    654311424 kB
2024年 05月 18日 星期六 12:31:07 CST
pgmigrate_success 1277777
pgmigrate_fail 1770521
pgmigrate_dst_node_full_fail 1758208
pgmigrate_numa_isolate_fail 1
pgmigrate_nomem_fail 2
pgmigrate_refcount_fail 210
thp_fault_alloc 75537
thp_fault_fallback 0
thp_collapse_alloc 36
thp_collapse_alloc_failed 0
thp_file_alloc 0
thp_file_mapped 0
thp_split_page 0
thp_split_page_failed 0
thp_deferred_split_page 78037
thp_split_pmd 7
thp_split_pud 0
thp_zero_page_alloc 0
thp_zero_page_alloc_failed 0
thp_swpout 0
thp_swpout_fallback 0
MemTotal:       573917540 kB
MemFree:        542926688 kB
MemAvailable:   555080024 kB
Buffers:           63136 kB
Cached:         14061468 kB
SwapCached:           32 kB
Active:           482816 kB
Inactive:       14220396 kB
Active(anon):     245004 kB
Inactive(anon):   340048 kB
Active(file):     237812 kB
Inactive(file): 13880348 kB
Unevictable:           0 kB
Mlocked:               0 kB
SwapTotal:       2097148 kB
SwapFree:        2096892 kB
Dirty:                 4 kB
Writeback:             0 kB
AnonPages:        578064 kB
Mapped:           352720 kB
Shmem:              6156 kB
KReclaimable:     299788 kB
Slab:             660228 kB
SReclaimable:     299788 kB
SUnreclaim:       360440 kB
KernelStack:       33456 kB
PageTables:        27436 kB
NFS_Unstable:          0 kB
Bounce:                0 kB
WritebackTmp:          0 kB
CommitLimit:    289055916 kB
Committed_AS:    6299664 kB
VmallocTotal:   34359738367 kB
VmallocUsed:      158476 kB
VmallocChunk:          0 kB
Percpu:           123648 kB
HardwareCorrupted:     0 kB
AnonHugePages:    184320 kB
ShmemHugePages:        0 kB
ShmemPmdMapped:        0 kB
CmaTotal:              0 kB
CmaFree:               0 kB
HugePages_Total:       0
HugePages_Free:        0
HugePages_Rsvd:        0
HugePages_Surp:        0
Hugepagesize:       2048 kB
Hugetlb:               0 kB
DirectMap4k:     1230312 kB
DirectMap2M:     7643136 kB
DirectMap1G:    654311424 kB
