[    0.000000] Linux version 5.3.1-multiclock (xmu@xmu-PowerEdge-R750) (gcc version 7.5.0 (Ubuntu 7.5.0-3ubuntu1~18.04)) #1 SMP Wed Aug 9 20:46:02 CST 2023
[    0.000000] Command line: BOOT_IMAGE=/boot/vmlinuz-5.3.1-multiclock root=UUID=ce0c24b8-724b-4f33-9b2c-618433560aef ro memmap=48196M!4096M memmap=59G!64G quiet splash nomodeset vt.handoff=1
[    0.000000] KERNEL supported cpus:
[    0.000000]   Intel GenuineIntel
[    0.000000]   AMD AuthenticAMD
[    0.000000]   Hygon HygonGenuine
[    0.000000]   Centaur CentaurHauls
[    0.000000]   zhaoxin   Shanghai  
[    0.000000] x86/fpu: Supporting XSAVE feature 0x001: 'x87 floating point registers'
[    0.000000] x86/fpu: Supporting XSAVE feature 0x002: 'SSE registers'
[    0.000000] x86/fpu: Supporting XSAVE feature 0x004: 'AVX registers'
[    0.000000] x86/fpu: Supporting XSAVE feature 0x020: 'AVX-512 opmask'
[    0.000000] x86/fpu: Supporting XSAVE feature 0x040: 'AVX-512 Hi256'
[    0.000000] x86/fpu: Supporting XSAVE feature 0x080: 'AVX-512 ZMM_Hi256'
[    0.000000] x86/fpu: Supporting XSAVE feature 0x200: 'Protection Keys User registers'
[    0.000000] x86/fpu: xstate_offset[2]:  576, xstate_sizes[2]:  256
[    0.000000] x86/fpu: xstate_offset[5]:  832, xstate_sizes[5]:   64
[    0.000000] x86/fpu: xstate_offset[6]:  896, xstate_sizes[6]:  512
[    0.000000] x86/fpu: xstate_offset[7]: 1408, xstate_sizes[7]: 1024
[    0.000000] x86/fpu: xstate_offset[9]: 2432, xstate_sizes[9]:    8
[    0.000000] x86/fpu: Enabled xstate features 0x2e7, context size is 2440 bytes, using 'compacted' format.
[    0.000000] BIOS-provided physical RAM map:
[    0.000000] BIOS-e820: [mem 0x0000000000000000-0x000000000008efff] usable
[    0.000000] BIOS-e820: [mem 0x000000000008f000-0x000000000008ffff] reserved
[    0.000000] BIOS-e820: [mem 0x0000000000090000-0x000000000009ffff] usable
[    0.000000] BIOS-e820: [mem 0x00000000000a0000-0x00000000000fffff] reserved
[    0.000000] BIOS-e820: [mem 0x0000000000100000-0x0000000049e76fff] usable
[    0.000000] BIOS-e820: [mem 0x0000000049e77000-0x000000004ae76fff] ACPI NVS
[    0.000000] BIOS-e820: [mem 0x000000004ae77000-0x000000004b2cefff] usable
[    0.000000] BIOS-e820: [mem 0x000000004b2cf000-0x000000004b54dfff] ACPI data
[    0.000000] BIOS-e820: [mem 0x000000004b54e000-0x000000004bd93fff] usable
[    0.000000] BIOS-e820: [mem 0x000000004bd94000-0x000000004be99fff] reserved
[    0.000000] BIOS-e820: [mem 0x000000004be9a000-0x000000004cdfffff] usable
[    0.000000] BIOS-e820: [mem 0x000000004ce00000-0x000000004cffffff] reserved
[    0.000000] BIOS-e820: [mem 0x000000004d000000-0x000000005eefdfff] usable
[    0.000000] BIOS-e820: [mem 0x000000005eefe000-0x000000006e3fefff] reserved
[    0.000000] BIOS-e820: [mem 0x000000006e3ff000-0x000000006f3fefff] ACPI NVS
[    0.000000] BIOS-e820: [mem 0x000000006f3ff000-0x000000006f7fefff] ACPI data
[    0.000000] BIOS-e820: [mem 0x000000006f7ff000-0x000000006f7fffff] usable
[    0.000000] BIOS-e820: [mem 0x000000006f800000-0x000000008fffffff] reserved
[    0.000000] BIOS-e820: [mem 0x00000000fe000000-0x00000000fe010fff] reserved
[    0.000000] BIOS-e820: [mem 0x0000000100000000-0x000000207fffffff] usable
[    0.000000] BIOS-e820: [mem 0x0000002080000000-0x0000011c7fffffff] persistent (type 7)
[    0.000000] BIOS-e820: [mem 0x00001ffc00000000-0x00001fffffffffff] reserved
[    0.000000] NX (Execute Disable) protection: active
[    0.000000] e820: update [mem 0x47c65020-0x47c6d05f] usable ==> usable
[    0.000000] e820: update [mem 0x47c65020-0x47c6d05f] usable ==> usable
[    0.000000] e820: update [mem 0x47c32020-0x47c64c5f] usable ==> usable
[    0.000000] e820: update [mem 0x47c32020-0x47c64c5f] usable ==> usable
[    0.000000] e820: update [mem 0x47bff020-0x47c31c5f] usable ==> usable
[    0.000000] e820: update [mem 0x47bff020-0x47c31c5f] usable ==> usable
[    0.000000] e820: update [mem 0x47bcd020-0x47bfea5f] usable ==> usable
[    0.000000] e820: update [mem 0x47bcd020-0x47bfea5f] usable ==> usable
[    0.000000] extended physical RAM map:
[    0.000000] reserve setup_data: [mem 0x0000000000000000-0x000000000008efff] usable
[    0.000000] reserve setup_data: [mem 0x000000000008f000-0x000000000008ffff] reserved
[    0.000000] reserve setup_data: [mem 0x0000000000090000-0x000000000009ffff] usable
[    0.000000] reserve setup_data: [mem 0x00000000000a0000-0x00000000000fffff] reserved
[    0.000000] reserve setup_data: [mem 0x0000000000100000-0x0000000047bcd01f] usable
[    0.000000] reserve setup_data: [mem 0x0000000047bcd020-0x0000000047bfea5f] usable
[    0.000000] reserve setup_data: [mem 0x0000000047bfea60-0x0000000047bff01f] usable
[    0.000000] reserve setup_data: [mem 0x0000000047bff020-0x0000000047c31c5f] usable
[    0.000000] reserve setup_data: [mem 0x0000000047c31c60-0x0000000047c3201f] usable
[    0.000000] reserve setup_data: [mem 0x0000000047c32020-0x0000000047c64c5f] usable
[    0.000000] reserve setup_data: [mem 0x0000000047c64c60-0x0000000047c6501f] usable
[    0.000000] reserve setup_data: [mem 0x0000000047c65020-0x0000000047c6d05f] usable
[    0.000000] reserve setup_data: [mem 0x0000000047c6d060-0x0000000049e76fff] usable
[    0.000000] reserve setup_data: [mem 0x0000000049e77000-0x000000004ae76fff] ACPI NVS
[    0.000000] reserve setup_data: [mem 0x000000004ae77000-0x000000004b2cefff] usable
[    0.000000] reserve setup_data: [mem 0x000000004b2cf000-0x000000004b54dfff] ACPI data
[    0.000000] reserve setup_data: [mem 0x000000004b54e000-0x000000004bd93fff] usable
[    0.000000] reserve setup_data: [mem 0x000000004bd94000-0x000000004be99fff] reserved
[    0.000000] reserve setup_data: [mem 0x000000004be9a000-0x000000004cdfffff] usable
[    0.000000] reserve setup_data: [mem 0x000000004ce00000-0x000000004cffffff] reserved
[    0.000000] reserve setup_data: [mem 0x000000004d000000-0x000000005eefdfff] usable
[    0.000000] reserve setup_data: [mem 0x000000005eefe000-0x000000006e3fefff] reserved
[    0.000000] reserve setup_data: [mem 0x000000006e3ff000-0x000000006f3fefff] ACPI NVS
[    0.000000] reserve setup_data: [mem 0x000000006f3ff000-0x000000006f7fefff] ACPI data
[    0.000000] reserve setup_data: [mem 0x000000006f7ff000-0x000000006f7fffff] usable
[    0.000000] reserve setup_data: [mem 0x000000006f800000-0x000000008fffffff] reserved
[    0.000000] reserve setup_data: [mem 0x00000000fe000000-0x00000000fe010fff] reserved
[    0.000000] reserve setup_data: [mem 0x0000000100000000-0x0000000cc43fffff] persistent (type 12)
[    0.000000] reserve setup_data: [mem 0x0000000cc4400000-0x0000000fffffffff] usable
[    0.000000] reserve setup_data: [mem 0x0000001000000000-0x0000001ebfffffff] persistent (type 12)
[    0.000000] reserve setup_data: [mem 0x0000001ec0000000-0x000000207fffffff] usable
[    0.000000] reserve setup_data: [mem 0x0000002080000000-0x0000011c7fffffff] persistent (type 7)
[    0.000000] reserve setup_data: [mem 0x00001ffc00000000-0x00001fffffffffff] reserved
[    0.000000] user-defined physical RAM map:
[    0.000000] user: [mem 0x0000000000000000-0x000000000008efff] usable
[    0.000000] user: [mem 0x000000000008f000-0x000000000008ffff] reserved
[    0.000000] user: [mem 0x0000000000090000-0x000000000009ffff] usable
[    0.000000] user: [mem 0x00000000000a0000-0x00000000000fffff] reserved
[    0.000000] user: [mem 0x0000000000100000-0x0000000047bcd01f] usable
[    0.000000] user: [mem 0x0000000047bcd020-0x0000000047bfea5f] usable
[    0.000000] user: [mem 0x0000000047bfea60-0x0000000047bff01f] usable
[    0.000000] user: [mem 0x0000000047bff020-0x0000000047c31c5f] usable
[    0.000000] user: [mem 0x0000000047c31c60-0x0000000047c3201f] usable
[    0.000000] user: [mem 0x0000000047c32020-0x0000000047c64c5f] usable
[    0.000000] user: [mem 0x0000000047c64c60-0x0000000047c6501f] usable
[    0.000000] user: [mem 0x0000000047c65020-0x0000000047c6d05f] usable
[    0.000000] user: [mem 0x0000000047c6d060-0x0000000049e76fff] usable
[    0.000000] user: [mem 0x0000000049e77000-0x000000004ae76fff] ACPI NVS
[    0.000000] user: [mem 0x000000004ae77000-0x000000004b2cefff] usable
[    0.000000] user: [mem 0x000000004b2cf000-0x000000004b54dfff] ACPI data
[    0.000000] user: [mem 0x000000004b54e000-0x000000004bd93fff] usable
[    0.000000] user: [mem 0x000000004bd94000-0x000000004be99fff] reserved
[    0.000000] user: [mem 0x000000004be9a000-0x000000004cdfffff] usable
[    0.000000] user: [mem 0x000000004ce00000-0x000000004cffffff] reserved
[    0.000000] user: [mem 0x000000004d000000-0x000000005eefdfff] usable
[    0.000000] user: [mem 0x000000005eefe000-0x000000006e3fefff] reserved
[    0.000000] user: [mem 0x000000006e3ff000-0x000000006f3fefff] ACPI NVS
[    0.000000] user: [mem 0x000000006f3ff000-0x000000006f7fefff] ACPI data
[    0.000000] user: [mem 0x000000006f7ff000-0x000000006f7fffff] usable
[    0.000000] user: [mem 0x000000006f800000-0x000000008fffffff] reserved
[    0.000000] user: [mem 0x00000000fe000000-0x00000000fe010fff] reserved
[    0.000000] user: [mem 0x0000000100000000-0x0000000cc43fffff] persistent (type 12)
[    0.000000] user: [mem 0x0000000cc4400000-0x0000000fffffffff] usable
[    0.000000] user: [mem 0x0000001000000000-0x0000001ebfffffff] persistent (type 12)
[    0.000000] user: [mem 0x0000001ec0000000-0x000000207fffffff] usable
[    0.000000] user: [mem 0x0000002080000000-0x0000011c7fffffff] persistent (type 7)
[    0.000000] user: [mem 0x00001ffc00000000-0x00001fffffffffff] reserved
[    0.000000] efi: EFI v2.70 by Dell Inc.
[    0.000000] efi:  ACPI=0x6f7fe000  ACPI 2.0=0x6f7fe014  MEMATTR=0x5a1f8020  SMBIOS=0x69526000  SMBIOS 3.0=0x69524000 
[    0.000000] SMBIOS 3.3.0 present.
[    0.000000] DMI: Dell Inc. PowerEdge R750/0K8F35, BIOS 1.10.2 03/03/2023
[    0.000000] tsc: Detected 2000.000 MHz processor
[    0.000009] e820: update [mem 0x00000000-0x00000fff] usable ==> reserved
[    0.000011] e820: remove [mem 0x000a0000-0x000fffff] usable
[    0.000018] last_pfn = 0x2080000 max_arch_pfn = 0x400000000
[    0.000022] MTRR default type: uncachable
[    0.000023] MTRR fixed ranges enabled:
[    0.000024]   00000-9FFFF write-back
[    0.000024]   A0000-BFFFF uncachable
[    0.000025]   C0000-FFFFF write-protect
[    0.000025] MTRR variable ranges enabled:
[    0.000027]   0 base 000000000000 mask 3E0000000000 write-back
[    0.000028]   1 base 000080000000 mask 3FFF80000000 uncachable
[    0.000028]   2 base 00007F000000 mask 3FFFFF000000 uncachable
[    0.000029]   3 disabled
[    0.000029]   4 disabled
[    0.000029]   5 disabled
[    0.000030]   6 disabled
[    0.000030]   7 disabled
[    0.000030]   8 disabled
[    0.000031]   9 disabled
[    0.000891] x86/PAT: Configuration [0-7]: WB  WC  UC- UC  WB  WP  UC- WT  
[    0.001995] total RAM covered: 2095088M
[    0.002081]  gran_size: 64K 	chunk_size: 64K 	num_reg: 10  	lose cover RAM: 2016G
[    0.002082]  gran_size: 64K 	chunk_size: 128K 	num_reg: 10  	lose cover RAM: 2016G
[    0.002083]  gran_size: 64K 	chunk_size: 256K 	num_reg: 10  	lose cover RAM: 2016G
[    0.002084]  gran_size: 64K 	chunk_size: 512K 	num_reg: 10  	lose cover RAM: 2016G
[    0.002084]  gran_size: 64K 	chunk_size: 1M 	num_reg: 10  	lose cover RAM: 2016G
[    0.002085]  gran_size: 64K 	chunk_size: 2M 	num_reg: 10  	lose cover RAM: 2016G
[    0.002086]  gran_size: 64K 	chunk_size: 4M 	num_reg: 10  	lose cover RAM: 2016G
[    0.002087]  gran_size: 64K 	chunk_size: 8M 	num_reg: 10  	lose cover RAM: 2016G
[    0.002087]  gran_size: 64K 	chunk_size: 16M 	num_reg: 10  	lose cover RAM: 2016G
[    0.002088]  gran_size: 64K 	chunk_size: 32M 	num_reg: 10  	lose cover RAM: 1024G
[    0.002089]  gran_size: 64K 	chunk_size: 64M 	num_reg: 10  	lose cover RAM: 1024G
[    0.002089]  gran_size: 64K 	chunk_size: 128M 	num_reg: 10  	lose cover RAM: 1024G
[    0.002090]  gran_size: 64K 	chunk_size: 256M 	num_reg: 10  	lose cover RAM: 1024G
[    0.002091]  gran_size: 64K 	chunk_size: 512M 	num_reg: 10  	lose cover RAM: 1024G
[    0.002091]  gran_size: 64K 	chunk_size: 1G 	num_reg: 10  	lose cover RAM: 1024G
[    0.002092]  gran_size: 64K 	chunk_size: 2G 	num_reg: 10  	lose cover RAM: 1024G
[    0.002093]  gran_size: 128K 	chunk_size: 128K 	num_reg: 10  	lose cover RAM: 2016G
[    0.002094]  gran_size: 128K 	chunk_size: 256K 	num_reg: 10  	lose cover RAM: 2016G
[    0.002094]  gran_size: 128K 	chunk_size: 512K 	num_reg: 10  	lose cover RAM: 2016G
[    0.002095]  gran_size: 128K 	chunk_size: 1M 	num_reg: 10  	lose cover RAM: 2016G
[    0.002096]  gran_size: 128K 	chunk_size: 2M 	num_reg: 10  	lose cover RAM: 2016G
[    0.002096]  gran_size: 128K 	chunk_size: 4M 	num_reg: 10  	lose cover RAM: 2016G
[    0.002097]  gran_size: 128K 	chunk_size: 8M 	num_reg: 10  	lose cover RAM: 2016G
[    0.002098]  gran_size: 128K 	chunk_size: 16M 	num_reg: 10  	lose cover RAM: 2016G
[    0.002098]  gran_size: 128K 	chunk_size: 32M 	num_reg: 10  	lose cover RAM: 1024G
[    0.002099]  gran_size: 128K 	chunk_size: 64M 	num_reg: 10  	lose cover RAM: 1024G
[    0.002100]  gran_size: 128K 	chunk_size: 128M 	num_reg: 10  	lose cover RAM: 1024G
[    0.002100]  gran_size: 128K 	chunk_size: 256M 	num_reg: 10  	lose cover RAM: 1024G
[    0.002101]  gran_size: 128K 	chunk_size: 512M 	num_reg: 10  	lose cover RAM: 1024G
[    0.002102]  gran_size: 128K 	chunk_size: 1G 	num_reg: 10  	lose cover RAM: 1024G
[    0.002102]  gran_size: 128K 	chunk_size: 2G 	num_reg: 10  	lose cover RAM: 1024G
[    0.002103]  gran_size: 256K 	chunk_size: 256K 	num_reg: 10  	lose cover RAM: 2016G
[    0.002104]  gran_size: 256K 	chunk_size: 512K 	num_reg: 10  	lose cover RAM: 2016G
[    0.002104]  gran_size: 256K 	chunk_size: 1M 	num_reg: 10  	lose cover RAM: 2016G
[    0.002105]  gran_size: 256K 	chunk_size: 2M 	num_reg: 10  	lose cover RAM: 2016G
[    0.002106]  gran_size: 256K 	chunk_size: 4M 	num_reg: 10  	lose cover RAM: 2016G
[    0.002106]  gran_size: 256K 	chunk_size: 8M 	num_reg: 10  	lose cover RAM: 2016G
[    0.002107]  gran_size: 256K 	chunk_size: 16M 	num_reg: 10  	lose cover RAM: 2016G
[    0.002108]  gran_size: 256K 	chunk_size: 32M 	num_reg: 10  	lose cover RAM: 1024G
[    0.002109]  gran_size: 256K 	chunk_size: 64M 	num_reg: 10  	lose cover RAM: 1024G
[    0.002109]  gran_size: 256K 	chunk_size: 128M 	num_reg: 10  	lose cover RAM: 1024G
[    0.002110]  gran_size: 256K 	chunk_size: 256M 	num_reg: 10  	lose cover RAM: 1024G
[    0.002111]  gran_size: 256K 	chunk_size: 512M 	num_reg: 10  	lose cover RAM: 1024G
[    0.002111]  gran_size: 256K 	chunk_size: 1G 	num_reg: 10  	lose cover RAM: 1024G
[    0.002112]  gran_size: 256K 	chunk_size: 2G 	num_reg: 10  	lose cover RAM: 1024G
[    0.002113]  gran_size: 512K 	chunk_size: 512K 	num_reg: 10  	lose cover RAM: 2016G
[    0.002113]  gran_size: 512K 	chunk_size: 1M 	num_reg: 10  	lose cover RAM: 2016G
[    0.002114]  gran_size: 512K 	chunk_size: 2M 	num_reg: 10  	lose cover RAM: 2016G
[    0.002115]  gran_size: 512K 	chunk_size: 4M 	num_reg: 10  	lose cover RAM: 2016G
[    0.002115]  gran_size: 512K 	chunk_size: 8M 	num_reg: 10  	lose cover RAM: 2016G
[    0.002116]  gran_size: 512K 	chunk_size: 16M 	num_reg: 10  	lose cover RAM: 2016G
[    0.002117]  gran_size: 512K 	chunk_size: 32M 	num_reg: 10  	lose cover RAM: 1024G
[    0.002117]  gran_size: 512K 	chunk_size: 64M 	num_reg: 10  	lose cover RAM: 1024G
[    0.002118]  gran_size: 512K 	chunk_size: 128M 	num_reg: 10  	lose cover RAM: 1024G
[    0.002119]  gran_size: 512K 	chunk_size: 256M 	num_reg: 10  	lose cover RAM: 1024G
[    0.002120]  gran_size: 512K 	chunk_size: 512M 	num_reg: 10  	lose cover RAM: 1024G
[    0.002120]  gran_size: 512K 	chunk_size: 1G 	num_reg: 10  	lose cover RAM: 1024G
[    0.002121]  gran_size: 512K 	chunk_size: 2G 	num_reg: 10  	lose cover RAM: 1024G
[    0.002122]  gran_size: 1M 	chunk_size: 1M 	num_reg: 10  	lose cover RAM: 2016G
[    0.002122]  gran_size: 1M 	chunk_size: 2M 	num_reg: 10  	lose cover RAM: 2016G
[    0.002123]  gran_size: 1M 	chunk_size: 4M 	num_reg: 10  	lose cover RAM: 2016G
[    0.002124]  gran_size: 1M 	chunk_size: 8M 	num_reg: 10  	lose cover RAM: 2016G
[    0.002124]  gran_size: 1M 	chunk_size: 16M 	num_reg: 10  	lose cover RAM: 2016G
[    0.002125]  gran_size: 1M 	chunk_size: 32M 	num_reg: 10  	lose cover RAM: 1024G
[    0.002126]  gran_size: 1M 	chunk_size: 64M 	num_reg: 10  	lose cover RAM: 1024G
[    0.002126]  gran_size: 1M 	chunk_size: 128M 	num_reg: 10  	lose cover RAM: 1024G
[    0.002127]  gran_size: 1M 	chunk_size: 256M 	num_reg: 10  	lose cover RAM: 1024G
[    0.002128]  gran_size: 1M 	chunk_size: 512M 	num_reg: 10  	lose cover RAM: 1024G
[    0.002128]  gran_size: 1M 	chunk_size: 1G 	num_reg: 10  	lose cover RAM: 1024G
[    0.002129]  gran_size: 1M 	chunk_size: 2G 	num_reg: 10  	lose cover RAM: 1024G
[    0.002130]  gran_size: 2M 	chunk_size: 2M 	num_reg: 10  	lose cover RAM: 2016G
[    0.002130]  gran_size: 2M 	chunk_size: 4M 	num_reg: 10  	lose cover RAM: 2016G
[    0.002131]  gran_size: 2M 	chunk_size: 8M 	num_reg: 10  	lose cover RAM: 2016G
[    0.002132]  gran_size: 2M 	chunk_size: 16M 	num_reg: 10  	lose cover RAM: 2016G
[    0.002132]  gran_size: 2M 	chunk_size: 32M 	num_reg: 10  	lose cover RAM: 1024G
[    0.002133]  gran_size: 2M 	chunk_size: 64M 	num_reg: 10  	lose cover RAM: 1024G
[    0.002134]  gran_size: 2M 	chunk_size: 128M 	num_reg: 10  	lose cover RAM: 1024G
[    0.002134]  gran_size: 2M 	chunk_size: 256M 	num_reg: 10  	lose cover RAM: 1024G
[    0.002135]  gran_size: 2M 	chunk_size: 512M 	num_reg: 10  	lose cover RAM: 1024G
[    0.002136]  gran_size: 2M 	chunk_size: 1G 	num_reg: 10  	lose cover RAM: 1024G
[    0.002136]  gran_size: 2M 	chunk_size: 2G 	num_reg: 10  	lose cover RAM: 1024G
[    0.002137]  gran_size: 4M 	chunk_size: 4M 	num_reg: 10  	lose cover RAM: 2016G
[    0.002138]  gran_size: 4M 	chunk_size: 8M 	num_reg: 10  	lose cover RAM: 2016G
[    0.002138]  gran_size: 4M 	chunk_size: 16M 	num_reg: 10  	lose cover RAM: 2016G
[    0.002139]  gran_size: 4M 	chunk_size: 32M 	num_reg: 10  	lose cover RAM: 1024G
[    0.002140]  gran_size: 4M 	chunk_size: 64M 	num_reg: 10  	lose cover RAM: 1024G
[    0.002141]  gran_size: 4M 	chunk_size: 128M 	num_reg: 10  	lose cover RAM: 1024G
[    0.002141]  gran_size: 4M 	chunk_size: 256M 	num_reg: 10  	lose cover RAM: 1024G
[    0.002142]  gran_size: 4M 	chunk_size: 512M 	num_reg: 10  	lose cover RAM: 1024G
[    0.002143]  gran_size: 4M 	chunk_size: 1G 	num_reg: 10  	lose cover RAM: 1024G
[    0.002143]  gran_size: 4M 	chunk_size: 2G 	num_reg: 10  	lose cover RAM: 1024G
[    0.002144]  gran_size: 8M 	chunk_size: 8M 	num_reg: 10  	lose cover RAM: 2016G
[    0.002145]  gran_size: 8M 	chunk_size: 16M 	num_reg: 10  	lose cover RAM: 2016G
[    0.002145]  gran_size: 8M 	chunk_size: 32M 	num_reg: 10  	lose cover RAM: 1024G
[    0.002146]  gran_size: 8M 	chunk_size: 64M 	num_reg: 10  	lose cover RAM: 1024G
[    0.002147]  gran_size: 8M 	chunk_size: 128M 	num_reg: 10  	lose cover RAM: 1024G
[    0.002147]  gran_size: 8M 	chunk_size: 256M 	num_reg: 10  	lose cover RAM: 1024G
[    0.002148]  gran_size: 8M 	chunk_size: 512M 	num_reg: 10  	lose cover RAM: 1024G
[    0.002149]  gran_size: 8M 	chunk_size: 1G 	num_reg: 10  	lose cover RAM: 1024G
[    0.002149]  gran_size: 8M 	chunk_size: 2G 	num_reg: 10  	lose cover RAM: 1024G
[    0.002150]  gran_size: 16M 	chunk_size: 16M 	num_reg: 10  	lose cover RAM: 2016G
[    0.002151]  gran_size: 16M 	chunk_size: 32M 	num_reg: 10  	lose cover RAM: 1024G
[    0.002151]  gran_size: 16M 	chunk_size: 64M 	num_reg: 10  	lose cover RAM: 1024G
[    0.002152]  gran_size: 16M 	chunk_size: 128M 	num_reg: 10  	lose cover RAM: 1024G
[    0.002153]  gran_size: 16M 	chunk_size: 256M 	num_reg: 10  	lose cover RAM: 1024G
[    0.002153]  gran_size: 16M 	chunk_size: 512M 	num_reg: 10  	lose cover RAM: 1024G
[    0.002154]  gran_size: 16M 	chunk_size: 1G 	num_reg: 10  	lose cover RAM: 1024G
[    0.002155]  gran_size: 16M 	chunk_size: 2G 	num_reg: 10  	lose cover RAM: 1024G
[    0.002155]  gran_size: 32M 	chunk_size: 32M 	num_reg: 10  	lose cover RAM: 2031632M
[    0.002156]  gran_size: 32M 	chunk_size: 64M 	num_reg: 10  	lose cover RAM: 1048592M
[    0.002157]  gran_size: 32M 	chunk_size: 128M 	num_reg: 10  	lose cover RAM: 1048592M
[    0.002158]  gran_size: 32M 	chunk_size: 256M 	num_reg: 10  	lose cover RAM: 1048592M
[    0.002158]  gran_size: 32M 	chunk_size: 512M 	num_reg: 10  	lose cover RAM: 1048592M
[    0.002159]  gran_size: 32M 	chunk_size: 1G 	num_reg: 10  	lose cover RAM: 1048592M
[    0.002160]  gran_size: 32M 	chunk_size: 2G 	num_reg: 10  	lose cover RAM: 1048592M
[    0.002160]  gran_size: 64M 	chunk_size: 64M 	num_reg: 10  	lose cover RAM: 1966128M
[    0.002161]  gran_size: 64M 	chunk_size: 128M 	num_reg: 10  	lose cover RAM: 1048624M
[    0.002162]  gran_size: 64M 	chunk_size: 256M 	num_reg: 10  	lose cover RAM: 1048624M
[    0.002162]  gran_size: 64M 	chunk_size: 512M 	num_reg: 10  	lose cover RAM: 1048624M
[    0.002163]  gran_size: 64M 	chunk_size: 1G 	num_reg: 10  	lose cover RAM: 1048624M
[    0.002164]  gran_size: 64M 	chunk_size: 2G 	num_reg: 10  	lose cover RAM: 1048624M
[    0.002164]  gran_size: 128M 	chunk_size: 128M 	num_reg: 10  	lose cover RAM: 1835120M
[    0.002165]  gran_size: 128M 	chunk_size: 256M 	num_reg: 10  	lose cover RAM: 1048688M
[    0.002166]  gran_size: 128M 	chunk_size: 512M 	num_reg: 10  	lose cover RAM: 1048688M
[    0.002166]  gran_size: 128M 	chunk_size: 1G 	num_reg: 10  	lose cover RAM: 1048688M
[    0.002167]  gran_size: 128M 	chunk_size: 2G 	num_reg: 10  	lose cover RAM: 1048688M
[    0.002168]  gran_size: 256M 	chunk_size: 256M 	num_reg: 10  	lose cover RAM: 1573104M
[    0.002168]  gran_size: 256M 	chunk_size: 512M 	num_reg: 10  	lose cover RAM: 1048816M
[    0.002169]  gran_size: 256M 	chunk_size: 1G 	num_reg: 10  	lose cover RAM: 1048816M
[    0.002170]  gran_size: 256M 	chunk_size: 2G 	num_reg: 10  	lose cover RAM: 1048816M
[    0.002171]  gran_size: 512M 	chunk_size: 512M 	num_reg: 10  	lose cover RAM: 1049072M
[    0.002171]  gran_size: 512M 	chunk_size: 1G 	num_reg: 10  	lose cover RAM: 1049072M
[    0.002172]  gran_size: 512M 	chunk_size: 2G 	num_reg: 10  	lose cover RAM: 1049072M
[    0.002173]  gran_size: 1G 	chunk_size: 1G 	num_reg: 10  	lose cover RAM: 1008M
[    0.002173]  gran_size: 1G 	chunk_size: 2G 	num_reg: 10  	lose cover RAM: 1008M
[    0.002174]  gran_size: 2G 	chunk_size: 2G 	num_reg: 9  	lose cover RAM: 2032M
[    0.002175] mtrr_cleanup: can not find optimal value
[    0.002175] please specify mtrr_gran_size/mtrr_chunk_size
[    0.002178] e820: update [mem 0x7f000000-0xffffffff] usable ==> reserved
[    0.002180] x2apic: enabled by BIOS, switching to x2apic ops
[    0.002181] last_pfn = 0x6f800 max_arch_pfn = 0x400000000
[    0.013586] check: Scanning 1 areas for low memory corruption
[    0.013591] Using GB pages for direct mapping
[    0.013592] BRK [0x1f37a01000, 0x1f37a01fff] PGTABLE
[    0.013594] BRK [0x1f37a02000, 0x1f37a02fff] PGTABLE
[    0.013594] BRK [0x1f37a03000, 0x1f37a03fff] PGTABLE
[    0.013637] BRK [0x1f37a04000, 0x1f37a04fff] PGTABLE
[    0.013728] BRK [0x1f37a05000, 0x1f37a05fff] PGTABLE
[    0.013789] BRK [0x1f37a06000, 0x1f37a06fff] PGTABLE
[    0.013896] BRK [0x1f37a07000, 0x1f37a07fff] PGTABLE
[    0.014015] BRK [0x1f37a08000, 0x1f37a08fff] PGTABLE
[    0.014111] BRK [0x1f37a09000, 0x1f37a09fff] PGTABLE
[    0.014228] BRK [0x1f37a0a000, 0x1f37a0afff] PGTABLE
[    0.014304] BRK [0x1f37a0b000, 0x1f37a0bfff] PGTABLE
[    0.014477] BRK [0x1f37a0c000, 0x1f37a0cfff] PGTABLE
[    0.014674] Secure boot disabled
[    0.014674] RAMDISK: [mem 0x2065920000-0x207fffffff]
[    0.014681] ACPI: Early table checksum verification disabled
[    0.014683] ACPI: RSDP 0x000000006F7FE014 000024 (v02 DELL  )
[    0.014686] ACPI: XSDT 0x000000006F41C188 0000F4 (v01 DELL   PE_SC3   00000000 DELL 01000013)
[    0.014691] ACPI: FACP 0x000000006F430000 000114 (v06 DELL   PE_SC3   00000000 DELL 00000001)
[    0.014695] ACPI: DSDT 0x000000004B4CE000 07FAD3 (v02 DELL   PE_SC3   00000003 DELL 00000001)
[    0.014698] ACPI: FACS 0x000000006F2F2000 000040
[    0.014700] ACPI: SSDT 0x000000006F7FB000 00159A (v02 INTEL  RAS_ACPI 00000001 INTL 20210331)
[    0.014703] ACPI: SSDT 0x000000006F7FA000 000745 (v02 INTEL  ADDRXLAT 00000001 INTL 20210331)
[    0.014706] ACPI: MCEJ 0x000000006F7F9000 000130 (v01 INTEL           00000001 INTL 0100000D)
[    0.014708] ACPI: BERT 0x000000006F7F8000 000030 (v01 DELL   PE_SC3   00000001 INTL 00000001)
[    0.014711] ACPI: ERST 0x000000006F7F7000 000230 (v01 DELL   PE_SC3   00000001 INTL 00000001)
[    0.014713] ACPI: SSDT 0x000000006F431000 3C524E (v02 INTEL  SSDTNVDR 00001000 INTL 20210331)
[    0.014716] ACPI: HMAT 0x000000006F42F000 000210 (v01 DELL   PE_SC3   00000001 DELL 00000001)
[    0.014719] ACPI: HPET 0x000000006F42E000 000038 (v01 DELL   PE_SC3   00000001 DELL 00000001)
[    0.014721] ACPI: MCFG 0x000000006F42D000 00003C (v01 DELL   PE_SC3   00000001 DELL 00000001)
[    0.014724] ACPI: MIGT 0x000000006F42C000 000040 (v01 DELL   PE_SC3   00000000 DELL 00000001)
[    0.014727] ACPI: MSCT 0x000000006F42B000 000090 (v01 DELL   PE_SC3   00000001 DELL 00000001)
[    0.014729] ACPI: PMTT 0x000000006F429000 0011E8 (v02 DELL   PE_SC3   00000001 DELL 00000001)
[    0.014732] ACPI: WSMT 0x000000006F428000 000028 (v01 DELL   PE_SC3   00000000 DELL 00000001)
[    0.014734] ACPI: APIC 0x000000006F427000 00075E (v04 DELL   PE_SC3   00000000 DELL 00000001)
[    0.014737] ACPI: SLIT 0x000000006F426000 00003C (v01 DELL   PE_SC3   00000001 DELL 01000013)
[    0.014739] ACPI: SRAT 0x000000006F41F000 006430 (v03 DELL   PE_SC3   00000002 DELL 01000013)
[    0.014742] ACPI: OEM4 0x000000004B346000 187A61 (v02 INTEL  CPU  CST 00003000 INTL 20210331)
[    0.014744] ACPI: SSDT 0x000000004B2CF000 0764A5 (v02 INTEL  SSDT  PM 00004000 INTL 20210331)
[    0.014747] ACPI: SSDT 0x000000006F41E000 000A1F (v02 DELL   PE_SC3   00000000 DELL 00000001)
[    0.014750] ACPI: HEST 0x000000006F41D000 00017C (v01 DELL   PE_SC3   00000001 INTL 00000001)
[    0.014752] ACPI: PCAT 0x000000006F41B000 00010C (v19 DELL   PE_SC3   00000002 DELL 00000001)
[    0.014755] ACPI: SSDT 0x000000006F413000 007299 (v02 INTEL  SpsNm    00000002 INTL 20210331)
[    0.014758] ACPI: SSDT 0x000000006F412000 000426 (v02 DELL   PE_SC3   00000002 DELL 00000001)
[    0.014760] ACPI: NFIT 0x000000006F7FD000 000488 (v01 DELL   PE_SC3   00000002 DELL 00000001)
[    0.014763] ACPI: DMAR 0x000000006F411000 000158 (v01 DELL   PE_SC3   00000001 DELL 00000001)
[    0.014770] ACPI: Local APIC address 0xfee00000
[    0.014772] Setting APIC routing to cluster x2apic.
[    0.014818] SRAT: PXM 0 -> APIC 0x0000 -> Node 0
[    0.014819] SRAT: PXM 0 -> APIC 0x0001 -> Node 0
[    0.014819] SRAT: PXM 0 -> APIC 0x0002 -> Node 0
[    0.014819] SRAT: PXM 0 -> APIC 0x0003 -> Node 0
[    0.014820] SRAT: PXM 0 -> APIC 0x0004 -> Node 0
[    0.014820] SRAT: PXM 0 -> APIC 0x0005 -> Node 0
[    0.014821] SRAT: PXM 0 -> APIC 0x0006 -> Node 0
[    0.014821] SRAT: PXM 0 -> APIC 0x0007 -> Node 0
[    0.014822] SRAT: PXM 0 -> APIC 0x0008 -> Node 0
[    0.014822] SRAT: PXM 0 -> APIC 0x0009 -> Node 0
[    0.014822] SRAT: PXM 0 -> APIC 0x000a -> Node 0
[    0.014823] SRAT: PXM 0 -> APIC 0x000b -> Node 0
[    0.014823] SRAT: PXM 0 -> APIC 0x000c -> Node 0
[    0.014824] SRAT: PXM 0 -> APIC 0x000d -> Node 0
[    0.014824] SRAT: PXM 0 -> APIC 0x000e -> Node 0
[    0.014824] SRAT: PXM 0 -> APIC 0x000f -> Node 0
[    0.014825] SRAT: PXM 0 -> APIC 0x0010 -> Node 0
[    0.014825] SRAT: PXM 0 -> APIC 0x0011 -> Node 0
[    0.014826] SRAT: PXM 0 -> APIC 0x0012 -> Node 0
[    0.014826] SRAT: PXM 0 -> APIC 0x0013 -> Node 0
[    0.014827] SRAT: PXM 0 -> APIC 0x0014 -> Node 0
[    0.014827] SRAT: PXM 0 -> APIC 0x0015 -> Node 0
[    0.014827] SRAT: PXM 0 -> APIC 0x0016 -> Node 0
[    0.014828] SRAT: PXM 0 -> APIC 0x0017 -> Node 0
[    0.014828] SRAT: PXM 0 -> APIC 0x0018 -> Node 0
[    0.014829] SRAT: PXM 0 -> APIC 0x0019 -> Node 0
[    0.014829] SRAT: PXM 0 -> APIC 0x001a -> Node 0
[    0.014829] SRAT: PXM 0 -> APIC 0x001b -> Node 0
[    0.014830] SRAT: PXM 0 -> APIC 0x001c -> Node 0
[    0.014830] SRAT: PXM 0 -> APIC 0x001d -> Node 0
[    0.014831] SRAT: PXM 0 -> APIC 0x001e -> Node 0
[    0.014831] SRAT: PXM 0 -> APIC 0x001f -> Node 0
[    0.014831] SRAT: PXM 0 -> APIC 0x0020 -> Node 0
[    0.014832] SRAT: PXM 0 -> APIC 0x0021 -> Node 0
[    0.014832] SRAT: PXM 0 -> APIC 0x0022 -> Node 0
[    0.014833] SRAT: PXM 0 -> APIC 0x0023 -> Node 0
[    0.014833] SRAT: PXM 0 -> APIC 0x0024 -> Node 0
[    0.014834] SRAT: PXM 0 -> APIC 0x0025 -> Node 0
[    0.014834] SRAT: PXM 0 -> APIC 0x0026 -> Node 0
[    0.014834] SRAT: PXM 0 -> APIC 0x0027 -> Node 0
[    0.014835] SRAT: PXM 0 -> APIC 0x0028 -> Node 0
[    0.014835] SRAT: PXM 0 -> APIC 0x0029 -> Node 0
[    0.014836] SRAT: PXM 0 -> APIC 0x002a -> Node 0
[    0.014836] SRAT: PXM 0 -> APIC 0x002b -> Node 0
[    0.014836] SRAT: PXM 0 -> APIC 0x002c -> Node 0
[    0.014837] SRAT: PXM 0 -> APIC 0x002d -> Node 0
[    0.014837] SRAT: PXM 0 -> APIC 0x002e -> Node 0
[    0.014838] SRAT: PXM 0 -> APIC 0x002f -> Node 0
[    0.014838] SRAT: PXM 0 -> APIC 0x0030 -> Node 0
[    0.014838] SRAT: PXM 0 -> APIC 0x0031 -> Node 0
[    0.014839] SRAT: PXM 0 -> APIC 0x0032 -> Node 0
[    0.014839] SRAT: PXM 0 -> APIC 0x0033 -> Node 0
[    0.014840] SRAT: PXM 0 -> APIC 0x0034 -> Node 0
[    0.014840] SRAT: PXM 0 -> APIC 0x0035 -> Node 0
[    0.014841] SRAT: PXM 0 -> APIC 0x0036 -> Node 0
[    0.014841] SRAT: PXM 0 -> APIC 0x0037 -> Node 0
[    0.014841] SRAT: PXM 1 -> APIC 0x0080 -> Node 1
[    0.014842] SRAT: PXM 1 -> APIC 0x0081 -> Node 1
[    0.014842] SRAT: PXM 1 -> APIC 0x0082 -> Node 1
[    0.014843] SRAT: PXM 1 -> APIC 0x0083 -> Node 1
[    0.014843] SRAT: PXM 1 -> APIC 0x0084 -> Node 1
[    0.014844] SRAT: PXM 1 -> APIC 0x0085 -> Node 1
[    0.014844] SRAT: PXM 1 -> APIC 0x0086 -> Node 1
[    0.014844] SRAT: PXM 1 -> APIC 0x0087 -> Node 1
[    0.014845] SRAT: PXM 1 -> APIC 0x0088 -> Node 1
[    0.014845] SRAT: PXM 1 -> APIC 0x0089 -> Node 1
[    0.014846] SRAT: PXM 1 -> APIC 0x008a -> Node 1
[    0.014846] SRAT: PXM 1 -> APIC 0x008b -> Node 1
[    0.014846] SRAT: PXM 1 -> APIC 0x008c -> Node 1
[    0.014847] SRAT: PXM 1 -> APIC 0x008d -> Node 1
[    0.014847] SRAT: PXM 1 -> APIC 0x008e -> Node 1
[    0.014848] SRAT: PXM 1 -> APIC 0x008f -> Node 1
[    0.014848] SRAT: PXM 1 -> APIC 0x0090 -> Node 1
[    0.014849] SRAT: PXM 1 -> APIC 0x0091 -> Node 1
[    0.014849] SRAT: PXM 1 -> APIC 0x0092 -> Node 1
[    0.014849] SRAT: PXM 1 -> APIC 0x0093 -> Node 1
[    0.014850] SRAT: PXM 1 -> APIC 0x0094 -> Node 1
[    0.014850] SRAT: PXM 1 -> APIC 0x0095 -> Node 1
[    0.014851] SRAT: PXM 1 -> APIC 0x0096 -> Node 1
[    0.014851] SRAT: PXM 1 -> APIC 0x0097 -> Node 1
[    0.014851] SRAT: PXM 1 -> APIC 0x0098 -> Node 1
[    0.014852] SRAT: PXM 1 -> APIC 0x0099 -> Node 1
[    0.014852] SRAT: PXM 1 -> APIC 0x009a -> Node 1
[    0.014853] SRAT: PXM 1 -> APIC 0x009b -> Node 1
[    0.014853] SRAT: PXM 1 -> APIC 0x009c -> Node 1
[    0.014853] SRAT: PXM 1 -> APIC 0x009d -> Node 1
[    0.014854] SRAT: PXM 1 -> APIC 0x009e -> Node 1
[    0.014854] SRAT: PXM 1 -> APIC 0x009f -> Node 1
[    0.014855] SRAT: PXM 1 -> APIC 0x00a0 -> Node 1
[    0.014855] SRAT: PXM 1 -> APIC 0x00a1 -> Node 1
[    0.014855] SRAT: PXM 1 -> APIC 0x00a2 -> Node 1
[    0.014856] SRAT: PXM 1 -> APIC 0x00a3 -> Node 1
[    0.014856] SRAT: PXM 1 -> APIC 0x00a4 -> Node 1
[    0.014857] SRAT: PXM 1 -> APIC 0x00a5 -> Node 1
[    0.014857] SRAT: PXM 1 -> APIC 0x00a6 -> Node 1
[    0.014858] SRAT: PXM 1 -> APIC 0x00a7 -> Node 1
[    0.014858] SRAT: PXM 1 -> APIC 0x00a8 -> Node 1
[    0.014858] SRAT: PXM 1 -> APIC 0x00a9 -> Node 1
[    0.014859] SRAT: PXM 1 -> APIC 0x00aa -> Node 1
[    0.014859] SRAT: PXM 1 -> APIC 0x00ab -> Node 1
[    0.014860] SRAT: PXM 1 -> APIC 0x00ac -> Node 1
[    0.014860] SRAT: PXM 1 -> APIC 0x00ad -> Node 1
[    0.014860] SRAT: PXM 1 -> APIC 0x00ae -> Node 1
[    0.014861] SRAT: PXM 1 -> APIC 0x00af -> Node 1
[    0.014861] SRAT: PXM 1 -> APIC 0x00b0 -> Node 1
[    0.014862] SRAT: PXM 1 -> APIC 0x00b1 -> Node 1
[    0.014862] SRAT: PXM 1 -> APIC 0x00b2 -> Node 1
[    0.014862] SRAT: PXM 1 -> APIC 0x00b3 -> Node 1
[    0.014863] SRAT: PXM 1 -> APIC 0x00b4 -> Node 1
[    0.014863] SRAT: PXM 1 -> APIC 0x00b5 -> Node 1
[    0.014864] SRAT: PXM 1 -> APIC 0x00b6 -> Node 1
[    0.014864] SRAT: PXM 1 -> APIC 0x00b7 -> Node 1
[    0.014877] ACPI: SRAT: Node 0 PXM 0 [mem 0x00000000-0x7fffffff]
[    0.014877] ACPI: SRAT: Node 0 PXM 0 [mem 0x100000000-0x107fffffff]
[    0.014878] ACPI: SRAT: Node 2 PXM 2 [mem 0x2080000000-0x9e7fffffff] non-volatile
[    0.014879] ACPI: SRAT: Node 1 PXM 1 [mem 0x1080000000-0x207fffffff]
[    0.014880] ACPI: SRAT: Node 3 PXM 3 [mem 0x9e80000000-0x11c7fffffff] non-volatile
[    0.014889] NUMA: Initialized distance table, cnt=4
[    0.014891] NUMA: Node 0 [mem 0x00000000-0x7fffffff] + [mem 0x100000000-0x107fffffff] -> [mem 0x00000000-0x107fffffff]
[    0.014899] NODE_DATA(0) allocated [mem 0xffffd5000-0xfffffffff]
[    0.014917] NODE_DATA(1) allocated [mem 0x20658f2000-0x206591cfff]
[    0.015072] Zone ranges:
[    0.015072]   DMA      [mem 0x0000000000001000-0x0000000000ffffff]
[    0.015073]   DMA32    [mem 0x0000000001000000-0x00000000ffffffff]
[    0.015074]   Normal   [mem 0x0000000100000000-0x000000207fffffff]
[    0.015075]   Device   empty
[    0.015075] Movable zone start for each node
[    0.015079] Early memory node ranges
[    0.015079]   node   0: [mem 0x0000000000001000-0x000000000008efff]
[    0.015080]   node   0: [mem 0x0000000000090000-0x000000000009ffff]
[    0.015081]   node   0: [mem 0x0000000000100000-0x0000000049e76fff]
[    0.015081]   node   0: [mem 0x000000004ae77000-0x000000004b2cefff]
[    0.015082]   node   0: [mem 0x000000004b54e000-0x000000004bd93fff]
[    0.015082]   node   0: [mem 0x000000004be9a000-0x000000004cdfffff]
[    0.015083]   node   0: [mem 0x000000004d000000-0x000000005eefdfff]
[    0.015083]   node   0: [mem 0x000000006f7ff000-0x000000006f7fffff]
[    0.015084]   node   0: [mem 0x0000000cc4400000-0x0000000fffffffff]
[    0.015085]   node   1: [mem 0x0000001ec0000000-0x000000207fffffff]
[    0.015683] Zeroed struct page in unavailable ranges: 60136 pages
[    0.015684] Initmem setup node 0 [mem 0x0000000000001000-0x0000000fffffffff]
[    0.015686] On node 0 totalpages: 3773720
[    0.015687]   DMA zone: 64 pages used for memmap
[    0.015687]   DMA zone: 1102 pages reserved
[    0.015688]   DMA zone: 3998 pages, LIFO batch:0
[    0.015729]   DMA32 zone: 5926 pages used for memmap
[    0.015730]   DMA32 zone: 379258 pages, LIFO batch:63
[    0.021558]   Normal zone: 52976 pages used for memmap
[    0.021559]   Normal zone: 3390464 pages, LIFO batch:63
[    0.085032] Initmem setup node 1 [mem 0x0000001ec0000000-0x000000207fffffff]
[    0.085034] On node 1 totalpages: 1835008
[    0.085035]   Normal zone: 28672 pages used for memmap
[    0.085036]   Normal zone: 1835008 pages, LIFO batch:63
[    0.105096] ACPI: PM-Timer IO Port: 0x508
[    0.105100] ACPI: Local APIC address 0xfee00000
[    0.105118] ACPI: X2APIC_NMI (uid[0xffffffff] high edge lint[0x1])
[    0.105120] ACPI: LAPIC_NMI (acpi_id[0xff] high edge lint[0x1])
[    0.105140] IOAPIC[0]: apic_id 8, version 32, address 0xfec00000, GSI 0-119
[    0.105143] ACPI: INT_SRC_OVR (bus 0 bus_irq 0 global_irq 2 dfl dfl)
[    0.105145] ACPI: INT_SRC_OVR (bus 0 bus_irq 9 global_irq 9 high level)
[    0.105146] ACPI: IRQ0 used by override.
[    0.105147] ACPI: IRQ9 used by override.
[    0.105149] Using ACPI (MADT) for SMP configuration information
[    0.105150] ACPI: HPET id: 0x8086a701 base: 0xfed00000
[    0.105156] smpboot: Allowing 112 CPUs, 0 hotplug CPUs
[    0.105183] PM: Registered nosave memory: [mem 0x00000000-0x00000fff]
[    0.105185] PM: Registered nosave memory: [mem 0x0008f000-0x0008ffff]
[    0.105186] PM: Registered nosave memory: [mem 0x000a0000-0x000fffff]
[    0.105187] PM: Registered nosave memory: [mem 0x47bcd000-0x47bcdfff]
[    0.105189] PM: Registered nosave memory: [mem 0x47bfe000-0x47bfefff]
[    0.105189] PM: Registered nosave memory: [mem 0x47bff000-0x47bfffff]
[    0.105191] PM: Registered nosave memory: [mem 0x47c31000-0x47c31fff]
[    0.105191] PM: Registered nosave memory: [mem 0x47c32000-0x47c32fff]
[    0.105192] PM: Registered nosave memory: [mem 0x47c64000-0x47c64fff]
[    0.105193] PM: Registered nosave memory: [mem 0x47c65000-0x47c65fff]
[    0.105194] PM: Registered nosave memory: [mem 0x47c6d000-0x47c6dfff]
[    0.105195] PM: Registered nosave memory: [mem 0x49e77000-0x4ae76fff]
[    0.105197] PM: Registered nosave memory: [mem 0x4b2cf000-0x4b54dfff]
[    0.105198] PM: Registered nosave memory: [mem 0x4bd94000-0x4be99fff]
[    0.105200] PM: Registered nosave memory: [mem 0x4ce00000-0x4cffffff]
[    0.105201] PM: Registered nosave memory: [mem 0x5eefe000-0x6e3fefff]
[    0.105202] PM: Registered nosave memory: [mem 0x6e3ff000-0x6f3fefff]
[    0.105202] PM: Registered nosave memory: [mem 0x6f3ff000-0x6f7fefff]
[    0.105204] PM: Registered nosave memory: [mem 0x6f800000-0x8fffffff]
[    0.105204] PM: Registered nosave memory: [mem 0x90000000-0xfdffffff]
[    0.105205] PM: Registered nosave memory: [mem 0xfe000000-0xfe010fff]
[    0.105205] PM: Registered nosave memory: [mem 0xfe011000-0xffffffff]
[    0.105206] PM: Registered nosave memory: [mem 0x100000000-0xcc43fffff]
[    0.105207] PM: Registered nosave memory: [mem 0x1000000000-0x1ebfffffff]
[    0.105209] [mem 0x90000000-0xfdffffff] available for PCI devices
[    0.105210] Booting paravirtualized kernel on bare hardware
[    0.105213] clocksource: refined-jiffies: mask: 0xffffffff max_cycles: 0xffffffff, max_idle_ns: 7645519600211568 ns
[    0.105221] setup_percpu: NR_CPUS:8192 nr_cpumask_bits:112 nr_cpu_ids:112 nr_node_ids:4
[    0.109774] percpu: Embedded 55 pages/cpu s188416 r8192 d28672 u262144
[    0.109784] pcpu-alloc: s188416 r8192 d28672 u262144 alloc=1*2097152
[    0.109785] pcpu-alloc: [0] 000 002 004 006 008 010 012 014 
[    0.109788] pcpu-alloc: [0] 016 018 020 022 024 026 028 030 
[    0.109789] pcpu-alloc: [0] 032 034 036 038 040 042 044 046 
[    0.109791] pcpu-alloc: [0] 048 050 052 054 056 058 060 062 
[    0.109792] pcpu-alloc: [0] 064 066 068 070 072 074 076 078 
[    0.109793] pcpu-alloc: [0] 080 082 084 086 088 090 092 094 
[    0.109795] pcpu-alloc: [0] 096 098 100 102 104 106 108 110 
[    0.109796] pcpu-alloc: [1] 001 003 005 007 009 011 013 015 
[    0.109798] pcpu-alloc: [1] 017 019 021 023 025 027 029 031 
[    0.109799] pcpu-alloc: [1] 033 035 037 039 041 043 045 047 
[    0.109800] pcpu-alloc: [1] 049 051 053 055 057 059 061 063 
[    0.109802] pcpu-alloc: [1] 065 067 069 071 073 075 077 079 
[    0.109803] pcpu-alloc: [1] 081 083 085 087 089 091 093 095 
[    0.109804] pcpu-alloc: [1] 097 099 101 103 105 107 109 111 
[    0.109850] Built 2 zonelists, mobility grouping on.  Total pages: 5519988
[    0.109851] Policy zone: Normal
[    0.109853] Kernel command line: BOOT_IMAGE=/boot/vmlinuz-5.3.1-multiclock root=UUID=ce0c24b8-724b-4f33-9b2c-618433560aef ro memmap=48196M!4096M memmap=59G!64G quiet splash nomodeset vt.handoff=1
[    0.109966] You have booted with nomodeset. This means your GPU drivers are DISABLED
[    0.109967] Any video related functionality will be severely degraded, and you may not even be able to suspend the system properly
[    0.109968] Unless you actually understand what nomodeset does, you should reboot without enabling it
[    0.109985] printk: log_buf_len individual max cpu contribution: 4096 bytes
[    0.109985] printk: log_buf_len total cpu_extra contributions: 454656 bytes
[    0.109986] printk: log_buf_len min size: 262144 bytes
[    0.110152] printk: log_buf_len: 1048576 bytes
[    0.110152] printk: early log buf free: 221788(84%)
[    0.111659] mem auto-init: stack:off, heap alloc:on, heap free:off
[    0.117591] Calgary: detecting Calgary via BIOS EBDA area
[    0.117592] Calgary: Unable to locate Rio Grande table in EBDA - bailing!
[    0.165700] Memory: 21394232K/22434912K available (14339K kernel code, 2373K rwdata, 4660K rodata, 2680K init, 5056K bss, 1040680K reserved, 0K cma-reserved)
[    0.166307] SLUB: HWalign=64, Order=0-3, MinObjects=0, CPUs=112, Nodes=4
[    0.166337] ftrace: allocating 43047 entries in 169 pages
[    0.183345] rcu: Hierarchical RCU implementation.
[    0.183347] rcu: 	RCU restricting CPUs from NR_CPUS=8192 to nr_cpu_ids=112.
[    0.183348] 	Tasks RCU enabled.
[    0.183348] rcu: RCU calculated value of scheduler-enlistment delay is 25 jiffies.
[    0.183349] rcu: Adjusting geometry for rcu_fanout_leaf=16, nr_cpu_ids=112
[    0.185954] NR_IRQS: 524544, nr_irqs: 2952, preallocated irqs: 16
[    0.186316] random: crng done (trusting CPU's manufacturer)
[    0.186490] Console: colour dummy device 80x25
[    0.186506] printk: console [tty0] enabled
[    0.186577] mempolicy: Enabling automatic NUMA balancing. Configure with numa_balancing= or the kernel.numa_balancing sysctl
[    0.186581] ACPI: Core revision 20190703
[    0.189955] clocksource: hpet: mask: 0xffffffff max_cycles: 0xffffffff, max_idle_ns: 79635855245 ns
[    0.190000] APIC: Switch to symmetric I/O mode setup
[    0.190003] DMAR: Host address width 46
[    0.190004] DMAR: DRHD base: 0x000000d0ffc000 flags: 0x0
[    0.190009] DMAR: dmar0: reg_base_addr d0ffc000 ver 4:0 cap 8ed008c40780466 ecap 60000f050df
[    0.190010] DMAR: DRHD base: 0x000000dbbfc000 flags: 0x0
[    0.190013] DMAR: dmar1: reg_base_addr dbbfc000 ver 4:0 cap 8ed008c40780466 ecap 60000f050df
[    0.190014] DMAR: DRHD base: 0x000000e67fc000 flags: 0x0
[    0.190017] DMAR: dmar2: reg_base_addr e67fc000 ver 4:0 cap 8ed008c40780466 ecap 60000f050df
[    0.190018] DMAR: DRHD base: 0x000000f13fc000 flags: 0x0
[    0.190021] DMAR: dmar3: reg_base_addr f13fc000 ver 4:0 cap 8ed008c40780466 ecap 60000f050df
[    0.190022] DMAR: DRHD base: 0x000000fb7fc000 flags: 0x0
[    0.190025] DMAR: dmar4: reg_base_addr fb7fc000 ver 4:0 cap 8ed008c40780466 ecap 60000f050df
[    0.190025] DMAR: DRHD base: 0x000000a63fc000 flags: 0x0
[    0.190028] DMAR: dmar5: reg_base_addr a63fc000 ver 4:0 cap 8ed008c40780466 ecap 60000f050df
[    0.190029] DMAR: DRHD base: 0x000000b0ffc000 flags: 0x0
[    0.190031] DMAR: dmar6: reg_base_addr b0ffc000 ver 4:0 cap 8ed008c40780466 ecap 60000f050df
[    0.190032] DMAR: DRHD base: 0x000000bbbfc000 flags: 0x0
[    0.190036] DMAR: dmar7: reg_base_addr bbbfc000 ver 4:0 cap 8ed008c40780466 ecap 60000f050df
[    0.190037] DMAR: DRHD base: 0x000000c5ffc000 flags: 0x0
[    0.190039] DMAR: dmar8: reg_base_addr c5ffc000 ver 4:0 cap 8ed008c40780466 ecap 60000f050df
[    0.190040] DMAR: DRHD base: 0x0000009b7fc000 flags: 0x1
[    0.190043] DMAR: dmar9: reg_base_addr 9b7fc000 ver 4:0 cap 8ed008c40780466 ecap 60000f050df
[    0.190044] DMAR: RMRR base: 0x00000069427000 end: 0x00000069429fff
[    0.190044] DMAR: ATSR flags: 0x0
[    0.190047] DMAR-IR: IOAPIC id 8 under DRHD base  0x9b7fc000 IOMMU 9
[    0.190047] DMAR-IR: HPET id 0 under DRHD base 0x9b7fc000
[    0.190048] DMAR-IR: Queued invalidation will be enabled to support x2apic and Intr-remapping.
[    0.192398] DMAR-IR: Enabled IRQ remapping in x2apic mode
[    0.195044] ..TIMER: vector=0x30 apic1=0 pin1=2 apic2=-1 pin2=-1
[    0.213926] clocksource: tsc-early: mask: 0xffffffffffffffff max_cycles: 0x39a85c9bff6, max_idle_ns: 881590591483 ns
[    0.213930] Calibrating delay loop (skipped), value calculated using timer frequency.. 4000.00 BogoMIPS (lpj=8000000)
[    0.213933] pid_max: default: 114688 minimum: 896
[    0.217977] LSM: Security Framework initializing
[    0.217994] Yama: becoming mindful.
[    0.218360] AppArmor: AppArmor initialized
[    0.222906] Dentry cache hash table entries: 4194304 (order: 13, 33554432 bytes, vmalloc)
[    0.225184] Inode-cache hash table entries: 2097152 (order: 12, 16777216 bytes, vmalloc)
[    0.225299] Mount-cache hash table entries: 65536 (order: 7, 524288 bytes, vmalloc)
[    0.225372] Mountpoint-cache hash table entries: 65536 (order: 7, 524288 bytes, vmalloc)
[    0.225646] *** VALIDATE proc ***
[    0.225868] *** VALIDATE cgroup1 ***
[    0.225869] *** VALIDATE cgroup2 ***
[    0.226001] x86/tme: not enabled by BIOS
[    0.226005] x86/cpu: User Mode Instruction Prevention (UMIP) activated
[    0.226082] mce: CPU0: Thermal monitoring enabled (TM1)
[    0.226293] process: using mwait in idle threads
[    0.226296] Last level iTLB entries: 4KB 0, 2MB 0, 4MB 0
[    0.226296] Last level dTLB entries: 4KB 0, 2MB 0, 4MB 0, 1GB 0
[    0.226299] Spectre V1 : Mitigation: usercopy/swapgs barriers and __user pointer sanitization
[    0.226301] Spectre V2 : Mitigation: Enhanced IBRS
[    0.226302] Spectre V2 : Spectre v2 / SpectreRSB mitigation: Filling RSB on context switch
[    0.226303] Spectre V2 : mitigation: Enabling conditional Indirect Branch Prediction Barrier
[    0.226305] Speculative Store Bypass: Mitigation: Speculative Store Bypass disabled via prctl and seccomp
[    0.226593] Freeing SMP alternatives memory: 40K
[    0.230079] TSC deadline timer enabled
[    0.230087] smpboot: CPU0: Intel(R) Xeon(R) Gold 6330 CPU @ 2.00GHz (family: 0x6, model: 0x6a, stepping: 0x6)
[    0.230273] Performance Events: PEBS fmt4+-baseline, Icelake events, 32-deep LBR, full-width counters, Intel PMU driver.
[    0.230279] ... version:                5
[    0.230280] ... bit width:              48
[    0.230280] ... generic registers:      8
[    0.230281] ... value mask:             0000ffffffffffff
[    0.230281] ... max period:             00007fffffffffff
[    0.230282] ... fixed-purpose events:   4
[    0.230282] ... event mask:             0000000f000000ff
[    0.230392] rcu: Hierarchical SRCU implementation.
[    0.237682] NMI watchdog: Enabled. Permanently consumes one hw-PMU counter.
[    0.238960] smp: Bringing up secondary CPUs ...
[    0.239077] x86: Booting SMP configuration:
[    0.239078] .... node  #1, CPUs:          #1
[    0.003675] smpboot: CPU 1 Converting physical 0 to logical die 1
[    0.326033] .... node  #0, CPUs:     #2
[    0.331375] .... node  #1, CPUs:     #3
[    0.336779] .... node  #0, CPUs:     #4
[    0.342118] .... node  #1, CPUs:     #5
[    0.347484] .... node  #0, CPUs:     #6
[    0.353020] .... node  #1, CPUs:     #7
[    0.358585] .... node  #0, CPUs:     #8
[    0.363844] .... node  #1, CPUs:     #9
[    0.369547] .... node  #0, CPUs:    #10
[    0.375229] .... node  #1, CPUs:    #11
[    0.380941] .... node  #0, CPUs:    #12
[    0.386419] .... node  #1, CPUs:    #13
[    0.391752] .... node  #0, CPUs:    #14
[    0.396953] .... node  #1, CPUs:    #15
[    0.402252] .... node  #0, CPUs:    #16
[    0.407492] .... node  #1, CPUs:    #17
[    0.412775] .... node  #0, CPUs:    #18
[    0.418097] .... node  #1, CPUs:    #19
[    0.423624] .... node  #0, CPUs:    #20
[    0.428815] .... node  #1, CPUs:    #21
[    0.434388] .... node  #0, CPUs:    #22
[    0.439794] .... node  #1, CPUs:    #23
[    0.445044] .... node  #0, CPUs:    #24
[    0.450637] .... node  #1, CPUs:    #25
[    0.455953] .... node  #0, CPUs:    #26
[    0.461125] .... node  #1, CPUs:    #27
[    0.466396] .... node  #0, CPUs:    #28
[    0.471854] .... node  #1, CPUs:    #29
[    0.477130] .... node  #0, CPUs:    #30
[    0.482307] .... node  #1, CPUs:    #31
[    0.487759] .... node  #0, CPUs:    #32
[    0.493013] .... node  #1, CPUs:    #33
[    0.498356] .... node  #0, CPUs:    #34
[    0.503755] .... node  #1, CPUs:    #35
[    0.509047] .... node  #0, CPUs:    #36
[    0.514231] .... node  #1, CPUs:    #37
[    0.519517] .... node  #0, CPUs:    #38
[    0.525044] .... node  #1, CPUs:    #39
[    0.530538] .... node  #0, CPUs:    #40
[    0.536113] .... node  #1, CPUs:    #41
[    0.542044] .... node  #0, CPUs:    #42
[    0.547118] .... node  #1, CPUs:    #43
[    0.552738] .... node  #0, CPUs:    #44
[    0.558085] .... node  #1, CPUs:    #45
[    0.563511] .... node  #0, CPUs:    #46
[    0.569005] .... node  #1, CPUs:    #47
[    0.574434] .... node  #0, CPUs:    #48
[    0.579724] .... node  #1, CPUs:    #49
[    0.585145] .... node  #0, CPUs:    #50
[    0.590594] .... node  #1, CPUs:    #51
[    0.596203] .... node  #0, CPUs:    #52
[    0.601627] .... node  #1, CPUs:    #53
[    0.607188] .... node  #0, CPUs:    #54
[    0.612853] .... node  #1, CPUs:    #55
[    0.618634] .... node  #0, CPUs:    #56
[    0.624181] .... node  #1, CPUs:    #57
[    0.630050] .... node  #0, CPUs:    #58
[    0.635421] .... node  #1, CPUs:    #59
[    0.640850] .... node  #0, CPUs:    #60
[    0.646186] .... node  #1, CPUs:    #61
[    0.651572] .... node  #0, CPUs:    #62
[    0.657138] .... node  #1, CPUs:    #63
[    0.662711] .... node  #0, CPUs:    #64
[    0.667993] .... node  #1, CPUs:    #65
[    0.673712] .... node  #0, CPUs:    #66
[    0.679406] .... node  #1, CPUs:    #67
[    0.685146] .... node  #0, CPUs:    #68
[    0.690637] .... node  #1, CPUs:    #69
[    0.695992] .... node  #0, CPUs:    #70
[    0.701191] .... node  #1, CPUs:    #71
[    0.706504] .... node  #0, CPUs:    #72
[    0.711756] .... node  #1, CPUs:    #73
[    0.717075] .... node  #0, CPUs:    #74
[    0.722298] .... node  #1, CPUs:    #75
[    0.727943] .... node  #0, CPUs:    #76
[    0.733157] .... node  #1, CPUs:    #77
[    0.738774] .... node  #0, CPUs:    #78
[    0.744202] .... node  #1, CPUs:    #79
[    0.749482] .... node  #0, CPUs:    #80
[    0.755085] .... node  #1, CPUs:    #81
[    0.760417] .... node  #0, CPUs:    #82
[    0.765615] .... node  #1, CPUs:    #83
[    0.770921] .... node  #0, CPUs:    #84
[    0.776416] .... node  #1, CPUs:    #85
[    0.781703] .... node  #0, CPUs:    #86
[    0.786908] .... node  #1, CPUs:    #87
[    0.792378] .... node  #0, CPUs:    #88
[    0.797644] .... node  #1, CPUs:    #89
[    0.803020] .... node  #0, CPUs:    #90
[    0.808430] .... node  #1, CPUs:    #91
[    0.813950] .... node  #0, CPUs:    #92
[    0.818934] .... node  #1, CPUs:    #93
[    0.824235] .... node  #0, CPUs:    #94
[    0.830043] .... node  #1, CPUs:    #95
[    0.835289] .... node  #0, CPUs:    #96
[    0.840878] .... node  #1, CPUs:    #97
[    0.846616] .... node  #0, CPUs:    #98
[    0.851909] .... node  #1, CPUs:    #99
[    0.857555] .... node  #0, CPUs:   #100
[    0.862892] .... node  #1, CPUs:   #101
[    0.868352] .... node  #0, CPUs:   #102
[    0.874098] .... node  #1, CPUs:   #103
[    0.879320] .... node  #0, CPUs:   #104
[    0.884649] .... node  #1, CPUs:   #105
[    0.890066] .... node  #0, CPUs:   #106
[    0.895536] .... node  #1, CPUs:   #107
[    0.901167] .... node  #0, CPUs:   #108
[    0.906600] .... node  #1, CPUs:   #109
[    0.912199] .... node  #0, CPUs:   #110
[    0.918100] .... node  #1, CPUs:   #111
[    0.923660] smp: Brought up 2 nodes, 112 CPUs
[    0.923660] smpboot: Max logical packages: 2
[    0.923660] smpboot: Total of 112 processors activated (448070.30 BogoMIPS)
[    0.932877] devtmpfs: initialized
[    0.932877] x86/mm: Memory block size: 2048MB
[    0.932877] PM: Registering ACPI NVS region [mem 0x49e77000-0x4ae76fff] (16777216 bytes)
[    0.932877] PM: Registering ACPI NVS region [mem 0x6e3ff000-0x6f3fefff] (16777216 bytes)
[    0.933950] clocksource: jiffies: mask: 0xffffffff max_cycles: 0xffffffff, max_idle_ns: 7645041785100000 ns
[    0.934241] futex hash table entries: 32768 (order: 9, 2097152 bytes, vmalloc)
[    0.934836] pinctrl core: initialized pinctrl subsystem
[    0.934967] PM: RTC time: 08:26:21, date: 2024-07-01
[    0.935231] NET: Registered protocol family 16
[    0.935346] audit: initializing netlink subsys (disabled)
[    0.935352] audit: type=2000 audit(1719822380.748:1): state=initialized audit_enabled=0 res=1
[    0.935352] EISA bus registered
[    0.935352] cpuidle: using governor ladder
[    0.935352] cpuidle: using governor menu
[    0.935352] ACPI FADT declares the system doesn't support PCIe ASPM, so disable it
[    0.935352] ACPI: bus type PCI registered
[    0.935352] acpiphp: ACPI Hot Plug PCI Controller Driver version: 0.5
[    0.935352] PCI: MMCONFIG for domain 0000 [bus 00-ff] at [mem 0x80000000-0x8fffffff] (base 0x80000000)
[    0.935352] PCI: MMCONFIG at [mem 0x80000000-0x8fffffff] reserved in E820
[    0.935352] pmd_set_huge: Cannot satisfy [mem 0x80000000-0x80200000] with a huge-page mapping due to MTRR override.
[    0.935352] PCI: Using configuration type 1 for base access
[    0.935352] PCI: Dell System detected, enabling pci=bfsort.
[    0.937933] ENERGY_PERF_BIAS: Set to 'normal', was 'performance'
[    0.942227] HugeTLB registered 1.00 GiB page size, pre-allocated 0 pages
[    0.942227] HugeTLB registered 2.00 MiB page size, pre-allocated 0 pages
[    0.946342] ACPI: Added _OSI(Module Device)
[    0.946343] ACPI: Added _OSI(Processor Device)
[    0.946343] ACPI: Added _OSI(3.0 _SCP Extensions)
[    0.946344] ACPI: Added _OSI(Processor Aggregator Device)
[    0.946345] ACPI: Added _OSI(Linux-Dell-Video)
[    0.946346] ACPI: Added _OSI(Linux-Lenovo-NV-HDMI-Audio)
[    0.946346] ACPI: Added _OSI(Linux-HPI-Hybrid-Graphics)
[    1.111221] ACPI: 8 ACPI AML tables successfully acquired and loaded
[    1.118326] ACPI: [Firmware Bug]: BIOS _OSI(Linux) query ignored
[    1.124945] ACPI: Dynamic OEM Table Load:
[    1.518352] ACPI: Interpreter enabled
[    1.518370] ACPI: (supports S0 S5)
[    1.518371] ACPI: Using IOAPIC for interrupt routing
[    1.518461] HEST: Table parsing has been initialized.
[    1.518464] PCI: Using host bridge windows from ACPI; if necessary, use "pci=nocrs" and report a bug
[    1.547170] ACPI: Enabled 4 GPEs in block 00 to 7F
[    1.671242] ACPI: PCI Root Bridge [PC00] (domain 0000 [bus 00-15])
[    1.671247] acpi PNP0A08:00: _OSC: OS supports [ExtendedConfig ASPM ClockPM Segments MSI HPX-Type3]
[    1.671324] acpi PNP0A08:00: PCIe AER handled by firmware
[    1.671435] acpi PNP0A08:00: _OSC: platform does not support [SHPCHotplug LTR]
[    1.671640] acpi PNP0A08:00: _OSC: OS now controls [PCIeHotplug PME PCIeCapability]
[    1.671641] acpi PNP0A08:00: FADT indicates ASPM is unsupported, using BIOS configuration
[    1.673425] PCI host bridge to bus 0000:00
[    1.673427] pci_bus 0000:00: root bus resource [io  0x0000-0x0cf7 window]
[    1.673428] pci_bus 0000:00: root bus resource [io  0x1000-0x4fff window]
[    1.673429] pci_bus 0000:00: root bus resource [mem 0x000a0000-0x000bffff window]
[    1.673429] pci_bus 0000:00: root bus resource [mem 0x000c8000-0x000cffff window]
[    1.673430] pci_bus 0000:00: root bus resource [mem 0xfe010000-0xfe010fff window]
[    1.673431] pci_bus 0000:00: root bus resource [mem 0x90000000-0x9b7fffff window]
[    1.673432] pci_bus 0000:00: root bus resource [mem 0x200000000000-0x20ffffffffff window]
[    1.673432] pci_bus 0000:00: root bus resource [bus 00-15]
[    1.673443] pci 0000:00:00.0: [8086:09a2] type 00 class 0x088000
[    1.674177] pci 0000:00:00.1: [8086:09a4] type 00 class 0x088000
[    1.674883] pci 0000:00:00.2: [8086:09a3] type 00 class 0x088000
[    1.675590] pci 0000:00:00.4: [8086:0998] type 00 class 0x060000
[    1.676301] pci 0000:00:02.0: [8086:09a6] type 00 class 0x088000
[    1.676311] pci 0000:00:02.0: reg 0x10: [mem 0x92dfc000-0x92dfdfff]
[    1.677011] pci 0000:00:02.1: [8086:09a7] type 00 class 0x088000
[    1.677020] pci 0000:00:02.1: reg 0x10: [mem 0x92d00000-0x92d7ffff]
[    1.677025] pci 0000:00:02.1: reg 0x14: [mem 0x92c80000-0x92cfffff]
[    1.677727] pci 0000:00:02.4: [8086:3456] type 00 class 0x130000
[    1.677738] pci 0000:00:02.4: reg 0x10: [mem 0x92a00000-0x92afffff 64bit]
[    1.677744] pci 0000:00:02.4: reg 0x18: [mem 0x92df0000-0x92df3fff 64bit]
[    1.677751] pci 0000:00:02.4: reg 0x20: [mem 0x92dc0000-0x92ddffff 64bit]
[    1.678469] pci 0000:00:11.0: [8086:a1ec] type 00 class 0xff0000
[    1.679243] pci 0000:00:11.5: [8086:a1d2] type 00 class 0x010601
[    1.679260] pci 0000:00:11.5: reg 0x10: [mem 0x92dfa000-0x92dfbfff]
[    1.679267] pci 0000:00:11.5: reg 0x14: [mem 0x92e05000-0x92e050ff]
[    1.679274] pci 0000:00:11.5: reg 0x18: [io  0x2068-0x206f]
[    1.679281] pci 0000:00:11.5: reg 0x1c: [io  0x2074-0x2077]
[    1.679288] pci 0000:00:11.5: reg 0x20: [io  0x2040-0x205f]
[    1.679295] pci 0000:00:11.5: reg 0x24: [mem 0x92b80000-0x92bfffff]
[    1.679333] pci 0000:00:11.5: PME# supported from D3hot
[    1.680053] pci 0000:00:14.0: [8086:a1af] type 00 class 0x0c0330
[    1.680074] pci 0000:00:14.0: reg 0x10: [mem 0x92de0000-0x92deffff 64bit]
[    1.680138] pci 0000:00:14.0: PME# supported from D3hot D3cold
[    1.680855] pci 0000:00:14.2: [8086:a1b1] type 00 class 0x118000
[    1.680876] pci 0000:00:14.2: reg 0x10: [mem 0x92e02000-0x92e02fff 64bit]
[    1.681623] pci 0000:00:16.0: [8086:a1ba] type 00 class 0x078000
[    1.681651] pci 0000:00:16.0: reg 0x10: [mem 0x92e01000-0x92e01fff 64bit]
[    1.681736] pci 0000:00:16.0: PME# supported from D3hot
[    1.682432] pci 0000:00:16.1: [8086:a1bb] type 00 class 0x078000
[    1.682460] pci 0000:00:16.1: reg 0x10: [mem 0x92e00000-0x92e00fff 64bit]
[    1.682545] pci 0000:00:16.1: PME# supported from D3hot
[    1.683241] pci 0000:00:16.4: [8086:a1be] type 00 class 0x078000
[    1.683270] pci 0000:00:16.4: reg 0x10: [mem 0x92dff000-0x92dfffff 64bit]
[    1.683355] pci 0000:00:16.4: PME# supported from D3hot
[    1.684048] pci 0000:00:17.0: [8086:a182] type 00 class 0x010601
[    1.684065] pci 0000:00:17.0: reg 0x10: [mem 0x92df8000-0x92df9fff]
[    1.684072] pci 0000:00:17.0: reg 0x14: [mem 0x92e04000-0x92e040ff]
[    1.684079] pci 0000:00:17.0: reg 0x18: [io  0x2060-0x2067]
[    1.684086] pci 0000:00:17.0: reg 0x1c: [io  0x2070-0x2073]
[    1.684092] pci 0000:00:17.0: reg 0x20: [io  0x2020-0x203f]
[    1.684099] pci 0000:00:17.0: reg 0x24: [mem 0x92b00000-0x92b7ffff]
[    1.684137] pci 0000:00:17.0: PME# supported from D3hot
[    1.684864] pci 0000:00:1c.0: [8086:a190] type 01 class 0x060400
[    1.684943] pci 0000:00:1c.0: PME# supported from D0 D3hot D3cold
[    1.685719] pci 0000:00:1c.4: [8086:a194] type 01 class 0x060400
[    1.685792] pci 0000:00:1c.4: PME# supported from D0 D3hot D3cold
[    1.686558] pci 0000:00:1c.5: [8086:a195] type 01 class 0x060400
[    1.686631] pci 0000:00:1c.5: PME# supported from D0 D3hot D3cold
[    1.687401] pci 0000:00:1f.0: [8086:a1cb] type 00 class 0x060100
[    1.688217] pci 0000:00:1f.2: [8086:a1a1] type 00 class 0x058000
[    1.688233] pci 0000:00:1f.2: reg 0x10: [mem 0x92df4000-0x92df7fff]
[    1.688995] pci 0000:00:1f.4: [8086:a1a3] type 00 class 0x0c0500
[    1.689015] pci 0000:00:1f.4: reg 0x10: [mem 0x92dfe000-0x92dfe0ff 64bit]
[    1.689037] pci 0000:00:1f.4: reg 0x20: [io  0x2000-0x201f]
[    1.689737] pci 0000:00:1f.5: [8086:a1a4] type 00 class 0x0c8000
[    1.689753] pci 0000:00:1f.5: reg 0x10: [mem 0xfe010000-0xfe010fff]
[    1.690518] pci 0000:00:1c.0: PCI bridge to [bus 01]
[    1.690565] pci 0000:02:00.0: [1556:be00] type 01 class 0x060400
[    1.690736] pci 0000:00:1c.4: PCI bridge to [bus 02-03]
[    1.690740] pci 0000:00:1c.4:   bridge window [mem 0x92000000-0x928fffff]
[    1.690743] pci 0000:00:1c.4:   bridge window [mem 0x91000000-0x91ffffff 64bit pref]
[    1.690775] pci_bus 0000:03: extended config space not accessible
[    1.690793] pci 0000:03:00.0: [102b:0536] type 00 class 0x030000
[    1.690812] pci 0000:03:00.0: reg 0x10: [mem 0x91000000-0x91ffffff pref]
[    1.690822] pci 0000:03:00.0: reg 0x14: [mem 0x92808000-0x9280bfff]
[    1.690832] pci 0000:03:00.0: reg 0x18: [mem 0x92000000-0x927fffff]
[    1.690880] pci 0000:03:00.0: BAR 0: assigned to efifb
[    1.690974] pci 0000:02:00.0: PCI bridge to [bus 03]
[    1.690982] pci 0000:02:00.0:   bridge window [mem 0x92000000-0x928fffff]
[    1.690988] pci 0000:02:00.0:   bridge window [mem 0x91000000-0x91ffffff 64bit pref]
[    1.691053] pci 0000:04:00.0: [14e4:165f] type 00 class 0x020000
[    1.691085] pci 0000:04:00.0: reg 0x10: [mem 0x92930000-0x9293ffff 64bit pref]
[    1.691101] pci 0000:04:00.0: reg 0x18: [mem 0x92940000-0x9294ffff 64bit pref]
[    1.691116] pci 0000:04:00.0: reg 0x20: [mem 0x92950000-0x9295ffff 64bit pref]
[    1.691126] pci 0000:04:00.0: reg 0x30: [mem 0xfffc0000-0xffffffff pref]
[    1.691218] pci 0000:04:00.0: PME# supported from D0 D3hot D3cold
[    1.691257] pci 0000:04:00.0: 4.000 Gb/s available PCIe bandwidth, limited by 5 GT/s x1 link at 0000:00:1c.5 (capable of 8.000 Gb/s with 5 GT/s x2 link)
[    1.691385] pci 0000:04:00.1: [14e4:165f] type 00 class 0x020000
[    1.691417] pci 0000:04:00.1: reg 0x10: [mem 0x92900000-0x9290ffff 64bit pref]
[    1.691432] pci 0000:04:00.1: reg 0x18: [mem 0x92910000-0x9291ffff 64bit pref]
[    1.691447] pci 0000:04:00.1: reg 0x20: [mem 0x92920000-0x9292ffff 64bit pref]
[    1.691457] pci 0000:04:00.1: reg 0x30: [mem 0xfffc0000-0xffffffff pref]
[    1.691549] pci 0000:04:00.1: PME# supported from D0 D3hot D3cold
[    1.691695] pci 0000:00:1c.5: PCI bridge to [bus 04]
[    1.691702] pci 0000:00:1c.5:   bridge window [mem 0x92900000-0x929fffff 64bit pref]
[    1.691716] pci_bus 0000:00: on NUMA node 0
[    1.692270] ACPI: PCI Root Bridge [PC01] (domain 0000 [bus 16-2f])
[    1.692274] acpi PNP0A08:01: _OSC: OS supports [ExtendedConfig ASPM ClockPM Segments MSI HPX-Type3]
[    1.692371] acpi PNP0A08:01: PCIe AER handled by firmware
[    1.692479] acpi PNP0A08:01: _OSC: platform does not support [SHPCHotplug]
[    1.692679] acpi PNP0A08:01: _OSC: OS now controls [PCIeHotplug PME PCIeCapability LTR]
[    1.692680] acpi PNP0A08:01: FADT indicates ASPM is unsupported, using BIOS configuration
[    1.692803] PCI host bridge to bus 0000:16
[    1.692804] pci_bus 0000:16: root bus resource [io  0x5000-0x6fff window]
[    1.692805] pci_bus 0000:16: root bus resource [mem 0x9b800000-0xa63fffff window]
[    1.692805] pci_bus 0000:16: root bus resource [mem 0x210000000000-0x21ffffffffff window]
[    1.692806] pci_bus 0000:16: root bus resource [bus 16-2f]
[    1.692813] pci 0000:16:00.0: [8086:09a2] type 00 class 0x088000
[    1.692879] pci 0000:16:00.1: [8086:09a4] type 00 class 0x088000
[    1.692942] pci 0000:16:00.2: [8086:09a3] type 00 class 0x088000
[    1.693005] pci 0000:16:00.4: [8086:0998] type 00 class 0x060000
[    1.693066] pci 0000:16:02.0: [8086:347a] type 01 class 0x060400
[    1.693079] pci 0000:16:02.0: reg 0x10: [mem 0x21fffff00000-0x21fffff1ffff 64bit]
[    1.693116] pci 0000:16:02.0: PME# supported from D0 D3hot D3cold
[    1.693414] pci 0000:17:00.0: [1000:10e2] type 00 class 0x010400
[    1.693433] pci 0000:17:00.0: reg 0x10: [mem 0x9b800000-0x9b8fffff 64bit pref]
[    1.693441] pci 0000:17:00.0: reg 0x18: [mem 0x9b900000-0x9b9fffff 64bit pref]
[    1.693447] pci 0000:17:00.0: reg 0x20: [mem 0x9ba00000-0x9bafffff]
[    1.693452] pci 0000:17:00.0: reg 0x24: [io  0x5000-0x50ff]
[    1.693457] pci 0000:17:00.0: reg 0x30: [mem 0xfff00000-0xffffffff pref]
[    1.694689] pci 0000:17:00.0: supports D1 D2
[    1.694740] pci 0000:16:02.0: PCI bridge to [bus 17]
[    1.694741] pci 0000:16:02.0:   bridge window [io  0x5000-0x5fff]
[    1.694743] pci 0000:16:02.0:   bridge window [mem 0x9ba00000-0x9bafffff]
[    1.694745] pci 0000:16:02.0:   bridge window [mem 0x9b800000-0x9b9fffff 64bit pref]
[    1.694750] pci_bus 0000:16: on NUMA node 0
[    1.694816] ACPI: PCI Root Bridge [PC02] (domain 0000 [bus 30-49])
[    1.694818] acpi PNP0A08:02: _OSC: OS supports [ExtendedConfig ASPM ClockPM Segments MSI HPX-Type3]
[    1.694912] acpi PNP0A08:02: PCIe AER handled by firmware
[    1.695018] acpi PNP0A08:02: _OSC: platform does not support [SHPCHotplug]
[    1.695217] acpi PNP0A08:02: _OSC: OS now controls [PCIeHotplug PME PCIeCapability LTR]
[    1.695218] acpi PNP0A08:02: FADT indicates ASPM is unsupported, using BIOS configuration
[    1.695334] PCI host bridge to bus 0000:30
[    1.695335] pci_bus 0000:30: root bus resource [io  0x7000-0x8fff window]
[    1.695336] pci_bus 0000:30: root bus resource [mem 0xa6400000-0xb0ffffff window]
[    1.695338] pci_bus 0000:30: root bus resource [mem 0x220000000000-0x22ffffffffff window]
[    1.695339] pci_bus 0000:30: root bus resource [bus 30-49]
[    1.695346] pci 0000:30:00.0: [8086:09a2] type 00 class 0x088000
[    1.695411] pci 0000:30:00.1: [8086:09a4] type 00 class 0x088000
[    1.695471] pci 0000:30:00.2: [8086:09a3] type 00 class 0x088000
[    1.695534] pci 0000:30:00.4: [8086:0998] type 00 class 0x060000
[    1.695605] pci_bus 0000:30: on NUMA node 0
[    1.695691] ACPI: PCI Root Bridge [PC04] (domain 0000 [bus 4a-63])
[    1.695693] acpi PNP0A08:04: _OSC: OS supports [ExtendedConfig ASPM ClockPM Segments MSI HPX-Type3]
[    1.695783] acpi PNP0A08:04: PCIe AER handled by firmware
[    1.695887] acpi PNP0A08:04: _OSC: platform does not support [SHPCHotplug]
[    1.696085] acpi PNP0A08:04: _OSC: OS now controls [PCIeHotplug PME PCIeCapability LTR]
[    1.696086] acpi PNP0A08:04: FADT indicates ASPM is unsupported, using BIOS configuration
[    1.696195] PCI host bridge to bus 0000:4a
[    1.696196] pci_bus 0000:4a: root bus resource [io  0x9000-0x9fff window]
[    1.696197] pci_bus 0000:4a: root bus resource [mem 0xb1000000-0xbbbfffff window]
[    1.696198] pci_bus 0000:4a: root bus resource [mem 0x230000000000-0x23ffffffffff window]
[    1.696198] pci_bus 0000:4a: root bus resource [bus 4a-63]
[    1.696205] pci 0000:4a:00.0: [8086:09a2] type 00 class 0x088000
[    1.696268] pci 0000:4a:00.1: [8086:09a4] type 00 class 0x088000
[    1.696328] pci 0000:4a:00.2: [8086:09a3] type 00 class 0x088000
[    1.696396] pci 0000:4a:00.4: [8086:0998] type 00 class 0x060000
[    1.696466] pci_bus 0000:4a: on NUMA node 0
[    1.696524] ACPI: PCI Root Bridge [PC05] (domain 0000 [bus 64-7d])
[    1.696526] acpi PNP0A08:05: _OSC: OS supports [ExtendedConfig ASPM ClockPM Segments MSI HPX-Type3]
[    1.696615] acpi PNP0A08:05: PCIe AER handled by firmware
[    1.696718] acpi PNP0A08:05: _OSC: platform does not support [SHPCHotplug]
[    1.696916] acpi PNP0A08:05: _OSC: OS now controls [PCIeHotplug PME PCIeCapability LTR]
[    1.696916] acpi PNP0A08:05: FADT indicates ASPM is unsupported, using BIOS configuration
[    1.697024] PCI host bridge to bus 0000:64
[    1.697025] pci_bus 0000:64: root bus resource [io  0xa000-0xafff window]
[    1.697025] pci_bus 0000:64: root bus resource [mem 0xbbc00000-0xc5ffffff window]
[    1.697026] pci_bus 0000:64: root bus resource [mem 0x240000000000-0x24ffffffffff window]
[    1.697027] pci_bus 0000:64: root bus resource [bus 64-7d]
[    1.697034] pci 0000:64:00.0: [8086:09a2] type 00 class 0x088000
[    1.697097] pci 0000:64:00.1: [8086:09a4] type 00 class 0x088000
[    1.697159] pci 0000:64:00.2: [8086:09a3] type 00 class 0x088000
[    1.697221] pci 0000:64:00.4: [8086:0998] type 00 class 0x060000
[    1.697291] pci_bus 0000:64: on NUMA node 0
[    1.697347] ACPI: PCI Root Bridge [UC06] (domain 0000 [bus 7e])
[    1.697349] acpi PNP0A03:00: _OSC: OS supports [ExtendedConfig ASPM ClockPM Segments MSI HPX-Type3]
[    1.697423] acpi PNP0A03:00: PCIe AER handled by firmware
[    1.697512] acpi PNP0A03:00: _OSC: platform does not support [SHPCHotplug LTR]
[    1.697679] acpi PNP0A03:00: _OSC: OS now controls [PCIeHotplug PME PCIeCapability]
[    1.697680] acpi PNP0A03:00: FADT indicates ASPM is unsupported, using BIOS configuration
[    1.697811] PCI host bridge to bus 0000:7e
[    1.697812] pci_bus 0000:7e: root bus resource [bus 7e]
[    1.697818] pci 0000:7e:00.0: [8086:3450] type 00 class 0x088000
[    1.697886] pci 0000:7e:00.1: [8086:3451] type 00 class 0x088000
[    1.697950] pci 0000:7e:00.2: [8086:3452] type 00 class 0x088000
[    1.698023] pci 0000:7e:00.3: [8086:0998] type 00 class 0x060000
[    1.698087] pci 0000:7e:00.5: [8086:3455] type 00 class 0x088000
[    1.698157] pci 0000:7e:02.0: [8086:3440] type 00 class 0x088000
[    1.698279] pci 0000:7e:02.1: [8086:3441] type 00 class 0x088000
[    1.698392] pci 0000:7e:02.2: [8086:3442] type 00 class 0x088000
[    1.698508] pci 0000:7e:03.0: [8086:3440] type 00 class 0x088000
[    1.698597] pci 0000:7e:03.1: [8086:3441] type 00 class 0x088000
[    1.698678] pci 0000:7e:03.2: [8086:3442] type 00 class 0x088000
[    1.698774] pci 0000:7e:04.0: [8086:3440] type 00 class 0x088000
[    1.698900] pci 0000:7e:04.1: [8086:3441] type 00 class 0x088000
[    1.699021] pci 0000:7e:04.2: [8086:3442] type 00 class 0x088000
[    1.699143] pci 0000:7e:04.3: [8086:3443] type 00 class 0x088000
[    1.699268] pci 0000:7e:05.0: [8086:3445] type 00 class 0x088000
[    1.699397] pci 0000:7e:05.1: [8086:3446] type 00 class 0x088000
[    1.699515] pci 0000:7e:05.2: [8086:3447] type 00 class 0x088000
[    1.699633] pci 0000:7e:06.0: [8086:3445] type 00 class 0x088000
[    1.699726] pci 0000:7e:06.1: [8086:3446] type 00 class 0x088000
[    1.699812] pci 0000:7e:06.2: [8086:3447] type 00 class 0x088000
[    1.699904] pci 0000:7e:07.0: [8086:3445] type 00 class 0x088000
[    1.700031] pci 0000:7e:07.1: [8086:3446] type 00 class 0x088000
[    1.700156] pci 0000:7e:07.2: [8086:3447] type 00 class 0x088000
[    1.700281] pci 0000:7e:0b.0: [8086:3448] type 00 class 0x088000
[    1.700356] pci 0000:7e:0b.1: [8086:3448] type 00 class 0x088000
[    1.700429] pci 0000:7e:0b.2: [8086:344b] type 00 class 0x088000
[    1.700514] pci 0000:7e:0c.0: [8086:344a] type 00 class 0x110100
[    1.700611] pci 0000:7e:0d.0: [8086:344a] type 00 class 0x110100
[    1.700707] pci 0000:7e:0e.0: [8086:344a] type 00 class 0x110100
[    1.700856] pci 0000:7e:0f.0: [8086:344a] type 00 class 0x110100
[    1.701017] pci 0000:7e:1a.0: [8086:2880] type 00 class 0x110100
[    1.701114] pci 0000:7e:1b.0: [8086:2880] type 00 class 0x110100
[    1.701206] pci 0000:7e:1c.0: [8086:2880] type 00 class 0x110100
[    1.701360] pci 0000:7e:1d.0: [8086:2880] type 00 class 0x110100
[    1.701522] pci_bus 0000:7e: on NUMA node 0
[    1.701596] ACPI: PCI Root Bridge [UC07] (domain 0000 [bus 7f])
[    1.701597] acpi PNP0A03:01: _OSC: OS supports [ExtendedConfig ASPM ClockPM Segments MSI HPX-Type3]
[    1.701673] acpi PNP0A03:01: PCIe AER handled by firmware
[    1.701762] acpi PNP0A03:01: _OSC: platform does not support [SHPCHotplug LTR]
[    1.701930] acpi PNP0A03:01: _OSC: OS now controls [PCIeHotplug PME PCIeCapability]
[    1.701931] acpi PNP0A03:01: FADT indicates ASPM is unsupported, using BIOS configuration
[    1.702074] PCI host bridge to bus 0000:7f
[    1.702075] pci_bus 0000:7f: root bus resource [bus 7f]
[    1.702085] pci 0000:7f:00.0: [8086:344c] type 00 class 0x088000
[    1.702194] pci 0000:7f:00.1: [8086:344c] type 00 class 0x088000
[    1.702313] pci 0000:7f:00.2: [8086:344c] type 00 class 0x088000
[    1.702434] pci 0000:7f:00.3: [8086:344c] type 00 class 0x088000
[    1.702529] pci 0000:7f:00.4: [8086:344c] type 00 class 0x088000
[    1.702660] pci 0000:7f:00.5: [8086:344c] type 00 class 0x088000
[    1.702785] pci 0000:7f:00.6: [8086:344c] type 00 class 0x088000
[    1.702870] pci 0000:7f:00.7: [8086:344c] type 00 class 0x088000
[    1.702967] pci 0000:7f:01.0: [8086:344c] type 00 class 0x088000
[    1.703104] pci 0000:7f:01.1: [8086:344c] type 00 class 0x088000
[    1.703232] pci 0000:7f:01.2: [8086:344c] type 00 class 0x088000
[    1.703319] pci 0000:7f:01.3: [8086:344c] type 00 class 0x088000
[    1.703458] pci 0000:7f:01.4: [8086:344c] type 00 class 0x088000
[    1.703595] pci 0000:7f:01.5: [8086:344c] type 00 class 0x088000
[    1.703739] pci 0000:7f:01.6: [8086:344c] type 00 class 0x088000
[    1.703867] pci 0000:7f:01.7: [8086:344c] type 00 class 0x088000
[    1.704006] pci 0000:7f:02.0: [8086:344c] type 00 class 0x088000
[    1.704146] pci 0000:7f:02.1: [8086:344c] type 00 class 0x088000
[    1.704285] pci 0000:7f:02.2: [8086:344c] type 00 class 0x088000
[    1.704422] pci 0000:7f:02.3: [8086:344c] type 00 class 0x088000
[    1.704567] pci 0000:7f:02.4: [8086:344c] type 00 class 0x088000
[    1.704711] pci 0000:7f:02.5: [8086:344c] type 00 class 0x088000
[    1.704854] pci 0000:7f:02.6: [8086:344c] type 00 class 0x088000
[    1.705007] pci 0000:7f:02.7: [8086:344c] type 00 class 0x088000
[    1.705167] pci 0000:7f:03.0: [8086:344c] type 00 class 0x088000
[    1.705318] pci 0000:7f:03.1: [8086:344c] type 00 class 0x088000
[    1.705477] pci 0000:7f:03.2: [8086:344c] type 00 class 0x088000
[    1.705632] pci 0000:7f:03.3: [8086:344c] type 00 class 0x088000
[    1.705798] pci 0000:7f:0a.0: [8086:344d] type 00 class 0x088000
[    1.705907] pci 0000:7f:0a.1: [8086:344d] type 00 class 0x088000
[    1.706027] pci 0000:7f:0a.2: [8086:344d] type 00 class 0x088000
[    1.706146] pci 0000:7f:0a.3: [8086:344d] type 00 class 0x088000
[    1.706249] pci 0000:7f:0a.4: [8086:344d] type 00 class 0x088000
[    1.706377] pci 0000:7f:0a.5: [8086:344d] type 00 class 0x088000
[    1.706500] pci 0000:7f:0a.6: [8086:344d] type 00 class 0x088000
[    1.706587] pci 0000:7f:0a.7: [8086:344d] type 00 class 0x088000
[    1.706679] pci 0000:7f:0b.0: [8086:344d] type 00 class 0x088000
[    1.706814] pci 0000:7f:0b.1: [8086:344d] type 00 class 0x088000
[    1.706943] pci 0000:7f:0b.2: [8086:344d] type 00 class 0x088000
[    1.707031] pci 0000:7f:0b.3: [8086:344d] type 00 class 0x088000
[    1.707173] pci 0000:7f:0b.4: [8086:344d] type 00 class 0x088000
[    1.707313] pci 0000:7f:0b.5: [8086:344d] type 00 class 0x088000
[    1.707456] pci 0000:7f:0b.6: [8086:344d] type 00 class 0x088000
[    1.707583] pci 0000:7f:0b.7: [8086:344d] type 00 class 0x088000
[    1.707719] pci 0000:7f:0c.0: [8086:344d] type 00 class 0x088000
[    1.707858] pci 0000:7f:0c.1: [8086:344d] type 00 class 0x088000
[    1.707995] pci 0000:7f:0c.2: [8086:344d] type 00 class 0x088000
[    1.708134] pci 0000:7f:0c.3: [8086:344d] type 00 class 0x088000
[    1.708284] pci 0000:7f:0c.4: [8086:344d] type 00 class 0x088000
[    1.708426] pci 0000:7f:0c.5: [8086:344d] type 00 class 0x088000
[    1.708571] pci 0000:7f:0c.6: [8086:344d] type 00 class 0x088000
[    1.708725] pci 0000:7f:0c.7: [8086:344d] type 00 class 0x088000
[    1.708876] pci 0000:7f:0d.0: [8086:344d] type 00 class 0x088000
[    1.709030] pci 0000:7f:0d.1: [8086:344d] type 00 class 0x088000
[    1.709188] pci 0000:7f:0d.2: [8086:344d] type 00 class 0x088000
[    1.709343] pci 0000:7f:0d.3: [8086:344d] type 00 class 0x088000
[    1.709524] pci 0000:7f:1d.0: [8086:344f] type 00 class 0x088000
[    1.709642] pci 0000:7f:1d.1: [8086:3457] type 00 class 0x088000
[    1.709759] pci 0000:7f:1e.0: [8086:3458] type 00 class 0x088000
[    1.709835] pci 0000:7f:1e.1: [8086:3459] type 00 class 0x088000
[    1.709910] pci 0000:7f:1e.2: [8086:345a] type 00 class 0x088000
[    1.709984] pci 0000:7f:1e.3: [8086:345b] type 00 class 0x088000
[    1.710059] pci 0000:7f:1e.4: [8086:345c] type 00 class 0x088000
[    1.710134] pci 0000:7f:1e.5: [8086:345d] type 00 class 0x088000
[    1.710211] pci 0000:7f:1e.6: [8086:345e] type 00 class 0x088000
[    1.710286] pci 0000:7f:1e.7: [8086:345f] type 00 class 0x088000
[    1.710358] pci_bus 0000:7f: on NUMA node 0
[    1.710448] ACPI: PCI Root Bridge [PC06] (domain 0000 [bus 80])
[    1.710450] acpi PNP0A08:06: _OSC: OS supports [ExtendedConfig ASPM ClockPM Segments MSI HPX-Type3]
[    1.710546] acpi PNP0A08:06: PCIe AER handled by firmware
[    1.710652] acpi PNP0A08:06: _OSC: platform does not support [SHPCHotplug]
[    1.710852] acpi PNP0A08:06: _OSC: OS now controls [PCIeHotplug PME PCIeCapability LTR]
[    1.710852] acpi PNP0A08:06: FADT indicates ASPM is unsupported, using BIOS configuration
[    1.710994] PCI host bridge to bus 0000:80
[    1.710995] pci_bus 0000:80: root bus resource [io  0xb000-0xbfff window]
[    1.710996] pci_bus 0000:80: root bus resource [mem 0xc6800000-0xd0ffffff window]
[    1.710997] pci_bus 0000:80: root bus resource [mem 0x250000000000-0x25ffffffffff window]
[    1.710998] pci_bus 0000:80: root bus resource [bus 80]
[    1.711005] pci 0000:80:00.0: [8086:09a2] type 00 class 0x088000
[    1.711085] pci 0000:80:00.1: [8086:09a4] type 00 class 0x088000
[    1.711166] pci 0000:80:00.2: [8086:09a3] type 00 class 0x088000
[    1.711243] pci 0000:80:00.4: [8086:0998] type 00 class 0x060000
[    1.711321] pci 0000:80:02.0: [8086:09a6] type 00 class 0x088000
[    1.711331] pci 0000:80:02.0: reg 0x10: [mem 0xc6aa4000-0xc6aa5fff]
[    1.711395] pci 0000:80:02.1: [8086:09a7] type 00 class 0x088000
[    1.711405] pci 0000:80:02.1: reg 0x10: [mem 0xc6a00000-0xc6a7ffff]
[    1.711410] pci 0000:80:02.1: reg 0x14: [mem 0xc6980000-0xc69fffff]
[    1.711479] pci 0000:80:02.4: [8086:3456] type 00 class 0x130000
[    1.711491] pci 0000:80:02.4: reg 0x10: [mem 0xc6800000-0xc68fffff 64bit]
[    1.711498] pci 0000:80:02.4: reg 0x18: [mem 0xc6aa0000-0xc6aa3fff 64bit]
[    1.711504] pci 0000:80:02.4: reg 0x20: [mem 0xc6a80000-0xc6a9ffff 64bit]
[    1.711564] pci_bus 0000:80: on NUMA node 1
[    1.711631] ACPI: PCI Root Bridge [PC07] (domain 0000 [bus 81])
[    1.711633] acpi PNP0A08:07: _OSC: OS supports [ExtendedConfig ASPM ClockPM Segments MSI HPX-Type3]
[    1.711724] acpi PNP0A08:07: PCIe AER handled by firmware
[    1.711827] acpi PNP0A08:07: _OSC: platform does not support [SHPCHotplug]
[    1.712026] acpi PNP0A08:07: _OSC: OS now controls [PCIeHotplug PME PCIeCapability LTR]
[    1.712026] acpi PNP0A08:07: FADT indicates ASPM is unsupported, using BIOS configuration
[    1.712146] PCI host bridge to bus 0000:81
[    1.712147] pci_bus 0000:81: root bus resource [io  0xc000-0xcfff window]
[    1.712147] pci_bus 0000:81: root bus resource [mem 0xd1000000-0xdbbfffff window]
[    1.712148] pci_bus 0000:81: root bus resource [mem 0x260000000000-0x26ffffffffff window]
[    1.712149] pci_bus 0000:81: root bus resource [bus 81]
[    1.712156] pci 0000:81:00.0: [8086:09a2] type 00 class 0x088000
[    1.712224] pci 0000:81:00.1: [8086:09a4] type 00 class 0x088000
[    1.712290] pci 0000:81:00.2: [8086:09a3] type 00 class 0x088000
[    1.712359] pci 0000:81:00.4: [8086:0998] type 00 class 0x060000
[    1.712439] pci_bus 0000:81: on NUMA node 1
[    1.712498] ACPI: PCI Root Bridge [PC08] (domain 0000 [bus 82])
[    1.712500] acpi PNP0A08:08: _OSC: OS supports [ExtendedConfig ASPM ClockPM Segments MSI HPX-Type3]
[    1.712589] acpi PNP0A08:08: PCIe AER handled by firmware
[    1.712693] acpi PNP0A08:08: _OSC: platform does not support [SHPCHotplug]
[    1.712891] acpi PNP0A08:08: _OSC: OS now controls [PCIeHotplug PME PCIeCapability LTR]
[    1.712892] acpi PNP0A08:08: FADT indicates ASPM is unsupported, using BIOS configuration
[    1.713001] PCI host bridge to bus 0000:82
[    1.713002] pci_bus 0000:82: root bus resource [io  0xd000-0xdfff window]
[    1.713003] pci_bus 0000:82: root bus resource [mem 0xdbc00000-0xe67fffff window]
[    1.713003] pci_bus 0000:82: root bus resource [mem 0x270000000000-0x27ffffffffff window]
[    1.713004] pci_bus 0000:82: root bus resource [bus 82]
[    1.713011] pci 0000:82:00.0: [8086:09a2] type 00 class 0x088000
[    1.713081] pci 0000:82:00.1: [8086:09a4] type 00 class 0x088000
[    1.713150] pci 0000:82:00.2: [8086:09a3] type 00 class 0x088000
[    1.713222] pci 0000:82:00.4: [8086:0998] type 00 class 0x060000
[    1.713302] pci_bus 0000:82: on NUMA node 1
[    1.713387] ACPI: PCI Root Bridge [PC10] (domain 0000 [bus 83-f9])
[    1.713389] acpi PNP0A08:0a: _OSC: OS supports [ExtendedConfig ASPM ClockPM Segments MSI HPX-Type3]
[    1.713479] acpi PNP0A08:0a: PCIe AER handled by firmware
[    1.713583] acpi PNP0A08:0a: _OSC: platform does not support [SHPCHotplug]
[    1.713781] acpi PNP0A08:0a: _OSC: OS now controls [PCIeHotplug PME PCIeCapability LTR]
[    1.713782] acpi PNP0A08:0a: FADT indicates ASPM is unsupported, using BIOS configuration
[    1.713901] PCI host bridge to bus 0000:83
[    1.713902] pci_bus 0000:83: root bus resource [io  0xe000-0xefff window]
[    1.713903] pci_bus 0000:83: root bus resource [mem 0xe6800000-0xf13fffff window]
[    1.713904] pci_bus 0000:83: root bus resource [mem 0x280000000000-0x28ffffffffff window]
[    1.713905] pci_bus 0000:83: root bus resource [bus 83-f9]
[    1.713912] pci 0000:83:00.0: [8086:09a2] type 00 class 0x088000
[    1.713981] pci 0000:83:00.1: [8086:09a4] type 00 class 0x088000
[    1.714049] pci 0000:83:00.2: [8086:09a3] type 00 class 0x088000
[    1.714119] pci 0000:83:00.4: [8086:0998] type 00 class 0x060000
[    1.714198] pci_bus 0000:83: on NUMA node 1
[    1.714257] ACPI: PCI Root Bridge [PC11] (domain 0000 [bus fa])
[    1.714259] acpi PNP0A08:0b: _OSC: OS supports [ExtendedConfig ASPM ClockPM Segments MSI HPX-Type3]
[    1.714349] acpi PNP0A08:0b: PCIe AER handled by firmware
[    1.714452] acpi PNP0A08:0b: _OSC: platform does not support [SHPCHotplug]
[    1.714651] acpi PNP0A08:0b: _OSC: OS now controls [PCIeHotplug PME PCIeCapability LTR]
[    1.714651] acpi PNP0A08:0b: FADT indicates ASPM is unsupported, using BIOS configuration
[    1.714763] PCI host bridge to bus 0000:fa
[    1.714764] pci_bus 0000:fa: root bus resource [io  0xf000-0xffff window]
[    1.714764] pci_bus 0000:fa: root bus resource [mem 0xf1400000-0xfb7fffff window]
[    1.714765] pci_bus 0000:fa: root bus resource [mem 0x290000000000-0x29ffffffffff window]
[    1.714766] pci_bus 0000:fa: root bus resource [bus fa]
[    1.714773] pci 0000:fa:00.0: [8086:09a2] type 00 class 0x088000
[    1.714841] pci 0000:fa:00.1: [8086:09a4] type 00 class 0x088000
[    1.714910] pci 0000:fa:00.2: [8086:09a3] type 00 class 0x088000
[    1.714985] pci 0000:fa:00.4: [8086:0998] type 00 class 0x060000
[    1.715065] pci_bus 0000:fa: on NUMA node 1
[    1.715121] ACPI: PCI Root Bridge [UC16] (domain 0000 [bus fe])
[    1.715123] acpi PNP0A03:02: _OSC: OS supports [ExtendedConfig ASPM ClockPM Segments MSI HPX-Type3]
[    1.715198] acpi PNP0A03:02: PCIe AER handled by firmware
[    1.715286] acpi PNP0A03:02: _OSC: platform does not support [SHPCHotplug LTR]
[    1.715453] acpi PNP0A03:02: _OSC: OS now controls [PCIeHotplug PME PCIeCapability]
[    1.715454] acpi PNP0A03:02: FADT indicates ASPM is unsupported, using BIOS configuration
[    1.715585] PCI host bridge to bus 0000:fe
[    1.715585] pci_bus 0000:fe: root bus resource [bus fe]
[    1.715592] pci 0000:fe:00.0: [8086:3450] type 00 class 0x088000
[    1.715663] pci 0000:fe:00.1: [8086:3451] type 00 class 0x088000
[    1.715728] pci 0000:fe:00.2: [8086:3452] type 00 class 0x088000
[    1.715795] pci 0000:fe:00.3: [8086:0998] type 00 class 0x060000
[    1.715863] pci 0000:fe:00.5: [8086:3455] type 00 class 0x088000
[    1.715935] pci 0000:fe:02.0: [8086:3440] type 00 class 0x088000
[    1.716060] pci 0000:fe:02.1: [8086:3441] type 00 class 0x088000
[    1.716184] pci 0000:fe:02.2: [8086:3442] type 00 class 0x088000
[    1.716301] pci 0000:fe:03.0: [8086:3440] type 00 class 0x088000
[    1.716394] pci 0000:fe:03.1: [8086:3441] type 00 class 0x088000
[    1.716481] pci 0000:fe:03.2: [8086:3442] type 00 class 0x088000
[    1.716573] pci 0000:fe:04.0: [8086:3440] type 00 class 0x088000
[    1.716702] pci 0000:fe:04.1: [8086:3441] type 00 class 0x088000
[    1.716829] pci 0000:fe:04.2: [8086:3442] type 00 class 0x088000
[    1.716953] pci 0000:fe:04.3: [8086:3443] type 00 class 0x088000
[    1.717086] pci 0000:fe:05.0: [8086:3445] type 00 class 0x088000
[    1.717211] pci 0000:fe:05.1: [8086:3446] type 00 class 0x088000
[    1.717332] pci 0000:fe:05.2: [8086:3447] type 00 class 0x088000
[    1.717453] pci 0000:fe:06.0: [8086:3445] type 00 class 0x088000
[    1.717546] pci 0000:fe:06.1: [8086:3446] type 00 class 0x088000
[    1.717636] pci 0000:fe:06.2: [8086:3447] type 00 class 0x088000
[    1.717731] pci 0000:fe:07.0: [8086:3445] type 00 class 0x088000
[    1.717863] pci 0000:fe:07.1: [8086:3446] type 00 class 0x088000
[    1.717997] pci 0000:fe:07.2: [8086:3447] type 00 class 0x088000
[    1.718127] pci 0000:fe:0b.0: [8086:3448] type 00 class 0x088000
[    1.718205] pci 0000:fe:0b.1: [8086:3448] type 00 class 0x088000
[    1.718279] pci 0000:fe:0b.2: [8086:344b] type 00 class 0x088000
[    1.718359] pci 0000:fe:0c.0: [8086:344a] type 00 class 0x110100
[    1.718461] pci 0000:fe:0d.0: [8086:344a] type 00 class 0x110100
[    1.718558] pci 0000:fe:0e.0: [8086:344a] type 00 class 0x110100
[    1.718711] pci 0000:fe:0f.0: [8086:344a] type 00 class 0x110100
[    1.718883] pci 0000:fe:1a.0: [8086:2880] type 00 class 0x110100
[    1.718983] pci 0000:fe:1b.0: [8086:2880] type 00 class 0x110100
[    1.719079] pci 0000:fe:1c.0: [8086:2880] type 00 class 0x110100
[    1.719238] pci 0000:fe:1d.0: [8086:2880] type 00 class 0x110100
[    1.719399] pci_bus 0000:fe: on NUMA node 1
[    1.719470] ACPI: PCI Root Bridge [UC17] (domain 0000 [bus ff])
[    1.719472] acpi PNP0A03:03: _OSC: OS supports [ExtendedConfig ASPM ClockPM Segments MSI HPX-Type3]
[    1.719548] acpi PNP0A03:03: PCIe AER handled by firmware
[    1.719637] acpi PNP0A03:03: _OSC: platform does not support [SHPCHotplug LTR]
[    1.719806] acpi PNP0A03:03: _OSC: OS now controls [PCIeHotplug PME PCIeCapability]
[    1.719807] acpi PNP0A03:03: FADT indicates ASPM is unsupported, using BIOS configuration
[    1.719949] PCI host bridge to bus 0000:ff
[    1.719950] pci_bus 0000:ff: root bus resource [bus ff]
[    1.719960] pci 0000:ff:00.0: [8086:344c] type 00 class 0x088000
[    1.720076] pci 0000:ff:00.1: [8086:344c] type 00 class 0x088000
[    1.720196] pci 0000:ff:00.2: [8086:344c] type 00 class 0x088000
[    1.720302] pci 0000:ff:00.3: [8086:344c] type 00 class 0x088000
[    1.720433] pci 0000:ff:00.4: [8086:344c] type 00 class 0x088000
[    1.720558] pci 0000:ff:00.5: [8086:344c] type 00 class 0x088000
[    1.720660] pci 0000:ff:00.6: [8086:344c] type 00 class 0x088000
[    1.720793] pci 0000:ff:00.7: [8086:344c] type 00 class 0x088000
[    1.720926] pci 0000:ff:01.0: [8086:344c] type 00 class 0x088000
[    1.721066] pci 0000:ff:01.1: [8086:344c] type 00 class 0x088000
[    1.721200] pci 0000:ff:01.2: [8086:344c] type 00 class 0x088000
[    1.721290] pci 0000:ff:01.3: [8086:344c] type 00 class 0x088000
[    1.721437] pci 0000:ff:01.4: [8086:344c] type 00 class 0x088000
[    1.721582] pci 0000:ff:01.5: [8086:344c] type 00 class 0x088000
[    1.721730] pci 0000:ff:01.6: [8086:344c] type 00 class 0x088000
[    1.721863] pci 0000:ff:01.7: [8086:344c] type 00 class 0x088000
[    1.722002] pci 0000:ff:02.0: [8086:344c] type 00 class 0x088000
[    1.722145] pci 0000:ff:02.1: [8086:344c] type 00 class 0x088000
[    1.722284] pci 0000:ff:02.2: [8086:344c] type 00 class 0x088000
[    1.722430] pci 0000:ff:02.3: [8086:344c] type 00 class 0x088000
[    1.722577] pci 0000:ff:02.4: [8086:344c] type 00 class 0x088000
[    1.722721] pci 0000:ff:02.5: [8086:344c] type 00 class 0x088000
[    1.722873] pci 0000:ff:02.6: [8086:344c] type 00 class 0x088000
[    1.723021] pci 0000:ff:02.7: [8086:344c] type 00 class 0x088000
[    1.723179] pci 0000:ff:03.0: [8086:344c] type 00 class 0x088000
[    1.723344] pci 0000:ff:03.1: [8086:344c] type 00 class 0x088000
[    1.723499] pci 0000:ff:03.2: [8086:344c] type 00 class 0x088000
[    1.723661] pci 0000:ff:03.3: [8086:344c] type 00 class 0x088000
[    1.723844] pci 0000:ff:0a.0: [8086:344d] type 00 class 0x088000
[    1.723958] pci 0000:ff:0a.1: [8086:344d] type 00 class 0x088000
[    1.724078] pci 0000:ff:0a.2: [8086:344d] type 00 class 0x088000
[    1.724185] pci 0000:ff:0a.3: [8086:344d] type 00 class 0x088000
[    1.724313] pci 0000:ff:0a.4: [8086:344d] type 00 class 0x088000
[    1.724437] pci 0000:ff:0a.5: [8086:344d] type 00 class 0x088000
[    1.724539] pci 0000:ff:0a.6: [8086:344d] type 00 class 0x088000
[    1.724672] pci 0000:ff:0a.7: [8086:344d] type 00 class 0x088000
[    1.724808] pci 0000:ff:0b.0: [8086:344d] type 00 class 0x088000
[    1.724950] pci 0000:ff:0b.1: [8086:344d] type 00 class 0x088000
[    1.725084] pci 0000:ff:0b.2: [8086:344d] type 00 class 0x088000
[    1.725174] pci 0000:ff:0b.3: [8086:344d] type 00 class 0x088000
[    1.725319] pci 0000:ff:0b.4: [8086:344d] type 00 class 0x088000
[    1.725462] pci 0000:ff:0b.5: [8086:344d] type 00 class 0x088000
[    1.725609] pci 0000:ff:0b.6: [8086:344d] type 00 class 0x088000
[    1.725743] pci 0000:ff:0b.7: [8086:344d] type 00 class 0x088000
[    1.725887] pci 0000:ff:0c.0: [8086:344d] type 00 class 0x088000
[    1.726029] pci 0000:ff:0c.1: [8086:344d] type 00 class 0x088000
[    1.726169] pci 0000:ff:0c.2: [8086:344d] type 00 class 0x088000
[    1.726314] pci 0000:ff:0c.3: [8086:344d] type 00 class 0x088000
[    1.726456] pci 0000:ff:0c.4: [8086:344d] type 00 class 0x088000
[    1.726601] pci 0000:ff:0c.5: [8086:344d] type 00 class 0x088000
[    1.726752] pci 0000:ff:0c.6: [8086:344d] type 00 class 0x088000
[    1.726900] pci 0000:ff:0c.7: [8086:344d] type 00 class 0x088000
[    1.727064] pci 0000:ff:0d.0: [8086:344d] type 00 class 0x088000
[    1.727225] pci 0000:ff:0d.1: [8086:344d] type 00 class 0x088000
[    1.727378] pci 0000:ff:0d.2: [8086:344d] type 00 class 0x088000
[    1.727543] pci 0000:ff:0d.3: [8086:344d] type 00 class 0x088000
[    1.727726] pci 0000:ff:1d.0: [8086:344f] type 00 class 0x088000
[    1.727847] pci 0000:ff:1d.1: [8086:3457] type 00 class 0x088000
[    1.727969] pci 0000:ff:1e.0: [8086:3458] type 00 class 0x088000
[    1.728049] pci 0000:ff:1e.1: [8086:3459] type 00 class 0x088000
[    1.728131] pci 0000:ff:1e.2: [8086:345a] type 00 class 0x088000
[    1.728209] pci 0000:ff:1e.3: [8086:345b] type 00 class 0x088000
[    1.728284] pci 0000:ff:1e.4: [8086:345c] type 00 class 0x088000
[    1.728362] pci 0000:ff:1e.5: [8086:345d] type 00 class 0x088000
[    1.728439] pci 0000:ff:1e.6: [8086:345e] type 00 class 0x088000
[    1.728514] pci 0000:ff:1e.7: [8086:345f] type 00 class 0x088000
[    1.728591] pci_bus 0000:ff: on NUMA node 1
[    1.729929] HMAT: Memory (0x0 length 0x80000000) Flags:0003 Processor Domain:0 Memory Domain:0
[    1.729929] HMAT: Memory (0x100000000 length 0xf80000000) Flags:0003 Processor Domain:0 Memory Domain:0
[    1.729929] HMAT: Memory (0x2080000000 length 0x7e00000000) Flags:0003 Processor Domain:0 Memory Domain:2
[    1.729929] HMAT: Memory (0x1080000000 length 0x1000000000) Flags:0003 Processor Domain:1 Memory Domain:1
[    1.729929] HMAT: Memory (0x9e80000000 length 0x7e00000000) Flags:0003 Processor Domain:1 Memory Domain:3
[    1.729929] HMAT: Locality: Flags:00 Type:Read Latency Initiator Domains:2 Target Domains:4 Base:100
[    1.729929]   Initiator-Target[0-0]:7600 nsec
[    1.729929]   Initiator-Target[0-1]:13560 nsec
[    1.729929]   Initiator-Target[0-2]:25350 nsec
[    1.729929]   Initiator-Target[0-3]:31600 nsec
[    1.729929]   Initiator-Target[1-0]:13560 nsec
[    1.729929]   Initiator-Target[1-1]:7600 nsec
[    1.729929]   Initiator-Target[1-2]:31600 nsec
[    1.729929]   Initiator-Target[1-3]:25350 nsec
[    1.729929] HMAT: Locality: Flags:00 Type:Write Latency Initiator Domains:2 Target Domains:4 Base:100
[    1.729929]   Initiator-Target[0-0]:7600 nsec
[    1.729929]   Initiator-Target[0-1]:13560 nsec
[    1.729929]   Initiator-Target[0-2]:25350 nsec
[    1.729929]   Initiator-Target[0-3]:31600 nsec
[    1.729929]   Initiator-Target[1-0]:13560 nsec
[    1.729929]   Initiator-Target[1-1]:7600 nsec
[    1.729929]   Initiator-Target[1-2]:31600 nsec
[    1.729929]   Initiator-Target[1-3]:25350 nsec
[    1.729929] HMAT: Locality: Flags:00 Type:Read Bandwidth Initiator Domains:2 Target Domains:4 Base:1
[    1.729929]   Initiator-Target[0-0]:1790 MB/s
[    1.729929]   Initiator-Target[0-1]:1790 MB/s
[    1.729929]   Initiator-Target[0-2]:463 MB/s
[    1.729929]   Initiator-Target[0-3]:463 MB/s
[    1.729929]   Initiator-Target[1-0]:1790 MB/s
[    1.729929]   Initiator-Target[1-1]:1790 MB/s
[    1.729929]   Initiator-Target[1-2]:463 MB/s
[    1.729929]   Initiator-Target[1-3]:463 MB/s
[    1.729929] HMAT: Locality: Flags:00 Type:Write Bandwidth Initiator Domains:2 Target Domains:4 Base:1
[    1.729929]   Initiator-Target[0-0]:1910 MB/s
[    1.729929]   Initiator-Target[0-1]:1910 MB/s
[    1.729929]   Initiator-Target[0-2]:138 MB/s
[    1.729929]   Initiator-Target[0-3]:138 MB/s
[    1.729929]   Initiator-Target[1-0]:1910 MB/s
[    1.729929]   Initiator-Target[1-1]:1910 MB/s
[    1.729929]   Initiator-Target[1-2]:138 MB/s
[    1.729929]   Initiator-Target[1-3]:138 MB/s
[    1.729929] WARNING: CPU: 62 PID: 1 at drivers/base/node.c:191 node_set_perf_attrs+0x90/0xb0
[    1.729929] Modules linked in:
[    1.729929] CPU: 62 PID: 1 Comm: swapper/0 Not tainted 5.3.1-multiclock #1
[    1.729929] Hardware name: Dell Inc. PowerEdge R750/0K8F35, BIOS 1.10.2 03/03/2023
[    1.729929] RIP: 0010:node_set_perf_attrs+0x90/0xb0
[    1.729929] Code: f4 02 00 00 4c 89 ea 4c 89 e7 e8 bb bf c7 ff 85 c0 75 24 48 83 c3 08 48 8b 33 48 85 f6 75 e5 5b 41 5a 41 5c 41 5d 41 5e 5d c3 <0f> 0b 5b 41 5a 41 5c 41 5d 41 5e 5d c3 44 89 f6 48 c7 c7 70 5b fa
[    1.729929] RSP: 0000:ffffc3338007bd80 EFLAGS: 00010246
[    1.729929] RAX: 0000000000000002 RBX: 0000000000000003 RCX: 0000000000000000
[    1.729929] RDX: 0000000000000000 RSI: ffff9ed9a9ee8818 RDI: 0000000000000002
[    1.729929] RBP: ffffc3338007bda8 R08: ffff9eea178696f0 R09: 0000000000000000
[    1.729929] R10: ffff9ed9afe408f0 R11: ffff9ed9b0074010 R12: ffff9ed9a9ee8800
[    1.729929] R13: ffffffffb76db310 R14: 0000000000000005 R15: ffffffffb7495806
[    1.729929] FS:  0000000000000000(0000) GS:ffff9ed9b0bc0000(0000) knlGS:0000000000000000
[    1.729929] CS:  0010 DS: 0000 ES: 0000 CR0: 0000000080050033
[    1.729929] CR2: 0000000000000000 CR3: 0000001f3700a001 CR4: 0000000000760ee0
[    1.729929] DR0: 0000000000000000 DR1: 0000000000000000 DR2: 0000000000000000
[    1.729929] DR3: 0000000000000000 DR6: 00000000fffe0ff0 DR7: 0000000000000400
[    1.729929] PKRU: 55555554
[    1.729929] Call Trace:
[    1.729929]  hmat_init+0x32a/0x43c
[    1.729929]  ? hmat_parse_subtable+0x503/0x503
[    1.729929]  ? set_debug_rodata+0x17/0x17
[    1.729929]  do_one_initcall+0x4a/0x1fa
[    1.729929]  kernel_init_freeable+0x1c6/0x26d
[    1.729929]  ? rest_init+0xb0/0xb0
[    1.729929]  kernel_init+0xe/0x110
[    1.729929]  ret_from_fork+0x1f/0x40
[    1.729929] ---[ end trace b7068f268c84ad2c ]---
[    1.729952] pci 0000:03:00.0: vgaarb: setting as boot VGA device
[    1.729952] pci 0000:03:00.0: vgaarb: VGA device added: decodes=io+mem,owns=io+mem,locks=none
[    1.730000] pci 0000:03:00.0: vgaarb: bridge control possible
[    1.730001] vgaarb: loaded
[    1.730204] SCSI subsystem initialized
[    1.733946] libata version 3.00 loaded.
[    1.733959] ACPI: bus type USB registered
[    1.733972] usbcore: registered new interface driver usbfs
[    1.733977] usbcore: registered new interface driver hub
[    1.734250] usbcore: registered new device driver usb
[    1.734271] pps_core: LinuxPPS API ver. 1 registered
[    1.734272] pps_core: Software ver. 5.3.6 - Copyright 2005-2007 Rodolfo Giometti <giometti@linux.it>
[    1.734278] PTP clock support registered
[    1.734464] EDAC MC: Ver: 3.0.0
[    1.734677] Registered efivars operations
[    1.734677] PCI: Using ACPI for IRQ routing
[    1.736049] PCI: pci_cache_line_size set to 64 bytes
[    1.736607] e820: reserve RAM buffer [mem 0x0008f000-0x0008ffff]
[    1.736608] e820: reserve RAM buffer [mem 0x47bcd020-0x47ffffff]
[    1.736609] e820: reserve RAM buffer [mem 0x47bff020-0x47ffffff]
[    1.736610] e820: reserve RAM buffer [mem 0x47c32020-0x47ffffff]
[    1.736610] e820: reserve RAM buffer [mem 0x47c65020-0x47ffffff]
[    1.736611] e820: reserve RAM buffer [mem 0x49e77000-0x4bffffff]
[    1.736612] e820: reserve RAM buffer [mem 0x4b2cf000-0x4bffffff]
[    1.736612] e820: reserve RAM buffer [mem 0x4bd94000-0x4bffffff]
[    1.736613] e820: reserve RAM buffer [mem 0x4ce00000-0x4fffffff]
[    1.736614] e820: reserve RAM buffer [mem 0x5eefe000-0x5fffffff]
[    1.736614] e820: reserve RAM buffer [mem 0x6f800000-0x6fffffff]
[    1.736912] NetLabel: Initializing
[    1.736913] NetLabel:  domain hash size = 128
[    1.736913] NetLabel:  protocols = UNLABELED CIPSOv4 CALIPSO
[    1.736932] NetLabel:  unlabeled traffic allowed by default
[    1.738325] hpet0: at MMIO 0xfed00000, IRQs 2, 8, 0, 0, 0, 0, 0, 0
[    1.738328] hpet0: 8 comparators, 64-bit 24.000000 MHz counter
[    1.742022] clocksource: Switched to clocksource tsc-early
[    1.752974] VFS: Disk quotas dquot_6.6.0
[    1.753019] VFS: Dquot-cache hash table entries: 512 (order 0, 4096 bytes)
[    1.753305] *** VALIDATE hugetlbfs ***
[    1.753434] AppArmor: AppArmor Filesystem Enabled
[    1.753455] pnp: PnP ACPI init
[    1.768805] pnp 00:00: Plug and Play ACPI device, IDs PNP0b00 (active)
[    1.768966] system 00:01: [io  0x0500-0x05fe] has been reserved
[    1.768967] system 00:01: [io  0x0400-0x041f] has been reserved
[    1.768968] system 00:01: [io  0x0600-0x061f] has been reserved
[    1.768969] system 00:01: [io  0x0ca0-0x0ca1] has been reserved
[    1.768970] system 00:01: [io  0x0ca4-0x0ca6] has been reserved
[    1.768972] system 00:01: [mem 0xff000000-0xffffffff] has been reserved
[    1.768975] system 00:01: Plug and Play ACPI device, IDs PNP0c02 (active)
[    1.769220] pnp 00:02: Plug and Play ACPI device, IDs PNP0501 (active)
[    1.769424] pnp 00:03: Plug and Play ACPI device, IDs PNP0501 (active)
[    1.769581] system 00:04: [mem 0xfd000000-0xfdabffff] has been reserved
[    1.769582] system 00:04: [mem 0xfdad0000-0xfdadffff] has been reserved
[    1.769583] system 00:04: [mem 0xfdb00000-0xfdffffff] has been reserved
[    1.769584] system 00:04: [mem 0xfe000000-0xfe00ffff] has been reserved
[    1.769585] system 00:04: [mem 0xfe011000-0xfe01ffff] has been reserved
[    1.769586] system 00:04: [mem 0xfe036000-0xfe03bfff] has been reserved
[    1.769587] system 00:04: [mem 0xfe03d000-0xfe3fffff] has been reserved
[    1.769588] system 00:04: [mem 0xfe410000-0xfe7fffff] has been reserved
[    1.769590] system 00:04: Plug and Play ACPI device, IDs PNP0c02 (active)
[    1.769911] system 00:05: [io  0x1000-0x10fe] has been reserved
[    1.769913] system 00:05: Plug and Play ACPI device, IDs PNP0c02 (active)
[    1.770912] pnp: PnP ACPI: found 6 devices
[    1.772007] thermal_sys: Registered thermal governor 'fair_share'
[    1.772008] thermal_sys: Registered thermal governor 'bang_bang'
[    1.772009] thermal_sys: Registered thermal governor 'step_wise'
[    1.772009] thermal_sys: Registered thermal governor 'user_space'
[    1.772010] thermal_sys: Registered thermal governor 'power_allocator'
[    1.776503] clocksource: acpi_pm: mask: 0xffffff max_cycles: 0xffffff, max_idle_ns: 2085701024 ns
[    1.776525] pci 0000:04:00.0: can't claim BAR 6 [mem 0xfffc0000-0xffffffff pref]: no compatible bridge window
[    1.776526] pci 0000:04:00.1: can't claim BAR 6 [mem 0xfffc0000-0xffffffff pref]: no compatible bridge window
[    1.776527] pci 0000:17:00.0: can't claim BAR 6 [mem 0xfff00000-0xffffffff pref]: no compatible bridge window
[    1.776542] pci 0000:00:1c.5: BAR 14: assigned [mem 0x90000000-0x900fffff]
[    1.776545] pci 0000:00:1c.0: PCI bridge to [bus 01]
[    1.776553] pci 0000:02:00.0: PCI bridge to [bus 03]
[    1.776558] pci 0000:02:00.0:   bridge window [mem 0x92000000-0x928fffff]
[    1.776562] pci 0000:02:00.0:   bridge window [mem 0x91000000-0x91ffffff 64bit pref]
[    1.776568] pci 0000:00:1c.4: PCI bridge to [bus 02-03]
[    1.776570] pci 0000:00:1c.4:   bridge window [mem 0x92000000-0x928fffff]
[    1.776573] pci 0000:00:1c.4:   bridge window [mem 0x91000000-0x91ffffff 64bit pref]
[    1.776577] pci 0000:04:00.0: BAR 6: assigned [mem 0x90000000-0x9003ffff pref]
[    1.776579] pci 0000:04:00.1: BAR 6: assigned [mem 0x90040000-0x9007ffff pref]
[    1.776580] pci 0000:00:1c.5: PCI bridge to [bus 04]
[    1.776582] pci 0000:00:1c.5:   bridge window [mem 0x90000000-0x900fffff]
[    1.776585] pci 0000:00:1c.5:   bridge window [mem 0x92900000-0x929fffff 64bit pref]
[    1.776589] pci_bus 0000:00: resource 4 [io  0x0000-0x0cf7 window]
[    1.776590] pci_bus 0000:00: resource 5 [io  0x1000-0x4fff window]
[    1.776591] pci_bus 0000:00: resource 6 [mem 0x000a0000-0x000bffff window]
[    1.776591] pci_bus 0000:00: resource 7 [mem 0x000c8000-0x000cffff window]
