2024年 05月 16日 星期四 09:03:30 CST
pgmigrate_success 4507
pgmigrate_fail 3
pgmigrate_dst_node_full_fail 0
pgmigrate_numa_isolate_fail 6
pgmigrate_nomem_fail 0
pgmigrate_refcount_fail 0
thp_fault_alloc 0
thp_fault_fallback 0
thp_collapse_alloc 0
thp_collapse_alloc_failed 0
thp_file_alloc 0
thp_file_mapped 0
thp_split_page 0
thp_split_page_failed 0
thp_deferred_split_page 0
thp_split_pmd 0
thp_split_pud 0
thp_zero_page_alloc 0
thp_zero_page_alloc_failed 0
thp_swpout 0
thp_swpout_fallback 0
MemTotal:       1085816204 kB
MemFree:        1054936348 kB
MemAvailable:   1052804952 kB
Buffers:            6432 kB
Cached:           410508 kB
SwapCached:            0 kB
Active:           643152 kB
Inactive:         370572 kB
Active(anon):     569512 kB
Inactive(anon):    33592 kB
Active(file):      73640 kB
Inactive(file):   336980 kB
Unevictable:           0 kB
Mlocked:               0 kB
SwapTotal:       2097148 kB
SwapFree:        2097148 kB
Dirty:               332 kB
Writeback:             0 kB
AnonPages:        597228 kB
Mapped:           406576 kB
Shmem:              6204 kB
KReclaimable:     162436 kB
Slab:             523760 kB
SReclaimable:     162436 kB
SUnreclaim:       361324 kB
KernelStack:       33360 kB
PageTables:        27812 kB
NFS_Unstable:          0 kB
Bounce:                0 kB
WritebackTmp:          0 kB
CommitLimit:    545005248 kB
Committed_AS:    6646508 kB
VmallocTotal:   34359738367 kB
VmallocUsed:      105116 kB
VmallocChunk:          0 kB
Percpu:           125888 kB
HardwareCorrupted:     0 kB
AnonHugePages:         0 kB
ShmemHugePages:        0 kB
ShmemPmdMapped:        0 kB
CmaTotal:              0 kB
CmaFree:               0 kB
HugePages_Total:       0
HugePages_Free:        0
HugePages_Rsvd:        0
HugePages_Surp:        0
Hugepagesize:       2048 kB
Hugetlb:               0 kB
DirectMap4k:      894440 kB
DirectMap2M:     7979008 kB
DirectMap1G:    1180696576 kB
2024年 05月 16日 星期四 10:06:05 CST
pgmigrate_success 940275
pgmigrate_fail 58997765
pgmigrate_dst_node_full_fail 58988032
pgmigrate_numa_isolate_fail 28
pgmigrate_nomem_fail 1
pgmigrate_refcount_fail 512
thp_fault_alloc 75536
thp_fault_fallback 0
thp_collapse_alloc 16
thp_collapse_alloc_failed 8
thp_file_alloc 0
thp_file_mapped 0
thp_split_page 0
thp_split_page_failed 0
thp_deferred_split_page 77567
thp_split_pmd 4
thp_split_pud 0
thp_zero_page_alloc 0
thp_zero_page_alloc_failed 0
thp_swpout 0
thp_swpout_fallback 0
MemTotal:       1085816204 kB
MemFree:        1045046448 kB
MemAvailable:   1051694604 kB
Buffers:           63072 kB
Cached:         10114048 kB
SwapCached:          568 kB
Active:           423944 kB
Inactive:       10349004 kB
Active(anon):     111760 kB
Inactive(anon):   490108 kB
Active(file):     312184 kB
Inactive(file):  9858896 kB
Unevictable:           0 kB
Mlocked:               0 kB
SwapTotal:       2097148 kB
SwapFree:        2090748 kB
Dirty:                 0 kB
Writeback:             0 kB
AnonPages:        595532 kB
Mapped:           384588 kB
Shmem:              5748 kB
KReclaimable:     231924 kB
Slab:             599760 kB
SReclaimable:     231924 kB
SUnreclaim:       367836 kB
KernelStack:       33568 kB
PageTables:        28000 kB
NFS_Unstable:          0 kB
Bounce:                0 kB
WritebackTmp:          0 kB
CommitLimit:    545005248 kB
Committed_AS:    6472544 kB
VmallocTotal:   34359738367 kB
VmallocUsed:      105036 kB
VmallocChunk:          0 kB
Percpu:           125888 kB
HardwareCorrupted:     0 kB
AnonHugePages:    178176 kB
ShmemHugePages:        0 kB
ShmemPmdMapped:        0 kB
CmaTotal:              0 kB
CmaFree:               0 kB
HugePages_Total:       0
HugePages_Free:        0
HugePages_Rsvd:        0
HugePages_Surp:        0
Hugepagesize:       2048 kB
Hugetlb:               0 kB
DirectMap4k:      894440 kB
DirectMap2M:     7979008 kB
DirectMap1G:    1180696576 kB
