[    0.000000] Linux version 5.15.0-tiering-0.8 (xmu@xmu-PowerEdge-R750) (gcc (Ubuntu 8.4.0-1ubuntu1~18.04) 8.4.0, GNU ld (GNU Binutils for Ubuntu) 2.30) #1 SMP Thu Apr 18 19:37:58 CST 2024
[    0.000000] Command line: BOOT_IMAGE=/boot/vmlinuz-5.15.0-tiering-0.8 root=UUID=ce0c24b8-724b-4f33-9b2c-618433560aef ro memmap=46834M!4096M memmap=59G!64G quiet splash nomodeset vt.handoff=1
[    0.000000] KERNEL supported cpus:
[    0.000000]   Intel GenuineIntel
[    0.000000]   AMD AuthenticAMD
[    0.000000]   Hygon HygonGenuine
[    0.000000]   Centaur CentaurHauls
[    0.000000]   zhaoxin   Shanghai  
[    0.000000] x86/split lock detection: #AC: crashing the kernel on kernel split_locks and warning on user-space split_locks
[    0.000000] x86/fpu: Supporting XSAVE feature 0x001: 'x87 floating point registers'
[    0.000000] x86/fpu: Supporting XSAVE feature 0x002: 'SSE registers'
[    0.000000] x86/fpu: Supporting XSAVE feature 0x004: 'AVX registers'
[    0.000000] x86/fpu: Supporting XSAVE feature 0x020: 'AVX-512 opmask'
[    0.000000] x86/fpu: Supporting XSAVE feature 0x040: 'AVX-512 Hi256'
[    0.000000] x86/fpu: Supporting XSAVE feature 0x080: 'AVX-512 ZMM_Hi256'
[    0.000000] x86/fpu: Supporting XSAVE feature 0x200: 'Protection Keys User registers'
[    0.000000] x86/fpu: xstate_offset[2]:  576, xstate_sizes[2]:  256
[    0.000000] x86/fpu: xstate_offset[5]:  832, xstate_sizes[5]:   64
[    0.000000] x86/fpu: xstate_offset[6]:  896, xstate_sizes[6]:  512
[    0.000000] x86/fpu: xstate_offset[7]: 1408, xstate_sizes[7]: 1024
[    0.000000] x86/fpu: xstate_offset[9]: 2432, xstate_sizes[9]:    8
[    0.000000] x86/fpu: Enabled xstate features 0x2e7, context size is 2440 bytes, using 'compacted' format.
[    0.000000] signal: max sigframe size: 3632
[    0.000000] BIOS-provided physical RAM map:
[    0.000000] BIOS-e820: [mem 0x0000000000000000-0x000000000008efff] usable
[    0.000000] BIOS-e820: [mem 0x000000000008f000-0x000000000008ffff] reserved
[    0.000000] BIOS-e820: [mem 0x0000000000090000-0x000000000009ffff] usable
[    0.000000] BIOS-e820: [mem 0x00000000000a0000-0x00000000000fffff] reserved
[    0.000000] BIOS-e820: [mem 0x0000000000100000-0x0000000049e76fff] usable
[    0.000000] BIOS-e820: [mem 0x0000000049e77000-0x000000004ae76fff] ACPI NVS
[    0.000000] BIOS-e820: [mem 0x000000004ae77000-0x000000004b2cefff] usable
[    0.000000] BIOS-e820: [mem 0x000000004b2cf000-0x000000004b54dfff] ACPI data
[    0.000000] BIOS-e820: [mem 0x000000004b54e000-0x000000004bd93fff] usable
[    0.000000] BIOS-e820: [mem 0x000000004bd94000-0x000000004be99fff] reserved
[    0.000000] BIOS-e820: [mem 0x000000004be9a000-0x000000004cdfffff] usable
[    0.000000] BIOS-e820: [mem 0x000000004ce00000-0x000000004cffffff] reserved
[    0.000000] BIOS-e820: [mem 0x000000004d000000-0x000000005eefdfff] usable
[    0.000000] BIOS-e820: [mem 0x000000005eefe000-0x000000006e3fefff] reserved
[    0.000000] BIOS-e820: [mem 0x000000006e3ff000-0x000000006f3fefff] ACPI NVS
[    0.000000] BIOS-e820: [mem 0x000000006f3ff000-0x000000006f7fefff] ACPI data
[    0.000000] BIOS-e820: [mem 0x000000006f7ff000-0x000000006f7fffff] usable
[    0.000000] BIOS-e820: [mem 0x000000006f800000-0x000000008fffffff] reserved
[    0.000000] BIOS-e820: [mem 0x00000000fe000000-0x00000000fe010fff] reserved
[    0.000000] BIOS-e820: [mem 0x0000000100000000-0x000000207fffffff] usable
[    0.000000] BIOS-e820: [mem 0x0000002080000000-0x0000011c7fffffff] persistent (type 7)
[    0.000000] BIOS-e820: [mem 0x00001ffc00000000-0x00001fffffffffff] reserved
[    0.000000] NX (Execute Disable) protection: active
[    0.000000] e820: update [mem 0x46d5d020-0x46d6505f] usable ==> usable
[    0.000000] e820: update [mem 0x46d5d020-0x46d6505f] usable ==> usable
[    0.000000] e820: update [mem 0x46d2a020-0x46d5cc5f] usable ==> usable
[    0.000000] e820: update [mem 0x46d2a020-0x46d5cc5f] usable ==> usable
[    0.000000] e820: update [mem 0x46cf7020-0x46d29c5f] usable ==> usable
[    0.000000] e820: update [mem 0x46cf7020-0x46d29c5f] usable ==> usable
[    0.000000] e820: update [mem 0x46cc5020-0x46cf6a5f] usable ==> usable
[    0.000000] e820: update [mem 0x46cc5020-0x46cf6a5f] usable ==> usable
[    0.000000] extended physical RAM map:
[    0.000000] reserve setup_data: [mem 0x0000000000000000-0x000000000008efff] usable
[    0.000000] reserve setup_data: [mem 0x000000000008f000-0x000000000008ffff] reserved
[    0.000000] reserve setup_data: [mem 0x0000000000090000-0x000000000009ffff] usable
[    0.000000] reserve setup_data: [mem 0x00000000000a0000-0x00000000000fffff] reserved
[    0.000000] reserve setup_data: [mem 0x0000000000100000-0x0000000046cc501f] usable
[    0.000000] reserve setup_data: [mem 0x0000000046cc5020-0x0000000046cf6a5f] usable
[    0.000000] reserve setup_data: [mem 0x0000000046cf6a60-0x0000000046cf701f] usable
[    0.000000] reserve setup_data: [mem 0x0000000046cf7020-0x0000000046d29c5f] usable
[    0.000000] reserve setup_data: [mem 0x0000000046d29c60-0x0000000046d2a01f] usable
[    0.000000] reserve setup_data: [mem 0x0000000046d2a020-0x0000000046d5cc5f] usable
[    0.000000] reserve setup_data: [mem 0x0000000046d5cc60-0x0000000046d5d01f] usable
[    0.000000] reserve setup_data: [mem 0x0000000046d5d020-0x0000000046d6505f] usable
[    0.000000] reserve setup_data: [mem 0x0000000046d65060-0x0000000049e76fff] usable
[    0.000000] reserve setup_data: [mem 0x0000000049e77000-0x000000004ae76fff] ACPI NVS
[    0.000000] reserve setup_data: [mem 0x000000004ae77000-0x000000004b2cefff] usable
[    0.000000] reserve setup_data: [mem 0x000000004b2cf000-0x000000004b54dfff] ACPI data
[    0.000000] reserve setup_data: [mem 0x000000004b54e000-0x000000004bd93fff] usable
[    0.000000] reserve setup_data: [mem 0x000000004bd94000-0x000000004be99fff] reserved
[    0.000000] reserve setup_data: [mem 0x000000004be9a000-0x000000004cdfffff] usable
[    0.000000] reserve setup_data: [mem 0x000000004ce00000-0x000000004cffffff] reserved
[    0.000000] reserve setup_data: [mem 0x000000004d000000-0x000000005eefdfff] usable
[    0.000000] reserve setup_data: [mem 0x000000005eefe000-0x000000006e3fefff] reserved
[    0.000000] reserve setup_data: [mem 0x000000006e3ff000-0x000000006f3fefff] ACPI NVS
[    0.000000] reserve setup_data: [mem 0x000000006f3ff000-0x000000006f7fefff] ACPI data
[    0.000000] reserve setup_data: [mem 0x000000006f7ff000-0x000000006f7fffff] usable
[    0.000000] reserve setup_data: [mem 0x000000006f800000-0x000000008fffffff] reserved
[    0.000000] reserve setup_data: [mem 0x00000000fe000000-0x00000000fe010fff] reserved
[    0.000000] reserve setup_data: [mem 0x0000000100000000-0x0000000c6f1fffff] persistent (type 12)
[    0.000000] reserve setup_data: [mem 0x0000000c6f200000-0x0000000fffffffff] usable
[    0.000000] reserve setup_data: [mem 0x0000001000000000-0x0000001ebfffffff] persistent (type 12)
[    0.000000] reserve setup_data: [mem 0x0000001ec0000000-0x000000207fffffff] usable
[    0.000000] reserve setup_data: [mem 0x0000002080000000-0x0000011c7fffffff] persistent (type 7)
[    0.000000] reserve setup_data: [mem 0x00001ffc00000000-0x00001fffffffffff] reserved
[    0.000000] user-defined physical RAM map:
[    0.000000] user: [mem 0x0000000000000000-0x000000000008efff] usable
[    0.000000] user: [mem 0x000000000008f000-0x000000000008ffff] reserved
[    0.000000] user: [mem 0x0000000000090000-0x000000000009ffff] usable
[    0.000000] user: [mem 0x00000000000a0000-0x00000000000fffff] reserved
[    0.000000] user: [mem 0x0000000000100000-0x0000000046cc501f] usable
[    0.000000] user: [mem 0x0000000046cc5020-0x0000000046cf6a5f] usable
[    0.000000] user: [mem 0x0000000046cf6a60-0x0000000046cf701f] usable
[    0.000000] user: [mem 0x0000000046cf7020-0x0000000046d29c5f] usable
[    0.000000] user: [mem 0x0000000046d29c60-0x0000000046d2a01f] usable
[    0.000000] user: [mem 0x0000000046d2a020-0x0000000046d5cc5f] usable
[    0.000000] user: [mem 0x0000000046d5cc60-0x0000000046d5d01f] usable
[    0.000000] user: [mem 0x0000000046d5d020-0x0000000046d6505f] usable
[    0.000000] user: [mem 0x0000000046d65060-0x0000000049e76fff] usable
[    0.000000] user: [mem 0x0000000049e77000-0x000000004ae76fff] ACPI NVS
[    0.000000] user: [mem 0x000000004ae77000-0x000000004b2cefff] usable
[    0.000000] user: [mem 0x000000004b2cf000-0x000000004b54dfff] ACPI data
[    0.000000] user: [mem 0x000000004b54e000-0x000000004bd93fff] usable
[    0.000000] user: [mem 0x000000004bd94000-0x000000004be99fff] reserved
[    0.000000] user: [mem 0x000000004be9a000-0x000000004cdfffff] usable
[    0.000000] user: [mem 0x000000004ce00000-0x000000004cffffff] reserved
[    0.000000] user: [mem 0x000000004d000000-0x000000005eefdfff] usable
[    0.000000] user: [mem 0x000000005eefe000-0x000000006e3fefff] reserved
[    0.000000] user: [mem 0x000000006e3ff000-0x000000006f3fefff] ACPI NVS
[    0.000000] user: [mem 0x000000006f3ff000-0x000000006f7fefff] ACPI data
[    0.000000] user: [mem 0x000000006f7ff000-0x000000006f7fffff] usable
[    0.000000] user: [mem 0x000000006f800000-0x000000008fffffff] reserved
[    0.000000] user: [mem 0x00000000fe000000-0x00000000fe010fff] reserved
[    0.000000] user: [mem 0x0000000100000000-0x0000000c6f1fffff] persistent (type 12)
[    0.000000] user: [mem 0x0000000c6f200000-0x0000000fffffffff] usable
[    0.000000] user: [mem 0x0000001000000000-0x0000001ebfffffff] persistent (type 12)
[    0.000000] user: [mem 0x0000001ec0000000-0x000000207fffffff] usable
[    0.000000] user: [mem 0x0000002080000000-0x0000011c7fffffff] persistent (type 7)
[    0.000000] user: [mem 0x00001ffc00000000-0x00001fffffffffff] reserved
[    0.000000] efi: EFI v2.70 by Dell Inc.
[    0.000000] efi: ACPI=0x6f7fe000 ACPI 2.0=0x6f7fe014 MEMATTR=0x5b070020 SMBIOS=0x69526000 SMBIOS 3.0=0x69524000 MOKvar=0x5ef81000 RNG=0x5ef8a920 
[    0.000000] efi: seeding entropy pool
[    0.000000] random: fast init done
[    0.000000] SMBIOS 3.3.0 present.
[    0.000000] DMI: Dell Inc. PowerEdge R750/0K8F35, BIOS 1.10.2 03/03/2023
[    0.000000] tsc: Detected 2000.000 MHz processor
[    0.000007] e820: update [mem 0x00000000-0x00000fff] usable ==> reserved
[    0.000010] e820: remove [mem 0x000a0000-0x000fffff] usable
[    0.000018] last_pfn = 0x2080000 max_arch_pfn = 0x400000000
[    0.000192] x86/PAT: Configuration [0-7]: WB  WC  UC- UC  WB  WP  UC- WT  
[    0.002784] total RAM covered: 2095088M
[    0.002868]  gran_size: 64K 	chunk_size: 64K 	num_reg: 10  	lose cover RAM: 2016G
[    0.002871]  gran_size: 64K 	chunk_size: 128K 	num_reg: 10  	lose cover RAM: 2016G
[    0.002872]  gran_size: 64K 	chunk_size: 256K 	num_reg: 10  	lose cover RAM: 2016G
[    0.002873]  gran_size: 64K 	chunk_size: 512K 	num_reg: 10  	lose cover RAM: 2016G
[    0.002875]  gran_size: 64K 	chunk_size: 1M 	num_reg: 10  	lose cover RAM: 2016G
[    0.002876]  gran_size: 64K 	chunk_size: 2M 	num_reg: 10  	lose cover RAM: 2016G
[    0.002878]  gran_size: 64K 	chunk_size: 4M 	num_reg: 10  	lose cover RAM: 2016G
[    0.002879]  gran_size: 64K 	chunk_size: 8M 	num_reg: 10  	lose cover RAM: 2016G
[    0.002880]  gran_size: 64K 	chunk_size: 16M 	num_reg: 10  	lose cover RAM: 2016G
[    0.002881]  gran_size: 64K 	chunk_size: 32M 	num_reg: 10  	lose cover RAM: 1024G
[    0.002882]  gran_size: 64K 	chunk_size: 64M 	num_reg: 10  	lose cover RAM: 1024G
[    0.002884]  gran_size: 64K 	chunk_size: 128M 	num_reg: 10  	lose cover RAM: 1024G
[    0.002885]  gran_size: 64K 	chunk_size: 256M 	num_reg: 10  	lose cover RAM: 1024G
[    0.002886]  gran_size: 64K 	chunk_size: 512M 	num_reg: 10  	lose cover RAM: 1024G
[    0.002887]  gran_size: 64K 	chunk_size: 1G 	num_reg: 10  	lose cover RAM: 1024G
[    0.002889]  gran_size: 64K 	chunk_size: 2G 	num_reg: 10  	lose cover RAM: 1024G
[    0.002890]  gran_size: 128K 	chunk_size: 128K 	num_reg: 10  	lose cover RAM: 2016G
[    0.002891]  gran_size: 128K 	chunk_size: 256K 	num_reg: 10  	lose cover RAM: 2016G
[    0.002893]  gran_size: 128K 	chunk_size: 512K 	num_reg: 10  	lose cover RAM: 2016G
[    0.002894]  gran_size: 128K 	chunk_size: 1M 	num_reg: 10  	lose cover RAM: 2016G
[    0.002895]  gran_size: 128K 	chunk_size: 2M 	num_reg: 10  	lose cover RAM: 2016G
[    0.002896]  gran_size: 128K 	chunk_size: 4M 	num_reg: 10  	lose cover RAM: 2016G
[    0.002898]  gran_size: 128K 	chunk_size: 8M 	num_reg: 10  	lose cover RAM: 2016G
[    0.002899]  gran_size: 128K 	chunk_size: 16M 	num_reg: 10  	lose cover RAM: 2016G
[    0.002900]  gran_size: 128K 	chunk_size: 32M 	num_reg: 10  	lose cover RAM: 1024G
[    0.002901]  gran_size: 128K 	chunk_size: 64M 	num_reg: 10  	lose cover RAM: 1024G
[    0.002903]  gran_size: 128K 	chunk_size: 128M 	num_reg: 10  	lose cover RAM: 1024G
[    0.002904]  gran_size: 128K 	chunk_size: 256M 	num_reg: 10  	lose cover RAM: 1024G
[    0.002905]  gran_size: 128K 	chunk_size: 512M 	num_reg: 10  	lose cover RAM: 1024G
[    0.002907]  gran_size: 128K 	chunk_size: 1G 	num_reg: 10  	lose cover RAM: 1024G
[    0.002908]  gran_size: 128K 	chunk_size: 2G 	num_reg: 10  	lose cover RAM: 1024G
[    0.002910]  gran_size: 256K 	chunk_size: 256K 	num_reg: 10  	lose cover RAM: 2016G
[    0.002911]  gran_size: 256K 	chunk_size: 512K 	num_reg: 10  	lose cover RAM: 2016G
[    0.002912]  gran_size: 256K 	chunk_size: 1M 	num_reg: 10  	lose cover RAM: 2016G
[    0.002913]  gran_size: 256K 	chunk_size: 2M 	num_reg: 10  	lose cover RAM: 2016G
[    0.002915]  gran_size: 256K 	chunk_size: 4M 	num_reg: 10  	lose cover RAM: 2016G
[    0.002916]  gran_size: 256K 	chunk_size: 8M 	num_reg: 10  	lose cover RAM: 2016G
[    0.002917]  gran_size: 256K 	chunk_size: 16M 	num_reg: 10  	lose cover RAM: 2016G
[    0.002918]  gran_size: 256K 	chunk_size: 32M 	num_reg: 10  	lose cover RAM: 1024G
[    0.002920]  gran_size: 256K 	chunk_size: 64M 	num_reg: 10  	lose cover RAM: 1024G
[    0.002921]  gran_size: 256K 	chunk_size: 128M 	num_reg: 10  	lose cover RAM: 1024G
[    0.002922]  gran_size: 256K 	chunk_size: 256M 	num_reg: 10  	lose cover RAM: 1024G
[    0.002923]  gran_size: 256K 	chunk_size: 512M 	num_reg: 10  	lose cover RAM: 1024G
[    0.002925]  gran_size: 256K 	chunk_size: 1G 	num_reg: 10  	lose cover RAM: 1024G
[    0.002926]  gran_size: 256K 	chunk_size: 2G 	num_reg: 10  	lose cover RAM: 1024G
[    0.002927]  gran_size: 512K 	chunk_size: 512K 	num_reg: 10  	lose cover RAM: 2016G
[    0.002929]  gran_size: 512K 	chunk_size: 1M 	num_reg: 10  	lose cover RAM: 2016G
[    0.002930]  gran_size: 512K 	chunk_size: 2M 	num_reg: 10  	lose cover RAM: 2016G
[    0.002931]  gran_size: 512K 	chunk_size: 4M 	num_reg: 10  	lose cover RAM: 2016G
[    0.002933]  gran_size: 512K 	chunk_size: 8M 	num_reg: 10  	lose cover RAM: 2016G
[    0.002934]  gran_size: 512K 	chunk_size: 16M 	num_reg: 10  	lose cover RAM: 2016G
[    0.002935]  gran_size: 512K 	chunk_size: 32M 	num_reg: 10  	lose cover RAM: 1024G
[    0.002936]  gran_size: 512K 	chunk_size: 64M 	num_reg: 10  	lose cover RAM: 1024G
[    0.002938]  gran_size: 512K 	chunk_size: 128M 	num_reg: 10  	lose cover RAM: 1024G
[    0.002939]  gran_size: 512K 	chunk_size: 256M 	num_reg: 10  	lose cover RAM: 1024G
[    0.002940]  gran_size: 512K 	chunk_size: 512M 	num_reg: 10  	lose cover RAM: 1024G
[    0.002941]  gran_size: 512K 	chunk_size: 1G 	num_reg: 10  	lose cover RAM: 1024G
[    0.002943]  gran_size: 512K 	chunk_size: 2G 	num_reg: 10  	lose cover RAM: 1024G
[    0.002944]  gran_size: 1M 	chunk_size: 1M 	num_reg: 10  	lose cover RAM: 2016G
[    0.002945]  gran_size: 1M 	chunk_size: 2M 	num_reg: 10  	lose cover RAM: 2016G
[    0.002947]  gran_size: 1M 	chunk_size: 4M 	num_reg: 10  	lose cover RAM: 2016G
[    0.002948]  gran_size: 1M 	chunk_size: 8M 	num_reg: 10  	lose cover RAM: 2016G
[    0.002949]  gran_size: 1M 	chunk_size: 16M 	num_reg: 10  	lose cover RAM: 2016G
[    0.002950]  gran_size: 1M 	chunk_size: 32M 	num_reg: 10  	lose cover RAM: 1024G
[    0.002951]  gran_size: 1M 	chunk_size: 64M 	num_reg: 10  	lose cover RAM: 1024G
[    0.002953]  gran_size: 1M 	chunk_size: 128M 	num_reg: 10  	lose cover RAM: 1024G
[    0.002954]  gran_size: 1M 	chunk_size: 256M 	num_reg: 10  	lose cover RAM: 1024G
[    0.002955]  gran_size: 1M 	chunk_size: 512M 	num_reg: 10  	lose cover RAM: 1024G
[    0.002956]  gran_size: 1M 	chunk_size: 1G 	num_reg: 10  	lose cover RAM: 1024G
[    0.002958]  gran_size: 1M 	chunk_size: 2G 	num_reg: 10  	lose cover RAM: 1024G
[    0.002959]  gran_size: 2M 	chunk_size: 2M 	num_reg: 10  	lose cover RAM: 2016G
[    0.002960]  gran_size: 2M 	chunk_size: 4M 	num_reg: 10  	lose cover RAM: 2016G
[    0.002961]  gran_size: 2M 	chunk_size: 8M 	num_reg: 10  	lose cover RAM: 2016G
[    0.002962]  gran_size: 2M 	chunk_size: 16M 	num_reg: 10  	lose cover RAM: 2016G
[    0.002964]  gran_size: 2M 	chunk_size: 32M 	num_reg: 10  	lose cover RAM: 1024G
[    0.002965]  gran_size: 2M 	chunk_size: 64M 	num_reg: 10  	lose cover RAM: 1024G
[    0.002967]  gran_size: 2M 	chunk_size: 128M 	num_reg: 10  	lose cover RAM: 1024G
[    0.002968]  gran_size: 2M 	chunk_size: 256M 	num_reg: 10  	lose cover RAM: 1024G
[    0.002969]  gran_size: 2M 	chunk_size: 512M 	num_reg: 10  	lose cover RAM: 1024G
[    0.002971]  gran_size: 2M 	chunk_size: 1G 	num_reg: 10  	lose cover RAM: 1024G
[    0.002972]  gran_size: 2M 	chunk_size: 2G 	num_reg: 10  	lose cover RAM: 1024G
[    0.002973]  gran_size: 4M 	chunk_size: 4M 	num_reg: 10  	lose cover RAM: 2016G
[    0.002974]  gran_size: 4M 	chunk_size: 8M 	num_reg: 10  	lose cover RAM: 2016G
[    0.002976]  gran_size: 4M 	chunk_size: 16M 	num_reg: 10  	lose cover RAM: 2016G
[    0.002977]  gran_size: 4M 	chunk_size: 32M 	num_reg: 10  	lose cover RAM: 1024G
[    0.002978]  gran_size: 4M 	chunk_size: 64M 	num_reg: 10  	lose cover RAM: 1024G
[    0.002979]  gran_size: 4M 	chunk_size: 128M 	num_reg: 10  	lose cover RAM: 1024G
[    0.002980]  gran_size: 4M 	chunk_size: 256M 	num_reg: 10  	lose cover RAM: 1024G
[    0.002982]  gran_size: 4M 	chunk_size: 512M 	num_reg: 10  	lose cover RAM: 1024G
[    0.002983]  gran_size: 4M 	chunk_size: 1G 	num_reg: 10  	lose cover RAM: 1024G
[    0.002984]  gran_size: 4M 	chunk_size: 2G 	num_reg: 10  	lose cover RAM: 1024G
[    0.002985]  gran_size: 8M 	chunk_size: 8M 	num_reg: 10  	lose cover RAM: 2016G
[    0.002987]  gran_size: 8M 	chunk_size: 16M 	num_reg: 10  	lose cover RAM: 2016G
[    0.002988]  gran_size: 8M 	chunk_size: 32M 	num_reg: 10  	lose cover RAM: 1024G
[    0.002989]  gran_size: 8M 	chunk_size: 64M 	num_reg: 10  	lose cover RAM: 1024G
[    0.002991]  gran_size: 8M 	chunk_size: 128M 	num_reg: 10  	lose cover RAM: 1024G
[    0.002992]  gran_size: 8M 	chunk_size: 256M 	num_reg: 10  	lose cover RAM: 1024G
[    0.002993]  gran_size: 8M 	chunk_size: 512M 	num_reg: 10  	lose cover RAM: 1024G
[    0.002994]  gran_size: 8M 	chunk_size: 1G 	num_reg: 10  	lose cover RAM: 1024G
[    0.002996]  gran_size: 8M 	chunk_size: 2G 	num_reg: 10  	lose cover RAM: 1024G
[    0.002997]  gran_size: 16M 	chunk_size: 16M 	num_reg: 10  	lose cover RAM: 2016G
[    0.002998]  gran_size: 16M 	chunk_size: 32M 	num_reg: 10  	lose cover RAM: 1024G
[    0.003000]  gran_size: 16M 	chunk_size: 64M 	num_reg: 10  	lose cover RAM: 1024G
[    0.003001]  gran_size: 16M 	chunk_size: 128M 	num_reg: 10  	lose cover RAM: 1024G
[    0.003002]  gran_size: 16M 	chunk_size: 256M 	num_reg: 10  	lose cover RAM: 1024G
[    0.003003]  gran_size: 16M 	chunk_size: 512M 	num_reg: 10  	lose cover RAM: 1024G
[    0.003005]  gran_size: 16M 	chunk_size: 1G 	num_reg: 10  	lose cover RAM: 1024G
[    0.003006]  gran_size: 16M 	chunk_size: 2G 	num_reg: 10  	lose cover RAM: 1024G
[    0.003007]  gran_size: 32M 	chunk_size: 32M 	num_reg: 10  	lose cover RAM: 2031632M
[    0.003009]  gran_size: 32M 	chunk_size: 64M 	num_reg: 10  	lose cover RAM: 1048592M
[    0.003010]  gran_size: 32M 	chunk_size: 128M 	num_reg: 10  	lose cover RAM: 1048592M
[    0.003011]  gran_size: 32M 	chunk_size: 256M 	num_reg: 10  	lose cover RAM: 1048592M
[    0.003013]  gran_size: 32M 	chunk_size: 512M 	num_reg: 10  	lose cover RAM: 1048592M
[    0.003014]  gran_size: 32M 	chunk_size: 1G 	num_reg: 10  	lose cover RAM: 1048592M
[    0.003015]  gran_size: 32M 	chunk_size: 2G 	num_reg: 10  	lose cover RAM: 1048592M
[    0.003016]  gran_size: 64M 	chunk_size: 64M 	num_reg: 10  	lose cover RAM: 1966128M
[    0.003018]  gran_size: 64M 	chunk_size: 128M 	num_reg: 10  	lose cover RAM: 1048624M
[    0.003019]  gran_size: 64M 	chunk_size: 256M 	num_reg: 10  	lose cover RAM: 1048624M
[    0.003020]  gran_size: 64M 	chunk_size: 512M 	num_reg: 10  	lose cover RAM: 1048624M
[    0.003021]  gran_size: 64M 	chunk_size: 1G 	num_reg: 10  	lose cover RAM: 1048624M
[    0.003023]  gran_size: 64M 	chunk_size: 2G 	num_reg: 10  	lose cover RAM: 1048624M
[    0.003024]  gran_size: 128M 	chunk_size: 128M 	num_reg: 10  	lose cover RAM: 1835120M
[    0.003025]  gran_size: 128M 	chunk_size: 256M 	num_reg: 10  	lose cover RAM: 1048688M
[    0.003027]  gran_size: 128M 	chunk_size: 512M 	num_reg: 10  	lose cover RAM: 1048688M
[    0.003028]  gran_size: 128M 	chunk_size: 1G 	num_reg: 10  	lose cover RAM: 1048688M
[    0.003029]  gran_size: 128M 	chunk_size: 2G 	num_reg: 10  	lose cover RAM: 1048688M
[    0.003031]  gran_size: 256M 	chunk_size: 256M 	num_reg: 10  	lose cover RAM: 1573104M
[    0.003032]  gran_size: 256M 	chunk_size: 512M 	num_reg: 10  	lose cover RAM: 1048816M
[    0.003034]  gran_size: 256M 	chunk_size: 1G 	num_reg: 10  	lose cover RAM: 1048816M
[    0.003035]  gran_size: 256M 	chunk_size: 2G 	num_reg: 10  	lose cover RAM: 1048816M
[    0.003036]  gran_size: 512M 	chunk_size: 512M 	num_reg: 10  	lose cover RAM: 1049072M
[    0.003037]  gran_size: 512M 	chunk_size: 1G 	num_reg: 10  	lose cover RAM: 1049072M
[    0.003039]  gran_size: 512M 	chunk_size: 2G 	num_reg: 10  	lose cover RAM: 1049072M
[    0.003040]  gran_size: 1G 	chunk_size: 1G 	num_reg: 10  	lose cover RAM: 1008M
[    0.003041]  gran_size: 1G 	chunk_size: 2G 	num_reg: 10  	lose cover RAM: 1008M
[    0.003042]  gran_size: 2G 	chunk_size: 2G 	num_reg: 9  	lose cover RAM: 2032M
[    0.003044] mtrr_cleanup: can not find optimal value
[    0.003045] please specify mtrr_gran_size/mtrr_chunk_size
[    0.003047] e820: update [mem 0x7f000000-0xffffffff] usable ==> reserved
[    0.003050] x2apic: enabled by BIOS, switching to x2apic ops
[    0.003051] last_pfn = 0x6f800 max_arch_pfn = 0x400000000
[    0.014377] Using GB pages for direct mapping
[    0.015456] Secure boot disabled
[    0.015457] RAMDISK: [mem 0x205cb7c000-0x207fffffff]
[    0.015462] ACPI: Early table checksum verification disabled
[    0.015464] ACPI: RSDP 0x000000006F7FE014 000024 (v02 DELL  )
[    0.015468] ACPI: XSDT 0x000000006F41C188 0000F4 (v01 DELL   PE_SC3   00000000 DELL 01000013)
[    0.015474] ACPI: FACP 0x000000006F430000 000114 (v06 DELL   PE_SC3   00000000 DELL 00000001)
[    0.015479] ACPI: DSDT 0x000000004B4CE000 07FAD3 (v02 DELL   PE_SC3   00000003 DELL 00000001)
[    0.015483] ACPI: FACS 0x000000006F2F2000 000040
[    0.015486] ACPI: SSDT 0x000000006F7FB000 00159A (v02 INTEL  RAS_ACPI 00000001 INTL 20210331)
[    0.015489] ACPI: SSDT 0x000000006F7FA000 000745 (v02 INTEL  ADDRXLAT 00000001 INTL 20210331)
[    0.015493] ACPI: MCEJ 0x000000006F7F9000 000130 (v01 INTEL           00000001 INTL 0100000D)
[    0.015496] ACPI: BERT 0x000000006F7F8000 000030 (v01 DELL   PE_SC3   00000001 INTL 00000001)
[    0.015499] ACPI: ERST 0x000000006F7F7000 000230 (v01 DELL   PE_SC3   00000001 INTL 00000001)
[    0.015503] ACPI: SSDT 0x000000006F431000 3C524E (v02 INTEL  SSDTNVDR 00001000 INTL 20210331)
[    0.015506] ACPI: HMAT 0x000000006F42F000 000210 (v01 DELL   PE_SC3   00000001 DELL 00000001)
[    0.015509] ACPI: HPET 0x000000006F42E000 000038 (v01 DELL   PE_SC3   00000001 DELL 00000001)
[    0.015512] ACPI: MCFG 0x000000006F42D000 00003C (v01 DELL   PE_SC3   00000001 DELL 00000001)
[    0.015516] ACPI: MIGT 0x000000006F42C000 000040 (v01 DELL   PE_SC3   00000000 DELL 00000001)
[    0.015519] ACPI: MSCT 0x000000006F42B000 000090 (v01 DELL   PE_SC3   00000001 DELL 00000001)
[    0.015522] ACPI: PMTT 0x000000006F429000 0011E8 (v02 DELL   PE_SC3   00000001 DELL 00000001)
[    0.015525] ACPI: WSMT 0x000000006F428000 000028 (v01 DELL   PE_SC3   00000000 DELL 00000001)
[    0.015529] ACPI: APIC 0x000000006F427000 00075E (v04 DELL   PE_SC3   00000000 DELL 00000001)
[    0.015532] ACPI: SLIT 0x000000006F426000 00003C (v01 DELL   PE_SC3   00000001 DELL 01000013)
[    0.015535] ACPI: SRAT 0x000000006F41F000 006430 (v03 DELL   PE_SC3   00000002 DELL 01000013)
[    0.015538] ACPI: OEM4 0x000000004B346000 187A61 (v02 INTEL  CPU  CST 00003000 INTL 20210331)
[    0.015541] ACPI: SSDT 0x000000004B2CF000 0764A5 (v02 INTEL  SSDT  PM 00004000 INTL 20210331)
[    0.015545] ACPI: SSDT 0x000000006F41E000 000A1F (v02 DELL   PE_SC3   00000000 DELL 00000001)
[    0.015548] ACPI: HEST 0x000000006F41D000 00017C (v01 DELL   PE_SC3   00000001 INTL 00000001)
[    0.015551] ACPI: PCAT 0x000000006F41B000 00010C (v19 DELL   PE_SC3   00000002 DELL 00000001)
[    0.015554] ACPI: SSDT 0x000000006F413000 007299 (v02 INTEL  SpsNm    00000002 INTL 20210331)
[    0.015558] ACPI: SSDT 0x000000006F412000 000426 (v02 DELL   PE_SC3   00000002 DELL 00000001)
[    0.015561] ACPI: NFIT 0x000000006F7FD000 000488 (v01 DELL   PE_SC3   00000002 DELL 00000001)
[    0.015564] ACPI: DMAR 0x000000006F411000 000158 (v01 DELL   PE_SC3   00000001 DELL 00000001)
[    0.015567] ACPI: Reserving FACP table memory at [mem 0x6f430000-0x6f430113]
[    0.015568] ACPI: Reserving DSDT table memory at [mem 0x4b4ce000-0x4b54dad2]
[    0.015570] ACPI: Reserving FACS table memory at [mem 0x6f2f2000-0x6f2f203f]
[    0.015571] ACPI: Reserving SSDT table memory at [mem 0x6f7fb000-0x6f7fc599]
[    0.015571] ACPI: Reserving SSDT table memory at [mem 0x6f7fa000-0x6f7fa744]
[    0.015572] ACPI: Reserving MCEJ table memory at [mem 0x6f7f9000-0x6f7f912f]
[    0.015573] ACPI: Reserving BERT table memory at [mem 0x6f7f8000-0x6f7f802f]
[    0.015574] ACPI: Reserving ERST table memory at [mem 0x6f7f7000-0x6f7f722f]
[    0.015575] ACPI: Reserving SSDT table memory at [mem 0x6f431000-0x6f7f624d]
[    0.015576] ACPI: Reserving HMAT table memory at [mem 0x6f42f000-0x6f42f20f]
[    0.015577] ACPI: Reserving HPET table memory at [mem 0x6f42e000-0x6f42e037]
[    0.015577] ACPI: Reserving MCFG table memory at [mem 0x6f42d000-0x6f42d03b]
[    0.015578] ACPI: Reserving MIGT table memory at [mem 0x6f42c000-0x6f42c03f]
[    0.015579] ACPI: Reserving MSCT table memory at [mem 0x6f42b000-0x6f42b08f]
[    0.015580] ACPI: Reserving PMTT table memory at [mem 0x6f429000-0x6f42a1e7]
[    0.015581] ACPI: Reserving WSMT table memory at [mem 0x6f428000-0x6f428027]
[    0.015582] ACPI: Reserving APIC table memory at [mem 0x6f427000-0x6f42775d]
[    0.015583] ACPI: Reserving SLIT table memory at [mem 0x6f426000-0x6f42603b]
[    0.015584] ACPI: Reserving SRAT table memory at [mem 0x6f41f000-0x6f42542f]
[    0.015584] ACPI: Reserving OEM4 table memory at [mem 0x4b346000-0x4b4cda60]
[    0.015585] ACPI: Reserving SSDT table memory at [mem 0x4b2cf000-0x4b3454a4]
[    0.015586] ACPI: Reserving SSDT table memory at [mem 0x6f41e000-0x6f41ea1e]
[    0.015587] ACPI: Reserving HEST table memory at [mem 0x6f41d000-0x6f41d17b]
[    0.015588] ACPI: Reserving PCAT table memory at [mem 0x6f41b000-0x6f41b10b]
[    0.015589] ACPI: Reserving SSDT table memory at [mem 0x6f413000-0x6f41a298]
[    0.015590] ACPI: Reserving SSDT table memory at [mem 0x6f412000-0x6f412425]
[    0.015591] ACPI: Reserving NFIT table memory at [mem 0x6f7fd000-0x6f7fd487]
[    0.015592] ACPI: Reserving DMAR table memory at [mem 0x6f411000-0x6f411157]
[    0.015602] Setting APIC routing to cluster x2apic.
[    0.015650] SRAT: PXM 0 -> APIC 0x0000 -> Node 0
[    0.015652] SRAT: PXM 0 -> APIC 0x0001 -> Node 0
[    0.015653] SRAT: PXM 0 -> APIC 0x0002 -> Node 0
[    0.015653] SRAT: PXM 0 -> APIC 0x0003 -> Node 0
[    0.015654] SRAT: PXM 0 -> APIC 0x0004 -> Node 0
[    0.015654] SRAT: PXM 0 -> APIC 0x0005 -> Node 0
[    0.015655] SRAT: PXM 0 -> APIC 0x0006 -> Node 0
[    0.015656] SRAT: PXM 0 -> APIC 0x0007 -> Node 0
[    0.015656] SRAT: PXM 0 -> APIC 0x0008 -> Node 0
[    0.015657] SRAT: PXM 0 -> APIC 0x0009 -> Node 0
[    0.015658] SRAT: PXM 0 -> APIC 0x000a -> Node 0
[    0.015659] SRAT: PXM 0 -> APIC 0x000b -> Node 0
[    0.015659] SRAT: PXM 0 -> APIC 0x000c -> Node 0
[    0.015660] SRAT: PXM 0 -> APIC 0x000d -> Node 0
[    0.015661] SRAT: PXM 0 -> APIC 0x000e -> Node 0
[    0.015661] SRAT: PXM 0 -> APIC 0x000f -> Node 0
[    0.015662] SRAT: PXM 0 -> APIC 0x0010 -> Node 0
[    0.015663] SRAT: PXM 0 -> APIC 0x0011 -> Node 0
[    0.015663] SRAT: PXM 0 -> APIC 0x0012 -> Node 0
[    0.015664] SRAT: PXM 0 -> APIC 0x0013 -> Node 0
[    0.015665] SRAT: PXM 0 -> APIC 0x0014 -> Node 0
[    0.015665] SRAT: PXM 0 -> APIC 0x0015 -> Node 0
[    0.015666] SRAT: PXM 0 -> APIC 0x0016 -> Node 0
[    0.015667] SRAT: PXM 0 -> APIC 0x0017 -> Node 0
[    0.015667] SRAT: PXM 0 -> APIC 0x0018 -> Node 0
[    0.015668] SRAT: PXM 0 -> APIC 0x0019 -> Node 0
[    0.015669] SRAT: PXM 0 -> APIC 0x001a -> Node 0
[    0.015669] SRAT: PXM 0 -> APIC 0x001b -> Node 0
[    0.015670] SRAT: PXM 0 -> APIC 0x001c -> Node 0
[    0.015671] SRAT: PXM 0 -> APIC 0x001d -> Node 0
[    0.015671] SRAT: PXM 0 -> APIC 0x001e -> Node 0
[    0.015672] SRAT: PXM 0 -> APIC 0x001f -> Node 0
[    0.015672] SRAT: PXM 0 -> APIC 0x0020 -> Node 0
[    0.015673] SRAT: PXM 0 -> APIC 0x0021 -> Node 0
[    0.015674] SRAT: PXM 0 -> APIC 0x0022 -> Node 0
[    0.015674] SRAT: PXM 0 -> APIC 0x0023 -> Node 0
[    0.015675] SRAT: PXM 0 -> APIC 0x0024 -> Node 0
[    0.015676] SRAT: PXM 0 -> APIC 0x0025 -> Node 0
[    0.015676] SRAT: PXM 0 -> APIC 0x0026 -> Node 0
[    0.015677] SRAT: PXM 0 -> APIC 0x0027 -> Node 0
[    0.015678] SRAT: PXM 0 -> APIC 0x0028 -> Node 0
[    0.015678] SRAT: PXM 0 -> APIC 0x0029 -> Node 0
[    0.015679] SRAT: PXM 0 -> APIC 0x002a -> Node 0
[    0.015679] SRAT: PXM 0 -> APIC 0x002b -> Node 0
[    0.015680] SRAT: PXM 0 -> APIC 0x002c -> Node 0
[    0.015681] SRAT: PXM 0 -> APIC 0x002d -> Node 0
[    0.015681] SRAT: PXM 0 -> APIC 0x002e -> Node 0
[    0.015682] SRAT: PXM 0 -> APIC 0x002f -> Node 0
[    0.015683] SRAT: PXM 0 -> APIC 0x0030 -> Node 0
[    0.015683] SRAT: PXM 0 -> APIC 0x0031 -> Node 0
[    0.015684] SRAT: PXM 0 -> APIC 0x0032 -> Node 0
[    0.015685] SRAT: PXM 0 -> APIC 0x0033 -> Node 0
[    0.015685] SRAT: PXM 0 -> APIC 0x0034 -> Node 0
[    0.015686] SRAT: PXM 0 -> APIC 0x0035 -> Node 0
[    0.015686] SRAT: PXM 0 -> APIC 0x0036 -> Node 0
[    0.015687] SRAT: PXM 0 -> APIC 0x0037 -> Node 0
[    0.015688] SRAT: PXM 1 -> APIC 0x0080 -> Node 1
[    0.015689] SRAT: PXM 1 -> APIC 0x0081 -> Node 1
[    0.015689] SRAT: PXM 1 -> APIC 0x0082 -> Node 1
[    0.015690] SRAT: PXM 1 -> APIC 0x0083 -> Node 1
[    0.015691] SRAT: PXM 1 -> APIC 0x0084 -> Node 1
[    0.015691] SRAT: PXM 1 -> APIC 0x0085 -> Node 1
[    0.015692] SRAT: PXM 1 -> APIC 0x0086 -> Node 1
[    0.015693] SRAT: PXM 1 -> APIC 0x0087 -> Node 1
[    0.015693] SRAT: PXM 1 -> APIC 0x0088 -> Node 1
[    0.015694] SRAT: PXM 1 -> APIC 0x0089 -> Node 1
[    0.015695] SRAT: PXM 1 -> APIC 0x008a -> Node 1
[    0.015695] SRAT: PXM 1 -> APIC 0x008b -> Node 1
[    0.015696] SRAT: PXM 1 -> APIC 0x008c -> Node 1
[    0.015697] SRAT: PXM 1 -> APIC 0x008d -> Node 1
[    0.015697] SRAT: PXM 1 -> APIC 0x008e -> Node 1
[    0.015698] SRAT: PXM 1 -> APIC 0x008f -> Node 1
[    0.015698] SRAT: PXM 1 -> APIC 0x0090 -> Node 1
[    0.015699] SRAT: PXM 1 -> APIC 0x0091 -> Node 1
[    0.015700] SRAT: PXM 1 -> APIC 0x0092 -> Node 1
[    0.015700] SRAT: PXM 1 -> APIC 0x0093 -> Node 1
[    0.015701] SRAT: PXM 1 -> APIC 0x0094 -> Node 1
[    0.015702] SRAT: PXM 1 -> APIC 0x0095 -> Node 1
[    0.015702] SRAT: PXM 1 -> APIC 0x0096 -> Node 1
[    0.015703] SRAT: PXM 1 -> APIC 0x0097 -> Node 1
[    0.015704] SRAT: PXM 1 -> APIC 0x0098 -> Node 1
[    0.015704] SRAT: PXM 1 -> APIC 0x0099 -> Node 1
[    0.015705] SRAT: PXM 1 -> APIC 0x009a -> Node 1
[    0.015705] SRAT: PXM 1 -> APIC 0x009b -> Node 1
[    0.015706] SRAT: PXM 1 -> APIC 0x009c -> Node 1
[    0.015707] SRAT: PXM 1 -> APIC 0x009d -> Node 1
[    0.015707] SRAT: PXM 1 -> APIC 0x009e -> Node 1
[    0.015708] SRAT: PXM 1 -> APIC 0x009f -> Node 1
[    0.015709] SRAT: PXM 1 -> APIC 0x00a0 -> Node 1
[    0.015709] SRAT: PXM 1 -> APIC 0x00a1 -> Node 1
[    0.015710] SRAT: PXM 1 -> APIC 0x00a2 -> Node 1
[    0.015711] SRAT: PXM 1 -> APIC 0x00a3 -> Node 1
[    0.015711] SRAT: PXM 1 -> APIC 0x00a4 -> Node 1
[    0.015712] SRAT: PXM 1 -> APIC 0x00a5 -> Node 1
[    0.015712] SRAT: PXM 1 -> APIC 0x00a6 -> Node 1
[    0.015713] SRAT: PXM 1 -> APIC 0x00a7 -> Node 1
[    0.015714] SRAT: PXM 1 -> APIC 0x00a8 -> Node 1
[    0.015714] SRAT: PXM 1 -> APIC 0x00a9 -> Node 1
[    0.015715] SRAT: PXM 1 -> APIC 0x00aa -> Node 1
[    0.015716] SRAT: PXM 1 -> APIC 0x00ab -> Node 1
[    0.015716] SRAT: PXM 1 -> APIC 0x00ac -> Node 1
[    0.015717] SRAT: PXM 1 -> APIC 0x00ad -> Node 1
[    0.015717] SRAT: PXM 1 -> APIC 0x00ae -> Node 1
[    0.015718] SRAT: PXM 1 -> APIC 0x00af -> Node 1
[    0.015719] SRAT: PXM 1 -> APIC 0x00b0 -> Node 1
[    0.015720] SRAT: PXM 1 -> APIC 0x00b1 -> Node 1
[    0.015720] SRAT: PXM 1 -> APIC 0x00b2 -> Node 1
[    0.015721] SRAT: PXM 1 -> APIC 0x00b3 -> Node 1
[    0.015722] SRAT: PXM 1 -> APIC 0x00b4 -> Node 1
[    0.015723] SRAT: PXM 1 -> APIC 0x00b5 -> Node 1
[    0.015723] SRAT: PXM 1 -> APIC 0x00b6 -> Node 1
[    0.015724] SRAT: PXM 1 -> APIC 0x00b7 -> Node 1
[    0.015736] ACPI: SRAT: Node 0 PXM 0 [mem 0x00000000-0x7fffffff]
[    0.015738] ACPI: SRAT: Node 0 PXM 0 [mem 0x100000000-0x107fffffff]
[    0.015740] ACPI: SRAT: Node 2 PXM 2 [mem 0x2080000000-0x9e7fffffff] non-volatile
[    0.015741] ACPI: SRAT: Node 1 PXM 1 [mem 0x1080000000-0x207fffffff]
[    0.015742] ACPI: SRAT: Node 3 PXM 3 [mem 0x9e80000000-0x11c7fffffff] non-volatile
[    0.015751] NUMA: Initialized distance table, cnt=4
[    0.015753] NUMA: Node 0 [mem 0x00000000-0x7fffffff] + [mem 0x100000000-0x107fffffff] -> [mem 0x00000000-0x107fffffff]
[    0.015762] NODE_DATA(0) allocated [mem 0xffffd5000-0xfffffffff]
[    0.015780] NODE_DATA(1) allocated [mem 0x205cb4e000-0x205cb78fff]
[    0.015977] Zone ranges:
[    0.015977]   DMA      [mem 0x0000000000001000-0x0000000000ffffff]
[    0.015979]   DMA32    [mem 0x0000000001000000-0x00000000ffffffff]
[    0.015981]   Normal   [mem 0x0000000100000000-0x000000207fffffff]
[    0.015982]   Device   empty
[    0.015983] Movable zone start for each node
[    0.015986] Early memory node ranges
[    0.015987]   node   0: [mem 0x0000000000001000-0x000000000008efff]
[    0.015988]   node   0: [mem 0x0000000000090000-0x000000000009ffff]
[    0.015989]   node   0: [mem 0x0000000000100000-0x0000000049e76fff]
[    0.015990]   node   0: [mem 0x000000004ae77000-0x000000004b2cefff]
[    0.015991]   node   0: [mem 0x000000004b54e000-0x000000004bd93fff]
[    0.015992]   node   0: [mem 0x000000004be9a000-0x000000004cdfffff]
[    0.015993]   node   0: [mem 0x000000004d000000-0x000000005eefdfff]
[    0.015993]   node   0: [mem 0x000000006f7ff000-0x000000006f7fffff]
[    0.015994]   node   0: [mem 0x0000000c6f200000-0x0000000fffffffff]
[    0.015996]   node   1: [mem 0x0000001ec0000000-0x000000207fffffff]
[    0.015998] Initmem setup node 0 [mem 0x0000000000001000-0x0000000fffffffff]
[    0.016000] Initmem setup node 1 [mem 0x0000001ec0000000-0x000000207fffffff]
[    0.016003] On node 0, zone DMA: 1 pages in unavailable ranges
[    0.016004] On node 0, zone DMA: 1 pages in unavailable ranges
[    0.016031] On node 0, zone DMA: 96 pages in unavailable ranges
[    0.018190] On node 0, zone DMA32: 4096 pages in unavailable ranges
[    0.018210] On node 0, zone DMA32: 639 pages in unavailable ranges
[    0.018244] On node 0, zone DMA32: 262 pages in unavailable ranges
[    0.018777] On node 0, zone DMA32: 512 pages in unavailable ranges
[    0.019050] On node 0, zone DMA32: 35073 pages in unavailable ranges
[    0.046388] On node 0, zone Normal: 31232 pages in unavailable ranges
[    0.060640] ACPI: PM-Timer IO Port: 0x508
[    0.060659] ACPI: X2APIC_NMI (uid[0xffffffff] high edge lint[0x1])
[    0.060663] ACPI: LAPIC_NMI (acpi_id[0xff] high edge lint[0x1])
[    0.060683] IOAPIC[0]: apic_id 8, version 32, address 0xfec00000, GSI 0-119
[    0.060686] ACPI: INT_SRC_OVR (bus 0 bus_irq 0 global_irq 2 dfl dfl)
[    0.060688] ACPI: INT_SRC_OVR (bus 0 bus_irq 9 global_irq 9 high level)
[    0.060692] ACPI: Using ACPI (MADT) for SMP configuration information
[    0.060693] ACPI: HPET id: 0x8086a701 base: 0xfed00000
[    0.060697] TSC deadline timer available
[    0.060699] smpboot: Allowing 112 CPUs, 0 hotplug CPUs
[    0.060727] PM: hibernation: Registered nosave memory: [mem 0x00000000-0x00000fff]
[    0.060729] PM: hibernation: Registered nosave memory: [mem 0x0008f000-0x0008ffff]
[    0.060731] PM: hibernation: Registered nosave memory: [mem 0x000a0000-0x000fffff]
[    0.060732] PM: hibernation: Registered nosave memory: [mem 0x46cc5000-0x46cc5fff]
[    0.060734] PM: hibernation: Registered nosave memory: [mem 0x46cf6000-0x46cf6fff]
[    0.060736] PM: hibernation: Registered nosave memory: [mem 0x46cf7000-0x46cf7fff]
[    0.060737] PM: hibernation: Registered nosave memory: [mem 0x46d29000-0x46d29fff]
[    0.060738] PM: hibernation: Registered nosave memory: [mem 0x46d2a000-0x46d2afff]
[    0.060740] PM: hibernation: Registered nosave memory: [mem 0x46d5c000-0x46d5cfff]
[    0.060741] PM: hibernation: Registered nosave memory: [mem 0x46d5d000-0x46d5dfff]
[    0.060742] PM: hibernation: Registered nosave memory: [mem 0x46d65000-0x46d65fff]
[    0.060744] PM: hibernation: Registered nosave memory: [mem 0x49e77000-0x4ae76fff]
[    0.060746] PM: hibernation: Registered nosave memory: [mem 0x4b2cf000-0x4b54dfff]
[    0.060747] PM: hibernation: Registered nosave memory: [mem 0x4bd94000-0x4be99fff]
[    0.060749] PM: hibernation: Registered nosave memory: [mem 0x4ce00000-0x4cffffff]
[    0.060751] PM: hibernation: Registered nosave memory: [mem 0x5eefe000-0x6e3fefff]
[    0.060752] PM: hibernation: Registered nosave memory: [mem 0x6e3ff000-0x6f3fefff]
[    0.060752] PM: hibernation: Registered nosave memory: [mem 0x6f3ff000-0x6f7fefff]
[    0.060754] PM: hibernation: Registered nosave memory: [mem 0x6f800000-0x8fffffff]
[    0.060755] PM: hibernation: Registered nosave memory: [mem 0x90000000-0xfdffffff]
[    0.060756] PM: hibernation: Registered nosave memory: [mem 0xfe000000-0xfe010fff]
[    0.060756] PM: hibernation: Registered nosave memory: [mem 0xfe011000-0xffffffff]
[    0.060757] PM: hibernation: Registered nosave memory: [mem 0x100000000-0xc6f1fffff]
[    0.060759] PM: hibernation: Registered nosave memory: [mem 0x1000000000-0x1ebfffffff]
[    0.060761] [mem 0x90000000-0xfdffffff] available for PCI devices
[    0.060762] Booting paravirtualized kernel on bare hardware
[    0.060765] clocksource: refined-jiffies: mask: 0xffffffff max_cycles: 0xffffffff, max_idle_ns: 7645519600211568 ns
[    0.060771] setup_percpu: NR_CPUS:8192 nr_cpumask_bits:112 nr_cpu_ids:112 nr_node_ids:4
[    0.065276] percpu: Embedded 53 pages/cpu s180224 r8192 d28672 u262144
[    0.065287] pcpu-alloc: s180224 r8192 d28672 u262144 alloc=1*2097152
[    0.065290] pcpu-alloc: [0] 000 002 004 006 008 010 012 014 
[    0.065295] pcpu-alloc: [0] 016 018 020 022 024 026 028 030 
[    0.065300] pcpu-alloc: [0] 032 034 036 038 040 042 044 046 
[    0.065304] pcpu-alloc: [0] 048 050 052 054 056 058 060 062 
[    0.065308] pcpu-alloc: [0] 064 066 068 070 072 074 076 078 
[    0.065312] pcpu-alloc: [0] 080 082 084 086 088 090 092 094 
[    0.065316] pcpu-alloc: [0] 096 098 100 102 104 106 108 110 
[    0.065321] pcpu-alloc: [1] 001 003 005 007 009 011 013 015 
[    0.065325] pcpu-alloc: [1] 017 019 021 023 025 027 029 031 
[    0.065329] pcpu-alloc: [1] 033 035 037 039 041 043 045 047 
[    0.065333] pcpu-alloc: [1] 049 051 053 055 057 059 061 063 
[    0.065337] pcpu-alloc: [1] 065 067 069 071 073 075 077 079 
[    0.065341] pcpu-alloc: [1] 081 083 085 087 089 091 093 095 
[    0.065346] pcpu-alloc: [1] 097 099 101 103 105 107 109 111 
[    0.065396] Built 2 zonelists, mobility grouping on.  Total pages: 5863132
[    0.065398] Policy zone: Normal
[    0.065399] Kernel command line: BOOT_IMAGE=/boot/vmlinuz-5.15.0-tiering-0.8 root=UUID=ce0c24b8-724b-4f33-9b2c-618433560aef ro memmap=46834M!4096M memmap=59G!64G quiet splash nomodeset vt.handoff=1
[    0.065518] You have booted with nomodeset. This means your GPU drivers are DISABLED
[    0.065519] Any video related functionality will be severely degraded, and you may not even be able to suspend the system properly
[    0.065520] Unless you actually understand what nomodeset does, you should reboot without enabling it
[    0.065540] Unknown command line parameters: splash BOOT_IMAGE=/boot/vmlinuz-5.15.0-tiering-0.8
[    0.065542] printk: log_buf_len individual max cpu contribution: 4096 bytes
[    0.065543] printk: log_buf_len total cpu_extra contributions: 454656 bytes
[    0.065544] printk: log_buf_len min size: 262144 bytes
[    0.066518] printk: log_buf_len: 1048576 bytes
[    0.066519] printk: early log buf free: 223784(85%)
[    0.068092] mem auto-init: stack:off, heap alloc:on, heap free:off
[    0.131936] Memory: 22610800K/23829600K available (14345K kernel code, 3484K rwdata, 10288K rodata, 2824K init, 5836K bss, 1218540K reserved, 0K cma-reserved)
[    0.131942] random: get_random_u64 called from __kmem_cache_create+0x2d/0x460 with crng_init=1
[    0.132900] SLUB: HWalign=64, Order=0-3, MinObjects=0, CPUs=112, Nodes=4
[    0.132931] ftrace: allocating 48223 entries in 189 pages
[    0.148292] ftrace: allocated 189 pages with 6 groups
[    0.148956] rcu: Hierarchical RCU implementation.
[    0.148957] rcu: 	RCU restricting CPUs from NR_CPUS=8192 to nr_cpu_ids=112.
[    0.148959] 	Rude variant of Tasks RCU enabled.
[    0.148960] 	Tracing variant of Tasks RCU enabled.
[    0.148960] rcu: RCU calculated value of scheduler-enlistment delay is 25 jiffies.
[    0.148961] rcu: Adjusting geometry for rcu_fanout_leaf=16, nr_cpu_ids=112
[    0.152760] NR_IRQS: 524544, nr_irqs: 2952, preallocated irqs: 16
[    0.153127] random: crng done (trusting CPU's manufacturer)
[    0.153277] Console: colour dummy device 80x25
[    0.153312] printk: console [tty0] enabled
[    0.153456] mempolicy: Enabling automatic NUMA balancing. Configure with numa_balancing= or the kernel.numa_balancing sysctl
[    0.153461] ACPI: Core revision 20210730
[    0.156855] clocksource: hpet: mask: 0xffffffff max_cycles: 0xffffffff, max_idle_ns: 79635855245 ns
[    0.156898] APIC: Switch to symmetric I/O mode setup
[    0.156900] DMAR: Host address width 46
[    0.156901] DMAR: DRHD base: 0x000000d0ffc000 flags: 0x0
[    0.156906] DMAR: dmar0: reg_base_addr d0ffc000 ver 4:0 cap 8ed008c40780466 ecap 60000f050df
[    0.156909] DMAR: DRHD base: 0x000000dbbfc000 flags: 0x0
[    0.156911] DMAR: dmar1: reg_base_addr dbbfc000 ver 4:0 cap 8ed008c40780466 ecap 60000f050df
[    0.156913] DMAR: DRHD base: 0x000000e67fc000 flags: 0x0
[    0.156917] DMAR: dmar2: reg_base_addr e67fc000 ver 4:0 cap 8ed008c40780466 ecap 60000f050df
[    0.156919] DMAR: DRHD base: 0x000000f13fc000 flags: 0x0
[    0.156922] DMAR: dmar3: reg_base_addr f13fc000 ver 4:0 cap 8ed008c40780466 ecap 60000f050df
[    0.156924] DMAR: DRHD base: 0x000000fb7fc000 flags: 0x0
[    0.156926] DMAR: dmar4: reg_base_addr fb7fc000 ver 4:0 cap 8ed008c40780466 ecap 60000f050df
[    0.156928] DMAR: DRHD base: 0x000000a63fc000 flags: 0x0
[    0.156931] DMAR: dmar5: reg_base_addr a63fc000 ver 4:0 cap 8ed008c40780466 ecap 60000f050df
[    0.156932] DMAR: DRHD base: 0x000000b0ffc000 flags: 0x0
[    0.156935] DMAR: dmar6: reg_base_addr b0ffc000 ver 4:0 cap 8ed008c40780466 ecap 60000f050df
[    0.156936] DMAR: DRHD base: 0x000000bbbfc000 flags: 0x0
[    0.156941] DMAR: dmar7: reg_base_addr bbbfc000 ver 4:0 cap 8ed008c40780466 ecap 60000f050df
[    0.156943] DMAR: DRHD base: 0x000000c5ffc000 flags: 0x0
[    0.156945] DMAR: dmar8: reg_base_addr c5ffc000 ver 4:0 cap 8ed008c40780466 ecap 60000f050df
[    0.156947] DMAR: DRHD base: 0x0000009b7fc000 flags: 0x1
[    0.156949] DMAR: dmar9: reg_base_addr 9b7fc000 ver 4:0 cap 8ed008c40780466 ecap 60000f050df
[    0.156951] DMAR: RMRR base: 0x00000069427000 end: 0x00000069429fff
[    0.156953] DMAR: ATSR flags: 0x0
[    0.156955] DMAR-IR: IOAPIC id 8 under DRHD base  0x9b7fc000 IOMMU 9
[    0.156957] DMAR-IR: HPET id 0 under DRHD base 0x9b7fc000
[    0.156958] DMAR-IR: Queued invalidation will be enabled to support x2apic and Intr-remapping.
[    0.159897] DMAR-IR: Enabled IRQ remapping in x2apic mode
[    0.162502] ..TIMER: vector=0x30 apic1=0 pin1=2 apic2=-1 pin2=-1
[    0.180828] clocksource: tsc-early: mask: 0xffffffffffffffff max_cycles: 0x39a85c9bff6, max_idle_ns: 881590591483 ns
[    0.180835] Calibrating delay loop (skipped), value calculated using timer frequency.. 4000.00 BogoMIPS (lpj=8000000)
[    0.180838] pid_max: default: 114688 minimum: 896
[    0.184271] LSM: Security Framework initializing
[    0.184288] Yama: becoming mindful.
[    0.184332] AppArmor: AppArmor initialized
[    0.188735] Dentry cache hash table entries: 4194304 (order: 13, 33554432 bytes, vmalloc)
[    0.190938] Inode-cache hash table entries: 2097152 (order: 12, 16777216 bytes, vmalloc)
[    0.191047] Mount-cache hash table entries: 65536 (order: 7, 524288 bytes, vmalloc)
[    0.191116] Mountpoint-cache hash table entries: 65536 (order: 7, 524288 bytes, vmalloc)
[    0.191679] x86/tme: not enabled by BIOS
[    0.191689] CPU0: Thermal monitoring enabled (TM1)
[    0.191691] x86/cpu: User Mode Instruction Prevention (UMIP) activated
[    0.191922] process: using mwait in idle threads
[    0.191924] Last level iTLB entries: 4KB 0, 2MB 0, 4MB 0
[    0.191925] Last level dTLB entries: 4KB 0, 2MB 0, 4MB 0, 1GB 0
[    0.191931] Spectre V1 : Mitigation: usercopy/swapgs barriers and __user pointer sanitization
[    0.191933] Spectre V2 : Mitigation: Enhanced IBRS
[    0.191934] Spectre V2 : Spectre v2 / SpectreRSB mitigation: Filling RSB on context switch
[    0.191935] Spectre V2 : mitigation: Enabling conditional Indirect Branch Prediction Barrier
[    0.191937] Speculative Store Bypass: Mitigation: Speculative Store Bypass disabled via prctl and seccomp
[    0.198187] Freeing SMP alternatives memory: 40K
[    0.200965] smpboot: Estimated ratio of average max frequency by base frequency (times 1024): 1433
[    0.200979] smpboot: CPU0: Intel(R) Xeon(R) Gold 6330 CPU @ 2.00GHz (family: 0x6, model: 0x6a, stepping: 0x6)
[    0.201161] Performance Events: PEBS fmt4+-baseline,  AnyThread deprecated, Icelake events, 32-deep LBR, full-width counters, Intel PMU driver.
[    0.201180] ... version:                5
[    0.201180] ... bit width:              48
[    0.201181] ... generic registers:      8
[    0.201181] ... value mask:             0000ffffffffffff
[    0.201182] ... max period:             00007fffffffffff
[    0.201183] ... fixed-purpose events:   4
[    0.201183] ... event mask:             0001000f000000ff
[    0.201305] rcu: Hierarchical SRCU implementation.
[    0.208362] NMI watchdog: Enabled. Permanently consumes one hw-PMU counter.
[    0.209385] smp: Bringing up secondary CPUs ...
[    0.209487] x86: Booting SMP configuration:
[    0.209488] .... node  #1, CPUs:          #1
[    0.007754] smpboot: CPU 1 Converting physical 0 to logical die 1

[    0.296944] .... node  #0, CPUs:     #2
[    0.302335] .... node  #1, CPUs:     #3
[    0.307771] .... node  #0, CPUs:     #4
[    0.313149] .... node  #1, CPUs:     #5
[    0.318543] .... node  #0, CPUs:     #6
[    0.324122] .... node  #1, CPUs:     #7
[    0.329732] .... node  #0, CPUs:     #8
[    0.335022] .... node  #1, CPUs:     #9
[    0.340934] .... node  #0, CPUs:    #10
[    0.346486] .... node  #1, CPUs:    #11
[    0.352229] .... node  #0, CPUs:    #12
[    0.357752] .... node  #1, CPUs:    #13
[    0.363126] .... node  #0, CPUs:    #14
[    0.368357] .... node  #1, CPUs:    #15
[    0.373686] .... node  #0, CPUs:    #16
[    0.378956] .... node  #1, CPUs:    #17
[    0.384285] .... node  #0, CPUs:    #18
[    0.389535] .... node  #1, CPUs:    #19
[    0.395197] .... node  #0, CPUs:    #20
[    0.400432] .... node  #1, CPUs:    #21
[    0.406062] .... node  #0, CPUs:    #22
[    0.411493] .... node  #1, CPUs:    #23
[    0.416941] .... node  #0, CPUs:    #24
[    0.422429] .... node  #1, CPUs:    #25
[    0.427775] .... node  #0, CPUs:    #26
[    0.432991] .... node  #1, CPUs:    #27
[    0.438310] .... node  #0, CPUs:    #28
[    0.443819] .... node  #1, CPUs:    #29
[    0.449129] .... node  #0, CPUs:    #30
[    0.454363] .... node  #1, CPUs:    #31
[    0.459865] .... node  #0, CPUs:    #32
[    0.465158] .... node  #1, CPUs:    #33
[    0.470546] .... node  #0, CPUs:    #34
[    0.475990] .... node  #1, CPUs:    #35
[    0.481318] .... node  #0, CPUs:    #36
[    0.486531] .... node  #1, CPUs:    #37
[    0.491857] .... node  #0, CPUs:    #38
[    0.497413] .... node  #1, CPUs:    #39
[    0.502939] .... node  #0, CPUs:    #40
[    0.508551] .... node  #1, CPUs:    #41
[    0.514319] .... node  #0, CPUs:    #42
[    0.519638] .... node  #1, CPUs:    #43
[    0.525292] .... node  #0, CPUs:    #44
[    0.530652] .... node  #1, CPUs:    #45
[    0.536138] .... node  #0, CPUs:    #46
[    0.541678] .... node  #1, CPUs:    #47
[    0.547145] .... node  #0, CPUs:    #48
[    0.552484] .... node  #1, CPUs:    #49
[    0.557938] .... node  #0, CPUs:    #50
[    0.563437] .... node  #1, CPUs:    #51
[    0.569094] .... node  #0, CPUs:    #52
[    0.574559] .... node  #1, CPUs:    #53
[    0.580165] .... node  #0, CPUs:    #54
[    0.585872] .... node  #1, CPUs:    #55
[    0.591687] .... node  #0, CPUs:    #56
[    0.597829] .... node  #1, CPUs:    #57
[    0.603742] .... node  #0, CPUs:    #58
[    0.609154] .... node  #1, CPUs:    #59
[    0.614612] .... node  #0, CPUs:    #60
[    0.619999] .... node  #1, CPUs:    #61
[    0.625417] .... node  #0, CPUs:    #62
[    0.631015] .... node  #1, CPUs:    #63
[    0.636860] .... node  #0, CPUs:    #64
[    0.641959] .... node  #1, CPUs:    #65
[    0.647722] .... node  #0, CPUs:    #66
[    0.653466] .... node  #1, CPUs:    #67
[    0.659233] .... node  #0, CPUs:    #68
[    0.664993] .... node  #1, CPUs:    #69
[    0.670170] .... node  #0, CPUs:    #70
[    0.675425] .... node  #1, CPUs:    #71
[    0.680945] .... node  #0, CPUs:    #72
[    0.686060] .... node  #1, CPUs:    #73
[    0.691412] .... node  #0, CPUs:    #74
[    0.696941] .... node  #1, CPUs:    #75
[    0.702375] .... node  #0, CPUs:    #76
[    0.707635] .... node  #1, CPUs:    #77
[    0.713284] .... node  #0, CPUs:    #78
[    0.718744] .... node  #1, CPUs:    #79
[    0.724047] .... node  #0, CPUs:    #80
[    0.729695] .... node  #1, CPUs:    #81
[    0.735063] .... node  #0, CPUs:    #82
[    0.740298] .... node  #1, CPUs:    #83
[    0.745637] .... node  #0, CPUs:    #84
[    0.751161] .... node  #1, CPUs:    #85
[    0.756493] .... node  #0, CPUs:    #86
[    0.761740] .... node  #1, CPUs:    #87
[    0.767253] .... node  #0, CPUs:    #88
[    0.772573] .... node  #1, CPUs:    #89
[    0.777974] .... node  #0, CPUs:    #90
[    0.783430] .... node  #1, CPUs:    #91
[    0.788944] .... node  #0, CPUs:    #92
[    0.794023] .... node  #1, CPUs:    #93
[    0.799385] .... node  #0, CPUs:    #94
[    0.804989] .... node  #1, CPUs:    #95
[    0.810519] .... node  #0, CPUs:    #96
[    0.816147] .... node  #1, CPUs:    #97
[    0.821935] .... node  #0, CPUs:    #98
[    0.827272] .... node  #1, CPUs:    #99
[    0.832951] .... node  #0, CPUs:   #100
[    0.838325] .... node  #1, CPUs:   #101
[    0.843828] .... node  #0, CPUs:   #102
[    0.849388] .... node  #1, CPUs:   #103
[    0.854868] .... node  #0, CPUs:   #104
[    0.860223] .... node  #1, CPUs:   #105
[    0.865688] .... node  #0, CPUs:   #106
[    0.871200] .... node  #1, CPUs:   #107
[    0.876939] .... node  #0, CPUs:   #108
[    0.882362] .... node  #1, CPUs:   #109
[    0.887983] .... node  #0, CPUs:   #110
[    0.893706] .... node  #1, CPUs:   #111
[    0.899544] smp: Brought up 2 nodes, 112 CPUs
[    0.899544] smpboot: Max logical packages: 2
[    0.899544] smpboot: Total of 112 processors activated (448074.87 BogoMIPS)
[    0.904229] devtmpfs: initialized
[    0.904229] x86/mm: Memory block size: 2048MB
[    0.904229] ACPI: PM: Registering ACPI NVS region [mem 0x49e77000-0x4ae76fff] (16777216 bytes)
[    0.904919] ACPI: PM: Registering ACPI NVS region [mem 0x6e3ff000-0x6f3fefff] (16777216 bytes)
[    0.905188] clocksource: jiffies: mask: 0xffffffff max_cycles: 0xffffffff, max_idle_ns: 7645041785100000 ns
[    0.905497] futex hash table entries: 32768 (order: 9, 2097152 bytes, vmalloc)
[    0.905747] pinctrl core: initialized pinctrl subsystem
[    0.905909] PM: RTC time: 12:34:05, date: 2024-06-29
[    0.906130] NET: Registered PF_NETLINK/PF_ROUTE protocol family
[    0.906914] DMA: preallocated 4096 KiB GFP_KERNEL pool for atomic allocations
[    0.907420] DMA: preallocated 4096 KiB GFP_KERNEL|GFP_DMA pool for atomic allocations
[    0.907928] DMA: preallocated 4096 KiB GFP_KERNEL|GFP_DMA32 pool for atomic allocations
[    0.907936] audit: initializing netlink subsys (disabled)
[    0.907943] audit: type=2000 audit(1719664444.748:1): state=initialized audit_enabled=0 res=1
[    0.907943] thermal_sys: Registered thermal governor 'fair_share'
[    0.907943] thermal_sys: Registered thermal governor 'bang_bang'
[    0.907943] thermal_sys: Registered thermal governor 'step_wise'
[    0.907943] thermal_sys: Registered thermal governor 'user_space'
[    0.907943] EISA bus registered
[    0.907943] cpuidle: using governor ladder
[    0.907943] cpuidle: using governor menu
[    0.908868] ACPI FADT declares the system doesn't support PCIe ASPM, so disable it
[    0.908869] ACPI: bus type PCI registered
[    0.908871] acpiphp: ACPI Hot Plug PCI Controller Driver version: 0.5
[    0.908976] PCI: MMCONFIG for domain 0000 [bus 00-ff] at [mem 0x80000000-0x8fffffff] (base 0x80000000)
[    0.908982] PCI: MMCONFIG at [mem 0x80000000-0x8fffffff] reserved in E820
[    0.908988] pmd_set_huge: Cannot satisfy [mem 0x80000000-0x80200000] with a huge-page mapping due to MTRR override.
[    0.909197] PCI: Using configuration type 1 for base access
[    0.909206] PCI: Dell System detected, enabling pci=bfsort.
[    0.911329] ENERGY_PERF_BIAS: Set to 'normal', was 'performance'
[    0.913939] Kprobes globally optimized
[    0.913943] HugeTLB registered 1.00 GiB page size, pre-allocated 0 pages
[    0.913943] HugeTLB registered 2.00 MiB page size, pre-allocated 0 pages
[    0.916964] ACPI: Added _OSI(Module Device)
[    0.916965] ACPI: Added _OSI(Processor Device)
[    0.916966] ACPI: Added _OSI(3.0 _SCP Extensions)
[    0.916967] ACPI: Added _OSI(Processor Aggregator Device)
[    0.916968] ACPI: Added _OSI(Linux-Dell-Video)
[    0.916969] ACPI: Added _OSI(Linux-Lenovo-NV-HDMI-Audio)
[    0.916970] ACPI: Added _OSI(Linux-HPI-Hybrid-Graphics)
[    1.083489] ACPI: 8 ACPI AML tables successfully acquired and loaded
[    1.089062] ACPI: [Firmware Bug]: BIOS _OSI(Linux) query ignored
[    1.094234] ACPI: Dynamic OEM Table Load:
[    1.492656] ACPI: Interpreter enabled
[    1.492678] ACPI: PM: (supports S0 S5)
[    1.492679] ACPI: Using IOAPIC for interrupt routing
[    1.492762] HEST: Table parsing has been initialized.
[    1.492764] PCI: Using host bridge windows from ACPI; if necessary, use "pci=nocrs" and report a bug
[    1.521095] ACPI: Enabled 4 GPEs in block 00 to 7F
[    1.638396] ACPI: PCI Root Bridge [PC00] (domain 0000 [bus 00-15])
[    1.638402] acpi PNP0A08:00: _OSC: OS supports [ExtendedConfig ASPM ClockPM Segments MSI HPX-Type3]
[    1.704687] acpi PNP0A08:00: _OSC: platform does not support [SHPCHotplug AER LTR]
[    1.704906] acpi PNP0A08:00: _OSC: OS now controls [PCIeHotplug PME PCIeCapability]
[    1.704908] acpi PNP0A08:00: FADT indicates ASPM is unsupported, using BIOS configuration
[    1.706709] PCI host bridge to bus 0000:00
[    1.706711] pci_bus 0000:00: root bus resource [io  0x0000-0x0cf7 window]
[    1.706713] pci_bus 0000:00: root bus resource [io  0x1000-0x4fff window]
[    1.706715] pci_bus 0000:00: root bus resource [mem 0x000a0000-0x000bffff window]
[    1.706716] pci_bus 0000:00: root bus resource [mem 0x000c8000-0x000cffff window]
[    1.706718] pci_bus 0000:00: root bus resource [mem 0xfe010000-0xfe010fff window]
[    1.706719] pci_bus 0000:00: root bus resource [mem 0x90000000-0x9b7fffff window]
[    1.706720] pci_bus 0000:00: root bus resource [mem 0x200000000000-0x20ffffffffff window]
[    1.706721] pci_bus 0000:00: root bus resource [bus 00-15]
[    1.708053] pci 0000:00:00.0: [8086:09a2] type 00 class 0x088000
[    1.708812] pci 0000:00:00.1: [8086:09a4] type 00 class 0x088000
[    1.710206] pci 0000:00:00.2: [8086:09a3] type 00 class 0x088000
[    1.711596] pci 0000:00:00.4: [8086:0998] type 00 class 0x060000
[    1.713648] pci 0000:00:02.0: [8086:09a6] type 00 class 0x088000
[    1.713657] pci 0000:00:02.0: reg 0x10: [mem 0x92dfc000-0x92dfdfff]
[    1.715057] pci 0000:00:02.1: [8086:09a7] type 00 class 0x088000
[    1.715065] pci 0000:00:02.1: reg 0x10: [mem 0x92d00000-0x92d7ffff]
[    1.715071] pci 0000:00:02.1: reg 0x14: [mem 0x92c80000-0x92cfffff]
[    1.716464] pci 0000:00:02.4: [8086:3456] type 00 class 0x130000
[    1.716474] pci 0000:00:02.4: reg 0x10: [mem 0x92a00000-0x92afffff 64bit]
[    1.716481] pci 0000:00:02.4: reg 0x18: [mem 0x92df0000-0x92df3fff 64bit]
[    1.716487] pci 0000:00:02.4: reg 0x20: [mem 0x92dc0000-0x92ddffff 64bit]
[    1.717895] pci 0000:00:11.0: [8086:a1ec] type 00 class 0xff0000
[    1.717897] pci 0000:00:11.0: device has non-compliant BARs; disabling IO/MEM decoding
[    1.719308] pci 0000:00:11.5: [8086:a1d2] type 00 class 0x010601
[    1.719321] pci 0000:00:11.5: reg 0x10: [mem 0x92dfa000-0x92dfbfff]
[    1.719328] pci 0000:00:11.5: reg 0x14: [mem 0x92e05000-0x92e050ff]
[    1.719336] pci 0000:00:11.5: reg 0x18: [io  0x2068-0x206f]
[    1.719343] pci 0000:00:11.5: reg 0x1c: [io  0x2074-0x2077]
[    1.719351] pci 0000:00:11.5: reg 0x20: [io  0x2040-0x205f]
[    1.719358] pci 0000:00:11.5: reg 0x24: [mem 0x92b80000-0x92bfffff]
[    1.719395] pci 0000:00:11.5: PME# supported from D3hot
[    1.720925] pci 0000:00:14.0: [8086:a1af] type 00 class 0x0c0330
[    1.720942] pci 0000:00:14.0: reg 0x10: [mem 0x92de0000-0x92deffff 64bit]
[    1.721005] pci 0000:00:14.0: PME# supported from D3hot D3cold
[    1.722550] pci 0000:00:14.2: [8086:a1b1] type 00 class 0x118000
[    1.722567] pci 0000:00:14.2: reg 0x10: [mem 0x92e02000-0x92e02fff 64bit]
[    1.724008] pci 0000:00:16.0: [8086:a1ba] type 00 class 0x078000
[    1.724031] pci 0000:00:16.0: reg 0x10: [mem 0x92e01000-0x92e01fff 64bit]
[    1.724113] pci 0000:00:16.0: PME# supported from D3hot
[    1.725497] pci 0000:00:16.1: [8086:a1bb] type 00 class 0x078000
[    1.725521] pci 0000:00:16.1: reg 0x10: [mem 0x92e00000-0x92e00fff 64bit]
[    1.725603] pci 0000:00:16.1: PME# supported from D3hot
[    1.726989] pci 0000:00:16.4: [8086:a1be] type 00 class 0x078000
[    1.727012] pci 0000:00:16.4: reg 0x10: [mem 0x92dff000-0x92dfffff 64bit]
[    1.727095] pci 0000:00:16.4: PME# supported from D3hot
[    1.728481] pci 0000:00:17.0: [8086:a182] type 00 class 0x010601
[    1.728493] pci 0000:00:17.0: reg 0x10: [mem 0x92df8000-0x92df9fff]
[    1.728501] pci 0000:00:17.0: reg 0x14: [mem 0x92e04000-0x92e040ff]
[    1.728508] pci 0000:00:17.0: reg 0x18: [io  0x2060-0x2067]
[    1.728515] pci 0000:00:17.0: reg 0x1c: [io  0x2070-0x2073]
[    1.728522] pci 0000:00:17.0: reg 0x20: [io  0x2020-0x203f]
[    1.728529] pci 0000:00:17.0: reg 0x24: [mem 0x92b00000-0x92b7ffff]
[    1.728566] pci 0000:00:17.0: PME# supported from D3hot
[    1.730094] pci 0000:00:1c.0: [8086:a190] type 01 class 0x060400
[    1.730168] pci 0000:00:1c.0: PME# supported from D0 D3hot D3cold
[    1.732132] pci 0000:00:1c.4: [8086:a194] type 01 class 0x060400
[    1.732201] pci 0000:00:1c.4: PME# supported from D0 D3hot D3cold
[    1.734142] pci 0000:00:1c.5: [8086:a195] type 01 class 0x060400
[    1.734212] pci 0000:00:1c.5: PME# supported from D0 D3hot D3cold
[    1.736156] pci 0000:00:1f.0: [8086:a1cb] type 00 class 0x060100
[    1.737776] pci 0000:00:1f.2: [8086:a1a1] type 00 class 0x058000
[    1.737791] pci 0000:00:1f.2: reg 0x10: [mem 0x92df4000-0x92df7fff]
[    1.739357] pci 0000:00:1f.4: [8086:a1a3] type 00 class 0x0c0500
[    1.739375] pci 0000:00:1f.4: reg 0x10: [mem 0x92dfe000-0x92dfe0ff 64bit]
[    1.739398] pci 0000:00:1f.4: reg 0x20: [io  0x2000-0x201f]
[    1.740787] pci 0000:00:1f.5: [8086:a1a4] type 00 class 0x0c8000
[    1.740802] pci 0000:00:1f.5: reg 0x10: [mem 0xfe010000-0xfe010fff]
[    1.740927] pci 0000:00:1c.0: PCI bridge to [bus 01]
[    1.740980] pci 0000:02:00.0: [1556:be00] type 01 class 0x060400
[    1.741153] pci 0000:00:1c.4: PCI bridge to [bus 02-03]
[    1.741157] pci 0000:00:1c.4:   bridge window [mem 0x92000000-0x928fffff]
[    1.741161] pci 0000:00:1c.4:   bridge window [mem 0x91000000-0x91ffffff 64bit pref]
[    1.741193] pci_bus 0000:03: extended config space not accessible
[    1.741209] pci 0000:03:00.0: [102b:0536] type 00 class 0x030000
[    1.741229] pci 0000:03:00.0: reg 0x10: [mem 0x91000000-0x91ffffff pref]
[    1.741240] pci 0000:03:00.0: reg 0x14: [mem 0x92808000-0x9280bfff]
[    1.741250] pci 0000:03:00.0: reg 0x18: [mem 0x92000000-0x927fffff]
[    1.741297] pci 0000:03:00.0: BAR 0: assigned to efifb
[    1.741396] pci 0000:02:00.0: PCI bridge to [bus 03]
[    1.741404] pci 0000:02:00.0:   bridge window [mem 0x92000000-0x928fffff]
[    1.741410] pci 0000:02:00.0:   bridge window [mem 0x91000000-0x91ffffff 64bit pref]
[    1.741486] pci 0000:04:00.0: [14e4:165f] type 00 class 0x020000
[    1.741510] pci 0000:04:00.0: reg 0x10: [mem 0x92930000-0x9293ffff 64bit pref]
[    1.741526] pci 0000:04:00.0: reg 0x18: [mem 0x92940000-0x9294ffff 64bit pref]
[    1.741541] pci 0000:04:00.0: reg 0x20: [mem 0x92950000-0x9295ffff 64bit pref]
[    1.741552] pci 0000:04:00.0: reg 0x30: [mem 0xfffc0000-0xffffffff pref]
[    1.741646] pci 0000:04:00.0: PME# supported from D0 D3hot D3cold
[    1.741699] pci 0000:04:00.0: 4.000 Gb/s available PCIe bandwidth, limited by 5.0 GT/s PCIe x1 link at 0000:00:1c.5 (capable of 8.000 Gb/s with 5.0 GT/s PCIe x2 link)
[    1.742241] pci 0000:04:00.1: [14e4:165f] type 00 class 0x020000
[    1.742265] pci 0000:04:00.1: reg 0x10: [mem 0x92900000-0x9290ffff 64bit pref]
[    1.742280] pci 0000:04:00.1: reg 0x18: [mem 0x92910000-0x9291ffff 64bit pref]
[    1.742296] pci 0000:04:00.1: reg 0x20: [mem 0x92920000-0x9292ffff 64bit pref]
[    1.742307] pci 0000:04:00.1: reg 0x30: [mem 0xfffc0000-0xffffffff pref]
[    1.742401] pci 0000:04:00.1: PME# supported from D0 D3hot D3cold
[    1.742951] pci 0000:00:1c.5: PCI bridge to [bus 04]
[    1.742958] pci 0000:00:1c.5:   bridge window [mem 0x92900000-0x929fffff 64bit pref]
[    1.742973] pci_bus 0000:00: on NUMA node 0
[    1.743530] ACPI: PCI Root Bridge [PC01] (domain 0000 [bus 16-2f])
[    1.743534] acpi PNP0A08:01: _OSC: OS supports [ExtendedConfig ASPM ClockPM Segments MSI HPX-Type3]
[    1.757760] acpi PNP0A08:01: _OSC: platform does not support [SHPCHotplug AER]
[    1.757980] acpi PNP0A08:01: _OSC: OS now controls [PCIeHotplug PME PCIeCapability LTR]
[    1.757982] acpi PNP0A08:01: FADT indicates ASPM is unsupported, using BIOS configuration
[    1.758129] PCI host bridge to bus 0000:16
[    1.758131] pci_bus 0000:16: root bus resource [io  0x5000-0x6fff window]
[    1.758132] pci_bus 0000:16: root bus resource [mem 0x9b800000-0xa63fffff window]
[    1.758134] pci_bus 0000:16: root bus resource [mem 0x210000000000-0x21ffffffffff window]
[    1.758135] pci_bus 0000:16: root bus resource [bus 16-2f]
[    1.758151] pci 0000:16:00.0: [8086:09a2] type 00 class 0x088000
[    1.758231] pci 0000:16:00.1: [8086:09a4] type 00 class 0x088000
[    1.758303] pci 0000:16:00.2: [8086:09a3] type 00 class 0x088000
[    1.758373] pci 0000:16:00.4: [8086:0998] type 00 class 0x060000
[    1.758450] pci 0000:16:02.0: [8086:347a] type 01 class 0x060400
[    1.758459] pci 0000:16:02.0: reg 0x10: [mem 0x21fffff00000-0x21fffff1ffff 64bit]
[    1.758498] pci 0000:16:02.0: PME# supported from D0 D3hot D3cold
[    1.759401] pci 0000:17:00.0: [1000:10e2] type 00 class 0x010400
[    1.759414] pci 0000:17:00.0: reg 0x10: [mem 0x9b800000-0x9b8fffff 64bit pref]
[    1.759422] pci 0000:17:00.0: reg 0x18: [mem 0x9b900000-0x9b9fffff 64bit pref]
[    1.759428] pci 0000:17:00.0: reg 0x20: [mem 0x9ba00000-0x9bafffff]
[    1.759434] pci 0000:17:00.0: reg 0x24: [io  0x5000-0x50ff]
[    1.759439] pci 0000:17:00.0: reg 0x30: [mem 0xfff00000-0xffffffff pref]
[    1.760494] pci 0000:17:00.0: supports D1 D2
[    1.760561] pci 0000:16:02.0: PCI bridge to [bus 17]
[    1.760563] pci 0000:16:02.0:   bridge window [io  0x5000-0x5fff]
[    1.760565] pci 0000:16:02.0:   bridge window [mem 0x9ba00000-0x9bafffff]
[    1.760568] pci 0000:16:02.0:   bridge window [mem 0x9b800000-0x9b9fffff 64bit pref]
[    1.760573] pci_bus 0000:16: on NUMA node 0
[    1.760653] ACPI: PCI Root Bridge [PC02] (domain 0000 [bus 30-49])
[    1.760656] acpi PNP0A08:02: _OSC: OS supports [ExtendedConfig ASPM ClockPM Segments MSI HPX-Type3]
[    1.774345] acpi PNP0A08:02: _OSC: platform does not support [SHPCHotplug AER]
[    1.774549] acpi PNP0A08:02: _OSC: OS now controls [PCIeHotplug PME PCIeCapability LTR]
[    1.774551] acpi PNP0A08:02: FADT indicates ASPM is unsupported, using BIOS configuration
[    1.774666] PCI host bridge to bus 0000:30
[    1.774667] pci_bus 0000:30: root bus resource [io  0x7000-0x8fff window]
[    1.774668] pci_bus 0000:30: root bus resource [mem 0xa6400000-0xb0ffffff window]
[    1.774669] pci_bus 0000:30: root bus resource [mem 0x220000000000-0x22ffffffffff window]
[    1.774671] pci_bus 0000:30: root bus resource [bus 30-49]
[    1.774685] pci 0000:30:00.0: [8086:09a2] type 00 class 0x088000
[    1.774759] pci 0000:30:00.1: [8086:09a4] type 00 class 0x088000
[    1.774833] pci 0000:30:00.2: [8086:09a3] type 00 class 0x088000
[    1.774902] pci 0000:30:00.4: [8086:0998] type 00 class 0x060000
[    1.774971] pci_bus 0000:30: on NUMA node 0
[    1.775070] ACPI: PCI Root Bridge [PC04] (domain 0000 [bus 4a-63])
[    1.775073] acpi PNP0A08:04: _OSC: OS supports [ExtendedConfig ASPM ClockPM Segments MSI HPX-Type3]
[    1.788744] acpi PNP0A08:04: _OSC: platform does not support [SHPCHotplug AER]
[    1.788946] acpi PNP0A08:04: _OSC: OS now controls [PCIeHotplug PME PCIeCapability LTR]
[    1.788947] acpi PNP0A08:04: FADT indicates ASPM is unsupported, using BIOS configuration
[    1.789060] PCI host bridge to bus 0000:4a
[    1.789061] pci_bus 0000:4a: root bus resource [io  0x9000-0x9fff window]
[    1.789062] pci_bus 0000:4a: root bus resource [mem 0xb1000000-0xbbbfffff window]
[    1.789064] pci_bus 0000:4a: root bus resource [mem 0x230000000000-0x23ffffffffff window]
[    1.789065] pci_bus 0000:4a: root bus resource [bus 4a-63]
[    1.789078] pci 0000:4a:00.0: [8086:09a2] type 00 class 0x088000
[    1.789148] pci 0000:4a:00.1: [8086:09a4] type 00 class 0x088000
[    1.789217] pci 0000:4a:00.2: [8086:09a3] type 00 class 0x088000
[    1.789286] pci 0000:4a:00.4: [8086:0998] type 00 class 0x060000
[    1.789355] pci_bus 0000:4a: on NUMA node 0
[    1.789426] ACPI: PCI Root Bridge [PC05] (domain 0000 [bus 64-7d])
[    1.789428] acpi PNP0A08:05: _OSC: OS supports [ExtendedConfig ASPM ClockPM Segments MSI HPX-Type3]
[    1.803114] acpi PNP0A08:05: _OSC: platform does not support [SHPCHotplug AER]
[    1.803316] acpi PNP0A08:05: _OSC: OS now controls [PCIeHotplug PME PCIeCapability LTR]
[    1.803317] acpi PNP0A08:05: FADT indicates ASPM is unsupported, using BIOS configuration
[    1.803426] PCI host bridge to bus 0000:64
[    1.803427] pci_bus 0000:64: root bus resource [io  0xa000-0xafff window]
[    1.803429] pci_bus 0000:64: root bus resource [mem 0xbbc00000-0xc5ffffff window]
[    1.803430] pci_bus 0000:64: root bus resource [mem 0x240000000000-0x24ffffffffff window]
[    1.803431] pci_bus 0000:64: root bus resource [bus 64-7d]
[    1.803445] pci 0000:64:00.0: [8086:09a2] type 00 class 0x088000
[    1.803515] pci 0000:64:00.1: [8086:09a4] type 00 class 0x088000
[    1.803586] pci 0000:64:00.2: [8086:09a3] type 00 class 0x088000
[    1.803655] pci 0000:64:00.4: [8086:0998] type 00 class 0x060000
[    1.803725] pci_bus 0000:64: on NUMA node 0
[    1.803789] ACPI: PCI Root Bridge [UC06] (domain 0000 [bus 7e])
[    1.803792] acpi PNP0A03:00: _OSC: OS supports [ExtendedConfig ASPM ClockPM Segments MSI HPX-Type3]
[    1.803958] acpi PNP0A03:00: _OSC: platform does not support [SHPCHotplug AER LTR]
[    1.804127] acpi PNP0A03:00: _OSC: OS now controls [PCIeHotplug PME PCIeCapability]
[    1.804128] acpi PNP0A03:00: FADT indicates ASPM is unsupported, using BIOS configuration
[    1.804252] PCI host bridge to bus 0000:7e
[    1.804253] pci_bus 0000:7e: root bus resource [bus 7e]
[    1.804287] pci 0000:7e:00.0: [8086:3450] type 00 class 0x088000
[    1.804369] pci 0000:7e:00.1: [8086:3451] type 00 class 0x088000
[    1.804459] pci 0000:7e:00.2: [8086:3452] type 00 class 0x088000
[    1.804538] pci 0000:7e:00.3: [8086:0998] type 00 class 0x060000
[    1.804617] pci 0000:7e:00.5: [8086:3455] type 00 class 0x088000
[    1.804718] pci 0000:7e:02.0: [8086:3440] type 00 class 0x088000
[    1.804859] pci 0000:7e:02.1: [8086:3441] type 00 class 0x088000
[    1.804990] pci 0000:7e:02.2: [8086:3442] type 00 class 0x088000
[    1.805133] pci 0000:7e:03.0: [8086:3440] type 00 class 0x088000
[    1.805235] pci 0000:7e:03.1: [8086:3441] type 00 class 0x088000
[    1.805333] pci 0000:7e:03.2: [8086:3442] type 00 class 0x088000
[    1.805438] pci 0000:7e:04.0: [8086:3440] type 00 class 0x088000
[    1.805581] pci 0000:7e:04.1: [8086:3441] type 00 class 0x088000
[    1.805720] pci 0000:7e:04.2: [8086:3442] type 00 class 0x088000
[    1.805865] pci 0000:7e:04.3: [8086:3443] type 00 class 0x088000
[    1.806018] pci 0000:7e:05.0: [8086:3445] type 00 class 0x088000
[    1.806154] pci 0000:7e:05.1: [8086:3446] type 00 class 0x088000
[    1.806289] pci 0000:7e:05.2: [8086:3447] type 00 class 0x088000
[    1.806434] pci 0000:7e:06.0: [8086:3445] type 00 class 0x088000
[    1.806536] pci 0000:7e:06.1: [8086:3446] type 00 class 0x088000
[    1.806637] pci 0000:7e:06.2: [8086:3447] type 00 class 0x088000
[    1.806758] pci 0000:7e:07.0: [8086:3445] type 00 class 0x088000
[    1.806907] pci 0000:7e:07.1: [8086:3446] type 00 class 0x088000
[    1.807050] pci 0000:7e:07.2: [8086:3447] type 00 class 0x088000
[    1.807202] pci 0000:7e:0b.0: [8086:3448] type 00 class 0x088000
[    1.807290] pci 0000:7e:0b.1: [8086:3448] type 00 class 0x088000
[    1.807375] pci 0000:7e:0b.2: [8086:344b] type 00 class 0x088000
[    1.807481] pci 0000:7e:0c.0: [8086:344a] type 00 class 0x110100
[    1.807605] pci 0000:7e:0d.0: [8086:344a] type 00 class 0x110100
[    1.807714] pci 0000:7e:0e.0: [8086:344a] type 00 class 0x110100
[    1.807887] pci 0000:7e:0f.0: [8086:344a] type 00 class 0x110100
[    1.808077] pci 0000:7e:1a.0: [8086:2880] type 00 class 0x110100
[    1.808202] pci 0000:7e:1b.0: [8086:2880] type 00 class 0x110100
[    1.808309] pci 0000:7e:1c.0: [8086:2880] type 00 class 0x110100
[    1.808484] pci 0000:7e:1d.0: [8086:2880] type 00 class 0x110100
[    1.808643] pci_bus 0000:7e: on NUMA node 0
[    1.808720] ACPI: PCI Root Bridge [UC07] (domain 0000 [bus 7f])
[    1.808723] acpi PNP0A03:01: _OSC: OS supports [ExtendedConfig ASPM ClockPM Segments MSI HPX-Type3]
[    1.808891] acpi PNP0A03:01: _OSC: platform does not support [SHPCHotplug AER LTR]
[    1.809060] acpi PNP0A03:01: _OSC: OS now controls [PCIeHotplug PME PCIeCapability]
[    1.809061] acpi PNP0A03:01: FADT indicates ASPM is unsupported, using BIOS configuration
[    1.809196] PCI host bridge to bus 0000:7f
[    1.809197] pci_bus 0000:7f: root bus resource [bus 7f]
[    1.809238] pci 0000:7f:00.0: [8086:344c] type 00 class 0x088000
[    1.809363] pci 0000:7f:00.1: [8086:344c] type 00 class 0x088000
[    1.809508] pci 0000:7f:00.2: [8086:344c] type 00 class 0x088000
[    1.809650] pci 0000:7f:00.3: [8086:344c] type 00 class 0x088000
[    1.809765] pci 0000:7f:00.4: [8086:344c] type 00 class 0x088000
[    1.809910] pci 0000:7f:00.5: [8086:344c] type 00 class 0x088000
[    1.810051] pci 0000:7f:00.6: [8086:344c] type 00 class 0x088000
[    1.810153] pci 0000:7f:00.7: [8086:344c] type 00 class 0x088000
[    1.810275] pci 0000:7f:01.0: [8086:344c] type 00 class 0x088000
[    1.810427] pci 0000:7f:01.1: [8086:344c] type 00 class 0x088000
[    1.810574] pci 0000:7f:01.2: [8086:344c] type 00 class 0x088000
[    1.810683] pci 0000:7f:01.3: [8086:344c] type 00 class 0x088000
[    1.810839] pci 0000:7f:01.4: [8086:344c] type 00 class 0x088000
[    1.810997] pci 0000:7f:01.5: [8086:344c] type 00 class 0x088000
[    1.811158] pci 0000:7f:01.6: [8086:344c] type 00 class 0x088000
[    1.811304] pci 0000:7f:01.7: [8086:344c] type 00 class 0x088000
[    1.811472] pci 0000:7f:02.0: [8086:344c] type 00 class 0x088000
[    1.811626] pci 0000:7f:02.1: [8086:344c] type 00 class 0x088000
[    1.811782] pci 0000:7f:02.2: [8086:344c] type 00 class 0x088000
[    1.811943] pci 0000:7f:02.3: [8086:344c] type 00 class 0x088000
[    1.812108] pci 0000:7f:02.4: [8086:344c] type 00 class 0x088000
[    1.812269] pci 0000:7f:02.5: [8086:344c] type 00 class 0x088000
[    1.812432] pci 0000:7f:02.6: [8086:344c] type 00 class 0x088000
[    1.812604] pci 0000:7f:02.7: [8086:344c] type 00 class 0x088000
[    1.812790] pci 0000:7f:03.0: [8086:344c] type 00 class 0x088000
[    1.812958] pci 0000:7f:03.1: [8086:344c] type 00 class 0x088000
[    1.813136] pci 0000:7f:03.2: [8086:344c] type 00 class 0x088000
[    1.813314] pci 0000:7f:03.3: [8086:344c] type 00 class 0x088000
[    1.813512] pci 0000:7f:0a.0: [8086:344d] type 00 class 0x088000
[    1.813635] pci 0000:7f:0a.1: [8086:344d] type 00 class 0x088000
[    1.813771] pci 0000:7f:0a.2: [8086:344d] type 00 class 0x088000
[    1.813908] pci 0000:7f:0a.3: [8086:344d] type 00 class 0x088000
[    1.814023] pci 0000:7f:0a.4: [8086:344d] type 00 class 0x088000
[    1.814169] pci 0000:7f:0a.5: [8086:344d] type 00 class 0x088000
[    1.814310] pci 0000:7f:0a.6: [8086:344d] type 00 class 0x088000
[    1.814418] pci 0000:7f:0a.7: [8086:344d] type 00 class 0x088000
[    1.814541] pci 0000:7f:0b.0: [8086:344d] type 00 class 0x088000
[    1.814698] pci 0000:7f:0b.1: [8086:344d] type 00 class 0x088000
[    1.814846] pci 0000:7f:0b.2: [8086:344d] type 00 class 0x088000
[    1.814950] pci 0000:7f:0b.3: [8086:344d] type 00 class 0x088000
[    1.815107] pci 0000:7f:0b.4: [8086:344d] type 00 class 0x088000
[    1.815266] pci 0000:7f:0b.5: [8086:344d] type 00 class 0x088000
[    1.815427] pci 0000:7f:0b.6: [8086:344d] type 00 class 0x088000
[    1.815579] pci 0000:7f:0b.7: [8086:344d] type 00 class 0x088000
[    1.815748] pci 0000:7f:0c.0: [8086:344d] type 00 class 0x088000
[    1.815902] pci 0000:7f:0c.1: [8086:344d] type 00 class 0x088000
[    1.816058] pci 0000:7f:0c.2: [8086:344d] type 00 class 0x088000
[    1.816216] pci 0000:7f:0c.3: [8086:344d] type 00 class 0x088000
[    1.816381] pci 0000:7f:0c.4: [8086:344d] type 00 class 0x088000
[    1.816543] pci 0000:7f:0c.5: [8086:344d] type 00 class 0x088000
[    1.816710] pci 0000:7f:0c.6: [8086:344d] type 00 class 0x088000
[    1.816890] pci 0000:7f:0c.7: [8086:344d] type 00 class 0x088000
[    1.817076] pci 0000:7f:0d.0: [8086:344d] type 00 class 0x088000
[    1.817247] pci 0000:7f:0d.1: [8086:344d] type 00 class 0x088000
[    1.817425] pci 0000:7f:0d.2: [8086:344d] type 00 class 0x088000
[    1.817600] pci 0000:7f:0d.3: [8086:344d] type 00 class 0x088000
[    1.817807] pci 0000:7f:1d.0: [8086:344f] type 00 class 0x088000
[    1.817939] pci 0000:7f:1d.1: [8086:3457] type 00 class 0x088000
[    1.818084] pci 0000:7f:1e.0: [8086:3458] type 00 class 0x088000
[    1.818179] pci 0000:7f:1e.1: [8086:3459] type 00 class 0x088000
[    1.818267] pci 0000:7f:1e.2: [8086:345a] type 00 class 0x088000
[    1.818356] pci 0000:7f:1e.3: [8086:345b] type 00 class 0x088000
[    1.818444] pci 0000:7f:1e.4: [8086:345c] type 00 class 0x088000
[    1.818531] pci 0000:7f:1e.5: [8086:345d] type 00 class 0x088000
[    1.818619] pci 0000:7f:1e.6: [8086:345e] type 00 class 0x088000
[    1.818707] pci 0000:7f:1e.7: [8086:345f] type 00 class 0x088000
[    1.818781] pci_bus 0000:7f: on NUMA node 0
[    1.818876] ACPI: PCI Root Bridge [PC06] (domain 0000 [bus 80])
[    1.818879] acpi PNP0A08:06: _OSC: OS supports [ExtendedConfig ASPM ClockPM Segments MSI HPX-Type3]
[    1.832598] acpi PNP0A08:06: _OSC: platform does not support [SHPCHotplug AER]
[    1.832803] acpi PNP0A08:06: _OSC: OS now controls [PCIeHotplug PME PCIeCapability LTR]
[    1.832804] acpi PNP0A08:06: FADT indicates ASPM is unsupported, using BIOS configuration
[    1.832945] PCI host bridge to bus 0000:80
[    1.832946] pci_bus 0000:80: root bus resource [io  0xb000-0xbfff window]
[    1.832948] pci_bus 0000:80: root bus resource [mem 0xc6800000-0xd0ffffff window]
[    1.832949] pci_bus 0000:80: root bus resource [mem 0x250000000000-0x25ffffffffff window]
[    1.832950] pci_bus 0000:80: root bus resource [bus 80]
[    1.832982] pci 0000:80:00.0: [8086:09a2] type 00 class 0x088000
[    1.833076] pci 0000:80:00.1: [8086:09a4] type 00 class 0x088000
[    1.833165] pci 0000:80:00.2: [8086:09a3] type 00 class 0x088000
[    1.833254] pci 0000:80:00.4: [8086:0998] type 00 class 0x060000
[    1.833343] pci 0000:80:02.0: [8086:09a6] type 00 class 0x088000
[    1.833351] pci 0000:80:02.0: reg 0x10: [mem 0xc6aa4000-0xc6aa5fff]
[    1.833430] pci 0000:80:02.1: [8086:09a7] type 00 class 0x088000
[    1.833438] pci 0000:80:02.1: reg 0x10: [mem 0xc6a00000-0xc6a7ffff]
[    1.833444] pci 0000:80:02.1: reg 0x14: [mem 0xc6980000-0xc69fffff]
[    1.833530] pci 0000:80:02.4: [8086:3456] type 00 class 0x130000
[    1.833540] pci 0000:80:02.4: reg 0x10: [mem 0xc6800000-0xc68fffff 64bit]
[    1.833548] pci 0000:80:02.4: reg 0x18: [mem 0xc6aa0000-0xc6aa3fff 64bit]
[    1.833555] pci 0000:80:02.4: reg 0x20: [mem 0xc6a80000-0xc6a9ffff 64bit]
[    1.833617] pci_bus 0000:80: on NUMA node 1
[    1.833693] ACPI: PCI Root Bridge [PC07] (domain 0000 [bus 81])
[    1.833696] acpi PNP0A08:07: _OSC: OS supports [ExtendedConfig ASPM ClockPM Segments MSI HPX-Type3]
[    1.847359] acpi PNP0A08:07: _OSC: platform does not support [SHPCHotplug AER]
[    1.847561] acpi PNP0A08:07: _OSC: OS now controls [PCIeHotplug PME PCIeCapability LTR]
[    1.847562] acpi PNP0A08:07: FADT indicates ASPM is unsupported, using BIOS configuration
[    1.847674] PCI host bridge to bus 0000:81
[    1.847675] pci_bus 0000:81: root bus resource [io  0xc000-0xcfff window]
[    1.847676] pci_bus 0000:81: root bus resource [mem 0xd1000000-0xdbbfffff window]
[    1.847677] pci_bus 0000:81: root bus resource [mem 0x260000000000-0x26ffffffffff window]
[    1.847678] pci_bus 0000:81: root bus resource [bus 81]
[    1.847692] pci 0000:81:00.0: [8086:09a2] type 00 class 0x088000
[    1.847768] pci 0000:81:00.1: [8086:09a4] type 00 class 0x088000
[    1.847848] pci 0000:81:00.2: [8086:09a3] type 00 class 0x088000
[    1.847924] pci 0000:81:00.4: [8086:0998] type 00 class 0x060000
[    1.848003] pci_bus 0000:81: on NUMA node 1
[    1.848081] ACPI: PCI Root Bridge [PC08] (domain 0000 [bus 82])
[    1.848084] acpi PNP0A08:08: _OSC: OS supports [ExtendedConfig ASPM ClockPM Segments MSI HPX-Type3]
[    1.861861] acpi PNP0A08:08: _OSC: platform does not support [SHPCHotplug AER]
[    1.862064] acpi PNP0A08:08: _OSC: OS now controls [PCIeHotplug PME PCIeCapability LTR]
[    1.862065] acpi PNP0A08:08: FADT indicates ASPM is unsupported, using BIOS configuration
[    1.862175] PCI host bridge to bus 0000:82
[    1.862176] pci_bus 0000:82: root bus resource [io  0xd000-0xdfff window]
[    1.862177] pci_bus 0000:82: root bus resource [mem 0xdbc00000-0xe67fffff window]
[    1.862178] pci_bus 0000:82: root bus resource [mem 0x270000000000-0x27ffffffffff window]
[    1.862179] pci_bus 0000:82: root bus resource [bus 82]
[    1.862193] pci 0000:82:00.0: [8086:09a2] type 00 class 0x088000
[    1.862269] pci 0000:82:00.1: [8086:09a4] type 00 class 0x088000
[    1.862345] pci 0000:82:00.2: [8086:09a3] type 00 class 0x088000
[    1.862419] pci 0000:82:00.4: [8086:0998] type 00 class 0x060000
[    1.862499] pci_bus 0000:82: on NUMA node 1
[    1.862596] ACPI: PCI Root Bridge [PC10] (domain 0000 [bus 83-f9])
[    1.862598] acpi PNP0A08:0a: _OSC: OS supports [ExtendedConfig ASPM ClockPM Segments MSI HPX-Type3]
[    1.876293] acpi PNP0A08:0a: _OSC: platform does not support [SHPCHotplug AER]
[    1.876495] acpi PNP0A08:0a: _OSC: OS now controls [PCIeHotplug PME PCIeCapability LTR]
[    1.876496] acpi PNP0A08:0a: FADT indicates ASPM is unsupported, using BIOS configuration
[    1.876615] PCI host bridge to bus 0000:83
[    1.876617] pci_bus 0000:83: root bus resource [io  0xe000-0xefff window]
[    1.876618] pci_bus 0000:83: root bus resource [mem 0xe6800000-0xf13fffff window]
[    1.876619] pci_bus 0000:83: root bus resource [mem 0x280000000000-0x28ffffffffff window]
[    1.876621] pci_bus 0000:83: root bus resource [bus 83-f9]
[    1.876635] pci 0000:83:00.0: [8086:09a2] type 00 class 0x088000
[    1.876716] pci 0000:83:00.1: [8086:09a4] type 00 class 0x088000
[    1.876796] pci 0000:83:00.2: [8086:09a3] type 00 class 0x088000
[    1.876874] pci 0000:83:00.4: [8086:0998] type 00 class 0x060000
[    1.876956] pci_bus 0000:83: on NUMA node 1
[    1.877026] ACPI: PCI Root Bridge [PC11] (domain 0000 [bus fa])
[    1.877029] acpi PNP0A08:0b: _OSC: OS supports [ExtendedConfig ASPM ClockPM Segments MSI HPX-Type3]
[    1.890689] acpi PNP0A08:0b: _OSC: platform does not support [SHPCHotplug AER]
[    1.890890] acpi PNP0A08:0b: _OSC: OS now controls [PCIeHotplug PME PCIeCapability LTR]
[    1.890891] acpi PNP0A08:0b: FADT indicates ASPM is unsupported, using BIOS configuration
[    1.891001] PCI host bridge to bus 0000:fa
[    1.891002] pci_bus 0000:fa: root bus resource [io  0xf000-0xffff window]
[    1.891003] pci_bus 0000:fa: root bus resource [mem 0xf1400000-0xfb7fffff window]
[    1.891005] pci_bus 0000:fa: root bus resource [mem 0x290000000000-0x29ffffffffff window]
[    1.891006] pci_bus 0000:fa: root bus resource [bus fa]
[    1.891020] pci 0000:fa:00.0: [8086:09a2] type 00 class 0x088000
[    1.891097] pci 0000:fa:00.1: [8086:09a4] type 00 class 0x088000
[    1.891173] pci 0000:fa:00.2: [8086:09a3] type 00 class 0x088000
[    1.891249] pci 0000:fa:00.4: [8086:0998] type 00 class 0x060000
[    1.891329] pci_bus 0000:fa: on NUMA node 1
[    1.891391] ACPI: PCI Root Bridge [UC16] (domain 0000 [bus fe])
[    1.891394] acpi PNP0A03:02: _OSC: OS supports [ExtendedConfig ASPM ClockPM Segments MSI HPX-Type3]
[    1.891558] acpi PNP0A03:02: _OSC: platform does not support [SHPCHotplug AER LTR]
[    1.891729] acpi PNP0A03:02: _OSC: OS now controls [PCIeHotplug PME PCIeCapability]
[    1.891730] acpi PNP0A03:02: FADT indicates ASPM is unsupported, using BIOS configuration
[    1.891851] PCI host bridge to bus 0000:fe
[    1.891852] pci_bus 0000:fe: root bus resource [bus fe]
[    1.891884] pci 0000:fe:00.0: [8086:3450] type 00 class 0x088000
[    1.891969] pci 0000:fe:00.1: [8086:3451] type 00 class 0x088000
[    1.892055] pci 0000:fe:00.2: [8086:3452] type 00 class 0x088000
[    1.892137] pci 0000:fe:00.3: [8086:0998] type 00 class 0x060000
[    1.892218] pci 0000:fe:00.5: [8086:3455] type 00 class 0x088000
[    1.892318] pci 0000:fe:02.0: [8086:3440] type 00 class 0x088000
[    1.892461] pci 0000:fe:02.1: [8086:3441] type 00 class 0x088000
[    1.892597] pci 0000:fe:02.2: [8086:3442] type 00 class 0x088000
[    1.892743] pci 0000:fe:03.0: [8086:3440] type 00 class 0x088000
[    1.892851] pci 0000:fe:03.1: [8086:3441] type 00 class 0x088000
[    1.892956] pci 0000:fe:03.2: [8086:3442] type 00 class 0x088000
[    1.893069] pci 0000:fe:04.0: [8086:3440] type 00 class 0x088000
[    1.893214] pci 0000:fe:04.1: [8086:3441] type 00 class 0x088000
[    1.893356] pci 0000:fe:04.2: [8086:3442] type 00 class 0x088000
[    1.893499] pci 0000:fe:04.3: [8086:3443] type 00 class 0x088000
[    1.893656] pci 0000:fe:05.0: [8086:3445] type 00 class 0x088000
[    1.893799] pci 0000:fe:05.1: [8086:3446] type 00 class 0x088000
[    1.893937] pci 0000:fe:05.2: [8086:3447] type 00 class 0x088000
[    1.894091] pci 0000:fe:06.0: [8086:3445] type 00 class 0x088000
[    1.894196] pci 0000:fe:06.1: [8086:3446] type 00 class 0x088000
[    1.894300] pci 0000:fe:06.2: [8086:3447] type 00 class 0x088000
[    1.894423] pci 0000:fe:07.0: [8086:3445] type 00 class 0x088000
[    1.894572] pci 0000:fe:07.1: [8086:3446] type 00 class 0x088000
[    1.894719] pci 0000:fe:07.2: [8086:3447] type 00 class 0x088000
[    1.894872] pci 0000:fe:0b.0: [8086:3448] type 00 class 0x088000
[    1.894962] pci 0000:fe:0b.1: [8086:3448] type 00 class 0x088000
[    1.895053] pci 0000:fe:0b.2: [8086:344b] type 00 class 0x088000
[    1.895158] pci 0000:fe:0c.0: [8086:344a] type 00 class 0x110100
[    1.895286] pci 0000:fe:0d.0: [8086:344a] type 00 class 0x110100
[    1.895400] pci 0000:fe:0e.0: [8086:344a] type 00 class 0x110100
[    1.895573] pci 0000:fe:0f.0: [8086:344a] type 00 class 0x110100
[    1.895768] pci 0000:fe:1a.0: [8086:2880] type 00 class 0x110100
[    1.895893] pci 0000:fe:1b.0: [8086:2880] type 00 class 0x110100
[    1.896005] pci 0000:fe:1c.0: [8086:2880] type 00 class 0x110100
[    1.896188] pci 0000:fe:1d.0: [8086:2880] type 00 class 0x110100
[    1.896350] pci_bus 0000:fe: on NUMA node 1
[    1.896425] ACPI: PCI Root Bridge [UC17] (domain 0000 [bus ff])
[    1.896428] acpi PNP0A03:03: _OSC: OS supports [ExtendedConfig ASPM ClockPM Segments MSI HPX-Type3]
[    1.896594] acpi PNP0A03:03: _OSC: platform does not support [SHPCHotplug AER LTR]
[    1.896767] acpi PNP0A03:03: _OSC: OS now controls [PCIeHotplug PME PCIeCapability]
[    1.896768] acpi PNP0A03:03: FADT indicates ASPM is unsupported, using BIOS configuration
[    1.896903] PCI host bridge to bus 0000:ff
[    1.896904] pci_bus 0000:ff: root bus resource [bus ff]
[    1.896946] pci 0000:ff:00.0: [8086:344c] type 00 class 0x088000
[    1.897081] pci 0000:ff:00.1: [8086:344c] type 00 class 0x088000
[    1.897219] pci 0000:ff:00.2: [8086:344c] type 00 class 0x088000
[    1.897345] pci 0000:ff:00.3: [8086:344c] type 00 class 0x088000
[    1.897492] pci 0000:ff:00.4: [8086:344c] type 00 class 0x088000
[    1.897635] pci 0000:ff:00.5: [8086:344c] type 00 class 0x088000
[    1.897755] pci 0000:ff:00.6: [8086:344c] type 00 class 0x088000
[    1.897912] pci 0000:ff:00.7: [8086:344c] type 00 class 0x088000
[    1.898078] pci 0000:ff:01.0: [8086:344c] type 00 class 0x088000
[    1.898236] pci 0000:ff:01.1: [8086:344c] type 00 class 0x088000
[    1.898386] pci 0000:ff:01.2: [8086:344c] type 00 class 0x088000
[    1.898498] pci 0000:ff:01.3: [8086:344c] type 00 class 0x088000
[    1.898660] pci 0000:ff:01.4: [8086:344c] type 00 class 0x088000
[    1.898824] pci 0000:ff:01.5: [8086:344c] type 00 class 0x088000
[    1.898991] pci 0000:ff:01.6: [8086:344c] type 00 class 0x088000
[    1.899148] pci 0000:ff:01.7: [8086:344c] type 00 class 0x088000
[    1.899321] pci 0000:ff:02.0: [8086:344c] type 00 class 0x088000
[    1.899480] pci 0000:ff:02.1: [8086:344c] type 00 class 0x088000
[    1.899637] pci 0000:ff:02.2: [8086:344c] type 00 class 0x088000
[    1.899801] pci 0000:ff:02.3: [8086:344c] type 00 class 0x088000
[    1.899962] pci 0000:ff:02.4: [8086:344c] type 00 class 0x088000
[    1.900126] pci 0000:ff:02.5: [8086:344c] type 00 class 0x088000
[    1.900296] pci 0000:ff:02.6: [8086:344c] type 00 class 0x088000
[    1.900477] pci 0000:ff:02.7: [8086:344c] type 00 class 0x088000
[    1.900672] pci 0000:ff:03.0: [8086:344c] type 00 class 0x088000
[    1.900851] pci 0000:ff:03.1: [8086:344c] type 00 class 0x088000
[    1.901026] pci 0000:ff:03.2: [8086:344c] type 00 class 0x088000
[    1.901210] pci 0000:ff:03.3: [8086:344c] type 00 class 0x088000
[    1.901415] pci 0000:ff:0a.0: [8086:344d] type 00 class 0x088000
[    1.901543] pci 0000:ff:0a.1: [8086:344d] type 00 class 0x088000
[    1.901681] pci 0000:ff:0a.2: [8086:344d] type 00 class 0x088000
[    1.901812] pci 0000:ff:0a.3: [8086:344d] type 00 class 0x088000
[    1.901958] pci 0000:ff:0a.4: [8086:344d] type 00 class 0x088000
[    1.902100] pci 0000:ff:0a.5: [8086:344d] type 00 class 0x088000
[    1.902221] pci 0000:ff:0a.6: [8086:344d] type 00 class 0x088000
[    1.902372] pci 0000:ff:0a.7: [8086:344d] type 00 class 0x088000
[    1.902538] pci 0000:ff:0b.0: [8086:344d] type 00 class 0x088000
[    1.902696] pci 0000:ff:0b.1: [8086:344d] type 00 class 0x088000
[    1.902846] pci 0000:ff:0b.2: [8086:344d] type 00 class 0x088000
[    1.902961] pci 0000:ff:0b.3: [8086:344d] type 00 class 0x088000
[    1.903123] pci 0000:ff:0b.4: [8086:344d] type 00 class 0x088000
[    1.903286] pci 0000:ff:0b.5: [8086:344d] type 00 class 0x088000
[    1.903455] pci 0000:ff:0b.6: [8086:344d] type 00 class 0x088000
[    1.903607] pci 0000:ff:0b.7: [8086:344d] type 00 class 0x088000
[    1.903779] pci 0000:ff:0c.0: [8086:344d] type 00 class 0x088000
[    1.903939] pci 0000:ff:0c.1: [8086:344d] type 00 class 0x088000
[    1.904097] pci 0000:ff:0c.2: [8086:344d] type 00 class 0x088000
[    1.904264] pci 0000:ff:0c.3: [8086:344d] type 00 class 0x088000
[    1.904426] pci 0000:ff:0c.4: [8086:344d] type 00 class 0x088000
[    1.904590] pci 0000:ff:0c.5: [8086:344d] type 00 class 0x088000
[    1.904759] pci 0000:ff:0c.6: [8086:344d] type 00 class 0x088000
[    1.904927] pci 0000:ff:0c.7: [8086:344d] type 00 class 0x088000
[    1.905119] pci 0000:ff:0d.0: [8086:344d] type 00 class 0x088000
[    1.905297] pci 0000:ff:0d.1: [8086:344d] type 00 class 0x088000
[    1.905471] pci 0000:ff:0d.2: [8086:344d] type 00 class 0x088000
[    1.905659] pci 0000:ff:0d.3: [8086:344d] type 00 class 0x088000
[    1.905874] pci 0000:ff:1d.0: [8086:344f] type 00 class 0x088000
[    1.906011] pci 0000:ff:1d.1: [8086:3457] type 00 class 0x088000
[    1.906161] pci 0000:ff:1e.0: [8086:3458] type 00 class 0x088000
[    1.906257] pci 0000:ff:1e.1: [8086:3459] type 00 class 0x088000
[    1.906350] pci 0000:ff:1e.2: [8086:345a] type 00 class 0x088000
[    1.906441] pci 0000:ff:1e.3: [8086:345b] type 00 class 0x088000
[    1.906533] pci 0000:ff:1e.4: [8086:345c] type 00 class 0x088000
[    1.906631] pci 0000:ff:1e.5: [8086:345d] type 00 class 0x088000
[    1.906722] pci 0000:ff:1e.6: [8086:345e] type 00 class 0x088000
[    1.906813] pci 0000:ff:1e.7: [8086:345f] type 00 class 0x088000
[    1.906887] pci_bus 0000:ff: on NUMA node 1
[    1.908850] iommu: Default domain type: Translated 
[    1.908851] iommu: DMA domain TLB invalidation policy: lazy mode 
[    1.908861] pci 0000:03:00.0: vgaarb: setting as boot VGA device
[    1.908861] pci 0000:03:00.0: vgaarb: VGA device added: decodes=io+mem,owns=io+mem,locks=none
[    1.908894] pci 0000:03:00.0: vgaarb: bridge control possible
[    1.908895] vgaarb: loaded
[    1.909084] SCSI subsystem initialized
[    1.909123] libata version 3.00 loaded.
[    1.909123] ACPI: bus type USB registered
[    1.909123] usbcore: registered new interface driver usbfs
[    1.909123] usbcore: registered new interface driver hub
[    1.909123] usbcore: registered new device driver usb
[    1.909123] pps_core: LinuxPPS API ver. 1 registered
[    1.909123] pps_core: Software ver. 5.3.6 - Copyright 2005-2007 Rodolfo Giometti <giometti@linux.it>
[    1.909123] PTP clock support registered
[    1.909123] EDAC MC: Ver: 3.0.0
[    1.912865] Registered efivars operations
[    1.912989] NetLabel: Initializing
[    1.912990] NetLabel:  domain hash size = 128
[    1.912991] NetLabel:  protocols = UNLABELED CIPSOv4 CALIPSO
[    1.913005] NetLabel:  unlabeled traffic allowed by default
[    1.913014] PCI: Using ACPI for IRQ routing
[    1.913014] PCI: pci_cache_line_size set to 64 bytes
[    1.913385] e820: reserve RAM buffer [mem 0x0008f000-0x0008ffff]
[    1.913387] e820: reserve RAM buffer [mem 0x46cc5020-0x47ffffff]
[    1.913388] e820: reserve RAM buffer [mem 0x46cf7020-0x47ffffff]
[    1.913389] e820: reserve RAM buffer [mem 0x46d2a020-0x47ffffff]
[    1.913390] e820: reserve RAM buffer [mem 0x46d5d020-0x47ffffff]
[    1.913391] e820: reserve RAM buffer [mem 0x49e77000-0x4bffffff]
[    1.913392] e820: reserve RAM buffer [mem 0x4b2cf000-0x4bffffff]
[    1.913394] e820: reserve RAM buffer [mem 0x4bd94000-0x4bffffff]
[    1.913395] e820: reserve RAM buffer [mem 0x4ce00000-0x4fffffff]
[    1.913396] e820: reserve RAM buffer [mem 0x5eefe000-0x5fffffff]
[    1.913397] e820: reserve RAM buffer [mem 0x6f800000-0x6fffffff]
[    1.918140] hpet0: at MMIO 0xfed00000, IRQs 2, 8, 0, 0, 0, 0, 0, 0
[    1.918147] hpet0: 8 comparators, 64-bit 24.000000 MHz counter
[    1.921068] clocksource: Switched to clocksource tsc-early
[    1.929471] VFS: Disk quotas dquot_6.6.0
[    1.929523] VFS: Dquot-cache hash table entries: 512 (order 0, 4096 bytes)
[    1.929670] AppArmor: AppArmor Filesystem Enabled
[    1.929687] pnp: PnP ACPI init
[    1.944906] system 00:01: [io  0x0500-0x05fe] has been reserved
[    1.944909] system 00:01: [io  0x0400-0x041f] has been reserved
[    1.944911] system 00:01: [io  0x0600-0x061f] has been reserved
[    1.944912] system 00:01: [io  0x0ca0-0x0ca1] has been reserved
[    1.944913] system 00:01: [io  0x0ca4-0x0ca6] has been reserved
[    1.944915] system 00:01: [mem 0xff000000-0xffffffff] has been reserved
[    1.945498] system 00:04: [mem 0xfd000000-0xfdabffff] has been reserved
[    1.945500] system 00:04: [mem 0xfdad0000-0xfdadffff] has been reserved
[    1.945502] system 00:04: [mem 0xfdb00000-0xfdffffff] has been reserved
[    1.945503] system 00:04: [mem 0xfe000000-0xfe00ffff] has been reserved
[    1.945505] system 00:04: [mem 0xfe011000-0xfe01ffff] has been reserved
[    1.945506] system 00:04: [mem 0xfe036000-0xfe03bfff] has been reserved
[    1.945508] system 00:04: [mem 0xfe03d000-0xfe3fffff] has been reserved
[    1.945509] system 00:04: [mem 0xfe410000-0xfe7fffff] has been reserved
[    1.945828] system 00:05: [io  0x1000-0x10fe] has been reserved
[    1.946793] pnp: PnP ACPI: found 6 devices
[    1.952387] clocksource: acpi_pm: mask: 0xffffff max_cycles: 0xffffff, max_idle_ns: 2085701024 ns
[    1.952464] NET: Registered PF_INET protocol family
[    1.952798] IP idents hash table entries: 262144 (order: 9, 2097152 bytes, vmalloc)
[    1.954929] tcp_listen_portaddr_hash hash table entries: 16384 (order: 6, 262144 bytes, vmalloc)
[    1.955271] TCP established hash table entries: 262144 (order: 9, 2097152 bytes, vmalloc)
[    1.955665] TCP bind hash table entries: 65536 (order: 8, 1048576 bytes, vmalloc)
[    1.955727] TCP: Hash tables configured (established 262144 bind 65536)
[    1.955925] UDP hash table entries: 16384 (order: 7, 524288 bytes, vmalloc)
[    1.956038] UDP-Lite hash table entries: 16384 (order: 7, 524288 bytes, vmalloc)
[    1.956277] NET: Registered PF_UNIX/PF_LOCAL protocol family
[    1.956282] NET: Registered PF_XDP protocol family
[    1.956289] pci 0000:04:00.0: can't claim BAR 6 [mem 0xfffc0000-0xffffffff pref]: no compatible bridge window
[    1.956291] pci 0000:04:00.1: can't claim BAR 6 [mem 0xfffc0000-0xffffffff pref]: no compatible bridge window
[    1.956293] pci 0000:17:00.0: can't claim BAR 6 [mem 0xfff00000-0xffffffff pref]: no compatible bridge window
[    1.956308] pci 0000:00:1c.5: BAR 14: assigned [mem 0x90000000-0x900fffff]
[    1.956311] pci 0000:00:1c.0: PCI bridge to [bus 01]
[    1.956320] pci 0000:02:00.0: PCI bridge to [bus 03]
[    1.956324] pci 0000:02:00.0:   bridge window [mem 0x92000000-0x928fffff]
[    1.956328] pci 0000:02:00.0:   bridge window [mem 0x91000000-0x91ffffff 64bit pref]
[    1.956334] pci 0000:00:1c.4: PCI bridge to [bus 02-03]
[    1.956338] pci 0000:00:1c.4:   bridge window [mem 0x92000000-0x928fffff]
[    1.956340] pci 0000:00:1c.4:   bridge window [mem 0x91000000-0x91ffffff 64bit pref]
[    1.956346] pci 0000:04:00.0: BAR 6: assigned [mem 0x90000000-0x9003ffff pref]
[    1.956347] pci 0000:04:00.1: BAR 6: assigned [mem 0x90040000-0x9007ffff pref]
[    1.956349] pci 0000:00:1c.5: PCI bridge to [bus 04]
[    1.956352] pci 0000:00:1c.5:   bridge window [mem 0x90000000-0x900fffff]
[    1.956354] pci 0000:00:1c.5:   bridge window [mem 0x92900000-0x929fffff 64bit pref]
[    1.956359] pci_bus 0000:00: resource 4 [io  0x0000-0x0cf7 window]
[    1.956361] pci_bus 0000:00: resource 5 [io  0x1000-0x4fff window]
[    1.956362] pci_bus 0000:00: resource 6 [mem 0x000a0000-0x000bffff window]
[    1.956364] pci_bus 0000:00: resource 7 [mem 0x000c8000-0x000cffff window]
[    1.956365] pci_bus 0000:00: resource 8 [mem 0xfe010000-0xfe010fff window]
[    1.956366] pci_bus 0000:00: resource 9 [mem 0x90000000-0x9b7fffff window]
[    1.956367] pci_bus 0000:00: resource 10 [mem 0x200000000000-0x20ffffffffff window]
[    1.956369] pci_bus 0000:02: resource 1 [mem 0x92000000-0x928fffff]
[    1.956370] pci_bus 0000:02: resource 2 [mem 0x91000000-0x91ffffff 64bit pref]
[    1.956371] pci_bus 0000:03: resource 1 [mem 0x92000000-0x928fffff]
[    1.956372] pci_bus 0000:03: resource 2 [mem 0x91000000-0x91ffffff 64bit pref]
[    1.956373] pci_bus 0000:04: resource 1 [mem 0x90000000-0x900fffff]
[    1.956375] pci_bus 0000:04: resource 2 [mem 0x92900000-0x929fffff 64bit pref]
[    1.956443] pci 0000:17:00.0: BAR 6: no space for [mem size 0x00100000 pref]
[    1.956445] pci 0000:17:00.0: BAR 6: failed to assign [mem size 0x00100000 pref]
[    1.956447] pci 0000:16:02.0: PCI bridge to [bus 17]
[    1.956448] pci 0000:16:02.0:   bridge window [io  0x5000-0x5fff]
[    1.956451] pci 0000:16:02.0:   bridge window [mem 0x9ba00000-0x9bafffff]
[    1.956453] pci 0000:16:02.0:   bridge window [mem 0x9b800000-0x9b9fffff 64bit pref]
[    1.956456] pci_bus 0000:16: resource 4 [io  0x5000-0x6fff window]
[    1.956458] pci_bus 0000:16: resource 5 [mem 0x9b800000-0xa63fffff window]
[    1.956459] pci_bus 0000:16: resource 6 [mem 0x210000000000-0x21ffffffffff window]
[    1.956460] pci_bus 0000:17: resource 0 [io  0x5000-0x5fff]
[    1.956461] pci_bus 0000:17: resource 1 [mem 0x9ba00000-0x9bafffff]
[    1.956462] pci_bus 0000:17: resource 2 [mem 0x9b800000-0x9b9fffff 64bit pref]
[    1.956469] pci_bus 0000:30: resource 4 [io  0x7000-0x8fff window]
[    1.956470] pci_bus 0000:30: resource 5 [mem 0xa6400000-0xb0ffffff window]
[    1.956471] pci_bus 0000:30: resource 6 [mem 0x220000000000-0x22ffffffffff window]
[    1.956476] pci_bus 0000:4a: resource 4 [io  0x9000-0x9fff window]
[    1.956477] pci_bus 0000:4a: resource 5 [mem 0xb1000000-0xbbbfffff window]
[    1.956478] pci_bus 0000:4a: resource 6 [mem 0x230000000000-0x23ffffffffff window]
[    1.956484] pci_bus 0000:64: resource 4 [io  0xa000-0xafff window]
[    1.956485] pci_bus 0000:64: resource 5 [mem 0xbbc00000-0xc5ffffff window]
[    1.956486] pci_bus 0000:64: resource 6 [mem 0x240000000000-0x24ffffffffff window]
[    1.956517] pci_bus 0000:80: resource 4 [io  0xb000-0xbfff window]
[    1.956518] pci_bus 0000:80: resource 5 [mem 0xc6800000-0xd0ffffff window]
[    1.956519] pci_bus 0000:80: resource 6 [mem 0x250000000000-0x25ffffffffff window]
[    1.956525] pci_bus 0000:81: resource 4 [io  0xc000-0xcfff window]
[    1.956526] pci_bus 0000:81: resource 5 [mem 0xd1000000-0xdbbfffff window]
[    1.956527] pci_bus 0000:81: resource 6 [mem 0x260000000000-0x26ffffffffff window]
[    1.956532] pci_bus 0000:82: resource 4 [io  0xd000-0xdfff window]
[    1.956533] pci_bus 0000:82: resource 5 [mem 0xdbc00000-0xe67fffff window]
