2024年 05月 22日 星期三 13:14:54 CST
pgmigrate_success 684776
pgmigrate_fail 5176953
pgmigrate_dst_node_full_fail 9177984
pgmigrate_numa_isolate_fail 120
pgmigrate_nomem_fail 4
pgmigrate_refcount_fail 1093
thp_fault_alloc 5310
thp_fault_fallback 0
thp_collapse_alloc 42
thp_collapse_alloc_failed 0
thp_file_alloc 0
thp_file_mapped 0
thp_split_page 0
thp_split_page_failed 0
thp_deferred_split_page 5655
thp_split_pmd 201
thp_split_pud 0
thp_zero_page_alloc 0
thp_zero_page_alloc_failed 0
thp_swpout 0
thp_swpout_fallback 0
MemTotal:       1080978828 kB
MemFree:        1050051860 kB
MemAvailable:   1047835532 kB
Buffers:            9336 kB
Cached:           132308 kB
SwapCached:        11144 kB
Active:           230176 kB
Inactive:         445940 kB
Active(anon):     172628 kB
Inactive(anon):   366924 kB
Active(file):      57548 kB
Inactive(file):    79016 kB
Unevictable:           0 kB
Mlocked:               0 kB
SwapTotal:       2097148 kB
SwapFree:        1938428 kB
Dirty:              3884 kB
Writeback:             0 kB
AnonPages:        531272 kB
Mapped:           129728 kB
Shmem:              4500 kB
KReclaimable:     255276 kB
Slab:             697204 kB
SReclaimable:     255276 kB
SUnreclaim:       441928 kB
KernelStack:       33664 kB
PageTables:        28216 kB
NFS_Unstable:          0 kB
Bounce:                0 kB
WritebackTmp:          0 kB
CommitLimit:    542586560 kB
Committed_AS:    6516412 kB
VmallocTotal:   34359738367 kB
VmallocUsed:      105004 kB
VmallocChunk:          0 kB
Percpu:           123648 kB
HardwareCorrupted:     0 kB
AnonHugePages:     10240 kB
ShmemHugePages:        0 kB
ShmemPmdMapped:        0 kB
CmaTotal:              0 kB
CmaFree:               0 kB
HugePages_Total:       0
HugePages_Free:        0
HugePages_Rsvd:        0
HugePages_Surp:        0
Hugepagesize:       2048 kB
Hugetlb:               0 kB
DirectMap4k:     1068520 kB
DirectMap2M:     8853504 kB
DirectMap1G:    1179648000 kB
2024年 05月 22日 星期三 13:24:00 CST
pgmigrate_success 810471
pgmigrate_fail 6625402
pgmigrate_dst_node_full_fail 10621824
pgmigrate_numa_isolate_fail 131
pgmigrate_nomem_fail 4
pgmigrate_refcount_fail 1103
thp_fault_alloc 10646
thp_fault_fallback 0
thp_collapse_alloc 59
thp_collapse_alloc_failed 0
thp_file_alloc 0
thp_file_mapped 0
thp_split_page 0
thp_split_page_failed 0
thp_deferred_split_page 11364
thp_split_pmd 488
thp_split_pud 0
thp_zero_page_alloc 0
thp_zero_page_alloc_failed 0
thp_swpout 0
thp_swpout_fallback 0
MemTotal:       1080978828 kB
MemFree:        1049751660 kB
MemAvailable:   1047601712 kB
Buffers:           59548 kB
Cached:           178708 kB
SwapCached:        11152 kB
Active:           293872 kB
Inactive:         484464 kB
Active(anon):     175880 kB
Inactive(anon):   368860 kB
Active(file):     117992 kB
Inactive(file):   115604 kB
Unevictable:           0 kB
Mlocked:               0 kB
SwapTotal:       2097148 kB
SwapFree:        1938684 kB
Dirty:                36 kB
Writeback:             0 kB
AnonPages:        536072 kB
Mapped:           129012 kB
Shmem:              4500 kB
KReclaimable:     291004 kB
Slab:             735284 kB
SReclaimable:     291004 kB
SUnreclaim:       444280 kB
KernelStack:       34224 kB
PageTables:        28236 kB
NFS_Unstable:          0 kB
Bounce:                0 kB
WritebackTmp:          0 kB
CommitLimit:    542586560 kB
Committed_AS:    6388108 kB
VmallocTotal:   34359738367 kB
VmallocUsed:      105020 kB
VmallocChunk:          0 kB
Percpu:           123648 kB
HardwareCorrupted:     0 kB
AnonHugePages:    155648 kB
ShmemHugePages:        0 kB
ShmemPmdMapped:        0 kB
CmaTotal:              0 kB
CmaFree:               0 kB
HugePages_Total:       0
HugePages_Free:        0
HugePages_Rsvd:        0
HugePages_Surp:        0
Hugepagesize:       2048 kB
Hugetlb:               0 kB
DirectMap4k:     1068520 kB
DirectMap2M:     8853504 kB
DirectMap1G:    1179648000 kB
