2024年 06月 05日 星期三 14:55:58 CST
pgmigrate_success 3228728
pgmigrate_fail 74374163
pgmigrate_dst_node_full_fail 74374144
pgmigrate_numa_isolate_fail 53
pgmigrate_nomem_fail 0
pgmigrate_refcount_fail 194
thp_fault_alloc 36061
thp_fault_fallback 0
thp_collapse_alloc 942
thp_collapse_alloc_failed 0
thp_file_alloc 0
thp_file_mapped 0
thp_split_page 25
thp_split_page_failed 0
thp_deferred_split_page 48410
thp_split_pmd 178
thp_split_pud 0
thp_zero_page_alloc 1
thp_zero_page_alloc_failed 0
thp_swpout 0
thp_swpout_fallback 0
MemTotal:       561495428 kB
MemFree:        542123564 kB
MemAvailable:   541191192 kB
Buffers:            7480 kB
Cached:           589316 kB
SwapCached:            0 kB
Active:          2194732 kB
Inactive:         434600 kB
Active(anon):    2033184 kB
Inactive(anon):    36092 kB
Active(file):     161548 kB
Inactive(file):   398508 kB
Unevictable:          16 kB
Mlocked:              16 kB
SwapTotal:       2097148 kB
SwapFree:        2097148 kB
Dirty:               488 kB
Writeback:             0 kB
AnonPages:       2033156 kB
Mapped:           584876 kB
Shmem:             36128 kB
KReclaimable:     284656 kB
Slab:             727320 kB
SReclaimable:     284656 kB
SUnreclaim:       442664 kB
KernelStack:       41136 kB
PageTables:        62228 kB
NFS_Unstable:          0 kB
Bounce:                0 kB
WritebackTmp:          0 kB
CommitLimit:    282844860 kB
Committed_AS:   11554096 kB
VmallocTotal:   34359738367 kB
VmallocUsed:      166608 kB
VmallocChunk:          0 kB
Percpu:           122752 kB
HardwareCorrupted:     0 kB
AnonHugePages:    788480 kB
ShmemHugePages:        0 kB
ShmemPmdMapped:        0 kB
CmaTotal:              0 kB
CmaFree:               0 kB
HugePages_Total:       0
HugePages_Free:        0
HugePages_Rsvd:        0
HugePages_Surp:        0
Hugepagesize:       2048 kB
Hugetlb:               0 kB
DirectMap4k:     1027560 kB
DirectMap2M:     8894464 kB
DirectMap1G:    653262848 kB
2024年 06月 05日 星期三 14:58:58 CST
pgmigrate_success 4176781
pgmigrate_fail 99940883
pgmigrate_dst_node_full_fail 99940864
pgmigrate_numa_isolate_fail 53
pgmigrate_nomem_fail 0
pgmigrate_refcount_fail 194
thp_fault_alloc 47517
thp_fault_fallback 0
thp_collapse_alloc 952
thp_collapse_alloc_failed 0
thp_file_alloc 0
thp_file_mapped 0
thp_split_page 25
thp_split_page_failed 0
thp_deferred_split_page 63562
thp_split_pmd 189
thp_split_pud 0
thp_zero_page_alloc 1
thp_zero_page_alloc_failed 0
thp_swpout 0
thp_swpout_fallback 0
MemTotal:       561495428 kB
MemFree:        541961580 kB
MemAvailable:   541104960 kB
Buffers:           71892 kB
Cached:           645004 kB
SwapCached:            0 kB
Active:          2299112 kB
Inactive:         461208 kB
Active(anon):    2044432 kB
Inactive(anon):    36092 kB
Active(file):     254680 kB
Inactive(file):   425116 kB
Unevictable:          16 kB
Mlocked:              16 kB
SwapTotal:       2097148 kB
SwapFree:        2097148 kB
Dirty:             20004 kB
Writeback:             0 kB
AnonPages:       2043432 kB
Mapped:           598756 kB
Shmem:             36128 kB
KReclaimable:     316416 kB
Slab:             761312 kB
SReclaimable:     316416 kB
SUnreclaim:       444896 kB
KernelStack:       41316 kB
PageTables:        62368 kB
NFS_Unstable:          0 kB
Bounce:                0 kB
WritebackTmp:          0 kB
CommitLimit:    282844860 kB
Committed_AS:   11520972 kB
VmallocTotal:   34359738367 kB
VmallocUsed:      166384 kB
VmallocChunk:          0 kB
Percpu:           122752 kB
HardwareCorrupted:     0 kB
AnonHugePages:    749568 kB
ShmemHugePages:        0 kB
ShmemPmdMapped:        0 kB
CmaTotal:              0 kB
CmaFree:               0 kB
HugePages_Total:       0
HugePages_Free:        0
HugePages_Rsvd:        0
HugePages_Surp:        0
Hugepagesize:       2048 kB
Hugetlb:               0 kB
DirectMap4k:     1027560 kB
DirectMap2M:     8894464 kB
DirectMap1G:    653262848 kB
