2024年 06月 08日 星期六 22:57:54 CST
pgmigrate_success 748305
pgmigrate_fail 49206786
pgmigrate_dst_node_full_fail 49206784
pgmigrate_numa_isolate_fail 42
pgmigrate_nomem_fail 2
pgmigrate_refcount_fail 0
thp_fault_alloc 33846
thp_fault_fallback 0
thp_collapse_alloc 66
thp_collapse_alloc_failed 4
thp_file_alloc 0
thp_file_mapped 0
thp_split_page 0
thp_split_page_failed 0
thp_deferred_split_page 36556
thp_split_pmd 111
thp_split_pud 0
thp_zero_page_alloc 0
thp_zero_page_alloc_failed 0
thp_swpout 0
thp_swpout_fallback 0
MemTotal:       1087880572 kB
MemFree:        1056522892 kB
MemAvailable:   1054427172 kB
Buffers:            8544 kB
Cached:           391256 kB
SwapCached:            0 kB
Active:           864912 kB
Inactive:         535156 kB
Active(anon):     698996 kB
Inactive(anon):   308872 kB
Active(file):     165916 kB
Inactive(file):   226284 kB
Unevictable:           0 kB
Mlocked:               0 kB
SwapTotal:       2097148 kB
SwapFree:        2097148 kB
Dirty:              1444 kB
Writeback:             0 kB
AnonPages:       1001336 kB
Mapped:           387872 kB
Shmem:              6208 kB
KReclaimable:     276408 kB
Slab:             717868 kB
SReclaimable:     276408 kB
SUnreclaim:       441460 kB
KernelStack:       33872 kB
PageTables:        33132 kB
NFS_Unstable:          0 kB
Bounce:                0 kB
WritebackTmp:          0 kB
CommitLimit:    546037432 kB
Committed_AS:    7292040 kB
VmallocTotal:   34359738367 kB
VmallocUsed:      158916 kB
VmallocChunk:          0 kB
Percpu:           121856 kB
HardwareCorrupted:     0 kB
AnonHugePages:     94208 kB
ShmemHugePages:        0 kB
ShmemPmdMapped:        0 kB
CmaTotal:              0 kB
CmaFree:               0 kB
HugePages_Total:       0
HugePages_Free:        0
HugePages_Rsvd:        0
HugePages_Surp:        0
Hugepagesize:       2048 kB
Hugetlb:               0 kB
DirectMap4k:     1095144 kB
DirectMap2M:     8826880 kB
DirectMap1G:    1179648000 kB
2024年 06月 08日 星期六 23:01:33 CST
pgmigrate_success 1784856
pgmigrate_fail 84577794
pgmigrate_dst_node_full_fail 84577792
pgmigrate_numa_isolate_fail 52
pgmigrate_nomem_fail 2
pgmigrate_refcount_fail 0
thp_fault_alloc 50635
thp_fault_fallback 0
thp_collapse_alloc 66
thp_collapse_alloc_failed 7
thp_file_alloc 0
thp_file_mapped 0
thp_split_page 0
thp_split_page_failed 0
thp_deferred_split_page 57392
thp_split_pmd 125
thp_split_pud 0
thp_zero_page_alloc 0
thp_zero_page_alloc_failed 0
thp_swpout 0
thp_swpout_fallback 0
MemTotal:       1087880572 kB
MemFree:        1056157564 kB
MemAvailable:   1054139408 kB
Buffers:           73836 kB
Cached:           444172 kB
SwapCached:            0 kB
Active:           977732 kB
Inactive:         558712 kB
Active(anon):     716616 kB
Inactive(anon):   308876 kB
Active(file):     261116 kB
Inactive(file):   249836 kB
Unevictable:           0 kB
Mlocked:               0 kB
SwapTotal:       2097148 kB
SwapFree:        2097148 kB
Dirty:              2024 kB
Writeback:             0 kB
AnonPages:       1019728 kB
Mapped:           399816 kB
Shmem:              6208 kB
KReclaimable:     312784 kB
Slab:             758812 kB
SReclaimable:     312784 kB
SUnreclaim:       446028 kB
KernelStack:       33808 kB
PageTables:        33468 kB
NFS_Unstable:          0 kB
Bounce:                0 kB
WritebackTmp:          0 kB
CommitLimit:    546037432 kB
Committed_AS:    6782628 kB
VmallocTotal:   34359738367 kB
VmallocUsed:      158724 kB
VmallocChunk:          0 kB
Percpu:           121856 kB
HardwareCorrupted:     0 kB
AnonHugePages:    448512 kB
ShmemHugePages:        0 kB
ShmemPmdMapped:        0 kB
CmaTotal:              0 kB
CmaFree:               0 kB
HugePages_Total:       0
HugePages_Free:        0
HugePages_Rsvd:        0
HugePages_Surp:        0
Hugepagesize:       2048 kB
Hugetlb:               0 kB
DirectMap4k:     1095144 kB
DirectMap2M:     8826880 kB
DirectMap1G:    1179648000 kB
