2024年 06月 05日 星期三 10:54:52 CST
pgmigrate_success 42381
pgmigrate_fail 19
pgmigrate_dst_node_full_fail 0
pgmigrate_numa_isolate_fail 11
pgmigrate_nomem_fail 0
pgmigrate_refcount_fail 194
thp_fault_alloc 0
thp_fault_fallback 0
thp_collapse_alloc 0
thp_collapse_alloc_failed 0
thp_file_alloc 0
thp_file_mapped 0
thp_split_page 0
thp_split_page_failed 0
thp_deferred_split_page 0
thp_split_pmd 0
thp_split_pud 0
thp_zero_page_alloc 0
thp_zero_page_alloc_failed 0
thp_swpout 0
thp_swpout_fallback 0
MemTotal:       561495428 kB
MemFree:        543463364 kB
MemAvailable:   542427292 kB
Buffers:            7036 kB
Cached:           391604 kB
SwapCached:            0 kB
Active:          1101100 kB
Inactive:         327600 kB
Active(anon):    1030568 kB
Inactive(anon):     6188 kB
Active(file):      70532 kB
Inactive(file):   321412 kB
Unevictable:           0 kB
Mlocked:               0 kB
SwapTotal:       2097148 kB
SwapFree:        2097148 kB
Dirty:              1424 kB
Writeback:             0 kB
AnonPages:       1030736 kB
Mapped:           387408 kB
Shmem:              6208 kB
KReclaimable:     245364 kB
Slab:             612664 kB
SReclaimable:     245364 kB
SUnreclaim:       367300 kB
KernelStack:       33796 kB
PageTables:        34464 kB
NFS_Unstable:          0 kB
Bounce:                0 kB
WritebackTmp:          0 kB
CommitLimit:    282844860 kB
Committed_AS:    6746992 kB
VmallocTotal:   34359738367 kB
VmallocUsed:      158780 kB
VmallocChunk:          0 kB
Percpu:           122752 kB
HardwareCorrupted:     0 kB
AnonHugePages:         0 kB
ShmemHugePages:        0 kB
ShmemPmdMapped:        0 kB
CmaTotal:              0 kB
CmaFree:               0 kB
HugePages_Total:       0
HugePages_Free:        0
HugePages_Rsvd:        0
HugePages_Surp:        0
Hugepagesize:       2048 kB
Hugetlb:               0 kB
DirectMap4k:      929256 kB
DirectMap2M:     8992768 kB
DirectMap1G:    653262848 kB
2024年 06月 05日 星期三 10:57:52 CST
pgmigrate_success 1248729
pgmigrate_fail 22427667
pgmigrate_dst_node_full_fail 22427648
pgmigrate_numa_isolate_fail 11
pgmigrate_nomem_fail 0
pgmigrate_refcount_fail 194
thp_fault_alloc 11384
thp_fault_fallback 0
thp_collapse_alloc 18
thp_collapse_alloc_failed 0
thp_file_alloc 0
thp_file_mapped 0
thp_split_page 0
thp_split_page_failed 0
thp_deferred_split_page 16088
thp_split_pmd 45
thp_split_pud 0
thp_zero_page_alloc 0
thp_zero_page_alloc_failed 0
thp_swpout 0
thp_swpout_fallback 0
MemTotal:       561495428 kB
MemFree:        543169404 kB
MemAvailable:   542199724 kB
Buffers:           71604 kB
Cached:           427244 kB
SwapCached:            0 kB
Active:          1220328 kB
Inactive:         335744 kB
Active(anon):    1057420 kB
Inactive(anon):     6196 kB
Active(file):     162908 kB
Inactive(file):   329548 kB
Unevictable:           0 kB
Mlocked:               0 kB
SwapTotal:       2097148 kB
SwapFree:        2097148 kB
Dirty:                96 kB
Writeback:             0 kB
AnonPages:       1057228 kB
Mapped:           398376 kB
Shmem:              6208 kB
KReclaimable:     277640 kB
Slab:             657328 kB
SReclaimable:     277640 kB
SUnreclaim:       379688 kB
KernelStack:       33768 kB
PageTables:        35296 kB
NFS_Unstable:          0 kB
Bounce:                0 kB
WritebackTmp:          0 kB
CommitLimit:    282844860 kB
Committed_AS:    6797732 kB
VmallocTotal:   34359738367 kB
VmallocUsed:      158828 kB
VmallocChunk:          0 kB
Percpu:           122752 kB
HardwareCorrupted:     0 kB
AnonHugePages:         0 kB
ShmemHugePages:        0 kB
ShmemPmdMapped:        0 kB
CmaTotal:              0 kB
CmaFree:               0 kB
HugePages_Total:       0
HugePages_Free:        0
HugePages_Rsvd:        0
HugePages_Surp:        0
Hugepagesize:       2048 kB
Hugetlb:               0 kB
DirectMap4k:      929256 kB
DirectMap2M:     8992768 kB
DirectMap1G:    653262848 kB
