2024年 06月 08日 星期六 22:50:45 CST
pgmigrate_success 342359
pgmigrate_fail 25341953
pgmigrate_dst_node_full_fail 25341952
pgmigrate_numa_isolate_fail 42
pgmigrate_nomem_fail 1
pgmigrate_refcount_fail 0
thp_fault_alloc 16697
thp_fault_fallback 0
thp_collapse_alloc 40
thp_collapse_alloc_failed 0
thp_file_alloc 0
thp_file_mapped 0
thp_split_page 0
thp_split_page_failed 0
thp_deferred_split_page 17860
thp_split_pmd 76
thp_split_pud 0
thp_zero_page_alloc 0
thp_zero_page_alloc_failed 0
thp_swpout 0
thp_swpout_fallback 0
MemTotal:       1087880572 kB
MemFree:        1056436556 kB
MemAvailable:   1054340120 kB
Buffers:            9292 kB
Cached:           390272 kB
SwapCached:            0 kB
Active:           872396 kB
Inactive:         521452 kB
Active(anon):     706456 kB
Inactive(anon):   294688 kB
Active(file):     165940 kB
Inactive(file):   226764 kB
Unevictable:           0 kB
Mlocked:               0 kB
SwapTotal:       2097148 kB
SwapFree:        2097148 kB
Dirty:               792 kB
Writeback:             0 kB
AnonPages:        995016 kB
Mapped:           386772 kB
Shmem:              6208 kB
KReclaimable:     274468 kB
Slab:             709820 kB
SReclaimable:     274468 kB
SUnreclaim:       435352 kB
KernelStack:       33856 kB
PageTables:        33064 kB
NFS_Unstable:          0 kB
Bounce:                0 kB
WritebackTmp:          0 kB
CommitLimit:    546037432 kB
Committed_AS:    6994268 kB
VmallocTotal:   34359738367 kB
VmallocUsed:      158916 kB
VmallocChunk:          0 kB
Percpu:           121856 kB
HardwareCorrupted:     0 kB
AnonHugePages:     43008 kB
ShmemHugePages:        0 kB
ShmemPmdMapped:        0 kB
CmaTotal:              0 kB
CmaFree:               0 kB
HugePages_Total:       0
HugePages_Free:        0
HugePages_Rsvd:        0
HugePages_Surp:        0
Hugepagesize:       2048 kB
Hugetlb:               0 kB
DirectMap4k:     1095144 kB
DirectMap2M:     8826880 kB
DirectMap1G:    1179648000 kB
2024年 06月 08日 星期六 22:54:24 CST
pgmigrate_success 748200
pgmigrate_fail 49206786
pgmigrate_dst_node_full_fail 49206784
pgmigrate_numa_isolate_fail 42
pgmigrate_nomem_fail 2
pgmigrate_refcount_fail 0
thp_fault_alloc 33412
thp_fault_fallback 0
thp_collapse_alloc 66
thp_collapse_alloc_failed 1
thp_file_alloc 0
thp_file_mapped 0
thp_split_page 0
thp_split_page_failed 0
thp_deferred_split_page 36118
thp_split_pmd 91
thp_split_pud 0
thp_zero_page_alloc 0
thp_zero_page_alloc_failed 0
thp_swpout 0
thp_swpout_fallback 0
MemTotal:       1087880572 kB
MemFree:        1056187852 kB
MemAvailable:   1054167840 kB
Buffers:           74524 kB
Cached:           445116 kB
SwapCached:            0 kB
Active:           978096 kB
Inactive:         559300 kB
Active(anon):     715924 kB
Inactive(anon):   308876 kB
Active(file):     262172 kB
Inactive(file):   250424 kB
Unevictable:           0 kB
Mlocked:               0 kB
SwapTotal:       2097148 kB
SwapFree:        2097148 kB
Dirty:              2248 kB
Writeback:             0 kB
AnonPages:       1019128 kB
Mapped:           398564 kB
Shmem:              6208 kB
KReclaimable:     307424 kB
Slab:             747368 kB
SReclaimable:     307424 kB
SUnreclaim:       439944 kB
KernelStack:       33792 kB
PageTables:        33696 kB
NFS_Unstable:          0 kB
Bounce:                0 kB
WritebackTmp:          0 kB
CommitLimit:    546037432 kB
Committed_AS:    7233804 kB
VmallocTotal:   34359738367 kB
VmallocUsed:      158724 kB
VmallocChunk:          0 kB
Percpu:           121856 kB
HardwareCorrupted:     0 kB
AnonHugePages:    155648 kB
ShmemHugePages:        0 kB
ShmemPmdMapped:        0 kB
CmaTotal:              0 kB
CmaFree:               0 kB
HugePages_Total:       0
HugePages_Free:        0
HugePages_Rsvd:        0
HugePages_Surp:        0
Hugepagesize:       2048 kB
Hugetlb:               0 kB
DirectMap4k:     1095144 kB
DirectMap2M:     8826880 kB
DirectMap1G:    1179648000 kB
