2024年 06月 08日 星期六 23:29:50 CST
pgmigrate_success 8112923
pgmigrate_fail 265395207
pgmigrate_dst_node_full_fail 265393152
pgmigrate_numa_isolate_fail 58
pgmigrate_nomem_fail 7
pgmigrate_refcount_fail 2
thp_fault_alloc 102444
thp_fault_fallback 0
thp_collapse_alloc 127
thp_collapse_alloc_failed 12
thp_file_alloc 0
thp_file_mapped 0
thp_split_page 0
thp_split_page_failed 0
thp_deferred_split_page 133788
thp_split_pmd 244
thp_split_pud 0
thp_zero_page_alloc 0
thp_zero_page_alloc_failed 0
thp_swpout 0
thp_swpout_fallback 0
MemTotal:       1087880572 kB
MemFree:        1056348008 kB
MemAvailable:   1054262548 kB
Buffers:            8156 kB
Cached:           396996 kB
SwapCached:            0 kB
Active:           861676 kB
Inactive:         551528 kB
Active(anon):     695584 kB
Inactive(anon):   319416 kB
Active(file):     166092 kB
Inactive(file):   232112 kB
Unevictable:           0 kB
Mlocked:               0 kB
SwapTotal:       2097148 kB
SwapFree:        2097148 kB
Dirty:               896 kB
Writeback:             0 kB
AnonPages:       1008884 kB
Mapped:           392912 kB
Shmem:              6208 kB
KReclaimable:     290916 kB
Slab:             742184 kB
SReclaimable:     290916 kB
SUnreclaim:       451268 kB
KernelStack:       33808 kB
PageTables:        33024 kB
NFS_Unstable:          0 kB
Bounce:                0 kB
WritebackTmp:          0 kB
CommitLimit:    546037432 kB
Committed_AS:    7528408 kB
VmallocTotal:   34359738367 kB
VmallocUsed:      158820 kB
VmallocChunk:          0 kB
Percpu:           121856 kB
HardwareCorrupted:     0 kB
AnonHugePages:    118784 kB
ShmemHugePages:        0 kB
ShmemPmdMapped:        0 kB
CmaTotal:              0 kB
CmaFree:               0 kB
HugePages_Total:       0
HugePages_Free:        0
HugePages_Rsvd:        0
HugePages_Surp:        0
Hugepagesize:       2048 kB
Hugetlb:               0 kB
DirectMap4k:     1095144 kB
DirectMap2M:     8826880 kB
DirectMap1G:    1179648000 kB
2024年 06月 08日 星期六 23:33:29 CST
pgmigrate_success 10727694
pgmigrate_fail 324718600
pgmigrate_dst_node_full_fail 324716032
pgmigrate_numa_isolate_fail 58
pgmigrate_nomem_fail 8
pgmigrate_refcount_fail 3
thp_fault_alloc 119247
thp_fault_fallback 0
thp_collapse_alloc 129
thp_collapse_alloc_failed 15
thp_file_alloc 0
thp_file_mapped 0
thp_split_page 0
thp_split_page_failed 0
thp_deferred_split_page 160767
thp_split_pmd 259
thp_split_pud 0
thp_zero_page_alloc 0
thp_zero_page_alloc_failed 0
thp_swpout 0
thp_swpout_fallback 0
MemTotal:       1087880572 kB
MemFree:        1056091920 kB
MemAvailable:   1054081340 kB
Buffers:           74324 kB
Cached:           446116 kB
SwapCached:            0 kB
Active:           968956 kB
Inactive:         579156 kB
Active(anon):     707632 kB
Inactive(anon):   327596 kB
Active(file):     261324 kB
Inactive(file):   251560 kB
Unevictable:           0 kB
Mlocked:               0 kB
SwapTotal:       2097148 kB
SwapFree:        2097148 kB
Dirty:               308 kB
Writeback:             0 kB
AnonPages:       1029560 kB
Mapped:           403228 kB
Shmem:              6208 kB
KReclaimable:     326000 kB
Slab:             776552 kB
SReclaimable:     326000 kB
SUnreclaim:       450552 kB
KernelStack:       33872 kB
PageTables:        33732 kB
NFS_Unstable:          0 kB
Bounce:                0 kB
WritebackTmp:          0 kB
CommitLimit:    546037432 kB
Committed_AS:    7519800 kB
VmallocTotal:   34359738367 kB
VmallocUsed:      158772 kB
VmallocChunk:          0 kB
Percpu:           121856 kB
HardwareCorrupted:     0 kB
AnonHugePages:    178176 kB
ShmemHugePages:        0 kB
ShmemPmdMapped:        0 kB
CmaTotal:              0 kB
CmaFree:               0 kB
HugePages_Total:       0
HugePages_Free:        0
HugePages_Rsvd:        0
HugePages_Surp:        0
Hugepagesize:       2048 kB
Hugetlb:               0 kB
DirectMap4k:     1095144 kB
DirectMap2M:     8826880 kB
DirectMap1G:    1179648000 kB
