[    0.000000] Linux version 5.18.0 (xmu@xmu-PowerEdge-R750) (gcc (Ubuntu 8.4.0-1ubuntu1~18.04) 8.4.0, GNU ld (GNU Binutils for Ubuntu) 2.30) #1 SMP PREEMPT_DYNAMIC Sat Apr 6 15:16:25 CST 2024
[    0.000000] Command line: BOOT_IMAGE=/boot/vmlinuz-5.18.0 root=UUID=ce0c24b8-724b-4f33-9b2c-618433560aef ro memmap=9G!55G quiet splash nomodeset vt.handoff=1
[    0.000000] KERNEL supported cpus:
[    0.000000]   Intel GenuineIntel
[    0.000000]   AMD AuthenticAMD
[    0.000000]   Hygon HygonGenuine
[    0.000000]   Centaur CentaurHauls
[    0.000000]   zhaoxin   Shanghai  
[    0.000000] x86/split lock detection: #AC: crashing the kernel on kernel split_locks and warning on user-space split_locks
[    0.000000] x86/fpu: Supporting XSAVE feature 0x001: 'x87 floating point registers'
[    0.000000] x86/fpu: Supporting XSAVE feature 0x002: 'SSE registers'
[    0.000000] x86/fpu: Supporting XSAVE feature 0x004: 'AVX registers'
[    0.000000] x86/fpu: Supporting XSAVE feature 0x020: 'AVX-512 opmask'
[    0.000000] x86/fpu: Supporting XSAVE feature 0x040: 'AVX-512 Hi256'
[    0.000000] x86/fpu: Supporting XSAVE feature 0x080: 'AVX-512 ZMM_Hi256'
[    0.000000] x86/fpu: Supporting XSAVE feature 0x200: 'Protection Keys User registers'
[    0.000000] x86/fpu: xstate_offset[2]:  576, xstate_sizes[2]:  256
[    0.000000] x86/fpu: xstate_offset[5]:  832, xstate_sizes[5]:   64
[    0.000000] x86/fpu: xstate_offset[6]:  896, xstate_sizes[6]:  512
[    0.000000] x86/fpu: xstate_offset[7]: 1408, xstate_sizes[7]: 1024
[    0.000000] x86/fpu: xstate_offset[9]: 2432, xstate_sizes[9]:    8
[    0.000000] x86/fpu: Enabled xstate features 0x2e7, context size is 2440 bytes, using 'compacted' format.
[    0.000000] signal: max sigframe size: 3632
[    0.000000] BIOS-provided physical RAM map:
[    0.000000] BIOS-e820: [mem 0x0000000000000000-0x000000000008efff] usable
[    0.000000] BIOS-e820: [mem 0x000000000008f000-0x000000000008ffff] reserved
[    0.000000] BIOS-e820: [mem 0x0000000000090000-0x000000000009ffff] usable
[    0.000000] BIOS-e820: [mem 0x00000000000a0000-0x00000000000fffff] reserved
[    0.000000] BIOS-e820: [mem 0x0000000000100000-0x0000000049e76fff] usable
[    0.000000] BIOS-e820: [mem 0x0000000049e77000-0x000000004ae76fff] ACPI NVS
[    0.000000] BIOS-e820: [mem 0x000000004ae77000-0x000000004b2cefff] usable
[    0.000000] BIOS-e820: [mem 0x000000004b2cf000-0x000000004b54dfff] ACPI data
[    0.000000] BIOS-e820: [mem 0x000000004b54e000-0x000000004bd93fff] usable
[    0.000000] BIOS-e820: [mem 0x000000004bd94000-0x000000004be99fff] reserved
[    0.000000] BIOS-e820: [mem 0x000000004be9a000-0x000000004cdfffff] usable
[    0.000000] BIOS-e820: [mem 0x000000004ce00000-0x000000004cffffff] reserved
[    0.000000] BIOS-e820: [mem 0x000000004d000000-0x000000005eefdfff] usable
[    0.000000] BIOS-e820: [mem 0x000000005eefe000-0x000000006e3fefff] reserved
[    0.000000] BIOS-e820: [mem 0x000000006e3ff000-0x000000006f3fefff] ACPI NVS
[    0.000000] BIOS-e820: [mem 0x000000006f3ff000-0x000000006f7fefff] ACPI data
[    0.000000] BIOS-e820: [mem 0x000000006f7ff000-0x000000006f7fffff] usable
[    0.000000] BIOS-e820: [mem 0x000000006f800000-0x000000008fffffff] reserved
[    0.000000] BIOS-e820: [mem 0x00000000fe000000-0x00000000fe010fff] reserved
[    0.000000] BIOS-e820: [mem 0x0000000100000000-0x000000207fffffff] usable
[    0.000000] BIOS-e820: [mem 0x0000002080000000-0x0000011c7fffffff] persistent (type 7)
[    0.000000] BIOS-e820: [mem 0x00001ffc00000000-0x00001fffffffffff] reserved
[    0.000000] NX (Execute Disable) protection: active
[    0.000000] e820: update [mem 0x46d5c020-0x46d6405f] usable ==> usable
[    0.000000] e820: update [mem 0x46d5c020-0x46d6405f] usable ==> usable
[    0.000000] e820: update [mem 0x46d29020-0x46d5bc5f] usable ==> usable
[    0.000000] e820: update [mem 0x46d29020-0x46d5bc5f] usable ==> usable
[    0.000000] e820: update [mem 0x46cf6020-0x46d28c5f] usable ==> usable
[    0.000000] e820: update [mem 0x46cf6020-0x46d28c5f] usable ==> usable
[    0.000000] e820: update [mem 0x46cc4020-0x46cf5a5f] usable ==> usable
[    0.000000] e820: update [mem 0x46cc4020-0x46cf5a5f] usable ==> usable
[    0.000000] extended physical RAM map:
[    0.000000] reserve setup_data: [mem 0x0000000000000000-0x000000000008efff] usable
[    0.000000] reserve setup_data: [mem 0x000000000008f000-0x000000000008ffff] reserved
[    0.000000] reserve setup_data: [mem 0x0000000000090000-0x000000000009ffff] usable
[    0.000000] reserve setup_data: [mem 0x00000000000a0000-0x00000000000fffff] reserved
[    0.000000] reserve setup_data: [mem 0x0000000000100000-0x0000000046cc401f] usable
[    0.000000] reserve setup_data: [mem 0x0000000046cc4020-0x0000000046cf5a5f] usable
[    0.000000] reserve setup_data: [mem 0x0000000046cf5a60-0x0000000046cf601f] usable
[    0.000000] reserve setup_data: [mem 0x0000000046cf6020-0x0000000046d28c5f] usable
[    0.000000] reserve setup_data: [mem 0x0000000046d28c60-0x0000000046d2901f] usable
[    0.000000] reserve setup_data: [mem 0x0000000046d29020-0x0000000046d5bc5f] usable
[    0.000000] reserve setup_data: [mem 0x0000000046d5bc60-0x0000000046d5c01f] usable
[    0.000000] reserve setup_data: [mem 0x0000000046d5c020-0x0000000046d6405f] usable
[    0.000000] reserve setup_data: [mem 0x0000000046d64060-0x0000000049e76fff] usable
[    0.000000] reserve setup_data: [mem 0x0000000049e77000-0x000000004ae76fff] ACPI NVS
[    0.000000] reserve setup_data: [mem 0x000000004ae77000-0x000000004b2cefff] usable
[    0.000000] reserve setup_data: [mem 0x000000004b2cf000-0x000000004b54dfff] ACPI data
[    0.000000] reserve setup_data: [mem 0x000000004b54e000-0x000000004bd93fff] usable
[    0.000000] reserve setup_data: [mem 0x000000004bd94000-0x000000004be99fff] reserved
[    0.000000] reserve setup_data: [mem 0x000000004be9a000-0x000000004cdfffff] usable
[    0.000000] reserve setup_data: [mem 0x000000004ce00000-0x000000004cffffff] reserved
[    0.000000] reserve setup_data: [mem 0x000000004d000000-0x000000005eefdfff] usable
[    0.000000] reserve setup_data: [mem 0x000000005eefe000-0x000000006e3fefff] reserved
[    0.000000] reserve setup_data: [mem 0x000000006e3ff000-0x000000006f3fefff] ACPI NVS
[    0.000000] reserve setup_data: [mem 0x000000006f3ff000-0x000000006f7fefff] ACPI data
[    0.000000] reserve setup_data: [mem 0x000000006f7ff000-0x000000006f7fffff] usable
[    0.000000] reserve setup_data: [mem 0x000000006f800000-0x000000008fffffff] reserved
[    0.000000] reserve setup_data: [mem 0x00000000fe000000-0x00000000fe010fff] reserved
[    0.000000] reserve setup_data: [mem 0x0000000100000000-0x0000000dbfffffff] usable
[    0.000000] reserve setup_data: [mem 0x0000000dc0000000-0x0000000fffffffff] persistent (type 12)
[    0.000000] reserve setup_data: [mem 0x0000001000000000-0x000000207fffffff] usable
[    0.000000] reserve setup_data: [mem 0x0000002080000000-0x0000011c7fffffff] persistent (type 7)
[    0.000000] reserve setup_data: [mem 0x00001ffc00000000-0x00001fffffffffff] reserved
[    0.000000] user-defined physical RAM map:
[    0.000000] user: [mem 0x0000000000000000-0x000000000008efff] usable
[    0.000000] user: [mem 0x000000000008f000-0x000000000008ffff] reserved
[    0.000000] user: [mem 0x0000000000090000-0x000000000009ffff] usable
[    0.000000] user: [mem 0x00000000000a0000-0x00000000000fffff] reserved
[    0.000000] user: [mem 0x0000000000100000-0x0000000046cc401f] usable
[    0.000000] user: [mem 0x0000000046cc4020-0x0000000046cf5a5f] usable
[    0.000000] user: [mem 0x0000000046cf5a60-0x0000000046cf601f] usable
[    0.000000] user: [mem 0x0000000046cf6020-0x0000000046d28c5f] usable
[    0.000000] user: [mem 0x0000000046d28c60-0x0000000046d2901f] usable
[    0.000000] user: [mem 0x0000000046d29020-0x0000000046d5bc5f] usable
[    0.000000] user: [mem 0x0000000046d5bc60-0x0000000046d5c01f] usable
[    0.000000] user: [mem 0x0000000046d5c020-0x0000000046d6405f] usable
[    0.000000] user: [mem 0x0000000046d64060-0x0000000049e76fff] usable
[    0.000000] user: [mem 0x0000000049e77000-0x000000004ae76fff] ACPI NVS
[    0.000000] user: [mem 0x000000004ae77000-0x000000004b2cefff] usable
[    0.000000] user: [mem 0x000000004b2cf000-0x000000004b54dfff] ACPI data
[    0.000000] user: [mem 0x000000004b54e000-0x000000004bd93fff] usable
[    0.000000] user: [mem 0x000000004bd94000-0x000000004be99fff] reserved
[    0.000000] user: [mem 0x000000004be9a000-0x000000004cdfffff] usable
[    0.000000] user: [mem 0x000000004ce00000-0x000000004cffffff] reserved
[    0.000000] user: [mem 0x000000004d000000-0x000000005eefdfff] usable
[    0.000000] user: [mem 0x000000005eefe000-0x000000006e3fefff] reserved
[    0.000000] user: [mem 0x000000006e3ff000-0x000000006f3fefff] ACPI NVS
[    0.000000] user: [mem 0x000000006f3ff000-0x000000006f7fefff] ACPI data
[    0.000000] user: [mem 0x000000006f7ff000-0x000000006f7fffff] usable
[    0.000000] user: [mem 0x000000006f800000-0x000000008fffffff] reserved
[    0.000000] user: [mem 0x00000000fe000000-0x00000000fe010fff] reserved
[    0.000000] user: [mem 0x0000000100000000-0x0000000dbfffffff] usable
[    0.000000] user: [mem 0x0000000dc0000000-0x0000000fffffffff] persistent (type 12)
[    0.000000] user: [mem 0x0000001000000000-0x000000207fffffff] usable
[    0.000000] user: [mem 0x0000002080000000-0x0000011c7fffffff] persistent (type 7)
[    0.000000] user: [mem 0x00001ffc00000000-0x00001fffffffffff] reserved
[    0.000000] efi: EFI v2.70 by Dell Inc.
[    0.000000] efi: ACPI=0x6f7fe000 ACPI 2.0=0x6f7fe014 MEMATTR=0x5b070020 SMBIOS=0x69526000 SMBIOS 3.0=0x69524000 MOKvar=0x5ef81000 RNG=0x5ef8a920 
[    0.000000] efi: seeding entropy pool
[    0.000000] SMBIOS 3.3.0 present.
[    0.000000] DMI: Dell Inc. PowerEdge R750/0K8F35, BIOS 1.10.2 03/03/2023
[    0.000000] tsc: Detected 2000.000 MHz processor
[    0.000008] e820: update [mem 0x00000000-0x00000fff] usable ==> reserved
[    0.000010] e820: remove [mem 0x000a0000-0x000fffff] usable
[    0.000018] last_pfn = 0x2080000 max_arch_pfn = 0x400000000
[    0.000195] x86/PAT: Configuration [0-7]: WB  WC  UC- UC  WB  WP  UC- WT  
[    0.002850] total RAM covered: 2095088M
[    0.002934]  gran_size: 64K 	chunk_size: 64K 	num_reg: 10  	lose cover RAM: 2016G
[    0.002936]  gran_size: 64K 	chunk_size: 128K 	num_reg: 10  	lose cover RAM: 2016G
[    0.002938]  gran_size: 64K 	chunk_size: 256K 	num_reg: 10  	lose cover RAM: 2016G
[    0.002939]  gran_size: 64K 	chunk_size: 512K 	num_reg: 10  	lose cover RAM: 2016G
[    0.002940]  gran_size: 64K 	chunk_size: 1M 	num_reg: 10  	lose cover RAM: 2016G
[    0.002942]  gran_size: 64K 	chunk_size: 2M 	num_reg: 10  	lose cover RAM: 2016G
[    0.002943]  gran_size: 64K 	chunk_size: 4M 	num_reg: 10  	lose cover RAM: 2016G
[    0.002944]  gran_size: 64K 	chunk_size: 8M 	num_reg: 10  	lose cover RAM: 2016G
[    0.002945]  gran_size: 64K 	chunk_size: 16M 	num_reg: 10  	lose cover RAM: 2016G
[    0.002947]  gran_size: 64K 	chunk_size: 32M 	num_reg: 10  	lose cover RAM: 1024G
[    0.002948]  gran_size: 64K 	chunk_size: 64M 	num_reg: 10  	lose cover RAM: 1024G
[    0.002950]  gran_size: 64K 	chunk_size: 128M 	num_reg: 10  	lose cover RAM: 1024G
[    0.002951]  gran_size: 64K 	chunk_size: 256M 	num_reg: 10  	lose cover RAM: 1024G
[    0.002952]  gran_size: 64K 	chunk_size: 512M 	num_reg: 10  	lose cover RAM: 1024G
[    0.002954]  gran_size: 64K 	chunk_size: 1G 	num_reg: 10  	lose cover RAM: 1024G
[    0.002955]  gran_size: 64K 	chunk_size: 2G 	num_reg: 10  	lose cover RAM: 1024G
[    0.002956]  gran_size: 128K 	chunk_size: 128K 	num_reg: 10  	lose cover RAM: 2016G
[    0.002958]  gran_size: 128K 	chunk_size: 256K 	num_reg: 10  	lose cover RAM: 2016G
[    0.002959]  gran_size: 128K 	chunk_size: 512K 	num_reg: 10  	lose cover RAM: 2016G
[    0.002960]  gran_size: 128K 	chunk_size: 1M 	num_reg: 10  	lose cover RAM: 2016G
[    0.002962]  gran_size: 128K 	chunk_size: 2M 	num_reg: 10  	lose cover RAM: 2016G
[    0.002963]  gran_size: 128K 	chunk_size: 4M 	num_reg: 10  	lose cover RAM: 2016G
[    0.002964]  gran_size: 128K 	chunk_size: 8M 	num_reg: 10  	lose cover RAM: 2016G
[    0.002966]  gran_size: 128K 	chunk_size: 16M 	num_reg: 10  	lose cover RAM: 2016G
[    0.002967]  gran_size: 128K 	chunk_size: 32M 	num_reg: 10  	lose cover RAM: 1024G
[    0.002968]  gran_size: 128K 	chunk_size: 64M 	num_reg: 10  	lose cover RAM: 1024G
[    0.002970]  gran_size: 128K 	chunk_size: 128M 	num_reg: 10  	lose cover RAM: 1024G
[    0.002971]  gran_size: 128K 	chunk_size: 256M 	num_reg: 10  	lose cover RAM: 1024G
[    0.002972]  gran_size: 128K 	chunk_size: 512M 	num_reg: 10  	lose cover RAM: 1024G
[    0.002973]  gran_size: 128K 	chunk_size: 1G 	num_reg: 10  	lose cover RAM: 1024G
[    0.002975]  gran_size: 128K 	chunk_size: 2G 	num_reg: 10  	lose cover RAM: 1024G
[    0.002976]  gran_size: 256K 	chunk_size: 256K 	num_reg: 10  	lose cover RAM: 2016G
[    0.002977]  gran_size: 256K 	chunk_size: 512K 	num_reg: 10  	lose cover RAM: 2016G
[    0.002979]  gran_size: 256K 	chunk_size: 1M 	num_reg: 10  	lose cover RAM: 2016G
[    0.002980]  gran_size: 256K 	chunk_size: 2M 	num_reg: 10  	lose cover RAM: 2016G
[    0.002981]  gran_size: 256K 	chunk_size: 4M 	num_reg: 10  	lose cover RAM: 2016G
[    0.002983]  gran_size: 256K 	chunk_size: 8M 	num_reg: 10  	lose cover RAM: 2016G
[    0.002984]  gran_size: 256K 	chunk_size: 16M 	num_reg: 10  	lose cover RAM: 2016G
[    0.002985]  gran_size: 256K 	chunk_size: 32M 	num_reg: 10  	lose cover RAM: 1024G
[    0.002986]  gran_size: 256K 	chunk_size: 64M 	num_reg: 10  	lose cover RAM: 1024G
[    0.002988]  gran_size: 256K 	chunk_size: 128M 	num_reg: 10  	lose cover RAM: 1024G
[    0.002989]  gran_size: 256K 	chunk_size: 256M 	num_reg: 10  	lose cover RAM: 1024G
[    0.002990]  gran_size: 256K 	chunk_size: 512M 	num_reg: 10  	lose cover RAM: 1024G
[    0.002992]  gran_size: 256K 	chunk_size: 1G 	num_reg: 10  	lose cover RAM: 1024G
[    0.002993]  gran_size: 256K 	chunk_size: 2G 	num_reg: 10  	lose cover RAM: 1024G
[    0.002994]  gran_size: 512K 	chunk_size: 512K 	num_reg: 10  	lose cover RAM: 2016G
[    0.002996]  gran_size: 512K 	chunk_size: 1M 	num_reg: 10  	lose cover RAM: 2016G
[    0.002997]  gran_size: 512K 	chunk_size: 2M 	num_reg: 10  	lose cover RAM: 2016G
[    0.002998]  gran_size: 512K 	chunk_size: 4M 	num_reg: 10  	lose cover RAM: 2016G
[    0.003000]  gran_size: 512K 	chunk_size: 8M 	num_reg: 10  	lose cover RAM: 2016G
[    0.003001]  gran_size: 512K 	chunk_size: 16M 	num_reg: 10  	lose cover RAM: 2016G
[    0.003002]  gran_size: 512K 	chunk_size: 32M 	num_reg: 10  	lose cover RAM: 1024G
[    0.003004]  gran_size: 512K 	chunk_size: 64M 	num_reg: 10  	lose cover RAM: 1024G
[    0.003005]  gran_size: 512K 	chunk_size: 128M 	num_reg: 10  	lose cover RAM: 1024G
[    0.003006]  gran_size: 512K 	chunk_size: 256M 	num_reg: 10  	lose cover RAM: 1024G
[    0.003007]  gran_size: 512K 	chunk_size: 512M 	num_reg: 10  	lose cover RAM: 1024G
[    0.003009]  gran_size: 512K 	chunk_size: 1G 	num_reg: 10  	lose cover RAM: 1024G
[    0.003010]  gran_size: 512K 	chunk_size: 2G 	num_reg: 10  	lose cover RAM: 1024G
[    0.003012]  gran_size: 1M 	chunk_size: 1M 	num_reg: 10  	lose cover RAM: 2016G
[    0.003013]  gran_size: 1M 	chunk_size: 2M 	num_reg: 10  	lose cover RAM: 2016G
[    0.003014]  gran_size: 1M 	chunk_size: 4M 	num_reg: 10  	lose cover RAM: 2016G
[    0.003016]  gran_size: 1M 	chunk_size: 8M 	num_reg: 10  	lose cover RAM: 2016G
[    0.003017]  gran_size: 1M 	chunk_size: 16M 	num_reg: 10  	lose cover RAM: 2016G
[    0.003018]  gran_size: 1M 	chunk_size: 32M 	num_reg: 10  	lose cover RAM: 1024G
[    0.003020]  gran_size: 1M 	chunk_size: 64M 	num_reg: 10  	lose cover RAM: 1024G
[    0.003021]  gran_size: 1M 	chunk_size: 128M 	num_reg: 10  	lose cover RAM: 1024G
[    0.003022]  gran_size: 1M 	chunk_size: 256M 	num_reg: 10  	lose cover RAM: 1024G
[    0.003024]  gran_size: 1M 	chunk_size: 512M 	num_reg: 10  	lose cover RAM: 1024G
[    0.003025]  gran_size: 1M 	chunk_size: 1G 	num_reg: 10  	lose cover RAM: 1024G
[    0.003026]  gran_size: 1M 	chunk_size: 2G 	num_reg: 10  	lose cover RAM: 1024G
[    0.003028]  gran_size: 2M 	chunk_size: 2M 	num_reg: 10  	lose cover RAM: 2016G
[    0.003029]  gran_size: 2M 	chunk_size: 4M 	num_reg: 10  	lose cover RAM: 2016G
[    0.003030]  gran_size: 2M 	chunk_size: 8M 	num_reg: 10  	lose cover RAM: 2016G
[    0.003031]  gran_size: 2M 	chunk_size: 16M 	num_reg: 10  	lose cover RAM: 2016G
[    0.003033]  gran_size: 2M 	chunk_size: 32M 	num_reg: 10  	lose cover RAM: 1024G
[    0.003034]  gran_size: 2M 	chunk_size: 64M 	num_reg: 10  	lose cover RAM: 1024G
[    0.003035]  gran_size: 2M 	chunk_size: 128M 	num_reg: 10  	lose cover RAM: 1024G
[    0.003037]  gran_size: 2M 	chunk_size: 256M 	num_reg: 10  	lose cover RAM: 1024G
[    0.003038]  gran_size: 2M 	chunk_size: 512M 	num_reg: 10  	lose cover RAM: 1024G
[    0.003039]  gran_size: 2M 	chunk_size: 1G 	num_reg: 10  	lose cover RAM: 1024G
[    0.003041]  gran_size: 2M 	chunk_size: 2G 	num_reg: 10  	lose cover RAM: 1024G
[    0.003042]  gran_size: 4M 	chunk_size: 4M 	num_reg: 10  	lose cover RAM: 2016G
[    0.003043]  gran_size: 4M 	chunk_size: 8M 	num_reg: 10  	lose cover RAM: 2016G
[    0.003044]  gran_size: 4M 	chunk_size: 16M 	num_reg: 10  	lose cover RAM: 2016G
[    0.003046]  gran_size: 4M 	chunk_size: 32M 	num_reg: 10  	lose cover RAM: 1024G
[    0.003047]  gran_size: 4M 	chunk_size: 64M 	num_reg: 10  	lose cover RAM: 1024G
[    0.003048]  gran_size: 4M 	chunk_size: 128M 	num_reg: 10  	lose cover RAM: 1024G
[    0.003050]  gran_size: 4M 	chunk_size: 256M 	num_reg: 10  	lose cover RAM: 1024G
[    0.003051]  gran_size: 4M 	chunk_size: 512M 	num_reg: 10  	lose cover RAM: 1024G
[    0.003052]  gran_size: 4M 	chunk_size: 1G 	num_reg: 10  	lose cover RAM: 1024G
[    0.003054]  gran_size: 4M 	chunk_size: 2G 	num_reg: 10  	lose cover RAM: 1024G
[    0.003055]  gran_size: 8M 	chunk_size: 8M 	num_reg: 10  	lose cover RAM: 2016G
[    0.003056]  gran_size: 8M 	chunk_size: 16M 	num_reg: 10  	lose cover RAM: 2016G
[    0.003058]  gran_size: 8M 	chunk_size: 32M 	num_reg: 10  	lose cover RAM: 1024G
[    0.003059]  gran_size: 8M 	chunk_size: 64M 	num_reg: 10  	lose cover RAM: 1024G
[    0.003060]  gran_size: 8M 	chunk_size: 128M 	num_reg: 10  	lose cover RAM: 1024G
[    0.003062]  gran_size: 8M 	chunk_size: 256M 	num_reg: 10  	lose cover RAM: 1024G
[    0.003063]  gran_size: 8M 	chunk_size: 512M 	num_reg: 10  	lose cover RAM: 1024G
[    0.003064]  gran_size: 8M 	chunk_size: 1G 	num_reg: 10  	lose cover RAM: 1024G
[    0.003065]  gran_size: 8M 	chunk_size: 2G 	num_reg: 10  	lose cover RAM: 1024G
[    0.003067]  gran_size: 16M 	chunk_size: 16M 	num_reg: 10  	lose cover RAM: 2016G
[    0.003068]  gran_size: 16M 	chunk_size: 32M 	num_reg: 10  	lose cover RAM: 1024G
[    0.003070]  gran_size: 16M 	chunk_size: 64M 	num_reg: 10  	lose cover RAM: 1024G
[    0.003071]  gran_size: 16M 	chunk_size: 128M 	num_reg: 10  	lose cover RAM: 1024G
[    0.003072]  gran_size: 16M 	chunk_size: 256M 	num_reg: 10  	lose cover RAM: 1024G
[    0.003074]  gran_size: 16M 	chunk_size: 512M 	num_reg: 10  	lose cover RAM: 1024G
[    0.003075]  gran_size: 16M 	chunk_size: 1G 	num_reg: 10  	lose cover RAM: 1024G
[    0.003077]  gran_size: 16M 	chunk_size: 2G 	num_reg: 10  	lose cover RAM: 1024G
[    0.003078]  gran_size: 32M 	chunk_size: 32M 	num_reg: 10  	lose cover RAM: 2031632M
[    0.003080]  gran_size: 32M 	chunk_size: 64M 	num_reg: 10  	lose cover RAM: 1048592M
[    0.003081]  gran_size: 32M 	chunk_size: 128M 	num_reg: 10  	lose cover RAM: 1048592M
[    0.003082]  gran_size: 32M 	chunk_size: 256M 	num_reg: 10  	lose cover RAM: 1048592M
[    0.003084]  gran_size: 32M 	chunk_size: 512M 	num_reg: 10  	lose cover RAM: 1048592M
[    0.003085]  gran_size: 32M 	chunk_size: 1G 	num_reg: 10  	lose cover RAM: 1048592M
[    0.003086]  gran_size: 32M 	chunk_size: 2G 	num_reg: 10  	lose cover RAM: 1048592M
[    0.003088]  gran_size: 64M 	chunk_size: 64M 	num_reg: 10  	lose cover RAM: 1966128M
[    0.003089]  gran_size: 64M 	chunk_size: 128M 	num_reg: 10  	lose cover RAM: 1048624M
[    0.003090]  gran_size: 64M 	chunk_size: 256M 	num_reg: 10  	lose cover RAM: 1048624M
[    0.003092]  gran_size: 64M 	chunk_size: 512M 	num_reg: 10  	lose cover RAM: 1048624M
[    0.003093]  gran_size: 64M 	chunk_size: 1G 	num_reg: 10  	lose cover RAM: 1048624M
[    0.003094]  gran_size: 64M 	chunk_size: 2G 	num_reg: 10  	lose cover RAM: 1048624M
[    0.003095]  gran_size: 128M 	chunk_size: 128M 	num_reg: 10  	lose cover RAM: 1835120M
[    0.003097]  gran_size: 128M 	chunk_size: 256M 	num_reg: 10  	lose cover RAM: 1048688M
[    0.003098]  gran_size: 128M 	chunk_size: 512M 	num_reg: 10  	lose cover RAM: 1048688M
[    0.003099]  gran_size: 128M 	chunk_size: 1G 	num_reg: 10  	lose cover RAM: 1048688M
[    0.003101]  gran_size: 128M 	chunk_size: 2G 	num_reg: 10  	lose cover RAM: 1048688M
[    0.003102]  gran_size: 256M 	chunk_size: 256M 	num_reg: 10  	lose cover RAM: 1573104M
[    0.003103]  gran_size: 256M 	chunk_size: 512M 	num_reg: 10  	lose cover RAM: 1048816M
[    0.003105]  gran_size: 256M 	chunk_size: 1G 	num_reg: 10  	lose cover RAM: 1048816M
[    0.003106]  gran_size: 256M 	chunk_size: 2G 	num_reg: 10  	lose cover RAM: 1048816M
[    0.003107]  gran_size: 512M 	chunk_size: 512M 	num_reg: 10  	lose cover RAM: 1049072M
[    0.003109]  gran_size: 512M 	chunk_size: 1G 	num_reg: 10  	lose cover RAM: 1049072M
[    0.003110]  gran_size: 512M 	chunk_size: 2G 	num_reg: 10  	lose cover RAM: 1049072M
[    0.003111]  gran_size: 1G 	chunk_size: 1G 	num_reg: 10  	lose cover RAM: 1008M
[    0.003113]  gran_size: 1G 	chunk_size: 2G 	num_reg: 10  	lose cover RAM: 1008M
[    0.003114]  gran_size: 2G 	chunk_size: 2G 	num_reg: 9  	lose cover RAM: 2032M
[    0.003116] mtrr_cleanup: can not find optimal value
[    0.003116] please specify mtrr_gran_size/mtrr_chunk_size
[    0.003119] e820: update [mem 0x7f000000-0xffffffff] usable ==> reserved
[    0.003122] x2apic: enabled by BIOS, switching to x2apic ops
[    0.003123] last_pfn = 0x6f800 max_arch_pfn = 0x400000000
[    0.014551] Using GB pages for direct mapping
[    0.015438] Secure boot disabled
[    0.015439] RAMDISK: [mem 0x205de61000-0x207fffffff]
[    0.015444] ACPI: Early table checksum verification disabled
[    0.015446] ACPI: RSDP 0x000000006F7FE014 000024 (v02 DELL  )
[    0.015450] ACPI: XSDT 0x000000006F41C188 0000F4 (v01 DELL   PE_SC3   00000000 DELL 01000013)
[    0.015456] ACPI: FACP 0x000000006F430000 000114 (v06 DELL   PE_SC3   00000000 DELL 00000001)
[    0.015462] ACPI: DSDT 0x000000004B4CE000 07FAD3 (v02 DELL   PE_SC3   00000003 DELL 00000001)
[    0.015466] ACPI: FACS 0x000000006F2F2000 000040
[    0.015469] ACPI: SSDT 0x000000006F7FB000 00159A (v02 INTEL  RAS_ACPI 00000001 INTL 20210331)
[    0.015473] ACPI: SSDT 0x000000006F7FA000 000745 (v02 INTEL  ADDRXLAT 00000001 INTL 20210331)
[    0.015476] ACPI: MCEJ 0x000000006F7F9000 000130 (v01 INTEL           00000001 INTL 0100000D)
[    0.015480] ACPI: BERT 0x000000006F7F8000 000030 (v01 DELL   PE_SC3   00000001 INTL 00000001)
[    0.015483] ACPI: ERST 0x000000006F7F7000 000230 (v01 DELL   PE_SC3   00000001 INTL 00000001)
[    0.015487] ACPI: SSDT 0x000000006F431000 3C524E (v02 INTEL  SSDTNVDR 00001000 INTL 20210331)
[    0.015490] ACPI: HMAT 0x000000006F42F000 000210 (v01 DELL   PE_SC3   00000001 DELL 00000001)
[    0.015493] ACPI: HPET 0x000000006F42E000 000038 (v01 DELL   PE_SC3   00000001 DELL 00000001)
[    0.015497] ACPI: MCFG 0x000000006F42D000 00003C (v01 DELL   PE_SC3   00000001 DELL 00000001)
[    0.015500] ACPI: MIGT 0x000000006F42C000 000040 (v01 DELL   PE_SC3   00000000 DELL 00000001)
[    0.015503] ACPI: MSCT 0x000000006F42B000 000090 (v01 DELL   PE_SC3   00000001 DELL 00000001)
[    0.015507] ACPI: PMTT 0x000000006F429000 0011E8 (v02 DELL   PE_SC3   00000001 DELL 00000001)
[    0.015510] ACPI: WSMT 0x000000006F428000 000028 (v01 DELL   PE_SC3   00000000 DELL 00000001)
[    0.015513] ACPI: APIC 0x000000006F427000 00075E (v04 DELL   PE_SC3   00000000 DELL 00000001)
[    0.015517] ACPI: SLIT 0x000000006F426000 00003C (v01 DELL   PE_SC3   00000001 DELL 01000013)
[    0.015520] ACPI: SRAT 0x000000006F41F000 006430 (v03 DELL   PE_SC3   00000002 DELL 01000013)
[    0.015523] ACPI: OEM4 0x000000004B346000 187A61 (v02 INTEL  CPU  CST 00003000 INTL 20210331)
[    0.015527] ACPI: SSDT 0x000000004B2CF000 0764A5 (v02 INTEL  SSDT  PM 00004000 INTL 20210331)
[    0.015530] ACPI: SSDT 0x000000006F41E000 000A1F (v02 DELL   PE_SC3   00000000 DELL 00000001)
[    0.015533] ACPI: HEST 0x000000006F41D000 00017C (v01 DELL   PE_SC3   00000001 INTL 00000001)
[    0.015537] ACPI: PCAT 0x000000006F41B000 00010C (v19 DELL   PE_SC3   00000002 DELL 00000001)
[    0.015540] ACPI: SSDT 0x000000006F413000 007299 (v02 INTEL  SpsNm    00000002 INTL 20210331)
[    0.015543] ACPI: SSDT 0x000000006F412000 000426 (v02 DELL   PE_SC3   00000002 DELL 00000001)
[    0.015547] ACPI: NFIT 0x000000006F7FD000 000488 (v01 DELL   PE_SC3   00000002 DELL 00000001)
[    0.015550] ACPI: DMAR 0x000000006F411000 000158 (v01 DELL   PE_SC3   00000001 DELL 00000001)
[    0.015553] ACPI: Reserving FACP table memory at [mem 0x6f430000-0x6f430113]
[    0.015555] ACPI: Reserving DSDT table memory at [mem 0x4b4ce000-0x4b54dad2]
[    0.015556] ACPI: Reserving FACS table memory at [mem 0x6f2f2000-0x6f2f203f]
[    0.015557] ACPI: Reserving SSDT table memory at [mem 0x6f7fb000-0x6f7fc599]
[    0.015558] ACPI: Reserving SSDT table memory at [mem 0x6f7fa000-0x6f7fa744]
[    0.015559] ACPI: Reserving MCEJ table memory at [mem 0x6f7f9000-0x6f7f912f]
[    0.015560] ACPI: Reserving BERT table memory at [mem 0x6f7f8000-0x6f7f802f]
[    0.015561] ACPI: Reserving ERST table memory at [mem 0x6f7f7000-0x6f7f722f]
[    0.015562] ACPI: Reserving SSDT table memory at [mem 0x6f431000-0x6f7f624d]
[    0.015563] ACPI: Reserving HMAT table memory at [mem 0x6f42f000-0x6f42f20f]
[    0.015564] ACPI: Reserving HPET table memory at [mem 0x6f42e000-0x6f42e037]
[    0.015565] ACPI: Reserving MCFG table memory at [mem 0x6f42d000-0x6f42d03b]
[    0.015565] ACPI: Reserving MIGT table memory at [mem 0x6f42c000-0x6f42c03f]
[    0.015566] ACPI: Reserving MSCT table memory at [mem 0x6f42b000-0x6f42b08f]
[    0.015567] ACPI: Reserving PMTT table memory at [mem 0x6f429000-0x6f42a1e7]
[    0.015568] ACPI: Reserving WSMT table memory at [mem 0x6f428000-0x6f428027]
[    0.015569] ACPI: Reserving APIC table memory at [mem 0x6f427000-0x6f42775d]
[    0.015570] ACPI: Reserving SLIT table memory at [mem 0x6f426000-0x6f42603b]
[    0.015571] ACPI: Reserving SRAT table memory at [mem 0x6f41f000-0x6f42542f]
[    0.015572] ACPI: Reserving OEM4 table memory at [mem 0x4b346000-0x4b4cda60]
[    0.015573] ACPI: Reserving SSDT table memory at [mem 0x4b2cf000-0x4b3454a4]
[    0.015574] ACPI: Reserving SSDT table memory at [mem 0x6f41e000-0x6f41ea1e]
[    0.015575] ACPI: Reserving HEST table memory at [mem 0x6f41d000-0x6f41d17b]
[    0.015576] ACPI: Reserving PCAT table memory at [mem 0x6f41b000-0x6f41b10b]
[    0.015576] ACPI: Reserving SSDT table memory at [mem 0x6f413000-0x6f41a298]
[    0.015577] ACPI: Reserving SSDT table memory at [mem 0x6f412000-0x6f412425]
[    0.015578] ACPI: Reserving NFIT table memory at [mem 0x6f7fd000-0x6f7fd487]
[    0.015579] ACPI: Reserving DMAR table memory at [mem 0x6f411000-0x6f411157]
[    0.015590] Setting APIC routing to cluster x2apic.
[    0.015637] SRAT: PXM 0 -> APIC 0x0000 -> Node 0
[    0.015639] SRAT: PXM 0 -> APIC 0x0001 -> Node 0
[    0.015640] SRAT: PXM 0 -> APIC 0x0002 -> Node 0
[    0.015640] SRAT: PXM 0 -> APIC 0x0003 -> Node 0
[    0.015641] SRAT: PXM 0 -> APIC 0x0004 -> Node 0
[    0.015642] SRAT: PXM 0 -> APIC 0x0005 -> Node 0
[    0.015642] SRAT: PXM 0 -> APIC 0x0006 -> Node 0
[    0.015643] SRAT: PXM 0 -> APIC 0x0007 -> Node 0
[    0.015644] SRAT: PXM 0 -> APIC 0x0008 -> Node 0
[    0.015644] SRAT: PXM 0 -> APIC 0x0009 -> Node 0
[    0.015645] SRAT: PXM 0 -> APIC 0x000a -> Node 0
[    0.015646] SRAT: PXM 0 -> APIC 0x000b -> Node 0
[    0.015646] SRAT: PXM 0 -> APIC 0x000c -> Node 0
[    0.015647] SRAT: PXM 0 -> APIC 0x000d -> Node 0
[    0.015648] SRAT: PXM 0 -> APIC 0x000e -> Node 0
[    0.015648] SRAT: PXM 0 -> APIC 0x000f -> Node 0
[    0.015649] SRAT: PXM 0 -> APIC 0x0010 -> Node 0
[    0.015650] SRAT: PXM 0 -> APIC 0x0011 -> Node 0
[    0.015650] SRAT: PXM 0 -> APIC 0x0012 -> Node 0
[    0.015651] SRAT: PXM 0 -> APIC 0x0013 -> Node 0
[    0.015652] SRAT: PXM 0 -> APIC 0x0014 -> Node 0
[    0.015653] SRAT: PXM 0 -> APIC 0x0015 -> Node 0
[    0.015653] SRAT: PXM 0 -> APIC 0x0016 -> Node 0
[    0.015654] SRAT: PXM 0 -> APIC 0x0017 -> Node 0
[    0.015655] SRAT: PXM 0 -> APIC 0x0018 -> Node 0
[    0.015655] SRAT: PXM 0 -> APIC 0x0019 -> Node 0
[    0.015656] SRAT: PXM 0 -> APIC 0x001a -> Node 0
[    0.015657] SRAT: PXM 0 -> APIC 0x001b -> Node 0
[    0.015657] SRAT: PXM 0 -> APIC 0x001c -> Node 0
[    0.015658] SRAT: PXM 0 -> APIC 0x001d -> Node 0
[    0.015659] SRAT: PXM 0 -> APIC 0x001e -> Node 0
[    0.015659] SRAT: PXM 0 -> APIC 0x001f -> Node 0
[    0.015660] SRAT: PXM 0 -> APIC 0x0020 -> Node 0
[    0.015661] SRAT: PXM 0 -> APIC 0x0021 -> Node 0
[    0.015661] SRAT: PXM 0 -> APIC 0x0022 -> Node 0
[    0.015662] SRAT: PXM 0 -> APIC 0x0023 -> Node 0
[    0.015663] SRAT: PXM 0 -> APIC 0x0024 -> Node 0
[    0.015663] SRAT: PXM 0 -> APIC 0x0025 -> Node 0
[    0.015664] SRAT: PXM 0 -> APIC 0x0026 -> Node 0
[    0.015665] SRAT: PXM 0 -> APIC 0x0027 -> Node 0
[    0.015665] SRAT: PXM 0 -> APIC 0x0028 -> Node 0
[    0.015666] SRAT: PXM 0 -> APIC 0x0029 -> Node 0
[    0.015667] SRAT: PXM 0 -> APIC 0x002a -> Node 0
[    0.015667] SRAT: PXM 0 -> APIC 0x002b -> Node 0
[    0.015668] SRAT: PXM 0 -> APIC 0x002c -> Node 0
[    0.015669] SRAT: PXM 0 -> APIC 0x002d -> Node 0
[    0.015669] SRAT: PXM 0 -> APIC 0x002e -> Node 0
[    0.015670] SRAT: PXM 0 -> APIC 0x002f -> Node 0
[    0.015671] SRAT: PXM 0 -> APIC 0x0030 -> Node 0
[    0.015671] SRAT: PXM 0 -> APIC 0x0031 -> Node 0
[    0.015672] SRAT: PXM 0 -> APIC 0x0032 -> Node 0
[    0.015673] SRAT: PXM 0 -> APIC 0x0033 -> Node 0
[    0.015673] SRAT: PXM 0 -> APIC 0x0034 -> Node 0
[    0.015674] SRAT: PXM 0 -> APIC 0x0035 -> Node 0
[    0.015675] SRAT: PXM 0 -> APIC 0x0036 -> Node 0
[    0.015675] SRAT: PXM 0 -> APIC 0x0037 -> Node 0
[    0.015676] SRAT: PXM 1 -> APIC 0x0080 -> Node 1
[    0.015677] SRAT: PXM 1 -> APIC 0x0081 -> Node 1
[    0.015677] SRAT: PXM 1 -> APIC 0x0082 -> Node 1
[    0.015678] SRAT: PXM 1 -> APIC 0x0083 -> Node 1
[    0.015679] SRAT: PXM 1 -> APIC 0x0084 -> Node 1
[    0.015679] SRAT: PXM 1 -> APIC 0x0085 -> Node 1
[    0.015680] SRAT: PXM 1 -> APIC 0x0086 -> Node 1
[    0.015681] SRAT: PXM 1 -> APIC 0x0087 -> Node 1
[    0.015681] SRAT: PXM 1 -> APIC 0x0088 -> Node 1
[    0.015682] SRAT: PXM 1 -> APIC 0x0089 -> Node 1
[    0.015683] SRAT: PXM 1 -> APIC 0x008a -> Node 1
[    0.015683] SRAT: PXM 1 -> APIC 0x008b -> Node 1
[    0.015684] SRAT: PXM 1 -> APIC 0x008c -> Node 1
[    0.015685] SRAT: PXM 1 -> APIC 0x008d -> Node 1
[    0.015685] SRAT: PXM 1 -> APIC 0x008e -> Node 1
[    0.015686] SRAT: PXM 1 -> APIC 0x008f -> Node 1
[    0.015687] SRAT: PXM 1 -> APIC 0x0090 -> Node 1
[    0.015687] SRAT: PXM 1 -> APIC 0x0091 -> Node 1
[    0.015688] SRAT: PXM 1 -> APIC 0x0092 -> Node 1
[    0.015689] SRAT: PXM 1 -> APIC 0x0093 -> Node 1
[    0.015689] SRAT: PXM 1 -> APIC 0x0094 -> Node 1
[    0.015690] SRAT: PXM 1 -> APIC 0x0095 -> Node 1
[    0.015691] SRAT: PXM 1 -> APIC 0x0096 -> Node 1
[    0.015691] SRAT: PXM 1 -> APIC 0x0097 -> Node 1
[    0.015692] SRAT: PXM 1 -> APIC 0x0098 -> Node 1
[    0.015693] SRAT: PXM 1 -> APIC 0x0099 -> Node 1
[    0.015693] SRAT: PXM 1 -> APIC 0x009a -> Node 1
[    0.015694] SRAT: PXM 1 -> APIC 0x009b -> Node 1
[    0.015695] SRAT: PXM 1 -> APIC 0x009c -> Node 1
[    0.015695] SRAT: PXM 1 -> APIC 0x009d -> Node 1
[    0.015696] SRAT: PXM 1 -> APIC 0x009e -> Node 1
[    0.015697] SRAT: PXM 1 -> APIC 0x009f -> Node 1
[    0.015697] SRAT: PXM 1 -> APIC 0x00a0 -> Node 1
[    0.015698] SRAT: PXM 1 -> APIC 0x00a1 -> Node 1
[    0.015699] SRAT: PXM 1 -> APIC 0x00a2 -> Node 1
[    0.015699] SRAT: PXM 1 -> APIC 0x00a3 -> Node 1
[    0.015700] SRAT: PXM 1 -> APIC 0x00a4 -> Node 1
[    0.015701] SRAT: PXM 1 -> APIC 0x00a5 -> Node 1
[    0.015701] SRAT: PXM 1 -> APIC 0x00a6 -> Node 1
[    0.015702] SRAT: PXM 1 -> APIC 0x00a7 -> Node 1
[    0.015702] SRAT: PXM 1 -> APIC 0x00a8 -> Node 1
[    0.015703] SRAT: PXM 1 -> APIC 0x00a9 -> Node 1
[    0.015704] SRAT: PXM 1 -> APIC 0x00aa -> Node 1
[    0.015705] SRAT: PXM 1 -> APIC 0x00ab -> Node 1
[    0.015705] SRAT: PXM 1 -> APIC 0x00ac -> Node 1
[    0.015706] SRAT: PXM 1 -> APIC 0x00ad -> Node 1
[    0.015706] SRAT: PXM 1 -> APIC 0x00ae -> Node 1
[    0.015707] SRAT: PXM 1 -> APIC 0x00af -> Node 1
[    0.015708] SRAT: PXM 1 -> APIC 0x00b0 -> Node 1
[    0.015708] SRAT: PXM 1 -> APIC 0x00b1 -> Node 1
[    0.015709] SRAT: PXM 1 -> APIC 0x00b2 -> Node 1
[    0.015710] SRAT: PXM 1 -> APIC 0x00b3 -> Node 1
[    0.015711] SRAT: PXM 1 -> APIC 0x00b4 -> Node 1
[    0.015711] SRAT: PXM 1 -> APIC 0x00b5 -> Node 1
[    0.015712] SRAT: PXM 1 -> APIC 0x00b6 -> Node 1
[    0.015713] SRAT: PXM 1 -> APIC 0x00b7 -> Node 1
[    0.015726] ACPI: SRAT: Node 0 PXM 0 [mem 0x00000000-0x7fffffff]
[    0.015728] ACPI: SRAT: Node 0 PXM 0 [mem 0x100000000-0x107fffffff]
[    0.015729] ACPI: SRAT: Node 2 PXM 2 [mem 0x2080000000-0x9e7fffffff] non-volatile
[    0.015731] ACPI: SRAT: Node 1 PXM 1 [mem 0x1080000000-0x207fffffff]
[    0.015732] ACPI: SRAT: Node 3 PXM 3 [mem 0x9e80000000-0x11c7fffffff] non-volatile
[    0.015741] NUMA: Initialized distance table, cnt=4
[    0.015745] NUMA: Node 0 [mem 0x00000000-0x7fffffff] + [mem 0x100000000-0x107fffffff] -> [mem 0x00000000-0x107fffffff]
[    0.015754] NODE_DATA(0) allocated [mem 0x107ffd5000-0x107fffffff]
[    0.015773] NODE_DATA(1) allocated [mem 0x205de33000-0x205de5dfff]
[    0.015998] Zone ranges:
[    0.015998]   DMA      [mem 0x0000000000001000-0x0000000000ffffff]
[    0.016000]   DMA32    [mem 0x0000000001000000-0x00000000ffffffff]
[    0.016002]   Normal   [mem 0x0000000100000000-0x000000207fffffff]
[    0.016003]   Device   empty
[    0.016004] Movable zone start for each node
[    0.016008] Early memory node ranges
[    0.016008]   node   0: [mem 0x0000000000001000-0x000000000008efff]
[    0.016010]   node   0: [mem 0x0000000000090000-0x000000000009ffff]
[    0.016011]   node   0: [mem 0x0000000000100000-0x0000000049e76fff]
[    0.016012]   node   0: [mem 0x000000004ae77000-0x000000004b2cefff]
[    0.016013]   node   0: [mem 0x000000004b54e000-0x000000004bd93fff]
[    0.016013]   node   0: [mem 0x000000004be9a000-0x000000004cdfffff]
[    0.016014]   node   0: [mem 0x000000004d000000-0x000000005eefdfff]
[    0.016015]   node   0: [mem 0x000000006f7ff000-0x000000006f7fffff]
[    0.016016]   node   0: [mem 0x0000000100000000-0x0000000dbfffffff]
[    0.016019]   node   0: [mem 0x0000001000000000-0x000000107fffffff]
[    0.016020]   node   1: [mem 0x0000001080000000-0x000000207fffffff]
[    0.016025] Initmem setup node 0 [mem 0x0000000000001000-0x000000107fffffff]
[    0.016028] Initmem setup node 1 [mem 0x0000001080000000-0x000000207fffffff]
[    0.016029] Initializing node 2 as memoryless
[    0.016052] Initmem setup node 2 as memoryless
[    0.016053] Initializing node 3 as memoryless
[    0.016073] Initmem setup node 3 as memoryless
[    0.016075] On node 0, zone DMA: 1 pages in unavailable ranges
[    0.016076] On node 0, zone DMA: 1 pages in unavailable ranges
[    0.016103] On node 0, zone DMA: 96 pages in unavailable ranges
[    0.018213] On node 0, zone DMA32: 4096 pages in unavailable ranges
[    0.018235] On node 0, zone DMA32: 639 pages in unavailable ranges
[    0.018268] On node 0, zone DMA32: 262 pages in unavailable ranges
[    0.018771] On node 0, zone DMA32: 512 pages in unavailable ranges
[    0.019043] On node 0, zone DMA32: 35073 pages in unavailable ranges
[    0.115167] On node 0, zone Normal: 2048 pages in unavailable ranges
[    0.248465] ACPI: PM-Timer IO Port: 0x508
[    0.248485] ACPI: X2APIC_NMI (uid[0xffffffff] high edge lint[0x1])
[    0.248488] ACPI: LAPIC_NMI (acpi_id[0xff] high edge lint[0x1])
[    0.248507] IOAPIC[0]: apic_id 8, version 32, address 0xfec00000, GSI 0-119
[    0.248510] ACPI: INT_SRC_OVR (bus 0 bus_irq 0 global_irq 2 dfl dfl)
[    0.248513] ACPI: INT_SRC_OVR (bus 0 bus_irq 9 global_irq 9 high level)
[    0.248517] ACPI: Using ACPI (MADT) for SMP configuration information
[    0.248518] ACPI: HPET id: 0x8086a701 base: 0xfed00000
[    0.248522] TSC deadline timer available
[    0.248524] smpboot: Allowing 112 CPUs, 0 hotplug CPUs
[    0.248551] PM: hibernation: Registered nosave memory: [mem 0x00000000-0x00000fff]
[    0.248554] PM: hibernation: Registered nosave memory: [mem 0x0008f000-0x0008ffff]
[    0.248556] PM: hibernation: Registered nosave memory: [mem 0x000a0000-0x000fffff]
[    0.248557] PM: hibernation: Registered nosave memory: [mem 0x46cc4000-0x46cc4fff]
[    0.248559] PM: hibernation: Registered nosave memory: [mem 0x46cf5000-0x46cf5fff]
[    0.248560] PM: hibernation: Registered nosave memory: [mem 0x46cf6000-0x46cf6fff]
[    0.248562] PM: hibernation: Registered nosave memory: [mem 0x46d28000-0x46d28fff]
[    0.248562] PM: hibernation: Registered nosave memory: [mem 0x46d29000-0x46d29fff]
[    0.248564] PM: hibernation: Registered nosave memory: [mem 0x46d5b000-0x46d5bfff]
[    0.248565] PM: hibernation: Registered nosave memory: [mem 0x46d5c000-0x46d5cfff]
[    0.248567] PM: hibernation: Registered nosave memory: [mem 0x46d64000-0x46d64fff]
[    0.248568] PM: hibernation: Registered nosave memory: [mem 0x49e77000-0x4ae76fff]
[    0.248570] PM: hibernation: Registered nosave memory: [mem 0x4b2cf000-0x4b54dfff]
[    0.248572] PM: hibernation: Registered nosave memory: [mem 0x4bd94000-0x4be99fff]
[    0.248573] PM: hibernation: Registered nosave memory: [mem 0x4ce00000-0x4cffffff]
[    0.248575] PM: hibernation: Registered nosave memory: [mem 0x5eefe000-0x6e3fefff]
[    0.248576] PM: hibernation: Registered nosave memory: [mem 0x6e3ff000-0x6f3fefff]
[    0.248576] PM: hibernation: Registered nosave memory: [mem 0x6f3ff000-0x6f7fefff]
[    0.248578] PM: hibernation: Registered nosave memory: [mem 0x6f800000-0x8fffffff]
[    0.248579] PM: hibernation: Registered nosave memory: [mem 0x90000000-0xfdffffff]
[    0.248580] PM: hibernation: Registered nosave memory: [mem 0xfe000000-0xfe010fff]
[    0.248580] PM: hibernation: Registered nosave memory: [mem 0xfe011000-0xffffffff]
[    0.248582] PM: hibernation: Registered nosave memory: [mem 0xdc0000000-0xfffffffff]
[    0.248584] [mem 0x90000000-0xfdffffff] available for PCI devices
[    0.248586] Booting paravirtualized kernel on bare hardware
[    0.248588] clocksource: refined-jiffies: mask: 0xffffffff max_cycles: 0xffffffff, max_idle_ns: 7645519600211568 ns
[    0.248594] setup_percpu: NR_CPUS:8192 nr_cpumask_bits:112 nr_cpu_ids:112 nr_node_ids:4
[    0.253381] percpu: Embedded 61 pages/cpu s212992 r8192 d28672 u262144
[    0.253392] pcpu-alloc: s212992 r8192 d28672 u262144 alloc=1*2097152
[    0.253395] pcpu-alloc: [0] 000 002 004 006 008 010 012 014 
[    0.253401] pcpu-alloc: [0] 016 018 020 022 024 026 028 030 
[    0.253406] pcpu-alloc: [0] 032 034 036 038 040 042 044 046 
[    0.253411] pcpu-alloc: [0] 048 050 052 054 056 058 060 062 
[    0.253415] pcpu-alloc: [0] 064 066 068 070 072 074 076 078 
[    0.253420] pcpu-alloc: [0] 080 082 084 086 088 090 092 094 
[    0.253424] pcpu-alloc: [0] 096 098 100 102 104 106 108 110 
[    0.253429] pcpu-alloc: [1] 001 003 005 007 009 011 013 015 
[    0.253434] pcpu-alloc: [1] 017 019 021 023 025 027 029 031 
[    0.253438] pcpu-alloc: [1] 033 035 037 039 041 043 045 047 
[    0.253442] pcpu-alloc: [1] 049 051 053 055 057 059 061 063 
[    0.253447] pcpu-alloc: [1] 065 067 069 071 073 075 077 079 
[    0.253451] pcpu-alloc: [1] 081 083 085 087 089 091 093 095 
[    0.253456] pcpu-alloc: [1] 097 099 101 103 105 107 109 111 
[    0.253501] Fallback order for Node 0: 0 1 
[    0.253504] Fallback order for Node 1: 1 0 
[    0.253506] Fallback order for Node 2: 2 0 1 
[    0.253510] Fallback order for Node 3: 3 1 0 
[    0.253517] Built 2 zonelists, mobility grouping on.  Total pages: 30567700
[    0.253519] Policy zone: Normal
[    0.253520] Kernel command line: BOOT_IMAGE=/boot/vmlinuz-5.18.0 root=UUID=ce0c24b8-724b-4f33-9b2c-618433560aef ro memmap=9G!55G quiet splash nomodeset vt.handoff=1
[    0.253629] Booted with the nomodeset parameter. Only the system framebuffer will be available
[    0.253651] Unknown kernel command line parameters "splash BOOT_IMAGE=/boot/vmlinuz-5.18.0", will be passed to user space.
[    0.253652] printk: log_buf_len individual max cpu contribution: 4096 bytes
[    0.253653] printk: log_buf_len total cpu_extra contributions: 454656 bytes
[    0.253654] printk: log_buf_len min size: 262144 bytes
[    0.254633] printk: log_buf_len: 1048576 bytes
[    0.254635] printk: early log buf free: 223912(85%)
[    0.256537] mem auto-init: stack:off, heap alloc:on, heap free:off
[    0.553668] Memory: 121444236K/124216416K available (16392K kernel code, 3615K rwdata, 10444K rodata, 2688K init, 5836K bss, 2771920K reserved, 0K cma-reserved)
[    0.553674] random: get_random_u64 called from __kmem_cache_create+0x2d/0x480 with crng_init=0
[    0.554230] SLUB: HWalign=64, Order=0-3, MinObjects=0, CPUs=112, Nodes=4
[    0.554258] ftrace: allocating 48795 entries in 191 pages
[    0.562800] ftrace: allocated 191 pages with 7 groups
[    0.563779] Dynamic Preempt: voluntary
[    0.564116] rcu: Preemptible hierarchical RCU implementation.
[    0.564117] rcu: 	RCU restricting CPUs from NR_CPUS=8192 to nr_cpu_ids=112.
[    0.564119] 	Trampoline variant of Tasks RCU enabled.
[    0.564119] 	Rude variant of Tasks RCU enabled.
[    0.564120] 	Tracing variant of Tasks RCU enabled.
[    0.564121] rcu: RCU calculated value of scheduler-enlistment delay is 25 jiffies.
[    0.564122] rcu: Adjusting geometry for rcu_fanout_leaf=16, nr_cpu_ids=112
[    0.567956] NR_IRQS: 524544, nr_irqs: 2952, preallocated irqs: 16
[    0.568292] random: crng init done (trusting CPU's manufacturer)
[    0.568430] Console: colour dummy device 80x25
[    0.568463] printk: console [tty0] enabled
[    0.568663] mempolicy: Enabling automatic NUMA balancing. Configure with numa_balancing= or the kernel.numa_balancing sysctl
[    0.568668] ACPI: Core revision 20211217
[    0.572057] clocksource: hpet: mask: 0xffffffff max_cycles: 0xffffffff, max_idle_ns: 79635855245 ns
[    0.572101] APIC: Switch to symmetric I/O mode setup
[    0.572103] DMAR: Host address width 46
[    0.572104] DMAR: DRHD base: 0x000000d0ffc000 flags: 0x0
[    0.572109] DMAR: dmar0: reg_base_addr d0ffc000 ver 4:0 cap 8ed008c40780466 ecap 60000f050df
[    0.572112] DMAR: DRHD base: 0x000000dbbfc000 flags: 0x0
[    0.572115] DMAR: dmar1: reg_base_addr dbbfc000 ver 4:0 cap 8ed008c40780466 ecap 60000f050df
[    0.572117] DMAR: DRHD base: 0x000000e67fc000 flags: 0x0
[    0.572121] DMAR: dmar2: reg_base_addr e67fc000 ver 4:0 cap 8ed008c40780466 ecap 60000f050df
[    0.572123] DMAR: DRHD base: 0x000000f13fc000 flags: 0x0
[    0.572125] DMAR: dmar3: reg_base_addr f13fc000 ver 4:0 cap 8ed008c40780466 ecap 60000f050df
[    0.572128] DMAR: DRHD base: 0x000000fb7fc000 flags: 0x0
[    0.572130] DMAR: dmar4: reg_base_addr fb7fc000 ver 4:0 cap 8ed008c40780466 ecap 60000f050df
[    0.572132] DMAR: DRHD base: 0x000000a63fc000 flags: 0x0
[    0.572135] DMAR: dmar5: reg_base_addr a63fc000 ver 4:0 cap 8ed008c40780466 ecap 60000f050df
[    0.572136] DMAR: DRHD base: 0x000000b0ffc000 flags: 0x0
[    0.572141] DMAR: dmar6: reg_base_addr b0ffc000 ver 4:0 cap 8ed008c40780466 ecap 60000f050df
[    0.572143] DMAR: DRHD base: 0x000000bbbfc000 flags: 0x0
[    0.572145] DMAR: dmar7: reg_base_addr bbbfc000 ver 4:0 cap 8ed008c40780466 ecap 60000f050df
[    0.572147] DMAR: DRHD base: 0x000000c5ffc000 flags: 0x0
[    0.572149] DMAR: dmar8: reg_base_addr c5ffc000 ver 4:0 cap 8ed008c40780466 ecap 60000f050df
[    0.572151] DMAR: DRHD base: 0x0000009b7fc000 flags: 0x1
[    0.572153] DMAR: dmar9: reg_base_addr 9b7fc000 ver 4:0 cap 8ed008c40780466 ecap 60000f050df
[    0.572155] DMAR: RMRR base: 0x00000069427000 end: 0x00000069429fff
[    0.572157] DMAR: ATSR flags: 0x0
[    0.572159] DMAR-IR: IOAPIC id 8 under DRHD base  0x9b7fc000 IOMMU 9
[    0.572161] DMAR-IR: HPET id 0 under DRHD base 0x9b7fc000
[    0.572162] DMAR-IR: Queued invalidation will be enabled to support x2apic and Intr-remapping.
[    0.575144] DMAR-IR: Enabled IRQ remapping in x2apic mode
[    0.577769] ..TIMER: vector=0x30 apic1=0 pin1=2 apic2=-1 pin2=-1
[    0.596032] clocksource: tsc-early: mask: 0xffffffffffffffff max_cycles: 0x39a85c9bff6, max_idle_ns: 881590591483 ns
[    0.596038] Calibrating delay loop (skipped), value calculated using timer frequency.. 4000.00 BogoMIPS (lpj=8000000)
[    0.596040] pid_max: default: 114688 minimum: 896
[    0.599907] LSM: Security Framework initializing
[    0.599931] Yama: becoming mindful.
[    0.599977] AppArmor: AppArmor initialized
[    0.608100] Dentry cache hash table entries: 8388608 (order: 14, 67108864 bytes, vmalloc hugepage)
[    0.612071] Inode-cache hash table entries: 4194304 (order: 13, 33554432 bytes, vmalloc hugepage)
[    0.612242] Mount-cache hash table entries: 131072 (order: 8, 1048576 bytes, vmalloc)
[    0.612375] Mountpoint-cache hash table entries: 131072 (order: 8, 1048576 bytes, vmalloc)
[    0.613001] x86/tme: not enabled by BIOS
[    0.613010] CPU0: Thermal monitoring enabled (TM1)
[    0.613013] x86/cpu: User Mode Instruction Prevention (UMIP) activated
[    0.613248] process: using mwait in idle threads
[    0.613250] Last level iTLB entries: 4KB 0, 2MB 0, 4MB 0
[    0.613251] Last level dTLB entries: 4KB 0, 2MB 0, 4MB 0, 1GB 0
[    0.613257] Spectre V1 : Mitigation: usercopy/swapgs barriers and __user pointer sanitization
[    0.613259] Spectre V2 : WARNING: Unprivileged eBPF is enabled with eIBRS on, data leaks possible via Spectre v2 BHB attacks!
[    0.613264] Spectre V2 : Mitigation: Enhanced IBRS
[    0.613265] Spectre V2 : Spectre v2 / SpectreRSB mitigation: Filling RSB on context switch
[    0.613266] Spectre V2 : mitigation: Enabling conditional Indirect Branch Prediction Barrier
[    0.613267] Speculative Store Bypass: Mitigation: Speculative Store Bypass disabled via prctl
[    0.618447] Freeing SMP alternatives memory: 40K
[    0.620182] smpboot: Estimated ratio of average max frequency by base frequency (times 1024): 1433
[    0.620197] smpboot: CPU0: Intel(R) Xeon(R) Gold 6330 CPU @ 2.00GHz (family: 0x6, model: 0x6a, stepping: 0x6)
[    0.620405] cblist_init_generic: Setting adjustable number of callback queues.
[    0.620419] cblist_init_generic: Setting shift to 7 and lim to 1.
[    0.620445] cblist_init_generic: Setting shift to 7 and lim to 1.
[    0.620476] cblist_init_generic: Setting shift to 7 and lim to 1.
[    0.620487] Performance Events: PEBS fmt4+-baseline,  AnyThread deprecated, Icelake events, 32-deep LBR, full-width counters, Intel PMU driver.
[    0.620527] ... version:                5
[    0.620528] ... bit width:              48
[    0.620528] ... generic registers:      8
[    0.620529] ... value mask:             0000ffffffffffff
[    0.620530] ... max period:             00007fffffffffff
[    0.620531] ... fixed-purpose events:   4
[    0.620532] ... event mask:             0001000f000000ff
[    0.620710] rcu: Hierarchical SRCU implementation.
[    0.627970] NMI watchdog: Enabled. Permanently consumes one hw-PMU counter.
[    0.629111] smp: Bringing up secondary CPUs ...
[    0.629232] x86: Booting SMP configuration:
[    0.629233] .... node  #1, CPUs:          #1
[    0.007749] smpboot: CPU 1 Converting physical 0 to logical die 1

[    0.716154] .... node  #0, CPUs:     #2
[    0.721532] .... node  #1, CPUs:     #3
[    0.726983] .... node  #0, CPUs:     #4
[    0.732374] .... node  #1, CPUs:     #5
[    0.737793] .... node  #0, CPUs:     #6
[    0.743393] .... node  #1, CPUs:     #7
[    0.749002] .... node  #0, CPUs:     #8
[    0.754304] .... node  #1, CPUs:     #9
[    0.760139] .... node  #0, CPUs:    #10
[    0.765793] .... node  #1, CPUs:    #11
[    0.771565] .... node  #0, CPUs:    #12
[    0.777086] .... node  #1, CPUs:    #13
[    0.782468] .... node  #0, CPUs:    #14
[    0.787709] .... node  #1, CPUs:    #15
[    0.793060] .... node  #0, CPUs:    #16
[    0.798343] .... node  #1, CPUs:    #17
[    0.803671] .... node  #0, CPUs:    #18
[    0.808940] .... node  #1, CPUs:    #19
[    0.814609] .... node  #0, CPUs:    #20
[    0.820121] .... node  #1, CPUs:    #21
[    0.825502] .... node  #0, CPUs:    #22
[    0.830952] .... node  #1, CPUs:    #23
[    0.836247] .... node  #0, CPUs:    #24
[    0.841888] .... node  #1, CPUs:    #25
[    0.847250] .... node  #0, CPUs:    #26
[    0.852473] .... node  #1, CPUs:    #27
[    0.857823] .... node  #0, CPUs:    #28
[    0.863342] .... node  #1, CPUs:    #29
[    0.868669] .... node  #0, CPUs:    #30
[    0.873909] .... node  #1, CPUs:    #31
[    0.879424] .... node  #0, CPUs:    #32
[    0.884719] .... node  #1, CPUs:    #33
[    0.890121] .... node  #0, CPUs:    #34
[    0.895583] .... node  #1, CPUs:    #35
[    0.900917] .... node  #0, CPUs:    #36
[    0.906153] .... node  #1, CPUs:    #37
[    0.911477] .... node  #0, CPUs:    #38
[    0.917059] .... node  #1, CPUs:    #39
[    0.922610] .... node  #0, CPUs:    #40
[    0.928221] .... node  #1, CPUs:    #41
[    0.933996] .... node  #0, CPUs:    #42
[    0.939328] .... node  #1, CPUs:    #43
[    0.944986] .... node  #0, CPUs:    #44
[    0.950368] .... node  #1, CPUs:    #45
[    0.956081] .... node  #0, CPUs:    #46
[    0.961408] .... node  #1, CPUs:    #47
[    0.966882] .... node  #0, CPUs:    #48
[    0.972237] .... node  #1, CPUs:    #49
[    0.977691] .... node  #0, CPUs:    #50
[    0.983207] .... node  #1, CPUs:    #51
[    0.988862] .... node  #0, CPUs:    #52
[    0.994337] .... node  #1, CPUs:    #53
[    1.000146] .... node  #0, CPUs:    #54
[    1.005684] .... node  #1, CPUs:    #55
[    1.011514] .... node  #0, CPUs:    #56
[    1.017685] .... node  #1, CPUs:    #57
[    1.023606] .... node  #0, CPUs:    #58
[    1.029037] .... node  #1, CPUs:    #59
[    1.034510] .... node  #0, CPUs:    #60
[    1.040169] .... node  #1, CPUs:    #61
[    1.045351] .... node  #0, CPUs:    #62
[    1.050964] .... node  #1, CPUs:    #63
[    1.056606] .... node  #0, CPUs:    #64
[    1.061927] .... node  #1, CPUs:    #65
[    1.067678] .... node  #0, CPUs:    #66
[    1.073448] .... node  #1, CPUs:    #67
[    1.079219] .... node  #0, CPUs:    #68
[    1.084769] .... node  #1, CPUs:    #69
[    1.090158] .... node  #0, CPUs:    #70
[    1.095418] .... node  #1, CPUs:    #71
[    1.100779] .... node  #0, CPUs:    #72
[    1.106088] .... node  #1, CPUs:    #73
[    1.111434] .... node  #0, CPUs:    #74
[    1.116721] .... node  #1, CPUs:    #75
[    1.122406] .... node  #0, CPUs:    #76
[    1.127686] .... node  #1, CPUs:    #77
[    1.133341] .... node  #0, CPUs:    #78
[    1.138805] .... node  #1, CPUs:    #79
[    1.144141] .... node  #0, CPUs:    #80
[    1.149773] .... node  #1, CPUs:    #81
[    1.155172] .... node  #0, CPUs:    #82
[    1.160416] .... node  #1, CPUs:    #83
[    1.165780] .... node  #0, CPUs:    #84
[    1.171314] .... node  #1, CPUs:    #85
[    1.176656] .... node  #0, CPUs:    #86
[    1.181935] .... node  #1, CPUs:    #87
[    1.187466] .... node  #0, CPUs:    #88
[    1.192784] .... node  #1, CPUs:    #89
[    1.198199] .... node  #0, CPUs:    #90
[    1.203667] .... node  #1, CPUs:    #91
[    1.209024] .... node  #0, CPUs:    #92
[    1.214276] .... node  #1, CPUs:    #93
[    1.219630] .... node  #0, CPUs:    #94
[    1.225228] .... node  #1, CPUs:    #95
[    1.230798] .... node  #0, CPUs:    #96
[    1.236436] .... node  #1, CPUs:    #97
[    1.242222] .... node  #0, CPUs:    #98
[    1.247567] .... node  #1, CPUs:    #99
[    1.253261] .... node  #0, CPUs:   #100
[    1.258656] .... node  #1, CPUs:   #101
[    1.264168] .... node  #0, CPUs:   #102
[    1.269738] .... node  #1, CPUs:   #103
[    1.275239] .... node  #0, CPUs:   #104
[    1.280609] .... node  #1, CPUs:   #105
[    1.286095] .... node  #0, CPUs:   #106
[    1.291623] .... node  #1, CPUs:   #107
[    1.297311] .... node  #0, CPUs:   #108
[    1.302808] .... node  #1, CPUs:   #109
[    1.308440] .... node  #0, CPUs:   #110
[    1.314180] .... node  #1, CPUs:   #111
[    1.320147] smp: Brought up 2 nodes, 112 CPUs
[    1.320147] smpboot: Max logical packages: 2
[    1.320147] smpboot: Total of 112 processors activated (448080.83 BogoMIPS)
[    1.330495] devtmpfs: initialized
[    1.330495] x86/mm: Memory block size: 2048MB
[    1.330495] ACPI: PM: Registering ACPI NVS region [mem 0x49e77000-0x4ae76fff] (16777216 bytes)
[    1.330495] ACPI: PM: Registering ACPI NVS region [mem 0x6e3ff000-0x6f3fefff] (16777216 bytes)
[    1.330495] clocksource: jiffies: mask: 0xffffffff max_cycles: 0xffffffff, max_idle_ns: 7645041785100000 ns
[    1.332165] futex hash table entries: 32768 (order: 9, 2097152 bytes, vmalloc)
[    1.332421] pinctrl core: initialized pinctrl subsystem
[    1.332573] PM: RTC time: 03:29:06, date: 2024-04-25
[    1.333563] NET: Registered PF_NETLINK/PF_ROUTE protocol family
[    1.334570] DMA: preallocated 4096 KiB GFP_KERNEL pool for atomic allocations
[    1.335083] DMA: preallocated 4096 KiB GFP_KERNEL|GFP_DMA pool for atomic allocations
[    1.335599] DMA: preallocated 4096 KiB GFP_KERNEL|GFP_DMA32 pool for atomic allocations
[    1.335612] audit: initializing netlink subsys (disabled)
[    1.335622] audit: type=2000 audit(1714015745.760:1): state=initialized audit_enabled=0 res=1
[    1.335622] thermal_sys: Registered thermal governor 'fair_share'
[    1.335622] thermal_sys: Registered thermal governor 'bang_bang'
[    1.335622] thermal_sys: Registered thermal governor 'step_wise'
[    1.335622] thermal_sys: Registered thermal governor 'user_space'
[    1.335622] EISA bus registered
[    1.335622] cpuidle: using governor ladder
[    1.335622] cpuidle: using governor menu
[    1.336071] ACPI FADT declares the system doesn't support PCIe ASPM, so disable it
[    1.336072] acpiphp: ACPI Hot Plug PCI Controller Driver version: 0.5
[    1.336187] PCI: MMCONFIG for domain 0000 [bus 00-ff] at [mem 0x80000000-0x8fffffff] (base 0x80000000)
[    1.336192] PCI: MMCONFIG at [mem 0x80000000-0x8fffffff] reserved in E820
[    1.336198] pmd_set_huge: Cannot satisfy [mem 0x80000000-0x80200000] with a huge-page mapping due to MTRR override.
[    1.336393] PCI: Using configuration type 1 for base access
[    1.336403] PCI: Dell System detected, enabling pci=bfsort.
[    1.338557] ENERGY_PERF_BIAS: Set to 'normal', was 'performance'
[    1.341372] kprobes: kprobe jump-optimization is enabled. All kprobes are optimized if possible.
[    1.341377] HugeTLB registered 1.00 GiB page size, pre-allocated 0 pages
[    1.341377] HugeTLB registered 2.00 MiB page size, pre-allocated 0 pages
[    1.344094] fbcon: Taking over console
[    1.344192] ACPI: Added _OSI(Module Device)
[    1.344193] ACPI: Added _OSI(Processor Device)
[    1.344195] ACPI: Added _OSI(3.0 _SCP Extensions)
[    1.344196] ACPI: Added _OSI(Processor Aggregator Device)
[    1.344197] ACPI: Added _OSI(Linux-Dell-Video)
[    1.344198] ACPI: Added _OSI(Linux-Lenovo-NV-HDMI-Audio)
[    1.344199] ACPI: Added _OSI(Linux-HPI-Hybrid-Graphics)
[    1.513003] ACPI: 8 ACPI AML tables successfully acquired and loaded
[    1.519272] ACPI: [Firmware Bug]: BIOS _OSI(Linux) query ignored
[    1.525185] ACPI: Dynamic OEM Table Load:
[    1.937791] ACPI: Interpreter enabled
[    1.937813] ACPI: PM: (supports S0 S5)
[    1.937814] ACPI: Using IOAPIC for interrupt routing
[    1.937901] HEST: Table parsing has been initialized.
[    1.938087] GHES: APEI firmware first mode is enabled by APEI bit and WHEA _OSC.
[    1.938089] PCI: Using host bridge windows from ACPI; if necessary, use "pci=nocrs" and report a bug
[    1.967773] ACPI: Enabled 4 GPEs in block 00 to 7F
[    2.095237] ACPI: PCI Root Bridge [PC00] (domain 0000 [bus 00-15])
[    2.095243] acpi PNP0A08:00: _OSC: OS supports [ExtendedConfig ASPM ClockPM Segments MSI HPX-Type3]
[    2.164091] acpi PNP0A08:00: _OSC: platform does not support [SHPCHotplug AER LTR]
[    2.164320] acpi PNP0A08:00: _OSC: OS now controls [PCIeHotplug PME PCIeCapability]
[    2.164321] acpi PNP0A08:00: FADT indicates ASPM is unsupported, using BIOS configuration
[    2.166186] PCI host bridge to bus 0000:00
[    2.166188] pci_bus 0000:00: root bus resource [io  0x0000-0x0cf7 window]
[    2.166190] pci_bus 0000:00: root bus resource [io  0x1000-0x4fff window]
[    2.166192] pci_bus 0000:00: root bus resource [mem 0x000a0000-0x000bffff window]
[    2.166193] pci_bus 0000:00: root bus resource [mem 0x000c8000-0x000cffff window]
[    2.166195] pci_bus 0000:00: root bus resource [mem 0xfe010000-0xfe010fff window]
[    2.166196] pci_bus 0000:00: root bus resource [mem 0x90000000-0x9b7fffff window]
[    2.166197] pci_bus 0000:00: root bus resource [mem 0x200000000000-0x20ffffffffff window]
[    2.166199] pci_bus 0000:00: root bus resource [bus 00-15]
[    2.166213] pci 0000:00:00.0: [8086:09a2] type 00 class 0x088000
[    2.166312] pci 0000:00:00.1: [8086:09a4] type 00 class 0x088000
[    2.166380] pci 0000:00:00.2: [8086:09a3] type 00 class 0x088000
[    2.166450] pci 0000:00:00.4: [8086:0998] type 00 class 0x060000
[    2.166519] pci 0000:00:02.0: [8086:09a6] type 00 class 0x088000
[    2.166527] pci 0000:00:02.0: reg 0x10: [mem 0x92dfc000-0x92dfdfff]
[    2.166603] pci 0000:00:02.1: [8086:09a7] type 00 class 0x088000
[    2.166611] pci 0000:00:02.1: reg 0x10: [mem 0x92d00000-0x92d7ffff]
[    2.166617] pci 0000:00:02.1: reg 0x14: [mem 0x92c80000-0x92cfffff]
[    2.166692] pci 0000:00:02.4: [8086:3456] type 00 class 0x130000
[    2.166702] pci 0000:00:02.4: reg 0x10: [mem 0x92a00000-0x92afffff 64bit]
[    2.166709] pci 0000:00:02.4: reg 0x18: [mem 0x92df0000-0x92df3fff 64bit]
[    2.166716] pci 0000:00:02.4: reg 0x20: [mem 0x92dc0000-0x92ddffff 64bit]
[    2.166795] pci 0000:00:11.0: [8086:a1ec] type 00 class 0xff0000
[    2.166797] pci 0000:00:11.0: device has non-compliant BARs; disabling IO/MEM decoding
[    2.166888] pci 0000:00:11.5: [8086:a1d2] type 00 class 0x010601
[    2.166901] pci 0000:00:11.5: reg 0x10: [mem 0x92dfa000-0x92dfbfff]
[    2.166909] pci 0000:00:11.5: reg 0x14: [mem 0x92e05000-0x92e050ff]
[    2.166916] pci 0000:00:11.5: reg 0x18: [io  0x2068-0x206f]
[    2.166924] pci 0000:00:11.5: reg 0x1c: [io  0x2074-0x2077]
[    2.166931] pci 0000:00:11.5: reg 0x20: [io  0x2040-0x205f]
[    2.166939] pci 0000:00:11.5: reg 0x24: [mem 0x92b80000-0x92bfffff]
[    2.166976] pci 0000:00:11.5: PME# supported from D3hot
[    2.167190] pci 0000:00:14.0: [8086:a1af] type 00 class 0x0c0330
[    2.167208] pci 0000:00:14.0: reg 0x10: [mem 0x92de0000-0x92deffff 64bit]
[    2.167272] pci 0000:00:14.0: PME# supported from D3hot D3cold
[    2.167504] pci 0000:00:14.2: [8086:a1b1] type 00 class 0x118000
[    2.167522] pci 0000:00:14.2: reg 0x10: [mem 0x92e02000-0x92e02fff 64bit]
[    2.167647] pci 0000:00:16.0: [8086:a1ba] type 00 class 0x078000
[    2.167670] pci 0000:00:16.0: reg 0x10: [mem 0x92e01000-0x92e01fff 64bit]
[    2.167755] pci 0000:00:16.0: PME# supported from D3hot
[    2.167818] pci 0000:00:16.1: [8086:a1bb] type 00 class 0x078000
[    2.167841] pci 0000:00:16.1: reg 0x10: [mem 0x92e00000-0x92e00fff 64bit]
[    2.167925] pci 0000:00:16.1: PME# supported from D3hot
[    2.167991] pci 0000:00:16.4: [8086:a1be] type 00 class 0x078000
[    2.168014] pci 0000:00:16.4: reg 0x10: [mem 0x92dff000-0x92dfffff 64bit]
[    2.168166] pci 0000:00:16.4: PME# supported from D3hot
[    2.168238] pci 0000:00:17.0: [8086:a182] type 00 class 0x010601
[    2.168251] pci 0000:00:17.0: reg 0x10: [mem 0x92df8000-0x92df9fff]
[    2.168259] pci 0000:00:17.0: reg 0x14: [mem 0x92e04000-0x92e040ff]
[    2.168267] pci 0000:00:17.0: reg 0x18: [io  0x2060-0x2067]
[    2.168274] pci 0000:00:17.0: reg 0x1c: [io  0x2070-0x2073]
[    2.168281] pci 0000:00:17.0: reg 0x20: [io  0x2020-0x203f]
[    2.168288] pci 0000:00:17.0: reg 0x24: [mem 0x92b00000-0x92b7ffff]
[    2.168326] pci 0000:00:17.0: PME# supported from D3hot
[    2.168535] pci 0000:00:1c.0: [8086:a190] type 01 class 0x060400
[    2.168611] pci 0000:00:1c.0: PME# supported from D0 D3hot D3cold
[    2.169268] pci 0000:00:1c.4: [8086:a194] type 01 class 0x060400
[    2.169338] pci 0000:00:1c.4: PME# supported from D0 D3hot D3cold
[    2.169970] pci 0000:00:1c.5: [8086:a195] type 01 class 0x060400
[    2.170042] pci 0000:00:1c.5: PME# supported from D0 D3hot D3cold
[    2.170680] pci 0000:00:1f.0: [8086:a1cb] type 00 class 0x060100
[    2.170979] pci 0000:00:1f.2: [8086:a1a1] type 00 class 0x058000
[    2.170994] pci 0000:00:1f.2: reg 0x10: [mem 0x92df4000-0x92df7fff]
[    2.171238] pci 0000:00:1f.4: [8086:a1a3] type 00 class 0x0c0500
[    2.171257] pci 0000:00:1f.4: reg 0x10: [mem 0x92dfe000-0x92dfe0ff 64bit]
[    2.171280] pci 0000:00:1f.4: reg 0x20: [io  0x2000-0x201f]
[    2.171346] pci 0000:00:1f.5: [8086:a1a4] type 00 class 0x0c8000
[    2.171362] pci 0000:00:1f.5: reg 0x10: [mem 0xfe010000-0xfe010fff]
[    2.171492] pci 0000:00:1c.0: PCI bridge to [bus 01]
[    2.171544] pci 0000:02:00.0: [1556:be00] type 01 class 0x060400
[    2.171714] pci 0000:00:1c.4: PCI bridge to [bus 02-03]
[    2.171719] pci 0000:00:1c.4:   bridge window [mem 0x92000000-0x928fffff]
[    2.171723] pci 0000:00:1c.4:   bridge window [mem 0x91000000-0x91ffffff 64bit pref]
[    2.171755] pci_bus 0000:03: extended config space not accessible
[    2.171772] pci 0000:03:00.0: [102b:0536] type 00 class 0x030000
[    2.171792] pci 0000:03:00.0: reg 0x10: [mem 0x91000000-0x91ffffff pref]
[    2.171803] pci 0000:03:00.0: reg 0x14: [mem 0x92808000-0x9280bfff]
[    2.171813] pci 0000:03:00.0: reg 0x18: [mem 0x92000000-0x927fffff]
[    2.171861] pci 0000:03:00.0: BAR 0: assigned to efifb
[    2.171869] pci 0000:03:00.0: Video device with shadowed ROM at [mem 0x000c0000-0x000dffff]
[    2.171970] pci 0000:02:00.0: PCI bridge to [bus 03]
[    2.171979] pci 0000:02:00.0:   bridge window [mem 0x92000000-0x928fffff]
[    2.171985] pci 0000:02:00.0:   bridge window [mem 0x91000000-0x91ffffff 64bit pref]
[    2.172054] pci 0000:04:00.0: [14e4:165f] type 00 class 0x020000
[    2.172078] pci 0000:04:00.0: reg 0x10: [mem 0x92930000-0x9293ffff 64bit pref]
[    2.172094] pci 0000:04:00.0: reg 0x18: [mem 0x92940000-0x9294ffff 64bit pref]
[    2.172110] pci 0000:04:00.0: reg 0x20: [mem 0x92950000-0x9295ffff 64bit pref]
[    2.172120] pci 0000:04:00.0: reg 0x30: [mem 0xfffc0000-0xffffffff pref]
[    2.172215] pci 0000:04:00.0: PME# supported from D0 D3hot D3cold
[    2.172269] pci 0000:04:00.0: 4.000 Gb/s available PCIe bandwidth, limited by 5.0 GT/s PCIe x1 link at 0000:00:1c.5 (capable of 8.000 Gb/s with 5.0 GT/s PCIe x2 link)
[    2.172831] pci 0000:04:00.1: [14e4:165f] type 00 class 0x020000
[    2.172855] pci 0000:04:00.1: reg 0x10: [mem 0x92900000-0x9290ffff 64bit pref]
[    2.172871] pci 0000:04:00.1: reg 0x18: [mem 0x92910000-0x9291ffff 64bit pref]
[    2.172887] pci 0000:04:00.1: reg 0x20: [mem 0x92920000-0x9292ffff 64bit pref]
[    2.172897] pci 0000:04:00.1: reg 0x30: [mem 0xfffc0000-0xffffffff pref]
[    2.172992] pci 0000:04:00.1: PME# supported from D0 D3hot D3cold
[    2.173570] pci 0000:00:1c.5: PCI bridge to [bus 04]
[    2.173577] pci 0000:00:1c.5:   bridge window [mem 0x92900000-0x929fffff 64bit pref]
[    2.173591] pci_bus 0000:00: on NUMA node 0
[    2.174180] ACPI: PCI Root Bridge [PC01] (domain 0000 [bus 16-2f])
[    2.174184] acpi PNP0A08:01: _OSC: OS supports [ExtendedConfig ASPM ClockPM Segments MSI HPX-Type3]
[    2.189040] acpi PNP0A08:01: _OSC: platform does not support [SHPCHotplug AER]
[    2.189257] acpi PNP0A08:01: _OSC: OS now controls [PCIeHotplug PME PCIeCapability LTR]
[    2.189258] acpi PNP0A08:01: FADT indicates ASPM is unsupported, using BIOS configuration
[    2.189389] PCI host bridge to bus 0000:16
[    2.189391] pci_bus 0000:16: root bus resource [io  0x5000-0x6fff window]
[    2.189393] pci_bus 0000:16: root bus resource [mem 0x9b800000-0xa63fffff window]
[    2.189394] pci_bus 0000:16: root bus resource [mem 0x210000000000-0x21ffffffffff window]
[    2.189396] pci_bus 0000:16: root bus resource [bus 16-2f]
[    2.189406] pci 0000:16:00.0: [8086:09a2] type 00 class 0x088000
[    2.189475] pci 0000:16:00.1: [8086:09a4] type 00 class 0x088000
[    2.189537] pci 0000:16:00.2: [8086:09a3] type 00 class 0x088000
[    2.189600] pci 0000:16:00.4: [8086:0998] type 00 class 0x060000
[    2.189671] pci 0000:16:02.0: [8086:347a] type 01 class 0x060400
[    2.189681] pci 0000:16:02.0: reg 0x10: [mem 0x21fffff00000-0x21fffff1ffff 64bit]
[    2.189719] pci 0000:16:02.0: PME# supported from D0 D3hot D3cold
[    2.190663] pci 0000:17:00.0: [1000:10e2] type 00 class 0x010400
[    2.190676] pci 0000:17:00.0: reg 0x10: [mem 0x9b800000-0x9b8fffff 64bit pref]
[    2.190685] pci 0000:17:00.0: reg 0x18: [mem 0x9b900000-0x9b9fffff 64bit pref]
[    2.190691] pci 0000:17:00.0: reg 0x20: [mem 0x9ba00000-0x9bafffff]
[    2.190697] pci 0000:17:00.0: reg 0x24: [io  0x5000-0x50ff]
[    2.190703] pci 0000:17:00.0: reg 0x30: [mem 0xfff00000-0xffffffff pref]
[    2.191821] pci 0000:17:00.0: supports D1 D2
[    2.191890] pci 0000:16:02.0: PCI bridge to [bus 17]
[    2.191892] pci 0000:16:02.0:   bridge window [io  0x5000-0x5fff]
[    2.191894] pci 0000:16:02.0:   bridge window [mem 0x9ba00000-0x9bafffff]
[    2.191897] pci 0000:16:02.0:   bridge window [mem 0x9b800000-0x9b9fffff 64bit pref]
[    2.191903] pci_bus 0000:16: on NUMA node 0
[    2.191980] ACPI: PCI Root Bridge [PC02] (domain 0000 [bus 30-49])
[    2.191983] acpi PNP0A08:02: _OSC: OS supports [ExtendedConfig ASPM ClockPM Segments MSI HPX-Type3]
[    2.206482] acpi PNP0A08:02: _OSC: platform does not support [SHPCHotplug AER]
[    2.206698] acpi PNP0A08:02: _OSC: OS now controls [PCIeHotplug PME PCIeCapability LTR]
[    2.206699] acpi PNP0A08:02: FADT indicates ASPM is unsupported, using BIOS configuration
[    2.206820] PCI host bridge to bus 0000:30
[    2.206822] pci_bus 0000:30: root bus resource [io  0x7000-0x8fff window]
[    2.206824] pci_bus 0000:30: root bus resource [mem 0xa6400000-0xb0ffffff window]
[    2.206825] pci_bus 0000:30: root bus resource [mem 0x220000000000-0x22ffffffffff window]
[    2.206827] pci_bus 0000:30: root bus resource [bus 30-49]
[    2.206837] pci 0000:30:00.0: [8086:09a2] type 00 class 0x088000
[    2.206904] pci 0000:30:00.1: [8086:09a4] type 00 class 0x088000
[    2.206966] pci 0000:30:00.2: [8086:09a3] type 00 class 0x088000
[    2.207028] pci 0000:30:00.4: [8086:0998] type 00 class 0x060000
[    2.207098] pci_bus 0000:30: on NUMA node 0
[    2.207200] ACPI: PCI Root Bridge [PC04] (domain 0000 [bus 4a-63])
[    2.207203] acpi PNP0A08:04: _OSC: OS supports [ExtendedConfig ASPM ClockPM Segments MSI HPX-Type3]
[    2.221647] acpi PNP0A08:04: _OSC: platform does not support [SHPCHotplug AER]
[    2.221858] acpi PNP0A08:04: _OSC: OS now controls [PCIeHotplug PME PCIeCapability LTR]
[    2.221860] acpi PNP0A08:04: FADT indicates ASPM is unsupported, using BIOS configuration
[    2.221979] PCI host bridge to bus 0000:4a
[    2.221981] pci_bus 0000:4a: root bus resource [io  0x9000-0x9fff window]
[    2.221982] pci_bus 0000:4a: root bus resource [mem 0xb1000000-0xbbbfffff window]
[    2.221984] pci_bus 0000:4a: root bus resource [mem 0x230000000000-0x23ffffffffff window]
[    2.221985] pci_bus 0000:4a: root bus resource [bus 4a-63]
[    2.221994] pci 0000:4a:00.0: [8086:09a2] type 00 class 0x088000
[    2.222058] pci 0000:4a:00.1: [8086:09a4] type 00 class 0x088000
[    2.222122] pci 0000:4a:00.2: [8086:09a3] type 00 class 0x088000
[    2.222184] pci 0000:4a:00.4: [8086:0998] type 00 class 0x060000
[    2.222258] pci_bus 0000:4a: on NUMA node 0
[    2.222331] ACPI: PCI Root Bridge [PC05] (domain 0000 [bus 64-7d])
[    2.222334] acpi PNP0A08:05: _OSC: OS supports [ExtendedConfig ASPM ClockPM Segments MSI HPX-Type3]
[    2.236769] acpi PNP0A08:05: _OSC: platform does not support [SHPCHotplug AER]
[    2.236979] acpi PNP0A08:05: _OSC: OS now controls [PCIeHotplug PME PCIeCapability LTR]
[    2.236980] acpi PNP0A08:05: FADT indicates ASPM is unsupported, using BIOS configuration
[    2.237098] PCI host bridge to bus 0000:64
[    2.237100] pci_bus 0000:64: root bus resource [io  0xa000-0xafff window]
[    2.237101] pci_bus 0000:64: root bus resource [mem 0xbbc00000-0xc5ffffff window]
[    2.237102] pci_bus 0000:64: root bus resource [mem 0x240000000000-0x24ffffffffff window]
[    2.237104] pci_bus 0000:64: root bus resource [bus 64-7d]
[    2.237113] pci 0000:64:00.0: [8086:09a2] type 00 class 0x088000
[    2.237177] pci 0000:64:00.1: [8086:09a4] type 00 class 0x088000
[    2.237238] pci 0000:64:00.2: [8086:09a3] type 00 class 0x088000
[    2.237299] pci 0000:64:00.4: [8086:0998] type 00 class 0x060000
[    2.237368] pci_bus 0000:64: on NUMA node 0
[    2.237434] ACPI: PCI Root Bridge [UC06] (domain 0000 [bus 7e])
[    2.237436] acpi PNP0A03:00: _OSC: OS supports [ExtendedConfig ASPM ClockPM Segments MSI HPX-Type3]
[    2.237532] acpi PNP0A03:00: _OSC: platform does not support [SHPCHotplug AER LTR]
[    2.237711] acpi PNP0A03:00: _OSC: OS now controls [PCIeHotplug PME PCIeCapability]
[    2.237712] acpi PNP0A03:00: FADT indicates ASPM is unsupported, using BIOS configuration
[    2.237845] PCI host bridge to bus 0000:7e
[    2.237846] pci_bus 0000:7e: root bus resource [bus 7e]
[    2.237855] pci 0000:7e:00.0: [8086:3450] type 00 class 0x088000
[    2.237927] pci 0000:7e:00.1: [8086:3451] type 00 class 0x088000
[    2.237987] pci 0000:7e:00.2: [8086:3452] type 00 class 0x088000
[    2.238056] pci 0000:7e:00.3: [8086:0998] type 00 class 0x060000
[    2.238111] pci 0000:7e:00.5: [8086:3455] type 00 class 0x088000
[    2.238172] pci 0000:7e:02.0: [8086:3440] type 00 class 0x088000
[    2.238300] pci 0000:7e:02.1: [8086:3441] type 00 class 0x088000
[    2.238407] pci 0000:7e:02.2: [8086:3442] type 00 class 0x088000
[    2.238514] pci 0000:7e:03.0: [8086:3440] type 00 class 0x088000
[    2.238606] pci 0000:7e:03.1: [8086:3441] type 00 class 0x088000
[    2.238685] pci 0000:7e:03.2: [8086:3442] type 00 class 0x088000
[    2.238766] pci 0000:7e:04.0: [8086:3440] type 00 class 0x088000
[    2.238886] pci 0000:7e:04.1: [8086:3441] type 00 class 0x088000
[    2.239000] pci 0000:7e:04.2: [8086:3442] type 00 class 0x088000
[    2.239116] pci 0000:7e:04.3: [8086:3443] type 00 class 0x088000
[    2.239233] pci 0000:7e:05.0: [8086:3445] type 00 class 0x088000
[    2.239359] pci 0000:7e:05.1: [8086:3446] type 00 class 0x088000
[    2.239469] pci 0000:7e:05.2: [8086:3447] type 00 class 0x088000
[    2.239584] pci 0000:7e:06.0: [8086:3445] type 00 class 0x088000
[    2.239679] pci 0000:7e:06.1: [8086:3446] type 00 class 0x088000
[    2.239756] pci 0000:7e:06.2: [8086:3447] type 00 class 0x088000
[    2.239841] pci 0000:7e:07.0: [8086:3445] type 00 class 0x088000
[    2.239975] pci 0000:7e:07.1: [8086:3446] type 00 class 0x088000
[    2.240093] pci 0000:7e:07.2: [8086:3447] type 00 class 0x088000
[    2.240209] pci 0000:7e:0b.0: [8086:3448] type 00 class 0x088000
[    2.240288] pci 0000:7e:0b.1: [8086:3448] type 00 class 0x088000
[    2.240356] pci 0000:7e:0b.2: [8086:344b] type 00 class 0x088000
[    2.240424] pci 0000:7e:0c.0: [8086:344a] type 00 class 0x110100
[    2.240526] pci 0000:7e:0d.0: [8086:344a] type 00 class 0x110100
[    2.240624] pci 0000:7e:0e.0: [8086:344a] type 00 class 0x110100
[    2.240769] pci 0000:7e:0f.0: [8086:344a] type 00 class 0x110100
[    2.240923] pci 0000:7e:1a.0: [8086:2880] type 00 class 0x110100
[    2.241023] pci 0000:7e:1b.0: [8086:2880] type 00 class 0x110100
[    2.241120] pci 0000:7e:1c.0: [8086:2880] type 00 class 0x110100
[    2.241277] pci 0000:7e:1d.0: [8086:2880] type 00 class 0x110100
[    2.241423] pci_bus 0000:7e: on NUMA node 0
[    2.241505] ACPI: PCI Root Bridge [UC07] (domain 0000 [bus 7f])
[    2.241507] acpi PNP0A03:01: _OSC: OS supports [ExtendedConfig ASPM ClockPM Segments MSI HPX-Type3]
[    2.241606] acpi PNP0A03:01: _OSC: platform does not support [SHPCHotplug AER LTR]
[    2.241785] acpi PNP0A03:01: _OSC: OS now controls [PCIeHotplug PME PCIeCapability]
[    2.241786] acpi PNP0A03:01: FADT indicates ASPM is unsupported, using BIOS configuration
[    2.241933] PCI host bridge to bus 0000:7f
[    2.241934] pci_bus 0000:7f: root bus resource [bus 7f]
[    2.241948] pci 0000:7f:00.0: [8086:344c] type 00 class 0x088000
[    2.242063] pci 0000:7f:00.1: [8086:344c] type 00 class 0x088000
[    2.242172] pci 0000:7f:00.2: [8086:344c] type 00 class 0x088000
[    2.242283] pci 0000:7f:00.3: [8086:344c] type 00 class 0x088000
[    2.242372] pci 0000:7f:00.4: [8086:344c] type 00 class 0x088000
[    2.242491] pci 0000:7f:00.5: [8086:344c] type 00 class 0x088000
[    2.242608] pci 0000:7f:00.6: [8086:344c] type 00 class 0x088000
[    2.242691] pci 0000:7f:00.7: [8086:344c] type 00 class 0x088000
[    2.242773] pci 0000:7f:01.0: [8086:344c] type 00 class 0x088000
[    2.242915] pci 0000:7f:01.1: [8086:344c] type 00 class 0x088000
[    2.243033] pci 0000:7f:01.2: [8086:344c] type 00 class 0x088000
[    2.243112] pci 0000:7f:01.3: [8086:344c] type 00 class 0x088000
[    2.243243] pci 0000:7f:01.4: [8086:344c] type 00 class 0x088000
[    2.243375] pci 0000:7f:01.5: [8086:344c] type 00 class 0x088000
[    2.243511] pci 0000:7f:01.6: [8086:344c] type 00 class 0x088000
[    2.243635] pci 0000:7f:01.7: [8086:344c] type 00 class 0x088000
[    2.243763] pci 0000:7f:02.0: [8086:344c] type 00 class 0x088000
[    2.243905] pci 0000:7f:02.1: [8086:344c] type 00 class 0x088000
[    2.244036] pci 0000:7f:02.2: [8086:344c] type 00 class 0x088000
[    2.244166] pci 0000:7f:02.3: [8086:344c] type 00 class 0x088000
[    2.244305] pci 0000:7f:02.4: [8086:344c] type 00 class 0x088000
[    2.244442] pci 0000:7f:02.5: [8086:344c] type 00 class 0x088000
[    2.244579] pci 0000:7f:02.6: [8086:344c] type 00 class 0x088000
[    2.244730] pci 0000:7f:02.7: [8086:344c] type 00 class 0x088000
[    2.244878] pci 0000:7f:03.0: [8086:344c] type 00 class 0x088000
[    2.245036] pci 0000:7f:03.1: [8086:344c] type 00 class 0x088000
[    2.245187] pci 0000:7f:03.2: [8086:344c] type 00 class 0x088000
[    2.245336] pci 0000:7f:03.3: [8086:344c] type 00 class 0x088000
[    2.245495] pci 0000:7f:0a.0: [8086:344d] type 00 class 0x088000
[    2.245608] pci 0000:7f:0a.1: [8086:344d] type 00 class 0x088000
[    2.245717] pci 0000:7f:0a.2: [8086:344d] type 00 class 0x088000
[    2.245830] pci 0000:7f:0a.3: [8086:344d] type 00 class 0x088000
[    2.245927] pci 0000:7f:0a.4: [8086:344d] type 00 class 0x088000
[    2.246048] pci 0000:7f:0a.5: [8086:344d] type 00 class 0x088000
[    2.246164] pci 0000:7f:0a.6: [8086:344d] type 00 class 0x088000
[    2.246241] pci 0000:7f:0a.7: [8086:344d] type 00 class 0x088000
[    2.246324] pci 0000:7f:0b.0: [8086:344d] type 00 class 0x088000
[    2.246466] pci 0000:7f:0b.1: [8086:344d] type 00 class 0x088000
[    2.246585] pci 0000:7f:0b.2: [8086:344d] type 00 class 0x088000
[    2.246671] pci 0000:7f:0b.3: [8086:344d] type 00 class 0x088000
[    2.246802] pci 0000:7f:0b.4: [8086:344d] type 00 class 0x088000
[    2.246933] pci 0000:7f:0b.5: [8086:344d] type 00 class 0x088000
[    2.247069] pci 0000:7f:0b.6: [8086:344d] type 00 class 0x088000
[    2.247189] pci 0000:7f:0b.7: [8086:344d] type 00 class 0x088000
[    2.247318] pci 0000:7f:0c.0: [8086:344d] type 00 class 0x088000
[    2.247463] pci 0000:7f:0c.1: [8086:344d] type 00 class 0x088000
[    2.247595] pci 0000:7f:0c.2: [8086:344d] type 00 class 0x088000
[    2.247731] pci 0000:7f:0c.3: [8086:344d] type 00 class 0x088000
[    2.247869] pci 0000:7f:0c.4: [8086:344d] type 00 class 0x088000
[    2.248006] pci 0000:7f:0c.5: [8086:344d] type 00 class 0x088000
[    2.248141] pci 0000:7f:0c.6: [8086:344d] type 00 class 0x088000
[    2.248288] pci 0000:7f:0c.7: [8086:344d] type 00 class 0x088000
[    2.248435] pci 0000:7f:0d.0: [8086:344d] type 00 class 0x088000
[    2.248600] pci 0000:7f:0d.1: [8086:344d] type 00 class 0x088000
[    2.248751] pci 0000:7f:0d.2: [8086:344d] type 00 class 0x088000
[    2.248905] pci 0000:7f:0d.3: [8086:344d] type 00 class 0x088000
[    2.249074] pci 0000:7f:1d.0: [8086:344f] type 00 class 0x088000
[    2.249195] pci 0000:7f:1d.1: [8086:3457] type 00 class 0x088000
[    2.249300] pci 0000:7f:1e.0: [8086:3458] type 00 class 0x088000
[    2.249379] pci 0000:7f:1e.1: [8086:3459] type 00 class 0x088000
[    2.249441] pci 0000:7f:1e.2: [8086:345a] type 00 class 0x088000
[    2.249505] pci 0000:7f:1e.3: [8086:345b] type 00 class 0x088000
[    2.249565] pci 0000:7f:1e.4: [8086:345c] type 00 class 0x088000
[    2.249632] pci 0000:7f:1e.5: [8086:345d] type 00 class 0x088000
[    2.249693] pci 0000:7f:1e.6: [8086:345e] type 00 class 0x088000
[    2.249753] pci 0000:7f:1e.7: [8086:345f] type 00 class 0x088000
[    2.249813] pci_bus 0000:7f: on NUMA node 0
[    2.249915] ACPI: PCI Root Bridge [PC06] (domain 0000 [bus 80])
[    2.249918] acpi PNP0A08:06: _OSC: OS supports [ExtendedConfig ASPM ClockPM Segments MSI HPX-Type3]
[    2.264358] acpi PNP0A08:06: _OSC: platform does not support [SHPCHotplug AER]
[    2.264571] acpi PNP0A08:06: _OSC: OS now controls [PCIeHotplug PME PCIeCapability LTR]
[    2.264572] acpi PNP0A08:06: FADT indicates ASPM is unsupported, using BIOS configuration
[    2.264721] PCI host bridge to bus 0000:80
[    2.264722] pci_bus 0000:80: root bus resource [io  0xb000-0xbfff window]
[    2.264723] pci_bus 0000:80: root bus resource [mem 0xc6800000-0xd0ffffff window]
[    2.264725] pci_bus 0000:80: root bus resource [mem 0x250000000000-0x25ffffffffff window]
[    2.264726] pci_bus 0000:80: root bus resource [bus 80]
[    2.264736] pci 0000:80:00.0: [8086:09a2] type 00 class 0x088000
[    2.264823] pci 0000:80:00.1: [8086:09a4] type 00 class 0x088000
[    2.264892] pci 0000:80:00.2: [8086:09a3] type 00 class 0x088000
[    2.264962] pci 0000:80:00.4: [8086:0998] type 00 class 0x060000
[    2.265033] pci 0000:80:02.0: [8086:09a6] type 00 class 0x088000
[    2.265042] pci 0000:80:02.0: reg 0x10: [mem 0xc6aa4000-0xc6aa5fff]
[    2.265105] pci 0000:80:02.1: [8086:09a7] type 00 class 0x088000
[    2.265114] pci 0000:80:02.1: reg 0x10: [mem 0xc6a00000-0xc6a7ffff]
[    2.265120] pci 0000:80:02.1: reg 0x14: [mem 0xc6980000-0xc69fffff]
[    2.265175] pci 0000:80:02.4: [8086:3456] type 00 class 0x130000
[    2.265186] pci 0000:80:02.4: reg 0x10: [mem 0xc6800000-0xc68fffff 64bit]
[    2.265193] pci 0000:80:02.4: reg 0x18: [mem 0xc6aa0000-0xc6aa3fff 64bit]
[    2.265200] pci 0000:80:02.4: reg 0x20: [mem 0xc6a80000-0xc6a9ffff 64bit]
[    2.265266] pci_bus 0000:80: on NUMA node 1
[    2.265345] ACPI: PCI Root Bridge [PC07] (domain 0000 [bus 81])
[    2.265348] acpi PNP0A08:07: _OSC: OS supports [ExtendedConfig ASPM ClockPM Segments MSI HPX-Type3]
[    2.279794] acpi PNP0A08:07: _OSC: platform does not support [SHPCHotplug AER]
[    2.280005] acpi PNP0A08:07: _OSC: OS now controls [PCIeHotplug PME PCIeCapability LTR]
[    2.280006] acpi PNP0A08:07: FADT indicates ASPM is unsupported, using BIOS configuration
[    2.280126] PCI host bridge to bus 0000:81
[    2.280127] pci_bus 0000:81: root bus resource [io  0xc000-0xcfff window]
[    2.280129] pci_bus 0000:81: root bus resource [mem 0xd1000000-0xdbbfffff window]
[    2.280130] pci_bus 0000:81: root bus resource [mem 0x260000000000-0x26ffffffffff window]
[    2.280131] pci_bus 0000:81: root bus resource [bus 81]
[    2.280141] pci 0000:81:00.0: [8086:09a2] type 00 class 0x088000
[    2.280210] pci 0000:81:00.1: [8086:09a4] type 00 class 0x088000
[    2.280281] pci 0000:81:00.2: [8086:09a3] type 00 class 0x088000
[    2.280351] pci 0000:81:00.4: [8086:0998] type 00 class 0x060000
[    2.280428] pci_bus 0000:81: on NUMA node 1
[    2.280502] ACPI: PCI Root Bridge [PC08] (domain 0000 [bus 82])
[    2.280504] acpi PNP0A08:08: _OSC: OS supports [ExtendedConfig ASPM ClockPM Segments MSI HPX-Type3]
[    2.294916] acpi PNP0A08:08: _OSC: platform does not support [SHPCHotplug AER]
[    2.295126] acpi PNP0A08:08: _OSC: OS now controls [PCIeHotplug PME PCIeCapability LTR]
[    2.295128] acpi PNP0A08:08: FADT indicates ASPM is unsupported, using BIOS configuration
[    2.295244] PCI host bridge to bus 0000:82
[    2.295245] pci_bus 0000:82: root bus resource [io  0xd000-0xdfff window]
[    2.295247] pci_bus 0000:82: root bus resource [mem 0xdbc00000-0xe67fffff window]
[    2.295248] pci_bus 0000:82: root bus resource [mem 0x270000000000-0x27ffffffffff window]
[    2.295249] pci_bus 0000:82: root bus resource [bus 82]
[    2.295259] pci 0000:82:00.0: [8086:09a2] type 00 class 0x088000
[    2.295328] pci 0000:82:00.1: [8086:09a4] type 00 class 0x088000
[    2.295398] pci 0000:82:00.2: [8086:09a3] type 00 class 0x088000
[    2.295467] pci 0000:82:00.4: [8086:0998] type 00 class 0x060000
[    2.295544] pci_bus 0000:82: on NUMA node 1
[    2.295648] ACPI: PCI Root Bridge [PC10] (domain 0000 [bus 83-f9])
[    2.295650] acpi PNP0A08:0a: _OSC: OS supports [ExtendedConfig ASPM ClockPM Segments MSI HPX-Type3]
[    2.310093] acpi PNP0A08:0a: _OSC: platform does not support [SHPCHotplug AER]
[    2.310304] acpi PNP0A08:0a: _OSC: OS now controls [PCIeHotplug PME PCIeCapability LTR]
[    2.310305] acpi PNP0A08:0a: FADT indicates ASPM is unsupported, using BIOS configuration
[    2.310431] PCI host bridge to bus 0000:83
[    2.310432] pci_bus 0000:83: root bus resource [io  0xe000-0xefff window]
[    2.310433] pci_bus 0000:83: root bus resource [mem 0xe6800000-0xf13fffff window]
[    2.310434] pci_bus 0000:83: root bus resource [mem 0x280000000000-0x28ffffffffff window]
[    2.310436] pci_bus 0000:83: root bus resource [bus 83-f9]
[    2.310446] pci 0000:83:00.0: [8086:09a2] type 00 class 0x088000
[    2.310516] pci 0000:83:00.1: [8086:09a4] type 00 class 0x088000
[    2.310583] pci 0000:83:00.2: [8086:09a3] type 00 class 0x088000
[    2.310652] pci 0000:83:00.4: [8086:0998] type 00 class 0x060000
[    2.310730] pci_bus 0000:83: on NUMA node 1
[    2.310803] ACPI: PCI Root Bridge [PC11] (domain 0000 [bus fa])
[    2.310805] acpi PNP0A08:0b: _OSC: OS supports [ExtendedConfig ASPM ClockPM Segments MSI HPX-Type3]
[    2.325221] acpi PNP0A08:0b: _OSC: platform does not support [SHPCHotplug AER]
[    2.325431] acpi PNP0A08:0b: _OSC: OS now controls [PCIeHotplug PME PCIeCapability LTR]
[    2.325432] acpi PNP0A08:0b: FADT indicates ASPM is unsupported, using BIOS configuration
[    2.325549] PCI host bridge to bus 0000:fa
[    2.325550] pci_bus 0000:fa: root bus resource [io  0xf000-0xffff window]
[    2.325552] pci_bus 0000:fa: root bus resource [mem 0xf1400000-0xfb7fffff window]
[    2.325553] pci_bus 0000:fa: root bus resource [mem 0x290000000000-0x29ffffffffff window]
[    2.325554] pci_bus 0000:fa: root bus resource [bus fa]
[    2.325564] pci 0000:fa:00.0: [8086:09a2] type 00 class 0x088000
[    2.325633] pci 0000:fa:00.1: [8086:09a4] type 00 class 0x088000
[    2.325704] pci 0000:fa:00.2: [8086:09a3] type 00 class 0x088000
[    2.325774] pci 0000:fa:00.4: [8086:0998] type 00 class 0x060000
[    2.325852] pci_bus 0000:fa: on NUMA node 1
[    2.325918] ACPI: PCI Root Bridge [UC16] (domain 0000 [bus fe])
[    2.325921] acpi PNP0A03:02: _OSC: OS supports [ExtendedConfig ASPM ClockPM Segments MSI HPX-Type3]
[    2.326017] acpi PNP0A03:02: _OSC: platform does not support [SHPCHotplug AER LTR]
[    2.326195] acpi PNP0A03:02: _OSC: OS now controls [PCIeHotplug PME PCIeCapability]
[    2.326196] acpi PNP0A03:02: FADT indicates ASPM is unsupported, using BIOS configuration
[    2.326326] PCI host bridge to bus 0000:fe
[    2.326327] pci_bus 0000:fe: root bus resource [bus fe]
[    2.326336] pci 0000:fe:00.0: [8086:3450] type 00 class 0x088000
[    2.326413] pci 0000:fe:00.1: [8086:3451] type 00 class 0x088000
[    2.326472] pci 0000:fe:00.2: [8086:3452] type 00 class 0x088000
[    2.326529] pci 0000:fe:00.3: [8086:0998] type 00 class 0x060000
[    2.326589] pci 0000:fe:00.5: [8086:3455] type 00 class 0x088000
[    2.326655] pci 0000:fe:02.0: [8086:3440] type 00 class 0x088000
[    2.326792] pci 0000:fe:02.1: [8086:3441] type 00 class 0x088000
[    2.326904] pci 0000:fe:02.2: [8086:3442] type 00 class 0x088000
[    2.327015] pci 0000:fe:03.0: [8086:3440] type 00 class 0x088000
[    2.327113] pci 0000:fe:03.1: [8086:3441] type 00 class 0x088000
[    2.327193] pci 0000:fe:03.2: [8086:3442] type 00 class 0x088000
[    2.327280] pci 0000:fe:04.0: [8086:3440] type 00 class 0x088000
[    2.327405] pci 0000:fe:04.1: [8086:3441] type 00 class 0x088000
[    2.327527] pci 0000:fe:04.2: [8086:3442] type 00 class 0x088000
[    2.327656] pci 0000:fe:04.3: [8086:3443] type 00 class 0x088000
[    2.327780] pci 0000:fe:05.0: [8086:3445] type 00 class 0x088000
[    2.327912] pci 0000:fe:05.1: [8086:3446] type 00 class 0x088000
[    2.328028] pci 0000:fe:05.2: [8086:3447] type 00 class 0x088000
[    2.328143] pci 0000:fe:06.0: [8086:3445] type 00 class 0x088000
[    2.328240] pci 0000:fe:06.1: [8086:3446] type 00 class 0x088000
[    2.328323] pci 0000:fe:06.2: [8086:3447] type 00 class 0x088000
[    2.328414] pci 0000:fe:07.0: [8086:3445] type 00 class 0x088000
[    2.328559] pci 0000:fe:07.1: [8086:3446] type 00 class 0x088000
[    2.328682] pci 0000:fe:07.2: [8086:3447] type 00 class 0x088000
[    2.328802] pci 0000:fe:0b.0: [8086:3448] type 00 class 0x088000
[    2.328882] pci 0000:fe:0b.1: [8086:3448] type 00 class 0x088000
[    2.328947] pci 0000:fe:0b.2: [8086:344b] type 00 class 0x088000
[    2.329019] pci 0000:fe:0c.0: [8086:344a] type 00 class 0x110100
[    2.329127] pci 0000:fe:0d.0: [8086:344a] type 00 class 0x110100
[    2.329232] pci 0000:fe:0e.0: [8086:344a] type 00 class 0x110100
[    2.329386] pci 0000:fe:0f.0: [8086:344a] type 00 class 0x110100
[    2.329546] pci 0000:fe:1a.0: [8086:2880] type 00 class 0x110100
[    2.329651] pci 0000:fe:1b.0: [8086:2880] type 00 class 0x110100
[    2.329754] pci 0000:fe:1c.0: [8086:2880] type 00 class 0x110100
[    2.329909] pci 0000:fe:1d.0: [8086:2880] type 00 class 0x110100
[    2.330062] pci_bus 0000:fe: on NUMA node 1
[    2.330142] ACPI: PCI Root Bridge [UC17] (domain 0000 [bus ff])
[    2.330145] acpi PNP0A03:03: _OSC: OS supports [ExtendedConfig ASPM ClockPM Segments MSI HPX-Type3]
[    2.330243] acpi PNP0A03:03: _OSC: platform does not support [SHPCHotplug AER LTR]
[    2.330420] acpi PNP0A03:03: _OSC: OS now controls [PCIeHotplug PME PCIeCapability]
[    2.330421] acpi PNP0A03:03: FADT indicates ASPM is unsupported, using BIOS configuration
[    2.330567] PCI host bridge to bus 0000:ff
[    2.330569] pci_bus 0000:ff: root bus resource [bus ff]
[    2.330583] pci 0000:ff:00.0: [8086:344c] type 00 class 0x088000
[    2.330703] pci 0000:ff:00.1: [8086:344c] type 00 class 0x088000
[    2.330815] pci 0000:ff:00.2: [8086:344c] type 00 class 0x088000
[    2.330917] pci 0000:ff:00.3: [8086:344c] type 00 class 0x088000
[    2.331037] pci 0000:ff:00.4: [8086:344c] type 00 class 0x088000
[    2.331153] pci 0000:ff:00.5: [8086:344c] type 00 class 0x088000
[    2.331248] pci 0000:ff:00.6: [8086:344c] type 00 class 0x088000
[    2.331373] pci 0000:ff:00.7: [8086:344c] type 00 class 0x088000
[    2.331501] pci 0000:ff:01.0: [8086:344c] type 00 class 0x088000
[    2.331647] pci 0000:ff:01.1: [8086:344c] type 00 class 0x088000
[    2.331771] pci 0000:ff:01.2: [8086:344c] type 00 class 0x088000
[    2.331858] pci 0000:ff:01.3: [8086:344c] type 00 class 0x088000
[    2.331995] pci 0000:ff:01.4: [8086:344c] type 00 class 0x088000
[    2.332132] pci 0000:ff:01.5: [8086:344c] type 00 class 0x088000
[    2.332272] pci 0000:ff:01.6: [8086:344c] type 00 class 0x088000
[    2.332398] pci 0000:ff:01.7: [8086:344c] type 00 class 0x088000
[    2.332532] pci 0000:ff:02.0: [8086:344c] type 00 class 0x088000
[    2.332684] pci 0000:ff:02.1: [8086:344c] type 00 class 0x088000
[    2.332815] pci 0000:ff:02.2: [8086:344c] type 00 class 0x088000
[    2.332958] pci 0000:ff:02.3: [8086:344c] type 00 class 0x088000
[    2.333093] pci 0000:ff:02.4: [8086:344c] type 00 class 0x088000
[    2.333229] pci 0000:ff:02.5: [8086:344c] type 00 class 0x088000
[    2.333374] pci 0000:ff:02.6: [8086:344c] type 00 class 0x088000
[    2.333516] pci 0000:ff:02.7: [8086:344c] type 00 class 0x088000
[    2.333668] pci 0000:ff:03.0: [8086:344c] type 00 class 0x088000
[    2.333835] pci 0000:ff:03.1: [8086:344c] type 00 class 0x088000
[    2.333983] pci 0000:ff:03.2: [8086:344c] type 00 class 0x088000
[    2.334148] pci 0000:ff:03.3: [8086:344c] type 00 class 0x088000
[    2.334312] pci 0000:ff:0a.0: [8086:344d] type 00 class 0x088000
[    2.334430] pci 0000:ff:0a.1: [8086:344d] type 00 class 0x088000
[    2.334542] pci 0000:ff:0a.2: [8086:344d] type 00 class 0x088000
[    2.334640] pci 0000:ff:0a.3: [8086:344d] type 00 class 0x088000
[    2.334759] pci 0000:ff:0a.4: [8086:344d] type 00 class 0x088000
[    2.334876] pci 0000:ff:0a.5: [8086:344d] type 00 class 0x088000
[    2.334970] pci 0000:ff:0a.6: [8086:344d] type 00 class 0x088000
[    2.335102] pci 0000:ff:0a.7: [8086:344d] type 00 class 0x088000
[    2.335229] pci 0000:ff:0b.0: [8086:344d] type 00 class 0x088000
[    2.335377] pci 0000:ff:0b.1: [8086:344d] type 00 class 0x088000
[    2.335501] pci 0000:ff:0b.2: [8086:344d] type 00 class 0x088000
[    2.335585] pci 0000:ff:0b.3: [8086:344d] type 00 class 0x088000
[    2.335722] pci 0000:ff:0b.4: [8086:344d] type 00 class 0x088000
[    2.335858] pci 0000:ff:0b.5: [8086:344d] type 00 class 0x088000
[    2.335998] pci 0000:ff:0b.6: [8086:344d] type 00 class 0x088000
[    2.336131] pci 0000:ff:0b.7: [8086:344d] type 00 class 0x088000
[    2.336263] pci 0000:ff:0c.0: [8086:344d] type 00 class 0x088000
[    2.336413] pci 0000:ff:0c.1: [8086:344d] type 00 class 0x088000
[    2.336545] pci 0000:ff:0c.2: [8086:344d] type 00 class 0x088000
[    2.336683] pci 0000:ff:0c.3: [8086:344d] type 00 class 0x088000
[    2.336819] pci 0000:ff:0c.4: [8086:344d] type 00 class 0x088000
[    2.336956] pci 0000:ff:0c.5: [8086:344d] type 00 class 0x088000
[    2.337100] pci 0000:ff:0c.6: [8086:344d] type 00 class 0x088000
[    2.337248] pci 0000:ff:0c.7: [8086:344d] type 00 class 0x088000
[    2.337400] pci 0000:ff:0d.0: [8086:344d] type 00 class 0x088000
[    2.337574] pci 0000:ff:0d.1: [8086:344d] type 00 class 0x088000
[    2.337723] pci 0000:ff:0d.2: [8086:344d] type 00 class 0x088000
[    2.337882] pci 0000:ff:0d.3: [8086:344d] type 00 class 0x088000
[    2.338056] pci 0000:ff:1d.0: [8086:344f] type 00 class 0x088000
[    2.338184] pci 0000:ff:1d.1: [8086:3457] type 00 class 0x088000
[    2.338295] pci 0000:ff:1e.0: [8086:3458] type 00 class 0x088000
[    2.338380] pci 0000:ff:1e.1: [8086:3459] type 00 class 0x088000
[    2.338446] pci 0000:ff:1e.2: [8086:345a] type 00 class 0x088000
[    2.338511] pci 0000:ff:1e.3: [8086:345b] type 00 class 0x088000
[    2.338575] pci 0000:ff:1e.4: [8086:345c] type 00 class 0x088000
[    2.338639] pci 0000:ff:1e.5: [8086:345d] type 00 class 0x088000
[    2.338702] pci 0000:ff:1e.6: [8086:345e] type 00 class 0x088000
[    2.338767] pci 0000:ff:1e.7: [8086:345f] type 00 class 0x088000
[    2.338830] pci_bus 0000:ff: on NUMA node 1
[    2.340061] iommu: Default domain type: Translated 
[    2.340061] iommu: DMA domain TLB invalidation policy: lazy mode 
[    2.340123] SCSI subsystem initialized
[    2.340164] libata version 3.00 loaded.
[    2.340164] ACPI: bus type USB registered
[    2.340164] usbcore: registered new interface driver usbfs
[    2.340164] usbcore: registered new interface driver hub
[    2.340164] usbcore: registered new device driver usb
[    2.340164] pps_core: LinuxPPS API ver. 1 registered
[    2.340164] pps_core: Software ver. 5.3.6 - Copyright 2005-2007 Rodolfo Giometti <giometti@linux.it>
[    2.340164] PTP clock support registered
[    2.344123] EDAC MC: Ver: 3.0.0
[    2.344706] Registered efivars operations
[    2.344706] NetLabel: Initializing
[    2.344706] NetLabel:  domain hash size = 128
[    2.344706] NetLabel:  protocols = UNLABELED CIPSOv4 CALIPSO
[    2.344706] NetLabel:  unlabeled traffic allowed by default
[    2.344706] PCI: Using ACPI for IRQ routing
[    2.344859] PCI: pci_cache_line_size set to 64 bytes
[    2.345416] e820: reserve RAM buffer [mem 0x0008f000-0x0008ffff]
[    2.345418] e820: reserve RAM buffer [mem 0x46cc4020-0x47ffffff]
[    2.345419] e820: reserve RAM buffer [mem 0x46cf6020-0x47ffffff]
[    2.345421] e820: reserve RAM buffer [mem 0x46d29020-0x47ffffff]
[    2.345422] e820: reserve RAM buffer [mem 0x46d5c020-0x47ffffff]
[    2.345423] e820: reserve RAM buffer [mem 0x49e77000-0x4bffffff]
[    2.345424] e820: reserve RAM buffer [mem 0x4b2cf000-0x4bffffff]
[    2.345425] e820: reserve RAM buffer [mem 0x4bd94000-0x4bffffff]
[    2.345426] e820: reserve RAM buffer [mem 0x4ce00000-0x4fffffff]
[    2.345427] e820: reserve RAM buffer [mem 0x5eefe000-0x5fffffff]
[    2.345428] e820: reserve RAM buffer [mem 0x6f800000-0x6fffffff]
[    2.348039] pci 0000:03:00.0: vgaarb: setting as boot VGA device
[    2.348039] pci 0000:03:00.0: vgaarb: bridge control possible
[    2.348039] pci 0000:03:00.0: vgaarb: VGA device added: decodes=io+mem,owns=io+mem,locks=none
[    2.348039] vgaarb: loaded
[    2.349321] hpet0: at MMIO 0xfed00000, IRQs 2, 8, 0, 0, 0, 0, 0, 0
[    2.349328] hpet0: 8 comparators, 64-bit 24.000000 MHz counter
[    2.352279] clocksource: Switched to clocksource tsc-early
[    2.361475] VFS: Disk quotas dquot_6.6.0
[    2.361508] VFS: Dquot-cache hash table entries: 512 (order 0, 4096 bytes)
[    2.361655] AppArmor: AppArmor Filesystem Enabled
[    2.361667] pnp: PnP ACPI init
[    2.377611] system 00:01: [io  0x0500-0x05fe] has been reserved
[    2.377614] system 00:01: [io  0x0400-0x041f] has been reserved
[    2.377616] system 00:01: [io  0x0600-0x061f] has been reserved
[    2.377618] system 00:01: [io  0x0ca0-0x0ca1] has been reserved
[    2.377619] system 00:01: [io  0x0ca4-0x0ca6] has been reserved
[    2.377621] system 00:01: [mem 0xff000000-0xffffffff] has been reserved
[    2.378223] system 00:04: [mem 0xfd000000-0xfdabffff] has been reserved
[    2.378226] system 00:04: [mem 0xfdad0000-0xfdadffff] has been reserved
[    2.378227] system 00:04: [mem 0xfdb00000-0xfdffffff] has been reserved
[    2.378229] system 00:04: [mem 0xfe000000-0xfe00ffff] has been reserved
[    2.378231] system 00:04: [mem 0xfe011000-0xfe01ffff] has been reserved
[    2.378232] system 00:04: [mem 0xfe036000-0xfe03bfff] has been reserved
[    2.378234] system 00:04: [mem 0xfe03d000-0xfe3fffff] has been reserved
[    2.378235] system 00:04: [mem 0xfe410000-0xfe7fffff] has been reserved
[    2.378555] system 00:05: [io  0x1000-0x10fe] has been reserved
[    2.379561] pnp: PnP ACPI: found 6 devices
[    2.385227] clocksource: acpi_pm: mask: 0xffffff max_cycles: 0xffffff, max_idle_ns: 2085701024 ns
[    2.385306] NET: Registered PF_INET protocol family
[    2.385643] IP idents hash table entries: 262144 (order: 9, 2097152 bytes, vmalloc)
[    2.387926] tcp_listen_portaddr_hash hash table entries: 65536 (order: 8, 1048576 bytes, vmalloc)
[    2.388675] TCP established hash table entries: 524288 (order: 10, 4194304 bytes, vmalloc hugepage)
[    2.389306] TCP bind hash table entries: 65536 (order: 8, 1048576 bytes, vmalloc)
[    2.389368] TCP: Hash tables configured (established 524288 bind 65536)
[    2.389836] UDP hash table entries: 65536 (order: 9, 2097152 bytes, vmalloc)
[    2.390317] UDP-Lite hash table entries: 65536 (order: 9, 2097152 bytes, vmalloc)
[    2.390637] NET: Registered PF_UNIX/PF_LOCAL protocol family
[    2.390643] NET: Registered PF_XDP protocol family
[    2.390650] pci 0000:04:00.0: can't claim BAR 6 [mem 0xfffc0000-0xffffffff pref]: no compatible bridge window
[    2.390652] pci 0000:04:00.1: can't claim BAR 6 [mem 0xfffc0000-0xffffffff pref]: no compatible bridge window
[    2.390654] pci 0000:17:00.0: can't claim BAR 6 [mem 0xfff00000-0xffffffff pref]: no compatible bridge window
[    2.390668] pci 0000:00:1c.5: BAR 14: assigned [mem 0x90000000-0x900fffff]
[    2.390671] pci 0000:00:1c.0: PCI bridge to [bus 01]
[    2.390682] pci 0000:02:00.0: PCI bridge to [bus 03]
[    2.390686] pci 0000:02:00.0:   bridge window [mem 0x92000000-0x928fffff]
[    2.390690] pci 0000:02:00.0:   bridge window [mem 0x91000000-0x91ffffff 64bit pref]
[    2.390697] pci 0000:00:1c.4: PCI bridge to [bus 02-03]
[    2.390700] pci 0000:00:1c.4:   bridge window [mem 0x92000000-0x928fffff]
[    2.390703] pci 0000:00:1c.4:   bridge window [mem 0x91000000-0x91ffffff 64bit pref]
[    2.390709] pci 0000:04:00.0: BAR 6: assigned [mem 0x90000000-0x9003ffff pref]
[    2.390710] pci 0000:04:00.1: BAR 6: assigned [mem 0x90040000-0x9007ffff pref]
[    2.390712] pci 0000:00:1c.5: PCI bridge to [bus 04]
[    2.390715] pci 0000:00:1c.5:   bridge window [mem 0x90000000-0x900fffff]
[    2.390718] pci 0000:00:1c.5:   bridge window [mem 0x92900000-0x929fffff 64bit pref]
[    2.390722] pci_bus 0000:00: resource 4 [io  0x0000-0x0cf7 window]
[    2.390724] pci_bus 0000:00: resource 5 [io  0x1000-0x4fff window]
[    2.390725] pci_bus 0000:00: resource 6 [mem 0x000a0000-0x000bffff window]
[    2.390726] pci_bus 0000:00: resource 7 [mem 0x000c8000-0x000cffff window]
[    2.390727] pci_bus 0000:00: resource 8 [mem 0xfe010000-0xfe010fff window]
[    2.390729] pci_bus 0000:00: resource 9 [mem 0x90000000-0x9b7fffff window]
[    2.390730] pci_bus 0000:00: resource 10 [mem 0x200000000000-0x20ffffffffff window]
[    2.390732] pci_bus 0000:02: resource 1 [mem 0x92000000-0x928fffff]
[    2.390733] pci_bus 0000:02: resource 2 [mem 0x91000000-0x91ffffff 64bit pref]
[    2.390735] pci_bus 0000:03: resource 1 [mem 0x92000000-0x928fffff]
[    2.390736] pci_bus 0000:03: resource 2 [mem 0x91000000-0x91ffffff 64bit pref]
[    2.390737] pci_bus 0000:04: resource 1 [mem 0x90000000-0x900fffff]
[    2.390739] pci_bus 0000:04: resource 2 [mem 0x92900000-0x929fffff 64bit pref]
[    2.390815] pci 0000:17:00.0: BAR 6: no space for [mem size 0x00100000 pref]
[    2.390816] pci 0000:17:00.0: BAR 6: failed to assign [mem size 0x00100000 pref]
[    2.390818] pci 0000:16:02.0: PCI bridge to [bus 17]
[    2.390820] pci 0000:16:02.0:   bridge window [io  0x5000-0x5fff]
[    2.390822] pci 0000:16:02.0:   bridge window [mem 0x9ba00000-0x9bafffff]
[    2.390825] pci 0000:16:02.0:   bridge window [mem 0x9b800000-0x9b9fffff 64bit pref]
[    2.390828] pci_bus 0000:16: resource 4 [io  0x5000-0x6fff window]
[    2.390829] pci_bus 0000:16: resource 5 [mem 0x9b800000-0xa63fffff window]
[    2.390830] pci_bus 0000:16: resource 6 [mem 0x210000000000-0x21ffffffffff window]
[    2.390832] pci_bus 0000:17: resource 0 [io  0x5000-0x5fff]
[    2.390833] pci_bus 0000:17: resource 1 [mem 0x9ba00000-0x9bafffff]
[    2.390834] pci_bus 0000:17: resource 2 [mem 0x9b800000-0x9b9fffff 64bit pref]
[    2.390841] pci_bus 0000:30: resource 4 [io  0x7000-0x8fff window]
[    2.390842] pci_bus 0000:30: resource 5 [mem 0xa6400000-0xb0ffffff window]
[    2.390843] pci_bus 0000:30: resource 6 [mem 0x220000000000-0x22ffffffffff window]
[    2.390848] pci_bus 0000:4a: resource 4 [io  0x9000-0x9fff window]
[    2.390850] pci_bus 0000:4a: resource 5 [mem 0xb1000000-0xbbbfffff window]
[    2.390851] pci_bus 0000:4a: resource 6 [mem 0x230000000000-0x23ffffffffff window]
[    2.390857] pci_bus 0000:64: resource 4 [io  0xa000-0xafff window]
[    2.390858] pci_bus 0000:64: resource 5 [mem 0xbbc00000-0xc5ffffff window]
[    2.390859] pci_bus 0000:64: resource 6 [mem 0x240000000000-0x24ffffffffff window]
