2024年 06月 30日 星期日 11:59:39 CST
pgmigrate_success 3757788
pgmigrate_fail 85651482
pgmigrate_dst_node_full_fail 85645312
pgmigrate_numa_isolate_fail 29
pgmigrate_nomem_fail 0
pgmigrate_refcount_fail 7168
thp_fault_alloc 32662
thp_fault_fallback 0
thp_collapse_alloc 62
thp_collapse_alloc_failed 0
thp_file_alloc 0
thp_file_mapped 0
thp_split_page 0
thp_split_page_failed 0
thp_deferred_split_page 47374
thp_split_pmd 8
thp_split_pud 0
thp_zero_page_alloc 0
thp_zero_page_alloc_failed 0
thp_swpout 0
thp_swpout_fallback 0
MemTotal:       1080254852 kB
MemFree:        1049715020 kB
MemAvailable:   1047656468 kB
Buffers:            8276 kB
Cached:           422116 kB
SwapCached:            0 kB
Active:           650232 kB
Inactive:         381580 kB
Active(anon):     579248 kB
Inactive(anon):    28996 kB
Active(file):      70984 kB
Inactive(file):   352584 kB
Unevictable:           0 kB
Mlocked:               0 kB
SwapTotal:       2097148 kB
SwapFree:        2097148 kB
Dirty:               352 kB
Writeback:             0 kB
AnonPages:        602232 kB
Mapped:           418744 kB
Shmem:              6204 kB
KReclaimable:     229292 kB
Slab:             590732 kB
SReclaimable:     229292 kB
SUnreclaim:       361440 kB
KernelStack:       33664 kB
PageTables:        27848 kB
NFS_Unstable:          0 kB
Bounce:                0 kB
WritebackTmp:          0 kB
CommitLimit:    542224572 kB
Committed_AS:    6694400 kB
VmallocTotal:   34359738367 kB
VmallocUsed:      104964 kB
VmallocChunk:          0 kB
Percpu:           121856 kB
HardwareCorrupted:     0 kB
AnonHugePages:     38912 kB
ShmemHugePages:        0 kB
ShmemPmdMapped:        0 kB
CmaTotal:              0 kB
CmaFree:               0 kB
HugePages_Total:       0
HugePages_Free:        0
HugePages_Rsvd:        0
HugePages_Surp:        0
Hugepagesize:       2048 kB
Hugetlb:               0 kB
DirectMap4k:     1064424 kB
DirectMap2M:     8857600 kB
DirectMap1G:    1179648000 kB
2024年 06月 30日 星期日 12:03:24 CST
pgmigrate_success 3885478
pgmigrate_fail 111602204
pgmigrate_dst_node_full_fail 111595440
pgmigrate_numa_isolate_fail 29
pgmigrate_nomem_fail 2
pgmigrate_refcount_fail 7168
thp_fault_alloc 93266
thp_fault_fallback 0
thp_collapse_alloc 71
thp_collapse_alloc_failed 1
thp_file_alloc 0
thp_file_mapped 0
thp_split_page 0
thp_split_page_failed 0
thp_deferred_split_page 108196
thp_split_pmd 15
thp_split_pud 0
thp_zero_page_alloc 6
thp_zero_page_alloc_failed 0
thp_swpout 0
thp_swpout_fallback 0
MemTotal:       1080254852 kB
MemFree:        1028532404 kB
MemAvailable:   1046674076 kB
Buffers:           66944 kB
Cached:         21511516 kB
SwapCached:          876 kB
Active:           324124 kB
Inactive:       21843696 kB
Active(anon):     128280 kB
Inactive(anon):   467196 kB
Active(file):     195844 kB
Inactive(file): 21376500 kB
Unevictable:           0 kB
Mlocked:               0 kB
SwapTotal:       2097148 kB
SwapFree:        2078716 kB
Dirty:                20 kB
Writeback:             0 kB
AnonPages:        590108 kB
Mapped:           326992 kB
Shmem:              5404 kB
KReclaimable:     339424 kB
Slab:             703340 kB
SReclaimable:     339424 kB
SUnreclaim:       363916 kB
KernelStack:       33808 kB
PageTables:        27640 kB
NFS_Unstable:          0 kB
Bounce:                0 kB
WritebackTmp:          0 kB
CommitLimit:    542224572 kB
Committed_AS:    6536440 kB
VmallocTotal:   34359738367 kB
VmallocUsed:      104900 kB
VmallocChunk:          0 kB
Percpu:           121856 kB
HardwareCorrupted:     0 kB
AnonHugePages:         0 kB
ShmemHugePages:        0 kB
ShmemPmdMapped:        0 kB
CmaTotal:              0 kB
CmaFree:               0 kB
HugePages_Total:       0
HugePages_Free:        0
HugePages_Rsvd:        0
HugePages_Surp:        0
Hugepagesize:       2048 kB
Hugetlb:               0 kB
DirectMap4k:     1064424 kB
DirectMap2M:     8857600 kB
DirectMap1G:    1179648000 kB
