2024年 06月 18日 星期二 20:42:19 CST
pgmigrate_success 927922
pgmigrate_fail 4567048
pgmigrate_dst_node_full_fail 4566018
pgmigrate_numa_isolate_fail 17
pgmigrate_nomem_fail 2
pgmigrate_refcount_fail 26
thp_fault_alloc 11783
thp_fault_fallback 0
thp_collapse_alloc 16
thp_collapse_alloc_failed 3
thp_file_alloc 0
thp_file_mapped 0
thp_split_page 0
thp_split_page_failed 0
thp_deferred_split_page 14751
thp_split_pmd 78
thp_split_pud 0
thp_zero_page_alloc 0
thp_zero_page_alloc_failed 0
thp_swpout 0
thp_swpout_fallback 0
MemTotal:       1077571972 kB
MemFree:        1046998892 kB
MemAvailable:   1044935528 kB
Buffers:            7072 kB
Cached:           370112 kB
SwapCached:          484 kB
Active:           475224 kB
Inactive:         519472 kB
Active(anon):     262152 kB
Inactive(anon):   360948 kB
Active(file):     213072 kB
Inactive(file):   158524 kB
Unevictable:           0 kB
Mlocked:               0 kB
SwapTotal:       2097148 kB
SwapFree:        2091260 kB
Dirty:              1376 kB
Writeback:             0 kB
AnonPages:        617096 kB
Mapped:           387996 kB
Shmem:              5940 kB
KReclaimable:     252248 kB
Slab:             648596 kB
SReclaimable:     252248 kB
SUnreclaim:       396348 kB
KernelStack:       33728 kB
PageTables:        28660 kB
NFS_Unstable:          0 kB
Bounce:                0 kB
WritebackTmp:          0 kB
CommitLimit:    540883132 kB
Committed_AS:    6417140 kB
VmallocTotal:   34359738367 kB
VmallocUsed:      105684 kB
VmallocChunk:          0 kB
Percpu:           121856 kB
HardwareCorrupted:     0 kB
AnonHugePages:     22528 kB
ShmemHugePages:        0 kB
ShmemPmdMapped:        0 kB
CmaTotal:              0 kB
CmaFree:               0 kB
HugePages_Total:       0
HugePages_Free:        0
HugePages_Rsvd:        0
HugePages_Surp:        0
Hugepagesize:       2048 kB
Hugetlb:               0 kB
DirectMap4k:     1031656 kB
DirectMap2M:     7841792 kB
DirectMap1G:    1180696576 kB
2024年 06月 18日 星期二 20:47:07 CST
pgmigrate_success 1924304
pgmigrate_fail 9817610
pgmigrate_dst_node_full_fail 9813773
pgmigrate_numa_isolate_fail 17
pgmigrate_nomem_fail 4
pgmigrate_refcount_fail 26
thp_fault_alloc 23583
thp_fault_fallback 0
thp_collapse_alloc 20
thp_collapse_alloc_failed 6
thp_file_alloc 0
thp_file_mapped 0
thp_split_page 0
thp_split_page_failed 0
thp_deferred_split_page 30044
thp_split_pmd 229
thp_split_pud 0
thp_zero_page_alloc 0
thp_zero_page_alloc_failed 0
thp_swpout 0
thp_swpout_fallback 0
MemTotal:       1077571972 kB
MemFree:        1039658636 kB
MemAvailable:   1043751316 kB
Buffers:           62200 kB
Cached:          7482084 kB
SwapCached:          448 kB
Active:           404552 kB
Inactive:        7772152 kB
Active(anon):     154404 kB
Inactive(anon):   483728 kB
Active(file):     250148 kB
Inactive(file):  7288424 kB
Unevictable:           0 kB
Mlocked:               0 kB
SwapTotal:       2097148 kB
SwapFree:        2079484 kB
Dirty:                64 kB
Writeback:             0 kB
AnonPages:        626472 kB
Mapped:           327960 kB
Shmem:              5704 kB
KReclaimable:     308808 kB
Slab:             720144 kB
SReclaimable:     308808 kB
SUnreclaim:       411336 kB
KernelStack:       35000 kB
PageTables:        30320 kB
NFS_Unstable:          0 kB
Bounce:                0 kB
WritebackTmp:          0 kB
CommitLimit:    540883132 kB
Committed_AS:    6012996 kB
VmallocTotal:   34359738367 kB
VmallocUsed:      105796 kB
VmallocChunk:          0 kB
Percpu:           121856 kB
HardwareCorrupted:     0 kB
AnonHugePages:     24576 kB
ShmemHugePages:        0 kB
ShmemPmdMapped:        0 kB
CmaTotal:              0 kB
CmaFree:               0 kB
HugePages_Total:       0
HugePages_Free:        0
HugePages_Rsvd:        0
HugePages_Surp:        0
Hugepagesize:       2048 kB
Hugetlb:               0 kB
DirectMap4k:     1031656 kB
DirectMap2M:     7841792 kB
DirectMap1G:    1180696576 kB
