[    0.000000] Linux version 5.3.1-multiclock (xmu@xmu-PowerEdge-R750) (gcc version 7.5.0 (Ubuntu 7.5.0-3ubuntu1~18.04)) #1 SMP Wed Aug 9 20:46:02 CST 2023
[    0.000000] Command line: BOOT_IMAGE=/boot/vmlinuz-5.3.1-multiclock root=UUID=ce0c24b8-724b-4f33-9b2c-618433560aef ro memmap=45800M!4096M memmap=59G!64G quiet splash nomodeset vt.handoff=1
[    0.000000] KERNEL supported cpus:
[    0.000000]   Intel GenuineIntel
[    0.000000]   AMD AuthenticAMD
[    0.000000]   Hygon HygonGenuine
[    0.000000]   Centaur CentaurHauls
[    0.000000]   zhaoxin   Shanghai  
[    0.000000] x86/fpu: Supporting XSAVE feature 0x001: 'x87 floating point registers'
[    0.000000] x86/fpu: Supporting XSAVE feature 0x002: 'SSE registers'
[    0.000000] x86/fpu: Supporting XSAVE feature 0x004: 'AVX registers'
[    0.000000] x86/fpu: Supporting XSAVE feature 0x020: 'AVX-512 opmask'
[    0.000000] x86/fpu: Supporting XSAVE feature 0x040: 'AVX-512 Hi256'
[    0.000000] x86/fpu: Supporting XSAVE feature 0x080: 'AVX-512 ZMM_Hi256'
[    0.000000] x86/fpu: Supporting XSAVE feature 0x200: 'Protection Keys User registers'
[    0.000000] x86/fpu: xstate_offset[2]:  576, xstate_sizes[2]:  256
[    0.000000] x86/fpu: xstate_offset[5]:  832, xstate_sizes[5]:   64
[    0.000000] x86/fpu: xstate_offset[6]:  896, xstate_sizes[6]:  512
[    0.000000] x86/fpu: xstate_offset[7]: 1408, xstate_sizes[7]: 1024
[    0.000000] x86/fpu: xstate_offset[9]: 2432, xstate_sizes[9]:    8
[    0.000000] x86/fpu: Enabled xstate features 0x2e7, context size is 2440 bytes, using 'compacted' format.
[    0.000000] BIOS-provided physical RAM map:
[    0.000000] BIOS-e820: [mem 0x0000000000000000-0x000000000008efff] usable
[    0.000000] BIOS-e820: [mem 0x000000000008f000-0x000000000008ffff] reserved
[    0.000000] BIOS-e820: [mem 0x0000000000090000-0x000000000009ffff] usable
[    0.000000] BIOS-e820: [mem 0x00000000000a0000-0x00000000000fffff] reserved
[    0.000000] BIOS-e820: [mem 0x0000000000100000-0x0000000049e76fff] usable
[    0.000000] BIOS-e820: [mem 0x0000000049e77000-0x000000004ae76fff] ACPI NVS
[    0.000000] BIOS-e820: [mem 0x000000004ae77000-0x000000004b2cefff] usable
[    0.000000] BIOS-e820: [mem 0x000000004b2cf000-0x000000004b54dfff] ACPI data
[    0.000000] BIOS-e820: [mem 0x000000004b54e000-0x000000004bd93fff] usable
[    0.000000] BIOS-e820: [mem 0x000000004bd94000-0x000000004be99fff] reserved
[    0.000000] BIOS-e820: [mem 0x000000004be9a000-0x000000004cdfffff] usable
[    0.000000] BIOS-e820: [mem 0x000000004ce00000-0x000000004cffffff] reserved
[    0.000000] BIOS-e820: [mem 0x000000004d000000-0x000000005eefdfff] usable
[    0.000000] BIOS-e820: [mem 0x000000005eefe000-0x000000006e3fefff] reserved
[    0.000000] BIOS-e820: [mem 0x000000006e3ff000-0x000000006f3fefff] ACPI NVS
[    0.000000] BIOS-e820: [mem 0x000000006f3ff000-0x000000006f7fefff] ACPI data
[    0.000000] BIOS-e820: [mem 0x000000006f7ff000-0x000000006f7fffff] usable
[    0.000000] BIOS-e820: [mem 0x000000006f800000-0x000000008fffffff] reserved
[    0.000000] BIOS-e820: [mem 0x00000000fe000000-0x00000000fe010fff] reserved
[    0.000000] BIOS-e820: [mem 0x0000000100000000-0x000000207fffffff] usable
[    0.000000] BIOS-e820: [mem 0x0000002080000000-0x0000011c7fffffff] persistent (type 7)
[    0.000000] BIOS-e820: [mem 0x00001ffc00000000-0x00001fffffffffff] reserved
[    0.000000] NX (Execute Disable) protection: active
[    0.000000] e820: update [mem 0x47c75020-0x47c7d05f] usable ==> usable
[    0.000000] e820: update [mem 0x47c75020-0x47c7d05f] usable ==> usable
[    0.000000] e820: update [mem 0x47c42020-0x47c74c5f] usable ==> usable
[    0.000000] e820: update [mem 0x47c42020-0x47c74c5f] usable ==> usable
[    0.000000] e820: update [mem 0x47c0f020-0x47c41c5f] usable ==> usable
[    0.000000] e820: update [mem 0x47c0f020-0x47c41c5f] usable ==> usable
[    0.000000] e820: update [mem 0x47bdd020-0x47c0ea5f] usable ==> usable
[    0.000000] e820: update [mem 0x47bdd020-0x47c0ea5f] usable ==> usable
[    0.000000] extended physical RAM map:
[    0.000000] reserve setup_data: [mem 0x0000000000000000-0x000000000008efff] usable
[    0.000000] reserve setup_data: [mem 0x000000000008f000-0x000000000008ffff] reserved
[    0.000000] reserve setup_data: [mem 0x0000000000090000-0x000000000009ffff] usable
[    0.000000] reserve setup_data: [mem 0x00000000000a0000-0x00000000000fffff] reserved
[    0.000000] reserve setup_data: [mem 0x0000000000100000-0x0000000047bdd01f] usable
[    0.000000] reserve setup_data: [mem 0x0000000047bdd020-0x0000000047c0ea5f] usable
[    0.000000] reserve setup_data: [mem 0x0000000047c0ea60-0x0000000047c0f01f] usable
[    0.000000] reserve setup_data: [mem 0x0000000047c0f020-0x0000000047c41c5f] usable
[    0.000000] reserve setup_data: [mem 0x0000000047c41c60-0x0000000047c4201f] usable
[    0.000000] reserve setup_data: [mem 0x0000000047c42020-0x0000000047c74c5f] usable
[    0.000000] reserve setup_data: [mem 0x0000000047c74c60-0x0000000047c7501f] usable
[    0.000000] reserve setup_data: [mem 0x0000000047c75020-0x0000000047c7d05f] usable
[    0.000000] reserve setup_data: [mem 0x0000000047c7d060-0x0000000049e76fff] usable
[    0.000000] reserve setup_data: [mem 0x0000000049e77000-0x000000004ae76fff] ACPI NVS
[    0.000000] reserve setup_data: [mem 0x000000004ae77000-0x000000004b2cefff] usable
[    0.000000] reserve setup_data: [mem 0x000000004b2cf000-0x000000004b54dfff] ACPI data
[    0.000000] reserve setup_data: [mem 0x000000004b54e000-0x000000004bd93fff] usable
[    0.000000] reserve setup_data: [mem 0x000000004bd94000-0x000000004be99fff] reserved
[    0.000000] reserve setup_data: [mem 0x000000004be9a000-0x000000004cdfffff] usable
[    0.000000] reserve setup_data: [mem 0x000000004ce00000-0x000000004cffffff] reserved
[    0.000000] reserve setup_data: [mem 0x000000004d000000-0x000000005eefdfff] usable
[    0.000000] reserve setup_data: [mem 0x000000005eefe000-0x000000006e3fefff] reserved
[    0.000000] reserve setup_data: [mem 0x000000006e3ff000-0x000000006f3fefff] ACPI NVS
[    0.000000] reserve setup_data: [mem 0x000000006f3ff000-0x000000006f7fefff] ACPI data
[    0.000000] reserve setup_data: [mem 0x000000006f7ff000-0x000000006f7fffff] usable
[    0.000000] reserve setup_data: [mem 0x000000006f800000-0x000000008fffffff] reserved
[    0.000000] reserve setup_data: [mem 0x00000000fe000000-0x00000000fe010fff] reserved
[    0.000000] reserve setup_data: [mem 0x0000000100000000-0x0000000c2e7fffff] persistent (type 12)
[    0.000000] reserve setup_data: [mem 0x0000000c2e800000-0x0000000fffffffff] usable
[    0.000000] reserve setup_data: [mem 0x0000001000000000-0x0000001ebfffffff] persistent (type 12)
[    0.000000] reserve setup_data: [mem 0x0000001ec0000000-0x000000207fffffff] usable
[    0.000000] reserve setup_data: [mem 0x0000002080000000-0x0000011c7fffffff] persistent (type 7)
[    0.000000] reserve setup_data: [mem 0x00001ffc00000000-0x00001fffffffffff] reserved
[    0.000000] user-defined physical RAM map:
[    0.000000] user: [mem 0x0000000000000000-0x000000000008efff] usable
[    0.000000] user: [mem 0x000000000008f000-0x000000000008ffff] reserved
[    0.000000] user: [mem 0x0000000000090000-0x000000000009ffff] usable
[    0.000000] user: [mem 0x00000000000a0000-0x00000000000fffff] reserved
[    0.000000] user: [mem 0x0000000000100000-0x0000000047bdd01f] usable
[    0.000000] user: [mem 0x0000000047bdd020-0x0000000047c0ea5f] usable
[    0.000000] user: [mem 0x0000000047c0ea60-0x0000000047c0f01f] usable
[    0.000000] user: [mem 0x0000000047c0f020-0x0000000047c41c5f] usable
[    0.000000] user: [mem 0x0000000047c41c60-0x0000000047c4201f] usable
[    0.000000] user: [mem 0x0000000047c42020-0x0000000047c74c5f] usable
[    0.000000] user: [mem 0x0000000047c74c60-0x0000000047c7501f] usable
[    0.000000] user: [mem 0x0000000047c75020-0x0000000047c7d05f] usable
[    0.000000] user: [mem 0x0000000047c7d060-0x0000000049e76fff] usable
[    0.000000] user: [mem 0x0000000049e77000-0x000000004ae76fff] ACPI NVS
[    0.000000] user: [mem 0x000000004ae77000-0x000000004b2cefff] usable
[    0.000000] user: [mem 0x000000004b2cf000-0x000000004b54dfff] ACPI data
[    0.000000] user: [mem 0x000000004b54e000-0x000000004bd93fff] usable
[    0.000000] user: [mem 0x000000004bd94000-0x000000004be99fff] reserved
[    0.000000] user: [mem 0x000000004be9a000-0x000000004cdfffff] usable
[    0.000000] user: [mem 0x000000004ce00000-0x000000004cffffff] reserved
[    0.000000] user: [mem 0x000000004d000000-0x000000005eefdfff] usable
[    0.000000] user: [mem 0x000000005eefe000-0x000000006e3fefff] reserved
[    0.000000] user: [mem 0x000000006e3ff000-0x000000006f3fefff] ACPI NVS
[    0.000000] user: [mem 0x000000006f3ff000-0x000000006f7fefff] ACPI data
[    0.000000] user: [mem 0x000000006f7ff000-0x000000006f7fffff] usable
[    0.000000] user: [mem 0x000000006f800000-0x000000008fffffff] reserved
[    0.000000] user: [mem 0x00000000fe000000-0x00000000fe010fff] reserved
[    0.000000] user: [mem 0x0000000100000000-0x0000000c2e7fffff] persistent (type 12)
[    0.000000] user: [mem 0x0000000c2e800000-0x0000000fffffffff] usable
[    0.000000] user: [mem 0x0000001000000000-0x0000001ebfffffff] persistent (type 12)
[    0.000000] user: [mem 0x0000001ec0000000-0x000000207fffffff] usable
[    0.000000] user: [mem 0x0000002080000000-0x0000011c7fffffff] persistent (type 7)
[    0.000000] user: [mem 0x00001ffc00000000-0x00001fffffffffff] reserved
[    0.000000] efi: EFI v2.70 by Dell Inc.
[    0.000000] efi:  ACPI=0x6f7fe000  ACPI 2.0=0x6f7fe014  MEMATTR=0x5a1f8020  SMBIOS=0x69526000  SMBIOS 3.0=0x69524000 
[    0.000000] SMBIOS 3.3.0 present.
[    0.000000] DMI: Dell Inc. PowerEdge R750/0K8F35, BIOS 1.10.2 03/03/2023
[    0.000000] tsc: Detected 2000.000 MHz processor
[    0.000009] e820: update [mem 0x00000000-0x00000fff] usable ==> reserved
[    0.000011] e820: remove [mem 0x000a0000-0x000fffff] usable
[    0.000018] last_pfn = 0x2080000 max_arch_pfn = 0x400000000
[    0.000021] MTRR default type: uncachable
[    0.000022] MTRR fixed ranges enabled:
[    0.000023]   00000-9FFFF write-back
[    0.000024]   A0000-BFFFF uncachable
[    0.000024]   C0000-FFFFF write-protect
[    0.000025] MTRR variable ranges enabled:
[    0.000026]   0 base 000000000000 mask 3E0000000000 write-back
[    0.000027]   1 base 000080000000 mask 3FFF80000000 uncachable
[    0.000027]   2 base 00007F000000 mask 3FFFFF000000 uncachable
[    0.000028]   3 disabled
[    0.000028]   4 disabled
[    0.000029]   5 disabled
[    0.000029]   6 disabled
[    0.000029]   7 disabled
[    0.000030]   8 disabled
[    0.000030]   9 disabled
[    0.000773] x86/PAT: Configuration [0-7]: WB  WC  UC- UC  WB  WP  UC- WT  
[    0.001824] total RAM covered: 2095088M
[    0.001909]  gran_size: 64K 	chunk_size: 64K 	num_reg: 10  	lose cover RAM: 2016G
[    0.001910]  gran_size: 64K 	chunk_size: 128K 	num_reg: 10  	lose cover RAM: 2016G
[    0.001911]  gran_size: 64K 	chunk_size: 256K 	num_reg: 10  	lose cover RAM: 2016G
[    0.001912]  gran_size: 64K 	chunk_size: 512K 	num_reg: 10  	lose cover RAM: 2016G
[    0.001912]  gran_size: 64K 	chunk_size: 1M 	num_reg: 10  	lose cover RAM: 2016G
[    0.001913]  gran_size: 64K 	chunk_size: 2M 	num_reg: 10  	lose cover RAM: 2016G
[    0.001914]  gran_size: 64K 	chunk_size: 4M 	num_reg: 10  	lose cover RAM: 2016G
[    0.001914]  gran_size: 64K 	chunk_size: 8M 	num_reg: 10  	lose cover RAM: 2016G
[    0.001915]  gran_size: 64K 	chunk_size: 16M 	num_reg: 10  	lose cover RAM: 2016G
[    0.001916]  gran_size: 64K 	chunk_size: 32M 	num_reg: 10  	lose cover RAM: 1024G
[    0.001916]  gran_size: 64K 	chunk_size: 64M 	num_reg: 10  	lose cover RAM: 1024G
[    0.001917]  gran_size: 64K 	chunk_size: 128M 	num_reg: 10  	lose cover RAM: 1024G
[    0.001918]  gran_size: 64K 	chunk_size: 256M 	num_reg: 10  	lose cover RAM: 1024G
[    0.001918]  gran_size: 64K 	chunk_size: 512M 	num_reg: 10  	lose cover RAM: 1024G
[    0.001919]  gran_size: 64K 	chunk_size: 1G 	num_reg: 10  	lose cover RAM: 1024G
[    0.001920]  gran_size: 64K 	chunk_size: 2G 	num_reg: 10  	lose cover RAM: 1024G
[    0.001920]  gran_size: 128K 	chunk_size: 128K 	num_reg: 10  	lose cover RAM: 2016G
[    0.001921]  gran_size: 128K 	chunk_size: 256K 	num_reg: 10  	lose cover RAM: 2016G
[    0.001922]  gran_size: 128K 	chunk_size: 512K 	num_reg: 10  	lose cover RAM: 2016G
[    0.001922]  gran_size: 128K 	chunk_size: 1M 	num_reg: 10  	lose cover RAM: 2016G
[    0.001923]  gran_size: 128K 	chunk_size: 2M 	num_reg: 10  	lose cover RAM: 2016G
[    0.001924]  gran_size: 128K 	chunk_size: 4M 	num_reg: 10  	lose cover RAM: 2016G
[    0.001924]  gran_size: 128K 	chunk_size: 8M 	num_reg: 10  	lose cover RAM: 2016G
[    0.001925]  gran_size: 128K 	chunk_size: 16M 	num_reg: 10  	lose cover RAM: 2016G
[    0.001926]  gran_size: 128K 	chunk_size: 32M 	num_reg: 10  	lose cover RAM: 1024G
[    0.001926]  gran_size: 128K 	chunk_size: 64M 	num_reg: 10  	lose cover RAM: 1024G
[    0.001927]  gran_size: 128K 	chunk_size: 128M 	num_reg: 10  	lose cover RAM: 1024G
[    0.001928]  gran_size: 128K 	chunk_size: 256M 	num_reg: 10  	lose cover RAM: 1024G
[    0.001928]  gran_size: 128K 	chunk_size: 512M 	num_reg: 10  	lose cover RAM: 1024G
[    0.001929]  gran_size: 128K 	chunk_size: 1G 	num_reg: 10  	lose cover RAM: 1024G
[    0.001930]  gran_size: 128K 	chunk_size: 2G 	num_reg: 10  	lose cover RAM: 1024G
[    0.001930]  gran_size: 256K 	chunk_size: 256K 	num_reg: 10  	lose cover RAM: 2016G
[    0.001931]  gran_size: 256K 	chunk_size: 512K 	num_reg: 10  	lose cover RAM: 2016G
[    0.001932]  gran_size: 256K 	chunk_size: 1M 	num_reg: 10  	lose cover RAM: 2016G
[    0.001932]  gran_size: 256K 	chunk_size: 2M 	num_reg: 10  	lose cover RAM: 2016G
[    0.001933]  gran_size: 256K 	chunk_size: 4M 	num_reg: 10  	lose cover RAM: 2016G
[    0.001934]  gran_size: 256K 	chunk_size: 8M 	num_reg: 10  	lose cover RAM: 2016G
[    0.001934]  gran_size: 256K 	chunk_size: 16M 	num_reg: 10  	lose cover RAM: 2016G
[    0.001935]  gran_size: 256K 	chunk_size: 32M 	num_reg: 10  	lose cover RAM: 1024G
[    0.001936]  gran_size: 256K 	chunk_size: 64M 	num_reg: 10  	lose cover RAM: 1024G
[    0.001936]  gran_size: 256K 	chunk_size: 128M 	num_reg: 10  	lose cover RAM: 1024G
[    0.001937]  gran_size: 256K 	chunk_size: 256M 	num_reg: 10  	lose cover RAM: 1024G
[    0.001938]  gran_size: 256K 	chunk_size: 512M 	num_reg: 10  	lose cover RAM: 1024G
[    0.001938]  gran_size: 256K 	chunk_size: 1G 	num_reg: 10  	lose cover RAM: 1024G
[    0.001939]  gran_size: 256K 	chunk_size: 2G 	num_reg: 10  	lose cover RAM: 1024G
[    0.001940]  gran_size: 512K 	chunk_size: 512K 	num_reg: 10  	lose cover RAM: 2016G
[    0.001940]  gran_size: 512K 	chunk_size: 1M 	num_reg: 10  	lose cover RAM: 2016G
[    0.001941]  gran_size: 512K 	chunk_size: 2M 	num_reg: 10  	lose cover RAM: 2016G
[    0.001942]  gran_size: 512K 	chunk_size: 4M 	num_reg: 10  	lose cover RAM: 2016G
[    0.001942]  gran_size: 512K 	chunk_size: 8M 	num_reg: 10  	lose cover RAM: 2016G
[    0.001943]  gran_size: 512K 	chunk_size: 16M 	num_reg: 10  	lose cover RAM: 2016G
[    0.001944]  gran_size: 512K 	chunk_size: 32M 	num_reg: 10  	lose cover RAM: 1024G
[    0.001944]  gran_size: 512K 	chunk_size: 64M 	num_reg: 10  	lose cover RAM: 1024G
[    0.001945]  gran_size: 512K 	chunk_size: 128M 	num_reg: 10  	lose cover RAM: 1024G
[    0.001946]  gran_size: 512K 	chunk_size: 256M 	num_reg: 10  	lose cover RAM: 1024G
[    0.001946]  gran_size: 512K 	chunk_size: 512M 	num_reg: 10  	lose cover RAM: 1024G
[    0.001947]  gran_size: 512K 	chunk_size: 1G 	num_reg: 10  	lose cover RAM: 1024G
[    0.001948]  gran_size: 512K 	chunk_size: 2G 	num_reg: 10  	lose cover RAM: 1024G
[    0.001948]  gran_size: 1M 	chunk_size: 1M 	num_reg: 10  	lose cover RAM: 2016G
[    0.001949]  gran_size: 1M 	chunk_size: 2M 	num_reg: 10  	lose cover RAM: 2016G
[    0.001950]  gran_size: 1M 	chunk_size: 4M 	num_reg: 10  	lose cover RAM: 2016G
[    0.001950]  gran_size: 1M 	chunk_size: 8M 	num_reg: 10  	lose cover RAM: 2016G
[    0.001951]  gran_size: 1M 	chunk_size: 16M 	num_reg: 10  	lose cover RAM: 2016G
[    0.001952]  gran_size: 1M 	chunk_size: 32M 	num_reg: 10  	lose cover RAM: 1024G
[    0.001952]  gran_size: 1M 	chunk_size: 64M 	num_reg: 10  	lose cover RAM: 1024G
[    0.001953]  gran_size: 1M 	chunk_size: 128M 	num_reg: 10  	lose cover RAM: 1024G
[    0.001954]  gran_size: 1M 	chunk_size: 256M 	num_reg: 10  	lose cover RAM: 1024G
[    0.001955]  gran_size: 1M 	chunk_size: 512M 	num_reg: 10  	lose cover RAM: 1024G
[    0.001955]  gran_size: 1M 	chunk_size: 1G 	num_reg: 10  	lose cover RAM: 1024G
[    0.001956]  gran_size: 1M 	chunk_size: 2G 	num_reg: 10  	lose cover RAM: 1024G
[    0.001957]  gran_size: 2M 	chunk_size: 2M 	num_reg: 10  	lose cover RAM: 2016G
[    0.001957]  gran_size: 2M 	chunk_size: 4M 	num_reg: 10  	lose cover RAM: 2016G
[    0.001958]  gran_size: 2M 	chunk_size: 8M 	num_reg: 10  	lose cover RAM: 2016G
[    0.001958]  gran_size: 2M 	chunk_size: 16M 	num_reg: 10  	lose cover RAM: 2016G
[    0.001959]  gran_size: 2M 	chunk_size: 32M 	num_reg: 10  	lose cover RAM: 1024G
[    0.001960]  gran_size: 2M 	chunk_size: 64M 	num_reg: 10  	lose cover RAM: 1024G
[    0.001960]  gran_size: 2M 	chunk_size: 128M 	num_reg: 10  	lose cover RAM: 1024G
[    0.001961]  gran_size: 2M 	chunk_size: 256M 	num_reg: 10  	lose cover RAM: 1024G
[    0.001962]  gran_size: 2M 	chunk_size: 512M 	num_reg: 10  	lose cover RAM: 1024G
[    0.001962]  gran_size: 2M 	chunk_size: 1G 	num_reg: 10  	lose cover RAM: 1024G
[    0.001963]  gran_size: 2M 	chunk_size: 2G 	num_reg: 10  	lose cover RAM: 1024G
[    0.001964]  gran_size: 4M 	chunk_size: 4M 	num_reg: 10  	lose cover RAM: 2016G
[    0.001964]  gran_size: 4M 	chunk_size: 8M 	num_reg: 10  	lose cover RAM: 2016G
[    0.001965]  gran_size: 4M 	chunk_size: 16M 	num_reg: 10  	lose cover RAM: 2016G
[    0.001966]  gran_size: 4M 	chunk_size: 32M 	num_reg: 10  	lose cover RAM: 1024G
[    0.001966]  gran_size: 4M 	chunk_size: 64M 	num_reg: 10  	lose cover RAM: 1024G
[    0.001967]  gran_size: 4M 	chunk_size: 128M 	num_reg: 10  	lose cover RAM: 1024G
[    0.001968]  gran_size: 4M 	chunk_size: 256M 	num_reg: 10  	lose cover RAM: 1024G
[    0.001969]  gran_size: 4M 	chunk_size: 512M 	num_reg: 10  	lose cover RAM: 1024G
[    0.001969]  gran_size: 4M 	chunk_size: 1G 	num_reg: 10  	lose cover RAM: 1024G
[    0.001970]  gran_size: 4M 	chunk_size: 2G 	num_reg: 10  	lose cover RAM: 1024G
[    0.001970]  gran_size: 8M 	chunk_size: 8M 	num_reg: 10  	lose cover RAM: 2016G
[    0.001971]  gran_size: 8M 	chunk_size: 16M 	num_reg: 10  	lose cover RAM: 2016G
[    0.001972]  gran_size: 8M 	chunk_size: 32M 	num_reg: 10  	lose cover RAM: 1024G
[    0.001972]  gran_size: 8M 	chunk_size: 64M 	num_reg: 10  	lose cover RAM: 1024G
[    0.001973]  gran_size: 8M 	chunk_size: 128M 	num_reg: 10  	lose cover RAM: 1024G
[    0.001974]  gran_size: 8M 	chunk_size: 256M 	num_reg: 10  	lose cover RAM: 1024G
[    0.001974]  gran_size: 8M 	chunk_size: 512M 	num_reg: 10  	lose cover RAM: 1024G
[    0.001975]  gran_size: 8M 	chunk_size: 1G 	num_reg: 10  	lose cover RAM: 1024G
[    0.001976]  gran_size: 8M 	chunk_size: 2G 	num_reg: 10  	lose cover RAM: 1024G
[    0.001976]  gran_size: 16M 	chunk_size: 16M 	num_reg: 10  	lose cover RAM: 2016G
[    0.001977]  gran_size: 16M 	chunk_size: 32M 	num_reg: 10  	lose cover RAM: 1024G
[    0.001978]  gran_size: 16M 	chunk_size: 64M 	num_reg: 10  	lose cover RAM: 1024G
[    0.001978]  gran_size: 16M 	chunk_size: 128M 	num_reg: 10  	lose cover RAM: 1024G
[    0.001979]  gran_size: 16M 	chunk_size: 256M 	num_reg: 10  	lose cover RAM: 1024G
[    0.001980]  gran_size: 16M 	chunk_size: 512M 	num_reg: 10  	lose cover RAM: 1024G
[    0.001981]  gran_size: 16M 	chunk_size: 1G 	num_reg: 10  	lose cover RAM: 1024G
[    0.001981]  gran_size: 16M 	chunk_size: 2G 	num_reg: 10  	lose cover RAM: 1024G
[    0.001982]  gran_size: 32M 	chunk_size: 32M 	num_reg: 10  	lose cover RAM: 2031632M
[    0.001983]  gran_size: 32M 	chunk_size: 64M 	num_reg: 10  	lose cover RAM: 1048592M
[    0.001983]  gran_size: 32M 	chunk_size: 128M 	num_reg: 10  	lose cover RAM: 1048592M
[    0.001984]  gran_size: 32M 	chunk_size: 256M 	num_reg: 10  	lose cover RAM: 1048592M
[    0.001985]  gran_size: 32M 	chunk_size: 512M 	num_reg: 10  	lose cover RAM: 1048592M
[    0.001985]  gran_size: 32M 	chunk_size: 1G 	num_reg: 10  	lose cover RAM: 1048592M
[    0.001986]  gran_size: 32M 	chunk_size: 2G 	num_reg: 10  	lose cover RAM: 1048592M
[    0.001987]  gran_size: 64M 	chunk_size: 64M 	num_reg: 10  	lose cover RAM: 1966128M
[    0.001988]  gran_size: 64M 	chunk_size: 128M 	num_reg: 10  	lose cover RAM: 1048624M
[    0.001988]  gran_size: 64M 	chunk_size: 256M 	num_reg: 10  	lose cover RAM: 1048624M
[    0.001989]  gran_size: 64M 	chunk_size: 512M 	num_reg: 10  	lose cover RAM: 1048624M
[    0.001990]  gran_size: 64M 	chunk_size: 1G 	num_reg: 10  	lose cover RAM: 1048624M
[    0.001990]  gran_size: 64M 	chunk_size: 2G 	num_reg: 10  	lose cover RAM: 1048624M
[    0.001991]  gran_size: 128M 	chunk_size: 128M 	num_reg: 10  	lose cover RAM: 1835120M
[    0.001992]  gran_size: 128M 	chunk_size: 256M 	num_reg: 10  	lose cover RAM: 1048688M
[    0.001992]  gran_size: 128M 	chunk_size: 512M 	num_reg: 10  	lose cover RAM: 1048688M
[    0.001993]  gran_size: 128M 	chunk_size: 1G 	num_reg: 10  	lose cover RAM: 1048688M
[    0.001994]  gran_size: 128M 	chunk_size: 2G 	num_reg: 10  	lose cover RAM: 1048688M
[    0.001995]  gran_size: 256M 	chunk_size: 256M 	num_reg: 10  	lose cover RAM: 1573104M
[    0.001995]  gran_size: 256M 	chunk_size: 512M 	num_reg: 10  	lose cover RAM: 1048816M
[    0.001996]  gran_size: 256M 	chunk_size: 1G 	num_reg: 10  	lose cover RAM: 1048816M
[    0.001997]  gran_size: 256M 	chunk_size: 2G 	num_reg: 10  	lose cover RAM: 1048816M
[    0.001997]  gran_size: 512M 	chunk_size: 512M 	num_reg: 10  	lose cover RAM: 1049072M
[    0.001998]  gran_size: 512M 	chunk_size: 1G 	num_reg: 10  	lose cover RAM: 1049072M
[    0.001999]  gran_size: 512M 	chunk_size: 2G 	num_reg: 10  	lose cover RAM: 1049072M
[    0.002000]  gran_size: 1G 	chunk_size: 1G 	num_reg: 10  	lose cover RAM: 1008M
[    0.002000]  gran_size: 1G 	chunk_size: 2G 	num_reg: 10  	lose cover RAM: 1008M
[    0.002001]  gran_size: 2G 	chunk_size: 2G 	num_reg: 9  	lose cover RAM: 2032M
[    0.002002] mtrr_cleanup: can not find optimal value
[    0.002002] please specify mtrr_gran_size/mtrr_chunk_size
[    0.002005] e820: update [mem 0x7f000000-0xffffffff] usable ==> reserved
[    0.002007] x2apic: enabled by BIOS, switching to x2apic ops
[    0.002007] last_pfn = 0x6f800 max_arch_pfn = 0x400000000
[    0.013412] check: Scanning 1 areas for low memory corruption
[    0.013416] Using GB pages for direct mapping
[    0.013418] BRK [0xda7a01000, 0xda7a01fff] PGTABLE
[    0.013420] BRK [0xda7a02000, 0xda7a02fff] PGTABLE
[    0.013420] BRK [0xda7a03000, 0xda7a03fff] PGTABLE
[    0.013438] BRK [0xda7a04000, 0xda7a04fff] PGTABLE
[    0.013439] BRK [0xda7a05000, 0xda7a05fff] PGTABLE
[    0.013634] BRK [0xda7a06000, 0xda7a06fff] PGTABLE
[    0.013727] BRK [0xda7a07000, 0xda7a07fff] PGTABLE
[    0.013866] BRK [0xda7a08000, 0xda7a08fff] PGTABLE
[    0.014047] BRK [0xda7a09000, 0xda7a09fff] PGTABLE
[    0.014175] BRK [0xda7a0a000, 0xda7a0afff] PGTABLE
[    0.014353] BRK [0xda7a0b000, 0xda7a0bfff] PGTABLE
[    0.014460] BRK [0xda7a0c000, 0xda7a0cfff] PGTABLE
[    0.015105] Secure boot disabled
[    0.015106] RAMDISK: [mem 0x2065920000-0x207fffffff]
[    0.015112] ACPI: Early table checksum verification disabled
[    0.015114] ACPI: RSDP 0x000000006F7FE014 000024 (v02 DELL  )
[    0.015116] ACPI: XSDT 0x000000006F41C188 0000F4 (v01 DELL   PE_SC3   00000000 DELL 01000013)
[    0.015121] ACPI: FACP 0x000000006F430000 000114 (v06 DELL   PE_SC3   00000000 DELL 00000001)
[    0.015125] ACPI: DSDT 0x000000004B4CE000 07FAD3 (v02 DELL   PE_SC3   00000003 DELL 00000001)
[    0.015128] ACPI: FACS 0x000000006F2F2000 000040
[    0.015131] ACPI: SSDT 0x000000006F7FB000 00159A (v02 INTEL  RAS_ACPI 00000001 INTL 20210331)
[    0.015133] ACPI: SSDT 0x000000006F7FA000 000745 (v02 INTEL  ADDRXLAT 00000001 INTL 20210331)
[    0.015136] ACPI: MCEJ 0x000000006F7F9000 000130 (v01 INTEL           00000001 INTL 0100000D)
[    0.015139] ACPI: BERT 0x000000006F7F8000 000030 (v01 DELL   PE_SC3   00000001 INTL 00000001)
[    0.015141] ACPI: ERST 0x000000006F7F7000 000230 (v01 DELL   PE_SC3   00000001 INTL 00000001)
[    0.015144] ACPI: SSDT 0x000000006F431000 3C524E (v02 INTEL  SSDTNVDR 00001000 INTL 20210331)
[    0.015147] ACPI: HMAT 0x000000006F42F000 000210 (v01 DELL   PE_SC3   00000001 DELL 00000001)
[    0.015149] ACPI: HPET 0x000000006F42E000 000038 (v01 DELL   PE_SC3   00000001 DELL 00000001)
[    0.015152] ACPI: MCFG 0x000000006F42D000 00003C (v01 DELL   PE_SC3   00000001 DELL 00000001)
[    0.015155] ACPI: MIGT 0x000000006F42C000 000040 (v01 DELL   PE_SC3   00000000 DELL 00000001)
[    0.015157] ACPI: MSCT 0x000000006F42B000 000090 (v01 DELL   PE_SC3   00000001 DELL 00000001)
[    0.015160] ACPI: PMTT 0x000000006F429000 0011E8 (v02 DELL   PE_SC3   00000001 DELL 00000001)
[    0.015162] ACPI: WSMT 0x000000006F428000 000028 (v01 DELL   PE_SC3   00000000 DELL 00000001)
[    0.015165] ACPI: APIC 0x000000006F427000 00075E (v04 DELL   PE_SC3   00000000 DELL 00000001)
[    0.015167] ACPI: SLIT 0x000000006F426000 00003C (v01 DELL   PE_SC3   00000001 DELL 01000013)
[    0.015170] ACPI: SRAT 0x000000006F41F000 006430 (v03 DELL   PE_SC3   00000002 DELL 01000013)
[    0.015172] ACPI: OEM4 0x000000004B346000 187A61 (v02 INTEL  CPU  CST 00003000 INTL 20210331)
[    0.015175] ACPI: SSDT 0x000000004B2CF000 0764A5 (v02 INTEL  SSDT  PM 00004000 INTL 20210331)
[    0.015178] ACPI: SSDT 0x000000006F41E000 000A1F (v02 DELL   PE_SC3   00000000 DELL 00000001)
[    0.015180] ACPI: HEST 0x000000006F41D000 00017C (v01 DELL   PE_SC3   00000001 INTL 00000001)
[    0.015183] ACPI: PCAT 0x000000006F41B000 00010C (v19 DELL   PE_SC3   00000002 DELL 00000001)
[    0.015185] ACPI: SSDT 0x000000006F413000 007299 (v02 INTEL  SpsNm    00000002 INTL 20210331)
[    0.015188] ACPI: SSDT 0x000000006F412000 000426 (v02 DELL   PE_SC3   00000002 DELL 00000001)
[    0.015190] ACPI: NFIT 0x000000006F7FD000 000488 (v01 DELL   PE_SC3   00000002 DELL 00000001)
[    0.015193] ACPI: DMAR 0x000000006F411000 000158 (v01 DELL   PE_SC3   00000001 DELL 00000001)
[    0.015200] ACPI: Local APIC address 0xfee00000
[    0.015202] Setting APIC routing to cluster x2apic.
[    0.015247] SRAT: PXM 0 -> APIC 0x0000 -> Node 0
[    0.015248] SRAT: PXM 0 -> APIC 0x0001 -> Node 0
[    0.015248] SRAT: PXM 0 -> APIC 0x0002 -> Node 0
[    0.015248] SRAT: PXM 0 -> APIC 0x0003 -> Node 0
[    0.015249] SRAT: PXM 0 -> APIC 0x0004 -> Node 0
[    0.015249] SRAT: PXM 0 -> APIC 0x0005 -> Node 0
[    0.015250] SRAT: PXM 0 -> APIC 0x0006 -> Node 0
[    0.015250] SRAT: PXM 0 -> APIC 0x0007 -> Node 0
[    0.015251] SRAT: PXM 0 -> APIC 0x0008 -> Node 0
[    0.015251] SRAT: PXM 0 -> APIC 0x0009 -> Node 0
[    0.015251] SRAT: PXM 0 -> APIC 0x000a -> Node 0
[    0.015252] SRAT: PXM 0 -> APIC 0x000b -> Node 0
[    0.015252] SRAT: PXM 0 -> APIC 0x000c -> Node 0
[    0.015253] SRAT: PXM 0 -> APIC 0x000d -> Node 0
[    0.015253] SRAT: PXM 0 -> APIC 0x000e -> Node 0
[    0.015253] SRAT: PXM 0 -> APIC 0x000f -> Node 0
[    0.015254] SRAT: PXM 0 -> APIC 0x0010 -> Node 0
[    0.015254] SRAT: PXM 0 -> APIC 0x0011 -> Node 0
[    0.015255] SRAT: PXM 0 -> APIC 0x0012 -> Node 0
[    0.015255] SRAT: PXM 0 -> APIC 0x0013 -> Node 0
[    0.015256] SRAT: PXM 0 -> APIC 0x0014 -> Node 0
[    0.015256] SRAT: PXM 0 -> APIC 0x0015 -> Node 0
[    0.015256] SRAT: PXM 0 -> APIC 0x0016 -> Node 0
[    0.015257] SRAT: PXM 0 -> APIC 0x0017 -> Node 0
[    0.015257] SRAT: PXM 0 -> APIC 0x0018 -> Node 0
[    0.015258] SRAT: PXM 0 -> APIC 0x0019 -> Node 0
[    0.015258] SRAT: PXM 0 -> APIC 0x001a -> Node 0
[    0.015258] SRAT: PXM 0 -> APIC 0x001b -> Node 0
[    0.015259] SRAT: PXM 0 -> APIC 0x001c -> Node 0
[    0.015259] SRAT: PXM 0 -> APIC 0x001d -> Node 0
[    0.015260] SRAT: PXM 0 -> APIC 0x001e -> Node 0
[    0.015260] SRAT: PXM 0 -> APIC 0x001f -> Node 0
[    0.015260] SRAT: PXM 0 -> APIC 0x0020 -> Node 0
[    0.015261] SRAT: PXM 0 -> APIC 0x0021 -> Node 0
[    0.015261] SRAT: PXM 0 -> APIC 0x0022 -> Node 0
[    0.015262] SRAT: PXM 0 -> APIC 0x0023 -> Node 0
[    0.015262] SRAT: PXM 0 -> APIC 0x0024 -> Node 0
[    0.015262] SRAT: PXM 0 -> APIC 0x0025 -> Node 0
[    0.015263] SRAT: PXM 0 -> APIC 0x0026 -> Node 0
[    0.015263] SRAT: PXM 0 -> APIC 0x0027 -> Node 0
[    0.015264] SRAT: PXM 0 -> APIC 0x0028 -> Node 0
[    0.015264] SRAT: PXM 0 -> APIC 0x0029 -> Node 0
[    0.015265] SRAT: PXM 0 -> APIC 0x002a -> Node 0
[    0.015265] SRAT: PXM 0 -> APIC 0x002b -> Node 0
[    0.015265] SRAT: PXM 0 -> APIC 0x002c -> Node 0
[    0.015266] SRAT: PXM 0 -> APIC 0x002d -> Node 0
[    0.015266] SRAT: PXM 0 -> APIC 0x002e -> Node 0
[    0.015267] SRAT: PXM 0 -> APIC 0x002f -> Node 0
[    0.015267] SRAT: PXM 0 -> APIC 0x0030 -> Node 0
[    0.015267] SRAT: PXM 0 -> APIC 0x0031 -> Node 0
[    0.015268] SRAT: PXM 0 -> APIC 0x0032 -> Node 0
[    0.015268] SRAT: PXM 0 -> APIC 0x0033 -> Node 0
[    0.015269] SRAT: PXM 0 -> APIC 0x0034 -> Node 0
[    0.015269] SRAT: PXM 0 -> APIC 0x0035 -> Node 0
[    0.015269] SRAT: PXM 0 -> APIC 0x0036 -> Node 0
[    0.015270] SRAT: PXM 0 -> APIC 0x0037 -> Node 0
[    0.015270] SRAT: PXM 1 -> APIC 0x0080 -> Node 1
[    0.015271] SRAT: PXM 1 -> APIC 0x0081 -> Node 1
[    0.015271] SRAT: PXM 1 -> APIC 0x0082 -> Node 1
[    0.015272] SRAT: PXM 1 -> APIC 0x0083 -> Node 1
[    0.015272] SRAT: PXM 1 -> APIC 0x0084 -> Node 1
[    0.015272] SRAT: PXM 1 -> APIC 0x0085 -> Node 1
[    0.015273] SRAT: PXM 1 -> APIC 0x0086 -> Node 1
[    0.015273] SRAT: PXM 1 -> APIC 0x0087 -> Node 1
[    0.015274] SRAT: PXM 1 -> APIC 0x0088 -> Node 1
[    0.015274] SRAT: PXM 1 -> APIC 0x0089 -> Node 1
[    0.015275] SRAT: PXM 1 -> APIC 0x008a -> Node 1
[    0.015275] SRAT: PXM 1 -> APIC 0x008b -> Node 1
[    0.015275] SRAT: PXM 1 -> APIC 0x008c -> Node 1
[    0.015276] SRAT: PXM 1 -> APIC 0x008d -> Node 1
[    0.015276] SRAT: PXM 1 -> APIC 0x008e -> Node 1
[    0.015277] SRAT: PXM 1 -> APIC 0x008f -> Node 1
[    0.015277] SRAT: PXM 1 -> APIC 0x0090 -> Node 1
[    0.015277] SRAT: PXM 1 -> APIC 0x0091 -> Node 1
[    0.015278] SRAT: PXM 1 -> APIC 0x0092 -> Node 1
[    0.015278] SRAT: PXM 1 -> APIC 0x0093 -> Node 1
[    0.015279] SRAT: PXM 1 -> APIC 0x0094 -> Node 1
[    0.015279] SRAT: PXM 1 -> APIC 0x0095 -> Node 1
[    0.015279] SRAT: PXM 1 -> APIC 0x0096 -> Node 1
[    0.015280] SRAT: PXM 1 -> APIC 0x0097 -> Node 1
[    0.015280] SRAT: PXM 1 -> APIC 0x0098 -> Node 1
[    0.015281] SRAT: PXM 1 -> APIC 0x0099 -> Node 1
[    0.015281] SRAT: PXM 1 -> APIC 0x009a -> Node 1
[    0.015282] SRAT: PXM 1 -> APIC 0x009b -> Node 1
[    0.015282] SRAT: PXM 1 -> APIC 0x009c -> Node 1
[    0.015282] SRAT: PXM 1 -> APIC 0x009d -> Node 1
[    0.015283] SRAT: PXM 1 -> APIC 0x009e -> Node 1
[    0.015283] SRAT: PXM 1 -> APIC 0x009f -> Node 1
[    0.015284] SRAT: PXM 1 -> APIC 0x00a0 -> Node 1
[    0.015284] SRAT: PXM 1 -> APIC 0x00a1 -> Node 1
[    0.015284] SRAT: PXM 1 -> APIC 0x00a2 -> Node 1
[    0.015285] SRAT: PXM 1 -> APIC 0x00a3 -> Node 1
[    0.015285] SRAT: PXM 1 -> APIC 0x00a4 -> Node 1
[    0.015286] SRAT: PXM 1 -> APIC 0x00a5 -> Node 1
[    0.015286] SRAT: PXM 1 -> APIC 0x00a6 -> Node 1
[    0.015286] SRAT: PXM 1 -> APIC 0x00a7 -> Node 1
[    0.015287] SRAT: PXM 1 -> APIC 0x00a8 -> Node 1
[    0.015287] SRAT: PXM 1 -> APIC 0x00a9 -> Node 1
[    0.015288] SRAT: PXM 1 -> APIC 0x00aa -> Node 1
[    0.015288] SRAT: PXM 1 -> APIC 0x00ab -> Node 1
[    0.015288] SRAT: PXM 1 -> APIC 0x00ac -> Node 1
[    0.015289] SRAT: PXM 1 -> APIC 0x00ad -> Node 1
[    0.015289] SRAT: PXM 1 -> APIC 0x00ae -> Node 1
[    0.015290] SRAT: PXM 1 -> APIC 0x00af -> Node 1
[    0.015290] SRAT: PXM 1 -> APIC 0x00b0 -> Node 1
[    0.015290] SRAT: PXM 1 -> APIC 0x00b1 -> Node 1
[    0.015291] SRAT: PXM 1 -> APIC 0x00b2 -> Node 1
[    0.015291] SRAT: PXM 1 -> APIC 0x00b3 -> Node 1
[    0.015292] SRAT: PXM 1 -> APIC 0x00b4 -> Node 1
[    0.015292] SRAT: PXM 1 -> APIC 0x00b5 -> Node 1
[    0.015293] SRAT: PXM 1 -> APIC 0x00b6 -> Node 1
[    0.015293] SRAT: PXM 1 -> APIC 0x00b7 -> Node 1
[    0.015305] ACPI: SRAT: Node 0 PXM 0 [mem 0x00000000-0x7fffffff]
[    0.015306] ACPI: SRAT: Node 0 PXM 0 [mem 0x100000000-0x107fffffff]
[    0.015307] ACPI: SRAT: Node 2 PXM 2 [mem 0x2080000000-0x9e7fffffff] non-volatile
[    0.015308] ACPI: SRAT: Node 1 PXM 1 [mem 0x1080000000-0x207fffffff]
[    0.015309] ACPI: SRAT: Node 3 PXM 3 [mem 0x9e80000000-0x11c7fffffff] non-volatile
[    0.015318] NUMA: Initialized distance table, cnt=4
[    0.015320] NUMA: Node 0 [mem 0x00000000-0x7fffffff] + [mem 0x100000000-0x107fffffff] -> [mem 0x00000000-0x107fffffff]
[    0.015328] NODE_DATA(0) allocated [mem 0xffffd5000-0xfffffffff]
[    0.015348] NODE_DATA(1) allocated [mem 0x20658f1000-0x206591bfff]
[    0.015501] Zone ranges:
[    0.015502]   DMA      [mem 0x0000000000001000-0x0000000000ffffff]
[    0.015503]   DMA32    [mem 0x0000000001000000-0x00000000ffffffff]
[    0.015504]   Normal   [mem 0x0000000100000000-0x000000207fffffff]
[    0.015505]   Device   empty
[    0.015505] Movable zone start for each node
[    0.015508] Early memory node ranges
[    0.015509]   node   0: [mem 0x0000000000001000-0x000000000008efff]
[    0.015510]   node   0: [mem 0x0000000000090000-0x000000000009ffff]
[    0.015510]   node   0: [mem 0x0000000000100000-0x0000000049e76fff]
[    0.015511]   node   0: [mem 0x000000004ae77000-0x000000004b2cefff]
[    0.015511]   node   0: [mem 0x000000004b54e000-0x000000004bd93fff]
[    0.015512]   node   0: [mem 0x000000004be9a000-0x000000004cdfffff]
[    0.015512]   node   0: [mem 0x000000004d000000-0x000000005eefdfff]
[    0.015513]   node   0: [mem 0x000000006f7ff000-0x000000006f7fffff]
[    0.015513]   node   0: [mem 0x0000000c2e800000-0x0000000fffffffff]
[    0.015515]   node   1: [mem 0x0000001ec0000000-0x000000207fffffff]
[    0.016183] Zeroed struct page in unavailable ranges: 69352 pages
[    0.016185] Initmem setup node 0 [mem 0x0000000000001000-0x0000000fffffffff]
[    0.016186] On node 0 totalpages: 4387096
[    0.016187]   DMA zone: 64 pages used for memmap
[    0.016188]   DMA zone: 1102 pages reserved
[    0.016188]   DMA zone: 3998 pages, LIFO batch:0
[    0.016229]   DMA32 zone: 5926 pages used for memmap
[    0.016229]   DMA32 zone: 379258 pages, LIFO batch:63
[    0.021997]   Normal zone: 62560 pages used for memmap
[    0.021998]   Normal zone: 4003840 pages, LIFO batch:63
[    0.089059] Initmem setup node 1 [mem 0x0000001ec0000000-0x000000207fffffff]
[    0.089060] On node 1 totalpages: 1835008
[    0.089061]   Normal zone: 28672 pages used for memmap
[    0.089062]   Normal zone: 1835008 pages, LIFO batch:63
[    0.109276] ACPI: PM-Timer IO Port: 0x508
[    0.109279] ACPI: Local APIC address 0xfee00000
[    0.109296] ACPI: X2APIC_NMI (uid[0xffffffff] high edge lint[0x1])
[    0.109298] ACPI: LAPIC_NMI (acpi_id[0xff] high edge lint[0x1])
[    0.109316] IOAPIC[0]: apic_id 8, version 32, address 0xfec00000, GSI 0-119
[    0.109318] ACPI: INT_SRC_OVR (bus 0 bus_irq 0 global_irq 2 dfl dfl)
[    0.109320] ACPI: INT_SRC_OVR (bus 0 bus_irq 9 global_irq 9 high level)
[    0.109321] ACPI: IRQ0 used by override.
[    0.109322] ACPI: IRQ9 used by override.
[    0.109324] Using ACPI (MADT) for SMP configuration information
[    0.109325] ACPI: HPET id: 0x8086a701 base: 0xfed00000
[    0.109329] smpboot: Allowing 112 CPUs, 0 hotplug CPUs
[    0.109354] PM: Registered nosave memory: [mem 0x00000000-0x00000fff]
[    0.109355] PM: Registered nosave memory: [mem 0x0008f000-0x0008ffff]
[    0.109357] PM: Registered nosave memory: [mem 0x000a0000-0x000fffff]
[    0.109358] PM: Registered nosave memory: [mem 0x47bdd000-0x47bddfff]
[    0.109360] PM: Registered nosave memory: [mem 0x47c0e000-0x47c0efff]
[    0.109360] PM: Registered nosave memory: [mem 0x47c0f000-0x47c0ffff]
[    0.109362] PM: Registered nosave memory: [mem 0x47c41000-0x47c41fff]
[    0.109362] PM: Registered nosave memory: [mem 0x47c42000-0x47c42fff]
[    0.109363] PM: Registered nosave memory: [mem 0x47c74000-0x47c74fff]
[    0.109364] PM: Registered nosave memory: [mem 0x47c75000-0x47c75fff]
[    0.109365] PM: Registered nosave memory: [mem 0x47c7d000-0x47c7dfff]
[    0.109367] PM: Registered nosave memory: [mem 0x49e77000-0x4ae76fff]
[    0.109368] PM: Registered nosave memory: [mem 0x4b2cf000-0x4b54dfff]
[    0.109370] PM: Registered nosave memory: [mem 0x4bd94000-0x4be99fff]
[    0.109371] PM: Registered nosave memory: [mem 0x4ce00000-0x4cffffff]
[    0.109373] PM: Registered nosave memory: [mem 0x5eefe000-0x6e3fefff]
[    0.109373] PM: Registered nosave memory: [mem 0x6e3ff000-0x6f3fefff]
[    0.109373] PM: Registered nosave memory: [mem 0x6f3ff000-0x6f7fefff]
[    0.109375] PM: Registered nosave memory: [mem 0x6f800000-0x8fffffff]
[    0.109375] PM: Registered nosave memory: [mem 0x90000000-0xfdffffff]
[    0.109376] PM: Registered nosave memory: [mem 0xfe000000-0xfe010fff]
[    0.109376] PM: Registered nosave memory: [mem 0xfe011000-0xffffffff]
[    0.109377] PM: Registered nosave memory: [mem 0x100000000-0xc2e7fffff]
[    0.109378] PM: Registered nosave memory: [mem 0x1000000000-0x1ebfffffff]
[    0.109380] [mem 0x90000000-0xfdffffff] available for PCI devices
[    0.109381] Booting paravirtualized kernel on bare hardware
[    0.109384] clocksource: refined-jiffies: mask: 0xffffffff max_cycles: 0xffffffff, max_idle_ns: 7645519600211568 ns
[    0.109390] setup_percpu: NR_CPUS:8192 nr_cpumask_bits:112 nr_cpu_ids:112 nr_node_ids:4
[    0.113996] percpu: Embedded 55 pages/cpu s188416 r8192 d28672 u262144
[    0.114006] pcpu-alloc: s188416 r8192 d28672 u262144 alloc=1*2097152
[    0.114007] pcpu-alloc: [0] 000 002 004 006 008 010 012 014 
[    0.114009] pcpu-alloc: [0] 016 018 020 022 024 026 028 030 
[    0.114011] pcpu-alloc: [0] 032 034 036 038 040 042 044 046 
[    0.114012] pcpu-alloc: [0] 048 050 052 054 056 058 060 062 
[    0.114013] pcpu-alloc: [0] 064 066 068 070 072 074 076 078 
[    0.114015] pcpu-alloc: [0] 080 082 084 086 088 090 092 094 
[    0.114016] pcpu-alloc: [0] 096 098 100 102 104 106 108 110 
[    0.114017] pcpu-alloc: [1] 001 003 005 007 009 011 013 015 
[    0.114019] pcpu-alloc: [1] 017 019 021 023 025 027 029 031 
[    0.114020] pcpu-alloc: [1] 033 035 037 039 041 043 045 047 
[    0.114022] pcpu-alloc: [1] 049 051 053 055 057 059 061 063 
[    0.114023] pcpu-alloc: [1] 065 067 069 071 073 075 077 079 
[    0.114024] pcpu-alloc: [1] 081 083 085 087 089 091 093 095 
[    0.114026] pcpu-alloc: [1] 097 099 101 103 105 107 109 111 
[    0.114068] Built 2 zonelists, mobility grouping on.  Total pages: 6123780
[    0.114069] Policy zone: Normal
[    0.114070] Kernel command line: BOOT_IMAGE=/boot/vmlinuz-5.3.1-multiclock root=UUID=ce0c24b8-724b-4f33-9b2c-618433560aef ro memmap=45800M!4096M memmap=59G!64G quiet splash nomodeset vt.handoff=1
[    0.114176] You have booted with nomodeset. This means your GPU drivers are DISABLED
[    0.114177] Any video related functionality will be severely degraded, and you may not even be able to suspend the system properly
[    0.114177] Unless you actually understand what nomodeset does, you should reboot without enabling it
[    0.114194] printk: log_buf_len individual max cpu contribution: 4096 bytes
[    0.114195] printk: log_buf_len total cpu_extra contributions: 454656 bytes
[    0.114195] printk: log_buf_len min size: 262144 bytes
[    0.114350] printk: log_buf_len: 1048576 bytes
[    0.114351] printk: early log buf free: 221788(84%)
[    0.115853] mem auto-init: stack:off, heap alloc:on, heap free:off
[    0.121880] Calgary: detecting Calgary via BIOS EBDA area
[    0.121882] Calgary: Unable to locate Rio Grande table in EBDA - bailing!
[    0.174981] Memory: 23808816K/24888416K available (14339K kernel code, 2373K rwdata, 4660K rodata, 2680K init, 5056K bss, 1079600K reserved, 0K cma-reserved)
[    0.175586] SLUB: HWalign=64, Order=0-3, MinObjects=0, CPUs=112, Nodes=4
[    0.175616] ftrace: allocating 43047 entries in 169 pages
[    0.191932] rcu: Hierarchical RCU implementation.
[    0.191933] rcu: 	RCU restricting CPUs from NR_CPUS=8192 to nr_cpu_ids=112.
[    0.191933] 	Tasks RCU enabled.
[    0.191934] rcu: RCU calculated value of scheduler-enlistment delay is 25 jiffies.
[    0.191935] rcu: Adjusting geometry for rcu_fanout_leaf=16, nr_cpu_ids=112
[    0.194533] NR_IRQS: 524544, nr_irqs: 2952, preallocated irqs: 16
[    0.194891] random: crng done (trusting CPU's manufacturer)
[    0.195050] Console: colour dummy device 80x25
[    0.195065] printk: console [tty0] enabled
[    0.195157] mempolicy: Enabling automatic NUMA balancing. Configure with numa_balancing= or the kernel.numa_balancing sysctl
[    0.195159] ACPI: Core revision 20190703
[    0.198575] clocksource: hpet: mask: 0xffffffff max_cycles: 0xffffffff, max_idle_ns: 79635855245 ns
[    0.198617] APIC: Switch to symmetric I/O mode setup
[    0.198619] DMAR: Host address width 46
[    0.198620] DMAR: DRHD base: 0x000000d0ffc000 flags: 0x0
[    0.198625] DMAR: dmar0: reg_base_addr d0ffc000 ver 4:0 cap 8ed008c40780466 ecap 60000f050df
[    0.198626] DMAR: DRHD base: 0x000000dbbfc000 flags: 0x0
[    0.198629] DMAR: dmar1: reg_base_addr dbbfc000 ver 4:0 cap 8ed008c40780466 ecap 60000f050df
[    0.198630] DMAR: DRHD base: 0x000000e67fc000 flags: 0x0
[    0.198633] DMAR: dmar2: reg_base_addr e67fc000 ver 4:0 cap 8ed008c40780466 ecap 60000f050df
[    0.198634] DMAR: DRHD base: 0x000000f13fc000 flags: 0x0
[    0.198637] DMAR: dmar3: reg_base_addr f13fc000 ver 4:0 cap 8ed008c40780466 ecap 60000f050df
[    0.198638] DMAR: DRHD base: 0x000000fb7fc000 flags: 0x0
[    0.198641] DMAR: dmar4: reg_base_addr fb7fc000 ver 4:0 cap 8ed008c40780466 ecap 60000f050df
[    0.198641] DMAR: DRHD base: 0x000000a63fc000 flags: 0x0
[    0.198644] DMAR: dmar5: reg_base_addr a63fc000 ver 4:0 cap 8ed008c40780466 ecap 60000f050df
[    0.198645] DMAR: DRHD base: 0x000000b0ffc000 flags: 0x0
[    0.198648] DMAR: dmar6: reg_base_addr b0ffc000 ver 4:0 cap 8ed008c40780466 ecap 60000f050df
[    0.198648] DMAR: DRHD base: 0x000000bbbfc000 flags: 0x0
[    0.198653] DMAR: dmar7: reg_base_addr bbbfc000 ver 4:0 cap 8ed008c40780466 ecap 60000f050df
[    0.198653] DMAR: DRHD base: 0x000000c5ffc000 flags: 0x0
[    0.198656] DMAR: dmar8: reg_base_addr c5ffc000 ver 4:0 cap 8ed008c40780466 ecap 60000f050df
[    0.198656] DMAR: DRHD base: 0x0000009b7fc000 flags: 0x1
[    0.198659] DMAR: dmar9: reg_base_addr 9b7fc000 ver 4:0 cap 8ed008c40780466 ecap 60000f050df
[    0.198660] DMAR: RMRR base: 0x00000069427000 end: 0x00000069429fff
[    0.198661] DMAR: ATSR flags: 0x0
[    0.198663] DMAR-IR: IOAPIC id 8 under DRHD base  0x9b7fc000 IOMMU 9
[    0.198663] DMAR-IR: HPET id 0 under DRHD base 0x9b7fc000
[    0.198664] DMAR-IR: Queued invalidation will be enabled to support x2apic and Intr-remapping.
[    0.201070] DMAR-IR: Enabled IRQ remapping in x2apic mode
[    0.203682] ..TIMER: vector=0x30 apic1=0 pin1=2 apic2=-1 pin2=-1
[    0.222545] clocksource: tsc-early: mask: 0xffffffffffffffff max_cycles: 0x39a85c9bff6, max_idle_ns: 881590591483 ns
[    0.222549] Calibrating delay loop (skipped), value calculated using timer frequency.. 4000.00 BogoMIPS (lpj=8000000)
[    0.222551] pid_max: default: 114688 minimum: 896
[    0.226528] LSM: Security Framework initializing
[    0.226562] Yama: becoming mindful.
[    0.226930] AppArmor: AppArmor initialized
[    0.231519] Dentry cache hash table entries: 4194304 (order: 13, 33554432 bytes, vmalloc)
[    0.233717] Inode-cache hash table entries: 2097152 (order: 12, 16777216 bytes, vmalloc)
[    0.233830] Mount-cache hash table entries: 65536 (order: 7, 524288 bytes, vmalloc)
[    0.233899] Mountpoint-cache hash table entries: 65536 (order: 7, 524288 bytes, vmalloc)
[    0.234170] *** VALIDATE proc ***
[    0.234392] *** VALIDATE cgroup1 ***
[    0.234393] *** VALIDATE cgroup2 ***
[    0.234509] x86/tme: not enabled by BIOS
[    0.234512] x86/cpu: User Mode Instruction Prevention (UMIP) activated
[    0.234586] mce: CPU0: Thermal monitoring enabled (TM1)
[    0.234796] process: using mwait in idle threads
[    0.234798] Last level iTLB entries: 4KB 0, 2MB 0, 4MB 0
[    0.234799] Last level dTLB entries: 4KB 0, 2MB 0, 4MB 0, 1GB 0
[    0.234802] Spectre V1 : Mitigation: usercopy/swapgs barriers and __user pointer sanitization
[    0.234804] Spectre V2 : Mitigation: Enhanced IBRS
[    0.234804] Spectre V2 : Spectre v2 / SpectreRSB mitigation: Filling RSB on context switch
[    0.234805] Spectre V2 : mitigation: Enabling conditional Indirect Branch Prediction Barrier
[    0.234806] Speculative Store Bypass: Mitigation: Speculative Store Bypass disabled via prctl and seccomp
[    0.235075] Freeing SMP alternatives memory: 40K
[    0.238695] TSC deadline timer enabled
[    0.238703] smpboot: CPU0: Intel(R) Xeon(R) Gold 6330 CPU @ 2.00GHz (family: 0x6, model: 0x6a, stepping: 0x6)
[    0.238887] Performance Events: PEBS fmt4+-baseline, Icelake events, 32-deep LBR, full-width counters, Intel PMU driver.
[    0.238892] ... version:                5
[    0.238892] ... bit width:              48
[    0.238893] ... generic registers:      8
[    0.238893] ... value mask:             0000ffffffffffff
[    0.238894] ... max period:             00007fffffffffff
[    0.238894] ... fixed-purpose events:   4
[    0.238894] ... event mask:             0000000f000000ff
[    0.239008] rcu: Hierarchical SRCU implementation.
[    0.246267] NMI watchdog: Enabled. Permanently consumes one hw-PMU counter.
[    0.247534] smp: Bringing up secondary CPUs ...
[    0.247656] x86: Booting SMP configuration:
[    0.247657] .... node  #1, CPUs:          #1
[    0.003717] smpboot: CPU 1 Converting physical 0 to logical die 1
[    0.334655] .... node  #0, CPUs:     #2
[    0.339993] .... node  #1, CPUs:     #3
[    0.345375] .... node  #0, CPUs:     #4
[    0.350721] .... node  #1, CPUs:     #5
[    0.356067] .... node  #0, CPUs:     #6
[    0.361628] .... node  #1, CPUs:     #7
[    0.367163] .... node  #0, CPUs:     #8
[    0.372421] .... node  #1, CPUs:     #9
[    0.378111] .... node  #0, CPUs:    #10
[    0.383805] .... node  #1, CPUs:    #11
[    0.389488] .... node  #0, CPUs:    #12
[    0.394973] .... node  #1, CPUs:    #13
[    0.400290] .... node  #0, CPUs:    #14
[    0.405499] .... node  #1, CPUs:    #15
[    0.410777] .... node  #0, CPUs:    #16
[    0.416014] .... node  #1, CPUs:    #17
[    0.421298] .... node  #0, CPUs:    #18
[    0.426705] .... node  #1, CPUs:    #19
[    0.432116] .... node  #0, CPUs:    #20
[    0.437318] .... node  #1, CPUs:    #21
[    0.442874] .... node  #0, CPUs:    #22
[    0.448280] .... node  #1, CPUs:    #23
[    0.453508] .... node  #0, CPUs:    #24
[    0.459103] .... node  #1, CPUs:    #25
[    0.464396] .... node  #0, CPUs:    #26
[    0.469578] .... node  #1, CPUs:    #27
[    0.474834] .... node  #0, CPUs:    #28
[    0.480306] .... node  #1, CPUs:    #29
[    0.485556] .... node  #0, CPUs:    #30
[    0.490740] .... node  #1, CPUs:    #31
[    0.496167] .... node  #0, CPUs:    #32
[    0.501425] .... node  #1, CPUs:    #33
[    0.506750] .... node  #0, CPUs:    #34
[    0.512159] .... node  #1, CPUs:    #35
[    0.517431] .... node  #0, CPUs:    #36
[    0.522700] .... node  #1, CPUs:    #37
[    0.527879] .... node  #0, CPUs:    #38
[    0.533405] .... node  #1, CPUs:    #39
[    0.538891] .... node  #0, CPUs:    #40
[    0.544455] .... node  #1, CPUs:    #41
[    0.550157] .... node  #0, CPUs:    #42
[    0.555426] .... node  #1, CPUs:    #43
[    0.561033] .... node  #0, CPUs:    #44
[    0.566595] .... node  #1, CPUs:    #45
[    0.571790] .... node  #0, CPUs:    #46
[    0.577293] .... node  #1, CPUs:    #47
[    0.582692] .... node  #0, CPUs:    #48
[    0.587987] .... node  #1, CPUs:    #49
[    0.593382] .... node  #0, CPUs:    #50
[    0.598828] .... node  #1, CPUs:    #51
[    0.604427] .... node  #0, CPUs:    #52
[    0.609864] .... node  #1, CPUs:    #53
[    0.615406] .... node  #0, CPUs:    #54
[    0.621083] .... node  #1, CPUs:    #55
[    0.626831] .... node  #0, CPUs:    #56
[    0.632788] .... node  #1, CPUs:    #57
[    0.638655] .... node  #0, CPUs:    #58
[    0.644009] .... node  #1, CPUs:    #59
[    0.649406] .... node  #0, CPUs:    #60
[    0.654754] .... node  #1, CPUs:    #61
[    0.660109] .... node  #0, CPUs:    #62
[    0.665671] .... node  #1, CPUs:    #63
[    0.671230] .... node  #0, CPUs:    #64
[    0.676504] .... node  #1, CPUs:    #65
[    0.682204] .... node  #0, CPUs:    #66
[    0.687899] .... node  #1, CPUs:    #67
[    0.693610] .... node  #0, CPUs:    #68
[    0.699105] .... node  #1, CPUs:    #69
[    0.704433] .... node  #0, CPUs:    #70
[    0.709640] .... node  #1, CPUs:    #71
[    0.714934] .... node  #0, CPUs:    #72
[    0.720180] .... node  #1, CPUs:    #73
[    0.725470] .... node  #0, CPUs:    #74
[    0.730704] .... node  #1, CPUs:    #75
[    0.736311] .... node  #0, CPUs:    #76
[    0.741540] .... node  #1, CPUs:    #77
[    0.747118] .... node  #0, CPUs:    #78
[    0.752528] .... node  #1, CPUs:    #79
[    0.757802] .... node  #0, CPUs:    #80
[    0.763410] .... node  #1, CPUs:    #81
[    0.768721] .... node  #0, CPUs:    #82
[    0.773915] .... node  #1, CPUs:    #83
[    0.779196] .... node  #0, CPUs:    #84
[    0.784690] .... node  #1, CPUs:    #85
[    0.789956] .... node  #0, CPUs:    #86
[    0.795158] .... node  #1, CPUs:    #87
[    0.800610] .... node  #0, CPUs:    #88
[    0.805888] .... node  #1, CPUs:    #89
[    0.811240] .... node  #0, CPUs:    #90
[    0.816662] .... node  #1, CPUs:    #91
[    0.821950] .... node  #0, CPUs:    #92
[    0.827138] .... node  #1, CPUs:    #93
[    0.832429] .... node  #0, CPUs:    #94
[    0.837983] .... node  #1, CPUs:    #95
[    0.843467] .... node  #0, CPUs:    #96
[    0.849053] .... node  #1, CPUs:    #97
[    0.854779] .... node  #0, CPUs:    #98
[    0.860070] .... node  #1, CPUs:    #99
[    0.865689] .... node  #0, CPUs:   #100
[    0.871022] .... node  #1, CPUs:   #101
[    0.876465] .... node  #0, CPUs:   #102
[    0.881984] .... node  #1, CPUs:   #103
[    0.887408] .... node  #0, CPUs:   #104
[    0.892734] .... node  #1, CPUs:   #105
[    0.898139] .... node  #0, CPUs:   #106
[    0.903603] .... node  #1, CPUs:   #107
[    0.909212] .... node  #0, CPUs:   #108
[    0.914712] .... node  #1, CPUs:   #109
[    0.920223] .... node  #0, CPUs:   #110
[    0.925906] .... node  #1, CPUs:   #111
[    0.931671] smp: Brought up 2 nodes, 112 CPUs
[    0.931671] smpboot: Max logical packages: 2
[    0.931671] smpboot: Total of 112 processors activated (448063.25 BogoMIPS)
[    0.941412] devtmpfs: initialized
[    0.941412] x86/mm: Memory block size: 2048MB
[    0.941412] PM: Registering ACPI NVS region [mem 0x49e77000-0x4ae76fff] (16777216 bytes)
[    0.941412] PM: Registering ACPI NVS region [mem 0x6e3ff000-0x6f3fefff] (16777216 bytes)
[    0.942569] clocksource: jiffies: mask: 0xffffffff max_cycles: 0xffffffff, max_idle_ns: 7645041785100000 ns
[    0.942861] futex hash table entries: 32768 (order: 9, 2097152 bytes, vmalloc)
[    0.943456] pinctrl core: initialized pinctrl subsystem
[    0.943580] PM: RTC time: 12:08:04, date: 2024-05-15
[    0.943838] NET: Registered protocol family 16
[    0.943947] audit: initializing netlink subsys (disabled)
[    0.943952] audit: type=2000 audit(1715774883.748:1): state=initialized audit_enabled=0 res=1
[    0.943952] EISA bus registered
[    0.943952] cpuidle: using governor ladder
[    0.943952] cpuidle: using governor menu
[    0.943952] ACPI FADT declares the system doesn't support PCIe ASPM, so disable it
[    0.943952] ACPI: bus type PCI registered
[    0.943952] acpiphp: ACPI Hot Plug PCI Controller Driver version: 0.5
[    0.943952] PCI: MMCONFIG for domain 0000 [bus 00-ff] at [mem 0x80000000-0x8fffffff] (base 0x80000000)
[    0.943952] PCI: MMCONFIG at [mem 0x80000000-0x8fffffff] reserved in E820
[    0.943952] pmd_set_huge: Cannot satisfy [mem 0x80000000-0x80200000] with a huge-page mapping due to MTRR override.
[    0.943952] PCI: Using configuration type 1 for base access
[    0.943952] PCI: Dell System detected, enabling pci=bfsort.
[    0.946557] ENERGY_PERF_BIAS: Set to 'normal', was 'performance'
[    0.950826] HugeTLB registered 1.00 GiB page size, pre-allocated 0 pages
[    0.950826] HugeTLB registered 2.00 MiB page size, pre-allocated 0 pages
[    0.954953] ACPI: Added _OSI(Module Device)
[    0.954954] ACPI: Added _OSI(Processor Device)
[    0.954955] ACPI: Added _OSI(3.0 _SCP Extensions)
[    0.954955] ACPI: Added _OSI(Processor Aggregator Device)
[    0.954956] ACPI: Added _OSI(Linux-Dell-Video)
[    0.954957] ACPI: Added _OSI(Linux-Lenovo-NV-HDMI-Audio)
[    0.954958] ACPI: Added _OSI(Linux-HPI-Hybrid-Graphics)
[    1.118105] ACPI: 8 ACPI AML tables successfully acquired and loaded
[    1.125187] ACPI: [Firmware Bug]: BIOS _OSI(Linux) query ignored
[    1.131788] ACPI: Dynamic OEM Table Load:
[    1.522452] ACPI: Interpreter enabled
[    1.522470] ACPI: (supports S0 S5)
[    1.522470] ACPI: Using IOAPIC for interrupt routing
[    1.522560] HEST: Table parsing has been initialized.
[    1.522562] PCI: Using host bridge windows from ACPI; if necessary, use "pci=nocrs" and report a bug
[    1.551271] ACPI: Enabled 4 GPEs in block 00 to 7F
[    1.675319] ACPI: PCI Root Bridge [PC00] (domain 0000 [bus 00-15])
[    1.675323] acpi PNP0A08:00: _OSC: OS supports [ExtendedConfig ASPM ClockPM Segments MSI HPX-Type3]
[    1.675401] acpi PNP0A08:00: PCIe AER handled by firmware
[    1.675513] acpi PNP0A08:00: _OSC: platform does not support [SHPCHotplug LTR]
[    1.675718] acpi PNP0A08:00: _OSC: OS now controls [PCIeHotplug PME PCIeCapability]
[    1.675719] acpi PNP0A08:00: FADT indicates ASPM is unsupported, using BIOS configuration
[    1.677495] PCI host bridge to bus 0000:00
[    1.677496] pci_bus 0000:00: root bus resource [io  0x0000-0x0cf7 window]
[    1.677497] pci_bus 0000:00: root bus resource [io  0x1000-0x4fff window]
[    1.677498] pci_bus 0000:00: root bus resource [mem 0x000a0000-0x000bffff window]
[    1.677499] pci_bus 0000:00: root bus resource [mem 0x000c8000-0x000cffff window]
[    1.677500] pci_bus 0000:00: root bus resource [mem 0xfe010000-0xfe010fff window]
[    1.677501] pci_bus 0000:00: root bus resource [mem 0x90000000-0x9b7fffff window]
[    1.677501] pci_bus 0000:00: root bus resource [mem 0x200000000000-0x20ffffffffff window]
[    1.677502] pci_bus 0000:00: root bus resource [bus 00-15]
[    1.677512] pci 0000:00:00.0: [8086:09a2] type 00 class 0x088000
[    1.678233] pci 0000:00:00.1: [8086:09a4] type 00 class 0x088000
[    1.678941] pci 0000:00:00.2: [8086:09a3] type 00 class 0x088000
[    1.679647] pci 0000:00:00.4: [8086:0998] type 00 class 0x060000
[    1.680352] pci 0000:00:02.0: [8086:09a6] type 00 class 0x088000
[    1.680362] pci 0000:00:02.0: reg 0x10: [mem 0x92dfc000-0x92dfdfff]
[    1.681057] pci 0000:00:02.1: [8086:09a7] type 00 class 0x088000
[    1.681067] pci 0000:00:02.1: reg 0x10: [mem 0x92d00000-0x92d7ffff]
[    1.681071] pci 0000:00:02.1: reg 0x14: [mem 0x92c80000-0x92cfffff]
[    1.681767] pci 0000:00:02.4: [8086:3456] type 00 class 0x130000
[    1.681778] pci 0000:00:02.4: reg 0x10: [mem 0x92a00000-0x92afffff 64bit]
[    1.681784] pci 0000:00:02.4: reg 0x18: [mem 0x92df0000-0x92df3fff 64bit]
[    1.681790] pci 0000:00:02.4: reg 0x20: [mem 0x92dc0000-0x92ddffff 64bit]
[    1.682499] pci 0000:00:11.0: [8086:a1ec] type 00 class 0xff0000
[    1.683271] pci 0000:00:11.5: [8086:a1d2] type 00 class 0x010601
[    1.683288] pci 0000:00:11.5: reg 0x10: [mem 0x92dfa000-0x92dfbfff]
[    1.683295] pci 0000:00:11.5: reg 0x14: [mem 0x92e05000-0x92e050ff]
[    1.683302] pci 0000:00:11.5: reg 0x18: [io  0x2068-0x206f]
[    1.683309] pci 0000:00:11.5: reg 0x1c: [io  0x2074-0x2077]
[    1.683317] pci 0000:00:11.5: reg 0x20: [io  0x2040-0x205f]
[    1.683323] pci 0000:00:11.5: reg 0x24: [mem 0x92b80000-0x92bfffff]
[    1.683362] pci 0000:00:11.5: PME# supported from D3hot
[    1.684077] pci 0000:00:14.0: [8086:a1af] type 00 class 0x0c0330
[    1.684099] pci 0000:00:14.0: reg 0x10: [mem 0x92de0000-0x92deffff 64bit]
[    1.684163] pci 0000:00:14.0: PME# supported from D3hot D3cold
[    1.684877] pci 0000:00:14.2: [8086:a1b1] type 00 class 0x118000
[    1.684897] pci 0000:00:14.2: reg 0x10: [mem 0x92e02000-0x92e02fff 64bit]
[    1.685640] pci 0000:00:16.0: [8086:a1ba] type 00 class 0x078000
[    1.685668] pci 0000:00:16.0: reg 0x10: [mem 0x92e01000-0x92e01fff 64bit]
[    1.685753] pci 0000:00:16.0: PME# supported from D3hot
[    1.686437] pci 0000:00:16.1: [8086:a1bb] type 00 class 0x078000
[    1.686464] pci 0000:00:16.1: reg 0x10: [mem 0x92e00000-0x92e00fff 64bit]
[    1.686548] pci 0000:00:16.1: PME# supported from D3hot
[    1.687237] pci 0000:00:16.4: [8086:a1be] type 00 class 0x078000
[    1.687266] pci 0000:00:16.4: reg 0x10: [mem 0x92dff000-0x92dfffff 64bit]
[    1.687351] pci 0000:00:16.4: PME# supported from D3hot
[    1.688037] pci 0000:00:17.0: [8086:a182] type 00 class 0x010601
[    1.688054] pci 0000:00:17.0: reg 0x10: [mem 0x92df8000-0x92df9fff]
[    1.688061] pci 0000:00:17.0: reg 0x14: [mem 0x92e04000-0x92e040ff]
[    1.688068] pci 0000:00:17.0: reg 0x18: [io  0x2060-0x2067]
[    1.688074] pci 0000:00:17.0: reg 0x1c: [io  0x2070-0x2073]
[    1.688081] pci 0000:00:17.0: reg 0x20: [io  0x2020-0x203f]
[    1.688088] pci 0000:00:17.0: reg 0x24: [mem 0x92b00000-0x92b7ffff]
[    1.688126] pci 0000:00:17.0: PME# supported from D3hot
[    1.688842] pci 0000:00:1c.0: [8086:a190] type 01 class 0x060400
[    1.688920] pci 0000:00:1c.0: PME# supported from D0 D3hot D3cold
[    1.689682] pci 0000:00:1c.4: [8086:a194] type 01 class 0x060400
[    1.689755] pci 0000:00:1c.4: PME# supported from D0 D3hot D3cold
[    1.690508] pci 0000:00:1c.5: [8086:a195] type 01 class 0x060400
[    1.690582] pci 0000:00:1c.5: PME# supported from D0 D3hot D3cold
[    1.691345] pci 0000:00:1f.0: [8086:a1cb] type 00 class 0x060100
[    1.692152] pci 0000:00:1f.2: [8086:a1a1] type 00 class 0x058000
[    1.692168] pci 0000:00:1f.2: reg 0x10: [mem 0x92df4000-0x92df7fff]
[    1.692920] pci 0000:00:1f.4: [8086:a1a3] type 00 class 0x0c0500
[    1.692940] pci 0000:00:1f.4: reg 0x10: [mem 0x92dfe000-0x92dfe0ff 64bit]
[    1.692962] pci 0000:00:1f.4: reg 0x20: [io  0x2000-0x201f]
[    1.693652] pci 0000:00:1f.5: [8086:a1a4] type 00 class 0x0c8000
[    1.693668] pci 0000:00:1f.5: reg 0x10: [mem 0xfe010000-0xfe010fff]
[    1.694422] pci 0000:00:1c.0: PCI bridge to [bus 01]
[    1.694471] pci 0000:02:00.0: [1556:be00] type 01 class 0x060400
[    1.694640] pci 0000:00:1c.4: PCI bridge to [bus 02-03]
[    1.694644] pci 0000:00:1c.4:   bridge window [mem 0x92000000-0x928fffff]
[    1.694647] pci 0000:00:1c.4:   bridge window [mem 0x91000000-0x91ffffff 64bit pref]
[    1.694679] pci_bus 0000:03: extended config space not accessible
[    1.694696] pci 0000:03:00.0: [102b:0536] type 00 class 0x030000
[    1.694715] pci 0000:03:00.0: reg 0x10: [mem 0x91000000-0x91ffffff pref]
[    1.694726] pci 0000:03:00.0: reg 0x14: [mem 0x92808000-0x9280bfff]
[    1.694736] pci 0000:03:00.0: reg 0x18: [mem 0x92000000-0x927fffff]
[    1.694784] pci 0000:03:00.0: BAR 0: assigned to efifb
[    1.694879] pci 0000:02:00.0: PCI bridge to [bus 03]
[    1.694887] pci 0000:02:00.0:   bridge window [mem 0x92000000-0x928fffff]
[    1.694893] pci 0000:02:00.0:   bridge window [mem 0x91000000-0x91ffffff 64bit pref]
[    1.694958] pci 0000:04:00.0: [14e4:165f] type 00 class 0x020000
[    1.694990] pci 0000:04:00.0: reg 0x10: [mem 0x92930000-0x9293ffff 64bit pref]
[    1.695005] pci 0000:04:00.0: reg 0x18: [mem 0x92940000-0x9294ffff 64bit pref]
[    1.695021] pci 0000:04:00.0: reg 0x20: [mem 0x92950000-0x9295ffff 64bit pref]
[    1.695031] pci 0000:04:00.0: reg 0x30: [mem 0xfffc0000-0xffffffff pref]
[    1.695123] pci 0000:04:00.0: PME# supported from D0 D3hot D3cold
[    1.695162] pci 0000:04:00.0: 4.000 Gb/s available PCIe bandwidth, limited by 5 GT/s x1 link at 0000:00:1c.5 (capable of 8.000 Gb/s with 5 GT/s x2 link)
[    1.695295] pci 0000:04:00.1: [14e4:165f] type 00 class 0x020000
[    1.695327] pci 0000:04:00.1: reg 0x10: [mem 0x92900000-0x9290ffff 64bit pref]
[    1.695342] pci 0000:04:00.1: reg 0x18: [mem 0x92910000-0x9291ffff 64bit pref]
[    1.695357] pci 0000:04:00.1: reg 0x20: [mem 0x92920000-0x9292ffff 64bit pref]
[    1.695367] pci 0000:04:00.1: reg 0x30: [mem 0xfffc0000-0xffffffff pref]
[    1.695459] pci 0000:04:00.1: PME# supported from D0 D3hot D3cold
[    1.695606] pci 0000:00:1c.5: PCI bridge to [bus 04]
[    1.695613] pci 0000:00:1c.5:   bridge window [mem 0x92900000-0x929fffff 64bit pref]
[    1.695626] pci_bus 0000:00: on NUMA node 0
[    1.696171] ACPI: PCI Root Bridge [PC01] (domain 0000 [bus 16-2f])
[    1.696173] acpi PNP0A08:01: _OSC: OS supports [ExtendedConfig ASPM ClockPM Segments MSI HPX-Type3]
[    1.696270] acpi PNP0A08:01: PCIe AER handled by firmware
[    1.696376] acpi PNP0A08:01: _OSC: platform does not support [SHPCHotplug]
[    1.696576] acpi PNP0A08:01: _OSC: OS now controls [PCIeHotplug PME PCIeCapability LTR]
[    1.696577] acpi PNP0A08:01: FADT indicates ASPM is unsupported, using BIOS configuration
[    1.696698] PCI host bridge to bus 0000:16
[    1.696700] pci_bus 0000:16: root bus resource [io  0x5000-0x6fff window]
[    1.696700] pci_bus 0000:16: root bus resource [mem 0x9b800000-0xa63fffff window]
[    1.696701] pci_bus 0000:16: root bus resource [mem 0x210000000000-0x21ffffffffff window]
[    1.696702] pci_bus 0000:16: root bus resource [bus 16-2f]
[    1.696709] pci 0000:16:00.0: [8086:09a2] type 00 class 0x088000
[    1.696775] pci 0000:16:00.1: [8086:09a4] type 00 class 0x088000
[    1.696840] pci 0000:16:00.2: [8086:09a3] type 00 class 0x088000
[    1.696903] pci 0000:16:00.4: [8086:0998] type 00 class 0x060000
[    1.696964] pci 0000:16:02.0: [8086:347a] type 01 class 0x060400
[    1.696977] pci 0000:16:02.0: reg 0x10: [mem 0x21fffff00000-0x21fffff1ffff 64bit]
[    1.697014] pci 0000:16:02.0: PME# supported from D0 D3hot D3cold
[    1.697313] pci 0000:17:00.0: [1000:10e2] type 00 class 0x010400
[    1.697333] pci 0000:17:00.0: reg 0x10: [mem 0x9b800000-0x9b8fffff 64bit pref]
[    1.697341] pci 0000:17:00.0: reg 0x18: [mem 0x9b900000-0x9b9fffff 64bit pref]
[    1.697346] pci 0000:17:00.0: reg 0x20: [mem 0x9ba00000-0x9bafffff]
[    1.697351] pci 0000:17:00.0: reg 0x24: [io  0x5000-0x50ff]
[    1.697357] pci 0000:17:00.0: reg 0x30: [mem 0xfff00000-0xffffffff pref]
[    1.698571] pci 0000:17:00.0: supports D1 D2
[    1.698622] pci 0000:16:02.0: PCI bridge to [bus 17]
[    1.698624] pci 0000:16:02.0:   bridge window [io  0x5000-0x5fff]
[    1.698625] pci 0000:16:02.0:   bridge window [mem 0x9ba00000-0x9bafffff]
[    1.698628] pci 0000:16:02.0:   bridge window [mem 0x9b800000-0x9b9fffff 64bit pref]
[    1.698633] pci_bus 0000:16: on NUMA node 0
[    1.698697] ACPI: PCI Root Bridge [PC02] (domain 0000 [bus 30-49])
[    1.698699] acpi PNP0A08:02: _OSC: OS supports [ExtendedConfig ASPM ClockPM Segments MSI HPX-Type3]
[    1.698796] acpi PNP0A08:02: PCIe AER handled by firmware
[    1.698902] acpi PNP0A08:02: _OSC: platform does not support [SHPCHotplug]
[    1.699102] acpi PNP0A08:02: _OSC: OS now controls [PCIeHotplug PME PCIeCapability LTR]
[    1.699103] acpi PNP0A08:02: FADT indicates ASPM is unsupported, using BIOS configuration
[    1.699219] PCI host bridge to bus 0000:30
[    1.699220] pci_bus 0000:30: root bus resource [io  0x7000-0x8fff window]
[    1.699221] pci_bus 0000:30: root bus resource [mem 0xa6400000-0xb0ffffff window]
[    1.699222] pci_bus 0000:30: root bus resource [mem 0x220000000000-0x22ffffffffff window]
[    1.699223] pci_bus 0000:30: root bus resource [bus 30-49]
[    1.699230] pci 0000:30:00.0: [8086:09a2] type 00 class 0x088000
[    1.699297] pci 0000:30:00.1: [8086:09a4] type 00 class 0x088000
[    1.699357] pci 0000:30:00.2: [8086:09a3] type 00 class 0x088000
[    1.699420] pci 0000:30:00.4: [8086:0998] type 00 class 0x060000
[    1.699491] pci_bus 0000:30: on NUMA node 0
[    1.699577] ACPI: PCI Root Bridge [PC04] (domain 0000 [bus 4a-63])
[    1.699579] acpi PNP0A08:04: _OSC: OS supports [ExtendedConfig ASPM ClockPM Segments MSI HPX-Type3]
[    1.699670] acpi PNP0A08:04: PCIe AER handled by firmware
[    1.699774] acpi PNP0A08:04: _OSC: platform does not support [SHPCHotplug]
[    1.699972] acpi PNP0A08:04: _OSC: OS now controls [PCIeHotplug PME PCIeCapability LTR]
[    1.699972] acpi PNP0A08:04: FADT indicates ASPM is unsupported, using BIOS configuration
[    1.700081] PCI host bridge to bus 0000:4a
[    1.700082] pci_bus 0000:4a: root bus resource [io  0x9000-0x9fff window]
[    1.700083] pci_bus 0000:4a: root bus resource [mem 0xb1000000-0xbbbfffff window]
[    1.700084] pci_bus 0000:4a: root bus resource [mem 0x230000000000-0x23ffffffffff window]
[    1.700085] pci_bus 0000:4a: root bus resource [bus 4a-63]
[    1.700091] pci 0000:4a:00.0: [8086:09a2] type 00 class 0x088000
[    1.700154] pci 0000:4a:00.1: [8086:09a4] type 00 class 0x088000
[    1.700214] pci 0000:4a:00.2: [8086:09a3] type 00 class 0x088000
[    1.700281] pci 0000:4a:00.4: [8086:0998] type 00 class 0x060000
[    1.700351] pci_bus 0000:4a: on NUMA node 0
[    1.700410] ACPI: PCI Root Bridge [PC05] (domain 0000 [bus 64-7d])
[    1.700412] acpi PNP0A08:05: _OSC: OS supports [ExtendedConfig ASPM ClockPM Segments MSI HPX-Type3]
[    1.700501] acpi PNP0A08:05: PCIe AER handled by firmware
[    1.700605] acpi PNP0A08:05: _OSC: platform does not support [SHPCHotplug]
[    1.700802] acpi PNP0A08:05: _OSC: OS now controls [PCIeHotplug PME PCIeCapability LTR]
[    1.700803] acpi PNP0A08:05: FADT indicates ASPM is unsupported, using BIOS configuration
[    1.700911] PCI host bridge to bus 0000:64
[    1.700912] pci_bus 0000:64: root bus resource [io  0xa000-0xafff window]
[    1.700913] pci_bus 0000:64: root bus resource [mem 0xbbc00000-0xc5ffffff window]
[    1.700914] pci_bus 0000:64: root bus resource [mem 0x240000000000-0x24ffffffffff window]
[    1.700914] pci_bus 0000:64: root bus resource [bus 64-7d]
[    1.700921] pci 0000:64:00.0: [8086:09a2] type 00 class 0x088000
[    1.700984] pci 0000:64:00.1: [8086:09a4] type 00 class 0x088000
[    1.701045] pci 0000:64:00.2: [8086:09a3] type 00 class 0x088000
[    1.701108] pci 0000:64:00.4: [8086:0998] type 00 class 0x060000
[    1.701179] pci_bus 0000:64: on NUMA node 0
[    1.701234] ACPI: PCI Root Bridge [UC06] (domain 0000 [bus 7e])
[    1.701236] acpi PNP0A03:00: _OSC: OS supports [ExtendedConfig ASPM ClockPM Segments MSI HPX-Type3]
[    1.701311] acpi PNP0A03:00: PCIe AER handled by firmware
[    1.701399] acpi PNP0A03:00: _OSC: platform does not support [SHPCHotplug LTR]
[    1.701566] acpi PNP0A03:00: _OSC: OS now controls [PCIeHotplug PME PCIeCapability]
[    1.701567] acpi PNP0A03:00: FADT indicates ASPM is unsupported, using BIOS configuration
[    1.701697] PCI host bridge to bus 0000:7e
[    1.701698] pci_bus 0000:7e: root bus resource [bus 7e]
[    1.701704] pci 0000:7e:00.0: [8086:3450] type 00 class 0x088000
[    1.701773] pci 0000:7e:00.1: [8086:3451] type 00 class 0x088000
[    1.701836] pci 0000:7e:00.2: [8086:3452] type 00 class 0x088000
[    1.701908] pci 0000:7e:00.3: [8086:0998] type 00 class 0x060000
[    1.701972] pci 0000:7e:00.5: [8086:3455] type 00 class 0x088000
[    1.702041] pci 0000:7e:02.0: [8086:3440] type 00 class 0x088000
[    1.702163] pci 0000:7e:02.1: [8086:3441] type 00 class 0x088000
[    1.702276] pci 0000:7e:02.2: [8086:3442] type 00 class 0x088000
[    1.702391] pci 0000:7e:03.0: [8086:3440] type 00 class 0x088000
[    1.702480] pci 0000:7e:03.1: [8086:3441] type 00 class 0x088000
[    1.702562] pci 0000:7e:03.2: [8086:3442] type 00 class 0x088000
[    1.702656] pci 0000:7e:04.0: [8086:3440] type 00 class 0x088000
[    1.702784] pci 0000:7e:04.1: [8086:3441] type 00 class 0x088000
[    1.702905] pci 0000:7e:04.2: [8086:3442] type 00 class 0x088000
[    1.703028] pci 0000:7e:04.3: [8086:3443] type 00 class 0x088000
[    1.703152] pci 0000:7e:05.0: [8086:3445] type 00 class 0x088000
[    1.703273] pci 0000:7e:05.1: [8086:3446] type 00 class 0x088000
[    1.703399] pci 0000:7e:05.2: [8086:3447] type 00 class 0x088000
[    1.703518] pci 0000:7e:06.0: [8086:3445] type 00 class 0x088000
[    1.703610] pci 0000:7e:06.1: [8086:3446] type 00 class 0x088000
[    1.703696] pci 0000:7e:06.2: [8086:3447] type 00 class 0x088000
[    1.703788] pci 0000:7e:07.0: [8086:3445] type 00 class 0x088000
[    1.703914] pci 0000:7e:07.1: [8086:3446] type 00 class 0x088000
[    1.704040] pci 0000:7e:07.2: [8086:3447] type 00 class 0x088000
[    1.704166] pci 0000:7e:0b.0: [8086:3448] type 00 class 0x088000
[    1.704241] pci 0000:7e:0b.1: [8086:3448] type 00 class 0x088000
[    1.704315] pci 0000:7e:0b.2: [8086:344b] type 00 class 0x088000
[    1.704399] pci 0000:7e:0c.0: [8086:344a] type 00 class 0x110100
[    1.704496] pci 0000:7e:0d.0: [8086:344a] type 00 class 0x110100
[    1.704591] pci 0000:7e:0e.0: [8086:344a] type 00 class 0x110100
[    1.704741] pci 0000:7e:0f.0: [8086:344a] type 00 class 0x110100
[    1.704901] pci 0000:7e:1a.0: [8086:2880] type 00 class 0x110100
[    1.704998] pci 0000:7e:1b.0: [8086:2880] type 00 class 0x110100
[    1.705090] pci 0000:7e:1c.0: [8086:2880] type 00 class 0x110100
[    1.705244] pci 0000:7e:1d.0: [8086:2880] type 00 class 0x110100
[    1.705407] pci_bus 0000:7e: on NUMA node 0
[    1.705481] ACPI: PCI Root Bridge [UC07] (domain 0000 [bus 7f])
[    1.705483] acpi PNP0A03:01: _OSC: OS supports [ExtendedConfig ASPM ClockPM Segments MSI HPX-Type3]
[    1.705561] acpi PNP0A03:01: PCIe AER handled by firmware
[    1.705650] acpi PNP0A03:01: _OSC: platform does not support [SHPCHotplug LTR]
[    1.705821] acpi PNP0A03:01: _OSC: OS now controls [PCIeHotplug PME PCIeCapability]
[    1.705821] acpi PNP0A03:01: FADT indicates ASPM is unsupported, using BIOS configuration
[    1.705964] PCI host bridge to bus 0000:7f
[    1.705965] pci_bus 0000:7f: root bus resource [bus 7f]
[    1.705975] pci 0000:7f:00.0: [8086:344c] type 00 class 0x088000
[    1.706083] pci 0000:7f:00.1: [8086:344c] type 00 class 0x088000
[    1.706201] pci 0000:7f:00.2: [8086:344c] type 00 class 0x088000
[    1.706322] pci 0000:7f:00.3: [8086:344c] type 00 class 0x088000
[    1.706417] pci 0000:7f:00.4: [8086:344c] type 00 class 0x088000
[    1.706546] pci 0000:7f:00.5: [8086:344c] type 00 class 0x088000
[    1.706671] pci 0000:7f:00.6: [8086:344c] type 00 class 0x088000
[    1.706757] pci 0000:7f:00.7: [8086:344c] type 00 class 0x088000
[    1.706854] pci 0000:7f:01.0: [8086:344c] type 00 class 0x088000
[    1.706990] pci 0000:7f:01.1: [8086:344c] type 00 class 0x088000
[    1.707117] pci 0000:7f:01.2: [8086:344c] type 00 class 0x088000
[    1.707204] pci 0000:7f:01.3: [8086:344c] type 00 class 0x088000
[    1.707343] pci 0000:7f:01.4: [8086:344c] type 00 class 0x088000
[    1.707480] pci 0000:7f:01.5: [8086:344c] type 00 class 0x088000
[    1.707623] pci 0000:7f:01.6: [8086:344c] type 00 class 0x088000
[    1.707751] pci 0000:7f:01.7: [8086:344c] type 00 class 0x088000
[    1.707890] pci 0000:7f:02.0: [8086:344c] type 00 class 0x088000
[    1.708028] pci 0000:7f:02.1: [8086:344c] type 00 class 0x088000
[    1.708168] pci 0000:7f:02.2: [8086:344c] type 00 class 0x088000
[    1.708305] pci 0000:7f:02.3: [8086:344c] type 00 class 0x088000
[    1.708451] pci 0000:7f:02.4: [8086:344c] type 00 class 0x088000
[    1.708594] pci 0000:7f:02.5: [8086:344c] type 00 class 0x088000
[    1.708737] pci 0000:7f:02.6: [8086:344c] type 00 class 0x088000
[    1.708890] pci 0000:7f:02.7: [8086:344c] type 00 class 0x088000
[    1.709048] pci 0000:7f:03.0: [8086:344c] type 00 class 0x088000
[    1.709198] pci 0000:7f:03.1: [8086:344c] type 00 class 0x088000
[    1.709357] pci 0000:7f:03.2: [8086:344c] type 00 class 0x088000
[    1.709512] pci 0000:7f:03.3: [8086:344c] type 00 class 0x088000
[    1.709678] pci 0000:7f:0a.0: [8086:344d] type 00 class 0x088000
[    1.709787] pci 0000:7f:0a.1: [8086:344d] type 00 class 0x088000
[    1.709906] pci 0000:7f:0a.2: [8086:344d] type 00 class 0x088000
[    1.710025] pci 0000:7f:0a.3: [8086:344d] type 00 class 0x088000
[    1.710127] pci 0000:7f:0a.4: [8086:344d] type 00 class 0x088000
[    1.710255] pci 0000:7f:0a.5: [8086:344d] type 00 class 0x088000
[    1.710378] pci 0000:7f:0a.6: [8086:344d] type 00 class 0x088000
[    1.710465] pci 0000:7f:0a.7: [8086:344d] type 00 class 0x088000
[    1.710555] pci 0000:7f:0b.0: [8086:344d] type 00 class 0x088000
[    1.710689] pci 0000:7f:0b.1: [8086:344d] type 00 class 0x088000
[    1.710819] pci 0000:7f:0b.2: [8086:344d] type 00 class 0x088000
[    1.710906] pci 0000:7f:0b.3: [8086:344d] type 00 class 0x088000
[    1.711047] pci 0000:7f:0b.4: [8086:344d] type 00 class 0x088000
[    1.711187] pci 0000:7f:0b.5: [8086:344d] type 00 class 0x088000
[    1.711330] pci 0000:7f:0b.6: [8086:344d] type 00 class 0x088000
[    1.711457] pci 0000:7f:0b.7: [8086:344d] type 00 class 0x088000
[    1.711592] pci 0000:7f:0c.0: [8086:344d] type 00 class 0x088000
[    1.711731] pci 0000:7f:0c.1: [8086:344d] type 00 class 0x088000
[    1.711868] pci 0000:7f:0c.2: [8086:344d] type 00 class 0x088000
[    1.712007] pci 0000:7f:0c.3: [8086:344d] type 00 class 0x088000
[    1.712157] pci 0000:7f:0c.4: [8086:344d] type 00 class 0x088000
[    1.712300] pci 0000:7f:0c.5: [8086:344d] type 00 class 0x088000
[    1.712444] pci 0000:7f:0c.6: [8086:344d] type 00 class 0x088000
[    1.712597] pci 0000:7f:0c.7: [8086:344d] type 00 class 0x088000
[    1.712749] pci 0000:7f:0d.0: [8086:344d] type 00 class 0x088000
[    1.712901] pci 0000:7f:0d.1: [8086:344d] type 00 class 0x088000
[    1.713060] pci 0000:7f:0d.2: [8086:344d] type 00 class 0x088000
[    1.713215] pci 0000:7f:0d.3: [8086:344d] type 00 class 0x088000
[    1.713396] pci 0000:7f:1d.0: [8086:344f] type 00 class 0x088000
[    1.713514] pci 0000:7f:1d.1: [8086:3457] type 00 class 0x088000
[    1.713631] pci 0000:7f:1e.0: [8086:3458] type 00 class 0x088000
[    1.713707] pci 0000:7f:1e.1: [8086:3459] type 00 class 0x088000
[    1.713782] pci 0000:7f:1e.2: [8086:345a] type 00 class 0x088000
[    1.713855] pci 0000:7f:1e.3: [8086:345b] type 00 class 0x088000
[    1.713929] pci 0000:7f:1e.4: [8086:345c] type 00 class 0x088000
[    1.714003] pci 0000:7f:1e.5: [8086:345d] type 00 class 0x088000
[    1.714080] pci 0000:7f:1e.6: [8086:345e] type 00 class 0x088000
[    1.714154] pci 0000:7f:1e.7: [8086:345f] type 00 class 0x088000
[    1.714226] pci_bus 0000:7f: on NUMA node 0
[    1.714316] ACPI: PCI Root Bridge [PC06] (domain 0000 [bus 80])
[    1.714319] acpi PNP0A08:06: _OSC: OS supports [ExtendedConfig ASPM ClockPM Segments MSI HPX-Type3]
[    1.714413] acpi PNP0A08:06: PCIe AER handled by firmware
[    1.714518] acpi PNP0A08:06: _OSC: platform does not support [SHPCHotplug]
[    1.714717] acpi PNP0A08:06: _OSC: OS now controls [PCIeHotplug PME PCIeCapability LTR]
[    1.714718] acpi PNP0A08:06: FADT indicates ASPM is unsupported, using BIOS configuration
[    1.714864] PCI host bridge to bus 0000:80
[    1.714865] pci_bus 0000:80: root bus resource [io  0xb000-0xbfff window]
[    1.714866] pci_bus 0000:80: root bus resource [mem 0xc6800000-0xd0ffffff window]
[    1.714866] pci_bus 0000:80: root bus resource [mem 0x250000000000-0x25ffffffffff window]
[    1.714867] pci_bus 0000:80: root bus resource [bus 80]
[    1.714875] pci 0000:80:00.0: [8086:09a2] type 00 class 0x088000
[    1.714955] pci 0000:80:00.1: [8086:09a4] type 00 class 0x088000
[    1.715028] pci 0000:80:00.2: [8086:09a3] type 00 class 0x088000
[    1.715112] pci 0000:80:00.4: [8086:0998] type 00 class 0x060000
[    1.715189] pci 0000:80:02.0: [8086:09a6] type 00 class 0x088000
[    1.715199] pci 0000:80:02.0: reg 0x10: [mem 0xc6aa4000-0xc6aa5fff]
[    1.715263] pci 0000:80:02.1: [8086:09a7] type 00 class 0x088000
[    1.715273] pci 0000:80:02.1: reg 0x10: [mem 0xc6a00000-0xc6a7ffff]
[    1.715278] pci 0000:80:02.1: reg 0x14: [mem 0xc6980000-0xc69fffff]
[    1.715348] pci 0000:80:02.4: [8086:3456] type 00 class 0x130000
[    1.715360] pci 0000:80:02.4: reg 0x10: [mem 0xc6800000-0xc68fffff 64bit]
[    1.715367] pci 0000:80:02.4: reg 0x18: [mem 0xc6aa0000-0xc6aa3fff 64bit]
[    1.715374] pci 0000:80:02.4: reg 0x20: [mem 0xc6a80000-0xc6a9ffff 64bit]
[    1.715433] pci_bus 0000:80: on NUMA node 1
[    1.715500] ACPI: PCI Root Bridge [PC07] (domain 0000 [bus 81])
[    1.715502] acpi PNP0A08:07: _OSC: OS supports [ExtendedConfig ASPM ClockPM Segments MSI HPX-Type3]
[    1.715593] acpi PNP0A08:07: PCIe AER handled by firmware
[    1.715697] acpi PNP0A08:07: _OSC: platform does not support [SHPCHotplug]
[    1.715895] acpi PNP0A08:07: _OSC: OS now controls [PCIeHotplug PME PCIeCapability LTR]
[    1.715895] acpi PNP0A08:07: FADT indicates ASPM is unsupported, using BIOS configuration
[    1.716015] PCI host bridge to bus 0000:81
[    1.716016] pci_bus 0000:81: root bus resource [io  0xc000-0xcfff window]
[    1.716017] pci_bus 0000:81: root bus resource [mem 0xd1000000-0xdbbfffff window]
[    1.716018] pci_bus 0000:81: root bus resource [mem 0x260000000000-0x26ffffffffff window]
[    1.716018] pci_bus 0000:81: root bus resource [bus 81]
[    1.716025] pci 0000:81:00.0: [8086:09a2] type 00 class 0x088000
[    1.716094] pci 0000:81:00.1: [8086:09a4] type 00 class 0x088000
[    1.716160] pci 0000:81:00.2: [8086:09a3] type 00 class 0x088000
[    1.716229] pci 0000:81:00.4: [8086:0998] type 00 class 0x060000
[    1.716309] pci_bus 0000:81: on NUMA node 1
[    1.716367] ACPI: PCI Root Bridge [PC08] (domain 0000 [bus 82])
[    1.716369] acpi PNP0A08:08: _OSC: OS supports [ExtendedConfig ASPM ClockPM Segments MSI HPX-Type3]
[    1.716459] acpi PNP0A08:08: PCIe AER handled by firmware
[    1.716563] acpi PNP0A08:08: _OSC: platform does not support [SHPCHotplug]
[    1.716761] acpi PNP0A08:08: _OSC: OS now controls [PCIeHotplug PME PCIeCapability LTR]
[    1.716762] acpi PNP0A08:08: FADT indicates ASPM is unsupported, using BIOS configuration
[    1.716870] PCI host bridge to bus 0000:82
[    1.716871] pci_bus 0000:82: root bus resource [io  0xd000-0xdfff window]
[    1.716872] pci_bus 0000:82: root bus resource [mem 0xdbc00000-0xe67fffff window]
[    1.716873] pci_bus 0000:82: root bus resource [mem 0x270000000000-0x27ffffffffff window]
[    1.716873] pci_bus 0000:82: root bus resource [bus 82]
[    1.716880] pci 0000:82:00.0: [8086:09a2] type 00 class 0x088000
[    1.716949] pci 0000:82:00.1: [8086:09a4] type 00 class 0x088000
[    1.717017] pci 0000:82:00.2: [8086:09a3] type 00 class 0x088000
[    1.717090] pci 0000:82:00.4: [8086:0998] type 00 class 0x060000
[    1.717170] pci_bus 0000:82: on NUMA node 1
[    1.717254] ACPI: PCI Root Bridge [PC10] (domain 0000 [bus 83-f9])
[    1.717256] acpi PNP0A08:0a: _OSC: OS supports [ExtendedConfig ASPM ClockPM Segments MSI HPX-Type3]
[    1.717346] acpi PNP0A08:0a: PCIe AER handled by firmware
[    1.717449] acpi PNP0A08:0a: _OSC: platform does not support [SHPCHotplug]
[    1.717648] acpi PNP0A08:0a: _OSC: OS now controls [PCIeHotplug PME PCIeCapability LTR]
[    1.717648] acpi PNP0A08:0a: FADT indicates ASPM is unsupported, using BIOS configuration
[    1.717767] PCI host bridge to bus 0000:83
[    1.717768] pci_bus 0000:83: root bus resource [io  0xe000-0xefff window]
[    1.717768] pci_bus 0000:83: root bus resource [mem 0xe6800000-0xf13fffff window]
[    1.717769] pci_bus 0000:83: root bus resource [mem 0x280000000000-0x28ffffffffff window]
[    1.717770] pci_bus 0000:83: root bus resource [bus 83-f9]
[    1.717777] pci 0000:83:00.0: [8086:09a2] type 00 class 0x088000
[    1.717846] pci 0000:83:00.1: [8086:09a4] type 00 class 0x088000
[    1.717913] pci 0000:83:00.2: [8086:09a3] type 00 class 0x088000
[    1.717982] pci 0000:83:00.4: [8086:0998] type 00 class 0x060000
[    1.718061] pci_bus 0000:83: on NUMA node 1
[    1.718119] ACPI: PCI Root Bridge [PC11] (domain 0000 [bus fa])
[    1.718121] acpi PNP0A08:0b: _OSC: OS supports [ExtendedConfig ASPM ClockPM Segments MSI HPX-Type3]
[    1.718216] acpi PNP0A08:0b: PCIe AER handled by firmware
[    1.718323] acpi PNP0A08:0b: _OSC: platform does not support [SHPCHotplug]
[    1.718530] acpi PNP0A08:0b: _OSC: OS now controls [PCIeHotplug PME PCIeCapability LTR]
[    1.718530] acpi PNP0A08:0b: FADT indicates ASPM is unsupported, using BIOS configuration
[    1.718643] PCI host bridge to bus 0000:fa
[    1.718644] pci_bus 0000:fa: root bus resource [io  0xf000-0xffff window]
[    1.718644] pci_bus 0000:fa: root bus resource [mem 0xf1400000-0xfb7fffff window]
[    1.718645] pci_bus 0000:fa: root bus resource [mem 0x290000000000-0x29ffffffffff window]
[    1.718646] pci_bus 0000:fa: root bus resource [bus fa]
[    1.718653] pci 0000:fa:00.0: [8086:09a2] type 00 class 0x088000
[    1.718721] pci 0000:fa:00.1: [8086:09a4] type 00 class 0x088000
[    1.718790] pci 0000:fa:00.2: [8086:09a3] type 00 class 0x088000
[    1.718864] pci 0000:fa:00.4: [8086:0998] type 00 class 0x060000
[    1.718945] pci_bus 0000:fa: on NUMA node 1
[    1.719001] ACPI: PCI Root Bridge [UC16] (domain 0000 [bus fe])
[    1.719003] acpi PNP0A03:02: _OSC: OS supports [ExtendedConfig ASPM ClockPM Segments MSI HPX-Type3]
[    1.719079] acpi PNP0A03:02: PCIe AER handled by firmware
[    1.719168] acpi PNP0A03:02: _OSC: platform does not support [SHPCHotplug LTR]
[    1.719334] acpi PNP0A03:02: _OSC: OS now controls [PCIeHotplug PME PCIeCapability]
[    1.719335] acpi PNP0A03:02: FADT indicates ASPM is unsupported, using BIOS configuration
[    1.719464] PCI host bridge to bus 0000:fe
[    1.719465] pci_bus 0000:fe: root bus resource [bus fe]
[    1.719472] pci 0000:fe:00.0: [8086:3450] type 00 class 0x088000
[    1.719542] pci 0000:fe:00.1: [8086:3451] type 00 class 0x088000
[    1.719608] pci 0000:fe:00.2: [8086:3452] type 00 class 0x088000
[    1.719675] pci 0000:fe:00.3: [8086:0998] type 00 class 0x060000
[    1.719743] pci 0000:fe:00.5: [8086:3455] type 00 class 0x088000
[    1.719815] pci 0000:fe:02.0: [8086:3440] type 00 class 0x088000
[    1.719940] pci 0000:fe:02.1: [8086:3441] type 00 class 0x088000
[    1.720063] pci 0000:fe:02.2: [8086:3442] type 00 class 0x088000
[    1.720180] pci 0000:fe:03.0: [8086:3440] type 00 class 0x088000
[    1.720272] pci 0000:fe:03.1: [8086:3441] type 00 class 0x088000
[    1.720359] pci 0000:fe:03.2: [8086:3442] type 00 class 0x088000
[    1.720450] pci 0000:fe:04.0: [8086:3440] type 00 class 0x088000
[    1.720580] pci 0000:fe:04.1: [8086:3441] type 00 class 0x088000
[    1.720706] pci 0000:fe:04.2: [8086:3442] type 00 class 0x088000
[    1.720831] pci 0000:fe:04.3: [8086:3443] type 00 class 0x088000
[    1.720965] pci 0000:fe:05.0: [8086:3445] type 00 class 0x088000
[    1.721090] pci 0000:fe:05.1: [8086:3446] type 00 class 0x088000
[    1.721210] pci 0000:fe:05.2: [8086:3447] type 00 class 0x088000
[    1.721332] pci 0000:fe:06.0: [8086:3445] type 00 class 0x088000
[    1.721425] pci 0000:fe:06.1: [8086:3446] type 00 class 0x088000
[    1.721515] pci 0000:fe:06.2: [8086:3447] type 00 class 0x088000
[    1.721609] pci 0000:fe:07.0: [8086:3445] type 00 class 0x088000
[    1.721742] pci 0000:fe:07.1: [8086:3446] type 00 class 0x088000
[    1.721875] pci 0000:fe:07.2: [8086:3447] type 00 class 0x088000
[    1.722003] pci 0000:fe:0b.0: [8086:3448] type 00 class 0x088000
[    1.722080] pci 0000:fe:0b.1: [8086:3448] type 00 class 0x088000
[    1.722154] pci 0000:fe:0b.2: [8086:344b] type 00 class 0x088000
[    1.722234] pci 0000:fe:0c.0: [8086:344a] type 00 class 0x110100
[    1.722337] pci 0000:fe:0d.0: [8086:344a] type 00 class 0x110100
[    1.722433] pci 0000:fe:0e.0: [8086:344a] type 00 class 0x110100
[    1.722587] pci 0000:fe:0f.0: [8086:344a] type 00 class 0x110100
[    1.722760] pci 0000:fe:1a.0: [8086:2880] type 00 class 0x110100
[    1.722859] pci 0000:fe:1b.0: [8086:2880] type 00 class 0x110100
[    1.722954] pci 0000:fe:1c.0: [8086:2880] type 00 class 0x110100
[    1.723114] pci 0000:fe:1d.0: [8086:2880] type 00 class 0x110100
[    1.723274] pci_bus 0000:fe: on NUMA node 1
[    1.723345] ACPI: PCI Root Bridge [UC17] (domain 0000 [bus ff])
[    1.723347] acpi PNP0A03:03: _OSC: OS supports [ExtendedConfig ASPM ClockPM Segments MSI HPX-Type3]
[    1.723422] acpi PNP0A03:03: PCIe AER handled by firmware
[    1.723511] acpi PNP0A03:03: _OSC: platform does not support [SHPCHotplug LTR]
[    1.723678] acpi PNP0A03:03: _OSC: OS now controls [PCIeHotplug PME PCIeCapability]
[    1.723679] acpi PNP0A03:03: FADT indicates ASPM is unsupported, using BIOS configuration
[    1.723821] PCI host bridge to bus 0000:ff
[    1.723822] pci_bus 0000:ff: root bus resource [bus ff]
[    1.723832] pci 0000:ff:00.0: [8086:344c] type 00 class 0x088000
[    1.723947] pci 0000:ff:00.1: [8086:344c] type 00 class 0x088000
[    1.724068] pci 0000:ff:00.2: [8086:344c] type 00 class 0x088000
[    1.724174] pci 0000:ff:00.3: [8086:344c] type 00 class 0x088000
[    1.724306] pci 0000:ff:00.4: [8086:344c] type 00 class 0x088000
[    1.724430] pci 0000:ff:00.5: [8086:344c] type 00 class 0x088000
[    1.724533] pci 0000:ff:00.6: [8086:344c] type 00 class 0x088000
[    1.724666] pci 0000:ff:00.7: [8086:344c] type 00 class 0x088000
[    1.724798] pci 0000:ff:01.0: [8086:344c] type 00 class 0x088000
[    1.724939] pci 0000:ff:01.1: [8086:344c] type 00 class 0x088000
[    1.725073] pci 0000:ff:01.2: [8086:344c] type 00 class 0x088000
[    1.725163] pci 0000:ff:01.3: [8086:344c] type 00 class 0x088000
[    1.725311] pci 0000:ff:01.4: [8086:344c] type 00 class 0x088000
[    1.725455] pci 0000:ff:01.5: [8086:344c] type 00 class 0x088000
[    1.725603] pci 0000:ff:01.6: [8086:344c] type 00 class 0x088000
[    1.725736] pci 0000:ff:01.7: [8086:344c] type 00 class 0x088000
[    1.725877] pci 0000:ff:02.0: [8086:344c] type 00 class 0x088000
[    1.726018] pci 0000:ff:02.1: [8086:344c] type 00 class 0x088000
[    1.726157] pci 0000:ff:02.2: [8086:344c] type 00 class 0x088000
[    1.726302] pci 0000:ff:02.3: [8086:344c] type 00 class 0x088000
[    1.726449] pci 0000:ff:02.4: [8086:344c] type 00 class 0x088000
[    1.726594] pci 0000:ff:02.5: [8086:344c] type 00 class 0x088000
[    1.726747] pci 0000:ff:02.6: [8086:344c] type 00 class 0x088000
[    1.726895] pci 0000:ff:02.7: [8086:344c] type 00 class 0x088000
[    1.727053] pci 0000:ff:03.0: [8086:344c] type 00 class 0x088000
[    1.727215] pci 0000:ff:03.1: [8086:344c] type 00 class 0x088000
[    1.727372] pci 0000:ff:03.2: [8086:344c] type 00 class 0x088000
[    1.727534] pci 0000:ff:03.3: [8086:344c] type 00 class 0x088000
[    1.727711] pci 0000:ff:0a.0: [8086:344d] type 00 class 0x088000
[    1.727831] pci 0000:ff:0a.1: [8086:344d] type 00 class 0x088000
[    1.727951] pci 0000:ff:0a.2: [8086:344d] type 00 class 0x088000
[    1.728058] pci 0000:ff:0a.3: [8086:344d] type 00 class 0x088000
[    1.728186] pci 0000:ff:0a.4: [8086:344d] type 00 class 0x088000
[    1.728310] pci 0000:ff:0a.5: [8086:344d] type 00 class 0x088000
[    1.728413] pci 0000:ff:0a.6: [8086:344d] type 00 class 0x088000
[    1.728546] pci 0000:ff:0a.7: [8086:344d] type 00 class 0x088000
[    1.728683] pci 0000:ff:0b.0: [8086:344d] type 00 class 0x088000
[    1.728825] pci 0000:ff:0b.1: [8086:344d] type 00 class 0x088000
[    1.728959] pci 0000:ff:0b.2: [8086:344d] type 00 class 0x088000
[    1.729049] pci 0000:ff:0b.3: [8086:344d] type 00 class 0x088000
[    1.729193] pci 0000:ff:0b.4: [8086:344d] type 00 class 0x088000
[    1.729337] pci 0000:ff:0b.5: [8086:344d] type 00 class 0x088000
[    1.729484] pci 0000:ff:0b.6: [8086:344d] type 00 class 0x088000
[    1.729617] pci 0000:ff:0b.7: [8086:344d] type 00 class 0x088000
[    1.729762] pci 0000:ff:0c.0: [8086:344d] type 00 class 0x088000
[    1.729904] pci 0000:ff:0c.1: [8086:344d] type 00 class 0x088000
[    1.730044] pci 0000:ff:0c.2: [8086:344d] type 00 class 0x088000
[    1.730190] pci 0000:ff:0c.3: [8086:344d] type 00 class 0x088000
[    1.730331] pci 0000:ff:0c.4: [8086:344d] type 00 class 0x088000
[    1.730476] pci 0000:ff:0c.5: [8086:344d] type 00 class 0x088000
[    1.730626] pci 0000:ff:0c.6: [8086:344d] type 00 class 0x088000
[    1.730774] pci 0000:ff:0c.7: [8086:344d] type 00 class 0x088000
[    1.730936] pci 0000:ff:0d.0: [8086:344d] type 00 class 0x088000
[    1.731097] pci 0000:ff:0d.1: [8086:344d] type 00 class 0x088000
[    1.731250] pci 0000:ff:0d.2: [8086:344d] type 00 class 0x088000
[    1.731414] pci 0000:ff:0d.3: [8086:344d] type 00 class 0x088000
[    1.731598] pci 0000:ff:1d.0: [8086:344f] type 00 class 0x088000
[    1.731719] pci 0000:ff:1d.1: [8086:3457] type 00 class 0x088000
[    1.731840] pci 0000:ff:1e.0: [8086:3458] type 00 class 0x088000
[    1.731920] pci 0000:ff:1e.1: [8086:3459] type 00 class 0x088000
[    1.732001] pci 0000:ff:1e.2: [8086:345a] type 00 class 0x088000
[    1.732078] pci 0000:ff:1e.3: [8086:345b] type 00 class 0x088000
[    1.732154] pci 0000:ff:1e.4: [8086:345c] type 00 class 0x088000
[    1.732231] pci 0000:ff:1e.5: [8086:345d] type 00 class 0x088000
[    1.732308] pci 0000:ff:1e.6: [8086:345e] type 00 class 0x088000
[    1.732384] pci 0000:ff:1e.7: [8086:345f] type 00 class 0x088000
[    1.732460] pci_bus 0000:ff: on NUMA node 1
[    1.734548] HMAT: Memory (0x0 length 0x80000000) Flags:0003 Processor Domain:0 Memory Domain:0
[    1.734548] HMAT: Memory (0x100000000 length 0xf80000000) Flags:0003 Processor Domain:0 Memory Domain:0
[    1.734548] HMAT: Memory (0x2080000000 length 0x7e00000000) Flags:0003 Processor Domain:0 Memory Domain:2
[    1.734548] HMAT: Memory (0x1080000000 length 0x1000000000) Flags:0003 Processor Domain:1 Memory Domain:1
[    1.734548] HMAT: Memory (0x9e80000000 length 0x7e00000000) Flags:0003 Processor Domain:1 Memory Domain:3
[    1.734548] HMAT: Locality: Flags:00 Type:Read Latency Initiator Domains:2 Target Domains:4 Base:100
[    1.734548]   Initiator-Target[0-0]:7600 nsec
[    1.734548]   Initiator-Target[0-1]:13560 nsec
[    1.734548]   Initiator-Target[0-2]:25350 nsec
[    1.734548]   Initiator-Target[0-3]:31600 nsec
[    1.734548]   Initiator-Target[1-0]:13560 nsec
[    1.734548]   Initiator-Target[1-1]:7600 nsec
[    1.734548]   Initiator-Target[1-2]:31600 nsec
[    1.734548]   Initiator-Target[1-3]:25350 nsec
[    1.734548] HMAT: Locality: Flags:00 Type:Write Latency Initiator Domains:2 Target Domains:4 Base:100
[    1.734548]   Initiator-Target[0-0]:7600 nsec
[    1.734548]   Initiator-Target[0-1]:13560 nsec
[    1.734548]   Initiator-Target[0-2]:25350 nsec
[    1.734548]   Initiator-Target[0-3]:31600 nsec
[    1.734548]   Initiator-Target[1-0]:13560 nsec
[    1.734548]   Initiator-Target[1-1]:7600 nsec
[    1.734548]   Initiator-Target[1-2]:31600 nsec
[    1.734548]   Initiator-Target[1-3]:25350 nsec
[    1.734548] HMAT: Locality: Flags:00 Type:Read Bandwidth Initiator Domains:2 Target Domains:4 Base:1
[    1.734548]   Initiator-Target[0-0]:1790 MB/s
[    1.734548]   Initiator-Target[0-1]:1790 MB/s
[    1.734548]   Initiator-Target[0-2]:463 MB/s
[    1.734548]   Initiator-Target[0-3]:463 MB/s
[    1.734548]   Initiator-Target[1-0]:1790 MB/s
[    1.734548]   Initiator-Target[1-1]:1790 MB/s
[    1.734548]   Initiator-Target[1-2]:463 MB/s
[    1.734548]   Initiator-Target[1-3]:463 MB/s
[    1.734548] HMAT: Locality: Flags:00 Type:Write Bandwidth Initiator Domains:2 Target Domains:4 Base:1
[    1.734548]   Initiator-Target[0-0]:1910 MB/s
[    1.734548]   Initiator-Target[0-1]:1910 MB/s
[    1.734548]   Initiator-Target[0-2]:138 MB/s
[    1.734548]   Initiator-Target[0-3]:138 MB/s
[    1.734548]   Initiator-Target[1-0]:1910 MB/s
[    1.734548]   Initiator-Target[1-1]:1910 MB/s
[    1.734548]   Initiator-Target[1-2]:138 MB/s
[    1.734548]   Initiator-Target[1-3]:138 MB/s
[    1.734548] WARNING: CPU: 62 PID: 1 at drivers/base/node.c:191 node_set_perf_attrs+0x90/0xb0
[    1.734548] Modules linked in:
[    1.734548] CPU: 62 PID: 1 Comm: swapper/0 Not tainted 5.3.1-multiclock #1
[    1.734548] Hardware name: Dell Inc. PowerEdge R750/0K8F35, BIOS 1.10.2 03/03/2023
[    1.734548] RIP: 0010:node_set_perf_attrs+0x90/0xb0
[    1.734548] Code: f4 02 00 00 4c 89 ea 4c 89 e7 e8 bb bf c7 ff 85 c0 75 24 48 83 c3 08 48 8b 33 48 85 f6 75 e5 5b 41 5a 41 5c 41 5d 41 5e 5d c3 <0f> 0b 5b 41 5a 41 5c 41 5d 41 5e 5d c3 44 89 f6 48 c7 c7 70 5b 3a
[    1.734548] RSP: 0000:ffff9ec74007bd80 EFLAGS: 00010246
[    1.734548] RAX: 0000000000000002 RBX: 0000000000000003 RCX: 0000000000000000
[    1.734548] RDX: 0000000000000000 RSI: ffff8ca0181d9c98 RDI: 0000000000000002
[    1.734548] RBP: ffff9ec74007bda8 R08: ffff8c8fa6d952b0 R09: 0000000000000000
[    1.734548] R10: ffff8c8fad625530 R11: ffff8c8fad8748b0 R12: ffff8ca0181d9c80
[    1.734548] R13: ffffffffa3adb310 R14: 0000000000000005 R15: ffffffffa3895806
[    1.734548] FS:  0000000000000000(0000) GS:ffff8c8fae5c0000(0000) knlGS:0000000000000000
[    1.734548] CS:  0010 DS: 0000 ES: 0000 CR0: 0000000080050033
[    1.734548] CR2: 0000000000000000 CR3: 0000000da700a001 CR4: 0000000000760ee0
[    1.734548] DR0: 0000000000000000 DR1: 0000000000000000 DR2: 0000000000000000
[    1.734548] DR3: 0000000000000000 DR6: 00000000fffe0ff0 DR7: 0000000000000400
[    1.734548] PKRU: 55555554
[    1.734548] Call Trace:
[    1.734548]  hmat_init+0x32a/0x43c
[    1.734548]  ? hmat_parse_subtable+0x503/0x503
[    1.734548]  ? set_debug_rodata+0x17/0x17
[    1.734548]  do_one_initcall+0x4a/0x1fa
[    1.734548]  kernel_init_freeable+0x1c6/0x26d
[    1.734548]  ? rest_init+0xb0/0xb0
[    1.734548]  kernel_init+0xe/0x110
[    1.734548]  ret_from_fork+0x1f/0x40
[    1.734548] ---[ end trace 7ea09c1dc6deb384 ]---
[    1.734568] pci 0000:03:00.0: vgaarb: setting as boot VGA device
[    1.734568] pci 0000:03:00.0: vgaarb: VGA device added: decodes=io+mem,owns=io+mem,locks=none
[    1.734617] pci 0000:03:00.0: vgaarb: bridge control possible
[    1.734618] vgaarb: loaded
[    1.734796] SCSI subsystem initialized
[    1.734946] libata version 3.00 loaded.
[    1.734946] ACPI: bus type USB registered
[    1.734946] usbcore: registered new interface driver usbfs
[    1.734946] usbcore: registered new interface driver hub
[    1.734946] usbcore: registered new device driver usb
[    1.734946] pps_core: LinuxPPS API ver. 1 registered
[    1.734946] pps_core: Software ver. 5.3.6 - Copyright 2005-2007 Rodolfo Giometti <giometti@linux.it>
[    1.734946] PTP clock support registered
[    1.738720] EDAC MC: Ver: 3.0.0
[    1.739296] Registered efivars operations
[    1.739296] PCI: Using ACPI for IRQ routing
[    1.739857] PCI: pci_cache_line_size set to 64 bytes
[    1.740412] e820: reserve RAM buffer [mem 0x0008f000-0x0008ffff]
[    1.740413] e820: reserve RAM buffer [mem 0x47bdd020-0x47ffffff]
[    1.740414] e820: reserve RAM buffer [mem 0x47c0f020-0x47ffffff]
[    1.740415] e820: reserve RAM buffer [mem 0x47c42020-0x47ffffff]
[    1.740415] e820: reserve RAM buffer [mem 0x47c75020-0x47ffffff]
[    1.740416] e820: reserve RAM buffer [mem 0x49e77000-0x4bffffff]
[    1.740417] e820: reserve RAM buffer [mem 0x4b2cf000-0x4bffffff]
[    1.740418] e820: reserve RAM buffer [mem 0x4bd94000-0x4bffffff]
[    1.740419] e820: reserve RAM buffer [mem 0x4ce00000-0x4fffffff]
[    1.740419] e820: reserve RAM buffer [mem 0x5eefe000-0x5fffffff]
[    1.740420] e820: reserve RAM buffer [mem 0x6f800000-0x6fffffff]
[    1.740702] NetLabel: Initializing
[    1.740702] NetLabel:  domain hash size = 128
[    1.740703] NetLabel:  protocols = UNLABELED CIPSOv4 CALIPSO
[    1.740719] NetLabel:  unlabeled traffic allowed by default
[    1.743875] hpet0: at MMIO 0xfed00000, IRQs 2, 8, 0, 0, 0, 0, 0, 0
[    1.743878] hpet0: 8 comparators, 64-bit 24.000000 MHz counter
[    1.748780] clocksource: Switched to clocksource tsc-early
[    1.757419] VFS: Disk quotas dquot_6.6.0
[    1.757460] VFS: Dquot-cache hash table entries: 512 (order 0, 4096 bytes)
[    1.757737] *** VALIDATE hugetlbfs ***
[    1.757882] AppArmor: AppArmor Filesystem Enabled
[    1.757899] pnp: PnP ACPI init
[    1.773259] pnp 00:00: Plug and Play ACPI device, IDs PNP0b00 (active)
[    1.773414] system 00:01: [io  0x0500-0x05fe] has been reserved
[    1.773415] system 00:01: [io  0x0400-0x041f] has been reserved
[    1.773416] system 00:01: [io  0x0600-0x061f] has been reserved
[    1.773418] system 00:01: [io  0x0ca0-0x0ca1] has been reserved
[    1.773419] system 00:01: [io  0x0ca4-0x0ca6] has been reserved
[    1.773421] system 00:01: [mem 0xff000000-0xffffffff] has been reserved
[    1.773424] system 00:01: Plug and Play ACPI device, IDs PNP0c02 (active)
[    1.773670] pnp 00:02: Plug and Play ACPI device, IDs PNP0501 (active)
[    1.773877] pnp 00:03: Plug and Play ACPI device, IDs PNP0501 (active)
[    1.774031] system 00:04: [mem 0xfd000000-0xfdabffff] has been reserved
[    1.774032] system 00:04: [mem 0xfdad0000-0xfdadffff] has been reserved
[    1.774033] system 00:04: [mem 0xfdb00000-0xfdffffff] has been reserved
[    1.774034] system 00:04: [mem 0xfe000000-0xfe00ffff] has been reserved
[    1.774035] system 00:04: [mem 0xfe011000-0xfe01ffff] has been reserved
[    1.774036] system 00:04: [mem 0xfe036000-0xfe03bfff] has been reserved
[    1.774038] system 00:04: [mem 0xfe03d000-0xfe3fffff] has been reserved
[    1.774038] system 00:04: [mem 0xfe410000-0xfe7fffff] has been reserved
[    1.774041] system 00:04: Plug and Play ACPI device, IDs PNP0c02 (active)
[    1.774364] system 00:05: [io  0x1000-0x10fe] has been reserved
[    1.774366] system 00:05: Plug and Play ACPI device, IDs PNP0c02 (active)
[    1.775348] pnp: PnP ACPI: found 6 devices
[    1.776420] thermal_sys: Registered thermal governor 'fair_share'
[    1.776420] thermal_sys: Registered thermal governor 'bang_bang'
[    1.776421] thermal_sys: Registered thermal governor 'step_wise'
[    1.776422] thermal_sys: Registered thermal governor 'user_space'
[    1.776422] thermal_sys: Registered thermal governor 'power_allocator'
[    1.780913] clocksource: acpi_pm: mask: 0xffffff max_cycles: 0xffffff, max_idle_ns: 2085701024 ns
[    1.780935] pci 0000:04:00.0: can't claim BAR 6 [mem 0xfffc0000-0xffffffff pref]: no compatible bridge window
[    1.780937] pci 0000:04:00.1: can't claim BAR 6 [mem 0xfffc0000-0xffffffff pref]: no compatible bridge window
[    1.780938] pci 0000:17:00.0: can't claim BAR 6 [mem 0xfff00000-0xffffffff pref]: no compatible bridge window
[    1.780954] pci 0000:00:1c.5: BAR 14: assigned [mem 0x90000000-0x900fffff]
[    1.780956] pci 0000:00:1c.0: PCI bridge to [bus 01]
[    1.780965] pci 0000:02:00.0: PCI bridge to [bus 03]
[    1.780970] pci 0000:02:00.0:   bridge window [mem 0x92000000-0x928fffff]
[    1.780973] pci 0000:02:00.0:   bridge window [mem 0x91000000-0x91ffffff 64bit pref]
[    1.780979] pci 0000:00:1c.4: PCI bridge to [bus 02-03]
[    1.780982] pci 0000:00:1c.4:   bridge window [mem 0x92000000-0x928fffff]
[    1.780984] pci 0000:00:1c.4:   bridge window [mem 0x91000000-0x91ffffff 64bit pref]
[    1.780989] pci 0000:04:00.0: BAR 6: assigned [mem 0x90000000-0x9003ffff pref]
[    1.780990] pci 0000:04:00.1: BAR 6: assigned [mem 0x90040000-0x9007ffff pref]
[    1.780991] pci 0000:00:1c.5: PCI bridge to [bus 04]
[    1.780994] pci 0000:00:1c.5:   bridge window [mem 0x90000000-0x900fffff]
[    1.780996] pci 0000:00:1c.5:   bridge window [mem 0x92900000-0x929fffff 64bit pref]
[    1.781000] pci_bus 0000:00: resource 4 [io  0x0000-0x0cf7 window]
[    1.781001] pci_bus 0000:00: resource 5 [io  0x1000-0x4fff window]
[    1.781002] pci_bus 0000:00: resource 6 [mem 0x000a0000-0x000bffff window]
[    1.781002] pci_bus 0000:00: resource 7 [mem 0x000c8000-0x000cffff window]
