2024年 06月 30日 星期日 12:10:57 CST
pgmigrate_success 13274
pgmigrate_fail 8
pgmigrate_dst_node_full_fail 0
pgmigrate_numa_isolate_fail 0
pgmigrate_nomem_fail 2
pgmigrate_refcount_fail 0
thp_fault_alloc 0
thp_fault_fallback 0
thp_collapse_alloc 0
thp_collapse_alloc_failed 0
thp_file_alloc 0
thp_file_mapped 0
thp_split_page 0
thp_split_page_failed 0
thp_deferred_split_page 0
thp_split_pmd 0
thp_split_pud 0
thp_zero_page_alloc 0
thp_zero_page_alloc_failed 0
thp_swpout 0
thp_swpout_fallback 0
MemTotal:       1123314996 kB
MemFree:        1092584408 kB
MemAvailable:   1090278120 kB
Buffers:            5504 kB
Cached:           415004 kB
SwapCached:            0 kB
Active:           413116 kB
Inactive:         589352 kB
Active(anon):     266532 kB
Inactive(anon):   321040 kB
Active(file):     146584 kB
Inactive(file):   268312 kB
Unevictable:           0 kB
Mlocked:               0 kB
SwapTotal:       2097148 kB
SwapFree:        2097148 kB
Dirty:              1676 kB
Writeback:             0 kB
AnonPages:        581596 kB
Mapped:           411364 kB
Shmem:              6200 kB
KReclaimable:     251124 kB
Slab:             623428 kB
SReclaimable:     251124 kB
SUnreclaim:       372304 kB
KernelStack:       35268 kB
PageTables:        27468 kB
NFS_Unstable:          0 kB
Bounce:                0 kB
WritebackTmp:          0 kB
CommitLimit:    563754644 kB
Committed_AS:    6619884 kB
VmallocTotal:   34359738367 kB
VmallocUsed:      162708 kB
VmallocChunk:          0 kB
Percpu:           123200 kB
HardwareCorrupted:     0 kB
AnonHugePages:         0 kB
ShmemHugePages:        0 kB
ShmemPmdMapped:        0 kB
CmaTotal:              0 kB
CmaFree:               0 kB
HugePages_Total:       0
HugePages_Free:        0
HugePages_Rsvd:        0
HugePages_Surp:        0
Hugepagesize:       2048 kB
Hugetlb:               0 kB
DirectMap4k:     1156580 kB
DirectMap2M:     8765440 kB
DirectMap1G:    1179648000 kB
2024年 06月 30日 星期日 12:23:29 CST
pgmigrate_success 3766661
pgmigrate_fail 23115784
pgmigrate_dst_node_full_fail 23100928
pgmigrate_numa_isolate_fail 0
pgmigrate_nomem_fail 2
pgmigrate_refcount_fail 6656
thp_fault_alloc 32668
thp_fault_fallback 0
thp_collapse_alloc 0
thp_collapse_alloc_failed 14
thp_file_alloc 0
thp_file_mapped 0
thp_split_page 0
thp_split_page_failed 0
thp_deferred_split_page 47424
thp_split_pmd 12
thp_split_pud 0
thp_zero_page_alloc 0
thp_zero_page_alloc_failed 0
thp_swpout 0
thp_swpout_fallback 0
MemTotal:       1123314996 kB
MemFree:        1092307032 kB
MemAvailable:   1090056968 kB
Buffers:           72836 kB
Cached:           441540 kB
SwapCached:            0 kB
Active:           509100 kB
Inactive:         598092 kB
Active(anon):     278904 kB
Inactive(anon):   320268 kB
Active(file):     230196 kB
Inactive(file):   277824 kB
Unevictable:           0 kB
Mlocked:               0 kB
SwapTotal:       2097148 kB
SwapFree:        2097148 kB
Dirty:                 8 kB
Writeback:             0 kB
AnonPages:        593580 kB
Mapped:           414684 kB
Shmem:              6204 kB
KReclaimable:     270444 kB
Slab:             654072 kB
SReclaimable:     270444 kB
SUnreclaim:       383628 kB
KernelStack:       33760 kB
PageTables:        27664 kB
NFS_Unstable:          0 kB
Bounce:                0 kB
WritebackTmp:          0 kB
CommitLimit:    563754644 kB
Committed_AS:    6567576 kB
VmallocTotal:   34359738367 kB
VmallocUsed:      160996 kB
VmallocChunk:          0 kB
Percpu:           123200 kB
HardwareCorrupted:     0 kB
AnonHugePages:         0 kB
ShmemHugePages:        0 kB
ShmemPmdMapped:        0 kB
CmaTotal:              0 kB
CmaFree:               0 kB
HugePages_Total:       0
HugePages_Free:        0
HugePages_Rsvd:        0
HugePages_Surp:        0
Hugepagesize:       2048 kB
Hugetlb:               0 kB
DirectMap4k:     1170916 kB
DirectMap2M:     8751104 kB
DirectMap1G:    1179648000 kB
