[    0.000000] Linux version 5.3.1-multiclock (xmu@xmu-PowerEdge-R750) (gcc version 7.5.0 (Ubuntu 7.5.0-3ubuntu1~18.04)) #1 SMP Wed Aug 9 20:46:02 CST 2023
[    0.000000] Command line: BOOT_IMAGE=/boot/vmlinuz-5.3.1-multiclock root=UUID=ce0c24b8-724b-4f33-9b2c-618433560aef ro memmap=46936M!4096M memmap=59G!64G quiet splash nomodeset vt.handoff=1
[    0.000000] KERNEL supported cpus:
[    0.000000]   Intel GenuineIntel
[    0.000000]   AMD AuthenticAMD
[    0.000000]   Hygon HygonGenuine
[    0.000000]   Centaur CentaurHauls
[    0.000000]   zhaoxin   Shanghai  
[    0.000000] x86/fpu: Supporting XSAVE feature 0x001: 'x87 floating point registers'
[    0.000000] x86/fpu: Supporting XSAVE feature 0x002: 'SSE registers'
[    0.000000] x86/fpu: Supporting XSAVE feature 0x004: 'AVX registers'
[    0.000000] x86/fpu: Supporting XSAVE feature 0x020: 'AVX-512 opmask'
[    0.000000] x86/fpu: Supporting XSAVE feature 0x040: 'AVX-512 Hi256'
[    0.000000] x86/fpu: Supporting XSAVE feature 0x080: 'AVX-512 ZMM_Hi256'
[    0.000000] x86/fpu: Supporting XSAVE feature 0x200: 'Protection Keys User registers'
[    0.000000] x86/fpu: xstate_offset[2]:  576, xstate_sizes[2]:  256
[    0.000000] x86/fpu: xstate_offset[5]:  832, xstate_sizes[5]:   64
[    0.000000] x86/fpu: xstate_offset[6]:  896, xstate_sizes[6]:  512
[    0.000000] x86/fpu: xstate_offset[7]: 1408, xstate_sizes[7]: 1024
[    0.000000] x86/fpu: xstate_offset[9]: 2432, xstate_sizes[9]:    8
[    0.000000] x86/fpu: Enabled xstate features 0x2e7, context size is 2440 bytes, using 'compacted' format.
[    0.000000] BIOS-provided physical RAM map:
[    0.000000] BIOS-e820: [mem 0x0000000000000000-0x000000000008efff] usable
[    0.000000] BIOS-e820: [mem 0x000000000008f000-0x000000000008ffff] reserved
[    0.000000] BIOS-e820: [mem 0x0000000000090000-0x000000000009ffff] usable
[    0.000000] BIOS-e820: [mem 0x00000000000a0000-0x00000000000fffff] reserved
[    0.000000] BIOS-e820: [mem 0x0000000000100000-0x0000000049e76fff] usable
[    0.000000] BIOS-e820: [mem 0x0000000049e77000-0x000000004ae76fff] ACPI NVS
[    0.000000] BIOS-e820: [mem 0x000000004ae77000-0x000000004b2cefff] usable
[    0.000000] BIOS-e820: [mem 0x000000004b2cf000-0x000000004b54dfff] ACPI data
[    0.000000] BIOS-e820: [mem 0x000000004b54e000-0x000000004bd93fff] usable
[    0.000000] BIOS-e820: [mem 0x000000004bd94000-0x000000004be99fff] reserved
[    0.000000] BIOS-e820: [mem 0x000000004be9a000-0x000000004cdfffff] usable
[    0.000000] BIOS-e820: [mem 0x000000004ce00000-0x000000004cffffff] reserved
[    0.000000] BIOS-e820: [mem 0x000000004d000000-0x000000005eefdfff] usable
[    0.000000] BIOS-e820: [mem 0x000000005eefe000-0x000000006e3fefff] reserved
[    0.000000] BIOS-e820: [mem 0x000000006e3ff000-0x000000006f3fefff] ACPI NVS
[    0.000000] BIOS-e820: [mem 0x000000006f3ff000-0x000000006f7fefff] ACPI data
[    0.000000] BIOS-e820: [mem 0x000000006f7ff000-0x000000006f7fffff] usable
[    0.000000] BIOS-e820: [mem 0x000000006f800000-0x000000008fffffff] reserved
[    0.000000] BIOS-e820: [mem 0x00000000fe000000-0x00000000fe010fff] reserved
[    0.000000] BIOS-e820: [mem 0x0000000100000000-0x000000207fffffff] usable
[    0.000000] BIOS-e820: [mem 0x0000002080000000-0x0000011c7fffffff] persistent (type 7)
[    0.000000] BIOS-e820: [mem 0x00001ffc00000000-0x00001fffffffffff] reserved
[    0.000000] NX (Execute Disable) protection: active
[    0.000000] e820: update [mem 0x47c65020-0x47c6d05f] usable ==> usable
[    0.000000] e820: update [mem 0x47c65020-0x47c6d05f] usable ==> usable
[    0.000000] e820: update [mem 0x47c32020-0x47c64c5f] usable ==> usable
[    0.000000] e820: update [mem 0x47c32020-0x47c64c5f] usable ==> usable
[    0.000000] e820: update [mem 0x47bff020-0x47c31c5f] usable ==> usable
[    0.000000] e820: update [mem 0x47bff020-0x47c31c5f] usable ==> usable
[    0.000000] e820: update [mem 0x47bcd020-0x47bfea5f] usable ==> usable
[    0.000000] e820: update [mem 0x47bcd020-0x47bfea5f] usable ==> usable
[    0.000000] extended physical RAM map:
[    0.000000] reserve setup_data: [mem 0x0000000000000000-0x000000000008efff] usable
[    0.000000] reserve setup_data: [mem 0x000000000008f000-0x000000000008ffff] reserved
[    0.000000] reserve setup_data: [mem 0x0000000000090000-0x000000000009ffff] usable
[    0.000000] reserve setup_data: [mem 0x00000000000a0000-0x00000000000fffff] reserved
[    0.000000] reserve setup_data: [mem 0x0000000000100000-0x0000000047bcd01f] usable
[    0.000000] reserve setup_data: [mem 0x0000000047bcd020-0x0000000047bfea5f] usable
[    0.000000] reserve setup_data: [mem 0x0000000047bfea60-0x0000000047bff01f] usable
[    0.000000] reserve setup_data: [mem 0x0000000047bff020-0x0000000047c31c5f] usable
[    0.000000] reserve setup_data: [mem 0x0000000047c31c60-0x0000000047c3201f] usable
[    0.000000] reserve setup_data: [mem 0x0000000047c32020-0x0000000047c64c5f] usable
[    0.000000] reserve setup_data: [mem 0x0000000047c64c60-0x0000000047c6501f] usable
[    0.000000] reserve setup_data: [mem 0x0000000047c65020-0x0000000047c6d05f] usable
[    0.000000] reserve setup_data: [mem 0x0000000047c6d060-0x0000000049e76fff] usable
[    0.000000] reserve setup_data: [mem 0x0000000049e77000-0x000000004ae76fff] ACPI NVS
[    0.000000] reserve setup_data: [mem 0x000000004ae77000-0x000000004b2cefff] usable
[    0.000000] reserve setup_data: [mem 0x000000004b2cf000-0x000000004b54dfff] ACPI data
[    0.000000] reserve setup_data: [mem 0x000000004b54e000-0x000000004bd93fff] usable
[    0.000000] reserve setup_data: [mem 0x000000004bd94000-0x000000004be99fff] reserved
[    0.000000] reserve setup_data: [mem 0x000000004be9a000-0x000000004cdfffff] usable
[    0.000000] reserve setup_data: [mem 0x000000004ce00000-0x000000004cffffff] reserved
[    0.000000] reserve setup_data: [mem 0x000000004d000000-0x000000005eefdfff] usable
[    0.000000] reserve setup_data: [mem 0x000000005eefe000-0x000000006e3fefff] reserved
[    0.000000] reserve setup_data: [mem 0x000000006e3ff000-0x000000006f3fefff] ACPI NVS
[    0.000000] reserve setup_data: [mem 0x000000006f3ff000-0x000000006f7fefff] ACPI data
[    0.000000] reserve setup_data: [mem 0x000000006f7ff000-0x000000006f7fffff] usable
[    0.000000] reserve setup_data: [mem 0x000000006f800000-0x000000008fffffff] reserved
[    0.000000] reserve setup_data: [mem 0x00000000fe000000-0x00000000fe010fff] reserved
[    0.000000] reserve setup_data: [mem 0x0000000100000000-0x0000000c757fffff] persistent (type 12)
[    0.000000] reserve setup_data: [mem 0x0000000c75800000-0x0000000fffffffff] usable
[    0.000000] reserve setup_data: [mem 0x0000001000000000-0x0000001ebfffffff] persistent (type 12)
[    0.000000] reserve setup_data: [mem 0x0000001ec0000000-0x000000207fffffff] usable
[    0.000000] reserve setup_data: [mem 0x0000002080000000-0x0000011c7fffffff] persistent (type 7)
[    0.000000] reserve setup_data: [mem 0x00001ffc00000000-0x00001fffffffffff] reserved
[    0.000000] user-defined physical RAM map:
[    0.000000] user: [mem 0x0000000000000000-0x000000000008efff] usable
[    0.000000] user: [mem 0x000000000008f000-0x000000000008ffff] reserved
[    0.000000] user: [mem 0x0000000000090000-0x000000000009ffff] usable
[    0.000000] user: [mem 0x00000000000a0000-0x00000000000fffff] reserved
[    0.000000] user: [mem 0x0000000000100000-0x0000000047bcd01f] usable
[    0.000000] user: [mem 0x0000000047bcd020-0x0000000047bfea5f] usable
[    0.000000] user: [mem 0x0000000047bfea60-0x0000000047bff01f] usable
[    0.000000] user: [mem 0x0000000047bff020-0x0000000047c31c5f] usable
[    0.000000] user: [mem 0x0000000047c31c60-0x0000000047c3201f] usable
[    0.000000] user: [mem 0x0000000047c32020-0x0000000047c64c5f] usable
[    0.000000] user: [mem 0x0000000047c64c60-0x0000000047c6501f] usable
[    0.000000] user: [mem 0x0000000047c65020-0x0000000047c6d05f] usable
[    0.000000] user: [mem 0x0000000047c6d060-0x0000000049e76fff] usable
[    0.000000] user: [mem 0x0000000049e77000-0x000000004ae76fff] ACPI NVS
[    0.000000] user: [mem 0x000000004ae77000-0x000000004b2cefff] usable
[    0.000000] user: [mem 0x000000004b2cf000-0x000000004b54dfff] ACPI data
[    0.000000] user: [mem 0x000000004b54e000-0x000000004bd93fff] usable
[    0.000000] user: [mem 0x000000004bd94000-0x000000004be99fff] reserved
[    0.000000] user: [mem 0x000000004be9a000-0x000000004cdfffff] usable
[    0.000000] user: [mem 0x000000004ce00000-0x000000004cffffff] reserved
[    0.000000] user: [mem 0x000000004d000000-0x000000005eefdfff] usable
[    0.000000] user: [mem 0x000000005eefe000-0x000000006e3fefff] reserved
[    0.000000] user: [mem 0x000000006e3ff000-0x000000006f3fefff] ACPI NVS
[    0.000000] user: [mem 0x000000006f3ff000-0x000000006f7fefff] ACPI data
[    0.000000] user: [mem 0x000000006f7ff000-0x000000006f7fffff] usable
[    0.000000] user: [mem 0x000000006f800000-0x000000008fffffff] reserved
[    0.000000] user: [mem 0x00000000fe000000-0x00000000fe010fff] reserved
[    0.000000] user: [mem 0x0000000100000000-0x0000000c757fffff] persistent (type 12)
[    0.000000] user: [mem 0x0000000c75800000-0x0000000fffffffff] usable
[    0.000000] user: [mem 0x0000001000000000-0x0000001ebfffffff] persistent (type 12)
[    0.000000] user: [mem 0x0000001ec0000000-0x000000207fffffff] usable
[    0.000000] user: [mem 0x0000002080000000-0x0000011c7fffffff] persistent (type 7)
[    0.000000] user: [mem 0x00001ffc00000000-0x00001fffffffffff] reserved
[    0.000000] efi: EFI v2.70 by Dell Inc.
[    0.000000] efi:  ACPI=0x6f7fe000  ACPI 2.0=0x6f7fe014  MEMATTR=0x5a215220  SMBIOS=0x69526000  SMBIOS 3.0=0x69524000 
[    0.000000] SMBIOS 3.3.0 present.
[    0.000000] DMI: Dell Inc. PowerEdge R750/0K8F35, BIOS 1.10.2 03/03/2023
[    0.000000] tsc: Detected 2000.000 MHz processor
[    0.000009] e820: update [mem 0x00000000-0x00000fff] usable ==> reserved
[    0.000010] e820: remove [mem 0x000a0000-0x000fffff] usable
[    0.000018] last_pfn = 0x2080000 max_arch_pfn = 0x400000000
[    0.000021] MTRR default type: uncachable
[    0.000022] MTRR fixed ranges enabled:
[    0.000023]   00000-9FFFF write-back
[    0.000023]   A0000-BFFFF uncachable
[    0.000024]   C0000-FFFFF write-protect
[    0.000024] MTRR variable ranges enabled:
[    0.000026]   0 base 000000000000 mask 3E0000000000 write-back
[    0.000027]   1 base 000080000000 mask 3FFF80000000 uncachable
[    0.000027]   2 base 00007F000000 mask 3FFFFF000000 uncachable
[    0.000028]   3 disabled
[    0.000028]   4 disabled
[    0.000028]   5 disabled
[    0.000029]   6 disabled
[    0.000029]   7 disabled
[    0.000029]   8 disabled
[    0.000030]   9 disabled
[    0.000775] x86/PAT: Configuration [0-7]: WB  WC  UC- UC  WB  WP  UC- WT  
[    0.001826] total RAM covered: 2095088M
[    0.001911]  gran_size: 64K 	chunk_size: 64K 	num_reg: 10  	lose cover RAM: 2016G
[    0.001913]  gran_size: 64K 	chunk_size: 128K 	num_reg: 10  	lose cover RAM: 2016G
[    0.001913]  gran_size: 64K 	chunk_size: 256K 	num_reg: 10  	lose cover RAM: 2016G
[    0.001914]  gran_size: 64K 	chunk_size: 512K 	num_reg: 10  	lose cover RAM: 2016G
[    0.001915]  gran_size: 64K 	chunk_size: 1M 	num_reg: 10  	lose cover RAM: 2016G
[    0.001915]  gran_size: 64K 	chunk_size: 2M 	num_reg: 10  	lose cover RAM: 2016G
[    0.001916]  gran_size: 64K 	chunk_size: 4M 	num_reg: 10  	lose cover RAM: 2016G
[    0.001917]  gran_size: 64K 	chunk_size: 8M 	num_reg: 10  	lose cover RAM: 2016G
[    0.001917]  gran_size: 64K 	chunk_size: 16M 	num_reg: 10  	lose cover RAM: 2016G
[    0.001918]  gran_size: 64K 	chunk_size: 32M 	num_reg: 10  	lose cover RAM: 1024G
[    0.001919]  gran_size: 64K 	chunk_size: 64M 	num_reg: 10  	lose cover RAM: 1024G
[    0.001919]  gran_size: 64K 	chunk_size: 128M 	num_reg: 10  	lose cover RAM: 1024G
[    0.001920]  gran_size: 64K 	chunk_size: 256M 	num_reg: 10  	lose cover RAM: 1024G
[    0.001921]  gran_size: 64K 	chunk_size: 512M 	num_reg: 10  	lose cover RAM: 1024G
[    0.001921]  gran_size: 64K 	chunk_size: 1G 	num_reg: 10  	lose cover RAM: 1024G
[    0.001922]  gran_size: 64K 	chunk_size: 2G 	num_reg: 10  	lose cover RAM: 1024G
[    0.001923]  gran_size: 128K 	chunk_size: 128K 	num_reg: 10  	lose cover RAM: 2016G
[    0.001923]  gran_size: 128K 	chunk_size: 256K 	num_reg: 10  	lose cover RAM: 2016G
[    0.001924]  gran_size: 128K 	chunk_size: 512K 	num_reg: 10  	lose cover RAM: 2016G
[    0.001925]  gran_size: 128K 	chunk_size: 1M 	num_reg: 10  	lose cover RAM: 2016G
[    0.001925]  gran_size: 128K 	chunk_size: 2M 	num_reg: 10  	lose cover RAM: 2016G
[    0.001926]  gran_size: 128K 	chunk_size: 4M 	num_reg: 10  	lose cover RAM: 2016G
[    0.001927]  gran_size: 128K 	chunk_size: 8M 	num_reg: 10  	lose cover RAM: 2016G
[    0.001927]  gran_size: 128K 	chunk_size: 16M 	num_reg: 10  	lose cover RAM: 2016G
[    0.001928]  gran_size: 128K 	chunk_size: 32M 	num_reg: 10  	lose cover RAM: 1024G
[    0.001929]  gran_size: 128K 	chunk_size: 64M 	num_reg: 10  	lose cover RAM: 1024G
[    0.001929]  gran_size: 128K 	chunk_size: 128M 	num_reg: 10  	lose cover RAM: 1024G
[    0.001930]  gran_size: 128K 	chunk_size: 256M 	num_reg: 10  	lose cover RAM: 1024G
[    0.001931]  gran_size: 128K 	chunk_size: 512M 	num_reg: 10  	lose cover RAM: 1024G
[    0.001931]  gran_size: 128K 	chunk_size: 1G 	num_reg: 10  	lose cover RAM: 1024G
[    0.001932]  gran_size: 128K 	chunk_size: 2G 	num_reg: 10  	lose cover RAM: 1024G
[    0.001933]  gran_size: 256K 	chunk_size: 256K 	num_reg: 10  	lose cover RAM: 2016G
[    0.001933]  gran_size: 256K 	chunk_size: 512K 	num_reg: 10  	lose cover RAM: 2016G
[    0.001934]  gran_size: 256K 	chunk_size: 1M 	num_reg: 10  	lose cover RAM: 2016G
[    0.001935]  gran_size: 256K 	chunk_size: 2M 	num_reg: 10  	lose cover RAM: 2016G
[    0.001935]  gran_size: 256K 	chunk_size: 4M 	num_reg: 10  	lose cover RAM: 2016G
[    0.001936]  gran_size: 256K 	chunk_size: 8M 	num_reg: 10  	lose cover RAM: 2016G
[    0.001937]  gran_size: 256K 	chunk_size: 16M 	num_reg: 10  	lose cover RAM: 2016G
[    0.001937]  gran_size: 256K 	chunk_size: 32M 	num_reg: 10  	lose cover RAM: 1024G
[    0.001938]  gran_size: 256K 	chunk_size: 64M 	num_reg: 10  	lose cover RAM: 1024G
[    0.001939]  gran_size: 256K 	chunk_size: 128M 	num_reg: 10  	lose cover RAM: 1024G
[    0.001939]  gran_size: 256K 	chunk_size: 256M 	num_reg: 10  	lose cover RAM: 1024G
[    0.001940]  gran_size: 256K 	chunk_size: 512M 	num_reg: 10  	lose cover RAM: 1024G
[    0.001941]  gran_size: 256K 	chunk_size: 1G 	num_reg: 10  	lose cover RAM: 1024G
[    0.001941]  gran_size: 256K 	chunk_size: 2G 	num_reg: 10  	lose cover RAM: 1024G
[    0.001942]  gran_size: 512K 	chunk_size: 512K 	num_reg: 10  	lose cover RAM: 2016G
[    0.001943]  gran_size: 512K 	chunk_size: 1M 	num_reg: 10  	lose cover RAM: 2016G
[    0.001943]  gran_size: 512K 	chunk_size: 2M 	num_reg: 10  	lose cover RAM: 2016G
[    0.001944]  gran_size: 512K 	chunk_size: 4M 	num_reg: 10  	lose cover RAM: 2016G
[    0.001945]  gran_size: 512K 	chunk_size: 8M 	num_reg: 10  	lose cover RAM: 2016G
[    0.001945]  gran_size: 512K 	chunk_size: 16M 	num_reg: 10  	lose cover RAM: 2016G
[    0.001946]  gran_size: 512K 	chunk_size: 32M 	num_reg: 10  	lose cover RAM: 1024G
[    0.001947]  gran_size: 512K 	chunk_size: 64M 	num_reg: 10  	lose cover RAM: 1024G
[    0.001947]  gran_size: 512K 	chunk_size: 128M 	num_reg: 10  	lose cover RAM: 1024G
[    0.001948]  gran_size: 512K 	chunk_size: 256M 	num_reg: 10  	lose cover RAM: 1024G
[    0.001949]  gran_size: 512K 	chunk_size: 512M 	num_reg: 10  	lose cover RAM: 1024G
[    0.001949]  gran_size: 512K 	chunk_size: 1G 	num_reg: 10  	lose cover RAM: 1024G
[    0.001950]  gran_size: 512K 	chunk_size: 2G 	num_reg: 10  	lose cover RAM: 1024G
[    0.001951]  gran_size: 1M 	chunk_size: 1M 	num_reg: 10  	lose cover RAM: 2016G
[    0.001951]  gran_size: 1M 	chunk_size: 2M 	num_reg: 10  	lose cover RAM: 2016G
[    0.001952]  gran_size: 1M 	chunk_size: 4M 	num_reg: 10  	lose cover RAM: 2016G
[    0.001953]  gran_size: 1M 	chunk_size: 8M 	num_reg: 10  	lose cover RAM: 2016G
[    0.001953]  gran_size: 1M 	chunk_size: 16M 	num_reg: 10  	lose cover RAM: 2016G
[    0.001954]  gran_size: 1M 	chunk_size: 32M 	num_reg: 10  	lose cover RAM: 1024G
[    0.001955]  gran_size: 1M 	chunk_size: 64M 	num_reg: 10  	lose cover RAM: 1024G
[    0.001955]  gran_size: 1M 	chunk_size: 128M 	num_reg: 10  	lose cover RAM: 1024G
[    0.001956]  gran_size: 1M 	chunk_size: 256M 	num_reg: 10  	lose cover RAM: 1024G
[    0.001957]  gran_size: 1M 	chunk_size: 512M 	num_reg: 10  	lose cover RAM: 1024G
[    0.001957]  gran_size: 1M 	chunk_size: 1G 	num_reg: 10  	lose cover RAM: 1024G
[    0.001958]  gran_size: 1M 	chunk_size: 2G 	num_reg: 10  	lose cover RAM: 1024G
[    0.001959]  gran_size: 2M 	chunk_size: 2M 	num_reg: 10  	lose cover RAM: 2016G
[    0.001959]  gran_size: 2M 	chunk_size: 4M 	num_reg: 10  	lose cover RAM: 2016G
[    0.001960]  gran_size: 2M 	chunk_size: 8M 	num_reg: 10  	lose cover RAM: 2016G
[    0.001961]  gran_size: 2M 	chunk_size: 16M 	num_reg: 10  	lose cover RAM: 2016G
[    0.001961]  gran_size: 2M 	chunk_size: 32M 	num_reg: 10  	lose cover RAM: 1024G
[    0.001962]  gran_size: 2M 	chunk_size: 64M 	num_reg: 10  	lose cover RAM: 1024G
[    0.001963]  gran_size: 2M 	chunk_size: 128M 	num_reg: 10  	lose cover RAM: 1024G
[    0.001963]  gran_size: 2M 	chunk_size: 256M 	num_reg: 10  	lose cover RAM: 1024G
[    0.001964]  gran_size: 2M 	chunk_size: 512M 	num_reg: 10  	lose cover RAM: 1024G
[    0.001965]  gran_size: 2M 	chunk_size: 1G 	num_reg: 10  	lose cover RAM: 1024G
[    0.001965]  gran_size: 2M 	chunk_size: 2G 	num_reg: 10  	lose cover RAM: 1024G
[    0.001966]  gran_size: 4M 	chunk_size: 4M 	num_reg: 10  	lose cover RAM: 2016G
[    0.001967]  gran_size: 4M 	chunk_size: 8M 	num_reg: 10  	lose cover RAM: 2016G
[    0.001967]  gran_size: 4M 	chunk_size: 16M 	num_reg: 10  	lose cover RAM: 2016G
[    0.001968]  gran_size: 4M 	chunk_size: 32M 	num_reg: 10  	lose cover RAM: 1024G
[    0.001969]  gran_size: 4M 	chunk_size: 64M 	num_reg: 10  	lose cover RAM: 1024G
[    0.001969]  gran_size: 4M 	chunk_size: 128M 	num_reg: 10  	lose cover RAM: 1024G
[    0.001970]  gran_size: 4M 	chunk_size: 256M 	num_reg: 10  	lose cover RAM: 1024G
[    0.001971]  gran_size: 4M 	chunk_size: 512M 	num_reg: 10  	lose cover RAM: 1024G
[    0.001972]  gran_size: 4M 	chunk_size: 1G 	num_reg: 10  	lose cover RAM: 1024G
[    0.001972]  gran_size: 4M 	chunk_size: 2G 	num_reg: 10  	lose cover RAM: 1024G
[    0.001973]  gran_size: 8M 	chunk_size: 8M 	num_reg: 10  	lose cover RAM: 2016G
[    0.001974]  gran_size: 8M 	chunk_size: 16M 	num_reg: 10  	lose cover RAM: 2016G
[    0.001974]  gran_size: 8M 	chunk_size: 32M 	num_reg: 10  	lose cover RAM: 1024G
[    0.001975]  gran_size: 8M 	chunk_size: 64M 	num_reg: 10  	lose cover RAM: 1024G
[    0.001976]  gran_size: 8M 	chunk_size: 128M 	num_reg: 10  	lose cover RAM: 1024G
[    0.001976]  gran_size: 8M 	chunk_size: 256M 	num_reg: 10  	lose cover RAM: 1024G
[    0.001977]  gran_size: 8M 	chunk_size: 512M 	num_reg: 10  	lose cover RAM: 1024G
[    0.001978]  gran_size: 8M 	chunk_size: 1G 	num_reg: 10  	lose cover RAM: 1024G
[    0.001978]  gran_size: 8M 	chunk_size: 2G 	num_reg: 10  	lose cover RAM: 1024G
[    0.001979]  gran_size: 16M 	chunk_size: 16M 	num_reg: 10  	lose cover RAM: 2016G
[    0.001980]  gran_size: 16M 	chunk_size: 32M 	num_reg: 10  	lose cover RAM: 1024G
[    0.001980]  gran_size: 16M 	chunk_size: 64M 	num_reg: 10  	lose cover RAM: 1024G
[    0.001981]  gran_size: 16M 	chunk_size: 128M 	num_reg: 10  	lose cover RAM: 1024G
[    0.001982]  gran_size: 16M 	chunk_size: 256M 	num_reg: 10  	lose cover RAM: 1024G
[    0.001982]  gran_size: 16M 	chunk_size: 512M 	num_reg: 10  	lose cover RAM: 1024G
[    0.001983]  gran_size: 16M 	chunk_size: 1G 	num_reg: 10  	lose cover RAM: 1024G
[    0.001984]  gran_size: 16M 	chunk_size: 2G 	num_reg: 10  	lose cover RAM: 1024G
[    0.001984]  gran_size: 32M 	chunk_size: 32M 	num_reg: 10  	lose cover RAM: 2031632M
[    0.001985]  gran_size: 32M 	chunk_size: 64M 	num_reg: 10  	lose cover RAM: 1048592M
[    0.001986]  gran_size: 32M 	chunk_size: 128M 	num_reg: 10  	lose cover RAM: 1048592M
[    0.001986]  gran_size: 32M 	chunk_size: 256M 	num_reg: 10  	lose cover RAM: 1048592M
[    0.001987]  gran_size: 32M 	chunk_size: 512M 	num_reg: 10  	lose cover RAM: 1048592M
[    0.001988]  gran_size: 32M 	chunk_size: 1G 	num_reg: 10  	lose cover RAM: 1048592M
[    0.001989]  gran_size: 32M 	chunk_size: 2G 	num_reg: 10  	lose cover RAM: 1048592M
[    0.001989]  gran_size: 64M 	chunk_size: 64M 	num_reg: 10  	lose cover RAM: 1966128M
[    0.001990]  gran_size: 64M 	chunk_size: 128M 	num_reg: 10  	lose cover RAM: 1048624M
[    0.001991]  gran_size: 64M 	chunk_size: 256M 	num_reg: 10  	lose cover RAM: 1048624M
[    0.001991]  gran_size: 64M 	chunk_size: 512M 	num_reg: 10  	lose cover RAM: 1048624M
[    0.001992]  gran_size: 64M 	chunk_size: 1G 	num_reg: 10  	lose cover RAM: 1048624M
[    0.001993]  gran_size: 64M 	chunk_size: 2G 	num_reg: 10  	lose cover RAM: 1048624M
[    0.001993]  gran_size: 128M 	chunk_size: 128M 	num_reg: 10  	lose cover RAM: 1835120M
[    0.001994]  gran_size: 128M 	chunk_size: 256M 	num_reg: 10  	lose cover RAM: 1048688M
[    0.001995]  gran_size: 128M 	chunk_size: 512M 	num_reg: 10  	lose cover RAM: 1048688M
[    0.001995]  gran_size: 128M 	chunk_size: 1G 	num_reg: 10  	lose cover RAM: 1048688M
[    0.001996]  gran_size: 128M 	chunk_size: 2G 	num_reg: 10  	lose cover RAM: 1048688M
[    0.001997]  gran_size: 256M 	chunk_size: 256M 	num_reg: 10  	lose cover RAM: 1573104M
[    0.001997]  gran_size: 256M 	chunk_size: 512M 	num_reg: 10  	lose cover RAM: 1048816M
[    0.001998]  gran_size: 256M 	chunk_size: 1G 	num_reg: 10  	lose cover RAM: 1048816M
[    0.001999]  gran_size: 256M 	chunk_size: 2G 	num_reg: 10  	lose cover RAM: 1048816M
[    0.001999]  gran_size: 512M 	chunk_size: 512M 	num_reg: 10  	lose cover RAM: 1049072M
[    0.002000]  gran_size: 512M 	chunk_size: 1G 	num_reg: 10  	lose cover RAM: 1049072M
[    0.002001]  gran_size: 512M 	chunk_size: 2G 	num_reg: 10  	lose cover RAM: 1049072M
[    0.002001]  gran_size: 1G 	chunk_size: 1G 	num_reg: 10  	lose cover RAM: 1008M
[    0.002002]  gran_size: 1G 	chunk_size: 2G 	num_reg: 10  	lose cover RAM: 1008M
[    0.002003]  gran_size: 2G 	chunk_size: 2G 	num_reg: 9  	lose cover RAM: 2032M
[    0.002004] mtrr_cleanup: can not find optimal value
[    0.002004] please specify mtrr_gran_size/mtrr_chunk_size
[    0.002007] e820: update [mem 0x7f000000-0xffffffff] usable ==> reserved
[    0.002009] x2apic: enabled by BIOS, switching to x2apic ops
[    0.002009] last_pfn = 0x6f800 max_arch_pfn = 0x400000000
[    0.013413] check: Scanning 1 areas for low memory corruption
[    0.013417] Using GB pages for direct mapping
[    0.013418] BRK [0xdba201000, 0xdba201fff] PGTABLE
[    0.013420] BRK [0xdba202000, 0xdba202fff] PGTABLE
[    0.013420] BRK [0xdba203000, 0xdba203fff] PGTABLE
[    0.013462] BRK [0xdba204000, 0xdba204fff] PGTABLE
[    0.013563] BRK [0xdba205000, 0xdba205fff] PGTABLE
[    0.013626] BRK [0xdba206000, 0xdba206fff] PGTABLE
[    0.013735] BRK [0xdba207000, 0xdba207fff] PGTABLE
[    0.013857] BRK [0xdba208000, 0xdba208fff] PGTABLE
[    0.013955] BRK [0xdba209000, 0xdba209fff] PGTABLE
[    0.014076] BRK [0xdba20a000, 0xdba20afff] PGTABLE
[    0.014153] BRK [0xdba20b000, 0xdba20bfff] PGTABLE
[    0.014332] BRK [0xdba20c000, 0xdba20cfff] PGTABLE
[    0.014531] Secure boot disabled
[    0.014532] RAMDISK: [mem 0x2065920000-0x207fffffff]
[    0.014539] ACPI: Early table checksum verification disabled
[    0.014540] ACPI: RSDP 0x000000006F7FE014 000024 (v02 DELL  )
[    0.014543] ACPI: XSDT 0x000000006F41C188 0000F4 (v01 DELL   PE_SC3   00000000 DELL 01000013)
[    0.014548] ACPI: FACP 0x000000006F430000 000114 (v06 DELL   PE_SC3   00000000 DELL 00000001)
[    0.014553] ACPI: DSDT 0x000000004B4CE000 07FAD3 (v02 DELL   PE_SC3   00000003 DELL 00000001)
[    0.014555] ACPI: FACS 0x000000006F2F2000 000040
[    0.014558] ACPI: SSDT 0x000000006F7FB000 00159A (v02 INTEL  RAS_ACPI 00000001 INTL 20210331)
[    0.014561] ACPI: SSDT 0x000000006F7FA000 000745 (v02 INTEL  ADDRXLAT 00000001 INTL 20210331)
[    0.014564] ACPI: MCEJ 0x000000006F7F9000 000130 (v01 INTEL           00000001 INTL 0100000D)
[    0.014566] ACPI: BERT 0x000000006F7F8000 000030 (v01 DELL   PE_SC3   00000001 INTL 00000001)
[    0.014569] ACPI: ERST 0x000000006F7F7000 000230 (v01 DELL   PE_SC3   00000001 INTL 00000001)
[    0.014571] ACPI: SSDT 0x000000006F431000 3C524E (v02 INTEL  SSDTNVDR 00001000 INTL 20210331)
[    0.014574] ACPI: HMAT 0x000000006F42F000 000210 (v01 DELL   PE_SC3   00000001 DELL 00000001)
[    0.014577] ACPI: HPET 0x000000006F42E000 000038 (v01 DELL   PE_SC3   00000001 DELL 00000001)
[    0.014579] ACPI: MCFG 0x000000006F42D000 00003C (v01 DELL   PE_SC3   00000001 DELL 00000001)
[    0.014582] ACPI: MIGT 0x000000006F42C000 000040 (v01 DELL   PE_SC3   00000000 DELL 00000001)
[    0.014584] ACPI: MSCT 0x000000006F42B000 000090 (v01 DELL   PE_SC3   00000001 DELL 00000001)
[    0.014587] ACPI: PMTT 0x000000006F429000 0011E8 (v02 DELL   PE_SC3   00000001 DELL 00000001)
[    0.014589] ACPI: WSMT 0x000000006F428000 000028 (v01 DELL   PE_SC3   00000000 DELL 00000001)
[    0.014592] ACPI: APIC 0x000000006F427000 00075E (v04 DELL   PE_SC3   00000000 DELL 00000001)
[    0.014594] ACPI: SLIT 0x000000006F426000 00003C (v01 DELL   PE_SC3   00000001 DELL 01000013)
[    0.014597] ACPI: SRAT 0x000000006F41F000 006430 (v03 DELL   PE_SC3   00000002 DELL 01000013)
[    0.014599] ACPI: OEM4 0x000000004B346000 187A61 (v02 INTEL  CPU  CST 00003000 INTL 20210331)
[    0.014602] ACPI: SSDT 0x000000004B2CF000 0764A5 (v02 INTEL  SSDT  PM 00004000 INTL 20210331)
[    0.014604] ACPI: SSDT 0x000000006F41E000 000A1F (v02 DELL   PE_SC3   00000000 DELL 00000001)
[    0.014607] ACPI: HEST 0x000000006F41D000 00017C (v01 DELL   PE_SC3   00000001 INTL 00000001)
[    0.014609] ACPI: PCAT 0x000000006F41B000 00010C (v19 DELL   PE_SC3   00000002 DELL 00000001)
[    0.014612] ACPI: SSDT 0x000000006F413000 007299 (v02 INTEL  SpsNm    00000002 INTL 20210331)
[    0.014615] ACPI: SSDT 0x000000006F412000 000426 (v02 DELL   PE_SC3   00000002 DELL 00000001)
[    0.014617] ACPI: NFIT 0x000000006F7FD000 000488 (v01 DELL   PE_SC3   00000002 DELL 00000001)
[    0.014620] ACPI: DMAR 0x000000006F411000 000158 (v01 DELL   PE_SC3   00000001 DELL 00000001)
[    0.014627] ACPI: Local APIC address 0xfee00000
[    0.014628] Setting APIC routing to cluster x2apic.
[    0.014674] SRAT: PXM 0 -> APIC 0x0000 -> Node 0
[    0.014674] SRAT: PXM 0 -> APIC 0x0001 -> Node 0
[    0.014675] SRAT: PXM 0 -> APIC 0x0002 -> Node 0
[    0.014675] SRAT: PXM 0 -> APIC 0x0003 -> Node 0
[    0.014676] SRAT: PXM 0 -> APIC 0x0004 -> Node 0
[    0.014676] SRAT: PXM 0 -> APIC 0x0005 -> Node 0
[    0.014676] SRAT: PXM 0 -> APIC 0x0006 -> Node 0
[    0.014677] SRAT: PXM 0 -> APIC 0x0007 -> Node 0
[    0.014677] SRAT: PXM 0 -> APIC 0x0008 -> Node 0
[    0.014678] SRAT: PXM 0 -> APIC 0x0009 -> Node 0
[    0.014678] SRAT: PXM 0 -> APIC 0x000a -> Node 0
[    0.014678] SRAT: PXM 0 -> APIC 0x000b -> Node 0
[    0.014679] SRAT: PXM 0 -> APIC 0x000c -> Node 0
[    0.014679] SRAT: PXM 0 -> APIC 0x000d -> Node 0
[    0.014680] SRAT: PXM 0 -> APIC 0x000e -> Node 0
[    0.014680] SRAT: PXM 0 -> APIC 0x000f -> Node 0
[    0.014681] SRAT: PXM 0 -> APIC 0x0010 -> Node 0
[    0.014681] SRAT: PXM 0 -> APIC 0x0011 -> Node 0
[    0.014681] SRAT: PXM 0 -> APIC 0x0012 -> Node 0
[    0.014682] SRAT: PXM 0 -> APIC 0x0013 -> Node 0
[    0.014682] SRAT: PXM 0 -> APIC 0x0014 -> Node 0
[    0.014683] SRAT: PXM 0 -> APIC 0x0015 -> Node 0
[    0.014683] SRAT: PXM 0 -> APIC 0x0016 -> Node 0
[    0.014683] SRAT: PXM 0 -> APIC 0x0017 -> Node 0
[    0.014684] SRAT: PXM 0 -> APIC 0x0018 -> Node 0
[    0.014684] SRAT: PXM 0 -> APIC 0x0019 -> Node 0
[    0.014685] SRAT: PXM 0 -> APIC 0x001a -> Node 0
[    0.014685] SRAT: PXM 0 -> APIC 0x001b -> Node 0
[    0.014686] SRAT: PXM 0 -> APIC 0x001c -> Node 0
[    0.014686] SRAT: PXM 0 -> APIC 0x001d -> Node 0
[    0.014686] SRAT: PXM 0 -> APIC 0x001e -> Node 0
[    0.014687] SRAT: PXM 0 -> APIC 0x001f -> Node 0
[    0.014687] SRAT: PXM 0 -> APIC 0x0020 -> Node 0
[    0.014688] SRAT: PXM 0 -> APIC 0x0021 -> Node 0
[    0.014688] SRAT: PXM 0 -> APIC 0x0022 -> Node 0
[    0.014688] SRAT: PXM 0 -> APIC 0x0023 -> Node 0
[    0.014689] SRAT: PXM 0 -> APIC 0x0024 -> Node 0
[    0.014689] SRAT: PXM 0 -> APIC 0x0025 -> Node 0
[    0.014690] SRAT: PXM 0 -> APIC 0x0026 -> Node 0
[    0.014690] SRAT: PXM 0 -> APIC 0x0027 -> Node 0
[    0.014690] SRAT: PXM 0 -> APIC 0x0028 -> Node 0
[    0.014691] SRAT: PXM 0 -> APIC 0x0029 -> Node 0
[    0.014691] SRAT: PXM 0 -> APIC 0x002a -> Node 0
[    0.014692] SRAT: PXM 0 -> APIC 0x002b -> Node 0
[    0.014692] SRAT: PXM 0 -> APIC 0x002c -> Node 0
[    0.014692] SRAT: PXM 0 -> APIC 0x002d -> Node 0
[    0.014693] SRAT: PXM 0 -> APIC 0x002e -> Node 0
[    0.014693] SRAT: PXM 0 -> APIC 0x002f -> Node 0
[    0.014694] SRAT: PXM 0 -> APIC 0x0030 -> Node 0
[    0.014694] SRAT: PXM 0 -> APIC 0x0031 -> Node 0
[    0.014694] SRAT: PXM 0 -> APIC 0x0032 -> Node 0
[    0.014695] SRAT: PXM 0 -> APIC 0x0033 -> Node 0
[    0.014695] SRAT: PXM 0 -> APIC 0x0034 -> Node 0
[    0.014696] SRAT: PXM 0 -> APIC 0x0035 -> Node 0
[    0.014696] SRAT: PXM 0 -> APIC 0x0036 -> Node 0
[    0.014697] SRAT: PXM 0 -> APIC 0x0037 -> Node 0
[    0.014697] SRAT: PXM 1 -> APIC 0x0080 -> Node 1
[    0.014697] SRAT: PXM 1 -> APIC 0x0081 -> Node 1
[    0.014698] SRAT: PXM 1 -> APIC 0x0082 -> Node 1
[    0.014698] SRAT: PXM 1 -> APIC 0x0083 -> Node 1
[    0.014699] SRAT: PXM 1 -> APIC 0x0084 -> Node 1
[    0.014699] SRAT: PXM 1 -> APIC 0x0085 -> Node 1
[    0.014699] SRAT: PXM 1 -> APIC 0x0086 -> Node 1
[    0.014700] SRAT: PXM 1 -> APIC 0x0087 -> Node 1
[    0.014700] SRAT: PXM 1 -> APIC 0x0088 -> Node 1
[    0.014701] SRAT: PXM 1 -> APIC 0x0089 -> Node 1
[    0.014701] SRAT: PXM 1 -> APIC 0x008a -> Node 1
[    0.014702] SRAT: PXM 1 -> APIC 0x008b -> Node 1
[    0.014702] SRAT: PXM 1 -> APIC 0x008c -> Node 1
[    0.014702] SRAT: PXM 1 -> APIC 0x008d -> Node 1
[    0.014703] SRAT: PXM 1 -> APIC 0x008e -> Node 1
[    0.014703] SRAT: PXM 1 -> APIC 0x008f -> Node 1
[    0.014704] SRAT: PXM 1 -> APIC 0x0090 -> Node 1
[    0.014704] SRAT: PXM 1 -> APIC 0x0091 -> Node 1
[    0.014704] SRAT: PXM 1 -> APIC 0x0092 -> Node 1
[    0.014705] SRAT: PXM 1 -> APIC 0x0093 -> Node 1
[    0.014705] SRAT: PXM 1 -> APIC 0x0094 -> Node 1
[    0.014706] SRAT: PXM 1 -> APIC 0x0095 -> Node 1
[    0.014706] SRAT: PXM 1 -> APIC 0x0096 -> Node 1
[    0.014706] SRAT: PXM 1 -> APIC 0x0097 -> Node 1
[    0.014707] SRAT: PXM 1 -> APIC 0x0098 -> Node 1
[    0.014707] SRAT: PXM 1 -> APIC 0x0099 -> Node 1
[    0.014708] SRAT: PXM 1 -> APIC 0x009a -> Node 1
[    0.014708] SRAT: PXM 1 -> APIC 0x009b -> Node 1
[    0.014709] SRAT: PXM 1 -> APIC 0x009c -> Node 1
[    0.014709] SRAT: PXM 1 -> APIC 0x009d -> Node 1
[    0.014709] SRAT: PXM 1 -> APIC 0x009e -> Node 1
[    0.014710] SRAT: PXM 1 -> APIC 0x009f -> Node 1
[    0.014710] SRAT: PXM 1 -> APIC 0x00a0 -> Node 1
[    0.014711] SRAT: PXM 1 -> APIC 0x00a1 -> Node 1
[    0.014711] SRAT: PXM 1 -> APIC 0x00a2 -> Node 1
[    0.014711] SRAT: PXM 1 -> APIC 0x00a3 -> Node 1
[    0.014712] SRAT: PXM 1 -> APIC 0x00a4 -> Node 1
[    0.014712] SRAT: PXM 1 -> APIC 0x00a5 -> Node 1
[    0.014713] SRAT: PXM 1 -> APIC 0x00a6 -> Node 1
[    0.014713] SRAT: PXM 1 -> APIC 0x00a7 -> Node 1
[    0.014713] SRAT: PXM 1 -> APIC 0x00a8 -> Node 1
[    0.014714] SRAT: PXM 1 -> APIC 0x00a9 -> Node 1
[    0.014714] SRAT: PXM 1 -> APIC 0x00aa -> Node 1
[    0.014715] SRAT: PXM 1 -> APIC 0x00ab -> Node 1
[    0.014715] SRAT: PXM 1 -> APIC 0x00ac -> Node 1
[    0.014715] SRAT: PXM 1 -> APIC 0x00ad -> Node 1
[    0.014716] SRAT: PXM 1 -> APIC 0x00ae -> Node 1
[    0.014716] SRAT: PXM 1 -> APIC 0x00af -> Node 1
[    0.014717] SRAT: PXM 1 -> APIC 0x00b0 -> Node 1
[    0.014717] SRAT: PXM 1 -> APIC 0x00b1 -> Node 1
[    0.014718] SRAT: PXM 1 -> APIC 0x00b2 -> Node 1
[    0.014718] SRAT: PXM 1 -> APIC 0x00b3 -> Node 1
[    0.014718] SRAT: PXM 1 -> APIC 0x00b4 -> Node 1
[    0.014719] SRAT: PXM 1 -> APIC 0x00b5 -> Node 1
[    0.014719] SRAT: PXM 1 -> APIC 0x00b6 -> Node 1
[    0.014720] SRAT: PXM 1 -> APIC 0x00b7 -> Node 1
[    0.014732] ACPI: SRAT: Node 0 PXM 0 [mem 0x00000000-0x7fffffff]
[    0.014733] ACPI: SRAT: Node 0 PXM 0 [mem 0x100000000-0x107fffffff]
[    0.014734] ACPI: SRAT: Node 2 PXM 2 [mem 0x2080000000-0x9e7fffffff] non-volatile
[    0.014734] ACPI: SRAT: Node 1 PXM 1 [mem 0x1080000000-0x207fffffff]
[    0.014735] ACPI: SRAT: Node 3 PXM 3 [mem 0x9e80000000-0x11c7fffffff] non-volatile
[    0.014744] NUMA: Initialized distance table, cnt=4
[    0.014746] NUMA: Node 0 [mem 0x00000000-0x7fffffff] + [mem 0x100000000-0x107fffffff] -> [mem 0x00000000-0x107fffffff]
[    0.014754] NODE_DATA(0) allocated [mem 0xffffd5000-0xfffffffff]
[    0.014772] NODE_DATA(1) allocated [mem 0x20658f2000-0x206591cfff]
[    0.014927] Zone ranges:
[    0.014927]   DMA      [mem 0x0000000000001000-0x0000000000ffffff]
[    0.014929]   DMA32    [mem 0x0000000001000000-0x00000000ffffffff]
[    0.014929]   Normal   [mem 0x0000000100000000-0x000000207fffffff]
[    0.014930]   Device   empty
[    0.014931] Movable zone start for each node
[    0.014934] Early memory node ranges
[    0.014935]   node   0: [mem 0x0000000000001000-0x000000000008efff]
[    0.014936]   node   0: [mem 0x0000000000090000-0x000000000009ffff]
[    0.014936]   node   0: [mem 0x0000000000100000-0x0000000049e76fff]
[    0.014937]   node   0: [mem 0x000000004ae77000-0x000000004b2cefff]
[    0.014937]   node   0: [mem 0x000000004b54e000-0x000000004bd93fff]
[    0.014938]   node   0: [mem 0x000000004be9a000-0x000000004cdfffff]
[    0.014938]   node   0: [mem 0x000000004d000000-0x000000005eefdfff]
[    0.014939]   node   0: [mem 0x000000006f7ff000-0x000000006f7fffff]
[    0.014939]   node   0: [mem 0x0000000c75800000-0x0000000fffffffff]
[    0.014941]   node   1: [mem 0x0000001ec0000000-0x000000207fffffff]
[    0.015571] Zeroed struct page in unavailable ranges: 65256 pages
[    0.015573] Initmem setup node 0 [mem 0x0000000000001000-0x0000000fffffffff]
[    0.015575] On node 0 totalpages: 4096280
[    0.015576]   DMA zone: 64 pages used for memmap
[    0.015576]   DMA zone: 1102 pages reserved
[    0.015577]   DMA zone: 3998 pages, LIFO batch:0
[    0.015619]   DMA32 zone: 5926 pages used for memmap
[    0.015620]   DMA32 zone: 379258 pages, LIFO batch:63
[    0.021719]   Normal zone: 58016 pages used for memmap
[    0.021720]   Normal zone: 3713024 pages, LIFO batch:63
[    0.087282] Initmem setup node 1 [mem 0x0000001ec0000000-0x000000207fffffff]
[    0.087284] On node 1 totalpages: 1835008
[    0.087285]   Normal zone: 28672 pages used for memmap
[    0.087286]   Normal zone: 1835008 pages, LIFO batch:63
[    0.107556] ACPI: PM-Timer IO Port: 0x508
[    0.107559] ACPI: Local APIC address 0xfee00000
[    0.107575] ACPI: X2APIC_NMI (uid[0xffffffff] high edge lint[0x1])
[    0.107577] ACPI: LAPIC_NMI (acpi_id[0xff] high edge lint[0x1])
[    0.107596] IOAPIC[0]: apic_id 8, version 32, address 0xfec00000, GSI 0-119
[    0.107598] ACPI: INT_SRC_OVR (bus 0 bus_irq 0 global_irq 2 dfl dfl)
[    0.107599] ACPI: INT_SRC_OVR (bus 0 bus_irq 9 global_irq 9 high level)
[    0.107600] ACPI: IRQ0 used by override.
[    0.107601] ACPI: IRQ9 used by override.
[    0.107604] Using ACPI (MADT) for SMP configuration information
[    0.107605] ACPI: HPET id: 0x8086a701 base: 0xfed00000
[    0.107608] smpboot: Allowing 112 CPUs, 0 hotplug CPUs
[    0.107632] PM: Registered nosave memory: [mem 0x00000000-0x00000fff]
[    0.107634] PM: Registered nosave memory: [mem 0x0008f000-0x0008ffff]
[    0.107635] PM: Registered nosave memory: [mem 0x000a0000-0x000fffff]
[    0.107637] PM: Registered nosave memory: [mem 0x47bcd000-0x47bcdfff]
[    0.107638] PM: Registered nosave memory: [mem 0x47bfe000-0x47bfefff]
[    0.107639] PM: Registered nosave memory: [mem 0x47bff000-0x47bfffff]
[    0.107640] PM: Registered nosave memory: [mem 0x47c31000-0x47c31fff]
[    0.107641] PM: Registered nosave memory: [mem 0x47c32000-0x47c32fff]
[    0.107642] PM: Registered nosave memory: [mem 0x47c64000-0x47c64fff]
[    0.107643] PM: Registered nosave memory: [mem 0x47c65000-0x47c65fff]
[    0.107644] PM: Registered nosave memory: [mem 0x47c6d000-0x47c6dfff]
[    0.107645] PM: Registered nosave memory: [mem 0x49e77000-0x4ae76fff]
[    0.107647] PM: Registered nosave memory: [mem 0x4b2cf000-0x4b54dfff]
[    0.107648] PM: Registered nosave memory: [mem 0x4bd94000-0x4be99fff]
[    0.107650] PM: Registered nosave memory: [mem 0x4ce00000-0x4cffffff]
[    0.107651] PM: Registered nosave memory: [mem 0x5eefe000-0x6e3fefff]
[    0.107652] PM: Registered nosave memory: [mem 0x6e3ff000-0x6f3fefff]
[    0.107652] PM: Registered nosave memory: [mem 0x6f3ff000-0x6f7fefff]
[    0.107654] PM: Registered nosave memory: [mem 0x6f800000-0x8fffffff]
[    0.107654] PM: Registered nosave memory: [mem 0x90000000-0xfdffffff]
[    0.107654] PM: Registered nosave memory: [mem 0xfe000000-0xfe010fff]
[    0.107655] PM: Registered nosave memory: [mem 0xfe011000-0xffffffff]
[    0.107655] PM: Registered nosave memory: [mem 0x100000000-0xc757fffff]
[    0.107657] PM: Registered nosave memory: [mem 0x1000000000-0x1ebfffffff]
[    0.107658] [mem 0x90000000-0xfdffffff] available for PCI devices
[    0.107659] Booting paravirtualized kernel on bare hardware
[    0.107662] clocksource: refined-jiffies: mask: 0xffffffff max_cycles: 0xffffffff, max_idle_ns: 7645519600211568 ns
[    0.107668] setup_percpu: NR_CPUS:8192 nr_cpumask_bits:112 nr_cpu_ids:112 nr_node_ids:4
[    0.112264] percpu: Embedded 55 pages/cpu s188416 r8192 d28672 u262144
[    0.112274] pcpu-alloc: s188416 r8192 d28672 u262144 alloc=1*2097152
[    0.112275] pcpu-alloc: [0] 000 002 004 006 008 010 012 014 
[    0.112278] pcpu-alloc: [0] 016 018 020 022 024 026 028 030 
[    0.112279] pcpu-alloc: [0] 032 034 036 038 040 042 044 046 
[    0.112281] pcpu-alloc: [0] 048 050 052 054 056 058 060 062 
[    0.112282] pcpu-alloc: [0] 064 066 068 070 072 074 076 078 
[    0.112283] pcpu-alloc: [0] 080 082 084 086 088 090 092 094 
[    0.112285] pcpu-alloc: [0] 096 098 100 102 104 106 108 110 
[    0.112286] pcpu-alloc: [1] 001 003 005 007 009 011 013 015 
[    0.112288] pcpu-alloc: [1] 017 019 021 023 025 027 029 031 
[    0.112289] pcpu-alloc: [1] 033 035 037 039 041 043 045 047 
[    0.112291] pcpu-alloc: [1] 049 051 053 055 057 059 061 063 
[    0.112292] pcpu-alloc: [1] 065 067 069 071 073 075 077 079 
[    0.112293] pcpu-alloc: [1] 081 083 085 087 089 091 093 095 
[    0.112295] pcpu-alloc: [1] 097 099 101 103 105 107 109 111 
[    0.112337] Built 2 zonelists, mobility grouping on.  Total pages: 5837508
[    0.112338] Policy zone: Normal
[    0.112339] Kernel command line: BOOT_IMAGE=/boot/vmlinuz-5.3.1-multiclock root=UUID=ce0c24b8-724b-4f33-9b2c-618433560aef ro memmap=46936M!4096M memmap=59G!64G quiet splash nomodeset vt.handoff=1
[    0.112444] You have booted with nomodeset. This means your GPU drivers are DISABLED
[    0.112445] Any video related functionality will be severely degraded, and you may not even be able to suspend the system properly
[    0.112445] Unless you actually understand what nomodeset does, you should reboot without enabling it
[    0.112462] printk: log_buf_len individual max cpu contribution: 4096 bytes
[    0.112462] printk: log_buf_len total cpu_extra contributions: 454656 bytes
[    0.112463] printk: log_buf_len min size: 262144 bytes
[    0.112616] printk: log_buf_len: 1048576 bytes
[    0.112617] printk: early log buf free: 221788(84%)
[    0.114120] mem auto-init: stack:off, heap alloc:on, heap free:off
[    0.120100] Calgary: detecting Calgary via BIOS EBDA area
[    0.120101] Calgary: Unable to locate Rio Grande table in EBDA - bailing!
[    0.170789] Memory: 22663992K/23725152K available (14339K kernel code, 2373K rwdata, 4660K rodata, 2680K init, 5056K bss, 1061160K reserved, 0K cma-reserved)
[    0.171395] SLUB: HWalign=64, Order=0-3, MinObjects=0, CPUs=112, Nodes=4
[    0.171427] ftrace: allocating 43047 entries in 169 pages
[    0.187650] rcu: Hierarchical RCU implementation.
[    0.187651] rcu: 	RCU restricting CPUs from NR_CPUS=8192 to nr_cpu_ids=112.
[    0.187652] 	Tasks RCU enabled.
[    0.187653] rcu: RCU calculated value of scheduler-enlistment delay is 25 jiffies.
[    0.187654] rcu: Adjusting geometry for rcu_fanout_leaf=16, nr_cpu_ids=112
[    0.190250] NR_IRQS: 524544, nr_irqs: 2952, preallocated irqs: 16
[    0.190591] random: crng done (trusting CPU's manufacturer)
[    0.190747] Console: colour dummy device 80x25
[    0.190762] printk: console [tty0] enabled
[    0.190852] mempolicy: Enabling automatic NUMA balancing. Configure with numa_balancing= or the kernel.numa_balancing sysctl
[    0.190854] ACPI: Core revision 20190703
[    0.194276] clocksource: hpet: mask: 0xffffffff max_cycles: 0xffffffff, max_idle_ns: 79635855245 ns
[    0.194318] APIC: Switch to symmetric I/O mode setup
[    0.194320] DMAR: Host address width 46
[    0.194321] DMAR: DRHD base: 0x000000d0ffc000 flags: 0x0
[    0.194326] DMAR: dmar0: reg_base_addr d0ffc000 ver 4:0 cap 8ed008c40780466 ecap 60000f050df
[    0.194327] DMAR: DRHD base: 0x000000dbbfc000 flags: 0x0
[    0.194330] DMAR: dmar1: reg_base_addr dbbfc000 ver 4:0 cap 8ed008c40780466 ecap 60000f050df
[    0.194331] DMAR: DRHD base: 0x000000e67fc000 flags: 0x0
[    0.194334] DMAR: dmar2: reg_base_addr e67fc000 ver 4:0 cap 8ed008c40780466 ecap 60000f050df
[    0.194335] DMAR: DRHD base: 0x000000f13fc000 flags: 0x0
[    0.194338] DMAR: dmar3: reg_base_addr f13fc000 ver 4:0 cap 8ed008c40780466 ecap 60000f050df
[    0.194338] DMAR: DRHD base: 0x000000fb7fc000 flags: 0x0
[    0.194341] DMAR: dmar4: reg_base_addr fb7fc000 ver 4:0 cap 8ed008c40780466 ecap 60000f050df
[    0.194342] DMAR: DRHD base: 0x000000a63fc000 flags: 0x0
[    0.194345] DMAR: dmar5: reg_base_addr a63fc000 ver 4:0 cap 8ed008c40780466 ecap 60000f050df
[    0.194346] DMAR: DRHD base: 0x000000b0ffc000 flags: 0x0
[    0.194348] DMAR: dmar6: reg_base_addr b0ffc000 ver 4:0 cap 8ed008c40780466 ecap 60000f050df
[    0.194349] DMAR: DRHD base: 0x000000bbbfc000 flags: 0x0
[    0.194353] DMAR: dmar7: reg_base_addr bbbfc000 ver 4:0 cap 8ed008c40780466 ecap 60000f050df
[    0.194354] DMAR: DRHD base: 0x000000c5ffc000 flags: 0x0
[    0.194357] DMAR: dmar8: reg_base_addr c5ffc000 ver 4:0 cap 8ed008c40780466 ecap 60000f050df
[    0.194357] DMAR: DRHD base: 0x0000009b7fc000 flags: 0x1
[    0.194360] DMAR: dmar9: reg_base_addr 9b7fc000 ver 4:0 cap 8ed008c40780466 ecap 60000f050df
[    0.194361] DMAR: RMRR base: 0x00000069427000 end: 0x00000069429fff
[    0.194361] DMAR: ATSR flags: 0x0
[    0.194363] DMAR-IR: IOAPIC id 8 under DRHD base  0x9b7fc000 IOMMU 9
[    0.194364] DMAR-IR: HPET id 0 under DRHD base 0x9b7fc000
[    0.194365] DMAR-IR: Queued invalidation will be enabled to support x2apic and Intr-remapping.
[    0.196727] DMAR-IR: Enabled IRQ remapping in x2apic mode
[    0.199366] ..TIMER: vector=0x30 apic1=0 pin1=2 apic2=-1 pin2=-1
[    0.218246] clocksource: tsc-early: mask: 0xffffffffffffffff max_cycles: 0x39a85c9bff6, max_idle_ns: 881590591483 ns
[    0.218250] Calibrating delay loop (skipped), value calculated using timer frequency.. 4000.00 BogoMIPS (lpj=8000000)
[    0.218252] pid_max: default: 114688 minimum: 896
[    0.222231] LSM: Security Framework initializing
[    0.222265] Yama: becoming mindful.
[    0.222623] AppArmor: AppArmor initialized
[    0.227132] Dentry cache hash table entries: 4194304 (order: 13, 33554432 bytes, vmalloc)
[    0.229401] Inode-cache hash table entries: 2097152 (order: 12, 16777216 bytes, vmalloc)
[    0.229526] Mount-cache hash table entries: 65536 (order: 7, 524288 bytes, vmalloc)
[    0.229597] Mountpoint-cache hash table entries: 65536 (order: 7, 524288 bytes, vmalloc)
[    0.229866] *** VALIDATE proc ***
[    0.230081] *** VALIDATE cgroup1 ***
[    0.230082] *** VALIDATE cgroup2 ***
[    0.230196] x86/tme: not enabled by BIOS
[    0.230199] x86/cpu: User Mode Instruction Prevention (UMIP) activated
[    0.230279] mce: CPU0: Thermal monitoring enabled (TM1)
[    0.230490] process: using mwait in idle threads
[    0.230492] Last level iTLB entries: 4KB 0, 2MB 0, 4MB 0
[    0.230492] Last level dTLB entries: 4KB 0, 2MB 0, 4MB 0, 1GB 0
[    0.230495] Spectre V1 : Mitigation: usercopy/swapgs barriers and __user pointer sanitization
[    0.230497] Spectre V2 : Mitigation: Enhanced IBRS
[    0.230497] Spectre V2 : Spectre v2 / SpectreRSB mitigation: Filling RSB on context switch
[    0.230498] Spectre V2 : mitigation: Enabling conditional Indirect Branch Prediction Barrier
[    0.230499] Speculative Store Bypass: Mitigation: Speculative Store Bypass disabled via prctl and seccomp
[    0.230754] Freeing SMP alternatives memory: 40K
[    0.234390] TSC deadline timer enabled
[    0.234398] smpboot: CPU0: Intel(R) Xeon(R) Gold 6330 CPU @ 2.00GHz (family: 0x6, model: 0x6a, stepping: 0x6)
[    0.234581] Performance Events: PEBS fmt4+-baseline, Icelake events, 32-deep LBR, full-width counters, Intel PMU driver.
[    0.234586] ... version:                5
[    0.234587] ... bit width:              48
[    0.234587] ... generic registers:      8
[    0.234587] ... value mask:             0000ffffffffffff
[    0.234588] ... max period:             00007fffffffffff
[    0.234588] ... fixed-purpose events:   4
[    0.234589] ... event mask:             0000000f000000ff
[    0.234681] rcu: Hierarchical SRCU implementation.
[    0.241977] NMI watchdog: Enabled. Permanently consumes one hw-PMU counter.
[    0.243219] smp: Bringing up secondary CPUs ...
[    0.243336] x86: Booting SMP configuration:
[    0.243337] .... node  #1, CPUs:          #1
[    0.003719] smpboot: CPU 1 Converting physical 0 to logical die 1
[    0.330357] .... node  #0, CPUs:     #2
[    0.335706] .... node  #1, CPUs:     #3
[    0.341098] .... node  #0, CPUs:     #4
[    0.346450] .... node  #1, CPUs:     #5
[    0.351788] .... node  #0, CPUs:     #6
[    0.357339] .... node  #1, CPUs:     #7
[    0.362888] .... node  #0, CPUs:     #8
[    0.368139] .... node  #1, CPUs:     #9
[    0.373834] .... node  #0, CPUs:    #10
[    0.379524] .... node  #1, CPUs:    #11
[    0.385216] .... node  #0, CPUs:    #12
[    0.390703] .... node  #1, CPUs:    #13
[    0.396015] .... node  #0, CPUs:    #14
[    0.401215] .... node  #1, CPUs:    #15
[    0.406497] .... node  #0, CPUs:    #16
[    0.411734] .... node  #1, CPUs:    #17
[    0.417012] .... node  #0, CPUs:    #18
[    0.422408] .... node  #1, CPUs:    #19
[    0.427845] .... node  #0, CPUs:    #20
[    0.433046] .... node  #1, CPUs:    #21
[    0.438604] .... node  #0, CPUs:    #22
[    0.444018] .... node  #1, CPUs:    #23
[    0.449248] .... node  #0, CPUs:    #24
[    0.454851] .... node  #1, CPUs:    #25
[    0.460137] .... node  #0, CPUs:    #26
[    0.465314] .... node  #1, CPUs:    #27
[    0.470580] .... node  #0, CPUs:    #28
[    0.476052] .... node  #1, CPUs:    #29
[    0.481314] .... node  #0, CPUs:    #30
[    0.486501] .... node  #1, CPUs:    #31
[    0.491931] .... node  #0, CPUs:    #32
[    0.497195] .... node  #1, CPUs:    #33
[    0.502524] .... node  #0, CPUs:    #34
[    0.507937] .... node  #1, CPUs:    #35
[    0.513209] .... node  #0, CPUs:    #36
[    0.518401] .... node  #1, CPUs:    #37
[    0.523670] .... node  #0, CPUs:    #38
[    0.529192] .... node  #1, CPUs:    #39
[    0.534687] .... node  #0, CPUs:    #40
[    0.540260] .... node  #1, CPUs:    #41
[    0.545962] .... node  #0, CPUs:    #42
[    0.551233] .... node  #1, CPUs:    #43
[    0.556843] .... node  #0, CPUs:    #44
[    0.562410] .... node  #1, CPUs:    #45
[    0.567605] .... node  #0, CPUs:    #46
[    0.573114] .... node  #1, CPUs:    #47
[    0.578520] .... node  #0, CPUs:    #48
[    0.583824] .... node  #1, CPUs:    #49
[    0.589215] .... node  #0, CPUs:    #50
[    0.594662] .... node  #1, CPUs:    #51
[    0.600259] .... node  #0, CPUs:    #52
[    0.605690] .... node  #1, CPUs:    #53
[    0.611235] .... node  #0, CPUs:    #54
[    0.616909] .... node  #1, CPUs:    #55
[    0.622669] .... node  #0, CPUs:    #56
[    0.628491] .... node  #1, CPUs:    #57
[    0.634358] .... node  #0, CPUs:    #58
[    0.639720] .... node  #1, CPUs:    #59
[    0.645123] .... node  #0, CPUs:    #60
[    0.650463] .... node  #1, CPUs:    #61
[    0.655836] .... node  #0, CPUs:    #62
[    0.661395] .... node  #1, CPUs:    #63
[    0.666956] .... node  #0, CPUs:    #64
[    0.672235] .... node  #1, CPUs:    #65
[    0.677940] .... node  #0, CPUs:    #66
[    0.683638] .... node  #1, CPUs:    #67
[    0.689367] .... node  #0, CPUs:    #68
[    0.694855] .... node  #1, CPUs:    #69
[    0.700199] .... node  #0, CPUs:    #70
[    0.705398] .... node  #1, CPUs:    #71
[    0.710694] .... node  #0, CPUs:    #72
[    0.715947] .... node  #1, CPUs:    #73
[    0.721241] .... node  #0, CPUs:    #74
[    0.726473] .... node  #1, CPUs:    #75
[    0.732089] .... node  #0, CPUs:    #76
[    0.737302] .... node  #1, CPUs:    #77
[    0.742905] .... node  #0, CPUs:    #78
[    0.748321] .... node  #1, CPUs:    #79
[    0.753585] .... node  #0, CPUs:    #80
[    0.759196] .... node  #1, CPUs:    #81
[    0.764518] .... node  #0, CPUs:    #82
[    0.769719] .... node  #1, CPUs:    #83
[    0.775015] .... node  #0, CPUs:    #84
[    0.780509] .... node  #1, CPUs:    #85
[    0.785780] .... node  #0, CPUs:    #86
[    0.790988] .... node  #1, CPUs:    #87
[    0.796442] .... node  #0, CPUs:    #88
[    0.801708] .... node  #1, CPUs:    #89
[    0.807060] .... node  #0, CPUs:    #90
[    0.812476] .... node  #1, CPUs:    #91
[    0.817762] .... node  #0, CPUs:    #92
[    0.822956] .... node  #1, CPUs:    #93
[    0.828251] .... node  #0, CPUs:    #94
[    0.833796] .... node  #1, CPUs:    #95
[    0.839287] .... node  #0, CPUs:    #96
[    0.844876] .... node  #1, CPUs:    #97
[    0.850608] .... node  #0, CPUs:    #98
[    0.855899] .... node  #1, CPUs:    #99
[    0.861528] .... node  #0, CPUs:   #100
[    0.866860] .... node  #1, CPUs:   #101
[    0.872311] .... node  #0, CPUs:   #102
[    0.877833] .... node  #1, CPUs:   #103
[    0.883263] .... node  #0, CPUs:   #104
[    0.888592] .... node  #1, CPUs:   #105
[    0.894004] .... node  #0, CPUs:   #106
[    0.899470] .... node  #1, CPUs:   #107
[    0.905091] .... node  #0, CPUs:   #108
[    0.910529] .... node  #1, CPUs:   #109
[    0.916105] .... node  #0, CPUs:   #110
[    0.921783] .... node  #1, CPUs:   #111
[    0.927552] smp: Brought up 2 nodes, 112 CPUs
[    0.927552] smpboot: Max logical packages: 2
[    0.927552] smpboot: Total of 112 processors activated (448061.46 BogoMIPS)
[    0.937078] devtmpfs: initialized
[    0.937078] x86/mm: Memory block size: 2048MB
[    0.937078] PM: Registering ACPI NVS region [mem 0x49e77000-0x4ae76fff] (16777216 bytes)
[    0.937078] PM: Registering ACPI NVS region [mem 0x6e3ff000-0x6f3fefff] (16777216 bytes)
[    0.937078] clocksource: jiffies: mask: 0xffffffff max_cycles: 0xffffffff, max_idle_ns: 7645041785100000 ns
[    0.937078] futex hash table entries: 32768 (order: 9, 2097152 bytes, vmalloc)
[    0.938267] pinctrl core: initialized pinctrl subsystem
[    0.938267] PM: RTC time: 15:03:23, date: 2024-06-24
[    0.938267] NET: Registered protocol family 16
[    0.938267] audit: initializing netlink subsys (disabled)
[    0.938267] audit: type=2000 audit(1719241402.748:1): state=initialized audit_enabled=0 res=1
[    0.938329] EISA bus registered
[    0.938347] cpuidle: using governor ladder
[    0.938347] cpuidle: using governor menu
[    0.938347] ACPI FADT declares the system doesn't support PCIe ASPM, so disable it
[    0.938347] ACPI: bus type PCI registered
[    0.938347] acpiphp: ACPI Hot Plug PCI Controller Driver version: 0.5
[    0.938391] PCI: MMCONFIG for domain 0000 [bus 00-ff] at [mem 0x80000000-0x8fffffff] (base 0x80000000)
[    0.938405] PCI: MMCONFIG at [mem 0x80000000-0x8fffffff] reserved in E820
[    0.938405] pmd_set_huge: Cannot satisfy [mem 0x80000000-0x80200000] with a huge-page mapping due to MTRR override.
[    0.938509] PCI: Using configuration type 1 for base access
[    0.938518] PCI: Dell System detected, enabling pci=bfsort.
[    0.942252] ENERGY_PERF_BIAS: Set to 'normal', was 'performance'
[    0.946530] HugeTLB registered 1.00 GiB page size, pre-allocated 0 pages
[    0.946530] HugeTLB registered 2.00 MiB page size, pre-allocated 0 pages
[    0.950266] ACPI: Added _OSI(Module Device)
[    0.950266] ACPI: Added _OSI(Processor Device)
[    0.950266] ACPI: Added _OSI(3.0 _SCP Extensions)
[    0.950266] ACPI: Added _OSI(Processor Aggregator Device)
[    0.950266] ACPI: Added _OSI(Linux-Dell-Video)
[    0.950266] ACPI: Added _OSI(Linux-Lenovo-NV-HDMI-Audio)
[    0.950266] ACPI: Added _OSI(Linux-HPI-Hybrid-Graphics)
[    1.114174] ACPI: 8 ACPI AML tables successfully acquired and loaded
[    1.121242] ACPI: [Firmware Bug]: BIOS _OSI(Linux) query ignored
[    1.127869] ACPI: Dynamic OEM Table Load:
[    1.518372] ACPI: Interpreter enabled
[    1.518390] ACPI: (supports S0 S5)
[    1.518391] ACPI: Using IOAPIC for interrupt routing
[    1.518479] HEST: Table parsing has been initialized.
[    1.518481] PCI: Using host bridge windows from ACPI; if necessary, use "pci=nocrs" and report a bug
[    1.547155] ACPI: Enabled 4 GPEs in block 00 to 7F
[    1.671197] ACPI: PCI Root Bridge [PC00] (domain 0000 [bus 00-15])
[    1.671201] acpi PNP0A08:00: _OSC: OS supports [ExtendedConfig ASPM ClockPM Segments MSI HPX-Type3]
[    1.671278] acpi PNP0A08:00: PCIe AER handled by firmware
[    1.671389] acpi PNP0A08:00: _OSC: platform does not support [SHPCHotplug LTR]
[    1.671595] acpi PNP0A08:00: _OSC: OS now controls [PCIeHotplug PME PCIeCapability]
[    1.671595] acpi PNP0A08:00: FADT indicates ASPM is unsupported, using BIOS configuration
[    1.673381] PCI host bridge to bus 0000:00
[    1.673383] pci_bus 0000:00: root bus resource [io  0x0000-0x0cf7 window]
[    1.673384] pci_bus 0000:00: root bus resource [io  0x1000-0x4fff window]
[    1.673385] pci_bus 0000:00: root bus resource [mem 0x000a0000-0x000bffff window]
[    1.673385] pci_bus 0000:00: root bus resource [mem 0x000c8000-0x000cffff window]
[    1.673386] pci_bus 0000:00: root bus resource [mem 0xfe010000-0xfe010fff window]
[    1.673387] pci_bus 0000:00: root bus resource [mem 0x90000000-0x9b7fffff window]
[    1.673387] pci_bus 0000:00: root bus resource [mem 0x200000000000-0x20ffffffffff window]
[    1.673388] pci_bus 0000:00: root bus resource [bus 00-15]
[    1.673399] pci 0000:00:00.0: [8086:09a2] type 00 class 0x088000
[    1.674122] pci 0000:00:00.1: [8086:09a4] type 00 class 0x088000
[    1.674830] pci 0000:00:00.2: [8086:09a3] type 00 class 0x088000
[    1.675536] pci 0000:00:00.4: [8086:0998] type 00 class 0x060000
[    1.676245] pci 0000:00:02.0: [8086:09a6] type 00 class 0x088000
[    1.676254] pci 0000:00:02.0: reg 0x10: [mem 0x92dfc000-0x92dfdfff]
[    1.676953] pci 0000:00:02.1: [8086:09a7] type 00 class 0x088000
[    1.676962] pci 0000:00:02.1: reg 0x10: [mem 0x92d00000-0x92d7ffff]
[    1.676967] pci 0000:00:02.1: reg 0x14: [mem 0x92c80000-0x92cfffff]
[    1.677666] pci 0000:00:02.4: [8086:3456] type 00 class 0x130000
[    1.677677] pci 0000:00:02.4: reg 0x10: [mem 0x92a00000-0x92afffff 64bit]
[    1.677683] pci 0000:00:02.4: reg 0x18: [mem 0x92df0000-0x92df3fff 64bit]
[    1.677690] pci 0000:00:02.4: reg 0x20: [mem 0x92dc0000-0x92ddffff 64bit]
[    1.678402] pci 0000:00:11.0: [8086:a1ec] type 00 class 0xff0000
[    1.679177] pci 0000:00:11.5: [8086:a1d2] type 00 class 0x010601
[    1.679194] pci 0000:00:11.5: reg 0x10: [mem 0x92dfa000-0x92dfbfff]
[    1.679201] pci 0000:00:11.5: reg 0x14: [mem 0x92e05000-0x92e050ff]
[    1.679208] pci 0000:00:11.5: reg 0x18: [io  0x2068-0x206f]
[    1.679215] pci 0000:00:11.5: reg 0x1c: [io  0x2074-0x2077]
[    1.679222] pci 0000:00:11.5: reg 0x20: [io  0x2040-0x205f]
[    1.679229] pci 0000:00:11.5: reg 0x24: [mem 0x92b80000-0x92bfffff]
[    1.679267] pci 0000:00:11.5: PME# supported from D3hot
[    1.679989] pci 0000:00:14.0: [8086:a1af] type 00 class 0x0c0330
[    1.680010] pci 0000:00:14.0: reg 0x10: [mem 0x92de0000-0x92deffff 64bit]
[    1.680074] pci 0000:00:14.0: PME# supported from D3hot D3cold
[    1.680792] pci 0000:00:14.2: [8086:a1b1] type 00 class 0x118000
[    1.680812] pci 0000:00:14.2: reg 0x10: [mem 0x92e02000-0x92e02fff 64bit]
[    1.681560] pci 0000:00:16.0: [8086:a1ba] type 00 class 0x078000
[    1.681588] pci 0000:00:16.0: reg 0x10: [mem 0x92e01000-0x92e01fff 64bit]
[    1.681672] pci 0000:00:16.0: PME# supported from D3hot
[    1.682362] pci 0000:00:16.1: [8086:a1bb] type 00 class 0x078000
[    1.682390] pci 0000:00:16.1: reg 0x10: [mem 0x92e00000-0x92e00fff 64bit]
[    1.682475] pci 0000:00:16.1: PME# supported from D3hot
[    1.683168] pci 0000:00:16.4: [8086:a1be] type 00 class 0x078000
[    1.683196] pci 0000:00:16.4: reg 0x10: [mem 0x92dff000-0x92dfffff 64bit]
[    1.683280] pci 0000:00:16.4: PME# supported from D3hot
[    1.683971] pci 0000:00:17.0: [8086:a182] type 00 class 0x010601
[    1.683988] pci 0000:00:17.0: reg 0x10: [mem 0x92df8000-0x92df9fff]
[    1.683995] pci 0000:00:17.0: reg 0x14: [mem 0x92e04000-0x92e040ff]
[    1.684002] pci 0000:00:17.0: reg 0x18: [io  0x2060-0x2067]
[    1.684009] pci 0000:00:17.0: reg 0x1c: [io  0x2070-0x2073]
[    1.684015] pci 0000:00:17.0: reg 0x20: [io  0x2020-0x203f]
[    1.684022] pci 0000:00:17.0: reg 0x24: [mem 0x92b00000-0x92b7ffff]
[    1.684060] pci 0000:00:17.0: PME# supported from D3hot
[    1.684783] pci 0000:00:1c.0: [8086:a190] type 01 class 0x060400
[    1.684861] pci 0000:00:1c.0: PME# supported from D0 D3hot D3cold
[    1.685633] pci 0000:00:1c.4: [8086:a194] type 01 class 0x060400
[    1.685705] pci 0000:00:1c.4: PME# supported from D0 D3hot D3cold
[    1.686466] pci 0000:00:1c.5: [8086:a195] type 01 class 0x060400
[    1.686539] pci 0000:00:1c.5: PME# supported from D0 D3hot D3cold
[    1.687308] pci 0000:00:1f.0: [8086:a1cb] type 00 class 0x060100
[    1.688123] pci 0000:00:1f.2: [8086:a1a1] type 00 class 0x058000
[    1.688139] pci 0000:00:1f.2: reg 0x10: [mem 0x92df4000-0x92df7fff]
[    1.688898] pci 0000:00:1f.4: [8086:a1a3] type 00 class 0x0c0500
[    1.688918] pci 0000:00:1f.4: reg 0x10: [mem 0x92dfe000-0x92dfe0ff 64bit]
[    1.688941] pci 0000:00:1f.4: reg 0x20: [io  0x2000-0x201f]
[    1.689638] pci 0000:00:1f.5: [8086:a1a4] type 00 class 0x0c8000
[    1.689654] pci 0000:00:1f.5: reg 0x10: [mem 0xfe010000-0xfe010fff]
[    1.690411] pci 0000:00:1c.0: PCI bridge to [bus 01]
[    1.690461] pci 0000:02:00.0: [1556:be00] type 01 class 0x060400
[    1.690629] pci 0000:00:1c.4: PCI bridge to [bus 02-03]
[    1.690633] pci 0000:00:1c.4:   bridge window [mem 0x92000000-0x928fffff]
[    1.690637] pci 0000:00:1c.4:   bridge window [mem 0x91000000-0x91ffffff 64bit pref]
[    1.690668] pci_bus 0000:03: extended config space not accessible
[    1.690686] pci 0000:03:00.0: [102b:0536] type 00 class 0x030000
[    1.690705] pci 0000:03:00.0: reg 0x10: [mem 0x91000000-0x91ffffff pref]
[    1.690715] pci 0000:03:00.0: reg 0x14: [mem 0x92808000-0x9280bfff]
[    1.690725] pci 0000:03:00.0: reg 0x18: [mem 0x92000000-0x927fffff]
[    1.690773] pci 0000:03:00.0: BAR 0: assigned to efifb
[    1.690867] pci 0000:02:00.0: PCI bridge to [bus 03]
[    1.690875] pci 0000:02:00.0:   bridge window [mem 0x92000000-0x928fffff]
[    1.690881] pci 0000:02:00.0:   bridge window [mem 0x91000000-0x91ffffff 64bit pref]
[    1.690946] pci 0000:04:00.0: [14e4:165f] type 00 class 0x020000
[    1.690978] pci 0000:04:00.0: reg 0x10: [mem 0x92930000-0x9293ffff 64bit pref]
[    1.690993] pci 0000:04:00.0: reg 0x18: [mem 0x92940000-0x9294ffff 64bit pref]
[    1.691008] pci 0000:04:00.0: reg 0x20: [mem 0x92950000-0x9295ffff 64bit pref]
[    1.691018] pci 0000:04:00.0: reg 0x30: [mem 0xfffc0000-0xffffffff pref]
[    1.691110] pci 0000:04:00.0: PME# supported from D0 D3hot D3cold
[    1.691149] pci 0000:04:00.0: 4.000 Gb/s available PCIe bandwidth, limited by 5 GT/s x1 link at 0000:00:1c.5 (capable of 8.000 Gb/s with 5 GT/s x2 link)
[    1.691280] pci 0000:04:00.1: [14e4:165f] type 00 class 0x020000
[    1.691312] pci 0000:04:00.1: reg 0x10: [mem 0x92900000-0x9290ffff 64bit pref]
[    1.691327] pci 0000:04:00.1: reg 0x18: [mem 0x92910000-0x9291ffff 64bit pref]
[    1.691342] pci 0000:04:00.1: reg 0x20: [mem 0x92920000-0x9292ffff 64bit pref]
[    1.691352] pci 0000:04:00.1: reg 0x30: [mem 0xfffc0000-0xffffffff pref]
[    1.691444] pci 0000:04:00.1: PME# supported from D0 D3hot D3cold
[    1.691592] pci 0000:00:1c.5: PCI bridge to [bus 04]
[    1.691599] pci 0000:00:1c.5:   bridge window [mem 0x92900000-0x929fffff 64bit pref]
[    1.691613] pci_bus 0000:00: on NUMA node 0
[    1.692160] ACPI: PCI Root Bridge [PC01] (domain 0000 [bus 16-2f])
[    1.692162] acpi PNP0A08:01: _OSC: OS supports [ExtendedConfig ASPM ClockPM Segments MSI HPX-Type3]
[    1.692259] acpi PNP0A08:01: PCIe AER handled by firmware
[    1.692366] acpi PNP0A08:01: _OSC: platform does not support [SHPCHotplug]
[    1.692565] acpi PNP0A08:01: _OSC: OS now controls [PCIeHotplug PME PCIeCapability LTR]
[    1.692566] acpi PNP0A08:01: FADT indicates ASPM is unsupported, using BIOS configuration
[    1.692688] PCI host bridge to bus 0000:16
[    1.692689] pci_bus 0000:16: root bus resource [io  0x5000-0x6fff window]
[    1.692690] pci_bus 0000:16: root bus resource [mem 0x9b800000-0xa63fffff window]
[    1.692691] pci_bus 0000:16: root bus resource [mem 0x210000000000-0x21ffffffffff window]
[    1.692692] pci_bus 0000:16: root bus resource [bus 16-2f]
[    1.692699] pci 0000:16:00.0: [8086:09a2] type 00 class 0x088000
[    1.692765] pci 0000:16:00.1: [8086:09a4] type 00 class 0x088000
[    1.692827] pci 0000:16:00.2: [8086:09a3] type 00 class 0x088000
[    1.692891] pci 0000:16:00.4: [8086:0998] type 00 class 0x060000
[    1.692953] pci 0000:16:02.0: [8086:347a] type 01 class 0x060400
[    1.692966] pci 0000:16:02.0: reg 0x10: [mem 0x21fffff00000-0x21fffff1ffff 64bit]
[    1.693002] pci 0000:16:02.0: PME# supported from D0 D3hot D3cold
[    1.693296] pci 0000:17:00.0: [1000:10e2] type 00 class 0x010400
[    1.693316] pci 0000:17:00.0: reg 0x10: [mem 0x9b800000-0x9b8fffff 64bit pref]
[    1.693324] pci 0000:17:00.0: reg 0x18: [mem 0x9b900000-0x9b9fffff 64bit pref]
[    1.693329] pci 0000:17:00.0: reg 0x20: [mem 0x9ba00000-0x9bafffff]
[    1.693334] pci 0000:17:00.0: reg 0x24: [io  0x5000-0x50ff]
[    1.693340] pci 0000:17:00.0: reg 0x30: [mem 0xfff00000-0xffffffff pref]
[    1.698459] pci 0000:17:00.0: supports D1 D2
[    1.698509] pci 0000:16:02.0: PCI bridge to [bus 17]
[    1.698511] pci 0000:16:02.0:   bridge window [io  0x5000-0x5fff]
[    1.698513] pci 0000:16:02.0:   bridge window [mem 0x9ba00000-0x9bafffff]
[    1.698515] pci 0000:16:02.0:   bridge window [mem 0x9b800000-0x9b9fffff 64bit pref]
[    1.698521] pci_bus 0000:16: on NUMA node 0
[    1.698590] ACPI: PCI Root Bridge [PC02] (domain 0000 [bus 30-49])
[    1.698593] acpi PNP0A08:02: _OSC: OS supports [ExtendedConfig ASPM ClockPM Segments MSI HPX-Type3]
[    1.698687] acpi PNP0A08:02: PCIe AER handled by firmware
[    1.698793] acpi PNP0A08:02: _OSC: platform does not support [SHPCHotplug]
[    1.698992] acpi PNP0A08:02: _OSC: OS now controls [PCIeHotplug PME PCIeCapability LTR]
[    1.698993] acpi PNP0A08:02: FADT indicates ASPM is unsupported, using BIOS configuration
[    1.699108] PCI host bridge to bus 0000:30
[    1.699109] pci_bus 0000:30: root bus resource [io  0x7000-0x8fff window]
[    1.699110] pci_bus 0000:30: root bus resource [mem 0xa6400000-0xb0ffffff window]
[    1.699111] pci_bus 0000:30: root bus resource [mem 0x220000000000-0x22ffffffffff window]
[    1.699112] pci_bus 0000:30: root bus resource [bus 30-49]
[    1.699119] pci 0000:30:00.0: [8086:09a2] type 00 class 0x088000
[    1.699184] pci 0000:30:00.1: [8086:09a4] type 00 class 0x088000
[    1.699244] pci 0000:30:00.2: [8086:09a3] type 00 class 0x088000
[    1.699307] pci 0000:30:00.4: [8086:0998] type 00 class 0x060000
[    1.699378] pci_bus 0000:30: on NUMA node 0
[    1.699465] ACPI: PCI Root Bridge [PC04] (domain 0000 [bus 4a-63])
[    1.699467] acpi PNP0A08:04: _OSC: OS supports [ExtendedConfig ASPM ClockPM Segments MSI HPX-Type3]
[    1.699557] acpi PNP0A08:04: PCIe AER handled by firmware
[    1.699661] acpi PNP0A08:04: _OSC: platform does not support [SHPCHotplug]
[    1.699860] acpi PNP0A08:04: _OSC: OS now controls [PCIeHotplug PME PCIeCapability LTR]
[    1.699860] acpi PNP0A08:04: FADT indicates ASPM is unsupported, using BIOS configuration
[    1.699970] PCI host bridge to bus 0000:4a
[    1.699971] pci_bus 0000:4a: root bus resource [io  0x9000-0x9fff window]
[    1.699972] pci_bus 0000:4a: root bus resource [mem 0xb1000000-0xbbbfffff window]
[    1.699972] pci_bus 0000:4a: root bus resource [mem 0x230000000000-0x23ffffffffff window]
[    1.699973] pci_bus 0000:4a: root bus resource [bus 4a-63]
[    1.699980] pci 0000:4a:00.0: [8086:09a2] type 00 class 0x088000
[    1.700043] pci 0000:4a:00.1: [8086:09a4] type 00 class 0x088000
[    1.700103] pci 0000:4a:00.2: [8086:09a3] type 00 class 0x088000
[    1.700169] pci 0000:4a:00.4: [8086:0998] type 00 class 0x060000
[    1.700238] pci_bus 0000:4a: on NUMA node 0
[    1.700297] ACPI: PCI Root Bridge [PC05] (domain 0000 [bus 64-7d])
[    1.700298] acpi PNP0A08:05: _OSC: OS supports [ExtendedConfig ASPM ClockPM Segments MSI HPX-Type3]
[    1.700388] acpi PNP0A08:05: PCIe AER handled by firmware
[    1.700492] acpi PNP0A08:05: _OSC: platform does not support [SHPCHotplug]
[    1.700690] acpi PNP0A08:05: _OSC: OS now controls [PCIeHotplug PME PCIeCapability LTR]
[    1.700690] acpi PNP0A08:05: FADT indicates ASPM is unsupported, using BIOS configuration
[    1.700798] PCI host bridge to bus 0000:64
[    1.700799] pci_bus 0000:64: root bus resource [io  0xa000-0xafff window]
[    1.700800] pci_bus 0000:64: root bus resource [mem 0xbbc00000-0xc5ffffff window]
[    1.700801] pci_bus 0000:64: root bus resource [mem 0x240000000000-0x24ffffffffff window]
[    1.700802] pci_bus 0000:64: root bus resource [bus 64-7d]
[    1.700808] pci 0000:64:00.0: [8086:09a2] type 00 class 0x088000
[    1.700872] pci 0000:64:00.1: [8086:09a4] type 00 class 0x088000
[    1.700934] pci 0000:64:00.2: [8086:09a3] type 00 class 0x088000
[    1.700996] pci 0000:64:00.4: [8086:0998] type 00 class 0x060000
[    1.701067] pci_bus 0000:64: on NUMA node 0
[    1.701123] ACPI: PCI Root Bridge [UC06] (domain 0000 [bus 7e])
[    1.701125] acpi PNP0A03:00: _OSC: OS supports [ExtendedConfig ASPM ClockPM Segments MSI HPX-Type3]
[    1.701200] acpi PNP0A03:00: PCIe AER handled by firmware
[    1.701288] acpi PNP0A03:00: _OSC: platform does not support [SHPCHotplug LTR]
[    1.701456] acpi PNP0A03:00: _OSC: OS now controls [PCIeHotplug PME PCIeCapability]
[    1.701457] acpi PNP0A03:00: FADT indicates ASPM is unsupported, using BIOS configuration
[    1.701590] PCI host bridge to bus 0000:7e
[    1.701591] pci_bus 0000:7e: root bus resource [bus 7e]
[    1.701597] pci 0000:7e:00.0: [8086:3450] type 00 class 0x088000
[    1.701667] pci 0000:7e:00.1: [8086:3451] type 00 class 0x088000
[    1.701730] pci 0000:7e:00.2: [8086:3452] type 00 class 0x088000
[    1.701804] pci 0000:7e:00.3: [8086:0998] type 00 class 0x060000
[    1.701868] pci 0000:7e:00.5: [8086:3455] type 00 class 0x088000
[    1.701937] pci 0000:7e:02.0: [8086:3440] type 00 class 0x088000
[    1.701937] pci 0000:7e:02.1: [8086:3441] type 00 class 0x088000
[    1.701937] pci 0000:7e:02.2: [8086:3442] type 00 class 0x088000
[    1.701937] pci 0000:7e:03.0: [8086:3440] type 00 class 0x088000
[    1.701937] pci 0000:7e:03.1: [8086:3441] type 00 class 0x088000
[    1.701937] pci 0000:7e:03.2: [8086:3442] type 00 class 0x088000
[    1.701937] pci 0000:7e:04.0: [8086:3440] type 00 class 0x088000
[    1.701937] pci 0000:7e:04.1: [8086:3441] type 00 class 0x088000
[    1.701937] pci 0000:7e:04.2: [8086:3442] type 00 class 0x088000
[    1.701937] pci 0000:7e:04.3: [8086:3443] type 00 class 0x088000
[    1.701937] pci 0000:7e:05.0: [8086:3445] type 00 class 0x088000
[    1.701937] pci 0000:7e:05.1: [8086:3446] type 00 class 0x088000
[    1.701937] pci 0000:7e:05.2: [8086:3447] type 00 class 0x088000
[    1.701937] pci 0000:7e:06.0: [8086:3445] type 00 class 0x088000
[    1.701937] pci 0000:7e:06.1: [8086:3446] type 00 class 0x088000
[    1.701937] pci 0000:7e:06.2: [8086:3447] type 00 class 0x088000
[    1.701937] pci 0000:7e:07.0: [8086:3445] type 00 class 0x088000
[    1.701937] pci 0000:7e:07.1: [8086:3446] type 00 class 0x088000
[    1.701937] pci 0000:7e:07.2: [8086:3447] type 00 class 0x088000
[    1.701937] pci 0000:7e:0b.0: [8086:3448] type 00 class 0x088000
[    1.701937] pci 0000:7e:0b.1: [8086:3448] type 00 class 0x088000
[    1.701937] pci 0000:7e:0b.2: [8086:344b] type 00 class 0x088000
[    1.701937] pci 0000:7e:0c.0: [8086:344a] type 00 class 0x110100
[    1.701937] pci 0000:7e:0d.0: [8086:344a] type 00 class 0x110100
[    1.701937] pci 0000:7e:0e.0: [8086:344a] type 00 class 0x110100
[    1.701937] pci 0000:7e:0f.0: [8086:344a] type 00 class 0x110100
[    1.701937] pci 0000:7e:1a.0: [8086:2880] type 00 class 0x110100
[    1.701937] pci 0000:7e:1b.0: [8086:2880] type 00 class 0x110100
[    1.701937] pci 0000:7e:1c.0: [8086:2880] type 00 class 0x110100
[    1.701937] pci 0000:7e:1d.0: [8086:2880] type 00 class 0x110100
[    1.701937] pci_bus 0000:7e: on NUMA node 0
[    1.701937] ACPI: PCI Root Bridge [UC07] (domain 0000 [bus 7f])
[    1.701937] acpi PNP0A03:01: _OSC: OS supports [ExtendedConfig ASPM ClockPM Segments MSI HPX-Type3]
[    1.701937] acpi PNP0A03:01: PCIe AER handled by firmware
[    1.701937] acpi PNP0A03:01: _OSC: platform does not support [SHPCHotplug LTR]
[    1.701951] acpi PNP0A03:01: _OSC: OS now controls [PCIeHotplug PME PCIeCapability]
[    1.701952] acpi PNP0A03:01: FADT indicates ASPM is unsupported, using BIOS configuration
[    1.702095] PCI host bridge to bus 0000:7f
[    1.702096] pci_bus 0000:7f: root bus resource [bus 7f]
[    1.702106] pci 0000:7f:00.0: [8086:344c] type 00 class 0x088000
[    1.702214] pci 0000:7f:00.1: [8086:344c] type 00 class 0x088000
[    1.702332] pci 0000:7f:00.2: [8086:344c] type 00 class 0x088000
[    1.702455] pci 0000:7f:00.3: [8086:344c] type 00 class 0x088000
[    1.702551] pci 0000:7f:00.4: [8086:344c] type 00 class 0x088000
[    1.702680] pci 0000:7f:00.5: [8086:344c] type 00 class 0x088000
[    1.702806] pci 0000:7f:00.6: [8086:344c] type 00 class 0x088000
[    1.702892] pci 0000:7f:00.7: [8086:344c] type 00 class 0x088000
[    1.702988] pci 0000:7f:01.0: [8086:344c] type 00 class 0x088000
[    1.703125] pci 0000:7f:01.1: [8086:344c] type 00 class 0x088000
[    1.703252] pci 0000:7f:01.2: [8086:344c] type 00 class 0x088000
[    1.703339] pci 0000:7f:01.3: [8086:344c] type 00 class 0x088000
[    1.703478] pci 0000:7f:01.4: [8086:344c] type 00 class 0x088000
[    1.703616] pci 0000:7f:01.5: [8086:344c] type 00 class 0x088000
[    1.703759] pci 0000:7f:01.6: [8086:344c] type 00 class 0x088000
[    1.703888] pci 0000:7f:01.7: [8086:344c] type 00 class 0x088000
[    1.704028] pci 0000:7f:02.0: [8086:344c] type 00 class 0x088000
[    1.704166] pci 0000:7f:02.1: [8086:344c] type 00 class 0x088000
[    1.704305] pci 0000:7f:02.2: [8086:344c] type 00 class 0x088000
[    1.704443] pci 0000:7f:02.3: [8086:344c] type 00 class 0x088000
[    1.704589] pci 0000:7f:02.4: [8086:344c] type 00 class 0x088000
[    1.704732] pci 0000:7f:02.5: [8086:344c] type 00 class 0x088000
[    1.704875] pci 0000:7f:02.6: [8086:344c] type 00 class 0x088000
[    1.705028] pci 0000:7f:02.7: [8086:344c] type 00 class 0x088000
[    1.705186] pci 0000:7f:03.0: [8086:344c] type 00 class 0x088000
[    1.705337] pci 0000:7f:03.1: [8086:344c] type 00 class 0x088000
[    1.705496] pci 0000:7f:03.2: [8086:344c] type 00 class 0x088000
[    1.705650] pci 0000:7f:03.3: [8086:344c] type 00 class 0x088000
[    1.705816] pci 0000:7f:0a.0: [8086:344d] type 00 class 0x088000
[    1.705925] pci 0000:7f:0a.1: [8086:344d] type 00 class 0x088000
[    1.706043] pci 0000:7f:0a.2: [8086:344d] type 00 class 0x088000
[    1.706162] pci 0000:7f:0a.3: [8086:344d] type 00 class 0x088000
[    1.706264] pci 0000:7f:0a.4: [8086:344d] type 00 class 0x088000
[    1.706391] pci 0000:7f:0a.5: [8086:344d] type 00 class 0x088000
[    1.706515] pci 0000:7f:0a.6: [8086:344d] type 00 class 0x088000
[    1.706602] pci 0000:7f:0a.7: [8086:344d] type 00 class 0x088000
[    1.706693] pci 0000:7f:0b.0: [8086:344d] type 00 class 0x088000
[    1.706828] pci 0000:7f:0b.1: [8086:344d] type 00 class 0x088000
[    1.706957] pci 0000:7f:0b.2: [8086:344d] type 00 class 0x088000
[    1.707044] pci 0000:7f:0b.3: [8086:344d] type 00 class 0x088000
[    1.707185] pci 0000:7f:0b.4: [8086:344d] type 00 class 0x088000
[    1.707324] pci 0000:7f:0b.5: [8086:344d] type 00 class 0x088000
[    1.707468] pci 0000:7f:0b.6: [8086:344d] type 00 class 0x088000
[    1.707595] pci 0000:7f:0b.7: [8086:344d] type 00 class 0x088000
[    1.707730] pci 0000:7f:0c.0: [8086:344d] type 00 class 0x088000
[    1.707869] pci 0000:7f:0c.1: [8086:344d] type 00 class 0x088000
[    1.708006] pci 0000:7f:0c.2: [8086:344d] type 00 class 0x088000
[    1.708144] pci 0000:7f:0c.3: [8086:344d] type 00 class 0x088000
[    1.708295] pci 0000:7f:0c.4: [8086:344d] type 00 class 0x088000
[    1.708437] pci 0000:7f:0c.5: [8086:344d] type 00 class 0x088000
[    1.708581] pci 0000:7f:0c.6: [8086:344d] type 00 class 0x088000
[    1.708735] pci 0000:7f:0c.7: [8086:344d] type 00 class 0x088000
[    1.708886] pci 0000:7f:0d.0: [8086:344d] type 00 class 0x088000
[    1.709039] pci 0000:7f:0d.1: [8086:344d] type 00 class 0x088000
[    1.709197] pci 0000:7f:0d.2: [8086:344d] type 00 class 0x088000
[    1.709352] pci 0000:7f:0d.3: [8086:344d] type 00 class 0x088000
[    1.709533] pci 0000:7f:1d.0: [8086:344f] type 00 class 0x088000
[    1.709651] pci 0000:7f:1d.1: [8086:3457] type 00 class 0x088000
[    1.709767] pci 0000:7f:1e.0: [8086:3458] type 00 class 0x088000
[    1.709843] pci 0000:7f:1e.1: [8086:3459] type 00 class 0x088000
[    1.709918] pci 0000:7f:1e.2: [8086:345a] type 00 class 0x088000
[    1.709992] pci 0000:7f:1e.3: [8086:345b] type 00 class 0x088000
[    1.710066] pci 0000:7f:1e.4: [8086:345c] type 00 class 0x088000
[    1.710140] pci 0000:7f:1e.5: [8086:345d] type 00 class 0x088000
[    1.710217] pci 0000:7f:1e.6: [8086:345e] type 00 class 0x088000
[    1.710291] pci 0000:7f:1e.7: [8086:345f] type 00 class 0x088000
[    1.710362] pci_bus 0000:7f: on NUMA node 0
[    1.710453] ACPI: PCI Root Bridge [PC06] (domain 0000 [bus 80])
[    1.710455] acpi PNP0A08:06: _OSC: OS supports [ExtendedConfig ASPM ClockPM Segments MSI HPX-Type3]
[    1.710549] acpi PNP0A08:06: PCIe AER handled by firmware
[    1.710654] acpi PNP0A08:06: _OSC: platform does not support [SHPCHotplug]
[    1.710852] acpi PNP0A08:06: _OSC: OS now controls [PCIeHotplug PME PCIeCapability LTR]
[    1.710852] acpi PNP0A08:06: FADT indicates ASPM is unsupported, using BIOS configuration
[    1.710995] PCI host bridge to bus 0000:80
[    1.710996] pci_bus 0000:80: root bus resource [io  0xb000-0xbfff window]
[    1.710997] pci_bus 0000:80: root bus resource [mem 0xc6800000-0xd0ffffff window]
[    1.710997] pci_bus 0000:80: root bus resource [mem 0x250000000000-0x25ffffffffff window]
[    1.710998] pci_bus 0000:80: root bus resource [bus 80]
[    1.711006] pci 0000:80:00.0: [8086:09a2] type 00 class 0x088000
[    1.711085] pci 0000:80:00.1: [8086:09a4] type 00 class 0x088000
[    1.711159] pci 0000:80:00.2: [8086:09a3] type 00 class 0x088000
[    1.711240] pci 0000:80:00.4: [8086:0998] type 00 class 0x060000
[    1.711318] pci 0000:80:02.0: [8086:09a6] type 00 class 0x088000
[    1.711328] pci 0000:80:02.0: reg 0x10: [mem 0xc6aa4000-0xc6aa5fff]
[    1.711392] pci 0000:80:02.1: [8086:09a7] type 00 class 0x088000
[    1.711401] pci 0000:80:02.1: reg 0x10: [mem 0xc6a00000-0xc6a7ffff]
[    1.711406] pci 0000:80:02.1: reg 0x14: [mem 0xc6980000-0xc69fffff]
[    1.711476] pci 0000:80:02.4: [8086:3456] type 00 class 0x130000
[    1.711487] pci 0000:80:02.4: reg 0x10: [mem 0xc6800000-0xc68fffff 64bit]
[    1.711494] pci 0000:80:02.4: reg 0x18: [mem 0xc6aa0000-0xc6aa3fff 64bit]
[    1.711501] pci 0000:80:02.4: reg 0x20: [mem 0xc6a80000-0xc6a9ffff 64bit]
[    1.711561] pci_bus 0000:80: on NUMA node 1
[    1.711627] ACPI: PCI Root Bridge [PC07] (domain 0000 [bus 81])
[    1.711629] acpi PNP0A08:07: _OSC: OS supports [ExtendedConfig ASPM ClockPM Segments MSI HPX-Type3]
[    1.711719] acpi PNP0A08:07: PCIe AER handled by firmware
[    1.711823] acpi PNP0A08:07: _OSC: platform does not support [SHPCHotplug]
[    1.712021] acpi PNP0A08:07: _OSC: OS now controls [PCIeHotplug PME PCIeCapability LTR]
[    1.712022] acpi PNP0A08:07: FADT indicates ASPM is unsupported, using BIOS configuration
[    1.712140] PCI host bridge to bus 0000:81
[    1.712141] pci_bus 0000:81: root bus resource [io  0xc000-0xcfff window]
[    1.712142] pci_bus 0000:81: root bus resource [mem 0xd1000000-0xdbbfffff window]
[    1.712143] pci_bus 0000:81: root bus resource [mem 0x260000000000-0x26ffffffffff window]
[    1.712144] pci_bus 0000:81: root bus resource [bus 81]
[    1.712151] pci 0000:81:00.0: [8086:09a2] type 00 class 0x088000
[    1.712221] pci 0000:81:00.1: [8086:09a4] type 00 class 0x088000
[    1.712286] pci 0000:81:00.2: [8086:09a3] type 00 class 0x088000
[    1.712355] pci 0000:81:00.4: [8086:0998] type 00 class 0x060000
[    1.712434] pci_bus 0000:81: on NUMA node 1
[    1.712493] ACPI: PCI Root Bridge [PC08] (domain 0000 [bus 82])
[    1.712495] acpi PNP0A08:08: _OSC: OS supports [ExtendedConfig ASPM ClockPM Segments MSI HPX-Type3]
[    1.712584] acpi PNP0A08:08: PCIe AER handled by firmware
[    1.712687] acpi PNP0A08:08: _OSC: platform does not support [SHPCHotplug]
[    1.712885] acpi PNP0A08:08: _OSC: OS now controls [PCIeHotplug PME PCIeCapability LTR]
[    1.712886] acpi PNP0A08:08: FADT indicates ASPM is unsupported, using BIOS configuration
[    1.712995] PCI host bridge to bus 0000:82
[    1.712996] pci_bus 0000:82: root bus resource [io  0xd000-0xdfff window]
[    1.712997] pci_bus 0000:82: root bus resource [mem 0xdbc00000-0xe67fffff window]
[    1.712997] pci_bus 0000:82: root bus resource [mem 0x270000000000-0x27ffffffffff window]
[    1.712998] pci_bus 0000:82: root bus resource [bus 82]
[    1.713005] pci 0000:82:00.0: [8086:09a2] type 00 class 0x088000
[    1.713074] pci 0000:82:00.1: [8086:09a4] type 00 class 0x088000
[    1.713141] pci 0000:82:00.2: [8086:09a3] type 00 class 0x088000
[    1.713215] pci 0000:82:00.4: [8086:0998] type 00 class 0x060000
[    1.713295] pci_bus 0000:82: on NUMA node 1
[    1.713379] ACPI: PCI Root Bridge [PC10] (domain 0000 [bus 83-f9])
[    1.713381] acpi PNP0A08:0a: _OSC: OS supports [ExtendedConfig ASPM ClockPM Segments MSI HPX-Type3]
[    1.713471] acpi PNP0A08:0a: PCIe AER handled by firmware
[    1.713574] acpi PNP0A08:0a: _OSC: platform does not support [SHPCHotplug]
[    1.713772] acpi PNP0A08:0a: _OSC: OS now controls [PCIeHotplug PME PCIeCapability LTR]
[    1.713773] acpi PNP0A08:0a: FADT indicates ASPM is unsupported, using BIOS configuration
[    1.713893] PCI host bridge to bus 0000:83
[    1.713894] pci_bus 0000:83: root bus resource [io  0xe000-0xefff window]
[    1.713895] pci_bus 0000:83: root bus resource [mem 0xe6800000-0xf13fffff window]
[    1.713896] pci_bus 0000:83: root bus resource [mem 0x280000000000-0x28ffffffffff window]
[    1.713897] pci_bus 0000:83: root bus resource [bus 83-f9]
[    1.713904] pci 0000:83:00.0: [8086:09a2] type 00 class 0x088000
[    1.713972] pci 0000:83:00.1: [8086:09a4] type 00 class 0x088000
[    1.714040] pci 0000:83:00.2: [8086:09a3] type 00 class 0x088000
[    1.714109] pci 0000:83:00.4: [8086:0998] type 00 class 0x060000
[    1.714188] pci_bus 0000:83: on NUMA node 1
[    1.714247] ACPI: PCI Root Bridge [PC11] (domain 0000 [bus fa])
[    1.714248] acpi PNP0A08:0b: _OSC: OS supports [ExtendedConfig ASPM ClockPM Segments MSI HPX-Type3]
[    1.714341] acpi PNP0A08:0b: PCIe AER handled by firmware
[    1.714449] acpi PNP0A08:0b: _OSC: platform does not support [SHPCHotplug]
[    1.714651] acpi PNP0A08:0b: _OSC: OS now controls [PCIeHotplug PME PCIeCapability LTR]
[    1.714651] acpi PNP0A08:0b: FADT indicates ASPM is unsupported, using BIOS configuration
[    1.714762] PCI host bridge to bus 0000:fa
[    1.714763] pci_bus 0000:fa: root bus resource [io  0xf000-0xffff window]
[    1.714764] pci_bus 0000:fa: root bus resource [mem 0xf1400000-0xfb7fffff window]
[    1.714765] pci_bus 0000:fa: root bus resource [mem 0x290000000000-0x29ffffffffff window]
[    1.714765] pci_bus 0000:fa: root bus resource [bus fa]
[    1.714773] pci 0000:fa:00.0: [8086:09a2] type 00 class 0x088000
[    1.714841] pci 0000:fa:00.1: [8086:09a4] type 00 class 0x088000
[    1.714909] pci 0000:fa:00.2: [8086:09a3] type 00 class 0x088000
[    1.714984] pci 0000:fa:00.4: [8086:0998] type 00 class 0x060000
[    1.715064] pci_bus 0000:fa: on NUMA node 1
[    1.715119] ACPI: PCI Root Bridge [UC16] (domain 0000 [bus fe])
[    1.715121] acpi PNP0A03:02: _OSC: OS supports [ExtendedConfig ASPM ClockPM Segments MSI HPX-Type3]
[    1.715197] acpi PNP0A03:02: PCIe AER handled by firmware
[    1.715286] acpi PNP0A03:02: _OSC: platform does not support [SHPCHotplug LTR]
[    1.715452] acpi PNP0A03:02: _OSC: OS now controls [PCIeHotplug PME PCIeCapability]
[    1.715453] acpi PNP0A03:02: FADT indicates ASPM is unsupported, using BIOS configuration
[    1.715583] PCI host bridge to bus 0000:fe
[    1.715584] pci_bus 0000:fe: root bus resource [bus fe]
[    1.715590] pci 0000:fe:00.0: [8086:3450] type 00 class 0x088000
[    1.715661] pci 0000:fe:00.1: [8086:3451] type 00 class 0x088000
[    1.715726] pci 0000:fe:00.2: [8086:3452] type 00 class 0x088000
[    1.715795] pci 0000:fe:00.3: [8086:0998] type 00 class 0x060000
[    1.715863] pci 0000:fe:00.5: [8086:3455] type 00 class 0x088000
[    1.715935] pci 0000:fe:02.0: [8086:3440] type 00 class 0x088000
[    1.716060] pci 0000:fe:02.1: [8086:3441] type 00 class 0x088000
[    1.716185] pci 0000:fe:02.2: [8086:3442] type 00 class 0x088000
[    1.716302] pci 0000:fe:03.0: [8086:3440] type 00 class 0x088000
[    1.716396] pci 0000:fe:03.1: [8086:3441] type 00 class 0x088000
[    1.716482] pci 0000:fe:03.2: [8086:3442] type 00 class 0x088000
[    1.716574] pci 0000:fe:04.0: [8086:3440] type 00 class 0x088000
[    1.716704] pci 0000:fe:04.1: [8086:3441] type 00 class 0x088000
[    1.716829] pci 0000:fe:04.2: [8086:3442] type 00 class 0x088000
[    1.716954] pci 0000:fe:04.3: [8086:3443] type 00 class 0x088000
[    1.717089] pci 0000:fe:05.0: [8086:3445] type 00 class 0x088000
[    1.717214] pci 0000:fe:05.1: [8086:3446] type 00 class 0x088000
[    1.717334] pci 0000:fe:05.2: [8086:3447] type 00 class 0x088000
[    1.717456] pci 0000:fe:06.0: [8086:3445] type 00 class 0x088000
[    1.717549] pci 0000:fe:06.1: [8086:3446] type 00 class 0x088000
[    1.717639] pci 0000:fe:06.2: [8086:3447] type 00 class 0x088000
[    1.717734] pci 0000:fe:07.0: [8086:3445] type 00 class 0x088000
[    1.717866] pci 0000:fe:07.1: [8086:3446] type 00 class 0x088000
[    1.718001] pci 0000:fe:07.2: [8086:3447] type 00 class 0x088000
[    1.718128] pci 0000:fe:0b.0: [8086:3448] type 00 class 0x088000
[    1.718206] pci 0000:fe:0b.1: [8086:3448] type 00 class 0x088000
[    1.718280] pci 0000:fe:0b.2: [8086:344b] type 00 class 0x088000
[    1.718362] pci 0000:fe:0c.0: [8086:344a] type 00 class 0x110100
[    1.718467] pci 0000:fe:0d.0: [8086:344a] type 00 class 0x110100
[    1.718564] pci 0000:fe:0e.0: [8086:344a] type 00 class 0x110100
[    1.718718] pci 0000:fe:0f.0: [8086:344a] type 00 class 0x110100
[    1.718891] pci 0000:fe:1a.0: [8086:2880] type 00 class 0x110100
[    1.718990] pci 0000:fe:1b.0: [8086:2880] type 00 class 0x110100
[    1.719085] pci 0000:fe:1c.0: [8086:2880] type 00 class 0x110100
[    1.719245] pci 0000:fe:1d.0: [8086:2880] type 00 class 0x110100
[    1.719406] pci_bus 0000:fe: on NUMA node 1
[    1.719476] ACPI: PCI Root Bridge [UC17] (domain 0000 [bus ff])
[    1.719478] acpi PNP0A03:03: _OSC: OS supports [ExtendedConfig ASPM ClockPM Segments MSI HPX-Type3]
[    1.719552] acpi PNP0A03:03: PCIe AER handled by firmware
[    1.719640] acpi PNP0A03:03: _OSC: platform does not support [SHPCHotplug LTR]
[    1.719807] acpi PNP0A03:03: _OSC: OS now controls [PCIeHotplug PME PCIeCapability]
[    1.719807] acpi PNP0A03:03: FADT indicates ASPM is unsupported, using BIOS configuration
[    1.719949] PCI host bridge to bus 0000:ff
[    1.719949] pci_bus 0000:ff: root bus resource [bus ff]
[    1.719959] pci 0000:ff:00.0: [8086:344c] type 00 class 0x088000
[    1.720074] pci 0000:ff:00.1: [8086:344c] type 00 class 0x088000
[    1.720194] pci 0000:ff:00.2: [8086:344c] type 00 class 0x088000
[    1.720300] pci 0000:ff:00.3: [8086:344c] type 00 class 0x088000
[    1.720432] pci 0000:ff:00.4: [8086:344c] type 00 class 0x088000
[    1.720556] pci 0000:ff:00.5: [8086:344c] type 00 class 0x088000
[    1.720658] pci 0000:ff:00.6: [8086:344c] type 00 class 0x088000
[    1.720791] pci 0000:ff:00.7: [8086:344c] type 00 class 0x088000
[    1.720924] pci 0000:ff:01.0: [8086:344c] type 00 class 0x088000
[    1.721065] pci 0000:ff:01.1: [8086:344c] type 00 class 0x088000
[    1.721199] pci 0000:ff:01.2: [8086:344c] type 00 class 0x088000
[    1.721290] pci 0000:ff:01.3: [8086:344c] type 00 class 0x088000
[    1.721437] pci 0000:ff:01.4: [8086:344c] type 00 class 0x088000
[    1.721581] pci 0000:ff:01.5: [8086:344c] type 00 class 0x088000
[    1.721729] pci 0000:ff:01.6: [8086:344c] type 00 class 0x088000
[    1.721862] pci 0000:ff:01.7: [8086:344c] type 00 class 0x088000
[    1.722003] pci 0000:ff:02.0: [8086:344c] type 00 class 0x088000
[    1.722145] pci 0000:ff:02.1: [8086:344c] type 00 class 0x088000
[    1.722284] pci 0000:ff:02.2: [8086:344c] type 00 class 0x088000
[    1.722429] pci 0000:ff:02.3: [8086:344c] type 00 class 0x088000
[    1.722577] pci 0000:ff:02.4: [8086:344c] type 00 class 0x088000
[    1.722722] pci 0000:ff:02.5: [8086:344c] type 00 class 0x088000
[    1.722873] pci 0000:ff:02.6: [8086:344c] type 00 class 0x088000
[    1.723021] pci 0000:ff:02.7: [8086:344c] type 00 class 0x088000
[    1.723179] pci 0000:ff:03.0: [8086:344c] type 00 class 0x088000
[    1.723341] pci 0000:ff:03.1: [8086:344c] type 00 class 0x088000
[    1.723498] pci 0000:ff:03.2: [8086:344c] type 00 class 0x088000
[    1.723660] pci 0000:ff:03.3: [8086:344c] type 00 class 0x088000
[    1.723837] pci 0000:ff:0a.0: [8086:344d] type 00 class 0x088000
[    1.723956] pci 0000:ff:0a.1: [8086:344d] type 00 class 0x088000
[    1.724077] pci 0000:ff:0a.2: [8086:344d] type 00 class 0x088000
[    1.724183] pci 0000:ff:0a.3: [8086:344d] type 00 class 0x088000
[    1.724311] pci 0000:ff:0a.4: [8086:344d] type 00 class 0x088000
[    1.724436] pci 0000:ff:0a.5: [8086:344d] type 00 class 0x088000
[    1.724538] pci 0000:ff:0a.6: [8086:344d] type 00 class 0x088000
[    1.724671] pci 0000:ff:0a.7: [8086:344d] type 00 class 0x088000
[    1.724807] pci 0000:ff:0b.0: [8086:344d] type 00 class 0x088000
[    1.724949] pci 0000:ff:0b.1: [8086:344d] type 00 class 0x088000
[    1.725083] pci 0000:ff:0b.2: [8086:344d] type 00 class 0x088000
[    1.725173] pci 0000:ff:0b.3: [8086:344d] type 00 class 0x088000
[    1.725317] pci 0000:ff:0b.4: [8086:344d] type 00 class 0x088000
[    1.725461] pci 0000:ff:0b.5: [8086:344d] type 00 class 0x088000
[    1.725608] pci 0000:ff:0b.6: [8086:344d] type 00 class 0x088000
[    1.725742] pci 0000:ff:0b.7: [8086:344d] type 00 class 0x088000
[    1.725887] pci 0000:ff:0c.0: [8086:344d] type 00 class 0x088000
[    1.726029] pci 0000:ff:0c.1: [8086:344d] type 00 class 0x088000
[    1.726169] pci 0000:ff:0c.2: [8086:344d] type 00 class 0x088000
[    1.726315] pci 0000:ff:0c.3: [8086:344d] type 00 class 0x088000
[    1.726459] pci 0000:ff:0c.4: [8086:344d] type 00 class 0x088000
[    1.726603] pci 0000:ff:0c.5: [8086:344d] type 00 class 0x088000
[    1.726753] pci 0000:ff:0c.6: [8086:344d] type 00 class 0x088000
[    1.726902] pci 0000:ff:0c.7: [8086:344d] type 00 class 0x088000
[    1.727064] pci 0000:ff:0d.0: [8086:344d] type 00 class 0x088000
[    1.727225] pci 0000:ff:0d.1: [8086:344d] type 00 class 0x088000
[    1.727378] pci 0000:ff:0d.2: [8086:344d] type 00 class 0x088000
[    1.727543] pci 0000:ff:0d.3: [8086:344d] type 00 class 0x088000
[    1.727726] pci 0000:ff:1d.0: [8086:344f] type 00 class 0x088000
[    1.727848] pci 0000:ff:1d.1: [8086:3457] type 00 class 0x088000
[    1.727969] pci 0000:ff:1e.0: [8086:3458] type 00 class 0x088000
[    1.728049] pci 0000:ff:1e.1: [8086:3459] type 00 class 0x088000
[    1.728129] pci 0000:ff:1e.2: [8086:345a] type 00 class 0x088000
[    1.728207] pci 0000:ff:1e.3: [8086:345b] type 00 class 0x088000
[    1.728283] pci 0000:ff:1e.4: [8086:345c] type 00 class 0x088000
[    1.728360] pci 0000:ff:1e.5: [8086:345d] type 00 class 0x088000
[    1.728437] pci 0000:ff:1e.6: [8086:345e] type 00 class 0x088000
[    1.728512] pci 0000:ff:1e.7: [8086:345f] type 00 class 0x088000
[    1.728589] pci_bus 0000:ff: on NUMA node 1
[    1.730249] HMAT: Memory (0x0 length 0x80000000) Flags:0003 Processor Domain:0 Memory Domain:0
[    1.730249] HMAT: Memory (0x100000000 length 0xf80000000) Flags:0003 Processor Domain:0 Memory Domain:0
[    1.730249] HMAT: Memory (0x2080000000 length 0x7e00000000) Flags:0003 Processor Domain:0 Memory Domain:2
[    1.730249] HMAT: Memory (0x1080000000 length 0x1000000000) Flags:0003 Processor Domain:1 Memory Domain:1
[    1.730249] HMAT: Memory (0x9e80000000 length 0x7e00000000) Flags:0003 Processor Domain:1 Memory Domain:3
[    1.730249] HMAT: Locality: Flags:00 Type:Read Latency Initiator Domains:2 Target Domains:4 Base:100
[    1.730249]   Initiator-Target[0-0]:7600 nsec
[    1.730249]   Initiator-Target[0-1]:13560 nsec
[    1.730249]   Initiator-Target[0-2]:25350 nsec
[    1.730249]   Initiator-Target[0-3]:31600 nsec
[    1.730249]   Initiator-Target[1-0]:13560 nsec
[    1.730249]   Initiator-Target[1-1]:7600 nsec
[    1.730249]   Initiator-Target[1-2]:31600 nsec
[    1.730249]   Initiator-Target[1-3]:25350 nsec
[    1.730249] HMAT: Locality: Flags:00 Type:Write Latency Initiator Domains:2 Target Domains:4 Base:100
[    1.730249]   Initiator-Target[0-0]:7600 nsec
[    1.730249]   Initiator-Target[0-1]:13560 nsec
[    1.730249]   Initiator-Target[0-2]:25350 nsec
[    1.730249]   Initiator-Target[0-3]:31600 nsec
[    1.730249]   Initiator-Target[1-0]:13560 nsec
[    1.730249]   Initiator-Target[1-1]:7600 nsec
[    1.730249]   Initiator-Target[1-2]:31600 nsec
[    1.730249]   Initiator-Target[1-3]:25350 nsec
[    1.730249] HMAT: Locality: Flags:00 Type:Read Bandwidth Initiator Domains:2 Target Domains:4 Base:1
[    1.730249]   Initiator-Target[0-0]:1790 MB/s
[    1.730249]   Initiator-Target[0-1]:1790 MB/s
[    1.730249]   Initiator-Target[0-2]:463 MB/s
[    1.730249]   Initiator-Target[0-3]:463 MB/s
[    1.730249]   Initiator-Target[1-0]:1790 MB/s
[    1.730249]   Initiator-Target[1-1]:1790 MB/s
[    1.730249]   Initiator-Target[1-2]:463 MB/s
[    1.730249]   Initiator-Target[1-3]:463 MB/s
[    1.730249] HMAT: Locality: Flags:00 Type:Write Bandwidth Initiator Domains:2 Target Domains:4 Base:1
[    1.730249]   Initiator-Target[0-0]:1910 MB/s
[    1.730249]   Initiator-Target[0-1]:1910 MB/s
[    1.730249]   Initiator-Target[0-2]:138 MB/s
[    1.730249]   Initiator-Target[0-3]:138 MB/s
[    1.730249]   Initiator-Target[1-0]:1910 MB/s
[    1.730249]   Initiator-Target[1-1]:1910 MB/s
[    1.730249]   Initiator-Target[1-2]:138 MB/s
[    1.730249]   Initiator-Target[1-3]:138 MB/s
[    1.730249] WARNING: CPU: 62 PID: 1 at drivers/base/node.c:191 node_set_perf_attrs+0x90/0xb0
[    1.730249] Modules linked in:
[    1.730249] CPU: 62 PID: 1 Comm: swapper/0 Not tainted 5.3.1-multiclock #1
[    1.730249] Hardware name: Dell Inc. PowerEdge R750/0K8F35, BIOS 1.10.2 03/03/2023
[    1.730249] RIP: 0010:node_set_perf_attrs+0x90/0xb0
[    1.730249] Code: f4 02 00 00 4c 89 ea 4c 89 e7 e8 bb bf c7 ff 85 c0 75 24 48 83 c3 08 48 8b 33 48 85 f6 75 e5 5b 41 5a 41 5c 41 5d 41 5e 5d c3 <0f> 0b 5b 41 5a 41 5c 41 5d 41 5e 5d c3 44 89 f6 48 c7 c7 70 5b 7a
[    1.730249] RSP: 0000:ffffbaea4007bd80 EFLAGS: 00010246
[    1.730249] RAX: 0000000000000002 RBX: 0000000000000003 RCX: 0000000000000000
[    1.730249] RDX: 0000000000000000 RSI: ffff9e55686817d8 RDI: 0000000000000002
[    1.730249] RBP: ffffbaea4007bda8 R08: ffff9e55687fad60 R09: 0000000000000000
[    1.730249] R10: ffff9e556ea252e8 R11: ffff9e556ec74250 R12: ffff9e55686817c0
[    1.730249] R13: ffffffffbcedb310 R14: 0000000000000005 R15: ffffffffbcc95806
[    1.730249] FS:  0000000000000000(0000) GS:ffff9e556f7c0000(0000) knlGS:0000000000000000
[    1.730249] CS:  0010 DS: 0000 ES: 0000 CR0: 0000000080050033
[    1.730249] CR2: 0000000000000000 CR3: 0000000db980a001 CR4: 0000000000760ee0
[    1.730249] DR0: 0000000000000000 DR1: 0000000000000000 DR2: 0000000000000000
[    1.730249] DR3: 0000000000000000 DR6: 00000000fffe0ff0 DR7: 0000000000000400
[    1.730249] PKRU: 55555554
[    1.730249] Call Trace:
[    1.730249]  hmat_init+0x32a/0x43c
[    1.730249]  ? hmat_parse_subtable+0x503/0x503
[    1.730249]  ? set_debug_rodata+0x17/0x17
[    1.730249]  do_one_initcall+0x4a/0x1fa
[    1.730249]  kernel_init_freeable+0x1c6/0x26d
[    1.730249]  ? rest_init+0xb0/0xb0
[    1.730249]  kernel_init+0xe/0x110
[    1.730249]  ret_from_fork+0x1f/0x40
[    1.730249] ---[ end trace 0d1b2bf3b66795ad ]---
[    1.730266] pci 0000:03:00.0: vgaarb: setting as boot VGA device
[    1.730266] pci 0000:03:00.0: vgaarb: VGA device added: decodes=io+mem,owns=io+mem,locks=none
[    1.730324] pci 0000:03:00.0: vgaarb: bridge control possible
[    1.730325] vgaarb: loaded
[    1.730514] SCSI subsystem initialized
[    1.730549] libata version 3.00 loaded.
[    1.730549] ACPI: bus type USB registered
[    1.730549] usbcore: registered new interface driver usbfs
[    1.730549] usbcore: registered new interface driver hub
[    1.734266] usbcore: registered new device driver usb
[    1.734266] pps_core: LinuxPPS API ver. 1 registered
[    1.734266] pps_core: Software ver. 5.3.6 - Copyright 2005-2007 Rodolfo Giometti <giometti@linux.it>
[    1.734266] PTP clock support registered
[    1.734412] EDAC MC: Ver: 3.0.0
[    1.734995] Registered efivars operations
[    1.734995] PCI: Using ACPI for IRQ routing
[    1.735938] PCI: pci_cache_line_size set to 64 bytes
[    1.736499] e820: reserve RAM buffer [mem 0x0008f000-0x0008ffff]
[    1.736501] e820: reserve RAM buffer [mem 0x47bcd020-0x47ffffff]
[    1.736501] e820: reserve RAM buffer [mem 0x47bff020-0x47ffffff]
[    1.736502] e820: reserve RAM buffer [mem 0x47c32020-0x47ffffff]
[    1.736504] e820: reserve RAM buffer [mem 0x47c65020-0x47ffffff]
[    1.736504] e820: reserve RAM buffer [mem 0x49e77000-0x4bffffff]
[    1.736505] e820: reserve RAM buffer [mem 0x4b2cf000-0x4bffffff]
[    1.736506] e820: reserve RAM buffer [mem 0x4bd94000-0x4bffffff]
[    1.736507] e820: reserve RAM buffer [mem 0x4ce00000-0x4fffffff]
[    1.736507] e820: reserve RAM buffer [mem 0x5eefe000-0x5fffffff]
[    1.736508] e820: reserve RAM buffer [mem 0x6f800000-0x6fffffff]
[    1.736792] NetLabel: Initializing
[    1.736793] NetLabel:  domain hash size = 128
[    1.736793] NetLabel:  protocols = UNLABELED CIPSOv4 CALIPSO
[    1.736809] NetLabel:  unlabeled traffic allowed by default
[    1.739591] hpet0: at MMIO 0xfed00000, IRQs 2, 8, 0, 0, 0, 0, 0, 0
[    1.739593] hpet0: 8 comparators, 64-bit 24.000000 MHz counter
[    1.744460] clocksource: Switched to clocksource tsc-early
[    1.753127] VFS: Disk quotas dquot_6.6.0
[    1.753169] VFS: Dquot-cache hash table entries: 512 (order 0, 4096 bytes)
[    1.753453] *** VALIDATE hugetlbfs ***
[    1.753576] AppArmor: AppArmor Filesystem Enabled
[    1.753594] pnp: PnP ACPI init
[    1.768934] pnp 00:00: Plug and Play ACPI device, IDs PNP0b00 (active)
[    1.769097] system 00:01: [io  0x0500-0x05fe] has been reserved
[    1.769098] system 00:01: [io  0x0400-0x041f] has been reserved
[    1.769099] system 00:01: [io  0x0600-0x061f] has been reserved
[    1.769100] system 00:01: [io  0x0ca0-0x0ca1] has been reserved
[    1.769101] system 00:01: [io  0x0ca4-0x0ca6] has been reserved
[    1.769103] system 00:01: [mem 0xff000000-0xffffffff] has been reserved
[    1.769106] system 00:01: Plug and Play ACPI device, IDs PNP0c02 (active)
[    1.769352] pnp 00:02: Plug and Play ACPI device, IDs PNP0501 (active)
[    1.769558] pnp 00:03: Plug and Play ACPI device, IDs PNP0501 (active)
[    1.769718] system 00:04: [mem 0xfd000000-0xfdabffff] has been reserved
[    1.769719] system 00:04: [mem 0xfdad0000-0xfdadffff] has been reserved
[    1.769720] system 00:04: [mem 0xfdb00000-0xfdffffff] has been reserved
[    1.769721] system 00:04: [mem 0xfe000000-0xfe00ffff] has been reserved
[    1.769722] system 00:04: [mem 0xfe011000-0xfe01ffff] has been reserved
[    1.769723] system 00:04: [mem 0xfe036000-0xfe03bfff] has been reserved
[    1.769724] system 00:04: [mem 0xfe03d000-0xfe3fffff] has been reserved
[    1.769725] system 00:04: [mem 0xfe410000-0xfe7fffff] has been reserved
[    1.769727] system 00:04: Plug and Play ACPI device, IDs PNP0c02 (active)
[    1.770047] system 00:05: [io  0x1000-0x10fe] has been reserved
[    1.770049] system 00:05: Plug and Play ACPI device, IDs PNP0c02 (active)
[    1.771039] pnp: PnP ACPI: found 6 devices
[    1.772125] thermal_sys: Registered thermal governor 'fair_share'
[    1.772126] thermal_sys: Registered thermal governor 'bang_bang'
[    1.772127] thermal_sys: Registered thermal governor 'step_wise'
[    1.772127] thermal_sys: Registered thermal governor 'user_space'
[    1.772128] thermal_sys: Registered thermal governor 'power_allocator'
[    1.776619] clocksource: acpi_pm: mask: 0xffffff max_cycles: 0xffffff, max_idle_ns: 2085701024 ns
[    1.776641] pci 0000:04:00.0: can't claim BAR 6 [mem 0xfffc0000-0xffffffff pref]: no compatible bridge window
[    1.776642] pci 0000:04:00.1: can't claim BAR 6 [mem 0xfffc0000-0xffffffff pref]: no compatible bridge window
[    1.776644] pci 0000:17:00.0: can't claim BAR 6 [mem 0xfff00000-0xffffffff pref]: no compatible bridge window
[    1.776660] pci 0000:00:1c.5: BAR 14: assigned [mem 0x90000000-0x900fffff]
[    1.776662] pci 0000:00:1c.0: PCI bridge to [bus 01]
[    1.776671] pci 0000:02:00.0: PCI bridge to [bus 03]
[    1.776675] pci 0000:02:00.0:   bridge window [mem 0x92000000-0x928fffff]
[    1.776679] pci 0000:02:00.0:   bridge window [mem 0x91000000-0x91ffffff 64bit pref]
[    1.776685] pci 0000:00:1c.4: PCI bridge to [bus 02-03]
[    1.776688] pci 0000:00:1c.4:   bridge window [mem 0x92000000-0x928fffff]
[    1.776690] pci 0000:00:1c.4:   bridge window [mem 0x91000000-0x91ffffff 64bit pref]
[    1.776695] pci 0000:04:00.0: BAR 6: assigned [mem 0x90000000-0x9003ffff pref]
[    1.776696] pci 0000:04:00.1: BAR 6: assigned [mem 0x90040000-0x9007ffff pref]
[    1.776697] pci 0000:00:1c.5: PCI bridge to [bus 04]
[    1.776700] pci 0000:00:1c.5:   bridge window [mem 0x90000000-0x900fffff]
[    1.776702] pci 0000:00:1c.5:   bridge window [mem 0x92900000-0x929fffff 64bit pref]
[    1.776706] pci_bus 0000:00: resource 4 [io  0x0000-0x0cf7 window]
[    1.776707] pci_bus 0000:00: resource 5 [io  0x1000-0x4fff window]
[    1.776708] pci_bus 0000:00: resource 6 [mem 0x000a0000-0x000bffff window]
[    1.776709] pci_bus 0000:00: resource 7 [mem 0x000c8000-0x000cffff window]
