[    0.000000] Linux version 5.3.1-multiclock (xmu@xmu-PowerEdge-R750) (gcc version 7.5.0 (Ubuntu 7.5.0-3ubuntu1~18.04)) #1 SMP Wed Aug 9 20:46:02 CST 2023
[    0.000000] Command line: BOOT_IMAGE=/boot/vmlinuz-5.3.1-multiclock root=UUID=ce0c24b8-724b-4f33-9b2c-618433560aef ro memmap=2349M!4096M memmap=59G!64G quiet splash nomodeset vt.handoff=1
[    0.000000] KERNEL supported cpus:
[    0.000000]   Intel GenuineIntel
[    0.000000]   AMD AuthenticAMD
[    0.000000]   Hygon HygonGenuine
[    0.000000]   Centaur CentaurHauls
[    0.000000]   zhaoxin   Shanghai  
[    0.000000] x86/fpu: Supporting XSAVE feature 0x001: 'x87 floating point registers'
[    0.000000] x86/fpu: Supporting XSAVE feature 0x002: 'SSE registers'
[    0.000000] x86/fpu: Supporting XSAVE feature 0x004: 'AVX registers'
[    0.000000] x86/fpu: Supporting XSAVE feature 0x020: 'AVX-512 opmask'
[    0.000000] x86/fpu: Supporting XSAVE feature 0x040: 'AVX-512 Hi256'
[    0.000000] x86/fpu: Supporting XSAVE feature 0x080: 'AVX-512 ZMM_Hi256'
[    0.000000] x86/fpu: Supporting XSAVE feature 0x200: 'Protection Keys User registers'
[    0.000000] x86/fpu: xstate_offset[2]:  576, xstate_sizes[2]:  256
[    0.000000] x86/fpu: xstate_offset[5]:  832, xstate_sizes[5]:   64
[    0.000000] x86/fpu: xstate_offset[6]:  896, xstate_sizes[6]:  512
[    0.000000] x86/fpu: xstate_offset[7]: 1408, xstate_sizes[7]: 1024
[    0.000000] x86/fpu: xstate_offset[9]: 2432, xstate_sizes[9]:    8
[    0.000000] x86/fpu: Enabled xstate features 0x2e7, context size is 2440 bytes, using 'compacted' format.
[    0.000000] BIOS-provided physical RAM map:
[    0.000000] BIOS-e820: [mem 0x0000000000000000-0x000000000008efff] usable
[    0.000000] BIOS-e820: [mem 0x000000000008f000-0x000000000008ffff] reserved
[    0.000000] BIOS-e820: [mem 0x0000000000090000-0x000000000009ffff] usable
[    0.000000] BIOS-e820: [mem 0x00000000000a0000-0x00000000000fffff] reserved
[    0.000000] BIOS-e820: [mem 0x0000000000100000-0x0000000049e76fff] usable
[    0.000000] BIOS-e820: [mem 0x0000000049e77000-0x000000004ae76fff] ACPI NVS
[    0.000000] BIOS-e820: [mem 0x000000004ae77000-0x000000004b2cefff] usable
[    0.000000] BIOS-e820: [mem 0x000000004b2cf000-0x000000004b54dfff] ACPI data
[    0.000000] BIOS-e820: [mem 0x000000004b54e000-0x000000004bd93fff] usable
[    0.000000] BIOS-e820: [mem 0x000000004bd94000-0x000000004be99fff] reserved
[    0.000000] BIOS-e820: [mem 0x000000004be9a000-0x000000004cdfffff] usable
[    0.000000] BIOS-e820: [mem 0x000000004ce00000-0x000000004cffffff] reserved
[    0.000000] BIOS-e820: [mem 0x000000004d000000-0x000000005eefdfff] usable
[    0.000000] BIOS-e820: [mem 0x000000005eefe000-0x000000006e3fefff] reserved
[    0.000000] BIOS-e820: [mem 0x000000006e3ff000-0x000000006f3fefff] ACPI NVS
[    0.000000] BIOS-e820: [mem 0x000000006f3ff000-0x000000006f7fefff] ACPI data
[    0.000000] BIOS-e820: [mem 0x000000006f7ff000-0x000000006f7fffff] usable
[    0.000000] BIOS-e820: [mem 0x000000006f800000-0x000000008fffffff] reserved
[    0.000000] BIOS-e820: [mem 0x00000000fe000000-0x00000000fe010fff] reserved
[    0.000000] BIOS-e820: [mem 0x0000000100000000-0x000000207fffffff] usable
[    0.000000] BIOS-e820: [mem 0x0000002080000000-0x0000011c7fffffff] persistent (type 7)
[    0.000000] BIOS-e820: [mem 0x00001ffc00000000-0x00001fffffffffff] reserved
[    0.000000] NX (Execute Disable) protection: active
[    0.000000] e820: update [mem 0x47c65020-0x47c6d05f] usable ==> usable
[    0.000000] e820: update [mem 0x47c65020-0x47c6d05f] usable ==> usable
[    0.000000] e820: update [mem 0x47c32020-0x47c64c5f] usable ==> usable
[    0.000000] e820: update [mem 0x47c32020-0x47c64c5f] usable ==> usable
[    0.000000] e820: update [mem 0x47bff020-0x47c31c5f] usable ==> usable
[    0.000000] e820: update [mem 0x47bff020-0x47c31c5f] usable ==> usable
[    0.000000] e820: update [mem 0x47bcd020-0x47bfea5f] usable ==> usable
[    0.000000] e820: update [mem 0x47bcd020-0x47bfea5f] usable ==> usable
[    0.000000] extended physical RAM map:
[    0.000000] reserve setup_data: [mem 0x0000000000000000-0x000000000008efff] usable
[    0.000000] reserve setup_data: [mem 0x000000000008f000-0x000000000008ffff] reserved
[    0.000000] reserve setup_data: [mem 0x0000000000090000-0x000000000009ffff] usable
[    0.000000] reserve setup_data: [mem 0x00000000000a0000-0x00000000000fffff] reserved
[    0.000000] reserve setup_data: [mem 0x0000000000100000-0x0000000047bcd01f] usable
[    0.000000] reserve setup_data: [mem 0x0000000047bcd020-0x0000000047bfea5f] usable
[    0.000000] reserve setup_data: [mem 0x0000000047bfea60-0x0000000047bff01f] usable
[    0.000000] reserve setup_data: [mem 0x0000000047bff020-0x0000000047c31c5f] usable
[    0.000000] reserve setup_data: [mem 0x0000000047c31c60-0x0000000047c3201f] usable
[    0.000000] reserve setup_data: [mem 0x0000000047c32020-0x0000000047c64c5f] usable
[    0.000000] reserve setup_data: [mem 0x0000000047c64c60-0x0000000047c6501f] usable
[    0.000000] reserve setup_data: [mem 0x0000000047c65020-0x0000000047c6d05f] usable
[    0.000000] reserve setup_data: [mem 0x0000000047c6d060-0x0000000049e76fff] usable
[    0.000000] reserve setup_data: [mem 0x0000000049e77000-0x000000004ae76fff] ACPI NVS
[    0.000000] reserve setup_data: [mem 0x000000004ae77000-0x000000004b2cefff] usable
[    0.000000] reserve setup_data: [mem 0x000000004b2cf000-0x000000004b54dfff] ACPI data
[    0.000000] reserve setup_data: [mem 0x000000004b54e000-0x000000004bd93fff] usable
[    0.000000] reserve setup_data: [mem 0x000000004bd94000-0x000000004be99fff] reserved
[    0.000000] reserve setup_data: [mem 0x000000004be9a000-0x000000004cdfffff] usable
[    0.000000] reserve setup_data: [mem 0x000000004ce00000-0x000000004cffffff] reserved
[    0.000000] reserve setup_data: [mem 0x000000004d000000-0x000000005eefdfff] usable
[    0.000000] reserve setup_data: [mem 0x000000005eefe000-0x000000006e3fefff] reserved
[    0.000000] reserve setup_data: [mem 0x000000006e3ff000-0x000000006f3fefff] ACPI NVS
[    0.000000] reserve setup_data: [mem 0x000000006f3ff000-0x000000006f7fefff] ACPI data
[    0.000000] reserve setup_data: [mem 0x000000006f7ff000-0x000000006f7fffff] usable
[    0.000000] reserve setup_data: [mem 0x000000006f800000-0x000000008fffffff] reserved
[    0.000000] reserve setup_data: [mem 0x00000000fe000000-0x00000000fe010fff] reserved
[    0.000000] reserve setup_data: [mem 0x0000000100000000-0x0000000192cfffff] persistent (type 12)
[    0.000000] reserve setup_data: [mem 0x0000000192d00000-0x0000000fffffffff] usable
[    0.000000] reserve setup_data: [mem 0x0000001000000000-0x0000001ebfffffff] persistent (type 12)
[    0.000000] reserve setup_data: [mem 0x0000001ec0000000-0x000000207fffffff] usable
[    0.000000] reserve setup_data: [mem 0x0000002080000000-0x0000011c7fffffff] persistent (type 7)
[    0.000000] reserve setup_data: [mem 0x00001ffc00000000-0x00001fffffffffff] reserved
[    0.000000] user-defined physical RAM map:
[    0.000000] user: [mem 0x0000000000000000-0x000000000008efff] usable
[    0.000000] user: [mem 0x000000000008f000-0x000000000008ffff] reserved
[    0.000000] user: [mem 0x0000000000090000-0x000000000009ffff] usable
[    0.000000] user: [mem 0x00000000000a0000-0x00000000000fffff] reserved
[    0.000000] user: [mem 0x0000000000100000-0x0000000047bcd01f] usable
[    0.000000] user: [mem 0x0000000047bcd020-0x0000000047bfea5f] usable
[    0.000000] user: [mem 0x0000000047bfea60-0x0000000047bff01f] usable
[    0.000000] user: [mem 0x0000000047bff020-0x0000000047c31c5f] usable
[    0.000000] user: [mem 0x0000000047c31c60-0x0000000047c3201f] usable
[    0.000000] user: [mem 0x0000000047c32020-0x0000000047c64c5f] usable
[    0.000000] user: [mem 0x0000000047c64c60-0x0000000047c6501f] usable
[    0.000000] user: [mem 0x0000000047c65020-0x0000000047c6d05f] usable
[    0.000000] user: [mem 0x0000000047c6d060-0x0000000049e76fff] usable
[    0.000000] user: [mem 0x0000000049e77000-0x000000004ae76fff] ACPI NVS
[    0.000000] user: [mem 0x000000004ae77000-0x000000004b2cefff] usable
[    0.000000] user: [mem 0x000000004b2cf000-0x000000004b54dfff] ACPI data
[    0.000000] user: [mem 0x000000004b54e000-0x000000004bd93fff] usable
[    0.000000] user: [mem 0x000000004bd94000-0x000000004be99fff] reserved
[    0.000000] user: [mem 0x000000004be9a000-0x000000004cdfffff] usable
[    0.000000] user: [mem 0x000000004ce00000-0x000000004cffffff] reserved
[    0.000000] user: [mem 0x000000004d000000-0x000000005eefdfff] usable
[    0.000000] user: [mem 0x000000005eefe000-0x000000006e3fefff] reserved
[    0.000000] user: [mem 0x000000006e3ff000-0x000000006f3fefff] ACPI NVS
[    0.000000] user: [mem 0x000000006f3ff000-0x000000006f7fefff] ACPI data
[    0.000000] user: [mem 0x000000006f7ff000-0x000000006f7fffff] usable
[    0.000000] user: [mem 0x000000006f800000-0x000000008fffffff] reserved
[    0.000000] user: [mem 0x00000000fe000000-0x00000000fe010fff] reserved
[    0.000000] user: [mem 0x0000000100000000-0x0000000192cfffff] persistent (type 12)
[    0.000000] user: [mem 0x0000000192d00000-0x0000000fffffffff] usable
[    0.000000] user: [mem 0x0000001000000000-0x0000001ebfffffff] persistent (type 12)
[    0.000000] user: [mem 0x0000001ec0000000-0x000000207fffffff] usable
[    0.000000] user: [mem 0x0000002080000000-0x0000011c7fffffff] persistent (type 7)
[    0.000000] user: [mem 0x00001ffc00000000-0x00001fffffffffff] reserved
[    0.000000] efi: EFI v2.70 by Dell Inc.
[    0.000000] efi:  ACPI=0x6f7fe000  ACPI 2.0=0x6f7fe014  MEMATTR=0x5a1f8020  SMBIOS=0x69526000  SMBIOS 3.0=0x69524000 
[    0.000000] SMBIOS 3.3.0 present.
[    0.000000] DMI: Dell Inc. PowerEdge R750/0K8F35, BIOS 1.10.2 03/03/2023
[    0.000000] tsc: Detected 2000.000 MHz processor
[    0.000010] e820: update [mem 0x00000000-0x00000fff] usable ==> reserved
[    0.000011] e820: remove [mem 0x000a0000-0x000fffff] usable
[    0.000019] last_pfn = 0x2080000 max_arch_pfn = 0x400000000
[    0.000022] MTRR default type: uncachable
[    0.000022] MTRR fixed ranges enabled:
[    0.000023]   00000-9FFFF write-back
[    0.000024]   A0000-BFFFF uncachable
[    0.000025]   C0000-FFFFF write-protect
[    0.000025] MTRR variable ranges enabled:
[    0.000026]   0 base 000000000000 mask 3E0000000000 write-back
[    0.000027]   1 base 000080000000 mask 3FFF80000000 uncachable
[    0.000028]   2 base 00007F000000 mask 3FFFFF000000 uncachable
[    0.000028]   3 disabled
[    0.000029]   4 disabled
[    0.000029]   5 disabled
[    0.000029]   6 disabled
[    0.000030]   7 disabled
[    0.000030]   8 disabled
[    0.000030]   9 disabled
[    0.000783] x86/PAT: Configuration [0-7]: WB  WC  UC- UC  WB  WP  UC- WT  
[    0.001836] total RAM covered: 2095088M
[    0.001921]  gran_size: 64K 	chunk_size: 64K 	num_reg: 10  	lose cover RAM: 2016G
[    0.001923]  gran_size: 64K 	chunk_size: 128K 	num_reg: 10  	lose cover RAM: 2016G
[    0.001923]  gran_size: 64K 	chunk_size: 256K 	num_reg: 10  	lose cover RAM: 2016G
[    0.001924]  gran_size: 64K 	chunk_size: 512K 	num_reg: 10  	lose cover RAM: 2016G
[    0.001925]  gran_size: 64K 	chunk_size: 1M 	num_reg: 10  	lose cover RAM: 2016G
[    0.001925]  gran_size: 64K 	chunk_size: 2M 	num_reg: 10  	lose cover RAM: 2016G
[    0.001926]  gran_size: 64K 	chunk_size: 4M 	num_reg: 10  	lose cover RAM: 2016G
[    0.001927]  gran_size: 64K 	chunk_size: 8M 	num_reg: 10  	lose cover RAM: 2016G
[    0.001927]  gran_size: 64K 	chunk_size: 16M 	num_reg: 10  	lose cover RAM: 2016G
[    0.001928]  gran_size: 64K 	chunk_size: 32M 	num_reg: 10  	lose cover RAM: 1024G
[    0.001929]  gran_size: 64K 	chunk_size: 64M 	num_reg: 10  	lose cover RAM: 1024G
[    0.001929]  gran_size: 64K 	chunk_size: 128M 	num_reg: 10  	lose cover RAM: 1024G
[    0.001930]  gran_size: 64K 	chunk_size: 256M 	num_reg: 10  	lose cover RAM: 1024G
[    0.001931]  gran_size: 64K 	chunk_size: 512M 	num_reg: 10  	lose cover RAM: 1024G
[    0.001931]  gran_size: 64K 	chunk_size: 1G 	num_reg: 10  	lose cover RAM: 1024G
[    0.001932]  gran_size: 64K 	chunk_size: 2G 	num_reg: 10  	lose cover RAM: 1024G
[    0.001933]  gran_size: 128K 	chunk_size: 128K 	num_reg: 10  	lose cover RAM: 2016G
[    0.001934]  gran_size: 128K 	chunk_size: 256K 	num_reg: 10  	lose cover RAM: 2016G
[    0.001934]  gran_size: 128K 	chunk_size: 512K 	num_reg: 10  	lose cover RAM: 2016G
[    0.001935]  gran_size: 128K 	chunk_size: 1M 	num_reg: 10  	lose cover RAM: 2016G
[    0.001936]  gran_size: 128K 	chunk_size: 2M 	num_reg: 10  	lose cover RAM: 2016G
[    0.001936]  gran_size: 128K 	chunk_size: 4M 	num_reg: 10  	lose cover RAM: 2016G
[    0.001937]  gran_size: 128K 	chunk_size: 8M 	num_reg: 10  	lose cover RAM: 2016G
[    0.001938]  gran_size: 128K 	chunk_size: 16M 	num_reg: 10  	lose cover RAM: 2016G
[    0.001938]  gran_size: 128K 	chunk_size: 32M 	num_reg: 10  	lose cover RAM: 1024G
[    0.001939]  gran_size: 128K 	chunk_size: 64M 	num_reg: 10  	lose cover RAM: 1024G
[    0.001940]  gran_size: 128K 	chunk_size: 128M 	num_reg: 10  	lose cover RAM: 1024G
[    0.001940]  gran_size: 128K 	chunk_size: 256M 	num_reg: 10  	lose cover RAM: 1024G
[    0.001941]  gran_size: 128K 	chunk_size: 512M 	num_reg: 10  	lose cover RAM: 1024G
[    0.001942]  gran_size: 128K 	chunk_size: 1G 	num_reg: 10  	lose cover RAM: 1024G
[    0.001942]  gran_size: 128K 	chunk_size: 2G 	num_reg: 10  	lose cover RAM: 1024G
[    0.001943]  gran_size: 256K 	chunk_size: 256K 	num_reg: 10  	lose cover RAM: 2016G
[    0.001944]  gran_size: 256K 	chunk_size: 512K 	num_reg: 10  	lose cover RAM: 2016G
[    0.001944]  gran_size: 256K 	chunk_size: 1M 	num_reg: 10  	lose cover RAM: 2016G
[    0.001945]  gran_size: 256K 	chunk_size: 2M 	num_reg: 10  	lose cover RAM: 2016G
[    0.001946]  gran_size: 256K 	chunk_size: 4M 	num_reg: 10  	lose cover RAM: 2016G
[    0.001946]  gran_size: 256K 	chunk_size: 8M 	num_reg: 10  	lose cover RAM: 2016G
[    0.001947]  gran_size: 256K 	chunk_size: 16M 	num_reg: 10  	lose cover RAM: 2016G
[    0.001948]  gran_size: 256K 	chunk_size: 32M 	num_reg: 10  	lose cover RAM: 1024G
[    0.001949]  gran_size: 256K 	chunk_size: 64M 	num_reg: 10  	lose cover RAM: 1024G
[    0.001949]  gran_size: 256K 	chunk_size: 128M 	num_reg: 10  	lose cover RAM: 1024G
[    0.001950]  gran_size: 256K 	chunk_size: 256M 	num_reg: 10  	lose cover RAM: 1024G
[    0.001951]  gran_size: 256K 	chunk_size: 512M 	num_reg: 10  	lose cover RAM: 1024G
[    0.001952]  gran_size: 256K 	chunk_size: 1G 	num_reg: 10  	lose cover RAM: 1024G
[    0.001952]  gran_size: 256K 	chunk_size: 2G 	num_reg: 10  	lose cover RAM: 1024G
[    0.001953]  gran_size: 512K 	chunk_size: 512K 	num_reg: 10  	lose cover RAM: 2016G
[    0.001954]  gran_size: 512K 	chunk_size: 1M 	num_reg: 10  	lose cover RAM: 2016G
[    0.001954]  gran_size: 512K 	chunk_size: 2M 	num_reg: 10  	lose cover RAM: 2016G
[    0.001955]  gran_size: 512K 	chunk_size: 4M 	num_reg: 10  	lose cover RAM: 2016G
[    0.001956]  gran_size: 512K 	chunk_size: 8M 	num_reg: 10  	lose cover RAM: 2016G
[    0.001956]  gran_size: 512K 	chunk_size: 16M 	num_reg: 10  	lose cover RAM: 2016G
[    0.001957]  gran_size: 512K 	chunk_size: 32M 	num_reg: 10  	lose cover RAM: 1024G
[    0.001958]  gran_size: 512K 	chunk_size: 64M 	num_reg: 10  	lose cover RAM: 1024G
[    0.001958]  gran_size: 512K 	chunk_size: 128M 	num_reg: 10  	lose cover RAM: 1024G
[    0.001959]  gran_size: 512K 	chunk_size: 256M 	num_reg: 10  	lose cover RAM: 1024G
[    0.001960]  gran_size: 512K 	chunk_size: 512M 	num_reg: 10  	lose cover RAM: 1024G
[    0.001960]  gran_size: 512K 	chunk_size: 1G 	num_reg: 10  	lose cover RAM: 1024G
[    0.001961]  gran_size: 512K 	chunk_size: 2G 	num_reg: 10  	lose cover RAM: 1024G
[    0.001962]  gran_size: 1M 	chunk_size: 1M 	num_reg: 10  	lose cover RAM: 2016G
[    0.001962]  gran_size: 1M 	chunk_size: 2M 	num_reg: 10  	lose cover RAM: 2016G
[    0.001963]  gran_size: 1M 	chunk_size: 4M 	num_reg: 10  	lose cover RAM: 2016G
[    0.001964]  gran_size: 1M 	chunk_size: 8M 	num_reg: 10  	lose cover RAM: 2016G
[    0.001964]  gran_size: 1M 	chunk_size: 16M 	num_reg: 10  	lose cover RAM: 2016G
[    0.001965]  gran_size: 1M 	chunk_size: 32M 	num_reg: 10  	lose cover RAM: 1024G
[    0.001966]  gran_size: 1M 	chunk_size: 64M 	num_reg: 10  	lose cover RAM: 1024G
[    0.001966]  gran_size: 1M 	chunk_size: 128M 	num_reg: 10  	lose cover RAM: 1024G
[    0.001967]  gran_size: 1M 	chunk_size: 256M 	num_reg: 10  	lose cover RAM: 1024G
[    0.001968]  gran_size: 1M 	chunk_size: 512M 	num_reg: 10  	lose cover RAM: 1024G
[    0.001969]  gran_size: 1M 	chunk_size: 1G 	num_reg: 10  	lose cover RAM: 1024G
[    0.001969]  gran_size: 1M 	chunk_size: 2G 	num_reg: 10  	lose cover RAM: 1024G
[    0.001970]  gran_size: 2M 	chunk_size: 2M 	num_reg: 10  	lose cover RAM: 2016G
[    0.001970]  gran_size: 2M 	chunk_size: 4M 	num_reg: 10  	lose cover RAM: 2016G
[    0.001971]  gran_size: 2M 	chunk_size: 8M 	num_reg: 10  	lose cover RAM: 2016G
[    0.001972]  gran_size: 2M 	chunk_size: 16M 	num_reg: 10  	lose cover RAM: 2016G
[    0.001972]  gran_size: 2M 	chunk_size: 32M 	num_reg: 10  	lose cover RAM: 1024G
[    0.001973]  gran_size: 2M 	chunk_size: 64M 	num_reg: 10  	lose cover RAM: 1024G
[    0.001974]  gran_size: 2M 	chunk_size: 128M 	num_reg: 10  	lose cover RAM: 1024G
[    0.001974]  gran_size: 2M 	chunk_size: 256M 	num_reg: 10  	lose cover RAM: 1024G
[    0.001975]  gran_size: 2M 	chunk_size: 512M 	num_reg: 10  	lose cover RAM: 1024G
[    0.001976]  gran_size: 2M 	chunk_size: 1G 	num_reg: 10  	lose cover RAM: 1024G
[    0.001976]  gran_size: 2M 	chunk_size: 2G 	num_reg: 10  	lose cover RAM: 1024G
[    0.001977]  gran_size: 4M 	chunk_size: 4M 	num_reg: 10  	lose cover RAM: 2016G
[    0.001978]  gran_size: 4M 	chunk_size: 8M 	num_reg: 10  	lose cover RAM: 2016G
[    0.001978]  gran_size: 4M 	chunk_size: 16M 	num_reg: 10  	lose cover RAM: 2016G
[    0.001979]  gran_size: 4M 	chunk_size: 32M 	num_reg: 10  	lose cover RAM: 1024G
[    0.001980]  gran_size: 4M 	chunk_size: 64M 	num_reg: 10  	lose cover RAM: 1024G
[    0.001980]  gran_size: 4M 	chunk_size: 128M 	num_reg: 10  	lose cover RAM: 1024G
[    0.001981]  gran_size: 4M 	chunk_size: 256M 	num_reg: 10  	lose cover RAM: 1024G
[    0.001982]  gran_size: 4M 	chunk_size: 512M 	num_reg: 10  	lose cover RAM: 1024G
[    0.001982]  gran_size: 4M 	chunk_size: 1G 	num_reg: 10  	lose cover RAM: 1024G
[    0.001983]  gran_size: 4M 	chunk_size: 2G 	num_reg: 10  	lose cover RAM: 1024G
[    0.001984]  gran_size: 8M 	chunk_size: 8M 	num_reg: 10  	lose cover RAM: 2016G
[    0.001984]  gran_size: 8M 	chunk_size: 16M 	num_reg: 10  	lose cover RAM: 2016G
[    0.001985]  gran_size: 8M 	chunk_size: 32M 	num_reg: 10  	lose cover RAM: 1024G
[    0.001986]  gran_size: 8M 	chunk_size: 64M 	num_reg: 10  	lose cover RAM: 1024G
[    0.001986]  gran_size: 8M 	chunk_size: 128M 	num_reg: 10  	lose cover RAM: 1024G
[    0.001987]  gran_size: 8M 	chunk_size: 256M 	num_reg: 10  	lose cover RAM: 1024G
[    0.001988]  gran_size: 8M 	chunk_size: 512M 	num_reg: 10  	lose cover RAM: 1024G
[    0.001988]  gran_size: 8M 	chunk_size: 1G 	num_reg: 10  	lose cover RAM: 1024G
[    0.001989]  gran_size: 8M 	chunk_size: 2G 	num_reg: 10  	lose cover RAM: 1024G
[    0.001990]  gran_size: 16M 	chunk_size: 16M 	num_reg: 10  	lose cover RAM: 2016G
[    0.001990]  gran_size: 16M 	chunk_size: 32M 	num_reg: 10  	lose cover RAM: 1024G
[    0.001991]  gran_size: 16M 	chunk_size: 64M 	num_reg: 10  	lose cover RAM: 1024G
[    0.001992]  gran_size: 16M 	chunk_size: 128M 	num_reg: 10  	lose cover RAM: 1024G
[    0.001992]  gran_size: 16M 	chunk_size: 256M 	num_reg: 10  	lose cover RAM: 1024G
[    0.001993]  gran_size: 16M 	chunk_size: 512M 	num_reg: 10  	lose cover RAM: 1024G
[    0.001994]  gran_size: 16M 	chunk_size: 1G 	num_reg: 10  	lose cover RAM: 1024G
[    0.001994]  gran_size: 16M 	chunk_size: 2G 	num_reg: 10  	lose cover RAM: 1024G
[    0.001995]  gran_size: 32M 	chunk_size: 32M 	num_reg: 10  	lose cover RAM: 2031632M
[    0.001996]  gran_size: 32M 	chunk_size: 64M 	num_reg: 10  	lose cover RAM: 1048592M
[    0.001997]  gran_size: 32M 	chunk_size: 128M 	num_reg: 10  	lose cover RAM: 1048592M
[    0.001997]  gran_size: 32M 	chunk_size: 256M 	num_reg: 10  	lose cover RAM: 1048592M
[    0.001998]  gran_size: 32M 	chunk_size: 512M 	num_reg: 10  	lose cover RAM: 1048592M
[    0.001999]  gran_size: 32M 	chunk_size: 1G 	num_reg: 10  	lose cover RAM: 1048592M
[    0.001999]  gran_size: 32M 	chunk_size: 2G 	num_reg: 10  	lose cover RAM: 1048592M
[    0.002000]  gran_size: 64M 	chunk_size: 64M 	num_reg: 10  	lose cover RAM: 1966128M
[    0.002001]  gran_size: 64M 	chunk_size: 128M 	num_reg: 10  	lose cover RAM: 1048624M
[    0.002002]  gran_size: 64M 	chunk_size: 256M 	num_reg: 10  	lose cover RAM: 1048624M
[    0.002002]  gran_size: 64M 	chunk_size: 512M 	num_reg: 10  	lose cover RAM: 1048624M
[    0.002003]  gran_size: 64M 	chunk_size: 1G 	num_reg: 10  	lose cover RAM: 1048624M
[    0.002004]  gran_size: 64M 	chunk_size: 2G 	num_reg: 10  	lose cover RAM: 1048624M
[    0.002004]  gran_size: 128M 	chunk_size: 128M 	num_reg: 10  	lose cover RAM: 1835120M
[    0.002005]  gran_size: 128M 	chunk_size: 256M 	num_reg: 10  	lose cover RAM: 1048688M
[    0.002006]  gran_size: 128M 	chunk_size: 512M 	num_reg: 10  	lose cover RAM: 1048688M
[    0.002006]  gran_size: 128M 	chunk_size: 1G 	num_reg: 10  	lose cover RAM: 1048688M
[    0.002007]  gran_size: 128M 	chunk_size: 2G 	num_reg: 10  	lose cover RAM: 1048688M
[    0.002008]  gran_size: 256M 	chunk_size: 256M 	num_reg: 10  	lose cover RAM: 1573104M
[    0.002008]  gran_size: 256M 	chunk_size: 512M 	num_reg: 10  	lose cover RAM: 1048816M
[    0.002009]  gran_size: 256M 	chunk_size: 1G 	num_reg: 10  	lose cover RAM: 1048816M
[    0.002010]  gran_size: 256M 	chunk_size: 2G 	num_reg: 10  	lose cover RAM: 1048816M
[    0.002010]  gran_size: 512M 	chunk_size: 512M 	num_reg: 10  	lose cover RAM: 1049072M
[    0.002011]  gran_size: 512M 	chunk_size: 1G 	num_reg: 10  	lose cover RAM: 1049072M
[    0.002012]  gran_size: 512M 	chunk_size: 2G 	num_reg: 10  	lose cover RAM: 1049072M
[    0.002013]  gran_size: 1G 	chunk_size: 1G 	num_reg: 10  	lose cover RAM: 1008M
[    0.002013]  gran_size: 1G 	chunk_size: 2G 	num_reg: 10  	lose cover RAM: 1008M
[    0.002014]  gran_size: 2G 	chunk_size: 2G 	num_reg: 9  	lose cover RAM: 2032M
[    0.002015] mtrr_cleanup: can not find optimal value
[    0.002015] please specify mtrr_gran_size/mtrr_chunk_size
[    0.002018] e820: update [mem 0x7f000000-0xffffffff] usable ==> reserved
[    0.002020] x2apic: enabled by BIOS, switching to x2apic ops
[    0.002020] last_pfn = 0x6f800 max_arch_pfn = 0x400000000
[    0.013425] check: Scanning 1 areas for low memory corruption
[    0.013429] Using GB pages for direct mapping
[    0.013430] BRK [0x1b2e01000, 0x1b2e01fff] PGTABLE
[    0.013432] BRK [0x1b2e02000, 0x1b2e02fff] PGTABLE
[    0.013432] BRK [0x1b2e03000, 0x1b2e03fff] PGTABLE
[    0.013500] BRK [0x1b2e04000, 0x1b2e04fff] PGTABLE
[    0.013735] BRK [0x1b2e05000, 0x1b2e05fff] PGTABLE
[    0.013822] BRK [0x1b2e06000, 0x1b2e06fff] PGTABLE
[    0.013956] BRK [0x1b2e07000, 0x1b2e07fff] PGTABLE
[    0.014128] BRK [0x1b2e08000, 0x1b2e08fff] PGTABLE
[    0.014251] BRK [0x1b2e09000, 0x1b2e09fff] PGTABLE
[    0.014422] BRK [0x1b2e0a000, 0x1b2e0afff] PGTABLE
[    0.014524] BRK [0x1b2e0b000, 0x1b2e0bfff] PGTABLE
[    0.014779] BRK [0x1b2e0c000, 0x1b2e0cfff] PGTABLE
[    0.015218] Secure boot disabled
[    0.015219] RAMDISK: [mem 0x2065920000-0x207fffffff]
[    0.015226] ACPI: Early table checksum verification disabled
[    0.015227] ACPI: RSDP 0x000000006F7FE014 000024 (v02 DELL  )
[    0.015230] ACPI: XSDT 0x000000006F41C188 0000F4 (v01 DELL   PE_SC3   00000000 DELL 01000013)
[    0.015234] ACPI: FACP 0x000000006F430000 000114 (v06 DELL   PE_SC3   00000000 DELL 00000001)
[    0.015239] ACPI: DSDT 0x000000004B4CE000 07FAD3 (v02 DELL   PE_SC3   00000003 DELL 00000001)
[    0.015242] ACPI: FACS 0x000000006F2F2000 000040
[    0.015244] ACPI: SSDT 0x000000006F7FB000 00159A (v02 INTEL  RAS_ACPI 00000001 INTL 20210331)
[    0.015247] ACPI: SSDT 0x000000006F7FA000 000745 (v02 INTEL  ADDRXLAT 00000001 INTL 20210331)
[    0.015250] ACPI: MCEJ 0x000000006F7F9000 000130 (v01 INTEL           00000001 INTL 0100000D)
[    0.015252] ACPI: BERT 0x000000006F7F8000 000030 (v01 DELL   PE_SC3   00000001 INTL 00000001)
[    0.015255] ACPI: ERST 0x000000006F7F7000 000230 (v01 DELL   PE_SC3   00000001 INTL 00000001)
[    0.015257] ACPI: SSDT 0x000000006F431000 3C524E (v02 INTEL  SSDTNVDR 00001000 INTL 20210331)
[    0.015260] ACPI: HMAT 0x000000006F42F000 000210 (v01 DELL   PE_SC3   00000001 DELL 00000001)
[    0.015263] ACPI: HPET 0x000000006F42E000 000038 (v01 DELL   PE_SC3   00000001 DELL 00000001)
[    0.015265] ACPI: MCFG 0x000000006F42D000 00003C (v01 DELL   PE_SC3   00000001 DELL 00000001)
[    0.015268] ACPI: MIGT 0x000000006F42C000 000040 (v01 DELL   PE_SC3   00000000 DELL 00000001)
[    0.015270] ACPI: MSCT 0x000000006F42B000 000090 (v01 DELL   PE_SC3   00000001 DELL 00000001)
[    0.015273] ACPI: PMTT 0x000000006F429000 0011E8 (v02 DELL   PE_SC3   00000001 DELL 00000001)
[    0.015275] ACPI: WSMT 0x000000006F428000 000028 (v01 DELL   PE_SC3   00000000 DELL 00000001)
[    0.015278] ACPI: APIC 0x000000006F427000 00075E (v04 DELL   PE_SC3   00000000 DELL 00000001)
[    0.015280] ACPI: SLIT 0x000000006F426000 00003C (v01 DELL   PE_SC3   00000001 DELL 01000013)
[    0.015283] ACPI: SRAT 0x000000006F41F000 006430 (v03 DELL   PE_SC3   00000002 DELL 01000013)
[    0.015285] ACPI: OEM4 0x000000004B346000 187A61 (v02 INTEL  CPU  CST 00003000 INTL 20210331)
[    0.015288] ACPI: SSDT 0x000000004B2CF000 0764A5 (v02 INTEL  SSDT  PM 00004000 INTL 20210331)
[    0.015290] ACPI: SSDT 0x000000006F41E000 000A1F (v02 DELL   PE_SC3   00000000 DELL 00000001)
[    0.015293] ACPI: HEST 0x000000006F41D000 00017C (v01 DELL   PE_SC3   00000001 INTL 00000001)
[    0.015295] ACPI: PCAT 0x000000006F41B000 00010C (v19 DELL   PE_SC3   00000002 DELL 00000001)
[    0.015298] ACPI: SSDT 0x000000006F413000 007299 (v02 INTEL  SpsNm    00000002 INTL 20210331)
[    0.015300] ACPI: SSDT 0x000000006F412000 000426 (v02 DELL   PE_SC3   00000002 DELL 00000001)
[    0.015303] ACPI: NFIT 0x000000006F7FD000 000488 (v01 DELL   PE_SC3   00000002 DELL 00000001)
[    0.015305] ACPI: DMAR 0x000000006F411000 000158 (v01 DELL   PE_SC3   00000001 DELL 00000001)
[    0.015313] ACPI: Local APIC address 0xfee00000
[    0.015314] Setting APIC routing to cluster x2apic.
[    0.015360] SRAT: PXM 0 -> APIC 0x0000 -> Node 0
[    0.015360] SRAT: PXM 0 -> APIC 0x0001 -> Node 0
[    0.015361] SRAT: PXM 0 -> APIC 0x0002 -> Node 0
[    0.015361] SRAT: PXM 0 -> APIC 0x0003 -> Node 0
[    0.015362] SRAT: PXM 0 -> APIC 0x0004 -> Node 0
[    0.015362] SRAT: PXM 0 -> APIC 0x0005 -> Node 0
[    0.015363] SRAT: PXM 0 -> APIC 0x0006 -> Node 0
[    0.015363] SRAT: PXM 0 -> APIC 0x0007 -> Node 0
[    0.015363] SRAT: PXM 0 -> APIC 0x0008 -> Node 0
[    0.015364] SRAT: PXM 0 -> APIC 0x0009 -> Node 0
[    0.015364] SRAT: PXM 0 -> APIC 0x000a -> Node 0
[    0.015365] SRAT: PXM 0 -> APIC 0x000b -> Node 0
[    0.015365] SRAT: PXM 0 -> APIC 0x000c -> Node 0
[    0.015365] SRAT: PXM 0 -> APIC 0x000d -> Node 0
[    0.015366] SRAT: PXM 0 -> APIC 0x000e -> Node 0
[    0.015366] SRAT: PXM 0 -> APIC 0x000f -> Node 0
[    0.015367] SRAT: PXM 0 -> APIC 0x0010 -> Node 0
[    0.015367] SRAT: PXM 0 -> APIC 0x0011 -> Node 0
[    0.015368] SRAT: PXM 0 -> APIC 0x0012 -> Node 0
[    0.015368] SRAT: PXM 0 -> APIC 0x0013 -> Node 0
[    0.015369] SRAT: PXM 0 -> APIC 0x0014 -> Node 0
[    0.015369] SRAT: PXM 0 -> APIC 0x0015 -> Node 0
[    0.015369] SRAT: PXM 0 -> APIC 0x0016 -> Node 0
[    0.015370] SRAT: PXM 0 -> APIC 0x0017 -> Node 0
[    0.015370] SRAT: PXM 0 -> APIC 0x0018 -> Node 0
[    0.015371] SRAT: PXM 0 -> APIC 0x0019 -> Node 0
[    0.015371] SRAT: PXM 0 -> APIC 0x001a -> Node 0
[    0.015371] SRAT: PXM 0 -> APIC 0x001b -> Node 0
[    0.015372] SRAT: PXM 0 -> APIC 0x001c -> Node 0
[    0.015372] SRAT: PXM 0 -> APIC 0x001d -> Node 0
[    0.015373] SRAT: PXM 0 -> APIC 0x001e -> Node 0
[    0.015373] SRAT: PXM 0 -> APIC 0x001f -> Node 0
[    0.015373] SRAT: PXM 0 -> APIC 0x0020 -> Node 0
[    0.015374] SRAT: PXM 0 -> APIC 0x0021 -> Node 0
[    0.015374] SRAT: PXM 0 -> APIC 0x0022 -> Node 0
[    0.015375] SRAT: PXM 0 -> APIC 0x0023 -> Node 0
[    0.015375] SRAT: PXM 0 -> APIC 0x0024 -> Node 0
[    0.015375] SRAT: PXM 0 -> APIC 0x0025 -> Node 0
[    0.015376] SRAT: PXM 0 -> APIC 0x0026 -> Node 0
[    0.015376] SRAT: PXM 0 -> APIC 0x0027 -> Node 0
[    0.015377] SRAT: PXM 0 -> APIC 0x0028 -> Node 0
[    0.015377] SRAT: PXM 0 -> APIC 0x0029 -> Node 0
[    0.015378] SRAT: PXM 0 -> APIC 0x002a -> Node 0
[    0.015378] SRAT: PXM 0 -> APIC 0x002b -> Node 0
[    0.015378] SRAT: PXM 0 -> APIC 0x002c -> Node 0
[    0.015379] SRAT: PXM 0 -> APIC 0x002d -> Node 0
[    0.015379] SRAT: PXM 0 -> APIC 0x002e -> Node 0
[    0.015380] SRAT: PXM 0 -> APIC 0x002f -> Node 0
[    0.015380] SRAT: PXM 0 -> APIC 0x0030 -> Node 0
[    0.015380] SRAT: PXM 0 -> APIC 0x0031 -> Node 0
[    0.015381] SRAT: PXM 0 -> APIC 0x0032 -> Node 0
[    0.015381] SRAT: PXM 0 -> APIC 0x0033 -> Node 0
[    0.015382] SRAT: PXM 0 -> APIC 0x0034 -> Node 0
[    0.015382] SRAT: PXM 0 -> APIC 0x0035 -> Node 0
[    0.015382] SRAT: PXM 0 -> APIC 0x0036 -> Node 0
[    0.015383] SRAT: PXM 0 -> APIC 0x0037 -> Node 0
[    0.015383] SRAT: PXM 1 -> APIC 0x0080 -> Node 1
[    0.015384] SRAT: PXM 1 -> APIC 0x0081 -> Node 1
[    0.015384] SRAT: PXM 1 -> APIC 0x0082 -> Node 1
[    0.015385] SRAT: PXM 1 -> APIC 0x0083 -> Node 1
[    0.015385] SRAT: PXM 1 -> APIC 0x0084 -> Node 1
[    0.015385] SRAT: PXM 1 -> APIC 0x0085 -> Node 1
[    0.015386] SRAT: PXM 1 -> APIC 0x0086 -> Node 1
[    0.015386] SRAT: PXM 1 -> APIC 0x0087 -> Node 1
[    0.015387] SRAT: PXM 1 -> APIC 0x0088 -> Node 1
[    0.015387] SRAT: PXM 1 -> APIC 0x0089 -> Node 1
[    0.015387] SRAT: PXM 1 -> APIC 0x008a -> Node 1
[    0.015388] SRAT: PXM 1 -> APIC 0x008b -> Node 1
[    0.015388] SRAT: PXM 1 -> APIC 0x008c -> Node 1
[    0.015389] SRAT: PXM 1 -> APIC 0x008d -> Node 1
[    0.015389] SRAT: PXM 1 -> APIC 0x008e -> Node 1
[    0.015390] SRAT: PXM 1 -> APIC 0x008f -> Node 1
[    0.015390] SRAT: PXM 1 -> APIC 0x0090 -> Node 1
[    0.015390] SRAT: PXM 1 -> APIC 0x0091 -> Node 1
[    0.015391] SRAT: PXM 1 -> APIC 0x0092 -> Node 1
[    0.015391] SRAT: PXM 1 -> APIC 0x0093 -> Node 1
[    0.015392] SRAT: PXM 1 -> APIC 0x0094 -> Node 1
[    0.015392] SRAT: PXM 1 -> APIC 0x0095 -> Node 1
[    0.015392] SRAT: PXM 1 -> APIC 0x0096 -> Node 1
[    0.015393] SRAT: PXM 1 -> APIC 0x0097 -> Node 1
[    0.015393] SRAT: PXM 1 -> APIC 0x0098 -> Node 1
[    0.015394] SRAT: PXM 1 -> APIC 0x0099 -> Node 1
[    0.015394] SRAT: PXM 1 -> APIC 0x009a -> Node 1
[    0.015394] SRAT: PXM 1 -> APIC 0x009b -> Node 1
[    0.015395] SRAT: PXM 1 -> APIC 0x009c -> Node 1
[    0.015395] SRAT: PXM 1 -> APIC 0x009d -> Node 1
[    0.015396] SRAT: PXM 1 -> APIC 0x009e -> Node 1
[    0.015396] SRAT: PXM 1 -> APIC 0x009f -> Node 1
[    0.015396] SRAT: PXM 1 -> APIC 0x00a0 -> Node 1
[    0.015397] SRAT: PXM 1 -> APIC 0x00a1 -> Node 1
[    0.015397] SRAT: PXM 1 -> APIC 0x00a2 -> Node 1
[    0.015398] SRAT: PXM 1 -> APIC 0x00a3 -> Node 1
[    0.015398] SRAT: PXM 1 -> APIC 0x00a4 -> Node 1
[    0.015399] SRAT: PXM 1 -> APIC 0x00a5 -> Node 1
[    0.015399] SRAT: PXM 1 -> APIC 0x00a6 -> Node 1
[    0.015399] SRAT: PXM 1 -> APIC 0x00a7 -> Node 1
[    0.015400] SRAT: PXM 1 -> APIC 0x00a8 -> Node 1
[    0.015400] SRAT: PXM 1 -> APIC 0x00a9 -> Node 1
[    0.015401] SRAT: PXM 1 -> APIC 0x00aa -> Node 1
[    0.015401] SRAT: PXM 1 -> APIC 0x00ab -> Node 1
[    0.015401] SRAT: PXM 1 -> APIC 0x00ac -> Node 1
[    0.015402] SRAT: PXM 1 -> APIC 0x00ad -> Node 1
[    0.015402] SRAT: PXM 1 -> APIC 0x00ae -> Node 1
[    0.015403] SRAT: PXM 1 -> APIC 0x00af -> Node 1
[    0.015403] SRAT: PXM 1 -> APIC 0x00b0 -> Node 1
[    0.015403] SRAT: PXM 1 -> APIC 0x00b1 -> Node 1
[    0.015404] SRAT: PXM 1 -> APIC 0x00b2 -> Node 1
[    0.015404] SRAT: PXM 1 -> APIC 0x00b3 -> Node 1
[    0.015405] SRAT: PXM 1 -> APIC 0x00b4 -> Node 1
[    0.015405] SRAT: PXM 1 -> APIC 0x00b5 -> Node 1
[    0.015405] SRAT: PXM 1 -> APIC 0x00b6 -> Node 1
[    0.015406] SRAT: PXM 1 -> APIC 0x00b7 -> Node 1
[    0.015419] ACPI: SRAT: Node 0 PXM 0 [mem 0x00000000-0x7fffffff]
[    0.015420] ACPI: SRAT: Node 0 PXM 0 [mem 0x100000000-0x107fffffff]
[    0.015421] ACPI: SRAT: Node 2 PXM 2 [mem 0x2080000000-0x9e7fffffff] non-volatile
[    0.015422] ACPI: SRAT: Node 1 PXM 1 [mem 0x1080000000-0x207fffffff]
[    0.015422] ACPI: SRAT: Node 3 PXM 3 [mem 0x9e80000000-0x11c7fffffff] non-volatile
[    0.015431] NUMA: Initialized distance table, cnt=4
[    0.015434] NUMA: Node 0 [mem 0x00000000-0x7fffffff] + [mem 0x100000000-0x107fffffff] -> [mem 0x00000000-0x107fffffff]
[    0.015442] NODE_DATA(0) allocated [mem 0xffffd5000-0xfffffffff]
[    0.015459] NODE_DATA(1) allocated [mem 0x20658f1000-0x206591bfff]
[    0.015634] Zone ranges:
[    0.015635]   DMA      [mem 0x0000000000001000-0x0000000000ffffff]
[    0.015636]   DMA32    [mem 0x0000000001000000-0x00000000ffffffff]
[    0.015636]   Normal   [mem 0x0000000100000000-0x000000207fffffff]
[    0.015637]   Device   empty
[    0.015638] Movable zone start for each node
[    0.015641] Early memory node ranges
[    0.015642]   node   0: [mem 0x0000000000001000-0x000000000008efff]
[    0.015643]   node   0: [mem 0x0000000000090000-0x000000000009ffff]
[    0.015643]   node   0: [mem 0x0000000000100000-0x0000000049e76fff]
[    0.015644]   node   0: [mem 0x000000004ae77000-0x000000004b2cefff]
[    0.015644]   node   0: [mem 0x000000004b54e000-0x000000004bd93fff]
[    0.015645]   node   0: [mem 0x000000004be9a000-0x000000004cdfffff]
[    0.015645]   node   0: [mem 0x000000004d000000-0x000000005eefdfff]
[    0.015646]   node   0: [mem 0x000000006f7ff000-0x000000006f7fffff]
[    0.015646]   node   0: [mem 0x0000000192d00000-0x0000000fffffffff]
[    0.015650]   node   1: [mem 0x0000001ec0000000-0x000000207fffffff]
[    0.016147] Zeroed struct page in unavailable ranges: 54248 pages
[    0.016149] Initmem setup node 0 [mem 0x0000000000001000-0x0000000fffffffff]
[    0.016150] On node 0 totalpages: 15510552
[    0.016151]   DMA zone: 64 pages used for memmap
[    0.016152]   DMA zone: 1102 pages reserved
[    0.016152]   DMA zone: 3998 pages, LIFO batch:0
[    0.016197]   DMA32 zone: 5926 pages used for memmap
[    0.016197]   DMA32 zone: 379258 pages, LIFO batch:63
[    0.022103]   Normal zone: 245760 pages used for memmap
[    0.022104]   Normal zone: 15127296 pages, LIFO batch:63
[    0.153872] Initmem setup node 1 [mem 0x0000001ec0000000-0x000000207fffffff]
[    0.153874] On node 1 totalpages: 1835008
[    0.153875]   Normal zone: 28672 pages used for memmap
[    0.153876]   Normal zone: 1835008 pages, LIFO batch:63
[    0.174041] ACPI: PM-Timer IO Port: 0x508
[    0.174044] ACPI: Local APIC address 0xfee00000
[    0.174060] ACPI: X2APIC_NMI (uid[0xffffffff] high edge lint[0x1])
[    0.174062] ACPI: LAPIC_NMI (acpi_id[0xff] high edge lint[0x1])
[    0.174081] IOAPIC[0]: apic_id 8, version 32, address 0xfec00000, GSI 0-119
[    0.174084] ACPI: INT_SRC_OVR (bus 0 bus_irq 0 global_irq 2 dfl dfl)
[    0.174085] ACPI: INT_SRC_OVR (bus 0 bus_irq 9 global_irq 9 high level)
[    0.174086] ACPI: IRQ0 used by override.
[    0.174087] ACPI: IRQ9 used by override.
[    0.174089] Using ACPI (MADT) for SMP configuration information
[    0.174091] ACPI: HPET id: 0x8086a701 base: 0xfed00000
[    0.174095] smpboot: Allowing 112 CPUs, 0 hotplug CPUs
[    0.174119] PM: Registered nosave memory: [mem 0x00000000-0x00000fff]
[    0.174120] PM: Registered nosave memory: [mem 0x0008f000-0x0008ffff]
[    0.174122] PM: Registered nosave memory: [mem 0x000a0000-0x000fffff]
[    0.174123] PM: Registered nosave memory: [mem 0x47bcd000-0x47bcdfff]
[    0.174125] PM: Registered nosave memory: [mem 0x47bfe000-0x47bfefff]
[    0.174125] PM: Registered nosave memory: [mem 0x47bff000-0x47bfffff]
[    0.174126] PM: Registered nosave memory: [mem 0x47c31000-0x47c31fff]
[    0.174127] PM: Registered nosave memory: [mem 0x47c32000-0x47c32fff]
[    0.174128] PM: Registered nosave memory: [mem 0x47c64000-0x47c64fff]
[    0.174129] PM: Registered nosave memory: [mem 0x47c65000-0x47c65fff]
[    0.174130] PM: Registered nosave memory: [mem 0x47c6d000-0x47c6dfff]
[    0.174132] PM: Registered nosave memory: [mem 0x49e77000-0x4ae76fff]
[    0.174133] PM: Registered nosave memory: [mem 0x4b2cf000-0x4b54dfff]
[    0.174134] PM: Registered nosave memory: [mem 0x4bd94000-0x4be99fff]
[    0.174136] PM: Registered nosave memory: [mem 0x4ce00000-0x4cffffff]
[    0.174137] PM: Registered nosave memory: [mem 0x5eefe000-0x6e3fefff]
[    0.174138] PM: Registered nosave memory: [mem 0x6e3ff000-0x6f3fefff]
[    0.174138] PM: Registered nosave memory: [mem 0x6f3ff000-0x6f7fefff]
[    0.174140] PM: Registered nosave memory: [mem 0x6f800000-0x8fffffff]
[    0.174140] PM: Registered nosave memory: [mem 0x90000000-0xfdffffff]
[    0.174141] PM: Registered nosave memory: [mem 0xfe000000-0xfe010fff]
[    0.174141] PM: Registered nosave memory: [mem 0xfe011000-0xffffffff]
[    0.174142] PM: Registered nosave memory: [mem 0x100000000-0x192cfffff]
[    0.174143] PM: Registered nosave memory: [mem 0x1000000000-0x1ebfffffff]
[    0.174145] [mem 0x90000000-0xfdffffff] available for PCI devices
[    0.174146] Booting paravirtualized kernel on bare hardware
[    0.174149] clocksource: refined-jiffies: mask: 0xffffffff max_cycles: 0xffffffff, max_idle_ns: 7645519600211568 ns
[    0.174155] setup_percpu: NR_CPUS:8192 nr_cpumask_bits:112 nr_cpu_ids:112 nr_node_ids:4
[    0.178795] percpu: Embedded 55 pages/cpu s188416 r8192 d28672 u262144
[    0.178804] pcpu-alloc: s188416 r8192 d28672 u262144 alloc=1*2097152
[    0.178805] pcpu-alloc: [0] 000 002 004 006 008 010 012 014 
[    0.178808] pcpu-alloc: [0] 016 018 020 022 024 026 028 030 
[    0.178809] pcpu-alloc: [0] 032 034 036 038 040 042 044 046 
[    0.178811] pcpu-alloc: [0] 048 050 052 054 056 058 060 062 
[    0.178812] pcpu-alloc: [0] 064 066 068 070 072 074 076 078 
[    0.178813] pcpu-alloc: [0] 080 082 084 086 088 090 092 094 
[    0.178815] pcpu-alloc: [0] 096 098 100 102 104 106 108 110 
[    0.178816] pcpu-alloc: [1] 001 003 005 007 009 011 013 015 
[    0.178818] pcpu-alloc: [1] 017 019 021 023 025 027 029 031 
[    0.178819] pcpu-alloc: [1] 033 035 037 039 041 043 045 047 
[    0.178821] pcpu-alloc: [1] 049 051 053 055 057 059 061 063 
[    0.178822] pcpu-alloc: [1] 065 067 069 071 073 075 077 079 
[    0.178823] pcpu-alloc: [1] 081 083 085 087 089 091 093 095 
[    0.178825] pcpu-alloc: [1] 097 099 101 103 105 107 109 111 
[    0.178868] Built 2 zonelists, mobility grouping on.  Total pages: 17064036
[    0.178869] Policy zone: Normal
[    0.178870] Kernel command line: BOOT_IMAGE=/boot/vmlinuz-5.3.1-multiclock root=UUID=ce0c24b8-724b-4f33-9b2c-618433560aef ro memmap=2349M!4096M memmap=59G!64G quiet splash nomodeset vt.handoff=1
[    0.178975] You have booted with nomodeset. This means your GPU drivers are DISABLED
[    0.178976] Any video related functionality will be severely degraded, and you may not even be able to suspend the system properly
[    0.178976] Unless you actually understand what nomodeset does, you should reboot without enabling it
[    0.178993] printk: log_buf_len individual max cpu contribution: 4096 bytes
[    0.178993] printk: log_buf_len total cpu_extra contributions: 454656 bytes
[    0.178994] printk: log_buf_len min size: 262144 bytes
[    0.179147] printk: log_buf_len: 1048576 bytes
[    0.179148] printk: early log buf free: 221788(84%)
[    0.180650] mem auto-init: stack:off, heap alloc:on, heap free:off
[    0.186631] Calgary: detecting Calgary via BIOS EBDA area
[    0.186633] Calgary: Unable to locate Rio Grande table in EBDA - bailing!
[    0.327710] Memory: 67608344K/69382240K available (14339K kernel code, 2373K rwdata, 4660K rodata, 2680K init, 5056K bss, 1773896K reserved, 0K cma-reserved)
[    0.328350] SLUB: HWalign=64, Order=0-3, MinObjects=0, CPUs=112, Nodes=4
[    0.328380] ftrace: allocating 43047 entries in 169 pages
[    0.344724] rcu: Hierarchical RCU implementation.
[    0.344725] rcu: 	RCU restricting CPUs from NR_CPUS=8192 to nr_cpu_ids=112.
[    0.344726] 	Tasks RCU enabled.
[    0.344727] rcu: RCU calculated value of scheduler-enlistment delay is 25 jiffies.
[    0.344728] rcu: Adjusting geometry for rcu_fanout_leaf=16, nr_cpu_ids=112
[    0.347321] NR_IRQS: 524544, nr_irqs: 2952, preallocated irqs: 16
[    0.347710] random: crng done (trusting CPU's manufacturer)
[    0.347877] Console: colour dummy device 80x25
[    0.347892] printk: console [tty0] enabled
[    0.347984] mempolicy: Enabling automatic NUMA balancing. Configure with numa_balancing= or the kernel.numa_balancing sysctl
[    0.347987] ACPI: Core revision 20190703
[    0.351399] clocksource: hpet: mask: 0xffffffff max_cycles: 0xffffffff, max_idle_ns: 79635855245 ns
[    0.351442] APIC: Switch to symmetric I/O mode setup
[    0.351444] DMAR: Host address width 46
[    0.351445] DMAR: DRHD base: 0x000000d0ffc000 flags: 0x0
[    0.351450] DMAR: dmar0: reg_base_addr d0ffc000 ver 4:0 cap 8ed008c40780466 ecap 60000f050df
[    0.351451] DMAR: DRHD base: 0x000000dbbfc000 flags: 0x0
[    0.351454] DMAR: dmar1: reg_base_addr dbbfc000 ver 4:0 cap 8ed008c40780466 ecap 60000f050df
[    0.351455] DMAR: DRHD base: 0x000000e67fc000 flags: 0x0
[    0.351458] DMAR: dmar2: reg_base_addr e67fc000 ver 4:0 cap 8ed008c40780466 ecap 60000f050df
[    0.351459] DMAR: DRHD base: 0x000000f13fc000 flags: 0x0
[    0.351462] DMAR: dmar3: reg_base_addr f13fc000 ver 4:0 cap 8ed008c40780466 ecap 60000f050df
[    0.351463] DMAR: DRHD base: 0x000000fb7fc000 flags: 0x0
[    0.351466] DMAR: dmar4: reg_base_addr fb7fc000 ver 4:0 cap 8ed008c40780466 ecap 60000f050df
[    0.351466] DMAR: DRHD base: 0x000000a63fc000 flags: 0x0
[    0.351469] DMAR: dmar5: reg_base_addr a63fc000 ver 4:0 cap 8ed008c40780466 ecap 60000f050df
[    0.351470] DMAR: DRHD base: 0x000000b0ffc000 flags: 0x0
[    0.351472] DMAR: dmar6: reg_base_addr b0ffc000 ver 4:0 cap 8ed008c40780466 ecap 60000f050df
[    0.351473] DMAR: DRHD base: 0x000000bbbfc000 flags: 0x0
[    0.351478] DMAR: dmar7: reg_base_addr bbbfc000 ver 4:0 cap 8ed008c40780466 ecap 60000f050df
[    0.351478] DMAR: DRHD base: 0x000000c5ffc000 flags: 0x0
[    0.351481] DMAR: dmar8: reg_base_addr c5ffc000 ver 4:0 cap 8ed008c40780466 ecap 60000f050df
[    0.351482] DMAR: DRHD base: 0x0000009b7fc000 flags: 0x1
[    0.351484] DMAR: dmar9: reg_base_addr 9b7fc000 ver 4:0 cap 8ed008c40780466 ecap 60000f050df
[    0.351485] DMAR: RMRR base: 0x00000069427000 end: 0x00000069429fff
[    0.351486] DMAR: ATSR flags: 0x0
[    0.351488] DMAR-IR: IOAPIC id 8 under DRHD base  0x9b7fc000 IOMMU 9
[    0.351488] DMAR-IR: HPET id 0 under DRHD base 0x9b7fc000
[    0.351489] DMAR-IR: Queued invalidation will be enabled to support x2apic and Intr-remapping.
[    0.354089] DMAR-IR: Enabled IRQ remapping in x2apic mode
[    0.356706] ..TIMER: vector=0x30 apic1=0 pin1=2 apic2=-1 pin2=-1
[    0.375369] clocksource: tsc-early: mask: 0xffffffffffffffff max_cycles: 0x39a85c9bff6, max_idle_ns: 881590591483 ns
[    0.375373] Calibrating delay loop (skipped), value calculated using timer frequency.. 4000.00 BogoMIPS (lpj=8000000)
[    0.375375] pid_max: default: 114688 minimum: 896
[    0.379420] LSM: Security Framework initializing
[    0.379446] Yama: becoming mindful.
[    0.379807] AppArmor: AppArmor initialized
[    0.389019] Dentry cache hash table entries: 8388608 (order: 14, 67108864 bytes, vmalloc)
[    0.393630] Inode-cache hash table entries: 4194304 (order: 13, 33554432 bytes, vmalloc)
[    0.393839] Mount-cache hash table entries: 131072 (order: 8, 1048576 bytes, vmalloc)
[    0.393984] Mountpoint-cache hash table entries: 131072 (order: 8, 1048576 bytes, vmalloc)
[    0.394289] *** VALIDATE proc ***
[    0.394530] *** VALIDATE cgroup1 ***
[    0.394531] *** VALIDATE cgroup2 ***
[    0.394663] x86/tme: not enabled by BIOS
[    0.394666] x86/cpu: User Mode Instruction Prevention (UMIP) activated
[    0.394740] mce: CPU0: Thermal monitoring enabled (TM1)
[    0.394950] process: using mwait in idle threads
[    0.394952] Last level iTLB entries: 4KB 0, 2MB 0, 4MB 0
[    0.394952] Last level dTLB entries: 4KB 0, 2MB 0, 4MB 0, 1GB 0
[    0.394955] Spectre V1 : Mitigation: usercopy/swapgs barriers and __user pointer sanitization
[    0.394957] Spectre V2 : Mitigation: Enhanced IBRS
[    0.394957] Spectre V2 : Spectre v2 / SpectreRSB mitigation: Filling RSB on context switch
[    0.394958] Spectre V2 : mitigation: Enabling conditional Indirect Branch Prediction Barrier
[    0.394959] Speculative Store Bypass: Mitigation: Speculative Store Bypass disabled via prctl and seccomp
[    0.395224] Freeing SMP alternatives memory: 40K
[    0.399523] TSC deadline timer enabled
[    0.399532] smpboot: CPU0: Intel(R) Xeon(R) Gold 6330 CPU @ 2.00GHz (family: 0x6, model: 0x6a, stepping: 0x6)
[    0.399716] Performance Events: PEBS fmt4+-baseline, Icelake events, 32-deep LBR, full-width counters, Intel PMU driver.
[    0.399722] ... version:                5
[    0.399722] ... bit width:              48
[    0.399723] ... generic registers:      8
[    0.399723] ... value mask:             0000ffffffffffff
[    0.399723] ... max period:             00007fffffffffff
[    0.399724] ... fixed-purpose events:   4
[    0.399724] ... event mask:             0000000f000000ff
[    0.399838] rcu: Hierarchical SRCU implementation.
[    0.407121] NMI watchdog: Enabled. Permanently consumes one hw-PMU counter.
[    0.408408] smp: Bringing up secondary CPUs ...
[    0.408524] x86: Booting SMP configuration:
[    0.408525] .... node  #1, CPUs:          #1
[    0.003723] smpboot: CPU 1 Converting physical 0 to logical die 1
[    0.495478] .... node  #0, CPUs:     #2
[    0.500824] .... node  #1, CPUs:     #3
[    0.506207] .... node  #0, CPUs:     #4
[    0.511550] .... node  #1, CPUs:     #5
[    0.516901] .... node  #0, CPUs:     #6
[    0.522446] .... node  #1, CPUs:     #7
[    0.527994] .... node  #0, CPUs:     #8
[    0.533257] .... node  #1, CPUs:     #9
[    0.538953] .... node  #0, CPUs:    #10
[    0.544647] .... node  #1, CPUs:    #11
[    0.550344] .... node  #0, CPUs:    #12
[    0.555826] .... node  #1, CPUs:    #13
[    0.561141] .... node  #0, CPUs:    #14
[    0.566354] .... node  #1, CPUs:    #15
[    0.571645] .... node  #0, CPUs:    #16
[    0.576885] .... node  #1, CPUs:    #17
[    0.582172] .... node  #0, CPUs:    #18
[    0.587531] .... node  #1, CPUs:    #19
[    0.592994] .... node  #0, CPUs:    #20
[    0.598194] .... node  #1, CPUs:    #21
[    0.603755] .... node  #0, CPUs:    #22
[    0.609157] .... node  #1, CPUs:    #23
[    0.614399] .... node  #0, CPUs:    #24
[    0.619994] .... node  #1, CPUs:    #25
[    0.625285] .... node  #0, CPUs:    #26
[    0.630464] .... node  #1, CPUs:    #27
[    0.635727] .... node  #0, CPUs:    #28
[    0.641199] .... node  #1, CPUs:    #29
[    0.646455] .... node  #0, CPUs:    #30
[    0.651636] .... node  #1, CPUs:    #31
[    0.657073] .... node  #0, CPUs:    #32
[    0.662333] .... node  #1, CPUs:    #33
[    0.667655] .... node  #0, CPUs:    #34
[    0.673060] .... node  #1, CPUs:    #35
[    0.678332] .... node  #0, CPUs:    #36
[    0.683520] .... node  #1, CPUs:    #37
[    0.688785] .... node  #0, CPUs:    #38
[    0.694317] .... node  #1, CPUs:    #39
[    0.699810] .... node  #0, CPUs:    #40
[    0.705385] .... node  #1, CPUs:    #41
[    0.711092] .... node  #0, CPUs:    #42
[    0.716361] .... node  #1, CPUs:    #43
[    0.721972] .... node  #0, CPUs:    #44
[    0.727518] .... node  #1, CPUs:    #45
[    0.732733] .... node  #0, CPUs:    #46
[    0.738243] .... node  #1, CPUs:    #47
[    0.743656] .... node  #0, CPUs:    #48
[    0.748957] .... node  #1, CPUs:    #49
[    0.754352] .... node  #0, CPUs:    #50
[    0.759808] .... node  #1, CPUs:    #51
[    0.765410] .... node  #0, CPUs:    #52
[    0.770846] .... node  #1, CPUs:    #53
[    0.776387] .... node  #0, CPUs:    #54
[    0.782065] .... node  #1, CPUs:    #55
[    0.787817] .... node  #0, CPUs:    #56
[    0.793612] .... node  #1, CPUs:    #57
[    0.799477] .... node  #0, CPUs:    #58
[    0.804842] .... node  #1, CPUs:    #59
[    0.810249] .... node  #0, CPUs:    #60
[    0.815588] .... node  #1, CPUs:    #61
[    0.820962] .... node  #0, CPUs:    #62
[    0.826524] .... node  #1, CPUs:    #63
[    0.832090] .... node  #0, CPUs:    #64
[    0.837370] .... node  #1, CPUs:    #65
[    0.843081] .... node  #0, CPUs:    #66
[    0.848787] .... node  #1, CPUs:    #67
[    0.854501] .... node  #0, CPUs:    #68
[    0.859988] .... node  #1, CPUs:    #69
[    0.865324] .... node  #0, CPUs:    #70
[    0.870518] .... node  #1, CPUs:    #71
[    0.875816] .... node  #0, CPUs:    #72
[    0.881068] .... node  #1, CPUs:    #73
[    0.886367] .... node  #0, CPUs:    #74
[    0.891607] .... node  #1, CPUs:    #75
[    0.897233] .... node  #0, CPUs:    #76
[    0.902456] .... node  #1, CPUs:    #77
[    0.908040] .... node  #0, CPUs:    #78
[    0.913467] .... node  #1, CPUs:    #79
[    0.918732] .... node  #0, CPUs:    #80
[    0.924342] .... node  #1, CPUs:    #81
[    0.929657] .... node  #0, CPUs:    #82
[    0.934846] .... node  #1, CPUs:    #83
[    0.940148] .... node  #0, CPUs:    #84
[    0.945647] .... node  #1, CPUs:    #85
[    0.950913] .... node  #0, CPUs:    #86
[    0.956121] .... node  #1, CPUs:    #87
[    0.961578] .... node  #0, CPUs:    #88
[    0.966850] .... node  #1, CPUs:    #89
[    0.972206] .... node  #0, CPUs:    #90
[    0.977625] .... node  #1, CPUs:    #91
[    0.982913] .... node  #0, CPUs:    #92
[    0.988105] .... node  #1, CPUs:    #93
[    0.993404] .... node  #0, CPUs:    #94
[    0.998959] .... node  #1, CPUs:    #95
[    1.004456] .... node  #0, CPUs:    #96
[    1.010047] .... node  #1, CPUs:    #97
[    1.015772] .... node  #0, CPUs:    #98
[    1.021072] .... node  #1, CPUs:    #99
[    1.026710] .... node  #0, CPUs:   #100
[    1.032045] .... node  #1, CPUs:   #101
[    1.037483] .... node  #0, CPUs:   #102
[    1.043005] .... node  #1, CPUs:   #103
[    1.048426] .... node  #0, CPUs:   #104
[    1.053751] .... node  #1, CPUs:   #105
[    1.059379] .... node  #0, CPUs:   #106
[    1.064634] .... node  #1, CPUs:   #107
[    1.070256] .... node  #0, CPUs:   #108
[    1.075689] .... node  #1, CPUs:   #109
[    1.081273] .... node  #0, CPUs:   #110
[    1.086949] .... node  #1, CPUs:   #111
[    1.092718] smp: Brought up 2 nodes, 112 CPUs
[    1.092718] smpboot: Max logical packages: 2
[    1.092718] smpboot: Total of 112 processors activated (448066.69 BogoMIPS)
[    1.102199] devtmpfs: initialized
[    1.102199] x86/mm: Memory block size: 2048MB
[    1.102199] PM: Registering ACPI NVS region [mem 0x49e77000-0x4ae76fff] (16777216 bytes)
[    1.102199] PM: Registering ACPI NVS region [mem 0x6e3ff000-0x6f3fefff] (16777216 bytes)
[    1.103395] clocksource: jiffies: mask: 0xffffffff max_cycles: 0xffffffff, max_idle_ns: 7645041785100000 ns
[    1.103691] futex hash table entries: 32768 (order: 9, 2097152 bytes, vmalloc)
[    1.104279] pinctrl core: initialized pinctrl subsystem
[    1.104403] PM: RTC time: 05:10:52, date: 2024-07-01
[    1.104664] NET: Registered protocol family 16
[    1.104770] audit: initializing netlink subsys (disabled)
[    1.104775] audit: type=2000 audit(1719810651.756:1): state=initialized audit_enabled=0 res=1
[    1.104775] EISA bus registered
[    1.104775] cpuidle: using governor ladder
[    1.104775] cpuidle: using governor menu
[    1.104775] ACPI FADT declares the system doesn't support PCIe ASPM, so disable it
[    1.104775] ACPI: bus type PCI registered
[    1.104775] acpiphp: ACPI Hot Plug PCI Controller Driver version: 0.5
[    1.104775] PCI: MMCONFIG for domain 0000 [bus 00-ff] at [mem 0x80000000-0x8fffffff] (base 0x80000000)
[    1.104775] PCI: MMCONFIG at [mem 0x80000000-0x8fffffff] reserved in E820
[    1.104775] pmd_set_huge: Cannot satisfy [mem 0x80000000-0x80200000] with a huge-page mapping due to MTRR override.
[    1.104775] PCI: Using configuration type 1 for base access
[    1.104775] PCI: Dell System detected, enabling pci=bfsort.
[    1.107376] ENERGY_PERF_BIAS: Set to 'normal', was 'performance'
[    1.111652] HugeTLB registered 1.00 GiB page size, pre-allocated 0 pages
[    1.111652] HugeTLB registered 2.00 MiB page size, pre-allocated 0 pages
[    1.115782] ACPI: Added _OSI(Module Device)
[    1.115783] ACPI: Added _OSI(Processor Device)
[    1.115783] ACPI: Added _OSI(3.0 _SCP Extensions)
[    1.115784] ACPI: Added _OSI(Processor Aggregator Device)
[    1.115786] ACPI: Added _OSI(Linux-Dell-Video)
[    1.115786] ACPI: Added _OSI(Linux-Lenovo-NV-HDMI-Audio)
[    1.115787] ACPI: Added _OSI(Linux-HPI-Hybrid-Graphics)
[    1.277839] ACPI: 8 ACPI AML tables successfully acquired and loaded
[    1.284928] ACPI: [Firmware Bug]: BIOS _OSI(Linux) query ignored
[    1.291570] ACPI: Dynamic OEM Table Load:
[    1.680398] ACPI: Interpreter enabled
[    1.680416] ACPI: (supports S0 S5)
[    1.680417] ACPI: Using IOAPIC for interrupt routing
[    1.680503] HEST: Table parsing has been initialized.
[    1.680505] PCI: Using host bridge windows from ACPI; if necessary, use "pci=nocrs" and report a bug
[    1.709236] ACPI: Enabled 4 GPEs in block 00 to 7F
[    1.833461] ACPI: PCI Root Bridge [PC00] (domain 0000 [bus 00-15])
[    1.833466] acpi PNP0A08:00: _OSC: OS supports [ExtendedConfig ASPM ClockPM Segments MSI HPX-Type3]
[    1.833542] acpi PNP0A08:00: PCIe AER handled by firmware
[    1.833653] acpi PNP0A08:00: _OSC: platform does not support [SHPCHotplug LTR]
[    1.833858] acpi PNP0A08:00: _OSC: OS now controls [PCIeHotplug PME PCIeCapability]
[    1.833859] acpi PNP0A08:00: FADT indicates ASPM is unsupported, using BIOS configuration
[    1.835632] PCI host bridge to bus 0000:00
[    1.835634] pci_bus 0000:00: root bus resource [io  0x0000-0x0cf7 window]
[    1.835635] pci_bus 0000:00: root bus resource [io  0x1000-0x4fff window]
[    1.835636] pci_bus 0000:00: root bus resource [mem 0x000a0000-0x000bffff window]
[    1.835637] pci_bus 0000:00: root bus resource [mem 0x000c8000-0x000cffff window]
[    1.835637] pci_bus 0000:00: root bus resource [mem 0xfe010000-0xfe010fff window]
[    1.835638] pci_bus 0000:00: root bus resource [mem 0x90000000-0x9b7fffff window]
[    1.835639] pci_bus 0000:00: root bus resource [mem 0x200000000000-0x20ffffffffff window]
[    1.835640] pci_bus 0000:00: root bus resource [bus 00-15]
[    1.835649] pci 0000:00:00.0: [8086:09a2] type 00 class 0x088000
[    1.836366] pci 0000:00:00.1: [8086:09a4] type 00 class 0x088000
[    1.837068] pci 0000:00:00.2: [8086:09a3] type 00 class 0x088000
[    1.837769] pci 0000:00:00.4: [8086:0998] type 00 class 0x060000
[    1.838471] pci 0000:00:02.0: [8086:09a6] type 00 class 0x088000
[    1.838480] pci 0000:00:02.0: reg 0x10: [mem 0x92dfc000-0x92dfdfff]
[    1.839174] pci 0000:00:02.1: [8086:09a7] type 00 class 0x088000
[    1.839183] pci 0000:00:02.1: reg 0x10: [mem 0x92d00000-0x92d7ffff]
[    1.839188] pci 0000:00:02.1: reg 0x14: [mem 0x92c80000-0x92cfffff]
[    1.839883] pci 0000:00:02.4: [8086:3456] type 00 class 0x130000
[    1.839894] pci 0000:00:02.4: reg 0x10: [mem 0x92a00000-0x92afffff 64bit]
[    1.839901] pci 0000:00:02.4: reg 0x18: [mem 0x92df0000-0x92df3fff 64bit]
[    1.839907] pci 0000:00:02.4: reg 0x20: [mem 0x92dc0000-0x92ddffff 64bit]
[    1.840612] pci 0000:00:11.0: [8086:a1ec] type 00 class 0xff0000
[    1.841377] pci 0000:00:11.5: [8086:a1d2] type 00 class 0x010601
[    1.841394] pci 0000:00:11.5: reg 0x10: [mem 0x92dfa000-0x92dfbfff]
[    1.841401] pci 0000:00:11.5: reg 0x14: [mem 0x92e05000-0x92e050ff]
[    1.841408] pci 0000:00:11.5: reg 0x18: [io  0x2068-0x206f]
[    1.841415] pci 0000:00:11.5: reg 0x1c: [io  0x2074-0x2077]
[    1.841422] pci 0000:00:11.5: reg 0x20: [io  0x2040-0x205f]
[    1.841429] pci 0000:00:11.5: reg 0x24: [mem 0x92b80000-0x92bfffff]
[    1.841467] pci 0000:00:11.5: PME# supported from D3hot
[    1.842182] pci 0000:00:14.0: [8086:a1af] type 00 class 0x0c0330
[    1.842203] pci 0000:00:14.0: reg 0x10: [mem 0x92de0000-0x92deffff 64bit]
[    1.842266] pci 0000:00:14.0: PME# supported from D3hot D3cold
[    1.842976] pci 0000:00:14.2: [8086:a1b1] type 00 class 0x118000
[    1.842996] pci 0000:00:14.2: reg 0x10: [mem 0x92e02000-0x92e02fff 64bit]
[    1.843739] pci 0000:00:16.0: [8086:a1ba] type 00 class 0x078000
[    1.843767] pci 0000:00:16.0: reg 0x10: [mem 0x92e01000-0x92e01fff 64bit]
[    1.843839] pci 0000:00:16.0: PME# supported from D3hot
[    1.844519] pci 0000:00:16.1: [8086:a1bb] type 00 class 0x078000
[    1.844544] pci 0000:00:16.1: reg 0x10: [mem 0x92e00000-0x92e00fff 64bit]
[    1.844618] pci 0000:00:16.1: PME# supported from D3hot
[    1.845300] pci 0000:00:16.4: [8086:a1be] type 00 class 0x078000
[    1.845327] pci 0000:00:16.4: reg 0x10: [mem 0x92dff000-0x92dfffff 64bit]
[    1.845411] pci 0000:00:16.4: PME# supported from D3hot
[    1.846092] pci 0000:00:17.0: [8086:a182] type 00 class 0x010601
[    1.846109] pci 0000:00:17.0: reg 0x10: [mem 0x92df8000-0x92df9fff]
[    1.846116] pci 0000:00:17.0: reg 0x14: [mem 0x92e04000-0x92e040ff]
[    1.846123] pci 0000:00:17.0: reg 0x18: [io  0x2060-0x2067]
[    1.846129] pci 0000:00:17.0: reg 0x1c: [io  0x2070-0x2073]
[    1.846136] pci 0000:00:17.0: reg 0x20: [io  0x2020-0x203f]
[    1.846143] pci 0000:00:17.0: reg 0x24: [mem 0x92b00000-0x92b7ffff]
[    1.846181] pci 0000:00:17.0: PME# supported from D3hot
[    1.846894] pci 0000:00:1c.0: [8086:a190] type 01 class 0x060400
[    1.846973] pci 0000:00:1c.0: PME# supported from D0 D3hot D3cold
[    1.847738] pci 0000:00:1c.4: [8086:a194] type 01 class 0x060400
[    1.847810] pci 0000:00:1c.4: PME# supported from D0 D3hot D3cold
[    1.848560] pci 0000:00:1c.5: [8086:a195] type 01 class 0x060400
[    1.848633] pci 0000:00:1c.5: PME# supported from D0 D3hot D3cold
[    1.849392] pci 0000:00:1f.0: [8086:a1cb] type 00 class 0x060100
[    1.850197] pci 0000:00:1f.2: [8086:a1a1] type 00 class 0x058000
[    1.850213] pci 0000:00:1f.2: reg 0x10: [mem 0x92df4000-0x92df7fff]
[    1.850963] pci 0000:00:1f.4: [8086:a1a3] type 00 class 0x0c0500
[    1.850982] pci 0000:00:1f.4: reg 0x10: [mem 0x92dfe000-0x92dfe0ff 64bit]
[    1.851005] pci 0000:00:1f.4: reg 0x20: [io  0x2000-0x201f]
[    1.851697] pci 0000:00:1f.5: [8086:a1a4] type 00 class 0x0c8000
[    1.851714] pci 0000:00:1f.5: reg 0x10: [mem 0xfe010000-0xfe010fff]
[    1.852463] pci 0000:00:1c.0: PCI bridge to [bus 01]
[    1.852511] pci 0000:02:00.0: [1556:be00] type 01 class 0x060400
[    1.852679] pci 0000:00:1c.4: PCI bridge to [bus 02-03]
[    1.852683] pci 0000:00:1c.4:   bridge window [mem 0x92000000-0x928fffff]
[    1.852686] pci 0000:00:1c.4:   bridge window [mem 0x91000000-0x91ffffff 64bit pref]
[    1.852718] pci_bus 0000:03: extended config space not accessible
[    1.852735] pci 0000:03:00.0: [102b:0536] type 00 class 0x030000
[    1.852754] pci 0000:03:00.0: reg 0x10: [mem 0x91000000-0x91ffffff pref]
[    1.852765] pci 0000:03:00.0: reg 0x14: [mem 0x92808000-0x9280bfff]
[    1.852775] pci 0000:03:00.0: reg 0x18: [mem 0x92000000-0x927fffff]
[    1.852822] pci 0000:03:00.0: BAR 0: assigned to efifb
[    1.852916] pci 0000:02:00.0: PCI bridge to [bus 03]
[    1.852924] pci 0000:02:00.0:   bridge window [mem 0x92000000-0x928fffff]
[    1.852930] pci 0000:02:00.0:   bridge window [mem 0x91000000-0x91ffffff 64bit pref]
[    1.852996] pci 0000:04:00.0: [14e4:165f] type 00 class 0x020000
[    1.853027] pci 0000:04:00.0: reg 0x10: [mem 0x92930000-0x9293ffff 64bit pref]
[    1.853043] pci 0000:04:00.0: reg 0x18: [mem 0x92940000-0x9294ffff 64bit pref]
[    1.853058] pci 0000:04:00.0: reg 0x20: [mem 0x92950000-0x9295ffff 64bit pref]
[    1.853068] pci 0000:04:00.0: reg 0x30: [mem 0xfffc0000-0xffffffff pref]
[    1.853160] pci 0000:04:00.0: PME# supported from D0 D3hot D3cold
[    1.853199] pci 0000:04:00.0: 4.000 Gb/s available PCIe bandwidth, limited by 5 GT/s x1 link at 0000:00:1c.5 (capable of 8.000 Gb/s with 5 GT/s x2 link)
[    1.853326] pci 0000:04:00.1: [14e4:165f] type 00 class 0x020000
[    1.853357] pci 0000:04:00.1: reg 0x10: [mem 0x92900000-0x9290ffff 64bit pref]
[    1.853373] pci 0000:04:00.1: reg 0x18: [mem 0x92910000-0x9291ffff 64bit pref]
[    1.853388] pci 0000:04:00.1: reg 0x20: [mem 0x92920000-0x9292ffff 64bit pref]
[    1.853398] pci 0000:04:00.1: reg 0x30: [mem 0xfffc0000-0xffffffff pref]
[    1.853490] pci 0000:04:00.1: PME# supported from D0 D3hot D3cold
[    1.853635] pci 0000:00:1c.5: PCI bridge to [bus 04]
[    1.853642] pci 0000:00:1c.5:   bridge window [mem 0x92900000-0x929fffff 64bit pref]
[    1.853656] pci_bus 0000:00: on NUMA node 0
[    1.854202] ACPI: PCI Root Bridge [PC01] (domain 0000 [bus 16-2f])
[    1.854205] acpi PNP0A08:01: _OSC: OS supports [ExtendedConfig ASPM ClockPM Segments MSI HPX-Type3]
[    1.854302] acpi PNP0A08:01: PCIe AER handled by firmware
[    1.854409] acpi PNP0A08:01: _OSC: platform does not support [SHPCHotplug]
[    1.854609] acpi PNP0A08:01: _OSC: OS now controls [PCIeHotplug PME PCIeCapability LTR]
[    1.854609] acpi PNP0A08:01: FADT indicates ASPM is unsupported, using BIOS configuration
[    1.854731] PCI host bridge to bus 0000:16
[    1.854732] pci_bus 0000:16: root bus resource [io  0x5000-0x6fff window]
[    1.854733] pci_bus 0000:16: root bus resource [mem 0x9b800000-0xa63fffff window]
[    1.854733] pci_bus 0000:16: root bus resource [mem 0x210000000000-0x21ffffffffff window]
[    1.854734] pci_bus 0000:16: root bus resource [bus 16-2f]
[    1.854741] pci 0000:16:00.0: [8086:09a2] type 00 class 0x088000
[    1.854806] pci 0000:16:00.1: [8086:09a4] type 00 class 0x088000
[    1.854869] pci 0000:16:00.2: [8086:09a3] type 00 class 0x088000
[    1.854932] pci 0000:16:00.4: [8086:0998] type 00 class 0x060000
[    1.854994] pci 0000:16:02.0: [8086:347a] type 01 class 0x060400
[    1.855007] pci 0000:16:02.0: reg 0x10: [mem 0x21fffff00000-0x21fffff1ffff 64bit]
[    1.855043] pci 0000:16:02.0: PME# supported from D0 D3hot D3cold
[    1.855337] pci 0000:17:00.0: [1000:10e2] type 00 class 0x010400
[    1.855357] pci 0000:17:00.0: reg 0x10: [mem 0x9b800000-0x9b8fffff 64bit pref]
[    1.855364] pci 0000:17:00.0: reg 0x18: [mem 0x9b900000-0x9b9fffff 64bit pref]
[    1.855370] pci 0000:17:00.0: reg 0x20: [mem 0x9ba00000-0x9bafffff]
[    1.855376] pci 0000:17:00.0: reg 0x24: [io  0x5000-0x50ff]
[    1.855381] pci 0000:17:00.0: reg 0x30: [mem 0xfff00000-0xffffffff pref]
[    1.856627] pci 0000:17:00.0: supports D1 D2
[    1.856678] pci 0000:16:02.0: PCI bridge to [bus 17]
[    1.856680] pci 0000:16:02.0:   bridge window [io  0x5000-0x5fff]
[    1.856681] pci 0000:16:02.0:   bridge window [mem 0x9ba00000-0x9bafffff]
[    1.856684] pci 0000:16:02.0:   bridge window [mem 0x9b800000-0x9b9fffff 64bit pref]
[    1.856689] pci_bus 0000:16: on NUMA node 0
[    1.856754] ACPI: PCI Root Bridge [PC02] (domain 0000 [bus 30-49])
[    1.856756] acpi PNP0A08:02: _OSC: OS supports [ExtendedConfig ASPM ClockPM Segments MSI HPX-Type3]
[    1.856849] acpi PNP0A08:02: PCIe AER handled by firmware
[    1.856955] acpi PNP0A08:02: _OSC: platform does not support [SHPCHotplug]
[    1.857154] acpi PNP0A08:02: _OSC: OS now controls [PCIeHotplug PME PCIeCapability LTR]
[    1.857155] acpi PNP0A08:02: FADT indicates ASPM is unsupported, using BIOS configuration
[    1.857269] PCI host bridge to bus 0000:30
[    1.857270] pci_bus 0000:30: root bus resource [io  0x7000-0x8fff window]
[    1.857271] pci_bus 0000:30: root bus resource [mem 0xa6400000-0xb0ffffff window]
[    1.857272] pci_bus 0000:30: root bus resource [mem 0x220000000000-0x22ffffffffff window]
[    1.857272] pci_bus 0000:30: root bus resource [bus 30-49]
[    1.857279] pci 0000:30:00.0: [8086:09a2] type 00 class 0x088000
[    1.857344] pci 0000:30:00.1: [8086:09a4] type 00 class 0x088000
[    1.857404] pci 0000:30:00.2: [8086:09a3] type 00 class 0x088000
[    1.857467] pci 0000:30:00.4: [8086:0998] type 00 class 0x060000
[    1.857537] pci_bus 0000:30: on NUMA node 0
[    1.857623] ACPI: PCI Root Bridge [PC04] (domain 0000 [bus 4a-63])
[    1.857626] acpi PNP0A08:04: _OSC: OS supports [ExtendedConfig ASPM ClockPM Segments MSI HPX-Type3]
[    1.857716] acpi PNP0A08:04: PCIe AER handled by firmware
[    1.857820] acpi PNP0A08:04: _OSC: platform does not support [SHPCHotplug]
[    1.858018] acpi PNP0A08:04: _OSC: OS now controls [PCIeHotplug PME PCIeCapability LTR]
[    1.858018] acpi PNP0A08:04: FADT indicates ASPM is unsupported, using BIOS configuration
[    1.858127] PCI host bridge to bus 0000:4a
[    1.858128] pci_bus 0000:4a: root bus resource [io  0x9000-0x9fff window]
[    1.858129] pci_bus 0000:4a: root bus resource [mem 0xb1000000-0xbbbfffff window]
[    1.858130] pci_bus 0000:4a: root bus resource [mem 0x230000000000-0x23ffffffffff window]
[    1.858130] pci_bus 0000:4a: root bus resource [bus 4a-63]
[    1.858137] pci 0000:4a:00.0: [8086:09a2] type 00 class 0x088000
[    1.858199] pci 0000:4a:00.1: [8086:09a4] type 00 class 0x088000
[    1.858258] pci 0000:4a:00.2: [8086:09a3] type 00 class 0x088000
[    1.858324] pci 0000:4a:00.4: [8086:0998] type 00 class 0x060000
[    1.858393] pci_bus 0000:4a: on NUMA node 0
[    1.858452] ACPI: PCI Root Bridge [PC05] (domain 0000 [bus 64-7d])
[    1.858454] acpi PNP0A08:05: _OSC: OS supports [ExtendedConfig ASPM ClockPM Segments MSI HPX-Type3]
[    1.858544] acpi PNP0A08:05: PCIe AER handled by firmware
[    1.858647] acpi PNP0A08:05: _OSC: platform does not support [SHPCHotplug]
[    1.858844] acpi PNP0A08:05: _OSC: OS now controls [PCIeHotplug PME PCIeCapability LTR]
[    1.858845] acpi PNP0A08:05: FADT indicates ASPM is unsupported, using BIOS configuration
[    1.858953] PCI host bridge to bus 0000:64
[    1.858954] pci_bus 0000:64: root bus resource [io  0xa000-0xafff window]
[    1.858955] pci_bus 0000:64: root bus resource [mem 0xbbc00000-0xc5ffffff window]
[    1.858956] pci_bus 0000:64: root bus resource [mem 0x240000000000-0x24ffffffffff window]
[    1.858957] pci_bus 0000:64: root bus resource [bus 64-7d]
[    1.858963] pci 0000:64:00.0: [8086:09a2] type 00 class 0x088000
[    1.859026] pci 0000:64:00.1: [8086:09a4] type 00 class 0x088000
[    1.859087] pci 0000:64:00.2: [8086:09a3] type 00 class 0x088000
[    1.859150] pci 0000:64:00.4: [8086:0998] type 00 class 0x060000
[    1.859220] pci_bus 0000:64: on NUMA node 0
[    1.859276] ACPI: PCI Root Bridge [UC06] (domain 0000 [bus 7e])
[    1.859278] acpi PNP0A03:00: _OSC: OS supports [ExtendedConfig ASPM ClockPM Segments MSI HPX-Type3]
[    1.859353] acpi PNP0A03:00: PCIe AER handled by firmware
[    1.859443] acpi PNP0A03:00: _OSC: platform does not support [SHPCHotplug LTR]
[    1.859613] acpi PNP0A03:00: _OSC: OS now controls [PCIeHotplug PME PCIeCapability]
[    1.859614] acpi PNP0A03:00: FADT indicates ASPM is unsupported, using BIOS configuration
[    1.859749] PCI host bridge to bus 0000:7e
[    1.859750] pci_bus 0000:7e: root bus resource [bus 7e]
[    1.859756] pci 0000:7e:00.0: [8086:3450] type 00 class 0x088000
[    1.859824] pci 0000:7e:00.1: [8086:3451] type 00 class 0x088000
[    1.859887] pci 0000:7e:00.2: [8086:3452] type 00 class 0x088000
[    1.859959] pci 0000:7e:00.3: [8086:0998] type 00 class 0x060000
[    1.860023] pci 0000:7e:00.5: [8086:3455] type 00 class 0x088000
[    1.860092] pci 0000:7e:02.0: [8086:3440] type 00 class 0x088000
[    1.860213] pci 0000:7e:02.1: [8086:3441] type 00 class 0x088000
[    1.860327] pci 0000:7e:02.2: [8086:3442] type 00 class 0x088000
[    1.860441] pci 0000:7e:03.0: [8086:3440] type 00 class 0x088000
[    1.860530] pci 0000:7e:03.1: [8086:3441] type 00 class 0x088000
[    1.860611] pci 0000:7e:03.2: [8086:3442] type 00 class 0x088000
[    1.860704] pci 0000:7e:04.0: [8086:3440] type 00 class 0x088000
[    1.860830] pci 0000:7e:04.1: [8086:3441] type 00 class 0x088000
[    1.860952] pci 0000:7e:04.2: [8086:3442] type 00 class 0x088000
[    1.861074] pci 0000:7e:04.3: [8086:3443] type 00 class 0x088000
[    1.861199] pci 0000:7e:05.0: [8086:3445] type 00 class 0x088000
[    1.861320] pci 0000:7e:05.1: [8086:3446] type 00 class 0x088000
[    1.861445] pci 0000:7e:05.2: [8086:3447] type 00 class 0x088000
[    1.861563] pci 0000:7e:06.0: [8086:3445] type 00 class 0x088000
[    1.861655] pci 0000:7e:06.1: [8086:3446] type 00 class 0x088000
[    1.861741] pci 0000:7e:06.2: [8086:3447] type 00 class 0x088000
[    1.861833] pci 0000:7e:07.0: [8086:3445] type 00 class 0x088000
[    1.861960] pci 0000:7e:07.1: [8086:3446] type 00 class 0x088000
[    1.862085] pci 0000:7e:07.2: [8086:3447] type 00 class 0x088000
[    1.862210] pci 0000:7e:0b.0: [8086:3448] type 00 class 0x088000
[    1.862285] pci 0000:7e:0b.1: [8086:3448] type 00 class 0x088000
[    1.862359] pci 0000:7e:0b.2: [8086:344b] type 00 class 0x088000
[    1.862441] pci 0000:7e:0c.0: [8086:344a] type 00 class 0x110100
[    1.862538] pci 0000:7e:0d.0: [8086:344a] type 00 class 0x110100
[    1.862633] pci 0000:7e:0e.0: [8086:344a] type 00 class 0x110100
[    1.862782] pci 0000:7e:0f.0: [8086:344a] type 00 class 0x110100
[    1.862942] pci 0000:7e:1a.0: [8086:2880] type 00 class 0x110100
[    1.863039] pci 0000:7e:1b.0: [8086:2880] type 00 class 0x110100
[    1.863131] pci 0000:7e:1c.0: [8086:2880] type 00 class 0x110100
[    1.863285] pci 0000:7e:1d.0: [8086:2880] type 00 class 0x110100
[    1.863446] pci_bus 0000:7e: on NUMA node 0
[    1.863521] ACPI: PCI Root Bridge [UC07] (domain 0000 [bus 7f])
[    1.863523] acpi PNP0A03:01: _OSC: OS supports [ExtendedConfig ASPM ClockPM Segments MSI HPX-Type3]
[    1.863601] acpi PNP0A03:01: PCIe AER handled by firmware
[    1.863691] acpi PNP0A03:01: _OSC: platform does not support [SHPCHotplug LTR]
[    1.863858] acpi PNP0A03:01: _OSC: OS now controls [PCIeHotplug PME PCIeCapability]
[    1.863859] acpi PNP0A03:01: FADT indicates ASPM is unsupported, using BIOS configuration
[    1.864001] PCI host bridge to bus 0000:7f
[    1.864002] pci_bus 0000:7f: root bus resource [bus 7f]
[    1.864011] pci 0000:7f:00.0: [8086:344c] type 00 class 0x088000
[    1.864120] pci 0000:7f:00.1: [8086:344c] type 00 class 0x088000
[    1.864238] pci 0000:7f:00.2: [8086:344c] type 00 class 0x088000
[    1.864358] pci 0000:7f:00.3: [8086:344c] type 00 class 0x088000
[    1.864454] pci 0000:7f:00.4: [8086:344c] type 00 class 0x088000
[    1.864581] pci 0000:7f:00.5: [8086:344c] type 00 class 0x088000
[    1.864707] pci 0000:7f:00.6: [8086:344c] type 00 class 0x088000
[    1.864792] pci 0000:7f:00.7: [8086:344c] type 00 class 0x088000
[    1.864887] pci 0000:7f:01.0: [8086:344c] type 00 class 0x088000
[    1.865023] pci 0000:7f:01.1: [8086:344c] type 00 class 0x088000
[    1.865151] pci 0000:7f:01.2: [8086:344c] type 00 class 0x088000
[    1.865238] pci 0000:7f:01.3: [8086:344c] type 00 class 0x088000
[    1.865376] pci 0000:7f:01.4: [8086:344c] type 00 class 0x088000
[    1.865513] pci 0000:7f:01.5: [8086:344c] type 00 class 0x088000
[    1.865656] pci 0000:7f:01.6: [8086:344c] type 00 class 0x088000
[    1.865784] pci 0000:7f:01.7: [8086:344c] type 00 class 0x088000
[    1.865922] pci 0000:7f:02.0: [8086:344c] type 00 class 0x088000
[    1.866062] pci 0000:7f:02.1: [8086:344c] type 00 class 0x088000
[    1.866200] pci 0000:7f:02.2: [8086:344c] type 00 class 0x088000
[    1.866338] pci 0000:7f:02.3: [8086:344c] type 00 class 0x088000
[    1.866484] pci 0000:7f:02.4: [8086:344c] type 00 class 0x088000
[    1.866627] pci 0000:7f:02.5: [8086:344c] type 00 class 0x088000
[    1.866769] pci 0000:7f:02.6: [8086:344c] type 00 class 0x088000
[    1.866923] pci 0000:7f:02.7: [8086:344c] type 00 class 0x088000
[    1.867082] pci 0000:7f:03.0: [8086:344c] type 00 class 0x088000
[    1.867233] pci 0000:7f:03.1: [8086:344c] type 00 class 0x088000
[    1.867391] pci 0000:7f:03.2: [8086:344c] type 00 class 0x088000
[    1.867546] pci 0000:7f:03.3: [8086:344c] type 00 class 0x088000
[    1.867712] pci 0000:7f:0a.0: [8086:344d] type 00 class 0x088000
[    1.867822] pci 0000:7f:0a.1: [8086:344d] type 00 class 0x088000
[    1.867941] pci 0000:7f:0a.2: [8086:344d] type 00 class 0x088000
[    1.868059] pci 0000:7f:0a.3: [8086:344d] type 00 class 0x088000
[    1.868161] pci 0000:7f:0a.4: [8086:344d] type 00 class 0x088000
[    1.868289] pci 0000:7f:0a.5: [8086:344d] type 00 class 0x088000
[    1.868412] pci 0000:7f:0a.6: [8086:344d] type 00 class 0x088000
[    1.868498] pci 0000:7f:0a.7: [8086:344d] type 00 class 0x088000
[    1.868590] pci 0000:7f:0b.0: [8086:344d] type 00 class 0x088000
[    1.868725] pci 0000:7f:0b.1: [8086:344d] type 00 class 0x088000
[    1.868854] pci 0000:7f:0b.2: [8086:344d] type 00 class 0x088000
[    1.868942] pci 0000:7f:0b.3: [8086:344d] type 00 class 0x088000
[    1.869085] pci 0000:7f:0b.4: [8086:344d] type 00 class 0x088000
[    1.869224] pci 0000:7f:0b.5: [8086:344d] type 00 class 0x088000
[    1.869368] pci 0000:7f:0b.6: [8086:344d] type 00 class 0x088000
[    1.869495] pci 0000:7f:0b.7: [8086:344d] type 00 class 0x088000
[    1.869631] pci 0000:7f:0c.0: [8086:344d] type 00 class 0x088000
[    1.869770] pci 0000:7f:0c.1: [8086:344d] type 00 class 0x088000
[    1.869906] pci 0000:7f:0c.2: [8086:344d] type 00 class 0x088000
[    1.870046] pci 0000:7f:0c.3: [8086:344d] type 00 class 0x088000
[    1.870197] pci 0000:7f:0c.4: [8086:344d] type 00 class 0x088000
[    1.870339] pci 0000:7f:0c.5: [8086:344d] type 00 class 0x088000
[    1.870484] pci 0000:7f:0c.6: [8086:344d] type 00 class 0x088000
[    1.870638] pci 0000:7f:0c.7: [8086:344d] type 00 class 0x088000
[    1.870789] pci 0000:7f:0d.0: [8086:344d] type 00 class 0x088000
[    1.870942] pci 0000:7f:0d.1: [8086:344d] type 00 class 0x088000
[    1.871100] pci 0000:7f:0d.2: [8086:344d] type 00 class 0x088000
[    1.871256] pci 0000:7f:0d.3: [8086:344d] type 00 class 0x088000
[    1.871438] pci 0000:7f:1d.0: [8086:344f] type 00 class 0x088000
[    1.871558] pci 0000:7f:1d.1: [8086:3457] type 00 class 0x088000
[    1.871674] pci 0000:7f:1e.0: [8086:3458] type 00 class 0x088000
[    1.871751] pci 0000:7f:1e.1: [8086:3459] type 00 class 0x088000
[    1.871826] pci 0000:7f:1e.2: [8086:345a] type 00 class 0x088000
[    1.871899] pci 0000:7f:1e.3: [8086:345b] type 00 class 0x088000
[    1.871974] pci 0000:7f:1e.4: [8086:345c] type 00 class 0x088000
[    1.872049] pci 0000:7f:1e.5: [8086:345d] type 00 class 0x088000
[    1.872127] pci 0000:7f:1e.6: [8086:345e] type 00 class 0x088000
[    1.872201] pci 0000:7f:1e.7: [8086:345f] type 00 class 0x088000
[    1.872273] pci_bus 0000:7f: on NUMA node 0
[    1.872363] ACPI: PCI Root Bridge [PC06] (domain 0000 [bus 80])
[    1.872365] acpi PNP0A08:06: _OSC: OS supports [ExtendedConfig ASPM ClockPM Segments MSI HPX-Type3]
[    1.872460] acpi PNP0A08:06: PCIe AER handled by firmware
[    1.872565] acpi PNP0A08:06: _OSC: platform does not support [SHPCHotplug]
[    1.872764] acpi PNP0A08:06: _OSC: OS now controls [PCIeHotplug PME PCIeCapability LTR]
[    1.872764] acpi PNP0A08:06: FADT indicates ASPM is unsupported, using BIOS configuration
[    1.872906] PCI host bridge to bus 0000:80
[    1.872907] pci_bus 0000:80: root bus resource [io  0xb000-0xbfff window]
[    1.872908] pci_bus 0000:80: root bus resource [mem 0xc6800000-0xd0ffffff window]
[    1.872908] pci_bus 0000:80: root bus resource [mem 0x250000000000-0x25ffffffffff window]
[    1.872909] pci_bus 0000:80: root bus resource [bus 80]
[    1.872917] pci 0000:80:00.0: [8086:09a2] type 00 class 0x088000
[    1.872997] pci 0000:80:00.1: [8086:09a4] type 00 class 0x088000
[    1.873078] pci 0000:80:00.2: [8086:09a3] type 00 class 0x088000
[    1.873156] pci 0000:80:00.4: [8086:0998] type 00 class 0x060000
[    1.873233] pci 0000:80:02.0: [8086:09a6] type 00 class 0x088000
[    1.873243] pci 0000:80:02.0: reg 0x10: [mem 0xc6aa4000-0xc6aa5fff]
[    1.873307] pci 0000:80:02.1: [8086:09a7] type 00 class 0x088000
[    1.873317] pci 0000:80:02.1: reg 0x10: [mem 0xc6a00000-0xc6a7ffff]
[    1.873322] pci 0000:80:02.1: reg 0x14: [mem 0xc6980000-0xc69fffff]
[    1.873391] pci 0000:80:02.4: [8086:3456] type 00 class 0x130000
[    1.873403] pci 0000:80:02.4: reg 0x10: [mem 0xc6800000-0xc68fffff 64bit]
[    1.873410] pci 0000:80:02.4: reg 0x18: [mem 0xc6aa0000-0xc6aa3fff 64bit]
[    1.873416] pci 0000:80:02.4: reg 0x20: [mem 0xc6a80000-0xc6a9ffff 64bit]
[    1.873477] pci_bus 0000:80: on NUMA node 1
[    1.873543] ACPI: PCI Root Bridge [PC07] (domain 0000 [bus 81])
[    1.873545] acpi PNP0A08:07: _OSC: OS supports [ExtendedConfig ASPM ClockPM Segments MSI HPX-Type3]
[    1.873635] acpi PNP0A08:07: PCIe AER handled by firmware
[    1.873739] acpi PNP0A08:07: _OSC: platform does not support [SHPCHotplug]
[    1.873937] acpi PNP0A08:07: _OSC: OS now controls [PCIeHotplug PME PCIeCapability LTR]
[    1.873938] acpi PNP0A08:07: FADT indicates ASPM is unsupported, using BIOS configuration
[    1.874050] PCI host bridge to bus 0000:81
[    1.874051] pci_bus 0000:81: root bus resource [io  0xc000-0xcfff window]
[    1.874052] pci_bus 0000:81: root bus resource [mem 0xd1000000-0xdbbfffff window]
[    1.874053] pci_bus 0000:81: root bus resource [mem 0x260000000000-0x26ffffffffff window]
[    1.874054] pci_bus 0000:81: root bus resource [bus 81]
[    1.874061] pci 0000:81:00.0: [8086:09a2] type 00 class 0x088000
[    1.874131] pci 0000:81:00.1: [8086:09a4] type 00 class 0x088000
[    1.874197] pci 0000:81:00.2: [8086:09a3] type 00 class 0x088000
[    1.874265] pci 0000:81:00.4: [8086:0998] type 00 class 0x060000
[    1.874345] pci_bus 0000:81: on NUMA node 1
[    1.874404] ACPI: PCI Root Bridge [PC08] (domain 0000 [bus 82])
[    1.874406] acpi PNP0A08:08: _OSC: OS supports [ExtendedConfig ASPM ClockPM Segments MSI HPX-Type3]
[    1.874495] acpi PNP0A08:08: PCIe AER handled by firmware
[    1.874598] acpi PNP0A08:08: _OSC: platform does not support [SHPCHotplug]
[    1.874796] acpi PNP0A08:08: _OSC: OS now controls [PCIeHotplug PME PCIeCapability LTR]
[    1.874796] acpi PNP0A08:08: FADT indicates ASPM is unsupported, using BIOS configuration
[    1.874905] PCI host bridge to bus 0000:82
[    1.874905] pci_bus 0000:82: root bus resource [io  0xd000-0xdfff window]
[    1.874906] pci_bus 0000:82: root bus resource [mem 0xdbc00000-0xe67fffff window]
[    1.874907] pci_bus 0000:82: root bus resource [mem 0x270000000000-0x27ffffffffff window]
[    1.874908] pci_bus 0000:82: root bus resource [bus 82]
[    1.874915] pci 0000:82:00.0: [8086:09a2] type 00 class 0x088000
[    1.874984] pci 0000:82:00.1: [8086:09a4] type 00 class 0x088000
[    1.875051] pci 0000:82:00.2: [8086:09a3] type 00 class 0x088000
[    1.875126] pci 0000:82:00.4: [8086:0998] type 00 class 0x060000
[    1.875206] pci_bus 0000:82: on NUMA node 1
[    1.875290] ACPI: PCI Root Bridge [PC10] (domain 0000 [bus 83-f9])
[    1.875292] acpi PNP0A08:0a: _OSC: OS supports [ExtendedConfig ASPM ClockPM Segments MSI HPX-Type3]
[    1.875383] acpi PNP0A08:0a: PCIe AER handled by firmware
[    1.875487] acpi PNP0A08:0a: _OSC: platform does not support [SHPCHotplug]
[    1.875688] acpi PNP0A08:0a: _OSC: OS now controls [PCIeHotplug PME PCIeCapability LTR]
[    1.875688] acpi PNP0A08:0a: FADT indicates ASPM is unsupported, using BIOS configuration
[    1.875808] PCI host bridge to bus 0000:83
[    1.875809] pci_bus 0000:83: root bus resource [io  0xe000-0xefff window]
[    1.875809] pci_bus 0000:83: root bus resource [mem 0xe6800000-0xf13fffff window]
[    1.875810] pci_bus 0000:83: root bus resource [mem 0x280000000000-0x28ffffffffff window]
[    1.875811] pci_bus 0000:83: root bus resource [bus 83-f9]
[    1.875818] pci 0000:83:00.0: [8086:09a2] type 00 class 0x088000
[    1.875887] pci 0000:83:00.1: [8086:09a4] type 00 class 0x088000
[    1.875955] pci 0000:83:00.2: [8086:09a3] type 00 class 0x088000
[    1.876025] pci 0000:83:00.4: [8086:0998] type 00 class 0x060000
[    1.876103] pci_bus 0000:83: on NUMA node 1
[    1.876162] ACPI: PCI Root Bridge [PC11] (domain 0000 [bus fa])
[    1.876164] acpi PNP0A08:0b: _OSC: OS supports [ExtendedConfig ASPM ClockPM Segments MSI HPX-Type3]
[    1.876253] acpi PNP0A08:0b: PCIe AER handled by firmware
[    1.876357] acpi PNP0A08:0b: _OSC: platform does not support [SHPCHotplug]
[    1.876556] acpi PNP0A08:0b: _OSC: OS now controls [PCIeHotplug PME PCIeCapability LTR]
[    1.876557] acpi PNP0A08:0b: FADT indicates ASPM is unsupported, using BIOS configuration
[    1.876667] PCI host bridge to bus 0000:fa
[    1.876668] pci_bus 0000:fa: root bus resource [io  0xf000-0xffff window]
[    1.876668] pci_bus 0000:fa: root bus resource [mem 0xf1400000-0xfb7fffff window]
[    1.876669] pci_bus 0000:fa: root bus resource [mem 0x290000000000-0x29ffffffffff window]
[    1.876670] pci_bus 0000:fa: root bus resource [bus fa]
[    1.876677] pci 0000:fa:00.0: [8086:09a2] type 00 class 0x088000
[    1.876745] pci 0000:fa:00.1: [8086:09a4] type 00 class 0x088000
[    1.876814] pci 0000:fa:00.2: [8086:09a3] type 00 class 0x088000
[    1.876889] pci 0000:fa:00.4: [8086:0998] type 00 class 0x060000
[    1.876969] pci_bus 0000:fa: on NUMA node 1
[    1.877025] ACPI: PCI Root Bridge [UC16] (domain 0000 [bus fe])
[    1.877027] acpi PNP0A03:02: _OSC: OS supports [ExtendedConfig ASPM ClockPM Segments MSI HPX-Type3]
[    1.877102] acpi PNP0A03:02: PCIe AER handled by firmware
[    1.877190] acpi PNP0A03:02: _OSC: platform does not support [SHPCHotplug LTR]
[    1.877358] acpi PNP0A03:02: _OSC: OS now controls [PCIeHotplug PME PCIeCapability]
[    1.877358] acpi PNP0A03:02: FADT indicates ASPM is unsupported, using BIOS configuration
[    1.877489] PCI host bridge to bus 0000:fe
[    1.877489] pci_bus 0000:fe: root bus resource [bus fe]
[    1.877496] pci 0000:fe:00.0: [8086:3450] type 00 class 0x088000
[    1.877567] pci 0000:fe:00.1: [8086:3451] type 00 class 0x088000
[    1.877632] pci 0000:fe:00.2: [8086:3452] type 00 class 0x088000
[    1.877700] pci 0000:fe:00.3: [8086:0998] type 00 class 0x060000
[    1.877769] pci 0000:fe:00.5: [8086:3455] type 00 class 0x088000
[    1.877840] pci 0000:fe:02.0: [8086:3440] type 00 class 0x088000
[    1.877966] pci 0000:fe:02.1: [8086:3441] type 00 class 0x088000
[    1.878090] pci 0000:fe:02.2: [8086:3442] type 00 class 0x088000
[    1.878207] pci 0000:fe:03.0: [8086:3440] type 00 class 0x088000
[    1.878299] pci 0000:fe:03.1: [8086:3441] type 00 class 0x088000
[    1.878386] pci 0000:fe:03.2: [8086:3442] type 00 class 0x088000
[    1.878478] pci 0000:fe:04.0: [8086:3440] type 00 class 0x088000
[    1.878608] pci 0000:fe:04.1: [8086:3441] type 00 class 0x088000
[    1.878734] pci 0000:fe:04.2: [8086:3442] type 00 class 0x088000
[    1.878858] pci 0000:fe:04.3: [8086:3443] type 00 class 0x088000
[    1.878995] pci 0000:fe:05.0: [8086:3445] type 00 class 0x088000
[    1.879120] pci 0000:fe:05.1: [8086:3446] type 00 class 0x088000
[    1.879240] pci 0000:fe:05.2: [8086:3447] type 00 class 0x088000
[    1.879362] pci 0000:fe:06.0: [8086:3445] type 00 class 0x088000
[    1.879457] pci 0000:fe:06.1: [8086:3446] type 00 class 0x088000
[    1.879549] pci 0000:fe:06.2: [8086:3447] type 00 class 0x088000
[    1.879644] pci 0000:fe:07.0: [8086:3445] type 00 class 0x088000
[    1.879776] pci 0000:fe:07.1: [8086:3446] type 00 class 0x088000
[    1.879910] pci 0000:fe:07.2: [8086:3447] type 00 class 0x088000
[    1.880038] pci 0000:fe:0b.0: [8086:3448] type 00 class 0x088000
[    1.880116] pci 0000:fe:0b.1: [8086:3448] type 00 class 0x088000
[    1.880190] pci 0000:fe:0b.2: [8086:344b] type 00 class 0x088000
[    1.880271] pci 0000:fe:0c.0: [8086:344a] type 00 class 0x110100
[    1.880373] pci 0000:fe:0d.0: [8086:344a] type 00 class 0x110100
[    1.880470] pci 0000:fe:0e.0: [8086:344a] type 00 class 0x110100
[    1.880623] pci 0000:fe:0f.0: [8086:344a] type 00 class 0x110100
[    1.880796] pci 0000:fe:1a.0: [8086:2880] type 00 class 0x110100
[    1.880895] pci 0000:fe:1b.0: [8086:2880] type 00 class 0x110100
[    1.880990] pci 0000:fe:1c.0: [8086:2880] type 00 class 0x110100
[    1.881150] pci 0000:fe:1d.0: [8086:2880] type 00 class 0x110100
[    1.881310] pci_bus 0000:fe: on NUMA node 1
[    1.881381] ACPI: PCI Root Bridge [UC17] (domain 0000 [bus ff])
[    1.881383] acpi PNP0A03:03: _OSC: OS supports [ExtendedConfig ASPM ClockPM Segments MSI HPX-Type3]
[    1.881460] acpi PNP0A03:03: PCIe AER handled by firmware
[    1.881549] acpi PNP0A03:03: _OSC: platform does not support [SHPCHotplug LTR]
[    1.881717] acpi PNP0A03:03: _OSC: OS now controls [PCIeHotplug PME PCIeCapability]
[    1.881718] acpi PNP0A03:03: FADT indicates ASPM is unsupported, using BIOS configuration
[    1.881860] PCI host bridge to bus 0000:ff
[    1.881861] pci_bus 0000:ff: root bus resource [bus ff]
[    1.881871] pci 0000:ff:00.0: [8086:344c] type 00 class 0x088000
[    1.881986] pci 0000:ff:00.1: [8086:344c] type 00 class 0x088000
[    1.882106] pci 0000:ff:00.2: [8086:344c] type 00 class 0x088000
[    1.882212] pci 0000:ff:00.3: [8086:344c] type 00 class 0x088000
[    1.882343] pci 0000:ff:00.4: [8086:344c] type 00 class 0x088000
[    1.882468] pci 0000:ff:00.5: [8086:344c] type 00 class 0x088000
[    1.882570] pci 0000:ff:00.6: [8086:344c] type 00 class 0x088000
[    1.882703] pci 0000:ff:00.7: [8086:344c] type 00 class 0x088000
[    1.882835] pci 0000:ff:01.0: [8086:344c] type 00 class 0x088000
[    1.882976] pci 0000:ff:01.1: [8086:344c] type 00 class 0x088000
[    1.883110] pci 0000:ff:01.2: [8086:344c] type 00 class 0x088000
[    1.883200] pci 0000:ff:01.3: [8086:344c] type 00 class 0x088000
[    1.883348] pci 0000:ff:01.4: [8086:344c] type 00 class 0x088000
[    1.883492] pci 0000:ff:01.5: [8086:344c] type 00 class 0x088000
[    1.883641] pci 0000:ff:01.6: [8086:344c] type 00 class 0x088000
[    1.883774] pci 0000:ff:01.7: [8086:344c] type 00 class 0x088000
[    1.883915] pci 0000:ff:02.0: [8086:344c] type 00 class 0x088000
[    1.884057] pci 0000:ff:02.1: [8086:344c] type 00 class 0x088000
[    1.884195] pci 0000:ff:02.2: [8086:344c] type 00 class 0x088000
[    1.884340] pci 0000:ff:02.3: [8086:344c] type 00 class 0x088000
[    1.884486] pci 0000:ff:02.4: [8086:344c] type 00 class 0x088000
[    1.884632] pci 0000:ff:02.5: [8086:344c] type 00 class 0x088000
[    1.884782] pci 0000:ff:02.6: [8086:344c] type 00 class 0x088000
[    1.884930] pci 0000:ff:02.7: [8086:344c] type 00 class 0x088000
[    1.885088] pci 0000:ff:03.0: [8086:344c] type 00 class 0x088000
[    1.885251] pci 0000:ff:03.1: [8086:344c] type 00 class 0x088000
[    1.885407] pci 0000:ff:03.2: [8086:344c] type 00 class 0x088000
[    1.885575] pci 0000:ff:03.3: [8086:344c] type 00 class 0x088000
[    1.885751] pci 0000:ff:0a.0: [8086:344d] type 00 class 0x088000
[    1.885864] pci 0000:ff:0a.1: [8086:344d] type 00 class 0x088000
[    1.885984] pci 0000:ff:0a.2: [8086:344d] type 00 class 0x088000
[    1.886091] pci 0000:ff:0a.3: [8086:344d] type 00 class 0x088000
[    1.886219] pci 0000:ff:0a.4: [8086:344d] type 00 class 0x088000
[    1.886343] pci 0000:ff:0a.5: [8086:344d] type 00 class 0x088000
[    1.886446] pci 0000:ff:0a.6: [8086:344d] type 00 class 0x088000
[    1.886579] pci 0000:ff:0a.7: [8086:344d] type 00 class 0x088000
[    1.886715] pci 0000:ff:0b.0: [8086:344d] type 00 class 0x088000
[    1.886857] pci 0000:ff:0b.1: [8086:344d] type 00 class 0x088000
[    1.886991] pci 0000:ff:0b.2: [8086:344d] type 00 class 0x088000
[    1.887081] pci 0000:ff:0b.3: [8086:344d] type 00 class 0x088000
[    1.887225] pci 0000:ff:0b.4: [8086:344d] type 00 class 0x088000
[    1.887369] pci 0000:ff:0b.5: [8086:344d] type 00 class 0x088000
[    1.887515] pci 0000:ff:0b.6: [8086:344d] type 00 class 0x088000
[    1.887650] pci 0000:ff:0b.7: [8086:344d] type 00 class 0x088000
[    1.887794] pci 0000:ff:0c.0: [8086:344d] type 00 class 0x088000
[    1.887936] pci 0000:ff:0c.1: [8086:344d] type 00 class 0x088000
[    1.888076] pci 0000:ff:0c.2: [8086:344d] type 00 class 0x088000
[    1.888221] pci 0000:ff:0c.3: [8086:344d] type 00 class 0x088000
[    1.888363] pci 0000:ff:0c.4: [8086:344d] type 00 class 0x088000
[    1.888507] pci 0000:ff:0c.5: [8086:344d] type 00 class 0x088000
[    1.888658] pci 0000:ff:0c.6: [8086:344d] type 00 class 0x088000
[    1.888805] pci 0000:ff:0c.7: [8086:344d] type 00 class 0x088000
[    1.888968] pci 0000:ff:0d.0: [8086:344d] type 00 class 0x088000
[    1.889129] pci 0000:ff:0d.1: [8086:344d] type 00 class 0x088000
[    1.889282] pci 0000:ff:0d.2: [8086:344d] type 00 class 0x088000
[    1.889447] pci 0000:ff:0d.3: [8086:344d] type 00 class 0x088000
[    1.889628] pci 0000:ff:1d.0: [8086:344f] type 00 class 0x088000
[    1.889749] pci 0000:ff:1d.1: [8086:3457] type 00 class 0x088000
[    1.889869] pci 0000:ff:1e.0: [8086:3458] type 00 class 0x088000
[    1.889950] pci 0000:ff:1e.1: [8086:3459] type 00 class 0x088000
[    1.890031] pci 0000:ff:1e.2: [8086:345a] type 00 class 0x088000
[    1.890109] pci 0000:ff:1e.3: [8086:345b] type 00 class 0x088000
[    1.890184] pci 0000:ff:1e.4: [8086:345c] type 00 class 0x088000
[    1.890262] pci 0000:ff:1e.5: [8086:345d] type 00 class 0x088000
[    1.890339] pci 0000:ff:1e.6: [8086:345e] type 00 class 0x088000
[    1.890414] pci 0000:ff:1e.7: [8086:345f] type 00 class 0x088000
[    1.890490] pci_bus 0000:ff: on NUMA node 1
[    1.891548] HMAT: Memory (0x0 length 0x80000000) Flags:0003 Processor Domain:0 Memory Domain:0
[    1.891549] HMAT: Memory (0x100000000 length 0xf80000000) Flags:0003 Processor Domain:0 Memory Domain:0
[    1.891550] HMAT: Memory (0x2080000000 length 0x7e00000000) Flags:0003 Processor Domain:0 Memory Domain:2
[    1.891550] HMAT: Memory (0x1080000000 length 0x1000000000) Flags:0003 Processor Domain:1 Memory Domain:1
[    1.891551] HMAT: Memory (0x9e80000000 length 0x7e00000000) Flags:0003 Processor Domain:1 Memory Domain:3
[    1.891552] HMAT: Locality: Flags:00 Type:Read Latency Initiator Domains:2 Target Domains:4 Base:100
[    1.891553]   Initiator-Target[0-0]:7600 nsec
[    1.891554]   Initiator-Target[0-1]:13560 nsec
[    1.891554]   Initiator-Target[0-2]:25350 nsec
[    1.891555]   Initiator-Target[0-3]:31600 nsec
[    1.891555]   Initiator-Target[1-0]:13560 nsec
[    1.891556]   Initiator-Target[1-1]:7600 nsec
[    1.891556]   Initiator-Target[1-2]:31600 nsec
[    1.891557]   Initiator-Target[1-3]:25350 nsec
[    1.891558] HMAT: Locality: Flags:00 Type:Write Latency Initiator Domains:2 Target Domains:4 Base:100
[    1.891559]   Initiator-Target[0-0]:7600 nsec
[    1.891559]   Initiator-Target[0-1]:13560 nsec
[    1.891560]   Initiator-Target[0-2]:25350 nsec
[    1.891560]   Initiator-Target[0-3]:31600 nsec
[    1.891561]   Initiator-Target[1-0]:13560 nsec
[    1.891561]   Initiator-Target[1-1]:7600 nsec
[    1.891562]   Initiator-Target[1-2]:31600 nsec
[    1.891562]   Initiator-Target[1-3]:25350 nsec
[    1.891563] HMAT: Locality: Flags:00 Type:Read Bandwidth Initiator Domains:2 Target Domains:4 Base:1
[    1.891563]   Initiator-Target[0-0]:1790 MB/s
[    1.891564]   Initiator-Target[0-1]:1790 MB/s
[    1.891564]   Initiator-Target[0-2]:463 MB/s
[    1.891565]   Initiator-Target[0-3]:463 MB/s
[    1.891565]   Initiator-Target[1-0]:1790 MB/s
[    1.891566]   Initiator-Target[1-1]:1790 MB/s
[    1.891566]   Initiator-Target[1-2]:463 MB/s
[    1.891567]   Initiator-Target[1-3]:463 MB/s
[    1.891567] HMAT: Locality: Flags:00 Type:Write Bandwidth Initiator Domains:2 Target Domains:4 Base:1
[    1.891568]   Initiator-Target[0-0]:1910 MB/s
[    1.891568]   Initiator-Target[0-1]:1910 MB/s
[    1.891569]   Initiator-Target[0-2]:138 MB/s
[    1.891569]   Initiator-Target[0-3]:138 MB/s
[    1.891570]   Initiator-Target[1-0]:1910 MB/s
[    1.891570]   Initiator-Target[1-1]:1910 MB/s
[    1.891571]   Initiator-Target[1-2]:138 MB/s
[    1.891571]   Initiator-Target[1-3]:138 MB/s
[    1.891596] WARNING: CPU: 62 PID: 1 at drivers/base/node.c:191 node_set_perf_attrs+0x90/0xb0
[    1.891597] Modules linked in:
[    1.891599] CPU: 62 PID: 1 Comm: swapper/0 Not tainted 5.3.1-multiclock #1
[    1.891599] Hardware name: Dell Inc. PowerEdge R750/0K8F35, BIOS 1.10.2 03/03/2023
[    1.891601] RIP: 0010:node_set_perf_attrs+0x90/0xb0
[    1.891603] Code: f4 02 00 00 4c 89 ea 4c 89 e7 e8 bb bf c7 ff 85 c0 75 24 48 83 c3 08 48 8b 33 48 85 f6 75 e5 5b 41 5a 41 5c 41 5d 41 5e 5d c3 <0f> 0b 5b 41 5a 41 5c 41 5d 41 5e 5d c3 44 89 f6 48 c7 c7 70 5b da
[    1.891604] RSP: 0000:ffffac9280117d80 EFLAGS: 00010246
[    1.891605] RAX: 0000000000000002 RBX: 0000000000000003 RCX: 0000000000000000
[    1.891605] RDX: 0000000000000000 RSI: ffff8a14fbb7fb98 RDI: 0000000000000002
[    1.891606] RBP: ffffac9280117da8 R08: ffff8a14fb78a3d0 R09: 0000000000000000
[    1.891606] R10: ffff8a150322c118 R11: ffff8a1503474a30 R12: ffff8a14fbb7fb80
[    1.891607] R13: ffffffff834db310 R14: 0000000000000005 R15: ffffffff83295806
[    1.891607] FS:  0000000000000000(0000) GS:ffff8a1503fc0000(0000) knlGS:0000000000000000
[    1.891608] CS:  0010 DS: 0000 ES: 0000 CR0: 0000000080050033
[    1.891609] CR2: 0000000000000000 CR3: 00000001b240a001 CR4: 0000000000760ee0
[    1.891610] DR0: 0000000000000000 DR1: 0000000000000000 DR2: 0000000000000000
[    1.891610] DR3: 0000000000000000 DR6: 00000000fffe0ff0 DR7: 0000000000000400
[    1.891611] PKRU: 55555554
[    1.891611] Call Trace:
[    1.891616]  hmat_init+0x32a/0x43c
[    1.891617]  ? hmat_parse_subtable+0x503/0x503
[    1.891619]  ? set_debug_rodata+0x17/0x17
[    1.891622]  do_one_initcall+0x4a/0x1fa
[    1.891624]  kernel_init_freeable+0x1c6/0x26d
[    1.891626]  ? rest_init+0xb0/0xb0
[    1.891628]  kernel_init+0xe/0x110
[    1.891629]  ret_from_fork+0x1f/0x40
[    1.891631] ---[ end trace 66c9130f018663e0 ]---
[    1.895393] pci 0000:03:00.0: vgaarb: setting as boot VGA device
[    1.895393] pci 0000:03:00.0: vgaarb: VGA device added: decodes=io+mem,owns=io+mem,locks=none
[    1.895435] pci 0000:03:00.0: vgaarb: bridge control possible
[    1.895435] vgaarb: loaded
[    1.895621] SCSI subsystem initialized
[    1.895762] libata version 3.00 loaded.
[    1.895762] ACPI: bus type USB registered
[    1.895762] usbcore: registered new interface driver usbfs
[    1.895762] usbcore: registered new interface driver hub
[    1.895762] usbcore: registered new device driver usb
[    1.895762] pps_core: LinuxPPS API ver. 1 registered
[    1.895762] pps_core: Software ver. 5.3.6 - Copyright 2005-2007 Rodolfo Giometti <giometti@linux.it>
[    1.895762] PTP clock support registered
[    1.895881] EDAC MC: Ver: 3.0.0
[    1.896105] Registered efivars operations
[    1.896105] PCI: Using ACPI for IRQ routing
[    1.897843] PCI: pci_cache_line_size set to 64 bytes
[    1.898396] e820: reserve RAM buffer [mem 0x0008f000-0x0008ffff]
[    1.898397] e820: reserve RAM buffer [mem 0x47bcd020-0x47ffffff]
[    1.898398] e820: reserve RAM buffer [mem 0x47bff020-0x47ffffff]
[    1.898399] e820: reserve RAM buffer [mem 0x47c32020-0x47ffffff]
[    1.898399] e820: reserve RAM buffer [mem 0x47c65020-0x47ffffff]
[    1.898400] e820: reserve RAM buffer [mem 0x49e77000-0x4bffffff]
[    1.898401] e820: reserve RAM buffer [mem 0x4b2cf000-0x4bffffff]
[    1.898402] e820: reserve RAM buffer [mem 0x4bd94000-0x4bffffff]
[    1.898402] e820: reserve RAM buffer [mem 0x4ce00000-0x4fffffff]
[    1.898403] e820: reserve RAM buffer [mem 0x5eefe000-0x5fffffff]
[    1.898404] e820: reserve RAM buffer [mem 0x6f800000-0x6fffffff]
[    1.898683] NetLabel: Initializing
[    1.898683] NetLabel:  domain hash size = 128
[    1.898684] NetLabel:  protocols = UNLABELED CIPSOv4 CALIPSO
[    1.898699] NetLabel:  unlabeled traffic allowed by default
[    1.900077] hpet0: at MMIO 0xfed00000, IRQs 2, 8, 0, 0, 0, 0, 0, 0
[    1.900081] hpet0: 8 comparators, 64-bit 24.000000 MHz counter
[    1.903507] clocksource: Switched to clocksource tsc-early
[    1.914541] VFS: Disk quotas dquot_6.6.0
[    1.914584] VFS: Dquot-cache hash table entries: 512 (order 0, 4096 bytes)
[    1.914872] *** VALIDATE hugetlbfs ***
[    1.915026] AppArmor: AppArmor Filesystem Enabled
[    1.915044] pnp: PnP ACPI init
[    1.930490] pnp 00:00: Plug and Play ACPI device, IDs PNP0b00 (active)
[    1.930640] system 00:01: [io  0x0500-0x05fe] has been reserved
[    1.930641] system 00:01: [io  0x0400-0x041f] has been reserved
[    1.930642] system 00:01: [io  0x0600-0x061f] has been reserved
[    1.930643] system 00:01: [io  0x0ca0-0x0ca1] has been reserved
[    1.930644] system 00:01: [io  0x0ca4-0x0ca6] has been reserved
[    1.930646] system 00:01: [mem 0xff000000-0xffffffff] has been reserved
[    1.930649] system 00:01: Plug and Play ACPI device, IDs PNP0c02 (active)
[    1.930893] pnp 00:02: Plug and Play ACPI device, IDs PNP0501 (active)
[    1.931098] pnp 00:03: Plug and Play ACPI device, IDs PNP0501 (active)
[    1.931249] system 00:04: [mem 0xfd000000-0xfdabffff] has been reserved
[    1.931250] system 00:04: [mem 0xfdad0000-0xfdadffff] has been reserved
[    1.931251] system 00:04: [mem 0xfdb00000-0xfdffffff] has been reserved
[    1.931252] system 00:04: [mem 0xfe000000-0xfe00ffff] has been reserved
[    1.931253] system 00:04: [mem 0xfe011000-0xfe01ffff] has been reserved
[    1.931254] system 00:04: [mem 0xfe036000-0xfe03bfff] has been reserved
[    1.931255] system 00:04: [mem 0xfe03d000-0xfe3fffff] has been reserved
[    1.931256] system 00:04: [mem 0xfe410000-0xfe7fffff] has been reserved
[    1.931258] system 00:04: Plug and Play ACPI device, IDs PNP0c02 (active)
[    1.931582] system 00:05: [io  0x1000-0x10fe] has been reserved
[    1.931584] system 00:05: Plug and Play ACPI device, IDs PNP0c02 (active)
[    1.932581] pnp: PnP ACPI: found 6 devices
[    1.933664] thermal_sys: Registered thermal governor 'fair_share'
[    1.933665] thermal_sys: Registered thermal governor 'bang_bang'
[    1.933665] thermal_sys: Registered thermal governor 'step_wise'
[    1.933666] thermal_sys: Registered thermal governor 'user_space'
[    1.933666] thermal_sys: Registered thermal governor 'power_allocator'
[    1.938158] clocksource: acpi_pm: mask: 0xffffff max_cycles: 0xffffff, max_idle_ns: 2085701024 ns
[    1.938180] pci 0000:04:00.0: can't claim BAR 6 [mem 0xfffc0000-0xffffffff pref]: no compatible bridge window
[    1.938181] pci 0000:04:00.1: can't claim BAR 6 [mem 0xfffc0000-0xffffffff pref]: no compatible bridge window
[    1.938182] pci 0000:17:00.0: can't claim BAR 6 [mem 0xfff00000-0xffffffff pref]: no compatible bridge window
[    1.938195] pci 0000:00:1c.5: BAR 14: assigned [mem 0x90000000-0x900fffff]
[    1.938198] pci 0000:00:1c.0: PCI bridge to [bus 01]
[    1.938206] pci 0000:02:00.0: PCI bridge to [bus 03]
[    1.938211] pci 0000:02:00.0:   bridge window [mem 0x92000000-0x928fffff]
[    1.938214] pci 0000:02:00.0:   bridge window [mem 0x91000000-0x91ffffff 64bit pref]
[    1.938220] pci 0000:00:1c.4: PCI bridge to [bus 02-03]
[    1.938223] pci 0000:00:1c.4:   bridge window [mem 0x92000000-0x928fffff]
[    1.938225] pci 0000:00:1c.4:   bridge window [mem 0x91000000-0x91ffffff 64bit pref]
[    1.938230] pci 0000:04:00.0: BAR 6: assigned [mem 0x90000000-0x9003ffff pref]
[    1.938231] pci 0000:04:00.1: BAR 6: assigned [mem 0x90040000-0x9007ffff pref]
[    1.938232] pci 0000:00:1c.5: PCI bridge to [bus 04]
[    1.938235] pci 0000:00:1c.5:   bridge window [mem 0x90000000-0x900fffff]
[    1.938237] pci 0000:00:1c.5:   bridge window [mem 0x92900000-0x929fffff 64bit pref]
[    1.938241] pci_bus 0000:00: resource 4 [io  0x0000-0x0cf7 window]
[    1.938242] pci_bus 0000:00: resource 5 [io  0x1000-0x4fff window]
[    1.938243] pci_bus 0000:00: resource 6 [mem 0x000a0000-0x000bffff window]
[    1.938244] pci_bus 0000:00: resource 7 [mem 0x000c8000-0x000cffff window]
