[    0.000000] Linux version 5.15.0-tiering-0.8 (xmu@xmu-PowerEdge-R750) (gcc (Ubuntu 8.4.0-1ubuntu1~18.04) 8.4.0, GNU ld (GNU Binutils for Ubuntu) 2.30) #1 SMP Thu Apr 18 19:37:58 CST 2024
[    0.000000] Command line: BOOT_IMAGE=/boot/vmlinuz-5.15.0-tiering-0.8 root=UUID=ce0c24b8-724b-4f33-9b2c-618433560aef ro memmap=44909M!4096M memmap=59G!64G quiet splash nomodeset vt.handoff=1
[    0.000000] KERNEL supported cpus:
[    0.000000]   Intel GenuineIntel
[    0.000000]   AMD AuthenticAMD
[    0.000000]   Hygon HygonGenuine
[    0.000000]   Centaur CentaurHauls
[    0.000000]   zhaoxin   Shanghai  
[    0.000000] x86/split lock detection: #AC: crashing the kernel on kernel split_locks and warning on user-space split_locks
[    0.000000] x86/fpu: Supporting XSAVE feature 0x001: 'x87 floating point registers'
[    0.000000] x86/fpu: Supporting XSAVE feature 0x002: 'SSE registers'
[    0.000000] x86/fpu: Supporting XSAVE feature 0x004: 'AVX registers'
[    0.000000] x86/fpu: Supporting XSAVE feature 0x020: 'AVX-512 opmask'
[    0.000000] x86/fpu: Supporting XSAVE feature 0x040: 'AVX-512 Hi256'
[    0.000000] x86/fpu: Supporting XSAVE feature 0x080: 'AVX-512 ZMM_Hi256'
[    0.000000] x86/fpu: Supporting XSAVE feature 0x200: 'Protection Keys User registers'
[    0.000000] x86/fpu: xstate_offset[2]:  576, xstate_sizes[2]:  256
[    0.000000] x86/fpu: xstate_offset[5]:  832, xstate_sizes[5]:   64
[    0.000000] x86/fpu: xstate_offset[6]:  896, xstate_sizes[6]:  512
[    0.000000] x86/fpu: xstate_offset[7]: 1408, xstate_sizes[7]: 1024
[    0.000000] x86/fpu: xstate_offset[9]: 2432, xstate_sizes[9]:    8
[    0.000000] x86/fpu: Enabled xstate features 0x2e7, context size is 2440 bytes, using 'compacted' format.
[    0.000000] signal: max sigframe size: 3632
[    0.000000] BIOS-provided physical RAM map:
[    0.000000] BIOS-e820: [mem 0x0000000000000000-0x000000000008efff] usable
[    0.000000] BIOS-e820: [mem 0x000000000008f000-0x000000000008ffff] reserved
[    0.000000] BIOS-e820: [mem 0x0000000000090000-0x000000000009ffff] usable
[    0.000000] BIOS-e820: [mem 0x00000000000a0000-0x00000000000fffff] reserved
[    0.000000] BIOS-e820: [mem 0x0000000000100000-0x0000000049e76fff] usable
[    0.000000] BIOS-e820: [mem 0x0000000049e77000-0x000000004ae76fff] ACPI NVS
[    0.000000] BIOS-e820: [mem 0x000000004ae77000-0x000000004b2cefff] usable
[    0.000000] BIOS-e820: [mem 0x000000004b2cf000-0x000000004b54dfff] ACPI data
[    0.000000] BIOS-e820: [mem 0x000000004b54e000-0x000000004bd93fff] usable
[    0.000000] BIOS-e820: [mem 0x000000004bd94000-0x000000004be99fff] reserved
[    0.000000] BIOS-e820: [mem 0x000000004be9a000-0x000000004cdfffff] usable
[    0.000000] BIOS-e820: [mem 0x000000004ce00000-0x000000004cffffff] reserved
[    0.000000] BIOS-e820: [mem 0x000000004d000000-0x000000005eefdfff] usable
[    0.000000] BIOS-e820: [mem 0x000000005eefe000-0x000000006e3fefff] reserved
[    0.000000] BIOS-e820: [mem 0x000000006e3ff000-0x000000006f3fefff] ACPI NVS
[    0.000000] BIOS-e820: [mem 0x000000006f3ff000-0x000000006f7fefff] ACPI data
[    0.000000] BIOS-e820: [mem 0x000000006f7ff000-0x000000006f7fffff] usable
[    0.000000] BIOS-e820: [mem 0x000000006f800000-0x000000008fffffff] reserved
[    0.000000] BIOS-e820: [mem 0x00000000fe000000-0x00000000fe010fff] reserved
[    0.000000] BIOS-e820: [mem 0x0000000100000000-0x000000207fffffff] usable
[    0.000000] BIOS-e820: [mem 0x0000002080000000-0x0000011c7fffffff] persistent (type 7)
[    0.000000] BIOS-e820: [mem 0x00001ffc00000000-0x00001fffffffffff] reserved
[    0.000000] NX (Execute Disable) protection: active
[    0.000000] e820: update [mem 0x46d5d020-0x46d6505f] usable ==> usable
[    0.000000] e820: update [mem 0x46d5d020-0x46d6505f] usable ==> usable
[    0.000000] e820: update [mem 0x46d2a020-0x46d5cc5f] usable ==> usable
[    0.000000] e820: update [mem 0x46d2a020-0x46d5cc5f] usable ==> usable
[    0.000000] e820: update [mem 0x46cf7020-0x46d29c5f] usable ==> usable
[    0.000000] e820: update [mem 0x46cf7020-0x46d29c5f] usable ==> usable
[    0.000000] e820: update [mem 0x46cc5020-0x46cf6a5f] usable ==> usable
[    0.000000] e820: update [mem 0x46cc5020-0x46cf6a5f] usable ==> usable
[    0.000000] extended physical RAM map:
[    0.000000] reserve setup_data: [mem 0x0000000000000000-0x000000000008efff] usable
[    0.000000] reserve setup_data: [mem 0x000000000008f000-0x000000000008ffff] reserved
[    0.000000] reserve setup_data: [mem 0x0000000000090000-0x000000000009ffff] usable
[    0.000000] reserve setup_data: [mem 0x00000000000a0000-0x00000000000fffff] reserved
[    0.000000] reserve setup_data: [mem 0x0000000000100000-0x0000000046cc501f] usable
[    0.000000] reserve setup_data: [mem 0x0000000046cc5020-0x0000000046cf6a5f] usable
[    0.000000] reserve setup_data: [mem 0x0000000046cf6a60-0x0000000046cf701f] usable
[    0.000000] reserve setup_data: [mem 0x0000000046cf7020-0x0000000046d29c5f] usable
[    0.000000] reserve setup_data: [mem 0x0000000046d29c60-0x0000000046d2a01f] usable
[    0.000000] reserve setup_data: [mem 0x0000000046d2a020-0x0000000046d5cc5f] usable
[    0.000000] reserve setup_data: [mem 0x0000000046d5cc60-0x0000000046d5d01f] usable
[    0.000000] reserve setup_data: [mem 0x0000000046d5d020-0x0000000046d6505f] usable
[    0.000000] reserve setup_data: [mem 0x0000000046d65060-0x0000000049e76fff] usable
[    0.000000] reserve setup_data: [mem 0x0000000049e77000-0x000000004ae76fff] ACPI NVS
[    0.000000] reserve setup_data: [mem 0x000000004ae77000-0x000000004b2cefff] usable
[    0.000000] reserve setup_data: [mem 0x000000004b2cf000-0x000000004b54dfff] ACPI data
[    0.000000] reserve setup_data: [mem 0x000000004b54e000-0x000000004bd93fff] usable
[    0.000000] reserve setup_data: [mem 0x000000004bd94000-0x000000004be99fff] reserved
[    0.000000] reserve setup_data: [mem 0x000000004be9a000-0x000000004cdfffff] usable
[    0.000000] reserve setup_data: [mem 0x000000004ce00000-0x000000004cffffff] reserved
[    0.000000] reserve setup_data: [mem 0x000000004d000000-0x000000005eefdfff] usable
[    0.000000] reserve setup_data: [mem 0x000000005eefe000-0x000000006e3fefff] reserved
[    0.000000] reserve setup_data: [mem 0x000000006e3ff000-0x000000006f3fefff] ACPI NVS
[    0.000000] reserve setup_data: [mem 0x000000006f3ff000-0x000000006f7fefff] ACPI data
[    0.000000] reserve setup_data: [mem 0x000000006f7ff000-0x000000006f7fffff] usable
[    0.000000] reserve setup_data: [mem 0x000000006f800000-0x000000008fffffff] reserved
[    0.000000] reserve setup_data: [mem 0x00000000fe000000-0x00000000fe010fff] reserved
[    0.000000] reserve setup_data: [mem 0x0000000100000000-0x0000000bf6cfffff] persistent (type 12)
[    0.000000] reserve setup_data: [mem 0x0000000bf6d00000-0x0000000fffffffff] usable
[    0.000000] reserve setup_data: [mem 0x0000001000000000-0x0000001ebfffffff] persistent (type 12)
[    0.000000] reserve setup_data: [mem 0x0000001ec0000000-0x000000207fffffff] usable
[    0.000000] reserve setup_data: [mem 0x0000002080000000-0x0000011c7fffffff] persistent (type 7)
[    0.000000] reserve setup_data: [mem 0x00001ffc00000000-0x00001fffffffffff] reserved
[    0.000000] user-defined physical RAM map:
[    0.000000] user: [mem 0x0000000000000000-0x000000000008efff] usable
[    0.000000] user: [mem 0x000000000008f000-0x000000000008ffff] reserved
[    0.000000] user: [mem 0x0000000000090000-0x000000000009ffff] usable
[    0.000000] user: [mem 0x00000000000a0000-0x00000000000fffff] reserved
[    0.000000] user: [mem 0x0000000000100000-0x0000000046cc501f] usable
[    0.000000] user: [mem 0x0000000046cc5020-0x0000000046cf6a5f] usable
[    0.000000] user: [mem 0x0000000046cf6a60-0x0000000046cf701f] usable
[    0.000000] user: [mem 0x0000000046cf7020-0x0000000046d29c5f] usable
[    0.000000] user: [mem 0x0000000046d29c60-0x0000000046d2a01f] usable
[    0.000000] user: [mem 0x0000000046d2a020-0x0000000046d5cc5f] usable
[    0.000000] user: [mem 0x0000000046d5cc60-0x0000000046d5d01f] usable
[    0.000000] user: [mem 0x0000000046d5d020-0x0000000046d6505f] usable
[    0.000000] user: [mem 0x0000000046d65060-0x0000000049e76fff] usable
[    0.000000] user: [mem 0x0000000049e77000-0x000000004ae76fff] ACPI NVS
[    0.000000] user: [mem 0x000000004ae77000-0x000000004b2cefff] usable
[    0.000000] user: [mem 0x000000004b2cf000-0x000000004b54dfff] ACPI data
[    0.000000] user: [mem 0x000000004b54e000-0x000000004bd93fff] usable
[    0.000000] user: [mem 0x000000004bd94000-0x000000004be99fff] reserved
[    0.000000] user: [mem 0x000000004be9a000-0x000000004cdfffff] usable
[    0.000000] user: [mem 0x000000004ce00000-0x000000004cffffff] reserved
[    0.000000] user: [mem 0x000000004d000000-0x000000005eefdfff] usable
[    0.000000] user: [mem 0x000000005eefe000-0x000000006e3fefff] reserved
[    0.000000] user: [mem 0x000000006e3ff000-0x000000006f3fefff] ACPI NVS
[    0.000000] user: [mem 0x000000006f3ff000-0x000000006f7fefff] ACPI data
[    0.000000] user: [mem 0x000000006f7ff000-0x000000006f7fffff] usable
[    0.000000] user: [mem 0x000000006f800000-0x000000008fffffff] reserved
[    0.000000] user: [mem 0x00000000fe000000-0x00000000fe010fff] reserved
[    0.000000] user: [mem 0x0000000100000000-0x0000000bf6cfffff] persistent (type 12)
[    0.000000] user: [mem 0x0000000bf6d00000-0x0000000fffffffff] usable
[    0.000000] user: [mem 0x0000001000000000-0x0000001ebfffffff] persistent (type 12)
[    0.000000] user: [mem 0x0000001ec0000000-0x000000207fffffff] usable
[    0.000000] user: [mem 0x0000002080000000-0x0000011c7fffffff] persistent (type 7)
[    0.000000] user: [mem 0x00001ffc00000000-0x00001fffffffffff] reserved
[    0.000000] efi: EFI v2.70 by Dell Inc.
[    0.000000] efi: ACPI=0x6f7fe000 ACPI 2.0=0x6f7fe014 MEMATTR=0x5b071020 SMBIOS=0x69526000 SMBIOS 3.0=0x69524000 MOKvar=0x5ef81000 RNG=0x5ef8a920 
[    0.000000] efi: seeding entropy pool
[    0.000000] random: fast init done
[    0.000000] SMBIOS 3.3.0 present.
[    0.000000] DMI: Dell Inc. PowerEdge R750/0K8F35, BIOS 1.10.2 03/03/2023
[    0.000000] tsc: Detected 2000.000 MHz processor
[    0.000007] e820: update [mem 0x00000000-0x00000fff] usable ==> reserved
[    0.000010] e820: remove [mem 0x000a0000-0x000fffff] usable
[    0.000018] last_pfn = 0x2080000 max_arch_pfn = 0x400000000
[    0.000196] x86/PAT: Configuration [0-7]: WB  WC  UC- UC  WB  WP  UC- WT  
[    0.002799] total RAM covered: 2095088M
[    0.002882]  gran_size: 64K 	chunk_size: 64K 	num_reg: 10  	lose cover RAM: 2016G
[    0.002884]  gran_size: 64K 	chunk_size: 128K 	num_reg: 10  	lose cover RAM: 2016G
[    0.002886]  gran_size: 64K 	chunk_size: 256K 	num_reg: 10  	lose cover RAM: 2016G
[    0.002887]  gran_size: 64K 	chunk_size: 512K 	num_reg: 10  	lose cover RAM: 2016G
[    0.002889]  gran_size: 64K 	chunk_size: 1M 	num_reg: 10  	lose cover RAM: 2016G
[    0.002890]  gran_size: 64K 	chunk_size: 2M 	num_reg: 10  	lose cover RAM: 2016G
[    0.002891]  gran_size: 64K 	chunk_size: 4M 	num_reg: 10  	lose cover RAM: 2016G
[    0.002893]  gran_size: 64K 	chunk_size: 8M 	num_reg: 10  	lose cover RAM: 2016G
[    0.002894]  gran_size: 64K 	chunk_size: 16M 	num_reg: 10  	lose cover RAM: 2016G
[    0.002895]  gran_size: 64K 	chunk_size: 32M 	num_reg: 10  	lose cover RAM: 1024G
[    0.002896]  gran_size: 64K 	chunk_size: 64M 	num_reg: 10  	lose cover RAM: 1024G
[    0.002898]  gran_size: 64K 	chunk_size: 128M 	num_reg: 10  	lose cover RAM: 1024G
[    0.002899]  gran_size: 64K 	chunk_size: 256M 	num_reg: 10  	lose cover RAM: 1024G
[    0.002900]  gran_size: 64K 	chunk_size: 512M 	num_reg: 10  	lose cover RAM: 1024G
[    0.002901]  gran_size: 64K 	chunk_size: 1G 	num_reg: 10  	lose cover RAM: 1024G
[    0.002903]  gran_size: 64K 	chunk_size: 2G 	num_reg: 10  	lose cover RAM: 1024G
[    0.002904]  gran_size: 128K 	chunk_size: 128K 	num_reg: 10  	lose cover RAM: 2016G
[    0.002905]  gran_size: 128K 	chunk_size: 256K 	num_reg: 10  	lose cover RAM: 2016G
[    0.002907]  gran_size: 128K 	chunk_size: 512K 	num_reg: 10  	lose cover RAM: 2016G
[    0.002908]  gran_size: 128K 	chunk_size: 1M 	num_reg: 10  	lose cover RAM: 2016G
[    0.002909]  gran_size: 128K 	chunk_size: 2M 	num_reg: 10  	lose cover RAM: 2016G
[    0.002910]  gran_size: 128K 	chunk_size: 4M 	num_reg: 10  	lose cover RAM: 2016G
[    0.002912]  gran_size: 128K 	chunk_size: 8M 	num_reg: 10  	lose cover RAM: 2016G
[    0.002913]  gran_size: 128K 	chunk_size: 16M 	num_reg: 10  	lose cover RAM: 2016G
[    0.002914]  gran_size: 128K 	chunk_size: 32M 	num_reg: 10  	lose cover RAM: 1024G
[    0.002915]  gran_size: 128K 	chunk_size: 64M 	num_reg: 10  	lose cover RAM: 1024G
[    0.002917]  gran_size: 128K 	chunk_size: 128M 	num_reg: 10  	lose cover RAM: 1024G
[    0.002918]  gran_size: 128K 	chunk_size: 256M 	num_reg: 10  	lose cover RAM: 1024G
[    0.002919]  gran_size: 128K 	chunk_size: 512M 	num_reg: 10  	lose cover RAM: 1024G
[    0.002921]  gran_size: 128K 	chunk_size: 1G 	num_reg: 10  	lose cover RAM: 1024G
[    0.002922]  gran_size: 128K 	chunk_size: 2G 	num_reg: 10  	lose cover RAM: 1024G
[    0.002923]  gran_size: 256K 	chunk_size: 256K 	num_reg: 10  	lose cover RAM: 2016G
[    0.002925]  gran_size: 256K 	chunk_size: 512K 	num_reg: 10  	lose cover RAM: 2016G
[    0.002926]  gran_size: 256K 	chunk_size: 1M 	num_reg: 10  	lose cover RAM: 2016G
[    0.002927]  gran_size: 256K 	chunk_size: 2M 	num_reg: 10  	lose cover RAM: 2016G
[    0.002929]  gran_size: 256K 	chunk_size: 4M 	num_reg: 10  	lose cover RAM: 2016G
[    0.002930]  gran_size: 256K 	chunk_size: 8M 	num_reg: 10  	lose cover RAM: 2016G
[    0.002931]  gran_size: 256K 	chunk_size: 16M 	num_reg: 10  	lose cover RAM: 2016G
[    0.002932]  gran_size: 256K 	chunk_size: 32M 	num_reg: 10  	lose cover RAM: 1024G
[    0.002934]  gran_size: 256K 	chunk_size: 64M 	num_reg: 10  	lose cover RAM: 1024G
[    0.002935]  gran_size: 256K 	chunk_size: 128M 	num_reg: 10  	lose cover RAM: 1024G
[    0.002936]  gran_size: 256K 	chunk_size: 256M 	num_reg: 10  	lose cover RAM: 1024G
[    0.002937]  gran_size: 256K 	chunk_size: 512M 	num_reg: 10  	lose cover RAM: 1024G
[    0.002939]  gran_size: 256K 	chunk_size: 1G 	num_reg: 10  	lose cover RAM: 1024G
[    0.002940]  gran_size: 256K 	chunk_size: 2G 	num_reg: 10  	lose cover RAM: 1024G
[    0.002941]  gran_size: 512K 	chunk_size: 512K 	num_reg: 10  	lose cover RAM: 2016G
[    0.002943]  gran_size: 512K 	chunk_size: 1M 	num_reg: 10  	lose cover RAM: 2016G
[    0.002944]  gran_size: 512K 	chunk_size: 2M 	num_reg: 10  	lose cover RAM: 2016G
[    0.002945]  gran_size: 512K 	chunk_size: 4M 	num_reg: 10  	lose cover RAM: 2016G
[    0.002947]  gran_size: 512K 	chunk_size: 8M 	num_reg: 10  	lose cover RAM: 2016G
[    0.002948]  gran_size: 512K 	chunk_size: 16M 	num_reg: 10  	lose cover RAM: 2016G
[    0.002950]  gran_size: 512K 	chunk_size: 32M 	num_reg: 10  	lose cover RAM: 1024G
[    0.002951]  gran_size: 512K 	chunk_size: 64M 	num_reg: 10  	lose cover RAM: 1024G
[    0.002952]  gran_size: 512K 	chunk_size: 128M 	num_reg: 10  	lose cover RAM: 1024G
[    0.002953]  gran_size: 512K 	chunk_size: 256M 	num_reg: 10  	lose cover RAM: 1024G
[    0.002955]  gran_size: 512K 	chunk_size: 512M 	num_reg: 10  	lose cover RAM: 1024G
[    0.002956]  gran_size: 512K 	chunk_size: 1G 	num_reg: 10  	lose cover RAM: 1024G
[    0.002957]  gran_size: 512K 	chunk_size: 2G 	num_reg: 10  	lose cover RAM: 1024G
[    0.002958]  gran_size: 1M 	chunk_size: 1M 	num_reg: 10  	lose cover RAM: 2016G
[    0.002960]  gran_size: 1M 	chunk_size: 2M 	num_reg: 10  	lose cover RAM: 2016G
[    0.002961]  gran_size: 1M 	chunk_size: 4M 	num_reg: 10  	lose cover RAM: 2016G
[    0.002962]  gran_size: 1M 	chunk_size: 8M 	num_reg: 10  	lose cover RAM: 2016G
[    0.002964]  gran_size: 1M 	chunk_size: 16M 	num_reg: 10  	lose cover RAM: 2016G
[    0.002965]  gran_size: 1M 	chunk_size: 32M 	num_reg: 10  	lose cover RAM: 1024G
[    0.002966]  gran_size: 1M 	chunk_size: 64M 	num_reg: 10  	lose cover RAM: 1024G
[    0.002967]  gran_size: 1M 	chunk_size: 128M 	num_reg: 10  	lose cover RAM: 1024G
[    0.002969]  gran_size: 1M 	chunk_size: 256M 	num_reg: 10  	lose cover RAM: 1024G
[    0.002970]  gran_size: 1M 	chunk_size: 512M 	num_reg: 10  	lose cover RAM: 1024G
[    0.002971]  gran_size: 1M 	chunk_size: 1G 	num_reg: 10  	lose cover RAM: 1024G
[    0.002972]  gran_size: 1M 	chunk_size: 2G 	num_reg: 10  	lose cover RAM: 1024G
[    0.002974]  gran_size: 2M 	chunk_size: 2M 	num_reg: 10  	lose cover RAM: 2016G
[    0.002975]  gran_size: 2M 	chunk_size: 4M 	num_reg: 10  	lose cover RAM: 2016G
[    0.002976]  gran_size: 2M 	chunk_size: 8M 	num_reg: 10  	lose cover RAM: 2016G
[    0.002977]  gran_size: 2M 	chunk_size: 16M 	num_reg: 10  	lose cover RAM: 2016G
[    0.002979]  gran_size: 2M 	chunk_size: 32M 	num_reg: 10  	lose cover RAM: 1024G
[    0.002980]  gran_size: 2M 	chunk_size: 64M 	num_reg: 10  	lose cover RAM: 1024G
[    0.002981]  gran_size: 2M 	chunk_size: 128M 	num_reg: 10  	lose cover RAM: 1024G
[    0.002983]  gran_size: 2M 	chunk_size: 256M 	num_reg: 10  	lose cover RAM: 1024G
[    0.002984]  gran_size: 2M 	chunk_size: 512M 	num_reg: 10  	lose cover RAM: 1024G
[    0.002985]  gran_size: 2M 	chunk_size: 1G 	num_reg: 10  	lose cover RAM: 1024G
[    0.002987]  gran_size: 2M 	chunk_size: 2G 	num_reg: 10  	lose cover RAM: 1024G
[    0.002988]  gran_size: 4M 	chunk_size: 4M 	num_reg: 10  	lose cover RAM: 2016G
[    0.002989]  gran_size: 4M 	chunk_size: 8M 	num_reg: 10  	lose cover RAM: 2016G
[    0.002990]  gran_size: 4M 	chunk_size: 16M 	num_reg: 10  	lose cover RAM: 2016G
[    0.002992]  gran_size: 4M 	chunk_size: 32M 	num_reg: 10  	lose cover RAM: 1024G
[    0.002993]  gran_size: 4M 	chunk_size: 64M 	num_reg: 10  	lose cover RAM: 1024G
[    0.002994]  gran_size: 4M 	chunk_size: 128M 	num_reg: 10  	lose cover RAM: 1024G
[    0.002995]  gran_size: 4M 	chunk_size: 256M 	num_reg: 10  	lose cover RAM: 1024G
[    0.002997]  gran_size: 4M 	chunk_size: 512M 	num_reg: 10  	lose cover RAM: 1024G
[    0.002998]  gran_size: 4M 	chunk_size: 1G 	num_reg: 10  	lose cover RAM: 1024G
[    0.002999]  gran_size: 4M 	chunk_size: 2G 	num_reg: 10  	lose cover RAM: 1024G
[    0.003000]  gran_size: 8M 	chunk_size: 8M 	num_reg: 10  	lose cover RAM: 2016G
[    0.003002]  gran_size: 8M 	chunk_size: 16M 	num_reg: 10  	lose cover RAM: 2016G
[    0.003003]  gran_size: 8M 	chunk_size: 32M 	num_reg: 10  	lose cover RAM: 1024G
[    0.003004]  gran_size: 8M 	chunk_size: 64M 	num_reg: 10  	lose cover RAM: 1024G
[    0.003006]  gran_size: 8M 	chunk_size: 128M 	num_reg: 10  	lose cover RAM: 1024G
[    0.003007]  gran_size: 8M 	chunk_size: 256M 	num_reg: 10  	lose cover RAM: 1024G
[    0.003008]  gran_size: 8M 	chunk_size: 512M 	num_reg: 10  	lose cover RAM: 1024G
[    0.003009]  gran_size: 8M 	chunk_size: 1G 	num_reg: 10  	lose cover RAM: 1024G
[    0.003011]  gran_size: 8M 	chunk_size: 2G 	num_reg: 10  	lose cover RAM: 1024G
[    0.003012]  gran_size: 16M 	chunk_size: 16M 	num_reg: 10  	lose cover RAM: 2016G
[    0.003013]  gran_size: 16M 	chunk_size: 32M 	num_reg: 10  	lose cover RAM: 1024G
[    0.003015]  gran_size: 16M 	chunk_size: 64M 	num_reg: 10  	lose cover RAM: 1024G
[    0.003016]  gran_size: 16M 	chunk_size: 128M 	num_reg: 10  	lose cover RAM: 1024G
[    0.003017]  gran_size: 16M 	chunk_size: 256M 	num_reg: 10  	lose cover RAM: 1024G
[    0.003019]  gran_size: 16M 	chunk_size: 512M 	num_reg: 10  	lose cover RAM: 1024G
[    0.003020]  gran_size: 16M 	chunk_size: 1G 	num_reg: 10  	lose cover RAM: 1024G
[    0.003021]  gran_size: 16M 	chunk_size: 2G 	num_reg: 10  	lose cover RAM: 1024G
[    0.003022]  gran_size: 32M 	chunk_size: 32M 	num_reg: 10  	lose cover RAM: 2031632M
[    0.003024]  gran_size: 32M 	chunk_size: 64M 	num_reg: 10  	lose cover RAM: 1048592M
[    0.003025]  gran_size: 32M 	chunk_size: 128M 	num_reg: 10  	lose cover RAM: 1048592M
[    0.003026]  gran_size: 32M 	chunk_size: 256M 	num_reg: 10  	lose cover RAM: 1048592M
[    0.003028]  gran_size: 32M 	chunk_size: 512M 	num_reg: 10  	lose cover RAM: 1048592M
[    0.003029]  gran_size: 32M 	chunk_size: 1G 	num_reg: 10  	lose cover RAM: 1048592M
[    0.003030]  gran_size: 32M 	chunk_size: 2G 	num_reg: 10  	lose cover RAM: 1048592M
[    0.003032]  gran_size: 64M 	chunk_size: 64M 	num_reg: 10  	lose cover RAM: 1966128M
[    0.003033]  gran_size: 64M 	chunk_size: 128M 	num_reg: 10  	lose cover RAM: 1048624M
[    0.003034]  gran_size: 64M 	chunk_size: 256M 	num_reg: 10  	lose cover RAM: 1048624M
[    0.003035]  gran_size: 64M 	chunk_size: 512M 	num_reg: 10  	lose cover RAM: 1048624M
[    0.003037]  gran_size: 64M 	chunk_size: 1G 	num_reg: 10  	lose cover RAM: 1048624M
[    0.003038]  gran_size: 64M 	chunk_size: 2G 	num_reg: 10  	lose cover RAM: 1048624M
[    0.003039]  gran_size: 128M 	chunk_size: 128M 	num_reg: 10  	lose cover RAM: 1835120M
[    0.003041]  gran_size: 128M 	chunk_size: 256M 	num_reg: 10  	lose cover RAM: 1048688M
[    0.003042]  gran_size: 128M 	chunk_size: 512M 	num_reg: 10  	lose cover RAM: 1048688M
[    0.003043]  gran_size: 128M 	chunk_size: 1G 	num_reg: 10  	lose cover RAM: 1048688M
[    0.003045]  gran_size: 128M 	chunk_size: 2G 	num_reg: 10  	lose cover RAM: 1048688M
[    0.003046]  gran_size: 256M 	chunk_size: 256M 	num_reg: 10  	lose cover RAM: 1573104M
[    0.003048]  gran_size: 256M 	chunk_size: 512M 	num_reg: 10  	lose cover RAM: 1048816M
[    0.003049]  gran_size: 256M 	chunk_size: 1G 	num_reg: 10  	lose cover RAM: 1048816M
[    0.003050]  gran_size: 256M 	chunk_size: 2G 	num_reg: 10  	lose cover RAM: 1048816M
[    0.003051]  gran_size: 512M 	chunk_size: 512M 	num_reg: 10  	lose cover RAM: 1049072M
[    0.003053]  gran_size: 512M 	chunk_size: 1G 	num_reg: 10  	lose cover RAM: 1049072M
[    0.003054]  gran_size: 512M 	chunk_size: 2G 	num_reg: 10  	lose cover RAM: 1049072M
[    0.003055]  gran_size: 1G 	chunk_size: 1G 	num_reg: 10  	lose cover RAM: 1008M
[    0.003057]  gran_size: 1G 	chunk_size: 2G 	num_reg: 10  	lose cover RAM: 1008M
[    0.003058]  gran_size: 2G 	chunk_size: 2G 	num_reg: 9  	lose cover RAM: 2032M
[    0.003059] mtrr_cleanup: can not find optimal value
[    0.003060] please specify mtrr_gran_size/mtrr_chunk_size
[    0.003062] e820: update [mem 0x7f000000-0xffffffff] usable ==> reserved
[    0.003065] x2apic: enabled by BIOS, switching to x2apic ops
[    0.003066] last_pfn = 0x6f800 max_arch_pfn = 0x400000000
[    0.014392] Using GB pages for direct mapping
[    0.015687] Secure boot disabled
[    0.015687] RAMDISK: [mem 0x205cb7c000-0x207fffffff]
[    0.015692] ACPI: Early table checksum verification disabled
[    0.015694] ACPI: RSDP 0x000000006F7FE014 000024 (v02 DELL  )
[    0.015698] ACPI: XSDT 0x000000006F41C188 0000F4 (v01 DELL   PE_SC3   00000000 DELL 01000013)
[    0.015703] ACPI: FACP 0x000000006F430000 000114 (v06 DELL   PE_SC3   00000000 DELL 00000001)
[    0.015709] ACPI: DSDT 0x000000004B4CE000 07FAD3 (v02 DELL   PE_SC3   00000003 DELL 00000001)
[    0.015712] ACPI: FACS 0x000000006F2F2000 000040
[    0.015715] ACPI: SSDT 0x000000006F7FB000 00159A (v02 INTEL  RAS_ACPI 00000001 INTL 20210331)
[    0.015719] ACPI: SSDT 0x000000006F7FA000 000745 (v02 INTEL  ADDRXLAT 00000001 INTL 20210331)
[    0.015722] ACPI: MCEJ 0x000000006F7F9000 000130 (v01 INTEL           00000001 INTL 0100000D)
[    0.015726] ACPI: BERT 0x000000006F7F8000 000030 (v01 DELL   PE_SC3   00000001 INTL 00000001)
[    0.015729] ACPI: ERST 0x000000006F7F7000 000230 (v01 DELL   PE_SC3   00000001 INTL 00000001)
[    0.015732] ACPI: SSDT 0x000000006F431000 3C524E (v02 INTEL  SSDTNVDR 00001000 INTL 20210331)
[    0.015736] ACPI: HMAT 0x000000006F42F000 000210 (v01 DELL   PE_SC3   00000001 DELL 00000001)
[    0.015739] ACPI: HPET 0x000000006F42E000 000038 (v01 DELL   PE_SC3   00000001 DELL 00000001)
[    0.015742] ACPI: MCFG 0x000000006F42D000 00003C (v01 DELL   PE_SC3   00000001 DELL 00000001)
[    0.015745] ACPI: MIGT 0x000000006F42C000 000040 (v01 DELL   PE_SC3   00000000 DELL 00000001)
[    0.015748] ACPI: MSCT 0x000000006F42B000 000090 (v01 DELL   PE_SC3   00000001 DELL 00000001)
[    0.015752] ACPI: PMTT 0x000000006F429000 0011E8 (v02 DELL   PE_SC3   00000001 DELL 00000001)
[    0.015755] ACPI: WSMT 0x000000006F428000 000028 (v01 DELL   PE_SC3   00000000 DELL 00000001)
[    0.015758] ACPI: APIC 0x000000006F427000 00075E (v04 DELL   PE_SC3   00000000 DELL 00000001)
[    0.015762] ACPI: SLIT 0x000000006F426000 00003C (v01 DELL   PE_SC3   00000001 DELL 01000013)
[    0.015765] ACPI: SRAT 0x000000006F41F000 006430 (v03 DELL   PE_SC3   00000002 DELL 01000013)
[    0.015768] ACPI: OEM4 0x000000004B346000 187A61 (v02 INTEL  CPU  CST 00003000 INTL 20210331)
[    0.015771] ACPI: SSDT 0x000000004B2CF000 0764A5 (v02 INTEL  SSDT  PM 00004000 INTL 20210331)
[    0.015775] ACPI: SSDT 0x000000006F41E000 000A1F (v02 DELL   PE_SC3   00000000 DELL 00000001)
[    0.015778] ACPI: HEST 0x000000006F41D000 00017C (v01 DELL   PE_SC3   00000001 INTL 00000001)
[    0.015781] ACPI: PCAT 0x000000006F41B000 00010C (v19 DELL   PE_SC3   00000002 DELL 00000001)
[    0.015784] ACPI: SSDT 0x000000006F413000 007299 (v02 INTEL  SpsNm    00000002 INTL 20210331)
[    0.015787] ACPI: SSDT 0x000000006F412000 000426 (v02 DELL   PE_SC3   00000002 DELL 00000001)
[    0.015791] ACPI: NFIT 0x000000006F7FD000 000488 (v01 DELL   PE_SC3   00000002 DELL 00000001)
[    0.015794] ACPI: DMAR 0x000000006F411000 000158 (v01 DELL   PE_SC3   00000001 DELL 00000001)
[    0.015796] ACPI: Reserving FACP table memory at [mem 0x6f430000-0x6f430113]
[    0.015798] ACPI: Reserving DSDT table memory at [mem 0x4b4ce000-0x4b54dad2]
[    0.015799] ACPI: Reserving FACS table memory at [mem 0x6f2f2000-0x6f2f203f]
[    0.015800] ACPI: Reserving SSDT table memory at [mem 0x6f7fb000-0x6f7fc599]
[    0.015801] ACPI: Reserving SSDT table memory at [mem 0x6f7fa000-0x6f7fa744]
[    0.015802] ACPI: Reserving MCEJ table memory at [mem 0x6f7f9000-0x6f7f912f]
[    0.015803] ACPI: Reserving BERT table memory at [mem 0x6f7f8000-0x6f7f802f]
[    0.015804] ACPI: Reserving ERST table memory at [mem 0x6f7f7000-0x6f7f722f]
[    0.015804] ACPI: Reserving SSDT table memory at [mem 0x6f431000-0x6f7f624d]
[    0.015805] ACPI: Reserving HMAT table memory at [mem 0x6f42f000-0x6f42f20f]
[    0.015806] ACPI: Reserving HPET table memory at [mem 0x6f42e000-0x6f42e037]
[    0.015807] ACPI: Reserving MCFG table memory at [mem 0x6f42d000-0x6f42d03b]
[    0.015808] ACPI: Reserving MIGT table memory at [mem 0x6f42c000-0x6f42c03f]
[    0.015809] ACPI: Reserving MSCT table memory at [mem 0x6f42b000-0x6f42b08f]
[    0.015810] ACPI: Reserving PMTT table memory at [mem 0x6f429000-0x6f42a1e7]
[    0.015811] ACPI: Reserving WSMT table memory at [mem 0x6f428000-0x6f428027]
[    0.015811] ACPI: Reserving APIC table memory at [mem 0x6f427000-0x6f42775d]
[    0.015812] ACPI: Reserving SLIT table memory at [mem 0x6f426000-0x6f42603b]
[    0.015813] ACPI: Reserving SRAT table memory at [mem 0x6f41f000-0x6f42542f]
[    0.015814] ACPI: Reserving OEM4 table memory at [mem 0x4b346000-0x4b4cda60]
[    0.015815] ACPI: Reserving SSDT table memory at [mem 0x4b2cf000-0x4b3454a4]
[    0.015816] ACPI: Reserving SSDT table memory at [mem 0x6f41e000-0x6f41ea1e]
[    0.015817] ACPI: Reserving HEST table memory at [mem 0x6f41d000-0x6f41d17b]
[    0.015818] ACPI: Reserving PCAT table memory at [mem 0x6f41b000-0x6f41b10b]
[    0.015819] ACPI: Reserving SSDT table memory at [mem 0x6f413000-0x6f41a298]
[    0.015820] ACPI: Reserving SSDT table memory at [mem 0x6f412000-0x6f412425]
[    0.015821] ACPI: Reserving NFIT table memory at [mem 0x6f7fd000-0x6f7fd487]
[    0.015822] ACPI: Reserving DMAR table memory at [mem 0x6f411000-0x6f411157]
[    0.015832] Setting APIC routing to cluster x2apic.
[    0.015880] SRAT: PXM 0 -> APIC 0x0000 -> Node 0
[    0.015881] SRAT: PXM 0 -> APIC 0x0001 -> Node 0
[    0.015882] SRAT: PXM 0 -> APIC 0x0002 -> Node 0
[    0.015883] SRAT: PXM 0 -> APIC 0x0003 -> Node 0
[    0.015883] SRAT: PXM 0 -> APIC 0x0004 -> Node 0
[    0.015884] SRAT: PXM 0 -> APIC 0x0005 -> Node 0
[    0.015885] SRAT: PXM 0 -> APIC 0x0006 -> Node 0
[    0.015885] SRAT: PXM 0 -> APIC 0x0007 -> Node 0
[    0.015886] SRAT: PXM 0 -> APIC 0x0008 -> Node 0
[    0.015887] SRAT: PXM 0 -> APIC 0x0009 -> Node 0
[    0.015887] SRAT: PXM 0 -> APIC 0x000a -> Node 0
[    0.015888] SRAT: PXM 0 -> APIC 0x000b -> Node 0
[    0.015889] SRAT: PXM 0 -> APIC 0x000c -> Node 0
[    0.015889] SRAT: PXM 0 -> APIC 0x000d -> Node 0
[    0.015890] SRAT: PXM 0 -> APIC 0x000e -> Node 0
[    0.015891] SRAT: PXM 0 -> APIC 0x000f -> Node 0
[    0.015892] SRAT: PXM 0 -> APIC 0x0010 -> Node 0
[    0.015893] SRAT: PXM 0 -> APIC 0x0011 -> Node 0
[    0.015893] SRAT: PXM 0 -> APIC 0x0012 -> Node 0
[    0.015894] SRAT: PXM 0 -> APIC 0x0013 -> Node 0
[    0.015895] SRAT: PXM 0 -> APIC 0x0014 -> Node 0
[    0.015895] SRAT: PXM 0 -> APIC 0x0015 -> Node 0
[    0.015896] SRAT: PXM 0 -> APIC 0x0016 -> Node 0
[    0.015897] SRAT: PXM 0 -> APIC 0x0017 -> Node 0
[    0.015897] SRAT: PXM 0 -> APIC 0x0018 -> Node 0
[    0.015898] SRAT: PXM 0 -> APIC 0x0019 -> Node 0
[    0.015899] SRAT: PXM 0 -> APIC 0x001a -> Node 0
[    0.015899] SRAT: PXM 0 -> APIC 0x001b -> Node 0
[    0.015900] SRAT: PXM 0 -> APIC 0x001c -> Node 0
[    0.015901] SRAT: PXM 0 -> APIC 0x001d -> Node 0
[    0.015901] SRAT: PXM 0 -> APIC 0x001e -> Node 0
[    0.015902] SRAT: PXM 0 -> APIC 0x001f -> Node 0
[    0.015902] SRAT: PXM 0 -> APIC 0x0020 -> Node 0
[    0.015903] SRAT: PXM 0 -> APIC 0x0021 -> Node 0
[    0.015904] SRAT: PXM 0 -> APIC 0x0022 -> Node 0
[    0.015904] SRAT: PXM 0 -> APIC 0x0023 -> Node 0
[    0.015905] SRAT: PXM 0 -> APIC 0x0024 -> Node 0
[    0.015906] SRAT: PXM 0 -> APIC 0x0025 -> Node 0
[    0.015906] SRAT: PXM 0 -> APIC 0x0026 -> Node 0
[    0.015907] SRAT: PXM 0 -> APIC 0x0027 -> Node 0
[    0.015908] SRAT: PXM 0 -> APIC 0x0028 -> Node 0
[    0.015908] SRAT: PXM 0 -> APIC 0x0029 -> Node 0
[    0.015909] SRAT: PXM 0 -> APIC 0x002a -> Node 0
[    0.015909] SRAT: PXM 0 -> APIC 0x002b -> Node 0
[    0.015910] SRAT: PXM 0 -> APIC 0x002c -> Node 0
[    0.015911] SRAT: PXM 0 -> APIC 0x002d -> Node 0
[    0.015911] SRAT: PXM 0 -> APIC 0x002e -> Node 0
[    0.015912] SRAT: PXM 0 -> APIC 0x002f -> Node 0
[    0.015913] SRAT: PXM 0 -> APIC 0x0030 -> Node 0
[    0.015913] SRAT: PXM 0 -> APIC 0x0031 -> Node 0
[    0.015914] SRAT: PXM 0 -> APIC 0x0032 -> Node 0
[    0.015914] SRAT: PXM 0 -> APIC 0x0033 -> Node 0
[    0.015915] SRAT: PXM 0 -> APIC 0x0034 -> Node 0
[    0.015916] SRAT: PXM 0 -> APIC 0x0035 -> Node 0
[    0.015916] SRAT: PXM 0 -> APIC 0x0036 -> Node 0
[    0.015917] SRAT: PXM 0 -> APIC 0x0037 -> Node 0
[    0.015918] SRAT: PXM 1 -> APIC 0x0080 -> Node 1
[    0.015919] SRAT: PXM 1 -> APIC 0x0081 -> Node 1
[    0.015919] SRAT: PXM 1 -> APIC 0x0082 -> Node 1
[    0.015920] SRAT: PXM 1 -> APIC 0x0083 -> Node 1
[    0.015921] SRAT: PXM 1 -> APIC 0x0084 -> Node 1
[    0.015921] SRAT: PXM 1 -> APIC 0x0085 -> Node 1
[    0.015922] SRAT: PXM 1 -> APIC 0x0086 -> Node 1
[    0.015923] SRAT: PXM 1 -> APIC 0x0087 -> Node 1
[    0.015923] SRAT: PXM 1 -> APIC 0x0088 -> Node 1
[    0.015924] SRAT: PXM 1 -> APIC 0x0089 -> Node 1
[    0.015925] SRAT: PXM 1 -> APIC 0x008a -> Node 1
[    0.015925] SRAT: PXM 1 -> APIC 0x008b -> Node 1
[    0.015926] SRAT: PXM 1 -> APIC 0x008c -> Node 1
[    0.015927] SRAT: PXM 1 -> APIC 0x008d -> Node 1
[    0.015927] SRAT: PXM 1 -> APIC 0x008e -> Node 1
[    0.015928] SRAT: PXM 1 -> APIC 0x008f -> Node 1
[    0.015929] SRAT: PXM 1 -> APIC 0x0090 -> Node 1
[    0.015929] SRAT: PXM 1 -> APIC 0x0091 -> Node 1
[    0.015930] SRAT: PXM 1 -> APIC 0x0092 -> Node 1
[    0.015930] SRAT: PXM 1 -> APIC 0x0093 -> Node 1
[    0.015931] SRAT: PXM 1 -> APIC 0x0094 -> Node 1
[    0.015932] SRAT: PXM 1 -> APIC 0x0095 -> Node 1
[    0.015932] SRAT: PXM 1 -> APIC 0x0096 -> Node 1
[    0.015933] SRAT: PXM 1 -> APIC 0x0097 -> Node 1
[    0.015934] SRAT: PXM 1 -> APIC 0x0098 -> Node 1
[    0.015934] SRAT: PXM 1 -> APIC 0x0099 -> Node 1
[    0.015935] SRAT: PXM 1 -> APIC 0x009a -> Node 1
[    0.015936] SRAT: PXM 1 -> APIC 0x009b -> Node 1
[    0.015936] SRAT: PXM 1 -> APIC 0x009c -> Node 1
[    0.015937] SRAT: PXM 1 -> APIC 0x009d -> Node 1
[    0.015938] SRAT: PXM 1 -> APIC 0x009e -> Node 1
[    0.015938] SRAT: PXM 1 -> APIC 0x009f -> Node 1
[    0.015939] SRAT: PXM 1 -> APIC 0x00a0 -> Node 1
[    0.015939] SRAT: PXM 1 -> APIC 0x00a1 -> Node 1
[    0.015940] SRAT: PXM 1 -> APIC 0x00a2 -> Node 1
[    0.015941] SRAT: PXM 1 -> APIC 0x00a3 -> Node 1
[    0.015941] SRAT: PXM 1 -> APIC 0x00a4 -> Node 1
[    0.015942] SRAT: PXM 1 -> APIC 0x00a5 -> Node 1
[    0.015943] SRAT: PXM 1 -> APIC 0x00a6 -> Node 1
[    0.015943] SRAT: PXM 1 -> APIC 0x00a7 -> Node 1
[    0.015944] SRAT: PXM 1 -> APIC 0x00a8 -> Node 1
[    0.015945] SRAT: PXM 1 -> APIC 0x00a9 -> Node 1
[    0.015945] SRAT: PXM 1 -> APIC 0x00aa -> Node 1
[    0.015946] SRAT: PXM 1 -> APIC 0x00ab -> Node 1
[    0.015946] SRAT: PXM 1 -> APIC 0x00ac -> Node 1
[    0.015947] SRAT: PXM 1 -> APIC 0x00ad -> Node 1
[    0.015948] SRAT: PXM 1 -> APIC 0x00ae -> Node 1
[    0.015948] SRAT: PXM 1 -> APIC 0x00af -> Node 1
[    0.015949] SRAT: PXM 1 -> APIC 0x00b0 -> Node 1
[    0.015950] SRAT: PXM 1 -> APIC 0x00b1 -> Node 1
[    0.015950] SRAT: PXM 1 -> APIC 0x00b2 -> Node 1
[    0.015951] SRAT: PXM 1 -> APIC 0x00b3 -> Node 1
[    0.015952] SRAT: PXM 1 -> APIC 0x00b4 -> Node 1
[    0.015953] SRAT: PXM 1 -> APIC 0x00b5 -> Node 1
[    0.015953] SRAT: PXM 1 -> APIC 0x00b6 -> Node 1
[    0.015954] SRAT: PXM 1 -> APIC 0x00b7 -> Node 1
[    0.015967] ACPI: SRAT: Node 0 PXM 0 [mem 0x00000000-0x7fffffff]
[    0.015968] ACPI: SRAT: Node 0 PXM 0 [mem 0x100000000-0x107fffffff]
[    0.015970] ACPI: SRAT: Node 2 PXM 2 [mem 0x2080000000-0x9e7fffffff] non-volatile
[    0.015971] ACPI: SRAT: Node 1 PXM 1 [mem 0x1080000000-0x207fffffff]
[    0.015972] ACPI: SRAT: Node 3 PXM 3 [mem 0x9e80000000-0x11c7fffffff] non-volatile
[    0.015981] NUMA: Initialized distance table, cnt=4
[    0.015984] NUMA: Node 0 [mem 0x00000000-0x7fffffff] + [mem 0x100000000-0x107fffffff] -> [mem 0x00000000-0x107fffffff]
[    0.015992] NODE_DATA(0) allocated [mem 0xffffd5000-0xfffffffff]
[    0.016014] NODE_DATA(1) allocated [mem 0x205cb4d000-0x205cb77fff]
[    0.016216] Zone ranges:
[    0.016217]   DMA      [mem 0x0000000000001000-0x0000000000ffffff]
[    0.016219]   DMA32    [mem 0x0000000001000000-0x00000000ffffffff]
[    0.016220]   Normal   [mem 0x0000000100000000-0x000000207fffffff]
[    0.016222]   Device   empty
[    0.016223] Movable zone start for each node
[    0.016226] Early memory node ranges
[    0.016227]   node   0: [mem 0x0000000000001000-0x000000000008efff]
[    0.016228]   node   0: [mem 0x0000000000090000-0x000000000009ffff]
[    0.016229]   node   0: [mem 0x0000000000100000-0x0000000049e76fff]
[    0.016230]   node   0: [mem 0x000000004ae77000-0x000000004b2cefff]
[    0.016231]   node   0: [mem 0x000000004b54e000-0x000000004bd93fff]
[    0.016232]   node   0: [mem 0x000000004be9a000-0x000000004cdfffff]
[    0.016233]   node   0: [mem 0x000000004d000000-0x000000005eefdfff]
[    0.016233]   node   0: [mem 0x000000006f7ff000-0x000000006f7fffff]
[    0.016234]   node   0: [mem 0x0000000bf6d00000-0x0000000fffffffff]
[    0.016236]   node   1: [mem 0x0000001ec0000000-0x000000207fffffff]
[    0.016237] Initmem setup node 0 [mem 0x0000000000001000-0x0000000fffffffff]
[    0.016240] Initmem setup node 1 [mem 0x0000001ec0000000-0x000000207fffffff]
[    0.016243] On node 0, zone DMA: 1 pages in unavailable ranges
[    0.016244] On node 0, zone DMA: 1 pages in unavailable ranges
[    0.016272] On node 0, zone DMA: 96 pages in unavailable ranges
[    0.018485] On node 0, zone DMA32: 4096 pages in unavailable ranges
[    0.018505] On node 0, zone DMA32: 639 pages in unavailable ranges
[    0.018533] On node 0, zone DMA32: 262 pages in unavailable ranges
[    0.019074] On node 0, zone DMA32: 512 pages in unavailable ranges
[    0.019454] On node 0, zone DMA32: 35073 pages in unavailable ranges
[    0.050911] On node 0, zone Normal: 29952 pages in unavailable ranges
[    0.065184] ACPI: PM-Timer IO Port: 0x508
[    0.065203] ACPI: X2APIC_NMI (uid[0xffffffff] high edge lint[0x1])
[    0.065207] ACPI: LAPIC_NMI (acpi_id[0xff] high edge lint[0x1])
[    0.065226] IOAPIC[0]: apic_id 8, version 32, address 0xfec00000, GSI 0-119
[    0.065229] ACPI: INT_SRC_OVR (bus 0 bus_irq 0 global_irq 2 dfl dfl)
[    0.065231] ACPI: INT_SRC_OVR (bus 0 bus_irq 9 global_irq 9 high level)
[    0.065235] ACPI: Using ACPI (MADT) for SMP configuration information
[    0.065236] ACPI: HPET id: 0x8086a701 base: 0xfed00000
[    0.065241] TSC deadline timer available
[    0.065242] smpboot: Allowing 112 CPUs, 0 hotplug CPUs
[    0.065269] PM: hibernation: Registered nosave memory: [mem 0x00000000-0x00000fff]
[    0.065271] PM: hibernation: Registered nosave memory: [mem 0x0008f000-0x0008ffff]
[    0.065273] PM: hibernation: Registered nosave memory: [mem 0x000a0000-0x000fffff]
[    0.065275] PM: hibernation: Registered nosave memory: [mem 0x46cc5000-0x46cc5fff]
[    0.065276] PM: hibernation: Registered nosave memory: [mem 0x46cf6000-0x46cf6fff]
[    0.065277] PM: hibernation: Registered nosave memory: [mem 0x46cf7000-0x46cf7fff]
[    0.065279] PM: hibernation: Registered nosave memory: [mem 0x46d29000-0x46d29fff]
[    0.065280] PM: hibernation: Registered nosave memory: [mem 0x46d2a000-0x46d2afff]
[    0.065281] PM: hibernation: Registered nosave memory: [mem 0x46d5c000-0x46d5cfff]
[    0.065282] PM: hibernation: Registered nosave memory: [mem 0x46d5d000-0x46d5dfff]
[    0.065283] PM: hibernation: Registered nosave memory: [mem 0x46d65000-0x46d65fff]
[    0.065285] PM: hibernation: Registered nosave memory: [mem 0x49e77000-0x4ae76fff]
[    0.065287] PM: hibernation: Registered nosave memory: [mem 0x4b2cf000-0x4b54dfff]
[    0.065288] PM: hibernation: Registered nosave memory: [mem 0x4bd94000-0x4be99fff]
[    0.065290] PM: hibernation: Registered nosave memory: [mem 0x4ce00000-0x4cffffff]
[    0.065292] PM: hibernation: Registered nosave memory: [mem 0x5eefe000-0x6e3fefff]
[    0.065293] PM: hibernation: Registered nosave memory: [mem 0x6e3ff000-0x6f3fefff]
[    0.065294] PM: hibernation: Registered nosave memory: [mem 0x6f3ff000-0x6f7fefff]
[    0.065295] PM: hibernation: Registered nosave memory: [mem 0x6f800000-0x8fffffff]
[    0.065296] PM: hibernation: Registered nosave memory: [mem 0x90000000-0xfdffffff]
[    0.065297] PM: hibernation: Registered nosave memory: [mem 0xfe000000-0xfe010fff]
[    0.065298] PM: hibernation: Registered nosave memory: [mem 0xfe011000-0xffffffff]
[    0.065299] PM: hibernation: Registered nosave memory: [mem 0x100000000-0xbf6cfffff]
[    0.065300] PM: hibernation: Registered nosave memory: [mem 0x1000000000-0x1ebfffffff]
[    0.065302] [mem 0x90000000-0xfdffffff] available for PCI devices
[    0.065304] Booting paravirtualized kernel on bare hardware
[    0.065306] clocksource: refined-jiffies: mask: 0xffffffff max_cycles: 0xffffffff, max_idle_ns: 7645519600211568 ns
[    0.065312] setup_percpu: NR_CPUS:8192 nr_cpumask_bits:112 nr_cpu_ids:112 nr_node_ids:4
[    0.069795] percpu: Embedded 53 pages/cpu s180224 r8192 d28672 u262144
[    0.069807] pcpu-alloc: s180224 r8192 d28672 u262144 alloc=1*2097152
[    0.069810] pcpu-alloc: [0] 000 002 004 006 008 010 012 014 
[    0.069815] pcpu-alloc: [0] 016 018 020 022 024 026 028 030 
[    0.069820] pcpu-alloc: [0] 032 034 036 038 040 042 044 046 
[    0.069824] pcpu-alloc: [0] 048 050 052 054 056 058 060 062 
[    0.069828] pcpu-alloc: [0] 064 066 068 070 072 074 076 078 
[    0.069832] pcpu-alloc: [0] 080 082 084 086 088 090 092 094 
[    0.069836] pcpu-alloc: [0] 096 098 100 102 104 106 108 110 
[    0.069841] pcpu-alloc: [1] 001 003 005 007 009 011 013 015 
[    0.069845] pcpu-alloc: [1] 017 019 021 023 025 027 029 031 
[    0.069849] pcpu-alloc: [1] 033 035 037 039 041 043 045 047 
[    0.069853] pcpu-alloc: [1] 049 051 053 055 057 059 061 063 
[    0.069857] pcpu-alloc: [1] 065 067 069 071 073 075 077 079 
[    0.069861] pcpu-alloc: [1] 081 083 085 087 089 091 093 095 
[    0.069865] pcpu-alloc: [1] 097 099 101 103 105 107 109 111 
[    0.069916] Built 2 zonelists, mobility grouping on.  Total pages: 6348232
[    0.069918] Policy zone: Normal
[    0.069920] Kernel command line: BOOT_IMAGE=/boot/vmlinuz-5.15.0-tiering-0.8 root=UUID=ce0c24b8-724b-4f33-9b2c-618433560aef ro memmap=44909M!4096M memmap=59G!64G quiet splash nomodeset vt.handoff=1
[    0.070038] You have booted with nomodeset. This means your GPU drivers are DISABLED
[    0.070039] Any video related functionality will be severely degraded, and you may not even be able to suspend the system properly
[    0.070040] Unless you actually understand what nomodeset does, you should reboot without enabling it
[    0.070061] Unknown command line parameters: splash BOOT_IMAGE=/boot/vmlinuz-5.15.0-tiering-0.8
[    0.070063] printk: log_buf_len individual max cpu contribution: 4096 bytes
[    0.070063] printk: log_buf_len total cpu_extra contributions: 454656 bytes
[    0.070064] printk: log_buf_len min size: 262144 bytes
[    0.071031] printk: log_buf_len: 1048576 bytes
[    0.071032] printk: early log buf free: 223784(85%)
[    0.072604] mem auto-init: stack:off, heap alloc:on, heap free:off
[    0.140431] Memory: 24551276K/25800800K available (14345K kernel code, 3484K rwdata, 10288K rodata, 2824K init, 5836K bss, 1249264K reserved, 0K cma-reserved)
[    0.140437] random: get_random_u64 called from __kmem_cache_create+0x2d/0x460 with crng_init=1
[    0.141251] SLUB: HWalign=64, Order=0-3, MinObjects=0, CPUs=112, Nodes=4
[    0.141282] ftrace: allocating 48223 entries in 189 pages
[    0.156678] ftrace: allocated 189 pages with 6 groups
[    0.157349] rcu: Hierarchical RCU implementation.
[    0.157350] rcu: 	RCU restricting CPUs from NR_CPUS=8192 to nr_cpu_ids=112.
[    0.157352] 	Rude variant of Tasks RCU enabled.
[    0.157352] 	Tracing variant of Tasks RCU enabled.
[    0.157353] rcu: RCU calculated value of scheduler-enlistment delay is 25 jiffies.
[    0.157354] rcu: Adjusting geometry for rcu_fanout_leaf=16, nr_cpu_ids=112
[    0.161133] NR_IRQS: 524544, nr_irqs: 2952, preallocated irqs: 16
[    0.161484] random: crng done (trusting CPU's manufacturer)
[    0.161627] Console: colour dummy device 80x25
[    0.161662] printk: console [tty0] enabled
[    0.161811] mempolicy: Enabling automatic NUMA balancing. Configure with numa_balancing= or the kernel.numa_balancing sysctl
[    0.161816] ACPI: Core revision 20210730
[    0.165210] clocksource: hpet: mask: 0xffffffff max_cycles: 0xffffffff, max_idle_ns: 79635855245 ns
[    0.165254] APIC: Switch to symmetric I/O mode setup
[    0.165257] DMAR: Host address width 46
[    0.165258] DMAR: DRHD base: 0x000000d0ffc000 flags: 0x0
[    0.165262] DMAR: dmar0: reg_base_addr d0ffc000 ver 4:0 cap 8ed008c40780466 ecap 60000f050df
[    0.165265] DMAR: DRHD base: 0x000000dbbfc000 flags: 0x0
[    0.165267] DMAR: dmar1: reg_base_addr dbbfc000 ver 4:0 cap 8ed008c40780466 ecap 60000f050df
[    0.165270] DMAR: DRHD base: 0x000000e67fc000 flags: 0x0
[    0.165273] DMAR: dmar2: reg_base_addr e67fc000 ver 4:0 cap 8ed008c40780466 ecap 60000f050df
[    0.165275] DMAR: DRHD base: 0x000000f13fc000 flags: 0x0
[    0.165277] DMAR: dmar3: reg_base_addr f13fc000 ver 4:0 cap 8ed008c40780466 ecap 60000f050df
[    0.165279] DMAR: DRHD base: 0x000000fb7fc000 flags: 0x0
[    0.165282] DMAR: dmar4: reg_base_addr fb7fc000 ver 4:0 cap 8ed008c40780466 ecap 60000f050df
[    0.165284] DMAR: DRHD base: 0x000000a63fc000 flags: 0x0
[    0.165286] DMAR: dmar5: reg_base_addr a63fc000 ver 4:0 cap 8ed008c40780466 ecap 60000f050df
[    0.165288] DMAR: DRHD base: 0x000000b0ffc000 flags: 0x0
[    0.165290] DMAR: dmar6: reg_base_addr b0ffc000 ver 4:0 cap 8ed008c40780466 ecap 60000f050df
[    0.165292] DMAR: DRHD base: 0x000000bbbfc000 flags: 0x0
[    0.165298] DMAR: dmar7: reg_base_addr bbbfc000 ver 4:0 cap 8ed008c40780466 ecap 60000f050df
[    0.165300] DMAR: DRHD base: 0x000000c5ffc000 flags: 0x0
[    0.165302] DMAR: dmar8: reg_base_addr c5ffc000 ver 4:0 cap 8ed008c40780466 ecap 60000f050df
[    0.165304] DMAR: DRHD base: 0x0000009b7fc000 flags: 0x1
[    0.165306] DMAR: dmar9: reg_base_addr 9b7fc000 ver 4:0 cap 8ed008c40780466 ecap 60000f050df
[    0.165308] DMAR: RMRR base: 0x00000069427000 end: 0x00000069429fff
[    0.165310] DMAR: ATSR flags: 0x0
[    0.165312] DMAR-IR: IOAPIC id 8 under DRHD base  0x9b7fc000 IOMMU 9
[    0.165313] DMAR-IR: HPET id 0 under DRHD base 0x9b7fc000
[    0.165314] DMAR-IR: Queued invalidation will be enabled to support x2apic and Intr-remapping.
[    0.168453] DMAR-IR: Enabled IRQ remapping in x2apic mode
[    0.171054] ..TIMER: vector=0x30 apic1=0 pin1=2 apic2=-1 pin2=-1
[    0.189183] clocksource: tsc-early: mask: 0xffffffffffffffff max_cycles: 0x39a85c9bff6, max_idle_ns: 881590591483 ns
[    0.189190] Calibrating delay loop (skipped), value calculated using timer frequency.. 4000.00 BogoMIPS (lpj=8000000)
[    0.189193] pid_max: default: 114688 minimum: 896
[    0.192595] LSM: Security Framework initializing
[    0.192609] Yama: becoming mindful.
[    0.192647] AppArmor: AppArmor initialized
[    0.197257] Dentry cache hash table entries: 4194304 (order: 13, 33554432 bytes, vmalloc)
[    0.199571] Inode-cache hash table entries: 2097152 (order: 12, 16777216 bytes, vmalloc)
[    0.199686] Mount-cache hash table entries: 65536 (order: 7, 524288 bytes, vmalloc)
[    0.199756] Mountpoint-cache hash table entries: 65536 (order: 7, 524288 bytes, vmalloc)
[    0.200373] x86/tme: not enabled by BIOS
[    0.200382] CPU0: Thermal monitoring enabled (TM1)
[    0.200384] x86/cpu: User Mode Instruction Prevention (UMIP) activated
[    0.200616] process: using mwait in idle threads
[    0.200618] Last level iTLB entries: 4KB 0, 2MB 0, 4MB 0
[    0.200619] Last level dTLB entries: 4KB 0, 2MB 0, 4MB 0, 1GB 0
[    0.200625] Spectre V1 : Mitigation: usercopy/swapgs barriers and __user pointer sanitization
[    0.200627] Spectre V2 : Mitigation: Enhanced IBRS
[    0.200628] Spectre V2 : Spectre v2 / SpectreRSB mitigation: Filling RSB on context switch
[    0.200629] Spectre V2 : mitigation: Enabling conditional Indirect Branch Prediction Barrier
[    0.200631] Speculative Store Bypass: Mitigation: Speculative Store Bypass disabled via prctl and seccomp
[    0.206919] Freeing SMP alternatives memory: 40K
[    0.209321] smpboot: Estimated ratio of average max frequency by base frequency (times 1024): 1433
[    0.209335] smpboot: CPU0: Intel(R) Xeon(R) Gold 6330 CPU @ 2.00GHz (family: 0x6, model: 0x6a, stepping: 0x6)
[    0.209535] Performance Events: PEBS fmt4+-baseline,  AnyThread deprecated, Icelake events, 32-deep LBR, full-width counters, Intel PMU driver.
[    0.209556] ... version:                5
[    0.209557] ... bit width:              48
[    0.209557] ... generic registers:      8
[    0.209558] ... value mask:             0000ffffffffffff
[    0.209559] ... max period:             00007fffffffffff
[    0.209560] ... fixed-purpose events:   4
[    0.209560] ... event mask:             0001000f000000ff
[    0.209683] rcu: Hierarchical SRCU implementation.
[    0.216799] NMI watchdog: Enabled. Permanently consumes one hw-PMU counter.
[    0.217828] smp: Bringing up secondary CPUs ...
[    0.217933] x86: Booting SMP configuration:
[    0.217934] .... node  #1, CPUs:          #1
[    0.007752] smpboot: CPU 1 Converting physical 0 to logical die 1

[    0.305302] .... node  #0, CPUs:     #2
[    0.310676] .... node  #1, CPUs:     #3
[    0.316127] .... node  #0, CPUs:     #4
[    0.321505] .... node  #1, CPUs:     #5
[    0.326913] .... node  #0, CPUs:     #6
[    0.332489] .... node  #1, CPUs:     #7
[    0.338095] .... node  #0, CPUs:     #8
[    0.343381] .... node  #1, CPUs:     #9
[    0.349293] .... node  #0, CPUs:    #10
[    0.354858] .... node  #1, CPUs:    #11
[    0.360609] .... node  #0, CPUs:    #12
[    0.366134] .... node  #1, CPUs:    #13
[    0.371498] .... node  #0, CPUs:    #14
[    0.376734] .... node  #1, CPUs:    #15
[    0.382067] .... node  #0, CPUs:    #16
[    0.387335] .... node  #1, CPUs:    #17
[    0.392672] .... node  #0, CPUs:    #18
[    0.397928] .... node  #1, CPUs:    #19
[    0.403587] .... node  #0, CPUs:    #20
[    0.408821] .... node  #1, CPUs:    #21
[    0.414443] .... node  #0, CPUs:    #22
[    0.419886] .... node  #1, CPUs:    #23
[    0.425293] .... node  #0, CPUs:    #24
[    0.430819] .... node  #1, CPUs:    #25
[    0.436173] .... node  #0, CPUs:    #26
[    0.441388] .... node  #1, CPUs:    #27
[    0.446724] .... node  #0, CPUs:    #28
[    0.452226] .... node  #1, CPUs:    #29
[    0.457547] .... node  #0, CPUs:    #30
[    0.462778] .... node  #1, CPUs:    #31
[    0.468272] .... node  #0, CPUs:    #32
[    0.473561] .... node  #1, CPUs:    #33
[    0.478945] .... node  #0, CPUs:    #34
[    0.484387] .... node  #1, CPUs:    #35
[    0.489723] .... node  #0, CPUs:    #36
[    0.494931] .... node  #1, CPUs:    #37
[    0.500264] .... node  #0, CPUs:    #38
[    0.505819] .... node  #1, CPUs:    #39
[    0.511373] .... node  #0, CPUs:    #40
[    0.517232] .... node  #1, CPUs:    #41
[    0.522754] .... node  #0, CPUs:    #42
[    0.528069] .... node  #1, CPUs:    #43
[    0.533726] .... node  #0, CPUs:    #44
[    0.539095] .... node  #1, CPUs:    #45
[    0.544575] .... node  #0, CPUs:    #46
[    0.550113] .... node  #1, CPUs:    #47
[    0.555583] .... node  #0, CPUs:    #48
[    0.560917] .... node  #1, CPUs:    #49
[    0.566368] .... node  #0, CPUs:    #50
[    0.571854] .... node  #1, CPUs:    #51
[    0.577530] .... node  #0, CPUs:    #52
[    0.583001] .... node  #1, CPUs:    #53
[    0.588616] .... node  #0, CPUs:    #54
[    0.594323] .... node  #1, CPUs:    #55
[    0.600146] .... node  #0, CPUs:    #56
[    0.602981] .... node  #1, CPUs:    #57
[    0.608899] .... node  #0, CPUs:    #58
[    0.614320] .... node  #1, CPUs:    #59
[    0.619795] .... node  #0, CPUs:    #60
[    0.625343] .... node  #1, CPUs:    #61
[    0.630612] .... node  #0, CPUs:    #62
[    0.636210] .... node  #1, CPUs:    #63
[    0.641842] .... node  #0, CPUs:    #64
[    0.647149] .... node  #1, CPUs:    #65
[    0.652912] .... node  #0, CPUs:    #66
[    0.658657] .... node  #1, CPUs:    #67
[    0.664430] .... node  #0, CPUs:    #68
[    0.669965] .... node  #1, CPUs:    #69
[    0.675359] .... node  #0, CPUs:    #70
[    0.680603] .... node  #1, CPUs:    #71
[    0.685965] .... node  #0, CPUs:    #72
[    0.691254] .... node  #1, CPUs:    #73
[    0.696611] .... node  #0, CPUs:    #74
[    0.701880] .... node  #1, CPUs:    #75
[    0.707566] .... node  #0, CPUs:    #76
[    0.712824] .... node  #1, CPUs:    #77
[    0.718476] .... node  #0, CPUs:    #78
[    0.723934] .... node  #1, CPUs:    #79
[    0.729291] .... node  #0, CPUs:    #80
[    0.734907] .... node  #1, CPUs:    #81
[    0.740273] .... node  #0, CPUs:    #82
[    0.745517] .... node  #1, CPUs:    #83
[    0.750865] .... node  #0, CPUs:    #84
[    0.756397] .... node  #1, CPUs:    #85
[    0.761728] .... node  #0, CPUs:    #86
[    0.766985] .... node  #1, CPUs:    #87
[    0.772503] .... node  #0, CPUs:    #88
[    0.777803] .... node  #1, CPUs:    #89
[    0.783214] .... node  #0, CPUs:    #90
[    0.788668] .... node  #1, CPUs:    #91
[    0.794029] .... node  #0, CPUs:    #92
[    0.799259] .... node  #1, CPUs:    #93
[    0.804614] .... node  #0, CPUs:    #94
[    0.810198] .... node  #1, CPUs:    #95
[    0.815762] .... node  #0, CPUs:    #96
[    0.821392] .... node  #1, CPUs:    #97
[    0.827182] .... node  #0, CPUs:    #98
[    0.832523] .... node  #1, CPUs:    #99
[    0.838206] .... node  #0, CPUs:   #100
[    0.843583] .... node  #1, CPUs:   #101
[    0.849300] .... node  #0, CPUs:   #102
[    0.854645] .... node  #1, CPUs:   #103
[    0.860134] .... node  #0, CPUs:   #104
[    0.865496] .... node  #1, CPUs:   #105
[    0.870973] .... node  #0, CPUs:   #106
[    0.876486] .... node  #1, CPUs:   #107
[    0.882165] .... node  #0, CPUs:   #108
[    0.887649] .... node  #1, CPUs:   #109
[    0.893294] .... node  #0, CPUs:   #110
[    0.898998] .... node  #1, CPUs:   #111
[    0.904844] smp: Brought up 2 nodes, 112 CPUs
[    0.904844] smpboot: Max logical packages: 2
[    0.904844] smpboot: Total of 112 processors activated (448073.66 BogoMIPS)
[    0.908621] devtmpfs: initialized
[    0.908621] x86/mm: Memory block size: 2048MB
[    0.908621] ACPI: PM: Registering ACPI NVS region [mem 0x49e77000-0x4ae76fff] (16777216 bytes)
[    0.909297] ACPI: PM: Registering ACPI NVS region [mem 0x6e3ff000-0x6f3fefff] (16777216 bytes)
[    0.909567] clocksource: jiffies: mask: 0xffffffff max_cycles: 0xffffffff, max_idle_ns: 7645041785100000 ns
[    0.909873] futex hash table entries: 32768 (order: 9, 2097152 bytes, vmalloc)
[    0.910128] pinctrl core: initialized pinctrl subsystem
[    0.910290] PM: RTC time: 07:35:47, date: 2024-06-24
[    0.910510] NET: Registered PF_NETLINK/PF_ROUTE protocol family
[    0.911290] DMA: preallocated 4096 KiB GFP_KERNEL pool for atomic allocations
[    0.911796] DMA: preallocated 4096 KiB GFP_KERNEL|GFP_DMA pool for atomic allocations
[    0.912304] DMA: preallocated 4096 KiB GFP_KERNEL|GFP_DMA32 pool for atomic allocations
[    0.912312] audit: initializing netlink subsys (disabled)
[    0.912319] audit: type=2000 audit(1719214546.744:1): state=initialized audit_enabled=0 res=1
[    0.912319] thermal_sys: Registered thermal governor 'fair_share'
[    0.912319] thermal_sys: Registered thermal governor 'bang_bang'
[    0.912319] thermal_sys: Registered thermal governor 'step_wise'
[    0.912319] thermal_sys: Registered thermal governor 'user_space'
[    0.912319] EISA bus registered
[    0.912319] cpuidle: using governor ladder
[    0.912319] cpuidle: using governor menu
[    0.913226] ACPI FADT declares the system doesn't support PCIe ASPM, so disable it
[    0.913228] ACPI: bus type PCI registered
[    0.913229] acpiphp: ACPI Hot Plug PCI Controller Driver version: 0.5
[    0.913339] PCI: MMCONFIG for domain 0000 [bus 00-ff] at [mem 0x80000000-0x8fffffff] (base 0x80000000)
[    0.913344] PCI: MMCONFIG at [mem 0x80000000-0x8fffffff] reserved in E820
[    0.913350] pmd_set_huge: Cannot satisfy [mem 0x80000000-0x80200000] with a huge-page mapping due to MTRR override.
[    0.913561] PCI: Using configuration type 1 for base access
[    0.913571] PCI: Dell System detected, enabling pci=bfsort.
[    0.915702] ENERGY_PERF_BIAS: Set to 'normal', was 'performance'
[    0.918292] Kprobes globally optimized
[    0.918297] HugeTLB registered 1.00 GiB page size, pre-allocated 0 pages
[    0.918297] HugeTLB registered 2.00 MiB page size, pre-allocated 0 pages
[    0.921335] ACPI: Added _OSI(Module Device)
[    0.921336] ACPI: Added _OSI(Processor Device)
[    0.921337] ACPI: Added _OSI(3.0 _SCP Extensions)
[    0.921338] ACPI: Added _OSI(Processor Aggregator Device)
[    0.921339] ACPI: Added _OSI(Linux-Dell-Video)
[    0.921340] ACPI: Added _OSI(Linux-Lenovo-NV-HDMI-Audio)
[    0.921340] ACPI: Added _OSI(Linux-HPI-Hybrid-Graphics)
[    1.087152] ACPI: 8 ACPI AML tables successfully acquired and loaded
[    1.092693] ACPI: [Firmware Bug]: BIOS _OSI(Linux) query ignored
[    1.097910] ACPI: Dynamic OEM Table Load:
[    1.496194] ACPI: Interpreter enabled
[    1.496215] ACPI: PM: (supports S0 S5)
[    1.496216] ACPI: Using IOAPIC for interrupt routing
[    1.496302] HEST: Table parsing has been initialized.
[    1.496304] PCI: Using host bridge windows from ACPI; if necessary, use "pci=nocrs" and report a bug
[    1.524693] ACPI: Enabled 4 GPEs in block 00 to 7F
[    1.641875] ACPI: PCI Root Bridge [PC00] (domain 0000 [bus 00-15])
[    1.641882] acpi PNP0A08:00: _OSC: OS supports [ExtendedConfig ASPM ClockPM Segments MSI HPX-Type3]
[    1.708041] acpi PNP0A08:00: _OSC: platform does not support [SHPCHotplug AER LTR]
[    1.708259] acpi PNP0A08:00: _OSC: OS now controls [PCIeHotplug PME PCIeCapability]
[    1.708260] acpi PNP0A08:00: FADT indicates ASPM is unsupported, using BIOS configuration
[    1.710047] PCI host bridge to bus 0000:00
[    1.710048] pci_bus 0000:00: root bus resource [io  0x0000-0x0cf7 window]
[    1.710050] pci_bus 0000:00: root bus resource [io  0x1000-0x4fff window]
[    1.710052] pci_bus 0000:00: root bus resource [mem 0x000a0000-0x000bffff window]
[    1.710053] pci_bus 0000:00: root bus resource [mem 0x000c8000-0x000cffff window]
[    1.710055] pci_bus 0000:00: root bus resource [mem 0xfe010000-0xfe010fff window]
[    1.710056] pci_bus 0000:00: root bus resource [mem 0x90000000-0x9b7fffff window]
[    1.710057] pci_bus 0000:00: root bus resource [mem 0x200000000000-0x20ffffffffff window]
[    1.710058] pci_bus 0000:00: root bus resource [bus 00-15]
[    1.711377] pci 0000:00:00.0: [8086:09a2] type 00 class 0x088000
[    1.712131] pci 0000:00:00.1: [8086:09a4] type 00 class 0x088000
[    1.713511] pci 0000:00:00.2: [8086:09a3] type 00 class 0x088000
[    1.714888] pci 0000:00:00.4: [8086:0998] type 00 class 0x060000
[    1.716919] pci 0000:00:02.0: [8086:09a6] type 00 class 0x088000
[    1.716928] pci 0000:00:02.0: reg 0x10: [mem 0x92dfc000-0x92dfdfff]
[    1.718312] pci 0000:00:02.1: [8086:09a7] type 00 class 0x088000
[    1.718321] pci 0000:00:02.1: reg 0x10: [mem 0x92d00000-0x92d7ffff]
[    1.718326] pci 0000:00:02.1: reg 0x14: [mem 0x92c80000-0x92cfffff]
[    1.719705] pci 0000:00:02.4: [8086:3456] type 00 class 0x130000
[    1.719715] pci 0000:00:02.4: reg 0x10: [mem 0x92a00000-0x92afffff 64bit]
[    1.719722] pci 0000:00:02.4: reg 0x18: [mem 0x92df0000-0x92df3fff 64bit]
[    1.719728] pci 0000:00:02.4: reg 0x20: [mem 0x92dc0000-0x92ddffff 64bit]
[    1.721119] pci 0000:00:11.0: [8086:a1ec] type 00 class 0xff0000
[    1.721122] pci 0000:00:11.0: device has non-compliant BARs; disabling IO/MEM decoding
[    1.722519] pci 0000:00:11.5: [8086:a1d2] type 00 class 0x010601
[    1.722532] pci 0000:00:11.5: reg 0x10: [mem 0x92dfa000-0x92dfbfff]
[    1.722540] pci 0000:00:11.5: reg 0x14: [mem 0x92e05000-0x92e050ff]
[    1.722547] pci 0000:00:11.5: reg 0x18: [io  0x2068-0x206f]
[    1.722555] pci 0000:00:11.5: reg 0x1c: [io  0x2074-0x2077]
[    1.722562] pci 0000:00:11.5: reg 0x20: [io  0x2040-0x205f]
[    1.722569] pci 0000:00:11.5: reg 0x24: [mem 0x92b80000-0x92bfffff]
[    1.722607] pci 0000:00:11.5: PME# supported from D3hot
[    1.724120] pci 0000:00:14.0: [8086:a1af] type 00 class 0x0c0330
[    1.724137] pci 0000:00:14.0: reg 0x10: [mem 0x92de0000-0x92deffff 64bit]
[    1.724200] pci 0000:00:14.0: PME# supported from D3hot D3cold
[    1.725734] pci 0000:00:14.2: [8086:a1b1] type 00 class 0x118000
[    1.725751] pci 0000:00:14.2: reg 0x10: [mem 0x92e02000-0x92e02fff 64bit]
[    1.727180] pci 0000:00:16.0: [8086:a1ba] type 00 class 0x078000
[    1.727203] pci 0000:00:16.0: reg 0x10: [mem 0x92e01000-0x92e01fff 64bit]
[    1.727285] pci 0000:00:16.0: PME# supported from D3hot
[    1.728657] pci 0000:00:16.1: [8086:a1bb] type 00 class 0x078000
[    1.728680] pci 0000:00:16.1: reg 0x10: [mem 0x92e00000-0x92e00fff 64bit]
[    1.728764] pci 0000:00:16.1: PME# supported from D3hot
[    1.730139] pci 0000:00:16.4: [8086:a1be] type 00 class 0x078000
[    1.730162] pci 0000:00:16.4: reg 0x10: [mem 0x92dff000-0x92dfffff 64bit]
[    1.730246] pci 0000:00:16.4: PME# supported from D3hot
[    1.731620] pci 0000:00:17.0: [8086:a182] type 00 class 0x010601
[    1.731632] pci 0000:00:17.0: reg 0x10: [mem 0x92df8000-0x92df9fff]
[    1.731640] pci 0000:00:17.0: reg 0x14: [mem 0x92e04000-0x92e040ff]
[    1.731647] pci 0000:00:17.0: reg 0x18: [io  0x2060-0x2067]
[    1.731654] pci 0000:00:17.0: reg 0x1c: [io  0x2070-0x2073]
[    1.731661] pci 0000:00:17.0: reg 0x20: [io  0x2020-0x203f]
[    1.731668] pci 0000:00:17.0: reg 0x24: [mem 0x92b00000-0x92b7ffff]
[    1.731705] pci 0000:00:17.0: PME# supported from D3hot
[    1.733219] pci 0000:00:1c.0: [8086:a190] type 01 class 0x060400
[    1.733293] pci 0000:00:1c.0: PME# supported from D0 D3hot D3cold
[    1.735242] pci 0000:00:1c.4: [8086:a194] type 01 class 0x060400
[    1.735311] pci 0000:00:1c.4: PME# supported from D0 D3hot D3cold
[    1.737226] pci 0000:00:1c.5: [8086:a195] type 01 class 0x060400
[    1.737296] pci 0000:00:1c.5: PME# supported from D0 D3hot D3cold
[    1.739225] pci 0000:00:1f.0: [8086:a1cb] type 00 class 0x060100
[    1.740822] pci 0000:00:1f.2: [8086:a1a1] type 00 class 0x058000
[    1.740837] pci 0000:00:1f.2: reg 0x10: [mem 0x92df4000-0x92df7fff]
[    1.742388] pci 0000:00:1f.4: [8086:a1a3] type 00 class 0x0c0500
[    1.742407] pci 0000:00:1f.4: reg 0x10: [mem 0x92dfe000-0x92dfe0ff 64bit]
[    1.742430] pci 0000:00:1f.4: reg 0x20: [io  0x2000-0x201f]
[    1.743806] pci 0000:00:1f.5: [8086:a1a4] type 00 class 0x0c8000
[    1.743821] pci 0000:00:1f.5: reg 0x10: [mem 0xfe010000-0xfe010fff]
[    1.743945] pci 0000:00:1c.0: PCI bridge to [bus 01]
[    1.743999] pci 0000:02:00.0: [1556:be00] type 01 class 0x060400
[    1.744172] pci 0000:00:1c.4: PCI bridge to [bus 02-03]
[    1.744176] pci 0000:00:1c.4:   bridge window [mem 0x92000000-0x928fffff]
[    1.744181] pci 0000:00:1c.4:   bridge window [mem 0x91000000-0x91ffffff 64bit pref]
[    1.744213] pci_bus 0000:03: extended config space not accessible
[    1.744229] pci 0000:03:00.0: [102b:0536] type 00 class 0x030000
[    1.744249] pci 0000:03:00.0: reg 0x10: [mem 0x91000000-0x91ffffff pref]
[    1.744260] pci 0000:03:00.0: reg 0x14: [mem 0x92808000-0x9280bfff]
[    1.744271] pci 0000:03:00.0: reg 0x18: [mem 0x92000000-0x927fffff]
[    1.744318] pci 0000:03:00.0: BAR 0: assigned to efifb
[    1.744417] pci 0000:02:00.0: PCI bridge to [bus 03]
[    1.744425] pci 0000:02:00.0:   bridge window [mem 0x92000000-0x928fffff]
[    1.744431] pci 0000:02:00.0:   bridge window [mem 0x91000000-0x91ffffff 64bit pref]
[    1.744507] pci 0000:04:00.0: [14e4:165f] type 00 class 0x020000
[    1.744531] pci 0000:04:00.0: reg 0x10: [mem 0x92930000-0x9293ffff 64bit pref]
[    1.744546] pci 0000:04:00.0: reg 0x18: [mem 0x92940000-0x9294ffff 64bit pref]
[    1.744562] pci 0000:04:00.0: reg 0x20: [mem 0x92950000-0x9295ffff 64bit pref]
[    1.744572] pci 0000:04:00.0: reg 0x30: [mem 0xfffc0000-0xffffffff pref]
[    1.744667] pci 0000:04:00.0: PME# supported from D0 D3hot D3cold
[    1.744720] pci 0000:04:00.0: 4.000 Gb/s available PCIe bandwidth, limited by 5.0 GT/s PCIe x1 link at 0000:00:1c.5 (capable of 8.000 Gb/s with 5.0 GT/s PCIe x2 link)
[    1.745266] pci 0000:04:00.1: [14e4:165f] type 00 class 0x020000
[    1.745290] pci 0000:04:00.1: reg 0x10: [mem 0x92900000-0x9290ffff 64bit pref]
[    1.745305] pci 0000:04:00.1: reg 0x18: [mem 0x92910000-0x9291ffff 64bit pref]
[    1.745321] pci 0000:04:00.1: reg 0x20: [mem 0x92920000-0x9292ffff 64bit pref]
[    1.745331] pci 0000:04:00.1: reg 0x30: [mem 0xfffc0000-0xffffffff pref]
[    1.745426] pci 0000:04:00.1: PME# supported from D0 D3hot D3cold
[    1.745978] pci 0000:00:1c.5: PCI bridge to [bus 04]
[    1.745985] pci 0000:00:1c.5:   bridge window [mem 0x92900000-0x929fffff 64bit pref]
[    1.745999] pci_bus 0000:00: on NUMA node 0
[    1.746563] ACPI: PCI Root Bridge [PC01] (domain 0000 [bus 16-2f])
[    1.746567] acpi PNP0A08:01: _OSC: OS supports [ExtendedConfig ASPM ClockPM Segments MSI HPX-Type3]
[    1.760803] acpi PNP0A08:01: _OSC: platform does not support [SHPCHotplug AER]
[    1.761030] acpi PNP0A08:01: _OSC: OS now controls [PCIeHotplug PME PCIeCapability LTR]
[    1.761032] acpi PNP0A08:01: FADT indicates ASPM is unsupported, using BIOS configuration
[    1.761181] PCI host bridge to bus 0000:16
[    1.761183] pci_bus 0000:16: root bus resource [io  0x5000-0x6fff window]
[    1.761184] pci_bus 0000:16: root bus resource [mem 0x9b800000-0xa63fffff window]
[    1.761186] pci_bus 0000:16: root bus resource [mem 0x210000000000-0x21ffffffffff window]
[    1.761187] pci_bus 0000:16: root bus resource [bus 16-2f]
[    1.761203] pci 0000:16:00.0: [8086:09a2] type 00 class 0x088000
[    1.761283] pci 0000:16:00.1: [8086:09a4] type 00 class 0x088000
[    1.761354] pci 0000:16:00.2: [8086:09a3] type 00 class 0x088000
[    1.761424] pci 0000:16:00.4: [8086:0998] type 00 class 0x060000
[    1.761501] pci 0000:16:02.0: [8086:347a] type 01 class 0x060400
[    1.761510] pci 0000:16:02.0: reg 0x10: [mem 0x21fffff00000-0x21fffff1ffff 64bit]
[    1.761548] pci 0000:16:02.0: PME# supported from D0 D3hot D3cold
[    1.762452] pci 0000:17:00.0: [1000:10e2] type 00 class 0x010400
[    1.762465] pci 0000:17:00.0: reg 0x10: [mem 0x9b800000-0x9b8fffff 64bit pref]
[    1.762473] pci 0000:17:00.0: reg 0x18: [mem 0x9b900000-0x9b9fffff 64bit pref]
[    1.762479] pci 0000:17:00.0: reg 0x20: [mem 0x9ba00000-0x9bafffff]
[    1.762485] pci 0000:17:00.0: reg 0x24: [io  0x5000-0x50ff]
[    1.762490] pci 0000:17:00.0: reg 0x30: [mem 0xfff00000-0xffffffff pref]
[    1.763546] pci 0000:17:00.0: supports D1 D2
[    1.763611] pci 0000:16:02.0: PCI bridge to [bus 17]
[    1.763614] pci 0000:16:02.0:   bridge window [io  0x5000-0x5fff]
[    1.763616] pci 0000:16:02.0:   bridge window [mem 0x9ba00000-0x9bafffff]
[    1.763618] pci 0000:16:02.0:   bridge window [mem 0x9b800000-0x9b9fffff 64bit pref]
[    1.763624] pci_bus 0000:16: on NUMA node 0
[    1.763700] ACPI: PCI Root Bridge [PC02] (domain 0000 [bus 30-49])
[    1.763704] acpi PNP0A08:02: _OSC: OS supports [ExtendedConfig ASPM ClockPM Segments MSI HPX-Type3]
[    1.777393] acpi PNP0A08:02: _OSC: platform does not support [SHPCHotplug AER]
[    1.777596] acpi PNP0A08:02: _OSC: OS now controls [PCIeHotplug PME PCIeCapability LTR]
[    1.777597] acpi PNP0A08:02: FADT indicates ASPM is unsupported, using BIOS configuration
[    1.777711] PCI host bridge to bus 0000:30
[    1.777713] pci_bus 0000:30: root bus resource [io  0x7000-0x8fff window]
[    1.777714] pci_bus 0000:30: root bus resource [mem 0xa6400000-0xb0ffffff window]
[    1.777715] pci_bus 0000:30: root bus resource [mem 0x220000000000-0x22ffffffffff window]
[    1.777717] pci_bus 0000:30: root bus resource [bus 30-49]
[    1.777731] pci 0000:30:00.0: [8086:09a2] type 00 class 0x088000
[    1.777804] pci 0000:30:00.1: [8086:09a4] type 00 class 0x088000
[    1.777879] pci 0000:30:00.2: [8086:09a3] type 00 class 0x088000
[    1.777949] pci 0000:30:00.4: [8086:0998] type 00 class 0x060000
[    1.778019] pci_bus 0000:30: on NUMA node 0
[    1.778117] ACPI: PCI Root Bridge [PC04] (domain 0000 [bus 4a-63])
[    1.778120] acpi PNP0A08:04: _OSC: OS supports [ExtendedConfig ASPM ClockPM Segments MSI HPX-Type3]
[    1.791799] acpi PNP0A08:04: _OSC: platform does not support [SHPCHotplug AER]
[    1.792001] acpi PNP0A08:04: _OSC: OS now controls [PCIeHotplug PME PCIeCapability LTR]
[    1.792002] acpi PNP0A08:04: FADT indicates ASPM is unsupported, using BIOS configuration
[    1.792115] PCI host bridge to bus 0000:4a
[    1.792117] pci_bus 0000:4a: root bus resource [io  0x9000-0x9fff window]
[    1.792118] pci_bus 0000:4a: root bus resource [mem 0xb1000000-0xbbbfffff window]
[    1.792119] pci_bus 0000:4a: root bus resource [mem 0x230000000000-0x23ffffffffff window]
[    1.792121] pci_bus 0000:4a: root bus resource [bus 4a-63]
[    1.792134] pci 0000:4a:00.0: [8086:09a2] type 00 class 0x088000
[    1.792204] pci 0000:4a:00.1: [8086:09a4] type 00 class 0x088000
[    1.792273] pci 0000:4a:00.2: [8086:09a3] type 00 class 0x088000
[    1.792342] pci 0000:4a:00.4: [8086:0998] type 00 class 0x060000
[    1.792411] pci_bus 0000:4a: on NUMA node 0
[    1.792482] ACPI: PCI Root Bridge [PC05] (domain 0000 [bus 64-7d])
[    1.792484] acpi PNP0A08:05: _OSC: OS supports [ExtendedConfig ASPM ClockPM Segments MSI HPX-Type3]
[    1.806159] acpi PNP0A08:05: _OSC: platform does not support [SHPCHotplug AER]
[    1.806359] acpi PNP0A08:05: _OSC: OS now controls [PCIeHotplug PME PCIeCapability LTR]
[    1.806361] acpi PNP0A08:05: FADT indicates ASPM is unsupported, using BIOS configuration
[    1.806472] PCI host bridge to bus 0000:64
[    1.806473] pci_bus 0000:64: root bus resource [io  0xa000-0xafff window]
[    1.806474] pci_bus 0000:64: root bus resource [mem 0xbbc00000-0xc5ffffff window]
[    1.806475] pci_bus 0000:64: root bus resource [mem 0x240000000000-0x24ffffffffff window]
[    1.806476] pci_bus 0000:64: root bus resource [bus 64-7d]
[    1.806490] pci 0000:64:00.0: [8086:09a2] type 00 class 0x088000
[    1.806561] pci 0000:64:00.1: [8086:09a4] type 00 class 0x088000
[    1.806636] pci 0000:64:00.2: [8086:09a3] type 00 class 0x088000
[    1.806706] pci 0000:64:00.4: [8086:0998] type 00 class 0x060000
[    1.806777] pci_bus 0000:64: on NUMA node 0
[    1.806842] ACPI: PCI Root Bridge [UC06] (domain 0000 [bus 7e])
[    1.806844] acpi PNP0A03:00: _OSC: OS supports [ExtendedConfig ASPM ClockPM Segments MSI HPX-Type3]
[    1.807011] acpi PNP0A03:00: _OSC: platform does not support [SHPCHotplug AER LTR]
[    1.807181] acpi PNP0A03:00: _OSC: OS now controls [PCIeHotplug PME PCIeCapability]
[    1.807182] acpi PNP0A03:00: FADT indicates ASPM is unsupported, using BIOS configuration
[    1.807306] PCI host bridge to bus 0000:7e
[    1.807307] pci_bus 0000:7e: root bus resource [bus 7e]
[    1.807341] pci 0000:7e:00.0: [8086:3450] type 00 class 0x088000
[    1.807423] pci 0000:7e:00.1: [8086:3451] type 00 class 0x088000
[    1.807513] pci 0000:7e:00.2: [8086:3452] type 00 class 0x088000
[    1.807592] pci 0000:7e:00.3: [8086:0998] type 00 class 0x060000
[    1.807671] pci 0000:7e:00.5: [8086:3455] type 00 class 0x088000
[    1.807770] pci 0000:7e:02.0: [8086:3440] type 00 class 0x088000
[    1.807911] pci 0000:7e:02.1: [8086:3441] type 00 class 0x088000
[    1.808042] pci 0000:7e:02.2: [8086:3442] type 00 class 0x088000
[    1.808184] pci 0000:7e:03.0: [8086:3440] type 00 class 0x088000
[    1.808286] pci 0000:7e:03.1: [8086:3441] type 00 class 0x088000
[    1.808383] pci 0000:7e:03.2: [8086:3442] type 00 class 0x088000
[    1.808488] pci 0000:7e:04.0: [8086:3440] type 00 class 0x088000
[    1.808630] pci 0000:7e:04.1: [8086:3441] type 00 class 0x088000
[    1.808770] pci 0000:7e:04.2: [8086:3442] type 00 class 0x088000
[    1.808912] pci 0000:7e:04.3: [8086:3443] type 00 class 0x088000
[    1.809068] pci 0000:7e:05.0: [8086:3445] type 00 class 0x088000
[    1.809205] pci 0000:7e:05.1: [8086:3446] type 00 class 0x088000
[    1.809341] pci 0000:7e:05.2: [8086:3447] type 00 class 0x088000
[    1.809486] pci 0000:7e:06.0: [8086:3445] type 00 class 0x088000
[    1.809588] pci 0000:7e:06.1: [8086:3446] type 00 class 0x088000
[    1.809688] pci 0000:7e:06.2: [8086:3447] type 00 class 0x088000
[    1.809811] pci 0000:7e:07.0: [8086:3445] type 00 class 0x088000
[    1.809960] pci 0000:7e:07.1: [8086:3446] type 00 class 0x088000
[    1.810104] pci 0000:7e:07.2: [8086:3447] type 00 class 0x088000
[    1.810256] pci 0000:7e:0b.0: [8086:3448] type 00 class 0x088000
[    1.810344] pci 0000:7e:0b.1: [8086:3448] type 00 class 0x088000
[    1.810431] pci 0000:7e:0b.2: [8086:344b] type 00 class 0x088000
[    1.810535] pci 0000:7e:0c.0: [8086:344a] type 00 class 0x110100
[    1.810661] pci 0000:7e:0d.0: [8086:344a] type 00 class 0x110100
[    1.810769] pci 0000:7e:0e.0: [8086:344a] type 00 class 0x110100
[    1.810941] pci 0000:7e:0f.0: [8086:344a] type 00 class 0x110100
[    1.811131] pci 0000:7e:1a.0: [8086:2880] type 00 class 0x110100
[    1.811254] pci 0000:7e:1b.0: [8086:2880] type 00 class 0x110100
[    1.811362] pci 0000:7e:1c.0: [8086:2880] type 00 class 0x110100
[    1.811535] pci 0000:7e:1d.0: [8086:2880] type 00 class 0x110100
[    1.811693] pci_bus 0000:7e: on NUMA node 0
[    1.811768] ACPI: PCI Root Bridge [UC07] (domain 0000 [bus 7f])
[    1.811771] acpi PNP0A03:01: _OSC: OS supports [ExtendedConfig ASPM ClockPM Segments MSI HPX-Type3]
[    1.811937] acpi PNP0A03:01: _OSC: platform does not support [SHPCHotplug AER LTR]
[    1.812108] acpi PNP0A03:01: _OSC: OS now controls [PCIeHotplug PME PCIeCapability]
[    1.812109] acpi PNP0A03:01: FADT indicates ASPM is unsupported, using BIOS configuration
[    1.812244] PCI host bridge to bus 0000:7f
[    1.812245] pci_bus 0000:7f: root bus resource [bus 7f]
[    1.812286] pci 0000:7f:00.0: [8086:344c] type 00 class 0x088000
[    1.812419] pci 0000:7f:00.1: [8086:344c] type 00 class 0x088000
[    1.812555] pci 0000:7f:00.2: [8086:344c] type 00 class 0x088000
[    1.812701] pci 0000:7f:00.3: [8086:344c] type 00 class 0x088000
[    1.812816] pci 0000:7f:00.4: [8086:344c] type 00 class 0x088000
[    1.812962] pci 0000:7f:00.5: [8086:344c] type 00 class 0x088000
[    1.813105] pci 0000:7f:00.6: [8086:344c] type 00 class 0x088000
[    1.813208] pci 0000:7f:00.7: [8086:344c] type 00 class 0x088000
[    1.813330] pci 0000:7f:01.0: [8086:344c] type 00 class 0x088000
[    1.813483] pci 0000:7f:01.1: [8086:344c] type 00 class 0x088000
[    1.813630] pci 0000:7f:01.2: [8086:344c] type 00 class 0x088000
[    1.813741] pci 0000:7f:01.3: [8086:344c] type 00 class 0x088000
[    1.813897] pci 0000:7f:01.4: [8086:344c] type 00 class 0x088000
[    1.814056] pci 0000:7f:01.5: [8086:344c] type 00 class 0x088000
[    1.814216] pci 0000:7f:01.6: [8086:344c] type 00 class 0x088000
[    1.814363] pci 0000:7f:01.7: [8086:344c] type 00 class 0x088000
[    1.814531] pci 0000:7f:02.0: [8086:344c] type 00 class 0x088000
[    1.814686] pci 0000:7f:02.1: [8086:344c] type 00 class 0x088000
[    1.814842] pci 0000:7f:02.2: [8086:344c] type 00 class 0x088000
[    1.815005] pci 0000:7f:02.3: [8086:344c] type 00 class 0x088000
[    1.815170] pci 0000:7f:02.4: [8086:344c] type 00 class 0x088000
[    1.815332] pci 0000:7f:02.5: [8086:344c] type 00 class 0x088000
[    1.815494] pci 0000:7f:02.6: [8086:344c] type 00 class 0x088000
[    1.815667] pci 0000:7f:02.7: [8086:344c] type 00 class 0x088000
[    1.815853] pci 0000:7f:03.0: [8086:344c] type 00 class 0x088000
[    1.816023] pci 0000:7f:03.1: [8086:344c] type 00 class 0x088000
[    1.816200] pci 0000:7f:03.2: [8086:344c] type 00 class 0x088000
[    1.816381] pci 0000:7f:03.3: [8086:344c] type 00 class 0x088000
[    1.816579] pci 0000:7f:0a.0: [8086:344d] type 00 class 0x088000
[    1.816704] pci 0000:7f:0a.1: [8086:344d] type 00 class 0x088000
[    1.816839] pci 0000:7f:0a.2: [8086:344d] type 00 class 0x088000
[    1.816976] pci 0000:7f:0a.3: [8086:344d] type 00 class 0x088000
[    1.817092] pci 0000:7f:0a.4: [8086:344d] type 00 class 0x088000
[    1.817238] pci 0000:7f:0a.5: [8086:344d] type 00 class 0x088000
[    1.817379] pci 0000:7f:0a.6: [8086:344d] type 00 class 0x088000
[    1.817486] pci 0000:7f:0a.7: [8086:344d] type 00 class 0x088000
[    1.817608] pci 0000:7f:0b.0: [8086:344d] type 00 class 0x088000
[    1.817765] pci 0000:7f:0b.1: [8086:344d] type 00 class 0x088000
[    1.817912] pci 0000:7f:0b.2: [8086:344d] type 00 class 0x088000
[    1.818016] pci 0000:7f:0b.3: [8086:344d] type 00 class 0x088000
[    1.818174] pci 0000:7f:0b.4: [8086:344d] type 00 class 0x088000
[    1.818332] pci 0000:7f:0b.5: [8086:344d] type 00 class 0x088000
[    1.818494] pci 0000:7f:0b.6: [8086:344d] type 00 class 0x088000
[    1.818645] pci 0000:7f:0b.7: [8086:344d] type 00 class 0x088000
[    1.818813] pci 0000:7f:0c.0: [8086:344d] type 00 class 0x088000
[    1.818969] pci 0000:7f:0c.1: [8086:344d] type 00 class 0x088000
[    1.819126] pci 0000:7f:0c.2: [8086:344d] type 00 class 0x088000
[    1.819283] pci 0000:7f:0c.3: [8086:344d] type 00 class 0x088000
[    1.819451] pci 0000:7f:0c.4: [8086:344d] type 00 class 0x088000
[    1.819614] pci 0000:7f:0c.5: [8086:344d] type 00 class 0x088000
[    1.819778] pci 0000:7f:0c.6: [8086:344d] type 00 class 0x088000
[    1.819956] pci 0000:7f:0c.7: [8086:344d] type 00 class 0x088000
[    1.820141] pci 0000:7f:0d.0: [8086:344d] type 00 class 0x088000
[    1.820311] pci 0000:7f:0d.1: [8086:344d] type 00 class 0x088000
[    1.820488] pci 0000:7f:0d.2: [8086:344d] type 00 class 0x088000
[    1.820664] pci 0000:7f:0d.3: [8086:344d] type 00 class 0x088000
[    1.820870] pci 0000:7f:1d.0: [8086:344f] type 00 class 0x088000
[    1.821003] pci 0000:7f:1d.1: [8086:3457] type 00 class 0x088000
[    1.821148] pci 0000:7f:1e.0: [8086:3458] type 00 class 0x088000
[    1.821242] pci 0000:7f:1e.1: [8086:3459] type 00 class 0x088000
[    1.821330] pci 0000:7f:1e.2: [8086:345a] type 00 class 0x088000
[    1.821419] pci 0000:7f:1e.3: [8086:345b] type 00 class 0x088000
[    1.821507] pci 0000:7f:1e.4: [8086:345c] type 00 class 0x088000
[    1.821594] pci 0000:7f:1e.5: [8086:345d] type 00 class 0x088000
[    1.821681] pci 0000:7f:1e.6: [8086:345e] type 00 class 0x088000
[    1.821769] pci 0000:7f:1e.7: [8086:345f] type 00 class 0x088000
[    1.821843] pci_bus 0000:7f: on NUMA node 0
[    1.821940] ACPI: PCI Root Bridge [PC06] (domain 0000 [bus 80])
[    1.821942] acpi PNP0A08:06: _OSC: OS supports [ExtendedConfig ASPM ClockPM Segments MSI HPX-Type3]
[    1.835628] acpi PNP0A08:06: _OSC: platform does not support [SHPCHotplug AER]
[    1.835829] acpi PNP0A08:06: _OSC: OS now controls [PCIeHotplug PME PCIeCapability LTR]
[    1.835830] acpi PNP0A08:06: FADT indicates ASPM is unsupported, using BIOS configuration
[    1.835970] PCI host bridge to bus 0000:80
[    1.835971] pci_bus 0000:80: root bus resource [io  0xb000-0xbfff window]
[    1.835972] pci_bus 0000:80: root bus resource [mem 0xc6800000-0xd0ffffff window]
[    1.835973] pci_bus 0000:80: root bus resource [mem 0x250000000000-0x25ffffffffff window]
[    1.835975] pci_bus 0000:80: root bus resource [bus 80]
[    1.836007] pci 0000:80:00.0: [8086:09a2] type 00 class 0x088000
[    1.836100] pci 0000:80:00.1: [8086:09a4] type 00 class 0x088000
[    1.836189] pci 0000:80:00.2: [8086:09a3] type 00 class 0x088000
[    1.836279] pci 0000:80:00.4: [8086:0998] type 00 class 0x060000
[    1.836368] pci 0000:80:02.0: [8086:09a6] type 00 class 0x088000
[    1.836376] pci 0000:80:02.0: reg 0x10: [mem 0xc6aa4000-0xc6aa5fff]
[    1.836454] pci 0000:80:02.1: [8086:09a7] type 00 class 0x088000
[    1.836463] pci 0000:80:02.1: reg 0x10: [mem 0xc6a00000-0xc6a7ffff]
[    1.836468] pci 0000:80:02.1: reg 0x14: [mem 0xc6980000-0xc69fffff]
[    1.836555] pci 0000:80:02.4: [8086:3456] type 00 class 0x130000
[    1.836565] pci 0000:80:02.4: reg 0x10: [mem 0xc6800000-0xc68fffff 64bit]
[    1.836572] pci 0000:80:02.4: reg 0x18: [mem 0xc6aa0000-0xc6aa3fff 64bit]
[    1.836579] pci 0000:80:02.4: reg 0x20: [mem 0xc6a80000-0xc6a9ffff 64bit]
[    1.836642] pci_bus 0000:80: on NUMA node 1
[    1.836717] ACPI: PCI Root Bridge [PC07] (domain 0000 [bus 81])
[    1.836720] acpi PNP0A08:07: _OSC: OS supports [ExtendedConfig ASPM ClockPM Segments MSI HPX-Type3]
[    1.850406] acpi PNP0A08:07: _OSC: platform does not support [SHPCHotplug AER]
[    1.850608] acpi PNP0A08:07: _OSC: OS now controls [PCIeHotplug PME PCIeCapability LTR]
[    1.850610] acpi PNP0A08:07: FADT indicates ASPM is unsupported, using BIOS configuration
[    1.850721] PCI host bridge to bus 0000:81
[    1.850722] pci_bus 0000:81: root bus resource [io  0xc000-0xcfff window]
[    1.850723] pci_bus 0000:81: root bus resource [mem 0xd1000000-0xdbbfffff window]
[    1.850725] pci_bus 0000:81: root bus resource [mem 0x260000000000-0x26ffffffffff window]
[    1.850726] pci_bus 0000:81: root bus resource [bus 81]
[    1.850740] pci 0000:81:00.0: [8086:09a2] type 00 class 0x088000
[    1.850815] pci 0000:81:00.1: [8086:09a4] type 00 class 0x088000
[    1.850894] pci 0000:81:00.2: [8086:09a3] type 00 class 0x088000
[    1.850969] pci 0000:81:00.4: [8086:0998] type 00 class 0x060000
[    1.851055] pci_bus 0000:81: on NUMA node 1
[    1.851125] ACPI: PCI Root Bridge [PC08] (domain 0000 [bus 82])
[    1.851127] acpi PNP0A08:08: _OSC: OS supports [ExtendedConfig ASPM ClockPM Segments MSI HPX-Type3]
[    1.864893] acpi PNP0A08:08: _OSC: platform does not support [SHPCHotplug AER]
[    1.865098] acpi PNP0A08:08: _OSC: OS now controls [PCIeHotplug PME PCIeCapability LTR]
[    1.865099] acpi PNP0A08:08: FADT indicates ASPM is unsupported, using BIOS configuration
[    1.865211] PCI host bridge to bus 0000:82
[    1.865212] pci_bus 0000:82: root bus resource [io  0xd000-0xdfff window]
[    1.865213] pci_bus 0000:82: root bus resource [mem 0xdbc00000-0xe67fffff window]
[    1.865214] pci_bus 0000:82: root bus resource [mem 0x270000000000-0x27ffffffffff window]
[    1.865216] pci_bus 0000:82: root bus resource [bus 82]
[    1.865230] pci 0000:82:00.0: [8086:09a2] type 00 class 0x088000
[    1.865306] pci 0000:82:00.1: [8086:09a4] type 00 class 0x088000
[    1.865380] pci 0000:82:00.2: [8086:09a3] type 00 class 0x088000
[    1.865456] pci 0000:82:00.4: [8086:0998] type 00 class 0x060000
[    1.865535] pci_bus 0000:82: on NUMA node 1
[    1.865632] ACPI: PCI Root Bridge [PC10] (domain 0000 [bus 83-f9])
[    1.865635] acpi PNP0A08:0a: _OSC: OS supports [ExtendedConfig ASPM ClockPM Segments MSI HPX-Type3]
[    1.879337] acpi PNP0A08:0a: _OSC: platform does not support [SHPCHotplug AER]
[    1.879538] acpi PNP0A08:0a: _OSC: OS now controls [PCIeHotplug PME PCIeCapability LTR]
[    1.879539] acpi PNP0A08:0a: FADT indicates ASPM is unsupported, using BIOS configuration
[    1.879659] PCI host bridge to bus 0000:83
[    1.879660] pci_bus 0000:83: root bus resource [io  0xe000-0xefff window]
[    1.879662] pci_bus 0000:83: root bus resource [mem 0xe6800000-0xf13fffff window]
[    1.879663] pci_bus 0000:83: root bus resource [mem 0x280000000000-0x28ffffffffff window]
[    1.879664] pci_bus 0000:83: root bus resource [bus 83-f9]
[    1.879679] pci 0000:83:00.0: [8086:09a2] type 00 class 0x088000
[    1.879757] pci 0000:83:00.1: [8086:09a4] type 00 class 0x088000
[    1.879836] pci 0000:83:00.2: [8086:09a3] type 00 class 0x088000
[    1.879914] pci 0000:83:00.4: [8086:0998] type 00 class 0x060000
[    1.879995] pci_bus 0000:83: on NUMA node 1
[    1.880065] ACPI: PCI Root Bridge [PC11] (domain 0000 [bus fa])
[    1.880067] acpi PNP0A08:0b: _OSC: OS supports [ExtendedConfig ASPM ClockPM Segments MSI HPX-Type3]
[    1.893761] acpi PNP0A08:0b: _OSC: platform does not support [SHPCHotplug AER]
[    1.893962] acpi PNP0A08:0b: _OSC: OS now controls [PCIeHotplug PME PCIeCapability LTR]
[    1.893963] acpi PNP0A08:0b: FADT indicates ASPM is unsupported, using BIOS configuration
[    1.894074] PCI host bridge to bus 0000:fa
[    1.894075] pci_bus 0000:fa: root bus resource [io  0xf000-0xffff window]
[    1.894076] pci_bus 0000:fa: root bus resource [mem 0xf1400000-0xfb7fffff window]
[    1.894078] pci_bus 0000:fa: root bus resource [mem 0x290000000000-0x29ffffffffff window]
[    1.894079] pci_bus 0000:fa: root bus resource [bus fa]
[    1.894093] pci 0000:fa:00.0: [8086:09a2] type 00 class 0x088000
[    1.894169] pci 0000:fa:00.1: [8086:09a4] type 00 class 0x088000
[    1.894246] pci 0000:fa:00.2: [8086:09a3] type 00 class 0x088000
[    1.894321] pci 0000:fa:00.4: [8086:0998] type 00 class 0x060000
[    1.894402] pci_bus 0000:fa: on NUMA node 1
[    1.894466] ACPI: PCI Root Bridge [UC16] (domain 0000 [bus fe])
[    1.894468] acpi PNP0A03:02: _OSC: OS supports [ExtendedConfig ASPM ClockPM Segments MSI HPX-Type3]
[    1.894633] acpi PNP0A03:02: _OSC: platform does not support [SHPCHotplug AER LTR]
[    1.894803] acpi PNP0A03:02: _OSC: OS now controls [PCIeHotplug PME PCIeCapability]
[    1.894804] acpi PNP0A03:02: FADT indicates ASPM is unsupported, using BIOS configuration
[    1.894926] PCI host bridge to bus 0000:fe
[    1.894927] pci_bus 0000:fe: root bus resource [bus fe]
[    1.894959] pci 0000:fe:00.0: [8086:3450] type 00 class 0x088000
[    1.895043] pci 0000:fe:00.1: [8086:3451] type 00 class 0x088000
[    1.895129] pci 0000:fe:00.2: [8086:3452] type 00 class 0x088000
[    1.895210] pci 0000:fe:00.3: [8086:0998] type 00 class 0x060000
[    1.895292] pci 0000:fe:00.5: [8086:3455] type 00 class 0x088000
[    1.895393] pci 0000:fe:02.0: [8086:3440] type 00 class 0x088000
[    1.895534] pci 0000:fe:02.1: [8086:3441] type 00 class 0x088000
[    1.895670] pci 0000:fe:02.2: [8086:3442] type 00 class 0x088000
[    1.895814] pci 0000:fe:03.0: [8086:3440] type 00 class 0x088000
[    1.895921] pci 0000:fe:03.1: [8086:3441] type 00 class 0x088000
[    1.896025] pci 0000:fe:03.2: [8086:3442] type 00 class 0x088000
[    1.896135] pci 0000:fe:04.0: [8086:3440] type 00 class 0x088000
[    1.896280] pci 0000:fe:04.1: [8086:3441] type 00 class 0x088000
[    1.896421] pci 0000:fe:04.2: [8086:3442] type 00 class 0x088000
[    1.896563] pci 0000:fe:04.3: [8086:3443] type 00 class 0x088000
[    1.896720] pci 0000:fe:05.0: [8086:3445] type 00 class 0x088000
[    1.896864] pci 0000:fe:05.1: [8086:3446] type 00 class 0x088000
[    1.897004] pci 0000:fe:05.2: [8086:3447] type 00 class 0x088000
[    1.897157] pci 0000:fe:06.0: [8086:3445] type 00 class 0x088000
[    1.897263] pci 0000:fe:06.1: [8086:3446] type 00 class 0x088000
[    1.897366] pci 0000:fe:06.2: [8086:3447] type 00 class 0x088000
[    1.897490] pci 0000:fe:07.0: [8086:3445] type 00 class 0x088000
[    1.897638] pci 0000:fe:07.1: [8086:3446] type 00 class 0x088000
[    1.897783] pci 0000:fe:07.2: [8086:3447] type 00 class 0x088000
[    1.897936] pci 0000:fe:0b.0: [8086:3448] type 00 class 0x088000
[    1.898025] pci 0000:fe:0b.1: [8086:3448] type 00 class 0x088000
[    1.898117] pci 0000:fe:0b.2: [8086:344b] type 00 class 0x088000
[    1.898222] pci 0000:fe:0c.0: [8086:344a] type 00 class 0x110100
[    1.898350] pci 0000:fe:0d.0: [8086:344a] type 00 class 0x110100
[    1.898463] pci 0000:fe:0e.0: [8086:344a] type 00 class 0x110100
[    1.898635] pci 0000:fe:0f.0: [8086:344a] type 00 class 0x110100
[    1.898830] pci 0000:fe:1a.0: [8086:2880] type 00 class 0x110100
[    1.898955] pci 0000:fe:1b.0: [8086:2880] type 00 class 0x110100
[    1.899067] pci 0000:fe:1c.0: [8086:2880] type 00 class 0x110100
[    1.899249] pci 0000:fe:1d.0: [8086:2880] type 00 class 0x110100
[    1.899410] pci_bus 0000:fe: on NUMA node 1
[    1.899487] ACPI: PCI Root Bridge [UC17] (domain 0000 [bus ff])
[    1.899490] acpi PNP0A03:03: _OSC: OS supports [ExtendedConfig ASPM ClockPM Segments MSI HPX-Type3]
[    1.899656] acpi PNP0A03:03: _OSC: platform does not support [SHPCHotplug AER LTR]
[    1.899826] acpi PNP0A03:03: _OSC: OS now controls [PCIeHotplug PME PCIeCapability]
[    1.899827] acpi PNP0A03:03: FADT indicates ASPM is unsupported, using BIOS configuration
[    1.899961] PCI host bridge to bus 0000:ff
[    1.899962] pci_bus 0000:ff: root bus resource [bus ff]
[    1.900004] pci 0000:ff:00.0: [8086:344c] type 00 class 0x088000
[    1.900140] pci 0000:ff:00.1: [8086:344c] type 00 class 0x088000
[    1.900278] pci 0000:ff:00.2: [8086:344c] type 00 class 0x088000
[    1.900404] pci 0000:ff:00.3: [8086:344c] type 00 class 0x088000
[    1.900550] pci 0000:ff:00.4: [8086:344c] type 00 class 0x088000
[    1.900692] pci 0000:ff:00.5: [8086:344c] type 00 class 0x088000
[    1.900812] pci 0000:ff:00.6: [8086:344c] type 00 class 0x088000
[    1.900967] pci 0000:ff:00.7: [8086:344c] type 00 class 0x088000
[    1.901135] pci 0000:ff:01.0: [8086:344c] type 00 class 0x088000
[    1.901294] pci 0000:ff:01.1: [8086:344c] type 00 class 0x088000
[    1.901445] pci 0000:ff:01.2: [8086:344c] type 00 class 0x088000
[    1.901555] pci 0000:ff:01.3: [8086:344c] type 00 class 0x088000
[    1.901717] pci 0000:ff:01.4: [8086:344c] type 00 class 0x088000
[    1.901879] pci 0000:ff:01.5: [8086:344c] type 00 class 0x088000
[    1.902046] pci 0000:ff:01.6: [8086:344c] type 00 class 0x088000
[    1.902201] pci 0000:ff:01.7: [8086:344c] type 00 class 0x088000
[    1.902373] pci 0000:ff:02.0: [8086:344c] type 00 class 0x088000
[    1.902534] pci 0000:ff:02.1: [8086:344c] type 00 class 0x088000
[    1.902692] pci 0000:ff:02.2: [8086:344c] type 00 class 0x088000
[    1.902855] pci 0000:ff:02.3: [8086:344c] type 00 class 0x088000
[    1.903017] pci 0000:ff:02.4: [8086:344c] type 00 class 0x088000
[    1.903180] pci 0000:ff:02.5: [8086:344c] type 00 class 0x088000
[    1.903349] pci 0000:ff:02.6: [8086:344c] type 00 class 0x088000
[    1.903528] pci 0000:ff:02.7: [8086:344c] type 00 class 0x088000
[    1.903719] pci 0000:ff:03.0: [8086:344c] type 00 class 0x088000
[    1.903897] pci 0000:ff:03.1: [8086:344c] type 00 class 0x088000
[    1.904071] pci 0000:ff:03.2: [8086:344c] type 00 class 0x088000
[    1.904254] pci 0000:ff:03.3: [8086:344c] type 00 class 0x088000
[    1.904459] pci 0000:ff:0a.0: [8086:344d] type 00 class 0x088000
[    1.904587] pci 0000:ff:0a.1: [8086:344d] type 00 class 0x088000
[    1.904725] pci 0000:ff:0a.2: [8086:344d] type 00 class 0x088000
[    1.904855] pci 0000:ff:0a.3: [8086:344d] type 00 class 0x088000
[    1.905002] pci 0000:ff:0a.4: [8086:344d] type 00 class 0x088000
[    1.905145] pci 0000:ff:0a.5: [8086:344d] type 00 class 0x088000
[    1.905266] pci 0000:ff:0a.6: [8086:344d] type 00 class 0x088000
[    1.905418] pci 0000:ff:0a.7: [8086:344d] type 00 class 0x088000
[    1.905584] pci 0000:ff:0b.0: [8086:344d] type 00 class 0x088000
[    1.905742] pci 0000:ff:0b.1: [8086:344d] type 00 class 0x088000
[    1.905892] pci 0000:ff:0b.2: [8086:344d] type 00 class 0x088000
[    1.906006] pci 0000:ff:0b.3: [8086:344d] type 00 class 0x088000
[    1.906168] pci 0000:ff:0b.4: [8086:344d] type 00 class 0x088000
[    1.906330] pci 0000:ff:0b.5: [8086:344d] type 00 class 0x088000
[    1.906499] pci 0000:ff:0b.6: [8086:344d] type 00 class 0x088000
[    1.906651] pci 0000:ff:0b.7: [8086:344d] type 00 class 0x088000
[    1.906823] pci 0000:ff:0c.0: [8086:344d] type 00 class 0x088000
[    1.906982] pci 0000:ff:0c.1: [8086:344d] type 00 class 0x088000
[    1.907140] pci 0000:ff:0c.2: [8086:344d] type 00 class 0x088000
[    1.907310] pci 0000:ff:0c.3: [8086:344d] type 00 class 0x088000
[    1.907472] pci 0000:ff:0c.4: [8086:344d] type 00 class 0x088000
[    1.907636] pci 0000:ff:0c.5: [8086:344d] type 00 class 0x088000
[    1.907805] pci 0000:ff:0c.6: [8086:344d] type 00 class 0x088000
[    1.907973] pci 0000:ff:0c.7: [8086:344d] type 00 class 0x088000
[    1.908166] pci 0000:ff:0d.0: [8086:344d] type 00 class 0x088000
[    1.908345] pci 0000:ff:0d.1: [8086:344d] type 00 class 0x088000
[    1.908519] pci 0000:ff:0d.2: [8086:344d] type 00 class 0x088000
[    1.908709] pci 0000:ff:0d.3: [8086:344d] type 00 class 0x088000
[    1.908924] pci 0000:ff:1d.0: [8086:344f] type 00 class 0x088000
[    1.909064] pci 0000:ff:1d.1: [8086:3457] type 00 class 0x088000
[    1.909213] pci 0000:ff:1e.0: [8086:3458] type 00 class 0x088000
[    1.909308] pci 0000:ff:1e.1: [8086:3459] type 00 class 0x088000
[    1.909400] pci 0000:ff:1e.2: [8086:345a] type 00 class 0x088000
[    1.909490] pci 0000:ff:1e.3: [8086:345b] type 00 class 0x088000
[    1.909582] pci 0000:ff:1e.4: [8086:345c] type 00 class 0x088000
[    1.909676] pci 0000:ff:1e.5: [8086:345d] type 00 class 0x088000
[    1.909767] pci 0000:ff:1e.6: [8086:345e] type 00 class 0x088000
[    1.909857] pci 0000:ff:1e.7: [8086:345f] type 00 class 0x088000
[    1.909931] pci_bus 0000:ff: on NUMA node 1
[    1.913206] iommu: Default domain type: Translated 
[    1.913206] iommu: DMA domain TLB invalidation policy: lazy mode 
[    1.913214] pci 0000:03:00.0: vgaarb: setting as boot VGA device
[    1.913214] pci 0000:03:00.0: vgaarb: VGA device added: decodes=io+mem,owns=io+mem,locks=none
[    1.913247] pci 0000:03:00.0: vgaarb: bridge control possible
[    1.913248] vgaarb: loaded
[    1.913439] SCSI subsystem initialized
[    1.913478] libata version 3.00 loaded.
[    1.913478] ACPI: bus type USB registered
[    1.913478] usbcore: registered new interface driver usbfs
[    1.913478] usbcore: registered new interface driver hub
[    1.913478] usbcore: registered new device driver usb
[    1.913478] pps_core: LinuxPPS API ver. 1 registered
[    1.913478] pps_core: Software ver. 5.3.6 - Copyright 2005-2007 Rodolfo Giometti <giometti@linux.it>
[    1.913478] PTP clock support registered
[    1.913478] EDAC MC: Ver: 3.0.0
[    1.913829] Registered efivars operations
[    1.913829] NetLabel: Initializing
[    1.913829] NetLabel:  domain hash size = 128
[    1.913829] NetLabel:  protocols = UNLABELED CIPSOv4 CALIPSO
[    1.913829] NetLabel:  unlabeled traffic allowed by default
[    1.913829] PCI: Using ACPI for IRQ routing
[    1.915853] PCI: pci_cache_line_size set to 64 bytes
[    1.916405] e820: reserve RAM buffer [mem 0x0008f000-0x0008ffff]
[    1.916407] e820: reserve RAM buffer [mem 0x46cc5020-0x47ffffff]
[    1.916409] e820: reserve RAM buffer [mem 0x46cf7020-0x47ffffff]
[    1.916410] e820: reserve RAM buffer [mem 0x46d2a020-0x47ffffff]
[    1.916411] e820: reserve RAM buffer [mem 0x46d5d020-0x47ffffff]
[    1.916411] e820: reserve RAM buffer [mem 0x49e77000-0x4bffffff]
[    1.916413] e820: reserve RAM buffer [mem 0x4b2cf000-0x4bffffff]
[    1.916414] e820: reserve RAM buffer [mem 0x4bd94000-0x4bffffff]
[    1.916415] e820: reserve RAM buffer [mem 0x4ce00000-0x4fffffff]
[    1.916416] e820: reserve RAM buffer [mem 0x5eefe000-0x5fffffff]
[    1.916417] e820: reserve RAM buffer [mem 0x6f800000-0x6fffffff]
[    1.917943] hpet0: at MMIO 0xfed00000, IRQs 2, 8, 0, 0, 0, 0, 0, 0
[    1.917950] hpet0: 8 comparators, 64-bit 24.000000 MHz counter
[    1.921246] clocksource: Switched to clocksource tsc-early
[    1.929682] VFS: Disk quotas dquot_6.6.0
[    1.929725] VFS: Dquot-cache hash table entries: 512 (order 0, 4096 bytes)
[    1.929863] AppArmor: AppArmor Filesystem Enabled
[    1.929880] pnp: PnP ACPI init
[    1.945097] system 00:01: [io  0x0500-0x05fe] has been reserved
[    1.945100] system 00:01: [io  0x0400-0x041f] has been reserved
[    1.945101] system 00:01: [io  0x0600-0x061f] has been reserved
[    1.945103] system 00:01: [io  0x0ca0-0x0ca1] has been reserved
[    1.945104] system 00:01: [io  0x0ca4-0x0ca6] has been reserved
[    1.945107] system 00:01: [mem 0xff000000-0xffffffff] has been reserved
[    1.945687] system 00:04: [mem 0xfd000000-0xfdabffff] has been reserved
[    1.945689] system 00:04: [mem 0xfdad0000-0xfdadffff] has been reserved
[    1.945691] system 00:04: [mem 0xfdb00000-0xfdffffff] has been reserved
[    1.945692] system 00:04: [mem 0xfe000000-0xfe00ffff] has been reserved
[    1.945694] system 00:04: [mem 0xfe011000-0xfe01ffff] has been reserved
[    1.945695] system 00:04: [mem 0xfe036000-0xfe03bfff] has been reserved
[    1.945697] system 00:04: [mem 0xfe03d000-0xfe3fffff] has been reserved
[    1.945698] system 00:04: [mem 0xfe410000-0xfe7fffff] has been reserved
[    1.946014] system 00:05: [io  0x1000-0x10fe] has been reserved
[    1.946982] pnp: PnP ACPI: found 6 devices
[    1.952525] clocksource: acpi_pm: mask: 0xffffff max_cycles: 0xffffff, max_idle_ns: 2085701024 ns
[    1.952603] NET: Registered PF_INET protocol family
[    1.952941] IP idents hash table entries: 262144 (order: 9, 2097152 bytes, vmalloc)
[    1.955070] tcp_listen_portaddr_hash hash table entries: 16384 (order: 6, 262144 bytes, vmalloc)
[    1.955406] TCP established hash table entries: 262144 (order: 9, 2097152 bytes, vmalloc)
[    1.955798] TCP bind hash table entries: 65536 (order: 8, 1048576 bytes, vmalloc)
[    1.955859] TCP: Hash tables configured (established 262144 bind 65536)
[    1.956058] UDP hash table entries: 16384 (order: 7, 524288 bytes, vmalloc)
[    1.956173] UDP-Lite hash table entries: 16384 (order: 7, 524288 bytes, vmalloc)
[    1.956394] NET: Registered PF_UNIX/PF_LOCAL protocol family
[    1.956399] NET: Registered PF_XDP protocol family
[    1.956406] pci 0000:04:00.0: can't claim BAR 6 [mem 0xfffc0000-0xffffffff pref]: no compatible bridge window
[    1.956409] pci 0000:04:00.1: can't claim BAR 6 [mem 0xfffc0000-0xffffffff pref]: no compatible bridge window
[    1.956411] pci 0000:17:00.0: can't claim BAR 6 [mem 0xfff00000-0xffffffff pref]: no compatible bridge window
[    1.956426] pci 0000:00:1c.5: BAR 14: assigned [mem 0x90000000-0x900fffff]
[    1.956429] pci 0000:00:1c.0: PCI bridge to [bus 01]
[    1.956438] pci 0000:02:00.0: PCI bridge to [bus 03]
[    1.956443] pci 0000:02:00.0:   bridge window [mem 0x92000000-0x928fffff]
[    1.956447] pci 0000:02:00.0:   bridge window [mem 0x91000000-0x91ffffff 64bit pref]
[    1.956453] pci 0000:00:1c.4: PCI bridge to [bus 02-03]
[    1.956456] pci 0000:00:1c.4:   bridge window [mem 0x92000000-0x928fffff]
[    1.956459] pci 0000:00:1c.4:   bridge window [mem 0x91000000-0x91ffffff 64bit pref]
[    1.956464] pci 0000:04:00.0: BAR 6: assigned [mem 0x90000000-0x9003ffff pref]
[    1.956466] pci 0000:04:00.1: BAR 6: assigned [mem 0x90040000-0x9007ffff pref]
[    1.956468] pci 0000:00:1c.5: PCI bridge to [bus 04]
[    1.956471] pci 0000:00:1c.5:   bridge window [mem 0x90000000-0x900fffff]
[    1.956473] pci 0000:00:1c.5:   bridge window [mem 0x92900000-0x929fffff 64bit pref]
[    1.956478] pci_bus 0000:00: resource 4 [io  0x0000-0x0cf7 window]
[    1.956479] pci_bus 0000:00: resource 5 [io  0x1000-0x4fff window]
[    1.956480] pci_bus 0000:00: resource 6 [mem 0x000a0000-0x000bffff window]
[    1.956482] pci_bus 0000:00: resource 7 [mem 0x000c8000-0x000cffff window]
[    1.956483] pci_bus 0000:00: resource 8 [mem 0xfe010000-0xfe010fff window]
[    1.956484] pci_bus 0000:00: resource 9 [mem 0x90000000-0x9b7fffff window]
[    1.956485] pci_bus 0000:00: resource 10 [mem 0x200000000000-0x20ffffffffff window]
[    1.956487] pci_bus 0000:02: resource 1 [mem 0x92000000-0x928fffff]
[    1.956488] pci_bus 0000:02: resource 2 [mem 0x91000000-0x91ffffff 64bit pref]
[    1.956489] pci_bus 0000:03: resource 1 [mem 0x92000000-0x928fffff]
[    1.956490] pci_bus 0000:03: resource 2 [mem 0x91000000-0x91ffffff 64bit pref]
[    1.956492] pci_bus 0000:04: resource 1 [mem 0x90000000-0x900fffff]
[    1.956493] pci_bus 0000:04: resource 2 [mem 0x92900000-0x929fffff 64bit pref]
[    1.956561] pci 0000:17:00.0: BAR 6: no space for [mem size 0x00100000 pref]
[    1.956563] pci 0000:17:00.0: BAR 6: failed to assign [mem size 0x00100000 pref]
[    1.956564] pci 0000:16:02.0: PCI bridge to [bus 17]
[    1.956566] pci 0000:16:02.0:   bridge window [io  0x5000-0x5fff]
[    1.956568] pci 0000:16:02.0:   bridge window [mem 0x9ba00000-0x9bafffff]
[    1.956571] pci 0000:16:02.0:   bridge window [mem 0x9b800000-0x9b9fffff 64bit pref]
[    1.956574] pci_bus 0000:16: resource 4 [io  0x5000-0x6fff window]
[    1.956575] pci_bus 0000:16: resource 5 [mem 0x9b800000-0xa63fffff window]
[    1.956576] pci_bus 0000:16: resource 6 [mem 0x210000000000-0x21ffffffffff window]
[    1.956578] pci_bus 0000:17: resource 0 [io  0x5000-0x5fff]
[    1.956579] pci_bus 0000:17: resource 1 [mem 0x9ba00000-0x9bafffff]
[    1.956580] pci_bus 0000:17: resource 2 [mem 0x9b800000-0x9b9fffff 64bit pref]
[    1.956586] pci_bus 0000:30: resource 4 [io  0x7000-0x8fff window]
[    1.956587] pci_bus 0000:30: resource 5 [mem 0xa6400000-0xb0ffffff window]
[    1.956588] pci_bus 0000:30: resource 6 [mem 0x220000000000-0x22ffffffffff window]
[    1.956594] pci_bus 0000:4a: resource 4 [io  0x9000-0x9fff window]
[    1.956595] pci_bus 0000:4a: resource 5 [mem 0xb1000000-0xbbbfffff window]
[    1.956596] pci_bus 0000:4a: resource 6 [mem 0x230000000000-0x23ffffffffff window]
[    1.956602] pci_bus 0000:64: resource 4 [io  0xa000-0xafff window]
[    1.956603] pci_bus 0000:64: resource 5 [mem 0xbbc00000-0xc5ffffff window]
[    1.956604] pci_bus 0000:64: resource 6 [mem 0x240000000000-0x24ffffffffff window]
[    1.956633] pci_bus 0000:80: resource 4 [io  0xb000-0xbfff window]
[    1.956634] pci_bus 0000:80: resource 5 [mem 0xc6800000-0xd0ffffff window]
[    1.956635] pci_bus 0000:80: resource 6 [mem 0x250000000000-0x25ffffffffff window]
[    1.956641] pci_bus 0000:81: resource 4 [io  0xc000-0xcfff window]
[    1.956642] pci_bus 0000:81: resource 5 [mem 0xd1000000-0xdbbfffff window]
[    1.956643] pci_bus 0000:81: resource 6 [mem 0x260000000000-0x26ffffffffff window]
[    1.956649] pci_bus 0000:82: resource 4 [io  0xd000-0xdfff window]
[    1.956650] pci_bus 0000:82: resource 5 [mem 0xdbc00000-0xe67fffff window]
