2024年 06月 30日 星期日 14:21:47 CST
pgmigrate_success 2108
pgmigrate_fail 0
pgmigrate_dst_node_full_fail 0
pgmigrate_numa_isolate_fail 0
pgmigrate_nomem_fail 0
pgmigrate_refcount_fail 0
thp_fault_alloc 0
thp_fault_fallback 0
thp_collapse_alloc 5
thp_collapse_alloc_failed 0
thp_file_alloc 0
thp_file_mapped 0
thp_split_page 0
thp_split_page_failed 0
thp_deferred_split_page 0
thp_split_pmd 0
thp_split_pud 0
thp_zero_page_alloc 0
thp_zero_page_alloc_failed 0
thp_swpout 0
thp_swpout_fallback 0
MemTotal:       1123314996 kB
MemFree:        1092530332 kB
MemAvailable:   1090225984 kB
Buffers:            7720 kB
Cached:           439376 kB
SwapCached:            0 kB
Active:           643708 kB
Inactive:         384700 kB
Active(anon):     573508 kB
Inactive(anon):    13788 kB
Active(file):      70200 kB
Inactive(file):   370912 kB
Unevictable:           0 kB
Mlocked:               0 kB
SwapTotal:       2097148 kB
SwapFree:        2097148 kB
Dirty:              1580 kB
Writeback:             0 kB
AnonPages:        581172 kB
Mapped:           435724 kB
Shmem:              6200 kB
KReclaimable:     228792 kB
Slab:             585460 kB
SReclaimable:     228792 kB
SUnreclaim:       356668 kB
KernelStack:       35568 kB
PageTables:        27496 kB
NFS_Unstable:          0 kB
Bounce:                0 kB
WritebackTmp:          0 kB
CommitLimit:    563754644 kB
Committed_AS:    6729992 kB
VmallocTotal:   34359738367 kB
VmallocUsed:      163124 kB
VmallocChunk:          0 kB
Percpu:           122304 kB
HardwareCorrupted:     0 kB
AnonHugePages:      6144 kB
ShmemHugePages:        0 kB
ShmemPmdMapped:        0 kB
CmaTotal:              0 kB
CmaFree:               0 kB
HugePages_Total:       0
HugePages_Free:        0
HugePages_Rsvd:        0
HugePages_Surp:        0
Hugepagesize:       2048 kB
Hugetlb:               0 kB
DirectMap4k:     1148388 kB
DirectMap2M:     8773632 kB
DirectMap1G:    1179648000 kB
2024年 06月 30日 星期日 14:22:36 CST
pgmigrate_success 74926
pgmigrate_fail 26
pgmigrate_dst_node_full_fail 0
pgmigrate_numa_isolate_fail 0
pgmigrate_nomem_fail 1
pgmigrate_refcount_fail 0
thp_fault_alloc 16842
thp_fault_fallback 0
thp_collapse_alloc 6
thp_collapse_alloc_failed 0
thp_file_alloc 0
thp_file_mapped 0
thp_split_page 0
thp_split_page_failed 0
thp_deferred_split_page 16841
thp_split_pmd 4
thp_split_pud 0
thp_zero_page_alloc 0
thp_zero_page_alloc_failed 0
thp_swpout 0
thp_swpout_fallback 0
MemTotal:       1123314996 kB
MemFree:        1070359668 kB
MemAvailable:   1089169456 kB
Buffers:           62140 kB
Cached:         22507656 kB
SwapCached:          140 kB
Active:           568896 kB
Inactive:       22581172 kB
Active(anon):     316672 kB
Inactive(anon):   270192 kB
Active(file):     252224 kB
Inactive(file): 22310980 kB
Unevictable:           0 kB
Mlocked:               0 kB
SwapTotal:       2097148 kB
SwapFree:        2096124 kB
Dirty:                20 kB
Writeback:             0 kB
AnonPages:        581100 kB
Mapped:           432728 kB
Shmem:              6012 kB
KReclaimable:     334508 kB
Slab:             693652 kB
SReclaimable:     334508 kB
SUnreclaim:       359144 kB
KernelStack:       35728 kB
PageTables:        27668 kB
NFS_Unstable:          0 kB
Bounce:                0 kB
WritebackTmp:          0 kB
CommitLimit:    563754644 kB
Committed_AS:    6672020 kB
VmallocTotal:   34359738367 kB
VmallocUsed:      163108 kB
VmallocChunk:          0 kB
Percpu:           122304 kB
HardwareCorrupted:     0 kB
AnonHugePages:      8192 kB
ShmemHugePages:        0 kB
ShmemPmdMapped:        0 kB
CmaTotal:              0 kB
CmaFree:               0 kB
HugePages_Total:       0
HugePages_Free:        0
HugePages_Rsvd:        0
HugePages_Surp:        0
Hugepagesize:       2048 kB
Hugetlb:               0 kB
DirectMap4k:     1148388 kB
DirectMap2M:     8773632 kB
DirectMap1G:    1179648000 kB
