[    0.000000] Linux version 5.18.0 (xmu@xmu-PowerEdge-R750) (gcc (Ubuntu 8.4.0-1ubuntu1~18.04) 8.4.0, GNU ld (GNU Binutils for Ubuntu) 2.30) #1 SMP PREEMPT_DYNAMIC Sat Apr 6 15:16:25 CST 2024
[    0.000000] Command line: BOOT_IMAGE=/boot/vmlinuz-5.18.0 root=UUID=ce0c24b8-724b-4f33-9b2c-618433560aef ro memmap=37200M!4096M memmap=59G!64G quiet splash nomodeset vt.handoff=1
[    0.000000] KERNEL supported cpus:
[    0.000000]   Intel GenuineIntel
[    0.000000]   AMD AuthenticAMD
[    0.000000]   Hygon HygonGenuine
[    0.000000]   Centaur CentaurHauls
[    0.000000]   zhaoxin   Shanghai  
[    0.000000] x86/split lock detection: #AC: crashing the kernel on kernel split_locks and warning on user-space split_locks
[    0.000000] x86/fpu: Supporting XSAVE feature 0x001: 'x87 floating point registers'
[    0.000000] x86/fpu: Supporting XSAVE feature 0x002: 'SSE registers'
[    0.000000] x86/fpu: Supporting XSAVE feature 0x004: 'AVX registers'
[    0.000000] x86/fpu: Supporting XSAVE feature 0x020: 'AVX-512 opmask'
[    0.000000] x86/fpu: Supporting XSAVE feature 0x040: 'AVX-512 Hi256'
[    0.000000] x86/fpu: Supporting XSAVE feature 0x080: 'AVX-512 ZMM_Hi256'
[    0.000000] x86/fpu: Supporting XSAVE feature 0x200: 'Protection Keys User registers'
[    0.000000] x86/fpu: xstate_offset[2]:  576, xstate_sizes[2]:  256
[    0.000000] x86/fpu: xstate_offset[5]:  832, xstate_sizes[5]:   64
[    0.000000] x86/fpu: xstate_offset[6]:  896, xstate_sizes[6]:  512
[    0.000000] x86/fpu: xstate_offset[7]: 1408, xstate_sizes[7]: 1024
[    0.000000] x86/fpu: xstate_offset[9]: 2432, xstate_sizes[9]:    8
[    0.000000] x86/fpu: Enabled xstate features 0x2e7, context size is 2440 bytes, using 'compacted' format.
[    0.000000] signal: max sigframe size: 3632
[    0.000000] BIOS-provided physical RAM map:
[    0.000000] BIOS-e820: [mem 0x0000000000000000-0x000000000008efff] usable
[    0.000000] BIOS-e820: [mem 0x000000000008f000-0x000000000008ffff] reserved
[    0.000000] BIOS-e820: [mem 0x0000000000090000-0x000000000009ffff] usable
[    0.000000] BIOS-e820: [mem 0x00000000000a0000-0x00000000000fffff] reserved
[    0.000000] BIOS-e820: [mem 0x0000000000100000-0x0000000049e76fff] usable
[    0.000000] BIOS-e820: [mem 0x0000000049e77000-0x000000004ae76fff] ACPI NVS
[    0.000000] BIOS-e820: [mem 0x000000004ae77000-0x000000004b2cefff] usable
[    0.000000] BIOS-e820: [mem 0x000000004b2cf000-0x000000004b54dfff] ACPI data
[    0.000000] BIOS-e820: [mem 0x000000004b54e000-0x000000004bd93fff] usable
[    0.000000] BIOS-e820: [mem 0x000000004bd94000-0x000000004be99fff] reserved
[    0.000000] BIOS-e820: [mem 0x000000004be9a000-0x000000004cdfffff] usable
[    0.000000] BIOS-e820: [mem 0x000000004ce00000-0x000000004cffffff] reserved
[    0.000000] BIOS-e820: [mem 0x000000004d000000-0x000000005eefdfff] usable
[    0.000000] BIOS-e820: [mem 0x000000005eefe000-0x000000006e3fefff] reserved
[    0.000000] BIOS-e820: [mem 0x000000006e3ff000-0x000000006f3fefff] ACPI NVS
[    0.000000] BIOS-e820: [mem 0x000000006f3ff000-0x000000006f7fefff] ACPI data
[    0.000000] BIOS-e820: [mem 0x000000006f7ff000-0x000000006f7fffff] usable
[    0.000000] BIOS-e820: [mem 0x000000006f800000-0x000000008fffffff] reserved
[    0.000000] BIOS-e820: [mem 0x00000000fe000000-0x00000000fe010fff] reserved
[    0.000000] BIOS-e820: [mem 0x0000000100000000-0x000000207fffffff] usable
[    0.000000] BIOS-e820: [mem 0x0000002080000000-0x0000011c7fffffff] persistent (type 7)
[    0.000000] BIOS-e820: [mem 0x00001ffc00000000-0x00001fffffffffff] reserved
[    0.000000] NX (Execute Disable) protection: active
[    0.000000] e820: update [mem 0x46d5c020-0x46d6405f] usable ==> usable
[    0.000000] e820: update [mem 0x46d5c020-0x46d6405f] usable ==> usable
[    0.000000] e820: update [mem 0x46d29020-0x46d5bc5f] usable ==> usable
[    0.000000] e820: update [mem 0x46d29020-0x46d5bc5f] usable ==> usable
[    0.000000] e820: update [mem 0x46cf6020-0x46d28c5f] usable ==> usable
[    0.000000] e820: update [mem 0x46cf6020-0x46d28c5f] usable ==> usable
[    0.000000] e820: update [mem 0x46cc4020-0x46cf5a5f] usable ==> usable
[    0.000000] e820: update [mem 0x46cc4020-0x46cf5a5f] usable ==> usable
[    0.000000] extended physical RAM map:
[    0.000000] reserve setup_data: [mem 0x0000000000000000-0x000000000008efff] usable
[    0.000000] reserve setup_data: [mem 0x000000000008f000-0x000000000008ffff] reserved
[    0.000000] reserve setup_data: [mem 0x0000000000090000-0x000000000009ffff] usable
[    0.000000] reserve setup_data: [mem 0x00000000000a0000-0x00000000000fffff] reserved
[    0.000000] reserve setup_data: [mem 0x0000000000100000-0x0000000046cc401f] usable
[    0.000000] reserve setup_data: [mem 0x0000000046cc4020-0x0000000046cf5a5f] usable
[    0.000000] reserve setup_data: [mem 0x0000000046cf5a60-0x0000000046cf601f] usable
[    0.000000] reserve setup_data: [mem 0x0000000046cf6020-0x0000000046d28c5f] usable
[    0.000000] reserve setup_data: [mem 0x0000000046d28c60-0x0000000046d2901f] usable
[    0.000000] reserve setup_data: [mem 0x0000000046d29020-0x0000000046d5bc5f] usable
[    0.000000] reserve setup_data: [mem 0x0000000046d5bc60-0x0000000046d5c01f] usable
[    0.000000] reserve setup_data: [mem 0x0000000046d5c020-0x0000000046d6405f] usable
[    0.000000] reserve setup_data: [mem 0x0000000046d64060-0x0000000049e76fff] usable
[    0.000000] reserve setup_data: [mem 0x0000000049e77000-0x000000004ae76fff] ACPI NVS
[    0.000000] reserve setup_data: [mem 0x000000004ae77000-0x000000004b2cefff] usable
[    0.000000] reserve setup_data: [mem 0x000000004b2cf000-0x000000004b54dfff] ACPI data
[    0.000000] reserve setup_data: [mem 0x000000004b54e000-0x000000004bd93fff] usable
[    0.000000] reserve setup_data: [mem 0x000000004bd94000-0x000000004be99fff] reserved
[    0.000000] reserve setup_data: [mem 0x000000004be9a000-0x000000004cdfffff] usable
[    0.000000] reserve setup_data: [mem 0x000000004ce00000-0x000000004cffffff] reserved
[    0.000000] reserve setup_data: [mem 0x000000004d000000-0x000000005eefdfff] usable
[    0.000000] reserve setup_data: [mem 0x000000005eefe000-0x000000006e3fefff] reserved
[    0.000000] reserve setup_data: [mem 0x000000006e3ff000-0x000000006f3fefff] ACPI NVS
[    0.000000] reserve setup_data: [mem 0x000000006f3ff000-0x000000006f7fefff] ACPI data
[    0.000000] reserve setup_data: [mem 0x000000006f7ff000-0x000000006f7fffff] usable
[    0.000000] reserve setup_data: [mem 0x000000006f800000-0x000000008fffffff] reserved
[    0.000000] reserve setup_data: [mem 0x00000000fe000000-0x00000000fe010fff] reserved
[    0.000000] reserve setup_data: [mem 0x0000000100000000-0x0000000a14ffffff] persistent (type 12)
[    0.000000] reserve setup_data: [mem 0x0000000a15000000-0x0000000fffffffff] usable
[    0.000000] reserve setup_data: [mem 0x0000001000000000-0x0000001ebfffffff] persistent (type 12)
[    0.000000] reserve setup_data: [mem 0x0000001ec0000000-0x000000207fffffff] usable
[    0.000000] reserve setup_data: [mem 0x0000002080000000-0x0000011c7fffffff] persistent (type 7)
[    0.000000] reserve setup_data: [mem 0x00001ffc00000000-0x00001fffffffffff] reserved
[    0.000000] user-defined physical RAM map:
[    0.000000] user: [mem 0x0000000000000000-0x000000000008efff] usable
[    0.000000] user: [mem 0x000000000008f000-0x000000000008ffff] reserved
[    0.000000] user: [mem 0x0000000000090000-0x000000000009ffff] usable
[    0.000000] user: [mem 0x00000000000a0000-0x00000000000fffff] reserved
[    0.000000] user: [mem 0x0000000000100000-0x0000000046cc401f] usable
[    0.000000] user: [mem 0x0000000046cc4020-0x0000000046cf5a5f] usable
[    0.000000] user: [mem 0x0000000046cf5a60-0x0000000046cf601f] usable
[    0.000000] user: [mem 0x0000000046cf6020-0x0000000046d28c5f] usable
[    0.000000] user: [mem 0x0000000046d28c60-0x0000000046d2901f] usable
[    0.000000] user: [mem 0x0000000046d29020-0x0000000046d5bc5f] usable
[    0.000000] user: [mem 0x0000000046d5bc60-0x0000000046d5c01f] usable
[    0.000000] user: [mem 0x0000000046d5c020-0x0000000046d6405f] usable
[    0.000000] user: [mem 0x0000000046d64060-0x0000000049e76fff] usable
[    0.000000] user: [mem 0x0000000049e77000-0x000000004ae76fff] ACPI NVS
[    0.000000] user: [mem 0x000000004ae77000-0x000000004b2cefff] usable
[    0.000000] user: [mem 0x000000004b2cf000-0x000000004b54dfff] ACPI data
[    0.000000] user: [mem 0x000000004b54e000-0x000000004bd93fff] usable
[    0.000000] user: [mem 0x000000004bd94000-0x000000004be99fff] reserved
[    0.000000] user: [mem 0x000000004be9a000-0x000000004cdfffff] usable
[    0.000000] user: [mem 0x000000004ce00000-0x000000004cffffff] reserved
[    0.000000] user: [mem 0x000000004d000000-0x000000005eefdfff] usable
[    0.000000] user: [mem 0x000000005eefe000-0x000000006e3fefff] reserved
[    0.000000] user: [mem 0x000000006e3ff000-0x000000006f3fefff] ACPI NVS
[    0.000000] user: [mem 0x000000006f3ff000-0x000000006f7fefff] ACPI data
[    0.000000] user: [mem 0x000000006f7ff000-0x000000006f7fffff] usable
[    0.000000] user: [mem 0x000000006f800000-0x000000008fffffff] reserved
[    0.000000] user: [mem 0x00000000fe000000-0x00000000fe010fff] reserved
[    0.000000] user: [mem 0x0000000100000000-0x0000000a14ffffff] persistent (type 12)
[    0.000000] user: [mem 0x0000000a15000000-0x0000000fffffffff] usable
[    0.000000] user: [mem 0x0000001000000000-0x0000001ebfffffff] persistent (type 12)
[    0.000000] user: [mem 0x0000001ec0000000-0x000000207fffffff] usable
[    0.000000] user: [mem 0x0000002080000000-0x0000011c7fffffff] persistent (type 7)
[    0.000000] user: [mem 0x00001ffc00000000-0x00001fffffffffff] reserved
[    0.000000] efi: EFI v2.70 by Dell Inc.
[    0.000000] efi: ACPI=0x6f7fe000 ACPI 2.0=0x6f7fe014 MEMATTR=0x5b071020 SMBIOS=0x69526000 SMBIOS 3.0=0x69524000 MOKvar=0x5ef81000 RNG=0x5ef8a920 
[    0.000000] efi: seeding entropy pool
[    0.000000] SMBIOS 3.3.0 present.
[    0.000000] DMI: Dell Inc. PowerEdge R750/0K8F35, BIOS 1.10.2 03/03/2023
[    0.000000] tsc: Detected 2000.000 MHz processor
[    0.000007] e820: update [mem 0x00000000-0x00000fff] usable ==> reserved
[    0.000009] e820: remove [mem 0x000a0000-0x000fffff] usable
[    0.000018] last_pfn = 0x2080000 max_arch_pfn = 0x400000000
[    0.000192] x86/PAT: Configuration [0-7]: WB  WC  UC- UC  WB  WP  UC- WT  
[    0.002851] total RAM covered: 2095088M
[    0.002936]  gran_size: 64K 	chunk_size: 64K 	num_reg: 10  	lose cover RAM: 2016G
[    0.002938]  gran_size: 64K 	chunk_size: 128K 	num_reg: 10  	lose cover RAM: 2016G
[    0.002940]  gran_size: 64K 	chunk_size: 256K 	num_reg: 10  	lose cover RAM: 2016G
[    0.002941]  gran_size: 64K 	chunk_size: 512K 	num_reg: 10  	lose cover RAM: 2016G
[    0.002943]  gran_size: 64K 	chunk_size: 1M 	num_reg: 10  	lose cover RAM: 2016G
[    0.002944]  gran_size: 64K 	chunk_size: 2M 	num_reg: 10  	lose cover RAM: 2016G
[    0.002945]  gran_size: 64K 	chunk_size: 4M 	num_reg: 10  	lose cover RAM: 2016G
[    0.002947]  gran_size: 64K 	chunk_size: 8M 	num_reg: 10  	lose cover RAM: 2016G
[    0.002948]  gran_size: 64K 	chunk_size: 16M 	num_reg: 10  	lose cover RAM: 2016G
[    0.002949]  gran_size: 64K 	chunk_size: 32M 	num_reg: 10  	lose cover RAM: 1024G
[    0.002951]  gran_size: 64K 	chunk_size: 64M 	num_reg: 10  	lose cover RAM: 1024G
[    0.002952]  gran_size: 64K 	chunk_size: 128M 	num_reg: 10  	lose cover RAM: 1024G
[    0.002953]  gran_size: 64K 	chunk_size: 256M 	num_reg: 10  	lose cover RAM: 1024G
[    0.002955]  gran_size: 64K 	chunk_size: 512M 	num_reg: 10  	lose cover RAM: 1024G
[    0.002956]  gran_size: 64K 	chunk_size: 1G 	num_reg: 10  	lose cover RAM: 1024G
[    0.002957]  gran_size: 64K 	chunk_size: 2G 	num_reg: 10  	lose cover RAM: 1024G
[    0.002959]  gran_size: 128K 	chunk_size: 128K 	num_reg: 10  	lose cover RAM: 2016G
[    0.002960]  gran_size: 128K 	chunk_size: 256K 	num_reg: 10  	lose cover RAM: 2016G
[    0.002962]  gran_size: 128K 	chunk_size: 512K 	num_reg: 10  	lose cover RAM: 2016G
[    0.002963]  gran_size: 128K 	chunk_size: 1M 	num_reg: 10  	lose cover RAM: 2016G
[    0.002964]  gran_size: 128K 	chunk_size: 2M 	num_reg: 10  	lose cover RAM: 2016G
[    0.002966]  gran_size: 128K 	chunk_size: 4M 	num_reg: 10  	lose cover RAM: 2016G
[    0.002967]  gran_size: 128K 	chunk_size: 8M 	num_reg: 10  	lose cover RAM: 2016G
[    0.002968]  gran_size: 128K 	chunk_size: 16M 	num_reg: 10  	lose cover RAM: 2016G
[    0.002969]  gran_size: 128K 	chunk_size: 32M 	num_reg: 10  	lose cover RAM: 1024G
[    0.002971]  gran_size: 128K 	chunk_size: 64M 	num_reg: 10  	lose cover RAM: 1024G
[    0.002972]  gran_size: 128K 	chunk_size: 128M 	num_reg: 10  	lose cover RAM: 1024G
[    0.002973]  gran_size: 128K 	chunk_size: 256M 	num_reg: 10  	lose cover RAM: 1024G
[    0.002975]  gran_size: 128K 	chunk_size: 512M 	num_reg: 10  	lose cover RAM: 1024G
[    0.002976]  gran_size: 128K 	chunk_size: 1G 	num_reg: 10  	lose cover RAM: 1024G
[    0.002977]  gran_size: 128K 	chunk_size: 2G 	num_reg: 10  	lose cover RAM: 1024G
[    0.002979]  gran_size: 256K 	chunk_size: 256K 	num_reg: 10  	lose cover RAM: 2016G
[    0.002980]  gran_size: 256K 	chunk_size: 512K 	num_reg: 10  	lose cover RAM: 2016G
[    0.002982]  gran_size: 256K 	chunk_size: 1M 	num_reg: 10  	lose cover RAM: 2016G
[    0.002983]  gran_size: 256K 	chunk_size: 2M 	num_reg: 10  	lose cover RAM: 2016G
[    0.002984]  gran_size: 256K 	chunk_size: 4M 	num_reg: 10  	lose cover RAM: 2016G
[    0.002986]  gran_size: 256K 	chunk_size: 8M 	num_reg: 10  	lose cover RAM: 2016G
[    0.002987]  gran_size: 256K 	chunk_size: 16M 	num_reg: 10  	lose cover RAM: 2016G
[    0.002988]  gran_size: 256K 	chunk_size: 32M 	num_reg: 10  	lose cover RAM: 1024G
[    0.002990]  gran_size: 256K 	chunk_size: 64M 	num_reg: 10  	lose cover RAM: 1024G
[    0.002991]  gran_size: 256K 	chunk_size: 128M 	num_reg: 10  	lose cover RAM: 1024G
[    0.002992]  gran_size: 256K 	chunk_size: 256M 	num_reg: 10  	lose cover RAM: 1024G
[    0.002994]  gran_size: 256K 	chunk_size: 512M 	num_reg: 10  	lose cover RAM: 1024G
[    0.002995]  gran_size: 256K 	chunk_size: 1G 	num_reg: 10  	lose cover RAM: 1024G
[    0.002996]  gran_size: 256K 	chunk_size: 2G 	num_reg: 10  	lose cover RAM: 1024G
[    0.002998]  gran_size: 512K 	chunk_size: 512K 	num_reg: 10  	lose cover RAM: 2016G
[    0.002999]  gran_size: 512K 	chunk_size: 1M 	num_reg: 10  	lose cover RAM: 2016G
[    0.003000]  gran_size: 512K 	chunk_size: 2M 	num_reg: 10  	lose cover RAM: 2016G
[    0.003001]  gran_size: 512K 	chunk_size: 4M 	num_reg: 10  	lose cover RAM: 2016G
[    0.003003]  gran_size: 512K 	chunk_size: 8M 	num_reg: 10  	lose cover RAM: 2016G
[    0.003004]  gran_size: 512K 	chunk_size: 16M 	num_reg: 10  	lose cover RAM: 2016G
[    0.003005]  gran_size: 512K 	chunk_size: 32M 	num_reg: 10  	lose cover RAM: 1024G
[    0.003007]  gran_size: 512K 	chunk_size: 64M 	num_reg: 10  	lose cover RAM: 1024G
[    0.003008]  gran_size: 512K 	chunk_size: 128M 	num_reg: 10  	lose cover RAM: 1024G
[    0.003009]  gran_size: 512K 	chunk_size: 256M 	num_reg: 10  	lose cover RAM: 1024G
[    0.003011]  gran_size: 512K 	chunk_size: 512M 	num_reg: 10  	lose cover RAM: 1024G
[    0.003012]  gran_size: 512K 	chunk_size: 1G 	num_reg: 10  	lose cover RAM: 1024G
[    0.003013]  gran_size: 512K 	chunk_size: 2G 	num_reg: 10  	lose cover RAM: 1024G
[    0.003015]  gran_size: 1M 	chunk_size: 1M 	num_reg: 10  	lose cover RAM: 2016G
[    0.003016]  gran_size: 1M 	chunk_size: 2M 	num_reg: 10  	lose cover RAM: 2016G
[    0.003018]  gran_size: 1M 	chunk_size: 4M 	num_reg: 10  	lose cover RAM: 2016G
[    0.003019]  gran_size: 1M 	chunk_size: 8M 	num_reg: 10  	lose cover RAM: 2016G
[    0.003020]  gran_size: 1M 	chunk_size: 16M 	num_reg: 10  	lose cover RAM: 2016G
[    0.003022]  gran_size: 1M 	chunk_size: 32M 	num_reg: 10  	lose cover RAM: 1024G
[    0.003023]  gran_size: 1M 	chunk_size: 64M 	num_reg: 10  	lose cover RAM: 1024G
[    0.003024]  gran_size: 1M 	chunk_size: 128M 	num_reg: 10  	lose cover RAM: 1024G
[    0.003025]  gran_size: 1M 	chunk_size: 256M 	num_reg: 10  	lose cover RAM: 1024G
[    0.003027]  gran_size: 1M 	chunk_size: 512M 	num_reg: 10  	lose cover RAM: 1024G
[    0.003028]  gran_size: 1M 	chunk_size: 1G 	num_reg: 10  	lose cover RAM: 1024G
[    0.003029]  gran_size: 1M 	chunk_size: 2G 	num_reg: 10  	lose cover RAM: 1024G
[    0.003031]  gran_size: 2M 	chunk_size: 2M 	num_reg: 10  	lose cover RAM: 2016G
[    0.003032]  gran_size: 2M 	chunk_size: 4M 	num_reg: 10  	lose cover RAM: 2016G
[    0.003033]  gran_size: 2M 	chunk_size: 8M 	num_reg: 10  	lose cover RAM: 2016G
[    0.003034]  gran_size: 2M 	chunk_size: 16M 	num_reg: 10  	lose cover RAM: 2016G
[    0.003036]  gran_size: 2M 	chunk_size: 32M 	num_reg: 10  	lose cover RAM: 1024G
[    0.003037]  gran_size: 2M 	chunk_size: 64M 	num_reg: 10  	lose cover RAM: 1024G
[    0.003039]  gran_size: 2M 	chunk_size: 128M 	num_reg: 10  	lose cover RAM: 1024G
[    0.003040]  gran_size: 2M 	chunk_size: 256M 	num_reg: 10  	lose cover RAM: 1024G
[    0.003041]  gran_size: 2M 	chunk_size: 512M 	num_reg: 10  	lose cover RAM: 1024G
[    0.003043]  gran_size: 2M 	chunk_size: 1G 	num_reg: 10  	lose cover RAM: 1024G
[    0.003044]  gran_size: 2M 	chunk_size: 2G 	num_reg: 10  	lose cover RAM: 1024G
[    0.003045]  gran_size: 4M 	chunk_size: 4M 	num_reg: 10  	lose cover RAM: 2016G
[    0.003047]  gran_size: 4M 	chunk_size: 8M 	num_reg: 10  	lose cover RAM: 2016G
[    0.003048]  gran_size: 4M 	chunk_size: 16M 	num_reg: 10  	lose cover RAM: 2016G
[    0.003049]  gran_size: 4M 	chunk_size: 32M 	num_reg: 10  	lose cover RAM: 1024G
[    0.003051]  gran_size: 4M 	chunk_size: 64M 	num_reg: 10  	lose cover RAM: 1024G
[    0.003052]  gran_size: 4M 	chunk_size: 128M 	num_reg: 10  	lose cover RAM: 1024G
[    0.003053]  gran_size: 4M 	chunk_size: 256M 	num_reg: 10  	lose cover RAM: 1024G
[    0.003054]  gran_size: 4M 	chunk_size: 512M 	num_reg: 10  	lose cover RAM: 1024G
[    0.003056]  gran_size: 4M 	chunk_size: 1G 	num_reg: 10  	lose cover RAM: 1024G
[    0.003057]  gran_size: 4M 	chunk_size: 2G 	num_reg: 10  	lose cover RAM: 1024G
[    0.003058]  gran_size: 8M 	chunk_size: 8M 	num_reg: 10  	lose cover RAM: 2016G
[    0.003060]  gran_size: 8M 	chunk_size: 16M 	num_reg: 10  	lose cover RAM: 2016G
[    0.003061]  gran_size: 8M 	chunk_size: 32M 	num_reg: 10  	lose cover RAM: 1024G
[    0.003062]  gran_size: 8M 	chunk_size: 64M 	num_reg: 10  	lose cover RAM: 1024G
[    0.003063]  gran_size: 8M 	chunk_size: 128M 	num_reg: 10  	lose cover RAM: 1024G
[    0.003065]  gran_size: 8M 	chunk_size: 256M 	num_reg: 10  	lose cover RAM: 1024G
[    0.003066]  gran_size: 8M 	chunk_size: 512M 	num_reg: 10  	lose cover RAM: 1024G
[    0.003067]  gran_size: 8M 	chunk_size: 1G 	num_reg: 10  	lose cover RAM: 1024G
[    0.003069]  gran_size: 8M 	chunk_size: 2G 	num_reg: 10  	lose cover RAM: 1024G
[    0.003070]  gran_size: 16M 	chunk_size: 16M 	num_reg: 10  	lose cover RAM: 2016G
[    0.003071]  gran_size: 16M 	chunk_size: 32M 	num_reg: 10  	lose cover RAM: 1024G
[    0.003073]  gran_size: 16M 	chunk_size: 64M 	num_reg: 10  	lose cover RAM: 1024G
[    0.003074]  gran_size: 16M 	chunk_size: 128M 	num_reg: 10  	lose cover RAM: 1024G
[    0.003075]  gran_size: 16M 	chunk_size: 256M 	num_reg: 10  	lose cover RAM: 1024G
[    0.003077]  gran_size: 16M 	chunk_size: 512M 	num_reg: 10  	lose cover RAM: 1024G
[    0.003079]  gran_size: 16M 	chunk_size: 1G 	num_reg: 10  	lose cover RAM: 1024G
[    0.003080]  gran_size: 16M 	chunk_size: 2G 	num_reg: 10  	lose cover RAM: 1024G
[    0.003081]  gran_size: 32M 	chunk_size: 32M 	num_reg: 10  	lose cover RAM: 2031632M
[    0.003083]  gran_size: 32M 	chunk_size: 64M 	num_reg: 10  	lose cover RAM: 1048592M
[    0.003084]  gran_size: 32M 	chunk_size: 128M 	num_reg: 10  	lose cover RAM: 1048592M
[    0.003086]  gran_size: 32M 	chunk_size: 256M 	num_reg: 10  	lose cover RAM: 1048592M
[    0.003087]  gran_size: 32M 	chunk_size: 512M 	num_reg: 10  	lose cover RAM: 1048592M
[    0.003088]  gran_size: 32M 	chunk_size: 1G 	num_reg: 10  	lose cover RAM: 1048592M
[    0.003090]  gran_size: 32M 	chunk_size: 2G 	num_reg: 10  	lose cover RAM: 1048592M
[    0.003091]  gran_size: 64M 	chunk_size: 64M 	num_reg: 10  	lose cover RAM: 1966128M
[    0.003093]  gran_size: 64M 	chunk_size: 128M 	num_reg: 10  	lose cover RAM: 1048624M
[    0.003094]  gran_size: 64M 	chunk_size: 256M 	num_reg: 10  	lose cover RAM: 1048624M
[    0.003095]  gran_size: 64M 	chunk_size: 512M 	num_reg: 10  	lose cover RAM: 1048624M
[    0.003097]  gran_size: 64M 	chunk_size: 1G 	num_reg: 10  	lose cover RAM: 1048624M
[    0.003098]  gran_size: 64M 	chunk_size: 2G 	num_reg: 10  	lose cover RAM: 1048624M
[    0.003099]  gran_size: 128M 	chunk_size: 128M 	num_reg: 10  	lose cover RAM: 1835120M
[    0.003101]  gran_size: 128M 	chunk_size: 256M 	num_reg: 10  	lose cover RAM: 1048688M
[    0.003102]  gran_size: 128M 	chunk_size: 512M 	num_reg: 10  	lose cover RAM: 1048688M
[    0.003103]  gran_size: 128M 	chunk_size: 1G 	num_reg: 10  	lose cover RAM: 1048688M
[    0.003105]  gran_size: 128M 	chunk_size: 2G 	num_reg: 10  	lose cover RAM: 1048688M
[    0.003106]  gran_size: 256M 	chunk_size: 256M 	num_reg: 10  	lose cover RAM: 1573104M
[    0.003108]  gran_size: 256M 	chunk_size: 512M 	num_reg: 10  	lose cover RAM: 1048816M
[    0.003109]  gran_size: 256M 	chunk_size: 1G 	num_reg: 10  	lose cover RAM: 1048816M
[    0.003110]  gran_size: 256M 	chunk_size: 2G 	num_reg: 10  	lose cover RAM: 1048816M
[    0.003112]  gran_size: 512M 	chunk_size: 512M 	num_reg: 10  	lose cover RAM: 1049072M
[    0.003113]  gran_size: 512M 	chunk_size: 1G 	num_reg: 10  	lose cover RAM: 1049072M
[    0.003114]  gran_size: 512M 	chunk_size: 2G 	num_reg: 10  	lose cover RAM: 1049072M
[    0.003116]  gran_size: 1G 	chunk_size: 1G 	num_reg: 10  	lose cover RAM: 1008M
[    0.003117]  gran_size: 1G 	chunk_size: 2G 	num_reg: 10  	lose cover RAM: 1008M
[    0.003118]  gran_size: 2G 	chunk_size: 2G 	num_reg: 9  	lose cover RAM: 2032M
[    0.003120] mtrr_cleanup: can not find optimal value
[    0.003121] please specify mtrr_gran_size/mtrr_chunk_size
[    0.003123] e820: update [mem 0x7f000000-0xffffffff] usable ==> reserved
[    0.003126] x2apic: enabled by BIOS, switching to x2apic ops
[    0.003127] last_pfn = 0x6f800 max_arch_pfn = 0x400000000
[    0.014553] Using GB pages for direct mapping
[    0.015480] Secure boot disabled
[    0.015481] RAMDISK: [mem 0x205de61000-0x207fffffff]
[    0.015486] ACPI: Early table checksum verification disabled
[    0.015489] ACPI: RSDP 0x000000006F7FE014 000024 (v02 DELL  )
[    0.015493] ACPI: XSDT 0x000000006F41C188 0000F4 (v01 DELL   PE_SC3   00000000 DELL 01000013)
[    0.015499] ACPI: FACP 0x000000006F430000 000114 (v06 DELL   PE_SC3   00000000 DELL 00000001)
[    0.015504] ACPI: DSDT 0x000000004B4CE000 07FAD3 (v02 DELL   PE_SC3   00000003 DELL 00000001)
[    0.015508] ACPI: FACS 0x000000006F2F2000 000040
[    0.015511] ACPI: SSDT 0x000000006F7FB000 00159A (v02 INTEL  RAS_ACPI 00000001 INTL 20210331)
[    0.015515] ACPI: SSDT 0x000000006F7FA000 000745 (v02 INTEL  ADDRXLAT 00000001 INTL 20210331)
[    0.015518] ACPI: MCEJ 0x000000006F7F9000 000130 (v01 INTEL           00000001 INTL 0100000D)
[    0.015522] ACPI: BERT 0x000000006F7F8000 000030 (v01 DELL   PE_SC3   00000001 INTL 00000001)
[    0.015525] ACPI: ERST 0x000000006F7F7000 000230 (v01 DELL   PE_SC3   00000001 INTL 00000001)
[    0.015529] ACPI: SSDT 0x000000006F431000 3C524E (v02 INTEL  SSDTNVDR 00001000 INTL 20210331)
[    0.015532] ACPI: HMAT 0x000000006F42F000 000210 (v01 DELL   PE_SC3   00000001 DELL 00000001)
[    0.015536] ACPI: HPET 0x000000006F42E000 000038 (v01 DELL   PE_SC3   00000001 DELL 00000001)
[    0.015539] ACPI: MCFG 0x000000006F42D000 00003C (v01 DELL   PE_SC3   00000001 DELL 00000001)
[    0.015542] ACPI: MIGT 0x000000006F42C000 000040 (v01 DELL   PE_SC3   00000000 DELL 00000001)
[    0.015546] ACPI: MSCT 0x000000006F42B000 000090 (v01 DELL   PE_SC3   00000001 DELL 00000001)
[    0.015549] ACPI: PMTT 0x000000006F429000 0011E8 (v02 DELL   PE_SC3   00000001 DELL 00000001)
[    0.015552] ACPI: WSMT 0x000000006F428000 000028 (v01 DELL   PE_SC3   00000000 DELL 00000001)
[    0.015556] ACPI: APIC 0x000000006F427000 00075E (v04 DELL   PE_SC3   00000000 DELL 00000001)
[    0.015559] ACPI: SLIT 0x000000006F426000 00003C (v01 DELL   PE_SC3   00000001 DELL 01000013)
[    0.015562] ACPI: SRAT 0x000000006F41F000 006430 (v03 DELL   PE_SC3   00000002 DELL 01000013)
[    0.015566] ACPI: OEM4 0x000000004B346000 187A61 (v02 INTEL  CPU  CST 00003000 INTL 20210331)
[    0.015569] ACPI: SSDT 0x000000004B2CF000 0764A5 (v02 INTEL  SSDT  PM 00004000 INTL 20210331)
[    0.015572] ACPI: SSDT 0x000000006F41E000 000A1F (v02 DELL   PE_SC3   00000000 DELL 00000001)
[    0.015576] ACPI: HEST 0x000000006F41D000 00017C (v01 DELL   PE_SC3   00000001 INTL 00000001)
[    0.015579] ACPI: PCAT 0x000000006F41B000 00010C (v19 DELL   PE_SC3   00000002 DELL 00000001)
[    0.015582] ACPI: SSDT 0x000000006F413000 007299 (v02 INTEL  SpsNm    00000002 INTL 20210331)
[    0.015586] ACPI: SSDT 0x000000006F412000 000426 (v02 DELL   PE_SC3   00000002 DELL 00000001)
[    0.015589] ACPI: NFIT 0x000000006F7FD000 000488 (v01 DELL   PE_SC3   00000002 DELL 00000001)
[    0.015592] ACPI: DMAR 0x000000006F411000 000158 (v01 DELL   PE_SC3   00000001 DELL 00000001)
[    0.015595] ACPI: Reserving FACP table memory at [mem 0x6f430000-0x6f430113]
[    0.015597] ACPI: Reserving DSDT table memory at [mem 0x4b4ce000-0x4b54dad2]
[    0.015598] ACPI: Reserving FACS table memory at [mem 0x6f2f2000-0x6f2f203f]
[    0.015599] ACPI: Reserving SSDT table memory at [mem 0x6f7fb000-0x6f7fc599]
[    0.015600] ACPI: Reserving SSDT table memory at [mem 0x6f7fa000-0x6f7fa744]
[    0.015601] ACPI: Reserving MCEJ table memory at [mem 0x6f7f9000-0x6f7f912f]
[    0.015602] ACPI: Reserving BERT table memory at [mem 0x6f7f8000-0x6f7f802f]
[    0.015602] ACPI: Reserving ERST table memory at [mem 0x6f7f7000-0x6f7f722f]
[    0.015603] ACPI: Reserving SSDT table memory at [mem 0x6f431000-0x6f7f624d]
[    0.015604] ACPI: Reserving HMAT table memory at [mem 0x6f42f000-0x6f42f20f]
[    0.015605] ACPI: Reserving HPET table memory at [mem 0x6f42e000-0x6f42e037]
[    0.015606] ACPI: Reserving MCFG table memory at [mem 0x6f42d000-0x6f42d03b]
[    0.015607] ACPI: Reserving MIGT table memory at [mem 0x6f42c000-0x6f42c03f]
[    0.015608] ACPI: Reserving MSCT table memory at [mem 0x6f42b000-0x6f42b08f]
[    0.015609] ACPI: Reserving PMTT table memory at [mem 0x6f429000-0x6f42a1e7]
[    0.015610] ACPI: Reserving WSMT table memory at [mem 0x6f428000-0x6f428027]
[    0.015610] ACPI: Reserving APIC table memory at [mem 0x6f427000-0x6f42775d]
[    0.015611] ACPI: Reserving SLIT table memory at [mem 0x6f426000-0x6f42603b]
[    0.015612] ACPI: Reserving SRAT table memory at [mem 0x6f41f000-0x6f42542f]
[    0.015613] ACPI: Reserving OEM4 table memory at [mem 0x4b346000-0x4b4cda60]
[    0.015614] ACPI: Reserving SSDT table memory at [mem 0x4b2cf000-0x4b3454a4]
[    0.015615] ACPI: Reserving SSDT table memory at [mem 0x6f41e000-0x6f41ea1e]
[    0.015616] ACPI: Reserving HEST table memory at [mem 0x6f41d000-0x6f41d17b]
[    0.015617] ACPI: Reserving PCAT table memory at [mem 0x6f41b000-0x6f41b10b]
[    0.015618] ACPI: Reserving SSDT table memory at [mem 0x6f413000-0x6f41a298]
[    0.015619] ACPI: Reserving SSDT table memory at [mem 0x6f412000-0x6f412425]
[    0.015620] ACPI: Reserving NFIT table memory at [mem 0x6f7fd000-0x6f7fd487]
[    0.015621] ACPI: Reserving DMAR table memory at [mem 0x6f411000-0x6f411157]
[    0.015631] Setting APIC routing to cluster x2apic.
[    0.015678] SRAT: PXM 0 -> APIC 0x0000 -> Node 0
[    0.015680] SRAT: PXM 0 -> APIC 0x0001 -> Node 0
[    0.015680] SRAT: PXM 0 -> APIC 0x0002 -> Node 0
[    0.015681] SRAT: PXM 0 -> APIC 0x0003 -> Node 0
[    0.015682] SRAT: PXM 0 -> APIC 0x0004 -> Node 0
[    0.015682] SRAT: PXM 0 -> APIC 0x0005 -> Node 0
[    0.015683] SRAT: PXM 0 -> APIC 0x0006 -> Node 0
[    0.015684] SRAT: PXM 0 -> APIC 0x0007 -> Node 0
[    0.015684] SRAT: PXM 0 -> APIC 0x0008 -> Node 0
[    0.015685] SRAT: PXM 0 -> APIC 0x0009 -> Node 0
[    0.015685] SRAT: PXM 0 -> APIC 0x000a -> Node 0
[    0.015686] SRAT: PXM 0 -> APIC 0x000b -> Node 0
[    0.015687] SRAT: PXM 0 -> APIC 0x000c -> Node 0
[    0.015688] SRAT: PXM 0 -> APIC 0x000d -> Node 0
[    0.015688] SRAT: PXM 0 -> APIC 0x000e -> Node 0
[    0.015689] SRAT: PXM 0 -> APIC 0x000f -> Node 0
[    0.015690] SRAT: PXM 0 -> APIC 0x0010 -> Node 0
[    0.015691] SRAT: PXM 0 -> APIC 0x0011 -> Node 0
[    0.015692] SRAT: PXM 0 -> APIC 0x0012 -> Node 0
[    0.015692] SRAT: PXM 0 -> APIC 0x0013 -> Node 0
[    0.015693] SRAT: PXM 0 -> APIC 0x0014 -> Node 0
[    0.015694] SRAT: PXM 0 -> APIC 0x0015 -> Node 0
[    0.015694] SRAT: PXM 0 -> APIC 0x0016 -> Node 0
[    0.015695] SRAT: PXM 0 -> APIC 0x0017 -> Node 0
[    0.015696] SRAT: PXM 0 -> APIC 0x0018 -> Node 0
[    0.015696] SRAT: PXM 0 -> APIC 0x0019 -> Node 0
[    0.015697] SRAT: PXM 0 -> APIC 0x001a -> Node 0
[    0.015698] SRAT: PXM 0 -> APIC 0x001b -> Node 0
[    0.015698] SRAT: PXM 0 -> APIC 0x001c -> Node 0
[    0.015699] SRAT: PXM 0 -> APIC 0x001d -> Node 0
[    0.015700] SRAT: PXM 0 -> APIC 0x001e -> Node 0
[    0.015700] SRAT: PXM 0 -> APIC 0x001f -> Node 0
[    0.015701] SRAT: PXM 0 -> APIC 0x0020 -> Node 0
[    0.015702] SRAT: PXM 0 -> APIC 0x0021 -> Node 0
[    0.015702] SRAT: PXM 0 -> APIC 0x0022 -> Node 0
[    0.015703] SRAT: PXM 0 -> APIC 0x0023 -> Node 0
[    0.015704] SRAT: PXM 0 -> APIC 0x0024 -> Node 0
[    0.015704] SRAT: PXM 0 -> APIC 0x0025 -> Node 0
[    0.015705] SRAT: PXM 0 -> APIC 0x0026 -> Node 0
[    0.015706] SRAT: PXM 0 -> APIC 0x0027 -> Node 0
[    0.015706] SRAT: PXM 0 -> APIC 0x0028 -> Node 0
[    0.015707] SRAT: PXM 0 -> APIC 0x0029 -> Node 0
[    0.015708] SRAT: PXM 0 -> APIC 0x002a -> Node 0
[    0.015708] SRAT: PXM 0 -> APIC 0x002b -> Node 0
[    0.015709] SRAT: PXM 0 -> APIC 0x002c -> Node 0
[    0.015710] SRAT: PXM 0 -> APIC 0x002d -> Node 0
[    0.015710] SRAT: PXM 0 -> APIC 0x002e -> Node 0
[    0.015711] SRAT: PXM 0 -> APIC 0x002f -> Node 0
[    0.015712] SRAT: PXM 0 -> APIC 0x0030 -> Node 0
[    0.015712] SRAT: PXM 0 -> APIC 0x0031 -> Node 0
[    0.015713] SRAT: PXM 0 -> APIC 0x0032 -> Node 0
[    0.015714] SRAT: PXM 0 -> APIC 0x0033 -> Node 0
[    0.015714] SRAT: PXM 0 -> APIC 0x0034 -> Node 0
[    0.015715] SRAT: PXM 0 -> APIC 0x0035 -> Node 0
[    0.015715] SRAT: PXM 0 -> APIC 0x0036 -> Node 0
[    0.015716] SRAT: PXM 0 -> APIC 0x0037 -> Node 0
[    0.015717] SRAT: PXM 1 -> APIC 0x0080 -> Node 1
[    0.015718] SRAT: PXM 1 -> APIC 0x0081 -> Node 1
[    0.015718] SRAT: PXM 1 -> APIC 0x0082 -> Node 1
[    0.015719] SRAT: PXM 1 -> APIC 0x0083 -> Node 1
[    0.015720] SRAT: PXM 1 -> APIC 0x0084 -> Node 1
[    0.015721] SRAT: PXM 1 -> APIC 0x0085 -> Node 1
[    0.015721] SRAT: PXM 1 -> APIC 0x0086 -> Node 1
[    0.015722] SRAT: PXM 1 -> APIC 0x0087 -> Node 1
[    0.015723] SRAT: PXM 1 -> APIC 0x0088 -> Node 1
[    0.015724] SRAT: PXM 1 -> APIC 0x0089 -> Node 1
[    0.015724] SRAT: PXM 1 -> APIC 0x008a -> Node 1
[    0.015725] SRAT: PXM 1 -> APIC 0x008b -> Node 1
[    0.015726] SRAT: PXM 1 -> APIC 0x008c -> Node 1
[    0.015726] SRAT: PXM 1 -> APIC 0x008d -> Node 1
[    0.015727] SRAT: PXM 1 -> APIC 0x008e -> Node 1
[    0.015728] SRAT: PXM 1 -> APIC 0x008f -> Node 1
[    0.015728] SRAT: PXM 1 -> APIC 0x0090 -> Node 1
[    0.015729] SRAT: PXM 1 -> APIC 0x0091 -> Node 1
[    0.015729] SRAT: PXM 1 -> APIC 0x0092 -> Node 1
[    0.015730] SRAT: PXM 1 -> APIC 0x0093 -> Node 1
[    0.015731] SRAT: PXM 1 -> APIC 0x0094 -> Node 1
[    0.015731] SRAT: PXM 1 -> APIC 0x0095 -> Node 1
[    0.015732] SRAT: PXM 1 -> APIC 0x0096 -> Node 1
[    0.015733] SRAT: PXM 1 -> APIC 0x0097 -> Node 1
[    0.015733] SRAT: PXM 1 -> APIC 0x0098 -> Node 1
[    0.015734] SRAT: PXM 1 -> APIC 0x0099 -> Node 1
[    0.015735] SRAT: PXM 1 -> APIC 0x009a -> Node 1
[    0.015735] SRAT: PXM 1 -> APIC 0x009b -> Node 1
[    0.015736] SRAT: PXM 1 -> APIC 0x009c -> Node 1
[    0.015737] SRAT: PXM 1 -> APIC 0x009d -> Node 1
[    0.015737] SRAT: PXM 1 -> APIC 0x009e -> Node 1
[    0.015738] SRAT: PXM 1 -> APIC 0x009f -> Node 1
[    0.015739] SRAT: PXM 1 -> APIC 0x00a0 -> Node 1
[    0.015739] SRAT: PXM 1 -> APIC 0x00a1 -> Node 1
[    0.015740] SRAT: PXM 1 -> APIC 0x00a2 -> Node 1
[    0.015741] SRAT: PXM 1 -> APIC 0x00a3 -> Node 1
[    0.015741] SRAT: PXM 1 -> APIC 0x00a4 -> Node 1
[    0.015742] SRAT: PXM 1 -> APIC 0x00a5 -> Node 1
[    0.015743] SRAT: PXM 1 -> APIC 0x00a6 -> Node 1
[    0.015743] SRAT: PXM 1 -> APIC 0x00a7 -> Node 1
[    0.015744] SRAT: PXM 1 -> APIC 0x00a8 -> Node 1
[    0.015745] SRAT: PXM 1 -> APIC 0x00a9 -> Node 1
[    0.015745] SRAT: PXM 1 -> APIC 0x00aa -> Node 1
[    0.015746] SRAT: PXM 1 -> APIC 0x00ab -> Node 1
[    0.015747] SRAT: PXM 1 -> APIC 0x00ac -> Node 1
[    0.015747] SRAT: PXM 1 -> APIC 0x00ad -> Node 1
[    0.015748] SRAT: PXM 1 -> APIC 0x00ae -> Node 1
[    0.015748] SRAT: PXM 1 -> APIC 0x00af -> Node 1
[    0.015749] SRAT: PXM 1 -> APIC 0x00b0 -> Node 1
[    0.015750] SRAT: PXM 1 -> APIC 0x00b1 -> Node 1
[    0.015750] SRAT: PXM 1 -> APIC 0x00b2 -> Node 1
[    0.015751] SRAT: PXM 1 -> APIC 0x00b3 -> Node 1
[    0.015752] SRAT: PXM 1 -> APIC 0x00b4 -> Node 1
[    0.015752] SRAT: PXM 1 -> APIC 0x00b5 -> Node 1
[    0.015753] SRAT: PXM 1 -> APIC 0x00b6 -> Node 1
[    0.015754] SRAT: PXM 1 -> APIC 0x00b7 -> Node 1
[    0.015766] ACPI: SRAT: Node 0 PXM 0 [mem 0x00000000-0x7fffffff]
[    0.015767] ACPI: SRAT: Node 0 PXM 0 [mem 0x100000000-0x107fffffff]
[    0.015769] ACPI: SRAT: Node 2 PXM 2 [mem 0x2080000000-0x9e7fffffff] non-volatile
[    0.015770] ACPI: SRAT: Node 1 PXM 1 [mem 0x1080000000-0x207fffffff]
[    0.015771] ACPI: SRAT: Node 3 PXM 3 [mem 0x9e80000000-0x11c7fffffff] non-volatile
[    0.015781] NUMA: Initialized distance table, cnt=4
[    0.015784] NUMA: Node 0 [mem 0x00000000-0x7fffffff] + [mem 0x100000000-0x107fffffff] -> [mem 0x00000000-0x107fffffff]
[    0.015793] NODE_DATA(0) allocated [mem 0xffffd5000-0xfffffffff]
[    0.015814] NODE_DATA(1) allocated [mem 0x205de32000-0x205de5cfff]
[    0.015991] Zone ranges:
[    0.015992]   DMA      [mem 0x0000000000001000-0x0000000000ffffff]
[    0.015994]   DMA32    [mem 0x0000000001000000-0x00000000ffffffff]
[    0.015995]   Normal   [mem 0x0000000100000000-0x000000207fffffff]
[    0.015997]   Device   empty
[    0.015998] Movable zone start for each node
[    0.016001] Early memory node ranges
[    0.016002]   node   0: [mem 0x0000000000001000-0x000000000008efff]
[    0.016003]   node   0: [mem 0x0000000000090000-0x000000000009ffff]
[    0.016004]   node   0: [mem 0x0000000000100000-0x0000000049e76fff]
[    0.016005]   node   0: [mem 0x000000004ae77000-0x000000004b2cefff]
[    0.016006]   node   0: [mem 0x000000004b54e000-0x000000004bd93fff]
[    0.016007]   node   0: [mem 0x000000004be9a000-0x000000004cdfffff]
[    0.016008]   node   0: [mem 0x000000004d000000-0x000000005eefdfff]
[    0.016008]   node   0: [mem 0x000000006f7ff000-0x000000006f7fffff]
[    0.016009]   node   0: [mem 0x0000000a15000000-0x0000000fffffffff]
[    0.016011]   node   1: [mem 0x0000001ec0000000-0x000000207fffffff]
[    0.016013] Initmem setup node 0 [mem 0x0000000000001000-0x0000000fffffffff]
[    0.016016] Initmem setup node 1 [mem 0x0000001ec0000000-0x000000207fffffff]
[    0.016017] Initializing node 2 as memoryless
[    0.016041] Initmem setup node 2 as memoryless
[    0.016042] Initializing node 3 as memoryless
[    0.016062] Initmem setup node 3 as memoryless
[    0.016064] On node 0, zone DMA: 1 pages in unavailable ranges
[    0.016065] On node 0, zone DMA: 1 pages in unavailable ranges
[    0.016095] On node 0, zone DMA: 96 pages in unavailable ranges
[    0.018357] On node 0, zone DMA32: 4096 pages in unavailable ranges
[    0.018378] On node 0, zone DMA32: 639 pages in unavailable ranges
[    0.018411] On node 0, zone DMA32: 262 pages in unavailable ranges
[    0.018938] On node 0, zone DMA32: 512 pages in unavailable ranges
[    0.019209] On node 0, zone DMA32: 35073 pages in unavailable ranges
[    0.065397] On node 0, zone Normal: 22528 pages in unavailable ranges
[    0.079672] ACPI: PM-Timer IO Port: 0x508
[    0.079691] ACPI: X2APIC_NMI (uid[0xffffffff] high edge lint[0x1])
[    0.079694] ACPI: LAPIC_NMI (acpi_id[0xff] high edge lint[0x1])
[    0.079713] IOAPIC[0]: apic_id 8, version 32, address 0xfec00000, GSI 0-119
[    0.079716] ACPI: INT_SRC_OVR (bus 0 bus_irq 0 global_irq 2 dfl dfl)
[    0.079718] ACPI: INT_SRC_OVR (bus 0 bus_irq 9 global_irq 9 high level)
[    0.079723] ACPI: Using ACPI (MADT) for SMP configuration information
[    0.079724] ACPI: HPET id: 0x8086a701 base: 0xfed00000
[    0.079728] TSC deadline timer available
[    0.079729] smpboot: Allowing 112 CPUs, 0 hotplug CPUs
[    0.079758] PM: hibernation: Registered nosave memory: [mem 0x00000000-0x00000fff]
[    0.079760] PM: hibernation: Registered nosave memory: [mem 0x0008f000-0x0008ffff]
[    0.079762] PM: hibernation: Registered nosave memory: [mem 0x000a0000-0x000fffff]
[    0.079764] PM: hibernation: Registered nosave memory: [mem 0x46cc4000-0x46cc4fff]
[    0.079766] PM: hibernation: Registered nosave memory: [mem 0x46cf5000-0x46cf5fff]
[    0.079767] PM: hibernation: Registered nosave memory: [mem 0x46cf6000-0x46cf6fff]
[    0.079769] PM: hibernation: Registered nosave memory: [mem 0x46d28000-0x46d28fff]
[    0.079770] PM: hibernation: Registered nosave memory: [mem 0x46d29000-0x46d29fff]
[    0.079771] PM: hibernation: Registered nosave memory: [mem 0x46d5b000-0x46d5bfff]
[    0.079772] PM: hibernation: Registered nosave memory: [mem 0x46d5c000-0x46d5cfff]
[    0.079774] PM: hibernation: Registered nosave memory: [mem 0x46d64000-0x46d64fff]
[    0.079776] PM: hibernation: Registered nosave memory: [mem 0x49e77000-0x4ae76fff]
[    0.079778] PM: hibernation: Registered nosave memory: [mem 0x4b2cf000-0x4b54dfff]
[    0.079779] PM: hibernation: Registered nosave memory: [mem 0x4bd94000-0x4be99fff]
[    0.079781] PM: hibernation: Registered nosave memory: [mem 0x4ce00000-0x4cffffff]
[    0.079783] PM: hibernation: Registered nosave memory: [mem 0x5eefe000-0x6e3fefff]
[    0.079784] PM: hibernation: Registered nosave memory: [mem 0x6e3ff000-0x6f3fefff]
[    0.079785] PM: hibernation: Registered nosave memory: [mem 0x6f3ff000-0x6f7fefff]
[    0.079786] PM: hibernation: Registered nosave memory: [mem 0x6f800000-0x8fffffff]
[    0.079787] PM: hibernation: Registered nosave memory: [mem 0x90000000-0xfdffffff]
[    0.079788] PM: hibernation: Registered nosave memory: [mem 0xfe000000-0xfe010fff]
[    0.079789] PM: hibernation: Registered nosave memory: [mem 0xfe011000-0xffffffff]
[    0.079789] PM: hibernation: Registered nosave memory: [mem 0x100000000-0xa14ffffff]
[    0.079791] PM: hibernation: Registered nosave memory: [mem 0x1000000000-0x1ebfffffff]
[    0.079793] [mem 0x90000000-0xfdffffff] available for PCI devices
[    0.079795] Booting paravirtualized kernel on bare hardware
[    0.079797] clocksource: refined-jiffies: mask: 0xffffffff max_cycles: 0xffffffff, max_idle_ns: 7645519600211568 ns
[    0.079803] setup_percpu: NR_CPUS:8192 nr_cpumask_bits:112 nr_cpu_ids:112 nr_node_ids:4
[    0.084506] percpu: Embedded 61 pages/cpu s212992 r8192 d28672 u262144
[    0.084517] pcpu-alloc: s212992 r8192 d28672 u262144 alloc=1*2097152
[    0.084520] pcpu-alloc: [0] 000 002 004 006 008 010 012 014 
[    0.084526] pcpu-alloc: [0] 016 018 020 022 024 026 028 030 
[    0.084531] pcpu-alloc: [0] 032 034 036 038 040 042 044 046 
[    0.084536] pcpu-alloc: [0] 048 050 052 054 056 058 060 062 
[    0.084540] pcpu-alloc: [0] 064 066 068 070 072 074 076 078 
[    0.084545] pcpu-alloc: [0] 080 082 084 086 088 090 092 094 
[    0.084549] pcpu-alloc: [0] 096 098 100 102 104 106 108 110 
[    0.084554] pcpu-alloc: [1] 001 003 005 007 009 011 013 015 
[    0.084559] pcpu-alloc: [1] 017 019 021 023 025 027 029 031 
[    0.084563] pcpu-alloc: [1] 033 035 037 039 041 043 045 047 
[    0.084567] pcpu-alloc: [1] 049 051 053 055 057 059 061 063 
[    0.084572] pcpu-alloc: [1] 065 067 069 071 073 075 077 079 
[    0.084576] pcpu-alloc: [1] 081 083 085 087 089 091 093 095 
[    0.084581] pcpu-alloc: [1] 097 099 101 103 105 107 109 111 
[    0.084626] Fallback order for Node 0: 0 1 
[    0.084629] Fallback order for Node 1: 1 0 
[    0.084632] Fallback order for Node 2: 2 0 1 
[    0.084635] Fallback order for Node 3: 3 1 0 
[    0.084643] Built 2 zonelists, mobility grouping on.  Total pages: 8290900
[    0.084644] Policy zone: Normal
[    0.084646] Kernel command line: BOOT_IMAGE=/boot/vmlinuz-5.18.0 root=UUID=ce0c24b8-724b-4f33-9b2c-618433560aef ro memmap=37200M!4096M memmap=59G!64G quiet splash nomodeset vt.handoff=1
[    0.084771] Booted with the nomodeset parameter. Only the system framebuffer will be available
[    0.084793] Unknown kernel command line parameters "splash BOOT_IMAGE=/boot/vmlinuz-5.18.0", will be passed to user space.
[    0.084795] printk: log_buf_len individual max cpu contribution: 4096 bytes
[    0.084796] printk: log_buf_len total cpu_extra contributions: 454656 bytes
[    0.084797] printk: log_buf_len min size: 262144 bytes
[    0.085777] printk: log_buf_len: 1048576 bytes
[    0.085778] printk: early log buf free: 223664(85%)
[    0.087687] mem auto-init: stack:off, heap alloc:on, heap free:off
[    0.171044] Memory: 32335784K/33694816K available (16392K kernel code, 3615K rwdata, 10444K rodata, 2688K init, 5836K bss, 1358772K reserved, 0K cma-reserved)
[    0.171051] random: get_random_u64 called from __kmem_cache_create+0x2d/0x480 with crng_init=0
[    0.171752] SLUB: HWalign=64, Order=0-3, MinObjects=0, CPUs=112, Nodes=4
[    0.171784] ftrace: allocating 48795 entries in 191 pages
[    0.180345] ftrace: allocated 191 pages with 7 groups
[    0.181311] Dynamic Preempt: voluntary
[    0.181648] rcu: Preemptible hierarchical RCU implementation.
[    0.181649] rcu: 	RCU restricting CPUs from NR_CPUS=8192 to nr_cpu_ids=112.
[    0.181651] 	Trampoline variant of Tasks RCU enabled.
[    0.181651] 	Rude variant of Tasks RCU enabled.
[    0.181652] 	Tracing variant of Tasks RCU enabled.
[    0.181652] rcu: RCU calculated value of scheduler-enlistment delay is 25 jiffies.
[    0.181653] rcu: Adjusting geometry for rcu_fanout_leaf=16, nr_cpu_ids=112
[    0.185469] NR_IRQS: 524544, nr_irqs: 2952, preallocated irqs: 16
[    0.185815] random: crng init done (trusting CPU's manufacturer)
[    0.185946] Console: colour dummy device 80x25
[    0.185981] printk: console [tty0] enabled
[    0.186180] mempolicy: Enabling automatic NUMA balancing. Configure with numa_balancing= or the kernel.numa_balancing sysctl
[    0.186185] ACPI: Core revision 20211217
[    0.189566] clocksource: hpet: mask: 0xffffffff max_cycles: 0xffffffff, max_idle_ns: 79635855245 ns
[    0.189610] APIC: Switch to symmetric I/O mode setup
[    0.189612] DMAR: Host address width 46
[    0.189613] DMAR: DRHD base: 0x000000d0ffc000 flags: 0x0
[    0.189618] DMAR: dmar0: reg_base_addr d0ffc000 ver 4:0 cap 8ed008c40780466 ecap 60000f050df
[    0.189621] DMAR: DRHD base: 0x000000dbbfc000 flags: 0x0
[    0.189624] DMAR: dmar1: reg_base_addr dbbfc000 ver 4:0 cap 8ed008c40780466 ecap 60000f050df
[    0.189626] DMAR: DRHD base: 0x000000e67fc000 flags: 0x0
[    0.189629] DMAR: dmar2: reg_base_addr e67fc000 ver 4:0 cap 8ed008c40780466 ecap 60000f050df
[    0.189631] DMAR: DRHD base: 0x000000f13fc000 flags: 0x0
[    0.189633] DMAR: dmar3: reg_base_addr f13fc000 ver 4:0 cap 8ed008c40780466 ecap 60000f050df
[    0.189636] DMAR: DRHD base: 0x000000fb7fc000 flags: 0x0
[    0.189638] DMAR: dmar4: reg_base_addr fb7fc000 ver 4:0 cap 8ed008c40780466 ecap 60000f050df
[    0.189640] DMAR: DRHD base: 0x000000a63fc000 flags: 0x0
[    0.189642] DMAR: dmar5: reg_base_addr a63fc000 ver 4:0 cap 8ed008c40780466 ecap 60000f050df
[    0.189644] DMAR: DRHD base: 0x000000b0ffc000 flags: 0x0
[    0.189650] DMAR: dmar6: reg_base_addr b0ffc000 ver 4:0 cap 8ed008c40780466 ecap 60000f050df
[    0.189652] DMAR: DRHD base: 0x000000bbbfc000 flags: 0x0
[    0.189654] DMAR: dmar7: reg_base_addr bbbfc000 ver 4:0 cap 8ed008c40780466 ecap 60000f050df
[    0.189656] DMAR: DRHD base: 0x000000c5ffc000 flags: 0x0
[    0.189658] DMAR: dmar8: reg_base_addr c5ffc000 ver 4:0 cap 8ed008c40780466 ecap 60000f050df
[    0.189660] DMAR: DRHD base: 0x0000009b7fc000 flags: 0x1
[    0.189663] DMAR: dmar9: reg_base_addr 9b7fc000 ver 4:0 cap 8ed008c40780466 ecap 60000f050df
[    0.189665] DMAR: RMRR base: 0x00000069427000 end: 0x00000069429fff
[    0.189666] DMAR: ATSR flags: 0x0
[    0.189668] DMAR-IR: IOAPIC id 8 under DRHD base  0x9b7fc000 IOMMU 9
[    0.189670] DMAR-IR: HPET id 0 under DRHD base 0x9b7fc000
[    0.189671] DMAR-IR: Queued invalidation will be enabled to support x2apic and Intr-remapping.
[    0.192519] DMAR-IR: Enabled IRQ remapping in x2apic mode
[    0.195147] ..TIMER: vector=0x30 apic1=0 pin1=2 apic2=-1 pin2=-1
[    0.213541] clocksource: tsc-early: mask: 0xffffffffffffffff max_cycles: 0x39a85c9bff6, max_idle_ns: 881590591483 ns
[    0.213547] Calibrating delay loop (skipped), value calculated using timer frequency.. 4000.00 BogoMIPS (lpj=8000000)
[    0.213550] pid_max: default: 114688 minimum: 896
[    0.217416] LSM: Security Framework initializing
[    0.217441] Yama: becoming mindful.
[    0.217490] AppArmor: AppArmor initialized
[    0.221443] Dentry cache hash table entries: 4194304 (order: 13, 33554432 bytes, vmalloc hugepage)
[    0.223476] Inode-cache hash table entries: 2097152 (order: 12, 16777216 bytes, vmalloc hugepage)
[    0.223579] Mount-cache hash table entries: 65536 (order: 7, 524288 bytes, vmalloc)
[    0.223648] Mountpoint-cache hash table entries: 65536 (order: 7, 524288 bytes, vmalloc)
[    0.224181] x86/tme: not enabled by BIOS
[    0.224191] CPU0: Thermal monitoring enabled (TM1)
[    0.224193] x86/cpu: User Mode Instruction Prevention (UMIP) activated
[    0.224428] process: using mwait in idle threads
[    0.224430] Last level iTLB entries: 4KB 0, 2MB 0, 4MB 0
[    0.224431] Last level dTLB entries: 4KB 0, 2MB 0, 4MB 0, 1GB 0
[    0.224438] Spectre V1 : Mitigation: usercopy/swapgs barriers and __user pointer sanitization
[    0.224440] Spectre V2 : WARNING: Unprivileged eBPF is enabled with eIBRS on, data leaks possible via Spectre v2 BHB attacks!
[    0.224445] Spectre V2 : Mitigation: Enhanced IBRS
[    0.224445] Spectre V2 : Spectre v2 / SpectreRSB mitigation: Filling RSB on context switch
[    0.224447] Spectre V2 : mitigation: Enabling conditional Indirect Branch Prediction Barrier
[    0.224449] Speculative Store Bypass: Mitigation: Speculative Store Bypass disabled via prctl
[    0.229612] Freeing SMP alternatives memory: 40K
[    0.233684] smpboot: Estimated ratio of average max frequency by base frequency (times 1024): 1433
[    0.233699] smpboot: CPU0: Intel(R) Xeon(R) Gold 6330 CPU @ 2.00GHz (family: 0x6, model: 0x6a, stepping: 0x6)
[    0.233910] cblist_init_generic: Setting adjustable number of callback queues.
[    0.233925] cblist_init_generic: Setting shift to 7 and lim to 1.
[    0.233951] cblist_init_generic: Setting shift to 7 and lim to 1.
[    0.233978] cblist_init_generic: Setting shift to 7 and lim to 1.
[    0.233989] Performance Events: PEBS fmt4+-baseline,  AnyThread deprecated, Icelake events, 32-deep LBR, full-width counters, Intel PMU driver.
[    0.234026] ... version:                5
[    0.234027] ... bit width:              48
[    0.234027] ... generic registers:      8
[    0.234028] ... value mask:             0000ffffffffffff
[    0.234029] ... max period:             00007fffffffffff
[    0.234029] ... fixed-purpose events:   4
[    0.234030] ... event mask:             0001000f000000ff
[    0.234209] rcu: Hierarchical SRCU implementation.
[    0.241445] NMI watchdog: Enabled. Permanently consumes one hw-PMU counter.
[    0.242566] smp: Bringing up secondary CPUs ...
[    0.242698] x86: Booting SMP configuration:
[    0.242699] .... node  #1, CPUs:          #1
[    0.007736] smpboot: CPU 1 Converting physical 0 to logical die 1

[    0.329665] .... node  #0, CPUs:     #2
[    0.335042] .... node  #1, CPUs:     #3
[    0.340488] .... node  #0, CPUs:     #4
[    0.345884] .... node  #1, CPUs:     #5
[    0.351288] .... node  #0, CPUs:     #6
[    0.356879] .... node  #1, CPUs:     #7
[    0.362489] .... node  #0, CPUs:     #8
[    0.367790] .... node  #1, CPUs:     #9
[    0.373652] .... node  #0, CPUs:    #10
[    0.379290] .... node  #1, CPUs:    #11
[    0.385049] .... node  #0, CPUs:    #12
[    0.390577] .... node  #1, CPUs:    #13
[    0.395945] .... node  #0, CPUs:    #14
[    0.401185] .... node  #1, CPUs:    #15
[    0.406524] .... node  #0, CPUs:    #16
[    0.411810] .... node  #1, CPUs:    #17
[    0.417136] .... node  #0, CPUs:    #18
[    0.422402] .... node  #1, CPUs:    #19
[    0.428074] .... node  #0, CPUs:    #20
[    0.433578] .... node  #1, CPUs:    #21
[    0.438960] .... node  #0, CPUs:    #22
[    0.444409] .... node  #1, CPUs:    #23
[    0.449698] .... node  #0, CPUs:    #24
[    0.455344] .... node  #1, CPUs:    #25
[    0.460693] .... node  #0, CPUs:    #26
[    0.465927] .... node  #1, CPUs:    #27
[    0.471253] .... node  #0, CPUs:    #28
[    0.476784] .... node  #1, CPUs:    #29
[    0.482098] .... node  #0, CPUs:    #30
[    0.487337] .... node  #1, CPUs:    #31
[    0.492839] .... node  #0, CPUs:    #32
[    0.498130] .... node  #1, CPUs:    #33
[    0.503528] .... node  #0, CPUs:    #34
[    0.508991] .... node  #1, CPUs:    #35
[    0.514317] .... node  #0, CPUs:    #36
[    0.519558] .... node  #1, CPUs:    #37
[    0.524881] .... node  #0, CPUs:    #38
[    0.530461] .... node  #1, CPUs:    #39
[    0.536005] .... node  #0, CPUs:    #40
[    0.541711] .... node  #1, CPUs:    #41
[    0.547412] .... node  #0, CPUs:    #42
[    0.552733] .... node  #1, CPUs:    #43
[    0.558395] .... node  #0, CPUs:    #44
[    0.563776] .... node  #1, CPUs:    #45
[    0.569260] .... node  #0, CPUs:    #46
[    0.574810] .... node  #1, CPUs:    #47
[    0.580286] .... node  #0, CPUs:    #48
[    0.585710] .... node  #1, CPUs:    #49
[    0.591102] .... node  #0, CPUs:    #50
[    0.596619] .... node  #1, CPUs:    #51
[    0.602279] .... node  #0, CPUs:    #52
[    0.607773] .... node  #1, CPUs:    #53
[    0.613604] .... node  #0, CPUs:    #54
[    0.619094] .... node  #1, CPUs:    #55
[    0.624923] .... node  #0, CPUs:    #56
[    0.629545] .... node  #1, CPUs:    #57
[    0.633290] .... node  #0, CPUs:    #58
[    0.638719] .... node  #1, CPUs:    #59
[    0.644181] .... node  #0, CPUs:    #60
[    0.649717] .... node  #1, CPUs:    #61
[    0.655017] .... node  #0, CPUs:    #62
[    0.660624] .... node  #1, CPUs:    #63
[    0.666252] .... node  #0, CPUs:    #64
[    0.671573] .... node  #1, CPUs:    #65
[    0.677562] .... node  #0, CPUs:    #66
[    0.683109] .... node  #1, CPUs:    #67
[    0.688878] .... node  #0, CPUs:    #68
[    0.694433] .... node  #1, CPUs:    #69
[    0.699833] .... node  #0, CPUs:    #70
[    0.705118] .... node  #1, CPUs:    #71
[    0.710480] .... node  #0, CPUs:    #72
[    0.715785] .... node  #1, CPUs:    #73
[    0.721142] .... node  #0, CPUs:    #74
[    0.726414] .... node  #1, CPUs:    #75
[    0.732092] .... node  #0, CPUs:    #76
[    0.737628] .... node  #1, CPUs:    #77
[    0.743016] .... node  #0, CPUs:    #78
[    0.748483] .... node  #1, CPUs:    #79
[    0.753793] .... node  #0, CPUs:    #80
[    0.759463] .... node  #1, CPUs:    #81
[    0.764834] .... node  #0, CPUs:    #82
[    0.770078] .... node  #1, CPUs:    #83
[    0.775425] .... node  #0, CPUs:    #84
[    0.780961] .... node  #1, CPUs:    #85
[    0.786295] .... node  #0, CPUs:    #86
[    0.791564] .... node  #1, CPUs:    #87
[    0.797072] .... node  #0, CPUs:    #88
[    0.802401] .... node  #1, CPUs:    #89
[    0.807834] .... node  #0, CPUs:    #90
[    0.813581] .... node  #1, CPUs:    #91
[    0.818680] .... node  #0, CPUs:    #92
[    0.823931] .... node  #1, CPUs:    #93
[    0.829285] .... node  #0, CPUs:    #94
[    0.834884] .... node  #1, CPUs:    #95
[    0.840447] .... node  #0, CPUs:    #96
[    0.846093] .... node  #1, CPUs:    #97
[    0.851867] .... node  #0, CPUs:    #98
[    0.857222] .... node  #1, CPUs:    #99
[    0.862899] .... node  #0, CPUs:   #100
[    0.868293] .... node  #1, CPUs:   #101
[    0.873794] .... node  #0, CPUs:   #102
[    0.879363] .... node  #1, CPUs:   #103
[    0.884853] .... node  #0, CPUs:   #104
[    0.890224] .... node  #1, CPUs:   #105
[    0.895698] .... node  #0, CPUs:   #106
[    0.901217] .... node  #1, CPUs:   #107
[    0.906917] .... node  #0, CPUs:   #108
[    0.912411] .... node  #1, CPUs:   #109
[    0.918046] .... node  #0, CPUs:   #110
[    0.923787] .... node  #1, CPUs:   #111
[    0.929657] smp: Brought up 2 nodes, 112 CPUs
[    0.929657] smpboot: Max logical packages: 2
[    0.929657] smpboot: Total of 112 processors activated (448093.01 BogoMIPS)
[    0.936985] devtmpfs: initialized
[    0.936985] x86/mm: Memory block size: 2048MB
[    0.937562] ACPI: PM: Registering ACPI NVS region [mem 0x49e77000-0x4ae76fff] (16777216 bytes)
[    0.937775] ACPI: PM: Registering ACPI NVS region [mem 0x6e3ff000-0x6f3fefff] (16777216 bytes)
[    0.938058] clocksource: jiffies: mask: 0xffffffff max_cycles: 0xffffffff, max_idle_ns: 7645041785100000 ns
[    0.938357] futex hash table entries: 32768 (order: 9, 2097152 bytes, vmalloc)
[    0.938607] pinctrl core: initialized pinctrl subsystem
[    0.938756] PM: RTC time: 08:07:46, date: 2024-07-02
[    0.939723] NET: Registered PF_NETLINK/PF_ROUTE protocol family
[    0.940863] DMA: preallocated 4096 KiB GFP_KERNEL pool for atomic allocations
[    0.941378] DMA: preallocated 4096 KiB GFP_KERNEL|GFP_DMA pool for atomic allocations
[    0.941888] DMA: preallocated 4096 KiB GFP_KERNEL|GFP_DMA32 pool for atomic allocations
[    0.941898] audit: initializing netlink subsys (disabled)
[    0.941906] audit: type=2000 audit(1719907665.752:1): state=initialized audit_enabled=0 res=1
[    0.941906] thermal_sys: Registered thermal governor 'fair_share'
[    0.941906] thermal_sys: Registered thermal governor 'bang_bang'
[    0.941906] thermal_sys: Registered thermal governor 'step_wise'
[    0.941906] thermal_sys: Registered thermal governor 'user_space'
[    0.941906] EISA bus registered
[    0.941906] cpuidle: using governor ladder
[    0.941906] cpuidle: using governor menu
[    0.941906] ACPI FADT declares the system doesn't support PCIe ASPM, so disable it
[    0.941906] acpiphp: ACPI Hot Plug PCI Controller Driver version: 0.5
[    0.941906] PCI: MMCONFIG for domain 0000 [bus 00-ff] at [mem 0x80000000-0x8fffffff] (base 0x80000000)
[    0.941906] PCI: MMCONFIG at [mem 0x80000000-0x8fffffff] reserved in E820
[    0.941906] pmd_set_huge: Cannot satisfy [mem 0x80000000-0x80200000] with a huge-page mapping due to MTRR override.
[    0.941906] PCI: Using configuration type 1 for base access
[    0.941906] PCI: Dell System detected, enabling pci=bfsort.
[    0.944038] ENERGY_PERF_BIAS: Set to 'normal', was 'performance'
[    0.949619] kprobes: kprobe jump-optimization is enabled. All kprobes are optimized if possible.
[    0.949625] HugeTLB registered 1.00 GiB page size, pre-allocated 0 pages
[    0.949625] HugeTLB registered 2.00 MiB page size, pre-allocated 0 pages
[    0.949852] fbcon: Taking over console
[    0.949852] ACPI: Added _OSI(Module Device)
[    0.949852] ACPI: Added _OSI(Processor Device)
[    0.949852] ACPI: Added _OSI(3.0 _SCP Extensions)
[    0.949852] ACPI: Added _OSI(Processor Aggregator Device)
[    0.949852] ACPI: Added _OSI(Linux-Dell-Video)
[    0.949852] ACPI: Added _OSI(Linux-Lenovo-NV-HDMI-Audio)
[    0.949852] ACPI: Added _OSI(Linux-HPI-Hybrid-Graphics)
[    1.121128] ACPI: 8 ACPI AML tables successfully acquired and loaded
[    1.127413] ACPI: [Firmware Bug]: BIOS _OSI(Linux) query ignored
[    1.133572] ACPI: Dynamic OEM Table Load:
[    1.549149] ACPI: Interpreter enabled
[    1.549170] ACPI: PM: (supports S0 S5)
[    1.549171] ACPI: Using IOAPIC for interrupt routing
[    1.549259] HEST: Table parsing has been initialized.
[    1.549444] GHES: APEI firmware first mode is enabled by APEI bit and WHEA _OSC.
[    1.549447] PCI: Using host bridge windows from ACPI; if necessary, use "pci=nocrs" and report a bug
[    1.579272] ACPI: Enabled 4 GPEs in block 00 to 7F
[    1.707158] ACPI: PCI Root Bridge [PC00] (domain 0000 [bus 00-15])
[    1.707164] acpi PNP0A08:00: _OSC: OS supports [ExtendedConfig ASPM ClockPM Segments MSI HPX-Type3]
[    1.775998] acpi PNP0A08:00: _OSC: platform does not support [SHPCHotplug AER LTR]
[    1.776225] acpi PNP0A08:00: _OSC: OS now controls [PCIeHotplug PME PCIeCapability]
[    1.776226] acpi PNP0A08:00: FADT indicates ASPM is unsupported, using BIOS configuration
[    1.778112] PCI host bridge to bus 0000:00
[    1.778114] pci_bus 0000:00: root bus resource [io  0x0000-0x0cf7 window]
[    1.778116] pci_bus 0000:00: root bus resource [io  0x1000-0x4fff window]
[    1.778118] pci_bus 0000:00: root bus resource [mem 0x000a0000-0x000bffff window]
[    1.778119] pci_bus 0000:00: root bus resource [mem 0x000c8000-0x000cffff window]
[    1.778120] pci_bus 0000:00: root bus resource [mem 0xfe010000-0xfe010fff window]
[    1.778122] pci_bus 0000:00: root bus resource [mem 0x90000000-0x9b7fffff window]
[    1.778123] pci_bus 0000:00: root bus resource [mem 0x200000000000-0x20ffffffffff window]
[    1.778124] pci_bus 0000:00: root bus resource [bus 00-15]
[    1.778139] pci 0000:00:00.0: [8086:09a2] type 00 class 0x088000
[    1.778239] pci 0000:00:00.1: [8086:09a4] type 00 class 0x088000
[    1.778307] pci 0000:00:00.2: [8086:09a3] type 00 class 0x088000
[    1.778374] pci 0000:00:00.4: [8086:0998] type 00 class 0x060000
[    1.778443] pci 0000:00:02.0: [8086:09a6] type 00 class 0x088000
[    1.778451] pci 0000:00:02.0: reg 0x10: [mem 0x92dfc000-0x92dfdfff]
[    1.778525] pci 0000:00:02.1: [8086:09a7] type 00 class 0x088000
[    1.778534] pci 0000:00:02.1: reg 0x10: [mem 0x92d00000-0x92d7ffff]
[    1.778539] pci 0000:00:02.1: reg 0x14: [mem 0x92c80000-0x92cfffff]
[    1.778612] pci 0000:00:02.4: [8086:3456] type 00 class 0x130000
[    1.778622] pci 0000:00:02.4: reg 0x10: [mem 0x92a00000-0x92afffff 64bit]
[    1.778629] pci 0000:00:02.4: reg 0x18: [mem 0x92df0000-0x92df3fff 64bit]
[    1.778636] pci 0000:00:02.4: reg 0x20: [mem 0x92dc0000-0x92ddffff 64bit]
[    1.778715] pci 0000:00:11.0: [8086:a1ec] type 00 class 0xff0000
[    1.778717] pci 0000:00:11.0: device has non-compliant BARs; disabling IO/MEM decoding
[    1.778808] pci 0000:00:11.5: [8086:a1d2] type 00 class 0x010601
[    1.778820] pci 0000:00:11.5: reg 0x10: [mem 0x92dfa000-0x92dfbfff]
[    1.778828] pci 0000:00:11.5: reg 0x14: [mem 0x92e05000-0x92e050ff]
[    1.778835] pci 0000:00:11.5: reg 0x18: [io  0x2068-0x206f]
[    1.778843] pci 0000:00:11.5: reg 0x1c: [io  0x2074-0x2077]
[    1.778850] pci 0000:00:11.5: reg 0x20: [io  0x2040-0x205f]
[    1.778858] pci 0000:00:11.5: reg 0x24: [mem 0x92b80000-0x92bfffff]
[    1.778895] pci 0000:00:11.5: PME# supported from D3hot
[    1.779113] pci 0000:00:14.0: [8086:a1af] type 00 class 0x0c0330
[    1.779131] pci 0000:00:14.0: reg 0x10: [mem 0x92de0000-0x92deffff 64bit]
[    1.779194] pci 0000:00:14.0: PME# supported from D3hot D3cold
[    1.779425] pci 0000:00:14.2: [8086:a1b1] type 00 class 0x118000
[    1.779442] pci 0000:00:14.2: reg 0x10: [mem 0x92e02000-0x92e02fff 64bit]
[    1.779566] pci 0000:00:16.0: [8086:a1ba] type 00 class 0x078000
[    1.779589] pci 0000:00:16.0: reg 0x10: [mem 0x92e01000-0x92e01fff 64bit]
[    1.779673] pci 0000:00:16.0: PME# supported from D3hot
[    1.779736] pci 0000:00:16.1: [8086:a1bb] type 00 class 0x078000
[    1.779759] pci 0000:00:16.1: reg 0x10: [mem 0x92e00000-0x92e00fff 64bit]
[    1.779843] pci 0000:00:16.1: PME# supported from D3hot
[    1.779909] pci 0000:00:16.4: [8086:a1be] type 00 class 0x078000
[    1.779932] pci 0000:00:16.4: reg 0x10: [mem 0x92dff000-0x92dfffff 64bit]
[    1.780016] pci 0000:00:16.4: PME# supported from D3hot
[    1.780086] pci 0000:00:17.0: [8086:a182] type 00 class 0x010601
[    1.780098] pci 0000:00:17.0: reg 0x10: [mem 0x92df8000-0x92df9fff]
[    1.780106] pci 0000:00:17.0: reg 0x14: [mem 0x92e04000-0x92e040ff]
[    1.780113] pci 0000:00:17.0: reg 0x18: [io  0x2060-0x2067]
[    1.780120] pci 0000:00:17.0: reg 0x1c: [io  0x2070-0x2073]
[    1.780128] pci 0000:00:17.0: reg 0x20: [io  0x2020-0x203f]
[    1.780135] pci 0000:00:17.0: reg 0x24: [mem 0x92b00000-0x92b7ffff]
[    1.780172] pci 0000:00:17.0: PME# supported from D3hot
[    1.780379] pci 0000:00:1c.0: [8086:a190] type 01 class 0x060400
[    1.780454] pci 0000:00:1c.0: PME# supported from D0 D3hot D3cold
[    1.781116] pci 0000:00:1c.4: [8086:a194] type 01 class 0x060400
[    1.781186] pci 0000:00:1c.4: PME# supported from D0 D3hot D3cold
[    1.781900] pci 0000:00:1c.5: [8086:a195] type 01 class 0x060400
[    1.781971] pci 0000:00:1c.5: PME# supported from D0 D3hot D3cold
[    1.782613] pci 0000:00:1f.0: [8086:a1cb] type 00 class 0x060100
[    1.782914] pci 0000:00:1f.2: [8086:a1a1] type 00 class 0x058000
[    1.782930] pci 0000:00:1f.2: reg 0x10: [mem 0x92df4000-0x92df7fff]
[    1.783174] pci 0000:00:1f.4: [8086:a1a3] type 00 class 0x0c0500
[    1.783193] pci 0000:00:1f.4: reg 0x10: [mem 0x92dfe000-0x92dfe0ff 64bit]
[    1.783216] pci 0000:00:1f.4: reg 0x20: [io  0x2000-0x201f]
[    1.783283] pci 0000:00:1f.5: [8086:a1a4] type 00 class 0x0c8000
[    1.783298] pci 0000:00:1f.5: reg 0x10: [mem 0xfe010000-0xfe010fff]
[    1.783430] pci 0000:00:1c.0: PCI bridge to [bus 01]
[    1.783481] pci 0000:02:00.0: [1556:be00] type 01 class 0x060400
[    1.783651] pci 0000:00:1c.4: PCI bridge to [bus 02-03]
[    1.783656] pci 0000:00:1c.4:   bridge window [mem 0x92000000-0x928fffff]
[    1.783660] pci 0000:00:1c.4:   bridge window [mem 0x91000000-0x91ffffff 64bit pref]
[    1.783692] pci_bus 0000:03: extended config space not accessible
[    1.783709] pci 0000:03:00.0: [102b:0536] type 00 class 0x030000
[    1.783728] pci 0000:03:00.0: reg 0x10: [mem 0x91000000-0x91ffffff pref]
[    1.783739] pci 0000:03:00.0: reg 0x14: [mem 0x92808000-0x9280bfff]
[    1.783750] pci 0000:03:00.0: reg 0x18: [mem 0x92000000-0x927fffff]
[    1.783798] pci 0000:03:00.0: BAR 0: assigned to efifb
[    1.783806] pci 0000:03:00.0: Video device with shadowed ROM at [mem 0x000c0000-0x000dffff]
[    1.783907] pci 0000:02:00.0: PCI bridge to [bus 03]
[    1.783916] pci 0000:02:00.0:   bridge window [mem 0x92000000-0x928fffff]
[    1.783922] pci 0000:02:00.0:   bridge window [mem 0x91000000-0x91ffffff 64bit pref]
[    1.783992] pci 0000:04:00.0: [14e4:165f] type 00 class 0x020000
[    1.784016] pci 0000:04:00.0: reg 0x10: [mem 0x92930000-0x9293ffff 64bit pref]
[    1.784031] pci 0000:04:00.0: reg 0x18: [mem 0x92940000-0x9294ffff 64bit pref]
[    1.784047] pci 0000:04:00.0: reg 0x20: [mem 0x92950000-0x9295ffff 64bit pref]
[    1.784058] pci 0000:04:00.0: reg 0x30: [mem 0xfffc0000-0xffffffff pref]
[    1.784152] pci 0000:04:00.0: PME# supported from D0 D3hot D3cold
[    1.784205] pci 0000:04:00.0: 4.000 Gb/s available PCIe bandwidth, limited by 5.0 GT/s PCIe x1 link at 0000:00:1c.5 (capable of 8.000 Gb/s with 5.0 GT/s PCIe x2 link)
[    1.784767] pci 0000:04:00.1: [14e4:165f] type 00 class 0x020000
[    1.784791] pci 0000:04:00.1: reg 0x10: [mem 0x92900000-0x9290ffff 64bit pref]
[    1.784807] pci 0000:04:00.1: reg 0x18: [mem 0x92910000-0x9291ffff 64bit pref]
[    1.784823] pci 0000:04:00.1: reg 0x20: [mem 0x92920000-0x9292ffff 64bit pref]
[    1.784833] pci 0000:04:00.1: reg 0x30: [mem 0xfffc0000-0xffffffff pref]
[    1.784928] pci 0000:04:00.1: PME# supported from D0 D3hot D3cold
[    1.785506] pci 0000:00:1c.5: PCI bridge to [bus 04]
[    1.785513] pci 0000:00:1c.5:   bridge window [mem 0x92900000-0x929fffff 64bit pref]
[    1.785527] pci_bus 0000:00: on NUMA node 0
[    1.786132] ACPI: PCI Root Bridge [PC01] (domain 0000 [bus 16-2f])
[    1.786136] acpi PNP0A08:01: _OSC: OS supports [ExtendedConfig ASPM ClockPM Segments MSI HPX-Type3]
[    1.800988] acpi PNP0A08:01: _OSC: platform does not support [SHPCHotplug AER]
[    1.801205] acpi PNP0A08:01: _OSC: OS now controls [PCIeHotplug PME PCIeCapability LTR]
[    1.801206] acpi PNP0A08:01: FADT indicates ASPM is unsupported, using BIOS configuration
[    1.801341] PCI host bridge to bus 0000:16
[    1.801343] pci_bus 0000:16: root bus resource [io  0x5000-0x6fff window]
[    1.801344] pci_bus 0000:16: root bus resource [mem 0x9b800000-0xa63fffff window]
[    1.801346] pci_bus 0000:16: root bus resource [mem 0x210000000000-0x21ffffffffff window]
[    1.801347] pci_bus 0000:16: root bus resource [bus 16-2f]
[    1.801358] pci 0000:16:00.0: [8086:09a2] type 00 class 0x088000
[    1.801428] pci 0000:16:00.1: [8086:09a4] type 00 class 0x088000
[    1.801491] pci 0000:16:00.2: [8086:09a3] type 00 class 0x088000
[    1.801554] pci 0000:16:00.4: [8086:0998] type 00 class 0x060000
[    1.801626] pci 0000:16:02.0: [8086:347a] type 01 class 0x060400
[    1.801635] pci 0000:16:02.0: reg 0x10: [mem 0x21fffff00000-0x21fffff1ffff 64bit]
[    1.801674] pci 0000:16:02.0: PME# supported from D0 D3hot D3cold
[    1.802628] pci 0000:17:00.0: [1000:10e2] type 00 class 0x010400
[    1.802641] pci 0000:17:00.0: reg 0x10: [mem 0x9b800000-0x9b8fffff 64bit pref]
[    1.802650] pci 0000:17:00.0: reg 0x18: [mem 0x9b900000-0x9b9fffff 64bit pref]
[    1.802655] pci 0000:17:00.0: reg 0x20: [mem 0x9ba00000-0x9bafffff]
[    1.802661] pci 0000:17:00.0: reg 0x24: [io  0x5000-0x50ff]
[    1.802667] pci 0000:17:00.0: reg 0x30: [mem 0xfff00000-0xffffffff pref]
[    1.803781] pci 0000:17:00.0: supports D1 D2
[    1.803850] pci 0000:16:02.0: PCI bridge to [bus 17]
[    1.803853] pci 0000:16:02.0:   bridge window [io  0x5000-0x5fff]
[    1.803855] pci 0000:16:02.0:   bridge window [mem 0x9ba00000-0x9bafffff]
[    1.803857] pci 0000:16:02.0:   bridge window [mem 0x9b800000-0x9b9fffff 64bit pref]
[    1.803863] pci_bus 0000:16: on NUMA node 0
[    1.803943] ACPI: PCI Root Bridge [PC02] (domain 0000 [bus 30-49])
[    1.803946] acpi PNP0A08:02: _OSC: OS supports [ExtendedConfig ASPM ClockPM Segments MSI HPX-Type3]
[    1.818414] acpi PNP0A08:02: _OSC: platform does not support [SHPCHotplug AER]
[    1.818630] acpi PNP0A08:02: _OSC: OS now controls [PCIeHotplug PME PCIeCapability LTR]
[    1.818631] acpi PNP0A08:02: FADT indicates ASPM is unsupported, using BIOS configuration
[    1.818754] PCI host bridge to bus 0000:30
[    1.818756] pci_bus 0000:30: root bus resource [io  0x7000-0x8fff window]
[    1.818757] pci_bus 0000:30: root bus resource [mem 0xa6400000-0xb0ffffff window]
[    1.818758] pci_bus 0000:30: root bus resource [mem 0x220000000000-0x22ffffffffff window]
[    1.818760] pci_bus 0000:30: root bus resource [bus 30-49]
[    1.818770] pci 0000:30:00.0: [8086:09a2] type 00 class 0x088000
[    1.818838] pci 0000:30:00.1: [8086:09a4] type 00 class 0x088000
[    1.818899] pci 0000:30:00.2: [8086:09a3] type 00 class 0x088000
[    1.818962] pci 0000:30:00.4: [8086:0998] type 00 class 0x060000
[    1.819031] pci_bus 0000:30: on NUMA node 0
[    1.819134] ACPI: PCI Root Bridge [PC04] (domain 0000 [bus 4a-63])
[    1.819136] acpi PNP0A08:04: _OSC: OS supports [ExtendedConfig ASPM ClockPM Segments MSI HPX-Type3]
[    1.833606] acpi PNP0A08:04: _OSC: platform does not support [SHPCHotplug AER]
[    1.833822] acpi PNP0A08:04: _OSC: OS now controls [PCIeHotplug PME PCIeCapability LTR]
[    1.833823] acpi PNP0A08:04: FADT indicates ASPM is unsupported, using BIOS configuration
[    1.833945] PCI host bridge to bus 0000:4a
[    1.833947] pci_bus 0000:4a: root bus resource [io  0x9000-0x9fff window]
[    1.833948] pci_bus 0000:4a: root bus resource [mem 0xb1000000-0xbbbfffff window]
[    1.833949] pci_bus 0000:4a: root bus resource [mem 0x230000000000-0x23ffffffffff window]
[    1.833951] pci_bus 0000:4a: root bus resource [bus 4a-63]
[    1.833960] pci 0000:4a:00.0: [8086:09a2] type 00 class 0x088000
[    1.834024] pci 0000:4a:00.1: [8086:09a4] type 00 class 0x088000
[    1.834089] pci 0000:4a:00.2: [8086:09a3] type 00 class 0x088000
[    1.834151] pci 0000:4a:00.4: [8086:0998] type 00 class 0x060000
[    1.834220] pci_bus 0000:4a: on NUMA node 0
[    1.834293] ACPI: PCI Root Bridge [PC05] (domain 0000 [bus 64-7d])
[    1.834296] acpi PNP0A08:05: _OSC: OS supports [ExtendedConfig ASPM ClockPM Segments MSI HPX-Type3]
[    1.848758] acpi PNP0A08:05: _OSC: platform does not support [SHPCHotplug AER]
[    1.848970] acpi PNP0A08:05: _OSC: OS now controls [PCIeHotplug PME PCIeCapability LTR]
[    1.848971] acpi PNP0A08:05: FADT indicates ASPM is unsupported, using BIOS configuration
[    1.849090] PCI host bridge to bus 0000:64
[    1.849091] pci_bus 0000:64: root bus resource [io  0xa000-0xafff window]
[    1.849092] pci_bus 0000:64: root bus resource [mem 0xbbc00000-0xc5ffffff window]
[    1.849094] pci_bus 0000:64: root bus resource [mem 0x240000000000-0x24ffffffffff window]
[    1.849095] pci_bus 0000:64: root bus resource [bus 64-7d]
[    1.849104] pci 0000:64:00.0: [8086:09a2] type 00 class 0x088000
[    1.849173] pci 0000:64:00.1: [8086:09a4] type 00 class 0x088000
[    1.849235] pci 0000:64:00.2: [8086:09a3] type 00 class 0x088000
[    1.849299] pci 0000:64:00.4: [8086:0998] type 00 class 0x060000
[    1.849368] pci_bus 0000:64: on NUMA node 0
[    1.849434] ACPI: PCI Root Bridge [UC06] (domain 0000 [bus 7e])
[    1.849437] acpi PNP0A03:00: _OSC: OS supports [ExtendedConfig ASPM ClockPM Segments MSI HPX-Type3]
[    1.849534] acpi PNP0A03:00: _OSC: platform does not support [SHPCHotplug AER LTR]
[    1.849714] acpi PNP0A03:00: _OSC: OS now controls [PCIeHotplug PME PCIeCapability]
[    1.849715] acpi PNP0A03:00: FADT indicates ASPM is unsupported, using BIOS configuration
[    1.849852] PCI host bridge to bus 0000:7e
[    1.849853] pci_bus 0000:7e: root bus resource [bus 7e]
[    1.849862] pci 0000:7e:00.0: [8086:3450] type 00 class 0x088000
[    1.849934] pci 0000:7e:00.1: [8086:3451] type 00 class 0x088000
[    1.849992] pci 0000:7e:00.2: [8086:3452] type 00 class 0x088000
[    1.850062] pci 0000:7e:00.3: [8086:0998] type 00 class 0x060000
[    1.850119] pci 0000:7e:00.5: [8086:3455] type 00 class 0x088000
[    1.850180] pci 0000:7e:02.0: [8086:3440] type 00 class 0x088000
[    1.850308] pci 0000:7e:02.1: [8086:3441] type 00 class 0x088000
[    1.850415] pci 0000:7e:02.2: [8086:3442] type 00 class 0x088000
[    1.850522] pci 0000:7e:03.0: [8086:3440] type 00 class 0x088000
[    1.850614] pci 0000:7e:03.1: [8086:3441] type 00 class 0x088000
[    1.850693] pci 0000:7e:03.2: [8086:3442] type 00 class 0x088000
[    1.850773] pci 0000:7e:04.0: [8086:3440] type 00 class 0x088000
[    1.850893] pci 0000:7e:04.1: [8086:3441] type 00 class 0x088000
[    1.851010] pci 0000:7e:04.2: [8086:3442] type 00 class 0x088000
[    1.851124] pci 0000:7e:04.3: [8086:3443] type 00 class 0x088000
[    1.851242] pci 0000:7e:05.0: [8086:3445] type 00 class 0x088000
[    1.851369] pci 0000:7e:05.1: [8086:3446] type 00 class 0x088000
[    1.851479] pci 0000:7e:05.2: [8086:3447] type 00 class 0x088000
[    1.851593] pci 0000:7e:06.0: [8086:3445] type 00 class 0x088000
[    1.851687] pci 0000:7e:06.1: [8086:3446] type 00 class 0x088000
[    1.851764] pci 0000:7e:06.2: [8086:3447] type 00 class 0x088000
[    1.851848] pci 0000:7e:07.0: [8086:3445] type 00 class 0x088000
[    1.851982] pci 0000:7e:07.1: [8086:3446] type 00 class 0x088000
[    1.852100] pci 0000:7e:07.2: [8086:3447] type 00 class 0x088000
[    1.852215] pci 0000:7e:0b.0: [8086:3448] type 00 class 0x088000
[    1.852292] pci 0000:7e:0b.1: [8086:3448] type 00 class 0x088000
[    1.852360] pci 0000:7e:0b.2: [8086:344b] type 00 class 0x088000
[    1.852429] pci 0000:7e:0c.0: [8086:344a] type 00 class 0x110100
[    1.852533] pci 0000:7e:0d.0: [8086:344a] type 00 class 0x110100
[    1.852632] pci 0000:7e:0e.0: [8086:344a] type 00 class 0x110100
[    1.852776] pci 0000:7e:0f.0: [8086:344a] type 00 class 0x110100
[    1.852930] pci 0000:7e:1a.0: [8086:2880] type 00 class 0x110100
[    1.853030] pci 0000:7e:1b.0: [8086:2880] type 00 class 0x110100
[    1.853128] pci 0000:7e:1c.0: [8086:2880] type 00 class 0x110100
[    1.853284] pci 0000:7e:1d.0: [8086:2880] type 00 class 0x110100
[    1.853430] pci_bus 0000:7e: on NUMA node 0
[    1.853513] ACPI: PCI Root Bridge [UC07] (domain 0000 [bus 7f])
[    1.853516] acpi PNP0A03:01: _OSC: OS supports [ExtendedConfig ASPM ClockPM Segments MSI HPX-Type3]
[    1.853615] acpi PNP0A03:01: _OSC: platform does not support [SHPCHotplug AER LTR]
[    1.853799] acpi PNP0A03:01: _OSC: OS now controls [PCIeHotplug PME PCIeCapability]
[    1.853800] acpi PNP0A03:01: FADT indicates ASPM is unsupported, using BIOS configuration
[    1.853949] PCI host bridge to bus 0000:7f
[    1.853951] pci_bus 0000:7f: root bus resource [bus 7f]
[    1.853964] pci 0000:7f:00.0: [8086:344c] type 00 class 0x088000
[    1.854078] pci 0000:7f:00.1: [8086:344c] type 00 class 0x088000
[    1.854189] pci 0000:7f:00.2: [8086:344c] type 00 class 0x088000
[    1.854300] pci 0000:7f:00.3: [8086:344c] type 00 class 0x088000
[    1.854390] pci 0000:7f:00.4: [8086:344c] type 00 class 0x088000
[    1.854509] pci 0000:7f:00.5: [8086:344c] type 00 class 0x088000
[    1.854625] pci 0000:7f:00.6: [8086:344c] type 00 class 0x088000
[    1.854708] pci 0000:7f:00.7: [8086:344c] type 00 class 0x088000
[    1.854791] pci 0000:7f:01.0: [8086:344c] type 00 class 0x088000
[    1.854932] pci 0000:7f:01.1: [8086:344c] type 00 class 0x088000
[    1.855050] pci 0000:7f:01.2: [8086:344c] type 00 class 0x088000
[    1.855129] pci 0000:7f:01.3: [8086:344c] type 00 class 0x088000
[    1.855260] pci 0000:7f:01.4: [8086:344c] type 00 class 0x088000
[    1.855391] pci 0000:7f:01.5: [8086:344c] type 00 class 0x088000
[    1.855529] pci 0000:7f:01.6: [8086:344c] type 00 class 0x088000
[    1.855656] pci 0000:7f:01.7: [8086:344c] type 00 class 0x088000
[    1.855784] pci 0000:7f:02.0: [8086:344c] type 00 class 0x088000
[    1.855928] pci 0000:7f:02.1: [8086:344c] type 00 class 0x088000
[    1.856059] pci 0000:7f:02.2: [8086:344c] type 00 class 0x088000
[    1.856190] pci 0000:7f:02.3: [8086:344c] type 00 class 0x088000
[    1.856328] pci 0000:7f:02.4: [8086:344c] type 00 class 0x088000
[    1.856465] pci 0000:7f:02.5: [8086:344c] type 00 class 0x088000
[    1.856602] pci 0000:7f:02.6: [8086:344c] type 00 class 0x088000
[    1.856754] pci 0000:7f:02.7: [8086:344c] type 00 class 0x088000
[    1.856901] pci 0000:7f:03.0: [8086:344c] type 00 class 0x088000
[    1.857059] pci 0000:7f:03.1: [8086:344c] type 00 class 0x088000
[    1.857211] pci 0000:7f:03.2: [8086:344c] type 00 class 0x088000
[    1.857359] pci 0000:7f:03.3: [8086:344c] type 00 class 0x088000
[    1.857518] pci 0000:7f:0a.0: [8086:344d] type 00 class 0x088000
[    1.857630] pci 0000:7f:0a.1: [8086:344d] type 00 class 0x088000
[    1.857740] pci 0000:7f:0a.2: [8086:344d] type 00 class 0x088000
[    1.857856] pci 0000:7f:0a.3: [8086:344d] type 00 class 0x088000
[    1.857945] pci 0000:7f:0a.4: [8086:344d] type 00 class 0x088000
[    1.858064] pci 0000:7f:0a.5: [8086:344d] type 00 class 0x088000
[    1.858179] pci 0000:7f:0a.6: [8086:344d] type 00 class 0x088000
[    1.858262] pci 0000:7f:0a.7: [8086:344d] type 00 class 0x088000
[    1.858344] pci 0000:7f:0b.0: [8086:344d] type 00 class 0x088000
[    1.858485] pci 0000:7f:0b.1: [8086:344d] type 00 class 0x088000
[    1.858605] pci 0000:7f:0b.2: [8086:344d] type 00 class 0x088000
[    1.858690] pci 0000:7f:0b.3: [8086:344d] type 00 class 0x088000
[    1.858822] pci 0000:7f:0b.4: [8086:344d] type 00 class 0x088000
[    1.858954] pci 0000:7f:0b.5: [8086:344d] type 00 class 0x088000
[    1.859090] pci 0000:7f:0b.6: [8086:344d] type 00 class 0x088000
[    1.859211] pci 0000:7f:0b.7: [8086:344d] type 00 class 0x088000
[    1.859338] pci 0000:7f:0c.0: [8086:344d] type 00 class 0x088000
[    1.859482] pci 0000:7f:0c.1: [8086:344d] type 00 class 0x088000
[    1.859613] pci 0000:7f:0c.2: [8086:344d] type 00 class 0x088000
[    1.859750] pci 0000:7f:0c.3: [8086:344d] type 00 class 0x088000
[    1.859888] pci 0000:7f:0c.4: [8086:344d] type 00 class 0x088000
[    1.860024] pci 0000:7f:0c.5: [8086:344d] type 00 class 0x088000
[    1.860161] pci 0000:7f:0c.6: [8086:344d] type 00 class 0x088000
[    1.860307] pci 0000:7f:0c.7: [8086:344d] type 00 class 0x088000
[    1.860454] pci 0000:7f:0d.0: [8086:344d] type 00 class 0x088000
[    1.860617] pci 0000:7f:0d.1: [8086:344d] type 00 class 0x088000
[    1.860768] pci 0000:7f:0d.2: [8086:344d] type 00 class 0x088000
[    1.860922] pci 0000:7f:0d.3: [8086:344d] type 00 class 0x088000
[    1.861091] pci 0000:7f:1d.0: [8086:344f] type 00 class 0x088000
[    1.861213] pci 0000:7f:1d.1: [8086:3457] type 00 class 0x088000
[    1.861319] pci 0000:7f:1e.0: [8086:3458] type 00 class 0x088000
[    1.861398] pci 0000:7f:1e.1: [8086:3459] type 00 class 0x088000
[    1.861460] pci 0000:7f:1e.2: [8086:345a] type 00 class 0x088000
[    1.861523] pci 0000:7f:1e.3: [8086:345b] type 00 class 0x088000
[    1.861583] pci 0000:7f:1e.4: [8086:345c] type 00 class 0x088000
[    1.861647] pci 0000:7f:1e.5: [8086:345d] type 00 class 0x088000
[    1.861708] pci 0000:7f:1e.6: [8086:345e] type 00 class 0x088000
[    1.861772] pci 0000:7f:1e.7: [8086:345f] type 00 class 0x088000
[    1.861831] pci_bus 0000:7f: on NUMA node 0
[    1.861935] ACPI: PCI Root Bridge [PC06] (domain 0000 [bus 80])
[    1.861938] acpi PNP0A08:06: _OSC: OS supports [ExtendedConfig ASPM ClockPM Segments MSI HPX-Type3]
[    1.876375] acpi PNP0A08:06: _OSC: platform does not support [SHPCHotplug AER]
[    1.876589] acpi PNP0A08:06: _OSC: OS now controls [PCIeHotplug PME PCIeCapability LTR]
[    1.876590] acpi PNP0A08:06: FADT indicates ASPM is unsupported, using BIOS configuration
[    1.876740] PCI host bridge to bus 0000:80
[    1.876741] pci_bus 0000:80: root bus resource [io  0xb000-0xbfff window]
[    1.876742] pci_bus 0000:80: root bus resource [mem 0xc6800000-0xd0ffffff window]
[    1.876744] pci_bus 0000:80: root bus resource [mem 0x250000000000-0x25ffffffffff window]
[    1.876745] pci_bus 0000:80: root bus resource [bus 80]
[    1.876755] pci 0000:80:00.0: [8086:09a2] type 00 class 0x088000
[    1.876841] pci 0000:80:00.1: [8086:09a4] type 00 class 0x088000
[    1.876910] pci 0000:80:00.2: [8086:09a3] type 00 class 0x088000
[    1.876980] pci 0000:80:00.4: [8086:0998] type 00 class 0x060000
[    1.877050] pci 0000:80:02.0: [8086:09a6] type 00 class 0x088000
[    1.877059] pci 0000:80:02.0: reg 0x10: [mem 0xc6aa4000-0xc6aa5fff]
[    1.877121] pci 0000:80:02.1: [8086:09a7] type 00 class 0x088000
[    1.877130] pci 0000:80:02.1: reg 0x10: [mem 0xc6a00000-0xc6a7ffff]
[    1.877136] pci 0000:80:02.1: reg 0x14: [mem 0xc6980000-0xc69fffff]
[    1.877191] pci 0000:80:02.4: [8086:3456] type 00 class 0x130000
[    1.877202] pci 0000:80:02.4: reg 0x10: [mem 0xc6800000-0xc68fffff 64bit]
[    1.877209] pci 0000:80:02.4: reg 0x18: [mem 0xc6aa0000-0xc6aa3fff 64bit]
[    1.877216] pci 0000:80:02.4: reg 0x20: [mem 0xc6a80000-0xc6a9ffff 64bit]
[    1.877282] pci_bus 0000:80: on NUMA node 1
[    1.877361] ACPI: PCI Root Bridge [PC07] (domain 0000 [bus 81])
[    1.877363] acpi PNP0A08:07: _OSC: OS supports [ExtendedConfig ASPM ClockPM Segments MSI HPX-Type3]
[    1.891788] acpi PNP0A08:07: _OSC: platform does not support [SHPCHotplug AER]
[    1.892000] acpi PNP0A08:07: _OSC: OS now controls [PCIeHotplug PME PCIeCapability LTR]
[    1.892001] acpi PNP0A08:07: FADT indicates ASPM is unsupported, using BIOS configuration
[    1.892121] PCI host bridge to bus 0000:81
[    1.892122] pci_bus 0000:81: root bus resource [io  0xc000-0xcfff window]
[    1.892123] pci_bus 0000:81: root bus resource [mem 0xd1000000-0xdbbfffff window]
[    1.892124] pci_bus 0000:81: root bus resource [mem 0x260000000000-0x26ffffffffff window]
[    1.892126] pci_bus 0000:81: root bus resource [bus 81]
[    1.892136] pci 0000:81:00.0: [8086:09a2] type 00 class 0x088000
[    1.892204] pci 0000:81:00.1: [8086:09a4] type 00 class 0x088000
[    1.892271] pci 0000:81:00.2: [8086:09a3] type 00 class 0x088000
[    1.892340] pci 0000:81:00.4: [8086:0998] type 00 class 0x060000
[    1.892417] pci_bus 0000:81: on NUMA node 1
[    1.892490] ACPI: PCI Root Bridge [PC08] (domain 0000 [bus 82])
[    1.892493] acpi PNP0A08:08: _OSC: OS supports [ExtendedConfig ASPM ClockPM Segments MSI HPX-Type3]
[    1.906973] acpi PNP0A08:08: _OSC: platform does not support [SHPCHotplug AER]
[    1.907184] acpi PNP0A08:08: _OSC: OS now controls [PCIeHotplug PME PCIeCapability LTR]
[    1.907185] acpi PNP0A08:08: FADT indicates ASPM is unsupported, using BIOS configuration
[    1.907301] PCI host bridge to bus 0000:82
[    1.907302] pci_bus 0000:82: root bus resource [io  0xd000-0xdfff window]
[    1.907304] pci_bus 0000:82: root bus resource [mem 0xdbc00000-0xe67fffff window]
[    1.907305] pci_bus 0000:82: root bus resource [mem 0x270000000000-0x27ffffffffff window]
[    1.907306] pci_bus 0000:82: root bus resource [bus 82]
[    1.907316] pci 0000:82:00.0: [8086:09a2] type 00 class 0x088000
[    1.907385] pci 0000:82:00.1: [8086:09a4] type 00 class 0x088000
[    1.907457] pci 0000:82:00.2: [8086:09a3] type 00 class 0x088000
[    1.907524] pci 0000:82:00.4: [8086:0998] type 00 class 0x060000
[    1.907602] pci_bus 0000:82: on NUMA node 1
[    1.907704] ACPI: PCI Root Bridge [PC10] (domain 0000 [bus 83-f9])
[    1.907707] acpi PNP0A08:0a: _OSC: OS supports [ExtendedConfig ASPM ClockPM Segments MSI HPX-Type3]
[    1.922166] acpi PNP0A08:0a: _OSC: platform does not support [SHPCHotplug AER]
[    1.922376] acpi PNP0A08:0a: _OSC: OS now controls [PCIeHotplug PME PCIeCapability LTR]
[    1.922377] acpi PNP0A08:0a: FADT indicates ASPM is unsupported, using BIOS configuration
[    1.922504] PCI host bridge to bus 0000:83
[    1.922505] pci_bus 0000:83: root bus resource [io  0xe000-0xefff window]
[    1.922507] pci_bus 0000:83: root bus resource [mem 0xe6800000-0xf13fffff window]
[    1.922508] pci_bus 0000:83: root bus resource [mem 0x280000000000-0x28ffffffffff window]
[    1.922509] pci_bus 0000:83: root bus resource [bus 83-f9]
[    1.922519] pci 0000:83:00.0: [8086:09a2] type 00 class 0x088000
[    1.922590] pci 0000:83:00.1: [8086:09a4] type 00 class 0x088000
[    1.922657] pci 0000:83:00.2: [8086:09a3] type 00 class 0x088000
[    1.922727] pci 0000:83:00.4: [8086:0998] type 00 class 0x060000
[    1.922806] pci_bus 0000:83: on NUMA node 1
[    1.922879] ACPI: PCI Root Bridge [PC11] (domain 0000 [bus fa])
[    1.922881] acpi PNP0A08:0b: _OSC: OS supports [ExtendedConfig ASPM ClockPM Segments MSI HPX-Type3]
[    1.937363] acpi PNP0A08:0b: _OSC: platform does not support [SHPCHotplug AER]
[    1.937575] acpi PNP0A08:0b: _OSC: OS now controls [PCIeHotplug PME PCIeCapability LTR]
[    1.937576] acpi PNP0A08:0b: FADT indicates ASPM is unsupported, using BIOS configuration
[    1.937694] PCI host bridge to bus 0000:fa
[    1.937695] pci_bus 0000:fa: root bus resource [io  0xf000-0xffff window]
[    1.937697] pci_bus 0000:fa: root bus resource [mem 0xf1400000-0xfb7fffff window]
[    1.937698] pci_bus 0000:fa: root bus resource [mem 0x290000000000-0x29ffffffffff window]
[    1.937700] pci_bus 0000:fa: root bus resource [bus fa]
[    1.937709] pci 0000:fa:00.0: [8086:09a2] type 00 class 0x088000
[    1.937779] pci 0000:fa:00.1: [8086:09a4] type 00 class 0x088000
[    1.937854] pci 0000:fa:00.2: [8086:09a3] type 00 class 0x088000
[    1.937924] pci 0000:fa:00.4: [8086:0998] type 00 class 0x060000
[    1.938003] pci_bus 0000:fa: on NUMA node 1
[    1.938070] ACPI: PCI Root Bridge [UC16] (domain 0000 [bus fe])
[    1.938073] acpi PNP0A03:02: _OSC: OS supports [ExtendedConfig ASPM ClockPM Segments MSI HPX-Type3]
[    1.938170] acpi PNP0A03:02: _OSC: platform does not support [SHPCHotplug AER LTR]
[    1.938349] acpi PNP0A03:02: _OSC: OS now controls [PCIeHotplug PME PCIeCapability]
[    1.938350] acpi PNP0A03:02: FADT indicates ASPM is unsupported, using BIOS configuration
[    1.938481] PCI host bridge to bus 0000:fe
[    1.938482] pci_bus 0000:fe: root bus resource [bus fe]
[    1.938491] pci 0000:fe:00.0: [8086:3450] type 00 class 0x088000
[    1.938566] pci 0000:fe:00.1: [8086:3451] type 00 class 0x088000
[    1.938625] pci 0000:fe:00.2: [8086:3452] type 00 class 0x088000
[    1.938683] pci 0000:fe:00.3: [8086:0998] type 00 class 0x060000
[    1.938741] pci 0000:fe:00.5: [8086:3455] type 00 class 0x088000
[    1.938809] pci 0000:fe:02.0: [8086:3440] type 00 class 0x088000
[    1.938947] pci 0000:fe:02.1: [8086:3441] type 00 class 0x088000
[    1.939062] pci 0000:fe:02.2: [8086:3442] type 00 class 0x088000
[    1.939173] pci 0000:fe:03.0: [8086:3440] type 00 class 0x088000
[    1.939273] pci 0000:fe:03.1: [8086:3441] type 00 class 0x088000
[    1.939352] pci 0000:fe:03.2: [8086:3442] type 00 class 0x088000
[    1.939439] pci 0000:fe:04.0: [8086:3440] type 00 class 0x088000
[    1.939563] pci 0000:fe:04.1: [8086:3441] type 00 class 0x088000
[    1.939685] pci 0000:fe:04.2: [8086:3442] type 00 class 0x088000
[    1.939811] pci 0000:fe:04.3: [8086:3443] type 00 class 0x088000
[    1.939933] pci 0000:fe:05.0: [8086:3445] type 00 class 0x088000
[    1.940065] pci 0000:fe:05.1: [8086:3446] type 00 class 0x088000
[    1.940189] pci 0000:fe:05.2: [8086:3447] type 00 class 0x088000
[    1.940303] pci 0000:fe:06.0: [8086:3445] type 00 class 0x088000
[    1.940403] pci 0000:fe:06.1: [8086:3446] type 00 class 0x088000
[    1.940485] pci 0000:fe:06.2: [8086:3447] type 00 class 0x088000
[    1.940576] pci 0000:fe:07.0: [8086:3445] type 00 class 0x088000
[    1.940721] pci 0000:fe:07.1: [8086:3446] type 00 class 0x088000
[    1.940844] pci 0000:fe:07.2: [8086:3447] type 00 class 0x088000
[    1.940965] pci 0000:fe:0b.0: [8086:3448] type 00 class 0x088000
[    1.941045] pci 0000:fe:0b.1: [8086:3448] type 00 class 0x088000
[    1.941110] pci 0000:fe:0b.2: [8086:344b] type 00 class 0x088000
[    1.941183] pci 0000:fe:0c.0: [8086:344a] type 00 class 0x110100
[    1.941290] pci 0000:fe:0d.0: [8086:344a] type 00 class 0x110100
[    1.941395] pci 0000:fe:0e.0: [8086:344a] type 00 class 0x110100
[    1.941551] pci 0000:fe:0f.0: [8086:344a] type 00 class 0x110100
[    1.941712] pci 0000:fe:1a.0: [8086:2880] type 00 class 0x110100
[    1.941820] pci 0000:fe:1b.0: [8086:2880] type 00 class 0x110100
[    1.941924] pci 0000:fe:1c.0: [8086:2880] type 00 class 0x110100
[    1.942080] pci 0000:fe:1d.0: [8086:2880] type 00 class 0x110100
[    1.942232] pci_bus 0000:fe: on NUMA node 1
[    1.942312] ACPI: PCI Root Bridge [UC17] (domain 0000 [bus ff])
[    1.942314] acpi PNP0A03:03: _OSC: OS supports [ExtendedConfig ASPM ClockPM Segments MSI HPX-Type3]
[    1.942414] acpi PNP0A03:03: _OSC: platform does not support [SHPCHotplug AER LTR]
[    1.942593] acpi PNP0A03:03: _OSC: OS now controls [PCIeHotplug PME PCIeCapability]
[    1.942594] acpi PNP0A03:03: FADT indicates ASPM is unsupported, using BIOS configuration
[    1.942743] PCI host bridge to bus 0000:ff
[    1.942745] pci_bus 0000:ff: root bus resource [bus ff]
[    1.942759] pci 0000:ff:00.0: [8086:344c] type 00 class 0x088000
[    1.942879] pci 0000:ff:00.1: [8086:344c] type 00 class 0x088000
[    1.942992] pci 0000:ff:00.2: [8086:344c] type 00 class 0x088000
[    1.943097] pci 0000:ff:00.3: [8086:344c] type 00 class 0x088000
[    1.943216] pci 0000:ff:00.4: [8086:344c] type 00 class 0x088000
[    1.943333] pci 0000:ff:00.5: [8086:344c] type 00 class 0x088000
[    1.943427] pci 0000:ff:00.6: [8086:344c] type 00 class 0x088000
[    1.943552] pci 0000:ff:00.7: [8086:344c] type 00 class 0x088000
[    1.943679] pci 0000:ff:01.0: [8086:344c] type 00 class 0x088000
[    1.943825] pci 0000:ff:01.1: [8086:344c] type 00 class 0x088000
[    1.943949] pci 0000:ff:01.2: [8086:344c] type 00 class 0x088000
[    1.944039] pci 0000:ff:01.3: [8086:344c] type 00 class 0x088000
[    1.944176] pci 0000:ff:01.4: [8086:344c] type 00 class 0x088000
[    1.944313] pci 0000:ff:01.5: [8086:344c] type 00 class 0x088000
[    1.944453] pci 0000:ff:01.6: [8086:344c] type 00 class 0x088000
[    1.944579] pci 0000:ff:01.7: [8086:344c] type 00 class 0x088000
[    1.944712] pci 0000:ff:02.0: [8086:344c] type 00 class 0x088000
[    1.944866] pci 0000:ff:02.1: [8086:344c] type 00 class 0x088000
[    1.944999] pci 0000:ff:02.2: [8086:344c] type 00 class 0x088000
[    1.945144] pci 0000:ff:02.3: [8086:344c] type 00 class 0x088000
[    1.945280] pci 0000:ff:02.4: [8086:344c] type 00 class 0x088000
[    1.945416] pci 0000:ff:02.5: [8086:344c] type 00 class 0x088000
[    1.945561] pci 0000:ff:02.6: [8086:344c] type 00 class 0x088000
[    1.945703] pci 0000:ff:02.7: [8086:344c] type 00 class 0x088000
[    1.945855] pci 0000:ff:03.0: [8086:344c] type 00 class 0x088000
[    1.946023] pci 0000:ff:03.1: [8086:344c] type 00 class 0x088000
[    1.946172] pci 0000:ff:03.2: [8086:344c] type 00 class 0x088000
[    1.946338] pci 0000:ff:03.3: [8086:344c] type 00 class 0x088000
[    1.946502] pci 0000:ff:0a.0: [8086:344d] type 00 class 0x088000
[    1.946620] pci 0000:ff:0a.1: [8086:344d] type 00 class 0x088000
[    1.946732] pci 0000:ff:0a.2: [8086:344d] type 00 class 0x088000
[    1.946830] pci 0000:ff:0a.3: [8086:344d] type 00 class 0x088000
[    1.946951] pci 0000:ff:0a.4: [8086:344d] type 00 class 0x088000
[    1.947067] pci 0000:ff:0a.5: [8086:344d] type 00 class 0x088000
[    1.947162] pci 0000:ff:0a.6: [8086:344d] type 00 class 0x088000
[    1.947291] pci 0000:ff:0a.7: [8086:344d] type 00 class 0x088000
[    1.947417] pci 0000:ff:0b.0: [8086:344d] type 00 class 0x088000
[    1.947564] pci 0000:ff:0b.1: [8086:344d] type 00 class 0x088000
[    1.947687] pci 0000:ff:0b.2: [8086:344d] type 00 class 0x088000
[    1.947771] pci 0000:ff:0b.3: [8086:344d] type 00 class 0x088000
[    1.947908] pci 0000:ff:0b.4: [8086:344d] type 00 class 0x088000
[    1.948044] pci 0000:ff:0b.5: [8086:344d] type 00 class 0x088000
[    1.948184] pci 0000:ff:0b.6: [8086:344d] type 00 class 0x088000
[    1.948317] pci 0000:ff:0b.7: [8086:344d] type 00 class 0x088000
[    1.948449] pci 0000:ff:0c.0: [8086:344d] type 00 class 0x088000
[    1.948598] pci 0000:ff:0c.1: [8086:344d] type 00 class 0x088000
[    1.948729] pci 0000:ff:0c.2: [8086:344d] type 00 class 0x088000
[    1.948867] pci 0000:ff:0c.3: [8086:344d] type 00 class 0x088000
[    1.949003] pci 0000:ff:0c.4: [8086:344d] type 00 class 0x088000
[    1.949139] pci 0000:ff:0c.5: [8086:344d] type 00 class 0x088000
[    1.949282] pci 0000:ff:0c.6: [8086:344d] type 00 class 0x088000
[    1.949428] pci 0000:ff:0c.7: [8086:344d] type 00 class 0x088000
[    1.949580] pci 0000:ff:0d.0: [8086:344d] type 00 class 0x088000
[    1.949747] pci 0000:ff:0d.1: [8086:344d] type 00 class 0x088000
[    1.949896] pci 0000:ff:0d.2: [8086:344d] type 00 class 0x088000
[    1.950057] pci 0000:ff:0d.3: [8086:344d] type 00 class 0x088000
[    1.950231] pci 0000:ff:1d.0: [8086:344f] type 00 class 0x088000
[    1.950364] pci 0000:ff:1d.1: [8086:3457] type 00 class 0x088000
[    1.950475] pci 0000:ff:1e.0: [8086:3458] type 00 class 0x088000
[    1.950560] pci 0000:ff:1e.1: [8086:3459] type 00 class 0x088000
[    1.950626] pci 0000:ff:1e.2: [8086:345a] type 00 class 0x088000
[    1.950690] pci 0000:ff:1e.3: [8086:345b] type 00 class 0x088000
[    1.950753] pci 0000:ff:1e.4: [8086:345c] type 00 class 0x088000
[    1.950819] pci 0000:ff:1e.5: [8086:345d] type 00 class 0x088000
[    1.950882] pci 0000:ff:1e.6: [8086:345e] type 00 class 0x088000
[    1.950946] pci 0000:ff:1e.7: [8086:345f] type 00 class 0x088000
[    1.951008] pci_bus 0000:ff: on NUMA node 1
[    1.953567] iommu: Default domain type: Translated 
[    1.953567] iommu: DMA domain TLB invalidation policy: lazy mode 
[    1.953738] SCSI subsystem initialized
[    1.953773] libata version 3.00 loaded.
[    1.953773] ACPI: bus type USB registered
[    1.953773] usbcore: registered new interface driver usbfs
[    1.953773] usbcore: registered new interface driver hub
[    1.953773] usbcore: registered new device driver usb
[    1.953773] pps_core: LinuxPPS API ver. 1 registered
[    1.953773] pps_core: Software ver. 5.3.6 - Copyright 2005-2007 Rodolfo Giometti <giometti@linux.it>
[    1.953773] PTP clock support registered
[    1.953773] EDAC MC: Ver: 3.0.0
[    1.954191] Registered efivars operations
[    1.954191] NetLabel: Initializing
[    1.954191] NetLabel:  domain hash size = 128
[    1.954191] NetLabel:  protocols = UNLABELED CIPSOv4 CALIPSO
[    1.954191] NetLabel:  unlabeled traffic allowed by default
[    1.954191] PCI: Using ACPI for IRQ routing
[    1.956945] PCI: pci_cache_line_size set to 64 bytes
[    1.957508] e820: reserve RAM buffer [mem 0x0008f000-0x0008ffff]
[    1.957509] e820: reserve RAM buffer [mem 0x46cc4020-0x47ffffff]
[    1.957511] e820: reserve RAM buffer [mem 0x46cf6020-0x47ffffff]
[    1.957512] e820: reserve RAM buffer [mem 0x46d29020-0x47ffffff]
[    1.957513] e820: reserve RAM buffer [mem 0x46d5c020-0x47ffffff]
[    1.957514] e820: reserve RAM buffer [mem 0x49e77000-0x4bffffff]
[    1.957515] e820: reserve RAM buffer [mem 0x4b2cf000-0x4bffffff]
[    1.957516] e820: reserve RAM buffer [mem 0x4bd94000-0x4bffffff]
[    1.957517] e820: reserve RAM buffer [mem 0x4ce00000-0x4fffffff]
[    1.957517] e820: reserve RAM buffer [mem 0x5eefe000-0x5fffffff]
[    1.957518] e820: reserve RAM buffer [mem 0x6f800000-0x6fffffff]
[    1.957742] pci 0000:03:00.0: vgaarb: setting as boot VGA device
[    1.957744] pci 0000:03:00.0: vgaarb: bridge control possible
[    1.957745] pci 0000:03:00.0: vgaarb: VGA device added: decodes=io+mem,owns=io+mem,locks=none
[    1.957778] vgaarb: loaded
[    1.958858] hpet0: at MMIO 0xfed00000, IRQs 2, 8, 0, 0, 0, 0, 0, 0
[    1.958866] hpet0: 8 comparators, 64-bit 24.000000 MHz counter
[    1.961632] clocksource: Switched to clocksource tsc-early
[    1.970957] VFS: Disk quotas dquot_6.6.0
[    1.970992] VFS: Dquot-cache hash table entries: 512 (order 0, 4096 bytes)
[    1.971148] AppArmor: AppArmor Filesystem Enabled
[    1.971160] pnp: PnP ACPI init
[    1.987208] system 00:01: [io  0x0500-0x05fe] has been reserved
[    1.987211] system 00:01: [io  0x0400-0x041f] has been reserved
[    1.987214] system 00:01: [io  0x0600-0x061f] has been reserved
[    1.987215] system 00:01: [io  0x0ca0-0x0ca1] has been reserved
[    1.987217] system 00:01: [io  0x0ca4-0x0ca6] has been reserved
[    1.987219] system 00:01: [mem 0xff000000-0xffffffff] has been reserved
[    1.987824] system 00:04: [mem 0xfd000000-0xfdabffff] has been reserved
[    1.987827] system 00:04: [mem 0xfdad0000-0xfdadffff] has been reserved
[    1.987829] system 00:04: [mem 0xfdb00000-0xfdffffff] has been reserved
[    1.987830] system 00:04: [mem 0xfe000000-0xfe00ffff] has been reserved
[    1.987832] system 00:04: [mem 0xfe011000-0xfe01ffff] has been reserved
[    1.987834] system 00:04: [mem 0xfe036000-0xfe03bfff] has been reserved
[    1.987835] system 00:04: [mem 0xfe03d000-0xfe3fffff] has been reserved
[    1.987837] system 00:04: [mem 0xfe410000-0xfe7fffff] has been reserved
[    1.988156] system 00:05: [io  0x1000-0x10fe] has been reserved
[    1.989169] pnp: PnP ACPI: found 6 devices
[    1.994922] clocksource: acpi_pm: mask: 0xffffff max_cycles: 0xffffff, max_idle_ns: 2085701024 ns
[    1.995004] NET: Registered PF_INET protocol family
[    1.995328] IP idents hash table entries: 262144 (order: 9, 2097152 bytes, vmalloc)
[    1.997492] tcp_listen_portaddr_hash hash table entries: 16384 (order: 6, 262144 bytes, vmalloc)
[    1.997850] TCP established hash table entries: 262144 (order: 9, 2097152 bytes, vmalloc)
[    1.998228] TCP bind hash table entries: 65536 (order: 8, 1048576 bytes, vmalloc)
[    1.998292] TCP: Hash tables configured (established 262144 bind 65536)
[    1.998497] UDP hash table entries: 16384 (order: 7, 524288 bytes, vmalloc)
[    1.998608] UDP-Lite hash table entries: 16384 (order: 7, 524288 bytes, vmalloc)
[    1.998763] NET: Registered PF_UNIX/PF_LOCAL protocol family
[    1.998769] NET: Registered PF_XDP protocol family
[    1.998776] pci 0000:04:00.0: can't claim BAR 6 [mem 0xfffc0000-0xffffffff pref]: no compatible bridge window
[    1.998779] pci 0000:04:00.1: can't claim BAR 6 [mem 0xfffc0000-0xffffffff pref]: no compatible bridge window
[    1.998781] pci 0000:17:00.0: can't claim BAR 6 [mem 0xfff00000-0xffffffff pref]: no compatible bridge window
[    1.998798] pci 0000:00:1c.5: BAR 14: assigned [mem 0x90000000-0x900fffff]
[    1.998801] pci 0000:00:1c.0: PCI bridge to [bus 01]
[    1.998811] pci 0000:02:00.0: PCI bridge to [bus 03]
[    1.998815] pci 0000:02:00.0:   bridge window [mem 0x92000000-0x928fffff]
[    1.998819] pci 0000:02:00.0:   bridge window [mem 0x91000000-0x91ffffff 64bit pref]
[    1.998826] pci 0000:00:1c.4: PCI bridge to [bus 02-03]
[    1.998829] pci 0000:00:1c.4:   bridge window [mem 0x92000000-0x928fffff]
[    1.998832] pci 0000:00:1c.4:   bridge window [mem 0x91000000-0x91ffffff 64bit pref]
[    1.998837] pci 0000:04:00.0: BAR 6: assigned [mem 0x90000000-0x9003ffff pref]
[    1.998839] pci 0000:04:00.1: BAR 6: assigned [mem 0x90040000-0x9007ffff pref]
[    1.998841] pci 0000:00:1c.5: PCI bridge to [bus 04]
[    1.998844] pci 0000:00:1c.5:   bridge window [mem 0x90000000-0x900fffff]
[    1.998846] pci 0000:00:1c.5:   bridge window [mem 0x92900000-0x929fffff 64bit pref]
[    1.998851] pci_bus 0000:00: resource 4 [io  0x0000-0x0cf7 window]
[    1.998853] pci_bus 0000:00: resource 5 [io  0x1000-0x4fff window]
[    1.998854] pci_bus 0000:00: resource 6 [mem 0x000a0000-0x000bffff window]
[    1.998856] pci_bus 0000:00: resource 7 [mem 0x000c8000-0x000cffff window]
[    1.998857] pci_bus 0000:00: resource 8 [mem 0xfe010000-0xfe010fff window]
[    1.998858] pci_bus 0000:00: resource 9 [mem 0x90000000-0x9b7fffff window]
[    1.998859] pci_bus 0000:00: resource 10 [mem 0x200000000000-0x20ffffffffff window]
[    1.998861] pci_bus 0000:02: resource 1 [mem 0x92000000-0x928fffff]
[    1.998863] pci_bus 0000:02: resource 2 [mem 0x91000000-0x91ffffff 64bit pref]
[    1.998864] pci_bus 0000:03: resource 1 [mem 0x92000000-0x928fffff]
[    1.998865] pci_bus 0000:03: resource 2 [mem 0x91000000-0x91ffffff 64bit pref]
[    1.998866] pci_bus 0000:04: resource 1 [mem 0x90000000-0x900fffff]
[    1.998867] pci_bus 0000:04: resource 2 [mem 0x92900000-0x929fffff 64bit pref]
[    1.998943] pci 0000:17:00.0: BAR 6: no space for [mem size 0x00100000 pref]
[    1.998945] pci 0000:17:00.0: BAR 6: failed to assign [mem size 0x00100000 pref]
[    1.998947] pci 0000:16:02.0: PCI bridge to [bus 17]
[    1.998948] pci 0000:16:02.0:   bridge window [io  0x5000-0x5fff]
[    1.998951] pci 0000:16:02.0:   bridge window [mem 0x9ba00000-0x9bafffff]
[    1.998953] pci 0000:16:02.0:   bridge window [mem 0x9b800000-0x9b9fffff 64bit pref]
[    1.998957] pci_bus 0000:16: resource 4 [io  0x5000-0x6fff window]
[    1.998958] pci_bus 0000:16: resource 5 [mem 0x9b800000-0xa63fffff window]
[    1.998959] pci_bus 0000:16: resource 6 [mem 0x210000000000-0x21ffffffffff window]
[    1.998960] pci_bus 0000:17: resource 0 [io  0x5000-0x5fff]
[    1.998961] pci_bus 0000:17: resource 1 [mem 0x9ba00000-0x9bafffff]
[    1.998962] pci_bus 0000:17: resource 2 [mem 0x9b800000-0x9b9fffff 64bit pref]
[    1.998969] pci_bus 0000:30: resource 4 [io  0x7000-0x8fff window]
[    1.998970] pci_bus 0000:30: resource 5 [mem 0xa6400000-0xb0ffffff window]
[    1.998971] pci_bus 0000:30: resource 6 [mem 0x220000000000-0x22ffffffffff window]
[    1.998976] pci_bus 0000:4a: resource 4 [io  0x9000-0x9fff window]
[    1.998978] pci_bus 0000:4a: resource 5 [mem 0xb1000000-0xbbbfffff window]
[    1.998979] pci_bus 0000:4a: resource 6 [mem 0x230000000000-0x23ffffffffff window]
