[    0.000000] Linux version 5.15.0-tiering-0.8 (xmu@xmu-PowerEdge-R750) (gcc (Ubuntu 8.4.0-1ubuntu1~18.04) 8.4.0, GNU ld (GNU Binutils for Ubuntu) 2.30) #1 SMP Thu Apr 18 19:37:58 CST 2024
[    0.000000] Command line: BOOT_IMAGE=/boot/vmlinuz-5.15.0-tiering-0.8 root=UUID=ce0c24b8-724b-4f33-9b2c-618433560aef ro memmap=48923M!4096M memmap=59G!64G quiet splash nomodeset vt.handoff=1
[    0.000000] KERNEL supported cpus:
[    0.000000]   Intel GenuineIntel
[    0.000000]   AMD AuthenticAMD
[    0.000000]   Hygon HygonGenuine
[    0.000000]   Centaur CentaurHauls
[    0.000000]   zhaoxin   Shanghai  
[    0.000000] x86/split lock detection: #AC: crashing the kernel on kernel split_locks and warning on user-space split_locks
[    0.000000] x86/fpu: Supporting XSAVE feature 0x001: 'x87 floating point registers'
[    0.000000] x86/fpu: Supporting XSAVE feature 0x002: 'SSE registers'
[    0.000000] x86/fpu: Supporting XSAVE feature 0x004: 'AVX registers'
[    0.000000] x86/fpu: Supporting XSAVE feature 0x020: 'AVX-512 opmask'
[    0.000000] x86/fpu: Supporting XSAVE feature 0x040: 'AVX-512 Hi256'
[    0.000000] x86/fpu: Supporting XSAVE feature 0x080: 'AVX-512 ZMM_Hi256'
[    0.000000] x86/fpu: Supporting XSAVE feature 0x200: 'Protection Keys User registers'
[    0.000000] x86/fpu: xstate_offset[2]:  576, xstate_sizes[2]:  256
[    0.000000] x86/fpu: xstate_offset[5]:  832, xstate_sizes[5]:   64
[    0.000000] x86/fpu: xstate_offset[6]:  896, xstate_sizes[6]:  512
[    0.000000] x86/fpu: xstate_offset[7]: 1408, xstate_sizes[7]: 1024
[    0.000000] x86/fpu: xstate_offset[9]: 2432, xstate_sizes[9]:    8
[    0.000000] x86/fpu: Enabled xstate features 0x2e7, context size is 2440 bytes, using 'compacted' format.
[    0.000000] signal: max sigframe size: 3632
[    0.000000] BIOS-provided physical RAM map:
[    0.000000] BIOS-e820: [mem 0x0000000000000000-0x000000000008efff] usable
[    0.000000] BIOS-e820: [mem 0x000000000008f000-0x000000000008ffff] reserved
[    0.000000] BIOS-e820: [mem 0x0000000000090000-0x000000000009ffff] usable
[    0.000000] BIOS-e820: [mem 0x00000000000a0000-0x00000000000fffff] reserved
[    0.000000] BIOS-e820: [mem 0x0000000000100000-0x0000000049e76fff] usable
[    0.000000] BIOS-e820: [mem 0x0000000049e77000-0x000000004ae76fff] ACPI NVS
[    0.000000] BIOS-e820: [mem 0x000000004ae77000-0x000000004b2cefff] usable
[    0.000000] BIOS-e820: [mem 0x000000004b2cf000-0x000000004b54dfff] ACPI data
[    0.000000] BIOS-e820: [mem 0x000000004b54e000-0x000000004bd93fff] usable
[    0.000000] BIOS-e820: [mem 0x000000004bd94000-0x000000004be99fff] reserved
[    0.000000] BIOS-e820: [mem 0x000000004be9a000-0x000000004cdfffff] usable
[    0.000000] BIOS-e820: [mem 0x000000004ce00000-0x000000004cffffff] reserved
[    0.000000] BIOS-e820: [mem 0x000000004d000000-0x000000005eefdfff] usable
[    0.000000] BIOS-e820: [mem 0x000000005eefe000-0x000000006e3fefff] reserved
[    0.000000] BIOS-e820: [mem 0x000000006e3ff000-0x000000006f3fefff] ACPI NVS
[    0.000000] BIOS-e820: [mem 0x000000006f3ff000-0x000000006f7fefff] ACPI data
[    0.000000] BIOS-e820: [mem 0x000000006f7ff000-0x000000006f7fffff] usable
[    0.000000] BIOS-e820: [mem 0x000000006f800000-0x000000008fffffff] reserved
[    0.000000] BIOS-e820: [mem 0x00000000fe000000-0x00000000fe010fff] reserved
[    0.000000] BIOS-e820: [mem 0x0000000100000000-0x000000207fffffff] usable
[    0.000000] BIOS-e820: [mem 0x0000002080000000-0x0000011c7fffffff] persistent (type 7)
[    0.000000] BIOS-e820: [mem 0x00001ffc00000000-0x00001fffffffffff] reserved
[    0.000000] NX (Execute Disable) protection: active
[    0.000000] e820: update [mem 0x46d5d020-0x46d6505f] usable ==> usable
[    0.000000] e820: update [mem 0x46d5d020-0x46d6505f] usable ==> usable
[    0.000000] e820: update [mem 0x46d2a020-0x46d5cc5f] usable ==> usable
[    0.000000] e820: update [mem 0x46d2a020-0x46d5cc5f] usable ==> usable
[    0.000000] e820: update [mem 0x46cf7020-0x46d29c5f] usable ==> usable
[    0.000000] e820: update [mem 0x46cf7020-0x46d29c5f] usable ==> usable
[    0.000000] e820: update [mem 0x46cc5020-0x46cf6a5f] usable ==> usable
[    0.000000] e820: update [mem 0x46cc5020-0x46cf6a5f] usable ==> usable
[    0.000000] extended physical RAM map:
[    0.000000] reserve setup_data: [mem 0x0000000000000000-0x000000000008efff] usable
[    0.000000] reserve setup_data: [mem 0x000000000008f000-0x000000000008ffff] reserved
[    0.000000] reserve setup_data: [mem 0x0000000000090000-0x000000000009ffff] usable
[    0.000000] reserve setup_data: [mem 0x00000000000a0000-0x00000000000fffff] reserved
[    0.000000] reserve setup_data: [mem 0x0000000000100000-0x0000000046cc501f] usable
[    0.000000] reserve setup_data: [mem 0x0000000046cc5020-0x0000000046cf6a5f] usable
[    0.000000] reserve setup_data: [mem 0x0000000046cf6a60-0x0000000046cf701f] usable
[    0.000000] reserve setup_data: [mem 0x0000000046cf7020-0x0000000046d29c5f] usable
[    0.000000] reserve setup_data: [mem 0x0000000046d29c60-0x0000000046d2a01f] usable
[    0.000000] reserve setup_data: [mem 0x0000000046d2a020-0x0000000046d5cc5f] usable
[    0.000000] reserve setup_data: [mem 0x0000000046d5cc60-0x0000000046d5d01f] usable
[    0.000000] reserve setup_data: [mem 0x0000000046d5d020-0x0000000046d6505f] usable
[    0.000000] reserve setup_data: [mem 0x0000000046d65060-0x0000000049e76fff] usable
[    0.000000] reserve setup_data: [mem 0x0000000049e77000-0x000000004ae76fff] ACPI NVS
[    0.000000] reserve setup_data: [mem 0x000000004ae77000-0x000000004b2cefff] usable
[    0.000000] reserve setup_data: [mem 0x000000004b2cf000-0x000000004b54dfff] ACPI data
[    0.000000] reserve setup_data: [mem 0x000000004b54e000-0x000000004bd93fff] usable
[    0.000000] reserve setup_data: [mem 0x000000004bd94000-0x000000004be99fff] reserved
[    0.000000] reserve setup_data: [mem 0x000000004be9a000-0x000000004cdfffff] usable
[    0.000000] reserve setup_data: [mem 0x000000004ce00000-0x000000004cffffff] reserved
[    0.000000] reserve setup_data: [mem 0x000000004d000000-0x000000005eefdfff] usable
[    0.000000] reserve setup_data: [mem 0x000000005eefe000-0x000000006e3fefff] reserved
[    0.000000] reserve setup_data: [mem 0x000000006e3ff000-0x000000006f3fefff] ACPI NVS
[    0.000000] reserve setup_data: [mem 0x000000006f3ff000-0x000000006f7fefff] ACPI data
[    0.000000] reserve setup_data: [mem 0x000000006f7ff000-0x000000006f7fffff] usable
[    0.000000] reserve setup_data: [mem 0x000000006f800000-0x000000008fffffff] reserved
[    0.000000] reserve setup_data: [mem 0x00000000fe000000-0x00000000fe010fff] reserved
[    0.000000] reserve setup_data: [mem 0x0000000100000000-0x0000000cf1afffff] persistent (type 12)
[    0.000000] reserve setup_data: [mem 0x0000000cf1b00000-0x0000000fffffffff] usable
[    0.000000] reserve setup_data: [mem 0x0000001000000000-0x0000001ebfffffff] persistent (type 12)
[    0.000000] reserve setup_data: [mem 0x0000001ec0000000-0x000000207fffffff] usable
[    0.000000] reserve setup_data: [mem 0x0000002080000000-0x0000011c7fffffff] persistent (type 7)
[    0.000000] reserve setup_data: [mem 0x00001ffc00000000-0x00001fffffffffff] reserved
[    0.000000] user-defined physical RAM map:
[    0.000000] user: [mem 0x0000000000000000-0x000000000008efff] usable
[    0.000000] user: [mem 0x000000000008f000-0x000000000008ffff] reserved
[    0.000000] user: [mem 0x0000000000090000-0x000000000009ffff] usable
[    0.000000] user: [mem 0x00000000000a0000-0x00000000000fffff] reserved
[    0.000000] user: [mem 0x0000000000100000-0x0000000046cc501f] usable
[    0.000000] user: [mem 0x0000000046cc5020-0x0000000046cf6a5f] usable
[    0.000000] user: [mem 0x0000000046cf6a60-0x0000000046cf701f] usable
[    0.000000] user: [mem 0x0000000046cf7020-0x0000000046d29c5f] usable
[    0.000000] user: [mem 0x0000000046d29c60-0x0000000046d2a01f] usable
[    0.000000] user: [mem 0x0000000046d2a020-0x0000000046d5cc5f] usable
[    0.000000] user: [mem 0x0000000046d5cc60-0x0000000046d5d01f] usable
[    0.000000] user: [mem 0x0000000046d5d020-0x0000000046d6505f] usable
[    0.000000] user: [mem 0x0000000046d65060-0x0000000049e76fff] usable
[    0.000000] user: [mem 0x0000000049e77000-0x000000004ae76fff] ACPI NVS
[    0.000000] user: [mem 0x000000004ae77000-0x000000004b2cefff] usable
[    0.000000] user: [mem 0x000000004b2cf000-0x000000004b54dfff] ACPI data
[    0.000000] user: [mem 0x000000004b54e000-0x000000004bd93fff] usable
[    0.000000] user: [mem 0x000000004bd94000-0x000000004be99fff] reserved
[    0.000000] user: [mem 0x000000004be9a000-0x000000004cdfffff] usable
[    0.000000] user: [mem 0x000000004ce00000-0x000000004cffffff] reserved
[    0.000000] user: [mem 0x000000004d000000-0x000000005eefdfff] usable
[    0.000000] user: [mem 0x000000005eefe000-0x000000006e3fefff] reserved
[    0.000000] user: [mem 0x000000006e3ff000-0x000000006f3fefff] ACPI NVS
[    0.000000] user: [mem 0x000000006f3ff000-0x000000006f7fefff] ACPI data
[    0.000000] user: [mem 0x000000006f7ff000-0x000000006f7fffff] usable
[    0.000000] user: [mem 0x000000006f800000-0x000000008fffffff] reserved
[    0.000000] user: [mem 0x00000000fe000000-0x00000000fe010fff] reserved
[    0.000000] user: [mem 0x0000000100000000-0x0000000cf1afffff] persistent (type 12)
[    0.000000] user: [mem 0x0000000cf1b00000-0x0000000fffffffff] usable
[    0.000000] user: [mem 0x0000001000000000-0x0000001ebfffffff] persistent (type 12)
[    0.000000] user: [mem 0x0000001ec0000000-0x000000207fffffff] usable
[    0.000000] user: [mem 0x0000002080000000-0x0000011c7fffffff] persistent (type 7)
[    0.000000] user: [mem 0x00001ffc00000000-0x00001fffffffffff] reserved
[    0.000000] efi: EFI v2.70 by Dell Inc.
[    0.000000] efi: ACPI=0x6f7fe000 ACPI 2.0=0x6f7fe014 MEMATTR=0x5b070020 SMBIOS=0x69526000 SMBIOS 3.0=0x69524000 MOKvar=0x5ef81000 RNG=0x5ef8a920 
[    0.000000] efi: seeding entropy pool
[    0.000000] random: fast init done
[    0.000000] SMBIOS 3.3.0 present.
[    0.000000] DMI: Dell Inc. PowerEdge R750/0K8F35, BIOS 1.10.2 03/03/2023
[    0.000000] tsc: Detected 2000.000 MHz processor
[    0.000007] e820: update [mem 0x00000000-0x00000fff] usable ==> reserved
[    0.000010] e820: remove [mem 0x000a0000-0x000fffff] usable
[    0.000018] last_pfn = 0x2080000 max_arch_pfn = 0x400000000
[    0.000192] x86/PAT: Configuration [0-7]: WB  WC  UC- UC  WB  WP  UC- WT  
[    0.002789] total RAM covered: 2095088M
[    0.002873]  gran_size: 64K 	chunk_size: 64K 	num_reg: 10  	lose cover RAM: 2016G
[    0.002875]  gran_size: 64K 	chunk_size: 128K 	num_reg: 10  	lose cover RAM: 2016G
[    0.002877]  gran_size: 64K 	chunk_size: 256K 	num_reg: 10  	lose cover RAM: 2016G
[    0.002878]  gran_size: 64K 	chunk_size: 512K 	num_reg: 10  	lose cover RAM: 2016G
[    0.002879]  gran_size: 64K 	chunk_size: 1M 	num_reg: 10  	lose cover RAM: 2016G
[    0.002881]  gran_size: 64K 	chunk_size: 2M 	num_reg: 10  	lose cover RAM: 2016G
[    0.002882]  gran_size: 64K 	chunk_size: 4M 	num_reg: 10  	lose cover RAM: 2016G
[    0.002883]  gran_size: 64K 	chunk_size: 8M 	num_reg: 10  	lose cover RAM: 2016G
[    0.002885]  gran_size: 64K 	chunk_size: 16M 	num_reg: 10  	lose cover RAM: 2016G
[    0.002886]  gran_size: 64K 	chunk_size: 32M 	num_reg: 10  	lose cover RAM: 1024G
[    0.002887]  gran_size: 64K 	chunk_size: 64M 	num_reg: 10  	lose cover RAM: 1024G
[    0.002888]  gran_size: 64K 	chunk_size: 128M 	num_reg: 10  	lose cover RAM: 1024G
[    0.002890]  gran_size: 64K 	chunk_size: 256M 	num_reg: 10  	lose cover RAM: 1024G
[    0.002891]  gran_size: 64K 	chunk_size: 512M 	num_reg: 10  	lose cover RAM: 1024G
[    0.002892]  gran_size: 64K 	chunk_size: 1G 	num_reg: 10  	lose cover RAM: 1024G
[    0.002893]  gran_size: 64K 	chunk_size: 2G 	num_reg: 10  	lose cover RAM: 1024G
[    0.002895]  gran_size: 128K 	chunk_size: 128K 	num_reg: 10  	lose cover RAM: 2016G
[    0.002896]  gran_size: 128K 	chunk_size: 256K 	num_reg: 10  	lose cover RAM: 2016G
[    0.002897]  gran_size: 128K 	chunk_size: 512K 	num_reg: 10  	lose cover RAM: 2016G
[    0.002898]  gran_size: 128K 	chunk_size: 1M 	num_reg: 10  	lose cover RAM: 2016G
[    0.002900]  gran_size: 128K 	chunk_size: 2M 	num_reg: 10  	lose cover RAM: 2016G
[    0.002901]  gran_size: 128K 	chunk_size: 4M 	num_reg: 10  	lose cover RAM: 2016G
[    0.002902]  gran_size: 128K 	chunk_size: 8M 	num_reg: 10  	lose cover RAM: 2016G
[    0.002903]  gran_size: 128K 	chunk_size: 16M 	num_reg: 10  	lose cover RAM: 2016G
[    0.002905]  gran_size: 128K 	chunk_size: 32M 	num_reg: 10  	lose cover RAM: 1024G
[    0.002906]  gran_size: 128K 	chunk_size: 64M 	num_reg: 10  	lose cover RAM: 1024G
[    0.002907]  gran_size: 128K 	chunk_size: 128M 	num_reg: 10  	lose cover RAM: 1024G
[    0.002909]  gran_size: 128K 	chunk_size: 256M 	num_reg: 10  	lose cover RAM: 1024G
[    0.002910]  gran_size: 128K 	chunk_size: 512M 	num_reg: 10  	lose cover RAM: 1024G
[    0.002911]  gran_size: 128K 	chunk_size: 1G 	num_reg: 10  	lose cover RAM: 1024G
[    0.002912]  gran_size: 128K 	chunk_size: 2G 	num_reg: 10  	lose cover RAM: 1024G
[    0.002914]  gran_size: 256K 	chunk_size: 256K 	num_reg: 10  	lose cover RAM: 2016G
[    0.002915]  gran_size: 256K 	chunk_size: 512K 	num_reg: 10  	lose cover RAM: 2016G
[    0.002916]  gran_size: 256K 	chunk_size: 1M 	num_reg: 10  	lose cover RAM: 2016G
[    0.002918]  gran_size: 256K 	chunk_size: 2M 	num_reg: 10  	lose cover RAM: 2016G
[    0.002919]  gran_size: 256K 	chunk_size: 4M 	num_reg: 10  	lose cover RAM: 2016G
[    0.002920]  gran_size: 256K 	chunk_size: 8M 	num_reg: 10  	lose cover RAM: 2016G
[    0.002921]  gran_size: 256K 	chunk_size: 16M 	num_reg: 10  	lose cover RAM: 2016G
[    0.002923]  gran_size: 256K 	chunk_size: 32M 	num_reg: 10  	lose cover RAM: 1024G
[    0.002924]  gran_size: 256K 	chunk_size: 64M 	num_reg: 10  	lose cover RAM: 1024G
[    0.002925]  gran_size: 256K 	chunk_size: 128M 	num_reg: 10  	lose cover RAM: 1024G
[    0.002926]  gran_size: 256K 	chunk_size: 256M 	num_reg: 10  	lose cover RAM: 1024G
[    0.002928]  gran_size: 256K 	chunk_size: 512M 	num_reg: 10  	lose cover RAM: 1024G
[    0.002929]  gran_size: 256K 	chunk_size: 1G 	num_reg: 10  	lose cover RAM: 1024G
[    0.002930]  gran_size: 256K 	chunk_size: 2G 	num_reg: 10  	lose cover RAM: 1024G
[    0.002932]  gran_size: 512K 	chunk_size: 512K 	num_reg: 10  	lose cover RAM: 2016G
[    0.002933]  gran_size: 512K 	chunk_size: 1M 	num_reg: 10  	lose cover RAM: 2016G
[    0.002934]  gran_size: 512K 	chunk_size: 2M 	num_reg: 10  	lose cover RAM: 2016G
[    0.002936]  gran_size: 512K 	chunk_size: 4M 	num_reg: 10  	lose cover RAM: 2016G
[    0.002937]  gran_size: 512K 	chunk_size: 8M 	num_reg: 10  	lose cover RAM: 2016G
[    0.002938]  gran_size: 512K 	chunk_size: 16M 	num_reg: 10  	lose cover RAM: 2016G
[    0.002939]  gran_size: 512K 	chunk_size: 32M 	num_reg: 10  	lose cover RAM: 1024G
[    0.002941]  gran_size: 512K 	chunk_size: 64M 	num_reg: 10  	lose cover RAM: 1024G
[    0.002942]  gran_size: 512K 	chunk_size: 128M 	num_reg: 10  	lose cover RAM: 1024G
[    0.002943]  gran_size: 512K 	chunk_size: 256M 	num_reg: 10  	lose cover RAM: 1024G
[    0.002944]  gran_size: 512K 	chunk_size: 512M 	num_reg: 10  	lose cover RAM: 1024G
[    0.002946]  gran_size: 512K 	chunk_size: 1G 	num_reg: 10  	lose cover RAM: 1024G
[    0.002947]  gran_size: 512K 	chunk_size: 2G 	num_reg: 10  	lose cover RAM: 1024G
[    0.002948]  gran_size: 1M 	chunk_size: 1M 	num_reg: 10  	lose cover RAM: 2016G
[    0.002950]  gran_size: 1M 	chunk_size: 2M 	num_reg: 10  	lose cover RAM: 2016G
[    0.002951]  gran_size: 1M 	chunk_size: 4M 	num_reg: 10  	lose cover RAM: 2016G
[    0.002952]  gran_size: 1M 	chunk_size: 8M 	num_reg: 10  	lose cover RAM: 2016G
[    0.002953]  gran_size: 1M 	chunk_size: 16M 	num_reg: 10  	lose cover RAM: 2016G
[    0.002955]  gran_size: 1M 	chunk_size: 32M 	num_reg: 10  	lose cover RAM: 1024G
[    0.002956]  gran_size: 1M 	chunk_size: 64M 	num_reg: 10  	lose cover RAM: 1024G
[    0.002957]  gran_size: 1M 	chunk_size: 128M 	num_reg: 10  	lose cover RAM: 1024G
[    0.002958]  gran_size: 1M 	chunk_size: 256M 	num_reg: 10  	lose cover RAM: 1024G
[    0.002960]  gran_size: 1M 	chunk_size: 512M 	num_reg: 10  	lose cover RAM: 1024G
[    0.002961]  gran_size: 1M 	chunk_size: 1G 	num_reg: 10  	lose cover RAM: 1024G
[    0.002962]  gran_size: 1M 	chunk_size: 2G 	num_reg: 10  	lose cover RAM: 1024G
[    0.002963]  gran_size: 2M 	chunk_size: 2M 	num_reg: 10  	lose cover RAM: 2016G
[    0.002965]  gran_size: 2M 	chunk_size: 4M 	num_reg: 10  	lose cover RAM: 2016G
[    0.002966]  gran_size: 2M 	chunk_size: 8M 	num_reg: 10  	lose cover RAM: 2016G
[    0.002967]  gran_size: 2M 	chunk_size: 16M 	num_reg: 10  	lose cover RAM: 2016G
[    0.002968]  gran_size: 2M 	chunk_size: 32M 	num_reg: 10  	lose cover RAM: 1024G
[    0.002970]  gran_size: 2M 	chunk_size: 64M 	num_reg: 10  	lose cover RAM: 1024G
[    0.002971]  gran_size: 2M 	chunk_size: 128M 	num_reg: 10  	lose cover RAM: 1024G
[    0.002972]  gran_size: 2M 	chunk_size: 256M 	num_reg: 10  	lose cover RAM: 1024G
[    0.002974]  gran_size: 2M 	chunk_size: 512M 	num_reg: 10  	lose cover RAM: 1024G
[    0.002975]  gran_size: 2M 	chunk_size: 1G 	num_reg: 10  	lose cover RAM: 1024G
[    0.002977]  gran_size: 2M 	chunk_size: 2G 	num_reg: 10  	lose cover RAM: 1024G
[    0.002978]  gran_size: 4M 	chunk_size: 4M 	num_reg: 10  	lose cover RAM: 2016G
[    0.002979]  gran_size: 4M 	chunk_size: 8M 	num_reg: 10  	lose cover RAM: 2016G
[    0.002980]  gran_size: 4M 	chunk_size: 16M 	num_reg: 10  	lose cover RAM: 2016G
[    0.002981]  gran_size: 4M 	chunk_size: 32M 	num_reg: 10  	lose cover RAM: 1024G
[    0.002983]  gran_size: 4M 	chunk_size: 64M 	num_reg: 10  	lose cover RAM: 1024G
[    0.002984]  gran_size: 4M 	chunk_size: 128M 	num_reg: 10  	lose cover RAM: 1024G
[    0.002985]  gran_size: 4M 	chunk_size: 256M 	num_reg: 10  	lose cover RAM: 1024G
[    0.002986]  gran_size: 4M 	chunk_size: 512M 	num_reg: 10  	lose cover RAM: 1024G
[    0.002988]  gran_size: 4M 	chunk_size: 1G 	num_reg: 10  	lose cover RAM: 1024G
[    0.002989]  gran_size: 4M 	chunk_size: 2G 	num_reg: 10  	lose cover RAM: 1024G
[    0.002990]  gran_size: 8M 	chunk_size: 8M 	num_reg: 10  	lose cover RAM: 2016G
[    0.002991]  gran_size: 8M 	chunk_size: 16M 	num_reg: 10  	lose cover RAM: 2016G
[    0.002993]  gran_size: 8M 	chunk_size: 32M 	num_reg: 10  	lose cover RAM: 1024G
[    0.002994]  gran_size: 8M 	chunk_size: 64M 	num_reg: 10  	lose cover RAM: 1024G
[    0.002995]  gran_size: 8M 	chunk_size: 128M 	num_reg: 10  	lose cover RAM: 1024G
[    0.002997]  gran_size: 8M 	chunk_size: 256M 	num_reg: 10  	lose cover RAM: 1024G
[    0.002998]  gran_size: 8M 	chunk_size: 512M 	num_reg: 10  	lose cover RAM: 1024G
[    0.002999]  gran_size: 8M 	chunk_size: 1G 	num_reg: 10  	lose cover RAM: 1024G
[    0.003001]  gran_size: 8M 	chunk_size: 2G 	num_reg: 10  	lose cover RAM: 1024G
[    0.003002]  gran_size: 16M 	chunk_size: 16M 	num_reg: 10  	lose cover RAM: 2016G
[    0.003003]  gran_size: 16M 	chunk_size: 32M 	num_reg: 10  	lose cover RAM: 1024G
[    0.003005]  gran_size: 16M 	chunk_size: 64M 	num_reg: 10  	lose cover RAM: 1024G
[    0.003006]  gran_size: 16M 	chunk_size: 128M 	num_reg: 10  	lose cover RAM: 1024G
[    0.003007]  gran_size: 16M 	chunk_size: 256M 	num_reg: 10  	lose cover RAM: 1024G
[    0.003008]  gran_size: 16M 	chunk_size: 512M 	num_reg: 10  	lose cover RAM: 1024G
[    0.003010]  gran_size: 16M 	chunk_size: 1G 	num_reg: 10  	lose cover RAM: 1024G
[    0.003011]  gran_size: 16M 	chunk_size: 2G 	num_reg: 10  	lose cover RAM: 1024G
[    0.003012]  gran_size: 32M 	chunk_size: 32M 	num_reg: 10  	lose cover RAM: 2031632M
[    0.003014]  gran_size: 32M 	chunk_size: 64M 	num_reg: 10  	lose cover RAM: 1048592M
[    0.003015]  gran_size: 32M 	chunk_size: 128M 	num_reg: 10  	lose cover RAM: 1048592M
[    0.003016]  gran_size: 32M 	chunk_size: 256M 	num_reg: 10  	lose cover RAM: 1048592M
[    0.003017]  gran_size: 32M 	chunk_size: 512M 	num_reg: 10  	lose cover RAM: 1048592M
[    0.003019]  gran_size: 32M 	chunk_size: 1G 	num_reg: 10  	lose cover RAM: 1048592M
[    0.003020]  gran_size: 32M 	chunk_size: 2G 	num_reg: 10  	lose cover RAM: 1048592M
[    0.003021]  gran_size: 64M 	chunk_size: 64M 	num_reg: 10  	lose cover RAM: 1966128M
[    0.003023]  gran_size: 64M 	chunk_size: 128M 	num_reg: 10  	lose cover RAM: 1048624M
[    0.003024]  gran_size: 64M 	chunk_size: 256M 	num_reg: 10  	lose cover RAM: 1048624M
[    0.003025]  gran_size: 64M 	chunk_size: 512M 	num_reg: 10  	lose cover RAM: 1048624M
[    0.003026]  gran_size: 64M 	chunk_size: 1G 	num_reg: 10  	lose cover RAM: 1048624M
[    0.003028]  gran_size: 64M 	chunk_size: 2G 	num_reg: 10  	lose cover RAM: 1048624M
[    0.003029]  gran_size: 128M 	chunk_size: 128M 	num_reg: 10  	lose cover RAM: 1835120M
[    0.003030]  gran_size: 128M 	chunk_size: 256M 	num_reg: 10  	lose cover RAM: 1048688M
[    0.003032]  gran_size: 128M 	chunk_size: 512M 	num_reg: 10  	lose cover RAM: 1048688M
[    0.003033]  gran_size: 128M 	chunk_size: 1G 	num_reg: 10  	lose cover RAM: 1048688M
[    0.003034]  gran_size: 128M 	chunk_size: 2G 	num_reg: 10  	lose cover RAM: 1048688M
[    0.003036]  gran_size: 256M 	chunk_size: 256M 	num_reg: 10  	lose cover RAM: 1573104M
[    0.003037]  gran_size: 256M 	chunk_size: 512M 	num_reg: 10  	lose cover RAM: 1048816M
[    0.003038]  gran_size: 256M 	chunk_size: 1G 	num_reg: 10  	lose cover RAM: 1048816M
[    0.003039]  gran_size: 256M 	chunk_size: 2G 	num_reg: 10  	lose cover RAM: 1048816M
[    0.003041]  gran_size: 512M 	chunk_size: 512M 	num_reg: 10  	lose cover RAM: 1049072M
[    0.003042]  gran_size: 512M 	chunk_size: 1G 	num_reg: 10  	lose cover RAM: 1049072M
[    0.003043]  gran_size: 512M 	chunk_size: 2G 	num_reg: 10  	lose cover RAM: 1049072M
[    0.003045]  gran_size: 1G 	chunk_size: 1G 	num_reg: 10  	lose cover RAM: 1008M
[    0.003046]  gran_size: 1G 	chunk_size: 2G 	num_reg: 10  	lose cover RAM: 1008M
[    0.003047]  gran_size: 2G 	chunk_size: 2G 	num_reg: 9  	lose cover RAM: 2032M
[    0.003049] mtrr_cleanup: can not find optimal value
[    0.003049] please specify mtrr_gran_size/mtrr_chunk_size
[    0.003052] e820: update [mem 0x7f000000-0xffffffff] usable ==> reserved
[    0.003055] x2apic: enabled by BIOS, switching to x2apic ops
[    0.003055] last_pfn = 0x6f800 max_arch_pfn = 0x400000000
[    0.014383] Using GB pages for direct mapping
[    0.015133] Secure boot disabled
[    0.015134] RAMDISK: [mem 0x205cb7c000-0x207fffffff]
[    0.015139] ACPI: Early table checksum verification disabled
[    0.015141] ACPI: RSDP 0x000000006F7FE014 000024 (v02 DELL  )
[    0.015144] ACPI: XSDT 0x000000006F41C188 0000F4 (v01 DELL   PE_SC3   00000000 DELL 01000013)
[    0.015150] ACPI: FACP 0x000000006F430000 000114 (v06 DELL   PE_SC3   00000000 DELL 00000001)
[    0.015155] ACPI: DSDT 0x000000004B4CE000 07FAD3 (v02 DELL   PE_SC3   00000003 DELL 00000001)
[    0.015159] ACPI: FACS 0x000000006F2F2000 000040
[    0.015162] ACPI: SSDT 0x000000006F7FB000 00159A (v02 INTEL  RAS_ACPI 00000001 INTL 20210331)
[    0.015166] ACPI: SSDT 0x000000006F7FA000 000745 (v02 INTEL  ADDRXLAT 00000001 INTL 20210331)
[    0.015169] ACPI: MCEJ 0x000000006F7F9000 000130 (v01 INTEL           00000001 INTL 0100000D)
[    0.015172] ACPI: BERT 0x000000006F7F8000 000030 (v01 DELL   PE_SC3   00000001 INTL 00000001)
[    0.015176] ACPI: ERST 0x000000006F7F7000 000230 (v01 DELL   PE_SC3   00000001 INTL 00000001)
[    0.015179] ACPI: SSDT 0x000000006F431000 3C524E (v02 INTEL  SSDTNVDR 00001000 INTL 20210331)
[    0.015182] ACPI: HMAT 0x000000006F42F000 000210 (v01 DELL   PE_SC3   00000001 DELL 00000001)
[    0.015185] ACPI: HPET 0x000000006F42E000 000038 (v01 DELL   PE_SC3   00000001 DELL 00000001)
[    0.015189] ACPI: MCFG 0x000000006F42D000 00003C (v01 DELL   PE_SC3   00000001 DELL 00000001)
[    0.015192] ACPI: MIGT 0x000000006F42C000 000040 (v01 DELL   PE_SC3   00000000 DELL 00000001)
[    0.015195] ACPI: MSCT 0x000000006F42B000 000090 (v01 DELL   PE_SC3   00000001 DELL 00000001)
[    0.015198] ACPI: PMTT 0x000000006F429000 0011E8 (v02 DELL   PE_SC3   00000001 DELL 00000001)
[    0.015201] ACPI: WSMT 0x000000006F428000 000028 (v01 DELL   PE_SC3   00000000 DELL 00000001)
[    0.015205] ACPI: APIC 0x000000006F427000 00075E (v04 DELL   PE_SC3   00000000 DELL 00000001)
[    0.015208] ACPI: SLIT 0x000000006F426000 00003C (v01 DELL   PE_SC3   00000001 DELL 01000013)
[    0.015211] ACPI: SRAT 0x000000006F41F000 006430 (v03 DELL   PE_SC3   00000002 DELL 01000013)
[    0.015214] ACPI: OEM4 0x000000004B346000 187A61 (v02 INTEL  CPU  CST 00003000 INTL 20210331)
[    0.015217] ACPI: SSDT 0x000000004B2CF000 0764A5 (v02 INTEL  SSDT  PM 00004000 INTL 20210331)
[    0.015221] ACPI: SSDT 0x000000006F41E000 000A1F (v02 DELL   PE_SC3   00000000 DELL 00000001)
[    0.015224] ACPI: HEST 0x000000006F41D000 00017C (v01 DELL   PE_SC3   00000001 INTL 00000001)
[    0.015227] ACPI: PCAT 0x000000006F41B000 00010C (v19 DELL   PE_SC3   00000002 DELL 00000001)
[    0.015230] ACPI: SSDT 0x000000006F413000 007299 (v02 INTEL  SpsNm    00000002 INTL 20210331)
[    0.015234] ACPI: SSDT 0x000000006F412000 000426 (v02 DELL   PE_SC3   00000002 DELL 00000001)
[    0.015237] ACPI: NFIT 0x000000006F7FD000 000488 (v01 DELL   PE_SC3   00000002 DELL 00000001)
[    0.015240] ACPI: DMAR 0x000000006F411000 000158 (v01 DELL   PE_SC3   00000001 DELL 00000001)
[    0.015242] ACPI: Reserving FACP table memory at [mem 0x6f430000-0x6f430113]
[    0.015244] ACPI: Reserving DSDT table memory at [mem 0x4b4ce000-0x4b54dad2]
[    0.015245] ACPI: Reserving FACS table memory at [mem 0x6f2f2000-0x6f2f203f]
[    0.015246] ACPI: Reserving SSDT table memory at [mem 0x6f7fb000-0x6f7fc599]
[    0.015247] ACPI: Reserving SSDT table memory at [mem 0x6f7fa000-0x6f7fa744]
[    0.015248] ACPI: Reserving MCEJ table memory at [mem 0x6f7f9000-0x6f7f912f]
[    0.015249] ACPI: Reserving BERT table memory at [mem 0x6f7f8000-0x6f7f802f]
[    0.015250] ACPI: Reserving ERST table memory at [mem 0x6f7f7000-0x6f7f722f]
[    0.015250] ACPI: Reserving SSDT table memory at [mem 0x6f431000-0x6f7f624d]
[    0.015251] ACPI: Reserving HMAT table memory at [mem 0x6f42f000-0x6f42f20f]
[    0.015252] ACPI: Reserving HPET table memory at [mem 0x6f42e000-0x6f42e037]
[    0.015253] ACPI: Reserving MCFG table memory at [mem 0x6f42d000-0x6f42d03b]
[    0.015254] ACPI: Reserving MIGT table memory at [mem 0x6f42c000-0x6f42c03f]
[    0.015255] ACPI: Reserving MSCT table memory at [mem 0x6f42b000-0x6f42b08f]
[    0.015256] ACPI: Reserving PMTT table memory at [mem 0x6f429000-0x6f42a1e7]
[    0.015257] ACPI: Reserving WSMT table memory at [mem 0x6f428000-0x6f428027]
[    0.015257] ACPI: Reserving APIC table memory at [mem 0x6f427000-0x6f42775d]
[    0.015258] ACPI: Reserving SLIT table memory at [mem 0x6f426000-0x6f42603b]
[    0.015259] ACPI: Reserving SRAT table memory at [mem 0x6f41f000-0x6f42542f]
[    0.015260] ACPI: Reserving OEM4 table memory at [mem 0x4b346000-0x4b4cda60]
[    0.015261] ACPI: Reserving SSDT table memory at [mem 0x4b2cf000-0x4b3454a4]
[    0.015262] ACPI: Reserving SSDT table memory at [mem 0x6f41e000-0x6f41ea1e]
[    0.015263] ACPI: Reserving HEST table memory at [mem 0x6f41d000-0x6f41d17b]
[    0.015264] ACPI: Reserving PCAT table memory at [mem 0x6f41b000-0x6f41b10b]
[    0.015265] ACPI: Reserving SSDT table memory at [mem 0x6f413000-0x6f41a298]
[    0.015266] ACPI: Reserving SSDT table memory at [mem 0x6f412000-0x6f412425]
[    0.015266] ACPI: Reserving NFIT table memory at [mem 0x6f7fd000-0x6f7fd487]
[    0.015267] ACPI: Reserving DMAR table memory at [mem 0x6f411000-0x6f411157]
[    0.015278] Setting APIC routing to cluster x2apic.
[    0.015325] SRAT: PXM 0 -> APIC 0x0000 -> Node 0
[    0.015326] SRAT: PXM 0 -> APIC 0x0001 -> Node 0
[    0.015327] SRAT: PXM 0 -> APIC 0x0002 -> Node 0
[    0.015328] SRAT: PXM 0 -> APIC 0x0003 -> Node 0
[    0.015328] SRAT: PXM 0 -> APIC 0x0004 -> Node 0
[    0.015329] SRAT: PXM 0 -> APIC 0x0005 -> Node 0
[    0.015330] SRAT: PXM 0 -> APIC 0x0006 -> Node 0
[    0.015330] SRAT: PXM 0 -> APIC 0x0007 -> Node 0
[    0.015331] SRAT: PXM 0 -> APIC 0x0008 -> Node 0
[    0.015331] SRAT: PXM 0 -> APIC 0x0009 -> Node 0
[    0.015332] SRAT: PXM 0 -> APIC 0x000a -> Node 0
[    0.015333] SRAT: PXM 0 -> APIC 0x000b -> Node 0
[    0.015334] SRAT: PXM 0 -> APIC 0x000c -> Node 0
[    0.015334] SRAT: PXM 0 -> APIC 0x000d -> Node 0
[    0.015335] SRAT: PXM 0 -> APIC 0x000e -> Node 0
[    0.015336] SRAT: PXM 0 -> APIC 0x000f -> Node 0
[    0.015336] SRAT: PXM 0 -> APIC 0x0010 -> Node 0
[    0.015337] SRAT: PXM 0 -> APIC 0x0011 -> Node 0
[    0.015338] SRAT: PXM 0 -> APIC 0x0012 -> Node 0
[    0.015339] SRAT: PXM 0 -> APIC 0x0013 -> Node 0
[    0.015339] SRAT: PXM 0 -> APIC 0x0014 -> Node 0
[    0.015340] SRAT: PXM 0 -> APIC 0x0015 -> Node 0
[    0.015340] SRAT: PXM 0 -> APIC 0x0016 -> Node 0
[    0.015341] SRAT: PXM 0 -> APIC 0x0017 -> Node 0
[    0.015342] SRAT: PXM 0 -> APIC 0x0018 -> Node 0
[    0.015342] SRAT: PXM 0 -> APIC 0x0019 -> Node 0
[    0.015343] SRAT: PXM 0 -> APIC 0x001a -> Node 0
[    0.015344] SRAT: PXM 0 -> APIC 0x001b -> Node 0
[    0.015344] SRAT: PXM 0 -> APIC 0x001c -> Node 0
[    0.015345] SRAT: PXM 0 -> APIC 0x001d -> Node 0
[    0.015346] SRAT: PXM 0 -> APIC 0x001e -> Node 0
[    0.015346] SRAT: PXM 0 -> APIC 0x001f -> Node 0
[    0.015347] SRAT: PXM 0 -> APIC 0x0020 -> Node 0
[    0.015348] SRAT: PXM 0 -> APIC 0x0021 -> Node 0
[    0.015348] SRAT: PXM 0 -> APIC 0x0022 -> Node 0
[    0.015349] SRAT: PXM 0 -> APIC 0x0023 -> Node 0
[    0.015349] SRAT: PXM 0 -> APIC 0x0024 -> Node 0
[    0.015350] SRAT: PXM 0 -> APIC 0x0025 -> Node 0
[    0.015351] SRAT: PXM 0 -> APIC 0x0026 -> Node 0
[    0.015351] SRAT: PXM 0 -> APIC 0x0027 -> Node 0
[    0.015352] SRAT: PXM 0 -> APIC 0x0028 -> Node 0
[    0.015353] SRAT: PXM 0 -> APIC 0x0029 -> Node 0
[    0.015353] SRAT: PXM 0 -> APIC 0x002a -> Node 0
[    0.015354] SRAT: PXM 0 -> APIC 0x002b -> Node 0
[    0.015354] SRAT: PXM 0 -> APIC 0x002c -> Node 0
[    0.015355] SRAT: PXM 0 -> APIC 0x002d -> Node 0
[    0.015356] SRAT: PXM 0 -> APIC 0x002e -> Node 0
[    0.015356] SRAT: PXM 0 -> APIC 0x002f -> Node 0
[    0.015357] SRAT: PXM 0 -> APIC 0x0030 -> Node 0
[    0.015358] SRAT: PXM 0 -> APIC 0x0031 -> Node 0
[    0.015358] SRAT: PXM 0 -> APIC 0x0032 -> Node 0
[    0.015359] SRAT: PXM 0 -> APIC 0x0033 -> Node 0
[    0.015360] SRAT: PXM 0 -> APIC 0x0034 -> Node 0
[    0.015360] SRAT: PXM 0 -> APIC 0x0035 -> Node 0
[    0.015361] SRAT: PXM 0 -> APIC 0x0036 -> Node 0
[    0.015361] SRAT: PXM 0 -> APIC 0x0037 -> Node 0
[    0.015362] SRAT: PXM 1 -> APIC 0x0080 -> Node 1
[    0.015363] SRAT: PXM 1 -> APIC 0x0081 -> Node 1
[    0.015364] SRAT: PXM 1 -> APIC 0x0082 -> Node 1
[    0.015365] SRAT: PXM 1 -> APIC 0x0083 -> Node 1
[    0.015365] SRAT: PXM 1 -> APIC 0x0084 -> Node 1
[    0.015366] SRAT: PXM 1 -> APIC 0x0085 -> Node 1
[    0.015367] SRAT: PXM 1 -> APIC 0x0086 -> Node 1
[    0.015367] SRAT: PXM 1 -> APIC 0x0087 -> Node 1
[    0.015368] SRAT: PXM 1 -> APIC 0x0088 -> Node 1
[    0.015369] SRAT: PXM 1 -> APIC 0x0089 -> Node 1
[    0.015369] SRAT: PXM 1 -> APIC 0x008a -> Node 1
[    0.015370] SRAT: PXM 1 -> APIC 0x008b -> Node 1
[    0.015371] SRAT: PXM 1 -> APIC 0x008c -> Node 1
[    0.015371] SRAT: PXM 1 -> APIC 0x008d -> Node 1
[    0.015372] SRAT: PXM 1 -> APIC 0x008e -> Node 1
[    0.015373] SRAT: PXM 1 -> APIC 0x008f -> Node 1
[    0.015373] SRAT: PXM 1 -> APIC 0x0090 -> Node 1
[    0.015374] SRAT: PXM 1 -> APIC 0x0091 -> Node 1
[    0.015374] SRAT: PXM 1 -> APIC 0x0092 -> Node 1
[    0.015375] SRAT: PXM 1 -> APIC 0x0093 -> Node 1
[    0.015376] SRAT: PXM 1 -> APIC 0x0094 -> Node 1
[    0.015376] SRAT: PXM 1 -> APIC 0x0095 -> Node 1
[    0.015377] SRAT: PXM 1 -> APIC 0x0096 -> Node 1
[    0.015378] SRAT: PXM 1 -> APIC 0x0097 -> Node 1
[    0.015378] SRAT: PXM 1 -> APIC 0x0098 -> Node 1
[    0.015379] SRAT: PXM 1 -> APIC 0x0099 -> Node 1
[    0.015379] SRAT: PXM 1 -> APIC 0x009a -> Node 1
[    0.015380] SRAT: PXM 1 -> APIC 0x009b -> Node 1
[    0.015381] SRAT: PXM 1 -> APIC 0x009c -> Node 1
[    0.015381] SRAT: PXM 1 -> APIC 0x009d -> Node 1
[    0.015382] SRAT: PXM 1 -> APIC 0x009e -> Node 1
[    0.015383] SRAT: PXM 1 -> APIC 0x009f -> Node 1
[    0.015383] SRAT: PXM 1 -> APIC 0x00a0 -> Node 1
[    0.015384] SRAT: PXM 1 -> APIC 0x00a1 -> Node 1
[    0.015384] SRAT: PXM 1 -> APIC 0x00a2 -> Node 1
[    0.015385] SRAT: PXM 1 -> APIC 0x00a3 -> Node 1
[    0.015386] SRAT: PXM 1 -> APIC 0x00a4 -> Node 1
[    0.015386] SRAT: PXM 1 -> APIC 0x00a5 -> Node 1
[    0.015387] SRAT: PXM 1 -> APIC 0x00a6 -> Node 1
[    0.015388] SRAT: PXM 1 -> APIC 0x00a7 -> Node 1
[    0.015388] SRAT: PXM 1 -> APIC 0x00a8 -> Node 1
[    0.015389] SRAT: PXM 1 -> APIC 0x00a9 -> Node 1
[    0.015390] SRAT: PXM 1 -> APIC 0x00aa -> Node 1
[    0.015390] SRAT: PXM 1 -> APIC 0x00ab -> Node 1
[    0.015391] SRAT: PXM 1 -> APIC 0x00ac -> Node 1
[    0.015391] SRAT: PXM 1 -> APIC 0x00ad -> Node 1
[    0.015392] SRAT: PXM 1 -> APIC 0x00ae -> Node 1
[    0.015393] SRAT: PXM 1 -> APIC 0x00af -> Node 1
[    0.015394] SRAT: PXM 1 -> APIC 0x00b0 -> Node 1
[    0.015394] SRAT: PXM 1 -> APIC 0x00b1 -> Node 1
[    0.015395] SRAT: PXM 1 -> APIC 0x00b2 -> Node 1
[    0.015396] SRAT: PXM 1 -> APIC 0x00b3 -> Node 1
[    0.015397] SRAT: PXM 1 -> APIC 0x00b4 -> Node 1
[    0.015397] SRAT: PXM 1 -> APIC 0x00b5 -> Node 1
[    0.015398] SRAT: PXM 1 -> APIC 0x00b6 -> Node 1
[    0.015399] SRAT: PXM 1 -> APIC 0x00b7 -> Node 1
[    0.015411] ACPI: SRAT: Node 0 PXM 0 [mem 0x00000000-0x7fffffff]
[    0.015413] ACPI: SRAT: Node 0 PXM 0 [mem 0x100000000-0x107fffffff]
[    0.015414] ACPI: SRAT: Node 2 PXM 2 [mem 0x2080000000-0x9e7fffffff] non-volatile
[    0.015416] ACPI: SRAT: Node 1 PXM 1 [mem 0x1080000000-0x207fffffff]
[    0.015417] ACPI: SRAT: Node 3 PXM 3 [mem 0x9e80000000-0x11c7fffffff] non-volatile
[    0.015426] NUMA: Initialized distance table, cnt=4
[    0.015428] NUMA: Node 0 [mem 0x00000000-0x7fffffff] + [mem 0x100000000-0x107fffffff] -> [mem 0x00000000-0x107fffffff]
[    0.015437] NODE_DATA(0) allocated [mem 0xffffd5000-0xfffffffff]
[    0.015455] NODE_DATA(1) allocated [mem 0x205cb4d000-0x205cb77fff]
[    0.015651] Zone ranges:
[    0.015651]   DMA      [mem 0x0000000000001000-0x0000000000ffffff]
[    0.015653]   DMA32    [mem 0x0000000001000000-0x00000000ffffffff]
[    0.015655]   Normal   [mem 0x0000000100000000-0x000000207fffffff]
[    0.015656]   Device   empty
[    0.015657] Movable zone start for each node
[    0.015660] Early memory node ranges
[    0.015661]   node   0: [mem 0x0000000000001000-0x000000000008efff]
[    0.015662]   node   0: [mem 0x0000000000090000-0x000000000009ffff]
[    0.015663]   node   0: [mem 0x0000000000100000-0x0000000049e76fff]
[    0.015664]   node   0: [mem 0x000000004ae77000-0x000000004b2cefff]
[    0.015665]   node   0: [mem 0x000000004b54e000-0x000000004bd93fff]
[    0.015666]   node   0: [mem 0x000000004be9a000-0x000000004cdfffff]
[    0.015667]   node   0: [mem 0x000000004d000000-0x000000005eefdfff]
[    0.015667]   node   0: [mem 0x000000006f7ff000-0x000000006f7fffff]
[    0.015668]   node   0: [mem 0x0000000cf1b00000-0x0000000fffffffff]
[    0.015670]   node   1: [mem 0x0000001ec0000000-0x000000207fffffff]
[    0.015671] Initmem setup node 0 [mem 0x0000000000001000-0x0000000fffffffff]
[    0.015674] Initmem setup node 1 [mem 0x0000001ec0000000-0x000000207fffffff]
[    0.015676] On node 0, zone DMA: 1 pages in unavailable ranges
[    0.015678] On node 0, zone DMA: 1 pages in unavailable ranges
[    0.015703] On node 0, zone DMA: 96 pages in unavailable ranges
[    0.017996] On node 0, zone DMA32: 4096 pages in unavailable ranges
[    0.018023] On node 0, zone DMA32: 639 pages in unavailable ranges
[    0.018058] On node 0, zone DMA32: 262 pages in unavailable ranges
[    0.018623] On node 0, zone DMA32: 512 pages in unavailable ranges
[    0.018909] On node 0, zone DMA32: 35073 pages in unavailable ranges
[    0.043141] On node 0, zone Normal: 8960 pages in unavailable ranges
[    0.057399] ACPI: PM-Timer IO Port: 0x508
[    0.057419] ACPI: X2APIC_NMI (uid[0xffffffff] high edge lint[0x1])
[    0.057422] ACPI: LAPIC_NMI (acpi_id[0xff] high edge lint[0x1])
[    0.057441] IOAPIC[0]: apic_id 8, version 32, address 0xfec00000, GSI 0-119
[    0.057445] ACPI: INT_SRC_OVR (bus 0 bus_irq 0 global_irq 2 dfl dfl)
[    0.057447] ACPI: INT_SRC_OVR (bus 0 bus_irq 9 global_irq 9 high level)
[    0.057452] ACPI: Using ACPI (MADT) for SMP configuration information
[    0.057453] ACPI: HPET id: 0x8086a701 base: 0xfed00000
[    0.057457] TSC deadline timer available
[    0.057458] smpboot: Allowing 112 CPUs, 0 hotplug CPUs
[    0.057486] PM: hibernation: Registered nosave memory: [mem 0x00000000-0x00000fff]
[    0.057488] PM: hibernation: Registered nosave memory: [mem 0x0008f000-0x0008ffff]
[    0.057490] PM: hibernation: Registered nosave memory: [mem 0x000a0000-0x000fffff]
[    0.057492] PM: hibernation: Registered nosave memory: [mem 0x46cc5000-0x46cc5fff]
[    0.057494] PM: hibernation: Registered nosave memory: [mem 0x46cf6000-0x46cf6fff]
[    0.057495] PM: hibernation: Registered nosave memory: [mem 0x46cf7000-0x46cf7fff]
[    0.057497] PM: hibernation: Registered nosave memory: [mem 0x46d29000-0x46d29fff]
[    0.057498] PM: hibernation: Registered nosave memory: [mem 0x46d2a000-0x46d2afff]
[    0.057499] PM: hibernation: Registered nosave memory: [mem 0x46d5c000-0x46d5cfff]
[    0.057500] PM: hibernation: Registered nosave memory: [mem 0x46d5d000-0x46d5dfff]
[    0.057502] PM: hibernation: Registered nosave memory: [mem 0x46d65000-0x46d65fff]
[    0.057504] PM: hibernation: Registered nosave memory: [mem 0x49e77000-0x4ae76fff]
[    0.057506] PM: hibernation: Registered nosave memory: [mem 0x4b2cf000-0x4b54dfff]
[    0.057507] PM: hibernation: Registered nosave memory: [mem 0x4bd94000-0x4be99fff]
[    0.057509] PM: hibernation: Registered nosave memory: [mem 0x4ce00000-0x4cffffff]
[    0.057511] PM: hibernation: Registered nosave memory: [mem 0x5eefe000-0x6e3fefff]
[    0.057512] PM: hibernation: Registered nosave memory: [mem 0x6e3ff000-0x6f3fefff]
[    0.057512] PM: hibernation: Registered nosave memory: [mem 0x6f3ff000-0x6f7fefff]
[    0.057514] PM: hibernation: Registered nosave memory: [mem 0x6f800000-0x8fffffff]
[    0.057515] PM: hibernation: Registered nosave memory: [mem 0x90000000-0xfdffffff]
[    0.057516] PM: hibernation: Registered nosave memory: [mem 0xfe000000-0xfe010fff]
[    0.057516] PM: hibernation: Registered nosave memory: [mem 0xfe011000-0xffffffff]
[    0.057517] PM: hibernation: Registered nosave memory: [mem 0x100000000-0xcf1afffff]
[    0.057519] PM: hibernation: Registered nosave memory: [mem 0x1000000000-0x1ebfffffff]
[    0.057521] [mem 0x90000000-0xfdffffff] available for PCI devices
[    0.057523] Booting paravirtualized kernel on bare hardware
[    0.057525] clocksource: refined-jiffies: mask: 0xffffffff max_cycles: 0xffffffff, max_idle_ns: 7645519600211568 ns
[    0.057531] setup_percpu: NR_CPUS:8192 nr_cpumask_bits:112 nr_cpu_ids:112 nr_node_ids:4
[    0.062037] percpu: Embedded 53 pages/cpu s180224 r8192 d28672 u262144
[    0.062048] pcpu-alloc: s180224 r8192 d28672 u262144 alloc=1*2097152
[    0.062050] pcpu-alloc: [0] 000 002 004 006 008 010 012 014 
[    0.062056] pcpu-alloc: [0] 016 018 020 022 024 026 028 030 
[    0.062061] pcpu-alloc: [0] 032 034 036 038 040 042 044 046 
[    0.062065] pcpu-alloc: [0] 048 050 052 054 056 058 060 062 
[    0.062069] pcpu-alloc: [0] 064 066 068 070 072 074 076 078 
[    0.062073] pcpu-alloc: [0] 080 082 084 086 088 090 092 094 
[    0.062077] pcpu-alloc: [0] 096 098 100 102 104 106 108 110 
[    0.062081] pcpu-alloc: [1] 001 003 005 007 009 011 013 015 
[    0.062086] pcpu-alloc: [1] 017 019 021 023 025 027 029 031 
[    0.062090] pcpu-alloc: [1] 033 035 037 039 041 043 045 047 
[    0.062094] pcpu-alloc: [1] 049 051 053 055 057 059 061 063 
[    0.062098] pcpu-alloc: [1] 065 067 069 071 073 075 077 079 
[    0.062102] pcpu-alloc: [1] 081 083 085 087 089 091 093 095 
[    0.062106] pcpu-alloc: [1] 097 099 101 103 105 107 109 111 
[    0.062157] Built 2 zonelists, mobility grouping on.  Total pages: 5336704
[    0.062159] Policy zone: Normal
[    0.062161] Kernel command line: BOOT_IMAGE=/boot/vmlinuz-5.15.0-tiering-0.8 root=UUID=ce0c24b8-724b-4f33-9b2c-618433560aef ro memmap=48923M!4096M memmap=59G!64G quiet splash nomodeset vt.handoff=1
[    0.062279] You have booted with nomodeset. This means your GPU drivers are DISABLED
[    0.062280] Any video related functionality will be severely degraded, and you may not even be able to suspend the system properly
[    0.062280] Unless you actually understand what nomodeset does, you should reboot without enabling it
[    0.062301] Unknown command line parameters: splash BOOT_IMAGE=/boot/vmlinuz-5.15.0-tiering-0.8
[    0.062303] printk: log_buf_len individual max cpu contribution: 4096 bytes
[    0.062304] printk: log_buf_len total cpu_extra contributions: 454656 bytes
[    0.062304] printk: log_buf_len min size: 262144 bytes
[    0.063277] printk: log_buf_len: 1048576 bytes
[    0.063278] printk: early log buf free: 223792(85%)
[    0.064852] mem auto-init: stack:off, heap alloc:on, heap free:off
[    0.124510] Memory: 20506476K/21690464K available (14345K kernel code, 3484K rwdata, 10288K rodata, 2824K init, 5836K bss, 1183728K reserved, 0K cma-reserved)
[    0.124516] random: get_random_u64 called from __kmem_cache_create+0x2d/0x460 with crng_init=1
[    0.125338] SLUB: HWalign=64, Order=0-3, MinObjects=0, CPUs=112, Nodes=4
[    0.125370] ftrace: allocating 48223 entries in 189 pages
[    0.140614] ftrace: allocated 189 pages with 6 groups
[    0.141258] rcu: Hierarchical RCU implementation.
[    0.141260] rcu: 	RCU restricting CPUs from NR_CPUS=8192 to nr_cpu_ids=112.
[    0.141261] 	Rude variant of Tasks RCU enabled.
[    0.141262] 	Tracing variant of Tasks RCU enabled.
[    0.141263] rcu: RCU calculated value of scheduler-enlistment delay is 25 jiffies.
[    0.141264] rcu: Adjusting geometry for rcu_fanout_leaf=16, nr_cpu_ids=112
[    0.145009] NR_IRQS: 524544, nr_irqs: 2952, preallocated irqs: 16
[    0.145364] random: crng done (trusting CPU's manufacturer)
[    0.145506] Console: colour dummy device 80x25
[    0.145540] printk: console [tty0] enabled
[    0.145718] mempolicy: Enabling automatic NUMA balancing. Configure with numa_balancing= or the kernel.numa_balancing sysctl
[    0.145723] ACPI: Core revision 20210730
[    0.149078] clocksource: hpet: mask: 0xffffffff max_cycles: 0xffffffff, max_idle_ns: 79635855245 ns
[    0.149121] APIC: Switch to symmetric I/O mode setup
[    0.149123] DMAR: Host address width 46
[    0.149124] DMAR: DRHD base: 0x000000d0ffc000 flags: 0x0
[    0.149129] DMAR: dmar0: reg_base_addr d0ffc000 ver 4:0 cap 8ed008c40780466 ecap 60000f050df
[    0.149132] DMAR: DRHD base: 0x000000dbbfc000 flags: 0x0
[    0.149134] DMAR: dmar1: reg_base_addr dbbfc000 ver 4:0 cap 8ed008c40780466 ecap 60000f050df
[    0.149136] DMAR: DRHD base: 0x000000e67fc000 flags: 0x0
[    0.149140] DMAR: dmar2: reg_base_addr e67fc000 ver 4:0 cap 8ed008c40780466 ecap 60000f050df
[    0.149142] DMAR: DRHD base: 0x000000f13fc000 flags: 0x0
[    0.149145] DMAR: dmar3: reg_base_addr f13fc000 ver 4:0 cap 8ed008c40780466 ecap 60000f050df
[    0.149147] DMAR: DRHD base: 0x000000fb7fc000 flags: 0x0
[    0.149149] DMAR: dmar4: reg_base_addr fb7fc000 ver 4:0 cap 8ed008c40780466 ecap 60000f050df
[    0.149151] DMAR: DRHD base: 0x000000a63fc000 flags: 0x0
[    0.149154] DMAR: dmar5: reg_base_addr a63fc000 ver 4:0 cap 8ed008c40780466 ecap 60000f050df
[    0.149155] DMAR: DRHD base: 0x000000b0ffc000 flags: 0x0
[    0.149158] DMAR: dmar6: reg_base_addr b0ffc000 ver 4:0 cap 8ed008c40780466 ecap 60000f050df
[    0.149159] DMAR: DRHD base: 0x000000bbbfc000 flags: 0x0
[    0.149164] DMAR: dmar7: reg_base_addr bbbfc000 ver 4:0 cap 8ed008c40780466 ecap 60000f050df
[    0.149166] DMAR: DRHD base: 0x000000c5ffc000 flags: 0x0
[    0.149168] DMAR: dmar8: reg_base_addr c5ffc000 ver 4:0 cap 8ed008c40780466 ecap 60000f050df
[    0.149170] DMAR: DRHD base: 0x0000009b7fc000 flags: 0x1
[    0.149172] DMAR: dmar9: reg_base_addr 9b7fc000 ver 4:0 cap 8ed008c40780466 ecap 60000f050df
[    0.149174] DMAR: RMRR base: 0x00000069427000 end: 0x00000069429fff
[    0.149175] DMAR: ATSR flags: 0x0
[    0.149178] DMAR-IR: IOAPIC id 8 under DRHD base  0x9b7fc000 IOMMU 9
[    0.149179] DMAR-IR: HPET id 0 under DRHD base 0x9b7fc000
[    0.149180] DMAR-IR: Queued invalidation will be enabled to support x2apic and Intr-remapping.
[    0.152097] DMAR-IR: Enabled IRQ remapping in x2apic mode
[    0.154700] ..TIMER: vector=0x30 apic1=0 pin1=2 apic2=-1 pin2=-1
[    0.173051] clocksource: tsc-early: mask: 0xffffffffffffffff max_cycles: 0x39a85c9bff6, max_idle_ns: 881590591483 ns
[    0.173058] Calibrating delay loop (skipped), value calculated using timer frequency.. 4000.00 BogoMIPS (lpj=8000000)
[    0.173061] pid_max: default: 114688 minimum: 896
[    0.176466] LSM: Security Framework initializing
[    0.176489] Yama: becoming mindful.
[    0.176531] AppArmor: AppArmor initialized
[    0.181001] Dentry cache hash table entries: 4194304 (order: 13, 33554432 bytes, vmalloc)
[    0.183261] Inode-cache hash table entries: 2097152 (order: 12, 16777216 bytes, vmalloc)
[    0.183375] Mount-cache hash table entries: 65536 (order: 7, 524288 bytes, vmalloc)
[    0.183446] Mountpoint-cache hash table entries: 65536 (order: 7, 524288 bytes, vmalloc)
[    0.184074] x86/tme: not enabled by BIOS
[    0.184084] CPU0: Thermal monitoring enabled (TM1)
[    0.184086] x86/cpu: User Mode Instruction Prevention (UMIP) activated
[    0.184318] process: using mwait in idle threads
[    0.184320] Last level iTLB entries: 4KB 0, 2MB 0, 4MB 0
[    0.184321] Last level dTLB entries: 4KB 0, 2MB 0, 4MB 0, 1GB 0
[    0.184327] Spectre V1 : Mitigation: usercopy/swapgs barriers and __user pointer sanitization
[    0.184329] Spectre V2 : Mitigation: Enhanced IBRS
[    0.184329] Spectre V2 : Spectre v2 / SpectreRSB mitigation: Filling RSB on context switch
[    0.184331] Spectre V2 : mitigation: Enabling conditional Indirect Branch Prediction Barrier
[    0.184333] Speculative Store Bypass: Mitigation: Speculative Store Bypass disabled via prctl and seccomp
[    0.190600] Freeing SMP alternatives memory: 40K
[    0.193192] smpboot: Estimated ratio of average max frequency by base frequency (times 1024): 1433
[    0.193207] smpboot: CPU0: Intel(R) Xeon(R) Gold 6330 CPU @ 2.00GHz (family: 0x6, model: 0x6a, stepping: 0x6)
[    0.193403] Performance Events: PEBS fmt4+-baseline,  AnyThread deprecated, Icelake events, 32-deep LBR, full-width counters, Intel PMU driver.
[    0.193422] ... version:                5
[    0.193423] ... bit width:              48
[    0.193424] ... generic registers:      8
[    0.193424] ... value mask:             0000ffffffffffff
[    0.193425] ... max period:             00007fffffffffff
[    0.193426] ... fixed-purpose events:   4
[    0.193427] ... event mask:             0001000f000000ff
[    0.193552] rcu: Hierarchical SRCU implementation.
[    0.200633] NMI watchdog: Enabled. Permanently consumes one hw-PMU counter.
[    0.201684] smp: Bringing up secondary CPUs ...
[    0.201792] x86: Booting SMP configuration:
[    0.201793] .... node  #1, CPUs:          #1
[    0.007740] smpboot: CPU 1 Converting physical 0 to logical die 1

[    0.289164] .... node  #0, CPUs:     #2
[    0.294556] .... node  #1, CPUs:     #3
[    0.299999] .... node  #0, CPUs:     #4
[    0.305379] .... node  #1, CPUs:     #5
[    0.310793] .... node  #0, CPUs:     #6
[    0.316373] .... node  #1, CPUs:     #7
[    0.321993] .... node  #0, CPUs:     #8
[    0.327283] .... node  #1, CPUs:     #9
[    0.333161] .... node  #0, CPUs:    #10
[    0.338757] .... node  #1, CPUs:    #11
[    0.344516] .... node  #0, CPUs:    #12
[    0.350037] .... node  #1, CPUs:    #13
[    0.355412] .... node  #0, CPUs:    #14
[    0.360649] .... node  #1, CPUs:    #15
[    0.366001] .... node  #0, CPUs:    #16
[    0.371273] .... node  #1, CPUs:    #17
[    0.376607] .... node  #0, CPUs:    #18
[    0.381855] .... node  #1, CPUs:    #19
[    0.387522] .... node  #0, CPUs:    #20
[    0.392756] .... node  #1, CPUs:    #21
[    0.398385] .... node  #0, CPUs:    #22
[    0.403819] .... node  #1, CPUs:    #23
[    0.409163] .... node  #0, CPUs:    #24
[    0.414748] .... node  #1, CPUs:    #25
[    0.420098] .... node  #0, CPUs:    #26
[    0.425313] .... node  #1, CPUs:    #27
[    0.430643] .... node  #0, CPUs:    #28
[    0.436153] .... node  #1, CPUs:    #29
[    0.441467] .... node  #0, CPUs:    #30
[    0.446704] .... node  #1, CPUs:    #31
[    0.452207] .... node  #0, CPUs:    #32
[    0.457502] .... node  #1, CPUs:    #33
[    0.462895] .... node  #0, CPUs:    #34
[    0.468336] .... node  #1, CPUs:    #35
[    0.473672] .... node  #0, CPUs:    #36
[    0.478886] .... node  #1, CPUs:    #37
[    0.484225] .... node  #0, CPUs:    #38
[    0.489781] .... node  #1, CPUs:    #39
[    0.495326] .... node  #0, CPUs:    #40
[    0.501178] .... node  #1, CPUs:    #41
[    0.506706] .... node  #0, CPUs:    #42
[    0.512023] .... node  #1, CPUs:    #43
[    0.517693] .... node  #0, CPUs:    #44
[    0.523055] .... node  #1, CPUs:    #45
[    0.528544] .... node  #0, CPUs:    #46
[    0.534086] .... node  #1, CPUs:    #47
[    0.539564] .... node  #0, CPUs:    #48
[    0.545156] .... node  #1, CPUs:    #49
[    0.550366] .... node  #0, CPUs:    #50
[    0.555866] .... node  #1, CPUs:    #51
[    0.561534] .... node  #0, CPUs:    #52
[    0.566998] .... node  #1, CPUs:    #53
[    0.572607] .... node  #0, CPUs:    #54
[    0.578313] .... node  #1, CPUs:    #55
[    0.584145] .... node  #0, CPUs:    #56
[    0.590269] .... node  #1, CPUs:    #57
[    0.596187] .... node  #0, CPUs:    #58
[    0.601604] .... node  #1, CPUs:    #59
[    0.607074] .... node  #0, CPUs:    #60
[    0.612461] .... node  #1, CPUs:    #61
[    0.617888] .... node  #0, CPUs:    #62
[    0.623502] .... node  #1, CPUs:    #63
[    0.629162] .... node  #0, CPUs:    #64
[    0.634436] .... node  #1, CPUs:    #65
[    0.640198] .... node  #0, CPUs:    #66
[    0.645940] .... node  #1, CPUs:    #67
[    0.651712] .... node  #0, CPUs:    #68
[    0.657256] .... node  #1, CPUs:    #69
[    0.662655] .... node  #0, CPUs:    #70
[    0.667907] .... node  #1, CPUs:    #71
[    0.673260] .... node  #0, CPUs:    #72
[    0.678560] .... node  #1, CPUs:    #73
[    0.683908] .... node  #0, CPUs:    #74
[    0.689211] .... node  #1, CPUs:    #75
[    0.694869] .... node  #0, CPUs:    #76
[    0.700135] .... node  #1, CPUs:    #77
[    0.705785] .... node  #0, CPUs:    #78
[    0.711247] .... node  #1, CPUs:    #79
[    0.716552] .... node  #0, CPUs:    #80
[    0.722196] .... node  #1, CPUs:    #81
[    0.727571] .... node  #0, CPUs:    #82
[    0.733079] .... node  #1, CPUs:    #83
[    0.738179] .... node  #0, CPUs:    #84
[    0.743710] .... node  #1, CPUs:    #85
[    0.749162] .... node  #0, CPUs:    #86
[    0.754296] .... node  #1, CPUs:    #87
[    0.759831] .... node  #0, CPUs:    #88
[    0.765216] .... node  #1, CPUs:    #89
[    0.770555] .... node  #0, CPUs:    #90
[    0.776012] .... node  #1, CPUs:    #91
[    0.781386] .... node  #0, CPUs:    #92
[    0.786624] .... node  #1, CPUs:    #93
[    0.791993] .... node  #0, CPUs:    #94
[    0.797583] .... node  #1, CPUs:    #95
[    0.803156] .... node  #0, CPUs:    #96
[    0.808785] .... node  #1, CPUs:    #97
[    0.814568] .... node  #0, CPUs:    #98
[    0.819916] .... node  #1, CPUs:    #99
[    0.825593] .... node  #0, CPUs:   #100
[    0.830971] .... node  #1, CPUs:   #101
[    0.836488] .... node  #0, CPUs:   #102
[    0.842046] .... node  #1, CPUs:   #103
[    0.847541] .... node  #0, CPUs:   #104
[    0.853175] .... node  #1, CPUs:   #105
[    0.858397] .... node  #0, CPUs:   #106
[    0.863909] .... node  #1, CPUs:   #107
[    0.869589] .... node  #0, CPUs:   #108
[    0.875079] .... node  #1, CPUs:   #109
[    0.880707] .... node  #0, CPUs:   #110
[    0.886430] .... node  #1, CPUs:   #111
[    0.892278] smp: Brought up 2 nodes, 112 CPUs
[    0.892278] smpboot: Max logical packages: 2
[    0.892278] smpboot: Total of 112 processors activated (448077.50 BogoMIPS)
[    0.896475] devtmpfs: initialized
[    0.896475] x86/mm: Memory block size: 2048MB
[    0.896475] ACPI: PM: Registering ACPI NVS region [mem 0x49e77000-0x4ae76fff] (16777216 bytes)
[    0.897158] ACPI: PM: Registering ACPI NVS region [mem 0x6e3ff000-0x6f3fefff] (16777216 bytes)
[    0.897429] clocksource: jiffies: mask: 0xffffffff max_cycles: 0xffffffff, max_idle_ns: 7645041785100000 ns
[    0.897744] futex hash table entries: 32768 (order: 9, 2097152 bytes, vmalloc)
[    0.897998] pinctrl core: initialized pinctrl subsystem
[    0.898160] PM: RTC time: 10:50:29, date: 2024-07-01
[    0.898380] NET: Registered PF_NETLINK/PF_ROUTE protocol family
[    0.899157] DMA: preallocated 4096 KiB GFP_KERNEL pool for atomic allocations
[    0.899667] DMA: preallocated 4096 KiB GFP_KERNEL|GFP_DMA pool for atomic allocations
[    0.900174] DMA: preallocated 4096 KiB GFP_KERNEL|GFP_DMA32 pool for atomic allocations
[    0.900183] audit: initializing netlink subsys (disabled)
[    0.900191] audit: type=2000 audit(1719831028.748:1): state=initialized audit_enabled=0 res=1
[    0.900191] thermal_sys: Registered thermal governor 'fair_share'
[    0.900191] thermal_sys: Registered thermal governor 'bang_bang'
[    0.900191] thermal_sys: Registered thermal governor 'step_wise'
[    0.900191] thermal_sys: Registered thermal governor 'user_space'
[    0.900191] EISA bus registered
[    0.900191] cpuidle: using governor ladder
[    0.900191] cpuidle: using governor menu
[    0.901093] ACPI FADT declares the system doesn't support PCIe ASPM, so disable it
[    0.901095] ACPI: bus type PCI registered
[    0.901096] acpiphp: ACPI Hot Plug PCI Controller Driver version: 0.5
[    0.901207] PCI: MMCONFIG for domain 0000 [bus 00-ff] at [mem 0x80000000-0x8fffffff] (base 0x80000000)
[    0.901212] PCI: MMCONFIG at [mem 0x80000000-0x8fffffff] reserved in E820
[    0.901219] pmd_set_huge: Cannot satisfy [mem 0x80000000-0x80200000] with a huge-page mapping due to MTRR override.
[    0.901430] PCI: Using configuration type 1 for base access
[    0.901439] PCI: Dell System detected, enabling pci=bfsort.
[    0.903571] ENERGY_PERF_BIAS: Set to 'normal', was 'performance'
[    0.906169] Kprobes globally optimized
[    0.906174] HugeTLB registered 1.00 GiB page size, pre-allocated 0 pages
[    0.906174] HugeTLB registered 2.00 MiB page size, pre-allocated 0 pages
[    0.909181] ACPI: Added _OSI(Module Device)
[    0.909183] ACPI: Added _OSI(Processor Device)
[    0.909184] ACPI: Added _OSI(3.0 _SCP Extensions)
[    0.909185] ACPI: Added _OSI(Processor Aggregator Device)
[    0.909186] ACPI: Added _OSI(Linux-Dell-Video)
[    0.909187] ACPI: Added _OSI(Linux-Lenovo-NV-HDMI-Audio)
[    0.909188] ACPI: Added _OSI(Linux-HPI-Hybrid-Graphics)
[    1.076697] ACPI: 8 ACPI AML tables successfully acquired and loaded
[    1.082243] ACPI: [Firmware Bug]: BIOS _OSI(Linux) query ignored
[    1.089057] ACPI: Dynamic OEM Table Load:
[    1.488340] ACPI: Interpreter enabled
[    1.488360] ACPI: PM: (supports S0 S5)
[    1.488362] ACPI: Using IOAPIC for interrupt routing
[    1.488443] HEST: Table parsing has been initialized.
[    1.488445] PCI: Using host bridge windows from ACPI; if necessary, use "pci=nocrs" and report a bug
[    1.516903] ACPI: Enabled 4 GPEs in block 00 to 7F
[    1.634731] ACPI: PCI Root Bridge [PC00] (domain 0000 [bus 00-15])
[    1.634737] acpi PNP0A08:00: _OSC: OS supports [ExtendedConfig ASPM ClockPM Segments MSI HPX-Type3]
[    1.700862] acpi PNP0A08:00: _OSC: platform does not support [SHPCHotplug AER LTR]
[    1.701081] acpi PNP0A08:00: _OSC: OS now controls [PCIeHotplug PME PCIeCapability]
[    1.701082] acpi PNP0A08:00: FADT indicates ASPM is unsupported, using BIOS configuration
[    1.702919] PCI host bridge to bus 0000:00
[    1.702920] pci_bus 0000:00: root bus resource [io  0x0000-0x0cf7 window]
[    1.702922] pci_bus 0000:00: root bus resource [io  0x1000-0x4fff window]
[    1.702924] pci_bus 0000:00: root bus resource [mem 0x000a0000-0x000bffff window]
[    1.702925] pci_bus 0000:00: root bus resource [mem 0x000c8000-0x000cffff window]
[    1.702926] pci_bus 0000:00: root bus resource [mem 0xfe010000-0xfe010fff window]
[    1.702928] pci_bus 0000:00: root bus resource [mem 0x90000000-0x9b7fffff window]
[    1.702929] pci_bus 0000:00: root bus resource [mem 0x200000000000-0x20ffffffffff window]
[    1.702930] pci_bus 0000:00: root bus resource [bus 00-15]
[    1.704295] pci 0000:00:00.0: [8086:09a2] type 00 class 0x088000
[    1.705073] pci 0000:00:00.1: [8086:09a4] type 00 class 0x088000
[    1.706498] pci 0000:00:00.2: [8086:09a3] type 00 class 0x088000
[    1.707918] pci 0000:00:00.4: [8086:0998] type 00 class 0x060000
[    1.710019] pci 0000:00:02.0: [8086:09a6] type 00 class 0x088000
[    1.710028] pci 0000:00:02.0: reg 0x10: [mem 0x92dfc000-0x92dfdfff]
[    1.711454] pci 0000:00:02.1: [8086:09a7] type 00 class 0x088000
[    1.711462] pci 0000:00:02.1: reg 0x10: [mem 0x92d00000-0x92d7ffff]
[    1.711468] pci 0000:00:02.1: reg 0x14: [mem 0x92c80000-0x92cfffff]
[    1.712887] pci 0000:00:02.4: [8086:3456] type 00 class 0x130000
[    1.712897] pci 0000:00:02.4: reg 0x10: [mem 0x92a00000-0x92afffff 64bit]
[    1.712904] pci 0000:00:02.4: reg 0x18: [mem 0x92df0000-0x92df3fff 64bit]
[    1.712910] pci 0000:00:02.4: reg 0x20: [mem 0x92dc0000-0x92ddffff 64bit]
[    1.714348] pci 0000:00:11.0: [8086:a1ec] type 00 class 0xff0000
[    1.714351] pci 0000:00:11.0: device has non-compliant BARs; disabling IO/MEM decoding
[    1.715795] pci 0000:00:11.5: [8086:a1d2] type 00 class 0x010601
[    1.715808] pci 0000:00:11.5: reg 0x10: [mem 0x92dfa000-0x92dfbfff]
[    1.715816] pci 0000:00:11.5: reg 0x14: [mem 0x92e05000-0x92e050ff]
[    1.715823] pci 0000:00:11.5: reg 0x18: [io  0x2068-0x206f]
[    1.715831] pci 0000:00:11.5: reg 0x1c: [io  0x2074-0x2077]
[    1.715838] pci 0000:00:11.5: reg 0x20: [io  0x2040-0x205f]
[    1.715845] pci 0000:00:11.5: reg 0x24: [mem 0x92b80000-0x92bfffff]
[    1.715882] pci 0000:00:11.5: PME# supported from D3hot
[    1.717442] pci 0000:00:14.0: [8086:a1af] type 00 class 0x0c0330
[    1.717459] pci 0000:00:14.0: reg 0x10: [mem 0x92de0000-0x92deffff 64bit]
[    1.717522] pci 0000:00:14.0: PME# supported from D3hot D3cold
[    1.719102] pci 0000:00:14.2: [8086:a1b1] type 00 class 0x118000
[    1.719119] pci 0000:00:14.2: reg 0x10: [mem 0x92e02000-0x92e02fff 64bit]
[    1.720593] pci 0000:00:16.0: [8086:a1ba] type 00 class 0x078000
[    1.720616] pci 0000:00:16.0: reg 0x10: [mem 0x92e01000-0x92e01fff 64bit]
[    1.720698] pci 0000:00:16.0: PME# supported from D3hot
[    1.722113] pci 0000:00:16.1: [8086:a1bb] type 00 class 0x078000
[    1.722136] pci 0000:00:16.1: reg 0x10: [mem 0x92e00000-0x92e00fff 64bit]
[    1.722219] pci 0000:00:16.1: PME# supported from D3hot
[    1.723634] pci 0000:00:16.4: [8086:a1be] type 00 class 0x078000
[    1.723656] pci 0000:00:16.4: reg 0x10: [mem 0x92dff000-0x92dfffff 64bit]
[    1.723738] pci 0000:00:16.4: PME# supported from D3hot
[    1.725161] pci 0000:00:17.0: [8086:a182] type 00 class 0x010601
[    1.725173] pci 0000:00:17.0: reg 0x10: [mem 0x92df8000-0x92df9fff]
[    1.725181] pci 0000:00:17.0: reg 0x14: [mem 0x92e04000-0x92e040ff]
[    1.725188] pci 0000:00:17.0: reg 0x18: [io  0x2060-0x2067]
[    1.725195] pci 0000:00:17.0: reg 0x1c: [io  0x2070-0x2073]
[    1.725202] pci 0000:00:17.0: reg 0x20: [io  0x2020-0x203f]
[    1.725209] pci 0000:00:17.0: reg 0x24: [mem 0x92b00000-0x92b7ffff]
[    1.725246] pci 0000:00:17.0: PME# supported from D3hot
[    1.726805] pci 0000:00:1c.0: [8086:a190] type 01 class 0x060400
[    1.726880] pci 0000:00:1c.0: PME# supported from D0 D3hot D3cold
[    1.728870] pci 0000:00:1c.4: [8086:a194] type 01 class 0x060400
[    1.728939] pci 0000:00:1c.4: PME# supported from D0 D3hot D3cold
[    1.730908] pci 0000:00:1c.5: [8086:a195] type 01 class 0x060400
[    1.730978] pci 0000:00:1c.5: PME# supported from D0 D3hot D3cold
[    1.732949] pci 0000:00:1f.0: [8086:a1cb] type 00 class 0x060100
[    1.734595] pci 0000:00:1f.2: [8086:a1a1] type 00 class 0x058000
[    1.734610] pci 0000:00:1f.2: reg 0x10: [mem 0x92df4000-0x92df7fff]
[    1.736202] pci 0000:00:1f.4: [8086:a1a3] type 00 class 0x0c0500
[    1.736221] pci 0000:00:1f.4: reg 0x10: [mem 0x92dfe000-0x92dfe0ff 64bit]
[    1.736244] pci 0000:00:1f.4: reg 0x20: [io  0x2000-0x201f]
[    1.737663] pci 0000:00:1f.5: [8086:a1a4] type 00 class 0x0c8000
[    1.737679] pci 0000:00:1f.5: reg 0x10: [mem 0xfe010000-0xfe010fff]
[    1.737801] pci 0000:00:1c.0: PCI bridge to [bus 01]
[    1.737855] pci 0000:02:00.0: [1556:be00] type 01 class 0x060400
[    1.738027] pci 0000:00:1c.4: PCI bridge to [bus 02-03]
[    1.738032] pci 0000:00:1c.4:   bridge window [mem 0x92000000-0x928fffff]
[    1.738036] pci 0000:00:1c.4:   bridge window [mem 0x91000000-0x91ffffff 64bit pref]
[    1.738068] pci_bus 0000:03: extended config space not accessible
[    1.738084] pci 0000:03:00.0: [102b:0536] type 00 class 0x030000
[    1.738103] pci 0000:03:00.0: reg 0x10: [mem 0x91000000-0x91ffffff pref]
[    1.738114] pci 0000:03:00.0: reg 0x14: [mem 0x92808000-0x9280bfff]
[    1.738125] pci 0000:03:00.0: reg 0x18: [mem 0x92000000-0x927fffff]
[    1.738172] pci 0000:03:00.0: BAR 0: assigned to efifb
[    1.738271] pci 0000:02:00.0: PCI bridge to [bus 03]
[    1.738279] pci 0000:02:00.0:   bridge window [mem 0x92000000-0x928fffff]
[    1.738285] pci 0000:02:00.0:   bridge window [mem 0x91000000-0x91ffffff 64bit pref]
[    1.738362] pci 0000:04:00.0: [14e4:165f] type 00 class 0x020000
[    1.738385] pci 0000:04:00.0: reg 0x10: [mem 0x92930000-0x9293ffff 64bit pref]
[    1.738401] pci 0000:04:00.0: reg 0x18: [mem 0x92940000-0x9294ffff 64bit pref]
[    1.738416] pci 0000:04:00.0: reg 0x20: [mem 0x92950000-0x9295ffff 64bit pref]
[    1.738427] pci 0000:04:00.0: reg 0x30: [mem 0xfffc0000-0xffffffff pref]
[    1.738521] pci 0000:04:00.0: PME# supported from D0 D3hot D3cold
[    1.738573] pci 0000:04:00.0: 4.000 Gb/s available PCIe bandwidth, limited by 5.0 GT/s PCIe x1 link at 0000:00:1c.5 (capable of 8.000 Gb/s with 5.0 GT/s PCIe x2 link)
[    1.739113] pci 0000:04:00.1: [14e4:165f] type 00 class 0x020000
[    1.739136] pci 0000:04:00.1: reg 0x10: [mem 0x92900000-0x9290ffff 64bit pref]
[    1.739152] pci 0000:04:00.1: reg 0x18: [mem 0x92910000-0x9291ffff 64bit pref]
[    1.739168] pci 0000:04:00.1: reg 0x20: [mem 0x92920000-0x9292ffff 64bit pref]
[    1.739178] pci 0000:04:00.1: reg 0x30: [mem 0xfffc0000-0xffffffff pref]
[    1.739272] pci 0000:04:00.1: PME# supported from D0 D3hot D3cold
[    1.739820] pci 0000:00:1c.5: PCI bridge to [bus 04]
[    1.739827] pci 0000:00:1c.5:   bridge window [mem 0x92900000-0x929fffff 64bit pref]
[    1.739841] pci_bus 0000:00: on NUMA node 0
[    1.740413] ACPI: PCI Root Bridge [PC01] (domain 0000 [bus 16-2f])
[    1.740417] acpi PNP0A08:01: _OSC: OS supports [ExtendedConfig ASPM ClockPM Segments MSI HPX-Type3]
[    1.754620] acpi PNP0A08:01: _OSC: platform does not support [SHPCHotplug AER]
[    1.754843] acpi PNP0A08:01: _OSC: OS now controls [PCIeHotplug PME PCIeCapability LTR]
[    1.754845] acpi PNP0A08:01: FADT indicates ASPM is unsupported, using BIOS configuration
[    1.754989] PCI host bridge to bus 0000:16
[    1.754990] pci_bus 0000:16: root bus resource [io  0x5000-0x6fff window]
[    1.754992] pci_bus 0000:16: root bus resource [mem 0x9b800000-0xa63fffff window]
[    1.754993] pci_bus 0000:16: root bus resource [mem 0x210000000000-0x21ffffffffff window]
[    1.754994] pci_bus 0000:16: root bus resource [bus 16-2f]
[    1.755009] pci 0000:16:00.0: [8086:09a2] type 00 class 0x088000
[    1.755088] pci 0000:16:00.1: [8086:09a4] type 00 class 0x088000
[    1.755159] pci 0000:16:00.2: [8086:09a3] type 00 class 0x088000
[    1.755228] pci 0000:16:00.4: [8086:0998] type 00 class 0x060000
[    1.755305] pci 0000:16:02.0: [8086:347a] type 01 class 0x060400
[    1.755315] pci 0000:16:02.0: reg 0x10: [mem 0x21fffff00000-0x21fffff1ffff 64bit]
[    1.755353] pci 0000:16:02.0: PME# supported from D0 D3hot D3cold
[    1.756257] pci 0000:17:00.0: [1000:10e2] type 00 class 0x010400
[    1.756270] pci 0000:17:00.0: reg 0x10: [mem 0x9b800000-0x9b8fffff 64bit pref]
[    1.756278] pci 0000:17:00.0: reg 0x18: [mem 0x9b900000-0x9b9fffff 64bit pref]
[    1.756284] pci 0000:17:00.0: reg 0x20: [mem 0x9ba00000-0x9bafffff]
[    1.756290] pci 0000:17:00.0: reg 0x24: [io  0x5000-0x50ff]
[    1.756296] pci 0000:17:00.0: reg 0x30: [mem 0xfff00000-0xffffffff pref]
[    1.757369] pci 0000:17:00.0: supports D1 D2
[    1.757436] pci 0000:16:02.0: PCI bridge to [bus 17]
[    1.757438] pci 0000:16:02.0:   bridge window [io  0x5000-0x5fff]
[    1.757440] pci 0000:16:02.0:   bridge window [mem 0x9ba00000-0x9bafffff]
[    1.757443] pci 0000:16:02.0:   bridge window [mem 0x9b800000-0x9b9fffff 64bit pref]
[    1.757449] pci_bus 0000:16: on NUMA node 0
[    1.757528] ACPI: PCI Root Bridge [PC02] (domain 0000 [bus 30-49])
[    1.757531] acpi PNP0A08:02: _OSC: OS supports [ExtendedConfig ASPM ClockPM Segments MSI HPX-Type3]
[    1.771203] acpi PNP0A08:02: _OSC: platform does not support [SHPCHotplug AER]
[    1.771408] acpi PNP0A08:02: _OSC: OS now controls [PCIeHotplug PME PCIeCapability LTR]
[    1.771409] acpi PNP0A08:02: FADT indicates ASPM is unsupported, using BIOS configuration
[    1.771524] PCI host bridge to bus 0000:30
[    1.771525] pci_bus 0000:30: root bus resource [io  0x7000-0x8fff window]
[    1.771527] pci_bus 0000:30: root bus resource [mem 0xa6400000-0xb0ffffff window]
[    1.771528] pci_bus 0000:30: root bus resource [mem 0x220000000000-0x22ffffffffff window]
[    1.771530] pci_bus 0000:30: root bus resource [bus 30-49]
[    1.771544] pci 0000:30:00.0: [8086:09a2] type 00 class 0x088000
[    1.771619] pci 0000:30:00.1: [8086:09a4] type 00 class 0x088000
[    1.771692] pci 0000:30:00.2: [8086:09a3] type 00 class 0x088000
[    1.771761] pci 0000:30:00.4: [8086:0998] type 00 class 0x060000
[    1.771831] pci_bus 0000:30: on NUMA node 0
[    1.771930] ACPI: PCI Root Bridge [PC04] (domain 0000 [bus 4a-63])
[    1.771933] acpi PNP0A08:04: _OSC: OS supports [ExtendedConfig ASPM ClockPM Segments MSI HPX-Type3]
[    1.785598] acpi PNP0A08:04: _OSC: platform does not support [SHPCHotplug AER]
[    1.785801] acpi PNP0A08:04: _OSC: OS now controls [PCIeHotplug PME PCIeCapability LTR]
[    1.785802] acpi PNP0A08:04: FADT indicates ASPM is unsupported, using BIOS configuration
[    1.785915] PCI host bridge to bus 0000:4a
[    1.785916] pci_bus 0000:4a: root bus resource [io  0x9000-0x9fff window]
[    1.785917] pci_bus 0000:4a: root bus resource [mem 0xb1000000-0xbbbfffff window]
[    1.785918] pci_bus 0000:4a: root bus resource [mem 0x230000000000-0x23ffffffffff window]
[    1.785920] pci_bus 0000:4a: root bus resource [bus 4a-63]
[    1.785933] pci 0000:4a:00.0: [8086:09a2] type 00 class 0x088000
[    1.786003] pci 0000:4a:00.1: [8086:09a4] type 00 class 0x088000
[    1.786071] pci 0000:4a:00.2: [8086:09a3] type 00 class 0x088000
[    1.786139] pci 0000:4a:00.4: [8086:0998] type 00 class 0x060000
[    1.786208] pci_bus 0000:4a: on NUMA node 0
[    1.786278] ACPI: PCI Root Bridge [PC05] (domain 0000 [bus 64-7d])
[    1.786281] acpi PNP0A08:05: _OSC: OS supports [ExtendedConfig ASPM ClockPM Segments MSI HPX-Type3]
[    1.799955] acpi PNP0A08:05: _OSC: platform does not support [SHPCHotplug AER]
[    1.800156] acpi PNP0A08:05: _OSC: OS now controls [PCIeHotplug PME PCIeCapability LTR]
[    1.800157] acpi PNP0A08:05: FADT indicates ASPM is unsupported, using BIOS configuration
[    1.800268] PCI host bridge to bus 0000:64
[    1.800269] pci_bus 0000:64: root bus resource [io  0xa000-0xafff window]
[    1.800270] pci_bus 0000:64: root bus resource [mem 0xbbc00000-0xc5ffffff window]
[    1.800271] pci_bus 0000:64: root bus resource [mem 0x240000000000-0x24ffffffffff window]
[    1.800273] pci_bus 0000:64: root bus resource [bus 64-7d]
[    1.800286] pci 0000:64:00.0: [8086:09a2] type 00 class 0x088000
[    1.800356] pci 0000:64:00.1: [8086:09a4] type 00 class 0x088000
[    1.800427] pci 0000:64:00.2: [8086:09a3] type 00 class 0x088000
[    1.800497] pci 0000:64:00.4: [8086:0998] type 00 class 0x060000
[    1.800567] pci_bus 0000:64: on NUMA node 0
[    1.800632] ACPI: PCI Root Bridge [UC06] (domain 0000 [bus 7e])
[    1.800635] acpi PNP0A03:00: _OSC: OS supports [ExtendedConfig ASPM ClockPM Segments MSI HPX-Type3]
[    1.800802] acpi PNP0A03:00: _OSC: platform does not support [SHPCHotplug AER LTR]
[    1.800974] acpi PNP0A03:00: _OSC: OS now controls [PCIeHotplug PME PCIeCapability]
[    1.800975] acpi PNP0A03:00: FADT indicates ASPM is unsupported, using BIOS configuration
[    1.801101] PCI host bridge to bus 0000:7e
[    1.801102] pci_bus 0000:7e: root bus resource [bus 7e]
[    1.801136] pci 0000:7e:00.0: [8086:3450] type 00 class 0x088000
[    1.801218] pci 0000:7e:00.1: [8086:3451] type 00 class 0x088000
[    1.801308] pci 0000:7e:00.2: [8086:3452] type 00 class 0x088000
[    1.801388] pci 0000:7e:00.3: [8086:0998] type 00 class 0x060000
[    1.801467] pci 0000:7e:00.5: [8086:3455] type 00 class 0x088000
[    1.801565] pci 0000:7e:02.0: [8086:3440] type 00 class 0x088000
[    1.801706] pci 0000:7e:02.1: [8086:3441] type 00 class 0x088000
[    1.801837] pci 0000:7e:02.2: [8086:3442] type 00 class 0x088000
[    1.801980] pci 0000:7e:03.0: [8086:3440] type 00 class 0x088000
[    1.802083] pci 0000:7e:03.1: [8086:3441] type 00 class 0x088000
[    1.802181] pci 0000:7e:03.2: [8086:3442] type 00 class 0x088000
[    1.802286] pci 0000:7e:04.0: [8086:3440] type 00 class 0x088000
[    1.802429] pci 0000:7e:04.1: [8086:3441] type 00 class 0x088000
[    1.802568] pci 0000:7e:04.2: [8086:3442] type 00 class 0x088000
[    1.802711] pci 0000:7e:04.3: [8086:3443] type 00 class 0x088000
[    1.802865] pci 0000:7e:05.0: [8086:3445] type 00 class 0x088000
[    1.803001] pci 0000:7e:05.1: [8086:3446] type 00 class 0x088000
[    1.803136] pci 0000:7e:05.2: [8086:3447] type 00 class 0x088000
[    1.803281] pci 0000:7e:06.0: [8086:3445] type 00 class 0x088000
[    1.803382] pci 0000:7e:06.1: [8086:3446] type 00 class 0x088000
[    1.803483] pci 0000:7e:06.2: [8086:3447] type 00 class 0x088000
[    1.803605] pci 0000:7e:07.0: [8086:3445] type 00 class 0x088000
[    1.803752] pci 0000:7e:07.1: [8086:3446] type 00 class 0x088000
[    1.803897] pci 0000:7e:07.2: [8086:3447] type 00 class 0x088000
[    1.804048] pci 0000:7e:0b.0: [8086:3448] type 00 class 0x088000
[    1.804136] pci 0000:7e:0b.1: [8086:3448] type 00 class 0x088000
[    1.804222] pci 0000:7e:0b.2: [8086:344b] type 00 class 0x088000
[    1.804327] pci 0000:7e:0c.0: [8086:344a] type 00 class 0x110100
[    1.804452] pci 0000:7e:0d.0: [8086:344a] type 00 class 0x110100
[    1.804561] pci 0000:7e:0e.0: [8086:344a] type 00 class 0x110100
[    1.804733] pci 0000:7e:0f.0: [8086:344a] type 00 class 0x110100
[    1.804927] pci 0000:7e:1a.0: [8086:2880] type 00 class 0x110100
[    1.805050] pci 0000:7e:1b.0: [8086:2880] type 00 class 0x110100
[    1.805161] pci 0000:7e:1c.0: [8086:2880] type 00 class 0x110100
[    1.805336] pci 0000:7e:1d.0: [8086:2880] type 00 class 0x110100
[    1.805495] pci_bus 0000:7e: on NUMA node 0
[    1.805572] ACPI: PCI Root Bridge [UC07] (domain 0000 [bus 7f])
[    1.805575] acpi PNP0A03:01: _OSC: OS supports [ExtendedConfig ASPM ClockPM Segments MSI HPX-Type3]
[    1.805741] acpi PNP0A03:01: _OSC: platform does not support [SHPCHotplug AER LTR]
[    1.805912] acpi PNP0A03:01: _OSC: OS now controls [PCIeHotplug PME PCIeCapability]
[    1.805913] acpi PNP0A03:01: FADT indicates ASPM is unsupported, using BIOS configuration
[    1.806049] PCI host bridge to bus 0000:7f
[    1.806050] pci_bus 0000:7f: root bus resource [bus 7f]
[    1.806091] pci 0000:7f:00.0: [8086:344c] type 00 class 0x088000
[    1.806224] pci 0000:7f:00.1: [8086:344c] type 00 class 0x088000
[    1.806360] pci 0000:7f:00.2: [8086:344c] type 00 class 0x088000
[    1.806505] pci 0000:7f:00.3: [8086:344c] type 00 class 0x088000
[    1.806620] pci 0000:7f:00.4: [8086:344c] type 00 class 0x088000
[    1.806765] pci 0000:7f:00.5: [8086:344c] type 00 class 0x088000
[    1.806906] pci 0000:7f:00.6: [8086:344c] type 00 class 0x088000
[    1.807008] pci 0000:7f:00.7: [8086:344c] type 00 class 0x088000
[    1.807131] pci 0000:7f:01.0: [8086:344c] type 00 class 0x088000
[    1.807282] pci 0000:7f:01.1: [8086:344c] type 00 class 0x088000
[    1.807431] pci 0000:7f:01.2: [8086:344c] type 00 class 0x088000
[    1.807540] pci 0000:7f:01.3: [8086:344c] type 00 class 0x088000
[    1.807697] pci 0000:7f:01.4: [8086:344c] type 00 class 0x088000
[    1.807855] pci 0000:7f:01.5: [8086:344c] type 00 class 0x088000
[    1.808015] pci 0000:7f:01.6: [8086:344c] type 00 class 0x088000
[    1.808162] pci 0000:7f:01.7: [8086:344c] type 00 class 0x088000
[    1.808330] pci 0000:7f:02.0: [8086:344c] type 00 class 0x088000
[    1.808484] pci 0000:7f:02.1: [8086:344c] type 00 class 0x088000
[    1.808640] pci 0000:7f:02.2: [8086:344c] type 00 class 0x088000
[    1.808803] pci 0000:7f:02.3: [8086:344c] type 00 class 0x088000
[    1.808970] pci 0000:7f:02.4: [8086:344c] type 00 class 0x088000
[    1.809132] pci 0000:7f:02.5: [8086:344c] type 00 class 0x088000
[    1.809296] pci 0000:7f:02.6: [8086:344c] type 00 class 0x088000
[    1.809469] pci 0000:7f:02.7: [8086:344c] type 00 class 0x088000
[    1.809655] pci 0000:7f:03.0: [8086:344c] type 00 class 0x088000
[    1.809824] pci 0000:7f:03.1: [8086:344c] type 00 class 0x088000
[    1.810001] pci 0000:7f:03.2: [8086:344c] type 00 class 0x088000
[    1.810182] pci 0000:7f:03.3: [8086:344c] type 00 class 0x088000
[    1.810381] pci 0000:7f:0a.0: [8086:344d] type 00 class 0x088000
[    1.810504] pci 0000:7f:0a.1: [8086:344d] type 00 class 0x088000
[    1.810639] pci 0000:7f:0a.2: [8086:344d] type 00 class 0x088000
[    1.810776] pci 0000:7f:0a.3: [8086:344d] type 00 class 0x088000
[    1.810891] pci 0000:7f:0a.4: [8086:344d] type 00 class 0x088000
[    1.811037] pci 0000:7f:0a.5: [8086:344d] type 00 class 0x088000
[    1.811179] pci 0000:7f:0a.6: [8086:344d] type 00 class 0x088000
[    1.811287] pci 0000:7f:0a.7: [8086:344d] type 00 class 0x088000
[    1.811410] pci 0000:7f:0b.0: [8086:344d] type 00 class 0x088000
[    1.811568] pci 0000:7f:0b.1: [8086:344d] type 00 class 0x088000
[    1.811717] pci 0000:7f:0b.2: [8086:344d] type 00 class 0x088000
[    1.811822] pci 0000:7f:0b.3: [8086:344d] type 00 class 0x088000
[    1.811979] pci 0000:7f:0b.4: [8086:344d] type 00 class 0x088000
[    1.812138] pci 0000:7f:0b.5: [8086:344d] type 00 class 0x088000
[    1.812299] pci 0000:7f:0b.6: [8086:344d] type 00 class 0x088000
[    1.812450] pci 0000:7f:0b.7: [8086:344d] type 00 class 0x088000
[    1.812619] pci 0000:7f:0c.0: [8086:344d] type 00 class 0x088000
[    1.812774] pci 0000:7f:0c.1: [8086:344d] type 00 class 0x088000
[    1.812931] pci 0000:7f:0c.2: [8086:344d] type 00 class 0x088000
[    1.813089] pci 0000:7f:0c.3: [8086:344d] type 00 class 0x088000
[    1.813254] pci 0000:7f:0c.4: [8086:344d] type 00 class 0x088000
[    1.813416] pci 0000:7f:0c.5: [8086:344d] type 00 class 0x088000
[    1.813580] pci 0000:7f:0c.6: [8086:344d] type 00 class 0x088000
[    1.813758] pci 0000:7f:0c.7: [8086:344d] type 00 class 0x088000
[    1.813944] pci 0000:7f:0d.0: [8086:344d] type 00 class 0x088000
[    1.814113] pci 0000:7f:0d.1: [8086:344d] type 00 class 0x088000
[    1.814291] pci 0000:7f:0d.2: [8086:344d] type 00 class 0x088000
[    1.814466] pci 0000:7f:0d.3: [8086:344d] type 00 class 0x088000
[    1.814674] pci 0000:7f:1d.0: [8086:344f] type 00 class 0x088000
[    1.814807] pci 0000:7f:1d.1: [8086:3457] type 00 class 0x088000
[    1.814952] pci 0000:7f:1e.0: [8086:3458] type 00 class 0x088000
[    1.815046] pci 0000:7f:1e.1: [8086:3459] type 00 class 0x088000
[    1.815134] pci 0000:7f:1e.2: [8086:345a] type 00 class 0x088000
[    1.815223] pci 0000:7f:1e.3: [8086:345b] type 00 class 0x088000
[    1.815311] pci 0000:7f:1e.4: [8086:345c] type 00 class 0x088000
[    1.815398] pci 0000:7f:1e.5: [8086:345d] type 00 class 0x088000
[    1.815486] pci 0000:7f:1e.6: [8086:345e] type 00 class 0x088000
[    1.815573] pci 0000:7f:1e.7: [8086:345f] type 00 class 0x088000
[    1.815649] pci_bus 0000:7f: on NUMA node 0
[    1.815747] ACPI: PCI Root Bridge [PC06] (domain 0000 [bus 80])
[    1.815749] acpi PNP0A08:06: _OSC: OS supports [ExtendedConfig ASPM ClockPM Segments MSI HPX-Type3]
[    1.829429] acpi PNP0A08:06: _OSC: platform does not support [SHPCHotplug AER]
[    1.829633] acpi PNP0A08:06: _OSC: OS now controls [PCIeHotplug PME PCIeCapability LTR]
[    1.829634] acpi PNP0A08:06: FADT indicates ASPM is unsupported, using BIOS configuration
[    1.829774] PCI host bridge to bus 0000:80
[    1.829775] pci_bus 0000:80: root bus resource [io  0xb000-0xbfff window]
[    1.829776] pci_bus 0000:80: root bus resource [mem 0xc6800000-0xd0ffffff window]
[    1.829777] pci_bus 0000:80: root bus resource [mem 0x250000000000-0x25ffffffffff window]
[    1.829779] pci_bus 0000:80: root bus resource [bus 80]
[    1.829810] pci 0000:80:00.0: [8086:09a2] type 00 class 0x088000
[    1.829906] pci 0000:80:00.1: [8086:09a4] type 00 class 0x088000
[    1.829996] pci 0000:80:00.2: [8086:09a3] type 00 class 0x088000
[    1.830085] pci 0000:80:00.4: [8086:0998] type 00 class 0x060000
[    1.830174] pci 0000:80:02.0: [8086:09a6] type 00 class 0x088000
[    1.830183] pci 0000:80:02.0: reg 0x10: [mem 0xc6aa4000-0xc6aa5fff]
[    1.830260] pci 0000:80:02.1: [8086:09a7] type 00 class 0x088000
[    1.830269] pci 0000:80:02.1: reg 0x10: [mem 0xc6a00000-0xc6a7ffff]
[    1.830274] pci 0000:80:02.1: reg 0x14: [mem 0xc6980000-0xc69fffff]
[    1.830361] pci 0000:80:02.4: [8086:3456] type 00 class 0x130000
[    1.830372] pci 0000:80:02.4: reg 0x10: [mem 0xc6800000-0xc68fffff 64bit]
[    1.830379] pci 0000:80:02.4: reg 0x18: [mem 0xc6aa0000-0xc6aa3fff 64bit]
[    1.830386] pci 0000:80:02.4: reg 0x20: [mem 0xc6a80000-0xc6a9ffff 64bit]
[    1.830448] pci_bus 0000:80: on NUMA node 1
[    1.830524] ACPI: PCI Root Bridge [PC07] (domain 0000 [bus 81])
[    1.830527] acpi PNP0A08:07: _OSC: OS supports [ExtendedConfig ASPM ClockPM Segments MSI HPX-Type3]
[    1.844183] acpi PNP0A08:07: _OSC: platform does not support [SHPCHotplug AER]
[    1.844386] acpi PNP0A08:07: _OSC: OS now controls [PCIeHotplug PME PCIeCapability LTR]
[    1.844387] acpi PNP0A08:07: FADT indicates ASPM is unsupported, using BIOS configuration
[    1.844498] PCI host bridge to bus 0000:81
[    1.844499] pci_bus 0000:81: root bus resource [io  0xc000-0xcfff window]
[    1.844501] pci_bus 0000:81: root bus resource [mem 0xd1000000-0xdbbfffff window]
[    1.844502] pci_bus 0000:81: root bus resource [mem 0x260000000000-0x26ffffffffff window]
[    1.844503] pci_bus 0000:81: root bus resource [bus 81]
[    1.844517] pci 0000:81:00.0: [8086:09a2] type 00 class 0x088000
[    1.844593] pci 0000:81:00.1: [8086:09a4] type 00 class 0x088000
[    1.844672] pci 0000:81:00.2: [8086:09a3] type 00 class 0x088000
[    1.844747] pci 0000:81:00.4: [8086:0998] type 00 class 0x060000
[    1.844833] pci_bus 0000:81: on NUMA node 1
[    1.844906] ACPI: PCI Root Bridge [PC08] (domain 0000 [bus 82])
[    1.844908] acpi PNP0A08:08: _OSC: OS supports [ExtendedConfig ASPM ClockPM Segments MSI HPX-Type3]
[    1.858675] acpi PNP0A08:08: _OSC: platform does not support [SHPCHotplug AER]
[    1.858878] acpi PNP0A08:08: _OSC: OS now controls [PCIeHotplug PME PCIeCapability LTR]
[    1.858879] acpi PNP0A08:08: FADT indicates ASPM is unsupported, using BIOS configuration
[    1.858990] PCI host bridge to bus 0000:82
[    1.858991] pci_bus 0000:82: root bus resource [io  0xd000-0xdfff window]
[    1.858992] pci_bus 0000:82: root bus resource [mem 0xdbc00000-0xe67fffff window]
[    1.858993] pci_bus 0000:82: root bus resource [mem 0x270000000000-0x27ffffffffff window]
[    1.858995] pci_bus 0000:82: root bus resource [bus 82]
[    1.859008] pci 0000:82:00.0: [8086:09a2] type 00 class 0x088000
[    1.859084] pci 0000:82:00.1: [8086:09a4] type 00 class 0x088000
[    1.859158] pci 0000:82:00.2: [8086:09a3] type 00 class 0x088000
[    1.859233] pci 0000:82:00.4: [8086:0998] type 00 class 0x060000
[    1.859312] pci_bus 0000:82: on NUMA node 1
[    1.859410] ACPI: PCI Root Bridge [PC10] (domain 0000 [bus 83-f9])
[    1.859412] acpi PNP0A08:0a: _OSC: OS supports [ExtendedConfig ASPM ClockPM Segments MSI HPX-Type3]
[    1.873101] acpi PNP0A08:0a: _OSC: platform does not support [SHPCHotplug AER]
[    1.873305] acpi PNP0A08:0a: _OSC: OS now controls [PCIeHotplug PME PCIeCapability LTR]
[    1.873306] acpi PNP0A08:0a: FADT indicates ASPM is unsupported, using BIOS configuration
[    1.873425] PCI host bridge to bus 0000:83
[    1.873426] pci_bus 0000:83: root bus resource [io  0xe000-0xefff window]
[    1.873427] pci_bus 0000:83: root bus resource [mem 0xe6800000-0xf13fffff window]
[    1.873428] pci_bus 0000:83: root bus resource [mem 0x280000000000-0x28ffffffffff window]
[    1.873429] pci_bus 0000:83: root bus resource [bus 83-f9]
[    1.873444] pci 0000:83:00.0: [8086:09a2] type 00 class 0x088000
[    1.873523] pci 0000:83:00.1: [8086:09a4] type 00 class 0x088000
[    1.873601] pci 0000:83:00.2: [8086:09a3] type 00 class 0x088000
[    1.873678] pci 0000:83:00.4: [8086:0998] type 00 class 0x060000
[    1.873759] pci_bus 0000:83: on NUMA node 1
[    1.873829] ACPI: PCI Root Bridge [PC11] (domain 0000 [bus fa])
[    1.873831] acpi PNP0A08:0b: _OSC: OS supports [ExtendedConfig ASPM ClockPM Segments MSI HPX-Type3]
[    1.887502] acpi PNP0A08:0b: _OSC: platform does not support [SHPCHotplug AER]
[    1.887703] acpi PNP0A08:0b: _OSC: OS now controls [PCIeHotplug PME PCIeCapability LTR]
[    1.887704] acpi PNP0A08:0b: FADT indicates ASPM is unsupported, using BIOS configuration
[    1.887815] PCI host bridge to bus 0000:fa
[    1.887816] pci_bus 0000:fa: root bus resource [io  0xf000-0xffff window]
[    1.887818] pci_bus 0000:fa: root bus resource [mem 0xf1400000-0xfb7fffff window]
[    1.887819] pci_bus 0000:fa: root bus resource [mem 0x290000000000-0x29ffffffffff window]
[    1.887820] pci_bus 0000:fa: root bus resource [bus fa]
[    1.887834] pci 0000:fa:00.0: [8086:09a2] type 00 class 0x088000
[    1.887911] pci 0000:fa:00.1: [8086:09a4] type 00 class 0x088000
[    1.887986] pci 0000:fa:00.2: [8086:09a3] type 00 class 0x088000
[    1.888062] pci 0000:fa:00.4: [8086:0998] type 00 class 0x060000
[    1.888143] pci_bus 0000:fa: on NUMA node 1
[    1.888206] ACPI: PCI Root Bridge [UC16] (domain 0000 [bus fe])
[    1.888208] acpi PNP0A03:02: _OSC: OS supports [ExtendedConfig ASPM ClockPM Segments MSI HPX-Type3]
[    1.888374] acpi PNP0A03:02: _OSC: platform does not support [SHPCHotplug AER LTR]
[    1.888544] acpi PNP0A03:02: _OSC: OS now controls [PCIeHotplug PME PCIeCapability]
[    1.888545] acpi PNP0A03:02: FADT indicates ASPM is unsupported, using BIOS configuration
[    1.888667] PCI host bridge to bus 0000:fe
[    1.888668] pci_bus 0000:fe: root bus resource [bus fe]
[    1.888700] pci 0000:fe:00.0: [8086:3450] type 00 class 0x088000
[    1.888785] pci 0000:fe:00.1: [8086:3451] type 00 class 0x088000
[    1.888869] pci 0000:fe:00.2: [8086:3452] type 00 class 0x088000
[    1.888951] pci 0000:fe:00.3: [8086:0998] type 00 class 0x060000
[    1.889033] pci 0000:fe:00.5: [8086:3455] type 00 class 0x088000
[    1.889134] pci 0000:fe:02.0: [8086:3440] type 00 class 0x088000
[    1.889277] pci 0000:fe:02.1: [8086:3441] type 00 class 0x088000
[    1.889411] pci 0000:fe:02.2: [8086:3442] type 00 class 0x088000
[    1.889556] pci 0000:fe:03.0: [8086:3440] type 00 class 0x088000
[    1.889661] pci 0000:fe:03.1: [8086:3441] type 00 class 0x088000
[    1.889766] pci 0000:fe:03.2: [8086:3442] type 00 class 0x088000
[    1.889875] pci 0000:fe:04.0: [8086:3440] type 00 class 0x088000
[    1.890020] pci 0000:fe:04.1: [8086:3441] type 00 class 0x088000
[    1.890161] pci 0000:fe:04.2: [8086:3442] type 00 class 0x088000
[    1.890303] pci 0000:fe:04.3: [8086:3443] type 00 class 0x088000
[    1.890461] pci 0000:fe:05.0: [8086:3445] type 00 class 0x088000
[    1.890602] pci 0000:fe:05.1: [8086:3446] type 00 class 0x088000
[    1.890741] pci 0000:fe:05.2: [8086:3447] type 00 class 0x088000
[    1.890893] pci 0000:fe:06.0: [8086:3445] type 00 class 0x088000
[    1.890999] pci 0000:fe:06.1: [8086:3446] type 00 class 0x088000
[    1.891102] pci 0000:fe:06.2: [8086:3447] type 00 class 0x088000
[    1.891226] pci 0000:fe:07.0: [8086:3445] type 00 class 0x088000
[    1.891374] pci 0000:fe:07.1: [8086:3446] type 00 class 0x088000
[    1.891519] pci 0000:fe:07.2: [8086:3447] type 00 class 0x088000
[    1.891673] pci 0000:fe:0b.0: [8086:3448] type 00 class 0x088000
[    1.891762] pci 0000:fe:0b.1: [8086:3448] type 00 class 0x088000
[    1.891853] pci 0000:fe:0b.2: [8086:344b] type 00 class 0x088000
[    1.891959] pci 0000:fe:0c.0: [8086:344a] type 00 class 0x110100
[    1.892086] pci 0000:fe:0d.0: [8086:344a] type 00 class 0x110100
[    1.892200] pci 0000:fe:0e.0: [8086:344a] type 00 class 0x110100
[    1.892373] pci 0000:fe:0f.0: [8086:344a] type 00 class 0x110100
[    1.892567] pci 0000:fe:1a.0: [8086:2880] type 00 class 0x110100
[    1.892693] pci 0000:fe:1b.0: [8086:2880] type 00 class 0x110100
[    1.892804] pci 0000:fe:1c.0: [8086:2880] type 00 class 0x110100
[    1.892986] pci 0000:fe:1d.0: [8086:2880] type 00 class 0x110100
[    1.893147] pci_bus 0000:fe: on NUMA node 1
[    1.893223] ACPI: PCI Root Bridge [UC17] (domain 0000 [bus ff])
[    1.893226] acpi PNP0A03:03: _OSC: OS supports [ExtendedConfig ASPM ClockPM Segments MSI HPX-Type3]
[    1.893391] acpi PNP0A03:03: _OSC: platform does not support [SHPCHotplug AER LTR]
[    1.893561] acpi PNP0A03:03: _OSC: OS now controls [PCIeHotplug PME PCIeCapability]
[    1.893562] acpi PNP0A03:03: FADT indicates ASPM is unsupported, using BIOS configuration
[    1.893697] PCI host bridge to bus 0000:ff
[    1.893698] pci_bus 0000:ff: root bus resource [bus ff]
[    1.893740] pci 0000:ff:00.0: [8086:344c] type 00 class 0x088000
[    1.893875] pci 0000:ff:00.1: [8086:344c] type 00 class 0x088000
[    1.894013] pci 0000:ff:00.2: [8086:344c] type 00 class 0x088000
[    1.894139] pci 0000:ff:00.3: [8086:344c] type 00 class 0x088000
[    1.894285] pci 0000:ff:00.4: [8086:344c] type 00 class 0x088000
[    1.894428] pci 0000:ff:00.5: [8086:344c] type 00 class 0x088000
[    1.894548] pci 0000:ff:00.6: [8086:344c] type 00 class 0x088000
[    1.894703] pci 0000:ff:00.7: [8086:344c] type 00 class 0x088000
[    1.894870] pci 0000:ff:01.0: [8086:344c] type 00 class 0x088000
[    1.895027] pci 0000:ff:01.1: [8086:344c] type 00 class 0x088000
[    1.895177] pci 0000:ff:01.2: [8086:344c] type 00 class 0x088000
[    1.895289] pci 0000:ff:01.3: [8086:344c] type 00 class 0x088000
[    1.895450] pci 0000:ff:01.4: [8086:344c] type 00 class 0x088000
[    1.895613] pci 0000:ff:01.5: [8086:344c] type 00 class 0x088000
[    1.895780] pci 0000:ff:01.6: [8086:344c] type 00 class 0x088000
[    1.895937] pci 0000:ff:01.7: [8086:344c] type 00 class 0x088000
[    1.896110] pci 0000:ff:02.0: [8086:344c] type 00 class 0x088000
[    1.896269] pci 0000:ff:02.1: [8086:344c] type 00 class 0x088000
[    1.896427] pci 0000:ff:02.2: [8086:344c] type 00 class 0x088000
[    1.896592] pci 0000:ff:02.3: [8086:344c] type 00 class 0x088000
[    1.896754] pci 0000:ff:02.4: [8086:344c] type 00 class 0x088000
[    1.896917] pci 0000:ff:02.5: [8086:344c] type 00 class 0x088000
[    1.897094] pci 0000:ff:02.6: [8086:344c] type 00 class 0x088000
[    1.897268] pci 0000:ff:02.7: [8086:344c] type 00 class 0x088000
[    1.897461] pci 0000:ff:03.0: [8086:344c] type 00 class 0x088000
[    1.897638] pci 0000:ff:03.1: [8086:344c] type 00 class 0x088000
[    1.897812] pci 0000:ff:03.2: [8086:344c] type 00 class 0x088000
[    1.897996] pci 0000:ff:03.3: [8086:344c] type 00 class 0x088000
[    1.898201] pci 0000:ff:0a.0: [8086:344d] type 00 class 0x088000
[    1.898330] pci 0000:ff:0a.1: [8086:344d] type 00 class 0x088000
[    1.898468] pci 0000:ff:0a.2: [8086:344d] type 00 class 0x088000
[    1.898597] pci 0000:ff:0a.3: [8086:344d] type 00 class 0x088000
[    1.898743] pci 0000:ff:0a.4: [8086:344d] type 00 class 0x088000
[    1.898885] pci 0000:ff:0a.5: [8086:344d] type 00 class 0x088000
[    1.899006] pci 0000:ff:0a.6: [8086:344d] type 00 class 0x088000
[    1.899157] pci 0000:ff:0a.7: [8086:344d] type 00 class 0x088000
[    1.899323] pci 0000:ff:0b.0: [8086:344d] type 00 class 0x088000
[    1.899481] pci 0000:ff:0b.1: [8086:344d] type 00 class 0x088000
[    1.899630] pci 0000:ff:0b.2: [8086:344d] type 00 class 0x088000
[    1.899744] pci 0000:ff:0b.3: [8086:344d] type 00 class 0x088000
[    1.899907] pci 0000:ff:0b.4: [8086:344d] type 00 class 0x088000
[    1.900069] pci 0000:ff:0b.5: [8086:344d] type 00 class 0x088000
[    1.900237] pci 0000:ff:0b.6: [8086:344d] type 00 class 0x088000
[    1.900388] pci 0000:ff:0b.7: [8086:344d] type 00 class 0x088000
[    1.900561] pci 0000:ff:0c.0: [8086:344d] type 00 class 0x088000
[    1.900720] pci 0000:ff:0c.1: [8086:344d] type 00 class 0x088000
[    1.900878] pci 0000:ff:0c.2: [8086:344d] type 00 class 0x088000
[    1.901047] pci 0000:ff:0c.3: [8086:344d] type 00 class 0x088000
[    1.901209] pci 0000:ff:0c.4: [8086:344d] type 00 class 0x088000
[    1.901373] pci 0000:ff:0c.5: [8086:344d] type 00 class 0x088000
[    1.901542] pci 0000:ff:0c.6: [8086:344d] type 00 class 0x088000
[    1.901710] pci 0000:ff:0c.7: [8086:344d] type 00 class 0x088000
[    1.901903] pci 0000:ff:0d.0: [8086:344d] type 00 class 0x088000
[    1.902081] pci 0000:ff:0d.1: [8086:344d] type 00 class 0x088000
[    1.902256] pci 0000:ff:0d.2: [8086:344d] type 00 class 0x088000
[    1.902447] pci 0000:ff:0d.3: [8086:344d] type 00 class 0x088000
[    1.902662] pci 0000:ff:1d.0: [8086:344f] type 00 class 0x088000
[    1.902800] pci 0000:ff:1d.1: [8086:3457] type 00 class 0x088000
[    1.902950] pci 0000:ff:1e.0: [8086:3458] type 00 class 0x088000
[    1.903048] pci 0000:ff:1e.1: [8086:3459] type 00 class 0x088000
[    1.903140] pci 0000:ff:1e.2: [8086:345a] type 00 class 0x088000
[    1.903231] pci 0000:ff:1e.3: [8086:345b] type 00 class 0x088000
[    1.903323] pci 0000:ff:1e.4: [8086:345c] type 00 class 0x088000
[    1.903419] pci 0000:ff:1e.5: [8086:345d] type 00 class 0x088000
[    1.903509] pci 0000:ff:1e.6: [8086:345e] type 00 class 0x088000
[    1.903600] pci 0000:ff:1e.7: [8086:345f] type 00 class 0x088000
[    1.903674] pci_bus 0000:ff: on NUMA node 1
[    1.905073] iommu: Default domain type: Translated 
[    1.905073] iommu: DMA domain TLB invalidation policy: lazy mode 
[    1.905075] pci 0000:03:00.0: vgaarb: setting as boot VGA device
[    1.905075] pci 0000:03:00.0: vgaarb: VGA device added: decodes=io+mem,owns=io+mem,locks=none
[    1.905114] pci 0000:03:00.0: vgaarb: bridge control possible
[    1.905115] vgaarb: loaded
[    1.905319] SCSI subsystem initialized
[    1.905357] libata version 3.00 loaded.
[    1.905357] ACPI: bus type USB registered
[    1.905357] usbcore: registered new interface driver usbfs
[    1.905357] usbcore: registered new interface driver hub
[    1.905357] usbcore: registered new device driver usb
[    1.905357] pps_core: LinuxPPS API ver. 1 registered
[    1.905357] pps_core: Software ver. 5.3.6 - Copyright 2005-2007 Rodolfo Giometti <giometti@linux.it>
[    1.905357] PTP clock support registered
[    1.909138] EDAC MC: Ver: 3.0.0
[    1.909699] Registered efivars operations
[    1.909699] NetLabel: Initializing
[    1.909699] NetLabel:  domain hash size = 128
[    1.909699] NetLabel:  protocols = UNLABELED CIPSOv4 CALIPSO
[    1.909699] NetLabel:  unlabeled traffic allowed by default
[    1.909699] PCI: Using ACPI for IRQ routing
[    1.909699] PCI: pci_cache_line_size set to 64 bytes
[    1.910146] e820: reserve RAM buffer [mem 0x0008f000-0x0008ffff]
[    1.910148] e820: reserve RAM buffer [mem 0x46cc5020-0x47ffffff]
[    1.910150] e820: reserve RAM buffer [mem 0x46cf7020-0x47ffffff]
[    1.910151] e820: reserve RAM buffer [mem 0x46d2a020-0x47ffffff]
[    1.910152] e820: reserve RAM buffer [mem 0x46d5d020-0x47ffffff]
[    1.910153] e820: reserve RAM buffer [mem 0x49e77000-0x4bffffff]
[    1.910154] e820: reserve RAM buffer [mem 0x4b2cf000-0x4bffffff]
[    1.910156] e820: reserve RAM buffer [mem 0x4bd94000-0x4bffffff]
[    1.910157] e820: reserve RAM buffer [mem 0x4ce00000-0x4fffffff]
[    1.910158] e820: reserve RAM buffer [mem 0x5eefe000-0x5fffffff]
[    1.910159] e820: reserve RAM buffer [mem 0x6f800000-0x6fffffff]
[    1.914368] hpet0: at MMIO 0xfed00000, IRQs 2, 8, 0, 0, 0, 0, 0, 0
[    1.914374] hpet0: 8 comparators, 64-bit 24.000000 MHz counter
[    1.918288] clocksource: Switched to clocksource tsc-early
[    1.925538] VFS: Disk quotas dquot_6.6.0
[    1.925590] VFS: Dquot-cache hash table entries: 512 (order 0, 4096 bytes)
[    1.925733] AppArmor: AppArmor Filesystem Enabled
[    1.925751] pnp: PnP ACPI init
[    1.941042] system 00:01: [io  0x0500-0x05fe] has been reserved
[    1.941045] system 00:01: [io  0x0400-0x041f] has been reserved
[    1.941047] system 00:01: [io  0x0600-0x061f] has been reserved
[    1.941048] system 00:01: [io  0x0ca0-0x0ca1] has been reserved
[    1.941050] system 00:01: [io  0x0ca4-0x0ca6] has been reserved
[    1.941052] system 00:01: [mem 0xff000000-0xffffffff] has been reserved
[    1.941632] system 00:04: [mem 0xfd000000-0xfdabffff] has been reserved
[    1.941635] system 00:04: [mem 0xfdad0000-0xfdadffff] has been reserved
[    1.941636] system 00:04: [mem 0xfdb00000-0xfdffffff] has been reserved
[    1.941638] system 00:04: [mem 0xfe000000-0xfe00ffff] has been reserved
[    1.941639] system 00:04: [mem 0xfe011000-0xfe01ffff] has been reserved
[    1.941640] system 00:04: [mem 0xfe036000-0xfe03bfff] has been reserved
[    1.941642] system 00:04: [mem 0xfe03d000-0xfe3fffff] has been reserved
[    1.941643] system 00:04: [mem 0xfe410000-0xfe7fffff] has been reserved
[    1.941962] system 00:05: [io  0x1000-0x10fe] has been reserved
[    1.942943] pnp: PnP ACPI: found 6 devices
[    1.948549] clocksource: acpi_pm: mask: 0xffffff max_cycles: 0xffffff, max_idle_ns: 2085701024 ns
[    1.948631] NET: Registered PF_INET protocol family
[    1.948970] IP idents hash table entries: 262144 (order: 9, 2097152 bytes, vmalloc)
[    1.951120] tcp_listen_portaddr_hash hash table entries: 16384 (order: 6, 262144 bytes, vmalloc)
[    1.951458] TCP established hash table entries: 262144 (order: 9, 2097152 bytes, vmalloc)
[    1.951843] TCP bind hash table entries: 65536 (order: 8, 1048576 bytes, vmalloc)
[    1.951902] TCP: Hash tables configured (established 262144 bind 65536)
[    1.952098] UDP hash table entries: 16384 (order: 7, 524288 bytes, vmalloc)
[    1.952211] UDP-Lite hash table entries: 16384 (order: 7, 524288 bytes, vmalloc)
[    1.952437] NET: Registered PF_UNIX/PF_LOCAL protocol family
[    1.952443] NET: Registered PF_XDP protocol family
[    1.952450] pci 0000:04:00.0: can't claim BAR 6 [mem 0xfffc0000-0xffffffff pref]: no compatible bridge window
[    1.952452] pci 0000:04:00.1: can't claim BAR 6 [mem 0xfffc0000-0xffffffff pref]: no compatible bridge window
[    1.952454] pci 0000:17:00.0: can't claim BAR 6 [mem 0xfff00000-0xffffffff pref]: no compatible bridge window
[    1.952470] pci 0000:00:1c.5: BAR 14: assigned [mem 0x90000000-0x900fffff]
[    1.952473] pci 0000:00:1c.0: PCI bridge to [bus 01]
[    1.952483] pci 0000:02:00.0: PCI bridge to [bus 03]
[    1.952488] pci 0000:02:00.0:   bridge window [mem 0x92000000-0x928fffff]
[    1.952491] pci 0000:02:00.0:   bridge window [mem 0x91000000-0x91ffffff 64bit pref]
[    1.952498] pci 0000:00:1c.4: PCI bridge to [bus 02-03]
[    1.952502] pci 0000:00:1c.4:   bridge window [mem 0x92000000-0x928fffff]
[    1.952504] pci 0000:00:1c.4:   bridge window [mem 0x91000000-0x91ffffff 64bit pref]
[    1.952509] pci 0000:04:00.0: BAR 6: assigned [mem 0x90000000-0x9003ffff pref]
[    1.952511] pci 0000:04:00.1: BAR 6: assigned [mem 0x90040000-0x9007ffff pref]
[    1.952512] pci 0000:00:1c.5: PCI bridge to [bus 04]
[    1.952515] pci 0000:00:1c.5:   bridge window [mem 0x90000000-0x900fffff]
[    1.952518] pci 0000:00:1c.5:   bridge window [mem 0x92900000-0x929fffff 64bit pref]
[    1.952522] pci_bus 0000:00: resource 4 [io  0x0000-0x0cf7 window]
[    1.952524] pci_bus 0000:00: resource 5 [io  0x1000-0x4fff window]
[    1.952525] pci_bus 0000:00: resource 6 [mem 0x000a0000-0x000bffff window]
[    1.952526] pci_bus 0000:00: resource 7 [mem 0x000c8000-0x000cffff window]
[    1.952527] pci_bus 0000:00: resource 8 [mem 0xfe010000-0xfe010fff window]
[    1.952529] pci_bus 0000:00: resource 9 [mem 0x90000000-0x9b7fffff window]
[    1.952530] pci_bus 0000:00: resource 10 [mem 0x200000000000-0x20ffffffffff window]
[    1.952532] pci_bus 0000:02: resource 1 [mem 0x92000000-0x928fffff]
[    1.952533] pci_bus 0000:02: resource 2 [mem 0x91000000-0x91ffffff 64bit pref]
[    1.952534] pci_bus 0000:03: resource 1 [mem 0x92000000-0x928fffff]
[    1.952535] pci_bus 0000:03: resource 2 [mem 0x91000000-0x91ffffff 64bit pref]
[    1.952537] pci_bus 0000:04: resource 1 [mem 0x90000000-0x900fffff]
[    1.952538] pci_bus 0000:04: resource 2 [mem 0x92900000-0x929fffff 64bit pref]
[    1.952606] pci 0000:17:00.0: BAR 6: no space for [mem size 0x00100000 pref]
[    1.952608] pci 0000:17:00.0: BAR 6: failed to assign [mem size 0x00100000 pref]
[    1.952609] pci 0000:16:02.0: PCI bridge to [bus 17]
[    1.952611] pci 0000:16:02.0:   bridge window [io  0x5000-0x5fff]
[    1.952614] pci 0000:16:02.0:   bridge window [mem 0x9ba00000-0x9bafffff]
[    1.952616] pci 0000:16:02.0:   bridge window [mem 0x9b800000-0x9b9fffff 64bit pref]
[    1.952619] pci_bus 0000:16: resource 4 [io  0x5000-0x6fff window]
[    1.952620] pci_bus 0000:16: resource 5 [mem 0x9b800000-0xa63fffff window]
[    1.952621] pci_bus 0000:16: resource 6 [mem 0x210000000000-0x21ffffffffff window]
[    1.952622] pci_bus 0000:17: resource 0 [io  0x5000-0x5fff]
[    1.952624] pci_bus 0000:17: resource 1 [mem 0x9ba00000-0x9bafffff]
[    1.952625] pci_bus 0000:17: resource 2 [mem 0x9b800000-0x9b9fffff 64bit pref]
[    1.952631] pci_bus 0000:30: resource 4 [io  0x7000-0x8fff window]
[    1.952632] pci_bus 0000:30: resource 5 [mem 0xa6400000-0xb0ffffff window]
[    1.952633] pci_bus 0000:30: resource 6 [mem 0x220000000000-0x22ffffffffff window]
[    1.952640] pci_bus 0000:4a: resource 4 [io  0x9000-0x9fff window]
[    1.952641] pci_bus 0000:4a: resource 5 [mem 0xb1000000-0xbbbfffff window]
[    1.952642] pci_bus 0000:4a: resource 6 [mem 0x230000000000-0x23ffffffffff window]
[    1.952648] pci_bus 0000:64: resource 4 [io  0xa000-0xafff window]
[    1.952649] pci_bus 0000:64: resource 5 [mem 0xbbc00000-0xc5ffffff window]
[    1.952650] pci_bus 0000:64: resource 6 [mem 0x240000000000-0x24ffffffffff window]
[    1.952679] pci_bus 0000:80: resource 4 [io  0xb000-0xbfff window]
[    1.952680] pci_bus 0000:80: resource 5 [mem 0xc6800000-0xd0ffffff window]
[    1.952681] pci_bus 0000:80: resource 6 [mem 0x250000000000-0x25ffffffffff window]
[    1.952687] pci_bus 0000:81: resource 4 [io  0xc000-0xcfff window]
[    1.952688] pci_bus 0000:81: resource 5 [mem 0xd1000000-0xdbbfffff window]
[    1.952689] pci_bus 0000:81: resource 6 [mem 0x260000000000-0x26ffffffffff window]
[    1.952695] pci_bus 0000:82: resource 4 [io  0xd000-0xdfff window]
[    1.952696] pci_bus 0000:82: resource 5 [mem 0xdbc00000-0xe67fffff window]
