[    0.000000] Linux version 5.15.19-htmm (xmu@xmu-PowerEdge-R750) (gcc (Ubuntu 7.5.0-3ubuntu1~18.04) 7.5.0, GNU ld (GNU Binutils for Ubuntu) 2.30) #1 SMP Mon Nov 20 20:50:41 CST 2023
[    0.000000] Command line: BOOT_IMAGE=/boot/vmlinuz-5.15.19-htmm root=UUID=ce0c24b8-724b-4f33-9b2c-618433560aef ro memmap=49G!15G quiet splash nomodeset vt.handoff=1
[    0.000000] KERNEL supported cpus:
[    0.000000]   Intel GenuineIntel
[    0.000000]   AMD AuthenticAMD
[    0.000000]   Hygon HygonGenuine
[    0.000000]   Centaur CentaurHauls
[    0.000000]   zhaoxin   Shanghai  
[    0.000000] x86/split lock detection: #AC: crashing the kernel on kernel split_locks and warning on user-space split_locks
[    0.000000] x86/fpu: Supporting XSAVE feature 0x001: 'x87 floating point registers'
[    0.000000] x86/fpu: Supporting XSAVE feature 0x002: 'SSE registers'
[    0.000000] x86/fpu: Supporting XSAVE feature 0x004: 'AVX registers'
[    0.000000] x86/fpu: Supporting XSAVE feature 0x020: 'AVX-512 opmask'
[    0.000000] x86/fpu: Supporting XSAVE feature 0x040: 'AVX-512 Hi256'
[    0.000000] x86/fpu: Supporting XSAVE feature 0x080: 'AVX-512 ZMM_Hi256'
[    0.000000] x86/fpu: Supporting XSAVE feature 0x200: 'Protection Keys User registers'
[    0.000000] x86/fpu: xstate_offset[2]:  576, xstate_sizes[2]:  256
[    0.000000] x86/fpu: xstate_offset[5]:  832, xstate_sizes[5]:   64
[    0.000000] x86/fpu: xstate_offset[6]:  896, xstate_sizes[6]:  512
[    0.000000] x86/fpu: xstate_offset[7]: 1408, xstate_sizes[7]: 1024
[    0.000000] x86/fpu: xstate_offset[9]: 2432, xstate_sizes[9]:    8
[    0.000000] x86/fpu: Enabled xstate features 0x2e7, context size is 2440 bytes, using 'compacted' format.
[    0.000000] signal: max sigframe size: 3632
[    0.000000] BIOS-provided physical RAM map:
[    0.000000] BIOS-e820: [mem 0x0000000000000000-0x000000000008efff] usable
[    0.000000] BIOS-e820: [mem 0x000000000008f000-0x000000000008ffff] reserved
[    0.000000] BIOS-e820: [mem 0x0000000000090000-0x000000000009ffff] usable
[    0.000000] BIOS-e820: [mem 0x00000000000a0000-0x00000000000fffff] reserved
[    0.000000] BIOS-e820: [mem 0x0000000000100000-0x0000000049e76fff] usable
[    0.000000] BIOS-e820: [mem 0x0000000049e77000-0x000000004ae76fff] ACPI NVS
[    0.000000] BIOS-e820: [mem 0x000000004ae77000-0x000000004b2cefff] usable
[    0.000000] BIOS-e820: [mem 0x000000004b2cf000-0x000000004b54dfff] ACPI data
[    0.000000] BIOS-e820: [mem 0x000000004b54e000-0x000000004bd93fff] usable
[    0.000000] BIOS-e820: [mem 0x000000004bd94000-0x000000004be99fff] reserved
[    0.000000] BIOS-e820: [mem 0x000000004be9a000-0x000000004cdfffff] usable
[    0.000000] BIOS-e820: [mem 0x000000004ce00000-0x000000004cffffff] reserved
[    0.000000] BIOS-e820: [mem 0x000000004d000000-0x000000005eefdfff] usable
[    0.000000] BIOS-e820: [mem 0x000000005eefe000-0x000000006e3fefff] reserved
[    0.000000] BIOS-e820: [mem 0x000000006e3ff000-0x000000006f3fefff] ACPI NVS
[    0.000000] BIOS-e820: [mem 0x000000006f3ff000-0x000000006f7fefff] ACPI data
[    0.000000] BIOS-e820: [mem 0x000000006f7ff000-0x000000006f7fffff] usable
[    0.000000] BIOS-e820: [mem 0x000000006f800000-0x000000008fffffff] reserved
[    0.000000] BIOS-e820: [mem 0x00000000fe000000-0x00000000fe010fff] reserved
[    0.000000] BIOS-e820: [mem 0x0000000100000000-0x000000207fffffff] usable
[    0.000000] BIOS-e820: [mem 0x0000002080000000-0x0000011c7fffffff] persistent (type 7)
[    0.000000] BIOS-e820: [mem 0x00001ffc00000000-0x00001fffffffffff] reserved
[    0.000000] NX (Execute Disable) protection: active
[    0.000000] e820: update [mem 0x46d5d020-0x46d6505f] usable ==> usable
[    0.000000] e820: update [mem 0x46d5d020-0x46d6505f] usable ==> usable
[    0.000000] e820: update [mem 0x46d2a020-0x46d5cc5f] usable ==> usable
[    0.000000] e820: update [mem 0x46d2a020-0x46d5cc5f] usable ==> usable
[    0.000000] e820: update [mem 0x46cf7020-0x46d29c5f] usable ==> usable
[    0.000000] e820: update [mem 0x46cf7020-0x46d29c5f] usable ==> usable
[    0.000000] e820: update [mem 0x46cc5020-0x46cf6a5f] usable ==> usable
[    0.000000] e820: update [mem 0x46cc5020-0x46cf6a5f] usable ==> usable
[    0.000000] extended physical RAM map:
[    0.000000] reserve setup_data: [mem 0x0000000000000000-0x000000000008efff] usable
[    0.000000] reserve setup_data: [mem 0x000000000008f000-0x000000000008ffff] reserved
[    0.000000] reserve setup_data: [mem 0x0000000000090000-0x000000000009ffff] usable
[    0.000000] reserve setup_data: [mem 0x00000000000a0000-0x00000000000fffff] reserved
[    0.000000] reserve setup_data: [mem 0x0000000000100000-0x0000000046cc501f] usable
[    0.000000] reserve setup_data: [mem 0x0000000046cc5020-0x0000000046cf6a5f] usable
[    0.000000] reserve setup_data: [mem 0x0000000046cf6a60-0x0000000046cf701f] usable
[    0.000000] reserve setup_data: [mem 0x0000000046cf7020-0x0000000046d29c5f] usable
[    0.000000] reserve setup_data: [mem 0x0000000046d29c60-0x0000000046d2a01f] usable
[    0.000000] reserve setup_data: [mem 0x0000000046d2a020-0x0000000046d5cc5f] usable
[    0.000000] reserve setup_data: [mem 0x0000000046d5cc60-0x0000000046d5d01f] usable
[    0.000000] reserve setup_data: [mem 0x0000000046d5d020-0x0000000046d6505f] usable
[    0.000000] reserve setup_data: [mem 0x0000000046d65060-0x0000000049e76fff] usable
[    0.000000] reserve setup_data: [mem 0x0000000049e77000-0x000000004ae76fff] ACPI NVS
[    0.000000] reserve setup_data: [mem 0x000000004ae77000-0x000000004b2cefff] usable
[    0.000000] reserve setup_data: [mem 0x000000004b2cf000-0x000000004b54dfff] ACPI data
[    0.000000] reserve setup_data: [mem 0x000000004b54e000-0x000000004bd93fff] usable
[    0.000000] reserve setup_data: [mem 0x000000004bd94000-0x000000004be99fff] reserved
[    0.000000] reserve setup_data: [mem 0x000000004be9a000-0x000000004cdfffff] usable
[    0.000000] reserve setup_data: [mem 0x000000004ce00000-0x000000004cffffff] reserved
[    0.000000] reserve setup_data: [mem 0x000000004d000000-0x000000005eefdfff] usable
[    0.000000] reserve setup_data: [mem 0x000000005eefe000-0x000000006e3fefff] reserved
[    0.000000] reserve setup_data: [mem 0x000000006e3ff000-0x000000006f3fefff] ACPI NVS
[    0.000000] reserve setup_data: [mem 0x000000006f3ff000-0x000000006f7fefff] ACPI data
[    0.000000] reserve setup_data: [mem 0x000000006f7ff000-0x000000006f7fffff] usable
[    0.000000] reserve setup_data: [mem 0x000000006f800000-0x000000008fffffff] reserved
[    0.000000] reserve setup_data: [mem 0x00000000fe000000-0x00000000fe010fff] reserved
[    0.000000] reserve setup_data: [mem 0x0000000100000000-0x00000003bfffffff] usable
[    0.000000] reserve setup_data: [mem 0x00000003c0000000-0x0000000fffffffff] persistent (type 12)
[    0.000000] reserve setup_data: [mem 0x0000001000000000-0x000000207fffffff] usable
[    0.000000] reserve setup_data: [mem 0x0000002080000000-0x0000011c7fffffff] persistent (type 7)
[    0.000000] reserve setup_data: [mem 0x00001ffc00000000-0x00001fffffffffff] reserved
[    0.000000] user-defined physical RAM map:
[    0.000000] user: [mem 0x0000000000000000-0x000000000008efff] usable
[    0.000000] user: [mem 0x000000000008f000-0x000000000008ffff] reserved
[    0.000000] user: [mem 0x0000000000090000-0x000000000009ffff] usable
[    0.000000] user: [mem 0x00000000000a0000-0x00000000000fffff] reserved
[    0.000000] user: [mem 0x0000000000100000-0x0000000046cc501f] usable
[    0.000000] user: [mem 0x0000000046cc5020-0x0000000046cf6a5f] usable
[    0.000000] user: [mem 0x0000000046cf6a60-0x0000000046cf701f] usable
[    0.000000] user: [mem 0x0000000046cf7020-0x0000000046d29c5f] usable
[    0.000000] user: [mem 0x0000000046d29c60-0x0000000046d2a01f] usable
[    0.000000] user: [mem 0x0000000046d2a020-0x0000000046d5cc5f] usable
[    0.000000] user: [mem 0x0000000046d5cc60-0x0000000046d5d01f] usable
[    0.000000] user: [mem 0x0000000046d5d020-0x0000000046d6505f] usable
[    0.000000] user: [mem 0x0000000046d65060-0x0000000049e76fff] usable
[    0.000000] user: [mem 0x0000000049e77000-0x000000004ae76fff] ACPI NVS
[    0.000000] user: [mem 0x000000004ae77000-0x000000004b2cefff] usable
[    0.000000] user: [mem 0x000000004b2cf000-0x000000004b54dfff] ACPI data
[    0.000000] user: [mem 0x000000004b54e000-0x000000004bd93fff] usable
[    0.000000] user: [mem 0x000000004bd94000-0x000000004be99fff] reserved
[    0.000000] user: [mem 0x000000004be9a000-0x000000004cdfffff] usable
[    0.000000] user: [mem 0x000000004ce00000-0x000000004cffffff] reserved
[    0.000000] user: [mem 0x000000004d000000-0x000000005eefdfff] usable
[    0.000000] user: [mem 0x000000005eefe000-0x000000006e3fefff] reserved
[    0.000000] user: [mem 0x000000006e3ff000-0x000000006f3fefff] ACPI NVS
[    0.000000] user: [mem 0x000000006f3ff000-0x000000006f7fefff] ACPI data
[    0.000000] user: [mem 0x000000006f7ff000-0x000000006f7fffff] usable
[    0.000000] user: [mem 0x000000006f800000-0x000000008fffffff] reserved
[    0.000000] user: [mem 0x00000000fe000000-0x00000000fe010fff] reserved
[    0.000000] user: [mem 0x0000000100000000-0x00000003bfffffff] usable
[    0.000000] user: [mem 0x00000003c0000000-0x0000000fffffffff] persistent (type 12)
[    0.000000] user: [mem 0x0000001000000000-0x000000207fffffff] usable
[    0.000000] user: [mem 0x0000002080000000-0x0000011c7fffffff] persistent (type 7)
[    0.000000] user: [mem 0x00001ffc00000000-0x00001fffffffffff] reserved
[    0.000000] efi: EFI v2.70 by Dell Inc.
[    0.000000] efi: ACPI=0x6f7fe000 ACPI 2.0=0x6f7fe014 MEMATTR=0x5b071020 SMBIOS=0x69526000 SMBIOS 3.0=0x69524000 MOKvar=0x5ef81000 RNG=0x5ef8a920 
[    0.000000] efi: seeding entropy pool
[    0.000000] SMBIOS 3.3.0 present.
[    0.000000] DMI: Dell Inc. PowerEdge R750/0K8F35, BIOS 1.10.2 03/03/2023
[    0.000000] tsc: Detected 2000.000 MHz processor
[    0.000007] e820: update [mem 0x00000000-0x00000fff] usable ==> reserved
[    0.000010] e820: remove [mem 0x000a0000-0x000fffff] usable
[    0.000018] last_pfn = 0x2080000 max_arch_pfn = 0x400000000
[    0.000237] x86/PAT: Configuration [0-7]: WB  WC  UC- UC  WB  WP  UC- WT  
[    0.003162] total RAM covered: 2095088M
[    0.003250]  gran_size: 64K 	chunk_size: 64K 	num_reg: 10  	lose cover RAM: 2016G
[    0.003252]  gran_size: 64K 	chunk_size: 128K 	num_reg: 10  	lose cover RAM: 2016G
[    0.003254]  gran_size: 64K 	chunk_size: 256K 	num_reg: 10  	lose cover RAM: 2016G
[    0.003255]  gran_size: 64K 	chunk_size: 512K 	num_reg: 10  	lose cover RAM: 2016G
[    0.003257]  gran_size: 64K 	chunk_size: 1M 	num_reg: 10  	lose cover RAM: 2016G
[    0.003258]  gran_size: 64K 	chunk_size: 2M 	num_reg: 10  	lose cover RAM: 2016G
[    0.003260]  gran_size: 64K 	chunk_size: 4M 	num_reg: 10  	lose cover RAM: 2016G
[    0.003261]  gran_size: 64K 	chunk_size: 8M 	num_reg: 10  	lose cover RAM: 2016G
[    0.003262]  gran_size: 64K 	chunk_size: 16M 	num_reg: 10  	lose cover RAM: 2016G
[    0.003263]  gran_size: 64K 	chunk_size: 32M 	num_reg: 10  	lose cover RAM: 1024G
[    0.003265]  gran_size: 64K 	chunk_size: 64M 	num_reg: 10  	lose cover RAM: 1024G
[    0.003266]  gran_size: 64K 	chunk_size: 128M 	num_reg: 10  	lose cover RAM: 1024G
[    0.003267]  gran_size: 64K 	chunk_size: 256M 	num_reg: 10  	lose cover RAM: 1024G
[    0.003269]  gran_size: 64K 	chunk_size: 512M 	num_reg: 10  	lose cover RAM: 1024G
[    0.003270]  gran_size: 64K 	chunk_size: 1G 	num_reg: 10  	lose cover RAM: 1024G
[    0.003271]  gran_size: 64K 	chunk_size: 2G 	num_reg: 10  	lose cover RAM: 1024G
[    0.003272]  gran_size: 128K 	chunk_size: 128K 	num_reg: 10  	lose cover RAM: 2016G
[    0.003274]  gran_size: 128K 	chunk_size: 256K 	num_reg: 10  	lose cover RAM: 2016G
[    0.003275]  gran_size: 128K 	chunk_size: 512K 	num_reg: 10  	lose cover RAM: 2016G
[    0.003276]  gran_size: 128K 	chunk_size: 1M 	num_reg: 10  	lose cover RAM: 2016G
[    0.003277]  gran_size: 128K 	chunk_size: 2M 	num_reg: 10  	lose cover RAM: 2016G
[    0.003279]  gran_size: 128K 	chunk_size: 4M 	num_reg: 10  	lose cover RAM: 2016G
[    0.003280]  gran_size: 128K 	chunk_size: 8M 	num_reg: 10  	lose cover RAM: 2016G
[    0.003281]  gran_size: 128K 	chunk_size: 16M 	num_reg: 10  	lose cover RAM: 2016G
[    0.003282]  gran_size: 128K 	chunk_size: 32M 	num_reg: 10  	lose cover RAM: 1024G
[    0.003284]  gran_size: 128K 	chunk_size: 64M 	num_reg: 10  	lose cover RAM: 1024G
[    0.003285]  gran_size: 128K 	chunk_size: 128M 	num_reg: 10  	lose cover RAM: 1024G
[    0.003286]  gran_size: 128K 	chunk_size: 256M 	num_reg: 10  	lose cover RAM: 1024G
[    0.003287]  gran_size: 128K 	chunk_size: 512M 	num_reg: 10  	lose cover RAM: 1024G
[    0.003289]  gran_size: 128K 	chunk_size: 1G 	num_reg: 10  	lose cover RAM: 1024G
[    0.003290]  gran_size: 128K 	chunk_size: 2G 	num_reg: 10  	lose cover RAM: 1024G
[    0.003291]  gran_size: 256K 	chunk_size: 256K 	num_reg: 10  	lose cover RAM: 2016G
[    0.003292]  gran_size: 256K 	chunk_size: 512K 	num_reg: 10  	lose cover RAM: 2016G
[    0.003294]  gran_size: 256K 	chunk_size: 1M 	num_reg: 10  	lose cover RAM: 2016G
[    0.003295]  gran_size: 256K 	chunk_size: 2M 	num_reg: 10  	lose cover RAM: 2016G
[    0.003296]  gran_size: 256K 	chunk_size: 4M 	num_reg: 10  	lose cover RAM: 2016G
[    0.003297]  gran_size: 256K 	chunk_size: 8M 	num_reg: 10  	lose cover RAM: 2016G
[    0.003299]  gran_size: 256K 	chunk_size: 16M 	num_reg: 10  	lose cover RAM: 2016G
[    0.003300]  gran_size: 256K 	chunk_size: 32M 	num_reg: 10  	lose cover RAM: 1024G
[    0.003301]  gran_size: 256K 	chunk_size: 64M 	num_reg: 10  	lose cover RAM: 1024G
[    0.003302]  gran_size: 256K 	chunk_size: 128M 	num_reg: 10  	lose cover RAM: 1024G
[    0.003304]  gran_size: 256K 	chunk_size: 256M 	num_reg: 10  	lose cover RAM: 1024G
[    0.003305]  gran_size: 256K 	chunk_size: 512M 	num_reg: 10  	lose cover RAM: 1024G
[    0.003306]  gran_size: 256K 	chunk_size: 1G 	num_reg: 10  	lose cover RAM: 1024G
[    0.003307]  gran_size: 256K 	chunk_size: 2G 	num_reg: 10  	lose cover RAM: 1024G
[    0.003309]  gran_size: 512K 	chunk_size: 512K 	num_reg: 10  	lose cover RAM: 2016G
[    0.003310]  gran_size: 512K 	chunk_size: 1M 	num_reg: 10  	lose cover RAM: 2016G
[    0.003311]  gran_size: 512K 	chunk_size: 2M 	num_reg: 10  	lose cover RAM: 2016G
[    0.003313]  gran_size: 512K 	chunk_size: 4M 	num_reg: 10  	lose cover RAM: 2016G
[    0.003314]  gran_size: 512K 	chunk_size: 8M 	num_reg: 10  	lose cover RAM: 2016G
[    0.003316]  gran_size: 512K 	chunk_size: 16M 	num_reg: 10  	lose cover RAM: 2016G
[    0.003317]  gran_size: 512K 	chunk_size: 32M 	num_reg: 10  	lose cover RAM: 1024G
[    0.003318]  gran_size: 512K 	chunk_size: 64M 	num_reg: 10  	lose cover RAM: 1024G
[    0.003320]  gran_size: 512K 	chunk_size: 128M 	num_reg: 10  	lose cover RAM: 1024G
[    0.003321]  gran_size: 512K 	chunk_size: 256M 	num_reg: 10  	lose cover RAM: 1024G
[    0.003323]  gran_size: 512K 	chunk_size: 512M 	num_reg: 10  	lose cover RAM: 1024G
[    0.003324]  gran_size: 512K 	chunk_size: 1G 	num_reg: 10  	lose cover RAM: 1024G
[    0.003325]  gran_size: 512K 	chunk_size: 2G 	num_reg: 10  	lose cover RAM: 1024G
[    0.003327]  gran_size: 1M 	chunk_size: 1M 	num_reg: 10  	lose cover RAM: 2016G
[    0.003328]  gran_size: 1M 	chunk_size: 2M 	num_reg: 10  	lose cover RAM: 2016G
[    0.003329]  gran_size: 1M 	chunk_size: 4M 	num_reg: 10  	lose cover RAM: 2016G
[    0.003330]  gran_size: 1M 	chunk_size: 8M 	num_reg: 10  	lose cover RAM: 2016G
[    0.003332]  gran_size: 1M 	chunk_size: 16M 	num_reg: 10  	lose cover RAM: 2016G
[    0.003333]  gran_size: 1M 	chunk_size: 32M 	num_reg: 10  	lose cover RAM: 1024G
[    0.003334]  gran_size: 1M 	chunk_size: 64M 	num_reg: 10  	lose cover RAM: 1024G
[    0.003335]  gran_size: 1M 	chunk_size: 128M 	num_reg: 10  	lose cover RAM: 1024G
[    0.003337]  gran_size: 1M 	chunk_size: 256M 	num_reg: 10  	lose cover RAM: 1024G
[    0.003338]  gran_size: 1M 	chunk_size: 512M 	num_reg: 10  	lose cover RAM: 1024G
[    0.003339]  gran_size: 1M 	chunk_size: 1G 	num_reg: 10  	lose cover RAM: 1024G
[    0.003340]  gran_size: 1M 	chunk_size: 2G 	num_reg: 10  	lose cover RAM: 1024G
[    0.003342]  gran_size: 2M 	chunk_size: 2M 	num_reg: 10  	lose cover RAM: 2016G
[    0.003343]  gran_size: 2M 	chunk_size: 4M 	num_reg: 10  	lose cover RAM: 2016G
[    0.003344]  gran_size: 2M 	chunk_size: 8M 	num_reg: 10  	lose cover RAM: 2016G
[    0.003345]  gran_size: 2M 	chunk_size: 16M 	num_reg: 10  	lose cover RAM: 2016G
[    0.003346]  gran_size: 2M 	chunk_size: 32M 	num_reg: 10  	lose cover RAM: 1024G
[    0.003348]  gran_size: 2M 	chunk_size: 64M 	num_reg: 10  	lose cover RAM: 1024G
[    0.003349]  gran_size: 2M 	chunk_size: 128M 	num_reg: 10  	lose cover RAM: 1024G
[    0.003350]  gran_size: 2M 	chunk_size: 256M 	num_reg: 10  	lose cover RAM: 1024G
[    0.003351]  gran_size: 2M 	chunk_size: 512M 	num_reg: 10  	lose cover RAM: 1024G
[    0.003353]  gran_size: 2M 	chunk_size: 1G 	num_reg: 10  	lose cover RAM: 1024G
[    0.003354]  gran_size: 2M 	chunk_size: 2G 	num_reg: 10  	lose cover RAM: 1024G
[    0.003355]  gran_size: 4M 	chunk_size: 4M 	num_reg: 10  	lose cover RAM: 2016G
[    0.003356]  gran_size: 4M 	chunk_size: 8M 	num_reg: 10  	lose cover RAM: 2016G
[    0.003358]  gran_size: 4M 	chunk_size: 16M 	num_reg: 10  	lose cover RAM: 2016G
[    0.003359]  gran_size: 4M 	chunk_size: 32M 	num_reg: 10  	lose cover RAM: 1024G
[    0.003360]  gran_size: 4M 	chunk_size: 64M 	num_reg: 10  	lose cover RAM: 1024G
[    0.003361]  gran_size: 4M 	chunk_size: 128M 	num_reg: 10  	lose cover RAM: 1024G
[    0.003363]  gran_size: 4M 	chunk_size: 256M 	num_reg: 10  	lose cover RAM: 1024G
[    0.003364]  gran_size: 4M 	chunk_size: 512M 	num_reg: 10  	lose cover RAM: 1024G
[    0.003365]  gran_size: 4M 	chunk_size: 1G 	num_reg: 10  	lose cover RAM: 1024G
[    0.003366]  gran_size: 4M 	chunk_size: 2G 	num_reg: 10  	lose cover RAM: 1024G
[    0.003367]  gran_size: 8M 	chunk_size: 8M 	num_reg: 10  	lose cover RAM: 2016G
[    0.003369]  gran_size: 8M 	chunk_size: 16M 	num_reg: 10  	lose cover RAM: 2016G
[    0.003370]  gran_size: 8M 	chunk_size: 32M 	num_reg: 10  	lose cover RAM: 1024G
[    0.003371]  gran_size: 8M 	chunk_size: 64M 	num_reg: 10  	lose cover RAM: 1024G
[    0.003373]  gran_size: 8M 	chunk_size: 128M 	num_reg: 10  	lose cover RAM: 1024G
[    0.003374]  gran_size: 8M 	chunk_size: 256M 	num_reg: 10  	lose cover RAM: 1024G
[    0.003375]  gran_size: 8M 	chunk_size: 512M 	num_reg: 10  	lose cover RAM: 1024G
[    0.003377]  gran_size: 8M 	chunk_size: 1G 	num_reg: 10  	lose cover RAM: 1024G
[    0.003379]  gran_size: 8M 	chunk_size: 2G 	num_reg: 10  	lose cover RAM: 1024G
[    0.003380]  gran_size: 16M 	chunk_size: 16M 	num_reg: 10  	lose cover RAM: 2016G
[    0.003382]  gran_size: 16M 	chunk_size: 32M 	num_reg: 10  	lose cover RAM: 1024G
[    0.003383]  gran_size: 16M 	chunk_size: 64M 	num_reg: 10  	lose cover RAM: 1024G
[    0.003385]  gran_size: 16M 	chunk_size: 128M 	num_reg: 10  	lose cover RAM: 1024G
[    0.003386]  gran_size: 16M 	chunk_size: 256M 	num_reg: 10  	lose cover RAM: 1024G
[    0.003387]  gran_size: 16M 	chunk_size: 512M 	num_reg: 10  	lose cover RAM: 1024G
[    0.003388]  gran_size: 16M 	chunk_size: 1G 	num_reg: 10  	lose cover RAM: 1024G
[    0.003390]  gran_size: 16M 	chunk_size: 2G 	num_reg: 10  	lose cover RAM: 1024G
[    0.003391]  gran_size: 32M 	chunk_size: 32M 	num_reg: 10  	lose cover RAM: 2031632M
[    0.003392]  gran_size: 32M 	chunk_size: 64M 	num_reg: 10  	lose cover RAM: 1048592M
[    0.003394]  gran_size: 32M 	chunk_size: 128M 	num_reg: 10  	lose cover RAM: 1048592M
[    0.003395]  gran_size: 32M 	chunk_size: 256M 	num_reg: 10  	lose cover RAM: 1048592M
[    0.003396]  gran_size: 32M 	chunk_size: 512M 	num_reg: 10  	lose cover RAM: 1048592M
[    0.003397]  gran_size: 32M 	chunk_size: 1G 	num_reg: 10  	lose cover RAM: 1048592M
[    0.003399]  gran_size: 32M 	chunk_size: 2G 	num_reg: 10  	lose cover RAM: 1048592M
[    0.003400]  gran_size: 64M 	chunk_size: 64M 	num_reg: 10  	lose cover RAM: 1966128M
[    0.003401]  gran_size: 64M 	chunk_size: 128M 	num_reg: 10  	lose cover RAM: 1048624M
[    0.003403]  gran_size: 64M 	chunk_size: 256M 	num_reg: 10  	lose cover RAM: 1048624M
[    0.003404]  gran_size: 64M 	chunk_size: 512M 	num_reg: 10  	lose cover RAM: 1048624M
[    0.003405]  gran_size: 64M 	chunk_size: 1G 	num_reg: 10  	lose cover RAM: 1048624M
[    0.003406]  gran_size: 64M 	chunk_size: 2G 	num_reg: 10  	lose cover RAM: 1048624M
[    0.003408]  gran_size: 128M 	chunk_size: 128M 	num_reg: 10  	lose cover RAM: 1835120M
[    0.003409]  gran_size: 128M 	chunk_size: 256M 	num_reg: 10  	lose cover RAM: 1048688M
[    0.003410]  gran_size: 128M 	chunk_size: 512M 	num_reg: 10  	lose cover RAM: 1048688M
[    0.003411]  gran_size: 128M 	chunk_size: 1G 	num_reg: 10  	lose cover RAM: 1048688M
[    0.003413]  gran_size: 128M 	chunk_size: 2G 	num_reg: 10  	lose cover RAM: 1048688M
[    0.003414]  gran_size: 256M 	chunk_size: 256M 	num_reg: 10  	lose cover RAM: 1573104M
[    0.003415]  gran_size: 256M 	chunk_size: 512M 	num_reg: 10  	lose cover RAM: 1048816M
[    0.003416]  gran_size: 256M 	chunk_size: 1G 	num_reg: 10  	lose cover RAM: 1048816M
[    0.003418]  gran_size: 256M 	chunk_size: 2G 	num_reg: 10  	lose cover RAM: 1048816M
[    0.003419]  gran_size: 512M 	chunk_size: 512M 	num_reg: 10  	lose cover RAM: 1049072M
[    0.003420]  gran_size: 512M 	chunk_size: 1G 	num_reg: 10  	lose cover RAM: 1049072M
[    0.003421]  gran_size: 512M 	chunk_size: 2G 	num_reg: 10  	lose cover RAM: 1049072M
[    0.003423]  gran_size: 1G 	chunk_size: 1G 	num_reg: 10  	lose cover RAM: 1008M
[    0.003424]  gran_size: 1G 	chunk_size: 2G 	num_reg: 10  	lose cover RAM: 1008M
[    0.003425]  gran_size: 2G 	chunk_size: 2G 	num_reg: 9  	lose cover RAM: 2032M
[    0.003427] mtrr_cleanup: can not find optimal value
[    0.003427] please specify mtrr_gran_size/mtrr_chunk_size
[    0.003429] e820: update [mem 0x7f000000-0xffffffff] usable ==> reserved
[    0.003433] x2apic: enabled by BIOS, switching to x2apic ops
[    0.003433] last_pfn = 0x6f800 max_arch_pfn = 0x400000000
[    0.014906] Using GB pages for direct mapping
[    0.015633] Secure boot disabled
[    0.015633] RAMDISK: [mem 0x2063d6a000-0x207fffffff]
[    0.015639] ACPI: Early table checksum verification disabled
[    0.015642] ACPI: RSDP 0x000000006F7FE014 000024 (v02 DELL  )
[    0.015646] ACPI: XSDT 0x000000006F41C188 0000F4 (v01 DELL   PE_SC3   00000000 DELL 01000013)
[    0.015651] ACPI: FACP 0x000000006F430000 000114 (v06 DELL   PE_SC3   00000000 DELL 00000001)
[    0.015656] ACPI: DSDT 0x000000004B4CE000 07FAD3 (v02 DELL   PE_SC3   00000003 DELL 00000001)
[    0.015660] ACPI: FACS 0x000000006F2F2000 000040
[    0.015663] ACPI: SSDT 0x000000006F7FB000 00159A (v02 INTEL  RAS_ACPI 00000001 INTL 20210331)
[    0.015667] ACPI: SSDT 0x000000006F7FA000 000745 (v02 INTEL  ADDRXLAT 00000001 INTL 20210331)
[    0.015670] ACPI: MCEJ 0x000000006F7F9000 000130 (v01 INTEL           00000001 INTL 0100000D)
[    0.015673] ACPI: BERT 0x000000006F7F8000 000030 (v01 DELL   PE_SC3   00000001 INTL 00000001)
[    0.015676] ACPI: ERST 0x000000006F7F7000 000230 (v01 DELL   PE_SC3   00000001 INTL 00000001)
[    0.015680] ACPI: SSDT 0x000000006F431000 3C524E (v02 INTEL  SSDTNVDR 00001000 INTL 20210331)
[    0.015683] ACPI: HMAT 0x000000006F42F000 000210 (v01 DELL   PE_SC3   00000001 DELL 00000001)
[    0.015686] ACPI: HPET 0x000000006F42E000 000038 (v01 DELL   PE_SC3   00000001 DELL 00000001)
[    0.015689] ACPI: MCFG 0x000000006F42D000 00003C (v01 DELL   PE_SC3   00000001 DELL 00000001)
[    0.015693] ACPI: MIGT 0x000000006F42C000 000040 (v01 DELL   PE_SC3   00000000 DELL 00000001)
[    0.015696] ACPI: MSCT 0x000000006F42B000 000090 (v01 DELL   PE_SC3   00000001 DELL 00000001)
[    0.015699] ACPI: PMTT 0x000000006F429000 0011E8 (v02 DELL   PE_SC3   00000001 DELL 00000001)
[    0.015702] ACPI: WSMT 0x000000006F428000 000028 (v01 DELL   PE_SC3   00000000 DELL 00000001)
[    0.015705] ACPI: APIC 0x000000006F427000 00075E (v04 DELL   PE_SC3   00000000 DELL 00000001)
[    0.015709] ACPI: SLIT 0x000000006F426000 00003C (v01 DELL   PE_SC3   00000001 DELL 01000013)
[    0.015712] ACPI: SRAT 0x000000006F41F000 006430 (v03 DELL   PE_SC3   00000002 DELL 01000013)
[    0.015715] ACPI: OEM4 0x000000004B346000 187A61 (v02 INTEL  CPU  CST 00003000 INTL 20210331)
[    0.015719] ACPI: SSDT 0x000000004B2CF000 0764A5 (v02 INTEL  SSDT  PM 00004000 INTL 20210331)
[    0.015722] ACPI: SSDT 0x000000006F41E000 000A1F (v02 DELL   PE_SC3   00000000 DELL 00000001)
[    0.015725] ACPI: HEST 0x000000006F41D000 00017C (v01 DELL   PE_SC3   00000001 INTL 00000001)
[    0.015728] ACPI: PCAT 0x000000006F41B000 00010C (v19 DELL   PE_SC3   00000002 DELL 00000001)
[    0.015732] ACPI: SSDT 0x000000006F413000 007299 (v02 INTEL  SpsNm    00000002 INTL 20210331)
[    0.015735] ACPI: SSDT 0x000000006F412000 000426 (v02 DELL   PE_SC3   00000002 DELL 00000001)
[    0.015738] ACPI: NFIT 0x000000006F7FD000 000488 (v01 DELL   PE_SC3   00000002 DELL 00000001)
[    0.015741] ACPI: DMAR 0x000000006F411000 000158 (v01 DELL   PE_SC3   00000001 DELL 00000001)
[    0.015744] ACPI: Reserving FACP table memory at [mem 0x6f430000-0x6f430113]
[    0.015745] ACPI: Reserving DSDT table memory at [mem 0x4b4ce000-0x4b54dad2]
[    0.015746] ACPI: Reserving FACS table memory at [mem 0x6f2f2000-0x6f2f203f]
[    0.015747] ACPI: Reserving SSDT table memory at [mem 0x6f7fb000-0x6f7fc599]
[    0.015748] ACPI: Reserving SSDT table memory at [mem 0x6f7fa000-0x6f7fa744]
[    0.015749] ACPI: Reserving MCEJ table memory at [mem 0x6f7f9000-0x6f7f912f]
[    0.015750] ACPI: Reserving BERT table memory at [mem 0x6f7f8000-0x6f7f802f]
[    0.015751] ACPI: Reserving ERST table memory at [mem 0x6f7f7000-0x6f7f722f]
[    0.015752] ACPI: Reserving SSDT table memory at [mem 0x6f431000-0x6f7f624d]
[    0.015752] ACPI: Reserving HMAT table memory at [mem 0x6f42f000-0x6f42f20f]
[    0.015753] ACPI: Reserving HPET table memory at [mem 0x6f42e000-0x6f42e037]
[    0.015754] ACPI: Reserving MCFG table memory at [mem 0x6f42d000-0x6f42d03b]
[    0.015755] ACPI: Reserving MIGT table memory at [mem 0x6f42c000-0x6f42c03f]
[    0.015756] ACPI: Reserving MSCT table memory at [mem 0x6f42b000-0x6f42b08f]
[    0.015757] ACPI: Reserving PMTT table memory at [mem 0x6f429000-0x6f42a1e7]
[    0.015758] ACPI: Reserving WSMT table memory at [mem 0x6f428000-0x6f428027]
[    0.015759] ACPI: Reserving APIC table memory at [mem 0x6f427000-0x6f42775d]
[    0.015760] ACPI: Reserving SLIT table memory at [mem 0x6f426000-0x6f42603b]
[    0.015760] ACPI: Reserving SRAT table memory at [mem 0x6f41f000-0x6f42542f]
[    0.015761] ACPI: Reserving OEM4 table memory at [mem 0x4b346000-0x4b4cda60]
[    0.015762] ACPI: Reserving SSDT table memory at [mem 0x4b2cf000-0x4b3454a4]
[    0.015763] ACPI: Reserving SSDT table memory at [mem 0x6f41e000-0x6f41ea1e]
[    0.015764] ACPI: Reserving HEST table memory at [mem 0x6f41d000-0x6f41d17b]
[    0.015765] ACPI: Reserving PCAT table memory at [mem 0x6f41b000-0x6f41b10b]
[    0.015766] ACPI: Reserving SSDT table memory at [mem 0x6f413000-0x6f41a298]
[    0.015767] ACPI: Reserving SSDT table memory at [mem 0x6f412000-0x6f412425]
[    0.015768] ACPI: Reserving NFIT table memory at [mem 0x6f7fd000-0x6f7fd487]
[    0.015769] ACPI: Reserving DMAR table memory at [mem 0x6f411000-0x6f411157]
[    0.015780] Setting APIC routing to cluster x2apic.
[    0.015829] SRAT: PXM 0 -> APIC 0x0000 -> Node 0
[    0.015830] SRAT: PXM 0 -> APIC 0x0001 -> Node 0
[    0.015831] SRAT: PXM 0 -> APIC 0x0002 -> Node 0
[    0.015831] SRAT: PXM 0 -> APIC 0x0003 -> Node 0
[    0.015832] SRAT: PXM 0 -> APIC 0x0004 -> Node 0
[    0.015833] SRAT: PXM 0 -> APIC 0x0005 -> Node 0
[    0.015833] SRAT: PXM 0 -> APIC 0x0006 -> Node 0
[    0.015834] SRAT: PXM 0 -> APIC 0x0007 -> Node 0
[    0.015835] SRAT: PXM 0 -> APIC 0x0008 -> Node 0
[    0.015835] SRAT: PXM 0 -> APIC 0x0009 -> Node 0
[    0.015836] SRAT: PXM 0 -> APIC 0x000a -> Node 0
[    0.015837] SRAT: PXM 0 -> APIC 0x000b -> Node 0
[    0.015837] SRAT: PXM 0 -> APIC 0x000c -> Node 0
[    0.015838] SRAT: PXM 0 -> APIC 0x000d -> Node 0
[    0.015838] SRAT: PXM 0 -> APIC 0x000e -> Node 0
[    0.015839] SRAT: PXM 0 -> APIC 0x000f -> Node 0
[    0.015840] SRAT: PXM 0 -> APIC 0x0010 -> Node 0
[    0.015840] SRAT: PXM 0 -> APIC 0x0011 -> Node 0
[    0.015841] SRAT: PXM 0 -> APIC 0x0012 -> Node 0
[    0.015842] SRAT: PXM 0 -> APIC 0x0013 -> Node 0
[    0.015842] SRAT: PXM 0 -> APIC 0x0014 -> Node 0
[    0.015843] SRAT: PXM 0 -> APIC 0x0015 -> Node 0
[    0.015844] SRAT: PXM 0 -> APIC 0x0016 -> Node 0
[    0.015844] SRAT: PXM 0 -> APIC 0x0017 -> Node 0
[    0.015845] SRAT: PXM 0 -> APIC 0x0018 -> Node 0
[    0.015845] SRAT: PXM 0 -> APIC 0x0019 -> Node 0
[    0.015846] SRAT: PXM 0 -> APIC 0x001a -> Node 0
[    0.015847] SRAT: PXM 0 -> APIC 0x001b -> Node 0
[    0.015847] SRAT: PXM 0 -> APIC 0x001c -> Node 0
[    0.015848] SRAT: PXM 0 -> APIC 0x001d -> Node 0
[    0.015849] SRAT: PXM 0 -> APIC 0x001e -> Node 0
[    0.015849] SRAT: PXM 0 -> APIC 0x001f -> Node 0
[    0.015850] SRAT: PXM 0 -> APIC 0x0020 -> Node 0
[    0.015850] SRAT: PXM 0 -> APIC 0x0021 -> Node 0
[    0.015851] SRAT: PXM 0 -> APIC 0x0022 -> Node 0
[    0.015852] SRAT: PXM 0 -> APIC 0x0023 -> Node 0
[    0.015852] SRAT: PXM 0 -> APIC 0x0024 -> Node 0
[    0.015853] SRAT: PXM 0 -> APIC 0x0025 -> Node 0
[    0.015854] SRAT: PXM 0 -> APIC 0x0026 -> Node 0
[    0.015854] SRAT: PXM 0 -> APIC 0x0027 -> Node 0
[    0.015855] SRAT: PXM 0 -> APIC 0x0028 -> Node 0
[    0.015856] SRAT: PXM 0 -> APIC 0x0029 -> Node 0
[    0.015856] SRAT: PXM 0 -> APIC 0x002a -> Node 0
[    0.015857] SRAT: PXM 0 -> APIC 0x002b -> Node 0
[    0.015857] SRAT: PXM 0 -> APIC 0x002c -> Node 0
[    0.015858] SRAT: PXM 0 -> APIC 0x002d -> Node 0
[    0.015859] SRAT: PXM 0 -> APIC 0x002e -> Node 0
[    0.015859] SRAT: PXM 0 -> APIC 0x002f -> Node 0
[    0.015860] SRAT: PXM 0 -> APIC 0x0030 -> Node 0
[    0.015861] SRAT: PXM 0 -> APIC 0x0031 -> Node 0
[    0.015861] SRAT: PXM 0 -> APIC 0x0032 -> Node 0
[    0.015862] SRAT: PXM 0 -> APIC 0x0033 -> Node 0
[    0.015862] SRAT: PXM 0 -> APIC 0x0034 -> Node 0
[    0.015863] SRAT: PXM 0 -> APIC 0x0035 -> Node 0
[    0.015864] SRAT: PXM 0 -> APIC 0x0036 -> Node 0
[    0.015864] SRAT: PXM 0 -> APIC 0x0037 -> Node 0
[    0.015865] SRAT: PXM 1 -> APIC 0x0080 -> Node 1
[    0.015866] SRAT: PXM 1 -> APIC 0x0081 -> Node 1
[    0.015866] SRAT: PXM 1 -> APIC 0x0082 -> Node 1
[    0.015867] SRAT: PXM 1 -> APIC 0x0083 -> Node 1
[    0.015868] SRAT: PXM 1 -> APIC 0x0084 -> Node 1
[    0.015868] SRAT: PXM 1 -> APIC 0x0085 -> Node 1
[    0.015869] SRAT: PXM 1 -> APIC 0x0086 -> Node 1
[    0.015869] SRAT: PXM 1 -> APIC 0x0087 -> Node 1
[    0.015870] SRAT: PXM 1 -> APIC 0x0088 -> Node 1
[    0.015871] SRAT: PXM 1 -> APIC 0x0089 -> Node 1
[    0.015871] SRAT: PXM 1 -> APIC 0x008a -> Node 1
[    0.015872] SRAT: PXM 1 -> APIC 0x008b -> Node 1
[    0.015873] SRAT: PXM 1 -> APIC 0x008c -> Node 1
[    0.015873] SRAT: PXM 1 -> APIC 0x008d -> Node 1
[    0.015874] SRAT: PXM 1 -> APIC 0x008e -> Node 1
[    0.015874] SRAT: PXM 1 -> APIC 0x008f -> Node 1
[    0.015875] SRAT: PXM 1 -> APIC 0x0090 -> Node 1
[    0.015876] SRAT: PXM 1 -> APIC 0x0091 -> Node 1
[    0.015876] SRAT: PXM 1 -> APIC 0x0092 -> Node 1
[    0.015877] SRAT: PXM 1 -> APIC 0x0093 -> Node 1
[    0.015878] SRAT: PXM 1 -> APIC 0x0094 -> Node 1
[    0.015878] SRAT: PXM 1 -> APIC 0x0095 -> Node 1
[    0.015879] SRAT: PXM 1 -> APIC 0x0096 -> Node 1
[    0.015880] SRAT: PXM 1 -> APIC 0x0097 -> Node 1
[    0.015880] SRAT: PXM 1 -> APIC 0x0098 -> Node 1
[    0.015881] SRAT: PXM 1 -> APIC 0x0099 -> Node 1
[    0.015881] SRAT: PXM 1 -> APIC 0x009a -> Node 1
[    0.015882] SRAT: PXM 1 -> APIC 0x009b -> Node 1
[    0.015883] SRAT: PXM 1 -> APIC 0x009c -> Node 1
[    0.015883] SRAT: PXM 1 -> APIC 0x009d -> Node 1
[    0.015884] SRAT: PXM 1 -> APIC 0x009e -> Node 1
[    0.015885] SRAT: PXM 1 -> APIC 0x009f -> Node 1
[    0.015885] SRAT: PXM 1 -> APIC 0x00a0 -> Node 1
[    0.015886] SRAT: PXM 1 -> APIC 0x00a1 -> Node 1
[    0.015886] SRAT: PXM 1 -> APIC 0x00a2 -> Node 1
[    0.015887] SRAT: PXM 1 -> APIC 0x00a3 -> Node 1
[    0.015888] SRAT: PXM 1 -> APIC 0x00a4 -> Node 1
[    0.015888] SRAT: PXM 1 -> APIC 0x00a5 -> Node 1
[    0.015889] SRAT: PXM 1 -> APIC 0x00a6 -> Node 1
[    0.015890] SRAT: PXM 1 -> APIC 0x00a7 -> Node 1
[    0.015890] SRAT: PXM 1 -> APIC 0x00a8 -> Node 1
[    0.015891] SRAT: PXM 1 -> APIC 0x00a9 -> Node 1
[    0.015891] SRAT: PXM 1 -> APIC 0x00aa -> Node 1
[    0.015892] SRAT: PXM 1 -> APIC 0x00ab -> Node 1
[    0.015893] SRAT: PXM 1 -> APIC 0x00ac -> Node 1
[    0.015893] SRAT: PXM 1 -> APIC 0x00ad -> Node 1
[    0.015894] SRAT: PXM 1 -> APIC 0x00ae -> Node 1
[    0.015895] SRAT: PXM 1 -> APIC 0x00af -> Node 1
[    0.015895] SRAT: PXM 1 -> APIC 0x00b0 -> Node 1
[    0.015896] SRAT: PXM 1 -> APIC 0x00b1 -> Node 1
[    0.015896] SRAT: PXM 1 -> APIC 0x00b2 -> Node 1
[    0.015897] SRAT: PXM 1 -> APIC 0x00b3 -> Node 1
[    0.015898] SRAT: PXM 1 -> APIC 0x00b4 -> Node 1
[    0.015898] SRAT: PXM 1 -> APIC 0x00b5 -> Node 1
[    0.015899] SRAT: PXM 1 -> APIC 0x00b6 -> Node 1
[    0.015900] SRAT: PXM 1 -> APIC 0x00b7 -> Node 1
[    0.015913] ACPI: SRAT: Node 0 PXM 0 [mem 0x00000000-0x7fffffff]
[    0.015915] ACPI: SRAT: Node 0 PXM 0 [mem 0x100000000-0x107fffffff]
[    0.015916] ACPI: SRAT: Node 2 PXM 2 [mem 0x2080000000-0x9e7fffffff] non-volatile
[    0.015917] ACPI: SRAT: Node 1 PXM 1 [mem 0x1080000000-0x207fffffff]
[    0.015918] ACPI: SRAT: Node 3 PXM 3 [mem 0x9e80000000-0x11c7fffffff] non-volatile
[    0.015929] NUMA: Initialized distance table, cnt=4
[    0.015931] NUMA: Node 0 [mem 0x00000000-0x7fffffff] + [mem 0x100000000-0x107fffffff] -> [mem 0x00000000-0x107fffffff]
[    0.015941] NODE_DATA(0) allocated [mem 0x107ffd5000-0x107fffffff]
[    0.015958] NODE_DATA(1) allocated [mem 0x2063d3d000-0x2063d67fff]
[    0.016152] Zone ranges:
[    0.016153]   DMA      [mem 0x0000000000001000-0x0000000000ffffff]
[    0.016154]   DMA32    [mem 0x0000000001000000-0x00000000ffffffff]
[    0.016156]   Normal   [mem 0x0000000100000000-0x000000207fffffff]
[    0.016157]   Device   empty
[    0.016158] Movable zone start for each node
[    0.016162] Early memory node ranges
[    0.016162]   node   0: [mem 0x0000000000001000-0x000000000008efff]
[    0.016163]   node   0: [mem 0x0000000000090000-0x000000000009ffff]
[    0.016164]   node   0: [mem 0x0000000000100000-0x0000000049e76fff]
[    0.016165]   node   0: [mem 0x000000004ae77000-0x000000004b2cefff]
[    0.016166]   node   0: [mem 0x000000004b54e000-0x000000004bd93fff]
[    0.016167]   node   0: [mem 0x000000004be9a000-0x000000004cdfffff]
[    0.016168]   node   0: [mem 0x000000004d000000-0x000000005eefdfff]
[    0.016169]   node   0: [mem 0x000000006f7ff000-0x000000006f7fffff]
[    0.016169]   node   0: [mem 0x0000000100000000-0x00000003bfffffff]
[    0.016171]   node   0: [mem 0x0000001000000000-0x000000107fffffff]
[    0.016172]   node   1: [mem 0x0000001080000000-0x000000207fffffff]
[    0.016176] Initmem setup node 0 [mem 0x0000000000001000-0x000000107fffffff]
[    0.016179] Initmem setup node 1 [mem 0x0000001080000000-0x000000207fffffff]
[    0.016182] On node 0, zone DMA: 1 pages in unavailable ranges
[    0.016183] On node 0, zone DMA: 1 pages in unavailable ranges
[    0.016210] On node 0, zone DMA: 96 pages in unavailable ranges
[    0.018288] On node 0, zone DMA32: 4096 pages in unavailable ranges
[    0.018309] On node 0, zone DMA32: 639 pages in unavailable ranges
[    0.018342] On node 0, zone DMA32: 262 pages in unavailable ranges
[    0.018846] On node 0, zone DMA32: 512 pages in unavailable ranges
[    0.019125] On node 0, zone DMA32: 35073 pages in unavailable ranges
[    0.040980] On node 0, zone Normal: 2048 pages in unavailable ranges
[    0.175071] ACPI: PM-Timer IO Port: 0x508
[    0.175094] ACPI: X2APIC_NMI (uid[0xffffffff] high edge lint[0x1])
[    0.175098] ACPI: LAPIC_NMI (acpi_id[0xff] high edge lint[0x1])
[    0.175116] IOAPIC[0]: apic_id 8, version 32, address 0xfec00000, GSI 0-119
[    0.175120] ACPI: INT_SRC_OVR (bus 0 bus_irq 0 global_irq 2 dfl dfl)
[    0.175122] ACPI: INT_SRC_OVR (bus 0 bus_irq 9 global_irq 9 high level)
[    0.175126] ACPI: Using ACPI (MADT) for SMP configuration information
[    0.175128] ACPI: HPET id: 0x8086a701 base: 0xfed00000
[    0.175133] TSC deadline timer available
[    0.175135] smpboot: Allowing 112 CPUs, 0 hotplug CPUs
[    0.175165] PM: hibernation: Registered nosave memory: [mem 0x00000000-0x00000fff]
[    0.175167] PM: hibernation: Registered nosave memory: [mem 0x0008f000-0x0008ffff]
[    0.175169] PM: hibernation: Registered nosave memory: [mem 0x000a0000-0x000fffff]
[    0.175170] PM: hibernation: Registered nosave memory: [mem 0x46cc5000-0x46cc5fff]
[    0.175172] PM: hibernation: Registered nosave memory: [mem 0x46cf6000-0x46cf6fff]
[    0.175173] PM: hibernation: Registered nosave memory: [mem 0x46cf7000-0x46cf7fff]
[    0.175175] PM: hibernation: Registered nosave memory: [mem 0x46d29000-0x46d29fff]
[    0.175175] PM: hibernation: Registered nosave memory: [mem 0x46d2a000-0x46d2afff]
[    0.175177] PM: hibernation: Registered nosave memory: [mem 0x46d5c000-0x46d5cfff]
[    0.175178] PM: hibernation: Registered nosave memory: [mem 0x46d5d000-0x46d5dfff]
[    0.175179] PM: hibernation: Registered nosave memory: [mem 0x46d65000-0x46d65fff]
[    0.175181] PM: hibernation: Registered nosave memory: [mem 0x49e77000-0x4ae76fff]
[    0.175183] PM: hibernation: Registered nosave memory: [mem 0x4b2cf000-0x4b54dfff]
[    0.175184] PM: hibernation: Registered nosave memory: [mem 0x4bd94000-0x4be99fff]
[    0.175186] PM: hibernation: Registered nosave memory: [mem 0x4ce00000-0x4cffffff]
[    0.175188] PM: hibernation: Registered nosave memory: [mem 0x5eefe000-0x6e3fefff]
[    0.175188] PM: hibernation: Registered nosave memory: [mem 0x6e3ff000-0x6f3fefff]
[    0.175189] PM: hibernation: Registered nosave memory: [mem 0x6f3ff000-0x6f7fefff]
[    0.175191] PM: hibernation: Registered nosave memory: [mem 0x6f800000-0x8fffffff]
[    0.175192] PM: hibernation: Registered nosave memory: [mem 0x90000000-0xfdffffff]
[    0.175192] PM: hibernation: Registered nosave memory: [mem 0xfe000000-0xfe010fff]
[    0.175193] PM: hibernation: Registered nosave memory: [mem 0xfe011000-0xffffffff]
[    0.175195] PM: hibernation: Registered nosave memory: [mem 0x3c0000000-0xfffffffff]
[    0.175196] [mem 0x90000000-0xfdffffff] available for PCI devices
[    0.175198] Booting paravirtualized kernel on bare hardware
[    0.175201] clocksource: refined-jiffies: mask: 0xffffffff max_cycles: 0xffffffff, max_idle_ns: 7645519600211568 ns
[    0.175208] setup_percpu: NR_CPUS:8192 nr_cpumask_bits:112 nr_cpu_ids:112 nr_node_ids:4
[    0.180006] percpu: Embedded 61 pages/cpu s212992 r8192 d28672 u262144
[    0.180017] pcpu-alloc: s212992 r8192 d28672 u262144 alloc=1*2097152
[    0.180020] pcpu-alloc: [0] 000 002 004 006 008 010 012 014 
[    0.180026] pcpu-alloc: [0] 016 018 020 022 024 026 028 030 
[    0.180031] pcpu-alloc: [0] 032 034 036 038 040 042 044 046 
[    0.180035] pcpu-alloc: [0] 048 050 052 054 056 058 060 062 
[    0.180039] pcpu-alloc: [0] 064 066 068 070 072 074 076 078 
[    0.180043] pcpu-alloc: [0] 080 082 084 086 088 090 092 094 
[    0.180047] pcpu-alloc: [0] 096 098 100 102 104 106 108 110 
[    0.180051] pcpu-alloc: [1] 001 003 005 007 009 011 013 015 
[    0.180055] pcpu-alloc: [1] 017 019 021 023 025 027 029 031 
[    0.180059] pcpu-alloc: [1] 033 035 037 039 041 043 045 047 
[    0.180063] pcpu-alloc: [1] 049 051 053 055 057 059 061 063 
[    0.180067] pcpu-alloc: [1] 065 067 069 071 073 075 077 079 
[    0.180071] pcpu-alloc: [1] 081 083 085 087 089 091 093 095 
[    0.180075] pcpu-alloc: [1] 097 099 101 103 105 107 109 111 
[    0.180129] Built 2 zonelists, mobility grouping on.  Total pages: 20245780
[    0.180131] Policy zone: Normal
[    0.180133] Kernel command line: BOOT_IMAGE=/boot/vmlinuz-5.15.19-htmm root=UUID=ce0c24b8-724b-4f33-9b2c-618433560aef ro memmap=49G!15G quiet splash nomodeset vt.handoff=1
[    0.180243] You have booted with nomodeset. This means your GPU drivers are DISABLED
[    0.180244] Any video related functionality will be severely degraded, and you may not even be able to suspend the system properly
[    0.180244] Unless you actually understand what nomodeset does, you should reboot without enabling it
[    0.180266] Unknown kernel command line parameters "splash BOOT_IMAGE=/boot/vmlinuz-5.15.19-htmm", will be passed to user space.
[    0.180268] printk: log_buf_len individual max cpu contribution: 4096 bytes
[    0.180269] printk: log_buf_len total cpu_extra contributions: 454656 bytes
[    0.180270] printk: log_buf_len min size: 262144 bytes
[    0.181261] printk: log_buf_len: 1048576 bytes
[    0.181263] printk: early log buf free: 224064(85%)
[    0.183152] mem auto-init: stack:off, heap alloc:off, heap free:off
[    0.420605] Memory: 80262424K/82273376K available (14345K kernel code, 3463K rwdata, 5256K rodata, 2848K init, 5832K bss, 2010692K reserved, 0K cma-reserved)
[    0.420614] random: get_random_u64 called from __kmem_cache_create+0x2c/0x470 with crng_init=0
[    0.421167] SLUB: HWalign=64, Order=0-3, MinObjects=0, CPUs=112, Nodes=4
[    0.421195] ftrace: allocating 48123 entries in 188 pages
[    0.439372] ftrace: allocated 188 pages with 5 groups

[    0.439454] **********************************************************
[    0.439455] **   NOTICE NOTICE NOTICE NOTICE NOTICE NOTICE NOTICE   **
[    0.439455] **                                                      **
[    0.439456] ** trace_printk() being used. Allocating extra memory.  **
[    0.439456] **                                                      **
[    0.439457] ** This means that this is a DEBUG kernel and it is     **
[    0.439457] ** unsafe for production use.                           **
[    0.439458] **                                                      **
[    0.439458] ** If you see this message and you are not debugging    **
[    0.439459] ** the kernel, report this immediately to your vendor!  **
[    0.439459] **                                                      **
[    0.439460] **   NOTICE NOTICE NOTICE NOTICE NOTICE NOTICE NOTICE   **
[    0.439460] **********************************************************
[    0.440174] rcu: Hierarchical RCU implementation.
[    0.440175] rcu: 	RCU restricting CPUs from NR_CPUS=8192 to nr_cpu_ids=112.
[    0.440178] 	Rude variant of Tasks RCU enabled.
[    0.440179] 	Tracing variant of Tasks RCU enabled.
[    0.440179] rcu: RCU calculated value of scheduler-enlistment delay is 25 jiffies.
[    0.440180] rcu: Adjusting geometry for rcu_fanout_leaf=16, nr_cpu_ids=112
[    0.444025] NR_IRQS: 524544, nr_irqs: 2952, preallocated irqs: 16
[    0.444394] random: crng done (trusting CPU's manufacturer)
[    0.444513] Console: colour dummy device 80x25
[    0.444550] printk: console [tty0] enabled
[    0.444698] mempolicy: Enabling automatic NUMA balancing. Configure with numa_balancing= or the kernel.numa_balancing sysctl
[    0.444704] ACPI: Core revision 20210730
[    0.448124] clocksource: hpet: mask: 0xffffffff max_cycles: 0xffffffff, max_idle_ns: 79635855245 ns
[    0.448171] APIC: Switch to symmetric I/O mode setup
[    0.448174] DMAR: Host address width 46
[    0.448175] DMAR: DRHD base: 0x000000d0ffc000 flags: 0x0
[    0.448181] DMAR: dmar0: reg_base_addr d0ffc000 ver 4:0 cap 8ed008c40780466 ecap 60000f050df
[    0.448183] DMAR: DRHD base: 0x000000dbbfc000 flags: 0x0
[    0.448186] DMAR: dmar1: reg_base_addr dbbfc000 ver 4:0 cap 8ed008c40780466 ecap 60000f050df
[    0.448188] DMAR: DRHD base: 0x000000e67fc000 flags: 0x0
[    0.448191] DMAR: dmar2: reg_base_addr e67fc000 ver 4:0 cap 8ed008c40780466 ecap 60000f050df
[    0.448193] DMAR: DRHD base: 0x000000f13fc000 flags: 0x0
[    0.448195] DMAR: dmar3: reg_base_addr f13fc000 ver 4:0 cap 8ed008c40780466 ecap 60000f050df
[    0.448198] DMAR: DRHD base: 0x000000fb7fc000 flags: 0x0
[    0.448200] DMAR: dmar4: reg_base_addr fb7fc000 ver 4:0 cap 8ed008c40780466 ecap 60000f050df
[    0.448202] DMAR: DRHD base: 0x000000a63fc000 flags: 0x0
[    0.448205] DMAR: dmar5: reg_base_addr a63fc000 ver 4:0 cap 8ed008c40780466 ecap 60000f050df
[    0.448206] DMAR: DRHD base: 0x000000b0ffc000 flags: 0x0
[    0.448209] DMAR: dmar6: reg_base_addr b0ffc000 ver 4:0 cap 8ed008c40780466 ecap 60000f050df
[    0.448210] DMAR: DRHD base: 0x000000bbbfc000 flags: 0x0
[    0.448214] DMAR: dmar7: reg_base_addr bbbfc000 ver 4:0 cap 8ed008c40780466 ecap 60000f050df
[    0.448216] DMAR: DRHD base: 0x000000c5ffc000 flags: 0x0
[    0.448219] DMAR: dmar8: reg_base_addr c5ffc000 ver 4:0 cap 8ed008c40780466 ecap 60000f050df
[    0.448220] DMAR: DRHD base: 0x0000009b7fc000 flags: 0x1
[    0.448223] DMAR: dmar9: reg_base_addr 9b7fc000 ver 4:0 cap 8ed008c40780466 ecap 60000f050df
[    0.448225] DMAR: RMRR base: 0x00000069427000 end: 0x00000069429fff
[    0.448226] DMAR: ATSR flags: 0x0
[    0.448229] DMAR-IR: IOAPIC id 8 under DRHD base  0x9b7fc000 IOMMU 9
[    0.448231] DMAR-IR: HPET id 0 under DRHD base 0x9b7fc000
[    0.448232] DMAR-IR: Queued invalidation will be enabled to support x2apic and Intr-remapping.
[    0.451165] DMAR-IR: Enabled IRQ remapping in x2apic mode
[    0.453834] ..TIMER: vector=0x30 apic1=0 pin1=2 apic2=-1 pin2=-1
[    0.472099] clocksource: tsc-early: mask: 0xffffffffffffffff max_cycles: 0x39a85c9bff6, max_idle_ns: 881590591483 ns
[    0.472106] Calibrating delay loop (skipped), value calculated using timer frequency.. 4000.00 BogoMIPS (lpj=8000000)
[    0.472109] pid_max: default: 114688 minimum: 896
[    0.475833] LSM: Security Framework initializing
[    0.475861] Yama: becoming mindful.
[    0.475904] AppArmor: AppArmor initialized
[    0.484989] Dentry cache hash table entries: 8388608 (order: 14, 67108864 bytes, vmalloc)
[    0.489529] Inode-cache hash table entries: 4194304 (order: 13, 33554432 bytes, vmalloc)
[    0.489709] Mount-cache hash table entries: 131072 (order: 8, 1048576 bytes, vmalloc)
[    0.489853] Mountpoint-cache hash table entries: 131072 (order: 8, 1048576 bytes, vmalloc)
[    0.490470] x86/tme: not enabled by BIOS
[    0.490480] CPU0: Thermal monitoring enabled (TM1)
[    0.490482] x86/cpu: User Mode Instruction Prevention (UMIP) activated
[    0.490716] process: using mwait in idle threads
[    0.490719] Last level iTLB entries: 4KB 0, 2MB 0, 4MB 0
[    0.490720] Last level dTLB entries: 4KB 0, 2MB 0, 4MB 0, 1GB 0
[    0.490727] Spectre V1 : Mitigation: usercopy/swapgs barriers and __user pointer sanitization
[    0.490729] Spectre V2 : Mitigation: Enhanced IBRS
[    0.490730] Spectre V2 : Spectre v2 / SpectreRSB mitigation: Filling RSB on context switch
[    0.490732] Spectre V2 : mitigation: Enabling conditional Indirect Branch Prediction Barrier
[    0.490733] Speculative Store Bypass: Mitigation: Speculative Store Bypass disabled via prctl and seccomp
[    0.498086] Freeing SMP alternatives memory: 40K
[    0.500242] smpboot: Estimated ratio of average max frequency by base frequency (times 1024): 1433
[    0.500258] smpboot: CPU0: Intel(R) Xeon(R) Gold 6330 CPU @ 2.00GHz (family: 0x6, model: 0x6a, stepping: 0x6)
[    0.500488] Performance Events: PEBS fmt4+-baseline,  AnyThread deprecated, Icelake events, 32-deep LBR, full-width counters, Intel PMU driver.
[    0.500520] ... version:                5
[    0.500520] ... bit width:              48
[    0.500521] ... generic registers:      8
[    0.500522] ... value mask:             0000ffffffffffff
[    0.500523] ... max period:             00007fffffffffff
[    0.500523] ... fixed-purpose events:   4
[    0.500524] ... event mask:             0001000f000000ff
[    0.500699] rcu: Hierarchical SRCU implementation.
[    0.508001] NMI watchdog: Enabled. Permanently consumes one hw-PMU counter.
[    0.508991] smp: Bringing up secondary CPUs ...
[    0.509194] x86: Booting SMP configuration:
[    0.509195] .... node  #1, CPUs:          #1
[    0.007765] smpboot: CPU 1 Converting physical 0 to logical die 1

[    0.604300] .... node  #0, CPUs:     #2
[    0.615536] .... node  #1, CPUs:     #3
[    0.627029] .... node  #0, CPUs:     #4
[    0.638206] .... node  #1, CPUs:     #5
[    0.649647] .... node  #0, CPUs:     #6
[    0.661213] .... node  #1, CPUs:     #7
[    0.672653] .... node  #0, CPUs:     #8
[    0.684329] .... node  #1, CPUs:     #9
[    0.695730] .... node  #0, CPUs:    #10
[    0.707452] .... node  #1, CPUs:    #11
[    0.719285] .... node  #0, CPUs:    #12
[    0.730698] .... node  #1, CPUs:    #13
[    0.742129] .... node  #0, CPUs:    #14
[    0.753090] .... node  #1, CPUs:    #15
[    0.764434] .... node  #0, CPUs:    #16
[    0.775642] .... node  #1, CPUs:    #17
[    0.786789] .... node  #0, CPUs:    #18
[    0.797990] .... node  #1, CPUs:    #19
[    0.809727] .... node  #0, CPUs:    #20
[    0.820934] .... node  #1, CPUs:    #21
[    0.832582] .... node  #0, CPUs:    #22
[    0.844367] .... node  #1, CPUs:    #23
[    0.855341] .... node  #0, CPUs:    #24
[    0.866621] .... node  #1, CPUs:    #25
[    0.877962] .... node  #0, CPUs:    #26
[    0.889183] .... node  #1, CPUs:    #27
[    0.900278] .... node  #0, CPUs:    #28
[    0.912117] .... node  #1, CPUs:    #29
[    0.923052] .... node  #0, CPUs:    #30
[    0.934283] .... node  #1, CPUs:    #31
[    0.945836] .... node  #0, CPUs:    #32
[    0.957055] .... node  #1, CPUs:    #33
[    0.968530] .... node  #0, CPUs:    #34
[    0.980364] .... node  #1, CPUs:    #35
[    0.991298] .... node  #0, CPUs:    #36
[    1.002247] .... node  #1, CPUs:    #37
[    1.013399] .... node  #0, CPUs:    #38
[    1.024860] .... node  #1, CPUs:    #39
[    1.036472] .... node  #0, CPUs:    #40
[    1.048367] .... node  #1, CPUs:    #41
[    1.060107] .... node  #0, CPUs:    #42
[    1.071031] .... node  #1, CPUs:    #43
[    1.082754] .... node  #0, CPUs:    #44
[    1.094076] .... node  #1, CPUs:    #45
[    1.105593] .... node  #0, CPUs:    #46
[    1.116862] .... node  #1, CPUs:    #47
[    1.128278] .... node  #0, CPUs:    #48
[    1.139423] .... node  #1, CPUs:    #49
[    1.150904] .... node  #0, CPUs:    #50
[    1.162330] .... node  #1, CPUs:    #51
[    1.174044] .... node  #0, CPUs:    #52
[    1.185455] .... node  #1, CPUs:    #53
[    1.197177] .... node  #0, CPUs:    #54
[    1.208673] .... node  #1, CPUs:    #55
[    1.220459] .... node  #0, CPUs:    #56
[    1.225939] .... node  #1, CPUs:    #57
[    1.237804] .... node  #0, CPUs:    #58
[    1.249057] .... node  #1, CPUs:    #59
[    1.260501] .... node  #0, CPUs:    #60
[    1.272298] .... node  #1, CPUs:    #61
[    1.283152] .... node  #0, CPUs:    #62
[    1.294740] .... node  #1, CPUs:    #63
[    1.306451] .... node  #0, CPUs:    #64
[    1.317737] .... node  #1, CPUs:    #65
[    1.329568] .... node  #0, CPUs:    #66
[    1.341280] .... node  #1, CPUs:    #67
[    1.353100] .... node  #0, CPUs:    #68
[    1.364369] .... node  #1, CPUs:    #69
[    1.375670] .... node  #0, CPUs:    #70
[    1.386883] .... node  #1, CPUs:    #71
[    1.398269] .... node  #0, CPUs:    #72
[    1.409524] .... node  #1, CPUs:    #73
[    1.420972] .... node  #0, CPUs:    #74
[    1.432375] .... node  #1, CPUs:    #75
[    1.444271] .... node  #0, CPUs:    #76
[    1.455251] .... node  #1, CPUs:    #77
[    1.466903] .... node  #0, CPUs:    #78
[    1.478319] .... node  #1, CPUs:    #79
[    1.489689] .... node  #0, CPUs:    #80
[    1.501200] .... node  #1, CPUs:    #81
[    1.512337] .... node  #0, CPUs:    #82
[    1.523544] .... node  #1, CPUs:    #83
[    1.534919] .... node  #0, CPUs:    #84
[    1.546370] .... node  #1, CPUs:    #85
[    1.557758] .... node  #0, CPUs:    #86
[    1.568949] .... node  #1, CPUs:    #87
[    1.580498] .... node  #0, CPUs:    #88
[    1.592168] .... node  #1, CPUs:    #89
[    1.603158] .... node  #0, CPUs:    #90
[    1.614540] .... node  #1, CPUs:    #91
[    1.625733] .... node  #0, CPUs:    #92
[    1.636940] .... node  #1, CPUs:    #93
[    1.648391] .... node  #0, CPUs:    #94
[    1.660350] .... node  #1, CPUs:    #95
[    1.671526] .... node  #0, CPUs:    #96
[    1.683077] .... node  #1, CPUs:    #97
[    1.694857] .... node  #0, CPUs:    #98
[    1.705884] .... node  #1, CPUs:    #99
[    1.717483] .... node  #0, CPUs:   #100
[    1.728793] .... node  #1, CPUs:   #101
[    1.740325] .... node  #0, CPUs:   #102
[    1.752268] .... node  #1, CPUs:   #103
[    1.763337] .... node  #0, CPUs:   #104
[    1.774632] .... node  #1, CPUs:   #105
[    1.786139] .... node  #0, CPUs:   #106
[    1.797523] .... node  #1, CPUs:   #107
[    1.809218] .... node  #0, CPUs:   #108
[    1.820420] .... node  #1, CPUs:   #109
[    1.832225] .... node  #0, CPUs:   #110
[    1.843571] .... node  #1, CPUs:   #111
[    1.855457] smp: Brought up 2 nodes, 112 CPUs
[    1.855457] smpboot: Max logical packages: 2
[    1.855457] smpboot: Total of 112 processors activated (448085.37 BogoMIPS)
[    1.861780] devtmpfs: initialized
[    1.861780] x86/mm: Memory block size: 2048MB
[    1.861780] ACPI: PM: Registering ACPI NVS region [mem 0x49e77000-0x4ae76fff] (16777216 bytes)
[    1.861780] ACPI: PM: Registering ACPI NVS region [mem 0x6e3ff000-0x6f3fefff] (16777216 bytes)
[    1.861780] clocksource: jiffies: mask: 0xffffffff max_cycles: 0xffffffff, max_idle_ns: 7645041785100000 ns
[    1.861780] futex hash table entries: 32768 (order: 9, 2097152 bytes, vmalloc)
[    1.861780] pinctrl core: initialized pinctrl subsystem
[    1.861780] PM: RTC time: 13:37:57, date: 2024-01-27
[    1.864130] NET: Registered PF_NETLINK/PF_ROUTE protocol family
[    1.864279] DMA: preallocated 4096 KiB GFP_KERNEL pool for atomic allocations
[    1.864289] DMA: preallocated 4096 KiB GFP_KERNEL|GFP_DMA pool for atomic allocations
[    1.864298] DMA: preallocated 4096 KiB GFP_KERNEL|GFP_DMA32 pool for atomic allocations
[    1.864305] audit: initializing netlink subsys (disabled)
[    1.864310] audit: type=2000 audit(1706362676.416:1): state=initialized audit_enabled=0 res=1
[    1.864310] thermal_sys: Registered thermal governor 'fair_share'
[    1.864310] thermal_sys: Registered thermal governor 'bang_bang'
[    1.864310] thermal_sys: Registered thermal governor 'step_wise'
[    1.864310] thermal_sys: Registered thermal governor 'user_space'
[    1.864310] EISA bus registered
[    1.864310] cpuidle: using governor ladder
[    1.864310] cpuidle: using governor menu
[    1.864310] ACPI FADT declares the system doesn't support PCIe ASPM, so disable it
[    1.864310] ACPI: bus type PCI registered
[    1.864310] acpiphp: ACPI Hot Plug PCI Controller Driver version: 0.5
[    1.864310] PCI: MMCONFIG for domain 0000 [bus 00-ff] at [mem 0x80000000-0x8fffffff] (base 0x80000000)
[    1.864310] PCI: MMCONFIG at [mem 0x80000000-0x8fffffff] reserved in E820
[    1.864310] pmd_set_huge: Cannot satisfy [mem 0x80000000-0x80200000] with a huge-page mapping due to MTRR override.
[    1.864497] PCI: Using configuration type 1 for base access
[    1.864507] PCI: Dell System detected, enabling pci=bfsort.
[    1.872562] Kprobes globally optimized
[    1.872566] HugeTLB registered 1.00 GiB page size, pre-allocated 0 pages
[    1.872566] HugeTLB registered 2.00 MiB page size, pre-allocated 0 pages
[    1.872566] ACPI: Added _OSI(Module Device)
[    1.872566] ACPI: Added _OSI(Processor Device)
[    1.872566] ACPI: Added _OSI(3.0 _SCP Extensions)
[    1.872566] ACPI: Added _OSI(Processor Aggregator Device)
[    1.872566] ACPI: Added _OSI(Linux-Dell-Video)
[    1.872566] ACPI: Added _OSI(Linux-Lenovo-NV-HDMI-Audio)
[    1.872566] ACPI: Added _OSI(Linux-HPI-Hybrid-Graphics)
[    2.045859] ACPI: 8 ACPI AML tables successfully acquired and loaded
[    2.051481] ACPI: [Firmware Bug]: BIOS _OSI(Linux) query ignored
[    2.056847] ACPI: Dynamic OEM Table Load:
[    2.460026] ACPI: Interpreter enabled
[    2.460048] ACPI: PM: (supports S0 S5)
[    2.460050] ACPI: Using IOAPIC for interrupt routing
[    2.460109] HEST: Table parsing has been initialized.
[    2.460112] PCI: Using host bridge windows from ACPI; if necessary, use "pci=nocrs" and report a bug
[    2.488962] ACPI: Enabled 4 GPEs in block 00 to 7F
[    2.608231] ACPI: PCI Root Bridge [PC00] (domain 0000 [bus 00-15])
[    2.608238] acpi PNP0A08:00: _OSC: OS supports [ExtendedConfig ASPM ClockPM Segments MSI HPX-Type3]
[    2.674997] acpi PNP0A08:00: _OSC: platform does not support [SHPCHotplug AER LTR]
[    2.675218] acpi PNP0A08:00: _OSC: OS now controls [PCIeHotplug PME PCIeCapability]
[    2.675219] acpi PNP0A08:00: FADT indicates ASPM is unsupported, using BIOS configuration
[    2.677047] PCI host bridge to bus 0000:00
[    2.677049] pci_bus 0000:00: root bus resource [io  0x0000-0x0cf7 window]
[    2.677051] pci_bus 0000:00: root bus resource [io  0x1000-0x4fff window]
[    2.677052] pci_bus 0000:00: root bus resource [mem 0x000a0000-0x000bffff window]
[    2.677054] pci_bus 0000:00: root bus resource [mem 0x000c8000-0x000cffff window]
[    2.677055] pci_bus 0000:00: root bus resource [mem 0xfe010000-0xfe010fff window]
[    2.677056] pci_bus 0000:00: root bus resource [mem 0x90000000-0x9b7fffff window]
[    2.677057] pci_bus 0000:00: root bus resource [mem 0x200000000000-0x20ffffffffff window]
[    2.677058] pci_bus 0000:00: root bus resource [bus 00-15]
[    2.678415] pci 0000:00:00.0: [8086:09a2] type 00 class 0x088000
[    2.679191] pci 0000:00:00.1: [8086:09a4] type 00 class 0x088000
[    2.680606] pci 0000:00:00.2: [8086:09a3] type 00 class 0x088000
[    2.682018] pci 0000:00:00.4: [8086:0998] type 00 class 0x060000
[    2.684104] pci 0000:00:02.0: [8086:09a6] type 00 class 0x088000
[    2.684112] pci 0000:00:02.0: reg 0x10: [mem 0x92dfc000-0x92dfdfff]
[    2.685535] pci 0000:00:02.1: [8086:09a7] type 00 class 0x088000
[    2.685543] pci 0000:00:02.1: reg 0x10: [mem 0x92d00000-0x92d7ffff]
[    2.685548] pci 0000:00:02.1: reg 0x14: [mem 0x92c80000-0x92cfffff]
[    2.686961] pci 0000:00:02.4: [8086:3456] type 00 class 0x130000
[    2.686971] pci 0000:00:02.4: reg 0x10: [mem 0x92a00000-0x92afffff 64bit]
[    2.686978] pci 0000:00:02.4: reg 0x18: [mem 0x92df0000-0x92df3fff 64bit]
[    2.686984] pci 0000:00:02.4: reg 0x20: [mem 0x92dc0000-0x92ddffff 64bit]
[    2.688409] pci 0000:00:11.0: [8086:a1ec] type 00 class 0xff0000
[    2.688412] pci 0000:00:11.0: device has non-compliant BARs; disabling IO/MEM decoding
[    2.689847] pci 0000:00:11.5: [8086:a1d2] type 00 class 0x010601
[    2.689860] pci 0000:00:11.5: reg 0x10: [mem 0x92dfa000-0x92dfbfff]
[    2.689867] pci 0000:00:11.5: reg 0x14: [mem 0x92e05000-0x92e050ff]
[    2.689875] pci 0000:00:11.5: reg 0x18: [io  0x2068-0x206f]
[    2.689882] pci 0000:00:11.5: reg 0x1c: [io  0x2074-0x2077]
[    2.689889] pci 0000:00:11.5: reg 0x20: [io  0x2040-0x205f]
[    2.689897] pci 0000:00:11.5: reg 0x24: [mem 0x92b80000-0x92bfffff]
[    2.689934] pci 0000:00:11.5: PME# supported from D3hot
[    2.691487] pci 0000:00:14.0: [8086:a1af] type 00 class 0x0c0330
[    2.691505] pci 0000:00:14.0: reg 0x10: [mem 0x92de0000-0x92deffff 64bit]
[    2.691567] pci 0000:00:14.0: PME# supported from D3hot D3cold
[    2.693133] pci 0000:00:14.2: [8086:a1b1] type 00 class 0x118000
[    2.693149] pci 0000:00:14.2: reg 0x10: [mem 0x92e02000-0x92e02fff 64bit]
[    2.694614] pci 0000:00:16.0: [8086:a1ba] type 00 class 0x078000
[    2.694638] pci 0000:00:16.0: reg 0x10: [mem 0x92e01000-0x92e01fff 64bit]
[    2.694721] pci 0000:00:16.0: PME# supported from D3hot
[    2.696128] pci 0000:00:16.1: [8086:a1bb] type 00 class 0x078000
[    2.696151] pci 0000:00:16.1: reg 0x10: [mem 0x92e00000-0x92e00fff 64bit]
[    2.696235] pci 0000:00:16.1: PME# supported from D3hot
[    2.697645] pci 0000:00:16.4: [8086:a1be] type 00 class 0x078000
[    2.697669] pci 0000:00:16.4: reg 0x10: [mem 0x92dff000-0x92dfffff 64bit]
[    2.697753] pci 0000:00:16.4: PME# supported from D3hot
[    2.699161] pci 0000:00:17.0: [8086:a182] type 00 class 0x010601
[    2.699173] pci 0000:00:17.0: reg 0x10: [mem 0x92df8000-0x92df9fff]
[    2.699180] pci 0000:00:17.0: reg 0x14: [mem 0x92e04000-0x92e040ff]
[    2.699188] pci 0000:00:17.0: reg 0x18: [io  0x2060-0x2067]
[    2.699195] pci 0000:00:17.0: reg 0x1c: [io  0x2070-0x2073]
[    2.699202] pci 0000:00:17.0: reg 0x20: [io  0x2020-0x203f]
[    2.699209] pci 0000:00:17.0: reg 0x24: [mem 0x92b00000-0x92b7ffff]
[    2.699246] pci 0000:00:17.0: PME# supported from D3hot
[    2.700791] pci 0000:00:1c.0: [8086:a190] type 01 class 0x060400
[    2.700865] pci 0000:00:1c.0: PME# supported from D0 D3hot D3cold
[    2.702844] pci 0000:00:1c.4: [8086:a194] type 01 class 0x060400
[    2.702912] pci 0000:00:1c.4: PME# supported from D0 D3hot D3cold
[    2.704872] pci 0000:00:1c.5: [8086:a195] type 01 class 0x060400
[    2.704942] pci 0000:00:1c.5: PME# supported from D0 D3hot D3cold
[    2.706910] pci 0000:00:1f.0: [8086:a1cb] type 00 class 0x060100
[    2.708550] pci 0000:00:1f.2: [8086:a1a1] type 00 class 0x058000
[    2.708565] pci 0000:00:1f.2: reg 0x10: [mem 0x92df4000-0x92df7fff]
[    2.710147] pci 0000:00:1f.4: [8086:a1a3] type 00 class 0x0c0500
[    2.710166] pci 0000:00:1f.4: reg 0x10: [mem 0x92dfe000-0x92dfe0ff 64bit]
[    2.710189] pci 0000:00:1f.4: reg 0x20: [io  0x2000-0x201f]
[    2.711599] pci 0000:00:1f.5: [8086:a1a4] type 00 class 0x0c8000
[    2.711614] pci 0000:00:1f.5: reg 0x10: [mem 0xfe010000-0xfe010fff]
[    2.711739] pci 0000:00:1c.0: PCI bridge to [bus 01]
[    2.711792] pci 0000:02:00.0: [1556:be00] type 01 class 0x060400
[    2.711962] pci 0000:00:1c.4: PCI bridge to [bus 02-03]
[    2.711966] pci 0000:00:1c.4:   bridge window [mem 0x92000000-0x928fffff]
[    2.711970] pci 0000:00:1c.4:   bridge window [mem 0x91000000-0x91ffffff 64bit pref]
[    2.712002] pci_bus 0000:03: extended config space not accessible
[    2.712019] pci 0000:03:00.0: [102b:0536] type 00 class 0x030000
[    2.712038] pci 0000:03:00.0: reg 0x10: [mem 0x91000000-0x91ffffff pref]
[    2.712049] pci 0000:03:00.0: reg 0x14: [mem 0x92808000-0x9280bfff]
[    2.712059] pci 0000:03:00.0: reg 0x18: [mem 0x92000000-0x927fffff]
[    2.712107] pci 0000:03:00.0: BAR 0: assigned to efifb
[    2.712115] pci 0000:03:00.0: Video device with shadowed ROM at [mem 0x000c0000-0x000dffff]
[    2.712215] pci 0000:02:00.0: PCI bridge to [bus 03]
[    2.712223] pci 0000:02:00.0:   bridge window [mem 0x92000000-0x928fffff]
[    2.712229] pci 0000:02:00.0:   bridge window [mem 0x91000000-0x91ffffff 64bit pref]
[    2.712306] pci 0000:04:00.0: [14e4:165f] type 00 class 0x020000
[    2.712330] pci 0000:04:00.0: reg 0x10: [mem 0x92930000-0x9293ffff 64bit pref]
[    2.712345] pci 0000:04:00.0: reg 0x18: [mem 0x92940000-0x9294ffff 64bit pref]
[    2.712361] pci 0000:04:00.0: reg 0x20: [mem 0x92950000-0x9295ffff 64bit pref]
[    2.712371] pci 0000:04:00.0: reg 0x30: [mem 0xfffc0000-0xffffffff pref]
[    2.712465] pci 0000:04:00.0: PME# supported from D0 D3hot D3cold
[    2.712518] pci 0000:04:00.0: 4.000 Gb/s available PCIe bandwidth, limited by 5.0 GT/s PCIe x1 link at 0000:00:1c.5 (capable of 8.000 Gb/s with 5.0 GT/s PCIe x2 link)
[    2.713066] pci 0000:04:00.1: [14e4:165f] type 00 class 0x020000
[    2.713090] pci 0000:04:00.1: reg 0x10: [mem 0x92900000-0x9290ffff 64bit pref]
[    2.713106] pci 0000:04:00.1: reg 0x18: [mem 0x92910000-0x9291ffff 64bit pref]
[    2.713121] pci 0000:04:00.1: reg 0x20: [mem 0x92920000-0x9292ffff 64bit pref]
[    2.713131] pci 0000:04:00.1: reg 0x30: [mem 0xfffc0000-0xffffffff pref]
[    2.713225] pci 0000:04:00.1: PME# supported from D0 D3hot D3cold
[    2.713780] pci 0000:00:1c.5: PCI bridge to [bus 04]
[    2.713788] pci 0000:00:1c.5:   bridge window [mem 0x92900000-0x929fffff 64bit pref]
[    2.713802] pci_bus 0000:00: on NUMA node 0
[    2.714366] ACPI: PCI Root Bridge [PC01] (domain 0000 [bus 16-2f])
[    2.714370] acpi PNP0A08:01: _OSC: OS supports [ExtendedConfig ASPM ClockPM Segments MSI HPX-Type3]
[    2.728741] acpi PNP0A08:01: _OSC: platform does not support [SHPCHotplug AER]
[    2.728962] acpi PNP0A08:01: _OSC: OS now controls [PCIeHotplug PME PCIeCapability LTR]
[    2.728963] acpi PNP0A08:01: FADT indicates ASPM is unsupported, using BIOS configuration
[    2.729102] PCI host bridge to bus 0000:16
[    2.729103] pci_bus 0000:16: root bus resource [io  0x5000-0x6fff window]
[    2.729105] pci_bus 0000:16: root bus resource [mem 0x9b800000-0xa63fffff window]
[    2.729106] pci_bus 0000:16: root bus resource [mem 0x210000000000-0x21ffffffffff window]
[    2.729107] pci_bus 0000:16: root bus resource [bus 16-2f]
[    2.729122] pci 0000:16:00.0: [8086:09a2] type 00 class 0x088000
[    2.729203] pci 0000:16:00.1: [8086:09a4] type 00 class 0x088000
[    2.729277] pci 0000:16:00.2: [8086:09a3] type 00 class 0x088000
[    2.729348] pci 0000:16:00.4: [8086:0998] type 00 class 0x060000
[    2.729426] pci 0000:16:02.0: [8086:347a] type 01 class 0x060400
[    2.729436] pci 0000:16:02.0: reg 0x10: [mem 0x21fffff00000-0x21fffff1ffff 64bit]
[    2.729474] pci 0000:16:02.0: PME# supported from D0 D3hot D3cold
[    2.730387] pci 0000:17:00.0: [1000:10e2] type 00 class 0x010400
[    2.730400] pci 0000:17:00.0: reg 0x10: [mem 0x9b800000-0x9b8fffff 64bit pref]
[    2.730409] pci 0000:17:00.0: reg 0x18: [mem 0x9b900000-0x9b9fffff 64bit pref]
[    2.730414] pci 0000:17:00.0: reg 0x20: [mem 0x9ba00000-0x9bafffff]
[    2.730420] pci 0000:17:00.0: reg 0x24: [io  0x5000-0x50ff]
[    2.730426] pci 0000:17:00.0: reg 0x30: [mem 0xfff00000-0xffffffff pref]
[    2.731495] pci 0000:17:00.0: supports D1 D2
[    2.731563] pci 0000:16:02.0: PCI bridge to [bus 17]
[    2.731565] pci 0000:16:02.0:   bridge window [io  0x5000-0x5fff]
[    2.731567] pci 0000:16:02.0:   bridge window [mem 0x9ba00000-0x9bafffff]
[    2.731570] pci 0000:16:02.0:   bridge window [mem 0x9b800000-0x9b9fffff 64bit pref]
[    2.731575] pci_bus 0000:16: on NUMA node 0
[    2.731653] ACPI: PCI Root Bridge [PC02] (domain 0000 [bus 30-49])
[    2.731657] acpi PNP0A08:02: _OSC: OS supports [ExtendedConfig ASPM ClockPM Segments MSI HPX-Type3]
[    2.746638] acpi PNP0A08:02: _OSC: platform does not support [SHPCHotplug AER]
[    2.746843] acpi PNP0A08:02: _OSC: OS now controls [PCIeHotplug PME PCIeCapability LTR]
[    2.746844] acpi PNP0A08:02: FADT indicates ASPM is unsupported, using BIOS configuration
[    2.746962] PCI host bridge to bus 0000:30
[    2.746963] pci_bus 0000:30: root bus resource [io  0x7000-0x8fff window]
[    2.746964] pci_bus 0000:30: root bus resource [mem 0xa6400000-0xb0ffffff window]
[    2.746966] pci_bus 0000:30: root bus resource [mem 0x220000000000-0x22ffffffffff window]
[    2.746967] pci_bus 0000:30: root bus resource [bus 30-49]
[    2.746981] pci 0000:30:00.0: [8086:09a2] type 00 class 0x088000
[    2.747057] pci 0000:30:00.1: [8086:09a4] type 00 class 0x088000
[    2.747133] pci 0000:30:00.2: [8086:09a3] type 00 class 0x088000
[    2.747204] pci 0000:30:00.4: [8086:0998] type 00 class 0x060000
[    2.747276] pci_bus 0000:30: on NUMA node 0
[    2.747377] ACPI: PCI Root Bridge [PC04] (domain 0000 [bus 4a-63])
[    2.747379] acpi PNP0A08:04: _OSC: OS supports [ExtendedConfig ASPM ClockPM Segments MSI HPX-Type3]
[    2.761234] acpi PNP0A08:04: _OSC: platform does not support [SHPCHotplug AER]
[    2.761438] acpi PNP0A08:04: _OSC: OS now controls [PCIeHotplug PME PCIeCapability LTR]
[    2.761439] acpi PNP0A08:04: FADT indicates ASPM is unsupported, using BIOS configuration
[    2.761553] PCI host bridge to bus 0000:4a
[    2.761555] pci_bus 0000:4a: root bus resource [io  0x9000-0x9fff window]
[    2.761556] pci_bus 0000:4a: root bus resource [mem 0xb1000000-0xbbbfffff window]
[    2.761558] pci_bus 0000:4a: root bus resource [mem 0x230000000000-0x23ffffffffff window]
[    2.761559] pci_bus 0000:4a: root bus resource [bus 4a-63]
[    2.761572] pci 0000:4a:00.0: [8086:09a2] type 00 class 0x088000
[    2.761644] pci 0000:4a:00.1: [8086:09a4] type 00 class 0x088000
[    2.761716] pci 0000:4a:00.2: [8086:09a3] type 00 class 0x088000
[    2.761788] pci 0000:4a:00.4: [8086:0998] type 00 class 0x060000
[    2.761861] pci_bus 0000:4a: on NUMA node 0
[    2.761932] ACPI: PCI Root Bridge [PC05] (domain 0000 [bus 64-7d])
[    2.761935] acpi PNP0A08:05: _OSC: OS supports [ExtendedConfig ASPM ClockPM Segments MSI HPX-Type3]
[    2.775740] acpi PNP0A08:05: _OSC: platform does not support [SHPCHotplug AER]
[    2.775947] acpi PNP0A08:05: _OSC: OS now controls [PCIeHotplug PME PCIeCapability LTR]
[    2.775948] acpi PNP0A08:05: FADT indicates ASPM is unsupported, using BIOS configuration
[    2.776060] PCI host bridge to bus 0000:64
[    2.776061] pci_bus 0000:64: root bus resource [io  0xa000-0xafff window]
[    2.776062] pci_bus 0000:64: root bus resource [mem 0xbbc00000-0xc5ffffff window]
[    2.776064] pci_bus 0000:64: root bus resource [mem 0x240000000000-0x24ffffffffff window]
[    2.776065] pci_bus 0000:64: root bus resource [bus 64-7d]
[    2.776078] pci 0000:64:00.0: [8086:09a2] type 00 class 0x088000
[    2.776151] pci 0000:64:00.1: [8086:09a4] type 00 class 0x088000
[    2.776223] pci 0000:64:00.2: [8086:09a3] type 00 class 0x088000
[    2.776295] pci 0000:64:00.4: [8086:0998] type 00 class 0x060000
[    2.776367] pci_bus 0000:64: on NUMA node 0
[    2.776435] ACPI: PCI Root Bridge [UC06] (domain 0000 [bus 7e])
[    2.776438] acpi PNP0A03:00: _OSC: OS supports [ExtendedConfig ASPM ClockPM Segments MSI HPX-Type3]
[    2.776606] acpi PNP0A03:00: _OSC: platform does not support [SHPCHotplug AER LTR]
[    2.776777] acpi PNP0A03:00: _OSC: OS now controls [PCIeHotplug PME PCIeCapability]
[    2.776778] acpi PNP0A03:00: FADT indicates ASPM is unsupported, using BIOS configuration
[    2.776904] PCI host bridge to bus 0000:7e
[    2.776905] pci_bus 0000:7e: root bus resource [bus 7e]
[    2.776939] pci 0000:7e:00.0: [8086:3450] type 00 class 0x088000
[    2.777025] pci 0000:7e:00.1: [8086:3451] type 00 class 0x088000
[    2.777116] pci 0000:7e:00.2: [8086:3452] type 00 class 0x088000
[    2.777198] pci 0000:7e:00.3: [8086:0998] type 00 class 0x060000
[    2.777279] pci 0000:7e:00.5: [8086:3455] type 00 class 0x088000
[    2.777381] pci 0000:7e:02.0: [8086:3440] type 00 class 0x088000
[    2.777521] pci 0000:7e:02.1: [8086:3441] type 00 class 0x088000
[    2.777654] pci 0000:7e:02.2: [8086:3442] type 00 class 0x088000
[    2.777798] pci 0000:7e:03.0: [8086:3440] type 00 class 0x088000
[    2.777903] pci 0000:7e:03.1: [8086:3441] type 00 class 0x088000
[    2.778003] pci 0000:7e:03.2: [8086:3442] type 00 class 0x088000
[    2.778110] pci 0000:7e:04.0: [8086:3440] type 00 class 0x088000
[    2.778254] pci 0000:7e:04.1: [8086:3441] type 00 class 0x088000
[    2.778395] pci 0000:7e:04.2: [8086:3442] type 00 class 0x088000
[    2.778537] pci 0000:7e:04.3: [8086:3443] type 00 class 0x088000
[    2.778693] pci 0000:7e:05.0: [8086:3445] type 00 class 0x088000
[    2.778832] pci 0000:7e:05.1: [8086:3446] type 00 class 0x088000
[    2.778970] pci 0000:7e:05.2: [8086:3447] type 00 class 0x088000
[    2.779118] pci 0000:7e:06.0: [8086:3445] type 00 class 0x088000
[    2.779223] pci 0000:7e:06.1: [8086:3446] type 00 class 0x088000
[    2.779325] pci 0000:7e:06.2: [8086:3447] type 00 class 0x088000
[    2.779450] pci 0000:7e:07.0: [8086:3445] type 00 class 0x088000
[    2.779596] pci 0000:7e:07.1: [8086:3446] type 00 class 0x088000
[    2.779743] pci 0000:7e:07.2: [8086:3447] type 00 class 0x088000
[    2.779898] pci 0000:7e:0b.0: [8086:3448] type 00 class 0x088000
[    2.779990] pci 0000:7e:0b.1: [8086:3448] type 00 class 0x088000
[    2.780079] pci 0000:7e:0b.2: [8086:344b] type 00 class 0x088000
[    2.780186] pci 0000:7e:0c.0: [8086:344a] type 00 class 0x110100
[    2.780314] pci 0000:7e:0d.0: [8086:344a] type 00 class 0x110100
[    2.780425] pci 0000:7e:0e.0: [8086:344a] type 00 class 0x110100
[    2.780595] pci 0000:7e:0f.0: [8086:344a] type 00 class 0x110100
[    2.780787] pci 0000:7e:1a.0: [8086:2880] type 00 class 0x110100
[    2.780912] pci 0000:7e:1b.0: [8086:2880] type 00 class 0x110100
[    2.781023] pci 0000:7e:1c.0: [8086:2880] type 00 class 0x110100
[    2.781201] pci 0000:7e:1d.0: [8086:2880] type 00 class 0x110100
[    2.781361] pci_bus 0000:7e: on NUMA node 0
[    2.781438] ACPI: PCI Root Bridge [UC07] (domain 0000 [bus 7f])
[    2.781441] acpi PNP0A03:01: _OSC: OS supports [ExtendedConfig ASPM ClockPM Segments MSI HPX-Type3]
[    2.781608] acpi PNP0A03:01: _OSC: platform does not support [SHPCHotplug AER LTR]
[    2.781779] acpi PNP0A03:01: _OSC: OS now controls [PCIeHotplug PME PCIeCapability]
[    2.781780] acpi PNP0A03:01: FADT indicates ASPM is unsupported, using BIOS configuration
[    2.781916] PCI host bridge to bus 0000:7f
[    2.781917] pci_bus 0000:7f: root bus resource [bus 7f]
[    2.781959] pci 0000:7f:00.0: [8086:344c] type 00 class 0x088000
[    2.782099] pci 0000:7f:00.1: [8086:344c] type 00 class 0x088000
[    2.782237] pci 0000:7f:00.2: [8086:344c] type 00 class 0x088000
[    2.782377] pci 0000:7f:00.3: [8086:344c] type 00 class 0x088000
[    2.782494] pci 0000:7f:00.4: [8086:344c] type 00 class 0x088000
[    2.782642] pci 0000:7f:00.5: [8086:344c] type 00 class 0x088000
[    2.782786] pci 0000:7f:00.6: [8086:344c] type 00 class 0x088000
[    2.782890] pci 0000:7f:00.7: [8086:344c] type 00 class 0x088000
[    2.783014] pci 0000:7f:01.0: [8086:344c] type 00 class 0x088000
[    2.783170] pci 0000:7f:01.1: [8086:344c] type 00 class 0x088000
[    2.783319] pci 0000:7f:01.2: [8086:344c] type 00 class 0x088000
[    2.783426] pci 0000:7f:01.3: [8086:344c] type 00 class 0x088000
[    2.783585] pci 0000:7f:01.4: [8086:344c] type 00 class 0x088000
[    2.783746] pci 0000:7f:01.5: [8086:344c] type 00 class 0x088000
[    2.783909] pci 0000:7f:01.6: [8086:344c] type 00 class 0x088000
[    2.784058] pci 0000:7f:01.7: [8086:344c] type 00 class 0x088000
[    2.784229] pci 0000:7f:02.0: [8086:344c] type 00 class 0x088000
[    2.784385] pci 0000:7f:02.1: [8086:344c] type 00 class 0x088000
[    2.784542] pci 0000:7f:02.2: [8086:344c] type 00 class 0x088000
[    2.784703] pci 0000:7f:02.3: [8086:344c] type 00 class 0x088000
[    2.784870] pci 0000:7f:02.4: [8086:344c] type 00 class 0x088000
[    2.785034] pci 0000:7f:02.5: [8086:344c] type 00 class 0x088000
[    2.785199] pci 0000:7f:02.6: [8086:344c] type 00 class 0x088000
[    2.785375] pci 0000:7f:02.7: [8086:344c] type 00 class 0x088000
[    2.785562] pci 0000:7f:03.0: [8086:344c] type 00 class 0x088000
[    2.785735] pci 0000:7f:03.1: [8086:344c] type 00 class 0x088000
[    2.785915] pci 0000:7f:03.2: [8086:344c] type 00 class 0x088000
[    2.786093] pci 0000:7f:03.3: [8086:344c] type 00 class 0x088000
[    2.786294] pci 0000:7f:0a.0: [8086:344d] type 00 class 0x088000
[    2.786423] pci 0000:7f:0a.1: [8086:344d] type 00 class 0x088000
[    2.786560] pci 0000:7f:0a.2: [8086:344d] type 00 class 0x088000
[    2.786700] pci 0000:7f:0a.3: [8086:344d] type 00 class 0x088000
[    2.786817] pci 0000:7f:0a.4: [8086:344d] type 00 class 0x088000
[    2.786965] pci 0000:7f:0a.5: [8086:344d] type 00 class 0x088000
[    2.787108] pci 0000:7f:0a.6: [8086:344d] type 00 class 0x088000
[    2.787212] pci 0000:7f:0a.7: [8086:344d] type 00 class 0x088000
[    2.787336] pci 0000:7f:0b.0: [8086:344d] type 00 class 0x088000
[    2.787492] pci 0000:7f:0b.1: [8086:344d] type 00 class 0x088000
[    2.787641] pci 0000:7f:0b.2: [8086:344d] type 00 class 0x088000
[    2.787746] pci 0000:7f:0b.3: [8086:344d] type 00 class 0x088000
[    2.787904] pci 0000:7f:0b.4: [8086:344d] type 00 class 0x088000
[    2.788065] pci 0000:7f:0b.5: [8086:344d] type 00 class 0x088000
[    2.788227] pci 0000:7f:0b.6: [8086:344d] type 00 class 0x088000
[    2.788375] pci 0000:7f:0b.7: [8086:344d] type 00 class 0x088000
[    2.788542] pci 0000:7f:0c.0: [8086:344d] type 00 class 0x088000
[    2.788699] pci 0000:7f:0c.1: [8086:344d] type 00 class 0x088000
[    2.788857] pci 0000:7f:0c.2: [8086:344d] type 00 class 0x088000
[    2.789016] pci 0000:7f:0c.3: [8086:344d] type 00 class 0x088000
[    2.789182] pci 0000:7f:0c.4: [8086:344d] type 00 class 0x088000
[    2.789345] pci 0000:7f:0c.5: [8086:344d] type 00 class 0x088000
[    2.789511] pci 0000:7f:0c.6: [8086:344d] type 00 class 0x088000
[    2.789686] pci 0000:7f:0c.7: [8086:344d] type 00 class 0x088000
[    2.789874] pci 0000:7f:0d.0: [8086:344d] type 00 class 0x088000
[    2.790046] pci 0000:7f:0d.1: [8086:344d] type 00 class 0x088000
[    2.790225] pci 0000:7f:0d.2: [8086:344d] type 00 class 0x088000
[    2.790402] pci 0000:7f:0d.3: [8086:344d] type 00 class 0x088000
[    2.790611] pci 0000:7f:1d.0: [8086:344f] type 00 class 0x088000
[    2.790746] pci 0000:7f:1d.1: [8086:3457] type 00 class 0x088000
[    2.790892] pci 0000:7f:1e.0: [8086:3458] type 00 class 0x088000
[    2.790986] pci 0000:7f:1e.1: [8086:3459] type 00 class 0x088000
[    2.791075] pci 0000:7f:1e.2: [8086:345a] type 00 class 0x088000
[    2.791165] pci 0000:7f:1e.3: [8086:345b] type 00 class 0x088000
[    2.791254] pci 0000:7f:1e.4: [8086:345c] type 00 class 0x088000
[    2.791342] pci 0000:7f:1e.5: [8086:345d] type 00 class 0x088000
[    2.791431] pci 0000:7f:1e.6: [8086:345e] type 00 class 0x088000
[    2.791520] pci 0000:7f:1e.7: [8086:345f] type 00 class 0x088000
[    2.791596] pci_bus 0000:7f: on NUMA node 0
[    2.791693] ACPI: PCI Root Bridge [PC06] (domain 0000 [bus 80])
[    2.791696] acpi PNP0A08:06: _OSC: OS supports [ExtendedConfig ASPM ClockPM Segments MSI HPX-Type3]
[    2.805532] acpi PNP0A08:06: _OSC: platform does not support [SHPCHotplug AER]
[    2.805735] acpi PNP0A08:06: _OSC: OS now controls [PCIeHotplug PME PCIeCapability LTR]
[    2.805736] acpi PNP0A08:06: FADT indicates ASPM is unsupported, using BIOS configuration
[    2.805877] PCI host bridge to bus 0000:80
[    2.805878] pci_bus 0000:80: root bus resource [io  0xb000-0xbfff window]
[    2.805879] pci_bus 0000:80: root bus resource [mem 0xc6800000-0xd0ffffff window]
[    2.805880] pci_bus 0000:80: root bus resource [mem 0x250000000000-0x25ffffffffff window]
[    2.805882] pci_bus 0000:80: root bus resource [bus 80]
[    2.805914] pci 0000:80:00.0: [8086:09a2] type 00 class 0x088000
[    2.806013] pci 0000:80:00.1: [8086:09a4] type 00 class 0x088000
[    2.806107] pci 0000:80:00.2: [8086:09a3] type 00 class 0x088000
[    2.806200] pci 0000:80:00.4: [8086:0998] type 00 class 0x060000
[    2.806291] pci 0000:80:02.0: [8086:09a6] type 00 class 0x088000
[    2.806300] pci 0000:80:02.0: reg 0x10: [mem 0xc6aa4000-0xc6aa5fff]
[    2.806381] pci 0000:80:02.1: [8086:09a7] type 00 class 0x088000
[    2.806389] pci 0000:80:02.1: reg 0x10: [mem 0xc6a00000-0xc6a7ffff]
[    2.806395] pci 0000:80:02.1: reg 0x14: [mem 0xc6980000-0xc69fffff]
[    2.806484] pci 0000:80:02.4: [8086:3456] type 00 class 0x130000
[    2.806494] pci 0000:80:02.4: reg 0x10: [mem 0xc6800000-0xc68fffff 64bit]
[    2.806501] pci 0000:80:02.4: reg 0x18: [mem 0xc6aa0000-0xc6aa3fff 64bit]
[    2.806508] pci 0000:80:02.4: reg 0x20: [mem 0xc6a80000-0xc6a9ffff 64bit]
[    2.806572] pci_bus 0000:80: on NUMA node 1
[    2.806650] ACPI: PCI Root Bridge [PC07] (domain 0000 [bus 81])
[    2.806652] acpi PNP0A08:07: _OSC: OS supports [ExtendedConfig ASPM ClockPM Segments MSI HPX-Type3]
[    2.820538] acpi PNP0A08:07: _OSC: platform does not support [SHPCHotplug AER]
[    2.820742] acpi PNP0A08:07: _OSC: OS now controls [PCIeHotplug PME PCIeCapability LTR]
[    2.820743] acpi PNP0A08:07: FADT indicates ASPM is unsupported, using BIOS configuration
[    2.820858] PCI host bridge to bus 0000:81
[    2.820859] pci_bus 0000:81: root bus resource [io  0xc000-0xcfff window]
[    2.820860] pci_bus 0000:81: root bus resource [mem 0xd1000000-0xdbbfffff window]
[    2.820861] pci_bus 0000:81: root bus resource [mem 0x260000000000-0x26ffffffffff window]
[    2.820862] pci_bus 0000:81: root bus resource [bus 81]
[    2.820877] pci 0000:81:00.0: [8086:09a2] type 00 class 0x088000
[    2.820954] pci 0000:81:00.1: [8086:09a4] type 00 class 0x088000
[    2.821033] pci 0000:81:00.2: [8086:09a3] type 00 class 0x088000
[    2.821111] pci 0000:81:00.4: [8086:0998] type 00 class 0x060000
[    2.821205] pci_bus 0000:81: on NUMA node 1
[    2.821277] ACPI: PCI Root Bridge [PC08] (domain 0000 [bus 82])
[    2.821279] acpi PNP0A08:08: _OSC: OS supports [ExtendedConfig ASPM ClockPM Segments MSI HPX-Type3]
[    2.835200] acpi PNP0A08:08: _OSC: platform does not support [SHPCHotplug AER]
[    2.835403] acpi PNP0A08:08: _OSC: OS now controls [PCIeHotplug PME PCIeCapability LTR]
[    2.835404] acpi PNP0A08:08: FADT indicates ASPM is unsupported, using BIOS configuration
[    2.835517] PCI host bridge to bus 0000:82
[    2.835518] pci_bus 0000:82: root bus resource [io  0xd000-0xdfff window]
[    2.835520] pci_bus 0000:82: root bus resource [mem 0xdbc00000-0xe67fffff window]
[    2.835521] pci_bus 0000:82: root bus resource [mem 0x270000000000-0x27ffffffffff window]
[    2.835522] pci_bus 0000:82: root bus resource [bus 82]
[    2.835536] pci 0000:82:00.0: [8086:09a2] type 00 class 0x088000
[    2.835614] pci 0000:82:00.1: [8086:09a4] type 00 class 0x088000
[    2.835693] pci 0000:82:00.2: [8086:09a3] type 00 class 0x088000
[    2.835770] pci 0000:82:00.4: [8086:0998] type 00 class 0x060000
[    2.835851] pci_bus 0000:82: on NUMA node 1
[    2.835949] ACPI: PCI Root Bridge [PC10] (domain 0000 [bus 83-f9])
[    2.835951] acpi PNP0A08:0a: _OSC: OS supports [ExtendedConfig ASPM ClockPM Segments MSI HPX-Type3]
[    2.849776] acpi PNP0A08:0a: _OSC: platform does not support [SHPCHotplug AER]
[    2.849980] acpi PNP0A08:0a: _OSC: OS now controls [PCIeHotplug PME PCIeCapability LTR]
[    2.849981] acpi PNP0A08:0a: FADT indicates ASPM is unsupported, using BIOS configuration
[    2.850102] PCI host bridge to bus 0000:83
[    2.850103] pci_bus 0000:83: root bus resource [io  0xe000-0xefff window]
[    2.850105] pci_bus 0000:83: root bus resource [mem 0xe6800000-0xf13fffff window]
[    2.850106] pci_bus 0000:83: root bus resource [mem 0x280000000000-0x28ffffffffff window]
[    2.850107] pci_bus 0000:83: root bus resource [bus 83-f9]
[    2.850122] pci 0000:83:00.0: [8086:09a2] type 00 class 0x088000
[    2.850204] pci 0000:83:00.1: [8086:09a4] type 00 class 0x088000
[    2.850282] pci 0000:83:00.2: [8086:09a3] type 00 class 0x088000
[    2.850361] pci 0000:83:00.4: [8086:0998] type 00 class 0x060000
[    2.850444] pci_bus 0000:83: on NUMA node 1
[    2.850516] ACPI: PCI Root Bridge [PC11] (domain 0000 [bus fa])
[    2.850518] acpi PNP0A08:0b: _OSC: OS supports [ExtendedConfig ASPM ClockPM Segments MSI HPX-Type3]
[    2.864309] acpi PNP0A08:0b: _OSC: platform does not support [SHPCHotplug AER]
[    2.864512] acpi PNP0A08:0b: _OSC: OS now controls [PCIeHotplug PME PCIeCapability LTR]
[    2.864513] acpi PNP0A08:0b: FADT indicates ASPM is unsupported, using BIOS configuration
[    2.864626] PCI host bridge to bus 0000:fa
[    2.864626] pci_bus 0000:fa: root bus resource [io  0xf000-0xffff window]
[    2.864628] pci_bus 0000:fa: root bus resource [mem 0xf1400000-0xfb7fffff window]
[    2.864629] pci_bus 0000:fa: root bus resource [mem 0x290000000000-0x29ffffffffff window]
[    2.864630] pci_bus 0000:fa: root bus resource [bus fa]
[    2.864644] pci 0000:fa:00.0: [8086:09a2] type 00 class 0x088000
[    2.864723] pci 0000:fa:00.1: [8086:09a4] type 00 class 0x088000
[    2.864803] pci 0000:fa:00.2: [8086:09a3] type 00 class 0x088000
[    2.864883] pci 0000:fa:00.4: [8086:0998] type 00 class 0x060000
[    2.864967] pci_bus 0000:fa: on NUMA node 1
[    2.865031] ACPI: PCI Root Bridge [UC16] (domain 0000 [bus fe])
[    2.865034] acpi PNP0A03:02: _OSC: OS supports [ExtendedConfig ASPM ClockPM Segments MSI HPX-Type3]
[    2.865199] acpi PNP0A03:02: _OSC: platform does not support [SHPCHotplug AER LTR]
[    2.865370] acpi PNP0A03:02: _OSC: OS now controls [PCIeHotplug PME PCIeCapability]
[    2.865371] acpi PNP0A03:02: FADT indicates ASPM is unsupported, using BIOS configuration
[    2.865495] PCI host bridge to bus 0000:fe
[    2.865495] pci_bus 0000:fe: root bus resource [bus fe]
[    2.865528] pci 0000:fe:00.0: [8086:3450] type 00 class 0x088000
[    2.865618] pci 0000:fe:00.1: [8086:3451] type 00 class 0x088000
[    2.865700] pci 0000:fe:00.2: [8086:3452] type 00 class 0x088000
[    2.865785] pci 0000:fe:00.3: [8086:0998] type 00 class 0x060000
[    2.865869] pci 0000:fe:00.5: [8086:3455] type 00 class 0x088000
[    2.865972] pci 0000:fe:02.0: [8086:3440] type 00 class 0x088000
[    2.866118] pci 0000:fe:02.1: [8086:3441] type 00 class 0x088000
[    2.866256] pci 0000:fe:02.2: [8086:3442] type 00 class 0x088000
[    2.866403] pci 0000:fe:03.0: [8086:3440] type 00 class 0x088000
[    2.866514] pci 0000:fe:03.1: [8086:3441] type 00 class 0x088000
[    2.866617] pci 0000:fe:03.2: [8086:3442] type 00 class 0x088000
[    2.866730] pci 0000:fe:04.0: [8086:3440] type 00 class 0x088000
[    2.866877] pci 0000:fe:04.1: [8086:3441] type 00 class 0x088000
[    2.867021] pci 0000:fe:04.2: [8086:3442] type 00 class 0x088000
[    2.867167] pci 0000:fe:04.3: [8086:3443] type 00 class 0x088000
[    2.867326] pci 0000:fe:05.0: [8086:3445] type 00 class 0x088000
[    2.867471] pci 0000:fe:05.1: [8086:3446] type 00 class 0x088000
[    2.867613] pci 0000:fe:05.2: [8086:3447] type 00 class 0x088000
[    2.867766] pci 0000:fe:06.0: [8086:3445] type 00 class 0x088000
[    2.867874] pci 0000:fe:06.1: [8086:3446] type 00 class 0x088000
[    2.867984] pci 0000:fe:06.2: [8086:3447] type 00 class 0x088000
[    2.868113] pci 0000:fe:07.0: [8086:3445] type 00 class 0x088000
[    2.868264] pci 0000:fe:07.1: [8086:3446] type 00 class 0x088000
[    2.868412] pci 0000:fe:07.2: [8086:3447] type 00 class 0x088000
[    2.868569] pci 0000:fe:0b.0: [8086:3448] type 00 class 0x088000
[    2.868662] pci 0000:fe:0b.1: [8086:3448] type 00 class 0x088000
[    2.868752] pci 0000:fe:0b.2: [8086:344b] type 00 class 0x088000
[    2.868859] pci 0000:fe:0c.0: [8086:344a] type 00 class 0x110100
[    2.868991] pci 0000:fe:0d.0: [8086:344a] type 00 class 0x110100
[    2.869107] pci 0000:fe:0e.0: [8086:344a] type 00 class 0x110100
[    2.869285] pci 0000:fe:0f.0: [8086:344a] type 00 class 0x110100
[    2.869481] pci 0000:fe:1a.0: [8086:2880] type 00 class 0x110100
[    2.869610] pci 0000:fe:1b.0: [8086:2880] type 00 class 0x110100
[    2.869723] pci 0000:fe:1c.0: [8086:2880] type 00 class 0x110100
[    2.869904] pci 0000:fe:1d.0: [8086:2880] type 00 class 0x110100
[    2.870068] pci_bus 0000:fe: on NUMA node 1
[    2.870145] ACPI: PCI Root Bridge [UC17] (domain 0000 [bus ff])
[    2.870147] acpi PNP0A03:03: _OSC: OS supports [ExtendedConfig ASPM ClockPM Segments MSI HPX-Type3]
[    2.870313] acpi PNP0A03:03: _OSC: platform does not support [SHPCHotplug AER LTR]
[    2.870485] acpi PNP0A03:03: _OSC: OS now controls [PCIeHotplug PME PCIeCapability]
[    2.870486] acpi PNP0A03:03: FADT indicates ASPM is unsupported, using BIOS configuration
[    2.870622] PCI host bridge to bus 0000:ff
[    2.870623] pci_bus 0000:ff: root bus resource [bus ff]
[    2.870665] pci 0000:ff:00.0: [8086:344c] type 00 class 0x088000
[    2.870802] pci 0000:ff:00.1: [8086:344c] type 00 class 0x088000
[    2.870943] pci 0000:ff:00.2: [8086:344c] type 00 class 0x088000
[    2.871073] pci 0000:ff:00.3: [8086:344c] type 00 class 0x088000
[    2.871223] pci 0000:ff:00.4: [8086:344c] type 00 class 0x088000
[    2.871366] pci 0000:ff:00.5: [8086:344c] type 00 class 0x088000
[    2.871489] pci 0000:ff:00.6: [8086:344c] type 00 class 0x088000
[    2.871643] pci 0000:ff:00.7: [8086:344c] type 00 class 0x088000
[    2.871812] pci 0000:ff:01.0: [8086:344c] type 00 class 0x088000
[    2.871976] pci 0000:ff:01.1: [8086:344c] type 00 class 0x088000
[    2.872132] pci 0000:ff:01.2: [8086:344c] type 00 class 0x088000
[    2.872248] pci 0000:ff:01.3: [8086:344c] type 00 class 0x088000
[    2.872413] pci 0000:ff:01.4: [8086:344c] type 00 class 0x088000
[    2.872579] pci 0000:ff:01.5: [8086:344c] type 00 class 0x088000
[    2.872749] pci 0000:ff:01.6: [8086:344c] type 00 class 0x088000
[    2.872903] pci 0000:ff:01.7: [8086:344c] type 00 class 0x088000
[    2.873078] pci 0000:ff:02.0: [8086:344c] type 00 class 0x088000
[    2.873239] pci 0000:ff:02.1: [8086:344c] type 00 class 0x088000
[    2.873399] pci 0000:ff:02.2: [8086:344c] type 00 class 0x088000
[    2.873566] pci 0000:ff:02.3: [8086:344c] type 00 class 0x088000
[    2.873729] pci 0000:ff:02.4: [8086:344c] type 00 class 0x088000
[    2.873895] pci 0000:ff:02.5: [8086:344c] type 00 class 0x088000
[    2.874066] pci 0000:ff:02.6: [8086:344c] type 00 class 0x088000
[    2.874244] pci 0000:ff:02.7: [8086:344c] type 00 class 0x088000
[    2.874440] pci 0000:ff:03.0: [8086:344c] type 00 class 0x088000
[    2.874621] pci 0000:ff:03.1: [8086:344c] type 00 class 0x088000
[    2.874797] pci 0000:ff:03.2: [8086:344c] type 00 class 0x088000
[    2.874983] pci 0000:ff:03.3: [8086:344c] type 00 class 0x088000
[    2.875190] pci 0000:ff:0a.0: [8086:344d] type 00 class 0x088000
[    2.875321] pci 0000:ff:0a.1: [8086:344d] type 00 class 0x088000
[    2.875460] pci 0000:ff:0a.2: [8086:344d] type 00 class 0x088000
[    2.875588] pci 0000:ff:0a.3: [8086:344d] type 00 class 0x088000
[    2.875736] pci 0000:ff:0a.4: [8086:344d] type 00 class 0x088000
[    2.875881] pci 0000:ff:0a.5: [8086:344d] type 00 class 0x088000
[    2.876005] pci 0000:ff:0a.6: [8086:344d] type 00 class 0x088000
[    2.876158] pci 0000:ff:0a.7: [8086:344d] type 00 class 0x088000
[    2.876326] pci 0000:ff:0b.0: [8086:344d] type 00 class 0x088000
[    2.876485] pci 0000:ff:0b.1: [8086:344d] type 00 class 0x088000
[    2.876636] pci 0000:ff:0b.2: [8086:344d] type 00 class 0x088000
[    2.876749] pci 0000:ff:0b.3: [8086:344d] type 00 class 0x088000
[    2.876913] pci 0000:ff:0b.4: [8086:344d] type 00 class 0x088000
[    2.877077] pci 0000:ff:0b.5: [8086:344d] type 00 class 0x088000
[    2.877247] pci 0000:ff:0b.6: [8086:344d] type 00 class 0x088000
[    2.877401] pci 0000:ff:0b.7: [8086:344d] type 00 class 0x088000
[    2.877575] pci 0000:ff:0c.0: [8086:344d] type 00 class 0x088000
[    2.877735] pci 0000:ff:0c.1: [8086:344d] type 00 class 0x088000
[    2.877895] pci 0000:ff:0c.2: [8086:344d] type 00 class 0x088000
[    2.878060] pci 0000:ff:0c.3: [8086:344d] type 00 class 0x088000
[    2.878225] pci 0000:ff:0c.4: [8086:344d] type 00 class 0x088000
[    2.878390] pci 0000:ff:0c.5: [8086:344d] type 00 class 0x088000
[    2.878561] pci 0000:ff:0c.6: [8086:344d] type 00 class 0x088000
[    2.878733] pci 0000:ff:0c.7: [8086:344d] type 00 class 0x088000
[    2.878928] pci 0000:ff:0d.0: [8086:344d] type 00 class 0x088000
[    2.879107] pci 0000:ff:0d.1: [8086:344d] type 00 class 0x088000
[    2.879283] pci 0000:ff:0d.2: [8086:344d] type 00 class 0x088000
[    2.879470] pci 0000:ff:0d.3: [8086:344d] type 00 class 0x088000
[    2.879687] pci 0000:ff:1d.0: [8086:344f] type 00 class 0x088000
[    2.879826] pci 0000:ff:1d.1: [8086:3457] type 00 class 0x088000
[    2.879981] pci 0000:ff:1e.0: [8086:3458] type 00 class 0x088000
[    2.880079] pci 0000:ff:1e.1: [8086:3459] type 00 class 0x088000
[    2.880172] pci 0000:ff:1e.2: [8086:345a] type 00 class 0x088000
[    2.880264] pci 0000:ff:1e.3: [8086:345b] type 00 class 0x088000
[    2.880357] pci 0000:ff:1e.4: [8086:345c] type 00 class 0x088000
[    2.880449] pci 0000:ff:1e.5: [8086:345d] type 00 class 0x088000
[    2.880540] pci 0000:ff:1e.6: [8086:345e] type 00 class 0x088000
[    2.880632] pci 0000:ff:1e.7: [8086:345f] type 00 class 0x088000
[    2.880707] pci_bus 0000:ff: on NUMA node 1
[    2.884139] iommu: Default domain type: Translated 
[    2.884139] iommu: DMA domain TLB invalidation policy: lazy mode 
[    2.884139] pci 0000:03:00.0: vgaarb: setting as boot VGA device
[    2.884139] pci 0000:03:00.0: vgaarb: VGA device added: decodes=io+mem,owns=io+mem,locks=none
[    2.884170] pci 0000:03:00.0: vgaarb: bridge control possible
[    2.884171] vgaarb: loaded
[    2.884355] SCSI subsystem initialized
[    2.884396] libata version 3.00 loaded.
[    2.884396] ACPI: bus type USB registered
[    2.884396] usbcore: registered new interface driver usbfs
[    2.884396] usbcore: registered new interface driver hub
[    2.884396] usbcore: registered new device driver usb
[    2.884396] pps_core: LinuxPPS API ver. 1 registered
[    2.884396] pps_core: Software ver. 5.3.6 - Copyright 2005-2007 Rodolfo Giometti <giometti@linux.it>
[    2.884396] PTP clock support registered
[    2.884396] EDAC MC: Ver: 3.0.0
[    2.884781] Registered efivars operations
[    2.884781] NetLabel: Initializing
[    2.884781] NetLabel:  domain hash size = 128
[    2.884781] NetLabel:  protocols = UNLABELED CIPSOv4 CALIPSO
[    2.884781] NetLabel:  unlabeled traffic allowed by default
[    2.884781] PCI: Using ACPI for IRQ routing
[    2.886845] PCI: pci_cache_line_size set to 64 bytes
[    2.887398] e820: reserve RAM buffer [mem 0x0008f000-0x0008ffff]
[    2.887401] e820: reserve RAM buffer [mem 0x46cc5020-0x47ffffff]
[    2.887402] e820: reserve RAM buffer [mem 0x46cf7020-0x47ffffff]
[    2.887403] e820: reserve RAM buffer [mem 0x46d2a020-0x47ffffff]
[    2.887404] e820: reserve RAM buffer [mem 0x46d5d020-0x47ffffff]
[    2.887405] e820: reserve RAM buffer [mem 0x49e77000-0x4bffffff]
[    2.887406] e820: reserve RAM buffer [mem 0x4b2cf000-0x4bffffff]
[    2.887407] e820: reserve RAM buffer [mem 0x4bd94000-0x4bffffff]
[    2.887408] e820: reserve RAM buffer [mem 0x4ce00000-0x4fffffff]
[    2.887409] e820: reserve RAM buffer [mem 0x5eefe000-0x5fffffff]
[    2.887410] e820: reserve RAM buffer [mem 0x6f800000-0x6fffffff]
[    2.888834] hpet0: at MMIO 0xfed00000, IRQs 2, 8, 0, 0, 0, 0, 0, 0
[    2.888841] hpet0: 8 comparators, 64-bit 24.000000 MHz counter
[    2.892199] clocksource: Switched to clocksource tsc-early
[    2.902443] VFS: Disk quotas dquot_6.6.0
[    2.902481] VFS: Dquot-cache hash table entries: 512 (order 0, 4096 bytes)
[    2.902713] AppArmor: AppArmor Filesystem Enabled
[    2.902732] pnp: PnP ACPI init
[    2.918291] system 00:01: [io  0x0500-0x05fe] has been reserved
[    2.918294] system 00:01: [io  0x0400-0x041f] has been reserved
[    2.918296] system 00:01: [io  0x0600-0x061f] has been reserved
[    2.918297] system 00:01: [io  0x0ca0-0x0ca1] has been reserved
[    2.918298] system 00:01: [io  0x0ca4-0x0ca6] has been reserved
[    2.918301] system 00:01: [mem 0xff000000-0xffffffff] has been reserved
[    2.918902] system 00:04: [mem 0xfd000000-0xfdabffff] has been reserved
[    2.918904] system 00:04: [mem 0xfdad0000-0xfdadffff] has been reserved
[    2.918905] system 00:04: [mem 0xfdb00000-0xfdffffff] has been reserved
[    2.918907] system 00:04: [mem 0xfe000000-0xfe00ffff] has been reserved
[    2.918908] system 00:04: [mem 0xfe011000-0xfe01ffff] has been reserved
[    2.918910] system 00:04: [mem 0xfe036000-0xfe03bfff] has been reserved
[    2.918911] system 00:04: [mem 0xfe03d000-0xfe3fffff] has been reserved
[    2.918913] system 00:04: [mem 0xfe410000-0xfe7fffff] has been reserved
[    2.919240] system 00:05: [io  0x1000-0x10fe] has been reserved
[    2.920240] pnp: PnP ACPI: found 6 devices
[    2.925907] clocksource: acpi_pm: mask: 0xffffff max_cycles: 0xffffff, max_idle_ns: 2085701024 ns
[    2.926035] NET: Registered PF_INET protocol family
[    2.926381] IP idents hash table entries: 262144 (order: 9, 2097152 bytes, vmalloc)
[    2.928651] tcp_listen_portaddr_hash hash table entries: 65536 (order: 8, 1048576 bytes, vmalloc)
[    2.928863] TCP established hash table entries: 524288 (order: 10, 4194304 bytes, vmalloc)
[    2.929397] TCP bind hash table entries: 65536 (order: 8, 1048576 bytes, vmalloc)
[    2.929521] TCP: Hash tables configured (established 524288 bind 65536)
[    2.929679] UDP hash table entries: 65536 (order: 9, 2097152 bytes, vmalloc)
[    2.929975] UDP-Lite hash table entries: 65536 (order: 9, 2097152 bytes, vmalloc)
[    2.930370] NET: Registered PF_UNIX/PF_LOCAL protocol family
[    2.930377] NET: Registered PF_XDP protocol family
[    2.930386] pci 0000:04:00.0: can't claim BAR 6 [mem 0xfffc0000-0xffffffff pref]: no compatible bridge window
[    2.930389] pci 0000:04:00.1: can't claim BAR 6 [mem 0xfffc0000-0xffffffff pref]: no compatible bridge window
[    2.930390] pci 0000:17:00.0: can't claim BAR 6 [mem 0xfff00000-0xffffffff pref]: no compatible bridge window
[    2.930405] pci 0000:00:1c.5: BAR 14: assigned [mem 0x90000000-0x900fffff]
[    2.930409] pci 0000:00:1c.0: PCI bridge to [bus 01]
[    2.930419] pci 0000:02:00.0: PCI bridge to [bus 03]
[    2.930423] pci 0000:02:00.0:   bridge window [mem 0x92000000-0x928fffff]
[    2.930427] pci 0000:02:00.0:   bridge window [mem 0x91000000-0x91ffffff 64bit pref]
[    2.930433] pci 0000:00:1c.4: PCI bridge to [bus 02-03]
[    2.930436] pci 0000:00:1c.4:   bridge window [mem 0x92000000-0x928fffff]
[    2.930439] pci 0000:00:1c.4:   bridge window [mem 0x91000000-0x91ffffff 64bit pref]
[    2.930444] pci 0000:04:00.0: BAR 6: assigned [mem 0x90000000-0x9003ffff pref]
[    2.930446] pci 0000:04:00.1: BAR 6: assigned [mem 0x90040000-0x9007ffff pref]
[    2.930447] pci 0000:00:1c.5: PCI bridge to [bus 04]
[    2.930450] pci 0000:00:1c.5:   bridge window [mem 0x90000000-0x900fffff]
[    2.930453] pci 0000:00:1c.5:   bridge window [mem 0x92900000-0x929fffff 64bit pref]
[    2.930457] pci_bus 0000:00: resource 4 [io  0x0000-0x0cf7 window]
[    2.930458] pci_bus 0000:00: resource 5 [io  0x1000-0x4fff window]
[    2.930460] pci_bus 0000:00: resource 6 [mem 0x000a0000-0x000bffff window]
[    2.930461] pci_bus 0000:00: resource 7 [mem 0x000c8000-0x000cffff window]
[    2.930462] pci_bus 0000:00: resource 8 [mem 0xfe010000-0xfe010fff window]
[    2.930463] pci_bus 0000:00: resource 9 [mem 0x90000000-0x9b7fffff window]
[    2.930464] pci_bus 0000:00: resource 10 [mem 0x200000000000-0x20ffffffffff window]
[    2.930466] pci_bus 0000:02: resource 1 [mem 0x92000000-0x928fffff]
[    2.930467] pci_bus 0000:02: resource 2 [mem 0x91000000-0x91ffffff 64bit pref]
[    2.930468] pci_bus 0000:03: resource 1 [mem 0x92000000-0x928fffff]
[    2.930469] pci_bus 0000:03: resource 2 [mem 0x91000000-0x91ffffff 64bit pref]
[    2.930470] pci_bus 0000:04: resource 1 [mem 0x90000000-0x900fffff]
[    2.930471] pci_bus 0000:04: resource 2 [mem 0x92900000-0x929fffff 64bit pref]
[    2.930542] pci 0000:17:00.0: BAR 6: no space for [mem size 0x00100000 pref]
[    2.930544] pci 0000:17:00.0: BAR 6: failed to assign [mem size 0x00100000 pref]
[    2.930545] pci 0000:16:02.0: PCI bridge to [bus 17]
[    2.930547] pci 0000:16:02.0:   bridge window [io  0x5000-0x5fff]
[    2.930550] pci 0000:16:02.0:   bridge window [mem 0x9ba00000-0x9bafffff]
[    2.930552] pci 0000:16:02.0:   bridge window [mem 0x9b800000-0x9b9fffff 64bit pref]
[    2.930555] pci_bus 0000:16: resource 4 [io  0x5000-0x6fff window]
[    2.930556] pci_bus 0000:16: resource 5 [mem 0x9b800000-0xa63fffff window]
[    2.930557] pci_bus 0000:16: resource 6 [mem 0x210000000000-0x21ffffffffff window]
[    2.930558] pci_bus 0000:17: resource 0 [io  0x5000-0x5fff]
[    2.930559] pci_bus 0000:17: resource 1 [mem 0x9ba00000-0x9bafffff]
[    2.930560] pci_bus 0000:17: resource 2 [mem 0x9b800000-0x9b9fffff 64bit pref]
[    2.930567] pci_bus 0000:30: resource 4 [io  0x7000-0x8fff window]
[    2.930568] pci_bus 0000:30: resource 5 [mem 0xa6400000-0xb0ffffff window]
[    2.930569] pci_bus 0000:30: resource 6 [mem 0x220000000000-0x22ffffffffff window]
[    2.930575] pci_bus 0000:4a: resource 4 [io  0x9000-0x9fff window]
[    2.930576] pci_bus 0000:4a: resource 5 [mem 0xb1000000-0xbbbfffff window]
[    2.930577] pci_bus 0000:4a: resource 6 [mem 0x230000000000-0x23ffffffffff window]
[    2.930584] pci_bus 0000:64: resource 4 [io  0xa000-0xafff window]
[    2.930585] pci_bus 0000:64: resource 5 [mem 0xbbc00000-0xc5ffffff window]
