[    0.000000] Linux version 5.18.0 (xmu@xmu-PowerEdge-R750) (gcc (Ubuntu 8.4.0-1ubuntu1~18.04) 8.4.0, GNU ld (GNU Binutils for Ubuntu) 2.30) #1 SMP PREEMPT_DYNAMIC Sat Apr 6 15:16:25 CST 2024
[    0.000000] Command line: BOOT_IMAGE=/boot/vmlinuz-5.18.0 root=UUID=ce0c24b8-724b-4f33-9b2c-618433560aef ro memmap=29690M!4096M memmap=59G!64G quiet splash nomodeset vt.handoff=1
[    0.000000] KERNEL supported cpus:
[    0.000000]   Intel GenuineIntel
[    0.000000]   AMD AuthenticAMD
[    0.000000]   Hygon HygonGenuine
[    0.000000]   Centaur CentaurHauls
[    0.000000]   zhaoxin   Shanghai  
[    0.000000] x86/split lock detection: #AC: crashing the kernel on kernel split_locks and warning on user-space split_locks
[    0.000000] x86/fpu: Supporting XSAVE feature 0x001: 'x87 floating point registers'
[    0.000000] x86/fpu: Supporting XSAVE feature 0x002: 'SSE registers'
[    0.000000] x86/fpu: Supporting XSAVE feature 0x004: 'AVX registers'
[    0.000000] x86/fpu: Supporting XSAVE feature 0x020: 'AVX-512 opmask'
[    0.000000] x86/fpu: Supporting XSAVE feature 0x040: 'AVX-512 Hi256'
[    0.000000] x86/fpu: Supporting XSAVE feature 0x080: 'AVX-512 ZMM_Hi256'
[    0.000000] x86/fpu: Supporting XSAVE feature 0x200: 'Protection Keys User registers'
[    0.000000] x86/fpu: xstate_offset[2]:  576, xstate_sizes[2]:  256
[    0.000000] x86/fpu: xstate_offset[5]:  832, xstate_sizes[5]:   64
[    0.000000] x86/fpu: xstate_offset[6]:  896, xstate_sizes[6]:  512
[    0.000000] x86/fpu: xstate_offset[7]: 1408, xstate_sizes[7]: 1024
[    0.000000] x86/fpu: xstate_offset[9]: 2432, xstate_sizes[9]:    8
[    0.000000] x86/fpu: Enabled xstate features 0x2e7, context size is 2440 bytes, using 'compacted' format.
[    0.000000] signal: max sigframe size: 3632
[    0.000000] BIOS-provided physical RAM map:
[    0.000000] BIOS-e820: [mem 0x0000000000000000-0x000000000008efff] usable
[    0.000000] BIOS-e820: [mem 0x000000000008f000-0x000000000008ffff] reserved
[    0.000000] BIOS-e820: [mem 0x0000000000090000-0x000000000009ffff] usable
[    0.000000] BIOS-e820: [mem 0x00000000000a0000-0x00000000000fffff] reserved
[    0.000000] BIOS-e820: [mem 0x0000000000100000-0x0000000049e76fff] usable
[    0.000000] BIOS-e820: [mem 0x0000000049e77000-0x000000004ae76fff] ACPI NVS
[    0.000000] BIOS-e820: [mem 0x000000004ae77000-0x000000004b2cefff] usable
[    0.000000] BIOS-e820: [mem 0x000000004b2cf000-0x000000004b54dfff] ACPI data
[    0.000000] BIOS-e820: [mem 0x000000004b54e000-0x000000004bd93fff] usable
[    0.000000] BIOS-e820: [mem 0x000000004bd94000-0x000000004be99fff] reserved
[    0.000000] BIOS-e820: [mem 0x000000004be9a000-0x000000004cdfffff] usable
[    0.000000] BIOS-e820: [mem 0x000000004ce00000-0x000000004cffffff] reserved
[    0.000000] BIOS-e820: [mem 0x000000004d000000-0x000000005eefdfff] usable
[    0.000000] BIOS-e820: [mem 0x000000005eefe000-0x000000006e3fefff] reserved
[    0.000000] BIOS-e820: [mem 0x000000006e3ff000-0x000000006f3fefff] ACPI NVS
[    0.000000] BIOS-e820: [mem 0x000000006f3ff000-0x000000006f7fefff] ACPI data
[    0.000000] BIOS-e820: [mem 0x000000006f7ff000-0x000000006f7fffff] usable
[    0.000000] BIOS-e820: [mem 0x000000006f800000-0x000000008fffffff] reserved
[    0.000000] BIOS-e820: [mem 0x00000000fe000000-0x00000000fe010fff] reserved
[    0.000000] BIOS-e820: [mem 0x0000000100000000-0x000000207fffffff] usable
[    0.000000] BIOS-e820: [mem 0x0000002080000000-0x0000011c7fffffff] persistent (type 7)
[    0.000000] BIOS-e820: [mem 0x00001ffc00000000-0x00001fffffffffff] reserved
[    0.000000] NX (Execute Disable) protection: active
[    0.000000] e820: update [mem 0x46d5c020-0x46d6405f] usable ==> usable
[    0.000000] e820: update [mem 0x46d5c020-0x46d6405f] usable ==> usable
[    0.000000] e820: update [mem 0x46d29020-0x46d5bc5f] usable ==> usable
[    0.000000] e820: update [mem 0x46d29020-0x46d5bc5f] usable ==> usable
[    0.000000] e820: update [mem 0x46cf6020-0x46d28c5f] usable ==> usable
[    0.000000] e820: update [mem 0x46cf6020-0x46d28c5f] usable ==> usable
[    0.000000] e820: update [mem 0x46cc4020-0x46cf5a5f] usable ==> usable
[    0.000000] e820: update [mem 0x46cc4020-0x46cf5a5f] usable ==> usable
[    0.000000] extended physical RAM map:
[    0.000000] reserve setup_data: [mem 0x0000000000000000-0x000000000008efff] usable
[    0.000000] reserve setup_data: [mem 0x000000000008f000-0x000000000008ffff] reserved
[    0.000000] reserve setup_data: [mem 0x0000000000090000-0x000000000009ffff] usable
[    0.000000] reserve setup_data: [mem 0x00000000000a0000-0x00000000000fffff] reserved
[    0.000000] reserve setup_data: [mem 0x0000000000100000-0x0000000046cc401f] usable
[    0.000000] reserve setup_data: [mem 0x0000000046cc4020-0x0000000046cf5a5f] usable
[    0.000000] reserve setup_data: [mem 0x0000000046cf5a60-0x0000000046cf601f] usable
[    0.000000] reserve setup_data: [mem 0x0000000046cf6020-0x0000000046d28c5f] usable
[    0.000000] reserve setup_data: [mem 0x0000000046d28c60-0x0000000046d2901f] usable
[    0.000000] reserve setup_data: [mem 0x0000000046d29020-0x0000000046d5bc5f] usable
[    0.000000] reserve setup_data: [mem 0x0000000046d5bc60-0x0000000046d5c01f] usable
[    0.000000] reserve setup_data: [mem 0x0000000046d5c020-0x0000000046d6405f] usable
[    0.000000] reserve setup_data: [mem 0x0000000046d64060-0x0000000049e76fff] usable
[    0.000000] reserve setup_data: [mem 0x0000000049e77000-0x000000004ae76fff] ACPI NVS
[    0.000000] reserve setup_data: [mem 0x000000004ae77000-0x000000004b2cefff] usable
[    0.000000] reserve setup_data: [mem 0x000000004b2cf000-0x000000004b54dfff] ACPI data
[    0.000000] reserve setup_data: [mem 0x000000004b54e000-0x000000004bd93fff] usable
[    0.000000] reserve setup_data: [mem 0x000000004bd94000-0x000000004be99fff] reserved
[    0.000000] reserve setup_data: [mem 0x000000004be9a000-0x000000004cdfffff] usable
[    0.000000] reserve setup_data: [mem 0x000000004ce00000-0x000000004cffffff] reserved
[    0.000000] reserve setup_data: [mem 0x000000004d000000-0x000000005eefdfff] usable
[    0.000000] reserve setup_data: [mem 0x000000005eefe000-0x000000006e3fefff] reserved
[    0.000000] reserve setup_data: [mem 0x000000006e3ff000-0x000000006f3fefff] ACPI NVS
[    0.000000] reserve setup_data: [mem 0x000000006f3ff000-0x000000006f7fefff] ACPI data
[    0.000000] reserve setup_data: [mem 0x000000006f7ff000-0x000000006f7fffff] usable
[    0.000000] reserve setup_data: [mem 0x000000006f800000-0x000000008fffffff] reserved
[    0.000000] reserve setup_data: [mem 0x00000000fe000000-0x00000000fe010fff] reserved
[    0.000000] reserve setup_data: [mem 0x0000000100000000-0x000000083f9fffff] persistent (type 12)
[    0.000000] reserve setup_data: [mem 0x000000083fa00000-0x0000000fffffffff] usable
[    0.000000] reserve setup_data: [mem 0x0000001000000000-0x0000001ebfffffff] persistent (type 12)
[    0.000000] reserve setup_data: [mem 0x0000001ec0000000-0x000000207fffffff] usable
[    0.000000] reserve setup_data: [mem 0x0000002080000000-0x0000011c7fffffff] persistent (type 7)
[    0.000000] reserve setup_data: [mem 0x00001ffc00000000-0x00001fffffffffff] reserved
[    0.000000] user-defined physical RAM map:
[    0.000000] user: [mem 0x0000000000000000-0x000000000008efff] usable
[    0.000000] user: [mem 0x000000000008f000-0x000000000008ffff] reserved
[    0.000000] user: [mem 0x0000000000090000-0x000000000009ffff] usable
[    0.000000] user: [mem 0x00000000000a0000-0x00000000000fffff] reserved
[    0.000000] user: [mem 0x0000000000100000-0x0000000046cc401f] usable
[    0.000000] user: [mem 0x0000000046cc4020-0x0000000046cf5a5f] usable
[    0.000000] user: [mem 0x0000000046cf5a60-0x0000000046cf601f] usable
[    0.000000] user: [mem 0x0000000046cf6020-0x0000000046d28c5f] usable
[    0.000000] user: [mem 0x0000000046d28c60-0x0000000046d2901f] usable
[    0.000000] user: [mem 0x0000000046d29020-0x0000000046d5bc5f] usable
[    0.000000] user: [mem 0x0000000046d5bc60-0x0000000046d5c01f] usable
[    0.000000] user: [mem 0x0000000046d5c020-0x0000000046d6405f] usable
[    0.000000] user: [mem 0x0000000046d64060-0x0000000049e76fff] usable
[    0.000000] user: [mem 0x0000000049e77000-0x000000004ae76fff] ACPI NVS
[    0.000000] user: [mem 0x000000004ae77000-0x000000004b2cefff] usable
[    0.000000] user: [mem 0x000000004b2cf000-0x000000004b54dfff] ACPI data
[    0.000000] user: [mem 0x000000004b54e000-0x000000004bd93fff] usable
[    0.000000] user: [mem 0x000000004bd94000-0x000000004be99fff] reserved
[    0.000000] user: [mem 0x000000004be9a000-0x000000004cdfffff] usable
[    0.000000] user: [mem 0x000000004ce00000-0x000000004cffffff] reserved
[    0.000000] user: [mem 0x000000004d000000-0x000000005eefdfff] usable
[    0.000000] user: [mem 0x000000005eefe000-0x000000006e3fefff] reserved
[    0.000000] user: [mem 0x000000006e3ff000-0x000000006f3fefff] ACPI NVS
[    0.000000] user: [mem 0x000000006f3ff000-0x000000006f7fefff] ACPI data
[    0.000000] user: [mem 0x000000006f7ff000-0x000000006f7fffff] usable
[    0.000000] user: [mem 0x000000006f800000-0x000000008fffffff] reserved
[    0.000000] user: [mem 0x00000000fe000000-0x00000000fe010fff] reserved
[    0.000000] user: [mem 0x0000000100000000-0x000000083f9fffff] persistent (type 12)
[    0.000000] user: [mem 0x000000083fa00000-0x0000000fffffffff] usable
[    0.000000] user: [mem 0x0000001000000000-0x0000001ebfffffff] persistent (type 12)
[    0.000000] user: [mem 0x0000001ec0000000-0x000000207fffffff] usable
[    0.000000] user: [mem 0x0000002080000000-0x0000011c7fffffff] persistent (type 7)
[    0.000000] user: [mem 0x00001ffc00000000-0x00001fffffffffff] reserved
[    0.000000] efi: EFI v2.70 by Dell Inc.
[    0.000000] efi: ACPI=0x6f7fe000 ACPI 2.0=0x6f7fe014 MEMATTR=0x5b070020 SMBIOS=0x69526000 SMBIOS 3.0=0x69524000 MOKvar=0x5ef81000 RNG=0x5ef8a920 
[    0.000000] efi: seeding entropy pool
[    0.000000] SMBIOS 3.3.0 present.
[    0.000000] DMI: Dell Inc. PowerEdge R750/0K8F35, BIOS 1.10.2 03/03/2023
[    0.000000] tsc: Detected 2000.000 MHz processor
[    0.000006] e820: update [mem 0x00000000-0x00000fff] usable ==> reserved
[    0.000009] e820: remove [mem 0x000a0000-0x000fffff] usable
[    0.000017] last_pfn = 0x2080000 max_arch_pfn = 0x400000000
[    0.000194] x86/PAT: Configuration [0-7]: WB  WC  UC- UC  WB  WP  UC- WT  
[    0.002839] total RAM covered: 2095088M
[    0.002925]  gran_size: 64K 	chunk_size: 64K 	num_reg: 10  	lose cover RAM: 2016G
[    0.002927]  gran_size: 64K 	chunk_size: 128K 	num_reg: 10  	lose cover RAM: 2016G
[    0.002929]  gran_size: 64K 	chunk_size: 256K 	num_reg: 10  	lose cover RAM: 2016G
[    0.002930]  gran_size: 64K 	chunk_size: 512K 	num_reg: 10  	lose cover RAM: 2016G
[    0.002932]  gran_size: 64K 	chunk_size: 1M 	num_reg: 10  	lose cover RAM: 2016G
[    0.002933]  gran_size: 64K 	chunk_size: 2M 	num_reg: 10  	lose cover RAM: 2016G
[    0.002934]  gran_size: 64K 	chunk_size: 4M 	num_reg: 10  	lose cover RAM: 2016G
[    0.002936]  gran_size: 64K 	chunk_size: 8M 	num_reg: 10  	lose cover RAM: 2016G
[    0.002937]  gran_size: 64K 	chunk_size: 16M 	num_reg: 10  	lose cover RAM: 2016G
[    0.002939]  gran_size: 64K 	chunk_size: 32M 	num_reg: 10  	lose cover RAM: 1024G
[    0.002940]  gran_size: 64K 	chunk_size: 64M 	num_reg: 10  	lose cover RAM: 1024G
[    0.002941]  gran_size: 64K 	chunk_size: 128M 	num_reg: 10  	lose cover RAM: 1024G
[    0.002943]  gran_size: 64K 	chunk_size: 256M 	num_reg: 10  	lose cover RAM: 1024G
[    0.002944]  gran_size: 64K 	chunk_size: 512M 	num_reg: 10  	lose cover RAM: 1024G
[    0.002945]  gran_size: 64K 	chunk_size: 1G 	num_reg: 10  	lose cover RAM: 1024G
[    0.002947]  gran_size: 64K 	chunk_size: 2G 	num_reg: 10  	lose cover RAM: 1024G
[    0.002948]  gran_size: 128K 	chunk_size: 128K 	num_reg: 10  	lose cover RAM: 2016G
[    0.002949]  gran_size: 128K 	chunk_size: 256K 	num_reg: 10  	lose cover RAM: 2016G
[    0.002951]  gran_size: 128K 	chunk_size: 512K 	num_reg: 10  	lose cover RAM: 2016G
[    0.002952]  gran_size: 128K 	chunk_size: 1M 	num_reg: 10  	lose cover RAM: 2016G
[    0.002953]  gran_size: 128K 	chunk_size: 2M 	num_reg: 10  	lose cover RAM: 2016G
[    0.002955]  gran_size: 128K 	chunk_size: 4M 	num_reg: 10  	lose cover RAM: 2016G
[    0.002956]  gran_size: 128K 	chunk_size: 8M 	num_reg: 10  	lose cover RAM: 2016G
[    0.002957]  gran_size: 128K 	chunk_size: 16M 	num_reg: 10  	lose cover RAM: 2016G
[    0.002959]  gran_size: 128K 	chunk_size: 32M 	num_reg: 10  	lose cover RAM: 1024G
[    0.002960]  gran_size: 128K 	chunk_size: 64M 	num_reg: 10  	lose cover RAM: 1024G
[    0.002961]  gran_size: 128K 	chunk_size: 128M 	num_reg: 10  	lose cover RAM: 1024G
[    0.002963]  gran_size: 128K 	chunk_size: 256M 	num_reg: 10  	lose cover RAM: 1024G
[    0.002964]  gran_size: 128K 	chunk_size: 512M 	num_reg: 10  	lose cover RAM: 1024G
[    0.002965]  gran_size: 128K 	chunk_size: 1G 	num_reg: 10  	lose cover RAM: 1024G
[    0.002967]  gran_size: 128K 	chunk_size: 2G 	num_reg: 10  	lose cover RAM: 1024G
[    0.002968]  gran_size: 256K 	chunk_size: 256K 	num_reg: 10  	lose cover RAM: 2016G
[    0.002970]  gran_size: 256K 	chunk_size: 512K 	num_reg: 10  	lose cover RAM: 2016G
[    0.002971]  gran_size: 256K 	chunk_size: 1M 	num_reg: 10  	lose cover RAM: 2016G
[    0.002973]  gran_size: 256K 	chunk_size: 2M 	num_reg: 10  	lose cover RAM: 2016G
[    0.002974]  gran_size: 256K 	chunk_size: 4M 	num_reg: 10  	lose cover RAM: 2016G
[    0.002975]  gran_size: 256K 	chunk_size: 8M 	num_reg: 10  	lose cover RAM: 2016G
[    0.002977]  gran_size: 256K 	chunk_size: 16M 	num_reg: 10  	lose cover RAM: 2016G
[    0.002978]  gran_size: 256K 	chunk_size: 32M 	num_reg: 10  	lose cover RAM: 1024G
[    0.002979]  gran_size: 256K 	chunk_size: 64M 	num_reg: 10  	lose cover RAM: 1024G
[    0.002981]  gran_size: 256K 	chunk_size: 128M 	num_reg: 10  	lose cover RAM: 1024G
[    0.002982]  gran_size: 256K 	chunk_size: 256M 	num_reg: 10  	lose cover RAM: 1024G
[    0.002983]  gran_size: 256K 	chunk_size: 512M 	num_reg: 10  	lose cover RAM: 1024G
[    0.002984]  gran_size: 256K 	chunk_size: 1G 	num_reg: 10  	lose cover RAM: 1024G
[    0.002986]  gran_size: 256K 	chunk_size: 2G 	num_reg: 10  	lose cover RAM: 1024G
[    0.002987]  gran_size: 512K 	chunk_size: 512K 	num_reg: 10  	lose cover RAM: 2016G
[    0.002988]  gran_size: 512K 	chunk_size: 1M 	num_reg: 10  	lose cover RAM: 2016G
[    0.002990]  gran_size: 512K 	chunk_size: 2M 	num_reg: 10  	lose cover RAM: 2016G
[    0.002991]  gran_size: 512K 	chunk_size: 4M 	num_reg: 10  	lose cover RAM: 2016G
[    0.002992]  gran_size: 512K 	chunk_size: 8M 	num_reg: 10  	lose cover RAM: 2016G
[    0.002994]  gran_size: 512K 	chunk_size: 16M 	num_reg: 10  	lose cover RAM: 2016G
[    0.002995]  gran_size: 512K 	chunk_size: 32M 	num_reg: 10  	lose cover RAM: 1024G
[    0.002996]  gran_size: 512K 	chunk_size: 64M 	num_reg: 10  	lose cover RAM: 1024G
[    0.002997]  gran_size: 512K 	chunk_size: 128M 	num_reg: 10  	lose cover RAM: 1024G
[    0.002999]  gran_size: 512K 	chunk_size: 256M 	num_reg: 10  	lose cover RAM: 1024G
[    0.003000]  gran_size: 512K 	chunk_size: 512M 	num_reg: 10  	lose cover RAM: 1024G
[    0.003002]  gran_size: 512K 	chunk_size: 1G 	num_reg: 10  	lose cover RAM: 1024G
[    0.003003]  gran_size: 512K 	chunk_size: 2G 	num_reg: 10  	lose cover RAM: 1024G
[    0.003004]  gran_size: 1M 	chunk_size: 1M 	num_reg: 10  	lose cover RAM: 2016G
[    0.003006]  gran_size: 1M 	chunk_size: 2M 	num_reg: 10  	lose cover RAM: 2016G
[    0.003007]  gran_size: 1M 	chunk_size: 4M 	num_reg: 10  	lose cover RAM: 2016G
[    0.003009]  gran_size: 1M 	chunk_size: 8M 	num_reg: 10  	lose cover RAM: 2016G
[    0.003010]  gran_size: 1M 	chunk_size: 16M 	num_reg: 10  	lose cover RAM: 2016G
[    0.003011]  gran_size: 1M 	chunk_size: 32M 	num_reg: 10  	lose cover RAM: 1024G
[    0.003012]  gran_size: 1M 	chunk_size: 64M 	num_reg: 10  	lose cover RAM: 1024G
[    0.003014]  gran_size: 1M 	chunk_size: 128M 	num_reg: 10  	lose cover RAM: 1024G
[    0.003015]  gran_size: 1M 	chunk_size: 256M 	num_reg: 10  	lose cover RAM: 1024G
[    0.003016]  gran_size: 1M 	chunk_size: 512M 	num_reg: 10  	lose cover RAM: 1024G
[    0.003018]  gran_size: 1M 	chunk_size: 1G 	num_reg: 10  	lose cover RAM: 1024G
[    0.003019]  gran_size: 1M 	chunk_size: 2G 	num_reg: 10  	lose cover RAM: 1024G
[    0.003020]  gran_size: 2M 	chunk_size: 2M 	num_reg: 10  	lose cover RAM: 2016G
[    0.003022]  gran_size: 2M 	chunk_size: 4M 	num_reg: 10  	lose cover RAM: 2016G
[    0.003023]  gran_size: 2M 	chunk_size: 8M 	num_reg: 10  	lose cover RAM: 2016G
[    0.003024]  gran_size: 2M 	chunk_size: 16M 	num_reg: 10  	lose cover RAM: 2016G
[    0.003025]  gran_size: 2M 	chunk_size: 32M 	num_reg: 10  	lose cover RAM: 1024G
[    0.003027]  gran_size: 2M 	chunk_size: 64M 	num_reg: 10  	lose cover RAM: 1024G
[    0.003028]  gran_size: 2M 	chunk_size: 128M 	num_reg: 10  	lose cover RAM: 1024G
[    0.003030]  gran_size: 2M 	chunk_size: 256M 	num_reg: 10  	lose cover RAM: 1024G
[    0.003031]  gran_size: 2M 	chunk_size: 512M 	num_reg: 10  	lose cover RAM: 1024G
[    0.003032]  gran_size: 2M 	chunk_size: 1G 	num_reg: 10  	lose cover RAM: 1024G
[    0.003034]  gran_size: 2M 	chunk_size: 2G 	num_reg: 10  	lose cover RAM: 1024G
[    0.003035]  gran_size: 4M 	chunk_size: 4M 	num_reg: 10  	lose cover RAM: 2016G
[    0.003037]  gran_size: 4M 	chunk_size: 8M 	num_reg: 10  	lose cover RAM: 2016G
[    0.003038]  gran_size: 4M 	chunk_size: 16M 	num_reg: 10  	lose cover RAM: 2016G
[    0.003039]  gran_size: 4M 	chunk_size: 32M 	num_reg: 10  	lose cover RAM: 1024G
[    0.003041]  gran_size: 4M 	chunk_size: 64M 	num_reg: 10  	lose cover RAM: 1024G
[    0.003042]  gran_size: 4M 	chunk_size: 128M 	num_reg: 10  	lose cover RAM: 1024G
[    0.003043]  gran_size: 4M 	chunk_size: 256M 	num_reg: 10  	lose cover RAM: 1024G
[    0.003044]  gran_size: 4M 	chunk_size: 512M 	num_reg: 10  	lose cover RAM: 1024G
[    0.003046]  gran_size: 4M 	chunk_size: 1G 	num_reg: 10  	lose cover RAM: 1024G
[    0.003047]  gran_size: 4M 	chunk_size: 2G 	num_reg: 10  	lose cover RAM: 1024G
[    0.003048]  gran_size: 8M 	chunk_size: 8M 	num_reg: 10  	lose cover RAM: 2016G
[    0.003050]  gran_size: 8M 	chunk_size: 16M 	num_reg: 10  	lose cover RAM: 2016G
[    0.003051]  gran_size: 8M 	chunk_size: 32M 	num_reg: 10  	lose cover RAM: 1024G
[    0.003052]  gran_size: 8M 	chunk_size: 64M 	num_reg: 10  	lose cover RAM: 1024G
[    0.003053]  gran_size: 8M 	chunk_size: 128M 	num_reg: 10  	lose cover RAM: 1024G
[    0.003055]  gran_size: 8M 	chunk_size: 256M 	num_reg: 10  	lose cover RAM: 1024G
[    0.003056]  gran_size: 8M 	chunk_size: 512M 	num_reg: 10  	lose cover RAM: 1024G
[    0.003057]  gran_size: 8M 	chunk_size: 1G 	num_reg: 10  	lose cover RAM: 1024G
[    0.003059]  gran_size: 8M 	chunk_size: 2G 	num_reg: 10  	lose cover RAM: 1024G
[    0.003060]  gran_size: 16M 	chunk_size: 16M 	num_reg: 10  	lose cover RAM: 2016G
[    0.003061]  gran_size: 16M 	chunk_size: 32M 	num_reg: 10  	lose cover RAM: 1024G
[    0.003063]  gran_size: 16M 	chunk_size: 64M 	num_reg: 10  	lose cover RAM: 1024G
[    0.003064]  gran_size: 16M 	chunk_size: 128M 	num_reg: 10  	lose cover RAM: 1024G
[    0.003065]  gran_size: 16M 	chunk_size: 256M 	num_reg: 10  	lose cover RAM: 1024G
[    0.003067]  gran_size: 16M 	chunk_size: 512M 	num_reg: 10  	lose cover RAM: 1024G
[    0.003068]  gran_size: 16M 	chunk_size: 1G 	num_reg: 10  	lose cover RAM: 1024G
[    0.003070]  gran_size: 16M 	chunk_size: 2G 	num_reg: 10  	lose cover RAM: 1024G
[    0.003071]  gran_size: 32M 	chunk_size: 32M 	num_reg: 10  	lose cover RAM: 2031632M
[    0.003073]  gran_size: 32M 	chunk_size: 64M 	num_reg: 10  	lose cover RAM: 1048592M
[    0.003074]  gran_size: 32M 	chunk_size: 128M 	num_reg: 10  	lose cover RAM: 1048592M
[    0.003075]  gran_size: 32M 	chunk_size: 256M 	num_reg: 10  	lose cover RAM: 1048592M
[    0.003077]  gran_size: 32M 	chunk_size: 512M 	num_reg: 10  	lose cover RAM: 1048592M
[    0.003078]  gran_size: 32M 	chunk_size: 1G 	num_reg: 10  	lose cover RAM: 1048592M
[    0.003079]  gran_size: 32M 	chunk_size: 2G 	num_reg: 10  	lose cover RAM: 1048592M
[    0.003081]  gran_size: 64M 	chunk_size: 64M 	num_reg: 10  	lose cover RAM: 1966128M
[    0.003082]  gran_size: 64M 	chunk_size: 128M 	num_reg: 10  	lose cover RAM: 1048624M
[    0.003083]  gran_size: 64M 	chunk_size: 256M 	num_reg: 10  	lose cover RAM: 1048624M
[    0.003085]  gran_size: 64M 	chunk_size: 512M 	num_reg: 10  	lose cover RAM: 1048624M
[    0.003086]  gran_size: 64M 	chunk_size: 1G 	num_reg: 10  	lose cover RAM: 1048624M
[    0.003087]  gran_size: 64M 	chunk_size: 2G 	num_reg: 10  	lose cover RAM: 1048624M
[    0.003089]  gran_size: 128M 	chunk_size: 128M 	num_reg: 10  	lose cover RAM: 1835120M
[    0.003090]  gran_size: 128M 	chunk_size: 256M 	num_reg: 10  	lose cover RAM: 1048688M
[    0.003091]  gran_size: 128M 	chunk_size: 512M 	num_reg: 10  	lose cover RAM: 1048688M
[    0.003093]  gran_size: 128M 	chunk_size: 1G 	num_reg: 10  	lose cover RAM: 1048688M
[    0.003094]  gran_size: 128M 	chunk_size: 2G 	num_reg: 10  	lose cover RAM: 1048688M
[    0.003096]  gran_size: 256M 	chunk_size: 256M 	num_reg: 10  	lose cover RAM: 1573104M
[    0.003097]  gran_size: 256M 	chunk_size: 512M 	num_reg: 10  	lose cover RAM: 1048816M
[    0.003098]  gran_size: 256M 	chunk_size: 1G 	num_reg: 10  	lose cover RAM: 1048816M
[    0.003100]  gran_size: 256M 	chunk_size: 2G 	num_reg: 10  	lose cover RAM: 1048816M
[    0.003101]  gran_size: 512M 	chunk_size: 512M 	num_reg: 10  	lose cover RAM: 1049072M
[    0.003102]  gran_size: 512M 	chunk_size: 1G 	num_reg: 10  	lose cover RAM: 1049072M
[    0.003104]  gran_size: 512M 	chunk_size: 2G 	num_reg: 10  	lose cover RAM: 1049072M
[    0.003105]  gran_size: 1G 	chunk_size: 1G 	num_reg: 10  	lose cover RAM: 1008M
[    0.003106]  gran_size: 1G 	chunk_size: 2G 	num_reg: 10  	lose cover RAM: 1008M
[    0.003108]  gran_size: 2G 	chunk_size: 2G 	num_reg: 9  	lose cover RAM: 2032M
[    0.003109] mtrr_cleanup: can not find optimal value
[    0.003110] please specify mtrr_gran_size/mtrr_chunk_size
[    0.003112] e820: update [mem 0x7f000000-0xffffffff] usable ==> reserved
[    0.003116] x2apic: enabled by BIOS, switching to x2apic ops
[    0.003117] last_pfn = 0x6f800 max_arch_pfn = 0x400000000
[    0.014545] Using GB pages for direct mapping
[    0.015668] Secure boot disabled
[    0.015669] RAMDISK: [mem 0x205de61000-0x207fffffff]
[    0.015674] ACPI: Early table checksum verification disabled
[    0.015676] ACPI: RSDP 0x000000006F7FE014 000024 (v02 DELL  )
[    0.015680] ACPI: XSDT 0x000000006F41C188 0000F4 (v01 DELL   PE_SC3   00000000 DELL 01000013)
[    0.015686] ACPI: FACP 0x000000006F430000 000114 (v06 DELL   PE_SC3   00000000 DELL 00000001)
[    0.015691] ACPI: DSDT 0x000000004B4CE000 07FAD3 (v02 DELL   PE_SC3   00000003 DELL 00000001)
[    0.015695] ACPI: FACS 0x000000006F2F2000 000040
[    0.015699] ACPI: SSDT 0x000000006F7FB000 00159A (v02 INTEL  RAS_ACPI 00000001 INTL 20210331)
[    0.015702] ACPI: SSDT 0x000000006F7FA000 000745 (v02 INTEL  ADDRXLAT 00000001 INTL 20210331)
[    0.015706] ACPI: MCEJ 0x000000006F7F9000 000130 (v01 INTEL           00000001 INTL 0100000D)
[    0.015709] ACPI: BERT 0x000000006F7F8000 000030 (v01 DELL   PE_SC3   00000001 INTL 00000001)
[    0.015713] ACPI: ERST 0x000000006F7F7000 000230 (v01 DELL   PE_SC3   00000001 INTL 00000001)
[    0.015716] ACPI: SSDT 0x000000006F431000 3C524E (v02 INTEL  SSDTNVDR 00001000 INTL 20210331)
[    0.015720] ACPI: HMAT 0x000000006F42F000 000210 (v01 DELL   PE_SC3   00000001 DELL 00000001)
[    0.015723] ACPI: HPET 0x000000006F42E000 000038 (v01 DELL   PE_SC3   00000001 DELL 00000001)
[    0.015726] ACPI: MCFG 0x000000006F42D000 00003C (v01 DELL   PE_SC3   00000001 DELL 00000001)
[    0.015730] ACPI: MIGT 0x000000006F42C000 000040 (v01 DELL   PE_SC3   00000000 DELL 00000001)
[    0.015733] ACPI: MSCT 0x000000006F42B000 000090 (v01 DELL   PE_SC3   00000001 DELL 00000001)
[    0.015736] ACPI: PMTT 0x000000006F429000 0011E8 (v02 DELL   PE_SC3   00000001 DELL 00000001)
[    0.015740] ACPI: WSMT 0x000000006F428000 000028 (v01 DELL   PE_SC3   00000000 DELL 00000001)
[    0.015743] ACPI: APIC 0x000000006F427000 00075E (v04 DELL   PE_SC3   00000000 DELL 00000001)
[    0.015746] ACPI: SLIT 0x000000006F426000 00003C (v01 DELL   PE_SC3   00000001 DELL 01000013)
[    0.015750] ACPI: SRAT 0x000000006F41F000 006430 (v03 DELL   PE_SC3   00000002 DELL 01000013)
[    0.015753] ACPI: OEM4 0x000000004B346000 187A61 (v02 INTEL  CPU  CST 00003000 INTL 20210331)
[    0.015757] ACPI: SSDT 0x000000004B2CF000 0764A5 (v02 INTEL  SSDT  PM 00004000 INTL 20210331)
[    0.015760] ACPI: SSDT 0x000000006F41E000 000A1F (v02 DELL   PE_SC3   00000000 DELL 00000001)
[    0.015764] ACPI: HEST 0x000000006F41D000 00017C (v01 DELL   PE_SC3   00000001 INTL 00000001)
[    0.015767] ACPI: PCAT 0x000000006F41B000 00010C (v19 DELL   PE_SC3   00000002 DELL 00000001)
[    0.015770] ACPI: SSDT 0x000000006F413000 007299 (v02 INTEL  SpsNm    00000002 INTL 20210331)
[    0.015774] ACPI: SSDT 0x000000006F412000 000426 (v02 DELL   PE_SC3   00000002 DELL 00000001)
[    0.015777] ACPI: NFIT 0x000000006F7FD000 000488 (v01 DELL   PE_SC3   00000002 DELL 00000001)
[    0.015780] ACPI: DMAR 0x000000006F411000 000158 (v01 DELL   PE_SC3   00000001 DELL 00000001)
[    0.015783] ACPI: Reserving FACP table memory at [mem 0x6f430000-0x6f430113]
[    0.015785] ACPI: Reserving DSDT table memory at [mem 0x4b4ce000-0x4b54dad2]
[    0.015786] ACPI: Reserving FACS table memory at [mem 0x6f2f2000-0x6f2f203f]
[    0.015787] ACPI: Reserving SSDT table memory at [mem 0x6f7fb000-0x6f7fc599]
[    0.015788] ACPI: Reserving SSDT table memory at [mem 0x6f7fa000-0x6f7fa744]
[    0.015789] ACPI: Reserving MCEJ table memory at [mem 0x6f7f9000-0x6f7f912f]
[    0.015790] ACPI: Reserving BERT table memory at [mem 0x6f7f8000-0x6f7f802f]
[    0.015790] ACPI: Reserving ERST table memory at [mem 0x6f7f7000-0x6f7f722f]
[    0.015791] ACPI: Reserving SSDT table memory at [mem 0x6f431000-0x6f7f624d]
[    0.015792] ACPI: Reserving HMAT table memory at [mem 0x6f42f000-0x6f42f20f]
[    0.015793] ACPI: Reserving HPET table memory at [mem 0x6f42e000-0x6f42e037]
[    0.015794] ACPI: Reserving MCFG table memory at [mem 0x6f42d000-0x6f42d03b]
[    0.015795] ACPI: Reserving MIGT table memory at [mem 0x6f42c000-0x6f42c03f]
[    0.015796] ACPI: Reserving MSCT table memory at [mem 0x6f42b000-0x6f42b08f]
[    0.015797] ACPI: Reserving PMTT table memory at [mem 0x6f429000-0x6f42a1e7]
[    0.015798] ACPI: Reserving WSMT table memory at [mem 0x6f428000-0x6f428027]
[    0.015798] ACPI: Reserving APIC table memory at [mem 0x6f427000-0x6f42775d]
[    0.015799] ACPI: Reserving SLIT table memory at [mem 0x6f426000-0x6f42603b]
[    0.015800] ACPI: Reserving SRAT table memory at [mem 0x6f41f000-0x6f42542f]
[    0.015801] ACPI: Reserving OEM4 table memory at [mem 0x4b346000-0x4b4cda60]
[    0.015802] ACPI: Reserving SSDT table memory at [mem 0x4b2cf000-0x4b3454a4]
[    0.015803] ACPI: Reserving SSDT table memory at [mem 0x6f41e000-0x6f41ea1e]
[    0.015804] ACPI: Reserving HEST table memory at [mem 0x6f41d000-0x6f41d17b]
[    0.015805] ACPI: Reserving PCAT table memory at [mem 0x6f41b000-0x6f41b10b]
[    0.015806] ACPI: Reserving SSDT table memory at [mem 0x6f413000-0x6f41a298]
[    0.015807] ACPI: Reserving SSDT table memory at [mem 0x6f412000-0x6f412425]
[    0.015808] ACPI: Reserving NFIT table memory at [mem 0x6f7fd000-0x6f7fd487]
[    0.015809] ACPI: Reserving DMAR table memory at [mem 0x6f411000-0x6f411157]
[    0.015819] Setting APIC routing to cluster x2apic.
[    0.015866] SRAT: PXM 0 -> APIC 0x0000 -> Node 0
[    0.015867] SRAT: PXM 0 -> APIC 0x0001 -> Node 0
[    0.015868] SRAT: PXM 0 -> APIC 0x0002 -> Node 0
[    0.015869] SRAT: PXM 0 -> APIC 0x0003 -> Node 0
[    0.015869] SRAT: PXM 0 -> APIC 0x0004 -> Node 0
[    0.015870] SRAT: PXM 0 -> APIC 0x0005 -> Node 0
[    0.015871] SRAT: PXM 0 -> APIC 0x0006 -> Node 0
[    0.015871] SRAT: PXM 0 -> APIC 0x0007 -> Node 0
[    0.015872] SRAT: PXM 0 -> APIC 0x0008 -> Node 0
[    0.015872] SRAT: PXM 0 -> APIC 0x0009 -> Node 0
[    0.015873] SRAT: PXM 0 -> APIC 0x000a -> Node 0
[    0.015874] SRAT: PXM 0 -> APIC 0x000b -> Node 0
[    0.015875] SRAT: PXM 0 -> APIC 0x000c -> Node 0
[    0.015875] SRAT: PXM 0 -> APIC 0x000d -> Node 0
[    0.015876] SRAT: PXM 0 -> APIC 0x000e -> Node 0
[    0.015877] SRAT: PXM 0 -> APIC 0x000f -> Node 0
[    0.015877] SRAT: PXM 0 -> APIC 0x0010 -> Node 0
[    0.015878] SRAT: PXM 0 -> APIC 0x0011 -> Node 0
[    0.015879] SRAT: PXM 0 -> APIC 0x0012 -> Node 0
[    0.015880] SRAT: PXM 0 -> APIC 0x0013 -> Node 0
[    0.015880] SRAT: PXM 0 -> APIC 0x0014 -> Node 0
[    0.015881] SRAT: PXM 0 -> APIC 0x0015 -> Node 0
[    0.015882] SRAT: PXM 0 -> APIC 0x0016 -> Node 0
[    0.015882] SRAT: PXM 0 -> APIC 0x0017 -> Node 0
[    0.015883] SRAT: PXM 0 -> APIC 0x0018 -> Node 0
[    0.015884] SRAT: PXM 0 -> APIC 0x0019 -> Node 0
[    0.015884] SRAT: PXM 0 -> APIC 0x001a -> Node 0
[    0.015885] SRAT: PXM 0 -> APIC 0x001b -> Node 0
[    0.015886] SRAT: PXM 0 -> APIC 0x001c -> Node 0
[    0.015886] SRAT: PXM 0 -> APIC 0x001d -> Node 0
[    0.015887] SRAT: PXM 0 -> APIC 0x001e -> Node 0
[    0.015888] SRAT: PXM 0 -> APIC 0x001f -> Node 0
[    0.015888] SRAT: PXM 0 -> APIC 0x0020 -> Node 0
[    0.015889] SRAT: PXM 0 -> APIC 0x0021 -> Node 0
[    0.015890] SRAT: PXM 0 -> APIC 0x0022 -> Node 0
[    0.015890] SRAT: PXM 0 -> APIC 0x0023 -> Node 0
[    0.015891] SRAT: PXM 0 -> APIC 0x0024 -> Node 0
[    0.015892] SRAT: PXM 0 -> APIC 0x0025 -> Node 0
[    0.015892] SRAT: PXM 0 -> APIC 0x0026 -> Node 0
[    0.015893] SRAT: PXM 0 -> APIC 0x0027 -> Node 0
[    0.015894] SRAT: PXM 0 -> APIC 0x0028 -> Node 0
[    0.015894] SRAT: PXM 0 -> APIC 0x0029 -> Node 0
[    0.015895] SRAT: PXM 0 -> APIC 0x002a -> Node 0
[    0.015896] SRAT: PXM 0 -> APIC 0x002b -> Node 0
[    0.015896] SRAT: PXM 0 -> APIC 0x002c -> Node 0
[    0.015897] SRAT: PXM 0 -> APIC 0x002d -> Node 0
[    0.015898] SRAT: PXM 0 -> APIC 0x002e -> Node 0
[    0.015898] SRAT: PXM 0 -> APIC 0x002f -> Node 0
[    0.015899] SRAT: PXM 0 -> APIC 0x0030 -> Node 0
[    0.015900] SRAT: PXM 0 -> APIC 0x0031 -> Node 0
[    0.015900] SRAT: PXM 0 -> APIC 0x0032 -> Node 0
[    0.015901] SRAT: PXM 0 -> APIC 0x0033 -> Node 0
[    0.015902] SRAT: PXM 0 -> APIC 0x0034 -> Node 0
[    0.015902] SRAT: PXM 0 -> APIC 0x0035 -> Node 0
[    0.015903] SRAT: PXM 0 -> APIC 0x0036 -> Node 0
[    0.015904] SRAT: PXM 0 -> APIC 0x0037 -> Node 0
[    0.015904] SRAT: PXM 1 -> APIC 0x0080 -> Node 1
[    0.015905] SRAT: PXM 1 -> APIC 0x0081 -> Node 1
[    0.015906] SRAT: PXM 1 -> APIC 0x0082 -> Node 1
[    0.015907] SRAT: PXM 1 -> APIC 0x0083 -> Node 1
[    0.015908] SRAT: PXM 1 -> APIC 0x0084 -> Node 1
[    0.015908] SRAT: PXM 1 -> APIC 0x0085 -> Node 1
[    0.015909] SRAT: PXM 1 -> APIC 0x0086 -> Node 1
[    0.015910] SRAT: PXM 1 -> APIC 0x0087 -> Node 1
[    0.015910] SRAT: PXM 1 -> APIC 0x0088 -> Node 1
[    0.015911] SRAT: PXM 1 -> APIC 0x0089 -> Node 1
[    0.015912] SRAT: PXM 1 -> APIC 0x008a -> Node 1
[    0.015912] SRAT: PXM 1 -> APIC 0x008b -> Node 1
[    0.015913] SRAT: PXM 1 -> APIC 0x008c -> Node 1
[    0.015914] SRAT: PXM 1 -> APIC 0x008d -> Node 1
[    0.015914] SRAT: PXM 1 -> APIC 0x008e -> Node 1
[    0.015915] SRAT: PXM 1 -> APIC 0x008f -> Node 1
[    0.015916] SRAT: PXM 1 -> APIC 0x0090 -> Node 1
[    0.015916] SRAT: PXM 1 -> APIC 0x0091 -> Node 1
[    0.015917] SRAT: PXM 1 -> APIC 0x0092 -> Node 1
[    0.015918] SRAT: PXM 1 -> APIC 0x0093 -> Node 1
[    0.015918] SRAT: PXM 1 -> APIC 0x0094 -> Node 1
[    0.015919] SRAT: PXM 1 -> APIC 0x0095 -> Node 1
[    0.015920] SRAT: PXM 1 -> APIC 0x0096 -> Node 1
[    0.015920] SRAT: PXM 1 -> APIC 0x0097 -> Node 1
[    0.015921] SRAT: PXM 1 -> APIC 0x0098 -> Node 1
[    0.015922] SRAT: PXM 1 -> APIC 0x0099 -> Node 1
[    0.015922] SRAT: PXM 1 -> APIC 0x009a -> Node 1
[    0.015923] SRAT: PXM 1 -> APIC 0x009b -> Node 1
[    0.015923] SRAT: PXM 1 -> APIC 0x009c -> Node 1
[    0.015924] SRAT: PXM 1 -> APIC 0x009d -> Node 1
[    0.015925] SRAT: PXM 1 -> APIC 0x009e -> Node 1
[    0.015925] SRAT: PXM 1 -> APIC 0x009f -> Node 1
[    0.015926] SRAT: PXM 1 -> APIC 0x00a0 -> Node 1
[    0.015927] SRAT: PXM 1 -> APIC 0x00a1 -> Node 1
[    0.015927] SRAT: PXM 1 -> APIC 0x00a2 -> Node 1
[    0.015928] SRAT: PXM 1 -> APIC 0x00a3 -> Node 1
[    0.015929] SRAT: PXM 1 -> APIC 0x00a4 -> Node 1
[    0.015929] SRAT: PXM 1 -> APIC 0x00a5 -> Node 1
[    0.015930] SRAT: PXM 1 -> APIC 0x00a6 -> Node 1
[    0.015931] SRAT: PXM 1 -> APIC 0x00a7 -> Node 1
[    0.015931] SRAT: PXM 1 -> APIC 0x00a8 -> Node 1
[    0.015932] SRAT: PXM 1 -> APIC 0x00a9 -> Node 1
[    0.015933] SRAT: PXM 1 -> APIC 0x00aa -> Node 1
[    0.015933] SRAT: PXM 1 -> APIC 0x00ab -> Node 1
[    0.015934] SRAT: PXM 1 -> APIC 0x00ac -> Node 1
[    0.015935] SRAT: PXM 1 -> APIC 0x00ad -> Node 1
[    0.015935] SRAT: PXM 1 -> APIC 0x00ae -> Node 1
[    0.015936] SRAT: PXM 1 -> APIC 0x00af -> Node 1
[    0.015936] SRAT: PXM 1 -> APIC 0x00b0 -> Node 1
[    0.015937] SRAT: PXM 1 -> APIC 0x00b1 -> Node 1
[    0.015938] SRAT: PXM 1 -> APIC 0x00b2 -> Node 1
[    0.015939] SRAT: PXM 1 -> APIC 0x00b3 -> Node 1
[    0.015940] SRAT: PXM 1 -> APIC 0x00b4 -> Node 1
[    0.015940] SRAT: PXM 1 -> APIC 0x00b5 -> Node 1
[    0.015941] SRAT: PXM 1 -> APIC 0x00b6 -> Node 1
[    0.015942] SRAT: PXM 1 -> APIC 0x00b7 -> Node 1
[    0.015955] ACPI: SRAT: Node 0 PXM 0 [mem 0x00000000-0x7fffffff]
[    0.015957] ACPI: SRAT: Node 0 PXM 0 [mem 0x100000000-0x107fffffff]
[    0.015958] ACPI: SRAT: Node 2 PXM 2 [mem 0x2080000000-0x9e7fffffff] non-volatile
[    0.015960] ACPI: SRAT: Node 1 PXM 1 [mem 0x1080000000-0x207fffffff]
[    0.015961] ACPI: SRAT: Node 3 PXM 3 [mem 0x9e80000000-0x11c7fffffff] non-volatile
[    0.015970] NUMA: Initialized distance table, cnt=4
[    0.015974] NUMA: Node 0 [mem 0x00000000-0x7fffffff] + [mem 0x100000000-0x107fffffff] -> [mem 0x00000000-0x107fffffff]
[    0.015982] NODE_DATA(0) allocated [mem 0xffffd5000-0xfffffffff]
[    0.016004] NODE_DATA(1) allocated [mem 0x205de33000-0x205de5dfff]
[    0.016183] Zone ranges:
[    0.016183]   DMA      [mem 0x0000000000001000-0x0000000000ffffff]
[    0.016185]   DMA32    [mem 0x0000000001000000-0x00000000ffffffff]
[    0.016187]   Normal   [mem 0x0000000100000000-0x000000207fffffff]
[    0.016188]   Device   empty
[    0.016189] Movable zone start for each node
[    0.016193] Early memory node ranges
[    0.016193]   node   0: [mem 0x0000000000001000-0x000000000008efff]
[    0.016195]   node   0: [mem 0x0000000000090000-0x000000000009ffff]
[    0.016196]   node   0: [mem 0x0000000000100000-0x0000000049e76fff]
[    0.016197]   node   0: [mem 0x000000004ae77000-0x000000004b2cefff]
[    0.016198]   node   0: [mem 0x000000004b54e000-0x000000004bd93fff]
[    0.016198]   node   0: [mem 0x000000004be9a000-0x000000004cdfffff]
[    0.016199]   node   0: [mem 0x000000004d000000-0x000000005eefdfff]
[    0.016200]   node   0: [mem 0x000000006f7ff000-0x000000006f7fffff]
[    0.016201]   node   0: [mem 0x000000083fa00000-0x0000000fffffffff]
[    0.016203]   node   1: [mem 0x0000001ec0000000-0x000000207fffffff]
[    0.016205] Initmem setup node 0 [mem 0x0000000000001000-0x0000000fffffffff]
[    0.016208] Initmem setup node 1 [mem 0x0000001ec0000000-0x000000207fffffff]
[    0.016209] Initializing node 2 as memoryless
[    0.016233] Initmem setup node 2 as memoryless
[    0.016233] Initializing node 3 as memoryless
[    0.016257] Initmem setup node 3 as memoryless
[    0.016259] On node 0, zone DMA: 1 pages in unavailable ranges
[    0.016261] On node 0, zone DMA: 1 pages in unavailable ranges
[    0.016286] On node 0, zone DMA: 96 pages in unavailable ranges
[    0.018327] On node 0, zone DMA32: 4096 pages in unavailable ranges
[    0.018347] On node 0, zone DMA32: 639 pages in unavailable ranges
[    0.018376] On node 0, zone DMA32: 262 pages in unavailable ranges
[    0.018892] On node 0, zone DMA32: 512 pages in unavailable ranges
[    0.019157] On node 0, zone DMA32: 35073 pages in unavailable ranges
[    0.080482] On node 0, zone Normal: 33280 pages in unavailable ranges
[    0.094779] ACPI: PM-Timer IO Port: 0x508
[    0.094798] ACPI: X2APIC_NMI (uid[0xffffffff] high edge lint[0x1])
[    0.094801] ACPI: LAPIC_NMI (acpi_id[0xff] high edge lint[0x1])
[    0.094821] IOAPIC[0]: apic_id 8, version 32, address 0xfec00000, GSI 0-119
[    0.094824] ACPI: INT_SRC_OVR (bus 0 bus_irq 0 global_irq 2 dfl dfl)
[    0.094826] ACPI: INT_SRC_OVR (bus 0 bus_irq 9 global_irq 9 high level)
[    0.094831] ACPI: Using ACPI (MADT) for SMP configuration information
[    0.094832] ACPI: HPET id: 0x8086a701 base: 0xfed00000
[    0.094836] TSC deadline timer available
[    0.094837] smpboot: Allowing 112 CPUs, 0 hotplug CPUs
[    0.094865] PM: hibernation: Registered nosave memory: [mem 0x00000000-0x00000fff]
[    0.094867] PM: hibernation: Registered nosave memory: [mem 0x0008f000-0x0008ffff]
[    0.094869] PM: hibernation: Registered nosave memory: [mem 0x000a0000-0x000fffff]
[    0.094871] PM: hibernation: Registered nosave memory: [mem 0x46cc4000-0x46cc4fff]
[    0.094873] PM: hibernation: Registered nosave memory: [mem 0x46cf5000-0x46cf5fff]
[    0.094874] PM: hibernation: Registered nosave memory: [mem 0x46cf6000-0x46cf6fff]
[    0.094876] PM: hibernation: Registered nosave memory: [mem 0x46d28000-0x46d28fff]
[    0.094877] PM: hibernation: Registered nosave memory: [mem 0x46d29000-0x46d29fff]
[    0.094878] PM: hibernation: Registered nosave memory: [mem 0x46d5b000-0x46d5bfff]
[    0.094879] PM: hibernation: Registered nosave memory: [mem 0x46d5c000-0x46d5cfff]
[    0.094881] PM: hibernation: Registered nosave memory: [mem 0x46d64000-0x46d64fff]
[    0.094883] PM: hibernation: Registered nosave memory: [mem 0x49e77000-0x4ae76fff]
[    0.094884] PM: hibernation: Registered nosave memory: [mem 0x4b2cf000-0x4b54dfff]
[    0.094886] PM: hibernation: Registered nosave memory: [mem 0x4bd94000-0x4be99fff]
[    0.094888] PM: hibernation: Registered nosave memory: [mem 0x4ce00000-0x4cffffff]
[    0.094890] PM: hibernation: Registered nosave memory: [mem 0x5eefe000-0x6e3fefff]
[    0.094891] PM: hibernation: Registered nosave memory: [mem 0x6e3ff000-0x6f3fefff]
[    0.094891] PM: hibernation: Registered nosave memory: [mem 0x6f3ff000-0x6f7fefff]
[    0.094893] PM: hibernation: Registered nosave memory: [mem 0x6f800000-0x8fffffff]
[    0.094894] PM: hibernation: Registered nosave memory: [mem 0x90000000-0xfdffffff]
[    0.094895] PM: hibernation: Registered nosave memory: [mem 0xfe000000-0xfe010fff]
[    0.094895] PM: hibernation: Registered nosave memory: [mem 0xfe011000-0xffffffff]
[    0.094896] PM: hibernation: Registered nosave memory: [mem 0x100000000-0x83f9fffff]
[    0.094898] PM: hibernation: Registered nosave memory: [mem 0x1000000000-0x1ebfffffff]
[    0.094900] [mem 0x90000000-0xfdffffff] available for PCI devices
[    0.094902] Booting paravirtualized kernel on bare hardware
[    0.094904] clocksource: refined-jiffies: mask: 0xffffffff max_cycles: 0xffffffff, max_idle_ns: 7645519600211568 ns
[    0.094910] setup_percpu: NR_CPUS:8192 nr_cpumask_bits:112 nr_cpu_ids:112 nr_node_ids:4
[    0.099614] percpu: Embedded 61 pages/cpu s212992 r8192 d28672 u262144
[    0.099625] pcpu-alloc: s212992 r8192 d28672 u262144 alloc=1*2097152
[    0.099628] pcpu-alloc: [0] 000 002 004 006 008 010 012 014 
[    0.099635] pcpu-alloc: [0] 016 018 020 022 024 026 028 030 
[    0.099640] pcpu-alloc: [0] 032 034 036 038 040 042 044 046 
[    0.099644] pcpu-alloc: [0] 048 050 052 054 056 058 060 062 
[    0.099649] pcpu-alloc: [0] 064 066 068 070 072 074 076 078 
[    0.099653] pcpu-alloc: [0] 080 082 084 086 088 090 092 094 
[    0.099658] pcpu-alloc: [0] 096 098 100 102 104 106 108 110 
[    0.099662] pcpu-alloc: [1] 001 003 005 007 009 011 013 015 
[    0.099667] pcpu-alloc: [1] 017 019 021 023 025 027 029 031 
[    0.099671] pcpu-alloc: [1] 033 035 037 039 041 043 045 047 
[    0.099676] pcpu-alloc: [1] 049 051 053 055 057 059 061 063 
[    0.099680] pcpu-alloc: [1] 065 067 069 071 073 075 077 079 
[    0.099685] pcpu-alloc: [1] 081 083 085 087 089 091 093 095 
[    0.099689] pcpu-alloc: [1] 097 099 101 103 105 107 109 111 
[    0.099736] Fallback order for Node 0: 0 1 
[    0.099740] Fallback order for Node 1: 1 0 
[    0.099742] Fallback order for Node 2: 2 0 1 
[    0.099745] Fallback order for Node 3: 3 1 0 
[    0.099754] Built 2 zonelists, mobility grouping on.  Total pages: 10183420
[    0.099755] Policy zone: Normal
[    0.099757] Kernel command line: BOOT_IMAGE=/boot/vmlinuz-5.18.0 root=UUID=ce0c24b8-724b-4f33-9b2c-618433560aef ro memmap=29690M!4096M memmap=59G!64G quiet splash nomodeset vt.handoff=1
[    0.099882] Booted with the nomodeset parameter. Only the system framebuffer will be available
[    0.099905] Unknown kernel command line parameters "splash BOOT_IMAGE=/boot/vmlinuz-5.18.0", will be passed to user space.
[    0.099906] printk: log_buf_len individual max cpu contribution: 4096 bytes
[    0.099907] printk: log_buf_len total cpu_extra contributions: 454656 bytes
[    0.099908] printk: log_buf_len min size: 262144 bytes
[    0.100887] printk: log_buf_len: 1048576 bytes
[    0.100888] printk: early log buf free: 223664(85%)
[    0.102795] mem auto-init: stack:off, heap alloc:on, heap free:off
[    0.201315] Memory: 39905192K/41385056K available (16392K kernel code, 3615K rwdata, 10444K rodata, 2688K init, 5836K bss, 1479604K reserved, 0K cma-reserved)
[    0.201320] random: get_random_u64 called from __kmem_cache_create+0x2d/0x480 with crng_init=0
[    0.202050] SLUB: HWalign=64, Order=0-3, MinObjects=0, CPUs=112, Nodes=4
[    0.202083] ftrace: allocating 48795 entries in 191 pages
[    0.210630] ftrace: allocated 191 pages with 7 groups
[    0.211595] Dynamic Preempt: voluntary
[    0.211940] rcu: Preemptible hierarchical RCU implementation.
[    0.211941] rcu: 	RCU restricting CPUs from NR_CPUS=8192 to nr_cpu_ids=112.
[    0.211942] 	Trampoline variant of Tasks RCU enabled.
[    0.211942] 	Rude variant of Tasks RCU enabled.
[    0.211943] 	Tracing variant of Tasks RCU enabled.
[    0.211944] rcu: RCU calculated value of scheduler-enlistment delay is 25 jiffies.
[    0.211945] rcu: Adjusting geometry for rcu_fanout_leaf=16, nr_cpu_ids=112
[    0.215780] NR_IRQS: 524544, nr_irqs: 2952, preallocated irqs: 16
[    0.216127] random: crng init done (trusting CPU's manufacturer)
[    0.216264] Console: colour dummy device 80x25
[    0.216299] printk: console [tty0] enabled
[    0.216501] mempolicy: Enabling automatic NUMA balancing. Configure with numa_balancing= or the kernel.numa_balancing sysctl
[    0.216506] ACPI: Core revision 20211217
[    0.219925] clocksource: hpet: mask: 0xffffffff max_cycles: 0xffffffff, max_idle_ns: 79635855245 ns
[    0.219968] APIC: Switch to symmetric I/O mode setup
[    0.219970] DMAR: Host address width 46
[    0.219971] DMAR: DRHD base: 0x000000d0ffc000 flags: 0x0
[    0.219977] DMAR: dmar0: reg_base_addr d0ffc000 ver 4:0 cap 8ed008c40780466 ecap 60000f050df
[    0.219980] DMAR: DRHD base: 0x000000dbbfc000 flags: 0x0
[    0.219983] DMAR: dmar1: reg_base_addr dbbfc000 ver 4:0 cap 8ed008c40780466 ecap 60000f050df
[    0.219985] DMAR: DRHD base: 0x000000e67fc000 flags: 0x0
[    0.219989] DMAR: dmar2: reg_base_addr e67fc000 ver 4:0 cap 8ed008c40780466 ecap 60000f050df
[    0.219991] DMAR: DRHD base: 0x000000f13fc000 flags: 0x0
[    0.219993] DMAR: dmar3: reg_base_addr f13fc000 ver 4:0 cap 8ed008c40780466 ecap 60000f050df
[    0.219995] DMAR: DRHD base: 0x000000fb7fc000 flags: 0x0
[    0.219998] DMAR: dmar4: reg_base_addr fb7fc000 ver 4:0 cap 8ed008c40780466 ecap 60000f050df
[    0.220000] DMAR: DRHD base: 0x000000a63fc000 flags: 0x0
[    0.220003] DMAR: dmar5: reg_base_addr a63fc000 ver 4:0 cap 8ed008c40780466 ecap 60000f050df
[    0.220005] DMAR: DRHD base: 0x000000b0ffc000 flags: 0x0
[    0.220009] DMAR: dmar6: reg_base_addr b0ffc000 ver 4:0 cap 8ed008c40780466 ecap 60000f050df
[    0.220011] DMAR: DRHD base: 0x000000bbbfc000 flags: 0x0
[    0.220013] DMAR: dmar7: reg_base_addr bbbfc000 ver 4:0 cap 8ed008c40780466 ecap 60000f050df
[    0.220016] DMAR: DRHD base: 0x000000c5ffc000 flags: 0x0
[    0.220018] DMAR: dmar8: reg_base_addr c5ffc000 ver 4:0 cap 8ed008c40780466 ecap 60000f050df
[    0.220020] DMAR: DRHD base: 0x0000009b7fc000 flags: 0x1
[    0.220022] DMAR: dmar9: reg_base_addr 9b7fc000 ver 4:0 cap 8ed008c40780466 ecap 60000f050df
[    0.220024] DMAR: RMRR base: 0x00000069427000 end: 0x00000069429fff
[    0.220026] DMAR: ATSR flags: 0x0
[    0.220028] DMAR-IR: IOAPIC id 8 under DRHD base  0x9b7fc000 IOMMU 9
[    0.220030] DMAR-IR: HPET id 0 under DRHD base 0x9b7fc000
[    0.220031] DMAR-IR: Queued invalidation will be enabled to support x2apic and Intr-remapping.
[    0.223261] DMAR-IR: Enabled IRQ remapping in x2apic mode
[    0.225888] ..TIMER: vector=0x30 apic1=0 pin1=2 apic2=-1 pin2=-1
[    0.243900] clocksource: tsc-early: mask: 0xffffffffffffffff max_cycles: 0x39a85c9bff6, max_idle_ns: 881590591483 ns
[    0.243906] Calibrating delay loop (skipped), value calculated using timer frequency.. 4000.00 BogoMIPS (lpj=8000000)
[    0.243908] pid_max: default: 114688 minimum: 896
[    0.247795] LSM: Security Framework initializing
[    0.247819] Yama: becoming mindful.
[    0.247862] AppArmor: AppArmor initialized
[    0.255926] Dentry cache hash table entries: 8388608 (order: 14, 67108864 bytes, vmalloc hugepage)
[    0.259872] Inode-cache hash table entries: 4194304 (order: 13, 33554432 bytes, vmalloc hugepage)
[    0.260055] Mount-cache hash table entries: 131072 (order: 8, 1048576 bytes, vmalloc)
[    0.260187] Mountpoint-cache hash table entries: 131072 (order: 8, 1048576 bytes, vmalloc)
[    0.260808] x86/tme: not enabled by BIOS
[    0.260818] CPU0: Thermal monitoring enabled (TM1)
[    0.260820] x86/cpu: User Mode Instruction Prevention (UMIP) activated
[    0.261056] process: using mwait in idle threads
[    0.261058] Last level iTLB entries: 4KB 0, 2MB 0, 4MB 0
[    0.261059] Last level dTLB entries: 4KB 0, 2MB 0, 4MB 0, 1GB 0
[    0.261065] Spectre V1 : Mitigation: usercopy/swapgs barriers and __user pointer sanitization
[    0.261067] Spectre V2 : WARNING: Unprivileged eBPF is enabled with eIBRS on, data leaks possible via Spectre v2 BHB attacks!
[    0.261073] Spectre V2 : Mitigation: Enhanced IBRS
[    0.261073] Spectre V2 : Spectre v2 / SpectreRSB mitigation: Filling RSB on context switch
[    0.261075] Spectre V2 : mitigation: Enabling conditional Indirect Branch Prediction Barrier
[    0.261076] Speculative Store Bypass: Mitigation: Speculative Store Bypass disabled via prctl
[    0.266243] Freeing SMP alternatives memory: 40K
[    0.268051] smpboot: Estimated ratio of average max frequency by base frequency (times 1024): 1433
[    0.268067] smpboot: CPU0: Intel(R) Xeon(R) Gold 6330 CPU @ 2.00GHz (family: 0x6, model: 0x6a, stepping: 0x6)
[    0.268276] cblist_init_generic: Setting adjustable number of callback queues.
[    0.268292] cblist_init_generic: Setting shift to 7 and lim to 1.
[    0.268321] cblist_init_generic: Setting shift to 7 and lim to 1.
[    0.268351] cblist_init_generic: Setting shift to 7 and lim to 1.
[    0.268362] Performance Events: PEBS fmt4+-baseline,  AnyThread deprecated, Icelake events, 32-deep LBR, full-width counters, Intel PMU driver.
[    0.268399] ... version:                5
[    0.268400] ... bit width:              48
[    0.268401] ... generic registers:      8
[    0.268402] ... value mask:             0000ffffffffffff
[    0.268402] ... max period:             00007fffffffffff
[    0.268403] ... fixed-purpose events:   4
[    0.268404] ... event mask:             0001000f000000ff
[    0.268572] rcu: Hierarchical SRCU implementation.
[    0.275812] NMI watchdog: Enabled. Permanently consumes one hw-PMU counter.
[    0.276933] smp: Bringing up secondary CPUs ...
[    0.277060] x86: Booting SMP configuration:
[    0.277061] .... node  #1, CPUs:          #1
[    0.007783] smpboot: CPU 1 Converting physical 0 to logical die 1

[    0.364018] .... node  #0, CPUs:     #2
[    0.369402] .... node  #1, CPUs:     #3
[    0.374836] .... node  #0, CPUs:     #4
[    0.380222] .... node  #1, CPUs:     #5
[    0.385638] .... node  #0, CPUs:     #6
[    0.391240] .... node  #1, CPUs:     #7
[    0.396832] .... node  #0, CPUs:     #8
[    0.402129] .... node  #1, CPUs:     #9
[    0.408016] .... node  #0, CPUs:    #10
[    0.413627] .... node  #1, CPUs:    #11
[    0.419376] .... node  #0, CPUs:    #12
[    0.424899] .... node  #1, CPUs:    #13
[    0.430275] .... node  #0, CPUs:    #14
[    0.435525] .... node  #1, CPUs:    #15
[    0.440864] .... node  #0, CPUs:    #16
[    0.446164] .... node  #1, CPUs:    #17
[    0.451496] .... node  #0, CPUs:    #18
[    0.456761] .... node  #1, CPUs:    #19
[    0.462426] .... node  #0, CPUs:    #20
[    0.467935] .... node  #1, CPUs:    #21
[    0.473316] .... node  #0, CPUs:    #22
[    0.478766] .... node  #1, CPUs:    #23
[    0.484045] .... node  #0, CPUs:    #24
[    0.489705] .... node  #1, CPUs:    #25
[    0.495053] .... node  #0, CPUs:    #26
[    0.500274] .... node  #1, CPUs:    #27
[    0.505610] .... node  #0, CPUs:    #28
[    0.511128] .... node  #1, CPUs:    #29
[    0.516442] .... node  #0, CPUs:    #30
[    0.521679] .... node  #1, CPUs:    #31
[    0.527174] .... node  #0, CPUs:    #32
[    0.532477] .... node  #1, CPUs:    #33
[    0.537872] .... node  #0, CPUs:    #34
[    0.543330] .... node  #1, CPUs:    #35
[    0.548657] .... node  #0, CPUs:    #36
[    0.553893] .... node  #1, CPUs:    #37
[    0.559224] .... node  #0, CPUs:    #38
[    0.564792] .... node  #1, CPUs:    #39
[    0.570336] .... node  #0, CPUs:    #40
[    0.576072] .... node  #1, CPUs:    #41
[    0.581721] .... node  #0, CPUs:    #42
[    0.587037] .... node  #1, CPUs:    #43
[    0.592696] .... node  #0, CPUs:    #44
[    0.598074] .... node  #1, CPUs:    #45
[    0.603556] .... node  #0, CPUs:    #46
[    0.609120] .... node  #1, CPUs:    #47
[    0.614579] .... node  #0, CPUs:    #48
[    0.620074] .... node  #1, CPUs:    #49
[    0.625390] .... node  #0, CPUs:    #50
[    0.630897] .... node  #1, CPUs:    #51
[    0.636566] .... node  #0, CPUs:    #52
[    0.642042] .... node  #1, CPUs:    #53
[    0.647655] .... node  #0, CPUs:    #54
[    0.653367] .... node  #1, CPUs:    #55
[    0.659186] .... node  #0, CPUs:    #56
[    0.665352] .... node  #1, CPUs:    #57
[    0.671272] .... node  #0, CPUs:    #58
[    0.676687] .... node  #1, CPUs:    #59
[    0.682153] .... node  #0, CPUs:    #60
[    0.687548] .... node  #1, CPUs:    #61
[    0.692963] .... node  #0, CPUs:    #62
[    0.698571] .... node  #1, CPUs:    #63
[    0.704188] .... node  #0, CPUs:    #64
[    0.709508] .... node  #1, CPUs:    #65
[    0.715275] .... node  #0, CPUs:    #66
[    0.721025] .... node  #1, CPUs:    #67
[    0.726795] .... node  #0, CPUs:    #68
[    0.732337] .... node  #1, CPUs:    #69
[    0.737734] .... node  #0, CPUs:    #70
[    0.742999] .... node  #1, CPUs:    #71
[    0.748357] .... node  #0, CPUs:    #72
[    0.753666] .... node  #1, CPUs:    #73
[    0.759015] .... node  #0, CPUs:    #74
[    0.764303] .... node  #1, CPUs:    #75
[    0.769976] .... node  #0, CPUs:    #76
[    0.775253] .... node  #1, CPUs:    #77
[    0.780890] .... node  #0, CPUs:    #78
[    0.786369] .... node  #1, CPUs:    #79
[    0.791678] .... node  #0, CPUs:    #80
[    0.797329] .... node  #1, CPUs:    #81
[    0.802711] .... node  #0, CPUs:    #82
[    0.808074] .... node  #1, CPUs:    #83
[    0.813312] .... node  #0, CPUs:    #84
[    0.818856] .... node  #1, CPUs:    #85
[    0.824178] .... node  #0, CPUs:    #86
[    0.829451] .... node  #1, CPUs:    #87
[    0.834956] .... node  #0, CPUs:    #88
[    0.840266] .... node  #1, CPUs:    #89
[    0.845683] .... node  #0, CPUs:    #90
[    0.851152] .... node  #1, CPUs:    #91
[    0.856505] .... node  #0, CPUs:    #92
[    0.861761] .... node  #1, CPUs:    #93
[    0.867102] .... node  #0, CPUs:    #94
[    0.872691] .... node  #1, CPUs:    #95
[    0.878256] .... node  #0, CPUs:    #96
[    0.884073] .... node  #1, CPUs:    #97
[    0.889704] .... node  #0, CPUs:    #98
[    0.895063] .... node  #1, CPUs:    #99
[    0.900745] .... node  #0, CPUs:   #100
[    0.906133] .... node  #1, CPUs:   #101
[    0.911644] .... node  #0, CPUs:   #102
[    0.917218] .... node  #1, CPUs:   #103
[    0.922710] .... node  #0, CPUs:   #104
[    0.928084] .... node  #1, CPUs:   #105
[    0.933561] .... node  #0, CPUs:   #106
[    0.939094] .... node  #1, CPUs:   #107
[    0.944762] .... node  #0, CPUs:   #108
[    0.950252] .... node  #1, CPUs:   #109
[    0.956019] .... node  #0, CPUs:   #110
[    0.961616] .... node  #1, CPUs:   #111
[    0.967452] smp: Brought up 2 nodes, 112 CPUs
[    0.967452] smpboot: Max logical packages: 2
[    0.967452] smpboot: Total of 112 processors activated (448085.59 BogoMIPS)
[    0.971285] devtmpfs: initialized
[    0.971285] x86/mm: Memory block size: 2048MB
[    0.971285] ACPI: PM: Registering ACPI NVS region [mem 0x49e77000-0x4ae76fff] (16777216 bytes)
[    0.972109] ACPI: PM: Registering ACPI NVS region [mem 0x6e3ff000-0x6f3fefff] (16777216 bytes)
[    0.972390] clocksource: jiffies: mask: 0xffffffff max_cycles: 0xffffffff, max_idle_ns: 7645041785100000 ns
[    0.972695] futex hash table entries: 32768 (order: 9, 2097152 bytes, vmalloc)
[    0.972944] pinctrl core: initialized pinctrl subsystem
[    0.973094] PM: RTC time: 02:45:11, date: 2024-06-22
[    0.974034] NET: Registered PF_NETLINK/PF_ROUTE protocol family
[    0.974836] DMA: preallocated 4096 KiB GFP_KERNEL pool for atomic allocations
[    0.975344] DMA: preallocated 4096 KiB GFP_KERNEL|GFP_DMA pool for atomic allocations
[    0.975852] DMA: preallocated 4096 KiB GFP_KERNEL|GFP_DMA32 pool for atomic allocations
[    0.975860] audit: initializing netlink subsys (disabled)
[    0.975914] audit: type=2000 audit(1719024310.756:1): state=initialized audit_enabled=0 res=1
[    0.976044] thermal_sys: Registered thermal governor 'fair_share'
[    0.976046] thermal_sys: Registered thermal governor 'bang_bang'
[    0.976047] thermal_sys: Registered thermal governor 'step_wise'
[    0.976047] thermal_sys: Registered thermal governor 'user_space'
[    0.976053] EISA bus registered
[    0.976078] cpuidle: using governor ladder
[    0.976078] cpuidle: using governor menu
[    0.976078] ACPI FADT declares the system doesn't support PCIe ASPM, so disable it
[    0.976078] acpiphp: ACPI Hot Plug PCI Controller Driver version: 0.5
[    0.976078] PCI: MMCONFIG for domain 0000 [bus 00-ff] at [mem 0x80000000-0x8fffffff] (base 0x80000000)
[    0.976078] PCI: MMCONFIG at [mem 0x80000000-0x8fffffff] reserved in E820
[    0.976078] pmd_set_huge: Cannot satisfy [mem 0x80000000-0x80200000] with a huge-page mapping due to MTRR override.
[    0.976259] PCI: Using configuration type 1 for base access
[    0.976269] PCI: Dell System detected, enabling pci=bfsort.
[    0.978410] ENERGY_PERF_BIAS: Set to 'normal', was 'performance'
[    0.981259] kprobes: kprobe jump-optimization is enabled. All kprobes are optimized if possible.
[    0.981264] HugeTLB registered 1.00 GiB page size, pre-allocated 0 pages
[    0.981264] HugeTLB registered 2.00 MiB page size, pre-allocated 0 pages
[    0.984261] fbcon: Taking over console
[    0.984261] ACPI: Added _OSI(Module Device)
[    0.984261] ACPI: Added _OSI(Processor Device)
[    0.984261] ACPI: Added _OSI(3.0 _SCP Extensions)
[    0.984261] ACPI: Added _OSI(Processor Aggregator Device)
[    0.984261] ACPI: Added _OSI(Linux-Dell-Video)
[    0.984261] ACPI: Added _OSI(Linux-Lenovo-NV-HDMI-Audio)
[    0.984261] ACPI: Added _OSI(Linux-HPI-Hybrid-Graphics)
[    1.154503] ACPI: 8 ACPI AML tables successfully acquired and loaded
[    1.160836] ACPI: [Firmware Bug]: BIOS _OSI(Linux) query ignored
[    1.167931] ACPI: Dynamic OEM Table Load:
[    1.582953] ACPI: Interpreter enabled
[    1.582973] ACPI: PM: (supports S0 S5)
[    1.582975] ACPI: Using IOAPIC for interrupt routing
[    1.583060] HEST: Table parsing has been initialized.
[    1.583246] GHES: APEI firmware first mode is enabled by APEI bit and WHEA _OSC.
[    1.583249] PCI: Using host bridge windows from ACPI; if necessary, use "pci=nocrs" and report a bug
[    1.613060] ACPI: Enabled 4 GPEs in block 00 to 7F
[    1.740981] ACPI: PCI Root Bridge [PC00] (domain 0000 [bus 00-15])
[    1.740987] acpi PNP0A08:00: _OSC: OS supports [ExtendedConfig ASPM ClockPM Segments MSI HPX-Type3]
[    1.809824] acpi PNP0A08:00: _OSC: platform does not support [SHPCHotplug AER LTR]
[    1.810052] acpi PNP0A08:00: _OSC: OS now controls [PCIeHotplug PME PCIeCapability]
[    1.810053] acpi PNP0A08:00: FADT indicates ASPM is unsupported, using BIOS configuration
[    1.811941] PCI host bridge to bus 0000:00
[    1.811943] pci_bus 0000:00: root bus resource [io  0x0000-0x0cf7 window]
[    1.811945] pci_bus 0000:00: root bus resource [io  0x1000-0x4fff window]
[    1.811946] pci_bus 0000:00: root bus resource [mem 0x000a0000-0x000bffff window]
[    1.811948] pci_bus 0000:00: root bus resource [mem 0x000c8000-0x000cffff window]
[    1.811949] pci_bus 0000:00: root bus resource [mem 0xfe010000-0xfe010fff window]
[    1.811950] pci_bus 0000:00: root bus resource [mem 0x90000000-0x9b7fffff window]
[    1.811951] pci_bus 0000:00: root bus resource [mem 0x200000000000-0x20ffffffffff window]
[    1.811953] pci_bus 0000:00: root bus resource [bus 00-15]
[    1.811968] pci 0000:00:00.0: [8086:09a2] type 00 class 0x088000
[    1.812068] pci 0000:00:00.1: [8086:09a4] type 00 class 0x088000
[    1.812137] pci 0000:00:00.2: [8086:09a3] type 00 class 0x088000
[    1.812205] pci 0000:00:00.4: [8086:0998] type 00 class 0x060000
[    1.812273] pci 0000:00:02.0: [8086:09a6] type 00 class 0x088000
[    1.812281] pci 0000:00:02.0: reg 0x10: [mem 0x92dfc000-0x92dfdfff]
[    1.812357] pci 0000:00:02.1: [8086:09a7] type 00 class 0x088000
[    1.812365] pci 0000:00:02.1: reg 0x10: [mem 0x92d00000-0x92d7ffff]
[    1.812370] pci 0000:00:02.1: reg 0x14: [mem 0x92c80000-0x92cfffff]
[    1.812446] pci 0000:00:02.4: [8086:3456] type 00 class 0x130000
[    1.812456] pci 0000:00:02.4: reg 0x10: [mem 0x92a00000-0x92afffff 64bit]
[    1.812463] pci 0000:00:02.4: reg 0x18: [mem 0x92df0000-0x92df3fff 64bit]
[    1.812470] pci 0000:00:02.4: reg 0x20: [mem 0x92dc0000-0x92ddffff 64bit]
[    1.812549] pci 0000:00:11.0: [8086:a1ec] type 00 class 0xff0000
[    1.812552] pci 0000:00:11.0: device has non-compliant BARs; disabling IO/MEM decoding
[    1.812643] pci 0000:00:11.5: [8086:a1d2] type 00 class 0x010601
[    1.812656] pci 0000:00:11.5: reg 0x10: [mem 0x92dfa000-0x92dfbfff]
[    1.812663] pci 0000:00:11.5: reg 0x14: [mem 0x92e05000-0x92e050ff]
[    1.812671] pci 0000:00:11.5: reg 0x18: [io  0x2068-0x206f]
[    1.812678] pci 0000:00:11.5: reg 0x1c: [io  0x2074-0x2077]
[    1.812685] pci 0000:00:11.5: reg 0x20: [io  0x2040-0x205f]
[    1.812693] pci 0000:00:11.5: reg 0x24: [mem 0x92b80000-0x92bfffff]
[    1.812730] pci 0000:00:11.5: PME# supported from D3hot
[    1.812947] pci 0000:00:14.0: [8086:a1af] type 00 class 0x0c0330
[    1.812965] pci 0000:00:14.0: reg 0x10: [mem 0x92de0000-0x92deffff 64bit]
[    1.813028] pci 0000:00:14.0: PME# supported from D3hot D3cold
[    1.813258] pci 0000:00:14.2: [8086:a1b1] type 00 class 0x118000
[    1.813275] pci 0000:00:14.2: reg 0x10: [mem 0x92e02000-0x92e02fff 64bit]
[    1.813398] pci 0000:00:16.0: [8086:a1ba] type 00 class 0x078000
[    1.813421] pci 0000:00:16.0: reg 0x10: [mem 0x92e01000-0x92e01fff 64bit]
[    1.813505] pci 0000:00:16.0: PME# supported from D3hot
[    1.813568] pci 0000:00:16.1: [8086:a1bb] type 00 class 0x078000
[    1.813591] pci 0000:00:16.1: reg 0x10: [mem 0x92e00000-0x92e00fff 64bit]
[    1.813674] pci 0000:00:16.1: PME# supported from D3hot
[    1.813739] pci 0000:00:16.4: [8086:a1be] type 00 class 0x078000
[    1.813762] pci 0000:00:16.4: reg 0x10: [mem 0x92dff000-0x92dfffff 64bit]
[    1.813845] pci 0000:00:16.4: PME# supported from D3hot
[    1.813914] pci 0000:00:17.0: [8086:a182] type 00 class 0x010601
[    1.813926] pci 0000:00:17.0: reg 0x10: [mem 0x92df8000-0x92df9fff]
[    1.813933] pci 0000:00:17.0: reg 0x14: [mem 0x92e04000-0x92e040ff]
[    1.813941] pci 0000:00:17.0: reg 0x18: [io  0x2060-0x2067]
[    1.813948] pci 0000:00:17.0: reg 0x1c: [io  0x2070-0x2073]
[    1.813955] pci 0000:00:17.0: reg 0x20: [io  0x2020-0x203f]
[    1.813962] pci 0000:00:17.0: reg 0x24: [mem 0x92b00000-0x92b7ffff]
[    1.814000] pci 0000:00:17.0: PME# supported from D3hot
[    1.814209] pci 0000:00:1c.0: [8086:a190] type 01 class 0x060400
[    1.814284] pci 0000:00:1c.0: PME# supported from D0 D3hot D3cold
[    1.814943] pci 0000:00:1c.4: [8086:a194] type 01 class 0x060400
[    1.815013] pci 0000:00:1c.4: PME# supported from D0 D3hot D3cold
[    1.815645] pci 0000:00:1c.5: [8086:a195] type 01 class 0x060400
[    1.815716] pci 0000:00:1c.5: PME# supported from D0 D3hot D3cold
[    1.816433] pci 0000:00:1f.0: [8086:a1cb] type 00 class 0x060100
[    1.816736] pci 0000:00:1f.2: [8086:a1a1] type 00 class 0x058000
[    1.816751] pci 0000:00:1f.2: reg 0x10: [mem 0x92df4000-0x92df7fff]
[    1.816996] pci 0000:00:1f.4: [8086:a1a3] type 00 class 0x0c0500
[    1.817015] pci 0000:00:1f.4: reg 0x10: [mem 0x92dfe000-0x92dfe0ff 64bit]
[    1.817038] pci 0000:00:1f.4: reg 0x20: [io  0x2000-0x201f]
[    1.817104] pci 0000:00:1f.5: [8086:a1a4] type 00 class 0x0c8000
[    1.817120] pci 0000:00:1f.5: reg 0x10: [mem 0xfe010000-0xfe010fff]
[    1.817252] pci 0000:00:1c.0: PCI bridge to [bus 01]
[    1.817303] pci 0000:02:00.0: [1556:be00] type 01 class 0x060400
[    1.817474] pci 0000:00:1c.4: PCI bridge to [bus 02-03]
[    1.817478] pci 0000:00:1c.4:   bridge window [mem 0x92000000-0x928fffff]
[    1.817483] pci 0000:00:1c.4:   bridge window [mem 0x91000000-0x91ffffff 64bit pref]
[    1.817515] pci_bus 0000:03: extended config space not accessible
[    1.817532] pci 0000:03:00.0: [102b:0536] type 00 class 0x030000
[    1.817551] pci 0000:03:00.0: reg 0x10: [mem 0x91000000-0x91ffffff pref]
[    1.817562] pci 0000:03:00.0: reg 0x14: [mem 0x92808000-0x9280bfff]
[    1.817573] pci 0000:03:00.0: reg 0x18: [mem 0x92000000-0x927fffff]
[    1.817621] pci 0000:03:00.0: BAR 0: assigned to efifb
[    1.817628] pci 0000:03:00.0: Video device with shadowed ROM at [mem 0x000c0000-0x000dffff]
[    1.817730] pci 0000:02:00.0: PCI bridge to [bus 03]
[    1.817739] pci 0000:02:00.0:   bridge window [mem 0x92000000-0x928fffff]
[    1.817745] pci 0000:02:00.0:   bridge window [mem 0x91000000-0x91ffffff 64bit pref]
[    1.817815] pci 0000:04:00.0: [14e4:165f] type 00 class 0x020000
[    1.817839] pci 0000:04:00.0: reg 0x10: [mem 0x92930000-0x9293ffff 64bit pref]
[    1.817855] pci 0000:04:00.0: reg 0x18: [mem 0x92940000-0x9294ffff 64bit pref]
[    1.817871] pci 0000:04:00.0: reg 0x20: [mem 0x92950000-0x9295ffff 64bit pref]
[    1.817881] pci 0000:04:00.0: reg 0x30: [mem 0xfffc0000-0xffffffff pref]
[    1.817976] pci 0000:04:00.0: PME# supported from D0 D3hot D3cold
[    1.818029] pci 0000:04:00.0: 4.000 Gb/s available PCIe bandwidth, limited by 5.0 GT/s PCIe x1 link at 0000:00:1c.5 (capable of 8.000 Gb/s with 5.0 GT/s PCIe x2 link)
[    1.818590] pci 0000:04:00.1: [14e4:165f] type 00 class 0x020000
[    1.818614] pci 0000:04:00.1: reg 0x10: [mem 0x92900000-0x9290ffff 64bit pref]
[    1.818630] pci 0000:04:00.1: reg 0x18: [mem 0x92910000-0x9291ffff 64bit pref]
[    1.818646] pci 0000:04:00.1: reg 0x20: [mem 0x92920000-0x9292ffff 64bit pref]
[    1.818657] pci 0000:04:00.1: reg 0x30: [mem 0xfffc0000-0xffffffff pref]
[    1.818752] pci 0000:04:00.1: PME# supported from D0 D3hot D3cold
[    1.819331] pci 0000:00:1c.5: PCI bridge to [bus 04]
[    1.819338] pci 0000:00:1c.5:   bridge window [mem 0x92900000-0x929fffff 64bit pref]
[    1.819353] pci_bus 0000:00: on NUMA node 0
[    1.819949] ACPI: PCI Root Bridge [PC01] (domain 0000 [bus 16-2f])
[    1.819953] acpi PNP0A08:01: _OSC: OS supports [ExtendedConfig ASPM ClockPM Segments MSI HPX-Type3]
[    1.834740] acpi PNP0A08:01: _OSC: platform does not support [SHPCHotplug AER]
[    1.834958] acpi PNP0A08:01: _OSC: OS now controls [PCIeHotplug PME PCIeCapability LTR]
[    1.834959] acpi PNP0A08:01: FADT indicates ASPM is unsupported, using BIOS configuration
[    1.835090] PCI host bridge to bus 0000:16
[    1.835092] pci_bus 0000:16: root bus resource [io  0x5000-0x6fff window]
[    1.835093] pci_bus 0000:16: root bus resource [mem 0x9b800000-0xa63fffff window]
[    1.835095] pci_bus 0000:16: root bus resource [mem 0x210000000000-0x21ffffffffff window]
[    1.835096] pci_bus 0000:16: root bus resource [bus 16-2f]
[    1.835106] pci 0000:16:00.0: [8086:09a2] type 00 class 0x088000
[    1.835176] pci 0000:16:00.1: [8086:09a4] type 00 class 0x088000
[    1.835239] pci 0000:16:00.2: [8086:09a3] type 00 class 0x088000
[    1.835302] pci 0000:16:00.4: [8086:0998] type 00 class 0x060000
[    1.835375] pci 0000:16:02.0: [8086:347a] type 01 class 0x060400
[    1.835385] pci 0000:16:02.0: reg 0x10: [mem 0x21fffff00000-0x21fffff1ffff 64bit]
[    1.835423] pci 0000:16:02.0: PME# supported from D0 D3hot D3cold
[    1.836378] pci 0000:17:00.0: [1000:10e2] type 00 class 0x010400
[    1.836391] pci 0000:17:00.0: reg 0x10: [mem 0x9b800000-0x9b8fffff 64bit pref]
[    1.836400] pci 0000:17:00.0: reg 0x18: [mem 0x9b900000-0x9b9fffff 64bit pref]
[    1.836406] pci 0000:17:00.0: reg 0x20: [mem 0x9ba00000-0x9bafffff]
[    1.836411] pci 0000:17:00.0: reg 0x24: [io  0x5000-0x50ff]
[    1.836417] pci 0000:17:00.0: reg 0x30: [mem 0xfff00000-0xffffffff pref]
[    1.837541] pci 0000:17:00.0: supports D1 D2
[    1.837611] pci 0000:16:02.0: PCI bridge to [bus 17]
[    1.837613] pci 0000:16:02.0:   bridge window [io  0x5000-0x5fff]
[    1.837615] pci 0000:16:02.0:   bridge window [mem 0x9ba00000-0x9bafffff]
[    1.837618] pci 0000:16:02.0:   bridge window [mem 0x9b800000-0x9b9fffff 64bit pref]
[    1.837624] pci_bus 0000:16: on NUMA node 0
[    1.837703] ACPI: PCI Root Bridge [PC02] (domain 0000 [bus 30-49])
[    1.837706] acpi PNP0A08:02: _OSC: OS supports [ExtendedConfig ASPM ClockPM Segments MSI HPX-Type3]
[    1.852153] acpi PNP0A08:02: _OSC: platform does not support [SHPCHotplug AER]
[    1.852368] acpi PNP0A08:02: _OSC: OS now controls [PCIeHotplug PME PCIeCapability LTR]
[    1.852369] acpi PNP0A08:02: FADT indicates ASPM is unsupported, using BIOS configuration
[    1.852496] PCI host bridge to bus 0000:30
[    1.852497] pci_bus 0000:30: root bus resource [io  0x7000-0x8fff window]
[    1.852499] pci_bus 0000:30: root bus resource [mem 0xa6400000-0xb0ffffff window]
[    1.852500] pci_bus 0000:30: root bus resource [mem 0x220000000000-0x22ffffffffff window]
[    1.852502] pci_bus 0000:30: root bus resource [bus 30-49]
[    1.852512] pci 0000:30:00.0: [8086:09a2] type 00 class 0x088000
[    1.852588] pci 0000:30:00.1: [8086:09a4] type 00 class 0x088000
[    1.852650] pci 0000:30:00.2: [8086:09a3] type 00 class 0x088000
[    1.852712] pci 0000:30:00.4: [8086:0998] type 00 class 0x060000
[    1.852781] pci_bus 0000:30: on NUMA node 0
[    1.852884] ACPI: PCI Root Bridge [PC04] (domain 0000 [bus 4a-63])
[    1.852886] acpi PNP0A08:04: _OSC: OS supports [ExtendedConfig ASPM ClockPM Segments MSI HPX-Type3]
[    1.867321] acpi PNP0A08:04: _OSC: platform does not support [SHPCHotplug AER]
[    1.867533] acpi PNP0A08:04: _OSC: OS now controls [PCIeHotplug PME PCIeCapability LTR]
[    1.867534] acpi PNP0A08:04: FADT indicates ASPM is unsupported, using BIOS configuration
[    1.867654] PCI host bridge to bus 0000:4a
[    1.867655] pci_bus 0000:4a: root bus resource [io  0x9000-0x9fff window]
[    1.867656] pci_bus 0000:4a: root bus resource [mem 0xb1000000-0xbbbfffff window]
[    1.867658] pci_bus 0000:4a: root bus resource [mem 0x230000000000-0x23ffffffffff window]
[    1.867659] pci_bus 0000:4a: root bus resource [bus 4a-63]
[    1.867668] pci 0000:4a:00.0: [8086:09a2] type 00 class 0x088000
[    1.867732] pci 0000:4a:00.1: [8086:09a4] type 00 class 0x088000
[    1.867798] pci 0000:4a:00.2: [8086:09a3] type 00 class 0x088000
[    1.867860] pci 0000:4a:00.4: [8086:0998] type 00 class 0x060000
[    1.867931] pci_bus 0000:4a: on NUMA node 0
[    1.868004] ACPI: PCI Root Bridge [PC05] (domain 0000 [bus 64-7d])
[    1.868007] acpi PNP0A08:05: _OSC: OS supports [ExtendedConfig ASPM ClockPM Segments MSI HPX-Type3]
[    1.882422] acpi PNP0A08:05: _OSC: platform does not support [SHPCHotplug AER]
[    1.882635] acpi PNP0A08:05: _OSC: OS now controls [PCIeHotplug PME PCIeCapability LTR]
[    1.882636] acpi PNP0A08:05: FADT indicates ASPM is unsupported, using BIOS configuration
[    1.882755] PCI host bridge to bus 0000:64
[    1.882756] pci_bus 0000:64: root bus resource [io  0xa000-0xafff window]
[    1.882757] pci_bus 0000:64: root bus resource [mem 0xbbc00000-0xc5ffffff window]
[    1.882759] pci_bus 0000:64: root bus resource [mem 0x240000000000-0x24ffffffffff window]
[    1.882760] pci_bus 0000:64: root bus resource [bus 64-7d]
[    1.882769] pci 0000:64:00.0: [8086:09a2] type 00 class 0x088000
[    1.882834] pci 0000:64:00.1: [8086:09a4] type 00 class 0x088000
[    1.882895] pci 0000:64:00.2: [8086:09a3] type 00 class 0x088000
[    1.882956] pci 0000:64:00.4: [8086:0998] type 00 class 0x060000
[    1.883025] pci_bus 0000:64: on NUMA node 0
[    1.883091] ACPI: PCI Root Bridge [UC06] (domain 0000 [bus 7e])
[    1.883094] acpi PNP0A03:00: _OSC: OS supports [ExtendedConfig ASPM ClockPM Segments MSI HPX-Type3]
[    1.883192] acpi PNP0A03:00: _OSC: platform does not support [SHPCHotplug AER LTR]
[    1.883371] acpi PNP0A03:00: _OSC: OS now controls [PCIeHotplug PME PCIeCapability]
[    1.883372] acpi PNP0A03:00: FADT indicates ASPM is unsupported, using BIOS configuration
[    1.883506] PCI host bridge to bus 0000:7e
[    1.883507] pci_bus 0000:7e: root bus resource [bus 7e]
[    1.883515] pci 0000:7e:00.0: [8086:3450] type 00 class 0x088000
[    1.883587] pci 0000:7e:00.1: [8086:3451] type 00 class 0x088000
[    1.883646] pci 0000:7e:00.2: [8086:3452] type 00 class 0x088000
[    1.883715] pci 0000:7e:00.3: [8086:0998] type 00 class 0x060000
[    1.883771] pci 0000:7e:00.5: [8086:3455] type 00 class 0x088000
[    1.883832] pci 0000:7e:02.0: [8086:3440] type 00 class 0x088000
[    1.883958] pci 0000:7e:02.1: [8086:3441] type 00 class 0x088000
[    1.884064] pci 0000:7e:02.2: [8086:3442] type 00 class 0x088000
[    1.884172] pci 0000:7e:03.0: [8086:3440] type 00 class 0x088000
[    1.884264] pci 0000:7e:03.1: [8086:3441] type 00 class 0x088000
[    1.884341] pci 0000:7e:03.2: [8086:3442] type 00 class 0x088000
[    1.884422] pci 0000:7e:04.0: [8086:3440] type 00 class 0x088000
[    1.884541] pci 0000:7e:04.1: [8086:3441] type 00 class 0x088000
[    1.884656] pci 0000:7e:04.2: [8086:3442] type 00 class 0x088000
[    1.884770] pci 0000:7e:04.3: [8086:3443] type 00 class 0x088000
[    1.884887] pci 0000:7e:05.0: [8086:3445] type 00 class 0x088000
[    1.885017] pci 0000:7e:05.1: [8086:3446] type 00 class 0x088000
[    1.885127] pci 0000:7e:05.2: [8086:3447] type 00 class 0x088000
[    1.885240] pci 0000:7e:06.0: [8086:3445] type 00 class 0x088000
[    1.885334] pci 0000:7e:06.1: [8086:3446] type 00 class 0x088000
[    1.885411] pci 0000:7e:06.2: [8086:3447] type 00 class 0x088000
[    1.885496] pci 0000:7e:07.0: [8086:3445] type 00 class 0x088000
[    1.885629] pci 0000:7e:07.1: [8086:3446] type 00 class 0x088000
[    1.885748] pci 0000:7e:07.2: [8086:3447] type 00 class 0x088000
[    1.885864] pci 0000:7e:0b.0: [8086:3448] type 00 class 0x088000
[    1.885941] pci 0000:7e:0b.1: [8086:3448] type 00 class 0x088000
[    1.886009] pci 0000:7e:0b.2: [8086:344b] type 00 class 0x088000
[    1.886077] pci 0000:7e:0c.0: [8086:344a] type 00 class 0x110100
[    1.886179] pci 0000:7e:0d.0: [8086:344a] type 00 class 0x110100
[    1.886278] pci 0000:7e:0e.0: [8086:344a] type 00 class 0x110100
[    1.886422] pci 0000:7e:0f.0: [8086:344a] type 00 class 0x110100
[    1.886575] pci 0000:7e:1a.0: [8086:2880] type 00 class 0x110100
[    1.886675] pci 0000:7e:1b.0: [8086:2880] type 00 class 0x110100
[    1.886772] pci 0000:7e:1c.0: [8086:2880] type 00 class 0x110100
[    1.886926] pci 0000:7e:1d.0: [8086:2880] type 00 class 0x110100
[    1.887072] pci_bus 0000:7e: on NUMA node 0
[    1.887158] ACPI: PCI Root Bridge [UC07] (domain 0000 [bus 7f])
[    1.887161] acpi PNP0A03:01: _OSC: OS supports [ExtendedConfig ASPM ClockPM Segments MSI HPX-Type3]
[    1.887260] acpi PNP0A03:01: _OSC: platform does not support [SHPCHotplug AER LTR]
[    1.887440] acpi PNP0A03:01: _OSC: OS now controls [PCIeHotplug PME PCIeCapability]
[    1.887441] acpi PNP0A03:01: FADT indicates ASPM is unsupported, using BIOS configuration
[    1.887585] PCI host bridge to bus 0000:7f
[    1.887586] pci_bus 0000:7f: root bus resource [bus 7f]
[    1.887599] pci 0000:7f:00.0: [8086:344c] type 00 class 0x088000
[    1.887714] pci 0000:7f:00.1: [8086:344c] type 00 class 0x088000
[    1.887824] pci 0000:7f:00.2: [8086:344c] type 00 class 0x088000
[    1.887935] pci 0000:7f:00.3: [8086:344c] type 00 class 0x088000
[    1.888023] pci 0000:7f:00.4: [8086:344c] type 00 class 0x088000
[    1.888146] pci 0000:7f:00.5: [8086:344c] type 00 class 0x088000
[    1.888261] pci 0000:7f:00.6: [8086:344c] type 00 class 0x088000
[    1.888344] pci 0000:7f:00.7: [8086:344c] type 00 class 0x088000
[    1.888427] pci 0000:7f:01.0: [8086:344c] type 00 class 0x088000
[    1.888568] pci 0000:7f:01.1: [8086:344c] type 00 class 0x088000
[    1.888687] pci 0000:7f:01.2: [8086:344c] type 00 class 0x088000
[    1.888766] pci 0000:7f:01.3: [8086:344c] type 00 class 0x088000
[    1.888897] pci 0000:7f:01.4: [8086:344c] type 00 class 0x088000
[    1.889028] pci 0000:7f:01.5: [8086:344c] type 00 class 0x088000
[    1.889164] pci 0000:7f:01.6: [8086:344c] type 00 class 0x088000
[    1.889289] pci 0000:7f:01.7: [8086:344c] type 00 class 0x088000
[    1.889417] pci 0000:7f:02.0: [8086:344c] type 00 class 0x088000
[    1.889561] pci 0000:7f:02.1: [8086:344c] type 00 class 0x088000
[    1.889692] pci 0000:7f:02.2: [8086:344c] type 00 class 0x088000
[    1.889823] pci 0000:7f:02.3: [8086:344c] type 00 class 0x088000
[    1.889961] pci 0000:7f:02.4: [8086:344c] type 00 class 0x088000
[    1.890098] pci 0000:7f:02.5: [8086:344c] type 00 class 0x088000
[    1.890235] pci 0000:7f:02.6: [8086:344c] type 00 class 0x088000
[    1.890386] pci 0000:7f:02.7: [8086:344c] type 00 class 0x088000
[    1.890533] pci 0000:7f:03.0: [8086:344c] type 00 class 0x088000
[    1.890699] pci 0000:7f:03.1: [8086:344c] type 00 class 0x088000
[    1.890850] pci 0000:7f:03.2: [8086:344c] type 00 class 0x088000
[    1.891002] pci 0000:7f:03.3: [8086:344c] type 00 class 0x088000
[    1.891160] pci 0000:7f:0a.0: [8086:344d] type 00 class 0x088000
[    1.891273] pci 0000:7f:0a.1: [8086:344d] type 00 class 0x088000
[    1.891382] pci 0000:7f:0a.2: [8086:344d] type 00 class 0x088000
[    1.891498] pci 0000:7f:0a.3: [8086:344d] type 00 class 0x088000
[    1.891589] pci 0000:7f:0a.4: [8086:344d] type 00 class 0x088000
[    1.891709] pci 0000:7f:0a.5: [8086:344d] type 00 class 0x088000
[    1.891825] pci 0000:7f:0a.6: [8086:344d] type 00 class 0x088000
[    1.891902] pci 0000:7f:0a.7: [8086:344d] type 00 class 0x088000
[    1.891983] pci 0000:7f:0b.0: [8086:344d] type 00 class 0x088000
[    1.892127] pci 0000:7f:0b.1: [8086:344d] type 00 class 0x088000
[    1.892246] pci 0000:7f:0b.2: [8086:344d] type 00 class 0x088000
[    1.892332] pci 0000:7f:0b.3: [8086:344d] type 00 class 0x088000
[    1.892463] pci 0000:7f:0b.4: [8086:344d] type 00 class 0x088000
[    1.892595] pci 0000:7f:0b.5: [8086:344d] type 00 class 0x088000
[    1.892732] pci 0000:7f:0b.6: [8086:344d] type 00 class 0x088000
[    1.892852] pci 0000:7f:0b.7: [8086:344d] type 00 class 0x088000
[    1.892980] pci 0000:7f:0c.0: [8086:344d] type 00 class 0x088000
[    1.893123] pci 0000:7f:0c.1: [8086:344d] type 00 class 0x088000
[    1.893255] pci 0000:7f:0c.2: [8086:344d] type 00 class 0x088000
[    1.893393] pci 0000:7f:0c.3: [8086:344d] type 00 class 0x088000
[    1.893531] pci 0000:7f:0c.4: [8086:344d] type 00 class 0x088000
[    1.893668] pci 0000:7f:0c.5: [8086:344d] type 00 class 0x088000
[    1.893806] pci 0000:7f:0c.6: [8086:344d] type 00 class 0x088000
[    1.893953] pci 0000:7f:0c.7: [8086:344d] type 00 class 0x088000
[    1.894099] pci 0000:7f:0d.0: [8086:344d] type 00 class 0x088000
[    1.894264] pci 0000:7f:0d.1: [8086:344d] type 00 class 0x088000
[    1.894415] pci 0000:7f:0d.2: [8086:344d] type 00 class 0x088000
[    1.894569] pci 0000:7f:0d.3: [8086:344d] type 00 class 0x088000
[    1.894739] pci 0000:7f:1d.0: [8086:344f] type 00 class 0x088000
[    1.894862] pci 0000:7f:1d.1: [8086:3457] type 00 class 0x088000
[    1.894967] pci 0000:7f:1e.0: [8086:3458] type 00 class 0x088000
[    1.895046] pci 0000:7f:1e.1: [8086:3459] type 00 class 0x088000
[    1.895109] pci 0000:7f:1e.2: [8086:345a] type 00 class 0x088000
[    1.895172] pci 0000:7f:1e.3: [8086:345b] type 00 class 0x088000
[    1.895233] pci 0000:7f:1e.4: [8086:345c] type 00 class 0x088000
[    1.895302] pci 0000:7f:1e.5: [8086:345d] type 00 class 0x088000
[    1.895363] pci 0000:7f:1e.6: [8086:345e] type 00 class 0x088000
[    1.895424] pci 0000:7f:1e.7: [8086:345f] type 00 class 0x088000
[    1.895483] pci_bus 0000:7f: on NUMA node 0
[    1.895589] ACPI: PCI Root Bridge [PC06] (domain 0000 [bus 80])
[    1.895592] acpi PNP0A08:06: _OSC: OS supports [ExtendedConfig ASPM ClockPM Segments MSI HPX-Type3]
[    1.910039] acpi PNP0A08:06: _OSC: platform does not support [SHPCHotplug AER]
[    1.910252] acpi PNP0A08:06: _OSC: OS now controls [PCIeHotplug PME PCIeCapability LTR]
[    1.910253] acpi PNP0A08:06: FADT indicates ASPM is unsupported, using BIOS configuration
[    1.910400] PCI host bridge to bus 0000:80
[    1.910401] pci_bus 0000:80: root bus resource [io  0xb000-0xbfff window]
[    1.910403] pci_bus 0000:80: root bus resource [mem 0xc6800000-0xd0ffffff window]
[    1.910404] pci_bus 0000:80: root bus resource [mem 0x250000000000-0x25ffffffffff window]
[    1.910405] pci_bus 0000:80: root bus resource [bus 80]
[    1.910416] pci 0000:80:00.0: [8086:09a2] type 00 class 0x088000
[    1.910502] pci 0000:80:00.1: [8086:09a4] type 00 class 0x088000
[    1.910571] pci 0000:80:00.2: [8086:09a3] type 00 class 0x088000
[    1.910641] pci 0000:80:00.4: [8086:0998] type 00 class 0x060000
[    1.910711] pci 0000:80:02.0: [8086:09a6] type 00 class 0x088000
[    1.910720] pci 0000:80:02.0: reg 0x10: [mem 0xc6aa4000-0xc6aa5fff]
[    1.910785] pci 0000:80:02.1: [8086:09a7] type 00 class 0x088000
[    1.910793] pci 0000:80:02.1: reg 0x10: [mem 0xc6a00000-0xc6a7ffff]
[    1.910799] pci 0000:80:02.1: reg 0x14: [mem 0xc6980000-0xc69fffff]
[    1.910854] pci 0000:80:02.4: [8086:3456] type 00 class 0x130000
[    1.910865] pci 0000:80:02.4: reg 0x10: [mem 0xc6800000-0xc68fffff 64bit]
[    1.910873] pci 0000:80:02.4: reg 0x18: [mem 0xc6aa0000-0xc6aa3fff 64bit]
[    1.910880] pci 0000:80:02.4: reg 0x20: [mem 0xc6a80000-0xc6a9ffff 64bit]
[    1.910946] pci_bus 0000:80: on NUMA node 1
[    1.911025] ACPI: PCI Root Bridge [PC07] (domain 0000 [bus 81])
[    1.911028] acpi PNP0A08:07: _OSC: OS supports [ExtendedConfig ASPM ClockPM Segments MSI HPX-Type3]
[    1.925454] acpi PNP0A08:07: _OSC: platform does not support [SHPCHotplug AER]
[    1.925667] acpi PNP0A08:07: _OSC: OS now controls [PCIeHotplug PME PCIeCapability LTR]
[    1.925668] acpi PNP0A08:07: FADT indicates ASPM is unsupported, using BIOS configuration
[    1.925787] PCI host bridge to bus 0000:81
[    1.925788] pci_bus 0000:81: root bus resource [io  0xc000-0xcfff window]
[    1.925790] pci_bus 0000:81: root bus resource [mem 0xd1000000-0xdbbfffff window]
[    1.925791] pci_bus 0000:81: root bus resource [mem 0x260000000000-0x26ffffffffff window]
[    1.925792] pci_bus 0000:81: root bus resource [bus 81]
[    1.925802] pci 0000:81:00.0: [8086:09a2] type 00 class 0x088000
[    1.925872] pci 0000:81:00.1: [8086:09a4] type 00 class 0x088000
[    1.925939] pci 0000:81:00.2: [8086:09a3] type 00 class 0x088000
[    1.926008] pci 0000:81:00.4: [8086:0998] type 00 class 0x060000
[    1.926085] pci_bus 0000:81: on NUMA node 1
[    1.926158] ACPI: PCI Root Bridge [PC08] (domain 0000 [bus 82])
[    1.926161] acpi PNP0A08:08: _OSC: OS supports [ExtendedConfig ASPM ClockPM Segments MSI HPX-Type3]
[    1.940589] acpi PNP0A08:08: _OSC: platform does not support [SHPCHotplug AER]
[    1.940800] acpi PNP0A08:08: _OSC: OS now controls [PCIeHotplug PME PCIeCapability LTR]
[    1.940801] acpi PNP0A08:08: FADT indicates ASPM is unsupported, using BIOS configuration
[    1.940918] PCI host bridge to bus 0000:82
[    1.940919] pci_bus 0000:82: root bus resource [io  0xd000-0xdfff window]
[    1.940921] pci_bus 0000:82: root bus resource [mem 0xdbc00000-0xe67fffff window]
[    1.940922] pci_bus 0000:82: root bus resource [mem 0x270000000000-0x27ffffffffff window]
[    1.940923] pci_bus 0000:82: root bus resource [bus 82]
[    1.940933] pci 0000:82:00.0: [8086:09a2] type 00 class 0x088000
[    1.941002] pci 0000:82:00.1: [8086:09a4] type 00 class 0x088000
[    1.941075] pci 0000:82:00.2: [8086:09a3] type 00 class 0x088000
[    1.941144] pci 0000:82:00.4: [8086:0998] type 00 class 0x060000
[    1.941221] pci_bus 0000:82: on NUMA node 1
[    1.941324] ACPI: PCI Root Bridge [PC10] (domain 0000 [bus 83-f9])
[    1.941327] acpi PNP0A08:0a: _OSC: OS supports [ExtendedConfig ASPM ClockPM Segments MSI HPX-Type3]
[    1.955717] acpi PNP0A08:0a: _OSC: platform does not support [SHPCHotplug AER]
[    1.955928] acpi PNP0A08:0a: _OSC: OS now controls [PCIeHotplug PME PCIeCapability LTR]
[    1.955929] acpi PNP0A08:0a: FADT indicates ASPM is unsupported, using BIOS configuration
[    1.956056] PCI host bridge to bus 0000:83
[    1.956057] pci_bus 0000:83: root bus resource [io  0xe000-0xefff window]
[    1.956058] pci_bus 0000:83: root bus resource [mem 0xe6800000-0xf13fffff window]
[    1.956059] pci_bus 0000:83: root bus resource [mem 0x280000000000-0x28ffffffffff window]
[    1.956061] pci_bus 0000:83: root bus resource [bus 83-f9]
[    1.956071] pci 0000:83:00.0: [8086:09a2] type 00 class 0x088000
[    1.956142] pci 0000:83:00.1: [8086:09a4] type 00 class 0x088000
[    1.956210] pci 0000:83:00.2: [8086:09a3] type 00 class 0x088000
[    1.956279] pci 0000:83:00.4: [8086:0998] type 00 class 0x060000
[    1.956357] pci_bus 0000:83: on NUMA node 1
[    1.956432] ACPI: PCI Root Bridge [PC11] (domain 0000 [bus fa])
[    1.956434] acpi PNP0A08:0b: _OSC: OS supports [ExtendedConfig ASPM ClockPM Segments MSI HPX-Type3]
[    1.970847] acpi PNP0A08:0b: _OSC: platform does not support [SHPCHotplug AER]
[    1.971058] acpi PNP0A08:0b: _OSC: OS now controls [PCIeHotplug PME PCIeCapability LTR]
[    1.971059] acpi PNP0A08:0b: FADT indicates ASPM is unsupported, using BIOS configuration
[    1.971176] PCI host bridge to bus 0000:fa
[    1.971177] pci_bus 0000:fa: root bus resource [io  0xf000-0xffff window]
[    1.971179] pci_bus 0000:fa: root bus resource [mem 0xf1400000-0xfb7fffff window]
[    1.971180] pci_bus 0000:fa: root bus resource [mem 0x290000000000-0x29ffffffffff window]
[    1.971181] pci_bus 0000:fa: root bus resource [bus fa]
[    1.971192] pci 0000:fa:00.0: [8086:09a2] type 00 class 0x088000
[    1.971262] pci 0000:fa:00.1: [8086:09a4] type 00 class 0x088000
[    1.971334] pci 0000:fa:00.2: [8086:09a3] type 00 class 0x088000
[    1.971404] pci 0000:fa:00.4: [8086:0998] type 00 class 0x060000
[    1.971483] pci_bus 0000:fa: on NUMA node 1
[    1.971549] ACPI: PCI Root Bridge [UC16] (domain 0000 [bus fe])
[    1.971551] acpi PNP0A03:02: _OSC: OS supports [ExtendedConfig ASPM ClockPM Segments MSI HPX-Type3]
[    1.971648] acpi PNP0A03:02: _OSC: platform does not support [SHPCHotplug AER LTR]
[    1.971826] acpi PNP0A03:02: _OSC: OS now controls [PCIeHotplug PME PCIeCapability]
[    1.971827] acpi PNP0A03:02: FADT indicates ASPM is unsupported, using BIOS configuration
[    1.971959] PCI host bridge to bus 0000:fe
[    1.971960] pci_bus 0000:fe: root bus resource [bus fe]
[    1.971969] pci 0000:fe:00.0: [8086:3450] type 00 class 0x088000
[    1.972045] pci 0000:fe:00.1: [8086:3451] type 00 class 0x088000
[    1.972103] pci 0000:fe:00.2: [8086:3452] type 00 class 0x088000
[    1.972164] pci 0000:fe:00.3: [8086:0998] type 00 class 0x060000
[    1.972224] pci 0000:fe:00.5: [8086:3455] type 00 class 0x088000
[    1.972291] pci 0000:fe:02.0: [8086:3440] type 00 class 0x088000
[    1.972429] pci 0000:fe:02.1: [8086:3441] type 00 class 0x088000
[    1.972546] pci 0000:fe:02.2: [8086:3442] type 00 class 0x088000
[    1.972657] pci 0000:fe:03.0: [8086:3440] type 00 class 0x088000
[    1.972758] pci 0000:fe:03.1: [8086:3441] type 00 class 0x088000
[    1.972837] pci 0000:fe:03.2: [8086:3442] type 00 class 0x088000
[    1.972924] pci 0000:fe:04.0: [8086:3440] type 00 class 0x088000
[    1.973047] pci 0000:fe:04.1: [8086:3441] type 00 class 0x088000
[    1.973169] pci 0000:fe:04.2: [8086:3442] type 00 class 0x088000
[    1.973294] pci 0000:fe:04.3: [8086:3443] type 00 class 0x088000
[    1.973417] pci 0000:fe:05.0: [8086:3445] type 00 class 0x088000
[    1.973549] pci 0000:fe:05.1: [8086:3446] type 00 class 0x088000
[    1.973665] pci 0000:fe:05.2: [8086:3447] type 00 class 0x088000
[    1.973779] pci 0000:fe:06.0: [8086:3445] type 00 class 0x088000
[    1.973876] pci 0000:fe:06.1: [8086:3446] type 00 class 0x088000
[    1.973957] pci 0000:fe:06.2: [8086:3447] type 00 class 0x088000
[    1.974047] pci 0000:fe:07.0: [8086:3445] type 00 class 0x088000
[    1.974191] pci 0000:fe:07.1: [8086:3446] type 00 class 0x088000
[    1.974314] pci 0000:fe:07.2: [8086:3447] type 00 class 0x088000
[    1.974434] pci 0000:fe:0b.0: [8086:3448] type 00 class 0x088000
[    1.974514] pci 0000:fe:0b.1: [8086:3448] type 00 class 0x088000
[    1.974579] pci 0000:fe:0b.2: [8086:344b] type 00 class 0x088000
[    1.974652] pci 0000:fe:0c.0: [8086:344a] type 00 class 0x110100
[    1.974759] pci 0000:fe:0d.0: [8086:344a] type 00 class 0x110100
[    1.974864] pci 0000:fe:0e.0: [8086:344a] type 00 class 0x110100
[    1.975020] pci 0000:fe:0f.0: [8086:344a] type 00 class 0x110100
[    1.975180] pci 0000:fe:1a.0: [8086:2880] type 00 class 0x110100
[    1.975288] pci 0000:fe:1b.0: [8086:2880] type 00 class 0x110100
[    1.975391] pci 0000:fe:1c.0: [8086:2880] type 00 class 0x110100
[    1.975547] pci 0000:fe:1d.0: [8086:2880] type 00 class 0x110100
[    1.975699] pci_bus 0000:fe: on NUMA node 1
[    1.975780] ACPI: PCI Root Bridge [UC17] (domain 0000 [bus ff])
[    1.975782] acpi PNP0A03:03: _OSC: OS supports [ExtendedConfig ASPM ClockPM Segments MSI HPX-Type3]
[    1.975883] acpi PNP0A03:03: _OSC: platform does not support [SHPCHotplug AER LTR]
[    1.976063] acpi PNP0A03:03: _OSC: OS now controls [PCIeHotplug PME PCIeCapability]
[    1.976064] acpi PNP0A03:03: FADT indicates ASPM is unsupported, using BIOS configuration
[    1.976213] PCI host bridge to bus 0000:ff
[    1.976215] pci_bus 0000:ff: root bus resource [bus ff]
[    1.976229] pci 0000:ff:00.0: [8086:344c] type 00 class 0x088000
[    1.976351] pci 0000:ff:00.1: [8086:344c] type 00 class 0x088000
[    1.976464] pci 0000:ff:00.2: [8086:344c] type 00 class 0x088000
[    1.976567] pci 0000:ff:00.3: [8086:344c] type 00 class 0x088000
[    1.976686] pci 0000:ff:00.4: [8086:344c] type 00 class 0x088000
[    1.976802] pci 0000:ff:00.5: [8086:344c] type 00 class 0x088000
[    1.976896] pci 0000:ff:00.6: [8086:344c] type 00 class 0x088000
[    1.977021] pci 0000:ff:00.7: [8086:344c] type 00 class 0x088000
[    1.977147] pci 0000:ff:01.0: [8086:344c] type 00 class 0x088000
[    1.977293] pci 0000:ff:01.1: [8086:344c] type 00 class 0x088000
[    1.977417] pci 0000:ff:01.2: [8086:344c] type 00 class 0x088000
[    1.977504] pci 0000:ff:01.3: [8086:344c] type 00 class 0x088000
[    1.977640] pci 0000:ff:01.4: [8086:344c] type 00 class 0x088000
[    1.977776] pci 0000:ff:01.5: [8086:344c] type 00 class 0x088000
[    1.977916] pci 0000:ff:01.6: [8086:344c] type 00 class 0x088000
[    1.978042] pci 0000:ff:01.7: [8086:344c] type 00 class 0x088000
[    1.978174] pci 0000:ff:02.0: [8086:344c] type 00 class 0x088000
[    1.978327] pci 0000:ff:02.1: [8086:344c] type 00 class 0x088000
[    1.978457] pci 0000:ff:02.2: [8086:344c] type 00 class 0x088000
[    1.978601] pci 0000:ff:02.3: [8086:344c] type 00 class 0x088000
[    1.978737] pci 0000:ff:02.4: [8086:344c] type 00 class 0x088000
[    1.978874] pci 0000:ff:02.5: [8086:344c] type 00 class 0x088000
[    1.979018] pci 0000:ff:02.6: [8086:344c] type 00 class 0x088000
[    1.979161] pci 0000:ff:02.7: [8086:344c] type 00 class 0x088000
[    1.979312] pci 0000:ff:03.0: [8086:344c] type 00 class 0x088000
[    1.979479] pci 0000:ff:03.1: [8086:344c] type 00 class 0x088000
[    1.979629] pci 0000:ff:03.2: [8086:344c] type 00 class 0x088000
[    1.979795] pci 0000:ff:03.3: [8086:344c] type 00 class 0x088000
[    1.979958] pci 0000:ff:0a.0: [8086:344d] type 00 class 0x088000
[    1.980076] pci 0000:ff:0a.1: [8086:344d] type 00 class 0x088000
[    1.980190] pci 0000:ff:0a.2: [8086:344d] type 00 class 0x088000
[    1.980288] pci 0000:ff:0a.3: [8086:344d] type 00 class 0x088000
[    1.980408] pci 0000:ff:0a.4: [8086:344d] type 00 class 0x088000
[    1.980524] pci 0000:ff:0a.5: [8086:344d] type 00 class 0x088000
[    1.980618] pci 0000:ff:0a.6: [8086:344d] type 00 class 0x088000
[    1.980747] pci 0000:ff:0a.7: [8086:344d] type 00 class 0x088000
[    1.980876] pci 0000:ff:0b.0: [8086:344d] type 00 class 0x088000
[    1.981024] pci 0000:ff:0b.1: [8086:344d] type 00 class 0x088000
[    1.981147] pci 0000:ff:0b.2: [8086:344d] type 00 class 0x088000
[    1.981231] pci 0000:ff:0b.3: [8086:344d] type 00 class 0x088000
[    1.981368] pci 0000:ff:0b.4: [8086:344d] type 00 class 0x088000
[    1.981504] pci 0000:ff:0b.5: [8086:344d] type 00 class 0x088000
[    1.981645] pci 0000:ff:0b.6: [8086:344d] type 00 class 0x088000
[    1.981777] pci 0000:ff:0b.7: [8086:344d] type 00 class 0x088000
[    1.981910] pci 0000:ff:0c.0: [8086:344d] type 00 class 0x088000
[    1.982059] pci 0000:ff:0c.1: [8086:344d] type 00 class 0x088000
[    1.982191] pci 0000:ff:0c.2: [8086:344d] type 00 class 0x088000
[    1.982337] pci 0000:ff:0c.3: [8086:344d] type 00 class 0x088000
[    1.982473] pci 0000:ff:0c.4: [8086:344d] type 00 class 0x088000
[    1.982610] pci 0000:ff:0c.5: [8086:344d] type 00 class 0x088000
[    1.982754] pci 0000:ff:0c.6: [8086:344d] type 00 class 0x088000
[    1.982902] pci 0000:ff:0c.7: [8086:344d] type 00 class 0x088000
[    1.983054] pci 0000:ff:0d.0: [8086:344d] type 00 class 0x088000
[    1.983221] pci 0000:ff:0d.1: [8086:344d] type 00 class 0x088000
[    1.983370] pci 0000:ff:0d.2: [8086:344d] type 00 class 0x088000
[    1.983530] pci 0000:ff:0d.3: [8086:344d] type 00 class 0x088000
[    1.983705] pci 0000:ff:1d.0: [8086:344f] type 00 class 0x088000
[    1.983832] pci 0000:ff:1d.1: [8086:3457] type 00 class 0x088000
[    1.983946] pci 0000:ff:1e.0: [8086:3458] type 00 class 0x088000
[    1.984034] pci 0000:ff:1e.1: [8086:3459] type 00 class 0x088000
[    1.984100] pci 0000:ff:1e.2: [8086:345a] type 00 class 0x088000
[    1.984167] pci 0000:ff:1e.3: [8086:345b] type 00 class 0x088000
[    1.984231] pci 0000:ff:1e.4: [8086:345c] type 00 class 0x088000
[    1.984296] pci 0000:ff:1e.5: [8086:345d] type 00 class 0x088000
[    1.984359] pci 0000:ff:1e.6: [8086:345e] type 00 class 0x088000
[    1.984424] pci 0000:ff:1e.7: [8086:345f] type 00 class 0x088000
[    1.984486] pci_bus 0000:ff: on NUMA node 1
[    1.987924] iommu: Default domain type: Translated 
[    1.987924] iommu: DMA domain TLB invalidation policy: lazy mode 
[    1.988131] SCSI subsystem initialized
[    1.988171] libata version 3.00 loaded.
[    1.988171] ACPI: bus type USB registered
[    1.988171] usbcore: registered new interface driver usbfs
[    1.988171] usbcore: registered new interface driver hub
[    1.988171] usbcore: registered new device driver usb
[    1.988171] pps_core: LinuxPPS API ver. 1 registered
[    1.988171] pps_core: Software ver. 5.3.6 - Copyright 2005-2007 Rodolfo Giometti <giometti@linux.it>
[    1.988171] PTP clock support registered
[    1.988171] EDAC MC: Ver: 3.0.0
[    1.988558] Registered efivars operations
[    1.988558] NetLabel: Initializing
[    1.988558] NetLabel:  domain hash size = 128
[    1.988558] NetLabel:  protocols = UNLABELED CIPSOv4 CALIPSO
[    1.988558] NetLabel:  unlabeled traffic allowed by default
[    1.988558] PCI: Using ACPI for IRQ routing
[    1.990500] PCI: pci_cache_line_size set to 64 bytes
[    1.991059] e820: reserve RAM buffer [mem 0x0008f000-0x0008ffff]
[    1.991061] e820: reserve RAM buffer [mem 0x46cc4020-0x47ffffff]
[    1.991062] e820: reserve RAM buffer [mem 0x46cf6020-0x47ffffff]
[    1.991064] e820: reserve RAM buffer [mem 0x46d29020-0x47ffffff]
[    1.991064] e820: reserve RAM buffer [mem 0x46d5c020-0x47ffffff]
[    1.991065] e820: reserve RAM buffer [mem 0x49e77000-0x4bffffff]
[    1.991067] e820: reserve RAM buffer [mem 0x4b2cf000-0x4bffffff]
[    1.991067] e820: reserve RAM buffer [mem 0x4bd94000-0x4bffffff]
[    1.991068] e820: reserve RAM buffer [mem 0x4ce00000-0x4fffffff]
[    1.991069] e820: reserve RAM buffer [mem 0x5eefe000-0x5fffffff]
[    1.991070] e820: reserve RAM buffer [mem 0x6f800000-0x6fffffff]
[    1.991908] pci 0000:03:00.0: vgaarb: setting as boot VGA device
[    1.991908] pci 0000:03:00.0: vgaarb: bridge control possible
[    1.991908] pci 0000:03:00.0: vgaarb: VGA device added: decodes=io+mem,owns=io+mem,locks=none
[    1.991908] vgaarb: loaded
[    1.992647] hpet0: at MMIO 0xfed00000, IRQs 2, 8, 0, 0, 0, 0, 0, 0
[    1.992654] hpet0: 8 comparators, 64-bit 24.000000 MHz counter
[    1.996004] clocksource: Switched to clocksource tsc-early
[    2.005420] VFS: Disk quotas dquot_6.6.0
[    2.005454] VFS: Dquot-cache hash table entries: 512 (order 0, 4096 bytes)
[    2.005601] AppArmor: AppArmor Filesystem Enabled
[    2.005612] pnp: PnP ACPI init
[    2.021659] system 00:01: [io  0x0500-0x05fe] has been reserved
[    2.021662] system 00:01: [io  0x0400-0x041f] has been reserved
[    2.021664] system 00:01: [io  0x0600-0x061f] has been reserved
[    2.021666] system 00:01: [io  0x0ca0-0x0ca1] has been reserved
[    2.021667] system 00:01: [io  0x0ca4-0x0ca6] has been reserved
[    2.021669] system 00:01: [mem 0xff000000-0xffffffff] has been reserved
[    2.022273] system 00:04: [mem 0xfd000000-0xfdabffff] has been reserved
[    2.022275] system 00:04: [mem 0xfdad0000-0xfdadffff] has been reserved
[    2.022277] system 00:04: [mem 0xfdb00000-0xfdffffff] has been reserved
[    2.022278] system 00:04: [mem 0xfe000000-0xfe00ffff] has been reserved
[    2.022280] system 00:04: [mem 0xfe011000-0xfe01ffff] has been reserved
[    2.022281] system 00:04: [mem 0xfe036000-0xfe03bfff] has been reserved
[    2.022283] system 00:04: [mem 0xfe03d000-0xfe3fffff] has been reserved
[    2.022284] system 00:04: [mem 0xfe410000-0xfe7fffff] has been reserved
[    2.022602] system 00:05: [io  0x1000-0x10fe] has been reserved
[    2.023614] pnp: PnP ACPI: found 6 devices
[    2.029275] clocksource: acpi_pm: mask: 0xffffff max_cycles: 0xffffff, max_idle_ns: 2085701024 ns
[    2.029354] NET: Registered PF_INET protocol family
[    2.029674] IP idents hash table entries: 262144 (order: 9, 2097152 bytes, vmalloc)
[    2.031878] tcp_listen_portaddr_hash hash table entries: 32768 (order: 7, 524288 bytes, vmalloc)
[    2.032567] TCP established hash table entries: 524288 (order: 10, 4194304 bytes, vmalloc hugepage)
[    2.033180] TCP bind hash table entries: 65536 (order: 8, 1048576 bytes, vmalloc)
[    2.033241] TCP: Hash tables configured (established 524288 bind 65536)
[    2.033542] UDP hash table entries: 32768 (order: 8, 1048576 bytes, vmalloc)
[    2.033767] UDP-Lite hash table entries: 32768 (order: 8, 1048576 bytes, vmalloc)
[    2.033964] NET: Registered PF_UNIX/PF_LOCAL protocol family
[    2.033970] NET: Registered PF_XDP protocol family
[    2.033978] pci 0000:04:00.0: can't claim BAR 6 [mem 0xfffc0000-0xffffffff pref]: no compatible bridge window
[    2.033980] pci 0000:04:00.1: can't claim BAR 6 [mem 0xfffc0000-0xffffffff pref]: no compatible bridge window
[    2.033982] pci 0000:17:00.0: can't claim BAR 6 [mem 0xfff00000-0xffffffff pref]: no compatible bridge window
[    2.033997] pci 0000:00:1c.5: BAR 14: assigned [mem 0x90000000-0x900fffff]
[    2.034000] pci 0000:00:1c.0: PCI bridge to [bus 01]
[    2.034010] pci 0000:02:00.0: PCI bridge to [bus 03]
[    2.034015] pci 0000:02:00.0:   bridge window [mem 0x92000000-0x928fffff]
[    2.034019] pci 0000:02:00.0:   bridge window [mem 0x91000000-0x91ffffff 64bit pref]
[    2.034025] pci 0000:00:1c.4: PCI bridge to [bus 02-03]
[    2.034028] pci 0000:00:1c.4:   bridge window [mem 0x92000000-0x928fffff]
[    2.034032] pci 0000:00:1c.4:   bridge window [mem 0x91000000-0x91ffffff 64bit pref]
[    2.034037] pci 0000:04:00.0: BAR 6: assigned [mem 0x90000000-0x9003ffff pref]
[    2.034039] pci 0000:04:00.1: BAR 6: assigned [mem 0x90040000-0x9007ffff pref]
[    2.034040] pci 0000:00:1c.5: PCI bridge to [bus 04]
[    2.034043] pci 0000:00:1c.5:   bridge window [mem 0x90000000-0x900fffff]
[    2.034046] pci 0000:00:1c.5:   bridge window [mem 0x92900000-0x929fffff 64bit pref]
[    2.034050] pci_bus 0000:00: resource 4 [io  0x0000-0x0cf7 window]
[    2.034052] pci_bus 0000:00: resource 5 [io  0x1000-0x4fff window]
[    2.034054] pci_bus 0000:00: resource 6 [mem 0x000a0000-0x000bffff window]
[    2.034055] pci_bus 0000:00: resource 7 [mem 0x000c8000-0x000cffff window]
[    2.034056] pci_bus 0000:00: resource 8 [mem 0xfe010000-0xfe010fff window]
[    2.034058] pci_bus 0000:00: resource 9 [mem 0x90000000-0x9b7fffff window]
[    2.034059] pci_bus 0000:00: resource 10 [mem 0x200000000000-0x20ffffffffff window]
[    2.034060] pci_bus 0000:02: resource 1 [mem 0x92000000-0x928fffff]
[    2.034062] pci_bus 0000:02: resource 2 [mem 0x91000000-0x91ffffff 64bit pref]
[    2.034063] pci_bus 0000:03: resource 1 [mem 0x92000000-0x928fffff]
[    2.034064] pci_bus 0000:03: resource 2 [mem 0x91000000-0x91ffffff 64bit pref]
[    2.034065] pci_bus 0000:04: resource 1 [mem 0x90000000-0x900fffff]
[    2.034066] pci_bus 0000:04: resource 2 [mem 0x92900000-0x929fffff 64bit pref]
[    2.034141] pci 0000:17:00.0: BAR 6: no space for [mem size 0x00100000 pref]
[    2.034143] pci 0000:17:00.0: BAR 6: failed to assign [mem size 0x00100000 pref]
[    2.034144] pci 0000:16:02.0: PCI bridge to [bus 17]
[    2.034146] pci 0000:16:02.0:   bridge window [io  0x5000-0x5fff]
[    2.034149] pci 0000:16:02.0:   bridge window [mem 0x9ba00000-0x9bafffff]
[    2.034151] pci 0000:16:02.0:   bridge window [mem 0x9b800000-0x9b9fffff 64bit pref]
[    2.034155] pci_bus 0000:16: resource 4 [io  0x5000-0x6fff window]
[    2.034156] pci_bus 0000:16: resource 5 [mem 0x9b800000-0xa63fffff window]
[    2.034157] pci_bus 0000:16: resource 6 [mem 0x210000000000-0x21ffffffffff window]
[    2.034158] pci_bus 0000:17: resource 0 [io  0x5000-0x5fff]
[    2.034159] pci_bus 0000:17: resource 1 [mem 0x9ba00000-0x9bafffff]
[    2.034160] pci_bus 0000:17: resource 2 [mem 0x9b800000-0x9b9fffff 64bit pref]
[    2.034167] pci_bus 0000:30: resource 4 [io  0x7000-0x8fff window]
[    2.034168] pci_bus 0000:30: resource 5 [mem 0xa6400000-0xb0ffffff window]
[    2.034170] pci_bus 0000:30: resource 6 [mem 0x220000000000-0x22ffffffffff window]
[    2.034176] pci_bus 0000:4a: resource 4 [io  0x9000-0x9fff window]
[    2.034177] pci_bus 0000:4a: resource 5 [mem 0xb1000000-0xbbbfffff window]
[    2.034178] pci_bus 0000:4a: resource 6 [mem 0x230000000000-0x23ffffffffff window]
