2024年 05月 18日 星期六 20:58:18 CST
pgmigrate_success 15671
pgmigrate_fail 0
pgmigrate_dst_node_full_fail 0
pgmigrate_numa_isolate_fail 0
pgmigrate_nomem_fail 0
pgmigrate_refcount_fail 0
thp_fault_alloc 0
thp_fault_fallback 0
thp_collapse_alloc 4
thp_collapse_alloc_failed 0
thp_file_alloc 0
thp_file_mapped 0
thp_split_page 0
thp_split_page_failed 0
thp_deferred_split_page 0
thp_split_pmd 0
thp_split_pud 0
thp_zero_page_alloc 0
thp_zero_page_alloc_failed 0
thp_swpout 0
thp_swpout_fallback 0
MemTotal:       1133636968 kB
MemFree:        1102968012 kB
MemAvailable:   1100615256 kB
Buffers:            7540 kB
Cached:           391060 kB
SwapCached:            0 kB
Active:           654032 kB
Inactive:         329984 kB
Active(anon):     585492 kB
Inactive(anon):     6148 kB
Active(file):      68540 kB
Inactive(file):   323836 kB
Unevictable:           0 kB
Mlocked:               0 kB
SwapTotal:       2097148 kB
SwapFree:        2097148 kB
Dirty:              1468 kB
Writeback:             0 kB
AnonPages:        585656 kB
Mapped:           387264 kB
Shmem:              6160 kB
KReclaimable:     222012 kB
Slab:             572172 kB
SReclaimable:     222012 kB
SUnreclaim:       350160 kB
KernelStack:       33184 kB
PageTables:        27856 kB
NFS_Unstable:          0 kB
Bounce:                0 kB
WritebackTmp:          0 kB
CommitLimit:    568915632 kB
Committed_AS:    6405880 kB
VmallocTotal:   34359738367 kB
VmallocUsed:      161044 kB
VmallocChunk:          0 kB
Percpu:           125440 kB
HardwareCorrupted:     0 kB
AnonHugePages:      8192 kB
ShmemHugePages:        0 kB
ShmemPmdMapped:        0 kB
CmaTotal:              0 kB
CmaFree:               0 kB
HugePages_Total:       0
HugePages_Free:        0
HugePages_Rsvd:        0
HugePages_Surp:        0
Hugepagesize:       2048 kB
Hugetlb:               0 kB
DirectMap4k:     1105384 kB
DirectMap2M:     7768064 kB
DirectMap1G:    1180696576 kB
2024年 05月 18日 星期六 21:18:30 CST
pgmigrate_success 6562479
pgmigrate_fail 19869184
pgmigrate_dst_node_full_fail 19750912
pgmigrate_numa_isolate_fail 1
pgmigrate_nomem_fail 0
pgmigrate_refcount_fail 0
thp_fault_alloc 35814
thp_fault_fallback 0
thp_collapse_alloc 32
thp_collapse_alloc_failed 0
thp_file_alloc 0
thp_file_mapped 0
thp_split_page 0
thp_split_page_failed 0
thp_deferred_split_page 58544
thp_split_pmd 3
thp_split_pud 0
thp_zero_page_alloc 0
thp_zero_page_alloc_failed 0
thp_swpout 0
thp_swpout_fallback 0
MemTotal:       1133636968 kB
MemFree:        1080445148 kB
MemAvailable:   1099247936 kB
Buffers:           61240 kB
Cached:         22523156 kB
SwapCached:            0 kB
Active:         22665408 kB
Inactive:         509468 kB
Active(anon):     590776 kB
Inactive(anon):     6156 kB
Active(file):   22074632 kB
Inactive(file):   503312 kB
Unevictable:           0 kB
Mlocked:               0 kB
SwapTotal:       2097148 kB
SwapFree:        2097148 kB
Dirty:            154172 kB
Writeback:             0 kB
AnonPages:        591108 kB
Mapped:           387572 kB
Shmem:              6160 kB
KReclaimable:     307152 kB
Slab:             662320 kB
SReclaimable:     307152 kB
SUnreclaim:       355168 kB
KernelStack:       33344 kB
PageTables:        27872 kB
NFS_Unstable:          0 kB
Bounce:                0 kB
WritebackTmp:          0 kB
CommitLimit:    568915632 kB
Committed_AS:    6330524 kB
VmallocTotal:   34359738367 kB
VmallocUsed:      160964 kB
VmallocChunk:          0 kB
Percpu:           125440 kB
HardwareCorrupted:     0 kB
AnonHugePages:    415744 kB
ShmemHugePages:        0 kB
ShmemPmdMapped:        0 kB
CmaTotal:              0 kB
CmaFree:               0 kB
HugePages_Total:       0
HugePages_Free:        0
HugePages_Rsvd:        0
HugePages_Surp:        0
Hugepagesize:       2048 kB
Hugetlb:               0 kB
DirectMap4k:     1105384 kB
DirectMap2M:     7768064 kB
DirectMap1G:    1180696576 kB
