[    0.000000] Linux version 5.3.1-multiclock (xmu@xmu-PowerEdge-R750) (gcc version 7.5.0 (Ubuntu 7.5.0-3ubuntu1~18.04)) #1 SMP Wed Aug 9 20:46:02 CST 2023
[    0.000000] Command line: BOOT_IMAGE=/boot/vmlinuz-5.3.1-multiclock root=UUID=ce0c24b8-724b-4f33-9b2c-618433560aef ro memmap=38700M!4096M memmap=59G!64G quiet splash nomodeset vt.handoff=1
[    0.000000] KERNEL supported cpus:
[    0.000000]   Intel GenuineIntel
[    0.000000]   AMD AuthenticAMD
[    0.000000]   Hygon HygonGenuine
[    0.000000]   Centaur CentaurHauls
[    0.000000]   zhaoxin   Shanghai  
[    0.000000] x86/fpu: Supporting XSAVE feature 0x001: 'x87 floating point registers'
[    0.000000] x86/fpu: Supporting XSAVE feature 0x002: 'SSE registers'
[    0.000000] x86/fpu: Supporting XSAVE feature 0x004: 'AVX registers'
[    0.000000] x86/fpu: Supporting XSAVE feature 0x020: 'AVX-512 opmask'
[    0.000000] x86/fpu: Supporting XSAVE feature 0x040: 'AVX-512 Hi256'
[    0.000000] x86/fpu: Supporting XSAVE feature 0x080: 'AVX-512 ZMM_Hi256'
[    0.000000] x86/fpu: Supporting XSAVE feature 0x200: 'Protection Keys User registers'
[    0.000000] x86/fpu: xstate_offset[2]:  576, xstate_sizes[2]:  256
[    0.000000] x86/fpu: xstate_offset[5]:  832, xstate_sizes[5]:   64
[    0.000000] x86/fpu: xstate_offset[6]:  896, xstate_sizes[6]:  512
[    0.000000] x86/fpu: xstate_offset[7]: 1408, xstate_sizes[7]: 1024
[    0.000000] x86/fpu: xstate_offset[9]: 2432, xstate_sizes[9]:    8
[    0.000000] x86/fpu: Enabled xstate features 0x2e7, context size is 2440 bytes, using 'compacted' format.
[    0.000000] BIOS-provided physical RAM map:
[    0.000000] BIOS-e820: [mem 0x0000000000000000-0x000000000008efff] usable
[    0.000000] BIOS-e820: [mem 0x000000000008f000-0x000000000008ffff] reserved
[    0.000000] BIOS-e820: [mem 0x0000000000090000-0x000000000009ffff] usable
[    0.000000] BIOS-e820: [mem 0x00000000000a0000-0x00000000000fffff] reserved
[    0.000000] BIOS-e820: [mem 0x0000000000100000-0x0000000049e76fff] usable
[    0.000000] BIOS-e820: [mem 0x0000000049e77000-0x000000004ae76fff] ACPI NVS
[    0.000000] BIOS-e820: [mem 0x000000004ae77000-0x000000004b2cefff] usable
[    0.000000] BIOS-e820: [mem 0x000000004b2cf000-0x000000004b54dfff] ACPI data
[    0.000000] BIOS-e820: [mem 0x000000004b54e000-0x000000004bd93fff] usable
[    0.000000] BIOS-e820: [mem 0x000000004bd94000-0x000000004be99fff] reserved
[    0.000000] BIOS-e820: [mem 0x000000004be9a000-0x000000004cdfffff] usable
[    0.000000] BIOS-e820: [mem 0x000000004ce00000-0x000000004cffffff] reserved
[    0.000000] BIOS-e820: [mem 0x000000004d000000-0x000000005eefdfff] usable
[    0.000000] BIOS-e820: [mem 0x000000005eefe000-0x000000006e3fefff] reserved
[    0.000000] BIOS-e820: [mem 0x000000006e3ff000-0x000000006f3fefff] ACPI NVS
[    0.000000] BIOS-e820: [mem 0x000000006f3ff000-0x000000006f7fefff] ACPI data
[    0.000000] BIOS-e820: [mem 0x000000006f7ff000-0x000000006f7fffff] usable
[    0.000000] BIOS-e820: [mem 0x000000006f800000-0x000000008fffffff] reserved
[    0.000000] BIOS-e820: [mem 0x00000000fe000000-0x00000000fe010fff] reserved
[    0.000000] BIOS-e820: [mem 0x0000000100000000-0x000000207fffffff] usable
[    0.000000] BIOS-e820: [mem 0x0000002080000000-0x0000011c7fffffff] persistent (type 7)
[    0.000000] BIOS-e820: [mem 0x00001ffc00000000-0x00001fffffffffff] reserved
[    0.000000] NX (Execute Disable) protection: active
[    0.000000] e820: update [mem 0x47c65020-0x47c6d05f] usable ==> usable
[    0.000000] e820: update [mem 0x47c65020-0x47c6d05f] usable ==> usable
[    0.000000] e820: update [mem 0x47c32020-0x47c64c5f] usable ==> usable
[    0.000000] e820: update [mem 0x47c32020-0x47c64c5f] usable ==> usable
[    0.000000] e820: update [mem 0x47bff020-0x47c31c5f] usable ==> usable
[    0.000000] e820: update [mem 0x47bff020-0x47c31c5f] usable ==> usable
[    0.000000] e820: update [mem 0x47bcd020-0x47bfea5f] usable ==> usable
[    0.000000] e820: update [mem 0x47bcd020-0x47bfea5f] usable ==> usable
[    0.000000] extended physical RAM map:
[    0.000000] reserve setup_data: [mem 0x0000000000000000-0x000000000008efff] usable
[    0.000000] reserve setup_data: [mem 0x000000000008f000-0x000000000008ffff] reserved
[    0.000000] reserve setup_data: [mem 0x0000000000090000-0x000000000009ffff] usable
[    0.000000] reserve setup_data: [mem 0x00000000000a0000-0x00000000000fffff] reserved
[    0.000000] reserve setup_data: [mem 0x0000000000100000-0x0000000047bcd01f] usable
[    0.000000] reserve setup_data: [mem 0x0000000047bcd020-0x0000000047bfea5f] usable
[    0.000000] reserve setup_data: [mem 0x0000000047bfea60-0x0000000047bff01f] usable
[    0.000000] reserve setup_data: [mem 0x0000000047bff020-0x0000000047c31c5f] usable
[    0.000000] reserve setup_data: [mem 0x0000000047c31c60-0x0000000047c3201f] usable
[    0.000000] reserve setup_data: [mem 0x0000000047c32020-0x0000000047c64c5f] usable
[    0.000000] reserve setup_data: [mem 0x0000000047c64c60-0x0000000047c6501f] usable
[    0.000000] reserve setup_data: [mem 0x0000000047c65020-0x0000000047c6d05f] usable
[    0.000000] reserve setup_data: [mem 0x0000000047c6d060-0x0000000049e76fff] usable
[    0.000000] reserve setup_data: [mem 0x0000000049e77000-0x000000004ae76fff] ACPI NVS
[    0.000000] reserve setup_data: [mem 0x000000004ae77000-0x000000004b2cefff] usable
[    0.000000] reserve setup_data: [mem 0x000000004b2cf000-0x000000004b54dfff] ACPI data
[    0.000000] reserve setup_data: [mem 0x000000004b54e000-0x000000004bd93fff] usable
[    0.000000] reserve setup_data: [mem 0x000000004bd94000-0x000000004be99fff] reserved
[    0.000000] reserve setup_data: [mem 0x000000004be9a000-0x000000004cdfffff] usable
[    0.000000] reserve setup_data: [mem 0x000000004ce00000-0x000000004cffffff] reserved
[    0.000000] reserve setup_data: [mem 0x000000004d000000-0x000000005eefdfff] usable
[    0.000000] reserve setup_data: [mem 0x000000005eefe000-0x000000006e3fefff] reserved
[    0.000000] reserve setup_data: [mem 0x000000006e3ff000-0x000000006f3fefff] ACPI NVS
[    0.000000] reserve setup_data: [mem 0x000000006f3ff000-0x000000006f7fefff] ACPI data
[    0.000000] reserve setup_data: [mem 0x000000006f7ff000-0x000000006f7fffff] usable
[    0.000000] reserve setup_data: [mem 0x000000006f800000-0x000000008fffffff] reserved
[    0.000000] reserve setup_data: [mem 0x00000000fe000000-0x00000000fe010fff] reserved
[    0.000000] reserve setup_data: [mem 0x0000000100000000-0x0000000a72bfffff] persistent (type 12)
[    0.000000] reserve setup_data: [mem 0x0000000a72c00000-0x0000000fffffffff] usable
[    0.000000] reserve setup_data: [mem 0x0000001000000000-0x0000001ebfffffff] persistent (type 12)
[    0.000000] reserve setup_data: [mem 0x0000001ec0000000-0x000000207fffffff] usable
[    0.000000] reserve setup_data: [mem 0x0000002080000000-0x0000011c7fffffff] persistent (type 7)
[    0.000000] reserve setup_data: [mem 0x00001ffc00000000-0x00001fffffffffff] reserved
[    0.000000] user-defined physical RAM map:
[    0.000000] user: [mem 0x0000000000000000-0x000000000008efff] usable
[    0.000000] user: [mem 0x000000000008f000-0x000000000008ffff] reserved
[    0.000000] user: [mem 0x0000000000090000-0x000000000009ffff] usable
[    0.000000] user: [mem 0x00000000000a0000-0x00000000000fffff] reserved
[    0.000000] user: [mem 0x0000000000100000-0x0000000047bcd01f] usable
[    0.000000] user: [mem 0x0000000047bcd020-0x0000000047bfea5f] usable
[    0.000000] user: [mem 0x0000000047bfea60-0x0000000047bff01f] usable
[    0.000000] user: [mem 0x0000000047bff020-0x0000000047c31c5f] usable
[    0.000000] user: [mem 0x0000000047c31c60-0x0000000047c3201f] usable
[    0.000000] user: [mem 0x0000000047c32020-0x0000000047c64c5f] usable
[    0.000000] user: [mem 0x0000000047c64c60-0x0000000047c6501f] usable
[    0.000000] user: [mem 0x0000000047c65020-0x0000000047c6d05f] usable
[    0.000000] user: [mem 0x0000000047c6d060-0x0000000049e76fff] usable
[    0.000000] user: [mem 0x0000000049e77000-0x000000004ae76fff] ACPI NVS
[    0.000000] user: [mem 0x000000004ae77000-0x000000004b2cefff] usable
[    0.000000] user: [mem 0x000000004b2cf000-0x000000004b54dfff] ACPI data
[    0.000000] user: [mem 0x000000004b54e000-0x000000004bd93fff] usable
[    0.000000] user: [mem 0x000000004bd94000-0x000000004be99fff] reserved
[    0.000000] user: [mem 0x000000004be9a000-0x000000004cdfffff] usable
[    0.000000] user: [mem 0x000000004ce00000-0x000000004cffffff] reserved
[    0.000000] user: [mem 0x000000004d000000-0x000000005eefdfff] usable
[    0.000000] user: [mem 0x000000005eefe000-0x000000006e3fefff] reserved
[    0.000000] user: [mem 0x000000006e3ff000-0x000000006f3fefff] ACPI NVS
[    0.000000] user: [mem 0x000000006f3ff000-0x000000006f7fefff] ACPI data
[    0.000000] user: [mem 0x000000006f7ff000-0x000000006f7fffff] usable
[    0.000000] user: [mem 0x000000006f800000-0x000000008fffffff] reserved
[    0.000000] user: [mem 0x00000000fe000000-0x00000000fe010fff] reserved
[    0.000000] user: [mem 0x0000000100000000-0x0000000a72bfffff] persistent (type 12)
[    0.000000] user: [mem 0x0000000a72c00000-0x0000000fffffffff] usable
[    0.000000] user: [mem 0x0000001000000000-0x0000001ebfffffff] persistent (type 12)
[    0.000000] user: [mem 0x0000001ec0000000-0x000000207fffffff] usable
[    0.000000] user: [mem 0x0000002080000000-0x0000011c7fffffff] persistent (type 7)
[    0.000000] user: [mem 0x00001ffc00000000-0x00001fffffffffff] reserved
[    0.000000] efi: EFI v2.70 by Dell Inc.
[    0.000000] efi:  ACPI=0x6f7fe000  ACPI 2.0=0x6f7fe014  MEMATTR=0x5a1f8020  SMBIOS=0x69526000  SMBIOS 3.0=0x69524000 
[    0.000000] SMBIOS 3.3.0 present.
[    0.000000] DMI: Dell Inc. PowerEdge R750/0K8F35, BIOS 1.10.2 03/03/2023
[    0.000000] tsc: Detected 2000.000 MHz processor
[    0.000008] e820: update [mem 0x00000000-0x00000fff] usable ==> reserved
[    0.000010] e820: remove [mem 0x000a0000-0x000fffff] usable
[    0.000018] last_pfn = 0x2080000 max_arch_pfn = 0x400000000
[    0.000021] MTRR default type: uncachable
[    0.000022] MTRR fixed ranges enabled:
[    0.000023]   00000-9FFFF write-back
[    0.000023]   A0000-BFFFF uncachable
[    0.000024]   C0000-FFFFF write-protect
[    0.000024] MTRR variable ranges enabled:
[    0.000026]   0 base 000000000000 mask 3E0000000000 write-back
[    0.000027]   1 base 000080000000 mask 3FFF80000000 uncachable
[    0.000027]   2 base 00007F000000 mask 3FFFFF000000 uncachable
[    0.000028]   3 disabled
[    0.000028]   4 disabled
[    0.000029]   5 disabled
[    0.000029]   6 disabled
[    0.000029]   7 disabled
[    0.000030]   8 disabled
[    0.000030]   9 disabled
[    0.000781] x86/PAT: Configuration [0-7]: WB  WC  UC- UC  WB  WP  UC- WT  
[    0.001837] total RAM covered: 2095088M
[    0.001922]  gran_size: 64K 	chunk_size: 64K 	num_reg: 10  	lose cover RAM: 2016G
[    0.001923]  gran_size: 64K 	chunk_size: 128K 	num_reg: 10  	lose cover RAM: 2016G
[    0.001924]  gran_size: 64K 	chunk_size: 256K 	num_reg: 10  	lose cover RAM: 2016G
[    0.001925]  gran_size: 64K 	chunk_size: 512K 	num_reg: 10  	lose cover RAM: 2016G
[    0.001925]  gran_size: 64K 	chunk_size: 1M 	num_reg: 10  	lose cover RAM: 2016G
[    0.001926]  gran_size: 64K 	chunk_size: 2M 	num_reg: 10  	lose cover RAM: 2016G
[    0.001927]  gran_size: 64K 	chunk_size: 4M 	num_reg: 10  	lose cover RAM: 2016G
[    0.001927]  gran_size: 64K 	chunk_size: 8M 	num_reg: 10  	lose cover RAM: 2016G
[    0.001928]  gran_size: 64K 	chunk_size: 16M 	num_reg: 10  	lose cover RAM: 2016G
[    0.001929]  gran_size: 64K 	chunk_size: 32M 	num_reg: 10  	lose cover RAM: 1024G
[    0.001929]  gran_size: 64K 	chunk_size: 64M 	num_reg: 10  	lose cover RAM: 1024G
[    0.001930]  gran_size: 64K 	chunk_size: 128M 	num_reg: 10  	lose cover RAM: 1024G
[    0.001931]  gran_size: 64K 	chunk_size: 256M 	num_reg: 10  	lose cover RAM: 1024G
[    0.001931]  gran_size: 64K 	chunk_size: 512M 	num_reg: 10  	lose cover RAM: 1024G
[    0.001932]  gran_size: 64K 	chunk_size: 1G 	num_reg: 10  	lose cover RAM: 1024G
[    0.001933]  gran_size: 64K 	chunk_size: 2G 	num_reg: 10  	lose cover RAM: 1024G
[    0.001934]  gran_size: 128K 	chunk_size: 128K 	num_reg: 10  	lose cover RAM: 2016G
[    0.001934]  gran_size: 128K 	chunk_size: 256K 	num_reg: 10  	lose cover RAM: 2016G
[    0.001935]  gran_size: 128K 	chunk_size: 512K 	num_reg: 10  	lose cover RAM: 2016G
[    0.001936]  gran_size: 128K 	chunk_size: 1M 	num_reg: 10  	lose cover RAM: 2016G
[    0.001936]  gran_size: 128K 	chunk_size: 2M 	num_reg: 10  	lose cover RAM: 2016G
[    0.001937]  gran_size: 128K 	chunk_size: 4M 	num_reg: 10  	lose cover RAM: 2016G
[    0.001938]  gran_size: 128K 	chunk_size: 8M 	num_reg: 10  	lose cover RAM: 2016G
[    0.001938]  gran_size: 128K 	chunk_size: 16M 	num_reg: 10  	lose cover RAM: 2016G
[    0.001939]  gran_size: 128K 	chunk_size: 32M 	num_reg: 10  	lose cover RAM: 1024G
[    0.001940]  gran_size: 128K 	chunk_size: 64M 	num_reg: 10  	lose cover RAM: 1024G
[    0.001940]  gran_size: 128K 	chunk_size: 128M 	num_reg: 10  	lose cover RAM: 1024G
[    0.001941]  gran_size: 128K 	chunk_size: 256M 	num_reg: 10  	lose cover RAM: 1024G
[    0.001942]  gran_size: 128K 	chunk_size: 512M 	num_reg: 10  	lose cover RAM: 1024G
[    0.001942]  gran_size: 128K 	chunk_size: 1G 	num_reg: 10  	lose cover RAM: 1024G
[    0.001943]  gran_size: 128K 	chunk_size: 2G 	num_reg: 10  	lose cover RAM: 1024G
[    0.001944]  gran_size: 256K 	chunk_size: 256K 	num_reg: 10  	lose cover RAM: 2016G
[    0.001944]  gran_size: 256K 	chunk_size: 512K 	num_reg: 10  	lose cover RAM: 2016G
[    0.001945]  gran_size: 256K 	chunk_size: 1M 	num_reg: 10  	lose cover RAM: 2016G
[    0.001946]  gran_size: 256K 	chunk_size: 2M 	num_reg: 10  	lose cover RAM: 2016G
[    0.001946]  gran_size: 256K 	chunk_size: 4M 	num_reg: 10  	lose cover RAM: 2016G
[    0.001947]  gran_size: 256K 	chunk_size: 8M 	num_reg: 10  	lose cover RAM: 2016G
[    0.001947]  gran_size: 256K 	chunk_size: 16M 	num_reg: 10  	lose cover RAM: 2016G
[    0.001948]  gran_size: 256K 	chunk_size: 32M 	num_reg: 10  	lose cover RAM: 1024G
[    0.001949]  gran_size: 256K 	chunk_size: 64M 	num_reg: 10  	lose cover RAM: 1024G
[    0.001949]  gran_size: 256K 	chunk_size: 128M 	num_reg: 10  	lose cover RAM: 1024G
[    0.001950]  gran_size: 256K 	chunk_size: 256M 	num_reg: 10  	lose cover RAM: 1024G
[    0.001951]  gran_size: 256K 	chunk_size: 512M 	num_reg: 10  	lose cover RAM: 1024G
[    0.001952]  gran_size: 256K 	chunk_size: 1G 	num_reg: 10  	lose cover RAM: 1024G
[    0.001952]  gran_size: 256K 	chunk_size: 2G 	num_reg: 10  	lose cover RAM: 1024G
[    0.001953]  gran_size: 512K 	chunk_size: 512K 	num_reg: 10  	lose cover RAM: 2016G
[    0.001954]  gran_size: 512K 	chunk_size: 1M 	num_reg: 10  	lose cover RAM: 2016G
[    0.001954]  gran_size: 512K 	chunk_size: 2M 	num_reg: 10  	lose cover RAM: 2016G
[    0.001955]  gran_size: 512K 	chunk_size: 4M 	num_reg: 10  	lose cover RAM: 2016G
[    0.001955]  gran_size: 512K 	chunk_size: 8M 	num_reg: 10  	lose cover RAM: 2016G
[    0.001956]  gran_size: 512K 	chunk_size: 16M 	num_reg: 10  	lose cover RAM: 2016G
[    0.001957]  gran_size: 512K 	chunk_size: 32M 	num_reg: 10  	lose cover RAM: 1024G
[    0.001957]  gran_size: 512K 	chunk_size: 64M 	num_reg: 10  	lose cover RAM: 1024G
[    0.001958]  gran_size: 512K 	chunk_size: 128M 	num_reg: 10  	lose cover RAM: 1024G
[    0.001959]  gran_size: 512K 	chunk_size: 256M 	num_reg: 10  	lose cover RAM: 1024G
[    0.001959]  gran_size: 512K 	chunk_size: 512M 	num_reg: 10  	lose cover RAM: 1024G
[    0.001960]  gran_size: 512K 	chunk_size: 1G 	num_reg: 10  	lose cover RAM: 1024G
[    0.001961]  gran_size: 512K 	chunk_size: 2G 	num_reg: 10  	lose cover RAM: 1024G
[    0.001962]  gran_size: 1M 	chunk_size: 1M 	num_reg: 10  	lose cover RAM: 2016G
[    0.001962]  gran_size: 1M 	chunk_size: 2M 	num_reg: 10  	lose cover RAM: 2016G
[    0.001963]  gran_size: 1M 	chunk_size: 4M 	num_reg: 10  	lose cover RAM: 2016G
[    0.001963]  gran_size: 1M 	chunk_size: 8M 	num_reg: 10  	lose cover RAM: 2016G
[    0.001964]  gran_size: 1M 	chunk_size: 16M 	num_reg: 10  	lose cover RAM: 2016G
[    0.001965]  gran_size: 1M 	chunk_size: 32M 	num_reg: 10  	lose cover RAM: 1024G
[    0.001966]  gran_size: 1M 	chunk_size: 64M 	num_reg: 10  	lose cover RAM: 1024G
[    0.001966]  gran_size: 1M 	chunk_size: 128M 	num_reg: 10  	lose cover RAM: 1024G
[    0.001967]  gran_size: 1M 	chunk_size: 256M 	num_reg: 10  	lose cover RAM: 1024G
[    0.001968]  gran_size: 1M 	chunk_size: 512M 	num_reg: 10  	lose cover RAM: 1024G
[    0.001968]  gran_size: 1M 	chunk_size: 1G 	num_reg: 10  	lose cover RAM: 1024G
[    0.001969]  gran_size: 1M 	chunk_size: 2G 	num_reg: 10  	lose cover RAM: 1024G
[    0.001970]  gran_size: 2M 	chunk_size: 2M 	num_reg: 10  	lose cover RAM: 2016G
[    0.001970]  gran_size: 2M 	chunk_size: 4M 	num_reg: 10  	lose cover RAM: 2016G
[    0.001971]  gran_size: 2M 	chunk_size: 8M 	num_reg: 10  	lose cover RAM: 2016G
[    0.001972]  gran_size: 2M 	chunk_size: 16M 	num_reg: 10  	lose cover RAM: 2016G
[    0.001972]  gran_size: 2M 	chunk_size: 32M 	num_reg: 10  	lose cover RAM: 1024G
[    0.001973]  gran_size: 2M 	chunk_size: 64M 	num_reg: 10  	lose cover RAM: 1024G
[    0.001974]  gran_size: 2M 	chunk_size: 128M 	num_reg: 10  	lose cover RAM: 1024G
[    0.001974]  gran_size: 2M 	chunk_size: 256M 	num_reg: 10  	lose cover RAM: 1024G
[    0.001975]  gran_size: 2M 	chunk_size: 512M 	num_reg: 10  	lose cover RAM: 1024G
[    0.001976]  gran_size: 2M 	chunk_size: 1G 	num_reg: 10  	lose cover RAM: 1024G
[    0.001976]  gran_size: 2M 	chunk_size: 2G 	num_reg: 10  	lose cover RAM: 1024G
[    0.001977]  gran_size: 4M 	chunk_size: 4M 	num_reg: 10  	lose cover RAM: 2016G
[    0.001977]  gran_size: 4M 	chunk_size: 8M 	num_reg: 10  	lose cover RAM: 2016G
[    0.001978]  gran_size: 4M 	chunk_size: 16M 	num_reg: 10  	lose cover RAM: 2016G
[    0.001979]  gran_size: 4M 	chunk_size: 32M 	num_reg: 10  	lose cover RAM: 1024G
[    0.001979]  gran_size: 4M 	chunk_size: 64M 	num_reg: 10  	lose cover RAM: 1024G
[    0.001980]  gran_size: 4M 	chunk_size: 128M 	num_reg: 10  	lose cover RAM: 1024G
[    0.001981]  gran_size: 4M 	chunk_size: 256M 	num_reg: 10  	lose cover RAM: 1024G
[    0.001981]  gran_size: 4M 	chunk_size: 512M 	num_reg: 10  	lose cover RAM: 1024G
[    0.001982]  gran_size: 4M 	chunk_size: 1G 	num_reg: 10  	lose cover RAM: 1024G
[    0.001983]  gran_size: 4M 	chunk_size: 2G 	num_reg: 10  	lose cover RAM: 1024G
[    0.001984]  gran_size: 8M 	chunk_size: 8M 	num_reg: 10  	lose cover RAM: 2016G
[    0.001984]  gran_size: 8M 	chunk_size: 16M 	num_reg: 10  	lose cover RAM: 2016G
[    0.001985]  gran_size: 8M 	chunk_size: 32M 	num_reg: 10  	lose cover RAM: 1024G
[    0.001986]  gran_size: 8M 	chunk_size: 64M 	num_reg: 10  	lose cover RAM: 1024G
[    0.001986]  gran_size: 8M 	chunk_size: 128M 	num_reg: 10  	lose cover RAM: 1024G
[    0.001987]  gran_size: 8M 	chunk_size: 256M 	num_reg: 10  	lose cover RAM: 1024G
[    0.001988]  gran_size: 8M 	chunk_size: 512M 	num_reg: 10  	lose cover RAM: 1024G
[    0.001988]  gran_size: 8M 	chunk_size: 1G 	num_reg: 10  	lose cover RAM: 1024G
[    0.001989]  gran_size: 8M 	chunk_size: 2G 	num_reg: 10  	lose cover RAM: 1024G
[    0.001990]  gran_size: 16M 	chunk_size: 16M 	num_reg: 10  	lose cover RAM: 2016G
[    0.001990]  gran_size: 16M 	chunk_size: 32M 	num_reg: 10  	lose cover RAM: 1024G
[    0.001991]  gran_size: 16M 	chunk_size: 64M 	num_reg: 10  	lose cover RAM: 1024G
[    0.001992]  gran_size: 16M 	chunk_size: 128M 	num_reg: 10  	lose cover RAM: 1024G
[    0.001992]  gran_size: 16M 	chunk_size: 256M 	num_reg: 10  	lose cover RAM: 1024G
[    0.001993]  gran_size: 16M 	chunk_size: 512M 	num_reg: 10  	lose cover RAM: 1024G
[    0.001994]  gran_size: 16M 	chunk_size: 1G 	num_reg: 10  	lose cover RAM: 1024G
[    0.001994]  gran_size: 16M 	chunk_size: 2G 	num_reg: 10  	lose cover RAM: 1024G
[    0.001995]  gran_size: 32M 	chunk_size: 32M 	num_reg: 10  	lose cover RAM: 2031632M
[    0.001996]  gran_size: 32M 	chunk_size: 64M 	num_reg: 10  	lose cover RAM: 1048592M
[    0.001996]  gran_size: 32M 	chunk_size: 128M 	num_reg: 10  	lose cover RAM: 1048592M
[    0.001997]  gran_size: 32M 	chunk_size: 256M 	num_reg: 10  	lose cover RAM: 1048592M
[    0.001998]  gran_size: 32M 	chunk_size: 512M 	num_reg: 10  	lose cover RAM: 1048592M
[    0.001999]  gran_size: 32M 	chunk_size: 1G 	num_reg: 10  	lose cover RAM: 1048592M
[    0.001999]  gran_size: 32M 	chunk_size: 2G 	num_reg: 10  	lose cover RAM: 1048592M
[    0.002000]  gran_size: 64M 	chunk_size: 64M 	num_reg: 10  	lose cover RAM: 1966128M
[    0.002001]  gran_size: 64M 	chunk_size: 128M 	num_reg: 10  	lose cover RAM: 1048624M
[    0.002001]  gran_size: 64M 	chunk_size: 256M 	num_reg: 10  	lose cover RAM: 1048624M
[    0.002002]  gran_size: 64M 	chunk_size: 512M 	num_reg: 10  	lose cover RAM: 1048624M
[    0.002002]  gran_size: 64M 	chunk_size: 1G 	num_reg: 10  	lose cover RAM: 1048624M
[    0.002003]  gran_size: 64M 	chunk_size: 2G 	num_reg: 10  	lose cover RAM: 1048624M
[    0.002004]  gran_size: 128M 	chunk_size: 128M 	num_reg: 10  	lose cover RAM: 1835120M
[    0.002005]  gran_size: 128M 	chunk_size: 256M 	num_reg: 10  	lose cover RAM: 1048688M
[    0.002005]  gran_size: 128M 	chunk_size: 512M 	num_reg: 10  	lose cover RAM: 1048688M
[    0.002006]  gran_size: 128M 	chunk_size: 1G 	num_reg: 10  	lose cover RAM: 1048688M
[    0.002007]  gran_size: 128M 	chunk_size: 2G 	num_reg: 10  	lose cover RAM: 1048688M
[    0.002007]  gran_size: 256M 	chunk_size: 256M 	num_reg: 10  	lose cover RAM: 1573104M
[    0.002008]  gran_size: 256M 	chunk_size: 512M 	num_reg: 10  	lose cover RAM: 1048816M
[    0.002009]  gran_size: 256M 	chunk_size: 1G 	num_reg: 10  	lose cover RAM: 1048816M
[    0.002009]  gran_size: 256M 	chunk_size: 2G 	num_reg: 10  	lose cover RAM: 1048816M
[    0.002010]  gran_size: 512M 	chunk_size: 512M 	num_reg: 10  	lose cover RAM: 1049072M
[    0.002011]  gran_size: 512M 	chunk_size: 1G 	num_reg: 10  	lose cover RAM: 1049072M
[    0.002011]  gran_size: 512M 	chunk_size: 2G 	num_reg: 10  	lose cover RAM: 1049072M
[    0.002012]  gran_size: 1G 	chunk_size: 1G 	num_reg: 10  	lose cover RAM: 1008M
[    0.002013]  gran_size: 1G 	chunk_size: 2G 	num_reg: 10  	lose cover RAM: 1008M
[    0.002013]  gran_size: 2G 	chunk_size: 2G 	num_reg: 9  	lose cover RAM: 2032M
[    0.002014] mtrr_cleanup: can not find optimal value
[    0.002015] please specify mtrr_gran_size/mtrr_chunk_size
[    0.002017] e820: update [mem 0x7f000000-0xffffffff] usable ==> reserved
[    0.002019] x2apic: enabled by BIOS, switching to x2apic ops
[    0.002020] last_pfn = 0x6f800 max_arch_pfn = 0x400000000
[    0.013424] check: Scanning 1 areas for low memory corruption
[    0.013429] Using GB pages for direct mapping
[    0.013430] BRK [0xdfd801000, 0xdfd801fff] PGTABLE
[    0.013431] BRK [0xdfd802000, 0xdfd802fff] PGTABLE
[    0.013432] BRK [0xdfd803000, 0xdfd803fff] PGTABLE
[    0.013460] BRK [0xdfd804000, 0xdfd804fff] PGTABLE
[    0.013461] BRK [0xdfd805000, 0xdfd805fff] PGTABLE
[    0.013700] BRK [0xdfd806000, 0xdfd806fff] PGTABLE
[    0.013747] BRK [0xdfd807000, 0xdfd807fff] PGTABLE
[    0.013840] BRK [0xdfd808000, 0xdfd808fff] PGTABLE
[    0.013931] BRK [0xdfd809000, 0xdfd809fff] PGTABLE
[    0.014013] BRK [0xdfd80a000, 0xdfd80afff] PGTABLE
[    0.014102] BRK [0xdfd80b000, 0xdfd80bfff] PGTABLE
[    0.014163] BRK [0xdfd80c000, 0xdfd80cfff] PGTABLE
[    0.014512] Secure boot disabled
[    0.014512] RAMDISK: [mem 0x2065920000-0x207fffffff]
[    0.014519] ACPI: Early table checksum verification disabled
[    0.014521] ACPI: RSDP 0x000000006F7FE014 000024 (v02 DELL  )
[    0.014524] ACPI: XSDT 0x000000006F41C188 0000F4 (v01 DELL   PE_SC3   00000000 DELL 01000013)
[    0.014528] ACPI: FACP 0x000000006F430000 000114 (v06 DELL   PE_SC3   00000000 DELL 00000001)
[    0.014533] ACPI: DSDT 0x000000004B4CE000 07FAD3 (v02 DELL   PE_SC3   00000003 DELL 00000001)
[    0.014535] ACPI: FACS 0x000000006F2F2000 000040
[    0.014538] ACPI: SSDT 0x000000006F7FB000 00159A (v02 INTEL  RAS_ACPI 00000001 INTL 20210331)
[    0.014541] ACPI: SSDT 0x000000006F7FA000 000745 (v02 INTEL  ADDRXLAT 00000001 INTL 20210331)
[    0.014543] ACPI: MCEJ 0x000000006F7F9000 000130 (v01 INTEL           00000001 INTL 0100000D)
[    0.014546] ACPI: BERT 0x000000006F7F8000 000030 (v01 DELL   PE_SC3   00000001 INTL 00000001)
[    0.014548] ACPI: ERST 0x000000006F7F7000 000230 (v01 DELL   PE_SC3   00000001 INTL 00000001)
[    0.014551] ACPI: SSDT 0x000000006F431000 3C524E (v02 INTEL  SSDTNVDR 00001000 INTL 20210331)
[    0.014554] ACPI: HMAT 0x000000006F42F000 000210 (v01 DELL   PE_SC3   00000001 DELL 00000001)
[    0.014556] ACPI: HPET 0x000000006F42E000 000038 (v01 DELL   PE_SC3   00000001 DELL 00000001)
[    0.014559] ACPI: MCFG 0x000000006F42D000 00003C (v01 DELL   PE_SC3   00000001 DELL 00000001)
[    0.014562] ACPI: MIGT 0x000000006F42C000 000040 (v01 DELL   PE_SC3   00000000 DELL 00000001)
[    0.014564] ACPI: MSCT 0x000000006F42B000 000090 (v01 DELL   PE_SC3   00000001 DELL 00000001)
[    0.014567] ACPI: PMTT 0x000000006F429000 0011E8 (v02 DELL   PE_SC3   00000001 DELL 00000001)
[    0.014569] ACPI: WSMT 0x000000006F428000 000028 (v01 DELL   PE_SC3   00000000 DELL 00000001)
[    0.014572] ACPI: APIC 0x000000006F427000 00075E (v04 DELL   PE_SC3   00000000 DELL 00000001)
[    0.014574] ACPI: SLIT 0x000000006F426000 00003C (v01 DELL   PE_SC3   00000001 DELL 01000013)
[    0.014577] ACPI: SRAT 0x000000006F41F000 006430 (v03 DELL   PE_SC3   00000002 DELL 01000013)
[    0.014579] ACPI: OEM4 0x000000004B346000 187A61 (v02 INTEL  CPU  CST 00003000 INTL 20210331)
[    0.014582] ACPI: SSDT 0x000000004B2CF000 0764A5 (v02 INTEL  SSDT  PM 00004000 INTL 20210331)
[    0.014585] ACPI: SSDT 0x000000006F41E000 000A1F (v02 DELL   PE_SC3   00000000 DELL 00000001)
[    0.014587] ACPI: HEST 0x000000006F41D000 00017C (v01 DELL   PE_SC3   00000001 INTL 00000001)
[    0.014590] ACPI: PCAT 0x000000006F41B000 00010C (v19 DELL   PE_SC3   00000002 DELL 00000001)
[    0.014592] ACPI: SSDT 0x000000006F413000 007299 (v02 INTEL  SpsNm    00000002 INTL 20210331)
[    0.014595] ACPI: SSDT 0x000000006F412000 000426 (v02 DELL   PE_SC3   00000002 DELL 00000001)
[    0.014597] ACPI: NFIT 0x000000006F7FD000 000488 (v01 DELL   PE_SC3   00000002 DELL 00000001)
[    0.014600] ACPI: DMAR 0x000000006F411000 000158 (v01 DELL   PE_SC3   00000001 DELL 00000001)
[    0.014607] ACPI: Local APIC address 0xfee00000
[    0.014608] Setting APIC routing to cluster x2apic.
[    0.014654] SRAT: PXM 0 -> APIC 0x0000 -> Node 0
[    0.014655] SRAT: PXM 0 -> APIC 0x0001 -> Node 0
[    0.014655] SRAT: PXM 0 -> APIC 0x0002 -> Node 0
[    0.014656] SRAT: PXM 0 -> APIC 0x0003 -> Node 0
[    0.014656] SRAT: PXM 0 -> APIC 0x0004 -> Node 0
[    0.014656] SRAT: PXM 0 -> APIC 0x0005 -> Node 0
[    0.014657] SRAT: PXM 0 -> APIC 0x0006 -> Node 0
[    0.014657] SRAT: PXM 0 -> APIC 0x0007 -> Node 0
[    0.014658] SRAT: PXM 0 -> APIC 0x0008 -> Node 0
[    0.014658] SRAT: PXM 0 -> APIC 0x0009 -> Node 0
[    0.014658] SRAT: PXM 0 -> APIC 0x000a -> Node 0
[    0.014659] SRAT: PXM 0 -> APIC 0x000b -> Node 0
[    0.014659] SRAT: PXM 0 -> APIC 0x000c -> Node 0
[    0.014660] SRAT: PXM 0 -> APIC 0x000d -> Node 0
[    0.014660] SRAT: PXM 0 -> APIC 0x000e -> Node 0
[    0.014661] SRAT: PXM 0 -> APIC 0x000f -> Node 0
[    0.014661] SRAT: PXM 0 -> APIC 0x0010 -> Node 0
[    0.014662] SRAT: PXM 0 -> APIC 0x0011 -> Node 0
[    0.014662] SRAT: PXM 0 -> APIC 0x0012 -> Node 0
[    0.014662] SRAT: PXM 0 -> APIC 0x0013 -> Node 0
[    0.014663] SRAT: PXM 0 -> APIC 0x0014 -> Node 0
[    0.014663] SRAT: PXM 0 -> APIC 0x0015 -> Node 0
[    0.014664] SRAT: PXM 0 -> APIC 0x0016 -> Node 0
[    0.014664] SRAT: PXM 0 -> APIC 0x0017 -> Node 0
[    0.014664] SRAT: PXM 0 -> APIC 0x0018 -> Node 0
[    0.014665] SRAT: PXM 0 -> APIC 0x0019 -> Node 0
[    0.014665] SRAT: PXM 0 -> APIC 0x001a -> Node 0
[    0.014666] SRAT: PXM 0 -> APIC 0x001b -> Node 0
[    0.014666] SRAT: PXM 0 -> APIC 0x001c -> Node 0
[    0.014666] SRAT: PXM 0 -> APIC 0x001d -> Node 0
[    0.014667] SRAT: PXM 0 -> APIC 0x001e -> Node 0
[    0.014667] SRAT: PXM 0 -> APIC 0x001f -> Node 0
[    0.014668] SRAT: PXM 0 -> APIC 0x0020 -> Node 0
[    0.014668] SRAT: PXM 0 -> APIC 0x0021 -> Node 0
[    0.014669] SRAT: PXM 0 -> APIC 0x0022 -> Node 0
[    0.014669] SRAT: PXM 0 -> APIC 0x0023 -> Node 0
[    0.014669] SRAT: PXM 0 -> APIC 0x0024 -> Node 0
[    0.014670] SRAT: PXM 0 -> APIC 0x0025 -> Node 0
[    0.014670] SRAT: PXM 0 -> APIC 0x0026 -> Node 0
[    0.014671] SRAT: PXM 0 -> APIC 0x0027 -> Node 0
[    0.014671] SRAT: PXM 0 -> APIC 0x0028 -> Node 0
[    0.014671] SRAT: PXM 0 -> APIC 0x0029 -> Node 0
[    0.014672] SRAT: PXM 0 -> APIC 0x002a -> Node 0
[    0.014672] SRAT: PXM 0 -> APIC 0x002b -> Node 0
[    0.014673] SRAT: PXM 0 -> APIC 0x002c -> Node 0
[    0.014673] SRAT: PXM 0 -> APIC 0x002d -> Node 0
[    0.014673] SRAT: PXM 0 -> APIC 0x002e -> Node 0
[    0.014674] SRAT: PXM 0 -> APIC 0x002f -> Node 0
[    0.014674] SRAT: PXM 0 -> APIC 0x0030 -> Node 0
[    0.014675] SRAT: PXM 0 -> APIC 0x0031 -> Node 0
[    0.014675] SRAT: PXM 0 -> APIC 0x0032 -> Node 0
[    0.014676] SRAT: PXM 0 -> APIC 0x0033 -> Node 0
[    0.014676] SRAT: PXM 0 -> APIC 0x0034 -> Node 0
[    0.014676] SRAT: PXM 0 -> APIC 0x0035 -> Node 0
[    0.014677] SRAT: PXM 0 -> APIC 0x0036 -> Node 0
[    0.014677] SRAT: PXM 0 -> APIC 0x0037 -> Node 0
[    0.014678] SRAT: PXM 1 -> APIC 0x0080 -> Node 1
[    0.014678] SRAT: PXM 1 -> APIC 0x0081 -> Node 1
[    0.014679] SRAT: PXM 1 -> APIC 0x0082 -> Node 1
[    0.014679] SRAT: PXM 1 -> APIC 0x0083 -> Node 1
[    0.014679] SRAT: PXM 1 -> APIC 0x0084 -> Node 1
[    0.014680] SRAT: PXM 1 -> APIC 0x0085 -> Node 1
[    0.014680] SRAT: PXM 1 -> APIC 0x0086 -> Node 1
[    0.014681] SRAT: PXM 1 -> APIC 0x0087 -> Node 1
[    0.014681] SRAT: PXM 1 -> APIC 0x0088 -> Node 1
[    0.014681] SRAT: PXM 1 -> APIC 0x0089 -> Node 1
[    0.014682] SRAT: PXM 1 -> APIC 0x008a -> Node 1
[    0.014682] SRAT: PXM 1 -> APIC 0x008b -> Node 1
[    0.014683] SRAT: PXM 1 -> APIC 0x008c -> Node 1
[    0.014683] SRAT: PXM 1 -> APIC 0x008d -> Node 1
[    0.014683] SRAT: PXM 1 -> APIC 0x008e -> Node 1
[    0.014684] SRAT: PXM 1 -> APIC 0x008f -> Node 1
[    0.014684] SRAT: PXM 1 -> APIC 0x0090 -> Node 1
[    0.014685] SRAT: PXM 1 -> APIC 0x0091 -> Node 1
[    0.014685] SRAT: PXM 1 -> APIC 0x0092 -> Node 1
[    0.014686] SRAT: PXM 1 -> APIC 0x0093 -> Node 1
[    0.014686] SRAT: PXM 1 -> APIC 0x0094 -> Node 1
[    0.014686] SRAT: PXM 1 -> APIC 0x0095 -> Node 1
[    0.014687] SRAT: PXM 1 -> APIC 0x0096 -> Node 1
[    0.014687] SRAT: PXM 1 -> APIC 0x0097 -> Node 1
[    0.014688] SRAT: PXM 1 -> APIC 0x0098 -> Node 1
[    0.014688] SRAT: PXM 1 -> APIC 0x0099 -> Node 1
[    0.014688] SRAT: PXM 1 -> APIC 0x009a -> Node 1
[    0.014689] SRAT: PXM 1 -> APIC 0x009b -> Node 1
[    0.014689] SRAT: PXM 1 -> APIC 0x009c -> Node 1
[    0.014690] SRAT: PXM 1 -> APIC 0x009d -> Node 1
[    0.014690] SRAT: PXM 1 -> APIC 0x009e -> Node 1
[    0.014690] SRAT: PXM 1 -> APIC 0x009f -> Node 1
[    0.014691] SRAT: PXM 1 -> APIC 0x00a0 -> Node 1
[    0.014691] SRAT: PXM 1 -> APIC 0x00a1 -> Node 1
[    0.014692] SRAT: PXM 1 -> APIC 0x00a2 -> Node 1
[    0.014692] SRAT: PXM 1 -> APIC 0x00a3 -> Node 1
[    0.014692] SRAT: PXM 1 -> APIC 0x00a4 -> Node 1
[    0.014693] SRAT: PXM 1 -> APIC 0x00a5 -> Node 1
[    0.014693] SRAT: PXM 1 -> APIC 0x00a6 -> Node 1
[    0.014694] SRAT: PXM 1 -> APIC 0x00a7 -> Node 1
[    0.014694] SRAT: PXM 1 -> APIC 0x00a8 -> Node 1
[    0.014695] SRAT: PXM 1 -> APIC 0x00a9 -> Node 1
[    0.014695] SRAT: PXM 1 -> APIC 0x00aa -> Node 1
[    0.014695] SRAT: PXM 1 -> APIC 0x00ab -> Node 1
[    0.014696] SRAT: PXM 1 -> APIC 0x00ac -> Node 1
[    0.014696] SRAT: PXM 1 -> APIC 0x00ad -> Node 1
[    0.014697] SRAT: PXM 1 -> APIC 0x00ae -> Node 1
[    0.014697] SRAT: PXM 1 -> APIC 0x00af -> Node 1
[    0.014697] SRAT: PXM 1 -> APIC 0x00b0 -> Node 1
[    0.014698] SRAT: PXM 1 -> APIC 0x00b1 -> Node 1
[    0.014698] SRAT: PXM 1 -> APIC 0x00b2 -> Node 1
[    0.014699] SRAT: PXM 1 -> APIC 0x00b3 -> Node 1
[    0.014699] SRAT: PXM 1 -> APIC 0x00b4 -> Node 1
[    0.014699] SRAT: PXM 1 -> APIC 0x00b5 -> Node 1
[    0.014700] SRAT: PXM 1 -> APIC 0x00b6 -> Node 1
[    0.014700] SRAT: PXM 1 -> APIC 0x00b7 -> Node 1
[    0.014713] ACPI: SRAT: Node 0 PXM 0 [mem 0x00000000-0x7fffffff]
[    0.014714] ACPI: SRAT: Node 0 PXM 0 [mem 0x100000000-0x107fffffff]
[    0.014715] ACPI: SRAT: Node 2 PXM 2 [mem 0x2080000000-0x9e7fffffff] non-volatile
[    0.014716] ACPI: SRAT: Node 1 PXM 1 [mem 0x1080000000-0x207fffffff]
[    0.014716] ACPI: SRAT: Node 3 PXM 3 [mem 0x9e80000000-0x11c7fffffff] non-volatile
[    0.014725] NUMA: Initialized distance table, cnt=4
[    0.014728] NUMA: Node 0 [mem 0x00000000-0x7fffffff] + [mem 0x100000000-0x107fffffff] -> [mem 0x00000000-0x107fffffff]
[    0.014736] NODE_DATA(0) allocated [mem 0xffffd5000-0xfffffffff]
[    0.014751] NODE_DATA(1) allocated [mem 0x20658f1000-0x206591bfff]
[    0.014908] Zone ranges:
[    0.014908]   DMA      [mem 0x0000000000001000-0x0000000000ffffff]
[    0.014909]   DMA32    [mem 0x0000000001000000-0x00000000ffffffff]
[    0.014910]   Normal   [mem 0x0000000100000000-0x000000207fffffff]
[    0.014911]   Device   empty
[    0.014911] Movable zone start for each node
[    0.014915] Early memory node ranges
[    0.014915]   node   0: [mem 0x0000000000001000-0x000000000008efff]
[    0.014916]   node   0: [mem 0x0000000000090000-0x000000000009ffff]
[    0.014916]   node   0: [mem 0x0000000000100000-0x0000000049e76fff]
[    0.014917]   node   0: [mem 0x000000004ae77000-0x000000004b2cefff]
[    0.014918]   node   0: [mem 0x000000004b54e000-0x000000004bd93fff]
[    0.014918]   node   0: [mem 0x000000004be9a000-0x000000004cdfffff]
[    0.014918]   node   0: [mem 0x000000004d000000-0x000000005eefdfff]
[    0.014919]   node   0: [mem 0x000000006f7ff000-0x000000006f7fffff]
[    0.014919]   node   0: [mem 0x0000000a72c00000-0x0000000fffffffff]
[    0.014921]   node   1: [mem 0x0000001ec0000000-0x000000207fffffff]
[    0.015460] Zeroed struct page in unavailable ranges: 53992 pages
[    0.015462] Initmem setup node 0 [mem 0x0000000000001000-0x0000000fffffffff]
[    0.015463] On node 0 totalpages: 6204696
[    0.015464]   DMA zone: 64 pages used for memmap
[    0.015464]   DMA zone: 1102 pages reserved
[    0.015465]   DMA zone: 3998 pages, LIFO batch:0
[    0.015508]   DMA32 zone: 5926 pages used for memmap
[    0.015509]   DMA32 zone: 379258 pages, LIFO batch:63
[    0.021112]   Normal zone: 90960 pages used for memmap
[    0.021113]   Normal zone: 5821440 pages, LIFO batch:63
[    0.097934] Initmem setup node 1 [mem 0x0000001ec0000000-0x000000207fffffff]
[    0.097937] On node 1 totalpages: 1835008
[    0.097938]   Normal zone: 28672 pages used for memmap
[    0.097938]   Normal zone: 1835008 pages, LIFO batch:63
[    0.118177] ACPI: PM-Timer IO Port: 0x508
[    0.118180] ACPI: Local APIC address 0xfee00000
[    0.118197] ACPI: X2APIC_NMI (uid[0xffffffff] high edge lint[0x1])
[    0.118199] ACPI: LAPIC_NMI (acpi_id[0xff] high edge lint[0x1])
[    0.118217] IOAPIC[0]: apic_id 8, version 32, address 0xfec00000, GSI 0-119
[    0.118219] ACPI: INT_SRC_OVR (bus 0 bus_irq 0 global_irq 2 dfl dfl)
[    0.118220] ACPI: INT_SRC_OVR (bus 0 bus_irq 9 global_irq 9 high level)
[    0.118222] ACPI: IRQ0 used by override.
[    0.118222] ACPI: IRQ9 used by override.
[    0.118225] Using ACPI (MADT) for SMP configuration information
[    0.118226] ACPI: HPET id: 0x8086a701 base: 0xfed00000
[    0.118231] smpboot: Allowing 112 CPUs, 0 hotplug CPUs
[    0.118255] PM: Registered nosave memory: [mem 0x00000000-0x00000fff]
[    0.118257] PM: Registered nosave memory: [mem 0x0008f000-0x0008ffff]
[    0.118258] PM: Registered nosave memory: [mem 0x000a0000-0x000fffff]
[    0.118260] PM: Registered nosave memory: [mem 0x47bcd000-0x47bcdfff]
[    0.118261] PM: Registered nosave memory: [mem 0x47bfe000-0x47bfefff]
[    0.118262] PM: Registered nosave memory: [mem 0x47bff000-0x47bfffff]
[    0.118263] PM: Registered nosave memory: [mem 0x47c31000-0x47c31fff]
[    0.118264] PM: Registered nosave memory: [mem 0x47c32000-0x47c32fff]
[    0.118265] PM: Registered nosave memory: [mem 0x47c64000-0x47c64fff]
[    0.118265] PM: Registered nosave memory: [mem 0x47c65000-0x47c65fff]
[    0.118267] PM: Registered nosave memory: [mem 0x47c6d000-0x47c6dfff]
[    0.118268] PM: Registered nosave memory: [mem 0x49e77000-0x4ae76fff]
[    0.118270] PM: Registered nosave memory: [mem 0x4b2cf000-0x4b54dfff]
[    0.118271] PM: Registered nosave memory: [mem 0x4bd94000-0x4be99fff]
[    0.118273] PM: Registered nosave memory: [mem 0x4ce00000-0x4cffffff]
[    0.118274] PM: Registered nosave memory: [mem 0x5eefe000-0x6e3fefff]
[    0.118274] PM: Registered nosave memory: [mem 0x6e3ff000-0x6f3fefff]
[    0.118275] PM: Registered nosave memory: [mem 0x6f3ff000-0x6f7fefff]
[    0.118277] PM: Registered nosave memory: [mem 0x6f800000-0x8fffffff]
[    0.118277] PM: Registered nosave memory: [mem 0x90000000-0xfdffffff]
[    0.118277] PM: Registered nosave memory: [mem 0xfe000000-0xfe010fff]
[    0.118278] PM: Registered nosave memory: [mem 0xfe011000-0xffffffff]
[    0.118278] PM: Registered nosave memory: [mem 0x100000000-0xa72bfffff]
[    0.118280] PM: Registered nosave memory: [mem 0x1000000000-0x1ebfffffff]
[    0.118281] [mem 0x90000000-0xfdffffff] available for PCI devices
[    0.118283] Booting paravirtualized kernel on bare hardware
[    0.118285] clocksource: refined-jiffies: mask: 0xffffffff max_cycles: 0xffffffff, max_idle_ns: 7645519600211568 ns
[    0.118291] setup_percpu: NR_CPUS:8192 nr_cpumask_bits:112 nr_cpu_ids:112 nr_node_ids:4
[    0.122843] percpu: Embedded 55 pages/cpu s188416 r8192 d28672 u262144
[    0.122853] pcpu-alloc: s188416 r8192 d28672 u262144 alloc=1*2097152
[    0.122854] pcpu-alloc: [0] 000 002 004 006 008 010 012 014 
[    0.122856] pcpu-alloc: [0] 016 018 020 022 024 026 028 030 
[    0.122858] pcpu-alloc: [0] 032 034 036 038 040 042 044 046 
[    0.122859] pcpu-alloc: [0] 048 050 052 054 056 058 060 062 
[    0.122861] pcpu-alloc: [0] 064 066 068 070 072 074 076 078 
[    0.122862] pcpu-alloc: [0] 080 082 084 086 088 090 092 094 
[    0.122864] pcpu-alloc: [0] 096 098 100 102 104 106 108 110 
[    0.122865] pcpu-alloc: [1] 001 003 005 007 009 011 013 015 
[    0.122867] pcpu-alloc: [1] 017 019 021 023 025 027 029 031 
[    0.122868] pcpu-alloc: [1] 033 035 037 039 041 043 045 047 
[    0.122869] pcpu-alloc: [1] 049 051 053 055 057 059 061 063 
[    0.122871] pcpu-alloc: [1] 065 067 069 071 073 075 077 079 
[    0.122872] pcpu-alloc: [1] 081 083 085 087 089 091 093 095 
[    0.122874] pcpu-alloc: [1] 097 099 101 103 105 107 109 111 
[    0.122917] Built 2 zonelists, mobility grouping on.  Total pages: 7912980
[    0.122918] Policy zone: Normal
[    0.122919] Kernel command line: BOOT_IMAGE=/boot/vmlinuz-5.3.1-multiclock root=UUID=ce0c24b8-724b-4f33-9b2c-618433560aef ro memmap=38700M!4096M memmap=59G!64G quiet splash nomodeset vt.handoff=1
[    0.123024] You have booted with nomodeset. This means your GPU drivers are DISABLED
[    0.123025] Any video related functionality will be severely degraded, and you may not even be able to suspend the system properly
[    0.123025] Unless you actually understand what nomodeset does, you should reboot without enabling it
[    0.123042] printk: log_buf_len individual max cpu contribution: 4096 bytes
[    0.123042] printk: log_buf_len total cpu_extra contributions: 454656 bytes
[    0.123043] printk: log_buf_len min size: 262144 bytes
[    0.123198] printk: log_buf_len: 1048576 bytes
[    0.123199] printk: early log buf free: 221788(84%)
[    0.124702] mem auto-init: stack:off, heap alloc:on, heap free:off
[    0.130737] Calgary: detecting Calgary via BIOS EBDA area
[    0.130738] Calgary: Unable to locate Rio Grande table in EBDA - bailing!
[    0.198101] Memory: 30966576K/32158816K available (14339K kernel code, 2373K rwdata, 4660K rodata, 2680K init, 5056K bss, 1192240K reserved, 0K cma-reserved)
[    0.198702] SLUB: HWalign=64, Order=0-3, MinObjects=0, CPUs=112, Nodes=4
[    0.198730] ftrace: allocating 43047 entries in 169 pages
[    0.214991] rcu: Hierarchical RCU implementation.
[    0.214992] rcu: 	RCU restricting CPUs from NR_CPUS=8192 to nr_cpu_ids=112.
[    0.214993] 	Tasks RCU enabled.
[    0.214994] rcu: RCU calculated value of scheduler-enlistment delay is 25 jiffies.
[    0.214995] rcu: Adjusting geometry for rcu_fanout_leaf=16, nr_cpu_ids=112
[    0.217536] NR_IRQS: 524544, nr_irqs: 2952, preallocated irqs: 16
[    0.217898] random: crng done (trusting CPU's manufacturer)
[    0.218070] Console: colour dummy device 80x25
[    0.218085] printk: console [tty0] enabled
[    0.218175] mempolicy: Enabling automatic NUMA balancing. Configure with numa_balancing= or the kernel.numa_balancing sysctl
[    0.218178] ACPI: Core revision 20190703
[    0.221611] clocksource: hpet: mask: 0xffffffff max_cycles: 0xffffffff, max_idle_ns: 79635855245 ns
[    0.221654] APIC: Switch to symmetric I/O mode setup
[    0.221656] DMAR: Host address width 46
[    0.221657] DMAR: DRHD base: 0x000000d0ffc000 flags: 0x0
[    0.221662] DMAR: dmar0: reg_base_addr d0ffc000 ver 4:0 cap 8ed008c40780466 ecap 60000f050df
[    0.221662] DMAR: DRHD base: 0x000000dbbfc000 flags: 0x0
[    0.221666] DMAR: dmar1: reg_base_addr dbbfc000 ver 4:0 cap 8ed008c40780466 ecap 60000f050df
[    0.221667] DMAR: DRHD base: 0x000000e67fc000 flags: 0x0
[    0.221670] DMAR: dmar2: reg_base_addr e67fc000 ver 4:0 cap 8ed008c40780466 ecap 60000f050df
[    0.221671] DMAR: DRHD base: 0x000000f13fc000 flags: 0x0
[    0.221674] DMAR: dmar3: reg_base_addr f13fc000 ver 4:0 cap 8ed008c40780466 ecap 60000f050df
[    0.221675] DMAR: DRHD base: 0x000000fb7fc000 flags: 0x0
[    0.221677] DMAR: dmar4: reg_base_addr fb7fc000 ver 4:0 cap 8ed008c40780466 ecap 60000f050df
[    0.221678] DMAR: DRHD base: 0x000000a63fc000 flags: 0x0
[    0.221681] DMAR: dmar5: reg_base_addr a63fc000 ver 4:0 cap 8ed008c40780466 ecap 60000f050df
[    0.221681] DMAR: DRHD base: 0x000000b0ffc000 flags: 0x0
[    0.221684] DMAR: dmar6: reg_base_addr b0ffc000 ver 4:0 cap 8ed008c40780466 ecap 60000f050df
[    0.221685] DMAR: DRHD base: 0x000000bbbfc000 flags: 0x0
[    0.221689] DMAR: dmar7: reg_base_addr bbbfc000 ver 4:0 cap 8ed008c40780466 ecap 60000f050df
[    0.221690] DMAR: DRHD base: 0x000000c5ffc000 flags: 0x0
[    0.221692] DMAR: dmar8: reg_base_addr c5ffc000 ver 4:0 cap 8ed008c40780466 ecap 60000f050df
[    0.221693] DMAR: DRHD base: 0x0000009b7fc000 flags: 0x1
[    0.221696] DMAR: dmar9: reg_base_addr 9b7fc000 ver 4:0 cap 8ed008c40780466 ecap 60000f050df
[    0.221697] DMAR: RMRR base: 0x00000069427000 end: 0x00000069429fff
[    0.221697] DMAR: ATSR flags: 0x0
[    0.221699] DMAR-IR: IOAPIC id 8 under DRHD base  0x9b7fc000 IOMMU 9
[    0.221700] DMAR-IR: HPET id 0 under DRHD base 0x9b7fc000
[    0.221700] DMAR-IR: Queued invalidation will be enabled to support x2apic and Intr-remapping.
[    0.224084] DMAR-IR: Enabled IRQ remapping in x2apic mode
[    0.226731] ..TIMER: vector=0x30 apic1=0 pin1=2 apic2=-1 pin2=-1
[    0.245581] clocksource: tsc-early: mask: 0xffffffffffffffff max_cycles: 0x39a85c9bff6, max_idle_ns: 881590591483 ns
[    0.245585] Calibrating delay loop (skipped), value calculated using timer frequency.. 4000.00 BogoMIPS (lpj=8000000)
[    0.245587] pid_max: default: 114688 minimum: 896
[    0.249672] LSM: Security Framework initializing
[    0.249688] Yama: becoming mindful.
[    0.250056] AppArmor: AppArmor initialized
[    0.254645] Dentry cache hash table entries: 4194304 (order: 13, 33554432 bytes, vmalloc)
[    0.256910] Inode-cache hash table entries: 2097152 (order: 12, 16777216 bytes, vmalloc)
[    0.257033] Mount-cache hash table entries: 65536 (order: 7, 524288 bytes, vmalloc)
[    0.257103] Mountpoint-cache hash table entries: 65536 (order: 7, 524288 bytes, vmalloc)
[    0.257388] *** VALIDATE proc ***
[    0.257622] *** VALIDATE cgroup1 ***
[    0.257623] *** VALIDATE cgroup2 ***
[    0.257738] x86/tme: not enabled by BIOS
[    0.257740] x86/cpu: User Mode Instruction Prevention (UMIP) activated
[    0.257814] mce: CPU0: Thermal monitoring enabled (TM1)
[    0.258024] process: using mwait in idle threads
[    0.258026] Last level iTLB entries: 4KB 0, 2MB 0, 4MB 0
[    0.258027] Last level dTLB entries: 4KB 0, 2MB 0, 4MB 0, 1GB 0
[    0.258030] Spectre V1 : Mitigation: usercopy/swapgs barriers and __user pointer sanitization
[    0.258032] Spectre V2 : Mitigation: Enhanced IBRS
[    0.258032] Spectre V2 : Spectre v2 / SpectreRSB mitigation: Filling RSB on context switch
[    0.258034] Spectre V2 : mitigation: Enabling conditional Indirect Branch Prediction Barrier
[    0.258035] Speculative Store Bypass: Mitigation: Speculative Store Bypass disabled via prctl and seccomp
[    0.258300] Freeing SMP alternatives memory: 40K
[    0.261726] TSC deadline timer enabled
[    0.261734] smpboot: CPU0: Intel(R) Xeon(R) Gold 6330 CPU @ 2.00GHz (family: 0x6, model: 0x6a, stepping: 0x6)
[    0.261913] Performance Events: PEBS fmt4+-baseline, Icelake events, 32-deep LBR, full-width counters, Intel PMU driver.
[    0.261918] ... version:                5
[    0.261918] ... bit width:              48
[    0.261919] ... generic registers:      8
[    0.261919] ... value mask:             0000ffffffffffff
[    0.261920] ... max period:             00007fffffffffff
[    0.261920] ... fixed-purpose events:   4
[    0.261920] ... event mask:             0000000f000000ff
[    0.262035] rcu: Hierarchical SRCU implementation.
[    0.269295] NMI watchdog: Enabled. Permanently consumes one hw-PMU counter.
[    0.270568] smp: Bringing up secondary CPUs ...
[    0.270689] x86: Booting SMP configuration:
[    0.270690] .... node  #1, CPUs:          #1
[    0.003747] smpboot: CPU 1 Converting physical 0 to logical die 1
[    0.357690] .... node  #0, CPUs:     #2
[    0.363029] .... node  #1, CPUs:     #3
[    0.368421] .... node  #0, CPUs:     #4
[    0.373776] .... node  #1, CPUs:     #5
[    0.379128] .... node  #0, CPUs:     #6
[    0.384685] .... node  #1, CPUs:     #7
[    0.390228] .... node  #0, CPUs:     #8
[    0.395495] .... node  #1, CPUs:     #9
[    0.401186] .... node  #0, CPUs:    #10
[    0.406877] .... node  #1, CPUs:    #11
[    0.412577] .... node  #0, CPUs:    #12
[    0.418066] .... node  #1, CPUs:    #13
[    0.423369] .... node  #0, CPUs:    #14
[    0.428574] .... node  #1, CPUs:    #15
[    0.433860] .... node  #0, CPUs:    #16
[    0.439093] .... node  #1, CPUs:    #17
[    0.444364] .... node  #0, CPUs:    #18
[    0.449743] .... node  #1, CPUs:    #19
[    0.455197] .... node  #0, CPUs:    #20
[    0.460390] .... node  #1, CPUs:    #21
[    0.465950] .... node  #0, CPUs:    #22
[    0.471351] .... node  #1, CPUs:    #23
[    0.476595] .... node  #0, CPUs:    #24
[    0.482198] .... node  #1, CPUs:    #25
[    0.487493] .... node  #0, CPUs:    #26
[    0.492675] .... node  #1, CPUs:    #27
[    0.497942] .... node  #0, CPUs:    #28
[    0.503413] .... node  #1, CPUs:    #29
[    0.508669] .... node  #0, CPUs:    #30
[    0.513855] .... node  #1, CPUs:    #31
[    0.519292] .... node  #0, CPUs:    #32
[    0.524553] .... node  #1, CPUs:    #33
[    0.529879] .... node  #0, CPUs:    #34
[    0.535293] .... node  #1, CPUs:    #35
[    0.540566] .... node  #0, CPUs:    #36
[    0.545743] .... node  #1, CPUs:    #37
[    0.551010] .... node  #0, CPUs:    #38
[    0.556535] .... node  #1, CPUs:    #39
[    0.562027] .... node  #0, CPUs:    #40
[    0.567600] .... node  #1, CPUs:    #41
[    0.573302] .... node  #0, CPUs:    #42
[    0.578574] .... node  #1, CPUs:    #43
[    0.584177] .... node  #0, CPUs:    #44
[    0.589734] .... node  #1, CPUs:    #45
[    0.594932] .... node  #0, CPUs:    #46
[    0.600431] .... node  #1, CPUs:    #47
[    0.605851] .... node  #0, CPUs:    #48
[    0.611158] .... node  #1, CPUs:    #49
[    0.616549] .... node  #0, CPUs:    #50
[    0.621998] .... node  #1, CPUs:    #51
[    0.627599] .... node  #0, CPUs:    #52
[    0.633032] .... node  #1, CPUs:    #53
[    0.638573] .... node  #0, CPUs:    #54
[    0.644249] .... node  #1, CPUs:    #55
[    0.650001] .... node  #0, CPUs:    #56
[    0.655834] .... node  #1, CPUs:    #57
[    0.661689] .... node  #0, CPUs:    #58
[    0.667054] .... node  #1, CPUs:    #59
[    0.672468] .... node  #0, CPUs:    #60
[    0.677814] .... node  #1, CPUs:    #61
[    0.683178] .... node  #0, CPUs:    #62
[    0.688734] .... node  #1, CPUs:    #63
[    0.694300] .... node  #0, CPUs:    #64
[    0.699573] .... node  #1, CPUs:    #65
[    0.705281] .... node  #0, CPUs:    #66
[    0.710987] .... node  #1, CPUs:    #67
[    0.716704] .... node  #0, CPUs:    #68
[    0.722189] .... node  #1, CPUs:    #69
[    0.727529] .... node  #0, CPUs:    #70
[    0.732734] .... node  #1, CPUs:    #71
[    0.738037] .... node  #0, CPUs:    #72
[    0.743279] .... node  #1, CPUs:    #73
[    0.748587] .... node  #0, CPUs:    #74
[    0.753822] .... node  #1, CPUs:    #75
[    0.759441] .... node  #0, CPUs:    #76
[    0.764664] .... node  #1, CPUs:    #77
[    0.770243] .... node  #0, CPUs:    #78
[    0.775665] .... node  #1, CPUs:    #79
[    0.780935] .... node  #0, CPUs:    #80
[    0.786533] .... node  #1, CPUs:    #81
[    0.791857] .... node  #0, CPUs:    #82
[    0.797055] .... node  #1, CPUs:    #83
[    0.802344] .... node  #0, CPUs:    #84
[    0.807839] .... node  #1, CPUs:    #85
[    0.813112] .... node  #0, CPUs:    #86
[    0.818320] .... node  #1, CPUs:    #87
[    0.823783] .... node  #0, CPUs:    #88
[    0.829062] .... node  #1, CPUs:    #89
[    0.834416] .... node  #0, CPUs:    #90
[    0.839840] .... node  #1, CPUs:    #91
[    0.845131] .... node  #0, CPUs:    #92
[    0.850329] .... node  #1, CPUs:    #93
[    0.855622] .... node  #0, CPUs:    #94
[    0.861174] .... node  #1, CPUs:    #95
[    0.866670] .... node  #0, CPUs:    #96
[    0.872258] .... node  #1, CPUs:    #97
[    0.877990] .... node  #0, CPUs:    #98
[    0.883280] .... node  #1, CPUs:    #99
[    0.888920] .... node  #0, CPUs:   #100
[    0.894247] .... node  #1, CPUs:   #101
[    0.899697] .... node  #0, CPUs:   #102
[    0.905222] .... node  #1, CPUs:   #103
[    0.910656] .... node  #0, CPUs:   #104
[    0.915976] .... node  #1, CPUs:   #105
[    0.921596] .... node  #0, CPUs:   #106
[    0.926850] .... node  #1, CPUs:   #107
[    0.932468] .... node  #0, CPUs:   #108
[    0.937902] .... node  #1, CPUs:   #109
[    0.943482] .... node  #0, CPUs:   #110
[    0.949153] .... node  #1, CPUs:   #111
[    0.954928] smp: Brought up 2 nodes, 112 CPUs
[    0.954928] smpboot: Max logical packages: 2
[    0.954928] smpboot: Total of 112 processors activated (448062.27 BogoMIPS)
[    0.964433] devtmpfs: initialized
[    0.964433] x86/mm: Memory block size: 2048MB
[    0.964433] PM: Registering ACPI NVS region [mem 0x49e77000-0x4ae76fff] (16777216 bytes)
[    0.964433] PM: Registering ACPI NVS region [mem 0x6e3ff000-0x6f3fefff] (16777216 bytes)
[    0.965605] clocksource: jiffies: mask: 0xffffffff max_cycles: 0xffffffff, max_idle_ns: 7645041785100000 ns
[    0.965899] futex hash table entries: 32768 (order: 9, 2097152 bytes, vmalloc)
[    0.966493] pinctrl core: initialized pinctrl subsystem
[    0.966616] PM: RTC time: 08:30:50, date: 2024-06-18
[    0.966873] NET: Registered protocol family 16
[    0.966984] audit: initializing netlink subsys (disabled)
[    0.966989] audit: type=2000 audit(1718699449.748:1): state=initialized audit_enabled=0 res=1
[    0.966989] EISA bus registered
[    0.966989] cpuidle: using governor ladder
[    0.966989] cpuidle: using governor menu
[    0.966989] ACPI FADT declares the system doesn't support PCIe ASPM, so disable it
[    0.966989] ACPI: bus type PCI registered
[    0.966989] acpiphp: ACPI Hot Plug PCI Controller Driver version: 0.5
[    0.966989] PCI: MMCONFIG for domain 0000 [bus 00-ff] at [mem 0x80000000-0x8fffffff] (base 0x80000000)
[    0.966989] PCI: MMCONFIG at [mem 0x80000000-0x8fffffff] reserved in E820
[    0.966989] pmd_set_huge: Cannot satisfy [mem 0x80000000-0x80200000] with a huge-page mapping due to MTRR override.
[    0.966989] PCI: Using configuration type 1 for base access
[    0.966989] PCI: Dell System detected, enabling pci=bfsort.
[    0.969588] ENERGY_PERF_BIAS: Set to 'normal', was 'performance'
[    0.973868] HugeTLB registered 1.00 GiB page size, pre-allocated 0 pages
[    0.973868] HugeTLB registered 2.00 MiB page size, pre-allocated 0 pages
[    0.977987] ACPI: Added _OSI(Module Device)
[    0.977988] ACPI: Added _OSI(Processor Device)
[    0.977989] ACPI: Added _OSI(3.0 _SCP Extensions)
[    0.977990] ACPI: Added _OSI(Processor Aggregator Device)
[    0.977990] ACPI: Added _OSI(Linux-Dell-Video)
[    0.977991] ACPI: Added _OSI(Linux-Lenovo-NV-HDMI-Audio)
[    0.977992] ACPI: Added _OSI(Linux-HPI-Hybrid-Graphics)
[    1.140090] ACPI: 8 ACPI AML tables successfully acquired and loaded
[    1.147201] ACPI: [Firmware Bug]: BIOS _OSI(Linux) query ignored
[    1.153821] ACPI: Dynamic OEM Table Load:
[    1.540982] ACPI: Interpreter enabled
[    1.540999] ACPI: (supports S0 S5)
[    1.541000] ACPI: Using IOAPIC for interrupt routing
[    1.541088] HEST: Table parsing has been initialized.
[    1.541091] PCI: Using host bridge windows from ACPI; if necessary, use "pci=nocrs" and report a bug
[    1.569818] ACPI: Enabled 4 GPEs in block 00 to 7F
[    1.693664] ACPI: PCI Root Bridge [PC00] (domain 0000 [bus 00-15])
[    1.693669] acpi PNP0A08:00: _OSC: OS supports [ExtendedConfig ASPM ClockPM Segments MSI HPX-Type3]
[    1.693746] acpi PNP0A08:00: PCIe AER handled by firmware
[    1.693859] acpi PNP0A08:00: _OSC: platform does not support [SHPCHotplug LTR]
[    1.694062] acpi PNP0A08:00: _OSC: OS now controls [PCIeHotplug PME PCIeCapability]
[    1.694063] acpi PNP0A08:00: FADT indicates ASPM is unsupported, using BIOS configuration
[    1.695825] PCI host bridge to bus 0000:00
[    1.695827] pci_bus 0000:00: root bus resource [io  0x0000-0x0cf7 window]
[    1.695828] pci_bus 0000:00: root bus resource [io  0x1000-0x4fff window]
[    1.695829] pci_bus 0000:00: root bus resource [mem 0x000a0000-0x000bffff window]
[    1.695829] pci_bus 0000:00: root bus resource [mem 0x000c8000-0x000cffff window]
[    1.695830] pci_bus 0000:00: root bus resource [mem 0xfe010000-0xfe010fff window]
[    1.695831] pci_bus 0000:00: root bus resource [mem 0x90000000-0x9b7fffff window]
[    1.695832] pci_bus 0000:00: root bus resource [mem 0x200000000000-0x20ffffffffff window]
[    1.695833] pci_bus 0000:00: root bus resource [bus 00-15]
[    1.695843] pci 0000:00:00.0: [8086:09a2] type 00 class 0x088000
[    1.696553] pci 0000:00:00.1: [8086:09a4] type 00 class 0x088000
[    1.697249] pci 0000:00:00.2: [8086:09a3] type 00 class 0x088000
[    1.697948] pci 0000:00:00.4: [8086:0998] type 00 class 0x060000
[    1.698643] pci 0000:00:02.0: [8086:09a6] type 00 class 0x088000
[    1.698653] pci 0000:00:02.0: reg 0x10: [mem 0x92dfc000-0x92dfdfff]
[    1.699338] pci 0000:00:02.1: [8086:09a7] type 00 class 0x088000
[    1.699347] pci 0000:00:02.1: reg 0x10: [mem 0x92d00000-0x92d7ffff]
[    1.699352] pci 0000:00:02.1: reg 0x14: [mem 0x92c80000-0x92cfffff]
[    1.700038] pci 0000:00:02.4: [8086:3456] type 00 class 0x130000
[    1.700049] pci 0000:00:02.4: reg 0x10: [mem 0x92a00000-0x92afffff 64bit]
[    1.700055] pci 0000:00:02.4: reg 0x18: [mem 0x92df0000-0x92df3fff 64bit]
[    1.700061] pci 0000:00:02.4: reg 0x20: [mem 0x92dc0000-0x92ddffff 64bit]
[    1.700760] pci 0000:00:11.0: [8086:a1ec] type 00 class 0xff0000
[    1.701522] pci 0000:00:11.5: [8086:a1d2] type 00 class 0x010601
[    1.701539] pci 0000:00:11.5: reg 0x10: [mem 0x92dfa000-0x92dfbfff]
[    1.701546] pci 0000:00:11.5: reg 0x14: [mem 0x92e05000-0x92e050ff]
[    1.701553] pci 0000:00:11.5: reg 0x18: [io  0x2068-0x206f]
[    1.701560] pci 0000:00:11.5: reg 0x1c: [io  0x2074-0x2077]
[    1.701567] pci 0000:00:11.5: reg 0x20: [io  0x2040-0x205f]
[    1.701574] pci 0000:00:11.5: reg 0x24: [mem 0x92b80000-0x92bfffff]
[    1.701612] pci 0000:00:11.5: PME# supported from D3hot
[    1.702321] pci 0000:00:14.0: [8086:a1af] type 00 class 0x0c0330
[    1.702342] pci 0000:00:14.0: reg 0x10: [mem 0x92de0000-0x92deffff 64bit]
[    1.702406] pci 0000:00:14.0: PME# supported from D3hot D3cold
[    1.703111] pci 0000:00:14.2: [8086:a1b1] type 00 class 0x118000
[    1.703131] pci 0000:00:14.2: reg 0x10: [mem 0x92e02000-0x92e02fff 64bit]
[    1.703866] pci 0000:00:16.0: [8086:a1ba] type 00 class 0x078000
[    1.703894] pci 0000:00:16.0: reg 0x10: [mem 0x92e01000-0x92e01fff 64bit]
[    1.703979] pci 0000:00:16.0: PME# supported from D3hot
[    1.704653] pci 0000:00:16.1: [8086:a1bb] type 00 class 0x078000
[    1.704681] pci 0000:00:16.1: reg 0x10: [mem 0x92e00000-0x92e00fff 64bit]
[    1.704764] pci 0000:00:16.1: PME# supported from D3hot
[    1.705441] pci 0000:00:16.4: [8086:a1be] type 00 class 0x078000
[    1.705468] pci 0000:00:16.4: reg 0x10: [mem 0x92dff000-0x92dfffff 64bit]
[    1.705552] pci 0000:00:16.4: PME# supported from D3hot
[    1.706232] pci 0000:00:17.0: [8086:a182] type 00 class 0x010601
[    1.706249] pci 0000:00:17.0: reg 0x10: [mem 0x92df8000-0x92df9fff]
[    1.706256] pci 0000:00:17.0: reg 0x14: [mem 0x92e04000-0x92e040ff]
[    1.706262] pci 0000:00:17.0: reg 0x18: [io  0x2060-0x2067]
[    1.706269] pci 0000:00:17.0: reg 0x1c: [io  0x2070-0x2073]
[    1.706276] pci 0000:00:17.0: reg 0x20: [io  0x2020-0x203f]
[    1.706283] pci 0000:00:17.0: reg 0x24: [mem 0x92b00000-0x92b7ffff]
[    1.706321] pci 0000:00:17.0: PME# supported from D3hot
[    1.707031] pci 0000:00:1c.0: [8086:a190] type 01 class 0x060400
[    1.707109] pci 0000:00:1c.0: PME# supported from D0 D3hot D3cold
[    1.707863] pci 0000:00:1c.4: [8086:a194] type 01 class 0x060400
[    1.707935] pci 0000:00:1c.4: PME# supported from D0 D3hot D3cold
[    1.708682] pci 0000:00:1c.5: [8086:a195] type 01 class 0x060400
[    1.708755] pci 0000:00:1c.5: PME# supported from D0 D3hot D3cold
[    1.709512] pci 0000:00:1f.0: [8086:a1cb] type 00 class 0x060100
[    1.710312] pci 0000:00:1f.2: [8086:a1a1] type 00 class 0x058000
[    1.710327] pci 0000:00:1f.2: reg 0x10: [mem 0x92df4000-0x92df7fff]
[    1.711071] pci 0000:00:1f.4: [8086:a1a3] type 00 class 0x0c0500
[    1.711090] pci 0000:00:1f.4: reg 0x10: [mem 0x92dfe000-0x92dfe0ff 64bit]
[    1.711113] pci 0000:00:1f.4: reg 0x20: [io  0x2000-0x201f]
[    1.711798] pci 0000:00:1f.5: [8086:a1a4] type 00 class 0x0c8000
[    1.711814] pci 0000:00:1f.5: reg 0x10: [mem 0xfe010000-0xfe010fff]
[    1.712561] pci 0000:00:1c.0: PCI bridge to [bus 01]
[    1.712610] pci 0000:02:00.0: [1556:be00] type 01 class 0x060400
[    1.712779] pci 0000:00:1c.4: PCI bridge to [bus 02-03]
[    1.712783] pci 0000:00:1c.4:   bridge window [mem 0x92000000-0x928fffff]
[    1.712787] pci 0000:00:1c.4:   bridge window [mem 0x91000000-0x91ffffff 64bit pref]
[    1.712819] pci_bus 0000:03: extended config space not accessible
[    1.712836] pci 0000:03:00.0: [102b:0536] type 00 class 0x030000
[    1.712855] pci 0000:03:00.0: reg 0x10: [mem 0x91000000-0x91ffffff pref]
[    1.712865] pci 0000:03:00.0: reg 0x14: [mem 0x92808000-0x9280bfff]
[    1.712876] pci 0000:03:00.0: reg 0x18: [mem 0x92000000-0x927fffff]
[    1.712923] pci 0000:03:00.0: BAR 0: assigned to efifb
[    1.713017] pci 0000:02:00.0: PCI bridge to [bus 03]
[    1.713025] pci 0000:02:00.0:   bridge window [mem 0x92000000-0x928fffff]
[    1.713031] pci 0000:02:00.0:   bridge window [mem 0x91000000-0x91ffffff 64bit pref]
[    1.713096] pci 0000:04:00.0: [14e4:165f] type 00 class 0x020000
[    1.713128] pci 0000:04:00.0: reg 0x10: [mem 0x92930000-0x9293ffff 64bit pref]
[    1.713143] pci 0000:04:00.0: reg 0x18: [mem 0x92940000-0x9294ffff 64bit pref]
[    1.713159] pci 0000:04:00.0: reg 0x20: [mem 0x92950000-0x9295ffff 64bit pref]
[    1.713169] pci 0000:04:00.0: reg 0x30: [mem 0xfffc0000-0xffffffff pref]
[    1.713261] pci 0000:04:00.0: PME# supported from D0 D3hot D3cold
[    1.713300] pci 0000:04:00.0: 4.000 Gb/s available PCIe bandwidth, limited by 5 GT/s x1 link at 0000:00:1c.5 (capable of 8.000 Gb/s with 5 GT/s x2 link)
[    1.713427] pci 0000:04:00.1: [14e4:165f] type 00 class 0x020000
[    1.713458] pci 0000:04:00.1: reg 0x10: [mem 0x92900000-0x9290ffff 64bit pref]
[    1.713474] pci 0000:04:00.1: reg 0x18: [mem 0x92910000-0x9291ffff 64bit pref]
[    1.713489] pci 0000:04:00.1: reg 0x20: [mem 0x92920000-0x9292ffff 64bit pref]
[    1.713499] pci 0000:04:00.1: reg 0x30: [mem 0xfffc0000-0xffffffff pref]
[    1.713591] pci 0000:04:00.1: PME# supported from D0 D3hot D3cold
[    1.713737] pci 0000:00:1c.5: PCI bridge to [bus 04]
[    1.713744] pci 0000:00:1c.5:   bridge window [mem 0x92900000-0x929fffff 64bit pref]
[    1.713758] pci_bus 0000:00: on NUMA node 0
[    1.714315] ACPI: PCI Root Bridge [PC01] (domain 0000 [bus 16-2f])
[    1.714317] acpi PNP0A08:01: _OSC: OS supports [ExtendedConfig ASPM ClockPM Segments MSI HPX-Type3]
[    1.714413] acpi PNP0A08:01: PCIe AER handled by firmware
[    1.714519] acpi PNP0A08:01: _OSC: platform does not support [SHPCHotplug]
[    1.714718] acpi PNP0A08:01: _OSC: OS now controls [PCIeHotplug PME PCIeCapability LTR]
[    1.714719] acpi PNP0A08:01: FADT indicates ASPM is unsupported, using BIOS configuration
[    1.714840] PCI host bridge to bus 0000:16
[    1.714841] pci_bus 0000:16: root bus resource [io  0x5000-0x6fff window]
[    1.714841] pci_bus 0000:16: root bus resource [mem 0x9b800000-0xa63fffff window]
[    1.714842] pci_bus 0000:16: root bus resource [mem 0x210000000000-0x21ffffffffff window]
[    1.714843] pci_bus 0000:16: root bus resource [bus 16-2f]
[    1.714850] pci 0000:16:00.0: [8086:09a2] type 00 class 0x088000
[    1.714915] pci 0000:16:00.1: [8086:09a4] type 00 class 0x088000
[    1.714978] pci 0000:16:00.2: [8086:09a3] type 00 class 0x088000
[    1.715043] pci 0000:16:00.4: [8086:0998] type 00 class 0x060000
[    1.715105] pci 0000:16:02.0: [8086:347a] type 01 class 0x060400
[    1.715118] pci 0000:16:02.0: reg 0x10: [mem 0x21fffff00000-0x21fffff1ffff 64bit]
[    1.715154] pci 0000:16:02.0: PME# supported from D0 D3hot D3cold
[    1.715452] pci 0000:17:00.0: [1000:10e2] type 00 class 0x010400
[    1.715471] pci 0000:17:00.0: reg 0x10: [mem 0x9b800000-0x9b8fffff 64bit pref]
[    1.715479] pci 0000:17:00.0: reg 0x18: [mem 0x9b900000-0x9b9fffff 64bit pref]
[    1.715484] pci 0000:17:00.0: reg 0x20: [mem 0x9ba00000-0x9bafffff]
[    1.715490] pci 0000:17:00.0: reg 0x24: [io  0x5000-0x50ff]
[    1.715495] pci 0000:17:00.0: reg 0x30: [mem 0xfff00000-0xffffffff pref]
[    1.716724] pci 0000:17:00.0: supports D1 D2
[    1.716774] pci 0000:16:02.0: PCI bridge to [bus 17]
[    1.716776] pci 0000:16:02.0:   bridge window [io  0x5000-0x5fff]
[    1.716777] pci 0000:16:02.0:   bridge window [mem 0x9ba00000-0x9bafffff]
[    1.716780] pci 0000:16:02.0:   bridge window [mem 0x9b800000-0x9b9fffff 64bit pref]
[    1.716785] pci_bus 0000:16: on NUMA node 0
[    1.716849] ACPI: PCI Root Bridge [PC02] (domain 0000 [bus 30-49])
[    1.716852] acpi PNP0A08:02: _OSC: OS supports [ExtendedConfig ASPM ClockPM Segments MSI HPX-Type3]
[    1.716945] acpi PNP0A08:02: PCIe AER handled by firmware
[    1.717050] acpi PNP0A08:02: _OSC: platform does not support [SHPCHotplug]
[    1.717249] acpi PNP0A08:02: _OSC: OS now controls [PCIeHotplug PME PCIeCapability LTR]
[    1.717250] acpi PNP0A08:02: FADT indicates ASPM is unsupported, using BIOS configuration
[    1.717364] PCI host bridge to bus 0000:30
[    1.717365] pci_bus 0000:30: root bus resource [io  0x7000-0x8fff window]
[    1.717366] pci_bus 0000:30: root bus resource [mem 0xa6400000-0xb0ffffff window]
[    1.717367] pci_bus 0000:30: root bus resource [mem 0x220000000000-0x22ffffffffff window]
[    1.717368] pci_bus 0000:30: root bus resource [bus 30-49]
[    1.717375] pci 0000:30:00.0: [8086:09a2] type 00 class 0x088000
[    1.717443] pci 0000:30:00.1: [8086:09a4] type 00 class 0x088000
[    1.717504] pci 0000:30:00.2: [8086:09a3] type 00 class 0x088000
[    1.717567] pci 0000:30:00.4: [8086:0998] type 00 class 0x060000
[    1.717639] pci_bus 0000:30: on NUMA node 0
[    1.717725] ACPI: PCI Root Bridge [PC04] (domain 0000 [bus 4a-63])
[    1.717727] acpi PNP0A08:04: _OSC: OS supports [ExtendedConfig ASPM ClockPM Segments MSI HPX-Type3]
[    1.717821] acpi PNP0A08:04: PCIe AER handled by firmware
[    1.717925] acpi PNP0A08:04: _OSC: platform does not support [SHPCHotplug]
[    1.718122] acpi PNP0A08:04: _OSC: OS now controls [PCIeHotplug PME PCIeCapability LTR]
[    1.718123] acpi PNP0A08:04: FADT indicates ASPM is unsupported, using BIOS configuration
[    1.718233] PCI host bridge to bus 0000:4a
[    1.718234] pci_bus 0000:4a: root bus resource [io  0x9000-0x9fff window]
[    1.718235] pci_bus 0000:4a: root bus resource [mem 0xb1000000-0xbbbfffff window]
[    1.718236] pci_bus 0000:4a: root bus resource [mem 0x230000000000-0x23ffffffffff window]
[    1.718236] pci_bus 0000:4a: root bus resource [bus 4a-63]
[    1.718243] pci 0000:4a:00.0: [8086:09a2] type 00 class 0x088000
[    1.718306] pci 0000:4a:00.1: [8086:09a4] type 00 class 0x088000
[    1.718365] pci 0000:4a:00.2: [8086:09a3] type 00 class 0x088000
[    1.718431] pci 0000:4a:00.4: [8086:0998] type 00 class 0x060000
[    1.718501] pci_bus 0000:4a: on NUMA node 0
[    1.718559] ACPI: PCI Root Bridge [PC05] (domain 0000 [bus 64-7d])
[    1.718561] acpi PNP0A08:05: _OSC: OS supports [ExtendedConfig ASPM ClockPM Segments MSI HPX-Type3]
[    1.718651] acpi PNP0A08:05: PCIe AER handled by firmware
[    1.718754] acpi PNP0A08:05: _OSC: platform does not support [SHPCHotplug]
[    1.718952] acpi PNP0A08:05: _OSC: OS now controls [PCIeHotplug PME PCIeCapability LTR]
[    1.718953] acpi PNP0A08:05: FADT indicates ASPM is unsupported, using BIOS configuration
[    1.719061] PCI host bridge to bus 0000:64
[    1.719062] pci_bus 0000:64: root bus resource [io  0xa000-0xafff window]
[    1.719063] pci_bus 0000:64: root bus resource [mem 0xbbc00000-0xc5ffffff window]
[    1.719064] pci_bus 0000:64: root bus resource [mem 0x240000000000-0x24ffffffffff window]
[    1.719065] pci_bus 0000:64: root bus resource [bus 64-7d]
[    1.719071] pci 0000:64:00.0: [8086:09a2] type 00 class 0x088000
[    1.719134] pci 0000:64:00.1: [8086:09a4] type 00 class 0x088000
[    1.719195] pci 0000:64:00.2: [8086:09a3] type 00 class 0x088000
[    1.719258] pci 0000:64:00.4: [8086:0998] type 00 class 0x060000
[    1.719328] pci_bus 0000:64: on NUMA node 0
[    1.719383] ACPI: PCI Root Bridge [UC06] (domain 0000 [bus 7e])
[    1.719385] acpi PNP0A03:00: _OSC: OS supports [ExtendedConfig ASPM ClockPM Segments MSI HPX-Type3]
[    1.719459] acpi PNP0A03:00: PCIe AER handled by firmware
[    1.719547] acpi PNP0A03:00: _OSC: platform does not support [SHPCHotplug LTR]
[    1.719712] acpi PNP0A03:00: _OSC: OS now controls [PCIeHotplug PME PCIeCapability]
[    1.719713] acpi PNP0A03:00: FADT indicates ASPM is unsupported, using BIOS configuration
[    1.719844] PCI host bridge to bus 0000:7e
[    1.719844] pci_bus 0000:7e: root bus resource [bus 7e]
[    1.719850] pci 0000:7e:00.0: [8086:3450] type 00 class 0x088000
[    1.719919] pci 0000:7e:00.1: [8086:3451] type 00 class 0x088000
[    1.719982] pci 0000:7e:00.2: [8086:3452] type 00 class 0x088000
[    1.720052] pci 0000:7e:00.3: [8086:0998] type 00 class 0x060000
[    1.720116] pci 0000:7e:00.5: [8086:3455] type 00 class 0x088000
[    1.720186] pci 0000:7e:02.0: [8086:3440] type 00 class 0x088000
[    1.720306] pci 0000:7e:02.1: [8086:3441] type 00 class 0x088000
[    1.720420] pci 0000:7e:02.2: [8086:3442] type 00 class 0x088000
[    1.720535] pci 0000:7e:03.0: [8086:3440] type 00 class 0x088000
[    1.720624] pci 0000:7e:03.1: [8086:3441] type 00 class 0x088000
[    1.720705] pci 0000:7e:03.2: [8086:3442] type 00 class 0x088000
[    1.720798] pci 0000:7e:04.0: [8086:3440] type 00 class 0x088000
[    1.720924] pci 0000:7e:04.1: [8086:3441] type 00 class 0x088000
[    1.721046] pci 0000:7e:04.2: [8086:3442] type 00 class 0x088000
[    1.721168] pci 0000:7e:04.3: [8086:3443] type 00 class 0x088000
[    1.721293] pci 0000:7e:05.0: [8086:3445] type 00 class 0x088000
[    1.721421] pci 0000:7e:05.1: [8086:3446] type 00 class 0x088000
[    1.721539] pci 0000:7e:05.2: [8086:3447] type 00 class 0x088000
[    1.721657] pci 0000:7e:06.0: [8086:3445] type 00 class 0x088000
[    1.721750] pci 0000:7e:06.1: [8086:3446] type 00 class 0x088000
[    1.721837] pci 0000:7e:06.2: [8086:3447] type 00 class 0x088000
[    1.721930] pci 0000:7e:07.0: [8086:3445] type 00 class 0x088000
[    1.722056] pci 0000:7e:07.1: [8086:3446] type 00 class 0x088000
[    1.722182] pci 0000:7e:07.2: [8086:3447] type 00 class 0x088000
[    1.722307] pci 0000:7e:0b.0: [8086:3448] type 00 class 0x088000
[    1.722383] pci 0000:7e:0b.1: [8086:3448] type 00 class 0x088000
[    1.722456] pci 0000:7e:0b.2: [8086:344b] type 00 class 0x088000
[    1.722539] pci 0000:7e:0c.0: [8086:344a] type 00 class 0x110100
[    1.722636] pci 0000:7e:0d.0: [8086:344a] type 00 class 0x110100
[    1.722731] pci 0000:7e:0e.0: [8086:344a] type 00 class 0x110100
[    1.722880] pci 0000:7e:0f.0: [8086:344a] type 00 class 0x110100
[    1.723042] pci 0000:7e:1a.0: [8086:2880] type 00 class 0x110100
[    1.723138] pci 0000:7e:1b.0: [8086:2880] type 00 class 0x110100
[    1.723230] pci 0000:7e:1c.0: [8086:2880] type 00 class 0x110100
[    1.723383] pci 0000:7e:1d.0: [8086:2880] type 00 class 0x110100
[    1.723545] pci_bus 0000:7e: on NUMA node 0
[    1.723618] ACPI: PCI Root Bridge [UC07] (domain 0000 [bus 7f])
[    1.723620] acpi PNP0A03:01: _OSC: OS supports [ExtendedConfig ASPM ClockPM Segments MSI HPX-Type3]
[    1.723695] acpi PNP0A03:01: PCIe AER handled by firmware
[    1.723784] acpi PNP0A03:01: _OSC: platform does not support [SHPCHotplug LTR]
[    1.723952] acpi PNP0A03:01: _OSC: OS now controls [PCIeHotplug PME PCIeCapability]
[    1.723953] acpi PNP0A03:01: FADT indicates ASPM is unsupported, using BIOS configuration
[    1.724095] PCI host bridge to bus 0000:7f
[    1.724096] pci_bus 0000:7f: root bus resource [bus 7f]
[    1.724105] pci 0000:7f:00.0: [8086:344c] type 00 class 0x088000
[    1.724214] pci 0000:7f:00.1: [8086:344c] type 00 class 0x088000
[    1.724332] pci 0000:7f:00.2: [8086:344c] type 00 class 0x088000
[    1.724453] pci 0000:7f:00.3: [8086:344c] type 00 class 0x088000
[    1.724548] pci 0000:7f:00.4: [8086:344c] type 00 class 0x088000
[    1.724677] pci 0000:7f:00.5: [8086:344c] type 00 class 0x088000
[    1.724803] pci 0000:7f:00.6: [8086:344c] type 00 class 0x088000
[    1.724889] pci 0000:7f:00.7: [8086:344c] type 00 class 0x088000
[    1.724984] pci 0000:7f:01.0: [8086:344c] type 00 class 0x088000
[    1.725120] pci 0000:7f:01.1: [8086:344c] type 00 class 0x088000
[    1.725247] pci 0000:7f:01.2: [8086:344c] type 00 class 0x088000
[    1.725334] pci 0000:7f:01.3: [8086:344c] type 00 class 0x088000
[    1.725472] pci 0000:7f:01.4: [8086:344c] type 00 class 0x088000
[    1.725610] pci 0000:7f:01.5: [8086:344c] type 00 class 0x088000
[    1.725755] pci 0000:7f:01.6: [8086:344c] type 00 class 0x088000
[    1.725884] pci 0000:7f:01.7: [8086:344c] type 00 class 0x088000
[    1.726024] pci 0000:7f:02.0: [8086:344c] type 00 class 0x088000
[    1.726162] pci 0000:7f:02.1: [8086:344c] type 00 class 0x088000
[    1.726301] pci 0000:7f:02.2: [8086:344c] type 00 class 0x088000
[    1.726439] pci 0000:7f:02.3: [8086:344c] type 00 class 0x088000
[    1.726585] pci 0000:7f:02.4: [8086:344c] type 00 class 0x088000
[    1.726729] pci 0000:7f:02.5: [8086:344c] type 00 class 0x088000
[    1.726872] pci 0000:7f:02.6: [8086:344c] type 00 class 0x088000
[    1.727026] pci 0000:7f:02.7: [8086:344c] type 00 class 0x088000
[    1.727186] pci 0000:7f:03.0: [8086:344c] type 00 class 0x088000
[    1.727336] pci 0000:7f:03.1: [8086:344c] type 00 class 0x088000
[    1.727495] pci 0000:7f:03.2: [8086:344c] type 00 class 0x088000
[    1.727650] pci 0000:7f:03.3: [8086:344c] type 00 class 0x088000
[    1.727816] pci 0000:7f:0a.0: [8086:344d] type 00 class 0x088000
[    1.727924] pci 0000:7f:0a.1: [8086:344d] type 00 class 0x088000
[    1.728043] pci 0000:7f:0a.2: [8086:344d] type 00 class 0x088000
[    1.728162] pci 0000:7f:0a.3: [8086:344d] type 00 class 0x088000
[    1.728266] pci 0000:7f:0a.4: [8086:344d] type 00 class 0x088000
[    1.728394] pci 0000:7f:0a.5: [8086:344d] type 00 class 0x088000
[    1.728517] pci 0000:7f:0a.6: [8086:344d] type 00 class 0x088000
[    1.728604] pci 0000:7f:0a.7: [8086:344d] type 00 class 0x088000
[    1.728695] pci 0000:7f:0b.0: [8086:344d] type 00 class 0x088000
[    1.728830] pci 0000:7f:0b.1: [8086:344d] type 00 class 0x088000
[    1.728960] pci 0000:7f:0b.2: [8086:344d] type 00 class 0x088000
[    1.729047] pci 0000:7f:0b.3: [8086:344d] type 00 class 0x088000
[    1.729189] pci 0000:7f:0b.4: [8086:344d] type 00 class 0x088000
[    1.729329] pci 0000:7f:0b.5: [8086:344d] type 00 class 0x088000
[    1.729473] pci 0000:7f:0b.6: [8086:344d] type 00 class 0x088000
[    1.729600] pci 0000:7f:0b.7: [8086:344d] type 00 class 0x088000
[    1.729734] pci 0000:7f:0c.0: [8086:344d] type 00 class 0x088000
[    1.729874] pci 0000:7f:0c.1: [8086:344d] type 00 class 0x088000
[    1.730011] pci 0000:7f:0c.2: [8086:344d] type 00 class 0x088000
[    1.730150] pci 0000:7f:0c.3: [8086:344d] type 00 class 0x088000
[    1.730302] pci 0000:7f:0c.4: [8086:344d] type 00 class 0x088000
[    1.730445] pci 0000:7f:0c.5: [8086:344d] type 00 class 0x088000
[    1.730590] pci 0000:7f:0c.6: [8086:344d] type 00 class 0x088000
[    1.730743] pci 0000:7f:0c.7: [8086:344d] type 00 class 0x088000
[    1.730894] pci 0000:7f:0d.0: [8086:344d] type 00 class 0x088000
[    1.731047] pci 0000:7f:0d.1: [8086:344d] type 00 class 0x088000
[    1.731206] pci 0000:7f:0d.2: [8086:344d] type 00 class 0x088000
[    1.731361] pci 0000:7f:0d.3: [8086:344d] type 00 class 0x088000
[    1.731544] pci 0000:7f:1d.0: [8086:344f] type 00 class 0x088000
[    1.731662] pci 0000:7f:1d.1: [8086:3457] type 00 class 0x088000
[    1.731778] pci 0000:7f:1e.0: [8086:3458] type 00 class 0x088000
[    1.731855] pci 0000:7f:1e.1: [8086:3459] type 00 class 0x088000
[    1.731930] pci 0000:7f:1e.2: [8086:345a] type 00 class 0x088000
[    1.732003] pci 0000:7f:1e.3: [8086:345b] type 00 class 0x088000
[    1.732078] pci 0000:7f:1e.4: [8086:345c] type 00 class 0x088000
[    1.732152] pci 0000:7f:1e.5: [8086:345d] type 00 class 0x088000
[    1.732230] pci 0000:7f:1e.6: [8086:345e] type 00 class 0x088000
[    1.732304] pci 0000:7f:1e.7: [8086:345f] type 00 class 0x088000
[    1.732376] pci_bus 0000:7f: on NUMA node 0
[    1.732464] ACPI: PCI Root Bridge [PC06] (domain 0000 [bus 80])
[    1.732465] acpi PNP0A08:06: _OSC: OS supports [ExtendedConfig ASPM ClockPM Segments MSI HPX-Type3]
[    1.732557] acpi PNP0A08:06: PCIe AER handled by firmware
[    1.732662] acpi PNP0A08:06: _OSC: platform does not support [SHPCHotplug]
[    1.732860] acpi PNP0A08:06: _OSC: OS now controls [PCIeHotplug PME PCIeCapability LTR]
[    1.732861] acpi PNP0A08:06: FADT indicates ASPM is unsupported, using BIOS configuration
[    1.733002] PCI host bridge to bus 0000:80
[    1.733003] pci_bus 0000:80: root bus resource [io  0xb000-0xbfff window]
[    1.733004] pci_bus 0000:80: root bus resource [mem 0xc6800000-0xd0ffffff window]
[    1.733005] pci_bus 0000:80: root bus resource [mem 0x250000000000-0x25ffffffffff window]
[    1.733006] pci_bus 0000:80: root bus resource [bus 80]
[    1.733013] pci 0000:80:00.0: [8086:09a2] type 00 class 0x088000
[    1.733092] pci 0000:80:00.1: [8086:09a4] type 00 class 0x088000
[    1.733173] pci 0000:80:00.2: [8086:09a3] type 00 class 0x088000
[    1.733250] pci 0000:80:00.4: [8086:0998] type 00 class 0x060000
[    1.733328] pci 0000:80:02.0: [8086:09a6] type 00 class 0x088000
[    1.733338] pci 0000:80:02.0: reg 0x10: [mem 0xc6aa4000-0xc6aa5fff]
[    1.733402] pci 0000:80:02.1: [8086:09a7] type 00 class 0x088000
[    1.733412] pci 0000:80:02.1: reg 0x10: [mem 0xc6a00000-0xc6a7ffff]
[    1.733417] pci 0000:80:02.1: reg 0x14: [mem 0xc6980000-0xc69fffff]
[    1.733487] pci 0000:80:02.4: [8086:3456] type 00 class 0x130000
[    1.733499] pci 0000:80:02.4: reg 0x10: [mem 0xc6800000-0xc68fffff 64bit]
[    1.733506] pci 0000:80:02.4: reg 0x18: [mem 0xc6aa0000-0xc6aa3fff 64bit]
[    1.733513] pci 0000:80:02.4: reg 0x20: [mem 0xc6a80000-0xc6a9ffff 64bit]
[    1.733573] pci_bus 0000:80: on NUMA node 1
[    1.733640] ACPI: PCI Root Bridge [PC07] (domain 0000 [bus 81])
[    1.733642] acpi PNP0A08:07: _OSC: OS supports [ExtendedConfig ASPM ClockPM Segments MSI HPX-Type3]
[    1.733732] acpi PNP0A08:07: PCIe AER handled by firmware
[    1.733839] acpi PNP0A08:07: _OSC: platform does not support [SHPCHotplug]
[    1.734037] acpi PNP0A08:07: _OSC: OS now controls [PCIeHotplug PME PCIeCapability LTR]
[    1.734037] acpi PNP0A08:07: FADT indicates ASPM is unsupported, using BIOS configuration
[    1.734155] PCI host bridge to bus 0000:81
[    1.734156] pci_bus 0000:81: root bus resource [io  0xc000-0xcfff window]
[    1.734157] pci_bus 0000:81: root bus resource [mem 0xd1000000-0xdbbfffff window]
[    1.734157] pci_bus 0000:81: root bus resource [mem 0x260000000000-0x26ffffffffff window]
[    1.734158] pci_bus 0000:81: root bus resource [bus 81]
[    1.734165] pci 0000:81:00.0: [8086:09a2] type 00 class 0x088000
[    1.734235] pci 0000:81:00.1: [8086:09a4] type 00 class 0x088000
[    1.734301] pci 0000:81:00.2: [8086:09a3] type 00 class 0x088000
[    1.734370] pci 0000:81:00.4: [8086:0998] type 00 class 0x060000
[    1.734450] pci_bus 0000:81: on NUMA node 1
[    1.734509] ACPI: PCI Root Bridge [PC08] (domain 0000 [bus 82])
[    1.734511] acpi PNP0A08:08: _OSC: OS supports [ExtendedConfig ASPM ClockPM Segments MSI HPX-Type3]
[    1.734600] acpi PNP0A08:08: PCIe AER handled by firmware
[    1.734703] acpi PNP0A08:08: _OSC: platform does not support [SHPCHotplug]
[    1.734900] acpi PNP0A08:08: _OSC: OS now controls [PCIeHotplug PME PCIeCapability LTR]
[    1.734901] acpi PNP0A08:08: FADT indicates ASPM is unsupported, using BIOS configuration
[    1.735009] PCI host bridge to bus 0000:82
[    1.735010] pci_bus 0000:82: root bus resource [io  0xd000-0xdfff window]
[    1.735010] pci_bus 0000:82: root bus resource [mem 0xdbc00000-0xe67fffff window]
[    1.735011] pci_bus 0000:82: root bus resource [mem 0x270000000000-0x27ffffffffff window]
[    1.735012] pci_bus 0000:82: root bus resource [bus 82]
[    1.735019] pci 0000:82:00.0: [8086:09a2] type 00 class 0x088000
[    1.735088] pci 0000:82:00.1: [8086:09a4] type 00 class 0x088000
[    1.735156] pci 0000:82:00.2: [8086:09a3] type 00 class 0x088000
[    1.735230] pci 0000:82:00.4: [8086:0998] type 00 class 0x060000
[    1.735311] pci_bus 0000:82: on NUMA node 1
[    1.735394] ACPI: PCI Root Bridge [PC10] (domain 0000 [bus 83-f9])
[    1.735396] acpi PNP0A08:0a: _OSC: OS supports [ExtendedConfig ASPM ClockPM Segments MSI HPX-Type3]
[    1.735485] acpi PNP0A08:0a: PCIe AER handled by firmware
[    1.735588] acpi PNP0A08:0a: _OSC: platform does not support [SHPCHotplug]
[    1.735786] acpi PNP0A08:0a: _OSC: OS now controls [PCIeHotplug PME PCIeCapability LTR]
[    1.735786] acpi PNP0A08:0a: FADT indicates ASPM is unsupported, using BIOS configuration
[    1.735904] PCI host bridge to bus 0000:83
[    1.735905] pci_bus 0000:83: root bus resource [io  0xe000-0xefff window]
[    1.735906] pci_bus 0000:83: root bus resource [mem 0xe6800000-0xf13fffff window]
[    1.735907] pci_bus 0000:83: root bus resource [mem 0x280000000000-0x28ffffffffff window]
[    1.735908] pci_bus 0000:83: root bus resource [bus 83-f9]
[    1.735915] pci 0000:83:00.0: [8086:09a2] type 00 class 0x088000
[    1.735983] pci 0000:83:00.1: [8086:09a4] type 00 class 0x088000
[    1.736051] pci 0000:83:00.2: [8086:09a3] type 00 class 0x088000
[    1.736120] pci 0000:83:00.4: [8086:0998] type 00 class 0x060000
[    1.736199] pci_bus 0000:83: on NUMA node 1
[    1.736257] ACPI: PCI Root Bridge [PC11] (domain 0000 [bus fa])
[    1.736259] acpi PNP0A08:0b: _OSC: OS supports [ExtendedConfig ASPM ClockPM Segments MSI HPX-Type3]
[    1.736348] acpi PNP0A08:0b: PCIe AER handled by firmware
[    1.736451] acpi PNP0A08:0b: _OSC: platform does not support [SHPCHotplug]
[    1.736649] acpi PNP0A08:0b: _OSC: OS now controls [PCIeHotplug PME PCIeCapability LTR]
[    1.736650] acpi PNP0A08:0b: FADT indicates ASPM is unsupported, using BIOS configuration
[    1.736760] PCI host bridge to bus 0000:fa
[    1.736761] pci_bus 0000:fa: root bus resource [io  0xf000-0xffff window]
[    1.736762] pci_bus 0000:fa: root bus resource [mem 0xf1400000-0xfb7fffff window]
[    1.736762] pci_bus 0000:fa: root bus resource [mem 0x290000000000-0x29ffffffffff window]
[    1.736763] pci_bus 0000:fa: root bus resource [bus fa]
[    1.736770] pci 0000:fa:00.0: [8086:09a2] type 00 class 0x088000
[    1.736838] pci 0000:fa:00.1: [8086:09a4] type 00 class 0x088000
[    1.736907] pci 0000:fa:00.2: [8086:09a3] type 00 class 0x088000
[    1.736982] pci 0000:fa:00.4: [8086:0998] type 00 class 0x060000
[    1.737062] pci_bus 0000:fa: on NUMA node 1
[    1.737116] ACPI: PCI Root Bridge [UC16] (domain 0000 [bus fe])
[    1.737118] acpi PNP0A03:02: _OSC: OS supports [ExtendedConfig ASPM ClockPM Segments MSI HPX-Type3]
[    1.737192] acpi PNP0A03:02: PCIe AER handled by firmware
[    1.737280] acpi PNP0A03:02: _OSC: platform does not support [SHPCHotplug LTR]
[    1.737446] acpi PNP0A03:02: _OSC: OS now controls [PCIeHotplug PME PCIeCapability]
[    1.737446] acpi PNP0A03:02: FADT indicates ASPM is unsupported, using BIOS configuration
[    1.737576] PCI host bridge to bus 0000:fe
[    1.737577] pci_bus 0000:fe: root bus resource [bus fe]
[    1.737583] pci 0000:fe:00.0: [8086:3450] type 00 class 0x088000
[    1.737656] pci 0000:fe:00.1: [8086:3451] type 00 class 0x088000
[    1.737722] pci 0000:fe:00.2: [8086:3452] type 00 class 0x088000
[    1.737793] pci 0000:fe:00.3: [8086:0998] type 00 class 0x060000
[    1.737861] pci 0000:fe:00.5: [8086:3455] type 00 class 0x088000
[    1.737933] pci 0000:fe:02.0: [8086:3440] type 00 class 0x088000
[    1.738059] pci 0000:fe:02.1: [8086:3441] type 00 class 0x088000
[    1.738184] pci 0000:fe:02.2: [8086:3442] type 00 class 0x088000
[    1.738301] pci 0000:fe:03.0: [8086:3440] type 00 class 0x088000
[    1.738394] pci 0000:fe:03.1: [8086:3441] type 00 class 0x088000
[    1.738480] pci 0000:fe:03.2: [8086:3442] type 00 class 0x088000
[    1.738572] pci 0000:fe:04.0: [8086:3440] type 00 class 0x088000
[    1.738702] pci 0000:fe:04.1: [8086:3441] type 00 class 0x088000
[    1.738828] pci 0000:fe:04.2: [8086:3442] type 00 class 0x088000
[    1.738952] pci 0000:fe:04.3: [8086:3443] type 00 class 0x088000
[    1.739088] pci 0000:fe:05.0: [8086:3445] type 00 class 0x088000
[    1.739213] pci 0000:fe:05.1: [8086:3446] type 00 class 0x088000
[    1.739334] pci 0000:fe:05.2: [8086:3447] type 00 class 0x088000
[    1.739456] pci 0000:fe:06.0: [8086:3445] type 00 class 0x088000
[    1.739550] pci 0000:fe:06.1: [8086:3446] type 00 class 0x088000
[    1.739640] pci 0000:fe:06.2: [8086:3447] type 00 class 0x088000
[    1.739735] pci 0000:fe:07.0: [8086:3445] type 00 class 0x088000
[    1.739867] pci 0000:fe:07.1: [8086:3446] type 00 class 0x088000
[    1.740001] pci 0000:fe:07.2: [8086:3447] type 00 class 0x088000
[    1.740129] pci 0000:fe:0b.0: [8086:3448] type 00 class 0x088000
[    1.740208] pci 0000:fe:0b.1: [8086:3448] type 00 class 0x088000
[    1.740282] pci 0000:fe:0b.2: [8086:344b] type 00 class 0x088000
[    1.740362] pci 0000:fe:0c.0: [8086:344a] type 00 class 0x110100
[    1.740465] pci 0000:fe:0d.0: [8086:344a] type 00 class 0x110100
[    1.740561] pci 0000:fe:0e.0: [8086:344a] type 00 class 0x110100
[    1.740716] pci 0000:fe:0f.0: [8086:344a] type 00 class 0x110100
[    1.740889] pci 0000:fe:1a.0: [8086:2880] type 00 class 0x110100
[    1.740988] pci 0000:fe:1b.0: [8086:2880] type 00 class 0x110100
[    1.741084] pci 0000:fe:1c.0: [8086:2880] type 00 class 0x110100
[    1.741244] pci 0000:fe:1d.0: [8086:2880] type 00 class 0x110100
[    1.741406] pci_bus 0000:fe: on NUMA node 1
[    1.741476] ACPI: PCI Root Bridge [UC17] (domain 0000 [bus ff])
[    1.741478] acpi PNP0A03:03: _OSC: OS supports [ExtendedConfig ASPM ClockPM Segments MSI HPX-Type3]
[    1.741554] acpi PNP0A03:03: PCIe AER handled by firmware
[    1.741644] acpi PNP0A03:03: _OSC: platform does not support [SHPCHotplug LTR]
[    1.741816] acpi PNP0A03:03: _OSC: OS now controls [PCIeHotplug PME PCIeCapability]
[    1.741817] acpi PNP0A03:03: FADT indicates ASPM is unsupported, using BIOS configuration
[    1.741959] PCI host bridge to bus 0000:ff
[    1.741960] pci_bus 0000:ff: root bus resource [bus ff]
[    1.741970] pci 0000:ff:00.0: [8086:344c] type 00 class 0x088000
[    1.742086] pci 0000:ff:00.1: [8086:344c] type 00 class 0x088000
[    1.742206] pci 0000:ff:00.2: [8086:344c] type 00 class 0x088000
[    1.742313] pci 0000:ff:00.3: [8086:344c] type 00 class 0x088000
[    1.742447] pci 0000:ff:00.4: [8086:344c] type 00 class 0x088000
[    1.742571] pci 0000:ff:00.5: [8086:344c] type 00 class 0x088000
[    1.742673] pci 0000:ff:00.6: [8086:344c] type 00 class 0x088000
[    1.742806] pci 0000:ff:00.7: [8086:344c] type 00 class 0x088000
[    1.742940] pci 0000:ff:01.0: [8086:344c] type 00 class 0x088000
[    1.743081] pci 0000:ff:01.1: [8086:344c] type 00 class 0x088000
[    1.743215] pci 0000:ff:01.2: [8086:344c] type 00 class 0x088000
[    1.743306] pci 0000:ff:01.3: [8086:344c] type 00 class 0x088000
[    1.743455] pci 0000:ff:01.4: [8086:344c] type 00 class 0x088000
[    1.743599] pci 0000:ff:01.5: [8086:344c] type 00 class 0x088000
[    1.743748] pci 0000:ff:01.6: [8086:344c] type 00 class 0x088000
[    1.743881] pci 0000:ff:01.7: [8086:344c] type 00 class 0x088000
[    1.744021] pci 0000:ff:02.0: [8086:344c] type 00 class 0x088000
[    1.744163] pci 0000:ff:02.1: [8086:344c] type 00 class 0x088000
[    1.744302] pci 0000:ff:02.2: [8086:344c] type 00 class 0x088000
[    1.744447] pci 0000:ff:02.3: [8086:344c] type 00 class 0x088000
[    1.744595] pci 0000:ff:02.4: [8086:344c] type 00 class 0x088000
[    1.744740] pci 0000:ff:02.5: [8086:344c] type 00 class 0x088000
[    1.744891] pci 0000:ff:02.6: [8086:344c] type 00 class 0x088000
[    1.745039] pci 0000:ff:02.7: [8086:344c] type 00 class 0x088000
[    1.745197] pci 0000:ff:03.0: [8086:344c] type 00 class 0x088000
[    1.745360] pci 0000:ff:03.1: [8086:344c] type 00 class 0x088000
[    1.745516] pci 0000:ff:03.2: [8086:344c] type 00 class 0x088000
[    1.745679] pci 0000:ff:03.3: [8086:344c] type 00 class 0x088000
[    1.745860] pci 0000:ff:0a.0: [8086:344d] type 00 class 0x088000
[    1.745975] pci 0000:ff:0a.1: [8086:344d] type 00 class 0x088000
[    1.746095] pci 0000:ff:0a.2: [8086:344d] type 00 class 0x088000
[    1.746202] pci 0000:ff:0a.3: [8086:344d] type 00 class 0x088000
[    1.746330] pci 0000:ff:0a.4: [8086:344d] type 00 class 0x088000
[    1.746454] pci 0000:ff:0a.5: [8086:344d] type 00 class 0x088000
[    1.746556] pci 0000:ff:0a.6: [8086:344d] type 00 class 0x088000
[    1.746690] pci 0000:ff:0a.7: [8086:344d] type 00 class 0x088000
[    1.746827] pci 0000:ff:0b.0: [8086:344d] type 00 class 0x088000
[    1.746969] pci 0000:ff:0b.1: [8086:344d] type 00 class 0x088000
[    1.747103] pci 0000:ff:0b.2: [8086:344d] type 00 class 0x088000
[    1.747194] pci 0000:ff:0b.3: [8086:344d] type 00 class 0x088000
[    1.747338] pci 0000:ff:0b.4: [8086:344d] type 00 class 0x088000
[    1.747481] pci 0000:ff:0b.5: [8086:344d] type 00 class 0x088000
[    1.747628] pci 0000:ff:0b.6: [8086:344d] type 00 class 0x088000
[    1.747762] pci 0000:ff:0b.7: [8086:344d] type 00 class 0x088000
[    1.747906] pci 0000:ff:0c.0: [8086:344d] type 00 class 0x088000
[    1.748048] pci 0000:ff:0c.1: [8086:344d] type 00 class 0x088000
[    1.748188] pci 0000:ff:0c.2: [8086:344d] type 00 class 0x088000
[    1.748333] pci 0000:ff:0c.3: [8086:344d] type 00 class 0x088000
[    1.748475] pci 0000:ff:0c.4: [8086:344d] type 00 class 0x088000
[    1.748619] pci 0000:ff:0c.5: [8086:344d] type 00 class 0x088000
[    1.748770] pci 0000:ff:0c.6: [8086:344d] type 00 class 0x088000
[    1.748918] pci 0000:ff:0c.7: [8086:344d] type 00 class 0x088000
[    1.749081] pci 0000:ff:0d.0: [8086:344d] type 00 class 0x088000
[    1.749241] pci 0000:ff:0d.1: [8086:344d] type 00 class 0x088000
[    1.749395] pci 0000:ff:0d.2: [8086:344d] type 00 class 0x088000
[    1.749559] pci 0000:ff:0d.3: [8086:344d] type 00 class 0x088000
[    1.749743] pci 0000:ff:1d.0: [8086:344f] type 00 class 0x088000
[    1.749865] pci 0000:ff:1d.1: [8086:3457] type 00 class 0x088000
[    1.749986] pci 0000:ff:1e.0: [8086:3458] type 00 class 0x088000
[    1.750067] pci 0000:ff:1e.1: [8086:3459] type 00 class 0x088000
[    1.750147] pci 0000:ff:1e.2: [8086:345a] type 00 class 0x088000
[    1.750225] pci 0000:ff:1e.3: [8086:345b] type 00 class 0x088000
[    1.750301] pci 0000:ff:1e.4: [8086:345c] type 00 class 0x088000
[    1.750378] pci 0000:ff:1e.5: [8086:345d] type 00 class 0x088000
[    1.750456] pci 0000:ff:1e.6: [8086:345e] type 00 class 0x088000
[    1.750531] pci 0000:ff:1e.7: [8086:345f] type 00 class 0x088000
[    1.750608] pci_bus 0000:ff: on NUMA node 1
[    1.753584] HMAT: Memory (0x0 length 0x80000000) Flags:0003 Processor Domain:0 Memory Domain:0
[    1.753584] HMAT: Memory (0x100000000 length 0xf80000000) Flags:0003 Processor Domain:0 Memory Domain:0
[    1.753584] HMAT: Memory (0x2080000000 length 0x7e00000000) Flags:0003 Processor Domain:0 Memory Domain:2
[    1.753584] HMAT: Memory (0x1080000000 length 0x1000000000) Flags:0003 Processor Domain:1 Memory Domain:1
[    1.753584] HMAT: Memory (0x9e80000000 length 0x7e00000000) Flags:0003 Processor Domain:1 Memory Domain:3
[    1.753584] HMAT: Locality: Flags:00 Type:Read Latency Initiator Domains:2 Target Domains:4 Base:100
[    1.753584]   Initiator-Target[0-0]:7600 nsec
[    1.753584]   Initiator-Target[0-1]:13560 nsec
[    1.753584]   Initiator-Target[0-2]:25350 nsec
[    1.753584]   Initiator-Target[0-3]:31600 nsec
[    1.753584]   Initiator-Target[1-0]:13560 nsec
[    1.753584]   Initiator-Target[1-1]:7600 nsec
[    1.753584]   Initiator-Target[1-2]:31600 nsec
[    1.753584]   Initiator-Target[1-3]:25350 nsec
[    1.753584] HMAT: Locality: Flags:00 Type:Write Latency Initiator Domains:2 Target Domains:4 Base:100
[    1.753584]   Initiator-Target[0-0]:7600 nsec
[    1.753584]   Initiator-Target[0-1]:13560 nsec
[    1.753584]   Initiator-Target[0-2]:25350 nsec
[    1.753584]   Initiator-Target[0-3]:31600 nsec
[    1.753584]   Initiator-Target[1-0]:13560 nsec
[    1.753584]   Initiator-Target[1-1]:7600 nsec
[    1.753584]   Initiator-Target[1-2]:31600 nsec
[    1.753584]   Initiator-Target[1-3]:25350 nsec
[    1.753584] HMAT: Locality: Flags:00 Type:Read Bandwidth Initiator Domains:2 Target Domains:4 Base:1
[    1.753584]   Initiator-Target[0-0]:1790 MB/s
[    1.753584]   Initiator-Target[0-1]:1790 MB/s
[    1.753584]   Initiator-Target[0-2]:463 MB/s
[    1.753584]   Initiator-Target[0-3]:463 MB/s
[    1.753584]   Initiator-Target[1-0]:1790 MB/s
[    1.753584]   Initiator-Target[1-1]:1790 MB/s
[    1.753584]   Initiator-Target[1-2]:463 MB/s
[    1.753584]   Initiator-Target[1-3]:463 MB/s
[    1.753584] HMAT: Locality: Flags:00 Type:Write Bandwidth Initiator Domains:2 Target Domains:4 Base:1
[    1.753584]   Initiator-Target[0-0]:1910 MB/s
[    1.753584]   Initiator-Target[0-1]:1910 MB/s
[    1.753584]   Initiator-Target[0-2]:138 MB/s
[    1.753584]   Initiator-Target[0-3]:138 MB/s
[    1.753584]   Initiator-Target[1-0]:1910 MB/s
[    1.753584]   Initiator-Target[1-1]:1910 MB/s
[    1.753584]   Initiator-Target[1-2]:138 MB/s
[    1.753584]   Initiator-Target[1-3]:138 MB/s
[    1.753584] WARNING: CPU: 62 PID: 1 at drivers/base/node.c:191 node_set_perf_attrs+0x90/0xb0
[    1.753584] Modules linked in:
[    1.753584] CPU: 62 PID: 1 Comm: swapper/0 Not tainted 5.3.1-multiclock #1
[    1.753584] Hardware name: Dell Inc. PowerEdge R750/0K8F35, BIOS 1.10.2 03/03/2023
[    1.753584] RIP: 0010:node_set_perf_attrs+0x90/0xb0
[    1.753584] Code: f4 02 00 00 4c 89 ea 4c 89 e7 e8 bb bf c7 ff 85 c0 75 24 48 83 c3 08 48 8b 33 48 85 f6 75 e5 5b 41 5a 41 5c 41 5d 41 5e 5d c3 <0f> 0b 5b 41 5a 41 5c 41 5d 41 5e 5d c3 44 89 f6 48 c7 c7 70 5b fa
[    1.753584] RSP: 0000:ffffc2254007bd80 EFLAGS: 00010246
[    1.753584] RAX: 0000000000000002 RBX: 0000000000000003 RCX: 0000000000000000
[    1.753584] RDX: 0000000000000000 RSI: ffff9f0a97d4af58 RDI: 0000000000000002
[    1.753584] RBP: ffffc2254007bda8 R08: ffff9efa20486ef8 R09: 0000000000000000
[    1.753584] R10: ffff9efa26a02850 R11: ffff9efa26c74cd0 R12: ffff9f0a97d4af40
[    1.753584] R13: ffffffffbe6db310 R14: 0000000000000005 R15: ffffffffbe495806
[    1.753584] FS:  0000000000000000(0000) GS:ffff9efa277c0000(0000) knlGS:0000000000000000
[    1.753584] CS:  0010 DS: 0000 ES: 0000 CR0: 0000000080050033
[    1.753584] CR2: 0000000000000000 CR3: 0000000dfce0a001 CR4: 0000000000760ee0
[    1.753584] DR0: 0000000000000000 DR1: 0000000000000000 DR2: 0000000000000000
[    1.753584] DR3: 0000000000000000 DR6: 00000000fffe0ff0 DR7: 0000000000000400
[    1.753584] PKRU: 55555554
[    1.753584] Call Trace:
[    1.753584]  hmat_init+0x32a/0x43c
[    1.753584]  ? hmat_parse_subtable+0x503/0x503
[    1.753584]  ? set_debug_rodata+0x17/0x17
[    1.753584]  do_one_initcall+0x4a/0x1fa
[    1.753584]  kernel_init_freeable+0x1c6/0x26d
[    1.753584]  ? rest_init+0xb0/0xb0
[    1.753584]  kernel_init+0xe/0x110
[    1.753584]  ret_from_fork+0x1f/0x40
[    1.753584] ---[ end trace d22bd2b33537fbc4 ]---
[    1.753601] pci 0000:03:00.0: vgaarb: setting as boot VGA device
[    1.753601] pci 0000:03:00.0: vgaarb: VGA device added: decodes=io+mem,owns=io+mem,locks=none
[    1.753651] pci 0000:03:00.0: vgaarb: bridge control possible
[    1.753652] vgaarb: loaded
[    1.753835] SCSI subsystem initialized
[    1.753977] libata version 3.00 loaded.
[    1.753977] ACPI: bus type USB registered
[    1.753977] usbcore: registered new interface driver usbfs
[    1.753977] usbcore: registered new interface driver hub
[    1.753977] usbcore: registered new device driver usb
[    1.753977] pps_core: LinuxPPS API ver. 1 registered
[    1.753977] pps_core: Software ver. 5.3.6 - Copyright 2005-2007 Rodolfo Giometti <giometti@linux.it>
[    1.753977] PTP clock support registered
[    1.754096] EDAC MC: Ver: 3.0.0
[    1.754096] Registered efivars operations
[    1.757610] PCI: Using ACPI for IRQ routing
[    1.758005] PCI: pci_cache_line_size set to 64 bytes
[    1.758561] e820: reserve RAM buffer [mem 0x0008f000-0x0008ffff]
[    1.758562] e820: reserve RAM buffer [mem 0x47bcd020-0x47ffffff]
[    1.758563] e820: reserve RAM buffer [mem 0x47bff020-0x47ffffff]
[    1.758563] e820: reserve RAM buffer [mem 0x47c32020-0x47ffffff]
[    1.758564] e820: reserve RAM buffer [mem 0x47c65020-0x47ffffff]
[    1.758565] e820: reserve RAM buffer [mem 0x49e77000-0x4bffffff]
[    1.758566] e820: reserve RAM buffer [mem 0x4b2cf000-0x4bffffff]
[    1.758567] e820: reserve RAM buffer [mem 0x4bd94000-0x4bffffff]
[    1.758567] e820: reserve RAM buffer [mem 0x4ce00000-0x4fffffff]
[    1.758568] e820: reserve RAM buffer [mem 0x5eefe000-0x5fffffff]
[    1.758568] e820: reserve RAM buffer [mem 0x6f800000-0x6fffffff]
[    1.758852] NetLabel: Initializing
[    1.758853] NetLabel:  domain hash size = 128
[    1.758853] NetLabel:  protocols = UNLABELED CIPSOv4 CALIPSO
[    1.758870] NetLabel:  unlabeled traffic allowed by default
[    1.762914] hpet0: at MMIO 0xfed00000, IRQs 2, 8, 0, 0, 0, 0, 0, 0
[    1.762916] hpet0: 8 comparators, 64-bit 24.000000 MHz counter
[    1.765792] clocksource: Switched to clocksource tsc-early
[    1.776296] VFS: Disk quotas dquot_6.6.0
[    1.776338] VFS: Dquot-cache hash table entries: 512 (order 0, 4096 bytes)
[    1.776614] *** VALIDATE hugetlbfs ***
[    1.776758] AppArmor: AppArmor Filesystem Enabled
[    1.776775] pnp: PnP ACPI init
[    1.792083] pnp 00:00: Plug and Play ACPI device, IDs PNP0b00 (active)
[    1.792241] system 00:01: [io  0x0500-0x05fe] has been reserved
[    1.792242] system 00:01: [io  0x0400-0x041f] has been reserved
[    1.792243] system 00:01: [io  0x0600-0x061f] has been reserved
[    1.792244] system 00:01: [io  0x0ca0-0x0ca1] has been reserved
[    1.792245] system 00:01: [io  0x0ca4-0x0ca6] has been reserved
[    1.792247] system 00:01: [mem 0xff000000-0xffffffff] has been reserved
[    1.792250] system 00:01: Plug and Play ACPI device, IDs PNP0c02 (active)
[    1.792493] pnp 00:02: Plug and Play ACPI device, IDs PNP0501 (active)
[    1.792698] pnp 00:03: Plug and Play ACPI device, IDs PNP0501 (active)
[    1.792850] system 00:04: [mem 0xfd000000-0xfdabffff] has been reserved
[    1.792851] system 00:04: [mem 0xfdad0000-0xfdadffff] has been reserved
[    1.792852] system 00:04: [mem 0xfdb00000-0xfdffffff] has been reserved
[    1.792854] system 00:04: [mem 0xfe000000-0xfe00ffff] has been reserved
[    1.792855] system 00:04: [mem 0xfe011000-0xfe01ffff] has been reserved
[    1.792856] system 00:04: [mem 0xfe036000-0xfe03bfff] has been reserved
[    1.792856] system 00:04: [mem 0xfe03d000-0xfe3fffff] has been reserved
[    1.792857] system 00:04: [mem 0xfe410000-0xfe7fffff] has been reserved
[    1.792860] system 00:04: Plug and Play ACPI device, IDs PNP0c02 (active)
[    1.793181] system 00:05: [io  0x1000-0x10fe] has been reserved
[    1.793183] system 00:05: Plug and Play ACPI device, IDs PNP0c02 (active)
[    1.794165] pnp: PnP ACPI: found 6 devices
[    1.795246] thermal_sys: Registered thermal governor 'fair_share'
[    1.795246] thermal_sys: Registered thermal governor 'bang_bang'
[    1.795247] thermal_sys: Registered thermal governor 'step_wise'
[    1.795247] thermal_sys: Registered thermal governor 'user_space'
[    1.795248] thermal_sys: Registered thermal governor 'power_allocator'
[    1.799739] clocksource: acpi_pm: mask: 0xffffff max_cycles: 0xffffff, max_idle_ns: 2085701024 ns
[    1.799760] pci 0000:04:00.0: can't claim BAR 6 [mem 0xfffc0000-0xffffffff pref]: no compatible bridge window
[    1.799761] pci 0000:04:00.1: can't claim BAR 6 [mem 0xfffc0000-0xffffffff pref]: no compatible bridge window
[    1.799763] pci 0000:17:00.0: can't claim BAR 6 [mem 0xfff00000-0xffffffff pref]: no compatible bridge window
[    1.799777] pci 0000:00:1c.5: BAR 14: assigned [mem 0x90000000-0x900fffff]
[    1.799780] pci 0000:00:1c.0: PCI bridge to [bus 01]
[    1.799788] pci 0000:02:00.0: PCI bridge to [bus 03]
[    1.799793] pci 0000:02:00.0:   bridge window [mem 0x92000000-0x928fffff]
[    1.799796] pci 0000:02:00.0:   bridge window [mem 0x91000000-0x91ffffff 64bit pref]
[    1.799802] pci 0000:00:1c.4: PCI bridge to [bus 02-03]
[    1.799805] pci 0000:00:1c.4:   bridge window [mem 0x92000000-0x928fffff]
[    1.799808] pci 0000:00:1c.4:   bridge window [mem 0x91000000-0x91ffffff 64bit pref]
[    1.799812] pci 0000:04:00.0: BAR 6: assigned [mem 0x90000000-0x9003ffff pref]
[    1.799814] pci 0000:04:00.1: BAR 6: assigned [mem 0x90040000-0x9007ffff pref]
[    1.799814] pci 0000:00:1c.5: PCI bridge to [bus 04]
[    1.799817] pci 0000:00:1c.5:   bridge window [mem 0x90000000-0x900fffff]
[    1.799820] pci 0000:00:1c.5:   bridge window [mem 0x92900000-0x929fffff 64bit pref]
[    1.799824] pci_bus 0000:00: resource 4 [io  0x0000-0x0cf7 window]
[    1.799825] pci_bus 0000:00: resource 5 [io  0x1000-0x4fff window]
[    1.799825] pci_bus 0000:00: resource 6 [mem 0x000a0000-0x000bffff window]
[    1.799826] pci_bus 0000:00: resource 7 [mem 0x000c8000-0x000cffff window]
