2024年 06月 08日 星期六 23:21:06 CST
pgmigrate_success 5958877
pgmigrate_fail 207962116
pgmigrate_dst_node_full_fail 207960064
pgmigrate_numa_isolate_fail 58
pgmigrate_nomem_fail 4
pgmigrate_refcount_fail 1
thp_fault_alloc 85305
thp_fault_fallback 0
thp_collapse_alloc 102
thp_collapse_alloc_failed 11
thp_file_alloc 0
thp_file_mapped 0
thp_split_page 0
thp_split_page_failed 0
thp_deferred_split_page 108270
thp_split_pmd 209
thp_split_pud 0
thp_zero_page_alloc 0
thp_zero_page_alloc_failed 0
thp_swpout 0
thp_swpout_fallback 0
MemTotal:       1087880572 kB
MemFree:        1056385336 kB
MemAvailable:   1054295548 kB
Buffers:            8868 kB
Cached:           395252 kB
SwapCached:            0 kB
Active:           862968 kB
Inactive:         544964 kB
Active(anon):     697164 kB
Inactive(anon):   314308 kB
Active(file):     165804 kB
Inactive(file):   230656 kB
Unevictable:           0 kB
Mlocked:               0 kB
SwapTotal:       2097148 kB
SwapFree:        2097148 kB
Dirty:               892 kB
Writeback:             0 kB
AnonPages:       1005568 kB
Mapped:           391692 kB
Shmem:              6208 kB
KReclaimable:     284008 kB
Slab:             732028 kB
SReclaimable:     284008 kB
SUnreclaim:       448020 kB
KernelStack:       33808 kB
PageTables:        33004 kB
NFS_Unstable:          0 kB
Bounce:                0 kB
WritebackTmp:          0 kB
CommitLimit:    546037432 kB
Committed_AS:    7129980 kB
VmallocTotal:   34359738367 kB
VmallocUsed:      158964 kB
VmallocChunk:          0 kB
Percpu:           121856 kB
HardwareCorrupted:     0 kB
AnonHugePages:     98304 kB
ShmemHugePages:        0 kB
ShmemPmdMapped:        0 kB
CmaTotal:              0 kB
CmaFree:               0 kB
HugePages_Total:       0
HugePages_Free:        0
HugePages_Rsvd:        0
HugePages_Surp:        0
Hugepagesize:       2048 kB
Hugetlb:               0 kB
DirectMap4k:     1095144 kB
DirectMap2M:     8826880 kB
DirectMap1G:    1179648000 kB
2024年 06月 08日 星期六 23:24:45 CST
pgmigrate_success 8111264
pgmigrate_fail 265395207
pgmigrate_dst_node_full_fail 265393152
pgmigrate_numa_isolate_fail 58
pgmigrate_nomem_fail 7
pgmigrate_refcount_fail 2
thp_fault_alloc 102100
thp_fault_fallback 0
thp_collapse_alloc 112
thp_collapse_alloc_failed 12
thp_file_alloc 0
thp_file_mapped 0
thp_split_page 0
thp_split_page_failed 0
thp_deferred_split_page 133439
thp_split_pmd 224
thp_split_pud 0
thp_zero_page_alloc 0
thp_zero_page_alloc_failed 0
thp_swpout 0
thp_swpout_fallback 0
MemTotal:       1087880572 kB
MemFree:        1056091240 kB
MemAvailable:   1054078884 kB
Buffers:           74644 kB
Cached:           446068 kB
SwapCached:            0 kB
Active:           975360 kB
Inactive:         570552 kB
Active(anon):     713240 kB
Inactive(anon):   319420 kB
Active(file):     262120 kB
Inactive(file):   251132 kB
Unevictable:           0 kB
Mlocked:               0 kB
SwapTotal:       2097148 kB
SwapFree:        2097148 kB
Dirty:              1120 kB
Writeback:             0 kB
AnonPages:       1026768 kB
Mapped:           403552 kB
Shmem:              6208 kB
KReclaimable:     322080 kB
Slab:             770716 kB
SReclaimable:     322080 kB
SUnreclaim:       448636 kB
KernelStack:       33808 kB
PageTables:        33688 kB
NFS_Unstable:          0 kB
Bounce:                0 kB
WritebackTmp:          0 kB
CommitLimit:    546037432 kB
Committed_AS:    7176128 kB
VmallocTotal:   34359738367 kB
VmallocUsed:      158932 kB
VmallocChunk:          0 kB
Percpu:           121856 kB
HardwareCorrupted:     0 kB
AnonHugePages:    176128 kB
ShmemHugePages:        0 kB
ShmemPmdMapped:        0 kB
CmaTotal:              0 kB
CmaFree:               0 kB
HugePages_Total:       0
HugePages_Free:        0
HugePages_Rsvd:        0
HugePages_Surp:        0
Hugepagesize:       2048 kB
Hugetlb:               0 kB
DirectMap4k:     1095144 kB
DirectMap2M:     8826880 kB
DirectMap1G:    1179648000 kB
