2024年 06月 05日 星期三 16:53:40 CST
pgmigrate_success 7149704
pgmigrate_fail 193821715
pgmigrate_dst_node_full_fail 193821696
pgmigrate_numa_isolate_fail 54
pgmigrate_nomem_fail 0
pgmigrate_refcount_fail 194
thp_fault_alloc 82407
thp_fault_fallback 0
thp_collapse_alloc 1114
thp_collapse_alloc_failed 0
thp_file_alloc 0
thp_file_mapped 0
thp_split_page 27
thp_split_page_failed 0
thp_deferred_split_page 110045
thp_split_pmd 289
thp_split_pud 0
thp_zero_page_alloc 1
thp_zero_page_alloc_failed 0
thp_swpout 0
thp_swpout_fallback 0
MemTotal:       561495428 kB
MemFree:        542121560 kB
MemAvailable:   541191876 kB
Buffers:            6420 kB
Cached:           583808 kB
SwapCached:            0 kB
Active:          2144952 kB
Inactive:         428212 kB
Active(anon):    1983428 kB
Inactive(anon):    36088 kB
Active(file):     161524 kB
Inactive(file):   392124 kB
Unevictable:          16 kB
Mlocked:              16 kB
SwapTotal:       2097148 kB
SwapFree:        2097148 kB
Dirty:               464 kB
Writeback:             0 kB
AnonPages:       1983388 kB
Mapped:           580076 kB
Shmem:             36124 kB
KReclaimable:     296436 kB
Slab:             757992 kB
SReclaimable:     296436 kB
SUnreclaim:       461556 kB
KernelStack:       41156 kB
PageTables:        61796 kB
NFS_Unstable:          0 kB
Bounce:                0 kB
WritebackTmp:          0 kB
CommitLimit:    282844860 kB
Committed_AS:   11557076 kB
VmallocTotal:   34359738367 kB
VmallocUsed:      166376 kB
VmallocChunk:          0 kB
Percpu:           122752 kB
HardwareCorrupted:     0 kB
AnonHugePages:    743424 kB
ShmemHugePages:        0 kB
ShmemPmdMapped:        0 kB
CmaTotal:              0 kB
CmaFree:               0 kB
HugePages_Total:       0
HugePages_Free:        0
HugePages_Rsvd:        0
HugePages_Surp:        0
Hugepagesize:       2048 kB
Hugetlb:               0 kB
DirectMap4k:     1035752 kB
DirectMap2M:     8886272 kB
DirectMap1G:    653262848 kB
2024年 06月 05日 星期三 16:56:40 CST
pgmigrate_success 10275092
pgmigrate_fail 237959187
pgmigrate_dst_node_full_fail 237959168
pgmigrate_numa_isolate_fail 54
pgmigrate_nomem_fail 0
pgmigrate_refcount_fail 194
thp_fault_alloc 99076
thp_fault_fallback 0
thp_collapse_alloc 1116
thp_collapse_alloc_failed 0
thp_file_alloc 0
thp_file_mapped 0
thp_split_page 27
thp_split_page_failed 0
thp_deferred_split_page 138891
thp_split_pmd 312
thp_split_pud 0
thp_zero_page_alloc 1
thp_zero_page_alloc_failed 0
thp_swpout 0
thp_swpout_fallback 0
MemTotal:       561495428 kB
MemFree:        541834988 kB
MemAvailable:   540982736 kB
Buffers:           74608 kB
Cached:           638516 kB
SwapCached:            0 kB
Active:          2262376 kB
Inactive:         454288 kB
Active(anon):    2004100 kB
Inactive(anon):    36088 kB
Active(file):     258276 kB
Inactive(file):   418200 kB
Unevictable:          16 kB
Mlocked:              16 kB
SwapTotal:       2097148 kB
SwapFree:        2097148 kB
Dirty:               448 kB
Writeback:             0 kB
AnonPages:       2004492 kB
Mapped:           591764 kB
Shmem:             36124 kB
KReclaimable:     328472 kB
Slab:             791628 kB
SReclaimable:     328472 kB
SUnreclaim:       463156 kB
KernelStack:       41216 kB
PageTables:        62524 kB
NFS_Unstable:          0 kB
Bounce:                0 kB
WritebackTmp:          0 kB
CommitLimit:    282844860 kB
Committed_AS:   11494960 kB
VmallocTotal:   34359738367 kB
VmallocUsed:      166280 kB
VmallocChunk:          0 kB
Percpu:           122752 kB
HardwareCorrupted:     0 kB
AnonHugePages:    804864 kB
ShmemHugePages:        0 kB
ShmemPmdMapped:        0 kB
CmaTotal:              0 kB
CmaFree:               0 kB
HugePages_Total:       0
HugePages_Free:        0
HugePages_Rsvd:        0
HugePages_Surp:        0
Hugepagesize:       2048 kB
Hugetlb:               0 kB
DirectMap4k:     1035752 kB
DirectMap2M:     8886272 kB
DirectMap1G:    653262848 kB
