pgmigrate_success 7129154
pgmigrate_fail 1536890
thp_migration_success 12491
thp_migration_fail 0
thp_migration_split 0
thp_fault_alloc 35986
thp_fault_fallback 0
thp_fault_fallback_charge 0
thp_collapse_alloc 39
thp_collapse_alloc_failed 0
thp_file_alloc 0
thp_file_fallback 0
thp_file_fallback_charge 0
thp_file_mapped 0
thp_split_page 0
thp_split_page_failed 0
thp_deferred_split_page 654
thp_split_pmd 654
thp_split_pud 0
thp_zero_page_alloc 0
thp_zero_page_alloc_failed 0
thp_swpout 0
thp_swpout_fallback 0
htmm_nr_promoted 0
htmm_nr_demoted 7128921
htmm_nr_sampled 0
htmm_missed_dramread 0
htmm_missed_nvmread 0
htmm_missed_write 0
htmm_alloc_dram 10718833
htmm_alloc_nvm 14979951
MemTotal:       1184205836 kB
MemFree:        1161026136 kB
MemAvailable:   1161131980 kB
Buffers:          241100 kB
Cached:          3742860 kB
SwapCached:            0 kB
Active:          2769924 kB
Inactive:        2699676 kB
Active(anon):          0 kB
Inactive(anon):  1491848 kB
Active(file):    2769924 kB
Inactive(file):  1207828 kB
Unevictable:           0 kB
Mlocked:               0 kB
SwapTotal:       2097148 kB
SwapFree:        2097148 kB
Dirty:                48 kB
Writeback:             0 kB
AnonPages:        652544 kB
Mapped:           383584 kB
Shmem:              6200 kB
KReclaimable:     441420 kB
Slab:             837816 kB
SReclaimable:     441420 kB
SUnreclaim:       396396 kB
KernelStack:       31616 kB
PageTables:        31064 kB
NFS_Unstable:          0 kB
Bounce:                0 kB
WritebackTmp:          0 kB
CommitLimit:    594200064 kB
Committed_AS:    6609536 kB
VmallocTotal:   34359738367 kB
VmallocUsed:      200204 kB
VmallocChunk:          0 kB
Percpu:           125888 kB
HardwareCorrupted:     0 kB
AnonHugePages:     73728 kB
ShmemHugePages:        0 kB
ShmemPmdMapped:        0 kB
FileHugePages:         0 kB
FilePmdMapped:         0 kB
CmaTotal:              0 kB
CmaFree:               0 kB
HugePages_Total:       0
HugePages_Free:        0
HugePages_Rsvd:        0
HugePages_Surp:        0
Hugepagesize:       2048 kB
Hugetlb:               0 kB
DirectMap4k:      744936 kB
DirectMap2M:     8128512 kB
DirectMap1G:    1180696576 kB
