2024年 05月 18日 星期六 16:24:18 CST
pgmigrate_success 11566092
pgmigrate_fail 53378064
pgmigrate_dst_node_full_fail 53335554
pgmigrate_numa_isolate_fail 0
pgmigrate_nomem_fail 5
pgmigrate_refcount_fail 6144
thp_fault_alloc 93265
thp_fault_fallback 0
thp_collapse_alloc 36
thp_collapse_alloc_failed 0
thp_file_alloc 0
thp_file_mapped 0
thp_split_page 1
thp_split_page_failed 0
thp_deferred_split_page 136572
thp_split_pmd 15
thp_split_pud 0
thp_zero_page_alloc 5
thp_zero_page_alloc_failed 0
thp_swpout 0
thp_swpout_fallback 0
MemTotal:       1107011948 kB
MemFree:        1076111128 kB
MemAvailable:   1073899444 kB
Buffers:           29404 kB
Cached:           372832 kB
SwapCached:            0 kB
Active:           486332 kB
Inactive:         509636 kB
Active(anon):     277848 kB
Inactive(anon):   323136 kB
Active(file):     208484 kB
Inactive(file):   186500 kB
Unevictable:           0 kB
Mlocked:               0 kB
SwapTotal:       2097148 kB
SwapFree:        2096636 kB
Dirty:               768 kB
Writeback:             0 kB
AnonPages:        594900 kB
Mapped:           368492 kB
Shmem:              6160 kB
KReclaimable:     267692 kB
Slab:             633108 kB
SReclaimable:     267692 kB
SUnreclaim:       365416 kB
KernelStack:       33280 kB
PageTables:        28356 kB
NFS_Unstable:          0 kB
Bounce:                0 kB
WritebackTmp:          0 kB
CommitLimit:    555603120 kB
Committed_AS:    6583156 kB
VmallocTotal:   34359738367 kB
VmallocUsed:      158396 kB
VmallocChunk:          0 kB
Percpu:           121856 kB
HardwareCorrupted:     0 kB
AnonHugePages:     14336 kB
ShmemHugePages:        0 kB
ShmemPmdMapped:        0 kB
CmaTotal:              0 kB
CmaFree:               0 kB
HugePages_Total:       0
HugePages_Free:        0
HugePages_Rsvd:        0
HugePages_Surp:        0
Hugepagesize:       2048 kB
Hugetlb:               0 kB
DirectMap4k:     1109480 kB
DirectMap2M:     8812544 kB
DirectMap1G:    1179648000 kB
2024年 05月 18日 星期六 16:26:55 CST
pgmigrate_success 12563792
pgmigrate_fail 62264338
pgmigrate_dst_node_full_fail 62180354
pgmigrate_numa_isolate_fail 0
pgmigrate_nomem_fail 7
pgmigrate_refcount_fail 6144
thp_fault_alloc 153870
thp_fault_fallback 0
thp_collapse_alloc 44
thp_collapse_alloc_failed 1
thp_file_alloc 0
thp_file_mapped 0
thp_split_page 1
thp_split_page_failed 0
thp_deferred_split_page 199124
thp_split_pmd 23
thp_split_pud 0
thp_zero_page_alloc 9
thp_zero_page_alloc_failed 0
thp_swpout 0
thp_swpout_fallback 0
MemTotal:       1107011948 kB
MemFree:        1061885540 kB
MemAvailable:   1072885184 kB
Buffers:           53384 kB
Cached:         14567688 kB
SwapCached:            0 kB
Active:           523800 kB
Inactive:       14693656 kB
Active(anon):     279240 kB
Inactive(anon):   323624 kB
Active(file):     244560 kB
Inactive(file): 14370032 kB
Unevictable:           0 kB
Mlocked:               0 kB
SwapTotal:       2097148 kB
SwapFree:        2096380 kB
Dirty:                 0 kB
Writeback:             0 kB
AnonPages:        597212 kB
Mapped:           358316 kB
Shmem:              6160 kB
KReclaimable:     340468 kB
Slab:             706208 kB
SReclaimable:     340468 kB
SUnreclaim:       365740 kB
KernelStack:       33520 kB
PageTables:        28792 kB
NFS_Unstable:          0 kB
Bounce:                0 kB
WritebackTmp:          0 kB
CommitLimit:    555603120 kB
Committed_AS:    6598484 kB
VmallocTotal:   34359738367 kB
VmallocUsed:      158444 kB
VmallocChunk:          0 kB
Percpu:           121856 kB
HardwareCorrupted:     0 kB
AnonHugePages:    272384 kB
ShmemHugePages:        0 kB
ShmemPmdMapped:        0 kB
CmaTotal:              0 kB
CmaFree:               0 kB
HugePages_Total:       0
HugePages_Free:        0
HugePages_Rsvd:        0
HugePages_Surp:        0
Hugepagesize:       2048 kB
Hugetlb:               0 kB
DirectMap4k:     1109480 kB
DirectMap2M:     8812544 kB
DirectMap1G:    1179648000 kB
