[    0.000000] Linux version 5.15.0-tiering-0.8 (xmu@xmu-PowerEdge-R750) (gcc (Ubuntu 8.4.0-1ubuntu1~18.04) 8.4.0, GNU ld (GNU Binutils for Ubuntu) 2.30) #1 SMP Thu Apr 18 19:37:58 CST 2024
[    0.000000] Command line: BOOT_IMAGE=/boot/vmlinuz-5.15.0-tiering-0.8 root=UUID=ce0c24b8-724b-4f33-9b2c-618433560aef ro memmap=43229M!4096M memmap=59G!64G quiet splash nomodeset vt.handoff=1
[    0.000000] KERNEL supported cpus:
[    0.000000]   Intel GenuineIntel
[    0.000000]   AMD AuthenticAMD
[    0.000000]   Hygon HygonGenuine
[    0.000000]   Centaur CentaurHauls
[    0.000000]   zhaoxin   Shanghai  
[    0.000000] x86/split lock detection: #AC: crashing the kernel on kernel split_locks and warning on user-space split_locks
[    0.000000] x86/fpu: Supporting XSAVE feature 0x001: 'x87 floating point registers'
[    0.000000] x86/fpu: Supporting XSAVE feature 0x002: 'SSE registers'
[    0.000000] x86/fpu: Supporting XSAVE feature 0x004: 'AVX registers'
[    0.000000] x86/fpu: Supporting XSAVE feature 0x020: 'AVX-512 opmask'
[    0.000000] x86/fpu: Supporting XSAVE feature 0x040: 'AVX-512 Hi256'
[    0.000000] x86/fpu: Supporting XSAVE feature 0x080: 'AVX-512 ZMM_Hi256'
[    0.000000] x86/fpu: Supporting XSAVE feature 0x200: 'Protection Keys User registers'
[    0.000000] x86/fpu: xstate_offset[2]:  576, xstate_sizes[2]:  256
[    0.000000] x86/fpu: xstate_offset[5]:  832, xstate_sizes[5]:   64
[    0.000000] x86/fpu: xstate_offset[6]:  896, xstate_sizes[6]:  512
[    0.000000] x86/fpu: xstate_offset[7]: 1408, xstate_sizes[7]: 1024
[    0.000000] x86/fpu: xstate_offset[9]: 2432, xstate_sizes[9]:    8
[    0.000000] x86/fpu: Enabled xstate features 0x2e7, context size is 2440 bytes, using 'compacted' format.
[    0.000000] signal: max sigframe size: 3632
[    0.000000] BIOS-provided physical RAM map:
[    0.000000] BIOS-e820: [mem 0x0000000000000000-0x000000000008efff] usable
[    0.000000] BIOS-e820: [mem 0x000000000008f000-0x000000000008ffff] reserved
[    0.000000] BIOS-e820: [mem 0x0000000000090000-0x000000000009ffff] usable
[    0.000000] BIOS-e820: [mem 0x00000000000a0000-0x00000000000fffff] reserved
[    0.000000] BIOS-e820: [mem 0x0000000000100000-0x0000000049e76fff] usable
[    0.000000] BIOS-e820: [mem 0x0000000049e77000-0x000000004ae76fff] ACPI NVS
[    0.000000] BIOS-e820: [mem 0x000000004ae77000-0x000000004b2cefff] usable
[    0.000000] BIOS-e820: [mem 0x000000004b2cf000-0x000000004b54dfff] ACPI data
[    0.000000] BIOS-e820: [mem 0x000000004b54e000-0x000000004bd93fff] usable
[    0.000000] BIOS-e820: [mem 0x000000004bd94000-0x000000004be99fff] reserved
[    0.000000] BIOS-e820: [mem 0x000000004be9a000-0x000000004cdfffff] usable
[    0.000000] BIOS-e820: [mem 0x000000004ce00000-0x000000004cffffff] reserved
[    0.000000] BIOS-e820: [mem 0x000000004d000000-0x000000005eefdfff] usable
[    0.000000] BIOS-e820: [mem 0x000000005eefe000-0x000000006e3fefff] reserved
[    0.000000] BIOS-e820: [mem 0x000000006e3ff000-0x000000006f3fefff] ACPI NVS
[    0.000000] BIOS-e820: [mem 0x000000006f3ff000-0x000000006f7fefff] ACPI data
[    0.000000] BIOS-e820: [mem 0x000000006f7ff000-0x000000006f7fffff] usable
[    0.000000] BIOS-e820: [mem 0x000000006f800000-0x000000008fffffff] reserved
[    0.000000] BIOS-e820: [mem 0x00000000fe000000-0x00000000fe010fff] reserved
[    0.000000] BIOS-e820: [mem 0x0000000100000000-0x000000207fffffff] usable
[    0.000000] BIOS-e820: [mem 0x0000002080000000-0x0000011c7fffffff] persistent (type 7)
[    0.000000] BIOS-e820: [mem 0x00001ffc00000000-0x00001fffffffffff] reserved
[    0.000000] NX (Execute Disable) protection: active
[    0.000000] e820: update [mem 0x46d5d020-0x46d6505f] usable ==> usable
[    0.000000] e820: update [mem 0x46d5d020-0x46d6505f] usable ==> usable
[    0.000000] e820: update [mem 0x46d2a020-0x46d5cc5f] usable ==> usable
[    0.000000] e820: update [mem 0x46d2a020-0x46d5cc5f] usable ==> usable
[    0.000000] e820: update [mem 0x46cf7020-0x46d29c5f] usable ==> usable
[    0.000000] e820: update [mem 0x46cf7020-0x46d29c5f] usable ==> usable
[    0.000000] e820: update [mem 0x46cc5020-0x46cf6a5f] usable ==> usable
[    0.000000] e820: update [mem 0x46cc5020-0x46cf6a5f] usable ==> usable
[    0.000000] extended physical RAM map:
[    0.000000] reserve setup_data: [mem 0x0000000000000000-0x000000000008efff] usable
[    0.000000] reserve setup_data: [mem 0x000000000008f000-0x000000000008ffff] reserved
[    0.000000] reserve setup_data: [mem 0x0000000000090000-0x000000000009ffff] usable
[    0.000000] reserve setup_data: [mem 0x00000000000a0000-0x00000000000fffff] reserved
[    0.000000] reserve setup_data: [mem 0x0000000000100000-0x0000000046cc501f] usable
[    0.000000] reserve setup_data: [mem 0x0000000046cc5020-0x0000000046cf6a5f] usable
[    0.000000] reserve setup_data: [mem 0x0000000046cf6a60-0x0000000046cf701f] usable
[    0.000000] reserve setup_data: [mem 0x0000000046cf7020-0x0000000046d29c5f] usable
[    0.000000] reserve setup_data: [mem 0x0000000046d29c60-0x0000000046d2a01f] usable
[    0.000000] reserve setup_data: [mem 0x0000000046d2a020-0x0000000046d5cc5f] usable
[    0.000000] reserve setup_data: [mem 0x0000000046d5cc60-0x0000000046d5d01f] usable
[    0.000000] reserve setup_data: [mem 0x0000000046d5d020-0x0000000046d6505f] usable
[    0.000000] reserve setup_data: [mem 0x0000000046d65060-0x0000000049e76fff] usable
[    0.000000] reserve setup_data: [mem 0x0000000049e77000-0x000000004ae76fff] ACPI NVS
[    0.000000] reserve setup_data: [mem 0x000000004ae77000-0x000000004b2cefff] usable
[    0.000000] reserve setup_data: [mem 0x000000004b2cf000-0x000000004b54dfff] ACPI data
[    0.000000] reserve setup_data: [mem 0x000000004b54e000-0x000000004bd93fff] usable
[    0.000000] reserve setup_data: [mem 0x000000004bd94000-0x000000004be99fff] reserved
[    0.000000] reserve setup_data: [mem 0x000000004be9a000-0x000000004cdfffff] usable
[    0.000000] reserve setup_data: [mem 0x000000004ce00000-0x000000004cffffff] reserved
[    0.000000] reserve setup_data: [mem 0x000000004d000000-0x000000005eefdfff] usable
[    0.000000] reserve setup_data: [mem 0x000000005eefe000-0x000000006e3fefff] reserved
[    0.000000] reserve setup_data: [mem 0x000000006e3ff000-0x000000006f3fefff] ACPI NVS
[    0.000000] reserve setup_data: [mem 0x000000006f3ff000-0x000000006f7fefff] ACPI data
[    0.000000] reserve setup_data: [mem 0x000000006f7ff000-0x000000006f7fffff] usable
[    0.000000] reserve setup_data: [mem 0x000000006f800000-0x000000008fffffff] reserved
[    0.000000] reserve setup_data: [mem 0x00000000fe000000-0x00000000fe010fff] reserved
[    0.000000] reserve setup_data: [mem 0x0000000100000000-0x0000000b8dcfffff] persistent (type 12)
[    0.000000] reserve setup_data: [mem 0x0000000b8dd00000-0x0000000fffffffff] usable
[    0.000000] reserve setup_data: [mem 0x0000001000000000-0x0000001ebfffffff] persistent (type 12)
[    0.000000] reserve setup_data: [mem 0x0000001ec0000000-0x000000207fffffff] usable
[    0.000000] reserve setup_data: [mem 0x0000002080000000-0x0000011c7fffffff] persistent (type 7)
[    0.000000] reserve setup_data: [mem 0x00001ffc00000000-0x00001fffffffffff] reserved
[    0.000000] user-defined physical RAM map:
[    0.000000] user: [mem 0x0000000000000000-0x000000000008efff] usable
[    0.000000] user: [mem 0x000000000008f000-0x000000000008ffff] reserved
[    0.000000] user: [mem 0x0000000000090000-0x000000000009ffff] usable
[    0.000000] user: [mem 0x00000000000a0000-0x00000000000fffff] reserved
[    0.000000] user: [mem 0x0000000000100000-0x0000000046cc501f] usable
[    0.000000] user: [mem 0x0000000046cc5020-0x0000000046cf6a5f] usable
[    0.000000] user: [mem 0x0000000046cf6a60-0x0000000046cf701f] usable
[    0.000000] user: [mem 0x0000000046cf7020-0x0000000046d29c5f] usable
[    0.000000] user: [mem 0x0000000046d29c60-0x0000000046d2a01f] usable
[    0.000000] user: [mem 0x0000000046d2a020-0x0000000046d5cc5f] usable
[    0.000000] user: [mem 0x0000000046d5cc60-0x0000000046d5d01f] usable
[    0.000000] user: [mem 0x0000000046d5d020-0x0000000046d6505f] usable
[    0.000000] user: [mem 0x0000000046d65060-0x0000000049e76fff] usable
[    0.000000] user: [mem 0x0000000049e77000-0x000000004ae76fff] ACPI NVS
[    0.000000] user: [mem 0x000000004ae77000-0x000000004b2cefff] usable
[    0.000000] user: [mem 0x000000004b2cf000-0x000000004b54dfff] ACPI data
[    0.000000] user: [mem 0x000000004b54e000-0x000000004bd93fff] usable
[    0.000000] user: [mem 0x000000004bd94000-0x000000004be99fff] reserved
[    0.000000] user: [mem 0x000000004be9a000-0x000000004cdfffff] usable
[    0.000000] user: [mem 0x000000004ce00000-0x000000004cffffff] reserved
[    0.000000] user: [mem 0x000000004d000000-0x000000005eefdfff] usable
[    0.000000] user: [mem 0x000000005eefe000-0x000000006e3fefff] reserved
[    0.000000] user: [mem 0x000000006e3ff000-0x000000006f3fefff] ACPI NVS
[    0.000000] user: [mem 0x000000006f3ff000-0x000000006f7fefff] ACPI data
[    0.000000] user: [mem 0x000000006f7ff000-0x000000006f7fffff] usable
[    0.000000] user: [mem 0x000000006f800000-0x000000008fffffff] reserved
[    0.000000] user: [mem 0x00000000fe000000-0x00000000fe010fff] reserved
[    0.000000] user: [mem 0x0000000100000000-0x0000000b8dcfffff] persistent (type 12)
[    0.000000] user: [mem 0x0000000b8dd00000-0x0000000fffffffff] usable
[    0.000000] user: [mem 0x0000001000000000-0x0000001ebfffffff] persistent (type 12)
[    0.000000] user: [mem 0x0000001ec0000000-0x000000207fffffff] usable
[    0.000000] user: [mem 0x0000002080000000-0x0000011c7fffffff] persistent (type 7)
[    0.000000] user: [mem 0x00001ffc00000000-0x00001fffffffffff] reserved
[    0.000000] efi: EFI v2.70 by Dell Inc.
[    0.000000] efi: ACPI=0x6f7fe000 ACPI 2.0=0x6f7fe014 MEMATTR=0x5b070020 SMBIOS=0x69526000 SMBIOS 3.0=0x69524000 MOKvar=0x5ef81000 RNG=0x5ef8a920 
[    0.000000] efi: seeding entropy pool
[    0.000000] random: fast init done
[    0.000000] SMBIOS 3.3.0 present.
[    0.000000] DMI: Dell Inc. PowerEdge R750/0K8F35, BIOS 1.10.2 03/03/2023
[    0.000000] tsc: Detected 2000.000 MHz processor
[    0.000006] e820: update [mem 0x00000000-0x00000fff] usable ==> reserved
[    0.000009] e820: remove [mem 0x000a0000-0x000fffff] usable
[    0.000017] last_pfn = 0x2080000 max_arch_pfn = 0x400000000
[    0.000194] x86/PAT: Configuration [0-7]: WB  WC  UC- UC  WB  WP  UC- WT  
[    0.002806] total RAM covered: 2095088M
[    0.002889]  gran_size: 64K 	chunk_size: 64K 	num_reg: 10  	lose cover RAM: 2016G
[    0.002892]  gran_size: 64K 	chunk_size: 128K 	num_reg: 10  	lose cover RAM: 2016G
[    0.002894]  gran_size: 64K 	chunk_size: 256K 	num_reg: 10  	lose cover RAM: 2016G
[    0.002895]  gran_size: 64K 	chunk_size: 512K 	num_reg: 10  	lose cover RAM: 2016G
[    0.002897]  gran_size: 64K 	chunk_size: 1M 	num_reg: 10  	lose cover RAM: 2016G
[    0.002898]  gran_size: 64K 	chunk_size: 2M 	num_reg: 10  	lose cover RAM: 2016G
[    0.002900]  gran_size: 64K 	chunk_size: 4M 	num_reg: 10  	lose cover RAM: 2016G
[    0.002901]  gran_size: 64K 	chunk_size: 8M 	num_reg: 10  	lose cover RAM: 2016G
[    0.002902]  gran_size: 64K 	chunk_size: 16M 	num_reg: 10  	lose cover RAM: 2016G
[    0.002903]  gran_size: 64K 	chunk_size: 32M 	num_reg: 10  	lose cover RAM: 1024G
[    0.002905]  gran_size: 64K 	chunk_size: 64M 	num_reg: 10  	lose cover RAM: 1024G
[    0.002906]  gran_size: 64K 	chunk_size: 128M 	num_reg: 10  	lose cover RAM: 1024G
[    0.002907]  gran_size: 64K 	chunk_size: 256M 	num_reg: 10  	lose cover RAM: 1024G
[    0.002908]  gran_size: 64K 	chunk_size: 512M 	num_reg: 10  	lose cover RAM: 1024G
[    0.002910]  gran_size: 64K 	chunk_size: 1G 	num_reg: 10  	lose cover RAM: 1024G
[    0.002911]  gran_size: 64K 	chunk_size: 2G 	num_reg: 10  	lose cover RAM: 1024G
[    0.002912]  gran_size: 128K 	chunk_size: 128K 	num_reg: 10  	lose cover RAM: 2016G
[    0.002914]  gran_size: 128K 	chunk_size: 256K 	num_reg: 10  	lose cover RAM: 2016G
[    0.002915]  gran_size: 128K 	chunk_size: 512K 	num_reg: 10  	lose cover RAM: 2016G
[    0.002916]  gran_size: 128K 	chunk_size: 1M 	num_reg: 10  	lose cover RAM: 2016G
[    0.002917]  gran_size: 128K 	chunk_size: 2M 	num_reg: 10  	lose cover RAM: 2016G
[    0.002919]  gran_size: 128K 	chunk_size: 4M 	num_reg: 10  	lose cover RAM: 2016G
[    0.002920]  gran_size: 128K 	chunk_size: 8M 	num_reg: 10  	lose cover RAM: 2016G
[    0.002921]  gran_size: 128K 	chunk_size: 16M 	num_reg: 10  	lose cover RAM: 2016G
[    0.002922]  gran_size: 128K 	chunk_size: 32M 	num_reg: 10  	lose cover RAM: 1024G
[    0.002924]  gran_size: 128K 	chunk_size: 64M 	num_reg: 10  	lose cover RAM: 1024G
[    0.002925]  gran_size: 128K 	chunk_size: 128M 	num_reg: 10  	lose cover RAM: 1024G
[    0.002926]  gran_size: 128K 	chunk_size: 256M 	num_reg: 10  	lose cover RAM: 1024G
[    0.002927]  gran_size: 128K 	chunk_size: 512M 	num_reg: 10  	lose cover RAM: 1024G
[    0.002929]  gran_size: 128K 	chunk_size: 1G 	num_reg: 10  	lose cover RAM: 1024G
[    0.002930]  gran_size: 128K 	chunk_size: 2G 	num_reg: 10  	lose cover RAM: 1024G
[    0.002931]  gran_size: 256K 	chunk_size: 256K 	num_reg: 10  	lose cover RAM: 2016G
[    0.002933]  gran_size: 256K 	chunk_size: 512K 	num_reg: 10  	lose cover RAM: 2016G
[    0.002934]  gran_size: 256K 	chunk_size: 1M 	num_reg: 10  	lose cover RAM: 2016G
[    0.002935]  gran_size: 256K 	chunk_size: 2M 	num_reg: 10  	lose cover RAM: 2016G
[    0.002937]  gran_size: 256K 	chunk_size: 4M 	num_reg: 10  	lose cover RAM: 2016G
[    0.002938]  gran_size: 256K 	chunk_size: 8M 	num_reg: 10  	lose cover RAM: 2016G
[    0.002939]  gran_size: 256K 	chunk_size: 16M 	num_reg: 10  	lose cover RAM: 2016G
[    0.002940]  gran_size: 256K 	chunk_size: 32M 	num_reg: 10  	lose cover RAM: 1024G
[    0.002942]  gran_size: 256K 	chunk_size: 64M 	num_reg: 10  	lose cover RAM: 1024G
[    0.002943]  gran_size: 256K 	chunk_size: 128M 	num_reg: 10  	lose cover RAM: 1024G
[    0.002944]  gran_size: 256K 	chunk_size: 256M 	num_reg: 10  	lose cover RAM: 1024G
[    0.002945]  gran_size: 256K 	chunk_size: 512M 	num_reg: 10  	lose cover RAM: 1024G
[    0.002947]  gran_size: 256K 	chunk_size: 1G 	num_reg: 10  	lose cover RAM: 1024G
[    0.002948]  gran_size: 256K 	chunk_size: 2G 	num_reg: 10  	lose cover RAM: 1024G
[    0.002950]  gran_size: 512K 	chunk_size: 512K 	num_reg: 10  	lose cover RAM: 2016G
[    0.002951]  gran_size: 512K 	chunk_size: 1M 	num_reg: 10  	lose cover RAM: 2016G
[    0.002952]  gran_size: 512K 	chunk_size: 2M 	num_reg: 10  	lose cover RAM: 2016G
[    0.002954]  gran_size: 512K 	chunk_size: 4M 	num_reg: 10  	lose cover RAM: 2016G
[    0.002955]  gran_size: 512K 	chunk_size: 8M 	num_reg: 10  	lose cover RAM: 2016G
[    0.002956]  gran_size: 512K 	chunk_size: 16M 	num_reg: 10  	lose cover RAM: 2016G
[    0.002958]  gran_size: 512K 	chunk_size: 32M 	num_reg: 10  	lose cover RAM: 1024G
[    0.002959]  gran_size: 512K 	chunk_size: 64M 	num_reg: 10  	lose cover RAM: 1024G
[    0.002960]  gran_size: 512K 	chunk_size: 128M 	num_reg: 10  	lose cover RAM: 1024G
[    0.002961]  gran_size: 512K 	chunk_size: 256M 	num_reg: 10  	lose cover RAM: 1024G
[    0.002963]  gran_size: 512K 	chunk_size: 512M 	num_reg: 10  	lose cover RAM: 1024G
[    0.002964]  gran_size: 512K 	chunk_size: 1G 	num_reg: 10  	lose cover RAM: 1024G
[    0.002965]  gran_size: 512K 	chunk_size: 2G 	num_reg: 10  	lose cover RAM: 1024G
[    0.002966]  gran_size: 1M 	chunk_size: 1M 	num_reg: 10  	lose cover RAM: 2016G
[    0.002968]  gran_size: 1M 	chunk_size: 2M 	num_reg: 10  	lose cover RAM: 2016G
[    0.002969]  gran_size: 1M 	chunk_size: 4M 	num_reg: 10  	lose cover RAM: 2016G
[    0.002970]  gran_size: 1M 	chunk_size: 8M 	num_reg: 10  	lose cover RAM: 2016G
[    0.002971]  gran_size: 1M 	chunk_size: 16M 	num_reg: 10  	lose cover RAM: 2016G
[    0.002973]  gran_size: 1M 	chunk_size: 32M 	num_reg: 10  	lose cover RAM: 1024G
[    0.002974]  gran_size: 1M 	chunk_size: 64M 	num_reg: 10  	lose cover RAM: 1024G
[    0.002975]  gran_size: 1M 	chunk_size: 128M 	num_reg: 10  	lose cover RAM: 1024G
[    0.002977]  gran_size: 1M 	chunk_size: 256M 	num_reg: 10  	lose cover RAM: 1024G
[    0.002978]  gran_size: 1M 	chunk_size: 512M 	num_reg: 10  	lose cover RAM: 1024G
[    0.002979]  gran_size: 1M 	chunk_size: 1G 	num_reg: 10  	lose cover RAM: 1024G
[    0.002980]  gran_size: 1M 	chunk_size: 2G 	num_reg: 10  	lose cover RAM: 1024G
[    0.002982]  gran_size: 2M 	chunk_size: 2M 	num_reg: 10  	lose cover RAM: 2016G
[    0.002983]  gran_size: 2M 	chunk_size: 4M 	num_reg: 10  	lose cover RAM: 2016G
[    0.002984]  gran_size: 2M 	chunk_size: 8M 	num_reg: 10  	lose cover RAM: 2016G
[    0.002985]  gran_size: 2M 	chunk_size: 16M 	num_reg: 10  	lose cover RAM: 2016G
[    0.002987]  gran_size: 2M 	chunk_size: 32M 	num_reg: 10  	lose cover RAM: 1024G
[    0.002988]  gran_size: 2M 	chunk_size: 64M 	num_reg: 10  	lose cover RAM: 1024G
[    0.002989]  gran_size: 2M 	chunk_size: 128M 	num_reg: 10  	lose cover RAM: 1024G
[    0.002991]  gran_size: 2M 	chunk_size: 256M 	num_reg: 10  	lose cover RAM: 1024G
[    0.002992]  gran_size: 2M 	chunk_size: 512M 	num_reg: 10  	lose cover RAM: 1024G
[    0.002993]  gran_size: 2M 	chunk_size: 1G 	num_reg: 10  	lose cover RAM: 1024G
[    0.002995]  gran_size: 2M 	chunk_size: 2G 	num_reg: 10  	lose cover RAM: 1024G
[    0.002996]  gran_size: 4M 	chunk_size: 4M 	num_reg: 10  	lose cover RAM: 2016G
[    0.002997]  gran_size: 4M 	chunk_size: 8M 	num_reg: 10  	lose cover RAM: 2016G
[    0.002998]  gran_size: 4M 	chunk_size: 16M 	num_reg: 10  	lose cover RAM: 2016G
[    0.003000]  gran_size: 4M 	chunk_size: 32M 	num_reg: 10  	lose cover RAM: 1024G
[    0.003001]  gran_size: 4M 	chunk_size: 64M 	num_reg: 10  	lose cover RAM: 1024G
[    0.003002]  gran_size: 4M 	chunk_size: 128M 	num_reg: 10  	lose cover RAM: 1024G
[    0.003003]  gran_size: 4M 	chunk_size: 256M 	num_reg: 10  	lose cover RAM: 1024G
[    0.003005]  gran_size: 4M 	chunk_size: 512M 	num_reg: 10  	lose cover RAM: 1024G
[    0.003006]  gran_size: 4M 	chunk_size: 1G 	num_reg: 10  	lose cover RAM: 1024G
[    0.003007]  gran_size: 4M 	chunk_size: 2G 	num_reg: 10  	lose cover RAM: 1024G
[    0.003008]  gran_size: 8M 	chunk_size: 8M 	num_reg: 10  	lose cover RAM: 2016G
[    0.003010]  gran_size: 8M 	chunk_size: 16M 	num_reg: 10  	lose cover RAM: 2016G
[    0.003011]  gran_size: 8M 	chunk_size: 32M 	num_reg: 10  	lose cover RAM: 1024G
[    0.003012]  gran_size: 8M 	chunk_size: 64M 	num_reg: 10  	lose cover RAM: 1024G
[    0.003013]  gran_size: 8M 	chunk_size: 128M 	num_reg: 10  	lose cover RAM: 1024G
[    0.003015]  gran_size: 8M 	chunk_size: 256M 	num_reg: 10  	lose cover RAM: 1024G
[    0.003016]  gran_size: 8M 	chunk_size: 512M 	num_reg: 10  	lose cover RAM: 1024G
[    0.003017]  gran_size: 8M 	chunk_size: 1G 	num_reg: 10  	lose cover RAM: 1024G
[    0.003019]  gran_size: 8M 	chunk_size: 2G 	num_reg: 10  	lose cover RAM: 1024G
[    0.003020]  gran_size: 16M 	chunk_size: 16M 	num_reg: 10  	lose cover RAM: 2016G
[    0.003021]  gran_size: 16M 	chunk_size: 32M 	num_reg: 10  	lose cover RAM: 1024G
[    0.003023]  gran_size: 16M 	chunk_size: 64M 	num_reg: 10  	lose cover RAM: 1024G
[    0.003024]  gran_size: 16M 	chunk_size: 128M 	num_reg: 10  	lose cover RAM: 1024G
[    0.003025]  gran_size: 16M 	chunk_size: 256M 	num_reg: 10  	lose cover RAM: 1024G
[    0.003026]  gran_size: 16M 	chunk_size: 512M 	num_reg: 10  	lose cover RAM: 1024G
[    0.003028]  gran_size: 16M 	chunk_size: 1G 	num_reg: 10  	lose cover RAM: 1024G
[    0.003029]  gran_size: 16M 	chunk_size: 2G 	num_reg: 10  	lose cover RAM: 1024G
[    0.003030]  gran_size: 32M 	chunk_size: 32M 	num_reg: 10  	lose cover RAM: 2031632M
[    0.003032]  gran_size: 32M 	chunk_size: 64M 	num_reg: 10  	lose cover RAM: 1048592M
[    0.003033]  gran_size: 32M 	chunk_size: 128M 	num_reg: 10  	lose cover RAM: 1048592M
[    0.003034]  gran_size: 32M 	chunk_size: 256M 	num_reg: 10  	lose cover RAM: 1048592M
[    0.003035]  gran_size: 32M 	chunk_size: 512M 	num_reg: 10  	lose cover RAM: 1048592M
[    0.003037]  gran_size: 32M 	chunk_size: 1G 	num_reg: 10  	lose cover RAM: 1048592M
[    0.003038]  gran_size: 32M 	chunk_size: 2G 	num_reg: 10  	lose cover RAM: 1048592M
[    0.003039]  gran_size: 64M 	chunk_size: 64M 	num_reg: 10  	lose cover RAM: 1966128M
[    0.003041]  gran_size: 64M 	chunk_size: 128M 	num_reg: 10  	lose cover RAM: 1048624M
[    0.003042]  gran_size: 64M 	chunk_size: 256M 	num_reg: 10  	lose cover RAM: 1048624M
[    0.003043]  gran_size: 64M 	chunk_size: 512M 	num_reg: 10  	lose cover RAM: 1048624M
[    0.003044]  gran_size: 64M 	chunk_size: 1G 	num_reg: 10  	lose cover RAM: 1048624M
[    0.003046]  gran_size: 64M 	chunk_size: 2G 	num_reg: 10  	lose cover RAM: 1048624M
[    0.003047]  gran_size: 128M 	chunk_size: 128M 	num_reg: 10  	lose cover RAM: 1835120M
[    0.003048]  gran_size: 128M 	chunk_size: 256M 	num_reg: 10  	lose cover RAM: 1048688M
[    0.003050]  gran_size: 128M 	chunk_size: 512M 	num_reg: 10  	lose cover RAM: 1048688M
[    0.003051]  gran_size: 128M 	chunk_size: 1G 	num_reg: 10  	lose cover RAM: 1048688M
[    0.003052]  gran_size: 128M 	chunk_size: 2G 	num_reg: 10  	lose cover RAM: 1048688M
[    0.003054]  gran_size: 256M 	chunk_size: 256M 	num_reg: 10  	lose cover RAM: 1573104M
[    0.003055]  gran_size: 256M 	chunk_size: 512M 	num_reg: 10  	lose cover RAM: 1048816M
[    0.003056]  gran_size: 256M 	chunk_size: 1G 	num_reg: 10  	lose cover RAM: 1048816M
[    0.003058]  gran_size: 256M 	chunk_size: 2G 	num_reg: 10  	lose cover RAM: 1048816M
[    0.003059]  gran_size: 512M 	chunk_size: 512M 	num_reg: 10  	lose cover RAM: 1049072M
[    0.003060]  gran_size: 512M 	chunk_size: 1G 	num_reg: 10  	lose cover RAM: 1049072M
[    0.003061]  gran_size: 512M 	chunk_size: 2G 	num_reg: 10  	lose cover RAM: 1049072M
[    0.003063]  gran_size: 1G 	chunk_size: 1G 	num_reg: 10  	lose cover RAM: 1008M
[    0.003064]  gran_size: 1G 	chunk_size: 2G 	num_reg: 10  	lose cover RAM: 1008M
[    0.003065]  gran_size: 2G 	chunk_size: 2G 	num_reg: 9  	lose cover RAM: 2032M
[    0.003067] mtrr_cleanup: can not find optimal value
[    0.003067] please specify mtrr_gran_size/mtrr_chunk_size
[    0.003070] e820: update [mem 0x7f000000-0xffffffff] usable ==> reserved
[    0.003073] x2apic: enabled by BIOS, switching to x2apic ops
[    0.003073] last_pfn = 0x6f800 max_arch_pfn = 0x400000000
[    0.014402] Using GB pages for direct mapping
[    0.015340] Secure boot disabled
[    0.015340] RAMDISK: [mem 0x205cb7c000-0x207fffffff]
[    0.015345] ACPI: Early table checksum verification disabled
[    0.015348] ACPI: RSDP 0x000000006F7FE014 000024 (v02 DELL  )
[    0.015351] ACPI: XSDT 0x000000006F41C188 0000F4 (v01 DELL   PE_SC3   00000000 DELL 01000013)
[    0.015357] ACPI: FACP 0x000000006F430000 000114 (v06 DELL   PE_SC3   00000000 DELL 00000001)
[    0.015362] ACPI: DSDT 0x000000004B4CE000 07FAD3 (v02 DELL   PE_SC3   00000003 DELL 00000001)
[    0.015366] ACPI: FACS 0x000000006F2F2000 000040
[    0.015369] ACPI: SSDT 0x000000006F7FB000 00159A (v02 INTEL  RAS_ACPI 00000001 INTL 20210331)
[    0.015372] ACPI: SSDT 0x000000006F7FA000 000745 (v02 INTEL  ADDRXLAT 00000001 INTL 20210331)
[    0.015376] ACPI: MCEJ 0x000000006F7F9000 000130 (v01 INTEL           00000001 INTL 0100000D)
[    0.015379] ACPI: BERT 0x000000006F7F8000 000030 (v01 DELL   PE_SC3   00000001 INTL 00000001)
[    0.015382] ACPI: ERST 0x000000006F7F7000 000230 (v01 DELL   PE_SC3   00000001 INTL 00000001)
[    0.015386] ACPI: SSDT 0x000000006F431000 3C524E (v02 INTEL  SSDTNVDR 00001000 INTL 20210331)
[    0.015389] ACPI: HMAT 0x000000006F42F000 000210 (v01 DELL   PE_SC3   00000001 DELL 00000001)
[    0.015392] ACPI: HPET 0x000000006F42E000 000038 (v01 DELL   PE_SC3   00000001 DELL 00000001)
[    0.015395] ACPI: MCFG 0x000000006F42D000 00003C (v01 DELL   PE_SC3   00000001 DELL 00000001)
[    0.015398] ACPI: MIGT 0x000000006F42C000 000040 (v01 DELL   PE_SC3   00000000 DELL 00000001)
[    0.015402] ACPI: MSCT 0x000000006F42B000 000090 (v01 DELL   PE_SC3   00000001 DELL 00000001)
[    0.015405] ACPI: PMTT 0x000000006F429000 0011E8 (v02 DELL   PE_SC3   00000001 DELL 00000001)
[    0.015408] ACPI: WSMT 0x000000006F428000 000028 (v01 DELL   PE_SC3   00000000 DELL 00000001)
[    0.015411] ACPI: APIC 0x000000006F427000 00075E (v04 DELL   PE_SC3   00000000 DELL 00000001)
[    0.015414] ACPI: SLIT 0x000000006F426000 00003C (v01 DELL   PE_SC3   00000001 DELL 01000013)
[    0.015418] ACPI: SRAT 0x000000006F41F000 006430 (v03 DELL   PE_SC3   00000002 DELL 01000013)
[    0.015421] ACPI: OEM4 0x000000004B346000 187A61 (v02 INTEL  CPU  CST 00003000 INTL 20210331)
[    0.015424] ACPI: SSDT 0x000000004B2CF000 0764A5 (v02 INTEL  SSDT  PM 00004000 INTL 20210331)
[    0.015427] ACPI: SSDT 0x000000006F41E000 000A1F (v02 DELL   PE_SC3   00000000 DELL 00000001)
[    0.015431] ACPI: HEST 0x000000006F41D000 00017C (v01 DELL   PE_SC3   00000001 INTL 00000001)
[    0.015434] ACPI: PCAT 0x000000006F41B000 00010C (v19 DELL   PE_SC3   00000002 DELL 00000001)
[    0.015437] ACPI: SSDT 0x000000006F413000 007299 (v02 INTEL  SpsNm    00000002 INTL 20210331)
[    0.015440] ACPI: SSDT 0x000000006F412000 000426 (v02 DELL   PE_SC3   00000002 DELL 00000001)
[    0.015444] ACPI: NFIT 0x000000006F7FD000 000488 (v01 DELL   PE_SC3   00000002 DELL 00000001)
[    0.015447] ACPI: DMAR 0x000000006F411000 000158 (v01 DELL   PE_SC3   00000001 DELL 00000001)
[    0.015449] ACPI: Reserving FACP table memory at [mem 0x6f430000-0x6f430113]
[    0.015451] ACPI: Reserving DSDT table memory at [mem 0x4b4ce000-0x4b54dad2]
[    0.015452] ACPI: Reserving FACS table memory at [mem 0x6f2f2000-0x6f2f203f]
[    0.015453] ACPI: Reserving SSDT table memory at [mem 0x6f7fb000-0x6f7fc599]
[    0.015454] ACPI: Reserving SSDT table memory at [mem 0x6f7fa000-0x6f7fa744]
[    0.015455] ACPI: Reserving MCEJ table memory at [mem 0x6f7f9000-0x6f7f912f]
[    0.015455] ACPI: Reserving BERT table memory at [mem 0x6f7f8000-0x6f7f802f]
[    0.015456] ACPI: Reserving ERST table memory at [mem 0x6f7f7000-0x6f7f722f]
[    0.015457] ACPI: Reserving SSDT table memory at [mem 0x6f431000-0x6f7f624d]
[    0.015458] ACPI: Reserving HMAT table memory at [mem 0x6f42f000-0x6f42f20f]
[    0.015459] ACPI: Reserving HPET table memory at [mem 0x6f42e000-0x6f42e037]
[    0.015460] ACPI: Reserving MCFG table memory at [mem 0x6f42d000-0x6f42d03b]
[    0.015461] ACPI: Reserving MIGT table memory at [mem 0x6f42c000-0x6f42c03f]
[    0.015462] ACPI: Reserving MSCT table memory at [mem 0x6f42b000-0x6f42b08f]
[    0.015462] ACPI: Reserving PMTT table memory at [mem 0x6f429000-0x6f42a1e7]
[    0.015463] ACPI: Reserving WSMT table memory at [mem 0x6f428000-0x6f428027]
[    0.015464] ACPI: Reserving APIC table memory at [mem 0x6f427000-0x6f42775d]
[    0.015465] ACPI: Reserving SLIT table memory at [mem 0x6f426000-0x6f42603b]
[    0.015466] ACPI: Reserving SRAT table memory at [mem 0x6f41f000-0x6f42542f]
[    0.015467] ACPI: Reserving OEM4 table memory at [mem 0x4b346000-0x4b4cda60]
[    0.015468] ACPI: Reserving SSDT table memory at [mem 0x4b2cf000-0x4b3454a4]
[    0.015469] ACPI: Reserving SSDT table memory at [mem 0x6f41e000-0x6f41ea1e]
[    0.015470] ACPI: Reserving HEST table memory at [mem 0x6f41d000-0x6f41d17b]
[    0.015470] ACPI: Reserving PCAT table memory at [mem 0x6f41b000-0x6f41b10b]
[    0.015471] ACPI: Reserving SSDT table memory at [mem 0x6f413000-0x6f41a298]
[    0.015472] ACPI: Reserving SSDT table memory at [mem 0x6f412000-0x6f412425]
[    0.015473] ACPI: Reserving NFIT table memory at [mem 0x6f7fd000-0x6f7fd487]
[    0.015474] ACPI: Reserving DMAR table memory at [mem 0x6f411000-0x6f411157]
[    0.015484] Setting APIC routing to cluster x2apic.
[    0.015532] SRAT: PXM 0 -> APIC 0x0000 -> Node 0
[    0.015533] SRAT: PXM 0 -> APIC 0x0001 -> Node 0
[    0.015534] SRAT: PXM 0 -> APIC 0x0002 -> Node 0
[    0.015535] SRAT: PXM 0 -> APIC 0x0003 -> Node 0
[    0.015535] SRAT: PXM 0 -> APIC 0x0004 -> Node 0
[    0.015536] SRAT: PXM 0 -> APIC 0x0005 -> Node 0
[    0.015537] SRAT: PXM 0 -> APIC 0x0006 -> Node 0
[    0.015537] SRAT: PXM 0 -> APIC 0x0007 -> Node 0
[    0.015538] SRAT: PXM 0 -> APIC 0x0008 -> Node 0
[    0.015539] SRAT: PXM 0 -> APIC 0x0009 -> Node 0
[    0.015539] SRAT: PXM 0 -> APIC 0x000a -> Node 0
[    0.015540] SRAT: PXM 0 -> APIC 0x000b -> Node 0
[    0.015541] SRAT: PXM 0 -> APIC 0x000c -> Node 0
[    0.015541] SRAT: PXM 0 -> APIC 0x000d -> Node 0
[    0.015542] SRAT: PXM 0 -> APIC 0x000e -> Node 0
[    0.015543] SRAT: PXM 0 -> APIC 0x000f -> Node 0
[    0.015543] SRAT: PXM 0 -> APIC 0x0010 -> Node 0
[    0.015544] SRAT: PXM 0 -> APIC 0x0011 -> Node 0
[    0.015545] SRAT: PXM 0 -> APIC 0x0012 -> Node 0
[    0.015546] SRAT: PXM 0 -> APIC 0x0013 -> Node 0
[    0.015546] SRAT: PXM 0 -> APIC 0x0014 -> Node 0
[    0.015547] SRAT: PXM 0 -> APIC 0x0015 -> Node 0
[    0.015547] SRAT: PXM 0 -> APIC 0x0016 -> Node 0
[    0.015548] SRAT: PXM 0 -> APIC 0x0017 -> Node 0
[    0.015549] SRAT: PXM 0 -> APIC 0x0018 -> Node 0
[    0.015549] SRAT: PXM 0 -> APIC 0x0019 -> Node 0
[    0.015550] SRAT: PXM 0 -> APIC 0x001a -> Node 0
[    0.015551] SRAT: PXM 0 -> APIC 0x001b -> Node 0
[    0.015551] SRAT: PXM 0 -> APIC 0x001c -> Node 0
[    0.015552] SRAT: PXM 0 -> APIC 0x001d -> Node 0
[    0.015553] SRAT: PXM 0 -> APIC 0x001e -> Node 0
[    0.015553] SRAT: PXM 0 -> APIC 0x001f -> Node 0
[    0.015554] SRAT: PXM 0 -> APIC 0x0020 -> Node 0
[    0.015554] SRAT: PXM 0 -> APIC 0x0021 -> Node 0
[    0.015555] SRAT: PXM 0 -> APIC 0x0022 -> Node 0
[    0.015556] SRAT: PXM 0 -> APIC 0x0023 -> Node 0
[    0.015556] SRAT: PXM 0 -> APIC 0x0024 -> Node 0
[    0.015557] SRAT: PXM 0 -> APIC 0x0025 -> Node 0
[    0.015558] SRAT: PXM 0 -> APIC 0x0026 -> Node 0
[    0.015558] SRAT: PXM 0 -> APIC 0x0027 -> Node 0
[    0.015559] SRAT: PXM 0 -> APIC 0x0028 -> Node 0
[    0.015559] SRAT: PXM 0 -> APIC 0x0029 -> Node 0
[    0.015560] SRAT: PXM 0 -> APIC 0x002a -> Node 0
[    0.015561] SRAT: PXM 0 -> APIC 0x002b -> Node 0
[    0.015561] SRAT: PXM 0 -> APIC 0x002c -> Node 0
[    0.015562] SRAT: PXM 0 -> APIC 0x002d -> Node 0
[    0.015563] SRAT: PXM 0 -> APIC 0x002e -> Node 0
[    0.015563] SRAT: PXM 0 -> APIC 0x002f -> Node 0
[    0.015564] SRAT: PXM 0 -> APIC 0x0030 -> Node 0
[    0.015565] SRAT: PXM 0 -> APIC 0x0031 -> Node 0
[    0.015565] SRAT: PXM 0 -> APIC 0x0032 -> Node 0
[    0.015566] SRAT: PXM 0 -> APIC 0x0033 -> Node 0
[    0.015567] SRAT: PXM 0 -> APIC 0x0034 -> Node 0
[    0.015567] SRAT: PXM 0 -> APIC 0x0035 -> Node 0
[    0.015568] SRAT: PXM 0 -> APIC 0x0036 -> Node 0
[    0.015568] SRAT: PXM 0 -> APIC 0x0037 -> Node 0
[    0.015569] SRAT: PXM 1 -> APIC 0x0080 -> Node 1
[    0.015570] SRAT: PXM 1 -> APIC 0x0081 -> Node 1
[    0.015571] SRAT: PXM 1 -> APIC 0x0082 -> Node 1
[    0.015571] SRAT: PXM 1 -> APIC 0x0083 -> Node 1
[    0.015572] SRAT: PXM 1 -> APIC 0x0084 -> Node 1
[    0.015573] SRAT: PXM 1 -> APIC 0x0085 -> Node 1
[    0.015574] SRAT: PXM 1 -> APIC 0x0086 -> Node 1
[    0.015575] SRAT: PXM 1 -> APIC 0x0087 -> Node 1
[    0.015575] SRAT: PXM 1 -> APIC 0x0088 -> Node 1
[    0.015576] SRAT: PXM 1 -> APIC 0x0089 -> Node 1
[    0.015576] SRAT: PXM 1 -> APIC 0x008a -> Node 1
[    0.015577] SRAT: PXM 1 -> APIC 0x008b -> Node 1
[    0.015578] SRAT: PXM 1 -> APIC 0x008c -> Node 1
[    0.015578] SRAT: PXM 1 -> APIC 0x008d -> Node 1
[    0.015579] SRAT: PXM 1 -> APIC 0x008e -> Node 1
[    0.015580] SRAT: PXM 1 -> APIC 0x008f -> Node 1
[    0.015580] SRAT: PXM 1 -> APIC 0x0090 -> Node 1
[    0.015581] SRAT: PXM 1 -> APIC 0x0091 -> Node 1
[    0.015581] SRAT: PXM 1 -> APIC 0x0092 -> Node 1
[    0.015582] SRAT: PXM 1 -> APIC 0x0093 -> Node 1
[    0.015583] SRAT: PXM 1 -> APIC 0x0094 -> Node 1
[    0.015583] SRAT: PXM 1 -> APIC 0x0095 -> Node 1
[    0.015584] SRAT: PXM 1 -> APIC 0x0096 -> Node 1
[    0.015585] SRAT: PXM 1 -> APIC 0x0097 -> Node 1
[    0.015585] SRAT: PXM 1 -> APIC 0x0098 -> Node 1
[    0.015586] SRAT: PXM 1 -> APIC 0x0099 -> Node 1
[    0.015587] SRAT: PXM 1 -> APIC 0x009a -> Node 1
[    0.015587] SRAT: PXM 1 -> APIC 0x009b -> Node 1
[    0.015588] SRAT: PXM 1 -> APIC 0x009c -> Node 1
[    0.015589] SRAT: PXM 1 -> APIC 0x009d -> Node 1
[    0.015589] SRAT: PXM 1 -> APIC 0x009e -> Node 1
[    0.015590] SRAT: PXM 1 -> APIC 0x009f -> Node 1
[    0.015590] SRAT: PXM 1 -> APIC 0x00a0 -> Node 1
[    0.015591] SRAT: PXM 1 -> APIC 0x00a1 -> Node 1
[    0.015592] SRAT: PXM 1 -> APIC 0x00a2 -> Node 1
[    0.015592] SRAT: PXM 1 -> APIC 0x00a3 -> Node 1
[    0.015593] SRAT: PXM 1 -> APIC 0x00a4 -> Node 1
[    0.015594] SRAT: PXM 1 -> APIC 0x00a5 -> Node 1
[    0.015594] SRAT: PXM 1 -> APIC 0x00a6 -> Node 1
[    0.015595] SRAT: PXM 1 -> APIC 0x00a7 -> Node 1
[    0.015596] SRAT: PXM 1 -> APIC 0x00a8 -> Node 1
[    0.015596] SRAT: PXM 1 -> APIC 0x00a9 -> Node 1
[    0.015597] SRAT: PXM 1 -> APIC 0x00aa -> Node 1
[    0.015597] SRAT: PXM 1 -> APIC 0x00ab -> Node 1
[    0.015598] SRAT: PXM 1 -> APIC 0x00ac -> Node 1
[    0.015599] SRAT: PXM 1 -> APIC 0x00ad -> Node 1
[    0.015599] SRAT: PXM 1 -> APIC 0x00ae -> Node 1
[    0.015600] SRAT: PXM 1 -> APIC 0x00af -> Node 1
[    0.015601] SRAT: PXM 1 -> APIC 0x00b0 -> Node 1
[    0.015602] SRAT: PXM 1 -> APIC 0x00b1 -> Node 1
[    0.015602] SRAT: PXM 1 -> APIC 0x00b2 -> Node 1
[    0.015603] SRAT: PXM 1 -> APIC 0x00b3 -> Node 1
[    0.015604] SRAT: PXM 1 -> APIC 0x00b4 -> Node 1
[    0.015605] SRAT: PXM 1 -> APIC 0x00b5 -> Node 1
[    0.015606] SRAT: PXM 1 -> APIC 0x00b6 -> Node 1
[    0.015606] SRAT: PXM 1 -> APIC 0x00b7 -> Node 1
[    0.015619] ACPI: SRAT: Node 0 PXM 0 [mem 0x00000000-0x7fffffff]
[    0.015621] ACPI: SRAT: Node 0 PXM 0 [mem 0x100000000-0x107fffffff]
[    0.015622] ACPI: SRAT: Node 2 PXM 2 [mem 0x2080000000-0x9e7fffffff] non-volatile
[    0.015623] ACPI: SRAT: Node 1 PXM 1 [mem 0x1080000000-0x207fffffff]
[    0.015624] ACPI: SRAT: Node 3 PXM 3 [mem 0x9e80000000-0x11c7fffffff] non-volatile
[    0.015633] NUMA: Initialized distance table, cnt=4
[    0.015636] NUMA: Node 0 [mem 0x00000000-0x7fffffff] + [mem 0x100000000-0x107fffffff] -> [mem 0x00000000-0x107fffffff]
[    0.015645] NODE_DATA(0) allocated [mem 0xffffd5000-0xfffffffff]
[    0.015663] NODE_DATA(1) allocated [mem 0x205cb4d000-0x205cb77fff]
[    0.015865] Zone ranges:
[    0.015866]   DMA      [mem 0x0000000000001000-0x0000000000ffffff]
[    0.015867]   DMA32    [mem 0x0000000001000000-0x00000000ffffffff]
[    0.015869]   Normal   [mem 0x0000000100000000-0x000000207fffffff]
[    0.015870]   Device   empty
[    0.015871] Movable zone start for each node
[    0.015875] Early memory node ranges
[    0.015875]   node   0: [mem 0x0000000000001000-0x000000000008efff]
[    0.015877]   node   0: [mem 0x0000000000090000-0x000000000009ffff]
[    0.015877]   node   0: [mem 0x0000000000100000-0x0000000049e76fff]
[    0.015878]   node   0: [mem 0x000000004ae77000-0x000000004b2cefff]
[    0.015879]   node   0: [mem 0x000000004b54e000-0x000000004bd93fff]
[    0.015880]   node   0: [mem 0x000000004be9a000-0x000000004cdfffff]
[    0.015881]   node   0: [mem 0x000000004d000000-0x000000005eefdfff]
[    0.015881]   node   0: [mem 0x000000006f7ff000-0x000000006f7fffff]
[    0.015882]   node   0: [mem 0x0000000b8dd00000-0x0000000fffffffff]
[    0.015884]   node   1: [mem 0x0000001ec0000000-0x000000207fffffff]
[    0.015886] Initmem setup node 0 [mem 0x0000000000001000-0x0000000fffffffff]
[    0.015888] Initmem setup node 1 [mem 0x0000001ec0000000-0x000000207fffffff]
[    0.015891] On node 0, zone DMA: 1 pages in unavailable ranges
[    0.015892] On node 0, zone DMA: 1 pages in unavailable ranges
[    0.015918] On node 0, zone DMA: 96 pages in unavailable ranges
[    0.017920] On node 0, zone DMA32: 4096 pages in unavailable ranges
[    0.017940] On node 0, zone DMA32: 639 pages in unavailable ranges
[    0.017970] On node 0, zone DMA32: 262 pages in unavailable ranges
[    0.018461] On node 0, zone DMA32: 512 pages in unavailable ranges
[    0.018735] On node 0, zone DMA32: 35073 pages in unavailable ranges
[    0.051158] On node 0, zone Normal: 25856 pages in unavailable ranges
[    0.065418] ACPI: PM-Timer IO Port: 0x508
[    0.065436] ACPI: X2APIC_NMI (uid[0xffffffff] high edge lint[0x1])
[    0.065440] ACPI: LAPIC_NMI (acpi_id[0xff] high edge lint[0x1])
[    0.065458] IOAPIC[0]: apic_id 8, version 32, address 0xfec00000, GSI 0-119
[    0.065462] ACPI: INT_SRC_OVR (bus 0 bus_irq 0 global_irq 2 dfl dfl)
[    0.065464] ACPI: INT_SRC_OVR (bus 0 bus_irq 9 global_irq 9 high level)
[    0.065468] ACPI: Using ACPI (MADT) for SMP configuration information
[    0.065469] ACPI: HPET id: 0x8086a701 base: 0xfed00000
[    0.065474] TSC deadline timer available
[    0.065475] smpboot: Allowing 112 CPUs, 0 hotplug CPUs
[    0.065503] PM: hibernation: Registered nosave memory: [mem 0x00000000-0x00000fff]
[    0.065505] PM: hibernation: Registered nosave memory: [mem 0x0008f000-0x0008ffff]
[    0.065507] PM: hibernation: Registered nosave memory: [mem 0x000a0000-0x000fffff]
[    0.065509] PM: hibernation: Registered nosave memory: [mem 0x46cc5000-0x46cc5fff]
[    0.065511] PM: hibernation: Registered nosave memory: [mem 0x46cf6000-0x46cf6fff]
[    0.065512] PM: hibernation: Registered nosave memory: [mem 0x46cf7000-0x46cf7fff]
[    0.065514] PM: hibernation: Registered nosave memory: [mem 0x46d29000-0x46d29fff]
[    0.065515] PM: hibernation: Registered nosave memory: [mem 0x46d2a000-0x46d2afff]
[    0.065516] PM: hibernation: Registered nosave memory: [mem 0x46d5c000-0x46d5cfff]
[    0.065517] PM: hibernation: Registered nosave memory: [mem 0x46d5d000-0x46d5dfff]
[    0.065519] PM: hibernation: Registered nosave memory: [mem 0x46d65000-0x46d65fff]
[    0.065520] PM: hibernation: Registered nosave memory: [mem 0x49e77000-0x4ae76fff]
[    0.065522] PM: hibernation: Registered nosave memory: [mem 0x4b2cf000-0x4b54dfff]
[    0.065524] PM: hibernation: Registered nosave memory: [mem 0x4bd94000-0x4be99fff]
[    0.065526] PM: hibernation: Registered nosave memory: [mem 0x4ce00000-0x4cffffff]
[    0.065528] PM: hibernation: Registered nosave memory: [mem 0x5eefe000-0x6e3fefff]
[    0.065528] PM: hibernation: Registered nosave memory: [mem 0x6e3ff000-0x6f3fefff]
[    0.065529] PM: hibernation: Registered nosave memory: [mem 0x6f3ff000-0x6f7fefff]
[    0.065531] PM: hibernation: Registered nosave memory: [mem 0x6f800000-0x8fffffff]
[    0.065532] PM: hibernation: Registered nosave memory: [mem 0x90000000-0xfdffffff]
[    0.065532] PM: hibernation: Registered nosave memory: [mem 0xfe000000-0xfe010fff]
[    0.065533] PM: hibernation: Registered nosave memory: [mem 0xfe011000-0xffffffff]
[    0.065534] PM: hibernation: Registered nosave memory: [mem 0x100000000-0xb8dcfffff]
[    0.065535] PM: hibernation: Registered nosave memory: [mem 0x1000000000-0x1ebfffffff]
[    0.065537] [mem 0x90000000-0xfdffffff] available for PCI devices
[    0.065539] Booting paravirtualized kernel on bare hardware
[    0.065541] clocksource: refined-jiffies: mask: 0xffffffff max_cycles: 0xffffffff, max_idle_ns: 7645519600211568 ns
[    0.065548] setup_percpu: NR_CPUS:8192 nr_cpumask_bits:112 nr_cpu_ids:112 nr_node_ids:4
[    0.069956] percpu: Embedded 53 pages/cpu s180224 r8192 d28672 u262144
[    0.069967] pcpu-alloc: s180224 r8192 d28672 u262144 alloc=1*2097152
[    0.069970] pcpu-alloc: [0] 000 002 004 006 008 010 012 014 
[    0.069976] pcpu-alloc: [0] 016 018 020 022 024 026 028 030 
[    0.069980] pcpu-alloc: [0] 032 034 036 038 040 042 044 046 
[    0.069985] pcpu-alloc: [0] 048 050 052 054 056 058 060 062 
[    0.069989] pcpu-alloc: [0] 064 066 068 070 072 074 076 078 
[    0.069993] pcpu-alloc: [0] 080 082 084 086 088 090 092 094 
[    0.069997] pcpu-alloc: [0] 096 098 100 102 104 106 108 110 
[    0.070001] pcpu-alloc: [1] 001 003 005 007 009 011 013 015 
[    0.070005] pcpu-alloc: [1] 017 019 021 023 025 027 029 031 
[    0.070009] pcpu-alloc: [1] 033 035 037 039 041 043 045 047 
[    0.070014] pcpu-alloc: [1] 049 051 053 055 057 059 061 063 
[    0.070018] pcpu-alloc: [1] 065 067 069 071 073 075 077 079 
[    0.070022] pcpu-alloc: [1] 081 083 085 087 089 091 093 095 
[    0.070026] pcpu-alloc: [1] 097 099 101 103 105 107 109 111 
[    0.070077] Built 2 zonelists, mobility grouping on.  Total pages: 6771592
[    0.070079] Policy zone: Normal
[    0.070080] Kernel command line: BOOT_IMAGE=/boot/vmlinuz-5.15.0-tiering-0.8 root=UUID=ce0c24b8-724b-4f33-9b2c-618433560aef ro memmap=43229M!4096M memmap=59G!64G quiet splash nomodeset vt.handoff=1
[    0.070198] You have booted with nomodeset. This means your GPU drivers are DISABLED
[    0.070199] Any video related functionality will be severely degraded, and you may not even be able to suspend the system properly
[    0.070199] Unless you actually understand what nomodeset does, you should reboot without enabling it
[    0.070220] Unknown command line parameters: splash BOOT_IMAGE=/boot/vmlinuz-5.15.0-tiering-0.8
[    0.070222] printk: log_buf_len individual max cpu contribution: 4096 bytes
[    0.070223] printk: log_buf_len total cpu_extra contributions: 454656 bytes
[    0.070224] printk: log_buf_len min size: 262144 bytes
[    0.071194] printk: log_buf_len: 1048576 bytes
[    0.071195] printk: early log buf free: 223784(85%)
[    0.072768] mem auto-init: stack:off, heap alloc:on, heap free:off
[    0.143266] Memory: 26244972K/27521120K available (14345K kernel code, 3484K rwdata, 10288K rodata, 2824K init, 5836K bss, 1275888K reserved, 0K cma-reserved)
[    0.143272] random: get_random_u64 called from __kmem_cache_create+0x2d/0x460 with crng_init=1
[    0.144134] SLUB: HWalign=64, Order=0-3, MinObjects=0, CPUs=112, Nodes=4
[    0.144167] ftrace: allocating 48223 entries in 189 pages
[    0.159334] ftrace: allocated 189 pages with 6 groups
[    0.160003] rcu: Hierarchical RCU implementation.
[    0.160005] rcu: 	RCU restricting CPUs from NR_CPUS=8192 to nr_cpu_ids=112.
[    0.160006] 	Rude variant of Tasks RCU enabled.
[    0.160007] 	Tracing variant of Tasks RCU enabled.
[    0.160007] rcu: RCU calculated value of scheduler-enlistment delay is 25 jiffies.
[    0.160008] rcu: Adjusting geometry for rcu_fanout_leaf=16, nr_cpu_ids=112
[    0.163788] NR_IRQS: 524544, nr_irqs: 2952, preallocated irqs: 16
[    0.164154] random: crng done (trusting CPU's manufacturer)
[    0.164298] Console: colour dummy device 80x25
[    0.164334] printk: console [tty0] enabled
[    0.164479] mempolicy: Enabling automatic NUMA balancing. Configure with numa_balancing= or the kernel.numa_balancing sysctl
[    0.164484] ACPI: Core revision 20210730
[    0.167888] clocksource: hpet: mask: 0xffffffff max_cycles: 0xffffffff, max_idle_ns: 79635855245 ns
[    0.167930] APIC: Switch to symmetric I/O mode setup
[    0.167933] DMAR: Host address width 46
[    0.167933] DMAR: DRHD base: 0x000000d0ffc000 flags: 0x0
[    0.167938] DMAR: dmar0: reg_base_addr d0ffc000 ver 4:0 cap 8ed008c40780466 ecap 60000f050df
[    0.167941] DMAR: DRHD base: 0x000000dbbfc000 flags: 0x0
[    0.167944] DMAR: dmar1: reg_base_addr dbbfc000 ver 4:0 cap 8ed008c40780466 ecap 60000f050df
[    0.167945] DMAR: DRHD base: 0x000000e67fc000 flags: 0x0
[    0.167949] DMAR: dmar2: reg_base_addr e67fc000 ver 4:0 cap 8ed008c40780466 ecap 60000f050df
[    0.167951] DMAR: DRHD base: 0x000000f13fc000 flags: 0x0
[    0.167953] DMAR: dmar3: reg_base_addr f13fc000 ver 4:0 cap 8ed008c40780466 ecap 60000f050df
[    0.167956] DMAR: DRHD base: 0x000000fb7fc000 flags: 0x0
[    0.167958] DMAR: dmar4: reg_base_addr fb7fc000 ver 4:0 cap 8ed008c40780466 ecap 60000f050df
[    0.167960] DMAR: DRHD base: 0x000000a63fc000 flags: 0x0
[    0.167962] DMAR: dmar5: reg_base_addr a63fc000 ver 4:0 cap 8ed008c40780466 ecap 60000f050df
[    0.167964] DMAR: DRHD base: 0x000000b0ffc000 flags: 0x0
[    0.167966] DMAR: dmar6: reg_base_addr b0ffc000 ver 4:0 cap 8ed008c40780466 ecap 60000f050df
[    0.167968] DMAR: DRHD base: 0x000000bbbfc000 flags: 0x0
[    0.167974] DMAR: dmar7: reg_base_addr bbbfc000 ver 4:0 cap 8ed008c40780466 ecap 60000f050df
[    0.167976] DMAR: DRHD base: 0x000000c5ffc000 flags: 0x0
[    0.167978] DMAR: dmar8: reg_base_addr c5ffc000 ver 4:0 cap 8ed008c40780466 ecap 60000f050df
[    0.167980] DMAR: DRHD base: 0x0000009b7fc000 flags: 0x1
[    0.167982] DMAR: dmar9: reg_base_addr 9b7fc000 ver 4:0 cap 8ed008c40780466 ecap 60000f050df
[    0.167984] DMAR: RMRR base: 0x00000069427000 end: 0x00000069429fff
[    0.167986] DMAR: ATSR flags: 0x0
[    0.167988] DMAR-IR: IOAPIC id 8 under DRHD base  0x9b7fc000 IOMMU 9
[    0.167990] DMAR-IR: HPET id 0 under DRHD base 0x9b7fc000
[    0.167991] DMAR-IR: Queued invalidation will be enabled to support x2apic and Intr-remapping.
[    0.170754] DMAR-IR: Enabled IRQ remapping in x2apic mode
[    0.173357] ..TIMER: vector=0x30 apic1=0 pin1=2 apic2=-1 pin2=-1
[    0.191861] clocksource: tsc-early: mask: 0xffffffffffffffff max_cycles: 0x39a85c9bff6, max_idle_ns: 881590591483 ns
[    0.191867] Calibrating delay loop (skipped), value calculated using timer frequency.. 4000.00 BogoMIPS (lpj=8000000)
[    0.191870] pid_max: default: 114688 minimum: 896
[    0.195262] LSM: Security Framework initializing
[    0.195276] Yama: becoming mindful.
[    0.195320] AppArmor: AppArmor initialized
[    0.199798] Dentry cache hash table entries: 4194304 (order: 13, 33554432 bytes, vmalloc)
[    0.202036] Inode-cache hash table entries: 2097152 (order: 12, 16777216 bytes, vmalloc)
[    0.202151] Mount-cache hash table entries: 65536 (order: 7, 524288 bytes, vmalloc)
[    0.202219] Mountpoint-cache hash table entries: 65536 (order: 7, 524288 bytes, vmalloc)
[    0.202850] x86/tme: not enabled by BIOS
[    0.202860] CPU0: Thermal monitoring enabled (TM1)
[    0.202862] x86/cpu: User Mode Instruction Prevention (UMIP) activated
[    0.203094] process: using mwait in idle threads
[    0.203096] Last level iTLB entries: 4KB 0, 2MB 0, 4MB 0
[    0.203097] Last level dTLB entries: 4KB 0, 2MB 0, 4MB 0, 1GB 0
[    0.203103] Spectre V1 : Mitigation: usercopy/swapgs barriers and __user pointer sanitization
[    0.203105] Spectre V2 : Mitigation: Enhanced IBRS
[    0.203106] Spectre V2 : Spectre v2 / SpectreRSB mitigation: Filling RSB on context switch
[    0.203108] Spectre V2 : mitigation: Enabling conditional Indirect Branch Prediction Barrier
[    0.203109] Speculative Store Bypass: Mitigation: Speculative Store Bypass disabled via prctl and seccomp
[    0.209404] Freeing SMP alternatives memory: 40K
[    0.211995] smpboot: Estimated ratio of average max frequency by base frequency (times 1024): 1433
[    0.212009] smpboot: CPU0: Intel(R) Xeon(R) Gold 6330 CPU @ 2.00GHz (family: 0x6, model: 0x6a, stepping: 0x6)
[    0.212201] Performance Events: PEBS fmt4+-baseline,  AnyThread deprecated, Icelake events, 32-deep LBR, full-width counters, Intel PMU driver.
[    0.212221] ... version:                5
[    0.212222] ... bit width:              48
[    0.212222] ... generic registers:      8
[    0.212223] ... value mask:             0000ffffffffffff
[    0.212224] ... max period:             00007fffffffffff
[    0.212224] ... fixed-purpose events:   4
[    0.212225] ... event mask:             0001000f000000ff
[    0.212351] rcu: Hierarchical SRCU implementation.
[    0.219457] NMI watchdog: Enabled. Permanently consumes one hw-PMU counter.
[    0.220473] smp: Bringing up secondary CPUs ...
[    0.220574] x86: Booting SMP configuration:
[    0.220575] .... node  #1, CPUs:          #1
[    0.007760] smpboot: CPU 1 Converting physical 0 to logical die 1

[    0.307977] .... node  #0, CPUs:     #2
[    0.313366] .... node  #1, CPUs:     #3
[    0.318819] .... node  #0, CPUs:     #4
[    0.324197] .... node  #1, CPUs:     #5
[    0.329604] .... node  #0, CPUs:     #6
[    0.335176] .... node  #1, CPUs:     #7
[    0.340786] .... node  #0, CPUs:     #8
[    0.346069] .... node  #1, CPUs:     #9
[    0.351970] .... node  #0, CPUs:    #10
[    0.357546] .... node  #1, CPUs:    #11
[    0.363294] .... node  #0, CPUs:    #12
[    0.368820] .... node  #1, CPUs:    #13
[    0.374189] .... node  #0, CPUs:    #14
[    0.379420] .... node  #1, CPUs:    #15
[    0.384762] .... node  #0, CPUs:    #16
[    0.390036] .... node  #1, CPUs:    #17
[    0.395372] .... node  #0, CPUs:    #18
[    0.400627] .... node  #1, CPUs:    #19
[    0.406292] .... node  #0, CPUs:    #20
[    0.411530] .... node  #1, CPUs:    #21
[    0.417148] .... node  #0, CPUs:    #22
[    0.422582] .... node  #1, CPUs:    #23
[    0.427968] .... node  #0, CPUs:    #24
[    0.433502] .... node  #1, CPUs:    #25
[    0.438858] .... node  #0, CPUs:    #26
[    0.444069] .... node  #1, CPUs:    #27
[    0.449409] .... node  #0, CPUs:    #28
[    0.454909] .... node  #1, CPUs:    #29
[    0.460225] .... node  #0, CPUs:    #30
[    0.465458] .... node  #1, CPUs:    #31
[    0.470954] .... node  #0, CPUs:    #32
[    0.476241] .... node  #1, CPUs:    #33
[    0.481630] .... node  #0, CPUs:    #34
[    0.487073] .... node  #1, CPUs:    #35
[    0.492398] .... node  #0, CPUs:    #36
[    0.497611] .... node  #1, CPUs:    #37
[    0.502937] .... node  #0, CPUs:    #38
[    0.508491] .... node  #1, CPUs:    #39
[    0.514033] .... node  #0, CPUs:    #40
[    0.519888] .... node  #1, CPUs:    #41
[    0.525407] .... node  #0, CPUs:    #42
[    0.530729] .... node  #1, CPUs:    #43
[    0.536390] .... node  #0, CPUs:    #44
[    0.541753] .... node  #1, CPUs:    #45
[    0.547239] .... node  #0, CPUs:    #46
[    0.552773] .... node  #1, CPUs:    #47
[    0.558248] .... node  #0, CPUs:    #48
[    0.563586] .... node  #1, CPUs:    #49
[    0.569049] .... node  #0, CPUs:    #50
[    0.574541] .... node  #1, CPUs:    #51
[    0.580209] .... node  #0, CPUs:    #52
[    0.585681] .... node  #1, CPUs:    #53
[    0.591292] .... node  #0, CPUs:    #54
[    0.596997] .... node  #1, CPUs:    #55
[    0.602823] .... node  #0, CPUs:    #56
[    0.605659] .... node  #1, CPUs:    #57
[    0.611565] .... node  #0, CPUs:    #58
[    0.616987] .... node  #1, CPUs:    #59
[    0.622439] .... node  #0, CPUs:    #60
[    0.628018] .... node  #1, CPUs:    #61
[    0.633256] .... node  #0, CPUs:    #62
[    0.638865] .... node  #1, CPUs:    #63
[    0.644486] .... node  #0, CPUs:    #64
[    0.649808] .... node  #1, CPUs:    #65
[    0.655556] .... node  #0, CPUs:    #66
[    0.661299] .... node  #1, CPUs:    #67
[    0.667074] .... node  #0, CPUs:    #68
[    0.672619] .... node  #1, CPUs:    #69
[    0.678006] .... node  #0, CPUs:    #70
[    0.683250] .... node  #1, CPUs:    #71
[    0.688620] .... node  #0, CPUs:    #72
[    0.693915] .... node  #1, CPUs:    #73
[    0.699255] .... node  #0, CPUs:    #74
[    0.704529] .... node  #1, CPUs:    #75
[    0.710206] .... node  #0, CPUs:    #76
[    0.715476] .... node  #1, CPUs:    #77
[    0.721116] .... node  #0, CPUs:    #78
[    0.726574] .... node  #1, CPUs:    #79
[    0.731966] .... node  #0, CPUs:    #80
[    0.737528] .... node  #1, CPUs:    #81
[    0.742898] .... node  #0, CPUs:    #82
[    0.748135] .... node  #1, CPUs:    #83
[    0.753496] .... node  #0, CPUs:    #84
[    0.759036] .... node  #1, CPUs:    #85
[    0.764362] .... node  #0, CPUs:    #86
[    0.769619] .... node  #1, CPUs:    #87
[    0.775134] .... node  #0, CPUs:    #88
[    0.780443] .... node  #1, CPUs:    #89
[    0.785851] .... node  #0, CPUs:    #90
[    0.791297] .... node  #1, CPUs:    #91
[    0.796649] .... node  #0, CPUs:    #92
[    0.801881] .... node  #1, CPUs:    #93
[    0.807243] .... node  #0, CPUs:    #94
[    0.812828] .... node  #1, CPUs:    #95
[    0.818390] .... node  #0, CPUs:    #96
[    0.824025] .... node  #1, CPUs:    #97
[    0.829800] .... node  #0, CPUs:    #98
[    0.835140] .... node  #1, CPUs:    #99
[    0.840825] .... node  #0, CPUs:   #100
[    0.846205] .... node  #1, CPUs:   #101
[    0.851948] .... node  #0, CPUs:   #102
[    0.857291] .... node  #1, CPUs:   #103
[    0.862787] .... node  #0, CPUs:   #104
[    0.868143] .... node  #1, CPUs:   #105
[    0.873610] .... node  #0, CPUs:   #106
[    0.879122] .... node  #1, CPUs:   #107
[    0.884803] .... node  #0, CPUs:   #108
[    0.890291] .... node  #1, CPUs:   #109
[    0.895972] .... node  #0, CPUs:   #110
[    0.901638] .... node  #1, CPUs:   #111
[    0.907482] smp: Brought up 2 nodes, 112 CPUs
[    0.907482] smpboot: Max logical packages: 2
[    0.907482] smpboot: Total of 112 processors activated (448077.81 BogoMIPS)
[    0.911443] devtmpfs: initialized
[    0.911443] x86/mm: Memory block size: 2048MB
[    0.911899] ACPI: PM: Registering ACPI NVS region [mem 0x49e77000-0x4ae76fff] (16777216 bytes)
[    0.912072] ACPI: PM: Registering ACPI NVS region [mem 0x6e3ff000-0x6f3fefff] (16777216 bytes)
[    0.912337] clocksource: jiffies: mask: 0xffffffff max_cycles: 0xffffffff, max_idle_ns: 7645041785100000 ns
[    0.912643] futex hash table entries: 32768 (order: 9, 2097152 bytes, vmalloc)
[    0.912898] pinctrl core: initialized pinctrl subsystem
[    0.913057] PM: RTC time: 02:42:23, date: 2024-06-30
[    0.913263] NET: Registered PF_NETLINK/PF_ROUTE protocol family
[    0.914044] DMA: preallocated 4096 KiB GFP_KERNEL pool for atomic allocations
[    0.914499] DMA: preallocated 4096 KiB GFP_KERNEL|GFP_DMA pool for atomic allocations
[    0.915002] DMA: preallocated 4096 KiB GFP_KERNEL|GFP_DMA32 pool for atomic allocations
[    0.915010] audit: initializing netlink subsys (disabled)
[    0.915018] audit: type=2000 audit(1719715342.744:1): state=initialized audit_enabled=0 res=1
[    0.915018] thermal_sys: Registered thermal governor 'fair_share'
[    0.915018] thermal_sys: Registered thermal governor 'bang_bang'
[    0.915018] thermal_sys: Registered thermal governor 'step_wise'
[    0.915018] thermal_sys: Registered thermal governor 'user_space'
[    0.915018] EISA bus registered
[    0.915018] cpuidle: using governor ladder
[    0.915018] cpuidle: using governor menu
[    0.915902] ACPI FADT declares the system doesn't support PCIe ASPM, so disable it
[    0.915903] ACPI: bus type PCI registered
[    0.915904] acpiphp: ACPI Hot Plug PCI Controller Driver version: 0.5
[    0.916008] PCI: MMCONFIG for domain 0000 [bus 00-ff] at [mem 0x80000000-0x8fffffff] (base 0x80000000)
[    0.916013] PCI: MMCONFIG at [mem 0x80000000-0x8fffffff] reserved in E820
[    0.916020] pmd_set_huge: Cannot satisfy [mem 0x80000000-0x80200000] with a huge-page mapping due to MTRR override.
[    0.916234] PCI: Using configuration type 1 for base access
[    0.916243] PCI: Dell System detected, enabling pci=bfsort.
[    0.918357] ENERGY_PERF_BIAS: Set to 'normal', was 'performance'
[    0.920969] Kprobes globally optimized
[    0.920974] HugeTLB registered 1.00 GiB page size, pre-allocated 0 pages
[    0.920974] HugeTLB registered 2.00 MiB page size, pre-allocated 0 pages
[    0.923989] ACPI: Added _OSI(Module Device)
[    0.923990] ACPI: Added _OSI(Processor Device)
[    0.923991] ACPI: Added _OSI(3.0 _SCP Extensions)
[    0.923992] ACPI: Added _OSI(Processor Aggregator Device)
[    0.923993] ACPI: Added _OSI(Linux-Dell-Video)
[    0.923994] ACPI: Added _OSI(Linux-Lenovo-NV-HDMI-Audio)
[    0.923995] ACPI: Added _OSI(Linux-HPI-Hybrid-Graphics)
[    1.090440] ACPI: 8 ACPI AML tables successfully acquired and loaded
[    1.096047] ACPI: [Firmware Bug]: BIOS _OSI(Linux) query ignored
[    1.101205] ACPI: Dynamic OEM Table Load:
[    1.500527] ACPI: Interpreter enabled
[    1.500548] ACPI: PM: (supports S0 S5)
[    1.500549] ACPI: Using IOAPIC for interrupt routing
[    1.500634] HEST: Table parsing has been initialized.
[    1.500636] PCI: Using host bridge windows from ACPI; if necessary, use "pci=nocrs" and report a bug
[    1.528819] ACPI: Enabled 4 GPEs in block 00 to 7F
[    1.645964] ACPI: PCI Root Bridge [PC00] (domain 0000 [bus 00-15])
[    1.645969] acpi PNP0A08:00: _OSC: OS supports [ExtendedConfig ASPM ClockPM Segments MSI HPX-Type3]
[    1.712592] acpi PNP0A08:00: _OSC: platform does not support [SHPCHotplug AER LTR]
[    1.712809] acpi PNP0A08:00: _OSC: OS now controls [PCIeHotplug PME PCIeCapability]
[    1.712811] acpi PNP0A08:00: FADT indicates ASPM is unsupported, using BIOS configuration
[    1.714591] PCI host bridge to bus 0000:00
[    1.714592] pci_bus 0000:00: root bus resource [io  0x0000-0x0cf7 window]
[    1.714594] pci_bus 0000:00: root bus resource [io  0x1000-0x4fff window]
[    1.714596] pci_bus 0000:00: root bus resource [mem 0x000a0000-0x000bffff window]
[    1.714597] pci_bus 0000:00: root bus resource [mem 0x000c8000-0x000cffff window]
[    1.714598] pci_bus 0000:00: root bus resource [mem 0xfe010000-0xfe010fff window]
[    1.714599] pci_bus 0000:00: root bus resource [mem 0x90000000-0x9b7fffff window]
[    1.714601] pci_bus 0000:00: root bus resource [mem 0x200000000000-0x20ffffffffff window]
[    1.714602] pci_bus 0000:00: root bus resource [bus 00-15]
[    1.715912] pci 0000:00:00.0: [8086:09a2] type 00 class 0x088000
[    1.716660] pci 0000:00:00.1: [8086:09a4] type 00 class 0x088000
[    1.718024] pci 0000:00:00.2: [8086:09a3] type 00 class 0x088000
[    1.719386] pci 0000:00:00.4: [8086:0998] type 00 class 0x060000
[    1.721400] pci 0000:00:02.0: [8086:09a6] type 00 class 0x088000
[    1.721409] pci 0000:00:02.0: reg 0x10: [mem 0x92dfc000-0x92dfdfff]
[    1.722784] pci 0000:00:02.1: [8086:09a7] type 00 class 0x088000
[    1.722793] pci 0000:00:02.1: reg 0x10: [mem 0x92d00000-0x92d7ffff]
[    1.722798] pci 0000:00:02.1: reg 0x14: [mem 0x92c80000-0x92cfffff]
[    1.724168] pci 0000:00:02.4: [8086:3456] type 00 class 0x130000
[    1.724178] pci 0000:00:02.4: reg 0x10: [mem 0x92a00000-0x92afffff 64bit]
[    1.724185] pci 0000:00:02.4: reg 0x18: [mem 0x92df0000-0x92df3fff 64bit]
[    1.724191] pci 0000:00:02.4: reg 0x20: [mem 0x92dc0000-0x92ddffff 64bit]
[    1.725575] pci 0000:00:11.0: [8086:a1ec] type 00 class 0xff0000
[    1.725578] pci 0000:00:11.0: device has non-compliant BARs; disabling IO/MEM decoding
[    1.726967] pci 0000:00:11.5: [8086:a1d2] type 00 class 0x010601
[    1.726980] pci 0000:00:11.5: reg 0x10: [mem 0x92dfa000-0x92dfbfff]
[    1.726987] pci 0000:00:11.5: reg 0x14: [mem 0x92e05000-0x92e050ff]
[    1.726995] pci 0000:00:11.5: reg 0x18: [io  0x2068-0x206f]
[    1.727002] pci 0000:00:11.5: reg 0x1c: [io  0x2074-0x2077]
[    1.727009] pci 0000:00:11.5: reg 0x20: [io  0x2040-0x205f]
[    1.727017] pci 0000:00:11.5: reg 0x24: [mem 0x92b80000-0x92bfffff]
[    1.727054] pci 0000:00:11.5: PME# supported from D3hot
[    1.728554] pci 0000:00:14.0: [8086:a1af] type 00 class 0x0c0330
[    1.728571] pci 0000:00:14.0: reg 0x10: [mem 0x92de0000-0x92deffff 64bit]
[    1.728634] pci 0000:00:14.0: PME# supported from D3hot D3cold
[    1.730156] pci 0000:00:14.2: [8086:a1b1] type 00 class 0x118000
[    1.730173] pci 0000:00:14.2: reg 0x10: [mem 0x92e02000-0x92e02fff 64bit]
[    1.731594] pci 0000:00:16.0: [8086:a1ba] type 00 class 0x078000
[    1.731617] pci 0000:00:16.0: reg 0x10: [mem 0x92e01000-0x92e01fff 64bit]
[    1.731700] pci 0000:00:16.0: PME# supported from D3hot
[    1.733064] pci 0000:00:16.1: [8086:a1bb] type 00 class 0x078000
[    1.733088] pci 0000:00:16.1: reg 0x10: [mem 0x92e00000-0x92e00fff 64bit]
[    1.733170] pci 0000:00:16.1: PME# supported from D3hot
[    1.734538] pci 0000:00:16.4: [8086:a1be] type 00 class 0x078000
[    1.734561] pci 0000:00:16.4: reg 0x10: [mem 0x92dff000-0x92dfffff 64bit]
[    1.734644] pci 0000:00:16.4: PME# supported from D3hot
[    1.736008] pci 0000:00:17.0: [8086:a182] type 00 class 0x010601
[    1.736021] pci 0000:00:17.0: reg 0x10: [mem 0x92df8000-0x92df9fff]
[    1.736028] pci 0000:00:17.0: reg 0x14: [mem 0x92e04000-0x92e040ff]
[    1.736035] pci 0000:00:17.0: reg 0x18: [io  0x2060-0x2067]
[    1.736043] pci 0000:00:17.0: reg 0x1c: [io  0x2070-0x2073]
[    1.736050] pci 0000:00:17.0: reg 0x20: [io  0x2020-0x203f]
[    1.736057] pci 0000:00:17.0: reg 0x24: [mem 0x92b00000-0x92b7ffff]
[    1.736094] pci 0000:00:17.0: PME# supported from D3hot
[    1.737598] pci 0000:00:1c.0: [8086:a190] type 01 class 0x060400
[    1.737672] pci 0000:00:1c.0: PME# supported from D0 D3hot D3cold
[    1.739606] pci 0000:00:1c.4: [8086:a194] type 01 class 0x060400
[    1.739674] pci 0000:00:1c.4: PME# supported from D0 D3hot D3cold
[    1.741583] pci 0000:00:1c.5: [8086:a195] type 01 class 0x060400
[    1.741653] pci 0000:00:1c.5: PME# supported from D0 D3hot D3cold
[    1.743567] pci 0000:00:1f.0: [8086:a1cb] type 00 class 0x060100
[    1.745157] pci 0000:00:1f.2: [8086:a1a1] type 00 class 0x058000
[    1.745171] pci 0000:00:1f.2: reg 0x10: [mem 0x92df4000-0x92df7fff]
[    1.746707] pci 0000:00:1f.4: [8086:a1a3] type 00 class 0x0c0500
[    1.746726] pci 0000:00:1f.4: reg 0x10: [mem 0x92dfe000-0x92dfe0ff 64bit]
[    1.746748] pci 0000:00:1f.4: reg 0x20: [io  0x2000-0x201f]
[    1.748116] pci 0000:00:1f.5: [8086:a1a4] type 00 class 0x0c8000
[    1.748131] pci 0000:00:1f.5: reg 0x10: [mem 0xfe010000-0xfe010fff]
[    1.748254] pci 0000:00:1c.0: PCI bridge to [bus 01]
[    1.748307] pci 0000:02:00.0: [1556:be00] type 01 class 0x060400
[    1.748478] pci 0000:00:1c.4: PCI bridge to [bus 02-03]
[    1.748482] pci 0000:00:1c.4:   bridge window [mem 0x92000000-0x928fffff]
[    1.748486] pci 0000:00:1c.4:   bridge window [mem 0x91000000-0x91ffffff 64bit pref]
[    1.748518] pci_bus 0000:03: extended config space not accessible
[    1.748534] pci 0000:03:00.0: [102b:0536] type 00 class 0x030000
[    1.748553] pci 0000:03:00.0: reg 0x10: [mem 0x91000000-0x91ffffff pref]
[    1.748564] pci 0000:03:00.0: reg 0x14: [mem 0x92808000-0x9280bfff]
[    1.748575] pci 0000:03:00.0: reg 0x18: [mem 0x92000000-0x927fffff]
[    1.748622] pci 0000:03:00.0: BAR 0: assigned to efifb
[    1.748720] pci 0000:02:00.0: PCI bridge to [bus 03]
[    1.748729] pci 0000:02:00.0:   bridge window [mem 0x92000000-0x928fffff]
[    1.748735] pci 0000:02:00.0:   bridge window [mem 0x91000000-0x91ffffff 64bit pref]
[    1.748811] pci 0000:04:00.0: [14e4:165f] type 00 class 0x020000
[    1.748834] pci 0000:04:00.0: reg 0x10: [mem 0x92930000-0x9293ffff 64bit pref]
[    1.748850] pci 0000:04:00.0: reg 0x18: [mem 0x92940000-0x9294ffff 64bit pref]
[    1.748866] pci 0000:04:00.0: reg 0x20: [mem 0x92950000-0x9295ffff 64bit pref]
[    1.748876] pci 0000:04:00.0: reg 0x30: [mem 0xfffc0000-0xffffffff pref]
[    1.748970] pci 0000:04:00.0: PME# supported from D0 D3hot D3cold
[    1.749022] pci 0000:04:00.0: 4.000 Gb/s available PCIe bandwidth, limited by 5.0 GT/s PCIe x1 link at 0000:00:1c.5 (capable of 8.000 Gb/s with 5.0 GT/s PCIe x2 link)
[    1.749565] pci 0000:04:00.1: [14e4:165f] type 00 class 0x020000
[    1.749588] pci 0000:04:00.1: reg 0x10: [mem 0x92900000-0x9290ffff 64bit pref]
[    1.749604] pci 0000:04:00.1: reg 0x18: [mem 0x92910000-0x9291ffff 64bit pref]
[    1.749620] pci 0000:04:00.1: reg 0x20: [mem 0x92920000-0x9292ffff 64bit pref]
[    1.749630] pci 0000:04:00.1: reg 0x30: [mem 0xfffc0000-0xffffffff pref]
[    1.749724] pci 0000:04:00.1: PME# supported from D0 D3hot D3cold
[    1.750273] pci 0000:00:1c.5: PCI bridge to [bus 04]
[    1.750280] pci 0000:00:1c.5:   bridge window [mem 0x92900000-0x929fffff 64bit pref]
[    1.750294] pci_bus 0000:00: on NUMA node 0
[    1.750862] ACPI: PCI Root Bridge [PC01] (domain 0000 [bus 16-2f])
[    1.750866] acpi PNP0A08:01: _OSC: OS supports [ExtendedConfig ASPM ClockPM Segments MSI HPX-Type3]
[    1.765098] acpi PNP0A08:01: _OSC: platform does not support [SHPCHotplug AER]
[    1.765322] acpi PNP0A08:01: _OSC: OS now controls [PCIeHotplug PME PCIeCapability LTR]
[    1.765323] acpi PNP0A08:01: FADT indicates ASPM is unsupported, using BIOS configuration
[    1.765468] PCI host bridge to bus 0000:16
[    1.765470] pci_bus 0000:16: root bus resource [io  0x5000-0x6fff window]
[    1.765471] pci_bus 0000:16: root bus resource [mem 0x9b800000-0xa63fffff window]
[    1.765473] pci_bus 0000:16: root bus resource [mem 0x210000000000-0x21ffffffffff window]
[    1.765474] pci_bus 0000:16: root bus resource [bus 16-2f]
[    1.765489] pci 0000:16:00.0: [8086:09a2] type 00 class 0x088000
[    1.765568] pci 0000:16:00.1: [8086:09a4] type 00 class 0x088000
[    1.765639] pci 0000:16:00.2: [8086:09a3] type 00 class 0x088000
[    1.765708] pci 0000:16:00.4: [8086:0998] type 00 class 0x060000
[    1.765785] pci 0000:16:02.0: [8086:347a] type 01 class 0x060400
[    1.765794] pci 0000:16:02.0: reg 0x10: [mem 0x21fffff00000-0x21fffff1ffff 64bit]
[    1.765832] pci 0000:16:02.0: PME# supported from D0 D3hot D3cold
[    1.766737] pci 0000:17:00.0: [1000:10e2] type 00 class 0x010400
[    1.766749] pci 0000:17:00.0: reg 0x10: [mem 0x9b800000-0x9b8fffff 64bit pref]
[    1.766758] pci 0000:17:00.0: reg 0x18: [mem 0x9b900000-0x9b9fffff 64bit pref]
[    1.766763] pci 0000:17:00.0: reg 0x20: [mem 0x9ba00000-0x9bafffff]
[    1.766769] pci 0000:17:00.0: reg 0x24: [io  0x5000-0x50ff]
[    1.766775] pci 0000:17:00.0: reg 0x30: [mem 0xfff00000-0xffffffff pref]
[    1.767835] pci 0000:17:00.0: supports D1 D2
[    1.767905] pci 0000:16:02.0: PCI bridge to [bus 17]
[    1.767907] pci 0000:16:02.0:   bridge window [io  0x5000-0x5fff]
[    1.767909] pci 0000:16:02.0:   bridge window [mem 0x9ba00000-0x9bafffff]
[    1.767912] pci 0000:16:02.0:   bridge window [mem 0x9b800000-0x9b9fffff 64bit pref]
[    1.767917] pci_bus 0000:16: on NUMA node 0
[    1.767995] ACPI: PCI Root Bridge [PC02] (domain 0000 [bus 30-49])
[    1.767999] acpi PNP0A08:02: _OSC: OS supports [ExtendedConfig ASPM ClockPM Segments MSI HPX-Type3]
[    1.781703] acpi PNP0A08:02: _OSC: platform does not support [SHPCHotplug AER]
[    1.781906] acpi PNP0A08:02: _OSC: OS now controls [PCIeHotplug PME PCIeCapability LTR]
[    1.781907] acpi PNP0A08:02: FADT indicates ASPM is unsupported, using BIOS configuration
[    1.782021] PCI host bridge to bus 0000:30
[    1.782023] pci_bus 0000:30: root bus resource [io  0x7000-0x8fff window]
[    1.782024] pci_bus 0000:30: root bus resource [mem 0xa6400000-0xb0ffffff window]
[    1.782025] pci_bus 0000:30: root bus resource [mem 0x220000000000-0x22ffffffffff window]
[    1.782027] pci_bus 0000:30: root bus resource [bus 30-49]
[    1.782041] pci 0000:30:00.0: [8086:09a2] type 00 class 0x088000
[    1.782113] pci 0000:30:00.1: [8086:09a4] type 00 class 0x088000
[    1.782190] pci 0000:30:00.2: [8086:09a3] type 00 class 0x088000
[    1.782259] pci 0000:30:00.4: [8086:0998] type 00 class 0x060000
[    1.782329] pci_bus 0000:30: on NUMA node 0
[    1.782427] ACPI: PCI Root Bridge [PC04] (domain 0000 [bus 4a-63])
[    1.782430] acpi PNP0A08:04: _OSC: OS supports [ExtendedConfig ASPM ClockPM Segments MSI HPX-Type3]
[    1.796133] acpi PNP0A08:04: _OSC: platform does not support [SHPCHotplug AER]
[    1.796336] acpi PNP0A08:04: _OSC: OS now controls [PCIeHotplug PME PCIeCapability LTR]
[    1.796337] acpi PNP0A08:04: FADT indicates ASPM is unsupported, using BIOS configuration
[    1.796451] PCI host bridge to bus 0000:4a
[    1.796452] pci_bus 0000:4a: root bus resource [io  0x9000-0x9fff window]
[    1.796453] pci_bus 0000:4a: root bus resource [mem 0xb1000000-0xbbbfffff window]
[    1.796454] pci_bus 0000:4a: root bus resource [mem 0x230000000000-0x23ffffffffff window]
[    1.796456] pci_bus 0000:4a: root bus resource [bus 4a-63]
[    1.796469] pci 0000:4a:00.0: [8086:09a2] type 00 class 0x088000
[    1.796540] pci 0000:4a:00.1: [8086:09a4] type 00 class 0x088000
[    1.796609] pci 0000:4a:00.2: [8086:09a3] type 00 class 0x088000
[    1.796677] pci 0000:4a:00.4: [8086:0998] type 00 class 0x060000
[    1.796747] pci_bus 0000:4a: on NUMA node 0
[    1.796818] ACPI: PCI Root Bridge [PC05] (domain 0000 [bus 64-7d])
[    1.796821] acpi PNP0A08:05: _OSC: OS supports [ExtendedConfig ASPM ClockPM Segments MSI HPX-Type3]
[    1.810498] acpi PNP0A08:05: _OSC: platform does not support [SHPCHotplug AER]
[    1.810700] acpi PNP0A08:05: _OSC: OS now controls [PCIeHotplug PME PCIeCapability LTR]
[    1.810701] acpi PNP0A08:05: FADT indicates ASPM is unsupported, using BIOS configuration
[    1.810811] PCI host bridge to bus 0000:64
[    1.810812] pci_bus 0000:64: root bus resource [io  0xa000-0xafff window]
[    1.810813] pci_bus 0000:64: root bus resource [mem 0xbbc00000-0xc5ffffff window]
[    1.810814] pci_bus 0000:64: root bus resource [mem 0x240000000000-0x24ffffffffff window]
[    1.810816] pci_bus 0000:64: root bus resource [bus 64-7d]
[    1.810829] pci 0000:64:00.0: [8086:09a2] type 00 class 0x088000
[    1.810899] pci 0000:64:00.1: [8086:09a4] type 00 class 0x088000
[    1.810974] pci 0000:64:00.2: [8086:09a3] type 00 class 0x088000
[    1.811044] pci 0000:64:00.4: [8086:0998] type 00 class 0x060000
[    1.811115] pci_bus 0000:64: on NUMA node 0
[    1.811183] ACPI: PCI Root Bridge [UC06] (domain 0000 [bus 7e])
[    1.811186] acpi PNP0A03:00: _OSC: OS supports [ExtendedConfig ASPM ClockPM Segments MSI HPX-Type3]
[    1.811351] acpi PNP0A03:00: _OSC: platform does not support [SHPCHotplug AER LTR]
[    1.811522] acpi PNP0A03:00: _OSC: OS now controls [PCIeHotplug PME PCIeCapability]
[    1.811523] acpi PNP0A03:00: FADT indicates ASPM is unsupported, using BIOS configuration
[    1.811647] PCI host bridge to bus 0000:7e
[    1.811648] pci_bus 0000:7e: root bus resource [bus 7e]
[    1.811685] pci 0000:7e:00.0: [8086:3450] type 00 class 0x088000
[    1.811768] pci 0000:7e:00.1: [8086:3451] type 00 class 0x088000
[    1.811857] pci 0000:7e:00.2: [8086:3452] type 00 class 0x088000
[    1.811938] pci 0000:7e:00.3: [8086:0998] type 00 class 0x060000
[    1.812017] pci 0000:7e:00.5: [8086:3455] type 00 class 0x088000
[    1.812116] pci 0000:7e:02.0: [8086:3440] type 00 class 0x088000
[    1.812258] pci 0000:7e:02.1: [8086:3441] type 00 class 0x088000
[    1.812389] pci 0000:7e:02.2: [8086:3442] type 00 class 0x088000
[    1.812531] pci 0000:7e:03.0: [8086:3440] type 00 class 0x088000
[    1.812633] pci 0000:7e:03.1: [8086:3441] type 00 class 0x088000
[    1.812731] pci 0000:7e:03.2: [8086:3442] type 00 class 0x088000
[    1.812836] pci 0000:7e:04.0: [8086:3440] type 00 class 0x088000
[    1.812978] pci 0000:7e:04.1: [8086:3441] type 00 class 0x088000
[    1.813118] pci 0000:7e:04.2: [8086:3442] type 00 class 0x088000
[    1.813263] pci 0000:7e:04.3: [8086:3443] type 00 class 0x088000
[    1.813416] pci 0000:7e:05.0: [8086:3445] type 00 class 0x088000
[    1.813552] pci 0000:7e:05.1: [8086:3446] type 00 class 0x088000
[    1.813687] pci 0000:7e:05.2: [8086:3447] type 00 class 0x088000
[    1.813833] pci 0000:7e:06.0: [8086:3445] type 00 class 0x088000
[    1.813935] pci 0000:7e:06.1: [8086:3446] type 00 class 0x088000
[    1.814036] pci 0000:7e:06.2: [8086:3447] type 00 class 0x088000
[    1.814158] pci 0000:7e:07.0: [8086:3445] type 00 class 0x088000
[    1.814306] pci 0000:7e:07.1: [8086:3446] type 00 class 0x088000
[    1.814450] pci 0000:7e:07.2: [8086:3447] type 00 class 0x088000
[    1.814602] pci 0000:7e:0b.0: [8086:3448] type 00 class 0x088000
[    1.814691] pci 0000:7e:0b.1: [8086:3448] type 00 class 0x088000
[    1.814778] pci 0000:7e:0b.2: [8086:344b] type 00 class 0x088000
[    1.814883] pci 0000:7e:0c.0: [8086:344a] type 00 class 0x110100
[    1.815008] pci 0000:7e:0d.0: [8086:344a] type 00 class 0x110100
[    1.815117] pci 0000:7e:0e.0: [8086:344a] type 00 class 0x110100
[    1.815289] pci 0000:7e:0f.0: [8086:344a] type 00 class 0x110100
[    1.815481] pci 0000:7e:1a.0: [8086:2880] type 00 class 0x110100
[    1.815604] pci 0000:7e:1b.0: [8086:2880] type 00 class 0x110100
[    1.815715] pci 0000:7e:1c.0: [8086:2880] type 00 class 0x110100
[    1.815888] pci 0000:7e:1d.0: [8086:2880] type 00 class 0x110100
[    1.816049] pci_bus 0000:7e: on NUMA node 0
[    1.816126] ACPI: PCI Root Bridge [UC07] (domain 0000 [bus 7f])
[    1.816129] acpi PNP0A03:01: _OSC: OS supports [ExtendedConfig ASPM ClockPM Segments MSI HPX-Type3]
[    1.816296] acpi PNP0A03:01: _OSC: platform does not support [SHPCHotplug AER LTR]
[    1.816466] acpi PNP0A03:01: _OSC: OS now controls [PCIeHotplug PME PCIeCapability]
[    1.816467] acpi PNP0A03:01: FADT indicates ASPM is unsupported, using BIOS configuration
[    1.816601] PCI host bridge to bus 0000:7f
[    1.816602] pci_bus 0000:7f: root bus resource [bus 7f]
[    1.816644] pci 0000:7f:00.0: [8086:344c] type 00 class 0x088000
[    1.816777] pci 0000:7f:00.1: [8086:344c] type 00 class 0x088000
[    1.816913] pci 0000:7f:00.2: [8086:344c] type 00 class 0x088000
[    1.817058] pci 0000:7f:00.3: [8086:344c] type 00 class 0x088000
[    1.817173] pci 0000:7f:00.4: [8086:344c] type 00 class 0x088000
[    1.817319] pci 0000:7f:00.5: [8086:344c] type 00 class 0x088000
[    1.817460] pci 0000:7f:00.6: [8086:344c] type 00 class 0x088000
[    1.817563] pci 0000:7f:00.7: [8086:344c] type 00 class 0x088000
[    1.817685] pci 0000:7f:01.0: [8086:344c] type 00 class 0x088000
[    1.817837] pci 0000:7f:01.1: [8086:344c] type 00 class 0x088000
[    1.817985] pci 0000:7f:01.2: [8086:344c] type 00 class 0x088000
[    1.818095] pci 0000:7f:01.3: [8086:344c] type 00 class 0x088000
[    1.818251] pci 0000:7f:01.4: [8086:344c] type 00 class 0x088000
[    1.818409] pci 0000:7f:01.5: [8086:344c] type 00 class 0x088000
[    1.818570] pci 0000:7f:01.6: [8086:344c] type 00 class 0x088000
[    1.818717] pci 0000:7f:01.7: [8086:344c] type 00 class 0x088000
[    1.818885] pci 0000:7f:02.0: [8086:344c] type 00 class 0x088000
[    1.819040] pci 0000:7f:02.1: [8086:344c] type 00 class 0x088000
[    1.819197] pci 0000:7f:02.2: [8086:344c] type 00 class 0x088000
[    1.819359] pci 0000:7f:02.3: [8086:344c] type 00 class 0x088000
[    1.819524] pci 0000:7f:02.4: [8086:344c] type 00 class 0x088000
[    1.819689] pci 0000:7f:02.5: [8086:344c] type 00 class 0x088000
[    1.819852] pci 0000:7f:02.6: [8086:344c] type 00 class 0x088000
[    1.820025] pci 0000:7f:02.7: [8086:344c] type 00 class 0x088000
[    1.820211] pci 0000:7f:03.0: [8086:344c] type 00 class 0x088000
[    1.820380] pci 0000:7f:03.1: [8086:344c] type 00 class 0x088000
[    1.820556] pci 0000:7f:03.2: [8086:344c] type 00 class 0x088000
[    1.820736] pci 0000:7f:03.3: [8086:344c] type 00 class 0x088000
[    1.820934] pci 0000:7f:0a.0: [8086:344d] type 00 class 0x088000
[    1.821058] pci 0000:7f:0a.1: [8086:344d] type 00 class 0x088000
[    1.821193] pci 0000:7f:0a.2: [8086:344d] type 00 class 0x088000
[    1.821330] pci 0000:7f:0a.3: [8086:344d] type 00 class 0x088000
[    1.821445] pci 0000:7f:0a.4: [8086:344d] type 00 class 0x088000
[    1.821591] pci 0000:7f:0a.5: [8086:344d] type 00 class 0x088000
[    1.821732] pci 0000:7f:0a.6: [8086:344d] type 00 class 0x088000
[    1.821837] pci 0000:7f:0a.7: [8086:344d] type 00 class 0x088000
[    1.821960] pci 0000:7f:0b.0: [8086:344d] type 00 class 0x088000
[    1.822117] pci 0000:7f:0b.1: [8086:344d] type 00 class 0x088000
[    1.822264] pci 0000:7f:0b.2: [8086:344d] type 00 class 0x088000
[    1.822368] pci 0000:7f:0b.3: [8086:344d] type 00 class 0x088000
[    1.822525] pci 0000:7f:0b.4: [8086:344d] type 00 class 0x088000
[    1.822683] pci 0000:7f:0b.5: [8086:344d] type 00 class 0x088000
[    1.822844] pci 0000:7f:0b.6: [8086:344d] type 00 class 0x088000
[    1.822994] pci 0000:7f:0b.7: [8086:344d] type 00 class 0x088000
[    1.823163] pci 0000:7f:0c.0: [8086:344d] type 00 class 0x088000
[    1.823318] pci 0000:7f:0c.1: [8086:344d] type 00 class 0x088000
[    1.823474] pci 0000:7f:0c.2: [8086:344d] type 00 class 0x088000
[    1.823632] pci 0000:7f:0c.3: [8086:344d] type 00 class 0x088000
[    1.823798] pci 0000:7f:0c.4: [8086:344d] type 00 class 0x088000
[    1.823960] pci 0000:7f:0c.5: [8086:344d] type 00 class 0x088000
[    1.824123] pci 0000:7f:0c.6: [8086:344d] type 00 class 0x088000
[    1.824301] pci 0000:7f:0c.7: [8086:344d] type 00 class 0x088000
[    1.824487] pci 0000:7f:0d.0: [8086:344d] type 00 class 0x088000
[    1.824656] pci 0000:7f:0d.1: [8086:344d] type 00 class 0x088000
[    1.824834] pci 0000:7f:0d.2: [8086:344d] type 00 class 0x088000
[    1.825009] pci 0000:7f:0d.3: [8086:344d] type 00 class 0x088000
[    1.825218] pci 0000:7f:1d.0: [8086:344f] type 00 class 0x088000
[    1.825349] pci 0000:7f:1d.1: [8086:3457] type 00 class 0x088000
[    1.825494] pci 0000:7f:1e.0: [8086:3458] type 00 class 0x088000
[    1.825589] pci 0000:7f:1e.1: [8086:3459] type 00 class 0x088000
[    1.825680] pci 0000:7f:1e.2: [8086:345a] type 00 class 0x088000
[    1.825770] pci 0000:7f:1e.3: [8086:345b] type 00 class 0x088000
[    1.825858] pci 0000:7f:1e.4: [8086:345c] type 00 class 0x088000
[    1.825946] pci 0000:7f:1e.5: [8086:345d] type 00 class 0x088000
[    1.826033] pci 0000:7f:1e.6: [8086:345e] type 00 class 0x088000
[    1.826121] pci 0000:7f:1e.7: [8086:345f] type 00 class 0x088000
[    1.826195] pci_bus 0000:7f: on NUMA node 0
[    1.826293] ACPI: PCI Root Bridge [PC06] (domain 0000 [bus 80])
[    1.826295] acpi PNP0A08:06: _OSC: OS supports [ExtendedConfig ASPM ClockPM Segments MSI HPX-Type3]
[    1.840018] acpi PNP0A08:06: _OSC: platform does not support [SHPCHotplug AER]
[    1.840220] acpi PNP0A08:06: _OSC: OS now controls [PCIeHotplug PME PCIeCapability LTR]
[    1.840221] acpi PNP0A08:06: FADT indicates ASPM is unsupported, using BIOS configuration
[    1.840361] PCI host bridge to bus 0000:80
[    1.840362] pci_bus 0000:80: root bus resource [io  0xb000-0xbfff window]
[    1.840364] pci_bus 0000:80: root bus resource [mem 0xc6800000-0xd0ffffff window]
[    1.840365] pci_bus 0000:80: root bus resource [mem 0x250000000000-0x25ffffffffff window]
[    1.840366] pci_bus 0000:80: root bus resource [bus 80]
[    1.840398] pci 0000:80:00.0: [8086:09a2] type 00 class 0x088000
[    1.840492] pci 0000:80:00.1: [8086:09a4] type 00 class 0x088000
[    1.840581] pci 0000:80:00.2: [8086:09a3] type 00 class 0x088000
[    1.840671] pci 0000:80:00.4: [8086:0998] type 00 class 0x060000
[    1.840759] pci 0000:80:02.0: [8086:09a6] type 00 class 0x088000
[    1.840768] pci 0000:80:02.0: reg 0x10: [mem 0xc6aa4000-0xc6aa5fff]
[    1.840846] pci 0000:80:02.1: [8086:09a7] type 00 class 0x088000
[    1.840855] pci 0000:80:02.1: reg 0x10: [mem 0xc6a00000-0xc6a7ffff]
[    1.840860] pci 0000:80:02.1: reg 0x14: [mem 0xc6980000-0xc69fffff]
[    1.840947] pci 0000:80:02.4: [8086:3456] type 00 class 0x130000
[    1.840957] pci 0000:80:02.4: reg 0x10: [mem 0xc6800000-0xc68fffff 64bit]
[    1.840965] pci 0000:80:02.4: reg 0x18: [mem 0xc6aa0000-0xc6aa3fff 64bit]
[    1.840972] pci 0000:80:02.4: reg 0x20: [mem 0xc6a80000-0xc6a9ffff 64bit]
[    1.841034] pci_bus 0000:80: on NUMA node 1
[    1.841109] ACPI: PCI Root Bridge [PC07] (domain 0000 [bus 81])
[    1.841112] acpi PNP0A08:07: _OSC: OS supports [ExtendedConfig ASPM ClockPM Segments MSI HPX-Type3]
[    1.854783] acpi PNP0A08:07: _OSC: platform does not support [SHPCHotplug AER]
[    1.854985] acpi PNP0A08:07: _OSC: OS now controls [PCIeHotplug PME PCIeCapability LTR]
[    1.854986] acpi PNP0A08:07: FADT indicates ASPM is unsupported, using BIOS configuration
[    1.855097] PCI host bridge to bus 0000:81
[    1.855098] pci_bus 0000:81: root bus resource [io  0xc000-0xcfff window]
[    1.855100] pci_bus 0000:81: root bus resource [mem 0xd1000000-0xdbbfffff window]
[    1.855101] pci_bus 0000:81: root bus resource [mem 0x260000000000-0x26ffffffffff window]
[    1.855102] pci_bus 0000:81: root bus resource [bus 81]
[    1.855117] pci 0000:81:00.0: [8086:09a2] type 00 class 0x088000
[    1.855192] pci 0000:81:00.1: [8086:09a4] type 00 class 0x088000
[    1.855271] pci 0000:81:00.2: [8086:09a3] type 00 class 0x088000
[    1.855346] pci 0000:81:00.4: [8086:0998] type 00 class 0x060000
[    1.855432] pci_bus 0000:81: on NUMA node 1
[    1.855502] ACPI: PCI Root Bridge [PC08] (domain 0000 [bus 82])
[    1.855504] acpi PNP0A08:08: _OSC: OS supports [ExtendedConfig ASPM ClockPM Segments MSI HPX-Type3]
[    1.869286] acpi PNP0A08:08: _OSC: platform does not support [SHPCHotplug AER]
[    1.869488] acpi PNP0A08:08: _OSC: OS now controls [PCIeHotplug PME PCIeCapability LTR]
[    1.869489] acpi PNP0A08:08: FADT indicates ASPM is unsupported, using BIOS configuration
[    1.869600] PCI host bridge to bus 0000:82
[    1.869601] pci_bus 0000:82: root bus resource [io  0xd000-0xdfff window]
[    1.869602] pci_bus 0000:82: root bus resource [mem 0xdbc00000-0xe67fffff window]
[    1.869603] pci_bus 0000:82: root bus resource [mem 0x270000000000-0x27ffffffffff window]
[    1.869604] pci_bus 0000:82: root bus resource [bus 82]
[    1.869618] pci 0000:82:00.0: [8086:09a2] type 00 class 0x088000
[    1.869694] pci 0000:82:00.1: [8086:09a4] type 00 class 0x088000
[    1.869768] pci 0000:82:00.2: [8086:09a3] type 00 class 0x088000
[    1.869843] pci 0000:82:00.4: [8086:0998] type 00 class 0x060000
[    1.869922] pci_bus 0000:82: on NUMA node 1
[    1.870019] ACPI: PCI Root Bridge [PC10] (domain 0000 [bus 83-f9])
[    1.870021] acpi PNP0A08:0a: _OSC: OS supports [ExtendedConfig ASPM ClockPM Segments MSI HPX-Type3]
[    1.883733] acpi PNP0A08:0a: _OSC: platform does not support [SHPCHotplug AER]
[    1.883935] acpi PNP0A08:0a: _OSC: OS now controls [PCIeHotplug PME PCIeCapability LTR]
[    1.883936] acpi PNP0A08:0a: FADT indicates ASPM is unsupported, using BIOS configuration
[    1.884055] PCI host bridge to bus 0000:83
[    1.884056] pci_bus 0000:83: root bus resource [io  0xe000-0xefff window]
[    1.884058] pci_bus 0000:83: root bus resource [mem 0xe6800000-0xf13fffff window]
[    1.884059] pci_bus 0000:83: root bus resource [mem 0x280000000000-0x28ffffffffff window]
[    1.884060] pci_bus 0000:83: root bus resource [bus 83-f9]
[    1.884075] pci 0000:83:00.0: [8086:09a2] type 00 class 0x088000
[    1.884153] pci 0000:83:00.1: [8086:09a4] type 00 class 0x088000
[    1.884232] pci 0000:83:00.2: [8086:09a3] type 00 class 0x088000
[    1.884309] pci 0000:83:00.4: [8086:0998] type 00 class 0x060000
[    1.884389] pci_bus 0000:83: on NUMA node 1
[    1.884459] ACPI: PCI Root Bridge [PC11] (domain 0000 [bus fa])
[    1.884461] acpi PNP0A08:0b: _OSC: OS supports [ExtendedConfig ASPM ClockPM Segments MSI HPX-Type3]
[    1.898144] acpi PNP0A08:0b: _OSC: platform does not support [SHPCHotplug AER]
[    1.898345] acpi PNP0A08:0b: _OSC: OS now controls [PCIeHotplug PME PCIeCapability LTR]
[    1.898346] acpi PNP0A08:0b: FADT indicates ASPM is unsupported, using BIOS configuration
[    1.898456] PCI host bridge to bus 0000:fa
[    1.898457] pci_bus 0000:fa: root bus resource [io  0xf000-0xffff window]
[    1.898458] pci_bus 0000:fa: root bus resource [mem 0xf1400000-0xfb7fffff window]
[    1.898459] pci_bus 0000:fa: root bus resource [mem 0x290000000000-0x29ffffffffff window]
[    1.898460] pci_bus 0000:fa: root bus resource [bus fa]
[    1.898475] pci 0000:fa:00.0: [8086:09a2] type 00 class 0x088000
[    1.898551] pci 0000:fa:00.1: [8086:09a4] type 00 class 0x088000
[    1.898627] pci 0000:fa:00.2: [8086:09a3] type 00 class 0x088000
[    1.898702] pci 0000:fa:00.4: [8086:0998] type 00 class 0x060000
[    1.898783] pci_bus 0000:fa: on NUMA node 1
[    1.898846] ACPI: PCI Root Bridge [UC16] (domain 0000 [bus fe])
[    1.898848] acpi PNP0A03:02: _OSC: OS supports [ExtendedConfig ASPM ClockPM Segments MSI HPX-Type3]
[    1.899014] acpi PNP0A03:02: _OSC: platform does not support [SHPCHotplug AER LTR]
[    1.899184] acpi PNP0A03:02: _OSC: OS now controls [PCIeHotplug PME PCIeCapability]
[    1.899185] acpi PNP0A03:02: FADT indicates ASPM is unsupported, using BIOS configuration
[    1.899306] PCI host bridge to bus 0000:fe
[    1.899307] pci_bus 0000:fe: root bus resource [bus fe]
[    1.899339] pci 0000:fe:00.0: [8086:3450] type 00 class 0x088000
[    1.899424] pci 0000:fe:00.1: [8086:3451] type 00 class 0x088000
[    1.899509] pci 0000:fe:00.2: [8086:3452] type 00 class 0x088000
[    1.899591] pci 0000:fe:00.3: [8086:0998] type 00 class 0x060000
[    1.899672] pci 0000:fe:00.5: [8086:3455] type 00 class 0x088000
[    1.899775] pci 0000:fe:02.0: [8086:3440] type 00 class 0x088000
[    1.899916] pci 0000:fe:02.1: [8086:3441] type 00 class 0x088000
[    1.900052] pci 0000:fe:02.2: [8086:3442] type 00 class 0x088000
[    1.900196] pci 0000:fe:03.0: [8086:3440] type 00 class 0x088000
[    1.900303] pci 0000:fe:03.1: [8086:3441] type 00 class 0x088000
[    1.900409] pci 0000:fe:03.2: [8086:3442] type 00 class 0x088000
[    1.900518] pci 0000:fe:04.0: [8086:3440] type 00 class 0x088000
[    1.900664] pci 0000:fe:04.1: [8086:3441] type 00 class 0x088000
[    1.900805] pci 0000:fe:04.2: [8086:3442] type 00 class 0x088000
[    1.900948] pci 0000:fe:04.3: [8086:3443] type 00 class 0x088000
[    1.901104] pci 0000:fe:05.0: [8086:3445] type 00 class 0x088000
[    1.901247] pci 0000:fe:05.1: [8086:3446] type 00 class 0x088000
[    1.901386] pci 0000:fe:05.2: [8086:3447] type 00 class 0x088000
[    1.901541] pci 0000:fe:06.0: [8086:3445] type 00 class 0x088000
[    1.901648] pci 0000:fe:06.1: [8086:3446] type 00 class 0x088000
[    1.901751] pci 0000:fe:06.2: [8086:3447] type 00 class 0x088000
[    1.901875] pci 0000:fe:07.0: [8086:3445] type 00 class 0x088000
[    1.902022] pci 0000:fe:07.1: [8086:3446] type 00 class 0x088000
[    1.902168] pci 0000:fe:07.2: [8086:3447] type 00 class 0x088000
[    1.902321] pci 0000:fe:0b.0: [8086:3448] type 00 class 0x088000
[    1.902412] pci 0000:fe:0b.1: [8086:3448] type 00 class 0x088000
[    1.902503] pci 0000:fe:0b.2: [8086:344b] type 00 class 0x088000
[    1.902611] pci 0000:fe:0c.0: [8086:344a] type 00 class 0x110100
[    1.902739] pci 0000:fe:0d.0: [8086:344a] type 00 class 0x110100
[    1.902852] pci 0000:fe:0e.0: [8086:344a] type 00 class 0x110100
[    1.903023] pci 0000:fe:0f.0: [8086:344a] type 00 class 0x110100
[    1.903217] pci 0000:fe:1a.0: [8086:2880] type 00 class 0x110100
[    1.903343] pci 0000:fe:1b.0: [8086:2880] type 00 class 0x110100
[    1.903454] pci 0000:fe:1c.0: [8086:2880] type 00 class 0x110100
[    1.903635] pci 0000:fe:1d.0: [8086:2880] type 00 class 0x110100
[    1.903798] pci_bus 0000:fe: on NUMA node 1
[    1.903876] ACPI: PCI Root Bridge [UC17] (domain 0000 [bus ff])
[    1.903878] acpi PNP0A03:03: _OSC: OS supports [ExtendedConfig ASPM ClockPM Segments MSI HPX-Type3]
[    1.904043] acpi PNP0A03:03: _OSC: platform does not support [SHPCHotplug AER LTR]
[    1.904212] acpi PNP0A03:03: _OSC: OS now controls [PCIeHotplug PME PCIeCapability]
[    1.904213] acpi PNP0A03:03: FADT indicates ASPM is unsupported, using BIOS configuration
[    1.904347] PCI host bridge to bus 0000:ff
[    1.904348] pci_bus 0000:ff: root bus resource [bus ff]
[    1.904390] pci 0000:ff:00.0: [8086:344c] type 00 class 0x088000
[    1.904525] pci 0000:ff:00.1: [8086:344c] type 00 class 0x088000
[    1.904662] pci 0000:ff:00.2: [8086:344c] type 00 class 0x088000
[    1.904787] pci 0000:ff:00.3: [8086:344c] type 00 class 0x088000
[    1.904934] pci 0000:ff:00.4: [8086:344c] type 00 class 0x088000
[    1.905075] pci 0000:ff:00.5: [8086:344c] type 00 class 0x088000
[    1.905195] pci 0000:ff:00.6: [8086:344c] type 00 class 0x088000
[    1.905351] pci 0000:ff:00.7: [8086:344c] type 00 class 0x088000
[    1.905516] pci 0000:ff:01.0: [8086:344c] type 00 class 0x088000
[    1.905675] pci 0000:ff:01.1: [8086:344c] type 00 class 0x088000
[    1.905826] pci 0000:ff:01.2: [8086:344c] type 00 class 0x088000
[    1.905936] pci 0000:ff:01.3: [8086:344c] type 00 class 0x088000
[    1.906097] pci 0000:ff:01.4: [8086:344c] type 00 class 0x088000
[    1.906260] pci 0000:ff:01.5: [8086:344c] type 00 class 0x088000
[    1.906427] pci 0000:ff:01.6: [8086:344c] type 00 class 0x088000
[    1.906584] pci 0000:ff:01.7: [8086:344c] type 00 class 0x088000
[    1.906757] pci 0000:ff:02.0: [8086:344c] type 00 class 0x088000
[    1.906917] pci 0000:ff:02.1: [8086:344c] type 00 class 0x088000
[    1.907074] pci 0000:ff:02.2: [8086:344c] type 00 class 0x088000
[    1.907238] pci 0000:ff:02.3: [8086:344c] type 00 class 0x088000
[    1.907400] pci 0000:ff:02.4: [8086:344c] type 00 class 0x088000
[    1.907563] pci 0000:ff:02.5: [8086:344c] type 00 class 0x088000
[    1.907736] pci 0000:ff:02.6: [8086:344c] type 00 class 0x088000
[    1.907918] pci 0000:ff:02.7: [8086:344c] type 00 class 0x088000
[    1.908111] pci 0000:ff:03.0: [8086:344c] type 00 class 0x088000
[    1.908291] pci 0000:ff:03.1: [8086:344c] type 00 class 0x088000
[    1.908465] pci 0000:ff:03.2: [8086:344c] type 00 class 0x088000
[    1.908650] pci 0000:ff:03.3: [8086:344c] type 00 class 0x088000
[    1.908855] pci 0000:ff:0a.0: [8086:344d] type 00 class 0x088000
[    1.908984] pci 0000:ff:0a.1: [8086:344d] type 00 class 0x088000
[    1.909122] pci 0000:ff:0a.2: [8086:344d] type 00 class 0x088000
[    1.909252] pci 0000:ff:0a.3: [8086:344d] type 00 class 0x088000
[    1.909398] pci 0000:ff:0a.4: [8086:344d] type 00 class 0x088000
[    1.909540] pci 0000:ff:0a.5: [8086:344d] type 00 class 0x088000
[    1.909660] pci 0000:ff:0a.6: [8086:344d] type 00 class 0x088000
[    1.909812] pci 0000:ff:0a.7: [8086:344d] type 00 class 0x088000
[    1.909978] pci 0000:ff:0b.0: [8086:344d] type 00 class 0x088000
[    1.910136] pci 0000:ff:0b.1: [8086:344d] type 00 class 0x088000
[    1.910285] pci 0000:ff:0b.2: [8086:344d] type 00 class 0x088000
[    1.910399] pci 0000:ff:0b.3: [8086:344d] type 00 class 0x088000
[    1.910561] pci 0000:ff:0b.4: [8086:344d] type 00 class 0x088000
[    1.910723] pci 0000:ff:0b.5: [8086:344d] type 00 class 0x088000
[    1.910890] pci 0000:ff:0b.6: [8086:344d] type 00 class 0x088000
[    1.911042] pci 0000:ff:0b.7: [8086:344d] type 00 class 0x088000
[    1.911214] pci 0000:ff:0c.0: [8086:344d] type 00 class 0x088000
[    1.911373] pci 0000:ff:0c.1: [8086:344d] type 00 class 0x088000
[    1.911531] pci 0000:ff:0c.2: [8086:344d] type 00 class 0x088000
[    1.911699] pci 0000:ff:0c.3: [8086:344d] type 00 class 0x088000
[    1.911862] pci 0000:ff:0c.4: [8086:344d] type 00 class 0x088000
[    1.912026] pci 0000:ff:0c.5: [8086:344d] type 00 class 0x088000
[    1.912197] pci 0000:ff:0c.6: [8086:344d] type 00 class 0x088000
[    1.912366] pci 0000:ff:0c.7: [8086:344d] type 00 class 0x088000
[    1.912559] pci 0000:ff:0d.0: [8086:344d] type 00 class 0x088000
[    1.912737] pci 0000:ff:0d.1: [8086:344d] type 00 class 0x088000
[    1.912911] pci 0000:ff:0d.2: [8086:344d] type 00 class 0x088000
[    1.913103] pci 0000:ff:0d.3: [8086:344d] type 00 class 0x088000
[    1.913318] pci 0000:ff:1d.0: [8086:344f] type 00 class 0x088000
[    1.913456] pci 0000:ff:1d.1: [8086:3457] type 00 class 0x088000
[    1.913606] pci 0000:ff:1e.0: [8086:3458] type 00 class 0x088000
[    1.913701] pci 0000:ff:1e.1: [8086:3459] type 00 class 0x088000
[    1.913793] pci 0000:ff:1e.2: [8086:345a] type 00 class 0x088000
[    1.913884] pci 0000:ff:1e.3: [8086:345b] type 00 class 0x088000
[    1.913975] pci 0000:ff:1e.4: [8086:345c] type 00 class 0x088000
[    1.914072] pci 0000:ff:1e.5: [8086:345d] type 00 class 0x088000
[    1.914162] pci 0000:ff:1e.6: [8086:345e] type 00 class 0x088000
[    1.914252] pci 0000:ff:1e.7: [8086:345f] type 00 class 0x088000
[    1.914326] pci_bus 0000:ff: on NUMA node 1
[    1.915882] iommu: Default domain type: Translated 
[    1.915882] iommu: DMA domain TLB invalidation policy: lazy mode 
[    1.915892] pci 0000:03:00.0: vgaarb: setting as boot VGA device
[    1.915892] pci 0000:03:00.0: vgaarb: VGA device added: decodes=io+mem,owns=io+mem,locks=none
[    1.915927] pci 0000:03:00.0: vgaarb: bridge control possible
[    1.915928] vgaarb: loaded
[    1.916110] SCSI subsystem initialized
[    1.916141] libata version 3.00 loaded.
[    1.916141] ACPI: bus type USB registered
[    1.916141] usbcore: registered new interface driver usbfs
[    1.916141] usbcore: registered new interface driver hub
[    1.916141] usbcore: registered new device driver usb
[    1.916141] pps_core: LinuxPPS API ver. 1 registered
[    1.916141] pps_core: Software ver. 5.3.6 - Copyright 2005-2007 Rodolfo Giometti <giometti@linux.it>
[    1.916141] PTP clock support registered
[    1.916141] EDAC MC: Ver: 3.0.0
[    1.919896] Registered efivars operations
[    1.920025] NetLabel: Initializing
[    1.920026] NetLabel:  domain hash size = 128
[    1.920027] NetLabel:  protocols = UNLABELED CIPSOv4 CALIPSO
[    1.920040] NetLabel:  unlabeled traffic allowed by default
[    1.920049] PCI: Using ACPI for IRQ routing
[    1.920208] PCI: pci_cache_line_size set to 64 bytes
[    1.920759] e820: reserve RAM buffer [mem 0x0008f000-0x0008ffff]
[    1.920761] e820: reserve RAM buffer [mem 0x46cc5020-0x47ffffff]
[    1.920762] e820: reserve RAM buffer [mem 0x46cf7020-0x47ffffff]
[    1.920763] e820: reserve RAM buffer [mem 0x46d2a020-0x47ffffff]
[    1.920764] e820: reserve RAM buffer [mem 0x46d5d020-0x47ffffff]
[    1.920765] e820: reserve RAM buffer [mem 0x49e77000-0x4bffffff]
[    1.920767] e820: reserve RAM buffer [mem 0x4b2cf000-0x4bffffff]
[    1.920768] e820: reserve RAM buffer [mem 0x4bd94000-0x4bffffff]
[    1.920769] e820: reserve RAM buffer [mem 0x4ce00000-0x4fffffff]
[    1.920770] e820: reserve RAM buffer [mem 0x5eefe000-0x5fffffff]
[    1.920771] e820: reserve RAM buffer [mem 0x6f800000-0x6fffffff]
[    1.925144] hpet0: at MMIO 0xfed00000, IRQs 2, 8, 0, 0, 0, 0, 0, 0
[    1.925151] hpet0: 8 comparators, 64-bit 24.000000 MHz counter
[    1.929113] clocksource: Switched to clocksource tsc-early
[    1.936339] VFS: Disk quotas dquot_6.6.0
[    1.936379] VFS: Dquot-cache hash table entries: 512 (order 0, 4096 bytes)
[    1.936516] AppArmor: AppArmor Filesystem Enabled
[    1.936533] pnp: PnP ACPI init
[    1.951703] system 00:01: [io  0x0500-0x05fe] has been reserved
[    1.951706] system 00:01: [io  0x0400-0x041f] has been reserved
[    1.951708] system 00:01: [io  0x0600-0x061f] has been reserved
[    1.951709] system 00:01: [io  0x0ca0-0x0ca1] has been reserved
[    1.951710] system 00:01: [io  0x0ca4-0x0ca6] has been reserved
[    1.951712] system 00:01: [mem 0xff000000-0xffffffff] has been reserved
[    1.952298] system 00:04: [mem 0xfd000000-0xfdabffff] has been reserved
[    1.952300] system 00:04: [mem 0xfdad0000-0xfdadffff] has been reserved
[    1.952302] system 00:04: [mem 0xfdb00000-0xfdffffff] has been reserved
[    1.952303] system 00:04: [mem 0xfe000000-0xfe00ffff] has been reserved
[    1.952305] system 00:04: [mem 0xfe011000-0xfe01ffff] has been reserved
[    1.952306] system 00:04: [mem 0xfe036000-0xfe03bfff] has been reserved
[    1.952308] system 00:04: [mem 0xfe03d000-0xfe3fffff] has been reserved
[    1.952309] system 00:04: [mem 0xfe410000-0xfe7fffff] has been reserved
[    1.952625] system 00:05: [io  0x1000-0x10fe] has been reserved
[    1.953591] pnp: PnP ACPI: found 6 devices
[    1.959144] clocksource: acpi_pm: mask: 0xffffff max_cycles: 0xffffff, max_idle_ns: 2085701024 ns
[    1.959224] NET: Registered PF_INET protocol family
[    1.959559] IP idents hash table entries: 262144 (order: 9, 2097152 bytes, vmalloc)
[    1.961678] tcp_listen_portaddr_hash hash table entries: 16384 (order: 6, 262144 bytes, vmalloc)
[    1.962021] TCP established hash table entries: 262144 (order: 9, 2097152 bytes, vmalloc)
[    1.962410] TCP bind hash table entries: 65536 (order: 8, 1048576 bytes, vmalloc)
[    1.962471] TCP: Hash tables configured (established 262144 bind 65536)
[    1.962657] UDP hash table entries: 16384 (order: 7, 524288 bytes, vmalloc)
[    1.962772] UDP-Lite hash table entries: 16384 (order: 7, 524288 bytes, vmalloc)
[    1.963001] NET: Registered PF_UNIX/PF_LOCAL protocol family
[    1.963006] NET: Registered PF_XDP protocol family
[    1.963015] pci 0000:04:00.0: can't claim BAR 6 [mem 0xfffc0000-0xffffffff pref]: no compatible bridge window
[    1.963018] pci 0000:04:00.1: can't claim BAR 6 [mem 0xfffc0000-0xffffffff pref]: no compatible bridge window
[    1.963020] pci 0000:17:00.0: can't claim BAR 6 [mem 0xfff00000-0xffffffff pref]: no compatible bridge window
[    1.963034] pci 0000:00:1c.5: BAR 14: assigned [mem 0x90000000-0x900fffff]
[    1.963037] pci 0000:00:1c.0: PCI bridge to [bus 01]
[    1.963046] pci 0000:02:00.0: PCI bridge to [bus 03]
[    1.963051] pci 0000:02:00.0:   bridge window [mem 0x92000000-0x928fffff]
[    1.963055] pci 0000:02:00.0:   bridge window [mem 0x91000000-0x91ffffff 64bit pref]
[    1.963061] pci 0000:00:1c.4: PCI bridge to [bus 02-03]
[    1.963064] pci 0000:00:1c.4:   bridge window [mem 0x92000000-0x928fffff]
[    1.963067] pci 0000:00:1c.4:   bridge window [mem 0x91000000-0x91ffffff 64bit pref]
[    1.963072] pci 0000:04:00.0: BAR 6: assigned [mem 0x90000000-0x9003ffff pref]
[    1.963074] pci 0000:04:00.1: BAR 6: assigned [mem 0x90040000-0x9007ffff pref]
[    1.963075] pci 0000:00:1c.5: PCI bridge to [bus 04]
[    1.963078] pci 0000:00:1c.5:   bridge window [mem 0x90000000-0x900fffff]
[    1.963081] pci 0000:00:1c.5:   bridge window [mem 0x92900000-0x929fffff 64bit pref]
[    1.963085] pci_bus 0000:00: resource 4 [io  0x0000-0x0cf7 window]
[    1.963087] pci_bus 0000:00: resource 5 [io  0x1000-0x4fff window]
[    1.963088] pci_bus 0000:00: resource 6 [mem 0x000a0000-0x000bffff window]
[    1.963089] pci_bus 0000:00: resource 7 [mem 0x000c8000-0x000cffff window]
[    1.963090] pci_bus 0000:00: resource 8 [mem 0xfe010000-0xfe010fff window]
[    1.963091] pci_bus 0000:00: resource 9 [mem 0x90000000-0x9b7fffff window]
[    1.963093] pci_bus 0000:00: resource 10 [mem 0x200000000000-0x20ffffffffff window]
[    1.963094] pci_bus 0000:02: resource 1 [mem 0x92000000-0x928fffff]
[    1.963096] pci_bus 0000:02: resource 2 [mem 0x91000000-0x91ffffff 64bit pref]
[    1.963097] pci_bus 0000:03: resource 1 [mem 0x92000000-0x928fffff]
[    1.963098] pci_bus 0000:03: resource 2 [mem 0x91000000-0x91ffffff 64bit pref]
[    1.963099] pci_bus 0000:04: resource 1 [mem 0x90000000-0x900fffff]
[    1.963100] pci_bus 0000:04: resource 2 [mem 0x92900000-0x929fffff 64bit pref]
[    1.963168] pci 0000:17:00.0: BAR 6: no space for [mem size 0x00100000 pref]
[    1.963170] pci 0000:17:00.0: BAR 6: failed to assign [mem size 0x00100000 pref]
[    1.963171] pci 0000:16:02.0: PCI bridge to [bus 17]
[    1.963172] pci 0000:16:02.0:   bridge window [io  0x5000-0x5fff]
[    1.963175] pci 0000:16:02.0:   bridge window [mem 0x9ba00000-0x9bafffff]
[    1.963177] pci 0000:16:02.0:   bridge window [mem 0x9b800000-0x9b9fffff 64bit pref]
[    1.963181] pci_bus 0000:16: resource 4 [io  0x5000-0x6fff window]
[    1.963182] pci_bus 0000:16: resource 5 [mem 0x9b800000-0xa63fffff window]
[    1.963183] pci_bus 0000:16: resource 6 [mem 0x210000000000-0x21ffffffffff window]
[    1.963184] pci_bus 0000:17: resource 0 [io  0x5000-0x5fff]
[    1.963185] pci_bus 0000:17: resource 1 [mem 0x9ba00000-0x9bafffff]
[    1.963186] pci_bus 0000:17: resource 2 [mem 0x9b800000-0x9b9fffff 64bit pref]
[    1.963192] pci_bus 0000:30: resource 4 [io  0x7000-0x8fff window]
[    1.963193] pci_bus 0000:30: resource 5 [mem 0xa6400000-0xb0ffffff window]
[    1.963194] pci_bus 0000:30: resource 6 [mem 0x220000000000-0x22ffffffffff window]
[    1.963200] pci_bus 0000:4a: resource 4 [io  0x9000-0x9fff window]
[    1.963201] pci_bus 0000:4a: resource 5 [mem 0xb1000000-0xbbbfffff window]
[    1.963202] pci_bus 0000:4a: resource 6 [mem 0x230000000000-0x23ffffffffff window]
[    1.963208] pci_bus 0000:64: resource 4 [io  0xa000-0xafff window]
[    1.963209] pci_bus 0000:64: resource 5 [mem 0xbbc00000-0xc5ffffff window]
[    1.963210] pci_bus 0000:64: resource 6 [mem 0x240000000000-0x24ffffffffff window]
[    1.963241] pci_bus 0000:80: resource 4 [io  0xb000-0xbfff window]
[    1.963242] pci_bus 0000:80: resource 5 [mem 0xc6800000-0xd0ffffff window]
[    1.963243] pci_bus 0000:80: resource 6 [mem 0x250000000000-0x25ffffffffff window]
[    1.963249] pci_bus 0000:81: resource 4 [io  0xc000-0xcfff window]
[    1.963250] pci_bus 0000:81: resource 5 [mem 0xd1000000-0xdbbfffff window]
[    1.963251] pci_bus 0000:81: resource 6 [mem 0x260000000000-0x26ffffffffff window]
[    1.963256] pci_bus 0000:82: resource 4 [io  0xd000-0xdfff window]
[    1.963257] pci_bus 0000:82: resource 5 [mem 0xdbc00000-0xe67fffff window]
