[    0.000000] Linux version 5.18.0 (xmu@xmu-PowerEdge-R750) (gcc (Ubuntu 8.4.0-1ubuntu1~18.04) 8.4.0, GNU ld (GNU Binutils for Ubuntu) 2.30) #1 SMP PREEMPT_DYNAMIC Sat Apr 6 15:16:25 CST 2024
[    0.000000] Command line: BOOT_IMAGE=/boot/vmlinuz-5.18.0 root=UUID=ce0c24b8-724b-4f33-9b2c-618433560aef ro memmap=16173M!4096M memmap=59G!64G quiet splash nomodeset vt.handoff=1
[    0.000000] KERNEL supported cpus:
[    0.000000]   Intel GenuineIntel
[    0.000000]   AMD AuthenticAMD
[    0.000000]   Hygon HygonGenuine
[    0.000000]   Centaur CentaurHauls
[    0.000000]   zhaoxin   Shanghai  
[    0.000000] x86/split lock detection: #AC: crashing the kernel on kernel split_locks and warning on user-space split_locks
[    0.000000] x86/fpu: Supporting XSAVE feature 0x001: 'x87 floating point registers'
[    0.000000] x86/fpu: Supporting XSAVE feature 0x002: 'SSE registers'
[    0.000000] x86/fpu: Supporting XSAVE feature 0x004: 'AVX registers'
[    0.000000] x86/fpu: Supporting XSAVE feature 0x020: 'AVX-512 opmask'
[    0.000000] x86/fpu: Supporting XSAVE feature 0x040: 'AVX-512 Hi256'
[    0.000000] x86/fpu: Supporting XSAVE feature 0x080: 'AVX-512 ZMM_Hi256'
[    0.000000] x86/fpu: Supporting XSAVE feature 0x200: 'Protection Keys User registers'
[    0.000000] x86/fpu: xstate_offset[2]:  576, xstate_sizes[2]:  256
[    0.000000] x86/fpu: xstate_offset[5]:  832, xstate_sizes[5]:   64
[    0.000000] x86/fpu: xstate_offset[6]:  896, xstate_sizes[6]:  512
[    0.000000] x86/fpu: xstate_offset[7]: 1408, xstate_sizes[7]: 1024
[    0.000000] x86/fpu: xstate_offset[9]: 2432, xstate_sizes[9]:    8
[    0.000000] x86/fpu: Enabled xstate features 0x2e7, context size is 2440 bytes, using 'compacted' format.
[    0.000000] signal: max sigframe size: 3632
[    0.000000] BIOS-provided physical RAM map:
[    0.000000] BIOS-e820: [mem 0x0000000000000000-0x000000000008efff] usable
[    0.000000] BIOS-e820: [mem 0x000000000008f000-0x000000000008ffff] reserved
[    0.000000] BIOS-e820: [mem 0x0000000000090000-0x000000000009ffff] usable
[    0.000000] BIOS-e820: [mem 0x00000000000a0000-0x00000000000fffff] reserved
[    0.000000] BIOS-e820: [mem 0x0000000000100000-0x0000000049e76fff] usable
[    0.000000] BIOS-e820: [mem 0x0000000049e77000-0x000000004ae76fff] ACPI NVS
[    0.000000] BIOS-e820: [mem 0x000000004ae77000-0x000000004b2cefff] usable
[    0.000000] BIOS-e820: [mem 0x000000004b2cf000-0x000000004b54dfff] ACPI data
[    0.000000] BIOS-e820: [mem 0x000000004b54e000-0x000000004bd93fff] usable
[    0.000000] BIOS-e820: [mem 0x000000004bd94000-0x000000004be99fff] reserved
[    0.000000] BIOS-e820: [mem 0x000000004be9a000-0x000000004cdfffff] usable
[    0.000000] BIOS-e820: [mem 0x000000004ce00000-0x000000004cffffff] reserved
[    0.000000] BIOS-e820: [mem 0x000000004d000000-0x000000005eefdfff] usable
[    0.000000] BIOS-e820: [mem 0x000000005eefe000-0x000000006e3fefff] reserved
[    0.000000] BIOS-e820: [mem 0x000000006e3ff000-0x000000006f3fefff] ACPI NVS
[    0.000000] BIOS-e820: [mem 0x000000006f3ff000-0x000000006f7fefff] ACPI data
[    0.000000] BIOS-e820: [mem 0x000000006f7ff000-0x000000006f7fffff] usable
[    0.000000] BIOS-e820: [mem 0x000000006f800000-0x000000008fffffff] reserved
[    0.000000] BIOS-e820: [mem 0x00000000fe000000-0x00000000fe010fff] reserved
[    0.000000] BIOS-e820: [mem 0x0000000100000000-0x000000207fffffff] usable
[    0.000000] BIOS-e820: [mem 0x0000002080000000-0x0000011c7fffffff] persistent (type 7)
[    0.000000] BIOS-e820: [mem 0x00001ffc00000000-0x00001fffffffffff] reserved
[    0.000000] NX (Execute Disable) protection: active
[    0.000000] e820: update [mem 0x46d5c020-0x46d6405f] usable ==> usable
[    0.000000] e820: update [mem 0x46d5c020-0x46d6405f] usable ==> usable
[    0.000000] e820: update [mem 0x46d29020-0x46d5bc5f] usable ==> usable
[    0.000000] e820: update [mem 0x46d29020-0x46d5bc5f] usable ==> usable
[    0.000000] e820: update [mem 0x46cf6020-0x46d28c5f] usable ==> usable
[    0.000000] e820: update [mem 0x46cf6020-0x46d28c5f] usable ==> usable
[    0.000000] e820: update [mem 0x46cc4020-0x46cf5a5f] usable ==> usable
[    0.000000] e820: update [mem 0x46cc4020-0x46cf5a5f] usable ==> usable
[    0.000000] extended physical RAM map:
[    0.000000] reserve setup_data: [mem 0x0000000000000000-0x000000000008efff] usable
[    0.000000] reserve setup_data: [mem 0x000000000008f000-0x000000000008ffff] reserved
[    0.000000] reserve setup_data: [mem 0x0000000000090000-0x000000000009ffff] usable
[    0.000000] reserve setup_data: [mem 0x00000000000a0000-0x00000000000fffff] reserved
[    0.000000] reserve setup_data: [mem 0x0000000000100000-0x0000000046cc401f] usable
[    0.000000] reserve setup_data: [mem 0x0000000046cc4020-0x0000000046cf5a5f] usable
[    0.000000] reserve setup_data: [mem 0x0000000046cf5a60-0x0000000046cf601f] usable
[    0.000000] reserve setup_data: [mem 0x0000000046cf6020-0x0000000046d28c5f] usable
[    0.000000] reserve setup_data: [mem 0x0000000046d28c60-0x0000000046d2901f] usable
[    0.000000] reserve setup_data: [mem 0x0000000046d29020-0x0000000046d5bc5f] usable
[    0.000000] reserve setup_data: [mem 0x0000000046d5bc60-0x0000000046d5c01f] usable
[    0.000000] reserve setup_data: [mem 0x0000000046d5c020-0x0000000046d6405f] usable
[    0.000000] reserve setup_data: [mem 0x0000000046d64060-0x0000000049e76fff] usable
[    0.000000] reserve setup_data: [mem 0x0000000049e77000-0x000000004ae76fff] ACPI NVS
[    0.000000] reserve setup_data: [mem 0x000000004ae77000-0x000000004b2cefff] usable
[    0.000000] reserve setup_data: [mem 0x000000004b2cf000-0x000000004b54dfff] ACPI data
[    0.000000] reserve setup_data: [mem 0x000000004b54e000-0x000000004bd93fff] usable
[    0.000000] reserve setup_data: [mem 0x000000004bd94000-0x000000004be99fff] reserved
[    0.000000] reserve setup_data: [mem 0x000000004be9a000-0x000000004cdfffff] usable
[    0.000000] reserve setup_data: [mem 0x000000004ce00000-0x000000004cffffff] reserved
[    0.000000] reserve setup_data: [mem 0x000000004d000000-0x000000005eefdfff] usable
[    0.000000] reserve setup_data: [mem 0x000000005eefe000-0x000000006e3fefff] reserved
[    0.000000] reserve setup_data: [mem 0x000000006e3ff000-0x000000006f3fefff] ACPI NVS
[    0.000000] reserve setup_data: [mem 0x000000006f3ff000-0x000000006f7fefff] ACPI data
[    0.000000] reserve setup_data: [mem 0x000000006f7ff000-0x000000006f7fffff] usable
[    0.000000] reserve setup_data: [mem 0x000000006f800000-0x000000008fffffff] reserved
[    0.000000] reserve setup_data: [mem 0x00000000fe000000-0x00000000fe010fff] reserved
[    0.000000] reserve setup_data: [mem 0x0000000100000000-0x00000004f2cfffff] persistent (type 12)
[    0.000000] reserve setup_data: [mem 0x00000004f2d00000-0x0000000fffffffff] usable
[    0.000000] reserve setup_data: [mem 0x0000001000000000-0x0000001ebfffffff] persistent (type 12)
[    0.000000] reserve setup_data: [mem 0x0000001ec0000000-0x000000207fffffff] usable
[    0.000000] reserve setup_data: [mem 0x0000002080000000-0x0000011c7fffffff] persistent (type 7)
[    0.000000] reserve setup_data: [mem 0x00001ffc00000000-0x00001fffffffffff] reserved
[    0.000000] user-defined physical RAM map:
[    0.000000] user: [mem 0x0000000000000000-0x000000000008efff] usable
[    0.000000] user: [mem 0x000000000008f000-0x000000000008ffff] reserved
[    0.000000] user: [mem 0x0000000000090000-0x000000000009ffff] usable
[    0.000000] user: [mem 0x00000000000a0000-0x00000000000fffff] reserved
[    0.000000] user: [mem 0x0000000000100000-0x0000000046cc401f] usable
[    0.000000] user: [mem 0x0000000046cc4020-0x0000000046cf5a5f] usable
[    0.000000] user: [mem 0x0000000046cf5a60-0x0000000046cf601f] usable
[    0.000000] user: [mem 0x0000000046cf6020-0x0000000046d28c5f] usable
[    0.000000] user: [mem 0x0000000046d28c60-0x0000000046d2901f] usable
[    0.000000] user: [mem 0x0000000046d29020-0x0000000046d5bc5f] usable
[    0.000000] user: [mem 0x0000000046d5bc60-0x0000000046d5c01f] usable
[    0.000000] user: [mem 0x0000000046d5c020-0x0000000046d6405f] usable
[    0.000000] user: [mem 0x0000000046d64060-0x0000000049e76fff] usable
[    0.000000] user: [mem 0x0000000049e77000-0x000000004ae76fff] ACPI NVS
[    0.000000] user: [mem 0x000000004ae77000-0x000000004b2cefff] usable
[    0.000000] user: [mem 0x000000004b2cf000-0x000000004b54dfff] ACPI data
[    0.000000] user: [mem 0x000000004b54e000-0x000000004bd93fff] usable
[    0.000000] user: [mem 0x000000004bd94000-0x000000004be99fff] reserved
[    0.000000] user: [mem 0x000000004be9a000-0x000000004cdfffff] usable
[    0.000000] user: [mem 0x000000004ce00000-0x000000004cffffff] reserved
[    0.000000] user: [mem 0x000000004d000000-0x000000005eefdfff] usable
[    0.000000] user: [mem 0x000000005eefe000-0x000000006e3fefff] reserved
[    0.000000] user: [mem 0x000000006e3ff000-0x000000006f3fefff] ACPI NVS
[    0.000000] user: [mem 0x000000006f3ff000-0x000000006f7fefff] ACPI data
[    0.000000] user: [mem 0x000000006f7ff000-0x000000006f7fffff] usable
[    0.000000] user: [mem 0x000000006f800000-0x000000008fffffff] reserved
[    0.000000] user: [mem 0x00000000fe000000-0x00000000fe010fff] reserved
[    0.000000] user: [mem 0x0000000100000000-0x00000004f2cfffff] persistent (type 12)
[    0.000000] user: [mem 0x00000004f2d00000-0x0000000fffffffff] usable
[    0.000000] user: [mem 0x0000001000000000-0x0000001ebfffffff] persistent (type 12)
[    0.000000] user: [mem 0x0000001ec0000000-0x000000207fffffff] usable
[    0.000000] user: [mem 0x0000002080000000-0x0000011c7fffffff] persistent (type 7)
[    0.000000] user: [mem 0x00001ffc00000000-0x00001fffffffffff] reserved
[    0.000000] efi: EFI v2.70 by Dell Inc.
[    0.000000] efi: ACPI=0x6f7fe000 ACPI 2.0=0x6f7fe014 MEMATTR=0x5b070020 SMBIOS=0x69526000 SMBIOS 3.0=0x69524000 MOKvar=0x5ef81000 RNG=0x5ef8a920 
[    0.000000] efi: seeding entropy pool
[    0.000000] SMBIOS 3.3.0 present.
[    0.000000] DMI: Dell Inc. PowerEdge R750/0K8F35, BIOS 1.10.2 03/03/2023
[    0.000000] tsc: Detected 2000.000 MHz processor
[    0.000006] e820: update [mem 0x00000000-0x00000fff] usable ==> reserved
[    0.000009] e820: remove [mem 0x000a0000-0x000fffff] usable
[    0.000017] last_pfn = 0x2080000 max_arch_pfn = 0x400000000
[    0.000196] x86/PAT: Configuration [0-7]: WB  WC  UC- UC  WB  WP  UC- WT  
[    0.002884] total RAM covered: 2095088M
[    0.002970]  gran_size: 64K 	chunk_size: 64K 	num_reg: 10  	lose cover RAM: 2016G
[    0.002973]  gran_size: 64K 	chunk_size: 128K 	num_reg: 10  	lose cover RAM: 2016G
[    0.002974]  gran_size: 64K 	chunk_size: 256K 	num_reg: 10  	lose cover RAM: 2016G
[    0.002976]  gran_size: 64K 	chunk_size: 512K 	num_reg: 10  	lose cover RAM: 2016G
[    0.002977]  gran_size: 64K 	chunk_size: 1M 	num_reg: 10  	lose cover RAM: 2016G
[    0.002978]  gran_size: 64K 	chunk_size: 2M 	num_reg: 10  	lose cover RAM: 2016G
[    0.002980]  gran_size: 64K 	chunk_size: 4M 	num_reg: 10  	lose cover RAM: 2016G
[    0.002981]  gran_size: 64K 	chunk_size: 8M 	num_reg: 10  	lose cover RAM: 2016G
[    0.002982]  gran_size: 64K 	chunk_size: 16M 	num_reg: 10  	lose cover RAM: 2016G
[    0.002984]  gran_size: 64K 	chunk_size: 32M 	num_reg: 10  	lose cover RAM: 1024G
[    0.002985]  gran_size: 64K 	chunk_size: 64M 	num_reg: 10  	lose cover RAM: 1024G
[    0.002986]  gran_size: 64K 	chunk_size: 128M 	num_reg: 10  	lose cover RAM: 1024G
[    0.002988]  gran_size: 64K 	chunk_size: 256M 	num_reg: 10  	lose cover RAM: 1024G
[    0.002989]  gran_size: 64K 	chunk_size: 512M 	num_reg: 10  	lose cover RAM: 1024G
[    0.002990]  gran_size: 64K 	chunk_size: 1G 	num_reg: 10  	lose cover RAM: 1024G
[    0.002992]  gran_size: 64K 	chunk_size: 2G 	num_reg: 10  	lose cover RAM: 1024G
[    0.002993]  gran_size: 128K 	chunk_size: 128K 	num_reg: 10  	lose cover RAM: 2016G
[    0.002994]  gran_size: 128K 	chunk_size: 256K 	num_reg: 10  	lose cover RAM: 2016G
[    0.002996]  gran_size: 128K 	chunk_size: 512K 	num_reg: 10  	lose cover RAM: 2016G
[    0.002997]  gran_size: 128K 	chunk_size: 1M 	num_reg: 10  	lose cover RAM: 2016G
[    0.002998]  gran_size: 128K 	chunk_size: 2M 	num_reg: 10  	lose cover RAM: 2016G
[    0.002999]  gran_size: 128K 	chunk_size: 4M 	num_reg: 10  	lose cover RAM: 2016G
[    0.003001]  gran_size: 128K 	chunk_size: 8M 	num_reg: 10  	lose cover RAM: 2016G
[    0.003002]  gran_size: 128K 	chunk_size: 16M 	num_reg: 10  	lose cover RAM: 2016G
[    0.003003]  gran_size: 128K 	chunk_size: 32M 	num_reg: 10  	lose cover RAM: 1024G
[    0.003005]  gran_size: 128K 	chunk_size: 64M 	num_reg: 10  	lose cover RAM: 1024G
[    0.003006]  gran_size: 128K 	chunk_size: 128M 	num_reg: 10  	lose cover RAM: 1024G
[    0.003007]  gran_size: 128K 	chunk_size: 256M 	num_reg: 10  	lose cover RAM: 1024G
[    0.003009]  gran_size: 128K 	chunk_size: 512M 	num_reg: 10  	lose cover RAM: 1024G
[    0.003010]  gran_size: 128K 	chunk_size: 1G 	num_reg: 10  	lose cover RAM: 1024G
[    0.003011]  gran_size: 128K 	chunk_size: 2G 	num_reg: 10  	lose cover RAM: 1024G
[    0.003013]  gran_size: 256K 	chunk_size: 256K 	num_reg: 10  	lose cover RAM: 2016G
[    0.003014]  gran_size: 256K 	chunk_size: 512K 	num_reg: 10  	lose cover RAM: 2016G
[    0.003016]  gran_size: 256K 	chunk_size: 1M 	num_reg: 10  	lose cover RAM: 2016G
[    0.003017]  gran_size: 256K 	chunk_size: 2M 	num_reg: 10  	lose cover RAM: 2016G
[    0.003018]  gran_size: 256K 	chunk_size: 4M 	num_reg: 10  	lose cover RAM: 2016G
[    0.003020]  gran_size: 256K 	chunk_size: 8M 	num_reg: 10  	lose cover RAM: 2016G
[    0.003021]  gran_size: 256K 	chunk_size: 16M 	num_reg: 10  	lose cover RAM: 2016G
[    0.003022]  gran_size: 256K 	chunk_size: 32M 	num_reg: 10  	lose cover RAM: 1024G
[    0.003024]  gran_size: 256K 	chunk_size: 64M 	num_reg: 10  	lose cover RAM: 1024G
[    0.003025]  gran_size: 256K 	chunk_size: 128M 	num_reg: 10  	lose cover RAM: 1024G
[    0.003026]  gran_size: 256K 	chunk_size: 256M 	num_reg: 10  	lose cover RAM: 1024G
[    0.003028]  gran_size: 256K 	chunk_size: 512M 	num_reg: 10  	lose cover RAM: 1024G
[    0.003029]  gran_size: 256K 	chunk_size: 1G 	num_reg: 10  	lose cover RAM: 1024G
[    0.003030]  gran_size: 256K 	chunk_size: 2G 	num_reg: 10  	lose cover RAM: 1024G
[    0.003032]  gran_size: 512K 	chunk_size: 512K 	num_reg: 10  	lose cover RAM: 2016G
[    0.003033]  gran_size: 512K 	chunk_size: 1M 	num_reg: 10  	lose cover RAM: 2016G
[    0.003034]  gran_size: 512K 	chunk_size: 2M 	num_reg: 10  	lose cover RAM: 2016G
[    0.003035]  gran_size: 512K 	chunk_size: 4M 	num_reg: 10  	lose cover RAM: 2016G
[    0.003037]  gran_size: 512K 	chunk_size: 8M 	num_reg: 10  	lose cover RAM: 2016G
[    0.003038]  gran_size: 512K 	chunk_size: 16M 	num_reg: 10  	lose cover RAM: 2016G
[    0.003039]  gran_size: 512K 	chunk_size: 32M 	num_reg: 10  	lose cover RAM: 1024G
[    0.003041]  gran_size: 512K 	chunk_size: 64M 	num_reg: 10  	lose cover RAM: 1024G
[    0.003042]  gran_size: 512K 	chunk_size: 128M 	num_reg: 10  	lose cover RAM: 1024G
[    0.003043]  gran_size: 512K 	chunk_size: 256M 	num_reg: 10  	lose cover RAM: 1024G
[    0.003045]  gran_size: 512K 	chunk_size: 512M 	num_reg: 10  	lose cover RAM: 1024G
[    0.003046]  gran_size: 512K 	chunk_size: 1G 	num_reg: 10  	lose cover RAM: 1024G
[    0.003047]  gran_size: 512K 	chunk_size: 2G 	num_reg: 10  	lose cover RAM: 1024G
[    0.003049]  gran_size: 1M 	chunk_size: 1M 	num_reg: 10  	lose cover RAM: 2016G
[    0.003050]  gran_size: 1M 	chunk_size: 2M 	num_reg: 10  	lose cover RAM: 2016G
[    0.003052]  gran_size: 1M 	chunk_size: 4M 	num_reg: 10  	lose cover RAM: 2016G
[    0.003053]  gran_size: 1M 	chunk_size: 8M 	num_reg: 10  	lose cover RAM: 2016G
[    0.003054]  gran_size: 1M 	chunk_size: 16M 	num_reg: 10  	lose cover RAM: 2016G
[    0.003055]  gran_size: 1M 	chunk_size: 32M 	num_reg: 10  	lose cover RAM: 1024G
[    0.003057]  gran_size: 1M 	chunk_size: 64M 	num_reg: 10  	lose cover RAM: 1024G
[    0.003058]  gran_size: 1M 	chunk_size: 128M 	num_reg: 10  	lose cover RAM: 1024G
[    0.003059]  gran_size: 1M 	chunk_size: 256M 	num_reg: 10  	lose cover RAM: 1024G
[    0.003061]  gran_size: 1M 	chunk_size: 512M 	num_reg: 10  	lose cover RAM: 1024G
[    0.003062]  gran_size: 1M 	chunk_size: 1G 	num_reg: 10  	lose cover RAM: 1024G
[    0.003063]  gran_size: 1M 	chunk_size: 2G 	num_reg: 10  	lose cover RAM: 1024G
[    0.003065]  gran_size: 2M 	chunk_size: 2M 	num_reg: 10  	lose cover RAM: 2016G
[    0.003066]  gran_size: 2M 	chunk_size: 4M 	num_reg: 10  	lose cover RAM: 2016G
[    0.003067]  gran_size: 2M 	chunk_size: 8M 	num_reg: 10  	lose cover RAM: 2016G
[    0.003068]  gran_size: 2M 	chunk_size: 16M 	num_reg: 10  	lose cover RAM: 2016G
[    0.003070]  gran_size: 2M 	chunk_size: 32M 	num_reg: 10  	lose cover RAM: 1024G
[    0.003071]  gran_size: 2M 	chunk_size: 64M 	num_reg: 10  	lose cover RAM: 1024G
[    0.003072]  gran_size: 2M 	chunk_size: 128M 	num_reg: 10  	lose cover RAM: 1024G
[    0.003074]  gran_size: 2M 	chunk_size: 256M 	num_reg: 10  	lose cover RAM: 1024G
[    0.003075]  gran_size: 2M 	chunk_size: 512M 	num_reg: 10  	lose cover RAM: 1024G
[    0.003077]  gran_size: 2M 	chunk_size: 1G 	num_reg: 10  	lose cover RAM: 1024G
[    0.003078]  gran_size: 2M 	chunk_size: 2G 	num_reg: 10  	lose cover RAM: 1024G
[    0.003079]  gran_size: 4M 	chunk_size: 4M 	num_reg: 10  	lose cover RAM: 2016G
[    0.003081]  gran_size: 4M 	chunk_size: 8M 	num_reg: 10  	lose cover RAM: 2016G
[    0.003082]  gran_size: 4M 	chunk_size: 16M 	num_reg: 10  	lose cover RAM: 2016G
[    0.003083]  gran_size: 4M 	chunk_size: 32M 	num_reg: 10  	lose cover RAM: 1024G
[    0.003085]  gran_size: 4M 	chunk_size: 64M 	num_reg: 10  	lose cover RAM: 1024G
[    0.003086]  gran_size: 4M 	chunk_size: 128M 	num_reg: 10  	lose cover RAM: 1024G
[    0.003087]  gran_size: 4M 	chunk_size: 256M 	num_reg: 10  	lose cover RAM: 1024G
[    0.003089]  gran_size: 4M 	chunk_size: 512M 	num_reg: 10  	lose cover RAM: 1024G
[    0.003090]  gran_size: 4M 	chunk_size: 1G 	num_reg: 10  	lose cover RAM: 1024G
[    0.003091]  gran_size: 4M 	chunk_size: 2G 	num_reg: 10  	lose cover RAM: 1024G
[    0.003093]  gran_size: 8M 	chunk_size: 8M 	num_reg: 10  	lose cover RAM: 2016G
[    0.003094]  gran_size: 8M 	chunk_size: 16M 	num_reg: 10  	lose cover RAM: 2016G
[    0.003095]  gran_size: 8M 	chunk_size: 32M 	num_reg: 10  	lose cover RAM: 1024G
[    0.003096]  gran_size: 8M 	chunk_size: 64M 	num_reg: 10  	lose cover RAM: 1024G
[    0.003098]  gran_size: 8M 	chunk_size: 128M 	num_reg: 10  	lose cover RAM: 1024G
[    0.003099]  gran_size: 8M 	chunk_size: 256M 	num_reg: 10  	lose cover RAM: 1024G
[    0.003100]  gran_size: 8M 	chunk_size: 512M 	num_reg: 10  	lose cover RAM: 1024G
[    0.003101]  gran_size: 8M 	chunk_size: 1G 	num_reg: 10  	lose cover RAM: 1024G
[    0.003103]  gran_size: 8M 	chunk_size: 2G 	num_reg: 10  	lose cover RAM: 1024G
[    0.003104]  gran_size: 16M 	chunk_size: 16M 	num_reg: 10  	lose cover RAM: 2016G
[    0.003105]  gran_size: 16M 	chunk_size: 32M 	num_reg: 10  	lose cover RAM: 1024G
[    0.003107]  gran_size: 16M 	chunk_size: 64M 	num_reg: 10  	lose cover RAM: 1024G
[    0.003108]  gran_size: 16M 	chunk_size: 128M 	num_reg: 10  	lose cover RAM: 1024G
[    0.003110]  gran_size: 16M 	chunk_size: 256M 	num_reg: 10  	lose cover RAM: 1024G
[    0.003111]  gran_size: 16M 	chunk_size: 512M 	num_reg: 10  	lose cover RAM: 1024G
[    0.003113]  gran_size: 16M 	chunk_size: 1G 	num_reg: 10  	lose cover RAM: 1024G
[    0.003114]  gran_size: 16M 	chunk_size: 2G 	num_reg: 10  	lose cover RAM: 1024G
[    0.003116]  gran_size: 32M 	chunk_size: 32M 	num_reg: 10  	lose cover RAM: 2031632M
[    0.003117]  gran_size: 32M 	chunk_size: 64M 	num_reg: 10  	lose cover RAM: 1048592M
[    0.003118]  gran_size: 32M 	chunk_size: 128M 	num_reg: 10  	lose cover RAM: 1048592M
[    0.003120]  gran_size: 32M 	chunk_size: 256M 	num_reg: 10  	lose cover RAM: 1048592M
[    0.003121]  gran_size: 32M 	chunk_size: 512M 	num_reg: 10  	lose cover RAM: 1048592M
[    0.003122]  gran_size: 32M 	chunk_size: 1G 	num_reg: 10  	lose cover RAM: 1048592M
[    0.003124]  gran_size: 32M 	chunk_size: 2G 	num_reg: 10  	lose cover RAM: 1048592M
[    0.003125]  gran_size: 64M 	chunk_size: 64M 	num_reg: 10  	lose cover RAM: 1966128M
[    0.003126]  gran_size: 64M 	chunk_size: 128M 	num_reg: 10  	lose cover RAM: 1048624M
[    0.003128]  gran_size: 64M 	chunk_size: 256M 	num_reg: 10  	lose cover RAM: 1048624M
[    0.003129]  gran_size: 64M 	chunk_size: 512M 	num_reg: 10  	lose cover RAM: 1048624M
[    0.003130]  gran_size: 64M 	chunk_size: 1G 	num_reg: 10  	lose cover RAM: 1048624M
[    0.003132]  gran_size: 64M 	chunk_size: 2G 	num_reg: 10  	lose cover RAM: 1048624M
[    0.003133]  gran_size: 128M 	chunk_size: 128M 	num_reg: 10  	lose cover RAM: 1835120M
[    0.003134]  gran_size: 128M 	chunk_size: 256M 	num_reg: 10  	lose cover RAM: 1048688M
[    0.003136]  gran_size: 128M 	chunk_size: 512M 	num_reg: 10  	lose cover RAM: 1048688M
[    0.003137]  gran_size: 128M 	chunk_size: 1G 	num_reg: 10  	lose cover RAM: 1048688M
[    0.003139]  gran_size: 128M 	chunk_size: 2G 	num_reg: 10  	lose cover RAM: 1048688M
[    0.003140]  gran_size: 256M 	chunk_size: 256M 	num_reg: 10  	lose cover RAM: 1573104M
[    0.003142]  gran_size: 256M 	chunk_size: 512M 	num_reg: 10  	lose cover RAM: 1048816M
[    0.003143]  gran_size: 256M 	chunk_size: 1G 	num_reg: 10  	lose cover RAM: 1048816M
[    0.003144]  gran_size: 256M 	chunk_size: 2G 	num_reg: 10  	lose cover RAM: 1048816M
[    0.003146]  gran_size: 512M 	chunk_size: 512M 	num_reg: 10  	lose cover RAM: 1049072M
[    0.003147]  gran_size: 512M 	chunk_size: 1G 	num_reg: 10  	lose cover RAM: 1049072M
[    0.003148]  gran_size: 512M 	chunk_size: 2G 	num_reg: 10  	lose cover RAM: 1049072M
[    0.003149]  gran_size: 1G 	chunk_size: 1G 	num_reg: 10  	lose cover RAM: 1008M
[    0.003151]  gran_size: 1G 	chunk_size: 2G 	num_reg: 10  	lose cover RAM: 1008M
[    0.003152]  gran_size: 2G 	chunk_size: 2G 	num_reg: 9  	lose cover RAM: 2032M
[    0.003154] mtrr_cleanup: can not find optimal value
[    0.003154] please specify mtrr_gran_size/mtrr_chunk_size
[    0.003157] e820: update [mem 0x7f000000-0xffffffff] usable ==> reserved
[    0.003160] x2apic: enabled by BIOS, switching to x2apic ops
[    0.003161] last_pfn = 0x6f800 max_arch_pfn = 0x400000000
[    0.014576] Using GB pages for direct mapping
[    0.015618] Secure boot disabled
[    0.015619] RAMDISK: [mem 0x205de61000-0x207fffffff]
[    0.015625] ACPI: Early table checksum verification disabled
[    0.015627] ACPI: RSDP 0x000000006F7FE014 000024 (v02 DELL  )
[    0.015631] ACPI: XSDT 0x000000006F41C188 0000F4 (v01 DELL   PE_SC3   00000000 DELL 01000013)
[    0.015637] ACPI: FACP 0x000000006F430000 000114 (v06 DELL   PE_SC3   00000000 DELL 00000001)
[    0.015642] ACPI: DSDT 0x000000004B4CE000 07FAD3 (v02 DELL   PE_SC3   00000003 DELL 00000001)
[    0.015646] ACPI: FACS 0x000000006F2F2000 000040
[    0.015649] ACPI: SSDT 0x000000006F7FB000 00159A (v02 INTEL  RAS_ACPI 00000001 INTL 20210331)
[    0.015653] ACPI: SSDT 0x000000006F7FA000 000745 (v02 INTEL  ADDRXLAT 00000001 INTL 20210331)
[    0.015656] ACPI: MCEJ 0x000000006F7F9000 000130 (v01 INTEL           00000001 INTL 0100000D)
[    0.015660] ACPI: BERT 0x000000006F7F8000 000030 (v01 DELL   PE_SC3   00000001 INTL 00000001)
[    0.015663] ACPI: ERST 0x000000006F7F7000 000230 (v01 DELL   PE_SC3   00000001 INTL 00000001)
[    0.015667] ACPI: SSDT 0x000000006F431000 3C524E (v02 INTEL  SSDTNVDR 00001000 INTL 20210331)
[    0.015670] ACPI: HMAT 0x000000006F42F000 000210 (v01 DELL   PE_SC3   00000001 DELL 00000001)
[    0.015673] ACPI: HPET 0x000000006F42E000 000038 (v01 DELL   PE_SC3   00000001 DELL 00000001)
[    0.015677] ACPI: MCFG 0x000000006F42D000 00003C (v01 DELL   PE_SC3   00000001 DELL 00000001)
[    0.015680] ACPI: MIGT 0x000000006F42C000 000040 (v01 DELL   PE_SC3   00000000 DELL 00000001)
[    0.015683] ACPI: MSCT 0x000000006F42B000 000090 (v01 DELL   PE_SC3   00000001 DELL 00000001)
[    0.015687] ACPI: PMTT 0x000000006F429000 0011E8 (v02 DELL   PE_SC3   00000001 DELL 00000001)
[    0.015690] ACPI: WSMT 0x000000006F428000 000028 (v01 DELL   PE_SC3   00000000 DELL 00000001)
[    0.015693] ACPI: APIC 0x000000006F427000 00075E (v04 DELL   PE_SC3   00000000 DELL 00000001)
[    0.015696] ACPI: SLIT 0x000000006F426000 00003C (v01 DELL   PE_SC3   00000001 DELL 01000013)
[    0.015700] ACPI: SRAT 0x000000006F41F000 006430 (v03 DELL   PE_SC3   00000002 DELL 01000013)
[    0.015703] ACPI: OEM4 0x000000004B346000 187A61 (v02 INTEL  CPU  CST 00003000 INTL 20210331)
[    0.015707] ACPI: SSDT 0x000000004B2CF000 0764A5 (v02 INTEL  SSDT  PM 00004000 INTL 20210331)
[    0.015710] ACPI: SSDT 0x000000006F41E000 000A1F (v02 DELL   PE_SC3   00000000 DELL 00000001)
[    0.015714] ACPI: HEST 0x000000006F41D000 00017C (v01 DELL   PE_SC3   00000001 INTL 00000001)
[    0.015717] ACPI: PCAT 0x000000006F41B000 00010C (v19 DELL   PE_SC3   00000002 DELL 00000001)
[    0.015720] ACPI: SSDT 0x000000006F413000 007299 (v02 INTEL  SpsNm    00000002 INTL 20210331)
[    0.015724] ACPI: SSDT 0x000000006F412000 000426 (v02 DELL   PE_SC3   00000002 DELL 00000001)
[    0.015727] ACPI: NFIT 0x000000006F7FD000 000488 (v01 DELL   PE_SC3   00000002 DELL 00000001)
[    0.015730] ACPI: DMAR 0x000000006F411000 000158 (v01 DELL   PE_SC3   00000001 DELL 00000001)
[    0.015733] ACPI: Reserving FACP table memory at [mem 0x6f430000-0x6f430113]
[    0.015735] ACPI: Reserving DSDT table memory at [mem 0x4b4ce000-0x4b54dad2]
[    0.015736] ACPI: Reserving FACS table memory at [mem 0x6f2f2000-0x6f2f203f]
[    0.015737] ACPI: Reserving SSDT table memory at [mem 0x6f7fb000-0x6f7fc599]
[    0.015738] ACPI: Reserving SSDT table memory at [mem 0x6f7fa000-0x6f7fa744]
[    0.015738] ACPI: Reserving MCEJ table memory at [mem 0x6f7f9000-0x6f7f912f]
[    0.015739] ACPI: Reserving BERT table memory at [mem 0x6f7f8000-0x6f7f802f]
[    0.015740] ACPI: Reserving ERST table memory at [mem 0x6f7f7000-0x6f7f722f]
[    0.015741] ACPI: Reserving SSDT table memory at [mem 0x6f431000-0x6f7f624d]
[    0.015742] ACPI: Reserving HMAT table memory at [mem 0x6f42f000-0x6f42f20f]
[    0.015743] ACPI: Reserving HPET table memory at [mem 0x6f42e000-0x6f42e037]
[    0.015744] ACPI: Reserving MCFG table memory at [mem 0x6f42d000-0x6f42d03b]
[    0.015745] ACPI: Reserving MIGT table memory at [mem 0x6f42c000-0x6f42c03f]
[    0.015746] ACPI: Reserving MSCT table memory at [mem 0x6f42b000-0x6f42b08f]
[    0.015747] ACPI: Reserving PMTT table memory at [mem 0x6f429000-0x6f42a1e7]
[    0.015747] ACPI: Reserving WSMT table memory at [mem 0x6f428000-0x6f428027]
[    0.015748] ACPI: Reserving APIC table memory at [mem 0x6f427000-0x6f42775d]
[    0.015749] ACPI: Reserving SLIT table memory at [mem 0x6f426000-0x6f42603b]
[    0.015750] ACPI: Reserving SRAT table memory at [mem 0x6f41f000-0x6f42542f]
[    0.015751] ACPI: Reserving OEM4 table memory at [mem 0x4b346000-0x4b4cda60]
[    0.015752] ACPI: Reserving SSDT table memory at [mem 0x4b2cf000-0x4b3454a4]
[    0.015753] ACPI: Reserving SSDT table memory at [mem 0x6f41e000-0x6f41ea1e]
[    0.015754] ACPI: Reserving HEST table memory at [mem 0x6f41d000-0x6f41d17b]
[    0.015755] ACPI: Reserving PCAT table memory at [mem 0x6f41b000-0x6f41b10b]
[    0.015756] ACPI: Reserving SSDT table memory at [mem 0x6f413000-0x6f41a298]
[    0.015757] ACPI: Reserving SSDT table memory at [mem 0x6f412000-0x6f412425]
[    0.015758] ACPI: Reserving NFIT table memory at [mem 0x6f7fd000-0x6f7fd487]
[    0.015759] ACPI: Reserving DMAR table memory at [mem 0x6f411000-0x6f411157]
[    0.015769] Setting APIC routing to cluster x2apic.
[    0.015816] SRAT: PXM 0 -> APIC 0x0000 -> Node 0
[    0.015818] SRAT: PXM 0 -> APIC 0x0001 -> Node 0
[    0.015818] SRAT: PXM 0 -> APIC 0x0002 -> Node 0
[    0.015819] SRAT: PXM 0 -> APIC 0x0003 -> Node 0
[    0.015820] SRAT: PXM 0 -> APIC 0x0004 -> Node 0
[    0.015820] SRAT: PXM 0 -> APIC 0x0005 -> Node 0
[    0.015821] SRAT: PXM 0 -> APIC 0x0006 -> Node 0
[    0.015822] SRAT: PXM 0 -> APIC 0x0007 -> Node 0
[    0.015822] SRAT: PXM 0 -> APIC 0x0008 -> Node 0
[    0.015823] SRAT: PXM 0 -> APIC 0x0009 -> Node 0
[    0.015824] SRAT: PXM 0 -> APIC 0x000a -> Node 0
[    0.015824] SRAT: PXM 0 -> APIC 0x000b -> Node 0
[    0.015825] SRAT: PXM 0 -> APIC 0x000c -> Node 0
[    0.015826] SRAT: PXM 0 -> APIC 0x000d -> Node 0
[    0.015827] SRAT: PXM 0 -> APIC 0x000e -> Node 0
[    0.015827] SRAT: PXM 0 -> APIC 0x000f -> Node 0
[    0.015828] SRAT: PXM 0 -> APIC 0x0010 -> Node 0
[    0.015829] SRAT: PXM 0 -> APIC 0x0011 -> Node 0
[    0.015830] SRAT: PXM 0 -> APIC 0x0012 -> Node 0
[    0.015831] SRAT: PXM 0 -> APIC 0x0013 -> Node 0
[    0.015831] SRAT: PXM 0 -> APIC 0x0014 -> Node 0
[    0.015832] SRAT: PXM 0 -> APIC 0x0015 -> Node 0
[    0.015833] SRAT: PXM 0 -> APIC 0x0016 -> Node 0
[    0.015833] SRAT: PXM 0 -> APIC 0x0017 -> Node 0
[    0.015834] SRAT: PXM 0 -> APIC 0x0018 -> Node 0
[    0.015834] SRAT: PXM 0 -> APIC 0x0019 -> Node 0
[    0.015835] SRAT: PXM 0 -> APIC 0x001a -> Node 0
[    0.015836] SRAT: PXM 0 -> APIC 0x001b -> Node 0
[    0.015836] SRAT: PXM 0 -> APIC 0x001c -> Node 0
[    0.015837] SRAT: PXM 0 -> APIC 0x001d -> Node 0
[    0.015838] SRAT: PXM 0 -> APIC 0x001e -> Node 0
[    0.015838] SRAT: PXM 0 -> APIC 0x001f -> Node 0
[    0.015839] SRAT: PXM 0 -> APIC 0x0020 -> Node 0
[    0.015840] SRAT: PXM 0 -> APIC 0x0021 -> Node 0
[    0.015840] SRAT: PXM 0 -> APIC 0x0022 -> Node 0
[    0.015841] SRAT: PXM 0 -> APIC 0x0023 -> Node 0
[    0.015842] SRAT: PXM 0 -> APIC 0x0024 -> Node 0
[    0.015842] SRAT: PXM 0 -> APIC 0x0025 -> Node 0
[    0.015843] SRAT: PXM 0 -> APIC 0x0026 -> Node 0
[    0.015844] SRAT: PXM 0 -> APIC 0x0027 -> Node 0
[    0.015844] SRAT: PXM 0 -> APIC 0x0028 -> Node 0
[    0.015845] SRAT: PXM 0 -> APIC 0x0029 -> Node 0
[    0.015846] SRAT: PXM 0 -> APIC 0x002a -> Node 0
[    0.015846] SRAT: PXM 0 -> APIC 0x002b -> Node 0
[    0.015847] SRAT: PXM 0 -> APIC 0x002c -> Node 0
[    0.015847] SRAT: PXM 0 -> APIC 0x002d -> Node 0
[    0.015848] SRAT: PXM 0 -> APIC 0x002e -> Node 0
[    0.015849] SRAT: PXM 0 -> APIC 0x002f -> Node 0
[    0.015849] SRAT: PXM 0 -> APIC 0x0030 -> Node 0
[    0.015850] SRAT: PXM 0 -> APIC 0x0031 -> Node 0
[    0.015851] SRAT: PXM 0 -> APIC 0x0032 -> Node 0
[    0.015851] SRAT: PXM 0 -> APIC 0x0033 -> Node 0
[    0.015852] SRAT: PXM 0 -> APIC 0x0034 -> Node 0
[    0.015853] SRAT: PXM 0 -> APIC 0x0035 -> Node 0
[    0.015853] SRAT: PXM 0 -> APIC 0x0036 -> Node 0
[    0.015854] SRAT: PXM 0 -> APIC 0x0037 -> Node 0
[    0.015855] SRAT: PXM 1 -> APIC 0x0080 -> Node 1
[    0.015855] SRAT: PXM 1 -> APIC 0x0081 -> Node 1
[    0.015856] SRAT: PXM 1 -> APIC 0x0082 -> Node 1
[    0.015857] SRAT: PXM 1 -> APIC 0x0083 -> Node 1
[    0.015858] SRAT: PXM 1 -> APIC 0x0084 -> Node 1
[    0.015858] SRAT: PXM 1 -> APIC 0x0085 -> Node 1
[    0.015859] SRAT: PXM 1 -> APIC 0x0086 -> Node 1
[    0.015860] SRAT: PXM 1 -> APIC 0x0087 -> Node 1
[    0.015861] SRAT: PXM 1 -> APIC 0x0088 -> Node 1
[    0.015861] SRAT: PXM 1 -> APIC 0x0089 -> Node 1
[    0.015862] SRAT: PXM 1 -> APIC 0x008a -> Node 1
[    0.015863] SRAT: PXM 1 -> APIC 0x008b -> Node 1
[    0.015863] SRAT: PXM 1 -> APIC 0x008c -> Node 1
[    0.015864] SRAT: PXM 1 -> APIC 0x008d -> Node 1
[    0.015864] SRAT: PXM 1 -> APIC 0x008e -> Node 1
[    0.015865] SRAT: PXM 1 -> APIC 0x008f -> Node 1
[    0.015866] SRAT: PXM 1 -> APIC 0x0090 -> Node 1
[    0.015866] SRAT: PXM 1 -> APIC 0x0091 -> Node 1
[    0.015867] SRAT: PXM 1 -> APIC 0x0092 -> Node 1
[    0.015868] SRAT: PXM 1 -> APIC 0x0093 -> Node 1
[    0.015868] SRAT: PXM 1 -> APIC 0x0094 -> Node 1
[    0.015869] SRAT: PXM 1 -> APIC 0x0095 -> Node 1
[    0.015870] SRAT: PXM 1 -> APIC 0x0096 -> Node 1
[    0.015870] SRAT: PXM 1 -> APIC 0x0097 -> Node 1
[    0.015871] SRAT: PXM 1 -> APIC 0x0098 -> Node 1
[    0.015872] SRAT: PXM 1 -> APIC 0x0099 -> Node 1
[    0.015872] SRAT: PXM 1 -> APIC 0x009a -> Node 1
[    0.015873] SRAT: PXM 1 -> APIC 0x009b -> Node 1
[    0.015874] SRAT: PXM 1 -> APIC 0x009c -> Node 1
[    0.015874] SRAT: PXM 1 -> APIC 0x009d -> Node 1
[    0.015875] SRAT: PXM 1 -> APIC 0x009e -> Node 1
[    0.015876] SRAT: PXM 1 -> APIC 0x009f -> Node 1
[    0.015876] SRAT: PXM 1 -> APIC 0x00a0 -> Node 1
[    0.015877] SRAT: PXM 1 -> APIC 0x00a1 -> Node 1
[    0.015878] SRAT: PXM 1 -> APIC 0x00a2 -> Node 1
[    0.015878] SRAT: PXM 1 -> APIC 0x00a3 -> Node 1
[    0.015879] SRAT: PXM 1 -> APIC 0x00a4 -> Node 1
[    0.015879] SRAT: PXM 1 -> APIC 0x00a5 -> Node 1
[    0.015880] SRAT: PXM 1 -> APIC 0x00a6 -> Node 1
[    0.015881] SRAT: PXM 1 -> APIC 0x00a7 -> Node 1
[    0.015881] SRAT: PXM 1 -> APIC 0x00a8 -> Node 1
[    0.015882] SRAT: PXM 1 -> APIC 0x00a9 -> Node 1
[    0.015883] SRAT: PXM 1 -> APIC 0x00aa -> Node 1
[    0.015883] SRAT: PXM 1 -> APIC 0x00ab -> Node 1
[    0.015884] SRAT: PXM 1 -> APIC 0x00ac -> Node 1
[    0.015885] SRAT: PXM 1 -> APIC 0x00ad -> Node 1
[    0.015885] SRAT: PXM 1 -> APIC 0x00ae -> Node 1
[    0.015886] SRAT: PXM 1 -> APIC 0x00af -> Node 1
[    0.015887] SRAT: PXM 1 -> APIC 0x00b0 -> Node 1
[    0.015887] SRAT: PXM 1 -> APIC 0x00b1 -> Node 1
[    0.015888] SRAT: PXM 1 -> APIC 0x00b2 -> Node 1
[    0.015889] SRAT: PXM 1 -> APIC 0x00b3 -> Node 1
[    0.015890] SRAT: PXM 1 -> APIC 0x00b4 -> Node 1
[    0.015890] SRAT: PXM 1 -> APIC 0x00b5 -> Node 1
[    0.015891] SRAT: PXM 1 -> APIC 0x00b6 -> Node 1
[    0.015892] SRAT: PXM 1 -> APIC 0x00b7 -> Node 1
[    0.015904] ACPI: SRAT: Node 0 PXM 0 [mem 0x00000000-0x7fffffff]
[    0.015906] ACPI: SRAT: Node 0 PXM 0 [mem 0x100000000-0x107fffffff]
[    0.015908] ACPI: SRAT: Node 2 PXM 2 [mem 0x2080000000-0x9e7fffffff] non-volatile
[    0.015909] ACPI: SRAT: Node 1 PXM 1 [mem 0x1080000000-0x207fffffff]
[    0.015910] ACPI: SRAT: Node 3 PXM 3 [mem 0x9e80000000-0x11c7fffffff] non-volatile
[    0.015919] NUMA: Initialized distance table, cnt=4
[    0.015923] NUMA: Node 0 [mem 0x00000000-0x7fffffff] + [mem 0x100000000-0x107fffffff] -> [mem 0x00000000-0x107fffffff]
[    0.015932] NODE_DATA(0) allocated [mem 0xffffd5000-0xfffffffff]
[    0.015949] NODE_DATA(1) allocated [mem 0x205de32000-0x205de5cfff]
[    0.016138] Zone ranges:
[    0.016139]   DMA      [mem 0x0000000000001000-0x0000000000ffffff]
[    0.016141]   DMA32    [mem 0x0000000001000000-0x00000000ffffffff]
[    0.016142]   Normal   [mem 0x0000000100000000-0x000000207fffffff]
[    0.016144]   Device   empty
[    0.016145] Movable zone start for each node
[    0.016148] Early memory node ranges
[    0.016149]   node   0: [mem 0x0000000000001000-0x000000000008efff]
[    0.016151]   node   0: [mem 0x0000000000090000-0x000000000009ffff]
[    0.016151]   node   0: [mem 0x0000000000100000-0x0000000049e76fff]
[    0.016152]   node   0: [mem 0x000000004ae77000-0x000000004b2cefff]
[    0.016153]   node   0: [mem 0x000000004b54e000-0x000000004bd93fff]
[    0.016154]   node   0: [mem 0x000000004be9a000-0x000000004cdfffff]
[    0.016155]   node   0: [mem 0x000000004d000000-0x000000005eefdfff]
[    0.016156]   node   0: [mem 0x000000006f7ff000-0x000000006f7fffff]
[    0.016156]   node   0: [mem 0x00000004f2d00000-0x0000000fffffffff]
[    0.016160]   node   1: [mem 0x0000001ec0000000-0x000000207fffffff]
[    0.016161] Initmem setup node 0 [mem 0x0000000000001000-0x0000000fffffffff]
[    0.016164] Initmem setup node 1 [mem 0x0000001ec0000000-0x000000207fffffff]
[    0.016166] Initializing node 2 as memoryless
[    0.016187] Initmem setup node 2 as memoryless
[    0.016188] Initializing node 3 as memoryless
[    0.016210] Initmem setup node 3 as memoryless
[    0.016211] On node 0, zone DMA: 1 pages in unavailable ranges
[    0.016213] On node 0, zone DMA: 1 pages in unavailable ranges
[    0.016240] On node 0, zone DMA: 96 pages in unavailable ranges
[    0.018539] On node 0, zone DMA32: 4096 pages in unavailable ranges
[    0.018566] On node 0, zone DMA32: 639 pages in unavailable ranges
[    0.018601] On node 0, zone DMA32: 262 pages in unavailable ranges
[    0.019166] On node 0, zone DMA32: 512 pages in unavailable ranges
[    0.019454] On node 0, zone DMA32: 35073 pages in unavailable ranges
[    0.106327] On node 0, zone Normal: 13568 pages in unavailable ranges
[    0.120559] ACPI: PM-Timer IO Port: 0x508
[    0.120578] ACPI: X2APIC_NMI (uid[0xffffffff] high edge lint[0x1])
[    0.120582] ACPI: LAPIC_NMI (acpi_id[0xff] high edge lint[0x1])
[    0.120601] IOAPIC[0]: apic_id 8, version 32, address 0xfec00000, GSI 0-119
[    0.120605] ACPI: INT_SRC_OVR (bus 0 bus_irq 0 global_irq 2 dfl dfl)
[    0.120607] ACPI: INT_SRC_OVR (bus 0 bus_irq 9 global_irq 9 high level)
[    0.120611] ACPI: Using ACPI (MADT) for SMP configuration information
[    0.120613] ACPI: HPET id: 0x8086a701 base: 0xfed00000
[    0.120617] TSC deadline timer available
[    0.120618] smpboot: Allowing 112 CPUs, 0 hotplug CPUs
[    0.120647] PM: hibernation: Registered nosave memory: [mem 0x00000000-0x00000fff]
[    0.120649] PM: hibernation: Registered nosave memory: [mem 0x0008f000-0x0008ffff]
[    0.120651] PM: hibernation: Registered nosave memory: [mem 0x000a0000-0x000fffff]
[    0.120653] PM: hibernation: Registered nosave memory: [mem 0x46cc4000-0x46cc4fff]
[    0.120655] PM: hibernation: Registered nosave memory: [mem 0x46cf5000-0x46cf5fff]
[    0.120656] PM: hibernation: Registered nosave memory: [mem 0x46cf6000-0x46cf6fff]
[    0.120658] PM: hibernation: Registered nosave memory: [mem 0x46d28000-0x46d28fff]
[    0.120658] PM: hibernation: Registered nosave memory: [mem 0x46d29000-0x46d29fff]
[    0.120660] PM: hibernation: Registered nosave memory: [mem 0x46d5b000-0x46d5bfff]
[    0.120661] PM: hibernation: Registered nosave memory: [mem 0x46d5c000-0x46d5cfff]
[    0.120663] PM: hibernation: Registered nosave memory: [mem 0x46d64000-0x46d64fff]
[    0.120665] PM: hibernation: Registered nosave memory: [mem 0x49e77000-0x4ae76fff]
[    0.120667] PM: hibernation: Registered nosave memory: [mem 0x4b2cf000-0x4b54dfff]
[    0.120669] PM: hibernation: Registered nosave memory: [mem 0x4bd94000-0x4be99fff]
[    0.120671] PM: hibernation: Registered nosave memory: [mem 0x4ce00000-0x4cffffff]
[    0.120673] PM: hibernation: Registered nosave memory: [mem 0x5eefe000-0x6e3fefff]
[    0.120674] PM: hibernation: Registered nosave memory: [mem 0x6e3ff000-0x6f3fefff]
[    0.120674] PM: hibernation: Registered nosave memory: [mem 0x6f3ff000-0x6f7fefff]
[    0.120676] PM: hibernation: Registered nosave memory: [mem 0x6f800000-0x8fffffff]
[    0.120677] PM: hibernation: Registered nosave memory: [mem 0x90000000-0xfdffffff]
[    0.120678] PM: hibernation: Registered nosave memory: [mem 0xfe000000-0xfe010fff]
[    0.120678] PM: hibernation: Registered nosave memory: [mem 0xfe011000-0xffffffff]
[    0.120679] PM: hibernation: Registered nosave memory: [mem 0x100000000-0x4f2cfffff]
[    0.120681] PM: hibernation: Registered nosave memory: [mem 0x1000000000-0x1ebfffffff]
[    0.120683] [mem 0x90000000-0xfdffffff] available for PCI devices
[    0.120685] Booting paravirtualized kernel on bare hardware
[    0.120688] clocksource: refined-jiffies: mask: 0xffffffff max_cycles: 0xffffffff, max_idle_ns: 7645519600211568 ns
[    0.120694] setup_percpu: NR_CPUS:8192 nr_cpumask_bits:112 nr_cpu_ids:112 nr_node_ids:4
[    0.125523] percpu: Embedded 61 pages/cpu s212992 r8192 d28672 u262144
[    0.125535] pcpu-alloc: s212992 r8192 d28672 u262144 alloc=1*2097152
[    0.125538] pcpu-alloc: [0] 000 002 004 006 008 010 012 014 
[    0.125544] pcpu-alloc: [0] 016 018 020 022 024 026 028 030 
[    0.125549] pcpu-alloc: [0] 032 034 036 038 040 042 044 046 
[    0.125553] pcpu-alloc: [0] 048 050 052 054 056 058 060 062 
[    0.125558] pcpu-alloc: [0] 064 066 068 070 072 074 076 078 
[    0.125562] pcpu-alloc: [0] 080 082 084 086 088 090 092 094 
[    0.125567] pcpu-alloc: [0] 096 098 100 102 104 106 108 110 
[    0.125571] pcpu-alloc: [1] 001 003 005 007 009 011 013 015 
[    0.125576] pcpu-alloc: [1] 017 019 021 023 025 027 029 031 
[    0.125581] pcpu-alloc: [1] 033 035 037 039 041 043 045 047 
[    0.125585] pcpu-alloc: [1] 049 051 053 055 057 059 061 063 
[    0.125589] pcpu-alloc: [1] 065 067 069 071 073 075 077 079 
[    0.125594] pcpu-alloc: [1] 081 083 085 087 089 091 093 095 
[    0.125598] pcpu-alloc: [1] 097 099 101 103 105 107 109 111 
[    0.125646] Fallback order for Node 0: 0 1 
[    0.125649] Fallback order for Node 1: 1 0 
[    0.125652] Fallback order for Node 2: 2 0 1 
[    0.125655] Fallback order for Node 3: 3 1 0 
[    0.125663] Built 2 zonelists, mobility grouping on.  Total pages: 13589704
[    0.125664] Policy zone: Normal
[    0.125666] Kernel command line: BOOT_IMAGE=/boot/vmlinuz-5.18.0 root=UUID=ce0c24b8-724b-4f33-9b2c-618433560aef ro memmap=16173M!4096M memmap=59G!64G quiet splash nomodeset vt.handoff=1
[    0.125791] Booted with the nomodeset parameter. Only the system framebuffer will be available
[    0.125813] Unknown kernel command line parameters "splash BOOT_IMAGE=/boot/vmlinuz-5.18.0", will be passed to user space.
[    0.125815] printk: log_buf_len individual max cpu contribution: 4096 bytes
[    0.125817] printk: log_buf_len total cpu_extra contributions: 454656 bytes
[    0.125818] printk: log_buf_len min size: 262144 bytes
[    0.126796] printk: log_buf_len: 1048576 bytes
[    0.126797] printk: early log buf free: 223664(85%)
[    0.128705] mem auto-init: stack:off, heap alloc:on, heap free:off
[    0.254794] Memory: 53531552K/55226464K available (16392K kernel code, 3615K rwdata, 10444K rodata, 2688K init, 5836K bss, 1694652K reserved, 0K cma-reserved)
[    0.254800] random: get_random_u64 called from __kmem_cache_create+0x2d/0x480 with crng_init=0
[    0.255547] SLUB: HWalign=64, Order=0-3, MinObjects=0, CPUs=112, Nodes=4
[    0.255581] ftrace: allocating 48795 entries in 191 pages
[    0.264103] ftrace: allocated 191 pages with 7 groups
[    0.265075] Dynamic Preempt: voluntary
[    0.265416] rcu: Preemptible hierarchical RCU implementation.
[    0.265417] rcu: 	RCU restricting CPUs from NR_CPUS=8192 to nr_cpu_ids=112.
[    0.265419] 	Trampoline variant of Tasks RCU enabled.
[    0.265420] 	Rude variant of Tasks RCU enabled.
[    0.265420] 	Tracing variant of Tasks RCU enabled.
[    0.265421] rcu: RCU calculated value of scheduler-enlistment delay is 25 jiffies.
[    0.265422] rcu: Adjusting geometry for rcu_fanout_leaf=16, nr_cpu_ids=112
[    0.269229] NR_IRQS: 524544, nr_irqs: 2952, preallocated irqs: 16
[    0.269580] random: crng init done (trusting CPU's manufacturer)
[    0.269717] Console: colour dummy device 80x25
[    0.269751] printk: console [tty0] enabled
[    0.269953] mempolicy: Enabling automatic NUMA balancing. Configure with numa_balancing= or the kernel.numa_balancing sysctl
[    0.269957] ACPI: Core revision 20211217
[    0.273398] clocksource: hpet: mask: 0xffffffff max_cycles: 0xffffffff, max_idle_ns: 79635855245 ns
[    0.273442] APIC: Switch to symmetric I/O mode setup
[    0.273443] DMAR: Host address width 46
[    0.273445] DMAR: DRHD base: 0x000000d0ffc000 flags: 0x0
[    0.273450] DMAR: dmar0: reg_base_addr d0ffc000 ver 4:0 cap 8ed008c40780466 ecap 60000f050df
[    0.273452] DMAR: DRHD base: 0x000000dbbfc000 flags: 0x0
[    0.273456] DMAR: dmar1: reg_base_addr dbbfc000 ver 4:0 cap 8ed008c40780466 ecap 60000f050df
[    0.273457] DMAR: DRHD base: 0x000000e67fc000 flags: 0x0
[    0.273461] DMAR: dmar2: reg_base_addr e67fc000 ver 4:0 cap 8ed008c40780466 ecap 60000f050df
[    0.273464] DMAR: DRHD base: 0x000000f13fc000 flags: 0x0
[    0.273466] DMAR: dmar3: reg_base_addr f13fc000 ver 4:0 cap 8ed008c40780466 ecap 60000f050df
[    0.273468] DMAR: DRHD base: 0x000000fb7fc000 flags: 0x0
[    0.273470] DMAR: dmar4: reg_base_addr fb7fc000 ver 4:0 cap 8ed008c40780466 ecap 60000f050df
[    0.273472] DMAR: DRHD base: 0x000000a63fc000 flags: 0x0
[    0.273475] DMAR: dmar5: reg_base_addr a63fc000 ver 4:0 cap 8ed008c40780466 ecap 60000f050df
[    0.273477] DMAR: DRHD base: 0x000000b0ffc000 flags: 0x0
[    0.273481] DMAR: dmar6: reg_base_addr b0ffc000 ver 4:0 cap 8ed008c40780466 ecap 60000f050df
[    0.273483] DMAR: DRHD base: 0x000000bbbfc000 flags: 0x0
[    0.273485] DMAR: dmar7: reg_base_addr bbbfc000 ver 4:0 cap 8ed008c40780466 ecap 60000f050df
[    0.273487] DMAR: DRHD base: 0x000000c5ffc000 flags: 0x0
[    0.273489] DMAR: dmar8: reg_base_addr c5ffc000 ver 4:0 cap 8ed008c40780466 ecap 60000f050df
[    0.273491] DMAR: DRHD base: 0x0000009b7fc000 flags: 0x1
[    0.273494] DMAR: dmar9: reg_base_addr 9b7fc000 ver 4:0 cap 8ed008c40780466 ecap 60000f050df
[    0.273496] DMAR: RMRR base: 0x00000069427000 end: 0x00000069429fff
[    0.273497] DMAR: ATSR flags: 0x0
[    0.273500] DMAR-IR: IOAPIC id 8 under DRHD base  0x9b7fc000 IOMMU 9
[    0.273501] DMAR-IR: HPET id 0 under DRHD base 0x9b7fc000
[    0.273502] DMAR-IR: Queued invalidation will be enabled to support x2apic and Intr-remapping.
[    0.276668] DMAR-IR: Enabled IRQ remapping in x2apic mode
[    0.279297] ..TIMER: vector=0x30 apic1=0 pin1=2 apic2=-1 pin2=-1
[    0.297372] clocksource: tsc-early: mask: 0xffffffffffffffff max_cycles: 0x39a85c9bff6, max_idle_ns: 881590591483 ns
[    0.297378] Calibrating delay loop (skipped), value calculated using timer frequency.. 4000.00 BogoMIPS (lpj=8000000)
[    0.297381] pid_max: default: 114688 minimum: 896
[    0.301277] LSM: Security Framework initializing
[    0.301301] Yama: becoming mindful.
[    0.301353] AppArmor: AppArmor initialized
[    0.309417] Dentry cache hash table entries: 8388608 (order: 14, 67108864 bytes, vmalloc hugepage)
[    0.313409] Inode-cache hash table entries: 4194304 (order: 13, 33554432 bytes, vmalloc hugepage)
[    0.313583] Mount-cache hash table entries: 131072 (order: 8, 1048576 bytes, vmalloc)
[    0.313725] Mountpoint-cache hash table entries: 131072 (order: 8, 1048576 bytes, vmalloc)
[    0.314371] x86/tme: not enabled by BIOS
[    0.314381] CPU0: Thermal monitoring enabled (TM1)
[    0.314383] x86/cpu: User Mode Instruction Prevention (UMIP) activated
[    0.314619] process: using mwait in idle threads
[    0.314621] Last level iTLB entries: 4KB 0, 2MB 0, 4MB 0
[    0.314622] Last level dTLB entries: 4KB 0, 2MB 0, 4MB 0, 1GB 0
[    0.314628] Spectre V1 : Mitigation: usercopy/swapgs barriers and __user pointer sanitization
[    0.314630] Spectre V2 : WARNING: Unprivileged eBPF is enabled with eIBRS on, data leaks possible via Spectre v2 BHB attacks!
[    0.314636] Spectre V2 : Mitigation: Enhanced IBRS
[    0.314636] Spectre V2 : Spectre v2 / SpectreRSB mitigation: Filling RSB on context switch
[    0.314638] Spectre V2 : mitigation: Enabling conditional Indirect Branch Prediction Barrier
[    0.314639] Speculative Store Bypass: Mitigation: Speculative Store Bypass disabled via prctl
[    0.319807] Freeing SMP alternatives memory: 40K
[    0.321524] smpboot: Estimated ratio of average max frequency by base frequency (times 1024): 1433
[    0.321539] smpboot: CPU0: Intel(R) Xeon(R) Gold 6330 CPU @ 2.00GHz (family: 0x6, model: 0x6a, stepping: 0x6)
[    0.321758] cblist_init_generic: Setting adjustable number of callback queues.
[    0.321773] cblist_init_generic: Setting shift to 7 and lim to 1.
[    0.321802] cblist_init_generic: Setting shift to 7 and lim to 1.
[    0.321831] cblist_init_generic: Setting shift to 7 and lim to 1.
[    0.321843] Performance Events: PEBS fmt4+-baseline,  AnyThread deprecated, Icelake events, 32-deep LBR, full-width counters, Intel PMU driver.
[    0.321879] ... version:                5
[    0.321880] ... bit width:              48
[    0.321880] ... generic registers:      8
[    0.321881] ... value mask:             0000ffffffffffff
[    0.321882] ... max period:             00007fffffffffff
[    0.321883] ... fixed-purpose events:   4
[    0.321883] ... event mask:             0001000f000000ff
[    0.322082] rcu: Hierarchical SRCU implementation.
[    0.329366] NMI watchdog: Enabled. Permanently consumes one hw-PMU counter.
[    0.330428] smp: Bringing up secondary CPUs ...
[    0.330553] x86: Booting SMP configuration:
[    0.330554] .... node  #1, CPUs:          #1
[    0.007802] smpboot: CPU 1 Converting physical 0 to logical die 1

[    0.417491] .... node  #0, CPUs:     #2
[    0.422867] .... node  #1, CPUs:     #3
[    0.428316] .... node  #0, CPUs:     #4
[    0.433702] .... node  #1, CPUs:     #5
[    0.439114] .... node  #0, CPUs:     #6
[    0.444704] .... node  #1, CPUs:     #7
[    0.450313] .... node  #0, CPUs:     #8
[    0.455623] .... node  #1, CPUs:     #9
[    0.461485] .... node  #0, CPUs:    #10
[    0.467113] .... node  #1, CPUs:    #11
[    0.472884] .... node  #0, CPUs:    #12
[    0.478404] .... node  #1, CPUs:    #13
[    0.483785] .... node  #0, CPUs:    #14
[    0.489037] .... node  #1, CPUs:    #15
[    0.494372] .... node  #0, CPUs:    #16
[    0.499657] .... node  #1, CPUs:    #17
[    0.505003] .... node  #0, CPUs:    #18
[    0.510266] .... node  #1, CPUs:    #19
[    0.515934] .... node  #0, CPUs:    #20
[    0.521426] .... node  #1, CPUs:    #21
[    0.526802] .... node  #0, CPUs:    #22
[    0.532248] .... node  #1, CPUs:    #23
[    0.537547] .... node  #0, CPUs:    #24
[    0.543187] .... node  #1, CPUs:    #25
[    0.548548] .... node  #0, CPUs:    #26
[    0.553772] .... node  #1, CPUs:    #27
[    0.559104] .... node  #0, CPUs:    #28
[    0.564636] .... node  #1, CPUs:    #29
[    0.569942] .... node  #0, CPUs:    #30
[    0.575178] .... node  #1, CPUs:    #31
[    0.580692] .... node  #0, CPUs:    #32
[    0.585994] .... node  #1, CPUs:    #33
[    0.591382] .... node  #0, CPUs:    #34
[    0.596834] .... node  #1, CPUs:    #35
[    0.602175] .... node  #0, CPUs:    #36
[    0.607398] .... node  #1, CPUs:    #37
[    0.612750] .... node  #0, CPUs:    #38
[    0.618326] .... node  #1, CPUs:    #39
[    0.623875] .... node  #0, CPUs:    #40
[    0.629541] .... node  #1, CPUs:    #41
[    0.635268] .... node  #0, CPUs:    #42
[    0.640589] .... node  #1, CPUs:    #43
[    0.646259] .... node  #0, CPUs:    #44
[    0.651631] .... node  #1, CPUs:    #45
[    0.657130] .... node  #0, CPUs:    #46
[    0.662676] .... node  #1, CPUs:    #47
[    0.668151] .... node  #0, CPUs:    #48
[    0.673543] .... node  #1, CPUs:    #49
[    0.678968] .... node  #0, CPUs:    #50
[    0.684473] .... node  #1, CPUs:    #51
[    0.690143] .... node  #0, CPUs:    #52
[    0.695625] .... node  #1, CPUs:    #53
[    0.701472] .... node  #0, CPUs:    #54
[    0.706962] .... node  #1, CPUs:    #55
[    0.712787] .... node  #0, CPUs:    #56
[    0.718943] .... node  #1, CPUs:    #57
[    0.724886] .... node  #0, CPUs:    #58
[    0.730314] .... node  #1, CPUs:    #59
[    0.735778] .... node  #0, CPUs:    #60
[    0.741439] .... node  #1, CPUs:    #61
[    0.746609] .... node  #0, CPUs:    #62
[    0.752220] .... node  #1, CPUs:    #63
[    0.757841] .... node  #0, CPUs:    #64
[    0.763162] .... node  #1, CPUs:    #65
[    0.768923] .... node  #0, CPUs:    #66
[    0.774691] .... node  #1, CPUs:    #67
[    0.780465] .... node  #0, CPUs:    #68
[    0.786005] .... node  #1, CPUs:    #69
[    0.791400] .... node  #0, CPUs:    #70
[    0.796653] .... node  #1, CPUs:    #71
[    0.802008] .... node  #0, CPUs:    #72
[    0.807311] .... node  #1, CPUs:    #73
[    0.812671] .... node  #0, CPUs:    #74
[    0.817959] .... node  #1, CPUs:    #75
[    0.823632] .... node  #0, CPUs:    #76
[    0.828910] .... node  #1, CPUs:    #77
[    0.834555] .... node  #0, CPUs:    #78
[    0.840015] .... node  #1, CPUs:    #79
[    0.845485] .... node  #0, CPUs:    #80
[    0.850993] .... node  #1, CPUs:    #81
[    0.856385] .... node  #0, CPUs:    #82
[    0.861626] .... node  #1, CPUs:    #83
[    0.866975] .... node  #0, CPUs:    #84
[    0.872516] .... node  #1, CPUs:    #85
[    0.877845] .... node  #0, CPUs:    #86
[    0.883108] .... node  #1, CPUs:    #87
[    0.888615] .... node  #0, CPUs:    #88
[    0.893933] .... node  #1, CPUs:    #89
[    0.899361] .... node  #0, CPUs:    #90
[    0.904828] .... node  #1, CPUs:    #91
[    0.910194] .... node  #0, CPUs:    #92
[    0.915441] .... node  #1, CPUs:    #93
[    0.920794] .... node  #0, CPUs:    #94
[    0.926390] .... node  #1, CPUs:    #95
[    0.931963] .... node  #0, CPUs:    #96
[    0.937602] .... node  #1, CPUs:    #97
[    0.943402] .... node  #0, CPUs:    #98
[    0.948755] .... node  #1, CPUs:    #99
[    0.954456] .... node  #0, CPUs:   #100
[    0.959857] .... node  #1, CPUs:   #101
[    0.965486] .... node  #0, CPUs:   #102
[    0.970936] .... node  #1, CPUs:   #103
[    0.976421] .... node  #0, CPUs:   #104
[    0.981792] .... node  #1, CPUs:   #105
[    0.987261] .... node  #0, CPUs:   #106
[    0.992785] .... node  #1, CPUs:   #107
[    0.998478] .... node  #0, CPUs:   #108
[    1.003976] .... node  #1, CPUs:   #109
[    1.009613] .... node  #0, CPUs:   #110
[    1.015344] .... node  #1, CPUs:   #111
[    1.021387] smp: Brought up 2 nodes, 112 CPUs
[    1.021389] smpboot: Max logical packages: 2
[    1.021391] smpboot: Total of 112 processors activated (448085.17 BogoMIPS)
[    1.028844] devtmpfs: initialized
[    1.028844] x86/mm: Memory block size: 2048MB
[    1.029445] ACPI: PM: Registering ACPI NVS region [mem 0x49e77000-0x4ae76fff] (16777216 bytes)
[    1.029628] ACPI: PM: Registering ACPI NVS region [mem 0x6e3ff000-0x6f3fefff] (16777216 bytes)
[    1.029905] clocksource: jiffies: mask: 0xffffffff max_cycles: 0xffffffff, max_idle_ns: 7645041785100000 ns
[    1.030207] futex hash table entries: 32768 (order: 9, 2097152 bytes, vmalloc)
[    1.030455] pinctrl core: initialized pinctrl subsystem
[    1.030605] PM: RTC time: 14:24:53, date: 2024-06-21
[    1.031599] NET: Registered PF_NETLINK/PF_ROUTE protocol family
[    1.032808] DMA: preallocated 4096 KiB GFP_KERNEL pool for atomic allocations
[    1.033421] DMA: preallocated 4096 KiB GFP_KERNEL|GFP_DMA pool for atomic allocations
[    1.033927] DMA: preallocated 4096 KiB GFP_KERNEL|GFP_DMA32 pool for atomic allocations
[    1.033935] audit: initializing netlink subsys (disabled)
[    1.033944] audit: type=2000 audit(1718979893.760:1): state=initialized audit_enabled=0 res=1
[    1.033944] thermal_sys: Registered thermal governor 'fair_share'
[    1.033944] thermal_sys: Registered thermal governor 'bang_bang'
[    1.033944] thermal_sys: Registered thermal governor 'step_wise'
[    1.033944] thermal_sys: Registered thermal governor 'user_space'
[    1.033944] EISA bus registered
[    1.033944] cpuidle: using governor ladder
[    1.033944] cpuidle: using governor menu
[    1.033944] ACPI FADT declares the system doesn't support PCIe ASPM, so disable it
[    1.033944] acpiphp: ACPI Hot Plug PCI Controller Driver version: 0.5
[    1.033944] PCI: MMCONFIG for domain 0000 [bus 00-ff] at [mem 0x80000000-0x8fffffff] (base 0x80000000)
[    1.033944] PCI: MMCONFIG at [mem 0x80000000-0x8fffffff] reserved in E820
[    1.033944] pmd_set_huge: Cannot satisfy [mem 0x80000000-0x80200000] with a huge-page mapping due to MTRR override.
[    1.033944] PCI: Using configuration type 1 for base access
[    1.033944] PCI: Dell System detected, enabling pci=bfsort.
[    1.037430] ENERGY_PERF_BIAS: Set to 'normal', was 'performance'
[    1.041669] kprobes: kprobe jump-optimization is enabled. All kprobes are optimized if possible.
[    1.041673] HugeTLB registered 1.00 GiB page size, pre-allocated 0 pages
[    1.041673] HugeTLB registered 2.00 MiB page size, pre-allocated 0 pages
[    1.041728] fbcon: Taking over console
[    1.041728] ACPI: Added _OSI(Module Device)
[    1.041728] ACPI: Added _OSI(Processor Device)
[    1.041728] ACPI: Added _OSI(3.0 _SCP Extensions)
[    1.041728] ACPI: Added _OSI(Processor Aggregator Device)
[    1.041728] ACPI: Added _OSI(Linux-Dell-Video)
[    1.041728] ACPI: Added _OSI(Linux-Lenovo-NV-HDMI-Audio)
[    1.041728] ACPI: Added _OSI(Linux-HPI-Hybrid-Graphics)
[    1.212511] ACPI: 8 ACPI AML tables successfully acquired and loaded
[    1.218778] ACPI: [Firmware Bug]: BIOS _OSI(Linux) query ignored
[    1.226774] ACPI: Dynamic OEM Table Load:
[    1.640497] ACPI: Interpreter enabled
[    1.640518] ACPI: PM: (supports S0 S5)
[    1.640519] ACPI: Using IOAPIC for interrupt routing
[    1.640607] HEST: Table parsing has been initialized.
[    1.640791] GHES: APEI firmware first mode is enabled by APEI bit and WHEA _OSC.
[    1.640793] PCI: Using host bridge windows from ACPI; if necessary, use "pci=nocrs" and report a bug
[    1.670631] ACPI: Enabled 4 GPEs in block 00 to 7F
[    1.798982] ACPI: PCI Root Bridge [PC00] (domain 0000 [bus 00-15])
[    1.798989] acpi PNP0A08:00: _OSC: OS supports [ExtendedConfig ASPM ClockPM Segments MSI HPX-Type3]
[    1.867727] acpi PNP0A08:00: _OSC: platform does not support [SHPCHotplug AER LTR]
[    1.867956] acpi PNP0A08:00: _OSC: OS now controls [PCIeHotplug PME PCIeCapability]
[    1.867957] acpi PNP0A08:00: FADT indicates ASPM is unsupported, using BIOS configuration
[    1.869854] PCI host bridge to bus 0000:00
[    1.869856] pci_bus 0000:00: root bus resource [io  0x0000-0x0cf7 window]
[    1.869858] pci_bus 0000:00: root bus resource [io  0x1000-0x4fff window]
[    1.869860] pci_bus 0000:00: root bus resource [mem 0x000a0000-0x000bffff window]
[    1.869861] pci_bus 0000:00: root bus resource [mem 0x000c8000-0x000cffff window]
[    1.869863] pci_bus 0000:00: root bus resource [mem 0xfe010000-0xfe010fff window]
[    1.869864] pci_bus 0000:00: root bus resource [mem 0x90000000-0x9b7fffff window]
[    1.869865] pci_bus 0000:00: root bus resource [mem 0x200000000000-0x20ffffffffff window]
[    1.869866] pci_bus 0000:00: root bus resource [bus 00-15]
[    1.869881] pci 0000:00:00.0: [8086:09a2] type 00 class 0x088000
[    1.869982] pci 0000:00:00.1: [8086:09a4] type 00 class 0x088000
[    1.870051] pci 0000:00:00.2: [8086:09a3] type 00 class 0x088000
[    1.870119] pci 0000:00:00.4: [8086:0998] type 00 class 0x060000
[    1.870188] pci 0000:00:02.0: [8086:09a6] type 00 class 0x088000
[    1.870196] pci 0000:00:02.0: reg 0x10: [mem 0x92dfc000-0x92dfdfff]
[    1.870272] pci 0000:00:02.1: [8086:09a7] type 00 class 0x088000
[    1.870280] pci 0000:00:02.1: reg 0x10: [mem 0x92d00000-0x92d7ffff]
[    1.870285] pci 0000:00:02.1: reg 0x14: [mem 0x92c80000-0x92cfffff]
[    1.870362] pci 0000:00:02.4: [8086:3456] type 00 class 0x130000
[    1.870372] pci 0000:00:02.4: reg 0x10: [mem 0x92a00000-0x92afffff 64bit]
[    1.870379] pci 0000:00:02.4: reg 0x18: [mem 0x92df0000-0x92df3fff 64bit]
[    1.870386] pci 0000:00:02.4: reg 0x20: [mem 0x92dc0000-0x92ddffff 64bit]
[    1.870466] pci 0000:00:11.0: [8086:a1ec] type 00 class 0xff0000
[    1.870468] pci 0000:00:11.0: device has non-compliant BARs; disabling IO/MEM decoding
[    1.870560] pci 0000:00:11.5: [8086:a1d2] type 00 class 0x010601
[    1.870573] pci 0000:00:11.5: reg 0x10: [mem 0x92dfa000-0x92dfbfff]
[    1.870580] pci 0000:00:11.5: reg 0x14: [mem 0x92e05000-0x92e050ff]
[    1.870588] pci 0000:00:11.5: reg 0x18: [io  0x2068-0x206f]
[    1.870595] pci 0000:00:11.5: reg 0x1c: [io  0x2074-0x2077]
[    1.870602] pci 0000:00:11.5: reg 0x20: [io  0x2040-0x205f]
[    1.870610] pci 0000:00:11.5: reg 0x24: [mem 0x92b80000-0x92bfffff]
[    1.870647] pci 0000:00:11.5: PME# supported from D3hot
[    1.870862] pci 0000:00:14.0: [8086:a1af] type 00 class 0x0c0330
[    1.870880] pci 0000:00:14.0: reg 0x10: [mem 0x92de0000-0x92deffff 64bit]
[    1.870943] pci 0000:00:14.0: PME# supported from D3hot D3cold
[    1.871176] pci 0000:00:14.2: [8086:a1b1] type 00 class 0x118000
[    1.871193] pci 0000:00:14.2: reg 0x10: [mem 0x92e02000-0x92e02fff 64bit]
[    1.871319] pci 0000:00:16.0: [8086:a1ba] type 00 class 0x078000
[    1.871342] pci 0000:00:16.0: reg 0x10: [mem 0x92e01000-0x92e01fff 64bit]
[    1.871426] pci 0000:00:16.0: PME# supported from D3hot
[    1.871492] pci 0000:00:16.1: [8086:a1bb] type 00 class 0x078000
[    1.871516] pci 0000:00:16.1: reg 0x10: [mem 0x92e00000-0x92e00fff 64bit]
[    1.871600] pci 0000:00:16.1: PME# supported from D3hot
[    1.871668] pci 0000:00:16.4: [8086:a1be] type 00 class 0x078000
[    1.871691] pci 0000:00:16.4: reg 0x10: [mem 0x92dff000-0x92dfffff 64bit]
[    1.871776] pci 0000:00:16.4: PME# supported from D3hot
[    1.871848] pci 0000:00:17.0: [8086:a182] type 00 class 0x010601
[    1.871860] pci 0000:00:17.0: reg 0x10: [mem 0x92df8000-0x92df9fff]
[    1.871868] pci 0000:00:17.0: reg 0x14: [mem 0x92e04000-0x92e040ff]
[    1.871875] pci 0000:00:17.0: reg 0x18: [io  0x2060-0x2067]
[    1.871882] pci 0000:00:17.0: reg 0x1c: [io  0x2070-0x2073]
[    1.871890] pci 0000:00:17.0: reg 0x20: [io  0x2020-0x203f]
[    1.871897] pci 0000:00:17.0: reg 0x24: [mem 0x92b00000-0x92b7ffff]
[    1.871934] pci 0000:00:17.0: PME# supported from D3hot
[    1.872143] pci 0000:00:1c.0: [8086:a190] type 01 class 0x060400
[    1.872219] pci 0000:00:1c.0: PME# supported from D0 D3hot D3cold
[    1.872883] pci 0000:00:1c.4: [8086:a194] type 01 class 0x060400
[    1.872952] pci 0000:00:1c.4: PME# supported from D0 D3hot D3cold
[    1.873661] pci 0000:00:1c.5: [8086:a195] type 01 class 0x060400
[    1.873733] pci 0000:00:1c.5: PME# supported from D0 D3hot D3cold
[    1.874371] pci 0000:00:1f.0: [8086:a1cb] type 00 class 0x060100
[    1.874672] pci 0000:00:1f.2: [8086:a1a1] type 00 class 0x058000
[    1.874687] pci 0000:00:1f.2: reg 0x10: [mem 0x92df4000-0x92df7fff]
[    1.874932] pci 0000:00:1f.4: [8086:a1a3] type 00 class 0x0c0500
[    1.874951] pci 0000:00:1f.4: reg 0x10: [mem 0x92dfe000-0x92dfe0ff 64bit]
[    1.874974] pci 0000:00:1f.4: reg 0x20: [io  0x2000-0x201f]
[    1.875040] pci 0000:00:1f.5: [8086:a1a4] type 00 class 0x0c8000
[    1.875056] pci 0000:00:1f.5: reg 0x10: [mem 0xfe010000-0xfe010fff]
[    1.875187] pci 0000:00:1c.0: PCI bridge to [bus 01]
[    1.875239] pci 0000:02:00.0: [1556:be00] type 01 class 0x060400
[    1.875409] pci 0000:00:1c.4: PCI bridge to [bus 02-03]
[    1.875413] pci 0000:00:1c.4:   bridge window [mem 0x92000000-0x928fffff]
[    1.875418] pci 0000:00:1c.4:   bridge window [mem 0x91000000-0x91ffffff 64bit pref]
[    1.875450] pci_bus 0000:03: extended config space not accessible
[    1.875466] pci 0000:03:00.0: [102b:0536] type 00 class 0x030000
[    1.875486] pci 0000:03:00.0: reg 0x10: [mem 0x91000000-0x91ffffff pref]
[    1.875497] pci 0000:03:00.0: reg 0x14: [mem 0x92808000-0x9280bfff]
[    1.875508] pci 0000:03:00.0: reg 0x18: [mem 0x92000000-0x927fffff]
[    1.875555] pci 0000:03:00.0: BAR 0: assigned to efifb
[    1.875563] pci 0000:03:00.0: Video device with shadowed ROM at [mem 0x000c0000-0x000dffff]
[    1.875665] pci 0000:02:00.0: PCI bridge to [bus 03]
[    1.875674] pci 0000:02:00.0:   bridge window [mem 0x92000000-0x928fffff]
[    1.875680] pci 0000:02:00.0:   bridge window [mem 0x91000000-0x91ffffff 64bit pref]
[    1.875749] pci 0000:04:00.0: [14e4:165f] type 00 class 0x020000
[    1.875773] pci 0000:04:00.0: reg 0x10: [mem 0x92930000-0x9293ffff 64bit pref]
[    1.875789] pci 0000:04:00.0: reg 0x18: [mem 0x92940000-0x9294ffff 64bit pref]
[    1.875805] pci 0000:04:00.0: reg 0x20: [mem 0x92950000-0x9295ffff 64bit pref]
[    1.875816] pci 0000:04:00.0: reg 0x30: [mem 0xfffc0000-0xffffffff pref]
[    1.875911] pci 0000:04:00.0: PME# supported from D0 D3hot D3cold
[    1.875964] pci 0000:04:00.0: 4.000 Gb/s available PCIe bandwidth, limited by 5.0 GT/s PCIe x1 link at 0000:00:1c.5 (capable of 8.000 Gb/s with 5.0 GT/s PCIe x2 link)
[    1.876524] pci 0000:04:00.1: [14e4:165f] type 00 class 0x020000
[    1.876548] pci 0000:04:00.1: reg 0x10: [mem 0x92900000-0x9290ffff 64bit pref]
[    1.876564] pci 0000:04:00.1: reg 0x18: [mem 0x92910000-0x9291ffff 64bit pref]
[    1.876580] pci 0000:04:00.1: reg 0x20: [mem 0x92920000-0x9292ffff 64bit pref]
[    1.876590] pci 0000:04:00.1: reg 0x30: [mem 0xfffc0000-0xffffffff pref]
[    1.876685] pci 0000:04:00.1: PME# supported from D0 D3hot D3cold
[    1.877262] pci 0000:00:1c.5: PCI bridge to [bus 04]
[    1.877269] pci 0000:00:1c.5:   bridge window [mem 0x92900000-0x929fffff 64bit pref]
[    1.877283] pci_bus 0000:00: on NUMA node 0
[    1.877882] ACPI: PCI Root Bridge [PC01] (domain 0000 [bus 16-2f])
[    1.877886] acpi PNP0A08:01: _OSC: OS supports [ExtendedConfig ASPM ClockPM Segments MSI HPX-Type3]
[    1.892712] acpi PNP0A08:01: _OSC: platform does not support [SHPCHotplug AER]
[    1.892933] acpi PNP0A08:01: _OSC: OS now controls [PCIeHotplug PME PCIeCapability LTR]
[    1.892934] acpi PNP0A08:01: FADT indicates ASPM is unsupported, using BIOS configuration
[    1.893067] PCI host bridge to bus 0000:16
[    1.893069] pci_bus 0000:16: root bus resource [io  0x5000-0x6fff window]
[    1.893070] pci_bus 0000:16: root bus resource [mem 0x9b800000-0xa63fffff window]
[    1.893072] pci_bus 0000:16: root bus resource [mem 0x210000000000-0x21ffffffffff window]
[    1.893073] pci_bus 0000:16: root bus resource [bus 16-2f]
[    1.893084] pci 0000:16:00.0: [8086:09a2] type 00 class 0x088000
[    1.893155] pci 0000:16:00.1: [8086:09a4] type 00 class 0x088000
[    1.893218] pci 0000:16:00.2: [8086:09a3] type 00 class 0x088000
[    1.893281] pci 0000:16:00.4: [8086:0998] type 00 class 0x060000
[    1.893353] pci 0000:16:02.0: [8086:347a] type 01 class 0x060400
[    1.893363] pci 0000:16:02.0: reg 0x10: [mem 0x21fffff00000-0x21fffff1ffff 64bit]
[    1.893402] pci 0000:16:02.0: PME# supported from D0 D3hot D3cold
[    1.894359] pci 0000:17:00.0: [1000:10e2] type 00 class 0x010400
[    1.894371] pci 0000:17:00.0: reg 0x10: [mem 0x9b800000-0x9b8fffff 64bit pref]
[    1.894380] pci 0000:17:00.0: reg 0x18: [mem 0x9b900000-0x9b9fffff 64bit pref]
[    1.894386] pci 0000:17:00.0: reg 0x20: [mem 0x9ba00000-0x9bafffff]
[    1.894392] pci 0000:17:00.0: reg 0x24: [io  0x5000-0x50ff]
[    1.894398] pci 0000:17:00.0: reg 0x30: [mem 0xfff00000-0xffffffff pref]
[    1.895513] pci 0000:17:00.0: supports D1 D2
[    1.895582] pci 0000:16:02.0: PCI bridge to [bus 17]
[    1.895584] pci 0000:16:02.0:   bridge window [io  0x5000-0x5fff]
[    1.895586] pci 0000:16:02.0:   bridge window [mem 0x9ba00000-0x9bafffff]
[    1.895589] pci 0000:16:02.0:   bridge window [mem 0x9b800000-0x9b9fffff 64bit pref]
[    1.895594] pci_bus 0000:16: on NUMA node 0
[    1.895672] ACPI: PCI Root Bridge [PC02] (domain 0000 [bus 30-49])
[    1.895675] acpi PNP0A08:02: _OSC: OS supports [ExtendedConfig ASPM ClockPM Segments MSI HPX-Type3]
[    1.910144] acpi PNP0A08:02: _OSC: platform does not support [SHPCHotplug AER]
[    1.910359] acpi PNP0A08:02: _OSC: OS now controls [PCIeHotplug PME PCIeCapability LTR]
[    1.910360] acpi PNP0A08:02: FADT indicates ASPM is unsupported, using BIOS configuration
[    1.910488] PCI host bridge to bus 0000:30
[    1.910490] pci_bus 0000:30: root bus resource [io  0x7000-0x8fff window]
[    1.910491] pci_bus 0000:30: root bus resource [mem 0xa6400000-0xb0ffffff window]
[    1.910493] pci_bus 0000:30: root bus resource [mem 0x220000000000-0x22ffffffffff window]
[    1.910495] pci_bus 0000:30: root bus resource [bus 30-49]
[    1.910505] pci 0000:30:00.0: [8086:09a2] type 00 class 0x088000
[    1.910571] pci 0000:30:00.1: [8086:09a4] type 00 class 0x088000
[    1.910634] pci 0000:30:00.2: [8086:09a3] type 00 class 0x088000
[    1.910696] pci 0000:30:00.4: [8086:0998] type 00 class 0x060000
[    1.910765] pci_bus 0000:30: on NUMA node 0
[    1.910868] ACPI: PCI Root Bridge [PC04] (domain 0000 [bus 4a-63])
[    1.910871] acpi PNP0A08:04: _OSC: OS supports [ExtendedConfig ASPM ClockPM Segments MSI HPX-Type3]
[    1.925294] acpi PNP0A08:04: _OSC: platform does not support [SHPCHotplug AER]
[    1.925507] acpi PNP0A08:04: _OSC: OS now controls [PCIeHotplug PME PCIeCapability LTR]
[    1.925508] acpi PNP0A08:04: FADT indicates ASPM is unsupported, using BIOS configuration
[    1.925633] PCI host bridge to bus 0000:4a
[    1.925634] pci_bus 0000:4a: root bus resource [io  0x9000-0x9fff window]
[    1.925635] pci_bus 0000:4a: root bus resource [mem 0xb1000000-0xbbbfffff window]
[    1.925636] pci_bus 0000:4a: root bus resource [mem 0x230000000000-0x23ffffffffff window]
[    1.925638] pci_bus 0000:4a: root bus resource [bus 4a-63]
[    1.925647] pci 0000:4a:00.0: [8086:09a2] type 00 class 0x088000
[    1.925711] pci 0000:4a:00.1: [8086:09a4] type 00 class 0x088000
[    1.925777] pci 0000:4a:00.2: [8086:09a3] type 00 class 0x088000
[    1.925838] pci 0000:4a:00.4: [8086:0998] type 00 class 0x060000
[    1.925907] pci_bus 0000:4a: on NUMA node 0
[    1.925979] ACPI: PCI Root Bridge [PC05] (domain 0000 [bus 64-7d])
[    1.925982] acpi PNP0A08:05: _OSC: OS supports [ExtendedConfig ASPM ClockPM Segments MSI HPX-Type3]
[    1.940423] acpi PNP0A08:05: _OSC: platform does not support [SHPCHotplug AER]
[    1.940635] acpi PNP0A08:05: _OSC: OS now controls [PCIeHotplug PME PCIeCapability LTR]
[    1.940636] acpi PNP0A08:05: FADT indicates ASPM is unsupported, using BIOS configuration
[    1.940754] PCI host bridge to bus 0000:64
[    1.940755] pci_bus 0000:64: root bus resource [io  0xa000-0xafff window]
[    1.940757] pci_bus 0000:64: root bus resource [mem 0xbbc00000-0xc5ffffff window]
[    1.940758] pci_bus 0000:64: root bus resource [mem 0x240000000000-0x24ffffffffff window]
[    1.940759] pci_bus 0000:64: root bus resource [bus 64-7d]
[    1.940769] pci 0000:64:00.0: [8086:09a2] type 00 class 0x088000
[    1.940833] pci 0000:64:00.1: [8086:09a4] type 00 class 0x088000
[    1.940895] pci 0000:64:00.2: [8086:09a3] type 00 class 0x088000
[    1.940957] pci 0000:64:00.4: [8086:0998] type 00 class 0x060000
[    1.941026] pci_bus 0000:64: on NUMA node 0
[    1.941092] ACPI: PCI Root Bridge [UC06] (domain 0000 [bus 7e])
[    1.941094] acpi PNP0A03:00: _OSC: OS supports [ExtendedConfig ASPM ClockPM Segments MSI HPX-Type3]
[    1.941192] acpi PNP0A03:00: _OSC: platform does not support [SHPCHotplug AER LTR]
[    1.941372] acpi PNP0A03:00: _OSC: OS now controls [PCIeHotplug PME PCIeCapability]
[    1.941373] acpi PNP0A03:00: FADT indicates ASPM is unsupported, using BIOS configuration
[    1.941509] PCI host bridge to bus 0000:7e
[    1.941510] pci_bus 0000:7e: root bus resource [bus 7e]
[    1.941518] pci 0000:7e:00.0: [8086:3450] type 00 class 0x088000
[    1.941590] pci 0000:7e:00.1: [8086:3451] type 00 class 0x088000
[    1.941651] pci 0000:7e:00.2: [8086:3452] type 00 class 0x088000
[    1.941721] pci 0000:7e:00.3: [8086:0998] type 00 class 0x060000
[    1.941776] pci 0000:7e:00.5: [8086:3455] type 00 class 0x088000
[    1.941837] pci 0000:7e:02.0: [8086:3440] type 00 class 0x088000
[    1.941965] pci 0000:7e:02.1: [8086:3441] type 00 class 0x088000
[    1.942072] pci 0000:7e:02.2: [8086:3442] type 00 class 0x088000
[    1.942179] pci 0000:7e:03.0: [8086:3440] type 00 class 0x088000
[    1.942271] pci 0000:7e:03.1: [8086:3441] type 00 class 0x088000
[    1.942352] pci 0000:7e:03.2: [8086:3442] type 00 class 0x088000
[    1.942433] pci 0000:7e:04.0: [8086:3440] type 00 class 0x088000
[    1.942552] pci 0000:7e:04.1: [8086:3441] type 00 class 0x088000
[    1.942667] pci 0000:7e:04.2: [8086:3442] type 00 class 0x088000
[    1.942782] pci 0000:7e:04.3: [8086:3443] type 00 class 0x088000
[    1.942900] pci 0000:7e:05.0: [8086:3445] type 00 class 0x088000
[    1.943025] pci 0000:7e:05.1: [8086:3446] type 00 class 0x088000
[    1.943135] pci 0000:7e:05.2: [8086:3447] type 00 class 0x088000
[    1.943250] pci 0000:7e:06.0: [8086:3445] type 00 class 0x088000
[    1.943343] pci 0000:7e:06.1: [8086:3446] type 00 class 0x088000
[    1.943420] pci 0000:7e:06.2: [8086:3447] type 00 class 0x088000
[    1.943505] pci 0000:7e:07.0: [8086:3445] type 00 class 0x088000
[    1.943638] pci 0000:7e:07.1: [8086:3446] type 00 class 0x088000
[    1.943756] pci 0000:7e:07.2: [8086:3447] type 00 class 0x088000
[    1.943872] pci 0000:7e:0b.0: [8086:3448] type 00 class 0x088000
[    1.943950] pci 0000:7e:0b.1: [8086:3448] type 00 class 0x088000
[    1.944020] pci 0000:7e:0b.2: [8086:344b] type 00 class 0x088000
[    1.944088] pci 0000:7e:0c.0: [8086:344a] type 00 class 0x110100
[    1.944191] pci 0000:7e:0d.0: [8086:344a] type 00 class 0x110100
[    1.944291] pci 0000:7e:0e.0: [8086:344a] type 00 class 0x110100
[    1.944435] pci 0000:7e:0f.0: [8086:344a] type 00 class 0x110100
[    1.944590] pci 0000:7e:1a.0: [8086:2880] type 00 class 0x110100
[    1.944691] pci 0000:7e:1b.0: [8086:2880] type 00 class 0x110100
[    1.944788] pci 0000:7e:1c.0: [8086:2880] type 00 class 0x110100
[    1.944944] pci 0000:7e:1d.0: [8086:2880] type 00 class 0x110100
[    1.945090] pci_bus 0000:7e: on NUMA node 0
[    1.945173] ACPI: PCI Root Bridge [UC07] (domain 0000 [bus 7f])
[    1.945176] acpi PNP0A03:01: _OSC: OS supports [ExtendedConfig ASPM ClockPM Segments MSI HPX-Type3]
[    1.945279] acpi PNP0A03:01: _OSC: platform does not support [SHPCHotplug AER LTR]
[    1.945466] acpi PNP0A03:01: _OSC: OS now controls [PCIeHotplug PME PCIeCapability]
[    1.945468] acpi PNP0A03:01: FADT indicates ASPM is unsupported, using BIOS configuration
[    1.945619] PCI host bridge to bus 0000:7f
[    1.945621] pci_bus 0000:7f: root bus resource [bus 7f]
[    1.945634] pci 0000:7f:00.0: [8086:344c] type 00 class 0x088000
[    1.945750] pci 0000:7f:00.1: [8086:344c] type 00 class 0x088000
[    1.945861] pci 0000:7f:00.2: [8086:344c] type 00 class 0x088000
[    1.945972] pci 0000:7f:00.3: [8086:344c] type 00 class 0x088000
[    1.946061] pci 0000:7f:00.4: [8086:344c] type 00 class 0x088000
[    1.946181] pci 0000:7f:00.5: [8086:344c] type 00 class 0x088000
[    1.946297] pci 0000:7f:00.6: [8086:344c] type 00 class 0x088000
[    1.946379] pci 0000:7f:00.7: [8086:344c] type 00 class 0x088000
[    1.946461] pci 0000:7f:01.0: [8086:344c] type 00 class 0x088000
[    1.946603] pci 0000:7f:01.1: [8086:344c] type 00 class 0x088000
[    1.946721] pci 0000:7f:01.2: [8086:344c] type 00 class 0x088000
[    1.946800] pci 0000:7f:01.3: [8086:344c] type 00 class 0x088000
[    1.946931] pci 0000:7f:01.4: [8086:344c] type 00 class 0x088000
[    1.947062] pci 0000:7f:01.5: [8086:344c] type 00 class 0x088000
[    1.947197] pci 0000:7f:01.6: [8086:344c] type 00 class 0x088000
[    1.947324] pci 0000:7f:01.7: [8086:344c] type 00 class 0x088000
[    1.947452] pci 0000:7f:02.0: [8086:344c] type 00 class 0x088000
[    1.947596] pci 0000:7f:02.1: [8086:344c] type 00 class 0x088000
[    1.947727] pci 0000:7f:02.2: [8086:344c] type 00 class 0x088000
[    1.947858] pci 0000:7f:02.3: [8086:344c] type 00 class 0x088000
[    1.947996] pci 0000:7f:02.4: [8086:344c] type 00 class 0x088000
[    1.948133] pci 0000:7f:02.5: [8086:344c] type 00 class 0x088000
[    1.948270] pci 0000:7f:02.6: [8086:344c] type 00 class 0x088000
[    1.948422] pci 0000:7f:02.7: [8086:344c] type 00 class 0x088000
[    1.948576] pci 0000:7f:03.0: [8086:344c] type 00 class 0x088000
[    1.948736] pci 0000:7f:03.1: [8086:344c] type 00 class 0x088000
[    1.948887] pci 0000:7f:03.2: [8086:344c] type 00 class 0x088000
[    1.949036] pci 0000:7f:03.3: [8086:344c] type 00 class 0x088000
[    1.949194] pci 0000:7f:0a.0: [8086:344d] type 00 class 0x088000
[    1.949310] pci 0000:7f:0a.1: [8086:344d] type 00 class 0x088000
[    1.949421] pci 0000:7f:0a.2: [8086:344d] type 00 class 0x088000
[    1.949534] pci 0000:7f:0a.3: [8086:344d] type 00 class 0x088000
[    1.949626] pci 0000:7f:0a.4: [8086:344d] type 00 class 0x088000
[    1.949746] pci 0000:7f:0a.5: [8086:344d] type 00 class 0x088000
[    1.949861] pci 0000:7f:0a.6: [8086:344d] type 00 class 0x088000
[    1.949939] pci 0000:7f:0a.7: [8086:344d] type 00 class 0x088000
[    1.950021] pci 0000:7f:0b.0: [8086:344d] type 00 class 0x088000
[    1.950163] pci 0000:7f:0b.1: [8086:344d] type 00 class 0x088000
[    1.950282] pci 0000:7f:0b.2: [8086:344d] type 00 class 0x088000
[    1.950365] pci 0000:7f:0b.3: [8086:344d] type 00 class 0x088000
[    1.950496] pci 0000:7f:0b.4: [8086:344d] type 00 class 0x088000
[    1.950628] pci 0000:7f:0b.5: [8086:344d] type 00 class 0x088000
[    1.950763] pci 0000:7f:0b.6: [8086:344d] type 00 class 0x088000
[    1.950883] pci 0000:7f:0b.7: [8086:344d] type 00 class 0x088000
[    1.951011] pci 0000:7f:0c.0: [8086:344d] type 00 class 0x088000
[    1.951154] pci 0000:7f:0c.1: [8086:344d] type 00 class 0x088000
[    1.951285] pci 0000:7f:0c.2: [8086:344d] type 00 class 0x088000
[    1.951421] pci 0000:7f:0c.3: [8086:344d] type 00 class 0x088000
[    1.951559] pci 0000:7f:0c.4: [8086:344d] type 00 class 0x088000
[    1.951696] pci 0000:7f:0c.5: [8086:344d] type 00 class 0x088000
[    1.951832] pci 0000:7f:0c.6: [8086:344d] type 00 class 0x088000
[    1.951979] pci 0000:7f:0c.7: [8086:344d] type 00 class 0x088000
[    1.952125] pci 0000:7f:0d.0: [8086:344d] type 00 class 0x088000
[    1.952288] pci 0000:7f:0d.1: [8086:344d] type 00 class 0x088000
[    1.952440] pci 0000:7f:0d.2: [8086:344d] type 00 class 0x088000
[    1.952592] pci 0000:7f:0d.3: [8086:344d] type 00 class 0x088000
[    1.952762] pci 0000:7f:1d.0: [8086:344f] type 00 class 0x088000
[    1.952883] pci 0000:7f:1d.1: [8086:3457] type 00 class 0x088000
[    1.952988] pci 0000:7f:1e.0: [8086:3458] type 00 class 0x088000
[    1.953066] pci 0000:7f:1e.1: [8086:3459] type 00 class 0x088000
[    1.953128] pci 0000:7f:1e.2: [8086:345a] type 00 class 0x088000
[    1.953191] pci 0000:7f:1e.3: [8086:345b] type 00 class 0x088000
[    1.953252] pci 0000:7f:1e.4: [8086:345c] type 00 class 0x088000
[    1.953318] pci 0000:7f:1e.5: [8086:345d] type 00 class 0x088000
[    1.953378] pci 0000:7f:1e.6: [8086:345e] type 00 class 0x088000
[    1.953438] pci 0000:7f:1e.7: [8086:345f] type 00 class 0x088000
[    1.953496] pci_bus 0000:7f: on NUMA node 0
[    1.953600] ACPI: PCI Root Bridge [PC06] (domain 0000 [bus 80])
[    1.953603] acpi PNP0A08:06: _OSC: OS supports [ExtendedConfig ASPM ClockPM Segments MSI HPX-Type3]
[    1.968036] acpi PNP0A08:06: _OSC: platform does not support [SHPCHotplug AER]
[    1.968250] acpi PNP0A08:06: _OSC: OS now controls [PCIeHotplug PME PCIeCapability LTR]
[    1.968251] acpi PNP0A08:06: FADT indicates ASPM is unsupported, using BIOS configuration
[    1.968399] PCI host bridge to bus 0000:80
[    1.968400] pci_bus 0000:80: root bus resource [io  0xb000-0xbfff window]
[    1.968402] pci_bus 0000:80: root bus resource [mem 0xc6800000-0xd0ffffff window]
[    1.968403] pci_bus 0000:80: root bus resource [mem 0x250000000000-0x25ffffffffff window]
[    1.968405] pci_bus 0000:80: root bus resource [bus 80]
[    1.968415] pci 0000:80:00.0: [8086:09a2] type 00 class 0x088000
[    1.968501] pci 0000:80:00.1: [8086:09a4] type 00 class 0x088000
[    1.968569] pci 0000:80:00.2: [8086:09a3] type 00 class 0x088000
[    1.968638] pci 0000:80:00.4: [8086:0998] type 00 class 0x060000
[    1.968708] pci 0000:80:02.0: [8086:09a6] type 00 class 0x088000
[    1.968717] pci 0000:80:02.0: reg 0x10: [mem 0xc6aa4000-0xc6aa5fff]
[    1.968779] pci 0000:80:02.1: [8086:09a7] type 00 class 0x088000
[    1.968788] pci 0000:80:02.1: reg 0x10: [mem 0xc6a00000-0xc6a7ffff]
[    1.968793] pci 0000:80:02.1: reg 0x14: [mem 0xc6980000-0xc69fffff]
[    1.968848] pci 0000:80:02.4: [8086:3456] type 00 class 0x130000
[    1.968859] pci 0000:80:02.4: reg 0x10: [mem 0xc6800000-0xc68fffff 64bit]
[    1.968866] pci 0000:80:02.4: reg 0x18: [mem 0xc6aa0000-0xc6aa3fff 64bit]
[    1.968874] pci 0000:80:02.4: reg 0x20: [mem 0xc6a80000-0xc6a9ffff 64bit]
[    1.968939] pci_bus 0000:80: on NUMA node 1
[    1.969019] ACPI: PCI Root Bridge [PC07] (domain 0000 [bus 81])
[    1.969021] acpi PNP0A08:07: _OSC: OS supports [ExtendedConfig ASPM ClockPM Segments MSI HPX-Type3]
[    1.983440] acpi PNP0A08:07: _OSC: platform does not support [SHPCHotplug AER]
[    1.983652] acpi PNP0A08:07: _OSC: OS now controls [PCIeHotplug PME PCIeCapability LTR]
[    1.983653] acpi PNP0A08:07: FADT indicates ASPM is unsupported, using BIOS configuration
[    1.983773] PCI host bridge to bus 0000:81
[    1.983775] pci_bus 0000:81: root bus resource [io  0xc000-0xcfff window]
[    1.983776] pci_bus 0000:81: root bus resource [mem 0xd1000000-0xdbbfffff window]
[    1.983777] pci_bus 0000:81: root bus resource [mem 0x260000000000-0x26ffffffffff window]
[    1.983779] pci_bus 0000:81: root bus resource [bus 81]
[    1.983788] pci 0000:81:00.0: [8086:09a2] type 00 class 0x088000
[    1.983857] pci 0000:81:00.1: [8086:09a4] type 00 class 0x088000
[    1.983925] pci 0000:81:00.2: [8086:09a3] type 00 class 0x088000
[    1.983994] pci 0000:81:00.4: [8086:0998] type 00 class 0x060000
[    1.984071] pci_bus 0000:81: on NUMA node 1
[    1.984144] ACPI: PCI Root Bridge [PC08] (domain 0000 [bus 82])
[    1.984147] acpi PNP0A08:08: _OSC: OS supports [ExtendedConfig ASPM ClockPM Segments MSI HPX-Type3]
[    1.998574] acpi PNP0A08:08: _OSC: platform does not support [SHPCHotplug AER]
[    1.998785] acpi PNP0A08:08: _OSC: OS now controls [PCIeHotplug PME PCIeCapability LTR]
[    1.998786] acpi PNP0A08:08: FADT indicates ASPM is unsupported, using BIOS configuration
[    1.998904] PCI host bridge to bus 0000:82
[    1.998905] pci_bus 0000:82: root bus resource [io  0xd000-0xdfff window]
[    1.998906] pci_bus 0000:82: root bus resource [mem 0xdbc00000-0xe67fffff window]
[    1.998907] pci_bus 0000:82: root bus resource [mem 0x270000000000-0x27ffffffffff window]
[    1.998909] pci_bus 0000:82: root bus resource [bus 82]
[    1.998919] pci 0000:82:00.0: [8086:09a2] type 00 class 0x088000
[    1.998988] pci 0000:82:00.1: [8086:09a4] type 00 class 0x088000
[    1.999062] pci 0000:82:00.2: [8086:09a3] type 00 class 0x088000
[    1.999130] pci 0000:82:00.4: [8086:0998] type 00 class 0x060000
[    1.999207] pci_bus 0000:82: on NUMA node 1
[    1.999310] ACPI: PCI Root Bridge [PC10] (domain 0000 [bus 83-f9])
[    1.999313] acpi PNP0A08:0a: _OSC: OS supports [ExtendedConfig ASPM ClockPM Segments MSI HPX-Type3]
[    2.013754] acpi PNP0A08:0a: _OSC: platform does not support [SHPCHotplug AER]
[    2.013965] acpi PNP0A08:0a: _OSC: OS now controls [PCIeHotplug PME PCIeCapability LTR]
[    2.013966] acpi PNP0A08:0a: FADT indicates ASPM is unsupported, using BIOS configuration
[    2.014095] PCI host bridge to bus 0000:83
[    2.014096] pci_bus 0000:83: root bus resource [io  0xe000-0xefff window]
[    2.014098] pci_bus 0000:83: root bus resource [mem 0xe6800000-0xf13fffff window]
[    2.014099] pci_bus 0000:83: root bus resource [mem 0x280000000000-0x28ffffffffff window]
[    2.014100] pci_bus 0000:83: root bus resource [bus 83-f9]
[    2.014110] pci 0000:83:00.0: [8086:09a2] type 00 class 0x088000
[    2.014181] pci 0000:83:00.1: [8086:09a4] type 00 class 0x088000
[    2.014249] pci 0000:83:00.2: [8086:09a3] type 00 class 0x088000
[    2.014319] pci 0000:83:00.4: [8086:0998] type 00 class 0x060000
[    2.014397] pci_bus 0000:83: on NUMA node 1
[    2.014471] ACPI: PCI Root Bridge [PC11] (domain 0000 [bus fa])
[    2.014474] acpi PNP0A08:0b: _OSC: OS supports [ExtendedConfig ASPM ClockPM Segments MSI HPX-Type3]
[    2.028857] acpi PNP0A08:0b: _OSC: platform does not support [SHPCHotplug AER]
[    2.029067] acpi PNP0A08:0b: _OSC: OS now controls [PCIeHotplug PME PCIeCapability LTR]
[    2.029068] acpi PNP0A08:0b: FADT indicates ASPM is unsupported, using BIOS configuration
[    2.029185] PCI host bridge to bus 0000:fa
[    2.029186] pci_bus 0000:fa: root bus resource [io  0xf000-0xffff window]
[    2.029187] pci_bus 0000:fa: root bus resource [mem 0xf1400000-0xfb7fffff window]
[    2.029189] pci_bus 0000:fa: root bus resource [mem 0x290000000000-0x29ffffffffff window]
[    2.029190] pci_bus 0000:fa: root bus resource [bus fa]
[    2.029200] pci 0000:fa:00.0: [8086:09a2] type 00 class 0x088000
[    2.029270] pci 0000:fa:00.1: [8086:09a4] type 00 class 0x088000
[    2.029344] pci 0000:fa:00.2: [8086:09a3] type 00 class 0x088000
[    2.029415] pci 0000:fa:00.4: [8086:0998] type 00 class 0x060000
[    2.029494] pci_bus 0000:fa: on NUMA node 1
[    2.029560] ACPI: PCI Root Bridge [UC16] (domain 0000 [bus fe])
[    2.029563] acpi PNP0A03:02: _OSC: OS supports [ExtendedConfig ASPM ClockPM Segments MSI HPX-Type3]
[    2.029665] acpi PNP0A03:02: _OSC: platform does not support [SHPCHotplug AER LTR]
[    2.029844] acpi PNP0A03:02: _OSC: OS now controls [PCIeHotplug PME PCIeCapability]
[    2.029846] acpi PNP0A03:02: FADT indicates ASPM is unsupported, using BIOS configuration
[    2.029977] PCI host bridge to bus 0000:fe
[    2.029978] pci_bus 0000:fe: root bus resource [bus fe]
[    2.029987] pci 0000:fe:00.0: [8086:3450] type 00 class 0x088000
[    2.030063] pci 0000:fe:00.1: [8086:3451] type 00 class 0x088000
[    2.030122] pci 0000:fe:00.2: [8086:3452] type 00 class 0x088000
[    2.030181] pci 0000:fe:00.3: [8086:0998] type 00 class 0x060000
[    2.030240] pci 0000:fe:00.5: [8086:3455] type 00 class 0x088000
[    2.030307] pci 0000:fe:02.0: [8086:3440] type 00 class 0x088000
[    2.030453] pci 0000:fe:02.1: [8086:3441] type 00 class 0x088000
[    2.030567] pci 0000:fe:02.2: [8086:3442] type 00 class 0x088000
[    2.030678] pci 0000:fe:03.0: [8086:3440] type 00 class 0x088000
[    2.030775] pci 0000:fe:03.1: [8086:3441] type 00 class 0x088000
[    2.030855] pci 0000:fe:03.2: [8086:3442] type 00 class 0x088000
[    2.030942] pci 0000:fe:04.0: [8086:3440] type 00 class 0x088000
[    2.031066] pci 0000:fe:04.1: [8086:3441] type 00 class 0x088000
[    2.031188] pci 0000:fe:04.2: [8086:3442] type 00 class 0x088000
[    2.031314] pci 0000:fe:04.3: [8086:3443] type 00 class 0x088000
[    2.031437] pci 0000:fe:05.0: [8086:3445] type 00 class 0x088000
[    2.031568] pci 0000:fe:05.1: [8086:3446] type 00 class 0x088000
[    2.031685] pci 0000:fe:05.2: [8086:3447] type 00 class 0x088000
[    2.031800] pci 0000:fe:06.0: [8086:3445] type 00 class 0x088000
[    2.031897] pci 0000:fe:06.1: [8086:3446] type 00 class 0x088000
[    2.031979] pci 0000:fe:06.2: [8086:3447] type 00 class 0x088000
[    2.032070] pci 0000:fe:07.0: [8086:3445] type 00 class 0x088000
[    2.032216] pci 0000:fe:07.1: [8086:3446] type 00 class 0x088000
[    2.032339] pci 0000:fe:07.2: [8086:3447] type 00 class 0x088000
[    2.032460] pci 0000:fe:0b.0: [8086:3448] type 00 class 0x088000
[    2.032541] pci 0000:fe:0b.1: [8086:3448] type 00 class 0x088000
[    2.032606] pci 0000:fe:0b.2: [8086:344b] type 00 class 0x088000
[    2.032678] pci 0000:fe:0c.0: [8086:344a] type 00 class 0x110100
[    2.032786] pci 0000:fe:0d.0: [8086:344a] type 00 class 0x110100
[    2.032891] pci 0000:fe:0e.0: [8086:344a] type 00 class 0x110100
[    2.033048] pci 0000:fe:0f.0: [8086:344a] type 00 class 0x110100
[    2.033209] pci 0000:fe:1a.0: [8086:2880] type 00 class 0x110100
[    2.033316] pci 0000:fe:1b.0: [8086:2880] type 00 class 0x110100
[    2.033420] pci 0000:fe:1c.0: [8086:2880] type 00 class 0x110100
[    2.033575] pci 0000:fe:1d.0: [8086:2880] type 00 class 0x110100
[    2.033728] pci_bus 0000:fe: on NUMA node 1
[    2.033808] ACPI: PCI Root Bridge [UC17] (domain 0000 [bus ff])
[    2.033811] acpi PNP0A03:03: _OSC: OS supports [ExtendedConfig ASPM ClockPM Segments MSI HPX-Type3]
[    2.033908] acpi PNP0A03:03: _OSC: platform does not support [SHPCHotplug AER LTR]
[    2.034087] acpi PNP0A03:03: _OSC: OS now controls [PCIeHotplug PME PCIeCapability]
[    2.034088] acpi PNP0A03:03: FADT indicates ASPM is unsupported, using BIOS configuration
[    2.034237] PCI host bridge to bus 0000:ff
[    2.034238] pci_bus 0000:ff: root bus resource [bus ff]
[    2.034253] pci 0000:ff:00.0: [8086:344c] type 00 class 0x088000
[    2.034373] pci 0000:ff:00.1: [8086:344c] type 00 class 0x088000
[    2.034486] pci 0000:ff:00.2: [8086:344c] type 00 class 0x088000
[    2.034591] pci 0000:ff:00.3: [8086:344c] type 00 class 0x088000
[    2.034710] pci 0000:ff:00.4: [8086:344c] type 00 class 0x088000
[    2.034827] pci 0000:ff:00.5: [8086:344c] type 00 class 0x088000
[    2.034921] pci 0000:ff:00.6: [8086:344c] type 00 class 0x088000
[    2.035046] pci 0000:ff:00.7: [8086:344c] type 00 class 0x088000
[    2.035172] pci 0000:ff:01.0: [8086:344c] type 00 class 0x088000
[    2.035319] pci 0000:ff:01.1: [8086:344c] type 00 class 0x088000
[    2.035442] pci 0000:ff:01.2: [8086:344c] type 00 class 0x088000
[    2.035532] pci 0000:ff:01.3: [8086:344c] type 00 class 0x088000
[    2.035668] pci 0000:ff:01.4: [8086:344c] type 00 class 0x088000
[    2.035805] pci 0000:ff:01.5: [8086:344c] type 00 class 0x088000
[    2.035945] pci 0000:ff:01.6: [8086:344c] type 00 class 0x088000
[    2.036071] pci 0000:ff:01.7: [8086:344c] type 00 class 0x088000
[    2.036204] pci 0000:ff:02.0: [8086:344c] type 00 class 0x088000
[    2.036358] pci 0000:ff:02.1: [8086:344c] type 00 class 0x088000
[    2.036489] pci 0000:ff:02.2: [8086:344c] type 00 class 0x088000
[    2.036634] pci 0000:ff:02.3: [8086:344c] type 00 class 0x088000
[    2.036770] pci 0000:ff:02.4: [8086:344c] type 00 class 0x088000
[    2.036906] pci 0000:ff:02.5: [8086:344c] type 00 class 0x088000
[    2.037051] pci 0000:ff:02.6: [8086:344c] type 00 class 0x088000
[    2.037193] pci 0000:ff:02.7: [8086:344c] type 00 class 0x088000
[    2.037345] pci 0000:ff:03.0: [8086:344c] type 00 class 0x088000
[    2.037514] pci 0000:ff:03.1: [8086:344c] type 00 class 0x088000
[    2.037664] pci 0000:ff:03.2: [8086:344c] type 00 class 0x088000
[    2.037830] pci 0000:ff:03.3: [8086:344c] type 00 class 0x088000
[    2.037994] pci 0000:ff:0a.0: [8086:344d] type 00 class 0x088000
[    2.038112] pci 0000:ff:0a.1: [8086:344d] type 00 class 0x088000
[    2.038225] pci 0000:ff:0a.2: [8086:344d] type 00 class 0x088000
[    2.038323] pci 0000:ff:0a.3: [8086:344d] type 00 class 0x088000
[    2.038443] pci 0000:ff:0a.4: [8086:344d] type 00 class 0x088000
[    2.038560] pci 0000:ff:0a.5: [8086:344d] type 00 class 0x088000
[    2.038654] pci 0000:ff:0a.6: [8086:344d] type 00 class 0x088000
[    2.038785] pci 0000:ff:0a.7: [8086:344d] type 00 class 0x088000
[    2.038912] pci 0000:ff:0b.0: [8086:344d] type 00 class 0x088000
[    2.039061] pci 0000:ff:0b.1: [8086:344d] type 00 class 0x088000
[    2.039184] pci 0000:ff:0b.2: [8086:344d] type 00 class 0x088000
[    2.039268] pci 0000:ff:0b.3: [8086:344d] type 00 class 0x088000
[    2.039406] pci 0000:ff:0b.4: [8086:344d] type 00 class 0x088000
[    2.039542] pci 0000:ff:0b.5: [8086:344d] type 00 class 0x088000
[    2.039683] pci 0000:ff:0b.6: [8086:344d] type 00 class 0x088000
[    2.039815] pci 0000:ff:0b.7: [8086:344d] type 00 class 0x088000
[    2.039947] pci 0000:ff:0c.0: [8086:344d] type 00 class 0x088000
[    2.040096] pci 0000:ff:0c.1: [8086:344d] type 00 class 0x088000
[    2.040234] pci 0000:ff:0c.2: [8086:344d] type 00 class 0x088000
[    2.040373] pci 0000:ff:0c.3: [8086:344d] type 00 class 0x088000
[    2.040509] pci 0000:ff:0c.4: [8086:344d] type 00 class 0x088000
[    2.040645] pci 0000:ff:0c.5: [8086:344d] type 00 class 0x088000
[    2.040789] pci 0000:ff:0c.6: [8086:344d] type 00 class 0x088000
[    2.040936] pci 0000:ff:0c.7: [8086:344d] type 00 class 0x088000
[    2.041088] pci 0000:ff:0d.0: [8086:344d] type 00 class 0x088000
[    2.041255] pci 0000:ff:0d.1: [8086:344d] type 00 class 0x088000
[    2.041405] pci 0000:ff:0d.2: [8086:344d] type 00 class 0x088000
[    2.041565] pci 0000:ff:0d.3: [8086:344d] type 00 class 0x088000
[    2.041740] pci 0000:ff:1d.0: [8086:344f] type 00 class 0x088000
[    2.041869] pci 0000:ff:1d.1: [8086:3457] type 00 class 0x088000
[    2.041979] pci 0000:ff:1e.0: [8086:3458] type 00 class 0x088000
[    2.042066] pci 0000:ff:1e.1: [8086:3459] type 00 class 0x088000
[    2.042132] pci 0000:ff:1e.2: [8086:345a] type 00 class 0x088000
[    2.042196] pci 0000:ff:1e.3: [8086:345b] type 00 class 0x088000
[    2.042260] pci 0000:ff:1e.4: [8086:345c] type 00 class 0x088000
[    2.042325] pci 0000:ff:1e.5: [8086:345d] type 00 class 0x088000
[    2.042389] pci 0000:ff:1e.6: [8086:345e] type 00 class 0x088000
[    2.042454] pci 0000:ff:1e.7: [8086:345f] type 00 class 0x088000
[    2.042515] pci_bus 0000:ff: on NUMA node 1
[    2.045396] iommu: Default domain type: Translated 
[    2.045396] iommu: DMA domain TLB invalidation policy: lazy mode 
[    2.045591] SCSI subsystem initialized
[    2.045641] libata version 3.00 loaded.
[    2.045641] ACPI: bus type USB registered
[    2.045641] usbcore: registered new interface driver usbfs
[    2.045641] usbcore: registered new interface driver hub
[    2.045641] usbcore: registered new device driver usb
[    2.045641] pps_core: LinuxPPS API ver. 1 registered
[    2.045641] pps_core: Software ver. 5.3.6 - Copyright 2005-2007 Rodolfo Giometti <giometti@linux.it>
[    2.045641] PTP clock support registered
[    2.045641] EDAC MC: Ver: 3.0.0
[    2.046026] Registered efivars operations
[    2.046026] NetLabel: Initializing
[    2.046026] NetLabel:  domain hash size = 128
[    2.046026] NetLabel:  protocols = UNLABELED CIPSOv4 CALIPSO
[    2.046026] NetLabel:  unlabeled traffic allowed by default
[    2.046026] PCI: Using ACPI for IRQ routing
[    2.048561] PCI: pci_cache_line_size set to 64 bytes
[    2.049123] e820: reserve RAM buffer [mem 0x0008f000-0x0008ffff]
[    2.049125] e820: reserve RAM buffer [mem 0x46cc4020-0x47ffffff]
[    2.049127] e820: reserve RAM buffer [mem 0x46cf6020-0x47ffffff]
[    2.049128] e820: reserve RAM buffer [mem 0x46d29020-0x47ffffff]
[    2.049129] e820: reserve RAM buffer [mem 0x46d5c020-0x47ffffff]
[    2.049129] e820: reserve RAM buffer [mem 0x49e77000-0x4bffffff]
[    2.049131] e820: reserve RAM buffer [mem 0x4b2cf000-0x4bffffff]
[    2.049132] e820: reserve RAM buffer [mem 0x4bd94000-0x4bffffff]
[    2.049132] e820: reserve RAM buffer [mem 0x4ce00000-0x4fffffff]
[    2.049133] e820: reserve RAM buffer [mem 0x5eefe000-0x5fffffff]
[    2.049134] e820: reserve RAM buffer [mem 0x6f800000-0x6fffffff]
[    2.049382] pci 0000:03:00.0: vgaarb: setting as boot VGA device
[    2.049382] pci 0000:03:00.0: vgaarb: bridge control possible
[    2.049382] pci 0000:03:00.0: vgaarb: VGA device added: decodes=io+mem,owns=io+mem,locks=none
[    2.049388] vgaarb: loaded
[    2.050691] hpet0: at MMIO 0xfed00000, IRQs 2, 8, 0, 0, 0, 0, 0, 0
[    2.050698] hpet0: 8 comparators, 64-bit 24.000000 MHz counter
[    2.053446] clocksource: Switched to clocksource tsc-early
[    2.062927] VFS: Disk quotas dquot_6.6.0
[    2.062962] VFS: Dquot-cache hash table entries: 512 (order 0, 4096 bytes)
[    2.063110] AppArmor: AppArmor Filesystem Enabled
[    2.063122] pnp: PnP ACPI init
[    2.079192] system 00:01: [io  0x0500-0x05fe] has been reserved
[    2.079195] system 00:01: [io  0x0400-0x041f] has been reserved
[    2.079197] system 00:01: [io  0x0600-0x061f] has been reserved
[    2.079198] system 00:01: [io  0x0ca0-0x0ca1] has been reserved
[    2.079200] system 00:01: [io  0x0ca4-0x0ca6] has been reserved
[    2.079202] system 00:01: [mem 0xff000000-0xffffffff] has been reserved
[    2.079811] system 00:04: [mem 0xfd000000-0xfdabffff] has been reserved
[    2.079814] system 00:04: [mem 0xfdad0000-0xfdadffff] has been reserved
[    2.079815] system 00:04: [mem 0xfdb00000-0xfdffffff] has been reserved
[    2.079817] system 00:04: [mem 0xfe000000-0xfe00ffff] has been reserved
[    2.079819] system 00:04: [mem 0xfe011000-0xfe01ffff] has been reserved
[    2.079820] system 00:04: [mem 0xfe036000-0xfe03bfff] has been reserved
[    2.079822] system 00:04: [mem 0xfe03d000-0xfe3fffff] has been reserved
[    2.079824] system 00:04: [mem 0xfe410000-0xfe7fffff] has been reserved
[    2.080151] system 00:05: [io  0x1000-0x10fe] has been reserved
[    2.081169] pnp: PnP ACPI: found 6 devices
[    2.086922] clocksource: acpi_pm: mask: 0xffffff max_cycles: 0xffffff, max_idle_ns: 2085701024 ns
[    2.086999] NET: Registered PF_INET protocol family
[    2.087328] IP idents hash table entries: 262144 (order: 9, 2097152 bytes, vmalloc)
[    2.089536] tcp_listen_portaddr_hash hash table entries: 32768 (order: 7, 524288 bytes, vmalloc)
[    2.090221] TCP established hash table entries: 524288 (order: 10, 4194304 bytes, vmalloc hugepage)
[    2.090843] TCP bind hash table entries: 65536 (order: 8, 1048576 bytes, vmalloc)
[    2.090904] TCP: Hash tables configured (established 524288 bind 65536)
[    2.091197] UDP hash table entries: 32768 (order: 8, 1048576 bytes, vmalloc)
[    2.091428] UDP-Lite hash table entries: 32768 (order: 8, 1048576 bytes, vmalloc)
[    2.091636] NET: Registered PF_UNIX/PF_LOCAL protocol family
[    2.091642] NET: Registered PF_XDP protocol family
[    2.091649] pci 0000:04:00.0: can't claim BAR 6 [mem 0xfffc0000-0xffffffff pref]: no compatible bridge window
[    2.091652] pci 0000:04:00.1: can't claim BAR 6 [mem 0xfffc0000-0xffffffff pref]: no compatible bridge window
[    2.091654] pci 0000:17:00.0: can't claim BAR 6 [mem 0xfff00000-0xffffffff pref]: no compatible bridge window
[    2.091669] pci 0000:00:1c.5: BAR 14: assigned [mem 0x90000000-0x900fffff]
[    2.091671] pci 0000:00:1c.0: PCI bridge to [bus 01]
[    2.091682] pci 0000:02:00.0: PCI bridge to [bus 03]
[    2.091686] pci 0000:02:00.0:   bridge window [mem 0x92000000-0x928fffff]
[    2.091690] pci 0000:02:00.0:   bridge window [mem 0x91000000-0x91ffffff 64bit pref]
[    2.091697] pci 0000:00:1c.4: PCI bridge to [bus 02-03]
[    2.091700] pci 0000:00:1c.4:   bridge window [mem 0x92000000-0x928fffff]
[    2.091703] pci 0000:00:1c.4:   bridge window [mem 0x91000000-0x91ffffff 64bit pref]
[    2.091709] pci 0000:04:00.0: BAR 6: assigned [mem 0x90000000-0x9003ffff pref]
[    2.091711] pci 0000:04:00.1: BAR 6: assigned [mem 0x90040000-0x9007ffff pref]
[    2.091712] pci 0000:00:1c.5: PCI bridge to [bus 04]
[    2.091715] pci 0000:00:1c.5:   bridge window [mem 0x90000000-0x900fffff]
[    2.091718] pci 0000:00:1c.5:   bridge window [mem 0x92900000-0x929fffff 64bit pref]
[    2.091723] pci_bus 0000:00: resource 4 [io  0x0000-0x0cf7 window]
[    2.091724] pci_bus 0000:00: resource 5 [io  0x1000-0x4fff window]
[    2.091726] pci_bus 0000:00: resource 6 [mem 0x000a0000-0x000bffff window]
[    2.091727] pci_bus 0000:00: resource 7 [mem 0x000c8000-0x000cffff window]
[    2.091728] pci_bus 0000:00: resource 8 [mem 0xfe010000-0xfe010fff window]
[    2.091730] pci_bus 0000:00: resource 9 [mem 0x90000000-0x9b7fffff window]
[    2.091731] pci_bus 0000:00: resource 10 [mem 0x200000000000-0x20ffffffffff window]
[    2.091733] pci_bus 0000:02: resource 1 [mem 0x92000000-0x928fffff]
[    2.091735] pci_bus 0000:02: resource 2 [mem 0x91000000-0x91ffffff 64bit pref]
[    2.091736] pci_bus 0000:03: resource 1 [mem 0x92000000-0x928fffff]
[    2.091737] pci_bus 0000:03: resource 2 [mem 0x91000000-0x91ffffff 64bit pref]
[    2.091738] pci_bus 0000:04: resource 1 [mem 0x90000000-0x900fffff]
[    2.091739] pci_bus 0000:04: resource 2 [mem 0x92900000-0x929fffff 64bit pref]
[    2.091816] pci 0000:17:00.0: BAR 6: no space for [mem size 0x00100000 pref]
[    2.091817] pci 0000:17:00.0: BAR 6: failed to assign [mem size 0x00100000 pref]
[    2.091819] pci 0000:16:02.0: PCI bridge to [bus 17]
[    2.091820] pci 0000:16:02.0:   bridge window [io  0x5000-0x5fff]
[    2.091823] pci 0000:16:02.0:   bridge window [mem 0x9ba00000-0x9bafffff]
[    2.091825] pci 0000:16:02.0:   bridge window [mem 0x9b800000-0x9b9fffff 64bit pref]
[    2.091829] pci_bus 0000:16: resource 4 [io  0x5000-0x6fff window]
[    2.091830] pci_bus 0000:16: resource 5 [mem 0x9b800000-0xa63fffff window]
[    2.091831] pci_bus 0000:16: resource 6 [mem 0x210000000000-0x21ffffffffff window]
[    2.091833] pci_bus 0000:17: resource 0 [io  0x5000-0x5fff]
[    2.091834] pci_bus 0000:17: resource 1 [mem 0x9ba00000-0x9bafffff]
[    2.091835] pci_bus 0000:17: resource 2 [mem 0x9b800000-0x9b9fffff 64bit pref]
[    2.091841] pci_bus 0000:30: resource 4 [io  0x7000-0x8fff window]
[    2.091843] pci_bus 0000:30: resource 5 [mem 0xa6400000-0xb0ffffff window]
[    2.091844] pci_bus 0000:30: resource 6 [mem 0x220000000000-0x22ffffffffff window]
[    2.091850] pci_bus 0000:4a: resource 4 [io  0x9000-0x9fff window]
[    2.091851] pci_bus 0000:4a: resource 5 [mem 0xb1000000-0xbbbfffff window]
[    2.091852] pci_bus 0000:4a: resource 6 [mem 0x230000000000-0x23ffffffffff window]
