[    0.000000] Linux version 5.18.0 (xmu@xmu-PowerEdge-R750) (gcc (Ubuntu 8.4.0-1ubuntu1~18.04) 8.4.0, GNU ld (GNU Binutils for Ubuntu) 2.30) #1 SMP PREEMPT_DYNAMIC Sat Apr 6 15:16:25 CST 2024
[    0.000000] Command line: BOOT_IMAGE=/boot/vmlinuz-5.18.0 root=UUID=ce0c24b8-724b-4f33-9b2c-618433560aef ro memmap=42717M!4096M memmap=59G!64G quiet splash nomodeset vt.handoff=1
[    0.000000] KERNEL supported cpus:
[    0.000000]   Intel GenuineIntel
[    0.000000]   AMD AuthenticAMD
[    0.000000]   Hygon HygonGenuine
[    0.000000]   Centaur CentaurHauls
[    0.000000]   zhaoxin   Shanghai  
[    0.000000] x86/split lock detection: #AC: crashing the kernel on kernel split_locks and warning on user-space split_locks
[    0.000000] x86/fpu: Supporting XSAVE feature 0x001: 'x87 floating point registers'
[    0.000000] x86/fpu: Supporting XSAVE feature 0x002: 'SSE registers'
[    0.000000] x86/fpu: Supporting XSAVE feature 0x004: 'AVX registers'
[    0.000000] x86/fpu: Supporting XSAVE feature 0x020: 'AVX-512 opmask'
[    0.000000] x86/fpu: Supporting XSAVE feature 0x040: 'AVX-512 Hi256'
[    0.000000] x86/fpu: Supporting XSAVE feature 0x080: 'AVX-512 ZMM_Hi256'
[    0.000000] x86/fpu: Supporting XSAVE feature 0x200: 'Protection Keys User registers'
[    0.000000] x86/fpu: xstate_offset[2]:  576, xstate_sizes[2]:  256
[    0.000000] x86/fpu: xstate_offset[5]:  832, xstate_sizes[5]:   64
[    0.000000] x86/fpu: xstate_offset[6]:  896, xstate_sizes[6]:  512
[    0.000000] x86/fpu: xstate_offset[7]: 1408, xstate_sizes[7]: 1024
[    0.000000] x86/fpu: xstate_offset[9]: 2432, xstate_sizes[9]:    8
[    0.000000] x86/fpu: Enabled xstate features 0x2e7, context size is 2440 bytes, using 'compacted' format.
[    0.000000] signal: max sigframe size: 3632
[    0.000000] BIOS-provided physical RAM map:
[    0.000000] BIOS-e820: [mem 0x0000000000000000-0x000000000008efff] usable
[    0.000000] BIOS-e820: [mem 0x000000000008f000-0x000000000008ffff] reserved
[    0.000000] BIOS-e820: [mem 0x0000000000090000-0x000000000009ffff] usable
[    0.000000] BIOS-e820: [mem 0x00000000000a0000-0x00000000000fffff] reserved
[    0.000000] BIOS-e820: [mem 0x0000000000100000-0x0000000049e76fff] usable
[    0.000000] BIOS-e820: [mem 0x0000000049e77000-0x000000004ae76fff] ACPI NVS
[    0.000000] BIOS-e820: [mem 0x000000004ae77000-0x000000004b2cefff] usable
[    0.000000] BIOS-e820: [mem 0x000000004b2cf000-0x000000004b54dfff] ACPI data
[    0.000000] BIOS-e820: [mem 0x000000004b54e000-0x000000004bd93fff] usable
[    0.000000] BIOS-e820: [mem 0x000000004bd94000-0x000000004be99fff] reserved
[    0.000000] BIOS-e820: [mem 0x000000004be9a000-0x000000004cdfffff] usable
[    0.000000] BIOS-e820: [mem 0x000000004ce00000-0x000000004cffffff] reserved
[    0.000000] BIOS-e820: [mem 0x000000004d000000-0x000000005eefdfff] usable
[    0.000000] BIOS-e820: [mem 0x000000005eefe000-0x000000006e3fefff] reserved
[    0.000000] BIOS-e820: [mem 0x000000006e3ff000-0x000000006f3fefff] ACPI NVS
[    0.000000] BIOS-e820: [mem 0x000000006f3ff000-0x000000006f7fefff] ACPI data
[    0.000000] BIOS-e820: [mem 0x000000006f7ff000-0x000000006f7fffff] usable
[    0.000000] BIOS-e820: [mem 0x000000006f800000-0x000000008fffffff] reserved
[    0.000000] BIOS-e820: [mem 0x00000000fe000000-0x00000000fe010fff] reserved
[    0.000000] BIOS-e820: [mem 0x0000000100000000-0x000000207fffffff] usable
[    0.000000] BIOS-e820: [mem 0x0000002080000000-0x0000011c7fffffff] persistent (type 7)
[    0.000000] BIOS-e820: [mem 0x00001ffc00000000-0x00001fffffffffff] reserved
[    0.000000] NX (Execute Disable) protection: active
[    0.000000] e820: update [mem 0x46d5c020-0x46d6405f] usable ==> usable
[    0.000000] e820: update [mem 0x46d5c020-0x46d6405f] usable ==> usable
[    0.000000] e820: update [mem 0x46d29020-0x46d5bc5f] usable ==> usable
[    0.000000] e820: update [mem 0x46d29020-0x46d5bc5f] usable ==> usable
[    0.000000] e820: update [mem 0x46cf6020-0x46d28c5f] usable ==> usable
[    0.000000] e820: update [mem 0x46cf6020-0x46d28c5f] usable ==> usable
[    0.000000] e820: update [mem 0x46cc4020-0x46cf5a5f] usable ==> usable
[    0.000000] e820: update [mem 0x46cc4020-0x46cf5a5f] usable ==> usable
[    0.000000] extended physical RAM map:
[    0.000000] reserve setup_data: [mem 0x0000000000000000-0x000000000008efff] usable
[    0.000000] reserve setup_data: [mem 0x000000000008f000-0x000000000008ffff] reserved
[    0.000000] reserve setup_data: [mem 0x0000000000090000-0x000000000009ffff] usable
[    0.000000] reserve setup_data: [mem 0x00000000000a0000-0x00000000000fffff] reserved
[    0.000000] reserve setup_data: [mem 0x0000000000100000-0x0000000046cc401f] usable
[    0.000000] reserve setup_data: [mem 0x0000000046cc4020-0x0000000046cf5a5f] usable
[    0.000000] reserve setup_data: [mem 0x0000000046cf5a60-0x0000000046cf601f] usable
[    0.000000] reserve setup_data: [mem 0x0000000046cf6020-0x0000000046d28c5f] usable
[    0.000000] reserve setup_data: [mem 0x0000000046d28c60-0x0000000046d2901f] usable
[    0.000000] reserve setup_data: [mem 0x0000000046d29020-0x0000000046d5bc5f] usable
[    0.000000] reserve setup_data: [mem 0x0000000046d5bc60-0x0000000046d5c01f] usable
[    0.000000] reserve setup_data: [mem 0x0000000046d5c020-0x0000000046d6405f] usable
[    0.000000] reserve setup_data: [mem 0x0000000046d64060-0x0000000049e76fff] usable
[    0.000000] reserve setup_data: [mem 0x0000000049e77000-0x000000004ae76fff] ACPI NVS
[    0.000000] reserve setup_data: [mem 0x000000004ae77000-0x000000004b2cefff] usable
[    0.000000] reserve setup_data: [mem 0x000000004b2cf000-0x000000004b54dfff] ACPI data
[    0.000000] reserve setup_data: [mem 0x000000004b54e000-0x000000004bd93fff] usable
[    0.000000] reserve setup_data: [mem 0x000000004bd94000-0x000000004be99fff] reserved
[    0.000000] reserve setup_data: [mem 0x000000004be9a000-0x000000004cdfffff] usable
[    0.000000] reserve setup_data: [mem 0x000000004ce00000-0x000000004cffffff] reserved
[    0.000000] reserve setup_data: [mem 0x000000004d000000-0x000000005eefdfff] usable
[    0.000000] reserve setup_data: [mem 0x000000005eefe000-0x000000006e3fefff] reserved
[    0.000000] reserve setup_data: [mem 0x000000006e3ff000-0x000000006f3fefff] ACPI NVS
[    0.000000] reserve setup_data: [mem 0x000000006f3ff000-0x000000006f7fefff] ACPI data
[    0.000000] reserve setup_data: [mem 0x000000006f7ff000-0x000000006f7fffff] usable
[    0.000000] reserve setup_data: [mem 0x000000006f800000-0x000000008fffffff] reserved
[    0.000000] reserve setup_data: [mem 0x00000000fe000000-0x00000000fe010fff] reserved
[    0.000000] reserve setup_data: [mem 0x0000000100000000-0x0000000b6dcfffff] persistent (type 12)
[    0.000000] reserve setup_data: [mem 0x0000000b6dd00000-0x0000000fffffffff] usable
[    0.000000] reserve setup_data: [mem 0x0000001000000000-0x0000001ebfffffff] persistent (type 12)
[    0.000000] reserve setup_data: [mem 0x0000001ec0000000-0x000000207fffffff] usable
[    0.000000] reserve setup_data: [mem 0x0000002080000000-0x0000011c7fffffff] persistent (type 7)
[    0.000000] reserve setup_data: [mem 0x00001ffc00000000-0x00001fffffffffff] reserved
[    0.000000] user-defined physical RAM map:
[    0.000000] user: [mem 0x0000000000000000-0x000000000008efff] usable
[    0.000000] user: [mem 0x000000000008f000-0x000000000008ffff] reserved
[    0.000000] user: [mem 0x0000000000090000-0x000000000009ffff] usable
[    0.000000] user: [mem 0x00000000000a0000-0x00000000000fffff] reserved
[    0.000000] user: [mem 0x0000000000100000-0x0000000046cc401f] usable
[    0.000000] user: [mem 0x0000000046cc4020-0x0000000046cf5a5f] usable
[    0.000000] user: [mem 0x0000000046cf5a60-0x0000000046cf601f] usable
[    0.000000] user: [mem 0x0000000046cf6020-0x0000000046d28c5f] usable
[    0.000000] user: [mem 0x0000000046d28c60-0x0000000046d2901f] usable
[    0.000000] user: [mem 0x0000000046d29020-0x0000000046d5bc5f] usable
[    0.000000] user: [mem 0x0000000046d5bc60-0x0000000046d5c01f] usable
[    0.000000] user: [mem 0x0000000046d5c020-0x0000000046d6405f] usable
[    0.000000] user: [mem 0x0000000046d64060-0x0000000049e76fff] usable
[    0.000000] user: [mem 0x0000000049e77000-0x000000004ae76fff] ACPI NVS
[    0.000000] user: [mem 0x000000004ae77000-0x000000004b2cefff] usable
[    0.000000] user: [mem 0x000000004b2cf000-0x000000004b54dfff] ACPI data
[    0.000000] user: [mem 0x000000004b54e000-0x000000004bd93fff] usable
[    0.000000] user: [mem 0x000000004bd94000-0x000000004be99fff] reserved
[    0.000000] user: [mem 0x000000004be9a000-0x000000004cdfffff] usable
[    0.000000] user: [mem 0x000000004ce00000-0x000000004cffffff] reserved
[    0.000000] user: [mem 0x000000004d000000-0x000000005eefdfff] usable
[    0.000000] user: [mem 0x000000005eefe000-0x000000006e3fefff] reserved
[    0.000000] user: [mem 0x000000006e3ff000-0x000000006f3fefff] ACPI NVS
[    0.000000] user: [mem 0x000000006f3ff000-0x000000006f7fefff] ACPI data
[    0.000000] user: [mem 0x000000006f7ff000-0x000000006f7fffff] usable
[    0.000000] user: [mem 0x000000006f800000-0x000000008fffffff] reserved
[    0.000000] user: [mem 0x00000000fe000000-0x00000000fe010fff] reserved
[    0.000000] user: [mem 0x0000000100000000-0x0000000b6dcfffff] persistent (type 12)
[    0.000000] user: [mem 0x0000000b6dd00000-0x0000000fffffffff] usable
[    0.000000] user: [mem 0x0000001000000000-0x0000001ebfffffff] persistent (type 12)
[    0.000000] user: [mem 0x0000001ec0000000-0x000000207fffffff] usable
[    0.000000] user: [mem 0x0000002080000000-0x0000011c7fffffff] persistent (type 7)
[    0.000000] user: [mem 0x00001ffc00000000-0x00001fffffffffff] reserved
[    0.000000] efi: EFI v2.70 by Dell Inc.
[    0.000000] efi: ACPI=0x6f7fe000 ACPI 2.0=0x6f7fe014 MEMATTR=0x5b070020 SMBIOS=0x69526000 SMBIOS 3.0=0x69524000 MOKvar=0x5ef81000 RNG=0x5ef8a920 
[    0.000000] efi: seeding entropy pool
[    0.000000] SMBIOS 3.3.0 present.
[    0.000000] DMI: Dell Inc. PowerEdge R750/0K8F35, BIOS 1.10.2 03/03/2023
[    0.000000] tsc: Detected 2000.000 MHz processor
[    0.000006] e820: update [mem 0x00000000-0x00000fff] usable ==> reserved
[    0.000009] e820: remove [mem 0x000a0000-0x000fffff] usable
[    0.000017] last_pfn = 0x2080000 max_arch_pfn = 0x400000000
[    0.000195] x86/PAT: Configuration [0-7]: WB  WC  UC- UC  WB  WP  UC- WT  
[    0.002860] total RAM covered: 2095088M
[    0.002945]  gran_size: 64K 	chunk_size: 64K 	num_reg: 10  	lose cover RAM: 2016G
[    0.002947]  gran_size: 64K 	chunk_size: 128K 	num_reg: 10  	lose cover RAM: 2016G
[    0.002949]  gran_size: 64K 	chunk_size: 256K 	num_reg: 10  	lose cover RAM: 2016G
[    0.002950]  gran_size: 64K 	chunk_size: 512K 	num_reg: 10  	lose cover RAM: 2016G
[    0.002952]  gran_size: 64K 	chunk_size: 1M 	num_reg: 10  	lose cover RAM: 2016G
[    0.002953]  gran_size: 64K 	chunk_size: 2M 	num_reg: 10  	lose cover RAM: 2016G
[    0.002954]  gran_size: 64K 	chunk_size: 4M 	num_reg: 10  	lose cover RAM: 2016G
[    0.002956]  gran_size: 64K 	chunk_size: 8M 	num_reg: 10  	lose cover RAM: 2016G
[    0.002957]  gran_size: 64K 	chunk_size: 16M 	num_reg: 10  	lose cover RAM: 2016G
[    0.002958]  gran_size: 64K 	chunk_size: 32M 	num_reg: 10  	lose cover RAM: 1024G
[    0.002960]  gran_size: 64K 	chunk_size: 64M 	num_reg: 10  	lose cover RAM: 1024G
[    0.002961]  gran_size: 64K 	chunk_size: 128M 	num_reg: 10  	lose cover RAM: 1024G
[    0.002963]  gran_size: 64K 	chunk_size: 256M 	num_reg: 10  	lose cover RAM: 1024G
[    0.002964]  gran_size: 64K 	chunk_size: 512M 	num_reg: 10  	lose cover RAM: 1024G
[    0.002965]  gran_size: 64K 	chunk_size: 1G 	num_reg: 10  	lose cover RAM: 1024G
[    0.002967]  gran_size: 64K 	chunk_size: 2G 	num_reg: 10  	lose cover RAM: 1024G
[    0.002968]  gran_size: 128K 	chunk_size: 128K 	num_reg: 10  	lose cover RAM: 2016G
[    0.002969]  gran_size: 128K 	chunk_size: 256K 	num_reg: 10  	lose cover RAM: 2016G
[    0.002971]  gran_size: 128K 	chunk_size: 512K 	num_reg: 10  	lose cover RAM: 2016G
[    0.002972]  gran_size: 128K 	chunk_size: 1M 	num_reg: 10  	lose cover RAM: 2016G
[    0.002973]  gran_size: 128K 	chunk_size: 2M 	num_reg: 10  	lose cover RAM: 2016G
[    0.002975]  gran_size: 128K 	chunk_size: 4M 	num_reg: 10  	lose cover RAM: 2016G
[    0.002976]  gran_size: 128K 	chunk_size: 8M 	num_reg: 10  	lose cover RAM: 2016G
[    0.002977]  gran_size: 128K 	chunk_size: 16M 	num_reg: 10  	lose cover RAM: 2016G
[    0.002979]  gran_size: 128K 	chunk_size: 32M 	num_reg: 10  	lose cover RAM: 1024G
[    0.002980]  gran_size: 128K 	chunk_size: 64M 	num_reg: 10  	lose cover RAM: 1024G
[    0.002981]  gran_size: 128K 	chunk_size: 128M 	num_reg: 10  	lose cover RAM: 1024G
[    0.002982]  gran_size: 128K 	chunk_size: 256M 	num_reg: 10  	lose cover RAM: 1024G
[    0.002984]  gran_size: 128K 	chunk_size: 512M 	num_reg: 10  	lose cover RAM: 1024G
[    0.002985]  gran_size: 128K 	chunk_size: 1G 	num_reg: 10  	lose cover RAM: 1024G
[    0.002986]  gran_size: 128K 	chunk_size: 2G 	num_reg: 10  	lose cover RAM: 1024G
[    0.002988]  gran_size: 256K 	chunk_size: 256K 	num_reg: 10  	lose cover RAM: 2016G
[    0.002989]  gran_size: 256K 	chunk_size: 512K 	num_reg: 10  	lose cover RAM: 2016G
[    0.002991]  gran_size: 256K 	chunk_size: 1M 	num_reg: 10  	lose cover RAM: 2016G
[    0.002992]  gran_size: 256K 	chunk_size: 2M 	num_reg: 10  	lose cover RAM: 2016G
[    0.002994]  gran_size: 256K 	chunk_size: 4M 	num_reg: 10  	lose cover RAM: 2016G
[    0.002995]  gran_size: 256K 	chunk_size: 8M 	num_reg: 10  	lose cover RAM: 2016G
[    0.002996]  gran_size: 256K 	chunk_size: 16M 	num_reg: 10  	lose cover RAM: 2016G
[    0.002998]  gran_size: 256K 	chunk_size: 32M 	num_reg: 10  	lose cover RAM: 1024G
[    0.002999]  gran_size: 256K 	chunk_size: 64M 	num_reg: 10  	lose cover RAM: 1024G
[    0.003000]  gran_size: 256K 	chunk_size: 128M 	num_reg: 10  	lose cover RAM: 1024G
[    0.003002]  gran_size: 256K 	chunk_size: 256M 	num_reg: 10  	lose cover RAM: 1024G
[    0.003003]  gran_size: 256K 	chunk_size: 512M 	num_reg: 10  	lose cover RAM: 1024G
[    0.003004]  gran_size: 256K 	chunk_size: 1G 	num_reg: 10  	lose cover RAM: 1024G
[    0.003006]  gran_size: 256K 	chunk_size: 2G 	num_reg: 10  	lose cover RAM: 1024G
[    0.003007]  gran_size: 512K 	chunk_size: 512K 	num_reg: 10  	lose cover RAM: 2016G
[    0.003008]  gran_size: 512K 	chunk_size: 1M 	num_reg: 10  	lose cover RAM: 2016G
[    0.003009]  gran_size: 512K 	chunk_size: 2M 	num_reg: 10  	lose cover RAM: 2016G
[    0.003011]  gran_size: 512K 	chunk_size: 4M 	num_reg: 10  	lose cover RAM: 2016G
[    0.003012]  gran_size: 512K 	chunk_size: 8M 	num_reg: 10  	lose cover RAM: 2016G
[    0.003013]  gran_size: 512K 	chunk_size: 16M 	num_reg: 10  	lose cover RAM: 2016G
[    0.003015]  gran_size: 512K 	chunk_size: 32M 	num_reg: 10  	lose cover RAM: 1024G
[    0.003016]  gran_size: 512K 	chunk_size: 64M 	num_reg: 10  	lose cover RAM: 1024G
[    0.003017]  gran_size: 512K 	chunk_size: 128M 	num_reg: 10  	lose cover RAM: 1024G
[    0.003019]  gran_size: 512K 	chunk_size: 256M 	num_reg: 10  	lose cover RAM: 1024G
[    0.003020]  gran_size: 512K 	chunk_size: 512M 	num_reg: 10  	lose cover RAM: 1024G
[    0.003022]  gran_size: 512K 	chunk_size: 1G 	num_reg: 10  	lose cover RAM: 1024G
[    0.003023]  gran_size: 512K 	chunk_size: 2G 	num_reg: 10  	lose cover RAM: 1024G
[    0.003024]  gran_size: 1M 	chunk_size: 1M 	num_reg: 10  	lose cover RAM: 2016G
[    0.003026]  gran_size: 1M 	chunk_size: 2M 	num_reg: 10  	lose cover RAM: 2016G
[    0.003027]  gran_size: 1M 	chunk_size: 4M 	num_reg: 10  	lose cover RAM: 2016G
[    0.003028]  gran_size: 1M 	chunk_size: 8M 	num_reg: 10  	lose cover RAM: 2016G
[    0.003030]  gran_size: 1M 	chunk_size: 16M 	num_reg: 10  	lose cover RAM: 2016G
[    0.003031]  gran_size: 1M 	chunk_size: 32M 	num_reg: 10  	lose cover RAM: 1024G
[    0.003032]  gran_size: 1M 	chunk_size: 64M 	num_reg: 10  	lose cover RAM: 1024G
[    0.003034]  gran_size: 1M 	chunk_size: 128M 	num_reg: 10  	lose cover RAM: 1024G
[    0.003035]  gran_size: 1M 	chunk_size: 256M 	num_reg: 10  	lose cover RAM: 1024G
[    0.003036]  gran_size: 1M 	chunk_size: 512M 	num_reg: 10  	lose cover RAM: 1024G
[    0.003038]  gran_size: 1M 	chunk_size: 1G 	num_reg: 10  	lose cover RAM: 1024G
[    0.003039]  gran_size: 1M 	chunk_size: 2G 	num_reg: 10  	lose cover RAM: 1024G
[    0.003040]  gran_size: 2M 	chunk_size: 2M 	num_reg: 10  	lose cover RAM: 2016G
[    0.003041]  gran_size: 2M 	chunk_size: 4M 	num_reg: 10  	lose cover RAM: 2016G
[    0.003043]  gran_size: 2M 	chunk_size: 8M 	num_reg: 10  	lose cover RAM: 2016G
[    0.003044]  gran_size: 2M 	chunk_size: 16M 	num_reg: 10  	lose cover RAM: 2016G
[    0.003045]  gran_size: 2M 	chunk_size: 32M 	num_reg: 10  	lose cover RAM: 1024G
[    0.003047]  gran_size: 2M 	chunk_size: 64M 	num_reg: 10  	lose cover RAM: 1024G
[    0.003048]  gran_size: 2M 	chunk_size: 128M 	num_reg: 10  	lose cover RAM: 1024G
[    0.003049]  gran_size: 2M 	chunk_size: 256M 	num_reg: 10  	lose cover RAM: 1024G
[    0.003051]  gran_size: 2M 	chunk_size: 512M 	num_reg: 10  	lose cover RAM: 1024G
[    0.003052]  gran_size: 2M 	chunk_size: 1G 	num_reg: 10  	lose cover RAM: 1024G
[    0.003054]  gran_size: 2M 	chunk_size: 2G 	num_reg: 10  	lose cover RAM: 1024G
[    0.003055]  gran_size: 4M 	chunk_size: 4M 	num_reg: 10  	lose cover RAM: 2016G
[    0.003056]  gran_size: 4M 	chunk_size: 8M 	num_reg: 10  	lose cover RAM: 2016G
[    0.003058]  gran_size: 4M 	chunk_size: 16M 	num_reg: 10  	lose cover RAM: 2016G
[    0.003059]  gran_size: 4M 	chunk_size: 32M 	num_reg: 10  	lose cover RAM: 1024G
[    0.003060]  gran_size: 4M 	chunk_size: 64M 	num_reg: 10  	lose cover RAM: 1024G
[    0.003062]  gran_size: 4M 	chunk_size: 128M 	num_reg: 10  	lose cover RAM: 1024G
[    0.003063]  gran_size: 4M 	chunk_size: 256M 	num_reg: 10  	lose cover RAM: 1024G
[    0.003064]  gran_size: 4M 	chunk_size: 512M 	num_reg: 10  	lose cover RAM: 1024G
[    0.003065]  gran_size: 4M 	chunk_size: 1G 	num_reg: 10  	lose cover RAM: 1024G
[    0.003067]  gran_size: 4M 	chunk_size: 2G 	num_reg: 10  	lose cover RAM: 1024G
[    0.003068]  gran_size: 8M 	chunk_size: 8M 	num_reg: 10  	lose cover RAM: 2016G
[    0.003069]  gran_size: 8M 	chunk_size: 16M 	num_reg: 10  	lose cover RAM: 2016G
[    0.003071]  gran_size: 8M 	chunk_size: 32M 	num_reg: 10  	lose cover RAM: 1024G
[    0.003072]  gran_size: 8M 	chunk_size: 64M 	num_reg: 10  	lose cover RAM: 1024G
[    0.003073]  gran_size: 8M 	chunk_size: 128M 	num_reg: 10  	lose cover RAM: 1024G
[    0.003075]  gran_size: 8M 	chunk_size: 256M 	num_reg: 10  	lose cover RAM: 1024G
[    0.003076]  gran_size: 8M 	chunk_size: 512M 	num_reg: 10  	lose cover RAM: 1024G
[    0.003077]  gran_size: 8M 	chunk_size: 1G 	num_reg: 10  	lose cover RAM: 1024G
[    0.003078]  gran_size: 8M 	chunk_size: 2G 	num_reg: 10  	lose cover RAM: 1024G
[    0.003080]  gran_size: 16M 	chunk_size: 16M 	num_reg: 10  	lose cover RAM: 2016G
[    0.003081]  gran_size: 16M 	chunk_size: 32M 	num_reg: 10  	lose cover RAM: 1024G
[    0.003082]  gran_size: 16M 	chunk_size: 64M 	num_reg: 10  	lose cover RAM: 1024G
[    0.003084]  gran_size: 16M 	chunk_size: 128M 	num_reg: 10  	lose cover RAM: 1024G
[    0.003085]  gran_size: 16M 	chunk_size: 256M 	num_reg: 10  	lose cover RAM: 1024G
[    0.003087]  gran_size: 16M 	chunk_size: 512M 	num_reg: 10  	lose cover RAM: 1024G
[    0.003088]  gran_size: 16M 	chunk_size: 1G 	num_reg: 10  	lose cover RAM: 1024G
[    0.003090]  gran_size: 16M 	chunk_size: 2G 	num_reg: 10  	lose cover RAM: 1024G
[    0.003091]  gran_size: 32M 	chunk_size: 32M 	num_reg: 10  	lose cover RAM: 2031632M
[    0.003092]  gran_size: 32M 	chunk_size: 64M 	num_reg: 10  	lose cover RAM: 1048592M
[    0.003094]  gran_size: 32M 	chunk_size: 128M 	num_reg: 10  	lose cover RAM: 1048592M
[    0.003095]  gran_size: 32M 	chunk_size: 256M 	num_reg: 10  	lose cover RAM: 1048592M
[    0.003096]  gran_size: 32M 	chunk_size: 512M 	num_reg: 10  	lose cover RAM: 1048592M
[    0.003098]  gran_size: 32M 	chunk_size: 1G 	num_reg: 10  	lose cover RAM: 1048592M
[    0.003099]  gran_size: 32M 	chunk_size: 2G 	num_reg: 10  	lose cover RAM: 1048592M
[    0.003101]  gran_size: 64M 	chunk_size: 64M 	num_reg: 10  	lose cover RAM: 1966128M
[    0.003102]  gran_size: 64M 	chunk_size: 128M 	num_reg: 10  	lose cover RAM: 1048624M
[    0.003103]  gran_size: 64M 	chunk_size: 256M 	num_reg: 10  	lose cover RAM: 1048624M
[    0.003104]  gran_size: 64M 	chunk_size: 512M 	num_reg: 10  	lose cover RAM: 1048624M
[    0.003106]  gran_size: 64M 	chunk_size: 1G 	num_reg: 10  	lose cover RAM: 1048624M
[    0.003107]  gran_size: 64M 	chunk_size: 2G 	num_reg: 10  	lose cover RAM: 1048624M
[    0.003108]  gran_size: 128M 	chunk_size: 128M 	num_reg: 10  	lose cover RAM: 1835120M
[    0.003110]  gran_size: 128M 	chunk_size: 256M 	num_reg: 10  	lose cover RAM: 1048688M
[    0.003111]  gran_size: 128M 	chunk_size: 512M 	num_reg: 10  	lose cover RAM: 1048688M
[    0.003113]  gran_size: 128M 	chunk_size: 1G 	num_reg: 10  	lose cover RAM: 1048688M
[    0.003114]  gran_size: 128M 	chunk_size: 2G 	num_reg: 10  	lose cover RAM: 1048688M
[    0.003116]  gran_size: 256M 	chunk_size: 256M 	num_reg: 10  	lose cover RAM: 1573104M
[    0.003117]  gran_size: 256M 	chunk_size: 512M 	num_reg: 10  	lose cover RAM: 1048816M
[    0.003118]  gran_size: 256M 	chunk_size: 1G 	num_reg: 10  	lose cover RAM: 1048816M
[    0.003120]  gran_size: 256M 	chunk_size: 2G 	num_reg: 10  	lose cover RAM: 1048816M
[    0.003121]  gran_size: 512M 	chunk_size: 512M 	num_reg: 10  	lose cover RAM: 1049072M
[    0.003122]  gran_size: 512M 	chunk_size: 1G 	num_reg: 10  	lose cover RAM: 1049072M
[    0.003124]  gran_size: 512M 	chunk_size: 2G 	num_reg: 10  	lose cover RAM: 1049072M
[    0.003125]  gran_size: 1G 	chunk_size: 1G 	num_reg: 10  	lose cover RAM: 1008M
[    0.003126]  gran_size: 1G 	chunk_size: 2G 	num_reg: 10  	lose cover RAM: 1008M
[    0.003128]  gran_size: 2G 	chunk_size: 2G 	num_reg: 9  	lose cover RAM: 2032M
[    0.003129] mtrr_cleanup: can not find optimal value
[    0.003130] please specify mtrr_gran_size/mtrr_chunk_size
[    0.003132] e820: update [mem 0x7f000000-0xffffffff] usable ==> reserved
[    0.003136] x2apic: enabled by BIOS, switching to x2apic ops
[    0.003136] last_pfn = 0x6f800 max_arch_pfn = 0x400000000
[    0.014562] Using GB pages for direct mapping
[    0.015372] Secure boot disabled
[    0.015373] RAMDISK: [mem 0x205de61000-0x207fffffff]
[    0.015379] ACPI: Early table checksum verification disabled
[    0.015381] ACPI: RSDP 0x000000006F7FE014 000024 (v02 DELL  )
[    0.015385] ACPI: XSDT 0x000000006F41C188 0000F4 (v01 DELL   PE_SC3   00000000 DELL 01000013)
[    0.015390] ACPI: FACP 0x000000006F430000 000114 (v06 DELL   PE_SC3   00000000 DELL 00000001)
[    0.015396] ACPI: DSDT 0x000000004B4CE000 07FAD3 (v02 DELL   PE_SC3   00000003 DELL 00000001)
[    0.015399] ACPI: FACS 0x000000006F2F2000 000040
[    0.015402] ACPI: SSDT 0x000000006F7FB000 00159A (v02 INTEL  RAS_ACPI 00000001 INTL 20210331)
[    0.015406] ACPI: SSDT 0x000000006F7FA000 000745 (v02 INTEL  ADDRXLAT 00000001 INTL 20210331)
[    0.015410] ACPI: MCEJ 0x000000006F7F9000 000130 (v01 INTEL           00000001 INTL 0100000D)
[    0.015413] ACPI: BERT 0x000000006F7F8000 000030 (v01 DELL   PE_SC3   00000001 INTL 00000001)
[    0.015416] ACPI: ERST 0x000000006F7F7000 000230 (v01 DELL   PE_SC3   00000001 INTL 00000001)
[    0.015420] ACPI: SSDT 0x000000006F431000 3C524E (v02 INTEL  SSDTNVDR 00001000 INTL 20210331)
[    0.015423] ACPI: HMAT 0x000000006F42F000 000210 (v01 DELL   PE_SC3   00000001 DELL 00000001)
[    0.015427] ACPI: HPET 0x000000006F42E000 000038 (v01 DELL   PE_SC3   00000001 DELL 00000001)
[    0.015430] ACPI: MCFG 0x000000006F42D000 00003C (v01 DELL   PE_SC3   00000001 DELL 00000001)
[    0.015433] ACPI: MIGT 0x000000006F42C000 000040 (v01 DELL   PE_SC3   00000000 DELL 00000001)
[    0.015437] ACPI: MSCT 0x000000006F42B000 000090 (v01 DELL   PE_SC3   00000001 DELL 00000001)
[    0.015440] ACPI: PMTT 0x000000006F429000 0011E8 (v02 DELL   PE_SC3   00000001 DELL 00000001)
[    0.015443] ACPI: WSMT 0x000000006F428000 000028 (v01 DELL   PE_SC3   00000000 DELL 00000001)
[    0.015447] ACPI: APIC 0x000000006F427000 00075E (v04 DELL   PE_SC3   00000000 DELL 00000001)
[    0.015450] ACPI: SLIT 0x000000006F426000 00003C (v01 DELL   PE_SC3   00000001 DELL 01000013)
[    0.015454] ACPI: SRAT 0x000000006F41F000 006430 (v03 DELL   PE_SC3   00000002 DELL 01000013)
[    0.015457] ACPI: OEM4 0x000000004B346000 187A61 (v02 INTEL  CPU  CST 00003000 INTL 20210331)
[    0.015460] ACPI: SSDT 0x000000004B2CF000 0764A5 (v02 INTEL  SSDT  PM 00004000 INTL 20210331)
[    0.015464] ACPI: SSDT 0x000000006F41E000 000A1F (v02 DELL   PE_SC3   00000000 DELL 00000001)
[    0.015467] ACPI: HEST 0x000000006F41D000 00017C (v01 DELL   PE_SC3   00000001 INTL 00000001)
[    0.015470] ACPI: PCAT 0x000000006F41B000 00010C (v19 DELL   PE_SC3   00000002 DELL 00000001)
[    0.015474] ACPI: SSDT 0x000000006F413000 007299 (v02 INTEL  SpsNm    00000002 INTL 20210331)
[    0.015477] ACPI: SSDT 0x000000006F412000 000426 (v02 DELL   PE_SC3   00000002 DELL 00000001)
[    0.015481] ACPI: NFIT 0x000000006F7FD000 000488 (v01 DELL   PE_SC3   00000002 DELL 00000001)
[    0.015484] ACPI: DMAR 0x000000006F411000 000158 (v01 DELL   PE_SC3   00000001 DELL 00000001)
[    0.015487] ACPI: Reserving FACP table memory at [mem 0x6f430000-0x6f430113]
[    0.015488] ACPI: Reserving DSDT table memory at [mem 0x4b4ce000-0x4b54dad2]
[    0.015489] ACPI: Reserving FACS table memory at [mem 0x6f2f2000-0x6f2f203f]
[    0.015490] ACPI: Reserving SSDT table memory at [mem 0x6f7fb000-0x6f7fc599]
[    0.015491] ACPI: Reserving SSDT table memory at [mem 0x6f7fa000-0x6f7fa744]
[    0.015492] ACPI: Reserving MCEJ table memory at [mem 0x6f7f9000-0x6f7f912f]
[    0.015493] ACPI: Reserving BERT table memory at [mem 0x6f7f8000-0x6f7f802f]
[    0.015494] ACPI: Reserving ERST table memory at [mem 0x6f7f7000-0x6f7f722f]
[    0.015495] ACPI: Reserving SSDT table memory at [mem 0x6f431000-0x6f7f624d]
[    0.015496] ACPI: Reserving HMAT table memory at [mem 0x6f42f000-0x6f42f20f]
[    0.015497] ACPI: Reserving HPET table memory at [mem 0x6f42e000-0x6f42e037]
[    0.015498] ACPI: Reserving MCFG table memory at [mem 0x6f42d000-0x6f42d03b]
[    0.015498] ACPI: Reserving MIGT table memory at [mem 0x6f42c000-0x6f42c03f]
[    0.015499] ACPI: Reserving MSCT table memory at [mem 0x6f42b000-0x6f42b08f]
[    0.015500] ACPI: Reserving PMTT table memory at [mem 0x6f429000-0x6f42a1e7]
[    0.015501] ACPI: Reserving WSMT table memory at [mem 0x6f428000-0x6f428027]
[    0.015502] ACPI: Reserving APIC table memory at [mem 0x6f427000-0x6f42775d]
[    0.015503] ACPI: Reserving SLIT table memory at [mem 0x6f426000-0x6f42603b]
[    0.015504] ACPI: Reserving SRAT table memory at [mem 0x6f41f000-0x6f42542f]
[    0.015505] ACPI: Reserving OEM4 table memory at [mem 0x4b346000-0x4b4cda60]
[    0.015506] ACPI: Reserving SSDT table memory at [mem 0x4b2cf000-0x4b3454a4]
[    0.015507] ACPI: Reserving SSDT table memory at [mem 0x6f41e000-0x6f41ea1e]
[    0.015508] ACPI: Reserving HEST table memory at [mem 0x6f41d000-0x6f41d17b]
[    0.015509] ACPI: Reserving PCAT table memory at [mem 0x6f41b000-0x6f41b10b]
[    0.015510] ACPI: Reserving SSDT table memory at [mem 0x6f413000-0x6f41a298]
[    0.015511] ACPI: Reserving SSDT table memory at [mem 0x6f412000-0x6f412425]
[    0.015511] ACPI: Reserving NFIT table memory at [mem 0x6f7fd000-0x6f7fd487]
[    0.015513] ACPI: Reserving DMAR table memory at [mem 0x6f411000-0x6f411157]
[    0.015523] Setting APIC routing to cluster x2apic.
[    0.015569] SRAT: PXM 0 -> APIC 0x0000 -> Node 0
[    0.015571] SRAT: PXM 0 -> APIC 0x0001 -> Node 0
[    0.015571] SRAT: PXM 0 -> APIC 0x0002 -> Node 0
[    0.015572] SRAT: PXM 0 -> APIC 0x0003 -> Node 0
[    0.015573] SRAT: PXM 0 -> APIC 0x0004 -> Node 0
[    0.015573] SRAT: PXM 0 -> APIC 0x0005 -> Node 0
[    0.015574] SRAT: PXM 0 -> APIC 0x0006 -> Node 0
[    0.015575] SRAT: PXM 0 -> APIC 0x0007 -> Node 0
[    0.015575] SRAT: PXM 0 -> APIC 0x0008 -> Node 0
[    0.015576] SRAT: PXM 0 -> APIC 0x0009 -> Node 0
[    0.015577] SRAT: PXM 0 -> APIC 0x000a -> Node 0
[    0.015577] SRAT: PXM 0 -> APIC 0x000b -> Node 0
[    0.015578] SRAT: PXM 0 -> APIC 0x000c -> Node 0
[    0.015579] SRAT: PXM 0 -> APIC 0x000d -> Node 0
[    0.015580] SRAT: PXM 0 -> APIC 0x000e -> Node 0
[    0.015580] SRAT: PXM 0 -> APIC 0x000f -> Node 0
[    0.015581] SRAT: PXM 0 -> APIC 0x0010 -> Node 0
[    0.015582] SRAT: PXM 0 -> APIC 0x0011 -> Node 0
[    0.015583] SRAT: PXM 0 -> APIC 0x0012 -> Node 0
[    0.015583] SRAT: PXM 0 -> APIC 0x0013 -> Node 0
[    0.015584] SRAT: PXM 0 -> APIC 0x0014 -> Node 0
[    0.015585] SRAT: PXM 0 -> APIC 0x0015 -> Node 0
[    0.015585] SRAT: PXM 0 -> APIC 0x0016 -> Node 0
[    0.015586] SRAT: PXM 0 -> APIC 0x0017 -> Node 0
[    0.015587] SRAT: PXM 0 -> APIC 0x0018 -> Node 0
[    0.015587] SRAT: PXM 0 -> APIC 0x0019 -> Node 0
[    0.015588] SRAT: PXM 0 -> APIC 0x001a -> Node 0
[    0.015589] SRAT: PXM 0 -> APIC 0x001b -> Node 0
[    0.015589] SRAT: PXM 0 -> APIC 0x001c -> Node 0
[    0.015590] SRAT: PXM 0 -> APIC 0x001d -> Node 0
[    0.015591] SRAT: PXM 0 -> APIC 0x001e -> Node 0
[    0.015591] SRAT: PXM 0 -> APIC 0x001f -> Node 0
[    0.015592] SRAT: PXM 0 -> APIC 0x0020 -> Node 0
[    0.015593] SRAT: PXM 0 -> APIC 0x0021 -> Node 0
[    0.015593] SRAT: PXM 0 -> APIC 0x0022 -> Node 0
[    0.015594] SRAT: PXM 0 -> APIC 0x0023 -> Node 0
[    0.015594] SRAT: PXM 0 -> APIC 0x0024 -> Node 0
[    0.015595] SRAT: PXM 0 -> APIC 0x0025 -> Node 0
[    0.015596] SRAT: PXM 0 -> APIC 0x0026 -> Node 0
[    0.015597] SRAT: PXM 0 -> APIC 0x0027 -> Node 0
[    0.015597] SRAT: PXM 0 -> APIC 0x0028 -> Node 0
[    0.015598] SRAT: PXM 0 -> APIC 0x0029 -> Node 0
[    0.015599] SRAT: PXM 0 -> APIC 0x002a -> Node 0
[    0.015599] SRAT: PXM 0 -> APIC 0x002b -> Node 0
[    0.015600] SRAT: PXM 0 -> APIC 0x002c -> Node 0
[    0.015600] SRAT: PXM 0 -> APIC 0x002d -> Node 0
[    0.015601] SRAT: PXM 0 -> APIC 0x002e -> Node 0
[    0.015602] SRAT: PXM 0 -> APIC 0x002f -> Node 0
[    0.015602] SRAT: PXM 0 -> APIC 0x0030 -> Node 0
[    0.015603] SRAT: PXM 0 -> APIC 0x0031 -> Node 0
[    0.015604] SRAT: PXM 0 -> APIC 0x0032 -> Node 0
[    0.015604] SRAT: PXM 0 -> APIC 0x0033 -> Node 0
[    0.015605] SRAT: PXM 0 -> APIC 0x0034 -> Node 0
[    0.015606] SRAT: PXM 0 -> APIC 0x0035 -> Node 0
[    0.015606] SRAT: PXM 0 -> APIC 0x0036 -> Node 0
[    0.015607] SRAT: PXM 0 -> APIC 0x0037 -> Node 0
[    0.015608] SRAT: PXM 1 -> APIC 0x0080 -> Node 1
[    0.015608] SRAT: PXM 1 -> APIC 0x0081 -> Node 1
[    0.015609] SRAT: PXM 1 -> APIC 0x0082 -> Node 1
[    0.015610] SRAT: PXM 1 -> APIC 0x0083 -> Node 1
[    0.015611] SRAT: PXM 1 -> APIC 0x0084 -> Node 1
[    0.015611] SRAT: PXM 1 -> APIC 0x0085 -> Node 1
[    0.015612] SRAT: PXM 1 -> APIC 0x0086 -> Node 1
[    0.015613] SRAT: PXM 1 -> APIC 0x0087 -> Node 1
[    0.015614] SRAT: PXM 1 -> APIC 0x0088 -> Node 1
[    0.015614] SRAT: PXM 1 -> APIC 0x0089 -> Node 1
[    0.015615] SRAT: PXM 1 -> APIC 0x008a -> Node 1
[    0.015616] SRAT: PXM 1 -> APIC 0x008b -> Node 1
[    0.015616] SRAT: PXM 1 -> APIC 0x008c -> Node 1
[    0.015617] SRAT: PXM 1 -> APIC 0x008d -> Node 1
[    0.015617] SRAT: PXM 1 -> APIC 0x008e -> Node 1
[    0.015618] SRAT: PXM 1 -> APIC 0x008f -> Node 1
[    0.015619] SRAT: PXM 1 -> APIC 0x0090 -> Node 1
[    0.015619] SRAT: PXM 1 -> APIC 0x0091 -> Node 1
[    0.015620] SRAT: PXM 1 -> APIC 0x0092 -> Node 1
[    0.015621] SRAT: PXM 1 -> APIC 0x0093 -> Node 1
[    0.015621] SRAT: PXM 1 -> APIC 0x0094 -> Node 1
[    0.015622] SRAT: PXM 1 -> APIC 0x0095 -> Node 1
[    0.015623] SRAT: PXM 1 -> APIC 0x0096 -> Node 1
[    0.015623] SRAT: PXM 1 -> APIC 0x0097 -> Node 1
[    0.015624] SRAT: PXM 1 -> APIC 0x0098 -> Node 1
[    0.015625] SRAT: PXM 1 -> APIC 0x0099 -> Node 1
[    0.015625] SRAT: PXM 1 -> APIC 0x009a -> Node 1
[    0.015626] SRAT: PXM 1 -> APIC 0x009b -> Node 1
[    0.015626] SRAT: PXM 1 -> APIC 0x009c -> Node 1
[    0.015627] SRAT: PXM 1 -> APIC 0x009d -> Node 1
[    0.015628] SRAT: PXM 1 -> APIC 0x009e -> Node 1
[    0.015628] SRAT: PXM 1 -> APIC 0x009f -> Node 1
[    0.015629] SRAT: PXM 1 -> APIC 0x00a0 -> Node 1
[    0.015630] SRAT: PXM 1 -> APIC 0x00a1 -> Node 1
[    0.015630] SRAT: PXM 1 -> APIC 0x00a2 -> Node 1
[    0.015631] SRAT: PXM 1 -> APIC 0x00a3 -> Node 1
[    0.015632] SRAT: PXM 1 -> APIC 0x00a4 -> Node 1
[    0.015632] SRAT: PXM 1 -> APIC 0x00a5 -> Node 1
[    0.015633] SRAT: PXM 1 -> APIC 0x00a6 -> Node 1
[    0.015634] SRAT: PXM 1 -> APIC 0x00a7 -> Node 1
[    0.015634] SRAT: PXM 1 -> APIC 0x00a8 -> Node 1
[    0.015635] SRAT: PXM 1 -> APIC 0x00a9 -> Node 1
[    0.015636] SRAT: PXM 1 -> APIC 0x00aa -> Node 1
[    0.015636] SRAT: PXM 1 -> APIC 0x00ab -> Node 1
[    0.015637] SRAT: PXM 1 -> APIC 0x00ac -> Node 1
[    0.015638] SRAT: PXM 1 -> APIC 0x00ad -> Node 1
[    0.015638] SRAT: PXM 1 -> APIC 0x00ae -> Node 1
[    0.015639] SRAT: PXM 1 -> APIC 0x00af -> Node 1
[    0.015640] SRAT: PXM 1 -> APIC 0x00b0 -> Node 1
[    0.015640] SRAT: PXM 1 -> APIC 0x00b1 -> Node 1
[    0.015641] SRAT: PXM 1 -> APIC 0x00b2 -> Node 1
[    0.015642] SRAT: PXM 1 -> APIC 0x00b3 -> Node 1
[    0.015642] SRAT: PXM 1 -> APIC 0x00b4 -> Node 1
[    0.015643] SRAT: PXM 1 -> APIC 0x00b5 -> Node 1
[    0.015644] SRAT: PXM 1 -> APIC 0x00b6 -> Node 1
[    0.015645] SRAT: PXM 1 -> APIC 0x00b7 -> Node 1
[    0.015657] ACPI: SRAT: Node 0 PXM 0 [mem 0x00000000-0x7fffffff]
[    0.015659] ACPI: SRAT: Node 0 PXM 0 [mem 0x100000000-0x107fffffff]
[    0.015660] ACPI: SRAT: Node 2 PXM 2 [mem 0x2080000000-0x9e7fffffff] non-volatile
[    0.015661] ACPI: SRAT: Node 1 PXM 1 [mem 0x1080000000-0x207fffffff]
[    0.015663] ACPI: SRAT: Node 3 PXM 3 [mem 0x9e80000000-0x11c7fffffff] non-volatile
[    0.015672] NUMA: Initialized distance table, cnt=4
[    0.015675] NUMA: Node 0 [mem 0x00000000-0x7fffffff] + [mem 0x100000000-0x107fffffff] -> [mem 0x00000000-0x107fffffff]
[    0.015684] NODE_DATA(0) allocated [mem 0xffffd5000-0xfffffffff]
[    0.015703] NODE_DATA(1) allocated [mem 0x205de32000-0x205de5cfff]
[    0.015877] Zone ranges:
[    0.015878]   DMA      [mem 0x0000000000001000-0x0000000000ffffff]
[    0.015879]   DMA32    [mem 0x0000000001000000-0x00000000ffffffff]
[    0.015881]   Normal   [mem 0x0000000100000000-0x000000207fffffff]
[    0.015882]   Device   empty
[    0.015883] Movable zone start for each node
[    0.015887] Early memory node ranges
[    0.015887]   node   0: [mem 0x0000000000001000-0x000000000008efff]
[    0.015889]   node   0: [mem 0x0000000000090000-0x000000000009ffff]
[    0.015890]   node   0: [mem 0x0000000000100000-0x0000000049e76fff]
[    0.015891]   node   0: [mem 0x000000004ae77000-0x000000004b2cefff]
[    0.015892]   node   0: [mem 0x000000004b54e000-0x000000004bd93fff]
[    0.015892]   node   0: [mem 0x000000004be9a000-0x000000004cdfffff]
[    0.015893]   node   0: [mem 0x000000004d000000-0x000000005eefdfff]
[    0.015894]   node   0: [mem 0x000000006f7ff000-0x000000006f7fffff]
[    0.015895]   node   0: [mem 0x0000000b6dd00000-0x0000000fffffffff]
[    0.015897]   node   1: [mem 0x0000001ec0000000-0x000000207fffffff]
[    0.015898] Initmem setup node 0 [mem 0x0000000000001000-0x0000000fffffffff]
[    0.015901] Initmem setup node 1 [mem 0x0000001ec0000000-0x000000207fffffff]
[    0.015903] Initializing node 2 as memoryless
[    0.015927] Initmem setup node 2 as memoryless
[    0.015928] Initializing node 3 as memoryless
[    0.015947] Initmem setup node 3 as memoryless
[    0.015949] On node 0, zone DMA: 1 pages in unavailable ranges
[    0.015951] On node 0, zone DMA: 1 pages in unavailable ranges
[    0.015977] On node 0, zone DMA: 96 pages in unavailable ranges
[    0.018160] On node 0, zone DMA32: 4096 pages in unavailable ranges
[    0.018182] On node 0, zone DMA32: 639 pages in unavailable ranges
[    0.018215] On node 0, zone DMA32: 262 pages in unavailable ranges
[    0.018724] On node 0, zone DMA32: 512 pages in unavailable ranges
[    0.018989] On node 0, zone DMA32: 35073 pages in unavailable ranges
[    0.054501] On node 0, zone Normal: 25856 pages in unavailable ranges
[    0.068768] ACPI: PM-Timer IO Port: 0x508
[    0.068786] ACPI: X2APIC_NMI (uid[0xffffffff] high edge lint[0x1])
[    0.068789] ACPI: LAPIC_NMI (acpi_id[0xff] high edge lint[0x1])
[    0.068809] IOAPIC[0]: apic_id 8, version 32, address 0xfec00000, GSI 0-119
[    0.068812] ACPI: INT_SRC_OVR (bus 0 bus_irq 0 global_irq 2 dfl dfl)
[    0.068814] ACPI: INT_SRC_OVR (bus 0 bus_irq 9 global_irq 9 high level)
[    0.068819] ACPI: Using ACPI (MADT) for SMP configuration information
[    0.068820] ACPI: HPET id: 0x8086a701 base: 0xfed00000
[    0.068825] TSC deadline timer available
[    0.068826] smpboot: Allowing 112 CPUs, 0 hotplug CPUs
[    0.068855] PM: hibernation: Registered nosave memory: [mem 0x00000000-0x00000fff]
[    0.068857] PM: hibernation: Registered nosave memory: [mem 0x0008f000-0x0008ffff]
[    0.068859] PM: hibernation: Registered nosave memory: [mem 0x000a0000-0x000fffff]
[    0.068861] PM: hibernation: Registered nosave memory: [mem 0x46cc4000-0x46cc4fff]
[    0.068863] PM: hibernation: Registered nosave memory: [mem 0x46cf5000-0x46cf5fff]
[    0.068864] PM: hibernation: Registered nosave memory: [mem 0x46cf6000-0x46cf6fff]
[    0.068866] PM: hibernation: Registered nosave memory: [mem 0x46d28000-0x46d28fff]
[    0.068867] PM: hibernation: Registered nosave memory: [mem 0x46d29000-0x46d29fff]
[    0.068868] PM: hibernation: Registered nosave memory: [mem 0x46d5b000-0x46d5bfff]
[    0.068869] PM: hibernation: Registered nosave memory: [mem 0x46d5c000-0x46d5cfff]
[    0.068871] PM: hibernation: Registered nosave memory: [mem 0x46d64000-0x46d64fff]
[    0.068873] PM: hibernation: Registered nosave memory: [mem 0x49e77000-0x4ae76fff]
[    0.068875] PM: hibernation: Registered nosave memory: [mem 0x4b2cf000-0x4b54dfff]
[    0.068876] PM: hibernation: Registered nosave memory: [mem 0x4bd94000-0x4be99fff]
[    0.068878] PM: hibernation: Registered nosave memory: [mem 0x4ce00000-0x4cffffff]
[    0.068880] PM: hibernation: Registered nosave memory: [mem 0x5eefe000-0x6e3fefff]
[    0.068881] PM: hibernation: Registered nosave memory: [mem 0x6e3ff000-0x6f3fefff]
[    0.068882] PM: hibernation: Registered nosave memory: [mem 0x6f3ff000-0x6f7fefff]
[    0.068883] PM: hibernation: Registered nosave memory: [mem 0x6f800000-0x8fffffff]
[    0.068884] PM: hibernation: Registered nosave memory: [mem 0x90000000-0xfdffffff]
[    0.068885] PM: hibernation: Registered nosave memory: [mem 0xfe000000-0xfe010fff]
[    0.068886] PM: hibernation: Registered nosave memory: [mem 0xfe011000-0xffffffff]
[    0.068886] PM: hibernation: Registered nosave memory: [mem 0x100000000-0xb6dcfffff]
[    0.068888] PM: hibernation: Registered nosave memory: [mem 0x1000000000-0x1ebfffffff]
[    0.068891] [mem 0x90000000-0xfdffffff] available for PCI devices
[    0.068893] Booting paravirtualized kernel on bare hardware
[    0.068895] clocksource: refined-jiffies: mask: 0xffffffff max_cycles: 0xffffffff, max_idle_ns: 7645519600211568 ns
[    0.068901] setup_percpu: NR_CPUS:8192 nr_cpumask_bits:112 nr_cpu_ids:112 nr_node_ids:4
[    0.073587] percpu: Embedded 61 pages/cpu s212992 r8192 d28672 u262144
[    0.073598] pcpu-alloc: s212992 r8192 d28672 u262144 alloc=1*2097152
[    0.073601] pcpu-alloc: [0] 000 002 004 006 008 010 012 014 
[    0.073607] pcpu-alloc: [0] 016 018 020 022 024 026 028 030 
[    0.073611] pcpu-alloc: [0] 032 034 036 038 040 042 044 046 
[    0.073616] pcpu-alloc: [0] 048 050 052 054 056 058 060 062 
[    0.073620] pcpu-alloc: [0] 064 066 068 070 072 074 076 078 
[    0.073625] pcpu-alloc: [0] 080 082 084 086 088 090 092 094 
[    0.073629] pcpu-alloc: [0] 096 098 100 102 104 106 108 110 
[    0.073634] pcpu-alloc: [1] 001 003 005 007 009 011 013 015 
[    0.073638] pcpu-alloc: [1] 017 019 021 023 025 027 029 031 
[    0.073643] pcpu-alloc: [1] 033 035 037 039 041 043 045 047 
[    0.073647] pcpu-alloc: [1] 049 051 053 055 057 059 061 063 
[    0.073652] pcpu-alloc: [1] 065 067 069 071 073 075 077 079 
[    0.073656] pcpu-alloc: [1] 081 083 085 087 089 091 093 095 
[    0.073661] pcpu-alloc: [1] 097 099 101 103 105 107 109 111 
[    0.073708] Fallback order for Node 0: 0 1 
[    0.073711] Fallback order for Node 1: 1 0 
[    0.073713] Fallback order for Node 2: 2 0 1 
[    0.073716] Fallback order for Node 3: 3 1 0 
[    0.073724] Built 2 zonelists, mobility grouping on.  Total pages: 6900616
[    0.073726] Policy zone: Normal
[    0.073727] Kernel command line: BOOT_IMAGE=/boot/vmlinuz-5.18.0 root=UUID=ce0c24b8-724b-4f33-9b2c-618433560aef ro memmap=42717M!4096M memmap=59G!64G quiet splash nomodeset vt.handoff=1
[    0.073852] Booted with the nomodeset parameter. Only the system framebuffer will be available
[    0.073874] Unknown kernel command line parameters "splash BOOT_IMAGE=/boot/vmlinuz-5.18.0", will be passed to user space.
[    0.073876] printk: log_buf_len individual max cpu contribution: 4096 bytes
[    0.073877] printk: log_buf_len total cpu_extra contributions: 454656 bytes
[    0.073878] printk: log_buf_len min size: 262144 bytes
[    0.074856] printk: log_buf_len: 1048576 bytes
[    0.074857] printk: early log buf free: 223664(85%)
[    0.076765] mem auto-init: stack:off, heap alloc:on, heap free:off
[    0.149053] Memory: 26774440K/28045408K available (16392K kernel code, 3615K rwdata, 10444K rodata, 2688K init, 5836K bss, 1270708K reserved, 0K cma-reserved)
[    0.149059] random: get_random_u64 called from __kmem_cache_create+0x2d/0x480 with crng_init=0
[    0.149785] SLUB: HWalign=64, Order=0-3, MinObjects=0, CPUs=112, Nodes=4
[    0.149818] ftrace: allocating 48795 entries in 191 pages
[    0.158381] ftrace: allocated 191 pages with 7 groups
[    0.159364] Dynamic Preempt: voluntary
[    0.159697] rcu: Preemptible hierarchical RCU implementation.
[    0.159698] rcu: 	RCU restricting CPUs from NR_CPUS=8192 to nr_cpu_ids=112.
[    0.159700] 	Trampoline variant of Tasks RCU enabled.
[    0.159700] 	Rude variant of Tasks RCU enabled.
[    0.159701] 	Tracing variant of Tasks RCU enabled.
[    0.159701] rcu: RCU calculated value of scheduler-enlistment delay is 25 jiffies.
[    0.159702] rcu: Adjusting geometry for rcu_fanout_leaf=16, nr_cpu_ids=112
[    0.163533] NR_IRQS: 524544, nr_irqs: 2952, preallocated irqs: 16
[    0.163911] random: crng init done (trusting CPU's manufacturer)
[    0.164043] Console: colour dummy device 80x25
[    0.164078] printk: console [tty0] enabled
[    0.164279] mempolicy: Enabling automatic NUMA balancing. Configure with numa_balancing= or the kernel.numa_balancing sysctl
[    0.164283] ACPI: Core revision 20211217
[    0.167667] clocksource: hpet: mask: 0xffffffff max_cycles: 0xffffffff, max_idle_ns: 79635855245 ns
[    0.167711] APIC: Switch to symmetric I/O mode setup
[    0.167713] DMAR: Host address width 46
[    0.167714] DMAR: DRHD base: 0x000000d0ffc000 flags: 0x0
[    0.167719] DMAR: dmar0: reg_base_addr d0ffc000 ver 4:0 cap 8ed008c40780466 ecap 60000f050df
[    0.167722] DMAR: DRHD base: 0x000000dbbfc000 flags: 0x0
[    0.167724] DMAR: dmar1: reg_base_addr dbbfc000 ver 4:0 cap 8ed008c40780466 ecap 60000f050df
[    0.167727] DMAR: DRHD base: 0x000000e67fc000 flags: 0x0
[    0.167731] DMAR: dmar2: reg_base_addr e67fc000 ver 4:0 cap 8ed008c40780466 ecap 60000f050df
[    0.167733] DMAR: DRHD base: 0x000000f13fc000 flags: 0x0
[    0.167735] DMAR: dmar3: reg_base_addr f13fc000 ver 4:0 cap 8ed008c40780466 ecap 60000f050df
[    0.167738] DMAR: DRHD base: 0x000000fb7fc000 flags: 0x0
[    0.167740] DMAR: dmar4: reg_base_addr fb7fc000 ver 4:0 cap 8ed008c40780466 ecap 60000f050df
[    0.167742] DMAR: DRHD base: 0x000000a63fc000 flags: 0x0
[    0.167745] DMAR: dmar5: reg_base_addr a63fc000 ver 4:0 cap 8ed008c40780466 ecap 60000f050df
[    0.167747] DMAR: DRHD base: 0x000000b0ffc000 flags: 0x0
[    0.167752] DMAR: dmar6: reg_base_addr b0ffc000 ver 4:0 cap 8ed008c40780466 ecap 60000f050df
[    0.167754] DMAR: DRHD base: 0x000000bbbfc000 flags: 0x0
[    0.167756] DMAR: dmar7: reg_base_addr bbbfc000 ver 4:0 cap 8ed008c40780466 ecap 60000f050df
[    0.167758] DMAR: DRHD base: 0x000000c5ffc000 flags: 0x0
[    0.167761] DMAR: dmar8: reg_base_addr c5ffc000 ver 4:0 cap 8ed008c40780466 ecap 60000f050df
[    0.167762] DMAR: DRHD base: 0x0000009b7fc000 flags: 0x1
[    0.167765] DMAR: dmar9: reg_base_addr 9b7fc000 ver 4:0 cap 8ed008c40780466 ecap 60000f050df
[    0.167767] DMAR: RMRR base: 0x00000069427000 end: 0x00000069429fff
[    0.167768] DMAR: ATSR flags: 0x0
[    0.167771] DMAR-IR: IOAPIC id 8 under DRHD base  0x9b7fc000 IOMMU 9
[    0.167772] DMAR-IR: HPET id 0 under DRHD base 0x9b7fc000
[    0.167773] DMAR-IR: Queued invalidation will be enabled to support x2apic and Intr-remapping.
[    0.170752] DMAR-IR: Enabled IRQ remapping in x2apic mode
[    0.173378] ..TIMER: vector=0x30 apic1=0 pin1=2 apic2=-1 pin2=-1
[    0.191642] clocksource: tsc-early: mask: 0xffffffffffffffff max_cycles: 0x39a85c9bff6, max_idle_ns: 881590591483 ns
[    0.191648] Calibrating delay loop (skipped), value calculated using timer frequency.. 4000.00 BogoMIPS (lpj=8000000)
[    0.191651] pid_max: default: 114688 minimum: 896
[    0.195552] LSM: Security Framework initializing
[    0.195575] Yama: becoming mindful.
[    0.195619] AppArmor: AppArmor initialized
[    0.199573] Dentry cache hash table entries: 4194304 (order: 13, 33554432 bytes, vmalloc hugepage)
[    0.201596] Inode-cache hash table entries: 2097152 (order: 12, 16777216 bytes, vmalloc hugepage)
[    0.201708] Mount-cache hash table entries: 65536 (order: 7, 524288 bytes, vmalloc)
[    0.201777] Mountpoint-cache hash table entries: 65536 (order: 7, 524288 bytes, vmalloc)
[    0.202312] x86/tme: not enabled by BIOS
[    0.202321] CPU0: Thermal monitoring enabled (TM1)
[    0.202323] x86/cpu: User Mode Instruction Prevention (UMIP) activated
[    0.202558] process: using mwait in idle threads
[    0.202560] Last level iTLB entries: 4KB 0, 2MB 0, 4MB 0
[    0.202561] Last level dTLB entries: 4KB 0, 2MB 0, 4MB 0, 1GB 0
[    0.202567] Spectre V1 : Mitigation: usercopy/swapgs barriers and __user pointer sanitization
[    0.202569] Spectre V2 : WARNING: Unprivileged eBPF is enabled with eIBRS on, data leaks possible via Spectre v2 BHB attacks!
[    0.202574] Spectre V2 : Mitigation: Enhanced IBRS
[    0.202575] Spectre V2 : Spectre v2 / SpectreRSB mitigation: Filling RSB on context switch
[    0.202576] Spectre V2 : mitigation: Enabling conditional Indirect Branch Prediction Barrier
[    0.202578] Speculative Store Bypass: Mitigation: Speculative Store Bypass disabled via prctl
[    0.207749] Freeing SMP alternatives memory: 40K
[    0.211792] smpboot: Estimated ratio of average max frequency by base frequency (times 1024): 1433
[    0.211808] smpboot: CPU0: Intel(R) Xeon(R) Gold 6330 CPU @ 2.00GHz (family: 0x6, model: 0x6a, stepping: 0x6)
[    0.212031] cblist_init_generic: Setting adjustable number of callback queues.
[    0.212045] cblist_init_generic: Setting shift to 7 and lim to 1.
[    0.212070] cblist_init_generic: Setting shift to 7 and lim to 1.
[    0.212100] cblist_init_generic: Setting shift to 7 and lim to 1.
[    0.212111] Performance Events: PEBS fmt4+-baseline,  AnyThread deprecated, Icelake events, 32-deep LBR, full-width counters, Intel PMU driver.
[    0.212148] ... version:                5
[    0.212148] ... bit width:              48
[    0.212149] ... generic registers:      8
[    0.212150] ... value mask:             0000ffffffffffff
[    0.212151] ... max period:             00007fffffffffff
[    0.212151] ... fixed-purpose events:   4
[    0.212152] ... event mask:             0001000f000000ff
[    0.212330] rcu: Hierarchical SRCU implementation.
[    0.219636] NMI watchdog: Enabled. Permanently consumes one hw-PMU counter.
[    0.220748] smp: Bringing up secondary CPUs ...
[    0.220879] x86: Booting SMP configuration:
[    0.220880] .... node  #1, CPUs:          #1
[    0.007741] smpboot: CPU 1 Converting physical 0 to logical die 1

[    0.307766] .... node  #0, CPUs:     #2
[    0.313162] .... node  #1, CPUs:     #3
[    0.318611] .... node  #0, CPUs:     #4
[    0.324002] .... node  #1, CPUs:     #5
[    0.329405] .... node  #0, CPUs:     #6
[    0.335000] .... node  #1, CPUs:     #7
[    0.340609] .... node  #0, CPUs:     #8
[    0.345914] .... node  #1, CPUs:     #9
[    0.351749] .... node  #0, CPUs:    #10
[    0.357415] .... node  #1, CPUs:    #11
[    0.363174] .... node  #0, CPUs:    #12
[    0.368702] .... node  #1, CPUs:    #13
[    0.374079] .... node  #0, CPUs:    #14
[    0.379326] .... node  #1, CPUs:    #15
[    0.384657] .... node  #0, CPUs:    #16
[    0.389939] .... node  #1, CPUs:    #17
[    0.395274] .... node  #0, CPUs:    #18
[    0.400536] .... node  #1, CPUs:    #19
[    0.406207] .... node  #0, CPUs:    #20
[    0.411706] .... node  #1, CPUs:    #21
[    0.417091] .... node  #0, CPUs:    #22
[    0.422535] .... node  #1, CPUs:    #23
[    0.427834] .... node  #0, CPUs:    #24
[    0.433476] .... node  #1, CPUs:    #25
[    0.438832] .... node  #0, CPUs:    #26
[    0.444070] .... node  #1, CPUs:    #27
[    0.449406] .... node  #0, CPUs:    #28
[    0.454930] .... node  #1, CPUs:    #29
[    0.460253] .... node  #0, CPUs:    #30
[    0.465499] .... node  #1, CPUs:    #31
[    0.471005] .... node  #0, CPUs:    #32
[    0.476300] .... node  #1, CPUs:    #33
[    0.481695] .... node  #0, CPUs:    #34
[    0.487152] .... node  #1, CPUs:    #35
[    0.492494] .... node  #0, CPUs:    #36
[    0.497729] .... node  #1, CPUs:    #37
[    0.503054] .... node  #0, CPUs:    #38
[    0.508624] .... node  #1, CPUs:    #39
[    0.514191] .... node  #0, CPUs:    #40
[    0.519812] .... node  #1, CPUs:    #41
[    0.525583] .... node  #0, CPUs:    #42
[    0.530904] .... node  #1, CPUs:    #43
[    0.536568] .... node  #0, CPUs:    #44
[    0.541953] .... node  #1, CPUs:    #45
[    0.547664] .... node  #0, CPUs:    #46
[    0.552995] .... node  #1, CPUs:    #47
[    0.558470] .... node  #0, CPUs:    #48
[    0.563829] .... node  #1, CPUs:    #49
[    0.569288] .... node  #0, CPUs:    #50
[    0.574790] .... node  #1, CPUs:    #51
[    0.580457] .... node  #0, CPUs:    #52
[    0.585936] .... node  #1, CPUs:    #53
[    0.591759] .... node  #0, CPUs:    #54
[    0.597270] .... node  #1, CPUs:    #55
[    0.603094] .... node  #0, CPUs:    #56
[    0.609251] .... node  #1, CPUs:    #57
[    0.615184] .... node  #0, CPUs:    #58
[    0.620598] .... node  #1, CPUs:    #59
[    0.626068] .... node  #0, CPUs:    #60
[    0.631739] .... node  #1, CPUs:    #61
[    0.636918] .... node  #0, CPUs:    #62
[    0.642527] .... node  #1, CPUs:    #63
[    0.648170] .... node  #0, CPUs:    #64
[    0.653486] .... node  #1, CPUs:    #65
[    0.659248] .... node  #0, CPUs:    #66
[    0.665013] .... node  #1, CPUs:    #67
[    0.670794] .... node  #0, CPUs:    #68
[    0.676328] .... node  #1, CPUs:    #69
[    0.681743] .... node  #0, CPUs:    #70
[    0.687005] .... node  #1, CPUs:    #71
[    0.692360] .... node  #0, CPUs:    #72
[    0.697664] .... node  #1, CPUs:    #73
[    0.703019] .... node  #0, CPUs:    #74
[    0.708305] .... node  #1, CPUs:    #75
[    0.713980] .... node  #0, CPUs:    #76
[    0.719263] .... node  #1, CPUs:    #77
[    0.724906] .... node  #0, CPUs:    #78
[    0.730372] .... node  #1, CPUs:    #79
[    0.735751] .... node  #0, CPUs:    #80
[    0.741355] .... node  #1, CPUs:    #81
[    0.746745] .... node  #0, CPUs:    #82
[    0.751986] .... node  #1, CPUs:    #83
[    0.757346] .... node  #0, CPUs:    #84
[    0.762884] .... node  #1, CPUs:    #85
[    0.768230] .... node  #0, CPUs:    #86
[    0.773499] .... node  #1, CPUs:    #87
[    0.779015] .... node  #0, CPUs:    #88
[    0.784338] .... node  #1, CPUs:    #89
[    0.789753] .... node  #0, CPUs:    #90
[    0.795221] .... node  #1, CPUs:    #91
[    0.800589] .... node  #0, CPUs:    #92
[    0.805846] .... node  #1, CPUs:    #93
[    0.811212] .... node  #0, CPUs:    #94
[    0.816807] .... node  #1, CPUs:    #95
[    0.822396] .... node  #0, CPUs:    #96
[    0.828033] .... node  #1, CPUs:    #97
[    0.833831] .... node  #0, CPUs:    #98
[    0.839184] .... node  #1, CPUs:    #99
[    0.844879] .... node  #0, CPUs:   #100
[    0.850268] .... node  #1, CPUs:   #101
[    0.855776] .... node  #0, CPUs:   #102
[    0.861331] .... node  #1, CPUs:   #103
[    0.866839] .... node  #0, CPUs:   #104
[    0.872207] .... node  #1, CPUs:   #105
[    0.877683] .... node  #0, CPUs:   #106
[    0.883216] .... node  #1, CPUs:   #107
[    0.888900] .... node  #0, CPUs:   #108
[    0.894394] .... node  #1, CPUs:   #109
[    0.900030] .... node  #0, CPUs:   #110
[    0.905757] .... node  #1, CPUs:   #111
[    0.911703] smp: Brought up 2 nodes, 112 CPUs
[    0.911705] smpboot: Max logical packages: 2
[    0.911708] smpboot: Total of 112 processors activated (448086.07 BogoMIPS)
[    0.919033] devtmpfs: initialized
[    0.919033] x86/mm: Memory block size: 2048MB
[    0.919033] ACPI: PM: Registering ACPI NVS region [mem 0x49e77000-0x4ae76fff] (16777216 bytes)
[    0.919788] ACPI: PM: Registering ACPI NVS region [mem 0x6e3ff000-0x6f3fefff] (16777216 bytes)
[    0.920064] clocksource: jiffies: mask: 0xffffffff max_cycles: 0xffffffff, max_idle_ns: 7645041785100000 ns
[    0.920366] futex hash table entries: 32768 (order: 9, 2097152 bytes, vmalloc)
[    0.920617] pinctrl core: initialized pinctrl subsystem
[    0.920766] PM: RTC time: 02:58:44, date: 2024-06-28
[    0.921699] NET: Registered PF_NETLINK/PF_ROUTE protocol family
[    0.922336] DMA: preallocated 4096 KiB GFP_KERNEL pool for atomic allocations
[    0.922841] DMA: preallocated 4096 KiB GFP_KERNEL|GFP_DMA pool for atomic allocations
[    0.923349] DMA: preallocated 4096 KiB GFP_KERNEL|GFP_DMA32 pool for atomic allocations
[    0.923357] audit: initializing netlink subsys (disabled)
[    0.923366] audit: type=2000 audit(1719543523.752:1): state=initialized audit_enabled=0 res=1
[    0.923366] thermal_sys: Registered thermal governor 'fair_share'
[    0.923366] thermal_sys: Registered thermal governor 'bang_bang'
[    0.923366] thermal_sys: Registered thermal governor 'step_wise'
[    0.923366] thermal_sys: Registered thermal governor 'user_space'
[    0.923366] EISA bus registered
[    0.923366] cpuidle: using governor ladder
[    0.923667] cpuidle: using governor menu
[    0.923692] ACPI FADT declares the system doesn't support PCIe ASPM, so disable it
[    0.923692] acpiphp: ACPI Hot Plug PCI Controller Driver version: 0.5
[    0.923801] PCI: MMCONFIG for domain 0000 [bus 00-ff] at [mem 0x80000000-0x8fffffff] (base 0x80000000)
[    0.923806] PCI: MMCONFIG at [mem 0x80000000-0x8fffffff] reserved in E820
[    0.923813] pmd_set_huge: Cannot satisfy [mem 0x80000000-0x80200000] with a huge-page mapping due to MTRR override.
[    0.924020] PCI: Using configuration type 1 for base access
[    0.924029] PCI: Dell System detected, enabling pci=bfsort.
[    0.926177] ENERGY_PERF_BIAS: Set to 'normal', was 'performance'
[    0.929005] kprobes: kprobe jump-optimization is enabled. All kprobes are optimized if possible.
[    0.929010] HugeTLB registered 1.00 GiB page size, pre-allocated 0 pages
[    0.929010] HugeTLB registered 2.00 MiB page size, pre-allocated 0 pages
[    0.931707] fbcon: Taking over console
[    0.931795] ACPI: Added _OSI(Module Device)
[    0.931796] ACPI: Added _OSI(Processor Device)
[    0.931797] ACPI: Added _OSI(3.0 _SCP Extensions)
[    0.931799] ACPI: Added _OSI(Processor Aggregator Device)
[    0.931800] ACPI: Added _OSI(Linux-Dell-Video)
[    0.931801] ACPI: Added _OSI(Linux-Lenovo-NV-HDMI-Audio)
[    0.931802] ACPI: Added _OSI(Linux-HPI-Hybrid-Graphics)
[    1.102604] ACPI: 8 ACPI AML tables successfully acquired and loaded
[    1.108918] ACPI: [Firmware Bug]: BIOS _OSI(Linux) query ignored
[    1.115672] ACPI: Dynamic OEM Table Load:
[    1.530325] ACPI: Interpreter enabled
[    1.530346] ACPI: PM: (supports S0 S5)
[    1.530348] ACPI: Using IOAPIC for interrupt routing
[    1.530440] HEST: Table parsing has been initialized.
[    1.530623] GHES: APEI firmware first mode is enabled by APEI bit and WHEA _OSC.
[    1.530625] PCI: Using host bridge windows from ACPI; if necessary, use "pci=nocrs" and report a bug
[    1.560646] ACPI: Enabled 4 GPEs in block 00 to 7F
[    1.688885] ACPI: PCI Root Bridge [PC00] (domain 0000 [bus 00-15])
[    1.688891] acpi PNP0A08:00: _OSC: OS supports [ExtendedConfig ASPM ClockPM Segments MSI HPX-Type3]
[    1.757876] acpi PNP0A08:00: _OSC: platform does not support [SHPCHotplug AER LTR]
[    1.758104] acpi PNP0A08:00: _OSC: OS now controls [PCIeHotplug PME PCIeCapability]
[    1.758105] acpi PNP0A08:00: FADT indicates ASPM is unsupported, using BIOS configuration
[    1.760044] PCI host bridge to bus 0000:00
[    1.760046] pci_bus 0000:00: root bus resource [io  0x0000-0x0cf7 window]
[    1.760048] pci_bus 0000:00: root bus resource [io  0x1000-0x4fff window]
[    1.760049] pci_bus 0000:00: root bus resource [mem 0x000a0000-0x000bffff window]
[    1.760051] pci_bus 0000:00: root bus resource [mem 0x000c8000-0x000cffff window]
[    1.760052] pci_bus 0000:00: root bus resource [mem 0xfe010000-0xfe010fff window]
[    1.760053] pci_bus 0000:00: root bus resource [mem 0x90000000-0x9b7fffff window]
[    1.760054] pci_bus 0000:00: root bus resource [mem 0x200000000000-0x20ffffffffff window]
[    1.760056] pci_bus 0000:00: root bus resource [bus 00-15]
[    1.760070] pci 0000:00:00.0: [8086:09a2] type 00 class 0x088000
[    1.760169] pci 0000:00:00.1: [8086:09a4] type 00 class 0x088000
[    1.760237] pci 0000:00:00.2: [8086:09a3] type 00 class 0x088000
[    1.760305] pci 0000:00:00.4: [8086:0998] type 00 class 0x060000
[    1.760372] pci 0000:00:02.0: [8086:09a6] type 00 class 0x088000
[    1.760381] pci 0000:00:02.0: reg 0x10: [mem 0x92dfc000-0x92dfdfff]
[    1.760456] pci 0000:00:02.1: [8086:09a7] type 00 class 0x088000
[    1.760464] pci 0000:00:02.1: reg 0x10: [mem 0x92d00000-0x92d7ffff]
[    1.760469] pci 0000:00:02.1: reg 0x14: [mem 0x92c80000-0x92cfffff]
[    1.760545] pci 0000:00:02.4: [8086:3456] type 00 class 0x130000
[    1.760554] pci 0000:00:02.4: reg 0x10: [mem 0x92a00000-0x92afffff 64bit]
[    1.760561] pci 0000:00:02.4: reg 0x18: [mem 0x92df0000-0x92df3fff 64bit]
[    1.760568] pci 0000:00:02.4: reg 0x20: [mem 0x92dc0000-0x92ddffff 64bit]
[    1.760647] pci 0000:00:11.0: [8086:a1ec] type 00 class 0xff0000
[    1.760650] pci 0000:00:11.0: device has non-compliant BARs; disabling IO/MEM decoding
[    1.760740] pci 0000:00:11.5: [8086:a1d2] type 00 class 0x010601
[    1.760753] pci 0000:00:11.5: reg 0x10: [mem 0x92dfa000-0x92dfbfff]
[    1.760760] pci 0000:00:11.5: reg 0x14: [mem 0x92e05000-0x92e050ff]
[    1.760768] pci 0000:00:11.5: reg 0x18: [io  0x2068-0x206f]
[    1.760775] pci 0000:00:11.5: reg 0x1c: [io  0x2074-0x2077]
[    1.760783] pci 0000:00:11.5: reg 0x20: [io  0x2040-0x205f]
[    1.760790] pci 0000:00:11.5: reg 0x24: [mem 0x92b80000-0x92bfffff]
[    1.760827] pci 0000:00:11.5: PME# supported from D3hot
[    1.761043] pci 0000:00:14.0: [8086:a1af] type 00 class 0x0c0330
[    1.761061] pci 0000:00:14.0: reg 0x10: [mem 0x92de0000-0x92deffff 64bit]
[    1.761124] pci 0000:00:14.0: PME# supported from D3hot D3cold
[    1.761356] pci 0000:00:14.2: [8086:a1b1] type 00 class 0x118000
[    1.761373] pci 0000:00:14.2: reg 0x10: [mem 0x92e02000-0x92e02fff 64bit]
[    1.761497] pci 0000:00:16.0: [8086:a1ba] type 00 class 0x078000
[    1.761520] pci 0000:00:16.0: reg 0x10: [mem 0x92e01000-0x92e01fff 64bit]
[    1.761602] pci 0000:00:16.0: PME# supported from D3hot
[    1.761665] pci 0000:00:16.1: [8086:a1bb] type 00 class 0x078000
[    1.761688] pci 0000:00:16.1: reg 0x10: [mem 0x92e00000-0x92e00fff 64bit]
[    1.761770] pci 0000:00:16.1: PME# supported from D3hot
[    1.761836] pci 0000:00:16.4: [8086:a1be] type 00 class 0x078000
[    1.761859] pci 0000:00:16.4: reg 0x10: [mem 0x92dff000-0x92dfffff 64bit]
[    1.761941] pci 0000:00:16.4: PME# supported from D3hot
[    1.762012] pci 0000:00:17.0: [8086:a182] type 00 class 0x010601
[    1.762025] pci 0000:00:17.0: reg 0x10: [mem 0x92df8000-0x92df9fff]
[    1.762032] pci 0000:00:17.0: reg 0x14: [mem 0x92e04000-0x92e040ff]
[    1.762039] pci 0000:00:17.0: reg 0x18: [io  0x2060-0x2067]
[    1.762047] pci 0000:00:17.0: reg 0x1c: [io  0x2070-0x2073]
[    1.762054] pci 0000:00:17.0: reg 0x20: [io  0x2020-0x203f]
[    1.762061] pci 0000:00:17.0: reg 0x24: [mem 0x92b00000-0x92b7ffff]
[    1.762098] pci 0000:00:17.0: PME# supported from D3hot
[    1.762306] pci 0000:00:1c.0: [8086:a190] type 01 class 0x060400
[    1.762381] pci 0000:00:1c.0: PME# supported from D0 D3hot D3cold
[    1.763043] pci 0000:00:1c.4: [8086:a194] type 01 class 0x060400
[    1.763112] pci 0000:00:1c.4: PME# supported from D0 D3hot D3cold
[    1.763750] pci 0000:00:1c.5: [8086:a195] type 01 class 0x060400
[    1.763821] pci 0000:00:1c.5: PME# supported from D0 D3hot D3cold
[    1.764464] pci 0000:00:1f.0: [8086:a1cb] type 00 class 0x060100
[    1.764765] pci 0000:00:1f.2: [8086:a1a1] type 00 class 0x058000
[    1.764780] pci 0000:00:1f.2: reg 0x10: [mem 0x92df4000-0x92df7fff]
[    1.765025] pci 0000:00:1f.4: [8086:a1a3] type 00 class 0x0c0500
[    1.765044] pci 0000:00:1f.4: reg 0x10: [mem 0x92dfe000-0x92dfe0ff 64bit]
[    1.765067] pci 0000:00:1f.4: reg 0x20: [io  0x2000-0x201f]
[    1.765133] pci 0000:00:1f.5: [8086:a1a4] type 00 class 0x0c8000
[    1.765148] pci 0000:00:1f.5: reg 0x10: [mem 0xfe010000-0xfe010fff]
[    1.765280] pci 0000:00:1c.0: PCI bridge to [bus 01]
[    1.765331] pci 0000:02:00.0: [1556:be00] type 01 class 0x060400
[    1.765500] pci 0000:00:1c.4: PCI bridge to [bus 02-03]
[    1.765505] pci 0000:00:1c.4:   bridge window [mem 0x92000000-0x928fffff]
[    1.765509] pci 0000:00:1c.4:   bridge window [mem 0x91000000-0x91ffffff 64bit pref]
[    1.765541] pci_bus 0000:03: extended config space not accessible
[    1.765558] pci 0000:03:00.0: [102b:0536] type 00 class 0x030000
[    1.765577] pci 0000:03:00.0: reg 0x10: [mem 0x91000000-0x91ffffff pref]
[    1.765588] pci 0000:03:00.0: reg 0x14: [mem 0x92808000-0x9280bfff]
[    1.765599] pci 0000:03:00.0: reg 0x18: [mem 0x92000000-0x927fffff]
[    1.765647] pci 0000:03:00.0: BAR 0: assigned to efifb
[    1.765655] pci 0000:03:00.0: Video device with shadowed ROM at [mem 0x000c0000-0x000dffff]
[    1.765757] pci 0000:02:00.0: PCI bridge to [bus 03]
[    1.765766] pci 0000:02:00.0:   bridge window [mem 0x92000000-0x928fffff]
[    1.765772] pci 0000:02:00.0:   bridge window [mem 0x91000000-0x91ffffff 64bit pref]
[    1.765841] pci 0000:04:00.0: [14e4:165f] type 00 class 0x020000
[    1.765865] pci 0000:04:00.0: reg 0x10: [mem 0x92930000-0x9293ffff 64bit pref]
[    1.765881] pci 0000:04:00.0: reg 0x18: [mem 0x92940000-0x9294ffff 64bit pref]
[    1.765897] pci 0000:04:00.0: reg 0x20: [mem 0x92950000-0x9295ffff 64bit pref]
[    1.765908] pci 0000:04:00.0: reg 0x30: [mem 0xfffc0000-0xffffffff pref]
[    1.766002] pci 0000:04:00.0: PME# supported from D0 D3hot D3cold
[    1.766055] pci 0000:04:00.0: 4.000 Gb/s available PCIe bandwidth, limited by 5.0 GT/s PCIe x1 link at 0000:00:1c.5 (capable of 8.000 Gb/s with 5.0 GT/s PCIe x2 link)
[    1.766615] pci 0000:04:00.1: [14e4:165f] type 00 class 0x020000
[    1.766639] pci 0000:04:00.1: reg 0x10: [mem 0x92900000-0x9290ffff 64bit pref]
[    1.766655] pci 0000:04:00.1: reg 0x18: [mem 0x92910000-0x9291ffff 64bit pref]
[    1.766671] pci 0000:04:00.1: reg 0x20: [mem 0x92920000-0x9292ffff 64bit pref]
[    1.766682] pci 0000:04:00.1: reg 0x30: [mem 0xfffc0000-0xffffffff pref]
[    1.766777] pci 0000:04:00.1: PME# supported from D0 D3hot D3cold
[    1.767355] pci 0000:00:1c.5: PCI bridge to [bus 04]
[    1.767362] pci 0000:00:1c.5:   bridge window [mem 0x92900000-0x929fffff 64bit pref]
[    1.767376] pci_bus 0000:00: on NUMA node 0
[    1.768061] ACPI: PCI Root Bridge [PC01] (domain 0000 [bus 16-2f])
[    1.768065] acpi PNP0A08:01: _OSC: OS supports [ExtendedConfig ASPM ClockPM Segments MSI HPX-Type3]
[    1.782853] acpi PNP0A08:01: _OSC: platform does not support [SHPCHotplug AER]
[    1.783071] acpi PNP0A08:01: _OSC: OS now controls [PCIeHotplug PME PCIeCapability LTR]
[    1.783072] acpi PNP0A08:01: FADT indicates ASPM is unsupported, using BIOS configuration
[    1.783203] PCI host bridge to bus 0000:16
[    1.783205] pci_bus 0000:16: root bus resource [io  0x5000-0x6fff window]
[    1.783206] pci_bus 0000:16: root bus resource [mem 0x9b800000-0xa63fffff window]
[    1.783208] pci_bus 0000:16: root bus resource [mem 0x210000000000-0x21ffffffffff window]
[    1.783209] pci_bus 0000:16: root bus resource [bus 16-2f]
[    1.783220] pci 0000:16:00.0: [8086:09a2] type 00 class 0x088000
[    1.783287] pci 0000:16:00.1: [8086:09a4] type 00 class 0x088000
[    1.783349] pci 0000:16:00.2: [8086:09a3] type 00 class 0x088000
[    1.783413] pci 0000:16:00.4: [8086:0998] type 00 class 0x060000
[    1.783486] pci 0000:16:02.0: [8086:347a] type 01 class 0x060400
[    1.783496] pci 0000:16:02.0: reg 0x10: [mem 0x21fffff00000-0x21fffff1ffff 64bit]
[    1.783534] pci 0000:16:02.0: PME# supported from D0 D3hot D3cold
[    1.784491] pci 0000:17:00.0: [1000:10e2] type 00 class 0x010400
[    1.784504] pci 0000:17:00.0: reg 0x10: [mem 0x9b800000-0x9b8fffff 64bit pref]
[    1.784512] pci 0000:17:00.0: reg 0x18: [mem 0x9b900000-0x9b9fffff 64bit pref]
[    1.784518] pci 0000:17:00.0: reg 0x20: [mem 0x9ba00000-0x9bafffff]
[    1.784524] pci 0000:17:00.0: reg 0x24: [io  0x5000-0x50ff]
[    1.784530] pci 0000:17:00.0: reg 0x30: [mem 0xfff00000-0xffffffff pref]
[    1.785653] pci 0000:17:00.0: supports D1 D2
[    1.785721] pci 0000:16:02.0: PCI bridge to [bus 17]
[    1.785724] pci 0000:16:02.0:   bridge window [io  0x5000-0x5fff]
[    1.785726] pci 0000:16:02.0:   bridge window [mem 0x9ba00000-0x9bafffff]
[    1.785728] pci 0000:16:02.0:   bridge window [mem 0x9b800000-0x9b9fffff 64bit pref]
[    1.785734] pci_bus 0000:16: on NUMA node 0
[    1.785812] ACPI: PCI Root Bridge [PC02] (domain 0000 [bus 30-49])
[    1.785815] acpi PNP0A08:02: _OSC: OS supports [ExtendedConfig ASPM ClockPM Segments MSI HPX-Type3]
[    1.800324] acpi PNP0A08:02: _OSC: platform does not support [SHPCHotplug AER]
[    1.800539] acpi PNP0A08:02: _OSC: OS now controls [PCIeHotplug PME PCIeCapability LTR]
[    1.800541] acpi PNP0A08:02: FADT indicates ASPM is unsupported, using BIOS configuration
[    1.800662] PCI host bridge to bus 0000:30
[    1.800663] pci_bus 0000:30: root bus resource [io  0x7000-0x8fff window]
[    1.800665] pci_bus 0000:30: root bus resource [mem 0xa6400000-0xb0ffffff window]
[    1.800666] pci_bus 0000:30: root bus resource [mem 0x220000000000-0x22ffffffffff window]
[    1.800668] pci_bus 0000:30: root bus resource [bus 30-49]
[    1.800678] pci 0000:30:00.0: [8086:09a2] type 00 class 0x088000
[    1.800744] pci 0000:30:00.1: [8086:09a4] type 00 class 0x088000
[    1.800806] pci 0000:30:00.2: [8086:09a3] type 00 class 0x088000
[    1.800868] pci 0000:30:00.4: [8086:0998] type 00 class 0x060000
[    1.800938] pci_bus 0000:30: on NUMA node 0
[    1.801041] ACPI: PCI Root Bridge [PC04] (domain 0000 [bus 4a-63])
[    1.801044] acpi PNP0A08:04: _OSC: OS supports [ExtendedConfig ASPM ClockPM Segments MSI HPX-Type3]
[    1.815479] acpi PNP0A08:04: _OSC: platform does not support [SHPCHotplug AER]
[    1.815693] acpi PNP0A08:04: _OSC: OS now controls [PCIeHotplug PME PCIeCapability LTR]
[    1.815694] acpi PNP0A08:04: FADT indicates ASPM is unsupported, using BIOS configuration
[    1.815815] PCI host bridge to bus 0000:4a
[    1.815816] pci_bus 0000:4a: root bus resource [io  0x9000-0x9fff window]
[    1.815818] pci_bus 0000:4a: root bus resource [mem 0xb1000000-0xbbbfffff window]
[    1.815819] pci_bus 0000:4a: root bus resource [mem 0x230000000000-0x23ffffffffff window]
[    1.815821] pci_bus 0000:4a: root bus resource [bus 4a-63]
[    1.815830] pci 0000:4a:00.0: [8086:09a2] type 00 class 0x088000
[    1.815894] pci 0000:4a:00.1: [8086:09a4] type 00 class 0x088000
[    1.815961] pci 0000:4a:00.2: [8086:09a3] type 00 class 0x088000
[    1.816022] pci 0000:4a:00.4: [8086:0998] type 00 class 0x060000
[    1.816091] pci_bus 0000:4a: on NUMA node 0
[    1.816172] ACPI: PCI Root Bridge [PC05] (domain 0000 [bus 64-7d])
[    1.816175] acpi PNP0A08:05: _OSC: OS supports [ExtendedConfig ASPM ClockPM Segments MSI HPX-Type3]
[    1.830610] acpi PNP0A08:05: _OSC: platform does not support [SHPCHotplug AER]
[    1.830822] acpi PNP0A08:05: _OSC: OS now controls [PCIeHotplug PME PCIeCapability LTR]
[    1.830823] acpi PNP0A08:05: FADT indicates ASPM is unsupported, using BIOS configuration
[    1.830942] PCI host bridge to bus 0000:64
[    1.830943] pci_bus 0000:64: root bus resource [io  0xa000-0xafff window]
[    1.830944] pci_bus 0000:64: root bus resource [mem 0xbbc00000-0xc5ffffff window]
[    1.830945] pci_bus 0000:64: root bus resource [mem 0x240000000000-0x24ffffffffff window]
[    1.830947] pci_bus 0000:64: root bus resource [bus 64-7d]
[    1.830956] pci 0000:64:00.0: [8086:09a2] type 00 class 0x088000
[    1.831020] pci 0000:64:00.1: [8086:09a4] type 00 class 0x088000
[    1.831082] pci 0000:64:00.2: [8086:09a3] type 00 class 0x088000
[    1.831144] pci 0000:64:00.4: [8086:0998] type 00 class 0x060000
[    1.831214] pci_bus 0000:64: on NUMA node 0
[    1.831280] ACPI: PCI Root Bridge [UC06] (domain 0000 [bus 7e])
[    1.831282] acpi PNP0A03:00: _OSC: OS supports [ExtendedConfig ASPM ClockPM Segments MSI HPX-Type3]
[    1.831380] acpi PNP0A03:00: _OSC: platform does not support [SHPCHotplug AER LTR]
[    1.831560] acpi PNP0A03:00: _OSC: OS now controls [PCIeHotplug PME PCIeCapability]
[    1.831561] acpi PNP0A03:00: FADT indicates ASPM is unsupported, using BIOS configuration
[    1.831696] PCI host bridge to bus 0000:7e
[    1.831697] pci_bus 0000:7e: root bus resource [bus 7e]
[    1.831706] pci 0000:7e:00.0: [8086:3450] type 00 class 0x088000
[    1.831778] pci 0000:7e:00.1: [8086:3451] type 00 class 0x088000
[    1.831837] pci 0000:7e:00.2: [8086:3452] type 00 class 0x088000
[    1.831909] pci 0000:7e:00.3: [8086:0998] type 00 class 0x060000
[    1.831964] pci 0000:7e:00.5: [8086:3455] type 00 class 0x088000
[    1.832025] pci 0000:7e:02.0: [8086:3440] type 00 class 0x088000
[    1.832151] pci 0000:7e:02.1: [8086:3441] type 00 class 0x088000
[    1.832258] pci 0000:7e:02.2: [8086:3442] type 00 class 0x088000
[    1.832365] pci 0000:7e:03.0: [8086:3440] type 00 class 0x088000
[    1.832456] pci 0000:7e:03.1: [8086:3441] type 00 class 0x088000
[    1.832535] pci 0000:7e:03.2: [8086:3442] type 00 class 0x088000
[    1.832616] pci 0000:7e:04.0: [8086:3440] type 00 class 0x088000
[    1.832737] pci 0000:7e:04.1: [8086:3441] type 00 class 0x088000
[    1.832853] pci 0000:7e:04.2: [8086:3442] type 00 class 0x088000
[    1.832967] pci 0000:7e:04.3: [8086:3443] type 00 class 0x088000
[    1.833086] pci 0000:7e:05.0: [8086:3445] type 00 class 0x088000
[    1.833212] pci 0000:7e:05.1: [8086:3446] type 00 class 0x088000
[    1.833322] pci 0000:7e:05.2: [8086:3447] type 00 class 0x088000
[    1.833437] pci 0000:7e:06.0: [8086:3445] type 00 class 0x088000
[    1.833529] pci 0000:7e:06.1: [8086:3446] type 00 class 0x088000
[    1.833606] pci 0000:7e:06.2: [8086:3447] type 00 class 0x088000
[    1.833690] pci 0000:7e:07.0: [8086:3445] type 00 class 0x088000
[    1.833824] pci 0000:7e:07.1: [8086:3446] type 00 class 0x088000
[    1.833942] pci 0000:7e:07.2: [8086:3447] type 00 class 0x088000
[    1.834058] pci 0000:7e:0b.0: [8086:3448] type 00 class 0x088000
[    1.834135] pci 0000:7e:0b.1: [8086:3448] type 00 class 0x088000
[    1.834202] pci 0000:7e:0b.2: [8086:344b] type 00 class 0x088000
[    1.834270] pci 0000:7e:0c.0: [8086:344a] type 00 class 0x110100
[    1.834373] pci 0000:7e:0d.0: [8086:344a] type 00 class 0x110100
[    1.834471] pci 0000:7e:0e.0: [8086:344a] type 00 class 0x110100
[    1.834615] pci 0000:7e:0f.0: [8086:344a] type 00 class 0x110100
[    1.834769] pci 0000:7e:1a.0: [8086:2880] type 00 class 0x110100
[    1.834869] pci 0000:7e:1b.0: [8086:2880] type 00 class 0x110100
[    1.834966] pci 0000:7e:1c.0: [8086:2880] type 00 class 0x110100
[    1.835120] pci 0000:7e:1d.0: [8086:2880] type 00 class 0x110100
[    1.835266] pci_bus 0000:7e: on NUMA node 0
[    1.835350] ACPI: PCI Root Bridge [UC07] (domain 0000 [bus 7f])
[    1.835353] acpi PNP0A03:01: _OSC: OS supports [ExtendedConfig ASPM ClockPM Segments MSI HPX-Type3]
[    1.835454] acpi PNP0A03:01: _OSC: platform does not support [SHPCHotplug AER LTR]
[    1.835636] acpi PNP0A03:01: _OSC: OS now controls [PCIeHotplug PME PCIeCapability]
[    1.835637] acpi PNP0A03:01: FADT indicates ASPM is unsupported, using BIOS configuration
[    1.835785] PCI host bridge to bus 0000:7f
[    1.835786] pci_bus 0000:7f: root bus resource [bus 7f]
[    1.835799] pci 0000:7f:00.0: [8086:344c] type 00 class 0x088000
[    1.835915] pci 0000:7f:00.1: [8086:344c] type 00 class 0x088000
[    1.836025] pci 0000:7f:00.2: [8086:344c] type 00 class 0x088000
[    1.836136] pci 0000:7f:00.3: [8086:344c] type 00 class 0x088000
[    1.836225] pci 0000:7f:00.4: [8086:344c] type 00 class 0x088000
[    1.836344] pci 0000:7f:00.5: [8086:344c] type 00 class 0x088000
[    1.836460] pci 0000:7f:00.6: [8086:344c] type 00 class 0x088000
[    1.836541] pci 0000:7f:00.7: [8086:344c] type 00 class 0x088000
[    1.836623] pci 0000:7f:01.0: [8086:344c] type 00 class 0x088000
[    1.836764] pci 0000:7f:01.1: [8086:344c] type 00 class 0x088000
[    1.836882] pci 0000:7f:01.2: [8086:344c] type 00 class 0x088000
[    1.836961] pci 0000:7f:01.3: [8086:344c] type 00 class 0x088000
[    1.837092] pci 0000:7f:01.4: [8086:344c] type 00 class 0x088000
[    1.837224] pci 0000:7f:01.5: [8086:344c] type 00 class 0x088000
[    1.837359] pci 0000:7f:01.6: [8086:344c] type 00 class 0x088000
[    1.837484] pci 0000:7f:01.7: [8086:344c] type 00 class 0x088000
[    1.837612] pci 0000:7f:02.0: [8086:344c] type 00 class 0x088000
[    1.837755] pci 0000:7f:02.1: [8086:344c] type 00 class 0x088000
[    1.837885] pci 0000:7f:02.2: [8086:344c] type 00 class 0x088000
[    1.838016] pci 0000:7f:02.3: [8086:344c] type 00 class 0x088000
[    1.838154] pci 0000:7f:02.4: [8086:344c] type 00 class 0x088000
[    1.838290] pci 0000:7f:02.5: [8086:344c] type 00 class 0x088000
[    1.838427] pci 0000:7f:02.6: [8086:344c] type 00 class 0x088000
[    1.838577] pci 0000:7f:02.7: [8086:344c] type 00 class 0x088000
[    1.838724] pci 0000:7f:03.0: [8086:344c] type 00 class 0x088000
[    1.838881] pci 0000:7f:03.1: [8086:344c] type 00 class 0x088000
[    1.839032] pci 0000:7f:03.2: [8086:344c] type 00 class 0x088000
[    1.839181] pci 0000:7f:03.3: [8086:344c] type 00 class 0x088000
[    1.839339] pci 0000:7f:0a.0: [8086:344d] type 00 class 0x088000
[    1.839451] pci 0000:7f:0a.1: [8086:344d] type 00 class 0x088000
[    1.839560] pci 0000:7f:0a.2: [8086:344d] type 00 class 0x088000
[    1.839675] pci 0000:7f:0a.3: [8086:344d] type 00 class 0x088000
[    1.839763] pci 0000:7f:0a.4: [8086:344d] type 00 class 0x088000
[    1.839892] pci 0000:7f:0a.5: [8086:344d] type 00 class 0x088000
[    1.840008] pci 0000:7f:0a.6: [8086:344d] type 00 class 0x088000
[    1.840085] pci 0000:7f:0a.7: [8086:344d] type 00 class 0x088000
[    1.840168] pci 0000:7f:0b.0: [8086:344d] type 00 class 0x088000
[    1.840311] pci 0000:7f:0b.1: [8086:344d] type 00 class 0x088000
[    1.840430] pci 0000:7f:0b.2: [8086:344d] type 00 class 0x088000
[    1.840512] pci 0000:7f:0b.3: [8086:344d] type 00 class 0x088000
[    1.840643] pci 0000:7f:0b.4: [8086:344d] type 00 class 0x088000
[    1.840774] pci 0000:7f:0b.5: [8086:344d] type 00 class 0x088000
[    1.840909] pci 0000:7f:0b.6: [8086:344d] type 00 class 0x088000
[    1.841030] pci 0000:7f:0b.7: [8086:344d] type 00 class 0x088000
[    1.841157] pci 0000:7f:0c.0: [8086:344d] type 00 class 0x088000
[    1.841301] pci 0000:7f:0c.1: [8086:344d] type 00 class 0x088000
[    1.841432] pci 0000:7f:0c.2: [8086:344d] type 00 class 0x088000
[    1.841567] pci 0000:7f:0c.3: [8086:344d] type 00 class 0x088000
[    1.841705] pci 0000:7f:0c.4: [8086:344d] type 00 class 0x088000
[    1.841841] pci 0000:7f:0c.5: [8086:344d] type 00 class 0x088000
[    1.841978] pci 0000:7f:0c.6: [8086:344d] type 00 class 0x088000
[    1.842125] pci 0000:7f:0c.7: [8086:344d] type 00 class 0x088000
[    1.842272] pci 0000:7f:0d.0: [8086:344d] type 00 class 0x088000
[    1.842438] pci 0000:7f:0d.1: [8086:344d] type 00 class 0x088000
[    1.842590] pci 0000:7f:0d.2: [8086:344d] type 00 class 0x088000
[    1.842746] pci 0000:7f:0d.3: [8086:344d] type 00 class 0x088000
[    1.842914] pci 0000:7f:1d.0: [8086:344f] type 00 class 0x088000
[    1.843036] pci 0000:7f:1d.1: [8086:3457] type 00 class 0x088000
[    1.843141] pci 0000:7f:1e.0: [8086:3458] type 00 class 0x088000
[    1.843220] pci 0000:7f:1e.1: [8086:3459] type 00 class 0x088000
[    1.843282] pci 0000:7f:1e.2: [8086:345a] type 00 class 0x088000
[    1.843346] pci 0000:7f:1e.3: [8086:345b] type 00 class 0x088000
[    1.843407] pci 0000:7f:1e.4: [8086:345c] type 00 class 0x088000
[    1.843476] pci 0000:7f:1e.5: [8086:345d] type 00 class 0x088000
[    1.843537] pci 0000:7f:1e.6: [8086:345e] type 00 class 0x088000
[    1.843598] pci 0000:7f:1e.7: [8086:345f] type 00 class 0x088000
[    1.843657] pci_bus 0000:7f: on NUMA node 0
[    1.843762] ACPI: PCI Root Bridge [PC06] (domain 0000 [bus 80])
[    1.843765] acpi PNP0A08:06: _OSC: OS supports [ExtendedConfig ASPM ClockPM Segments MSI HPX-Type3]
[    1.858243] acpi PNP0A08:06: _OSC: platform does not support [SHPCHotplug AER]
[    1.858456] acpi PNP0A08:06: _OSC: OS now controls [PCIeHotplug PME PCIeCapability LTR]
[    1.858457] acpi PNP0A08:06: FADT indicates ASPM is unsupported, using BIOS configuration
[    1.858605] PCI host bridge to bus 0000:80
[    1.858606] pci_bus 0000:80: root bus resource [io  0xb000-0xbfff window]
[    1.858608] pci_bus 0000:80: root bus resource [mem 0xc6800000-0xd0ffffff window]
[    1.858609] pci_bus 0000:80: root bus resource [mem 0x250000000000-0x25ffffffffff window]
[    1.858611] pci_bus 0000:80: root bus resource [bus 80]
[    1.858621] pci 0000:80:00.0: [8086:09a2] type 00 class 0x088000
[    1.858707] pci 0000:80:00.1: [8086:09a4] type 00 class 0x088000
[    1.858777] pci 0000:80:00.2: [8086:09a3] type 00 class 0x088000
[    1.858847] pci 0000:80:00.4: [8086:0998] type 00 class 0x060000
[    1.858919] pci 0000:80:02.0: [8086:09a6] type 00 class 0x088000
[    1.858928] pci 0000:80:02.0: reg 0x10: [mem 0xc6aa4000-0xc6aa5fff]
[    1.858993] pci 0000:80:02.1: [8086:09a7] type 00 class 0x088000
[    1.859002] pci 0000:80:02.1: reg 0x10: [mem 0xc6a00000-0xc6a7ffff]
[    1.859008] pci 0000:80:02.1: reg 0x14: [mem 0xc6980000-0xc69fffff]
[    1.859063] pci 0000:80:02.4: [8086:3456] type 00 class 0x130000
[    1.859073] pci 0000:80:02.4: reg 0x10: [mem 0xc6800000-0xc68fffff 64bit]
[    1.859081] pci 0000:80:02.4: reg 0x18: [mem 0xc6aa0000-0xc6aa3fff 64bit]
[    1.859088] pci 0000:80:02.4: reg 0x20: [mem 0xc6a80000-0xc6a9ffff 64bit]
[    1.859154] pci_bus 0000:80: on NUMA node 1
[    1.859234] ACPI: PCI Root Bridge [PC07] (domain 0000 [bus 81])
[    1.859236] acpi PNP0A08:07: _OSC: OS supports [ExtendedConfig ASPM ClockPM Segments MSI HPX-Type3]
[    1.873722] acpi PNP0A08:07: _OSC: platform does not support [SHPCHotplug AER]
[    1.873935] acpi PNP0A08:07: _OSC: OS now controls [PCIeHotplug PME PCIeCapability LTR]
[    1.873936] acpi PNP0A08:07: FADT indicates ASPM is unsupported, using BIOS configuration
[    1.874056] PCI host bridge to bus 0000:81
[    1.874057] pci_bus 0000:81: root bus resource [io  0xc000-0xcfff window]
[    1.874058] pci_bus 0000:81: root bus resource [mem 0xd1000000-0xdbbfffff window]
[    1.874059] pci_bus 0000:81: root bus resource [mem 0x260000000000-0x26ffffffffff window]
[    1.874061] pci_bus 0000:81: root bus resource [bus 81]
[    1.874071] pci 0000:81:00.0: [8086:09a2] type 00 class 0x088000
[    1.874139] pci 0000:81:00.1: [8086:09a4] type 00 class 0x088000
[    1.874206] pci 0000:81:00.2: [8086:09a3] type 00 class 0x088000
[    1.874275] pci 0000:81:00.4: [8086:0998] type 00 class 0x060000
[    1.874352] pci_bus 0000:81: on NUMA node 1
[    1.874426] ACPI: PCI Root Bridge [PC08] (domain 0000 [bus 82])
[    1.874428] acpi PNP0A08:08: _OSC: OS supports [ExtendedConfig ASPM ClockPM Segments MSI HPX-Type3]
[    1.888898] acpi PNP0A08:08: _OSC: platform does not support [SHPCHotplug AER]
[    1.889111] acpi PNP0A08:08: _OSC: OS now controls [PCIeHotplug PME PCIeCapability LTR]
[    1.889112] acpi PNP0A08:08: FADT indicates ASPM is unsupported, using BIOS configuration
[    1.889230] PCI host bridge to bus 0000:82
[    1.889231] pci_bus 0000:82: root bus resource [io  0xd000-0xdfff window]
[    1.889233] pci_bus 0000:82: root bus resource [mem 0xdbc00000-0xe67fffff window]
[    1.889234] pci_bus 0000:82: root bus resource [mem 0x270000000000-0x27ffffffffff window]
[    1.889235] pci_bus 0000:82: root bus resource [bus 82]
[    1.889245] pci 0000:82:00.0: [8086:09a2] type 00 class 0x088000
[    1.889316] pci 0000:82:00.1: [8086:09a4] type 00 class 0x088000
[    1.889389] pci 0000:82:00.2: [8086:09a3] type 00 class 0x088000
[    1.889458] pci 0000:82:00.4: [8086:0998] type 00 class 0x060000
[    1.889535] pci_bus 0000:82: on NUMA node 1
[    1.889640] ACPI: PCI Root Bridge [PC10] (domain 0000 [bus 83-f9])
[    1.889643] acpi PNP0A08:0a: _OSC: OS supports [ExtendedConfig ASPM ClockPM Segments MSI HPX-Type3]
[    1.904122] acpi PNP0A08:0a: _OSC: platform does not support [SHPCHotplug AER]
[    1.904334] acpi PNP0A08:0a: _OSC: OS now controls [PCIeHotplug PME PCIeCapability LTR]
[    1.904335] acpi PNP0A08:0a: FADT indicates ASPM is unsupported, using BIOS configuration
[    1.904461] PCI host bridge to bus 0000:83
[    1.904462] pci_bus 0000:83: root bus resource [io  0xe000-0xefff window]
[    1.904463] pci_bus 0000:83: root bus resource [mem 0xe6800000-0xf13fffff window]
[    1.904464] pci_bus 0000:83: root bus resource [mem 0x280000000000-0x28ffffffffff window]
[    1.904466] pci_bus 0000:83: root bus resource [bus 83-f9]
[    1.904476] pci 0000:83:00.0: [8086:09a2] type 00 class 0x088000
[    1.904546] pci 0000:83:00.1: [8086:09a4] type 00 class 0x088000
[    1.904613] pci 0000:83:00.2: [8086:09a3] type 00 class 0x088000
[    1.904683] pci 0000:83:00.4: [8086:0998] type 00 class 0x060000
[    1.904761] pci_bus 0000:83: on NUMA node 1
[    1.904836] ACPI: PCI Root Bridge [PC11] (domain 0000 [bus fa])
[    1.904839] acpi PNP0A08:0b: _OSC: OS supports [ExtendedConfig ASPM ClockPM Segments MSI HPX-Type3]
[    1.919229] acpi PNP0A08:0b: _OSC: platform does not support [SHPCHotplug AER]
[    1.919440] acpi PNP0A08:0b: _OSC: OS now controls [PCIeHotplug PME PCIeCapability LTR]
[    1.919441] acpi PNP0A08:0b: FADT indicates ASPM is unsupported, using BIOS configuration
[    1.919560] PCI host bridge to bus 0000:fa
[    1.919561] pci_bus 0000:fa: root bus resource [io  0xf000-0xffff window]
[    1.919563] pci_bus 0000:fa: root bus resource [mem 0xf1400000-0xfb7fffff window]
[    1.919564] pci_bus 0000:fa: root bus resource [mem 0x290000000000-0x29ffffffffff window]
[    1.919565] pci_bus 0000:fa: root bus resource [bus fa]
[    1.919575] pci 0000:fa:00.0: [8086:09a2] type 00 class 0x088000
[    1.919645] pci 0000:fa:00.1: [8086:09a4] type 00 class 0x088000
[    1.919721] pci 0000:fa:00.2: [8086:09a3] type 00 class 0x088000
[    1.919792] pci 0000:fa:00.4: [8086:0998] type 00 class 0x060000
[    1.919871] pci_bus 0000:fa: on NUMA node 1
[    1.919939] ACPI: PCI Root Bridge [UC16] (domain 0000 [bus fe])
[    1.919942] acpi PNP0A03:02: _OSC: OS supports [ExtendedConfig ASPM ClockPM Segments MSI HPX-Type3]
[    1.920040] acpi PNP0A03:02: _OSC: platform does not support [SHPCHotplug AER LTR]
[    1.920219] acpi PNP0A03:02: _OSC: OS now controls [PCIeHotplug PME PCIeCapability]
[    1.920220] acpi PNP0A03:02: FADT indicates ASPM is unsupported, using BIOS configuration
[    1.920351] PCI host bridge to bus 0000:fe
[    1.920352] pci_bus 0000:fe: root bus resource [bus fe]
[    1.920361] pci 0000:fe:00.0: [8086:3450] type 00 class 0x088000
[    1.920436] pci 0000:fe:00.1: [8086:3451] type 00 class 0x088000
[    1.920496] pci 0000:fe:00.2: [8086:3452] type 00 class 0x088000
[    1.920554] pci 0000:fe:00.3: [8086:0998] type 00 class 0x060000
[    1.920614] pci 0000:fe:00.5: [8086:3455] type 00 class 0x088000
[    1.920681] pci 0000:fe:02.0: [8086:3440] type 00 class 0x088000
[    1.920823] pci 0000:fe:02.1: [8086:3441] type 00 class 0x088000
[    1.920935] pci 0000:fe:02.2: [8086:3442] type 00 class 0x088000
[    1.921047] pci 0000:fe:03.0: [8086:3440] type 00 class 0x088000
[    1.921147] pci 0000:fe:03.1: [8086:3441] type 00 class 0x088000
[    1.921226] pci 0000:fe:03.2: [8086:3442] type 00 class 0x088000
[    1.921313] pci 0000:fe:04.0: [8086:3440] type 00 class 0x088000
[    1.921437] pci 0000:fe:04.1: [8086:3441] type 00 class 0x088000
[    1.921559] pci 0000:fe:04.2: [8086:3442] type 00 class 0x088000
[    1.921684] pci 0000:fe:04.3: [8086:3443] type 00 class 0x088000
[    1.921813] pci 0000:fe:05.0: [8086:3445] type 00 class 0x088000
[    1.921945] pci 0000:fe:05.1: [8086:3446] type 00 class 0x088000
[    1.922062] pci 0000:fe:05.2: [8086:3447] type 00 class 0x088000
[    1.922175] pci 0000:fe:06.0: [8086:3445] type 00 class 0x088000
[    1.922275] pci 0000:fe:06.1: [8086:3446] type 00 class 0x088000
[    1.922356] pci 0000:fe:06.2: [8086:3447] type 00 class 0x088000
[    1.922447] pci 0000:fe:07.0: [8086:3445] type 00 class 0x088000
[    1.922590] pci 0000:fe:07.1: [8086:3446] type 00 class 0x088000
[    1.922713] pci 0000:fe:07.2: [8086:3447] type 00 class 0x088000
[    1.922833] pci 0000:fe:0b.0: [8086:3448] type 00 class 0x088000
[    1.922914] pci 0000:fe:0b.1: [8086:3448] type 00 class 0x088000
[    1.922979] pci 0000:fe:0b.2: [8086:344b] type 00 class 0x088000
[    1.923051] pci 0000:fe:0c.0: [8086:344a] type 00 class 0x110100
[    1.923159] pci 0000:fe:0d.0: [8086:344a] type 00 class 0x110100
[    1.923265] pci 0000:fe:0e.0: [8086:344a] type 00 class 0x110100
[    1.923419] pci 0000:fe:0f.0: [8086:344a] type 00 class 0x110100
[    1.923579] pci 0000:fe:1a.0: [8086:2880] type 00 class 0x110100
[    1.923684] pci 0000:fe:1b.0: [8086:2880] type 00 class 0x110100
[    1.923788] pci 0000:fe:1c.0: [8086:2880] type 00 class 0x110100
[    1.923944] pci 0000:fe:1d.0: [8086:2880] type 00 class 0x110100
[    1.924097] pci_bus 0000:fe: on NUMA node 1
[    1.924177] ACPI: PCI Root Bridge [UC17] (domain 0000 [bus ff])
[    1.924180] acpi PNP0A03:03: _OSC: OS supports [ExtendedConfig ASPM ClockPM Segments MSI HPX-Type3]
[    1.924281] acpi PNP0A03:03: _OSC: platform does not support [SHPCHotplug AER LTR]
[    1.924462] acpi PNP0A03:03: _OSC: OS now controls [PCIeHotplug PME PCIeCapability]
[    1.924463] acpi PNP0A03:03: FADT indicates ASPM is unsupported, using BIOS configuration
[    1.924611] PCI host bridge to bus 0000:ff
[    1.924612] pci_bus 0000:ff: root bus resource [bus ff]
[    1.924626] pci 0000:ff:00.0: [8086:344c] type 00 class 0x088000
[    1.924746] pci 0000:ff:00.1: [8086:344c] type 00 class 0x088000
[    1.924859] pci 0000:ff:00.2: [8086:344c] type 00 class 0x088000
[    1.924962] pci 0000:ff:00.3: [8086:344c] type 00 class 0x088000
[    1.925081] pci 0000:ff:00.4: [8086:344c] type 00 class 0x088000
[    1.925198] pci 0000:ff:00.5: [8086:344c] type 00 class 0x088000
[    1.925292] pci 0000:ff:00.6: [8086:344c] type 00 class 0x088000
[    1.925417] pci 0000:ff:00.7: [8086:344c] type 00 class 0x088000
[    1.925544] pci 0000:ff:01.0: [8086:344c] type 00 class 0x088000
[    1.925691] pci 0000:ff:01.1: [8086:344c] type 00 class 0x088000
[    1.925816] pci 0000:ff:01.2: [8086:344c] type 00 class 0x088000
[    1.925906] pci 0000:ff:01.3: [8086:344c] type 00 class 0x088000
[    1.926043] pci 0000:ff:01.4: [8086:344c] type 00 class 0x088000
[    1.926180] pci 0000:ff:01.5: [8086:344c] type 00 class 0x088000
[    1.926320] pci 0000:ff:01.6: [8086:344c] type 00 class 0x088000
[    1.926446] pci 0000:ff:01.7: [8086:344c] type 00 class 0x088000
[    1.926578] pci 0000:ff:02.0: [8086:344c] type 00 class 0x088000
[    1.926735] pci 0000:ff:02.1: [8086:344c] type 00 class 0x088000
[    1.926866] pci 0000:ff:02.2: [8086:344c] type 00 class 0x088000
[    1.927010] pci 0000:ff:02.3: [8086:344c] type 00 class 0x088000
[    1.927146] pci 0000:ff:02.4: [8086:344c] type 00 class 0x088000
[    1.927282] pci 0000:ff:02.5: [8086:344c] type 00 class 0x088000
[    1.927426] pci 0000:ff:02.6: [8086:344c] type 00 class 0x088000
[    1.927569] pci 0000:ff:02.7: [8086:344c] type 00 class 0x088000
[    1.927720] pci 0000:ff:03.0: [8086:344c] type 00 class 0x088000
[    1.927886] pci 0000:ff:03.1: [8086:344c] type 00 class 0x088000
[    1.928037] pci 0000:ff:03.2: [8086:344c] type 00 class 0x088000
[    1.928202] pci 0000:ff:03.3: [8086:344c] type 00 class 0x088000
[    1.928366] pci 0000:ff:0a.0: [8086:344d] type 00 class 0x088000
[    1.928485] pci 0000:ff:0a.1: [8086:344d] type 00 class 0x088000
[    1.928598] pci 0000:ff:0a.2: [8086:344d] type 00 class 0x088000
[    1.928699] pci 0000:ff:0a.3: [8086:344d] type 00 class 0x088000
[    1.928818] pci 0000:ff:0a.4: [8086:344d] type 00 class 0x088000
[    1.928936] pci 0000:ff:0a.5: [8086:344d] type 00 class 0x088000
[    1.929031] pci 0000:ff:0a.6: [8086:344d] type 00 class 0x088000
[    1.929162] pci 0000:ff:0a.7: [8086:344d] type 00 class 0x088000
[    1.929290] pci 0000:ff:0b.0: [8086:344d] type 00 class 0x088000
[    1.929438] pci 0000:ff:0b.1: [8086:344d] type 00 class 0x088000
[    1.929561] pci 0000:ff:0b.2: [8086:344d] type 00 class 0x088000
[    1.929645] pci 0000:ff:0b.3: [8086:344d] type 00 class 0x088000
[    1.929782] pci 0000:ff:0b.4: [8086:344d] type 00 class 0x088000
[    1.929918] pci 0000:ff:0b.5: [8086:344d] type 00 class 0x088000
[    1.930058] pci 0000:ff:0b.6: [8086:344d] type 00 class 0x088000
[    1.930190] pci 0000:ff:0b.7: [8086:344d] type 00 class 0x088000
[    1.930323] pci 0000:ff:0c.0: [8086:344d] type 00 class 0x088000
[    1.930473] pci 0000:ff:0c.1: [8086:344d] type 00 class 0x088000
[    1.930605] pci 0000:ff:0c.2: [8086:344d] type 00 class 0x088000
[    1.930744] pci 0000:ff:0c.3: [8086:344d] type 00 class 0x088000
[    1.930880] pci 0000:ff:0c.4: [8086:344d] type 00 class 0x088000
[    1.931017] pci 0000:ff:0c.5: [8086:344d] type 00 class 0x088000
[    1.931161] pci 0000:ff:0c.6: [8086:344d] type 00 class 0x088000
[    1.931308] pci 0000:ff:0c.7: [8086:344d] type 00 class 0x088000
[    1.931460] pci 0000:ff:0d.0: [8086:344d] type 00 class 0x088000
[    1.931626] pci 0000:ff:0d.1: [8086:344d] type 00 class 0x088000
[    1.931775] pci 0000:ff:0d.2: [8086:344d] type 00 class 0x088000
[    1.931935] pci 0000:ff:0d.3: [8086:344d] type 00 class 0x088000
[    1.932115] pci 0000:ff:1d.0: [8086:344f] type 00 class 0x088000
[    1.932242] pci 0000:ff:1d.1: [8086:3457] type 00 class 0x088000
[    1.932353] pci 0000:ff:1e.0: [8086:3458] type 00 class 0x088000
[    1.932437] pci 0000:ff:1e.1: [8086:3459] type 00 class 0x088000
[    1.932503] pci 0000:ff:1e.2: [8086:345a] type 00 class 0x088000
[    1.932568] pci 0000:ff:1e.3: [8086:345b] type 00 class 0x088000
[    1.932632] pci 0000:ff:1e.4: [8086:345c] type 00 class 0x088000
[    1.932698] pci 0000:ff:1e.5: [8086:345d] type 00 class 0x088000
[    1.932762] pci 0000:ff:1e.6: [8086:345e] type 00 class 0x088000
[    1.932826] pci 0000:ff:1e.7: [8086:345f] type 00 class 0x088000
[    1.932888] pci_bus 0000:ff: on NUMA node 1
[    1.935667] iommu: Default domain type: Translated 
[    1.935667] iommu: DMA domain TLB invalidation policy: lazy mode 
[    1.935845] SCSI subsystem initialized
[    1.935884] libata version 3.00 loaded.
[    1.935884] ACPI: bus type USB registered
[    1.935884] usbcore: registered new interface driver usbfs
[    1.935884] usbcore: registered new interface driver hub
[    1.935884] usbcore: registered new device driver usb
[    1.935884] pps_core: LinuxPPS API ver. 1 registered
[    1.935884] pps_core: Software ver. 5.3.6 - Copyright 2005-2007 Rodolfo Giometti <giometti@linux.it>
[    1.935884] PTP clock support registered
[    1.935884] EDAC MC: Ver: 3.0.0
[    1.936334] Registered efivars operations
[    1.936334] NetLabel: Initializing
[    1.936334] NetLabel:  domain hash size = 128
[    1.936334] NetLabel:  protocols = UNLABELED CIPSOv4 CALIPSO
[    1.936334] NetLabel:  unlabeled traffic allowed by default
[    1.936334] PCI: Using ACPI for IRQ routing
[    1.938888] PCI: pci_cache_line_size set to 64 bytes
[    1.939444] e820: reserve RAM buffer [mem 0x0008f000-0x0008ffff]
[    1.939446] e820: reserve RAM buffer [mem 0x46cc4020-0x47ffffff]
[    1.939448] e820: reserve RAM buffer [mem 0x46cf6020-0x47ffffff]
[    1.939449] e820: reserve RAM buffer [mem 0x46d29020-0x47ffffff]
[    1.939449] e820: reserve RAM buffer [mem 0x46d5c020-0x47ffffff]
[    1.939450] e820: reserve RAM buffer [mem 0x49e77000-0x4bffffff]
[    1.939451] e820: reserve RAM buffer [mem 0x4b2cf000-0x4bffffff]
[    1.939452] e820: reserve RAM buffer [mem 0x4bd94000-0x4bffffff]
[    1.939453] e820: reserve RAM buffer [mem 0x4ce00000-0x4fffffff]
[    1.939454] e820: reserve RAM buffer [mem 0x5eefe000-0x5fffffff]
[    1.939455] e820: reserve RAM buffer [mem 0x6f800000-0x6fffffff]
[    1.939674] pci 0000:03:00.0: vgaarb: setting as boot VGA device
[    1.939676] pci 0000:03:00.0: vgaarb: bridge control possible
[    1.939677] pci 0000:03:00.0: vgaarb: VGA device added: decodes=io+mem,owns=io+mem,locks=none
[    1.939708] vgaarb: loaded
[    1.940959] hpet0: at MMIO 0xfed00000, IRQs 2, 8, 0, 0, 0, 0, 0, 0
[    1.940967] hpet0: 8 comparators, 64-bit 24.000000 MHz counter
[    1.943793] clocksource: Switched to clocksource tsc-early
[    1.953221] VFS: Disk quotas dquot_6.6.0
[    1.953255] VFS: Dquot-cache hash table entries: 512 (order 0, 4096 bytes)
[    1.953411] AppArmor: AppArmor Filesystem Enabled
[    1.953423] pnp: PnP ACPI init
[    1.969597] system 00:01: [io  0x0500-0x05fe] has been reserved
[    1.969600] system 00:01: [io  0x0400-0x041f] has been reserved
[    1.969602] system 00:01: [io  0x0600-0x061f] has been reserved
[    1.969604] system 00:01: [io  0x0ca0-0x0ca1] has been reserved
[    1.969605] system 00:01: [io  0x0ca4-0x0ca6] has been reserved
[    1.969607] system 00:01: [mem 0xff000000-0xffffffff] has been reserved
[    1.970210] system 00:04: [mem 0xfd000000-0xfdabffff] has been reserved
[    1.970213] system 00:04: [mem 0xfdad0000-0xfdadffff] has been reserved
[    1.970215] system 00:04: [mem 0xfdb00000-0xfdffffff] has been reserved
[    1.970216] system 00:04: [mem 0xfe000000-0xfe00ffff] has been reserved
[    1.970218] system 00:04: [mem 0xfe011000-0xfe01ffff] has been reserved
[    1.970220] system 00:04: [mem 0xfe036000-0xfe03bfff] has been reserved
[    1.970221] system 00:04: [mem 0xfe03d000-0xfe3fffff] has been reserved
[    1.970223] system 00:04: [mem 0xfe410000-0xfe7fffff] has been reserved
[    1.970543] system 00:05: [io  0x1000-0x10fe] has been reserved
[    1.971569] pnp: PnP ACPI: found 6 devices
[    1.977330] clocksource: acpi_pm: mask: 0xffffff max_cycles: 0xffffff, max_idle_ns: 2085701024 ns
[    1.977409] NET: Registered PF_INET protocol family
[    1.977737] IP idents hash table entries: 262144 (order: 9, 2097152 bytes, vmalloc)
[    1.979927] tcp_listen_portaddr_hash hash table entries: 16384 (order: 6, 262144 bytes, vmalloc)
[    1.980272] TCP established hash table entries: 262144 (order: 9, 2097152 bytes, vmalloc)
[    1.980657] TCP bind hash table entries: 65536 (order: 8, 1048576 bytes, vmalloc)
[    1.980716] TCP: Hash tables configured (established 262144 bind 65536)
[    1.980919] UDP hash table entries: 16384 (order: 7, 524288 bytes, vmalloc)
[    1.981024] UDP-Lite hash table entries: 16384 (order: 7, 524288 bytes, vmalloc)
[    1.981179] NET: Registered PF_UNIX/PF_LOCAL protocol family
[    1.981184] NET: Registered PF_XDP protocol family
[    1.981191] pci 0000:04:00.0: can't claim BAR 6 [mem 0xfffc0000-0xffffffff pref]: no compatible bridge window
[    1.981194] pci 0000:04:00.1: can't claim BAR 6 [mem 0xfffc0000-0xffffffff pref]: no compatible bridge window
[    1.981195] pci 0000:17:00.0: can't claim BAR 6 [mem 0xfff00000-0xffffffff pref]: no compatible bridge window
[    1.981211] pci 0000:00:1c.5: BAR 14: assigned [mem 0x90000000-0x900fffff]
[    1.981214] pci 0000:00:1c.0: PCI bridge to [bus 01]
[    1.981224] pci 0000:02:00.0: PCI bridge to [bus 03]
[    1.981229] pci 0000:02:00.0:   bridge window [mem 0x92000000-0x928fffff]
[    1.981233] pci 0000:02:00.0:   bridge window [mem 0x91000000-0x91ffffff 64bit pref]
[    1.981239] pci 0000:00:1c.4: PCI bridge to [bus 02-03]
[    1.981243] pci 0000:00:1c.4:   bridge window [mem 0x92000000-0x928fffff]
[    1.981246] pci 0000:00:1c.4:   bridge window [mem 0x91000000-0x91ffffff 64bit pref]
[    1.981251] pci 0000:04:00.0: BAR 6: assigned [mem 0x90000000-0x9003ffff pref]
[    1.981253] pci 0000:04:00.1: BAR 6: assigned [mem 0x90040000-0x9007ffff pref]
[    1.981255] pci 0000:00:1c.5: PCI bridge to [bus 04]
[    1.981258] pci 0000:00:1c.5:   bridge window [mem 0x90000000-0x900fffff]
[    1.981260] pci 0000:00:1c.5:   bridge window [mem 0x92900000-0x929fffff 64bit pref]
[    1.981265] pci_bus 0000:00: resource 4 [io  0x0000-0x0cf7 window]
[    1.981266] pci_bus 0000:00: resource 5 [io  0x1000-0x4fff window]
[    1.981268] pci_bus 0000:00: resource 6 [mem 0x000a0000-0x000bffff window]
[    1.981269] pci_bus 0000:00: resource 7 [mem 0x000c8000-0x000cffff window]
[    1.981270] pci_bus 0000:00: resource 8 [mem 0xfe010000-0xfe010fff window]
[    1.981272] pci_bus 0000:00: resource 9 [mem 0x90000000-0x9b7fffff window]
[    1.981273] pci_bus 0000:00: resource 10 [mem 0x200000000000-0x20ffffffffff window]
[    1.981275] pci_bus 0000:02: resource 1 [mem 0x92000000-0x928fffff]
[    1.981276] pci_bus 0000:02: resource 2 [mem 0x91000000-0x91ffffff 64bit pref]
[    1.981278] pci_bus 0000:03: resource 1 [mem 0x92000000-0x928fffff]
[    1.981279] pci_bus 0000:03: resource 2 [mem 0x91000000-0x91ffffff 64bit pref]
[    1.981280] pci_bus 0000:04: resource 1 [mem 0x90000000-0x900fffff]
[    1.981281] pci_bus 0000:04: resource 2 [mem 0x92900000-0x929fffff 64bit pref]
[    1.981357] pci 0000:17:00.0: BAR 6: no space for [mem size 0x00100000 pref]
[    1.981359] pci 0000:17:00.0: BAR 6: failed to assign [mem size 0x00100000 pref]
[    1.981360] pci 0000:16:02.0: PCI bridge to [bus 17]
[    1.981362] pci 0000:16:02.0:   bridge window [io  0x5000-0x5fff]
[    1.981365] pci 0000:16:02.0:   bridge window [mem 0x9ba00000-0x9bafffff]
[    1.981367] pci 0000:16:02.0:   bridge window [mem 0x9b800000-0x9b9fffff 64bit pref]
[    1.981371] pci_bus 0000:16: resource 4 [io  0x5000-0x6fff window]
[    1.981372] pci_bus 0000:16: resource 5 [mem 0x9b800000-0xa63fffff window]
[    1.981373] pci_bus 0000:16: resource 6 [mem 0x210000000000-0x21ffffffffff window]
[    1.981374] pci_bus 0000:17: resource 0 [io  0x5000-0x5fff]
[    1.981375] pci_bus 0000:17: resource 1 [mem 0x9ba00000-0x9bafffff]
[    1.981376] pci_bus 0000:17: resource 2 [mem 0x9b800000-0x9b9fffff 64bit pref]
[    1.981383] pci_bus 0000:30: resource 4 [io  0x7000-0x8fff window]
[    1.981384] pci_bus 0000:30: resource 5 [mem 0xa6400000-0xb0ffffff window]
[    1.981385] pci_bus 0000:30: resource 6 [mem 0x220000000000-0x22ffffffffff window]
[    1.981390] pci_bus 0000:4a: resource 4 [io  0x9000-0x9fff window]
[    1.981391] pci_bus 0000:4a: resource 5 [mem 0xb1000000-0xbbbfffff window]
[    1.981392] pci_bus 0000:4a: resource 6 [mem 0x230000000000-0x23ffffffffff window]
