pgmigrate_success 5813471
pgmigrate_fail 73910
thp_fault_alloc 0
thp_fault_fallback 0
thp_collapse_alloc 0
thp_collapse_alloc_failed 0
thp_file_alloc 0
thp_file_mapped 0
thp_split_page 0
thp_split_page_failed 0
thp_deferred_split_page 0
thp_split_pmd 0
thp_split_pud 0
thp_zero_page_alloc 0
thp_zero_page_alloc_failed 0
thp_swpout 0
thp_swpout_fallback 0
MemTotal:       554593496 kB
MemFree:        533883148 kB
MemAvailable:   532993480 kB
Buffers:          151380 kB
Cached:           465632 kB
SwapCached:           52 kB
Active:           179916 kB
Inactive:         889264 kB
Active(anon):     110364 kB
Inactive(anon):   505716 kB
Active(file):      69552 kB
Inactive(file):   383548 kB
Unevictable:           0 kB
Mlocked:               0 kB
SwapTotal:       2097148 kB
SwapFree:        2095868 kB
Dirty:                32 kB
Writeback:             0 kB
AnonPages:        651676 kB
Mapped:           351576 kB
Shmem:              6140 kB
KReclaimable:     301280 kB
Slab:             762760 kB
SReclaimable:     301280 kB
SUnreclaim:       461480 kB
KernelStack:       31712 kB
PageTables:        28376 kB
NFS_Unstable:          0 kB
Bounce:                0 kB
WritebackTmp:          0 kB
CommitLimit:    279393896 kB
Committed_AS:    6844200 kB
VmallocTotal:   34359738367 kB
VmallocUsed:      102868 kB
VmallocChunk:          0 kB
Percpu:           119616 kB
HardwareCorrupted:     0 kB
AnonHugePages:         0 kB
ShmemHugePages:        0 kB
ShmemPmdMapped:        0 kB
CmaTotal:              0 kB
CmaFree:               0 kB
HugePages_Total:       0
HugePages_Free:        0
HugePages_Rsvd:        0
HugePages_Surp:        0
Hugepagesize:       2048 kB
Hugetlb:               0 kB
DirectMap4k:     1078760 kB
DirectMap2M:     8843264 kB
DirectMap1G:    1181745152 kB
pgmigrate_success 16629249
pgmigrate_fail 83887
thp_fault_alloc 0
thp_fault_fallback 0
thp_collapse_alloc 0
thp_collapse_alloc_failed 0
thp_file_alloc 0
thp_file_mapped 0
thp_split_page 0
thp_split_page_failed 0
thp_deferred_split_page 0
thp_split_pmd 0
thp_split_pud 0
thp_zero_page_alloc 0
thp_zero_page_alloc_failed 0
thp_swpout 0
thp_swpout_fallback 0
MemTotal:       551568600 kB
MemFree:        530806164 kB
MemAvailable:   529919048 kB
Buffers:          170448 kB
Cached:           452836 kB
SwapCached:           80 kB
Active:           183840 kB
Inactive:         895028 kB
Active(anon):      98884 kB
Inactive(anon):   572588 kB
Active(file):      84956 kB
Inactive(file):   322440 kB
Unevictable:           0 kB
Mlocked:               0 kB
SwapTotal:       2097148 kB
SwapFree:        2096124 kB
Dirty:                32 kB
Writeback:             0 kB
AnonPages:        666788 kB
Mapped:           344252 kB
Shmem:              6140 kB
KReclaimable:     316360 kB
Slab:             778516 kB
SReclaimable:     316360 kB
SUnreclaim:       462156 kB
KernelStack:       32288 kB
PageTables:        28636 kB
NFS_Unstable:          0 kB
Bounce:                0 kB
WritebackTmp:          0 kB
CommitLimit:    277881448 kB
Committed_AS:    6853580 kB
VmallocTotal:   34359738367 kB
VmallocUsed:      102884 kB
VmallocChunk:          0 kB
Percpu:           118720 kB
HardwareCorrupted:     0 kB
AnonHugePages:         0 kB
ShmemHugePages:        0 kB
ShmemPmdMapped:        0 kB
CmaTotal:              0 kB
CmaFree:               0 kB
HugePages_Total:       0
HugePages_Free:        0
HugePages_Rsvd:        0
HugePages_Surp:        0
Hugepagesize:       2048 kB
Hugetlb:               0 kB
DirectMap4k:      992744 kB
DirectMap2M:     8929280 kB
DirectMap1G:    1181745152 kB
