pgmigrate_success 5793296
pgmigrate_fail 73877
thp_fault_alloc 0
thp_fault_fallback 0
thp_collapse_alloc 0
thp_collapse_alloc_failed 0
thp_file_alloc 0
thp_file_mapped 0
thp_split_page 0
thp_split_page_failed 0
thp_deferred_split_page 0
thp_split_pmd 0
thp_split_pud 0
thp_zero_page_alloc 0
thp_zero_page_alloc_failed 0
thp_swpout 0
thp_swpout_fallback 0
MemTotal:       554593496 kB
MemFree:        533947868 kB
MemAvailable:   533105036 kB
Buffers:          150872 kB
Cached:           453344 kB
SwapCached:           52 kB
Active:           140360 kB
Inactive:        1052492 kB
Active(anon):     106644 kB
Inactive(anon):   505156 kB
Active(file):      33716 kB
Inactive(file):   547336 kB
Unevictable:           0 kB
Mlocked:               0 kB
SwapTotal:       2097148 kB
SwapFree:        2095868 kB
Dirty:                12 kB
Writeback:             0 kB
AnonPages:        648600 kB
Mapped:           350808 kB
Shmem:              6140 kB
KReclaimable:     266996 kB
Slab:             721520 kB
SReclaimable:     266996 kB
SUnreclaim:       454524 kB
KernelStack:       31504 kB
PageTables:        28196 kB
NFS_Unstable:          0 kB
Bounce:                0 kB
WritebackTmp:          0 kB
CommitLimit:    279393896 kB
Committed_AS:    6732524 kB
VmallocTotal:   34359738367 kB
VmallocUsed:      102868 kB
VmallocChunk:          0 kB
Percpu:           119616 kB
HardwareCorrupted:     0 kB
AnonHugePages:         0 kB
ShmemHugePages:        0 kB
ShmemPmdMapped:        0 kB
CmaTotal:              0 kB
CmaFree:               0 kB
HugePages_Total:       0
HugePages_Free:        0
HugePages_Rsvd:        0
HugePages_Surp:        0
Hugepagesize:       2048 kB
Hugetlb:               0 kB
DirectMap4k:     1078760 kB
DirectMap2M:     8843264 kB
DirectMap1G:    1181745152 kB
pgmigrate_success 16611645
pgmigrate_fail 81845
thp_fault_alloc 0
thp_fault_fallback 0
thp_collapse_alloc 0
thp_collapse_alloc_failed 0
thp_file_alloc 0
thp_file_mapped 0
thp_split_page 0
thp_split_page_failed 0
thp_deferred_split_page 0
thp_split_pmd 0
thp_split_pud 0
thp_zero_page_alloc 0
thp_zero_page_alloc_failed 0
thp_swpout 0
thp_swpout_fallback 0
MemTotal:       551568600 kB
MemFree:        530844560 kB
MemAvailable:   529957820 kB
Buffers:          169756 kB
Cached:           451156 kB
SwapCached:           80 kB
Active:           157384 kB
Inactive:         924952 kB
Active(anon):      94568 kB
Inactive(anon):   573964 kB
Active(file):      62816 kB
Inactive(file):   350988 kB
Unevictable:           0 kB
Mlocked:               0 kB
SwapTotal:       2097148 kB
SwapFree:        2096124 kB
Dirty:                 0 kB
Writeback:             0 kB
AnonPages:        664120 kB
Mapped:           343484 kB
Shmem:              6140 kB
KReclaimable:     310700 kB
Slab:             767780 kB
SReclaimable:     310700 kB
SUnreclaim:       457080 kB
KernelStack:       31440 kB
PageTables:        28236 kB
NFS_Unstable:          0 kB
Bounce:                0 kB
WritebackTmp:          0 kB
CommitLimit:    277881448 kB
Committed_AS:    6715520 kB
VmallocTotal:   34359738367 kB
VmallocUsed:      102884 kB
VmallocChunk:          0 kB
Percpu:           118720 kB
HardwareCorrupted:     0 kB
AnonHugePages:         0 kB
ShmemHugePages:        0 kB
ShmemPmdMapped:        0 kB
CmaTotal:              0 kB
CmaFree:               0 kB
HugePages_Total:       0
HugePages_Free:        0
HugePages_Rsvd:        0
HugePages_Surp:        0
Hugepagesize:       2048 kB
Hugetlb:               0 kB
DirectMap4k:      992744 kB
DirectMap2M:     8929280 kB
DirectMap1G:    1181745152 kB
