[    0.000000] Linux version 5.3.1-multiclock (xmu@xmu-PowerEdge-R750) (gcc version 7.5.0 (Ubuntu 7.5.0-3ubuntu1~18.04)) #1 SMP Wed Aug 9 20:46:02 CST 2023
[    0.000000] Command line: BOOT_IMAGE=/boot/vmlinuz-5.3.1-multiclock root=UUID=ce0c24b8-724b-4f33-9b2c-618433560aef ro memmap=45000M!4096M memmap=59G!64G quiet splash nomodeset vt.handoff=1
[    0.000000] KERNEL supported cpus:
[    0.000000]   Intel GenuineIntel
[    0.000000]   AMD AuthenticAMD
[    0.000000]   Hygon HygonGenuine
[    0.000000]   Centaur CentaurHauls
[    0.000000]   zhaoxin   Shanghai  
[    0.000000] x86/fpu: Supporting XSAVE feature 0x001: 'x87 floating point registers'
[    0.000000] x86/fpu: Supporting XSAVE feature 0x002: 'SSE registers'
[    0.000000] x86/fpu: Supporting XSAVE feature 0x004: 'AVX registers'
[    0.000000] x86/fpu: Supporting XSAVE feature 0x020: 'AVX-512 opmask'
[    0.000000] x86/fpu: Supporting XSAVE feature 0x040: 'AVX-512 Hi256'
[    0.000000] x86/fpu: Supporting XSAVE feature 0x080: 'AVX-512 ZMM_Hi256'
[    0.000000] x86/fpu: Supporting XSAVE feature 0x200: 'Protection Keys User registers'
[    0.000000] x86/fpu: xstate_offset[2]:  576, xstate_sizes[2]:  256
[    0.000000] x86/fpu: xstate_offset[5]:  832, xstate_sizes[5]:   64
[    0.000000] x86/fpu: xstate_offset[6]:  896, xstate_sizes[6]:  512
[    0.000000] x86/fpu: xstate_offset[7]: 1408, xstate_sizes[7]: 1024
[    0.000000] x86/fpu: xstate_offset[9]: 2432, xstate_sizes[9]:    8
[    0.000000] x86/fpu: Enabled xstate features 0x2e7, context size is 2440 bytes, using 'compacted' format.
[    0.000000] BIOS-provided physical RAM map:
[    0.000000] BIOS-e820: [mem 0x0000000000000000-0x000000000008efff] usable
[    0.000000] BIOS-e820: [mem 0x000000000008f000-0x000000000008ffff] reserved
[    0.000000] BIOS-e820: [mem 0x0000000000090000-0x000000000009ffff] usable
[    0.000000] BIOS-e820: [mem 0x00000000000a0000-0x00000000000fffff] reserved
[    0.000000] BIOS-e820: [mem 0x0000000000100000-0x0000000049e76fff] usable
[    0.000000] BIOS-e820: [mem 0x0000000049e77000-0x000000004ae76fff] ACPI NVS
[    0.000000] BIOS-e820: [mem 0x000000004ae77000-0x000000004b2cefff] usable
[    0.000000] BIOS-e820: [mem 0x000000004b2cf000-0x000000004b54dfff] ACPI data
[    0.000000] BIOS-e820: [mem 0x000000004b54e000-0x000000004bd93fff] usable
[    0.000000] BIOS-e820: [mem 0x000000004bd94000-0x000000004be99fff] reserved
[    0.000000] BIOS-e820: [mem 0x000000004be9a000-0x000000004cdfffff] usable
[    0.000000] BIOS-e820: [mem 0x000000004ce00000-0x000000004cffffff] reserved
[    0.000000] BIOS-e820: [mem 0x000000004d000000-0x000000005eefdfff] usable
[    0.000000] BIOS-e820: [mem 0x000000005eefe000-0x000000006e3fefff] reserved
[    0.000000] BIOS-e820: [mem 0x000000006e3ff000-0x000000006f3fefff] ACPI NVS
[    0.000000] BIOS-e820: [mem 0x000000006f3ff000-0x000000006f7fefff] ACPI data
[    0.000000] BIOS-e820: [mem 0x000000006f7ff000-0x000000006f7fffff] usable
[    0.000000] BIOS-e820: [mem 0x000000006f800000-0x000000008fffffff] reserved
[    0.000000] BIOS-e820: [mem 0x00000000fe000000-0x00000000fe010fff] reserved
[    0.000000] BIOS-e820: [mem 0x0000000100000000-0x000000207fffffff] usable
[    0.000000] BIOS-e820: [mem 0x0000002080000000-0x0000011c7fffffff] persistent (type 7)
[    0.000000] BIOS-e820: [mem 0x00001ffc00000000-0x00001fffffffffff] reserved
[    0.000000] NX (Execute Disable) protection: active
[    0.000000] e820: update [mem 0x47c75020-0x47c7d05f] usable ==> usable
[    0.000000] e820: update [mem 0x47c75020-0x47c7d05f] usable ==> usable
[    0.000000] e820: update [mem 0x47c42020-0x47c74c5f] usable ==> usable
[    0.000000] e820: update [mem 0x47c42020-0x47c74c5f] usable ==> usable
[    0.000000] e820: update [mem 0x47c0f020-0x47c41c5f] usable ==> usable
[    0.000000] e820: update [mem 0x47c0f020-0x47c41c5f] usable ==> usable
[    0.000000] e820: update [mem 0x47bdd020-0x47c0ea5f] usable ==> usable
[    0.000000] e820: update [mem 0x47bdd020-0x47c0ea5f] usable ==> usable
[    0.000000] extended physical RAM map:
[    0.000000] reserve setup_data: [mem 0x0000000000000000-0x000000000008efff] usable
[    0.000000] reserve setup_data: [mem 0x000000000008f000-0x000000000008ffff] reserved
[    0.000000] reserve setup_data: [mem 0x0000000000090000-0x000000000009ffff] usable
[    0.000000] reserve setup_data: [mem 0x00000000000a0000-0x00000000000fffff] reserved
[    0.000000] reserve setup_data: [mem 0x0000000000100000-0x0000000047bdd01f] usable
[    0.000000] reserve setup_data: [mem 0x0000000047bdd020-0x0000000047c0ea5f] usable
[    0.000000] reserve setup_data: [mem 0x0000000047c0ea60-0x0000000047c0f01f] usable
[    0.000000] reserve setup_data: [mem 0x0000000047c0f020-0x0000000047c41c5f] usable
[    0.000000] reserve setup_data: [mem 0x0000000047c41c60-0x0000000047c4201f] usable
[    0.000000] reserve setup_data: [mem 0x0000000047c42020-0x0000000047c74c5f] usable
[    0.000000] reserve setup_data: [mem 0x0000000047c74c60-0x0000000047c7501f] usable
[    0.000000] reserve setup_data: [mem 0x0000000047c75020-0x0000000047c7d05f] usable
[    0.000000] reserve setup_data: [mem 0x0000000047c7d060-0x0000000049e76fff] usable
[    0.000000] reserve setup_data: [mem 0x0000000049e77000-0x000000004ae76fff] ACPI NVS
[    0.000000] reserve setup_data: [mem 0x000000004ae77000-0x000000004b2cefff] usable
[    0.000000] reserve setup_data: [mem 0x000000004b2cf000-0x000000004b54dfff] ACPI data
[    0.000000] reserve setup_data: [mem 0x000000004b54e000-0x000000004bd93fff] usable
[    0.000000] reserve setup_data: [mem 0x000000004bd94000-0x000000004be99fff] reserved
[    0.000000] reserve setup_data: [mem 0x000000004be9a000-0x000000004cdfffff] usable
[    0.000000] reserve setup_data: [mem 0x000000004ce00000-0x000000004cffffff] reserved
[    0.000000] reserve setup_data: [mem 0x000000004d000000-0x000000005eefdfff] usable
[    0.000000] reserve setup_data: [mem 0x000000005eefe000-0x000000006e3fefff] reserved
[    0.000000] reserve setup_data: [mem 0x000000006e3ff000-0x000000006f3fefff] ACPI NVS
[    0.000000] reserve setup_data: [mem 0x000000006f3ff000-0x000000006f7fefff] ACPI data
[    0.000000] reserve setup_data: [mem 0x000000006f7ff000-0x000000006f7fffff] usable
[    0.000000] reserve setup_data: [mem 0x000000006f800000-0x000000008fffffff] reserved
[    0.000000] reserve setup_data: [mem 0x00000000fe000000-0x00000000fe010fff] reserved
[    0.000000] reserve setup_data: [mem 0x0000000100000000-0x0000000bfc7fffff] persistent (type 12)
[    0.000000] reserve setup_data: [mem 0x0000000bfc800000-0x0000000fffffffff] usable
[    0.000000] reserve setup_data: [mem 0x0000001000000000-0x0000001ebfffffff] persistent (type 12)
[    0.000000] reserve setup_data: [mem 0x0000001ec0000000-0x000000207fffffff] usable
[    0.000000] reserve setup_data: [mem 0x0000002080000000-0x0000011c7fffffff] persistent (type 7)
[    0.000000] reserve setup_data: [mem 0x00001ffc00000000-0x00001fffffffffff] reserved
[    0.000000] user-defined physical RAM map:
[    0.000000] user: [mem 0x0000000000000000-0x000000000008efff] usable
[    0.000000] user: [mem 0x000000000008f000-0x000000000008ffff] reserved
[    0.000000] user: [mem 0x0000000000090000-0x000000000009ffff] usable
[    0.000000] user: [mem 0x00000000000a0000-0x00000000000fffff] reserved
[    0.000000] user: [mem 0x0000000000100000-0x0000000047bdd01f] usable
[    0.000000] user: [mem 0x0000000047bdd020-0x0000000047c0ea5f] usable
[    0.000000] user: [mem 0x0000000047c0ea60-0x0000000047c0f01f] usable
[    0.000000] user: [mem 0x0000000047c0f020-0x0000000047c41c5f] usable
[    0.000000] user: [mem 0x0000000047c41c60-0x0000000047c4201f] usable
[    0.000000] user: [mem 0x0000000047c42020-0x0000000047c74c5f] usable
[    0.000000] user: [mem 0x0000000047c74c60-0x0000000047c7501f] usable
[    0.000000] user: [mem 0x0000000047c75020-0x0000000047c7d05f] usable
[    0.000000] user: [mem 0x0000000047c7d060-0x0000000049e76fff] usable
[    0.000000] user: [mem 0x0000000049e77000-0x000000004ae76fff] ACPI NVS
[    0.000000] user: [mem 0x000000004ae77000-0x000000004b2cefff] usable
[    0.000000] user: [mem 0x000000004b2cf000-0x000000004b54dfff] ACPI data
[    0.000000] user: [mem 0x000000004b54e000-0x000000004bd93fff] usable
[    0.000000] user: [mem 0x000000004bd94000-0x000000004be99fff] reserved
[    0.000000] user: [mem 0x000000004be9a000-0x000000004cdfffff] usable
[    0.000000] user: [mem 0x000000004ce00000-0x000000004cffffff] reserved
[    0.000000] user: [mem 0x000000004d000000-0x000000005eefdfff] usable
[    0.000000] user: [mem 0x000000005eefe000-0x000000006e3fefff] reserved
[    0.000000] user: [mem 0x000000006e3ff000-0x000000006f3fefff] ACPI NVS
[    0.000000] user: [mem 0x000000006f3ff000-0x000000006f7fefff] ACPI data
[    0.000000] user: [mem 0x000000006f7ff000-0x000000006f7fffff] usable
[    0.000000] user: [mem 0x000000006f800000-0x000000008fffffff] reserved
[    0.000000] user: [mem 0x00000000fe000000-0x00000000fe010fff] reserved
[    0.000000] user: [mem 0x0000000100000000-0x0000000bfc7fffff] persistent (type 12)
[    0.000000] user: [mem 0x0000000bfc800000-0x0000000fffffffff] usable
[    0.000000] user: [mem 0x0000001000000000-0x0000001ebfffffff] persistent (type 12)
[    0.000000] user: [mem 0x0000001ec0000000-0x000000207fffffff] usable
[    0.000000] user: [mem 0x0000002080000000-0x0000011c7fffffff] persistent (type 7)
[    0.000000] user: [mem 0x00001ffc00000000-0x00001fffffffffff] reserved
[    0.000000] efi: EFI v2.70 by Dell Inc.
[    0.000000] efi:  ACPI=0x6f7fe000  ACPI 2.0=0x6f7fe014  MEMATTR=0x5a1f8020  SMBIOS=0x69526000  SMBIOS 3.0=0x69524000 
[    0.000000] SMBIOS 3.3.0 present.
[    0.000000] DMI: Dell Inc. PowerEdge R750/0K8F35, BIOS 1.10.2 03/03/2023
[    0.000000] tsc: Detected 2000.000 MHz processor
[    0.000008] e820: update [mem 0x00000000-0x00000fff] usable ==> reserved
[    0.000009] e820: remove [mem 0x000a0000-0x000fffff] usable
[    0.000017] last_pfn = 0x2080000 max_arch_pfn = 0x400000000
[    0.000020] MTRR default type: uncachable
[    0.000021] MTRR fixed ranges enabled:
[    0.000022]   00000-9FFFF write-back
[    0.000022]   A0000-BFFFF uncachable
[    0.000023]   C0000-FFFFF write-protect
[    0.000023] MTRR variable ranges enabled:
[    0.000025]   0 base 000000000000 mask 3E0000000000 write-back
[    0.000026]   1 base 000080000000 mask 3FFF80000000 uncachable
[    0.000026]   2 base 00007F000000 mask 3FFFFF000000 uncachable
[    0.000027]   3 disabled
[    0.000027]   4 disabled
[    0.000027]   5 disabled
[    0.000028]   6 disabled
[    0.000028]   7 disabled
[    0.000029]   8 disabled
[    0.000029]   9 disabled
[    0.000779] x86/PAT: Configuration [0-7]: WB  WC  UC- UC  WB  WP  UC- WT  
[    0.001829] total RAM covered: 2095088M
[    0.001914]  gran_size: 64K 	chunk_size: 64K 	num_reg: 10  	lose cover RAM: 2016G
[    0.001915]  gran_size: 64K 	chunk_size: 128K 	num_reg: 10  	lose cover RAM: 2016G
[    0.001916]  gran_size: 64K 	chunk_size: 256K 	num_reg: 10  	lose cover RAM: 2016G
[    0.001917]  gran_size: 64K 	chunk_size: 512K 	num_reg: 10  	lose cover RAM: 2016G
[    0.001918]  gran_size: 64K 	chunk_size: 1M 	num_reg: 10  	lose cover RAM: 2016G
[    0.001918]  gran_size: 64K 	chunk_size: 2M 	num_reg: 10  	lose cover RAM: 2016G
[    0.001919]  gran_size: 64K 	chunk_size: 4M 	num_reg: 10  	lose cover RAM: 2016G
[    0.001920]  gran_size: 64K 	chunk_size: 8M 	num_reg: 10  	lose cover RAM: 2016G
[    0.001920]  gran_size: 64K 	chunk_size: 16M 	num_reg: 10  	lose cover RAM: 2016G
[    0.001921]  gran_size: 64K 	chunk_size: 32M 	num_reg: 10  	lose cover RAM: 1024G
[    0.001922]  gran_size: 64K 	chunk_size: 64M 	num_reg: 10  	lose cover RAM: 1024G
[    0.001922]  gran_size: 64K 	chunk_size: 128M 	num_reg: 10  	lose cover RAM: 1024G
[    0.001923]  gran_size: 64K 	chunk_size: 256M 	num_reg: 10  	lose cover RAM: 1024G
[    0.001924]  gran_size: 64K 	chunk_size: 512M 	num_reg: 10  	lose cover RAM: 1024G
[    0.001924]  gran_size: 64K 	chunk_size: 1G 	num_reg: 10  	lose cover RAM: 1024G
[    0.001925]  gran_size: 64K 	chunk_size: 2G 	num_reg: 10  	lose cover RAM: 1024G
[    0.001926]  gran_size: 128K 	chunk_size: 128K 	num_reg: 10  	lose cover RAM: 2016G
[    0.001926]  gran_size: 128K 	chunk_size: 256K 	num_reg: 10  	lose cover RAM: 2016G
[    0.001927]  gran_size: 128K 	chunk_size: 512K 	num_reg: 10  	lose cover RAM: 2016G
[    0.001928]  gran_size: 128K 	chunk_size: 1M 	num_reg: 10  	lose cover RAM: 2016G
[    0.001928]  gran_size: 128K 	chunk_size: 2M 	num_reg: 10  	lose cover RAM: 2016G
[    0.001929]  gran_size: 128K 	chunk_size: 4M 	num_reg: 10  	lose cover RAM: 2016G
[    0.001930]  gran_size: 128K 	chunk_size: 8M 	num_reg: 10  	lose cover RAM: 2016G
[    0.001930]  gran_size: 128K 	chunk_size: 16M 	num_reg: 10  	lose cover RAM: 2016G
[    0.001931]  gran_size: 128K 	chunk_size: 32M 	num_reg: 10  	lose cover RAM: 1024G
[    0.001932]  gran_size: 128K 	chunk_size: 64M 	num_reg: 10  	lose cover RAM: 1024G
[    0.001932]  gran_size: 128K 	chunk_size: 128M 	num_reg: 10  	lose cover RAM: 1024G
[    0.001933]  gran_size: 128K 	chunk_size: 256M 	num_reg: 10  	lose cover RAM: 1024G
[    0.001934]  gran_size: 128K 	chunk_size: 512M 	num_reg: 10  	lose cover RAM: 1024G
[    0.001935]  gran_size: 128K 	chunk_size: 1G 	num_reg: 10  	lose cover RAM: 1024G
[    0.001935]  gran_size: 128K 	chunk_size: 2G 	num_reg: 10  	lose cover RAM: 1024G
[    0.001936]  gran_size: 256K 	chunk_size: 256K 	num_reg: 10  	lose cover RAM: 2016G
[    0.001937]  gran_size: 256K 	chunk_size: 512K 	num_reg: 10  	lose cover RAM: 2016G
[    0.001937]  gran_size: 256K 	chunk_size: 1M 	num_reg: 10  	lose cover RAM: 2016G
[    0.001938]  gran_size: 256K 	chunk_size: 2M 	num_reg: 10  	lose cover RAM: 2016G
[    0.001938]  gran_size: 256K 	chunk_size: 4M 	num_reg: 10  	lose cover RAM: 2016G
[    0.001939]  gran_size: 256K 	chunk_size: 8M 	num_reg: 10  	lose cover RAM: 2016G
[    0.001940]  gran_size: 256K 	chunk_size: 16M 	num_reg: 10  	lose cover RAM: 2016G
[    0.001940]  gran_size: 256K 	chunk_size: 32M 	num_reg: 10  	lose cover RAM: 1024G
[    0.001941]  gran_size: 256K 	chunk_size: 64M 	num_reg: 10  	lose cover RAM: 1024G
[    0.001942]  gran_size: 256K 	chunk_size: 128M 	num_reg: 10  	lose cover RAM: 1024G
[    0.001943]  gran_size: 256K 	chunk_size: 256M 	num_reg: 10  	lose cover RAM: 1024G
[    0.001943]  gran_size: 256K 	chunk_size: 512M 	num_reg: 10  	lose cover RAM: 1024G
[    0.001944]  gran_size: 256K 	chunk_size: 1G 	num_reg: 10  	lose cover RAM: 1024G
[    0.001945]  gran_size: 256K 	chunk_size: 2G 	num_reg: 10  	lose cover RAM: 1024G
[    0.001945]  gran_size: 512K 	chunk_size: 512K 	num_reg: 10  	lose cover RAM: 2016G
[    0.001946]  gran_size: 512K 	chunk_size: 1M 	num_reg: 10  	lose cover RAM: 2016G
[    0.001947]  gran_size: 512K 	chunk_size: 2M 	num_reg: 10  	lose cover RAM: 2016G
[    0.001947]  gran_size: 512K 	chunk_size: 4M 	num_reg: 10  	lose cover RAM: 2016G
[    0.001948]  gran_size: 512K 	chunk_size: 8M 	num_reg: 10  	lose cover RAM: 2016G
[    0.001949]  gran_size: 512K 	chunk_size: 16M 	num_reg: 10  	lose cover RAM: 2016G
[    0.001949]  gran_size: 512K 	chunk_size: 32M 	num_reg: 10  	lose cover RAM: 1024G
[    0.001950]  gran_size: 512K 	chunk_size: 64M 	num_reg: 10  	lose cover RAM: 1024G
[    0.001951]  gran_size: 512K 	chunk_size: 128M 	num_reg: 10  	lose cover RAM: 1024G
[    0.001951]  gran_size: 512K 	chunk_size: 256M 	num_reg: 10  	lose cover RAM: 1024G
[    0.001952]  gran_size: 512K 	chunk_size: 512M 	num_reg: 10  	lose cover RAM: 1024G
[    0.001953]  gran_size: 512K 	chunk_size: 1G 	num_reg: 10  	lose cover RAM: 1024G
[    0.001953]  gran_size: 512K 	chunk_size: 2G 	num_reg: 10  	lose cover RAM: 1024G
[    0.001954]  gran_size: 1M 	chunk_size: 1M 	num_reg: 10  	lose cover RAM: 2016G
[    0.001955]  gran_size: 1M 	chunk_size: 2M 	num_reg: 10  	lose cover RAM: 2016G
[    0.001955]  gran_size: 1M 	chunk_size: 4M 	num_reg: 10  	lose cover RAM: 2016G
[    0.001956]  gran_size: 1M 	chunk_size: 8M 	num_reg: 10  	lose cover RAM: 2016G
[    0.001957]  gran_size: 1M 	chunk_size: 16M 	num_reg: 10  	lose cover RAM: 2016G
[    0.001957]  gran_size: 1M 	chunk_size: 32M 	num_reg: 10  	lose cover RAM: 1024G
[    0.001958]  gran_size: 1M 	chunk_size: 64M 	num_reg: 10  	lose cover RAM: 1024G
[    0.001959]  gran_size: 1M 	chunk_size: 128M 	num_reg: 10  	lose cover RAM: 1024G
[    0.001960]  gran_size: 1M 	chunk_size: 256M 	num_reg: 10  	lose cover RAM: 1024G
[    0.001960]  gran_size: 1M 	chunk_size: 512M 	num_reg: 10  	lose cover RAM: 1024G
[    0.001961]  gran_size: 1M 	chunk_size: 1G 	num_reg: 10  	lose cover RAM: 1024G
[    0.001962]  gran_size: 1M 	chunk_size: 2G 	num_reg: 10  	lose cover RAM: 1024G
[    0.001962]  gran_size: 2M 	chunk_size: 2M 	num_reg: 10  	lose cover RAM: 2016G
[    0.001963]  gran_size: 2M 	chunk_size: 4M 	num_reg: 10  	lose cover RAM: 2016G
[    0.001964]  gran_size: 2M 	chunk_size: 8M 	num_reg: 10  	lose cover RAM: 2016G
[    0.001964]  gran_size: 2M 	chunk_size: 16M 	num_reg: 10  	lose cover RAM: 2016G
[    0.001965]  gran_size: 2M 	chunk_size: 32M 	num_reg: 10  	lose cover RAM: 1024G
[    0.001966]  gran_size: 2M 	chunk_size: 64M 	num_reg: 10  	lose cover RAM: 1024G
[    0.001966]  gran_size: 2M 	chunk_size: 128M 	num_reg: 10  	lose cover RAM: 1024G
[    0.001967]  gran_size: 2M 	chunk_size: 256M 	num_reg: 10  	lose cover RAM: 1024G
[    0.001968]  gran_size: 2M 	chunk_size: 512M 	num_reg: 10  	lose cover RAM: 1024G
[    0.001968]  gran_size: 2M 	chunk_size: 1G 	num_reg: 10  	lose cover RAM: 1024G
[    0.001969]  gran_size: 2M 	chunk_size: 2G 	num_reg: 10  	lose cover RAM: 1024G
[    0.001970]  gran_size: 4M 	chunk_size: 4M 	num_reg: 10  	lose cover RAM: 2016G
[    0.001970]  gran_size: 4M 	chunk_size: 8M 	num_reg: 10  	lose cover RAM: 2016G
[    0.001971]  gran_size: 4M 	chunk_size: 16M 	num_reg: 10  	lose cover RAM: 2016G
[    0.001972]  gran_size: 4M 	chunk_size: 32M 	num_reg: 10  	lose cover RAM: 1024G
[    0.001972]  gran_size: 4M 	chunk_size: 64M 	num_reg: 10  	lose cover RAM: 1024G
[    0.001973]  gran_size: 4M 	chunk_size: 128M 	num_reg: 10  	lose cover RAM: 1024G
[    0.001974]  gran_size: 4M 	chunk_size: 256M 	num_reg: 10  	lose cover RAM: 1024G
[    0.001974]  gran_size: 4M 	chunk_size: 512M 	num_reg: 10  	lose cover RAM: 1024G
[    0.001975]  gran_size: 4M 	chunk_size: 1G 	num_reg: 10  	lose cover RAM: 1024G
[    0.001976]  gran_size: 4M 	chunk_size: 2G 	num_reg: 10  	lose cover RAM: 1024G
[    0.001977]  gran_size: 8M 	chunk_size: 8M 	num_reg: 10  	lose cover RAM: 2016G
[    0.001977]  gran_size: 8M 	chunk_size: 16M 	num_reg: 10  	lose cover RAM: 2016G
[    0.001978]  gran_size: 8M 	chunk_size: 32M 	num_reg: 10  	lose cover RAM: 1024G
[    0.001978]  gran_size: 8M 	chunk_size: 64M 	num_reg: 10  	lose cover RAM: 1024G
[    0.001979]  gran_size: 8M 	chunk_size: 128M 	num_reg: 10  	lose cover RAM: 1024G
[    0.001980]  gran_size: 8M 	chunk_size: 256M 	num_reg: 10  	lose cover RAM: 1024G
[    0.001980]  gran_size: 8M 	chunk_size: 512M 	num_reg: 10  	lose cover RAM: 1024G
[    0.001981]  gran_size: 8M 	chunk_size: 1G 	num_reg: 10  	lose cover RAM: 1024G
[    0.001982]  gran_size: 8M 	chunk_size: 2G 	num_reg: 10  	lose cover RAM: 1024G
[    0.001982]  gran_size: 16M 	chunk_size: 16M 	num_reg: 10  	lose cover RAM: 2016G
[    0.001983]  gran_size: 16M 	chunk_size: 32M 	num_reg: 10  	lose cover RAM: 1024G
[    0.001984]  gran_size: 16M 	chunk_size: 64M 	num_reg: 10  	lose cover RAM: 1024G
[    0.001984]  gran_size: 16M 	chunk_size: 128M 	num_reg: 10  	lose cover RAM: 1024G
[    0.001985]  gran_size: 16M 	chunk_size: 256M 	num_reg: 10  	lose cover RAM: 1024G
[    0.001986]  gran_size: 16M 	chunk_size: 512M 	num_reg: 10  	lose cover RAM: 1024G
[    0.001986]  gran_size: 16M 	chunk_size: 1G 	num_reg: 10  	lose cover RAM: 1024G
[    0.001987]  gran_size: 16M 	chunk_size: 2G 	num_reg: 10  	lose cover RAM: 1024G
[    0.001988]  gran_size: 32M 	chunk_size: 32M 	num_reg: 10  	lose cover RAM: 2031632M
[    0.001989]  gran_size: 32M 	chunk_size: 64M 	num_reg: 10  	lose cover RAM: 1048592M
[    0.001989]  gran_size: 32M 	chunk_size: 128M 	num_reg: 10  	lose cover RAM: 1048592M
[    0.001990]  gran_size: 32M 	chunk_size: 256M 	num_reg: 10  	lose cover RAM: 1048592M
[    0.001991]  gran_size: 32M 	chunk_size: 512M 	num_reg: 10  	lose cover RAM: 1048592M
[    0.001991]  gran_size: 32M 	chunk_size: 1G 	num_reg: 10  	lose cover RAM: 1048592M
[    0.001992]  gran_size: 32M 	chunk_size: 2G 	num_reg: 10  	lose cover RAM: 1048592M
[    0.001993]  gran_size: 64M 	chunk_size: 64M 	num_reg: 10  	lose cover RAM: 1966128M
[    0.001994]  gran_size: 64M 	chunk_size: 128M 	num_reg: 10  	lose cover RAM: 1048624M
[    0.001994]  gran_size: 64M 	chunk_size: 256M 	num_reg: 10  	lose cover RAM: 1048624M
[    0.001995]  gran_size: 64M 	chunk_size: 512M 	num_reg: 10  	lose cover RAM: 1048624M
[    0.001996]  gran_size: 64M 	chunk_size: 1G 	num_reg: 10  	lose cover RAM: 1048624M
[    0.001996]  gran_size: 64M 	chunk_size: 2G 	num_reg: 10  	lose cover RAM: 1048624M
[    0.001997]  gran_size: 128M 	chunk_size: 128M 	num_reg: 10  	lose cover RAM: 1835120M
[    0.001998]  gran_size: 128M 	chunk_size: 256M 	num_reg: 10  	lose cover RAM: 1048688M
[    0.001998]  gran_size: 128M 	chunk_size: 512M 	num_reg: 10  	lose cover RAM: 1048688M
[    0.001999]  gran_size: 128M 	chunk_size: 1G 	num_reg: 10  	lose cover RAM: 1048688M
[    0.002000]  gran_size: 128M 	chunk_size: 2G 	num_reg: 10  	lose cover RAM: 1048688M
[    0.002000]  gran_size: 256M 	chunk_size: 256M 	num_reg: 10  	lose cover RAM: 1573104M
[    0.002001]  gran_size: 256M 	chunk_size: 512M 	num_reg: 10  	lose cover RAM: 1048816M
[    0.002002]  gran_size: 256M 	chunk_size: 1G 	num_reg: 10  	lose cover RAM: 1048816M
[    0.002002]  gran_size: 256M 	chunk_size: 2G 	num_reg: 10  	lose cover RAM: 1048816M
[    0.002003]  gran_size: 512M 	chunk_size: 512M 	num_reg: 10  	lose cover RAM: 1049072M
[    0.002004]  gran_size: 512M 	chunk_size: 1G 	num_reg: 10  	lose cover RAM: 1049072M
[    0.002004]  gran_size: 512M 	chunk_size: 2G 	num_reg: 10  	lose cover RAM: 1049072M
[    0.002005]  gran_size: 1G 	chunk_size: 1G 	num_reg: 10  	lose cover RAM: 1008M
[    0.002006]  gran_size: 1G 	chunk_size: 2G 	num_reg: 10  	lose cover RAM: 1008M
[    0.002006]  gran_size: 2G 	chunk_size: 2G 	num_reg: 9  	lose cover RAM: 2032M
[    0.002007] mtrr_cleanup: can not find optimal value
[    0.002007] please specify mtrr_gran_size/mtrr_chunk_size
[    0.002010] e820: update [mem 0x7f000000-0xffffffff] usable ==> reserved
[    0.002012] x2apic: enabled by BIOS, switching to x2apic ops
[    0.002013] last_pfn = 0x6f800 max_arch_pfn = 0x400000000
[    0.013415] check: Scanning 1 areas for low memory corruption
[    0.013420] Using GB pages for direct mapping
[    0.013421] BRK [0xd57c01000, 0xd57c01fff] PGTABLE
[    0.013422] BRK [0xd57c02000, 0xd57c02fff] PGTABLE
[    0.013423] BRK [0xd57c03000, 0xd57c03fff] PGTABLE
[    0.013480] BRK [0xd57c04000, 0xd57c04fff] PGTABLE
[    0.013651] BRK [0xd57c05000, 0xd57c05fff] PGTABLE
[    0.013728] BRK [0xd57c06000, 0xd57c06fff] PGTABLE
[    0.013851] BRK [0xd57c07000, 0xd57c07fff] PGTABLE
[    0.014001] BRK [0xd57c08000, 0xd57c08fff] PGTABLE
[    0.014113] BRK [0xd57c09000, 0xd57c09fff] PGTABLE
[    0.014261] BRK [0xd57c0a000, 0xd57c0afff] PGTABLE
[    0.014353] BRK [0xd57c0b000, 0xd57c0bfff] PGTABLE
[    0.014573] BRK [0xd57c0c000, 0xd57c0cfff] PGTABLE
[    0.014858] Secure boot disabled
[    0.014859] RAMDISK: [mem 0x2065920000-0x207fffffff]
[    0.014865] ACPI: Early table checksum verification disabled
[    0.014867] ACPI: RSDP 0x000000006F7FE014 000024 (v02 DELL  )
[    0.014870] ACPI: XSDT 0x000000006F41C188 0000F4 (v01 DELL   PE_SC3   00000000 DELL 01000013)
[    0.014875] ACPI: FACP 0x000000006F430000 000114 (v06 DELL   PE_SC3   00000000 DELL 00000001)
[    0.014880] ACPI: DSDT 0x000000004B4CE000 07FAD3 (v02 DELL   PE_SC3   00000003 DELL 00000001)
[    0.014882] ACPI: FACS 0x000000006F2F2000 000040
[    0.014885] ACPI: SSDT 0x000000006F7FB000 00159A (v02 INTEL  RAS_ACPI 00000001 INTL 20210331)
[    0.014888] ACPI: SSDT 0x000000006F7FA000 000745 (v02 INTEL  ADDRXLAT 00000001 INTL 20210331)
[    0.014890] ACPI: MCEJ 0x000000006F7F9000 000130 (v01 INTEL           00000001 INTL 0100000D)
[    0.014893] ACPI: BERT 0x000000006F7F8000 000030 (v01 DELL   PE_SC3   00000001 INTL 00000001)
[    0.014895] ACPI: ERST 0x000000006F7F7000 000230 (v01 DELL   PE_SC3   00000001 INTL 00000001)
[    0.014898] ACPI: SSDT 0x000000006F431000 3C524E (v02 INTEL  SSDTNVDR 00001000 INTL 20210331)
[    0.014901] ACPI: HMAT 0x000000006F42F000 000210 (v01 DELL   PE_SC3   00000001 DELL 00000001)
[    0.014903] ACPI: HPET 0x000000006F42E000 000038 (v01 DELL   PE_SC3   00000001 DELL 00000001)
[    0.014906] ACPI: MCFG 0x000000006F42D000 00003C (v01 DELL   PE_SC3   00000001 DELL 00000001)
[    0.014908] ACPI: MIGT 0x000000006F42C000 000040 (v01 DELL   PE_SC3   00000000 DELL 00000001)
[    0.014911] ACPI: MSCT 0x000000006F42B000 000090 (v01 DELL   PE_SC3   00000001 DELL 00000001)
[    0.014913] ACPI: PMTT 0x000000006F429000 0011E8 (v02 DELL   PE_SC3   00000001 DELL 00000001)
[    0.014916] ACPI: WSMT 0x000000006F428000 000028 (v01 DELL   PE_SC3   00000000 DELL 00000001)
[    0.014918] ACPI: APIC 0x000000006F427000 00075E (v04 DELL   PE_SC3   00000000 DELL 00000001)
[    0.014921] ACPI: SLIT 0x000000006F426000 00003C (v01 DELL   PE_SC3   00000001 DELL 01000013)
[    0.014923] ACPI: SRAT 0x000000006F41F000 006430 (v03 DELL   PE_SC3   00000002 DELL 01000013)
[    0.014926] ACPI: OEM4 0x000000004B346000 187A61 (v02 INTEL  CPU  CST 00003000 INTL 20210331)
[    0.014928] ACPI: SSDT 0x000000004B2CF000 0764A5 (v02 INTEL  SSDT  PM 00004000 INTL 20210331)
[    0.014931] ACPI: SSDT 0x000000006F41E000 000A1F (v02 DELL   PE_SC3   00000000 DELL 00000001)
[    0.014934] ACPI: HEST 0x000000006F41D000 00017C (v01 DELL   PE_SC3   00000001 INTL 00000001)
[    0.014936] ACPI: PCAT 0x000000006F41B000 00010C (v19 DELL   PE_SC3   00000002 DELL 00000001)
[    0.014939] ACPI: SSDT 0x000000006F413000 007299 (v02 INTEL  SpsNm    00000002 INTL 20210331)
[    0.014941] ACPI: SSDT 0x000000006F412000 000426 (v02 DELL   PE_SC3   00000002 DELL 00000001)
[    0.014944] ACPI: NFIT 0x000000006F7FD000 000488 (v01 DELL   PE_SC3   00000002 DELL 00000001)
[    0.014946] ACPI: DMAR 0x000000006F411000 000158 (v01 DELL   PE_SC3   00000001 DELL 00000001)
[    0.014953] ACPI: Local APIC address 0xfee00000
[    0.014955] Setting APIC routing to cluster x2apic.
[    0.015001] SRAT: PXM 0 -> APIC 0x0000 -> Node 0
[    0.015002] SRAT: PXM 0 -> APIC 0x0001 -> Node 0
[    0.015002] SRAT: PXM 0 -> APIC 0x0002 -> Node 0
[    0.015002] SRAT: PXM 0 -> APIC 0x0003 -> Node 0
[    0.015003] SRAT: PXM 0 -> APIC 0x0004 -> Node 0
[    0.015003] SRAT: PXM 0 -> APIC 0x0005 -> Node 0
[    0.015004] SRAT: PXM 0 -> APIC 0x0006 -> Node 0
[    0.015004] SRAT: PXM 0 -> APIC 0x0007 -> Node 0
[    0.015005] SRAT: PXM 0 -> APIC 0x0008 -> Node 0
[    0.015005] SRAT: PXM 0 -> APIC 0x0009 -> Node 0
[    0.015005] SRAT: PXM 0 -> APIC 0x000a -> Node 0
[    0.015006] SRAT: PXM 0 -> APIC 0x000b -> Node 0
[    0.015006] SRAT: PXM 0 -> APIC 0x000c -> Node 0
[    0.015007] SRAT: PXM 0 -> APIC 0x000d -> Node 0
[    0.015007] SRAT: PXM 0 -> APIC 0x000e -> Node 0
[    0.015008] SRAT: PXM 0 -> APIC 0x000f -> Node 0
[    0.015008] SRAT: PXM 0 -> APIC 0x0010 -> Node 0
[    0.015008] SRAT: PXM 0 -> APIC 0x0011 -> Node 0
[    0.015009] SRAT: PXM 0 -> APIC 0x0012 -> Node 0
[    0.015009] SRAT: PXM 0 -> APIC 0x0013 -> Node 0
[    0.015010] SRAT: PXM 0 -> APIC 0x0014 -> Node 0
[    0.015010] SRAT: PXM 0 -> APIC 0x0015 -> Node 0
[    0.015010] SRAT: PXM 0 -> APIC 0x0016 -> Node 0
[    0.015011] SRAT: PXM 0 -> APIC 0x0017 -> Node 0
[    0.015011] SRAT: PXM 0 -> APIC 0x0018 -> Node 0
[    0.015012] SRAT: PXM 0 -> APIC 0x0019 -> Node 0
[    0.015012] SRAT: PXM 0 -> APIC 0x001a -> Node 0
[    0.015013] SRAT: PXM 0 -> APIC 0x001b -> Node 0
[    0.015013] SRAT: PXM 0 -> APIC 0x001c -> Node 0
[    0.015013] SRAT: PXM 0 -> APIC 0x001d -> Node 0
[    0.015014] SRAT: PXM 0 -> APIC 0x001e -> Node 0
[    0.015014] SRAT: PXM 0 -> APIC 0x001f -> Node 0
[    0.015015] SRAT: PXM 0 -> APIC 0x0020 -> Node 0
[    0.015015] SRAT: PXM 0 -> APIC 0x0021 -> Node 0
[    0.015015] SRAT: PXM 0 -> APIC 0x0022 -> Node 0
[    0.015016] SRAT: PXM 0 -> APIC 0x0023 -> Node 0
[    0.015016] SRAT: PXM 0 -> APIC 0x0024 -> Node 0
[    0.015017] SRAT: PXM 0 -> APIC 0x0025 -> Node 0
[    0.015017] SRAT: PXM 0 -> APIC 0x0026 -> Node 0
[    0.015017] SRAT: PXM 0 -> APIC 0x0027 -> Node 0
[    0.015018] SRAT: PXM 0 -> APIC 0x0028 -> Node 0
[    0.015018] SRAT: PXM 0 -> APIC 0x0029 -> Node 0
[    0.015019] SRAT: PXM 0 -> APIC 0x002a -> Node 0
[    0.015019] SRAT: PXM 0 -> APIC 0x002b -> Node 0
[    0.015019] SRAT: PXM 0 -> APIC 0x002c -> Node 0
[    0.015020] SRAT: PXM 0 -> APIC 0x002d -> Node 0
[    0.015020] SRAT: PXM 0 -> APIC 0x002e -> Node 0
[    0.015021] SRAT: PXM 0 -> APIC 0x002f -> Node 0
[    0.015021] SRAT: PXM 0 -> APIC 0x0030 -> Node 0
[    0.015022] SRAT: PXM 0 -> APIC 0x0031 -> Node 0
[    0.015022] SRAT: PXM 0 -> APIC 0x0032 -> Node 0
[    0.015022] SRAT: PXM 0 -> APIC 0x0033 -> Node 0
[    0.015023] SRAT: PXM 0 -> APIC 0x0034 -> Node 0
[    0.015023] SRAT: PXM 0 -> APIC 0x0035 -> Node 0
[    0.015024] SRAT: PXM 0 -> APIC 0x0036 -> Node 0
[    0.015024] SRAT: PXM 0 -> APIC 0x0037 -> Node 0
[    0.015025] SRAT: PXM 1 -> APIC 0x0080 -> Node 1
[    0.015025] SRAT: PXM 1 -> APIC 0x0081 -> Node 1
[    0.015025] SRAT: PXM 1 -> APIC 0x0082 -> Node 1
[    0.015026] SRAT: PXM 1 -> APIC 0x0083 -> Node 1
[    0.015026] SRAT: PXM 1 -> APIC 0x0084 -> Node 1
[    0.015027] SRAT: PXM 1 -> APIC 0x0085 -> Node 1
[    0.015027] SRAT: PXM 1 -> APIC 0x0086 -> Node 1
[    0.015027] SRAT: PXM 1 -> APIC 0x0087 -> Node 1
[    0.015028] SRAT: PXM 1 -> APIC 0x0088 -> Node 1
[    0.015028] SRAT: PXM 1 -> APIC 0x0089 -> Node 1
[    0.015029] SRAT: PXM 1 -> APIC 0x008a -> Node 1
[    0.015029] SRAT: PXM 1 -> APIC 0x008b -> Node 1
[    0.015029] SRAT: PXM 1 -> APIC 0x008c -> Node 1
[    0.015030] SRAT: PXM 1 -> APIC 0x008d -> Node 1
[    0.015030] SRAT: PXM 1 -> APIC 0x008e -> Node 1
[    0.015031] SRAT: PXM 1 -> APIC 0x008f -> Node 1
[    0.015031] SRAT: PXM 1 -> APIC 0x0090 -> Node 1
[    0.015032] SRAT: PXM 1 -> APIC 0x0091 -> Node 1
[    0.015032] SRAT: PXM 1 -> APIC 0x0092 -> Node 1
[    0.015032] SRAT: PXM 1 -> APIC 0x0093 -> Node 1
[    0.015033] SRAT: PXM 1 -> APIC 0x0094 -> Node 1
[    0.015033] SRAT: PXM 1 -> APIC 0x0095 -> Node 1
[    0.015034] SRAT: PXM 1 -> APIC 0x0096 -> Node 1
[    0.015034] SRAT: PXM 1 -> APIC 0x0097 -> Node 1
[    0.015034] SRAT: PXM 1 -> APIC 0x0098 -> Node 1
[    0.015035] SRAT: PXM 1 -> APIC 0x0099 -> Node 1
[    0.015035] SRAT: PXM 1 -> APIC 0x009a -> Node 1
[    0.015036] SRAT: PXM 1 -> APIC 0x009b -> Node 1
[    0.015036] SRAT: PXM 1 -> APIC 0x009c -> Node 1
[    0.015036] SRAT: PXM 1 -> APIC 0x009d -> Node 1
[    0.015037] SRAT: PXM 1 -> APIC 0x009e -> Node 1
[    0.015037] SRAT: PXM 1 -> APIC 0x009f -> Node 1
[    0.015038] SRAT: PXM 1 -> APIC 0x00a0 -> Node 1
[    0.015038] SRAT: PXM 1 -> APIC 0x00a1 -> Node 1
[    0.015039] SRAT: PXM 1 -> APIC 0x00a2 -> Node 1
[    0.015039] SRAT: PXM 1 -> APIC 0x00a3 -> Node 1
[    0.015039] SRAT: PXM 1 -> APIC 0x00a4 -> Node 1
[    0.015040] SRAT: PXM 1 -> APIC 0x00a5 -> Node 1
[    0.015040] SRAT: PXM 1 -> APIC 0x00a6 -> Node 1
[    0.015041] SRAT: PXM 1 -> APIC 0x00a7 -> Node 1
[    0.015041] SRAT: PXM 1 -> APIC 0x00a8 -> Node 1
[    0.015041] SRAT: PXM 1 -> APIC 0x00a9 -> Node 1
[    0.015042] SRAT: PXM 1 -> APIC 0x00aa -> Node 1
[    0.015042] SRAT: PXM 1 -> APIC 0x00ab -> Node 1
[    0.015043] SRAT: PXM 1 -> APIC 0x00ac -> Node 1
[    0.015043] SRAT: PXM 1 -> APIC 0x00ad -> Node 1
[    0.015043] SRAT: PXM 1 -> APIC 0x00ae -> Node 1
[    0.015044] SRAT: PXM 1 -> APIC 0x00af -> Node 1
[    0.015044] SRAT: PXM 1 -> APIC 0x00b0 -> Node 1
[    0.015045] SRAT: PXM 1 -> APIC 0x00b1 -> Node 1
[    0.015045] SRAT: PXM 1 -> APIC 0x00b2 -> Node 1
[    0.015046] SRAT: PXM 1 -> APIC 0x00b3 -> Node 1
[    0.015046] SRAT: PXM 1 -> APIC 0x00b4 -> Node 1
[    0.015046] SRAT: PXM 1 -> APIC 0x00b5 -> Node 1
[    0.015047] SRAT: PXM 1 -> APIC 0x00b6 -> Node 1
[    0.015047] SRAT: PXM 1 -> APIC 0x00b7 -> Node 1
[    0.015059] ACPI: SRAT: Node 0 PXM 0 [mem 0x00000000-0x7fffffff]
[    0.015060] ACPI: SRAT: Node 0 PXM 0 [mem 0x100000000-0x107fffffff]
[    0.015061] ACPI: SRAT: Node 2 PXM 2 [mem 0x2080000000-0x9e7fffffff] non-volatile
[    0.015062] ACPI: SRAT: Node 1 PXM 1 [mem 0x1080000000-0x207fffffff]
[    0.015062] ACPI: SRAT: Node 3 PXM 3 [mem 0x9e80000000-0x11c7fffffff] non-volatile
[    0.015071] NUMA: Initialized distance table, cnt=4
[    0.015074] NUMA: Node 0 [mem 0x00000000-0x7fffffff] + [mem 0x100000000-0x107fffffff] -> [mem 0x00000000-0x107fffffff]
[    0.015082] NODE_DATA(0) allocated [mem 0xffffd5000-0xfffffffff]
[    0.015099] NODE_DATA(1) allocated [mem 0x20658f2000-0x206591cfff]
[    0.015255] Zone ranges:
[    0.015256]   DMA      [mem 0x0000000000001000-0x0000000000ffffff]
[    0.015257]   DMA32    [mem 0x0000000001000000-0x00000000ffffffff]
[    0.015257]   Normal   [mem 0x0000000100000000-0x000000207fffffff]
[    0.015258]   Device   empty
[    0.015259] Movable zone start for each node
[    0.015262] Early memory node ranges
[    0.015263]   node   0: [mem 0x0000000000001000-0x000000000008efff]
[    0.015263]   node   0: [mem 0x0000000000090000-0x000000000009ffff]
[    0.015264]   node   0: [mem 0x0000000000100000-0x0000000049e76fff]
[    0.015265]   node   0: [mem 0x000000004ae77000-0x000000004b2cefff]
[    0.015265]   node   0: [mem 0x000000004b54e000-0x000000004bd93fff]
[    0.015265]   node   0: [mem 0x000000004be9a000-0x000000004cdfffff]
[    0.015266]   node   0: [mem 0x000000004d000000-0x000000005eefdfff]
[    0.015266]   node   0: [mem 0x000000006f7ff000-0x000000006f7fffff]
[    0.015267]   node   0: [mem 0x0000000bfc800000-0x0000000fffffffff]
[    0.015268]   node   1: [mem 0x0000001ec0000000-0x000000207fffffff]
[    0.015870] Zeroed struct page in unavailable ranges: 61160 pages
[    0.015871] Initmem setup node 0 [mem 0x0000000000001000-0x0000000fffffffff]
[    0.015872] On node 0 totalpages: 4591896
[    0.015873]   DMA zone: 64 pages used for memmap
[    0.015874]   DMA zone: 1102 pages reserved
[    0.015875]   DMA zone: 3998 pages, LIFO batch:0
[    0.015920]   DMA32 zone: 5926 pages used for memmap
[    0.015921]   DMA32 zone: 379258 pages, LIFO batch:63
[    0.021782]   Normal zone: 65760 pages used for memmap
[    0.021783]   Normal zone: 4208640 pages, LIFO batch:63
[    0.091646] Initmem setup node 1 [mem 0x0000001ec0000000-0x000000207fffffff]
[    0.091648] On node 1 totalpages: 1835008
[    0.091648]   Normal zone: 28672 pages used for memmap
[    0.091649]   Normal zone: 1835008 pages, LIFO batch:63
[    0.111859] ACPI: PM-Timer IO Port: 0x508
[    0.111862] ACPI: Local APIC address 0xfee00000
[    0.111879] ACPI: X2APIC_NMI (uid[0xffffffff] high edge lint[0x1])
[    0.111881] ACPI: LAPIC_NMI (acpi_id[0xff] high edge lint[0x1])
[    0.111900] IOAPIC[0]: apic_id 8, version 32, address 0xfec00000, GSI 0-119
[    0.111902] ACPI: INT_SRC_OVR (bus 0 bus_irq 0 global_irq 2 dfl dfl)
[    0.111904] ACPI: INT_SRC_OVR (bus 0 bus_irq 9 global_irq 9 high level)
[    0.111905] ACPI: IRQ0 used by override.
[    0.111906] ACPI: IRQ9 used by override.
[    0.111908] Using ACPI (MADT) for SMP configuration information
[    0.111910] ACPI: HPET id: 0x8086a701 base: 0xfed00000
[    0.111914] smpboot: Allowing 112 CPUs, 0 hotplug CPUs
[    0.111938] PM: Registered nosave memory: [mem 0x00000000-0x00000fff]
[    0.111940] PM: Registered nosave memory: [mem 0x0008f000-0x0008ffff]
[    0.111941] PM: Registered nosave memory: [mem 0x000a0000-0x000fffff]
[    0.111942] PM: Registered nosave memory: [mem 0x47bdd000-0x47bddfff]
[    0.111944] PM: Registered nosave memory: [mem 0x47c0e000-0x47c0efff]
[    0.111944] PM: Registered nosave memory: [mem 0x47c0f000-0x47c0ffff]
[    0.111945] PM: Registered nosave memory: [mem 0x47c41000-0x47c41fff]
[    0.111946] PM: Registered nosave memory: [mem 0x47c42000-0x47c42fff]
[    0.111947] PM: Registered nosave memory: [mem 0x47c74000-0x47c74fff]
[    0.111947] PM: Registered nosave memory: [mem 0x47c75000-0x47c75fff]
[    0.111949] PM: Registered nosave memory: [mem 0x47c7d000-0x47c7dfff]
[    0.111950] PM: Registered nosave memory: [mem 0x49e77000-0x4ae76fff]
[    0.111951] PM: Registered nosave memory: [mem 0x4b2cf000-0x4b54dfff]
[    0.111953] PM: Registered nosave memory: [mem 0x4bd94000-0x4be99fff]
[    0.111954] PM: Registered nosave memory: [mem 0x4ce00000-0x4cffffff]
[    0.111956] PM: Registered nosave memory: [mem 0x5eefe000-0x6e3fefff]
[    0.111956] PM: Registered nosave memory: [mem 0x6e3ff000-0x6f3fefff]
[    0.111957] PM: Registered nosave memory: [mem 0x6f3ff000-0x6f7fefff]
[    0.111958] PM: Registered nosave memory: [mem 0x6f800000-0x8fffffff]
[    0.111959] PM: Registered nosave memory: [mem 0x90000000-0xfdffffff]
[    0.111959] PM: Registered nosave memory: [mem 0xfe000000-0xfe010fff]
[    0.111959] PM: Registered nosave memory: [mem 0xfe011000-0xffffffff]
[    0.111960] PM: Registered nosave memory: [mem 0x100000000-0xbfc7fffff]
[    0.111962] PM: Registered nosave memory: [mem 0x1000000000-0x1ebfffffff]
[    0.111963] [mem 0x90000000-0xfdffffff] available for PCI devices
[    0.111964] Booting paravirtualized kernel on bare hardware
[    0.111966] clocksource: refined-jiffies: mask: 0xffffffff max_cycles: 0xffffffff, max_idle_ns: 7645519600211568 ns
[    0.111973] setup_percpu: NR_CPUS:8192 nr_cpumask_bits:112 nr_cpu_ids:112 nr_node_ids:4
[    0.116538] percpu: Embedded 55 pages/cpu s188416 r8192 d28672 u262144
[    0.116547] pcpu-alloc: s188416 r8192 d28672 u262144 alloc=1*2097152
[    0.116548] pcpu-alloc: [0] 000 002 004 006 008 010 012 014 
[    0.116550] pcpu-alloc: [0] 016 018 020 022 024 026 028 030 
[    0.116552] pcpu-alloc: [0] 032 034 036 038 040 042 044 046 
[    0.116553] pcpu-alloc: [0] 048 050 052 054 056 058 060 062 
[    0.116555] pcpu-alloc: [0] 064 066 068 070 072 074 076 078 
[    0.116556] pcpu-alloc: [0] 080 082 084 086 088 090 092 094 
[    0.116557] pcpu-alloc: [0] 096 098 100 102 104 106 108 110 
[    0.116559] pcpu-alloc: [1] 001 003 005 007 009 011 013 015 
[    0.116560] pcpu-alloc: [1] 017 019 021 023 025 027 029 031 
[    0.116562] pcpu-alloc: [1] 033 035 037 039 041 043 045 047 
[    0.116563] pcpu-alloc: [1] 049 051 053 055 057 059 061 063 
[    0.116565] pcpu-alloc: [1] 065 067 069 071 073 075 077 079 
[    0.116566] pcpu-alloc: [1] 081 083 085 087 089 091 093 095 
[    0.116567] pcpu-alloc: [1] 097 099 101 103 105 107 109 111 
[    0.116610] Built 2 zonelists, mobility grouping on.  Total pages: 6325380
[    0.116610] Policy zone: Normal
[    0.116611] Kernel command line: BOOT_IMAGE=/boot/vmlinuz-5.3.1-multiclock root=UUID=ce0c24b8-724b-4f33-9b2c-618433560aef ro memmap=45000M!4096M memmap=59G!64G quiet splash nomodeset vt.handoff=1
[    0.116717] You have booted with nomodeset. This means your GPU drivers are DISABLED
[    0.116718] Any video related functionality will be severely degraded, and you may not even be able to suspend the system properly
[    0.116718] Unless you actually understand what nomodeset does, you should reboot without enabling it
[    0.116735] printk: log_buf_len individual max cpu contribution: 4096 bytes
[    0.116736] printk: log_buf_len total cpu_extra contributions: 454656 bytes
[    0.116736] printk: log_buf_len min size: 262144 bytes
[    0.116890] printk: log_buf_len: 1048576 bytes
[    0.116890] printk: early log buf free: 221788(84%)
[    0.118394] mem auto-init: stack:off, heap alloc:on, heap free:off
[    0.124405] Calgary: detecting Calgary via BIOS EBDA area
[    0.124407] Calgary: Unable to locate Rio Grande table in EBDA - bailing!
[    0.178976] Memory: 24615736K/25707616K available (14339K kernel code, 2373K rwdata, 4660K rodata, 2680K init, 5056K bss, 1091880K reserved, 0K cma-reserved)
[    0.179581] SLUB: HWalign=64, Order=0-3, MinObjects=0, CPUs=112, Nodes=4
[    0.179610] ftrace: allocating 43047 entries in 169 pages
[    0.195922] rcu: Hierarchical RCU implementation.
[    0.195923] rcu: 	RCU restricting CPUs from NR_CPUS=8192 to nr_cpu_ids=112.
[    0.195924] 	Tasks RCU enabled.
[    0.195925] rcu: RCU calculated value of scheduler-enlistment delay is 25 jiffies.
[    0.195926] rcu: Adjusting geometry for rcu_fanout_leaf=16, nr_cpu_ids=112
[    0.198647] NR_IRQS: 524544, nr_irqs: 2952, preallocated irqs: 16
[    0.199020] random: crng done (trusting CPU's manufacturer)
[    0.199195] Console: colour dummy device 80x25
[    0.199211] printk: console [tty0] enabled
[    0.199306] mempolicy: Enabling automatic NUMA balancing. Configure with numa_balancing= or the kernel.numa_balancing sysctl
[    0.199308] ACPI: Core revision 20190703
[    0.202702] clocksource: hpet: mask: 0xffffffff max_cycles: 0xffffffff, max_idle_ns: 79635855245 ns
[    0.202744] APIC: Switch to symmetric I/O mode setup
[    0.202745] DMAR: Host address width 46
[    0.202746] DMAR: DRHD base: 0x000000d0ffc000 flags: 0x0
[    0.202751] DMAR: dmar0: reg_base_addr d0ffc000 ver 4:0 cap 8ed008c40780466 ecap 60000f050df
[    0.202752] DMAR: DRHD base: 0x000000dbbfc000 flags: 0x0
[    0.202755] DMAR: dmar1: reg_base_addr dbbfc000 ver 4:0 cap 8ed008c40780466 ecap 60000f050df
[    0.202756] DMAR: DRHD base: 0x000000e67fc000 flags: 0x0
[    0.202759] DMAR: dmar2: reg_base_addr e67fc000 ver 4:0 cap 8ed008c40780466 ecap 60000f050df
[    0.202760] DMAR: DRHD base: 0x000000f13fc000 flags: 0x0
[    0.202763] DMAR: dmar3: reg_base_addr f13fc000 ver 4:0 cap 8ed008c40780466 ecap 60000f050df
[    0.202764] DMAR: DRHD base: 0x000000fb7fc000 flags: 0x0
[    0.202767] DMAR: dmar4: reg_base_addr fb7fc000 ver 4:0 cap 8ed008c40780466 ecap 60000f050df
[    0.202768] DMAR: DRHD base: 0x000000a63fc000 flags: 0x0
[    0.202771] DMAR: dmar5: reg_base_addr a63fc000 ver 4:0 cap 8ed008c40780466 ecap 60000f050df
[    0.202771] DMAR: DRHD base: 0x000000b0ffc000 flags: 0x0
[    0.202774] DMAR: dmar6: reg_base_addr b0ffc000 ver 4:0 cap 8ed008c40780466 ecap 60000f050df
[    0.202774] DMAR: DRHD base: 0x000000bbbfc000 flags: 0x0
[    0.202779] DMAR: dmar7: reg_base_addr bbbfc000 ver 4:0 cap 8ed008c40780466 ecap 60000f050df
[    0.202780] DMAR: DRHD base: 0x000000c5ffc000 flags: 0x0
[    0.202782] DMAR: dmar8: reg_base_addr c5ffc000 ver 4:0 cap 8ed008c40780466 ecap 60000f050df
[    0.202783] DMAR: DRHD base: 0x0000009b7fc000 flags: 0x1
[    0.202786] DMAR: dmar9: reg_base_addr 9b7fc000 ver 4:0 cap 8ed008c40780466 ecap 60000f050df
[    0.202787] DMAR: RMRR base: 0x00000069427000 end: 0x00000069429fff
[    0.202787] DMAR: ATSR flags: 0x0
[    0.202789] DMAR-IR: IOAPIC id 8 under DRHD base  0x9b7fc000 IOMMU 9
[    0.202790] DMAR-IR: HPET id 0 under DRHD base 0x9b7fc000
[    0.202790] DMAR-IR: Queued invalidation will be enabled to support x2apic and Intr-remapping.
[    0.205296] DMAR-IR: Enabled IRQ remapping in x2apic mode
[    0.207930] ..TIMER: vector=0x30 apic1=0 pin1=2 apic2=-1 pin2=-1
[    0.226672] clocksource: tsc-early: mask: 0xffffffffffffffff max_cycles: 0x39a85c9bff6, max_idle_ns: 881590591483 ns
[    0.226676] Calibrating delay loop (skipped), value calculated using timer frequency.. 4000.00 BogoMIPS (lpj=8000000)
[    0.226678] pid_max: default: 114688 minimum: 896
[    0.230682] LSM: Security Framework initializing
[    0.230698] Yama: becoming mindful.
[    0.231064] AppArmor: AppArmor initialized
[    0.235660] Dentry cache hash table entries: 4194304 (order: 13, 33554432 bytes, vmalloc)
[    0.237951] Inode-cache hash table entries: 2097152 (order: 12, 16777216 bytes, vmalloc)
[    0.238074] Mount-cache hash table entries: 65536 (order: 7, 524288 bytes, vmalloc)
[    0.238146] Mountpoint-cache hash table entries: 65536 (order: 7, 524288 bytes, vmalloc)
[    0.238411] *** VALIDATE proc ***
[    0.238639] *** VALIDATE cgroup1 ***
[    0.238640] *** VALIDATE cgroup2 ***
[    0.238773] x86/tme: not enabled by BIOS
[    0.238775] x86/cpu: User Mode Instruction Prevention (UMIP) activated
[    0.238849] mce: CPU0: Thermal monitoring enabled (TM1)
[    0.239060] process: using mwait in idle threads
[    0.239062] Last level iTLB entries: 4KB 0, 2MB 0, 4MB 0
[    0.239062] Last level dTLB entries: 4KB 0, 2MB 0, 4MB 0, 1GB 0
[    0.239065] Spectre V1 : Mitigation: usercopy/swapgs barriers and __user pointer sanitization
[    0.239066] Spectre V2 : Mitigation: Enhanced IBRS
[    0.239067] Spectre V2 : Spectre v2 / SpectreRSB mitigation: Filling RSB on context switch
[    0.239068] Spectre V2 : mitigation: Enabling conditional Indirect Branch Prediction Barrier
[    0.239069] Speculative Store Bypass: Mitigation: Speculative Store Bypass disabled via prctl and seccomp
[    0.239327] Freeing SMP alternatives memory: 40K
[    0.246718] TSC deadline timer enabled
[    0.246727] smpboot: CPU0: Intel(R) Xeon(R) Gold 6330 CPU @ 2.00GHz (family: 0x6, model: 0x6a, stepping: 0x6)
[    0.246909] Performance Events: PEBS fmt4+-baseline, Icelake events, 32-deep LBR, full-width counters, Intel PMU driver.
[    0.246914] ... version:                5
[    0.246915] ... bit width:              48
[    0.246915] ... generic registers:      8
[    0.246916] ... value mask:             0000ffffffffffff
[    0.246916] ... max period:             00007fffffffffff
[    0.246916] ... fixed-purpose events:   4
[    0.246917] ... event mask:             0000000f000000ff
[    0.247024] rcu: Hierarchical SRCU implementation.
[    0.254425] NMI watchdog: Enabled. Permanently consumes one hw-PMU counter.
[    0.255687] smp: Bringing up secondary CPUs ...
[    0.255803] x86: Booting SMP configuration:
[    0.255804] .... node  #1, CPUs:          #1
[    0.003715] smpboot: CPU 1 Converting physical 0 to logical die 1
[    0.342780] .... node  #0, CPUs:     #2
[    0.348130] .... node  #1, CPUs:     #3
[    0.353510] .... node  #0, CPUs:     #4
[    0.358861] .... node  #1, CPUs:     #5
[    0.364205] .... node  #0, CPUs:     #6
[    0.369753] .... node  #1, CPUs:     #7
[    0.375296] .... node  #0, CPUs:     #8
[    0.380556] .... node  #1, CPUs:     #9
[    0.386248] .... node  #0, CPUs:    #10
[    0.391941] .... node  #1, CPUs:    #11
[    0.397637] .... node  #0, CPUs:    #12
[    0.403126] .... node  #1, CPUs:    #13
[    0.408444] .... node  #0, CPUs:    #14
[    0.413656] .... node  #1, CPUs:    #15
[    0.418941] .... node  #0, CPUs:    #16
[    0.424174] .... node  #1, CPUs:    #17
[    0.429450] .... node  #0, CPUs:    #18
[    0.434843] .... node  #1, CPUs:    #19
[    0.440285] .... node  #0, CPUs:    #20
[    0.445485] .... node  #1, CPUs:    #21
[    0.451048] .... node  #0, CPUs:    #22
[    0.456459] .... node  #1, CPUs:    #23
[    0.461693] .... node  #0, CPUs:    #24
[    0.467299] .... node  #1, CPUs:    #25
[    0.472591] .... node  #0, CPUs:    #26
[    0.477770] .... node  #1, CPUs:    #27
[    0.483024] .... node  #0, CPUs:    #28
[    0.488497] .... node  #1, CPUs:    #29
[    0.493751] .... node  #0, CPUs:    #30
[    0.498924] .... node  #1, CPUs:    #31
[    0.504363] .... node  #0, CPUs:    #32
[    0.509620] .... node  #1, CPUs:    #33
[    0.514940] .... node  #0, CPUs:    #34
[    0.520358] .... node  #1, CPUs:    #35
[    0.525623] .... node  #0, CPUs:    #36
[    0.530827] .... node  #1, CPUs:    #37
[    0.536078] .... node  #0, CPUs:    #38
[    0.541610] .... node  #1, CPUs:    #39
[    0.547101] .... node  #0, CPUs:    #40
[    0.552666] .... node  #1, CPUs:    #41
[    0.558368] .... node  #0, CPUs:    #42
[    0.563636] .... node  #1, CPUs:    #43
[    0.569241] .... node  #0, CPUs:    #44
[    0.574816] .... node  #1, CPUs:    #45
[    0.580017] .... node  #0, CPUs:    #46
[    0.585528] .... node  #1, CPUs:    #47
[    0.590940] .... node  #0, CPUs:    #48
[    0.596237] .... node  #1, CPUs:    #49
[    0.601630] .... node  #0, CPUs:    #50
[    0.607082] .... node  #1, CPUs:    #51
[    0.612685] .... node  #0, CPUs:    #52
[    0.618124] .... node  #1, CPUs:    #53
[    0.623674] .... node  #0, CPUs:    #54
[    0.629352] .... node  #1, CPUs:    #55
[    0.635100] .... node  #0, CPUs:    #56
[    0.640908] .... node  #1, CPUs:    #57
[    0.646781] .... node  #0, CPUs:    #58
[    0.652138] .... node  #1, CPUs:    #59
[    0.657543] .... node  #0, CPUs:    #60
[    0.662887] .... node  #1, CPUs:    #61
[    0.668254] .... node  #0, CPUs:    #62
[    0.673812] .... node  #1, CPUs:    #63
[    0.679380] .... node  #0, CPUs:    #64
[    0.684659] .... node  #1, CPUs:    #65
[    0.690370] .... node  #0, CPUs:    #66
[    0.696068] .... node  #1, CPUs:    #67
[    0.701784] .... node  #0, CPUs:    #68
[    0.707273] .... node  #1, CPUs:    #69
[    0.712605] .... node  #0, CPUs:    #70
[    0.717809] .... node  #1, CPUs:    #71
[    0.723108] .... node  #0, CPUs:    #72
[    0.728356] .... node  #1, CPUs:    #73
[    0.733655] .... node  #0, CPUs:    #74
[    0.738895] .... node  #1, CPUs:    #75
[    0.744511] .... node  #0, CPUs:    #76
[    0.749737] .... node  #1, CPUs:    #77
[    0.755318] .... node  #0, CPUs:    #78
[    0.760742] .... node  #1, CPUs:    #79
[    0.766011] .... node  #0, CPUs:    #80
[    0.771617] .... node  #1, CPUs:    #81
[    0.776947] .... node  #0, CPUs:    #82
[    0.782151] .... node  #1, CPUs:    #83
[    0.787444] .... node  #0, CPUs:    #84
[    0.792939] .... node  #1, CPUs:    #85
[    0.798208] .... node  #0, CPUs:    #86
[    0.803403] .... node  #1, CPUs:    #87
[    0.808869] .... node  #0, CPUs:    #88
[    0.814135] .... node  #1, CPUs:    #89
[    0.819486] .... node  #0, CPUs:    #90
[    0.824903] .... node  #1, CPUs:    #91
[    0.830193] .... node  #0, CPUs:    #92
[    0.835390] .... node  #1, CPUs:    #93
[    0.840686] .... node  #0, CPUs:    #94
[    0.846237] .... node  #1, CPUs:    #95
[    0.851731] .... node  #0, CPUs:    #96
[    0.857315] .... node  #1, CPUs:    #97
[    0.863044] .... node  #0, CPUs:    #98
[    0.868339] .... node  #1, CPUs:    #99
[    0.873976] .... node  #0, CPUs:   #100
[    0.879305] .... node  #1, CPUs:   #101
[    0.884744] .... node  #0, CPUs:   #102
[    0.890269] .... node  #1, CPUs:   #103
[    0.895696] .... node  #0, CPUs:   #104
[    0.901018] .... node  #1, CPUs:   #105
[    0.906429] .... node  #0, CPUs:   #106
[    0.911897] .... node  #1, CPUs:   #107
[    0.917525] .... node  #0, CPUs:   #108
[    0.922966] .... node  #1, CPUs:   #109
[    0.928541] .... node  #0, CPUs:   #110
[    0.934216] .... node  #1, CPUs:   #111
[    0.939994] smp: Brought up 2 nodes, 112 CPUs
[    0.939994] smpboot: Max logical packages: 2
[    0.939994] smpboot: Total of 112 processors activated (448069.46 BogoMIPS)
[    0.949478] devtmpfs: initialized
[    0.949478] x86/mm: Memory block size: 2048MB
[    0.949478] PM: Registering ACPI NVS region [mem 0x49e77000-0x4ae76fff] (16777216 bytes)
[    0.949478] PM: Registering ACPI NVS region [mem 0x6e3ff000-0x6f3fefff] (16777216 bytes)
[    0.949478] clocksource: jiffies: mask: 0xffffffff max_cycles: 0xffffffff, max_idle_ns: 7645041785100000 ns
[    0.950946] futex hash table entries: 32768 (order: 9, 2097152 bytes, vmalloc)
[    0.951534] pinctrl core: initialized pinctrl subsystem
[    0.951659] PM: RTC time: 02:50:50, date: 2024-05-21
[    0.951920] NET: Registered protocol family 16
[    0.952027] audit: initializing netlink subsys (disabled)
[    0.952032] audit: type=2000 audit(1716259849.752:1): state=initialized audit_enabled=0 res=1
[    0.952032] EISA bus registered
[    0.952032] cpuidle: using governor ladder
[    0.952032] cpuidle: using governor menu
[    0.952032] ACPI FADT declares the system doesn't support PCIe ASPM, so disable it
[    0.952032] ACPI: bus type PCI registered
[    0.952032] acpiphp: ACPI Hot Plug PCI Controller Driver version: 0.5
[    0.952032] PCI: MMCONFIG for domain 0000 [bus 00-ff] at [mem 0x80000000-0x8fffffff] (base 0x80000000)
[    0.952032] PCI: MMCONFIG at [mem 0x80000000-0x8fffffff] reserved in E820
[    0.952032] pmd_set_huge: Cannot satisfy [mem 0x80000000-0x80200000] with a huge-page mapping due to MTRR override.
[    0.952032] PCI: Using configuration type 1 for base access
[    0.952032] PCI: Dell System detected, enabling pci=bfsort.
[    0.954678] ENERGY_PERF_BIAS: Set to 'normal', was 'performance'
[    0.958969] HugeTLB registered 1.00 GiB page size, pre-allocated 0 pages
[    0.958969] HugeTLB registered 2.00 MiB page size, pre-allocated 0 pages
[    0.962693] ACPI: Added _OSI(Module Device)
[    0.962693] ACPI: Added _OSI(Processor Device)
[    0.962693] ACPI: Added _OSI(3.0 _SCP Extensions)
[    0.962693] ACPI: Added _OSI(Processor Aggregator Device)
[    0.962693] ACPI: Added _OSI(Linux-Dell-Video)
[    0.962693] ACPI: Added _OSI(Linux-Lenovo-NV-HDMI-Audio)
[    0.962693] ACPI: Added _OSI(Linux-HPI-Hybrid-Graphics)
[    1.129331] ACPI: 8 ACPI AML tables successfully acquired and loaded
[    1.136422] ACPI: [Firmware Bug]: BIOS _OSI(Linux) query ignored
[    1.143084] ACPI: Dynamic OEM Table Load:
[    1.538506] ACPI: Interpreter enabled
[    1.538525] ACPI: (supports S0 S5)
[    1.538526] ACPI: Using IOAPIC for interrupt routing
[    1.538611] HEST: Table parsing has been initialized.
[    1.538614] PCI: Using host bridge windows from ACPI; if necessary, use "pci=nocrs" and report a bug
[    1.567456] ACPI: Enabled 4 GPEs in block 00 to 7F
[    1.692140] ACPI: PCI Root Bridge [PC00] (domain 0000 [bus 00-15])
[    1.692144] acpi PNP0A08:00: _OSC: OS supports [ExtendedConfig ASPM ClockPM Segments MSI HPX-Type3]
[    1.692221] acpi PNP0A08:00: PCIe AER handled by firmware
[    1.692333] acpi PNP0A08:00: _OSC: platform does not support [SHPCHotplug LTR]
[    1.692542] acpi PNP0A08:00: _OSC: OS now controls [PCIeHotplug PME PCIeCapability]
[    1.692543] acpi PNP0A08:00: FADT indicates ASPM is unsupported, using BIOS configuration
[    1.694379] PCI host bridge to bus 0000:00
[    1.694380] pci_bus 0000:00: root bus resource [io  0x0000-0x0cf7 window]
[    1.694381] pci_bus 0000:00: root bus resource [io  0x1000-0x4fff window]
[    1.694382] pci_bus 0000:00: root bus resource [mem 0x000a0000-0x000bffff window]
[    1.694383] pci_bus 0000:00: root bus resource [mem 0x000c8000-0x000cffff window]
[    1.694384] pci_bus 0000:00: root bus resource [mem 0xfe010000-0xfe010fff window]
[    1.694384] pci_bus 0000:00: root bus resource [mem 0x90000000-0x9b7fffff window]
[    1.694385] pci_bus 0000:00: root bus resource [mem 0x200000000000-0x20ffffffffff window]
[    1.694386] pci_bus 0000:00: root bus resource [bus 00-15]
[    1.694396] pci 0000:00:00.0: [8086:09a2] type 00 class 0x088000
[    1.695149] pci 0000:00:00.1: [8086:09a4] type 00 class 0x088000
[    1.695885] pci 0000:00:00.2: [8086:09a3] type 00 class 0x088000
[    1.696621] pci 0000:00:00.4: [8086:0998] type 00 class 0x060000
[    1.697357] pci 0000:00:02.0: [8086:09a6] type 00 class 0x088000
[    1.697366] pci 0000:00:02.0: reg 0x10: [mem 0x92dfc000-0x92dfdfff]
[    1.698093] pci 0000:00:02.1: [8086:09a7] type 00 class 0x088000
[    1.698102] pci 0000:00:02.1: reg 0x10: [mem 0x92d00000-0x92d7ffff]
[    1.698107] pci 0000:00:02.1: reg 0x14: [mem 0x92c80000-0x92cfffff]
[    1.698834] pci 0000:00:02.4: [8086:3456] type 00 class 0x130000
[    1.698845] pci 0000:00:02.4: reg 0x10: [mem 0x92a00000-0x92afffff 64bit]
[    1.698852] pci 0000:00:02.4: reg 0x18: [mem 0x92df0000-0x92df3fff 64bit]
[    1.698859] pci 0000:00:02.4: reg 0x20: [mem 0x92dc0000-0x92ddffff 64bit]
[    1.699597] pci 0000:00:11.0: [8086:a1ec] type 00 class 0xff0000
[    1.700398] pci 0000:00:11.5: [8086:a1d2] type 00 class 0x010601
[    1.700415] pci 0000:00:11.5: reg 0x10: [mem 0x92dfa000-0x92dfbfff]
[    1.700422] pci 0000:00:11.5: reg 0x14: [mem 0x92e05000-0x92e050ff]
[    1.700429] pci 0000:00:11.5: reg 0x18: [io  0x2068-0x206f]
[    1.700436] pci 0000:00:11.5: reg 0x1c: [io  0x2074-0x2077]
[    1.700443] pci 0000:00:11.5: reg 0x20: [io  0x2040-0x205f]
[    1.700450] pci 0000:00:11.5: reg 0x24: [mem 0x92b80000-0x92bfffff]
[    1.700489] pci 0000:00:11.5: PME# supported from D3hot
[    1.701238] pci 0000:00:14.0: [8086:a1af] type 00 class 0x0c0330
[    1.701259] pci 0000:00:14.0: reg 0x10: [mem 0x92de0000-0x92deffff 64bit]
[    1.701323] pci 0000:00:14.0: PME# supported from D3hot D3cold
[    1.702070] pci 0000:00:14.2: [8086:a1b1] type 00 class 0x118000
[    1.702090] pci 0000:00:14.2: reg 0x10: [mem 0x92e02000-0x92e02fff 64bit]
[    1.702864] pci 0000:00:16.0: [8086:a1ba] type 00 class 0x078000
[    1.702892] pci 0000:00:16.0: reg 0x10: [mem 0x92e01000-0x92e01fff 64bit]
[    1.702975] pci 0000:00:16.0: PME# supported from D3hot
[    1.703690] pci 0000:00:16.1: [8086:a1bb] type 00 class 0x078000
[    1.703718] pci 0000:00:16.1: reg 0x10: [mem 0x92e00000-0x92e00fff 64bit]
[    1.703802] pci 0000:00:16.1: PME# supported from D3hot
[    1.704518] pci 0000:00:16.4: [8086:a1be] type 00 class 0x078000
[    1.704546] pci 0000:00:16.4: reg 0x10: [mem 0x92dff000-0x92dfffff 64bit]
[    1.704630] pci 0000:00:16.4: PME# supported from D3hot
[    1.705346] pci 0000:00:17.0: [8086:a182] type 00 class 0x010601
[    1.705362] pci 0000:00:17.0: reg 0x10: [mem 0x92df8000-0x92df9fff]
[    1.705369] pci 0000:00:17.0: reg 0x14: [mem 0x92e04000-0x92e040ff]
[    1.705376] pci 0000:00:17.0: reg 0x18: [io  0x2060-0x2067]
[    1.705383] pci 0000:00:17.0: reg 0x1c: [io  0x2070-0x2073]
[    1.705390] pci 0000:00:17.0: reg 0x20: [io  0x2020-0x203f]
[    1.705397] pci 0000:00:17.0: reg 0x24: [mem 0x92b00000-0x92b7ffff]
[    1.705434] pci 0000:00:17.0: PME# supported from D3hot
[    1.706183] pci 0000:00:1c.0: [8086:a190] type 01 class 0x060400
[    1.706261] pci 0000:00:1c.0: PME# supported from D0 D3hot D3cold
[    1.707054] pci 0000:00:1c.4: [8086:a194] type 01 class 0x060400
[    1.707126] pci 0000:00:1c.4: PME# supported from D0 D3hot D3cold
[    1.707905] pci 0000:00:1c.5: [8086:a195] type 01 class 0x060400
[    1.707978] pci 0000:00:1c.5: PME# supported from D0 D3hot D3cold
[    1.708764] pci 0000:00:1f.0: [8086:a1cb] type 00 class 0x060100
[    1.709597] pci 0000:00:1f.2: [8086:a1a1] type 00 class 0x058000
[    1.709613] pci 0000:00:1f.2: reg 0x10: [mem 0x92df4000-0x92df7fff]
[    1.710393] pci 0000:00:1f.4: [8086:a1a3] type 00 class 0x0c0500
[    1.710412] pci 0000:00:1f.4: reg 0x10: [mem 0x92dfe000-0x92dfe0ff 64bit]
[    1.710435] pci 0000:00:1f.4: reg 0x20: [io  0x2000-0x201f]
[    1.711155] pci 0000:00:1f.5: [8086:a1a4] type 00 class 0x0c8000
[    1.711171] pci 0000:00:1f.5: reg 0x10: [mem 0xfe010000-0xfe010fff]
[    1.711957] pci 0000:00:1c.0: PCI bridge to [bus 01]
[    1.712005] pci 0000:02:00.0: [1556:be00] type 01 class 0x060400
[    1.712173] pci 0000:00:1c.4: PCI bridge to [bus 02-03]
[    1.712176] pci 0000:00:1c.4:   bridge window [mem 0x92000000-0x928fffff]
[    1.712180] pci 0000:00:1c.4:   bridge window [mem 0x91000000-0x91ffffff 64bit pref]
[    1.712212] pci_bus 0000:03: extended config space not accessible
[    1.712229] pci 0000:03:00.0: [102b:0536] type 00 class 0x030000
[    1.712248] pci 0000:03:00.0: reg 0x10: [mem 0x91000000-0x91ffffff pref]
[    1.712258] pci 0000:03:00.0: reg 0x14: [mem 0x92808000-0x9280bfff]
[    1.712269] pci 0000:03:00.0: reg 0x18: [mem 0x92000000-0x927fffff]
[    1.712316] pci 0000:03:00.0: BAR 0: assigned to efifb
[    1.712410] pci 0000:02:00.0: PCI bridge to [bus 03]
[    1.712418] pci 0000:02:00.0:   bridge window [mem 0x92000000-0x928fffff]
[    1.712424] pci 0000:02:00.0:   bridge window [mem 0x91000000-0x91ffffff 64bit pref]
[    1.712490] pci 0000:04:00.0: [14e4:165f] type 00 class 0x020000
[    1.712522] pci 0000:04:00.0: reg 0x10: [mem 0x92930000-0x9293ffff 64bit pref]
[    1.712537] pci 0000:04:00.0: reg 0x18: [mem 0x92940000-0x9294ffff 64bit pref]
[    1.712552] pci 0000:04:00.0: reg 0x20: [mem 0x92950000-0x9295ffff 64bit pref]
[    1.712563] pci 0000:04:00.0: reg 0x30: [mem 0xfffc0000-0xffffffff pref]
[    1.712654] pci 0000:04:00.0: PME# supported from D0 D3hot D3cold
[    1.712693] pci 0000:04:00.0: 4.000 Gb/s available PCIe bandwidth, limited by 5 GT/s x1 link at 0000:00:1c.5 (capable of 8.000 Gb/s with 5 GT/s x2 link)
[    1.712817] pci 0000:04:00.1: [14e4:165f] type 00 class 0x020000
[    1.712849] pci 0000:04:00.1: reg 0x10: [mem 0x92900000-0x9290ffff 64bit pref]
[    1.712864] pci 0000:04:00.1: reg 0x18: [mem 0x92910000-0x9291ffff 64bit pref]
[    1.712879] pci 0000:04:00.1: reg 0x20: [mem 0x92920000-0x9292ffff 64bit pref]
[    1.712889] pci 0000:04:00.1: reg 0x30: [mem 0xfffc0000-0xffffffff pref]
[    1.712981] pci 0000:04:00.1: PME# supported from D0 D3hot D3cold
[    1.713129] pci 0000:00:1c.5: PCI bridge to [bus 04]
[    1.713135] pci 0000:00:1c.5:   bridge window [mem 0x92900000-0x929fffff 64bit pref]
[    1.713149] pci_bus 0000:00: on NUMA node 0
[    1.713695] ACPI: PCI Root Bridge [PC01] (domain 0000 [bus 16-2f])
[    1.713697] acpi PNP0A08:01: _OSC: OS supports [ExtendedConfig ASPM ClockPM Segments MSI HPX-Type3]
[    1.713796] acpi PNP0A08:01: PCIe AER handled by firmware
[    1.713904] acpi PNP0A08:01: _OSC: platform does not support [SHPCHotplug]
[    1.714111] acpi PNP0A08:01: _OSC: OS now controls [PCIeHotplug PME PCIeCapability LTR]
[    1.714112] acpi PNP0A08:01: FADT indicates ASPM is unsupported, using BIOS configuration
[    1.714235] PCI host bridge to bus 0000:16
[    1.714236] pci_bus 0000:16: root bus resource [io  0x5000-0x6fff window]
[    1.714237] pci_bus 0000:16: root bus resource [mem 0x9b800000-0xa63fffff window]
[    1.714238] pci_bus 0000:16: root bus resource [mem 0x210000000000-0x21ffffffffff window]
[    1.714239] pci_bus 0000:16: root bus resource [bus 16-2f]
[    1.714246] pci 0000:16:00.0: [8086:09a2] type 00 class 0x088000
[    1.714312] pci 0000:16:00.1: [8086:09a4] type 00 class 0x088000
[    1.714375] pci 0000:16:00.2: [8086:09a3] type 00 class 0x088000
[    1.714437] pci 0000:16:00.4: [8086:0998] type 00 class 0x060000
[    1.714499] pci 0000:16:02.0: [8086:347a] type 01 class 0x060400
[    1.714512] pci 0000:16:02.0: reg 0x10: [mem 0x21fffff00000-0x21fffff1ffff 64bit]
[    1.714548] pci 0000:16:02.0: PME# supported from D0 D3hot D3cold
[    1.714847] pci 0000:17:00.0: [1000:10e2] type 00 class 0x010400
[    1.714868] pci 0000:17:00.0: reg 0x10: [mem 0x9b800000-0x9b8fffff 64bit pref]
[    1.714875] pci 0000:17:00.0: reg 0x18: [mem 0x9b900000-0x9b9fffff 64bit pref]
[    1.714881] pci 0000:17:00.0: reg 0x20: [mem 0x9ba00000-0x9bafffff]
[    1.714886] pci 0000:17:00.0: reg 0x24: [io  0x5000-0x50ff]
[    1.714891] pci 0000:17:00.0: reg 0x30: [mem 0xfff00000-0xffffffff pref]
[    1.716105] pci 0000:17:00.0: supports D1 D2
[    1.716155] pci 0000:16:02.0: PCI bridge to [bus 17]
[    1.716157] pci 0000:16:02.0:   bridge window [io  0x5000-0x5fff]
[    1.716158] pci 0000:16:02.0:   bridge window [mem 0x9ba00000-0x9bafffff]
[    1.716161] pci 0000:16:02.0:   bridge window [mem 0x9b800000-0x9b9fffff 64bit pref]
[    1.716166] pci_bus 0000:16: on NUMA node 0
[    1.716230] ACPI: PCI Root Bridge [PC02] (domain 0000 [bus 30-49])
[    1.716233] acpi PNP0A08:02: _OSC: OS supports [ExtendedConfig ASPM ClockPM Segments MSI HPX-Type3]
[    1.716327] acpi PNP0A08:02: PCIe AER handled by firmware
[    1.716433] acpi PNP0A08:02: _OSC: platform does not support [SHPCHotplug]
[    1.716634] acpi PNP0A08:02: _OSC: OS now controls [PCIeHotplug PME PCIeCapability LTR]
[    1.716635] acpi PNP0A08:02: FADT indicates ASPM is unsupported, using BIOS configuration
[    1.716750] PCI host bridge to bus 0000:30
[    1.716751] pci_bus 0000:30: root bus resource [io  0x7000-0x8fff window]
[    1.716752] pci_bus 0000:30: root bus resource [mem 0xa6400000-0xb0ffffff window]
[    1.716753] pci_bus 0000:30: root bus resource [mem 0x220000000000-0x22ffffffffff window]
[    1.716753] pci_bus 0000:30: root bus resource [bus 30-49]
[    1.716760] pci 0000:30:00.0: [8086:09a2] type 00 class 0x088000
[    1.716825] pci 0000:30:00.1: [8086:09a4] type 00 class 0x088000
[    1.716886] pci 0000:30:00.2: [8086:09a3] type 00 class 0x088000
[    1.716948] pci 0000:30:00.4: [8086:0998] type 00 class 0x060000
[    1.717018] pci_bus 0000:30: on NUMA node 0
[    1.717105] ACPI: PCI Root Bridge [PC04] (domain 0000 [bus 4a-63])
[    1.717107] acpi PNP0A08:04: _OSC: OS supports [ExtendedConfig ASPM ClockPM Segments MSI HPX-Type3]
[    1.717198] acpi PNP0A08:04: PCIe AER handled by firmware
[    1.717302] acpi PNP0A08:04: _OSC: platform does not support [SHPCHotplug]
[    1.717501] acpi PNP0A08:04: _OSC: OS now controls [PCIeHotplug PME PCIeCapability LTR]
[    1.717502] acpi PNP0A08:04: FADT indicates ASPM is unsupported, using BIOS configuration
[    1.717611] PCI host bridge to bus 0000:4a
[    1.717612] pci_bus 0000:4a: root bus resource [io  0x9000-0x9fff window]
[    1.717613] pci_bus 0000:4a: root bus resource [mem 0xb1000000-0xbbbfffff window]
[    1.717614] pci_bus 0000:4a: root bus resource [mem 0x230000000000-0x23ffffffffff window]
[    1.717615] pci_bus 0000:4a: root bus resource [bus 4a-63]
[    1.717621] pci 0000:4a:00.0: [8086:09a2] type 00 class 0x088000
[    1.717685] pci 0000:4a:00.1: [8086:09a4] type 00 class 0x088000
[    1.717744] pci 0000:4a:00.2: [8086:09a3] type 00 class 0x088000
[    1.717812] pci 0000:4a:00.4: [8086:0998] type 00 class 0x060000
[    1.717882] pci_bus 0000:4a: on NUMA node 0
[    1.717942] ACPI: PCI Root Bridge [PC05] (domain 0000 [bus 64-7d])
[    1.717944] acpi PNP0A08:05: _OSC: OS supports [ExtendedConfig ASPM ClockPM Segments MSI HPX-Type3]
[    1.718033] acpi PNP0A08:05: PCIe AER handled by firmware
[    1.718137] acpi PNP0A08:05: _OSC: platform does not support [SHPCHotplug]
[    1.718336] acpi PNP0A08:05: _OSC: OS now controls [PCIeHotplug PME PCIeCapability LTR]
[    1.718337] acpi PNP0A08:05: FADT indicates ASPM is unsupported, using BIOS configuration
[    1.718446] PCI host bridge to bus 0000:64
[    1.718447] pci_bus 0000:64: root bus resource [io  0xa000-0xafff window]
[    1.718448] pci_bus 0000:64: root bus resource [mem 0xbbc00000-0xc5ffffff window]
[    1.718449] pci_bus 0000:64: root bus resource [mem 0x240000000000-0x24ffffffffff window]
[    1.718449] pci_bus 0000:64: root bus resource [bus 64-7d]
[    1.718456] pci 0000:64:00.0: [8086:09a2] type 00 class 0x088000
[    1.718519] pci 0000:64:00.1: [8086:09a4] type 00 class 0x088000
[    1.718583] pci 0000:64:00.2: [8086:09a3] type 00 class 0x088000
[    1.718643] pci 0000:64:00.4: [8086:0998] type 00 class 0x060000
[    1.718714] pci_bus 0000:64: on NUMA node 0
[    1.718770] ACPI: PCI Root Bridge [UC06] (domain 0000 [bus 7e])
[    1.718772] acpi PNP0A03:00: _OSC: OS supports [ExtendedConfig ASPM ClockPM Segments MSI HPX-Type3]
[    1.718847] acpi PNP0A03:00: PCIe AER handled by firmware
[    1.718940] acpi PNP0A03:00: _OSC: platform does not support [SHPCHotplug LTR]
[    1.719108] acpi PNP0A03:00: _OSC: OS now controls [PCIeHotplug PME PCIeCapability]
[    1.719108] acpi PNP0A03:00: FADT indicates ASPM is unsupported, using BIOS configuration
[    1.719241] PCI host bridge to bus 0000:7e
[    1.719242] pci_bus 0000:7e: root bus resource [bus 7e]
[    1.719248] pci 0000:7e:00.0: [8086:3450] type 00 class 0x088000
[    1.719317] pci 0000:7e:00.1: [8086:3451] type 00 class 0x088000
[    1.719381] pci 0000:7e:00.2: [8086:3452] type 00 class 0x088000
[    1.719453] pci 0000:7e:00.3: [8086:0998] type 00 class 0x060000
[    1.719517] pci 0000:7e:00.5: [8086:3455] type 00 class 0x088000
[    1.719586] pci 0000:7e:02.0: [8086:3440] type 00 class 0x088000
[    1.719708] pci 0000:7e:02.1: [8086:3441] type 00 class 0x088000
[    1.719821] pci 0000:7e:02.2: [8086:3442] type 00 class 0x088000
[    1.719936] pci 0000:7e:03.0: [8086:3440] type 00 class 0x088000
[    1.720024] pci 0000:7e:03.1: [8086:3441] type 00 class 0x088000
[    1.720105] pci 0000:7e:03.2: [8086:3442] type 00 class 0x088000
[    1.720199] pci 0000:7e:04.0: [8086:3440] type 00 class 0x088000
[    1.720325] pci 0000:7e:04.1: [8086:3441] type 00 class 0x088000
[    1.720446] pci 0000:7e:04.2: [8086:3442] type 00 class 0x088000
[    1.720568] pci 0000:7e:04.3: [8086:3443] type 00 class 0x088000
[    1.720693] pci 0000:7e:05.0: [8086:3445] type 00 class 0x088000
[    1.720812] pci 0000:7e:05.1: [8086:3446] type 00 class 0x088000
[    1.720938] pci 0000:7e:05.2: [8086:3447] type 00 class 0x088000
[    1.721056] pci 0000:7e:06.0: [8086:3445] type 00 class 0x088000
[    1.721151] pci 0000:7e:06.1: [8086:3446] type 00 class 0x088000
[    1.721236] pci 0000:7e:06.2: [8086:3447] type 00 class 0x088000
[    1.721328] pci 0000:7e:07.0: [8086:3445] type 00 class 0x088000
[    1.721455] pci 0000:7e:07.1: [8086:3446] type 00 class 0x088000
[    1.721580] pci 0000:7e:07.2: [8086:3447] type 00 class 0x088000
[    1.721704] pci 0000:7e:0b.0: [8086:3448] type 00 class 0x088000
[    1.721779] pci 0000:7e:0b.1: [8086:3448] type 00 class 0x088000
[    1.721852] pci 0000:7e:0b.2: [8086:344b] type 00 class 0x088000
[    1.721934] pci 0000:7e:0c.0: [8086:344a] type 00 class 0x110100
[    1.722033] pci 0000:7e:0d.0: [8086:344a] type 00 class 0x110100
[    1.722126] pci 0000:7e:0e.0: [8086:344a] type 00 class 0x110100
[    1.722275] pci 0000:7e:0f.0: [8086:344a] type 00 class 0x110100
[    1.722436] pci 0000:7e:1a.0: [8086:2880] type 00 class 0x110100
[    1.722532] pci 0000:7e:1b.0: [8086:2880] type 00 class 0x110100
[    1.722625] pci 0000:7e:1c.0: [8086:2880] type 00 class 0x110100
[    1.722779] pci 0000:7e:1d.0: [8086:2880] type 00 class 0x110100
[    1.722943] pci_bus 0000:7e: on NUMA node 0
[    1.723020] ACPI: PCI Root Bridge [UC07] (domain 0000 [bus 7f])
[    1.723022] acpi PNP0A03:01: _OSC: OS supports [ExtendedConfig ASPM ClockPM Segments MSI HPX-Type3]
[    1.723101] acpi PNP0A03:01: PCIe AER handled by firmware
[    1.723191] acpi PNP0A03:01: _OSC: platform does not support [SHPCHotplug LTR]
[    1.723362] acpi PNP0A03:01: _OSC: OS now controls [PCIeHotplug PME PCIeCapability]
[    1.723362] acpi PNP0A03:01: FADT indicates ASPM is unsupported, using BIOS configuration
[    1.723507] PCI host bridge to bus 0000:7f
[    1.723508] pci_bus 0000:7f: root bus resource [bus 7f]
[    1.723517] pci 0000:7f:00.0: [8086:344c] type 00 class 0x088000
[    1.723626] pci 0000:7f:00.1: [8086:344c] type 00 class 0x088000
[    1.723744] pci 0000:7f:00.2: [8086:344c] type 00 class 0x088000
[    1.723867] pci 0000:7f:00.3: [8086:344c] type 00 class 0x088000
[    1.723963] pci 0000:7f:00.4: [8086:344c] type 00 class 0x088000
[    1.724091] pci 0000:7f:00.5: [8086:344c] type 00 class 0x088000
[    1.724215] pci 0000:7f:00.6: [8086:344c] type 00 class 0x088000
[    1.724300] pci 0000:7f:00.7: [8086:344c] type 00 class 0x088000
[    1.724396] pci 0000:7f:01.0: [8086:344c] type 00 class 0x088000
[    1.724532] pci 0000:7f:01.1: [8086:344c] type 00 class 0x088000
[    1.724659] pci 0000:7f:01.2: [8086:344c] type 00 class 0x088000
[    1.724746] pci 0000:7f:01.3: [8086:344c] type 00 class 0x088000
[    1.724885] pci 0000:7f:01.4: [8086:344c] type 00 class 0x088000
[    1.725022] pci 0000:7f:01.5: [8086:344c] type 00 class 0x088000
[    1.725165] pci 0000:7f:01.6: [8086:344c] type 00 class 0x088000
[    1.725294] pci 0000:7f:01.7: [8086:344c] type 00 class 0x088000
[    1.725431] pci 0000:7f:02.0: [8086:344c] type 00 class 0x088000
[    1.725570] pci 0000:7f:02.1: [8086:344c] type 00 class 0x088000
[    1.725708] pci 0000:7f:02.2: [8086:344c] type 00 class 0x088000
[    1.725845] pci 0000:7f:02.3: [8086:344c] type 00 class 0x088000
[    1.725990] pci 0000:7f:02.4: [8086:344c] type 00 class 0x088000
[    1.726133] pci 0000:7f:02.5: [8086:344c] type 00 class 0x088000
[    1.726275] pci 0000:7f:02.6: [8086:344c] type 00 class 0x088000
[    1.726430] pci 0000:7f:02.7: [8086:344c] type 00 class 0x088000
[    1.726588] pci 0000:7f:03.0: [8086:344c] type 00 class 0x088000
[    1.726740] pci 0000:7f:03.1: [8086:344c] type 00 class 0x088000
[    1.726899] pci 0000:7f:03.2: [8086:344c] type 00 class 0x088000
[    1.727054] pci 0000:7f:03.3: [8086:344c] type 00 class 0x088000
[    1.727219] pci 0000:7f:0a.0: [8086:344d] type 00 class 0x088000
[    1.727328] pci 0000:7f:0a.1: [8086:344d] type 00 class 0x088000
[    1.727447] pci 0000:7f:0a.2: [8086:344d] type 00 class 0x088000
[    1.727565] pci 0000:7f:0a.3: [8086:344d] type 00 class 0x088000
[    1.727668] pci 0000:7f:0a.4: [8086:344d] type 00 class 0x088000
[    1.727796] pci 0000:7f:0a.5: [8086:344d] type 00 class 0x088000
[    1.727919] pci 0000:7f:0a.6: [8086:344d] type 00 class 0x088000
[    1.728006] pci 0000:7f:0a.7: [8086:344d] type 00 class 0x088000
[    1.728097] pci 0000:7f:0b.0: [8086:344d] type 00 class 0x088000
[    1.728232] pci 0000:7f:0b.1: [8086:344d] type 00 class 0x088000
[    1.728361] pci 0000:7f:0b.2: [8086:344d] type 00 class 0x088000
[    1.728448] pci 0000:7f:0b.3: [8086:344d] type 00 class 0x088000
[    1.728591] pci 0000:7f:0b.4: [8086:344d] type 00 class 0x088000
[    1.728731] pci 0000:7f:0b.5: [8086:344d] type 00 class 0x088000
[    1.728874] pci 0000:7f:0b.6: [8086:344d] type 00 class 0x088000
[    1.729001] pci 0000:7f:0b.7: [8086:344d] type 00 class 0x088000
[    1.729137] pci 0000:7f:0c.0: [8086:344d] type 00 class 0x088000
[    1.729277] pci 0000:7f:0c.1: [8086:344d] type 00 class 0x088000
[    1.729413] pci 0000:7f:0c.2: [8086:344d] type 00 class 0x088000
[    1.729552] pci 0000:7f:0c.3: [8086:344d] type 00 class 0x088000
[    1.729704] pci 0000:7f:0c.4: [8086:344d] type 00 class 0x088000
[    1.729846] pci 0000:7f:0c.5: [8086:344d] type 00 class 0x088000
[    1.729990] pci 0000:7f:0c.6: [8086:344d] type 00 class 0x088000
[    1.730144] pci 0000:7f:0c.7: [8086:344d] type 00 class 0x088000
[    1.730295] pci 0000:7f:0d.0: [8086:344d] type 00 class 0x088000
[    1.730448] pci 0000:7f:0d.1: [8086:344d] type 00 class 0x088000
[    1.730607] pci 0000:7f:0d.2: [8086:344d] type 00 class 0x088000
[    1.730762] pci 0000:7f:0d.3: [8086:344d] type 00 class 0x088000
[    1.730941] pci 0000:7f:1d.0: [8086:344f] type 00 class 0x088000
[    1.731059] pci 0000:7f:1d.1: [8086:3457] type 00 class 0x088000
[    1.731175] pci 0000:7f:1e.0: [8086:3458] type 00 class 0x088000
[    1.731251] pci 0000:7f:1e.1: [8086:3459] type 00 class 0x088000
[    1.731326] pci 0000:7f:1e.2: [8086:345a] type 00 class 0x088000
[    1.731399] pci 0000:7f:1e.3: [8086:345b] type 00 class 0x088000
[    1.731474] pci 0000:7f:1e.4: [8086:345c] type 00 class 0x088000
[    1.731548] pci 0000:7f:1e.5: [8086:345d] type 00 class 0x088000
[    1.731626] pci 0000:7f:1e.6: [8086:345e] type 00 class 0x088000
[    1.731699] pci 0000:7f:1e.7: [8086:345f] type 00 class 0x088000
[    1.731771] pci_bus 0000:7f: on NUMA node 0
[    1.731860] ACPI: PCI Root Bridge [PC06] (domain 0000 [bus 80])
[    1.731862] acpi PNP0A08:06: _OSC: OS supports [ExtendedConfig ASPM ClockPM Segments MSI HPX-Type3]
[    1.731955] acpi PNP0A08:06: PCIe AER handled by firmware
[    1.732062] acpi PNP0A08:06: _OSC: platform does not support [SHPCHotplug]
[    1.732262] acpi PNP0A08:06: _OSC: OS now controls [PCIeHotplug PME PCIeCapability LTR]
[    1.732263] acpi PNP0A08:06: FADT indicates ASPM is unsupported, using BIOS configuration
[    1.732406] PCI host bridge to bus 0000:80
[    1.732407] pci_bus 0000:80: root bus resource [io  0xb000-0xbfff window]
[    1.732408] pci_bus 0000:80: root bus resource [mem 0xc6800000-0xd0ffffff window]
[    1.732409] pci_bus 0000:80: root bus resource [mem 0x250000000000-0x25ffffffffff window]
[    1.732410] pci_bus 0000:80: root bus resource [bus 80]
[    1.732417] pci 0000:80:00.0: [8086:09a2] type 00 class 0x088000
[    1.732496] pci 0000:80:00.1: [8086:09a4] type 00 class 0x088000
[    1.732577] pci 0000:80:00.2: [8086:09a3] type 00 class 0x088000
[    1.732654] pci 0000:80:00.4: [8086:0998] type 00 class 0x060000
[    1.732731] pci 0000:80:02.0: [8086:09a6] type 00 class 0x088000
[    1.732740] pci 0000:80:02.0: reg 0x10: [mem 0xc6aa4000-0xc6aa5fff]
[    1.732805] pci 0000:80:02.1: [8086:09a7] type 00 class 0x088000
[    1.732814] pci 0000:80:02.1: reg 0x10: [mem 0xc6a00000-0xc6a7ffff]
[    1.732819] pci 0000:80:02.1: reg 0x14: [mem 0xc6980000-0xc69fffff]
[    1.732886] pci 0000:80:02.4: [8086:3456] type 00 class 0x130000
[    1.732897] pci 0000:80:02.4: reg 0x10: [mem 0xc6800000-0xc68fffff 64bit]
[    1.732904] pci 0000:80:02.4: reg 0x18: [mem 0xc6aa0000-0xc6aa3fff 64bit]
[    1.732911] pci 0000:80:02.4: reg 0x20: [mem 0xc6a80000-0xc6a9ffff 64bit]
[    1.732971] pci_bus 0000:80: on NUMA node 1
[    1.733038] ACPI: PCI Root Bridge [PC07] (domain 0000 [bus 81])
[    1.733040] acpi PNP0A08:07: _OSC: OS supports [ExtendedConfig ASPM ClockPM Segments MSI HPX-Type3]
[    1.733130] acpi PNP0A08:07: PCIe AER handled by firmware
[    1.733235] acpi PNP0A08:07: _OSC: platform does not support [SHPCHotplug]
[    1.733435] acpi PNP0A08:07: _OSC: OS now controls [PCIeHotplug PME PCIeCapability LTR]
[    1.733435] acpi PNP0A08:07: FADT indicates ASPM is unsupported, using BIOS configuration
[    1.733549] PCI host bridge to bus 0000:81
[    1.733550] pci_bus 0000:81: root bus resource [io  0xc000-0xcfff window]
[    1.733551] pci_bus 0000:81: root bus resource [mem 0xd1000000-0xdbbfffff window]
[    1.733551] pci_bus 0000:81: root bus resource [mem 0x260000000000-0x26ffffffffff window]
[    1.733552] pci_bus 0000:81: root bus resource [bus 81]
[    1.733559] pci 0000:81:00.0: [8086:09a2] type 00 class 0x088000
[    1.733627] pci 0000:81:00.1: [8086:09a4] type 00 class 0x088000
[    1.733692] pci 0000:81:00.2: [8086:09a3] type 00 class 0x088000
[    1.733760] pci 0000:81:00.4: [8086:0998] type 00 class 0x060000
[    1.733839] pci_bus 0000:81: on NUMA node 1
[    1.733901] ACPI: PCI Root Bridge [PC08] (domain 0000 [bus 82])
[    1.733903] acpi PNP0A08:08: _OSC: OS supports [ExtendedConfig ASPM ClockPM Segments MSI HPX-Type3]
[    1.733993] acpi PNP0A08:08: PCIe AER handled by firmware
[    1.734098] acpi PNP0A08:08: _OSC: platform does not support [SHPCHotplug]
[    1.734298] acpi PNP0A08:08: _OSC: OS now controls [PCIeHotplug PME PCIeCapability LTR]
[    1.734298] acpi PNP0A08:08: FADT indicates ASPM is unsupported, using BIOS configuration
[    1.734409] PCI host bridge to bus 0000:82
[    1.734410] pci_bus 0000:82: root bus resource [io  0xd000-0xdfff window]
[    1.734411] pci_bus 0000:82: root bus resource [mem 0xdbc00000-0xe67fffff window]
[    1.734412] pci_bus 0000:82: root bus resource [mem 0x270000000000-0x27ffffffffff window]
[    1.734412] pci_bus 0000:82: root bus resource [bus 82]
[    1.734419] pci 0000:82:00.0: [8086:09a2] type 00 class 0x088000
[    1.734488] pci 0000:82:00.1: [8086:09a4] type 00 class 0x088000
[    1.734555] pci 0000:82:00.2: [8086:09a3] type 00 class 0x088000
[    1.734626] pci 0000:82:00.4: [8086:0998] type 00 class 0x060000
[    1.734707] pci_bus 0000:82: on NUMA node 1
[    1.734793] ACPI: PCI Root Bridge [PC10] (domain 0000 [bus 83-f9])
[    1.734795] acpi PNP0A08:0a: _OSC: OS supports [ExtendedConfig ASPM ClockPM Segments MSI HPX-Type3]
[    1.734889] acpi PNP0A08:0a: PCIe AER handled by firmware
[    1.734993] acpi PNP0A08:0a: _OSC: platform does not support [SHPCHotplug]
[    1.735192] acpi PNP0A08:0a: _OSC: OS now controls [PCIeHotplug PME PCIeCapability LTR]
[    1.735193] acpi PNP0A08:0a: FADT indicates ASPM is unsupported, using BIOS configuration
[    1.735315] PCI host bridge to bus 0000:83
[    1.735316] pci_bus 0000:83: root bus resource [io  0xe000-0xefff window]
[    1.735317] pci_bus 0000:83: root bus resource [mem 0xe6800000-0xf13fffff window]
[    1.735318] pci_bus 0000:83: root bus resource [mem 0x280000000000-0x28ffffffffff window]
[    1.735319] pci_bus 0000:83: root bus resource [bus 83-f9]
[    1.735326] pci 0000:83:00.0: [8086:09a2] type 00 class 0x088000
[    1.735394] pci 0000:83:00.1: [8086:09a4] type 00 class 0x088000
[    1.735462] pci 0000:83:00.2: [8086:09a3] type 00 class 0x088000
[    1.735531] pci 0000:83:00.4: [8086:0998] type 00 class 0x060000
[    1.735609] pci_bus 0000:83: on NUMA node 1
[    1.735669] ACPI: PCI Root Bridge [PC11] (domain 0000 [bus fa])
[    1.735670] acpi PNP0A08:0b: _OSC: OS supports [ExtendedConfig ASPM ClockPM Segments MSI HPX-Type3]
[    1.735761] acpi PNP0A08:0b: PCIe AER handled by firmware
[    1.735865] acpi PNP0A08:0b: _OSC: platform does not support [SHPCHotplug]
[    1.736064] acpi PNP0A08:0b: _OSC: OS now controls [PCIeHotplug PME PCIeCapability LTR]
[    1.736065] acpi PNP0A08:0b: FADT indicates ASPM is unsupported, using BIOS configuration
[    1.736176] PCI host bridge to bus 0000:fa
[    1.736177] pci_bus 0000:fa: root bus resource [io  0xf000-0xffff window]
[    1.736177] pci_bus 0000:fa: root bus resource [mem 0xf1400000-0xfb7fffff window]
[    1.736178] pci_bus 0000:fa: root bus resource [mem 0x290000000000-0x29ffffffffff window]
[    1.736179] pci_bus 0000:fa: root bus resource [bus fa]
[    1.736186] pci 0000:fa:00.0: [8086:09a2] type 00 class 0x088000
[    1.736253] pci 0000:fa:00.1: [8086:09a4] type 00 class 0x088000
[    1.736321] pci 0000:fa:00.2: [8086:09a3] type 00 class 0x088000
[    1.736395] pci 0000:fa:00.4: [8086:0998] type 00 class 0x060000
[    1.736475] pci_bus 0000:fa: on NUMA node 1
[    1.736531] ACPI: PCI Root Bridge [UC16] (domain 0000 [bus fe])
[    1.736533] acpi PNP0A03:02: _OSC: OS supports [ExtendedConfig ASPM ClockPM Segments MSI HPX-Type3]
[    1.736607] acpi PNP0A03:02: PCIe AER handled by firmware
[    1.736696] acpi PNP0A03:02: _OSC: platform does not support [SHPCHotplug LTR]
[    1.736865] acpi PNP0A03:02: _OSC: OS now controls [PCIeHotplug PME PCIeCapability]
[    1.736866] acpi PNP0A03:02: FADT indicates ASPM is unsupported, using BIOS configuration
[    1.736995] PCI host bridge to bus 0000:fe
[    1.736996] pci_bus 0000:fe: root bus resource [bus fe]
[    1.737002] pci 0000:fe:00.0: [8086:3450] type 00 class 0x088000
[    1.737073] pci 0000:fe:00.1: [8086:3451] type 00 class 0x088000
[    1.737138] pci 0000:fe:00.2: [8086:3452] type 00 class 0x088000
[    1.737205] pci 0000:fe:00.3: [8086:0998] type 00 class 0x060000
[    1.737273] pci 0000:fe:00.5: [8086:3455] type 00 class 0x088000
[    1.737344] pci 0000:fe:02.0: [8086:3440] type 00 class 0x088000
[    1.737470] pci 0000:fe:02.1: [8086:3441] type 00 class 0x088000
[    1.737593] pci 0000:fe:02.2: [8086:3442] type 00 class 0x088000
[    1.737710] pci 0000:fe:03.0: [8086:3440] type 00 class 0x088000
[    1.737802] pci 0000:fe:03.1: [8086:3441] type 00 class 0x088000
[    1.737888] pci 0000:fe:03.2: [8086:3442] type 00 class 0x088000
[    1.737979] pci 0000:fe:04.0: [8086:3440] type 00 class 0x088000
[    1.738109] pci 0000:fe:04.1: [8086:3441] type 00 class 0x088000
[    1.738235] pci 0000:fe:04.2: [8086:3442] type 00 class 0x088000
[    1.738358] pci 0000:fe:04.3: [8086:3443] type 00 class 0x088000
[    1.738492] pci 0000:fe:05.0: [8086:3445] type 00 class 0x088000
[    1.738616] pci 0000:fe:05.1: [8086:3446] type 00 class 0x088000
[    1.738737] pci 0000:fe:05.2: [8086:3447] type 00 class 0x088000
[    1.738860] pci 0000:fe:06.0: [8086:3445] type 00 class 0x088000
[    1.738953] pci 0000:fe:06.1: [8086:3446] type 00 class 0x088000
[    1.739043] pci 0000:fe:06.2: [8086:3447] type 00 class 0x088000
[    1.739138] pci 0000:fe:07.0: [8086:3445] type 00 class 0x088000
[    1.739270] pci 0000:fe:07.1: [8086:3446] type 00 class 0x088000
[    1.739402] pci 0000:fe:07.2: [8086:3447] type 00 class 0x088000
[    1.739529] pci 0000:fe:0b.0: [8086:3448] type 00 class 0x088000
[    1.739607] pci 0000:fe:0b.1: [8086:3448] type 00 class 0x088000
[    1.739681] pci 0000:fe:0b.2: [8086:344b] type 00 class 0x088000
[    1.739761] pci 0000:fe:0c.0: [8086:344a] type 00 class 0x110100
[    1.739863] pci 0000:fe:0d.0: [8086:344a] type 00 class 0x110100
[    1.739959] pci 0000:fe:0e.0: [8086:344a] type 00 class 0x110100
[    1.740112] pci 0000:fe:0f.0: [8086:344a] type 00 class 0x110100
[    1.740282] pci 0000:fe:1a.0: [8086:2880] type 00 class 0x110100
[    1.740381] pci 0000:fe:1b.0: [8086:2880] type 00 class 0x110100
[    1.740476] pci 0000:fe:1c.0: [8086:2880] type 00 class 0x110100
[    1.740635] pci 0000:fe:1d.0: [8086:2880] type 00 class 0x110100
[    1.740796] pci_bus 0000:fe: on NUMA node 1
[    1.740869] ACPI: PCI Root Bridge [UC17] (domain 0000 [bus ff])
[    1.740871] acpi PNP0A03:03: _OSC: OS supports [ExtendedConfig ASPM ClockPM Segments MSI HPX-Type3]
[    1.740946] acpi PNP0A03:03: PCIe AER handled by firmware
[    1.741035] acpi PNP0A03:03: _OSC: platform does not support [SHPCHotplug LTR]
[    1.741205] acpi PNP0A03:03: _OSC: OS now controls [PCIeHotplug PME PCIeCapability]
[    1.741206] acpi PNP0A03:03: FADT indicates ASPM is unsupported, using BIOS configuration
[    1.741348] PCI host bridge to bus 0000:ff
[    1.741349] pci_bus 0000:ff: root bus resource [bus ff]
[    1.741359] pci 0000:ff:00.0: [8086:344c] type 00 class 0x088000
[    1.741474] pci 0000:ff:00.1: [8086:344c] type 00 class 0x088000
[    1.741593] pci 0000:ff:00.2: [8086:344c] type 00 class 0x088000
[    1.741699] pci 0000:ff:00.3: [8086:344c] type 00 class 0x088000
[    1.741830] pci 0000:ff:00.4: [8086:344c] type 00 class 0x088000
[    1.741954] pci 0000:ff:00.5: [8086:344c] type 00 class 0x088000
[    1.742056] pci 0000:ff:00.6: [8086:344c] type 00 class 0x088000
[    1.742188] pci 0000:ff:00.7: [8086:344c] type 00 class 0x088000
[    1.742320] pci 0000:ff:01.0: [8086:344c] type 00 class 0x088000
[    1.742462] pci 0000:ff:01.1: [8086:344c] type 00 class 0x088000
[    1.742595] pci 0000:ff:01.2: [8086:344c] type 00 class 0x088000
[    1.742685] pci 0000:ff:01.3: [8086:344c] type 00 class 0x088000
[    1.742832] pci 0000:ff:01.4: [8086:344c] type 00 class 0x088000
[    1.742979] pci 0000:ff:01.5: [8086:344c] type 00 class 0x088000
[    1.743125] pci 0000:ff:01.6: [8086:344c] type 00 class 0x088000
[    1.743258] pci 0000:ff:01.7: [8086:344c] type 00 class 0x088000
[    1.743398] pci 0000:ff:02.0: [8086:344c] type 00 class 0x088000
[    1.743539] pci 0000:ff:02.1: [8086:344c] type 00 class 0x088000
[    1.743678] pci 0000:ff:02.2: [8086:344c] type 00 class 0x088000
[    1.743823] pci 0000:ff:02.3: [8086:344c] type 00 class 0x088000
[    1.743969] pci 0000:ff:02.4: [8086:344c] type 00 class 0x088000
[    1.744112] pci 0000:ff:02.5: [8086:344c] type 00 class 0x088000
[    1.744263] pci 0000:ff:02.6: [8086:344c] type 00 class 0x088000
[    1.744412] pci 0000:ff:02.7: [8086:344c] type 00 class 0x088000
[    1.744570] pci 0000:ff:03.0: [8086:344c] type 00 class 0x088000
[    1.744730] pci 0000:ff:03.1: [8086:344c] type 00 class 0x088000
[    1.744884] pci 0000:ff:03.2: [8086:344c] type 00 class 0x088000
[    1.745048] pci 0000:ff:03.3: [8086:344c] type 00 class 0x088000
[    1.745230] pci 0000:ff:0a.0: [8086:344d] type 00 class 0x088000
[    1.745344] pci 0000:ff:0a.1: [8086:344d] type 00 class 0x088000
[    1.745463] pci 0000:ff:0a.2: [8086:344d] type 00 class 0x088000
[    1.745570] pci 0000:ff:0a.3: [8086:344d] type 00 class 0x088000
[    1.745697] pci 0000:ff:0a.4: [8086:344d] type 00 class 0x088000
[    1.745820] pci 0000:ff:0a.5: [8086:344d] type 00 class 0x088000
[    1.745923] pci 0000:ff:0a.6: [8086:344d] type 00 class 0x088000
[    1.746055] pci 0000:ff:0a.7: [8086:344d] type 00 class 0x088000
[    1.746192] pci 0000:ff:0b.0: [8086:344d] type 00 class 0x088000
[    1.746333] pci 0000:ff:0b.1: [8086:344d] type 00 class 0x088000
[    1.746467] pci 0000:ff:0b.2: [8086:344d] type 00 class 0x088000
[    1.746557] pci 0000:ff:0b.3: [8086:344d] type 00 class 0x088000
[    1.746701] pci 0000:ff:0b.4: [8086:344d] type 00 class 0x088000
[    1.746844] pci 0000:ff:0b.5: [8086:344d] type 00 class 0x088000
[    1.746992] pci 0000:ff:0b.6: [8086:344d] type 00 class 0x088000
[    1.747125] pci 0000:ff:0b.7: [8086:344d] type 00 class 0x088000
[    1.747271] pci 0000:ff:0c.0: [8086:344d] type 00 class 0x088000
[    1.747413] pci 0000:ff:0c.1: [8086:344d] type 00 class 0x088000
[    1.747552] pci 0000:ff:0c.2: [8086:344d] type 00 class 0x088000
[    1.747697] pci 0000:ff:0c.3: [8086:344d] type 00 class 0x088000
[    1.747838] pci 0000:ff:0c.4: [8086:344d] type 00 class 0x088000
[    1.747982] pci 0000:ff:0c.5: [8086:344d] type 00 class 0x088000
[    1.748133] pci 0000:ff:0c.6: [8086:344d] type 00 class 0x088000
[    1.748280] pci 0000:ff:0c.7: [8086:344d] type 00 class 0x088000
[    1.748443] pci 0000:ff:0d.0: [8086:344d] type 00 class 0x088000
[    1.748603] pci 0000:ff:0d.1: [8086:344d] type 00 class 0x088000
[    1.748756] pci 0000:ff:0d.2: [8086:344d] type 00 class 0x088000
[    1.748920] pci 0000:ff:0d.3: [8086:344d] type 00 class 0x088000
[    1.749102] pci 0000:ff:1d.0: [8086:344f] type 00 class 0x088000
[    1.749223] pci 0000:ff:1d.1: [8086:3457] type 00 class 0x088000
[    1.749343] pci 0000:ff:1e.0: [8086:3458] type 00 class 0x088000
[    1.749424] pci 0000:ff:1e.1: [8086:3459] type 00 class 0x088000
[    1.749505] pci 0000:ff:1e.2: [8086:345a] type 00 class 0x088000
[    1.749582] pci 0000:ff:1e.3: [8086:345b] type 00 class 0x088000
[    1.749658] pci 0000:ff:1e.4: [8086:345c] type 00 class 0x088000
[    1.749735] pci 0000:ff:1e.5: [8086:345d] type 00 class 0x088000
[    1.749812] pci 0000:ff:1e.6: [8086:345e] type 00 class 0x088000
[    1.749888] pci 0000:ff:1e.7: [8086:345f] type 00 class 0x088000
[    1.749964] pci_bus 0000:ff: on NUMA node 1
[    1.751014] HMAT: Memory (0x0 length 0x80000000) Flags:0003 Processor Domain:0 Memory Domain:0
[    1.751015] HMAT: Memory (0x100000000 length 0xf80000000) Flags:0003 Processor Domain:0 Memory Domain:0
[    1.751016] HMAT: Memory (0x2080000000 length 0x7e00000000) Flags:0003 Processor Domain:0 Memory Domain:2
[    1.751016] HMAT: Memory (0x1080000000 length 0x1000000000) Flags:0003 Processor Domain:1 Memory Domain:1
[    1.751017] HMAT: Memory (0x9e80000000 length 0x7e00000000) Flags:0003 Processor Domain:1 Memory Domain:3
[    1.751018] HMAT: Locality: Flags:00 Type:Read Latency Initiator Domains:2 Target Domains:4 Base:100
[    1.751019]   Initiator-Target[0-0]:7600 nsec
[    1.751020]   Initiator-Target[0-1]:13560 nsec
[    1.751020]   Initiator-Target[0-2]:25350 nsec
[    1.751021]   Initiator-Target[0-3]:31600 nsec
[    1.751021]   Initiator-Target[1-0]:13560 nsec
[    1.751022]   Initiator-Target[1-1]:7600 nsec
[    1.751022]   Initiator-Target[1-2]:31600 nsec
[    1.751023]   Initiator-Target[1-3]:25350 nsec
[    1.751024] HMAT: Locality: Flags:00 Type:Write Latency Initiator Domains:2 Target Domains:4 Base:100
[    1.751025]   Initiator-Target[0-0]:7600 nsec
[    1.751026]   Initiator-Target[0-1]:13560 nsec
[    1.751026]   Initiator-Target[0-2]:25350 nsec
[    1.751027]   Initiator-Target[0-3]:31600 nsec
[    1.751027]   Initiator-Target[1-0]:13560 nsec
[    1.751028]   Initiator-Target[1-1]:7600 nsec
[    1.751028]   Initiator-Target[1-2]:31600 nsec
[    1.751029]   Initiator-Target[1-3]:25350 nsec
[    1.751029] HMAT: Locality: Flags:00 Type:Read Bandwidth Initiator Domains:2 Target Domains:4 Base:1
[    1.751030]   Initiator-Target[0-0]:1790 MB/s
[    1.751030]   Initiator-Target[0-1]:1790 MB/s
[    1.751031]   Initiator-Target[0-2]:463 MB/s
[    1.751031]   Initiator-Target[0-3]:463 MB/s
[    1.751032]   Initiator-Target[1-0]:1790 MB/s
[    1.751032]   Initiator-Target[1-1]:1790 MB/s
[    1.751033]   Initiator-Target[1-2]:463 MB/s
[    1.751033]   Initiator-Target[1-3]:463 MB/s
[    1.751034] HMAT: Locality: Flags:00 Type:Write Bandwidth Initiator Domains:2 Target Domains:4 Base:1
[    1.751034]   Initiator-Target[0-0]:1910 MB/s
[    1.751035]   Initiator-Target[0-1]:1910 MB/s
[    1.751035]   Initiator-Target[0-2]:138 MB/s
[    1.751036]   Initiator-Target[0-3]:138 MB/s
[    1.751036]   Initiator-Target[1-0]:1910 MB/s
[    1.751037]   Initiator-Target[1-1]:1910 MB/s
[    1.751037]   Initiator-Target[1-2]:138 MB/s
[    1.751038]   Initiator-Target[1-3]:138 MB/s
[    1.751061] WARNING: CPU: 58 PID: 1 at drivers/base/node.c:191 node_set_perf_attrs+0x90/0xb0
[    1.751062] Modules linked in:
[    1.751064] CPU: 58 PID: 1 Comm: swapper/0 Not tainted 5.3.1-multiclock #1
[    1.751065] Hardware name: Dell Inc. PowerEdge R750/0K8F35, BIOS 1.10.2 03/03/2023
[    1.751066] RIP: 0010:node_set_perf_attrs+0x90/0xb0
[    1.751068] Code: f4 02 00 00 4c 89 ea 4c 89 e7 e8 bb bf c7 ff 85 c0 75 24 48 83 c3 08 48 8b 33 48 85 f6 75 e5 5b 41 5a 41 5c 41 5d 41 5e 5d c3 <0f> 0b 5b 41 5a 41 5c 41 5d 41 5e 5d c3 44 89 f6 48 c7 c7 70 5b da
[    1.751069] RSP: 0000:ffff98fd0007bd80 EFLAGS: 00010246
[    1.751069] RAX: 0000000000000002 RBX: 0000000000000003 RCX: 0000000000000000
[    1.751070] RDX: 0000000000000000 RSI: ffff8bb4266b2398 RDI: 0000000000000002
[    1.751071] RBP: ffff98fd0007bda8 R08: ffff8bb4260fc1b0 R09: 0000000000000000
[    1.751071] R10: ffff8bb42ca1f388 R11: ffff8bb42cc74eb0 R12: ffff8bb4266b2380
[    1.751072] R13: ffffffffa74db310 R14: 0000000000000005 R15: ffffffffa7295806
[    1.751072] FS:  0000000000000000(0000) GS:ffff8bb42d940000(0000) knlGS:0000000000000000
[    1.751073] CS:  0010 DS: 0000 ES: 0000 CR0: 0000000080050033
[    1.751074] CR2: 0000000000000000 CR3: 0000000d5720a001 CR4: 0000000000760ee0
[    1.751074] DR0: 0000000000000000 DR1: 0000000000000000 DR2: 0000000000000000
[    1.751075] DR3: 0000000000000000 DR6: 00000000fffe0ff0 DR7: 0000000000000400
[    1.751075] PKRU: 55555554
[    1.751076] Call Trace:
[    1.751080]  hmat_init+0x32a/0x43c
[    1.751081]  ? hmat_parse_subtable+0x503/0x503
[    1.751083]  ? set_debug_rodata+0x17/0x17
[    1.751086]  do_one_initcall+0x4a/0x1fa
[    1.751088]  kernel_init_freeable+0x1c6/0x26d
[    1.751090]  ? rest_init+0xb0/0xb0
[    1.751091]  kernel_init+0xe/0x110
[    1.751093]  ret_from_fork+0x1f/0x40
[    1.751095] ---[ end trace f2e0143f5023359e ]---
[    1.754689] pci 0000:03:00.0: vgaarb: setting as boot VGA device
[    1.754689] pci 0000:03:00.0: vgaarb: VGA device added: decodes=io+mem,owns=io+mem,locks=none
[    1.754742] pci 0000:03:00.0: vgaarb: bridge control possible
[    1.754742] vgaarb: loaded
[    1.754929] SCSI subsystem initialized
[    1.755070] libata version 3.00 loaded.
[    1.755070] ACPI: bus type USB registered
[    1.755070] usbcore: registered new interface driver usbfs
[    1.755070] usbcore: registered new interface driver hub
[    1.755070] usbcore: registered new device driver usb
[    1.755070] pps_core: LinuxPPS API ver. 1 registered
[    1.755070] pps_core: Software ver. 5.3.6 - Copyright 2005-2007 Rodolfo Giometti <giometti@linux.it>
[    1.755070] PTP clock support registered
[    1.755176] EDAC MC: Ver: 3.0.0
[    1.755390] Registered efivars operations
[    1.755390] PCI: Using ACPI for IRQ routing
[    1.757262] PCI: pci_cache_line_size set to 64 bytes
[    1.757819] e820: reserve RAM buffer [mem 0x0008f000-0x0008ffff]
[    1.757820] e820: reserve RAM buffer [mem 0x47bdd020-0x47ffffff]
[    1.757821] e820: reserve RAM buffer [mem 0x47c0f020-0x47ffffff]
[    1.757822] e820: reserve RAM buffer [mem 0x47c42020-0x47ffffff]
[    1.757823] e820: reserve RAM buffer [mem 0x47c75020-0x47ffffff]
[    1.757824] e820: reserve RAM buffer [mem 0x49e77000-0x4bffffff]
[    1.757825] e820: reserve RAM buffer [mem 0x4b2cf000-0x4bffffff]
[    1.757826] e820: reserve RAM buffer [mem 0x4bd94000-0x4bffffff]
[    1.757826] e820: reserve RAM buffer [mem 0x4ce00000-0x4fffffff]
[    1.757827] e820: reserve RAM buffer [mem 0x5eefe000-0x5fffffff]
[    1.757828] e820: reserve RAM buffer [mem 0x6f800000-0x6fffffff]
[    1.758675] NetLabel: Initializing
[    1.758675] NetLabel:  domain hash size = 128
[    1.758675] NetLabel:  protocols = UNLABELED CIPSOv4 CALIPSO
[    1.758675] NetLabel:  unlabeled traffic allowed by default
[    1.759509] hpet0: at MMIO 0xfed00000, IRQs 2, 8, 0, 0, 0, 0, 0, 0
[    1.759511] hpet0: 8 comparators, 64-bit 24.000000 MHz counter
[    1.762738] clocksource: Switched to clocksource tsc-early
[    1.773603] VFS: Disk quotas dquot_6.6.0
[    1.773644] VFS: Dquot-cache hash table entries: 512 (order 0, 4096 bytes)
[    1.773930] *** VALIDATE hugetlbfs ***
[    1.774042] AppArmor: AppArmor Filesystem Enabled
[    1.774060] pnp: PnP ACPI init
[    1.789458] pnp 00:00: Plug and Play ACPI device, IDs PNP0b00 (active)
[    1.789610] system 00:01: [io  0x0500-0x05fe] has been reserved
[    1.789612] system 00:01: [io  0x0400-0x041f] has been reserved
[    1.789613] system 00:01: [io  0x0600-0x061f] has been reserved
[    1.789614] system 00:01: [io  0x0ca0-0x0ca1] has been reserved
[    1.789615] system 00:01: [io  0x0ca4-0x0ca6] has been reserved
[    1.789617] system 00:01: [mem 0xff000000-0xffffffff] has been reserved
[    1.789620] system 00:01: Plug and Play ACPI device, IDs PNP0c02 (active)
[    1.789864] pnp 00:02: Plug and Play ACPI device, IDs PNP0501 (active)
[    1.790067] pnp 00:03: Plug and Play ACPI device, IDs PNP0501 (active)
[    1.790219] system 00:04: [mem 0xfd000000-0xfdabffff] has been reserved
[    1.790220] system 00:04: [mem 0xfdad0000-0xfdadffff] has been reserved
[    1.790221] system 00:04: [mem 0xfdb00000-0xfdffffff] has been reserved
[    1.790222] system 00:04: [mem 0xfe000000-0xfe00ffff] has been reserved
[    1.790224] system 00:04: [mem 0xfe011000-0xfe01ffff] has been reserved
[    1.790225] system 00:04: [mem 0xfe036000-0xfe03bfff] has been reserved
[    1.790226] system 00:04: [mem 0xfe03d000-0xfe3fffff] has been reserved
[    1.790226] system 00:04: [mem 0xfe410000-0xfe7fffff] has been reserved
[    1.790229] system 00:04: Plug and Play ACPI device, IDs PNP0c02 (active)
[    1.790556] system 00:05: [io  0x1000-0x10fe] has been reserved
[    1.790558] system 00:05: Plug and Play ACPI device, IDs PNP0c02 (active)
[    1.791555] pnp: PnP ACPI: found 6 devices
[    1.792703] thermal_sys: Registered thermal governor 'fair_share'
[    1.792704] thermal_sys: Registered thermal governor 'bang_bang'
[    1.792704] thermal_sys: Registered thermal governor 'step_wise'
[    1.792705] thermal_sys: Registered thermal governor 'user_space'
[    1.792706] thermal_sys: Registered thermal governor 'power_allocator'
[    1.797197] clocksource: acpi_pm: mask: 0xffffff max_cycles: 0xffffff, max_idle_ns: 2085701024 ns
[    1.797219] pci 0000:04:00.0: can't claim BAR 6 [mem 0xfffc0000-0xffffffff pref]: no compatible bridge window
[    1.797220] pci 0000:04:00.1: can't claim BAR 6 [mem 0xfffc0000-0xffffffff pref]: no compatible bridge window
[    1.797222] pci 0000:17:00.0: can't claim BAR 6 [mem 0xfff00000-0xffffffff pref]: no compatible bridge window
[    1.797236] pci 0000:00:1c.5: BAR 14: assigned [mem 0x90000000-0x900fffff]
[    1.797238] pci 0000:00:1c.0: PCI bridge to [bus 01]
[    1.797247] pci 0000:02:00.0: PCI bridge to [bus 03]
[    1.797251] pci 0000:02:00.0:   bridge window [mem 0x92000000-0x928fffff]
[    1.797255] pci 0000:02:00.0:   bridge window [mem 0x91000000-0x91ffffff 64bit pref]
[    1.797261] pci 0000:00:1c.4: PCI bridge to [bus 02-03]
[    1.797264] pci 0000:00:1c.4:   bridge window [mem 0x92000000-0x928fffff]
[    1.797266] pci 0000:00:1c.4:   bridge window [mem 0x91000000-0x91ffffff 64bit pref]
[    1.797271] pci 0000:04:00.0: BAR 6: assigned [mem 0x90000000-0x9003ffff pref]
[    1.797272] pci 0000:04:00.1: BAR 6: assigned [mem 0x90040000-0x9007ffff pref]
[    1.797273] pci 0000:00:1c.5: PCI bridge to [bus 04]
[    1.797276] pci 0000:00:1c.5:   bridge window [mem 0x90000000-0x900fffff]
[    1.797278] pci 0000:00:1c.5:   bridge window [mem 0x92900000-0x929fffff 64bit pref]
[    1.797282] pci_bus 0000:00: resource 4 [io  0x0000-0x0cf7 window]
[    1.797283] pci_bus 0000:00: resource 5 [io  0x1000-0x4fff window]
[    1.797284] pci_bus 0000:00: resource 6 [mem 0x000a0000-0x000bffff window]
[    1.797285] pci_bus 0000:00: resource 7 [mem 0x000c8000-0x000cffff window]
