[    0.000000] Linux version 5.18.0 (xmu@xmu-PowerEdge-R750) (gcc (Ubuntu 8.4.0-1ubuntu1~18.04) 8.4.0, GNU ld (GNU Binutils for Ubuntu) 2.30) #1 SMP PREEMPT_DYNAMIC Sat Apr 6 15:16:25 CST 2024
[    0.000000] Command line: BOOT_IMAGE=/boot/vmlinuz-5.18.0 root=UUID=ce0c24b8-724b-4f33-9b2c-618433560aef ro memmap=48196M!4096M memmap=59G!64G quiet splash nomodeset vt.handoff=1
[    0.000000] KERNEL supported cpus:
[    0.000000]   Intel GenuineIntel
[    0.000000]   AMD AuthenticAMD
[    0.000000]   Hygon HygonGenuine
[    0.000000]   Centaur CentaurHauls
[    0.000000]   zhaoxin   Shanghai  
[    0.000000] x86/split lock detection: #AC: crashing the kernel on kernel split_locks and warning on user-space split_locks
[    0.000000] x86/fpu: Supporting XSAVE feature 0x001: 'x87 floating point registers'
[    0.000000] x86/fpu: Supporting XSAVE feature 0x002: 'SSE registers'
[    0.000000] x86/fpu: Supporting XSAVE feature 0x004: 'AVX registers'
[    0.000000] x86/fpu: Supporting XSAVE feature 0x020: 'AVX-512 opmask'
[    0.000000] x86/fpu: Supporting XSAVE feature 0x040: 'AVX-512 Hi256'
[    0.000000] x86/fpu: Supporting XSAVE feature 0x080: 'AVX-512 ZMM_Hi256'
[    0.000000] x86/fpu: Supporting XSAVE feature 0x200: 'Protection Keys User registers'
[    0.000000] x86/fpu: xstate_offset[2]:  576, xstate_sizes[2]:  256
[    0.000000] x86/fpu: xstate_offset[5]:  832, xstate_sizes[5]:   64
[    0.000000] x86/fpu: xstate_offset[6]:  896, xstate_sizes[6]:  512
[    0.000000] x86/fpu: xstate_offset[7]: 1408, xstate_sizes[7]: 1024
[    0.000000] x86/fpu: xstate_offset[9]: 2432, xstate_sizes[9]:    8
[    0.000000] x86/fpu: Enabled xstate features 0x2e7, context size is 2440 bytes, using 'compacted' format.
[    0.000000] signal: max sigframe size: 3632
[    0.000000] BIOS-provided physical RAM map:
[    0.000000] BIOS-e820: [mem 0x0000000000000000-0x000000000008efff] usable
[    0.000000] BIOS-e820: [mem 0x000000000008f000-0x000000000008ffff] reserved
[    0.000000] BIOS-e820: [mem 0x0000000000090000-0x000000000009ffff] usable
[    0.000000] BIOS-e820: [mem 0x00000000000a0000-0x00000000000fffff] reserved
[    0.000000] BIOS-e820: [mem 0x0000000000100000-0x0000000049e76fff] usable
[    0.000000] BIOS-e820: [mem 0x0000000049e77000-0x000000004ae76fff] ACPI NVS
[    0.000000] BIOS-e820: [mem 0x000000004ae77000-0x000000004b2cefff] usable
[    0.000000] BIOS-e820: [mem 0x000000004b2cf000-0x000000004b54dfff] ACPI data
[    0.000000] BIOS-e820: [mem 0x000000004b54e000-0x000000004bd93fff] usable
[    0.000000] BIOS-e820: [mem 0x000000004bd94000-0x000000004be99fff] reserved
[    0.000000] BIOS-e820: [mem 0x000000004be9a000-0x000000004cdfffff] usable
[    0.000000] BIOS-e820: [mem 0x000000004ce00000-0x000000004cffffff] reserved
[    0.000000] BIOS-e820: [mem 0x000000004d000000-0x000000005eefdfff] usable
[    0.000000] BIOS-e820: [mem 0x000000005eefe000-0x000000006e3fefff] reserved
[    0.000000] BIOS-e820: [mem 0x000000006e3ff000-0x000000006f3fefff] ACPI NVS
[    0.000000] BIOS-e820: [mem 0x000000006f3ff000-0x000000006f7fefff] ACPI data
[    0.000000] BIOS-e820: [mem 0x000000006f7ff000-0x000000006f7fffff] usable
[    0.000000] BIOS-e820: [mem 0x000000006f800000-0x000000008fffffff] reserved
[    0.000000] BIOS-e820: [mem 0x00000000fe000000-0x00000000fe010fff] reserved
[    0.000000] BIOS-e820: [mem 0x0000000100000000-0x000000207fffffff] usable
[    0.000000] BIOS-e820: [mem 0x0000002080000000-0x0000011c7fffffff] persistent (type 7)
[    0.000000] BIOS-e820: [mem 0x00001ffc00000000-0x00001fffffffffff] reserved
[    0.000000] NX (Execute Disable) protection: active
[    0.000000] e820: update [mem 0x46d5c020-0x46d6405f] usable ==> usable
[    0.000000] e820: update [mem 0x46d5c020-0x46d6405f] usable ==> usable
[    0.000000] e820: update [mem 0x46d29020-0x46d5bc5f] usable ==> usable
[    0.000000] e820: update [mem 0x46d29020-0x46d5bc5f] usable ==> usable
[    0.000000] e820: update [mem 0x46cf6020-0x46d28c5f] usable ==> usable
[    0.000000] e820: update [mem 0x46cf6020-0x46d28c5f] usable ==> usable
[    0.000000] e820: update [mem 0x46cc4020-0x46cf5a5f] usable ==> usable
[    0.000000] e820: update [mem 0x46cc4020-0x46cf5a5f] usable ==> usable
[    0.000000] extended physical RAM map:
[    0.000000] reserve setup_data: [mem 0x0000000000000000-0x000000000008efff] usable
[    0.000000] reserve setup_data: [mem 0x000000000008f000-0x000000000008ffff] reserved
[    0.000000] reserve setup_data: [mem 0x0000000000090000-0x000000000009ffff] usable
[    0.000000] reserve setup_data: [mem 0x00000000000a0000-0x00000000000fffff] reserved
[    0.000000] reserve setup_data: [mem 0x0000000000100000-0x0000000046cc401f] usable
[    0.000000] reserve setup_data: [mem 0x0000000046cc4020-0x0000000046cf5a5f] usable
[    0.000000] reserve setup_data: [mem 0x0000000046cf5a60-0x0000000046cf601f] usable
[    0.000000] reserve setup_data: [mem 0x0000000046cf6020-0x0000000046d28c5f] usable
[    0.000000] reserve setup_data: [mem 0x0000000046d28c60-0x0000000046d2901f] usable
[    0.000000] reserve setup_data: [mem 0x0000000046d29020-0x0000000046d5bc5f] usable
[    0.000000] reserve setup_data: [mem 0x0000000046d5bc60-0x0000000046d5c01f] usable
[    0.000000] reserve setup_data: [mem 0x0000000046d5c020-0x0000000046d6405f] usable
[    0.000000] reserve setup_data: [mem 0x0000000046d64060-0x0000000049e76fff] usable
[    0.000000] reserve setup_data: [mem 0x0000000049e77000-0x000000004ae76fff] ACPI NVS
[    0.000000] reserve setup_data: [mem 0x000000004ae77000-0x000000004b2cefff] usable
[    0.000000] reserve setup_data: [mem 0x000000004b2cf000-0x000000004b54dfff] ACPI data
[    0.000000] reserve setup_data: [mem 0x000000004b54e000-0x000000004bd93fff] usable
[    0.000000] reserve setup_data: [mem 0x000000004bd94000-0x000000004be99fff] reserved
[    0.000000] reserve setup_data: [mem 0x000000004be9a000-0x000000004cdfffff] usable
[    0.000000] reserve setup_data: [mem 0x000000004ce00000-0x000000004cffffff] reserved
[    0.000000] reserve setup_data: [mem 0x000000004d000000-0x000000005eefdfff] usable
[    0.000000] reserve setup_data: [mem 0x000000005eefe000-0x000000006e3fefff] reserved
[    0.000000] reserve setup_data: [mem 0x000000006e3ff000-0x000000006f3fefff] ACPI NVS
[    0.000000] reserve setup_data: [mem 0x000000006f3ff000-0x000000006f7fefff] ACPI data
[    0.000000] reserve setup_data: [mem 0x000000006f7ff000-0x000000006f7fffff] usable
[    0.000000] reserve setup_data: [mem 0x000000006f800000-0x000000008fffffff] reserved
[    0.000000] reserve setup_data: [mem 0x00000000fe000000-0x00000000fe010fff] reserved
[    0.000000] reserve setup_data: [mem 0x0000000100000000-0x0000000cc43fffff] persistent (type 12)
[    0.000000] reserve setup_data: [mem 0x0000000cc4400000-0x0000000fffffffff] usable
[    0.000000] reserve setup_data: [mem 0x0000001000000000-0x0000001ebfffffff] persistent (type 12)
[    0.000000] reserve setup_data: [mem 0x0000001ec0000000-0x000000207fffffff] usable
[    0.000000] reserve setup_data: [mem 0x0000002080000000-0x0000011c7fffffff] persistent (type 7)
[    0.000000] reserve setup_data: [mem 0x00001ffc00000000-0x00001fffffffffff] reserved
[    0.000000] user-defined physical RAM map:
[    0.000000] user: [mem 0x0000000000000000-0x000000000008efff] usable
[    0.000000] user: [mem 0x000000000008f000-0x000000000008ffff] reserved
[    0.000000] user: [mem 0x0000000000090000-0x000000000009ffff] usable
[    0.000000] user: [mem 0x00000000000a0000-0x00000000000fffff] reserved
[    0.000000] user: [mem 0x0000000000100000-0x0000000046cc401f] usable
[    0.000000] user: [mem 0x0000000046cc4020-0x0000000046cf5a5f] usable
[    0.000000] user: [mem 0x0000000046cf5a60-0x0000000046cf601f] usable
[    0.000000] user: [mem 0x0000000046cf6020-0x0000000046d28c5f] usable
[    0.000000] user: [mem 0x0000000046d28c60-0x0000000046d2901f] usable
[    0.000000] user: [mem 0x0000000046d29020-0x0000000046d5bc5f] usable
[    0.000000] user: [mem 0x0000000046d5bc60-0x0000000046d5c01f] usable
[    0.000000] user: [mem 0x0000000046d5c020-0x0000000046d6405f] usable
[    0.000000] user: [mem 0x0000000046d64060-0x0000000049e76fff] usable
[    0.000000] user: [mem 0x0000000049e77000-0x000000004ae76fff] ACPI NVS
[    0.000000] user: [mem 0x000000004ae77000-0x000000004b2cefff] usable
[    0.000000] user: [mem 0x000000004b2cf000-0x000000004b54dfff] ACPI data
[    0.000000] user: [mem 0x000000004b54e000-0x000000004bd93fff] usable
[    0.000000] user: [mem 0x000000004bd94000-0x000000004be99fff] reserved
[    0.000000] user: [mem 0x000000004be9a000-0x000000004cdfffff] usable
[    0.000000] user: [mem 0x000000004ce00000-0x000000004cffffff] reserved
[    0.000000] user: [mem 0x000000004d000000-0x000000005eefdfff] usable
[    0.000000] user: [mem 0x000000005eefe000-0x000000006e3fefff] reserved
[    0.000000] user: [mem 0x000000006e3ff000-0x000000006f3fefff] ACPI NVS
[    0.000000] user: [mem 0x000000006f3ff000-0x000000006f7fefff] ACPI data
[    0.000000] user: [mem 0x000000006f7ff000-0x000000006f7fffff] usable
[    0.000000] user: [mem 0x000000006f800000-0x000000008fffffff] reserved
[    0.000000] user: [mem 0x00000000fe000000-0x00000000fe010fff] reserved
[    0.000000] user: [mem 0x0000000100000000-0x0000000cc43fffff] persistent (type 12)
[    0.000000] user: [mem 0x0000000cc4400000-0x0000000fffffffff] usable
[    0.000000] user: [mem 0x0000001000000000-0x0000001ebfffffff] persistent (type 12)
[    0.000000] user: [mem 0x0000001ec0000000-0x000000207fffffff] usable
[    0.000000] user: [mem 0x0000002080000000-0x0000011c7fffffff] persistent (type 7)
[    0.000000] user: [mem 0x00001ffc00000000-0x00001fffffffffff] reserved
[    0.000000] efi: EFI v2.70 by Dell Inc.
[    0.000000] efi: ACPI=0x6f7fe000 ACPI 2.0=0x6f7fe014 MEMATTR=0x5b070020 SMBIOS=0x69526000 SMBIOS 3.0=0x69524000 MOKvar=0x5ef81000 RNG=0x5ef8a920 
[    0.000000] efi: seeding entropy pool
[    0.000000] SMBIOS 3.3.0 present.
[    0.000000] DMI: Dell Inc. PowerEdge R750/0K8F35, BIOS 1.10.2 03/03/2023
[    0.000000] tsc: Detected 2000.000 MHz processor
[    0.000007] e820: update [mem 0x00000000-0x00000fff] usable ==> reserved
[    0.000009] e820: remove [mem 0x000a0000-0x000fffff] usable
[    0.000018] last_pfn = 0x2080000 max_arch_pfn = 0x400000000
[    0.000197] x86/PAT: Configuration [0-7]: WB  WC  UC- UC  WB  WP  UC- WT  
[    0.002858] total RAM covered: 2095088M
[    0.002944]  gran_size: 64K 	chunk_size: 64K 	num_reg: 10  	lose cover RAM: 2016G
[    0.002946]  gran_size: 64K 	chunk_size: 128K 	num_reg: 10  	lose cover RAM: 2016G
[    0.002948]  gran_size: 64K 	chunk_size: 256K 	num_reg: 10  	lose cover RAM: 2016G
[    0.002949]  gran_size: 64K 	chunk_size: 512K 	num_reg: 10  	lose cover RAM: 2016G
[    0.002950]  gran_size: 64K 	chunk_size: 1M 	num_reg: 10  	lose cover RAM: 2016G
[    0.002952]  gran_size: 64K 	chunk_size: 2M 	num_reg: 10  	lose cover RAM: 2016G
[    0.002953]  gran_size: 64K 	chunk_size: 4M 	num_reg: 10  	lose cover RAM: 2016G
[    0.002954]  gran_size: 64K 	chunk_size: 8M 	num_reg: 10  	lose cover RAM: 2016G
[    0.002956]  gran_size: 64K 	chunk_size: 16M 	num_reg: 10  	lose cover RAM: 2016G
[    0.002957]  gran_size: 64K 	chunk_size: 32M 	num_reg: 10  	lose cover RAM: 1024G
[    0.002958]  gran_size: 64K 	chunk_size: 64M 	num_reg: 10  	lose cover RAM: 1024G
[    0.002960]  gran_size: 64K 	chunk_size: 128M 	num_reg: 10  	lose cover RAM: 1024G
[    0.002961]  gran_size: 64K 	chunk_size: 256M 	num_reg: 10  	lose cover RAM: 1024G
[    0.002962]  gran_size: 64K 	chunk_size: 512M 	num_reg: 10  	lose cover RAM: 1024G
[    0.002964]  gran_size: 64K 	chunk_size: 1G 	num_reg: 10  	lose cover RAM: 1024G
[    0.002965]  gran_size: 64K 	chunk_size: 2G 	num_reg: 10  	lose cover RAM: 1024G
[    0.002966]  gran_size: 128K 	chunk_size: 128K 	num_reg: 10  	lose cover RAM: 2016G
[    0.002968]  gran_size: 128K 	chunk_size: 256K 	num_reg: 10  	lose cover RAM: 2016G
[    0.002969]  gran_size: 128K 	chunk_size: 512K 	num_reg: 10  	lose cover RAM: 2016G
[    0.002970]  gran_size: 128K 	chunk_size: 1M 	num_reg: 10  	lose cover RAM: 2016G
[    0.002972]  gran_size: 128K 	chunk_size: 2M 	num_reg: 10  	lose cover RAM: 2016G
[    0.002973]  gran_size: 128K 	chunk_size: 4M 	num_reg: 10  	lose cover RAM: 2016G
[    0.002974]  gran_size: 128K 	chunk_size: 8M 	num_reg: 10  	lose cover RAM: 2016G
[    0.002976]  gran_size: 128K 	chunk_size: 16M 	num_reg: 10  	lose cover RAM: 2016G
[    0.002977]  gran_size: 128K 	chunk_size: 32M 	num_reg: 10  	lose cover RAM: 1024G
[    0.002978]  gran_size: 128K 	chunk_size: 64M 	num_reg: 10  	lose cover RAM: 1024G
[    0.002980]  gran_size: 128K 	chunk_size: 128M 	num_reg: 10  	lose cover RAM: 1024G
[    0.002981]  gran_size: 128K 	chunk_size: 256M 	num_reg: 10  	lose cover RAM: 1024G
[    0.002982]  gran_size: 128K 	chunk_size: 512M 	num_reg: 10  	lose cover RAM: 1024G
[    0.002984]  gran_size: 128K 	chunk_size: 1G 	num_reg: 10  	lose cover RAM: 1024G
[    0.002985]  gran_size: 128K 	chunk_size: 2G 	num_reg: 10  	lose cover RAM: 1024G
[    0.002987]  gran_size: 256K 	chunk_size: 256K 	num_reg: 10  	lose cover RAM: 2016G
[    0.002988]  gran_size: 256K 	chunk_size: 512K 	num_reg: 10  	lose cover RAM: 2016G
[    0.002989]  gran_size: 256K 	chunk_size: 1M 	num_reg: 10  	lose cover RAM: 2016G
[    0.002991]  gran_size: 256K 	chunk_size: 2M 	num_reg: 10  	lose cover RAM: 2016G
[    0.002992]  gran_size: 256K 	chunk_size: 4M 	num_reg: 10  	lose cover RAM: 2016G
[    0.002993]  gran_size: 256K 	chunk_size: 8M 	num_reg: 10  	lose cover RAM: 2016G
[    0.002995]  gran_size: 256K 	chunk_size: 16M 	num_reg: 10  	lose cover RAM: 2016G
[    0.002996]  gran_size: 256K 	chunk_size: 32M 	num_reg: 10  	lose cover RAM: 1024G
[    0.002997]  gran_size: 256K 	chunk_size: 64M 	num_reg: 10  	lose cover RAM: 1024G
[    0.002999]  gran_size: 256K 	chunk_size: 128M 	num_reg: 10  	lose cover RAM: 1024G
[    0.003000]  gran_size: 256K 	chunk_size: 256M 	num_reg: 10  	lose cover RAM: 1024G
[    0.003001]  gran_size: 256K 	chunk_size: 512M 	num_reg: 10  	lose cover RAM: 1024G
[    0.003003]  gran_size: 256K 	chunk_size: 1G 	num_reg: 10  	lose cover RAM: 1024G
[    0.003004]  gran_size: 256K 	chunk_size: 2G 	num_reg: 10  	lose cover RAM: 1024G
[    0.003005]  gran_size: 512K 	chunk_size: 512K 	num_reg: 10  	lose cover RAM: 2016G
[    0.003007]  gran_size: 512K 	chunk_size: 1M 	num_reg: 10  	lose cover RAM: 2016G
[    0.003008]  gran_size: 512K 	chunk_size: 2M 	num_reg: 10  	lose cover RAM: 2016G
[    0.003009]  gran_size: 512K 	chunk_size: 4M 	num_reg: 10  	lose cover RAM: 2016G
[    0.003010]  gran_size: 512K 	chunk_size: 8M 	num_reg: 10  	lose cover RAM: 2016G
[    0.003012]  gran_size: 512K 	chunk_size: 16M 	num_reg: 10  	lose cover RAM: 2016G
[    0.003013]  gran_size: 512K 	chunk_size: 32M 	num_reg: 10  	lose cover RAM: 1024G
[    0.003014]  gran_size: 512K 	chunk_size: 64M 	num_reg: 10  	lose cover RAM: 1024G
[    0.003016]  gran_size: 512K 	chunk_size: 128M 	num_reg: 10  	lose cover RAM: 1024G
[    0.003017]  gran_size: 512K 	chunk_size: 256M 	num_reg: 10  	lose cover RAM: 1024G
[    0.003018]  gran_size: 512K 	chunk_size: 512M 	num_reg: 10  	lose cover RAM: 1024G
[    0.003020]  gran_size: 512K 	chunk_size: 1G 	num_reg: 10  	lose cover RAM: 1024G
[    0.003021]  gran_size: 512K 	chunk_size: 2G 	num_reg: 10  	lose cover RAM: 1024G
[    0.003022]  gran_size: 1M 	chunk_size: 1M 	num_reg: 10  	lose cover RAM: 2016G
[    0.003024]  gran_size: 1M 	chunk_size: 2M 	num_reg: 10  	lose cover RAM: 2016G
[    0.003025]  gran_size: 1M 	chunk_size: 4M 	num_reg: 10  	lose cover RAM: 2016G
[    0.003026]  gran_size: 1M 	chunk_size: 8M 	num_reg: 10  	lose cover RAM: 2016G
[    0.003028]  gran_size: 1M 	chunk_size: 16M 	num_reg: 10  	lose cover RAM: 2016G
[    0.003029]  gran_size: 1M 	chunk_size: 32M 	num_reg: 10  	lose cover RAM: 1024G
[    0.003030]  gran_size: 1M 	chunk_size: 64M 	num_reg: 10  	lose cover RAM: 1024G
[    0.003032]  gran_size: 1M 	chunk_size: 128M 	num_reg: 10  	lose cover RAM: 1024G
[    0.003033]  gran_size: 1M 	chunk_size: 256M 	num_reg: 10  	lose cover RAM: 1024G
[    0.003034]  gran_size: 1M 	chunk_size: 512M 	num_reg: 10  	lose cover RAM: 1024G
[    0.003035]  gran_size: 1M 	chunk_size: 1G 	num_reg: 10  	lose cover RAM: 1024G
[    0.003037]  gran_size: 1M 	chunk_size: 2G 	num_reg: 10  	lose cover RAM: 1024G
[    0.003038]  gran_size: 2M 	chunk_size: 2M 	num_reg: 10  	lose cover RAM: 2016G
[    0.003039]  gran_size: 2M 	chunk_size: 4M 	num_reg: 10  	lose cover RAM: 2016G
[    0.003041]  gran_size: 2M 	chunk_size: 8M 	num_reg: 10  	lose cover RAM: 2016G
[    0.003042]  gran_size: 2M 	chunk_size: 16M 	num_reg: 10  	lose cover RAM: 2016G
[    0.003043]  gran_size: 2M 	chunk_size: 32M 	num_reg: 10  	lose cover RAM: 1024G
[    0.003044]  gran_size: 2M 	chunk_size: 64M 	num_reg: 10  	lose cover RAM: 1024G
[    0.003046]  gran_size: 2M 	chunk_size: 128M 	num_reg: 10  	lose cover RAM: 1024G
[    0.003047]  gran_size: 2M 	chunk_size: 256M 	num_reg: 10  	lose cover RAM: 1024G
[    0.003049]  gran_size: 2M 	chunk_size: 512M 	num_reg: 10  	lose cover RAM: 1024G
[    0.003050]  gran_size: 2M 	chunk_size: 1G 	num_reg: 10  	lose cover RAM: 1024G
[    0.003052]  gran_size: 2M 	chunk_size: 2G 	num_reg: 10  	lose cover RAM: 1024G
[    0.003053]  gran_size: 4M 	chunk_size: 4M 	num_reg: 10  	lose cover RAM: 2016G
[    0.003054]  gran_size: 4M 	chunk_size: 8M 	num_reg: 10  	lose cover RAM: 2016G
[    0.003056]  gran_size: 4M 	chunk_size: 16M 	num_reg: 10  	lose cover RAM: 2016G
[    0.003057]  gran_size: 4M 	chunk_size: 32M 	num_reg: 10  	lose cover RAM: 1024G
[    0.003058]  gran_size: 4M 	chunk_size: 64M 	num_reg: 10  	lose cover RAM: 1024G
[    0.003059]  gran_size: 4M 	chunk_size: 128M 	num_reg: 10  	lose cover RAM: 1024G
[    0.003061]  gran_size: 4M 	chunk_size: 256M 	num_reg: 10  	lose cover RAM: 1024G
[    0.003062]  gran_size: 4M 	chunk_size: 512M 	num_reg: 10  	lose cover RAM: 1024G
[    0.003063]  gran_size: 4M 	chunk_size: 1G 	num_reg: 10  	lose cover RAM: 1024G
[    0.003065]  gran_size: 4M 	chunk_size: 2G 	num_reg: 10  	lose cover RAM: 1024G
[    0.003066]  gran_size: 8M 	chunk_size: 8M 	num_reg: 10  	lose cover RAM: 2016G
[    0.003067]  gran_size: 8M 	chunk_size: 16M 	num_reg: 10  	lose cover RAM: 2016G
[    0.003069]  gran_size: 8M 	chunk_size: 32M 	num_reg: 10  	lose cover RAM: 1024G
[    0.003070]  gran_size: 8M 	chunk_size: 64M 	num_reg: 10  	lose cover RAM: 1024G
[    0.003071]  gran_size: 8M 	chunk_size: 128M 	num_reg: 10  	lose cover RAM: 1024G
[    0.003072]  gran_size: 8M 	chunk_size: 256M 	num_reg: 10  	lose cover RAM: 1024G
[    0.003074]  gran_size: 8M 	chunk_size: 512M 	num_reg: 10  	lose cover RAM: 1024G
[    0.003075]  gran_size: 8M 	chunk_size: 1G 	num_reg: 10  	lose cover RAM: 1024G
[    0.003076]  gran_size: 8M 	chunk_size: 2G 	num_reg: 10  	lose cover RAM: 1024G
[    0.003078]  gran_size: 16M 	chunk_size: 16M 	num_reg: 10  	lose cover RAM: 2016G
[    0.003079]  gran_size: 16M 	chunk_size: 32M 	num_reg: 10  	lose cover RAM: 1024G
[    0.003080]  gran_size: 16M 	chunk_size: 64M 	num_reg: 10  	lose cover RAM: 1024G
[    0.003082]  gran_size: 16M 	chunk_size: 128M 	num_reg: 10  	lose cover RAM: 1024G
[    0.003083]  gran_size: 16M 	chunk_size: 256M 	num_reg: 10  	lose cover RAM: 1024G
[    0.003084]  gran_size: 16M 	chunk_size: 512M 	num_reg: 10  	lose cover RAM: 1024G
[    0.003086]  gran_size: 16M 	chunk_size: 1G 	num_reg: 10  	lose cover RAM: 1024G
[    0.003087]  gran_size: 16M 	chunk_size: 2G 	num_reg: 10  	lose cover RAM: 1024G
[    0.003089]  gran_size: 32M 	chunk_size: 32M 	num_reg: 10  	lose cover RAM: 2031632M
[    0.003090]  gran_size: 32M 	chunk_size: 64M 	num_reg: 10  	lose cover RAM: 1048592M
[    0.003092]  gran_size: 32M 	chunk_size: 128M 	num_reg: 10  	lose cover RAM: 1048592M
[    0.003093]  gran_size: 32M 	chunk_size: 256M 	num_reg: 10  	lose cover RAM: 1048592M
[    0.003094]  gran_size: 32M 	chunk_size: 512M 	num_reg: 10  	lose cover RAM: 1048592M
[    0.003096]  gran_size: 32M 	chunk_size: 1G 	num_reg: 10  	lose cover RAM: 1048592M
[    0.003097]  gran_size: 32M 	chunk_size: 2G 	num_reg: 10  	lose cover RAM: 1048592M
[    0.003098]  gran_size: 64M 	chunk_size: 64M 	num_reg: 10  	lose cover RAM: 1966128M
[    0.003100]  gran_size: 64M 	chunk_size: 128M 	num_reg: 10  	lose cover RAM: 1048624M
[    0.003101]  gran_size: 64M 	chunk_size: 256M 	num_reg: 10  	lose cover RAM: 1048624M
[    0.003102]  gran_size: 64M 	chunk_size: 512M 	num_reg: 10  	lose cover RAM: 1048624M
[    0.003103]  gran_size: 64M 	chunk_size: 1G 	num_reg: 10  	lose cover RAM: 1048624M
[    0.003105]  gran_size: 64M 	chunk_size: 2G 	num_reg: 10  	lose cover RAM: 1048624M
[    0.003106]  gran_size: 128M 	chunk_size: 128M 	num_reg: 10  	lose cover RAM: 1835120M
[    0.003107]  gran_size: 128M 	chunk_size: 256M 	num_reg: 10  	lose cover RAM: 1048688M
[    0.003109]  gran_size: 128M 	chunk_size: 512M 	num_reg: 10  	lose cover RAM: 1048688M
[    0.003110]  gran_size: 128M 	chunk_size: 1G 	num_reg: 10  	lose cover RAM: 1048688M
[    0.003112]  gran_size: 128M 	chunk_size: 2G 	num_reg: 10  	lose cover RAM: 1048688M
[    0.003113]  gran_size: 256M 	chunk_size: 256M 	num_reg: 10  	lose cover RAM: 1573104M
[    0.003115]  gran_size: 256M 	chunk_size: 512M 	num_reg: 10  	lose cover RAM: 1048816M
[    0.003116]  gran_size: 256M 	chunk_size: 1G 	num_reg: 10  	lose cover RAM: 1048816M
[    0.003117]  gran_size: 256M 	chunk_size: 2G 	num_reg: 10  	lose cover RAM: 1048816M
[    0.003119]  gran_size: 512M 	chunk_size: 512M 	num_reg: 10  	lose cover RAM: 1049072M
[    0.003120]  gran_size: 512M 	chunk_size: 1G 	num_reg: 10  	lose cover RAM: 1049072M
[    0.003121]  gran_size: 512M 	chunk_size: 2G 	num_reg: 10  	lose cover RAM: 1049072M
[    0.003123]  gran_size: 1G 	chunk_size: 1G 	num_reg: 10  	lose cover RAM: 1008M
[    0.003124]  gran_size: 1G 	chunk_size: 2G 	num_reg: 10  	lose cover RAM: 1008M
[    0.003125]  gran_size: 2G 	chunk_size: 2G 	num_reg: 9  	lose cover RAM: 2032M
[    0.003127] mtrr_cleanup: can not find optimal value
[    0.003128] please specify mtrr_gran_size/mtrr_chunk_size
[    0.003130] e820: update [mem 0x7f000000-0xffffffff] usable ==> reserved
[    0.003133] x2apic: enabled by BIOS, switching to x2apic ops
[    0.003134] last_pfn = 0x6f800 max_arch_pfn = 0x400000000
[    0.014561] Using GB pages for direct mapping
[    0.015430] Secure boot disabled
[    0.015431] RAMDISK: [mem 0x205de61000-0x207fffffff]
[    0.015436] ACPI: Early table checksum verification disabled
[    0.015438] ACPI: RSDP 0x000000006F7FE014 000024 (v02 DELL  )
[    0.015442] ACPI: XSDT 0x000000006F41C188 0000F4 (v01 DELL   PE_SC3   00000000 DELL 01000013)
[    0.015447] ACPI: FACP 0x000000006F430000 000114 (v06 DELL   PE_SC3   00000000 DELL 00000001)
[    0.015453] ACPI: DSDT 0x000000004B4CE000 07FAD3 (v02 DELL   PE_SC3   00000003 DELL 00000001)
[    0.015456] ACPI: FACS 0x000000006F2F2000 000040
[    0.015459] ACPI: SSDT 0x000000006F7FB000 00159A (v02 INTEL  RAS_ACPI 00000001 INTL 20210331)
[    0.015463] ACPI: SSDT 0x000000006F7FA000 000745 (v02 INTEL  ADDRXLAT 00000001 INTL 20210331)
[    0.015467] ACPI: MCEJ 0x000000006F7F9000 000130 (v01 INTEL           00000001 INTL 0100000D)
[    0.015470] ACPI: BERT 0x000000006F7F8000 000030 (v01 DELL   PE_SC3   00000001 INTL 00000001)
[    0.015473] ACPI: ERST 0x000000006F7F7000 000230 (v01 DELL   PE_SC3   00000001 INTL 00000001)
[    0.015477] ACPI: SSDT 0x000000006F431000 3C524E (v02 INTEL  SSDTNVDR 00001000 INTL 20210331)
[    0.015480] ACPI: HMAT 0x000000006F42F000 000210 (v01 DELL   PE_SC3   00000001 DELL 00000001)
[    0.015484] ACPI: HPET 0x000000006F42E000 000038 (v01 DELL   PE_SC3   00000001 DELL 00000001)
[    0.015487] ACPI: MCFG 0x000000006F42D000 00003C (v01 DELL   PE_SC3   00000001 DELL 00000001)
[    0.015490] ACPI: MIGT 0x000000006F42C000 000040 (v01 DELL   PE_SC3   00000000 DELL 00000001)
[    0.015493] ACPI: MSCT 0x000000006F42B000 000090 (v01 DELL   PE_SC3   00000001 DELL 00000001)
[    0.015497] ACPI: PMTT 0x000000006F429000 0011E8 (v02 DELL   PE_SC3   00000001 DELL 00000001)
[    0.015500] ACPI: WSMT 0x000000006F428000 000028 (v01 DELL   PE_SC3   00000000 DELL 00000001)
[    0.015503] ACPI: APIC 0x000000006F427000 00075E (v04 DELL   PE_SC3   00000000 DELL 00000001)
[    0.015507] ACPI: SLIT 0x000000006F426000 00003C (v01 DELL   PE_SC3   00000001 DELL 01000013)
[    0.015510] ACPI: SRAT 0x000000006F41F000 006430 (v03 DELL   PE_SC3   00000002 DELL 01000013)
[    0.015513] ACPI: OEM4 0x000000004B346000 187A61 (v02 INTEL  CPU  CST 00003000 INTL 20210331)
[    0.015517] ACPI: SSDT 0x000000004B2CF000 0764A5 (v02 INTEL  SSDT  PM 00004000 INTL 20210331)
[    0.015520] ACPI: SSDT 0x000000006F41E000 000A1F (v02 DELL   PE_SC3   00000000 DELL 00000001)
[    0.015524] ACPI: HEST 0x000000006F41D000 00017C (v01 DELL   PE_SC3   00000001 INTL 00000001)
[    0.015527] ACPI: PCAT 0x000000006F41B000 00010C (v19 DELL   PE_SC3   00000002 DELL 00000001)
[    0.015530] ACPI: SSDT 0x000000006F413000 007299 (v02 INTEL  SpsNm    00000002 INTL 20210331)
[    0.015534] ACPI: SSDT 0x000000006F412000 000426 (v02 DELL   PE_SC3   00000002 DELL 00000001)
[    0.015537] ACPI: NFIT 0x000000006F7FD000 000488 (v01 DELL   PE_SC3   00000002 DELL 00000001)
[    0.015540] ACPI: DMAR 0x000000006F411000 000158 (v01 DELL   PE_SC3   00000001 DELL 00000001)
[    0.015543] ACPI: Reserving FACP table memory at [mem 0x6f430000-0x6f430113]
[    0.015545] ACPI: Reserving DSDT table memory at [mem 0x4b4ce000-0x4b54dad2]
[    0.015546] ACPI: Reserving FACS table memory at [mem 0x6f2f2000-0x6f2f203f]
[    0.015547] ACPI: Reserving SSDT table memory at [mem 0x6f7fb000-0x6f7fc599]
[    0.015548] ACPI: Reserving SSDT table memory at [mem 0x6f7fa000-0x6f7fa744]
[    0.015549] ACPI: Reserving MCEJ table memory at [mem 0x6f7f9000-0x6f7f912f]
[    0.015550] ACPI: Reserving BERT table memory at [mem 0x6f7f8000-0x6f7f802f]
[    0.015550] ACPI: Reserving ERST table memory at [mem 0x6f7f7000-0x6f7f722f]
[    0.015551] ACPI: Reserving SSDT table memory at [mem 0x6f431000-0x6f7f624d]
[    0.015552] ACPI: Reserving HMAT table memory at [mem 0x6f42f000-0x6f42f20f]
[    0.015553] ACPI: Reserving HPET table memory at [mem 0x6f42e000-0x6f42e037]
[    0.015554] ACPI: Reserving MCFG table memory at [mem 0x6f42d000-0x6f42d03b]
[    0.015555] ACPI: Reserving MIGT table memory at [mem 0x6f42c000-0x6f42c03f]
[    0.015556] ACPI: Reserving MSCT table memory at [mem 0x6f42b000-0x6f42b08f]
[    0.015557] ACPI: Reserving PMTT table memory at [mem 0x6f429000-0x6f42a1e7]
[    0.015558] ACPI: Reserving WSMT table memory at [mem 0x6f428000-0x6f428027]
[    0.015559] ACPI: Reserving APIC table memory at [mem 0x6f427000-0x6f42775d]
[    0.015559] ACPI: Reserving SLIT table memory at [mem 0x6f426000-0x6f42603b]
[    0.015560] ACPI: Reserving SRAT table memory at [mem 0x6f41f000-0x6f42542f]
[    0.015561] ACPI: Reserving OEM4 table memory at [mem 0x4b346000-0x4b4cda60]
[    0.015562] ACPI: Reserving SSDT table memory at [mem 0x4b2cf000-0x4b3454a4]
[    0.015563] ACPI: Reserving SSDT table memory at [mem 0x6f41e000-0x6f41ea1e]
[    0.015564] ACPI: Reserving HEST table memory at [mem 0x6f41d000-0x6f41d17b]
[    0.015565] ACPI: Reserving PCAT table memory at [mem 0x6f41b000-0x6f41b10b]
[    0.015566] ACPI: Reserving SSDT table memory at [mem 0x6f413000-0x6f41a298]
[    0.015567] ACPI: Reserving SSDT table memory at [mem 0x6f412000-0x6f412425]
[    0.015568] ACPI: Reserving NFIT table memory at [mem 0x6f7fd000-0x6f7fd487]
[    0.015569] ACPI: Reserving DMAR table memory at [mem 0x6f411000-0x6f411157]
[    0.015579] Setting APIC routing to cluster x2apic.
[    0.015626] SRAT: PXM 0 -> APIC 0x0000 -> Node 0
[    0.015627] SRAT: PXM 0 -> APIC 0x0001 -> Node 0
[    0.015628] SRAT: PXM 0 -> APIC 0x0002 -> Node 0
[    0.015629] SRAT: PXM 0 -> APIC 0x0003 -> Node 0
[    0.015629] SRAT: PXM 0 -> APIC 0x0004 -> Node 0
[    0.015630] SRAT: PXM 0 -> APIC 0x0005 -> Node 0
[    0.015631] SRAT: PXM 0 -> APIC 0x0006 -> Node 0
[    0.015631] SRAT: PXM 0 -> APIC 0x0007 -> Node 0
[    0.015632] SRAT: PXM 0 -> APIC 0x0008 -> Node 0
[    0.015633] SRAT: PXM 0 -> APIC 0x0009 -> Node 0
[    0.015633] SRAT: PXM 0 -> APIC 0x000a -> Node 0
[    0.015634] SRAT: PXM 0 -> APIC 0x000b -> Node 0
[    0.015635] SRAT: PXM 0 -> APIC 0x000c -> Node 0
[    0.015636] SRAT: PXM 0 -> APIC 0x000d -> Node 0
[    0.015636] SRAT: PXM 0 -> APIC 0x000e -> Node 0
[    0.015637] SRAT: PXM 0 -> APIC 0x000f -> Node 0
[    0.015638] SRAT: PXM 0 -> APIC 0x0010 -> Node 0
[    0.015639] SRAT: PXM 0 -> APIC 0x0011 -> Node 0
[    0.015640] SRAT: PXM 0 -> APIC 0x0012 -> Node 0
[    0.015640] SRAT: PXM 0 -> APIC 0x0013 -> Node 0
[    0.015641] SRAT: PXM 0 -> APIC 0x0014 -> Node 0
[    0.015642] SRAT: PXM 0 -> APIC 0x0015 -> Node 0
[    0.015642] SRAT: PXM 0 -> APIC 0x0016 -> Node 0
[    0.015643] SRAT: PXM 0 -> APIC 0x0017 -> Node 0
[    0.015644] SRAT: PXM 0 -> APIC 0x0018 -> Node 0
[    0.015644] SRAT: PXM 0 -> APIC 0x0019 -> Node 0
[    0.015645] SRAT: PXM 0 -> APIC 0x001a -> Node 0
[    0.015645] SRAT: PXM 0 -> APIC 0x001b -> Node 0
[    0.015646] SRAT: PXM 0 -> APIC 0x001c -> Node 0
[    0.015647] SRAT: PXM 0 -> APIC 0x001d -> Node 0
[    0.015647] SRAT: PXM 0 -> APIC 0x001e -> Node 0
[    0.015648] SRAT: PXM 0 -> APIC 0x001f -> Node 0
[    0.015649] SRAT: PXM 0 -> APIC 0x0020 -> Node 0
[    0.015649] SRAT: PXM 0 -> APIC 0x0021 -> Node 0
[    0.015650] SRAT: PXM 0 -> APIC 0x0022 -> Node 0
[    0.015651] SRAT: PXM 0 -> APIC 0x0023 -> Node 0
[    0.015651] SRAT: PXM 0 -> APIC 0x0024 -> Node 0
[    0.015652] SRAT: PXM 0 -> APIC 0x0025 -> Node 0
[    0.015653] SRAT: PXM 0 -> APIC 0x0026 -> Node 0
[    0.015653] SRAT: PXM 0 -> APIC 0x0027 -> Node 0
[    0.015654] SRAT: PXM 0 -> APIC 0x0028 -> Node 0
[    0.015655] SRAT: PXM 0 -> APIC 0x0029 -> Node 0
[    0.015655] SRAT: PXM 0 -> APIC 0x002a -> Node 0
[    0.015656] SRAT: PXM 0 -> APIC 0x002b -> Node 0
[    0.015657] SRAT: PXM 0 -> APIC 0x002c -> Node 0
[    0.015657] SRAT: PXM 0 -> APIC 0x002d -> Node 0
[    0.015658] SRAT: PXM 0 -> APIC 0x002e -> Node 0
[    0.015659] SRAT: PXM 0 -> APIC 0x002f -> Node 0
[    0.015659] SRAT: PXM 0 -> APIC 0x0030 -> Node 0
[    0.015660] SRAT: PXM 0 -> APIC 0x0031 -> Node 0
[    0.015661] SRAT: PXM 0 -> APIC 0x0032 -> Node 0
[    0.015661] SRAT: PXM 0 -> APIC 0x0033 -> Node 0
[    0.015662] SRAT: PXM 0 -> APIC 0x0034 -> Node 0
[    0.015663] SRAT: PXM 0 -> APIC 0x0035 -> Node 0
[    0.015663] SRAT: PXM 0 -> APIC 0x0036 -> Node 0
[    0.015664] SRAT: PXM 0 -> APIC 0x0037 -> Node 0
[    0.015665] SRAT: PXM 1 -> APIC 0x0080 -> Node 1
[    0.015665] SRAT: PXM 1 -> APIC 0x0081 -> Node 1
[    0.015666] SRAT: PXM 1 -> APIC 0x0082 -> Node 1
[    0.015667] SRAT: PXM 1 -> APIC 0x0083 -> Node 1
[    0.015668] SRAT: PXM 1 -> APIC 0x0084 -> Node 1
[    0.015668] SRAT: PXM 1 -> APIC 0x0085 -> Node 1
[    0.015669] SRAT: PXM 1 -> APIC 0x0086 -> Node 1
[    0.015670] SRAT: PXM 1 -> APIC 0x0087 -> Node 1
[    0.015671] SRAT: PXM 1 -> APIC 0x0088 -> Node 1
[    0.015671] SRAT: PXM 1 -> APIC 0x0089 -> Node 1
[    0.015672] SRAT: PXM 1 -> APIC 0x008a -> Node 1
[    0.015673] SRAT: PXM 1 -> APIC 0x008b -> Node 1
[    0.015673] SRAT: PXM 1 -> APIC 0x008c -> Node 1
[    0.015674] SRAT: PXM 1 -> APIC 0x008d -> Node 1
[    0.015674] SRAT: PXM 1 -> APIC 0x008e -> Node 1
[    0.015675] SRAT: PXM 1 -> APIC 0x008f -> Node 1
[    0.015676] SRAT: PXM 1 -> APIC 0x0090 -> Node 1
[    0.015676] SRAT: PXM 1 -> APIC 0x0091 -> Node 1
[    0.015677] SRAT: PXM 1 -> APIC 0x0092 -> Node 1
[    0.015678] SRAT: PXM 1 -> APIC 0x0093 -> Node 1
[    0.015678] SRAT: PXM 1 -> APIC 0x0094 -> Node 1
[    0.015679] SRAT: PXM 1 -> APIC 0x0095 -> Node 1
[    0.015680] SRAT: PXM 1 -> APIC 0x0096 -> Node 1
[    0.015680] SRAT: PXM 1 -> APIC 0x0097 -> Node 1
[    0.015681] SRAT: PXM 1 -> APIC 0x0098 -> Node 1
[    0.015682] SRAT: PXM 1 -> APIC 0x0099 -> Node 1
[    0.015682] SRAT: PXM 1 -> APIC 0x009a -> Node 1
[    0.015683] SRAT: PXM 1 -> APIC 0x009b -> Node 1
[    0.015684] SRAT: PXM 1 -> APIC 0x009c -> Node 1
[    0.015684] SRAT: PXM 1 -> APIC 0x009d -> Node 1
[    0.015685] SRAT: PXM 1 -> APIC 0x009e -> Node 1
[    0.015686] SRAT: PXM 1 -> APIC 0x009f -> Node 1
[    0.015686] SRAT: PXM 1 -> APIC 0x00a0 -> Node 1
[    0.015687] SRAT: PXM 1 -> APIC 0x00a1 -> Node 1
[    0.015688] SRAT: PXM 1 -> APIC 0x00a2 -> Node 1
[    0.015688] SRAT: PXM 1 -> APIC 0x00a3 -> Node 1
[    0.015689] SRAT: PXM 1 -> APIC 0x00a4 -> Node 1
[    0.015690] SRAT: PXM 1 -> APIC 0x00a5 -> Node 1
[    0.015690] SRAT: PXM 1 -> APIC 0x00a6 -> Node 1
[    0.015691] SRAT: PXM 1 -> APIC 0x00a7 -> Node 1
[    0.015692] SRAT: PXM 1 -> APIC 0x00a8 -> Node 1
[    0.015692] SRAT: PXM 1 -> APIC 0x00a9 -> Node 1
[    0.015693] SRAT: PXM 1 -> APIC 0x00aa -> Node 1
[    0.015693] SRAT: PXM 1 -> APIC 0x00ab -> Node 1
[    0.015694] SRAT: PXM 1 -> APIC 0x00ac -> Node 1
[    0.015695] SRAT: PXM 1 -> APIC 0x00ad -> Node 1
[    0.015695] SRAT: PXM 1 -> APIC 0x00ae -> Node 1
[    0.015696] SRAT: PXM 1 -> APIC 0x00af -> Node 1
[    0.015697] SRAT: PXM 1 -> APIC 0x00b0 -> Node 1
[    0.015698] SRAT: PXM 1 -> APIC 0x00b1 -> Node 1
[    0.015698] SRAT: PXM 1 -> APIC 0x00b2 -> Node 1
[    0.015699] SRAT: PXM 1 -> APIC 0x00b3 -> Node 1
[    0.015700] SRAT: PXM 1 -> APIC 0x00b4 -> Node 1
[    0.015701] SRAT: PXM 1 -> APIC 0x00b5 -> Node 1
[    0.015701] SRAT: PXM 1 -> APIC 0x00b6 -> Node 1
[    0.015702] SRAT: PXM 1 -> APIC 0x00b7 -> Node 1
[    0.015714] ACPI: SRAT: Node 0 PXM 0 [mem 0x00000000-0x7fffffff]
[    0.015716] ACPI: SRAT: Node 0 PXM 0 [mem 0x100000000-0x107fffffff]
[    0.015718] ACPI: SRAT: Node 2 PXM 2 [mem 0x2080000000-0x9e7fffffff] non-volatile
[    0.015719] ACPI: SRAT: Node 1 PXM 1 [mem 0x1080000000-0x207fffffff]
[    0.015720] ACPI: SRAT: Node 3 PXM 3 [mem 0x9e80000000-0x11c7fffffff] non-volatile
[    0.015729] NUMA: Initialized distance table, cnt=4
[    0.015733] NUMA: Node 0 [mem 0x00000000-0x7fffffff] + [mem 0x100000000-0x107fffffff] -> [mem 0x00000000-0x107fffffff]
[    0.015742] NODE_DATA(0) allocated [mem 0xffffd5000-0xfffffffff]
[    0.015760] NODE_DATA(1) allocated [mem 0x205de33000-0x205de5dfff]
[    0.015933] Zone ranges:
[    0.015934]   DMA      [mem 0x0000000000001000-0x0000000000ffffff]
[    0.015936]   DMA32    [mem 0x0000000001000000-0x00000000ffffffff]
[    0.015937]   Normal   [mem 0x0000000100000000-0x000000207fffffff]
[    0.015939]   Device   empty
[    0.015940] Movable zone start for each node
[    0.015943] Early memory node ranges
[    0.015944]   node   0: [mem 0x0000000000001000-0x000000000008efff]
[    0.015945]   node   0: [mem 0x0000000000090000-0x000000000009ffff]
[    0.015946]   node   0: [mem 0x0000000000100000-0x0000000049e76fff]
[    0.015947]   node   0: [mem 0x000000004ae77000-0x000000004b2cefff]
[    0.015948]   node   0: [mem 0x000000004b54e000-0x000000004bd93fff]
[    0.015949]   node   0: [mem 0x000000004be9a000-0x000000004cdfffff]
[    0.015949]   node   0: [mem 0x000000004d000000-0x000000005eefdfff]
[    0.015950]   node   0: [mem 0x000000006f7ff000-0x000000006f7fffff]
[    0.015951]   node   0: [mem 0x0000000cc4400000-0x0000000fffffffff]
[    0.015953]   node   1: [mem 0x0000001ec0000000-0x000000207fffffff]
[    0.015954] Initmem setup node 0 [mem 0x0000000000001000-0x0000000fffffffff]
[    0.015957] Initmem setup node 1 [mem 0x0000001ec0000000-0x000000207fffffff]
[    0.015959] Initializing node 2 as memoryless
[    0.015983] Initmem setup node 2 as memoryless
[    0.015984] Initializing node 3 as memoryless
[    0.016008] Initmem setup node 3 as memoryless
[    0.016010] On node 0, zone DMA: 1 pages in unavailable ranges
[    0.016012] On node 0, zone DMA: 1 pages in unavailable ranges
[    0.016041] On node 0, zone DMA: 96 pages in unavailable ranges
[    0.018129] On node 0, zone DMA32: 4096 pages in unavailable ranges
[    0.018152] On node 0, zone DMA32: 639 pages in unavailable ranges
[    0.018184] On node 0, zone DMA32: 262 pages in unavailable ranges
[    0.018695] On node 0, zone DMA32: 512 pages in unavailable ranges
[    0.018967] On node 0, zone DMA32: 35073 pages in unavailable ranges
[    0.043890] On node 0, zone Normal: 19456 pages in unavailable ranges
[    0.058163] ACPI: PM-Timer IO Port: 0x508
[    0.058180] ACPI: X2APIC_NMI (uid[0xffffffff] high edge lint[0x1])
[    0.058184] ACPI: LAPIC_NMI (acpi_id[0xff] high edge lint[0x1])
[    0.058203] IOAPIC[0]: apic_id 8, version 32, address 0xfec00000, GSI 0-119
[    0.058206] ACPI: INT_SRC_OVR (bus 0 bus_irq 0 global_irq 2 dfl dfl)
[    0.058208] ACPI: INT_SRC_OVR (bus 0 bus_irq 9 global_irq 9 high level)
[    0.058213] ACPI: Using ACPI (MADT) for SMP configuration information
[    0.058214] ACPI: HPET id: 0x8086a701 base: 0xfed00000
[    0.058218] TSC deadline timer available
[    0.058220] smpboot: Allowing 112 CPUs, 0 hotplug CPUs
[    0.058248] PM: hibernation: Registered nosave memory: [mem 0x00000000-0x00000fff]
[    0.058251] PM: hibernation: Registered nosave memory: [mem 0x0008f000-0x0008ffff]
[    0.058252] PM: hibernation: Registered nosave memory: [mem 0x000a0000-0x000fffff]
[    0.058254] PM: hibernation: Registered nosave memory: [mem 0x46cc4000-0x46cc4fff]
[    0.058256] PM: hibernation: Registered nosave memory: [mem 0x46cf5000-0x46cf5fff]
[    0.058257] PM: hibernation: Registered nosave memory: [mem 0x46cf6000-0x46cf6fff]
[    0.058259] PM: hibernation: Registered nosave memory: [mem 0x46d28000-0x46d28fff]
[    0.058260] PM: hibernation: Registered nosave memory: [mem 0x46d29000-0x46d29fff]
[    0.058261] PM: hibernation: Registered nosave memory: [mem 0x46d5b000-0x46d5bfff]
[    0.058262] PM: hibernation: Registered nosave memory: [mem 0x46d5c000-0x46d5cfff]
[    0.058264] PM: hibernation: Registered nosave memory: [mem 0x46d64000-0x46d64fff]
[    0.058266] PM: hibernation: Registered nosave memory: [mem 0x49e77000-0x4ae76fff]
[    0.058268] PM: hibernation: Registered nosave memory: [mem 0x4b2cf000-0x4b54dfff]
[    0.058269] PM: hibernation: Registered nosave memory: [mem 0x4bd94000-0x4be99fff]
[    0.058271] PM: hibernation: Registered nosave memory: [mem 0x4ce00000-0x4cffffff]
[    0.058273] PM: hibernation: Registered nosave memory: [mem 0x5eefe000-0x6e3fefff]
[    0.058274] PM: hibernation: Registered nosave memory: [mem 0x6e3ff000-0x6f3fefff]
[    0.058275] PM: hibernation: Registered nosave memory: [mem 0x6f3ff000-0x6f7fefff]
[    0.058276] PM: hibernation: Registered nosave memory: [mem 0x6f800000-0x8fffffff]
[    0.058277] PM: hibernation: Registered nosave memory: [mem 0x90000000-0xfdffffff]
[    0.058278] PM: hibernation: Registered nosave memory: [mem 0xfe000000-0xfe010fff]
[    0.058279] PM: hibernation: Registered nosave memory: [mem 0xfe011000-0xffffffff]
[    0.058279] PM: hibernation: Registered nosave memory: [mem 0x100000000-0xcc43fffff]
[    0.058281] PM: hibernation: Registered nosave memory: [mem 0x1000000000-0x1ebfffffff]
[    0.058283] [mem 0x90000000-0xfdffffff] available for PCI devices
[    0.058285] Booting paravirtualized kernel on bare hardware
[    0.058288] clocksource: refined-jiffies: mask: 0xffffffff max_cycles: 0xffffffff, max_idle_ns: 7645519600211568 ns
[    0.058294] setup_percpu: NR_CPUS:8192 nr_cpumask_bits:112 nr_cpu_ids:112 nr_node_ids:4
[    0.063073] percpu: Embedded 61 pages/cpu s212992 r8192 d28672 u262144
[    0.063085] pcpu-alloc: s212992 r8192 d28672 u262144 alloc=1*2097152
[    0.063088] pcpu-alloc: [0] 000 002 004 006 008 010 012 014 
[    0.063094] pcpu-alloc: [0] 016 018 020 022 024 026 028 030 
[    0.063099] pcpu-alloc: [0] 032 034 036 038 040 042 044 046 
[    0.063104] pcpu-alloc: [0] 048 050 052 054 056 058 060 062 
[    0.063108] pcpu-alloc: [0] 064 066 068 070 072 074 076 078 
[    0.063113] pcpu-alloc: [0] 080 082 084 086 088 090 092 094 
[    0.063117] pcpu-alloc: [0] 096 098 100 102 104 106 108 110 
[    0.063122] pcpu-alloc: [1] 001 003 005 007 009 011 013 015 
[    0.063126] pcpu-alloc: [1] 017 019 021 023 025 027 029 031 
[    0.063131] pcpu-alloc: [1] 033 035 037 039 041 043 045 047 
[    0.063135] pcpu-alloc: [1] 049 051 053 055 057 059 061 063 
[    0.063140] pcpu-alloc: [1] 065 067 069 071 073 075 077 079 
[    0.063144] pcpu-alloc: [1] 081 083 085 087 089 091 093 095 
[    0.063149] pcpu-alloc: [1] 097 099 101 103 105 107 109 111 
[    0.063195] Fallback order for Node 0: 0 1 
[    0.063199] Fallback order for Node 1: 1 0 
[    0.063201] Fallback order for Node 2: 2 0 1 
[    0.063204] Fallback order for Node 3: 3 1 0 
[    0.063212] Built 2 zonelists, mobility grouping on.  Total pages: 5519908
[    0.063213] Policy zone: Normal
[    0.063215] Kernel command line: BOOT_IMAGE=/boot/vmlinuz-5.18.0 root=UUID=ce0c24b8-724b-4f33-9b2c-618433560aef ro memmap=48196M!4096M memmap=59G!64G quiet splash nomodeset vt.handoff=1
[    0.063339] Booted with the nomodeset parameter. Only the system framebuffer will be available
[    0.063361] Unknown kernel command line parameters "splash BOOT_IMAGE=/boot/vmlinuz-5.18.0", will be passed to user space.
[    0.063363] printk: log_buf_len individual max cpu contribution: 4096 bytes
[    0.063364] printk: log_buf_len total cpu_extra contributions: 454656 bytes
[    0.063365] printk: log_buf_len min size: 262144 bytes
[    0.064352] printk: log_buf_len: 1048576 bytes
[    0.064353] printk: early log buf free: 223664(85%)
[    0.066261] mem auto-init: stack:off, heap alloc:on, heap free:off
[    0.127418] Memory: 21252012K/22434912K available (16392K kernel code, 3615K rwdata, 10444K rodata, 2688K init, 5836K bss, 1182640K reserved, 0K cma-reserved)
[    0.127424] random: get_random_u64 called from __kmem_cache_create+0x2d/0x480 with crng_init=0
[    0.128206] SLUB: HWalign=64, Order=0-3, MinObjects=0, CPUs=112, Nodes=4
[    0.128241] ftrace: allocating 48795 entries in 191 pages
[    0.136796] ftrace: allocated 191 pages with 7 groups
[    0.137771] Dynamic Preempt: voluntary
[    0.138103] rcu: Preemptible hierarchical RCU implementation.
[    0.138104] rcu: 	RCU restricting CPUs from NR_CPUS=8192 to nr_cpu_ids=112.
[    0.138105] 	Trampoline variant of Tasks RCU enabled.
[    0.138106] 	Rude variant of Tasks RCU enabled.
[    0.138106] 	Tracing variant of Tasks RCU enabled.
[    0.138107] rcu: RCU calculated value of scheduler-enlistment delay is 25 jiffies.
[    0.138108] rcu: Adjusting geometry for rcu_fanout_leaf=16, nr_cpu_ids=112
[    0.141918] NR_IRQS: 524544, nr_irqs: 2952, preallocated irqs: 16
[    0.142266] random: crng init done (trusting CPU's manufacturer)
[    0.142404] Console: colour dummy device 80x25
[    0.142438] printk: console [tty0] enabled
[    0.142646] mempolicy: Enabling automatic NUMA balancing. Configure with numa_balancing= or the kernel.numa_balancing sysctl
[    0.142651] ACPI: Core revision 20211217
[    0.146046] clocksource: hpet: mask: 0xffffffff max_cycles: 0xffffffff, max_idle_ns: 79635855245 ns
[    0.146091] APIC: Switch to symmetric I/O mode setup
[    0.146092] DMAR: Host address width 46
[    0.146093] DMAR: DRHD base: 0x000000d0ffc000 flags: 0x0
[    0.146099] DMAR: dmar0: reg_base_addr d0ffc000 ver 4:0 cap 8ed008c40780466 ecap 60000f050df
[    0.146102] DMAR: DRHD base: 0x000000dbbfc000 flags: 0x0
[    0.146105] DMAR: dmar1: reg_base_addr dbbfc000 ver 4:0 cap 8ed008c40780466 ecap 60000f050df
[    0.146106] DMAR: DRHD base: 0x000000e67fc000 flags: 0x0
[    0.146110] DMAR: dmar2: reg_base_addr e67fc000 ver 4:0 cap 8ed008c40780466 ecap 60000f050df
[    0.146112] DMAR: DRHD base: 0x000000f13fc000 flags: 0x0
[    0.146115] DMAR: dmar3: reg_base_addr f13fc000 ver 4:0 cap 8ed008c40780466 ecap 60000f050df
[    0.146117] DMAR: DRHD base: 0x000000fb7fc000 flags: 0x0
[    0.146119] DMAR: dmar4: reg_base_addr fb7fc000 ver 4:0 cap 8ed008c40780466 ecap 60000f050df
[    0.146121] DMAR: DRHD base: 0x000000a63fc000 flags: 0x0
[    0.146124] DMAR: dmar5: reg_base_addr a63fc000 ver 4:0 cap 8ed008c40780466 ecap 60000f050df
[    0.146126] DMAR: DRHD base: 0x000000b0ffc000 flags: 0x0
[    0.146130] DMAR: dmar6: reg_base_addr b0ffc000 ver 4:0 cap 8ed008c40780466 ecap 60000f050df
[    0.146132] DMAR: DRHD base: 0x000000bbbfc000 flags: 0x0
[    0.146135] DMAR: dmar7: reg_base_addr bbbfc000 ver 4:0 cap 8ed008c40780466 ecap 60000f050df
[    0.146137] DMAR: DRHD base: 0x000000c5ffc000 flags: 0x0
[    0.146139] DMAR: dmar8: reg_base_addr c5ffc000 ver 4:0 cap 8ed008c40780466 ecap 60000f050df
[    0.146141] DMAR: DRHD base: 0x0000009b7fc000 flags: 0x1
[    0.146144] DMAR: dmar9: reg_base_addr 9b7fc000 ver 4:0 cap 8ed008c40780466 ecap 60000f050df
[    0.146146] DMAR: RMRR base: 0x00000069427000 end: 0x00000069429fff
[    0.146147] DMAR: ATSR flags: 0x0
[    0.146150] DMAR-IR: IOAPIC id 8 under DRHD base  0x9b7fc000 IOMMU 9
[    0.146151] DMAR-IR: HPET id 0 under DRHD base 0x9b7fc000
[    0.146153] DMAR-IR: Queued invalidation will be enabled to support x2apic and Intr-remapping.
[    0.149113] DMAR-IR: Enabled IRQ remapping in x2apic mode
[    0.151751] ..TIMER: vector=0x30 apic1=0 pin1=2 apic2=-1 pin2=-1
[    0.170020] clocksource: tsc-early: mask: 0xffffffffffffffff max_cycles: 0x39a85c9bff6, max_idle_ns: 881590591483 ns
[    0.170026] Calibrating delay loop (skipped), value calculated using timer frequency.. 4000.00 BogoMIPS (lpj=8000000)
[    0.170029] pid_max: default: 114688 minimum: 896
[    0.173858] LSM: Security Framework initializing
[    0.173876] Yama: becoming mindful.
[    0.173923] AppArmor: AppArmor initialized
[    0.178112] Dentry cache hash table entries: 4194304 (order: 13, 33554432 bytes, vmalloc hugepage)
[    0.180186] Inode-cache hash table entries: 2097152 (order: 12, 16777216 bytes, vmalloc hugepage)
[    0.180298] Mount-cache hash table entries: 65536 (order: 7, 524288 bytes, vmalloc)
[    0.180374] Mountpoint-cache hash table entries: 65536 (order: 7, 524288 bytes, vmalloc)
[    0.180961] x86/tme: not enabled by BIOS
[    0.180971] CPU0: Thermal monitoring enabled (TM1)
[    0.180973] x86/cpu: User Mode Instruction Prevention (UMIP) activated
[    0.181208] process: using mwait in idle threads
[    0.181210] Last level iTLB entries: 4KB 0, 2MB 0, 4MB 0
[    0.181211] Last level dTLB entries: 4KB 0, 2MB 0, 4MB 0, 1GB 0
[    0.181217] Spectre V1 : Mitigation: usercopy/swapgs barriers and __user pointer sanitization
[    0.181219] Spectre V2 : WARNING: Unprivileged eBPF is enabled with eIBRS on, data leaks possible via Spectre v2 BHB attacks!
[    0.181224] Spectre V2 : Mitigation: Enhanced IBRS
[    0.181225] Spectre V2 : Spectre v2 / SpectreRSB mitigation: Filling RSB on context switch
[    0.181226] Spectre V2 : mitigation: Enabling conditional Indirect Branch Prediction Barrier
[    0.181228] Speculative Store Bypass: Mitigation: Speculative Store Bypass disabled via prctl
[    0.186407] Freeing SMP alternatives memory: 40K
[    0.190168] smpboot: Estimated ratio of average max frequency by base frequency (times 1024): 1433
[    0.190184] smpboot: CPU0: Intel(R) Xeon(R) Gold 6330 CPU @ 2.00GHz (family: 0x6, model: 0x6a, stepping: 0x6)
[    0.190401] cblist_init_generic: Setting adjustable number of callback queues.
[    0.190416] cblist_init_generic: Setting shift to 7 and lim to 1.
[    0.190442] cblist_init_generic: Setting shift to 7 and lim to 1.
[    0.190471] cblist_init_generic: Setting shift to 7 and lim to 1.
[    0.190482] Performance Events: PEBS fmt4+-baseline,  AnyThread deprecated, Icelake events, 32-deep LBR, full-width counters, Intel PMU driver.
[    0.190519] ... version:                5
[    0.190520] ... bit width:              48
[    0.190520] ... generic registers:      8
[    0.190521] ... value mask:             0000ffffffffffff
[    0.190522] ... max period:             00007fffffffffff
[    0.190522] ... fixed-purpose events:   4
[    0.190523] ... event mask:             0001000f000000ff
[    0.190705] rcu: Hierarchical SRCU implementation.
[    0.197945] NMI watchdog: Enabled. Permanently consumes one hw-PMU counter.
[    0.199071] smp: Bringing up secondary CPUs ...
[    0.199204] x86: Booting SMP configuration:
[    0.199205] .... node  #1, CPUs:          #1
[    0.007764] smpboot: CPU 1 Converting physical 0 to logical die 1

[    0.286147] .... node  #0, CPUs:     #2
[    0.291527] .... node  #1, CPUs:     #3
[    0.296970] .... node  #0, CPUs:     #4
[    0.302361] .... node  #1, CPUs:     #5
[    0.307753] .... node  #0, CPUs:     #6
[    0.313342] .... node  #1, CPUs:     #7
[    0.318943] .... node  #0, CPUs:     #8
[    0.324249] .... node  #1, CPUs:     #9
[    0.330135] .... node  #0, CPUs:    #10
[    0.335716] .... node  #1, CPUs:    #11
[    0.341479] .... node  #0, CPUs:    #12
[    0.347004] .... node  #1, CPUs:    #13
[    0.352374] .... node  #0, CPUs:    #14
[    0.357620] .... node  #1, CPUs:    #15
[    0.362958] .... node  #0, CPUs:    #16
[    0.368240] .... node  #1, CPUs:    #17
[    0.373572] .... node  #0, CPUs:    #18
[    0.378837] .... node  #1, CPUs:    #19
[    0.384502] .... node  #0, CPUs:    #20
[    0.389745] .... node  #1, CPUs:    #21
[    0.395373] .... node  #0, CPUs:    #22
[    0.400821] .... node  #1, CPUs:    #23
[    0.406133] .... node  #0, CPUs:    #24
[    0.411754] .... node  #1, CPUs:    #25
[    0.417108] .... node  #0, CPUs:    #26
[    0.422342] .... node  #1, CPUs:    #27
[    0.427672] .... node  #0, CPUs:    #28
[    0.433188] .... node  #1, CPUs:    #29
[    0.438505] .... node  #0, CPUs:    #30
[    0.443759] .... node  #1, CPUs:    #31
[    0.449249] .... node  #0, CPUs:    #32
[    0.454552] .... node  #1, CPUs:    #33
[    0.459933] .... node  #0, CPUs:    #34
[    0.465389] .... node  #1, CPUs:    #35
[    0.470726] .... node  #0, CPUs:    #36
[    0.475958] .... node  #1, CPUs:    #37
[    0.481282] .... node  #0, CPUs:    #38
[    0.486857] .... node  #1, CPUs:    #39
[    0.492402] .... node  #0, CPUs:    #40
[    0.498187] .... node  #1, CPUs:    #41
[    0.503782] .... node  #0, CPUs:    #42
[    0.509106] .... node  #1, CPUs:    #43
[    0.514775] .... node  #0, CPUs:    #44
[    0.520160] .... node  #1, CPUs:    #45
[    0.525649] .... node  #0, CPUs:    #46
[    0.531201] .... node  #1, CPUs:    #47
[    0.536661] .... node  #0, CPUs:    #48
[    0.542185] .... node  #1, CPUs:    #49
[    0.547477] .... node  #0, CPUs:    #50
[    0.552991] .... node  #1, CPUs:    #51
[    0.558643] .... node  #0, CPUs:    #52
[    0.564131] .... node  #1, CPUs:    #53
[    0.569738] .... node  #0, CPUs:    #54
[    0.575449] .... node  #1, CPUs:    #55
[    0.581264] .... node  #0, CPUs:    #56
[    0.587426] .... node  #1, CPUs:    #57
[    0.593347] .... node  #0, CPUs:    #58
[    0.598767] .... node  #1, CPUs:    #59
[    0.604226] .... node  #0, CPUs:    #60
[    0.609635] .... node  #1, CPUs:    #61
[    0.615056] .... node  #0, CPUs:    #62
[    0.620662] .... node  #1, CPUs:    #63
[    0.626278] .... node  #0, CPUs:    #64
[    0.631589] .... node  #1, CPUs:    #65
[    0.637361] .... node  #0, CPUs:    #66
[    0.643137] .... node  #1, CPUs:    #67
[    0.648895] .... node  #0, CPUs:    #68
[    0.654438] .... node  #1, CPUs:    #69
[    0.659824] .... node  #0, CPUs:    #70
[    0.665091] .... node  #1, CPUs:    #71
[    0.670435] .... node  #0, CPUs:    #72
[    0.675734] .... node  #1, CPUs:    #73
[    0.681084] .... node  #0, CPUs:    #74
[    0.686374] .... node  #1, CPUs:    #75
[    0.692041] .... node  #0, CPUs:    #76
[    0.697326] .... node  #1, CPUs:    #77
[    0.702959] .... node  #0, CPUs:    #78
[    0.708434] .... node  #1, CPUs:    #79
[    0.713743] .... node  #0, CPUs:    #80
[    0.719403] .... node  #1, CPUs:    #81
[    0.724778] .... node  #0, CPUs:    #82
[    0.730196] .... node  #1, CPUs:    #83
[    0.735366] .... node  #0, CPUs:    #84
[    0.740906] .... node  #1, CPUs:    #85
[    0.746238] .... node  #0, CPUs:    #86
[    0.751500] .... node  #1, CPUs:    #87
[    0.757021] .... node  #0, CPUs:    #88
[    0.762338] .... node  #1, CPUs:    #89
[    0.767756] .... node  #0, CPUs:    #90
[    0.773235] .... node  #1, CPUs:    #91
[    0.778581] .... node  #0, CPUs:    #92
[    0.783830] .... node  #1, CPUs:    #93
[    0.789178] .... node  #0, CPUs:    #94
[    0.794769] .... node  #1, CPUs:    #95
[    0.800341] .... node  #0, CPUs:    #96
[    0.806189] .... node  #1, CPUs:    #97
[    0.811773] .... node  #0, CPUs:    #98
[    0.817111] .... node  #1, CPUs:    #99
[    0.822807] .... node  #0, CPUs:   #100
[    0.828206] .... node  #1, CPUs:   #101
[    0.833714] .... node  #0, CPUs:   #102
[    0.839278] .... node  #1, CPUs:   #103
[    0.844778] .... node  #0, CPUs:   #104
[    0.850189] .... node  #1, CPUs:   #105
[    0.855609] .... node  #0, CPUs:   #106
[    0.861132] .... node  #1, CPUs:   #107
[    0.866813] .... node  #0, CPUs:   #108
[    0.872315] .... node  #1, CPUs:   #109
[    0.878140] .... node  #0, CPUs:   #110
[    0.883682] .... node  #1, CPUs:   #111
[    0.889524] smp: Brought up 2 nodes, 112 CPUs
[    0.889524] smpboot: Max logical packages: 2
[    0.889524] smpboot: Total of 112 processors activated (448089.90 BogoMIPS)
[    0.893474] devtmpfs: initialized
[    0.893474] x86/mm: Memory block size: 2048MB
[    0.894030] ACPI: PM: Registering ACPI NVS region [mem 0x49e77000-0x4ae76fff] (16777216 bytes)
[    0.894229] ACPI: PM: Registering ACPI NVS region [mem 0x6e3ff000-0x6f3fefff] (16777216 bytes)
[    0.894501] clocksource: jiffies: mask: 0xffffffff max_cycles: 0xffffffff, max_idle_ns: 7645041785100000 ns
[    0.894804] futex hash table entries: 32768 (order: 9, 2097152 bytes, vmalloc)
[    0.895052] pinctrl core: initialized pinctrl subsystem
[    0.895204] PM: RTC time: 13:59:22, date: 2024-07-01
[    0.896151] NET: Registered PF_NETLINK/PF_ROUTE protocol family
[    0.896949] DMA: preallocated 4096 KiB GFP_KERNEL pool for atomic allocations
[    0.897453] DMA: preallocated 4096 KiB GFP_KERNEL|GFP_DMA pool for atomic allocations
[    0.897960] DMA: preallocated 4096 KiB GFP_KERNEL|GFP_DMA32 pool for atomic allocations
[    0.897969] audit: initializing netlink subsys (disabled)
[    0.897977] audit: type=2000 audit(1719842361.748:1): state=initialized audit_enabled=0 res=1
[    0.898140] thermal_sys: Registered thermal governor 'fair_share'
[    0.898142] thermal_sys: Registered thermal governor 'bang_bang'
[    0.898143] thermal_sys: Registered thermal governor 'step_wise'
[    0.898143] thermal_sys: Registered thermal governor 'user_space'
[    0.898148] EISA bus registered
[    0.898173] cpuidle: using governor ladder
[    0.898173] cpuidle: using governor menu
[    0.898173] ACPI FADT declares the system doesn't support PCIe ASPM, so disable it
[    0.898173] acpiphp: ACPI Hot Plug PCI Controller Driver version: 0.5
[    0.898184] PCI: MMCONFIG for domain 0000 [bus 00-ff] at [mem 0x80000000-0x8fffffff] (base 0x80000000)
[    0.898189] PCI: MMCONFIG at [mem 0x80000000-0x8fffffff] reserved in E820
[    0.898195] pmd_set_huge: Cannot satisfy [mem 0x80000000-0x80200000] with a huge-page mapping due to MTRR override.
[    0.898395] PCI: Using configuration type 1 for base access
[    0.898405] PCI: Dell System detected, enabling pci=bfsort.
[    0.900566] ENERGY_PERF_BIAS: Set to 'normal', was 'performance'
[    0.903391] kprobes: kprobe jump-optimization is enabled. All kprobes are optimized if possible.
[    0.903396] HugeTLB registered 1.00 GiB page size, pre-allocated 0 pages
[    0.903396] HugeTLB registered 2.00 MiB page size, pre-allocated 0 pages
[    0.906390] fbcon: Taking over console
[    0.906390] ACPI: Added _OSI(Module Device)
[    0.906390] ACPI: Added _OSI(Processor Device)
[    0.906390] ACPI: Added _OSI(3.0 _SCP Extensions)
[    0.906390] ACPI: Added _OSI(Processor Aggregator Device)
[    0.906390] ACPI: Added _OSI(Linux-Dell-Video)
[    0.906390] ACPI: Added _OSI(Linux-Lenovo-NV-HDMI-Audio)
[    0.906390] ACPI: Added _OSI(Linux-HPI-Hybrid-Graphics)
[    1.076724] ACPI: 8 ACPI AML tables successfully acquired and loaded
[    1.083018] ACPI: [Firmware Bug]: BIOS _OSI(Linux) query ignored
[    1.090051] ACPI: Dynamic OEM Table Load:
[    1.506090] ACPI: Interpreter enabled
[    1.506112] ACPI: PM: (supports S0 S5)
[    1.506113] ACPI: Using IOAPIC for interrupt routing
[    1.506197] HEST: Table parsing has been initialized.
[    1.506381] GHES: APEI firmware first mode is enabled by APEI bit and WHEA _OSC.
[    1.506384] PCI: Using host bridge windows from ACPI; if necessary, use "pci=nocrs" and report a bug
[    1.536143] ACPI: Enabled 4 GPEs in block 00 to 7F
[    1.664161] ACPI: PCI Root Bridge [PC00] (domain 0000 [bus 00-15])
[    1.664167] acpi PNP0A08:00: _OSC: OS supports [ExtendedConfig ASPM ClockPM Segments MSI HPX-Type3]
[    1.732939] acpi PNP0A08:00: _OSC: platform does not support [SHPCHotplug AER LTR]
[    1.733167] acpi PNP0A08:00: _OSC: OS now controls [PCIeHotplug PME PCIeCapability]
[    1.733168] acpi PNP0A08:00: FADT indicates ASPM is unsupported, using BIOS configuration
[    1.735060] PCI host bridge to bus 0000:00
[    1.735062] pci_bus 0000:00: root bus resource [io  0x0000-0x0cf7 window]
[    1.735064] pci_bus 0000:00: root bus resource [io  0x1000-0x4fff window]
[    1.735066] pci_bus 0000:00: root bus resource [mem 0x000a0000-0x000bffff window]
[    1.735068] pci_bus 0000:00: root bus resource [mem 0x000c8000-0x000cffff window]
[    1.735069] pci_bus 0000:00: root bus resource [mem 0xfe010000-0xfe010fff window]
[    1.735070] pci_bus 0000:00: root bus resource [mem 0x90000000-0x9b7fffff window]
[    1.735071] pci_bus 0000:00: root bus resource [mem 0x200000000000-0x20ffffffffff window]
[    1.735073] pci_bus 0000:00: root bus resource [bus 00-15]
[    1.735087] pci 0000:00:00.0: [8086:09a2] type 00 class 0x088000
[    1.735187] pci 0000:00:00.1: [8086:09a4] type 00 class 0x088000
[    1.735255] pci 0000:00:00.2: [8086:09a3] type 00 class 0x088000
[    1.735324] pci 0000:00:00.4: [8086:0998] type 00 class 0x060000
[    1.735391] pci 0000:00:02.0: [8086:09a6] type 00 class 0x088000
[    1.735400] pci 0000:00:02.0: reg 0x10: [mem 0x92dfc000-0x92dfdfff]
[    1.735475] pci 0000:00:02.1: [8086:09a7] type 00 class 0x088000
[    1.735483] pci 0000:00:02.1: reg 0x10: [mem 0x92d00000-0x92d7ffff]
[    1.735488] pci 0000:00:02.1: reg 0x14: [mem 0x92c80000-0x92cfffff]
[    1.735565] pci 0000:00:02.4: [8086:3456] type 00 class 0x130000
[    1.735575] pci 0000:00:02.4: reg 0x10: [mem 0x92a00000-0x92afffff 64bit]
[    1.735582] pci 0000:00:02.4: reg 0x18: [mem 0x92df0000-0x92df3fff 64bit]
[    1.735589] pci 0000:00:02.4: reg 0x20: [mem 0x92dc0000-0x92ddffff 64bit]
[    1.735668] pci 0000:00:11.0: [8086:a1ec] type 00 class 0xff0000
[    1.735671] pci 0000:00:11.0: device has non-compliant BARs; disabling IO/MEM decoding
[    1.735762] pci 0000:00:11.5: [8086:a1d2] type 00 class 0x010601
[    1.735774] pci 0000:00:11.5: reg 0x10: [mem 0x92dfa000-0x92dfbfff]
[    1.735782] pci 0000:00:11.5: reg 0x14: [mem 0x92e05000-0x92e050ff]
[    1.735789] pci 0000:00:11.5: reg 0x18: [io  0x2068-0x206f]
[    1.735797] pci 0000:00:11.5: reg 0x1c: [io  0x2074-0x2077]
[    1.735804] pci 0000:00:11.5: reg 0x20: [io  0x2040-0x205f]
[    1.735812] pci 0000:00:11.5: reg 0x24: [mem 0x92b80000-0x92bfffff]
[    1.735849] pci 0000:00:11.5: PME# supported from D3hot
[    1.736064] pci 0000:00:14.0: [8086:a1af] type 00 class 0x0c0330
[    1.736081] pci 0000:00:14.0: reg 0x10: [mem 0x92de0000-0x92deffff 64bit]
[    1.736145] pci 0000:00:14.0: PME# supported from D3hot D3cold
[    1.736379] pci 0000:00:14.2: [8086:a1b1] type 00 class 0x118000
[    1.736396] pci 0000:00:14.2: reg 0x10: [mem 0x92e02000-0x92e02fff 64bit]
[    1.736521] pci 0000:00:16.0: [8086:a1ba] type 00 class 0x078000
[    1.736545] pci 0000:00:16.0: reg 0x10: [mem 0x92e01000-0x92e01fff 64bit]
[    1.736629] pci 0000:00:16.0: PME# supported from D3hot
[    1.736692] pci 0000:00:16.1: [8086:a1bb] type 00 class 0x078000
[    1.736715] pci 0000:00:16.1: reg 0x10: [mem 0x92e00000-0x92e00fff 64bit]
[    1.736799] pci 0000:00:16.1: PME# supported from D3hot
[    1.736864] pci 0000:00:16.4: [8086:a1be] type 00 class 0x078000
[    1.736887] pci 0000:00:16.4: reg 0x10: [mem 0x92dff000-0x92dfffff 64bit]
[    1.736970] pci 0000:00:16.4: PME# supported from D3hot
[    1.737042] pci 0000:00:17.0: [8086:a182] type 00 class 0x010601
[    1.737054] pci 0000:00:17.0: reg 0x10: [mem 0x92df8000-0x92df9fff]
[    1.737062] pci 0000:00:17.0: reg 0x14: [mem 0x92e04000-0x92e040ff]
[    1.737069] pci 0000:00:17.0: reg 0x18: [io  0x2060-0x2067]
[    1.737076] pci 0000:00:17.0: reg 0x1c: [io  0x2070-0x2073]
[    1.737083] pci 0000:00:17.0: reg 0x20: [io  0x2020-0x203f]
[    1.737091] pci 0000:00:17.0: reg 0x24: [mem 0x92b00000-0x92b7ffff]
[    1.737128] pci 0000:00:17.0: PME# supported from D3hot
[    1.737335] pci 0000:00:1c.0: [8086:a190] type 01 class 0x060400
[    1.737410] pci 0000:00:1c.0: PME# supported from D0 D3hot D3cold
[    1.738144] pci 0000:00:1c.4: [8086:a194] type 01 class 0x060400
[    1.738214] pci 0000:00:1c.4: PME# supported from D0 D3hot D3cold
[    1.738853] pci 0000:00:1c.5: [8086:a195] type 01 class 0x060400
[    1.738924] pci 0000:00:1c.5: PME# supported from D0 D3hot D3cold
[    1.739567] pci 0000:00:1f.0: [8086:a1cb] type 00 class 0x060100
[    1.739868] pci 0000:00:1f.2: [8086:a1a1] type 00 class 0x058000
[    1.739883] pci 0000:00:1f.2: reg 0x10: [mem 0x92df4000-0x92df7fff]
[    1.740128] pci 0000:00:1f.4: [8086:a1a3] type 00 class 0x0c0500
[    1.740147] pci 0000:00:1f.4: reg 0x10: [mem 0x92dfe000-0x92dfe0ff 64bit]
[    1.740170] pci 0000:00:1f.4: reg 0x20: [io  0x2000-0x201f]
[    1.740237] pci 0000:00:1f.5: [8086:a1a4] type 00 class 0x0c8000
[    1.740252] pci 0000:00:1f.5: reg 0x10: [mem 0xfe010000-0xfe010fff]
[    1.740384] pci 0000:00:1c.0: PCI bridge to [bus 01]
[    1.740436] pci 0000:02:00.0: [1556:be00] type 01 class 0x060400
[    1.740607] pci 0000:00:1c.4: PCI bridge to [bus 02-03]
[    1.740611] pci 0000:00:1c.4:   bridge window [mem 0x92000000-0x928fffff]
[    1.740616] pci 0000:00:1c.4:   bridge window [mem 0x91000000-0x91ffffff 64bit pref]
[    1.740648] pci_bus 0000:03: extended config space not accessible
[    1.740665] pci 0000:03:00.0: [102b:0536] type 00 class 0x030000
[    1.740684] pci 0000:03:00.0: reg 0x10: [mem 0x91000000-0x91ffffff pref]
[    1.740695] pci 0000:03:00.0: reg 0x14: [mem 0x92808000-0x9280bfff]
[    1.740706] pci 0000:03:00.0: reg 0x18: [mem 0x92000000-0x927fffff]
[    1.740754] pci 0000:03:00.0: BAR 0: assigned to efifb
[    1.740761] pci 0000:03:00.0: Video device with shadowed ROM at [mem 0x000c0000-0x000dffff]
[    1.740864] pci 0000:02:00.0: PCI bridge to [bus 03]
[    1.740872] pci 0000:02:00.0:   bridge window [mem 0x92000000-0x928fffff]
[    1.740878] pci 0000:02:00.0:   bridge window [mem 0x91000000-0x91ffffff 64bit pref]
[    1.740948] pci 0000:04:00.0: [14e4:165f] type 00 class 0x020000
[    1.740972] pci 0000:04:00.0: reg 0x10: [mem 0x92930000-0x9293ffff 64bit pref]
[    1.740988] pci 0000:04:00.0: reg 0x18: [mem 0x92940000-0x9294ffff 64bit pref]
[    1.741004] pci 0000:04:00.0: reg 0x20: [mem 0x92950000-0x9295ffff 64bit pref]
[    1.741015] pci 0000:04:00.0: reg 0x30: [mem 0xfffc0000-0xffffffff pref]
[    1.741110] pci 0000:04:00.0: PME# supported from D0 D3hot D3cold
[    1.741163] pci 0000:04:00.0: 4.000 Gb/s available PCIe bandwidth, limited by 5.0 GT/s PCIe x1 link at 0000:00:1c.5 (capable of 8.000 Gb/s with 5.0 GT/s PCIe x2 link)
[    1.741728] pci 0000:04:00.1: [14e4:165f] type 00 class 0x020000
[    1.741752] pci 0000:04:00.1: reg 0x10: [mem 0x92900000-0x9290ffff 64bit pref]
[    1.741768] pci 0000:04:00.1: reg 0x18: [mem 0x92910000-0x9291ffff 64bit pref]
[    1.741784] pci 0000:04:00.1: reg 0x20: [mem 0x92920000-0x9292ffff 64bit pref]
[    1.741795] pci 0000:04:00.1: reg 0x30: [mem 0xfffc0000-0xffffffff pref]
[    1.741890] pci 0000:04:00.1: PME# supported from D0 D3hot D3cold
[    1.742474] pci 0000:00:1c.5: PCI bridge to [bus 04]
[    1.742482] pci 0000:00:1c.5:   bridge window [mem 0x92900000-0x929fffff 64bit pref]
[    1.742496] pci_bus 0000:00: on NUMA node 0
[    1.743091] ACPI: PCI Root Bridge [PC01] (domain 0000 [bus 16-2f])
[    1.743095] acpi PNP0A08:01: _OSC: OS supports [ExtendedConfig ASPM ClockPM Segments MSI HPX-Type3]
[    1.757889] acpi PNP0A08:01: _OSC: platform does not support [SHPCHotplug AER]
[    1.758108] acpi PNP0A08:01: _OSC: OS now controls [PCIeHotplug PME PCIeCapability LTR]
[    1.758110] acpi PNP0A08:01: FADT indicates ASPM is unsupported, using BIOS configuration
[    1.758244] PCI host bridge to bus 0000:16
[    1.758245] pci_bus 0000:16: root bus resource [io  0x5000-0x6fff window]
[    1.758247] pci_bus 0000:16: root bus resource [mem 0x9b800000-0xa63fffff window]
[    1.758249] pci_bus 0000:16: root bus resource [mem 0x210000000000-0x21ffffffffff window]
[    1.758250] pci_bus 0000:16: root bus resource [bus 16-2f]
[    1.758260] pci 0000:16:00.0: [8086:09a2] type 00 class 0x088000
[    1.758331] pci 0000:16:00.1: [8086:09a4] type 00 class 0x088000
[    1.758394] pci 0000:16:00.2: [8086:09a3] type 00 class 0x088000
[    1.758457] pci 0000:16:00.4: [8086:0998] type 00 class 0x060000
[    1.758529] pci 0000:16:02.0: [8086:347a] type 01 class 0x060400
[    1.758539] pci 0000:16:02.0: reg 0x10: [mem 0x21fffff00000-0x21fffff1ffff 64bit]
[    1.758577] pci 0000:16:02.0: PME# supported from D0 D3hot D3cold
[    1.759525] pci 0000:17:00.0: [1000:10e2] type 00 class 0x010400
[    1.759538] pci 0000:17:00.0: reg 0x10: [mem 0x9b800000-0x9b8fffff 64bit pref]
[    1.759546] pci 0000:17:00.0: reg 0x18: [mem 0x9b900000-0x9b9fffff 64bit pref]
[    1.759552] pci 0000:17:00.0: reg 0x20: [mem 0x9ba00000-0x9bafffff]
[    1.759558] pci 0000:17:00.0: reg 0x24: [io  0x5000-0x50ff]
[    1.759564] pci 0000:17:00.0: reg 0x30: [mem 0xfff00000-0xffffffff pref]
[    1.760683] pci 0000:17:00.0: supports D1 D2
[    1.760751] pci 0000:16:02.0: PCI bridge to [bus 17]
[    1.760753] pci 0000:16:02.0:   bridge window [io  0x5000-0x5fff]
[    1.760755] pci 0000:16:02.0:   bridge window [mem 0x9ba00000-0x9bafffff]
[    1.760758] pci 0000:16:02.0:   bridge window [mem 0x9b800000-0x9b9fffff 64bit pref]
[    1.760764] pci_bus 0000:16: on NUMA node 0
[    1.760842] ACPI: PCI Root Bridge [PC02] (domain 0000 [bus 30-49])
[    1.760845] acpi PNP0A08:02: _OSC: OS supports [ExtendedConfig ASPM ClockPM Segments MSI HPX-Type3]
[    1.775289] acpi PNP0A08:02: _OSC: platform does not support [SHPCHotplug AER]
[    1.775504] acpi PNP0A08:02: _OSC: OS now controls [PCIeHotplug PME PCIeCapability LTR]
[    1.775505] acpi PNP0A08:02: FADT indicates ASPM is unsupported, using BIOS configuration
[    1.775626] PCI host bridge to bus 0000:30
[    1.775627] pci_bus 0000:30: root bus resource [io  0x7000-0x8fff window]
[    1.775629] pci_bus 0000:30: root bus resource [mem 0xa6400000-0xb0ffffff window]
[    1.775630] pci_bus 0000:30: root bus resource [mem 0x220000000000-0x22ffffffffff window]
[    1.775632] pci_bus 0000:30: root bus resource [bus 30-49]
[    1.775642] pci 0000:30:00.0: [8086:09a2] type 00 class 0x088000
[    1.775711] pci 0000:30:00.1: [8086:09a4] type 00 class 0x088000
[    1.775773] pci 0000:30:00.2: [8086:09a3] type 00 class 0x088000
[    1.775836] pci 0000:30:00.4: [8086:0998] type 00 class 0x060000
[    1.775906] pci_bus 0000:30: on NUMA node 0
[    1.776009] ACPI: PCI Root Bridge [PC04] (domain 0000 [bus 4a-63])
[    1.776012] acpi PNP0A08:04: _OSC: OS supports [ExtendedConfig ASPM ClockPM Segments MSI HPX-Type3]
[    1.790488] acpi PNP0A08:04: _OSC: platform does not support [SHPCHotplug AER]
[    1.790700] acpi PNP0A08:04: _OSC: OS now controls [PCIeHotplug PME PCIeCapability LTR]
[    1.790701] acpi PNP0A08:04: FADT indicates ASPM is unsupported, using BIOS configuration
[    1.790824] PCI host bridge to bus 0000:4a
[    1.790825] pci_bus 0000:4a: root bus resource [io  0x9000-0x9fff window]
[    1.790827] pci_bus 0000:4a: root bus resource [mem 0xb1000000-0xbbbfffff window]
[    1.790828] pci_bus 0000:4a: root bus resource [mem 0x230000000000-0x23ffffffffff window]
[    1.790829] pci_bus 0000:4a: root bus resource [bus 4a-63]
[    1.790839] pci 0000:4a:00.0: [8086:09a2] type 00 class 0x088000
[    1.790903] pci 0000:4a:00.1: [8086:09a4] type 00 class 0x088000
[    1.790968] pci 0000:4a:00.2: [8086:09a3] type 00 class 0x088000
[    1.791029] pci 0000:4a:00.4: [8086:0998] type 00 class 0x060000
[    1.791098] pci_bus 0000:4a: on NUMA node 0
[    1.791178] ACPI: PCI Root Bridge [PC05] (domain 0000 [bus 64-7d])
[    1.791180] acpi PNP0A08:05: _OSC: OS supports [ExtendedConfig ASPM ClockPM Segments MSI HPX-Type3]
[    1.805621] acpi PNP0A08:05: _OSC: platform does not support [SHPCHotplug AER]
[    1.805833] acpi PNP0A08:05: _OSC: OS now controls [PCIeHotplug PME PCIeCapability LTR]
[    1.805834] acpi PNP0A08:05: FADT indicates ASPM is unsupported, using BIOS configuration
[    1.805952] PCI host bridge to bus 0000:64
[    1.805953] pci_bus 0000:64: root bus resource [io  0xa000-0xafff window]
[    1.805954] pci_bus 0000:64: root bus resource [mem 0xbbc00000-0xc5ffffff window]
[    1.805955] pci_bus 0000:64: root bus resource [mem 0x240000000000-0x24ffffffffff window]
[    1.805957] pci_bus 0000:64: root bus resource [bus 64-7d]
[    1.805966] pci 0000:64:00.0: [8086:09a2] type 00 class 0x088000
[    1.806031] pci 0000:64:00.1: [8086:09a4] type 00 class 0x088000
[    1.806092] pci 0000:64:00.2: [8086:09a3] type 00 class 0x088000
[    1.806154] pci 0000:64:00.4: [8086:0998] type 00 class 0x060000
[    1.806224] pci_bus 0000:64: on NUMA node 0
[    1.806293] ACPI: PCI Root Bridge [UC06] (domain 0000 [bus 7e])
[    1.806295] acpi PNP0A03:00: _OSC: OS supports [ExtendedConfig ASPM ClockPM Segments MSI HPX-Type3]
[    1.806393] acpi PNP0A03:00: _OSC: platform does not support [SHPCHotplug AER LTR]
[    1.806571] acpi PNP0A03:00: _OSC: OS now controls [PCIeHotplug PME PCIeCapability]
[    1.806572] acpi PNP0A03:00: FADT indicates ASPM is unsupported, using BIOS configuration
[    1.806707] PCI host bridge to bus 0000:7e
[    1.806708] pci_bus 0000:7e: root bus resource [bus 7e]
[    1.806717] pci 0000:7e:00.0: [8086:3450] type 00 class 0x088000
[    1.806789] pci 0000:7e:00.1: [8086:3451] type 00 class 0x088000
[    1.806848] pci 0000:7e:00.2: [8086:3452] type 00 class 0x088000
[    1.806917] pci 0000:7e:00.3: [8086:0998] type 00 class 0x060000
[    1.806973] pci 0000:7e:00.5: [8086:3455] type 00 class 0x088000
[    1.807034] pci 0000:7e:02.0: [8086:3440] type 00 class 0x088000
[    1.807162] pci 0000:7e:02.1: [8086:3441] type 00 class 0x088000
[    1.807268] pci 0000:7e:02.2: [8086:3442] type 00 class 0x088000
[    1.807376] pci 0000:7e:03.0: [8086:3440] type 00 class 0x088000
[    1.807469] pci 0000:7e:03.1: [8086:3441] type 00 class 0x088000
[    1.807549] pci 0000:7e:03.2: [8086:3442] type 00 class 0x088000
[    1.807630] pci 0000:7e:04.0: [8086:3440] type 00 class 0x088000
[    1.807750] pci 0000:7e:04.1: [8086:3441] type 00 class 0x088000
[    1.807865] pci 0000:7e:04.2: [8086:3442] type 00 class 0x088000
[    1.807980] pci 0000:7e:04.3: [8086:3443] type 00 class 0x088000
[    1.808098] pci 0000:7e:05.0: [8086:3445] type 00 class 0x088000
[    1.808224] pci 0000:7e:05.1: [8086:3446] type 00 class 0x088000
[    1.808334] pci 0000:7e:05.2: [8086:3447] type 00 class 0x088000
[    1.808449] pci 0000:7e:06.0: [8086:3445] type 00 class 0x088000
[    1.808544] pci 0000:7e:06.1: [8086:3446] type 00 class 0x088000
[    1.808621] pci 0000:7e:06.2: [8086:3447] type 00 class 0x088000
[    1.808706] pci 0000:7e:07.0: [8086:3445] type 00 class 0x088000
[    1.808839] pci 0000:7e:07.1: [8086:3446] type 00 class 0x088000
[    1.808957] pci 0000:7e:07.2: [8086:3447] type 00 class 0x088000
[    1.809074] pci 0000:7e:0b.0: [8086:3448] type 00 class 0x088000
[    1.809152] pci 0000:7e:0b.1: [8086:3448] type 00 class 0x088000
[    1.809218] pci 0000:7e:0b.2: [8086:344b] type 00 class 0x088000
[    1.809286] pci 0000:7e:0c.0: [8086:344a] type 00 class 0x110100
[    1.809389] pci 0000:7e:0d.0: [8086:344a] type 00 class 0x110100
[    1.809489] pci 0000:7e:0e.0: [8086:344a] type 00 class 0x110100
[    1.809634] pci 0000:7e:0f.0: [8086:344a] type 00 class 0x110100
[    1.809788] pci 0000:7e:1a.0: [8086:2880] type 00 class 0x110100
[    1.809887] pci 0000:7e:1b.0: [8086:2880] type 00 class 0x110100
[    1.809984] pci 0000:7e:1c.0: [8086:2880] type 00 class 0x110100
[    1.810138] pci 0000:7e:1d.0: [8086:2880] type 00 class 0x110100
[    1.810285] pci_bus 0000:7e: on NUMA node 0
[    1.810368] ACPI: PCI Root Bridge [UC07] (domain 0000 [bus 7f])
[    1.810371] acpi PNP0A03:01: _OSC: OS supports [ExtendedConfig ASPM ClockPM Segments MSI HPX-Type3]
[    1.810470] acpi PNP0A03:01: _OSC: platform does not support [SHPCHotplug AER LTR]
[    1.810649] acpi PNP0A03:01: _OSC: OS now controls [PCIeHotplug PME PCIeCapability]
[    1.810650] acpi PNP0A03:01: FADT indicates ASPM is unsupported, using BIOS configuration
[    1.810795] PCI host bridge to bus 0000:7f
[    1.810797] pci_bus 0000:7f: root bus resource [bus 7f]
[    1.810810] pci 0000:7f:00.0: [8086:344c] type 00 class 0x088000
[    1.810925] pci 0000:7f:00.1: [8086:344c] type 00 class 0x088000
[    1.811034] pci 0000:7f:00.2: [8086:344c] type 00 class 0x088000
[    1.811144] pci 0000:7f:00.3: [8086:344c] type 00 class 0x088000
[    1.811234] pci 0000:7f:00.4: [8086:344c] type 00 class 0x088000
[    1.811353] pci 0000:7f:00.5: [8086:344c] type 00 class 0x088000
[    1.811468] pci 0000:7f:00.6: [8086:344c] type 00 class 0x088000
[    1.811549] pci 0000:7f:00.7: [8086:344c] type 00 class 0x088000
[    1.811631] pci 0000:7f:01.0: [8086:344c] type 00 class 0x088000
[    1.811772] pci 0000:7f:01.1: [8086:344c] type 00 class 0x088000
[    1.811890] pci 0000:7f:01.2: [8086:344c] type 00 class 0x088000
[    1.811969] pci 0000:7f:01.3: [8086:344c] type 00 class 0x088000
[    1.812099] pci 0000:7f:01.4: [8086:344c] type 00 class 0x088000
[    1.812230] pci 0000:7f:01.5: [8086:344c] type 00 class 0x088000
[    1.812365] pci 0000:7f:01.6: [8086:344c] type 00 class 0x088000
[    1.812491] pci 0000:7f:01.7: [8086:344c] type 00 class 0x088000
[    1.812618] pci 0000:7f:02.0: [8086:344c] type 00 class 0x088000
[    1.812762] pci 0000:7f:02.1: [8086:344c] type 00 class 0x088000
[    1.812892] pci 0000:7f:02.2: [8086:344c] type 00 class 0x088000
[    1.813023] pci 0000:7f:02.3: [8086:344c] type 00 class 0x088000
[    1.813161] pci 0000:7f:02.4: [8086:344c] type 00 class 0x088000
[    1.813297] pci 0000:7f:02.5: [8086:344c] type 00 class 0x088000
[    1.813434] pci 0000:7f:02.6: [8086:344c] type 00 class 0x088000
[    1.813585] pci 0000:7f:02.7: [8086:344c] type 00 class 0x088000
[    1.813731] pci 0000:7f:03.0: [8086:344c] type 00 class 0x088000
[    1.813889] pci 0000:7f:03.1: [8086:344c] type 00 class 0x088000
[    1.814041] pci 0000:7f:03.2: [8086:344c] type 00 class 0x088000
[    1.814188] pci 0000:7f:03.3: [8086:344c] type 00 class 0x088000
[    1.814347] pci 0000:7f:0a.0: [8086:344d] type 00 class 0x088000
[    1.814460] pci 0000:7f:0a.1: [8086:344d] type 00 class 0x088000
[    1.814569] pci 0000:7f:0a.2: [8086:344d] type 00 class 0x088000
[    1.814684] pci 0000:7f:0a.3: [8086:344d] type 00 class 0x088000
[    1.814774] pci 0000:7f:0a.4: [8086:344d] type 00 class 0x088000
[    1.814899] pci 0000:7f:0a.5: [8086:344d] type 00 class 0x088000
[    1.815014] pci 0000:7f:0a.6: [8086:344d] type 00 class 0x088000
[    1.815091] pci 0000:7f:0a.7: [8086:344d] type 00 class 0x088000
[    1.815174] pci 0000:7f:0b.0: [8086:344d] type 00 class 0x088000
[    1.815315] pci 0000:7f:0b.1: [8086:344d] type 00 class 0x088000
[    1.815433] pci 0000:7f:0b.2: [8086:344d] type 00 class 0x088000
[    1.815516] pci 0000:7f:0b.3: [8086:344d] type 00 class 0x088000
[    1.815647] pci 0000:7f:0b.4: [8086:344d] type 00 class 0x088000
[    1.815778] pci 0000:7f:0b.5: [8086:344d] type 00 class 0x088000
[    1.815913] pci 0000:7f:0b.6: [8086:344d] type 00 class 0x088000
[    1.816034] pci 0000:7f:0b.7: [8086:344d] type 00 class 0x088000
[    1.816161] pci 0000:7f:0c.0: [8086:344d] type 00 class 0x088000
[    1.816306] pci 0000:7f:0c.1: [8086:344d] type 00 class 0x088000
[    1.816437] pci 0000:7f:0c.2: [8086:344d] type 00 class 0x088000
[    1.816575] pci 0000:7f:0c.3: [8086:344d] type 00 class 0x088000
[    1.816713] pci 0000:7f:0c.4: [8086:344d] type 00 class 0x088000
[    1.816849] pci 0000:7f:0c.5: [8086:344d] type 00 class 0x088000
[    1.816986] pci 0000:7f:0c.6: [8086:344d] type 00 class 0x088000
[    1.817132] pci 0000:7f:0c.7: [8086:344d] type 00 class 0x088000
[    1.817278] pci 0000:7f:0d.0: [8086:344d] type 00 class 0x088000
[    1.817442] pci 0000:7f:0d.1: [8086:344d] type 00 class 0x088000
[    1.817593] pci 0000:7f:0d.2: [8086:344d] type 00 class 0x088000
[    1.817748] pci 0000:7f:0d.3: [8086:344d] type 00 class 0x088000
[    1.817917] pci 0000:7f:1d.0: [8086:344f] type 00 class 0x088000
[    1.818039] pci 0000:7f:1d.1: [8086:3457] type 00 class 0x088000
[    1.818143] pci 0000:7f:1e.0: [8086:3458] type 00 class 0x088000
[    1.818222] pci 0000:7f:1e.1: [8086:3459] type 00 class 0x088000
[    1.818285] pci 0000:7f:1e.2: [8086:345a] type 00 class 0x088000
[    1.818349] pci 0000:7f:1e.3: [8086:345b] type 00 class 0x088000
[    1.818410] pci 0000:7f:1e.4: [8086:345c] type 00 class 0x088000
[    1.818478] pci 0000:7f:1e.5: [8086:345d] type 00 class 0x088000
[    1.818539] pci 0000:7f:1e.6: [8086:345e] type 00 class 0x088000
[    1.818600] pci 0000:7f:1e.7: [8086:345f] type 00 class 0x088000
[    1.818659] pci_bus 0000:7f: on NUMA node 0
[    1.818764] ACPI: PCI Root Bridge [PC06] (domain 0000 [bus 80])
[    1.818767] acpi PNP0A08:06: _OSC: OS supports [ExtendedConfig ASPM ClockPM Segments MSI HPX-Type3]
[    1.833231] acpi PNP0A08:06: _OSC: platform does not support [SHPCHotplug AER]
[    1.833444] acpi PNP0A08:06: _OSC: OS now controls [PCIeHotplug PME PCIeCapability LTR]
[    1.833445] acpi PNP0A08:06: FADT indicates ASPM is unsupported, using BIOS configuration
[    1.833592] PCI host bridge to bus 0000:80
[    1.833594] pci_bus 0000:80: root bus resource [io  0xb000-0xbfff window]
[    1.833595] pci_bus 0000:80: root bus resource [mem 0xc6800000-0xd0ffffff window]
[    1.833597] pci_bus 0000:80: root bus resource [mem 0x250000000000-0x25ffffffffff window]
[    1.833598] pci_bus 0000:80: root bus resource [bus 80]
[    1.833609] pci 0000:80:00.0: [8086:09a2] type 00 class 0x088000
[    1.833697] pci 0000:80:00.1: [8086:09a4] type 00 class 0x088000
[    1.833767] pci 0000:80:00.2: [8086:09a3] type 00 class 0x088000
[    1.833837] pci 0000:80:00.4: [8086:0998] type 00 class 0x060000
[    1.833907] pci 0000:80:02.0: [8086:09a6] type 00 class 0x088000
[    1.833915] pci 0000:80:02.0: reg 0x10: [mem 0xc6aa4000-0xc6aa5fff]
[    1.833979] pci 0000:80:02.1: [8086:09a7] type 00 class 0x088000
[    1.833987] pci 0000:80:02.1: reg 0x10: [mem 0xc6a00000-0xc6a7ffff]
[    1.833993] pci 0000:80:02.1: reg 0x14: [mem 0xc6980000-0xc69fffff]
[    1.834050] pci 0000:80:02.4: [8086:3456] type 00 class 0x130000
[    1.834061] pci 0000:80:02.4: reg 0x10: [mem 0xc6800000-0xc68fffff 64bit]
[    1.834069] pci 0000:80:02.4: reg 0x18: [mem 0xc6aa0000-0xc6aa3fff 64bit]
[    1.834076] pci 0000:80:02.4: reg 0x20: [mem 0xc6a80000-0xc6a9ffff 64bit]
[    1.834143] pci_bus 0000:80: on NUMA node 1
[    1.834222] ACPI: PCI Root Bridge [PC07] (domain 0000 [bus 81])
[    1.834224] acpi PNP0A08:07: _OSC: OS supports [ExtendedConfig ASPM ClockPM Segments MSI HPX-Type3]
[    1.848642] acpi PNP0A08:07: _OSC: platform does not support [SHPCHotplug AER]
[    1.848853] acpi PNP0A08:07: _OSC: OS now controls [PCIeHotplug PME PCIeCapability LTR]
[    1.848854] acpi PNP0A08:07: FADT indicates ASPM is unsupported, using BIOS configuration
[    1.848972] PCI host bridge to bus 0000:81
[    1.848974] pci_bus 0000:81: root bus resource [io  0xc000-0xcfff window]
[    1.848975] pci_bus 0000:81: root bus resource [mem 0xd1000000-0xdbbfffff window]
[    1.848976] pci_bus 0000:81: root bus resource [mem 0x260000000000-0x26ffffffffff window]
[    1.848977] pci_bus 0000:81: root bus resource [bus 81]
[    1.848987] pci 0000:81:00.0: [8086:09a2] type 00 class 0x088000
[    1.849056] pci 0000:81:00.1: [8086:09a4] type 00 class 0x088000
[    1.849123] pci 0000:81:00.2: [8086:09a3] type 00 class 0x088000
[    1.849192] pci 0000:81:00.4: [8086:0998] type 00 class 0x060000
[    1.849269] pci_bus 0000:81: on NUMA node 1
[    1.849342] ACPI: PCI Root Bridge [PC08] (domain 0000 [bus 82])
[    1.849344] acpi PNP0A08:08: _OSC: OS supports [ExtendedConfig ASPM ClockPM Segments MSI HPX-Type3]
[    1.863777] acpi PNP0A08:08: _OSC: platform does not support [SHPCHotplug AER]
[    1.863989] acpi PNP0A08:08: _OSC: OS now controls [PCIeHotplug PME PCIeCapability LTR]
[    1.863990] acpi PNP0A08:08: FADT indicates ASPM is unsupported, using BIOS configuration
[    1.864107] PCI host bridge to bus 0000:82
[    1.864108] pci_bus 0000:82: root bus resource [io  0xd000-0xdfff window]
[    1.864110] pci_bus 0000:82: root bus resource [mem 0xdbc00000-0xe67fffff window]
[    1.864111] pci_bus 0000:82: root bus resource [mem 0x270000000000-0x27ffffffffff window]
[    1.864113] pci_bus 0000:82: root bus resource [bus 82]
[    1.864123] pci 0000:82:00.0: [8086:09a2] type 00 class 0x088000
[    1.864193] pci 0000:82:00.1: [8086:09a4] type 00 class 0x088000
[    1.864265] pci 0000:82:00.2: [8086:09a3] type 00 class 0x088000
[    1.864334] pci 0000:82:00.4: [8086:0998] type 00 class 0x060000
[    1.864411] pci_bus 0000:82: on NUMA node 1
[    1.864514] ACPI: PCI Root Bridge [PC10] (domain 0000 [bus 83-f9])
[    1.864517] acpi PNP0A08:0a: _OSC: OS supports [ExtendedConfig ASPM ClockPM Segments MSI HPX-Type3]
[    1.878952] acpi PNP0A08:0a: _OSC: platform does not support [SHPCHotplug AER]
[    1.879163] acpi PNP0A08:0a: _OSC: OS now controls [PCIeHotplug PME PCIeCapability LTR]
[    1.879165] acpi PNP0A08:0a: FADT indicates ASPM is unsupported, using BIOS configuration
[    1.879290] PCI host bridge to bus 0000:83
[    1.879291] pci_bus 0000:83: root bus resource [io  0xe000-0xefff window]
[    1.879293] pci_bus 0000:83: root bus resource [mem 0xe6800000-0xf13fffff window]
[    1.879294] pci_bus 0000:83: root bus resource [mem 0x280000000000-0x28ffffffffff window]
[    1.879295] pci_bus 0000:83: root bus resource [bus 83-f9]
[    1.879306] pci 0000:83:00.0: [8086:09a2] type 00 class 0x088000
[    1.879375] pci 0000:83:00.1: [8086:09a4] type 00 class 0x088000
[    1.879443] pci 0000:83:00.2: [8086:09a3] type 00 class 0x088000
[    1.879512] pci 0000:83:00.4: [8086:0998] type 00 class 0x060000
[    1.879590] pci_bus 0000:83: on NUMA node 1
[    1.879664] ACPI: PCI Root Bridge [PC11] (domain 0000 [bus fa])
[    1.879667] acpi PNP0A08:0b: _OSC: OS supports [ExtendedConfig ASPM ClockPM Segments MSI HPX-Type3]
[    1.894096] acpi PNP0A08:0b: _OSC: platform does not support [SHPCHotplug AER]
[    1.894310] acpi PNP0A08:0b: _OSC: OS now controls [PCIeHotplug PME PCIeCapability LTR]
[    1.894312] acpi PNP0A08:0b: FADT indicates ASPM is unsupported, using BIOS configuration
[    1.894429] PCI host bridge to bus 0000:fa
[    1.894430] pci_bus 0000:fa: root bus resource [io  0xf000-0xffff window]
[    1.894431] pci_bus 0000:fa: root bus resource [mem 0xf1400000-0xfb7fffff window]
[    1.894432] pci_bus 0000:fa: root bus resource [mem 0x290000000000-0x29ffffffffff window]
[    1.894434] pci_bus 0000:fa: root bus resource [bus fa]
[    1.894444] pci 0000:fa:00.0: [8086:09a2] type 00 class 0x088000
[    1.894513] pci 0000:fa:00.1: [8086:09a4] type 00 class 0x088000
[    1.894586] pci 0000:fa:00.2: [8086:09a3] type 00 class 0x088000
[    1.894657] pci 0000:fa:00.4: [8086:0998] type 00 class 0x060000
[    1.894737] pci_bus 0000:fa: on NUMA node 1
[    1.894802] ACPI: PCI Root Bridge [UC16] (domain 0000 [bus fe])
[    1.894804] acpi PNP0A03:02: _OSC: OS supports [ExtendedConfig ASPM ClockPM Segments MSI HPX-Type3]
[    1.894902] acpi PNP0A03:02: _OSC: platform does not support [SHPCHotplug AER LTR]
[    1.895081] acpi PNP0A03:02: _OSC: OS now controls [PCIeHotplug PME PCIeCapability]
[    1.895082] acpi PNP0A03:02: FADT indicates ASPM is unsupported, using BIOS configuration
[    1.895212] PCI host bridge to bus 0000:fe
[    1.895213] pci_bus 0000:fe: root bus resource [bus fe]
[    1.895222] pci 0000:fe:00.0: [8086:3450] type 00 class 0x088000
[    1.895298] pci 0000:fe:00.1: [8086:3451] type 00 class 0x088000
[    1.895356] pci 0000:fe:00.2: [8086:3452] type 00 class 0x088000
[    1.895414] pci 0000:fe:00.3: [8086:0998] type 00 class 0x060000
[    1.895474] pci 0000:fe:00.5: [8086:3455] type 00 class 0x088000
[    1.895540] pci 0000:fe:02.0: [8086:3440] type 00 class 0x088000
[    1.895677] pci 0000:fe:02.1: [8086:3441] type 00 class 0x088000
[    1.895788] pci 0000:fe:02.2: [8086:3442] type 00 class 0x088000
[    1.895899] pci 0000:fe:03.0: [8086:3440] type 00 class 0x088000
[    1.895997] pci 0000:fe:03.1: [8086:3441] type 00 class 0x088000
[    1.896076] pci 0000:fe:03.2: [8086:3442] type 00 class 0x088000
[    1.896163] pci 0000:fe:04.0: [8086:3440] type 00 class 0x088000
[    1.896288] pci 0000:fe:04.1: [8086:3441] type 00 class 0x088000
[    1.896409] pci 0000:fe:04.2: [8086:3442] type 00 class 0x088000
[    1.896533] pci 0000:fe:04.3: [8086:3443] type 00 class 0x088000
[    1.896663] pci 0000:fe:05.0: [8086:3445] type 00 class 0x088000
[    1.896795] pci 0000:fe:05.1: [8086:3446] type 00 class 0x088000
[    1.896911] pci 0000:fe:05.2: [8086:3447] type 00 class 0x088000
[    1.897025] pci 0000:fe:06.0: [8086:3445] type 00 class 0x088000
[    1.897122] pci 0000:fe:06.1: [8086:3446] type 00 class 0x088000
[    1.897204] pci 0000:fe:06.2: [8086:3447] type 00 class 0x088000
[    1.897297] pci 0000:fe:07.0: [8086:3445] type 00 class 0x088000
[    1.897441] pci 0000:fe:07.1: [8086:3446] type 00 class 0x088000
[    1.897564] pci 0000:fe:07.2: [8086:3447] type 00 class 0x088000
[    1.897685] pci 0000:fe:0b.0: [8086:3448] type 00 class 0x088000
[    1.897766] pci 0000:fe:0b.1: [8086:3448] type 00 class 0x088000
[    1.897832] pci 0000:fe:0b.2: [8086:344b] type 00 class 0x088000
[    1.897904] pci 0000:fe:0c.0: [8086:344a] type 00 class 0x110100
[    1.898013] pci 0000:fe:0d.0: [8086:344a] type 00 class 0x110100
[    1.898119] pci 0000:fe:0e.0: [8086:344a] type 00 class 0x110100
[    1.898275] pci 0000:fe:0f.0: [8086:344a] type 00 class 0x110100
[    1.898436] pci 0000:fe:1a.0: [8086:2880] type 00 class 0x110100
[    1.898543] pci 0000:fe:1b.0: [8086:2880] type 00 class 0x110100
[    1.898648] pci 0000:fe:1c.0: [8086:2880] type 00 class 0x110100
[    1.898804] pci 0000:fe:1d.0: [8086:2880] type 00 class 0x110100
[    1.898956] pci_bus 0000:fe: on NUMA node 1
[    1.899036] ACPI: PCI Root Bridge [UC17] (domain 0000 [bus ff])
[    1.899039] acpi PNP0A03:03: _OSC: OS supports [ExtendedConfig ASPM ClockPM Segments MSI HPX-Type3]
[    1.899141] acpi PNP0A03:03: _OSC: platform does not support [SHPCHotplug AER LTR]
[    1.899325] acpi PNP0A03:03: _OSC: OS now controls [PCIeHotplug PME PCIeCapability]
[    1.899326] acpi PNP0A03:03: FADT indicates ASPM is unsupported, using BIOS configuration
[    1.899474] PCI host bridge to bus 0000:ff
[    1.899475] pci_bus 0000:ff: root bus resource [bus ff]
[    1.899489] pci 0000:ff:00.0: [8086:344c] type 00 class 0x088000
[    1.899610] pci 0000:ff:00.1: [8086:344c] type 00 class 0x088000
[    1.899724] pci 0000:ff:00.2: [8086:344c] type 00 class 0x088000
[    1.899827] pci 0000:ff:00.3: [8086:344c] type 00 class 0x088000
[    1.899946] pci 0000:ff:00.4: [8086:344c] type 00 class 0x088000
[    1.900063] pci 0000:ff:00.5: [8086:344c] type 00 class 0x088000
[    1.900157] pci 0000:ff:00.6: [8086:344c] type 00 class 0x088000
[    1.900282] pci 0000:ff:00.7: [8086:344c] type 00 class 0x088000
[    1.900410] pci 0000:ff:01.0: [8086:344c] type 00 class 0x088000
[    1.900556] pci 0000:ff:01.1: [8086:344c] type 00 class 0x088000
[    1.900680] pci 0000:ff:01.2: [8086:344c] type 00 class 0x088000
[    1.900770] pci 0000:ff:01.3: [8086:344c] type 00 class 0x088000
[    1.900907] pci 0000:ff:01.4: [8086:344c] type 00 class 0x088000
[    1.901043] pci 0000:ff:01.5: [8086:344c] type 00 class 0x088000
[    1.901184] pci 0000:ff:01.6: [8086:344c] type 00 class 0x088000
[    1.901310] pci 0000:ff:01.7: [8086:344c] type 00 class 0x088000
[    1.901443] pci 0000:ff:02.0: [8086:344c] type 00 class 0x088000
[    1.901597] pci 0000:ff:02.1: [8086:344c] type 00 class 0x088000
[    1.901728] pci 0000:ff:02.2: [8086:344c] type 00 class 0x088000
[    1.901872] pci 0000:ff:02.3: [8086:344c] type 00 class 0x088000
[    1.902008] pci 0000:ff:02.4: [8086:344c] type 00 class 0x088000
[    1.902144] pci 0000:ff:02.5: [8086:344c] type 00 class 0x088000
[    1.902292] pci 0000:ff:02.6: [8086:344c] type 00 class 0x088000
[    1.902435] pci 0000:ff:02.7: [8086:344c] type 00 class 0x088000
[    1.902587] pci 0000:ff:03.0: [8086:344c] type 00 class 0x088000
[    1.902755] pci 0000:ff:03.1: [8086:344c] type 00 class 0x088000
[    1.902904] pci 0000:ff:03.2: [8086:344c] type 00 class 0x088000
[    1.903069] pci 0000:ff:03.3: [8086:344c] type 00 class 0x088000
[    1.903234] pci 0000:ff:0a.0: [8086:344d] type 00 class 0x088000
[    1.903354] pci 0000:ff:0a.1: [8086:344d] type 00 class 0x088000
[    1.903466] pci 0000:ff:0a.2: [8086:344d] type 00 class 0x088000
[    1.903564] pci 0000:ff:0a.3: [8086:344d] type 00 class 0x088000
[    1.903683] pci 0000:ff:0a.4: [8086:344d] type 00 class 0x088000
[    1.903800] pci 0000:ff:0a.5: [8086:344d] type 00 class 0x088000
[    1.903894] pci 0000:ff:0a.6: [8086:344d] type 00 class 0x088000
[    1.904022] pci 0000:ff:0a.7: [8086:344d] type 00 class 0x088000
[    1.904149] pci 0000:ff:0b.0: [8086:344d] type 00 class 0x088000
[    1.904300] pci 0000:ff:0b.1: [8086:344d] type 00 class 0x088000
[    1.904423] pci 0000:ff:0b.2: [8086:344d] type 00 class 0x088000
[    1.904507] pci 0000:ff:0b.3: [8086:344d] type 00 class 0x088000
[    1.904644] pci 0000:ff:0b.4: [8086:344d] type 00 class 0x088000
[    1.904780] pci 0000:ff:0b.5: [8086:344d] type 00 class 0x088000
[    1.904921] pci 0000:ff:0b.6: [8086:344d] type 00 class 0x088000
[    1.905051] pci 0000:ff:0b.7: [8086:344d] type 00 class 0x088000
[    1.905184] pci 0000:ff:0c.0: [8086:344d] type 00 class 0x088000
[    1.905334] pci 0000:ff:0c.1: [8086:344d] type 00 class 0x088000
[    1.905465] pci 0000:ff:0c.2: [8086:344d] type 00 class 0x088000
[    1.905604] pci 0000:ff:0c.3: [8086:344d] type 00 class 0x088000
[    1.905740] pci 0000:ff:0c.4: [8086:344d] type 00 class 0x088000
[    1.905877] pci 0000:ff:0c.5: [8086:344d] type 00 class 0x088000
[    1.906022] pci 0000:ff:0c.6: [8086:344d] type 00 class 0x088000
[    1.906168] pci 0000:ff:0c.7: [8086:344d] type 00 class 0x088000
[    1.906321] pci 0000:ff:0d.0: [8086:344d] type 00 class 0x088000
[    1.906488] pci 0000:ff:0d.1: [8086:344d] type 00 class 0x088000
[    1.906637] pci 0000:ff:0d.2: [8086:344d] type 00 class 0x088000
[    1.906797] pci 0000:ff:0d.3: [8086:344d] type 00 class 0x088000
[    1.906978] pci 0000:ff:1d.0: [8086:344f] type 00 class 0x088000
[    1.907106] pci 0000:ff:1d.1: [8086:3457] type 00 class 0x088000
[    1.907218] pci 0000:ff:1e.0: [8086:3458] type 00 class 0x088000
[    1.907302] pci 0000:ff:1e.1: [8086:3459] type 00 class 0x088000
[    1.907368] pci 0000:ff:1e.2: [8086:345a] type 00 class 0x088000
[    1.907432] pci 0000:ff:1e.3: [8086:345b] type 00 class 0x088000
[    1.907496] pci 0000:ff:1e.4: [8086:345c] type 00 class 0x088000
[    1.907560] pci 0000:ff:1e.5: [8086:345d] type 00 class 0x088000
[    1.907623] pci 0000:ff:1e.6: [8086:345e] type 00 class 0x088000
[    1.907690] pci 0000:ff:1e.7: [8086:345f] type 00 class 0x088000
[    1.907752] pci_bus 0000:ff: on NUMA node 1
[    1.910046] iommu: Default domain type: Translated 
[    1.910046] iommu: DMA domain TLB invalidation policy: lazy mode 
[    1.910210] SCSI subsystem initialized
[    1.910241] libata version 3.00 loaded.
[    1.910241] ACPI: bus type USB registered
[    1.910241] usbcore: registered new interface driver usbfs
[    1.910241] usbcore: registered new interface driver hub
[    1.910241] usbcore: registered new device driver usb
[    1.910241] pps_core: LinuxPPS API ver. 1 registered
[    1.910241] pps_core: Software ver. 5.3.6 - Copyright 2005-2007 Rodolfo Giometti <giometti@linux.it>
[    1.910241] PTP clock support registered
[    1.910241] EDAC MC: Ver: 3.0.0
[    1.910668] Registered efivars operations
[    1.910668] NetLabel: Initializing
[    1.910668] NetLabel:  domain hash size = 128
[    1.910668] NetLabel:  protocols = UNLABELED CIPSOv4 CALIPSO
[    1.910668] NetLabel:  unlabeled traffic allowed by default
[    1.910668] PCI: Using ACPI for IRQ routing
[    1.913484] PCI: pci_cache_line_size set to 64 bytes
[    1.914230] e820: reserve RAM buffer [mem 0x0008f000-0x0008ffff]
[    1.914232] e820: reserve RAM buffer [mem 0x46cc4020-0x47ffffff]
[    1.914234] e820: reserve RAM buffer [mem 0x46cf6020-0x47ffffff]
[    1.914235] e820: reserve RAM buffer [mem 0x46d29020-0x47ffffff]
[    1.914236] e820: reserve RAM buffer [mem 0x46d5c020-0x47ffffff]
[    1.914236] e820: reserve RAM buffer [mem 0x49e77000-0x4bffffff]
[    1.914237] e820: reserve RAM buffer [mem 0x4b2cf000-0x4bffffff]
[    1.914238] e820: reserve RAM buffer [mem 0x4bd94000-0x4bffffff]
[    1.914239] e820: reserve RAM buffer [mem 0x4ce00000-0x4fffffff]
[    1.914240] e820: reserve RAM buffer [mem 0x5eefe000-0x5fffffff]
[    1.914241] e820: reserve RAM buffer [mem 0x6f800000-0x6fffffff]
[    1.918028] pci 0000:03:00.0: vgaarb: setting as boot VGA device
[    1.918028] pci 0000:03:00.0: vgaarb: bridge control possible
[    1.918028] pci 0000:03:00.0: vgaarb: VGA device added: decodes=io+mem,owns=io+mem,locks=none
[    1.918028] vgaarb: loaded
[    1.919342] hpet0: at MMIO 0xfed00000, IRQs 2, 8, 0, 0, 0, 0, 0, 0
[    1.919349] hpet0: 8 comparators, 64-bit 24.000000 MHz counter
[    1.921527] clocksource: Switched to clocksource tsc-early
[    1.927659] VFS: Disk quotas dquot_6.6.0
[    1.927694] VFS: Dquot-cache hash table entries: 512 (order 0, 4096 bytes)
[    1.927865] AppArmor: AppArmor Filesystem Enabled
[    1.927876] pnp: PnP ACPI init
[    1.943921] system 00:01: [io  0x0500-0x05fe] has been reserved
[    1.943924] system 00:01: [io  0x0400-0x041f] has been reserved
[    1.943926] system 00:01: [io  0x0600-0x061f] has been reserved
[    1.943927] system 00:01: [io  0x0ca0-0x0ca1] has been reserved
[    1.943928] system 00:01: [io  0x0ca4-0x0ca6] has been reserved
[    1.943931] system 00:01: [mem 0xff000000-0xffffffff] has been reserved
[    1.944539] system 00:04: [mem 0xfd000000-0xfdabffff] has been reserved
[    1.944542] system 00:04: [mem 0xfdad0000-0xfdadffff] has been reserved
[    1.944543] system 00:04: [mem 0xfdb00000-0xfdffffff] has been reserved
[    1.944545] system 00:04: [mem 0xfe000000-0xfe00ffff] has been reserved
[    1.944547] system 00:04: [mem 0xfe011000-0xfe01ffff] has been reserved
[    1.944549] system 00:04: [mem 0xfe036000-0xfe03bfff] has been reserved
[    1.944551] system 00:04: [mem 0xfe03d000-0xfe3fffff] has been reserved
[    1.944553] system 00:04: [mem 0xfe410000-0xfe7fffff] has been reserved
[    1.944878] system 00:05: [io  0x1000-0x10fe] has been reserved
[    1.945892] pnp: PnP ACPI: found 6 devices
[    1.951552] clocksource: acpi_pm: mask: 0xffffff max_cycles: 0xffffff, max_idle_ns: 2085701024 ns
[    1.951631] NET: Registered PF_INET protocol family
[    1.951967] IP idents hash table entries: 262144 (order: 9, 2097152 bytes, vmalloc)
[    1.954148] tcp_listen_portaddr_hash hash table entries: 16384 (order: 6, 262144 bytes, vmalloc)
[    1.954497] TCP established hash table entries: 262144 (order: 9, 2097152 bytes, vmalloc)
[    1.954893] TCP bind hash table entries: 65536 (order: 8, 1048576 bytes, vmalloc)
[    1.954955] TCP: Hash tables configured (established 262144 bind 65536)
[    1.955163] UDP hash table entries: 16384 (order: 7, 524288 bytes, vmalloc)
[    1.955276] UDP-Lite hash table entries: 16384 (order: 7, 524288 bytes, vmalloc)
[    1.955440] NET: Registered PF_UNIX/PF_LOCAL protocol family
[    1.955445] NET: Registered PF_XDP protocol family
[    1.955452] pci 0000:04:00.0: can't claim BAR 6 [mem 0xfffc0000-0xffffffff pref]: no compatible bridge window
[    1.955454] pci 0000:04:00.1: can't claim BAR 6 [mem 0xfffc0000-0xffffffff pref]: no compatible bridge window
[    1.955456] pci 0000:17:00.0: can't claim BAR 6 [mem 0xfff00000-0xffffffff pref]: no compatible bridge window
[    1.955471] pci 0000:00:1c.5: BAR 14: assigned [mem 0x90000000-0x900fffff]
[    1.955474] pci 0000:00:1c.0: PCI bridge to [bus 01]
[    1.955484] pci 0000:02:00.0: PCI bridge to [bus 03]
[    1.955489] pci 0000:02:00.0:   bridge window [mem 0x92000000-0x928fffff]
[    1.955493] pci 0000:02:00.0:   bridge window [mem 0x91000000-0x91ffffff 64bit pref]
[    1.955499] pci 0000:00:1c.4: PCI bridge to [bus 02-03]
[    1.955503] pci 0000:00:1c.4:   bridge window [mem 0x92000000-0x928fffff]
[    1.955506] pci 0000:00:1c.4:   bridge window [mem 0x91000000-0x91ffffff 64bit pref]
[    1.955511] pci 0000:04:00.0: BAR 6: assigned [mem 0x90000000-0x9003ffff pref]
[    1.955513] pci 0000:04:00.1: BAR 6: assigned [mem 0x90040000-0x9007ffff pref]
[    1.955514] pci 0000:00:1c.5: PCI bridge to [bus 04]
[    1.955517] pci 0000:00:1c.5:   bridge window [mem 0x90000000-0x900fffff]
[    1.955520] pci 0000:00:1c.5:   bridge window [mem 0x92900000-0x929fffff 64bit pref]
[    1.955524] pci_bus 0000:00: resource 4 [io  0x0000-0x0cf7 window]
[    1.955526] pci_bus 0000:00: resource 5 [io  0x1000-0x4fff window]
[    1.955527] pci_bus 0000:00: resource 6 [mem 0x000a0000-0x000bffff window]
[    1.955529] pci_bus 0000:00: resource 7 [mem 0x000c8000-0x000cffff window]
[    1.955530] pci_bus 0000:00: resource 8 [mem 0xfe010000-0xfe010fff window]
[    1.955531] pci_bus 0000:00: resource 9 [mem 0x90000000-0x9b7fffff window]
[    1.955533] pci_bus 0000:00: resource 10 [mem 0x200000000000-0x20ffffffffff window]
[    1.955534] pci_bus 0000:02: resource 1 [mem 0x92000000-0x928fffff]
[    1.955536] pci_bus 0000:02: resource 2 [mem 0x91000000-0x91ffffff 64bit pref]
[    1.955537] pci_bus 0000:03: resource 1 [mem 0x92000000-0x928fffff]
[    1.955538] pci_bus 0000:03: resource 2 [mem 0x91000000-0x91ffffff 64bit pref]
[    1.955539] pci_bus 0000:04: resource 1 [mem 0x90000000-0x900fffff]
[    1.955540] pci_bus 0000:04: resource 2 [mem 0x92900000-0x929fffff 64bit pref]
[    1.955615] pci 0000:17:00.0: BAR 6: no space for [mem size 0x00100000 pref]
[    1.955617] pci 0000:17:00.0: BAR 6: failed to assign [mem size 0x00100000 pref]
[    1.955618] pci 0000:16:02.0: PCI bridge to [bus 17]
[    1.955620] pci 0000:16:02.0:   bridge window [io  0x5000-0x5fff]
[    1.955623] pci 0000:16:02.0:   bridge window [mem 0x9ba00000-0x9bafffff]
[    1.955625] pci 0000:16:02.0:   bridge window [mem 0x9b800000-0x9b9fffff 64bit pref]
[    1.955629] pci_bus 0000:16: resource 4 [io  0x5000-0x6fff window]
[    1.955630] pci_bus 0000:16: resource 5 [mem 0x9b800000-0xa63fffff window]
[    1.955631] pci_bus 0000:16: resource 6 [mem 0x210000000000-0x21ffffffffff window]
[    1.955632] pci_bus 0000:17: resource 0 [io  0x5000-0x5fff]
[    1.955633] pci_bus 0000:17: resource 1 [mem 0x9ba00000-0x9bafffff]
[    1.955634] pci_bus 0000:17: resource 2 [mem 0x9b800000-0x9b9fffff 64bit pref]
[    1.955641] pci_bus 0000:30: resource 4 [io  0x7000-0x8fff window]
[    1.955642] pci_bus 0000:30: resource 5 [mem 0xa6400000-0xb0ffffff window]
[    1.955643] pci_bus 0000:30: resource 6 [mem 0x220000000000-0x22ffffffffff window]
[    1.955649] pci_bus 0000:4a: resource 4 [io  0x9000-0x9fff window]
[    1.955650] pci_bus 0000:4a: resource 5 [mem 0xb1000000-0xbbbfffff window]
[    1.955651] pci_bus 0000:4a: resource 6 [mem 0x230000000000-0x23ffffffffff window]
