2024年 05月 22日 星期三 11:27:37 CST
pgmigrate_success 587374
pgmigrate_fail 15621666
pgmigrate_dst_node_full_fail 18493601
pgmigrate_numa_isolate_fail 1009
pgmigrate_nomem_fail 5
pgmigrate_refcount_fail 755
thp_fault_alloc 15991
thp_fault_fallback 0
thp_collapse_alloc 42
thp_collapse_alloc_failed 37
thp_file_alloc 0
thp_file_mapped 0
thp_split_page 0
thp_split_page_failed 0
thp_deferred_split_page 17110
thp_split_pmd 529
thp_split_pud 0
thp_zero_page_alloc 0
thp_zero_page_alloc_failed 0
thp_swpout 0
thp_swpout_fallback 0
MemTotal:       1078054284 kB
MemFree:        1046808296 kB
MemAvailable:   1044726120 kB
Buffers:            7044 kB
Cached:           326068 kB
SwapCached:        13088 kB
Active:           445940 kB
Inactive:         493636 kB
Active(anon):     258480 kB
Inactive(anon):   354732 kB
Active(file):     187460 kB
Inactive(file):   138904 kB
Unevictable:           0 kB
Mlocked:               0 kB
SwapTotal:       2097148 kB
SwapFree:        1999868 kB
Dirty:               736 kB
Writeback:             0 kB
AnonPages:        605224 kB
Mapped:           322020 kB
Shmem:              6040 kB
KReclaimable:     257344 kB
Slab:             694316 kB
SReclaimable:     257344 kB
SUnreclaim:       436972 kB
KernelStack:       33460 kB
PageTables:        28576 kB
NFS_Unstable:          0 kB
Bounce:                0 kB
WritebackTmp:          0 kB
CommitLimit:    541124288 kB
Committed_AS:    6240108 kB
VmallocTotal:   34359738367 kB
VmallocUsed:      104980 kB
VmallocChunk:          0 kB
Percpu:           124544 kB
HardwareCorrupted:     0 kB
AnonHugePages:     10240 kB
ShmemHugePages:        0 kB
ShmemPmdMapped:        0 kB
CmaTotal:              0 kB
CmaFree:               0 kB
HugePages_Total:       0
HugePages_Free:        0
HugePages_Rsvd:        0
HugePages_Surp:        0
Hugepagesize:       2048 kB
Hugetlb:               0 kB
DirectMap4k:      937448 kB
DirectMap2M:     7936000 kB
DirectMap1G:    1180696576 kB
2024年 05月 22日 星期三 11:29:17 CST
pgmigrate_success 646899
pgmigrate_fail 23308834
pgmigrate_dst_node_full_fail 26179745
pgmigrate_numa_isolate_fail 1009
pgmigrate_nomem_fail 5
pgmigrate_refcount_fail 755
thp_fault_alloc 21323
thp_fault_fallback 0
thp_collapse_alloc 42
thp_collapse_alloc_failed 40
thp_file_alloc 0
thp_file_mapped 0
thp_split_page 0
thp_split_page_failed 0
thp_deferred_split_page 22670
thp_split_pmd 535
thp_split_pud 0
thp_zero_page_alloc 0
thp_zero_page_alloc_failed 0
thp_swpout 0
thp_swpout_fallback 0
MemTotal:       1078054284 kB
MemFree:        1046640944 kB
MemAvailable:   1044622040 kB
Buffers:           56776 kB
Cached:           368572 kB
SwapCached:        13116 kB
Active:           508280 kB
Inactive:         527776 kB
Active(anon):     262512 kB
Inactive(anon):   354756 kB
Active(file):     245768 kB
Inactive(file):   173020 kB
Unevictable:           0 kB
Mlocked:               0 kB
SwapTotal:       2097148 kB
SwapFree:        1999868 kB
Dirty:                44 kB
Writeback:             0 kB
AnonPages:        608952 kB
Mapped:           321576 kB
Shmem:              6040 kB
KReclaimable:     291464 kB
Slab:             727636 kB
SReclaimable:     291464 kB
SUnreclaim:       436172 kB
KernelStack:       34928 kB
PageTables:        28896 kB
NFS_Unstable:          0 kB
Bounce:                0 kB
WritebackTmp:          0 kB
CommitLimit:    541124288 kB
Committed_AS:    5778284 kB
VmallocTotal:   34359738367 kB
VmallocUsed:      104948 kB
VmallocChunk:          0 kB
Percpu:           124544 kB
HardwareCorrupted:     0 kB
AnonHugePages:    172032 kB
ShmemHugePages:        0 kB
ShmemPmdMapped:        0 kB
CmaTotal:              0 kB
CmaFree:               0 kB
HugePages_Total:       0
HugePages_Free:        0
HugePages_Rsvd:        0
HugePages_Surp:        0
Hugepagesize:       2048 kB
Hugetlb:               0 kB
DirectMap4k:      937448 kB
DirectMap2M:     7936000 kB
DirectMap1G:    1180696576 kB
