2024年 05月 26日 星期日 22:52:09 CST
pgmigrate_success 7868
pgmigrate_fail 2
pgmigrate_dst_node_full_fail 0
pgmigrate_numa_isolate_fail 15
pgmigrate_nomem_fail 1
pgmigrate_refcount_fail 0
thp_fault_alloc 0
thp_fault_fallback 0
thp_collapse_alloc 0
thp_collapse_alloc_failed 0
thp_file_alloc 0
thp_file_mapped 0
thp_split_page 0
thp_split_page_failed 0
thp_deferred_split_page 0
thp_split_pmd 0
thp_split_pud 0
thp_zero_page_alloc 0
thp_zero_page_alloc_failed 0
thp_swpout 0
thp_swpout_fallback 0
MemTotal:       1087880580 kB
MemFree:        1056914472 kB
MemAvailable:   1054799112 kB
Buffers:            5840 kB
Cached:           385504 kB
SwapCached:            0 kB
Active:           583680 kB
Inactive:         436772 kB
Active(anon):     494712 kB
Inactive(anon):   141412 kB
Active(file):      88968 kB
Inactive(file):   295360 kB
Unevictable:           0 kB
Mlocked:               0 kB
SwapTotal:       2097148 kB
SwapFree:        2097148 kB
Dirty:              3276 kB
Writeback:             0 kB
AnonPages:        629692 kB
Mapped:           381236 kB
Shmem:              6208 kB
KReclaimable:     245000 kB
Slab:             628972 kB
SReclaimable:     245000 kB
SUnreclaim:       383972 kB
KernelStack:       33684 kB
PageTables:        29296 kB
NFS_Unstable:          0 kB
Bounce:                0 kB
WritebackTmp:          0 kB
CommitLimit:    546037436 kB
Committed_AS:    6757644 kB
VmallocTotal:   34359738367 kB
VmallocUsed:      158476 kB
VmallocChunk:          0 kB
Percpu:           125440 kB
HardwareCorrupted:     0 kB
AnonHugePages:         0 kB
ShmemHugePages:        0 kB
ShmemPmdMapped:        0 kB
CmaTotal:              0 kB
CmaFree:               0 kB
HugePages_Total:       0
HugePages_Free:        0
HugePages_Rsvd:        0
HugePages_Surp:        0
Hugepagesize:       2048 kB
Hugetlb:               0 kB
DirectMap4k:      914920 kB
DirectMap2M:     9007104 kB
DirectMap1G:    1179648000 kB
2024年 05月 26日 星期日 22:58:10 CST
pgmigrate_success 2274925
pgmigrate_fail 102006788
pgmigrate_dst_node_full_fail 102005760
pgmigrate_numa_isolate_fail 15
pgmigrate_nomem_fail 1
pgmigrate_refcount_fail 0
thp_fault_alloc 16703
thp_fault_fallback 0
thp_collapse_alloc 4
thp_collapse_alloc_failed 4
thp_file_alloc 0
thp_file_mapped 0
thp_split_page 0
thp_split_page_failed 0
thp_deferred_split_page 25547
thp_split_pmd 28
thp_split_pud 0
thp_zero_page_alloc 0
thp_zero_page_alloc_failed 0
thp_swpout 0
thp_swpout_fallback 0
MemTotal:       1087880580 kB
MemFree:        1056664400 kB
MemAvailable:   1054620760 kB
Buffers:           68440 kB
Cached:           425396 kB
SwapCached:            0 kB
Active:           697076 kB
Inactive:         446408 kB
Active(anon):     518228 kB
Inactive(anon):   137736 kB
Active(file):     178848 kB
Inactive(file):   308672 kB
Unevictable:           0 kB
Mlocked:               0 kB
SwapTotal:       2097148 kB
SwapFree:        2097148 kB
Dirty:                84 kB
Writeback:             0 kB
AnonPages:        650324 kB
Mapped:           391024 kB
Shmem:              6208 kB
KReclaimable:     285248 kB
Slab:             684988 kB
SReclaimable:     285248 kB
SUnreclaim:       399740 kB
KernelStack:       33664 kB
PageTables:        30124 kB
NFS_Unstable:          0 kB
Bounce:                0 kB
WritebackTmp:          0 kB
CommitLimit:    546037436 kB
Committed_AS:    6795848 kB
VmallocTotal:   34359738367 kB
VmallocUsed:      158636 kB
VmallocChunk:          0 kB
Percpu:           125440 kB
HardwareCorrupted:     0 kB
AnonHugePages:     69632 kB
ShmemHugePages:        0 kB
ShmemPmdMapped:        0 kB
CmaTotal:              0 kB
CmaFree:               0 kB
HugePages_Total:       0
HugePages_Free:        0
HugePages_Rsvd:        0
HugePages_Surp:        0
Hugepagesize:       2048 kB
Hugetlb:               0 kB
DirectMap4k:      914920 kB
DirectMap2M:     9007104 kB
DirectMap1G:    1179648000 kB
