2024年 05月 21日 星期二 20:51:18 CST
pgmigrate_success 289147
pgmigrate_fail 61
pgmigrate_dst_node_full_fail 8350960
pgmigrate_numa_isolate_fail 125
pgmigrate_nomem_fail 4
pgmigrate_refcount_fail 482
thp_fault_alloc 0
thp_fault_fallback 0
thp_collapse_alloc 0
thp_collapse_alloc_failed 0
thp_file_alloc 0
thp_file_mapped 0
thp_split_page 0
thp_split_page_failed 0
thp_deferred_split_page 0
thp_split_pmd 0
thp_split_pud 0
thp_zero_page_alloc 0
thp_zero_page_alloc_failed 0
thp_swpout 0
thp_swpout_fallback 0
MemTotal:       1077550484 kB
MemFree:        1047029744 kB
MemAvailable:   1044838828 kB
Buffers:            7840 kB
Cached:           103612 kB
SwapCached:        44128 kB
Active:           230108 kB
Inactive:         210716 kB
Active(anon):     201360 kB
Inactive(anon):   133236 kB
Active(file):      28748 kB
Inactive(file):    77480 kB
Unevictable:           0 kB
Mlocked:               0 kB
SwapTotal:       2097148 kB
SwapFree:        1681916 kB
Dirty:              1312 kB
Writeback:             0 kB
AnonPages:        319300 kB
Mapped:           100492 kB
Shmem:              4556 kB
KReclaimable:     250144 kB
Slab:             694196 kB
SReclaimable:     250144 kB
SUnreclaim:       444052 kB
KernelStack:       33700 kB
PageTables:        28816 kB
NFS_Unstable:          0 kB
Bounce:                0 kB
WritebackTmp:          0 kB
CommitLimit:    540872388 kB
Committed_AS:    7022648 kB
VmallocTotal:   34359738367 kB
VmallocUsed:      105108 kB
VmallocChunk:          0 kB
Percpu:           123648 kB
HardwareCorrupted:     0 kB
AnonHugePages:         0 kB
ShmemHugePages:        0 kB
ShmemPmdMapped:        0 kB
CmaTotal:              0 kB
CmaFree:               0 kB
HugePages_Total:       0
HugePages_Free:        0
HugePages_Rsvd:        0
HugePages_Surp:        0
Hugepagesize:       2048 kB
Hugetlb:               0 kB
DirectMap4k:     1201640 kB
DirectMap2M:     7671808 kB
DirectMap1G:    1180696576 kB
2024年 05月 21日 星期二 20:57:13 CST
pgmigrate_success 443050
pgmigrate_fail 8341079
pgmigrate_dst_node_full_fail 16689904
pgmigrate_numa_isolate_fail 132
pgmigrate_nomem_fail 5
pgmigrate_refcount_fail 702
thp_fault_alloc 5292
thp_fault_fallback 0
thp_collapse_alloc 19
thp_collapse_alloc_failed 0
thp_file_alloc 0
thp_file_mapped 0
thp_split_page 0
thp_split_page_failed 0
thp_deferred_split_page 5750
thp_split_pmd 118
thp_split_pud 0
thp_zero_page_alloc 0
thp_zero_page_alloc_failed 0
thp_swpout 0
thp_swpout_fallback 0
MemTotal:       1077550484 kB
MemFree:        1046635016 kB
MemAvailable:   1044510572 kB
Buffers:           59556 kB
Cached:           152020 kB
SwapCached:        44584 kB
Active:           286708 kB
Inactive:         254356 kB
Active(anon):     197940 kB
Inactive(anon):   136372 kB
Active(file):      88768 kB
Inactive(file):   117984 kB
Unevictable:           0 kB
Mlocked:               0 kB
SwapTotal:       2097148 kB
SwapFree:        1682172 kB
Dirty:                36 kB
Writeback:             0 kB
AnonPages:        319588 kB
Mapped:            99924 kB
Shmem:              4556 kB
KReclaimable:     282564 kB
Slab:             728672 kB
SReclaimable:     282564 kB
SUnreclaim:       446108 kB
KernelStack:       34000 kB
PageTables:        28688 kB
NFS_Unstable:          0 kB
Bounce:                0 kB
WritebackTmp:          0 kB
CommitLimit:    540872388 kB
Committed_AS:    6388632 kB
VmallocTotal:   34359738367 kB
VmallocUsed:      105220 kB
VmallocChunk:          0 kB
Percpu:           123648 kB
HardwareCorrupted:     0 kB
AnonHugePages:      8192 kB
ShmemHugePages:        0 kB
ShmemPmdMapped:        0 kB
CmaTotal:              0 kB
CmaFree:               0 kB
HugePages_Total:       0
HugePages_Free:        0
HugePages_Rsvd:        0
HugePages_Surp:        0
Hugepagesize:       2048 kB
Hugetlb:               0 kB
DirectMap4k:     1201640 kB
DirectMap2M:     7671808 kB
DirectMap1G:    1180696576 kB
