2024年 06月 18日 星期二 20:50:01 CST
pgmigrate_success 1927201
pgmigrate_fail 9817610
pgmigrate_dst_node_full_fail 9813773
pgmigrate_numa_isolate_fail 75
pgmigrate_nomem_fail 4
pgmigrate_refcount_fail 26
thp_fault_alloc 23622
thp_fault_fallback 0
thp_collapse_alloc 25
thp_collapse_alloc_failed 6
thp_file_alloc 0
thp_file_mapped 0
thp_split_page 0
thp_split_page_failed 0
thp_deferred_split_page 30086
thp_split_pmd 253
thp_split_pud 0
thp_zero_page_alloc 0
thp_zero_page_alloc_failed 0
thp_swpout 0
thp_swpout_fallback 0
MemTotal:       1077571972 kB
MemFree:        1047074524 kB
MemAvailable:   1044963540 kB
Buffers:            7728 kB
Cached:           287816 kB
SwapCached:          456 kB
Active:           303200 kB
Inactive:         593316 kB
Active(anon):     132700 kB
Inactive(anon):   473844 kB
Active(file):     170500 kB
Inactive(file):   119472 kB
Unevictable:           0 kB
Mlocked:               0 kB
SwapTotal:       2097148 kB
SwapFree:        2079484 kB
Dirty:               512 kB
Writeback:             0 kB
AnonPages:        600660 kB
Mapped:           285096 kB
Shmem:              5704 kB
KReclaimable:     250920 kB
Slab:             664132 kB
SReclaimable:     250920 kB
SUnreclaim:       413212 kB
KernelStack:       33876 kB
PageTables:        28672 kB
NFS_Unstable:          0 kB
Bounce:                0 kB
WritebackTmp:          0 kB
CommitLimit:    540883132 kB
Committed_AS:    6413668 kB
VmallocTotal:   34359738367 kB
VmallocUsed:      105652 kB
VmallocChunk:          0 kB
Percpu:           121856 kB
HardwareCorrupted:     0 kB
AnonHugePages:     16384 kB
ShmemHugePages:        0 kB
ShmemPmdMapped:        0 kB
CmaTotal:              0 kB
CmaFree:               0 kB
HugePages_Total:       0
HugePages_Free:        0
HugePages_Rsvd:        0
HugePages_Surp:        0
Hugepagesize:       2048 kB
Hugetlb:               0 kB
DirectMap4k:     1031656 kB
DirectMap2M:     7841792 kB
DirectMap1G:    1180696576 kB
2024年 06月 18日 星期二 20:51:58 CST
pgmigrate_success 2066138
pgmigrate_fail 13882380
pgmigrate_dst_node_full_fail 13873933
pgmigrate_numa_isolate_fail 75
pgmigrate_nomem_fail 4
pgmigrate_refcount_fail 26
thp_fault_alloc 30229
thp_fault_fallback 0
thp_collapse_alloc 33
thp_collapse_alloc_failed 6
thp_file_alloc 0
thp_file_mapped 0
thp_split_page 0
thp_split_page_failed 0
thp_deferred_split_page 37233
thp_split_pmd 273
thp_split_pud 0
thp_zero_page_alloc 0
thp_zero_page_alloc_failed 0
thp_swpout 0
thp_swpout_fallback 0
MemTotal:       1077571972 kB
MemFree:        1046722264 kB
MemAvailable:   1044671632 kB
Buffers:           59520 kB
Cached:           323188 kB
SwapCached:          512 kB
Active:           352912 kB
Inactive:         647052 kB
Active(anon):     133272 kB
Inactive(anon):   489736 kB
Active(file):     219640 kB
Inactive(file):   157316 kB
Unevictable:           0 kB
Mlocked:               0 kB
SwapTotal:       2097148 kB
SwapFree:        2079484 kB
Dirty:              3316 kB
Writeback:             0 kB
AnonPages:        616376 kB
Mapped:           298936 kB
Shmem:              5704 kB
KReclaimable:     284640 kB
Slab:             703472 kB
SReclaimable:     284640 kB
SUnreclaim:       418832 kB
KernelStack:       34576 kB
PageTables:        29408 kB
NFS_Unstable:          0 kB
Bounce:                0 kB
WritebackTmp:          0 kB
CommitLimit:    540883132 kB
Committed_AS:    6117500 kB
VmallocTotal:   34359738367 kB
VmallocUsed:      105732 kB
VmallocChunk:          0 kB
Percpu:           121856 kB
HardwareCorrupted:     0 kB
AnonHugePages:     14336 kB
ShmemHugePages:        0 kB
ShmemPmdMapped:        0 kB
CmaTotal:              0 kB
CmaFree:               0 kB
HugePages_Total:       0
HugePages_Free:        0
HugePages_Rsvd:        0
HugePages_Surp:        0
Hugepagesize:       2048 kB
Hugetlb:               0 kB
DirectMap4k:     1031656 kB
DirectMap2M:     7841792 kB
DirectMap1G:    1180696576 kB
