2024年 05月 22日 星期三 11:00:08 CST
pgmigrate_success 386970
pgmigrate_fail 6042656
pgmigrate_dst_node_full_fail 8925857
pgmigrate_numa_isolate_fail 1005
pgmigrate_nomem_fail 5
pgmigrate_refcount_fail 243
thp_fault_alloc 5299
thp_fault_fallback 0
thp_collapse_alloc 24
thp_collapse_alloc_failed 4
thp_file_alloc 0
thp_file_mapped 0
thp_split_page 0
thp_split_page_failed 0
thp_deferred_split_page 5711
thp_split_pmd 137
thp_split_pud 0
thp_zero_page_alloc 0
thp_zero_page_alloc_failed 0
thp_swpout 0
thp_swpout_fallback 0
MemTotal:       1078054284 kB
MemFree:        1046843212 kB
MemAvailable:   1044753000 kB
Buffers:            7716 kB
Cached:           322500 kB
SwapCached:        13192 kB
Active:           439496 kB
Inactive:         489704 kB
Active(anon):     251288 kB
Inactive(anon):   354188 kB
Active(file):     188208 kB
Inactive(file):   135516 kB
Unevictable:           0 kB
Mlocked:               0 kB
SwapTotal:       2097148 kB
SwapFree:        1997820 kB
Dirty:               568 kB
Writeback:             0 kB
AnonPages:        597304 kB
Mapped:           318448 kB
Shmem:              6040 kB
KReclaimable:     252100 kB
Slab:             680076 kB
SReclaimable:     252100 kB
SUnreclaim:       427976 kB
KernelStack:       33444 kB
PageTables:        28524 kB
NFS_Unstable:          0 kB
Bounce:                0 kB
WritebackTmp:          0 kB
CommitLimit:    541124288 kB
Committed_AS:    6567456 kB
VmallocTotal:   34359738367 kB
VmallocUsed:      105012 kB
VmallocChunk:          0 kB
Percpu:           124544 kB
HardwareCorrupted:     0 kB
AnonHugePages:      8192 kB
ShmemHugePages:        0 kB
ShmemPmdMapped:        0 kB
CmaTotal:              0 kB
CmaFree:               0 kB
HugePages_Total:       0
HugePages_Free:        0
HugePages_Rsvd:        0
HugePages_Surp:        0
Hugepagesize:       2048 kB
Hugetlb:               0 kB
DirectMap4k:      937448 kB
DirectMap2M:     7936000 kB
DirectMap1G:    1180696576 kB
2024年 05月 22日 星期三 11:09:19 CST
pgmigrate_success 482081
pgmigrate_fail 11778081
pgmigrate_dst_node_full_fail 14654625
pgmigrate_numa_isolate_fail 1006
pgmigrate_nomem_fail 5
pgmigrate_refcount_fail 243
thp_fault_alloc 10664
thp_fault_fallback 0
thp_collapse_alloc 42
thp_collapse_alloc_failed 7
thp_file_alloc 0
thp_file_mapped 0
thp_split_page 0
thp_split_page_failed 0
thp_deferred_split_page 11414
thp_split_pmd 367
thp_split_pud 0
thp_zero_page_alloc 0
thp_zero_page_alloc_failed 0
thp_swpout 0
thp_swpout_fallback 0
MemTotal:       1078054284 kB
MemFree:        1046608684 kB
MemAvailable:   1044582244 kB
Buffers:           59740 kB
Cached:           365752 kB
SwapCached:        13232 kB
Active:           504820 kB
Inactive:         525128 kB
Active(anon):     256092 kB
Inactive(anon):   354880 kB
Active(file):     248728 kB
Inactive(file):   170248 kB
Unevictable:           0 kB
Mlocked:               0 kB
SwapTotal:       2097148 kB
SwapFree:        1997820 kB
Dirty:                56 kB
Writeback:             0 kB
AnonPages:        603248 kB
Mapped:           318820 kB
Shmem:              6040 kB
KReclaimable:     284400 kB
Slab:             715288 kB
SReclaimable:     284400 kB
SUnreclaim:       430888 kB
KernelStack:       33440 kB
PageTables:        28684 kB
NFS_Unstable:          0 kB
Bounce:                0 kB
WritebackTmp:          0 kB
CommitLimit:    541124288 kB
Committed_AS:    6108540 kB
VmallocTotal:   34359738367 kB
VmallocUsed:      104660 kB
VmallocChunk:          0 kB
Percpu:           124544 kB
HardwareCorrupted:     0 kB
AnonHugePages:         0 kB
ShmemHugePages:        0 kB
ShmemPmdMapped:        0 kB
CmaTotal:              0 kB
CmaFree:               0 kB
HugePages_Total:       0
HugePages_Free:        0
HugePages_Rsvd:        0
HugePages_Surp:        0
Hugepagesize:       2048 kB
Hugetlb:               0 kB
DirectMap4k:      937448 kB
DirectMap2M:     7936000 kB
DirectMap1G:    1180696576 kB
