[    0.000000] Linux version 5.18.0 (xmu@xmu-PowerEdge-R750) (gcc (Ubuntu 8.4.0-1ubuntu1~18.04) 8.4.0, GNU ld (GNU Binutils for Ubuntu) 2.30) #1 SMP PREEMPT_DYNAMIC Sat Apr 6 15:16:25 CST 2024
[    0.000000] Command line: BOOT_IMAGE=/boot/vmlinuz-5.18.0 root=UUID=ce0c24b8-724b-4f33-9b2c-618433560aef ro memmap=35152M!4096M memmap=59G!64G quiet splash nomodeset vt.handoff=1
[    0.000000] KERNEL supported cpus:
[    0.000000]   Intel GenuineIntel
[    0.000000]   AMD AuthenticAMD
[    0.000000]   Hygon HygonGenuine
[    0.000000]   Centaur CentaurHauls
[    0.000000]   zhaoxin   Shanghai  
[    0.000000] x86/split lock detection: #AC: crashing the kernel on kernel split_locks and warning on user-space split_locks
[    0.000000] x86/fpu: Supporting XSAVE feature 0x001: 'x87 floating point registers'
[    0.000000] x86/fpu: Supporting XSAVE feature 0x002: 'SSE registers'
[    0.000000] x86/fpu: Supporting XSAVE feature 0x004: 'AVX registers'
[    0.000000] x86/fpu: Supporting XSAVE feature 0x020: 'AVX-512 opmask'
[    0.000000] x86/fpu: Supporting XSAVE feature 0x040: 'AVX-512 Hi256'
[    0.000000] x86/fpu: Supporting XSAVE feature 0x080: 'AVX-512 ZMM_Hi256'
[    0.000000] x86/fpu: Supporting XSAVE feature 0x200: 'Protection Keys User registers'
[    0.000000] x86/fpu: xstate_offset[2]:  576, xstate_sizes[2]:  256
[    0.000000] x86/fpu: xstate_offset[5]:  832, xstate_sizes[5]:   64
[    0.000000] x86/fpu: xstate_offset[6]:  896, xstate_sizes[6]:  512
[    0.000000] x86/fpu: xstate_offset[7]: 1408, xstate_sizes[7]: 1024
[    0.000000] x86/fpu: xstate_offset[9]: 2432, xstate_sizes[9]:    8
[    0.000000] x86/fpu: Enabled xstate features 0x2e7, context size is 2440 bytes, using 'compacted' format.
[    0.000000] signal: max sigframe size: 3632
[    0.000000] BIOS-provided physical RAM map:
[    0.000000] BIOS-e820: [mem 0x0000000000000000-0x000000000008efff] usable
[    0.000000] BIOS-e820: [mem 0x000000000008f000-0x000000000008ffff] reserved
[    0.000000] BIOS-e820: [mem 0x0000000000090000-0x000000000009ffff] usable
[    0.000000] BIOS-e820: [mem 0x00000000000a0000-0x00000000000fffff] reserved
[    0.000000] BIOS-e820: [mem 0x0000000000100000-0x0000000049e76fff] usable
[    0.000000] BIOS-e820: [mem 0x0000000049e77000-0x000000004ae76fff] ACPI NVS
[    0.000000] BIOS-e820: [mem 0x000000004ae77000-0x000000004b2cefff] usable
[    0.000000] BIOS-e820: [mem 0x000000004b2cf000-0x000000004b54dfff] ACPI data
[    0.000000] BIOS-e820: [mem 0x000000004b54e000-0x000000004bd93fff] usable
[    0.000000] BIOS-e820: [mem 0x000000004bd94000-0x000000004be99fff] reserved
[    0.000000] BIOS-e820: [mem 0x000000004be9a000-0x000000004cdfffff] usable
[    0.000000] BIOS-e820: [mem 0x000000004ce00000-0x000000004cffffff] reserved
[    0.000000] BIOS-e820: [mem 0x000000004d000000-0x000000005eefdfff] usable
[    0.000000] BIOS-e820: [mem 0x000000005eefe000-0x000000006e3fefff] reserved
[    0.000000] BIOS-e820: [mem 0x000000006e3ff000-0x000000006f3fefff] ACPI NVS
[    0.000000] BIOS-e820: [mem 0x000000006f3ff000-0x000000006f7fefff] ACPI data
[    0.000000] BIOS-e820: [mem 0x000000006f7ff000-0x000000006f7fffff] usable
[    0.000000] BIOS-e820: [mem 0x000000006f800000-0x000000008fffffff] reserved
[    0.000000] BIOS-e820: [mem 0x00000000fe000000-0x00000000fe010fff] reserved
[    0.000000] BIOS-e820: [mem 0x0000000100000000-0x000000207fffffff] usable
[    0.000000] BIOS-e820: [mem 0x0000002080000000-0x0000011c7fffffff] persistent (type 7)
[    0.000000] BIOS-e820: [mem 0x00001ffc00000000-0x00001fffffffffff] reserved
[    0.000000] NX (Execute Disable) protection: active
[    0.000000] e820: update [mem 0x46d5c020-0x46d6405f] usable ==> usable
[    0.000000] e820: update [mem 0x46d5c020-0x46d6405f] usable ==> usable
[    0.000000] e820: update [mem 0x46d29020-0x46d5bc5f] usable ==> usable
[    0.000000] e820: update [mem 0x46d29020-0x46d5bc5f] usable ==> usable
[    0.000000] e820: update [mem 0x46cf6020-0x46d28c5f] usable ==> usable
[    0.000000] e820: update [mem 0x46cf6020-0x46d28c5f] usable ==> usable
[    0.000000] e820: update [mem 0x46cc4020-0x46cf5a5f] usable ==> usable
[    0.000000] e820: update [mem 0x46cc4020-0x46cf5a5f] usable ==> usable
[    0.000000] extended physical RAM map:
[    0.000000] reserve setup_data: [mem 0x0000000000000000-0x000000000008efff] usable
[    0.000000] reserve setup_data: [mem 0x000000000008f000-0x000000000008ffff] reserved
[    0.000000] reserve setup_data: [mem 0x0000000000090000-0x000000000009ffff] usable
[    0.000000] reserve setup_data: [mem 0x00000000000a0000-0x00000000000fffff] reserved
[    0.000000] reserve setup_data: [mem 0x0000000000100000-0x0000000046cc401f] usable
[    0.000000] reserve setup_data: [mem 0x0000000046cc4020-0x0000000046cf5a5f] usable
[    0.000000] reserve setup_data: [mem 0x0000000046cf5a60-0x0000000046cf601f] usable
[    0.000000] reserve setup_data: [mem 0x0000000046cf6020-0x0000000046d28c5f] usable
[    0.000000] reserve setup_data: [mem 0x0000000046d28c60-0x0000000046d2901f] usable
[    0.000000] reserve setup_data: [mem 0x0000000046d29020-0x0000000046d5bc5f] usable
[    0.000000] reserve setup_data: [mem 0x0000000046d5bc60-0x0000000046d5c01f] usable
[    0.000000] reserve setup_data: [mem 0x0000000046d5c020-0x0000000046d6405f] usable
[    0.000000] reserve setup_data: [mem 0x0000000046d64060-0x0000000049e76fff] usable
[    0.000000] reserve setup_data: [mem 0x0000000049e77000-0x000000004ae76fff] ACPI NVS
[    0.000000] reserve setup_data: [mem 0x000000004ae77000-0x000000004b2cefff] usable
[    0.000000] reserve setup_data: [mem 0x000000004b2cf000-0x000000004b54dfff] ACPI data
[    0.000000] reserve setup_data: [mem 0x000000004b54e000-0x000000004bd93fff] usable
[    0.000000] reserve setup_data: [mem 0x000000004bd94000-0x000000004be99fff] reserved
[    0.000000] reserve setup_data: [mem 0x000000004be9a000-0x000000004cdfffff] usable
[    0.000000] reserve setup_data: [mem 0x000000004ce00000-0x000000004cffffff] reserved
[    0.000000] reserve setup_data: [mem 0x000000004d000000-0x000000005eefdfff] usable
[    0.000000] reserve setup_data: [mem 0x000000005eefe000-0x000000006e3fefff] reserved
[    0.000000] reserve setup_data: [mem 0x000000006e3ff000-0x000000006f3fefff] ACPI NVS
[    0.000000] reserve setup_data: [mem 0x000000006f3ff000-0x000000006f7fefff] ACPI data
[    0.000000] reserve setup_data: [mem 0x000000006f7ff000-0x000000006f7fffff] usable
[    0.000000] reserve setup_data: [mem 0x000000006f800000-0x000000008fffffff] reserved
[    0.000000] reserve setup_data: [mem 0x00000000fe000000-0x00000000fe010fff] reserved
[    0.000000] reserve setup_data: [mem 0x0000000100000000-0x0000000994ffffff] persistent (type 12)
[    0.000000] reserve setup_data: [mem 0x0000000995000000-0x0000000fffffffff] usable
[    0.000000] reserve setup_data: [mem 0x0000001000000000-0x0000001ebfffffff] persistent (type 12)
[    0.000000] reserve setup_data: [mem 0x0000001ec0000000-0x000000207fffffff] usable
[    0.000000] reserve setup_data: [mem 0x0000002080000000-0x0000011c7fffffff] persistent (type 7)
[    0.000000] reserve setup_data: [mem 0x00001ffc00000000-0x00001fffffffffff] reserved
[    0.000000] user-defined physical RAM map:
[    0.000000] user: [mem 0x0000000000000000-0x000000000008efff] usable
[    0.000000] user: [mem 0x000000000008f000-0x000000000008ffff] reserved
[    0.000000] user: [mem 0x0000000000090000-0x000000000009ffff] usable
[    0.000000] user: [mem 0x00000000000a0000-0x00000000000fffff] reserved
[    0.000000] user: [mem 0x0000000000100000-0x0000000046cc401f] usable
[    0.000000] user: [mem 0x0000000046cc4020-0x0000000046cf5a5f] usable
[    0.000000] user: [mem 0x0000000046cf5a60-0x0000000046cf601f] usable
[    0.000000] user: [mem 0x0000000046cf6020-0x0000000046d28c5f] usable
[    0.000000] user: [mem 0x0000000046d28c60-0x0000000046d2901f] usable
[    0.000000] user: [mem 0x0000000046d29020-0x0000000046d5bc5f] usable
[    0.000000] user: [mem 0x0000000046d5bc60-0x0000000046d5c01f] usable
[    0.000000] user: [mem 0x0000000046d5c020-0x0000000046d6405f] usable
[    0.000000] user: [mem 0x0000000046d64060-0x0000000049e76fff] usable
[    0.000000] user: [mem 0x0000000049e77000-0x000000004ae76fff] ACPI NVS
[    0.000000] user: [mem 0x000000004ae77000-0x000000004b2cefff] usable
[    0.000000] user: [mem 0x000000004b2cf000-0x000000004b54dfff] ACPI data
[    0.000000] user: [mem 0x000000004b54e000-0x000000004bd93fff] usable
[    0.000000] user: [mem 0x000000004bd94000-0x000000004be99fff] reserved
[    0.000000] user: [mem 0x000000004be9a000-0x000000004cdfffff] usable
[    0.000000] user: [mem 0x000000004ce00000-0x000000004cffffff] reserved
[    0.000000] user: [mem 0x000000004d000000-0x000000005eefdfff] usable
[    0.000000] user: [mem 0x000000005eefe000-0x000000006e3fefff] reserved
[    0.000000] user: [mem 0x000000006e3ff000-0x000000006f3fefff] ACPI NVS
[    0.000000] user: [mem 0x000000006f3ff000-0x000000006f7fefff] ACPI data
[    0.000000] user: [mem 0x000000006f7ff000-0x000000006f7fffff] usable
[    0.000000] user: [mem 0x000000006f800000-0x000000008fffffff] reserved
[    0.000000] user: [mem 0x00000000fe000000-0x00000000fe010fff] reserved
[    0.000000] user: [mem 0x0000000100000000-0x0000000994ffffff] persistent (type 12)
[    0.000000] user: [mem 0x0000000995000000-0x0000000fffffffff] usable
[    0.000000] user: [mem 0x0000001000000000-0x0000001ebfffffff] persistent (type 12)
[    0.000000] user: [mem 0x0000001ec0000000-0x000000207fffffff] usable
[    0.000000] user: [mem 0x0000002080000000-0x0000011c7fffffff] persistent (type 7)
[    0.000000] user: [mem 0x00001ffc00000000-0x00001fffffffffff] reserved
[    0.000000] efi: EFI v2.70 by Dell Inc.
[    0.000000] efi: ACPI=0x6f7fe000 ACPI 2.0=0x6f7fe014 MEMATTR=0x5b071020 SMBIOS=0x69526000 SMBIOS 3.0=0x69524000 MOKvar=0x5ef81000 RNG=0x5ef8a920 
[    0.000000] efi: seeding entropy pool
[    0.000000] SMBIOS 3.3.0 present.
[    0.000000] DMI: Dell Inc. PowerEdge R750/0K8F35, BIOS 1.10.2 03/03/2023
[    0.000000] tsc: Detected 2000.000 MHz processor
[    0.000006] e820: update [mem 0x00000000-0x00000fff] usable ==> reserved
[    0.000009] e820: remove [mem 0x000a0000-0x000fffff] usable
[    0.000018] last_pfn = 0x2080000 max_arch_pfn = 0x400000000
[    0.000196] x86/PAT: Configuration [0-7]: WB  WC  UC- UC  WB  WP  UC- WT  
[    0.002853] total RAM covered: 2095088M
[    0.002939]  gran_size: 64K 	chunk_size: 64K 	num_reg: 10  	lose cover RAM: 2016G
[    0.002941]  gran_size: 64K 	chunk_size: 128K 	num_reg: 10  	lose cover RAM: 2016G
[    0.002943]  gran_size: 64K 	chunk_size: 256K 	num_reg: 10  	lose cover RAM: 2016G
[    0.002944]  gran_size: 64K 	chunk_size: 512K 	num_reg: 10  	lose cover RAM: 2016G
[    0.002946]  gran_size: 64K 	chunk_size: 1M 	num_reg: 10  	lose cover RAM: 2016G
[    0.002947]  gran_size: 64K 	chunk_size: 2M 	num_reg: 10  	lose cover RAM: 2016G
[    0.002948]  gran_size: 64K 	chunk_size: 4M 	num_reg: 10  	lose cover RAM: 2016G
[    0.002950]  gran_size: 64K 	chunk_size: 8M 	num_reg: 10  	lose cover RAM: 2016G
[    0.002951]  gran_size: 64K 	chunk_size: 16M 	num_reg: 10  	lose cover RAM: 2016G
[    0.002952]  gran_size: 64K 	chunk_size: 32M 	num_reg: 10  	lose cover RAM: 1024G
[    0.002954]  gran_size: 64K 	chunk_size: 64M 	num_reg: 10  	lose cover RAM: 1024G
[    0.002955]  gran_size: 64K 	chunk_size: 128M 	num_reg: 10  	lose cover RAM: 1024G
[    0.002956]  gran_size: 64K 	chunk_size: 256M 	num_reg: 10  	lose cover RAM: 1024G
[    0.002957]  gran_size: 64K 	chunk_size: 512M 	num_reg: 10  	lose cover RAM: 1024G
[    0.002959]  gran_size: 64K 	chunk_size: 1G 	num_reg: 10  	lose cover RAM: 1024G
[    0.002960]  gran_size: 64K 	chunk_size: 2G 	num_reg: 10  	lose cover RAM: 1024G
[    0.002961]  gran_size: 128K 	chunk_size: 128K 	num_reg: 10  	lose cover RAM: 2016G
[    0.002963]  gran_size: 128K 	chunk_size: 256K 	num_reg: 10  	lose cover RAM: 2016G
[    0.002964]  gran_size: 128K 	chunk_size: 512K 	num_reg: 10  	lose cover RAM: 2016G
[    0.002965]  gran_size: 128K 	chunk_size: 1M 	num_reg: 10  	lose cover RAM: 2016G
[    0.002967]  gran_size: 128K 	chunk_size: 2M 	num_reg: 10  	lose cover RAM: 2016G
[    0.002968]  gran_size: 128K 	chunk_size: 4M 	num_reg: 10  	lose cover RAM: 2016G
[    0.002969]  gran_size: 128K 	chunk_size: 8M 	num_reg: 10  	lose cover RAM: 2016G
[    0.002971]  gran_size: 128K 	chunk_size: 16M 	num_reg: 10  	lose cover RAM: 2016G
[    0.002972]  gran_size: 128K 	chunk_size: 32M 	num_reg: 10  	lose cover RAM: 1024G
[    0.002973]  gran_size: 128K 	chunk_size: 64M 	num_reg: 10  	lose cover RAM: 1024G
[    0.002975]  gran_size: 128K 	chunk_size: 128M 	num_reg: 10  	lose cover RAM: 1024G
[    0.002976]  gran_size: 128K 	chunk_size: 256M 	num_reg: 10  	lose cover RAM: 1024G
[    0.002977]  gran_size: 128K 	chunk_size: 512M 	num_reg: 10  	lose cover RAM: 1024G
[    0.002978]  gran_size: 128K 	chunk_size: 1G 	num_reg: 10  	lose cover RAM: 1024G
[    0.002980]  gran_size: 128K 	chunk_size: 2G 	num_reg: 10  	lose cover RAM: 1024G
[    0.002981]  gran_size: 256K 	chunk_size: 256K 	num_reg: 10  	lose cover RAM: 2016G
[    0.002983]  gran_size: 256K 	chunk_size: 512K 	num_reg: 10  	lose cover RAM: 2016G
[    0.002984]  gran_size: 256K 	chunk_size: 1M 	num_reg: 10  	lose cover RAM: 2016G
[    0.002985]  gran_size: 256K 	chunk_size: 2M 	num_reg: 10  	lose cover RAM: 2016G
[    0.002987]  gran_size: 256K 	chunk_size: 4M 	num_reg: 10  	lose cover RAM: 2016G
[    0.002988]  gran_size: 256K 	chunk_size: 8M 	num_reg: 10  	lose cover RAM: 2016G
[    0.002989]  gran_size: 256K 	chunk_size: 16M 	num_reg: 10  	lose cover RAM: 2016G
[    0.002991]  gran_size: 256K 	chunk_size: 32M 	num_reg: 10  	lose cover RAM: 1024G
[    0.002992]  gran_size: 256K 	chunk_size: 64M 	num_reg: 10  	lose cover RAM: 1024G
[    0.002993]  gran_size: 256K 	chunk_size: 128M 	num_reg: 10  	lose cover RAM: 1024G
[    0.002995]  gran_size: 256K 	chunk_size: 256M 	num_reg: 10  	lose cover RAM: 1024G
[    0.002996]  gran_size: 256K 	chunk_size: 512M 	num_reg: 10  	lose cover RAM: 1024G
[    0.002997]  gran_size: 256K 	chunk_size: 1G 	num_reg: 10  	lose cover RAM: 1024G
[    0.002999]  gran_size: 256K 	chunk_size: 2G 	num_reg: 10  	lose cover RAM: 1024G
[    0.003000]  gran_size: 512K 	chunk_size: 512K 	num_reg: 10  	lose cover RAM: 2016G
[    0.003001]  gran_size: 512K 	chunk_size: 1M 	num_reg: 10  	lose cover RAM: 2016G
[    0.003002]  gran_size: 512K 	chunk_size: 2M 	num_reg: 10  	lose cover RAM: 2016G
[    0.003004]  gran_size: 512K 	chunk_size: 4M 	num_reg: 10  	lose cover RAM: 2016G
[    0.003005]  gran_size: 512K 	chunk_size: 8M 	num_reg: 10  	lose cover RAM: 2016G
[    0.003006]  gran_size: 512K 	chunk_size: 16M 	num_reg: 10  	lose cover RAM: 2016G
[    0.003008]  gran_size: 512K 	chunk_size: 32M 	num_reg: 10  	lose cover RAM: 1024G
[    0.003009]  gran_size: 512K 	chunk_size: 64M 	num_reg: 10  	lose cover RAM: 1024G
[    0.003010]  gran_size: 512K 	chunk_size: 128M 	num_reg: 10  	lose cover RAM: 1024G
[    0.003012]  gran_size: 512K 	chunk_size: 256M 	num_reg: 10  	lose cover RAM: 1024G
[    0.003013]  gran_size: 512K 	chunk_size: 512M 	num_reg: 10  	lose cover RAM: 1024G
[    0.003014]  gran_size: 512K 	chunk_size: 1G 	num_reg: 10  	lose cover RAM: 1024G
[    0.003016]  gran_size: 512K 	chunk_size: 2G 	num_reg: 10  	lose cover RAM: 1024G
[    0.003017]  gran_size: 1M 	chunk_size: 1M 	num_reg: 10  	lose cover RAM: 2016G
[    0.003019]  gran_size: 1M 	chunk_size: 2M 	num_reg: 10  	lose cover RAM: 2016G
[    0.003020]  gran_size: 1M 	chunk_size: 4M 	num_reg: 10  	lose cover RAM: 2016G
[    0.003021]  gran_size: 1M 	chunk_size: 8M 	num_reg: 10  	lose cover RAM: 2016G
[    0.003023]  gran_size: 1M 	chunk_size: 16M 	num_reg: 10  	lose cover RAM: 2016G
[    0.003024]  gran_size: 1M 	chunk_size: 32M 	num_reg: 10  	lose cover RAM: 1024G
[    0.003025]  gran_size: 1M 	chunk_size: 64M 	num_reg: 10  	lose cover RAM: 1024G
[    0.003027]  gran_size: 1M 	chunk_size: 128M 	num_reg: 10  	lose cover RAM: 1024G
[    0.003028]  gran_size: 1M 	chunk_size: 256M 	num_reg: 10  	lose cover RAM: 1024G
[    0.003029]  gran_size: 1M 	chunk_size: 512M 	num_reg: 10  	lose cover RAM: 1024G
[    0.003030]  gran_size: 1M 	chunk_size: 1G 	num_reg: 10  	lose cover RAM: 1024G
[    0.003032]  gran_size: 1M 	chunk_size: 2G 	num_reg: 10  	lose cover RAM: 1024G
[    0.003033]  gran_size: 2M 	chunk_size: 2M 	num_reg: 10  	lose cover RAM: 2016G
[    0.003034]  gran_size: 2M 	chunk_size: 4M 	num_reg: 10  	lose cover RAM: 2016G
[    0.003036]  gran_size: 2M 	chunk_size: 8M 	num_reg: 10  	lose cover RAM: 2016G
[    0.003037]  gran_size: 2M 	chunk_size: 16M 	num_reg: 10  	lose cover RAM: 2016G
[    0.003038]  gran_size: 2M 	chunk_size: 32M 	num_reg: 10  	lose cover RAM: 1024G
[    0.003039]  gran_size: 2M 	chunk_size: 64M 	num_reg: 10  	lose cover RAM: 1024G
[    0.003041]  gran_size: 2M 	chunk_size: 128M 	num_reg: 10  	lose cover RAM: 1024G
[    0.003042]  gran_size: 2M 	chunk_size: 256M 	num_reg: 10  	lose cover RAM: 1024G
[    0.003044]  gran_size: 2M 	chunk_size: 512M 	num_reg: 10  	lose cover RAM: 1024G
[    0.003045]  gran_size: 2M 	chunk_size: 1G 	num_reg: 10  	lose cover RAM: 1024G
[    0.003046]  gran_size: 2M 	chunk_size: 2G 	num_reg: 10  	lose cover RAM: 1024G
[    0.003048]  gran_size: 4M 	chunk_size: 4M 	num_reg: 10  	lose cover RAM: 2016G
[    0.003049]  gran_size: 4M 	chunk_size: 8M 	num_reg: 10  	lose cover RAM: 2016G
[    0.003050]  gran_size: 4M 	chunk_size: 16M 	num_reg: 10  	lose cover RAM: 2016G
[    0.003052]  gran_size: 4M 	chunk_size: 32M 	num_reg: 10  	lose cover RAM: 1024G
[    0.003053]  gran_size: 4M 	chunk_size: 64M 	num_reg: 10  	lose cover RAM: 1024G
[    0.003054]  gran_size: 4M 	chunk_size: 128M 	num_reg: 10  	lose cover RAM: 1024G
[    0.003056]  gran_size: 4M 	chunk_size: 256M 	num_reg: 10  	lose cover RAM: 1024G
[    0.003057]  gran_size: 4M 	chunk_size: 512M 	num_reg: 10  	lose cover RAM: 1024G
[    0.003058]  gran_size: 4M 	chunk_size: 1G 	num_reg: 10  	lose cover RAM: 1024G
[    0.003060]  gran_size: 4M 	chunk_size: 2G 	num_reg: 10  	lose cover RAM: 1024G
[    0.003061]  gran_size: 8M 	chunk_size: 8M 	num_reg: 10  	lose cover RAM: 2016G
[    0.003062]  gran_size: 8M 	chunk_size: 16M 	num_reg: 10  	lose cover RAM: 2016G
[    0.003064]  gran_size: 8M 	chunk_size: 32M 	num_reg: 10  	lose cover RAM: 1024G
[    0.003065]  gran_size: 8M 	chunk_size: 64M 	num_reg: 10  	lose cover RAM: 1024G
[    0.003066]  gran_size: 8M 	chunk_size: 128M 	num_reg: 10  	lose cover RAM: 1024G
[    0.003067]  gran_size: 8M 	chunk_size: 256M 	num_reg: 10  	lose cover RAM: 1024G
[    0.003069]  gran_size: 8M 	chunk_size: 512M 	num_reg: 10  	lose cover RAM: 1024G
[    0.003070]  gran_size: 8M 	chunk_size: 1G 	num_reg: 10  	lose cover RAM: 1024G
[    0.003071]  gran_size: 8M 	chunk_size: 2G 	num_reg: 10  	lose cover RAM: 1024G
[    0.003073]  gran_size: 16M 	chunk_size: 16M 	num_reg: 10  	lose cover RAM: 2016G
[    0.003074]  gran_size: 16M 	chunk_size: 32M 	num_reg: 10  	lose cover RAM: 1024G
[    0.003075]  gran_size: 16M 	chunk_size: 64M 	num_reg: 10  	lose cover RAM: 1024G
[    0.003077]  gran_size: 16M 	chunk_size: 128M 	num_reg: 10  	lose cover RAM: 1024G
[    0.003078]  gran_size: 16M 	chunk_size: 256M 	num_reg: 10  	lose cover RAM: 1024G
[    0.003079]  gran_size: 16M 	chunk_size: 512M 	num_reg: 10  	lose cover RAM: 1024G
[    0.003081]  gran_size: 16M 	chunk_size: 1G 	num_reg: 10  	lose cover RAM: 1024G
[    0.003082]  gran_size: 16M 	chunk_size: 2G 	num_reg: 10  	lose cover RAM: 1024G
[    0.003084]  gran_size: 32M 	chunk_size: 32M 	num_reg: 10  	lose cover RAM: 2031632M
[    0.003085]  gran_size: 32M 	chunk_size: 64M 	num_reg: 10  	lose cover RAM: 1048592M
[    0.003087]  gran_size: 32M 	chunk_size: 128M 	num_reg: 10  	lose cover RAM: 1048592M
[    0.003088]  gran_size: 32M 	chunk_size: 256M 	num_reg: 10  	lose cover RAM: 1048592M
[    0.003089]  gran_size: 32M 	chunk_size: 512M 	num_reg: 10  	lose cover RAM: 1048592M
[    0.003091]  gran_size: 32M 	chunk_size: 1G 	num_reg: 10  	lose cover RAM: 1048592M
[    0.003092]  gran_size: 32M 	chunk_size: 2G 	num_reg: 10  	lose cover RAM: 1048592M
[    0.003093]  gran_size: 64M 	chunk_size: 64M 	num_reg: 10  	lose cover RAM: 1966128M
[    0.003095]  gran_size: 64M 	chunk_size: 128M 	num_reg: 10  	lose cover RAM: 1048624M
[    0.003096]  gran_size: 64M 	chunk_size: 256M 	num_reg: 10  	lose cover RAM: 1048624M
[    0.003097]  gran_size: 64M 	chunk_size: 512M 	num_reg: 10  	lose cover RAM: 1048624M
[    0.003099]  gran_size: 64M 	chunk_size: 1G 	num_reg: 10  	lose cover RAM: 1048624M
[    0.003100]  gran_size: 64M 	chunk_size: 2G 	num_reg: 10  	lose cover RAM: 1048624M
[    0.003101]  gran_size: 128M 	chunk_size: 128M 	num_reg: 10  	lose cover RAM: 1835120M
[    0.003103]  gran_size: 128M 	chunk_size: 256M 	num_reg: 10  	lose cover RAM: 1048688M
[    0.003104]  gran_size: 128M 	chunk_size: 512M 	num_reg: 10  	lose cover RAM: 1048688M
[    0.003105]  gran_size: 128M 	chunk_size: 1G 	num_reg: 10  	lose cover RAM: 1048688M
[    0.003107]  gran_size: 128M 	chunk_size: 2G 	num_reg: 10  	lose cover RAM: 1048688M
[    0.003108]  gran_size: 256M 	chunk_size: 256M 	num_reg: 10  	lose cover RAM: 1573104M
[    0.003110]  gran_size: 256M 	chunk_size: 512M 	num_reg: 10  	lose cover RAM: 1048816M
[    0.003111]  gran_size: 256M 	chunk_size: 1G 	num_reg: 10  	lose cover RAM: 1048816M
[    0.003112]  gran_size: 256M 	chunk_size: 2G 	num_reg: 10  	lose cover RAM: 1048816M
[    0.003114]  gran_size: 512M 	chunk_size: 512M 	num_reg: 10  	lose cover RAM: 1049072M
[    0.003115]  gran_size: 512M 	chunk_size: 1G 	num_reg: 10  	lose cover RAM: 1049072M
[    0.003116]  gran_size: 512M 	chunk_size: 2G 	num_reg: 10  	lose cover RAM: 1049072M
[    0.003118]  gran_size: 1G 	chunk_size: 1G 	num_reg: 10  	lose cover RAM: 1008M
[    0.003119]  gran_size: 1G 	chunk_size: 2G 	num_reg: 10  	lose cover RAM: 1008M
[    0.003120]  gran_size: 2G 	chunk_size: 2G 	num_reg: 9  	lose cover RAM: 2032M
[    0.003122] mtrr_cleanup: can not find optimal value
[    0.003123] please specify mtrr_gran_size/mtrr_chunk_size
[    0.003125] e820: update [mem 0x7f000000-0xffffffff] usable ==> reserved
[    0.003129] x2apic: enabled by BIOS, switching to x2apic ops
[    0.003130] last_pfn = 0x6f800 max_arch_pfn = 0x400000000
[    0.014558] Using GB pages for direct mapping
[    0.015520] Secure boot disabled
[    0.015521] RAMDISK: [mem 0x205de61000-0x207fffffff]
[    0.015526] ACPI: Early table checksum verification disabled
[    0.015528] ACPI: RSDP 0x000000006F7FE014 000024 (v02 DELL  )
[    0.015532] ACPI: XSDT 0x000000006F41C188 0000F4 (v01 DELL   PE_SC3   00000000 DELL 01000013)
[    0.015537] ACPI: FACP 0x000000006F430000 000114 (v06 DELL   PE_SC3   00000000 DELL 00000001)
[    0.015543] ACPI: DSDT 0x000000004B4CE000 07FAD3 (v02 DELL   PE_SC3   00000003 DELL 00000001)
[    0.015547] ACPI: FACS 0x000000006F2F2000 000040
[    0.015550] ACPI: SSDT 0x000000006F7FB000 00159A (v02 INTEL  RAS_ACPI 00000001 INTL 20210331)
[    0.015554] ACPI: SSDT 0x000000006F7FA000 000745 (v02 INTEL  ADDRXLAT 00000001 INTL 20210331)
[    0.015557] ACPI: MCEJ 0x000000006F7F9000 000130 (v01 INTEL           00000001 INTL 0100000D)
[    0.015560] ACPI: BERT 0x000000006F7F8000 000030 (v01 DELL   PE_SC3   00000001 INTL 00000001)
[    0.015564] ACPI: ERST 0x000000006F7F7000 000230 (v01 DELL   PE_SC3   00000001 INTL 00000001)
[    0.015567] ACPI: SSDT 0x000000006F431000 3C524E (v02 INTEL  SSDTNVDR 00001000 INTL 20210331)
[    0.015571] ACPI: HMAT 0x000000006F42F000 000210 (v01 DELL   PE_SC3   00000001 DELL 00000001)
[    0.015574] ACPI: HPET 0x000000006F42E000 000038 (v01 DELL   PE_SC3   00000001 DELL 00000001)
[    0.015577] ACPI: MCFG 0x000000006F42D000 00003C (v01 DELL   PE_SC3   00000001 DELL 00000001)
[    0.015581] ACPI: MIGT 0x000000006F42C000 000040 (v01 DELL   PE_SC3   00000000 DELL 00000001)
[    0.015584] ACPI: MSCT 0x000000006F42B000 000090 (v01 DELL   PE_SC3   00000001 DELL 00000001)
[    0.015587] ACPI: PMTT 0x000000006F429000 0011E8 (v02 DELL   PE_SC3   00000001 DELL 00000001)
[    0.015591] ACPI: WSMT 0x000000006F428000 000028 (v01 DELL   PE_SC3   00000000 DELL 00000001)
[    0.015594] ACPI: APIC 0x000000006F427000 00075E (v04 DELL   PE_SC3   00000000 DELL 00000001)
[    0.015597] ACPI: SLIT 0x000000006F426000 00003C (v01 DELL   PE_SC3   00000001 DELL 01000013)
[    0.015601] ACPI: SRAT 0x000000006F41F000 006430 (v03 DELL   PE_SC3   00000002 DELL 01000013)
[    0.015604] ACPI: OEM4 0x000000004B346000 187A61 (v02 INTEL  CPU  CST 00003000 INTL 20210331)
[    0.015607] ACPI: SSDT 0x000000004B2CF000 0764A5 (v02 INTEL  SSDT  PM 00004000 INTL 20210331)
[    0.015611] ACPI: SSDT 0x000000006F41E000 000A1F (v02 DELL   PE_SC3   00000000 DELL 00000001)
[    0.015614] ACPI: HEST 0x000000006F41D000 00017C (v01 DELL   PE_SC3   00000001 INTL 00000001)
[    0.015617] ACPI: PCAT 0x000000006F41B000 00010C (v19 DELL   PE_SC3   00000002 DELL 00000001)
[    0.015621] ACPI: SSDT 0x000000006F413000 007299 (v02 INTEL  SpsNm    00000002 INTL 20210331)
[    0.015624] ACPI: SSDT 0x000000006F412000 000426 (v02 DELL   PE_SC3   00000002 DELL 00000001)
[    0.015628] ACPI: NFIT 0x000000006F7FD000 000488 (v01 DELL   PE_SC3   00000002 DELL 00000001)
[    0.015631] ACPI: DMAR 0x000000006F411000 000158 (v01 DELL   PE_SC3   00000001 DELL 00000001)
[    0.015634] ACPI: Reserving FACP table memory at [mem 0x6f430000-0x6f430113]
[    0.015635] ACPI: Reserving DSDT table memory at [mem 0x4b4ce000-0x4b54dad2]
[    0.015636] ACPI: Reserving FACS table memory at [mem 0x6f2f2000-0x6f2f203f]
[    0.015637] ACPI: Reserving SSDT table memory at [mem 0x6f7fb000-0x6f7fc599]
[    0.015638] ACPI: Reserving SSDT table memory at [mem 0x6f7fa000-0x6f7fa744]
[    0.015639] ACPI: Reserving MCEJ table memory at [mem 0x6f7f9000-0x6f7f912f]
[    0.015640] ACPI: Reserving BERT table memory at [mem 0x6f7f8000-0x6f7f802f]
[    0.015641] ACPI: Reserving ERST table memory at [mem 0x6f7f7000-0x6f7f722f]
[    0.015642] ACPI: Reserving SSDT table memory at [mem 0x6f431000-0x6f7f624d]
[    0.015643] ACPI: Reserving HMAT table memory at [mem 0x6f42f000-0x6f42f20f]
[    0.015644] ACPI: Reserving HPET table memory at [mem 0x6f42e000-0x6f42e037]
[    0.015645] ACPI: Reserving MCFG table memory at [mem 0x6f42d000-0x6f42d03b]
[    0.015645] ACPI: Reserving MIGT table memory at [mem 0x6f42c000-0x6f42c03f]
[    0.015646] ACPI: Reserving MSCT table memory at [mem 0x6f42b000-0x6f42b08f]
[    0.015647] ACPI: Reserving PMTT table memory at [mem 0x6f429000-0x6f42a1e7]
[    0.015648] ACPI: Reserving WSMT table memory at [mem 0x6f428000-0x6f428027]
[    0.015649] ACPI: Reserving APIC table memory at [mem 0x6f427000-0x6f42775d]
[    0.015650] ACPI: Reserving SLIT table memory at [mem 0x6f426000-0x6f42603b]
[    0.015651] ACPI: Reserving SRAT table memory at [mem 0x6f41f000-0x6f42542f]
[    0.015652] ACPI: Reserving OEM4 table memory at [mem 0x4b346000-0x4b4cda60]
[    0.015653] ACPI: Reserving SSDT table memory at [mem 0x4b2cf000-0x4b3454a4]
[    0.015654] ACPI: Reserving SSDT table memory at [mem 0x6f41e000-0x6f41ea1e]
[    0.015655] ACPI: Reserving HEST table memory at [mem 0x6f41d000-0x6f41d17b]
[    0.015656] ACPI: Reserving PCAT table memory at [mem 0x6f41b000-0x6f41b10b]
[    0.015657] ACPI: Reserving SSDT table memory at [mem 0x6f413000-0x6f41a298]
[    0.015658] ACPI: Reserving SSDT table memory at [mem 0x6f412000-0x6f412425]
[    0.015658] ACPI: Reserving NFIT table memory at [mem 0x6f7fd000-0x6f7fd487]
[    0.015659] ACPI: Reserving DMAR table memory at [mem 0x6f411000-0x6f411157]
[    0.015669] Setting APIC routing to cluster x2apic.
[    0.015715] SRAT: PXM 0 -> APIC 0x0000 -> Node 0
[    0.015717] SRAT: PXM 0 -> APIC 0x0001 -> Node 0
[    0.015718] SRAT: PXM 0 -> APIC 0x0002 -> Node 0
[    0.015719] SRAT: PXM 0 -> APIC 0x0003 -> Node 0
[    0.015719] SRAT: PXM 0 -> APIC 0x0004 -> Node 0
[    0.015720] SRAT: PXM 0 -> APIC 0x0005 -> Node 0
[    0.015721] SRAT: PXM 0 -> APIC 0x0006 -> Node 0
[    0.015721] SRAT: PXM 0 -> APIC 0x0007 -> Node 0
[    0.015722] SRAT: PXM 0 -> APIC 0x0008 -> Node 0
[    0.015723] SRAT: PXM 0 -> APIC 0x0009 -> Node 0
[    0.015723] SRAT: PXM 0 -> APIC 0x000a -> Node 0
[    0.015724] SRAT: PXM 0 -> APIC 0x000b -> Node 0
[    0.015725] SRAT: PXM 0 -> APIC 0x000c -> Node 0
[    0.015725] SRAT: PXM 0 -> APIC 0x000d -> Node 0
[    0.015726] SRAT: PXM 0 -> APIC 0x000e -> Node 0
[    0.015727] SRAT: PXM 0 -> APIC 0x000f -> Node 0
[    0.015728] SRAT: PXM 0 -> APIC 0x0010 -> Node 0
[    0.015729] SRAT: PXM 0 -> APIC 0x0011 -> Node 0
[    0.015729] SRAT: PXM 0 -> APIC 0x0012 -> Node 0
[    0.015730] SRAT: PXM 0 -> APIC 0x0013 -> Node 0
[    0.015731] SRAT: PXM 0 -> APIC 0x0014 -> Node 0
[    0.015731] SRAT: PXM 0 -> APIC 0x0015 -> Node 0
[    0.015732] SRAT: PXM 0 -> APIC 0x0016 -> Node 0
[    0.015733] SRAT: PXM 0 -> APIC 0x0017 -> Node 0
[    0.015733] SRAT: PXM 0 -> APIC 0x0018 -> Node 0
[    0.015734] SRAT: PXM 0 -> APIC 0x0019 -> Node 0
[    0.015734] SRAT: PXM 0 -> APIC 0x001a -> Node 0
[    0.015735] SRAT: PXM 0 -> APIC 0x001b -> Node 0
[    0.015736] SRAT: PXM 0 -> APIC 0x001c -> Node 0
[    0.015736] SRAT: PXM 0 -> APIC 0x001d -> Node 0
[    0.015737] SRAT: PXM 0 -> APIC 0x001e -> Node 0
[    0.015738] SRAT: PXM 0 -> APIC 0x001f -> Node 0
[    0.015738] SRAT: PXM 0 -> APIC 0x0020 -> Node 0
[    0.015739] SRAT: PXM 0 -> APIC 0x0021 -> Node 0
[    0.015740] SRAT: PXM 0 -> APIC 0x0022 -> Node 0
[    0.015740] SRAT: PXM 0 -> APIC 0x0023 -> Node 0
[    0.015741] SRAT: PXM 0 -> APIC 0x0024 -> Node 0
[    0.015742] SRAT: PXM 0 -> APIC 0x0025 -> Node 0
[    0.015742] SRAT: PXM 0 -> APIC 0x0026 -> Node 0
[    0.015743] SRAT: PXM 0 -> APIC 0x0027 -> Node 0
[    0.015744] SRAT: PXM 0 -> APIC 0x0028 -> Node 0
[    0.015744] SRAT: PXM 0 -> APIC 0x0029 -> Node 0
[    0.015745] SRAT: PXM 0 -> APIC 0x002a -> Node 0
[    0.015746] SRAT: PXM 0 -> APIC 0x002b -> Node 0
[    0.015746] SRAT: PXM 0 -> APIC 0x002c -> Node 0
[    0.015747] SRAT: PXM 0 -> APIC 0x002d -> Node 0
[    0.015748] SRAT: PXM 0 -> APIC 0x002e -> Node 0
[    0.015748] SRAT: PXM 0 -> APIC 0x002f -> Node 0
[    0.015749] SRAT: PXM 0 -> APIC 0x0030 -> Node 0
[    0.015750] SRAT: PXM 0 -> APIC 0x0031 -> Node 0
[    0.015750] SRAT: PXM 0 -> APIC 0x0032 -> Node 0
[    0.015751] SRAT: PXM 0 -> APIC 0x0033 -> Node 0
[    0.015752] SRAT: PXM 0 -> APIC 0x0034 -> Node 0
[    0.015752] SRAT: PXM 0 -> APIC 0x0035 -> Node 0
[    0.015753] SRAT: PXM 0 -> APIC 0x0036 -> Node 0
[    0.015754] SRAT: PXM 0 -> APIC 0x0037 -> Node 0
[    0.015754] SRAT: PXM 1 -> APIC 0x0080 -> Node 1
[    0.015755] SRAT: PXM 1 -> APIC 0x0081 -> Node 1
[    0.015756] SRAT: PXM 1 -> APIC 0x0082 -> Node 1
[    0.015756] SRAT: PXM 1 -> APIC 0x0083 -> Node 1
[    0.015757] SRAT: PXM 1 -> APIC 0x0084 -> Node 1
[    0.015758] SRAT: PXM 1 -> APIC 0x0085 -> Node 1
[    0.015759] SRAT: PXM 1 -> APIC 0x0086 -> Node 1
[    0.015760] SRAT: PXM 1 -> APIC 0x0087 -> Node 1
[    0.015760] SRAT: PXM 1 -> APIC 0x0088 -> Node 1
[    0.015761] SRAT: PXM 1 -> APIC 0x0089 -> Node 1
[    0.015762] SRAT: PXM 1 -> APIC 0x008a -> Node 1
[    0.015762] SRAT: PXM 1 -> APIC 0x008b -> Node 1
[    0.015763] SRAT: PXM 1 -> APIC 0x008c -> Node 1
[    0.015763] SRAT: PXM 1 -> APIC 0x008d -> Node 1
[    0.015764] SRAT: PXM 1 -> APIC 0x008e -> Node 1
[    0.015765] SRAT: PXM 1 -> APIC 0x008f -> Node 1
[    0.015765] SRAT: PXM 1 -> APIC 0x0090 -> Node 1
[    0.015766] SRAT: PXM 1 -> APIC 0x0091 -> Node 1
[    0.015767] SRAT: PXM 1 -> APIC 0x0092 -> Node 1
[    0.015767] SRAT: PXM 1 -> APIC 0x0093 -> Node 1
[    0.015768] SRAT: PXM 1 -> APIC 0x0094 -> Node 1
[    0.015769] SRAT: PXM 1 -> APIC 0x0095 -> Node 1
[    0.015769] SRAT: PXM 1 -> APIC 0x0096 -> Node 1
[    0.015770] SRAT: PXM 1 -> APIC 0x0097 -> Node 1
[    0.015771] SRAT: PXM 1 -> APIC 0x0098 -> Node 1
[    0.015771] SRAT: PXM 1 -> APIC 0x0099 -> Node 1
[    0.015772] SRAT: PXM 1 -> APIC 0x009a -> Node 1
[    0.015773] SRAT: PXM 1 -> APIC 0x009b -> Node 1
[    0.015773] SRAT: PXM 1 -> APIC 0x009c -> Node 1
[    0.015774] SRAT: PXM 1 -> APIC 0x009d -> Node 1
[    0.015774] SRAT: PXM 1 -> APIC 0x009e -> Node 1
[    0.015775] SRAT: PXM 1 -> APIC 0x009f -> Node 1
[    0.015776] SRAT: PXM 1 -> APIC 0x00a0 -> Node 1
[    0.015776] SRAT: PXM 1 -> APIC 0x00a1 -> Node 1
[    0.015777] SRAT: PXM 1 -> APIC 0x00a2 -> Node 1
[    0.015778] SRAT: PXM 1 -> APIC 0x00a3 -> Node 1
[    0.015778] SRAT: PXM 1 -> APIC 0x00a4 -> Node 1
[    0.015779] SRAT: PXM 1 -> APIC 0x00a5 -> Node 1
[    0.015780] SRAT: PXM 1 -> APIC 0x00a6 -> Node 1
[    0.015780] SRAT: PXM 1 -> APIC 0x00a7 -> Node 1
[    0.015781] SRAT: PXM 1 -> APIC 0x00a8 -> Node 1
[    0.015782] SRAT: PXM 1 -> APIC 0x00a9 -> Node 1
[    0.015782] SRAT: PXM 1 -> APIC 0x00aa -> Node 1
[    0.015783] SRAT: PXM 1 -> APIC 0x00ab -> Node 1
[    0.015783] SRAT: PXM 1 -> APIC 0x00ac -> Node 1
[    0.015784] SRAT: PXM 1 -> APIC 0x00ad -> Node 1
[    0.015785] SRAT: PXM 1 -> APIC 0x00ae -> Node 1
[    0.015785] SRAT: PXM 1 -> APIC 0x00af -> Node 1
[    0.015786] SRAT: PXM 1 -> APIC 0x00b0 -> Node 1
[    0.015787] SRAT: PXM 1 -> APIC 0x00b1 -> Node 1
[    0.015788] SRAT: PXM 1 -> APIC 0x00b2 -> Node 1
[    0.015788] SRAT: PXM 1 -> APIC 0x00b3 -> Node 1
[    0.015789] SRAT: PXM 1 -> APIC 0x00b4 -> Node 1
[    0.015790] SRAT: PXM 1 -> APIC 0x00b5 -> Node 1
[    0.015791] SRAT: PXM 1 -> APIC 0x00b6 -> Node 1
[    0.015791] SRAT: PXM 1 -> APIC 0x00b7 -> Node 1
[    0.015804] ACPI: SRAT: Node 0 PXM 0 [mem 0x00000000-0x7fffffff]
[    0.015805] ACPI: SRAT: Node 0 PXM 0 [mem 0x100000000-0x107fffffff]
[    0.015807] ACPI: SRAT: Node 2 PXM 2 [mem 0x2080000000-0x9e7fffffff] non-volatile
[    0.015808] ACPI: SRAT: Node 1 PXM 1 [mem 0x1080000000-0x207fffffff]
[    0.015809] ACPI: SRAT: Node 3 PXM 3 [mem 0x9e80000000-0x11c7fffffff] non-volatile
[    0.015819] NUMA: Initialized distance table, cnt=4
[    0.015822] NUMA: Node 0 [mem 0x00000000-0x7fffffff] + [mem 0x100000000-0x107fffffff] -> [mem 0x00000000-0x107fffffff]
[    0.015831] NODE_DATA(0) allocated [mem 0xffffd5000-0xfffffffff]
[    0.015848] NODE_DATA(1) allocated [mem 0x205de32000-0x205de5cfff]
[    0.016028] Zone ranges:
[    0.016028]   DMA      [mem 0x0000000000001000-0x0000000000ffffff]
[    0.016030]   DMA32    [mem 0x0000000001000000-0x00000000ffffffff]
[    0.016032]   Normal   [mem 0x0000000100000000-0x000000207fffffff]
[    0.016033]   Device   empty
[    0.016034] Movable zone start for each node
[    0.016038] Early memory node ranges
[    0.016038]   node   0: [mem 0x0000000000001000-0x000000000008efff]
[    0.016040]   node   0: [mem 0x0000000000090000-0x000000000009ffff]
[    0.016041]   node   0: [mem 0x0000000000100000-0x0000000049e76fff]
[    0.016042]   node   0: [mem 0x000000004ae77000-0x000000004b2cefff]
[    0.016043]   node   0: [mem 0x000000004b54e000-0x000000004bd93fff]
[    0.016044]   node   0: [mem 0x000000004be9a000-0x000000004cdfffff]
[    0.016044]   node   0: [mem 0x000000004d000000-0x000000005eefdfff]
[    0.016045]   node   0: [mem 0x000000006f7ff000-0x000000006f7fffff]
[    0.016046]   node   0: [mem 0x0000000995000000-0x0000000fffffffff]
[    0.016048]   node   1: [mem 0x0000001ec0000000-0x000000207fffffff]
[    0.016050] Initmem setup node 0 [mem 0x0000000000001000-0x0000000fffffffff]
[    0.016053] Initmem setup node 1 [mem 0x0000001ec0000000-0x000000207fffffff]
[    0.016054] Initializing node 2 as memoryless
[    0.016077] Initmem setup node 2 as memoryless
[    0.016077] Initializing node 3 as memoryless
[    0.016098] Initmem setup node 3 as memoryless
[    0.016100] On node 0, zone DMA: 1 pages in unavailable ranges
[    0.016102] On node 0, zone DMA: 1 pages in unavailable ranges
[    0.016131] On node 0, zone DMA: 96 pages in unavailable ranges
[    0.018352] On node 0, zone DMA32: 4096 pages in unavailable ranges
[    0.018373] On node 0, zone DMA32: 639 pages in unavailable ranges
[    0.018406] On node 0, zone DMA32: 262 pages in unavailable ranges
[    0.018932] On node 0, zone DMA32: 512 pages in unavailable ranges
[    0.019205] On node 0, zone DMA32: 35073 pages in unavailable ranges
[    0.067038] On node 0, zone Normal: 22528 pages in unavailable ranges
[    0.081329] ACPI: PM-Timer IO Port: 0x508
[    0.081347] ACPI: X2APIC_NMI (uid[0xffffffff] high edge lint[0x1])
[    0.081350] ACPI: LAPIC_NMI (acpi_id[0xff] high edge lint[0x1])
[    0.081370] IOAPIC[0]: apic_id 8, version 32, address 0xfec00000, GSI 0-119
[    0.081373] ACPI: INT_SRC_OVR (bus 0 bus_irq 0 global_irq 2 dfl dfl)
[    0.081375] ACPI: INT_SRC_OVR (bus 0 bus_irq 9 global_irq 9 high level)
[    0.081379] ACPI: Using ACPI (MADT) for SMP configuration information
[    0.081381] ACPI: HPET id: 0x8086a701 base: 0xfed00000
[    0.081385] TSC deadline timer available
[    0.081386] smpboot: Allowing 112 CPUs, 0 hotplug CPUs
[    0.081414] PM: hibernation: Registered nosave memory: [mem 0x00000000-0x00000fff]
[    0.081416] PM: hibernation: Registered nosave memory: [mem 0x0008f000-0x0008ffff]
[    0.081418] PM: hibernation: Registered nosave memory: [mem 0x000a0000-0x000fffff]
[    0.081420] PM: hibernation: Registered nosave memory: [mem 0x46cc4000-0x46cc4fff]
[    0.081422] PM: hibernation: Registered nosave memory: [mem 0x46cf5000-0x46cf5fff]
[    0.081423] PM: hibernation: Registered nosave memory: [mem 0x46cf6000-0x46cf6fff]
[    0.081424] PM: hibernation: Registered nosave memory: [mem 0x46d28000-0x46d28fff]
[    0.081425] PM: hibernation: Registered nosave memory: [mem 0x46d29000-0x46d29fff]
[    0.081427] PM: hibernation: Registered nosave memory: [mem 0x46d5b000-0x46d5bfff]
[    0.081428] PM: hibernation: Registered nosave memory: [mem 0x46d5c000-0x46d5cfff]
[    0.081429] PM: hibernation: Registered nosave memory: [mem 0x46d64000-0x46d64fff]
[    0.081431] PM: hibernation: Registered nosave memory: [mem 0x49e77000-0x4ae76fff]
[    0.081433] PM: hibernation: Registered nosave memory: [mem 0x4b2cf000-0x4b54dfff]
[    0.081435] PM: hibernation: Registered nosave memory: [mem 0x4bd94000-0x4be99fff]
[    0.081437] PM: hibernation: Registered nosave memory: [mem 0x4ce00000-0x4cffffff]
[    0.081439] PM: hibernation: Registered nosave memory: [mem 0x5eefe000-0x6e3fefff]
[    0.081439] PM: hibernation: Registered nosave memory: [mem 0x6e3ff000-0x6f3fefff]
[    0.081440] PM: hibernation: Registered nosave memory: [mem 0x6f3ff000-0x6f7fefff]
[    0.081442] PM: hibernation: Registered nosave memory: [mem 0x6f800000-0x8fffffff]
[    0.081443] PM: hibernation: Registered nosave memory: [mem 0x90000000-0xfdffffff]
[    0.081444] PM: hibernation: Registered nosave memory: [mem 0xfe000000-0xfe010fff]
[    0.081444] PM: hibernation: Registered nosave memory: [mem 0xfe011000-0xffffffff]
[    0.081445] PM: hibernation: Registered nosave memory: [mem 0x100000000-0x994ffffff]
[    0.081447] PM: hibernation: Registered nosave memory: [mem 0x1000000000-0x1ebfffffff]
[    0.081449] [mem 0x90000000-0xfdffffff] available for PCI devices
[    0.081451] Booting paravirtualized kernel on bare hardware
[    0.081454] clocksource: refined-jiffies: mask: 0xffffffff max_cycles: 0xffffffff, max_idle_ns: 7645519600211568 ns
[    0.081460] setup_percpu: NR_CPUS:8192 nr_cpumask_bits:112 nr_cpu_ids:112 nr_node_ids:4
[    0.086149] percpu: Embedded 61 pages/cpu s212992 r8192 d28672 u262144
[    0.086160] pcpu-alloc: s212992 r8192 d28672 u262144 alloc=1*2097152
[    0.086162] pcpu-alloc: [0] 000 002 004 006 008 010 012 014 
[    0.086169] pcpu-alloc: [0] 016 018 020 022 024 026 028 030 
[    0.086174] pcpu-alloc: [0] 032 034 036 038 040 042 044 046 
[    0.086178] pcpu-alloc: [0] 048 050 052 054 056 058 060 062 
[    0.086182] pcpu-alloc: [0] 064 066 068 070 072 074 076 078 
[    0.086187] pcpu-alloc: [0] 080 082 084 086 088 090 092 094 
[    0.086191] pcpu-alloc: [0] 096 098 100 102 104 106 108 110 
[    0.086196] pcpu-alloc: [1] 001 003 005 007 009 011 013 015 
[    0.086201] pcpu-alloc: [1] 017 019 021 023 025 027 029 031 
[    0.086205] pcpu-alloc: [1] 033 035 037 039 041 043 045 047 
[    0.086209] pcpu-alloc: [1] 049 051 053 055 057 059 061 063 
[    0.086214] pcpu-alloc: [1] 065 067 069 071 073 075 077 079 
[    0.086218] pcpu-alloc: [1] 081 083 085 087 089 091 093 095 
[    0.086223] pcpu-alloc: [1] 097 099 101 103 105 107 109 111 
[    0.086269] Fallback order for Node 0: 0 1 
[    0.086272] Fallback order for Node 1: 1 0 
[    0.086275] Fallback order for Node 2: 2 0 1 
[    0.086277] Fallback order for Node 3: 3 1 0 
[    0.086285] Built 2 zonelists, mobility grouping on.  Total pages: 8806996
[    0.086286] Policy zone: Normal
[    0.086288] Kernel command line: BOOT_IMAGE=/boot/vmlinuz-5.18.0 root=UUID=ce0c24b8-724b-4f33-9b2c-618433560aef ro memmap=35152M!4096M memmap=59G!64G quiet splash nomodeset vt.handoff=1
[    0.086414] Booted with the nomodeset parameter. Only the system framebuffer will be available
[    0.086436] Unknown kernel command line parameters "splash BOOT_IMAGE=/boot/vmlinuz-5.18.0", will be passed to user space.
[    0.086438] printk: log_buf_len individual max cpu contribution: 4096 bytes
[    0.086439] printk: log_buf_len total cpu_extra contributions: 454656 bytes
[    0.086440] printk: log_buf_len min size: 262144 bytes
[    0.087414] printk: log_buf_len: 1048576 bytes
[    0.087415] printk: early log buf free: 223664(85%)
[    0.089323] mem auto-init: stack:off, heap alloc:on, heap free:off
[    0.176891] Memory: 34400164K/35791968K available (16392K kernel code, 3615K rwdata, 10444K rodata, 2688K init, 5836K bss, 1391544K reserved, 0K cma-reserved)
[    0.176898] random: get_random_u64 called from __kmem_cache_create+0x2d/0x480 with crng_init=0
[    0.177650] SLUB: HWalign=64, Order=0-3, MinObjects=0, CPUs=112, Nodes=4
[    0.177682] ftrace: allocating 48795 entries in 191 pages
[    0.186209] ftrace: allocated 191 pages with 7 groups
[    0.187187] Dynamic Preempt: voluntary
[    0.187522] rcu: Preemptible hierarchical RCU implementation.
[    0.187523] rcu: 	RCU restricting CPUs from NR_CPUS=8192 to nr_cpu_ids=112.
[    0.187524] 	Trampoline variant of Tasks RCU enabled.
[    0.187525] 	Rude variant of Tasks RCU enabled.
[    0.187525] 	Tracing variant of Tasks RCU enabled.
[    0.187526] rcu: RCU calculated value of scheduler-enlistment delay is 25 jiffies.
[    0.187527] rcu: Adjusting geometry for rcu_fanout_leaf=16, nr_cpu_ids=112
[    0.191323] NR_IRQS: 524544, nr_irqs: 2952, preallocated irqs: 16
[    0.191695] random: crng init done (trusting CPU's manufacturer)
[    0.191830] Console: colour dummy device 80x25
[    0.191865] printk: console [tty0] enabled
[    0.192060] mempolicy: Enabling automatic NUMA balancing. Configure with numa_balancing= or the kernel.numa_balancing sysctl
[    0.192065] ACPI: Core revision 20211217
[    0.195474] clocksource: hpet: mask: 0xffffffff max_cycles: 0xffffffff, max_idle_ns: 79635855245 ns
[    0.195518] APIC: Switch to symmetric I/O mode setup
[    0.195519] DMAR: Host address width 46
[    0.195521] DMAR: DRHD base: 0x000000d0ffc000 flags: 0x0
[    0.195526] DMAR: dmar0: reg_base_addr d0ffc000 ver 4:0 cap 8ed008c40780466 ecap 60000f050df
[    0.195529] DMAR: DRHD base: 0x000000dbbfc000 flags: 0x0
[    0.195532] DMAR: dmar1: reg_base_addr dbbfc000 ver 4:0 cap 8ed008c40780466 ecap 60000f050df
[    0.195534] DMAR: DRHD base: 0x000000e67fc000 flags: 0x0
[    0.195538] DMAR: dmar2: reg_base_addr e67fc000 ver 4:0 cap 8ed008c40780466 ecap 60000f050df
[    0.195540] DMAR: DRHD base: 0x000000f13fc000 flags: 0x0
[    0.195542] DMAR: dmar3: reg_base_addr f13fc000 ver 4:0 cap 8ed008c40780466 ecap 60000f050df
[    0.195545] DMAR: DRHD base: 0x000000fb7fc000 flags: 0x0
[    0.195547] DMAR: dmar4: reg_base_addr fb7fc000 ver 4:0 cap 8ed008c40780466 ecap 60000f050df
[    0.195549] DMAR: DRHD base: 0x000000a63fc000 flags: 0x0
[    0.195552] DMAR: dmar5: reg_base_addr a63fc000 ver 4:0 cap 8ed008c40780466 ecap 60000f050df
[    0.195554] DMAR: DRHD base: 0x000000b0ffc000 flags: 0x0
[    0.195559] DMAR: dmar6: reg_base_addr b0ffc000 ver 4:0 cap 8ed008c40780466 ecap 60000f050df
[    0.195561] DMAR: DRHD base: 0x000000bbbfc000 flags: 0x0
[    0.195563] DMAR: dmar7: reg_base_addr bbbfc000 ver 4:0 cap 8ed008c40780466 ecap 60000f050df
[    0.195565] DMAR: DRHD base: 0x000000c5ffc000 flags: 0x0
[    0.195567] DMAR: dmar8: reg_base_addr c5ffc000 ver 4:0 cap 8ed008c40780466 ecap 60000f050df
[    0.195569] DMAR: DRHD base: 0x0000009b7fc000 flags: 0x1
[    0.195572] DMAR: dmar9: reg_base_addr 9b7fc000 ver 4:0 cap 8ed008c40780466 ecap 60000f050df
[    0.195574] DMAR: RMRR base: 0x00000069427000 end: 0x00000069429fff
[    0.195575] DMAR: ATSR flags: 0x0
[    0.195577] DMAR-IR: IOAPIC id 8 under DRHD base  0x9b7fc000 IOMMU 9
[    0.195579] DMAR-IR: HPET id 0 under DRHD base 0x9b7fc000
[    0.195580] DMAR-IR: Queued invalidation will be enabled to support x2apic and Intr-remapping.
[    0.198494] DMAR-IR: Enabled IRQ remapping in x2apic mode
[    0.201118] ..TIMER: vector=0x30 apic1=0 pin1=2 apic2=-1 pin2=-1
[    0.219448] clocksource: tsc-early: mask: 0xffffffffffffffff max_cycles: 0x39a85c9bff6, max_idle_ns: 881590591483 ns
[    0.219455] Calibrating delay loop (skipped), value calculated using timer frequency.. 4000.00 BogoMIPS (lpj=8000000)
[    0.219458] pid_max: default: 114688 minimum: 896
[    0.223302] LSM: Security Framework initializing
[    0.223326] Yama: becoming mindful.
[    0.223369] AppArmor: AppArmor initialized
[    0.231351] Dentry cache hash table entries: 8388608 (order: 14, 67108864 bytes, vmalloc hugepage)
[    0.235290] Inode-cache hash table entries: 4194304 (order: 13, 33554432 bytes, vmalloc hugepage)
[    0.235474] Mount-cache hash table entries: 131072 (order: 8, 1048576 bytes, vmalloc)
[    0.235616] Mountpoint-cache hash table entries: 131072 (order: 8, 1048576 bytes, vmalloc)
[    0.236189] x86/tme: not enabled by BIOS
[    0.236198] CPU0: Thermal monitoring enabled (TM1)
[    0.236200] x86/cpu: User Mode Instruction Prevention (UMIP) activated
[    0.236436] process: using mwait in idle threads
[    0.236438] Last level iTLB entries: 4KB 0, 2MB 0, 4MB 0
[    0.236439] Last level dTLB entries: 4KB 0, 2MB 0, 4MB 0, 1GB 0
[    0.236445] Spectre V1 : Mitigation: usercopy/swapgs barriers and __user pointer sanitization
[    0.236447] Spectre V2 : WARNING: Unprivileged eBPF is enabled with eIBRS on, data leaks possible via Spectre v2 BHB attacks!
[    0.236452] Spectre V2 : Mitigation: Enhanced IBRS
[    0.236452] Spectre V2 : Spectre v2 / SpectreRSB mitigation: Filling RSB on context switch
[    0.236454] Spectre V2 : mitigation: Enabling conditional Indirect Branch Prediction Barrier
[    0.236455] Speculative Store Bypass: Mitigation: Speculative Store Bypass disabled via prctl
[    0.241621] Freeing SMP alternatives memory: 40K
[    0.243595] smpboot: Estimated ratio of average max frequency by base frequency (times 1024): 1433
[    0.243610] smpboot: CPU0: Intel(R) Xeon(R) Gold 6330 CPU @ 2.00GHz (family: 0x6, model: 0x6a, stepping: 0x6)
[    0.243835] cblist_init_generic: Setting adjustable number of callback queues.
[    0.243849] cblist_init_generic: Setting shift to 7 and lim to 1.
[    0.243878] cblist_init_generic: Setting shift to 7 and lim to 1.
[    0.243906] cblist_init_generic: Setting shift to 7 and lim to 1.
[    0.243917] Performance Events: PEBS fmt4+-baseline,  AnyThread deprecated, Icelake events, 32-deep LBR, full-width counters, Intel PMU driver.
[    0.243964] ... version:                5
[    0.243965] ... bit width:              48
[    0.243966] ... generic registers:      8
[    0.243966] ... value mask:             0000ffffffffffff
[    0.243967] ... max period:             00007fffffffffff
[    0.243968] ... fixed-purpose events:   4
[    0.243969] ... event mask:             0001000f000000ff
[    0.244145] rcu: Hierarchical SRCU implementation.
[    0.251368] NMI watchdog: Enabled. Permanently consumes one hw-PMU counter.
[    0.252479] smp: Bringing up secondary CPUs ...
[    0.252604] x86: Booting SMP configuration:
[    0.252605] .... node  #1, CPUs:          #1
[    0.007764] smpboot: CPU 1 Converting physical 0 to logical die 1

[    0.339570] .... node  #0, CPUs:     #2
[    0.344950] .... node  #1, CPUs:     #3
[    0.350387] .... node  #0, CPUs:     #4
[    0.355786] .... node  #1, CPUs:     #5
[    0.361190] .... node  #0, CPUs:     #6
[    0.366787] .... node  #1, CPUs:     #7
[    0.372386] .... node  #0, CPUs:     #8
[    0.377696] .... node  #1, CPUs:     #9
[    0.383563] .... node  #0, CPUs:    #10
[    0.389198] .... node  #1, CPUs:    #11
[    0.394951] .... node  #0, CPUs:    #12
[    0.400477] .... node  #1, CPUs:    #13
[    0.405855] .... node  #0, CPUs:    #14
[    0.411101] .... node  #1, CPUs:    #15
[    0.416438] .... node  #0, CPUs:    #16
[    0.421731] .... node  #1, CPUs:    #17
[    0.427054] .... node  #0, CPUs:    #18
[    0.432319] .... node  #1, CPUs:    #19
[    0.437982] .... node  #0, CPUs:    #20
[    0.443477] .... node  #1, CPUs:    #21
[    0.448858] .... node  #0, CPUs:    #22
[    0.454311] .... node  #1, CPUs:    #23
[    0.459598] .... node  #0, CPUs:    #24
[    0.465253] .... node  #1, CPUs:    #25
[    0.470604] .... node  #0, CPUs:    #26
[    0.475841] .... node  #1, CPUs:    #27
[    0.481169] .... node  #0, CPUs:    #28
[    0.486707] .... node  #1, CPUs:    #29
[    0.492018] .... node  #0, CPUs:    #30
[    0.497267] .... node  #1, CPUs:    #31
[    0.502758] .... node  #0, CPUs:    #32
[    0.508063] .... node  #1, CPUs:    #33
[    0.513444] .... node  #0, CPUs:    #34
[    0.518899] .... node  #1, CPUs:    #35
[    0.524225] .... node  #0, CPUs:    #36
[    0.529463] .... node  #1, CPUs:    #37
[    0.534782] .... node  #0, CPUs:    #38
[    0.540359] .... node  #1, CPUs:    #39
[    0.545903] .... node  #0, CPUs:    #40
[    0.551615] .... node  #1, CPUs:    #41
[    0.557292] .... node  #0, CPUs:    #42
[    0.562627] .... node  #1, CPUs:    #43
[    0.568281] .... node  #0, CPUs:    #44
[    0.573669] .... node  #1, CPUs:    #45
[    0.579149] .... node  #0, CPUs:    #46
[    0.584699] .... node  #1, CPUs:    #47
[    0.590162] .... node  #0, CPUs:    #48
[    0.595621] .... node  #1, CPUs:    #49
[    0.600978] .... node  #0, CPUs:    #50
[    0.606493] .... node  #1, CPUs:    #51
[    0.612138] .... node  #0, CPUs:    #52
[    0.617623] .... node  #1, CPUs:    #53
[    0.623457] .... node  #0, CPUs:    #54
[    0.628958] .... node  #1, CPUs:    #55
[    0.634775] .... node  #0, CPUs:    #56
[    0.640938] .... node  #1, CPUs:    #57
[    0.646852] .... node  #0, CPUs:    #58
[    0.652283] .... node  #1, CPUs:    #59
[    0.657733] .... node  #0, CPUs:    #60
[    0.663133] .... node  #1, CPUs:    #61
[    0.668556] .... node  #0, CPUs:    #62
[    0.674166] .... node  #1, CPUs:    #63
[    0.679783] .... node  #0, CPUs:    #64
[    0.685104] .... node  #1, CPUs:    #65
[    0.690869] .... node  #0, CPUs:    #66
[    0.696640] .... node  #1, CPUs:    #67
[    0.702401] .... node  #0, CPUs:    #68
[    0.707951] .... node  #1, CPUs:    #69
[    0.713335] .... node  #0, CPUs:    #70
[    0.718608] .... node  #1, CPUs:    #71
[    0.723956] .... node  #0, CPUs:    #72
[    0.729256] .... node  #1, CPUs:    #73
[    0.734617] .... node  #0, CPUs:    #74
[    0.739897] .... node  #1, CPUs:    #75
[    0.745575] .... node  #0, CPUs:    #76
[    0.750855] .... node  #1, CPUs:    #77
[    0.756499] .... node  #0, CPUs:    #78
[    0.761975] .... node  #1, CPUs:    #79
[    0.767506] .... node  #0, CPUs:    #80
[    0.772946] .... node  #1, CPUs:    #81
[    0.778323] .... node  #0, CPUs:    #82
[    0.783621] .... node  #1, CPUs:    #83
[    0.788913] .... node  #0, CPUs:    #84
[    0.794463] .... node  #1, CPUs:    #85
[    0.799792] .... node  #0, CPUs:    #86
[    0.805061] .... node  #1, CPUs:    #87
[    0.810568] .... node  #0, CPUs:    #88
[    0.815893] .... node  #1, CPUs:    #89
[    0.821304] .... node  #0, CPUs:    #90
[    0.826772] .... node  #1, CPUs:    #91
[    0.832134] .... node  #0, CPUs:    #92
[    0.837387] .... node  #1, CPUs:    #93
[    0.842730] .... node  #0, CPUs:    #94
[    0.848328] .... node  #1, CPUs:    #95
[    0.853896] .... node  #0, CPUs:    #96
[    0.859619] .... node  #1, CPUs:    #97
[    0.865332] .... node  #0, CPUs:    #98
[    0.870694] .... node  #1, CPUs:    #99
[    0.876375] .... node  #0, CPUs:   #100
[    0.881775] .... node  #1, CPUs:   #101
[    0.887517] .... node  #0, CPUs:   #102
[    0.892866] .... node  #1, CPUs:   #103
[    0.898351] .... node  #0, CPUs:   #104
[    0.903729] .... node  #1, CPUs:   #105
[    0.909204] .... node  #0, CPUs:   #106
[    0.914735] .... node  #1, CPUs:   #107
[    0.920411] .... node  #0, CPUs:   #108
[    0.925907] .... node  #1, CPUs:   #109
[    0.931565] .... node  #0, CPUs:   #110
[    0.937281] .... node  #1, CPUs:   #111
[    0.943149] smp: Brought up 2 nodes, 112 CPUs
[    0.943149] smpboot: Max logical packages: 2
[    0.943149] smpboot: Total of 112 processors activated (448090.77 BogoMIPS)
[    0.950883] devtmpfs: initialized
[    0.950883] x86/mm: Memory block size: 2048MB
[    0.951464] ACPI: PM: Registering ACPI NVS region [mem 0x49e77000-0x4ae76fff] (16777216 bytes)
[    0.951666] ACPI: PM: Registering ACPI NVS region [mem 0x6e3ff000-0x6f3fefff] (16777216 bytes)
[    0.951943] clocksource: jiffies: mask: 0xffffffff max_cycles: 0xffffffff, max_idle_ns: 7645041785100000 ns
[    0.952244] futex hash table entries: 32768 (order: 9, 2097152 bytes, vmalloc)
[    0.952491] pinctrl core: initialized pinctrl subsystem
[    0.952644] PM: RTC time: 14:59:13, date: 2024-06-22
[    0.953574] NET: Registered PF_NETLINK/PF_ROUTE protocol family
[    0.954370] DMA: preallocated 4096 KiB GFP_KERNEL pool for atomic allocations
[    0.954880] DMA: preallocated 4096 KiB GFP_KERNEL|GFP_DMA pool for atomic allocations
[    0.955388] DMA: preallocated 4096 KiB GFP_KERNEL|GFP_DMA32 pool for atomic allocations
[    0.955396] audit: initializing netlink subsys (disabled)
[    0.955405] audit: type=2000 audit(1719068352.756:1): state=initialized audit_enabled=0 res=1
[    0.955572] thermal_sys: Registered thermal governor 'fair_share'
[    0.955573] thermal_sys: Registered thermal governor 'bang_bang'
[    0.955574] thermal_sys: Registered thermal governor 'step_wise'
[    0.955575] thermal_sys: Registered thermal governor 'user_space'
[    0.955580] EISA bus registered
[    0.955604] cpuidle: using governor ladder
[    0.955604] cpuidle: using governor menu
[    0.955604] ACPI FADT declares the system doesn't support PCIe ASPM, so disable it
[    0.955604] acpiphp: ACPI Hot Plug PCI Controller Driver version: 0.5
[    0.955604] PCI: MMCONFIG for domain 0000 [bus 00-ff] at [mem 0x80000000-0x8fffffff] (base 0x80000000)
[    0.955607] PCI: MMCONFIG at [mem 0x80000000-0x8fffffff] reserved in E820
[    0.955614] pmd_set_huge: Cannot satisfy [mem 0x80000000-0x80200000] with a huge-page mapping due to MTRR override.
[    0.955791] PCI: Using configuration type 1 for base access
[    0.955801] PCI: Dell System detected, enabling pci=bfsort.
[    0.957952] ENERGY_PERF_BIAS: Set to 'normal', was 'performance'
[    0.960793] kprobes: kprobe jump-optimization is enabled. All kprobes are optimized if possible.
[    0.960798] HugeTLB registered 1.00 GiB page size, pre-allocated 0 pages
[    0.960798] HugeTLB registered 2.00 MiB page size, pre-allocated 0 pages
[    0.963792] fbcon: Taking over console
[    0.963792] ACPI: Added _OSI(Module Device)
[    0.963792] ACPI: Added _OSI(Processor Device)
[    0.963792] ACPI: Added _OSI(3.0 _SCP Extensions)
[    0.963792] ACPI: Added _OSI(Processor Aggregator Device)
[    0.963792] ACPI: Added _OSI(Linux-Dell-Video)
[    0.963792] ACPI: Added _OSI(Linux-Lenovo-NV-HDMI-Audio)
[    0.963792] ACPI: Added _OSI(Linux-HPI-Hybrid-Graphics)
[    1.135221] ACPI: 8 ACPI AML tables successfully acquired and loaded
[    1.141488] ACPI: [Firmware Bug]: BIOS _OSI(Linux) query ignored
[    1.147497] ACPI: Dynamic OEM Table Load:
[    1.563464] ACPI: Interpreter enabled
[    1.563485] ACPI: PM: (supports S0 S5)
[    1.563487] ACPI: Using IOAPIC for interrupt routing
[    1.563573] HEST: Table parsing has been initialized.
[    1.563762] GHES: APEI firmware first mode is enabled by APEI bit and WHEA _OSC.
[    1.563765] PCI: Using host bridge windows from ACPI; if necessary, use "pci=nocrs" and report a bug
[    1.593617] ACPI: Enabled 4 GPEs in block 00 to 7F
[    1.721776] ACPI: PCI Root Bridge [PC00] (domain 0000 [bus 00-15])
[    1.721782] acpi PNP0A08:00: _OSC: OS supports [ExtendedConfig ASPM ClockPM Segments MSI HPX-Type3]
[    1.790572] acpi PNP0A08:00: _OSC: platform does not support [SHPCHotplug AER LTR]
[    1.790801] acpi PNP0A08:00: _OSC: OS now controls [PCIeHotplug PME PCIeCapability]
[    1.790803] acpi PNP0A08:00: FADT indicates ASPM is unsupported, using BIOS configuration
[    1.792715] PCI host bridge to bus 0000:00
[    1.792717] pci_bus 0000:00: root bus resource [io  0x0000-0x0cf7 window]
[    1.792719] pci_bus 0000:00: root bus resource [io  0x1000-0x4fff window]
[    1.792721] pci_bus 0000:00: root bus resource [mem 0x000a0000-0x000bffff window]
[    1.792722] pci_bus 0000:00: root bus resource [mem 0x000c8000-0x000cffff window]
[    1.792723] pci_bus 0000:00: root bus resource [mem 0xfe010000-0xfe010fff window]
[    1.792724] pci_bus 0000:00: root bus resource [mem 0x90000000-0x9b7fffff window]
[    1.792725] pci_bus 0000:00: root bus resource [mem 0x200000000000-0x20ffffffffff window]
[    1.792727] pci_bus 0000:00: root bus resource [bus 00-15]
[    1.792741] pci 0000:00:00.0: [8086:09a2] type 00 class 0x088000
[    1.792841] pci 0000:00:00.1: [8086:09a4] type 00 class 0x088000
[    1.792908] pci 0000:00:00.2: [8086:09a3] type 00 class 0x088000
[    1.792976] pci 0000:00:00.4: [8086:0998] type 00 class 0x060000
[    1.793045] pci 0000:00:02.0: [8086:09a6] type 00 class 0x088000
[    1.793053] pci 0000:00:02.0: reg 0x10: [mem 0x92dfc000-0x92dfdfff]
[    1.793129] pci 0000:00:02.1: [8086:09a7] type 00 class 0x088000
[    1.793137] pci 0000:00:02.1: reg 0x10: [mem 0x92d00000-0x92d7ffff]
[    1.793142] pci 0000:00:02.1: reg 0x14: [mem 0x92c80000-0x92cfffff]
[    1.793219] pci 0000:00:02.4: [8086:3456] type 00 class 0x130000
[    1.793228] pci 0000:00:02.4: reg 0x10: [mem 0x92a00000-0x92afffff 64bit]
[    1.793235] pci 0000:00:02.4: reg 0x18: [mem 0x92df0000-0x92df3fff 64bit]
[    1.793242] pci 0000:00:02.4: reg 0x20: [mem 0x92dc0000-0x92ddffff 64bit]
[    1.793322] pci 0000:00:11.0: [8086:a1ec] type 00 class 0xff0000
[    1.793325] pci 0000:00:11.0: device has non-compliant BARs; disabling IO/MEM decoding
[    1.793416] pci 0000:00:11.5: [8086:a1d2] type 00 class 0x010601
[    1.793429] pci 0000:00:11.5: reg 0x10: [mem 0x92dfa000-0x92dfbfff]
[    1.793437] pci 0000:00:11.5: reg 0x14: [mem 0x92e05000-0x92e050ff]
[    1.793444] pci 0000:00:11.5: reg 0x18: [io  0x2068-0x206f]
[    1.793452] pci 0000:00:11.5: reg 0x1c: [io  0x2074-0x2077]
[    1.793459] pci 0000:00:11.5: reg 0x20: [io  0x2040-0x205f]
[    1.793466] pci 0000:00:11.5: reg 0x24: [mem 0x92b80000-0x92bfffff]
[    1.793504] pci 0000:00:11.5: PME# supported from D3hot
[    1.793721] pci 0000:00:14.0: [8086:a1af] type 00 class 0x0c0330
[    1.793739] pci 0000:00:14.0: reg 0x10: [mem 0x92de0000-0x92deffff 64bit]
[    1.793803] pci 0000:00:14.0: PME# supported from D3hot D3cold
[    1.794037] pci 0000:00:14.2: [8086:a1b1] type 00 class 0x118000
[    1.794054] pci 0000:00:14.2: reg 0x10: [mem 0x92e02000-0x92e02fff 64bit]
[    1.794178] pci 0000:00:16.0: [8086:a1ba] type 00 class 0x078000
[    1.794202] pci 0000:00:16.0: reg 0x10: [mem 0x92e01000-0x92e01fff 64bit]
[    1.794286] pci 0000:00:16.0: PME# supported from D3hot
[    1.794350] pci 0000:00:16.1: [8086:a1bb] type 00 class 0x078000
[    1.794373] pci 0000:00:16.1: reg 0x10: [mem 0x92e00000-0x92e00fff 64bit]
[    1.794457] pci 0000:00:16.1: PME# supported from D3hot
[    1.794522] pci 0000:00:16.4: [8086:a1be] type 00 class 0x078000
[    1.794546] pci 0000:00:16.4: reg 0x10: [mem 0x92dff000-0x92dfffff 64bit]
[    1.794630] pci 0000:00:16.4: PME# supported from D3hot
[    1.794700] pci 0000:00:17.0: [8086:a182] type 00 class 0x010601
[    1.794713] pci 0000:00:17.0: reg 0x10: [mem 0x92df8000-0x92df9fff]
[    1.794720] pci 0000:00:17.0: reg 0x14: [mem 0x92e04000-0x92e040ff]
[    1.794727] pci 0000:00:17.0: reg 0x18: [io  0x2060-0x2067]
[    1.794735] pci 0000:00:17.0: reg 0x1c: [io  0x2070-0x2073]
[    1.794742] pci 0000:00:17.0: reg 0x20: [io  0x2020-0x203f]
[    1.794749] pci 0000:00:17.0: reg 0x24: [mem 0x92b00000-0x92b7ffff]
[    1.794786] pci 0000:00:17.0: PME# supported from D3hot
[    1.794994] pci 0000:00:1c.0: [8086:a190] type 01 class 0x060400
[    1.795069] pci 0000:00:1c.0: PME# supported from D0 D3hot D3cold
[    1.795813] pci 0000:00:1c.4: [8086:a194] type 01 class 0x060400
[    1.795883] pci 0000:00:1c.4: PME# supported from D0 D3hot D3cold
[    1.796519] pci 0000:00:1c.5: [8086:a195] type 01 class 0x060400
[    1.796590] pci 0000:00:1c.5: PME# supported from D0 D3hot D3cold
[    1.797234] pci 0000:00:1f.0: [8086:a1cb] type 00 class 0x060100
[    1.797535] pci 0000:00:1f.2: [8086:a1a1] type 00 class 0x058000
[    1.797550] pci 0000:00:1f.2: reg 0x10: [mem 0x92df4000-0x92df7fff]
[    1.797794] pci 0000:00:1f.4: [8086:a1a3] type 00 class 0x0c0500
[    1.797813] pci 0000:00:1f.4: reg 0x10: [mem 0x92dfe000-0x92dfe0ff 64bit]
[    1.797836] pci 0000:00:1f.4: reg 0x20: [io  0x2000-0x201f]
[    1.797903] pci 0000:00:1f.5: [8086:a1a4] type 00 class 0x0c8000
[    1.797918] pci 0000:00:1f.5: reg 0x10: [mem 0xfe010000-0xfe010fff]
[    1.798049] pci 0000:00:1c.0: PCI bridge to [bus 01]
[    1.798100] pci 0000:02:00.0: [1556:be00] type 01 class 0x060400
[    1.798269] pci 0000:00:1c.4: PCI bridge to [bus 02-03]
[    1.798273] pci 0000:00:1c.4:   bridge window [mem 0x92000000-0x928fffff]
[    1.798278] pci 0000:00:1c.4:   bridge window [mem 0x91000000-0x91ffffff 64bit pref]
[    1.798310] pci_bus 0000:03: extended config space not accessible
[    1.798327] pci 0000:03:00.0: [102b:0536] type 00 class 0x030000
[    1.798346] pci 0000:03:00.0: reg 0x10: [mem 0x91000000-0x91ffffff pref]
[    1.798357] pci 0000:03:00.0: reg 0x14: [mem 0x92808000-0x9280bfff]
[    1.798368] pci 0000:03:00.0: reg 0x18: [mem 0x92000000-0x927fffff]
[    1.798416] pci 0000:03:00.0: BAR 0: assigned to efifb
[    1.798424] pci 0000:03:00.0: Video device with shadowed ROM at [mem 0x000c0000-0x000dffff]
[    1.798525] pci 0000:02:00.0: PCI bridge to [bus 03]
[    1.798534] pci 0000:02:00.0:   bridge window [mem 0x92000000-0x928fffff]
[    1.798540] pci 0000:02:00.0:   bridge window [mem 0x91000000-0x91ffffff 64bit pref]
[    1.798610] pci 0000:04:00.0: [14e4:165f] type 00 class 0x020000
[    1.798633] pci 0000:04:00.0: reg 0x10: [mem 0x92930000-0x9293ffff 64bit pref]
[    1.798649] pci 0000:04:00.0: reg 0x18: [mem 0x92940000-0x9294ffff 64bit pref]
[    1.798665] pci 0000:04:00.0: reg 0x20: [mem 0x92950000-0x9295ffff 64bit pref]
[    1.798676] pci 0000:04:00.0: reg 0x30: [mem 0xfffc0000-0xffffffff pref]
[    1.798770] pci 0000:04:00.0: PME# supported from D0 D3hot D3cold
[    1.798824] pci 0000:04:00.0: 4.000 Gb/s available PCIe bandwidth, limited by 5.0 GT/s PCIe x1 link at 0000:00:1c.5 (capable of 8.000 Gb/s with 5.0 GT/s PCIe x2 link)
[    1.799385] pci 0000:04:00.1: [14e4:165f] type 00 class 0x020000
[    1.799409] pci 0000:04:00.1: reg 0x10: [mem 0x92900000-0x9290ffff 64bit pref]
[    1.799425] pci 0000:04:00.1: reg 0x18: [mem 0x92910000-0x9291ffff 64bit pref]
[    1.799440] pci 0000:04:00.1: reg 0x20: [mem 0x92920000-0x9292ffff 64bit pref]
[    1.799451] pci 0000:04:00.1: reg 0x30: [mem 0xfffc0000-0xffffffff pref]
[    1.799546] pci 0000:04:00.1: PME# supported from D0 D3hot D3cold
[    1.800128] pci 0000:00:1c.5: PCI bridge to [bus 04]
[    1.800135] pci 0000:00:1c.5:   bridge window [mem 0x92900000-0x929fffff 64bit pref]
[    1.800150] pci_bus 0000:00: on NUMA node 0
[    1.800748] ACPI: PCI Root Bridge [PC01] (domain 0000 [bus 16-2f])
[    1.800752] acpi PNP0A08:01: _OSC: OS supports [ExtendedConfig ASPM ClockPM Segments MSI HPX-Type3]
[    1.815526] acpi PNP0A08:01: _OSC: platform does not support [SHPCHotplug AER]
[    1.815747] acpi PNP0A08:01: _OSC: OS now controls [PCIeHotplug PME PCIeCapability LTR]
[    1.815748] acpi PNP0A08:01: FADT indicates ASPM is unsupported, using BIOS configuration
[    1.815880] PCI host bridge to bus 0000:16
[    1.815881] pci_bus 0000:16: root bus resource [io  0x5000-0x6fff window]
[    1.815883] pci_bus 0000:16: root bus resource [mem 0x9b800000-0xa63fffff window]
[    1.815884] pci_bus 0000:16: root bus resource [mem 0x210000000000-0x21ffffffffff window]
[    1.815886] pci_bus 0000:16: root bus resource [bus 16-2f]
[    1.815896] pci 0000:16:00.0: [8086:09a2] type 00 class 0x088000
[    1.815967] pci 0000:16:00.1: [8086:09a4] type 00 class 0x088000
[    1.816030] pci 0000:16:00.2: [8086:09a3] type 00 class 0x088000
[    1.816093] pci 0000:16:00.4: [8086:0998] type 00 class 0x060000
[    1.816166] pci 0000:16:02.0: [8086:347a] type 01 class 0x060400
[    1.816175] pci 0000:16:02.0: reg 0x10: [mem 0x21fffff00000-0x21fffff1ffff 64bit]
[    1.816214] pci 0000:16:02.0: PME# supported from D0 D3hot D3cold
[    1.817177] pci 0000:17:00.0: [1000:10e2] type 00 class 0x010400
[    1.817190] pci 0000:17:00.0: reg 0x10: [mem 0x9b800000-0x9b8fffff 64bit pref]
[    1.817199] pci 0000:17:00.0: reg 0x18: [mem 0x9b900000-0x9b9fffff 64bit pref]
[    1.817204] pci 0000:17:00.0: reg 0x20: [mem 0x9ba00000-0x9bafffff]
[    1.817210] pci 0000:17:00.0: reg 0x24: [io  0x5000-0x50ff]
[    1.817216] pci 0000:17:00.0: reg 0x30: [mem 0xfff00000-0xffffffff pref]
[    1.818331] pci 0000:17:00.0: supports D1 D2
[    1.818398] pci 0000:16:02.0: PCI bridge to [bus 17]
[    1.818401] pci 0000:16:02.0:   bridge window [io  0x5000-0x5fff]
[    1.818403] pci 0000:16:02.0:   bridge window [mem 0x9ba00000-0x9bafffff]
[    1.818405] pci 0000:16:02.0:   bridge window [mem 0x9b800000-0x9b9fffff 64bit pref]
[    1.818411] pci_bus 0000:16: on NUMA node 0
[    1.818489] ACPI: PCI Root Bridge [PC02] (domain 0000 [bus 30-49])
[    1.818492] acpi PNP0A08:02: _OSC: OS supports [ExtendedConfig ASPM ClockPM Segments MSI HPX-Type3]
[    1.832974] acpi PNP0A08:02: _OSC: platform does not support [SHPCHotplug AER]
[    1.833188] acpi PNP0A08:02: _OSC: OS now controls [PCIeHotplug PME PCIeCapability LTR]
[    1.833190] acpi PNP0A08:02: FADT indicates ASPM is unsupported, using BIOS configuration
[    1.833314] PCI host bridge to bus 0000:30
[    1.833315] pci_bus 0000:30: root bus resource [io  0x7000-0x8fff window]
[    1.833317] pci_bus 0000:30: root bus resource [mem 0xa6400000-0xb0ffffff window]
[    1.833318] pci_bus 0000:30: root bus resource [mem 0x220000000000-0x22ffffffffff window]
[    1.833319] pci_bus 0000:30: root bus resource [bus 30-49]
[    1.833329] pci 0000:30:00.0: [8086:09a2] type 00 class 0x088000
[    1.833397] pci 0000:30:00.1: [8086:09a4] type 00 class 0x088000
[    1.833459] pci 0000:30:00.2: [8086:09a3] type 00 class 0x088000
[    1.833521] pci 0000:30:00.4: [8086:0998] type 00 class 0x060000
[    1.833589] pci_bus 0000:30: on NUMA node 0
[    1.833692] ACPI: PCI Root Bridge [PC04] (domain 0000 [bus 4a-63])
[    1.833694] acpi PNP0A08:04: _OSC: OS supports [ExtendedConfig ASPM ClockPM Segments MSI HPX-Type3]
[    1.848152] acpi PNP0A08:04: _OSC: platform does not support [SHPCHotplug AER]
[    1.848364] acpi PNP0A08:04: _OSC: OS now controls [PCIeHotplug PME PCIeCapability LTR]
[    1.848366] acpi PNP0A08:04: FADT indicates ASPM is unsupported, using BIOS configuration
[    1.848484] PCI host bridge to bus 0000:4a
[    1.848485] pci_bus 0000:4a: root bus resource [io  0x9000-0x9fff window]
[    1.848486] pci_bus 0000:4a: root bus resource [mem 0xb1000000-0xbbbfffff window]
[    1.848488] pci_bus 0000:4a: root bus resource [mem 0x230000000000-0x23ffffffffff window]
[    1.848489] pci_bus 0000:4a: root bus resource [bus 4a-63]
[    1.848498] pci 0000:4a:00.0: [8086:09a2] type 00 class 0x088000
[    1.848562] pci 0000:4a:00.1: [8086:09a4] type 00 class 0x088000
[    1.848629] pci 0000:4a:00.2: [8086:09a3] type 00 class 0x088000
[    1.848689] pci 0000:4a:00.4: [8086:0998] type 00 class 0x060000
[    1.848758] pci_bus 0000:4a: on NUMA node 0
[    1.848830] ACPI: PCI Root Bridge [PC05] (domain 0000 [bus 64-7d])
[    1.848833] acpi PNP0A08:05: _OSC: OS supports [ExtendedConfig ASPM ClockPM Segments MSI HPX-Type3]
[    1.863280] acpi PNP0A08:05: _OSC: platform does not support [SHPCHotplug AER]
[    1.863494] acpi PNP0A08:05: _OSC: OS now controls [PCIeHotplug PME PCIeCapability LTR]
[    1.863495] acpi PNP0A08:05: FADT indicates ASPM is unsupported, using BIOS configuration
[    1.863613] PCI host bridge to bus 0000:64
[    1.863614] pci_bus 0000:64: root bus resource [io  0xa000-0xafff window]
[    1.863615] pci_bus 0000:64: root bus resource [mem 0xbbc00000-0xc5ffffff window]
[    1.863617] pci_bus 0000:64: root bus resource [mem 0x240000000000-0x24ffffffffff window]
[    1.863618] pci_bus 0000:64: root bus resource [bus 64-7d]
[    1.863627] pci 0000:64:00.0: [8086:09a2] type 00 class 0x088000
[    1.863694] pci 0000:64:00.1: [8086:09a4] type 00 class 0x088000
[    1.863756] pci 0000:64:00.2: [8086:09a3] type 00 class 0x088000
[    1.863817] pci 0000:64:00.4: [8086:0998] type 00 class 0x060000
[    1.863887] pci_bus 0000:64: on NUMA node 0
[    1.863953] ACPI: PCI Root Bridge [UC06] (domain 0000 [bus 7e])
[    1.863956] acpi PNP0A03:00: _OSC: OS supports [ExtendedConfig ASPM ClockPM Segments MSI HPX-Type3]
[    1.864053] acpi PNP0A03:00: _OSC: platform does not support [SHPCHotplug AER LTR]
[    1.864232] acpi PNP0A03:00: _OSC: OS now controls [PCIeHotplug PME PCIeCapability]
[    1.864234] acpi PNP0A03:00: FADT indicates ASPM is unsupported, using BIOS configuration
[    1.864368] PCI host bridge to bus 0000:7e
[    1.864369] pci_bus 0000:7e: root bus resource [bus 7e]
[    1.864377] pci 0000:7e:00.0: [8086:3450] type 00 class 0x088000
[    1.864450] pci 0000:7e:00.1: [8086:3451] type 00 class 0x088000
[    1.864509] pci 0000:7e:00.2: [8086:3452] type 00 class 0x088000
[    1.864578] pci 0000:7e:00.3: [8086:0998] type 00 class 0x060000
[    1.864633] pci 0000:7e:00.5: [8086:3455] type 00 class 0x088000
[    1.864694] pci 0000:7e:02.0: [8086:3440] type 00 class 0x088000
[    1.864822] pci 0000:7e:02.1: [8086:3441] type 00 class 0x088000
[    1.864929] pci 0000:7e:02.2: [8086:3442] type 00 class 0x088000
[    1.865036] pci 0000:7e:03.0: [8086:3440] type 00 class 0x088000
[    1.865128] pci 0000:7e:03.1: [8086:3441] type 00 class 0x088000
[    1.865206] pci 0000:7e:03.2: [8086:3442] type 00 class 0x088000
[    1.865287] pci 0000:7e:04.0: [8086:3440] type 00 class 0x088000
[    1.865406] pci 0000:7e:04.1: [8086:3441] type 00 class 0x088000
[    1.865521] pci 0000:7e:04.2: [8086:3442] type 00 class 0x088000
[    1.865636] pci 0000:7e:04.3: [8086:3443] type 00 class 0x088000
[    1.865754] pci 0000:7e:05.0: [8086:3445] type 00 class 0x088000
[    1.865880] pci 0000:7e:05.1: [8086:3446] type 00 class 0x088000
[    1.865990] pci 0000:7e:05.2: [8086:3447] type 00 class 0x088000
[    1.866108] pci 0000:7e:06.0: [8086:3445] type 00 class 0x088000
[    1.866202] pci 0000:7e:06.1: [8086:3446] type 00 class 0x088000
[    1.866279] pci 0000:7e:06.2: [8086:3447] type 00 class 0x088000
[    1.866364] pci 0000:7e:07.0: [8086:3445] type 00 class 0x088000
[    1.866498] pci 0000:7e:07.1: [8086:3446] type 00 class 0x088000
[    1.866616] pci 0000:7e:07.2: [8086:3447] type 00 class 0x088000
[    1.866731] pci 0000:7e:0b.0: [8086:3448] type 00 class 0x088000
[    1.866808] pci 0000:7e:0b.1: [8086:3448] type 00 class 0x088000
[    1.866875] pci 0000:7e:0b.2: [8086:344b] type 00 class 0x088000
[    1.866943] pci 0000:7e:0c.0: [8086:344a] type 00 class 0x110100
[    1.867045] pci 0000:7e:0d.0: [8086:344a] type 00 class 0x110100
[    1.867145] pci 0000:7e:0e.0: [8086:344a] type 00 class 0x110100
[    1.867289] pci 0000:7e:0f.0: [8086:344a] type 00 class 0x110100
[    1.867443] pci 0000:7e:1a.0: [8086:2880] type 00 class 0x110100
[    1.867544] pci 0000:7e:1b.0: [8086:2880] type 00 class 0x110100
[    1.867641] pci 0000:7e:1c.0: [8086:2880] type 00 class 0x110100
[    1.867800] pci 0000:7e:1d.0: [8086:2880] type 00 class 0x110100
[    1.867946] pci_bus 0000:7e: on NUMA node 0
[    1.868032] ACPI: PCI Root Bridge [UC07] (domain 0000 [bus 7f])
[    1.868035] acpi PNP0A03:01: _OSC: OS supports [ExtendedConfig ASPM ClockPM Segments MSI HPX-Type3]
[    1.868136] acpi PNP0A03:01: _OSC: platform does not support [SHPCHotplug AER LTR]
[    1.868316] acpi PNP0A03:01: _OSC: OS now controls [PCIeHotplug PME PCIeCapability]
[    1.868317] acpi PNP0A03:01: FADT indicates ASPM is unsupported, using BIOS configuration
[    1.868463] PCI host bridge to bus 0000:7f
[    1.868464] pci_bus 0000:7f: root bus resource [bus 7f]
[    1.868477] pci 0000:7f:00.0: [8086:344c] type 00 class 0x088000
[    1.868592] pci 0000:7f:00.1: [8086:344c] type 00 class 0x088000
[    1.868701] pci 0000:7f:00.2: [8086:344c] type 00 class 0x088000
[    1.868812] pci 0000:7f:00.3: [8086:344c] type 00 class 0x088000
[    1.868901] pci 0000:7f:00.4: [8086:344c] type 00 class 0x088000
[    1.869021] pci 0000:7f:00.5: [8086:344c] type 00 class 0x088000
[    1.869137] pci 0000:7f:00.6: [8086:344c] type 00 class 0x088000
[    1.869219] pci 0000:7f:00.7: [8086:344c] type 00 class 0x088000
[    1.869302] pci 0000:7f:01.0: [8086:344c] type 00 class 0x088000
[    1.869442] pci 0000:7f:01.1: [8086:344c] type 00 class 0x088000
[    1.869561] pci 0000:7f:01.2: [8086:344c] type 00 class 0x088000
[    1.869640] pci 0000:7f:01.3: [8086:344c] type 00 class 0x088000
[    1.869770] pci 0000:7f:01.4: [8086:344c] type 00 class 0x088000
[    1.869901] pci 0000:7f:01.5: [8086:344c] type 00 class 0x088000
[    1.870036] pci 0000:7f:01.6: [8086:344c] type 00 class 0x088000
[    1.870162] pci 0000:7f:01.7: [8086:344c] type 00 class 0x088000
[    1.870289] pci 0000:7f:02.0: [8086:344c] type 00 class 0x088000
[    1.870432] pci 0000:7f:02.1: [8086:344c] type 00 class 0x088000
[    1.870563] pci 0000:7f:02.2: [8086:344c] type 00 class 0x088000
[    1.870694] pci 0000:7f:02.3: [8086:344c] type 00 class 0x088000
[    1.870832] pci 0000:7f:02.4: [8086:344c] type 00 class 0x088000
[    1.870969] pci 0000:7f:02.5: [8086:344c] type 00 class 0x088000
[    1.871112] pci 0000:7f:02.6: [8086:344c] type 00 class 0x088000
[    1.871263] pci 0000:7f:02.7: [8086:344c] type 00 class 0x088000
[    1.871409] pci 0000:7f:03.0: [8086:344c] type 00 class 0x088000
[    1.871567] pci 0000:7f:03.1: [8086:344c] type 00 class 0x088000
[    1.871719] pci 0000:7f:03.2: [8086:344c] type 00 class 0x088000
[    1.871867] pci 0000:7f:03.3: [8086:344c] type 00 class 0x088000
[    1.872026] pci 0000:7f:0a.0: [8086:344d] type 00 class 0x088000
[    1.872139] pci 0000:7f:0a.1: [8086:344d] type 00 class 0x088000
[    1.872248] pci 0000:7f:0a.2: [8086:344d] type 00 class 0x088000
[    1.872364] pci 0000:7f:0a.3: [8086:344d] type 00 class 0x088000
[    1.872453] pci 0000:7f:0a.4: [8086:344d] type 00 class 0x088000
[    1.872573] pci 0000:7f:0a.5: [8086:344d] type 00 class 0x088000
[    1.872689] pci 0000:7f:0a.6: [8086:344d] type 00 class 0x088000
[    1.872767] pci 0000:7f:0a.7: [8086:344d] type 00 class 0x088000
[    1.872849] pci 0000:7f:0b.0: [8086:344d] type 00 class 0x088000
[    1.872991] pci 0000:7f:0b.1: [8086:344d] type 00 class 0x088000
[    1.873110] pci 0000:7f:0b.2: [8086:344d] type 00 class 0x088000
[    1.873194] pci 0000:7f:0b.3: [8086:344d] type 00 class 0x088000
[    1.873325] pci 0000:7f:0b.4: [8086:344d] type 00 class 0x088000
[    1.873458] pci 0000:7f:0b.5: [8086:344d] type 00 class 0x088000
[    1.873593] pci 0000:7f:0b.6: [8086:344d] type 00 class 0x088000
[    1.873713] pci 0000:7f:0b.7: [8086:344d] type 00 class 0x088000
[    1.873841] pci 0000:7f:0c.0: [8086:344d] type 00 class 0x088000
[    1.873988] pci 0000:7f:0c.1: [8086:344d] type 00 class 0x088000
[    1.874119] pci 0000:7f:0c.2: [8086:344d] type 00 class 0x088000
[    1.874256] pci 0000:7f:0c.3: [8086:344d] type 00 class 0x088000
[    1.874395] pci 0000:7f:0c.4: [8086:344d] type 00 class 0x088000
[    1.874531] pci 0000:7f:0c.5: [8086:344d] type 00 class 0x088000
[    1.874669] pci 0000:7f:0c.6: [8086:344d] type 00 class 0x088000
[    1.874815] pci 0000:7f:0c.7: [8086:344d] type 00 class 0x088000
[    1.874961] pci 0000:7f:0d.0: [8086:344d] type 00 class 0x088000
[    1.875126] pci 0000:7f:0d.1: [8086:344d] type 00 class 0x088000
[    1.875277] pci 0000:7f:0d.2: [8086:344d] type 00 class 0x088000
[    1.875431] pci 0000:7f:0d.3: [8086:344d] type 00 class 0x088000
[    1.875599] pci 0000:7f:1d.0: [8086:344f] type 00 class 0x088000
[    1.875724] pci 0000:7f:1d.1: [8086:3457] type 00 class 0x088000
[    1.875829] pci 0000:7f:1e.0: [8086:3458] type 00 class 0x088000
[    1.875910] pci 0000:7f:1e.1: [8086:3459] type 00 class 0x088000
[    1.875973] pci 0000:7f:1e.2: [8086:345a] type 00 class 0x088000
[    1.876036] pci 0000:7f:1e.3: [8086:345b] type 00 class 0x088000
[    1.876097] pci 0000:7f:1e.4: [8086:345c] type 00 class 0x088000
[    1.876164] pci 0000:7f:1e.5: [8086:345d] type 00 class 0x088000
[    1.876226] pci 0000:7f:1e.6: [8086:345e] type 00 class 0x088000
[    1.876287] pci 0000:7f:1e.7: [8086:345f] type 00 class 0x088000
[    1.876346] pci_bus 0000:7f: on NUMA node 0
[    1.876452] ACPI: PCI Root Bridge [PC06] (domain 0000 [bus 80])
[    1.876454] acpi PNP0A08:06: _OSC: OS supports [ExtendedConfig ASPM ClockPM Segments MSI HPX-Type3]
[    1.890901] acpi PNP0A08:06: _OSC: platform does not support [SHPCHotplug AER]
[    1.891115] acpi PNP0A08:06: _OSC: OS now controls [PCIeHotplug PME PCIeCapability LTR]
[    1.891116] acpi PNP0A08:06: FADT indicates ASPM is unsupported, using BIOS configuration
[    1.891264] PCI host bridge to bus 0000:80
[    1.891265] pci_bus 0000:80: root bus resource [io  0xb000-0xbfff window]
[    1.891266] pci_bus 0000:80: root bus resource [mem 0xc6800000-0xd0ffffff window]
[    1.891268] pci_bus 0000:80: root bus resource [mem 0x250000000000-0x25ffffffffff window]
[    1.891269] pci_bus 0000:80: root bus resource [bus 80]
[    1.891279] pci 0000:80:00.0: [8086:09a2] type 00 class 0x088000
[    1.891366] pci 0000:80:00.1: [8086:09a4] type 00 class 0x088000
[    1.891436] pci 0000:80:00.2: [8086:09a3] type 00 class 0x088000
[    1.891505] pci 0000:80:00.4: [8086:0998] type 00 class 0x060000
[    1.891576] pci 0000:80:02.0: [8086:09a6] type 00 class 0x088000
[    1.891586] pci 0000:80:02.0: reg 0x10: [mem 0xc6aa4000-0xc6aa5fff]
[    1.891648] pci 0000:80:02.1: [8086:09a7] type 00 class 0x088000
[    1.891657] pci 0000:80:02.1: reg 0x10: [mem 0xc6a00000-0xc6a7ffff]
[    1.891663] pci 0000:80:02.1: reg 0x14: [mem 0xc6980000-0xc69fffff]
[    1.891719] pci 0000:80:02.4: [8086:3456] type 00 class 0x130000
[    1.891730] pci 0000:80:02.4: reg 0x10: [mem 0xc6800000-0xc68fffff 64bit]
[    1.891737] pci 0000:80:02.4: reg 0x18: [mem 0xc6aa0000-0xc6aa3fff 64bit]
[    1.891745] pci 0000:80:02.4: reg 0x20: [mem 0xc6a80000-0xc6a9ffff 64bit]
[    1.891810] pci_bus 0000:80: on NUMA node 1
[    1.891889] ACPI: PCI Root Bridge [PC07] (domain 0000 [bus 81])
[    1.891892] acpi PNP0A08:07: _OSC: OS supports [ExtendedConfig ASPM ClockPM Segments MSI HPX-Type3]
[    1.906322] acpi PNP0A08:07: _OSC: platform does not support [SHPCHotplug AER]
[    1.906534] acpi PNP0A08:07: _OSC: OS now controls [PCIeHotplug PME PCIeCapability LTR]
[    1.906535] acpi PNP0A08:07: FADT indicates ASPM is unsupported, using BIOS configuration
[    1.906654] PCI host bridge to bus 0000:81
[    1.906656] pci_bus 0000:81: root bus resource [io  0xc000-0xcfff window]
[    1.906657] pci_bus 0000:81: root bus resource [mem 0xd1000000-0xdbbfffff window]
[    1.906658] pci_bus 0000:81: root bus resource [mem 0x260000000000-0x26ffffffffff window]
[    1.906660] pci_bus 0000:81: root bus resource [bus 81]
[    1.906670] pci 0000:81:00.0: [8086:09a2] type 00 class 0x088000
[    1.906738] pci 0000:81:00.1: [8086:09a4] type 00 class 0x088000
[    1.906805] pci 0000:81:00.2: [8086:09a3] type 00 class 0x088000
[    1.906875] pci 0000:81:00.4: [8086:0998] type 00 class 0x060000
[    1.906952] pci_bus 0000:81: on NUMA node 1
[    1.907025] ACPI: PCI Root Bridge [PC08] (domain 0000 [bus 82])
[    1.907027] acpi PNP0A08:08: _OSC: OS supports [ExtendedConfig ASPM ClockPM Segments MSI HPX-Type3]
[    1.921507] acpi PNP0A08:08: _OSC: platform does not support [SHPCHotplug AER]
[    1.921719] acpi PNP0A08:08: _OSC: OS now controls [PCIeHotplug PME PCIeCapability LTR]
[    1.921720] acpi PNP0A08:08: FADT indicates ASPM is unsupported, using BIOS configuration
[    1.921837] PCI host bridge to bus 0000:82
[    1.921838] pci_bus 0000:82: root bus resource [io  0xd000-0xdfff window]
[    1.921839] pci_bus 0000:82: root bus resource [mem 0xdbc00000-0xe67fffff window]
[    1.921841] pci_bus 0000:82: root bus resource [mem 0x270000000000-0x27ffffffffff window]
[    1.921842] pci_bus 0000:82: root bus resource [bus 82]
[    1.921852] pci 0000:82:00.0: [8086:09a2] type 00 class 0x088000
[    1.921921] pci 0000:82:00.1: [8086:09a4] type 00 class 0x088000
[    1.921993] pci 0000:82:00.2: [8086:09a3] type 00 class 0x088000
[    1.922061] pci 0000:82:00.4: [8086:0998] type 00 class 0x060000
[    1.922138] pci_bus 0000:82: on NUMA node 1
[    1.922240] ACPI: PCI Root Bridge [PC10] (domain 0000 [bus 83-f9])
[    1.922242] acpi PNP0A08:0a: _OSC: OS supports [ExtendedConfig ASPM ClockPM Segments MSI HPX-Type3]
[    1.936703] acpi PNP0A08:0a: _OSC: platform does not support [SHPCHotplug AER]
[    1.936915] acpi PNP0A08:0a: _OSC: OS now controls [PCIeHotplug PME PCIeCapability LTR]
[    1.936917] acpi PNP0A08:0a: FADT indicates ASPM is unsupported, using BIOS configuration
[    1.937043] PCI host bridge to bus 0000:83
[    1.937044] pci_bus 0000:83: root bus resource [io  0xe000-0xefff window]
[    1.937045] pci_bus 0000:83: root bus resource [mem 0xe6800000-0xf13fffff window]
[    1.937046] pci_bus 0000:83: root bus resource [mem 0x280000000000-0x28ffffffffff window]
[    1.937048] pci_bus 0000:83: root bus resource [bus 83-f9]
[    1.937058] pci 0000:83:00.0: [8086:09a2] type 00 class 0x088000
[    1.937128] pci 0000:83:00.1: [8086:09a4] type 00 class 0x088000
[    1.937195] pci 0000:83:00.2: [8086:09a3] type 00 class 0x088000
[    1.937265] pci 0000:83:00.4: [8086:0998] type 00 class 0x060000
[    1.937343] pci_bus 0000:83: on NUMA node 1
[    1.937418] ACPI: PCI Root Bridge [PC11] (domain 0000 [bus fa])
[    1.937420] acpi PNP0A08:0b: _OSC: OS supports [ExtendedConfig ASPM ClockPM Segments MSI HPX-Type3]
[    1.951859] acpi PNP0A08:0b: _OSC: platform does not support [SHPCHotplug AER]
[    1.952071] acpi PNP0A08:0b: _OSC: OS now controls [PCIeHotplug PME PCIeCapability LTR]
[    1.952072] acpi PNP0A08:0b: FADT indicates ASPM is unsupported, using BIOS configuration
[    1.952189] PCI host bridge to bus 0000:fa
[    1.952190] pci_bus 0000:fa: root bus resource [io  0xf000-0xffff window]
[    1.952191] pci_bus 0000:fa: root bus resource [mem 0xf1400000-0xfb7fffff window]
[    1.952193] pci_bus 0000:fa: root bus resource [mem 0x290000000000-0x29ffffffffff window]
[    1.952194] pci_bus 0000:fa: root bus resource [bus fa]
[    1.952204] pci 0000:fa:00.0: [8086:09a2] type 00 class 0x088000
[    1.952273] pci 0000:fa:00.1: [8086:09a4] type 00 class 0x088000
[    1.952348] pci 0000:fa:00.2: [8086:09a3] type 00 class 0x088000
[    1.952418] pci 0000:fa:00.4: [8086:0998] type 00 class 0x060000
[    1.952498] pci_bus 0000:fa: on NUMA node 1
[    1.952563] ACPI: PCI Root Bridge [UC16] (domain 0000 [bus fe])
[    1.952566] acpi PNP0A03:02: _OSC: OS supports [ExtendedConfig ASPM ClockPM Segments MSI HPX-Type3]
[    1.952662] acpi PNP0A03:02: _OSC: platform does not support [SHPCHotplug AER LTR]
[    1.952841] acpi PNP0A03:02: _OSC: OS now controls [PCIeHotplug PME PCIeCapability]
[    1.952842] acpi PNP0A03:02: FADT indicates ASPM is unsupported, using BIOS configuration
[    1.952973] PCI host bridge to bus 0000:fe
[    1.952974] pci_bus 0000:fe: root bus resource [bus fe]
[    1.952983] pci 0000:fe:00.0: [8086:3450] type 00 class 0x088000
[    1.953058] pci 0000:fe:00.1: [8086:3451] type 00 class 0x088000
[    1.953116] pci 0000:fe:00.2: [8086:3452] type 00 class 0x088000
[    1.953174] pci 0000:fe:00.3: [8086:0998] type 00 class 0x060000
[    1.953234] pci 0000:fe:00.5: [8086:3455] type 00 class 0x088000
[    1.953300] pci 0000:fe:02.0: [8086:3440] type 00 class 0x088000
[    1.953444] pci 0000:fe:02.1: [8086:3441] type 00 class 0x088000
[    1.953557] pci 0000:fe:02.2: [8086:3442] type 00 class 0x088000
[    1.953668] pci 0000:fe:03.0: [8086:3440] type 00 class 0x088000
[    1.953765] pci 0000:fe:03.1: [8086:3441] type 00 class 0x088000
[    1.953844] pci 0000:fe:03.2: [8086:3442] type 00 class 0x088000
[    1.953931] pci 0000:fe:04.0: [8086:3440] type 00 class 0x088000
[    1.954056] pci 0000:fe:04.1: [8086:3441] type 00 class 0x088000
[    1.954179] pci 0000:fe:04.2: [8086:3442] type 00 class 0x088000
[    1.954304] pci 0000:fe:04.3: [8086:3443] type 00 class 0x088000
[    1.954427] pci 0000:fe:05.0: [8086:3445] type 00 class 0x088000
[    1.954559] pci 0000:fe:05.1: [8086:3446] type 00 class 0x088000
[    1.954676] pci 0000:fe:05.2: [8086:3447] type 00 class 0x088000
[    1.954790] pci 0000:fe:06.0: [8086:3445] type 00 class 0x088000
[    1.954887] pci 0000:fe:06.1: [8086:3446] type 00 class 0x088000
[    1.954968] pci 0000:fe:06.2: [8086:3447] type 00 class 0x088000
[    1.955059] pci 0000:fe:07.0: [8086:3445] type 00 class 0x088000
[    1.955203] pci 0000:fe:07.1: [8086:3446] type 00 class 0x088000
[    1.955325] pci 0000:fe:07.2: [8086:3447] type 00 class 0x088000
[    1.955446] pci 0000:fe:0b.0: [8086:3448] type 00 class 0x088000
[    1.955526] pci 0000:fe:0b.1: [8086:3448] type 00 class 0x088000
[    1.955590] pci 0000:fe:0b.2: [8086:344b] type 00 class 0x088000
[    1.955663] pci 0000:fe:0c.0: [8086:344a] type 00 class 0x110100
[    1.955771] pci 0000:fe:0d.0: [8086:344a] type 00 class 0x110100
[    1.955876] pci 0000:fe:0e.0: [8086:344a] type 00 class 0x110100
[    1.956032] pci 0000:fe:0f.0: [8086:344a] type 00 class 0x110100
[    1.956195] pci 0000:fe:1a.0: [8086:2880] type 00 class 0x110100
[    1.956300] pci 0000:fe:1b.0: [8086:2880] type 00 class 0x110100
[    1.956403] pci 0000:fe:1c.0: [8086:2880] type 00 class 0x110100
[    1.956559] pci 0000:fe:1d.0: [8086:2880] type 00 class 0x110100
[    1.956711] pci_bus 0000:fe: on NUMA node 1
[    1.956791] ACPI: PCI Root Bridge [UC17] (domain 0000 [bus ff])
[    1.956793] acpi PNP0A03:03: _OSC: OS supports [ExtendedConfig ASPM ClockPM Segments MSI HPX-Type3]
[    1.956896] acpi PNP0A03:03: _OSC: platform does not support [SHPCHotplug AER LTR]
[    1.957074] acpi PNP0A03:03: _OSC: OS now controls [PCIeHotplug PME PCIeCapability]
[    1.957075] acpi PNP0A03:03: FADT indicates ASPM is unsupported, using BIOS configuration
[    1.957222] PCI host bridge to bus 0000:ff
[    1.957223] pci_bus 0000:ff: root bus resource [bus ff]
[    1.957237] pci 0000:ff:00.0: [8086:344c] type 00 class 0x088000
[    1.957356] pci 0000:ff:00.1: [8086:344c] type 00 class 0x088000
[    1.957469] pci 0000:ff:00.2: [8086:344c] type 00 class 0x088000
[    1.957573] pci 0000:ff:00.3: [8086:344c] type 00 class 0x088000
[    1.957693] pci 0000:ff:00.4: [8086:344c] type 00 class 0x088000
[    1.957809] pci 0000:ff:00.5: [8086:344c] type 00 class 0x088000
[    1.957903] pci 0000:ff:00.6: [8086:344c] type 00 class 0x088000
[    1.958029] pci 0000:ff:00.7: [8086:344c] type 00 class 0x088000
[    1.958155] pci 0000:ff:01.0: [8086:344c] type 00 class 0x088000
[    1.958301] pci 0000:ff:01.1: [8086:344c] type 00 class 0x088000
[    1.958424] pci 0000:ff:01.2: [8086:344c] type 00 class 0x088000
[    1.958514] pci 0000:ff:01.3: [8086:344c] type 00 class 0x088000
[    1.958650] pci 0000:ff:01.4: [8086:344c] type 00 class 0x088000
[    1.958786] pci 0000:ff:01.5: [8086:344c] type 00 class 0x088000
[    1.958926] pci 0000:ff:01.6: [8086:344c] type 00 class 0x088000
[    1.959052] pci 0000:ff:01.7: [8086:344c] type 00 class 0x088000
[    1.959184] pci 0000:ff:02.0: [8086:344c] type 00 class 0x088000
[    1.959339] pci 0000:ff:02.1: [8086:344c] type 00 class 0x088000
[    1.959471] pci 0000:ff:02.2: [8086:344c] type 00 class 0x088000
[    1.959615] pci 0000:ff:02.3: [8086:344c] type 00 class 0x088000
[    1.959751] pci 0000:ff:02.4: [8086:344c] type 00 class 0x088000
[    1.959888] pci 0000:ff:02.5: [8086:344c] type 00 class 0x088000
[    1.960032] pci 0000:ff:02.6: [8086:344c] type 00 class 0x088000
[    1.960175] pci 0000:ff:02.7: [8086:344c] type 00 class 0x088000
[    1.960326] pci 0000:ff:03.0: [8086:344c] type 00 class 0x088000
[    1.960493] pci 0000:ff:03.1: [8086:344c] type 00 class 0x088000
[    1.960643] pci 0000:ff:03.2: [8086:344c] type 00 class 0x088000
[    1.960809] pci 0000:ff:03.3: [8086:344c] type 00 class 0x088000
[    1.960973] pci 0000:ff:0a.0: [8086:344d] type 00 class 0x088000
[    1.961091] pci 0000:ff:0a.1: [8086:344d] type 00 class 0x088000
[    1.961203] pci 0000:ff:0a.2: [8086:344d] type 00 class 0x088000
[    1.961302] pci 0000:ff:0a.3: [8086:344d] type 00 class 0x088000
[    1.961421] pci 0000:ff:0a.4: [8086:344d] type 00 class 0x088000
[    1.961537] pci 0000:ff:0a.5: [8086:344d] type 00 class 0x088000
[    1.961632] pci 0000:ff:0a.6: [8086:344d] type 00 class 0x088000
[    1.961760] pci 0000:ff:0a.7: [8086:344d] type 00 class 0x088000
[    1.961887] pci 0000:ff:0b.0: [8086:344d] type 00 class 0x088000
[    1.962035] pci 0000:ff:0b.1: [8086:344d] type 00 class 0x088000
[    1.962159] pci 0000:ff:0b.2: [8086:344d] type 00 class 0x088000
[    1.962243] pci 0000:ff:0b.3: [8086:344d] type 00 class 0x088000
[    1.962379] pci 0000:ff:0b.4: [8086:344d] type 00 class 0x088000
[    1.962515] pci 0000:ff:0b.5: [8086:344d] type 00 class 0x088000
[    1.962655] pci 0000:ff:0b.6: [8086:344d] type 00 class 0x088000
[    1.962785] pci 0000:ff:0b.7: [8086:344d] type 00 class 0x088000
[    1.962923] pci 0000:ff:0c.0: [8086:344d] type 00 class 0x088000
[    1.963071] pci 0000:ff:0c.1: [8086:344d] type 00 class 0x088000
[    1.963202] pci 0000:ff:0c.2: [8086:344d] type 00 class 0x088000
[    1.963341] pci 0000:ff:0c.3: [8086:344d] type 00 class 0x088000
[    1.963478] pci 0000:ff:0c.4: [8086:344d] type 00 class 0x088000
[    1.963614] pci 0000:ff:0c.5: [8086:344d] type 00 class 0x088000
[    1.963758] pci 0000:ff:0c.6: [8086:344d] type 00 class 0x088000
[    1.963905] pci 0000:ff:0c.7: [8086:344d] type 00 class 0x088000
[    1.964057] pci 0000:ff:0d.0: [8086:344d] type 00 class 0x088000
[    1.964224] pci 0000:ff:0d.1: [8086:344d] type 00 class 0x088000
[    1.964372] pci 0000:ff:0d.2: [8086:344d] type 00 class 0x088000
[    1.964532] pci 0000:ff:0d.3: [8086:344d] type 00 class 0x088000
[    1.964706] pci 0000:ff:1d.0: [8086:344f] type 00 class 0x088000
[    1.964834] pci 0000:ff:1d.1: [8086:3457] type 00 class 0x088000
[    1.964945] pci 0000:ff:1e.0: [8086:3458] type 00 class 0x088000
[    1.965029] pci 0000:ff:1e.1: [8086:3459] type 00 class 0x088000
[    1.965095] pci 0000:ff:1e.2: [8086:345a] type 00 class 0x088000
[    1.965159] pci 0000:ff:1e.3: [8086:345b] type 00 class 0x088000
[    1.965223] pci 0000:ff:1e.4: [8086:345c] type 00 class 0x088000
[    1.965290] pci 0000:ff:1e.5: [8086:345d] type 00 class 0x088000
[    1.965353] pci 0000:ff:1e.6: [8086:345e] type 00 class 0x088000
[    1.965418] pci 0000:ff:1e.7: [8086:345f] type 00 class 0x088000
[    1.965479] pci_bus 0000:ff: on NUMA node 1
[    1.967474] iommu: Default domain type: Translated 
[    1.967474] iommu: DMA domain TLB invalidation policy: lazy mode 
[    1.967649] SCSI subsystem initialized
[    1.967688] libata version 3.00 loaded.
[    1.967688] ACPI: bus type USB registered
[    1.967688] usbcore: registered new interface driver usbfs
[    1.967688] usbcore: registered new interface driver hub
[    1.967688] usbcore: registered new device driver usb
[    1.967688] pps_core: LinuxPPS API ver. 1 registered
[    1.967688] pps_core: Software ver. 5.3.6 - Copyright 2005-2007 Rodolfo Giometti <giometti@linux.it>
[    1.967688] PTP clock support registered
[    1.967688] EDAC MC: Ver: 3.0.0
[    1.967688] Registered efivars operations
[    1.971619] NetLabel: Initializing
[    1.971620] NetLabel:  domain hash size = 128
[    1.971621] NetLabel:  protocols = UNLABELED CIPSOv4 CALIPSO
[    1.971641] NetLabel:  unlabeled traffic allowed by default
[    1.971653] PCI: Using ACPI for IRQ routing
[    1.974919] PCI: pci_cache_line_size set to 64 bytes
[    1.974919] e820: reserve RAM buffer [mem 0x0008f000-0x0008ffff]
[    1.974919] e820: reserve RAM buffer [mem 0x46cc4020-0x47ffffff]
[    1.974919] e820: reserve RAM buffer [mem 0x46cf6020-0x47ffffff]
[    1.974919] e820: reserve RAM buffer [mem 0x46d29020-0x47ffffff]
[    1.974919] e820: reserve RAM buffer [mem 0x46d5c020-0x47ffffff]
[    1.974919] e820: reserve RAM buffer [mem 0x49e77000-0x4bffffff]
[    1.974919] e820: reserve RAM buffer [mem 0x4b2cf000-0x4bffffff]
[    1.974919] e820: reserve RAM buffer [mem 0x4bd94000-0x4bffffff]
[    1.974919] e820: reserve RAM buffer [mem 0x4ce00000-0x4fffffff]
[    1.974919] e820: reserve RAM buffer [mem 0x5eefe000-0x5fffffff]
[    1.974919] e820: reserve RAM buffer [mem 0x6f800000-0x6fffffff]
[    1.975456] pci 0000:03:00.0: vgaarb: setting as boot VGA device
[    1.975456] pci 0000:03:00.0: vgaarb: bridge control possible
[    1.975456] pci 0000:03:00.0: vgaarb: VGA device added: decodes=io+mem,owns=io+mem,locks=none
[    1.975456] vgaarb: loaded
[    1.976740] hpet0: at MMIO 0xfed00000, IRQs 2, 8, 0, 0, 0, 0, 0, 0
[    1.976747] hpet0: 8 comparators, 64-bit 24.000000 MHz counter
[    1.979491] clocksource: Switched to clocksource tsc-early
[    1.989061] VFS: Disk quotas dquot_6.6.0
[    1.989096] VFS: Dquot-cache hash table entries: 512 (order 0, 4096 bytes)
[    1.989245] AppArmor: AppArmor Filesystem Enabled
[    1.989256] pnp: PnP ACPI init
[    2.005331] system 00:01: [io  0x0500-0x05fe] has been reserved
[    2.005334] system 00:01: [io  0x0400-0x041f] has been reserved
[    2.005336] system 00:01: [io  0x0600-0x061f] has been reserved
[    2.005337] system 00:01: [io  0x0ca0-0x0ca1] has been reserved
[    2.005339] system 00:01: [io  0x0ca4-0x0ca6] has been reserved
[    2.005341] system 00:01: [mem 0xff000000-0xffffffff] has been reserved
[    2.005941] system 00:04: [mem 0xfd000000-0xfdabffff] has been reserved
[    2.005943] system 00:04: [mem 0xfdad0000-0xfdadffff] has been reserved
[    2.005945] system 00:04: [mem 0xfdb00000-0xfdffffff] has been reserved
[    2.005946] system 00:04: [mem 0xfe000000-0xfe00ffff] has been reserved
[    2.005948] system 00:04: [mem 0xfe011000-0xfe01ffff] has been reserved
[    2.005949] system 00:04: [mem 0xfe036000-0xfe03bfff] has been reserved
[    2.005951] system 00:04: [mem 0xfe03d000-0xfe3fffff] has been reserved
[    2.005953] system 00:04: [mem 0xfe410000-0xfe7fffff] has been reserved
[    2.006275] system 00:05: [io  0x1000-0x10fe] has been reserved
[    2.007287] pnp: PnP ACPI: found 6 devices
[    2.012955] clocksource: acpi_pm: mask: 0xffffff max_cycles: 0xffffff, max_idle_ns: 2085701024 ns
[    2.013032] NET: Registered PF_INET protocol family
[    2.013359] IP idents hash table entries: 262144 (order: 9, 2097152 bytes, vmalloc)
[    2.015563] tcp_listen_portaddr_hash hash table entries: 32768 (order: 7, 524288 bytes, vmalloc)
[    2.016240] TCP established hash table entries: 524288 (order: 10, 4194304 bytes, vmalloc hugepage)
[    2.016869] TCP bind hash table entries: 65536 (order: 8, 1048576 bytes, vmalloc)
[    2.016934] TCP: Hash tables configured (established 524288 bind 65536)
[    2.017230] UDP hash table entries: 32768 (order: 8, 1048576 bytes, vmalloc)
[    2.017462] UDP-Lite hash table entries: 32768 (order: 8, 1048576 bytes, vmalloc)
[    2.017652] NET: Registered PF_UNIX/PF_LOCAL protocol family
[    2.017659] NET: Registered PF_XDP protocol family
[    2.017666] pci 0000:04:00.0: can't claim BAR 6 [mem 0xfffc0000-0xffffffff pref]: no compatible bridge window
[    2.017669] pci 0000:04:00.1: can't claim BAR 6 [mem 0xfffc0000-0xffffffff pref]: no compatible bridge window
[    2.017671] pci 0000:17:00.0: can't claim BAR 6 [mem 0xfff00000-0xffffffff pref]: no compatible bridge window
[    2.017685] pci 0000:00:1c.5: BAR 14: assigned [mem 0x90000000-0x900fffff]
[    2.017688] pci 0000:00:1c.0: PCI bridge to [bus 01]
[    2.017698] pci 0000:02:00.0: PCI bridge to [bus 03]
[    2.017703] pci 0000:02:00.0:   bridge window [mem 0x92000000-0x928fffff]
[    2.017707] pci 0000:02:00.0:   bridge window [mem 0x91000000-0x91ffffff 64bit pref]
[    2.017713] pci 0000:00:1c.4: PCI bridge to [bus 02-03]
[    2.017716] pci 0000:00:1c.4:   bridge window [mem 0x92000000-0x928fffff]
[    2.017719] pci 0000:00:1c.4:   bridge window [mem 0x91000000-0x91ffffff 64bit pref]
[    2.017724] pci 0000:04:00.0: BAR 6: assigned [mem 0x90000000-0x9003ffff pref]
[    2.017726] pci 0000:04:00.1: BAR 6: assigned [mem 0x90040000-0x9007ffff pref]
[    2.017727] pci 0000:00:1c.5: PCI bridge to [bus 04]
[    2.017730] pci 0000:00:1c.5:   bridge window [mem 0x90000000-0x900fffff]
[    2.017733] pci 0000:00:1c.5:   bridge window [mem 0x92900000-0x929fffff 64bit pref]
[    2.017737] pci_bus 0000:00: resource 4 [io  0x0000-0x0cf7 window]
[    2.017739] pci_bus 0000:00: resource 5 [io  0x1000-0x4fff window]
[    2.017740] pci_bus 0000:00: resource 6 [mem 0x000a0000-0x000bffff window]
[    2.017741] pci_bus 0000:00: resource 7 [mem 0x000c8000-0x000cffff window]
[    2.017742] pci_bus 0000:00: resource 8 [mem 0xfe010000-0xfe010fff window]
[    2.017744] pci_bus 0000:00: resource 9 [mem 0x90000000-0x9b7fffff window]
[    2.017745] pci_bus 0000:00: resource 10 [mem 0x200000000000-0x20ffffffffff window]
[    2.017747] pci_bus 0000:02: resource 1 [mem 0x92000000-0x928fffff]
[    2.017748] pci_bus 0000:02: resource 2 [mem 0x91000000-0x91ffffff 64bit pref]
[    2.017749] pci_bus 0000:03: resource 1 [mem 0x92000000-0x928fffff]
[    2.017750] pci_bus 0000:03: resource 2 [mem 0x91000000-0x91ffffff 64bit pref]
[    2.017751] pci_bus 0000:04: resource 1 [mem 0x90000000-0x900fffff]
[    2.017752] pci_bus 0000:04: resource 2 [mem 0x92900000-0x929fffff 64bit pref]
[    2.017829] pci 0000:17:00.0: BAR 6: no space for [mem size 0x00100000 pref]
[    2.017831] pci 0000:17:00.0: BAR 6: failed to assign [mem size 0x00100000 pref]
[    2.017832] pci 0000:16:02.0: PCI bridge to [bus 17]
[    2.017834] pci 0000:16:02.0:   bridge window [io  0x5000-0x5fff]
[    2.017837] pci 0000:16:02.0:   bridge window [mem 0x9ba00000-0x9bafffff]
[    2.017839] pci 0000:16:02.0:   bridge window [mem 0x9b800000-0x9b9fffff 64bit pref]
[    2.017842] pci_bus 0000:16: resource 4 [io  0x5000-0x6fff window]
[    2.017843] pci_bus 0000:16: resource 5 [mem 0x9b800000-0xa63fffff window]
[    2.017845] pci_bus 0000:16: resource 6 [mem 0x210000000000-0x21ffffffffff window]
[    2.017846] pci_bus 0000:17: resource 0 [io  0x5000-0x5fff]
[    2.017847] pci_bus 0000:17: resource 1 [mem 0x9ba00000-0x9bafffff]
[    2.017848] pci_bus 0000:17: resource 2 [mem 0x9b800000-0x9b9fffff 64bit pref]
[    2.017855] pci_bus 0000:30: resource 4 [io  0x7000-0x8fff window]
[    2.017856] pci_bus 0000:30: resource 5 [mem 0xa6400000-0xb0ffffff window]
[    2.017857] pci_bus 0000:30: resource 6 [mem 0x220000000000-0x22ffffffffff window]
[    2.017862] pci_bus 0000:4a: resource 4 [io  0x9000-0x9fff window]
[    2.017864] pci_bus 0000:4a: resource 5 [mem 0xb1000000-0xbbbfffff window]
[    2.017865] pci_bus 0000:4a: resource 6 [mem 0x230000000000-0x23ffffffffff window]
