2024年 06月 30日 星期日 13:01:49 CST
pgmigrate_success 2796
pgmigrate_fail 0
pgmigrate_dst_node_full_fail 0
pgmigrate_numa_isolate_fail 24
pgmigrate_nomem_fail 0
pgmigrate_refcount_fail 0
thp_fault_alloc 0
thp_fault_fallback 0
thp_collapse_alloc 0
thp_collapse_alloc_failed 0
thp_file_alloc 0
thp_file_mapped 0
thp_split_page 0
thp_split_page_failed 0
thp_deferred_split_page 0
thp_split_pmd 0
thp_split_pud 0
thp_zero_page_alloc 0
thp_zero_page_alloc_failed 0
thp_swpout 0
thp_swpout_fallback 0
MemTotal:       1123314988 kB
MemFree:        1092551152 kB
MemAvailable:   1090242292 kB
Buffers:            7624 kB
Cached:           430108 kB
SwapCached:            0 kB
Active:           647480 kB
Inactive:         368660 kB
Active(anon):     578244 kB
Inactive(anon):     6180 kB
Active(file):      69236 kB
Inactive(file):   362480 kB
Unevictable:           0 kB
Mlocked:               0 kB
SwapTotal:       2097148 kB
SwapFree:        2097148 kB
Dirty:               596 kB
Writeback:             0 kB
AnonPages:        578712 kB
Mapped:           426684 kB
Shmem:              6200 kB
KReclaimable:     229156 kB
Slab:             585280 kB
SReclaimable:     229156 kB
SUnreclaim:       356124 kB
KernelStack:       35344 kB
PageTables:        27428 kB
NFS_Unstable:          0 kB
Bounce:                0 kB
WritebackTmp:          0 kB
CommitLimit:    563754640 kB
Committed_AS:    6632008 kB
VmallocTotal:   34359738367 kB
VmallocUsed:      162892 kB
VmallocChunk:          0 kB
Percpu:           122752 kB
HardwareCorrupted:     0 kB
AnonHugePages:         0 kB
ShmemHugePages:        0 kB
ShmemPmdMapped:        0 kB
CmaTotal:              0 kB
CmaFree:               0 kB
HugePages_Total:       0
HugePages_Free:        0
HugePages_Rsvd:        0
HugePages_Surp:        0
Hugepagesize:       2048 kB
Hugetlb:               0 kB
DirectMap4k:     1029604 kB
DirectMap2M:     8892416 kB
DirectMap1G:    1179648000 kB
2024年 06月 30日 星期日 13:03:27 CST
pgmigrate_success 11953
pgmigrate_fail 0
pgmigrate_dst_node_full_fail 0
pgmigrate_numa_isolate_fail 24
pgmigrate_nomem_fail 0
pgmigrate_refcount_fail 0
thp_fault_alloc 6512
thp_fault_fallback 0
thp_collapse_alloc 8
thp_collapse_alloc_failed 0
thp_file_alloc 0
thp_file_mapped 0
thp_split_page 0
thp_split_page_failed 0
thp_deferred_split_page 6511
thp_split_pmd 17
thp_split_pud 0
thp_zero_page_alloc 0
thp_zero_page_alloc_failed 0
thp_swpout 0
thp_swpout_fallback 0
MemTotal:       1123314988 kB
MemFree:        1092452136 kB
MemAvailable:   1090200564 kB
Buffers:           67144 kB
Cached:           447380 kB
SwapCached:            0 kB
Active:           735280 kB
Inactive:         369984 kB
Active(anon):     590888 kB
Inactive(anon):     6188 kB
Active(file):     144392 kB
Inactive(file):   363796 kB
Unevictable:           0 kB
Mlocked:               0 kB
SwapTotal:       2097148 kB
SwapFree:        2097148 kB
Dirty:               508 kB
Writeback:             0 kB
AnonPages:        591392 kB
Mapped:           427312 kB
Shmem:              6208 kB
KReclaimable:     267264 kB
Slab:             636132 kB
SReclaimable:     267264 kB
SUnreclaim:       368868 kB
KernelStack:       35232 kB
PageTables:        27712 kB
NFS_Unstable:          0 kB
Bounce:                0 kB
WritebackTmp:          0 kB
CommitLimit:    563754640 kB
Committed_AS:    6579180 kB
VmallocTotal:   34359738367 kB
VmallocUsed:      162252 kB
VmallocChunk:          0 kB
Percpu:           122752 kB
HardwareCorrupted:     0 kB
AnonHugePages:    215040 kB
ShmemHugePages:        0 kB
ShmemPmdMapped:        0 kB
CmaTotal:              0 kB
CmaFree:               0 kB
HugePages_Total:       0
HugePages_Free:        0
HugePages_Rsvd:        0
HugePages_Surp:        0
Hugepagesize:       2048 kB
Hugetlb:               0 kB
DirectMap4k:     1064420 kB
DirectMap2M:     8857600 kB
DirectMap1G:    1179648000 kB
