[    0.000000] Linux version 5.15.0-tiering-0.8 (xmu@xmu-PowerEdge-R750) (gcc (Ubuntu 8.4.0-1ubuntu1~18.04) 8.4.0, GNU ld (GNU Binutils for Ubuntu) 2.30) #1 SMP Thu Apr 18 19:37:58 CST 2024
[    0.000000] Command line: BOOT_IMAGE=/boot/vmlinuz-5.15.0-tiering-0.8 root=UUID=ce0c24b8-724b-4f33-9b2c-618433560aef ro memmap=15173M!4096M memmap=59G!64G quiet splash nomodeset vt.handoff=1
[    0.000000] KERNEL supported cpus:
[    0.000000]   Intel GenuineIntel
[    0.000000]   AMD AuthenticAMD
[    0.000000]   Hygon HygonGenuine
[    0.000000]   Centaur CentaurHauls
[    0.000000]   zhaoxin   Shanghai  
[    0.000000] x86/split lock detection: #AC: crashing the kernel on kernel split_locks and warning on user-space split_locks
[    0.000000] x86/fpu: Supporting XSAVE feature 0x001: 'x87 floating point registers'
[    0.000000] x86/fpu: Supporting XSAVE feature 0x002: 'SSE registers'
[    0.000000] x86/fpu: Supporting XSAVE feature 0x004: 'AVX registers'
[    0.000000] x86/fpu: Supporting XSAVE feature 0x020: 'AVX-512 opmask'
[    0.000000] x86/fpu: Supporting XSAVE feature 0x040: 'AVX-512 Hi256'
[    0.000000] x86/fpu: Supporting XSAVE feature 0x080: 'AVX-512 ZMM_Hi256'
[    0.000000] x86/fpu: Supporting XSAVE feature 0x200: 'Protection Keys User registers'
[    0.000000] x86/fpu: xstate_offset[2]:  576, xstate_sizes[2]:  256
[    0.000000] x86/fpu: xstate_offset[5]:  832, xstate_sizes[5]:   64
[    0.000000] x86/fpu: xstate_offset[6]:  896, xstate_sizes[6]:  512
[    0.000000] x86/fpu: xstate_offset[7]: 1408, xstate_sizes[7]: 1024
[    0.000000] x86/fpu: xstate_offset[9]: 2432, xstate_sizes[9]:    8
[    0.000000] x86/fpu: Enabled xstate features 0x2e7, context size is 2440 bytes, using 'compacted' format.
[    0.000000] signal: max sigframe size: 3632
[    0.000000] BIOS-provided physical RAM map:
[    0.000000] BIOS-e820: [mem 0x0000000000000000-0x000000000008efff] usable
[    0.000000] BIOS-e820: [mem 0x000000000008f000-0x000000000008ffff] reserved
[    0.000000] BIOS-e820: [mem 0x0000000000090000-0x000000000009ffff] usable
[    0.000000] BIOS-e820: [mem 0x00000000000a0000-0x00000000000fffff] reserved
[    0.000000] BIOS-e820: [mem 0x0000000000100000-0x0000000049e76fff] usable
[    0.000000] BIOS-e820: [mem 0x0000000049e77000-0x000000004ae76fff] ACPI NVS
[    0.000000] BIOS-e820: [mem 0x000000004ae77000-0x000000004b2cefff] usable
[    0.000000] BIOS-e820: [mem 0x000000004b2cf000-0x000000004b54dfff] ACPI data
[    0.000000] BIOS-e820: [mem 0x000000004b54e000-0x000000004bd93fff] usable
[    0.000000] BIOS-e820: [mem 0x000000004bd94000-0x000000004be99fff] reserved
[    0.000000] BIOS-e820: [mem 0x000000004be9a000-0x000000004cdfffff] usable
[    0.000000] BIOS-e820: [mem 0x000000004ce00000-0x000000004cffffff] reserved
[    0.000000] BIOS-e820: [mem 0x000000004d000000-0x000000005eefdfff] usable
[    0.000000] BIOS-e820: [mem 0x000000005eefe000-0x000000006e3fefff] reserved
[    0.000000] BIOS-e820: [mem 0x000000006e3ff000-0x000000006f3fefff] ACPI NVS
[    0.000000] BIOS-e820: [mem 0x000000006f3ff000-0x000000006f7fefff] ACPI data
[    0.000000] BIOS-e820: [mem 0x000000006f7ff000-0x000000006f7fffff] usable
[    0.000000] BIOS-e820: [mem 0x000000006f800000-0x000000008fffffff] reserved
[    0.000000] BIOS-e820: [mem 0x00000000fe000000-0x00000000fe010fff] reserved
[    0.000000] BIOS-e820: [mem 0x0000000100000000-0x000000207fffffff] usable
[    0.000000] BIOS-e820: [mem 0x0000002080000000-0x0000011c7fffffff] persistent (type 7)
[    0.000000] BIOS-e820: [mem 0x00001ffc00000000-0x00001fffffffffff] reserved
[    0.000000] NX (Execute Disable) protection: active
[    0.000000] e820: update [mem 0x46d5d020-0x46d6505f] usable ==> usable
[    0.000000] e820: update [mem 0x46d5d020-0x46d6505f] usable ==> usable
[    0.000000] e820: update [mem 0x46d2a020-0x46d5cc5f] usable ==> usable
[    0.000000] e820: update [mem 0x46d2a020-0x46d5cc5f] usable ==> usable
[    0.000000] e820: update [mem 0x46cf7020-0x46d29c5f] usable ==> usable
[    0.000000] e820: update [mem 0x46cf7020-0x46d29c5f] usable ==> usable
[    0.000000] e820: update [mem 0x46cc5020-0x46cf6a5f] usable ==> usable
[    0.000000] e820: update [mem 0x46cc5020-0x46cf6a5f] usable ==> usable
[    0.000000] extended physical RAM map:
[    0.000000] reserve setup_data: [mem 0x0000000000000000-0x000000000008efff] usable
[    0.000000] reserve setup_data: [mem 0x000000000008f000-0x000000000008ffff] reserved
[    0.000000] reserve setup_data: [mem 0x0000000000090000-0x000000000009ffff] usable
[    0.000000] reserve setup_data: [mem 0x00000000000a0000-0x00000000000fffff] reserved
[    0.000000] reserve setup_data: [mem 0x0000000000100000-0x0000000046cc501f] usable
[    0.000000] reserve setup_data: [mem 0x0000000046cc5020-0x0000000046cf6a5f] usable
[    0.000000] reserve setup_data: [mem 0x0000000046cf6a60-0x0000000046cf701f] usable
[    0.000000] reserve setup_data: [mem 0x0000000046cf7020-0x0000000046d29c5f] usable
[    0.000000] reserve setup_data: [mem 0x0000000046d29c60-0x0000000046d2a01f] usable
[    0.000000] reserve setup_data: [mem 0x0000000046d2a020-0x0000000046d5cc5f] usable
[    0.000000] reserve setup_data: [mem 0x0000000046d5cc60-0x0000000046d5d01f] usable
[    0.000000] reserve setup_data: [mem 0x0000000046d5d020-0x0000000046d6505f] usable
[    0.000000] reserve setup_data: [mem 0x0000000046d65060-0x0000000049e76fff] usable
[    0.000000] reserve setup_data: [mem 0x0000000049e77000-0x000000004ae76fff] ACPI NVS
[    0.000000] reserve setup_data: [mem 0x000000004ae77000-0x000000004b2cefff] usable
[    0.000000] reserve setup_data: [mem 0x000000004b2cf000-0x000000004b54dfff] ACPI data
[    0.000000] reserve setup_data: [mem 0x000000004b54e000-0x000000004bd93fff] usable
[    0.000000] reserve setup_data: [mem 0x000000004bd94000-0x000000004be99fff] reserved
[    0.000000] reserve setup_data: [mem 0x000000004be9a000-0x000000004cdfffff] usable
[    0.000000] reserve setup_data: [mem 0x000000004ce00000-0x000000004cffffff] reserved
[    0.000000] reserve setup_data: [mem 0x000000004d000000-0x000000005eefdfff] usable
[    0.000000] reserve setup_data: [mem 0x000000005eefe000-0x000000006e3fefff] reserved
[    0.000000] reserve setup_data: [mem 0x000000006e3ff000-0x000000006f3fefff] ACPI NVS
[    0.000000] reserve setup_data: [mem 0x000000006f3ff000-0x000000006f7fefff] ACPI data
[    0.000000] reserve setup_data: [mem 0x000000006f7ff000-0x000000006f7fffff] usable
[    0.000000] reserve setup_data: [mem 0x000000006f800000-0x000000008fffffff] reserved
[    0.000000] reserve setup_data: [mem 0x00000000fe000000-0x00000000fe010fff] reserved
[    0.000000] reserve setup_data: [mem 0x0000000100000000-0x00000004b44fffff] persistent (type 12)
[    0.000000] reserve setup_data: [mem 0x00000004b4500000-0x0000000fffffffff] usable
[    0.000000] reserve setup_data: [mem 0x0000001000000000-0x0000001ebfffffff] persistent (type 12)
[    0.000000] reserve setup_data: [mem 0x0000001ec0000000-0x000000207fffffff] usable
[    0.000000] reserve setup_data: [mem 0x0000002080000000-0x0000011c7fffffff] persistent (type 7)
[    0.000000] reserve setup_data: [mem 0x00001ffc00000000-0x00001fffffffffff] reserved
[    0.000000] user-defined physical RAM map:
[    0.000000] user: [mem 0x0000000000000000-0x000000000008efff] usable
[    0.000000] user: [mem 0x000000000008f000-0x000000000008ffff] reserved
[    0.000000] user: [mem 0x0000000000090000-0x000000000009ffff] usable
[    0.000000] user: [mem 0x00000000000a0000-0x00000000000fffff] reserved
[    0.000000] user: [mem 0x0000000000100000-0x0000000046cc501f] usable
[    0.000000] user: [mem 0x0000000046cc5020-0x0000000046cf6a5f] usable
[    0.000000] user: [mem 0x0000000046cf6a60-0x0000000046cf701f] usable
[    0.000000] user: [mem 0x0000000046cf7020-0x0000000046d29c5f] usable
[    0.000000] user: [mem 0x0000000046d29c60-0x0000000046d2a01f] usable
[    0.000000] user: [mem 0x0000000046d2a020-0x0000000046d5cc5f] usable
[    0.000000] user: [mem 0x0000000046d5cc60-0x0000000046d5d01f] usable
[    0.000000] user: [mem 0x0000000046d5d020-0x0000000046d6505f] usable
[    0.000000] user: [mem 0x0000000046d65060-0x0000000049e76fff] usable
[    0.000000] user: [mem 0x0000000049e77000-0x000000004ae76fff] ACPI NVS
[    0.000000] user: [mem 0x000000004ae77000-0x000000004b2cefff] usable
[    0.000000] user: [mem 0x000000004b2cf000-0x000000004b54dfff] ACPI data
[    0.000000] user: [mem 0x000000004b54e000-0x000000004bd93fff] usable
[    0.000000] user: [mem 0x000000004bd94000-0x000000004be99fff] reserved
[    0.000000] user: [mem 0x000000004be9a000-0x000000004cdfffff] usable
[    0.000000] user: [mem 0x000000004ce00000-0x000000004cffffff] reserved
[    0.000000] user: [mem 0x000000004d000000-0x000000005eefdfff] usable
[    0.000000] user: [mem 0x000000005eefe000-0x000000006e3fefff] reserved
[    0.000000] user: [mem 0x000000006e3ff000-0x000000006f3fefff] ACPI NVS
[    0.000000] user: [mem 0x000000006f3ff000-0x000000006f7fefff] ACPI data
[    0.000000] user: [mem 0x000000006f7ff000-0x000000006f7fffff] usable
[    0.000000] user: [mem 0x000000006f800000-0x000000008fffffff] reserved
[    0.000000] user: [mem 0x00000000fe000000-0x00000000fe010fff] reserved
[    0.000000] user: [mem 0x0000000100000000-0x00000004b44fffff] persistent (type 12)
[    0.000000] user: [mem 0x00000004b4500000-0x0000000fffffffff] usable
[    0.000000] user: [mem 0x0000001000000000-0x0000001ebfffffff] persistent (type 12)
[    0.000000] user: [mem 0x0000001ec0000000-0x000000207fffffff] usable
[    0.000000] user: [mem 0x0000002080000000-0x0000011c7fffffff] persistent (type 7)
[    0.000000] user: [mem 0x00001ffc00000000-0x00001fffffffffff] reserved
[    0.000000] efi: EFI v2.70 by Dell Inc.
[    0.000000] efi: ACPI=0x6f7fe000 ACPI 2.0=0x6f7fe014 MEMATTR=0x5b070020 SMBIOS=0x69526000 SMBIOS 3.0=0x69524000 MOKvar=0x5ef81000 RNG=0x5ef8a920 
[    0.000000] efi: seeding entropy pool
[    0.000000] random: fast init done
[    0.000000] SMBIOS 3.3.0 present.
[    0.000000] DMI: Dell Inc. PowerEdge R750/0K8F35, BIOS 1.10.2 03/03/2023
[    0.000000] tsc: Detected 2000.000 MHz processor
[    0.000006] e820: update [mem 0x00000000-0x00000fff] usable ==> reserved
[    0.000009] e820: remove [mem 0x000a0000-0x000fffff] usable
[    0.000017] last_pfn = 0x2080000 max_arch_pfn = 0x400000000
[    0.000197] x86/PAT: Configuration [0-7]: WB  WC  UC- UC  WB  WP  UC- WT  
[    0.002802] total RAM covered: 2095088M
[    0.002885]  gran_size: 64K 	chunk_size: 64K 	num_reg: 10  	lose cover RAM: 2016G
[    0.002887]  gran_size: 64K 	chunk_size: 128K 	num_reg: 10  	lose cover RAM: 2016G
[    0.002889]  gran_size: 64K 	chunk_size: 256K 	num_reg: 10  	lose cover RAM: 2016G
[    0.002890]  gran_size: 64K 	chunk_size: 512K 	num_reg: 10  	lose cover RAM: 2016G
[    0.002892]  gran_size: 64K 	chunk_size: 1M 	num_reg: 10  	lose cover RAM: 2016G
[    0.002893]  gran_size: 64K 	chunk_size: 2M 	num_reg: 10  	lose cover RAM: 2016G
[    0.002894]  gran_size: 64K 	chunk_size: 4M 	num_reg: 10  	lose cover RAM: 2016G
[    0.002896]  gran_size: 64K 	chunk_size: 8M 	num_reg: 10  	lose cover RAM: 2016G
[    0.002897]  gran_size: 64K 	chunk_size: 16M 	num_reg: 10  	lose cover RAM: 2016G
[    0.002898]  gran_size: 64K 	chunk_size: 32M 	num_reg: 10  	lose cover RAM: 1024G
[    0.002899]  gran_size: 64K 	chunk_size: 64M 	num_reg: 10  	lose cover RAM: 1024G
[    0.002901]  gran_size: 64K 	chunk_size: 128M 	num_reg: 10  	lose cover RAM: 1024G
[    0.002902]  gran_size: 64K 	chunk_size: 256M 	num_reg: 10  	lose cover RAM: 1024G
[    0.002903]  gran_size: 64K 	chunk_size: 512M 	num_reg: 10  	lose cover RAM: 1024G
[    0.002904]  gran_size: 64K 	chunk_size: 1G 	num_reg: 10  	lose cover RAM: 1024G
[    0.002906]  gran_size: 64K 	chunk_size: 2G 	num_reg: 10  	lose cover RAM: 1024G
[    0.002907]  gran_size: 128K 	chunk_size: 128K 	num_reg: 10  	lose cover RAM: 2016G
[    0.002908]  gran_size: 128K 	chunk_size: 256K 	num_reg: 10  	lose cover RAM: 2016G
[    0.002910]  gran_size: 128K 	chunk_size: 512K 	num_reg: 10  	lose cover RAM: 2016G
[    0.002911]  gran_size: 128K 	chunk_size: 1M 	num_reg: 10  	lose cover RAM: 2016G
[    0.002912]  gran_size: 128K 	chunk_size: 2M 	num_reg: 10  	lose cover RAM: 2016G
[    0.002914]  gran_size: 128K 	chunk_size: 4M 	num_reg: 10  	lose cover RAM: 2016G
[    0.002915]  gran_size: 128K 	chunk_size: 8M 	num_reg: 10  	lose cover RAM: 2016G
[    0.002916]  gran_size: 128K 	chunk_size: 16M 	num_reg: 10  	lose cover RAM: 2016G
[    0.002917]  gran_size: 128K 	chunk_size: 32M 	num_reg: 10  	lose cover RAM: 1024G
[    0.002919]  gran_size: 128K 	chunk_size: 64M 	num_reg: 10  	lose cover RAM: 1024G
[    0.002920]  gran_size: 128K 	chunk_size: 128M 	num_reg: 10  	lose cover RAM: 1024G
[    0.002921]  gran_size: 128K 	chunk_size: 256M 	num_reg: 10  	lose cover RAM: 1024G
[    0.002923]  gran_size: 128K 	chunk_size: 512M 	num_reg: 10  	lose cover RAM: 1024G
[    0.002924]  gran_size: 128K 	chunk_size: 1G 	num_reg: 10  	lose cover RAM: 1024G
[    0.002926]  gran_size: 128K 	chunk_size: 2G 	num_reg: 10  	lose cover RAM: 1024G
[    0.002927]  gran_size: 256K 	chunk_size: 256K 	num_reg: 10  	lose cover RAM: 2016G
[    0.002928]  gran_size: 256K 	chunk_size: 512K 	num_reg: 10  	lose cover RAM: 2016G
[    0.002930]  gran_size: 256K 	chunk_size: 1M 	num_reg: 10  	lose cover RAM: 2016G
[    0.002931]  gran_size: 256K 	chunk_size: 2M 	num_reg: 10  	lose cover RAM: 2016G
[    0.002932]  gran_size: 256K 	chunk_size: 4M 	num_reg: 10  	lose cover RAM: 2016G
[    0.002934]  gran_size: 256K 	chunk_size: 8M 	num_reg: 10  	lose cover RAM: 2016G
[    0.002935]  gran_size: 256K 	chunk_size: 16M 	num_reg: 10  	lose cover RAM: 2016G
[    0.002936]  gran_size: 256K 	chunk_size: 32M 	num_reg: 10  	lose cover RAM: 1024G
[    0.002937]  gran_size: 256K 	chunk_size: 64M 	num_reg: 10  	lose cover RAM: 1024G
[    0.002939]  gran_size: 256K 	chunk_size: 128M 	num_reg: 10  	lose cover RAM: 1024G
[    0.002940]  gran_size: 256K 	chunk_size: 256M 	num_reg: 10  	lose cover RAM: 1024G
[    0.002941]  gran_size: 256K 	chunk_size: 512M 	num_reg: 10  	lose cover RAM: 1024G
[    0.002942]  gran_size: 256K 	chunk_size: 1G 	num_reg: 10  	lose cover RAM: 1024G
[    0.002944]  gran_size: 256K 	chunk_size: 2G 	num_reg: 10  	lose cover RAM: 1024G
[    0.002945]  gran_size: 512K 	chunk_size: 512K 	num_reg: 10  	lose cover RAM: 2016G
[    0.002947]  gran_size: 512K 	chunk_size: 1M 	num_reg: 10  	lose cover RAM: 2016G
[    0.002948]  gran_size: 512K 	chunk_size: 2M 	num_reg: 10  	lose cover RAM: 2016G
[    0.002949]  gran_size: 512K 	chunk_size: 4M 	num_reg: 10  	lose cover RAM: 2016G
[    0.002950]  gran_size: 512K 	chunk_size: 8M 	num_reg: 10  	lose cover RAM: 2016G
[    0.002952]  gran_size: 512K 	chunk_size: 16M 	num_reg: 10  	lose cover RAM: 2016G
[    0.002953]  gran_size: 512K 	chunk_size: 32M 	num_reg: 10  	lose cover RAM: 1024G
[    0.002954]  gran_size: 512K 	chunk_size: 64M 	num_reg: 10  	lose cover RAM: 1024G
[    0.002955]  gran_size: 512K 	chunk_size: 128M 	num_reg: 10  	lose cover RAM: 1024G
[    0.002957]  gran_size: 512K 	chunk_size: 256M 	num_reg: 10  	lose cover RAM: 1024G
[    0.002958]  gran_size: 512K 	chunk_size: 512M 	num_reg: 10  	lose cover RAM: 1024G
[    0.002959]  gran_size: 512K 	chunk_size: 1G 	num_reg: 10  	lose cover RAM: 1024G
[    0.002961]  gran_size: 512K 	chunk_size: 2G 	num_reg: 10  	lose cover RAM: 1024G
[    0.002962]  gran_size: 1M 	chunk_size: 1M 	num_reg: 10  	lose cover RAM: 2016G
[    0.002963]  gran_size: 1M 	chunk_size: 2M 	num_reg: 10  	lose cover RAM: 2016G
[    0.002965]  gran_size: 1M 	chunk_size: 4M 	num_reg: 10  	lose cover RAM: 2016G
[    0.002966]  gran_size: 1M 	chunk_size: 8M 	num_reg: 10  	lose cover RAM: 2016G
[    0.002967]  gran_size: 1M 	chunk_size: 16M 	num_reg: 10  	lose cover RAM: 2016G
[    0.002968]  gran_size: 1M 	chunk_size: 32M 	num_reg: 10  	lose cover RAM: 1024G
[    0.002970]  gran_size: 1M 	chunk_size: 64M 	num_reg: 10  	lose cover RAM: 1024G
[    0.002971]  gran_size: 1M 	chunk_size: 128M 	num_reg: 10  	lose cover RAM: 1024G
[    0.002972]  gran_size: 1M 	chunk_size: 256M 	num_reg: 10  	lose cover RAM: 1024G
[    0.002973]  gran_size: 1M 	chunk_size: 512M 	num_reg: 10  	lose cover RAM: 1024G
[    0.002975]  gran_size: 1M 	chunk_size: 1G 	num_reg: 10  	lose cover RAM: 1024G
[    0.002976]  gran_size: 1M 	chunk_size: 2G 	num_reg: 10  	lose cover RAM: 1024G
[    0.002977]  gran_size: 2M 	chunk_size: 2M 	num_reg: 10  	lose cover RAM: 2016G
[    0.002978]  gran_size: 2M 	chunk_size: 4M 	num_reg: 10  	lose cover RAM: 2016G
[    0.002979]  gran_size: 2M 	chunk_size: 8M 	num_reg: 10  	lose cover RAM: 2016G
[    0.002981]  gran_size: 2M 	chunk_size: 16M 	num_reg: 10  	lose cover RAM: 2016G
[    0.002982]  gran_size: 2M 	chunk_size: 32M 	num_reg: 10  	lose cover RAM: 1024G
[    0.002983]  gran_size: 2M 	chunk_size: 64M 	num_reg: 10  	lose cover RAM: 1024G
[    0.002985]  gran_size: 2M 	chunk_size: 128M 	num_reg: 10  	lose cover RAM: 1024G
[    0.002986]  gran_size: 2M 	chunk_size: 256M 	num_reg: 10  	lose cover RAM: 1024G
[    0.002987]  gran_size: 2M 	chunk_size: 512M 	num_reg: 10  	lose cover RAM: 1024G
[    0.002989]  gran_size: 2M 	chunk_size: 1G 	num_reg: 10  	lose cover RAM: 1024G
[    0.002990]  gran_size: 2M 	chunk_size: 2G 	num_reg: 10  	lose cover RAM: 1024G
[    0.002991]  gran_size: 4M 	chunk_size: 4M 	num_reg: 10  	lose cover RAM: 2016G
[    0.002993]  gran_size: 4M 	chunk_size: 8M 	num_reg: 10  	lose cover RAM: 2016G
[    0.002994]  gran_size: 4M 	chunk_size: 16M 	num_reg: 10  	lose cover RAM: 2016G
[    0.002995]  gran_size: 4M 	chunk_size: 32M 	num_reg: 10  	lose cover RAM: 1024G
[    0.002996]  gran_size: 4M 	chunk_size: 64M 	num_reg: 10  	lose cover RAM: 1024G
[    0.002998]  gran_size: 4M 	chunk_size: 128M 	num_reg: 10  	lose cover RAM: 1024G
[    0.002999]  gran_size: 4M 	chunk_size: 256M 	num_reg: 10  	lose cover RAM: 1024G
[    0.003000]  gran_size: 4M 	chunk_size: 512M 	num_reg: 10  	lose cover RAM: 1024G
[    0.003001]  gran_size: 4M 	chunk_size: 1G 	num_reg: 10  	lose cover RAM: 1024G
[    0.003003]  gran_size: 4M 	chunk_size: 2G 	num_reg: 10  	lose cover RAM: 1024G
[    0.003004]  gran_size: 8M 	chunk_size: 8M 	num_reg: 10  	lose cover RAM: 2016G
[    0.003005]  gran_size: 8M 	chunk_size: 16M 	num_reg: 10  	lose cover RAM: 2016G
[    0.003007]  gran_size: 8M 	chunk_size: 32M 	num_reg: 10  	lose cover RAM: 1024G
[    0.003008]  gran_size: 8M 	chunk_size: 64M 	num_reg: 10  	lose cover RAM: 1024G
[    0.003009]  gran_size: 8M 	chunk_size: 128M 	num_reg: 10  	lose cover RAM: 1024G
[    0.003011]  gran_size: 8M 	chunk_size: 256M 	num_reg: 10  	lose cover RAM: 1024G
[    0.003012]  gran_size: 8M 	chunk_size: 512M 	num_reg: 10  	lose cover RAM: 1024G
[    0.003013]  gran_size: 8M 	chunk_size: 1G 	num_reg: 10  	lose cover RAM: 1024G
[    0.003014]  gran_size: 8M 	chunk_size: 2G 	num_reg: 10  	lose cover RAM: 1024G
[    0.003016]  gran_size: 16M 	chunk_size: 16M 	num_reg: 10  	lose cover RAM: 2016G
[    0.003017]  gran_size: 16M 	chunk_size: 32M 	num_reg: 10  	lose cover RAM: 1024G
[    0.003018]  gran_size: 16M 	chunk_size: 64M 	num_reg: 10  	lose cover RAM: 1024G
[    0.003019]  gran_size: 16M 	chunk_size: 128M 	num_reg: 10  	lose cover RAM: 1024G
[    0.003021]  gran_size: 16M 	chunk_size: 256M 	num_reg: 10  	lose cover RAM: 1024G
[    0.003022]  gran_size: 16M 	chunk_size: 512M 	num_reg: 10  	lose cover RAM: 1024G
[    0.003023]  gran_size: 16M 	chunk_size: 1G 	num_reg: 10  	lose cover RAM: 1024G
[    0.003025]  gran_size: 16M 	chunk_size: 2G 	num_reg: 10  	lose cover RAM: 1024G
[    0.003026]  gran_size: 32M 	chunk_size: 32M 	num_reg: 10  	lose cover RAM: 2031632M
[    0.003027]  gran_size: 32M 	chunk_size: 64M 	num_reg: 10  	lose cover RAM: 1048592M
[    0.003029]  gran_size: 32M 	chunk_size: 128M 	num_reg: 10  	lose cover RAM: 1048592M
[    0.003030]  gran_size: 32M 	chunk_size: 256M 	num_reg: 10  	lose cover RAM: 1048592M
[    0.003031]  gran_size: 32M 	chunk_size: 512M 	num_reg: 10  	lose cover RAM: 1048592M
[    0.003032]  gran_size: 32M 	chunk_size: 1G 	num_reg: 10  	lose cover RAM: 1048592M
[    0.003034]  gran_size: 32M 	chunk_size: 2G 	num_reg: 10  	lose cover RAM: 1048592M
[    0.003035]  gran_size: 64M 	chunk_size: 64M 	num_reg: 10  	lose cover RAM: 1966128M
[    0.003036]  gran_size: 64M 	chunk_size: 128M 	num_reg: 10  	lose cover RAM: 1048624M
[    0.003037]  gran_size: 64M 	chunk_size: 256M 	num_reg: 10  	lose cover RAM: 1048624M
[    0.003039]  gran_size: 64M 	chunk_size: 512M 	num_reg: 10  	lose cover RAM: 1048624M
[    0.003040]  gran_size: 64M 	chunk_size: 1G 	num_reg: 10  	lose cover RAM: 1048624M
[    0.003041]  gran_size: 64M 	chunk_size: 2G 	num_reg: 10  	lose cover RAM: 1048624M
[    0.003043]  gran_size: 128M 	chunk_size: 128M 	num_reg: 10  	lose cover RAM: 1835120M
[    0.003044]  gran_size: 128M 	chunk_size: 256M 	num_reg: 10  	lose cover RAM: 1048688M
[    0.003045]  gran_size: 128M 	chunk_size: 512M 	num_reg: 10  	lose cover RAM: 1048688M
[    0.003047]  gran_size: 128M 	chunk_size: 1G 	num_reg: 10  	lose cover RAM: 1048688M
[    0.003048]  gran_size: 128M 	chunk_size: 2G 	num_reg: 10  	lose cover RAM: 1048688M
[    0.003049]  gran_size: 256M 	chunk_size: 256M 	num_reg: 10  	lose cover RAM: 1573104M
[    0.003051]  gran_size: 256M 	chunk_size: 512M 	num_reg: 10  	lose cover RAM: 1048816M
[    0.003052]  gran_size: 256M 	chunk_size: 1G 	num_reg: 10  	lose cover RAM: 1048816M
[    0.003053]  gran_size: 256M 	chunk_size: 2G 	num_reg: 10  	lose cover RAM: 1048816M
[    0.003055]  gran_size: 512M 	chunk_size: 512M 	num_reg: 10  	lose cover RAM: 1049072M
[    0.003056]  gran_size: 512M 	chunk_size: 1G 	num_reg: 10  	lose cover RAM: 1049072M
[    0.003057]  gran_size: 512M 	chunk_size: 2G 	num_reg: 10  	lose cover RAM: 1049072M
[    0.003059]  gran_size: 1G 	chunk_size: 1G 	num_reg: 10  	lose cover RAM: 1008M
[    0.003060]  gran_size: 1G 	chunk_size: 2G 	num_reg: 10  	lose cover RAM: 1008M
[    0.003061]  gran_size: 2G 	chunk_size: 2G 	num_reg: 9  	lose cover RAM: 2032M
[    0.003063] mtrr_cleanup: can not find optimal value
[    0.003063] please specify mtrr_gran_size/mtrr_chunk_size
[    0.003066] e820: update [mem 0x7f000000-0xffffffff] usable ==> reserved
[    0.003068] x2apic: enabled by BIOS, switching to x2apic ops
[    0.003069] last_pfn = 0x6f800 max_arch_pfn = 0x400000000
[    0.014399] Using GB pages for direct mapping
[    0.015230] Secure boot disabled
[    0.015231] RAMDISK: [mem 0x205cb7c000-0x207fffffff]
[    0.015236] ACPI: Early table checksum verification disabled
[    0.015238] ACPI: RSDP 0x000000006F7FE014 000024 (v02 DELL  )
[    0.015242] ACPI: XSDT 0x000000006F41C188 0000F4 (v01 DELL   PE_SC3   00000000 DELL 01000013)
[    0.015247] ACPI: FACP 0x000000006F430000 000114 (v06 DELL   PE_SC3   00000000 DELL 00000001)
[    0.015253] ACPI: DSDT 0x000000004B4CE000 07FAD3 (v02 DELL   PE_SC3   00000003 DELL 00000001)
[    0.015256] ACPI: FACS 0x000000006F2F2000 000040
[    0.015260] ACPI: SSDT 0x000000006F7FB000 00159A (v02 INTEL  RAS_ACPI 00000001 INTL 20210331)
[    0.015263] ACPI: SSDT 0x000000006F7FA000 000745 (v02 INTEL  ADDRXLAT 00000001 INTL 20210331)
[    0.015266] ACPI: MCEJ 0x000000006F7F9000 000130 (v01 INTEL           00000001 INTL 0100000D)
[    0.015270] ACPI: BERT 0x000000006F7F8000 000030 (v01 DELL   PE_SC3   00000001 INTL 00000001)
[    0.015273] ACPI: ERST 0x000000006F7F7000 000230 (v01 DELL   PE_SC3   00000001 INTL 00000001)
[    0.015276] ACPI: SSDT 0x000000006F431000 3C524E (v02 INTEL  SSDTNVDR 00001000 INTL 20210331)
[    0.015280] ACPI: HMAT 0x000000006F42F000 000210 (v01 DELL   PE_SC3   00000001 DELL 00000001)
[    0.015283] ACPI: HPET 0x000000006F42E000 000038 (v01 DELL   PE_SC3   00000001 DELL 00000001)
[    0.015286] ACPI: MCFG 0x000000006F42D000 00003C (v01 DELL   PE_SC3   00000001 DELL 00000001)
[    0.015289] ACPI: MIGT 0x000000006F42C000 000040 (v01 DELL   PE_SC3   00000000 DELL 00000001)
[    0.015292] ACPI: MSCT 0x000000006F42B000 000090 (v01 DELL   PE_SC3   00000001 DELL 00000001)
[    0.015296] ACPI: PMTT 0x000000006F429000 0011E8 (v02 DELL   PE_SC3   00000001 DELL 00000001)
[    0.015299] ACPI: WSMT 0x000000006F428000 000028 (v01 DELL   PE_SC3   00000000 DELL 00000001)
[    0.015302] ACPI: APIC 0x000000006F427000 00075E (v04 DELL   PE_SC3   00000000 DELL 00000001)
[    0.015305] ACPI: SLIT 0x000000006F426000 00003C (v01 DELL   PE_SC3   00000001 DELL 01000013)
[    0.015309] ACPI: SRAT 0x000000006F41F000 006430 (v03 DELL   PE_SC3   00000002 DELL 01000013)
[    0.015312] ACPI: OEM4 0x000000004B346000 187A61 (v02 INTEL  CPU  CST 00003000 INTL 20210331)
[    0.015315] ACPI: SSDT 0x000000004B2CF000 0764A5 (v02 INTEL  SSDT  PM 00004000 INTL 20210331)
[    0.015318] ACPI: SSDT 0x000000006F41E000 000A1F (v02 DELL   PE_SC3   00000000 DELL 00000001)
[    0.015322] ACPI: HEST 0x000000006F41D000 00017C (v01 DELL   PE_SC3   00000001 INTL 00000001)
[    0.015325] ACPI: PCAT 0x000000006F41B000 00010C (v19 DELL   PE_SC3   00000002 DELL 00000001)
[    0.015328] ACPI: SSDT 0x000000006F413000 007299 (v02 INTEL  SpsNm    00000002 INTL 20210331)
[    0.015331] ACPI: SSDT 0x000000006F412000 000426 (v02 DELL   PE_SC3   00000002 DELL 00000001)
[    0.015334] ACPI: NFIT 0x000000006F7FD000 000488 (v01 DELL   PE_SC3   00000002 DELL 00000001)
[    0.015338] ACPI: DMAR 0x000000006F411000 000158 (v01 DELL   PE_SC3   00000001 DELL 00000001)
[    0.015340] ACPI: Reserving FACP table memory at [mem 0x6f430000-0x6f430113]
[    0.015342] ACPI: Reserving DSDT table memory at [mem 0x4b4ce000-0x4b54dad2]
[    0.015343] ACPI: Reserving FACS table memory at [mem 0x6f2f2000-0x6f2f203f]
[    0.015344] ACPI: Reserving SSDT table memory at [mem 0x6f7fb000-0x6f7fc599]
[    0.015345] ACPI: Reserving SSDT table memory at [mem 0x6f7fa000-0x6f7fa744]
[    0.015346] ACPI: Reserving MCEJ table memory at [mem 0x6f7f9000-0x6f7f912f]
[    0.015346] ACPI: Reserving BERT table memory at [mem 0x6f7f8000-0x6f7f802f]
[    0.015347] ACPI: Reserving ERST table memory at [mem 0x6f7f7000-0x6f7f722f]
[    0.015348] ACPI: Reserving SSDT table memory at [mem 0x6f431000-0x6f7f624d]
[    0.015349] ACPI: Reserving HMAT table memory at [mem 0x6f42f000-0x6f42f20f]
[    0.015350] ACPI: Reserving HPET table memory at [mem 0x6f42e000-0x6f42e037]
[    0.015351] ACPI: Reserving MCFG table memory at [mem 0x6f42d000-0x6f42d03b]
[    0.015352] ACPI: Reserving MIGT table memory at [mem 0x6f42c000-0x6f42c03f]
[    0.015353] ACPI: Reserving MSCT table memory at [mem 0x6f42b000-0x6f42b08f]
[    0.015353] ACPI: Reserving PMTT table memory at [mem 0x6f429000-0x6f42a1e7]
[    0.015354] ACPI: Reserving WSMT table memory at [mem 0x6f428000-0x6f428027]
[    0.015355] ACPI: Reserving APIC table memory at [mem 0x6f427000-0x6f42775d]
[    0.015356] ACPI: Reserving SLIT table memory at [mem 0x6f426000-0x6f42603b]
[    0.015357] ACPI: Reserving SRAT table memory at [mem 0x6f41f000-0x6f42542f]
[    0.015358] ACPI: Reserving OEM4 table memory at [mem 0x4b346000-0x4b4cda60]
[    0.015359] ACPI: Reserving SSDT table memory at [mem 0x4b2cf000-0x4b3454a4]
[    0.015360] ACPI: Reserving SSDT table memory at [mem 0x6f41e000-0x6f41ea1e]
[    0.015361] ACPI: Reserving HEST table memory at [mem 0x6f41d000-0x6f41d17b]
[    0.015362] ACPI: Reserving PCAT table memory at [mem 0x6f41b000-0x6f41b10b]
[    0.015363] ACPI: Reserving SSDT table memory at [mem 0x6f413000-0x6f41a298]
[    0.015363] ACPI: Reserving SSDT table memory at [mem 0x6f412000-0x6f412425]
[    0.015364] ACPI: Reserving NFIT table memory at [mem 0x6f7fd000-0x6f7fd487]
[    0.015365] ACPI: Reserving DMAR table memory at [mem 0x6f411000-0x6f411157]
[    0.015376] Setting APIC routing to cluster x2apic.
[    0.015423] SRAT: PXM 0 -> APIC 0x0000 -> Node 0
[    0.015424] SRAT: PXM 0 -> APIC 0x0001 -> Node 0
[    0.015425] SRAT: PXM 0 -> APIC 0x0002 -> Node 0
[    0.015426] SRAT: PXM 0 -> APIC 0x0003 -> Node 0
[    0.015426] SRAT: PXM 0 -> APIC 0x0004 -> Node 0
[    0.015427] SRAT: PXM 0 -> APIC 0x0005 -> Node 0
[    0.015428] SRAT: PXM 0 -> APIC 0x0006 -> Node 0
[    0.015428] SRAT: PXM 0 -> APIC 0x0007 -> Node 0
[    0.015429] SRAT: PXM 0 -> APIC 0x0008 -> Node 0
[    0.015430] SRAT: PXM 0 -> APIC 0x0009 -> Node 0
[    0.015430] SRAT: PXM 0 -> APIC 0x000a -> Node 0
[    0.015431] SRAT: PXM 0 -> APIC 0x000b -> Node 0
[    0.015432] SRAT: PXM 0 -> APIC 0x000c -> Node 0
[    0.015432] SRAT: PXM 0 -> APIC 0x000d -> Node 0
[    0.015433] SRAT: PXM 0 -> APIC 0x000e -> Node 0
[    0.015434] SRAT: PXM 0 -> APIC 0x000f -> Node 0
[    0.015435] SRAT: PXM 0 -> APIC 0x0010 -> Node 0
[    0.015435] SRAT: PXM 0 -> APIC 0x0011 -> Node 0
[    0.015436] SRAT: PXM 0 -> APIC 0x0012 -> Node 0
[    0.015437] SRAT: PXM 0 -> APIC 0x0013 -> Node 0
[    0.015437] SRAT: PXM 0 -> APIC 0x0014 -> Node 0
[    0.015438] SRAT: PXM 0 -> APIC 0x0015 -> Node 0
[    0.015439] SRAT: PXM 0 -> APIC 0x0016 -> Node 0
[    0.015439] SRAT: PXM 0 -> APIC 0x0017 -> Node 0
[    0.015440] SRAT: PXM 0 -> APIC 0x0018 -> Node 0
[    0.015441] SRAT: PXM 0 -> APIC 0x0019 -> Node 0
[    0.015441] SRAT: PXM 0 -> APIC 0x001a -> Node 0
[    0.015442] SRAT: PXM 0 -> APIC 0x001b -> Node 0
[    0.015443] SRAT: PXM 0 -> APIC 0x001c -> Node 0
[    0.015443] SRAT: PXM 0 -> APIC 0x001d -> Node 0
[    0.015444] SRAT: PXM 0 -> APIC 0x001e -> Node 0
[    0.015444] SRAT: PXM 0 -> APIC 0x001f -> Node 0
[    0.015445] SRAT: PXM 0 -> APIC 0x0020 -> Node 0
[    0.015446] SRAT: PXM 0 -> APIC 0x0021 -> Node 0
[    0.015446] SRAT: PXM 0 -> APIC 0x0022 -> Node 0
[    0.015447] SRAT: PXM 0 -> APIC 0x0023 -> Node 0
[    0.015448] SRAT: PXM 0 -> APIC 0x0024 -> Node 0
[    0.015448] SRAT: PXM 0 -> APIC 0x0025 -> Node 0
[    0.015449] SRAT: PXM 0 -> APIC 0x0026 -> Node 0
[    0.015450] SRAT: PXM 0 -> APIC 0x0027 -> Node 0
[    0.015450] SRAT: PXM 0 -> APIC 0x0028 -> Node 0
[    0.015451] SRAT: PXM 0 -> APIC 0x0029 -> Node 0
[    0.015451] SRAT: PXM 0 -> APIC 0x002a -> Node 0
[    0.015452] SRAT: PXM 0 -> APIC 0x002b -> Node 0
[    0.015453] SRAT: PXM 0 -> APIC 0x002c -> Node 0
[    0.015453] SRAT: PXM 0 -> APIC 0x002d -> Node 0
[    0.015454] SRAT: PXM 0 -> APIC 0x002e -> Node 0
[    0.015455] SRAT: PXM 0 -> APIC 0x002f -> Node 0
[    0.015455] SRAT: PXM 0 -> APIC 0x0030 -> Node 0
[    0.015456] SRAT: PXM 0 -> APIC 0x0031 -> Node 0
[    0.015457] SRAT: PXM 0 -> APIC 0x0032 -> Node 0
[    0.015457] SRAT: PXM 0 -> APIC 0x0033 -> Node 0
[    0.015458] SRAT: PXM 0 -> APIC 0x0034 -> Node 0
[    0.015458] SRAT: PXM 0 -> APIC 0x0035 -> Node 0
[    0.015459] SRAT: PXM 0 -> APIC 0x0036 -> Node 0
[    0.015460] SRAT: PXM 0 -> APIC 0x0037 -> Node 0
[    0.015461] SRAT: PXM 1 -> APIC 0x0080 -> Node 1
[    0.015461] SRAT: PXM 1 -> APIC 0x0081 -> Node 1
[    0.015462] SRAT: PXM 1 -> APIC 0x0082 -> Node 1
[    0.015463] SRAT: PXM 1 -> APIC 0x0083 -> Node 1
[    0.015463] SRAT: PXM 1 -> APIC 0x0084 -> Node 1
[    0.015464] SRAT: PXM 1 -> APIC 0x0085 -> Node 1
[    0.015465] SRAT: PXM 1 -> APIC 0x0086 -> Node 1
[    0.015465] SRAT: PXM 1 -> APIC 0x0087 -> Node 1
[    0.015466] SRAT: PXM 1 -> APIC 0x0088 -> Node 1
[    0.015467] SRAT: PXM 1 -> APIC 0x0089 -> Node 1
[    0.015467] SRAT: PXM 1 -> APIC 0x008a -> Node 1
[    0.015468] SRAT: PXM 1 -> APIC 0x008b -> Node 1
[    0.015469] SRAT: PXM 1 -> APIC 0x008c -> Node 1
[    0.015469] SRAT: PXM 1 -> APIC 0x008d -> Node 1
[    0.015470] SRAT: PXM 1 -> APIC 0x008e -> Node 1
[    0.015471] SRAT: PXM 1 -> APIC 0x008f -> Node 1
[    0.015471] SRAT: PXM 1 -> APIC 0x0090 -> Node 1
[    0.015472] SRAT: PXM 1 -> APIC 0x0091 -> Node 1
[    0.015472] SRAT: PXM 1 -> APIC 0x0092 -> Node 1
[    0.015473] SRAT: PXM 1 -> APIC 0x0093 -> Node 1
[    0.015474] SRAT: PXM 1 -> APIC 0x0094 -> Node 1
[    0.015474] SRAT: PXM 1 -> APIC 0x0095 -> Node 1
[    0.015475] SRAT: PXM 1 -> APIC 0x0096 -> Node 1
[    0.015476] SRAT: PXM 1 -> APIC 0x0097 -> Node 1
[    0.015476] SRAT: PXM 1 -> APIC 0x0098 -> Node 1
[    0.015477] SRAT: PXM 1 -> APIC 0x0099 -> Node 1
[    0.015477] SRAT: PXM 1 -> APIC 0x009a -> Node 1
[    0.015478] SRAT: PXM 1 -> APIC 0x009b -> Node 1
[    0.015479] SRAT: PXM 1 -> APIC 0x009c -> Node 1
[    0.015479] SRAT: PXM 1 -> APIC 0x009d -> Node 1
[    0.015480] SRAT: PXM 1 -> APIC 0x009e -> Node 1
[    0.015481] SRAT: PXM 1 -> APIC 0x009f -> Node 1
[    0.015481] SRAT: PXM 1 -> APIC 0x00a0 -> Node 1
[    0.015482] SRAT: PXM 1 -> APIC 0x00a1 -> Node 1
[    0.015483] SRAT: PXM 1 -> APIC 0x00a2 -> Node 1
[    0.015483] SRAT: PXM 1 -> APIC 0x00a3 -> Node 1
[    0.015484] SRAT: PXM 1 -> APIC 0x00a4 -> Node 1
[    0.015485] SRAT: PXM 1 -> APIC 0x00a5 -> Node 1
[    0.015485] SRAT: PXM 1 -> APIC 0x00a6 -> Node 1
[    0.015486] SRAT: PXM 1 -> APIC 0x00a7 -> Node 1
[    0.015486] SRAT: PXM 1 -> APIC 0x00a8 -> Node 1
[    0.015487] SRAT: PXM 1 -> APIC 0x00a9 -> Node 1
[    0.015488] SRAT: PXM 1 -> APIC 0x00aa -> Node 1
[    0.015488] SRAT: PXM 1 -> APIC 0x00ab -> Node 1
[    0.015489] SRAT: PXM 1 -> APIC 0x00ac -> Node 1
[    0.015490] SRAT: PXM 1 -> APIC 0x00ad -> Node 1
[    0.015490] SRAT: PXM 1 -> APIC 0x00ae -> Node 1
[    0.015491] SRAT: PXM 1 -> APIC 0x00af -> Node 1
[    0.015492] SRAT: PXM 1 -> APIC 0x00b0 -> Node 1
[    0.015492] SRAT: PXM 1 -> APIC 0x00b1 -> Node 1
[    0.015493] SRAT: PXM 1 -> APIC 0x00b2 -> Node 1
[    0.015494] SRAT: PXM 1 -> APIC 0x00b3 -> Node 1
[    0.015495] SRAT: PXM 1 -> APIC 0x00b4 -> Node 1
[    0.015495] SRAT: PXM 1 -> APIC 0x00b5 -> Node 1
[    0.015496] SRAT: PXM 1 -> APIC 0x00b6 -> Node 1
[    0.015497] SRAT: PXM 1 -> APIC 0x00b7 -> Node 1
[    0.015510] ACPI: SRAT: Node 0 PXM 0 [mem 0x00000000-0x7fffffff]
[    0.015511] ACPI: SRAT: Node 0 PXM 0 [mem 0x100000000-0x107fffffff]
[    0.015513] ACPI: SRAT: Node 2 PXM 2 [mem 0x2080000000-0x9e7fffffff] non-volatile
[    0.015514] ACPI: SRAT: Node 1 PXM 1 [mem 0x1080000000-0x207fffffff]
[    0.015515] ACPI: SRAT: Node 3 PXM 3 [mem 0x9e80000000-0x11c7fffffff] non-volatile
[    0.015524] NUMA: Initialized distance table, cnt=4
[    0.015527] NUMA: Node 0 [mem 0x00000000-0x7fffffff] + [mem 0x100000000-0x107fffffff] -> [mem 0x00000000-0x107fffffff]
[    0.015535] NODE_DATA(0) allocated [mem 0xffffd5000-0xfffffffff]
[    0.015555] NODE_DATA(1) allocated [mem 0x205cb4d000-0x205cb77fff]
[    0.015766] Zone ranges:
[    0.015766]   DMA      [mem 0x0000000000001000-0x0000000000ffffff]
[    0.015768]   DMA32    [mem 0x0000000001000000-0x00000000ffffffff]
[    0.015769]   Normal   [mem 0x0000000100000000-0x000000207fffffff]
[    0.015771]   Device   empty
[    0.015772] Movable zone start for each node
[    0.015775] Early memory node ranges
[    0.015776]   node   0: [mem 0x0000000000001000-0x000000000008efff]
[    0.015777]   node   0: [mem 0x0000000000090000-0x000000000009ffff]
[    0.015778]   node   0: [mem 0x0000000000100000-0x0000000049e76fff]
[    0.015779]   node   0: [mem 0x000000004ae77000-0x000000004b2cefff]
[    0.015780]   node   0: [mem 0x000000004b54e000-0x000000004bd93fff]
[    0.015780]   node   0: [mem 0x000000004be9a000-0x000000004cdfffff]
[    0.015781]   node   0: [mem 0x000000004d000000-0x000000005eefdfff]
[    0.015782]   node   0: [mem 0x000000006f7ff000-0x000000006f7fffff]
[    0.015782]   node   0: [mem 0x00000004b4500000-0x0000000fffffffff]
[    0.015786]   node   1: [mem 0x0000001ec0000000-0x000000207fffffff]
[    0.015787] Initmem setup node 0 [mem 0x0000000000001000-0x0000000fffffffff]
[    0.015790] Initmem setup node 1 [mem 0x0000001ec0000000-0x000000207fffffff]
[    0.015793] On node 0, zone DMA: 1 pages in unavailable ranges
[    0.015795] On node 0, zone DMA: 1 pages in unavailable ranges
[    0.015825] On node 0, zone DMA: 96 pages in unavailable ranges
[    0.018140] On node 0, zone DMA32: 4096 pages in unavailable ranges
[    0.018165] On node 0, zone DMA32: 639 pages in unavailable ranges
[    0.018194] On node 0, zone DMA32: 262 pages in unavailable ranges
[    0.018759] On node 0, zone DMA32: 512 pages in unavailable ranges
[    0.019032] On node 0, zone DMA32: 35073 pages in unavailable ranges
[    0.105225] On node 0, zone Normal: 19712 pages in unavailable ranges
[    0.119516] ACPI: PM-Timer IO Port: 0x508
[    0.119536] ACPI: X2APIC_NMI (uid[0xffffffff] high edge lint[0x1])
[    0.119540] ACPI: LAPIC_NMI (acpi_id[0xff] high edge lint[0x1])
[    0.119559] IOAPIC[0]: apic_id 8, version 32, address 0xfec00000, GSI 0-119
[    0.119562] ACPI: INT_SRC_OVR (bus 0 bus_irq 0 global_irq 2 dfl dfl)
[    0.119564] ACPI: INT_SRC_OVR (bus 0 bus_irq 9 global_irq 9 high level)
[    0.119568] ACPI: Using ACPI (MADT) for SMP configuration information
[    0.119570] ACPI: HPET id: 0x8086a701 base: 0xfed00000
[    0.119574] TSC deadline timer available
[    0.119575] smpboot: Allowing 112 CPUs, 0 hotplug CPUs
[    0.119602] PM: hibernation: Registered nosave memory: [mem 0x00000000-0x00000fff]
[    0.119605] PM: hibernation: Registered nosave memory: [mem 0x0008f000-0x0008ffff]
[    0.119607] PM: hibernation: Registered nosave memory: [mem 0x000a0000-0x000fffff]
[    0.119608] PM: hibernation: Registered nosave memory: [mem 0x46cc5000-0x46cc5fff]
[    0.119610] PM: hibernation: Registered nosave memory: [mem 0x46cf6000-0x46cf6fff]
[    0.119611] PM: hibernation: Registered nosave memory: [mem 0x46cf7000-0x46cf7fff]
[    0.119613] PM: hibernation: Registered nosave memory: [mem 0x46d29000-0x46d29fff]
[    0.119614] PM: hibernation: Registered nosave memory: [mem 0x46d2a000-0x46d2afff]
[    0.119615] PM: hibernation: Registered nosave memory: [mem 0x46d5c000-0x46d5cfff]
[    0.119616] PM: hibernation: Registered nosave memory: [mem 0x46d5d000-0x46d5dfff]
[    0.119618] PM: hibernation: Registered nosave memory: [mem 0x46d65000-0x46d65fff]
[    0.119619] PM: hibernation: Registered nosave memory: [mem 0x49e77000-0x4ae76fff]
[    0.119621] PM: hibernation: Registered nosave memory: [mem 0x4b2cf000-0x4b54dfff]
[    0.119623] PM: hibernation: Registered nosave memory: [mem 0x4bd94000-0x4be99fff]
[    0.119625] PM: hibernation: Registered nosave memory: [mem 0x4ce00000-0x4cffffff]
[    0.119626] PM: hibernation: Registered nosave memory: [mem 0x5eefe000-0x6e3fefff]
[    0.119627] PM: hibernation: Registered nosave memory: [mem 0x6e3ff000-0x6f3fefff]
[    0.119628] PM: hibernation: Registered nosave memory: [mem 0x6f3ff000-0x6f7fefff]
[    0.119630] PM: hibernation: Registered nosave memory: [mem 0x6f800000-0x8fffffff]
[    0.119630] PM: hibernation: Registered nosave memory: [mem 0x90000000-0xfdffffff]
[    0.119631] PM: hibernation: Registered nosave memory: [mem 0xfe000000-0xfe010fff]
[    0.119632] PM: hibernation: Registered nosave memory: [mem 0xfe011000-0xffffffff]
[    0.119632] PM: hibernation: Registered nosave memory: [mem 0x100000000-0x4b44fffff]
[    0.119634] PM: hibernation: Registered nosave memory: [mem 0x1000000000-0x1ebfffffff]
[    0.119636] [mem 0x90000000-0xfdffffff] available for PCI devices
[    0.119638] Booting paravirtualized kernel on bare hardware
[    0.119640] clocksource: refined-jiffies: mask: 0xffffffff max_cycles: 0xffffffff, max_idle_ns: 7645519600211568 ns
[    0.119646] setup_percpu: NR_CPUS:8192 nr_cpumask_bits:112 nr_cpu_ids:112 nr_node_ids:4
[    0.124211] percpu: Embedded 53 pages/cpu s180224 r8192 d28672 u262144
[    0.124222] pcpu-alloc: s180224 r8192 d28672 u262144 alloc=1*2097152
[    0.124225] pcpu-alloc: [0] 000 002 004 006 008 010 012 014 
[    0.124231] pcpu-alloc: [0] 016 018 020 022 024 026 028 030 
[    0.124235] pcpu-alloc: [0] 032 034 036 038 040 042 044 046 
[    0.124239] pcpu-alloc: [0] 048 050 052 054 056 058 060 062 
[    0.124244] pcpu-alloc: [0] 064 066 068 070 072 074 076 078 
[    0.124248] pcpu-alloc: [0] 080 082 084 086 088 090 092 094 
[    0.124252] pcpu-alloc: [0] 096 098 100 102 104 106 108 110 
[    0.124256] pcpu-alloc: [1] 001 003 005 007 009 011 013 015 
[    0.124260] pcpu-alloc: [1] 017 019 021 023 025 027 029 031 
[    0.124264] pcpu-alloc: [1] 033 035 037 039 041 043 045 047 
[    0.124269] pcpu-alloc: [1] 049 051 053 055 057 059 061 063 
[    0.124273] pcpu-alloc: [1] 065 067 069 071 073 075 077 079 
[    0.124277] pcpu-alloc: [1] 081 083 085 087 089 091 093 095 
[    0.124281] pcpu-alloc: [1] 097 099 101 103 105 107 109 111 
[    0.124332] Built 2 zonelists, mobility grouping on.  Total pages: 13841704
[    0.124334] Policy zone: Normal
[    0.124335] Kernel command line: BOOT_IMAGE=/boot/vmlinuz-5.15.0-tiering-0.8 root=UUID=ce0c24b8-724b-4f33-9b2c-618433560aef ro memmap=15173M!4096M memmap=59G!64G quiet splash nomodeset vt.handoff=1
[    0.124455] You have booted with nomodeset. This means your GPU drivers are DISABLED
[    0.124455] Any video related functionality will be severely degraded, and you may not even be able to suspend the system properly
[    0.124456] Unless you actually understand what nomodeset does, you should reboot without enabling it
[    0.124476] Unknown command line parameters: splash BOOT_IMAGE=/boot/vmlinuz-5.15.0-tiering-0.8
[    0.124478] printk: log_buf_len individual max cpu contribution: 4096 bytes
[    0.124479] printk: log_buf_len total cpu_extra contributions: 454656 bytes
[    0.124480] printk: log_buf_len min size: 262144 bytes
[    0.125454] printk: log_buf_len: 1048576 bytes
[    0.125455] printk: early log buf free: 223784(85%)
[    0.127027] mem auto-init: stack:off, heap alloc:on, heap free:off
[    0.255011] Memory: 54525796K/56250464K available (14345K kernel code, 3484K rwdata, 10288K rodata, 2824K init, 5836K bss, 1724408K reserved, 0K cma-reserved)
[    0.255018] random: get_random_u64 called from __kmem_cache_create+0x2d/0x460 with crng_init=1
[    0.255836] SLUB: HWalign=64, Order=0-3, MinObjects=0, CPUs=112, Nodes=4
[    0.255867] ftrace: allocating 48223 entries in 189 pages
[    0.271048] ftrace: allocated 189 pages with 6 groups
[    0.271703] rcu: Hierarchical RCU implementation.
[    0.271704] rcu: 	RCU restricting CPUs from NR_CPUS=8192 to nr_cpu_ids=112.
[    0.271705] 	Rude variant of Tasks RCU enabled.
[    0.271706] 	Tracing variant of Tasks RCU enabled.
[    0.271707] rcu: RCU calculated value of scheduler-enlistment delay is 25 jiffies.
[    0.271708] rcu: Adjusting geometry for rcu_fanout_leaf=16, nr_cpu_ids=112
[    0.275522] NR_IRQS: 524544, nr_irqs: 2952, preallocated irqs: 16
[    0.275870] random: crng done (trusting CPU's manufacturer)
[    0.276012] Console: colour dummy device 80x25
[    0.276048] printk: console [tty0] enabled
[    0.276226] mempolicy: Enabling automatic NUMA balancing. Configure with numa_balancing= or the kernel.numa_balancing sysctl
[    0.276231] ACPI: Core revision 20210730
[    0.279660] clocksource: hpet: mask: 0xffffffff max_cycles: 0xffffffff, max_idle_ns: 79635855245 ns
[    0.279703] APIC: Switch to symmetric I/O mode setup
[    0.279704] DMAR: Host address width 46
[    0.279705] DMAR: DRHD base: 0x000000d0ffc000 flags: 0x0
[    0.279710] DMAR: dmar0: reg_base_addr d0ffc000 ver 4:0 cap 8ed008c40780466 ecap 60000f050df
[    0.279713] DMAR: DRHD base: 0x000000dbbfc000 flags: 0x0
[    0.279716] DMAR: dmar1: reg_base_addr dbbfc000 ver 4:0 cap 8ed008c40780466 ecap 60000f050df
[    0.279718] DMAR: DRHD base: 0x000000e67fc000 flags: 0x0
[    0.279721] DMAR: dmar2: reg_base_addr e67fc000 ver 4:0 cap 8ed008c40780466 ecap 60000f050df
[    0.279723] DMAR: DRHD base: 0x000000f13fc000 flags: 0x0
[    0.279725] DMAR: dmar3: reg_base_addr f13fc000 ver 4:0 cap 8ed008c40780466 ecap 60000f050df
[    0.279728] DMAR: DRHD base: 0x000000fb7fc000 flags: 0x0
[    0.279730] DMAR: dmar4: reg_base_addr fb7fc000 ver 4:0 cap 8ed008c40780466 ecap 60000f050df
[    0.279732] DMAR: DRHD base: 0x000000a63fc000 flags: 0x0
[    0.279734] DMAR: dmar5: reg_base_addr a63fc000 ver 4:0 cap 8ed008c40780466 ecap 60000f050df
[    0.279736] DMAR: DRHD base: 0x000000b0ffc000 flags: 0x0
[    0.279738] DMAR: dmar6: reg_base_addr b0ffc000 ver 4:0 cap 8ed008c40780466 ecap 60000f050df
[    0.279740] DMAR: DRHD base: 0x000000bbbfc000 flags: 0x0
[    0.279744] DMAR: dmar7: reg_base_addr bbbfc000 ver 4:0 cap 8ed008c40780466 ecap 60000f050df
[    0.279746] DMAR: DRHD base: 0x000000c5ffc000 flags: 0x0
[    0.279749] DMAR: dmar8: reg_base_addr c5ffc000 ver 4:0 cap 8ed008c40780466 ecap 60000f050df
[    0.279750] DMAR: DRHD base: 0x0000009b7fc000 flags: 0x1
[    0.279753] DMAR: dmar9: reg_base_addr 9b7fc000 ver 4:0 cap 8ed008c40780466 ecap 60000f050df
[    0.279755] DMAR: RMRR base: 0x00000069427000 end: 0x00000069429fff
[    0.279756] DMAR: ATSR flags: 0x0
[    0.279759] DMAR-IR: IOAPIC id 8 under DRHD base  0x9b7fc000 IOMMU 9
[    0.279760] DMAR-IR: HPET id 0 under DRHD base 0x9b7fc000
[    0.279761] DMAR-IR: Queued invalidation will be enabled to support x2apic and Intr-remapping.
[    0.282694] DMAR-IR: Enabled IRQ remapping in x2apic mode
[    0.285295] ..TIMER: vector=0x30 apic1=0 pin1=2 apic2=-1 pin2=-1
[    0.303633] clocksource: tsc-early: mask: 0xffffffffffffffff max_cycles: 0x39a85c9bff6, max_idle_ns: 881590591483 ns
[    0.303640] Calibrating delay loop (skipped), value calculated using timer frequency.. 4000.00 BogoMIPS (lpj=8000000)
[    0.303643] pid_max: default: 114688 minimum: 896
[    0.307000] LSM: Security Framework initializing
[    0.307014] Yama: becoming mindful.
[    0.307056] AppArmor: AppArmor initialized
[    0.315761] Dentry cache hash table entries: 8388608 (order: 14, 67108864 bytes, vmalloc)
[    0.320134] Inode-cache hash table entries: 4194304 (order: 13, 33554432 bytes, vmalloc)
[    0.320322] Mount-cache hash table entries: 131072 (order: 8, 1048576 bytes, vmalloc)
[    0.320465] Mountpoint-cache hash table entries: 131072 (order: 8, 1048576 bytes, vmalloc)
[    0.321057] x86/tme: not enabled by BIOS
[    0.321066] CPU0: Thermal monitoring enabled (TM1)
[    0.321068] x86/cpu: User Mode Instruction Prevention (UMIP) activated
[    0.321300] process: using mwait in idle threads
[    0.321302] Last level iTLB entries: 4KB 0, 2MB 0, 4MB 0
[    0.321303] Last level dTLB entries: 4KB 0, 2MB 0, 4MB 0, 1GB 0
[    0.321310] Spectre V1 : Mitigation: usercopy/swapgs barriers and __user pointer sanitization
[    0.321312] Spectre V2 : Mitigation: Enhanced IBRS
[    0.321313] Spectre V2 : Spectre v2 / SpectreRSB mitigation: Filling RSB on context switch
[    0.321314] Spectre V2 : mitigation: Enabling conditional Indirect Branch Prediction Barrier
[    0.321316] Speculative Store Bypass: Mitigation: Speculative Store Bypass disabled via prctl and seccomp
[    0.327605] Freeing SMP alternatives memory: 40K
[    0.327773] smpboot: Estimated ratio of average max frequency by base frequency (times 1024): 1433
[    0.327787] smpboot: CPU0: Intel(R) Xeon(R) Gold 6330 CPU @ 2.00GHz (family: 0x6, model: 0x6a, stepping: 0x6)
[    0.327995] Performance Events: PEBS fmt4+-baseline,  AnyThread deprecated, Icelake events, 32-deep LBR, full-width counters, Intel PMU driver.
[    0.328014] ... version:                5
[    0.328015] ... bit width:              48
[    0.328016] ... generic registers:      8
[    0.328016] ... value mask:             0000ffffffffffff
[    0.328017] ... max period:             00007fffffffffff
[    0.328018] ... fixed-purpose events:   4
[    0.328019] ... event mask:             0001000f000000ff
[    0.328144] rcu: Hierarchical SRCU implementation.
[    0.335279] NMI watchdog: Enabled. Permanently consumes one hw-PMU counter.
[    0.336294] smp: Bringing up secondary CPUs ...
[    0.336398] x86: Booting SMP configuration:
[    0.336399] .... node  #1, CPUs:          #1
[    0.007817] smpboot: CPU 1 Converting physical 0 to logical die 1

[    0.423749] .... node  #0, CPUs:     #2
[    0.429141] .... node  #1, CPUs:     #3
[    0.434582] .... node  #0, CPUs:     #4
[    0.439965] .... node  #1, CPUs:     #5
[    0.445366] .... node  #0, CPUs:     #6
[    0.450944] .... node  #1, CPUs:     #7
[    0.456550] .... node  #0, CPUs:     #8
[    0.461837] .... node  #1, CPUs:     #9
[    0.467745] .... node  #0, CPUs:    #10
[    0.473300] .... node  #1, CPUs:    #11
[    0.479047] .... node  #0, CPUs:    #12
[    0.484567] .... node  #1, CPUs:    #13
[    0.489934] .... node  #0, CPUs:    #14
[    0.495164] .... node  #1, CPUs:    #15
[    0.500500] .... node  #0, CPUs:    #16
[    0.505771] .... node  #1, CPUs:    #17
[    0.511105] .... node  #0, CPUs:    #18
[    0.516355] .... node  #1, CPUs:    #19
[    0.522019] .... node  #0, CPUs:    #20
[    0.527249] .... node  #1, CPUs:    #21
[    0.532882] .... node  #0, CPUs:    #22
[    0.538317] .... node  #1, CPUs:    #23
[    0.543743] .... node  #0, CPUs:    #24
[    0.549235] .... node  #1, CPUs:    #25
[    0.554576] .... node  #0, CPUs:    #26
[    0.559795] .... node  #1, CPUs:    #27
[    0.565127] .... node  #0, CPUs:    #28
[    0.570635] .... node  #1, CPUs:    #29
[    0.575956] .... node  #0, CPUs:    #30
[    0.581186] .... node  #1, CPUs:    #31
[    0.586688] .... node  #0, CPUs:    #32
[    0.591978] .... node  #1, CPUs:    #33
[    0.597377] .... node  #0, CPUs:    #34
[    0.602819] .... node  #1, CPUs:    #35
[    0.608145] .... node  #0, CPUs:    #36
[    0.613353] .... node  #1, CPUs:    #37
[    0.618687] .... node  #0, CPUs:    #38
[    0.624247] .... node  #1, CPUs:    #39
[    0.629790] .... node  #0, CPUs:    #40
[    0.635400] .... node  #1, CPUs:    #41
[    0.641169] .... node  #0, CPUs:    #42
[    0.646487] .... node  #1, CPUs:    #43
[    0.652157] .... node  #0, CPUs:    #44
[    0.657522] .... node  #1, CPUs:    #45
[    0.662998] .... node  #0, CPUs:    #46
[    0.668539] .... node  #1, CPUs:    #47
[    0.673999] .... node  #0, CPUs:    #48
[    0.679337] .... node  #1, CPUs:    #49
[    0.684777] .... node  #0, CPUs:    #50
[    0.690271] .... node  #1, CPUs:    #51
[    0.695929] .... node  #0, CPUs:    #52
[    0.701402] .... node  #1, CPUs:    #53
[    0.707008] .... node  #0, CPUs:    #54
[    0.712714] .... node  #1, CPUs:    #55
[    0.718530] .... node  #0, CPUs:    #56
[    0.724662] .... node  #1, CPUs:    #57
[    0.730574] .... node  #0, CPUs:    #58
[    0.735990] .... node  #1, CPUs:    #59
[    0.741447] .... node  #0, CPUs:    #60
[    0.746835] .... node  #1, CPUs:    #61
[    0.752256] .... node  #0, CPUs:    #62
[    0.757864] .... node  #1, CPUs:    #63
[    0.763694] .... node  #0, CPUs:    #64
[    0.768790] .... node  #1, CPUs:    #65
[    0.774549] .... node  #0, CPUs:    #66
[    0.780285] .... node  #1, CPUs:    #67
[    0.786062] .... node  #0, CPUs:    #68
[    0.791792] .... node  #1, CPUs:    #69
[    0.796995] .... node  #0, CPUs:    #70
[    0.802252] .... node  #1, CPUs:    #71
[    0.807754] .... node  #0, CPUs:    #72
[    0.812897] .... node  #1, CPUs:    #73
[    0.818255] .... node  #0, CPUs:    #74
[    0.823798] .... node  #1, CPUs:    #75
[    0.829233] .... node  #0, CPUs:    #76
[    0.834491] .... node  #1, CPUs:    #77
[    0.840145] .... node  #0, CPUs:    #78
[    0.845596] .... node  #1, CPUs:    #79
[    0.850909] .... node  #0, CPUs:    #80
[    0.856558] .... node  #1, CPUs:    #81
[    0.861928] .... node  #0, CPUs:    #82
[    0.867166] .... node  #1, CPUs:    #83
[    0.872511] .... node  #0, CPUs:    #84
[    0.878042] .... node  #1, CPUs:    #85
[    0.883375] .... node  #0, CPUs:    #86
[    0.888617] .... node  #1, CPUs:    #87
[    0.894138] .... node  #0, CPUs:    #88
[    0.899721] .... node  #1, CPUs:    #89
[    0.904880] .... node  #0, CPUs:    #90
[    0.910334] .... node  #1, CPUs:    #91
[    0.915747] .... node  #0, CPUs:    #92
[    0.920923] .... node  #1, CPUs:    #93
[    0.926280] .... node  #0, CPUs:    #94
[    0.931872] .... node  #1, CPUs:    #95
[    0.937424] .... node  #0, CPUs:    #96
[    0.943048] .... node  #1, CPUs:    #97
[    0.948831] .... node  #0, CPUs:    #98
[    0.954162] .... node  #1, CPUs:    #99
[    0.959853] .... node  #0, CPUs:   #100
[    0.965231] .... node  #1, CPUs:   #101
[    0.970741] .... node  #0, CPUs:   #102
[    0.976301] .... node  #1, CPUs:   #103
[    0.981780] .... node  #0, CPUs:   #104
[    0.987138] .... node  #1, CPUs:   #105
[    0.992601] .... node  #0, CPUs:   #106
[    0.998115] .... node  #1, CPUs:   #107
[    1.003797] .... node  #0, CPUs:   #108
[    1.009274] .... node  #1, CPUs:   #109
[    1.014906] .... node  #0, CPUs:   #110
[    1.020634] .... node  #1, CPUs:   #111
[    1.026476] smp: Brought up 2 nodes, 112 CPUs
[    1.026476] smpboot: Max logical packages: 2
[    1.026476] smpboot: Total of 112 processors activated (448075.65 BogoMIPS)
[    1.031049] devtmpfs: initialized
[    1.031049] x86/mm: Memory block size: 2048MB
[    1.031654] ACPI: PM: Registering ACPI NVS region [mem 0x49e77000-0x4ae76fff] (16777216 bytes)
[    1.031827] ACPI: PM: Registering ACPI NVS region [mem 0x6e3ff000-0x6f3fefff] (16777216 bytes)
[    1.032090] clocksource: jiffies: mask: 0xffffffff max_cycles: 0xffffffff, max_idle_ns: 7645041785100000 ns
[    1.032399] futex hash table entries: 32768 (order: 9, 2097152 bytes, vmalloc)
[    1.032654] pinctrl core: initialized pinctrl subsystem
[    1.032829] PM: RTC time: 08:13:33, date: 2024-06-20
[    1.033032] NET: Registered PF_NETLINK/PF_ROUTE protocol family
[    1.033808] DMA: preallocated 4096 KiB GFP_KERNEL pool for atomic allocations
[    1.034321] DMA: preallocated 4096 KiB GFP_KERNEL|GFP_DMA pool for atomic allocations
[    1.034829] DMA: preallocated 4096 KiB GFP_KERNEL|GFP_DMA32 pool for atomic allocations
[    1.034837] audit: initializing netlink subsys (disabled)
[    1.034845] audit: type=2000 audit(1718871212.752:1): state=initialized audit_enabled=0 res=1
[    1.034845] thermal_sys: Registered thermal governor 'fair_share'
[    1.034845] thermal_sys: Registered thermal governor 'bang_bang'
[    1.034845] thermal_sys: Registered thermal governor 'step_wise'
[    1.034845] thermal_sys: Registered thermal governor 'user_space'
[    1.034845] EISA bus registered
[    1.034845] cpuidle: using governor ladder
[    1.034845] cpuidle: using governor menu
[    1.035676] ACPI FADT declares the system doesn't support PCIe ASPM, so disable it
[    1.035678] ACPI: bus type PCI registered
[    1.035679] acpiphp: ACPI Hot Plug PCI Controller Driver version: 0.5
[    1.035788] PCI: MMCONFIG for domain 0000 [bus 00-ff] at [mem 0x80000000-0x8fffffff] (base 0x80000000)
[    1.035793] PCI: MMCONFIG at [mem 0x80000000-0x8fffffff] reserved in E820
[    1.035799] pmd_set_huge: Cannot satisfy [mem 0x80000000-0x80200000] with a huge-page mapping due to MTRR override.
[    1.036010] PCI: Using configuration type 1 for base access
[    1.036019] PCI: Dell System detected, enabling pci=bfsort.
[    1.038157] ENERGY_PERF_BIAS: Set to 'normal', was 'performance'
[    1.040752] Kprobes globally optimized
[    1.040757] HugeTLB registered 1.00 GiB page size, pre-allocated 0 pages
[    1.040757] HugeTLB registered 2.00 MiB page size, pre-allocated 0 pages
[    1.043761] ACPI: Added _OSI(Module Device)
[    1.043762] ACPI: Added _OSI(Processor Device)
[    1.043763] ACPI: Added _OSI(3.0 _SCP Extensions)
[    1.043764] ACPI: Added _OSI(Processor Aggregator Device)
[    1.043766] ACPI: Added _OSI(Linux-Dell-Video)
[    1.043766] ACPI: Added _OSI(Linux-Lenovo-NV-HDMI-Audio)
[    1.043767] ACPI: Added _OSI(Linux-HPI-Hybrid-Graphics)
[    1.211383] ACPI: 8 ACPI AML tables successfully acquired and loaded
[    1.216931] ACPI: [Firmware Bug]: BIOS _OSI(Linux) query ignored
[    1.224998] ACPI: Dynamic OEM Table Load:
[    1.622973] ACPI: Interpreter enabled
[    1.622994] ACPI: PM: (supports S0 S5)
[    1.622996] ACPI: Using IOAPIC for interrupt routing
[    1.623079] HEST: Table parsing has been initialized.
[    1.623081] PCI: Using host bridge windows from ACPI; if necessary, use "pci=nocrs" and report a bug
[    1.651420] ACPI: Enabled 4 GPEs in block 00 to 7F
[    1.768801] ACPI: PCI Root Bridge [PC00] (domain 0000 [bus 00-15])
[    1.768807] acpi PNP0A08:00: _OSC: OS supports [ExtendedConfig ASPM ClockPM Segments MSI HPX-Type3]
[    1.835037] acpi PNP0A08:00: _OSC: platform does not support [SHPCHotplug AER LTR]
[    1.835255] acpi PNP0A08:00: _OSC: OS now controls [PCIeHotplug PME PCIeCapability]
[    1.835257] acpi PNP0A08:00: FADT indicates ASPM is unsupported, using BIOS configuration
[    1.837074] PCI host bridge to bus 0000:00
[    1.837076] pci_bus 0000:00: root bus resource [io  0x0000-0x0cf7 window]
[    1.837078] pci_bus 0000:00: root bus resource [io  0x1000-0x4fff window]
[    1.837079] pci_bus 0000:00: root bus resource [mem 0x000a0000-0x000bffff window]
[    1.837081] pci_bus 0000:00: root bus resource [mem 0x000c8000-0x000cffff window]
[    1.837082] pci_bus 0000:00: root bus resource [mem 0xfe010000-0xfe010fff window]
[    1.837083] pci_bus 0000:00: root bus resource [mem 0x90000000-0x9b7fffff window]
[    1.837084] pci_bus 0000:00: root bus resource [mem 0x200000000000-0x20ffffffffff window]
[    1.837085] pci_bus 0000:00: root bus resource [bus 00-15]
[    1.838438] pci 0000:00:00.0: [8086:09a2] type 00 class 0x088000
[    1.839205] pci 0000:00:00.1: [8086:09a4] type 00 class 0x088000
[    1.840612] pci 0000:00:00.2: [8086:09a3] type 00 class 0x088000
[    1.842014] pci 0000:00:00.4: [8086:0998] type 00 class 0x060000
[    1.844086] pci 0000:00:02.0: [8086:09a6] type 00 class 0x088000
[    1.844094] pci 0000:00:02.0: reg 0x10: [mem 0x92dfc000-0x92dfdfff]
[    1.845503] pci 0000:00:02.1: [8086:09a7] type 00 class 0x088000
[    1.845511] pci 0000:00:02.1: reg 0x10: [mem 0x92d00000-0x92d7ffff]
[    1.845517] pci 0000:00:02.1: reg 0x14: [mem 0x92c80000-0x92cfffff]
[    1.846920] pci 0000:00:02.4: [8086:3456] type 00 class 0x130000
[    1.846930] pci 0000:00:02.4: reg 0x10: [mem 0x92a00000-0x92afffff 64bit]
[    1.846937] pci 0000:00:02.4: reg 0x18: [mem 0x92df0000-0x92df3fff 64bit]
[    1.846943] pci 0000:00:02.4: reg 0x20: [mem 0x92dc0000-0x92ddffff 64bit]
[    1.848364] pci 0000:00:11.0: [8086:a1ec] type 00 class 0xff0000
[    1.848367] pci 0000:00:11.0: device has non-compliant BARs; disabling IO/MEM decoding
[    1.849794] pci 0000:00:11.5: [8086:a1d2] type 00 class 0x010601
[    1.849807] pci 0000:00:11.5: reg 0x10: [mem 0x92dfa000-0x92dfbfff]
[    1.849815] pci 0000:00:11.5: reg 0x14: [mem 0x92e05000-0x92e050ff]
[    1.849822] pci 0000:00:11.5: reg 0x18: [io  0x2068-0x206f]
[    1.849830] pci 0000:00:11.5: reg 0x1c: [io  0x2074-0x2077]
[    1.849837] pci 0000:00:11.5: reg 0x20: [io  0x2040-0x205f]
[    1.849844] pci 0000:00:11.5: reg 0x24: [mem 0x92b80000-0x92bfffff]
[    1.849881] pci 0000:00:11.5: PME# supported from D3hot
[    1.851424] pci 0000:00:14.0: [8086:a1af] type 00 class 0x0c0330
[    1.851441] pci 0000:00:14.0: reg 0x10: [mem 0x92de0000-0x92deffff 64bit]
[    1.851504] pci 0000:00:14.0: PME# supported from D3hot D3cold
[    1.853069] pci 0000:00:14.2: [8086:a1b1] type 00 class 0x118000
[    1.853086] pci 0000:00:14.2: reg 0x10: [mem 0x92e02000-0x92e02fff 64bit]
[    1.854544] pci 0000:00:16.0: [8086:a1ba] type 00 class 0x078000
[    1.854568] pci 0000:00:16.0: reg 0x10: [mem 0x92e01000-0x92e01fff 64bit]
[    1.854651] pci 0000:00:16.0: PME# supported from D3hot
[    1.856049] pci 0000:00:16.1: [8086:a1bb] type 00 class 0x078000
[    1.856072] pci 0000:00:16.1: reg 0x10: [mem 0x92e00000-0x92e00fff 64bit]
[    1.856156] pci 0000:00:16.1: PME# supported from D3hot
[    1.857554] pci 0000:00:16.4: [8086:a1be] type 00 class 0x078000
[    1.857578] pci 0000:00:16.4: reg 0x10: [mem 0x92dff000-0x92dfffff 64bit]
[    1.857661] pci 0000:00:16.4: PME# supported from D3hot
[    1.859063] pci 0000:00:17.0: [8086:a182] type 00 class 0x010601
[    1.859076] pci 0000:00:17.0: reg 0x10: [mem 0x92df8000-0x92df9fff]
[    1.859083] pci 0000:00:17.0: reg 0x14: [mem 0x92e04000-0x92e040ff]
[    1.859090] pci 0000:00:17.0: reg 0x18: [io  0x2060-0x2067]
[    1.859098] pci 0000:00:17.0: reg 0x1c: [io  0x2070-0x2073]
[    1.859105] pci 0000:00:17.0: reg 0x20: [io  0x2020-0x203f]
[    1.859112] pci 0000:00:17.0: reg 0x24: [mem 0x92b00000-0x92b7ffff]
[    1.859148] pci 0000:00:17.0: PME# supported from D3hot
[    1.860693] pci 0000:00:1c.0: [8086:a190] type 01 class 0x060400
[    1.860767] pci 0000:00:1c.0: PME# supported from D0 D3hot D3cold
[    1.862745] pci 0000:00:1c.4: [8086:a194] type 01 class 0x060400
[    1.862814] pci 0000:00:1c.4: PME# supported from D0 D3hot D3cold
[    1.864761] pci 0000:00:1c.5: [8086:a195] type 01 class 0x060400
[    1.864831] pci 0000:00:1c.5: PME# supported from D0 D3hot D3cold
[    1.866785] pci 0000:00:1f.0: [8086:a1cb] type 00 class 0x060100
[    1.868420] pci 0000:00:1f.2: [8086:a1a1] type 00 class 0x058000
[    1.868435] pci 0000:00:1f.2: reg 0x10: [mem 0x92df4000-0x92df7fff]
[    1.870010] pci 0000:00:1f.4: [8086:a1a3] type 00 class 0x0c0500
[    1.870029] pci 0000:00:1f.4: reg 0x10: [mem 0x92dfe000-0x92dfe0ff 64bit]
[    1.870052] pci 0000:00:1f.4: reg 0x20: [io  0x2000-0x201f]
[    1.871453] pci 0000:00:1f.5: [8086:a1a4] type 00 class 0x0c8000
[    1.871469] pci 0000:00:1f.5: reg 0x10: [mem 0xfe010000-0xfe010fff]
[    1.871591] pci 0000:00:1c.0: PCI bridge to [bus 01]
[    1.871646] pci 0000:02:00.0: [1556:be00] type 01 class 0x060400
[    1.871819] pci 0000:00:1c.4: PCI bridge to [bus 02-03]
[    1.871823] pci 0000:00:1c.4:   bridge window [mem 0x92000000-0x928fffff]
[    1.871827] pci 0000:00:1c.4:   bridge window [mem 0x91000000-0x91ffffff 64bit pref]
[    1.871860] pci_bus 0000:03: extended config space not accessible
[    1.871877] pci 0000:03:00.0: [102b:0536] type 00 class 0x030000
[    1.871896] pci 0000:03:00.0: reg 0x10: [mem 0x91000000-0x91ffffff pref]
[    1.871907] pci 0000:03:00.0: reg 0x14: [mem 0x92808000-0x9280bfff]
[    1.871918] pci 0000:03:00.0: reg 0x18: [mem 0x92000000-0x927fffff]
[    1.871965] pci 0000:03:00.0: BAR 0: assigned to efifb
[    1.872064] pci 0000:02:00.0: PCI bridge to [bus 03]
[    1.872073] pci 0000:02:00.0:   bridge window [mem 0x92000000-0x928fffff]
[    1.872079] pci 0000:02:00.0:   bridge window [mem 0x91000000-0x91ffffff 64bit pref]
[    1.872155] pci 0000:04:00.0: [14e4:165f] type 00 class 0x020000
[    1.872179] pci 0000:04:00.0: reg 0x10: [mem 0x92930000-0x9293ffff 64bit pref]
[    1.872194] pci 0000:04:00.0: reg 0x18: [mem 0x92940000-0x9294ffff 64bit pref]
[    1.872210] pci 0000:04:00.0: reg 0x20: [mem 0x92950000-0x9295ffff 64bit pref]
[    1.872221] pci 0000:04:00.0: reg 0x30: [mem 0xfffc0000-0xffffffff pref]
[    1.872315] pci 0000:04:00.0: PME# supported from D0 D3hot D3cold
[    1.872367] pci 0000:04:00.0: 4.000 Gb/s available PCIe bandwidth, limited by 5.0 GT/s PCIe x1 link at 0000:00:1c.5 (capable of 8.000 Gb/s with 5.0 GT/s PCIe x2 link)
[    1.872909] pci 0000:04:00.1: [14e4:165f] type 00 class 0x020000
[    1.872933] pci 0000:04:00.1: reg 0x10: [mem 0x92900000-0x9290ffff 64bit pref]
[    1.872949] pci 0000:04:00.1: reg 0x18: [mem 0x92910000-0x9291ffff 64bit pref]
[    1.872965] pci 0000:04:00.1: reg 0x20: [mem 0x92920000-0x9292ffff 64bit pref]
[    1.872975] pci 0000:04:00.1: reg 0x30: [mem 0xfffc0000-0xffffffff pref]
[    1.873069] pci 0000:04:00.1: PME# supported from D0 D3hot D3cold
[    1.873617] pci 0000:00:1c.5: PCI bridge to [bus 04]
[    1.873625] pci 0000:00:1c.5:   bridge window [mem 0x92900000-0x929fffff 64bit pref]
[    1.873639] pci_bus 0000:00: on NUMA node 0
[    1.874205] ACPI: PCI Root Bridge [PC01] (domain 0000 [bus 16-2f])
[    1.874209] acpi PNP0A08:01: _OSC: OS supports [ExtendedConfig ASPM ClockPM Segments MSI HPX-Type3]
[    1.888455] acpi PNP0A08:01: _OSC: platform does not support [SHPCHotplug AER]
[    1.888676] acpi PNP0A08:01: _OSC: OS now controls [PCIeHotplug PME PCIeCapability LTR]
[    1.888678] acpi PNP0A08:01: FADT indicates ASPM is unsupported, using BIOS configuration
[    1.888819] PCI host bridge to bus 0000:16
[    1.888821] pci_bus 0000:16: root bus resource [io  0x5000-0x6fff window]
[    1.888822] pci_bus 0000:16: root bus resource [mem 0x9b800000-0xa63fffff window]
[    1.888824] pci_bus 0000:16: root bus resource [mem 0x210000000000-0x21ffffffffff window]
[    1.888825] pci_bus 0000:16: root bus resource [bus 16-2f]
[    1.888840] pci 0000:16:00.0: [8086:09a2] type 00 class 0x088000
[    1.888920] pci 0000:16:00.1: [8086:09a4] type 00 class 0x088000
[    1.888991] pci 0000:16:00.2: [8086:09a3] type 00 class 0x088000
[    1.889061] pci 0000:16:00.4: [8086:0998] type 00 class 0x060000
[    1.889137] pci 0000:16:02.0: [8086:347a] type 01 class 0x060400
[    1.889147] pci 0000:16:02.0: reg 0x10: [mem 0x21fffff00000-0x21fffff1ffff 64bit]
[    1.889185] pci 0000:16:02.0: PME# supported from D0 D3hot D3cold
[    1.890089] pci 0000:17:00.0: [1000:10e2] type 00 class 0x010400
[    1.890102] pci 0000:17:00.0: reg 0x10: [mem 0x9b800000-0x9b8fffff 64bit pref]
[    1.890110] pci 0000:17:00.0: reg 0x18: [mem 0x9b900000-0x9b9fffff 64bit pref]
[    1.890116] pci 0000:17:00.0: reg 0x20: [mem 0x9ba00000-0x9bafffff]
[    1.890122] pci 0000:17:00.0: reg 0x24: [io  0x5000-0x50ff]
[    1.890128] pci 0000:17:00.0: reg 0x30: [mem 0xfff00000-0xffffffff pref]
[    1.891185] pci 0000:17:00.0: supports D1 D2
[    1.891250] pci 0000:16:02.0: PCI bridge to [bus 17]
[    1.891252] pci 0000:16:02.0:   bridge window [io  0x5000-0x5fff]
[    1.891254] pci 0000:16:02.0:   bridge window [mem 0x9ba00000-0x9bafffff]
[    1.891257] pci 0000:16:02.0:   bridge window [mem 0x9b800000-0x9b9fffff 64bit pref]
[    1.891263] pci_bus 0000:16: on NUMA node 0
[    1.891339] ACPI: PCI Root Bridge [PC02] (domain 0000 [bus 30-49])
[    1.891343] acpi PNP0A08:02: _OSC: OS supports [ExtendedConfig ASPM ClockPM Segments MSI HPX-Type3]
[    1.905043] acpi PNP0A08:02: _OSC: platform does not support [SHPCHotplug AER]
[    1.905246] acpi PNP0A08:02: _OSC: OS now controls [PCIeHotplug PME PCIeCapability LTR]
[    1.905248] acpi PNP0A08:02: FADT indicates ASPM is unsupported, using BIOS configuration
[    1.905363] PCI host bridge to bus 0000:30
[    1.905365] pci_bus 0000:30: root bus resource [io  0x7000-0x8fff window]
[    1.905367] pci_bus 0000:30: root bus resource [mem 0xa6400000-0xb0ffffff window]
[    1.905368] pci_bus 0000:30: root bus resource [mem 0x220000000000-0x22ffffffffff window]
[    1.905369] pci_bus 0000:30: root bus resource [bus 30-49]
[    1.905384] pci 0000:30:00.0: [8086:09a2] type 00 class 0x088000
[    1.905457] pci 0000:30:00.1: [8086:09a4] type 00 class 0x088000
[    1.905531] pci 0000:30:00.2: [8086:09a3] type 00 class 0x088000
[    1.905600] pci 0000:30:00.4: [8086:0998] type 00 class 0x060000
[    1.905670] pci_bus 0000:30: on NUMA node 0
[    1.905770] ACPI: PCI Root Bridge [PC04] (domain 0000 [bus 4a-63])
[    1.905773] acpi PNP0A08:04: _OSC: OS supports [ExtendedConfig ASPM ClockPM Segments MSI HPX-Type3]
[    1.919468] acpi PNP0A08:04: _OSC: platform does not support [SHPCHotplug AER]
[    1.919671] acpi PNP0A08:04: _OSC: OS now controls [PCIeHotplug PME PCIeCapability LTR]
[    1.919672] acpi PNP0A08:04: FADT indicates ASPM is unsupported, using BIOS configuration
[    1.919786] PCI host bridge to bus 0000:4a
[    1.919787] pci_bus 0000:4a: root bus resource [io  0x9000-0x9fff window]
[    1.919789] pci_bus 0000:4a: root bus resource [mem 0xb1000000-0xbbbfffff window]
[    1.919790] pci_bus 0000:4a: root bus resource [mem 0x230000000000-0x23ffffffffff window]
[    1.919791] pci_bus 0000:4a: root bus resource [bus 4a-63]
[    1.919805] pci 0000:4a:00.0: [8086:09a2] type 00 class 0x088000
[    1.919876] pci 0000:4a:00.1: [8086:09a4] type 00 class 0x088000
[    1.919945] pci 0000:4a:00.2: [8086:09a3] type 00 class 0x088000
[    1.920014] pci 0000:4a:00.4: [8086:0998] type 00 class 0x060000
[    1.920083] pci_bus 0000:4a: on NUMA node 0
[    1.920154] ACPI: PCI Root Bridge [PC05] (domain 0000 [bus 64-7d])
[    1.920157] acpi PNP0A08:05: _OSC: OS supports [ExtendedConfig ASPM ClockPM Segments MSI HPX-Type3]
[    1.933865] acpi PNP0A08:05: _OSC: platform does not support [SHPCHotplug AER]
[    1.934068] acpi PNP0A08:05: _OSC: OS now controls [PCIeHotplug PME PCIeCapability LTR]
[    1.934070] acpi PNP0A08:05: FADT indicates ASPM is unsupported, using BIOS configuration
[    1.934180] PCI host bridge to bus 0000:64
[    1.934181] pci_bus 0000:64: root bus resource [io  0xa000-0xafff window]
[    1.934182] pci_bus 0000:64: root bus resource [mem 0xbbc00000-0xc5ffffff window]
[    1.934184] pci_bus 0000:64: root bus resource [mem 0x240000000000-0x24ffffffffff window]
[    1.934185] pci_bus 0000:64: root bus resource [bus 64-7d]
[    1.934198] pci 0000:64:00.0: [8086:09a2] type 00 class 0x088000
[    1.934269] pci 0000:64:00.1: [8086:09a4] type 00 class 0x088000
[    1.934344] pci 0000:64:00.2: [8086:09a3] type 00 class 0x088000
[    1.934413] pci 0000:64:00.4: [8086:0998] type 00 class 0x060000
[    1.934485] pci_bus 0000:64: on NUMA node 0
[    1.934552] ACPI: PCI Root Bridge [UC06] (domain 0000 [bus 7e])
[    1.934555] acpi PNP0A03:00: _OSC: OS supports [ExtendedConfig ASPM ClockPM Segments MSI HPX-Type3]
[    1.934720] acpi PNP0A03:00: _OSC: platform does not support [SHPCHotplug AER LTR]
[    1.934892] acpi PNP0A03:00: _OSC: OS now controls [PCIeHotplug PME PCIeCapability]
[    1.934893] acpi PNP0A03:00: FADT indicates ASPM is unsupported, using BIOS configuration
[    1.935018] PCI host bridge to bus 0000:7e
[    1.935019] pci_bus 0000:7e: root bus resource [bus 7e]
[    1.935053] pci 0000:7e:00.0: [8086:3450] type 00 class 0x088000
[    1.935135] pci 0000:7e:00.1: [8086:3451] type 00 class 0x088000
[    1.935226] pci 0000:7e:00.2: [8086:3452] type 00 class 0x088000
[    1.935306] pci 0000:7e:00.3: [8086:0998] type 00 class 0x060000
[    1.935385] pci 0000:7e:00.5: [8086:3455] type 00 class 0x088000
[    1.935485] pci 0000:7e:02.0: [8086:3440] type 00 class 0x088000
[    1.935627] pci 0000:7e:02.1: [8086:3441] type 00 class 0x088000
[    1.935759] pci 0000:7e:02.2: [8086:3442] type 00 class 0x088000
[    1.935902] pci 0000:7e:03.0: [8086:3440] type 00 class 0x088000
[    1.936004] pci 0000:7e:03.1: [8086:3441] type 00 class 0x088000
[    1.936102] pci 0000:7e:03.2: [8086:3442] type 00 class 0x088000
[    1.936207] pci 0000:7e:04.0: [8086:3440] type 00 class 0x088000
[    1.936349] pci 0000:7e:04.1: [8086:3441] type 00 class 0x088000
[    1.936489] pci 0000:7e:04.2: [8086:3442] type 00 class 0x088000
[    1.936633] pci 0000:7e:04.3: [8086:3443] type 00 class 0x088000
[    1.936787] pci 0000:7e:05.0: [8086:3445] type 00 class 0x088000
[    1.936923] pci 0000:7e:05.1: [8086:3446] type 00 class 0x088000
[    1.937059] pci 0000:7e:05.2: [8086:3447] type 00 class 0x088000
[    1.937204] pci 0000:7e:06.0: [8086:3445] type 00 class 0x088000
[    1.937307] pci 0000:7e:06.1: [8086:3446] type 00 class 0x088000
[    1.937407] pci 0000:7e:06.2: [8086:3447] type 00 class 0x088000
[    1.937529] pci 0000:7e:07.0: [8086:3445] type 00 class 0x088000
[    1.937679] pci 0000:7e:07.1: [8086:3446] type 00 class 0x088000
[    1.937824] pci 0000:7e:07.2: [8086:3447] type 00 class 0x088000
[    1.937976] pci 0000:7e:0b.0: [8086:3448] type 00 class 0x088000
[    1.938064] pci 0000:7e:0b.1: [8086:3448] type 00 class 0x088000
[    1.938151] pci 0000:7e:0b.2: [8086:344b] type 00 class 0x088000
[    1.938256] pci 0000:7e:0c.0: [8086:344a] type 00 class 0x110100
[    1.938380] pci 0000:7e:0d.0: [8086:344a] type 00 class 0x110100
[    1.938490] pci 0000:7e:0e.0: [8086:344a] type 00 class 0x110100
[    1.938664] pci 0000:7e:0f.0: [8086:344a] type 00 class 0x110100
[    1.938854] pci 0000:7e:1a.0: [8086:2880] type 00 class 0x110100
[    1.938977] pci 0000:7e:1b.0: [8086:2880] type 00 class 0x110100
[    1.939084] pci 0000:7e:1c.0: [8086:2880] type 00 class 0x110100
[    1.939257] pci 0000:7e:1d.0: [8086:2880] type 00 class 0x110100
[    1.939418] pci_bus 0000:7e: on NUMA node 0
[    1.939495] ACPI: PCI Root Bridge [UC07] (domain 0000 [bus 7f])
[    1.939498] acpi PNP0A03:01: _OSC: OS supports [ExtendedConfig ASPM ClockPM Segments MSI HPX-Type3]
[    1.939665] acpi PNP0A03:01: _OSC: platform does not support [SHPCHotplug AER LTR]
[    1.939836] acpi PNP0A03:01: _OSC: OS now controls [PCIeHotplug PME PCIeCapability]
[    1.939837] acpi PNP0A03:01: FADT indicates ASPM is unsupported, using BIOS configuration
[    1.939972] PCI host bridge to bus 0000:7f
[    1.939974] pci_bus 0000:7f: root bus resource [bus 7f]
[    1.940015] pci 0000:7f:00.0: [8086:344c] type 00 class 0x088000
[    1.940140] pci 0000:7f:00.1: [8086:344c] type 00 class 0x088000
[    1.940284] pci 0000:7f:00.2: [8086:344c] type 00 class 0x088000
[    1.940426] pci 0000:7f:00.3: [8086:344c] type 00 class 0x088000
[    1.940541] pci 0000:7f:00.4: [8086:344c] type 00 class 0x088000
[    1.940687] pci 0000:7f:00.5: [8086:344c] type 00 class 0x088000
[    1.940828] pci 0000:7f:00.6: [8086:344c] type 00 class 0x088000
[    1.940930] pci 0000:7f:00.7: [8086:344c] type 00 class 0x088000
[    1.941052] pci 0000:7f:01.0: [8086:344c] type 00 class 0x088000
[    1.941205] pci 0000:7f:01.1: [8086:344c] type 00 class 0x088000
[    1.941351] pci 0000:7f:01.2: [8086:344c] type 00 class 0x088000
[    1.941462] pci 0000:7f:01.3: [8086:344c] type 00 class 0x088000
[    1.941618] pci 0000:7f:01.4: [8086:344c] type 00 class 0x088000
[    1.941776] pci 0000:7f:01.5: [8086:344c] type 00 class 0x088000
[    1.941937] pci 0000:7f:01.6: [8086:344c] type 00 class 0x088000
[    1.942083] pci 0000:7f:01.7: [8086:344c] type 00 class 0x088000
[    1.942251] pci 0000:7f:02.0: [8086:344c] type 00 class 0x088000
[    1.942405] pci 0000:7f:02.1: [8086:344c] type 00 class 0x088000
[    1.942562] pci 0000:7f:02.2: [8086:344c] type 00 class 0x088000
[    1.942724] pci 0000:7f:02.3: [8086:344c] type 00 class 0x088000
[    1.942889] pci 0000:7f:02.4: [8086:344c] type 00 class 0x088000
[    1.943051] pci 0000:7f:02.5: [8086:344c] type 00 class 0x088000
[    1.943214] pci 0000:7f:02.6: [8086:344c] type 00 class 0x088000
[    1.943387] pci 0000:7f:02.7: [8086:344c] type 00 class 0x088000
[    1.943574] pci 0000:7f:03.0: [8086:344c] type 00 class 0x088000
[    1.943744] pci 0000:7f:03.1: [8086:344c] type 00 class 0x088000
[    1.943921] pci 0000:7f:03.2: [8086:344c] type 00 class 0x088000
[    1.944102] pci 0000:7f:03.3: [8086:344c] type 00 class 0x088000
[    1.944301] pci 0000:7f:0a.0: [8086:344d] type 00 class 0x088000
[    1.944424] pci 0000:7f:0a.1: [8086:344d] type 00 class 0x088000
[    1.944560] pci 0000:7f:0a.2: [8086:344d] type 00 class 0x088000
[    1.944697] pci 0000:7f:0a.3: [8086:344d] type 00 class 0x088000
[    1.944812] pci 0000:7f:0a.4: [8086:344d] type 00 class 0x088000
[    1.944958] pci 0000:7f:0a.5: [8086:344d] type 00 class 0x088000
[    1.945098] pci 0000:7f:0a.6: [8086:344d] type 00 class 0x088000
[    1.945205] pci 0000:7f:0a.7: [8086:344d] type 00 class 0x088000
[    1.945328] pci 0000:7f:0b.0: [8086:344d] type 00 class 0x088000
[    1.945485] pci 0000:7f:0b.1: [8086:344d] type 00 class 0x088000
[    1.945632] pci 0000:7f:0b.2: [8086:344d] type 00 class 0x088000
[    1.945736] pci 0000:7f:0b.3: [8086:344d] type 00 class 0x088000
[    1.945894] pci 0000:7f:0b.4: [8086:344d] type 00 class 0x088000
[    1.946052] pci 0000:7f:0b.5: [8086:344d] type 00 class 0x088000
[    1.946213] pci 0000:7f:0b.6: [8086:344d] type 00 class 0x088000
[    1.946365] pci 0000:7f:0b.7: [8086:344d] type 00 class 0x088000
[    1.946534] pci 0000:7f:0c.0: [8086:344d] type 00 class 0x088000
[    1.946688] pci 0000:7f:0c.1: [8086:344d] type 00 class 0x088000
[    1.946845] pci 0000:7f:0c.2: [8086:344d] type 00 class 0x088000
[    1.947003] pci 0000:7f:0c.3: [8086:344d] type 00 class 0x088000
[    1.947170] pci 0000:7f:0c.4: [8086:344d] type 00 class 0x088000
[    1.947333] pci 0000:7f:0c.5: [8086:344d] type 00 class 0x088000
[    1.947503] pci 0000:7f:0c.6: [8086:344d] type 00 class 0x088000
[    1.947682] pci 0000:7f:0c.7: [8086:344d] type 00 class 0x088000
[    1.947869] pci 0000:7f:0d.0: [8086:344d] type 00 class 0x088000
[    1.948038] pci 0000:7f:0d.1: [8086:344d] type 00 class 0x088000
[    1.948216] pci 0000:7f:0d.2: [8086:344d] type 00 class 0x088000
[    1.948392] pci 0000:7f:0d.3: [8086:344d] type 00 class 0x088000
[    1.948600] pci 0000:7f:1d.0: [8086:344f] type 00 class 0x088000
[    1.948732] pci 0000:7f:1d.1: [8086:3457] type 00 class 0x088000
[    1.948877] pci 0000:7f:1e.0: [8086:3458] type 00 class 0x088000
[    1.948971] pci 0000:7f:1e.1: [8086:3459] type 00 class 0x088000
[    1.949060] pci 0000:7f:1e.2: [8086:345a] type 00 class 0x088000
[    1.949148] pci 0000:7f:1e.3: [8086:345b] type 00 class 0x088000
[    1.949236] pci 0000:7f:1e.4: [8086:345c] type 00 class 0x088000
[    1.949324] pci 0000:7f:1e.5: [8086:345d] type 00 class 0x088000
[    1.949411] pci 0000:7f:1e.6: [8086:345e] type 00 class 0x088000
[    1.949498] pci 0000:7f:1e.7: [8086:345f] type 00 class 0x088000
[    1.949573] pci_bus 0000:7f: on NUMA node 0
[    1.949668] ACPI: PCI Root Bridge [PC06] (domain 0000 [bus 80])
[    1.949670] acpi PNP0A08:06: _OSC: OS supports [ExtendedConfig ASPM ClockPM Segments MSI HPX-Type3]
[    1.963400] acpi PNP0A08:06: _OSC: platform does not support [SHPCHotplug AER]
[    1.963607] acpi PNP0A08:06: _OSC: OS now controls [PCIeHotplug PME PCIeCapability LTR]
[    1.963608] acpi PNP0A08:06: FADT indicates ASPM is unsupported, using BIOS configuration
[    1.963748] PCI host bridge to bus 0000:80
[    1.963749] pci_bus 0000:80: root bus resource [io  0xb000-0xbfff window]
[    1.963750] pci_bus 0000:80: root bus resource [mem 0xc6800000-0xd0ffffff window]
[    1.963751] pci_bus 0000:80: root bus resource [mem 0x250000000000-0x25ffffffffff window]
[    1.963753] pci_bus 0000:80: root bus resource [bus 80]
[    1.963784] pci 0000:80:00.0: [8086:09a2] type 00 class 0x088000
[    1.963879] pci 0000:80:00.1: [8086:09a4] type 00 class 0x088000
[    1.963968] pci 0000:80:00.2: [8086:09a3] type 00 class 0x088000
[    1.964058] pci 0000:80:00.4: [8086:0998] type 00 class 0x060000
[    1.964147] pci 0000:80:02.0: [8086:09a6] type 00 class 0x088000
[    1.964155] pci 0000:80:02.0: reg 0x10: [mem 0xc6aa4000-0xc6aa5fff]
[    1.964234] pci 0000:80:02.1: [8086:09a7] type 00 class 0x088000
[    1.964243] pci 0000:80:02.1: reg 0x10: [mem 0xc6a00000-0xc6a7ffff]
[    1.964249] pci 0000:80:02.1: reg 0x14: [mem 0xc6980000-0xc69fffff]
[    1.964336] pci 0000:80:02.4: [8086:3456] type 00 class 0x130000
[    1.964346] pci 0000:80:02.4: reg 0x10: [mem 0xc6800000-0xc68fffff 64bit]
[    1.964353] pci 0000:80:02.4: reg 0x18: [mem 0xc6aa0000-0xc6aa3fff 64bit]
[    1.964361] pci 0000:80:02.4: reg 0x20: [mem 0xc6a80000-0xc6a9ffff 64bit]
[    1.964422] pci_bus 0000:80: on NUMA node 1
[    1.964498] ACPI: PCI Root Bridge [PC07] (domain 0000 [bus 81])
[    1.964500] acpi PNP0A08:07: _OSC: OS supports [ExtendedConfig ASPM ClockPM Segments MSI HPX-Type3]
[    1.978187] acpi PNP0A08:07: _OSC: platform does not support [SHPCHotplug AER]
[    1.978390] acpi PNP0A08:07: _OSC: OS now controls [PCIeHotplug PME PCIeCapability LTR]
[    1.978391] acpi PNP0A08:07: FADT indicates ASPM is unsupported, using BIOS configuration
[    1.978503] PCI host bridge to bus 0000:81
[    1.978504] pci_bus 0000:81: root bus resource [io  0xc000-0xcfff window]
[    1.978505] pci_bus 0000:81: root bus resource [mem 0xd1000000-0xdbbfffff window]
[    1.978506] pci_bus 0000:81: root bus resource [mem 0x260000000000-0x26ffffffffff window]
[    1.978508] pci_bus 0000:81: root bus resource [bus 81]
[    1.978522] pci 0000:81:00.0: [8086:09a2] type 00 class 0x088000
[    1.978598] pci 0000:81:00.1: [8086:09a4] type 00 class 0x088000
[    1.978680] pci 0000:81:00.2: [8086:09a3] type 00 class 0x088000
[    1.978755] pci 0000:81:00.4: [8086:0998] type 00 class 0x060000
[    1.978842] pci_bus 0000:81: on NUMA node 1
[    1.978912] ACPI: PCI Root Bridge [PC08] (domain 0000 [bus 82])
[    1.978915] acpi PNP0A08:08: _OSC: OS supports [ExtendedConfig ASPM ClockPM Segments MSI HPX-Type3]
[    1.992701] acpi PNP0A08:08: _OSC: platform does not support [SHPCHotplug AER]
[    1.992904] acpi PNP0A08:08: _OSC: OS now controls [PCIeHotplug PME PCIeCapability LTR]
[    1.992905] acpi PNP0A08:08: FADT indicates ASPM is unsupported, using BIOS configuration
[    1.993015] PCI host bridge to bus 0000:82
[    1.993016] pci_bus 0000:82: root bus resource [io  0xd000-0xdfff window]
[    1.993017] pci_bus 0000:82: root bus resource [mem 0xdbc00000-0xe67fffff window]
[    1.993019] pci_bus 0000:82: root bus resource [mem 0x270000000000-0x27ffffffffff window]
[    1.993020] pci_bus 0000:82: root bus resource [bus 82]
[    1.993034] pci 0000:82:00.0: [8086:09a2] type 00 class 0x088000
[    1.993110] pci 0000:82:00.1: [8086:09a4] type 00 class 0x088000
[    1.993184] pci 0000:82:00.2: [8086:09a3] type 00 class 0x088000
[    1.993259] pci 0000:82:00.4: [8086:0998] type 00 class 0x060000
[    1.993338] pci_bus 0000:82: on NUMA node 1
[    1.993434] ACPI: PCI Root Bridge [PC10] (domain 0000 [bus 83-f9])
[    1.993437] acpi PNP0A08:0a: _OSC: OS supports [ExtendedConfig ASPM ClockPM Segments MSI HPX-Type3]
[    2.007153] acpi PNP0A08:0a: _OSC: platform does not support [SHPCHotplug AER]
[    2.007355] acpi PNP0A08:0a: _OSC: OS now controls [PCIeHotplug PME PCIeCapability LTR]
[    2.007356] acpi PNP0A08:0a: FADT indicates ASPM is unsupported, using BIOS configuration
[    2.007478] PCI host bridge to bus 0000:83
[    2.007479] pci_bus 0000:83: root bus resource [io  0xe000-0xefff window]
[    2.007481] pci_bus 0000:83: root bus resource [mem 0xe6800000-0xf13fffff window]
[    2.007482] pci_bus 0000:83: root bus resource [mem 0x280000000000-0x28ffffffffff window]
[    2.007484] pci_bus 0000:83: root bus resource [bus 83-f9]
[    2.007498] pci 0000:83:00.0: [8086:09a2] type 00 class 0x088000
[    2.007578] pci 0000:83:00.1: [8086:09a4] type 00 class 0x088000
[    2.007659] pci 0000:83:00.2: [8086:09a3] type 00 class 0x088000
[    2.007737] pci 0000:83:00.4: [8086:0998] type 00 class 0x060000
[    2.007819] pci_bus 0000:83: on NUMA node 1
[    2.007889] ACPI: PCI Root Bridge [PC11] (domain 0000 [bus fa])
[    2.007892] acpi PNP0A08:0b: _OSC: OS supports [ExtendedConfig ASPM ClockPM Segments MSI HPX-Type3]
[    2.021564] acpi PNP0A08:0b: _OSC: platform does not support [SHPCHotplug AER]
[    2.021766] acpi PNP0A08:0b: _OSC: OS now controls [PCIeHotplug PME PCIeCapability LTR]
[    2.021767] acpi PNP0A08:0b: FADT indicates ASPM is unsupported, using BIOS configuration
[    2.021878] PCI host bridge to bus 0000:fa
[    2.021879] pci_bus 0000:fa: root bus resource [io  0xf000-0xffff window]
[    2.021881] pci_bus 0000:fa: root bus resource [mem 0xf1400000-0xfb7fffff window]
[    2.021882] pci_bus 0000:fa: root bus resource [mem 0x290000000000-0x29ffffffffff window]
[    2.021883] pci_bus 0000:fa: root bus resource [bus fa]
[    2.021897] pci 0000:fa:00.0: [8086:09a2] type 00 class 0x088000
[    2.021975] pci 0000:fa:00.1: [8086:09a4] type 00 class 0x088000
[    2.022051] pci 0000:fa:00.2: [8086:09a3] type 00 class 0x088000
[    2.022128] pci 0000:fa:00.4: [8086:0998] type 00 class 0x060000
[    2.022211] pci_bus 0000:fa: on NUMA node 1
[    2.022274] ACPI: PCI Root Bridge [UC16] (domain 0000 [bus fe])
[    2.022276] acpi PNP0A03:02: _OSC: OS supports [ExtendedConfig ASPM ClockPM Segments MSI HPX-Type3]
[    2.022441] acpi PNP0A03:02: _OSC: platform does not support [SHPCHotplug AER LTR]
[    2.022612] acpi PNP0A03:02: _OSC: OS now controls [PCIeHotplug PME PCIeCapability]
[    2.022613] acpi PNP0A03:02: FADT indicates ASPM is unsupported, using BIOS configuration
[    2.022735] PCI host bridge to bus 0000:fe
[    2.022736] pci_bus 0000:fe: root bus resource [bus fe]
[    2.022768] pci 0000:fe:00.0: [8086:3450] type 00 class 0x088000
[    2.022853] pci 0000:fe:00.1: [8086:3451] type 00 class 0x088000
[    2.022938] pci 0000:fe:00.2: [8086:3452] type 00 class 0x088000
[    2.023019] pci 0000:fe:00.3: [8086:0998] type 00 class 0x060000
[    2.023101] pci 0000:fe:00.5: [8086:3455] type 00 class 0x088000
[    2.023202] pci 0000:fe:02.0: [8086:3440] type 00 class 0x088000
[    2.023345] pci 0000:fe:02.1: [8086:3441] type 00 class 0x088000
[    2.023483] pci 0000:fe:02.2: [8086:3442] type 00 class 0x088000
[    2.023628] pci 0000:fe:03.0: [8086:3440] type 00 class 0x088000
[    2.023736] pci 0000:fe:03.1: [8086:3441] type 00 class 0x088000
[    2.023841] pci 0000:fe:03.2: [8086:3442] type 00 class 0x088000
[    2.023951] pci 0000:fe:04.0: [8086:3440] type 00 class 0x088000
[    2.024097] pci 0000:fe:04.1: [8086:3441] type 00 class 0x088000
[    2.024239] pci 0000:fe:04.2: [8086:3442] type 00 class 0x088000
[    2.024381] pci 0000:fe:04.3: [8086:3443] type 00 class 0x088000
[    2.024538] pci 0000:fe:05.0: [8086:3445] type 00 class 0x088000
[    2.024682] pci 0000:fe:05.1: [8086:3446] type 00 class 0x088000
[    2.024821] pci 0000:fe:05.2: [8086:3447] type 00 class 0x088000
[    2.024976] pci 0000:fe:06.0: [8086:3445] type 00 class 0x088000
[    2.025083] pci 0000:fe:06.1: [8086:3446] type 00 class 0x088000
[    2.025186] pci 0000:fe:06.2: [8086:3447] type 00 class 0x088000
[    2.025311] pci 0000:fe:07.0: [8086:3445] type 00 class 0x088000
[    2.025459] pci 0000:fe:07.1: [8086:3446] type 00 class 0x088000
[    2.025605] pci 0000:fe:07.2: [8086:3447] type 00 class 0x088000
[    2.025758] pci 0000:fe:0b.0: [8086:3448] type 00 class 0x088000
[    2.025849] pci 0000:fe:0b.1: [8086:3448] type 00 class 0x088000
[    2.025941] pci 0000:fe:0b.2: [8086:344b] type 00 class 0x088000
[    2.026048] pci 0000:fe:0c.0: [8086:344a] type 00 class 0x110100
[    2.026177] pci 0000:fe:0d.0: [8086:344a] type 00 class 0x110100
[    2.026291] pci 0000:fe:0e.0: [8086:344a] type 00 class 0x110100
[    2.026462] pci 0000:fe:0f.0: [8086:344a] type 00 class 0x110100
[    2.026656] pci 0000:fe:1a.0: [8086:2880] type 00 class 0x110100
[    2.026782] pci 0000:fe:1b.0: [8086:2880] type 00 class 0x110100
[    2.026894] pci 0000:fe:1c.0: [8086:2880] type 00 class 0x110100
[    2.027076] pci 0000:fe:1d.0: [8086:2880] type 00 class 0x110100
[    2.027238] pci_bus 0000:fe: on NUMA node 1
[    2.027314] ACPI: PCI Root Bridge [UC17] (domain 0000 [bus ff])
[    2.027317] acpi PNP0A03:03: _OSC: OS supports [ExtendedConfig ASPM ClockPM Segments MSI HPX-Type3]
[    2.027485] acpi PNP0A03:03: _OSC: platform does not support [SHPCHotplug AER LTR]
[    2.027656] acpi PNP0A03:03: _OSC: OS now controls [PCIeHotplug PME PCIeCapability]
[    2.027657] acpi PNP0A03:03: FADT indicates ASPM is unsupported, using BIOS configuration
[    2.027792] PCI host bridge to bus 0000:ff
[    2.027794] pci_bus 0000:ff: root bus resource [bus ff]
[    2.027835] pci 0000:ff:00.0: [8086:344c] type 00 class 0x088000
[    2.027974] pci 0000:ff:00.1: [8086:344c] type 00 class 0x088000
[    2.028114] pci 0000:ff:00.2: [8086:344c] type 00 class 0x088000
[    2.028240] pci 0000:ff:00.3: [8086:344c] type 00 class 0x088000
[    2.028386] pci 0000:ff:00.4: [8086:344c] type 00 class 0x088000
[    2.028528] pci 0000:ff:00.5: [8086:344c] type 00 class 0x088000
[    2.028648] pci 0000:ff:00.6: [8086:344c] type 00 class 0x088000
[    2.028806] pci 0000:ff:00.7: [8086:344c] type 00 class 0x088000
[    2.028972] pci 0000:ff:01.0: [8086:344c] type 00 class 0x088000
[    2.029131] pci 0000:ff:01.1: [8086:344c] type 00 class 0x088000
[    2.029282] pci 0000:ff:01.2: [8086:344c] type 00 class 0x088000
[    2.029393] pci 0000:ff:01.3: [8086:344c] type 00 class 0x088000
[    2.029554] pci 0000:ff:01.4: [8086:344c] type 00 class 0x088000
[    2.029717] pci 0000:ff:01.5: [8086:344c] type 00 class 0x088000
[    2.029884] pci 0000:ff:01.6: [8086:344c] type 00 class 0x088000
[    2.030040] pci 0000:ff:01.7: [8086:344c] type 00 class 0x088000
[    2.030213] pci 0000:ff:02.0: [8086:344c] type 00 class 0x088000
[    2.030372] pci 0000:ff:02.1: [8086:344c] type 00 class 0x088000
[    2.030531] pci 0000:ff:02.2: [8086:344c] type 00 class 0x088000
[    2.030695] pci 0000:ff:02.3: [8086:344c] type 00 class 0x088000
[    2.030856] pci 0000:ff:02.4: [8086:344c] type 00 class 0x088000
[    2.031019] pci 0000:ff:02.5: [8086:344c] type 00 class 0x088000
[    2.031189] pci 0000:ff:02.6: [8086:344c] type 00 class 0x088000
[    2.031370] pci 0000:ff:02.7: [8086:344c] type 00 class 0x088000
[    2.031564] pci 0000:ff:03.0: [8086:344c] type 00 class 0x088000
[    2.031742] pci 0000:ff:03.1: [8086:344c] type 00 class 0x088000
[    2.031916] pci 0000:ff:03.2: [8086:344c] type 00 class 0x088000
[    2.032100] pci 0000:ff:03.3: [8086:344c] type 00 class 0x088000
[    2.032306] pci 0000:ff:0a.0: [8086:344d] type 00 class 0x088000
[    2.032435] pci 0000:ff:0a.1: [8086:344d] type 00 class 0x088000
[    2.032573] pci 0000:ff:0a.2: [8086:344d] type 00 class 0x088000
[    2.032705] pci 0000:ff:0a.3: [8086:344d] type 00 class 0x088000
[    2.032851] pci 0000:ff:0a.4: [8086:344d] type 00 class 0x088000
[    2.032993] pci 0000:ff:0a.5: [8086:344d] type 00 class 0x088000
[    2.033113] pci 0000:ff:0a.6: [8086:344d] type 00 class 0x088000
[    2.033265] pci 0000:ff:0a.7: [8086:344d] type 00 class 0x088000
[    2.033431] pci 0000:ff:0b.0: [8086:344d] type 00 class 0x088000
[    2.033589] pci 0000:ff:0b.1: [8086:344d] type 00 class 0x088000
[    2.033739] pci 0000:ff:0b.2: [8086:344d] type 00 class 0x088000
[    2.033855] pci 0000:ff:0b.3: [8086:344d] type 00 class 0x088000
[    2.034017] pci 0000:ff:0b.4: [8086:344d] type 00 class 0x088000
[    2.034181] pci 0000:ff:0b.5: [8086:344d] type 00 class 0x088000
[    2.034350] pci 0000:ff:0b.6: [8086:344d] type 00 class 0x088000
[    2.034501] pci 0000:ff:0b.7: [8086:344d] type 00 class 0x088000
[    2.034674] pci 0000:ff:0c.0: [8086:344d] type 00 class 0x088000
[    2.034834] pci 0000:ff:0c.1: [8086:344d] type 00 class 0x088000
[    2.034992] pci 0000:ff:0c.2: [8086:344d] type 00 class 0x088000
[    2.035161] pci 0000:ff:0c.3: [8086:344d] type 00 class 0x088000
[    2.035324] pci 0000:ff:0c.4: [8086:344d] type 00 class 0x088000
[    2.035490] pci 0000:ff:0c.5: [8086:344d] type 00 class 0x088000
[    2.035659] pci 0000:ff:0c.6: [8086:344d] type 00 class 0x088000
[    2.035829] pci 0000:ff:0c.7: [8086:344d] type 00 class 0x088000
[    2.036022] pci 0000:ff:0d.0: [8086:344d] type 00 class 0x088000
[    2.036200] pci 0000:ff:0d.1: [8086:344d] type 00 class 0x088000
[    2.036375] pci 0000:ff:0d.2: [8086:344d] type 00 class 0x088000
[    2.036565] pci 0000:ff:0d.3: [8086:344d] type 00 class 0x088000
[    2.036780] pci 0000:ff:1d.0: [8086:344f] type 00 class 0x088000
[    2.036918] pci 0000:ff:1d.1: [8086:3457] type 00 class 0x088000
[    2.037069] pci 0000:ff:1e.0: [8086:3458] type 00 class 0x088000
[    2.037164] pci 0000:ff:1e.1: [8086:3459] type 00 class 0x088000
[    2.037256] pci 0000:ff:1e.2: [8086:345a] type 00 class 0x088000
[    2.037347] pci 0000:ff:1e.3: [8086:345b] type 00 class 0x088000
[    2.037439] pci 0000:ff:1e.4: [8086:345c] type 00 class 0x088000
[    2.037535] pci 0000:ff:1e.5: [8086:345d] type 00 class 0x088000
[    2.037625] pci 0000:ff:1e.6: [8086:345e] type 00 class 0x088000
[    2.037716] pci 0000:ff:1e.7: [8086:345f] type 00 class 0x088000
[    2.037790] pci_bus 0000:ff: on NUMA node 1
[    2.039655] iommu: Default domain type: Translated 
[    2.039655] iommu: DMA domain TLB invalidation policy: lazy mode 
[    2.039666] pci 0000:03:00.0: vgaarb: setting as boot VGA device
[    2.039666] pci 0000:03:00.0: vgaarb: VGA device added: decodes=io+mem,owns=io+mem,locks=none
[    2.039698] pci 0000:03:00.0: vgaarb: bridge control possible
[    2.039699] vgaarb: loaded
[    2.039890] SCSI subsystem initialized
[    2.039931] libata version 3.00 loaded.
[    2.039931] ACPI: bus type USB registered
[    2.039931] usbcore: registered new interface driver usbfs
[    2.039931] usbcore: registered new interface driver hub
[    2.039931] usbcore: registered new device driver usb
[    2.039931] pps_core: LinuxPPS API ver. 1 registered
[    2.039931] pps_core: Software ver. 5.3.6 - Copyright 2005-2007 Rodolfo Giometti <giometti@linux.it>
[    2.039931] PTP clock support registered
[    2.039931] EDAC MC: Ver: 3.0.0
[    2.043672] Registered efivars operations
[    2.043796] NetLabel: Initializing
[    2.043796] NetLabel:  domain hash size = 128
[    2.043797] NetLabel:  protocols = UNLABELED CIPSOv4 CALIPSO
[    2.043811] NetLabel:  unlabeled traffic allowed by default
[    2.043820] PCI: Using ACPI for IRQ routing
[    2.043820] PCI: pci_cache_line_size set to 64 bytes
[    2.044361] e820: reserve RAM buffer [mem 0x0008f000-0x0008ffff]
[    2.044363] e820: reserve RAM buffer [mem 0x46cc5020-0x47ffffff]
[    2.044365] e820: reserve RAM buffer [mem 0x46cf7020-0x47ffffff]
[    2.044366] e820: reserve RAM buffer [mem 0x46d2a020-0x47ffffff]
[    2.044367] e820: reserve RAM buffer [mem 0x46d5d020-0x47ffffff]
[    2.044368] e820: reserve RAM buffer [mem 0x49e77000-0x4bffffff]
[    2.044370] e820: reserve RAM buffer [mem 0x4b2cf000-0x4bffffff]
[    2.044371] e820: reserve RAM buffer [mem 0x4bd94000-0x4bffffff]
[    2.044372] e820: reserve RAM buffer [mem 0x4ce00000-0x4fffffff]
[    2.044373] e820: reserve RAM buffer [mem 0x5eefe000-0x5fffffff]
[    2.044374] e820: reserve RAM buffer [mem 0x6f800000-0x6fffffff]
[    2.048951] hpet0: at MMIO 0xfed00000, IRQs 2, 8, 0, 0, 0, 0, 0, 0
[    2.048957] hpet0: 8 comparators, 64-bit 24.000000 MHz counter
[    2.051882] clocksource: Switched to clocksource tsc-early
[    2.060333] VFS: Disk quotas dquot_6.6.0
[    2.060374] VFS: Dquot-cache hash table entries: 512 (order 0, 4096 bytes)
[    2.060512] AppArmor: AppArmor Filesystem Enabled
[    2.060531] pnp: PnP ACPI init
[    2.075726] system 00:01: [io  0x0500-0x05fe] has been reserved
[    2.075729] system 00:01: [io  0x0400-0x041f] has been reserved
[    2.075731] system 00:01: [io  0x0600-0x061f] has been reserved
[    2.075733] system 00:01: [io  0x0ca0-0x0ca1] has been reserved
[    2.075734] system 00:01: [io  0x0ca4-0x0ca6] has been reserved
[    2.075736] system 00:01: [mem 0xff000000-0xffffffff] has been reserved
[    2.076320] system 00:04: [mem 0xfd000000-0xfdabffff] has been reserved
[    2.076322] system 00:04: [mem 0xfdad0000-0xfdadffff] has been reserved
[    2.076324] system 00:04: [mem 0xfdb00000-0xfdffffff] has been reserved
[    2.076325] system 00:04: [mem 0xfe000000-0xfe00ffff] has been reserved
[    2.076327] system 00:04: [mem 0xfe011000-0xfe01ffff] has been reserved
[    2.076328] system 00:04: [mem 0xfe036000-0xfe03bfff] has been reserved
[    2.076330] system 00:04: [mem 0xfe03d000-0xfe3fffff] has been reserved
[    2.076331] system 00:04: [mem 0xfe410000-0xfe7fffff] has been reserved
[    2.076652] system 00:05: [io  0x1000-0x10fe] has been reserved
[    2.077618] pnp: PnP ACPI: found 6 devices
[    2.083163] clocksource: acpi_pm: mask: 0xffffff max_cycles: 0xffffff, max_idle_ns: 2085701024 ns
[    2.083244] NET: Registered PF_INET protocol family
[    2.083581] IP idents hash table entries: 262144 (order: 9, 2097152 bytes, vmalloc)
[    2.085770] tcp_listen_portaddr_hash hash table entries: 32768 (order: 7, 524288 bytes, vmalloc)
[    2.086447] TCP established hash table entries: 524288 (order: 10, 4194304 bytes, vmalloc)
[    2.087071] TCP bind hash table entries: 65536 (order: 8, 1048576 bytes, vmalloc)
[    2.087133] TCP: Hash tables configured (established 524288 bind 65536)
[    2.087427] UDP hash table entries: 32768 (order: 8, 1048576 bytes, vmalloc)
[    2.087669] UDP-Lite hash table entries: 32768 (order: 8, 1048576 bytes, vmalloc)
[    2.087927] NET: Registered PF_UNIX/PF_LOCAL protocol family
[    2.087933] NET: Registered PF_XDP protocol family
[    2.087939] pci 0000:04:00.0: can't claim BAR 6 [mem 0xfffc0000-0xffffffff pref]: no compatible bridge window
[    2.087941] pci 0000:04:00.1: can't claim BAR 6 [mem 0xfffc0000-0xffffffff pref]: no compatible bridge window
[    2.087943] pci 0000:17:00.0: can't claim BAR 6 [mem 0xfff00000-0xffffffff pref]: no compatible bridge window
[    2.087958] pci 0000:00:1c.5: BAR 14: assigned [mem 0x90000000-0x900fffff]
[    2.087962] pci 0000:00:1c.0: PCI bridge to [bus 01]
[    2.087971] pci 0000:02:00.0: PCI bridge to [bus 03]
[    2.087976] pci 0000:02:00.0:   bridge window [mem 0x92000000-0x928fffff]
[    2.087980] pci 0000:02:00.0:   bridge window [mem 0x91000000-0x91ffffff 64bit pref]
[    2.087986] pci 0000:00:1c.4: PCI bridge to [bus 02-03]
[    2.087989] pci 0000:00:1c.4:   bridge window [mem 0x92000000-0x928fffff]
[    2.087992] pci 0000:00:1c.4:   bridge window [mem 0x91000000-0x91ffffff 64bit pref]
[    2.087997] pci 0000:04:00.0: BAR 6: assigned [mem 0x90000000-0x9003ffff pref]
[    2.087999] pci 0000:04:00.1: BAR 6: assigned [mem 0x90040000-0x9007ffff pref]
[    2.088000] pci 0000:00:1c.5: PCI bridge to [bus 04]
[    2.088003] pci 0000:00:1c.5:   bridge window [mem 0x90000000-0x900fffff]
[    2.088006] pci 0000:00:1c.5:   bridge window [mem 0x92900000-0x929fffff 64bit pref]
[    2.088010] pci_bus 0000:00: resource 4 [io  0x0000-0x0cf7 window]
[    2.088012] pci_bus 0000:00: resource 5 [io  0x1000-0x4fff window]
[    2.088013] pci_bus 0000:00: resource 6 [mem 0x000a0000-0x000bffff window]
[    2.088015] pci_bus 0000:00: resource 7 [mem 0x000c8000-0x000cffff window]
[    2.088016] pci_bus 0000:00: resource 8 [mem 0xfe010000-0xfe010fff window]
[    2.088017] pci_bus 0000:00: resource 9 [mem 0x90000000-0x9b7fffff window]
[    2.088018] pci_bus 0000:00: resource 10 [mem 0x200000000000-0x20ffffffffff window]
[    2.088020] pci_bus 0000:02: resource 1 [mem 0x92000000-0x928fffff]
[    2.088021] pci_bus 0000:02: resource 2 [mem 0x91000000-0x91ffffff 64bit pref]
[    2.088023] pci_bus 0000:03: resource 1 [mem 0x92000000-0x928fffff]
[    2.088024] pci_bus 0000:03: resource 2 [mem 0x91000000-0x91ffffff 64bit pref]
[    2.088025] pci_bus 0000:04: resource 1 [mem 0x90000000-0x900fffff]
[    2.088026] pci_bus 0000:04: resource 2 [mem 0x92900000-0x929fffff 64bit pref]
[    2.088095] pci 0000:17:00.0: BAR 6: no space for [mem size 0x00100000 pref]
[    2.088096] pci 0000:17:00.0: BAR 6: failed to assign [mem size 0x00100000 pref]
[    2.088098] pci 0000:16:02.0: PCI bridge to [bus 17]
[    2.088099] pci 0000:16:02.0:   bridge window [io  0x5000-0x5fff]
[    2.088102] pci 0000:16:02.0:   bridge window [mem 0x9ba00000-0x9bafffff]
[    2.088104] pci 0000:16:02.0:   bridge window [mem 0x9b800000-0x9b9fffff 64bit pref]
[    2.088108] pci_bus 0000:16: resource 4 [io  0x5000-0x6fff window]
[    2.088109] pci_bus 0000:16: resource 5 [mem 0x9b800000-0xa63fffff window]
[    2.088110] pci_bus 0000:16: resource 6 [mem 0x210000000000-0x21ffffffffff window]
[    2.088111] pci_bus 0000:17: resource 0 [io  0x5000-0x5fff]
[    2.088112] pci_bus 0000:17: resource 1 [mem 0x9ba00000-0x9bafffff]
[    2.088113] pci_bus 0000:17: resource 2 [mem 0x9b800000-0x9b9fffff 64bit pref]
[    2.088119] pci_bus 0000:30: resource 4 [io  0x7000-0x8fff window]
[    2.088121] pci_bus 0000:30: resource 5 [mem 0xa6400000-0xb0ffffff window]
[    2.088122] pci_bus 0000:30: resource 6 [mem 0x220000000000-0x22ffffffffff window]
[    2.088127] pci_bus 0000:4a: resource 4 [io  0x9000-0x9fff window]
[    2.088128] pci_bus 0000:4a: resource 5 [mem 0xb1000000-0xbbbfffff window]
[    2.088129] pci_bus 0000:4a: resource 6 [mem 0x230000000000-0x23ffffffffff window]
[    2.088135] pci_bus 0000:64: resource 4 [io  0xa000-0xafff window]
[    2.088136] pci_bus 0000:64: resource 5 [mem 0xbbc00000-0xc5ffffff window]
[    2.088137] pci_bus 0000:64: resource 6 [mem 0x240000000000-0x24ffffffffff window]
[    2.088167] pci_bus 0000:80: resource 4 [io  0xb000-0xbfff window]
[    2.088168] pci_bus 0000:80: resource 5 [mem 0xc6800000-0xd0ffffff window]
[    2.088169] pci_bus 0000:80: resource 6 [mem 0x250000000000-0x25ffffffffff window]
[    2.088176] pci_bus 0000:81: resource 4 [io  0xc000-0xcfff window]
[    2.088177] pci_bus 0000:81: resource 5 [mem 0xd1000000-0xdbbfffff window]
[    2.088178] pci_bus 0000:81: resource 6 [mem 0x260000000000-0x26ffffffffff window]
[    2.088183] pci_bus 0000:82: resource 4 [io  0xd000-0xdfff window]
[    2.088184] pci_bus 0000:82: resource 5 [mem 0xdbc00000-0xe67fffff window]
