pgmigrate_success 6624
pgmigrate_fail 0
thp_migration_success 0
thp_migration_fail 0
thp_migration_split 0
thp_fault_alloc 0
thp_fault_fallback 0
thp_fault_fallback_charge 0
thp_collapse_alloc 0
thp_collapse_alloc_failed 0
thp_file_alloc 0
thp_file_fallback 0
thp_file_fallback_charge 0
thp_file_mapped 0
thp_split_page 0
thp_split_page_failed 0
thp_deferred_split_page 0
thp_split_pmd 0
thp_scan_exceed_none_pte 0
thp_scan_exceed_swap_pte 0
thp_scan_exceed_share_pte 0
thp_split_pud 0
thp_zero_page_alloc 0
thp_zero_page_alloc_failed 0
thp_swpout 0
thp_swpout_fallback 0
MemTotal:       607236048 kB
MemFree:        594133980 kB
MemAvailable:   593015628 kB
Buffers:            7912 kB
Cached:           387368 kB
SwapCached:            0 kB
Active:            86368 kB
Inactive:         878392 kB
Active(anon):        388 kB
Inactive(anon):   575284 kB
Active(file):      85980 kB
Inactive(file):   303108 kB
Unevictable:           0 kB
Mlocked:               0 kB
SwapTotal:             0 kB
SwapFree:              0 kB
Zswap:                 0 kB
Zswapped:              0 kB
Dirty:               160 kB
Writeback:             0 kB
AnonPages:        570408 kB
Mapped:           363144 kB
Shmem:              6108 kB
KReclaimable:     163540 kB
Slab:             439648 kB
SReclaimable:     163540 kB
SUnreclaim:       276108 kB
KernelStack:       29488 kB
PageTables:        43596 kB
SecPageTables:	       0 kB
NFS_Unstable:          0 kB
Bounce:                0 kB
WritebackTmp:          0 kB
CommitLimit:    303618024 kB
Committed_AS:    5660860 kB
VmallocTotal:   34359738367 kB
VmallocUsed:      202676 kB
VmallocChunk:          0 kB
Percpu:           116480 kB
HardwareCorrupted:     0 kB
AnonHugePages:         0 kB
ShmemHugePages:        0 kB
ShmemPmdMapped:        0 kB
FileHugePages:         0 kB
FilePmdMapped:         0 kB
CmaTotal:              0 kB
CmaFree:               0 kB
HugePages_Total:       0
HugePages_Free:        0
HugePages_Rsvd:        0
HugePages_Surp:        0
Hugepagesize:       2048 kB
Hugetlb:               0 kB
DirectMap4k:      450024 kB
DirectMap2M:     9472000 kB
DirectMap1G:    1181745152 kB
pgmigrate_success 9660
pgmigrate_fail 4
thp_migration_success 0
thp_migration_fail 0
thp_migration_split 0
thp_fault_alloc 0
thp_fault_fallback 0
thp_fault_fallback_charge 0
thp_collapse_alloc 0
thp_collapse_alloc_failed 0
thp_file_alloc 0
thp_file_fallback 0
thp_file_fallback_charge 0
thp_file_mapped 0
thp_split_page 0
thp_split_page_failed 0
thp_deferred_split_page 0
thp_split_pmd 0
thp_scan_exceed_none_pte 0
thp_scan_exceed_swap_pte 0
thp_scan_exceed_share_pte 0
thp_split_pud 0
thp_zero_page_alloc 0
thp_zero_page_alloc_failed 0
thp_swpout 0
thp_swpout_fallback 0
MemTotal:       607236048 kB
MemFree:        589484148 kB
MemAvailable:   592283384 kB
Buffers:           22184 kB
Cached:          4797324 kB
SwapCached:            0 kB
Active:           104792 kB
Inactive:        5298156 kB
Active(anon):        400 kB
Inactive(anon):   589228 kB
Active(file):     104392 kB
Inactive(file):  4708928 kB
Unevictable:           0 kB
Mlocked:               0 kB
SwapTotal:             0 kB
SwapFree:              0 kB
Zswap:                 0 kB
Zswapped:              0 kB
Dirty:               504 kB
Writeback:             0 kB
AnonPages:        583784 kB
Mapped:           363912 kB
Shmem:              6112 kB
KReclaimable:     288568 kB
Slab:             583292 kB
SReclaimable:     288568 kB
SUnreclaim:       294724 kB
KernelStack:       28416 kB
PageTables:        44508 kB
SecPageTables:	       0 kB
NFS_Unstable:          0 kB
Bounce:                0 kB
WritebackTmp:          0 kB
CommitLimit:    303618024 kB
Committed_AS:    5739108 kB
VmallocTotal:   34359738367 kB
VmallocUsed:      201628 kB
VmallocChunk:          0 kB
Percpu:           116480 kB
HardwareCorrupted:     0 kB
AnonHugePages:         0 kB
ShmemHugePages:        0 kB
ShmemPmdMapped:        0 kB
FileHugePages:         0 kB
FilePmdMapped:         0 kB
CmaTotal:              0 kB
CmaFree:               0 kB
HugePages_Total:       0
HugePages_Free:        0
HugePages_Rsvd:        0
HugePages_Surp:        0
Hugepagesize:       2048 kB
Hugetlb:               0 kB
DirectMap4k:      450024 kB
DirectMap2M:     9472000 kB
DirectMap1G:    1181745152 kB
