pgmigrate_success 6507
pgmigrate_fail 0
thp_migration_success 0
thp_migration_fail 0
thp_migration_split 0
thp_fault_alloc 0
thp_fault_fallback 0
thp_fault_fallback_charge 0
thp_collapse_alloc 0
thp_collapse_alloc_failed 0
thp_file_alloc 0
thp_file_fallback 0
thp_file_fallback_charge 0
thp_file_mapped 0
thp_split_page 0
thp_split_page_failed 0
thp_deferred_split_page 0
thp_split_pmd 0
thp_scan_exceed_none_pte 0
thp_scan_exceed_swap_pte 0
thp_scan_exceed_share_pte 0
thp_split_pud 0
thp_zero_page_alloc 0
thp_zero_page_alloc_failed 0
thp_swpout 0
thp_swpout_fallback 0
MemTotal:       607236048 kB
MemFree:        594159052 kB
MemAvailable:   593029056 kB
Buffers:            5064 kB
Cached:           367424 kB
SwapCached:            0 kB
Active:            82208 kB
Inactive:         857608 kB
Active(anon):        384 kB
Inactive(anon):   573596 kB
Active(file):      81824 kB
Inactive(file):   284012 kB
Unevictable:           0 kB
Mlocked:               0 kB
SwapTotal:             0 kB
SwapFree:              0 kB
Zswap:                 0 kB
Zswapped:              0 kB
Dirty:                68 kB
Writeback:             0 kB
AnonPages:        568884 kB
Mapped:           362952 kB
Shmem:              6108 kB
KReclaimable:     163500 kB
Slab:             439536 kB
SReclaimable:     163500 kB
SUnreclaim:       276036 kB
KernelStack:       29472 kB
PageTables:        43484 kB
SecPageTables:	       0 kB
NFS_Unstable:          0 kB
Bounce:                0 kB
WritebackTmp:          0 kB
CommitLimit:    303618024 kB
Committed_AS:    5660860 kB
VmallocTotal:   34359738367 kB
VmallocUsed:      202628 kB
VmallocChunk:          0 kB
Percpu:           116480 kB
HardwareCorrupted:     0 kB
AnonHugePages:         0 kB
ShmemHugePages:        0 kB
ShmemPmdMapped:        0 kB
FileHugePages:         0 kB
FilePmdMapped:         0 kB
CmaTotal:              0 kB
CmaFree:               0 kB
HugePages_Total:       0
HugePages_Free:        0
HugePages_Rsvd:        0
HugePages_Surp:        0
Hugepagesize:       2048 kB
Hugetlb:               0 kB
DirectMap4k:      450024 kB
DirectMap2M:     9472000 kB
DirectMap1G:    1181745152 kB
pgmigrate_success 6625
pgmigrate_fail 0
thp_migration_success 0
thp_migration_fail 0
thp_migration_split 0
thp_fault_alloc 0
thp_fault_fallback 0
thp_fault_fallback_charge 0
thp_collapse_alloc 0
thp_collapse_alloc_failed 0
thp_file_alloc 0
thp_file_fallback 0
thp_file_fallback_charge 0
thp_file_mapped 0
thp_split_page 0
thp_split_page_failed 0
thp_deferred_split_page 0
thp_split_pmd 0
thp_scan_exceed_none_pte 0
thp_scan_exceed_swap_pte 0
thp_scan_exceed_share_pte 0
thp_split_pud 0
thp_zero_page_alloc 0
thp_zero_page_alloc_failed 0
thp_swpout 0
thp_swpout_fallback 0
MemTotal:       607236048 kB
MemFree:        594156904 kB
MemAvailable:   593027428 kB
Buffers:            6344 kB
Cached:           367644 kB
SwapCached:            0 kB
Active:            83908 kB
Inactive:         858248 kB
Active(anon):        400 kB
Inactive(anon):   574048 kB
Active(file):      83508 kB
Inactive(file):   284200 kB
Unevictable:           0 kB
Mlocked:               0 kB
SwapTotal:             0 kB
SwapFree:              0 kB
Zswap:                 0 kB
Zswapped:              0 kB
Dirty:               144 kB
Writeback:             0 kB
AnonPages:        568908 kB
Mapped:           362964 kB
Shmem:              6108 kB
KReclaimable:     162672 kB
Slab:             438944 kB
SReclaimable:     162672 kB
SUnreclaim:       276272 kB
KernelStack:       29680 kB
PageTables:        43600 kB
SecPageTables:	       0 kB
NFS_Unstable:          0 kB
Bounce:                0 kB
WritebackTmp:          0 kB
CommitLimit:    303618024 kB
Committed_AS:    5677500 kB
VmallocTotal:   34359738367 kB
VmallocUsed:      202868 kB
VmallocChunk:          0 kB
Percpu:           116480 kB
HardwareCorrupted:     0 kB
AnonHugePages:         0 kB
ShmemHugePages:        0 kB
ShmemPmdMapped:        0 kB
FileHugePages:         0 kB
FilePmdMapped:         0 kB
CmaTotal:              0 kB
CmaFree:               0 kB
HugePages_Total:       0
HugePages_Free:        0
HugePages_Rsvd:        0
HugePages_Surp:        0
Hugepagesize:       2048 kB
Hugetlb:               0 kB
DirectMap4k:      450024 kB
DirectMap2M:     9472000 kB
DirectMap1G:    1181745152 kB
