[    0.000000] Linux version 5.18.0 (xmu@xmu-PowerEdge-R750) (gcc (Ubuntu 8.4.0-1ubuntu1~18.04) 8.4.0, GNU ld (GNU Binutils for Ubuntu) 2.30) #1 SMP PREEMPT_DYNAMIC Sat Apr 6 15:16:25 CST 2024
[    0.000000] Command line: BOOT_IMAGE=/boot/vmlinuz-5.18.0 root=UUID=ce0c24b8-724b-4f33-9b2c-618433560aef ro memmap=2349M!4096M memmap=59G!64G quiet splash nomodeset vt.handoff=1
[    0.000000] KERNEL supported cpus:
[    0.000000]   Intel GenuineIntel
[    0.000000]   AMD AuthenticAMD
[    0.000000]   Hygon HygonGenuine
[    0.000000]   Centaur CentaurHauls
[    0.000000]   zhaoxin   Shanghai  
[    0.000000] x86/split lock detection: #AC: crashing the kernel on kernel split_locks and warning on user-space split_locks
[    0.000000] x86/fpu: Supporting XSAVE feature 0x001: 'x87 floating point registers'
[    0.000000] x86/fpu: Supporting XSAVE feature 0x002: 'SSE registers'
[    0.000000] x86/fpu: Supporting XSAVE feature 0x004: 'AVX registers'
[    0.000000] x86/fpu: Supporting XSAVE feature 0x020: 'AVX-512 opmask'
[    0.000000] x86/fpu: Supporting XSAVE feature 0x040: 'AVX-512 Hi256'
[    0.000000] x86/fpu: Supporting XSAVE feature 0x080: 'AVX-512 ZMM_Hi256'
[    0.000000] x86/fpu: Supporting XSAVE feature 0x200: 'Protection Keys User registers'
[    0.000000] x86/fpu: xstate_offset[2]:  576, xstate_sizes[2]:  256
[    0.000000] x86/fpu: xstate_offset[5]:  832, xstate_sizes[5]:   64
[    0.000000] x86/fpu: xstate_offset[6]:  896, xstate_sizes[6]:  512
[    0.000000] x86/fpu: xstate_offset[7]: 1408, xstate_sizes[7]: 1024
[    0.000000] x86/fpu: xstate_offset[9]: 2432, xstate_sizes[9]:    8
[    0.000000] x86/fpu: Enabled xstate features 0x2e7, context size is 2440 bytes, using 'compacted' format.
[    0.000000] signal: max sigframe size: 3632
[    0.000000] BIOS-provided physical RAM map:
[    0.000000] BIOS-e820: [mem 0x0000000000000000-0x000000000008efff] usable
[    0.000000] BIOS-e820: [mem 0x000000000008f000-0x000000000008ffff] reserved
[    0.000000] BIOS-e820: [mem 0x0000000000090000-0x000000000009ffff] usable
[    0.000000] BIOS-e820: [mem 0x00000000000a0000-0x00000000000fffff] reserved
[    0.000000] BIOS-e820: [mem 0x0000000000100000-0x0000000049e76fff] usable
[    0.000000] BIOS-e820: [mem 0x0000000049e77000-0x000000004ae76fff] ACPI NVS
[    0.000000] BIOS-e820: [mem 0x000000004ae77000-0x000000004b2cefff] usable
[    0.000000] BIOS-e820: [mem 0x000000004b2cf000-0x000000004b54dfff] ACPI data
[    0.000000] BIOS-e820: [mem 0x000000004b54e000-0x000000004bd93fff] usable
[    0.000000] BIOS-e820: [mem 0x000000004bd94000-0x000000004be99fff] reserved
[    0.000000] BIOS-e820: [mem 0x000000004be9a000-0x000000004cdfffff] usable
[    0.000000] BIOS-e820: [mem 0x000000004ce00000-0x000000004cffffff] reserved
[    0.000000] BIOS-e820: [mem 0x000000004d000000-0x000000005eefdfff] usable
[    0.000000] BIOS-e820: [mem 0x000000005eefe000-0x000000006e3fefff] reserved
[    0.000000] BIOS-e820: [mem 0x000000006e3ff000-0x000000006f3fefff] ACPI NVS
[    0.000000] BIOS-e820: [mem 0x000000006f3ff000-0x000000006f7fefff] ACPI data
[    0.000000] BIOS-e820: [mem 0x000000006f7ff000-0x000000006f7fffff] usable
[    0.000000] BIOS-e820: [mem 0x000000006f800000-0x000000008fffffff] reserved
[    0.000000] BIOS-e820: [mem 0x00000000fe000000-0x00000000fe010fff] reserved
[    0.000000] BIOS-e820: [mem 0x0000000100000000-0x000000207fffffff] usable
[    0.000000] BIOS-e820: [mem 0x0000002080000000-0x0000011c7fffffff] persistent (type 7)
[    0.000000] BIOS-e820: [mem 0x00001ffc00000000-0x00001fffffffffff] reserved
[    0.000000] NX (Execute Disable) protection: active
[    0.000000] e820: update [mem 0x46d5c020-0x46d6405f] usable ==> usable
[    0.000000] e820: update [mem 0x46d5c020-0x46d6405f] usable ==> usable
[    0.000000] e820: update [mem 0x46d29020-0x46d5bc5f] usable ==> usable
[    0.000000] e820: update [mem 0x46d29020-0x46d5bc5f] usable ==> usable
[    0.000000] e820: update [mem 0x46cf6020-0x46d28c5f] usable ==> usable
[    0.000000] e820: update [mem 0x46cf6020-0x46d28c5f] usable ==> usable
[    0.000000] e820: update [mem 0x46cc4020-0x46cf5a5f] usable ==> usable
[    0.000000] e820: update [mem 0x46cc4020-0x46cf5a5f] usable ==> usable
[    0.000000] extended physical RAM map:
[    0.000000] reserve setup_data: [mem 0x0000000000000000-0x000000000008efff] usable
[    0.000000] reserve setup_data: [mem 0x000000000008f000-0x000000000008ffff] reserved
[    0.000000] reserve setup_data: [mem 0x0000000000090000-0x000000000009ffff] usable
[    0.000000] reserve setup_data: [mem 0x00000000000a0000-0x00000000000fffff] reserved
[    0.000000] reserve setup_data: [mem 0x0000000000100000-0x0000000046cc401f] usable
[    0.000000] reserve setup_data: [mem 0x0000000046cc4020-0x0000000046cf5a5f] usable
[    0.000000] reserve setup_data: [mem 0x0000000046cf5a60-0x0000000046cf601f] usable
[    0.000000] reserve setup_data: [mem 0x0000000046cf6020-0x0000000046d28c5f] usable
[    0.000000] reserve setup_data: [mem 0x0000000046d28c60-0x0000000046d2901f] usable
[    0.000000] reserve setup_data: [mem 0x0000000046d29020-0x0000000046d5bc5f] usable
[    0.000000] reserve setup_data: [mem 0x0000000046d5bc60-0x0000000046d5c01f] usable
[    0.000000] reserve setup_data: [mem 0x0000000046d5c020-0x0000000046d6405f] usable
[    0.000000] reserve setup_data: [mem 0x0000000046d64060-0x0000000049e76fff] usable
[    0.000000] reserve setup_data: [mem 0x0000000049e77000-0x000000004ae76fff] ACPI NVS
[    0.000000] reserve setup_data: [mem 0x000000004ae77000-0x000000004b2cefff] usable
[    0.000000] reserve setup_data: [mem 0x000000004b2cf000-0x000000004b54dfff] ACPI data
[    0.000000] reserve setup_data: [mem 0x000000004b54e000-0x000000004bd93fff] usable
[    0.000000] reserve setup_data: [mem 0x000000004bd94000-0x000000004be99fff] reserved
[    0.000000] reserve setup_data: [mem 0x000000004be9a000-0x000000004cdfffff] usable
[    0.000000] reserve setup_data: [mem 0x000000004ce00000-0x000000004cffffff] reserved
[    0.000000] reserve setup_data: [mem 0x000000004d000000-0x000000005eefdfff] usable
[    0.000000] reserve setup_data: [mem 0x000000005eefe000-0x000000006e3fefff] reserved
[    0.000000] reserve setup_data: [mem 0x000000006e3ff000-0x000000006f3fefff] ACPI NVS
[    0.000000] reserve setup_data: [mem 0x000000006f3ff000-0x000000006f7fefff] ACPI data
[    0.000000] reserve setup_data: [mem 0x000000006f7ff000-0x000000006f7fffff] usable
[    0.000000] reserve setup_data: [mem 0x000000006f800000-0x000000008fffffff] reserved
[    0.000000] reserve setup_data: [mem 0x00000000fe000000-0x00000000fe010fff] reserved
[    0.000000] reserve setup_data: [mem 0x0000000100000000-0x0000000192cfffff] persistent (type 12)
[    0.000000] reserve setup_data: [mem 0x0000000192d00000-0x0000000fffffffff] usable
[    0.000000] reserve setup_data: [mem 0x0000001000000000-0x0000001ebfffffff] persistent (type 12)
[    0.000000] reserve setup_data: [mem 0x0000001ec0000000-0x000000207fffffff] usable
[    0.000000] reserve setup_data: [mem 0x0000002080000000-0x0000011c7fffffff] persistent (type 7)
[    0.000000] reserve setup_data: [mem 0x00001ffc00000000-0x00001fffffffffff] reserved
[    0.000000] user-defined physical RAM map:
[    0.000000] user: [mem 0x0000000000000000-0x000000000008efff] usable
[    0.000000] user: [mem 0x000000000008f000-0x000000000008ffff] reserved
[    0.000000] user: [mem 0x0000000000090000-0x000000000009ffff] usable
[    0.000000] user: [mem 0x00000000000a0000-0x00000000000fffff] reserved
[    0.000000] user: [mem 0x0000000000100000-0x0000000046cc401f] usable
[    0.000000] user: [mem 0x0000000046cc4020-0x0000000046cf5a5f] usable
[    0.000000] user: [mem 0x0000000046cf5a60-0x0000000046cf601f] usable
[    0.000000] user: [mem 0x0000000046cf6020-0x0000000046d28c5f] usable
[    0.000000] user: [mem 0x0000000046d28c60-0x0000000046d2901f] usable
[    0.000000] user: [mem 0x0000000046d29020-0x0000000046d5bc5f] usable
[    0.000000] user: [mem 0x0000000046d5bc60-0x0000000046d5c01f] usable
[    0.000000] user: [mem 0x0000000046d5c020-0x0000000046d6405f] usable
[    0.000000] user: [mem 0x0000000046d64060-0x0000000049e76fff] usable
[    0.000000] user: [mem 0x0000000049e77000-0x000000004ae76fff] ACPI NVS
[    0.000000] user: [mem 0x000000004ae77000-0x000000004b2cefff] usable
[    0.000000] user: [mem 0x000000004b2cf000-0x000000004b54dfff] ACPI data
[    0.000000] user: [mem 0x000000004b54e000-0x000000004bd93fff] usable
[    0.000000] user: [mem 0x000000004bd94000-0x000000004be99fff] reserved
[    0.000000] user: [mem 0x000000004be9a000-0x000000004cdfffff] usable
[    0.000000] user: [mem 0x000000004ce00000-0x000000004cffffff] reserved
[    0.000000] user: [mem 0x000000004d000000-0x000000005eefdfff] usable
[    0.000000] user: [mem 0x000000005eefe000-0x000000006e3fefff] reserved
[    0.000000] user: [mem 0x000000006e3ff000-0x000000006f3fefff] ACPI NVS
[    0.000000] user: [mem 0x000000006f3ff000-0x000000006f7fefff] ACPI data
[    0.000000] user: [mem 0x000000006f7ff000-0x000000006f7fffff] usable
[    0.000000] user: [mem 0x000000006f800000-0x000000008fffffff] reserved
[    0.000000] user: [mem 0x00000000fe000000-0x00000000fe010fff] reserved
[    0.000000] user: [mem 0x0000000100000000-0x0000000192cfffff] persistent (type 12)
[    0.000000] user: [mem 0x0000000192d00000-0x0000000fffffffff] usable
[    0.000000] user: [mem 0x0000001000000000-0x0000001ebfffffff] persistent (type 12)
[    0.000000] user: [mem 0x0000001ec0000000-0x000000207fffffff] usable
[    0.000000] user: [mem 0x0000002080000000-0x0000011c7fffffff] persistent (type 7)
[    0.000000] user: [mem 0x00001ffc00000000-0x00001fffffffffff] reserved
[    0.000000] efi: EFI v2.70 by Dell Inc.
[    0.000000] efi: ACPI=0x6f7fe000 ACPI 2.0=0x6f7fe014 MEMATTR=0x5b070020 SMBIOS=0x69526000 SMBIOS 3.0=0x69524000 MOKvar=0x5ef81000 RNG=0x5ef8a920 
[    0.000000] efi: seeding entropy pool
[    0.000000] SMBIOS 3.3.0 present.
[    0.000000] DMI: Dell Inc. PowerEdge R750/0K8F35, BIOS 1.10.2 03/03/2023
[    0.000000] tsc: Detected 2000.000 MHz processor
[    0.000007] e820: update [mem 0x00000000-0x00000fff] usable ==> reserved
[    0.000009] e820: remove [mem 0x000a0000-0x000fffff] usable
[    0.000018] last_pfn = 0x2080000 max_arch_pfn = 0x400000000
[    0.000198] x86/PAT: Configuration [0-7]: WB  WC  UC- UC  WB  WP  UC- WT  
[    0.002854] total RAM covered: 2095088M
[    0.002939]  gran_size: 64K 	chunk_size: 64K 	num_reg: 10  	lose cover RAM: 2016G
[    0.002941]  gran_size: 64K 	chunk_size: 128K 	num_reg: 10  	lose cover RAM: 2016G
[    0.002943]  gran_size: 64K 	chunk_size: 256K 	num_reg: 10  	lose cover RAM: 2016G
[    0.002945]  gran_size: 64K 	chunk_size: 512K 	num_reg: 10  	lose cover RAM: 2016G
[    0.002946]  gran_size: 64K 	chunk_size: 1M 	num_reg: 10  	lose cover RAM: 2016G
[    0.002947]  gran_size: 64K 	chunk_size: 2M 	num_reg: 10  	lose cover RAM: 2016G
[    0.002949]  gran_size: 64K 	chunk_size: 4M 	num_reg: 10  	lose cover RAM: 2016G
[    0.002950]  gran_size: 64K 	chunk_size: 8M 	num_reg: 10  	lose cover RAM: 2016G
[    0.002951]  gran_size: 64K 	chunk_size: 16M 	num_reg: 10  	lose cover RAM: 2016G
[    0.002953]  gran_size: 64K 	chunk_size: 32M 	num_reg: 10  	lose cover RAM: 1024G
[    0.002954]  gran_size: 64K 	chunk_size: 64M 	num_reg: 10  	lose cover RAM: 1024G
[    0.002955]  gran_size: 64K 	chunk_size: 128M 	num_reg: 10  	lose cover RAM: 1024G
[    0.002957]  gran_size: 64K 	chunk_size: 256M 	num_reg: 10  	lose cover RAM: 1024G
[    0.002958]  gran_size: 64K 	chunk_size: 512M 	num_reg: 10  	lose cover RAM: 1024G
[    0.002959]  gran_size: 64K 	chunk_size: 1G 	num_reg: 10  	lose cover RAM: 1024G
[    0.002961]  gran_size: 64K 	chunk_size: 2G 	num_reg: 10  	lose cover RAM: 1024G
[    0.002962]  gran_size: 128K 	chunk_size: 128K 	num_reg: 10  	lose cover RAM: 2016G
[    0.002963]  gran_size: 128K 	chunk_size: 256K 	num_reg: 10  	lose cover RAM: 2016G
[    0.002965]  gran_size: 128K 	chunk_size: 512K 	num_reg: 10  	lose cover RAM: 2016G
[    0.002966]  gran_size: 128K 	chunk_size: 1M 	num_reg: 10  	lose cover RAM: 2016G
[    0.002967]  gran_size: 128K 	chunk_size: 2M 	num_reg: 10  	lose cover RAM: 2016G
[    0.002969]  gran_size: 128K 	chunk_size: 4M 	num_reg: 10  	lose cover RAM: 2016G
[    0.002970]  gran_size: 128K 	chunk_size: 8M 	num_reg: 10  	lose cover RAM: 2016G
[    0.002971]  gran_size: 128K 	chunk_size: 16M 	num_reg: 10  	lose cover RAM: 2016G
[    0.002972]  gran_size: 128K 	chunk_size: 32M 	num_reg: 10  	lose cover RAM: 1024G
[    0.002974]  gran_size: 128K 	chunk_size: 64M 	num_reg: 10  	lose cover RAM: 1024G
[    0.002975]  gran_size: 128K 	chunk_size: 128M 	num_reg: 10  	lose cover RAM: 1024G
[    0.002976]  gran_size: 128K 	chunk_size: 256M 	num_reg: 10  	lose cover RAM: 1024G
[    0.002978]  gran_size: 128K 	chunk_size: 512M 	num_reg: 10  	lose cover RAM: 1024G
[    0.002979]  gran_size: 128K 	chunk_size: 1G 	num_reg: 10  	lose cover RAM: 1024G
[    0.002980]  gran_size: 128K 	chunk_size: 2G 	num_reg: 10  	lose cover RAM: 1024G
[    0.002982]  gran_size: 256K 	chunk_size: 256K 	num_reg: 10  	lose cover RAM: 2016G
[    0.002983]  gran_size: 256K 	chunk_size: 512K 	num_reg: 10  	lose cover RAM: 2016G
[    0.002984]  gran_size: 256K 	chunk_size: 1M 	num_reg: 10  	lose cover RAM: 2016G
[    0.002986]  gran_size: 256K 	chunk_size: 2M 	num_reg: 10  	lose cover RAM: 2016G
[    0.002987]  gran_size: 256K 	chunk_size: 4M 	num_reg: 10  	lose cover RAM: 2016G
[    0.002988]  gran_size: 256K 	chunk_size: 8M 	num_reg: 10  	lose cover RAM: 2016G
[    0.002990]  gran_size: 256K 	chunk_size: 16M 	num_reg: 10  	lose cover RAM: 2016G
[    0.002991]  gran_size: 256K 	chunk_size: 32M 	num_reg: 10  	lose cover RAM: 1024G
[    0.002992]  gran_size: 256K 	chunk_size: 64M 	num_reg: 10  	lose cover RAM: 1024G
[    0.002993]  gran_size: 256K 	chunk_size: 128M 	num_reg: 10  	lose cover RAM: 1024G
[    0.002995]  gran_size: 256K 	chunk_size: 256M 	num_reg: 10  	lose cover RAM: 1024G
[    0.002996]  gran_size: 256K 	chunk_size: 512M 	num_reg: 10  	lose cover RAM: 1024G
[    0.002997]  gran_size: 256K 	chunk_size: 1G 	num_reg: 10  	lose cover RAM: 1024G
[    0.002999]  gran_size: 256K 	chunk_size: 2G 	num_reg: 10  	lose cover RAM: 1024G
[    0.003000]  gran_size: 512K 	chunk_size: 512K 	num_reg: 10  	lose cover RAM: 2016G
[    0.003001]  gran_size: 512K 	chunk_size: 1M 	num_reg: 10  	lose cover RAM: 2016G
[    0.003003]  gran_size: 512K 	chunk_size: 2M 	num_reg: 10  	lose cover RAM: 2016G
[    0.003004]  gran_size: 512K 	chunk_size: 4M 	num_reg: 10  	lose cover RAM: 2016G
[    0.003005]  gran_size: 512K 	chunk_size: 8M 	num_reg: 10  	lose cover RAM: 2016G
[    0.003006]  gran_size: 512K 	chunk_size: 16M 	num_reg: 10  	lose cover RAM: 2016G
[    0.003008]  gran_size: 512K 	chunk_size: 32M 	num_reg: 10  	lose cover RAM: 1024G
[    0.003009]  gran_size: 512K 	chunk_size: 64M 	num_reg: 10  	lose cover RAM: 1024G
[    0.003010]  gran_size: 512K 	chunk_size: 128M 	num_reg: 10  	lose cover RAM: 1024G
[    0.003012]  gran_size: 512K 	chunk_size: 256M 	num_reg: 10  	lose cover RAM: 1024G
[    0.003013]  gran_size: 512K 	chunk_size: 512M 	num_reg: 10  	lose cover RAM: 1024G
[    0.003015]  gran_size: 512K 	chunk_size: 1G 	num_reg: 10  	lose cover RAM: 1024G
[    0.003016]  gran_size: 512K 	chunk_size: 2G 	num_reg: 10  	lose cover RAM: 1024G
[    0.003018]  gran_size: 1M 	chunk_size: 1M 	num_reg: 10  	lose cover RAM: 2016G
[    0.003019]  gran_size: 1M 	chunk_size: 2M 	num_reg: 10  	lose cover RAM: 2016G
[    0.003020]  gran_size: 1M 	chunk_size: 4M 	num_reg: 10  	lose cover RAM: 2016G
[    0.003022]  gran_size: 1M 	chunk_size: 8M 	num_reg: 10  	lose cover RAM: 2016G
[    0.003023]  gran_size: 1M 	chunk_size: 16M 	num_reg: 10  	lose cover RAM: 2016G
[    0.003024]  gran_size: 1M 	chunk_size: 32M 	num_reg: 10  	lose cover RAM: 1024G
[    0.003026]  gran_size: 1M 	chunk_size: 64M 	num_reg: 10  	lose cover RAM: 1024G
[    0.003027]  gran_size: 1M 	chunk_size: 128M 	num_reg: 10  	lose cover RAM: 1024G
[    0.003028]  gran_size: 1M 	chunk_size: 256M 	num_reg: 10  	lose cover RAM: 1024G
[    0.003030]  gran_size: 1M 	chunk_size: 512M 	num_reg: 10  	lose cover RAM: 1024G
[    0.003031]  gran_size: 1M 	chunk_size: 1G 	num_reg: 10  	lose cover RAM: 1024G
[    0.003032]  gran_size: 1M 	chunk_size: 2G 	num_reg: 10  	lose cover RAM: 1024G
[    0.003034]  gran_size: 2M 	chunk_size: 2M 	num_reg: 10  	lose cover RAM: 2016G
[    0.003035]  gran_size: 2M 	chunk_size: 4M 	num_reg: 10  	lose cover RAM: 2016G
[    0.003036]  gran_size: 2M 	chunk_size: 8M 	num_reg: 10  	lose cover RAM: 2016G
[    0.003037]  gran_size: 2M 	chunk_size: 16M 	num_reg: 10  	lose cover RAM: 2016G
[    0.003039]  gran_size: 2M 	chunk_size: 32M 	num_reg: 10  	lose cover RAM: 1024G
[    0.003040]  gran_size: 2M 	chunk_size: 64M 	num_reg: 10  	lose cover RAM: 1024G
[    0.003041]  gran_size: 2M 	chunk_size: 128M 	num_reg: 10  	lose cover RAM: 1024G
[    0.003043]  gran_size: 2M 	chunk_size: 256M 	num_reg: 10  	lose cover RAM: 1024G
[    0.003044]  gran_size: 2M 	chunk_size: 512M 	num_reg: 10  	lose cover RAM: 1024G
[    0.003046]  gran_size: 2M 	chunk_size: 1G 	num_reg: 10  	lose cover RAM: 1024G
[    0.003047]  gran_size: 2M 	chunk_size: 2G 	num_reg: 10  	lose cover RAM: 1024G
[    0.003048]  gran_size: 4M 	chunk_size: 4M 	num_reg: 10  	lose cover RAM: 2016G
[    0.003050]  gran_size: 4M 	chunk_size: 8M 	num_reg: 10  	lose cover RAM: 2016G
[    0.003051]  gran_size: 4M 	chunk_size: 16M 	num_reg: 10  	lose cover RAM: 2016G
[    0.003052]  gran_size: 4M 	chunk_size: 32M 	num_reg: 10  	lose cover RAM: 1024G
[    0.003054]  gran_size: 4M 	chunk_size: 64M 	num_reg: 10  	lose cover RAM: 1024G
[    0.003055]  gran_size: 4M 	chunk_size: 128M 	num_reg: 10  	lose cover RAM: 1024G
[    0.003056]  gran_size: 4M 	chunk_size: 256M 	num_reg: 10  	lose cover RAM: 1024G
[    0.003057]  gran_size: 4M 	chunk_size: 512M 	num_reg: 10  	lose cover RAM: 1024G
[    0.003059]  gran_size: 4M 	chunk_size: 1G 	num_reg: 10  	lose cover RAM: 1024G
[    0.003060]  gran_size: 4M 	chunk_size: 2G 	num_reg: 10  	lose cover RAM: 1024G
[    0.003061]  gran_size: 8M 	chunk_size: 8M 	num_reg: 10  	lose cover RAM: 2016G
[    0.003063]  gran_size: 8M 	chunk_size: 16M 	num_reg: 10  	lose cover RAM: 2016G
[    0.003064]  gran_size: 8M 	chunk_size: 32M 	num_reg: 10  	lose cover RAM: 1024G
[    0.003065]  gran_size: 8M 	chunk_size: 64M 	num_reg: 10  	lose cover RAM: 1024G
[    0.003067]  gran_size: 8M 	chunk_size: 128M 	num_reg: 10  	lose cover RAM: 1024G
[    0.003068]  gran_size: 8M 	chunk_size: 256M 	num_reg: 10  	lose cover RAM: 1024G
[    0.003069]  gran_size: 8M 	chunk_size: 512M 	num_reg: 10  	lose cover RAM: 1024G
[    0.003070]  gran_size: 8M 	chunk_size: 1G 	num_reg: 10  	lose cover RAM: 1024G
[    0.003072]  gran_size: 8M 	chunk_size: 2G 	num_reg: 10  	lose cover RAM: 1024G
[    0.003073]  gran_size: 16M 	chunk_size: 16M 	num_reg: 10  	lose cover RAM: 2016G
[    0.003074]  gran_size: 16M 	chunk_size: 32M 	num_reg: 10  	lose cover RAM: 1024G
[    0.003076]  gran_size: 16M 	chunk_size: 64M 	num_reg: 10  	lose cover RAM: 1024G
[    0.003077]  gran_size: 16M 	chunk_size: 128M 	num_reg: 10  	lose cover RAM: 1024G
[    0.003079]  gran_size: 16M 	chunk_size: 256M 	num_reg: 10  	lose cover RAM: 1024G
[    0.003080]  gran_size: 16M 	chunk_size: 512M 	num_reg: 10  	lose cover RAM: 1024G
[    0.003082]  gran_size: 16M 	chunk_size: 1G 	num_reg: 10  	lose cover RAM: 1024G
[    0.003083]  gran_size: 16M 	chunk_size: 2G 	num_reg: 10  	lose cover RAM: 1024G
[    0.003085]  gran_size: 32M 	chunk_size: 32M 	num_reg: 10  	lose cover RAM: 2031632M
[    0.003086]  gran_size: 32M 	chunk_size: 64M 	num_reg: 10  	lose cover RAM: 1048592M
[    0.003087]  gran_size: 32M 	chunk_size: 128M 	num_reg: 10  	lose cover RAM: 1048592M
[    0.003089]  gran_size: 32M 	chunk_size: 256M 	num_reg: 10  	lose cover RAM: 1048592M
[    0.003090]  gran_size: 32M 	chunk_size: 512M 	num_reg: 10  	lose cover RAM: 1048592M
[    0.003092]  gran_size: 32M 	chunk_size: 1G 	num_reg: 10  	lose cover RAM: 1048592M
[    0.003093]  gran_size: 32M 	chunk_size: 2G 	num_reg: 10  	lose cover RAM: 1048592M
[    0.003094]  gran_size: 64M 	chunk_size: 64M 	num_reg: 10  	lose cover RAM: 1966128M
[    0.003096]  gran_size: 64M 	chunk_size: 128M 	num_reg: 10  	lose cover RAM: 1048624M
[    0.003097]  gran_size: 64M 	chunk_size: 256M 	num_reg: 10  	lose cover RAM: 1048624M
[    0.003098]  gran_size: 64M 	chunk_size: 512M 	num_reg: 10  	lose cover RAM: 1048624M
[    0.003100]  gran_size: 64M 	chunk_size: 1G 	num_reg: 10  	lose cover RAM: 1048624M
[    0.003101]  gran_size: 64M 	chunk_size: 2G 	num_reg: 10  	lose cover RAM: 1048624M
[    0.003102]  gran_size: 128M 	chunk_size: 128M 	num_reg: 10  	lose cover RAM: 1835120M
[    0.003104]  gran_size: 128M 	chunk_size: 256M 	num_reg: 10  	lose cover RAM: 1048688M
[    0.003105]  gran_size: 128M 	chunk_size: 512M 	num_reg: 10  	lose cover RAM: 1048688M
[    0.003106]  gran_size: 128M 	chunk_size: 1G 	num_reg: 10  	lose cover RAM: 1048688M
[    0.003108]  gran_size: 128M 	chunk_size: 2G 	num_reg: 10  	lose cover RAM: 1048688M
[    0.003109]  gran_size: 256M 	chunk_size: 256M 	num_reg: 10  	lose cover RAM: 1573104M
[    0.003110]  gran_size: 256M 	chunk_size: 512M 	num_reg: 10  	lose cover RAM: 1048816M
[    0.003112]  gran_size: 256M 	chunk_size: 1G 	num_reg: 10  	lose cover RAM: 1048816M
[    0.003113]  gran_size: 256M 	chunk_size: 2G 	num_reg: 10  	lose cover RAM: 1048816M
[    0.003114]  gran_size: 512M 	chunk_size: 512M 	num_reg: 10  	lose cover RAM: 1049072M
[    0.003116]  gran_size: 512M 	chunk_size: 1G 	num_reg: 10  	lose cover RAM: 1049072M
[    0.003117]  gran_size: 512M 	chunk_size: 2G 	num_reg: 10  	lose cover RAM: 1049072M
[    0.003118]  gran_size: 1G 	chunk_size: 1G 	num_reg: 10  	lose cover RAM: 1008M
[    0.003120]  gran_size: 1G 	chunk_size: 2G 	num_reg: 10  	lose cover RAM: 1008M
[    0.003121]  gran_size: 2G 	chunk_size: 2G 	num_reg: 9  	lose cover RAM: 2032M
[    0.003122] mtrr_cleanup: can not find optimal value
[    0.003123] please specify mtrr_gran_size/mtrr_chunk_size
[    0.003126] e820: update [mem 0x7f000000-0xffffffff] usable ==> reserved
[    0.003129] x2apic: enabled by BIOS, switching to x2apic ops
[    0.003130] last_pfn = 0x6f800 max_arch_pfn = 0x400000000
[    0.014556] Using GB pages for direct mapping
[    0.016073] Secure boot disabled
[    0.016073] RAMDISK: [mem 0x205de61000-0x207fffffff]
[    0.016078] ACPI: Early table checksum verification disabled
[    0.016081] ACPI: RSDP 0x000000006F7FE014 000024 (v02 DELL  )
[    0.016085] ACPI: XSDT 0x000000006F41C188 0000F4 (v01 DELL   PE_SC3   00000000 DELL 01000013)
[    0.016090] ACPI: FACP 0x000000006F430000 000114 (v06 DELL   PE_SC3   00000000 DELL 00000001)
[    0.016096] ACPI: DSDT 0x000000004B4CE000 07FAD3 (v02 DELL   PE_SC3   00000003 DELL 00000001)
[    0.016099] ACPI: FACS 0x000000006F2F2000 000040
[    0.016102] ACPI: SSDT 0x000000006F7FB000 00159A (v02 INTEL  RAS_ACPI 00000001 INTL 20210331)
[    0.016106] ACPI: SSDT 0x000000006F7FA000 000745 (v02 INTEL  ADDRXLAT 00000001 INTL 20210331)
[    0.016109] ACPI: MCEJ 0x000000006F7F9000 000130 (v01 INTEL           00000001 INTL 0100000D)
[    0.016113] ACPI: BERT 0x000000006F7F8000 000030 (v01 DELL   PE_SC3   00000001 INTL 00000001)
[    0.016116] ACPI: ERST 0x000000006F7F7000 000230 (v01 DELL   PE_SC3   00000001 INTL 00000001)
[    0.016120] ACPI: SSDT 0x000000006F431000 3C524E (v02 INTEL  SSDTNVDR 00001000 INTL 20210331)
[    0.016123] ACPI: HMAT 0x000000006F42F000 000210 (v01 DELL   PE_SC3   00000001 DELL 00000001)
[    0.016126] ACPI: HPET 0x000000006F42E000 000038 (v01 DELL   PE_SC3   00000001 DELL 00000001)
[    0.016130] ACPI: MCFG 0x000000006F42D000 00003C (v01 DELL   PE_SC3   00000001 DELL 00000001)
[    0.016133] ACPI: MIGT 0x000000006F42C000 000040 (v01 DELL   PE_SC3   00000000 DELL 00000001)
[    0.016136] ACPI: MSCT 0x000000006F42B000 000090 (v01 DELL   PE_SC3   00000001 DELL 00000001)
[    0.016140] ACPI: PMTT 0x000000006F429000 0011E8 (v02 DELL   PE_SC3   00000001 DELL 00000001)
[    0.016143] ACPI: WSMT 0x000000006F428000 000028 (v01 DELL   PE_SC3   00000000 DELL 00000001)
[    0.016146] ACPI: APIC 0x000000006F427000 00075E (v04 DELL   PE_SC3   00000000 DELL 00000001)
[    0.016150] ACPI: SLIT 0x000000006F426000 00003C (v01 DELL   PE_SC3   00000001 DELL 01000013)
[    0.016153] ACPI: SRAT 0x000000006F41F000 006430 (v03 DELL   PE_SC3   00000002 DELL 01000013)
[    0.016156] ACPI: OEM4 0x000000004B346000 187A61 (v02 INTEL  CPU  CST 00003000 INTL 20210331)
[    0.016160] ACPI: SSDT 0x000000004B2CF000 0764A5 (v02 INTEL  SSDT  PM 00004000 INTL 20210331)
[    0.016163] ACPI: SSDT 0x000000006F41E000 000A1F (v02 DELL   PE_SC3   00000000 DELL 00000001)
[    0.016166] ACPI: HEST 0x000000006F41D000 00017C (v01 DELL   PE_SC3   00000001 INTL 00000001)
[    0.016170] ACPI: PCAT 0x000000006F41B000 00010C (v19 DELL   PE_SC3   00000002 DELL 00000001)
[    0.016173] ACPI: SSDT 0x000000006F413000 007299 (v02 INTEL  SpsNm    00000002 INTL 20210331)
[    0.016176] ACPI: SSDT 0x000000006F412000 000426 (v02 DELL   PE_SC3   00000002 DELL 00000001)
[    0.016180] ACPI: NFIT 0x000000006F7FD000 000488 (v01 DELL   PE_SC3   00000002 DELL 00000001)
[    0.016183] ACPI: DMAR 0x000000006F411000 000158 (v01 DELL   PE_SC3   00000001 DELL 00000001)
[    0.016186] ACPI: Reserving FACP table memory at [mem 0x6f430000-0x6f430113]
[    0.016187] ACPI: Reserving DSDT table memory at [mem 0x4b4ce000-0x4b54dad2]
[    0.016188] ACPI: Reserving FACS table memory at [mem 0x6f2f2000-0x6f2f203f]
[    0.016189] ACPI: Reserving SSDT table memory at [mem 0x6f7fb000-0x6f7fc599]
[    0.016190] ACPI: Reserving SSDT table memory at [mem 0x6f7fa000-0x6f7fa744]
[    0.016191] ACPI: Reserving MCEJ table memory at [mem 0x6f7f9000-0x6f7f912f]
[    0.016192] ACPI: Reserving BERT table memory at [mem 0x6f7f8000-0x6f7f802f]
[    0.016193] ACPI: Reserving ERST table memory at [mem 0x6f7f7000-0x6f7f722f]
[    0.016194] ACPI: Reserving SSDT table memory at [mem 0x6f431000-0x6f7f624d]
[    0.016195] ACPI: Reserving HMAT table memory at [mem 0x6f42f000-0x6f42f20f]
[    0.016196] ACPI: Reserving HPET table memory at [mem 0x6f42e000-0x6f42e037]
[    0.016196] ACPI: Reserving MCFG table memory at [mem 0x6f42d000-0x6f42d03b]
[    0.016197] ACPI: Reserving MIGT table memory at [mem 0x6f42c000-0x6f42c03f]
[    0.016198] ACPI: Reserving MSCT table memory at [mem 0x6f42b000-0x6f42b08f]
[    0.016199] ACPI: Reserving PMTT table memory at [mem 0x6f429000-0x6f42a1e7]
[    0.016200] ACPI: Reserving WSMT table memory at [mem 0x6f428000-0x6f428027]
[    0.016201] ACPI: Reserving APIC table memory at [mem 0x6f427000-0x6f42775d]
[    0.016202] ACPI: Reserving SLIT table memory at [mem 0x6f426000-0x6f42603b]
[    0.016203] ACPI: Reserving SRAT table memory at [mem 0x6f41f000-0x6f42542f]
[    0.016204] ACPI: Reserving OEM4 table memory at [mem 0x4b346000-0x4b4cda60]
[    0.016205] ACPI: Reserving SSDT table memory at [mem 0x4b2cf000-0x4b3454a4]
[    0.016206] ACPI: Reserving SSDT table memory at [mem 0x6f41e000-0x6f41ea1e]
[    0.016206] ACPI: Reserving HEST table memory at [mem 0x6f41d000-0x6f41d17b]
[    0.016207] ACPI: Reserving PCAT table memory at [mem 0x6f41b000-0x6f41b10b]
[    0.016208] ACPI: Reserving SSDT table memory at [mem 0x6f413000-0x6f41a298]
[    0.016209] ACPI: Reserving SSDT table memory at [mem 0x6f412000-0x6f412425]
[    0.016210] ACPI: Reserving NFIT table memory at [mem 0x6f7fd000-0x6f7fd487]
[    0.016211] ACPI: Reserving DMAR table memory at [mem 0x6f411000-0x6f411157]
[    0.016221] Setting APIC routing to cluster x2apic.
[    0.016268] SRAT: PXM 0 -> APIC 0x0000 -> Node 0
[    0.016269] SRAT: PXM 0 -> APIC 0x0001 -> Node 0
[    0.016270] SRAT: PXM 0 -> APIC 0x0002 -> Node 0
[    0.016271] SRAT: PXM 0 -> APIC 0x0003 -> Node 0
[    0.016271] SRAT: PXM 0 -> APIC 0x0004 -> Node 0
[    0.016272] SRAT: PXM 0 -> APIC 0x0005 -> Node 0
[    0.016273] SRAT: PXM 0 -> APIC 0x0006 -> Node 0
[    0.016273] SRAT: PXM 0 -> APIC 0x0007 -> Node 0
[    0.016274] SRAT: PXM 0 -> APIC 0x0008 -> Node 0
[    0.016275] SRAT: PXM 0 -> APIC 0x0009 -> Node 0
[    0.016275] SRAT: PXM 0 -> APIC 0x000a -> Node 0
[    0.016276] SRAT: PXM 0 -> APIC 0x000b -> Node 0
[    0.016277] SRAT: PXM 0 -> APIC 0x000c -> Node 0
[    0.016277] SRAT: PXM 0 -> APIC 0x000d -> Node 0
[    0.016278] SRAT: PXM 0 -> APIC 0x000e -> Node 0
[    0.016279] SRAT: PXM 0 -> APIC 0x000f -> Node 0
[    0.016279] SRAT: PXM 0 -> APIC 0x0010 -> Node 0
[    0.016280] SRAT: PXM 0 -> APIC 0x0011 -> Node 0
[    0.016281] SRAT: PXM 0 -> APIC 0x0012 -> Node 0
[    0.016282] SRAT: PXM 0 -> APIC 0x0013 -> Node 0
[    0.016282] SRAT: PXM 0 -> APIC 0x0014 -> Node 0
[    0.016283] SRAT: PXM 0 -> APIC 0x0015 -> Node 0
[    0.016284] SRAT: PXM 0 -> APIC 0x0016 -> Node 0
[    0.016284] SRAT: PXM 0 -> APIC 0x0017 -> Node 0
[    0.016285] SRAT: PXM 0 -> APIC 0x0018 -> Node 0
[    0.016286] SRAT: PXM 0 -> APIC 0x0019 -> Node 0
[    0.016286] SRAT: PXM 0 -> APIC 0x001a -> Node 0
[    0.016287] SRAT: PXM 0 -> APIC 0x001b -> Node 0
[    0.016288] SRAT: PXM 0 -> APIC 0x001c -> Node 0
[    0.016288] SRAT: PXM 0 -> APIC 0x001d -> Node 0
[    0.016289] SRAT: PXM 0 -> APIC 0x001e -> Node 0
[    0.016290] SRAT: PXM 0 -> APIC 0x001f -> Node 0
[    0.016290] SRAT: PXM 0 -> APIC 0x0020 -> Node 0
[    0.016291] SRAT: PXM 0 -> APIC 0x0021 -> Node 0
[    0.016292] SRAT: PXM 0 -> APIC 0x0022 -> Node 0
[    0.016292] SRAT: PXM 0 -> APIC 0x0023 -> Node 0
[    0.016293] SRAT: PXM 0 -> APIC 0x0024 -> Node 0
[    0.016294] SRAT: PXM 0 -> APIC 0x0025 -> Node 0
[    0.016294] SRAT: PXM 0 -> APIC 0x0026 -> Node 0
[    0.016295] SRAT: PXM 0 -> APIC 0x0027 -> Node 0
[    0.016296] SRAT: PXM 0 -> APIC 0x0028 -> Node 0
[    0.016296] SRAT: PXM 0 -> APIC 0x0029 -> Node 0
[    0.016297] SRAT: PXM 0 -> APIC 0x002a -> Node 0
[    0.016298] SRAT: PXM 0 -> APIC 0x002b -> Node 0
[    0.016298] SRAT: PXM 0 -> APIC 0x002c -> Node 0
[    0.016299] SRAT: PXM 0 -> APIC 0x002d -> Node 0
[    0.016300] SRAT: PXM 0 -> APIC 0x002e -> Node 0
[    0.016300] SRAT: PXM 0 -> APIC 0x002f -> Node 0
[    0.016301] SRAT: PXM 0 -> APIC 0x0030 -> Node 0
[    0.016302] SRAT: PXM 0 -> APIC 0x0031 -> Node 0
[    0.016302] SRAT: PXM 0 -> APIC 0x0032 -> Node 0
[    0.016303] SRAT: PXM 0 -> APIC 0x0033 -> Node 0
[    0.016304] SRAT: PXM 0 -> APIC 0x0034 -> Node 0
[    0.016304] SRAT: PXM 0 -> APIC 0x0035 -> Node 0
[    0.016305] SRAT: PXM 0 -> APIC 0x0036 -> Node 0
[    0.016306] SRAT: PXM 0 -> APIC 0x0037 -> Node 0
[    0.016306] SRAT: PXM 1 -> APIC 0x0080 -> Node 1
[    0.016307] SRAT: PXM 1 -> APIC 0x0081 -> Node 1
[    0.016308] SRAT: PXM 1 -> APIC 0x0082 -> Node 1
[    0.016308] SRAT: PXM 1 -> APIC 0x0083 -> Node 1
[    0.016309] SRAT: PXM 1 -> APIC 0x0084 -> Node 1
[    0.016310] SRAT: PXM 1 -> APIC 0x0085 -> Node 1
[    0.016310] SRAT: PXM 1 -> APIC 0x0086 -> Node 1
[    0.016311] SRAT: PXM 1 -> APIC 0x0087 -> Node 1
[    0.016312] SRAT: PXM 1 -> APIC 0x0088 -> Node 1
[    0.016312] SRAT: PXM 1 -> APIC 0x0089 -> Node 1
[    0.016313] SRAT: PXM 1 -> APIC 0x008a -> Node 1
[    0.016314] SRAT: PXM 1 -> APIC 0x008b -> Node 1
[    0.016314] SRAT: PXM 1 -> APIC 0x008c -> Node 1
[    0.016315] SRAT: PXM 1 -> APIC 0x008d -> Node 1
[    0.016316] SRAT: PXM 1 -> APIC 0x008e -> Node 1
[    0.016316] SRAT: PXM 1 -> APIC 0x008f -> Node 1
[    0.016317] SRAT: PXM 1 -> APIC 0x0090 -> Node 1
[    0.016318] SRAT: PXM 1 -> APIC 0x0091 -> Node 1
[    0.016318] SRAT: PXM 1 -> APIC 0x0092 -> Node 1
[    0.016319] SRAT: PXM 1 -> APIC 0x0093 -> Node 1
[    0.016320] SRAT: PXM 1 -> APIC 0x0094 -> Node 1
[    0.016320] SRAT: PXM 1 -> APIC 0x0095 -> Node 1
[    0.016321] SRAT: PXM 1 -> APIC 0x0096 -> Node 1
[    0.016322] SRAT: PXM 1 -> APIC 0x0097 -> Node 1
[    0.016322] SRAT: PXM 1 -> APIC 0x0098 -> Node 1
[    0.016323] SRAT: PXM 1 -> APIC 0x0099 -> Node 1
[    0.016323] SRAT: PXM 1 -> APIC 0x009a -> Node 1
[    0.016324] SRAT: PXM 1 -> APIC 0x009b -> Node 1
[    0.016325] SRAT: PXM 1 -> APIC 0x009c -> Node 1
[    0.016325] SRAT: PXM 1 -> APIC 0x009d -> Node 1
[    0.016326] SRAT: PXM 1 -> APIC 0x009e -> Node 1
[    0.016327] SRAT: PXM 1 -> APIC 0x009f -> Node 1
[    0.016327] SRAT: PXM 1 -> APIC 0x00a0 -> Node 1
[    0.016328] SRAT: PXM 1 -> APIC 0x00a1 -> Node 1
[    0.016329] SRAT: PXM 1 -> APIC 0x00a2 -> Node 1
[    0.016329] SRAT: PXM 1 -> APIC 0x00a3 -> Node 1
[    0.016330] SRAT: PXM 1 -> APIC 0x00a4 -> Node 1
[    0.016331] SRAT: PXM 1 -> APIC 0x00a5 -> Node 1
[    0.016331] SRAT: PXM 1 -> APIC 0x00a6 -> Node 1
[    0.016332] SRAT: PXM 1 -> APIC 0x00a7 -> Node 1
[    0.016333] SRAT: PXM 1 -> APIC 0x00a8 -> Node 1
[    0.016333] SRAT: PXM 1 -> APIC 0x00a9 -> Node 1
[    0.016334] SRAT: PXM 1 -> APIC 0x00aa -> Node 1
[    0.016335] SRAT: PXM 1 -> APIC 0x00ab -> Node 1
[    0.016335] SRAT: PXM 1 -> APIC 0x00ac -> Node 1
[    0.016336] SRAT: PXM 1 -> APIC 0x00ad -> Node 1
[    0.016336] SRAT: PXM 1 -> APIC 0x00ae -> Node 1
[    0.016337] SRAT: PXM 1 -> APIC 0x00af -> Node 1
[    0.016338] SRAT: PXM 1 -> APIC 0x00b0 -> Node 1
[    0.016339] SRAT: PXM 1 -> APIC 0x00b1 -> Node 1
[    0.016339] SRAT: PXM 1 -> APIC 0x00b2 -> Node 1
[    0.016340] SRAT: PXM 1 -> APIC 0x00b3 -> Node 1
[    0.016341] SRAT: PXM 1 -> APIC 0x00b4 -> Node 1
[    0.016341] SRAT: PXM 1 -> APIC 0x00b5 -> Node 1
[    0.016342] SRAT: PXM 1 -> APIC 0x00b6 -> Node 1
[    0.016343] SRAT: PXM 1 -> APIC 0x00b7 -> Node 1
[    0.016355] ACPI: SRAT: Node 0 PXM 0 [mem 0x00000000-0x7fffffff]
[    0.016357] ACPI: SRAT: Node 0 PXM 0 [mem 0x100000000-0x107fffffff]
[    0.016358] ACPI: SRAT: Node 2 PXM 2 [mem 0x2080000000-0x9e7fffffff] non-volatile
[    0.016360] ACPI: SRAT: Node 1 PXM 1 [mem 0x1080000000-0x207fffffff]
[    0.016361] ACPI: SRAT: Node 3 PXM 3 [mem 0x9e80000000-0x11c7fffffff] non-volatile
[    0.016370] NUMA: Initialized distance table, cnt=4
[    0.016374] NUMA: Node 0 [mem 0x00000000-0x7fffffff] + [mem 0x100000000-0x107fffffff] -> [mem 0x00000000-0x107fffffff]
[    0.016383] NODE_DATA(0) allocated [mem 0xffffd5000-0xfffffffff]
[    0.016400] NODE_DATA(1) allocated [mem 0x205de32000-0x205de5cfff]
[    0.016601] Zone ranges:
[    0.016602]   DMA      [mem 0x0000000000001000-0x0000000000ffffff]
[    0.016604]   DMA32    [mem 0x0000000001000000-0x00000000ffffffff]
[    0.016605]   Normal   [mem 0x0000000100000000-0x000000207fffffff]
[    0.016607]   Device   empty
[    0.016608] Movable zone start for each node
[    0.016611] Early memory node ranges
[    0.016612]   node   0: [mem 0x0000000000001000-0x000000000008efff]
[    0.016613]   node   0: [mem 0x0000000000090000-0x000000000009ffff]
[    0.016614]   node   0: [mem 0x0000000000100000-0x0000000049e76fff]
[    0.016615]   node   0: [mem 0x000000004ae77000-0x000000004b2cefff]
[    0.016616]   node   0: [mem 0x000000004b54e000-0x000000004bd93fff]
[    0.016617]   node   0: [mem 0x000000004be9a000-0x000000004cdfffff]
[    0.016618]   node   0: [mem 0x000000004d000000-0x000000005eefdfff]
[    0.016618]   node   0: [mem 0x000000006f7ff000-0x000000006f7fffff]
[    0.016619]   node   0: [mem 0x0000000192d00000-0x0000000fffffffff]
[    0.016623]   node   1: [mem 0x0000001ec0000000-0x000000207fffffff]
[    0.016625] Initmem setup node 0 [mem 0x0000000000001000-0x0000000fffffffff]
[    0.016628] Initmem setup node 1 [mem 0x0000001ec0000000-0x000000207fffffff]
[    0.016629] Initializing node 2 as memoryless
[    0.016651] Initmem setup node 2 as memoryless
[    0.016652] Initializing node 3 as memoryless
[    0.016672] Initmem setup node 3 as memoryless
[    0.016674] On node 0, zone DMA: 1 pages in unavailable ranges
[    0.016676] On node 0, zone DMA: 1 pages in unavailable ranges
[    0.016704] On node 0, zone DMA: 96 pages in unavailable ranges
[    0.018809] On node 0, zone DMA32: 4096 pages in unavailable ranges
[    0.018830] On node 0, zone DMA32: 639 pages in unavailable ranges
[    0.018863] On node 0, zone DMA32: 262 pages in unavailable ranges
[    0.019358] On node 0, zone DMA32: 512 pages in unavailable ranges
[    0.019623] On node 0, zone DMA32: 35073 pages in unavailable ranges
[    0.127064] On node 0, zone Normal: 13568 pages in unavailable ranges
[    0.141353] ACPI: PM-Timer IO Port: 0x508
[    0.141371] ACPI: X2APIC_NMI (uid[0xffffffff] high edge lint[0x1])
[    0.141375] ACPI: LAPIC_NMI (acpi_id[0xff] high edge lint[0x1])
[    0.141393] IOAPIC[0]: apic_id 8, version 32, address 0xfec00000, GSI 0-119
[    0.141397] ACPI: INT_SRC_OVR (bus 0 bus_irq 0 global_irq 2 dfl dfl)
[    0.141399] ACPI: INT_SRC_OVR (bus 0 bus_irq 9 global_irq 9 high level)
[    0.141403] ACPI: Using ACPI (MADT) for SMP configuration information
[    0.141405] ACPI: HPET id: 0x8086a701 base: 0xfed00000
[    0.141409] TSC deadline timer available
[    0.141410] smpboot: Allowing 112 CPUs, 0 hotplug CPUs
[    0.141439] PM: hibernation: Registered nosave memory: [mem 0x00000000-0x00000fff]
[    0.141441] PM: hibernation: Registered nosave memory: [mem 0x0008f000-0x0008ffff]
[    0.141443] PM: hibernation: Registered nosave memory: [mem 0x000a0000-0x000fffff]
[    0.141445] PM: hibernation: Registered nosave memory: [mem 0x46cc4000-0x46cc4fff]
[    0.141447] PM: hibernation: Registered nosave memory: [mem 0x46cf5000-0x46cf5fff]
[    0.141448] PM: hibernation: Registered nosave memory: [mem 0x46cf6000-0x46cf6fff]
[    0.141450] PM: hibernation: Registered nosave memory: [mem 0x46d28000-0x46d28fff]
[    0.141451] PM: hibernation: Registered nosave memory: [mem 0x46d29000-0x46d29fff]
[    0.141452] PM: hibernation: Registered nosave memory: [mem 0x46d5b000-0x46d5bfff]
[    0.141453] PM: hibernation: Registered nosave memory: [mem 0x46d5c000-0x46d5cfff]
[    0.141455] PM: hibernation: Registered nosave memory: [mem 0x46d64000-0x46d64fff]
[    0.141457] PM: hibernation: Registered nosave memory: [mem 0x49e77000-0x4ae76fff]
[    0.141459] PM: hibernation: Registered nosave memory: [mem 0x4b2cf000-0x4b54dfff]
[    0.141460] PM: hibernation: Registered nosave memory: [mem 0x4bd94000-0x4be99fff]
[    0.141462] PM: hibernation: Registered nosave memory: [mem 0x4ce00000-0x4cffffff]
[    0.141464] PM: hibernation: Registered nosave memory: [mem 0x5eefe000-0x6e3fefff]
[    0.141465] PM: hibernation: Registered nosave memory: [mem 0x6e3ff000-0x6f3fefff]
[    0.141466] PM: hibernation: Registered nosave memory: [mem 0x6f3ff000-0x6f7fefff]
[    0.141468] PM: hibernation: Registered nosave memory: [mem 0x6f800000-0x8fffffff]
[    0.141469] PM: hibernation: Registered nosave memory: [mem 0x90000000-0xfdffffff]
[    0.141469] PM: hibernation: Registered nosave memory: [mem 0xfe000000-0xfe010fff]
[    0.141470] PM: hibernation: Registered nosave memory: [mem 0xfe011000-0xffffffff]
[    0.141471] PM: hibernation: Registered nosave memory: [mem 0x100000000-0x192cfffff]
[    0.141473] PM: hibernation: Registered nosave memory: [mem 0x1000000000-0x1ebfffffff]
[    0.141475] [mem 0x90000000-0xfdffffff] available for PCI devices
[    0.141477] Booting paravirtualized kernel on bare hardware
[    0.141479] clocksource: refined-jiffies: mask: 0xffffffff max_cycles: 0xffffffff, max_idle_ns: 7645519600211568 ns
[    0.141485] setup_percpu: NR_CPUS:8192 nr_cpumask_bits:112 nr_cpu_ids:112 nr_node_ids:4
[    0.146165] percpu: Embedded 61 pages/cpu s212992 r8192 d28672 u262144
[    0.146176] pcpu-alloc: s212992 r8192 d28672 u262144 alloc=1*2097152
[    0.146179] pcpu-alloc: [0] 000 002 004 006 008 010 012 014 
[    0.146185] pcpu-alloc: [0] 016 018 020 022 024 026 028 030 
[    0.146190] pcpu-alloc: [0] 032 034 036 038 040 042 044 046 
[    0.146195] pcpu-alloc: [0] 048 050 052 054 056 058 060 062 
[    0.146199] pcpu-alloc: [0] 064 066 068 070 072 074 076 078 
[    0.146204] pcpu-alloc: [0] 080 082 084 086 088 090 092 094 
[    0.146208] pcpu-alloc: [0] 096 098 100 102 104 106 108 110 
[    0.146213] pcpu-alloc: [1] 001 003 005 007 009 011 013 015 
[    0.146218] pcpu-alloc: [1] 017 019 021 023 025 027 029 031 
[    0.146222] pcpu-alloc: [1] 033 035 037 039 041 043 045 047 
[    0.146226] pcpu-alloc: [1] 049 051 053 055 057 059 061 063 
[    0.146231] pcpu-alloc: [1] 065 067 069 071 073 075 077 079 
[    0.146235] pcpu-alloc: [1] 081 083 085 087 089 091 093 095 
[    0.146240] pcpu-alloc: [1] 097 099 101 103 105 107 109 111 
[    0.146286] Fallback order for Node 0: 0 1 
[    0.146290] Fallback order for Node 1: 1 0 
[    0.146292] Fallback order for Node 2: 2 0 1 
[    0.146295] Fallback order for Node 3: 3 1 0 
[    0.146303] Built 2 zonelists, mobility grouping on.  Total pages: 17063956
[    0.146305] Policy zone: Normal
[    0.146306] Kernel command line: BOOT_IMAGE=/boot/vmlinuz-5.18.0 root=UUID=ce0c24b8-724b-4f33-9b2c-618433560aef ro memmap=2349M!4096M memmap=59G!64G quiet splash nomodeset vt.handoff=1
[    0.146431] Booted with the nomodeset parameter. Only the system framebuffer will be available
[    0.146453] Unknown kernel command line parameters "splash BOOT_IMAGE=/boot/vmlinuz-5.18.0", will be passed to user space.
[    0.146455] printk: log_buf_len individual max cpu contribution: 4096 bytes
[    0.146456] printk: log_buf_len total cpu_extra contributions: 454656 bytes
[    0.146457] printk: log_buf_len min size: 262144 bytes
[    0.147436] printk: log_buf_len: 1048576 bytes
[    0.147437] printk: early log buf free: 223664(85%)
[    0.149347] mem auto-init: stack:off, heap alloc:on, heap free:off
[    0.303243] Memory: 67466140K/69382240K available (16392K kernel code, 3615K rwdata, 10444K rodata, 2688K init, 5836K bss, 1915840K reserved, 0K cma-reserved)
[    0.303250] random: get_random_u64 called from __kmem_cache_create+0x2d/0x480 with crng_init=0
[    0.304001] SLUB: HWalign=64, Order=0-3, MinObjects=0, CPUs=112, Nodes=4
[    0.304035] ftrace: allocating 48795 entries in 191 pages
[    0.312568] ftrace: allocated 191 pages with 7 groups
[    0.313540] Dynamic Preempt: voluntary
[    0.313887] rcu: Preemptible hierarchical RCU implementation.
[    0.313889] rcu: 	RCU restricting CPUs from NR_CPUS=8192 to nr_cpu_ids=112.
[    0.313890] 	Trampoline variant of Tasks RCU enabled.
[    0.313891] 	Rude variant of Tasks RCU enabled.
[    0.313891] 	Tracing variant of Tasks RCU enabled.
[    0.313892] rcu: RCU calculated value of scheduler-enlistment delay is 25 jiffies.
[    0.313893] rcu: Adjusting geometry for rcu_fanout_leaf=16, nr_cpu_ids=112
[    0.317701] NR_IRQS: 524544, nr_irqs: 2952, preallocated irqs: 16
[    0.318073] random: crng init done (trusting CPU's manufacturer)
[    0.318209] Console: colour dummy device 80x25
[    0.318244] printk: console [tty0] enabled
[    0.318435] mempolicy: Enabling automatic NUMA balancing. Configure with numa_balancing= or the kernel.numa_balancing sysctl
[    0.318440] ACPI: Core revision 20211217
[    0.321836] clocksource: hpet: mask: 0xffffffff max_cycles: 0xffffffff, max_idle_ns: 79635855245 ns
[    0.321880] APIC: Switch to symmetric I/O mode setup
[    0.321882] DMAR: Host address width 46
[    0.321883] DMAR: DRHD base: 0x000000d0ffc000 flags: 0x0
[    0.321888] DMAR: dmar0: reg_base_addr d0ffc000 ver 4:0 cap 8ed008c40780466 ecap 60000f050df
[    0.321891] DMAR: DRHD base: 0x000000dbbfc000 flags: 0x0
[    0.321894] DMAR: dmar1: reg_base_addr dbbfc000 ver 4:0 cap 8ed008c40780466 ecap 60000f050df
[    0.321896] DMAR: DRHD base: 0x000000e67fc000 flags: 0x0
[    0.321901] DMAR: dmar2: reg_base_addr e67fc000 ver 4:0 cap 8ed008c40780466 ecap 60000f050df
[    0.321903] DMAR: DRHD base: 0x000000f13fc000 flags: 0x0
[    0.321905] DMAR: dmar3: reg_base_addr f13fc000 ver 4:0 cap 8ed008c40780466 ecap 60000f050df
[    0.321908] DMAR: DRHD base: 0x000000fb7fc000 flags: 0x0
[    0.321910] DMAR: dmar4: reg_base_addr fb7fc000 ver 4:0 cap 8ed008c40780466 ecap 60000f050df
[    0.321912] DMAR: DRHD base: 0x000000a63fc000 flags: 0x0
[    0.321915] DMAR: dmar5: reg_base_addr a63fc000 ver 4:0 cap 8ed008c40780466 ecap 60000f050df
[    0.321917] DMAR: DRHD base: 0x000000b0ffc000 flags: 0x0
[    0.321921] DMAR: dmar6: reg_base_addr b0ffc000 ver 4:0 cap 8ed008c40780466 ecap 60000f050df
[    0.321923] DMAR: DRHD base: 0x000000bbbfc000 flags: 0x0
[    0.321925] DMAR: dmar7: reg_base_addr bbbfc000 ver 4:0 cap 8ed008c40780466 ecap 60000f050df
[    0.321927] DMAR: DRHD base: 0x000000c5ffc000 flags: 0x0
[    0.321930] DMAR: dmar8: reg_base_addr c5ffc000 ver 4:0 cap 8ed008c40780466 ecap 60000f050df
[    0.321931] DMAR: DRHD base: 0x0000009b7fc000 flags: 0x1
[    0.321934] DMAR: dmar9: reg_base_addr 9b7fc000 ver 4:0 cap 8ed008c40780466 ecap 60000f050df
[    0.321936] DMAR: RMRR base: 0x00000069427000 end: 0x00000069429fff
[    0.321938] DMAR: ATSR flags: 0x0
[    0.321940] DMAR-IR: IOAPIC id 8 under DRHD base  0x9b7fc000 IOMMU 9
[    0.321941] DMAR-IR: HPET id 0 under DRHD base 0x9b7fc000
[    0.321943] DMAR-IR: Queued invalidation will be enabled to support x2apic and Intr-remapping.
[    0.325035] DMAR-IR: Enabled IRQ remapping in x2apic mode
[    0.327666] ..TIMER: vector=0x30 apic1=0 pin1=2 apic2=-1 pin2=-1
[    0.345810] clocksource: tsc-early: mask: 0xffffffffffffffff max_cycles: 0x39a85c9bff6, max_idle_ns: 881590591483 ns
[    0.345816] Calibrating delay loop (skipped), value calculated using timer frequency.. 4000.00 BogoMIPS (lpj=8000000)
[    0.345819] pid_max: default: 114688 minimum: 896
[    0.349726] LSM: Security Framework initializing
[    0.349752] Yama: becoming mindful.
[    0.349823] AppArmor: AppArmor initialized
[    0.358022] Dentry cache hash table entries: 8388608 (order: 14, 67108864 bytes, vmalloc hugepage)
[    0.361976] Inode-cache hash table entries: 4194304 (order: 13, 33554432 bytes, vmalloc hugepage)
[    0.362156] Mount-cache hash table entries: 131072 (order: 8, 1048576 bytes, vmalloc)
[    0.362298] Mountpoint-cache hash table entries: 131072 (order: 8, 1048576 bytes, vmalloc)
[    0.362888] x86/tme: not enabled by BIOS
[    0.362897] CPU0: Thermal monitoring enabled (TM1)
[    0.362900] x86/cpu: User Mode Instruction Prevention (UMIP) activated
[    0.363135] process: using mwait in idle threads
[    0.363137] Last level iTLB entries: 4KB 0, 2MB 0, 4MB 0
[    0.363138] Last level dTLB entries: 4KB 0, 2MB 0, 4MB 0, 1GB 0
[    0.363144] Spectre V1 : Mitigation: usercopy/swapgs barriers and __user pointer sanitization
[    0.363146] Spectre V2 : WARNING: Unprivileged eBPF is enabled with eIBRS on, data leaks possible via Spectre v2 BHB attacks!
[    0.363150] Spectre V2 : Mitigation: Enhanced IBRS
[    0.363151] Spectre V2 : Spectre v2 / SpectreRSB mitigation: Filling RSB on context switch
[    0.363153] Spectre V2 : mitigation: Enabling conditional Indirect Branch Prediction Barrier
[    0.363154] Speculative Store Bypass: Mitigation: Speculative Store Bypass disabled via prctl
[    0.368343] Freeing SMP alternatives memory: 40K
[    0.369962] smpboot: Estimated ratio of average max frequency by base frequency (times 1024): 1433
[    0.369977] smpboot: CPU0: Intel(R) Xeon(R) Gold 6330 CPU @ 2.00GHz (family: 0x6, model: 0x6a, stepping: 0x6)
[    0.370200] cblist_init_generic: Setting adjustable number of callback queues.
[    0.370216] cblist_init_generic: Setting shift to 7 and lim to 1.
[    0.370246] cblist_init_generic: Setting shift to 7 and lim to 1.
[    0.370276] cblist_init_generic: Setting shift to 7 and lim to 1.
[    0.370288] Performance Events: PEBS fmt4+-baseline,  AnyThread deprecated, Icelake events, 32-deep LBR, full-width counters, Intel PMU driver.
[    0.370326] ... version:                5
[    0.370326] ... bit width:              48
[    0.370327] ... generic registers:      8
[    0.370328] ... value mask:             0000ffffffffffff
[    0.370329] ... max period:             00007fffffffffff
[    0.370329] ... fixed-purpose events:   4
[    0.370330] ... event mask:             0001000f000000ff
[    0.370485] rcu: Hierarchical SRCU implementation.
[    0.377749] NMI watchdog: Enabled. Permanently consumes one hw-PMU counter.
[    0.378831] smp: Bringing up secondary CPUs ...
[    0.378952] x86: Booting SMP configuration:
[    0.378952] .... node  #1, CPUs:          #1
[    0.007747] smpboot: CPU 1 Converting physical 0 to logical die 1

[    0.465930] .... node  #0, CPUs:     #2
[    0.471304] .... node  #1, CPUs:     #3
[    0.476756] .... node  #0, CPUs:     #4
[    0.482145] .... node  #1, CPUs:     #5
[    0.487555] .... node  #0, CPUs:     #6
[    0.493157] .... node  #1, CPUs:     #7
[    0.498752] .... node  #0, CPUs:     #8
[    0.504060] .... node  #1, CPUs:     #9
[    0.509921] .... node  #0, CPUs:    #10
[    0.515559] .... node  #1, CPUs:    #11
[    0.521304] .... node  #0, CPUs:    #12
[    0.526840] .... node  #1, CPUs:    #13
[    0.532233] .... node  #0, CPUs:    #14
[    0.537471] .... node  #1, CPUs:    #15
[    0.542826] .... node  #0, CPUs:    #16
[    0.548107] .... node  #1, CPUs:    #17
[    0.553449] .... node  #0, CPUs:    #18
[    0.558715] .... node  #1, CPUs:    #19
[    0.564382] .... node  #0, CPUs:    #20
[    0.569894] .... node  #1, CPUs:    #21
[    0.575279] .... node  #0, CPUs:    #22
[    0.580729] .... node  #1, CPUs:    #23
[    0.586021] .... node  #0, CPUs:    #24
[    0.591663] .... node  #1, CPUs:    #25
[    0.597031] .... node  #0, CPUs:    #26
[    0.602257] .... node  #1, CPUs:    #27
[    0.607592] .... node  #0, CPUs:    #28
[    0.613120] .... node  #1, CPUs:    #29
[    0.618430] .... node  #0, CPUs:    #30
[    0.623670] .... node  #1, CPUs:    #31
[    0.629182] .... node  #0, CPUs:    #32
[    0.634472] .... node  #1, CPUs:    #33
[    0.639873] .... node  #0, CPUs:    #34
[    0.645333] .... node  #1, CPUs:    #35
[    0.650666] .... node  #0, CPUs:    #36
[    0.655901] .... node  #1, CPUs:    #37
[    0.661227] .... node  #0, CPUs:    #38
[    0.666793] .... node  #1, CPUs:    #39
[    0.672348] .... node  #0, CPUs:    #40
[    0.677977] .... node  #1, CPUs:    #41
[    0.683739] .... node  #0, CPUs:    #42
[    0.689060] .... node  #1, CPUs:    #43
[    0.694726] .... node  #0, CPUs:    #44
[    0.700105] .... node  #1, CPUs:    #45
[    0.705824] .... node  #0, CPUs:    #46
[    0.711165] .... node  #1, CPUs:    #47
[    0.716626] .... node  #0, CPUs:    #48
[    0.721983] .... node  #1, CPUs:    #49
[    0.727452] .... node  #0, CPUs:    #50
[    0.732969] .... node  #1, CPUs:    #51
[    0.738622] .... node  #0, CPUs:    #52
[    0.744105] .... node  #1, CPUs:    #53
[    0.749926] .... node  #0, CPUs:    #54
[    0.755443] .... node  #1, CPUs:    #55
[    0.761267] .... node  #0, CPUs:    #56
[    0.767423] .... node  #1, CPUs:    #57
[    0.773360] .... node  #0, CPUs:    #58
[    0.778803] .... node  #1, CPUs:    #59
[    0.784255] .... node  #0, CPUs:    #60
[    0.789932] .... node  #1, CPUs:    #61
[    0.795107] .... node  #0, CPUs:    #62
[    0.800718] .... node  #1, CPUs:    #63
[    0.806344] .... node  #0, CPUs:    #64
[    0.811669] .... node  #1, CPUs:    #65
[    0.817430] .... node  #0, CPUs:    #66
[    0.823194] .... node  #1, CPUs:    #67
[    0.828979] .... node  #0, CPUs:    #68
[    0.834513] .... node  #1, CPUs:    #69
[    0.839912] .... node  #0, CPUs:    #70
[    0.845172] .... node  #1, CPUs:    #71
[    0.850532] .... node  #0, CPUs:    #72
[    0.855849] .... node  #1, CPUs:    #73
[    0.861197] .... node  #0, CPUs:    #74
[    0.866479] .... node  #1, CPUs:    #75
[    0.872147] .... node  #0, CPUs:    #76
[    0.877423] .... node  #1, CPUs:    #77
[    0.883065] .... node  #0, CPUs:    #78
[    0.888528] .... node  #1, CPUs:    #79
[    0.893918] .... node  #0, CPUs:    #80
[    0.899513] .... node  #1, CPUs:    #81
[    0.904894] .... node  #0, CPUs:    #82
[    0.910145] .... node  #1, CPUs:    #83
[    0.915489] .... node  #0, CPUs:    #84
[    0.921018] .... node  #1, CPUs:    #85
[    0.926360] .... node  #0, CPUs:    #86
[    0.931630] .... node  #1, CPUs:    #87
[    0.937145] .... node  #0, CPUs:    #88
[    0.942472] .... node  #1, CPUs:    #89
[    0.947879] .... node  #0, CPUs:    #90
[    0.953358] .... node  #1, CPUs:    #91
[    0.958718] .... node  #0, CPUs:    #92
[    0.963962] .... node  #1, CPUs:    #93
[    0.969326] .... node  #0, CPUs:    #94
[    0.974922] .... node  #1, CPUs:    #95
[    0.980492] .... node  #0, CPUs:    #96
[    0.986124] .... node  #1, CPUs:    #97
[    0.991915] .... node  #0, CPUs:    #98
[    0.997273] .... node  #1, CPUs:    #99
[    1.002949] .... node  #0, CPUs:   #100
[    1.008334] .... node  #1, CPUs:   #101
[    1.013923] .... node  #0, CPUs:   #102
[    1.019400] .... node  #1, CPUs:   #103
[    1.024893] .... node  #0, CPUs:   #104
[    1.030260] .... node  #1, CPUs:   #105
[    1.035736] .... node  #0, CPUs:   #106
[    1.041264] .... node  #1, CPUs:   #107
[    1.046948] .... node  #0, CPUs:   #108
[    1.052448] .... node  #1, CPUs:   #109
[    1.058083] .... node  #0, CPUs:   #110
[    1.063822] .... node  #1, CPUs:   #111
[    1.069860] smp: Brought up 2 nodes, 112 CPUs
[    1.069862] smpboot: Max logical packages: 2
[    1.069864] smpboot: Total of 112 processors activated (448084.56 BogoMIPS)
[    1.077307] devtmpfs: initialized
[    1.077307] x86/mm: Memory block size: 2048MB
[    1.077975] ACPI: PM: Registering ACPI NVS region [mem 0x49e77000-0x4ae76fff] (16777216 bytes)
[    1.078059] ACPI: PM: Registering ACPI NVS region [mem 0x6e3ff000-0x6f3fefff] (16777216 bytes)
[    1.078334] clocksource: jiffies: mask: 0xffffffff max_cycles: 0xffffffff, max_idle_ns: 7645041785100000 ns
[    1.078640] futex hash table entries: 32768 (order: 9, 2097152 bytes, vmalloc)
[    1.078889] pinctrl core: initialized pinctrl subsystem
[    1.079039] PM: RTC time: 13:54:21, date: 2024-06-20
[    1.079975] NET: Registered PF_NETLINK/PF_ROUTE protocol family
[    1.080770] DMA: preallocated 4096 KiB GFP_KERNEL pool for atomic allocations
[    1.081276] DMA: preallocated 4096 KiB GFP_KERNEL|GFP_DMA pool for atomic allocations
[    1.081973] DMA: preallocated 4096 KiB GFP_KERNEL|GFP_DMA32 pool for atomic allocations
[    1.081981] audit: initializing netlink subsys (disabled)
[    1.081989] audit: type=2000 audit(1718891660.760:1): state=initialized audit_enabled=0 res=1
[    1.081989] thermal_sys: Registered thermal governor 'fair_share'
[    1.081989] thermal_sys: Registered thermal governor 'bang_bang'
[    1.081989] thermal_sys: Registered thermal governor 'step_wise'
[    1.081989] thermal_sys: Registered thermal governor 'user_space'
[    1.081989] EISA bus registered
[    1.081989] cpuidle: using governor ladder
[    1.081989] cpuidle: using governor menu
[    1.081989] ACPI FADT declares the system doesn't support PCIe ASPM, so disable it
[    1.081989] acpiphp: ACPI Hot Plug PCI Controller Driver version: 0.5
[    1.081989] PCI: MMCONFIG for domain 0000 [bus 00-ff] at [mem 0x80000000-0x8fffffff] (base 0x80000000)
[    1.081989] PCI: MMCONFIG at [mem 0x80000000-0x8fffffff] reserved in E820
[    1.081989] pmd_set_huge: Cannot satisfy [mem 0x80000000-0x80200000] with a huge-page mapping due to MTRR override.
[    1.082157] PCI: Using configuration type 1 for base access
[    1.082166] PCI: Dell System detected, enabling pci=bfsort.
[    1.084316] ENERGY_PERF_BIAS: Set to 'normal', was 'performance'
[    1.087161] kprobes: kprobe jump-optimization is enabled. All kprobes are optimized if possible.
[    1.089858] HugeTLB registered 1.00 GiB page size, pre-allocated 0 pages
[    1.089858] HugeTLB registered 2.00 MiB page size, pre-allocated 0 pages
[    1.090161] fbcon: Taking over console
[    1.090161] ACPI: Added _OSI(Module Device)
[    1.090161] ACPI: Added _OSI(Processor Device)
[    1.090161] ACPI: Added _OSI(3.0 _SCP Extensions)
[    1.090161] ACPI: Added _OSI(Processor Aggregator Device)
[    1.090161] ACPI: Added _OSI(Linux-Dell-Video)
[    1.090161] ACPI: Added _OSI(Linux-Lenovo-NV-HDMI-Audio)
[    1.090161] ACPI: Added _OSI(Linux-HPI-Hybrid-Graphics)
[    1.262158] ACPI: 8 ACPI AML tables successfully acquired and loaded
[    1.268441] ACPI: [Firmware Bug]: BIOS _OSI(Linux) query ignored
[    1.274391] ACPI: Dynamic OEM Table Load:
[    1.692415] ACPI: Interpreter enabled
[    1.692436] ACPI: PM: (supports S0 S5)
[    1.692437] ACPI: Using IOAPIC for interrupt routing
[    1.692520] HEST: Table parsing has been initialized.
[    1.692704] GHES: APEI firmware first mode is enabled by APEI bit and WHEA _OSC.
[    1.692707] PCI: Using host bridge windows from ACPI; if necessary, use "pci=nocrs" and report a bug
[    1.722676] ACPI: Enabled 4 GPEs in block 00 to 7F
[    1.851218] ACPI: PCI Root Bridge [PC00] (domain 0000 [bus 00-15])
[    1.851225] acpi PNP0A08:00: _OSC: OS supports [ExtendedConfig ASPM ClockPM Segments MSI HPX-Type3]
[    1.920053] acpi PNP0A08:00: _OSC: platform does not support [SHPCHotplug AER LTR]
[    1.920284] acpi PNP0A08:00: _OSC: OS now controls [PCIeHotplug PME PCIeCapability]
[    1.920285] acpi PNP0A08:00: FADT indicates ASPM is unsupported, using BIOS configuration
[    1.922199] PCI host bridge to bus 0000:00
[    1.922200] pci_bus 0000:00: root bus resource [io  0x0000-0x0cf7 window]
[    1.922203] pci_bus 0000:00: root bus resource [io  0x1000-0x4fff window]
[    1.922204] pci_bus 0000:00: root bus resource [mem 0x000a0000-0x000bffff window]
[    1.922206] pci_bus 0000:00: root bus resource [mem 0x000c8000-0x000cffff window]
[    1.922207] pci_bus 0000:00: root bus resource [mem 0xfe010000-0xfe010fff window]
[    1.922208] pci_bus 0000:00: root bus resource [mem 0x90000000-0x9b7fffff window]
[    1.922209] pci_bus 0000:00: root bus resource [mem 0x200000000000-0x20ffffffffff window]
[    1.922211] pci_bus 0000:00: root bus resource [bus 00-15]
[    1.922225] pci 0000:00:00.0: [8086:09a2] type 00 class 0x088000
[    1.922327] pci 0000:00:00.1: [8086:09a4] type 00 class 0x088000
[    1.922395] pci 0000:00:00.2: [8086:09a3] type 00 class 0x088000
[    1.922463] pci 0000:00:00.4: [8086:0998] type 00 class 0x060000
[    1.922531] pci 0000:00:02.0: [8086:09a6] type 00 class 0x088000
[    1.922540] pci 0000:00:02.0: reg 0x10: [mem 0x92dfc000-0x92dfdfff]
[    1.922615] pci 0000:00:02.1: [8086:09a7] type 00 class 0x088000
[    1.922623] pci 0000:00:02.1: reg 0x10: [mem 0x92d00000-0x92d7ffff]
[    1.922629] pci 0000:00:02.1: reg 0x14: [mem 0x92c80000-0x92cfffff]
[    1.922705] pci 0000:00:02.4: [8086:3456] type 00 class 0x130000
[    1.922715] pci 0000:00:02.4: reg 0x10: [mem 0x92a00000-0x92afffff 64bit]
[    1.922722] pci 0000:00:02.4: reg 0x18: [mem 0x92df0000-0x92df3fff 64bit]
[    1.922729] pci 0000:00:02.4: reg 0x20: [mem 0x92dc0000-0x92ddffff 64bit]
[    1.922809] pci 0000:00:11.0: [8086:a1ec] type 00 class 0xff0000
[    1.922811] pci 0000:00:11.0: device has non-compliant BARs; disabling IO/MEM decoding
[    1.922902] pci 0000:00:11.5: [8086:a1d2] type 00 class 0x010601
[    1.922915] pci 0000:00:11.5: reg 0x10: [mem 0x92dfa000-0x92dfbfff]
[    1.922922] pci 0000:00:11.5: reg 0x14: [mem 0x92e05000-0x92e050ff]
[    1.922930] pci 0000:00:11.5: reg 0x18: [io  0x2068-0x206f]
[    1.922937] pci 0000:00:11.5: reg 0x1c: [io  0x2074-0x2077]
[    1.922945] pci 0000:00:11.5: reg 0x20: [io  0x2040-0x205f]
[    1.922952] pci 0000:00:11.5: reg 0x24: [mem 0x92b80000-0x92bfffff]
[    1.922990] pci 0000:00:11.5: PME# supported from D3hot
[    1.923207] pci 0000:00:14.0: [8086:a1af] type 00 class 0x0c0330
[    1.923225] pci 0000:00:14.0: reg 0x10: [mem 0x92de0000-0x92deffff 64bit]
[    1.923288] pci 0000:00:14.0: PME# supported from D3hot D3cold
[    1.923522] pci 0000:00:14.2: [8086:a1b1] type 00 class 0x118000
[    1.923539] pci 0000:00:14.2: reg 0x10: [mem 0x92e02000-0x92e02fff 64bit]
[    1.923663] pci 0000:00:16.0: [8086:a1ba] type 00 class 0x078000
[    1.923686] pci 0000:00:16.0: reg 0x10: [mem 0x92e01000-0x92e01fff 64bit]
[    1.923769] pci 0000:00:16.0: PME# supported from D3hot
[    1.923831] pci 0000:00:16.1: [8086:a1bb] type 00 class 0x078000
[    1.923855] pci 0000:00:16.1: reg 0x10: [mem 0x92e00000-0x92e00fff 64bit]
[    1.923938] pci 0000:00:16.1: PME# supported from D3hot
[    1.924003] pci 0000:00:16.4: [8086:a1be] type 00 class 0x078000
[    1.924026] pci 0000:00:16.4: reg 0x10: [mem 0x92dff000-0x92dfffff 64bit]
[    1.924109] pci 0000:00:16.4: PME# supported from D3hot
[    1.924181] pci 0000:00:17.0: [8086:a182] type 00 class 0x010601
[    1.924194] pci 0000:00:17.0: reg 0x10: [mem 0x92df8000-0x92df9fff]
[    1.924201] pci 0000:00:17.0: reg 0x14: [mem 0x92e04000-0x92e040ff]
[    1.924209] pci 0000:00:17.0: reg 0x18: [io  0x2060-0x2067]
[    1.924216] pci 0000:00:17.0: reg 0x1c: [io  0x2070-0x2073]
[    1.924223] pci 0000:00:17.0: reg 0x20: [io  0x2020-0x203f]
[    1.924230] pci 0000:00:17.0: reg 0x24: [mem 0x92b00000-0x92b7ffff]
[    1.924267] pci 0000:00:17.0: PME# supported from D3hot
[    1.924476] pci 0000:00:1c.0: [8086:a190] type 01 class 0x060400
[    1.924552] pci 0000:00:1c.0: PME# supported from D0 D3hot D3cold
[    1.925217] pci 0000:00:1c.4: [8086:a194] type 01 class 0x060400
[    1.925287] pci 0000:00:1c.4: PME# supported from D0 D3hot D3cold
[    1.925997] pci 0000:00:1c.5: [8086:a195] type 01 class 0x060400
[    1.926070] pci 0000:00:1c.5: PME# supported from D0 D3hot D3cold
[    1.926717] pci 0000:00:1f.0: [8086:a1cb] type 00 class 0x060100
[    1.927022] pci 0000:00:1f.2: [8086:a1a1] type 00 class 0x058000
[    1.927037] pci 0000:00:1f.2: reg 0x10: [mem 0x92df4000-0x92df7fff]
[    1.927285] pci 0000:00:1f.4: [8086:a1a3] type 00 class 0x0c0500
[    1.927304] pci 0000:00:1f.4: reg 0x10: [mem 0x92dfe000-0x92dfe0ff 64bit]
[    1.927327] pci 0000:00:1f.4: reg 0x20: [io  0x2000-0x201f]
[    1.927394] pci 0000:00:1f.5: [8086:a1a4] type 00 class 0x0c8000
[    1.927410] pci 0000:00:1f.5: reg 0x10: [mem 0xfe010000-0xfe010fff]
[    1.927545] pci 0000:00:1c.0: PCI bridge to [bus 01]
[    1.927596] pci 0000:02:00.0: [1556:be00] type 01 class 0x060400
[    1.927767] pci 0000:00:1c.4: PCI bridge to [bus 02-03]
[    1.927772] pci 0000:00:1c.4:   bridge window [mem 0x92000000-0x928fffff]
[    1.927776] pci 0000:00:1c.4:   bridge window [mem 0x91000000-0x91ffffff 64bit pref]
[    1.927808] pci_bus 0000:03: extended config space not accessible
[    1.927825] pci 0000:03:00.0: [102b:0536] type 00 class 0x030000
[    1.927844] pci 0000:03:00.0: reg 0x10: [mem 0x91000000-0x91ffffff pref]
[    1.927855] pci 0000:03:00.0: reg 0x14: [mem 0x92808000-0x9280bfff]
[    1.927866] pci 0000:03:00.0: reg 0x18: [mem 0x92000000-0x927fffff]
[    1.927914] pci 0000:03:00.0: BAR 0: assigned to efifb
[    1.927923] pci 0000:03:00.0: Video device with shadowed ROM at [mem 0x000c0000-0x000dffff]
[    1.928024] pci 0000:02:00.0: PCI bridge to [bus 03]
[    1.928033] pci 0000:02:00.0:   bridge window [mem 0x92000000-0x928fffff]
[    1.928039] pci 0000:02:00.0:   bridge window [mem 0x91000000-0x91ffffff 64bit pref]
[    1.928109] pci 0000:04:00.0: [14e4:165f] type 00 class 0x020000
[    1.928133] pci 0000:04:00.0: reg 0x10: [mem 0x92930000-0x9293ffff 64bit pref]
[    1.928149] pci 0000:04:00.0: reg 0x18: [mem 0x92940000-0x9294ffff 64bit pref]
[    1.928164] pci 0000:04:00.0: reg 0x20: [mem 0x92950000-0x9295ffff 64bit pref]
[    1.928175] pci 0000:04:00.0: reg 0x30: [mem 0xfffc0000-0xffffffff pref]
[    1.928270] pci 0000:04:00.0: PME# supported from D0 D3hot D3cold
[    1.928323] pci 0000:04:00.0: 4.000 Gb/s available PCIe bandwidth, limited by 5.0 GT/s PCIe x1 link at 0000:00:1c.5 (capable of 8.000 Gb/s with 5.0 GT/s PCIe x2 link)
[    1.928884] pci 0000:04:00.1: [14e4:165f] type 00 class 0x020000
[    1.928908] pci 0000:04:00.1: reg 0x10: [mem 0x92900000-0x9290ffff 64bit pref]
[    1.928924] pci 0000:04:00.1: reg 0x18: [mem 0x92910000-0x9291ffff 64bit pref]
[    1.928940] pci 0000:04:00.1: reg 0x20: [mem 0x92920000-0x9292ffff 64bit pref]
[    1.928951] pci 0000:04:00.1: reg 0x30: [mem 0xfffc0000-0xffffffff pref]
[    1.929046] pci 0000:04:00.1: PME# supported from D0 D3hot D3cold
[    1.929623] pci 0000:00:1c.5: PCI bridge to [bus 04]
[    1.929630] pci 0000:00:1c.5:   bridge window [mem 0x92900000-0x929fffff 64bit pref]
[    1.929645] pci_bus 0000:00: on NUMA node 0
[    1.930241] ACPI: PCI Root Bridge [PC01] (domain 0000 [bus 16-2f])
[    1.930245] acpi PNP0A08:01: _OSC: OS supports [ExtendedConfig ASPM ClockPM Segments MSI HPX-Type3]
[    1.945041] acpi PNP0A08:01: _OSC: platform does not support [SHPCHotplug AER]
[    1.945259] acpi PNP0A08:01: _OSC: OS now controls [PCIeHotplug PME PCIeCapability LTR]
[    1.945260] acpi PNP0A08:01: FADT indicates ASPM is unsupported, using BIOS configuration
[    1.945392] PCI host bridge to bus 0000:16
[    1.945394] pci_bus 0000:16: root bus resource [io  0x5000-0x6fff window]
[    1.945395] pci_bus 0000:16: root bus resource [mem 0x9b800000-0xa63fffff window]
[    1.945397] pci_bus 0000:16: root bus resource [mem 0x210000000000-0x21ffffffffff window]
[    1.945398] pci_bus 0000:16: root bus resource [bus 16-2f]
[    1.945408] pci 0000:16:00.0: [8086:09a2] type 00 class 0x088000
[    1.945477] pci 0000:16:00.1: [8086:09a4] type 00 class 0x088000
[    1.945540] pci 0000:16:00.2: [8086:09a3] type 00 class 0x088000
[    1.945602] pci 0000:16:00.4: [8086:0998] type 00 class 0x060000
[    1.945674] pci 0000:16:02.0: [8086:347a] type 01 class 0x060400
[    1.945684] pci 0000:16:02.0: reg 0x10: [mem 0x21fffff00000-0x21fffff1ffff 64bit]
[    1.945722] pci 0000:16:02.0: PME# supported from D0 D3hot D3cold
[    1.946674] pci 0000:17:00.0: [1000:10e2] type 00 class 0x010400
[    1.946687] pci 0000:17:00.0: reg 0x10: [mem 0x9b800000-0x9b8fffff 64bit pref]
[    1.946696] pci 0000:17:00.0: reg 0x18: [mem 0x9b900000-0x9b9fffff 64bit pref]
[    1.946702] pci 0000:17:00.0: reg 0x20: [mem 0x9ba00000-0x9bafffff]
[    1.946708] pci 0000:17:00.0: reg 0x24: [io  0x5000-0x50ff]
[    1.946713] pci 0000:17:00.0: reg 0x30: [mem 0xfff00000-0xffffffff pref]
[    1.947834] pci 0000:17:00.0: supports D1 D2
[    1.947903] pci 0000:16:02.0: PCI bridge to [bus 17]
[    1.947905] pci 0000:16:02.0:   bridge window [io  0x5000-0x5fff]
[    1.947907] pci 0000:16:02.0:   bridge window [mem 0x9ba00000-0x9bafffff]
[    1.947910] pci 0000:16:02.0:   bridge window [mem 0x9b800000-0x9b9fffff 64bit pref]
[    1.947916] pci_bus 0000:16: on NUMA node 0
[    1.947995] ACPI: PCI Root Bridge [PC02] (domain 0000 [bus 30-49])
[    1.947998] acpi PNP0A08:02: _OSC: OS supports [ExtendedConfig ASPM ClockPM Segments MSI HPX-Type3]
[    1.962501] acpi PNP0A08:02: _OSC: platform does not support [SHPCHotplug AER]
[    1.962716] acpi PNP0A08:02: _OSC: OS now controls [PCIeHotplug PME PCIeCapability LTR]
[    1.962718] acpi PNP0A08:02: FADT indicates ASPM is unsupported, using BIOS configuration
[    1.962840] PCI host bridge to bus 0000:30
[    1.962841] pci_bus 0000:30: root bus resource [io  0x7000-0x8fff window]
[    1.962843] pci_bus 0000:30: root bus resource [mem 0xa6400000-0xb0ffffff window]
[    1.962844] pci_bus 0000:30: root bus resource [mem 0x220000000000-0x22ffffffffff window]
[    1.962846] pci_bus 0000:30: root bus resource [bus 30-49]
[    1.962856] pci 0000:30:00.0: [8086:09a2] type 00 class 0x088000
[    1.962925] pci 0000:30:00.1: [8086:09a4] type 00 class 0x088000
[    1.962987] pci 0000:30:00.2: [8086:09a3] type 00 class 0x088000
[    1.963049] pci 0000:30:00.4: [8086:0998] type 00 class 0x060000
[    1.963118] pci_bus 0000:30: on NUMA node 0
[    1.963224] ACPI: PCI Root Bridge [PC04] (domain 0000 [bus 4a-63])
[    1.963227] acpi PNP0A08:04: _OSC: OS supports [ExtendedConfig ASPM ClockPM Segments MSI HPX-Type3]
[    1.977696] acpi PNP0A08:04: _OSC: platform does not support [SHPCHotplug AER]
[    1.977909] acpi PNP0A08:04: _OSC: OS now controls [PCIeHotplug PME PCIeCapability LTR]
[    1.977910] acpi PNP0A08:04: FADT indicates ASPM is unsupported, using BIOS configuration
[    1.978035] PCI host bridge to bus 0000:4a
[    1.978036] pci_bus 0000:4a: root bus resource [io  0x9000-0x9fff window]
[    1.978038] pci_bus 0000:4a: root bus resource [mem 0xb1000000-0xbbbfffff window]
[    1.978039] pci_bus 0000:4a: root bus resource [mem 0x230000000000-0x23ffffffffff window]
[    1.978040] pci_bus 0000:4a: root bus resource [bus 4a-63]
[    1.978049] pci 0000:4a:00.0: [8086:09a2] type 00 class 0x088000
[    1.978113] pci 0000:4a:00.1: [8086:09a4] type 00 class 0x088000
[    1.978180] pci 0000:4a:00.2: [8086:09a3] type 00 class 0x088000
[    1.978241] pci 0000:4a:00.4: [8086:0998] type 00 class 0x060000
[    1.978315] pci_bus 0000:4a: on NUMA node 0
[    1.978389] ACPI: PCI Root Bridge [PC05] (domain 0000 [bus 64-7d])
[    1.978392] acpi PNP0A08:05: _OSC: OS supports [ExtendedConfig ASPM ClockPM Segments MSI HPX-Type3]
[    1.992841] acpi PNP0A08:05: _OSC: platform does not support [SHPCHotplug AER]
[    1.993054] acpi PNP0A08:05: _OSC: OS now controls [PCIeHotplug PME PCIeCapability LTR]
[    1.993055] acpi PNP0A08:05: FADT indicates ASPM is unsupported, using BIOS configuration
[    1.993176] PCI host bridge to bus 0000:64
[    1.993177] pci_bus 0000:64: root bus resource [io  0xa000-0xafff window]
[    1.993178] pci_bus 0000:64: root bus resource [mem 0xbbc00000-0xc5ffffff window]
[    1.993180] pci_bus 0000:64: root bus resource [mem 0x240000000000-0x24ffffffffff window]
[    1.993181] pci_bus 0000:64: root bus resource [bus 64-7d]
[    1.993190] pci 0000:64:00.0: [8086:09a2] type 00 class 0x088000
[    1.993254] pci 0000:64:00.1: [8086:09a4] type 00 class 0x088000
[    1.993315] pci 0000:64:00.2: [8086:09a3] type 00 class 0x088000
[    1.993377] pci 0000:64:00.4: [8086:0998] type 00 class 0x060000
[    1.993446] pci_bus 0000:64: on NUMA node 0
[    1.993513] ACPI: PCI Root Bridge [UC06] (domain 0000 [bus 7e])
[    1.993516] acpi PNP0A03:00: _OSC: OS supports [ExtendedConfig ASPM ClockPM Segments MSI HPX-Type3]
[    1.993614] acpi PNP0A03:00: _OSC: platform does not support [SHPCHotplug AER LTR]
[    1.993795] acpi PNP0A03:00: _OSC: OS now controls [PCIeHotplug PME PCIeCapability]
[    1.993796] acpi PNP0A03:00: FADT indicates ASPM is unsupported, using BIOS configuration
[    1.993933] PCI host bridge to bus 0000:7e
[    1.993934] pci_bus 0000:7e: root bus resource [bus 7e]
[    1.993943] pci 0000:7e:00.0: [8086:3450] type 00 class 0x088000
[    1.994016] pci 0000:7e:00.1: [8086:3451] type 00 class 0x088000
[    1.994076] pci 0000:7e:00.2: [8086:3452] type 00 class 0x088000
[    1.994145] pci 0000:7e:00.3: [8086:0998] type 00 class 0x060000
[    1.994200] pci 0000:7e:00.5: [8086:3455] type 00 class 0x088000
[    1.994261] pci 0000:7e:02.0: [8086:3440] type 00 class 0x088000
[    1.994387] pci 0000:7e:02.1: [8086:3441] type 00 class 0x088000
[    1.994494] pci 0000:7e:02.2: [8086:3442] type 00 class 0x088000
[    1.994601] pci 0000:7e:03.0: [8086:3440] type 00 class 0x088000
[    1.994692] pci 0000:7e:03.1: [8086:3441] type 00 class 0x088000
[    1.994769] pci 0000:7e:03.2: [8086:3442] type 00 class 0x088000
[    1.994850] pci 0000:7e:04.0: [8086:3440] type 00 class 0x088000
[    1.994969] pci 0000:7e:04.1: [8086:3441] type 00 class 0x088000
[    1.995085] pci 0000:7e:04.2: [8086:3442] type 00 class 0x088000
[    1.995200] pci 0000:7e:04.3: [8086:3443] type 00 class 0x088000
[    1.995318] pci 0000:7e:05.0: [8086:3445] type 00 class 0x088000
[    1.995443] pci 0000:7e:05.1: [8086:3446] type 00 class 0x088000
[    1.995553] pci 0000:7e:05.2: [8086:3447] type 00 class 0x088000
[    1.995666] pci 0000:7e:06.0: [8086:3445] type 00 class 0x088000
[    1.995759] pci 0000:7e:06.1: [8086:3446] type 00 class 0x088000
[    1.995836] pci 0000:7e:06.2: [8086:3447] type 00 class 0x088000
[    1.995920] pci 0000:7e:07.0: [8086:3445] type 00 class 0x088000
[    1.996053] pci 0000:7e:07.1: [8086:3446] type 00 class 0x088000
[    1.996171] pci 0000:7e:07.2: [8086:3447] type 00 class 0x088000
[    1.996287] pci 0000:7e:0b.0: [8086:3448] type 00 class 0x088000
[    1.996365] pci 0000:7e:0b.1: [8086:3448] type 00 class 0x088000
[    1.996433] pci 0000:7e:0b.2: [8086:344b] type 00 class 0x088000
[    1.996501] pci 0000:7e:0c.0: [8086:344a] type 00 class 0x110100
[    1.996603] pci 0000:7e:0d.0: [8086:344a] type 00 class 0x110100
[    1.996703] pci 0000:7e:0e.0: [8086:344a] type 00 class 0x110100
[    1.996847] pci 0000:7e:0f.0: [8086:344a] type 00 class 0x110100
[    1.997000] pci 0000:7e:1a.0: [8086:2880] type 00 class 0x110100
[    1.997100] pci 0000:7e:1b.0: [8086:2880] type 00 class 0x110100
[    1.997197] pci 0000:7e:1c.0: [8086:2880] type 00 class 0x110100
[    1.997353] pci 0000:7e:1d.0: [8086:2880] type 00 class 0x110100
[    1.997499] pci_bus 0000:7e: on NUMA node 0
[    1.997583] ACPI: PCI Root Bridge [UC07] (domain 0000 [bus 7f])
[    1.997585] acpi PNP0A03:01: _OSC: OS supports [ExtendedConfig ASPM ClockPM Segments MSI HPX-Type3]
[    1.997685] acpi PNP0A03:01: _OSC: platform does not support [SHPCHotplug AER LTR]
[    1.997866] acpi PNP0A03:01: _OSC: OS now controls [PCIeHotplug PME PCIeCapability]
[    1.997867] acpi PNP0A03:01: FADT indicates ASPM is unsupported, using BIOS configuration
[    1.998016] PCI host bridge to bus 0000:7f
[    1.998018] pci_bus 0000:7f: root bus resource [bus 7f]
[    1.998032] pci 0000:7f:00.0: [8086:344c] type 00 class 0x088000
[    1.998148] pci 0000:7f:00.1: [8086:344c] type 00 class 0x088000
[    1.998258] pci 0000:7f:00.2: [8086:344c] type 00 class 0x088000
[    1.998368] pci 0000:7f:00.3: [8086:344c] type 00 class 0x088000
[    1.998458] pci 0000:7f:00.4: [8086:344c] type 00 class 0x088000
[    1.998577] pci 0000:7f:00.5: [8086:344c] type 00 class 0x088000
[    1.998693] pci 0000:7f:00.6: [8086:344c] type 00 class 0x088000
[    1.998775] pci 0000:7f:00.7: [8086:344c] type 00 class 0x088000
[    1.998858] pci 0000:7f:01.0: [8086:344c] type 00 class 0x088000
[    1.998999] pci 0000:7f:01.1: [8086:344c] type 00 class 0x088000
[    1.999117] pci 0000:7f:01.2: [8086:344c] type 00 class 0x088000
[    1.999196] pci 0000:7f:01.3: [8086:344c] type 00 class 0x088000
[    1.999326] pci 0000:7f:01.4: [8086:344c] type 00 class 0x088000
[    1.999458] pci 0000:7f:01.5: [8086:344c] type 00 class 0x088000
[    1.999593] pci 0000:7f:01.6: [8086:344c] type 00 class 0x088000
[    1.999719] pci 0000:7f:01.7: [8086:344c] type 00 class 0x088000
[    1.999846] pci 0000:7f:02.0: [8086:344c] type 00 class 0x088000
[    1.999990] pci 0000:7f:02.1: [8086:344c] type 00 class 0x088000
[    2.000121] pci 0000:7f:02.2: [8086:344c] type 00 class 0x088000
[    2.000252] pci 0000:7f:02.3: [8086:344c] type 00 class 0x088000
[    2.000390] pci 0000:7f:02.4: [8086:344c] type 00 class 0x088000
[    2.000526] pci 0000:7f:02.5: [8086:344c] type 00 class 0x088000
[    2.000663] pci 0000:7f:02.6: [8086:344c] type 00 class 0x088000
[    2.000814] pci 0000:7f:02.7: [8086:344c] type 00 class 0x088000
[    2.000961] pci 0000:7f:03.0: [8086:344c] type 00 class 0x088000
[    2.001119] pci 0000:7f:03.1: [8086:344c] type 00 class 0x088000
[    2.001270] pci 0000:7f:03.2: [8086:344c] type 00 class 0x088000
[    2.001419] pci 0000:7f:03.3: [8086:344c] type 00 class 0x088000
[    2.001578] pci 0000:7f:0a.0: [8086:344d] type 00 class 0x088000
[    2.001693] pci 0000:7f:0a.1: [8086:344d] type 00 class 0x088000
[    2.001803] pci 0000:7f:0a.2: [8086:344d] type 00 class 0x088000
[    2.001917] pci 0000:7f:0a.3: [8086:344d] type 00 class 0x088000
[    2.002013] pci 0000:7f:0a.4: [8086:344d] type 00 class 0x088000
[    2.002134] pci 0000:7f:0a.5: [8086:344d] type 00 class 0x088000
[    2.002250] pci 0000:7f:0a.6: [8086:344d] type 00 class 0x088000
[    2.002327] pci 0000:7f:0a.7: [8086:344d] type 00 class 0x088000
[    2.002409] pci 0000:7f:0b.0: [8086:344d] type 00 class 0x088000
[    2.002550] pci 0000:7f:0b.1: [8086:344d] type 00 class 0x088000
[    2.002671] pci 0000:7f:0b.2: [8086:344d] type 00 class 0x088000
[    2.002756] pci 0000:7f:0b.3: [8086:344d] type 00 class 0x088000
[    2.002887] pci 0000:7f:0b.4: [8086:344d] type 00 class 0x088000
[    2.003018] pci 0000:7f:0b.5: [8086:344d] type 00 class 0x088000
[    2.003154] pci 0000:7f:0b.6: [8086:344d] type 00 class 0x088000
[    2.003274] pci 0000:7f:0b.7: [8086:344d] type 00 class 0x088000
[    2.003402] pci 0000:7f:0c.0: [8086:344d] type 00 class 0x088000
[    2.003546] pci 0000:7f:0c.1: [8086:344d] type 00 class 0x088000
[    2.003677] pci 0000:7f:0c.2: [8086:344d] type 00 class 0x088000
[    2.003813] pci 0000:7f:0c.3: [8086:344d] type 00 class 0x088000
[    2.003951] pci 0000:7f:0c.4: [8086:344d] type 00 class 0x088000
[    2.004088] pci 0000:7f:0c.5: [8086:344d] type 00 class 0x088000
[    2.004225] pci 0000:7f:0c.6: [8086:344d] type 00 class 0x088000
[    2.004371] pci 0000:7f:0c.7: [8086:344d] type 00 class 0x088000
[    2.004518] pci 0000:7f:0d.0: [8086:344d] type 00 class 0x088000
[    2.004681] pci 0000:7f:0d.1: [8086:344d] type 00 class 0x088000
[    2.004832] pci 0000:7f:0d.2: [8086:344d] type 00 class 0x088000
[    2.004986] pci 0000:7f:0d.3: [8086:344d] type 00 class 0x088000
[    2.005155] pci 0000:7f:1d.0: [8086:344f] type 00 class 0x088000
[    2.005277] pci 0000:7f:1d.1: [8086:3457] type 00 class 0x088000
[    2.005382] pci 0000:7f:1e.0: [8086:3458] type 00 class 0x088000
[    2.005462] pci 0000:7f:1e.1: [8086:3459] type 00 class 0x088000
[    2.005525] pci 0000:7f:1e.2: [8086:345a] type 00 class 0x088000
[    2.005588] pci 0000:7f:1e.3: [8086:345b] type 00 class 0x088000
[    2.005649] pci 0000:7f:1e.4: [8086:345c] type 00 class 0x088000
[    2.005716] pci 0000:7f:1e.5: [8086:345d] type 00 class 0x088000
[    2.005777] pci 0000:7f:1e.6: [8086:345e] type 00 class 0x088000
[    2.005838] pci 0000:7f:1e.7: [8086:345f] type 00 class 0x088000
[    2.005894] pci_bus 0000:7f: on NUMA node 0
[    2.005999] ACPI: PCI Root Bridge [PC06] (domain 0000 [bus 80])
[    2.006002] acpi PNP0A08:06: _OSC: OS supports [ExtendedConfig ASPM ClockPM Segments MSI HPX-Type3]
[    2.020453] acpi PNP0A08:06: _OSC: platform does not support [SHPCHotplug AER]
[    2.020666] acpi PNP0A08:06: _OSC: OS now controls [PCIeHotplug PME PCIeCapability LTR]
[    2.020667] acpi PNP0A08:06: FADT indicates ASPM is unsupported, using BIOS configuration
[    2.020817] PCI host bridge to bus 0000:80
[    2.020818] pci_bus 0000:80: root bus resource [io  0xb000-0xbfff window]
[    2.020819] pci_bus 0000:80: root bus resource [mem 0xc6800000-0xd0ffffff window]
[    2.020821] pci_bus 0000:80: root bus resource [mem 0x250000000000-0x25ffffffffff window]
[    2.020822] pci_bus 0000:80: root bus resource [bus 80]
[    2.020832] pci 0000:80:00.0: [8086:09a2] type 00 class 0x088000
[    2.020918] pci 0000:80:00.1: [8086:09a4] type 00 class 0x088000
[    2.020986] pci 0000:80:00.2: [8086:09a3] type 00 class 0x088000
[    2.021056] pci 0000:80:00.4: [8086:0998] type 00 class 0x060000
[    2.021126] pci 0000:80:02.0: [8086:09a6] type 00 class 0x088000
[    2.021134] pci 0000:80:02.0: reg 0x10: [mem 0xc6aa4000-0xc6aa5fff]
[    2.021197] pci 0000:80:02.1: [8086:09a7] type 00 class 0x088000
[    2.021206] pci 0000:80:02.1: reg 0x10: [mem 0xc6a00000-0xc6a7ffff]
[    2.021212] pci 0000:80:02.1: reg 0x14: [mem 0xc6980000-0xc69fffff]
[    2.021266] pci 0000:80:02.4: [8086:3456] type 00 class 0x130000
[    2.021277] pci 0000:80:02.4: reg 0x10: [mem 0xc6800000-0xc68fffff 64bit]
[    2.021285] pci 0000:80:02.4: reg 0x18: [mem 0xc6aa0000-0xc6aa3fff 64bit]
[    2.021292] pci 0000:80:02.4: reg 0x20: [mem 0xc6a80000-0xc6a9ffff 64bit]
[    2.021357] pci_bus 0000:80: on NUMA node 1
[    2.021437] ACPI: PCI Root Bridge [PC07] (domain 0000 [bus 81])
[    2.021439] acpi PNP0A08:07: _OSC: OS supports [ExtendedConfig ASPM ClockPM Segments MSI HPX-Type3]
[    2.035854] acpi PNP0A08:07: _OSC: platform does not support [SHPCHotplug AER]
[    2.036066] acpi PNP0A08:07: _OSC: OS now controls [PCIeHotplug PME PCIeCapability LTR]
[    2.036067] acpi PNP0A08:07: FADT indicates ASPM is unsupported, using BIOS configuration
[    2.036187] PCI host bridge to bus 0000:81
[    2.036188] pci_bus 0000:81: root bus resource [io  0xc000-0xcfff window]
[    2.036189] pci_bus 0000:81: root bus resource [mem 0xd1000000-0xdbbfffff window]
[    2.036190] pci_bus 0000:81: root bus resource [mem 0x260000000000-0x26ffffffffff window]
[    2.036192] pci_bus 0000:81: root bus resource [bus 81]
[    2.036201] pci 0000:81:00.0: [8086:09a2] type 00 class 0x088000
[    2.036270] pci 0000:81:00.1: [8086:09a4] type 00 class 0x088000
[    2.036338] pci 0000:81:00.2: [8086:09a3] type 00 class 0x088000
[    2.036407] pci 0000:81:00.4: [8086:0998] type 00 class 0x060000
[    2.036484] pci_bus 0000:81: on NUMA node 1
[    2.036558] ACPI: PCI Root Bridge [PC08] (domain 0000 [bus 82])
[    2.036560] acpi PNP0A08:08: _OSC: OS supports [ExtendedConfig ASPM ClockPM Segments MSI HPX-Type3]
[    2.050992] acpi PNP0A08:08: _OSC: platform does not support [SHPCHotplug AER]
[    2.051203] acpi PNP0A08:08: _OSC: OS now controls [PCIeHotplug PME PCIeCapability LTR]
[    2.051205] acpi PNP0A08:08: FADT indicates ASPM is unsupported, using BIOS configuration
[    2.051323] PCI host bridge to bus 0000:82
[    2.051324] pci_bus 0000:82: root bus resource [io  0xd000-0xdfff window]
[    2.051325] pci_bus 0000:82: root bus resource [mem 0xdbc00000-0xe67fffff window]
[    2.051326] pci_bus 0000:82: root bus resource [mem 0x270000000000-0x27ffffffffff window]
[    2.051328] pci_bus 0000:82: root bus resource [bus 82]
[    2.051338] pci 0000:82:00.0: [8086:09a2] type 00 class 0x088000
[    2.051407] pci 0000:82:00.1: [8086:09a4] type 00 class 0x088000
[    2.051480] pci 0000:82:00.2: [8086:09a3] type 00 class 0x088000
[    2.051548] pci 0000:82:00.4: [8086:0998] type 00 class 0x060000
[    2.051625] pci_bus 0000:82: on NUMA node 1
[    2.051729] ACPI: PCI Root Bridge [PC10] (domain 0000 [bus 83-f9])
[    2.051731] acpi PNP0A08:0a: _OSC: OS supports [ExtendedConfig ASPM ClockPM Segments MSI HPX-Type3]
[    2.066184] acpi PNP0A08:0a: _OSC: platform does not support [SHPCHotplug AER]
[    2.066395] acpi PNP0A08:0a: _OSC: OS now controls [PCIeHotplug PME PCIeCapability LTR]
[    2.066396] acpi PNP0A08:0a: FADT indicates ASPM is unsupported, using BIOS configuration
[    2.066523] PCI host bridge to bus 0000:83
[    2.066524] pci_bus 0000:83: root bus resource [io  0xe000-0xefff window]
[    2.066525] pci_bus 0000:83: root bus resource [mem 0xe6800000-0xf13fffff window]
[    2.066527] pci_bus 0000:83: root bus resource [mem 0x280000000000-0x28ffffffffff window]
[    2.066528] pci_bus 0000:83: root bus resource [bus 83-f9]
[    2.066538] pci 0000:83:00.0: [8086:09a2] type 00 class 0x088000
[    2.066608] pci 0000:83:00.1: [8086:09a4] type 00 class 0x088000
[    2.066676] pci 0000:83:00.2: [8086:09a3] type 00 class 0x088000
[    2.066746] pci 0000:83:00.4: [8086:0998] type 00 class 0x060000
[    2.066824] pci_bus 0000:83: on NUMA node 1
[    2.066898] ACPI: PCI Root Bridge [PC11] (domain 0000 [bus fa])
[    2.066900] acpi PNP0A08:0b: _OSC: OS supports [ExtendedConfig ASPM ClockPM Segments MSI HPX-Type3]
[    2.081345] acpi PNP0A08:0b: _OSC: platform does not support [SHPCHotplug AER]
[    2.081556] acpi PNP0A08:0b: _OSC: OS now controls [PCIeHotplug PME PCIeCapability LTR]
[    2.081557] acpi PNP0A08:0b: FADT indicates ASPM is unsupported, using BIOS configuration
[    2.081674] PCI host bridge to bus 0000:fa
[    2.081675] pci_bus 0000:fa: root bus resource [io  0xf000-0xffff window]
[    2.081677] pci_bus 0000:fa: root bus resource [mem 0xf1400000-0xfb7fffff window]
[    2.081678] pci_bus 0000:fa: root bus resource [mem 0x290000000000-0x29ffffffffff window]
[    2.081679] pci_bus 0000:fa: root bus resource [bus fa]
[    2.081690] pci 0000:fa:00.0: [8086:09a2] type 00 class 0x088000
[    2.081759] pci 0000:fa:00.1: [8086:09a4] type 00 class 0x088000
[    2.081831] pci 0000:fa:00.2: [8086:09a3] type 00 class 0x088000
[    2.081901] pci 0000:fa:00.4: [8086:0998] type 00 class 0x060000
[    2.081980] pci_bus 0000:fa: on NUMA node 1
[    2.082047] ACPI: PCI Root Bridge [UC16] (domain 0000 [bus fe])
[    2.082049] acpi PNP0A03:02: _OSC: OS supports [ExtendedConfig ASPM ClockPM Segments MSI HPX-Type3]
[    2.082151] acpi PNP0A03:02: _OSC: platform does not support [SHPCHotplug AER LTR]
[    2.082330] acpi PNP0A03:02: _OSC: OS now controls [PCIeHotplug PME PCIeCapability]
[    2.082331] acpi PNP0A03:02: FADT indicates ASPM is unsupported, using BIOS configuration
[    2.082464] PCI host bridge to bus 0000:fe
[    2.082465] pci_bus 0000:fe: root bus resource [bus fe]
[    2.082474] pci 0000:fe:00.0: [8086:3450] type 00 class 0x088000
[    2.082550] pci 0000:fe:00.1: [8086:3451] type 00 class 0x088000
[    2.082609] pci 0000:fe:00.2: [8086:3452] type 00 class 0x088000
[    2.082668] pci 0000:fe:00.3: [8086:0998] type 00 class 0x060000
[    2.082728] pci 0000:fe:00.5: [8086:3455] type 00 class 0x088000
[    2.082795] pci 0000:fe:02.0: [8086:3440] type 00 class 0x088000
[    2.082933] pci 0000:fe:02.1: [8086:3441] type 00 class 0x088000
[    2.083048] pci 0000:fe:02.2: [8086:3442] type 00 class 0x088000
[    2.083159] pci 0000:fe:03.0: [8086:3440] type 00 class 0x088000
[    2.083256] pci 0000:fe:03.1: [8086:3441] type 00 class 0x088000
[    2.083335] pci 0000:fe:03.2: [8086:3442] type 00 class 0x088000
[    2.083422] pci 0000:fe:04.0: [8086:3440] type 00 class 0x088000
[    2.083546] pci 0000:fe:04.1: [8086:3441] type 00 class 0x088000
[    2.083668] pci 0000:fe:04.2: [8086:3442] type 00 class 0x088000
[    2.083799] pci 0000:fe:04.3: [8086:3443] type 00 class 0x088000
[    2.083924] pci 0000:fe:05.0: [8086:3445] type 00 class 0x088000
[    2.084056] pci 0000:fe:05.1: [8086:3446] type 00 class 0x088000
[    2.084172] pci 0000:fe:05.2: [8086:3447] type 00 class 0x088000
[    2.084286] pci 0000:fe:06.0: [8086:3445] type 00 class 0x088000
[    2.084383] pci 0000:fe:06.1: [8086:3446] type 00 class 0x088000
[    2.084464] pci 0000:fe:06.2: [8086:3447] type 00 class 0x088000
[    2.084555] pci 0000:fe:07.0: [8086:3445] type 00 class 0x088000
[    2.084701] pci 0000:fe:07.1: [8086:3446] type 00 class 0x088000
[    2.084824] pci 0000:fe:07.2: [8086:3447] type 00 class 0x088000
[    2.084944] pci 0000:fe:0b.0: [8086:3448] type 00 class 0x088000
[    2.085024] pci 0000:fe:0b.1: [8086:3448] type 00 class 0x088000
[    2.085089] pci 0000:fe:0b.2: [8086:344b] type 00 class 0x088000
[    2.085161] pci 0000:fe:0c.0: [8086:344a] type 00 class 0x110100
[    2.085269] pci 0000:fe:0d.0: [8086:344a] type 00 class 0x110100
[    2.085374] pci 0000:fe:0e.0: [8086:344a] type 00 class 0x110100
[    2.085528] pci 0000:fe:0f.0: [8086:344a] type 00 class 0x110100
[    2.085687] pci 0000:fe:1a.0: [8086:2880] type 00 class 0x110100
[    2.085793] pci 0000:fe:1b.0: [8086:2880] type 00 class 0x110100
[    2.085897] pci 0000:fe:1c.0: [8086:2880] type 00 class 0x110100
[    2.086053] pci 0000:fe:1d.0: [8086:2880] type 00 class 0x110100
[    2.086206] pci_bus 0000:fe: on NUMA node 1
[    2.086288] ACPI: PCI Root Bridge [UC17] (domain 0000 [bus ff])
[    2.086290] acpi PNP0A03:03: _OSC: OS supports [ExtendedConfig ASPM ClockPM Segments MSI HPX-Type3]
[    2.086389] acpi PNP0A03:03: _OSC: platform does not support [SHPCHotplug AER LTR]
[    2.086569] acpi PNP0A03:03: _OSC: OS now controls [PCIeHotplug PME PCIeCapability]
[    2.086570] acpi PNP0A03:03: FADT indicates ASPM is unsupported, using BIOS configuration
[    2.086718] PCI host bridge to bus 0000:ff
[    2.086720] pci_bus 0000:ff: root bus resource [bus ff]
[    2.086734] pci 0000:ff:00.0: [8086:344c] type 00 class 0x088000
[    2.086853] pci 0000:ff:00.1: [8086:344c] type 00 class 0x088000
[    2.086966] pci 0000:ff:00.2: [8086:344c] type 00 class 0x088000
[    2.087069] pci 0000:ff:00.3: [8086:344c] type 00 class 0x088000
[    2.087189] pci 0000:ff:00.4: [8086:344c] type 00 class 0x088000
[    2.087305] pci 0000:ff:00.5: [8086:344c] type 00 class 0x088000
[    2.087399] pci 0000:ff:00.6: [8086:344c] type 00 class 0x088000
[    2.087524] pci 0000:ff:00.7: [8086:344c] type 00 class 0x088000
[    2.087651] pci 0000:ff:01.0: [8086:344c] type 00 class 0x088000
[    2.087796] pci 0000:ff:01.1: [8086:344c] type 00 class 0x088000
[    2.087920] pci 0000:ff:01.2: [8086:344c] type 00 class 0x088000
[    2.088008] pci 0000:ff:01.3: [8086:344c] type 00 class 0x088000
[    2.088145] pci 0000:ff:01.4: [8086:344c] type 00 class 0x088000
[    2.088282] pci 0000:ff:01.5: [8086:344c] type 00 class 0x088000
[    2.088422] pci 0000:ff:01.6: [8086:344c] type 00 class 0x088000
[    2.088548] pci 0000:ff:01.7: [8086:344c] type 00 class 0x088000
[    2.088680] pci 0000:ff:02.0: [8086:344c] type 00 class 0x088000
[    2.088832] pci 0000:ff:02.1: [8086:344c] type 00 class 0x088000
[    2.088963] pci 0000:ff:02.2: [8086:344c] type 00 class 0x088000
[    2.089105] pci 0000:ff:02.3: [8086:344c] type 00 class 0x088000
[    2.089240] pci 0000:ff:02.4: [8086:344c] type 00 class 0x088000
[    2.089376] pci 0000:ff:02.5: [8086:344c] type 00 class 0x088000
[    2.089521] pci 0000:ff:02.6: [8086:344c] type 00 class 0x088000
[    2.089663] pci 0000:ff:02.7: [8086:344c] type 00 class 0x088000
[    2.089814] pci 0000:ff:03.0: [8086:344c] type 00 class 0x088000
[    2.089979] pci 0000:ff:03.1: [8086:344c] type 00 class 0x088000
[    2.090129] pci 0000:ff:03.2: [8086:344c] type 00 class 0x088000
[    2.090294] pci 0000:ff:03.3: [8086:344c] type 00 class 0x088000
[    2.090458] pci 0000:ff:0a.0: [8086:344d] type 00 class 0x088000
[    2.090576] pci 0000:ff:0a.1: [8086:344d] type 00 class 0x088000
[    2.090688] pci 0000:ff:0a.2: [8086:344d] type 00 class 0x088000
[    2.090789] pci 0000:ff:0a.3: [8086:344d] type 00 class 0x088000
[    2.090908] pci 0000:ff:0a.4: [8086:344d] type 00 class 0x088000
[    2.091025] pci 0000:ff:0a.5: [8086:344d] type 00 class 0x088000
[    2.091119] pci 0000:ff:0a.6: [8086:344d] type 00 class 0x088000
[    2.091250] pci 0000:ff:0a.7: [8086:344d] type 00 class 0x088000
[    2.091376] pci 0000:ff:0b.0: [8086:344d] type 00 class 0x088000
[    2.091523] pci 0000:ff:0b.1: [8086:344d] type 00 class 0x088000
[    2.091646] pci 0000:ff:0b.2: [8086:344d] type 00 class 0x088000
[    2.091729] pci 0000:ff:0b.3: [8086:344d] type 00 class 0x088000
[    2.091866] pci 0000:ff:0b.4: [8086:344d] type 00 class 0x088000
[    2.092003] pci 0000:ff:0b.5: [8086:344d] type 00 class 0x088000
[    2.092143] pci 0000:ff:0b.6: [8086:344d] type 00 class 0x088000
[    2.092274] pci 0000:ff:0b.7: [8086:344d] type 00 class 0x088000
[    2.092406] pci 0000:ff:0c.0: [8086:344d] type 00 class 0x088000
[    2.092555] pci 0000:ff:0c.1: [8086:344d] type 00 class 0x088000
[    2.092685] pci 0000:ff:0c.2: [8086:344d] type 00 class 0x088000
[    2.092823] pci 0000:ff:0c.3: [8086:344d] type 00 class 0x088000
[    2.092959] pci 0000:ff:0c.4: [8086:344d] type 00 class 0x088000
[    2.093096] pci 0000:ff:0c.5: [8086:344d] type 00 class 0x088000
[    2.093239] pci 0000:ff:0c.6: [8086:344d] type 00 class 0x088000
[    2.093387] pci 0000:ff:0c.7: [8086:344d] type 00 class 0x088000
[    2.093540] pci 0000:ff:0d.0: [8086:344d] type 00 class 0x088000
[    2.093712] pci 0000:ff:0d.1: [8086:344d] type 00 class 0x088000
[    2.093860] pci 0000:ff:0d.2: [8086:344d] type 00 class 0x088000
[    2.094020] pci 0000:ff:0d.3: [8086:344d] type 00 class 0x088000
[    2.094194] pci 0000:ff:1d.0: [8086:344f] type 00 class 0x088000
[    2.094321] pci 0000:ff:1d.1: [8086:3457] type 00 class 0x088000
[    2.094432] pci 0000:ff:1e.0: [8086:3458] type 00 class 0x088000
[    2.094516] pci 0000:ff:1e.1: [8086:3459] type 00 class 0x088000
[    2.094582] pci 0000:ff:1e.2: [8086:345a] type 00 class 0x088000
[    2.094646] pci 0000:ff:1e.3: [8086:345b] type 00 class 0x088000
[    2.094710] pci 0000:ff:1e.4: [8086:345c] type 00 class 0x088000
[    2.094773] pci 0000:ff:1e.5: [8086:345d] type 00 class 0x088000
[    2.094836] pci 0000:ff:1e.6: [8086:345e] type 00 class 0x088000
[    2.094900] pci 0000:ff:1e.7: [8086:345f] type 00 class 0x088000
[    2.094962] pci_bus 0000:ff: on NUMA node 1
[    2.097835] iommu: Default domain type: Translated 
[    2.097835] iommu: DMA domain TLB invalidation policy: lazy mode 
[    2.098020] SCSI subsystem initialized
[    2.098062] libata version 3.00 loaded.
[    2.098062] ACPI: bus type USB registered
[    2.098062] usbcore: registered new interface driver usbfs
[    2.098062] usbcore: registered new interface driver hub
[    2.098062] usbcore: registered new device driver usb
[    2.098062] pps_core: LinuxPPS API ver. 1 registered
[    2.098062] pps_core: Software ver. 5.3.6 - Copyright 2005-2007 Rodolfo Giometti <giometti@linux.it>
[    2.098062] PTP clock support registered
[    2.098062] EDAC MC: Ver: 3.0.0
[    2.098462] Registered efivars operations
[    2.098462] NetLabel: Initializing
[    2.098462] NetLabel:  domain hash size = 128
[    2.098462] NetLabel:  protocols = UNLABELED CIPSOv4 CALIPSO
[    2.098462] NetLabel:  unlabeled traffic allowed by default
[    2.098462] PCI: Using ACPI for IRQ routing
[    2.100956] PCI: pci_cache_line_size set to 64 bytes
[    2.101515] e820: reserve RAM buffer [mem 0x0008f000-0x0008ffff]
[    2.101517] e820: reserve RAM buffer [mem 0x46cc4020-0x47ffffff]
[    2.101519] e820: reserve RAM buffer [mem 0x46cf6020-0x47ffffff]
[    2.101520] e820: reserve RAM buffer [mem 0x46d29020-0x47ffffff]
[    2.101521] e820: reserve RAM buffer [mem 0x46d5c020-0x47ffffff]
[    2.101522] e820: reserve RAM buffer [mem 0x49e77000-0x4bffffff]
[    2.101523] e820: reserve RAM buffer [mem 0x4b2cf000-0x4bffffff]
[    2.101524] e820: reserve RAM buffer [mem 0x4bd94000-0x4bffffff]
[    2.101525] e820: reserve RAM buffer [mem 0x4ce00000-0x4fffffff]
[    2.101526] e820: reserve RAM buffer [mem 0x5eefe000-0x5fffffff]
[    2.101527] e820: reserve RAM buffer [mem 0x6f800000-0x6fffffff]
[    2.101820] pci 0000:03:00.0: vgaarb: setting as boot VGA device
[    2.101820] pci 0000:03:00.0: vgaarb: bridge control possible
[    2.101820] pci 0000:03:00.0: vgaarb: VGA device added: decodes=io+mem,owns=io+mem,locks=none
[    2.101820] vgaarb: loaded
[    2.103098] hpet0: at MMIO 0xfed00000, IRQs 2, 8, 0, 0, 0, 0, 0, 0
[    2.103105] hpet0: 8 comparators, 64-bit 24.000000 MHz counter
[    2.105942] clocksource: Switched to clocksource tsc-early
[    2.115494] VFS: Disk quotas dquot_6.6.0
[    2.115528] VFS: Dquot-cache hash table entries: 512 (order 0, 4096 bytes)
[    2.115672] AppArmor: AppArmor Filesystem Enabled
[    2.115683] pnp: PnP ACPI init
[    2.131806] system 00:01: [io  0x0500-0x05fe] has been reserved
[    2.131810] system 00:01: [io  0x0400-0x041f] has been reserved
[    2.131811] system 00:01: [io  0x0600-0x061f] has been reserved
[    2.131813] system 00:01: [io  0x0ca0-0x0ca1] has been reserved
[    2.131814] system 00:01: [io  0x0ca4-0x0ca6] has been reserved
[    2.131817] system 00:01: [mem 0xff000000-0xffffffff] has been reserved
[    2.132424] system 00:04: [mem 0xfd000000-0xfdabffff] has been reserved
[    2.132427] system 00:04: [mem 0xfdad0000-0xfdadffff] has been reserved
[    2.132428] system 00:04: [mem 0xfdb00000-0xfdffffff] has been reserved
[    2.132429] system 00:04: [mem 0xfe000000-0xfe00ffff] has been reserved
[    2.132431] system 00:04: [mem 0xfe011000-0xfe01ffff] has been reserved
[    2.132432] system 00:04: [mem 0xfe036000-0xfe03bfff] has been reserved
[    2.132433] system 00:04: [mem 0xfe03d000-0xfe3fffff] has been reserved
[    2.132435] system 00:04: [mem 0xfe410000-0xfe7fffff] has been reserved
[    2.132760] system 00:05: [io  0x1000-0x10fe] has been reserved
[    2.133787] pnp: PnP ACPI: found 6 devices
[    2.139536] clocksource: acpi_pm: mask: 0xffffff max_cycles: 0xffffff, max_idle_ns: 2085701024 ns
[    2.139615] NET: Registered PF_INET protocol family
[    2.139958] IP idents hash table entries: 262144 (order: 9, 2097152 bytes, vmalloc)
[    2.142244] tcp_listen_portaddr_hash hash table entries: 65536 (order: 8, 1048576 bytes, vmalloc)
[    2.142963] TCP established hash table entries: 524288 (order: 10, 4194304 bytes, vmalloc hugepage)
[    2.143596] TCP bind hash table entries: 65536 (order: 8, 1048576 bytes, vmalloc)
[    2.143659] TCP: Hash tables configured (established 524288 bind 65536)
[    2.144117] UDP hash table entries: 65536 (order: 9, 2097152 bytes, vmalloc)
[    2.144608] UDP-Lite hash table entries: 65536 (order: 9, 2097152 bytes, vmalloc)
[    2.144926] NET: Registered PF_UNIX/PF_LOCAL protocol family
[    2.144932] NET: Registered PF_XDP protocol family
[    2.144940] pci 0000:04:00.0: can't claim BAR 6 [mem 0xfffc0000-0xffffffff pref]: no compatible bridge window
[    2.144943] pci 0000:04:00.1: can't claim BAR 6 [mem 0xfffc0000-0xffffffff pref]: no compatible bridge window
[    2.144945] pci 0000:17:00.0: can't claim BAR 6 [mem 0xfff00000-0xffffffff pref]: no compatible bridge window
[    2.144961] pci 0000:00:1c.5: BAR 14: assigned [mem 0x90000000-0x900fffff]
[    2.144964] pci 0000:00:1c.0: PCI bridge to [bus 01]
[    2.144974] pci 0000:02:00.0: PCI bridge to [bus 03]
[    2.144979] pci 0000:02:00.0:   bridge window [mem 0x92000000-0x928fffff]
[    2.144983] pci 0000:02:00.0:   bridge window [mem 0x91000000-0x91ffffff 64bit pref]
[    2.144989] pci 0000:00:1c.4: PCI bridge to [bus 02-03]
[    2.144993] pci 0000:00:1c.4:   bridge window [mem 0x92000000-0x928fffff]
[    2.144996] pci 0000:00:1c.4:   bridge window [mem 0x91000000-0x91ffffff 64bit pref]
[    2.145001] pci 0000:04:00.0: BAR 6: assigned [mem 0x90000000-0x9003ffff pref]
[    2.145003] pci 0000:04:00.1: BAR 6: assigned [mem 0x90040000-0x9007ffff pref]
[    2.145004] pci 0000:00:1c.5: PCI bridge to [bus 04]
[    2.145007] pci 0000:00:1c.5:   bridge window [mem 0x90000000-0x900fffff]
[    2.145010] pci 0000:00:1c.5:   bridge window [mem 0x92900000-0x929fffff 64bit pref]
[    2.145014] pci_bus 0000:00: resource 4 [io  0x0000-0x0cf7 window]
[    2.145016] pci_bus 0000:00: resource 5 [io  0x1000-0x4fff window]
[    2.145017] pci_bus 0000:00: resource 6 [mem 0x000a0000-0x000bffff window]
[    2.145019] pci_bus 0000:00: resource 7 [mem 0x000c8000-0x000cffff window]
[    2.145020] pci_bus 0000:00: resource 8 [mem 0xfe010000-0xfe010fff window]
[    2.145022] pci_bus 0000:00: resource 9 [mem 0x90000000-0x9b7fffff window]
[    2.145023] pci_bus 0000:00: resource 10 [mem 0x200000000000-0x20ffffffffff window]
[    2.145025] pci_bus 0000:02: resource 1 [mem 0x92000000-0x928fffff]
[    2.145027] pci_bus 0000:02: resource 2 [mem 0x91000000-0x91ffffff 64bit pref]
[    2.145028] pci_bus 0000:03: resource 1 [mem 0x92000000-0x928fffff]
[    2.145029] pci_bus 0000:03: resource 2 [mem 0x91000000-0x91ffffff 64bit pref]
[    2.145030] pci_bus 0000:04: resource 1 [mem 0x90000000-0x900fffff]
[    2.145031] pci_bus 0000:04: resource 2 [mem 0x92900000-0x929fffff 64bit pref]
[    2.145108] pci 0000:17:00.0: BAR 6: no space for [mem size 0x00100000 pref]
[    2.145110] pci 0000:17:00.0: BAR 6: failed to assign [mem size 0x00100000 pref]
[    2.145111] pci 0000:16:02.0: PCI bridge to [bus 17]
[    2.145113] pci 0000:16:02.0:   bridge window [io  0x5000-0x5fff]
[    2.145116] pci 0000:16:02.0:   bridge window [mem 0x9ba00000-0x9bafffff]
[    2.145118] pci 0000:16:02.0:   bridge window [mem 0x9b800000-0x9b9fffff 64bit pref]
[    2.145122] pci_bus 0000:16: resource 4 [io  0x5000-0x6fff window]
[    2.145123] pci_bus 0000:16: resource 5 [mem 0x9b800000-0xa63fffff window]
[    2.145124] pci_bus 0000:16: resource 6 [mem 0x210000000000-0x21ffffffffff window]
[    2.145125] pci_bus 0000:17: resource 0 [io  0x5000-0x5fff]
[    2.145126] pci_bus 0000:17: resource 1 [mem 0x9ba00000-0x9bafffff]
[    2.145127] pci_bus 0000:17: resource 2 [mem 0x9b800000-0x9b9fffff 64bit pref]
[    2.145134] pci_bus 0000:30: resource 4 [io  0x7000-0x8fff window]
[    2.145135] pci_bus 0000:30: resource 5 [mem 0xa6400000-0xb0ffffff window]
[    2.145136] pci_bus 0000:30: resource 6 [mem 0x220000000000-0x22ffffffffff window]
[    2.145142] pci_bus 0000:4a: resource 4 [io  0x9000-0x9fff window]
[    2.145143] pci_bus 0000:4a: resource 5 [mem 0xb1000000-0xbbbfffff window]
[    2.145144] pci_bus 0000:4a: resource 6 [mem 0x230000000000-0x23ffffffffff window]
