[    0.000000] Linux version 5.18.0 (xmu@xmu-PowerEdge-R750) (gcc (Ubuntu 8.4.0-1ubuntu1~18.04) 8.4.0, GNU ld (GNU Binutils for Ubuntu) 2.30) #1 SMP PREEMPT_DYNAMIC Sat Apr 6 15:16:25 CST 2024
[    0.000000] Command line: BOOT_IMAGE=/boot/vmlinuz-5.18.0 root=UUID=ce0c24b8-724b-4f33-9b2c-618433560aef ro memmap=34400M!4096M memmap=59G!64G quiet splash nomodeset vt.handoff=1
[    0.000000] KERNEL supported cpus:
[    0.000000]   Intel GenuineIntel
[    0.000000]   AMD AuthenticAMD
[    0.000000]   Hygon HygonGenuine
[    0.000000]   Centaur CentaurHauls
[    0.000000]   zhaoxin   Shanghai  
[    0.000000] x86/split lock detection: #AC: crashing the kernel on kernel split_locks and warning on user-space split_locks
[    0.000000] x86/fpu: Supporting XSAVE feature 0x001: 'x87 floating point registers'
[    0.000000] x86/fpu: Supporting XSAVE feature 0x002: 'SSE registers'
[    0.000000] x86/fpu: Supporting XSAVE feature 0x004: 'AVX registers'
[    0.000000] x86/fpu: Supporting XSAVE feature 0x020: 'AVX-512 opmask'
[    0.000000] x86/fpu: Supporting XSAVE feature 0x040: 'AVX-512 Hi256'
[    0.000000] x86/fpu: Supporting XSAVE feature 0x080: 'AVX-512 ZMM_Hi256'
[    0.000000] x86/fpu: Supporting XSAVE feature 0x200: 'Protection Keys User registers'
[    0.000000] x86/fpu: xstate_offset[2]:  576, xstate_sizes[2]:  256
[    0.000000] x86/fpu: xstate_offset[5]:  832, xstate_sizes[5]:   64
[    0.000000] x86/fpu: xstate_offset[6]:  896, xstate_sizes[6]:  512
[    0.000000] x86/fpu: xstate_offset[7]: 1408, xstate_sizes[7]: 1024
[    0.000000] x86/fpu: xstate_offset[9]: 2432, xstate_sizes[9]:    8
[    0.000000] x86/fpu: Enabled xstate features 0x2e7, context size is 2440 bytes, using 'compacted' format.
[    0.000000] signal: max sigframe size: 3632
[    0.000000] BIOS-provided physical RAM map:
[    0.000000] BIOS-e820: [mem 0x0000000000000000-0x000000000008efff] usable
[    0.000000] BIOS-e820: [mem 0x000000000008f000-0x000000000008ffff] reserved
[    0.000000] BIOS-e820: [mem 0x0000000000090000-0x000000000009ffff] usable
[    0.000000] BIOS-e820: [mem 0x00000000000a0000-0x00000000000fffff] reserved
[    0.000000] BIOS-e820: [mem 0x0000000000100000-0x0000000049e76fff] usable
[    0.000000] BIOS-e820: [mem 0x0000000049e77000-0x000000004ae76fff] ACPI NVS
[    0.000000] BIOS-e820: [mem 0x000000004ae77000-0x000000004b2cefff] usable
[    0.000000] BIOS-e820: [mem 0x000000004b2cf000-0x000000004b54dfff] ACPI data
[    0.000000] BIOS-e820: [mem 0x000000004b54e000-0x000000004bd93fff] usable
[    0.000000] BIOS-e820: [mem 0x000000004bd94000-0x000000004be99fff] reserved
[    0.000000] BIOS-e820: [mem 0x000000004be9a000-0x000000004cdfffff] usable
[    0.000000] BIOS-e820: [mem 0x000000004ce00000-0x000000004cffffff] reserved
[    0.000000] BIOS-e820: [mem 0x000000004d000000-0x000000005eefdfff] usable
[    0.000000] BIOS-e820: [mem 0x000000005eefe000-0x000000006e3fefff] reserved
[    0.000000] BIOS-e820: [mem 0x000000006e3ff000-0x000000006f3fefff] ACPI NVS
[    0.000000] BIOS-e820: [mem 0x000000006f3ff000-0x000000006f7fefff] ACPI data
[    0.000000] BIOS-e820: [mem 0x000000006f7ff000-0x000000006f7fffff] usable
[    0.000000] BIOS-e820: [mem 0x000000006f800000-0x000000008fffffff] reserved
[    0.000000] BIOS-e820: [mem 0x00000000fe000000-0x00000000fe010fff] reserved
[    0.000000] BIOS-e820: [mem 0x0000000100000000-0x000000207fffffff] usable
[    0.000000] BIOS-e820: [mem 0x0000002080000000-0x0000011c7fffffff] persistent (type 7)
[    0.000000] BIOS-e820: [mem 0x00001ffc00000000-0x00001fffffffffff] reserved
[    0.000000] NX (Execute Disable) protection: active
[    0.000000] e820: update [mem 0x46d5c020-0x46d6405f] usable ==> usable
[    0.000000] e820: update [mem 0x46d5c020-0x46d6405f] usable ==> usable
[    0.000000] e820: update [mem 0x46d29020-0x46d5bc5f] usable ==> usable
[    0.000000] e820: update [mem 0x46d29020-0x46d5bc5f] usable ==> usable
[    0.000000] e820: update [mem 0x46cf6020-0x46d28c5f] usable ==> usable
[    0.000000] e820: update [mem 0x46cf6020-0x46d28c5f] usable ==> usable
[    0.000000] e820: update [mem 0x46cc4020-0x46cf5a5f] usable ==> usable
[    0.000000] e820: update [mem 0x46cc4020-0x46cf5a5f] usable ==> usable
[    0.000000] extended physical RAM map:
[    0.000000] reserve setup_data: [mem 0x0000000000000000-0x000000000008efff] usable
[    0.000000] reserve setup_data: [mem 0x000000000008f000-0x000000000008ffff] reserved
[    0.000000] reserve setup_data: [mem 0x0000000000090000-0x000000000009ffff] usable
[    0.000000] reserve setup_data: [mem 0x00000000000a0000-0x00000000000fffff] reserved
[    0.000000] reserve setup_data: [mem 0x0000000000100000-0x0000000046cc401f] usable
[    0.000000] reserve setup_data: [mem 0x0000000046cc4020-0x0000000046cf5a5f] usable
[    0.000000] reserve setup_data: [mem 0x0000000046cf5a60-0x0000000046cf601f] usable
[    0.000000] reserve setup_data: [mem 0x0000000046cf6020-0x0000000046d28c5f] usable
[    0.000000] reserve setup_data: [mem 0x0000000046d28c60-0x0000000046d2901f] usable
[    0.000000] reserve setup_data: [mem 0x0000000046d29020-0x0000000046d5bc5f] usable
[    0.000000] reserve setup_data: [mem 0x0000000046d5bc60-0x0000000046d5c01f] usable
[    0.000000] reserve setup_data: [mem 0x0000000046d5c020-0x0000000046d6405f] usable
[    0.000000] reserve setup_data: [mem 0x0000000046d64060-0x0000000049e76fff] usable
[    0.000000] reserve setup_data: [mem 0x0000000049e77000-0x000000004ae76fff] ACPI NVS
[    0.000000] reserve setup_data: [mem 0x000000004ae77000-0x000000004b2cefff] usable
[    0.000000] reserve setup_data: [mem 0x000000004b2cf000-0x000000004b54dfff] ACPI data
[    0.000000] reserve setup_data: [mem 0x000000004b54e000-0x000000004bd93fff] usable
[    0.000000] reserve setup_data: [mem 0x000000004bd94000-0x000000004be99fff] reserved
[    0.000000] reserve setup_data: [mem 0x000000004be9a000-0x000000004cdfffff] usable
[    0.000000] reserve setup_data: [mem 0x000000004ce00000-0x000000004cffffff] reserved
[    0.000000] reserve setup_data: [mem 0x000000004d000000-0x000000005eefdfff] usable
[    0.000000] reserve setup_data: [mem 0x000000005eefe000-0x000000006e3fefff] reserved
[    0.000000] reserve setup_data: [mem 0x000000006e3ff000-0x000000006f3fefff] ACPI NVS
[    0.000000] reserve setup_data: [mem 0x000000006f3ff000-0x000000006f7fefff] ACPI data
[    0.000000] reserve setup_data: [mem 0x000000006f7ff000-0x000000006f7fffff] usable
[    0.000000] reserve setup_data: [mem 0x000000006f800000-0x000000008fffffff] reserved
[    0.000000] reserve setup_data: [mem 0x00000000fe000000-0x00000000fe010fff] reserved
[    0.000000] reserve setup_data: [mem 0x0000000100000000-0x0000000965ffffff] persistent (type 12)
[    0.000000] reserve setup_data: [mem 0x0000000966000000-0x0000000fffffffff] usable
[    0.000000] reserve setup_data: [mem 0x0000001000000000-0x0000001ebfffffff] persistent (type 12)
[    0.000000] reserve setup_data: [mem 0x0000001ec0000000-0x000000207fffffff] usable
[    0.000000] reserve setup_data: [mem 0x0000002080000000-0x0000011c7fffffff] persistent (type 7)
[    0.000000] reserve setup_data: [mem 0x00001ffc00000000-0x00001fffffffffff] reserved
[    0.000000] user-defined physical RAM map:
[    0.000000] user: [mem 0x0000000000000000-0x000000000008efff] usable
[    0.000000] user: [mem 0x000000000008f000-0x000000000008ffff] reserved
[    0.000000] user: [mem 0x0000000000090000-0x000000000009ffff] usable
[    0.000000] user: [mem 0x00000000000a0000-0x00000000000fffff] reserved
[    0.000000] user: [mem 0x0000000000100000-0x0000000046cc401f] usable
[    0.000000] user: [mem 0x0000000046cc4020-0x0000000046cf5a5f] usable
[    0.000000] user: [mem 0x0000000046cf5a60-0x0000000046cf601f] usable
[    0.000000] user: [mem 0x0000000046cf6020-0x0000000046d28c5f] usable
[    0.000000] user: [mem 0x0000000046d28c60-0x0000000046d2901f] usable
[    0.000000] user: [mem 0x0000000046d29020-0x0000000046d5bc5f] usable
[    0.000000] user: [mem 0x0000000046d5bc60-0x0000000046d5c01f] usable
[    0.000000] user: [mem 0x0000000046d5c020-0x0000000046d6405f] usable
[    0.000000] user: [mem 0x0000000046d64060-0x0000000049e76fff] usable
[    0.000000] user: [mem 0x0000000049e77000-0x000000004ae76fff] ACPI NVS
[    0.000000] user: [mem 0x000000004ae77000-0x000000004b2cefff] usable
[    0.000000] user: [mem 0x000000004b2cf000-0x000000004b54dfff] ACPI data
[    0.000000] user: [mem 0x000000004b54e000-0x000000004bd93fff] usable
[    0.000000] user: [mem 0x000000004bd94000-0x000000004be99fff] reserved
[    0.000000] user: [mem 0x000000004be9a000-0x000000004cdfffff] usable
[    0.000000] user: [mem 0x000000004ce00000-0x000000004cffffff] reserved
[    0.000000] user: [mem 0x000000004d000000-0x000000005eefdfff] usable
[    0.000000] user: [mem 0x000000005eefe000-0x000000006e3fefff] reserved
[    0.000000] user: [mem 0x000000006e3ff000-0x000000006f3fefff] ACPI NVS
[    0.000000] user: [mem 0x000000006f3ff000-0x000000006f7fefff] ACPI data
[    0.000000] user: [mem 0x000000006f7ff000-0x000000006f7fffff] usable
[    0.000000] user: [mem 0x000000006f800000-0x000000008fffffff] reserved
[    0.000000] user: [mem 0x00000000fe000000-0x00000000fe010fff] reserved
[    0.000000] user: [mem 0x0000000100000000-0x0000000965ffffff] persistent (type 12)
[    0.000000] user: [mem 0x0000000966000000-0x0000000fffffffff] usable
[    0.000000] user: [mem 0x0000001000000000-0x0000001ebfffffff] persistent (type 12)
[    0.000000] user: [mem 0x0000001ec0000000-0x000000207fffffff] usable
[    0.000000] user: [mem 0x0000002080000000-0x0000011c7fffffff] persistent (type 7)
[    0.000000] user: [mem 0x00001ffc00000000-0x00001fffffffffff] reserved
[    0.000000] efi: EFI v2.70 by Dell Inc.
[    0.000000] efi: ACPI=0x6f7fe000 ACPI 2.0=0x6f7fe014 MEMATTR=0x5b071020 SMBIOS=0x69526000 SMBIOS 3.0=0x69524000 MOKvar=0x5ef81000 RNG=0x5ef8a920 
[    0.000000] efi: seeding entropy pool
[    0.000000] SMBIOS 3.3.0 present.
[    0.000000] DMI: Dell Inc. PowerEdge R750/0K8F35, BIOS 1.10.2 03/03/2023
[    0.000000] tsc: Detected 2000.000 MHz processor
[    0.000007] e820: update [mem 0x00000000-0x00000fff] usable ==> reserved
[    0.000009] e820: remove [mem 0x000a0000-0x000fffff] usable
[    0.000018] last_pfn = 0x2080000 max_arch_pfn = 0x400000000
[    0.000193] x86/PAT: Configuration [0-7]: WB  WC  UC- UC  WB  WP  UC- WT  
[    0.002839] total RAM covered: 2095088M
[    0.002924]  gran_size: 64K 	chunk_size: 64K 	num_reg: 10  	lose cover RAM: 2016G
[    0.002926]  gran_size: 64K 	chunk_size: 128K 	num_reg: 10  	lose cover RAM: 2016G
[    0.002928]  gran_size: 64K 	chunk_size: 256K 	num_reg: 10  	lose cover RAM: 2016G
[    0.002929]  gran_size: 64K 	chunk_size: 512K 	num_reg: 10  	lose cover RAM: 2016G
[    0.002931]  gran_size: 64K 	chunk_size: 1M 	num_reg: 10  	lose cover RAM: 2016G
[    0.002932]  gran_size: 64K 	chunk_size: 2M 	num_reg: 10  	lose cover RAM: 2016G
[    0.002933]  gran_size: 64K 	chunk_size: 4M 	num_reg: 10  	lose cover RAM: 2016G
[    0.002935]  gran_size: 64K 	chunk_size: 8M 	num_reg: 10  	lose cover RAM: 2016G
[    0.002936]  gran_size: 64K 	chunk_size: 16M 	num_reg: 10  	lose cover RAM: 2016G
[    0.002937]  gran_size: 64K 	chunk_size: 32M 	num_reg: 10  	lose cover RAM: 1024G
[    0.002939]  gran_size: 64K 	chunk_size: 64M 	num_reg: 10  	lose cover RAM: 1024G
[    0.002940]  gran_size: 64K 	chunk_size: 128M 	num_reg: 10  	lose cover RAM: 1024G
[    0.002941]  gran_size: 64K 	chunk_size: 256M 	num_reg: 10  	lose cover RAM: 1024G
[    0.002943]  gran_size: 64K 	chunk_size: 512M 	num_reg: 10  	lose cover RAM: 1024G
[    0.002944]  gran_size: 64K 	chunk_size: 1G 	num_reg: 10  	lose cover RAM: 1024G
[    0.002945]  gran_size: 64K 	chunk_size: 2G 	num_reg: 10  	lose cover RAM: 1024G
[    0.002947]  gran_size: 128K 	chunk_size: 128K 	num_reg: 10  	lose cover RAM: 2016G
[    0.002948]  gran_size: 128K 	chunk_size: 256K 	num_reg: 10  	lose cover RAM: 2016G
[    0.002950]  gran_size: 128K 	chunk_size: 512K 	num_reg: 10  	lose cover RAM: 2016G
[    0.002951]  gran_size: 128K 	chunk_size: 1M 	num_reg: 10  	lose cover RAM: 2016G
[    0.002952]  gran_size: 128K 	chunk_size: 2M 	num_reg: 10  	lose cover RAM: 2016G
[    0.002954]  gran_size: 128K 	chunk_size: 4M 	num_reg: 10  	lose cover RAM: 2016G
[    0.002955]  gran_size: 128K 	chunk_size: 8M 	num_reg: 10  	lose cover RAM: 2016G
[    0.002956]  gran_size: 128K 	chunk_size: 16M 	num_reg: 10  	lose cover RAM: 2016G
[    0.002958]  gran_size: 128K 	chunk_size: 32M 	num_reg: 10  	lose cover RAM: 1024G
[    0.002959]  gran_size: 128K 	chunk_size: 64M 	num_reg: 10  	lose cover RAM: 1024G
[    0.002960]  gran_size: 128K 	chunk_size: 128M 	num_reg: 10  	lose cover RAM: 1024G
[    0.002961]  gran_size: 128K 	chunk_size: 256M 	num_reg: 10  	lose cover RAM: 1024G
[    0.002963]  gran_size: 128K 	chunk_size: 512M 	num_reg: 10  	lose cover RAM: 1024G
[    0.002964]  gran_size: 128K 	chunk_size: 1G 	num_reg: 10  	lose cover RAM: 1024G
[    0.002965]  gran_size: 128K 	chunk_size: 2G 	num_reg: 10  	lose cover RAM: 1024G
[    0.002967]  gran_size: 256K 	chunk_size: 256K 	num_reg: 10  	lose cover RAM: 2016G
[    0.002968]  gran_size: 256K 	chunk_size: 512K 	num_reg: 10  	lose cover RAM: 2016G
[    0.002970]  gran_size: 256K 	chunk_size: 1M 	num_reg: 10  	lose cover RAM: 2016G
[    0.002971]  gran_size: 256K 	chunk_size: 2M 	num_reg: 10  	lose cover RAM: 2016G
[    0.002972]  gran_size: 256K 	chunk_size: 4M 	num_reg: 10  	lose cover RAM: 2016G
[    0.002974]  gran_size: 256K 	chunk_size: 8M 	num_reg: 10  	lose cover RAM: 2016G
[    0.002975]  gran_size: 256K 	chunk_size: 16M 	num_reg: 10  	lose cover RAM: 2016G
[    0.002976]  gran_size: 256K 	chunk_size: 32M 	num_reg: 10  	lose cover RAM: 1024G
[    0.002978]  gran_size: 256K 	chunk_size: 64M 	num_reg: 10  	lose cover RAM: 1024G
[    0.002979]  gran_size: 256K 	chunk_size: 128M 	num_reg: 10  	lose cover RAM: 1024G
[    0.002980]  gran_size: 256K 	chunk_size: 256M 	num_reg: 10  	lose cover RAM: 1024G
[    0.002982]  gran_size: 256K 	chunk_size: 512M 	num_reg: 10  	lose cover RAM: 1024G
[    0.002983]  gran_size: 256K 	chunk_size: 1G 	num_reg: 10  	lose cover RAM: 1024G
[    0.002984]  gran_size: 256K 	chunk_size: 2G 	num_reg: 10  	lose cover RAM: 1024G
[    0.002986]  gran_size: 512K 	chunk_size: 512K 	num_reg: 10  	lose cover RAM: 2016G
[    0.002987]  gran_size: 512K 	chunk_size: 1M 	num_reg: 10  	lose cover RAM: 2016G
[    0.002988]  gran_size: 512K 	chunk_size: 2M 	num_reg: 10  	lose cover RAM: 2016G
[    0.002990]  gran_size: 512K 	chunk_size: 4M 	num_reg: 10  	lose cover RAM: 2016G
[    0.002991]  gran_size: 512K 	chunk_size: 8M 	num_reg: 10  	lose cover RAM: 2016G
[    0.002992]  gran_size: 512K 	chunk_size: 16M 	num_reg: 10  	lose cover RAM: 2016G
[    0.002993]  gran_size: 512K 	chunk_size: 32M 	num_reg: 10  	lose cover RAM: 1024G
[    0.002995]  gran_size: 512K 	chunk_size: 64M 	num_reg: 10  	lose cover RAM: 1024G
[    0.002996]  gran_size: 512K 	chunk_size: 128M 	num_reg: 10  	lose cover RAM: 1024G
[    0.002997]  gran_size: 512K 	chunk_size: 256M 	num_reg: 10  	lose cover RAM: 1024G
[    0.002999]  gran_size: 512K 	chunk_size: 512M 	num_reg: 10  	lose cover RAM: 1024G
[    0.003000]  gran_size: 512K 	chunk_size: 1G 	num_reg: 10  	lose cover RAM: 1024G
[    0.003001]  gran_size: 512K 	chunk_size: 2G 	num_reg: 10  	lose cover RAM: 1024G
[    0.003003]  gran_size: 1M 	chunk_size: 1M 	num_reg: 10  	lose cover RAM: 2016G
[    0.003004]  gran_size: 1M 	chunk_size: 2M 	num_reg: 10  	lose cover RAM: 2016G
[    0.003006]  gran_size: 1M 	chunk_size: 4M 	num_reg: 10  	lose cover RAM: 2016G
[    0.003007]  gran_size: 1M 	chunk_size: 8M 	num_reg: 10  	lose cover RAM: 2016G
[    0.003008]  gran_size: 1M 	chunk_size: 16M 	num_reg: 10  	lose cover RAM: 2016G
[    0.003010]  gran_size: 1M 	chunk_size: 32M 	num_reg: 10  	lose cover RAM: 1024G
[    0.003011]  gran_size: 1M 	chunk_size: 64M 	num_reg: 10  	lose cover RAM: 1024G
[    0.003012]  gran_size: 1M 	chunk_size: 128M 	num_reg: 10  	lose cover RAM: 1024G
[    0.003014]  gran_size: 1M 	chunk_size: 256M 	num_reg: 10  	lose cover RAM: 1024G
[    0.003015]  gran_size: 1M 	chunk_size: 512M 	num_reg: 10  	lose cover RAM: 1024G
[    0.003016]  gran_size: 1M 	chunk_size: 1G 	num_reg: 10  	lose cover RAM: 1024G
[    0.003018]  gran_size: 1M 	chunk_size: 2G 	num_reg: 10  	lose cover RAM: 1024G
[    0.003019]  gran_size: 2M 	chunk_size: 2M 	num_reg: 10  	lose cover RAM: 2016G
[    0.003020]  gran_size: 2M 	chunk_size: 4M 	num_reg: 10  	lose cover RAM: 2016G
[    0.003021]  gran_size: 2M 	chunk_size: 8M 	num_reg: 10  	lose cover RAM: 2016G
[    0.003023]  gran_size: 2M 	chunk_size: 16M 	num_reg: 10  	lose cover RAM: 2016G
[    0.003024]  gran_size: 2M 	chunk_size: 32M 	num_reg: 10  	lose cover RAM: 1024G
[    0.003025]  gran_size: 2M 	chunk_size: 64M 	num_reg: 10  	lose cover RAM: 1024G
[    0.003027]  gran_size: 2M 	chunk_size: 128M 	num_reg: 10  	lose cover RAM: 1024G
[    0.003028]  gran_size: 2M 	chunk_size: 256M 	num_reg: 10  	lose cover RAM: 1024G
[    0.003029]  gran_size: 2M 	chunk_size: 512M 	num_reg: 10  	lose cover RAM: 1024G
[    0.003031]  gran_size: 2M 	chunk_size: 1G 	num_reg: 10  	lose cover RAM: 1024G
[    0.003032]  gran_size: 2M 	chunk_size: 2G 	num_reg: 10  	lose cover RAM: 1024G
[    0.003034]  gran_size: 4M 	chunk_size: 4M 	num_reg: 10  	lose cover RAM: 2016G
[    0.003035]  gran_size: 4M 	chunk_size: 8M 	num_reg: 10  	lose cover RAM: 2016G
[    0.003036]  gran_size: 4M 	chunk_size: 16M 	num_reg: 10  	lose cover RAM: 2016G
[    0.003038]  gran_size: 4M 	chunk_size: 32M 	num_reg: 10  	lose cover RAM: 1024G
[    0.003039]  gran_size: 4M 	chunk_size: 64M 	num_reg: 10  	lose cover RAM: 1024G
[    0.003040]  gran_size: 4M 	chunk_size: 128M 	num_reg: 10  	lose cover RAM: 1024G
[    0.003042]  gran_size: 4M 	chunk_size: 256M 	num_reg: 10  	lose cover RAM: 1024G
[    0.003043]  gran_size: 4M 	chunk_size: 512M 	num_reg: 10  	lose cover RAM: 1024G
[    0.003044]  gran_size: 4M 	chunk_size: 1G 	num_reg: 10  	lose cover RAM: 1024G
[    0.003046]  gran_size: 4M 	chunk_size: 2G 	num_reg: 10  	lose cover RAM: 1024G
[    0.003047]  gran_size: 8M 	chunk_size: 8M 	num_reg: 10  	lose cover RAM: 2016G
[    0.003048]  gran_size: 8M 	chunk_size: 16M 	num_reg: 10  	lose cover RAM: 2016G
[    0.003049]  gran_size: 8M 	chunk_size: 32M 	num_reg: 10  	lose cover RAM: 1024G
[    0.003051]  gran_size: 8M 	chunk_size: 64M 	num_reg: 10  	lose cover RAM: 1024G
[    0.003052]  gran_size: 8M 	chunk_size: 128M 	num_reg: 10  	lose cover RAM: 1024G
[    0.003053]  gran_size: 8M 	chunk_size: 256M 	num_reg: 10  	lose cover RAM: 1024G
[    0.003055]  gran_size: 8M 	chunk_size: 512M 	num_reg: 10  	lose cover RAM: 1024G
[    0.003056]  gran_size: 8M 	chunk_size: 1G 	num_reg: 10  	lose cover RAM: 1024G
[    0.003057]  gran_size: 8M 	chunk_size: 2G 	num_reg: 10  	lose cover RAM: 1024G
[    0.003058]  gran_size: 16M 	chunk_size: 16M 	num_reg: 10  	lose cover RAM: 2016G
[    0.003060]  gran_size: 16M 	chunk_size: 32M 	num_reg: 10  	lose cover RAM: 1024G
[    0.003061]  gran_size: 16M 	chunk_size: 64M 	num_reg: 10  	lose cover RAM: 1024G
[    0.003063]  gran_size: 16M 	chunk_size: 128M 	num_reg: 10  	lose cover RAM: 1024G
[    0.003064]  gran_size: 16M 	chunk_size: 256M 	num_reg: 10  	lose cover RAM: 1024G
[    0.003065]  gran_size: 16M 	chunk_size: 512M 	num_reg: 10  	lose cover RAM: 1024G
[    0.003067]  gran_size: 16M 	chunk_size: 1G 	num_reg: 10  	lose cover RAM: 1024G
[    0.003068]  gran_size: 16M 	chunk_size: 2G 	num_reg: 10  	lose cover RAM: 1024G
[    0.003070]  gran_size: 32M 	chunk_size: 32M 	num_reg: 10  	lose cover RAM: 2031632M
[    0.003071]  gran_size: 32M 	chunk_size: 64M 	num_reg: 10  	lose cover RAM: 1048592M
[    0.003072]  gran_size: 32M 	chunk_size: 128M 	num_reg: 10  	lose cover RAM: 1048592M
[    0.003074]  gran_size: 32M 	chunk_size: 256M 	num_reg: 10  	lose cover RAM: 1048592M
[    0.003075]  gran_size: 32M 	chunk_size: 512M 	num_reg: 10  	lose cover RAM: 1048592M
[    0.003076]  gran_size: 32M 	chunk_size: 1G 	num_reg: 10  	lose cover RAM: 1048592M
[    0.003078]  gran_size: 32M 	chunk_size: 2G 	num_reg: 10  	lose cover RAM: 1048592M
[    0.003079]  gran_size: 64M 	chunk_size: 64M 	num_reg: 10  	lose cover RAM: 1966128M
[    0.003080]  gran_size: 64M 	chunk_size: 128M 	num_reg: 10  	lose cover RAM: 1048624M
[    0.003082]  gran_size: 64M 	chunk_size: 256M 	num_reg: 10  	lose cover RAM: 1048624M
[    0.003083]  gran_size: 64M 	chunk_size: 512M 	num_reg: 10  	lose cover RAM: 1048624M
[    0.003084]  gran_size: 64M 	chunk_size: 1G 	num_reg: 10  	lose cover RAM: 1048624M
[    0.003086]  gran_size: 64M 	chunk_size: 2G 	num_reg: 10  	lose cover RAM: 1048624M
[    0.003087]  gran_size: 128M 	chunk_size: 128M 	num_reg: 10  	lose cover RAM: 1835120M
[    0.003088]  gran_size: 128M 	chunk_size: 256M 	num_reg: 10  	lose cover RAM: 1048688M
[    0.003090]  gran_size: 128M 	chunk_size: 512M 	num_reg: 10  	lose cover RAM: 1048688M
[    0.003091]  gran_size: 128M 	chunk_size: 1G 	num_reg: 10  	lose cover RAM: 1048688M
[    0.003093]  gran_size: 128M 	chunk_size: 2G 	num_reg: 10  	lose cover RAM: 1048688M
[    0.003094]  gran_size: 256M 	chunk_size: 256M 	num_reg: 10  	lose cover RAM: 1573104M
[    0.003096]  gran_size: 256M 	chunk_size: 512M 	num_reg: 10  	lose cover RAM: 1048816M
[    0.003097]  gran_size: 256M 	chunk_size: 1G 	num_reg: 10  	lose cover RAM: 1048816M
[    0.003098]  gran_size: 256M 	chunk_size: 2G 	num_reg: 10  	lose cover RAM: 1048816M
[    0.003100]  gran_size: 512M 	chunk_size: 512M 	num_reg: 10  	lose cover RAM: 1049072M
[    0.003101]  gran_size: 512M 	chunk_size: 1G 	num_reg: 10  	lose cover RAM: 1049072M
[    0.003102]  gran_size: 512M 	chunk_size: 2G 	num_reg: 10  	lose cover RAM: 1049072M
[    0.003104]  gran_size: 1G 	chunk_size: 1G 	num_reg: 10  	lose cover RAM: 1008M
[    0.003105]  gran_size: 1G 	chunk_size: 2G 	num_reg: 10  	lose cover RAM: 1008M
[    0.003106]  gran_size: 2G 	chunk_size: 2G 	num_reg: 9  	lose cover RAM: 2032M
[    0.003108] mtrr_cleanup: can not find optimal value
[    0.003109] please specify mtrr_gran_size/mtrr_chunk_size
[    0.003111] e820: update [mem 0x7f000000-0xffffffff] usable ==> reserved
[    0.003114] x2apic: enabled by BIOS, switching to x2apic ops
[    0.003115] last_pfn = 0x6f800 max_arch_pfn = 0x400000000
[    0.014541] Using GB pages for direct mapping
[    0.016052] Secure boot disabled
[    0.016053] RAMDISK: [mem 0x205de61000-0x207fffffff]
[    0.016058] ACPI: Early table checksum verification disabled
[    0.016061] ACPI: RSDP 0x000000006F7FE014 000024 (v02 DELL  )
[    0.016064] ACPI: XSDT 0x000000006F41C188 0000F4 (v01 DELL   PE_SC3   00000000 DELL 01000013)
[    0.016071] ACPI: FACP 0x000000006F430000 000114 (v06 DELL   PE_SC3   00000000 DELL 00000001)
[    0.016076] ACPI: DSDT 0x000000004B4CE000 07FAD3 (v02 DELL   PE_SC3   00000003 DELL 00000001)
[    0.016080] ACPI: FACS 0x000000006F2F2000 000040
[    0.016083] ACPI: SSDT 0x000000006F7FB000 00159A (v02 INTEL  RAS_ACPI 00000001 INTL 20210331)
[    0.016087] ACPI: SSDT 0x000000006F7FA000 000745 (v02 INTEL  ADDRXLAT 00000001 INTL 20210331)
[    0.016090] ACPI: MCEJ 0x000000006F7F9000 000130 (v01 INTEL           00000001 INTL 0100000D)
[    0.016094] ACPI: BERT 0x000000006F7F8000 000030 (v01 DELL   PE_SC3   00000001 INTL 00000001)
[    0.016097] ACPI: ERST 0x000000006F7F7000 000230 (v01 DELL   PE_SC3   00000001 INTL 00000001)
[    0.016100] ACPI: SSDT 0x000000006F431000 3C524E (v02 INTEL  SSDTNVDR 00001000 INTL 20210331)
[    0.016104] ACPI: HMAT 0x000000006F42F000 000210 (v01 DELL   PE_SC3   00000001 DELL 00000001)
[    0.016107] ACPI: HPET 0x000000006F42E000 000038 (v01 DELL   PE_SC3   00000001 DELL 00000001)
[    0.016111] ACPI: MCFG 0x000000006F42D000 00003C (v01 DELL   PE_SC3   00000001 DELL 00000001)
[    0.016114] ACPI: MIGT 0x000000006F42C000 000040 (v01 DELL   PE_SC3   00000000 DELL 00000001)
[    0.016117] ACPI: MSCT 0x000000006F42B000 000090 (v01 DELL   PE_SC3   00000001 DELL 00000001)
[    0.016121] ACPI: PMTT 0x000000006F429000 0011E8 (v02 DELL   PE_SC3   00000001 DELL 00000001)
[    0.016124] ACPI: WSMT 0x000000006F428000 000028 (v01 DELL   PE_SC3   00000000 DELL 00000001)
[    0.016127] ACPI: APIC 0x000000006F427000 00075E (v04 DELL   PE_SC3   00000000 DELL 00000001)
[    0.016130] ACPI: SLIT 0x000000006F426000 00003C (v01 DELL   PE_SC3   00000001 DELL 01000013)
[    0.016134] ACPI: SRAT 0x000000006F41F000 006430 (v03 DELL   PE_SC3   00000002 DELL 01000013)
[    0.016137] ACPI: OEM4 0x000000004B346000 187A61 (v02 INTEL  CPU  CST 00003000 INTL 20210331)
[    0.016141] ACPI: SSDT 0x000000004B2CF000 0764A5 (v02 INTEL  SSDT  PM 00004000 INTL 20210331)
[    0.016144] ACPI: SSDT 0x000000006F41E000 000A1F (v02 DELL   PE_SC3   00000000 DELL 00000001)
[    0.016147] ACPI: HEST 0x000000006F41D000 00017C (v01 DELL   PE_SC3   00000001 INTL 00000001)
[    0.016151] ACPI: PCAT 0x000000006F41B000 00010C (v19 DELL   PE_SC3   00000002 DELL 00000001)
[    0.016154] ACPI: SSDT 0x000000006F413000 007299 (v02 INTEL  SpsNm    00000002 INTL 20210331)
[    0.016158] ACPI: SSDT 0x000000006F412000 000426 (v02 DELL   PE_SC3   00000002 DELL 00000001)
[    0.016161] ACPI: NFIT 0x000000006F7FD000 000488 (v01 DELL   PE_SC3   00000002 DELL 00000001)
[    0.016164] ACPI: DMAR 0x000000006F411000 000158 (v01 DELL   PE_SC3   00000001 DELL 00000001)
[    0.016167] ACPI: Reserving FACP table memory at [mem 0x6f430000-0x6f430113]
[    0.016169] ACPI: Reserving DSDT table memory at [mem 0x4b4ce000-0x4b54dad2]
[    0.016170] ACPI: Reserving FACS table memory at [mem 0x6f2f2000-0x6f2f203f]
[    0.016171] ACPI: Reserving SSDT table memory at [mem 0x6f7fb000-0x6f7fc599]
[    0.016172] ACPI: Reserving SSDT table memory at [mem 0x6f7fa000-0x6f7fa744]
[    0.016173] ACPI: Reserving MCEJ table memory at [mem 0x6f7f9000-0x6f7f912f]
[    0.016174] ACPI: Reserving BERT table memory at [mem 0x6f7f8000-0x6f7f802f]
[    0.016174] ACPI: Reserving ERST table memory at [mem 0x6f7f7000-0x6f7f722f]
[    0.016175] ACPI: Reserving SSDT table memory at [mem 0x6f431000-0x6f7f624d]
[    0.016176] ACPI: Reserving HMAT table memory at [mem 0x6f42f000-0x6f42f20f]
[    0.016177] ACPI: Reserving HPET table memory at [mem 0x6f42e000-0x6f42e037]
[    0.016178] ACPI: Reserving MCFG table memory at [mem 0x6f42d000-0x6f42d03b]
[    0.016179] ACPI: Reserving MIGT table memory at [mem 0x6f42c000-0x6f42c03f]
[    0.016180] ACPI: Reserving MSCT table memory at [mem 0x6f42b000-0x6f42b08f]
[    0.016181] ACPI: Reserving PMTT table memory at [mem 0x6f429000-0x6f42a1e7]
[    0.016182] ACPI: Reserving WSMT table memory at [mem 0x6f428000-0x6f428027]
[    0.016182] ACPI: Reserving APIC table memory at [mem 0x6f427000-0x6f42775d]
[    0.016183] ACPI: Reserving SLIT table memory at [mem 0x6f426000-0x6f42603b]
[    0.016184] ACPI: Reserving SRAT table memory at [mem 0x6f41f000-0x6f42542f]
[    0.016185] ACPI: Reserving OEM4 table memory at [mem 0x4b346000-0x4b4cda60]
[    0.016186] ACPI: Reserving SSDT table memory at [mem 0x4b2cf000-0x4b3454a4]
[    0.016187] ACPI: Reserving SSDT table memory at [mem 0x6f41e000-0x6f41ea1e]
[    0.016188] ACPI: Reserving HEST table memory at [mem 0x6f41d000-0x6f41d17b]
[    0.016189] ACPI: Reserving PCAT table memory at [mem 0x6f41b000-0x6f41b10b]
[    0.016190] ACPI: Reserving SSDT table memory at [mem 0x6f413000-0x6f41a298]
[    0.016191] ACPI: Reserving SSDT table memory at [mem 0x6f412000-0x6f412425]
[    0.016192] ACPI: Reserving NFIT table memory at [mem 0x6f7fd000-0x6f7fd487]
[    0.016193] ACPI: Reserving DMAR table memory at [mem 0x6f411000-0x6f411157]
[    0.016203] Setting APIC routing to cluster x2apic.
[    0.016249] SRAT: PXM 0 -> APIC 0x0000 -> Node 0
[    0.016251] SRAT: PXM 0 -> APIC 0x0001 -> Node 0
[    0.016252] SRAT: PXM 0 -> APIC 0x0002 -> Node 0
[    0.016252] SRAT: PXM 0 -> APIC 0x0003 -> Node 0
[    0.016253] SRAT: PXM 0 -> APIC 0x0004 -> Node 0
[    0.016254] SRAT: PXM 0 -> APIC 0x0005 -> Node 0
[    0.016254] SRAT: PXM 0 -> APIC 0x0006 -> Node 0
[    0.016255] SRAT: PXM 0 -> APIC 0x0007 -> Node 0
[    0.016255] SRAT: PXM 0 -> APIC 0x0008 -> Node 0
[    0.016256] SRAT: PXM 0 -> APIC 0x0009 -> Node 0
[    0.016257] SRAT: PXM 0 -> APIC 0x000a -> Node 0
[    0.016257] SRAT: PXM 0 -> APIC 0x000b -> Node 0
[    0.016258] SRAT: PXM 0 -> APIC 0x000c -> Node 0
[    0.016259] SRAT: PXM 0 -> APIC 0x000d -> Node 0
[    0.016260] SRAT: PXM 0 -> APIC 0x000e -> Node 0
[    0.016261] SRAT: PXM 0 -> APIC 0x000f -> Node 0
[    0.016261] SRAT: PXM 0 -> APIC 0x0010 -> Node 0
[    0.016262] SRAT: PXM 0 -> APIC 0x0011 -> Node 0
[    0.016263] SRAT: PXM 0 -> APIC 0x0012 -> Node 0
[    0.016264] SRAT: PXM 0 -> APIC 0x0013 -> Node 0
[    0.016264] SRAT: PXM 0 -> APIC 0x0014 -> Node 0
[    0.016265] SRAT: PXM 0 -> APIC 0x0015 -> Node 0
[    0.016266] SRAT: PXM 0 -> APIC 0x0016 -> Node 0
[    0.016266] SRAT: PXM 0 -> APIC 0x0017 -> Node 0
[    0.016267] SRAT: PXM 0 -> APIC 0x0018 -> Node 0
[    0.016268] SRAT: PXM 0 -> APIC 0x0019 -> Node 0
[    0.016268] SRAT: PXM 0 -> APIC 0x001a -> Node 0
[    0.016269] SRAT: PXM 0 -> APIC 0x001b -> Node 0
[    0.016270] SRAT: PXM 0 -> APIC 0x001c -> Node 0
[    0.016270] SRAT: PXM 0 -> APIC 0x001d -> Node 0
[    0.016271] SRAT: PXM 0 -> APIC 0x001e -> Node 0
[    0.016272] SRAT: PXM 0 -> APIC 0x001f -> Node 0
[    0.016272] SRAT: PXM 0 -> APIC 0x0020 -> Node 0
[    0.016273] SRAT: PXM 0 -> APIC 0x0021 -> Node 0
[    0.016273] SRAT: PXM 0 -> APIC 0x0022 -> Node 0
[    0.016274] SRAT: PXM 0 -> APIC 0x0023 -> Node 0
[    0.016275] SRAT: PXM 0 -> APIC 0x0024 -> Node 0
[    0.016275] SRAT: PXM 0 -> APIC 0x0025 -> Node 0
[    0.016276] SRAT: PXM 0 -> APIC 0x0026 -> Node 0
[    0.016277] SRAT: PXM 0 -> APIC 0x0027 -> Node 0
[    0.016277] SRAT: PXM 0 -> APIC 0x0028 -> Node 0
[    0.016278] SRAT: PXM 0 -> APIC 0x0029 -> Node 0
[    0.016279] SRAT: PXM 0 -> APIC 0x002a -> Node 0
[    0.016279] SRAT: PXM 0 -> APIC 0x002b -> Node 0
[    0.016280] SRAT: PXM 0 -> APIC 0x002c -> Node 0
[    0.016281] SRAT: PXM 0 -> APIC 0x002d -> Node 0
[    0.016281] SRAT: PXM 0 -> APIC 0x002e -> Node 0
[    0.016282] SRAT: PXM 0 -> APIC 0x002f -> Node 0
[    0.016283] SRAT: PXM 0 -> APIC 0x0030 -> Node 0
[    0.016283] SRAT: PXM 0 -> APIC 0x0031 -> Node 0
[    0.016284] SRAT: PXM 0 -> APIC 0x0032 -> Node 0
[    0.016285] SRAT: PXM 0 -> APIC 0x0033 -> Node 0
[    0.016285] SRAT: PXM 0 -> APIC 0x0034 -> Node 0
[    0.016286] SRAT: PXM 0 -> APIC 0x0035 -> Node 0
[    0.016287] SRAT: PXM 0 -> APIC 0x0036 -> Node 0
[    0.016287] SRAT: PXM 0 -> APIC 0x0037 -> Node 0
[    0.016288] SRAT: PXM 1 -> APIC 0x0080 -> Node 1
[    0.016289] SRAT: PXM 1 -> APIC 0x0081 -> Node 1
[    0.016289] SRAT: PXM 1 -> APIC 0x0082 -> Node 1
[    0.016290] SRAT: PXM 1 -> APIC 0x0083 -> Node 1
[    0.016291] SRAT: PXM 1 -> APIC 0x0084 -> Node 1
[    0.016292] SRAT: PXM 1 -> APIC 0x0085 -> Node 1
[    0.016292] SRAT: PXM 1 -> APIC 0x0086 -> Node 1
[    0.016293] SRAT: PXM 1 -> APIC 0x0087 -> Node 1
[    0.016294] SRAT: PXM 1 -> APIC 0x0088 -> Node 1
[    0.016294] SRAT: PXM 1 -> APIC 0x0089 -> Node 1
[    0.016295] SRAT: PXM 1 -> APIC 0x008a -> Node 1
[    0.016296] SRAT: PXM 1 -> APIC 0x008b -> Node 1
[    0.016296] SRAT: PXM 1 -> APIC 0x008c -> Node 1
[    0.016297] SRAT: PXM 1 -> APIC 0x008d -> Node 1
[    0.016298] SRAT: PXM 1 -> APIC 0x008e -> Node 1
[    0.016298] SRAT: PXM 1 -> APIC 0x008f -> Node 1
[    0.016299] SRAT: PXM 1 -> APIC 0x0090 -> Node 1
[    0.016300] SRAT: PXM 1 -> APIC 0x0091 -> Node 1
[    0.016300] SRAT: PXM 1 -> APIC 0x0092 -> Node 1
[    0.016301] SRAT: PXM 1 -> APIC 0x0093 -> Node 1
[    0.016302] SRAT: PXM 1 -> APIC 0x0094 -> Node 1
[    0.016302] SRAT: PXM 1 -> APIC 0x0095 -> Node 1
[    0.016303] SRAT: PXM 1 -> APIC 0x0096 -> Node 1
[    0.016304] SRAT: PXM 1 -> APIC 0x0097 -> Node 1
[    0.016304] SRAT: PXM 1 -> APIC 0x0098 -> Node 1
[    0.016305] SRAT: PXM 1 -> APIC 0x0099 -> Node 1
[    0.016306] SRAT: PXM 1 -> APIC 0x009a -> Node 1
[    0.016306] SRAT: PXM 1 -> APIC 0x009b -> Node 1
[    0.016307] SRAT: PXM 1 -> APIC 0x009c -> Node 1
[    0.016308] SRAT: PXM 1 -> APIC 0x009d -> Node 1
[    0.016308] SRAT: PXM 1 -> APIC 0x009e -> Node 1
[    0.016309] SRAT: PXM 1 -> APIC 0x009f -> Node 1
[    0.016310] SRAT: PXM 1 -> APIC 0x00a0 -> Node 1
[    0.016310] SRAT: PXM 1 -> APIC 0x00a1 -> Node 1
[    0.016311] SRAT: PXM 1 -> APIC 0x00a2 -> Node 1
[    0.016312] SRAT: PXM 1 -> APIC 0x00a3 -> Node 1
[    0.016312] SRAT: PXM 1 -> APIC 0x00a4 -> Node 1
[    0.016313] SRAT: PXM 1 -> APIC 0x00a5 -> Node 1
[    0.016314] SRAT: PXM 1 -> APIC 0x00a6 -> Node 1
[    0.016314] SRAT: PXM 1 -> APIC 0x00a7 -> Node 1
[    0.016315] SRAT: PXM 1 -> APIC 0x00a8 -> Node 1
[    0.016316] SRAT: PXM 1 -> APIC 0x00a9 -> Node 1
[    0.016316] SRAT: PXM 1 -> APIC 0x00aa -> Node 1
[    0.016317] SRAT: PXM 1 -> APIC 0x00ab -> Node 1
[    0.016318] SRAT: PXM 1 -> APIC 0x00ac -> Node 1
[    0.016318] SRAT: PXM 1 -> APIC 0x00ad -> Node 1
[    0.016319] SRAT: PXM 1 -> APIC 0x00ae -> Node 1
[    0.016320] SRAT: PXM 1 -> APIC 0x00af -> Node 1
[    0.016320] SRAT: PXM 1 -> APIC 0x00b0 -> Node 1
[    0.016321] SRAT: PXM 1 -> APIC 0x00b1 -> Node 1
[    0.016322] SRAT: PXM 1 -> APIC 0x00b2 -> Node 1
[    0.016322] SRAT: PXM 1 -> APIC 0x00b3 -> Node 1
[    0.016323] SRAT: PXM 1 -> APIC 0x00b4 -> Node 1
[    0.016324] SRAT: PXM 1 -> APIC 0x00b5 -> Node 1
[    0.016325] SRAT: PXM 1 -> APIC 0x00b6 -> Node 1
[    0.016325] SRAT: PXM 1 -> APIC 0x00b7 -> Node 1
[    0.016339] ACPI: SRAT: Node 0 PXM 0 [mem 0x00000000-0x7fffffff]
[    0.016340] ACPI: SRAT: Node 0 PXM 0 [mem 0x100000000-0x107fffffff]
[    0.016342] ACPI: SRAT: Node 2 PXM 2 [mem 0x2080000000-0x9e7fffffff] non-volatile
[    0.016343] ACPI: SRAT: Node 1 PXM 1 [mem 0x1080000000-0x207fffffff]
[    0.016344] ACPI: SRAT: Node 3 PXM 3 [mem 0x9e80000000-0x11c7fffffff] non-volatile
[    0.016354] NUMA: Initialized distance table, cnt=4
[    0.016357] NUMA: Node 0 [mem 0x00000000-0x7fffffff] + [mem 0x100000000-0x107fffffff] -> [mem 0x00000000-0x107fffffff]
[    0.016366] NODE_DATA(0) allocated [mem 0xffffd5000-0xfffffffff]
[    0.016384] NODE_DATA(1) allocated [mem 0x205de33000-0x205de5dfff]
[    0.016566] Zone ranges:
[    0.016567]   DMA      [mem 0x0000000000001000-0x0000000000ffffff]
[    0.016569]   DMA32    [mem 0x0000000001000000-0x00000000ffffffff]
[    0.016570]   Normal   [mem 0x0000000100000000-0x000000207fffffff]
[    0.016572]   Device   empty
[    0.016573] Movable zone start for each node
[    0.016576] Early memory node ranges
[    0.016577]   node   0: [mem 0x0000000000001000-0x000000000008efff]
[    0.016578]   node   0: [mem 0x0000000000090000-0x000000000009ffff]
[    0.016579]   node   0: [mem 0x0000000000100000-0x0000000049e76fff]
[    0.016580]   node   0: [mem 0x000000004ae77000-0x000000004b2cefff]
[    0.016581]   node   0: [mem 0x000000004b54e000-0x000000004bd93fff]
[    0.016582]   node   0: [mem 0x000000004be9a000-0x000000004cdfffff]
[    0.016582]   node   0: [mem 0x000000004d000000-0x000000005eefdfff]
[    0.016583]   node   0: [mem 0x000000006f7ff000-0x000000006f7fffff]
[    0.016584]   node   0: [mem 0x0000000966000000-0x0000000fffffffff]
[    0.016586]   node   1: [mem 0x0000001ec0000000-0x000000207fffffff]
[    0.016588] Initmem setup node 0 [mem 0x0000000000001000-0x0000000fffffffff]
[    0.016591] Initmem setup node 1 [mem 0x0000001ec0000000-0x000000207fffffff]
[    0.016592] Initializing node 2 as memoryless
[    0.016617] Initmem setup node 2 as memoryless
[    0.016618] Initializing node 3 as memoryless
[    0.016642] Initmem setup node 3 as memoryless
[    0.016644] On node 0, zone DMA: 1 pages in unavailable ranges
[    0.016645] On node 0, zone DMA: 1 pages in unavailable ranges
[    0.016675] On node 0, zone DMA: 96 pages in unavailable ranges
[    0.018968] On node 0, zone DMA32: 4096 pages in unavailable ranges
[    0.018992] On node 0, zone DMA32: 639 pages in unavailable ranges
[    0.019022] On node 0, zone DMA32: 262 pages in unavailable ranges
[    0.019571] On node 0, zone DMA32: 512 pages in unavailable ranges
[    0.019852] On node 0, zone DMA32: 35073 pages in unavailable ranges
[    0.068336] On node 0, zone Normal: 26624 pages in unavailable ranges
[    0.082619] ACPI: PM-Timer IO Port: 0x508
[    0.082637] ACPI: X2APIC_NMI (uid[0xffffffff] high edge lint[0x1])
[    0.082640] ACPI: LAPIC_NMI (acpi_id[0xff] high edge lint[0x1])
[    0.082659] IOAPIC[0]: apic_id 8, version 32, address 0xfec00000, GSI 0-119
[    0.082662] ACPI: INT_SRC_OVR (bus 0 bus_irq 0 global_irq 2 dfl dfl)
[    0.082664] ACPI: INT_SRC_OVR (bus 0 bus_irq 9 global_irq 9 high level)
[    0.082668] ACPI: Using ACPI (MADT) for SMP configuration information
[    0.082670] ACPI: HPET id: 0x8086a701 base: 0xfed00000
[    0.082674] TSC deadline timer available
[    0.082675] smpboot: Allowing 112 CPUs, 0 hotplug CPUs
[    0.082704] PM: hibernation: Registered nosave memory: [mem 0x00000000-0x00000fff]
[    0.082706] PM: hibernation: Registered nosave memory: [mem 0x0008f000-0x0008ffff]
[    0.082708] PM: hibernation: Registered nosave memory: [mem 0x000a0000-0x000fffff]
[    0.082710] PM: hibernation: Registered nosave memory: [mem 0x46cc4000-0x46cc4fff]
[    0.082712] PM: hibernation: Registered nosave memory: [mem 0x46cf5000-0x46cf5fff]
[    0.082713] PM: hibernation: Registered nosave memory: [mem 0x46cf6000-0x46cf6fff]
[    0.082714] PM: hibernation: Registered nosave memory: [mem 0x46d28000-0x46d28fff]
[    0.082715] PM: hibernation: Registered nosave memory: [mem 0x46d29000-0x46d29fff]
[    0.082717] PM: hibernation: Registered nosave memory: [mem 0x46d5b000-0x46d5bfff]
[    0.082718] PM: hibernation: Registered nosave memory: [mem 0x46d5c000-0x46d5cfff]
[    0.082719] PM: hibernation: Registered nosave memory: [mem 0x46d64000-0x46d64fff]
[    0.082721] PM: hibernation: Registered nosave memory: [mem 0x49e77000-0x4ae76fff]
[    0.082723] PM: hibernation: Registered nosave memory: [mem 0x4b2cf000-0x4b54dfff]
[    0.082725] PM: hibernation: Registered nosave memory: [mem 0x4bd94000-0x4be99fff]
[    0.082726] PM: hibernation: Registered nosave memory: [mem 0x4ce00000-0x4cffffff]
[    0.082728] PM: hibernation: Registered nosave memory: [mem 0x5eefe000-0x6e3fefff]
[    0.082729] PM: hibernation: Registered nosave memory: [mem 0x6e3ff000-0x6f3fefff]
[    0.082730] PM: hibernation: Registered nosave memory: [mem 0x6f3ff000-0x6f7fefff]
[    0.082732] PM: hibernation: Registered nosave memory: [mem 0x6f800000-0x8fffffff]
[    0.082732] PM: hibernation: Registered nosave memory: [mem 0x90000000-0xfdffffff]
[    0.082733] PM: hibernation: Registered nosave memory: [mem 0xfe000000-0xfe010fff]
[    0.082734] PM: hibernation: Registered nosave memory: [mem 0xfe011000-0xffffffff]
[    0.082735] PM: hibernation: Registered nosave memory: [mem 0x100000000-0x965ffffff]
[    0.082737] PM: hibernation: Registered nosave memory: [mem 0x1000000000-0x1ebfffffff]
[    0.082738] [mem 0x90000000-0xfdffffff] available for PCI devices
[    0.082740] Booting paravirtualized kernel on bare hardware
[    0.082742] clocksource: refined-jiffies: mask: 0xffffffff max_cycles: 0xffffffff, max_idle_ns: 7645519600211568 ns
[    0.082748] setup_percpu: NR_CPUS:8192 nr_cpumask_bits:112 nr_cpu_ids:112 nr_node_ids:4
[    0.087553] percpu: Embedded 61 pages/cpu s212992 r8192 d28672 u262144
[    0.087564] pcpu-alloc: s212992 r8192 d28672 u262144 alloc=1*2097152
[    0.087567] pcpu-alloc: [0] 000 002 004 006 008 010 012 014 
[    0.087573] pcpu-alloc: [0] 016 018 020 022 024 026 028 030 
[    0.087578] pcpu-alloc: [0] 032 034 036 038 040 042 044 046 
[    0.087583] pcpu-alloc: [0] 048 050 052 054 056 058 060 062 
[    0.087587] pcpu-alloc: [0] 064 066 068 070 072 074 076 078 
[    0.087592] pcpu-alloc: [0] 080 082 084 086 088 090 092 094 
[    0.087596] pcpu-alloc: [0] 096 098 100 102 104 106 108 110 
[    0.087601] pcpu-alloc: [1] 001 003 005 007 009 011 013 015 
[    0.087605] pcpu-alloc: [1] 017 019 021 023 025 027 029 031 
[    0.087610] pcpu-alloc: [1] 033 035 037 039 041 043 045 047 
[    0.087614] pcpu-alloc: [1] 049 051 053 055 057 059 061 063 
[    0.087619] pcpu-alloc: [1] 065 067 069 071 073 075 077 079 
[    0.087623] pcpu-alloc: [1] 081 083 085 087 089 091 093 095 
[    0.087628] pcpu-alloc: [1] 097 099 101 103 105 107 109 111 
[    0.087673] Fallback order for Node 0: 0 1 
[    0.087676] Fallback order for Node 1: 1 0 
[    0.087678] Fallback order for Node 2: 2 0 1 
[    0.087681] Fallback order for Node 3: 3 1 0 
[    0.087689] Built 2 zonelists, mobility grouping on.  Total pages: 8996500
[    0.087690] Policy zone: Normal
[    0.087691] Kernel command line: BOOT_IMAGE=/boot/vmlinuz-5.18.0 root=UUID=ce0c24b8-724b-4f33-9b2c-618433560aef ro memmap=34400M!4096M memmap=59G!64G quiet splash nomodeset vt.handoff=1
[    0.087819] Booted with the nomodeset parameter. Only the system framebuffer will be available
[    0.087841] Unknown kernel command line parameters "splash BOOT_IMAGE=/boot/vmlinuz-5.18.0", will be passed to user space.
[    0.087842] printk: log_buf_len individual max cpu contribution: 4096 bytes
[    0.087843] printk: log_buf_len total cpu_extra contributions: 454656 bytes
[    0.087844] printk: log_buf_len min size: 262144 bytes
[    0.088823] printk: log_buf_len: 1048576 bytes
[    0.088824] printk: early log buf free: 223664(85%)
[    0.090731] mem auto-init: stack:off, heap alloc:on, heap free:off
[    0.179201] Memory: 35157928K/36562016K available (16392K kernel code, 3615K rwdata, 10444K rodata, 2688K init, 5836K bss, 1403828K reserved, 0K cma-reserved)
[    0.179207] random: get_random_u64 called from __kmem_cache_create+0x2d/0x480 with crng_init=0
[    0.179953] SLUB: HWalign=64, Order=0-3, MinObjects=0, CPUs=112, Nodes=4
[    0.179983] ftrace: allocating 48795 entries in 191 pages
[    0.188528] ftrace: allocated 191 pages with 7 groups
[    0.189496] Dynamic Preempt: voluntary
[    0.189829] rcu: Preemptible hierarchical RCU implementation.
[    0.189830] rcu: 	RCU restricting CPUs from NR_CPUS=8192 to nr_cpu_ids=112.
[    0.189831] 	Trampoline variant of Tasks RCU enabled.
[    0.189832] 	Rude variant of Tasks RCU enabled.
[    0.189832] 	Tracing variant of Tasks RCU enabled.
[    0.189833] rcu: RCU calculated value of scheduler-enlistment delay is 25 jiffies.
[    0.189834] rcu: Adjusting geometry for rcu_fanout_leaf=16, nr_cpu_ids=112
[    0.193625] NR_IRQS: 524544, nr_irqs: 2952, preallocated irqs: 16
[    0.193971] random: crng init done (trusting CPU's manufacturer)
[    0.194109] Console: colour dummy device 80x25
[    0.194144] printk: console [tty0] enabled
[    0.194344] mempolicy: Enabling automatic NUMA balancing. Configure with numa_balancing= or the kernel.numa_balancing sysctl
[    0.194349] ACPI: Core revision 20211217
[    0.197777] clocksource: hpet: mask: 0xffffffff max_cycles: 0xffffffff, max_idle_ns: 79635855245 ns
[    0.197821] APIC: Switch to symmetric I/O mode setup
[    0.197823] DMAR: Host address width 46
[    0.197824] DMAR: DRHD base: 0x000000d0ffc000 flags: 0x0
[    0.197829] DMAR: dmar0: reg_base_addr d0ffc000 ver 4:0 cap 8ed008c40780466 ecap 60000f050df
[    0.197832] DMAR: DRHD base: 0x000000dbbfc000 flags: 0x0
[    0.197835] DMAR: dmar1: reg_base_addr dbbfc000 ver 4:0 cap 8ed008c40780466 ecap 60000f050df
[    0.197837] DMAR: DRHD base: 0x000000e67fc000 flags: 0x0
[    0.197841] DMAR: dmar2: reg_base_addr e67fc000 ver 4:0 cap 8ed008c40780466 ecap 60000f050df
[    0.197843] DMAR: DRHD base: 0x000000f13fc000 flags: 0x0
[    0.197845] DMAR: dmar3: reg_base_addr f13fc000 ver 4:0 cap 8ed008c40780466 ecap 60000f050df
[    0.197847] DMAR: DRHD base: 0x000000fb7fc000 flags: 0x0
[    0.197850] DMAR: dmar4: reg_base_addr fb7fc000 ver 4:0 cap 8ed008c40780466 ecap 60000f050df
[    0.197852] DMAR: DRHD base: 0x000000a63fc000 flags: 0x0
[    0.197855] DMAR: dmar5: reg_base_addr a63fc000 ver 4:0 cap 8ed008c40780466 ecap 60000f050df
[    0.197856] DMAR: DRHD base: 0x000000b0ffc000 flags: 0x0
[    0.197861] DMAR: dmar6: reg_base_addr b0ffc000 ver 4:0 cap 8ed008c40780466 ecap 60000f050df
[    0.197863] DMAR: DRHD base: 0x000000bbbfc000 flags: 0x0
[    0.197865] DMAR: dmar7: reg_base_addr bbbfc000 ver 4:0 cap 8ed008c40780466 ecap 60000f050df
[    0.197867] DMAR: DRHD base: 0x000000c5ffc000 flags: 0x0
[    0.197870] DMAR: dmar8: reg_base_addr c5ffc000 ver 4:0 cap 8ed008c40780466 ecap 60000f050df
[    0.197871] DMAR: DRHD base: 0x0000009b7fc000 flags: 0x1
[    0.197874] DMAR: dmar9: reg_base_addr 9b7fc000 ver 4:0 cap 8ed008c40780466 ecap 60000f050df
[    0.197876] DMAR: RMRR base: 0x00000069427000 end: 0x00000069429fff
[    0.197878] DMAR: ATSR flags: 0x0
[    0.197880] DMAR-IR: IOAPIC id 8 under DRHD base  0x9b7fc000 IOMMU 9
[    0.197882] DMAR-IR: HPET id 0 under DRHD base 0x9b7fc000
[    0.197883] DMAR-IR: Queued invalidation will be enabled to support x2apic and Intr-remapping.
[    0.200982] DMAR-IR: Enabled IRQ remapping in x2apic mode
[    0.203617] ..TIMER: vector=0x30 apic1=0 pin1=2 apic2=-1 pin2=-1
[    0.221752] clocksource: tsc-early: mask: 0xffffffffffffffff max_cycles: 0x39a85c9bff6, max_idle_ns: 881590591483 ns
[    0.221757] Calibrating delay loop (skipped), value calculated using timer frequency.. 4000.00 BogoMIPS (lpj=8000000)
[    0.221760] pid_max: default: 114688 minimum: 896
[    0.225673] LSM: Security Framework initializing
[    0.225698] Yama: becoming mindful.
[    0.225771] AppArmor: AppArmor initialized
[    0.233976] Dentry cache hash table entries: 8388608 (order: 14, 67108864 bytes, vmalloc hugepage)
[    0.238086] Inode-cache hash table entries: 4194304 (order: 13, 33554432 bytes, vmalloc hugepage)
[    0.238262] Mount-cache hash table entries: 131072 (order: 8, 1048576 bytes, vmalloc)
[    0.238406] Mountpoint-cache hash table entries: 131072 (order: 8, 1048576 bytes, vmalloc)
[    0.238995] x86/tme: not enabled by BIOS
[    0.239005] CPU0: Thermal monitoring enabled (TM1)
[    0.239007] x86/cpu: User Mode Instruction Prevention (UMIP) activated
[    0.239242] process: using mwait in idle threads
[    0.239244] Last level iTLB entries: 4KB 0, 2MB 0, 4MB 0
[    0.239245] Last level dTLB entries: 4KB 0, 2MB 0, 4MB 0, 1GB 0
[    0.239252] Spectre V1 : Mitigation: usercopy/swapgs barriers and __user pointer sanitization
[    0.239254] Spectre V2 : WARNING: Unprivileged eBPF is enabled with eIBRS on, data leaks possible via Spectre v2 BHB attacks!
[    0.239260] Spectre V2 : Mitigation: Enhanced IBRS
[    0.239260] Spectre V2 : Spectre v2 / SpectreRSB mitigation: Filling RSB on context switch
[    0.239262] Spectre V2 : mitigation: Enabling conditional Indirect Branch Prediction Barrier
[    0.239263] Speculative Store Bypass: Mitigation: Speculative Store Bypass disabled via prctl
[    0.244420] Freeing SMP alternatives memory: 40K
[    0.245907] smpboot: Estimated ratio of average max frequency by base frequency (times 1024): 1433
[    0.245922] smpboot: CPU0: Intel(R) Xeon(R) Gold 6330 CPU @ 2.00GHz (family: 0x6, model: 0x6a, stepping: 0x6)
[    0.246149] cblist_init_generic: Setting adjustable number of callback queues.
[    0.246164] cblist_init_generic: Setting shift to 7 and lim to 1.
[    0.246191] cblist_init_generic: Setting shift to 7 and lim to 1.
[    0.246224] cblist_init_generic: Setting shift to 7 and lim to 1.
[    0.246234] Performance Events: PEBS fmt4+-baseline,  AnyThread deprecated, Icelake events, 32-deep LBR, full-width counters, Intel PMU driver.
[    0.246271] ... version:                5
[    0.246272] ... bit width:              48
[    0.246273] ... generic registers:      8
[    0.246273] ... value mask:             0000ffffffffffff
[    0.246274] ... max period:             00007fffffffffff
[    0.246275] ... fixed-purpose events:   4
[    0.246275] ... event mask:             0001000f000000ff
[    0.246431] rcu: Hierarchical SRCU implementation.
[    0.253705] NMI watchdog: Enabled. Permanently consumes one hw-PMU counter.
[    0.254841] smp: Bringing up secondary CPUs ...
[    0.254967] x86: Booting SMP configuration:
[    0.254968] .... node  #1, CPUs:          #1
[    0.007790] smpboot: CPU 1 Converting physical 0 to logical die 1

[    0.341877] .... node  #0, CPUs:     #2
[    0.347255] .... node  #1, CPUs:     #3
[    0.352712] .... node  #0, CPUs:     #4
[    0.358105] .... node  #1, CPUs:     #5
[    0.363500] .... node  #0, CPUs:     #6
[    0.369096] .... node  #1, CPUs:     #7
[    0.374688] .... node  #0, CPUs:     #8
[    0.380007] .... node  #1, CPUs:     #9
[    0.385864] .... node  #0, CPUs:    #10
[    0.391488] .... node  #1, CPUs:    #11
[    0.397237] .... node  #0, CPUs:    #12
[    0.402758] .... node  #1, CPUs:    #13
[    0.408133] .... node  #0, CPUs:    #14
[    0.413368] .... node  #1, CPUs:    #15
[    0.418710] .... node  #0, CPUs:    #16
[    0.423989] .... node  #1, CPUs:    #17
[    0.429318] .... node  #0, CPUs:    #18
[    0.434577] .... node  #1, CPUs:    #19
[    0.440236] .... node  #0, CPUs:    #20
[    0.445477] .... node  #1, CPUs:    #21
[    0.451114] .... node  #0, CPUs:    #22
[    0.456556] .... node  #1, CPUs:    #23
[    0.461863] .... node  #0, CPUs:    #24
[    0.467493] .... node  #1, CPUs:    #25
[    0.472837] .... node  #0, CPUs:    #26
[    0.478072] .... node  #1, CPUs:    #27
[    0.483398] .... node  #0, CPUs:    #28
[    0.488923] .... node  #1, CPUs:    #29
[    0.494235] .... node  #0, CPUs:    #30
[    0.499482] .... node  #1, CPUs:    #31
[    0.504976] .... node  #0, CPUs:    #32
[    0.510273] .... node  #1, CPUs:    #33
[    0.515661] .... node  #0, CPUs:    #34
[    0.521129] .... node  #1, CPUs:    #35
[    0.526453] .... node  #0, CPUs:    #36
[    0.531685] .... node  #1, CPUs:    #37
[    0.537005] .... node  #0, CPUs:    #38
[    0.542579] .... node  #1, CPUs:    #39
[    0.548127] .... node  #0, CPUs:    #40
[    0.553919] .... node  #1, CPUs:    #41
[    0.559499] .... node  #0, CPUs:    #42
[    0.564820] .... node  #1, CPUs:    #43
[    0.570468] .... node  #0, CPUs:    #44
[    0.575841] .... node  #1, CPUs:    #45
[    0.581327] .... node  #0, CPUs:    #46
[    0.586883] .... node  #1, CPUs:    #47
[    0.592338] .... node  #0, CPUs:    #48
[    0.597927] .... node  #1, CPUs:    #49
[    0.603153] .... node  #0, CPUs:    #50
[    0.608669] .... node  #1, CPUs:    #51
[    0.614322] .... node  #0, CPUs:    #52
[    0.619810] .... node  #1, CPUs:    #53
[    0.625426] .... node  #0, CPUs:    #54
[    0.631134] .... node  #1, CPUs:    #55
[    0.636958] .... node  #0, CPUs:    #56
[    0.643130] .... node  #1, CPUs:    #57
[    0.649048] .... node  #0, CPUs:    #58
[    0.654488] .... node  #1, CPUs:    #59
[    0.659949] .... node  #0, CPUs:    #60
[    0.665345] .... node  #1, CPUs:    #61
[    0.670754] .... node  #0, CPUs:    #62
[    0.676357] .... node  #1, CPUs:    #63
[    0.681975] .... node  #0, CPUs:    #64
[    0.687296] .... node  #1, CPUs:    #65
[    0.693059] .... node  #0, CPUs:    #66
[    0.698829] .... node  #1, CPUs:    #67
[    0.704600] .... node  #0, CPUs:    #68
[    0.710156] .... node  #1, CPUs:    #69
[    0.715529] .... node  #0, CPUs:    #70
[    0.720789] .... node  #1, CPUs:    #71
[    0.726148] .... node  #0, CPUs:    #72
[    0.731450] .... node  #1, CPUs:    #73
[    0.736786] .... node  #0, CPUs:    #74
[    0.742067] .... node  #1, CPUs:    #75
[    0.747738] .... node  #0, CPUs:    #76
[    0.753010] .... node  #1, CPUs:    #77
[    0.758658] .... node  #0, CPUs:    #78
[    0.764125] .... node  #1, CPUs:    #79
[    0.769435] .... node  #0, CPUs:    #80
[    0.775079] .... node  #1, CPUs:    #81
[    0.780453] .... node  #0, CPUs:    #82
[    0.785932] .... node  #1, CPUs:    #83
[    0.791042] .... node  #0, CPUs:    #84
[    0.796583] .... node  #1, CPUs:    #85
[    0.801906] .... node  #0, CPUs:    #86
[    0.807167] .... node  #1, CPUs:    #87
[    0.812673] .... node  #0, CPUs:    #88
[    0.817996] .... node  #1, CPUs:    #89
[    0.823400] .... node  #0, CPUs:    #90
[    0.828868] .... node  #1, CPUs:    #91
[    0.834229] .... node  #0, CPUs:    #92
[    0.839464] .... node  #1, CPUs:    #93
[    0.844820] .... node  #0, CPUs:    #94
[    0.850418] .... node  #1, CPUs:    #95
[    0.855975] .... node  #0, CPUs:    #96
[    0.861901] .... node  #1, CPUs:    #97
[    0.867425] .... node  #0, CPUs:    #98
[    0.872773] .... node  #1, CPUs:    #99
[    0.878455] .... node  #0, CPUs:   #100
[    0.883852] .... node  #1, CPUs:   #101
[    0.889354] .... node  #0, CPUs:   #102
[    0.894914] .... node  #1, CPUs:   #103
[    0.900413] .... node  #0, CPUs:   #104
[    0.905926] .... node  #1, CPUs:   #105
[    0.911268] .... node  #0, CPUs:   #106
[    0.916794] .... node  #1, CPUs:   #107
[    0.922473] .... node  #0, CPUs:   #108
[    0.927964] .... node  #1, CPUs:   #109
[    0.933839] .... node  #0, CPUs:   #110
[    0.939341] .... node  #1, CPUs:   #111
[    0.945186] smp: Brought up 2 nodes, 112 CPUs
[    0.945186] smpboot: Max logical packages: 2
[    0.945186] smpboot: Total of 112 processors activated (448082.93 BogoMIPS)
[    0.949123] devtmpfs: initialized
[    0.949123] x86/mm: Memory block size: 2048MB
[    0.949123] ACPI: PM: Registering ACPI NVS region [mem 0x49e77000-0x4ae76fff] (16777216 bytes)
[    0.949934] ACPI: PM: Registering ACPI NVS region [mem 0x6e3ff000-0x6f3fefff] (16777216 bytes)
[    0.950216] clocksource: jiffies: mask: 0xffffffff max_cycles: 0xffffffff, max_idle_ns: 7645041785100000 ns
[    0.950530] futex hash table entries: 32768 (order: 9, 2097152 bytes, vmalloc)
[    0.950783] pinctrl core: initialized pinctrl subsystem
[    0.950935] PM: RTC time: 07:17:50, date: 2024-06-22
[    0.951884] NET: Registered PF_NETLINK/PF_ROUTE protocol family
[    0.952678] DMA: preallocated 4096 KiB GFP_KERNEL pool for atomic allocations
[    0.953185] DMA: preallocated 4096 KiB GFP_KERNEL|GFP_DMA pool for atomic allocations
[    0.953650] DMA: preallocated 4096 KiB GFP_KERNEL|GFP_DMA32 pool for atomic allocations
[    0.953659] audit: initializing netlink subsys (disabled)
[    0.953668] audit: type=2000 audit(1719040669.752:1): state=initialized audit_enabled=0 res=1
[    0.953835] thermal_sys: Registered thermal governor 'fair_share'
[    0.953837] thermal_sys: Registered thermal governor 'bang_bang'
[    0.953838] thermal_sys: Registered thermal governor 'step_wise'
[    0.953838] thermal_sys: Registered thermal governor 'user_space'
[    0.953843] EISA bus registered
[    0.953869] cpuidle: using governor ladder
[    0.953869] cpuidle: using governor menu
[    0.953869] ACPI FADT declares the system doesn't support PCIe ASPM, so disable it
[    0.953869] acpiphp: ACPI Hot Plug PCI Controller Driver version: 0.5
[    0.953906] PCI: MMCONFIG for domain 0000 [bus 00-ff] at [mem 0x80000000-0x8fffffff] (base 0x80000000)
[    0.953911] PCI: MMCONFIG at [mem 0x80000000-0x8fffffff] reserved in E820
[    0.953917] pmd_set_huge: Cannot satisfy [mem 0x80000000-0x80200000] with a huge-page mapping due to MTRR override.
[    0.954096] PCI: Using configuration type 1 for base access
[    0.954105] PCI: Dell System detected, enabling pci=bfsort.
[    0.956263] ENERGY_PERF_BIAS: Set to 'normal', was 'performance'
[    0.959086] kprobes: kprobe jump-optimization is enabled. All kprobes are optimized if possible.
[    0.959090] HugeTLB registered 1.00 GiB page size, pre-allocated 0 pages
[    0.959090] HugeTLB registered 2.00 MiB page size, pre-allocated 0 pages
[    0.962113] fbcon: Taking over console
[    0.962113] ACPI: Added _OSI(Module Device)
[    0.962113] ACPI: Added _OSI(Processor Device)
[    0.962113] ACPI: Added _OSI(3.0 _SCP Extensions)
[    0.962113] ACPI: Added _OSI(Processor Aggregator Device)
[    0.962113] ACPI: Added _OSI(Linux-Dell-Video)
[    0.962113] ACPI: Added _OSI(Linux-Lenovo-NV-HDMI-Audio)
[    0.962113] ACPI: Added _OSI(Linux-HPI-Hybrid-Graphics)
[    1.130577] ACPI: 8 ACPI AML tables successfully acquired and loaded
[    1.136841] ACPI: [Firmware Bug]: BIOS _OSI(Linux) query ignored
[    1.142830] ACPI: Dynamic OEM Table Load:
[    1.556142] ACPI: Interpreter enabled
[    1.556163] ACPI: PM: (supports S0 S5)
[    1.556164] ACPI: Using IOAPIC for interrupt routing
[    1.556252] HEST: Table parsing has been initialized.
[    1.556436] GHES: APEI firmware first mode is enabled by APEI bit and WHEA _OSC.
[    1.556439] PCI: Using host bridge windows from ACPI; if necessary, use "pci=nocrs" and report a bug
[    1.586203] ACPI: Enabled 4 GPEs in block 00 to 7F
[    1.713908] ACPI: PCI Root Bridge [PC00] (domain 0000 [bus 00-15])
[    1.713914] acpi PNP0A08:00: _OSC: OS supports [ExtendedConfig ASPM ClockPM Segments MSI HPX-Type3]
[    1.782700] acpi PNP0A08:00: _OSC: platform does not support [SHPCHotplug AER LTR]
[    1.782930] acpi PNP0A08:00: _OSC: OS now controls [PCIeHotplug PME PCIeCapability]
[    1.782931] acpi PNP0A08:00: FADT indicates ASPM is unsupported, using BIOS configuration
[    1.784803] PCI host bridge to bus 0000:00
[    1.784805] pci_bus 0000:00: root bus resource [io  0x0000-0x0cf7 window]
[    1.784808] pci_bus 0000:00: root bus resource [io  0x1000-0x4fff window]
[    1.784809] pci_bus 0000:00: root bus resource [mem 0x000a0000-0x000bffff window]
[    1.784810] pci_bus 0000:00: root bus resource [mem 0x000c8000-0x000cffff window]
[    1.784812] pci_bus 0000:00: root bus resource [mem 0xfe010000-0xfe010fff window]
[    1.784813] pci_bus 0000:00: root bus resource [mem 0x90000000-0x9b7fffff window]
[    1.784814] pci_bus 0000:00: root bus resource [mem 0x200000000000-0x20ffffffffff window]
[    1.784816] pci_bus 0000:00: root bus resource [bus 00-15]
[    1.784830] pci 0000:00:00.0: [8086:09a2] type 00 class 0x088000
[    1.784931] pci 0000:00:00.1: [8086:09a4] type 00 class 0x088000
[    1.784999] pci 0000:00:00.2: [8086:09a3] type 00 class 0x088000
[    1.785066] pci 0000:00:00.4: [8086:0998] type 00 class 0x060000
[    1.785135] pci 0000:00:02.0: [8086:09a6] type 00 class 0x088000
[    1.785144] pci 0000:00:02.0: reg 0x10: [mem 0x92dfc000-0x92dfdfff]
[    1.785219] pci 0000:00:02.1: [8086:09a7] type 00 class 0x088000
[    1.785228] pci 0000:00:02.1: reg 0x10: [mem 0x92d00000-0x92d7ffff]
[    1.785233] pci 0000:00:02.1: reg 0x14: [mem 0x92c80000-0x92cfffff]
[    1.785308] pci 0000:00:02.4: [8086:3456] type 00 class 0x130000
[    1.785318] pci 0000:00:02.4: reg 0x10: [mem 0x92a00000-0x92afffff 64bit]
[    1.785325] pci 0000:00:02.4: reg 0x18: [mem 0x92df0000-0x92df3fff 64bit]
[    1.785332] pci 0000:00:02.4: reg 0x20: [mem 0x92dc0000-0x92ddffff 64bit]
[    1.785411] pci 0000:00:11.0: [8086:a1ec] type 00 class 0xff0000
[    1.785414] pci 0000:00:11.0: device has non-compliant BARs; disabling IO/MEM decoding
[    1.785505] pci 0000:00:11.5: [8086:a1d2] type 00 class 0x010601
[    1.785517] pci 0000:00:11.5: reg 0x10: [mem 0x92dfa000-0x92dfbfff]
[    1.785525] pci 0000:00:11.5: reg 0x14: [mem 0x92e05000-0x92e050ff]
[    1.785532] pci 0000:00:11.5: reg 0x18: [io  0x2068-0x206f]
[    1.785540] pci 0000:00:11.5: reg 0x1c: [io  0x2074-0x2077]
[    1.785547] pci 0000:00:11.5: reg 0x20: [io  0x2040-0x205f]
[    1.785555] pci 0000:00:11.5: reg 0x24: [mem 0x92b80000-0x92bfffff]
[    1.785592] pci 0000:00:11.5: PME# supported from D3hot
[    1.785809] pci 0000:00:14.0: [8086:a1af] type 00 class 0x0c0330
[    1.785827] pci 0000:00:14.0: reg 0x10: [mem 0x92de0000-0x92deffff 64bit]
[    1.785890] pci 0000:00:14.0: PME# supported from D3hot D3cold
[    1.786126] pci 0000:00:14.2: [8086:a1b1] type 00 class 0x118000
[    1.786143] pci 0000:00:14.2: reg 0x10: [mem 0x92e02000-0x92e02fff 64bit]
[    1.786267] pci 0000:00:16.0: [8086:a1ba] type 00 class 0x078000
[    1.786290] pci 0000:00:16.0: reg 0x10: [mem 0x92e01000-0x92e01fff 64bit]
[    1.786373] pci 0000:00:16.0: PME# supported from D3hot
[    1.786435] pci 0000:00:16.1: [8086:a1bb] type 00 class 0x078000
[    1.786459] pci 0000:00:16.1: reg 0x10: [mem 0x92e00000-0x92e00fff 64bit]
[    1.786542] pci 0000:00:16.1: PME# supported from D3hot
[    1.786609] pci 0000:00:16.4: [8086:a1be] type 00 class 0x078000
[    1.786632] pci 0000:00:16.4: reg 0x10: [mem 0x92dff000-0x92dfffff 64bit]
[    1.786716] pci 0000:00:16.4: PME# supported from D3hot
[    1.786786] pci 0000:00:17.0: [8086:a182] type 00 class 0x010601
[    1.786799] pci 0000:00:17.0: reg 0x10: [mem 0x92df8000-0x92df9fff]
[    1.786806] pci 0000:00:17.0: reg 0x14: [mem 0x92e04000-0x92e040ff]
[    1.786813] pci 0000:00:17.0: reg 0x18: [io  0x2060-0x2067]
[    1.786821] pci 0000:00:17.0: reg 0x1c: [io  0x2070-0x2073]
[    1.786828] pci 0000:00:17.0: reg 0x20: [io  0x2020-0x203f]
[    1.786835] pci 0000:00:17.0: reg 0x24: [mem 0x92b00000-0x92b7ffff]
[    1.786872] pci 0000:00:17.0: PME# supported from D3hot
[    1.787079] pci 0000:00:1c.0: [8086:a190] type 01 class 0x060400
[    1.787155] pci 0000:00:1c.0: PME# supported from D0 D3hot D3cold
[    1.787815] pci 0000:00:1c.4: [8086:a194] type 01 class 0x060400
[    1.787884] pci 0000:00:1c.4: PME# supported from D0 D3hot D3cold
[    1.788516] pci 0000:00:1c.5: [8086:a195] type 01 class 0x060400
[    1.788588] pci 0000:00:1c.5: PME# supported from D0 D3hot D3cold
[    1.789222] pci 0000:00:1f.0: [8086:a1cb] type 00 class 0x060100
[    1.789521] pci 0000:00:1f.2: [8086:a1a1] type 00 class 0x058000
[    1.789536] pci 0000:00:1f.2: reg 0x10: [mem 0x92df4000-0x92df7fff]
[    1.789851] pci 0000:00:1f.4: [8086:a1a3] type 00 class 0x0c0500
[    1.789870] pci 0000:00:1f.4: reg 0x10: [mem 0x92dfe000-0x92dfe0ff 64bit]
[    1.789893] pci 0000:00:1f.4: reg 0x20: [io  0x2000-0x201f]
[    1.789964] pci 0000:00:1f.5: [8086:a1a4] type 00 class 0x0c8000
[    1.789980] pci 0000:00:1f.5: reg 0x10: [mem 0xfe010000-0xfe010fff]
[    1.790111] pci 0000:00:1c.0: PCI bridge to [bus 01]
[    1.790163] pci 0000:02:00.0: [1556:be00] type 01 class 0x060400
[    1.790335] pci 0000:00:1c.4: PCI bridge to [bus 02-03]
[    1.790339] pci 0000:00:1c.4:   bridge window [mem 0x92000000-0x928fffff]
[    1.790343] pci 0000:00:1c.4:   bridge window [mem 0x91000000-0x91ffffff 64bit pref]
[    1.790376] pci_bus 0000:03: extended config space not accessible
[    1.790393] pci 0000:03:00.0: [102b:0536] type 00 class 0x030000
[    1.790412] pci 0000:03:00.0: reg 0x10: [mem 0x91000000-0x91ffffff pref]
[    1.790423] pci 0000:03:00.0: reg 0x14: [mem 0x92808000-0x9280bfff]
[    1.790434] pci 0000:03:00.0: reg 0x18: [mem 0x92000000-0x927fffff]
[    1.790482] pci 0000:03:00.0: BAR 0: assigned to efifb
[    1.790489] pci 0000:03:00.0: Video device with shadowed ROM at [mem 0x000c0000-0x000dffff]
[    1.790591] pci 0000:02:00.0: PCI bridge to [bus 03]
[    1.790599] pci 0000:02:00.0:   bridge window [mem 0x92000000-0x928fffff]
[    1.790605] pci 0000:02:00.0:   bridge window [mem 0x91000000-0x91ffffff 64bit pref]
[    1.790675] pci 0000:04:00.0: [14e4:165f] type 00 class 0x020000
[    1.790699] pci 0000:04:00.0: reg 0x10: [mem 0x92930000-0x9293ffff 64bit pref]
[    1.790715] pci 0000:04:00.0: reg 0x18: [mem 0x92940000-0x9294ffff 64bit pref]
[    1.790730] pci 0000:04:00.0: reg 0x20: [mem 0x92950000-0x9295ffff 64bit pref]
[    1.790741] pci 0000:04:00.0: reg 0x30: [mem 0xfffc0000-0xffffffff pref]
[    1.790836] pci 0000:04:00.0: PME# supported from D0 D3hot D3cold
[    1.790888] pci 0000:04:00.0: 4.000 Gb/s available PCIe bandwidth, limited by 5.0 GT/s PCIe x1 link at 0000:00:1c.5 (capable of 8.000 Gb/s with 5.0 GT/s PCIe x2 link)
[    1.791451] pci 0000:04:00.1: [14e4:165f] type 00 class 0x020000
[    1.791475] pci 0000:04:00.1: reg 0x10: [mem 0x92900000-0x9290ffff 64bit pref]
[    1.791491] pci 0000:04:00.1: reg 0x18: [mem 0x92910000-0x9291ffff 64bit pref]
[    1.791507] pci 0000:04:00.1: reg 0x20: [mem 0x92920000-0x9292ffff 64bit pref]
[    1.791518] pci 0000:04:00.1: reg 0x30: [mem 0xfffc0000-0xffffffff pref]
[    1.791612] pci 0000:04:00.1: PME# supported from D0 D3hot D3cold
[    1.792188] pci 0000:00:1c.5: PCI bridge to [bus 04]
[    1.792196] pci 0000:00:1c.5:   bridge window [mem 0x92900000-0x929fffff 64bit pref]
[    1.792210] pci_bus 0000:00: on NUMA node 0
[    1.792804] ACPI: PCI Root Bridge [PC01] (domain 0000 [bus 16-2f])
[    1.792808] acpi PNP0A08:01: _OSC: OS supports [ExtendedConfig ASPM ClockPM Segments MSI HPX-Type3]
[    1.807654] acpi PNP0A08:01: _OSC: platform does not support [SHPCHotplug AER]
[    1.807874] acpi PNP0A08:01: _OSC: OS now controls [PCIeHotplug PME PCIeCapability LTR]
[    1.807875] acpi PNP0A08:01: FADT indicates ASPM is unsupported, using BIOS configuration
[    1.808008] PCI host bridge to bus 0000:16
[    1.808010] pci_bus 0000:16: root bus resource [io  0x5000-0x6fff window]
[    1.808011] pci_bus 0000:16: root bus resource [mem 0x9b800000-0xa63fffff window]
[    1.808013] pci_bus 0000:16: root bus resource [mem 0x210000000000-0x21ffffffffff window]
[    1.808014] pci_bus 0000:16: root bus resource [bus 16-2f]
[    1.808024] pci 0000:16:00.0: [8086:09a2] type 00 class 0x088000
[    1.808096] pci 0000:16:00.1: [8086:09a4] type 00 class 0x088000
[    1.808158] pci 0000:16:00.2: [8086:09a3] type 00 class 0x088000
[    1.808220] pci 0000:16:00.4: [8086:0998] type 00 class 0x060000
[    1.808292] pci 0000:16:02.0: [8086:347a] type 01 class 0x060400
[    1.808302] pci 0000:16:02.0: reg 0x10: [mem 0x21fffff00000-0x21fffff1ffff 64bit]
[    1.808341] pci 0000:16:02.0: PME# supported from D0 D3hot D3cold
[    1.809291] pci 0000:17:00.0: [1000:10e2] type 00 class 0x010400
[    1.809304] pci 0000:17:00.0: reg 0x10: [mem 0x9b800000-0x9b8fffff 64bit pref]
[    1.809312] pci 0000:17:00.0: reg 0x18: [mem 0x9b900000-0x9b9fffff 64bit pref]
[    1.809318] pci 0000:17:00.0: reg 0x20: [mem 0x9ba00000-0x9bafffff]
[    1.809324] pci 0000:17:00.0: reg 0x24: [io  0x5000-0x50ff]
[    1.809330] pci 0000:17:00.0: reg 0x30: [mem 0xfff00000-0xffffffff pref]
[    1.810451] pci 0000:17:00.0: supports D1 D2
[    1.810520] pci 0000:16:02.0: PCI bridge to [bus 17]
[    1.810522] pci 0000:16:02.0:   bridge window [io  0x5000-0x5fff]
[    1.810524] pci 0000:16:02.0:   bridge window [mem 0x9ba00000-0x9bafffff]
[    1.810527] pci 0000:16:02.0:   bridge window [mem 0x9b800000-0x9b9fffff 64bit pref]
[    1.810533] pci_bus 0000:16: on NUMA node 0
[    1.810610] ACPI: PCI Root Bridge [PC02] (domain 0000 [bus 30-49])
[    1.810614] acpi PNP0A08:02: _OSC: OS supports [ExtendedConfig ASPM ClockPM Segments MSI HPX-Type3]
[    1.825128] acpi PNP0A08:02: _OSC: platform does not support [SHPCHotplug AER]
[    1.825343] acpi PNP0A08:02: _OSC: OS now controls [PCIeHotplug PME PCIeCapability LTR]
[    1.825344] acpi PNP0A08:02: FADT indicates ASPM is unsupported, using BIOS configuration
[    1.825464] PCI host bridge to bus 0000:30
[    1.825466] pci_bus 0000:30: root bus resource [io  0x7000-0x8fff window]
[    1.825467] pci_bus 0000:30: root bus resource [mem 0xa6400000-0xb0ffffff window]
[    1.825469] pci_bus 0000:30: root bus resource [mem 0x220000000000-0x22ffffffffff window]
[    1.825470] pci_bus 0000:30: root bus resource [bus 30-49]
[    1.825480] pci 0000:30:00.0: [8086:09a2] type 00 class 0x088000
[    1.825547] pci 0000:30:00.1: [8086:09a4] type 00 class 0x088000
[    1.825608] pci 0000:30:00.2: [8086:09a3] type 00 class 0x088000
[    1.825670] pci 0000:30:00.4: [8086:0998] type 00 class 0x060000
[    1.825739] pci_bus 0000:30: on NUMA node 0
[    1.825843] ACPI: PCI Root Bridge [PC04] (domain 0000 [bus 4a-63])
[    1.825846] acpi PNP0A08:04: _OSC: OS supports [ExtendedConfig ASPM ClockPM Segments MSI HPX-Type3]
[    1.840328] acpi PNP0A08:04: _OSC: platform does not support [SHPCHotplug AER]
[    1.840540] acpi PNP0A08:04: _OSC: OS now controls [PCIeHotplug PME PCIeCapability LTR]
[    1.840542] acpi PNP0A08:04: FADT indicates ASPM is unsupported, using BIOS configuration
[    1.840663] PCI host bridge to bus 0000:4a
[    1.840664] pci_bus 0000:4a: root bus resource [io  0x9000-0x9fff window]
[    1.840666] pci_bus 0000:4a: root bus resource [mem 0xb1000000-0xbbbfffff window]
[    1.840667] pci_bus 0000:4a: root bus resource [mem 0x230000000000-0x23ffffffffff window]
[    1.840668] pci_bus 0000:4a: root bus resource [bus 4a-63]
[    1.840678] pci 0000:4a:00.0: [8086:09a2] type 00 class 0x088000
[    1.840743] pci 0000:4a:00.1: [8086:09a4] type 00 class 0x088000
[    1.840810] pci 0000:4a:00.2: [8086:09a3] type 00 class 0x088000
[    1.840871] pci 0000:4a:00.4: [8086:0998] type 00 class 0x060000
[    1.840945] pci_bus 0000:4a: on NUMA node 0
[    1.841018] ACPI: PCI Root Bridge [PC05] (domain 0000 [bus 64-7d])
[    1.841021] acpi PNP0A08:05: _OSC: OS supports [ExtendedConfig ASPM ClockPM Segments MSI HPX-Type3]
[    1.855471] acpi PNP0A08:05: _OSC: platform does not support [SHPCHotplug AER]
[    1.855682] acpi PNP0A08:05: _OSC: OS now controls [PCIeHotplug PME PCIeCapability LTR]
[    1.855683] acpi PNP0A08:05: FADT indicates ASPM is unsupported, using BIOS configuration
[    1.855802] PCI host bridge to bus 0000:64
[    1.855804] pci_bus 0000:64: root bus resource [io  0xa000-0xafff window]
[    1.855805] pci_bus 0000:64: root bus resource [mem 0xbbc00000-0xc5ffffff window]
[    1.855806] pci_bus 0000:64: root bus resource [mem 0x240000000000-0x24ffffffffff window]
[    1.855808] pci_bus 0000:64: root bus resource [bus 64-7d]
[    1.855817] pci 0000:64:00.0: [8086:09a2] type 00 class 0x088000
[    1.855882] pci 0000:64:00.1: [8086:09a4] type 00 class 0x088000
[    1.855943] pci 0000:64:00.2: [8086:09a3] type 00 class 0x088000
[    1.856005] pci 0000:64:00.4: [8086:0998] type 00 class 0x060000
[    1.856074] pci_bus 0000:64: on NUMA node 0
[    1.856139] ACPI: PCI Root Bridge [UC06] (domain 0000 [bus 7e])
[    1.856142] acpi PNP0A03:00: _OSC: OS supports [ExtendedConfig ASPM ClockPM Segments MSI HPX-Type3]
[    1.856239] acpi PNP0A03:00: _OSC: platform does not support [SHPCHotplug AER LTR]
[    1.856417] acpi PNP0A03:00: _OSC: OS now controls [PCIeHotplug PME PCIeCapability]
[    1.856418] acpi PNP0A03:00: FADT indicates ASPM is unsupported, using BIOS configuration
[    1.856552] PCI host bridge to bus 0000:7e
[    1.856553] pci_bus 0000:7e: root bus resource [bus 7e]
[    1.856561] pci 0000:7e:00.0: [8086:3450] type 00 class 0x088000
[    1.856633] pci 0000:7e:00.1: [8086:3451] type 00 class 0x088000
[    1.856691] pci 0000:7e:00.2: [8086:3452] type 00 class 0x088000
[    1.856760] pci 0000:7e:00.3: [8086:0998] type 00 class 0x060000
[    1.856816] pci 0000:7e:00.5: [8086:3455] type 00 class 0x088000
[    1.856877] pci 0000:7e:02.0: [8086:3440] type 00 class 0x088000
[    1.857004] pci 0000:7e:02.1: [8086:3441] type 00 class 0x088000
[    1.857111] pci 0000:7e:02.2: [8086:3442] type 00 class 0x088000
[    1.857218] pci 0000:7e:03.0: [8086:3440] type 00 class 0x088000
[    1.857310] pci 0000:7e:03.1: [8086:3441] type 00 class 0x088000
[    1.857389] pci 0000:7e:03.2: [8086:3442] type 00 class 0x088000
[    1.857469] pci 0000:7e:04.0: [8086:3440] type 00 class 0x088000
[    1.857591] pci 0000:7e:04.1: [8086:3441] type 00 class 0x088000
[    1.857705] pci 0000:7e:04.2: [8086:3442] type 00 class 0x088000
[    1.857820] pci 0000:7e:04.3: [8086:3443] type 00 class 0x088000
[    1.857937] pci 0000:7e:05.0: [8086:3445] type 00 class 0x088000
[    1.858064] pci 0000:7e:05.1: [8086:3446] type 00 class 0x088000
[    1.858174] pci 0000:7e:05.2: [8086:3447] type 00 class 0x088000
[    1.858288] pci 0000:7e:06.0: [8086:3445] type 00 class 0x088000
[    1.858382] pci 0000:7e:06.1: [8086:3446] type 00 class 0x088000
[    1.858459] pci 0000:7e:06.2: [8086:3447] type 00 class 0x088000
[    1.858544] pci 0000:7e:07.0: [8086:3445] type 00 class 0x088000
[    1.858678] pci 0000:7e:07.1: [8086:3446] type 00 class 0x088000
[    1.858796] pci 0000:7e:07.2: [8086:3447] type 00 class 0x088000
[    1.858911] pci 0000:7e:0b.0: [8086:3448] type 00 class 0x088000
[    1.858988] pci 0000:7e:0b.1: [8086:3448] type 00 class 0x088000
[    1.859055] pci 0000:7e:0b.2: [8086:344b] type 00 class 0x088000
[    1.859122] pci 0000:7e:0c.0: [8086:344a] type 00 class 0x110100
[    1.859225] pci 0000:7e:0d.0: [8086:344a] type 00 class 0x110100
[    1.859324] pci 0000:7e:0e.0: [8086:344a] type 00 class 0x110100
[    1.859467] pci 0000:7e:0f.0: [8086:344a] type 00 class 0x110100
[    1.859624] pci 0000:7e:1a.0: [8086:2880] type 00 class 0x110100
[    1.859723] pci 0000:7e:1b.0: [8086:2880] type 00 class 0x110100
[    1.859820] pci 0000:7e:1c.0: [8086:2880] type 00 class 0x110100
[    1.859976] pci 0000:7e:1d.0: [8086:2880] type 00 class 0x110100
[    1.860123] pci_bus 0000:7e: on NUMA node 0
[    1.860208] ACPI: PCI Root Bridge [UC07] (domain 0000 [bus 7f])
[    1.860211] acpi PNP0A03:01: _OSC: OS supports [ExtendedConfig ASPM ClockPM Segments MSI HPX-Type3]
[    1.860309] acpi PNP0A03:01: _OSC: platform does not support [SHPCHotplug AER LTR]
[    1.860488] acpi PNP0A03:01: _OSC: OS now controls [PCIeHotplug PME PCIeCapability]
[    1.860489] acpi PNP0A03:01: FADT indicates ASPM is unsupported, using BIOS configuration
[    1.860634] PCI host bridge to bus 0000:7f
[    1.860636] pci_bus 0000:7f: root bus resource [bus 7f]
[    1.860649] pci 0000:7f:00.0: [8086:344c] type 00 class 0x088000
[    1.860763] pci 0000:7f:00.1: [8086:344c] type 00 class 0x088000
[    1.860872] pci 0000:7f:00.2: [8086:344c] type 00 class 0x088000
[    1.860983] pci 0000:7f:00.3: [8086:344c] type 00 class 0x088000
[    1.861072] pci 0000:7f:00.4: [8086:344c] type 00 class 0x088000
[    1.861193] pci 0000:7f:00.5: [8086:344c] type 00 class 0x088000
[    1.861308] pci 0000:7f:00.6: [8086:344c] type 00 class 0x088000
[    1.861392] pci 0000:7f:00.7: [8086:344c] type 00 class 0x088000
[    1.861474] pci 0000:7f:01.0: [8086:344c] type 00 class 0x088000
[    1.861615] pci 0000:7f:01.1: [8086:344c] type 00 class 0x088000
[    1.861733] pci 0000:7f:01.2: [8086:344c] type 00 class 0x088000
[    1.861812] pci 0000:7f:01.3: [8086:344c] type 00 class 0x088000
[    1.861943] pci 0000:7f:01.4: [8086:344c] type 00 class 0x088000
[    1.862075] pci 0000:7f:01.5: [8086:344c] type 00 class 0x088000
[    1.862211] pci 0000:7f:01.6: [8086:344c] type 00 class 0x088000
[    1.862337] pci 0000:7f:01.7: [8086:344c] type 00 class 0x088000
[    1.862464] pci 0000:7f:02.0: [8086:344c] type 00 class 0x088000
[    1.862608] pci 0000:7f:02.1: [8086:344c] type 00 class 0x088000
[    1.862740] pci 0000:7f:02.2: [8086:344c] type 00 class 0x088000
[    1.862871] pci 0000:7f:02.3: [8086:344c] type 00 class 0x088000
[    1.863009] pci 0000:7f:02.4: [8086:344c] type 00 class 0x088000
[    1.863146] pci 0000:7f:02.5: [8086:344c] type 00 class 0x088000
[    1.863283] pci 0000:7f:02.6: [8086:344c] type 00 class 0x088000
[    1.863435] pci 0000:7f:02.7: [8086:344c] type 00 class 0x088000
[    1.863582] pci 0000:7f:03.0: [8086:344c] type 00 class 0x088000
[    1.863740] pci 0000:7f:03.1: [8086:344c] type 00 class 0x088000
[    1.863891] pci 0000:7f:03.2: [8086:344c] type 00 class 0x088000
[    1.864040] pci 0000:7f:03.3: [8086:344c] type 00 class 0x088000
[    1.864199] pci 0000:7f:0a.0: [8086:344d] type 00 class 0x088000
[    1.864312] pci 0000:7f:0a.1: [8086:344d] type 00 class 0x088000
[    1.864421] pci 0000:7f:0a.2: [8086:344d] type 00 class 0x088000
[    1.864536] pci 0000:7f:0a.3: [8086:344d] type 00 class 0x088000
[    1.864631] pci 0000:7f:0a.4: [8086:344d] type 00 class 0x088000
[    1.864750] pci 0000:7f:0a.5: [8086:344d] type 00 class 0x088000
[    1.864865] pci 0000:7f:0a.6: [8086:344d] type 00 class 0x088000
[    1.864942] pci 0000:7f:0a.7: [8086:344d] type 00 class 0x088000
[    1.865025] pci 0000:7f:0b.0: [8086:344d] type 00 class 0x088000
[    1.865168] pci 0000:7f:0b.1: [8086:344d] type 00 class 0x088000
[    1.865287] pci 0000:7f:0b.2: [8086:344d] type 00 class 0x088000
[    1.865371] pci 0000:7f:0b.3: [8086:344d] type 00 class 0x088000
[    1.865502] pci 0000:7f:0b.4: [8086:344d] type 00 class 0x088000
[    1.865634] pci 0000:7f:0b.5: [8086:344d] type 00 class 0x088000
[    1.865770] pci 0000:7f:0b.6: [8086:344d] type 00 class 0x088000
[    1.865889] pci 0000:7f:0b.7: [8086:344d] type 00 class 0x088000
[    1.866018] pci 0000:7f:0c.0: [8086:344d] type 00 class 0x088000
[    1.866162] pci 0000:7f:0c.1: [8086:344d] type 00 class 0x088000
[    1.866293] pci 0000:7f:0c.2: [8086:344d] type 00 class 0x088000
[    1.866428] pci 0000:7f:0c.3: [8086:344d] type 00 class 0x088000
[    1.866566] pci 0000:7f:0c.4: [8086:344d] type 00 class 0x088000
[    1.866703] pci 0000:7f:0c.5: [8086:344d] type 00 class 0x088000
[    1.866840] pci 0000:7f:0c.6: [8086:344d] type 00 class 0x088000
[    1.866986] pci 0000:7f:0c.7: [8086:344d] type 00 class 0x088000
[    1.867133] pci 0000:7f:0d.0: [8086:344d] type 00 class 0x088000
[    1.867296] pci 0000:7f:0d.1: [8086:344d] type 00 class 0x088000
[    1.867448] pci 0000:7f:0d.2: [8086:344d] type 00 class 0x088000
[    1.867601] pci 0000:7f:0d.3: [8086:344d] type 00 class 0x088000
[    1.867770] pci 0000:7f:1d.0: [8086:344f] type 00 class 0x088000
[    1.867892] pci 0000:7f:1d.1: [8086:3457] type 00 class 0x088000
[    1.867997] pci 0000:7f:1e.0: [8086:3458] type 00 class 0x088000
[    1.868077] pci 0000:7f:1e.1: [8086:3459] type 00 class 0x088000
[    1.868139] pci 0000:7f:1e.2: [8086:345a] type 00 class 0x088000
[    1.868203] pci 0000:7f:1e.3: [8086:345b] type 00 class 0x088000
[    1.868264] pci 0000:7f:1e.4: [8086:345c] type 00 class 0x088000
[    1.868330] pci 0000:7f:1e.5: [8086:345d] type 00 class 0x088000
[    1.868391] pci 0000:7f:1e.6: [8086:345e] type 00 class 0x088000
[    1.868452] pci 0000:7f:1e.7: [8086:345f] type 00 class 0x088000
[    1.868510] pci_bus 0000:7f: on NUMA node 0
[    1.868616] ACPI: PCI Root Bridge [PC06] (domain 0000 [bus 80])
[    1.868619] acpi PNP0A08:06: _OSC: OS supports [ExtendedConfig ASPM ClockPM Segments MSI HPX-Type3]
[    1.883110] acpi PNP0A08:06: _OSC: platform does not support [SHPCHotplug AER]
[    1.883323] acpi PNP0A08:06: _OSC: OS now controls [PCIeHotplug PME PCIeCapability LTR]
[    1.883324] acpi PNP0A08:06: FADT indicates ASPM is unsupported, using BIOS configuration
[    1.883469] PCI host bridge to bus 0000:80
[    1.883470] pci_bus 0000:80: root bus resource [io  0xb000-0xbfff window]
[    1.883472] pci_bus 0000:80: root bus resource [mem 0xc6800000-0xd0ffffff window]
[    1.883473] pci_bus 0000:80: root bus resource [mem 0x250000000000-0x25ffffffffff window]
[    1.883475] pci_bus 0000:80: root bus resource [bus 80]
[    1.883485] pci 0000:80:00.0: [8086:09a2] type 00 class 0x088000
[    1.883571] pci 0000:80:00.1: [8086:09a4] type 00 class 0x088000
[    1.883640] pci 0000:80:00.2: [8086:09a3] type 00 class 0x088000
[    1.883709] pci 0000:80:00.4: [8086:0998] type 00 class 0x060000
[    1.883784] pci 0000:80:02.0: [8086:09a6] type 00 class 0x088000
[    1.883793] pci 0000:80:02.0: reg 0x10: [mem 0xc6aa4000-0xc6aa5fff]
[    1.883857] pci 0000:80:02.1: [8086:09a7] type 00 class 0x088000
[    1.883866] pci 0000:80:02.1: reg 0x10: [mem 0xc6a00000-0xc6a7ffff]
[    1.883872] pci 0000:80:02.1: reg 0x14: [mem 0xc6980000-0xc69fffff]
[    1.883927] pci 0000:80:02.4: [8086:3456] type 00 class 0x130000
[    1.883938] pci 0000:80:02.4: reg 0x10: [mem 0xc6800000-0xc68fffff 64bit]
[    1.883945] pci 0000:80:02.4: reg 0x18: [mem 0xc6aa0000-0xc6aa3fff 64bit]
[    1.883952] pci 0000:80:02.4: reg 0x20: [mem 0xc6a80000-0xc6a9ffff 64bit]
[    1.884018] pci_bus 0000:80: on NUMA node 1
[    1.884097] ACPI: PCI Root Bridge [PC07] (domain 0000 [bus 81])
[    1.884099] acpi PNP0A08:07: _OSC: OS supports [ExtendedConfig ASPM ClockPM Segments MSI HPX-Type3]
[    1.898518] acpi PNP0A08:07: _OSC: platform does not support [SHPCHotplug AER]
[    1.898730] acpi PNP0A08:07: _OSC: OS now controls [PCIeHotplug PME PCIeCapability LTR]
[    1.898731] acpi PNP0A08:07: FADT indicates ASPM is unsupported, using BIOS configuration
[    1.898849] PCI host bridge to bus 0000:81
[    1.898850] pci_bus 0000:81: root bus resource [io  0xc000-0xcfff window]
[    1.898852] pci_bus 0000:81: root bus resource [mem 0xd1000000-0xdbbfffff window]
[    1.898853] pci_bus 0000:81: root bus resource [mem 0x260000000000-0x26ffffffffff window]
[    1.898854] pci_bus 0000:81: root bus resource [bus 81]
[    1.898864] pci 0000:81:00.0: [8086:09a2] type 00 class 0x088000
[    1.898932] pci 0000:81:00.1: [8086:09a4] type 00 class 0x088000
[    1.899000] pci 0000:81:00.2: [8086:09a3] type 00 class 0x088000
[    1.899069] pci 0000:81:00.4: [8086:0998] type 00 class 0x060000
[    1.899146] pci_bus 0000:81: on NUMA node 1
[    1.899218] ACPI: PCI Root Bridge [PC08] (domain 0000 [bus 82])
[    1.899220] acpi PNP0A08:08: _OSC: OS supports [ExtendedConfig ASPM ClockPM Segments MSI HPX-Type3]
[    1.913672] acpi PNP0A08:08: _OSC: platform does not support [SHPCHotplug AER]
[    1.913884] acpi PNP0A08:08: _OSC: OS now controls [PCIeHotplug PME PCIeCapability LTR]
[    1.913885] acpi PNP0A08:08: FADT indicates ASPM is unsupported, using BIOS configuration
[    1.914004] PCI host bridge to bus 0000:82
[    1.914005] pci_bus 0000:82: root bus resource [io  0xd000-0xdfff window]
[    1.914006] pci_bus 0000:82: root bus resource [mem 0xdbc00000-0xe67fffff window]
[    1.914008] pci_bus 0000:82: root bus resource [mem 0x270000000000-0x27ffffffffff window]
[    1.914009] pci_bus 0000:82: root bus resource [bus 82]
[    1.914019] pci 0000:82:00.0: [8086:09a2] type 00 class 0x088000
[    1.914088] pci 0000:82:00.1: [8086:09a4] type 00 class 0x088000
[    1.914161] pci 0000:82:00.2: [8086:09a3] type 00 class 0x088000
[    1.914230] pci 0000:82:00.4: [8086:0998] type 00 class 0x060000
[    1.914307] pci_bus 0000:82: on NUMA node 1
[    1.914410] ACPI: PCI Root Bridge [PC10] (domain 0000 [bus 83-f9])
[    1.914413] acpi PNP0A08:0a: _OSC: OS supports [ExtendedConfig ASPM ClockPM Segments MSI HPX-Type3]
[    1.928851] acpi PNP0A08:0a: _OSC: platform does not support [SHPCHotplug AER]
[    1.929062] acpi PNP0A08:0a: _OSC: OS now controls [PCIeHotplug PME PCIeCapability LTR]
[    1.929063] acpi PNP0A08:0a: FADT indicates ASPM is unsupported, using BIOS configuration
[    1.929188] PCI host bridge to bus 0000:83
[    1.929189] pci_bus 0000:83: root bus resource [io  0xe000-0xefff window]
[    1.929190] pci_bus 0000:83: root bus resource [mem 0xe6800000-0xf13fffff window]
[    1.929192] pci_bus 0000:83: root bus resource [mem 0x280000000000-0x28ffffffffff window]
[    1.929193] pci_bus 0000:83: root bus resource [bus 83-f9]
[    1.929203] pci 0000:83:00.0: [8086:09a2] type 00 class 0x088000
[    1.929273] pci 0000:83:00.1: [8086:09a4] type 00 class 0x088000
[    1.929340] pci 0000:83:00.2: [8086:09a3] type 00 class 0x088000
[    1.929409] pci 0000:83:00.4: [8086:0998] type 00 class 0x060000
[    1.929487] pci_bus 0000:83: on NUMA node 1
[    1.929560] ACPI: PCI Root Bridge [PC11] (domain 0000 [bus fa])
[    1.929562] acpi PNP0A08:0b: _OSC: OS supports [ExtendedConfig ASPM ClockPM Segments MSI HPX-Type3]
[    1.944025] acpi PNP0A08:0b: _OSC: platform does not support [SHPCHotplug AER]
[    1.944236] acpi PNP0A08:0b: _OSC: OS now controls [PCIeHotplug PME PCIeCapability LTR]
[    1.944238] acpi PNP0A08:0b: FADT indicates ASPM is unsupported, using BIOS configuration
[    1.944354] PCI host bridge to bus 0000:fa
[    1.944356] pci_bus 0000:fa: root bus resource [io  0xf000-0xffff window]
[    1.944357] pci_bus 0000:fa: root bus resource [mem 0xf1400000-0xfb7fffff window]
[    1.944359] pci_bus 0000:fa: root bus resource [mem 0x290000000000-0x29ffffffffff window]
[    1.944360] pci_bus 0000:fa: root bus resource [bus fa]
[    1.944370] pci 0000:fa:00.0: [8086:09a2] type 00 class 0x088000
[    1.944440] pci 0000:fa:00.1: [8086:09a4] type 00 class 0x088000
[    1.944516] pci 0000:fa:00.2: [8086:09a3] type 00 class 0x088000
[    1.944586] pci 0000:fa:00.4: [8086:0998] type 00 class 0x060000
[    1.944665] pci_bus 0000:fa: on NUMA node 1
[    1.944730] ACPI: PCI Root Bridge [UC16] (domain 0000 [bus fe])
[    1.944733] acpi PNP0A03:02: _OSC: OS supports [ExtendedConfig ASPM ClockPM Segments MSI HPX-Type3]
[    1.944829] acpi PNP0A03:02: _OSC: platform does not support [SHPCHotplug AER LTR]
[    1.945007] acpi PNP0A03:02: _OSC: OS now controls [PCIeHotplug PME PCIeCapability]
[    1.945008] acpi PNP0A03:02: FADT indicates ASPM is unsupported, using BIOS configuration
[    1.945138] PCI host bridge to bus 0000:fe
[    1.945140] pci_bus 0000:fe: root bus resource [bus fe]
[    1.945148] pci 0000:fe:00.0: [8086:3450] type 00 class 0x088000
[    1.945224] pci 0000:fe:00.1: [8086:3451] type 00 class 0x088000
[    1.945282] pci 0000:fe:00.2: [8086:3452] type 00 class 0x088000
[    1.945341] pci 0000:fe:00.3: [8086:0998] type 00 class 0x060000
[    1.945401] pci 0000:fe:00.5: [8086:3455] type 00 class 0x088000
[    1.945467] pci 0000:fe:02.0: [8086:3440] type 00 class 0x088000
[    1.945606] pci 0000:fe:02.1: [8086:3441] type 00 class 0x088000
[    1.945718] pci 0000:fe:02.2: [8086:3442] type 00 class 0x088000
[    1.945830] pci 0000:fe:03.0: [8086:3440] type 00 class 0x088000
[    1.945928] pci 0000:fe:03.1: [8086:3441] type 00 class 0x088000
[    1.946009] pci 0000:fe:03.2: [8086:3442] type 00 class 0x088000
[    1.946096] pci 0000:fe:04.0: [8086:3440] type 00 class 0x088000
[    1.946220] pci 0000:fe:04.1: [8086:3441] type 00 class 0x088000
[    1.946344] pci 0000:fe:04.2: [8086:3442] type 00 class 0x088000
[    1.946469] pci 0000:fe:04.3: [8086:3443] type 00 class 0x088000
[    1.946598] pci 0000:fe:05.0: [8086:3445] type 00 class 0x088000
[    1.946729] pci 0000:fe:05.1: [8086:3446] type 00 class 0x088000
[    1.946846] pci 0000:fe:05.2: [8086:3447] type 00 class 0x088000
[    1.946960] pci 0000:fe:06.0: [8086:3445] type 00 class 0x088000
[    1.947059] pci 0000:fe:06.1: [8086:3446] type 00 class 0x088000
[    1.947140] pci 0000:fe:06.2: [8086:3447] type 00 class 0x088000
[    1.947232] pci 0000:fe:07.0: [8086:3445] type 00 class 0x088000
[    1.947376] pci 0000:fe:07.1: [8086:3446] type 00 class 0x088000
[    1.947499] pci 0000:fe:07.2: [8086:3447] type 00 class 0x088000
[    1.947620] pci 0000:fe:0b.0: [8086:3448] type 00 class 0x088000
[    1.947701] pci 0000:fe:0b.1: [8086:3448] type 00 class 0x088000
[    1.947766] pci 0000:fe:0b.2: [8086:344b] type 00 class 0x088000
[    1.947839] pci 0000:fe:0c.0: [8086:344a] type 00 class 0x110100
[    1.947947] pci 0000:fe:0d.0: [8086:344a] type 00 class 0x110100
[    1.948051] pci 0000:fe:0e.0: [8086:344a] type 00 class 0x110100
[    1.948208] pci 0000:fe:0f.0: [8086:344a] type 00 class 0x110100
[    1.948368] pci 0000:fe:1a.0: [8086:2880] type 00 class 0x110100
[    1.948473] pci 0000:fe:1b.0: [8086:2880] type 00 class 0x110100
[    1.948576] pci 0000:fe:1c.0: [8086:2880] type 00 class 0x110100
[    1.948732] pci 0000:fe:1d.0: [8086:2880] type 00 class 0x110100
[    1.948887] pci_bus 0000:fe: on NUMA node 1
[    1.948967] ACPI: PCI Root Bridge [UC17] (domain 0000 [bus ff])
[    1.948970] acpi PNP0A03:03: _OSC: OS supports [ExtendedConfig ASPM ClockPM Segments MSI HPX-Type3]
[    1.949069] acpi PNP0A03:03: _OSC: platform does not support [SHPCHotplug AER LTR]
[    1.949247] acpi PNP0A03:03: _OSC: OS now controls [PCIeHotplug PME PCIeCapability]
[    1.949249] acpi PNP0A03:03: FADT indicates ASPM is unsupported, using BIOS configuration
[    1.949395] PCI host bridge to bus 0000:ff
[    1.949396] pci_bus 0000:ff: root bus resource [bus ff]
[    1.949410] pci 0000:ff:00.0: [8086:344c] type 00 class 0x088000
[    1.949530] pci 0000:ff:00.1: [8086:344c] type 00 class 0x088000
[    1.949644] pci 0000:ff:00.2: [8086:344c] type 00 class 0x088000
[    1.949749] pci 0000:ff:00.3: [8086:344c] type 00 class 0x088000
[    1.949868] pci 0000:ff:00.4: [8086:344c] type 00 class 0x088000
[    1.949985] pci 0000:ff:00.5: [8086:344c] type 00 class 0x088000
[    1.950081] pci 0000:ff:00.6: [8086:344c] type 00 class 0x088000
[    1.950205] pci 0000:ff:00.7: [8086:344c] type 00 class 0x088000
[    1.950332] pci 0000:ff:01.0: [8086:344c] type 00 class 0x088000
[    1.950479] pci 0000:ff:01.1: [8086:344c] type 00 class 0x088000
[    1.950602] pci 0000:ff:01.2: [8086:344c] type 00 class 0x088000
[    1.950692] pci 0000:ff:01.3: [8086:344c] type 00 class 0x088000
[    1.950829] pci 0000:ff:01.4: [8086:344c] type 00 class 0x088000
[    1.950966] pci 0000:ff:01.5: [8086:344c] type 00 class 0x088000
[    1.951106] pci 0000:ff:01.6: [8086:344c] type 00 class 0x088000
[    1.951232] pci 0000:ff:01.7: [8086:344c] type 00 class 0x088000
[    1.951365] pci 0000:ff:02.0: [8086:344c] type 00 class 0x088000
[    1.951518] pci 0000:ff:02.1: [8086:344c] type 00 class 0x088000
[    1.951649] pci 0000:ff:02.2: [8086:344c] type 00 class 0x088000
[    1.951792] pci 0000:ff:02.3: [8086:344c] type 00 class 0x088000
[    1.951928] pci 0000:ff:02.4: [8086:344c] type 00 class 0x088000
[    1.952064] pci 0000:ff:02.5: [8086:344c] type 00 class 0x088000
[    1.952208] pci 0000:ff:02.6: [8086:344c] type 00 class 0x088000
[    1.952350] pci 0000:ff:02.7: [8086:344c] type 00 class 0x088000
[    1.952502] pci 0000:ff:03.0: [8086:344c] type 00 class 0x088000
[    1.952669] pci 0000:ff:03.1: [8086:344c] type 00 class 0x088000
[    1.952818] pci 0000:ff:03.2: [8086:344c] type 00 class 0x088000
[    1.952984] pci 0000:ff:03.3: [8086:344c] type 00 class 0x088000
[    1.953148] pci 0000:ff:0a.0: [8086:344d] type 00 class 0x088000
[    1.953267] pci 0000:ff:0a.1: [8086:344d] type 00 class 0x088000
[    1.953379] pci 0000:ff:0a.2: [8086:344d] type 00 class 0x088000
[    1.953479] pci 0000:ff:0a.3: [8086:344d] type 00 class 0x088000
[    1.953598] pci 0000:ff:0a.4: [8086:344d] type 00 class 0x088000
[    1.953715] pci 0000:ff:0a.5: [8086:344d] type 00 class 0x088000
[    1.953810] pci 0000:ff:0a.6: [8086:344d] type 00 class 0x088000
[    1.953937] pci 0000:ff:0a.7: [8086:344d] type 00 class 0x088000
[    1.954065] pci 0000:ff:0b.0: [8086:344d] type 00 class 0x088000
[    1.954212] pci 0000:ff:0b.1: [8086:344d] type 00 class 0x088000
[    1.954335] pci 0000:ff:0b.2: [8086:344d] type 00 class 0x088000
[    1.954419] pci 0000:ff:0b.3: [8086:344d] type 00 class 0x088000
[    1.954557] pci 0000:ff:0b.4: [8086:344d] type 00 class 0x088000
[    1.954693] pci 0000:ff:0b.5: [8086:344d] type 00 class 0x088000
[    1.954834] pci 0000:ff:0b.6: [8086:344d] type 00 class 0x088000
[    1.954965] pci 0000:ff:0b.7: [8086:344d] type 00 class 0x088000
[    1.955098] pci 0000:ff:0c.0: [8086:344d] type 00 class 0x088000
[    1.955246] pci 0000:ff:0c.1: [8086:344d] type 00 class 0x088000
[    1.955377] pci 0000:ff:0c.2: [8086:344d] type 00 class 0x088000
[    1.955515] pci 0000:ff:0c.3: [8086:344d] type 00 class 0x088000
[    1.955651] pci 0000:ff:0c.4: [8086:344d] type 00 class 0x088000
[    1.955788] pci 0000:ff:0c.5: [8086:344d] type 00 class 0x088000
[    1.955932] pci 0000:ff:0c.6: [8086:344d] type 00 class 0x088000
[    1.956080] pci 0000:ff:0c.7: [8086:344d] type 00 class 0x088000
[    1.956232] pci 0000:ff:0d.0: [8086:344d] type 00 class 0x088000
[    1.956398] pci 0000:ff:0d.1: [8086:344d] type 00 class 0x088000
[    1.956547] pci 0000:ff:0d.2: [8086:344d] type 00 class 0x088000
[    1.956713] pci 0000:ff:0d.3: [8086:344d] type 00 class 0x088000
[    1.956888] pci 0000:ff:1d.0: [8086:344f] type 00 class 0x088000
[    1.957016] pci 0000:ff:1d.1: [8086:3457] type 00 class 0x088000
[    1.957126] pci 0000:ff:1e.0: [8086:3458] type 00 class 0x088000
[    1.957211] pci 0000:ff:1e.1: [8086:3459] type 00 class 0x088000
[    1.957278] pci 0000:ff:1e.2: [8086:345a] type 00 class 0x088000
[    1.957342] pci 0000:ff:1e.3: [8086:345b] type 00 class 0x088000
[    1.957406] pci 0000:ff:1e.4: [8086:345c] type 00 class 0x088000
[    1.957470] pci 0000:ff:1e.5: [8086:345d] type 00 class 0x088000
[    1.957533] pci 0000:ff:1e.6: [8086:345e] type 00 class 0x088000
[    1.957598] pci 0000:ff:1e.7: [8086:345f] type 00 class 0x088000
[    1.957660] pci_bus 0000:ff: on NUMA node 1
[    1.961776] iommu: Default domain type: Translated 
[    1.961776] iommu: DMA domain TLB invalidation policy: lazy mode 
[    1.961960] SCSI subsystem initialized
[    1.961996] libata version 3.00 loaded.
[    1.961996] ACPI: bus type USB registered
[    1.961996] usbcore: registered new interface driver usbfs
[    1.961996] usbcore: registered new interface driver hub
[    1.961996] usbcore: registered new device driver usb
[    1.961996] pps_core: LinuxPPS API ver. 1 registered
[    1.961996] pps_core: Software ver. 5.3.6 - Copyright 2005-2007 Rodolfo Giometti <giometti@linux.it>
[    1.961996] PTP clock support registered
[    1.961996] EDAC MC: Ver: 3.0.0
[    1.962409] Registered efivars operations
[    1.962409] NetLabel: Initializing
[    1.962409] NetLabel:  domain hash size = 128
[    1.962409] NetLabel:  protocols = UNLABELED CIPSOv4 CALIPSO
[    1.962409] NetLabel:  unlabeled traffic allowed by default
[    1.962409] PCI: Using ACPI for IRQ routing
[    1.963619] PCI: pci_cache_line_size set to 64 bytes
[    1.964178] e820: reserve RAM buffer [mem 0x0008f000-0x0008ffff]
[    1.964180] e820: reserve RAM buffer [mem 0x46cc4020-0x47ffffff]
[    1.964181] e820: reserve RAM buffer [mem 0x46cf6020-0x47ffffff]
[    1.964182] e820: reserve RAM buffer [mem 0x46d29020-0x47ffffff]
[    1.964183] e820: reserve RAM buffer [mem 0x46d5c020-0x47ffffff]
[    1.964184] e820: reserve RAM buffer [mem 0x49e77000-0x4bffffff]
[    1.964185] e820: reserve RAM buffer [mem 0x4b2cf000-0x4bffffff]
[    1.964186] e820: reserve RAM buffer [mem 0x4bd94000-0x4bffffff]
[    1.964187] e820: reserve RAM buffer [mem 0x4ce00000-0x4fffffff]
[    1.964188] e820: reserve RAM buffer [mem 0x5eefe000-0x5fffffff]
[    1.964189] e820: reserve RAM buffer [mem 0x6f800000-0x6fffffff]
[    1.965762] pci 0000:03:00.0: vgaarb: setting as boot VGA device
[    1.965762] pci 0000:03:00.0: vgaarb: bridge control possible
[    1.965762] pci 0000:03:00.0: vgaarb: VGA device added: decodes=io+mem,owns=io+mem,locks=none
[    1.965762] vgaarb: loaded
[    1.965796] hpet0: at MMIO 0xfed00000, IRQs 2, 8, 0, 0, 0, 0, 0, 0
[    1.965803] hpet0: 8 comparators, 64-bit 24.000000 MHz counter
[    1.969896] clocksource: Switched to clocksource tsc-early
[    1.979260] VFS: Disk quotas dquot_6.6.0
[    1.979295] VFS: Dquot-cache hash table entries: 512 (order 0, 4096 bytes)
[    1.979445] AppArmor: AppArmor Filesystem Enabled
[    1.979457] pnp: PnP ACPI init
[    1.995481] system 00:01: [io  0x0500-0x05fe] has been reserved
[    1.995484] system 00:01: [io  0x0400-0x041f] has been reserved
[    1.995486] system 00:01: [io  0x0600-0x061f] has been reserved
[    1.995487] system 00:01: [io  0x0ca0-0x0ca1] has been reserved
[    1.995489] system 00:01: [io  0x0ca4-0x0ca6] has been reserved
[    1.995491] system 00:01: [mem 0xff000000-0xffffffff] has been reserved
[    1.996087] system 00:04: [mem 0xfd000000-0xfdabffff] has been reserved
[    1.996089] system 00:04: [mem 0xfdad0000-0xfdadffff] has been reserved
[    1.996091] system 00:04: [mem 0xfdb00000-0xfdffffff] has been reserved
[    1.996093] system 00:04: [mem 0xfe000000-0xfe00ffff] has been reserved
[    1.996094] system 00:04: [mem 0xfe011000-0xfe01ffff] has been reserved
[    1.996096] system 00:04: [mem 0xfe036000-0xfe03bfff] has been reserved
[    1.996098] system 00:04: [mem 0xfe03d000-0xfe3fffff] has been reserved
[    1.996101] system 00:04: [mem 0xfe410000-0xfe7fffff] has been reserved
[    1.996417] system 00:05: [io  0x1000-0x10fe] has been reserved
[    1.997422] pnp: PnP ACPI: found 6 devices
[    2.003166] clocksource: acpi_pm: mask: 0xffffff max_cycles: 0xffffff, max_idle_ns: 2085701024 ns
[    2.003248] NET: Registered PF_INET protocol family
[    2.003585] IP idents hash table entries: 262144 (order: 9, 2097152 bytes, vmalloc)
[    2.005812] tcp_listen_portaddr_hash hash table entries: 32768 (order: 7, 524288 bytes, vmalloc)
[    2.006506] TCP established hash table entries: 524288 (order: 10, 4194304 bytes, vmalloc hugepage)
[    2.007124] TCP bind hash table entries: 65536 (order: 8, 1048576 bytes, vmalloc)
[    2.007187] TCP: Hash tables configured (established 524288 bind 65536)
[    2.007479] UDP hash table entries: 32768 (order: 8, 1048576 bytes, vmalloc)
[    2.007710] UDP-Lite hash table entries: 32768 (order: 8, 1048576 bytes, vmalloc)
[    2.007914] NET: Registered PF_UNIX/PF_LOCAL protocol family
[    2.007920] NET: Registered PF_XDP protocol family
[    2.007929] pci 0000:04:00.0: can't claim BAR 6 [mem 0xfffc0000-0xffffffff pref]: no compatible bridge window
[    2.007931] pci 0000:04:00.1: can't claim BAR 6 [mem 0xfffc0000-0xffffffff pref]: no compatible bridge window
[    2.007933] pci 0000:17:00.0: can't claim BAR 6 [mem 0xfff00000-0xffffffff pref]: no compatible bridge window
[    2.007948] pci 0000:00:1c.5: BAR 14: assigned [mem 0x90000000-0x900fffff]
[    2.007951] pci 0000:00:1c.0: PCI bridge to [bus 01]
[    2.007960] pci 0000:02:00.0: PCI bridge to [bus 03]
[    2.007965] pci 0000:02:00.0:   bridge window [mem 0x92000000-0x928fffff]
[    2.007969] pci 0000:02:00.0:   bridge window [mem 0x91000000-0x91ffffff 64bit pref]
[    2.007976] pci 0000:00:1c.4: PCI bridge to [bus 02-03]
[    2.007979] pci 0000:00:1c.4:   bridge window [mem 0x92000000-0x928fffff]
[    2.007982] pci 0000:00:1c.4:   bridge window [mem 0x91000000-0x91ffffff 64bit pref]
[    2.007988] pci 0000:04:00.0: BAR 6: assigned [mem 0x90000000-0x9003ffff pref]
[    2.007989] pci 0000:04:00.1: BAR 6: assigned [mem 0x90040000-0x9007ffff pref]
[    2.007991] pci 0000:00:1c.5: PCI bridge to [bus 04]
[    2.007994] pci 0000:00:1c.5:   bridge window [mem 0x90000000-0x900fffff]
[    2.007997] pci 0000:00:1c.5:   bridge window [mem 0x92900000-0x929fffff 64bit pref]
[    2.008001] pci_bus 0000:00: resource 4 [io  0x0000-0x0cf7 window]
[    2.008003] pci_bus 0000:00: resource 5 [io  0x1000-0x4fff window]
[    2.008004] pci_bus 0000:00: resource 6 [mem 0x000a0000-0x000bffff window]
[    2.008006] pci_bus 0000:00: resource 7 [mem 0x000c8000-0x000cffff window]
[    2.008007] pci_bus 0000:00: resource 8 [mem 0xfe010000-0xfe010fff window]
[    2.008008] pci_bus 0000:00: resource 9 [mem 0x90000000-0x9b7fffff window]
[    2.008010] pci_bus 0000:00: resource 10 [mem 0x200000000000-0x20ffffffffff window]
[    2.008012] pci_bus 0000:02: resource 1 [mem 0x92000000-0x928fffff]
[    2.008013] pci_bus 0000:02: resource 2 [mem 0x91000000-0x91ffffff 64bit pref]
[    2.008014] pci_bus 0000:03: resource 1 [mem 0x92000000-0x928fffff]
[    2.008015] pci_bus 0000:03: resource 2 [mem 0x91000000-0x91ffffff 64bit pref]
[    2.008016] pci_bus 0000:04: resource 1 [mem 0x90000000-0x900fffff]
[    2.008018] pci_bus 0000:04: resource 2 [mem 0x92900000-0x929fffff 64bit pref]
[    2.008094] pci 0000:17:00.0: BAR 6: no space for [mem size 0x00100000 pref]
[    2.008096] pci 0000:17:00.0: BAR 6: failed to assign [mem size 0x00100000 pref]
[    2.008097] pci 0000:16:02.0: PCI bridge to [bus 17]
[    2.008099] pci 0000:16:02.0:   bridge window [io  0x5000-0x5fff]
[    2.008102] pci 0000:16:02.0:   bridge window [mem 0x9ba00000-0x9bafffff]
[    2.008104] pci 0000:16:02.0:   bridge window [mem 0x9b800000-0x9b9fffff 64bit pref]
[    2.008107] pci_bus 0000:16: resource 4 [io  0x5000-0x6fff window]
[    2.008109] pci_bus 0000:16: resource 5 [mem 0x9b800000-0xa63fffff window]
[    2.008110] pci_bus 0000:16: resource 6 [mem 0x210000000000-0x21ffffffffff window]
[    2.008111] pci_bus 0000:17: resource 0 [io  0x5000-0x5fff]
[    2.008112] pci_bus 0000:17: resource 1 [mem 0x9ba00000-0x9bafffff]
[    2.008114] pci_bus 0000:17: resource 2 [mem 0x9b800000-0x9b9fffff 64bit pref]
[    2.008120] pci_bus 0000:30: resource 4 [io  0x7000-0x8fff window]
[    2.008122] pci_bus 0000:30: resource 5 [mem 0xa6400000-0xb0ffffff window]
[    2.008123] pci_bus 0000:30: resource 6 [mem 0x220000000000-0x22ffffffffff window]
[    2.008129] pci_bus 0000:4a: resource 4 [io  0x9000-0x9fff window]
[    2.008130] pci_bus 0000:4a: resource 5 [mem 0xb1000000-0xbbbfffff window]
[    2.008131] pci_bus 0000:4a: resource 6 [mem 0x230000000000-0x23ffffffffff window]
