2024年 06月 05日 星期三 15:33:48 CST
pgmigrate_success 4176828
pgmigrate_fail 99940883
pgmigrate_dst_node_full_fail 99940864
pgmigrate_numa_isolate_fail 53
pgmigrate_nomem_fail 0
pgmigrate_refcount_fail 194
thp_fault_alloc 47925
thp_fault_fallback 0
thp_collapse_alloc 996
thp_collapse_alloc_failed 0
thp_file_alloc 0
thp_file_mapped 0
thp_split_page 25
thp_split_page_failed 0
thp_deferred_split_page 63998
thp_split_pmd 212
thp_split_pud 0
thp_zero_page_alloc 1
thp_zero_page_alloc_failed 0
thp_swpout 0
thp_swpout_fallback 0
MemTotal:       561495428 kB
MemFree:        542174084 kB
MemAvailable:   541238284 kB
Buffers:            6868 kB
Cached:           581148 kB
SwapCached:            0 kB
Active:          2141312 kB
Inactive:         425916 kB
Active(anon):    1980272 kB
Inactive(anon):    36104 kB
Active(file):     161040 kB
Inactive(file):   389812 kB
Unevictable:          16 kB
Mlocked:              16 kB
SwapTotal:       2097148 kB
SwapFree:        2097148 kB
Dirty:               504 kB
Writeback:             0 kB
AnonPages:       1980552 kB
Mapped:           576980 kB
Shmem:             36124 kB
KReclaimable:     287000 kB
Slab:             731148 kB
SReclaimable:     287000 kB
SUnreclaim:       444148 kB
KernelStack:       41156 kB
PageTables:        61804 kB
NFS_Unstable:          0 kB
Bounce:                0 kB
WritebackTmp:          0 kB
CommitLimit:    282844860 kB
Committed_AS:   11364876 kB
VmallocTotal:   34359738367 kB
VmallocUsed:      166360 kB
VmallocChunk:          0 kB
Percpu:           122752 kB
HardwareCorrupted:     0 kB
AnonHugePages:    731136 kB
ShmemHugePages:        0 kB
ShmemPmdMapped:        0 kB
CmaTotal:              0 kB
CmaFree:               0 kB
HugePages_Total:       0
HugePages_Free:        0
HugePages_Rsvd:        0
HugePages_Surp:        0
Hugepagesize:       2048 kB
Hugetlb:               0 kB
DirectMap4k:     1027560 kB
DirectMap2M:     8894464 kB
DirectMap1G:    653262848 kB
2024年 06月 05日 星期三 15:36:49 CST
pgmigrate_success 5379348
pgmigrate_fail 146989587
pgmigrate_dst_node_full_fail 146989568
pgmigrate_numa_isolate_fail 53
pgmigrate_nomem_fail 0
pgmigrate_refcount_fail 194
thp_fault_alloc 64613
thp_fault_fallback 0
thp_collapse_alloc 999
thp_collapse_alloc_failed 0
thp_file_alloc 0
thp_file_mapped 0
thp_split_page 25
thp_split_page_failed 0
thp_deferred_split_page 85377
thp_split_pmd 232
thp_split_pud 0
thp_zero_page_alloc 1
thp_zero_page_alloc_failed 0
thp_swpout 0
thp_swpout_fallback 0
MemTotal:       561495428 kB
MemFree:        541862304 kB
MemAvailable:   541005412 kB
Buffers:           75056 kB
Cached:           638220 kB
SwapCached:            0 kB
Active:          2254768 kB
Inactive:         454912 kB
Active(anon):    1997016 kB
Inactive(anon):    36080 kB
Active(file):     257752 kB
Inactive(file):   418832 kB
Unevictable:          16 kB
Mlocked:              16 kB
SwapTotal:       2097148 kB
SwapFree:        2097148 kB
Dirty:              4000 kB
Writeback:             0 kB
AnonPages:       1997208 kB
Mapped:           589012 kB
Shmem:             36124 kB
KReclaimable:     319088 kB
Slab:             766360 kB
SReclaimable:     319088 kB
SUnreclaim:       447272 kB
KernelStack:       41152 kB
PageTables:        62368 kB
NFS_Unstable:          0 kB
Bounce:                0 kB
WritebackTmp:          0 kB
CommitLimit:    282844860 kB
Committed_AS:   11578400 kB
VmallocTotal:   34359738367 kB
VmallocUsed:      166504 kB
VmallocChunk:          0 kB
Percpu:           122752 kB
HardwareCorrupted:     0 kB
AnonHugePages:    788480 kB
ShmemHugePages:        0 kB
ShmemPmdMapped:        0 kB
CmaTotal:              0 kB
CmaFree:               0 kB
HugePages_Total:       0
HugePages_Free:        0
HugePages_Rsvd:        0
HugePages_Surp:        0
Hugepagesize:       2048 kB
Hugetlb:               0 kB
DirectMap4k:     1027560 kB
DirectMap2M:     8894464 kB
DirectMap1G:    653262848 kB
