2024年 06月 08日 星期六 23:06:02 CST
pgmigrate_success 1785847
pgmigrate_fail 84577794
pgmigrate_dst_node_full_fail 84577792
pgmigrate_numa_isolate_fail 52
pgmigrate_nomem_fail 2
pgmigrate_refcount_fail 0
thp_fault_alloc 50989
thp_fault_fallback 0
thp_collapse_alloc 69
thp_collapse_alloc_failed 10
thp_file_alloc 0
thp_file_mapped 0
thp_split_page 0
thp_split_page_failed 0
thp_deferred_split_page 57748
thp_split_pmd 142
thp_split_pud 0
thp_zero_page_alloc 0
thp_zero_page_alloc_failed 0
thp_swpout 0
thp_swpout_fallback 0
MemTotal:       1087880572 kB
MemFree:        1056380564 kB
MemAvailable:   1054286636 kB
Buffers:            7972 kB
Cached:           392768 kB
SwapCached:            0 kB
Active:           866272 kB
Inactive:         536584 kB
Active(anon):     700728 kB
Inactive(anon):   308872 kB
Active(file):     165544 kB
Inactive(file):   227712 kB
Unevictable:           0 kB
Mlocked:               0 kB
SwapTotal:       2097148 kB
SwapFree:        2097148 kB
Dirty:              1432 kB
Writeback:             0 kB
AnonPages:       1003308 kB
Mapped:           389016 kB
Shmem:              6208 kB
KReclaimable:     278932 kB
Slab:             724440 kB
SReclaimable:     278932 kB
SUnreclaim:       445508 kB
KernelStack:       33792 kB
PageTables:        33060 kB
NFS_Unstable:          0 kB
Bounce:                0 kB
WritebackTmp:          0 kB
CommitLimit:    546037432 kB
Committed_AS:    7028936 kB
VmallocTotal:   34359738367 kB
VmallocUsed:      158788 kB
VmallocChunk:          0 kB
Percpu:           121856 kB
HardwareCorrupted:     0 kB
AnonHugePages:     94208 kB
ShmemHugePages:        0 kB
ShmemPmdMapped:        0 kB
CmaTotal:              0 kB
CmaFree:               0 kB
HugePages_Total:       0
HugePages_Free:        0
HugePages_Rsvd:        0
HugePages_Surp:        0
Hugepagesize:       2048 kB
Hugetlb:               0 kB
DirectMap4k:     1095144 kB
DirectMap2M:     8826880 kB
DirectMap1G:    1179648000 kB
2024年 06月 08日 星期六 23:09:41 CST
pgmigrate_success 4427200
pgmigrate_fail 147117058
pgmigrate_dst_node_full_fail 147115520
pgmigrate_numa_isolate_fail 52
pgmigrate_nomem_fail 2
pgmigrate_refcount_fail 0
thp_fault_alloc 67791
thp_fault_fallback 0
thp_collapse_alloc 78
thp_collapse_alloc_failed 10
thp_file_alloc 0
thp_file_mapped 0
thp_split_page 0
thp_split_page_failed 0
thp_deferred_split_page 84822
thp_split_pmd 158
thp_split_pud 0
thp_zero_page_alloc 0
thp_zero_page_alloc_failed 0
thp_swpout 0
thp_swpout_fallback 0
MemTotal:       1087880572 kB
MemFree:        1056058208 kB
MemAvailable:   1054040820 kB
Buffers:           73912 kB
Cached:           443500 kB
SwapCached:            0 kB
Active:           983824 kB
Inactive:         557480 kB
Active(anon):     722496 kB
Inactive(anon):   308856 kB
Active(file):     261328 kB
Inactive(file):   248624 kB
Unevictable:           0 kB
Mlocked:               0 kB
SwapTotal:       2097148 kB
SwapFree:        2097148 kB
Dirty:               560 kB
Writeback:             0 kB
AnonPages:       1025456 kB
Mapped:           400556 kB
Shmem:              6208 kB
KReclaimable:     315316 kB
Slab:             761384 kB
SReclaimable:     315316 kB
SUnreclaim:       446068 kB
KernelStack:       33980 kB
PageTables:        34124 kB
NFS_Unstable:          0 kB
Bounce:                0 kB
WritebackTmp:          0 kB
CommitLimit:    546037432 kB
Committed_AS:    7032600 kB
VmallocTotal:   34359738367 kB
VmallocUsed:      158804 kB
VmallocChunk:          0 kB
Percpu:           121856 kB
HardwareCorrupted:     0 kB
AnonHugePages:    153600 kB
ShmemHugePages:        0 kB
ShmemPmdMapped:        0 kB
CmaTotal:              0 kB
CmaFree:               0 kB
HugePages_Total:       0
HugePages_Free:        0
HugePages_Rsvd:        0
HugePages_Surp:        0
Hugepagesize:       2048 kB
Hugetlb:               0 kB
DirectMap4k:     1095144 kB
DirectMap2M:     8826880 kB
DirectMap1G:    1179648000 kB
