[    0.000000] Linux version 5.15.0-tiering-0.8 (xmu@xmu-PowerEdge-R750) (gcc (Ubuntu 8.4.0-1ubuntu1~18.04) 8.4.0, GNU ld (GNU Binutils for Ubuntu) 2.30) #1 SMP Thu Apr 18 19:37:58 CST 2024
[    0.000000] Command line: BOOT_IMAGE=/boot/vmlinuz-5.15.0-tiering-0.8 root=UUID=ce0c24b8-724b-4f33-9b2c-618433560aef ro memmap=45400M!4096M memmap=59G!64G quiet splash nomodeset vt.handoff=1
[    0.000000] KERNEL supported cpus:
[    0.000000]   Intel GenuineIntel
[    0.000000]   AMD AuthenticAMD
[    0.000000]   Hygon HygonGenuine
[    0.000000]   Centaur CentaurHauls
[    0.000000]   zhaoxin   Shanghai  
[    0.000000] x86/split lock detection: #AC: crashing the kernel on kernel split_locks and warning on user-space split_locks
[    0.000000] x86/fpu: Supporting XSAVE feature 0x001: 'x87 floating point registers'
[    0.000000] x86/fpu: Supporting XSAVE feature 0x002: 'SSE registers'
[    0.000000] x86/fpu: Supporting XSAVE feature 0x004: 'AVX registers'
[    0.000000] x86/fpu: Supporting XSAVE feature 0x020: 'AVX-512 opmask'
[    0.000000] x86/fpu: Supporting XSAVE feature 0x040: 'AVX-512 Hi256'
[    0.000000] x86/fpu: Supporting XSAVE feature 0x080: 'AVX-512 ZMM_Hi256'
[    0.000000] x86/fpu: Supporting XSAVE feature 0x200: 'Protection Keys User registers'
[    0.000000] x86/fpu: xstate_offset[2]:  576, xstate_sizes[2]:  256
[    0.000000] x86/fpu: xstate_offset[5]:  832, xstate_sizes[5]:   64
[    0.000000] x86/fpu: xstate_offset[6]:  896, xstate_sizes[6]:  512
[    0.000000] x86/fpu: xstate_offset[7]: 1408, xstate_sizes[7]: 1024
[    0.000000] x86/fpu: xstate_offset[9]: 2432, xstate_sizes[9]:    8
[    0.000000] x86/fpu: Enabled xstate features 0x2e7, context size is 2440 bytes, using 'compacted' format.
[    0.000000] signal: max sigframe size: 3632
[    0.000000] BIOS-provided physical RAM map:
[    0.000000] BIOS-e820: [mem 0x0000000000000000-0x000000000008efff] usable
[    0.000000] BIOS-e820: [mem 0x000000000008f000-0x000000000008ffff] reserved
[    0.000000] BIOS-e820: [mem 0x0000000000090000-0x000000000009ffff] usable
[    0.000000] BIOS-e820: [mem 0x00000000000a0000-0x00000000000fffff] reserved
[    0.000000] BIOS-e820: [mem 0x0000000000100000-0x0000000049e76fff] usable
[    0.000000] BIOS-e820: [mem 0x0000000049e77000-0x000000004ae76fff] ACPI NVS
[    0.000000] BIOS-e820: [mem 0x000000004ae77000-0x000000004b2cefff] usable
[    0.000000] BIOS-e820: [mem 0x000000004b2cf000-0x000000004b54dfff] ACPI data
[    0.000000] BIOS-e820: [mem 0x000000004b54e000-0x000000004bd93fff] usable
[    0.000000] BIOS-e820: [mem 0x000000004bd94000-0x000000004be99fff] reserved
[    0.000000] BIOS-e820: [mem 0x000000004be9a000-0x000000004cdfffff] usable
[    0.000000] BIOS-e820: [mem 0x000000004ce00000-0x000000004cffffff] reserved
[    0.000000] BIOS-e820: [mem 0x000000004d000000-0x000000005eefdfff] usable
[    0.000000] BIOS-e820: [mem 0x000000005eefe000-0x000000006e3fefff] reserved
[    0.000000] BIOS-e820: [mem 0x000000006e3ff000-0x000000006f3fefff] ACPI NVS
[    0.000000] BIOS-e820: [mem 0x000000006f3ff000-0x000000006f7fefff] ACPI data
[    0.000000] BIOS-e820: [mem 0x000000006f7ff000-0x000000006f7fffff] usable
[    0.000000] BIOS-e820: [mem 0x000000006f800000-0x000000008fffffff] reserved
[    0.000000] BIOS-e820: [mem 0x00000000fe000000-0x00000000fe010fff] reserved
[    0.000000] BIOS-e820: [mem 0x0000000100000000-0x000000207fffffff] usable
[    0.000000] BIOS-e820: [mem 0x0000002080000000-0x0000011c7fffffff] persistent (type 7)
[    0.000000] BIOS-e820: [mem 0x00001ffc00000000-0x00001fffffffffff] reserved
[    0.000000] NX (Execute Disable) protection: active
[    0.000000] e820: update [mem 0x46d5d020-0x46d6505f] usable ==> usable
[    0.000000] e820: update [mem 0x46d5d020-0x46d6505f] usable ==> usable
[    0.000000] e820: update [mem 0x46d2a020-0x46d5cc5f] usable ==> usable
[    0.000000] e820: update [mem 0x46d2a020-0x46d5cc5f] usable ==> usable
[    0.000000] e820: update [mem 0x46cf7020-0x46d29c5f] usable ==> usable
[    0.000000] e820: update [mem 0x46cf7020-0x46d29c5f] usable ==> usable
[    0.000000] e820: update [mem 0x46cc5020-0x46cf6a5f] usable ==> usable
[    0.000000] e820: update [mem 0x46cc5020-0x46cf6a5f] usable ==> usable
[    0.000000] extended physical RAM map:
[    0.000000] reserve setup_data: [mem 0x0000000000000000-0x000000000008efff] usable
[    0.000000] reserve setup_data: [mem 0x000000000008f000-0x000000000008ffff] reserved
[    0.000000] reserve setup_data: [mem 0x0000000000090000-0x000000000009ffff] usable
[    0.000000] reserve setup_data: [mem 0x00000000000a0000-0x00000000000fffff] reserved
[    0.000000] reserve setup_data: [mem 0x0000000000100000-0x0000000046cc501f] usable
[    0.000000] reserve setup_data: [mem 0x0000000046cc5020-0x0000000046cf6a5f] usable
[    0.000000] reserve setup_data: [mem 0x0000000046cf6a60-0x0000000046cf701f] usable
[    0.000000] reserve setup_data: [mem 0x0000000046cf7020-0x0000000046d29c5f] usable
[    0.000000] reserve setup_data: [mem 0x0000000046d29c60-0x0000000046d2a01f] usable
[    0.000000] reserve setup_data: [mem 0x0000000046d2a020-0x0000000046d5cc5f] usable
[    0.000000] reserve setup_data: [mem 0x0000000046d5cc60-0x0000000046d5d01f] usable
[    0.000000] reserve setup_data: [mem 0x0000000046d5d020-0x0000000046d6505f] usable
[    0.000000] reserve setup_data: [mem 0x0000000046d65060-0x0000000049e76fff] usable
[    0.000000] reserve setup_data: [mem 0x0000000049e77000-0x000000004ae76fff] ACPI NVS
[    0.000000] reserve setup_data: [mem 0x000000004ae77000-0x000000004b2cefff] usable
[    0.000000] reserve setup_data: [mem 0x000000004b2cf000-0x000000004b54dfff] ACPI data
[    0.000000] reserve setup_data: [mem 0x000000004b54e000-0x000000004bd93fff] usable
[    0.000000] reserve setup_data: [mem 0x000000004bd94000-0x000000004be99fff] reserved
[    0.000000] reserve setup_data: [mem 0x000000004be9a000-0x000000004cdfffff] usable
[    0.000000] reserve setup_data: [mem 0x000000004ce00000-0x000000004cffffff] reserved
[    0.000000] reserve setup_data: [mem 0x000000004d000000-0x000000005eefdfff] usable
[    0.000000] reserve setup_data: [mem 0x000000005eefe000-0x000000006e3fefff] reserved
[    0.000000] reserve setup_data: [mem 0x000000006e3ff000-0x000000006f3fefff] ACPI NVS
[    0.000000] reserve setup_data: [mem 0x000000006f3ff000-0x000000006f7fefff] ACPI data
[    0.000000] reserve setup_data: [mem 0x000000006f7ff000-0x000000006f7fffff] usable
[    0.000000] reserve setup_data: [mem 0x000000006f800000-0x000000008fffffff] reserved
[    0.000000] reserve setup_data: [mem 0x00000000fe000000-0x00000000fe010fff] reserved
[    0.000000] reserve setup_data: [mem 0x0000000100000000-0x0000000c157fffff] persistent (type 12)
[    0.000000] reserve setup_data: [mem 0x0000000c15800000-0x0000000fffffffff] usable
[    0.000000] reserve setup_data: [mem 0x0000001000000000-0x0000001ebfffffff] persistent (type 12)
[    0.000000] reserve setup_data: [mem 0x0000001ec0000000-0x000000207fffffff] usable
[    0.000000] reserve setup_data: [mem 0x0000002080000000-0x0000011c7fffffff] persistent (type 7)
[    0.000000] reserve setup_data: [mem 0x00001ffc00000000-0x00001fffffffffff] reserved
[    0.000000] user-defined physical RAM map:
[    0.000000] user: [mem 0x0000000000000000-0x000000000008efff] usable
[    0.000000] user: [mem 0x000000000008f000-0x000000000008ffff] reserved
[    0.000000] user: [mem 0x0000000000090000-0x000000000009ffff] usable
[    0.000000] user: [mem 0x00000000000a0000-0x00000000000fffff] reserved
[    0.000000] user: [mem 0x0000000000100000-0x0000000046cc501f] usable
[    0.000000] user: [mem 0x0000000046cc5020-0x0000000046cf6a5f] usable
[    0.000000] user: [mem 0x0000000046cf6a60-0x0000000046cf701f] usable
[    0.000000] user: [mem 0x0000000046cf7020-0x0000000046d29c5f] usable
[    0.000000] user: [mem 0x0000000046d29c60-0x0000000046d2a01f] usable
[    0.000000] user: [mem 0x0000000046d2a020-0x0000000046d5cc5f] usable
[    0.000000] user: [mem 0x0000000046d5cc60-0x0000000046d5d01f] usable
[    0.000000] user: [mem 0x0000000046d5d020-0x0000000046d6505f] usable
[    0.000000] user: [mem 0x0000000046d65060-0x0000000049e76fff] usable
[    0.000000] user: [mem 0x0000000049e77000-0x000000004ae76fff] ACPI NVS
[    0.000000] user: [mem 0x000000004ae77000-0x000000004b2cefff] usable
[    0.000000] user: [mem 0x000000004b2cf000-0x000000004b54dfff] ACPI data
[    0.000000] user: [mem 0x000000004b54e000-0x000000004bd93fff] usable
[    0.000000] user: [mem 0x000000004bd94000-0x000000004be99fff] reserved
[    0.000000] user: [mem 0x000000004be9a000-0x000000004cdfffff] usable
[    0.000000] user: [mem 0x000000004ce00000-0x000000004cffffff] reserved
[    0.000000] user: [mem 0x000000004d000000-0x000000005eefdfff] usable
[    0.000000] user: [mem 0x000000005eefe000-0x000000006e3fefff] reserved
[    0.000000] user: [mem 0x000000006e3ff000-0x000000006f3fefff] ACPI NVS
[    0.000000] user: [mem 0x000000006f3ff000-0x000000006f7fefff] ACPI data
[    0.000000] user: [mem 0x000000006f7ff000-0x000000006f7fffff] usable
[    0.000000] user: [mem 0x000000006f800000-0x000000008fffffff] reserved
[    0.000000] user: [mem 0x00000000fe000000-0x00000000fe010fff] reserved
[    0.000000] user: [mem 0x0000000100000000-0x0000000c157fffff] persistent (type 12)
[    0.000000] user: [mem 0x0000000c15800000-0x0000000fffffffff] usable
[    0.000000] user: [mem 0x0000001000000000-0x0000001ebfffffff] persistent (type 12)
[    0.000000] user: [mem 0x0000001ec0000000-0x000000207fffffff] usable
[    0.000000] user: [mem 0x0000002080000000-0x0000011c7fffffff] persistent (type 7)
[    0.000000] user: [mem 0x00001ffc00000000-0x00001fffffffffff] reserved
[    0.000000] efi: EFI v2.70 by Dell Inc.
[    0.000000] efi: ACPI=0x6f7fe000 ACPI 2.0=0x6f7fe014 MEMATTR=0x5b071020 SMBIOS=0x69526000 SMBIOS 3.0=0x69524000 MOKvar=0x5ef81000 RNG=0x5ef8a920 
[    0.000000] efi: seeding entropy pool
[    0.000000] random: fast init done
[    0.000000] SMBIOS 3.3.0 present.
[    0.000000] DMI: Dell Inc. PowerEdge R750/0K8F35, BIOS 1.10.2 03/03/2023
[    0.000000] tsc: Detected 2000.000 MHz processor
[    0.000006] e820: update [mem 0x00000000-0x00000fff] usable ==> reserved
[    0.000009] e820: remove [mem 0x000a0000-0x000fffff] usable
[    0.000017] last_pfn = 0x2080000 max_arch_pfn = 0x400000000
[    0.000190] x86/PAT: Configuration [0-7]: WB  WC  UC- UC  WB  WP  UC- WT  
[    0.002781] total RAM covered: 2095088M
[    0.002864]  gran_size: 64K 	chunk_size: 64K 	num_reg: 10  	lose cover RAM: 2016G
[    0.002866]  gran_size: 64K 	chunk_size: 128K 	num_reg: 10  	lose cover RAM: 2016G
[    0.002868]  gran_size: 64K 	chunk_size: 256K 	num_reg: 10  	lose cover RAM: 2016G
[    0.002869]  gran_size: 64K 	chunk_size: 512K 	num_reg: 10  	lose cover RAM: 2016G
[    0.002871]  gran_size: 64K 	chunk_size: 1M 	num_reg: 10  	lose cover RAM: 2016G
[    0.002872]  gran_size: 64K 	chunk_size: 2M 	num_reg: 10  	lose cover RAM: 2016G
[    0.002873]  gran_size: 64K 	chunk_size: 4M 	num_reg: 10  	lose cover RAM: 2016G
[    0.002875]  gran_size: 64K 	chunk_size: 8M 	num_reg: 10  	lose cover RAM: 2016G
[    0.002876]  gran_size: 64K 	chunk_size: 16M 	num_reg: 10  	lose cover RAM: 2016G
[    0.002877]  gran_size: 64K 	chunk_size: 32M 	num_reg: 10  	lose cover RAM: 1024G
[    0.002878]  gran_size: 64K 	chunk_size: 64M 	num_reg: 10  	lose cover RAM: 1024G
[    0.002880]  gran_size: 64K 	chunk_size: 128M 	num_reg: 10  	lose cover RAM: 1024G
[    0.002881]  gran_size: 64K 	chunk_size: 256M 	num_reg: 10  	lose cover RAM: 1024G
[    0.002882]  gran_size: 64K 	chunk_size: 512M 	num_reg: 10  	lose cover RAM: 1024G
[    0.002883]  gran_size: 64K 	chunk_size: 1G 	num_reg: 10  	lose cover RAM: 1024G
[    0.002885]  gran_size: 64K 	chunk_size: 2G 	num_reg: 10  	lose cover RAM: 1024G
[    0.002886]  gran_size: 128K 	chunk_size: 128K 	num_reg: 10  	lose cover RAM: 2016G
[    0.002887]  gran_size: 128K 	chunk_size: 256K 	num_reg: 10  	lose cover RAM: 2016G
[    0.002889]  gran_size: 128K 	chunk_size: 512K 	num_reg: 10  	lose cover RAM: 2016G
[    0.002890]  gran_size: 128K 	chunk_size: 1M 	num_reg: 10  	lose cover RAM: 2016G
[    0.002891]  gran_size: 128K 	chunk_size: 2M 	num_reg: 10  	lose cover RAM: 2016G
[    0.002892]  gran_size: 128K 	chunk_size: 4M 	num_reg: 10  	lose cover RAM: 2016G
[    0.002894]  gran_size: 128K 	chunk_size: 8M 	num_reg: 10  	lose cover RAM: 2016G
[    0.002895]  gran_size: 128K 	chunk_size: 16M 	num_reg: 10  	lose cover RAM: 2016G
[    0.002896]  gran_size: 128K 	chunk_size: 32M 	num_reg: 10  	lose cover RAM: 1024G
[    0.002897]  gran_size: 128K 	chunk_size: 64M 	num_reg: 10  	lose cover RAM: 1024G
[    0.002899]  gran_size: 128K 	chunk_size: 128M 	num_reg: 10  	lose cover RAM: 1024G
[    0.002900]  gran_size: 128K 	chunk_size: 256M 	num_reg: 10  	lose cover RAM: 1024G
[    0.002901]  gran_size: 128K 	chunk_size: 512M 	num_reg: 10  	lose cover RAM: 1024G
[    0.002903]  gran_size: 128K 	chunk_size: 1G 	num_reg: 10  	lose cover RAM: 1024G
[    0.002904]  gran_size: 128K 	chunk_size: 2G 	num_reg: 10  	lose cover RAM: 1024G
[    0.002905]  gran_size: 256K 	chunk_size: 256K 	num_reg: 10  	lose cover RAM: 2016G
[    0.002906]  gran_size: 256K 	chunk_size: 512K 	num_reg: 10  	lose cover RAM: 2016G
[    0.002908]  gran_size: 256K 	chunk_size: 1M 	num_reg: 10  	lose cover RAM: 2016G
[    0.002909]  gran_size: 256K 	chunk_size: 2M 	num_reg: 10  	lose cover RAM: 2016G
[    0.002910]  gran_size: 256K 	chunk_size: 4M 	num_reg: 10  	lose cover RAM: 2016G
[    0.002911]  gran_size: 256K 	chunk_size: 8M 	num_reg: 10  	lose cover RAM: 2016G
[    0.002913]  gran_size: 256K 	chunk_size: 16M 	num_reg: 10  	lose cover RAM: 2016G
[    0.002914]  gran_size: 256K 	chunk_size: 32M 	num_reg: 10  	lose cover RAM: 1024G
[    0.002915]  gran_size: 256K 	chunk_size: 64M 	num_reg: 10  	lose cover RAM: 1024G
[    0.002916]  gran_size: 256K 	chunk_size: 128M 	num_reg: 10  	lose cover RAM: 1024G
[    0.002918]  gran_size: 256K 	chunk_size: 256M 	num_reg: 10  	lose cover RAM: 1024G
[    0.002919]  gran_size: 256K 	chunk_size: 512M 	num_reg: 10  	lose cover RAM: 1024G
[    0.002920]  gran_size: 256K 	chunk_size: 1G 	num_reg: 10  	lose cover RAM: 1024G
[    0.002922]  gran_size: 256K 	chunk_size: 2G 	num_reg: 10  	lose cover RAM: 1024G
[    0.002923]  gran_size: 512K 	chunk_size: 512K 	num_reg: 10  	lose cover RAM: 2016G
[    0.002924]  gran_size: 512K 	chunk_size: 1M 	num_reg: 10  	lose cover RAM: 2016G
[    0.002926]  gran_size: 512K 	chunk_size: 2M 	num_reg: 10  	lose cover RAM: 2016G
[    0.002927]  gran_size: 512K 	chunk_size: 4M 	num_reg: 10  	lose cover RAM: 2016G
[    0.002928]  gran_size: 512K 	chunk_size: 8M 	num_reg: 10  	lose cover RAM: 2016G
[    0.002930]  gran_size: 512K 	chunk_size: 16M 	num_reg: 10  	lose cover RAM: 2016G
[    0.002931]  gran_size: 512K 	chunk_size: 32M 	num_reg: 10  	lose cover RAM: 1024G
[    0.002932]  gran_size: 512K 	chunk_size: 64M 	num_reg: 10  	lose cover RAM: 1024G
[    0.002933]  gran_size: 512K 	chunk_size: 128M 	num_reg: 10  	lose cover RAM: 1024G
[    0.002935]  gran_size: 512K 	chunk_size: 256M 	num_reg: 10  	lose cover RAM: 1024G
[    0.002936]  gran_size: 512K 	chunk_size: 512M 	num_reg: 10  	lose cover RAM: 1024G
[    0.002937]  gran_size: 512K 	chunk_size: 1G 	num_reg: 10  	lose cover RAM: 1024G
[    0.002938]  gran_size: 512K 	chunk_size: 2G 	num_reg: 10  	lose cover RAM: 1024G
[    0.002940]  gran_size: 1M 	chunk_size: 1M 	num_reg: 10  	lose cover RAM: 2016G
[    0.002941]  gran_size: 1M 	chunk_size: 2M 	num_reg: 10  	lose cover RAM: 2016G
[    0.002942]  gran_size: 1M 	chunk_size: 4M 	num_reg: 10  	lose cover RAM: 2016G
[    0.002944]  gran_size: 1M 	chunk_size: 8M 	num_reg: 10  	lose cover RAM: 2016G
[    0.002945]  gran_size: 1M 	chunk_size: 16M 	num_reg: 10  	lose cover RAM: 2016G
[    0.002946]  gran_size: 1M 	chunk_size: 32M 	num_reg: 10  	lose cover RAM: 1024G
[    0.002947]  gran_size: 1M 	chunk_size: 64M 	num_reg: 10  	lose cover RAM: 1024G
[    0.002949]  gran_size: 1M 	chunk_size: 128M 	num_reg: 10  	lose cover RAM: 1024G
[    0.002950]  gran_size: 1M 	chunk_size: 256M 	num_reg: 10  	lose cover RAM: 1024G
[    0.002951]  gran_size: 1M 	chunk_size: 512M 	num_reg: 10  	lose cover RAM: 1024G
[    0.002952]  gran_size: 1M 	chunk_size: 1G 	num_reg: 10  	lose cover RAM: 1024G
[    0.002954]  gran_size: 1M 	chunk_size: 2G 	num_reg: 10  	lose cover RAM: 1024G
[    0.002955]  gran_size: 2M 	chunk_size: 2M 	num_reg: 10  	lose cover RAM: 2016G
[    0.002956]  gran_size: 2M 	chunk_size: 4M 	num_reg: 10  	lose cover RAM: 2016G
[    0.002957]  gran_size: 2M 	chunk_size: 8M 	num_reg: 10  	lose cover RAM: 2016G
[    0.002959]  gran_size: 2M 	chunk_size: 16M 	num_reg: 10  	lose cover RAM: 2016G
[    0.002960]  gran_size: 2M 	chunk_size: 32M 	num_reg: 10  	lose cover RAM: 1024G
[    0.002961]  gran_size: 2M 	chunk_size: 64M 	num_reg: 10  	lose cover RAM: 1024G
[    0.002963]  gran_size: 2M 	chunk_size: 128M 	num_reg: 10  	lose cover RAM: 1024G
[    0.002964]  gran_size: 2M 	chunk_size: 256M 	num_reg: 10  	lose cover RAM: 1024G
[    0.002965]  gran_size: 2M 	chunk_size: 512M 	num_reg: 10  	lose cover RAM: 1024G
[    0.002966]  gran_size: 2M 	chunk_size: 1G 	num_reg: 10  	lose cover RAM: 1024G
[    0.002968]  gran_size: 2M 	chunk_size: 2G 	num_reg: 10  	lose cover RAM: 1024G
[    0.002969]  gran_size: 4M 	chunk_size: 4M 	num_reg: 10  	lose cover RAM: 2016G
[    0.002970]  gran_size: 4M 	chunk_size: 8M 	num_reg: 10  	lose cover RAM: 2016G
[    0.002972]  gran_size: 4M 	chunk_size: 16M 	num_reg: 10  	lose cover RAM: 2016G
[    0.002973]  gran_size: 4M 	chunk_size: 32M 	num_reg: 10  	lose cover RAM: 1024G
[    0.002974]  gran_size: 4M 	chunk_size: 64M 	num_reg: 10  	lose cover RAM: 1024G
[    0.002975]  gran_size: 4M 	chunk_size: 128M 	num_reg: 10  	lose cover RAM: 1024G
[    0.002976]  gran_size: 4M 	chunk_size: 256M 	num_reg: 10  	lose cover RAM: 1024G
[    0.002978]  gran_size: 4M 	chunk_size: 512M 	num_reg: 10  	lose cover RAM: 1024G
[    0.002979]  gran_size: 4M 	chunk_size: 1G 	num_reg: 10  	lose cover RAM: 1024G
[    0.002980]  gran_size: 4M 	chunk_size: 2G 	num_reg: 10  	lose cover RAM: 1024G
[    0.002982]  gran_size: 8M 	chunk_size: 8M 	num_reg: 10  	lose cover RAM: 2016G
[    0.002983]  gran_size: 8M 	chunk_size: 16M 	num_reg: 10  	lose cover RAM: 2016G
[    0.002984]  gran_size: 8M 	chunk_size: 32M 	num_reg: 10  	lose cover RAM: 1024G
[    0.002985]  gran_size: 8M 	chunk_size: 64M 	num_reg: 10  	lose cover RAM: 1024G
[    0.002987]  gran_size: 8M 	chunk_size: 128M 	num_reg: 10  	lose cover RAM: 1024G
[    0.002988]  gran_size: 8M 	chunk_size: 256M 	num_reg: 10  	lose cover RAM: 1024G
[    0.002989]  gran_size: 8M 	chunk_size: 512M 	num_reg: 10  	lose cover RAM: 1024G
[    0.002991]  gran_size: 8M 	chunk_size: 1G 	num_reg: 10  	lose cover RAM: 1024G
[    0.002992]  gran_size: 8M 	chunk_size: 2G 	num_reg: 10  	lose cover RAM: 1024G
[    0.002993]  gran_size: 16M 	chunk_size: 16M 	num_reg: 10  	lose cover RAM: 2016G
[    0.002995]  gran_size: 16M 	chunk_size: 32M 	num_reg: 10  	lose cover RAM: 1024G
[    0.002996]  gran_size: 16M 	chunk_size: 64M 	num_reg: 10  	lose cover RAM: 1024G
[    0.002997]  gran_size: 16M 	chunk_size: 128M 	num_reg: 10  	lose cover RAM: 1024G
[    0.002998]  gran_size: 16M 	chunk_size: 256M 	num_reg: 10  	lose cover RAM: 1024G
[    0.003000]  gran_size: 16M 	chunk_size: 512M 	num_reg: 10  	lose cover RAM: 1024G
[    0.003001]  gran_size: 16M 	chunk_size: 1G 	num_reg: 10  	lose cover RAM: 1024G
[    0.003002]  gran_size: 16M 	chunk_size: 2G 	num_reg: 10  	lose cover RAM: 1024G
[    0.003004]  gran_size: 32M 	chunk_size: 32M 	num_reg: 10  	lose cover RAM: 2031632M
[    0.003005]  gran_size: 32M 	chunk_size: 64M 	num_reg: 10  	lose cover RAM: 1048592M
[    0.003006]  gran_size: 32M 	chunk_size: 128M 	num_reg: 10  	lose cover RAM: 1048592M
[    0.003008]  gran_size: 32M 	chunk_size: 256M 	num_reg: 10  	lose cover RAM: 1048592M
[    0.003009]  gran_size: 32M 	chunk_size: 512M 	num_reg: 10  	lose cover RAM: 1048592M
[    0.003010]  gran_size: 32M 	chunk_size: 1G 	num_reg: 10  	lose cover RAM: 1048592M
[    0.003011]  gran_size: 32M 	chunk_size: 2G 	num_reg: 10  	lose cover RAM: 1048592M
[    0.003013]  gran_size: 64M 	chunk_size: 64M 	num_reg: 10  	lose cover RAM: 1966128M
[    0.003014]  gran_size: 64M 	chunk_size: 128M 	num_reg: 10  	lose cover RAM: 1048624M
[    0.003015]  gran_size: 64M 	chunk_size: 256M 	num_reg: 10  	lose cover RAM: 1048624M
[    0.003016]  gran_size: 64M 	chunk_size: 512M 	num_reg: 10  	lose cover RAM: 1048624M
[    0.003018]  gran_size: 64M 	chunk_size: 1G 	num_reg: 10  	lose cover RAM: 1048624M
[    0.003019]  gran_size: 64M 	chunk_size: 2G 	num_reg: 10  	lose cover RAM: 1048624M
[    0.003020]  gran_size: 128M 	chunk_size: 128M 	num_reg: 10  	lose cover RAM: 1835120M
[    0.003022]  gran_size: 128M 	chunk_size: 256M 	num_reg: 10  	lose cover RAM: 1048688M
[    0.003023]  gran_size: 128M 	chunk_size: 512M 	num_reg: 10  	lose cover RAM: 1048688M
[    0.003024]  gran_size: 128M 	chunk_size: 1G 	num_reg: 10  	lose cover RAM: 1048688M
[    0.003026]  gran_size: 128M 	chunk_size: 2G 	num_reg: 10  	lose cover RAM: 1048688M
[    0.003027]  gran_size: 256M 	chunk_size: 256M 	num_reg: 10  	lose cover RAM: 1573104M
[    0.003028]  gran_size: 256M 	chunk_size: 512M 	num_reg: 10  	lose cover RAM: 1048816M
[    0.003030]  gran_size: 256M 	chunk_size: 1G 	num_reg: 10  	lose cover RAM: 1048816M
[    0.003031]  gran_size: 256M 	chunk_size: 2G 	num_reg: 10  	lose cover RAM: 1048816M
[    0.003032]  gran_size: 512M 	chunk_size: 512M 	num_reg: 10  	lose cover RAM: 1049072M
[    0.003033]  gran_size: 512M 	chunk_size: 1G 	num_reg: 10  	lose cover RAM: 1049072M
[    0.003035]  gran_size: 512M 	chunk_size: 2G 	num_reg: 10  	lose cover RAM: 1049072M
[    0.003036]  gran_size: 1G 	chunk_size: 1G 	num_reg: 10  	lose cover RAM: 1008M
[    0.003037]  gran_size: 1G 	chunk_size: 2G 	num_reg: 10  	lose cover RAM: 1008M
[    0.003038]  gran_size: 2G 	chunk_size: 2G 	num_reg: 9  	lose cover RAM: 2032M
[    0.003040] mtrr_cleanup: can not find optimal value
[    0.003041] please specify mtrr_gran_size/mtrr_chunk_size
[    0.003043] e820: update [mem 0x7f000000-0xffffffff] usable ==> reserved
[    0.003046] x2apic: enabled by BIOS, switching to x2apic ops
[    0.003047] last_pfn = 0x6f800 max_arch_pfn = 0x400000000
[    0.014374] Using GB pages for direct mapping
[    0.015767] Secure boot disabled
[    0.015768] RAMDISK: [mem 0x205cb7c000-0x207fffffff]
[    0.015773] ACPI: Early table checksum verification disabled
[    0.015776] ACPI: RSDP 0x000000006F7FE014 000024 (v02 DELL  )
[    0.015779] ACPI: XSDT 0x000000006F41C188 0000F4 (v01 DELL   PE_SC3   00000000 DELL 01000013)
[    0.015785] ACPI: FACP 0x000000006F430000 000114 (v06 DELL   PE_SC3   00000000 DELL 00000001)
[    0.015790] ACPI: DSDT 0x000000004B4CE000 07FAD3 (v02 DELL   PE_SC3   00000003 DELL 00000001)
[    0.015794] ACPI: FACS 0x000000006F2F2000 000040
[    0.015797] ACPI: SSDT 0x000000006F7FB000 00159A (v02 INTEL  RAS_ACPI 00000001 INTL 20210331)
[    0.015800] ACPI: SSDT 0x000000006F7FA000 000745 (v02 INTEL  ADDRXLAT 00000001 INTL 20210331)
[    0.015804] ACPI: MCEJ 0x000000006F7F9000 000130 (v01 INTEL           00000001 INTL 0100000D)
[    0.015807] ACPI: BERT 0x000000006F7F8000 000030 (v01 DELL   PE_SC3   00000001 INTL 00000001)
[    0.015810] ACPI: ERST 0x000000006F7F7000 000230 (v01 DELL   PE_SC3   00000001 INTL 00000001)
[    0.015813] ACPI: SSDT 0x000000006F431000 3C524E (v02 INTEL  SSDTNVDR 00001000 INTL 20210331)
[    0.015817] ACPI: HMAT 0x000000006F42F000 000210 (v01 DELL   PE_SC3   00000001 DELL 00000001)
[    0.015820] ACPI: HPET 0x000000006F42E000 000038 (v01 DELL   PE_SC3   00000001 DELL 00000001)
[    0.015823] ACPI: MCFG 0x000000006F42D000 00003C (v01 DELL   PE_SC3   00000001 DELL 00000001)
[    0.015826] ACPI: MIGT 0x000000006F42C000 000040 (v01 DELL   PE_SC3   00000000 DELL 00000001)
[    0.015830] ACPI: MSCT 0x000000006F42B000 000090 (v01 DELL   PE_SC3   00000001 DELL 00000001)
[    0.015833] ACPI: PMTT 0x000000006F429000 0011E8 (v02 DELL   PE_SC3   00000001 DELL 00000001)
[    0.015836] ACPI: WSMT 0x000000006F428000 000028 (v01 DELL   PE_SC3   00000000 DELL 00000001)
[    0.015839] ACPI: APIC 0x000000006F427000 00075E (v04 DELL   PE_SC3   00000000 DELL 00000001)
[    0.015842] ACPI: SLIT 0x000000006F426000 00003C (v01 DELL   PE_SC3   00000001 DELL 01000013)
[    0.015846] ACPI: SRAT 0x000000006F41F000 006430 (v03 DELL   PE_SC3   00000002 DELL 01000013)
[    0.015849] ACPI: OEM4 0x000000004B346000 187A61 (v02 INTEL  CPU  CST 00003000 INTL 20210331)
[    0.015852] ACPI: SSDT 0x000000004B2CF000 0764A5 (v02 INTEL  SSDT  PM 00004000 INTL 20210331)
[    0.015855] ACPI: SSDT 0x000000006F41E000 000A1F (v02 DELL   PE_SC3   00000000 DELL 00000001)
[    0.015859] ACPI: HEST 0x000000006F41D000 00017C (v01 DELL   PE_SC3   00000001 INTL 00000001)
[    0.015862] ACPI: PCAT 0x000000006F41B000 00010C (v19 DELL   PE_SC3   00000002 DELL 00000001)
[    0.015865] ACPI: SSDT 0x000000006F413000 007299 (v02 INTEL  SpsNm    00000002 INTL 20210331)
[    0.015869] ACPI: SSDT 0x000000006F412000 000426 (v02 DELL   PE_SC3   00000002 DELL 00000001)
[    0.015872] ACPI: NFIT 0x000000006F7FD000 000488 (v01 DELL   PE_SC3   00000002 DELL 00000001)
[    0.015875] ACPI: DMAR 0x000000006F411000 000158 (v01 DELL   PE_SC3   00000001 DELL 00000001)
[    0.015878] ACPI: Reserving FACP table memory at [mem 0x6f430000-0x6f430113]
[    0.015880] ACPI: Reserving DSDT table memory at [mem 0x4b4ce000-0x4b54dad2]
[    0.015881] ACPI: Reserving FACS table memory at [mem 0x6f2f2000-0x6f2f203f]
[    0.015882] ACPI: Reserving SSDT table memory at [mem 0x6f7fb000-0x6f7fc599]
[    0.015882] ACPI: Reserving SSDT table memory at [mem 0x6f7fa000-0x6f7fa744]
[    0.015883] ACPI: Reserving MCEJ table memory at [mem 0x6f7f9000-0x6f7f912f]
[    0.015884] ACPI: Reserving BERT table memory at [mem 0x6f7f8000-0x6f7f802f]
[    0.015885] ACPI: Reserving ERST table memory at [mem 0x6f7f7000-0x6f7f722f]
[    0.015886] ACPI: Reserving SSDT table memory at [mem 0x6f431000-0x6f7f624d]
[    0.015887] ACPI: Reserving HMAT table memory at [mem 0x6f42f000-0x6f42f20f]
[    0.015888] ACPI: Reserving HPET table memory at [mem 0x6f42e000-0x6f42e037]
[    0.015888] ACPI: Reserving MCFG table memory at [mem 0x6f42d000-0x6f42d03b]
[    0.015889] ACPI: Reserving MIGT table memory at [mem 0x6f42c000-0x6f42c03f]
[    0.015890] ACPI: Reserving MSCT table memory at [mem 0x6f42b000-0x6f42b08f]
[    0.015891] ACPI: Reserving PMTT table memory at [mem 0x6f429000-0x6f42a1e7]
[    0.015892] ACPI: Reserving WSMT table memory at [mem 0x6f428000-0x6f428027]
[    0.015893] ACPI: Reserving APIC table memory at [mem 0x6f427000-0x6f42775d]
[    0.015894] ACPI: Reserving SLIT table memory at [mem 0x6f426000-0x6f42603b]
[    0.015894] ACPI: Reserving SRAT table memory at [mem 0x6f41f000-0x6f42542f]
[    0.015895] ACPI: Reserving OEM4 table memory at [mem 0x4b346000-0x4b4cda60]
[    0.015896] ACPI: Reserving SSDT table memory at [mem 0x4b2cf000-0x4b3454a4]
[    0.015897] ACPI: Reserving SSDT table memory at [mem 0x6f41e000-0x6f41ea1e]
[    0.015898] ACPI: Reserving HEST table memory at [mem 0x6f41d000-0x6f41d17b]
[    0.015899] ACPI: Reserving PCAT table memory at [mem 0x6f41b000-0x6f41b10b]
[    0.015900] ACPI: Reserving SSDT table memory at [mem 0x6f413000-0x6f41a298]
[    0.015901] ACPI: Reserving SSDT table memory at [mem 0x6f412000-0x6f412425]
[    0.015902] ACPI: Reserving NFIT table memory at [mem 0x6f7fd000-0x6f7fd487]
[    0.015903] ACPI: Reserving DMAR table memory at [mem 0x6f411000-0x6f411157]
[    0.015913] Setting APIC routing to cluster x2apic.
[    0.015960] SRAT: PXM 0 -> APIC 0x0000 -> Node 0
[    0.015962] SRAT: PXM 0 -> APIC 0x0001 -> Node 0
[    0.015962] SRAT: PXM 0 -> APIC 0x0002 -> Node 0
[    0.015963] SRAT: PXM 0 -> APIC 0x0003 -> Node 0
[    0.015964] SRAT: PXM 0 -> APIC 0x0004 -> Node 0
[    0.015964] SRAT: PXM 0 -> APIC 0x0005 -> Node 0
[    0.015965] SRAT: PXM 0 -> APIC 0x0006 -> Node 0
[    0.015966] SRAT: PXM 0 -> APIC 0x0007 -> Node 0
[    0.015966] SRAT: PXM 0 -> APIC 0x0008 -> Node 0
[    0.015967] SRAT: PXM 0 -> APIC 0x0009 -> Node 0
[    0.015968] SRAT: PXM 0 -> APIC 0x000a -> Node 0
[    0.015968] SRAT: PXM 0 -> APIC 0x000b -> Node 0
[    0.015969] SRAT: PXM 0 -> APIC 0x000c -> Node 0
[    0.015970] SRAT: PXM 0 -> APIC 0x000d -> Node 0
[    0.015971] SRAT: PXM 0 -> APIC 0x000e -> Node 0
[    0.015971] SRAT: PXM 0 -> APIC 0x000f -> Node 0
[    0.015972] SRAT: PXM 0 -> APIC 0x0010 -> Node 0
[    0.015973] SRAT: PXM 0 -> APIC 0x0011 -> Node 0
[    0.015973] SRAT: PXM 0 -> APIC 0x0012 -> Node 0
[    0.015974] SRAT: PXM 0 -> APIC 0x0013 -> Node 0
[    0.015975] SRAT: PXM 0 -> APIC 0x0014 -> Node 0
[    0.015975] SRAT: PXM 0 -> APIC 0x0015 -> Node 0
[    0.015976] SRAT: PXM 0 -> APIC 0x0016 -> Node 0
[    0.015977] SRAT: PXM 0 -> APIC 0x0017 -> Node 0
[    0.015977] SRAT: PXM 0 -> APIC 0x0018 -> Node 0
[    0.015978] SRAT: PXM 0 -> APIC 0x0019 -> Node 0
[    0.015979] SRAT: PXM 0 -> APIC 0x001a -> Node 0
[    0.015979] SRAT: PXM 0 -> APIC 0x001b -> Node 0
[    0.015980] SRAT: PXM 0 -> APIC 0x001c -> Node 0
[    0.015980] SRAT: PXM 0 -> APIC 0x001d -> Node 0
[    0.015981] SRAT: PXM 0 -> APIC 0x001e -> Node 0
[    0.015982] SRAT: PXM 0 -> APIC 0x001f -> Node 0
[    0.015982] SRAT: PXM 0 -> APIC 0x0020 -> Node 0
[    0.015983] SRAT: PXM 0 -> APIC 0x0021 -> Node 0
[    0.015984] SRAT: PXM 0 -> APIC 0x0022 -> Node 0
[    0.015984] SRAT: PXM 0 -> APIC 0x0023 -> Node 0
[    0.015985] SRAT: PXM 0 -> APIC 0x0024 -> Node 0
[    0.015985] SRAT: PXM 0 -> APIC 0x0025 -> Node 0
[    0.015986] SRAT: PXM 0 -> APIC 0x0026 -> Node 0
[    0.015987] SRAT: PXM 0 -> APIC 0x0027 -> Node 0
[    0.015987] SRAT: PXM 0 -> APIC 0x0028 -> Node 0
[    0.015988] SRAT: PXM 0 -> APIC 0x0029 -> Node 0
[    0.015989] SRAT: PXM 0 -> APIC 0x002a -> Node 0
[    0.015989] SRAT: PXM 0 -> APIC 0x002b -> Node 0
[    0.015990] SRAT: PXM 0 -> APIC 0x002c -> Node 0
[    0.015991] SRAT: PXM 0 -> APIC 0x002d -> Node 0
[    0.015991] SRAT: PXM 0 -> APIC 0x002e -> Node 0
[    0.015992] SRAT: PXM 0 -> APIC 0x002f -> Node 0
[    0.015992] SRAT: PXM 0 -> APIC 0x0030 -> Node 0
[    0.015993] SRAT: PXM 0 -> APIC 0x0031 -> Node 0
[    0.015994] SRAT: PXM 0 -> APIC 0x0032 -> Node 0
[    0.015994] SRAT: PXM 0 -> APIC 0x0033 -> Node 0
[    0.015995] SRAT: PXM 0 -> APIC 0x0034 -> Node 0
[    0.015996] SRAT: PXM 0 -> APIC 0x0035 -> Node 0
[    0.015996] SRAT: PXM 0 -> APIC 0x0036 -> Node 0
[    0.015997] SRAT: PXM 0 -> APIC 0x0037 -> Node 0
[    0.015998] SRAT: PXM 1 -> APIC 0x0080 -> Node 1
[    0.015998] SRAT: PXM 1 -> APIC 0x0081 -> Node 1
[    0.015999] SRAT: PXM 1 -> APIC 0x0082 -> Node 1
[    0.016000] SRAT: PXM 1 -> APIC 0x0083 -> Node 1
[    0.016001] SRAT: PXM 1 -> APIC 0x0084 -> Node 1
[    0.016001] SRAT: PXM 1 -> APIC 0x0085 -> Node 1
[    0.016002] SRAT: PXM 1 -> APIC 0x0086 -> Node 1
[    0.016003] SRAT: PXM 1 -> APIC 0x0087 -> Node 1
[    0.016003] SRAT: PXM 1 -> APIC 0x0088 -> Node 1
[    0.016004] SRAT: PXM 1 -> APIC 0x0089 -> Node 1
[    0.016005] SRAT: PXM 1 -> APIC 0x008a -> Node 1
[    0.016005] SRAT: PXM 1 -> APIC 0x008b -> Node 1
[    0.016006] SRAT: PXM 1 -> APIC 0x008c -> Node 1
[    0.016007] SRAT: PXM 1 -> APIC 0x008d -> Node 1
[    0.016007] SRAT: PXM 1 -> APIC 0x008e -> Node 1
[    0.016008] SRAT: PXM 1 -> APIC 0x008f -> Node 1
[    0.016008] SRAT: PXM 1 -> APIC 0x0090 -> Node 1
[    0.016009] SRAT: PXM 1 -> APIC 0x0091 -> Node 1
[    0.016010] SRAT: PXM 1 -> APIC 0x0092 -> Node 1
[    0.016010] SRAT: PXM 1 -> APIC 0x0093 -> Node 1
[    0.016011] SRAT: PXM 1 -> APIC 0x0094 -> Node 1
[    0.016012] SRAT: PXM 1 -> APIC 0x0095 -> Node 1
[    0.016012] SRAT: PXM 1 -> APIC 0x0096 -> Node 1
[    0.016013] SRAT: PXM 1 -> APIC 0x0097 -> Node 1
[    0.016014] SRAT: PXM 1 -> APIC 0x0098 -> Node 1
[    0.016014] SRAT: PXM 1 -> APIC 0x0099 -> Node 1
[    0.016015] SRAT: PXM 1 -> APIC 0x009a -> Node 1
[    0.016015] SRAT: PXM 1 -> APIC 0x009b -> Node 1
[    0.016016] SRAT: PXM 1 -> APIC 0x009c -> Node 1
[    0.016017] SRAT: PXM 1 -> APIC 0x009d -> Node 1
[    0.016017] SRAT: PXM 1 -> APIC 0x009e -> Node 1
[    0.016018] SRAT: PXM 1 -> APIC 0x009f -> Node 1
[    0.016019] SRAT: PXM 1 -> APIC 0x00a0 -> Node 1
[    0.016019] SRAT: PXM 1 -> APIC 0x00a1 -> Node 1
[    0.016020] SRAT: PXM 1 -> APIC 0x00a2 -> Node 1
[    0.016021] SRAT: PXM 1 -> APIC 0x00a3 -> Node 1
[    0.016021] SRAT: PXM 1 -> APIC 0x00a4 -> Node 1
[    0.016022] SRAT: PXM 1 -> APIC 0x00a5 -> Node 1
[    0.016022] SRAT: PXM 1 -> APIC 0x00a6 -> Node 1
[    0.016023] SRAT: PXM 1 -> APIC 0x00a7 -> Node 1
[    0.016024] SRAT: PXM 1 -> APIC 0x00a8 -> Node 1
[    0.016024] SRAT: PXM 1 -> APIC 0x00a9 -> Node 1
[    0.016025] SRAT: PXM 1 -> APIC 0x00aa -> Node 1
[    0.016026] SRAT: PXM 1 -> APIC 0x00ab -> Node 1
[    0.016026] SRAT: PXM 1 -> APIC 0x00ac -> Node 1
[    0.016027] SRAT: PXM 1 -> APIC 0x00ad -> Node 1
[    0.016027] SRAT: PXM 1 -> APIC 0x00ae -> Node 1
[    0.016028] SRAT: PXM 1 -> APIC 0x00af -> Node 1
[    0.016029] SRAT: PXM 1 -> APIC 0x00b0 -> Node 1
[    0.016030] SRAT: PXM 1 -> APIC 0x00b1 -> Node 1
[    0.016030] SRAT: PXM 1 -> APIC 0x00b2 -> Node 1
[    0.016031] SRAT: PXM 1 -> APIC 0x00b3 -> Node 1
[    0.016032] SRAT: PXM 1 -> APIC 0x00b4 -> Node 1
[    0.016033] SRAT: PXM 1 -> APIC 0x00b5 -> Node 1
[    0.016033] SRAT: PXM 1 -> APIC 0x00b6 -> Node 1
[    0.016034] SRAT: PXM 1 -> APIC 0x00b7 -> Node 1
[    0.016047] ACPI: SRAT: Node 0 PXM 0 [mem 0x00000000-0x7fffffff]
[    0.016049] ACPI: SRAT: Node 0 PXM 0 [mem 0x100000000-0x107fffffff]
[    0.016050] ACPI: SRAT: Node 2 PXM 2 [mem 0x2080000000-0x9e7fffffff] non-volatile
[    0.016051] ACPI: SRAT: Node 1 PXM 1 [mem 0x1080000000-0x207fffffff]
[    0.016052] ACPI: SRAT: Node 3 PXM 3 [mem 0x9e80000000-0x11c7fffffff] non-volatile
[    0.016062] NUMA: Initialized distance table, cnt=4
[    0.016064] NUMA: Node 0 [mem 0x00000000-0x7fffffff] + [mem 0x100000000-0x107fffffff] -> [mem 0x00000000-0x107fffffff]
[    0.016073] NODE_DATA(0) allocated [mem 0xffffd5000-0xfffffffff]
[    0.016090] NODE_DATA(1) allocated [mem 0x205cb4e000-0x205cb78fff]
[    0.016290] Zone ranges:
[    0.016291]   DMA      [mem 0x0000000000001000-0x0000000000ffffff]
[    0.016293]   DMA32    [mem 0x0000000001000000-0x00000000ffffffff]
[    0.016294]   Normal   [mem 0x0000000100000000-0x000000207fffffff]
[    0.016295]   Device   empty
[    0.016296] Movable zone start for each node
[    0.016300] Early memory node ranges
[    0.016300]   node   0: [mem 0x0000000000001000-0x000000000008efff]
[    0.016302]   node   0: [mem 0x0000000000090000-0x000000000009ffff]
[    0.016303]   node   0: [mem 0x0000000000100000-0x0000000049e76fff]
[    0.016304]   node   0: [mem 0x000000004ae77000-0x000000004b2cefff]
[    0.016305]   node   0: [mem 0x000000004b54e000-0x000000004bd93fff]
[    0.016305]   node   0: [mem 0x000000004be9a000-0x000000004cdfffff]
[    0.016306]   node   0: [mem 0x000000004d000000-0x000000005eefdfff]
[    0.016307]   node   0: [mem 0x000000006f7ff000-0x000000006f7fffff]
[    0.016308]   node   0: [mem 0x0000000c15800000-0x0000000fffffffff]
[    0.016309]   node   1: [mem 0x0000001ec0000000-0x000000207fffffff]
[    0.016311] Initmem setup node 0 [mem 0x0000000000001000-0x0000000fffffffff]
[    0.016314] Initmem setup node 1 [mem 0x0000001ec0000000-0x000000207fffffff]
[    0.016316] On node 0, zone DMA: 1 pages in unavailable ranges
[    0.016317] On node 0, zone DMA: 1 pages in unavailable ranges
[    0.016348] On node 0, zone DMA: 96 pages in unavailable ranges
[    0.018616] On node 0, zone DMA32: 4096 pages in unavailable ranges
[    0.018639] On node 0, zone DMA32: 639 pages in unavailable ranges
[    0.018671] On node 0, zone DMA32: 262 pages in unavailable ranges
[    0.019236] On node 0, zone DMA32: 512 pages in unavailable ranges
[    0.019509] On node 0, zone DMA32: 35073 pages in unavailable ranges
[    0.050018] On node 0, zone Normal: 24576 pages in unavailable ranges
[    0.064296] ACPI: PM-Timer IO Port: 0x508
[    0.064314] ACPI: X2APIC_NMI (uid[0xffffffff] high edge lint[0x1])
[    0.064318] ACPI: LAPIC_NMI (acpi_id[0xff] high edge lint[0x1])
[    0.064337] IOAPIC[0]: apic_id 8, version 32, address 0xfec00000, GSI 0-119
[    0.064340] ACPI: INT_SRC_OVR (bus 0 bus_irq 0 global_irq 2 dfl dfl)
[    0.064342] ACPI: INT_SRC_OVR (bus 0 bus_irq 9 global_irq 9 high level)
[    0.064346] ACPI: Using ACPI (MADT) for SMP configuration information
[    0.064347] ACPI: HPET id: 0x8086a701 base: 0xfed00000
[    0.064351] TSC deadline timer available
[    0.064352] smpboot: Allowing 112 CPUs, 0 hotplug CPUs
[    0.064380] PM: hibernation: Registered nosave memory: [mem 0x00000000-0x00000fff]
[    0.064383] PM: hibernation: Registered nosave memory: [mem 0x0008f000-0x0008ffff]
[    0.064385] PM: hibernation: Registered nosave memory: [mem 0x000a0000-0x000fffff]
[    0.064386] PM: hibernation: Registered nosave memory: [mem 0x46cc5000-0x46cc5fff]
[    0.064388] PM: hibernation: Registered nosave memory: [mem 0x46cf6000-0x46cf6fff]
[    0.064389] PM: hibernation: Registered nosave memory: [mem 0x46cf7000-0x46cf7fff]
[    0.064391] PM: hibernation: Registered nosave memory: [mem 0x46d29000-0x46d29fff]
[    0.064392] PM: hibernation: Registered nosave memory: [mem 0x46d2a000-0x46d2afff]
[    0.064393] PM: hibernation: Registered nosave memory: [mem 0x46d5c000-0x46d5cfff]
[    0.064394] PM: hibernation: Registered nosave memory: [mem 0x46d5d000-0x46d5dfff]
[    0.064396] PM: hibernation: Registered nosave memory: [mem 0x46d65000-0x46d65fff]
[    0.064397] PM: hibernation: Registered nosave memory: [mem 0x49e77000-0x4ae76fff]
[    0.064399] PM: hibernation: Registered nosave memory: [mem 0x4b2cf000-0x4b54dfff]
[    0.064401] PM: hibernation: Registered nosave memory: [mem 0x4bd94000-0x4be99fff]
[    0.064403] PM: hibernation: Registered nosave memory: [mem 0x4ce00000-0x4cffffff]
[    0.064405] PM: hibernation: Registered nosave memory: [mem 0x5eefe000-0x6e3fefff]
[    0.064405] PM: hibernation: Registered nosave memory: [mem 0x6e3ff000-0x6f3fefff]
[    0.064406] PM: hibernation: Registered nosave memory: [mem 0x6f3ff000-0x6f7fefff]
[    0.064408] PM: hibernation: Registered nosave memory: [mem 0x6f800000-0x8fffffff]
[    0.064409] PM: hibernation: Registered nosave memory: [mem 0x90000000-0xfdffffff]
[    0.064409] PM: hibernation: Registered nosave memory: [mem 0xfe000000-0xfe010fff]
[    0.064410] PM: hibernation: Registered nosave memory: [mem 0xfe011000-0xffffffff]
[    0.064411] PM: hibernation: Registered nosave memory: [mem 0x100000000-0xc157fffff]
[    0.064413] PM: hibernation: Registered nosave memory: [mem 0x1000000000-0x1ebfffffff]
[    0.064415] [mem 0x90000000-0xfdffffff] available for PCI devices
[    0.064417] Booting paravirtualized kernel on bare hardware
[    0.064419] clocksource: refined-jiffies: mask: 0xffffffff max_cycles: 0xffffffff, max_idle_ns: 7645519600211568 ns
[    0.064425] setup_percpu: NR_CPUS:8192 nr_cpumask_bits:112 nr_cpu_ids:112 nr_node_ids:4
[    0.068837] percpu: Embedded 53 pages/cpu s180224 r8192 d28672 u262144
[    0.068848] pcpu-alloc: s180224 r8192 d28672 u262144 alloc=1*2097152
[    0.068851] pcpu-alloc: [0] 000 002 004 006 008 010 012 014 
[    0.068857] pcpu-alloc: [0] 016 018 020 022 024 026 028 030 
[    0.068861] pcpu-alloc: [0] 032 034 036 038 040 042 044 046 
[    0.068865] pcpu-alloc: [0] 048 050 052 054 056 058 060 062 
[    0.068869] pcpu-alloc: [0] 064 066 068 070 072 074 076 078 
[    0.068873] pcpu-alloc: [0] 080 082 084 086 088 090 092 094 
[    0.068877] pcpu-alloc: [0] 096 098 100 102 104 106 108 110 
[    0.068882] pcpu-alloc: [1] 001 003 005 007 009 011 013 015 
[    0.068886] pcpu-alloc: [1] 017 019 021 023 025 027 029 031 
[    0.068890] pcpu-alloc: [1] 033 035 037 039 041 043 045 047 
[    0.068894] pcpu-alloc: [1] 049 051 053 055 057 059 061 063 
[    0.068898] pcpu-alloc: [1] 065 067 069 071 073 075 077 079 
[    0.068902] pcpu-alloc: [1] 081 083 085 087 089 091 093 095 
[    0.068906] pcpu-alloc: [1] 097 099 101 103 105 107 109 111 
[    0.068957] Built 2 zonelists, mobility grouping on.  Total pages: 6224500
[    0.068959] Policy zone: Normal
[    0.068961] Kernel command line: BOOT_IMAGE=/boot/vmlinuz-5.15.0-tiering-0.8 root=UUID=ce0c24b8-724b-4f33-9b2c-618433560aef ro memmap=45400M!4096M memmap=59G!64G quiet splash nomodeset vt.handoff=1
[    0.069078] You have booted with nomodeset. This means your GPU drivers are DISABLED
[    0.069079] Any video related functionality will be severely degraded, and you may not even be able to suspend the system properly
[    0.069079] Unless you actually understand what nomodeset does, you should reboot without enabling it
[    0.069100] Unknown command line parameters: splash BOOT_IMAGE=/boot/vmlinuz-5.15.0-tiering-0.8
[    0.069101] printk: log_buf_len individual max cpu contribution: 4096 bytes
[    0.069102] printk: log_buf_len total cpu_extra contributions: 454656 bytes
[    0.069103] printk: log_buf_len min size: 262144 bytes
[    0.070079] printk: log_buf_len: 1048576 bytes
[    0.070080] printk: early log buf free: 223784(85%)
[    0.071653] mem auto-init: stack:off, heap alloc:on, heap free:off
[    0.138396] Memory: 24056688K/25298016K available (14345K kernel code, 3484K rwdata, 10288K rodata, 2824K init, 5836K bss, 1241068K reserved, 0K cma-reserved)
[    0.138403] random: get_random_u64 called from __kmem_cache_create+0x2d/0x460 with crng_init=1
[    0.139272] SLUB: HWalign=64, Order=0-3, MinObjects=0, CPUs=112, Nodes=4
[    0.139305] ftrace: allocating 48223 entries in 189 pages
[    0.154531] ftrace: allocated 189 pages with 6 groups
[    0.155190] rcu: Hierarchical RCU implementation.
[    0.155192] rcu: 	RCU restricting CPUs from NR_CPUS=8192 to nr_cpu_ids=112.
[    0.155194] 	Rude variant of Tasks RCU enabled.
[    0.155194] 	Tracing variant of Tasks RCU enabled.
[    0.155195] rcu: RCU calculated value of scheduler-enlistment delay is 25 jiffies.
[    0.155196] rcu: Adjusting geometry for rcu_fanout_leaf=16, nr_cpu_ids=112
[    0.158977] NR_IRQS: 524544, nr_irqs: 2952, preallocated irqs: 16
[    0.159330] random: crng done (trusting CPU's manufacturer)
[    0.159474] Console: colour dummy device 80x25
[    0.159509] printk: console [tty0] enabled
[    0.159654] mempolicy: Enabling automatic NUMA balancing. Configure with numa_balancing= or the kernel.numa_balancing sysctl
[    0.159658] ACPI: Core revision 20210730
[    0.163028] clocksource: hpet: mask: 0xffffffff max_cycles: 0xffffffff, max_idle_ns: 79635855245 ns
[    0.163071] APIC: Switch to symmetric I/O mode setup
[    0.163073] DMAR: Host address width 46
[    0.163074] DMAR: DRHD base: 0x000000d0ffc000 flags: 0x0
[    0.163079] DMAR: dmar0: reg_base_addr d0ffc000 ver 4:0 cap 8ed008c40780466 ecap 60000f050df
[    0.163082] DMAR: DRHD base: 0x000000dbbfc000 flags: 0x0
[    0.163084] DMAR: dmar1: reg_base_addr dbbfc000 ver 4:0 cap 8ed008c40780466 ecap 60000f050df
[    0.163086] DMAR: DRHD base: 0x000000e67fc000 flags: 0x0
[    0.163090] DMAR: dmar2: reg_base_addr e67fc000 ver 4:0 cap 8ed008c40780466 ecap 60000f050df
[    0.163092] DMAR: DRHD base: 0x000000f13fc000 flags: 0x0
[    0.163094] DMAR: dmar3: reg_base_addr f13fc000 ver 4:0 cap 8ed008c40780466 ecap 60000f050df
[    0.163097] DMAR: DRHD base: 0x000000fb7fc000 flags: 0x0
[    0.163099] DMAR: dmar4: reg_base_addr fb7fc000 ver 4:0 cap 8ed008c40780466 ecap 60000f050df
[    0.163101] DMAR: DRHD base: 0x000000a63fc000 flags: 0x0
[    0.163104] DMAR: dmar5: reg_base_addr a63fc000 ver 4:0 cap 8ed008c40780466 ecap 60000f050df
[    0.163106] DMAR: DRHD base: 0x000000b0ffc000 flags: 0x0
[    0.163108] DMAR: dmar6: reg_base_addr b0ffc000 ver 4:0 cap 8ed008c40780466 ecap 60000f050df
[    0.163110] DMAR: DRHD base: 0x000000bbbfc000 flags: 0x0
[    0.163115] DMAR: dmar7: reg_base_addr bbbfc000 ver 4:0 cap 8ed008c40780466 ecap 60000f050df
[    0.163117] DMAR: DRHD base: 0x000000c5ffc000 flags: 0x0
[    0.163119] DMAR: dmar8: reg_base_addr c5ffc000 ver 4:0 cap 8ed008c40780466 ecap 60000f050df
[    0.163121] DMAR: DRHD base: 0x0000009b7fc000 flags: 0x1
[    0.163123] DMAR: dmar9: reg_base_addr 9b7fc000 ver 4:0 cap 8ed008c40780466 ecap 60000f050df
[    0.163125] DMAR: RMRR base: 0x00000069427000 end: 0x00000069429fff
[    0.163127] DMAR: ATSR flags: 0x0
[    0.163129] DMAR-IR: IOAPIC id 8 under DRHD base  0x9b7fc000 IOMMU 9
[    0.163130] DMAR-IR: HPET id 0 under DRHD base 0x9b7fc000
[    0.163131] DMAR-IR: Queued invalidation will be enabled to support x2apic and Intr-remapping.
[    0.166127] DMAR-IR: Enabled IRQ remapping in x2apic mode
[    0.168729] ..TIMER: vector=0x30 apic1=0 pin1=2 apic2=-1 pin2=-1
[    0.187002] clocksource: tsc-early: mask: 0xffffffffffffffff max_cycles: 0x39a85c9bff6, max_idle_ns: 881590591483 ns
[    0.187008] Calibrating delay loop (skipped), value calculated using timer frequency.. 4000.00 BogoMIPS (lpj=8000000)
[    0.187011] pid_max: default: 114688 minimum: 896
[    0.190422] LSM: Security Framework initializing
[    0.190441] Yama: becoming mindful.
[    0.190482] AppArmor: AppArmor initialized
[    0.194889] Dentry cache hash table entries: 4194304 (order: 13, 33554432 bytes, vmalloc)
[    0.197126] Inode-cache hash table entries: 2097152 (order: 12, 16777216 bytes, vmalloc)
[    0.197242] Mount-cache hash table entries: 65536 (order: 7, 524288 bytes, vmalloc)
[    0.197309] Mountpoint-cache hash table entries: 65536 (order: 7, 524288 bytes, vmalloc)
[    0.197875] x86/tme: not enabled by BIOS
[    0.197885] CPU0: Thermal monitoring enabled (TM1)
[    0.197887] x86/cpu: User Mode Instruction Prevention (UMIP) activated
[    0.198119] process: using mwait in idle threads
[    0.198121] Last level iTLB entries: 4KB 0, 2MB 0, 4MB 0
[    0.198122] Last level dTLB entries: 4KB 0, 2MB 0, 4MB 0, 1GB 0
[    0.198128] Spectre V1 : Mitigation: usercopy/swapgs barriers and __user pointer sanitization
[    0.198130] Spectre V2 : Mitigation: Enhanced IBRS
[    0.198131] Spectre V2 : Spectre v2 / SpectreRSB mitigation: Filling RSB on context switch
[    0.198132] Spectre V2 : mitigation: Enabling conditional Indirect Branch Prediction Barrier
[    0.198134] Speculative Store Bypass: Mitigation: Speculative Store Bypass disabled via prctl and seccomp
[    0.204420] Freeing SMP alternatives memory: 40K
[    0.207150] smpboot: Estimated ratio of average max frequency by base frequency (times 1024): 1433
[    0.207165] smpboot: CPU0: Intel(R) Xeon(R) Gold 6330 CPU @ 2.00GHz (family: 0x6, model: 0x6a, stepping: 0x6)
[    0.207350] Performance Events: PEBS fmt4+-baseline,  AnyThread deprecated, Icelake events, 32-deep LBR, full-width counters, Intel PMU driver.
[    0.207369] ... version:                5
[    0.207370] ... bit width:              48
[    0.207371] ... generic registers:      8
[    0.207371] ... value mask:             0000ffffffffffff
[    0.207372] ... max period:             00007fffffffffff
[    0.207373] ... fixed-purpose events:   4
[    0.207374] ... event mask:             0001000f000000ff
[    0.207497] rcu: Hierarchical SRCU implementation.
[    0.214544] NMI watchdog: Enabled. Permanently consumes one hw-PMU counter.
[    0.215567] smp: Bringing up secondary CPUs ...
[    0.215671] x86: Booting SMP configuration:
[    0.215672] .... node  #1, CPUs:          #1
[    0.007725] smpboot: CPU 1 Converting physical 0 to logical die 1

[    0.303123] .... node  #0, CPUs:     #2
[    0.308505] .... node  #1, CPUs:     #3
[    0.313943] .... node  #0, CPUs:     #4
[    0.319322] .... node  #1, CPUs:     #5
[    0.324722] .... node  #0, CPUs:     #6
[    0.330304] .... node  #1, CPUs:     #7
[    0.335908] .... node  #0, CPUs:     #8
[    0.341202] .... node  #1, CPUs:     #9
[    0.347114] .... node  #0, CPUs:    #10
[    0.352685] .... node  #1, CPUs:    #11
[    0.358438] .... node  #0, CPUs:    #12
[    0.363966] .... node  #1, CPUs:    #13
[    0.369339] .... node  #0, CPUs:    #14
[    0.374569] .... node  #1, CPUs:    #15
[    0.379905] .... node  #0, CPUs:    #16
[    0.385176] .... node  #1, CPUs:    #17
[    0.390497] .... node  #0, CPUs:    #18
[    0.395746] .... node  #1, CPUs:    #19
[    0.401415] .... node  #0, CPUs:    #20
[    0.406648] .... node  #1, CPUs:    #21
[    0.412268] .... node  #0, CPUs:    #22
[    0.417704] .... node  #1, CPUs:    #23
[    0.423114] .... node  #0, CPUs:    #24
[    0.428615] .... node  #1, CPUs:    #25
[    0.433961] .... node  #0, CPUs:    #26
[    0.439176] .... node  #1, CPUs:    #27
[    0.444508] .... node  #0, CPUs:    #28
[    0.450015] .... node  #1, CPUs:    #29
[    0.455315] .... node  #0, CPUs:    #30
[    0.460549] .... node  #1, CPUs:    #31
[    0.466033] .... node  #0, CPUs:    #32
[    0.471322] .... node  #1, CPUs:    #33
[    0.476699] .... node  #0, CPUs:    #34
[    0.482141] .... node  #1, CPUs:    #35
[    0.487465] .... node  #0, CPUs:    #36
[    0.492681] .... node  #1, CPUs:    #37
[    0.498000] .... node  #0, CPUs:    #38
[    0.503561] .... node  #1, CPUs:    #39
[    0.509098] .... node  #0, CPUs:    #40
[    0.514710] .... node  #1, CPUs:    #41
[    0.520462] .... node  #0, CPUs:    #42
[    0.525778] .... node  #1, CPUs:    #43
[    0.531431] .... node  #0, CPUs:    #44
[    0.536793] .... node  #1, CPUs:    #45
[    0.542260] .... node  #0, CPUs:    #46
[    0.547795] .... node  #1, CPUs:    #47
[    0.553260] .... node  #0, CPUs:    #48
[    0.558594] .... node  #1, CPUs:    #49
[    0.564042] .... node  #0, CPUs:    #50
[    0.569529] .... node  #1, CPUs:    #51
[    0.575190] .... node  #0, CPUs:    #52
[    0.580654] .... node  #1, CPUs:    #53
[    0.586260] .... node  #0, CPUs:    #54
[    0.591964] .... node  #1, CPUs:    #55
[    0.597790] .... node  #0, CPUs:    #56
[    0.600803] .... node  #1, CPUs:    #57
[    0.606718] .... node  #0, CPUs:    #58
[    0.612131] .... node  #1, CPUs:    #59
[    0.617595] .... node  #0, CPUs:    #60
[    0.623160] .... node  #1, CPUs:    #61
[    0.628397] .... node  #0, CPUs:    #62
[    0.633997] .... node  #1, CPUs:    #63
[    0.639620] .... node  #0, CPUs:    #64
[    0.644941] .... node  #1, CPUs:    #65
[    0.650694] .... node  #0, CPUs:    #66
[    0.656436] .... node  #1, CPUs:    #67
[    0.662201] .... node  #0, CPUs:    #68
[    0.667741] .... node  #1, CPUs:    #69
[    0.673130] .... node  #0, CPUs:    #70
[    0.678374] .... node  #1, CPUs:    #71
[    0.683734] .... node  #0, CPUs:    #72
[    0.689044] .... node  #1, CPUs:    #73
[    0.694375] .... node  #0, CPUs:    #74
[    0.699650] .... node  #1, CPUs:    #75
[    0.705319] .... node  #0, CPUs:    #76
[    0.710588] .... node  #1, CPUs:    #77
[    0.716219] .... node  #0, CPUs:    #78
[    0.721675] .... node  #1, CPUs:    #79
[    0.727110] .... node  #0, CPUs:    #80
[    0.732643] .... node  #1, CPUs:    #81
[    0.738005] .... node  #0, CPUs:    #82
[    0.743238] .... node  #1, CPUs:    #83
[    0.748592] .... node  #0, CPUs:    #84
[    0.754122] .... node  #1, CPUs:    #85
[    0.759457] .... node  #0, CPUs:    #86
[    0.764705] .... node  #1, CPUs:    #87
[    0.770222] .... node  #0, CPUs:    #88
[    0.775525] .... node  #1, CPUs:    #89
[    0.780933] .... node  #0, CPUs:    #90
[    0.786388] .... node  #1, CPUs:    #91
[    0.791742] .... node  #0, CPUs:    #92
[    0.796970] .... node  #1, CPUs:    #93
[    0.802324] .... node  #0, CPUs:    #94
[    0.807912] .... node  #1, CPUs:    #95
[    0.813480] .... node  #0, CPUs:    #96
[    0.819166] .... node  #1, CPUs:    #97
[    0.824885] .... node  #0, CPUs:    #98
[    0.830217] .... node  #1, CPUs:    #99
[    0.835914] .... node  #0, CPUs:   #100
[    0.841292] .... node  #1, CPUs:   #101
[    0.847028] .... node  #0, CPUs:   #102
[    0.852364] .... node  #1, CPUs:   #103
[    0.857847] .... node  #0, CPUs:   #104
[    0.863205] .... node  #1, CPUs:   #105
[    0.868670] .... node  #0, CPUs:   #106
[    0.874180] .... node  #1, CPUs:   #107
[    0.879863] .... node  #0, CPUs:   #108
[    0.885360] .... node  #1, CPUs:   #109
[    0.891117] .... node  #0, CPUs:   #110
[    0.896699] .... node  #1, CPUs:   #111
[    0.902548] smp: Brought up 2 nodes, 112 CPUs
[    0.902548] smpboot: Max logical packages: 2
[    0.902548] smpboot: Total of 112 processors activated (448073.89 BogoMIPS)
[    0.906399] devtmpfs: initialized
[    0.906399] x86/mm: Memory block size: 2048MB
[    0.906399] ACPI: PM: Registering ACPI NVS region [mem 0x49e77000-0x4ae76fff] (16777216 bytes)
[    0.907071] ACPI: PM: Registering ACPI NVS region [mem 0x6e3ff000-0x6f3fefff] (16777216 bytes)
[    0.907336] clocksource: jiffies: mask: 0xffffffff max_cycles: 0xffffffff, max_idle_ns: 7645041785100000 ns
[    0.907644] futex hash table entries: 32768 (order: 9, 2097152 bytes, vmalloc)
[    0.907896] pinctrl core: initialized pinctrl subsystem
[    0.908053] PM: RTC time: 02:14:58, date: 2024-06-29
[    0.908274] NET: Registered PF_NETLINK/PF_ROUTE protocol family
[    0.908894] DMA: preallocated 4096 KiB GFP_KERNEL pool for atomic allocations
[    0.909400] DMA: preallocated 4096 KiB GFP_KERNEL|GFP_DMA pool for atomic allocations
[    0.909908] DMA: preallocated 4096 KiB GFP_KERNEL|GFP_DMA32 pool for atomic allocations
[    0.909916] audit: initializing netlink subsys (disabled)
[    0.909923] audit: type=2000 audit(1719627297.744:1): state=initialized audit_enabled=0 res=1
[    0.909923] thermal_sys: Registered thermal governor 'fair_share'
[    0.909923] thermal_sys: Registered thermal governor 'bang_bang'
[    0.909923] thermal_sys: Registered thermal governor 'step_wise'
[    0.909923] thermal_sys: Registered thermal governor 'user_space'
[    0.909923] EISA bus registered
[    0.909923] cpuidle: using governor ladder
[    0.909923] cpuidle: using governor menu
[    0.909923] ACPI FADT declares the system doesn't support PCIe ASPM, so disable it
[    0.909923] ACPI: bus type PCI registered
[    0.909923] acpiphp: ACPI Hot Plug PCI Controller Driver version: 0.5
[    0.909923] PCI: MMCONFIG for domain 0000 [bus 00-ff] at [mem 0x80000000-0x8fffffff] (base 0x80000000)
[    0.909923] PCI: MMCONFIG at [mem 0x80000000-0x8fffffff] reserved in E820
[    0.909923] pmd_set_huge: Cannot satisfy [mem 0x80000000-0x80200000] with a huge-page mapping due to MTRR override.
[    0.911210] PCI: Using configuration type 1 for base access
[    0.911220] PCI: Dell System detected, enabling pci=bfsort.
[    0.913349] ENERGY_PERF_BIAS: Set to 'normal', was 'performance'
[    0.916110] Kprobes globally optimized
[    0.916114] HugeTLB registered 1.00 GiB page size, pre-allocated 0 pages
[    0.916114] HugeTLB registered 2.00 MiB page size, pre-allocated 0 pages
[    0.916114] ACPI: Added _OSI(Module Device)
[    0.916114] ACPI: Added _OSI(Processor Device)
[    0.916114] ACPI: Added _OSI(3.0 _SCP Extensions)
[    0.916114] ACPI: Added _OSI(Processor Aggregator Device)
[    0.916114] ACPI: Added _OSI(Linux-Dell-Video)
[    0.916114] ACPI: Added _OSI(Linux-Lenovo-NV-HDMI-Audio)
[    0.916114] ACPI: Added _OSI(Linux-HPI-Hybrid-Graphics)
[    1.085696] ACPI: 8 ACPI AML tables successfully acquired and loaded
[    1.091234] ACPI: [Firmware Bug]: BIOS _OSI(Linux) query ignored
[    1.096403] ACPI: Dynamic OEM Table Load:
[    1.494353] ACPI: Interpreter enabled
[    1.494373] ACPI: PM: (supports S0 S5)
[    1.494374] ACPI: Using IOAPIC for interrupt routing
[    1.494457] HEST: Table parsing has been initialized.
[    1.494460] PCI: Using host bridge windows from ACPI; if necessary, use "pci=nocrs" and report a bug
[    1.522665] ACPI: Enabled 4 GPEs in block 00 to 7F
[    1.639930] ACPI: PCI Root Bridge [PC00] (domain 0000 [bus 00-15])
[    1.639936] acpi PNP0A08:00: _OSC: OS supports [ExtendedConfig ASPM ClockPM Segments MSI HPX-Type3]
[    1.706260] acpi PNP0A08:00: _OSC: platform does not support [SHPCHotplug AER LTR]
[    1.706478] acpi PNP0A08:00: _OSC: OS now controls [PCIeHotplug PME PCIeCapability]
[    1.706479] acpi PNP0A08:00: FADT indicates ASPM is unsupported, using BIOS configuration
[    1.708287] PCI host bridge to bus 0000:00
[    1.708288] pci_bus 0000:00: root bus resource [io  0x0000-0x0cf7 window]
[    1.708290] pci_bus 0000:00: root bus resource [io  0x1000-0x4fff window]
[    1.708292] pci_bus 0000:00: root bus resource [mem 0x000a0000-0x000bffff window]
[    1.708293] pci_bus 0000:00: root bus resource [mem 0x000c8000-0x000cffff window]
[    1.708294] pci_bus 0000:00: root bus resource [mem 0xfe010000-0xfe010fff window]
[    1.708296] pci_bus 0000:00: root bus resource [mem 0x90000000-0x9b7fffff window]
[    1.708297] pci_bus 0000:00: root bus resource [mem 0x200000000000-0x20ffffffffff window]
[    1.708298] pci_bus 0000:00: root bus resource [bus 00-15]
[    1.709631] pci 0000:00:00.0: [8086:09a2] type 00 class 0x088000
[    1.710390] pci 0000:00:00.1: [8086:09a4] type 00 class 0x088000
[    1.711782] pci 0000:00:00.2: [8086:09a3] type 00 class 0x088000
[    1.713166] pci 0000:00:00.4: [8086:0998] type 00 class 0x060000
[    1.715219] pci 0000:00:02.0: [8086:09a6] type 00 class 0x088000
[    1.715227] pci 0000:00:02.0: reg 0x10: [mem 0x92dfc000-0x92dfdfff]
[    1.716625] pci 0000:00:02.1: [8086:09a7] type 00 class 0x088000
[    1.716633] pci 0000:00:02.1: reg 0x10: [mem 0x92d00000-0x92d7ffff]
[    1.716638] pci 0000:00:02.1: reg 0x14: [mem 0x92c80000-0x92cfffff]
[    1.718027] pci 0000:00:02.4: [8086:3456] type 00 class 0x130000
[    1.718037] pci 0000:00:02.4: reg 0x10: [mem 0x92a00000-0x92afffff 64bit]
[    1.718044] pci 0000:00:02.4: reg 0x18: [mem 0x92df0000-0x92df3fff 64bit]
[    1.718050] pci 0000:00:02.4: reg 0x20: [mem 0x92dc0000-0x92ddffff 64bit]
[    1.719456] pci 0000:00:11.0: [8086:a1ec] type 00 class 0xff0000
[    1.719459] pci 0000:00:11.0: device has non-compliant BARs; disabling IO/MEM decoding
[    1.720868] pci 0000:00:11.5: [8086:a1d2] type 00 class 0x010601
[    1.720881] pci 0000:00:11.5: reg 0x10: [mem 0x92dfa000-0x92dfbfff]
[    1.720888] pci 0000:00:11.5: reg 0x14: [mem 0x92e05000-0x92e050ff]
[    1.720896] pci 0000:00:11.5: reg 0x18: [io  0x2068-0x206f]
[    1.720903] pci 0000:00:11.5: reg 0x1c: [io  0x2074-0x2077]
[    1.720911] pci 0000:00:11.5: reg 0x20: [io  0x2040-0x205f]
[    1.720918] pci 0000:00:11.5: reg 0x24: [mem 0x92b80000-0x92bfffff]
[    1.720955] pci 0000:00:11.5: PME# supported from D3hot
[    1.722481] pci 0000:00:14.0: [8086:a1af] type 00 class 0x0c0330
[    1.722499] pci 0000:00:14.0: reg 0x10: [mem 0x92de0000-0x92deffff 64bit]
[    1.722561] pci 0000:00:14.0: PME# supported from D3hot D3cold
[    1.724104] pci 0000:00:14.2: [8086:a1b1] type 00 class 0x118000
[    1.724121] pci 0000:00:14.2: reg 0x10: [mem 0x92e02000-0x92e02fff 64bit]
[    1.725564] pci 0000:00:16.0: [8086:a1ba] type 00 class 0x078000
[    1.725587] pci 0000:00:16.0: reg 0x10: [mem 0x92e01000-0x92e01fff 64bit]
[    1.725670] pci 0000:00:16.0: PME# supported from D3hot
[    1.727051] pci 0000:00:16.1: [8086:a1bb] type 00 class 0x078000
[    1.727074] pci 0000:00:16.1: reg 0x10: [mem 0x92e00000-0x92e00fff 64bit]
[    1.727158] pci 0000:00:16.1: PME# supported from D3hot
[    1.728543] pci 0000:00:16.4: [8086:a1be] type 00 class 0x078000
[    1.728566] pci 0000:00:16.4: reg 0x10: [mem 0x92dff000-0x92dfffff 64bit]
[    1.728650] pci 0000:00:16.4: PME# supported from D3hot
[    1.730037] pci 0000:00:17.0: [8086:a182] type 00 class 0x010601
[    1.730050] pci 0000:00:17.0: reg 0x10: [mem 0x92df8000-0x92df9fff]
[    1.730057] pci 0000:00:17.0: reg 0x14: [mem 0x92e04000-0x92e040ff]
[    1.730064] pci 0000:00:17.0: reg 0x18: [io  0x2060-0x2067]
[    1.730071] pci 0000:00:17.0: reg 0x1c: [io  0x2070-0x2073]
[    1.730079] pci 0000:00:17.0: reg 0x20: [io  0x2020-0x203f]
[    1.730086] pci 0000:00:17.0: reg 0x24: [mem 0x92b00000-0x92b7ffff]
[    1.730122] pci 0000:00:17.0: PME# supported from D3hot
[    1.731645] pci 0000:00:1c.0: [8086:a190] type 01 class 0x060400
[    1.731719] pci 0000:00:1c.0: PME# supported from D0 D3hot D3cold
[    1.733668] pci 0000:00:1c.4: [8086:a194] type 01 class 0x060400
[    1.733737] pci 0000:00:1c.4: PME# supported from D0 D3hot D3cold
[    1.735663] pci 0000:00:1c.5: [8086:a195] type 01 class 0x060400
[    1.735734] pci 0000:00:1c.5: PME# supported from D0 D3hot D3cold
[    1.737668] pci 0000:00:1f.0: [8086:a1cb] type 00 class 0x060100
[    1.739279] pci 0000:00:1f.2: [8086:a1a1] type 00 class 0x058000
[    1.739294] pci 0000:00:1f.2: reg 0x10: [mem 0x92df4000-0x92df7fff]
[    1.740854] pci 0000:00:1f.4: [8086:a1a3] type 00 class 0x0c0500
[    1.740872] pci 0000:00:1f.4: reg 0x10: [mem 0x92dfe000-0x92dfe0ff 64bit]
[    1.740895] pci 0000:00:1f.4: reg 0x20: [io  0x2000-0x201f]
[    1.742284] pci 0000:00:1f.5: [8086:a1a4] type 00 class 0x0c8000
[    1.742300] pci 0000:00:1f.5: reg 0x10: [mem 0xfe010000-0xfe010fff]
[    1.742422] pci 0000:00:1c.0: PCI bridge to [bus 01]
[    1.742474] pci 0000:02:00.0: [1556:be00] type 01 class 0x060400
[    1.742646] pci 0000:00:1c.4: PCI bridge to [bus 02-03]
[    1.742650] pci 0000:00:1c.4:   bridge window [mem 0x92000000-0x928fffff]
[    1.742654] pci 0000:00:1c.4:   bridge window [mem 0x91000000-0x91ffffff 64bit pref]
[    1.742686] pci_bus 0000:03: extended config space not accessible
[    1.742702] pci 0000:03:00.0: [102b:0536] type 00 class 0x030000
[    1.742722] pci 0000:03:00.0: reg 0x10: [mem 0x91000000-0x91ffffff pref]
[    1.742732] pci 0000:03:00.0: reg 0x14: [mem 0x92808000-0x9280bfff]
[    1.742743] pci 0000:03:00.0: reg 0x18: [mem 0x92000000-0x927fffff]
[    1.742790] pci 0000:03:00.0: BAR 0: assigned to efifb
[    1.742889] pci 0000:02:00.0: PCI bridge to [bus 03]
[    1.742897] pci 0000:02:00.0:   bridge window [mem 0x92000000-0x928fffff]
[    1.742903] pci 0000:02:00.0:   bridge window [mem 0x91000000-0x91ffffff 64bit pref]
[    1.742980] pci 0000:04:00.0: [14e4:165f] type 00 class 0x020000
[    1.743003] pci 0000:04:00.0: reg 0x10: [mem 0x92930000-0x9293ffff 64bit pref]
[    1.743019] pci 0000:04:00.0: reg 0x18: [mem 0x92940000-0x9294ffff 64bit pref]
[    1.743035] pci 0000:04:00.0: reg 0x20: [mem 0x92950000-0x9295ffff 64bit pref]
[    1.743045] pci 0000:04:00.0: reg 0x30: [mem 0xfffc0000-0xffffffff pref]
[    1.743139] pci 0000:04:00.0: PME# supported from D0 D3hot D3cold
[    1.743192] pci 0000:04:00.0: 4.000 Gb/s available PCIe bandwidth, limited by 5.0 GT/s PCIe x1 link at 0000:00:1c.5 (capable of 8.000 Gb/s with 5.0 GT/s PCIe x2 link)
[    1.743739] pci 0000:04:00.1: [14e4:165f] type 00 class 0x020000
[    1.743763] pci 0000:04:00.1: reg 0x10: [mem 0x92900000-0x9290ffff 64bit pref]
[    1.743778] pci 0000:04:00.1: reg 0x18: [mem 0x92910000-0x9291ffff 64bit pref]
[    1.743794] pci 0000:04:00.1: reg 0x20: [mem 0x92920000-0x9292ffff 64bit pref]
[    1.743804] pci 0000:04:00.1: reg 0x30: [mem 0xfffc0000-0xffffffff pref]
[    1.743898] pci 0000:04:00.1: PME# supported from D0 D3hot D3cold
[    1.744448] pci 0000:00:1c.5: PCI bridge to [bus 04]
[    1.744455] pci 0000:00:1c.5:   bridge window [mem 0x92900000-0x929fffff 64bit pref]
[    1.744470] pci_bus 0000:00: on NUMA node 0
[    1.745036] ACPI: PCI Root Bridge [PC01] (domain 0000 [bus 16-2f])
[    1.745040] acpi PNP0A08:01: _OSC: OS supports [ExtendedConfig ASPM ClockPM Segments MSI HPX-Type3]
[    1.759235] acpi PNP0A08:01: _OSC: platform does not support [SHPCHotplug AER]
[    1.759455] acpi PNP0A08:01: _OSC: OS now controls [PCIeHotplug PME PCIeCapability LTR]
[    1.759456] acpi PNP0A08:01: FADT indicates ASPM is unsupported, using BIOS configuration
[    1.759599] PCI host bridge to bus 0000:16
[    1.759600] pci_bus 0000:16: root bus resource [io  0x5000-0x6fff window]
[    1.759602] pci_bus 0000:16: root bus resource [mem 0x9b800000-0xa63fffff window]
[    1.759604] pci_bus 0000:16: root bus resource [mem 0x210000000000-0x21ffffffffff window]
[    1.759605] pci_bus 0000:16: root bus resource [bus 16-2f]
[    1.759620] pci 0000:16:00.0: [8086:09a2] type 00 class 0x088000
[    1.759699] pci 0000:16:00.1: [8086:09a4] type 00 class 0x088000
[    1.759771] pci 0000:16:00.2: [8086:09a3] type 00 class 0x088000
[    1.759841] pci 0000:16:00.4: [8086:0998] type 00 class 0x060000
[    1.759917] pci 0000:16:02.0: [8086:347a] type 01 class 0x060400
[    1.759926] pci 0000:16:02.0: reg 0x10: [mem 0x21fffff00000-0x21fffff1ffff 64bit]
[    1.759964] pci 0000:16:02.0: PME# supported from D0 D3hot D3cold
[    1.760868] pci 0000:17:00.0: [1000:10e2] type 00 class 0x010400
[    1.760880] pci 0000:17:00.0: reg 0x10: [mem 0x9b800000-0x9b8fffff 64bit pref]
[    1.760889] pci 0000:17:00.0: reg 0x18: [mem 0x9b900000-0x9b9fffff 64bit pref]
[    1.760894] pci 0000:17:00.0: reg 0x20: [mem 0x9ba00000-0x9bafffff]
[    1.760900] pci 0000:17:00.0: reg 0x24: [io  0x5000-0x50ff]
[    1.760906] pci 0000:17:00.0: reg 0x30: [mem 0xfff00000-0xffffffff pref]
[    1.761962] pci 0000:17:00.0: supports D1 D2
[    1.762028] pci 0000:16:02.0: PCI bridge to [bus 17]
[    1.762030] pci 0000:16:02.0:   bridge window [io  0x5000-0x5fff]
[    1.762032] pci 0000:16:02.0:   bridge window [mem 0x9ba00000-0x9bafffff]
[    1.762035] pci 0000:16:02.0:   bridge window [mem 0x9b800000-0x9b9fffff 64bit pref]
[    1.762041] pci_bus 0000:16: on NUMA node 0
[    1.762118] ACPI: PCI Root Bridge [PC02] (domain 0000 [bus 30-49])
[    1.762121] acpi PNP0A08:02: _OSC: OS supports [ExtendedConfig ASPM ClockPM Segments MSI HPX-Type3]
[    1.775807] acpi PNP0A08:02: _OSC: platform does not support [SHPCHotplug AER]
[    1.776011] acpi PNP0A08:02: _OSC: OS now controls [PCIeHotplug PME PCIeCapability LTR]
[    1.776012] acpi PNP0A08:02: FADT indicates ASPM is unsupported, using BIOS configuration
[    1.776126] PCI host bridge to bus 0000:30
[    1.776127] pci_bus 0000:30: root bus resource [io  0x7000-0x8fff window]
[    1.776128] pci_bus 0000:30: root bus resource [mem 0xa6400000-0xb0ffffff window]
[    1.776130] pci_bus 0000:30: root bus resource [mem 0x220000000000-0x22ffffffffff window]
[    1.776131] pci_bus 0000:30: root bus resource [bus 30-49]
[    1.776145] pci 0000:30:00.0: [8086:09a2] type 00 class 0x088000
[    1.776219] pci 0000:30:00.1: [8086:09a4] type 00 class 0x088000
[    1.776293] pci 0000:30:00.2: [8086:09a3] type 00 class 0x088000
[    1.776362] pci 0000:30:00.4: [8086:0998] type 00 class 0x060000
[    1.776432] pci_bus 0000:30: on NUMA node 0
[    1.776531] ACPI: PCI Root Bridge [PC04] (domain 0000 [bus 4a-63])
[    1.776535] acpi PNP0A08:04: _OSC: OS supports [ExtendedConfig ASPM ClockPM Segments MSI HPX-Type3]
[    1.790235] acpi PNP0A08:04: _OSC: platform does not support [SHPCHotplug AER]
[    1.790438] acpi PNP0A08:04: _OSC: OS now controls [PCIeHotplug PME PCIeCapability LTR]
[    1.790439] acpi PNP0A08:04: FADT indicates ASPM is unsupported, using BIOS configuration
[    1.790552] PCI host bridge to bus 0000:4a
[    1.790553] pci_bus 0000:4a: root bus resource [io  0x9000-0x9fff window]
[    1.790555] pci_bus 0000:4a: root bus resource [mem 0xb1000000-0xbbbfffff window]
[    1.790556] pci_bus 0000:4a: root bus resource [mem 0x230000000000-0x23ffffffffff window]
[    1.790557] pci_bus 0000:4a: root bus resource [bus 4a-63]
[    1.790571] pci 0000:4a:00.0: [8086:09a2] type 00 class 0x088000
[    1.790640] pci 0000:4a:00.1: [8086:09a4] type 00 class 0x088000
[    1.790709] pci 0000:4a:00.2: [8086:09a3] type 00 class 0x088000
[    1.790777] pci 0000:4a:00.4: [8086:0998] type 00 class 0x060000
[    1.790848] pci_bus 0000:4a: on NUMA node 0
[    1.790919] ACPI: PCI Root Bridge [PC05] (domain 0000 [bus 64-7d])
[    1.790922] acpi PNP0A08:05: _OSC: OS supports [ExtendedConfig ASPM ClockPM Segments MSI HPX-Type3]
[    1.804606] acpi PNP0A08:05: _OSC: platform does not support [SHPCHotplug AER]
[    1.804807] acpi PNP0A08:05: _OSC: OS now controls [PCIeHotplug PME PCIeCapability LTR]
[    1.804809] acpi PNP0A08:05: FADT indicates ASPM is unsupported, using BIOS configuration
[    1.804918] PCI host bridge to bus 0000:64
[    1.804919] pci_bus 0000:64: root bus resource [io  0xa000-0xafff window]
[    1.804921] pci_bus 0000:64: root bus resource [mem 0xbbc00000-0xc5ffffff window]
[    1.804922] pci_bus 0000:64: root bus resource [mem 0x240000000000-0x24ffffffffff window]
[    1.804923] pci_bus 0000:64: root bus resource [bus 64-7d]
[    1.804936] pci 0000:64:00.0: [8086:09a2] type 00 class 0x088000
[    1.805007] pci 0000:64:00.1: [8086:09a4] type 00 class 0x088000
[    1.805080] pci 0000:64:00.2: [8086:09a3] type 00 class 0x088000
[    1.805149] pci 0000:64:00.4: [8086:0998] type 00 class 0x060000
[    1.805219] pci_bus 0000:64: on NUMA node 0
[    1.805284] ACPI: PCI Root Bridge [UC06] (domain 0000 [bus 7e])
[    1.805287] acpi PNP0A03:00: _OSC: OS supports [ExtendedConfig ASPM ClockPM Segments MSI HPX-Type3]
[    1.805453] acpi PNP0A03:00: _OSC: platform does not support [SHPCHotplug AER LTR]
[    1.805623] acpi PNP0A03:00: _OSC: OS now controls [PCIeHotplug PME PCIeCapability]
[    1.805624] acpi PNP0A03:00: FADT indicates ASPM is unsupported, using BIOS configuration
[    1.805750] PCI host bridge to bus 0000:7e
[    1.805751] pci_bus 0000:7e: root bus resource [bus 7e]
[    1.805785] pci 0000:7e:00.0: [8086:3450] type 00 class 0x088000
[    1.805867] pci 0000:7e:00.1: [8086:3451] type 00 class 0x088000
[    1.805957] pci 0000:7e:00.2: [8086:3452] type 00 class 0x088000
[    1.806037] pci 0000:7e:00.3: [8086:0998] type 00 class 0x060000
[    1.806116] pci 0000:7e:00.5: [8086:3455] type 00 class 0x088000
[    1.806214] pci 0000:7e:02.0: [8086:3440] type 00 class 0x088000
[    1.806357] pci 0000:7e:02.1: [8086:3441] type 00 class 0x088000
[    1.806488] pci 0000:7e:02.2: [8086:3442] type 00 class 0x088000
[    1.806631] pci 0000:7e:03.0: [8086:3440] type 00 class 0x088000
[    1.806733] pci 0000:7e:03.1: [8086:3441] type 00 class 0x088000
[    1.806833] pci 0000:7e:03.2: [8086:3442] type 00 class 0x088000
[    1.806939] pci 0000:7e:04.0: [8086:3440] type 00 class 0x088000
[    1.807081] pci 0000:7e:04.1: [8086:3441] type 00 class 0x088000
[    1.807221] pci 0000:7e:04.2: [8086:3442] type 00 class 0x088000
[    1.807365] pci 0000:7e:04.3: [8086:3443] type 00 class 0x088000
[    1.807519] pci 0000:7e:05.0: [8086:3445] type 00 class 0x088000
[    1.807655] pci 0000:7e:05.1: [8086:3446] type 00 class 0x088000
[    1.807790] pci 0000:7e:05.2: [8086:3447] type 00 class 0x088000
[    1.807936] pci 0000:7e:06.0: [8086:3445] type 00 class 0x088000
[    1.808038] pci 0000:7e:06.1: [8086:3446] type 00 class 0x088000
[    1.808138] pci 0000:7e:06.2: [8086:3447] type 00 class 0x088000
[    1.808259] pci 0000:7e:07.0: [8086:3445] type 00 class 0x088000
[    1.808408] pci 0000:7e:07.1: [8086:3446] type 00 class 0x088000
[    1.808555] pci 0000:7e:07.2: [8086:3447] type 00 class 0x088000
[    1.808707] pci 0000:7e:0b.0: [8086:3448] type 00 class 0x088000
[    1.808796] pci 0000:7e:0b.1: [8086:3448] type 00 class 0x088000
[    1.808882] pci 0000:7e:0b.2: [8086:344b] type 00 class 0x088000
[    1.808987] pci 0000:7e:0c.0: [8086:344a] type 00 class 0x110100
[    1.809112] pci 0000:7e:0d.0: [8086:344a] type 00 class 0x110100
[    1.809221] pci 0000:7e:0e.0: [8086:344a] type 00 class 0x110100
[    1.809396] pci 0000:7e:0f.0: [8086:344a] type 00 class 0x110100
[    1.809586] pci 0000:7e:1a.0: [8086:2880] type 00 class 0x110100
[    1.809709] pci 0000:7e:1b.0: [8086:2880] type 00 class 0x110100
[    1.809817] pci 0000:7e:1c.0: [8086:2880] type 00 class 0x110100
[    1.809993] pci 0000:7e:1d.0: [8086:2880] type 00 class 0x110100
[    1.810151] pci_bus 0000:7e: on NUMA node 0
[    1.810227] ACPI: PCI Root Bridge [UC07] (domain 0000 [bus 7f])
[    1.810229] acpi PNP0A03:01: _OSC: OS supports [ExtendedConfig ASPM ClockPM Segments MSI HPX-Type3]
[    1.810396] acpi PNP0A03:01: _OSC: platform does not support [SHPCHotplug AER LTR]
[    1.810567] acpi PNP0A03:01: _OSC: OS now controls [PCIeHotplug PME PCIeCapability]
[    1.810568] acpi PNP0A03:01: FADT indicates ASPM is unsupported, using BIOS configuration
[    1.810703] PCI host bridge to bus 0000:7f
[    1.810704] pci_bus 0000:7f: root bus resource [bus 7f]
[    1.810745] pci 0000:7f:00.0: [8086:344c] type 00 class 0x088000
[    1.810873] pci 0000:7f:00.1: [8086:344c] type 00 class 0x088000
[    1.811015] pci 0000:7f:00.2: [8086:344c] type 00 class 0x088000
[    1.811160] pci 0000:7f:00.3: [8086:344c] type 00 class 0x088000
[    1.811274] pci 0000:7f:00.4: [8086:344c] type 00 class 0x088000
[    1.811421] pci 0000:7f:00.5: [8086:344c] type 00 class 0x088000
[    1.811562] pci 0000:7f:00.6: [8086:344c] type 00 class 0x088000
[    1.811665] pci 0000:7f:00.7: [8086:344c] type 00 class 0x088000
[    1.811788] pci 0000:7f:01.0: [8086:344c] type 00 class 0x088000
[    1.811940] pci 0000:7f:01.1: [8086:344c] type 00 class 0x088000
[    1.812087] pci 0000:7f:01.2: [8086:344c] type 00 class 0x088000
[    1.812196] pci 0000:7f:01.3: [8086:344c] type 00 class 0x088000
[    1.812353] pci 0000:7f:01.4: [8086:344c] type 00 class 0x088000
[    1.812511] pci 0000:7f:01.5: [8086:344c] type 00 class 0x088000
[    1.812672] pci 0000:7f:01.6: [8086:344c] type 00 class 0x088000
[    1.812818] pci 0000:7f:01.7: [8086:344c] type 00 class 0x088000
[    1.812987] pci 0000:7f:02.0: [8086:344c] type 00 class 0x088000
[    1.813141] pci 0000:7f:02.1: [8086:344c] type 00 class 0x088000
[    1.813297] pci 0000:7f:02.2: [8086:344c] type 00 class 0x088000
[    1.813460] pci 0000:7f:02.3: [8086:344c] type 00 class 0x088000
[    1.813625] pci 0000:7f:02.4: [8086:344c] type 00 class 0x088000
[    1.813786] pci 0000:7f:02.5: [8086:344c] type 00 class 0x088000
[    1.813950] pci 0000:7f:02.6: [8086:344c] type 00 class 0x088000
[    1.814123] pci 0000:7f:02.7: [8086:344c] type 00 class 0x088000
[    1.814309] pci 0000:7f:03.0: [8086:344c] type 00 class 0x088000
[    1.814477] pci 0000:7f:03.1: [8086:344c] type 00 class 0x088000
[    1.814655] pci 0000:7f:03.2: [8086:344c] type 00 class 0x088000
[    1.814838] pci 0000:7f:03.3: [8086:344c] type 00 class 0x088000
[    1.815037] pci 0000:7f:0a.0: [8086:344d] type 00 class 0x088000
[    1.815161] pci 0000:7f:0a.1: [8086:344d] type 00 class 0x088000
[    1.815297] pci 0000:7f:0a.2: [8086:344d] type 00 class 0x088000
[    1.815434] pci 0000:7f:0a.3: [8086:344d] type 00 class 0x088000
[    1.815550] pci 0000:7f:0a.4: [8086:344d] type 00 class 0x088000
[    1.815695] pci 0000:7f:0a.5: [8086:344d] type 00 class 0x088000
[    1.815837] pci 0000:7f:0a.6: [8086:344d] type 00 class 0x088000
[    1.815945] pci 0000:7f:0a.7: [8086:344d] type 00 class 0x088000
[    1.816068] pci 0000:7f:0b.0: [8086:344d] type 00 class 0x088000
[    1.816224] pci 0000:7f:0b.1: [8086:344d] type 00 class 0x088000
[    1.816371] pci 0000:7f:0b.2: [8086:344d] type 00 class 0x088000
[    1.816476] pci 0000:7f:0b.3: [8086:344d] type 00 class 0x088000
[    1.816633] pci 0000:7f:0b.4: [8086:344d] type 00 class 0x088000
[    1.816792] pci 0000:7f:0b.5: [8086:344d] type 00 class 0x088000
[    1.816953] pci 0000:7f:0b.6: [8086:344d] type 00 class 0x088000
[    1.817105] pci 0000:7f:0b.7: [8086:344d] type 00 class 0x088000
[    1.817273] pci 0000:7f:0c.0: [8086:344d] type 00 class 0x088000
[    1.817428] pci 0000:7f:0c.1: [8086:344d] type 00 class 0x088000
[    1.817585] pci 0000:7f:0c.2: [8086:344d] type 00 class 0x088000
[    1.817743] pci 0000:7f:0c.3: [8086:344d] type 00 class 0x088000
[    1.817908] pci 0000:7f:0c.4: [8086:344d] type 00 class 0x088000
[    1.818070] pci 0000:7f:0c.5: [8086:344d] type 00 class 0x088000
[    1.818235] pci 0000:7f:0c.6: [8086:344d] type 00 class 0x088000
[    1.818414] pci 0000:7f:0c.7: [8086:344d] type 00 class 0x088000
[    1.818600] pci 0000:7f:0d.0: [8086:344d] type 00 class 0x088000
[    1.818770] pci 0000:7f:0d.1: [8086:344d] type 00 class 0x088000
[    1.818951] pci 0000:7f:0d.2: [8086:344d] type 00 class 0x088000
[    1.819126] pci 0000:7f:0d.3: [8086:344d] type 00 class 0x088000
[    1.819334] pci 0000:7f:1d.0: [8086:344f] type 00 class 0x088000
[    1.819468] pci 0000:7f:1d.1: [8086:3457] type 00 class 0x088000
[    1.819613] pci 0000:7f:1e.0: [8086:3458] type 00 class 0x088000
[    1.819706] pci 0000:7f:1e.1: [8086:3459] type 00 class 0x088000
[    1.819795] pci 0000:7f:1e.2: [8086:345a] type 00 class 0x088000
[    1.819885] pci 0000:7f:1e.3: [8086:345b] type 00 class 0x088000
[    1.819973] pci 0000:7f:1e.4: [8086:345c] type 00 class 0x088000
[    1.820060] pci 0000:7f:1e.5: [8086:345d] type 00 class 0x088000
[    1.820147] pci 0000:7f:1e.6: [8086:345e] type 00 class 0x088000
[    1.820235] pci 0000:7f:1e.7: [8086:345f] type 00 class 0x088000
[    1.820310] pci_bus 0000:7f: on NUMA node 0
[    1.820406] ACPI: PCI Root Bridge [PC06] (domain 0000 [bus 80])
[    1.820409] acpi PNP0A08:06: _OSC: OS supports [ExtendedConfig ASPM ClockPM Segments MSI HPX-Type3]
[    1.834111] acpi PNP0A08:06: _OSC: platform does not support [SHPCHotplug AER]
[    1.834313] acpi PNP0A08:06: _OSC: OS now controls [PCIeHotplug PME PCIeCapability LTR]
[    1.834314] acpi PNP0A08:06: FADT indicates ASPM is unsupported, using BIOS configuration
[    1.834453] PCI host bridge to bus 0000:80
[    1.834454] pci_bus 0000:80: root bus resource [io  0xb000-0xbfff window]
[    1.834456] pci_bus 0000:80: root bus resource [mem 0xc6800000-0xd0ffffff window]
[    1.834457] pci_bus 0000:80: root bus resource [mem 0x250000000000-0x25ffffffffff window]
[    1.834458] pci_bus 0000:80: root bus resource [bus 80]
[    1.834490] pci 0000:80:00.0: [8086:09a2] type 00 class 0x088000
[    1.834585] pci 0000:80:00.1: [8086:09a4] type 00 class 0x088000
[    1.834674] pci 0000:80:00.2: [8086:09a3] type 00 class 0x088000
[    1.834764] pci 0000:80:00.4: [8086:0998] type 00 class 0x060000
[    1.834856] pci 0000:80:02.0: [8086:09a6] type 00 class 0x088000
[    1.834865] pci 0000:80:02.0: reg 0x10: [mem 0xc6aa4000-0xc6aa5fff]
[    1.834944] pci 0000:80:02.1: [8086:09a7] type 00 class 0x088000
[    1.834952] pci 0000:80:02.1: reg 0x10: [mem 0xc6a00000-0xc6a7ffff]
[    1.834958] pci 0000:80:02.1: reg 0x14: [mem 0xc6980000-0xc69fffff]
[    1.835045] pci 0000:80:02.4: [8086:3456] type 00 class 0x130000
[    1.835056] pci 0000:80:02.4: reg 0x10: [mem 0xc6800000-0xc68fffff 64bit]
[    1.835063] pci 0000:80:02.4: reg 0x18: [mem 0xc6aa0000-0xc6aa3fff 64bit]
[    1.835070] pci 0000:80:02.4: reg 0x20: [mem 0xc6a80000-0xc6a9ffff 64bit]
[    1.835133] pci_bus 0000:80: on NUMA node 1
[    1.835209] ACPI: PCI Root Bridge [PC07] (domain 0000 [bus 81])
[    1.835212] acpi PNP0A08:07: _OSC: OS supports [ExtendedConfig ASPM ClockPM Segments MSI HPX-Type3]
[    1.848890] acpi PNP0A08:07: _OSC: platform does not support [SHPCHotplug AER]
[    1.849091] acpi PNP0A08:07: _OSC: OS now controls [PCIeHotplug PME PCIeCapability LTR]
[    1.849093] acpi PNP0A08:07: FADT indicates ASPM is unsupported, using BIOS configuration
[    1.849204] PCI host bridge to bus 0000:81
[    1.849205] pci_bus 0000:81: root bus resource [io  0xc000-0xcfff window]
[    1.849206] pci_bus 0000:81: root bus resource [mem 0xd1000000-0xdbbfffff window]
[    1.849207] pci_bus 0000:81: root bus resource [mem 0x260000000000-0x26ffffffffff window]
[    1.849209] pci_bus 0000:81: root bus resource [bus 81]
[    1.849223] pci 0000:81:00.0: [8086:09a2] type 00 class 0x088000
[    1.849299] pci 0000:81:00.1: [8086:09a4] type 00 class 0x088000
[    1.849377] pci 0000:81:00.2: [8086:09a3] type 00 class 0x088000
[    1.849452] pci 0000:81:00.4: [8086:0998] type 00 class 0x060000
[    1.849532] pci_bus 0000:81: on NUMA node 1
[    1.849609] ACPI: PCI Root Bridge [PC08] (domain 0000 [bus 82])
[    1.849611] acpi PNP0A08:08: _OSC: OS supports [ExtendedConfig ASPM ClockPM Segments MSI HPX-Type3]
[    1.863293] acpi PNP0A08:08: _OSC: platform does not support [SHPCHotplug AER]
[    1.863495] acpi PNP0A08:08: _OSC: OS now controls [PCIeHotplug PME PCIeCapability LTR]
[    1.863496] acpi PNP0A08:08: FADT indicates ASPM is unsupported, using BIOS configuration
[    1.863606] PCI host bridge to bus 0000:82
[    1.863607] pci_bus 0000:82: root bus resource [io  0xd000-0xdfff window]
[    1.863608] pci_bus 0000:82: root bus resource [mem 0xdbc00000-0xe67fffff window]
[    1.863609] pci_bus 0000:82: root bus resource [mem 0x270000000000-0x27ffffffffff window]
[    1.863611] pci_bus 0000:82: root bus resource [bus 82]
[    1.863625] pci 0000:82:00.0: [8086:09a2] type 00 class 0x088000
[    1.863700] pci 0000:82:00.1: [8086:09a4] type 00 class 0x088000
[    1.863775] pci 0000:82:00.2: [8086:09a3] type 00 class 0x088000
[    1.863849] pci 0000:82:00.4: [8086:0998] type 00 class 0x060000
[    1.863928] pci_bus 0000:82: on NUMA node 1
[    1.864025] ACPI: PCI Root Bridge [PC10] (domain 0000 [bus 83-f9])
[    1.864027] acpi PNP0A08:0a: _OSC: OS supports [ExtendedConfig ASPM ClockPM Segments MSI HPX-Type3]
[    1.877741] acpi PNP0A08:0a: _OSC: platform does not support [SHPCHotplug AER]
[    1.877943] acpi PNP0A08:0a: _OSC: OS now controls [PCIeHotplug PME PCIeCapability LTR]
[    1.877944] acpi PNP0A08:0a: FADT indicates ASPM is unsupported, using BIOS configuration
[    1.878063] PCI host bridge to bus 0000:83
[    1.878064] pci_bus 0000:83: root bus resource [io  0xe000-0xefff window]
[    1.878065] pci_bus 0000:83: root bus resource [mem 0xe6800000-0xf13fffff window]
[    1.878067] pci_bus 0000:83: root bus resource [mem 0x280000000000-0x28ffffffffff window]
[    1.878068] pci_bus 0000:83: root bus resource [bus 83-f9]
[    1.878083] pci 0000:83:00.0: [8086:09a2] type 00 class 0x088000
[    1.878161] pci 0000:83:00.1: [8086:09a4] type 00 class 0x088000
[    1.878241] pci 0000:83:00.2: [8086:09a3] type 00 class 0x088000
[    1.878318] pci 0000:83:00.4: [8086:0998] type 00 class 0x060000
[    1.878399] pci_bus 0000:83: on NUMA node 1
[    1.878469] ACPI: PCI Root Bridge [PC11] (domain 0000 [bus fa])
[    1.878471] acpi PNP0A08:0b: _OSC: OS supports [ExtendedConfig ASPM ClockPM Segments MSI HPX-Type3]
[    1.892232] acpi PNP0A08:0b: _OSC: platform does not support [SHPCHotplug AER]
[    1.892434] acpi PNP0A08:0b: _OSC: OS now controls [PCIeHotplug PME PCIeCapability LTR]
[    1.892435] acpi PNP0A08:0b: FADT indicates ASPM is unsupported, using BIOS configuration
[    1.892545] PCI host bridge to bus 0000:fa
[    1.892546] pci_bus 0000:fa: root bus resource [io  0xf000-0xffff window]
[    1.892547] pci_bus 0000:fa: root bus resource [mem 0xf1400000-0xfb7fffff window]
[    1.892548] pci_bus 0000:fa: root bus resource [mem 0x290000000000-0x29ffffffffff window]
[    1.892550] pci_bus 0000:fa: root bus resource [bus fa]
[    1.892564] pci 0000:fa:00.0: [8086:09a2] type 00 class 0x088000
[    1.892640] pci 0000:fa:00.1: [8086:09a4] type 00 class 0x088000
[    1.892715] pci 0000:fa:00.2: [8086:09a3] type 00 class 0x088000
[    1.892791] pci 0000:fa:00.4: [8086:0998] type 00 class 0x060000
[    1.892872] pci_bus 0000:fa: on NUMA node 1
[    1.892935] ACPI: PCI Root Bridge [UC16] (domain 0000 [bus fe])
[    1.892937] acpi PNP0A03:02: _OSC: OS supports [ExtendedConfig ASPM ClockPM Segments MSI HPX-Type3]
[    1.893103] acpi PNP0A03:02: _OSC: platform does not support [SHPCHotplug AER LTR]
[    1.893273] acpi PNP0A03:02: _OSC: OS now controls [PCIeHotplug PME PCIeCapability]
[    1.893274] acpi PNP0A03:02: FADT indicates ASPM is unsupported, using BIOS configuration
[    1.893396] PCI host bridge to bus 0000:fe
[    1.893397] pci_bus 0000:fe: root bus resource [bus fe]
[    1.893429] pci 0000:fe:00.0: [8086:3450] type 00 class 0x088000
[    1.893514] pci 0000:fe:00.1: [8086:3451] type 00 class 0x088000
[    1.893598] pci 0000:fe:00.2: [8086:3452] type 00 class 0x088000
[    1.893680] pci 0000:fe:00.3: [8086:0998] type 00 class 0x060000
[    1.893761] pci 0000:fe:00.5: [8086:3455] type 00 class 0x088000
[    1.893862] pci 0000:fe:02.0: [8086:3440] type 00 class 0x088000
[    1.894007] pci 0000:fe:02.1: [8086:3441] type 00 class 0x088000
[    1.894142] pci 0000:fe:02.2: [8086:3442] type 00 class 0x088000
[    1.894287] pci 0000:fe:03.0: [8086:3440] type 00 class 0x088000
[    1.894394] pci 0000:fe:03.1: [8086:3441] type 00 class 0x088000
[    1.894500] pci 0000:fe:03.2: [8086:3442] type 00 class 0x088000
[    1.894610] pci 0000:fe:04.0: [8086:3440] type 00 class 0x088000
[    1.894756] pci 0000:fe:04.1: [8086:3441] type 00 class 0x088000
[    1.894898] pci 0000:fe:04.2: [8086:3442] type 00 class 0x088000
[    1.895041] pci 0000:fe:04.3: [8086:3443] type 00 class 0x088000
[    1.895198] pci 0000:fe:05.0: [8086:3445] type 00 class 0x088000
[    1.895341] pci 0000:fe:05.1: [8086:3446] type 00 class 0x088000
[    1.895480] pci 0000:fe:05.2: [8086:3447] type 00 class 0x088000
[    1.895634] pci 0000:fe:06.0: [8086:3445] type 00 class 0x088000
[    1.895740] pci 0000:fe:06.1: [8086:3446] type 00 class 0x088000
[    1.895843] pci 0000:fe:06.2: [8086:3447] type 00 class 0x088000
[    1.895967] pci 0000:fe:07.0: [8086:3445] type 00 class 0x088000
[    1.896116] pci 0000:fe:07.1: [8086:3446] type 00 class 0x088000
[    1.896261] pci 0000:fe:07.2: [8086:3447] type 00 class 0x088000
[    1.896415] pci 0000:fe:0b.0: [8086:3448] type 00 class 0x088000
[    1.896506] pci 0000:fe:0b.1: [8086:3448] type 00 class 0x088000
[    1.896597] pci 0000:fe:0b.2: [8086:344b] type 00 class 0x088000
[    1.896703] pci 0000:fe:0c.0: [8086:344a] type 00 class 0x110100
[    1.896832] pci 0000:fe:0d.0: [8086:344a] type 00 class 0x110100
[    1.896948] pci 0000:fe:0e.0: [8086:344a] type 00 class 0x110100
[    1.897122] pci 0000:fe:0f.0: [8086:344a] type 00 class 0x110100
[    1.897317] pci 0000:fe:1a.0: [8086:2880] type 00 class 0x110100
[    1.897443] pci 0000:fe:1b.0: [8086:2880] type 00 class 0x110100
[    1.897555] pci 0000:fe:1c.0: [8086:2880] type 00 class 0x110100
[    1.897738] pci 0000:fe:1d.0: [8086:2880] type 00 class 0x110100
[    1.897900] pci_bus 0000:fe: on NUMA node 1
[    1.897977] ACPI: PCI Root Bridge [UC17] (domain 0000 [bus ff])
[    1.897980] acpi PNP0A03:03: _OSC: OS supports [ExtendedConfig ASPM ClockPM Segments MSI HPX-Type3]
[    1.898146] acpi PNP0A03:03: _OSC: platform does not support [SHPCHotplug AER LTR]
[    1.898316] acpi PNP0A03:03: _OSC: OS now controls [PCIeHotplug PME PCIeCapability]
[    1.898317] acpi PNP0A03:03: FADT indicates ASPM is unsupported, using BIOS configuration
[    1.898452] PCI host bridge to bus 0000:ff
[    1.898453] pci_bus 0000:ff: root bus resource [bus ff]
[    1.898495] pci 0000:ff:00.0: [8086:344c] type 00 class 0x088000
[    1.898632] pci 0000:ff:00.1: [8086:344c] type 00 class 0x088000
[    1.898771] pci 0000:ff:00.2: [8086:344c] type 00 class 0x088000
[    1.898898] pci 0000:ff:00.3: [8086:344c] type 00 class 0x088000
[    1.899046] pci 0000:ff:00.4: [8086:344c] type 00 class 0x088000
[    1.899188] pci 0000:ff:00.5: [8086:344c] type 00 class 0x088000
[    1.899308] pci 0000:ff:00.6: [8086:344c] type 00 class 0x088000
[    1.899466] pci 0000:ff:00.7: [8086:344c] type 00 class 0x088000
[    1.899633] pci 0000:ff:01.0: [8086:344c] type 00 class 0x088000
[    1.899796] pci 0000:ff:01.1: [8086:344c] type 00 class 0x088000
[    1.899946] pci 0000:ff:01.2: [8086:344c] type 00 class 0x088000
[    1.900058] pci 0000:ff:01.3: [8086:344c] type 00 class 0x088000
[    1.900220] pci 0000:ff:01.4: [8086:344c] type 00 class 0x088000
[    1.900384] pci 0000:ff:01.5: [8086:344c] type 00 class 0x088000
[    1.900551] pci 0000:ff:01.6: [8086:344c] type 00 class 0x088000
[    1.900707] pci 0000:ff:01.7: [8086:344c] type 00 class 0x088000
[    1.900881] pci 0000:ff:02.0: [8086:344c] type 00 class 0x088000
[    1.901040] pci 0000:ff:02.1: [8086:344c] type 00 class 0x088000
[    1.901198] pci 0000:ff:02.2: [8086:344c] type 00 class 0x088000
[    1.901361] pci 0000:ff:02.3: [8086:344c] type 00 class 0x088000
[    1.901524] pci 0000:ff:02.4: [8086:344c] type 00 class 0x088000
[    1.901687] pci 0000:ff:02.5: [8086:344c] type 00 class 0x088000
[    1.901857] pci 0000:ff:02.6: [8086:344c] type 00 class 0x088000
[    1.902039] pci 0000:ff:02.7: [8086:344c] type 00 class 0x088000
[    1.902232] pci 0000:ff:03.0: [8086:344c] type 00 class 0x088000
[    1.902410] pci 0000:ff:03.1: [8086:344c] type 00 class 0x088000
[    1.902584] pci 0000:ff:03.2: [8086:344c] type 00 class 0x088000
[    1.902768] pci 0000:ff:03.3: [8086:344c] type 00 class 0x088000
[    1.902973] pci 0000:ff:0a.0: [8086:344d] type 00 class 0x088000
[    1.903103] pci 0000:ff:0a.1: [8086:344d] type 00 class 0x088000
[    1.903241] pci 0000:ff:0a.2: [8086:344d] type 00 class 0x088000
[    1.903372] pci 0000:ff:0a.3: [8086:344d] type 00 class 0x088000
[    1.903518] pci 0000:ff:0a.4: [8086:344d] type 00 class 0x088000
[    1.903660] pci 0000:ff:0a.5: [8086:344d] type 00 class 0x088000
[    1.903780] pci 0000:ff:0a.6: [8086:344d] type 00 class 0x088000
[    1.903932] pci 0000:ff:0a.7: [8086:344d] type 00 class 0x088000
[    1.904097] pci 0000:ff:0b.0: [8086:344d] type 00 class 0x088000
[    1.904255] pci 0000:ff:0b.1: [8086:344d] type 00 class 0x088000
[    1.904404] pci 0000:ff:0b.2: [8086:344d] type 00 class 0x088000
[    1.904518] pci 0000:ff:0b.3: [8086:344d] type 00 class 0x088000
[    1.904680] pci 0000:ff:0b.4: [8086:344d] type 00 class 0x088000
[    1.904843] pci 0000:ff:0b.5: [8086:344d] type 00 class 0x088000
[    1.905011] pci 0000:ff:0b.6: [8086:344d] type 00 class 0x088000
[    1.905163] pci 0000:ff:0b.7: [8086:344d] type 00 class 0x088000
[    1.905335] pci 0000:ff:0c.0: [8086:344d] type 00 class 0x088000
[    1.905494] pci 0000:ff:0c.1: [8086:344d] type 00 class 0x088000
[    1.905653] pci 0000:ff:0c.2: [8086:344d] type 00 class 0x088000
[    1.905822] pci 0000:ff:0c.3: [8086:344d] type 00 class 0x088000
[    1.905984] pci 0000:ff:0c.4: [8086:344d] type 00 class 0x088000
[    1.906148] pci 0000:ff:0c.5: [8086:344d] type 00 class 0x088000
[    1.906317] pci 0000:ff:0c.6: [8086:344d] type 00 class 0x088000
[    1.906486] pci 0000:ff:0c.7: [8086:344d] type 00 class 0x088000
[    1.906679] pci 0000:ff:0d.0: [8086:344d] type 00 class 0x088000
[    1.906860] pci 0000:ff:0d.1: [8086:344d] type 00 class 0x088000
[    1.907033] pci 0000:ff:0d.2: [8086:344d] type 00 class 0x088000
[    1.907224] pci 0000:ff:0d.3: [8086:344d] type 00 class 0x088000
[    1.907439] pci 0000:ff:1d.0: [8086:344f] type 00 class 0x088000
[    1.907577] pci 0000:ff:1d.1: [8086:3457] type 00 class 0x088000
[    1.907728] pci 0000:ff:1e.0: [8086:3458] type 00 class 0x088000
[    1.907826] pci 0000:ff:1e.1: [8086:3459] type 00 class 0x088000
[    1.907918] pci 0000:ff:1e.2: [8086:345a] type 00 class 0x088000
[    1.908009] pci 0000:ff:1e.3: [8086:345b] type 00 class 0x088000
[    1.908101] pci 0000:ff:1e.4: [8086:345c] type 00 class 0x088000
[    1.908197] pci 0000:ff:1e.5: [8086:345d] type 00 class 0x088000
[    1.908288] pci 0000:ff:1e.6: [8086:345e] type 00 class 0x088000
[    1.908378] pci 0000:ff:1e.7: [8086:345f] type 00 class 0x088000
[    1.908453] pci_bus 0000:ff: on NUMA node 1
[    1.911025] iommu: Default domain type: Translated 
[    1.911025] iommu: DMA domain TLB invalidation policy: lazy mode 
[    1.911032] pci 0000:03:00.0: vgaarb: setting as boot VGA device
[    1.911032] pci 0000:03:00.0: vgaarb: VGA device added: decodes=io+mem,owns=io+mem,locks=none
[    1.911071] pci 0000:03:00.0: vgaarb: bridge control possible
[    1.911072] vgaarb: loaded
[    1.911251] SCSI subsystem initialized
[    1.911292] libata version 3.00 loaded.
[    1.911292] ACPI: bus type USB registered
[    1.911292] usbcore: registered new interface driver usbfs
[    1.911292] usbcore: registered new interface driver hub
[    1.911292] usbcore: registered new device driver usb
[    1.911292] pps_core: LinuxPPS API ver. 1 registered
[    1.911292] pps_core: Software ver. 5.3.6 - Copyright 2005-2007 Rodolfo Giometti <giometti@linux.it>
[    1.911292] PTP clock support registered
[    1.911292] EDAC MC: Ver: 3.0.0
[    1.911693] Registered efivars operations
[    1.911693] NetLabel: Initializing
[    1.911693] NetLabel:  domain hash size = 128
[    1.911693] NetLabel:  protocols = UNLABELED CIPSOv4 CALIPSO
[    1.911693] NetLabel:  unlabeled traffic allowed by default
[    1.911693] PCI: Using ACPI for IRQ routing
[    1.914412] PCI: pci_cache_line_size set to 64 bytes
[    1.914960] e820: reserve RAM buffer [mem 0x0008f000-0x0008ffff]
[    1.914962] e820: reserve RAM buffer [mem 0x46cc5020-0x47ffffff]
[    1.914964] e820: reserve RAM buffer [mem 0x46cf7020-0x47ffffff]
[    1.914965] e820: reserve RAM buffer [mem 0x46d2a020-0x47ffffff]
[    1.914966] e820: reserve RAM buffer [mem 0x46d5d020-0x47ffffff]
[    1.914967] e820: reserve RAM buffer [mem 0x49e77000-0x4bffffff]
[    1.914968] e820: reserve RAM buffer [mem 0x4b2cf000-0x4bffffff]
[    1.914969] e820: reserve RAM buffer [mem 0x4bd94000-0x4bffffff]
[    1.914970] e820: reserve RAM buffer [mem 0x4ce00000-0x4fffffff]
[    1.914971] e820: reserve RAM buffer [mem 0x5eefe000-0x5fffffff]
[    1.914972] e820: reserve RAM buffer [mem 0x6f800000-0x6fffffff]
[    1.920290] hpet0: at MMIO 0xfed00000, IRQs 2, 8, 0, 0, 0, 0, 0, 0
[    1.920297] hpet0: 8 comparators, 64-bit 24.000000 MHz counter
[    1.922551] clocksource: Switched to clocksource tsc-early
[    1.927550] VFS: Disk quotas dquot_6.6.0
[    1.927602] VFS: Dquot-cache hash table entries: 512 (order 0, 4096 bytes)
[    1.927748] AppArmor: AppArmor Filesystem Enabled
[    1.927766] pnp: PnP ACPI init
[    1.942982] system 00:01: [io  0x0500-0x05fe] has been reserved
[    1.942985] system 00:01: [io  0x0400-0x041f] has been reserved
[    1.942986] system 00:01: [io  0x0600-0x061f] has been reserved
[    1.942988] system 00:01: [io  0x0ca0-0x0ca1] has been reserved
[    1.942989] system 00:01: [io  0x0ca4-0x0ca6] has been reserved
[    1.942991] system 00:01: [mem 0xff000000-0xffffffff] has been reserved
[    1.943575] system 00:04: [mem 0xfd000000-0xfdabffff] has been reserved
[    1.943577] system 00:04: [mem 0xfdad0000-0xfdadffff] has been reserved
[    1.943579] system 00:04: [mem 0xfdb00000-0xfdffffff] has been reserved
[    1.943580] system 00:04: [mem 0xfe000000-0xfe00ffff] has been reserved
[    1.943581] system 00:04: [mem 0xfe011000-0xfe01ffff] has been reserved
[    1.943583] system 00:04: [mem 0xfe036000-0xfe03bfff] has been reserved
[    1.943584] system 00:04: [mem 0xfe03d000-0xfe3fffff] has been reserved
[    1.943586] system 00:04: [mem 0xfe410000-0xfe7fffff] has been reserved
[    1.943906] system 00:05: [io  0x1000-0x10fe] has been reserved
[    1.944873] pnp: PnP ACPI: found 6 devices
[    1.950476] clocksource: acpi_pm: mask: 0xffffff max_cycles: 0xffffff, max_idle_ns: 2085701024 ns
[    1.950558] NET: Registered PF_INET protocol family
[    1.950893] IP idents hash table entries: 262144 (order: 9, 2097152 bytes, vmalloc)
[    1.953020] tcp_listen_portaddr_hash hash table entries: 16384 (order: 6, 262144 bytes, vmalloc)
[    1.953359] TCP established hash table entries: 262144 (order: 9, 2097152 bytes, vmalloc)
[    1.953748] TCP bind hash table entries: 65536 (order: 8, 1048576 bytes, vmalloc)
[    1.953811] TCP: Hash tables configured (established 262144 bind 65536)
[    1.954002] UDP hash table entries: 16384 (order: 7, 524288 bytes, vmalloc)
[    1.954116] UDP-Lite hash table entries: 16384 (order: 7, 524288 bytes, vmalloc)
[    1.954325] NET: Registered PF_UNIX/PF_LOCAL protocol family
[    1.954331] NET: Registered PF_XDP protocol family
[    1.954342] pci 0000:04:00.0: can't claim BAR 6 [mem 0xfffc0000-0xffffffff pref]: no compatible bridge window
[    1.954345] pci 0000:04:00.1: can't claim BAR 6 [mem 0xfffc0000-0xffffffff pref]: no compatible bridge window
[    1.954347] pci 0000:17:00.0: can't claim BAR 6 [mem 0xfff00000-0xffffffff pref]: no compatible bridge window
[    1.954362] pci 0000:00:1c.5: BAR 14: assigned [mem 0x90000000-0x900fffff]
[    1.954365] pci 0000:00:1c.0: PCI bridge to [bus 01]
[    1.954374] pci 0000:02:00.0: PCI bridge to [bus 03]
[    1.954379] pci 0000:02:00.0:   bridge window [mem 0x92000000-0x928fffff]
[    1.954383] pci 0000:02:00.0:   bridge window [mem 0x91000000-0x91ffffff 64bit pref]
[    1.954389] pci 0000:00:1c.4: PCI bridge to [bus 02-03]
[    1.954393] pci 0000:00:1c.4:   bridge window [mem 0x92000000-0x928fffff]
[    1.954395] pci 0000:00:1c.4:   bridge window [mem 0x91000000-0x91ffffff 64bit pref]
[    1.954400] pci 0000:04:00.0: BAR 6: assigned [mem 0x90000000-0x9003ffff pref]
[    1.954402] pci 0000:04:00.1: BAR 6: assigned [mem 0x90040000-0x9007ffff pref]
[    1.954404] pci 0000:00:1c.5: PCI bridge to [bus 04]
[    1.954407] pci 0000:00:1c.5:   bridge window [mem 0x90000000-0x900fffff]
[    1.954409] pci 0000:00:1c.5:   bridge window [mem 0x92900000-0x929fffff 64bit pref]
[    1.954414] pci_bus 0000:00: resource 4 [io  0x0000-0x0cf7 window]
[    1.954415] pci_bus 0000:00: resource 5 [io  0x1000-0x4fff window]
[    1.954417] pci_bus 0000:00: resource 6 [mem 0x000a0000-0x000bffff window]
[    1.954418] pci_bus 0000:00: resource 7 [mem 0x000c8000-0x000cffff window]
[    1.954419] pci_bus 0000:00: resource 8 [mem 0xfe010000-0xfe010fff window]
[    1.954421] pci_bus 0000:00: resource 9 [mem 0x90000000-0x9b7fffff window]
[    1.954422] pci_bus 0000:00: resource 10 [mem 0x200000000000-0x20ffffffffff window]
[    1.954424] pci_bus 0000:02: resource 1 [mem 0x92000000-0x928fffff]
[    1.954425] pci_bus 0000:02: resource 2 [mem 0x91000000-0x91ffffff 64bit pref]
[    1.954426] pci_bus 0000:03: resource 1 [mem 0x92000000-0x928fffff]
[    1.954427] pci_bus 0000:03: resource 2 [mem 0x91000000-0x91ffffff 64bit pref]
[    1.954428] pci_bus 0000:04: resource 1 [mem 0x90000000-0x900fffff]
[    1.954429] pci_bus 0000:04: resource 2 [mem 0x92900000-0x929fffff 64bit pref]
[    1.954497] pci 0000:17:00.0: BAR 6: no space for [mem size 0x00100000 pref]
[    1.954499] pci 0000:17:00.0: BAR 6: failed to assign [mem size 0x00100000 pref]
[    1.954500] pci 0000:16:02.0: PCI bridge to [bus 17]
[    1.954502] pci 0000:16:02.0:   bridge window [io  0x5000-0x5fff]
[    1.954505] pci 0000:16:02.0:   bridge window [mem 0x9ba00000-0x9bafffff]
[    1.954507] pci 0000:16:02.0:   bridge window [mem 0x9b800000-0x9b9fffff 64bit pref]
[    1.954511] pci_bus 0000:16: resource 4 [io  0x5000-0x6fff window]
[    1.954512] pci_bus 0000:16: resource 5 [mem 0x9b800000-0xa63fffff window]
[    1.954513] pci_bus 0000:16: resource 6 [mem 0x210000000000-0x21ffffffffff window]
[    1.954514] pci_bus 0000:17: resource 0 [io  0x5000-0x5fff]
[    1.954515] pci_bus 0000:17: resource 1 [mem 0x9ba00000-0x9bafffff]
[    1.954516] pci_bus 0000:17: resource 2 [mem 0x9b800000-0x9b9fffff 64bit pref]
[    1.954523] pci_bus 0000:30: resource 4 [io  0x7000-0x8fff window]
[    1.954524] pci_bus 0000:30: resource 5 [mem 0xa6400000-0xb0ffffff window]
[    1.954525] pci_bus 0000:30: resource 6 [mem 0x220000000000-0x22ffffffffff window]
[    1.954530] pci_bus 0000:4a: resource 4 [io  0x9000-0x9fff window]
[    1.954531] pci_bus 0000:4a: resource 5 [mem 0xb1000000-0xbbbfffff window]
[    1.954532] pci_bus 0000:4a: resource 6 [mem 0x230000000000-0x23ffffffffff window]
[    1.954538] pci_bus 0000:64: resource 4 [io  0xa000-0xafff window]
[    1.954539] pci_bus 0000:64: resource 5 [mem 0xbbc00000-0xc5ffffff window]
[    1.954540] pci_bus 0000:64: resource 6 [mem 0x240000000000-0x24ffffffffff window]
[    1.954569] pci_bus 0000:80: resource 4 [io  0xb000-0xbfff window]
[    1.954570] pci_bus 0000:80: resource 5 [mem 0xc6800000-0xd0ffffff window]
[    1.954571] pci_bus 0000:80: resource 6 [mem 0x250000000000-0x25ffffffffff window]
[    1.954577] pci_bus 0000:81: resource 4 [io  0xc000-0xcfff window]
[    1.954579] pci_bus 0000:81: resource 5 [mem 0xd1000000-0xdbbfffff window]
[    1.954580] pci_bus 0000:81: resource 6 [mem 0x260000000000-0x26ffffffffff window]
[    1.954585] pci_bus 0000:82: resource 4 [io  0xd000-0xdfff window]
[    1.954586] pci_bus 0000:82: resource 5 [mem 0xdbc00000-0xe67fffff window]
