[    0.000000] Linux version 5.18.0 (xmu@xmu-PowerEdge-R750) (gcc (Ubuntu 8.4.0-1ubuntu1~18.04) 8.4.0, GNU ld (GNU Binutils for Ubuntu) 2.30) #1 SMP PREEMPT_DYNAMIC Sat Apr 6 15:16:25 CST 2024
[    0.000000] Command line: BOOT_IMAGE=/boot/vmlinuz-5.18.0 root=UUID=ce0c24b8-724b-4f33-9b2c-618433560aef ro memmap=48196M!4096M memmap=59G!64G quiet splash nomodeset vt.handoff=1
[    0.000000] KERNEL supported cpus:
[    0.000000]   Intel GenuineIntel
[    0.000000]   AMD AuthenticAMD
[    0.000000]   Hygon HygonGenuine
[    0.000000]   Centaur CentaurHauls
[    0.000000]   zhaoxin   Shanghai  
[    0.000000] x86/split lock detection: #AC: crashing the kernel on kernel split_locks and warning on user-space split_locks
[    0.000000] x86/fpu: Supporting XSAVE feature 0x001: 'x87 floating point registers'
[    0.000000] x86/fpu: Supporting XSAVE feature 0x002: 'SSE registers'
[    0.000000] x86/fpu: Supporting XSAVE feature 0x004: 'AVX registers'
[    0.000000] x86/fpu: Supporting XSAVE feature 0x020: 'AVX-512 opmask'
[    0.000000] x86/fpu: Supporting XSAVE feature 0x040: 'AVX-512 Hi256'
[    0.000000] x86/fpu: Supporting XSAVE feature 0x080: 'AVX-512 ZMM_Hi256'
[    0.000000] x86/fpu: Supporting XSAVE feature 0x200: 'Protection Keys User registers'
[    0.000000] x86/fpu: xstate_offset[2]:  576, xstate_sizes[2]:  256
[    0.000000] x86/fpu: xstate_offset[5]:  832, xstate_sizes[5]:   64
[    0.000000] x86/fpu: xstate_offset[6]:  896, xstate_sizes[6]:  512
[    0.000000] x86/fpu: xstate_offset[7]: 1408, xstate_sizes[7]: 1024
[    0.000000] x86/fpu: xstate_offset[9]: 2432, xstate_sizes[9]:    8
[    0.000000] x86/fpu: Enabled xstate features 0x2e7, context size is 2440 bytes, using 'compacted' format.
[    0.000000] signal: max sigframe size: 3632
[    0.000000] BIOS-provided physical RAM map:
[    0.000000] BIOS-e820: [mem 0x0000000000000000-0x000000000008efff] usable
[    0.000000] BIOS-e820: [mem 0x000000000008f000-0x000000000008ffff] reserved
[    0.000000] BIOS-e820: [mem 0x0000000000090000-0x000000000009ffff] usable
[    0.000000] BIOS-e820: [mem 0x00000000000a0000-0x00000000000fffff] reserved
[    0.000000] BIOS-e820: [mem 0x0000000000100000-0x0000000049e76fff] usable
[    0.000000] BIOS-e820: [mem 0x0000000049e77000-0x000000004ae76fff] ACPI NVS
[    0.000000] BIOS-e820: [mem 0x000000004ae77000-0x000000004b2cefff] usable
[    0.000000] BIOS-e820: [mem 0x000000004b2cf000-0x000000004b54dfff] ACPI data
[    0.000000] BIOS-e820: [mem 0x000000004b54e000-0x000000004bd93fff] usable
[    0.000000] BIOS-e820: [mem 0x000000004bd94000-0x000000004be99fff] reserved
[    0.000000] BIOS-e820: [mem 0x000000004be9a000-0x000000004cdfffff] usable
[    0.000000] BIOS-e820: [mem 0x000000004ce00000-0x000000004cffffff] reserved
[    0.000000] BIOS-e820: [mem 0x000000004d000000-0x000000005eefdfff] usable
[    0.000000] BIOS-e820: [mem 0x000000005eefe000-0x000000006e3fefff] reserved
[    0.000000] BIOS-e820: [mem 0x000000006e3ff000-0x000000006f3fefff] ACPI NVS
[    0.000000] BIOS-e820: [mem 0x000000006f3ff000-0x000000006f7fefff] ACPI data
[    0.000000] BIOS-e820: [mem 0x000000006f7ff000-0x000000006f7fffff] usable
[    0.000000] BIOS-e820: [mem 0x000000006f800000-0x000000008fffffff] reserved
[    0.000000] BIOS-e820: [mem 0x00000000fe000000-0x00000000fe010fff] reserved
[    0.000000] BIOS-e820: [mem 0x0000000100000000-0x000000207fffffff] usable
[    0.000000] BIOS-e820: [mem 0x0000002080000000-0x0000011c7fffffff] persistent (type 7)
[    0.000000] BIOS-e820: [mem 0x00001ffc00000000-0x00001fffffffffff] reserved
[    0.000000] NX (Execute Disable) protection: active
[    0.000000] e820: update [mem 0x46d5c020-0x46d6405f] usable ==> usable
[    0.000000] e820: update [mem 0x46d5c020-0x46d6405f] usable ==> usable
[    0.000000] e820: update [mem 0x46d29020-0x46d5bc5f] usable ==> usable
[    0.000000] e820: update [mem 0x46d29020-0x46d5bc5f] usable ==> usable
[    0.000000] e820: update [mem 0x46cf6020-0x46d28c5f] usable ==> usable
[    0.000000] e820: update [mem 0x46cf6020-0x46d28c5f] usable ==> usable
[    0.000000] e820: update [mem 0x46cc4020-0x46cf5a5f] usable ==> usable
[    0.000000] e820: update [mem 0x46cc4020-0x46cf5a5f] usable ==> usable
[    0.000000] extended physical RAM map:
[    0.000000] reserve setup_data: [mem 0x0000000000000000-0x000000000008efff] usable
[    0.000000] reserve setup_data: [mem 0x000000000008f000-0x000000000008ffff] reserved
[    0.000000] reserve setup_data: [mem 0x0000000000090000-0x000000000009ffff] usable
[    0.000000] reserve setup_data: [mem 0x00000000000a0000-0x00000000000fffff] reserved
[    0.000000] reserve setup_data: [mem 0x0000000000100000-0x0000000046cc401f] usable
[    0.000000] reserve setup_data: [mem 0x0000000046cc4020-0x0000000046cf5a5f] usable
[    0.000000] reserve setup_data: [mem 0x0000000046cf5a60-0x0000000046cf601f] usable
[    0.000000] reserve setup_data: [mem 0x0000000046cf6020-0x0000000046d28c5f] usable
[    0.000000] reserve setup_data: [mem 0x0000000046d28c60-0x0000000046d2901f] usable
[    0.000000] reserve setup_data: [mem 0x0000000046d29020-0x0000000046d5bc5f] usable
[    0.000000] reserve setup_data: [mem 0x0000000046d5bc60-0x0000000046d5c01f] usable
[    0.000000] reserve setup_data: [mem 0x0000000046d5c020-0x0000000046d6405f] usable
[    0.000000] reserve setup_data: [mem 0x0000000046d64060-0x0000000049e76fff] usable
[    0.000000] reserve setup_data: [mem 0x0000000049e77000-0x000000004ae76fff] ACPI NVS
[    0.000000] reserve setup_data: [mem 0x000000004ae77000-0x000000004b2cefff] usable
[    0.000000] reserve setup_data: [mem 0x000000004b2cf000-0x000000004b54dfff] ACPI data
[    0.000000] reserve setup_data: [mem 0x000000004b54e000-0x000000004bd93fff] usable
[    0.000000] reserve setup_data: [mem 0x000000004bd94000-0x000000004be99fff] reserved
[    0.000000] reserve setup_data: [mem 0x000000004be9a000-0x000000004cdfffff] usable
[    0.000000] reserve setup_data: [mem 0x000000004ce00000-0x000000004cffffff] reserved
[    0.000000] reserve setup_data: [mem 0x000000004d000000-0x000000005eefdfff] usable
[    0.000000] reserve setup_data: [mem 0x000000005eefe000-0x000000006e3fefff] reserved
[    0.000000] reserve setup_data: [mem 0x000000006e3ff000-0x000000006f3fefff] ACPI NVS
[    0.000000] reserve setup_data: [mem 0x000000006f3ff000-0x000000006f7fefff] ACPI data
[    0.000000] reserve setup_data: [mem 0x000000006f7ff000-0x000000006f7fffff] usable
[    0.000000] reserve setup_data: [mem 0x000000006f800000-0x000000008fffffff] reserved
[    0.000000] reserve setup_data: [mem 0x00000000fe000000-0x00000000fe010fff] reserved
[    0.000000] reserve setup_data: [mem 0x0000000100000000-0x0000000cc43fffff] persistent (type 12)
[    0.000000] reserve setup_data: [mem 0x0000000cc4400000-0x0000000fffffffff] usable
[    0.000000] reserve setup_data: [mem 0x0000001000000000-0x0000001ebfffffff] persistent (type 12)
[    0.000000] reserve setup_data: [mem 0x0000001ec0000000-0x000000207fffffff] usable
[    0.000000] reserve setup_data: [mem 0x0000002080000000-0x0000011c7fffffff] persistent (type 7)
[    0.000000] reserve setup_data: [mem 0x00001ffc00000000-0x00001fffffffffff] reserved
[    0.000000] user-defined physical RAM map:
[    0.000000] user: [mem 0x0000000000000000-0x000000000008efff] usable
[    0.000000] user: [mem 0x000000000008f000-0x000000000008ffff] reserved
[    0.000000] user: [mem 0x0000000000090000-0x000000000009ffff] usable
[    0.000000] user: [mem 0x00000000000a0000-0x00000000000fffff] reserved
[    0.000000] user: [mem 0x0000000000100000-0x0000000046cc401f] usable
[    0.000000] user: [mem 0x0000000046cc4020-0x0000000046cf5a5f] usable
[    0.000000] user: [mem 0x0000000046cf5a60-0x0000000046cf601f] usable
[    0.000000] user: [mem 0x0000000046cf6020-0x0000000046d28c5f] usable
[    0.000000] user: [mem 0x0000000046d28c60-0x0000000046d2901f] usable
[    0.000000] user: [mem 0x0000000046d29020-0x0000000046d5bc5f] usable
[    0.000000] user: [mem 0x0000000046d5bc60-0x0000000046d5c01f] usable
[    0.000000] user: [mem 0x0000000046d5c020-0x0000000046d6405f] usable
[    0.000000] user: [mem 0x0000000046d64060-0x0000000049e76fff] usable
[    0.000000] user: [mem 0x0000000049e77000-0x000000004ae76fff] ACPI NVS
[    0.000000] user: [mem 0x000000004ae77000-0x000000004b2cefff] usable
[    0.000000] user: [mem 0x000000004b2cf000-0x000000004b54dfff] ACPI data
[    0.000000] user: [mem 0x000000004b54e000-0x000000004bd93fff] usable
[    0.000000] user: [mem 0x000000004bd94000-0x000000004be99fff] reserved
[    0.000000] user: [mem 0x000000004be9a000-0x000000004cdfffff] usable
[    0.000000] user: [mem 0x000000004ce00000-0x000000004cffffff] reserved
[    0.000000] user: [mem 0x000000004d000000-0x000000005eefdfff] usable
[    0.000000] user: [mem 0x000000005eefe000-0x000000006e3fefff] reserved
[    0.000000] user: [mem 0x000000006e3ff000-0x000000006f3fefff] ACPI NVS
[    0.000000] user: [mem 0x000000006f3ff000-0x000000006f7fefff] ACPI data
[    0.000000] user: [mem 0x000000006f7ff000-0x000000006f7fffff] usable
[    0.000000] user: [mem 0x000000006f800000-0x000000008fffffff] reserved
[    0.000000] user: [mem 0x00000000fe000000-0x00000000fe010fff] reserved
[    0.000000] user: [mem 0x0000000100000000-0x0000000cc43fffff] persistent (type 12)
[    0.000000] user: [mem 0x0000000cc4400000-0x0000000fffffffff] usable
[    0.000000] user: [mem 0x0000001000000000-0x0000001ebfffffff] persistent (type 12)
[    0.000000] user: [mem 0x0000001ec0000000-0x000000207fffffff] usable
[    0.000000] user: [mem 0x0000002080000000-0x0000011c7fffffff] persistent (type 7)
[    0.000000] user: [mem 0x00001ffc00000000-0x00001fffffffffff] reserved
[    0.000000] efi: EFI v2.70 by Dell Inc.
[    0.000000] efi: ACPI=0x6f7fe000 ACPI 2.0=0x6f7fe014 MEMATTR=0x5b071020 SMBIOS=0x69526000 SMBIOS 3.0=0x69524000 MOKvar=0x5ef81000 RNG=0x5ef8a920 
[    0.000000] efi: seeding entropy pool
[    0.000000] SMBIOS 3.3.0 present.
[    0.000000] DMI: Dell Inc. PowerEdge R750/0K8F35, BIOS 1.10.2 03/03/2023
[    0.000000] tsc: Detected 2000.000 MHz processor
[    0.000007] e820: update [mem 0x00000000-0x00000fff] usable ==> reserved
[    0.000010] e820: remove [mem 0x000a0000-0x000fffff] usable
[    0.000019] last_pfn = 0x2080000 max_arch_pfn = 0x400000000
[    0.000195] x86/PAT: Configuration [0-7]: WB  WC  UC- UC  WB  WP  UC- WT  
[    0.002851] total RAM covered: 2095088M
[    0.002936]  gran_size: 64K 	chunk_size: 64K 	num_reg: 10  	lose cover RAM: 2016G
[    0.002938]  gran_size: 64K 	chunk_size: 128K 	num_reg: 10  	lose cover RAM: 2016G
[    0.002940]  gran_size: 64K 	chunk_size: 256K 	num_reg: 10  	lose cover RAM: 2016G
[    0.002941]  gran_size: 64K 	chunk_size: 512K 	num_reg: 10  	lose cover RAM: 2016G
[    0.002943]  gran_size: 64K 	chunk_size: 1M 	num_reg: 10  	lose cover RAM: 2016G
[    0.002944]  gran_size: 64K 	chunk_size: 2M 	num_reg: 10  	lose cover RAM: 2016G
[    0.002945]  gran_size: 64K 	chunk_size: 4M 	num_reg: 10  	lose cover RAM: 2016G
[    0.002947]  gran_size: 64K 	chunk_size: 8M 	num_reg: 10  	lose cover RAM: 2016G
[    0.002948]  gran_size: 64K 	chunk_size: 16M 	num_reg: 10  	lose cover RAM: 2016G
[    0.002950]  gran_size: 64K 	chunk_size: 32M 	num_reg: 10  	lose cover RAM: 1024G
[    0.002951]  gran_size: 64K 	chunk_size: 64M 	num_reg: 10  	lose cover RAM: 1024G
[    0.002952]  gran_size: 64K 	chunk_size: 128M 	num_reg: 10  	lose cover RAM: 1024G
[    0.002954]  gran_size: 64K 	chunk_size: 256M 	num_reg: 10  	lose cover RAM: 1024G
[    0.002955]  gran_size: 64K 	chunk_size: 512M 	num_reg: 10  	lose cover RAM: 1024G
[    0.002956]  gran_size: 64K 	chunk_size: 1G 	num_reg: 10  	lose cover RAM: 1024G
[    0.002958]  gran_size: 64K 	chunk_size: 2G 	num_reg: 10  	lose cover RAM: 1024G
[    0.002959]  gran_size: 128K 	chunk_size: 128K 	num_reg: 10  	lose cover RAM: 2016G
[    0.002961]  gran_size: 128K 	chunk_size: 256K 	num_reg: 10  	lose cover RAM: 2016G
[    0.002962]  gran_size: 128K 	chunk_size: 512K 	num_reg: 10  	lose cover RAM: 2016G
[    0.002963]  gran_size: 128K 	chunk_size: 1M 	num_reg: 10  	lose cover RAM: 2016G
[    0.002965]  gran_size: 128K 	chunk_size: 2M 	num_reg: 10  	lose cover RAM: 2016G
[    0.002966]  gran_size: 128K 	chunk_size: 4M 	num_reg: 10  	lose cover RAM: 2016G
[    0.002967]  gran_size: 128K 	chunk_size: 8M 	num_reg: 10  	lose cover RAM: 2016G
[    0.002968]  gran_size: 128K 	chunk_size: 16M 	num_reg: 10  	lose cover RAM: 2016G
[    0.002970]  gran_size: 128K 	chunk_size: 32M 	num_reg: 10  	lose cover RAM: 1024G
[    0.002971]  gran_size: 128K 	chunk_size: 64M 	num_reg: 10  	lose cover RAM: 1024G
[    0.002972]  gran_size: 128K 	chunk_size: 128M 	num_reg: 10  	lose cover RAM: 1024G
[    0.002974]  gran_size: 128K 	chunk_size: 256M 	num_reg: 10  	lose cover RAM: 1024G
[    0.002975]  gran_size: 128K 	chunk_size: 512M 	num_reg: 10  	lose cover RAM: 1024G
[    0.002976]  gran_size: 128K 	chunk_size: 1G 	num_reg: 10  	lose cover RAM: 1024G
[    0.002978]  gran_size: 128K 	chunk_size: 2G 	num_reg: 10  	lose cover RAM: 1024G
[    0.002979]  gran_size: 256K 	chunk_size: 256K 	num_reg: 10  	lose cover RAM: 2016G
[    0.002981]  gran_size: 256K 	chunk_size: 512K 	num_reg: 10  	lose cover RAM: 2016G
[    0.002982]  gran_size: 256K 	chunk_size: 1M 	num_reg: 10  	lose cover RAM: 2016G
[    0.002984]  gran_size: 256K 	chunk_size: 2M 	num_reg: 10  	lose cover RAM: 2016G
[    0.002985]  gran_size: 256K 	chunk_size: 4M 	num_reg: 10  	lose cover RAM: 2016G
[    0.002986]  gran_size: 256K 	chunk_size: 8M 	num_reg: 10  	lose cover RAM: 2016G
[    0.002987]  gran_size: 256K 	chunk_size: 16M 	num_reg: 10  	lose cover RAM: 2016G
[    0.002989]  gran_size: 256K 	chunk_size: 32M 	num_reg: 10  	lose cover RAM: 1024G
[    0.002990]  gran_size: 256K 	chunk_size: 64M 	num_reg: 10  	lose cover RAM: 1024G
[    0.002991]  gran_size: 256K 	chunk_size: 128M 	num_reg: 10  	lose cover RAM: 1024G
[    0.002993]  gran_size: 256K 	chunk_size: 256M 	num_reg: 10  	lose cover RAM: 1024G
[    0.002994]  gran_size: 256K 	chunk_size: 512M 	num_reg: 10  	lose cover RAM: 1024G
[    0.002995]  gran_size: 256K 	chunk_size: 1G 	num_reg: 10  	lose cover RAM: 1024G
[    0.002997]  gran_size: 256K 	chunk_size: 2G 	num_reg: 10  	lose cover RAM: 1024G
[    0.002998]  gran_size: 512K 	chunk_size: 512K 	num_reg: 10  	lose cover RAM: 2016G
[    0.002999]  gran_size: 512K 	chunk_size: 1M 	num_reg: 10  	lose cover RAM: 2016G
[    0.003001]  gran_size: 512K 	chunk_size: 2M 	num_reg: 10  	lose cover RAM: 2016G
[    0.003002]  gran_size: 512K 	chunk_size: 4M 	num_reg: 10  	lose cover RAM: 2016G
[    0.003003]  gran_size: 512K 	chunk_size: 8M 	num_reg: 10  	lose cover RAM: 2016G
[    0.003004]  gran_size: 512K 	chunk_size: 16M 	num_reg: 10  	lose cover RAM: 2016G
[    0.003006]  gran_size: 512K 	chunk_size: 32M 	num_reg: 10  	lose cover RAM: 1024G
[    0.003007]  gran_size: 512K 	chunk_size: 64M 	num_reg: 10  	lose cover RAM: 1024G
[    0.003008]  gran_size: 512K 	chunk_size: 128M 	num_reg: 10  	lose cover RAM: 1024G
[    0.003010]  gran_size: 512K 	chunk_size: 256M 	num_reg: 10  	lose cover RAM: 1024G
[    0.003011]  gran_size: 512K 	chunk_size: 512M 	num_reg: 10  	lose cover RAM: 1024G
[    0.003013]  gran_size: 512K 	chunk_size: 1G 	num_reg: 10  	lose cover RAM: 1024G
[    0.003014]  gran_size: 512K 	chunk_size: 2G 	num_reg: 10  	lose cover RAM: 1024G
[    0.003015]  gran_size: 1M 	chunk_size: 1M 	num_reg: 10  	lose cover RAM: 2016G
[    0.003017]  gran_size: 1M 	chunk_size: 2M 	num_reg: 10  	lose cover RAM: 2016G
[    0.003019]  gran_size: 1M 	chunk_size: 4M 	num_reg: 10  	lose cover RAM: 2016G
[    0.003020]  gran_size: 1M 	chunk_size: 8M 	num_reg: 10  	lose cover RAM: 2016G
[    0.003021]  gran_size: 1M 	chunk_size: 16M 	num_reg: 10  	lose cover RAM: 2016G
[    0.003022]  gran_size: 1M 	chunk_size: 32M 	num_reg: 10  	lose cover RAM: 1024G
[    0.003024]  gran_size: 1M 	chunk_size: 64M 	num_reg: 10  	lose cover RAM: 1024G
[    0.003025]  gran_size: 1M 	chunk_size: 128M 	num_reg: 10  	lose cover RAM: 1024G
[    0.003026]  gran_size: 1M 	chunk_size: 256M 	num_reg: 10  	lose cover RAM: 1024G
[    0.003027]  gran_size: 1M 	chunk_size: 512M 	num_reg: 10  	lose cover RAM: 1024G
[    0.003029]  gran_size: 1M 	chunk_size: 1G 	num_reg: 10  	lose cover RAM: 1024G
[    0.003030]  gran_size: 1M 	chunk_size: 2G 	num_reg: 10  	lose cover RAM: 1024G
[    0.003031]  gran_size: 2M 	chunk_size: 2M 	num_reg: 10  	lose cover RAM: 2016G
[    0.003033]  gran_size: 2M 	chunk_size: 4M 	num_reg: 10  	lose cover RAM: 2016G
[    0.003034]  gran_size: 2M 	chunk_size: 8M 	num_reg: 10  	lose cover RAM: 2016G
[    0.003035]  gran_size: 2M 	chunk_size: 16M 	num_reg: 10  	lose cover RAM: 2016G
[    0.003036]  gran_size: 2M 	chunk_size: 32M 	num_reg: 10  	lose cover RAM: 1024G
[    0.003038]  gran_size: 2M 	chunk_size: 64M 	num_reg: 10  	lose cover RAM: 1024G
[    0.003039]  gran_size: 2M 	chunk_size: 128M 	num_reg: 10  	lose cover RAM: 1024G
[    0.003041]  gran_size: 2M 	chunk_size: 256M 	num_reg: 10  	lose cover RAM: 1024G
[    0.003042]  gran_size: 2M 	chunk_size: 512M 	num_reg: 10  	lose cover RAM: 1024G
[    0.003043]  gran_size: 2M 	chunk_size: 1G 	num_reg: 10  	lose cover RAM: 1024G
[    0.003045]  gran_size: 2M 	chunk_size: 2G 	num_reg: 10  	lose cover RAM: 1024G
[    0.003046]  gran_size: 4M 	chunk_size: 4M 	num_reg: 10  	lose cover RAM: 2016G
[    0.003048]  gran_size: 4M 	chunk_size: 8M 	num_reg: 10  	lose cover RAM: 2016G
[    0.003049]  gran_size: 4M 	chunk_size: 16M 	num_reg: 10  	lose cover RAM: 2016G
[    0.003050]  gran_size: 4M 	chunk_size: 32M 	num_reg: 10  	lose cover RAM: 1024G
[    0.003051]  gran_size: 4M 	chunk_size: 64M 	num_reg: 10  	lose cover RAM: 1024G
[    0.003053]  gran_size: 4M 	chunk_size: 128M 	num_reg: 10  	lose cover RAM: 1024G
[    0.003054]  gran_size: 4M 	chunk_size: 256M 	num_reg: 10  	lose cover RAM: 1024G
[    0.003055]  gran_size: 4M 	chunk_size: 512M 	num_reg: 10  	lose cover RAM: 1024G
[    0.003057]  gran_size: 4M 	chunk_size: 1G 	num_reg: 10  	lose cover RAM: 1024G
[    0.003058]  gran_size: 4M 	chunk_size: 2G 	num_reg: 10  	lose cover RAM: 1024G
[    0.003059]  gran_size: 8M 	chunk_size: 8M 	num_reg: 10  	lose cover RAM: 2016G
[    0.003061]  gran_size: 8M 	chunk_size: 16M 	num_reg: 10  	lose cover RAM: 2016G
[    0.003062]  gran_size: 8M 	chunk_size: 32M 	num_reg: 10  	lose cover RAM: 1024G
[    0.003063]  gran_size: 8M 	chunk_size: 64M 	num_reg: 10  	lose cover RAM: 1024G
[    0.003064]  gran_size: 8M 	chunk_size: 128M 	num_reg: 10  	lose cover RAM: 1024G
[    0.003066]  gran_size: 8M 	chunk_size: 256M 	num_reg: 10  	lose cover RAM: 1024G
[    0.003067]  gran_size: 8M 	chunk_size: 512M 	num_reg: 10  	lose cover RAM: 1024G
[    0.003068]  gran_size: 8M 	chunk_size: 1G 	num_reg: 10  	lose cover RAM: 1024G
[    0.003070]  gran_size: 8M 	chunk_size: 2G 	num_reg: 10  	lose cover RAM: 1024G
[    0.003071]  gran_size: 16M 	chunk_size: 16M 	num_reg: 10  	lose cover RAM: 2016G
[    0.003072]  gran_size: 16M 	chunk_size: 32M 	num_reg: 10  	lose cover RAM: 1024G
[    0.003074]  gran_size: 16M 	chunk_size: 64M 	num_reg: 10  	lose cover RAM: 1024G
[    0.003075]  gran_size: 16M 	chunk_size: 128M 	num_reg: 10  	lose cover RAM: 1024G
[    0.003076]  gran_size: 16M 	chunk_size: 256M 	num_reg: 10  	lose cover RAM: 1024G
[    0.003078]  gran_size: 16M 	chunk_size: 512M 	num_reg: 10  	lose cover RAM: 1024G
[    0.003080]  gran_size: 16M 	chunk_size: 1G 	num_reg: 10  	lose cover RAM: 1024G
[    0.003081]  gran_size: 16M 	chunk_size: 2G 	num_reg: 10  	lose cover RAM: 1024G
[    0.003082]  gran_size: 32M 	chunk_size: 32M 	num_reg: 10  	lose cover RAM: 2031632M
[    0.003084]  gran_size: 32M 	chunk_size: 64M 	num_reg: 10  	lose cover RAM: 1048592M
[    0.003085]  gran_size: 32M 	chunk_size: 128M 	num_reg: 10  	lose cover RAM: 1048592M
[    0.003087]  gran_size: 32M 	chunk_size: 256M 	num_reg: 10  	lose cover RAM: 1048592M
[    0.003088]  gran_size: 32M 	chunk_size: 512M 	num_reg: 10  	lose cover RAM: 1048592M
[    0.003089]  gran_size: 32M 	chunk_size: 1G 	num_reg: 10  	lose cover RAM: 1048592M
[    0.003091]  gran_size: 32M 	chunk_size: 2G 	num_reg: 10  	lose cover RAM: 1048592M
[    0.003092]  gran_size: 64M 	chunk_size: 64M 	num_reg: 10  	lose cover RAM: 1966128M
[    0.003093]  gran_size: 64M 	chunk_size: 128M 	num_reg: 10  	lose cover RAM: 1048624M
[    0.003095]  gran_size: 64M 	chunk_size: 256M 	num_reg: 10  	lose cover RAM: 1048624M
[    0.003096]  gran_size: 64M 	chunk_size: 512M 	num_reg: 10  	lose cover RAM: 1048624M
[    0.003097]  gran_size: 64M 	chunk_size: 1G 	num_reg: 10  	lose cover RAM: 1048624M
[    0.003099]  gran_size: 64M 	chunk_size: 2G 	num_reg: 10  	lose cover RAM: 1048624M
[    0.003100]  gran_size: 128M 	chunk_size: 128M 	num_reg: 10  	lose cover RAM: 1835120M
[    0.003101]  gran_size: 128M 	chunk_size: 256M 	num_reg: 10  	lose cover RAM: 1048688M
[    0.003103]  gran_size: 128M 	chunk_size: 512M 	num_reg: 10  	lose cover RAM: 1048688M
[    0.003104]  gran_size: 128M 	chunk_size: 1G 	num_reg: 10  	lose cover RAM: 1048688M
[    0.003106]  gran_size: 128M 	chunk_size: 2G 	num_reg: 10  	lose cover RAM: 1048688M
[    0.003107]  gran_size: 256M 	chunk_size: 256M 	num_reg: 10  	lose cover RAM: 1573104M
[    0.003109]  gran_size: 256M 	chunk_size: 512M 	num_reg: 10  	lose cover RAM: 1048816M
[    0.003110]  gran_size: 256M 	chunk_size: 1G 	num_reg: 10  	lose cover RAM: 1048816M
[    0.003112]  gran_size: 256M 	chunk_size: 2G 	num_reg: 10  	lose cover RAM: 1048816M
[    0.003113]  gran_size: 512M 	chunk_size: 512M 	num_reg: 10  	lose cover RAM: 1049072M
[    0.003114]  gran_size: 512M 	chunk_size: 1G 	num_reg: 10  	lose cover RAM: 1049072M
[    0.003115]  gran_size: 512M 	chunk_size: 2G 	num_reg: 10  	lose cover RAM: 1049072M
[    0.003117]  gran_size: 1G 	chunk_size: 1G 	num_reg: 10  	lose cover RAM: 1008M
[    0.003118]  gran_size: 1G 	chunk_size: 2G 	num_reg: 10  	lose cover RAM: 1008M
[    0.003120]  gran_size: 2G 	chunk_size: 2G 	num_reg: 9  	lose cover RAM: 2032M
[    0.003121] mtrr_cleanup: can not find optimal value
[    0.003122] please specify mtrr_gran_size/mtrr_chunk_size
[    0.003124] e820: update [mem 0x7f000000-0xffffffff] usable ==> reserved
[    0.003127] x2apic: enabled by BIOS, switching to x2apic ops
[    0.003128] last_pfn = 0x6f800 max_arch_pfn = 0x400000000
[    0.014553] Using GB pages for direct mapping
[    0.015857] Secure boot disabled
[    0.015857] RAMDISK: [mem 0x205de61000-0x207fffffff]
[    0.015863] ACPI: Early table checksum verification disabled
[    0.015865] ACPI: RSDP 0x000000006F7FE014 000024 (v02 DELL  )
[    0.015869] ACPI: XSDT 0x000000006F41C188 0000F4 (v01 DELL   PE_SC3   00000000 DELL 01000013)
[    0.015874] ACPI: FACP 0x000000006F430000 000114 (v06 DELL   PE_SC3   00000000 DELL 00000001)
[    0.015880] ACPI: DSDT 0x000000004B4CE000 07FAD3 (v02 DELL   PE_SC3   00000003 DELL 00000001)
[    0.015883] ACPI: FACS 0x000000006F2F2000 000040
[    0.015886] ACPI: SSDT 0x000000006F7FB000 00159A (v02 INTEL  RAS_ACPI 00000001 INTL 20210331)
[    0.015890] ACPI: SSDT 0x000000006F7FA000 000745 (v02 INTEL  ADDRXLAT 00000001 INTL 20210331)
[    0.015893] ACPI: MCEJ 0x000000006F7F9000 000130 (v01 INTEL           00000001 INTL 0100000D)
[    0.015897] ACPI: BERT 0x000000006F7F8000 000030 (v01 DELL   PE_SC3   00000001 INTL 00000001)
[    0.015900] ACPI: ERST 0x000000006F7F7000 000230 (v01 DELL   PE_SC3   00000001 INTL 00000001)
[    0.015904] ACPI: SSDT 0x000000006F431000 3C524E (v02 INTEL  SSDTNVDR 00001000 INTL 20210331)
[    0.015907] ACPI: HMAT 0x000000006F42F000 000210 (v01 DELL   PE_SC3   00000001 DELL 00000001)
[    0.015910] ACPI: HPET 0x000000006F42E000 000038 (v01 DELL   PE_SC3   00000001 DELL 00000001)
[    0.015914] ACPI: MCFG 0x000000006F42D000 00003C (v01 DELL   PE_SC3   00000001 DELL 00000001)
[    0.015917] ACPI: MIGT 0x000000006F42C000 000040 (v01 DELL   PE_SC3   00000000 DELL 00000001)
[    0.015920] ACPI: MSCT 0x000000006F42B000 000090 (v01 DELL   PE_SC3   00000001 DELL 00000001)
[    0.015924] ACPI: PMTT 0x000000006F429000 0011E8 (v02 DELL   PE_SC3   00000001 DELL 00000001)
[    0.015927] ACPI: WSMT 0x000000006F428000 000028 (v01 DELL   PE_SC3   00000000 DELL 00000001)
[    0.015930] ACPI: APIC 0x000000006F427000 00075E (v04 DELL   PE_SC3   00000000 DELL 00000001)
[    0.015934] ACPI: SLIT 0x000000006F426000 00003C (v01 DELL   PE_SC3   00000001 DELL 01000013)
[    0.015937] ACPI: SRAT 0x000000006F41F000 006430 (v03 DELL   PE_SC3   00000002 DELL 01000013)
[    0.015940] ACPI: OEM4 0x000000004B346000 187A61 (v02 INTEL  CPU  CST 00003000 INTL 20210331)
[    0.015944] ACPI: SSDT 0x000000004B2CF000 0764A5 (v02 INTEL  SSDT  PM 00004000 INTL 20210331)
[    0.015947] ACPI: SSDT 0x000000006F41E000 000A1F (v02 DELL   PE_SC3   00000000 DELL 00000001)
[    0.015950] ACPI: HEST 0x000000006F41D000 00017C (v01 DELL   PE_SC3   00000001 INTL 00000001)
[    0.015954] ACPI: PCAT 0x000000006F41B000 00010C (v19 DELL   PE_SC3   00000002 DELL 00000001)
[    0.015957] ACPI: SSDT 0x000000006F413000 007299 (v02 INTEL  SpsNm    00000002 INTL 20210331)
[    0.015960] ACPI: SSDT 0x000000006F412000 000426 (v02 DELL   PE_SC3   00000002 DELL 00000001)
[    0.015964] ACPI: NFIT 0x000000006F7FD000 000488 (v01 DELL   PE_SC3   00000002 DELL 00000001)
[    0.015967] ACPI: DMAR 0x000000006F411000 000158 (v01 DELL   PE_SC3   00000001 DELL 00000001)
[    0.015970] ACPI: Reserving FACP table memory at [mem 0x6f430000-0x6f430113]
[    0.015971] ACPI: Reserving DSDT table memory at [mem 0x4b4ce000-0x4b54dad2]
[    0.015972] ACPI: Reserving FACS table memory at [mem 0x6f2f2000-0x6f2f203f]
[    0.015973] ACPI: Reserving SSDT table memory at [mem 0x6f7fb000-0x6f7fc599]
[    0.015974] ACPI: Reserving SSDT table memory at [mem 0x6f7fa000-0x6f7fa744]
[    0.015975] ACPI: Reserving MCEJ table memory at [mem 0x6f7f9000-0x6f7f912f]
[    0.015976] ACPI: Reserving BERT table memory at [mem 0x6f7f8000-0x6f7f802f]
[    0.015977] ACPI: Reserving ERST table memory at [mem 0x6f7f7000-0x6f7f722f]
[    0.015978] ACPI: Reserving SSDT table memory at [mem 0x6f431000-0x6f7f624d]
[    0.015979] ACPI: Reserving HMAT table memory at [mem 0x6f42f000-0x6f42f20f]
[    0.015980] ACPI: Reserving HPET table memory at [mem 0x6f42e000-0x6f42e037]
[    0.015981] ACPI: Reserving MCFG table memory at [mem 0x6f42d000-0x6f42d03b]
[    0.015981] ACPI: Reserving MIGT table memory at [mem 0x6f42c000-0x6f42c03f]
[    0.015982] ACPI: Reserving MSCT table memory at [mem 0x6f42b000-0x6f42b08f]
[    0.015983] ACPI: Reserving PMTT table memory at [mem 0x6f429000-0x6f42a1e7]
[    0.015984] ACPI: Reserving WSMT table memory at [mem 0x6f428000-0x6f428027]
[    0.015985] ACPI: Reserving APIC table memory at [mem 0x6f427000-0x6f42775d]
[    0.015986] ACPI: Reserving SLIT table memory at [mem 0x6f426000-0x6f42603b]
[    0.015987] ACPI: Reserving SRAT table memory at [mem 0x6f41f000-0x6f42542f]
[    0.015988] ACPI: Reserving OEM4 table memory at [mem 0x4b346000-0x4b4cda60]
[    0.015989] ACPI: Reserving SSDT table memory at [mem 0x4b2cf000-0x4b3454a4]
[    0.015990] ACPI: Reserving SSDT table memory at [mem 0x6f41e000-0x6f41ea1e]
[    0.015991] ACPI: Reserving HEST table memory at [mem 0x6f41d000-0x6f41d17b]
[    0.015992] ACPI: Reserving PCAT table memory at [mem 0x6f41b000-0x6f41b10b]
[    0.015993] ACPI: Reserving SSDT table memory at [mem 0x6f413000-0x6f41a298]
[    0.015993] ACPI: Reserving SSDT table memory at [mem 0x6f412000-0x6f412425]
[    0.015994] ACPI: Reserving NFIT table memory at [mem 0x6f7fd000-0x6f7fd487]
[    0.015995] ACPI: Reserving DMAR table memory at [mem 0x6f411000-0x6f411157]
[    0.016005] Setting APIC routing to cluster x2apic.
[    0.016053] SRAT: PXM 0 -> APIC 0x0000 -> Node 0
[    0.016054] SRAT: PXM 0 -> APIC 0x0001 -> Node 0
[    0.016055] SRAT: PXM 0 -> APIC 0x0002 -> Node 0
[    0.016056] SRAT: PXM 0 -> APIC 0x0003 -> Node 0
[    0.016056] SRAT: PXM 0 -> APIC 0x0004 -> Node 0
[    0.016057] SRAT: PXM 0 -> APIC 0x0005 -> Node 0
[    0.016058] SRAT: PXM 0 -> APIC 0x0006 -> Node 0
[    0.016058] SRAT: PXM 0 -> APIC 0x0007 -> Node 0
[    0.016059] SRAT: PXM 0 -> APIC 0x0008 -> Node 0
[    0.016059] SRAT: PXM 0 -> APIC 0x0009 -> Node 0
[    0.016060] SRAT: PXM 0 -> APIC 0x000a -> Node 0
[    0.016061] SRAT: PXM 0 -> APIC 0x000b -> Node 0
[    0.016062] SRAT: PXM 0 -> APIC 0x000c -> Node 0
[    0.016062] SRAT: PXM 0 -> APIC 0x000d -> Node 0
[    0.016063] SRAT: PXM 0 -> APIC 0x000e -> Node 0
[    0.016064] SRAT: PXM 0 -> APIC 0x000f -> Node 0
[    0.016064] SRAT: PXM 0 -> APIC 0x0010 -> Node 0
[    0.016066] SRAT: PXM 0 -> APIC 0x0011 -> Node 0
[    0.016066] SRAT: PXM 0 -> APIC 0x0012 -> Node 0
[    0.016067] SRAT: PXM 0 -> APIC 0x0013 -> Node 0
[    0.016068] SRAT: PXM 0 -> APIC 0x0014 -> Node 0
[    0.016068] SRAT: PXM 0 -> APIC 0x0015 -> Node 0
[    0.016069] SRAT: PXM 0 -> APIC 0x0016 -> Node 0
[    0.016069] SRAT: PXM 0 -> APIC 0x0017 -> Node 0
[    0.016070] SRAT: PXM 0 -> APIC 0x0018 -> Node 0
[    0.016071] SRAT: PXM 0 -> APIC 0x0019 -> Node 0
[    0.016071] SRAT: PXM 0 -> APIC 0x001a -> Node 0
[    0.016072] SRAT: PXM 0 -> APIC 0x001b -> Node 0
[    0.016073] SRAT: PXM 0 -> APIC 0x001c -> Node 0
[    0.016073] SRAT: PXM 0 -> APIC 0x001d -> Node 0
[    0.016074] SRAT: PXM 0 -> APIC 0x001e -> Node 0
[    0.016075] SRAT: PXM 0 -> APIC 0x001f -> Node 0
[    0.016075] SRAT: PXM 0 -> APIC 0x0020 -> Node 0
[    0.016076] SRAT: PXM 0 -> APIC 0x0021 -> Node 0
[    0.016077] SRAT: PXM 0 -> APIC 0x0022 -> Node 0
[    0.016077] SRAT: PXM 0 -> APIC 0x0023 -> Node 0
[    0.016078] SRAT: PXM 0 -> APIC 0x0024 -> Node 0
[    0.016079] SRAT: PXM 0 -> APIC 0x0025 -> Node 0
[    0.016079] SRAT: PXM 0 -> APIC 0x0026 -> Node 0
[    0.016080] SRAT: PXM 0 -> APIC 0x0027 -> Node 0
[    0.016081] SRAT: PXM 0 -> APIC 0x0028 -> Node 0
[    0.016081] SRAT: PXM 0 -> APIC 0x0029 -> Node 0
[    0.016082] SRAT: PXM 0 -> APIC 0x002a -> Node 0
[    0.016083] SRAT: PXM 0 -> APIC 0x002b -> Node 0
[    0.016083] SRAT: PXM 0 -> APIC 0x002c -> Node 0
[    0.016084] SRAT: PXM 0 -> APIC 0x002d -> Node 0
[    0.016085] SRAT: PXM 0 -> APIC 0x002e -> Node 0
[    0.016085] SRAT: PXM 0 -> APIC 0x002f -> Node 0
[    0.016086] SRAT: PXM 0 -> APIC 0x0030 -> Node 0
[    0.016086] SRAT: PXM 0 -> APIC 0x0031 -> Node 0
[    0.016087] SRAT: PXM 0 -> APIC 0x0032 -> Node 0
[    0.016088] SRAT: PXM 0 -> APIC 0x0033 -> Node 0
[    0.016088] SRAT: PXM 0 -> APIC 0x0034 -> Node 0
[    0.016089] SRAT: PXM 0 -> APIC 0x0035 -> Node 0
[    0.016090] SRAT: PXM 0 -> APIC 0x0036 -> Node 0
[    0.016090] SRAT: PXM 0 -> APIC 0x0037 -> Node 0
[    0.016091] SRAT: PXM 1 -> APIC 0x0080 -> Node 1
[    0.016092] SRAT: PXM 1 -> APIC 0x0081 -> Node 1
[    0.016093] SRAT: PXM 1 -> APIC 0x0082 -> Node 1
[    0.016093] SRAT: PXM 1 -> APIC 0x0083 -> Node 1
[    0.016094] SRAT: PXM 1 -> APIC 0x0084 -> Node 1
[    0.016095] SRAT: PXM 1 -> APIC 0x0085 -> Node 1
[    0.016096] SRAT: PXM 1 -> APIC 0x0086 -> Node 1
[    0.016096] SRAT: PXM 1 -> APIC 0x0087 -> Node 1
[    0.016097] SRAT: PXM 1 -> APIC 0x0088 -> Node 1
[    0.016098] SRAT: PXM 1 -> APIC 0x0089 -> Node 1
[    0.016098] SRAT: PXM 1 -> APIC 0x008a -> Node 1
[    0.016099] SRAT: PXM 1 -> APIC 0x008b -> Node 1
[    0.016100] SRAT: PXM 1 -> APIC 0x008c -> Node 1
[    0.016100] SRAT: PXM 1 -> APIC 0x008d -> Node 1
[    0.016101] SRAT: PXM 1 -> APIC 0x008e -> Node 1
[    0.016102] SRAT: PXM 1 -> APIC 0x008f -> Node 1
[    0.016102] SRAT: PXM 1 -> APIC 0x0090 -> Node 1
[    0.016103] SRAT: PXM 1 -> APIC 0x0091 -> Node 1
[    0.016103] SRAT: PXM 1 -> APIC 0x0092 -> Node 1
[    0.016104] SRAT: PXM 1 -> APIC 0x0093 -> Node 1
[    0.016105] SRAT: PXM 1 -> APIC 0x0094 -> Node 1
[    0.016105] SRAT: PXM 1 -> APIC 0x0095 -> Node 1
[    0.016106] SRAT: PXM 1 -> APIC 0x0096 -> Node 1
[    0.016107] SRAT: PXM 1 -> APIC 0x0097 -> Node 1
[    0.016107] SRAT: PXM 1 -> APIC 0x0098 -> Node 1
[    0.016108] SRAT: PXM 1 -> APIC 0x0099 -> Node 1
[    0.016109] SRAT: PXM 1 -> APIC 0x009a -> Node 1
[    0.016109] SRAT: PXM 1 -> APIC 0x009b -> Node 1
[    0.016110] SRAT: PXM 1 -> APIC 0x009c -> Node 1
[    0.016111] SRAT: PXM 1 -> APIC 0x009d -> Node 1
[    0.016111] SRAT: PXM 1 -> APIC 0x009e -> Node 1
[    0.016112] SRAT: PXM 1 -> APIC 0x009f -> Node 1
[    0.016113] SRAT: PXM 1 -> APIC 0x00a0 -> Node 1
[    0.016113] SRAT: PXM 1 -> APIC 0x00a1 -> Node 1
[    0.016114] SRAT: PXM 1 -> APIC 0x00a2 -> Node 1
[    0.016115] SRAT: PXM 1 -> APIC 0x00a3 -> Node 1
[    0.016115] SRAT: PXM 1 -> APIC 0x00a4 -> Node 1
[    0.016116] SRAT: PXM 1 -> APIC 0x00a5 -> Node 1
[    0.016117] SRAT: PXM 1 -> APIC 0x00a6 -> Node 1
[    0.016117] SRAT: PXM 1 -> APIC 0x00a7 -> Node 1
[    0.016118] SRAT: PXM 1 -> APIC 0x00a8 -> Node 1
[    0.016119] SRAT: PXM 1 -> APIC 0x00a9 -> Node 1
[    0.016119] SRAT: PXM 1 -> APIC 0x00aa -> Node 1
[    0.016120] SRAT: PXM 1 -> APIC 0x00ab -> Node 1
[    0.016121] SRAT: PXM 1 -> APIC 0x00ac -> Node 1
[    0.016121] SRAT: PXM 1 -> APIC 0x00ad -> Node 1
[    0.016122] SRAT: PXM 1 -> APIC 0x00ae -> Node 1
[    0.016123] SRAT: PXM 1 -> APIC 0x00af -> Node 1
[    0.016123] SRAT: PXM 1 -> APIC 0x00b0 -> Node 1
[    0.016124] SRAT: PXM 1 -> APIC 0x00b1 -> Node 1
[    0.016125] SRAT: PXM 1 -> APIC 0x00b2 -> Node 1
[    0.016125] SRAT: PXM 1 -> APIC 0x00b3 -> Node 1
[    0.016126] SRAT: PXM 1 -> APIC 0x00b4 -> Node 1
[    0.016127] SRAT: PXM 1 -> APIC 0x00b5 -> Node 1
[    0.016127] SRAT: PXM 1 -> APIC 0x00b6 -> Node 1
[    0.016128] SRAT: PXM 1 -> APIC 0x00b7 -> Node 1
[    0.016140] ACPI: SRAT: Node 0 PXM 0 [mem 0x00000000-0x7fffffff]
[    0.016142] ACPI: SRAT: Node 0 PXM 0 [mem 0x100000000-0x107fffffff]
[    0.016144] ACPI: SRAT: Node 2 PXM 2 [mem 0x2080000000-0x9e7fffffff] non-volatile
[    0.016145] ACPI: SRAT: Node 1 PXM 1 [mem 0x1080000000-0x207fffffff]
[    0.016146] ACPI: SRAT: Node 3 PXM 3 [mem 0x9e80000000-0x11c7fffffff] non-volatile
[    0.016156] NUMA: Initialized distance table, cnt=4
[    0.016159] NUMA: Node 0 [mem 0x00000000-0x7fffffff] + [mem 0x100000000-0x107fffffff] -> [mem 0x00000000-0x107fffffff]
[    0.016168] NODE_DATA(0) allocated [mem 0xffffd5000-0xfffffffff]
[    0.016187] NODE_DATA(1) allocated [mem 0x205de33000-0x205de5dfff]
[    0.016359] Zone ranges:
[    0.016360]   DMA      [mem 0x0000000000001000-0x0000000000ffffff]
[    0.016362]   DMA32    [mem 0x0000000001000000-0x00000000ffffffff]
[    0.016363]   Normal   [mem 0x0000000100000000-0x000000207fffffff]
[    0.016365]   Device   empty
[    0.016366] Movable zone start for each node
[    0.016369] Early memory node ranges
[    0.016370]   node   0: [mem 0x0000000000001000-0x000000000008efff]
[    0.016371]   node   0: [mem 0x0000000000090000-0x000000000009ffff]
[    0.016372]   node   0: [mem 0x0000000000100000-0x0000000049e76fff]
[    0.016373]   node   0: [mem 0x000000004ae77000-0x000000004b2cefff]
[    0.016374]   node   0: [mem 0x000000004b54e000-0x000000004bd93fff]
[    0.016374]   node   0: [mem 0x000000004be9a000-0x000000004cdfffff]
[    0.016375]   node   0: [mem 0x000000004d000000-0x000000005eefdfff]
[    0.016376]   node   0: [mem 0x000000006f7ff000-0x000000006f7fffff]
[    0.016377]   node   0: [mem 0x0000000cc4400000-0x0000000fffffffff]
[    0.016378]   node   1: [mem 0x0000001ec0000000-0x000000207fffffff]
[    0.016380] Initmem setup node 0 [mem 0x0000000000001000-0x0000000fffffffff]
[    0.016383] Initmem setup node 1 [mem 0x0000001ec0000000-0x000000207fffffff]
[    0.016384] Initializing node 2 as memoryless
[    0.016408] Initmem setup node 2 as memoryless
[    0.016409] Initializing node 3 as memoryless
[    0.016433] Initmem setup node 3 as memoryless
[    0.016435] On node 0, zone DMA: 1 pages in unavailable ranges
[    0.016436] On node 0, zone DMA: 1 pages in unavailable ranges
[    0.016462] On node 0, zone DMA: 96 pages in unavailable ranges
[    0.018778] On node 0, zone DMA32: 4096 pages in unavailable ranges
[    0.018804] On node 0, zone DMA32: 639 pages in unavailable ranges
[    0.018839] On node 0, zone DMA32: 262 pages in unavailable ranges
[    0.019405] On node 0, zone DMA32: 512 pages in unavailable ranges
[    0.019692] On node 0, zone DMA32: 35073 pages in unavailable ranges
[    0.044881] On node 0, zone Normal: 19456 pages in unavailable ranges
[    0.059149] ACPI: PM-Timer IO Port: 0x508
[    0.059167] ACPI: X2APIC_NMI (uid[0xffffffff] high edge lint[0x1])
[    0.059171] ACPI: LAPIC_NMI (acpi_id[0xff] high edge lint[0x1])
[    0.059190] IOAPIC[0]: apic_id 8, version 32, address 0xfec00000, GSI 0-119
[    0.059194] ACPI: INT_SRC_OVR (bus 0 bus_irq 0 global_irq 2 dfl dfl)
[    0.059196] ACPI: INT_SRC_OVR (bus 0 bus_irq 9 global_irq 9 high level)
[    0.059200] ACPI: Using ACPI (MADT) for SMP configuration information
[    0.059201] ACPI: HPET id: 0x8086a701 base: 0xfed00000
[    0.059206] TSC deadline timer available
[    0.059207] smpboot: Allowing 112 CPUs, 0 hotplug CPUs
[    0.059236] PM: hibernation: Registered nosave memory: [mem 0x00000000-0x00000fff]
[    0.059238] PM: hibernation: Registered nosave memory: [mem 0x0008f000-0x0008ffff]
[    0.059240] PM: hibernation: Registered nosave memory: [mem 0x000a0000-0x000fffff]
[    0.059242] PM: hibernation: Registered nosave memory: [mem 0x46cc4000-0x46cc4fff]
[    0.059244] PM: hibernation: Registered nosave memory: [mem 0x46cf5000-0x46cf5fff]
[    0.059245] PM: hibernation: Registered nosave memory: [mem 0x46cf6000-0x46cf6fff]
[    0.059246] PM: hibernation: Registered nosave memory: [mem 0x46d28000-0x46d28fff]
[    0.059247] PM: hibernation: Registered nosave memory: [mem 0x46d29000-0x46d29fff]
[    0.059249] PM: hibernation: Registered nosave memory: [mem 0x46d5b000-0x46d5bfff]
[    0.059250] PM: hibernation: Registered nosave memory: [mem 0x46d5c000-0x46d5cfff]
[    0.059251] PM: hibernation: Registered nosave memory: [mem 0x46d64000-0x46d64fff]
[    0.059253] PM: hibernation: Registered nosave memory: [mem 0x49e77000-0x4ae76fff]
[    0.059255] PM: hibernation: Registered nosave memory: [mem 0x4b2cf000-0x4b54dfff]
[    0.059257] PM: hibernation: Registered nosave memory: [mem 0x4bd94000-0x4be99fff]
[    0.059259] PM: hibernation: Registered nosave memory: [mem 0x4ce00000-0x4cffffff]
[    0.059261] PM: hibernation: Registered nosave memory: [mem 0x5eefe000-0x6e3fefff]
[    0.059261] PM: hibernation: Registered nosave memory: [mem 0x6e3ff000-0x6f3fefff]
[    0.059262] PM: hibernation: Registered nosave memory: [mem 0x6f3ff000-0x6f7fefff]
[    0.059264] PM: hibernation: Registered nosave memory: [mem 0x6f800000-0x8fffffff]
[    0.059265] PM: hibernation: Registered nosave memory: [mem 0x90000000-0xfdffffff]
[    0.059266] PM: hibernation: Registered nosave memory: [mem 0xfe000000-0xfe010fff]
[    0.059266] PM: hibernation: Registered nosave memory: [mem 0xfe011000-0xffffffff]
[    0.059267] PM: hibernation: Registered nosave memory: [mem 0x100000000-0xcc43fffff]
[    0.059269] PM: hibernation: Registered nosave memory: [mem 0x1000000000-0x1ebfffffff]
[    0.059271] [mem 0x90000000-0xfdffffff] available for PCI devices
[    0.059272] Booting paravirtualized kernel on bare hardware
[    0.059275] clocksource: refined-jiffies: mask: 0xffffffff max_cycles: 0xffffffff, max_idle_ns: 7645519600211568 ns
[    0.059280] setup_percpu: NR_CPUS:8192 nr_cpumask_bits:112 nr_cpu_ids:112 nr_node_ids:4
[    0.064110] percpu: Embedded 61 pages/cpu s212992 r8192 d28672 u262144
[    0.064122] pcpu-alloc: s212992 r8192 d28672 u262144 alloc=1*2097152
[    0.064125] pcpu-alloc: [0] 000 002 004 006 008 010 012 014 
[    0.064131] pcpu-alloc: [0] 016 018 020 022 024 026 028 030 
[    0.064135] pcpu-alloc: [0] 032 034 036 038 040 042 044 046 
[    0.064140] pcpu-alloc: [0] 048 050 052 054 056 058 060 062 
[    0.064145] pcpu-alloc: [0] 064 066 068 070 072 074 076 078 
[    0.064149] pcpu-alloc: [0] 080 082 084 086 088 090 092 094 
[    0.064153] pcpu-alloc: [0] 096 098 100 102 104 106 108 110 
[    0.064158] pcpu-alloc: [1] 001 003 005 007 009 011 013 015 
[    0.064163] pcpu-alloc: [1] 017 019 021 023 025 027 029 031 
[    0.064167] pcpu-alloc: [1] 033 035 037 039 041 043 045 047 
[    0.064172] pcpu-alloc: [1] 049 051 053 055 057 059 061 063 
[    0.064176] pcpu-alloc: [1] 065 067 069 071 073 075 077 079 
[    0.064180] pcpu-alloc: [1] 081 083 085 087 089 091 093 095 
[    0.064185] pcpu-alloc: [1] 097 099 101 103 105 107 109 111 
[    0.064232] Fallback order for Node 0: 0 1 
[    0.064235] Fallback order for Node 1: 1 0 
[    0.064238] Fallback order for Node 2: 2 0 1 
[    0.064241] Fallback order for Node 3: 3 1 0 
[    0.064248] Built 2 zonelists, mobility grouping on.  Total pages: 5519908
[    0.064249] Policy zone: Normal
[    0.064251] Kernel command line: BOOT_IMAGE=/boot/vmlinuz-5.18.0 root=UUID=ce0c24b8-724b-4f33-9b2c-618433560aef ro memmap=48196M!4096M memmap=59G!64G quiet splash nomodeset vt.handoff=1
[    0.064376] Booted with the nomodeset parameter. Only the system framebuffer will be available
[    0.064398] Unknown kernel command line parameters "splash BOOT_IMAGE=/boot/vmlinuz-5.18.0", will be passed to user space.
[    0.064400] printk: log_buf_len individual max cpu contribution: 4096 bytes
[    0.064401] printk: log_buf_len total cpu_extra contributions: 454656 bytes
[    0.064402] printk: log_buf_len min size: 262144 bytes
[    0.065389] printk: log_buf_len: 1048576 bytes
[    0.065390] printk: early log buf free: 223664(85%)
[    0.067298] mem auto-init: stack:off, heap alloc:on, heap free:off
[    0.128374] Memory: 21252012K/22434912K available (16392K kernel code, 3615K rwdata, 10444K rodata, 2688K init, 5836K bss, 1182640K reserved, 0K cma-reserved)
[    0.128381] random: get_random_u64 called from __kmem_cache_create+0x2d/0x480 with crng_init=0
[    0.129130] SLUB: HWalign=64, Order=0-3, MinObjects=0, CPUs=112, Nodes=4
[    0.129161] ftrace: allocating 48795 entries in 191 pages
[    0.137730] ftrace: allocated 191 pages with 7 groups
[    0.138700] Dynamic Preempt: voluntary
[    0.139054] rcu: Preemptible hierarchical RCU implementation.
[    0.139055] rcu: 	RCU restricting CPUs from NR_CPUS=8192 to nr_cpu_ids=112.
[    0.139057] 	Trampoline variant of Tasks RCU enabled.
[    0.139057] 	Rude variant of Tasks RCU enabled.
[    0.139058] 	Tracing variant of Tasks RCU enabled.
[    0.139059] rcu: RCU calculated value of scheduler-enlistment delay is 25 jiffies.
[    0.139060] rcu: Adjusting geometry for rcu_fanout_leaf=16, nr_cpu_ids=112
[    0.142850] NR_IRQS: 524544, nr_irqs: 2952, preallocated irqs: 16
[    0.143189] random: crng init done (trusting CPU's manufacturer)
[    0.143328] Console: colour dummy device 80x25
[    0.143362] printk: console [tty0] enabled
[    0.143563] mempolicy: Enabling automatic NUMA balancing. Configure with numa_balancing= or the kernel.numa_balancing sysctl
[    0.143568] ACPI: Core revision 20211217
[    0.146967] clocksource: hpet: mask: 0xffffffff max_cycles: 0xffffffff, max_idle_ns: 79635855245 ns
[    0.147011] APIC: Switch to symmetric I/O mode setup
[    0.147012] DMAR: Host address width 46
[    0.147013] DMAR: DRHD base: 0x000000d0ffc000 flags: 0x0
[    0.147019] DMAR: dmar0: reg_base_addr d0ffc000 ver 4:0 cap 8ed008c40780466 ecap 60000f050df
[    0.147021] DMAR: DRHD base: 0x000000dbbfc000 flags: 0x0
[    0.147025] DMAR: dmar1: reg_base_addr dbbfc000 ver 4:0 cap 8ed008c40780466 ecap 60000f050df
[    0.147026] DMAR: DRHD base: 0x000000e67fc000 flags: 0x0
[    0.147030] DMAR: dmar2: reg_base_addr e67fc000 ver 4:0 cap 8ed008c40780466 ecap 60000f050df
[    0.147032] DMAR: DRHD base: 0x000000f13fc000 flags: 0x0
[    0.147034] DMAR: dmar3: reg_base_addr f13fc000 ver 4:0 cap 8ed008c40780466 ecap 60000f050df
[    0.147037] DMAR: DRHD base: 0x000000fb7fc000 flags: 0x0
[    0.147039] DMAR: dmar4: reg_base_addr fb7fc000 ver 4:0 cap 8ed008c40780466 ecap 60000f050df
[    0.147041] DMAR: DRHD base: 0x000000a63fc000 flags: 0x0
[    0.147044] DMAR: dmar5: reg_base_addr a63fc000 ver 4:0 cap 8ed008c40780466 ecap 60000f050df
[    0.147045] DMAR: DRHD base: 0x000000b0ffc000 flags: 0x0
[    0.147050] DMAR: dmar6: reg_base_addr b0ffc000 ver 4:0 cap 8ed008c40780466 ecap 60000f050df
[    0.147052] DMAR: DRHD base: 0x000000bbbfc000 flags: 0x0
[    0.147054] DMAR: dmar7: reg_base_addr bbbfc000 ver 4:0 cap 8ed008c40780466 ecap 60000f050df
[    0.147056] DMAR: DRHD base: 0x000000c5ffc000 flags: 0x0
[    0.147058] DMAR: dmar8: reg_base_addr c5ffc000 ver 4:0 cap 8ed008c40780466 ecap 60000f050df
[    0.147060] DMAR: DRHD base: 0x0000009b7fc000 flags: 0x1
[    0.147063] DMAR: dmar9: reg_base_addr 9b7fc000 ver 4:0 cap 8ed008c40780466 ecap 60000f050df
[    0.147065] DMAR: RMRR base: 0x00000069427000 end: 0x00000069429fff
[    0.147067] DMAR: ATSR flags: 0x0
[    0.147070] DMAR-IR: IOAPIC id 8 under DRHD base  0x9b7fc000 IOMMU 9
[    0.147071] DMAR-IR: HPET id 0 under DRHD base 0x9b7fc000
[    0.147072] DMAR-IR: Queued invalidation will be enabled to support x2apic and Intr-remapping.
[    0.150313] DMAR-IR: Enabled IRQ remapping in x2apic mode
[    0.152941] ..TIMER: vector=0x30 apic1=0 pin1=2 apic2=-1 pin2=-1
[    0.170941] clocksource: tsc-early: mask: 0xffffffffffffffff max_cycles: 0x39a85c9bff6, max_idle_ns: 881590591483 ns
[    0.170947] Calibrating delay loop (skipped), value calculated using timer frequency.. 4000.00 BogoMIPS (lpj=8000000)
[    0.170950] pid_max: default: 114688 minimum: 896
[    0.174794] LSM: Security Framework initializing
[    0.174809] Yama: becoming mindful.
[    0.174851] AppArmor: AppArmor initialized
[    0.179074] Dentry cache hash table entries: 4194304 (order: 13, 33554432 bytes, vmalloc hugepage)
[    0.181188] Inode-cache hash table entries: 2097152 (order: 12, 16777216 bytes, vmalloc hugepage)
[    0.181300] Mount-cache hash table entries: 65536 (order: 7, 524288 bytes, vmalloc)
[    0.181369] Mountpoint-cache hash table entries: 65536 (order: 7, 524288 bytes, vmalloc)
[    0.181903] x86/tme: not enabled by BIOS
[    0.181912] CPU0: Thermal monitoring enabled (TM1)
[    0.181915] x86/cpu: User Mode Instruction Prevention (UMIP) activated
[    0.182150] process: using mwait in idle threads
[    0.182152] Last level iTLB entries: 4KB 0, 2MB 0, 4MB 0
[    0.182153] Last level dTLB entries: 4KB 0, 2MB 0, 4MB 0, 1GB 0
[    0.182160] Spectre V1 : Mitigation: usercopy/swapgs barriers and __user pointer sanitization
[    0.182162] Spectre V2 : WARNING: Unprivileged eBPF is enabled with eIBRS on, data leaks possible via Spectre v2 BHB attacks!
[    0.182167] Spectre V2 : Mitigation: Enhanced IBRS
[    0.182168] Spectre V2 : Spectre v2 / SpectreRSB mitigation: Filling RSB on context switch
[    0.182169] Spectre V2 : mitigation: Enabling conditional Indirect Branch Prediction Barrier
[    0.182170] Speculative Store Bypass: Mitigation: Speculative Store Bypass disabled via prctl
[    0.187348] Freeing SMP alternatives memory: 40K
[    0.195028] smpboot: Estimated ratio of average max frequency by base frequency (times 1024): 1433
[    0.195043] smpboot: CPU0: Intel(R) Xeon(R) Gold 6330 CPU @ 2.00GHz (family: 0x6, model: 0x6a, stepping: 0x6)
[    0.195260] cblist_init_generic: Setting adjustable number of callback queues.
[    0.195274] cblist_init_generic: Setting shift to 7 and lim to 1.
[    0.195300] cblist_init_generic: Setting shift to 7 and lim to 1.
[    0.195328] cblist_init_generic: Setting shift to 7 and lim to 1.
[    0.195339] Performance Events: PEBS fmt4+-baseline,  AnyThread deprecated, Icelake events, 32-deep LBR, full-width counters, Intel PMU driver.
[    0.195376] ... version:                5
[    0.195377] ... bit width:              48
[    0.195378] ... generic registers:      8
[    0.195378] ... value mask:             0000ffffffffffff
[    0.195379] ... max period:             00007fffffffffff
[    0.195380] ... fixed-purpose events:   4
[    0.195381] ... event mask:             0001000f000000ff
[    0.195549] rcu: Hierarchical SRCU implementation.
[    0.202893] NMI watchdog: Enabled. Permanently consumes one hw-PMU counter.
[    0.204032] smp: Bringing up secondary CPUs ...
[    0.204169] x86: Booting SMP configuration:
[    0.204170] .... node  #1, CPUs:          #1
[    0.007762] smpboot: CPU 1 Converting physical 0 to logical die 1

[    0.291067] .... node  #0, CPUs:     #2
[    0.296447] .... node  #1, CPUs:     #3
[    0.301914] .... node  #0, CPUs:     #4
[    0.307296] .... node  #1, CPUs:     #5
[    0.312704] .... node  #0, CPUs:     #6
[    0.318302] .... node  #1, CPUs:     #7
[    0.323911] .... node  #0, CPUs:     #8
[    0.329212] .... node  #1, CPUs:     #9
[    0.335051] .... node  #0, CPUs:    #10
[    0.340708] .... node  #1, CPUs:    #11
[    0.346467] .... node  #0, CPUs:    #12
[    0.352000] .... node  #1, CPUs:    #13
[    0.357396] .... node  #0, CPUs:    #14
[    0.362649] .... node  #1, CPUs:    #15
[    0.367981] .... node  #0, CPUs:    #16
[    0.373283] .... node  #1, CPUs:    #17
[    0.378611] .... node  #0, CPUs:    #18
[    0.383878] .... node  #1, CPUs:    #19
[    0.389553] .... node  #0, CPUs:    #20
[    0.395051] .... node  #1, CPUs:    #21
[    0.400438] .... node  #0, CPUs:    #22
[    0.405885] .... node  #1, CPUs:    #23
[    0.411190] .... node  #0, CPUs:    #24
[    0.416838] .... node  #1, CPUs:    #25
[    0.422202] .... node  #0, CPUs:    #26
[    0.427434] .... node  #1, CPUs:    #27
[    0.432764] .... node  #0, CPUs:    #28
[    0.438287] .... node  #1, CPUs:    #29
[    0.443602] .... node  #0, CPUs:    #30
[    0.448852] .... node  #1, CPUs:    #31
[    0.454357] .... node  #0, CPUs:    #32
[    0.459663] .... node  #1, CPUs:    #33
[    0.465052] .... node  #0, CPUs:    #34
[    0.470517] .... node  #1, CPUs:    #35
[    0.475838] .... node  #0, CPUs:    #36
[    0.481070] .... node  #1, CPUs:    #37
[    0.486401] .... node  #0, CPUs:    #38
[    0.491973] .... node  #1, CPUs:    #39
[    0.497532] .... node  #0, CPUs:    #40
[    0.503144] .... node  #1, CPUs:    #41
[    0.508925] .... node  #0, CPUs:    #42
[    0.514238] .... node  #1, CPUs:    #43
[    0.519904] .... node  #0, CPUs:    #44
[    0.525285] .... node  #1, CPUs:    #45
[    0.530990] .... node  #0, CPUs:    #46
[    0.536324] .... node  #1, CPUs:    #47
[    0.541797] .... node  #0, CPUs:    #48
[    0.547152] .... node  #1, CPUs:    #49
[    0.552613] .... node  #0, CPUs:    #50
[    0.558133] .... node  #1, CPUs:    #51
[    0.563789] .... node  #0, CPUs:    #52
[    0.569265] .... node  #1, CPUs:    #53
[    0.575059] .... node  #0, CPUs:    #54
[    0.580602] .... node  #1, CPUs:    #55
[    0.586435] .... node  #0, CPUs:    #56
[    0.592622] .... node  #1, CPUs:    #57
[    0.598534] .... node  #0, CPUs:    #58
[    0.603967] .... node  #1, CPUs:    #59
[    0.609442] .... node  #0, CPUs:    #60
[    0.615105] .... node  #1, CPUs:    #61
[    0.620279] .... node  #0, CPUs:    #62
[    0.625894] .... node  #1, CPUs:    #63
[    0.631535] .... node  #0, CPUs:    #64
[    0.636851] .... node  #1, CPUs:    #65
[    0.642614] .... node  #0, CPUs:    #66
[    0.648382] .... node  #1, CPUs:    #67
[    0.654166] .... node  #0, CPUs:    #68
[    0.659710] .... node  #1, CPUs:    #69
[    0.665113] .... node  #0, CPUs:    #70
[    0.670371] .... node  #1, CPUs:    #71
[    0.675724] .... node  #0, CPUs:    #72
[    0.681025] .... node  #1, CPUs:    #73
[    0.686378] .... node  #0, CPUs:    #74
[    0.691659] .... node  #1, CPUs:    #75
[    0.697342] .... node  #0, CPUs:    #76
[    0.702624] .... node  #1, CPUs:    #77
[    0.708275] .... node  #0, CPUs:    #78
[    0.713752] .... node  #1, CPUs:    #79
[    0.719066] .... node  #0, CPUs:    #80
[    0.724720] .... node  #1, CPUs:    #81
[    0.730118] .... node  #0, CPUs:    #82
[    0.735359] .... node  #1, CPUs:    #83
[    0.740724] .... node  #0, CPUs:    #84
[    0.746267] .... node  #1, CPUs:    #85
[    0.751597] .... node  #0, CPUs:    #86
[    0.756864] .... node  #1, CPUs:    #87
[    0.762385] .... node  #0, CPUs:    #88
[    0.767714] .... node  #1, CPUs:    #89
[    0.773128] .... node  #0, CPUs:    #90
[    0.778594] .... node  #1, CPUs:    #91
[    0.783950] .... node  #0, CPUs:    #92
[    0.789200] .... node  #1, CPUs:    #93
[    0.794566] .... node  #0, CPUs:    #94
[    0.800169] .... node  #1, CPUs:    #95
[    0.805736] .... node  #0, CPUs:    #96
[    0.811380] .... node  #1, CPUs:    #97
[    0.817178] .... node  #0, CPUs:    #98
[    0.822525] .... node  #1, CPUs:    #99
[    0.828211] .... node  #0, CPUs:   #100
[    0.833601] .... node  #1, CPUs:   #101
[    0.839104] .... node  #0, CPUs:   #102
[    0.844676] .... node  #1, CPUs:   #103
[    0.850171] .... node  #0, CPUs:   #104
[    0.855535] .... node  #1, CPUs:   #105
[    0.861015] .... node  #0, CPUs:   #106
[    0.866541] .... node  #1, CPUs:   #107
[    0.872215] .... node  #0, CPUs:   #108
[    0.877720] .... node  #1, CPUs:   #109
[    0.883356] .... node  #0, CPUs:   #110
[    0.889084] .... node  #1, CPUs:   #111
[    0.895050] smp: Brought up 2 nodes, 112 CPUs
[    0.895050] smpboot: Max logical packages: 2
[    0.895050] smpboot: Total of 112 processors activated (448087.66 BogoMIPS)
[    0.902417] devtmpfs: initialized
[    0.902417] x86/mm: Memory block size: 2048MB
[    0.902960] ACPI: PM: Registering ACPI NVS region [mem 0x49e77000-0x4ae76fff] (16777216 bytes)
[    0.903161] ACPI: PM: Registering ACPI NVS region [mem 0x6e3ff000-0x6f3fefff] (16777216 bytes)
[    0.903444] clocksource: jiffies: mask: 0xffffffff max_cycles: 0xffffffff, max_idle_ns: 7645041785100000 ns
[    0.903754] futex hash table entries: 32768 (order: 9, 2097152 bytes, vmalloc)
[    0.904001] pinctrl core: initialized pinctrl subsystem
[    0.905155] PM: RTC time: 03:39:05, date: 2024-06-28
[    0.906131] NET: Registered PF_NETLINK/PF_ROUTE protocol family
[    0.907255] DMA: preallocated 4096 KiB GFP_KERNEL pool for atomic allocations
[    0.907767] DMA: preallocated 4096 KiB GFP_KERNEL|GFP_DMA pool for atomic allocations
[    0.908275] DMA: preallocated 4096 KiB GFP_KERNEL|GFP_DMA32 pool for atomic allocations
[    0.908284] audit: initializing netlink subsys (disabled)
[    0.908292] audit: type=2000 audit(1719545944.760:1): state=initialized audit_enabled=0 res=1
[    0.908292] thermal_sys: Registered thermal governor 'fair_share'
[    0.908292] thermal_sys: Registered thermal governor 'bang_bang'
[    0.908292] thermal_sys: Registered thermal governor 'step_wise'
[    0.908292] thermal_sys: Registered thermal governor 'user_space'
[    0.908292] EISA bus registered
[    0.908292] cpuidle: using governor ladder
[    0.908292] cpuidle: using governor menu
[    0.908292] ACPI FADT declares the system doesn't support PCIe ASPM, so disable it
[    0.908292] acpiphp: ACPI Hot Plug PCI Controller Driver version: 0.5
[    0.908292] PCI: MMCONFIG for domain 0000 [bus 00-ff] at [mem 0x80000000-0x8fffffff] (base 0x80000000)
[    0.908292] PCI: MMCONFIG at [mem 0x80000000-0x8fffffff] reserved in E820
[    0.908292] pmd_set_huge: Cannot satisfy [mem 0x80000000-0x80200000] with a huge-page mapping due to MTRR override.
[    0.908292] PCI: Using configuration type 1 for base access
[    0.908292] PCI: Dell System detected, enabling pci=bfsort.
[    0.911764] ENERGY_PERF_BIAS: Set to 'normal', was 'performance'
[    0.916016] kprobes: kprobe jump-optimization is enabled. All kprobes are optimized if possible.
[    0.916021] HugeTLB registered 1.00 GiB page size, pre-allocated 0 pages
[    0.916021] HugeTLB registered 2.00 MiB page size, pre-allocated 0 pages
[    0.916021] fbcon: Taking over console
[    0.916021] ACPI: Added _OSI(Module Device)
[    0.916021] ACPI: Added _OSI(Processor Device)
[    0.916021] ACPI: Added _OSI(3.0 _SCP Extensions)
[    0.916021] ACPI: Added _OSI(Processor Aggregator Device)
[    0.916021] ACPI: Added _OSI(Linux-Dell-Video)
[    0.916021] ACPI: Added _OSI(Linux-Lenovo-NV-HDMI-Audio)
[    0.916021] ACPI: Added _OSI(Linux-HPI-Hybrid-Graphics)
[    1.089360] ACPI: 8 ACPI AML tables successfully acquired and loaded
[    1.095605] ACPI: [Firmware Bug]: BIOS _OSI(Linux) query ignored
[    1.102970] ACPI: Dynamic OEM Table Load:
[    1.520630] ACPI: Interpreter enabled
[    1.520651] ACPI: PM: (supports S0 S5)
[    1.520652] ACPI: Using IOAPIC for interrupt routing
[    1.520737] HEST: Table parsing has been initialized.
[    1.520924] GHES: APEI firmware first mode is enabled by APEI bit and WHEA _OSC.
[    1.520926] PCI: Using host bridge windows from ACPI; if necessary, use "pci=nocrs" and report a bug
[    1.550944] ACPI: Enabled 4 GPEs in block 00 to 7F
[    1.679460] ACPI: PCI Root Bridge [PC00] (domain 0000 [bus 00-15])
[    1.679466] acpi PNP0A08:00: _OSC: OS supports [ExtendedConfig ASPM ClockPM Segments MSI HPX-Type3]
[    1.748200] acpi PNP0A08:00: _OSC: platform does not support [SHPCHotplug AER LTR]
[    1.748429] acpi PNP0A08:00: _OSC: OS now controls [PCIeHotplug PME PCIeCapability]
[    1.748430] acpi PNP0A08:00: FADT indicates ASPM is unsupported, using BIOS configuration
[    1.750347] PCI host bridge to bus 0000:00
[    1.750349] pci_bus 0000:00: root bus resource [io  0x0000-0x0cf7 window]
[    1.750351] pci_bus 0000:00: root bus resource [io  0x1000-0x4fff window]
[    1.750352] pci_bus 0000:00: root bus resource [mem 0x000a0000-0x000bffff window]
[    1.750354] pci_bus 0000:00: root bus resource [mem 0x000c8000-0x000cffff window]
[    1.750355] pci_bus 0000:00: root bus resource [mem 0xfe010000-0xfe010fff window]
[    1.750356] pci_bus 0000:00: root bus resource [mem 0x90000000-0x9b7fffff window]
[    1.750357] pci_bus 0000:00: root bus resource [mem 0x200000000000-0x20ffffffffff window]
[    1.750359] pci_bus 0000:00: root bus resource [bus 00-15]
[    1.750372] pci 0000:00:00.0: [8086:09a2] type 00 class 0x088000
[    1.750473] pci 0000:00:00.1: [8086:09a4] type 00 class 0x088000
[    1.750541] pci 0000:00:00.2: [8086:09a3] type 00 class 0x088000
[    1.750607] pci 0000:00:00.4: [8086:0998] type 00 class 0x060000
[    1.750675] pci 0000:00:02.0: [8086:09a6] type 00 class 0x088000
[    1.750683] pci 0000:00:02.0: reg 0x10: [mem 0x92dfc000-0x92dfdfff]
[    1.750758] pci 0000:00:02.1: [8086:09a7] type 00 class 0x088000
[    1.750767] pci 0000:00:02.1: reg 0x10: [mem 0x92d00000-0x92d7ffff]
[    1.750772] pci 0000:00:02.1: reg 0x14: [mem 0x92c80000-0x92cfffff]
[    1.750847] pci 0000:00:02.4: [8086:3456] type 00 class 0x130000
[    1.750857] pci 0000:00:02.4: reg 0x10: [mem 0x92a00000-0x92afffff 64bit]
[    1.750864] pci 0000:00:02.4: reg 0x18: [mem 0x92df0000-0x92df3fff 64bit]
[    1.750870] pci 0000:00:02.4: reg 0x20: [mem 0x92dc0000-0x92ddffff 64bit]
[    1.750951] pci 0000:00:11.0: [8086:a1ec] type 00 class 0xff0000
[    1.750954] pci 0000:00:11.0: device has non-compliant BARs; disabling IO/MEM decoding
[    1.751050] pci 0000:00:11.5: [8086:a1d2] type 00 class 0x010601
[    1.751063] pci 0000:00:11.5: reg 0x10: [mem 0x92dfa000-0x92dfbfff]
[    1.751070] pci 0000:00:11.5: reg 0x14: [mem 0x92e05000-0x92e050ff]
[    1.751078] pci 0000:00:11.5: reg 0x18: [io  0x2068-0x206f]
[    1.751085] pci 0000:00:11.5: reg 0x1c: [io  0x2074-0x2077]
[    1.751093] pci 0000:00:11.5: reg 0x20: [io  0x2040-0x205f]
[    1.751100] pci 0000:00:11.5: reg 0x24: [mem 0x92b80000-0x92bfffff]
[    1.751138] pci 0000:00:11.5: PME# supported from D3hot
[    1.751357] pci 0000:00:14.0: [8086:a1af] type 00 class 0x0c0330
[    1.751374] pci 0000:00:14.0: reg 0x10: [mem 0x92de0000-0x92deffff 64bit]
[    1.751438] pci 0000:00:14.0: PME# supported from D3hot D3cold
[    1.751671] pci 0000:00:14.2: [8086:a1b1] type 00 class 0x118000
[    1.751688] pci 0000:00:14.2: reg 0x10: [mem 0x92e02000-0x92e02fff 64bit]
[    1.751812] pci 0000:00:16.0: [8086:a1ba] type 00 class 0x078000
[    1.751835] pci 0000:00:16.0: reg 0x10: [mem 0x92e01000-0x92e01fff 64bit]
[    1.751918] pci 0000:00:16.0: PME# supported from D3hot
[    1.751981] pci 0000:00:16.1: [8086:a1bb] type 00 class 0x078000
[    1.752004] pci 0000:00:16.1: reg 0x10: [mem 0x92e00000-0x92e00fff 64bit]
[    1.752087] pci 0000:00:16.1: PME# supported from D3hot
[    1.752155] pci 0000:00:16.4: [8086:a1be] type 00 class 0x078000
[    1.752178] pci 0000:00:16.4: reg 0x10: [mem 0x92dff000-0x92dfffff 64bit]
[    1.752261] pci 0000:00:16.4: PME# supported from D3hot
[    1.752332] pci 0000:00:17.0: [8086:a182] type 00 class 0x010601
[    1.752345] pci 0000:00:17.0: reg 0x10: [mem 0x92df8000-0x92df9fff]
[    1.752352] pci 0000:00:17.0: reg 0x14: [mem 0x92e04000-0x92e040ff]
[    1.752359] pci 0000:00:17.0: reg 0x18: [io  0x2060-0x2067]
[    1.752367] pci 0000:00:17.0: reg 0x1c: [io  0x2070-0x2073]
[    1.752374] pci 0000:00:17.0: reg 0x20: [io  0x2020-0x203f]
[    1.752381] pci 0000:00:17.0: reg 0x24: [mem 0x92b00000-0x92b7ffff]
[    1.752418] pci 0000:00:17.0: PME# supported from D3hot
[    1.752628] pci 0000:00:1c.0: [8086:a190] type 01 class 0x060400
[    1.752703] pci 0000:00:1c.0: PME# supported from D0 D3hot D3cold
[    1.753369] pci 0000:00:1c.4: [8086:a194] type 01 class 0x060400
[    1.753439] pci 0000:00:1c.4: PME# supported from D0 D3hot D3cold
[    1.754078] pci 0000:00:1c.5: [8086:a195] type 01 class 0x060400
[    1.754150] pci 0000:00:1c.5: PME# supported from D0 D3hot D3cold
[    1.754796] pci 0000:00:1f.0: [8086:a1cb] type 00 class 0x060100
[    1.755172] pci 0000:00:1f.2: [8086:a1a1] type 00 class 0x058000
[    1.755187] pci 0000:00:1f.2: reg 0x10: [mem 0x92df4000-0x92df7fff]
[    1.755434] pci 0000:00:1f.4: [8086:a1a3] type 00 class 0x0c0500
[    1.755453] pci 0000:00:1f.4: reg 0x10: [mem 0x92dfe000-0x92dfe0ff 64bit]
[    1.755476] pci 0000:00:1f.4: reg 0x20: [io  0x2000-0x201f]
[    1.755543] pci 0000:00:1f.5: [8086:a1a4] type 00 class 0x0c8000
[    1.755558] pci 0000:00:1f.5: reg 0x10: [mem 0xfe010000-0xfe010fff]
[    1.755688] pci 0000:00:1c.0: PCI bridge to [bus 01]
[    1.755740] pci 0000:02:00.0: [1556:be00] type 01 class 0x060400
[    1.755911] pci 0000:00:1c.4: PCI bridge to [bus 02-03]
[    1.755916] pci 0000:00:1c.4:   bridge window [mem 0x92000000-0x928fffff]
[    1.755920] pci 0000:00:1c.4:   bridge window [mem 0x91000000-0x91ffffff 64bit pref]
[    1.755952] pci_bus 0000:03: extended config space not accessible
[    1.755969] pci 0000:03:00.0: [102b:0536] type 00 class 0x030000
[    1.755989] pci 0000:03:00.0: reg 0x10: [mem 0x91000000-0x91ffffff pref]
[    1.756000] pci 0000:03:00.0: reg 0x14: [mem 0x92808000-0x9280bfff]
[    1.756010] pci 0000:03:00.0: reg 0x18: [mem 0x92000000-0x927fffff]
[    1.756058] pci 0000:03:00.0: BAR 0: assigned to efifb
[    1.756066] pci 0000:03:00.0: Video device with shadowed ROM at [mem 0x000c0000-0x000dffff]
[    1.756168] pci 0000:02:00.0: PCI bridge to [bus 03]
[    1.756177] pci 0000:02:00.0:   bridge window [mem 0x92000000-0x928fffff]
[    1.756182] pci 0000:02:00.0:   bridge window [mem 0x91000000-0x91ffffff 64bit pref]
[    1.756252] pci 0000:04:00.0: [14e4:165f] type 00 class 0x020000
[    1.756276] pci 0000:04:00.0: reg 0x10: [mem 0x92930000-0x9293ffff 64bit pref]
[    1.756292] pci 0000:04:00.0: reg 0x18: [mem 0x92940000-0x9294ffff 64bit pref]
[    1.756308] pci 0000:04:00.0: reg 0x20: [mem 0x92950000-0x9295ffff 64bit pref]
[    1.756318] pci 0000:04:00.0: reg 0x30: [mem 0xfffc0000-0xffffffff pref]
[    1.756413] pci 0000:04:00.0: PME# supported from D0 D3hot D3cold
[    1.756466] pci 0000:04:00.0: 4.000 Gb/s available PCIe bandwidth, limited by 5.0 GT/s PCIe x1 link at 0000:00:1c.5 (capable of 8.000 Gb/s with 5.0 GT/s PCIe x2 link)
[    1.757027] pci 0000:04:00.1: [14e4:165f] type 00 class 0x020000
[    1.757052] pci 0000:04:00.1: reg 0x10: [mem 0x92900000-0x9290ffff 64bit pref]
[    1.757067] pci 0000:04:00.1: reg 0x18: [mem 0x92910000-0x9291ffff 64bit pref]
[    1.757083] pci 0000:04:00.1: reg 0x20: [mem 0x92920000-0x9292ffff 64bit pref]
[    1.757094] pci 0000:04:00.1: reg 0x30: [mem 0xfffc0000-0xffffffff pref]
[    1.757189] pci 0000:04:00.1: PME# supported from D0 D3hot D3cold
[    1.757766] pci 0000:00:1c.5: PCI bridge to [bus 04]
[    1.757773] pci 0000:00:1c.5:   bridge window [mem 0x92900000-0x929fffff 64bit pref]
[    1.757787] pci_bus 0000:00: on NUMA node 0
[    1.758384] ACPI: PCI Root Bridge [PC01] (domain 0000 [bus 16-2f])
[    1.758388] acpi PNP0A08:01: _OSC: OS supports [ExtendedConfig ASPM ClockPM Segments MSI HPX-Type3]
[    1.773191] acpi PNP0A08:01: _OSC: platform does not support [SHPCHotplug AER]
[    1.773409] acpi PNP0A08:01: _OSC: OS now controls [PCIeHotplug PME PCIeCapability LTR]
[    1.773410] acpi PNP0A08:01: FADT indicates ASPM is unsupported, using BIOS configuration
[    1.773543] PCI host bridge to bus 0000:16
[    1.773544] pci_bus 0000:16: root bus resource [io  0x5000-0x6fff window]
[    1.773546] pci_bus 0000:16: root bus resource [mem 0x9b800000-0xa63fffff window]
[    1.773547] pci_bus 0000:16: root bus resource [mem 0x210000000000-0x21ffffffffff window]
[    1.773549] pci_bus 0000:16: root bus resource [bus 16-2f]
[    1.773559] pci 0000:16:00.0: [8086:09a2] type 00 class 0x088000
[    1.773630] pci 0000:16:00.1: [8086:09a4] type 00 class 0x088000
[    1.773693] pci 0000:16:00.2: [8086:09a3] type 00 class 0x088000
[    1.773756] pci 0000:16:00.4: [8086:0998] type 00 class 0x060000
[    1.773827] pci 0000:16:02.0: [8086:347a] type 01 class 0x060400
[    1.773837] pci 0000:16:02.0: reg 0x10: [mem 0x21fffff00000-0x21fffff1ffff 64bit]
[    1.773875] pci 0000:16:02.0: PME# supported from D0 D3hot D3cold
[    1.774824] pci 0000:17:00.0: [1000:10e2] type 00 class 0x010400
[    1.774837] pci 0000:17:00.0: reg 0x10: [mem 0x9b800000-0x9b8fffff 64bit pref]
[    1.774846] pci 0000:17:00.0: reg 0x18: [mem 0x9b900000-0x9b9fffff 64bit pref]
[    1.774852] pci 0000:17:00.0: reg 0x20: [mem 0x9ba00000-0x9bafffff]
[    1.774857] pci 0000:17:00.0: reg 0x24: [io  0x5000-0x50ff]
[    1.774864] pci 0000:17:00.0: reg 0x30: [mem 0xfff00000-0xffffffff pref]
[    1.775986] pci 0000:17:00.0: supports D1 D2
[    1.776055] pci 0000:16:02.0: PCI bridge to [bus 17]
[    1.776057] pci 0000:16:02.0:   bridge window [io  0x5000-0x5fff]
[    1.776059] pci 0000:16:02.0:   bridge window [mem 0x9ba00000-0x9bafffff]
[    1.776062] pci 0000:16:02.0:   bridge window [mem 0x9b800000-0x9b9fffff 64bit pref]
[    1.776068] pci_bus 0000:16: on NUMA node 0
[    1.776147] ACPI: PCI Root Bridge [PC02] (domain 0000 [bus 30-49])
[    1.776150] acpi PNP0A08:02: _OSC: OS supports [ExtendedConfig ASPM ClockPM Segments MSI HPX-Type3]
[    1.790571] acpi PNP0A08:02: _OSC: platform does not support [SHPCHotplug AER]
[    1.790786] acpi PNP0A08:02: _OSC: OS now controls [PCIeHotplug PME PCIeCapability LTR]
[    1.790788] acpi PNP0A08:02: FADT indicates ASPM is unsupported, using BIOS configuration
[    1.790912] PCI host bridge to bus 0000:30
[    1.790913] pci_bus 0000:30: root bus resource [io  0x7000-0x8fff window]
[    1.790915] pci_bus 0000:30: root bus resource [mem 0xa6400000-0xb0ffffff window]
[    1.790916] pci_bus 0000:30: root bus resource [mem 0x220000000000-0x22ffffffffff window]
[    1.790918] pci_bus 0000:30: root bus resource [bus 30-49]
[    1.790928] pci 0000:30:00.0: [8086:09a2] type 00 class 0x088000
[    1.791008] pci 0000:30:00.1: [8086:09a4] type 00 class 0x088000
[    1.791070] pci 0000:30:00.2: [8086:09a3] type 00 class 0x088000
[    1.791131] pci 0000:30:00.4: [8086:0998] type 00 class 0x060000
[    1.791203] pci_bus 0000:30: on NUMA node 0
[    1.791308] ACPI: PCI Root Bridge [PC04] (domain 0000 [bus 4a-63])
[    1.791311] acpi PNP0A08:04: _OSC: OS supports [ExtendedConfig ASPM ClockPM Segments MSI HPX-Type3]
[    1.805773] acpi PNP0A08:04: _OSC: platform does not support [SHPCHotplug AER]
[    1.805987] acpi PNP0A08:04: _OSC: OS now controls [PCIeHotplug PME PCIeCapability LTR]
[    1.805988] acpi PNP0A08:04: FADT indicates ASPM is unsupported, using BIOS configuration
[    1.806107] PCI host bridge to bus 0000:4a
[    1.806108] pci_bus 0000:4a: root bus resource [io  0x9000-0x9fff window]
[    1.806110] pci_bus 0000:4a: root bus resource [mem 0xb1000000-0xbbbfffff window]
[    1.806111] pci_bus 0000:4a: root bus resource [mem 0x230000000000-0x23ffffffffff window]
[    1.806113] pci_bus 0000:4a: root bus resource [bus 4a-63]
[    1.806122] pci 0000:4a:00.0: [8086:09a2] type 00 class 0x088000
[    1.806186] pci 0000:4a:00.1: [8086:09a4] type 00 class 0x088000
[    1.806252] pci 0000:4a:00.2: [8086:09a3] type 00 class 0x088000
[    1.806313] pci 0000:4a:00.4: [8086:0998] type 00 class 0x060000
[    1.806382] pci_bus 0000:4a: on NUMA node 0
[    1.806456] ACPI: PCI Root Bridge [PC05] (domain 0000 [bus 64-7d])
[    1.806458] acpi PNP0A08:05: _OSC: OS supports [ExtendedConfig ASPM ClockPM Segments MSI HPX-Type3]
[    1.820903] acpi PNP0A08:05: _OSC: platform does not support [SHPCHotplug AER]
[    1.821115] acpi PNP0A08:05: _OSC: OS now controls [PCIeHotplug PME PCIeCapability LTR]
[    1.821117] acpi PNP0A08:05: FADT indicates ASPM is unsupported, using BIOS configuration
[    1.821236] PCI host bridge to bus 0000:64
[    1.821237] pci_bus 0000:64: root bus resource [io  0xa000-0xafff window]
[    1.821238] pci_bus 0000:64: root bus resource [mem 0xbbc00000-0xc5ffffff window]
[    1.821239] pci_bus 0000:64: root bus resource [mem 0x240000000000-0x24ffffffffff window]
[    1.821241] pci_bus 0000:64: root bus resource [bus 64-7d]
[    1.821250] pci 0000:64:00.0: [8086:09a2] type 00 class 0x088000
[    1.821314] pci 0000:64:00.1: [8086:09a4] type 00 class 0x088000
[    1.821376] pci 0000:64:00.2: [8086:09a3] type 00 class 0x088000
[    1.821437] pci 0000:64:00.4: [8086:0998] type 00 class 0x060000
[    1.821506] pci_bus 0000:64: on NUMA node 0
[    1.821572] ACPI: PCI Root Bridge [UC06] (domain 0000 [bus 7e])
[    1.821575] acpi PNP0A03:00: _OSC: OS supports [ExtendedConfig ASPM ClockPM Segments MSI HPX-Type3]
[    1.821673] acpi PNP0A03:00: _OSC: platform does not support [SHPCHotplug AER LTR]
[    1.821853] acpi PNP0A03:00: _OSC: OS now controls [PCIeHotplug PME PCIeCapability]
[    1.821854] acpi PNP0A03:00: FADT indicates ASPM is unsupported, using BIOS configuration
[    1.821989] PCI host bridge to bus 0000:7e
[    1.821990] pci_bus 0000:7e: root bus resource [bus 7e]
[    1.821998] pci 0000:7e:00.0: [8086:3450] type 00 class 0x088000
[    1.822070] pci 0000:7e:00.1: [8086:3451] type 00 class 0x088000
[    1.822129] pci 0000:7e:00.2: [8086:3452] type 00 class 0x088000
[    1.822198] pci 0000:7e:00.3: [8086:0998] type 00 class 0x060000
[    1.822253] pci 0000:7e:00.5: [8086:3455] type 00 class 0x088000
[    1.822314] pci 0000:7e:02.0: [8086:3440] type 00 class 0x088000
[    1.822440] pci 0000:7e:02.1: [8086:3441] type 00 class 0x088000
[    1.822547] pci 0000:7e:02.2: [8086:3442] type 00 class 0x088000
[    1.822654] pci 0000:7e:03.0: [8086:3440] type 00 class 0x088000
[    1.822746] pci 0000:7e:03.1: [8086:3441] type 00 class 0x088000
[    1.822824] pci 0000:7e:03.2: [8086:3442] type 00 class 0x088000
[    1.822905] pci 0000:7e:04.0: [8086:3440] type 00 class 0x088000
[    1.823024] pci 0000:7e:04.1: [8086:3441] type 00 class 0x088000
[    1.823138] pci 0000:7e:04.2: [8086:3442] type 00 class 0x088000
[    1.823255] pci 0000:7e:04.3: [8086:3443] type 00 class 0x088000
[    1.823372] pci 0000:7e:05.0: [8086:3445] type 00 class 0x088000
[    1.823498] pci 0000:7e:05.1: [8086:3446] type 00 class 0x088000
[    1.823609] pci 0000:7e:05.2: [8086:3447] type 00 class 0x088000
[    1.823722] pci 0000:7e:06.0: [8086:3445] type 00 class 0x088000
[    1.823816] pci 0000:7e:06.1: [8086:3446] type 00 class 0x088000
[    1.823900] pci 0000:7e:06.2: [8086:3447] type 00 class 0x088000
[    1.823984] pci 0000:7e:07.0: [8086:3445] type 00 class 0x088000
[    1.824118] pci 0000:7e:07.1: [8086:3446] type 00 class 0x088000
[    1.824236] pci 0000:7e:07.2: [8086:3447] type 00 class 0x088000
[    1.824352] pci 0000:7e:0b.0: [8086:3448] type 00 class 0x088000
[    1.824428] pci 0000:7e:0b.1: [8086:3448] type 00 class 0x088000
[    1.824495] pci 0000:7e:0b.2: [8086:344b] type 00 class 0x088000
[    1.824563] pci 0000:7e:0c.0: [8086:344a] type 00 class 0x110100
[    1.824666] pci 0000:7e:0d.0: [8086:344a] type 00 class 0x110100
[    1.824767] pci 0000:7e:0e.0: [8086:344a] type 00 class 0x110100
[    1.824911] pci 0000:7e:0f.0: [8086:344a] type 00 class 0x110100
[    1.825065] pci 0000:7e:1a.0: [8086:2880] type 00 class 0x110100
[    1.825164] pci 0000:7e:1b.0: [8086:2880] type 00 class 0x110100
[    1.825261] pci 0000:7e:1c.0: [8086:2880] type 00 class 0x110100
[    1.825417] pci 0000:7e:1d.0: [8086:2880] type 00 class 0x110100
[    1.825563] pci_bus 0000:7e: on NUMA node 0
[    1.825649] ACPI: PCI Root Bridge [UC07] (domain 0000 [bus 7f])
[    1.825652] acpi PNP0A03:01: _OSC: OS supports [ExtendedConfig ASPM ClockPM Segments MSI HPX-Type3]
[    1.825754] acpi PNP0A03:01: _OSC: platform does not support [SHPCHotplug AER LTR]
[    1.825937] acpi PNP0A03:01: _OSC: OS now controls [PCIeHotplug PME PCIeCapability]
[    1.825938] acpi PNP0A03:01: FADT indicates ASPM is unsupported, using BIOS configuration
[    1.826089] PCI host bridge to bus 0000:7f
[    1.826090] pci_bus 0000:7f: root bus resource [bus 7f]
[    1.826104] pci 0000:7f:00.0: [8086:344c] type 00 class 0x088000
[    1.826219] pci 0000:7f:00.1: [8086:344c] type 00 class 0x088000
[    1.826329] pci 0000:7f:00.2: [8086:344c] type 00 class 0x088000
[    1.826440] pci 0000:7f:00.3: [8086:344c] type 00 class 0x088000
[    1.826530] pci 0000:7f:00.4: [8086:344c] type 00 class 0x088000
[    1.826649] pci 0000:7f:00.5: [8086:344c] type 00 class 0x088000
[    1.826765] pci 0000:7f:00.6: [8086:344c] type 00 class 0x088000
[    1.826849] pci 0000:7f:00.7: [8086:344c] type 00 class 0x088000
[    1.826932] pci 0000:7f:01.0: [8086:344c] type 00 class 0x088000
[    1.827072] pci 0000:7f:01.1: [8086:344c] type 00 class 0x088000
[    1.827192] pci 0000:7f:01.2: [8086:344c] type 00 class 0x088000
[    1.827271] pci 0000:7f:01.3: [8086:344c] type 00 class 0x088000
[    1.827401] pci 0000:7f:01.4: [8086:344c] type 00 class 0x088000
[    1.827532] pci 0000:7f:01.5: [8086:344c] type 00 class 0x088000
[    1.827667] pci 0000:7f:01.6: [8086:344c] type 00 class 0x088000
[    1.827793] pci 0000:7f:01.7: [8086:344c] type 00 class 0x088000
[    1.827922] pci 0000:7f:02.0: [8086:344c] type 00 class 0x088000
[    1.828065] pci 0000:7f:02.1: [8086:344c] type 00 class 0x088000
[    1.828199] pci 0000:7f:02.2: [8086:344c] type 00 class 0x088000
[    1.828330] pci 0000:7f:02.3: [8086:344c] type 00 class 0x088000
[    1.828468] pci 0000:7f:02.4: [8086:344c] type 00 class 0x088000
[    1.828604] pci 0000:7f:02.5: [8086:344c] type 00 class 0x088000
[    1.828742] pci 0000:7f:02.6: [8086:344c] type 00 class 0x088000
[    1.828893] pci 0000:7f:02.7: [8086:344c] type 00 class 0x088000
[    1.829040] pci 0000:7f:03.0: [8086:344c] type 00 class 0x088000
[    1.829198] pci 0000:7f:03.1: [8086:344c] type 00 class 0x088000
[    1.829349] pci 0000:7f:03.2: [8086:344c] type 00 class 0x088000
[    1.829497] pci 0000:7f:03.3: [8086:344c] type 00 class 0x088000
[    1.829656] pci 0000:7f:0a.0: [8086:344d] type 00 class 0x088000
[    1.829769] pci 0000:7f:0a.1: [8086:344d] type 00 class 0x088000
[    1.829878] pci 0000:7f:0a.2: [8086:344d] type 00 class 0x088000
[    1.829994] pci 0000:7f:0a.3: [8086:344d] type 00 class 0x088000
[    1.830083] pci 0000:7f:0a.4: [8086:344d] type 00 class 0x088000
[    1.830203] pci 0000:7f:0a.5: [8086:344d] type 00 class 0x088000
[    1.830319] pci 0000:7f:0a.6: [8086:344d] type 00 class 0x088000
[    1.830396] pci 0000:7f:0a.7: [8086:344d] type 00 class 0x088000
[    1.830478] pci 0000:7f:0b.0: [8086:344d] type 00 class 0x088000
[    1.830621] pci 0000:7f:0b.1: [8086:344d] type 00 class 0x088000
[    1.830739] pci 0000:7f:0b.2: [8086:344d] type 00 class 0x088000
[    1.830823] pci 0000:7f:0b.3: [8086:344d] type 00 class 0x088000
[    1.830953] pci 0000:7f:0b.4: [8086:344d] type 00 class 0x088000
[    1.831083] pci 0000:7f:0b.5: [8086:344d] type 00 class 0x088000
[    1.831219] pci 0000:7f:0b.6: [8086:344d] type 00 class 0x088000
[    1.831339] pci 0000:7f:0b.7: [8086:344d] type 00 class 0x088000
[    1.831468] pci 0000:7f:0c.0: [8086:344d] type 00 class 0x088000
[    1.831613] pci 0000:7f:0c.1: [8086:344d] type 00 class 0x088000
[    1.831744] pci 0000:7f:0c.2: [8086:344d] type 00 class 0x088000
[    1.831880] pci 0000:7f:0c.3: [8086:344d] type 00 class 0x088000
[    1.832018] pci 0000:7f:0c.4: [8086:344d] type 00 class 0x088000
[    1.832154] pci 0000:7f:0c.5: [8086:344d] type 00 class 0x088000
[    1.832291] pci 0000:7f:0c.6: [8086:344d] type 00 class 0x088000
[    1.832437] pci 0000:7f:0c.7: [8086:344d] type 00 class 0x088000
[    1.832584] pci 0000:7f:0d.0: [8086:344d] type 00 class 0x088000
[    1.832748] pci 0000:7f:0d.1: [8086:344d] type 00 class 0x088000
[    1.832900] pci 0000:7f:0d.2: [8086:344d] type 00 class 0x088000
[    1.833053] pci 0000:7f:0d.3: [8086:344d] type 00 class 0x088000
[    1.833221] pci 0000:7f:1d.0: [8086:344f] type 00 class 0x088000
[    1.833343] pci 0000:7f:1d.1: [8086:3457] type 00 class 0x088000
[    1.833448] pci 0000:7f:1e.0: [8086:3458] type 00 class 0x088000
[    1.833531] pci 0000:7f:1e.1: [8086:3459] type 00 class 0x088000
[    1.833593] pci 0000:7f:1e.2: [8086:345a] type 00 class 0x088000
[    1.833656] pci 0000:7f:1e.3: [8086:345b] type 00 class 0x088000
[    1.833717] pci 0000:7f:1e.4: [8086:345c] type 00 class 0x088000
[    1.833785] pci 0000:7f:1e.5: [8086:345d] type 00 class 0x088000
[    1.833845] pci 0000:7f:1e.6: [8086:345e] type 00 class 0x088000
[    1.833906] pci 0000:7f:1e.7: [8086:345f] type 00 class 0x088000
[    1.833964] pci_bus 0000:7f: on NUMA node 0
[    1.834068] ACPI: PCI Root Bridge [PC06] (domain 0000 [bus 80])
[    1.834071] acpi PNP0A08:06: _OSC: OS supports [ExtendedConfig ASPM ClockPM Segments MSI HPX-Type3]
[    1.848477] acpi PNP0A08:06: _OSC: platform does not support [SHPCHotplug AER]
[    1.848690] acpi PNP0A08:06: _OSC: OS now controls [PCIeHotplug PME PCIeCapability LTR]
[    1.848691] acpi PNP0A08:06: FADT indicates ASPM is unsupported, using BIOS configuration
[    1.848839] PCI host bridge to bus 0000:80
[    1.848840] pci_bus 0000:80: root bus resource [io  0xb000-0xbfff window]
[    1.848842] pci_bus 0000:80: root bus resource [mem 0xc6800000-0xd0ffffff window]
[    1.848843] pci_bus 0000:80: root bus resource [mem 0x250000000000-0x25ffffffffff window]
[    1.848845] pci_bus 0000:80: root bus resource [bus 80]
[    1.848855] pci 0000:80:00.0: [8086:09a2] type 00 class 0x088000
[    1.848941] pci 0000:80:00.1: [8086:09a4] type 00 class 0x088000
[    1.849010] pci 0000:80:00.2: [8086:09a3] type 00 class 0x088000
[    1.849079] pci 0000:80:00.4: [8086:0998] type 00 class 0x060000
[    1.849150] pci 0000:80:02.0: [8086:09a6] type 00 class 0x088000
[    1.849159] pci 0000:80:02.0: reg 0x10: [mem 0xc6aa4000-0xc6aa5fff]
[    1.849223] pci 0000:80:02.1: [8086:09a7] type 00 class 0x088000
[    1.849232] pci 0000:80:02.1: reg 0x10: [mem 0xc6a00000-0xc6a7ffff]
[    1.849238] pci 0000:80:02.1: reg 0x14: [mem 0xc6980000-0xc69fffff]
[    1.849293] pci 0000:80:02.4: [8086:3456] type 00 class 0x130000
[    1.849304] pci 0000:80:02.4: reg 0x10: [mem 0xc6800000-0xc68fffff 64bit]
[    1.849311] pci 0000:80:02.4: reg 0x18: [mem 0xc6aa0000-0xc6aa3fff 64bit]
[    1.849318] pci 0000:80:02.4: reg 0x20: [mem 0xc6a80000-0xc6a9ffff 64bit]
[    1.849385] pci_bus 0000:80: on NUMA node 1
[    1.849465] ACPI: PCI Root Bridge [PC07] (domain 0000 [bus 81])
[    1.849468] acpi PNP0A08:07: _OSC: OS supports [ExtendedConfig ASPM ClockPM Segments MSI HPX-Type3]
[    1.863886] acpi PNP0A08:07: _OSC: platform does not support [SHPCHotplug AER]
[    1.864099] acpi PNP0A08:07: _OSC: OS now controls [PCIeHotplug PME PCIeCapability LTR]
[    1.864101] acpi PNP0A08:07: FADT indicates ASPM is unsupported, using BIOS configuration
[    1.864221] PCI host bridge to bus 0000:81
[    1.864222] pci_bus 0000:81: root bus resource [io  0xc000-0xcfff window]
[    1.864223] pci_bus 0000:81: root bus resource [mem 0xd1000000-0xdbbfffff window]
[    1.864225] pci_bus 0000:81: root bus resource [mem 0x260000000000-0x26ffffffffff window]
[    1.864226] pci_bus 0000:81: root bus resource [bus 81]
[    1.864236] pci 0000:81:00.0: [8086:09a2] type 00 class 0x088000
[    1.864305] pci 0000:81:00.1: [8086:09a4] type 00 class 0x088000
[    1.864372] pci 0000:81:00.2: [8086:09a3] type 00 class 0x088000
[    1.864441] pci 0000:81:00.4: [8086:0998] type 00 class 0x060000
[    1.864519] pci_bus 0000:81: on NUMA node 1
[    1.864592] ACPI: PCI Root Bridge [PC08] (domain 0000 [bus 82])
[    1.864594] acpi PNP0A08:08: _OSC: OS supports [ExtendedConfig ASPM ClockPM Segments MSI HPX-Type3]
[    1.879000] acpi PNP0A08:08: _OSC: platform does not support [SHPCHotplug AER]
[    1.879216] acpi PNP0A08:08: _OSC: OS now controls [PCIeHotplug PME PCIeCapability LTR]
[    1.879217] acpi PNP0A08:08: FADT indicates ASPM is unsupported, using BIOS configuration
[    1.879334] PCI host bridge to bus 0000:82
[    1.879336] pci_bus 0000:82: root bus resource [io  0xd000-0xdfff window]
[    1.879337] pci_bus 0000:82: root bus resource [mem 0xdbc00000-0xe67fffff window]
[    1.879338] pci_bus 0000:82: root bus resource [mem 0x270000000000-0x27ffffffffff window]
[    1.879340] pci_bus 0000:82: root bus resource [bus 82]
[    1.879349] pci 0000:82:00.0: [8086:09a2] type 00 class 0x088000
[    1.879420] pci 0000:82:00.1: [8086:09a4] type 00 class 0x088000
[    1.879492] pci 0000:82:00.2: [8086:09a3] type 00 class 0x088000
[    1.879561] pci 0000:82:00.4: [8086:0998] type 00 class 0x060000
[    1.879638] pci_bus 0000:82: on NUMA node 1
[    1.879742] ACPI: PCI Root Bridge [PC10] (domain 0000 [bus 83-f9])
[    1.879745] acpi PNP0A08:0a: _OSC: OS supports [ExtendedConfig ASPM ClockPM Segments MSI HPX-Type3]
[    1.894175] acpi PNP0A08:0a: _OSC: platform does not support [SHPCHotplug AER]
[    1.894387] acpi PNP0A08:0a: _OSC: OS now controls [PCIeHotplug PME PCIeCapability LTR]
[    1.894389] acpi PNP0A08:0a: FADT indicates ASPM is unsupported, using BIOS configuration
[    1.894516] PCI host bridge to bus 0000:83
[    1.894517] pci_bus 0000:83: root bus resource [io  0xe000-0xefff window]
[    1.894519] pci_bus 0000:83: root bus resource [mem 0xe6800000-0xf13fffff window]
[    1.894520] pci_bus 0000:83: root bus resource [mem 0x280000000000-0x28ffffffffff window]
[    1.894521] pci_bus 0000:83: root bus resource [bus 83-f9]
[    1.894531] pci 0000:83:00.0: [8086:09a2] type 00 class 0x088000
[    1.894602] pci 0000:83:00.1: [8086:09a4] type 00 class 0x088000
[    1.894669] pci 0000:83:00.2: [8086:09a3] type 00 class 0x088000
[    1.894738] pci 0000:83:00.4: [8086:0998] type 00 class 0x060000
[    1.894816] pci_bus 0000:83: on NUMA node 1
[    1.894891] ACPI: PCI Root Bridge [PC11] (domain 0000 [bus fa])
[    1.894893] acpi PNP0A08:0b: _OSC: OS supports [ExtendedConfig ASPM ClockPM Segments MSI HPX-Type3]
[    1.909307] acpi PNP0A08:0b: _OSC: platform does not support [SHPCHotplug AER]
[    1.909518] acpi PNP0A08:0b: _OSC: OS now controls [PCIeHotplug PME PCIeCapability LTR]
[    1.909519] acpi PNP0A08:0b: FADT indicates ASPM is unsupported, using BIOS configuration
[    1.909636] PCI host bridge to bus 0000:fa
[    1.909637] pci_bus 0000:fa: root bus resource [io  0xf000-0xffff window]
[    1.909638] pci_bus 0000:fa: root bus resource [mem 0xf1400000-0xfb7fffff window]
[    1.909639] pci_bus 0000:fa: root bus resource [mem 0x290000000000-0x29ffffffffff window]
[    1.909641] pci_bus 0000:fa: root bus resource [bus fa]
[    1.909651] pci 0000:fa:00.0: [8086:09a2] type 00 class 0x088000
[    1.909720] pci 0000:fa:00.1: [8086:09a4] type 00 class 0x088000
[    1.909792] pci 0000:fa:00.2: [8086:09a3] type 00 class 0x088000
[    1.909862] pci 0000:fa:00.4: [8086:0998] type 00 class 0x060000
[    1.909941] pci_bus 0000:fa: on NUMA node 1
[    1.910007] ACPI: PCI Root Bridge [UC16] (domain 0000 [bus fe])
[    1.910010] acpi PNP0A03:02: _OSC: OS supports [ExtendedConfig ASPM ClockPM Segments MSI HPX-Type3]
[    1.910107] acpi PNP0A03:02: _OSC: platform does not support [SHPCHotplug AER LTR]
[    1.910288] acpi PNP0A03:02: _OSC: OS now controls [PCIeHotplug PME PCIeCapability]
[    1.910289] acpi PNP0A03:02: FADT indicates ASPM is unsupported, using BIOS configuration
[    1.910419] PCI host bridge to bus 0000:fe
[    1.910420] pci_bus 0000:fe: root bus resource [bus fe]
[    1.910429] pci 0000:fe:00.0: [8086:3450] type 00 class 0x088000
[    1.910503] pci 0000:fe:00.1: [8086:3451] type 00 class 0x088000
[    1.910562] pci 0000:fe:00.2: [8086:3452] type 00 class 0x088000
[    1.910620] pci 0000:fe:00.3: [8086:0998] type 00 class 0x060000
[    1.910680] pci 0000:fe:00.5: [8086:3455] type 00 class 0x088000
[    1.910746] pci 0000:fe:02.0: [8086:3440] type 00 class 0x088000
[    1.910882] pci 0000:fe:02.1: [8086:3441] type 00 class 0x088000
[    1.910995] pci 0000:fe:02.2: [8086:3442] type 00 class 0x088000
[    1.911108] pci 0000:fe:03.0: [8086:3440] type 00 class 0x088000
[    1.911209] pci 0000:fe:03.1: [8086:3441] type 00 class 0x088000
[    1.911288] pci 0000:fe:03.2: [8086:3442] type 00 class 0x088000
[    1.911375] pci 0000:fe:04.0: [8086:3440] type 00 class 0x088000
[    1.911499] pci 0000:fe:04.1: [8086:3441] type 00 class 0x088000
[    1.911620] pci 0000:fe:04.2: [8086:3442] type 00 class 0x088000
[    1.911745] pci 0000:fe:04.3: [8086:3443] type 00 class 0x088000
[    1.911868] pci 0000:fe:05.0: [8086:3445] type 00 class 0x088000
[    1.911999] pci 0000:fe:05.1: [8086:3446] type 00 class 0x088000
[    1.912116] pci 0000:fe:05.2: [8086:3447] type 00 class 0x088000
[    1.912230] pci 0000:fe:06.0: [8086:3445] type 00 class 0x088000
[    1.912327] pci 0000:fe:06.1: [8086:3446] type 00 class 0x088000
[    1.912408] pci 0000:fe:06.2: [8086:3447] type 00 class 0x088000
[    1.912499] pci 0000:fe:07.0: [8086:3445] type 00 class 0x088000
[    1.912644] pci 0000:fe:07.1: [8086:3446] type 00 class 0x088000
[    1.912766] pci 0000:fe:07.2: [8086:3447] type 00 class 0x088000
[    1.912886] pci 0000:fe:0b.0: [8086:3448] type 00 class 0x088000
[    1.912966] pci 0000:fe:0b.1: [8086:3448] type 00 class 0x088000
[    1.913031] pci 0000:fe:0b.2: [8086:344b] type 00 class 0x088000
[    1.913103] pci 0000:fe:0c.0: [8086:344a] type 00 class 0x110100
[    1.913210] pci 0000:fe:0d.0: [8086:344a] type 00 class 0x110100
[    1.913315] pci 0000:fe:0e.0: [8086:344a] type 00 class 0x110100
[    1.913469] pci 0000:fe:0f.0: [8086:344a] type 00 class 0x110100
[    1.913630] pci 0000:fe:1a.0: [8086:2880] type 00 class 0x110100
[    1.913735] pci 0000:fe:1b.0: [8086:2880] type 00 class 0x110100
[    1.913839] pci 0000:fe:1c.0: [8086:2880] type 00 class 0x110100
[    1.913994] pci 0000:fe:1d.0: [8086:2880] type 00 class 0x110100
[    1.914146] pci_bus 0000:fe: on NUMA node 1
[    1.914229] ACPI: PCI Root Bridge [UC17] (domain 0000 [bus ff])
[    1.914231] acpi PNP0A03:03: _OSC: OS supports [ExtendedConfig ASPM ClockPM Segments MSI HPX-Type3]
[    1.914329] acpi PNP0A03:03: _OSC: platform does not support [SHPCHotplug AER LTR]
[    1.914509] acpi PNP0A03:03: _OSC: OS now controls [PCIeHotplug PME PCIeCapability]
[    1.914510] acpi PNP0A03:03: FADT indicates ASPM is unsupported, using BIOS configuration
[    1.914657] PCI host bridge to bus 0000:ff
[    1.914658] pci_bus 0000:ff: root bus resource [bus ff]
[    1.914673] pci 0000:ff:00.0: [8086:344c] type 00 class 0x088000
[    1.914792] pci 0000:ff:00.1: [8086:344c] type 00 class 0x088000
[    1.914905] pci 0000:ff:00.2: [8086:344c] type 00 class 0x088000
[    1.915009] pci 0000:ff:00.3: [8086:344c] type 00 class 0x088000
[    1.915133] pci 0000:ff:00.4: [8086:344c] type 00 class 0x088000
[    1.915250] pci 0000:ff:00.5: [8086:344c] type 00 class 0x088000
[    1.915345] pci 0000:ff:00.6: [8086:344c] type 00 class 0x088000
[    1.915469] pci 0000:ff:00.7: [8086:344c] type 00 class 0x088000
[    1.915596] pci 0000:ff:01.0: [8086:344c] type 00 class 0x088000
[    1.915744] pci 0000:ff:01.1: [8086:344c] type 00 class 0x088000
[    1.915868] pci 0000:ff:01.2: [8086:344c] type 00 class 0x088000
[    1.915956] pci 0000:ff:01.3: [8086:344c] type 00 class 0x088000
[    1.916092] pci 0000:ff:01.4: [8086:344c] type 00 class 0x088000
[    1.916228] pci 0000:ff:01.5: [8086:344c] type 00 class 0x088000
[    1.916368] pci 0000:ff:01.6: [8086:344c] type 00 class 0x088000
[    1.916495] pci 0000:ff:01.7: [8086:344c] type 00 class 0x088000
[    1.916628] pci 0000:ff:02.0: [8086:344c] type 00 class 0x088000
[    1.916780] pci 0000:ff:02.1: [8086:344c] type 00 class 0x088000
[    1.916910] pci 0000:ff:02.2: [8086:344c] type 00 class 0x088000
[    1.917052] pci 0000:ff:02.3: [8086:344c] type 00 class 0x088000
[    1.917188] pci 0000:ff:02.4: [8086:344c] type 00 class 0x088000
[    1.917324] pci 0000:ff:02.5: [8086:344c] type 00 class 0x088000
[    1.917468] pci 0000:ff:02.6: [8086:344c] type 00 class 0x088000
[    1.917610] pci 0000:ff:02.7: [8086:344c] type 00 class 0x088000
[    1.917761] pci 0000:ff:03.0: [8086:344c] type 00 class 0x088000
[    1.917928] pci 0000:ff:03.1: [8086:344c] type 00 class 0x088000
[    1.918077] pci 0000:ff:03.2: [8086:344c] type 00 class 0x088000
[    1.918244] pci 0000:ff:03.3: [8086:344c] type 00 class 0x088000
[    1.918407] pci 0000:ff:0a.0: [8086:344d] type 00 class 0x088000
[    1.918525] pci 0000:ff:0a.1: [8086:344d] type 00 class 0x088000
[    1.918638] pci 0000:ff:0a.2: [8086:344d] type 00 class 0x088000
[    1.918736] pci 0000:ff:0a.3: [8086:344d] type 00 class 0x088000
[    1.918857] pci 0000:ff:0a.4: [8086:344d] type 00 class 0x088000
[    1.918974] pci 0000:ff:0a.5: [8086:344d] type 00 class 0x088000
[    1.919067] pci 0000:ff:0a.6: [8086:344d] type 00 class 0x088000
[    1.919200] pci 0000:ff:0a.7: [8086:344d] type 00 class 0x088000
[    1.919327] pci 0000:ff:0b.0: [8086:344d] type 00 class 0x088000
[    1.919474] pci 0000:ff:0b.1: [8086:344d] type 00 class 0x088000
[    1.919598] pci 0000:ff:0b.2: [8086:344d] type 00 class 0x088000
[    1.919681] pci 0000:ff:0b.3: [8086:344d] type 00 class 0x088000
[    1.919819] pci 0000:ff:0b.4: [8086:344d] type 00 class 0x088000
[    1.919956] pci 0000:ff:0b.5: [8086:344d] type 00 class 0x088000
[    1.920096] pci 0000:ff:0b.6: [8086:344d] type 00 class 0x088000
[    1.920229] pci 0000:ff:0b.7: [8086:344d] type 00 class 0x088000
[    1.920361] pci 0000:ff:0c.0: [8086:344d] type 00 class 0x088000
[    1.920510] pci 0000:ff:0c.1: [8086:344d] type 00 class 0x088000
[    1.920641] pci 0000:ff:0c.2: [8086:344d] type 00 class 0x088000
[    1.920780] pci 0000:ff:0c.3: [8086:344d] type 00 class 0x088000
[    1.920916] pci 0000:ff:0c.4: [8086:344d] type 00 class 0x088000
[    1.921052] pci 0000:ff:0c.5: [8086:344d] type 00 class 0x088000
[    1.921196] pci 0000:ff:0c.6: [8086:344d] type 00 class 0x088000
[    1.921344] pci 0000:ff:0c.7: [8086:344d] type 00 class 0x088000
[    1.921496] pci 0000:ff:0d.0: [8086:344d] type 00 class 0x088000
[    1.921661] pci 0000:ff:0d.1: [8086:344d] type 00 class 0x088000
[    1.921810] pci 0000:ff:0d.2: [8086:344d] type 00 class 0x088000
[    1.921970] pci 0000:ff:0d.3: [8086:344d] type 00 class 0x088000
[    1.922143] pci 0000:ff:1d.0: [8086:344f] type 00 class 0x088000
[    1.922271] pci 0000:ff:1d.1: [8086:3457] type 00 class 0x088000
[    1.922382] pci 0000:ff:1e.0: [8086:3458] type 00 class 0x088000
[    1.922467] pci 0000:ff:1e.1: [8086:3459] type 00 class 0x088000
[    1.922532] pci 0000:ff:1e.2: [8086:345a] type 00 class 0x088000
[    1.922596] pci 0000:ff:1e.3: [8086:345b] type 00 class 0x088000
[    1.922660] pci 0000:ff:1e.4: [8086:345c] type 00 class 0x088000
[    1.922724] pci 0000:ff:1e.5: [8086:345d] type 00 class 0x088000
[    1.922789] pci 0000:ff:1e.6: [8086:345e] type 00 class 0x088000
[    1.922854] pci 0000:ff:1e.7: [8086:345f] type 00 class 0x088000
[    1.922916] pci_bus 0000:ff: on NUMA node 1
[    1.926966] iommu: Default domain type: Translated 
[    1.926966] iommu: DMA domain TLB invalidation policy: lazy mode 
[    1.927170] SCSI subsystem initialized
[    1.927212] libata version 3.00 loaded.
[    1.927212] ACPI: bus type USB registered
[    1.927212] usbcore: registered new interface driver usbfs
[    1.927212] usbcore: registered new interface driver hub
[    1.927212] usbcore: registered new device driver usb
[    1.927212] pps_core: LinuxPPS API ver. 1 registered
[    1.927212] pps_core: Software ver. 5.3.6 - Copyright 2005-2007 Rodolfo Giometti <giometti@linux.it>
[    1.927212] PTP clock support registered
[    1.927212] EDAC MC: Ver: 3.0.0
[    1.927592] Registered efivars operations
[    1.927592] NetLabel: Initializing
[    1.927592] NetLabel:  domain hash size = 128
[    1.927592] NetLabel:  protocols = UNLABELED CIPSOv4 CALIPSO
[    1.927592] NetLabel:  unlabeled traffic allowed by default
[    1.927592] PCI: Using ACPI for IRQ routing
[    1.928911] PCI: pci_cache_line_size set to 64 bytes
[    1.929465] e820: reserve RAM buffer [mem 0x0008f000-0x0008ffff]
[    1.929467] e820: reserve RAM buffer [mem 0x46cc4020-0x47ffffff]
[    1.929468] e820: reserve RAM buffer [mem 0x46cf6020-0x47ffffff]
[    1.929469] e820: reserve RAM buffer [mem 0x46d29020-0x47ffffff]
[    1.929470] e820: reserve RAM buffer [mem 0x46d5c020-0x47ffffff]
[    1.929471] e820: reserve RAM buffer [mem 0x49e77000-0x4bffffff]
[    1.929472] e820: reserve RAM buffer [mem 0x4b2cf000-0x4bffffff]
[    1.929473] e820: reserve RAM buffer [mem 0x4bd94000-0x4bffffff]
[    1.929474] e820: reserve RAM buffer [mem 0x4ce00000-0x4fffffff]
[    1.929475] e820: reserve RAM buffer [mem 0x5eefe000-0x5fffffff]
[    1.929476] e820: reserve RAM buffer [mem 0x6f800000-0x6fffffff]
[    1.930950] pci 0000:03:00.0: vgaarb: setting as boot VGA device
[    1.930950] pci 0000:03:00.0: vgaarb: bridge control possible
[    1.930950] pci 0000:03:00.0: vgaarb: VGA device added: decodes=io+mem,owns=io+mem,locks=none
[    1.930950] vgaarb: loaded
[    1.931048] hpet0: at MMIO 0xfed00000, IRQs 2, 8, 0, 0, 0, 0, 0, 0
[    1.931055] hpet0: 8 comparators, 64-bit 24.000000 MHz counter
[    1.935038] clocksource: Switched to clocksource tsc-early
[    1.944622] VFS: Disk quotas dquot_6.6.0
[    1.944657] VFS: Dquot-cache hash table entries: 512 (order 0, 4096 bytes)
[    1.944806] AppArmor: AppArmor Filesystem Enabled
[    1.944817] pnp: PnP ACPI init
[    1.960980] system 00:01: [io  0x0500-0x05fe] has been reserved
[    1.960984] system 00:01: [io  0x0400-0x041f] has been reserved
[    1.960985] system 00:01: [io  0x0600-0x061f] has been reserved
[    1.960987] system 00:01: [io  0x0ca0-0x0ca1] has been reserved
[    1.960988] system 00:01: [io  0x0ca4-0x0ca6] has been reserved
[    1.960990] system 00:01: [mem 0xff000000-0xffffffff] has been reserved
[    1.961596] system 00:04: [mem 0xfd000000-0xfdabffff] has been reserved
[    1.961598] system 00:04: [mem 0xfdad0000-0xfdadffff] has been reserved
[    1.961600] system 00:04: [mem 0xfdb00000-0xfdffffff] has been reserved
[    1.961601] system 00:04: [mem 0xfe000000-0xfe00ffff] has been reserved
[    1.961603] system 00:04: [mem 0xfe011000-0xfe01ffff] has been reserved
[    1.961604] system 00:04: [mem 0xfe036000-0xfe03bfff] has been reserved
[    1.961606] system 00:04: [mem 0xfe03d000-0xfe3fffff] has been reserved
[    1.961607] system 00:04: [mem 0xfe410000-0xfe7fffff] has been reserved
[    1.961938] system 00:05: [io  0x1000-0x10fe] has been reserved
[    1.962973] pnp: PnP ACPI: found 6 devices
[    1.968716] clocksource: acpi_pm: mask: 0xffffff max_cycles: 0xffffff, max_idle_ns: 2085701024 ns
[    1.968800] NET: Registered PF_INET protocol family
[    1.969134] IP idents hash table entries: 262144 (order: 9, 2097152 bytes, vmalloc)
[    1.971313] tcp_listen_portaddr_hash hash table entries: 16384 (order: 6, 262144 bytes, vmalloc)
[    1.971676] TCP established hash table entries: 262144 (order: 9, 2097152 bytes, vmalloc)
[    1.972066] TCP bind hash table entries: 65536 (order: 8, 1048576 bytes, vmalloc)
[    1.972127] TCP: Hash tables configured (established 262144 bind 65536)
[    1.972341] UDP hash table entries: 16384 (order: 7, 524288 bytes, vmalloc)
[    1.972457] UDP-Lite hash table entries: 16384 (order: 7, 524288 bytes, vmalloc)
[    1.972617] NET: Registered PF_UNIX/PF_LOCAL protocol family
[    1.972624] NET: Registered PF_XDP protocol family
[    1.972632] pci 0000:04:00.0: can't claim BAR 6 [mem 0xfffc0000-0xffffffff pref]: no compatible bridge window
[    1.972634] pci 0000:04:00.1: can't claim BAR 6 [mem 0xfffc0000-0xffffffff pref]: no compatible bridge window
[    1.972636] pci 0000:17:00.0: can't claim BAR 6 [mem 0xfff00000-0xffffffff pref]: no compatible bridge window
[    1.972650] pci 0000:00:1c.5: BAR 14: assigned [mem 0x90000000-0x900fffff]
[    1.972653] pci 0000:00:1c.0: PCI bridge to [bus 01]
[    1.972663] pci 0000:02:00.0: PCI bridge to [bus 03]
[    1.972668] pci 0000:02:00.0:   bridge window [mem 0x92000000-0x928fffff]
[    1.972672] pci 0000:02:00.0:   bridge window [mem 0x91000000-0x91ffffff 64bit pref]
[    1.972678] pci 0000:00:1c.4: PCI bridge to [bus 02-03]
[    1.972682] pci 0000:00:1c.4:   bridge window [mem 0x92000000-0x928fffff]
[    1.972685] pci 0000:00:1c.4:   bridge window [mem 0x91000000-0x91ffffff 64bit pref]
[    1.972690] pci 0000:04:00.0: BAR 6: assigned [mem 0x90000000-0x9003ffff pref]
[    1.972692] pci 0000:04:00.1: BAR 6: assigned [mem 0x90040000-0x9007ffff pref]
[    1.972693] pci 0000:00:1c.5: PCI bridge to [bus 04]
[    1.972696] pci 0000:00:1c.5:   bridge window [mem 0x90000000-0x900fffff]
[    1.972699] pci 0000:00:1c.5:   bridge window [mem 0x92900000-0x929fffff 64bit pref]
[    1.972704] pci_bus 0000:00: resource 4 [io  0x0000-0x0cf7 window]
[    1.972705] pci_bus 0000:00: resource 5 [io  0x1000-0x4fff window]
[    1.972707] pci_bus 0000:00: resource 6 [mem 0x000a0000-0x000bffff window]
[    1.972708] pci_bus 0000:00: resource 7 [mem 0x000c8000-0x000cffff window]
[    1.972709] pci_bus 0000:00: resource 8 [mem 0xfe010000-0xfe010fff window]
[    1.972710] pci_bus 0000:00: resource 9 [mem 0x90000000-0x9b7fffff window]
[    1.972712] pci_bus 0000:00: resource 10 [mem 0x200000000000-0x20ffffffffff window]
[    1.972713] pci_bus 0000:02: resource 1 [mem 0x92000000-0x928fffff]
[    1.972715] pci_bus 0000:02: resource 2 [mem 0x91000000-0x91ffffff 64bit pref]
[    1.972716] pci_bus 0000:03: resource 1 [mem 0x92000000-0x928fffff]
[    1.972717] pci_bus 0000:03: resource 2 [mem 0x91000000-0x91ffffff 64bit pref]
[    1.972718] pci_bus 0000:04: resource 1 [mem 0x90000000-0x900fffff]
[    1.972719] pci_bus 0000:04: resource 2 [mem 0x92900000-0x929fffff 64bit pref]
[    1.972796] pci 0000:17:00.0: BAR 6: no space for [mem size 0x00100000 pref]
[    1.972798] pci 0000:17:00.0: BAR 6: failed to assign [mem size 0x00100000 pref]
[    1.972799] pci 0000:16:02.0: PCI bridge to [bus 17]
[    1.972801] pci 0000:16:02.0:   bridge window [io  0x5000-0x5fff]
[    1.972804] pci 0000:16:02.0:   bridge window [mem 0x9ba00000-0x9bafffff]
[    1.972806] pci 0000:16:02.0:   bridge window [mem 0x9b800000-0x9b9fffff 64bit pref]
[    1.972809] pci_bus 0000:16: resource 4 [io  0x5000-0x6fff window]
[    1.972810] pci_bus 0000:16: resource 5 [mem 0x9b800000-0xa63fffff window]
[    1.972812] pci_bus 0000:16: resource 6 [mem 0x210000000000-0x21ffffffffff window]
[    1.972813] pci_bus 0000:17: resource 0 [io  0x5000-0x5fff]
[    1.972814] pci_bus 0000:17: resource 1 [mem 0x9ba00000-0x9bafffff]
[    1.972815] pci_bus 0000:17: resource 2 [mem 0x9b800000-0x9b9fffff 64bit pref]
[    1.972821] pci_bus 0000:30: resource 4 [io  0x7000-0x8fff window]
[    1.972822] pci_bus 0000:30: resource 5 [mem 0xa6400000-0xb0ffffff window]
[    1.972823] pci_bus 0000:30: resource 6 [mem 0x220000000000-0x22ffffffffff window]
[    1.972829] pci_bus 0000:4a: resource 4 [io  0x9000-0x9fff window]
[    1.972830] pci_bus 0000:4a: resource 5 [mem 0xb1000000-0xbbbfffff window]
[    1.972831] pci_bus 0000:4a: resource 6 [mem 0x230000000000-0x23ffffffffff window]
