[    0.000000] Linux version 5.18.0 (xmu@xmu-PowerEdge-R750) (gcc (Ubuntu 8.4.0-1ubuntu1~18.04) 8.4.0, GNU ld (GNU Binutils for Ubuntu) 2.30) #1 SMP PREEMPT_DYNAMIC Sat Apr 6 15:16:25 CST 2024
[    0.000000] Command line: BOOT_IMAGE=/boot/vmlinuz-5.18.0 root=UUID=ce0c24b8-724b-4f33-9b2c-618433560aef ro memmap=45748M!4096M memmap=59G!64G quiet splash nomodeset vt.handoff=1
[    0.000000] KERNEL supported cpus:
[    0.000000]   Intel GenuineIntel
[    0.000000]   AMD AuthenticAMD
[    0.000000]   Hygon HygonGenuine
[    0.000000]   Centaur CentaurHauls
[    0.000000]   zhaoxin   Shanghai  
[    0.000000] x86/split lock detection: #AC: crashing the kernel on kernel split_locks and warning on user-space split_locks
[    0.000000] x86/fpu: Supporting XSAVE feature 0x001: 'x87 floating point registers'
[    0.000000] x86/fpu: Supporting XSAVE feature 0x002: 'SSE registers'
[    0.000000] x86/fpu: Supporting XSAVE feature 0x004: 'AVX registers'
[    0.000000] x86/fpu: Supporting XSAVE feature 0x020: 'AVX-512 opmask'
[    0.000000] x86/fpu: Supporting XSAVE feature 0x040: 'AVX-512 Hi256'
[    0.000000] x86/fpu: Supporting XSAVE feature 0x080: 'AVX-512 ZMM_Hi256'
[    0.000000] x86/fpu: Supporting XSAVE feature 0x200: 'Protection Keys User registers'
[    0.000000] x86/fpu: xstate_offset[2]:  576, xstate_sizes[2]:  256
[    0.000000] x86/fpu: xstate_offset[5]:  832, xstate_sizes[5]:   64
[    0.000000] x86/fpu: xstate_offset[6]:  896, xstate_sizes[6]:  512
[    0.000000] x86/fpu: xstate_offset[7]: 1408, xstate_sizes[7]: 1024
[    0.000000] x86/fpu: xstate_offset[9]: 2432, xstate_sizes[9]:    8
[    0.000000] x86/fpu: Enabled xstate features 0x2e7, context size is 2440 bytes, using 'compacted' format.
[    0.000000] signal: max sigframe size: 3632
[    0.000000] BIOS-provided physical RAM map:
[    0.000000] BIOS-e820: [mem 0x0000000000000000-0x000000000008efff] usable
[    0.000000] BIOS-e820: [mem 0x000000000008f000-0x000000000008ffff] reserved
[    0.000000] BIOS-e820: [mem 0x0000000000090000-0x000000000009ffff] usable
[    0.000000] BIOS-e820: [mem 0x00000000000a0000-0x00000000000fffff] reserved
[    0.000000] BIOS-e820: [mem 0x0000000000100000-0x0000000049e76fff] usable
[    0.000000] BIOS-e820: [mem 0x0000000049e77000-0x000000004ae76fff] ACPI NVS
[    0.000000] BIOS-e820: [mem 0x000000004ae77000-0x000000004b2cefff] usable
[    0.000000] BIOS-e820: [mem 0x000000004b2cf000-0x000000004b54dfff] ACPI data
[    0.000000] BIOS-e820: [mem 0x000000004b54e000-0x000000004bd93fff] usable
[    0.000000] BIOS-e820: [mem 0x000000004bd94000-0x000000004be99fff] reserved
[    0.000000] BIOS-e820: [mem 0x000000004be9a000-0x000000004cdfffff] usable
[    0.000000] BIOS-e820: [mem 0x000000004ce00000-0x000000004cffffff] reserved
[    0.000000] BIOS-e820: [mem 0x000000004d000000-0x000000005eefdfff] usable
[    0.000000] BIOS-e820: [mem 0x000000005eefe000-0x000000006e3fefff] reserved
[    0.000000] BIOS-e820: [mem 0x000000006e3ff000-0x000000006f3fefff] ACPI NVS
[    0.000000] BIOS-e820: [mem 0x000000006f3ff000-0x000000006f7fefff] ACPI data
[    0.000000] BIOS-e820: [mem 0x000000006f7ff000-0x000000006f7fffff] usable
[    0.000000] BIOS-e820: [mem 0x000000006f800000-0x000000008fffffff] reserved
[    0.000000] BIOS-e820: [mem 0x00000000fe000000-0x00000000fe010fff] reserved
[    0.000000] BIOS-e820: [mem 0x0000000100000000-0x000000207fffffff] usable
[    0.000000] BIOS-e820: [mem 0x0000002080000000-0x0000011c7fffffff] persistent (type 7)
[    0.000000] BIOS-e820: [mem 0x00001ffc00000000-0x00001fffffffffff] reserved
[    0.000000] NX (Execute Disable) protection: active
[    0.000000] e820: update [mem 0x46d5c020-0x46d6405f] usable ==> usable
[    0.000000] e820: update [mem 0x46d5c020-0x46d6405f] usable ==> usable
[    0.000000] e820: update [mem 0x46d29020-0x46d5bc5f] usable ==> usable
[    0.000000] e820: update [mem 0x46d29020-0x46d5bc5f] usable ==> usable
[    0.000000] e820: update [mem 0x46cf6020-0x46d28c5f] usable ==> usable
[    0.000000] e820: update [mem 0x46cf6020-0x46d28c5f] usable ==> usable
[    0.000000] e820: update [mem 0x46cc4020-0x46cf5a5f] usable ==> usable
[    0.000000] e820: update [mem 0x46cc4020-0x46cf5a5f] usable ==> usable
[    0.000000] extended physical RAM map:
[    0.000000] reserve setup_data: [mem 0x0000000000000000-0x000000000008efff] usable
[    0.000000] reserve setup_data: [mem 0x000000000008f000-0x000000000008ffff] reserved
[    0.000000] reserve setup_data: [mem 0x0000000000090000-0x000000000009ffff] usable
[    0.000000] reserve setup_data: [mem 0x00000000000a0000-0x00000000000fffff] reserved
[    0.000000] reserve setup_data: [mem 0x0000000000100000-0x0000000046cc401f] usable
[    0.000000] reserve setup_data: [mem 0x0000000046cc4020-0x0000000046cf5a5f] usable
[    0.000000] reserve setup_data: [mem 0x0000000046cf5a60-0x0000000046cf601f] usable
[    0.000000] reserve setup_data: [mem 0x0000000046cf6020-0x0000000046d28c5f] usable
[    0.000000] reserve setup_data: [mem 0x0000000046d28c60-0x0000000046d2901f] usable
[    0.000000] reserve setup_data: [mem 0x0000000046d29020-0x0000000046d5bc5f] usable
[    0.000000] reserve setup_data: [mem 0x0000000046d5bc60-0x0000000046d5c01f] usable
[    0.000000] reserve setup_data: [mem 0x0000000046d5c020-0x0000000046d6405f] usable
[    0.000000] reserve setup_data: [mem 0x0000000046d64060-0x0000000049e76fff] usable
[    0.000000] reserve setup_data: [mem 0x0000000049e77000-0x000000004ae76fff] ACPI NVS
[    0.000000] reserve setup_data: [mem 0x000000004ae77000-0x000000004b2cefff] usable
[    0.000000] reserve setup_data: [mem 0x000000004b2cf000-0x000000004b54dfff] ACPI data
[    0.000000] reserve setup_data: [mem 0x000000004b54e000-0x000000004bd93fff] usable
[    0.000000] reserve setup_data: [mem 0x000000004bd94000-0x000000004be99fff] reserved
[    0.000000] reserve setup_data: [mem 0x000000004be9a000-0x000000004cdfffff] usable
[    0.000000] reserve setup_data: [mem 0x000000004ce00000-0x000000004cffffff] reserved
[    0.000000] reserve setup_data: [mem 0x000000004d000000-0x000000005eefdfff] usable
[    0.000000] reserve setup_data: [mem 0x000000005eefe000-0x000000006e3fefff] reserved
[    0.000000] reserve setup_data: [mem 0x000000006e3ff000-0x000000006f3fefff] ACPI NVS
[    0.000000] reserve setup_data: [mem 0x000000006f3ff000-0x000000006f7fefff] ACPI data
[    0.000000] reserve setup_data: [mem 0x000000006f7ff000-0x000000006f7fffff] usable
[    0.000000] reserve setup_data: [mem 0x000000006f800000-0x000000008fffffff] reserved
[    0.000000] reserve setup_data: [mem 0x00000000fe000000-0x00000000fe010fff] reserved
[    0.000000] reserve setup_data: [mem 0x0000000100000000-0x0000000c2b3fffff] persistent (type 12)
[    0.000000] reserve setup_data: [mem 0x0000000c2b400000-0x0000000fffffffff] usable
[    0.000000] reserve setup_data: [mem 0x0000001000000000-0x0000001ebfffffff] persistent (type 12)
[    0.000000] reserve setup_data: [mem 0x0000001ec0000000-0x000000207fffffff] usable
[    0.000000] reserve setup_data: [mem 0x0000002080000000-0x0000011c7fffffff] persistent (type 7)
[    0.000000] reserve setup_data: [mem 0x00001ffc00000000-0x00001fffffffffff] reserved
[    0.000000] user-defined physical RAM map:
[    0.000000] user: [mem 0x0000000000000000-0x000000000008efff] usable
[    0.000000] user: [mem 0x000000000008f000-0x000000000008ffff] reserved
[    0.000000] user: [mem 0x0000000000090000-0x000000000009ffff] usable
[    0.000000] user: [mem 0x00000000000a0000-0x00000000000fffff] reserved
[    0.000000] user: [mem 0x0000000000100000-0x0000000046cc401f] usable
[    0.000000] user: [mem 0x0000000046cc4020-0x0000000046cf5a5f] usable
[    0.000000] user: [mem 0x0000000046cf5a60-0x0000000046cf601f] usable
[    0.000000] user: [mem 0x0000000046cf6020-0x0000000046d28c5f] usable
[    0.000000] user: [mem 0x0000000046d28c60-0x0000000046d2901f] usable
[    0.000000] user: [mem 0x0000000046d29020-0x0000000046d5bc5f] usable
[    0.000000] user: [mem 0x0000000046d5bc60-0x0000000046d5c01f] usable
[    0.000000] user: [mem 0x0000000046d5c020-0x0000000046d6405f] usable
[    0.000000] user: [mem 0x0000000046d64060-0x0000000049e76fff] usable
[    0.000000] user: [mem 0x0000000049e77000-0x000000004ae76fff] ACPI NVS
[    0.000000] user: [mem 0x000000004ae77000-0x000000004b2cefff] usable
[    0.000000] user: [mem 0x000000004b2cf000-0x000000004b54dfff] ACPI data
[    0.000000] user: [mem 0x000000004b54e000-0x000000004bd93fff] usable
[    0.000000] user: [mem 0x000000004bd94000-0x000000004be99fff] reserved
[    0.000000] user: [mem 0x000000004be9a000-0x000000004cdfffff] usable
[    0.000000] user: [mem 0x000000004ce00000-0x000000004cffffff] reserved
[    0.000000] user: [mem 0x000000004d000000-0x000000005eefdfff] usable
[    0.000000] user: [mem 0x000000005eefe000-0x000000006e3fefff] reserved
[    0.000000] user: [mem 0x000000006e3ff000-0x000000006f3fefff] ACPI NVS
[    0.000000] user: [mem 0x000000006f3ff000-0x000000006f7fefff] ACPI data
[    0.000000] user: [mem 0x000000006f7ff000-0x000000006f7fffff] usable
[    0.000000] user: [mem 0x000000006f800000-0x000000008fffffff] reserved
[    0.000000] user: [mem 0x00000000fe000000-0x00000000fe010fff] reserved
[    0.000000] user: [mem 0x0000000100000000-0x0000000c2b3fffff] persistent (type 12)
[    0.000000] user: [mem 0x0000000c2b400000-0x0000000fffffffff] usable
[    0.000000] user: [mem 0x0000001000000000-0x0000001ebfffffff] persistent (type 12)
[    0.000000] user: [mem 0x0000001ec0000000-0x000000207fffffff] usable
[    0.000000] user: [mem 0x0000002080000000-0x0000011c7fffffff] persistent (type 7)
[    0.000000] user: [mem 0x00001ffc00000000-0x00001fffffffffff] reserved
[    0.000000] efi: EFI v2.70 by Dell Inc.
[    0.000000] efi: ACPI=0x6f7fe000 ACPI 2.0=0x6f7fe014 MEMATTR=0x5b070020 SMBIOS=0x69526000 SMBIOS 3.0=0x69524000 MOKvar=0x5ef81000 RNG=0x5ef8a920 
[    0.000000] efi: seeding entropy pool
[    0.000000] SMBIOS 3.3.0 present.
[    0.000000] DMI: Dell Inc. PowerEdge R750/0K8F35, BIOS 1.10.2 03/03/2023
[    0.000000] tsc: Detected 2000.000 MHz processor
[    0.000007] e820: update [mem 0x00000000-0x00000fff] usable ==> reserved
[    0.000010] e820: remove [mem 0x000a0000-0x000fffff] usable
[    0.000019] last_pfn = 0x2080000 max_arch_pfn = 0x400000000
[    0.000195] x86/PAT: Configuration [0-7]: WB  WC  UC- UC  WB  WP  UC- WT  
[    0.002842] total RAM covered: 2095088M
[    0.002927]  gran_size: 64K 	chunk_size: 64K 	num_reg: 10  	lose cover RAM: 2016G
[    0.002929]  gran_size: 64K 	chunk_size: 128K 	num_reg: 10  	lose cover RAM: 2016G
[    0.002931]  gran_size: 64K 	chunk_size: 256K 	num_reg: 10  	lose cover RAM: 2016G
[    0.002932]  gran_size: 64K 	chunk_size: 512K 	num_reg: 10  	lose cover RAM: 2016G
[    0.002933]  gran_size: 64K 	chunk_size: 1M 	num_reg: 10  	lose cover RAM: 2016G
[    0.002935]  gran_size: 64K 	chunk_size: 2M 	num_reg: 10  	lose cover RAM: 2016G
[    0.002936]  gran_size: 64K 	chunk_size: 4M 	num_reg: 10  	lose cover RAM: 2016G
[    0.002937]  gran_size: 64K 	chunk_size: 8M 	num_reg: 10  	lose cover RAM: 2016G
[    0.002939]  gran_size: 64K 	chunk_size: 16M 	num_reg: 10  	lose cover RAM: 2016G
[    0.002940]  gran_size: 64K 	chunk_size: 32M 	num_reg: 10  	lose cover RAM: 1024G
[    0.002941]  gran_size: 64K 	chunk_size: 64M 	num_reg: 10  	lose cover RAM: 1024G
[    0.002943]  gran_size: 64K 	chunk_size: 128M 	num_reg: 10  	lose cover RAM: 1024G
[    0.002944]  gran_size: 64K 	chunk_size: 256M 	num_reg: 10  	lose cover RAM: 1024G
[    0.002945]  gran_size: 64K 	chunk_size: 512M 	num_reg: 10  	lose cover RAM: 1024G
[    0.002947]  gran_size: 64K 	chunk_size: 1G 	num_reg: 10  	lose cover RAM: 1024G
[    0.002948]  gran_size: 64K 	chunk_size: 2G 	num_reg: 10  	lose cover RAM: 1024G
[    0.002949]  gran_size: 128K 	chunk_size: 128K 	num_reg: 10  	lose cover RAM: 2016G
[    0.002951]  gran_size: 128K 	chunk_size: 256K 	num_reg: 10  	lose cover RAM: 2016G
[    0.002952]  gran_size: 128K 	chunk_size: 512K 	num_reg: 10  	lose cover RAM: 2016G
[    0.002954]  gran_size: 128K 	chunk_size: 1M 	num_reg: 10  	lose cover RAM: 2016G
[    0.002955]  gran_size: 128K 	chunk_size: 2M 	num_reg: 10  	lose cover RAM: 2016G
[    0.002956]  gran_size: 128K 	chunk_size: 4M 	num_reg: 10  	lose cover RAM: 2016G
[    0.002958]  gran_size: 128K 	chunk_size: 8M 	num_reg: 10  	lose cover RAM: 2016G
[    0.002959]  gran_size: 128K 	chunk_size: 16M 	num_reg: 10  	lose cover RAM: 2016G
[    0.002960]  gran_size: 128K 	chunk_size: 32M 	num_reg: 10  	lose cover RAM: 1024G
[    0.002961]  gran_size: 128K 	chunk_size: 64M 	num_reg: 10  	lose cover RAM: 1024G
[    0.002963]  gran_size: 128K 	chunk_size: 128M 	num_reg: 10  	lose cover RAM: 1024G
[    0.002964]  gran_size: 128K 	chunk_size: 256M 	num_reg: 10  	lose cover RAM: 1024G
[    0.002965]  gran_size: 128K 	chunk_size: 512M 	num_reg: 10  	lose cover RAM: 1024G
[    0.002967]  gran_size: 128K 	chunk_size: 1G 	num_reg: 10  	lose cover RAM: 1024G
[    0.002968]  gran_size: 128K 	chunk_size: 2G 	num_reg: 10  	lose cover RAM: 1024G
[    0.002970]  gran_size: 256K 	chunk_size: 256K 	num_reg: 10  	lose cover RAM: 2016G
[    0.002971]  gran_size: 256K 	chunk_size: 512K 	num_reg: 10  	lose cover RAM: 2016G
[    0.002972]  gran_size: 256K 	chunk_size: 1M 	num_reg: 10  	lose cover RAM: 2016G
[    0.002974]  gran_size: 256K 	chunk_size: 2M 	num_reg: 10  	lose cover RAM: 2016G
[    0.002975]  gran_size: 256K 	chunk_size: 4M 	num_reg: 10  	lose cover RAM: 2016G
[    0.002976]  gran_size: 256K 	chunk_size: 8M 	num_reg: 10  	lose cover RAM: 2016G
[    0.002978]  gran_size: 256K 	chunk_size: 16M 	num_reg: 10  	lose cover RAM: 2016G
[    0.002979]  gran_size: 256K 	chunk_size: 32M 	num_reg: 10  	lose cover RAM: 1024G
[    0.002980]  gran_size: 256K 	chunk_size: 64M 	num_reg: 10  	lose cover RAM: 1024G
[    0.002981]  gran_size: 256K 	chunk_size: 128M 	num_reg: 10  	lose cover RAM: 1024G
[    0.002983]  gran_size: 256K 	chunk_size: 256M 	num_reg: 10  	lose cover RAM: 1024G
[    0.002984]  gran_size: 256K 	chunk_size: 512M 	num_reg: 10  	lose cover RAM: 1024G
[    0.002985]  gran_size: 256K 	chunk_size: 1G 	num_reg: 10  	lose cover RAM: 1024G
[    0.002987]  gran_size: 256K 	chunk_size: 2G 	num_reg: 10  	lose cover RAM: 1024G
[    0.002988]  gran_size: 512K 	chunk_size: 512K 	num_reg: 10  	lose cover RAM: 2016G
[    0.002989]  gran_size: 512K 	chunk_size: 1M 	num_reg: 10  	lose cover RAM: 2016G
[    0.002990]  gran_size: 512K 	chunk_size: 2M 	num_reg: 10  	lose cover RAM: 2016G
[    0.002992]  gran_size: 512K 	chunk_size: 4M 	num_reg: 10  	lose cover RAM: 2016G
[    0.002993]  gran_size: 512K 	chunk_size: 8M 	num_reg: 10  	lose cover RAM: 2016G
[    0.002994]  gran_size: 512K 	chunk_size: 16M 	num_reg: 10  	lose cover RAM: 2016G
[    0.002996]  gran_size: 512K 	chunk_size: 32M 	num_reg: 10  	lose cover RAM: 1024G
[    0.002997]  gran_size: 512K 	chunk_size: 64M 	num_reg: 10  	lose cover RAM: 1024G
[    0.002998]  gran_size: 512K 	chunk_size: 128M 	num_reg: 10  	lose cover RAM: 1024G
[    0.003000]  gran_size: 512K 	chunk_size: 256M 	num_reg: 10  	lose cover RAM: 1024G
[    0.003001]  gran_size: 512K 	chunk_size: 512M 	num_reg: 10  	lose cover RAM: 1024G
[    0.003003]  gran_size: 512K 	chunk_size: 1G 	num_reg: 10  	lose cover RAM: 1024G
[    0.003004]  gran_size: 512K 	chunk_size: 2G 	num_reg: 10  	lose cover RAM: 1024G
[    0.003005]  gran_size: 1M 	chunk_size: 1M 	num_reg: 10  	lose cover RAM: 2016G
[    0.003007]  gran_size: 1M 	chunk_size: 2M 	num_reg: 10  	lose cover RAM: 2016G
[    0.003008]  gran_size: 1M 	chunk_size: 4M 	num_reg: 10  	lose cover RAM: 2016G
[    0.003010]  gran_size: 1M 	chunk_size: 8M 	num_reg: 10  	lose cover RAM: 2016G
[    0.003011]  gran_size: 1M 	chunk_size: 16M 	num_reg: 10  	lose cover RAM: 2016G
[    0.003012]  gran_size: 1M 	chunk_size: 32M 	num_reg: 10  	lose cover RAM: 1024G
[    0.003014]  gran_size: 1M 	chunk_size: 64M 	num_reg: 10  	lose cover RAM: 1024G
[    0.003015]  gran_size: 1M 	chunk_size: 128M 	num_reg: 10  	lose cover RAM: 1024G
[    0.003016]  gran_size: 1M 	chunk_size: 256M 	num_reg: 10  	lose cover RAM: 1024G
[    0.003017]  gran_size: 1M 	chunk_size: 512M 	num_reg: 10  	lose cover RAM: 1024G
[    0.003019]  gran_size: 1M 	chunk_size: 1G 	num_reg: 10  	lose cover RAM: 1024G
[    0.003020]  gran_size: 1M 	chunk_size: 2G 	num_reg: 10  	lose cover RAM: 1024G
[    0.003021]  gran_size: 2M 	chunk_size: 2M 	num_reg: 10  	lose cover RAM: 2016G
[    0.003023]  gran_size: 2M 	chunk_size: 4M 	num_reg: 10  	lose cover RAM: 2016G
[    0.003024]  gran_size: 2M 	chunk_size: 8M 	num_reg: 10  	lose cover RAM: 2016G
[    0.003025]  gran_size: 2M 	chunk_size: 16M 	num_reg: 10  	lose cover RAM: 2016G
[    0.003026]  gran_size: 2M 	chunk_size: 32M 	num_reg: 10  	lose cover RAM: 1024G
[    0.003028]  gran_size: 2M 	chunk_size: 64M 	num_reg: 10  	lose cover RAM: 1024G
[    0.003029]  gran_size: 2M 	chunk_size: 128M 	num_reg: 10  	lose cover RAM: 1024G
[    0.003030]  gran_size: 2M 	chunk_size: 256M 	num_reg: 10  	lose cover RAM: 1024G
[    0.003032]  gran_size: 2M 	chunk_size: 512M 	num_reg: 10  	lose cover RAM: 1024G
[    0.003033]  gran_size: 2M 	chunk_size: 1G 	num_reg: 10  	lose cover RAM: 1024G
[    0.003034]  gran_size: 2M 	chunk_size: 2G 	num_reg: 10  	lose cover RAM: 1024G
[    0.003036]  gran_size: 4M 	chunk_size: 4M 	num_reg: 10  	lose cover RAM: 2016G
[    0.003037]  gran_size: 4M 	chunk_size: 8M 	num_reg: 10  	lose cover RAM: 2016G
[    0.003039]  gran_size: 4M 	chunk_size: 16M 	num_reg: 10  	lose cover RAM: 2016G
[    0.003040]  gran_size: 4M 	chunk_size: 32M 	num_reg: 10  	lose cover RAM: 1024G
[    0.003041]  gran_size: 4M 	chunk_size: 64M 	num_reg: 10  	lose cover RAM: 1024G
[    0.003042]  gran_size: 4M 	chunk_size: 128M 	num_reg: 10  	lose cover RAM: 1024G
[    0.003044]  gran_size: 4M 	chunk_size: 256M 	num_reg: 10  	lose cover RAM: 1024G
[    0.003045]  gran_size: 4M 	chunk_size: 512M 	num_reg: 10  	lose cover RAM: 1024G
[    0.003046]  gran_size: 4M 	chunk_size: 1G 	num_reg: 10  	lose cover RAM: 1024G
[    0.003048]  gran_size: 4M 	chunk_size: 2G 	num_reg: 10  	lose cover RAM: 1024G
[    0.003049]  gran_size: 8M 	chunk_size: 8M 	num_reg: 10  	lose cover RAM: 2016G
[    0.003050]  gran_size: 8M 	chunk_size: 16M 	num_reg: 10  	lose cover RAM: 2016G
[    0.003052]  gran_size: 8M 	chunk_size: 32M 	num_reg: 10  	lose cover RAM: 1024G
[    0.003053]  gran_size: 8M 	chunk_size: 64M 	num_reg: 10  	lose cover RAM: 1024G
[    0.003054]  gran_size: 8M 	chunk_size: 128M 	num_reg: 10  	lose cover RAM: 1024G
[    0.003055]  gran_size: 8M 	chunk_size: 256M 	num_reg: 10  	lose cover RAM: 1024G
[    0.003057]  gran_size: 8M 	chunk_size: 512M 	num_reg: 10  	lose cover RAM: 1024G
[    0.003058]  gran_size: 8M 	chunk_size: 1G 	num_reg: 10  	lose cover RAM: 1024G
[    0.003059]  gran_size: 8M 	chunk_size: 2G 	num_reg: 10  	lose cover RAM: 1024G
[    0.003061]  gran_size: 16M 	chunk_size: 16M 	num_reg: 10  	lose cover RAM: 2016G
[    0.003062]  gran_size: 16M 	chunk_size: 32M 	num_reg: 10  	lose cover RAM: 1024G
[    0.003063]  gran_size: 16M 	chunk_size: 64M 	num_reg: 10  	lose cover RAM: 1024G
[    0.003065]  gran_size: 16M 	chunk_size: 128M 	num_reg: 10  	lose cover RAM: 1024G
[    0.003066]  gran_size: 16M 	chunk_size: 256M 	num_reg: 10  	lose cover RAM: 1024G
[    0.003068]  gran_size: 16M 	chunk_size: 512M 	num_reg: 10  	lose cover RAM: 1024G
[    0.003069]  gran_size: 16M 	chunk_size: 1G 	num_reg: 10  	lose cover RAM: 1024G
[    0.003071]  gran_size: 16M 	chunk_size: 2G 	num_reg: 10  	lose cover RAM: 1024G
[    0.003072]  gran_size: 32M 	chunk_size: 32M 	num_reg: 10  	lose cover RAM: 2031632M
[    0.003074]  gran_size: 32M 	chunk_size: 64M 	num_reg: 10  	lose cover RAM: 1048592M
[    0.003075]  gran_size: 32M 	chunk_size: 128M 	num_reg: 10  	lose cover RAM: 1048592M
[    0.003077]  gran_size: 32M 	chunk_size: 256M 	num_reg: 10  	lose cover RAM: 1048592M
[    0.003078]  gran_size: 32M 	chunk_size: 512M 	num_reg: 10  	lose cover RAM: 1048592M
[    0.003079]  gran_size: 32M 	chunk_size: 1G 	num_reg: 10  	lose cover RAM: 1048592M
[    0.003081]  gran_size: 32M 	chunk_size: 2G 	num_reg: 10  	lose cover RAM: 1048592M
[    0.003082]  gran_size: 64M 	chunk_size: 64M 	num_reg: 10  	lose cover RAM: 1966128M
[    0.003083]  gran_size: 64M 	chunk_size: 128M 	num_reg: 10  	lose cover RAM: 1048624M
[    0.003085]  gran_size: 64M 	chunk_size: 256M 	num_reg: 10  	lose cover RAM: 1048624M
[    0.003086]  gran_size: 64M 	chunk_size: 512M 	num_reg: 10  	lose cover RAM: 1048624M
[    0.003087]  gran_size: 64M 	chunk_size: 1G 	num_reg: 10  	lose cover RAM: 1048624M
[    0.003089]  gran_size: 64M 	chunk_size: 2G 	num_reg: 10  	lose cover RAM: 1048624M
[    0.003090]  gran_size: 128M 	chunk_size: 128M 	num_reg: 10  	lose cover RAM: 1835120M
[    0.003091]  gran_size: 128M 	chunk_size: 256M 	num_reg: 10  	lose cover RAM: 1048688M
[    0.003093]  gran_size: 128M 	chunk_size: 512M 	num_reg: 10  	lose cover RAM: 1048688M
[    0.003094]  gran_size: 128M 	chunk_size: 1G 	num_reg: 10  	lose cover RAM: 1048688M
[    0.003096]  gran_size: 128M 	chunk_size: 2G 	num_reg: 10  	lose cover RAM: 1048688M
[    0.003097]  gran_size: 256M 	chunk_size: 256M 	num_reg: 10  	lose cover RAM: 1573104M
[    0.003098]  gran_size: 256M 	chunk_size: 512M 	num_reg: 10  	lose cover RAM: 1048816M
[    0.003100]  gran_size: 256M 	chunk_size: 1G 	num_reg: 10  	lose cover RAM: 1048816M
[    0.003101]  gran_size: 256M 	chunk_size: 2G 	num_reg: 10  	lose cover RAM: 1048816M
[    0.003103]  gran_size: 512M 	chunk_size: 512M 	num_reg: 10  	lose cover RAM: 1049072M
[    0.003104]  gran_size: 512M 	chunk_size: 1G 	num_reg: 10  	lose cover RAM: 1049072M
[    0.003105]  gran_size: 512M 	chunk_size: 2G 	num_reg: 10  	lose cover RAM: 1049072M
[    0.003107]  gran_size: 1G 	chunk_size: 1G 	num_reg: 10  	lose cover RAM: 1008M
[    0.003108]  gran_size: 1G 	chunk_size: 2G 	num_reg: 10  	lose cover RAM: 1008M
[    0.003109]  gran_size: 2G 	chunk_size: 2G 	num_reg: 9  	lose cover RAM: 2032M
[    0.003111] mtrr_cleanup: can not find optimal value
[    0.003111] please specify mtrr_gran_size/mtrr_chunk_size
[    0.003114] e820: update [mem 0x7f000000-0xffffffff] usable ==> reserved
[    0.003117] x2apic: enabled by BIOS, switching to x2apic ops
[    0.003118] last_pfn = 0x6f800 max_arch_pfn = 0x400000000
[    0.014546] Using GB pages for direct mapping
[    0.015565] Secure boot disabled
[    0.015565] RAMDISK: [mem 0x205de61000-0x207fffffff]
[    0.015570] ACPI: Early table checksum verification disabled
[    0.015573] ACPI: RSDP 0x000000006F7FE014 000024 (v02 DELL  )
[    0.015577] ACPI: XSDT 0x000000006F41C188 0000F4 (v01 DELL   PE_SC3   00000000 DELL 01000013)
[    0.015582] ACPI: FACP 0x000000006F430000 000114 (v06 DELL   PE_SC3   00000000 DELL 00000001)
[    0.015588] ACPI: DSDT 0x000000004B4CE000 07FAD3 (v02 DELL   PE_SC3   00000003 DELL 00000001)
[    0.015591] ACPI: FACS 0x000000006F2F2000 000040
[    0.015595] ACPI: SSDT 0x000000006F7FB000 00159A (v02 INTEL  RAS_ACPI 00000001 INTL 20210331)
[    0.015598] ACPI: SSDT 0x000000006F7FA000 000745 (v02 INTEL  ADDRXLAT 00000001 INTL 20210331)
[    0.015602] ACPI: MCEJ 0x000000006F7F9000 000130 (v01 INTEL           00000001 INTL 0100000D)
[    0.015605] ACPI: BERT 0x000000006F7F8000 000030 (v01 DELL   PE_SC3   00000001 INTL 00000001)
[    0.015609] ACPI: ERST 0x000000006F7F7000 000230 (v01 DELL   PE_SC3   00000001 INTL 00000001)
[    0.015612] ACPI: SSDT 0x000000006F431000 3C524E (v02 INTEL  SSDTNVDR 00001000 INTL 20210331)
[    0.015615] ACPI: HMAT 0x000000006F42F000 000210 (v01 DELL   PE_SC3   00000001 DELL 00000001)
[    0.015619] ACPI: HPET 0x000000006F42E000 000038 (v01 DELL   PE_SC3   00000001 DELL 00000001)
[    0.015622] ACPI: MCFG 0x000000006F42D000 00003C (v01 DELL   PE_SC3   00000001 DELL 00000001)
[    0.015625] ACPI: MIGT 0x000000006F42C000 000040 (v01 DELL   PE_SC3   00000000 DELL 00000001)
[    0.015629] ACPI: MSCT 0x000000006F42B000 000090 (v01 DELL   PE_SC3   00000001 DELL 00000001)
[    0.015632] ACPI: PMTT 0x000000006F429000 0011E8 (v02 DELL   PE_SC3   00000001 DELL 00000001)
[    0.015635] ACPI: WSMT 0x000000006F428000 000028 (v01 DELL   PE_SC3   00000000 DELL 00000001)
[    0.015639] ACPI: APIC 0x000000006F427000 00075E (v04 DELL   PE_SC3   00000000 DELL 00000001)
[    0.015642] ACPI: SLIT 0x000000006F426000 00003C (v01 DELL   PE_SC3   00000001 DELL 01000013)
[    0.015645] ACPI: SRAT 0x000000006F41F000 006430 (v03 DELL   PE_SC3   00000002 DELL 01000013)
[    0.015649] ACPI: OEM4 0x000000004B346000 187A61 (v02 INTEL  CPU  CST 00003000 INTL 20210331)
[    0.015652] ACPI: SSDT 0x000000004B2CF000 0764A5 (v02 INTEL  SSDT  PM 00004000 INTL 20210331)
[    0.015655] ACPI: SSDT 0x000000006F41E000 000A1F (v02 DELL   PE_SC3   00000000 DELL 00000001)
[    0.015659] ACPI: HEST 0x000000006F41D000 00017C (v01 DELL   PE_SC3   00000001 INTL 00000001)
[    0.015662] ACPI: PCAT 0x000000006F41B000 00010C (v19 DELL   PE_SC3   00000002 DELL 00000001)
[    0.015665] ACPI: SSDT 0x000000006F413000 007299 (v02 INTEL  SpsNm    00000002 INTL 20210331)
[    0.015669] ACPI: SSDT 0x000000006F412000 000426 (v02 DELL   PE_SC3   00000002 DELL 00000001)
[    0.015672] ACPI: NFIT 0x000000006F7FD000 000488 (v01 DELL   PE_SC3   00000002 DELL 00000001)
[    0.015675] ACPI: DMAR 0x000000006F411000 000158 (v01 DELL   PE_SC3   00000001 DELL 00000001)
[    0.015678] ACPI: Reserving FACP table memory at [mem 0x6f430000-0x6f430113]
[    0.015680] ACPI: Reserving DSDT table memory at [mem 0x4b4ce000-0x4b54dad2]
[    0.015681] ACPI: Reserving FACS table memory at [mem 0x6f2f2000-0x6f2f203f]
[    0.015682] ACPI: Reserving SSDT table memory at [mem 0x6f7fb000-0x6f7fc599]
[    0.015683] ACPI: Reserving SSDT table memory at [mem 0x6f7fa000-0x6f7fa744]
[    0.015684] ACPI: Reserving MCEJ table memory at [mem 0x6f7f9000-0x6f7f912f]
[    0.015685] ACPI: Reserving BERT table memory at [mem 0x6f7f8000-0x6f7f802f]
[    0.015686] ACPI: Reserving ERST table memory at [mem 0x6f7f7000-0x6f7f722f]
[    0.015687] ACPI: Reserving SSDT table memory at [mem 0x6f431000-0x6f7f624d]
[    0.015688] ACPI: Reserving HMAT table memory at [mem 0x6f42f000-0x6f42f20f]
[    0.015689] ACPI: Reserving HPET table memory at [mem 0x6f42e000-0x6f42e037]
[    0.015690] ACPI: Reserving MCFG table memory at [mem 0x6f42d000-0x6f42d03b]
[    0.015690] ACPI: Reserving MIGT table memory at [mem 0x6f42c000-0x6f42c03f]
[    0.015691] ACPI: Reserving MSCT table memory at [mem 0x6f42b000-0x6f42b08f]
[    0.015692] ACPI: Reserving PMTT table memory at [mem 0x6f429000-0x6f42a1e7]
[    0.015693] ACPI: Reserving WSMT table memory at [mem 0x6f428000-0x6f428027]
[    0.015694] ACPI: Reserving APIC table memory at [mem 0x6f427000-0x6f42775d]
[    0.015695] ACPI: Reserving SLIT table memory at [mem 0x6f426000-0x6f42603b]
[    0.015696] ACPI: Reserving SRAT table memory at [mem 0x6f41f000-0x6f42542f]
[    0.015697] ACPI: Reserving OEM4 table memory at [mem 0x4b346000-0x4b4cda60]
[    0.015698] ACPI: Reserving SSDT table memory at [mem 0x4b2cf000-0x4b3454a4]
[    0.015699] ACPI: Reserving SSDT table memory at [mem 0x6f41e000-0x6f41ea1e]
[    0.015700] ACPI: Reserving HEST table memory at [mem 0x6f41d000-0x6f41d17b]
[    0.015700] ACPI: Reserving PCAT table memory at [mem 0x6f41b000-0x6f41b10b]
[    0.015701] ACPI: Reserving SSDT table memory at [mem 0x6f413000-0x6f41a298]
[    0.015702] ACPI: Reserving SSDT table memory at [mem 0x6f412000-0x6f412425]
[    0.015703] ACPI: Reserving NFIT table memory at [mem 0x6f7fd000-0x6f7fd487]
[    0.015704] ACPI: Reserving DMAR table memory at [mem 0x6f411000-0x6f411157]
[    0.015714] Setting APIC routing to cluster x2apic.
[    0.015760] SRAT: PXM 0 -> APIC 0x0000 -> Node 0
[    0.015762] SRAT: PXM 0 -> APIC 0x0001 -> Node 0
[    0.015763] SRAT: PXM 0 -> APIC 0x0002 -> Node 0
[    0.015764] SRAT: PXM 0 -> APIC 0x0003 -> Node 0
[    0.015764] SRAT: PXM 0 -> APIC 0x0004 -> Node 0
[    0.015765] SRAT: PXM 0 -> APIC 0x0005 -> Node 0
[    0.015766] SRAT: PXM 0 -> APIC 0x0006 -> Node 0
[    0.015766] SRAT: PXM 0 -> APIC 0x0007 -> Node 0
[    0.015767] SRAT: PXM 0 -> APIC 0x0008 -> Node 0
[    0.015768] SRAT: PXM 0 -> APIC 0x0009 -> Node 0
[    0.015768] SRAT: PXM 0 -> APIC 0x000a -> Node 0
[    0.015769] SRAT: PXM 0 -> APIC 0x000b -> Node 0
[    0.015770] SRAT: PXM 0 -> APIC 0x000c -> Node 0
[    0.015771] SRAT: PXM 0 -> APIC 0x000d -> Node 0
[    0.015771] SRAT: PXM 0 -> APIC 0x000e -> Node 0
[    0.015772] SRAT: PXM 0 -> APIC 0x000f -> Node 0
[    0.015773] SRAT: PXM 0 -> APIC 0x0010 -> Node 0
[    0.015774] SRAT: PXM 0 -> APIC 0x0011 -> Node 0
[    0.015774] SRAT: PXM 0 -> APIC 0x0012 -> Node 0
[    0.015775] SRAT: PXM 0 -> APIC 0x0013 -> Node 0
[    0.015776] SRAT: PXM 0 -> APIC 0x0014 -> Node 0
[    0.015776] SRAT: PXM 0 -> APIC 0x0015 -> Node 0
[    0.015777] SRAT: PXM 0 -> APIC 0x0016 -> Node 0
[    0.015778] SRAT: PXM 0 -> APIC 0x0017 -> Node 0
[    0.015778] SRAT: PXM 0 -> APIC 0x0018 -> Node 0
[    0.015779] SRAT: PXM 0 -> APIC 0x0019 -> Node 0
[    0.015780] SRAT: PXM 0 -> APIC 0x001a -> Node 0
[    0.015780] SRAT: PXM 0 -> APIC 0x001b -> Node 0
[    0.015781] SRAT: PXM 0 -> APIC 0x001c -> Node 0
[    0.015782] SRAT: PXM 0 -> APIC 0x001d -> Node 0
[    0.015782] SRAT: PXM 0 -> APIC 0x001e -> Node 0
[    0.015783] SRAT: PXM 0 -> APIC 0x001f -> Node 0
[    0.015784] SRAT: PXM 0 -> APIC 0x0020 -> Node 0
[    0.015784] SRAT: PXM 0 -> APIC 0x0021 -> Node 0
[    0.015785] SRAT: PXM 0 -> APIC 0x0022 -> Node 0
[    0.015786] SRAT: PXM 0 -> APIC 0x0023 -> Node 0
[    0.015786] SRAT: PXM 0 -> APIC 0x0024 -> Node 0
[    0.015787] SRAT: PXM 0 -> APIC 0x0025 -> Node 0
[    0.015788] SRAT: PXM 0 -> APIC 0x0026 -> Node 0
[    0.015788] SRAT: PXM 0 -> APIC 0x0027 -> Node 0
[    0.015789] SRAT: PXM 0 -> APIC 0x0028 -> Node 0
[    0.015789] SRAT: PXM 0 -> APIC 0x0029 -> Node 0
[    0.015790] SRAT: PXM 0 -> APIC 0x002a -> Node 0
[    0.015791] SRAT: PXM 0 -> APIC 0x002b -> Node 0
[    0.015791] SRAT: PXM 0 -> APIC 0x002c -> Node 0
[    0.015792] SRAT: PXM 0 -> APIC 0x002d -> Node 0
[    0.015793] SRAT: PXM 0 -> APIC 0x002e -> Node 0
[    0.015793] SRAT: PXM 0 -> APIC 0x002f -> Node 0
[    0.015794] SRAT: PXM 0 -> APIC 0x0030 -> Node 0
[    0.015795] SRAT: PXM 0 -> APIC 0x0031 -> Node 0
[    0.015795] SRAT: PXM 0 -> APIC 0x0032 -> Node 0
[    0.015796] SRAT: PXM 0 -> APIC 0x0033 -> Node 0
[    0.015797] SRAT: PXM 0 -> APIC 0x0034 -> Node 0
[    0.015797] SRAT: PXM 0 -> APIC 0x0035 -> Node 0
[    0.015798] SRAT: PXM 0 -> APIC 0x0036 -> Node 0
[    0.015799] SRAT: PXM 0 -> APIC 0x0037 -> Node 0
[    0.015799] SRAT: PXM 1 -> APIC 0x0080 -> Node 1
[    0.015800] SRAT: PXM 1 -> APIC 0x0081 -> Node 1
[    0.015801] SRAT: PXM 1 -> APIC 0x0082 -> Node 1
[    0.015802] SRAT: PXM 1 -> APIC 0x0083 -> Node 1
[    0.015803] SRAT: PXM 1 -> APIC 0x0084 -> Node 1
[    0.015803] SRAT: PXM 1 -> APIC 0x0085 -> Node 1
[    0.015804] SRAT: PXM 1 -> APIC 0x0086 -> Node 1
[    0.015805] SRAT: PXM 1 -> APIC 0x0087 -> Node 1
[    0.015805] SRAT: PXM 1 -> APIC 0x0088 -> Node 1
[    0.015806] SRAT: PXM 1 -> APIC 0x0089 -> Node 1
[    0.015807] SRAT: PXM 1 -> APIC 0x008a -> Node 1
[    0.015807] SRAT: PXM 1 -> APIC 0x008b -> Node 1
[    0.015808] SRAT: PXM 1 -> APIC 0x008c -> Node 1
[    0.015809] SRAT: PXM 1 -> APIC 0x008d -> Node 1
[    0.015809] SRAT: PXM 1 -> APIC 0x008e -> Node 1
[    0.015810] SRAT: PXM 1 -> APIC 0x008f -> Node 1
[    0.015811] SRAT: PXM 1 -> APIC 0x0090 -> Node 1
[    0.015812] SRAT: PXM 1 -> APIC 0x0091 -> Node 1
[    0.015812] SRAT: PXM 1 -> APIC 0x0092 -> Node 1
[    0.015813] SRAT: PXM 1 -> APIC 0x0093 -> Node 1
[    0.015813] SRAT: PXM 1 -> APIC 0x0094 -> Node 1
[    0.015814] SRAT: PXM 1 -> APIC 0x0095 -> Node 1
[    0.015815] SRAT: PXM 1 -> APIC 0x0096 -> Node 1
[    0.015816] SRAT: PXM 1 -> APIC 0x0097 -> Node 1
[    0.015816] SRAT: PXM 1 -> APIC 0x0098 -> Node 1
[    0.015817] SRAT: PXM 1 -> APIC 0x0099 -> Node 1
[    0.015818] SRAT: PXM 1 -> APIC 0x009a -> Node 1
[    0.015818] SRAT: PXM 1 -> APIC 0x009b -> Node 1
[    0.015819] SRAT: PXM 1 -> APIC 0x009c -> Node 1
[    0.015820] SRAT: PXM 1 -> APIC 0x009d -> Node 1
[    0.015820] SRAT: PXM 1 -> APIC 0x009e -> Node 1
[    0.015821] SRAT: PXM 1 -> APIC 0x009f -> Node 1
[    0.015822] SRAT: PXM 1 -> APIC 0x00a0 -> Node 1
[    0.015822] SRAT: PXM 1 -> APIC 0x00a1 -> Node 1
[    0.015823] SRAT: PXM 1 -> APIC 0x00a2 -> Node 1
[    0.015824] SRAT: PXM 1 -> APIC 0x00a3 -> Node 1
[    0.015824] SRAT: PXM 1 -> APIC 0x00a4 -> Node 1
[    0.015825] SRAT: PXM 1 -> APIC 0x00a5 -> Node 1
[    0.015826] SRAT: PXM 1 -> APIC 0x00a6 -> Node 1
[    0.015826] SRAT: PXM 1 -> APIC 0x00a7 -> Node 1
[    0.015827] SRAT: PXM 1 -> APIC 0x00a8 -> Node 1
[    0.015828] SRAT: PXM 1 -> APIC 0x00a9 -> Node 1
[    0.015828] SRAT: PXM 1 -> APIC 0x00aa -> Node 1
[    0.015829] SRAT: PXM 1 -> APIC 0x00ab -> Node 1
[    0.015829] SRAT: PXM 1 -> APIC 0x00ac -> Node 1
[    0.015830] SRAT: PXM 1 -> APIC 0x00ad -> Node 1
[    0.015831] SRAT: PXM 1 -> APIC 0x00ae -> Node 1
[    0.015831] SRAT: PXM 1 -> APIC 0x00af -> Node 1
[    0.015832] SRAT: PXM 1 -> APIC 0x00b0 -> Node 1
[    0.015833] SRAT: PXM 1 -> APIC 0x00b1 -> Node 1
[    0.015834] SRAT: PXM 1 -> APIC 0x00b2 -> Node 1
[    0.015834] SRAT: PXM 1 -> APIC 0x00b3 -> Node 1
[    0.015835] SRAT: PXM 1 -> APIC 0x00b4 -> Node 1
[    0.015836] SRAT: PXM 1 -> APIC 0x00b5 -> Node 1
[    0.015837] SRAT: PXM 1 -> APIC 0x00b6 -> Node 1
[    0.015837] SRAT: PXM 1 -> APIC 0x00b7 -> Node 1
[    0.015850] ACPI: SRAT: Node 0 PXM 0 [mem 0x00000000-0x7fffffff]
[    0.015851] ACPI: SRAT: Node 0 PXM 0 [mem 0x100000000-0x107fffffff]
[    0.015853] ACPI: SRAT: Node 2 PXM 2 [mem 0x2080000000-0x9e7fffffff] non-volatile
[    0.015854] ACPI: SRAT: Node 1 PXM 1 [mem 0x1080000000-0x207fffffff]
[    0.015855] ACPI: SRAT: Node 3 PXM 3 [mem 0x9e80000000-0x11c7fffffff] non-volatile
[    0.015865] NUMA: Initialized distance table, cnt=4
[    0.015869] NUMA: Node 0 [mem 0x00000000-0x7fffffff] + [mem 0x100000000-0x107fffffff] -> [mem 0x00000000-0x107fffffff]
[    0.015878] NODE_DATA(0) allocated [mem 0xffffd5000-0xfffffffff]
[    0.015898] NODE_DATA(1) allocated [mem 0x205de33000-0x205de5dfff]
[    0.016071] Zone ranges:
[    0.016072]   DMA      [mem 0x0000000000001000-0x0000000000ffffff]
[    0.016074]   DMA32    [mem 0x0000000001000000-0x00000000ffffffff]
[    0.016075]   Normal   [mem 0x0000000100000000-0x000000207fffffff]
[    0.016077]   Device   empty
[    0.016078] Movable zone start for each node
[    0.016081] Early memory node ranges
[    0.016082]   node   0: [mem 0x0000000000001000-0x000000000008efff]
[    0.016083]   node   0: [mem 0x0000000000090000-0x000000000009ffff]
[    0.016084]   node   0: [mem 0x0000000000100000-0x0000000049e76fff]
[    0.016085]   node   0: [mem 0x000000004ae77000-0x000000004b2cefff]
[    0.016086]   node   0: [mem 0x000000004b54e000-0x000000004bd93fff]
[    0.016087]   node   0: [mem 0x000000004be9a000-0x000000004cdfffff]
[    0.016088]   node   0: [mem 0x000000004d000000-0x000000005eefdfff]
[    0.016088]   node   0: [mem 0x000000006f7ff000-0x000000006f7fffff]
[    0.016089]   node   0: [mem 0x0000000c2b400000-0x0000000fffffffff]
[    0.016091]   node   1: [mem 0x0000001ec0000000-0x000000207fffffff]
[    0.016093] Initmem setup node 0 [mem 0x0000000000001000-0x0000000fffffffff]
[    0.016096] Initmem setup node 1 [mem 0x0000001ec0000000-0x000000207fffffff]
[    0.016097] Initializing node 2 as memoryless
[    0.016122] Initmem setup node 2 as memoryless
[    0.016123] Initializing node 3 as memoryless
[    0.016146] Initmem setup node 3 as memoryless
[    0.016148] On node 0, zone DMA: 1 pages in unavailable ranges
[    0.016150] On node 0, zone DMA: 1 pages in unavailable ranges
[    0.016181] On node 0, zone DMA: 96 pages in unavailable ranges
[    0.018250] On node 0, zone DMA32: 4096 pages in unavailable ranges
[    0.018274] On node 0, zone DMA32: 639 pages in unavailable ranges
[    0.018308] On node 0, zone DMA32: 262 pages in unavailable ranges
[    0.018852] On node 0, zone DMA32: 512 pages in unavailable ranges
[    0.019131] On node 0, zone DMA32: 35073 pages in unavailable ranges
[    0.048253] On node 0, zone Normal: 15360 pages in unavailable ranges
[    0.062545] ACPI: PM-Timer IO Port: 0x508
[    0.062563] ACPI: X2APIC_NMI (uid[0xffffffff] high edge lint[0x1])
[    0.062567] ACPI: LAPIC_NMI (acpi_id[0xff] high edge lint[0x1])
[    0.062586] IOAPIC[0]: apic_id 8, version 32, address 0xfec00000, GSI 0-119
[    0.062589] ACPI: INT_SRC_OVR (bus 0 bus_irq 0 global_irq 2 dfl dfl)
[    0.062591] ACPI: INT_SRC_OVR (bus 0 bus_irq 9 global_irq 9 high level)
[    0.062596] ACPI: Using ACPI (MADT) for SMP configuration information
[    0.062597] ACPI: HPET id: 0x8086a701 base: 0xfed00000
[    0.062601] TSC deadline timer available
[    0.062602] smpboot: Allowing 112 CPUs, 0 hotplug CPUs
[    0.062631] PM: hibernation: Registered nosave memory: [mem 0x00000000-0x00000fff]
[    0.062633] PM: hibernation: Registered nosave memory: [mem 0x0008f000-0x0008ffff]
[    0.062635] PM: hibernation: Registered nosave memory: [mem 0x000a0000-0x000fffff]
[    0.062637] PM: hibernation: Registered nosave memory: [mem 0x46cc4000-0x46cc4fff]
[    0.062639] PM: hibernation: Registered nosave memory: [mem 0x46cf5000-0x46cf5fff]
[    0.062640] PM: hibernation: Registered nosave memory: [mem 0x46cf6000-0x46cf6fff]
[    0.062642] PM: hibernation: Registered nosave memory: [mem 0x46d28000-0x46d28fff]
[    0.062643] PM: hibernation: Registered nosave memory: [mem 0x46d29000-0x46d29fff]
[    0.062644] PM: hibernation: Registered nosave memory: [mem 0x46d5b000-0x46d5bfff]
[    0.062645] PM: hibernation: Registered nosave memory: [mem 0x46d5c000-0x46d5cfff]
[    0.062647] PM: hibernation: Registered nosave memory: [mem 0x46d64000-0x46d64fff]
[    0.062649] PM: hibernation: Registered nosave memory: [mem 0x49e77000-0x4ae76fff]
[    0.062650] PM: hibernation: Registered nosave memory: [mem 0x4b2cf000-0x4b54dfff]
[    0.062652] PM: hibernation: Registered nosave memory: [mem 0x4bd94000-0x4be99fff]
[    0.062654] PM: hibernation: Registered nosave memory: [mem 0x4ce00000-0x4cffffff]
[    0.062656] PM: hibernation: Registered nosave memory: [mem 0x5eefe000-0x6e3fefff]
[    0.062657] PM: hibernation: Registered nosave memory: [mem 0x6e3ff000-0x6f3fefff]
[    0.062658] PM: hibernation: Registered nosave memory: [mem 0x6f3ff000-0x6f7fefff]
[    0.062659] PM: hibernation: Registered nosave memory: [mem 0x6f800000-0x8fffffff]
[    0.062660] PM: hibernation: Registered nosave memory: [mem 0x90000000-0xfdffffff]
[    0.062661] PM: hibernation: Registered nosave memory: [mem 0xfe000000-0xfe010fff]
[    0.062662] PM: hibernation: Registered nosave memory: [mem 0xfe011000-0xffffffff]
[    0.062662] PM: hibernation: Registered nosave memory: [mem 0x100000000-0xc2b3fffff]
[    0.062664] PM: hibernation: Registered nosave memory: [mem 0x1000000000-0x1ebfffffff]
[    0.062666] [mem 0x90000000-0xfdffffff] available for PCI devices
[    0.062668] Booting paravirtualized kernel on bare hardware
[    0.062671] clocksource: refined-jiffies: mask: 0xffffffff max_cycles: 0xffffffff, max_idle_ns: 7645519600211568 ns
[    0.062676] setup_percpu: NR_CPUS:8192 nr_cpumask_bits:112 nr_cpu_ids:112 nr_node_ids:4
[    0.067372] percpu: Embedded 61 pages/cpu s212992 r8192 d28672 u262144
[    0.067384] pcpu-alloc: s212992 r8192 d28672 u262144 alloc=1*2097152
[    0.067387] pcpu-alloc: [0] 000 002 004 006 008 010 012 014 
[    0.067393] pcpu-alloc: [0] 016 018 020 022 024 026 028 030 
[    0.067398] pcpu-alloc: [0] 032 034 036 038 040 042 044 046 
[    0.067402] pcpu-alloc: [0] 048 050 052 054 056 058 060 062 
[    0.067407] pcpu-alloc: [0] 064 066 068 070 072 074 076 078 
[    0.067411] pcpu-alloc: [0] 080 082 084 086 088 090 092 094 
[    0.067416] pcpu-alloc: [0] 096 098 100 102 104 106 108 110 
[    0.067420] pcpu-alloc: [1] 001 003 005 007 009 011 013 015 
[    0.067425] pcpu-alloc: [1] 017 019 021 023 025 027 029 031 
[    0.067429] pcpu-alloc: [1] 033 035 037 039 041 043 045 047 
[    0.067434] pcpu-alloc: [1] 049 051 053 055 057 059 061 063 
[    0.067438] pcpu-alloc: [1] 065 067 069 071 073 075 077 079 
[    0.067443] pcpu-alloc: [1] 081 083 085 087 089 091 093 095 
[    0.067447] pcpu-alloc: [1] 097 099 101 103 105 107 109 111 
[    0.067493] Fallback order for Node 0: 0 1 
[    0.067496] Fallback order for Node 1: 1 0 
[    0.067499] Fallback order for Node 2: 2 0 1 
[    0.067502] Fallback order for Node 3: 3 1 0 
[    0.067510] Built 2 zonelists, mobility grouping on.  Total pages: 6136804
[    0.067511] Policy zone: Normal
[    0.067512] Kernel command line: BOOT_IMAGE=/boot/vmlinuz-5.18.0 root=UUID=ce0c24b8-724b-4f33-9b2c-618433560aef ro memmap=45748M!4096M memmap=59G!64G quiet splash nomodeset vt.handoff=1
[    0.067637] Booted with the nomodeset parameter. Only the system framebuffer will be available
[    0.067660] Unknown kernel command line parameters "splash BOOT_IMAGE=/boot/vmlinuz-5.18.0", will be passed to user space.
[    0.067661] printk: log_buf_len individual max cpu contribution: 4096 bytes
[    0.067662] printk: log_buf_len total cpu_extra contributions: 454656 bytes
[    0.067663] printk: log_buf_len min size: 262144 bytes
[    0.068645] printk: log_buf_len: 1048576 bytes
[    0.068646] printk: early log buf free: 223664(85%)
[    0.070555] mem auto-init: stack:off, heap alloc:on, heap free:off
[    0.136639] Memory: 23719852K/24941664K available (16392K kernel code, 3615K rwdata, 10444K rodata, 2688K init, 5836K bss, 1221552K reserved, 0K cma-reserved)
[    0.136645] random: get_random_u64 called from __kmem_cache_create+0x2d/0x480 with crng_init=0
[    0.137385] SLUB: HWalign=64, Order=0-3, MinObjects=0, CPUs=112, Nodes=4
[    0.137417] ftrace: allocating 48795 entries in 191 pages
[    0.145993] ftrace: allocated 191 pages with 7 groups
[    0.146965] Dynamic Preempt: voluntary
[    0.147301] rcu: Preemptible hierarchical RCU implementation.
[    0.147302] rcu: 	RCU restricting CPUs from NR_CPUS=8192 to nr_cpu_ids=112.
[    0.147303] 	Trampoline variant of Tasks RCU enabled.
[    0.147304] 	Rude variant of Tasks RCU enabled.
[    0.147304] 	Tracing variant of Tasks RCU enabled.
[    0.147305] rcu: RCU calculated value of scheduler-enlistment delay is 25 jiffies.
[    0.147306] rcu: Adjusting geometry for rcu_fanout_leaf=16, nr_cpu_ids=112
[    0.151117] NR_IRQS: 524544, nr_irqs: 2952, preallocated irqs: 16
[    0.151469] random: crng init done (trusting CPU's manufacturer)
[    0.151605] Console: colour dummy device 80x25
[    0.151640] printk: console [tty0] enabled
[    0.151842] mempolicy: Enabling automatic NUMA balancing. Configure with numa_balancing= or the kernel.numa_balancing sysctl
[    0.151847] ACPI: Core revision 20211217
[    0.155224] clocksource: hpet: mask: 0xffffffff max_cycles: 0xffffffff, max_idle_ns: 79635855245 ns
[    0.155268] APIC: Switch to symmetric I/O mode setup
[    0.155270] DMAR: Host address width 46
[    0.155271] DMAR: DRHD base: 0x000000d0ffc000 flags: 0x0
[    0.155276] DMAR: dmar0: reg_base_addr d0ffc000 ver 4:0 cap 8ed008c40780466 ecap 60000f050df
[    0.155278] DMAR: DRHD base: 0x000000dbbfc000 flags: 0x0
[    0.155281] DMAR: dmar1: reg_base_addr dbbfc000 ver 4:0 cap 8ed008c40780466 ecap 60000f050df
[    0.155283] DMAR: DRHD base: 0x000000e67fc000 flags: 0x0
[    0.155287] DMAR: dmar2: reg_base_addr e67fc000 ver 4:0 cap 8ed008c40780466 ecap 60000f050df
[    0.155289] DMAR: DRHD base: 0x000000f13fc000 flags: 0x0
[    0.155292] DMAR: dmar3: reg_base_addr f13fc000 ver 4:0 cap 8ed008c40780466 ecap 60000f050df
[    0.155294] DMAR: DRHD base: 0x000000fb7fc000 flags: 0x0
[    0.155296] DMAR: dmar4: reg_base_addr fb7fc000 ver 4:0 cap 8ed008c40780466 ecap 60000f050df
[    0.155298] DMAR: DRHD base: 0x000000a63fc000 flags: 0x0
[    0.155301] DMAR: dmar5: reg_base_addr a63fc000 ver 4:0 cap 8ed008c40780466 ecap 60000f050df
[    0.155303] DMAR: DRHD base: 0x000000b0ffc000 flags: 0x0
[    0.155307] DMAR: dmar6: reg_base_addr b0ffc000 ver 4:0 cap 8ed008c40780466 ecap 60000f050df
[    0.155310] DMAR: DRHD base: 0x000000bbbfc000 flags: 0x0
[    0.155312] DMAR: dmar7: reg_base_addr bbbfc000 ver 4:0 cap 8ed008c40780466 ecap 60000f050df
[    0.155314] DMAR: DRHD base: 0x000000c5ffc000 flags: 0x0
[    0.155317] DMAR: dmar8: reg_base_addr c5ffc000 ver 4:0 cap 8ed008c40780466 ecap 60000f050df
[    0.155318] DMAR: DRHD base: 0x0000009b7fc000 flags: 0x1
[    0.155321] DMAR: dmar9: reg_base_addr 9b7fc000 ver 4:0 cap 8ed008c40780466 ecap 60000f050df
[    0.155323] DMAR: RMRR base: 0x00000069427000 end: 0x00000069429fff
[    0.155325] DMAR: ATSR flags: 0x0
[    0.155327] DMAR-IR: IOAPIC id 8 under DRHD base  0x9b7fc000 IOMMU 9
[    0.155329] DMAR-IR: HPET id 0 under DRHD base 0x9b7fc000
[    0.155330] DMAR-IR: Queued invalidation will be enabled to support x2apic and Intr-remapping.
[    0.158522] DMAR-IR: Enabled IRQ remapping in x2apic mode
[    0.161152] ..TIMER: vector=0x30 apic1=0 pin1=2 apic2=-1 pin2=-1
[    0.179199] clocksource: tsc-early: mask: 0xffffffffffffffff max_cycles: 0x39a85c9bff6, max_idle_ns: 881590591483 ns
[    0.179205] Calibrating delay loop (skipped), value calculated using timer frequency.. 4000.00 BogoMIPS (lpj=8000000)
[    0.179208] pid_max: default: 114688 minimum: 896
[    0.183140] LSM: Security Framework initializing
[    0.183155] Yama: becoming mindful.
[    0.183218] AppArmor: AppArmor initialized
[    0.187361] Dentry cache hash table entries: 4194304 (order: 13, 33554432 bytes, vmalloc hugepage)
[    0.189419] Inode-cache hash table entries: 2097152 (order: 12, 16777216 bytes, vmalloc hugepage)
[    0.189524] Mount-cache hash table entries: 65536 (order: 7, 524288 bytes, vmalloc)
[    0.189595] Mountpoint-cache hash table entries: 65536 (order: 7, 524288 bytes, vmalloc)
[    0.190131] x86/tme: not enabled by BIOS
[    0.190141] CPU0: Thermal monitoring enabled (TM1)
[    0.190143] x86/cpu: User Mode Instruction Prevention (UMIP) activated
[    0.190378] process: using mwait in idle threads
[    0.190380] Last level iTLB entries: 4KB 0, 2MB 0, 4MB 0
[    0.190381] Last level dTLB entries: 4KB 0, 2MB 0, 4MB 0, 1GB 0
[    0.190387] Spectre V1 : Mitigation: usercopy/swapgs barriers and __user pointer sanitization
[    0.190389] Spectre V2 : WARNING: Unprivileged eBPF is enabled with eIBRS on, data leaks possible via Spectre v2 BHB attacks!
[    0.190395] Spectre V2 : Mitigation: Enhanced IBRS
[    0.190395] Spectre V2 : Spectre v2 / SpectreRSB mitigation: Filling RSB on context switch
[    0.190397] Spectre V2 : mitigation: Enabling conditional Indirect Branch Prediction Barrier
[    0.190398] Speculative Store Bypass: Mitigation: Speculative Store Bypass disabled via prctl
[    0.195554] Freeing SMP alternatives memory: 40K
[    0.199346] smpboot: Estimated ratio of average max frequency by base frequency (times 1024): 1433
[    0.199360] smpboot: CPU0: Intel(R) Xeon(R) Gold 6330 CPU @ 2.00GHz (family: 0x6, model: 0x6a, stepping: 0x6)
[    0.199584] cblist_init_generic: Setting adjustable number of callback queues.
[    0.199599] cblist_init_generic: Setting shift to 7 and lim to 1.
[    0.199627] cblist_init_generic: Setting shift to 7 and lim to 1.
[    0.199656] cblist_init_generic: Setting shift to 7 and lim to 1.
[    0.199667] Performance Events: PEBS fmt4+-baseline,  AnyThread deprecated, Icelake events, 32-deep LBR, full-width counters, Intel PMU driver.
[    0.199706] ... version:                5
[    0.199706] ... bit width:              48
[    0.199707] ... generic registers:      8
[    0.199708] ... value mask:             0000ffffffffffff
[    0.199708] ... max period:             00007fffffffffff
[    0.199709] ... fixed-purpose events:   4
[    0.199710] ... event mask:             0001000f000000ff
[    0.199878] rcu: Hierarchical SRCU implementation.
[    0.207189] NMI watchdog: Enabled. Permanently consumes one hw-PMU counter.
[    0.208349] smp: Bringing up secondary CPUs ...
[    0.208478] x86: Booting SMP configuration:
[    0.208480] .... node  #1, CPUs:          #1
[    0.007740] smpboot: CPU 1 Converting physical 0 to logical die 1

[    0.295333] .... node  #0, CPUs:     #2
[    0.300712] .... node  #1, CPUs:     #3
[    0.306161] .... node  #0, CPUs:     #4
[    0.311547] .... node  #1, CPUs:     #5
[    0.316958] .... node  #0, CPUs:     #6
[    0.322550] .... node  #1, CPUs:     #7
[    0.328149] .... node  #0, CPUs:     #8
[    0.333467] .... node  #1, CPUs:     #9
[    0.339314] .... node  #0, CPUs:    #10
[    0.344949] .... node  #1, CPUs:    #11
[    0.350713] .... node  #0, CPUs:    #12
[    0.356237] .... node  #1, CPUs:    #13
[    0.361605] .... node  #0, CPUs:    #14
[    0.366845] .... node  #1, CPUs:    #15
[    0.372193] .... node  #0, CPUs:    #16
[    0.377477] .... node  #1, CPUs:    #17
[    0.382810] .... node  #0, CPUs:    #18
[    0.388075] .... node  #1, CPUs:    #19
[    0.393736] .... node  #0, CPUs:    #20
[    0.399242] .... node  #1, CPUs:    #21
[    0.404623] .... node  #0, CPUs:    #22
[    0.410077] .... node  #1, CPUs:    #23
[    0.415365] .... node  #0, CPUs:    #24
[    0.421018] .... node  #1, CPUs:    #25
[    0.426369] .... node  #0, CPUs:    #26
[    0.431608] .... node  #1, CPUs:    #27
[    0.436921] .... node  #0, CPUs:    #28
[    0.442438] .... node  #1, CPUs:    #29
[    0.447752] .... node  #0, CPUs:    #30
[    0.453001] .... node  #1, CPUs:    #31
[    0.458494] .... node  #0, CPUs:    #32
[    0.463792] .... node  #1, CPUs:    #33
[    0.469172] .... node  #0, CPUs:    #34
[    0.474636] .... node  #1, CPUs:    #35
[    0.479960] .... node  #0, CPUs:    #36
[    0.485183] .... node  #1, CPUs:    #37
[    0.490515] .... node  #0, CPUs:    #38
[    0.496091] .... node  #1, CPUs:    #39
[    0.501644] .... node  #0, CPUs:    #40
[    0.507368] .... node  #1, CPUs:    #41
[    0.513029] .... node  #0, CPUs:    #42
[    0.518359] .... node  #1, CPUs:    #43
[    0.524010] .... node  #0, CPUs:    #44
[    0.529387] .... node  #1, CPUs:    #45
[    0.534877] .... node  #0, CPUs:    #46
[    0.540435] .... node  #1, CPUs:    #47
[    0.545898] .... node  #0, CPUs:    #48
[    0.551365] .... node  #1, CPUs:    #49
[    0.556696] .... node  #0, CPUs:    #50
[    0.562209] .... node  #1, CPUs:    #51
[    0.567856] .... node  #0, CPUs:    #52
[    0.573348] .... node  #1, CPUs:    #53
[    0.578942] .... node  #0, CPUs:    #54
[    0.584649] .... node  #1, CPUs:    #55
[    0.590480] .... node  #0, CPUs:    #56
[    0.596650] .... node  #1, CPUs:    #57
[    0.602574] .... node  #0, CPUs:    #58
[    0.607997] .... node  #1, CPUs:    #59
[    0.613453] .... node  #0, CPUs:    #60
[    0.618855] .... node  #1, CPUs:    #61
[    0.624276] .... node  #0, CPUs:    #62
[    0.629878] .... node  #1, CPUs:    #63
[    0.635498] .... node  #0, CPUs:    #64
[    0.640804] .... node  #1, CPUs:    #65
[    0.646579] .... node  #0, CPUs:    #66
[    0.652348] .... node  #1, CPUs:    #67
[    0.658117] .... node  #0, CPUs:    #68
[    0.663662] .... node  #1, CPUs:    #69
[    0.669057] .... node  #0, CPUs:    #70
[    0.674325] .... node  #1, CPUs:    #71
[    0.679676] .... node  #0, CPUs:    #72
[    0.684980] .... node  #1, CPUs:    #73
[    0.690320] .... node  #0, CPUs:    #74
[    0.695606] .... node  #1, CPUs:    #75
[    0.701275] .... node  #0, CPUs:    #76
[    0.706545] .... node  #1, CPUs:    #77
[    0.712194] .... node  #0, CPUs:    #78
[    0.717663] .... node  #1, CPUs:    #79
[    0.722974] .... node  #0, CPUs:    #80
[    0.728630] .... node  #1, CPUs:    #81
[    0.734023] .... node  #0, CPUs:    #82
[    0.739371] .... node  #1, CPUs:    #83
[    0.744608] .... node  #0, CPUs:    #84
[    0.750146] .... node  #1, CPUs:    #85
[    0.755479] .... node  #0, CPUs:    #86
[    0.760736] .... node  #1, CPUs:    #87
[    0.766257] .... node  #0, CPUs:    #88
[    0.771580] .... node  #1, CPUs:    #89
[    0.776981] .... node  #0, CPUs:    #90
[    0.782459] .... node  #1, CPUs:    #91
[    0.787814] .... node  #0, CPUs:    #92
[    0.793059] .... node  #1, CPUs:    #93
[    0.798405] .... node  #0, CPUs:    #94
[    0.804002] .... node  #1, CPUs:    #95
[    0.809551] .... node  #0, CPUs:    #96
[    0.815364] .... node  #1, CPUs:    #97
[    0.820974] .... node  #0, CPUs:    #98
[    0.826326] .... node  #1, CPUs:    #99
[    0.832011] .... node  #0, CPUs:   #100
[    0.837401] .... node  #1, CPUs:   #101
[    0.842906] .... node  #0, CPUs:   #102
[    0.848475] .... node  #1, CPUs:   #103
[    0.853971] .... node  #0, CPUs:   #104
[    0.859364] .... node  #1, CPUs:   #105
[    0.864794] .... node  #0, CPUs:   #106
[    0.870327] .... node  #1, CPUs:   #107
[    0.876000] .... node  #0, CPUs:   #108
[    0.881498] .... node  #1, CPUs:   #109
[    0.887317] .... node  #0, CPUs:   #110
[    0.892863] .... node  #1, CPUs:   #111
[    0.898719] smp: Brought up 2 nodes, 112 CPUs
[    0.898719] smpboot: Max logical packages: 2
[    0.898719] smpboot: Total of 112 processors activated (448083.18 BogoMIPS)
[    0.902600] devtmpfs: initialized
[    0.902600] x86/mm: Memory block size: 2048MB
[    0.902600] ACPI: PM: Registering ACPI NVS region [mem 0x49e77000-0x4ae76fff] (16777216 bytes)
[    0.903349] ACPI: PM: Registering ACPI NVS region [mem 0x6e3ff000-0x6f3fefff] (16777216 bytes)
[    0.903622] clocksource: jiffies: mask: 0xffffffff max_cycles: 0xffffffff, max_idle_ns: 7645041785100000 ns
[    0.903937] futex hash table entries: 32768 (order: 9, 2097152 bytes, vmalloc)
[    0.904184] pinctrl core: initialized pinctrl subsystem
[    0.904336] PM: RTC time: 05:14:37, date: 2024-06-28
[    0.905284] NET: Registered PF_NETLINK/PF_ROUTE protocol family
[    0.906076] DMA: preallocated 4096 KiB GFP_KERNEL pool for atomic allocations
[    0.906585] DMA: preallocated 4096 KiB GFP_KERNEL|GFP_DMA pool for atomic allocations
[    0.907093] DMA: preallocated 4096 KiB GFP_KERNEL|GFP_DMA32 pool for atomic allocations
[    0.907102] audit: initializing netlink subsys (disabled)
[    0.907110] audit: type=2000 audit(1719551676.748:1): state=initialized audit_enabled=0 res=1
[    0.907289] thermal_sys: Registered thermal governor 'fair_share'
[    0.907290] thermal_sys: Registered thermal governor 'bang_bang'
[    0.907291] thermal_sys: Registered thermal governor 'step_wise'
[    0.907292] thermal_sys: Registered thermal governor 'user_space'
[    0.907297] EISA bus registered
[    0.907322] cpuidle: using governor ladder
[    0.907322] cpuidle: using governor menu
[    0.907322] ACPI FADT declares the system doesn't support PCIe ASPM, so disable it
[    0.907322] acpiphp: ACPI Hot Plug PCI Controller Driver version: 0.5
[    0.907350] PCI: MMCONFIG for domain 0000 [bus 00-ff] at [mem 0x80000000-0x8fffffff] (base 0x80000000)
[    0.907356] PCI: MMCONFIG at [mem 0x80000000-0x8fffffff] reserved in E820
[    0.907363] pmd_set_huge: Cannot satisfy [mem 0x80000000-0x80200000] with a huge-page mapping due to MTRR override.
[    0.907541] PCI: Using configuration type 1 for base access
[    0.907551] PCI: Dell System detected, enabling pci=bfsort.
[    0.909711] ENERGY_PERF_BIAS: Set to 'normal', was 'performance'
[    0.912552] kprobes: kprobe jump-optimization is enabled. All kprobes are optimized if possible.
[    0.912557] HugeTLB registered 1.00 GiB page size, pre-allocated 0 pages
[    0.912557] HugeTLB registered 2.00 MiB page size, pre-allocated 0 pages
[    0.915571] fbcon: Taking over console
[    0.915571] ACPI: Added _OSI(Module Device)
[    0.915571] ACPI: Added _OSI(Processor Device)
[    0.915571] ACPI: Added _OSI(3.0 _SCP Extensions)
[    0.915571] ACPI: Added _OSI(Processor Aggregator Device)
[    0.915571] ACPI: Added _OSI(Linux-Dell-Video)
[    0.915571] ACPI: Added _OSI(Linux-Lenovo-NV-HDMI-Audio)
[    0.915571] ACPI: Added _OSI(Linux-HPI-Hybrid-Graphics)
[    1.087029] ACPI: 8 ACPI AML tables successfully acquired and loaded
[    1.093320] ACPI: [Firmware Bug]: BIOS _OSI(Linux) query ignored
[    1.099327] ACPI: Dynamic OEM Table Load:
[    1.517821] ACPI: Interpreter enabled
[    1.517842] ACPI: PM: (supports S0 S5)
[    1.517844] ACPI: Using IOAPIC for interrupt routing
[    1.517933] HEST: Table parsing has been initialized.
[    1.518115] GHES: APEI firmware first mode is enabled by APEI bit and WHEA _OSC.
[    1.518117] PCI: Using host bridge windows from ACPI; if necessary, use "pci=nocrs" and report a bug
[    1.548159] ACPI: Enabled 4 GPEs in block 00 to 7F
[    1.677057] ACPI: PCI Root Bridge [PC00] (domain 0000 [bus 00-15])
[    1.677064] acpi PNP0A08:00: _OSC: OS supports [ExtendedConfig ASPM ClockPM Segments MSI HPX-Type3]
[    1.745848] acpi PNP0A08:00: _OSC: platform does not support [SHPCHotplug AER LTR]
[    1.746079] acpi PNP0A08:00: _OSC: OS now controls [PCIeHotplug PME PCIeCapability]
[    1.746080] acpi PNP0A08:00: FADT indicates ASPM is unsupported, using BIOS configuration
[    1.747975] PCI host bridge to bus 0000:00
[    1.747977] pci_bus 0000:00: root bus resource [io  0x0000-0x0cf7 window]
[    1.747980] pci_bus 0000:00: root bus resource [io  0x1000-0x4fff window]
[    1.747981] pci_bus 0000:00: root bus resource [mem 0x000a0000-0x000bffff window]
[    1.747982] pci_bus 0000:00: root bus resource [mem 0x000c8000-0x000cffff window]
[    1.747984] pci_bus 0000:00: root bus resource [mem 0xfe010000-0xfe010fff window]
[    1.747985] pci_bus 0000:00: root bus resource [mem 0x90000000-0x9b7fffff window]
[    1.747986] pci_bus 0000:00: root bus resource [mem 0x200000000000-0x20ffffffffff window]
[    1.747987] pci_bus 0000:00: root bus resource [bus 00-15]
[    1.748002] pci 0000:00:00.0: [8086:09a2] type 00 class 0x088000
[    1.748102] pci 0000:00:00.1: [8086:09a4] type 00 class 0x088000
[    1.748170] pci 0000:00:00.2: [8086:09a3] type 00 class 0x088000
[    1.748239] pci 0000:00:00.4: [8086:0998] type 00 class 0x060000
[    1.748307] pci 0000:00:02.0: [8086:09a6] type 00 class 0x088000
[    1.748316] pci 0000:00:02.0: reg 0x10: [mem 0x92dfc000-0x92dfdfff]
[    1.748391] pci 0000:00:02.1: [8086:09a7] type 00 class 0x088000
[    1.748399] pci 0000:00:02.1: reg 0x10: [mem 0x92d00000-0x92d7ffff]
[    1.748405] pci 0000:00:02.1: reg 0x14: [mem 0x92c80000-0x92cfffff]
[    1.748480] pci 0000:00:02.4: [8086:3456] type 00 class 0x130000
[    1.748490] pci 0000:00:02.4: reg 0x10: [mem 0x92a00000-0x92afffff 64bit]
[    1.748497] pci 0000:00:02.4: reg 0x18: [mem 0x92df0000-0x92df3fff 64bit]
[    1.748504] pci 0000:00:02.4: reg 0x20: [mem 0x92dc0000-0x92ddffff 64bit]
[    1.748583] pci 0000:00:11.0: [8086:a1ec] type 00 class 0xff0000
[    1.748586] pci 0000:00:11.0: device has non-compliant BARs; disabling IO/MEM decoding
[    1.748677] pci 0000:00:11.5: [8086:a1d2] type 00 class 0x010601
[    1.748690] pci 0000:00:11.5: reg 0x10: [mem 0x92dfa000-0x92dfbfff]
[    1.748698] pci 0000:00:11.5: reg 0x14: [mem 0x92e05000-0x92e050ff]
[    1.748705] pci 0000:00:11.5: reg 0x18: [io  0x2068-0x206f]
[    1.748713] pci 0000:00:11.5: reg 0x1c: [io  0x2074-0x2077]
[    1.748720] pci 0000:00:11.5: reg 0x20: [io  0x2040-0x205f]
[    1.748727] pci 0000:00:11.5: reg 0x24: [mem 0x92b80000-0x92bfffff]
[    1.748765] pci 0000:00:11.5: PME# supported from D3hot
[    1.748980] pci 0000:00:14.0: [8086:a1af] type 00 class 0x0c0330
[    1.748998] pci 0000:00:14.0: reg 0x10: [mem 0x92de0000-0x92deffff 64bit]
[    1.749062] pci 0000:00:14.0: PME# supported from D3hot D3cold
[    1.749293] pci 0000:00:14.2: [8086:a1b1] type 00 class 0x118000
[    1.749310] pci 0000:00:14.2: reg 0x10: [mem 0x92e02000-0x92e02fff 64bit]
[    1.749434] pci 0000:00:16.0: [8086:a1ba] type 00 class 0x078000
[    1.749458] pci 0000:00:16.0: reg 0x10: [mem 0x92e01000-0x92e01fff 64bit]
[    1.749542] pci 0000:00:16.0: PME# supported from D3hot
[    1.749605] pci 0000:00:16.1: [8086:a1bb] type 00 class 0x078000
[    1.749628] pci 0000:00:16.1: reg 0x10: [mem 0x92e00000-0x92e00fff 64bit]
[    1.749712] pci 0000:00:16.1: PME# supported from D3hot
[    1.749778] pci 0000:00:16.4: [8086:a1be] type 00 class 0x078000
[    1.749802] pci 0000:00:16.4: reg 0x10: [mem 0x92dff000-0x92dfffff 64bit]
[    1.749886] pci 0000:00:16.4: PME# supported from D3hot
[    1.749958] pci 0000:00:17.0: [8086:a182] type 00 class 0x010601
[    1.749971] pci 0000:00:17.0: reg 0x10: [mem 0x92df8000-0x92df9fff]
[    1.749978] pci 0000:00:17.0: reg 0x14: [mem 0x92e04000-0x92e040ff]
[    1.749985] pci 0000:00:17.0: reg 0x18: [io  0x2060-0x2067]
[    1.749993] pci 0000:00:17.0: reg 0x1c: [io  0x2070-0x2073]
[    1.750000] pci 0000:00:17.0: reg 0x20: [io  0x2020-0x203f]
[    1.750007] pci 0000:00:17.0: reg 0x24: [mem 0x92b00000-0x92b7ffff]
[    1.750044] pci 0000:00:17.0: PME# supported from D3hot
[    1.750252] pci 0000:00:1c.0: [8086:a190] type 01 class 0x060400
[    1.750327] pci 0000:00:1c.0: PME# supported from D0 D3hot D3cold
[    1.750994] pci 0000:00:1c.4: [8086:a194] type 01 class 0x060400
[    1.751064] pci 0000:00:1c.4: PME# supported from D0 D3hot D3cold
[    1.751778] pci 0000:00:1c.5: [8086:a195] type 01 class 0x060400
[    1.751850] pci 0000:00:1c.5: PME# supported from D0 D3hot D3cold
[    1.752494] pci 0000:00:1f.0: [8086:a1cb] type 00 class 0x060100
[    1.752797] pci 0000:00:1f.2: [8086:a1a1] type 00 class 0x058000
[    1.752812] pci 0000:00:1f.2: reg 0x10: [mem 0x92df4000-0x92df7fff]
[    1.753056] pci 0000:00:1f.4: [8086:a1a3] type 00 class 0x0c0500
[    1.753076] pci 0000:00:1f.4: reg 0x10: [mem 0x92dfe000-0x92dfe0ff 64bit]
[    1.753099] pci 0000:00:1f.4: reg 0x20: [io  0x2000-0x201f]
[    1.753165] pci 0000:00:1f.5: [8086:a1a4] type 00 class 0x0c8000
[    1.753181] pci 0000:00:1f.5: reg 0x10: [mem 0xfe010000-0xfe010fff]
[    1.753314] pci 0000:00:1c.0: PCI bridge to [bus 01]
[    1.753365] pci 0000:02:00.0: [1556:be00] type 01 class 0x060400
[    1.753535] pci 0000:00:1c.4: PCI bridge to [bus 02-03]
[    1.753540] pci 0000:00:1c.4:   bridge window [mem 0x92000000-0x928fffff]
[    1.753544] pci 0000:00:1c.4:   bridge window [mem 0x91000000-0x91ffffff 64bit pref]
[    1.753576] pci_bus 0000:03: extended config space not accessible
[    1.753593] pci 0000:03:00.0: [102b:0536] type 00 class 0x030000
[    1.753612] pci 0000:03:00.0: reg 0x10: [mem 0x91000000-0x91ffffff pref]
[    1.753623] pci 0000:03:00.0: reg 0x14: [mem 0x92808000-0x9280bfff]
[    1.753634] pci 0000:03:00.0: reg 0x18: [mem 0x92000000-0x927fffff]
[    1.753682] pci 0000:03:00.0: BAR 0: assigned to efifb
[    1.753690] pci 0000:03:00.0: Video device with shadowed ROM at [mem 0x000c0000-0x000dffff]
[    1.753791] pci 0000:02:00.0: PCI bridge to [bus 03]
[    1.753800] pci 0000:02:00.0:   bridge window [mem 0x92000000-0x928fffff]
[    1.753806] pci 0000:02:00.0:   bridge window [mem 0x91000000-0x91ffffff 64bit pref]
[    1.753876] pci 0000:04:00.0: [14e4:165f] type 00 class 0x020000
[    1.753899] pci 0000:04:00.0: reg 0x10: [mem 0x92930000-0x9293ffff 64bit pref]
[    1.753915] pci 0000:04:00.0: reg 0x18: [mem 0x92940000-0x9294ffff 64bit pref]
[    1.753931] pci 0000:04:00.0: reg 0x20: [mem 0x92950000-0x9295ffff 64bit pref]
[    1.753942] pci 0000:04:00.0: reg 0x30: [mem 0xfffc0000-0xffffffff pref]
[    1.754036] pci 0000:04:00.0: PME# supported from D0 D3hot D3cold
[    1.754089] pci 0000:04:00.0: 4.000 Gb/s available PCIe bandwidth, limited by 5.0 GT/s PCIe x1 link at 0000:00:1c.5 (capable of 8.000 Gb/s with 5.0 GT/s PCIe x2 link)
[    1.754651] pci 0000:04:00.1: [14e4:165f] type 00 class 0x020000
[    1.754675] pci 0000:04:00.1: reg 0x10: [mem 0x92900000-0x9290ffff 64bit pref]
[    1.754691] pci 0000:04:00.1: reg 0x18: [mem 0x92910000-0x9291ffff 64bit pref]
[    1.754707] pci 0000:04:00.1: reg 0x20: [mem 0x92920000-0x9292ffff 64bit pref]
[    1.754718] pci 0000:04:00.1: reg 0x30: [mem 0xfffc0000-0xffffffff pref]
[    1.754812] pci 0000:04:00.1: PME# supported from D0 D3hot D3cold
[    1.755390] pci 0000:00:1c.5: PCI bridge to [bus 04]
[    1.755399] pci 0000:00:1c.5:   bridge window [mem 0x92900000-0x929fffff 64bit pref]
[    1.755413] pci_bus 0000:00: on NUMA node 0
[    1.756009] ACPI: PCI Root Bridge [PC01] (domain 0000 [bus 16-2f])
[    1.756013] acpi PNP0A08:01: _OSC: OS supports [ExtendedConfig ASPM ClockPM Segments MSI HPX-Type3]
[    1.770829] acpi PNP0A08:01: _OSC: platform does not support [SHPCHotplug AER]
[    1.771047] acpi PNP0A08:01: _OSC: OS now controls [PCIeHotplug PME PCIeCapability LTR]
[    1.771048] acpi PNP0A08:01: FADT indicates ASPM is unsupported, using BIOS configuration
[    1.771180] PCI host bridge to bus 0000:16
[    1.771181] pci_bus 0000:16: root bus resource [io  0x5000-0x6fff window]
[    1.771183] pci_bus 0000:16: root bus resource [mem 0x9b800000-0xa63fffff window]
[    1.771184] pci_bus 0000:16: root bus resource [mem 0x210000000000-0x21ffffffffff window]
[    1.771185] pci_bus 0000:16: root bus resource [bus 16-2f]
[    1.771196] pci 0000:16:00.0: [8086:09a2] type 00 class 0x088000
[    1.771266] pci 0000:16:00.1: [8086:09a4] type 00 class 0x088000
[    1.771329] pci 0000:16:00.2: [8086:09a3] type 00 class 0x088000
[    1.771391] pci 0000:16:00.4: [8086:0998] type 00 class 0x060000
[    1.771465] pci 0000:16:02.0: [8086:347a] type 01 class 0x060400
[    1.771475] pci 0000:16:02.0: reg 0x10: [mem 0x21fffff00000-0x21fffff1ffff 64bit]
[    1.771513] pci 0000:16:02.0: PME# supported from D0 D3hot D3cold
[    1.772466] pci 0000:17:00.0: [1000:10e2] type 00 class 0x010400
[    1.772478] pci 0000:17:00.0: reg 0x10: [mem 0x9b800000-0x9b8fffff 64bit pref]
[    1.772487] pci 0000:17:00.0: reg 0x18: [mem 0x9b900000-0x9b9fffff 64bit pref]
[    1.772493] pci 0000:17:00.0: reg 0x20: [mem 0x9ba00000-0x9bafffff]
[    1.772499] pci 0000:17:00.0: reg 0x24: [io  0x5000-0x50ff]
[    1.772505] pci 0000:17:00.0: reg 0x30: [mem 0xfff00000-0xffffffff pref]
[    1.773622] pci 0000:17:00.0: supports D1 D2
[    1.773689] pci 0000:16:02.0: PCI bridge to [bus 17]
[    1.773691] pci 0000:16:02.0:   bridge window [io  0x5000-0x5fff]
[    1.773693] pci 0000:16:02.0:   bridge window [mem 0x9ba00000-0x9bafffff]
[    1.773696] pci 0000:16:02.0:   bridge window [mem 0x9b800000-0x9b9fffff 64bit pref]
[    1.773702] pci_bus 0000:16: on NUMA node 0
[    1.773780] ACPI: PCI Root Bridge [PC02] (domain 0000 [bus 30-49])
[    1.773783] acpi PNP0A08:02: _OSC: OS supports [ExtendedConfig ASPM ClockPM Segments MSI HPX-Type3]
[    1.788243] acpi PNP0A08:02: _OSC: platform does not support [SHPCHotplug AER]
[    1.788457] acpi PNP0A08:02: _OSC: OS now controls [PCIeHotplug PME PCIeCapability LTR]
[    1.788458] acpi PNP0A08:02: FADT indicates ASPM is unsupported, using BIOS configuration
[    1.788582] PCI host bridge to bus 0000:30
[    1.788584] pci_bus 0000:30: root bus resource [io  0x7000-0x8fff window]
[    1.788585] pci_bus 0000:30: root bus resource [mem 0xa6400000-0xb0ffffff window]
[    1.788587] pci_bus 0000:30: root bus resource [mem 0x220000000000-0x22ffffffffff window]
[    1.788588] pci_bus 0000:30: root bus resource [bus 30-49]
[    1.788598] pci 0000:30:00.0: [8086:09a2] type 00 class 0x088000
[    1.788667] pci 0000:30:00.1: [8086:09a4] type 00 class 0x088000
[    1.788729] pci 0000:30:00.2: [8086:09a3] type 00 class 0x088000
[    1.788791] pci 0000:30:00.4: [8086:0998] type 00 class 0x060000
[    1.788860] pci_bus 0000:30: on NUMA node 0
[    1.788965] ACPI: PCI Root Bridge [PC04] (domain 0000 [bus 4a-63])
[    1.788967] acpi PNP0A08:04: _OSC: OS supports [ExtendedConfig ASPM ClockPM Segments MSI HPX-Type3]
[    1.803372] acpi PNP0A08:04: _OSC: platform does not support [SHPCHotplug AER]
[    1.803587] acpi PNP0A08:04: _OSC: OS now controls [PCIeHotplug PME PCIeCapability LTR]
[    1.803589] acpi PNP0A08:04: FADT indicates ASPM is unsupported, using BIOS configuration
[    1.803709] PCI host bridge to bus 0000:4a
[    1.803710] pci_bus 0000:4a: root bus resource [io  0x9000-0x9fff window]
[    1.803712] pci_bus 0000:4a: root bus resource [mem 0xb1000000-0xbbbfffff window]
[    1.803713] pci_bus 0000:4a: root bus resource [mem 0x230000000000-0x23ffffffffff window]
[    1.803714] pci_bus 0000:4a: root bus resource [bus 4a-63]
[    1.803724] pci 0000:4a:00.0: [8086:09a2] type 00 class 0x088000
[    1.803787] pci 0000:4a:00.1: [8086:09a4] type 00 class 0x088000
[    1.803852] pci 0000:4a:00.2: [8086:09a3] type 00 class 0x088000
[    1.803913] pci 0000:4a:00.4: [8086:0998] type 00 class 0x060000
[    1.803989] pci_bus 0000:4a: on NUMA node 0
[    1.804064] ACPI: PCI Root Bridge [PC05] (domain 0000 [bus 64-7d])
[    1.804066] acpi PNP0A08:05: _OSC: OS supports [ExtendedConfig ASPM ClockPM Segments MSI HPX-Type3]
[    1.818502] acpi PNP0A08:05: _OSC: platform does not support [SHPCHotplug AER]
[    1.818713] acpi PNP0A08:05: _OSC: OS now controls [PCIeHotplug PME PCIeCapability LTR]
[    1.818714] acpi PNP0A08:05: FADT indicates ASPM is unsupported, using BIOS configuration
[    1.818833] PCI host bridge to bus 0000:64
[    1.818834] pci_bus 0000:64: root bus resource [io  0xa000-0xafff window]
[    1.818836] pci_bus 0000:64: root bus resource [mem 0xbbc00000-0xc5ffffff window]
[    1.818837] pci_bus 0000:64: root bus resource [mem 0x240000000000-0x24ffffffffff window]
[    1.818838] pci_bus 0000:64: root bus resource [bus 64-7d]
[    1.818847] pci 0000:64:00.0: [8086:09a2] type 00 class 0x088000
[    1.818912] pci 0000:64:00.1: [8086:09a4] type 00 class 0x088000
[    1.818973] pci 0000:64:00.2: [8086:09a3] type 00 class 0x088000
[    1.819034] pci 0000:64:00.4: [8086:0998] type 00 class 0x060000
[    1.819103] pci_bus 0000:64: on NUMA node 0
[    1.819170] ACPI: PCI Root Bridge [UC06] (domain 0000 [bus 7e])
[    1.819173] acpi PNP0A03:00: _OSC: OS supports [ExtendedConfig ASPM ClockPM Segments MSI HPX-Type3]
[    1.819272] acpi PNP0A03:00: _OSC: platform does not support [SHPCHotplug AER LTR]
[    1.819456] acpi PNP0A03:00: _OSC: OS now controls [PCIeHotplug PME PCIeCapability]
[    1.819457] acpi PNP0A03:00: FADT indicates ASPM is unsupported, using BIOS configuration
[    1.819592] PCI host bridge to bus 0000:7e
[    1.819593] pci_bus 0000:7e: root bus resource [bus 7e]
[    1.819602] pci 0000:7e:00.0: [8086:3450] type 00 class 0x088000
[    1.819675] pci 0000:7e:00.1: [8086:3451] type 00 class 0x088000
[    1.819733] pci 0000:7e:00.2: [8086:3452] type 00 class 0x088000
[    1.819803] pci 0000:7e:00.3: [8086:0998] type 00 class 0x060000
[    1.819858] pci 0000:7e:00.5: [8086:3455] type 00 class 0x088000
[    1.819919] pci 0000:7e:02.0: [8086:3440] type 00 class 0x088000
[    1.820047] pci 0000:7e:02.1: [8086:3441] type 00 class 0x088000
[    1.820155] pci 0000:7e:02.2: [8086:3442] type 00 class 0x088000
[    1.820262] pci 0000:7e:03.0: [8086:3440] type 00 class 0x088000
[    1.820355] pci 0000:7e:03.1: [8086:3441] type 00 class 0x088000
[    1.820432] pci 0000:7e:03.2: [8086:3442] type 00 class 0x088000
[    1.820513] pci 0000:7e:04.0: [8086:3440] type 00 class 0x088000
[    1.820634] pci 0000:7e:04.1: [8086:3441] type 00 class 0x088000
[    1.820749] pci 0000:7e:04.2: [8086:3442] type 00 class 0x088000
[    1.820864] pci 0000:7e:04.3: [8086:3443] type 00 class 0x088000
[    1.820981] pci 0000:7e:05.0: [8086:3445] type 00 class 0x088000
[    1.821107] pci 0000:7e:05.1: [8086:3446] type 00 class 0x088000
[    1.821217] pci 0000:7e:05.2: [8086:3447] type 00 class 0x088000
[    1.821331] pci 0000:7e:06.0: [8086:3445] type 00 class 0x088000
[    1.821424] pci 0000:7e:06.1: [8086:3446] type 00 class 0x088000
[    1.821503] pci 0000:7e:06.2: [8086:3447] type 00 class 0x088000
[    1.821587] pci 0000:7e:07.0: [8086:3445] type 00 class 0x088000
[    1.821721] pci 0000:7e:07.1: [8086:3446] type 00 class 0x088000
[    1.821839] pci 0000:7e:07.2: [8086:3447] type 00 class 0x088000
[    1.821955] pci 0000:7e:0b.0: [8086:3448] type 00 class 0x088000
[    1.822032] pci 0000:7e:0b.1: [8086:3448] type 00 class 0x088000
[    1.822100] pci 0000:7e:0b.2: [8086:344b] type 00 class 0x088000
[    1.822168] pci 0000:7e:0c.0: [8086:344a] type 00 class 0x110100
[    1.822270] pci 0000:7e:0d.0: [8086:344a] type 00 class 0x110100
[    1.822369] pci 0000:7e:0e.0: [8086:344a] type 00 class 0x110100
[    1.822512] pci 0000:7e:0f.0: [8086:344a] type 00 class 0x110100
[    1.822667] pci 0000:7e:1a.0: [8086:2880] type 00 class 0x110100
[    1.822767] pci 0000:7e:1b.0: [8086:2880] type 00 class 0x110100
[    1.822865] pci 0000:7e:1c.0: [8086:2880] type 00 class 0x110100
[    1.823020] pci 0000:7e:1d.0: [8086:2880] type 00 class 0x110100
[    1.823166] pci_bus 0000:7e: on NUMA node 0
[    1.823251] ACPI: PCI Root Bridge [UC07] (domain 0000 [bus 7f])
[    1.823253] acpi PNP0A03:01: _OSC: OS supports [ExtendedConfig ASPM ClockPM Segments MSI HPX-Type3]
[    1.823353] acpi PNP0A03:01: _OSC: platform does not support [SHPCHotplug AER LTR]
[    1.823537] acpi PNP0A03:01: _OSC: OS now controls [PCIeHotplug PME PCIeCapability]
[    1.823539] acpi PNP0A03:01: FADT indicates ASPM is unsupported, using BIOS configuration
[    1.823684] PCI host bridge to bus 0000:7f
[    1.823685] pci_bus 0000:7f: root bus resource [bus 7f]
[    1.823699] pci 0000:7f:00.0: [8086:344c] type 00 class 0x088000
[    1.823814] pci 0000:7f:00.1: [8086:344c] type 00 class 0x088000
[    1.823923] pci 0000:7f:00.2: [8086:344c] type 00 class 0x088000
[    1.824034] pci 0000:7f:00.3: [8086:344c] type 00 class 0x088000
[    1.824123] pci 0000:7f:00.4: [8086:344c] type 00 class 0x088000
[    1.824242] pci 0000:7f:00.5: [8086:344c] type 00 class 0x088000
[    1.824358] pci 0000:7f:00.6: [8086:344c] type 00 class 0x088000
[    1.824439] pci 0000:7f:00.7: [8086:344c] type 00 class 0x088000
[    1.824521] pci 0000:7f:01.0: [8086:344c] type 00 class 0x088000
[    1.824662] pci 0000:7f:01.1: [8086:344c] type 00 class 0x088000
[    1.824781] pci 0000:7f:01.2: [8086:344c] type 00 class 0x088000
[    1.824859] pci 0000:7f:01.3: [8086:344c] type 00 class 0x088000
[    1.824990] pci 0000:7f:01.4: [8086:344c] type 00 class 0x088000
[    1.825122] pci 0000:7f:01.5: [8086:344c] type 00 class 0x088000
[    1.825257] pci 0000:7f:01.6: [8086:344c] type 00 class 0x088000
[    1.825383] pci 0000:7f:01.7: [8086:344c] type 00 class 0x088000
[    1.825511] pci 0000:7f:02.0: [8086:344c] type 00 class 0x088000
[    1.825654] pci 0000:7f:02.1: [8086:344c] type 00 class 0x088000
[    1.825785] pci 0000:7f:02.2: [8086:344c] type 00 class 0x088000
[    1.825916] pci 0000:7f:02.3: [8086:344c] type 00 class 0x088000
[    1.826054] pci 0000:7f:02.4: [8086:344c] type 00 class 0x088000
[    1.826190] pci 0000:7f:02.5: [8086:344c] type 00 class 0x088000
[    1.826327] pci 0000:7f:02.6: [8086:344c] type 00 class 0x088000
[    1.826477] pci 0000:7f:02.7: [8086:344c] type 00 class 0x088000
[    1.826624] pci 0000:7f:03.0: [8086:344c] type 00 class 0x088000
[    1.826782] pci 0000:7f:03.1: [8086:344c] type 00 class 0x088000
[    1.826934] pci 0000:7f:03.2: [8086:344c] type 00 class 0x088000
[    1.827082] pci 0000:7f:03.3: [8086:344c] type 00 class 0x088000
[    1.827241] pci 0000:7f:0a.0: [8086:344d] type 00 class 0x088000
[    1.827352] pci 0000:7f:0a.1: [8086:344d] type 00 class 0x088000
[    1.827464] pci 0000:7f:0a.2: [8086:344d] type 00 class 0x088000
[    1.827578] pci 0000:7f:0a.3: [8086:344d] type 00 class 0x088000
[    1.827675] pci 0000:7f:0a.4: [8086:344d] type 00 class 0x088000
[    1.827794] pci 0000:7f:0a.5: [8086:344d] type 00 class 0x088000
[    1.827910] pci 0000:7f:0a.6: [8086:344d] type 00 class 0x088000
[    1.827988] pci 0000:7f:0a.7: [8086:344d] type 00 class 0x088000
[    1.828070] pci 0000:7f:0b.0: [8086:344d] type 00 class 0x088000
[    1.828213] pci 0000:7f:0b.1: [8086:344d] type 00 class 0x088000
[    1.828331] pci 0000:7f:0b.2: [8086:344d] type 00 class 0x088000
[    1.828416] pci 0000:7f:0b.3: [8086:344d] type 00 class 0x088000
[    1.828547] pci 0000:7f:0b.4: [8086:344d] type 00 class 0x088000
[    1.828678] pci 0000:7f:0b.5: [8086:344d] type 00 class 0x088000
[    1.828814] pci 0000:7f:0b.6: [8086:344d] type 00 class 0x088000
[    1.828934] pci 0000:7f:0b.7: [8086:344d] type 00 class 0x088000
[    1.829062] pci 0000:7f:0c.0: [8086:344d] type 00 class 0x088000
[    1.829207] pci 0000:7f:0c.1: [8086:344d] type 00 class 0x088000
[    1.829338] pci 0000:7f:0c.2: [8086:344d] type 00 class 0x088000
[    1.829475] pci 0000:7f:0c.3: [8086:344d] type 00 class 0x088000
[    1.829613] pci 0000:7f:0c.4: [8086:344d] type 00 class 0x088000
[    1.829750] pci 0000:7f:0c.5: [8086:344d] type 00 class 0x088000
[    1.829887] pci 0000:7f:0c.6: [8086:344d] type 00 class 0x088000
[    1.830033] pci 0000:7f:0c.7: [8086:344d] type 00 class 0x088000
[    1.830180] pci 0000:7f:0d.0: [8086:344d] type 00 class 0x088000
[    1.830346] pci 0000:7f:0d.1: [8086:344d] type 00 class 0x088000
[    1.830498] pci 0000:7f:0d.2: [8086:344d] type 00 class 0x088000
[    1.830652] pci 0000:7f:0d.3: [8086:344d] type 00 class 0x088000
[    1.830821] pci 0000:7f:1d.0: [8086:344f] type 00 class 0x088000
[    1.830944] pci 0000:7f:1d.1: [8086:3457] type 00 class 0x088000
[    1.831049] pci 0000:7f:1e.0: [8086:3458] type 00 class 0x088000
[    1.831128] pci 0000:7f:1e.1: [8086:3459] type 00 class 0x088000
[    1.831191] pci 0000:7f:1e.2: [8086:345a] type 00 class 0x088000
[    1.831253] pci 0000:7f:1e.3: [8086:345b] type 00 class 0x088000
[    1.831313] pci 0000:7f:1e.4: [8086:345c] type 00 class 0x088000
[    1.831380] pci 0000:7f:1e.5: [8086:345d] type 00 class 0x088000
[    1.831442] pci 0000:7f:1e.6: [8086:345e] type 00 class 0x088000
[    1.831503] pci 0000:7f:1e.7: [8086:345f] type 00 class 0x088000
[    1.831562] pci_bus 0000:7f: on NUMA node 0
[    1.831669] ACPI: PCI Root Bridge [PC06] (domain 0000 [bus 80])
[    1.831671] acpi PNP0A08:06: _OSC: OS supports [ExtendedConfig ASPM ClockPM Segments MSI HPX-Type3]
[    1.846097] acpi PNP0A08:06: _OSC: platform does not support [SHPCHotplug AER]
[    1.846310] acpi PNP0A08:06: _OSC: OS now controls [PCIeHotplug PME PCIeCapability LTR]
[    1.846311] acpi PNP0A08:06: FADT indicates ASPM is unsupported, using BIOS configuration
[    1.846458] PCI host bridge to bus 0000:80
[    1.846459] pci_bus 0000:80: root bus resource [io  0xb000-0xbfff window]
[    1.846461] pci_bus 0000:80: root bus resource [mem 0xc6800000-0xd0ffffff window]
[    1.846462] pci_bus 0000:80: root bus resource [mem 0x250000000000-0x25ffffffffff window]
[    1.846463] pci_bus 0000:80: root bus resource [bus 80]
[    1.846474] pci 0000:80:00.0: [8086:09a2] type 00 class 0x088000
[    1.846560] pci 0000:80:00.1: [8086:09a4] type 00 class 0x088000
[    1.846632] pci 0000:80:00.2: [8086:09a3] type 00 class 0x088000
[    1.846701] pci 0000:80:00.4: [8086:0998] type 00 class 0x060000
[    1.846771] pci 0000:80:02.0: [8086:09a6] type 00 class 0x088000
[    1.846780] pci 0000:80:02.0: reg 0x10: [mem 0xc6aa4000-0xc6aa5fff]
[    1.846845] pci 0000:80:02.1: [8086:09a7] type 00 class 0x088000
[    1.846854] pci 0000:80:02.1: reg 0x10: [mem 0xc6a00000-0xc6a7ffff]
[    1.846860] pci 0000:80:02.1: reg 0x14: [mem 0xc6980000-0xc69fffff]
[    1.846915] pci 0000:80:02.4: [8086:3456] type 00 class 0x130000
[    1.846926] pci 0000:80:02.4: reg 0x10: [mem 0xc6800000-0xc68fffff 64bit]
[    1.846934] pci 0000:80:02.4: reg 0x18: [mem 0xc6aa0000-0xc6aa3fff 64bit]
[    1.846941] pci 0000:80:02.4: reg 0x20: [mem 0xc6a80000-0xc6a9ffff 64bit]
[    1.847007] pci_bus 0000:80: on NUMA node 1
[    1.847086] ACPI: PCI Root Bridge [PC07] (domain 0000 [bus 81])
[    1.847089] acpi PNP0A08:07: _OSC: OS supports [ExtendedConfig ASPM ClockPM Segments MSI HPX-Type3]
[    1.861502] acpi PNP0A08:07: _OSC: platform does not support [SHPCHotplug AER]
[    1.861714] acpi PNP0A08:07: _OSC: OS now controls [PCIeHotplug PME PCIeCapability LTR]
[    1.861715] acpi PNP0A08:07: FADT indicates ASPM is unsupported, using BIOS configuration
[    1.861834] PCI host bridge to bus 0000:81
[    1.861835] pci_bus 0000:81: root bus resource [io  0xc000-0xcfff window]
[    1.861837] pci_bus 0000:81: root bus resource [mem 0xd1000000-0xdbbfffff window]
[    1.861838] pci_bus 0000:81: root bus resource [mem 0x260000000000-0x26ffffffffff window]
[    1.861839] pci_bus 0000:81: root bus resource [bus 81]
[    1.861849] pci 0000:81:00.0: [8086:09a2] type 00 class 0x088000
[    1.861918] pci 0000:81:00.1: [8086:09a4] type 00 class 0x088000
[    1.861984] pci 0000:81:00.2: [8086:09a3] type 00 class 0x088000
[    1.862053] pci 0000:81:00.4: [8086:0998] type 00 class 0x060000
[    1.862131] pci_bus 0000:81: on NUMA node 1
[    1.862204] ACPI: PCI Root Bridge [PC08] (domain 0000 [bus 82])
[    1.862207] acpi PNP0A08:08: _OSC: OS supports [ExtendedConfig ASPM ClockPM Segments MSI HPX-Type3]
[    1.876669] acpi PNP0A08:08: _OSC: platform does not support [SHPCHotplug AER]
[    1.876880] acpi PNP0A08:08: _OSC: OS now controls [PCIeHotplug PME PCIeCapability LTR]
[    1.876881] acpi PNP0A08:08: FADT indicates ASPM is unsupported, using BIOS configuration
[    1.876998] PCI host bridge to bus 0000:82
[    1.877000] pci_bus 0000:82: root bus resource [io  0xd000-0xdfff window]
[    1.877001] pci_bus 0000:82: root bus resource [mem 0xdbc00000-0xe67fffff window]
[    1.877002] pci_bus 0000:82: root bus resource [mem 0x270000000000-0x27ffffffffff window]
[    1.877004] pci_bus 0000:82: root bus resource [bus 82]
[    1.877013] pci 0000:82:00.0: [8086:09a2] type 00 class 0x088000
[    1.877083] pci 0000:82:00.1: [8086:09a4] type 00 class 0x088000
[    1.877155] pci 0000:82:00.2: [8086:09a3] type 00 class 0x088000
[    1.877223] pci 0000:82:00.4: [8086:0998] type 00 class 0x060000
[    1.877300] pci_bus 0000:82: on NUMA node 1
[    1.877404] ACPI: PCI Root Bridge [PC10] (domain 0000 [bus 83-f9])
[    1.877407] acpi PNP0A08:0a: _OSC: OS supports [ExtendedConfig ASPM ClockPM Segments MSI HPX-Type3]
[    1.891855] acpi PNP0A08:0a: _OSC: platform does not support [SHPCHotplug AER]
[    1.892067] acpi PNP0A08:0a: _OSC: OS now controls [PCIeHotplug PME PCIeCapability LTR]
[    1.892068] acpi PNP0A08:0a: FADT indicates ASPM is unsupported, using BIOS configuration
[    1.892196] PCI host bridge to bus 0000:83
[    1.892198] pci_bus 0000:83: root bus resource [io  0xe000-0xefff window]
[    1.892199] pci_bus 0000:83: root bus resource [mem 0xe6800000-0xf13fffff window]
[    1.892200] pci_bus 0000:83: root bus resource [mem 0x280000000000-0x28ffffffffff window]
[    1.892202] pci_bus 0000:83: root bus resource [bus 83-f9]
[    1.892212] pci 0000:83:00.0: [8086:09a2] type 00 class 0x088000
[    1.892283] pci 0000:83:00.1: [8086:09a4] type 00 class 0x088000
[    1.892351] pci 0000:83:00.2: [8086:09a3] type 00 class 0x088000
[    1.892421] pci 0000:83:00.4: [8086:0998] type 00 class 0x060000
[    1.892499] pci_bus 0000:83: on NUMA node 1
[    1.892574] ACPI: PCI Root Bridge [PC11] (domain 0000 [bus fa])
[    1.892577] acpi PNP0A08:0b: _OSC: OS supports [ExtendedConfig ASPM ClockPM Segments MSI HPX-Type3]
[    1.907033] acpi PNP0A08:0b: _OSC: platform does not support [SHPCHotplug AER]
[    1.907245] acpi PNP0A08:0b: _OSC: OS now controls [PCIeHotplug PME PCIeCapability LTR]
[    1.907247] acpi PNP0A08:0b: FADT indicates ASPM is unsupported, using BIOS configuration
[    1.907364] PCI host bridge to bus 0000:fa
[    1.907366] pci_bus 0000:fa: root bus resource [io  0xf000-0xffff window]
[    1.907367] pci_bus 0000:fa: root bus resource [mem 0xf1400000-0xfb7fffff window]
[    1.907368] pci_bus 0000:fa: root bus resource [mem 0x290000000000-0x29ffffffffff window]
[    1.907369] pci_bus 0000:fa: root bus resource [bus fa]
[    1.907380] pci 0000:fa:00.0: [8086:09a2] type 00 class 0x088000
[    1.907452] pci 0000:fa:00.1: [8086:09a4] type 00 class 0x088000
[    1.907526] pci 0000:fa:00.2: [8086:09a3] type 00 class 0x088000
[    1.907596] pci 0000:fa:00.4: [8086:0998] type 00 class 0x060000
[    1.907675] pci_bus 0000:fa: on NUMA node 1
[    1.907742] ACPI: PCI Root Bridge [UC16] (domain 0000 [bus fe])
[    1.907744] acpi PNP0A03:02: _OSC: OS supports [ExtendedConfig ASPM ClockPM Segments MSI HPX-Type3]
[    1.907843] acpi PNP0A03:02: _OSC: platform does not support [SHPCHotplug AER LTR]
[    1.908023] acpi PNP0A03:02: _OSC: OS now controls [PCIeHotplug PME PCIeCapability]
[    1.908024] acpi PNP0A03:02: FADT indicates ASPM is unsupported, using BIOS configuration
[    1.908155] PCI host bridge to bus 0000:fe
[    1.908157] pci_bus 0000:fe: root bus resource [bus fe]
[    1.908165] pci 0000:fe:00.0: [8086:3450] type 00 class 0x088000
[    1.908240] pci 0000:fe:00.1: [8086:3451] type 00 class 0x088000
[    1.908298] pci 0000:fe:00.2: [8086:3452] type 00 class 0x088000
[    1.908357] pci 0000:fe:00.3: [8086:0998] type 00 class 0x060000
[    1.908416] pci 0000:fe:00.5: [8086:3455] type 00 class 0x088000
[    1.908483] pci 0000:fe:02.0: [8086:3440] type 00 class 0x088000
[    1.908624] pci 0000:fe:02.1: [8086:3441] type 00 class 0x088000
[    1.908736] pci 0000:fe:02.2: [8086:3442] type 00 class 0x088000
[    1.908846] pci 0000:fe:03.0: [8086:3440] type 00 class 0x088000
[    1.908944] pci 0000:fe:03.1: [8086:3441] type 00 class 0x088000
[    1.909023] pci 0000:fe:03.2: [8086:3442] type 00 class 0x088000
[    1.909109] pci 0000:fe:04.0: [8086:3440] type 00 class 0x088000
[    1.909233] pci 0000:fe:04.1: [8086:3441] type 00 class 0x088000
[    1.909355] pci 0000:fe:04.2: [8086:3442] type 00 class 0x088000
[    1.909479] pci 0000:fe:04.3: [8086:3443] type 00 class 0x088000
[    1.909609] pci 0000:fe:05.0: [8086:3445] type 00 class 0x088000
[    1.909740] pci 0000:fe:05.1: [8086:3446] type 00 class 0x088000
[    1.909857] pci 0000:fe:05.2: [8086:3447] type 00 class 0x088000
[    1.909970] pci 0000:fe:06.0: [8086:3445] type 00 class 0x088000
[    1.910067] pci 0000:fe:06.1: [8086:3446] type 00 class 0x088000
[    1.910149] pci 0000:fe:06.2: [8086:3447] type 00 class 0x088000
[    1.910241] pci 0000:fe:07.0: [8086:3445] type 00 class 0x088000
[    1.910385] pci 0000:fe:07.1: [8086:3446] type 00 class 0x088000
[    1.910507] pci 0000:fe:07.2: [8086:3447] type 00 class 0x088000
[    1.910628] pci 0000:fe:0b.0: [8086:3448] type 00 class 0x088000
[    1.910710] pci 0000:fe:0b.1: [8086:3448] type 00 class 0x088000
[    1.910776] pci 0000:fe:0b.2: [8086:344b] type 00 class 0x088000
[    1.910848] pci 0000:fe:0c.0: [8086:344a] type 00 class 0x110100
[    1.910956] pci 0000:fe:0d.0: [8086:344a] type 00 class 0x110100
[    1.911060] pci 0000:fe:0e.0: [8086:344a] type 00 class 0x110100
[    1.911216] pci 0000:fe:0f.0: [8086:344a] type 00 class 0x110100
[    1.911376] pci 0000:fe:1a.0: [8086:2880] type 00 class 0x110100
[    1.911483] pci 0000:fe:1b.0: [8086:2880] type 00 class 0x110100
[    1.911587] pci 0000:fe:1c.0: [8086:2880] type 00 class 0x110100
[    1.911743] pci 0000:fe:1d.0: [8086:2880] type 00 class 0x110100
[    1.911895] pci_bus 0000:fe: on NUMA node 1
[    1.911976] ACPI: PCI Root Bridge [UC17] (domain 0000 [bus ff])
[    1.911978] acpi PNP0A03:03: _OSC: OS supports [ExtendedConfig ASPM ClockPM Segments MSI HPX-Type3]
[    1.912081] acpi PNP0A03:03: _OSC: platform does not support [SHPCHotplug AER LTR]
[    1.912262] acpi PNP0A03:03: _OSC: OS now controls [PCIeHotplug PME PCIeCapability]
[    1.912263] acpi PNP0A03:03: FADT indicates ASPM is unsupported, using BIOS configuration
[    1.912412] PCI host bridge to bus 0000:ff
[    1.912413] pci_bus 0000:ff: root bus resource [bus ff]
[    1.912427] pci 0000:ff:00.0: [8086:344c] type 00 class 0x088000
[    1.912547] pci 0000:ff:00.1: [8086:344c] type 00 class 0x088000
[    1.912660] pci 0000:ff:00.2: [8086:344c] type 00 class 0x088000
[    1.912763] pci 0000:ff:00.3: [8086:344c] type 00 class 0x088000
[    1.912883] pci 0000:ff:00.4: [8086:344c] type 00 class 0x088000
[    1.913000] pci 0000:ff:00.5: [8086:344c] type 00 class 0x088000
[    1.913093] pci 0000:ff:00.6: [8086:344c] type 00 class 0x088000
[    1.913220] pci 0000:ff:00.7: [8086:344c] type 00 class 0x088000
[    1.913347] pci 0000:ff:01.0: [8086:344c] type 00 class 0x088000
[    1.913493] pci 0000:ff:01.1: [8086:344c] type 00 class 0x088000
[    1.913617] pci 0000:ff:01.2: [8086:344c] type 00 class 0x088000
[    1.913705] pci 0000:ff:01.3: [8086:344c] type 00 class 0x088000
[    1.913842] pci 0000:ff:01.4: [8086:344c] type 00 class 0x088000
[    1.913978] pci 0000:ff:01.5: [8086:344c] type 00 class 0x088000
[    1.914118] pci 0000:ff:01.6: [8086:344c] type 00 class 0x088000
[    1.914244] pci 0000:ff:01.7: [8086:344c] type 00 class 0x088000
[    1.914377] pci 0000:ff:02.0: [8086:344c] type 00 class 0x088000
[    1.914530] pci 0000:ff:02.1: [8086:344c] type 00 class 0x088000
[    1.914660] pci 0000:ff:02.2: [8086:344c] type 00 class 0x088000
[    1.914803] pci 0000:ff:02.3: [8086:344c] type 00 class 0x088000
[    1.914939] pci 0000:ff:02.4: [8086:344c] type 00 class 0x088000
[    1.915075] pci 0000:ff:02.5: [8086:344c] type 00 class 0x088000
[    1.915218] pci 0000:ff:02.6: [8086:344c] type 00 class 0x088000
[    1.915361] pci 0000:ff:02.7: [8086:344c] type 00 class 0x088000
[    1.915513] pci 0000:ff:03.0: [8086:344c] type 00 class 0x088000
[    1.915681] pci 0000:ff:03.1: [8086:344c] type 00 class 0x088000
[    1.915830] pci 0000:ff:03.2: [8086:344c] type 00 class 0x088000
[    1.915995] pci 0000:ff:03.3: [8086:344c] type 00 class 0x088000
[    1.916159] pci 0000:ff:0a.0: [8086:344d] type 00 class 0x088000
[    1.916277] pci 0000:ff:0a.1: [8086:344d] type 00 class 0x088000
[    1.916389] pci 0000:ff:0a.2: [8086:344d] type 00 class 0x088000
[    1.916490] pci 0000:ff:0a.3: [8086:344d] type 00 class 0x088000
[    1.916609] pci 0000:ff:0a.4: [8086:344d] type 00 class 0x088000
[    1.916726] pci 0000:ff:0a.5: [8086:344d] type 00 class 0x088000
[    1.916820] pci 0000:ff:0a.6: [8086:344d] type 00 class 0x088000
[    1.916951] pci 0000:ff:0a.7: [8086:344d] type 00 class 0x088000
[    1.917080] pci 0000:ff:0b.0: [8086:344d] type 00 class 0x088000
[    1.917227] pci 0000:ff:0b.1: [8086:344d] type 00 class 0x088000
[    1.917350] pci 0000:ff:0b.2: [8086:344d] type 00 class 0x088000
[    1.917434] pci 0000:ff:0b.3: [8086:344d] type 00 class 0x088000
[    1.917572] pci 0000:ff:0b.4: [8086:344d] type 00 class 0x088000
[    1.917708] pci 0000:ff:0b.5: [8086:344d] type 00 class 0x088000
[    1.917848] pci 0000:ff:0b.6: [8086:344d] type 00 class 0x088000
[    1.917980] pci 0000:ff:0b.7: [8086:344d] type 00 class 0x088000
[    1.918112] pci 0000:ff:0c.0: [8086:344d] type 00 class 0x088000
[    1.918261] pci 0000:ff:0c.1: [8086:344d] type 00 class 0x088000
[    1.918392] pci 0000:ff:0c.2: [8086:344d] type 00 class 0x088000
[    1.918530] pci 0000:ff:0c.3: [8086:344d] type 00 class 0x088000
[    1.918666] pci 0000:ff:0c.4: [8086:344d] type 00 class 0x088000
[    1.918803] pci 0000:ff:0c.5: [8086:344d] type 00 class 0x088000
[    1.918947] pci 0000:ff:0c.6: [8086:344d] type 00 class 0x088000
[    1.919093] pci 0000:ff:0c.7: [8086:344d] type 00 class 0x088000
[    1.919245] pci 0000:ff:0d.0: [8086:344d] type 00 class 0x088000
[    1.919412] pci 0000:ff:0d.1: [8086:344d] type 00 class 0x088000
[    1.919562] pci 0000:ff:0d.2: [8086:344d] type 00 class 0x088000
[    1.919728] pci 0000:ff:0d.3: [8086:344d] type 00 class 0x088000
[    1.919902] pci 0000:ff:1d.0: [8086:344f] type 00 class 0x088000
[    1.920029] pci 0000:ff:1d.1: [8086:3457] type 00 class 0x088000
[    1.920140] pci 0000:ff:1e.0: [8086:3458] type 00 class 0x088000
[    1.920227] pci 0000:ff:1e.1: [8086:3459] type 00 class 0x088000
[    1.920293] pci 0000:ff:1e.2: [8086:345a] type 00 class 0x088000
[    1.920357] pci 0000:ff:1e.3: [8086:345b] type 00 class 0x088000
[    1.920421] pci 0000:ff:1e.4: [8086:345c] type 00 class 0x088000
[    1.920485] pci 0000:ff:1e.5: [8086:345d] type 00 class 0x088000
[    1.920550] pci 0000:ff:1e.6: [8086:345e] type 00 class 0x088000
[    1.920614] pci 0000:ff:1e.7: [8086:345f] type 00 class 0x088000
[    1.920678] pci_bus 0000:ff: on NUMA node 1
[    1.923225] iommu: Default domain type: Translated 
[    1.923225] iommu: DMA domain TLB invalidation policy: lazy mode 
[    1.923406] SCSI subsystem initialized
[    1.923439] libata version 3.00 loaded.
[    1.923439] ACPI: bus type USB registered
[    1.923439] usbcore: registered new interface driver usbfs
[    1.923439] usbcore: registered new interface driver hub
[    1.923439] usbcore: registered new device driver usb
[    1.923439] pps_core: LinuxPPS API ver. 1 registered
[    1.923439] pps_core: Software ver. 5.3.6 - Copyright 2005-2007 Rodolfo Giometti <giometti@linux.it>
[    1.923439] PTP clock support registered
[    1.923439] EDAC MC: Ver: 3.0.0
[    1.923892] Registered efivars operations
[    1.923892] NetLabel: Initializing
[    1.923892] NetLabel:  domain hash size = 128
[    1.923892] NetLabel:  protocols = UNLABELED CIPSOv4 CALIPSO
[    1.923892] NetLabel:  unlabeled traffic allowed by default
[    1.923892] PCI: Using ACPI for IRQ routing
[    1.926666] PCI: pci_cache_line_size set to 64 bytes
[    1.927242] e820: reserve RAM buffer [mem 0x0008f000-0x0008ffff]
[    1.927243] e820: reserve RAM buffer [mem 0x46cc4020-0x47ffffff]
[    1.927245] e820: reserve RAM buffer [mem 0x46cf6020-0x47ffffff]
[    1.927246] e820: reserve RAM buffer [mem 0x46d29020-0x47ffffff]
[    1.927247] e820: reserve RAM buffer [mem 0x46d5c020-0x47ffffff]
[    1.927248] e820: reserve RAM buffer [mem 0x49e77000-0x4bffffff]
[    1.927249] e820: reserve RAM buffer [mem 0x4b2cf000-0x4bffffff]
[    1.927250] e820: reserve RAM buffer [mem 0x4bd94000-0x4bffffff]
[    1.927251] e820: reserve RAM buffer [mem 0x4ce00000-0x4fffffff]
[    1.927252] e820: reserve RAM buffer [mem 0x5eefe000-0x5fffffff]
[    1.927252] e820: reserve RAM buffer [mem 0x6f800000-0x6fffffff]
[    1.927476] pci 0000:03:00.0: vgaarb: setting as boot VGA device
[    1.927479] pci 0000:03:00.0: vgaarb: bridge control possible
[    1.927480] pci 0000:03:00.0: vgaarb: VGA device added: decodes=io+mem,owns=io+mem,locks=none
[    1.927512] vgaarb: loaded
[    1.932502] hpet0: at MMIO 0xfed00000, IRQs 2, 8, 0, 0, 0, 0, 0, 0
[    1.932509] hpet0: 8 comparators, 64-bit 24.000000 MHz counter
[    1.935448] clocksource: Switched to clocksource tsc-early
[    1.944649] VFS: Disk quotas dquot_6.6.0
[    1.944684] VFS: Dquot-cache hash table entries: 512 (order 0, 4096 bytes)
[    1.944830] AppArmor: AppArmor Filesystem Enabled
[    1.944842] pnp: PnP ACPI init
[    1.961004] system 00:01: [io  0x0500-0x05fe] has been reserved
[    1.961007] system 00:01: [io  0x0400-0x041f] has been reserved
[    1.961009] system 00:01: [io  0x0600-0x061f] has been reserved
[    1.961010] system 00:01: [io  0x0ca0-0x0ca1] has been reserved
[    1.961012] system 00:01: [io  0x0ca4-0x0ca6] has been reserved
[    1.961014] system 00:01: [mem 0xff000000-0xffffffff] has been reserved
[    1.961622] system 00:04: [mem 0xfd000000-0xfdabffff] has been reserved
[    1.961625] system 00:04: [mem 0xfdad0000-0xfdadffff] has been reserved
[    1.961626] system 00:04: [mem 0xfdb00000-0xfdffffff] has been reserved
[    1.961628] system 00:04: [mem 0xfe000000-0xfe00ffff] has been reserved
[    1.961629] system 00:04: [mem 0xfe011000-0xfe01ffff] has been reserved
[    1.961631] system 00:04: [mem 0xfe036000-0xfe03bfff] has been reserved
[    1.961632] system 00:04: [mem 0xfe03d000-0xfe3fffff] has been reserved
[    1.961635] system 00:04: [mem 0xfe410000-0xfe7fffff] has been reserved
[    1.961962] system 00:05: [io  0x1000-0x10fe] has been reserved
[    1.962996] pnp: PnP ACPI: found 6 devices
[    1.968740] clocksource: acpi_pm: mask: 0xffffff max_cycles: 0xffffff, max_idle_ns: 2085701024 ns
[    1.968822] NET: Registered PF_INET protocol family
[    1.969167] IP idents hash table entries: 262144 (order: 9, 2097152 bytes, vmalloc)
[    1.971357] tcp_listen_portaddr_hash hash table entries: 16384 (order: 6, 262144 bytes, vmalloc)
[    1.971736] TCP established hash table entries: 262144 (order: 9, 2097152 bytes, vmalloc)
[    1.972123] TCP bind hash table entries: 65536 (order: 8, 1048576 bytes, vmalloc)
[    1.972205] TCP: Hash tables configured (established 262144 bind 65536)
[    1.972420] UDP hash table entries: 16384 (order: 7, 524288 bytes, vmalloc)
[    1.972535] UDP-Lite hash table entries: 16384 (order: 7, 524288 bytes, vmalloc)
[    1.972696] NET: Registered PF_UNIX/PF_LOCAL protocol family
[    1.972701] NET: Registered PF_XDP protocol family
[    1.972710] pci 0000:04:00.0: can't claim BAR 6 [mem 0xfffc0000-0xffffffff pref]: no compatible bridge window
[    1.972712] pci 0000:04:00.1: can't claim BAR 6 [mem 0xfffc0000-0xffffffff pref]: no compatible bridge window
[    1.972714] pci 0000:17:00.0: can't claim BAR 6 [mem 0xfff00000-0xffffffff pref]: no compatible bridge window
[    1.972730] pci 0000:00:1c.5: BAR 14: assigned [mem 0x90000000-0x900fffff]
[    1.972733] pci 0000:00:1c.0: PCI bridge to [bus 01]
[    1.972743] pci 0000:02:00.0: PCI bridge to [bus 03]
[    1.972748] pci 0000:02:00.0:   bridge window [mem 0x92000000-0x928fffff]
[    1.972752] pci 0000:02:00.0:   bridge window [mem 0x91000000-0x91ffffff 64bit pref]
[    1.972758] pci 0000:00:1c.4: PCI bridge to [bus 02-03]
[    1.972761] pci 0000:00:1c.4:   bridge window [mem 0x92000000-0x928fffff]
[    1.972764] pci 0000:00:1c.4:   bridge window [mem 0x91000000-0x91ffffff 64bit pref]
[    1.972771] pci 0000:04:00.0: BAR 6: assigned [mem 0x90000000-0x9003ffff pref]
[    1.972773] pci 0000:04:00.1: BAR 6: assigned [mem 0x90040000-0x9007ffff pref]
[    1.972775] pci 0000:00:1c.5: PCI bridge to [bus 04]
[    1.972778] pci 0000:00:1c.5:   bridge window [mem 0x90000000-0x900fffff]
[    1.972780] pci 0000:00:1c.5:   bridge window [mem 0x92900000-0x929fffff 64bit pref]
[    1.972785] pci_bus 0000:00: resource 4 [io  0x0000-0x0cf7 window]
[    1.972786] pci_bus 0000:00: resource 5 [io  0x1000-0x4fff window]
[    1.972788] pci_bus 0000:00: resource 6 [mem 0x000a0000-0x000bffff window]
[    1.972789] pci_bus 0000:00: resource 7 [mem 0x000c8000-0x000cffff window]
[    1.972790] pci_bus 0000:00: resource 8 [mem 0xfe010000-0xfe010fff window]
[    1.972792] pci_bus 0000:00: resource 9 [mem 0x90000000-0x9b7fffff window]
[    1.972793] pci_bus 0000:00: resource 10 [mem 0x200000000000-0x20ffffffffff window]
[    1.972795] pci_bus 0000:02: resource 1 [mem 0x92000000-0x928fffff]
[    1.972796] pci_bus 0000:02: resource 2 [mem 0x91000000-0x91ffffff 64bit pref]
[    1.972797] pci_bus 0000:03: resource 1 [mem 0x92000000-0x928fffff]
[    1.972798] pci_bus 0000:03: resource 2 [mem 0x91000000-0x91ffffff 64bit pref]
[    1.972799] pci_bus 0000:04: resource 1 [mem 0x90000000-0x900fffff]
[    1.972800] pci_bus 0000:04: resource 2 [mem 0x92900000-0x929fffff 64bit pref]
[    1.972876] pci 0000:17:00.0: BAR 6: no space for [mem size 0x00100000 pref]
[    1.972878] pci 0000:17:00.0: BAR 6: failed to assign [mem size 0x00100000 pref]
[    1.972880] pci 0000:16:02.0: PCI bridge to [bus 17]
[    1.972881] pci 0000:16:02.0:   bridge window [io  0x5000-0x5fff]
[    1.972884] pci 0000:16:02.0:   bridge window [mem 0x9ba00000-0x9bafffff]
[    1.972886] pci 0000:16:02.0:   bridge window [mem 0x9b800000-0x9b9fffff 64bit pref]
[    1.972890] pci_bus 0000:16: resource 4 [io  0x5000-0x6fff window]
[    1.972891] pci_bus 0000:16: resource 5 [mem 0x9b800000-0xa63fffff window]
[    1.972892] pci_bus 0000:16: resource 6 [mem 0x210000000000-0x21ffffffffff window]
[    1.972893] pci_bus 0000:17: resource 0 [io  0x5000-0x5fff]
[    1.972894] pci_bus 0000:17: resource 1 [mem 0x9ba00000-0x9bafffff]
[    1.972896] pci_bus 0000:17: resource 2 [mem 0x9b800000-0x9b9fffff 64bit pref]
[    1.972902] pci_bus 0000:30: resource 4 [io  0x7000-0x8fff window]
[    1.972903] pci_bus 0000:30: resource 5 [mem 0xa6400000-0xb0ffffff window]
[    1.972904] pci_bus 0000:30: resource 6 [mem 0x220000000000-0x22ffffffffff window]
[    1.972911] pci_bus 0000:4a: resource 4 [io  0x9000-0x9fff window]
[    1.972912] pci_bus 0000:4a: resource 5 [mem 0xb1000000-0xbbbfffff window]
[    1.972913] pci_bus 0000:4a: resource 6 [mem 0x230000000000-0x23ffffffffff window]
