[    0.000000] Linux version 5.18.0 (xmu@xmu-PowerEdge-R750) (gcc (Ubuntu 8.4.0-1ubuntu1~18.04) 8.4.0, GNU ld (GNU Binutils for Ubuntu) 2.30) #1 SMP PREEMPT_DYNAMIC Sat Apr 6 15:16:25 CST 2024
[    0.000000] Command line: BOOT_IMAGE=/boot/vmlinuz-5.18.0 root=UUID=ce0c24b8-724b-4f33-9b2c-618433560aef ro systemd.unified_cgroup_hierarchy=yes quiet splash nomodeset vt.handoff=1
[    0.000000] KERNEL supported cpus:
[    0.000000]   Intel GenuineIntel
[    0.000000]   AMD AuthenticAMD
[    0.000000]   Hygon HygonGenuine
[    0.000000]   Centaur CentaurHauls
[    0.000000]   zhaoxin   Shanghai  
[    0.000000] x86/split lock detection: #AC: crashing the kernel on kernel split_locks and warning on user-space split_locks
[    0.000000] x86/fpu: Supporting XSAVE feature 0x001: 'x87 floating point registers'
[    0.000000] x86/fpu: Supporting XSAVE feature 0x002: 'SSE registers'
[    0.000000] x86/fpu: Supporting XSAVE feature 0x004: 'AVX registers'
[    0.000000] x86/fpu: Supporting XSAVE feature 0x020: 'AVX-512 opmask'
[    0.000000] x86/fpu: Supporting XSAVE feature 0x040: 'AVX-512 Hi256'
[    0.000000] x86/fpu: Supporting XSAVE feature 0x080: 'AVX-512 ZMM_Hi256'
[    0.000000] x86/fpu: Supporting XSAVE feature 0x200: 'Protection Keys User registers'
[    0.000000] x86/fpu: xstate_offset[2]:  576, xstate_sizes[2]:  256
[    0.000000] x86/fpu: xstate_offset[5]:  832, xstate_sizes[5]:   64
[    0.000000] x86/fpu: xstate_offset[6]:  896, xstate_sizes[6]:  512
[    0.000000] x86/fpu: xstate_offset[7]: 1408, xstate_sizes[7]: 1024
[    0.000000] x86/fpu: xstate_offset[9]: 2432, xstate_sizes[9]:    8
[    0.000000] x86/fpu: Enabled xstate features 0x2e7, context size is 2440 bytes, using 'compacted' format.
[    0.000000] signal: max sigframe size: 3632
[    0.000000] BIOS-provided physical RAM map:
[    0.000000] BIOS-e820: [mem 0x0000000000000000-0x000000000008efff] usable
[    0.000000] BIOS-e820: [mem 0x000000000008f000-0x000000000008ffff] reserved
[    0.000000] BIOS-e820: [mem 0x0000000000090000-0x000000000009ffff] usable
[    0.000000] BIOS-e820: [mem 0x00000000000a0000-0x00000000000fffff] reserved
[    0.000000] BIOS-e820: [mem 0x0000000000100000-0x0000000049e76fff] usable
[    0.000000] BIOS-e820: [mem 0x0000000049e77000-0x000000004ae76fff] ACPI NVS
[    0.000000] BIOS-e820: [mem 0x000000004ae77000-0x000000004b2cefff] usable
[    0.000000] BIOS-e820: [mem 0x000000004b2cf000-0x000000004b54dfff] ACPI data
[    0.000000] BIOS-e820: [mem 0x000000004b54e000-0x000000004bd93fff] usable
[    0.000000] BIOS-e820: [mem 0x000000004bd94000-0x000000004be99fff] reserved
[    0.000000] BIOS-e820: [mem 0x000000004be9a000-0x000000004cdfffff] usable
[    0.000000] BIOS-e820: [mem 0x000000004ce00000-0x000000004cffffff] reserved
[    0.000000] BIOS-e820: [mem 0x000000004d000000-0x000000005eefdfff] usable
[    0.000000] BIOS-e820: [mem 0x000000005eefe000-0x000000006e3fefff] reserved
[    0.000000] BIOS-e820: [mem 0x000000006e3ff000-0x000000006f3fefff] ACPI NVS
[    0.000000] BIOS-e820: [mem 0x000000006f3ff000-0x000000006f7fefff] ACPI data
[    0.000000] BIOS-e820: [mem 0x000000006f7ff000-0x000000006f7fffff] usable
[    0.000000] BIOS-e820: [mem 0x000000006f800000-0x000000008fffffff] reserved
[    0.000000] BIOS-e820: [mem 0x00000000fe000000-0x00000000fe010fff] reserved
[    0.000000] BIOS-e820: [mem 0x0000000100000000-0x000000207fffffff] usable
[    0.000000] BIOS-e820: [mem 0x0000002080000000-0x0000011c7fffffff] persistent (type 7)
[    0.000000] BIOS-e820: [mem 0x00001ffc00000000-0x00001fffffffffff] reserved
[    0.000000] NX (Execute Disable) protection: active
[    0.000000] e820: update [mem 0x46d5c020-0x46d6405f] usable ==> usable
[    0.000000] e820: update [mem 0x46d5c020-0x46d6405f] usable ==> usable
[    0.000000] e820: update [mem 0x46d29020-0x46d5bc5f] usable ==> usable
[    0.000000] e820: update [mem 0x46d29020-0x46d5bc5f] usable ==> usable
[    0.000000] e820: update [mem 0x46cf6020-0x46d28c5f] usable ==> usable
[    0.000000] e820: update [mem 0x46cf6020-0x46d28c5f] usable ==> usable
[    0.000000] e820: update [mem 0x46cc4020-0x46cf5a5f] usable ==> usable
[    0.000000] e820: update [mem 0x46cc4020-0x46cf5a5f] usable ==> usable
[    0.000000] extended physical RAM map:
[    0.000000] reserve setup_data: [mem 0x0000000000000000-0x000000000008efff] usable
[    0.000000] reserve setup_data: [mem 0x000000000008f000-0x000000000008ffff] reserved
[    0.000000] reserve setup_data: [mem 0x0000000000090000-0x000000000009ffff] usable
[    0.000000] reserve setup_data: [mem 0x00000000000a0000-0x00000000000fffff] reserved
[    0.000000] reserve setup_data: [mem 0x0000000000100000-0x0000000046cc401f] usable
[    0.000000] reserve setup_data: [mem 0x0000000046cc4020-0x0000000046cf5a5f] usable
[    0.000000] reserve setup_data: [mem 0x0000000046cf5a60-0x0000000046cf601f] usable
[    0.000000] reserve setup_data: [mem 0x0000000046cf6020-0x0000000046d28c5f] usable
[    0.000000] reserve setup_data: [mem 0x0000000046d28c60-0x0000000046d2901f] usable
[    0.000000] reserve setup_data: [mem 0x0000000046d29020-0x0000000046d5bc5f] usable
[    0.000000] reserve setup_data: [mem 0x0000000046d5bc60-0x0000000046d5c01f] usable
[    0.000000] reserve setup_data: [mem 0x0000000046d5c020-0x0000000046d6405f] usable
[    0.000000] reserve setup_data: [mem 0x0000000046d64060-0x0000000049e76fff] usable
[    0.000000] reserve setup_data: [mem 0x0000000049e77000-0x000000004ae76fff] ACPI NVS
[    0.000000] reserve setup_data: [mem 0x000000004ae77000-0x000000004b2cefff] usable
[    0.000000] reserve setup_data: [mem 0x000000004b2cf000-0x000000004b54dfff] ACPI data
[    0.000000] reserve setup_data: [mem 0x000000004b54e000-0x000000004bd93fff] usable
[    0.000000] reserve setup_data: [mem 0x000000004bd94000-0x000000004be99fff] reserved
[    0.000000] reserve setup_data: [mem 0x000000004be9a000-0x000000004cdfffff] usable
[    0.000000] reserve setup_data: [mem 0x000000004ce00000-0x000000004cffffff] reserved
[    0.000000] reserve setup_data: [mem 0x000000004d000000-0x000000005eefdfff] usable
[    0.000000] reserve setup_data: [mem 0x000000005eefe000-0x000000006e3fefff] reserved
[    0.000000] reserve setup_data: [mem 0x000000006e3ff000-0x000000006f3fefff] ACPI NVS
[    0.000000] reserve setup_data: [mem 0x000000006f3ff000-0x000000006f7fefff] ACPI data
[    0.000000] reserve setup_data: [mem 0x000000006f7ff000-0x000000006f7fffff] usable
[    0.000000] reserve setup_data: [mem 0x000000006f800000-0x000000008fffffff] reserved
[    0.000000] reserve setup_data: [mem 0x00000000fe000000-0x00000000fe010fff] reserved
[    0.000000] reserve setup_data: [mem 0x0000000100000000-0x000000207fffffff] usable
[    0.000000] reserve setup_data: [mem 0x0000002080000000-0x0000011c7fffffff] persistent (type 7)
[    0.000000] reserve setup_data: [mem 0x00001ffc00000000-0x00001fffffffffff] reserved
[    0.000000] efi: EFI v2.70 by Dell Inc.
[    0.000000] efi: ACPI=0x6f7fe000 ACPI 2.0=0x6f7fe014 MEMATTR=0x5b070020 SMBIOS=0x69526000 SMBIOS 3.0=0x69524000 MOKvar=0x5ef81000 RNG=0x5ef8a920 
[    0.000000] efi: seeding entropy pool
[    0.000000] SMBIOS 3.3.0 present.
[    0.000000] DMI: Dell Inc. PowerEdge R750/0K8F35, BIOS 1.10.2 03/03/2023
[    0.000000] tsc: Detected 2000.000 MHz processor
[    0.000007] e820: update [mem 0x00000000-0x00000fff] usable ==> reserved
[    0.000010] e820: remove [mem 0x000a0000-0x000fffff] usable
[    0.000018] last_pfn = 0x2080000 max_arch_pfn = 0x400000000
[    0.000195] x86/PAT: Configuration [0-7]: WB  WC  UC- UC  WB  WP  UC- WT  
[    0.002848] total RAM covered: 2095088M
[    0.002933]  gran_size: 64K 	chunk_size: 64K 	num_reg: 10  	lose cover RAM: 2016G
[    0.002936]  gran_size: 64K 	chunk_size: 128K 	num_reg: 10  	lose cover RAM: 2016G
[    0.002938]  gran_size: 64K 	chunk_size: 256K 	num_reg: 10  	lose cover RAM: 2016G
[    0.002939]  gran_size: 64K 	chunk_size: 512K 	num_reg: 10  	lose cover RAM: 2016G
[    0.002940]  gran_size: 64K 	chunk_size: 1M 	num_reg: 10  	lose cover RAM: 2016G
[    0.002942]  gran_size: 64K 	chunk_size: 2M 	num_reg: 10  	lose cover RAM: 2016G
[    0.002943]  gran_size: 64K 	chunk_size: 4M 	num_reg: 10  	lose cover RAM: 2016G
[    0.002944]  gran_size: 64K 	chunk_size: 8M 	num_reg: 10  	lose cover RAM: 2016G
[    0.002946]  gran_size: 64K 	chunk_size: 16M 	num_reg: 10  	lose cover RAM: 2016G
[    0.002947]  gran_size: 64K 	chunk_size: 32M 	num_reg: 10  	lose cover RAM: 1024G
[    0.002948]  gran_size: 64K 	chunk_size: 64M 	num_reg: 10  	lose cover RAM: 1024G
[    0.002950]  gran_size: 64K 	chunk_size: 128M 	num_reg: 10  	lose cover RAM: 1024G
[    0.002951]  gran_size: 64K 	chunk_size: 256M 	num_reg: 10  	lose cover RAM: 1024G
[    0.002952]  gran_size: 64K 	chunk_size: 512M 	num_reg: 10  	lose cover RAM: 1024G
[    0.002954]  gran_size: 64K 	chunk_size: 1G 	num_reg: 10  	lose cover RAM: 1024G
[    0.002955]  gran_size: 64K 	chunk_size: 2G 	num_reg: 10  	lose cover RAM: 1024G
[    0.002957]  gran_size: 128K 	chunk_size: 128K 	num_reg: 10  	lose cover RAM: 2016G
[    0.002958]  gran_size: 128K 	chunk_size: 256K 	num_reg: 10  	lose cover RAM: 2016G
[    0.002959]  gran_size: 128K 	chunk_size: 512K 	num_reg: 10  	lose cover RAM: 2016G
[    0.002961]  gran_size: 128K 	chunk_size: 1M 	num_reg: 10  	lose cover RAM: 2016G
[    0.002962]  gran_size: 128K 	chunk_size: 2M 	num_reg: 10  	lose cover RAM: 2016G
[    0.002964]  gran_size: 128K 	chunk_size: 4M 	num_reg: 10  	lose cover RAM: 2016G
[    0.002965]  gran_size: 128K 	chunk_size: 8M 	num_reg: 10  	lose cover RAM: 2016G
[    0.002966]  gran_size: 128K 	chunk_size: 16M 	num_reg: 10  	lose cover RAM: 2016G
[    0.002968]  gran_size: 128K 	chunk_size: 32M 	num_reg: 10  	lose cover RAM: 1024G
[    0.002969]  gran_size: 128K 	chunk_size: 64M 	num_reg: 10  	lose cover RAM: 1024G
[    0.002971]  gran_size: 128K 	chunk_size: 128M 	num_reg: 10  	lose cover RAM: 1024G
[    0.002972]  gran_size: 128K 	chunk_size: 256M 	num_reg: 10  	lose cover RAM: 1024G
[    0.002973]  gran_size: 128K 	chunk_size: 512M 	num_reg: 10  	lose cover RAM: 1024G
[    0.002974]  gran_size: 128K 	chunk_size: 1G 	num_reg: 10  	lose cover RAM: 1024G
[    0.002976]  gran_size: 128K 	chunk_size: 2G 	num_reg: 10  	lose cover RAM: 1024G
[    0.002977]  gran_size: 256K 	chunk_size: 256K 	num_reg: 10  	lose cover RAM: 2016G
[    0.002979]  gran_size: 256K 	chunk_size: 512K 	num_reg: 10  	lose cover RAM: 2016G
[    0.002980]  gran_size: 256K 	chunk_size: 1M 	num_reg: 10  	lose cover RAM: 2016G
[    0.002981]  gran_size: 256K 	chunk_size: 2M 	num_reg: 10  	lose cover RAM: 2016G
[    0.002982]  gran_size: 256K 	chunk_size: 4M 	num_reg: 10  	lose cover RAM: 2016G
[    0.002984]  gran_size: 256K 	chunk_size: 8M 	num_reg: 10  	lose cover RAM: 2016G
[    0.002985]  gran_size: 256K 	chunk_size: 16M 	num_reg: 10  	lose cover RAM: 2016G
[    0.002986]  gran_size: 256K 	chunk_size: 32M 	num_reg: 10  	lose cover RAM: 1024G
[    0.002988]  gran_size: 256K 	chunk_size: 64M 	num_reg: 10  	lose cover RAM: 1024G
[    0.002989]  gran_size: 256K 	chunk_size: 128M 	num_reg: 10  	lose cover RAM: 1024G
[    0.002990]  gran_size: 256K 	chunk_size: 256M 	num_reg: 10  	lose cover RAM: 1024G
[    0.002992]  gran_size: 256K 	chunk_size: 512M 	num_reg: 10  	lose cover RAM: 1024G
[    0.002993]  gran_size: 256K 	chunk_size: 1G 	num_reg: 10  	lose cover RAM: 1024G
[    0.002994]  gran_size: 256K 	chunk_size: 2G 	num_reg: 10  	lose cover RAM: 1024G
[    0.002996]  gran_size: 512K 	chunk_size: 512K 	num_reg: 10  	lose cover RAM: 2016G
[    0.002997]  gran_size: 512K 	chunk_size: 1M 	num_reg: 10  	lose cover RAM: 2016G
[    0.002998]  gran_size: 512K 	chunk_size: 2M 	num_reg: 10  	lose cover RAM: 2016G
[    0.003000]  gran_size: 512K 	chunk_size: 4M 	num_reg: 10  	lose cover RAM: 2016G
[    0.003001]  gran_size: 512K 	chunk_size: 8M 	num_reg: 10  	lose cover RAM: 2016G
[    0.003002]  gran_size: 512K 	chunk_size: 16M 	num_reg: 10  	lose cover RAM: 2016G
[    0.003003]  gran_size: 512K 	chunk_size: 32M 	num_reg: 10  	lose cover RAM: 1024G
[    0.003005]  gran_size: 512K 	chunk_size: 64M 	num_reg: 10  	lose cover RAM: 1024G
[    0.003006]  gran_size: 512K 	chunk_size: 128M 	num_reg: 10  	lose cover RAM: 1024G
[    0.003007]  gran_size: 512K 	chunk_size: 256M 	num_reg: 10  	lose cover RAM: 1024G
[    0.003009]  gran_size: 512K 	chunk_size: 512M 	num_reg: 10  	lose cover RAM: 1024G
[    0.003010]  gran_size: 512K 	chunk_size: 1G 	num_reg: 10  	lose cover RAM: 1024G
[    0.003011]  gran_size: 512K 	chunk_size: 2G 	num_reg: 10  	lose cover RAM: 1024G
[    0.003013]  gran_size: 1M 	chunk_size: 1M 	num_reg: 10  	lose cover RAM: 2016G
[    0.003014]  gran_size: 1M 	chunk_size: 2M 	num_reg: 10  	lose cover RAM: 2016G
[    0.003016]  gran_size: 1M 	chunk_size: 4M 	num_reg: 10  	lose cover RAM: 2016G
[    0.003017]  gran_size: 1M 	chunk_size: 8M 	num_reg: 10  	lose cover RAM: 2016G
[    0.003018]  gran_size: 1M 	chunk_size: 16M 	num_reg: 10  	lose cover RAM: 2016G
[    0.003019]  gran_size: 1M 	chunk_size: 32M 	num_reg: 10  	lose cover RAM: 1024G
[    0.003021]  gran_size: 1M 	chunk_size: 64M 	num_reg: 10  	lose cover RAM: 1024G
[    0.003022]  gran_size: 1M 	chunk_size: 128M 	num_reg: 10  	lose cover RAM: 1024G
[    0.003023]  gran_size: 1M 	chunk_size: 256M 	num_reg: 10  	lose cover RAM: 1024G
[    0.003025]  gran_size: 1M 	chunk_size: 512M 	num_reg: 10  	lose cover RAM: 1024G
[    0.003026]  gran_size: 1M 	chunk_size: 1G 	num_reg: 10  	lose cover RAM: 1024G
[    0.003027]  gran_size: 1M 	chunk_size: 2G 	num_reg: 10  	lose cover RAM: 1024G
[    0.003029]  gran_size: 2M 	chunk_size: 2M 	num_reg: 10  	lose cover RAM: 2016G
[    0.003030]  gran_size: 2M 	chunk_size: 4M 	num_reg: 10  	lose cover RAM: 2016G
[    0.003032]  gran_size: 2M 	chunk_size: 8M 	num_reg: 10  	lose cover RAM: 2016G
[    0.003033]  gran_size: 2M 	chunk_size: 16M 	num_reg: 10  	lose cover RAM: 2016G
[    0.003034]  gran_size: 2M 	chunk_size: 32M 	num_reg: 10  	lose cover RAM: 1024G
[    0.003036]  gran_size: 2M 	chunk_size: 64M 	num_reg: 10  	lose cover RAM: 1024G
[    0.003037]  gran_size: 2M 	chunk_size: 128M 	num_reg: 10  	lose cover RAM: 1024G
[    0.003038]  gran_size: 2M 	chunk_size: 256M 	num_reg: 10  	lose cover RAM: 1024G
[    0.003039]  gran_size: 2M 	chunk_size: 512M 	num_reg: 10  	lose cover RAM: 1024G
[    0.003041]  gran_size: 2M 	chunk_size: 1G 	num_reg: 10  	lose cover RAM: 1024G
[    0.003042]  gran_size: 2M 	chunk_size: 2G 	num_reg: 10  	lose cover RAM: 1024G
[    0.003043]  gran_size: 4M 	chunk_size: 4M 	num_reg: 10  	lose cover RAM: 2016G
[    0.003045]  gran_size: 4M 	chunk_size: 8M 	num_reg: 10  	lose cover RAM: 2016G
[    0.003046]  gran_size: 4M 	chunk_size: 16M 	num_reg: 10  	lose cover RAM: 2016G
[    0.003047]  gran_size: 4M 	chunk_size: 32M 	num_reg: 10  	lose cover RAM: 1024G
[    0.003049]  gran_size: 4M 	chunk_size: 64M 	num_reg: 10  	lose cover RAM: 1024G
[    0.003050]  gran_size: 4M 	chunk_size: 128M 	num_reg: 10  	lose cover RAM: 1024G
[    0.003051]  gran_size: 4M 	chunk_size: 256M 	num_reg: 10  	lose cover RAM: 1024G
[    0.003053]  gran_size: 4M 	chunk_size: 512M 	num_reg: 10  	lose cover RAM: 1024G
[    0.003054]  gran_size: 4M 	chunk_size: 1G 	num_reg: 10  	lose cover RAM: 1024G
[    0.003055]  gran_size: 4M 	chunk_size: 2G 	num_reg: 10  	lose cover RAM: 1024G
[    0.003057]  gran_size: 8M 	chunk_size: 8M 	num_reg: 10  	lose cover RAM: 2016G
[    0.003058]  gran_size: 8M 	chunk_size: 16M 	num_reg: 10  	lose cover RAM: 2016G
[    0.003060]  gran_size: 8M 	chunk_size: 32M 	num_reg: 10  	lose cover RAM: 1024G
[    0.003061]  gran_size: 8M 	chunk_size: 64M 	num_reg: 10  	lose cover RAM: 1024G
[    0.003062]  gran_size: 8M 	chunk_size: 128M 	num_reg: 10  	lose cover RAM: 1024G
[    0.003063]  gran_size: 8M 	chunk_size: 256M 	num_reg: 10  	lose cover RAM: 1024G
[    0.003065]  gran_size: 8M 	chunk_size: 512M 	num_reg: 10  	lose cover RAM: 1024G
[    0.003066]  gran_size: 8M 	chunk_size: 1G 	num_reg: 10  	lose cover RAM: 1024G
[    0.003067]  gran_size: 8M 	chunk_size: 2G 	num_reg: 10  	lose cover RAM: 1024G
[    0.003069]  gran_size: 16M 	chunk_size: 16M 	num_reg: 10  	lose cover RAM: 2016G
[    0.003070]  gran_size: 16M 	chunk_size: 32M 	num_reg: 10  	lose cover RAM: 1024G
[    0.003071]  gran_size: 16M 	chunk_size: 64M 	num_reg: 10  	lose cover RAM: 1024G
[    0.003073]  gran_size: 16M 	chunk_size: 128M 	num_reg: 10  	lose cover RAM: 1024G
[    0.003074]  gran_size: 16M 	chunk_size: 256M 	num_reg: 10  	lose cover RAM: 1024G
[    0.003075]  gran_size: 16M 	chunk_size: 512M 	num_reg: 10  	lose cover RAM: 1024G
[    0.003077]  gran_size: 16M 	chunk_size: 1G 	num_reg: 10  	lose cover RAM: 1024G
[    0.003078]  gran_size: 16M 	chunk_size: 2G 	num_reg: 10  	lose cover RAM: 1024G
[    0.003079]  gran_size: 32M 	chunk_size: 32M 	num_reg: 10  	lose cover RAM: 2031632M
[    0.003081]  gran_size: 32M 	chunk_size: 64M 	num_reg: 10  	lose cover RAM: 1048592M
[    0.003082]  gran_size: 32M 	chunk_size: 128M 	num_reg: 10  	lose cover RAM: 1048592M
[    0.003083]  gran_size: 32M 	chunk_size: 256M 	num_reg: 10  	lose cover RAM: 1048592M
[    0.003085]  gran_size: 32M 	chunk_size: 512M 	num_reg: 10  	lose cover RAM: 1048592M
[    0.003086]  gran_size: 32M 	chunk_size: 1G 	num_reg: 10  	lose cover RAM: 1048592M
[    0.003088]  gran_size: 32M 	chunk_size: 2G 	num_reg: 10  	lose cover RAM: 1048592M
[    0.003089]  gran_size: 64M 	chunk_size: 64M 	num_reg: 10  	lose cover RAM: 1966128M
[    0.003091]  gran_size: 64M 	chunk_size: 128M 	num_reg: 10  	lose cover RAM: 1048624M
[    0.003092]  gran_size: 64M 	chunk_size: 256M 	num_reg: 10  	lose cover RAM: 1048624M
[    0.003094]  gran_size: 64M 	chunk_size: 512M 	num_reg: 10  	lose cover RAM: 1048624M
[    0.003095]  gran_size: 64M 	chunk_size: 1G 	num_reg: 10  	lose cover RAM: 1048624M
[    0.003096]  gran_size: 64M 	chunk_size: 2G 	num_reg: 10  	lose cover RAM: 1048624M
[    0.003098]  gran_size: 128M 	chunk_size: 128M 	num_reg: 10  	lose cover RAM: 1835120M
[    0.003099]  gran_size: 128M 	chunk_size: 256M 	num_reg: 10  	lose cover RAM: 1048688M
[    0.003100]  gran_size: 128M 	chunk_size: 512M 	num_reg: 10  	lose cover RAM: 1048688M
[    0.003102]  gran_size: 128M 	chunk_size: 1G 	num_reg: 10  	lose cover RAM: 1048688M
[    0.003103]  gran_size: 128M 	chunk_size: 2G 	num_reg: 10  	lose cover RAM: 1048688M
[    0.003104]  gran_size: 256M 	chunk_size: 256M 	num_reg: 10  	lose cover RAM: 1573104M
[    0.003106]  gran_size: 256M 	chunk_size: 512M 	num_reg: 10  	lose cover RAM: 1048816M
[    0.003107]  gran_size: 256M 	chunk_size: 1G 	num_reg: 10  	lose cover RAM: 1048816M
[    0.003108]  gran_size: 256M 	chunk_size: 2G 	num_reg: 10  	lose cover RAM: 1048816M
[    0.003110]  gran_size: 512M 	chunk_size: 512M 	num_reg: 10  	lose cover RAM: 1049072M
[    0.003111]  gran_size: 512M 	chunk_size: 1G 	num_reg: 10  	lose cover RAM: 1049072M
[    0.003112]  gran_size: 512M 	chunk_size: 2G 	num_reg: 10  	lose cover RAM: 1049072M
[    0.003114]  gran_size: 1G 	chunk_size: 1G 	num_reg: 10  	lose cover RAM: 1008M
[    0.003115]  gran_size: 1G 	chunk_size: 2G 	num_reg: 10  	lose cover RAM: 1008M
[    0.003117]  gran_size: 2G 	chunk_size: 2G 	num_reg: 9  	lose cover RAM: 2032M
[    0.003118] mtrr_cleanup: can not find optimal value
[    0.003119] please specify mtrr_gran_size/mtrr_chunk_size
[    0.003121] e820: update [mem 0x7f000000-0xffffffff] usable ==> reserved
[    0.003125] x2apic: enabled by BIOS, switching to x2apic ops
[    0.003125] last_pfn = 0x6f800 max_arch_pfn = 0x400000000
[    0.014556] Using GB pages for direct mapping
[    0.015529] Secure boot disabled
[    0.015529] RAMDISK: [mem 0x205de61000-0x207fffffff]
[    0.015534] ACPI: Early table checksum verification disabled
[    0.015536] ACPI: RSDP 0x000000006F7FE014 000024 (v02 DELL  )
[    0.015540] ACPI: XSDT 0x000000006F41C188 0000F4 (v01 DELL   PE_SC3   00000000 DELL 01000013)
[    0.015546] ACPI: FACP 0x000000006F430000 000114 (v06 DELL   PE_SC3   00000000 DELL 00000001)
[    0.015551] ACPI: DSDT 0x000000004B4CE000 07FAD3 (v02 DELL   PE_SC3   00000003 DELL 00000001)
[    0.015555] ACPI: FACS 0x000000006F2F2000 000040
[    0.015558] ACPI: SSDT 0x000000006F7FB000 00159A (v02 INTEL  RAS_ACPI 00000001 INTL 20210331)
[    0.015562] ACPI: SSDT 0x000000006F7FA000 000745 (v02 INTEL  ADDRXLAT 00000001 INTL 20210331)
[    0.015565] ACPI: MCEJ 0x000000006F7F9000 000130 (v01 INTEL           00000001 INTL 0100000D)
[    0.015569] ACPI: BERT 0x000000006F7F8000 000030 (v01 DELL   PE_SC3   00000001 INTL 00000001)
[    0.015572] ACPI: ERST 0x000000006F7F7000 000230 (v01 DELL   PE_SC3   00000001 INTL 00000001)
[    0.015575] ACPI: SSDT 0x000000006F431000 3C524E (v02 INTEL  SSDTNVDR 00001000 INTL 20210331)
[    0.015579] ACPI: HMAT 0x000000006F42F000 000210 (v01 DELL   PE_SC3   00000001 DELL 00000001)
[    0.015582] ACPI: HPET 0x000000006F42E000 000038 (v01 DELL   PE_SC3   00000001 DELL 00000001)
[    0.015585] ACPI: MCFG 0x000000006F42D000 00003C (v01 DELL   PE_SC3   00000001 DELL 00000001)
[    0.015589] ACPI: MIGT 0x000000006F42C000 000040 (v01 DELL   PE_SC3   00000000 DELL 00000001)
[    0.015592] ACPI: MSCT 0x000000006F42B000 000090 (v01 DELL   PE_SC3   00000001 DELL 00000001)
[    0.015595] ACPI: PMTT 0x000000006F429000 0011E8 (v02 DELL   PE_SC3   00000001 DELL 00000001)
[    0.015599] ACPI: WSMT 0x000000006F428000 000028 (v01 DELL   PE_SC3   00000000 DELL 00000001)
[    0.015602] ACPI: APIC 0x000000006F427000 00075E (v04 DELL   PE_SC3   00000000 DELL 00000001)
[    0.015605] ACPI: SLIT 0x000000006F426000 00003C (v01 DELL   PE_SC3   00000001 DELL 01000013)
[    0.015609] ACPI: SRAT 0x000000006F41F000 006430 (v03 DELL   PE_SC3   00000002 DELL 01000013)
[    0.015612] ACPI: OEM4 0x000000004B346000 187A61 (v02 INTEL  CPU  CST 00003000 INTL 20210331)
[    0.015615] ACPI: SSDT 0x000000004B2CF000 0764A5 (v02 INTEL  SSDT  PM 00004000 INTL 20210331)
[    0.015619] ACPI: SSDT 0x000000006F41E000 000A1F (v02 DELL   PE_SC3   00000000 DELL 00000001)
[    0.015622] ACPI: HEST 0x000000006F41D000 00017C (v01 DELL   PE_SC3   00000001 INTL 00000001)
[    0.015626] ACPI: PCAT 0x000000006F41B000 00010C (v19 DELL   PE_SC3   00000002 DELL 00000001)
[    0.015629] ACPI: SSDT 0x000000006F413000 007299 (v02 INTEL  SpsNm    00000002 INTL 20210331)
[    0.015632] ACPI: SSDT 0x000000006F412000 000426 (v02 DELL   PE_SC3   00000002 DELL 00000001)
[    0.015636] ACPI: NFIT 0x000000006F7FD000 000488 (v01 DELL   PE_SC3   00000002 DELL 00000001)
[    0.015639] ACPI: DMAR 0x000000006F411000 000158 (v01 DELL   PE_SC3   00000001 DELL 00000001)
[    0.015641] ACPI: Reserving FACP table memory at [mem 0x6f430000-0x6f430113]
[    0.015643] ACPI: Reserving DSDT table memory at [mem 0x4b4ce000-0x4b54dad2]
[    0.015644] ACPI: Reserving FACS table memory at [mem 0x6f2f2000-0x6f2f203f]
[    0.015645] ACPI: Reserving SSDT table memory at [mem 0x6f7fb000-0x6f7fc599]
[    0.015646] ACPI: Reserving SSDT table memory at [mem 0x6f7fa000-0x6f7fa744]
[    0.015647] ACPI: Reserving MCEJ table memory at [mem 0x6f7f9000-0x6f7f912f]
[    0.015648] ACPI: Reserving BERT table memory at [mem 0x6f7f8000-0x6f7f802f]
[    0.015649] ACPI: Reserving ERST table memory at [mem 0x6f7f7000-0x6f7f722f]
[    0.015650] ACPI: Reserving SSDT table memory at [mem 0x6f431000-0x6f7f624d]
[    0.015651] ACPI: Reserving HMAT table memory at [mem 0x6f42f000-0x6f42f20f]
[    0.015652] ACPI: Reserving HPET table memory at [mem 0x6f42e000-0x6f42e037]
[    0.015652] ACPI: Reserving MCFG table memory at [mem 0x6f42d000-0x6f42d03b]
[    0.015653] ACPI: Reserving MIGT table memory at [mem 0x6f42c000-0x6f42c03f]
[    0.015654] ACPI: Reserving MSCT table memory at [mem 0x6f42b000-0x6f42b08f]
[    0.015655] ACPI: Reserving PMTT table memory at [mem 0x6f429000-0x6f42a1e7]
[    0.015656] ACPI: Reserving WSMT table memory at [mem 0x6f428000-0x6f428027]
[    0.015657] ACPI: Reserving APIC table memory at [mem 0x6f427000-0x6f42775d]
[    0.015658] ACPI: Reserving SLIT table memory at [mem 0x6f426000-0x6f42603b]
[    0.015659] ACPI: Reserving SRAT table memory at [mem 0x6f41f000-0x6f42542f]
[    0.015660] ACPI: Reserving OEM4 table memory at [mem 0x4b346000-0x4b4cda60]
[    0.015661] ACPI: Reserving SSDT table memory at [mem 0x4b2cf000-0x4b3454a4]
[    0.015662] ACPI: Reserving SSDT table memory at [mem 0x6f41e000-0x6f41ea1e]
[    0.015663] ACPI: Reserving HEST table memory at [mem 0x6f41d000-0x6f41d17b]
[    0.015664] ACPI: Reserving PCAT table memory at [mem 0x6f41b000-0x6f41b10b]
[    0.015664] ACPI: Reserving SSDT table memory at [mem 0x6f413000-0x6f41a298]
[    0.015665] ACPI: Reserving SSDT table memory at [mem 0x6f412000-0x6f412425]
[    0.015666] ACPI: Reserving NFIT table memory at [mem 0x6f7fd000-0x6f7fd487]
[    0.015667] ACPI: Reserving DMAR table memory at [mem 0x6f411000-0x6f411157]
[    0.015678] Setting APIC routing to cluster x2apic.
[    0.015724] SRAT: PXM 0 -> APIC 0x0000 -> Node 0
[    0.015725] SRAT: PXM 0 -> APIC 0x0001 -> Node 0
[    0.015726] SRAT: PXM 0 -> APIC 0x0002 -> Node 0
[    0.015727] SRAT: PXM 0 -> APIC 0x0003 -> Node 0
[    0.015727] SRAT: PXM 0 -> APIC 0x0004 -> Node 0
[    0.015728] SRAT: PXM 0 -> APIC 0x0005 -> Node 0
[    0.015729] SRAT: PXM 0 -> APIC 0x0006 -> Node 0
[    0.015729] SRAT: PXM 0 -> APIC 0x0007 -> Node 0
[    0.015730] SRAT: PXM 0 -> APIC 0x0008 -> Node 0
[    0.015731] SRAT: PXM 0 -> APIC 0x0009 -> Node 0
[    0.015732] SRAT: PXM 0 -> APIC 0x000a -> Node 0
[    0.015732] SRAT: PXM 0 -> APIC 0x000b -> Node 0
[    0.015733] SRAT: PXM 0 -> APIC 0x000c -> Node 0
[    0.015734] SRAT: PXM 0 -> APIC 0x000d -> Node 0
[    0.015734] SRAT: PXM 0 -> APIC 0x000e -> Node 0
[    0.015735] SRAT: PXM 0 -> APIC 0x000f -> Node 0
[    0.015736] SRAT: PXM 0 -> APIC 0x0010 -> Node 0
[    0.015736] SRAT: PXM 0 -> APIC 0x0011 -> Node 0
[    0.015737] SRAT: PXM 0 -> APIC 0x0012 -> Node 0
[    0.015738] SRAT: PXM 0 -> APIC 0x0013 -> Node 0
[    0.015738] SRAT: PXM 0 -> APIC 0x0014 -> Node 0
[    0.015739] SRAT: PXM 0 -> APIC 0x0015 -> Node 0
[    0.015740] SRAT: PXM 0 -> APIC 0x0016 -> Node 0
[    0.015740] SRAT: PXM 0 -> APIC 0x0017 -> Node 0
[    0.015741] SRAT: PXM 0 -> APIC 0x0018 -> Node 0
[    0.015742] SRAT: PXM 0 -> APIC 0x0019 -> Node 0
[    0.015742] SRAT: PXM 0 -> APIC 0x001a -> Node 0
[    0.015743] SRAT: PXM 0 -> APIC 0x001b -> Node 0
[    0.015744] SRAT: PXM 0 -> APIC 0x001c -> Node 0
[    0.015744] SRAT: PXM 0 -> APIC 0x001d -> Node 0
[    0.015745] SRAT: PXM 0 -> APIC 0x001e -> Node 0
[    0.015746] SRAT: PXM 0 -> APIC 0x001f -> Node 0
[    0.015746] SRAT: PXM 0 -> APIC 0x0020 -> Node 0
[    0.015747] SRAT: PXM 0 -> APIC 0x0021 -> Node 0
[    0.015748] SRAT: PXM 0 -> APIC 0x0022 -> Node 0
[    0.015748] SRAT: PXM 0 -> APIC 0x0023 -> Node 0
[    0.015749] SRAT: PXM 0 -> APIC 0x0024 -> Node 0
[    0.015750] SRAT: PXM 0 -> APIC 0x0025 -> Node 0
[    0.015750] SRAT: PXM 0 -> APIC 0x0026 -> Node 0
[    0.015751] SRAT: PXM 0 -> APIC 0x0027 -> Node 0
[    0.015752] SRAT: PXM 0 -> APIC 0x0028 -> Node 0
[    0.015752] SRAT: PXM 0 -> APIC 0x0029 -> Node 0
[    0.015753] SRAT: PXM 0 -> APIC 0x002a -> Node 0
[    0.015754] SRAT: PXM 0 -> APIC 0x002b -> Node 0
[    0.015754] SRAT: PXM 0 -> APIC 0x002c -> Node 0
[    0.015755] SRAT: PXM 0 -> APIC 0x002d -> Node 0
[    0.015756] SRAT: PXM 0 -> APIC 0x002e -> Node 0
[    0.015756] SRAT: PXM 0 -> APIC 0x002f -> Node 0
[    0.015757] SRAT: PXM 0 -> APIC 0x0030 -> Node 0
[    0.015758] SRAT: PXM 0 -> APIC 0x0031 -> Node 0
[    0.015758] SRAT: PXM 0 -> APIC 0x0032 -> Node 0
[    0.015759] SRAT: PXM 0 -> APIC 0x0033 -> Node 0
[    0.015760] SRAT: PXM 0 -> APIC 0x0034 -> Node 0
[    0.015761] SRAT: PXM 0 -> APIC 0x0035 -> Node 0
[    0.015761] SRAT: PXM 0 -> APIC 0x0036 -> Node 0
[    0.015762] SRAT: PXM 0 -> APIC 0x0037 -> Node 0
[    0.015763] SRAT: PXM 1 -> APIC 0x0080 -> Node 1
[    0.015763] SRAT: PXM 1 -> APIC 0x0081 -> Node 1
[    0.015764] SRAT: PXM 1 -> APIC 0x0082 -> Node 1
[    0.015765] SRAT: PXM 1 -> APIC 0x0083 -> Node 1
[    0.015765] SRAT: PXM 1 -> APIC 0x0084 -> Node 1
[    0.015766] SRAT: PXM 1 -> APIC 0x0085 -> Node 1
[    0.015767] SRAT: PXM 1 -> APIC 0x0086 -> Node 1
[    0.015767] SRAT: PXM 1 -> APIC 0x0087 -> Node 1
[    0.015768] SRAT: PXM 1 -> APIC 0x0088 -> Node 1
[    0.015769] SRAT: PXM 1 -> APIC 0x0089 -> Node 1
[    0.015769] SRAT: PXM 1 -> APIC 0x008a -> Node 1
[    0.015770] SRAT: PXM 1 -> APIC 0x008b -> Node 1
[    0.015771] SRAT: PXM 1 -> APIC 0x008c -> Node 1
[    0.015772] SRAT: PXM 1 -> APIC 0x008d -> Node 1
[    0.015772] SRAT: PXM 1 -> APIC 0x008e -> Node 1
[    0.015773] SRAT: PXM 1 -> APIC 0x008f -> Node 1
[    0.015773] SRAT: PXM 1 -> APIC 0x0090 -> Node 1
[    0.015774] SRAT: PXM 1 -> APIC 0x0091 -> Node 1
[    0.015775] SRAT: PXM 1 -> APIC 0x0092 -> Node 1
[    0.015775] SRAT: PXM 1 -> APIC 0x0093 -> Node 1
[    0.015776] SRAT: PXM 1 -> APIC 0x0094 -> Node 1
[    0.015777] SRAT: PXM 1 -> APIC 0x0095 -> Node 1
[    0.015777] SRAT: PXM 1 -> APIC 0x0096 -> Node 1
[    0.015778] SRAT: PXM 1 -> APIC 0x0097 -> Node 1
[    0.015779] SRAT: PXM 1 -> APIC 0x0098 -> Node 1
[    0.015779] SRAT: PXM 1 -> APIC 0x0099 -> Node 1
[    0.015780] SRAT: PXM 1 -> APIC 0x009a -> Node 1
[    0.015781] SRAT: PXM 1 -> APIC 0x009b -> Node 1
[    0.015781] SRAT: PXM 1 -> APIC 0x009c -> Node 1
[    0.015782] SRAT: PXM 1 -> APIC 0x009d -> Node 1
[    0.015783] SRAT: PXM 1 -> APIC 0x009e -> Node 1
[    0.015783] SRAT: PXM 1 -> APIC 0x009f -> Node 1
[    0.015784] SRAT: PXM 1 -> APIC 0x00a0 -> Node 1
[    0.015785] SRAT: PXM 1 -> APIC 0x00a1 -> Node 1
[    0.015785] SRAT: PXM 1 -> APIC 0x00a2 -> Node 1
[    0.015786] SRAT: PXM 1 -> APIC 0x00a3 -> Node 1
[    0.015787] SRAT: PXM 1 -> APIC 0x00a4 -> Node 1
[    0.015787] SRAT: PXM 1 -> APIC 0x00a5 -> Node 1
[    0.015788] SRAT: PXM 1 -> APIC 0x00a6 -> Node 1
[    0.015789] SRAT: PXM 1 -> APIC 0x00a7 -> Node 1
[    0.015789] SRAT: PXM 1 -> APIC 0x00a8 -> Node 1
[    0.015790] SRAT: PXM 1 -> APIC 0x00a9 -> Node 1
[    0.015791] SRAT: PXM 1 -> APIC 0x00aa -> Node 1
[    0.015792] SRAT: PXM 1 -> APIC 0x00ab -> Node 1
[    0.015792] SRAT: PXM 1 -> APIC 0x00ac -> Node 1
[    0.015793] SRAT: PXM 1 -> APIC 0x00ad -> Node 1
[    0.015794] SRAT: PXM 1 -> APIC 0x00ae -> Node 1
[    0.015794] SRAT: PXM 1 -> APIC 0x00af -> Node 1
[    0.015795] SRAT: PXM 1 -> APIC 0x00b0 -> Node 1
[    0.015796] SRAT: PXM 1 -> APIC 0x00b1 -> Node 1
[    0.015797] SRAT: PXM 1 -> APIC 0x00b2 -> Node 1
[    0.015797] SRAT: PXM 1 -> APIC 0x00b3 -> Node 1
[    0.015798] SRAT: PXM 1 -> APIC 0x00b4 -> Node 1
[    0.015799] SRAT: PXM 1 -> APIC 0x00b5 -> Node 1
[    0.015799] SRAT: PXM 1 -> APIC 0x00b6 -> Node 1
[    0.015800] SRAT: PXM 1 -> APIC 0x00b7 -> Node 1
[    0.015813] ACPI: SRAT: Node 0 PXM 0 [mem 0x00000000-0x7fffffff]
[    0.015814] ACPI: SRAT: Node 0 PXM 0 [mem 0x100000000-0x107fffffff]
[    0.015816] ACPI: SRAT: Node 2 PXM 2 [mem 0x2080000000-0x9e7fffffff] non-volatile
[    0.015817] ACPI: SRAT: Node 1 PXM 1 [mem 0x1080000000-0x207fffffff]
[    0.015818] ACPI: SRAT: Node 3 PXM 3 [mem 0x9e80000000-0x11c7fffffff] non-volatile
[    0.015828] NUMA: Initialized distance table, cnt=4
[    0.015831] NUMA: Node 0 [mem 0x00000000-0x7fffffff] + [mem 0x100000000-0x107fffffff] -> [mem 0x00000000-0x107fffffff]
[    0.015840] NODE_DATA(0) allocated [mem 0x107ffd5000-0x107fffffff]
[    0.015859] NODE_DATA(1) allocated [mem 0x205de34000-0x205de5efff]
[    0.016085] Zone ranges:
[    0.016086]   DMA      [mem 0x0000000000001000-0x0000000000ffffff]
[    0.016088]   DMA32    [mem 0x0000000001000000-0x00000000ffffffff]
[    0.016089]   Normal   [mem 0x0000000100000000-0x000000207fffffff]
[    0.016091]   Device   empty
[    0.016092] Movable zone start for each node
[    0.016095] Early memory node ranges
[    0.016096]   node   0: [mem 0x0000000000001000-0x000000000008efff]
[    0.016097]   node   0: [mem 0x0000000000090000-0x000000000009ffff]
[    0.016098]   node   0: [mem 0x0000000000100000-0x0000000049e76fff]
[    0.016099]   node   0: [mem 0x000000004ae77000-0x000000004b2cefff]
[    0.016100]   node   0: [mem 0x000000004b54e000-0x000000004bd93fff]
[    0.016101]   node   0: [mem 0x000000004be9a000-0x000000004cdfffff]
[    0.016102]   node   0: [mem 0x000000004d000000-0x000000005eefdfff]
[    0.016102]   node   0: [mem 0x000000006f7ff000-0x000000006f7fffff]
[    0.016103]   node   0: [mem 0x0000000100000000-0x000000107fffffff]
[    0.016107]   node   1: [mem 0x0000001080000000-0x000000207fffffff]
[    0.016112] Initmem setup node 0 [mem 0x0000000000001000-0x000000107fffffff]
[    0.016115] Initmem setup node 1 [mem 0x0000001080000000-0x000000207fffffff]
[    0.016117] Initializing node 2 as memoryless
[    0.016137] Initmem setup node 2 as memoryless
[    0.016138] Initializing node 3 as memoryless
[    0.016160] Initmem setup node 3 as memoryless
[    0.016162] On node 0, zone DMA: 1 pages in unavailable ranges
[    0.016163] On node 0, zone DMA: 1 pages in unavailable ranges
[    0.016189] On node 0, zone DMA: 96 pages in unavailable ranges
[    0.018245] On node 0, zone DMA32: 4096 pages in unavailable ranges
[    0.018265] On node 0, zone DMA32: 639 pages in unavailable ranges
[    0.018293] On node 0, zone DMA32: 262 pages in unavailable ranges
[    0.018788] On node 0, zone DMA32: 512 pages in unavailable ranges
[    0.019060] On node 0, zone DMA32: 35073 pages in unavailable ranges
[    0.136043] On node 0, zone Normal: 2048 pages in unavailable ranges
[    0.265422] ACPI: PM-Timer IO Port: 0x508
[    0.265441] ACPI: X2APIC_NMI (uid[0xffffffff] high edge lint[0x1])
[    0.265444] ACPI: LAPIC_NMI (acpi_id[0xff] high edge lint[0x1])
[    0.265463] IOAPIC[0]: apic_id 8, version 32, address 0xfec00000, GSI 0-119
[    0.265466] ACPI: INT_SRC_OVR (bus 0 bus_irq 0 global_irq 2 dfl dfl)
[    0.265469] ACPI: INT_SRC_OVR (bus 0 bus_irq 9 global_irq 9 high level)
[    0.265473] ACPI: Using ACPI (MADT) for SMP configuration information
[    0.265474] ACPI: HPET id: 0x8086a701 base: 0xfed00000
[    0.265478] TSC deadline timer available
[    0.265479] smpboot: Allowing 112 CPUs, 0 hotplug CPUs
[    0.265506] PM: hibernation: Registered nosave memory: [mem 0x00000000-0x00000fff]
[    0.265508] PM: hibernation: Registered nosave memory: [mem 0x0008f000-0x0008ffff]
[    0.265510] PM: hibernation: Registered nosave memory: [mem 0x000a0000-0x000fffff]
[    0.265511] PM: hibernation: Registered nosave memory: [mem 0x46cc4000-0x46cc4fff]
[    0.265513] PM: hibernation: Registered nosave memory: [mem 0x46cf5000-0x46cf5fff]
[    0.265514] PM: hibernation: Registered nosave memory: [mem 0x46cf6000-0x46cf6fff]
[    0.265516] PM: hibernation: Registered nosave memory: [mem 0x46d28000-0x46d28fff]
[    0.265516] PM: hibernation: Registered nosave memory: [mem 0x46d29000-0x46d29fff]
[    0.265518] PM: hibernation: Registered nosave memory: [mem 0x46d5b000-0x46d5bfff]
[    0.265519] PM: hibernation: Registered nosave memory: [mem 0x46d5c000-0x46d5cfff]
[    0.265520] PM: hibernation: Registered nosave memory: [mem 0x46d64000-0x46d64fff]
[    0.265522] PM: hibernation: Registered nosave memory: [mem 0x49e77000-0x4ae76fff]
[    0.265524] PM: hibernation: Registered nosave memory: [mem 0x4b2cf000-0x4b54dfff]
[    0.265526] PM: hibernation: Registered nosave memory: [mem 0x4bd94000-0x4be99fff]
[    0.265527] PM: hibernation: Registered nosave memory: [mem 0x4ce00000-0x4cffffff]
[    0.265529] PM: hibernation: Registered nosave memory: [mem 0x5eefe000-0x6e3fefff]
[    0.265530] PM: hibernation: Registered nosave memory: [mem 0x6e3ff000-0x6f3fefff]
[    0.265530] PM: hibernation: Registered nosave memory: [mem 0x6f3ff000-0x6f7fefff]
[    0.265532] PM: hibernation: Registered nosave memory: [mem 0x6f800000-0x8fffffff]
[    0.265533] PM: hibernation: Registered nosave memory: [mem 0x90000000-0xfdffffff]
[    0.265534] PM: hibernation: Registered nosave memory: [mem 0xfe000000-0xfe010fff]
[    0.265535] PM: hibernation: Registered nosave memory: [mem 0xfe011000-0xffffffff]
[    0.265536] [mem 0x90000000-0xfdffffff] available for PCI devices
[    0.265538] Booting paravirtualized kernel on bare hardware
[    0.265541] clocksource: refined-jiffies: mask: 0xffffffff max_cycles: 0xffffffff, max_idle_ns: 7645519600211568 ns
[    0.265546] setup_percpu: NR_CPUS:8192 nr_cpumask_bits:112 nr_cpu_ids:112 nr_node_ids:4
[    0.270321] percpu: Embedded 61 pages/cpu s212992 r8192 d28672 u262144
[    0.270332] pcpu-alloc: s212992 r8192 d28672 u262144 alloc=1*2097152
[    0.270335] pcpu-alloc: [0] 000 002 004 006 008 010 012 014 
[    0.270341] pcpu-alloc: [0] 016 018 020 022 024 026 028 030 
[    0.270346] pcpu-alloc: [0] 032 034 036 038 040 042 044 046 
[    0.270351] pcpu-alloc: [0] 048 050 052 054 056 058 060 062 
[    0.270355] pcpu-alloc: [0] 064 066 068 070 072 074 076 078 
[    0.270359] pcpu-alloc: [0] 080 082 084 086 088 090 092 094 
[    0.270364] pcpu-alloc: [0] 096 098 100 102 104 106 108 110 
[    0.270369] pcpu-alloc: [1] 001 003 005 007 009 011 013 015 
[    0.270373] pcpu-alloc: [1] 017 019 021 023 025 027 029 031 
[    0.270378] pcpu-alloc: [1] 033 035 037 039 041 043 045 047 
[    0.270382] pcpu-alloc: [1] 049 051 053 055 057 059 061 063 
[    0.270387] pcpu-alloc: [1] 065 067 069 071 073 075 077 079 
[    0.270391] pcpu-alloc: [1] 081 083 085 087 089 091 093 095 
[    0.270395] pcpu-alloc: [1] 097 099 101 103 105 107 109 111 
[    0.270440] Fallback order for Node 0: 0 1 
[    0.270443] Fallback order for Node 1: 1 0 
[    0.270446] Fallback order for Node 2: 2 0 1 
[    0.270448] Fallback order for Node 3: 3 1 0 
[    0.270456] Built 2 zonelists, mobility grouping on.  Total pages: 32890132
[    0.270457] Policy zone: Normal
[    0.270459] Kernel command line: BOOT_IMAGE=/boot/vmlinuz-5.18.0 root=UUID=ce0c24b8-724b-4f33-9b2c-618433560aef ro systemd.unified_cgroup_hierarchy=yes quiet splash nomodeset vt.handoff=1
[    0.270575] Booted with the nomodeset parameter. Only the system framebuffer will be available
[    0.270597] Unknown kernel command line parameters "splash BOOT_IMAGE=/boot/vmlinuz-5.18.0", will be passed to user space.
[    0.270599] printk: log_buf_len individual max cpu contribution: 4096 bytes
[    0.270600] printk: log_buf_len total cpu_extra contributions: 454656 bytes
[    0.270600] printk: log_buf_len min size: 262144 bytes
[    0.271575] printk: log_buf_len: 1048576 bytes
[    0.271576] printk: early log buf free: 226408(86%)
[    0.273485] mem auto-init: stack:off, heap alloc:on, heap free:off
[    0.589137] Memory: 130733968K/133653600K available (16392K kernel code, 3615K rwdata, 10444K rodata, 2688K init, 5836K bss, 2919372K reserved, 0K cma-reserved)
[    0.589144] random: get_random_u64 called from __kmem_cache_create+0x2d/0x480 with crng_init=0
[    0.589694] SLUB: HWalign=64, Order=0-3, MinObjects=0, CPUs=112, Nodes=4
[    0.589722] ftrace: allocating 48795 entries in 191 pages
[    0.598252] ftrace: allocated 191 pages with 7 groups
[    0.599230] Dynamic Preempt: voluntary
[    0.599564] rcu: Preemptible hierarchical RCU implementation.
[    0.599565] rcu: 	RCU restricting CPUs from NR_CPUS=8192 to nr_cpu_ids=112.
[    0.599567] 	Trampoline variant of Tasks RCU enabled.
[    0.599568] 	Rude variant of Tasks RCU enabled.
[    0.599568] 	Tracing variant of Tasks RCU enabled.
[    0.599569] rcu: RCU calculated value of scheduler-enlistment delay is 25 jiffies.
[    0.599570] rcu: Adjusting geometry for rcu_fanout_leaf=16, nr_cpu_ids=112
[    0.603364] NR_IRQS: 524544, nr_irqs: 2952, preallocated irqs: 16
[    0.603731] random: crng init done (trusting CPU's manufacturer)
[    0.603871] Console: colour dummy device 80x25
[    0.603905] printk: console [tty0] enabled
[    0.604108] mempolicy: Enabling automatic NUMA balancing. Configure with numa_balancing= or the kernel.numa_balancing sysctl
[    0.604113] ACPI: Core revision 20211217
[    0.607543] clocksource: hpet: mask: 0xffffffff max_cycles: 0xffffffff, max_idle_ns: 79635855245 ns
[    0.607587] APIC: Switch to symmetric I/O mode setup
[    0.607589] DMAR: Host address width 46
[    0.607590] DMAR: DRHD base: 0x000000d0ffc000 flags: 0x0
[    0.607595] DMAR: dmar0: reg_base_addr d0ffc000 ver 4:0 cap 8ed008c40780466 ecap 60000f050df
[    0.607598] DMAR: DRHD base: 0x000000dbbfc000 flags: 0x0
[    0.607600] DMAR: dmar1: reg_base_addr dbbfc000 ver 4:0 cap 8ed008c40780466 ecap 60000f050df
[    0.607603] DMAR: DRHD base: 0x000000e67fc000 flags: 0x0
[    0.607606] DMAR: dmar2: reg_base_addr e67fc000 ver 4:0 cap 8ed008c40780466 ecap 60000f050df
[    0.607609] DMAR: DRHD base: 0x000000f13fc000 flags: 0x0
[    0.607611] DMAR: dmar3: reg_base_addr f13fc000 ver 4:0 cap 8ed008c40780466 ecap 60000f050df
[    0.607613] DMAR: DRHD base: 0x000000fb7fc000 flags: 0x0
[    0.607616] DMAR: dmar4: reg_base_addr fb7fc000 ver 4:0 cap 8ed008c40780466 ecap 60000f050df
[    0.607618] DMAR: DRHD base: 0x000000a63fc000 flags: 0x0
[    0.607621] DMAR: dmar5: reg_base_addr a63fc000 ver 4:0 cap 8ed008c40780466 ecap 60000f050df
[    0.607622] DMAR: DRHD base: 0x000000b0ffc000 flags: 0x0
[    0.607627] DMAR: dmar6: reg_base_addr b0ffc000 ver 4:0 cap 8ed008c40780466 ecap 60000f050df
[    0.607629] DMAR: DRHD base: 0x000000bbbfc000 flags: 0x0
[    0.607631] DMAR: dmar7: reg_base_addr bbbfc000 ver 4:0 cap 8ed008c40780466 ecap 60000f050df
[    0.607633] DMAR: DRHD base: 0x000000c5ffc000 flags: 0x0
[    0.607635] DMAR: dmar8: reg_base_addr c5ffc000 ver 4:0 cap 8ed008c40780466 ecap 60000f050df
[    0.607637] DMAR: DRHD base: 0x0000009b7fc000 flags: 0x1
[    0.607639] DMAR: dmar9: reg_base_addr 9b7fc000 ver 4:0 cap 8ed008c40780466 ecap 60000f050df
[    0.607642] DMAR: RMRR base: 0x00000069427000 end: 0x00000069429fff
[    0.607643] DMAR: ATSR flags: 0x0
[    0.607646] DMAR-IR: IOAPIC id 8 under DRHD base  0x9b7fc000 IOMMU 9
[    0.607647] DMAR-IR: HPET id 0 under DRHD base 0x9b7fc000
[    0.607648] DMAR-IR: Queued invalidation will be enabled to support x2apic and Intr-remapping.
[    0.610657] DMAR-IR: Enabled IRQ remapping in x2apic mode
[    0.613279] ..TIMER: vector=0x30 apic1=0 pin1=2 apic2=-1 pin2=-1
[    0.631517] clocksource: tsc-early: mask: 0xffffffffffffffff max_cycles: 0x39a85c9bff6, max_idle_ns: 881590591483 ns
[    0.631523] Calibrating delay loop (skipped), value calculated using timer frequency.. 4000.00 BogoMIPS (lpj=8000000)
[    0.631526] pid_max: default: 114688 minimum: 896
[    0.635435] LSM: Security Framework initializing
[    0.635450] Yama: becoming mindful.
[    0.635492] AppArmor: AppArmor initialized
[    0.643914] Dentry cache hash table entries: 8388608 (order: 14, 67108864 bytes, vmalloc hugepage)
[    0.648140] Inode-cache hash table entries: 4194304 (order: 13, 33554432 bytes, vmalloc hugepage)
[    0.648314] Mount-cache hash table entries: 131072 (order: 8, 1048576 bytes, vmalloc)
[    0.648455] Mountpoint-cache hash table entries: 131072 (order: 8, 1048576 bytes, vmalloc)
[    0.649045] x86/tme: not enabled by BIOS
[    0.649055] CPU0: Thermal monitoring enabled (TM1)
[    0.649057] x86/cpu: User Mode Instruction Prevention (UMIP) activated
[    0.649293] process: using mwait in idle threads
[    0.649295] Last level iTLB entries: 4KB 0, 2MB 0, 4MB 0
[    0.649296] Last level dTLB entries: 4KB 0, 2MB 0, 4MB 0, 1GB 0
[    0.649302] Spectre V1 : Mitigation: usercopy/swapgs barriers and __user pointer sanitization
[    0.649303] Spectre V2 : WARNING: Unprivileged eBPF is enabled with eIBRS on, data leaks possible via Spectre v2 BHB attacks!
[    0.649309] Spectre V2 : Mitigation: Enhanced IBRS
[    0.649309] Spectre V2 : Spectre v2 / SpectreRSB mitigation: Filling RSB on context switch
[    0.649311] Spectre V2 : mitigation: Enabling conditional Indirect Branch Prediction Barrier
[    0.649312] Speculative Store Bypass: Mitigation: Speculative Store Bypass disabled via prctl
[    0.654534] Freeing SMP alternatives memory: 40K
[    0.655662] smpboot: Estimated ratio of average max frequency by base frequency (times 1024): 1433
[    0.655677] smpboot: CPU0: Intel(R) Xeon(R) Gold 6330 CPU @ 2.00GHz (family: 0x6, model: 0x6a, stepping: 0x6)
[    0.655900] cblist_init_generic: Setting adjustable number of callback queues.
[    0.655914] cblist_init_generic: Setting shift to 7 and lim to 1.
[    0.655941] cblist_init_generic: Setting shift to 7 and lim to 1.
[    0.655972] cblist_init_generic: Setting shift to 7 and lim to 1.
[    0.655983] Performance Events: PEBS fmt4+-baseline,  AnyThread deprecated, Icelake events, 32-deep LBR, full-width counters, Intel PMU driver.
[    0.656018] ... version:                5
[    0.656019] ... bit width:              48
[    0.656019] ... generic registers:      8
[    0.656020] ... value mask:             0000ffffffffffff
[    0.656021] ... max period:             00007fffffffffff
[    0.656022] ... fixed-purpose events:   4
[    0.656022] ... event mask:             0001000f000000ff
[    0.656176] rcu: Hierarchical SRCU implementation.
[    0.663405] NMI watchdog: Enabled. Permanently consumes one hw-PMU counter.
[    0.664551] smp: Bringing up secondary CPUs ...
[    0.664674] x86: Booting SMP configuration:
[    0.664675] .... node  #1, CPUs:          #1
[    0.007796] smpboot: CPU 1 Converting physical 0 to logical die 1

[    0.751636] .... node  #0, CPUs:     #2
[    0.757015] .... node  #1, CPUs:     #3
[    0.762460] .... node  #0, CPUs:     #4
[    0.767845] .... node  #1, CPUs:     #5
[    0.773252] .... node  #0, CPUs:     #6
[    0.778847] .... node  #1, CPUs:     #7
[    0.784441] .... node  #0, CPUs:     #8
[    0.789749] .... node  #1, CPUs:     #9
[    0.795632] .... node  #0, CPUs:    #10
[    0.801237] .... node  #1, CPUs:    #11
[    0.806985] .... node  #0, CPUs:    #12
[    0.812511] .... node  #1, CPUs:    #13
[    0.817885] .... node  #0, CPUs:    #14
[    0.823129] .... node  #1, CPUs:    #15
[    0.828466] .... node  #0, CPUs:    #16
[    0.833752] .... node  #1, CPUs:    #17
[    0.839073] .... node  #0, CPUs:    #18
[    0.844332] .... node  #1, CPUs:    #19
[    0.849995] .... node  #0, CPUs:    #20
[    0.855246] .... node  #1, CPUs:    #21
[    0.860878] .... node  #0, CPUs:    #22
[    0.866320] .... node  #1, CPUs:    #23
[    0.871629] .... node  #0, CPUs:    #24
[    0.877258] .... node  #1, CPUs:    #25
[    0.882613] .... node  #0, CPUs:    #26
[    0.887845] .... node  #1, CPUs:    #27
[    0.893162] .... node  #0, CPUs:    #28
[    0.898680] .... node  #1, CPUs:    #29
[    0.903984] .... node  #0, CPUs:    #30
[    0.909232] .... node  #1, CPUs:    #31
[    0.914726] .... node  #0, CPUs:    #32
[    0.920029] .... node  #1, CPUs:    #33
[    0.925414] .... node  #0, CPUs:    #34
[    0.930882] .... node  #1, CPUs:    #35
[    0.936209] .... node  #0, CPUs:    #36
[    0.941440] .... node  #1, CPUs:    #37
[    0.946775] .... node  #0, CPUs:    #38
[    0.952348] .... node  #1, CPUs:    #39
[    0.957891] .... node  #0, CPUs:    #40
[    0.963687] .... node  #1, CPUs:    #41
[    0.969287] .... node  #0, CPUs:    #42
[    0.974609] .... node  #1, CPUs:    #43
[    0.980270] .... node  #0, CPUs:    #44
[    0.985650] .... node  #1, CPUs:    #45
[    0.991126] .... node  #0, CPUs:    #46
[    0.996673] .... node  #1, CPUs:    #47
[    1.002131] .... node  #0, CPUs:    #48
[    1.007696] .... node  #1, CPUs:    #49
[    1.012954] .... node  #0, CPUs:    #50
[    1.018459] .... node  #1, CPUs:    #51
[    1.024116] .... node  #0, CPUs:    #52
[    1.029585] .... node  #1, CPUs:    #53
[    1.035199] .... node  #0, CPUs:    #54
[    1.040910] .... node  #1, CPUs:    #55
[    1.046737] .... node  #0, CPUs:    #56
[    1.049336] .... node  #1, CPUs:    #57
[    1.055262] .... node  #0, CPUs:    #58
[    1.060678] .... node  #1, CPUs:    #59
[    1.066148] .... node  #0, CPUs:    #60
[    1.071694] .... node  #1, CPUs:    #61
[    1.076970] .... node  #0, CPUs:    #62
[    1.082575] .... node  #1, CPUs:    #63
[    1.088201] .... node  #0, CPUs:    #64
[    1.093516] .... node  #1, CPUs:    #65
[    1.099286] .... node  #0, CPUs:    #66
[    1.105051] .... node  #1, CPUs:    #67
[    1.110820] .... node  #0, CPUs:    #68
[    1.116368] .... node  #1, CPUs:    #69
[    1.121762] .... node  #0, CPUs:    #70
[    1.127016] .... node  #1, CPUs:    #71
[    1.132388] .... node  #0, CPUs:    #72
[    1.137689] .... node  #1, CPUs:    #73
[    1.143041] .... node  #0, CPUs:    #74
[    1.148328] .... node  #1, CPUs:    #75
[    1.153994] .... node  #0, CPUs:    #76
[    1.159540] .... node  #1, CPUs:    #77
[    1.164929] .... node  #0, CPUs:    #78
[    1.170395] .... node  #1, CPUs:    #79
[    1.175709] .... node  #0, CPUs:    #80
[    1.181383] .... node  #1, CPUs:    #81
[    1.186762] .... node  #0, CPUs:    #82
[    1.192002] .... node  #1, CPUs:    #83
[    1.197348] .... node  #0, CPUs:    #84
[    1.202887] .... node  #1, CPUs:    #85
[    1.208216] .... node  #0, CPUs:    #86
[    1.213482] .... node  #1, CPUs:    #87
[    1.218999] .... node  #0, CPUs:    #88
[    1.224319] .... node  #1, CPUs:    #89
[    1.229719] .... node  #0, CPUs:    #90
[    1.235196] .... node  #1, CPUs:    #91
[    1.240540] .... node  #0, CPUs:    #92
[    1.245788] .... node  #1, CPUs:    #93
[    1.251130] .... node  #0, CPUs:    #94
[    1.256717] .... node  #1, CPUs:    #95
[    1.262287] .... node  #0, CPUs:    #96
[    1.267924] .... node  #1, CPUs:    #97
[    1.273696] .... node  #0, CPUs:    #98
[    1.279052] .... node  #1, CPUs:    #99
[    1.284730] .... node  #0, CPUs:   #100
[    1.290118] .... node  #1, CPUs:   #101
[    1.295632] .... node  #0, CPUs:   #102
[    1.301187] .... node  #1, CPUs:   #103
[    1.306669] .... node  #0, CPUs:   #104
[    1.312031] .... node  #1, CPUs:   #105
[    1.317516] .... node  #0, CPUs:   #106
[    1.323046] .... node  #1, CPUs:   #107
[    1.328715] .... node  #0, CPUs:   #108
[    1.334205] .... node  #1, CPUs:   #109
[    1.339847] .... node  #0, CPUs:   #110
[    1.345586] .... node  #1, CPUs:   #111
[    1.351596] smp: Brought up 2 nodes, 112 CPUs
[    1.351598] smpboot: Max logical packages: 2
[    1.351602] smpboot: Total of 112 processors activated (448083.58 BogoMIPS)
[    1.362125] devtmpfs: initialized
[    1.362125] x86/mm: Memory block size: 2048MB
[    1.362125] ACPI: PM: Registering ACPI NVS region [mem 0x49e77000-0x4ae76fff] (16777216 bytes)
[    1.362125] ACPI: PM: Registering ACPI NVS region [mem 0x6e3ff000-0x6f3fefff] (16777216 bytes)
[    1.363560] clocksource: jiffies: mask: 0xffffffff max_cycles: 0xffffffff, max_idle_ns: 7645041785100000 ns
[    1.363859] futex hash table entries: 32768 (order: 9, 2097152 bytes, vmalloc)
[    1.364108] pinctrl core: initialized pinctrl subsystem
[    1.364258] PM: RTC time: 02:42:46, date: 2024-05-14
[    1.365276] NET: Registered PF_NETLINK/PF_ROUTE protocol family
[    1.366372] DMA: preallocated 4096 KiB GFP_KERNEL pool for atomic allocations
[    1.366884] DMA: preallocated 4096 KiB GFP_KERNEL|GFP_DMA pool for atomic allocations
[    1.367399] DMA: preallocated 4096 KiB GFP_KERNEL|GFP_DMA32 pool for atomic allocations
[    1.367412] audit: initializing netlink subsys (disabled)
[    1.367422] audit: type=2000 audit(1715654565.756:1): state=initialized audit_enabled=0 res=1
[    1.367599] thermal_sys: Registered thermal governor 'fair_share'
[    1.367601] thermal_sys: Registered thermal governor 'bang_bang'
[    1.367602] thermal_sys: Registered thermal governor 'step_wise'
[    1.367602] thermal_sys: Registered thermal governor 'user_space'
[    1.367607] EISA bus registered
[    1.367631] cpuidle: using governor ladder
[    1.367631] cpuidle: using governor menu
[    1.367631] ACPI FADT declares the system doesn't support PCIe ASPM, so disable it
[    1.367631] acpiphp: ACPI Hot Plug PCI Controller Driver version: 0.5
[    1.367671] PCI: MMCONFIG for domain 0000 [bus 00-ff] at [mem 0x80000000-0x8fffffff] (base 0x80000000)
[    1.367677] PCI: MMCONFIG at [mem 0x80000000-0x8fffffff] reserved in E820
[    1.367683] pmd_set_huge: Cannot satisfy [mem 0x80000000-0x80200000] with a huge-page mapping due to MTRR override.
[    1.367884] PCI: Using configuration type 1 for base access
[    1.367894] PCI: Dell System detected, enabling pci=bfsort.
[    1.370038] ENERGY_PERF_BIAS: Set to 'normal', was 'performance'
[    1.372863] kprobes: kprobe jump-optimization is enabled. All kprobes are optimized if possible.
[    1.372868] HugeTLB registered 1.00 GiB page size, pre-allocated 0 pages
[    1.372868] HugeTLB registered 2.00 MiB page size, pre-allocated 0 pages
[    1.375858] fbcon: Taking over console
[    1.375858] ACPI: Added _OSI(Module Device)
[    1.375858] ACPI: Added _OSI(Processor Device)
[    1.375858] ACPI: Added _OSI(3.0 _SCP Extensions)
[    1.375858] ACPI: Added _OSI(Processor Aggregator Device)
[    1.375858] ACPI: Added _OSI(Linux-Dell-Video)
[    1.375858] ACPI: Added _OSI(Linux-Lenovo-NV-HDMI-Audio)
[    1.375858] ACPI: Added _OSI(Linux-HPI-Hybrid-Graphics)
[    1.545899] ACPI: 8 ACPI AML tables successfully acquired and loaded
[    1.552166] ACPI: [Firmware Bug]: BIOS _OSI(Linux) query ignored
[    1.560925] ACPI: Dynamic OEM Table Load:
[    1.974204] ACPI: Interpreter enabled
[    1.974226] ACPI: PM: (supports S0 S5)
[    1.974228] ACPI: Using IOAPIC for interrupt routing
[    1.974313] HEST: Table parsing has been initialized.
[    1.974498] GHES: APEI firmware first mode is enabled by APEI bit and WHEA _OSC.
[    1.974501] PCI: Using host bridge windows from ACPI; if necessary, use "pci=nocrs" and report a bug
[    2.004512] ACPI: Enabled 4 GPEs in block 00 to 7F
[    2.132944] ACPI: PCI Root Bridge [PC00] (domain 0000 [bus 00-15])
[    2.132950] acpi PNP0A08:00: _OSC: OS supports [ExtendedConfig ASPM ClockPM Segments MSI HPX-Type3]
[    2.201769] acpi PNP0A08:00: _OSC: platform does not support [SHPCHotplug AER LTR]
[    2.201997] acpi PNP0A08:00: _OSC: OS now controls [PCIeHotplug PME PCIeCapability]
[    2.201998] acpi PNP0A08:00: FADT indicates ASPM is unsupported, using BIOS configuration
[    2.203883] PCI host bridge to bus 0000:00
[    2.203885] pci_bus 0000:00: root bus resource [io  0x0000-0x0cf7 window]
[    2.203888] pci_bus 0000:00: root bus resource [io  0x1000-0x4fff window]
[    2.203889] pci_bus 0000:00: root bus resource [mem 0x000a0000-0x000bffff window]
[    2.203891] pci_bus 0000:00: root bus resource [mem 0x000c8000-0x000cffff window]
[    2.203892] pci_bus 0000:00: root bus resource [mem 0xfe010000-0xfe010fff window]
[    2.203893] pci_bus 0000:00: root bus resource [mem 0x90000000-0x9b7fffff window]
[    2.203894] pci_bus 0000:00: root bus resource [mem 0x200000000000-0x20ffffffffff window]
[    2.203896] pci_bus 0000:00: root bus resource [bus 00-15]
[    2.203910] pci 0000:00:00.0: [8086:09a2] type 00 class 0x088000
[    2.204012] pci 0000:00:00.1: [8086:09a4] type 00 class 0x088000
[    2.204079] pci 0000:00:00.2: [8086:09a3] type 00 class 0x088000
[    2.204146] pci 0000:00:00.4: [8086:0998] type 00 class 0x060000
[    2.204215] pci 0000:00:02.0: [8086:09a6] type 00 class 0x088000
[    2.204223] pci 0000:00:02.0: reg 0x10: [mem 0x92dfc000-0x92dfdfff]
[    2.204298] pci 0000:00:02.1: [8086:09a7] type 00 class 0x088000
[    2.204306] pci 0000:00:02.1: reg 0x10: [mem 0x92d00000-0x92d7ffff]
[    2.204311] pci 0000:00:02.1: reg 0x14: [mem 0x92c80000-0x92cfffff]
[    2.204387] pci 0000:00:02.4: [8086:3456] type 00 class 0x130000
[    2.204397] pci 0000:00:02.4: reg 0x10: [mem 0x92a00000-0x92afffff 64bit]
[    2.204404] pci 0000:00:02.4: reg 0x18: [mem 0x92df0000-0x92df3fff 64bit]
[    2.204411] pci 0000:00:02.4: reg 0x20: [mem 0x92dc0000-0x92ddffff 64bit]
[    2.204490] pci 0000:00:11.0: [8086:a1ec] type 00 class 0xff0000
[    2.204492] pci 0000:00:11.0: device has non-compliant BARs; disabling IO/MEM decoding
[    2.204582] pci 0000:00:11.5: [8086:a1d2] type 00 class 0x010601
[    2.204595] pci 0000:00:11.5: reg 0x10: [mem 0x92dfa000-0x92dfbfff]
[    2.204603] pci 0000:00:11.5: reg 0x14: [mem 0x92e05000-0x92e050ff]
[    2.204610] pci 0000:00:11.5: reg 0x18: [io  0x2068-0x206f]
[    2.204618] pci 0000:00:11.5: reg 0x1c: [io  0x2074-0x2077]
[    2.204625] pci 0000:00:11.5: reg 0x20: [io  0x2040-0x205f]
[    2.204632] pci 0000:00:11.5: reg 0x24: [mem 0x92b80000-0x92bfffff]
[    2.204670] pci 0000:00:11.5: PME# supported from D3hot
[    2.204885] pci 0000:00:14.0: [8086:a1af] type 00 class 0x0c0330
[    2.204902] pci 0000:00:14.0: reg 0x10: [mem 0x92de0000-0x92deffff 64bit]
[    2.204966] pci 0000:00:14.0: PME# supported from D3hot D3cold
[    2.205196] pci 0000:00:14.2: [8086:a1b1] type 00 class 0x118000
[    2.205213] pci 0000:00:14.2: reg 0x10: [mem 0x92e02000-0x92e02fff 64bit]
[    2.205339] pci 0000:00:16.0: [8086:a1ba] type 00 class 0x078000
[    2.205363] pci 0000:00:16.0: reg 0x10: [mem 0x92e01000-0x92e01fff 64bit]
[    2.205447] pci 0000:00:16.0: PME# supported from D3hot
[    2.205511] pci 0000:00:16.1: [8086:a1bb] type 00 class 0x078000
[    2.205534] pci 0000:00:16.1: reg 0x10: [mem 0x92e00000-0x92e00fff 64bit]
[    2.205618] pci 0000:00:16.1: PME# supported from D3hot
[    2.205684] pci 0000:00:16.4: [8086:a1be] type 00 class 0x078000
[    2.205708] pci 0000:00:16.4: reg 0x10: [mem 0x92dff000-0x92dfffff 64bit]
[    2.205792] pci 0000:00:16.4: PME# supported from D3hot
[    2.205866] pci 0000:00:17.0: [8086:a182] type 00 class 0x010601
[    2.205878] pci 0000:00:17.0: reg 0x10: [mem 0x92df8000-0x92df9fff]
[    2.205886] pci 0000:00:17.0: reg 0x14: [mem 0x92e04000-0x92e040ff]
[    2.205893] pci 0000:00:17.0: reg 0x18: [io  0x2060-0x2067]
[    2.205900] pci 0000:00:17.0: reg 0x1c: [io  0x2070-0x2073]
[    2.205907] pci 0000:00:17.0: reg 0x20: [io  0x2020-0x203f]
[    2.205915] pci 0000:00:17.0: reg 0x24: [mem 0x92b00000-0x92b7ffff]
[    2.205952] pci 0000:00:17.0: PME# supported from D3hot
[    2.206160] pci 0000:00:1c.0: [8086:a190] type 01 class 0x060400
[    2.206235] pci 0000:00:1c.0: PME# supported from D0 D3hot D3cold
[    2.206896] pci 0000:00:1c.4: [8086:a194] type 01 class 0x060400
[    2.206965] pci 0000:00:1c.4: PME# supported from D0 D3hot D3cold
[    2.207668] pci 0000:00:1c.5: [8086:a195] type 01 class 0x060400
[    2.207741] pci 0000:00:1c.5: PME# supported from D0 D3hot D3cold
[    2.208386] pci 0000:00:1f.0: [8086:a1cb] type 00 class 0x060100
[    2.208685] pci 0000:00:1f.2: [8086:a1a1] type 00 class 0x058000
[    2.208700] pci 0000:00:1f.2: reg 0x10: [mem 0x92df4000-0x92df7fff]
[    2.208944] pci 0000:00:1f.4: [8086:a1a3] type 00 class 0x0c0500
[    2.208963] pci 0000:00:1f.4: reg 0x10: [mem 0x92dfe000-0x92dfe0ff 64bit]
[    2.208987] pci 0000:00:1f.4: reg 0x20: [io  0x2000-0x201f]
[    2.209053] pci 0000:00:1f.5: [8086:a1a4] type 00 class 0x0c8000
[    2.209068] pci 0000:00:1f.5: reg 0x10: [mem 0xfe010000-0xfe010fff]
[    2.209200] pci 0000:00:1c.0: PCI bridge to [bus 01]
[    2.209251] pci 0000:02:00.0: [1556:be00] type 01 class 0x060400
[    2.209420] pci 0000:00:1c.4: PCI bridge to [bus 02-03]
[    2.209425] pci 0000:00:1c.4:   bridge window [mem 0x92000000-0x928fffff]
[    2.209429] pci 0000:00:1c.4:   bridge window [mem 0x91000000-0x91ffffff 64bit pref]
[    2.209461] pci_bus 0000:03: extended config space not accessible
[    2.209478] pci 0000:03:00.0: [102b:0536] type 00 class 0x030000
[    2.209497] pci 0000:03:00.0: reg 0x10: [mem 0x91000000-0x91ffffff pref]
[    2.209508] pci 0000:03:00.0: reg 0x14: [mem 0x92808000-0x9280bfff]
[    2.209519] pci 0000:03:00.0: reg 0x18: [mem 0x92000000-0x927fffff]
[    2.209566] pci 0000:03:00.0: BAR 0: assigned to efifb
[    2.209574] pci 0000:03:00.0: Video device with shadowed ROM at [mem 0x000c0000-0x000dffff]
[    2.209676] pci 0000:02:00.0: PCI bridge to [bus 03]
[    2.209685] pci 0000:02:00.0:   bridge window [mem 0x92000000-0x928fffff]
[    2.209691] pci 0000:02:00.0:   bridge window [mem 0x91000000-0x91ffffff 64bit pref]
[    2.209760] pci 0000:04:00.0: [14e4:165f] type 00 class 0x020000
[    2.209784] pci 0000:04:00.0: reg 0x10: [mem 0x92930000-0x9293ffff 64bit pref]
[    2.209800] pci 0000:04:00.0: reg 0x18: [mem 0x92940000-0x9294ffff 64bit pref]
[    2.209816] pci 0000:04:00.0: reg 0x20: [mem 0x92950000-0x9295ffff 64bit pref]
[    2.209827] pci 0000:04:00.0: reg 0x30: [mem 0xfffc0000-0xffffffff pref]
[    2.209921] pci 0000:04:00.0: PME# supported from D0 D3hot D3cold
[    2.209974] pci 0000:04:00.0: 4.000 Gb/s available PCIe bandwidth, limited by 5.0 GT/s PCIe x1 link at 0000:00:1c.5 (capable of 8.000 Gb/s with 5.0 GT/s PCIe x2 link)
[    2.210534] pci 0000:04:00.1: [14e4:165f] type 00 class 0x020000
[    2.210559] pci 0000:04:00.1: reg 0x10: [mem 0x92900000-0x9290ffff 64bit pref]
[    2.210575] pci 0000:04:00.1: reg 0x18: [mem 0x92910000-0x9291ffff 64bit pref]
[    2.210590] pci 0000:04:00.1: reg 0x20: [mem 0x92920000-0x9292ffff 64bit pref]
[    2.210601] pci 0000:04:00.1: reg 0x30: [mem 0xfffc0000-0xffffffff pref]
[    2.210696] pci 0000:04:00.1: PME# supported from D0 D3hot D3cold
[    2.211273] pci 0000:00:1c.5: PCI bridge to [bus 04]
[    2.211281] pci 0000:00:1c.5:   bridge window [mem 0x92900000-0x929fffff 64bit pref]
[    2.211295] pci_bus 0000:00: on NUMA node 0
[    2.211893] ACPI: PCI Root Bridge [PC01] (domain 0000 [bus 16-2f])
[    2.211897] acpi PNP0A08:01: _OSC: OS supports [ExtendedConfig ASPM ClockPM Segments MSI HPX-Type3]
[    2.226692] acpi PNP0A08:01: _OSC: platform does not support [SHPCHotplug AER]
[    2.226910] acpi PNP0A08:01: _OSC: OS now controls [PCIeHotplug PME PCIeCapability LTR]
[    2.226912] acpi PNP0A08:01: FADT indicates ASPM is unsupported, using BIOS configuration
[    2.227045] PCI host bridge to bus 0000:16
[    2.227046] pci_bus 0000:16: root bus resource [io  0x5000-0x6fff window]
[    2.227048] pci_bus 0000:16: root bus resource [mem 0x9b800000-0xa63fffff window]
[    2.227049] pci_bus 0000:16: root bus resource [mem 0x210000000000-0x21ffffffffff window]
[    2.227051] pci_bus 0000:16: root bus resource [bus 16-2f]
[    2.227061] pci 0000:16:00.0: [8086:09a2] type 00 class 0x088000
[    2.227132] pci 0000:16:00.1: [8086:09a4] type 00 class 0x088000
[    2.227195] pci 0000:16:00.2: [8086:09a3] type 00 class 0x088000
[    2.227258] pci 0000:16:00.4: [8086:0998] type 00 class 0x060000
[    2.227333] pci 0000:16:02.0: [8086:347a] type 01 class 0x060400
[    2.227343] pci 0000:16:02.0: reg 0x10: [mem 0x21fffff00000-0x21fffff1ffff 64bit]
[    2.227381] pci 0000:16:02.0: PME# supported from D0 D3hot D3cold
[    2.228341] pci 0000:17:00.0: [1000:10e2] type 00 class 0x010400
[    2.228354] pci 0000:17:00.0: reg 0x10: [mem 0x9b800000-0x9b8fffff 64bit pref]
[    2.228363] pci 0000:17:00.0: reg 0x18: [mem 0x9b900000-0x9b9fffff 64bit pref]
[    2.228369] pci 0000:17:00.0: reg 0x20: [mem 0x9ba00000-0x9bafffff]
[    2.228375] pci 0000:17:00.0: reg 0x24: [io  0x5000-0x50ff]
[    2.228380] pci 0000:17:00.0: reg 0x30: [mem 0xfff00000-0xffffffff pref]
[    2.229499] pci 0000:17:00.0: supports D1 D2
[    2.229567] pci 0000:16:02.0: PCI bridge to [bus 17]
[    2.229569] pci 0000:16:02.0:   bridge window [io  0x5000-0x5fff]
[    2.229571] pci 0000:16:02.0:   bridge window [mem 0x9ba00000-0x9bafffff]
[    2.229574] pci 0000:16:02.0:   bridge window [mem 0x9b800000-0x9b9fffff 64bit pref]
[    2.229580] pci_bus 0000:16: on NUMA node 0
[    2.229659] ACPI: PCI Root Bridge [PC02] (domain 0000 [bus 30-49])
[    2.229662] acpi PNP0A08:02: _OSC: OS supports [ExtendedConfig ASPM ClockPM Segments MSI HPX-Type3]
[    2.244111] acpi PNP0A08:02: _OSC: platform does not support [SHPCHotplug AER]
[    2.244326] acpi PNP0A08:02: _OSC: OS now controls [PCIeHotplug PME PCIeCapability LTR]
[    2.244327] acpi PNP0A08:02: FADT indicates ASPM is unsupported, using BIOS configuration
[    2.244450] PCI host bridge to bus 0000:30
[    2.244451] pci_bus 0000:30: root bus resource [io  0x7000-0x8fff window]
[    2.244453] pci_bus 0000:30: root bus resource [mem 0xa6400000-0xb0ffffff window]
[    2.244455] pci_bus 0000:30: root bus resource [mem 0x220000000000-0x22ffffffffff window]
[    2.244457] pci_bus 0000:30: root bus resource [bus 30-49]
[    2.244467] pci 0000:30:00.0: [8086:09a2] type 00 class 0x088000
[    2.244534] pci 0000:30:00.1: [8086:09a4] type 00 class 0x088000
[    2.244595] pci 0000:30:00.2: [8086:09a3] type 00 class 0x088000
[    2.244657] pci 0000:30:00.4: [8086:0998] type 00 class 0x060000
[    2.244727] pci_bus 0000:30: on NUMA node 0
[    2.244831] ACPI: PCI Root Bridge [PC04] (domain 0000 [bus 4a-63])
[    2.244834] acpi PNP0A08:04: _OSC: OS supports [ExtendedConfig ASPM ClockPM Segments MSI HPX-Type3]
[    2.259260] acpi PNP0A08:04: _OSC: platform does not support [SHPCHotplug AER]
[    2.259472] acpi PNP0A08:04: _OSC: OS now controls [PCIeHotplug PME PCIeCapability LTR]
[    2.259473] acpi PNP0A08:04: FADT indicates ASPM is unsupported, using BIOS configuration
[    2.259595] PCI host bridge to bus 0000:4a
[    2.259596] pci_bus 0000:4a: root bus resource [io  0x9000-0x9fff window]
[    2.259598] pci_bus 0000:4a: root bus resource [mem 0xb1000000-0xbbbfffff window]
[    2.259599] pci_bus 0000:4a: root bus resource [mem 0x230000000000-0x23ffffffffff window]
[    2.259600] pci_bus 0000:4a: root bus resource [bus 4a-63]
[    2.259609] pci 0000:4a:00.0: [8086:09a2] type 00 class 0x088000
[    2.259673] pci 0000:4a:00.1: [8086:09a4] type 00 class 0x088000
[    2.259742] pci 0000:4a:00.2: [8086:09a3] type 00 class 0x088000
[    2.259804] pci 0000:4a:00.4: [8086:0998] type 00 class 0x060000
[    2.259873] pci_bus 0000:4a: on NUMA node 0
[    2.259948] ACPI: PCI Root Bridge [PC05] (domain 0000 [bus 64-7d])
[    2.259951] acpi PNP0A08:05: _OSC: OS supports [ExtendedConfig ASPM ClockPM Segments MSI HPX-Type3]
[    2.274376] acpi PNP0A08:05: _OSC: platform does not support [SHPCHotplug AER]
[    2.274587] acpi PNP0A08:05: _OSC: OS now controls [PCIeHotplug PME PCIeCapability LTR]
[    2.274588] acpi PNP0A08:05: FADT indicates ASPM is unsupported, using BIOS configuration
[    2.274715] PCI host bridge to bus 0000:64
[    2.274716] pci_bus 0000:64: root bus resource [io  0xa000-0xafff window]
[    2.274718] pci_bus 0000:64: root bus resource [mem 0xbbc00000-0xc5ffffff window]
[    2.274719] pci_bus 0000:64: root bus resource [mem 0x240000000000-0x24ffffffffff window]
[    2.274720] pci_bus 0000:64: root bus resource [bus 64-7d]
[    2.274729] pci 0000:64:00.0: [8086:09a2] type 00 class 0x088000
[    2.274794] pci 0000:64:00.1: [8086:09a4] type 00 class 0x088000
[    2.274855] pci 0000:64:00.2: [8086:09a3] type 00 class 0x088000
[    2.274917] pci 0000:64:00.4: [8086:0998] type 00 class 0x060000
[    2.274986] pci_bus 0000:64: on NUMA node 0
[    2.275053] ACPI: PCI Root Bridge [UC06] (domain 0000 [bus 7e])
[    2.275056] acpi PNP0A03:00: _OSC: OS supports [ExtendedConfig ASPM ClockPM Segments MSI HPX-Type3]
[    2.275154] acpi PNP0A03:00: _OSC: platform does not support [SHPCHotplug AER LTR]
[    2.275334] acpi PNP0A03:00: _OSC: OS now controls [PCIeHotplug PME PCIeCapability]
[    2.275335] acpi PNP0A03:00: FADT indicates ASPM is unsupported, using BIOS configuration
[    2.275469] PCI host bridge to bus 0000:7e
[    2.275471] pci_bus 0000:7e: root bus resource [bus 7e]
[    2.275479] pci 0000:7e:00.0: [8086:3450] type 00 class 0x088000
[    2.275552] pci 0000:7e:00.1: [8086:3451] type 00 class 0x088000
[    2.275610] pci 0000:7e:00.2: [8086:3452] type 00 class 0x088000
[    2.275682] pci 0000:7e:00.3: [8086:0998] type 00 class 0x060000
[    2.275739] pci 0000:7e:00.5: [8086:3455] type 00 class 0x088000
[    2.275801] pci 0000:7e:02.0: [8086:3440] type 00 class 0x088000
[    2.275928] pci 0000:7e:02.1: [8086:3441] type 00 class 0x088000
[    2.276036] pci 0000:7e:02.2: [8086:3442] type 00 class 0x088000
[    2.276143] pci 0000:7e:03.0: [8086:3440] type 00 class 0x088000
[    2.276235] pci 0000:7e:03.1: [8086:3441] type 00 class 0x088000
[    2.276313] pci 0000:7e:03.2: [8086:3442] type 00 class 0x088000
[    2.276394] pci 0000:7e:04.0: [8086:3440] type 00 class 0x088000
[    2.276513] pci 0000:7e:04.1: [8086:3441] type 00 class 0x088000
[    2.276628] pci 0000:7e:04.2: [8086:3442] type 00 class 0x088000
[    2.276743] pci 0000:7e:04.3: [8086:3443] type 00 class 0x088000
[    2.276861] pci 0000:7e:05.0: [8086:3445] type 00 class 0x088000
[    2.276986] pci 0000:7e:05.1: [8086:3446] type 00 class 0x088000
[    2.277097] pci 0000:7e:05.2: [8086:3447] type 00 class 0x088000
[    2.277211] pci 0000:7e:06.0: [8086:3445] type 00 class 0x088000
[    2.277307] pci 0000:7e:06.1: [8086:3446] type 00 class 0x088000
[    2.277385] pci 0000:7e:06.2: [8086:3447] type 00 class 0x088000
[    2.277469] pci 0000:7e:07.0: [8086:3445] type 00 class 0x088000
[    2.277602] pci 0000:7e:07.1: [8086:3446] type 00 class 0x088000
[    2.277720] pci 0000:7e:07.2: [8086:3447] type 00 class 0x088000
[    2.277836] pci 0000:7e:0b.0: [8086:3448] type 00 class 0x088000
[    2.277914] pci 0000:7e:0b.1: [8086:3448] type 00 class 0x088000
[    2.277982] pci 0000:7e:0b.2: [8086:344b] type 00 class 0x088000
[    2.278050] pci 0000:7e:0c.0: [8086:344a] type 00 class 0x110100
[    2.278152] pci 0000:7e:0d.0: [8086:344a] type 00 class 0x110100
[    2.278253] pci 0000:7e:0e.0: [8086:344a] type 00 class 0x110100
[    2.278396] pci 0000:7e:0f.0: [8086:344a] type 00 class 0x110100
[    2.278551] pci 0000:7e:1a.0: [8086:2880] type 00 class 0x110100
[    2.278650] pci 0000:7e:1b.0: [8086:2880] type 00 class 0x110100
[    2.278748] pci 0000:7e:1c.0: [8086:2880] type 00 class 0x110100
[    2.278904] pci 0000:7e:1d.0: [8086:2880] type 00 class 0x110100
[    2.279050] pci_bus 0000:7e: on NUMA node 0
[    2.279135] ACPI: PCI Root Bridge [UC07] (domain 0000 [bus 7f])
[    2.279138] acpi PNP0A03:01: _OSC: OS supports [ExtendedConfig ASPM ClockPM Segments MSI HPX-Type3]
[    2.279238] acpi PNP0A03:01: _OSC: platform does not support [SHPCHotplug AER LTR]
[    2.279419] acpi PNP0A03:01: _OSC: OS now controls [PCIeHotplug PME PCIeCapability]
[    2.279420] acpi PNP0A03:01: FADT indicates ASPM is unsupported, using BIOS configuration
[    2.279566] PCI host bridge to bus 0000:7f
[    2.279567] pci_bus 0000:7f: root bus resource [bus 7f]
[    2.279580] pci 0000:7f:00.0: [8086:344c] type 00 class 0x088000
[    2.279695] pci 0000:7f:00.1: [8086:344c] type 00 class 0x088000
[    2.279805] pci 0000:7f:00.2: [8086:344c] type 00 class 0x088000
[    2.279916] pci 0000:7f:00.3: [8086:344c] type 00 class 0x088000
[    2.280005] pci 0000:7f:00.4: [8086:344c] type 00 class 0x088000
[    2.280125] pci 0000:7f:00.5: [8086:344c] type 00 class 0x088000
[    2.280241] pci 0000:7f:00.6: [8086:344c] type 00 class 0x088000
[    2.280326] pci 0000:7f:00.7: [8086:344c] type 00 class 0x088000
[    2.280408] pci 0000:7f:01.0: [8086:344c] type 00 class 0x088000
[    2.280550] pci 0000:7f:01.1: [8086:344c] type 00 class 0x088000
[    2.280668] pci 0000:7f:01.2: [8086:344c] type 00 class 0x088000
[    2.280748] pci 0000:7f:01.3: [8086:344c] type 00 class 0x088000
[    2.280879] pci 0000:7f:01.4: [8086:344c] type 00 class 0x088000
[    2.281011] pci 0000:7f:01.5: [8086:344c] type 00 class 0x088000
[    2.281146] pci 0000:7f:01.6: [8086:344c] type 00 class 0x088000
[    2.281269] pci 0000:7f:01.7: [8086:344c] type 00 class 0x088000
[    2.281397] pci 0000:7f:02.0: [8086:344c] type 00 class 0x088000
[    2.281540] pci 0000:7f:02.1: [8086:344c] type 00 class 0x088000
[    2.281671] pci 0000:7f:02.2: [8086:344c] type 00 class 0x088000
[    2.281802] pci 0000:7f:02.3: [8086:344c] type 00 class 0x088000
[    2.281940] pci 0000:7f:02.4: [8086:344c] type 00 class 0x088000
[    2.282076] pci 0000:7f:02.5: [8086:344c] type 00 class 0x088000
[    2.282213] pci 0000:7f:02.6: [8086:344c] type 00 class 0x088000
[    2.282364] pci 0000:7f:02.7: [8086:344c] type 00 class 0x088000
[    2.282512] pci 0000:7f:03.0: [8086:344c] type 00 class 0x088000
[    2.282669] pci 0000:7f:03.1: [8086:344c] type 00 class 0x088000
[    2.282820] pci 0000:7f:03.2: [8086:344c] type 00 class 0x088000
[    2.282969] pci 0000:7f:03.3: [8086:344c] type 00 class 0x088000
[    2.283128] pci 0000:7f:0a.0: [8086:344d] type 00 class 0x088000
[    2.283240] pci 0000:7f:0a.1: [8086:344d] type 00 class 0x088000
[    2.283350] pci 0000:7f:0a.2: [8086:344d] type 00 class 0x088000
[    2.283464] pci 0000:7f:0a.3: [8086:344d] type 00 class 0x088000
[    2.283553] pci 0000:7f:0a.4: [8086:344d] type 00 class 0x088000
[    2.283678] pci 0000:7f:0a.5: [8086:344d] type 00 class 0x088000
[    2.283794] pci 0000:7f:0a.6: [8086:344d] type 00 class 0x088000
[    2.283871] pci 0000:7f:0a.7: [8086:344d] type 00 class 0x088000
[    2.283953] pci 0000:7f:0b.0: [8086:344d] type 00 class 0x088000
[    2.284095] pci 0000:7f:0b.1: [8086:344d] type 00 class 0x088000
[    2.284214] pci 0000:7f:0b.2: [8086:344d] type 00 class 0x088000
[    2.284297] pci 0000:7f:0b.3: [8086:344d] type 00 class 0x088000
[    2.284428] pci 0000:7f:0b.4: [8086:344d] type 00 class 0x088000
[    2.284559] pci 0000:7f:0b.5: [8086:344d] type 00 class 0x088000
[    2.284696] pci 0000:7f:0b.6: [8086:344d] type 00 class 0x088000
[    2.284816] pci 0000:7f:0b.7: [8086:344d] type 00 class 0x088000
[    2.284943] pci 0000:7f:0c.0: [8086:344d] type 00 class 0x088000
[    2.285091] pci 0000:7f:0c.1: [8086:344d] type 00 class 0x088000
[    2.285222] pci 0000:7f:0c.2: [8086:344d] type 00 class 0x088000
[    2.285359] pci 0000:7f:0c.3: [8086:344d] type 00 class 0x088000
[    2.285497] pci 0000:7f:0c.4: [8086:344d] type 00 class 0x088000
[    2.285634] pci 0000:7f:0c.5: [8086:344d] type 00 class 0x088000
[    2.285772] pci 0000:7f:0c.6: [8086:344d] type 00 class 0x088000
[    2.285917] pci 0000:7f:0c.7: [8086:344d] type 00 class 0x088000
[    2.286064] pci 0000:7f:0d.0: [8086:344d] type 00 class 0x088000
[    2.286231] pci 0000:7f:0d.1: [8086:344d] type 00 class 0x088000
[    2.286383] pci 0000:7f:0d.2: [8086:344d] type 00 class 0x088000
[    2.286537] pci 0000:7f:0d.3: [8086:344d] type 00 class 0x088000
[    2.286707] pci 0000:7f:1d.0: [8086:344f] type 00 class 0x088000
[    2.286830] pci 0000:7f:1d.1: [8086:3457] type 00 class 0x088000
[    2.286935] pci 0000:7f:1e.0: [8086:3458] type 00 class 0x088000
[    2.287014] pci 0000:7f:1e.1: [8086:3459] type 00 class 0x088000
[    2.287076] pci 0000:7f:1e.2: [8086:345a] type 00 class 0x088000
[    2.287140] pci 0000:7f:1e.3: [8086:345b] type 00 class 0x088000
[    2.287201] pci 0000:7f:1e.4: [8086:345c] type 00 class 0x088000
[    2.287267] pci 0000:7f:1e.5: [8086:345d] type 00 class 0x088000
[    2.287328] pci 0000:7f:1e.6: [8086:345e] type 00 class 0x088000
[    2.287389] pci 0000:7f:1e.7: [8086:345f] type 00 class 0x088000
[    2.287448] pci_bus 0000:7f: on NUMA node 0
[    2.287553] ACPI: PCI Root Bridge [PC06] (domain 0000 [bus 80])
[    2.287556] acpi PNP0A08:06: _OSC: OS supports [ExtendedConfig ASPM ClockPM Segments MSI HPX-Type3]
[    2.301971] acpi PNP0A08:06: _OSC: platform does not support [SHPCHotplug AER]
[    2.302184] acpi PNP0A08:06: _OSC: OS now controls [PCIeHotplug PME PCIeCapability LTR]
[    2.302185] acpi PNP0A08:06: FADT indicates ASPM is unsupported, using BIOS configuration
[    2.302334] PCI host bridge to bus 0000:80
[    2.302335] pci_bus 0000:80: root bus resource [io  0xb000-0xbfff window]
[    2.302336] pci_bus 0000:80: root bus resource [mem 0xc6800000-0xd0ffffff window]
[    2.302338] pci_bus 0000:80: root bus resource [mem 0x250000000000-0x25ffffffffff window]
[    2.302339] pci_bus 0000:80: root bus resource [bus 80]
[    2.302349] pci 0000:80:00.0: [8086:09a2] type 00 class 0x088000
[    2.302437] pci 0000:80:00.1: [8086:09a4] type 00 class 0x088000
[    2.302507] pci 0000:80:00.2: [8086:09a3] type 00 class 0x088000
[    2.302578] pci 0000:80:00.4: [8086:0998] type 00 class 0x060000
[    2.302649] pci 0000:80:02.0: [8086:09a6] type 00 class 0x088000
[    2.302658] pci 0000:80:02.0: reg 0x10: [mem 0xc6aa4000-0xc6aa5fff]
[    2.302722] pci 0000:80:02.1: [8086:09a7] type 00 class 0x088000
[    2.302730] pci 0000:80:02.1: reg 0x10: [mem 0xc6a00000-0xc6a7ffff]
[    2.302736] pci 0000:80:02.1: reg 0x14: [mem 0xc6980000-0xc69fffff]
[    2.302792] pci 0000:80:02.4: [8086:3456] type 00 class 0x130000
[    2.302803] pci 0000:80:02.4: reg 0x10: [mem 0xc6800000-0xc68fffff 64bit]
[    2.302810] pci 0000:80:02.4: reg 0x18: [mem 0xc6aa0000-0xc6aa3fff 64bit]
[    2.302818] pci 0000:80:02.4: reg 0x20: [mem 0xc6a80000-0xc6a9ffff 64bit]
[    2.302884] pci_bus 0000:80: on NUMA node 1
[    2.302966] ACPI: PCI Root Bridge [PC07] (domain 0000 [bus 81])
[    2.302969] acpi PNP0A08:07: _OSC: OS supports [ExtendedConfig ASPM ClockPM Segments MSI HPX-Type3]
[    2.317432] acpi PNP0A08:07: _OSC: platform does not support [SHPCHotplug AER]
[    2.317644] acpi PNP0A08:07: _OSC: OS now controls [PCIeHotplug PME PCIeCapability LTR]
[    2.317645] acpi PNP0A08:07: FADT indicates ASPM is unsupported, using BIOS configuration
[    2.317765] PCI host bridge to bus 0000:81
[    2.317766] pci_bus 0000:81: root bus resource [io  0xc000-0xcfff window]
[    2.317767] pci_bus 0000:81: root bus resource [mem 0xd1000000-0xdbbfffff window]
[    2.317769] pci_bus 0000:81: root bus resource [mem 0x260000000000-0x26ffffffffff window]
[    2.317770] pci_bus 0000:81: root bus resource [bus 81]
[    2.317780] pci 0000:81:00.0: [8086:09a2] type 00 class 0x088000
[    2.317849] pci 0000:81:00.1: [8086:09a4] type 00 class 0x088000
[    2.317916] pci 0000:81:00.2: [8086:09a3] type 00 class 0x088000
[    2.317985] pci 0000:81:00.4: [8086:0998] type 00 class 0x060000
[    2.318062] pci_bus 0000:81: on NUMA node 1
[    2.318136] ACPI: PCI Root Bridge [PC08] (domain 0000 [bus 82])
[    2.318139] acpi PNP0A08:08: _OSC: OS supports [ExtendedConfig ASPM ClockPM Segments MSI HPX-Type3]
[    2.332545] acpi PNP0A08:08: _OSC: platform does not support [SHPCHotplug AER]
[    2.332756] acpi PNP0A08:08: _OSC: OS now controls [PCIeHotplug PME PCIeCapability LTR]
[    2.332757] acpi PNP0A08:08: FADT indicates ASPM is unsupported, using BIOS configuration
[    2.332874] PCI host bridge to bus 0000:82
[    2.332875] pci_bus 0000:82: root bus resource [io  0xd000-0xdfff window]
[    2.332877] pci_bus 0000:82: root bus resource [mem 0xdbc00000-0xe67fffff window]
[    2.332878] pci_bus 0000:82: root bus resource [mem 0x270000000000-0x27ffffffffff window]
[    2.332879] pci_bus 0000:82: root bus resource [bus 82]
[    2.332889] pci 0000:82:00.0: [8086:09a2] type 00 class 0x088000
[    2.332959] pci 0000:82:00.1: [8086:09a4] type 00 class 0x088000
[    2.333031] pci 0000:82:00.2: [8086:09a3] type 00 class 0x088000
[    2.333101] pci 0000:82:00.4: [8086:0998] type 00 class 0x060000
[    2.333178] pci_bus 0000:82: on NUMA node 1
[    2.333283] ACPI: PCI Root Bridge [PC10] (domain 0000 [bus 83-f9])
[    2.333285] acpi PNP0A08:0a: _OSC: OS supports [ExtendedConfig ASPM ClockPM Segments MSI HPX-Type3]
[    2.347706] acpi PNP0A08:0a: _OSC: platform does not support [SHPCHotplug AER]
[    2.347923] acpi PNP0A08:0a: _OSC: OS now controls [PCIeHotplug PME PCIeCapability LTR]
[    2.347924] acpi PNP0A08:0a: FADT indicates ASPM is unsupported, using BIOS configuration
[    2.348052] PCI host bridge to bus 0000:83
[    2.348053] pci_bus 0000:83: root bus resource [io  0xe000-0xefff window]
[    2.348055] pci_bus 0000:83: root bus resource [mem 0xe6800000-0xf13fffff window]
[    2.348056] pci_bus 0000:83: root bus resource [mem 0x280000000000-0x28ffffffffff window]
[    2.348057] pci_bus 0000:83: root bus resource [bus 83-f9]
[    2.348067] pci 0000:83:00.0: [8086:09a2] type 00 class 0x088000
[    2.348138] pci 0000:83:00.1: [8086:09a4] type 00 class 0x088000
[    2.348205] pci 0000:83:00.2: [8086:09a3] type 00 class 0x088000
[    2.348275] pci 0000:83:00.4: [8086:0998] type 00 class 0x060000
[    2.348352] pci_bus 0000:83: on NUMA node 1
[    2.348427] ACPI: PCI Root Bridge [PC11] (domain 0000 [bus fa])
[    2.348430] acpi PNP0A08:0b: _OSC: OS supports [ExtendedConfig ASPM ClockPM Segments MSI HPX-Type3]
[    2.362857] acpi PNP0A08:0b: _OSC: platform does not support [SHPCHotplug AER]
[    2.363068] acpi PNP0A08:0b: _OSC: OS now controls [PCIeHotplug PME PCIeCapability LTR]
[    2.363069] acpi PNP0A08:0b: FADT indicates ASPM is unsupported, using BIOS configuration
[    2.363185] PCI host bridge to bus 0000:fa
[    2.363186] pci_bus 0000:fa: root bus resource [io  0xf000-0xffff window]
[    2.363187] pci_bus 0000:fa: root bus resource [mem 0xf1400000-0xfb7fffff window]
[    2.363188] pci_bus 0000:fa: root bus resource [mem 0x290000000000-0x29ffffffffff window]
[    2.363190] pci_bus 0000:fa: root bus resource [bus fa]
[    2.363200] pci 0000:fa:00.0: [8086:09a2] type 00 class 0x088000
[    2.363269] pci 0000:fa:00.1: [8086:09a4] type 00 class 0x088000
[    2.363343] pci 0000:fa:00.2: [8086:09a3] type 00 class 0x088000
[    2.363413] pci 0000:fa:00.4: [8086:0998] type 00 class 0x060000
[    2.363492] pci_bus 0000:fa: on NUMA node 1
[    2.363560] ACPI: PCI Root Bridge [UC16] (domain 0000 [bus fe])
[    2.363562] acpi PNP0A03:02: _OSC: OS supports [ExtendedConfig ASPM ClockPM Segments MSI HPX-Type3]
[    2.363660] acpi PNP0A03:02: _OSC: platform does not support [SHPCHotplug AER LTR]
[    2.363841] acpi PNP0A03:02: _OSC: OS now controls [PCIeHotplug PME PCIeCapability]
[    2.363842] acpi PNP0A03:02: FADT indicates ASPM is unsupported, using BIOS configuration
[    2.363973] PCI host bridge to bus 0000:fe
[    2.363974] pci_bus 0000:fe: root bus resource [bus fe]
[    2.363983] pci 0000:fe:00.0: [8086:3450] type 00 class 0x088000
[    2.364058] pci 0000:fe:00.1: [8086:3451] type 00 class 0x088000
[    2.364118] pci 0000:fe:00.2: [8086:3452] type 00 class 0x088000
[    2.364176] pci 0000:fe:00.3: [8086:0998] type 00 class 0x060000
[    2.364236] pci 0000:fe:00.5: [8086:3455] type 00 class 0x088000
[    2.364303] pci 0000:fe:02.0: [8086:3440] type 00 class 0x088000
[    2.364442] pci 0000:fe:02.1: [8086:3441] type 00 class 0x088000
[    2.364555] pci 0000:fe:02.2: [8086:3442] type 00 class 0x088000
[    2.364666] pci 0000:fe:03.0: [8086:3440] type 00 class 0x088000
[    2.364765] pci 0000:fe:03.1: [8086:3441] type 00 class 0x088000
[    2.364844] pci 0000:fe:03.2: [8086:3442] type 00 class 0x088000
[    2.364930] pci 0000:fe:04.0: [8086:3440] type 00 class 0x088000
[    2.365056] pci 0000:fe:04.1: [8086:3441] type 00 class 0x088000
[    2.365178] pci 0000:fe:04.2: [8086:3442] type 00 class 0x088000
[    2.365303] pci 0000:fe:04.3: [8086:3443] type 00 class 0x088000
[    2.365434] pci 0000:fe:05.0: [8086:3445] type 00 class 0x088000
[    2.365565] pci 0000:fe:05.1: [8086:3446] type 00 class 0x088000
[    2.365681] pci 0000:fe:05.2: [8086:3447] type 00 class 0x088000
[    2.365796] pci 0000:fe:06.0: [8086:3445] type 00 class 0x088000
[    2.365893] pci 0000:fe:06.1: [8086:3446] type 00 class 0x088000
[    2.365974] pci 0000:fe:06.2: [8086:3447] type 00 class 0x088000
[    2.366065] pci 0000:fe:07.0: [8086:3445] type 00 class 0x088000
[    2.366211] pci 0000:fe:07.1: [8086:3446] type 00 class 0x088000
[    2.366334] pci 0000:fe:07.2: [8086:3447] type 00 class 0x088000
[    2.366454] pci 0000:fe:0b.0: [8086:3448] type 00 class 0x088000
[    2.366534] pci 0000:fe:0b.1: [8086:3448] type 00 class 0x088000
[    2.366599] pci 0000:fe:0b.2: [8086:344b] type 00 class 0x088000
[    2.366672] pci 0000:fe:0c.0: [8086:344a] type 00 class 0x110100
[    2.366779] pci 0000:fe:0d.0: [8086:344a] type 00 class 0x110100
[    2.366885] pci 0000:fe:0e.0: [8086:344a] type 00 class 0x110100
[    2.367040] pci 0000:fe:0f.0: [8086:344a] type 00 class 0x110100
[    2.367200] pci 0000:fe:1a.0: [8086:2880] type 00 class 0x110100
[    2.367306] pci 0000:fe:1b.0: [8086:2880] type 00 class 0x110100
[    2.367409] pci 0000:fe:1c.0: [8086:2880] type 00 class 0x110100
[    2.367564] pci 0000:fe:1d.0: [8086:2880] type 00 class 0x110100
[    2.367718] pci_bus 0000:fe: on NUMA node 1
[    2.367804] ACPI: PCI Root Bridge [UC17] (domain 0000 [bus ff])
[    2.367807] acpi PNP0A03:03: _OSC: OS supports [ExtendedConfig ASPM ClockPM Segments MSI HPX-Type3]
[    2.367906] acpi PNP0A03:03: _OSC: platform does not support [SHPCHotplug AER LTR]
[    2.368084] acpi PNP0A03:03: _OSC: OS now controls [PCIeHotplug PME PCIeCapability]
[    2.368086] acpi PNP0A03:03: FADT indicates ASPM is unsupported, using BIOS configuration
[    2.368234] PCI host bridge to bus 0000:ff
[    2.368235] pci_bus 0000:ff: root bus resource [bus ff]
[    2.368249] pci 0000:ff:00.0: [8086:344c] type 00 class 0x088000
[    2.368369] pci 0000:ff:00.1: [8086:344c] type 00 class 0x088000
[    2.368483] pci 0000:ff:00.2: [8086:344c] type 00 class 0x088000
[    2.368585] pci 0000:ff:00.3: [8086:344c] type 00 class 0x088000
[    2.368705] pci 0000:ff:00.4: [8086:344c] type 00 class 0x088000
[    2.368822] pci 0000:ff:00.5: [8086:344c] type 00 class 0x088000
[    2.368916] pci 0000:ff:00.6: [8086:344c] type 00 class 0x088000
[    2.369041] pci 0000:ff:00.7: [8086:344c] type 00 class 0x088000
[    2.369168] pci 0000:ff:01.0: [8086:344c] type 00 class 0x088000
[    2.369314] pci 0000:ff:01.1: [8086:344c] type 00 class 0x088000
[    2.369438] pci 0000:ff:01.2: [8086:344c] type 00 class 0x088000
[    2.369528] pci 0000:ff:01.3: [8086:344c] type 00 class 0x088000
[    2.369664] pci 0000:ff:01.4: [8086:344c] type 00 class 0x088000
[    2.369801] pci 0000:ff:01.5: [8086:344c] type 00 class 0x088000
[    2.369941] pci 0000:ff:01.6: [8086:344c] type 00 class 0x088000
[    2.370067] pci 0000:ff:01.7: [8086:344c] type 00 class 0x088000
[    2.370201] pci 0000:ff:02.0: [8086:344c] type 00 class 0x088000
[    2.370356] pci 0000:ff:02.1: [8086:344c] type 00 class 0x088000
[    2.370487] pci 0000:ff:02.2: [8086:344c] type 00 class 0x088000
[    2.370632] pci 0000:ff:02.3: [8086:344c] type 00 class 0x088000
[    2.370767] pci 0000:ff:02.4: [8086:344c] type 00 class 0x088000
[    2.370904] pci 0000:ff:02.5: [8086:344c] type 00 class 0x088000
[    2.371049] pci 0000:ff:02.6: [8086:344c] type 00 class 0x088000
[    2.371191] pci 0000:ff:02.7: [8086:344c] type 00 class 0x088000
[    2.371342] pci 0000:ff:03.0: [8086:344c] type 00 class 0x088000
[    2.371509] pci 0000:ff:03.1: [8086:344c] type 00 class 0x088000
[    2.371656] pci 0000:ff:03.2: [8086:344c] type 00 class 0x088000
[    2.371822] pci 0000:ff:03.3: [8086:344c] type 00 class 0x088000
[    2.371985] pci 0000:ff:0a.0: [8086:344d] type 00 class 0x088000
[    2.372103] pci 0000:ff:0a.1: [8086:344d] type 00 class 0x088000
[    2.372215] pci 0000:ff:0a.2: [8086:344d] type 00 class 0x088000
[    2.372313] pci 0000:ff:0a.3: [8086:344d] type 00 class 0x088000
[    2.372432] pci 0000:ff:0a.4: [8086:344d] type 00 class 0x088000
[    2.372549] pci 0000:ff:0a.5: [8086:344d] type 00 class 0x088000
[    2.372643] pci 0000:ff:0a.6: [8086:344d] type 00 class 0x088000
[    2.372775] pci 0000:ff:0a.7: [8086:344d] type 00 class 0x088000
[    2.372902] pci 0000:ff:0b.0: [8086:344d] type 00 class 0x088000
[    2.373050] pci 0000:ff:0b.1: [8086:344d] type 00 class 0x088000
[    2.373174] pci 0000:ff:0b.2: [8086:344d] type 00 class 0x088000
[    2.373258] pci 0000:ff:0b.3: [8086:344d] type 00 class 0x088000
[    2.373395] pci 0000:ff:0b.4: [8086:344d] type 00 class 0x088000
[    2.373531] pci 0000:ff:0b.5: [8086:344d] type 00 class 0x088000
[    2.373672] pci 0000:ff:0b.6: [8086:344d] type 00 class 0x088000
[    2.373803] pci 0000:ff:0b.7: [8086:344d] type 00 class 0x088000
[    2.373935] pci 0000:ff:0c.0: [8086:344d] type 00 class 0x088000
[    2.374083] pci 0000:ff:0c.1: [8086:344d] type 00 class 0x088000
[    2.374214] pci 0000:ff:0c.2: [8086:344d] type 00 class 0x088000
[    2.374352] pci 0000:ff:0c.3: [8086:344d] type 00 class 0x088000
[    2.374489] pci 0000:ff:0c.4: [8086:344d] type 00 class 0x088000
[    2.374625] pci 0000:ff:0c.5: [8086:344d] type 00 class 0x088000
[    2.374769] pci 0000:ff:0c.6: [8086:344d] type 00 class 0x088000
[    2.374915] pci 0000:ff:0c.7: [8086:344d] type 00 class 0x088000
[    2.375067] pci 0000:ff:0d.0: [8086:344d] type 00 class 0x088000
[    2.375234] pci 0000:ff:0d.1: [8086:344d] type 00 class 0x088000
[    2.375388] pci 0000:ff:0d.2: [8086:344d] type 00 class 0x088000
[    2.375549] pci 0000:ff:0d.3: [8086:344d] type 00 class 0x088000
[    2.375723] pci 0000:ff:1d.0: [8086:344f] type 00 class 0x088000
[    2.375852] pci 0000:ff:1d.1: [8086:3457] type 00 class 0x088000
[    2.375964] pci 0000:ff:1e.0: [8086:3458] type 00 class 0x088000
[    2.376048] pci 0000:ff:1e.1: [8086:3459] type 00 class 0x088000
[    2.376114] pci 0000:ff:1e.2: [8086:345a] type 00 class 0x088000
[    2.376178] pci 0000:ff:1e.3: [8086:345b] type 00 class 0x088000
[    2.376241] pci 0000:ff:1e.4: [8086:345c] type 00 class 0x088000
[    2.376305] pci 0000:ff:1e.5: [8086:345d] type 00 class 0x088000
[    2.376369] pci 0000:ff:1e.6: [8086:345e] type 00 class 0x088000
[    2.376434] pci 0000:ff:1e.7: [8086:345f] type 00 class 0x088000
[    2.376496] pci_bus 0000:ff: on NUMA node 1
[    2.379542] iommu: Default domain type: Translated 
[    2.379542] iommu: DMA domain TLB invalidation policy: lazy mode 
[    2.379718] SCSI subsystem initialized
[    2.379752] libata version 3.00 loaded.
[    2.379752] ACPI: bus type USB registered
[    2.379752] usbcore: registered new interface driver usbfs
[    2.379752] usbcore: registered new interface driver hub
[    2.379752] usbcore: registered new device driver usb
[    2.379752] pps_core: LinuxPPS API ver. 1 registered
[    2.379752] pps_core: Software ver. 5.3.6 - Copyright 2005-2007 Rodolfo Giometti <giometti@linux.it>
[    2.379752] PTP clock support registered
[    2.379752] EDAC MC: Ver: 3.0.0
[    2.380213] Registered efivars operations
[    2.380213] NetLabel: Initializing
[    2.380213] NetLabel:  domain hash size = 128
[    2.380213] NetLabel:  protocols = UNLABELED CIPSOv4 CALIPSO
[    2.380213] NetLabel:  unlabeled traffic allowed by default
[    2.380213] PCI: Using ACPI for IRQ routing
[    2.382532] PCI: pci_cache_line_size set to 64 bytes
[    2.383094] e820: reserve RAM buffer [mem 0x0008f000-0x0008ffff]
[    2.383096] e820: reserve RAM buffer [mem 0x46cc4020-0x47ffffff]
[    2.383098] e820: reserve RAM buffer [mem 0x46cf6020-0x47ffffff]
[    2.383099] e820: reserve RAM buffer [mem 0x46d29020-0x47ffffff]
[    2.383100] e820: reserve RAM buffer [mem 0x46d5c020-0x47ffffff]
[    2.383101] e820: reserve RAM buffer [mem 0x49e77000-0x4bffffff]
[    2.383102] e820: reserve RAM buffer [mem 0x4b2cf000-0x4bffffff]
[    2.383103] e820: reserve RAM buffer [mem 0x4bd94000-0x4bffffff]
[    2.383105] e820: reserve RAM buffer [mem 0x4ce00000-0x4fffffff]
[    2.383106] e820: reserve RAM buffer [mem 0x5eefe000-0x5fffffff]
[    2.383107] e820: reserve RAM buffer [mem 0x6f800000-0x6fffffff]
[    2.383525] pci 0000:03:00.0: vgaarb: setting as boot VGA device
[    2.383525] pci 0000:03:00.0: vgaarb: bridge control possible
[    2.383525] pci 0000:03:00.0: vgaarb: VGA device added: decodes=io+mem,owns=io+mem,locks=none
[    2.383525] vgaarb: loaded
[    2.384679] hpet0: at MMIO 0xfed00000, IRQs 2, 8, 0, 0, 0, 0, 0, 0
[    2.384686] hpet0: 8 comparators, 64-bit 24.000000 MHz counter
[    2.387522] clocksource: Switched to clocksource tsc-early
[    2.397001] VFS: Disk quotas dquot_6.6.0
[    2.397036] VFS: Dquot-cache hash table entries: 512 (order 0, 4096 bytes)
[    2.397177] AppArmor: AppArmor Filesystem Enabled
[    2.397188] pnp: PnP ACPI init
[    2.413361] system 00:01: [io  0x0500-0x05fe] has been reserved
[    2.413364] system 00:01: [io  0x0400-0x041f] has been reserved
[    2.413366] system 00:01: [io  0x0600-0x061f] has been reserved
[    2.413367] system 00:01: [io  0x0ca0-0x0ca1] has been reserved
[    2.413369] system 00:01: [io  0x0ca4-0x0ca6] has been reserved
[    2.413371] system 00:01: [mem 0xff000000-0xffffffff] has been reserved
[    2.413978] system 00:04: [mem 0xfd000000-0xfdabffff] has been reserved
[    2.413980] system 00:04: [mem 0xfdad0000-0xfdadffff] has been reserved
[    2.413982] system 00:04: [mem 0xfdb00000-0xfdffffff] has been reserved
[    2.413983] system 00:04: [mem 0xfe000000-0xfe00ffff] has been reserved
[    2.413985] system 00:04: [mem 0xfe011000-0xfe01ffff] has been reserved
[    2.413987] system 00:04: [mem 0xfe036000-0xfe03bfff] has been reserved
[    2.413988] system 00:04: [mem 0xfe03d000-0xfe3fffff] has been reserved
[    2.413990] system 00:04: [mem 0xfe410000-0xfe7fffff] has been reserved
[    2.414308] system 00:05: [io  0x1000-0x10fe] has been reserved
[    2.415348] pnp: PnP ACPI: found 6 devices
[    2.421003] clocksource: acpi_pm: mask: 0xffffff max_cycles: 0xffffff, max_idle_ns: 2085701024 ns
[    2.421083] NET: Registered PF_INET protocol family
[    2.421405] IP idents hash table entries: 262144 (order: 9, 2097152 bytes, vmalloc)
[    2.423690] tcp_listen_portaddr_hash hash table entries: 65536 (order: 8, 1048576 bytes, vmalloc)
[    2.424439] TCP established hash table entries: 524288 (order: 10, 4194304 bytes, vmalloc hugepage)
[    2.425060] TCP bind hash table entries: 65536 (order: 8, 1048576 bytes, vmalloc)
[    2.425119] TCP: Hash tables configured (established 524288 bind 65536)
[    2.425561] UDP hash table entries: 65536 (order: 9, 2097152 bytes, vmalloc)
[    2.426038] UDP-Lite hash table entries: 65536 (order: 9, 2097152 bytes, vmalloc)
[    2.426352] NET: Registered PF_UNIX/PF_LOCAL protocol family
[    2.426358] NET: Registered PF_XDP protocol family
[    2.426366] pci 0000:04:00.0: can't claim BAR 6 [mem 0xfffc0000-0xffffffff pref]: no compatible bridge window
[    2.426368] pci 0000:04:00.1: can't claim BAR 6 [mem 0xfffc0000-0xffffffff pref]: no compatible bridge window
[    2.426370] pci 0000:17:00.0: can't claim BAR 6 [mem 0xfff00000-0xffffffff pref]: no compatible bridge window
[    2.426386] pci 0000:00:1c.5: BAR 14: assigned [mem 0x90000000-0x900fffff]
[    2.426389] pci 0000:00:1c.0: PCI bridge to [bus 01]
[    2.426399] pci 0000:02:00.0: PCI bridge to [bus 03]
[    2.426404] pci 0000:02:00.0:   bridge window [mem 0x92000000-0x928fffff]
[    2.426408] pci 0000:02:00.0:   bridge window [mem 0x91000000-0x91ffffff 64bit pref]
[    2.426414] pci 0000:00:1c.4: PCI bridge to [bus 02-03]
[    2.426418] pci 0000:00:1c.4:   bridge window [mem 0x92000000-0x928fffff]
[    2.426421] pci 0000:00:1c.4:   bridge window [mem 0x91000000-0x91ffffff 64bit pref]
[    2.426426] pci 0000:04:00.0: BAR 6: assigned [mem 0x90000000-0x9003ffff pref]
[    2.426428] pci 0000:04:00.1: BAR 6: assigned [mem 0x90040000-0x9007ffff pref]
[    2.426430] pci 0000:00:1c.5: PCI bridge to [bus 04]
[    2.426433] pci 0000:00:1c.5:   bridge window [mem 0x90000000-0x900fffff]
[    2.426436] pci 0000:00:1c.5:   bridge window [mem 0x92900000-0x929fffff 64bit pref]
[    2.426440] pci_bus 0000:00: resource 4 [io  0x0000-0x0cf7 window]
[    2.426442] pci_bus 0000:00: resource 5 [io  0x1000-0x4fff window]
[    2.426443] pci_bus 0000:00: resource 6 [mem 0x000a0000-0x000bffff window]
[    2.426444] pci_bus 0000:00: resource 7 [mem 0x000c8000-0x000cffff window]
[    2.426446] pci_bus 0000:00: resource 8 [mem 0xfe010000-0xfe010fff window]
[    2.426447] pci_bus 0000:00: resource 9 [mem 0x90000000-0x9b7fffff window]
[    2.426448] pci_bus 0000:00: resource 10 [mem 0x200000000000-0x20ffffffffff window]
[    2.426450] pci_bus 0000:02: resource 1 [mem 0x92000000-0x928fffff]
[    2.426451] pci_bus 0000:02: resource 2 [mem 0x91000000-0x91ffffff 64bit pref]
[    2.426452] pci_bus 0000:03: resource 1 [mem 0x92000000-0x928fffff]
[    2.426453] pci_bus 0000:03: resource 2 [mem 0x91000000-0x91ffffff 64bit pref]
[    2.426454] pci_bus 0000:04: resource 1 [mem 0x90000000-0x900fffff]
[    2.426456] pci_bus 0000:04: resource 2 [mem 0x92900000-0x929fffff 64bit pref]
[    2.426532] pci 0000:17:00.0: BAR 6: no space for [mem size 0x00100000 pref]
[    2.426533] pci 0000:17:00.0: BAR 6: failed to assign [mem size 0x00100000 pref]
[    2.426535] pci 0000:16:02.0: PCI bridge to [bus 17]
[    2.426537] pci 0000:16:02.0:   bridge window [io  0x5000-0x5fff]
[    2.426539] pci 0000:16:02.0:   bridge window [mem 0x9ba00000-0x9bafffff]
[    2.426542] pci 0000:16:02.0:   bridge window [mem 0x9b800000-0x9b9fffff 64bit pref]
[    2.426545] pci_bus 0000:16: resource 4 [io  0x5000-0x6fff window]
[    2.426546] pci_bus 0000:16: resource 5 [mem 0x9b800000-0xa63fffff window]
[    2.426547] pci_bus 0000:16: resource 6 [mem 0x210000000000-0x21ffffffffff window]
[    2.426549] pci_bus 0000:17: resource 0 [io  0x5000-0x5fff]
[    2.426550] pci_bus 0000:17: resource 1 [mem 0x9ba00000-0x9bafffff]
[    2.426551] pci_bus 0000:17: resource 2 [mem 0x9b800000-0x9b9fffff 64bit pref]
[    2.426557] pci_bus 0000:30: resource 4 [io  0x7000-0x8fff window]
[    2.426558] pci_bus 0000:30: resource 5 [mem 0xa6400000-0xb0ffffff window]
[    2.426560] pci_bus 0000:30: resource 6 [mem 0x220000000000-0x22ffffffffff window]
[    2.426566] pci_bus 0000:4a: resource 4 [io  0x9000-0x9fff window]
[    2.426567] pci_bus 0000:4a: resource 5 [mem 0xb1000000-0xbbbfffff window]
[    2.426568] pci_bus 0000:4a: resource 6 [mem 0x230000000000-0x23ffffffffff window]
[    2.426574] pci_bus 0000:64: resource 4 [io  0xa000-0xafff window]
[    2.426575] pci_bus 0000:64: resource 5 [mem 0xbbc00000-0xc5ffffff window]
[    2.426576] pci_bus 0000:64: resource 6 [mem 0x240000000000-0x24ffffffffff window]
[    2.426607] pci_bus 0000:80: resource 4 [io  0xb000-0xbfff window]
[    2.426608] pci_bus 0000:80: resource 5 [mem 0xc6800000-0xd0ffffff window]
[    2.426609] pci_bus 0000:80: resource 6 [mem 0x250000000000-0x25ffffffffff window]
[    2.426616] pci_bus 0000:81: resource 4 [io  0xc000-0xcfff window]
[    2.426617] pci_bus 0000:81: resource 5 [mem 0xd1000000-0xdbbfffff window]
[    2.426618] pci_bus 0000:81: resource 6 [mem 0x260000000000-0x26ffffffffff window]
[    2.426624] pci_bus 0000:82: resource 4 [io  0xd000-0xdfff window]
[    2.426625] pci_bus 0000:82: resource 5 [mem 0xdbc00000-0xe67fffff window]
[    2.426626] pci_bus 0000:82: resource 6 [mem 0x270000000000-0x27ffffffffff window]
[    2.426631] pci_bus 0000:83: resource 4 [io  0xe000-0xefff window]
[    2.426633] pci_bus 0000:83: resource 5 [mem 0xe6800000-0xf13fffff window]
[    2.426634] pci_bus 0000:83: resource 6 [mem 0x280000000000-0x28ffffffffff window]
[    2.426640] pci_bus 0000:fa: resource 4 [io  0xf000-0xffff window]
[    2.426641] pci_bus 0000:fa: resource 5 [mem 0xf1400000-0xfb7fffff window]
[    2.426642] pci_bus 0000:fa: resource 6 [mem 0x290000000000-0x29ffffffffff window]
[    2.427296] PCI: CLS 0 bytes, default 64
[    2.427340] Trying to unpack rootfs image as initramfs...
[    2.427381] PCI-DMA: Using software bounce buffering for IO (SWIOTLB)
[    2.427382] software IO TLB: mapped [mem 0x0000000057070000-0x000000005b070000] (64MB)
[    2.446239] Initialise system trusted keyrings
[    2.446247] Key type blacklist registered
[    2.446338] workingset: timestamp_bits=36 max_order=25 bucket_order=0
[    2.447376] zbud: loaded
[    2.447802] squashfs: version 4.0 (2009/01/31) Phillip Lougher
[    2.447950] fuse: init (API version 7.36)
[    2.448162] integrity: Platform Keyring initialized
[    2.458729] Key type asymmetric registered
[    2.458730] Asymmetric key parser 'x509' registered
[    3.451541] tsc: Refined TSC clocksource calibration: 1995.312 MHz
[    3.451588] clocksource: tsc: mask: 0xffffffffffffffff max_cycles: 0x3985c314e25, max_idle_ns: 881590612270 ns
[    3.451781] clocksource: Switched to clocksource tsc
[   10.571090] Freeing initrd memory: 558716K
[   10.572861] alg: self-tests for CTR-KDF (hmac(sha256)) passed
[   10.572891] Block layer SCSI generic (bsg) driver version 0.4 loaded (major 245)
[   10.572952] io scheduler mq-deadline registered
[   10.574558] pcieport 0000:00:1c.0: PME: Signaling with IRQ 130
[   10.574732] pcieport 0000:00:1c.4: PME: Signaling with IRQ 131
[   10.574910] pcieport 0000:00:1c.5: PME: Signaling with IRQ 132
[   10.575055] pcieport 0000:16:02.0: PME: Signaling with IRQ 133
