2024年 06月 11日 星期二 21:04:15 CST
pgmigrate_success 46654
pgmigrate_fail 3
pgmigrate_dst_node_full_fail 12640861
pgmigrate_numa_isolate_fail 13
pgmigrate_nomem_fail 2
pgmigrate_refcount_fail 1
thp_fault_alloc 1
thp_fault_fallback 0
thp_collapse_alloc 3
thp_collapse_alloc_failed 0
thp_file_alloc 0
thp_file_mapped 0
thp_split_page 1
thp_split_page_failed 0
thp_deferred_split_page 1
thp_split_pmd 1
thp_split_pud 0
thp_zero_page_alloc 0
thp_zero_page_alloc_failed 0
thp_swpout 0
thp_swpout_fallback 1
MemTotal:       1087880580 kB
MemFree:        1057188368 kB
MemAvailable:   1054963160 kB
Buffers:            6536 kB
Cached:           144544 kB
SwapCached:       182412 kB
Active:           451364 kB
Inactive:         253392 kB
Active(anon):     437780 kB
Inactive(anon):   119628 kB
Active(file):      13584 kB
Inactive(file):   133764 kB
Unevictable:           0 kB
Mlocked:               0 kB
SwapTotal:       2097148 kB
SwapFree:        1393064 kB
Dirty:               736 kB
Writeback:             0 kB
AnonPages:        518972 kB
Mapped:           143512 kB
Shmem:              3368 kB
KReclaimable:     262280 kB
Slab:             659904 kB
SReclaimable:     262280 kB
SUnreclaim:       397624 kB
KernelStack:       34112 kB
PageTables:        34460 kB
NFS_Unstable:          0 kB
Bounce:                0 kB
WritebackTmp:          0 kB
CommitLimit:    546037436 kB
Committed_AS:    6991788 kB
VmallocTotal:   34359738367 kB
VmallocUsed:      159188 kB
VmallocChunk:          0 kB
Percpu:           121408 kB
HardwareCorrupted:     0 kB
AnonHugePages:      2048 kB
ShmemHugePages:        0 kB
ShmemPmdMapped:        0 kB
CmaTotal:              0 kB
CmaFree:               0 kB
HugePages_Total:       0
HugePages_Free:        0
HugePages_Rsvd:        0
HugePages_Surp:        0
Hugepagesize:       2048 kB
Hugetlb:               0 kB
DirectMap4k:     1148392 kB
DirectMap2M:     9822208 kB
DirectMap1G:    1178599424 kB
2024年 06月 11日 星期二 21:07:55 CST
pgmigrate_success 924255
pgmigrate_fail 38147588
pgmigrate_dst_node_full_fail 50787421
pgmigrate_numa_isolate_fail 21
pgmigrate_nomem_fail 2
pgmigrate_refcount_fail 11
thp_fault_alloc 16514
thp_fault_fallback 0
thp_collapse_alloc 6
thp_collapse_alloc_failed 2
thp_file_alloc 0
thp_file_mapped 0
thp_split_page 1
thp_split_page_failed 0
thp_deferred_split_page 19910
thp_split_pmd 19
thp_split_pud 0
thp_zero_page_alloc 0
thp_zero_page_alloc_failed 0
thp_swpout 0
thp_swpout_fallback 1
MemTotal:       1087880580 kB
MemFree:        1056962484 kB
MemAvailable:   1054820616 kB
Buffers:           80024 kB
Cached:           205816 kB
SwapCached:       182620 kB
Active:           533772 kB
Inactive:         324036 kB
Active(anon):     415508 kB
Inactive(anon):   160072 kB
Active(file):     118264 kB
Inactive(file):   163964 kB
Unevictable:           0 kB
Mlocked:               0 kB
SwapTotal:       2097148 kB
SwapFree:        1394088 kB
Dirty:              1572 kB
Writeback:             0 kB
AnonPages:        537360 kB
Mapped:           156252 kB
Shmem:              3368 kB
KReclaimable:     294080 kB
Slab:             695276 kB
SReclaimable:     294080 kB
SUnreclaim:       401196 kB
KernelStack:       34032 kB
PageTables:        35272 kB
NFS_Unstable:          0 kB
Bounce:                0 kB
WritebackTmp:          0 kB
CommitLimit:    546037436 kB
Committed_AS:    6828048 kB
VmallocTotal:   34359738367 kB
VmallocUsed:      159268 kB
VmallocChunk:          0 kB
Percpu:           121408 kB
HardwareCorrupted:     0 kB
AnonHugePages:     63488 kB
ShmemHugePages:        0 kB
ShmemPmdMapped:        0 kB
CmaTotal:              0 kB
CmaFree:               0 kB
HugePages_Total:       0
HugePages_Free:        0
HugePages_Rsvd:        0
HugePages_Surp:        0
Hugepagesize:       2048 kB
Hugetlb:               0 kB
DirectMap4k:     1148392 kB
DirectMap2M:     9822208 kB
DirectMap1G:    1178599424 kB
