[    0.000000] Linux version 5.15.0-tiering-0.8 (xmu@xmu-PowerEdge-R750) (gcc (Ubuntu 8.4.0-1ubuntu1~18.04) 8.4.0, GNU ld (GNU Binutils for Ubuntu) 2.30) #1 SMP Thu Apr 18 19:37:58 CST 2024
[    0.000000] Command line: BOOT_IMAGE=/boot/vmlinuz-5.15.0-tiering-0.8 root=UUID=ce0c24b8-724b-4f33-9b2c-618433560aef ro memmap=42307M!4096M memmap=59G!64G quiet splash nomodeset vt.handoff=1
[    0.000000] KERNEL supported cpus:
[    0.000000]   Intel GenuineIntel
[    0.000000]   AMD AuthenticAMD
[    0.000000]   Hygon HygonGenuine
[    0.000000]   Centaur CentaurHauls
[    0.000000]   zhaoxin   Shanghai  
[    0.000000] x86/split lock detection: #AC: crashing the kernel on kernel split_locks and warning on user-space split_locks
[    0.000000] x86/fpu: Supporting XSAVE feature 0x001: 'x87 floating point registers'
[    0.000000] x86/fpu: Supporting XSAVE feature 0x002: 'SSE registers'
[    0.000000] x86/fpu: Supporting XSAVE feature 0x004: 'AVX registers'
[    0.000000] x86/fpu: Supporting XSAVE feature 0x020: 'AVX-512 opmask'
[    0.000000] x86/fpu: Supporting XSAVE feature 0x040: 'AVX-512 Hi256'
[    0.000000] x86/fpu: Supporting XSAVE feature 0x080: 'AVX-512 ZMM_Hi256'
[    0.000000] x86/fpu: Supporting XSAVE feature 0x200: 'Protection Keys User registers'
[    0.000000] x86/fpu: xstate_offset[2]:  576, xstate_sizes[2]:  256
[    0.000000] x86/fpu: xstate_offset[5]:  832, xstate_sizes[5]:   64
[    0.000000] x86/fpu: xstate_offset[6]:  896, xstate_sizes[6]:  512
[    0.000000] x86/fpu: xstate_offset[7]: 1408, xstate_sizes[7]: 1024
[    0.000000] x86/fpu: xstate_offset[9]: 2432, xstate_sizes[9]:    8
[    0.000000] x86/fpu: Enabled xstate features 0x2e7, context size is 2440 bytes, using 'compacted' format.
[    0.000000] signal: max sigframe size: 3632
[    0.000000] BIOS-provided physical RAM map:
[    0.000000] BIOS-e820: [mem 0x0000000000000000-0x000000000008efff] usable
[    0.000000] BIOS-e820: [mem 0x000000000008f000-0x000000000008ffff] reserved
[    0.000000] BIOS-e820: [mem 0x0000000000090000-0x000000000009ffff] usable
[    0.000000] BIOS-e820: [mem 0x00000000000a0000-0x00000000000fffff] reserved
[    0.000000] BIOS-e820: [mem 0x0000000000100000-0x0000000049e76fff] usable
[    0.000000] BIOS-e820: [mem 0x0000000049e77000-0x000000004ae76fff] ACPI NVS
[    0.000000] BIOS-e820: [mem 0x000000004ae77000-0x000000004b2cefff] usable
[    0.000000] BIOS-e820: [mem 0x000000004b2cf000-0x000000004b54dfff] ACPI data
[    0.000000] BIOS-e820: [mem 0x000000004b54e000-0x000000004bd93fff] usable
[    0.000000] BIOS-e820: [mem 0x000000004bd94000-0x000000004be99fff] reserved
[    0.000000] BIOS-e820: [mem 0x000000004be9a000-0x000000004cdfffff] usable
[    0.000000] BIOS-e820: [mem 0x000000004ce00000-0x000000004cffffff] reserved
[    0.000000] BIOS-e820: [mem 0x000000004d000000-0x000000005eefdfff] usable
[    0.000000] BIOS-e820: [mem 0x000000005eefe000-0x000000006e3fefff] reserved
[    0.000000] BIOS-e820: [mem 0x000000006e3ff000-0x000000006f3fefff] ACPI NVS
[    0.000000] BIOS-e820: [mem 0x000000006f3ff000-0x000000006f7fefff] ACPI data
[    0.000000] BIOS-e820: [mem 0x000000006f7ff000-0x000000006f7fffff] usable
[    0.000000] BIOS-e820: [mem 0x000000006f800000-0x000000008fffffff] reserved
[    0.000000] BIOS-e820: [mem 0x00000000fe000000-0x00000000fe010fff] reserved
[    0.000000] BIOS-e820: [mem 0x0000000100000000-0x000000207fffffff] usable
[    0.000000] BIOS-e820: [mem 0x0000002080000000-0x0000011c7fffffff] persistent (type 7)
[    0.000000] BIOS-e820: [mem 0x00001ffc00000000-0x00001fffffffffff] reserved
[    0.000000] NX (Execute Disable) protection: active
[    0.000000] e820: update [mem 0x46d5d020-0x46d6505f] usable ==> usable
[    0.000000] e820: update [mem 0x46d5d020-0x46d6505f] usable ==> usable
[    0.000000] e820: update [mem 0x46d2a020-0x46d5cc5f] usable ==> usable
[    0.000000] e820: update [mem 0x46d2a020-0x46d5cc5f] usable ==> usable
[    0.000000] e820: update [mem 0x46cf7020-0x46d29c5f] usable ==> usable
[    0.000000] e820: update [mem 0x46cf7020-0x46d29c5f] usable ==> usable
[    0.000000] e820: update [mem 0x46cc5020-0x46cf6a5f] usable ==> usable
[    0.000000] e820: update [mem 0x46cc5020-0x46cf6a5f] usable ==> usable
[    0.000000] extended physical RAM map:
[    0.000000] reserve setup_data: [mem 0x0000000000000000-0x000000000008efff] usable
[    0.000000] reserve setup_data: [mem 0x000000000008f000-0x000000000008ffff] reserved
[    0.000000] reserve setup_data: [mem 0x0000000000090000-0x000000000009ffff] usable
[    0.000000] reserve setup_data: [mem 0x00000000000a0000-0x00000000000fffff] reserved
[    0.000000] reserve setup_data: [mem 0x0000000000100000-0x0000000046cc501f] usable
[    0.000000] reserve setup_data: [mem 0x0000000046cc5020-0x0000000046cf6a5f] usable
[    0.000000] reserve setup_data: [mem 0x0000000046cf6a60-0x0000000046cf701f] usable
[    0.000000] reserve setup_data: [mem 0x0000000046cf7020-0x0000000046d29c5f] usable
[    0.000000] reserve setup_data: [mem 0x0000000046d29c60-0x0000000046d2a01f] usable
[    0.000000] reserve setup_data: [mem 0x0000000046d2a020-0x0000000046d5cc5f] usable
[    0.000000] reserve setup_data: [mem 0x0000000046d5cc60-0x0000000046d5d01f] usable
[    0.000000] reserve setup_data: [mem 0x0000000046d5d020-0x0000000046d6505f] usable
[    0.000000] reserve setup_data: [mem 0x0000000046d65060-0x0000000049e76fff] usable
[    0.000000] reserve setup_data: [mem 0x0000000049e77000-0x000000004ae76fff] ACPI NVS
[    0.000000] reserve setup_data: [mem 0x000000004ae77000-0x000000004b2cefff] usable
[    0.000000] reserve setup_data: [mem 0x000000004b2cf000-0x000000004b54dfff] ACPI data
[    0.000000] reserve setup_data: [mem 0x000000004b54e000-0x000000004bd93fff] usable
[    0.000000] reserve setup_data: [mem 0x000000004bd94000-0x000000004be99fff] reserved
[    0.000000] reserve setup_data: [mem 0x000000004be9a000-0x000000004cdfffff] usable
[    0.000000] reserve setup_data: [mem 0x000000004ce00000-0x000000004cffffff] reserved
[    0.000000] reserve setup_data: [mem 0x000000004d000000-0x000000005eefdfff] usable
[    0.000000] reserve setup_data: [mem 0x000000005eefe000-0x000000006e3fefff] reserved
[    0.000000] reserve setup_data: [mem 0x000000006e3ff000-0x000000006f3fefff] ACPI NVS
[    0.000000] reserve setup_data: [mem 0x000000006f3ff000-0x000000006f7fefff] ACPI data
[    0.000000] reserve setup_data: [mem 0x000000006f7ff000-0x000000006f7fffff] usable
[    0.000000] reserve setup_data: [mem 0x000000006f800000-0x000000008fffffff] reserved
[    0.000000] reserve setup_data: [mem 0x00000000fe000000-0x00000000fe010fff] reserved
[    0.000000] reserve setup_data: [mem 0x0000000100000000-0x0000000b542fffff] persistent (type 12)
[    0.000000] reserve setup_data: [mem 0x0000000b54300000-0x0000000fffffffff] usable
[    0.000000] reserve setup_data: [mem 0x0000001000000000-0x0000001ebfffffff] persistent (type 12)
[    0.000000] reserve setup_data: [mem 0x0000001ec0000000-0x000000207fffffff] usable
[    0.000000] reserve setup_data: [mem 0x0000002080000000-0x0000011c7fffffff] persistent (type 7)
[    0.000000] reserve setup_data: [mem 0x00001ffc00000000-0x00001fffffffffff] reserved
[    0.000000] user-defined physical RAM map:
[    0.000000] user: [mem 0x0000000000000000-0x000000000008efff] usable
[    0.000000] user: [mem 0x000000000008f000-0x000000000008ffff] reserved
[    0.000000] user: [mem 0x0000000000090000-0x000000000009ffff] usable
[    0.000000] user: [mem 0x00000000000a0000-0x00000000000fffff] reserved
[    0.000000] user: [mem 0x0000000000100000-0x0000000046cc501f] usable
[    0.000000] user: [mem 0x0000000046cc5020-0x0000000046cf6a5f] usable
[    0.000000] user: [mem 0x0000000046cf6a60-0x0000000046cf701f] usable
[    0.000000] user: [mem 0x0000000046cf7020-0x0000000046d29c5f] usable
[    0.000000] user: [mem 0x0000000046d29c60-0x0000000046d2a01f] usable
[    0.000000] user: [mem 0x0000000046d2a020-0x0000000046d5cc5f] usable
[    0.000000] user: [mem 0x0000000046d5cc60-0x0000000046d5d01f] usable
[    0.000000] user: [mem 0x0000000046d5d020-0x0000000046d6505f] usable
[    0.000000] user: [mem 0x0000000046d65060-0x0000000049e76fff] usable
[    0.000000] user: [mem 0x0000000049e77000-0x000000004ae76fff] ACPI NVS
[    0.000000] user: [mem 0x000000004ae77000-0x000000004b2cefff] usable
[    0.000000] user: [mem 0x000000004b2cf000-0x000000004b54dfff] ACPI data
[    0.000000] user: [mem 0x000000004b54e000-0x000000004bd93fff] usable
[    0.000000] user: [mem 0x000000004bd94000-0x000000004be99fff] reserved
[    0.000000] user: [mem 0x000000004be9a000-0x000000004cdfffff] usable
[    0.000000] user: [mem 0x000000004ce00000-0x000000004cffffff] reserved
[    0.000000] user: [mem 0x000000004d000000-0x000000005eefdfff] usable
[    0.000000] user: [mem 0x000000005eefe000-0x000000006e3fefff] reserved
[    0.000000] user: [mem 0x000000006e3ff000-0x000000006f3fefff] ACPI NVS
[    0.000000] user: [mem 0x000000006f3ff000-0x000000006f7fefff] ACPI data
[    0.000000] user: [mem 0x000000006f7ff000-0x000000006f7fffff] usable
[    0.000000] user: [mem 0x000000006f800000-0x000000008fffffff] reserved
[    0.000000] user: [mem 0x00000000fe000000-0x00000000fe010fff] reserved
[    0.000000] user: [mem 0x0000000100000000-0x0000000b542fffff] persistent (type 12)
[    0.000000] user: [mem 0x0000000b54300000-0x0000000fffffffff] usable
[    0.000000] user: [mem 0x0000001000000000-0x0000001ebfffffff] persistent (type 12)
[    0.000000] user: [mem 0x0000001ec0000000-0x000000207fffffff] usable
[    0.000000] user: [mem 0x0000002080000000-0x0000011c7fffffff] persistent (type 7)
[    0.000000] user: [mem 0x00001ffc00000000-0x00001fffffffffff] reserved
[    0.000000] efi: EFI v2.70 by Dell Inc.
[    0.000000] efi: ACPI=0x6f7fe000 ACPI 2.0=0x6f7fe014 MEMATTR=0x5b071020 SMBIOS=0x69526000 SMBIOS 3.0=0x69524000 MOKvar=0x5ef81000 RNG=0x5ef8a920 
[    0.000000] efi: seeding entropy pool
[    0.000000] random: fast init done
[    0.000000] SMBIOS 3.3.0 present.
[    0.000000] DMI: Dell Inc. PowerEdge R750/0K8F35, BIOS 1.10.2 03/03/2023
[    0.000000] tsc: Detected 2000.000 MHz processor
[    0.000007] e820: update [mem 0x00000000-0x00000fff] usable ==> reserved
[    0.000010] e820: remove [mem 0x000a0000-0x000fffff] usable
[    0.000018] last_pfn = 0x2080000 max_arch_pfn = 0x400000000
[    0.000194] x86/PAT: Configuration [0-7]: WB  WC  UC- UC  WB  WP  UC- WT  
[    0.002811] total RAM covered: 2095088M
[    0.002894]  gran_size: 64K 	chunk_size: 64K 	num_reg: 10  	lose cover RAM: 2016G
[    0.002897]  gran_size: 64K 	chunk_size: 128K 	num_reg: 10  	lose cover RAM: 2016G
[    0.002899]  gran_size: 64K 	chunk_size: 256K 	num_reg: 10  	lose cover RAM: 2016G
[    0.002901]  gran_size: 64K 	chunk_size: 512K 	num_reg: 10  	lose cover RAM: 2016G
[    0.002902]  gran_size: 64K 	chunk_size: 1M 	num_reg: 10  	lose cover RAM: 2016G
[    0.002903]  gran_size: 64K 	chunk_size: 2M 	num_reg: 10  	lose cover RAM: 2016G
[    0.002905]  gran_size: 64K 	chunk_size: 4M 	num_reg: 10  	lose cover RAM: 2016G
[    0.002906]  gran_size: 64K 	chunk_size: 8M 	num_reg: 10  	lose cover RAM: 2016G
[    0.002907]  gran_size: 64K 	chunk_size: 16M 	num_reg: 10  	lose cover RAM: 2016G
[    0.002909]  gran_size: 64K 	chunk_size: 32M 	num_reg: 10  	lose cover RAM: 1024G
[    0.002910]  gran_size: 64K 	chunk_size: 64M 	num_reg: 10  	lose cover RAM: 1024G
[    0.002911]  gran_size: 64K 	chunk_size: 128M 	num_reg: 10  	lose cover RAM: 1024G
[    0.002912]  gran_size: 64K 	chunk_size: 256M 	num_reg: 10  	lose cover RAM: 1024G
[    0.002914]  gran_size: 64K 	chunk_size: 512M 	num_reg: 10  	lose cover RAM: 1024G
[    0.002915]  gran_size: 64K 	chunk_size: 1G 	num_reg: 10  	lose cover RAM: 1024G
[    0.002916]  gran_size: 64K 	chunk_size: 2G 	num_reg: 10  	lose cover RAM: 1024G
[    0.002917]  gran_size: 128K 	chunk_size: 128K 	num_reg: 10  	lose cover RAM: 2016G
[    0.002919]  gran_size: 128K 	chunk_size: 256K 	num_reg: 10  	lose cover RAM: 2016G
[    0.002920]  gran_size: 128K 	chunk_size: 512K 	num_reg: 10  	lose cover RAM: 2016G
[    0.002921]  gran_size: 128K 	chunk_size: 1M 	num_reg: 10  	lose cover RAM: 2016G
[    0.002923]  gran_size: 128K 	chunk_size: 2M 	num_reg: 10  	lose cover RAM: 2016G
[    0.002924]  gran_size: 128K 	chunk_size: 4M 	num_reg: 10  	lose cover RAM: 2016G
[    0.002925]  gran_size: 128K 	chunk_size: 8M 	num_reg: 10  	lose cover RAM: 2016G
[    0.002926]  gran_size: 128K 	chunk_size: 16M 	num_reg: 10  	lose cover RAM: 2016G
[    0.002928]  gran_size: 128K 	chunk_size: 32M 	num_reg: 10  	lose cover RAM: 1024G
[    0.002929]  gran_size: 128K 	chunk_size: 64M 	num_reg: 10  	lose cover RAM: 1024G
[    0.002930]  gran_size: 128K 	chunk_size: 128M 	num_reg: 10  	lose cover RAM: 1024G
[    0.002932]  gran_size: 128K 	chunk_size: 256M 	num_reg: 10  	lose cover RAM: 1024G
[    0.002933]  gran_size: 128K 	chunk_size: 512M 	num_reg: 10  	lose cover RAM: 1024G
[    0.002934]  gran_size: 128K 	chunk_size: 1G 	num_reg: 10  	lose cover RAM: 1024G
[    0.002936]  gran_size: 128K 	chunk_size: 2G 	num_reg: 10  	lose cover RAM: 1024G
[    0.002937]  gran_size: 256K 	chunk_size: 256K 	num_reg: 10  	lose cover RAM: 2016G
[    0.002938]  gran_size: 256K 	chunk_size: 512K 	num_reg: 10  	lose cover RAM: 2016G
[    0.002940]  gran_size: 256K 	chunk_size: 1M 	num_reg: 10  	lose cover RAM: 2016G
[    0.002941]  gran_size: 256K 	chunk_size: 2M 	num_reg: 10  	lose cover RAM: 2016G
[    0.002942]  gran_size: 256K 	chunk_size: 4M 	num_reg: 10  	lose cover RAM: 2016G
[    0.002943]  gran_size: 256K 	chunk_size: 8M 	num_reg: 10  	lose cover RAM: 2016G
[    0.002945]  gran_size: 256K 	chunk_size: 16M 	num_reg: 10  	lose cover RAM: 2016G
[    0.002946]  gran_size: 256K 	chunk_size: 32M 	num_reg: 10  	lose cover RAM: 1024G
[    0.002947]  gran_size: 256K 	chunk_size: 64M 	num_reg: 10  	lose cover RAM: 1024G
[    0.002948]  gran_size: 256K 	chunk_size: 128M 	num_reg: 10  	lose cover RAM: 1024G
[    0.002950]  gran_size: 256K 	chunk_size: 256M 	num_reg: 10  	lose cover RAM: 1024G
[    0.002951]  gran_size: 256K 	chunk_size: 512M 	num_reg: 10  	lose cover RAM: 1024G
[    0.002952]  gran_size: 256K 	chunk_size: 1G 	num_reg: 10  	lose cover RAM: 1024G
[    0.002954]  gran_size: 256K 	chunk_size: 2G 	num_reg: 10  	lose cover RAM: 1024G
[    0.002955]  gran_size: 512K 	chunk_size: 512K 	num_reg: 10  	lose cover RAM: 2016G
[    0.002957]  gran_size: 512K 	chunk_size: 1M 	num_reg: 10  	lose cover RAM: 2016G
[    0.002958]  gran_size: 512K 	chunk_size: 2M 	num_reg: 10  	lose cover RAM: 2016G
[    0.002959]  gran_size: 512K 	chunk_size: 4M 	num_reg: 10  	lose cover RAM: 2016G
[    0.002961]  gran_size: 512K 	chunk_size: 8M 	num_reg: 10  	lose cover RAM: 2016G
[    0.002962]  gran_size: 512K 	chunk_size: 16M 	num_reg: 10  	lose cover RAM: 2016G
[    0.002963]  gran_size: 512K 	chunk_size: 32M 	num_reg: 10  	lose cover RAM: 1024G
[    0.002964]  gran_size: 512K 	chunk_size: 64M 	num_reg: 10  	lose cover RAM: 1024G
[    0.002966]  gran_size: 512K 	chunk_size: 128M 	num_reg: 10  	lose cover RAM: 1024G
[    0.002967]  gran_size: 512K 	chunk_size: 256M 	num_reg: 10  	lose cover RAM: 1024G
[    0.002968]  gran_size: 512K 	chunk_size: 512M 	num_reg: 10  	lose cover RAM: 1024G
[    0.002969]  gran_size: 512K 	chunk_size: 1G 	num_reg: 10  	lose cover RAM: 1024G
[    0.002970]  gran_size: 512K 	chunk_size: 2G 	num_reg: 10  	lose cover RAM: 1024G
[    0.002972]  gran_size: 1M 	chunk_size: 1M 	num_reg: 10  	lose cover RAM: 2016G
[    0.002973]  gran_size: 1M 	chunk_size: 2M 	num_reg: 10  	lose cover RAM: 2016G
[    0.002974]  gran_size: 1M 	chunk_size: 4M 	num_reg: 10  	lose cover RAM: 2016G
[    0.002976]  gran_size: 1M 	chunk_size: 8M 	num_reg: 10  	lose cover RAM: 2016G
[    0.002977]  gran_size: 1M 	chunk_size: 16M 	num_reg: 10  	lose cover RAM: 2016G
[    0.002978]  gran_size: 1M 	chunk_size: 32M 	num_reg: 10  	lose cover RAM: 1024G
[    0.002979]  gran_size: 1M 	chunk_size: 64M 	num_reg: 10  	lose cover RAM: 1024G
[    0.002981]  gran_size: 1M 	chunk_size: 128M 	num_reg: 10  	lose cover RAM: 1024G
[    0.002982]  gran_size: 1M 	chunk_size: 256M 	num_reg: 10  	lose cover RAM: 1024G
[    0.002983]  gran_size: 1M 	chunk_size: 512M 	num_reg: 10  	lose cover RAM: 1024G
[    0.002984]  gran_size: 1M 	chunk_size: 1G 	num_reg: 10  	lose cover RAM: 1024G
[    0.002986]  gran_size: 1M 	chunk_size: 2G 	num_reg: 10  	lose cover RAM: 1024G
[    0.002987]  gran_size: 2M 	chunk_size: 2M 	num_reg: 10  	lose cover RAM: 2016G
[    0.002988]  gran_size: 2M 	chunk_size: 4M 	num_reg: 10  	lose cover RAM: 2016G
[    0.002989]  gran_size: 2M 	chunk_size: 8M 	num_reg: 10  	lose cover RAM: 2016G
[    0.002991]  gran_size: 2M 	chunk_size: 16M 	num_reg: 10  	lose cover RAM: 2016G
[    0.002992]  gran_size: 2M 	chunk_size: 32M 	num_reg: 10  	lose cover RAM: 1024G
[    0.002993]  gran_size: 2M 	chunk_size: 64M 	num_reg: 10  	lose cover RAM: 1024G
[    0.002995]  gran_size: 2M 	chunk_size: 128M 	num_reg: 10  	lose cover RAM: 1024G
[    0.002996]  gran_size: 2M 	chunk_size: 256M 	num_reg: 10  	lose cover RAM: 1024G
[    0.002997]  gran_size: 2M 	chunk_size: 512M 	num_reg: 10  	lose cover RAM: 1024G
[    0.002999]  gran_size: 2M 	chunk_size: 1G 	num_reg: 10  	lose cover RAM: 1024G
[    0.003000]  gran_size: 2M 	chunk_size: 2G 	num_reg: 10  	lose cover RAM: 1024G
[    0.003001]  gran_size: 4M 	chunk_size: 4M 	num_reg: 10  	lose cover RAM: 2016G
[    0.003002]  gran_size: 4M 	chunk_size: 8M 	num_reg: 10  	lose cover RAM: 2016G
[    0.003004]  gran_size: 4M 	chunk_size: 16M 	num_reg: 10  	lose cover RAM: 2016G
[    0.003005]  gran_size: 4M 	chunk_size: 32M 	num_reg: 10  	lose cover RAM: 1024G
[    0.003006]  gran_size: 4M 	chunk_size: 64M 	num_reg: 10  	lose cover RAM: 1024G
[    0.003007]  gran_size: 4M 	chunk_size: 128M 	num_reg: 10  	lose cover RAM: 1024G
[    0.003009]  gran_size: 4M 	chunk_size: 256M 	num_reg: 10  	lose cover RAM: 1024G
[    0.003010]  gran_size: 4M 	chunk_size: 512M 	num_reg: 10  	lose cover RAM: 1024G
[    0.003011]  gran_size: 4M 	chunk_size: 1G 	num_reg: 10  	lose cover RAM: 1024G
[    0.003012]  gran_size: 4M 	chunk_size: 2G 	num_reg: 10  	lose cover RAM: 1024G
[    0.003014]  gran_size: 8M 	chunk_size: 8M 	num_reg: 10  	lose cover RAM: 2016G
[    0.003015]  gran_size: 8M 	chunk_size: 16M 	num_reg: 10  	lose cover RAM: 2016G
[    0.003016]  gran_size: 8M 	chunk_size: 32M 	num_reg: 10  	lose cover RAM: 1024G
[    0.003018]  gran_size: 8M 	chunk_size: 64M 	num_reg: 10  	lose cover RAM: 1024G
[    0.003019]  gran_size: 8M 	chunk_size: 128M 	num_reg: 10  	lose cover RAM: 1024G
[    0.003020]  gran_size: 8M 	chunk_size: 256M 	num_reg: 10  	lose cover RAM: 1024G
[    0.003022]  gran_size: 8M 	chunk_size: 512M 	num_reg: 10  	lose cover RAM: 1024G
[    0.003023]  gran_size: 8M 	chunk_size: 1G 	num_reg: 10  	lose cover RAM: 1024G
[    0.003024]  gran_size: 8M 	chunk_size: 2G 	num_reg: 10  	lose cover RAM: 1024G
[    0.003025]  gran_size: 16M 	chunk_size: 16M 	num_reg: 10  	lose cover RAM: 2016G
[    0.003027]  gran_size: 16M 	chunk_size: 32M 	num_reg: 10  	lose cover RAM: 1024G
[    0.003028]  gran_size: 16M 	chunk_size: 64M 	num_reg: 10  	lose cover RAM: 1024G
[    0.003029]  gran_size: 16M 	chunk_size: 128M 	num_reg: 10  	lose cover RAM: 1024G
[    0.003031]  gran_size: 16M 	chunk_size: 256M 	num_reg: 10  	lose cover RAM: 1024G
[    0.003032]  gran_size: 16M 	chunk_size: 512M 	num_reg: 10  	lose cover RAM: 1024G
[    0.003033]  gran_size: 16M 	chunk_size: 1G 	num_reg: 10  	lose cover RAM: 1024G
[    0.003034]  gran_size: 16M 	chunk_size: 2G 	num_reg: 10  	lose cover RAM: 1024G
[    0.003036]  gran_size: 32M 	chunk_size: 32M 	num_reg: 10  	lose cover RAM: 2031632M
[    0.003037]  gran_size: 32M 	chunk_size: 64M 	num_reg: 10  	lose cover RAM: 1048592M
[    0.003038]  gran_size: 32M 	chunk_size: 128M 	num_reg: 10  	lose cover RAM: 1048592M
[    0.003040]  gran_size: 32M 	chunk_size: 256M 	num_reg: 10  	lose cover RAM: 1048592M
[    0.003041]  gran_size: 32M 	chunk_size: 512M 	num_reg: 10  	lose cover RAM: 1048592M
[    0.003042]  gran_size: 32M 	chunk_size: 1G 	num_reg: 10  	lose cover RAM: 1048592M
[    0.003044]  gran_size: 32M 	chunk_size: 2G 	num_reg: 10  	lose cover RAM: 1048592M
[    0.003045]  gran_size: 64M 	chunk_size: 64M 	num_reg: 10  	lose cover RAM: 1966128M
[    0.003046]  gran_size: 64M 	chunk_size: 128M 	num_reg: 10  	lose cover RAM: 1048624M
[    0.003047]  gran_size: 64M 	chunk_size: 256M 	num_reg: 10  	lose cover RAM: 1048624M
[    0.003049]  gran_size: 64M 	chunk_size: 512M 	num_reg: 10  	lose cover RAM: 1048624M
[    0.003050]  gran_size: 64M 	chunk_size: 1G 	num_reg: 10  	lose cover RAM: 1048624M
[    0.003051]  gran_size: 64M 	chunk_size: 2G 	num_reg: 10  	lose cover RAM: 1048624M
[    0.003053]  gran_size: 128M 	chunk_size: 128M 	num_reg: 10  	lose cover RAM: 1835120M
[    0.003054]  gran_size: 128M 	chunk_size: 256M 	num_reg: 10  	lose cover RAM: 1048688M
[    0.003055]  gran_size: 128M 	chunk_size: 512M 	num_reg: 10  	lose cover RAM: 1048688M
[    0.003057]  gran_size: 128M 	chunk_size: 1G 	num_reg: 10  	lose cover RAM: 1048688M
[    0.003058]  gran_size: 128M 	chunk_size: 2G 	num_reg: 10  	lose cover RAM: 1048688M
[    0.003059]  gran_size: 256M 	chunk_size: 256M 	num_reg: 10  	lose cover RAM: 1573104M
[    0.003061]  gran_size: 256M 	chunk_size: 512M 	num_reg: 10  	lose cover RAM: 1048816M
[    0.003062]  gran_size: 256M 	chunk_size: 1G 	num_reg: 10  	lose cover RAM: 1048816M
[    0.003063]  gran_size: 256M 	chunk_size: 2G 	num_reg: 10  	lose cover RAM: 1048816M
[    0.003065]  gran_size: 512M 	chunk_size: 512M 	num_reg: 10  	lose cover RAM: 1049072M
[    0.003066]  gran_size: 512M 	chunk_size: 1G 	num_reg: 10  	lose cover RAM: 1049072M
[    0.003067]  gran_size: 512M 	chunk_size: 2G 	num_reg: 10  	lose cover RAM: 1049072M
[    0.003068]  gran_size: 1G 	chunk_size: 1G 	num_reg: 10  	lose cover RAM: 1008M
[    0.003070]  gran_size: 1G 	chunk_size: 2G 	num_reg: 10  	lose cover RAM: 1008M
[    0.003071]  gran_size: 2G 	chunk_size: 2G 	num_reg: 9  	lose cover RAM: 2032M
[    0.003072] mtrr_cleanup: can not find optimal value
[    0.003073] please specify mtrr_gran_size/mtrr_chunk_size
[    0.003075] e820: update [mem 0x7f000000-0xffffffff] usable ==> reserved
[    0.003078] x2apic: enabled by BIOS, switching to x2apic ops
[    0.003079] last_pfn = 0x6f800 max_arch_pfn = 0x400000000
[    0.014399] Using GB pages for direct mapping
[    0.015325] Secure boot disabled
[    0.015325] RAMDISK: [mem 0x205cb7c000-0x207fffffff]
[    0.015331] ACPI: Early table checksum verification disabled
[    0.015333] ACPI: RSDP 0x000000006F7FE014 000024 (v02 DELL  )
[    0.015337] ACPI: XSDT 0x000000006F41C188 0000F4 (v01 DELL   PE_SC3   00000000 DELL 01000013)
[    0.015342] ACPI: FACP 0x000000006F430000 000114 (v06 DELL   PE_SC3   00000000 DELL 00000001)
[    0.015347] ACPI: DSDT 0x000000004B4CE000 07FAD3 (v02 DELL   PE_SC3   00000003 DELL 00000001)
[    0.015351] ACPI: FACS 0x000000006F2F2000 000040
[    0.015354] ACPI: SSDT 0x000000006F7FB000 00159A (v02 INTEL  RAS_ACPI 00000001 INTL 20210331)
[    0.015358] ACPI: SSDT 0x000000006F7FA000 000745 (v02 INTEL  ADDRXLAT 00000001 INTL 20210331)
[    0.015361] ACPI: MCEJ 0x000000006F7F9000 000130 (v01 INTEL           00000001 INTL 0100000D)
[    0.015365] ACPI: BERT 0x000000006F7F8000 000030 (v01 DELL   PE_SC3   00000001 INTL 00000001)
[    0.015368] ACPI: ERST 0x000000006F7F7000 000230 (v01 DELL   PE_SC3   00000001 INTL 00000001)
[    0.015371] ACPI: SSDT 0x000000006F431000 3C524E (v02 INTEL  SSDTNVDR 00001000 INTL 20210331)
[    0.015374] ACPI: HMAT 0x000000006F42F000 000210 (v01 DELL   PE_SC3   00000001 DELL 00000001)
[    0.015378] ACPI: HPET 0x000000006F42E000 000038 (v01 DELL   PE_SC3   00000001 DELL 00000001)
[    0.015381] ACPI: MCFG 0x000000006F42D000 00003C (v01 DELL   PE_SC3   00000001 DELL 00000001)
[    0.015384] ACPI: MIGT 0x000000006F42C000 000040 (v01 DELL   PE_SC3   00000000 DELL 00000001)
[    0.015387] ACPI: MSCT 0x000000006F42B000 000090 (v01 DELL   PE_SC3   00000001 DELL 00000001)
[    0.015390] ACPI: PMTT 0x000000006F429000 0011E8 (v02 DELL   PE_SC3   00000001 DELL 00000001)
[    0.015394] ACPI: WSMT 0x000000006F428000 000028 (v01 DELL   PE_SC3   00000000 DELL 00000001)
[    0.015397] ACPI: APIC 0x000000006F427000 00075E (v04 DELL   PE_SC3   00000000 DELL 00000001)
[    0.015400] ACPI: SLIT 0x000000006F426000 00003C (v01 DELL   PE_SC3   00000001 DELL 01000013)
[    0.015403] ACPI: SRAT 0x000000006F41F000 006430 (v03 DELL   PE_SC3   00000002 DELL 01000013)
[    0.015406] ACPI: OEM4 0x000000004B346000 187A61 (v02 INTEL  CPU  CST 00003000 INTL 20210331)
[    0.015410] ACPI: SSDT 0x000000004B2CF000 0764A5 (v02 INTEL  SSDT  PM 00004000 INTL 20210331)
[    0.015413] ACPI: SSDT 0x000000006F41E000 000A1F (v02 DELL   PE_SC3   00000000 DELL 00000001)
[    0.015416] ACPI: HEST 0x000000006F41D000 00017C (v01 DELL   PE_SC3   00000001 INTL 00000001)
[    0.015419] ACPI: PCAT 0x000000006F41B000 00010C (v19 DELL   PE_SC3   00000002 DELL 00000001)
[    0.015422] ACPI: SSDT 0x000000006F413000 007299 (v02 INTEL  SpsNm    00000002 INTL 20210331)
[    0.015426] ACPI: SSDT 0x000000006F412000 000426 (v02 DELL   PE_SC3   00000002 DELL 00000001)
[    0.015429] ACPI: NFIT 0x000000006F7FD000 000488 (v01 DELL   PE_SC3   00000002 DELL 00000001)
[    0.015432] ACPI: DMAR 0x000000006F411000 000158 (v01 DELL   PE_SC3   00000001 DELL 00000001)
[    0.015435] ACPI: Reserving FACP table memory at [mem 0x6f430000-0x6f430113]
[    0.015436] ACPI: Reserving DSDT table memory at [mem 0x4b4ce000-0x4b54dad2]
[    0.015437] ACPI: Reserving FACS table memory at [mem 0x6f2f2000-0x6f2f203f]
[    0.015438] ACPI: Reserving SSDT table memory at [mem 0x6f7fb000-0x6f7fc599]
[    0.015439] ACPI: Reserving SSDT table memory at [mem 0x6f7fa000-0x6f7fa744]
[    0.015440] ACPI: Reserving MCEJ table memory at [mem 0x6f7f9000-0x6f7f912f]
[    0.015441] ACPI: Reserving BERT table memory at [mem 0x6f7f8000-0x6f7f802f]
[    0.015442] ACPI: Reserving ERST table memory at [mem 0x6f7f7000-0x6f7f722f]
[    0.015443] ACPI: Reserving SSDT table memory at [mem 0x6f431000-0x6f7f624d]
[    0.015443] ACPI: Reserving HMAT table memory at [mem 0x6f42f000-0x6f42f20f]
[    0.015444] ACPI: Reserving HPET table memory at [mem 0x6f42e000-0x6f42e037]
[    0.015445] ACPI: Reserving MCFG table memory at [mem 0x6f42d000-0x6f42d03b]
[    0.015446] ACPI: Reserving MIGT table memory at [mem 0x6f42c000-0x6f42c03f]
[    0.015447] ACPI: Reserving MSCT table memory at [mem 0x6f42b000-0x6f42b08f]
[    0.015448] ACPI: Reserving PMTT table memory at [mem 0x6f429000-0x6f42a1e7]
[    0.015449] ACPI: Reserving WSMT table memory at [mem 0x6f428000-0x6f428027]
[    0.015450] ACPI: Reserving APIC table memory at [mem 0x6f427000-0x6f42775d]
[    0.015450] ACPI: Reserving SLIT table memory at [mem 0x6f426000-0x6f42603b]
[    0.015451] ACPI: Reserving SRAT table memory at [mem 0x6f41f000-0x6f42542f]
[    0.015452] ACPI: Reserving OEM4 table memory at [mem 0x4b346000-0x4b4cda60]
[    0.015453] ACPI: Reserving SSDT table memory at [mem 0x4b2cf000-0x4b3454a4]
[    0.015454] ACPI: Reserving SSDT table memory at [mem 0x6f41e000-0x6f41ea1e]
[    0.015455] ACPI: Reserving HEST table memory at [mem 0x6f41d000-0x6f41d17b]
[    0.015456] ACPI: Reserving PCAT table memory at [mem 0x6f41b000-0x6f41b10b]
[    0.015457] ACPI: Reserving SSDT table memory at [mem 0x6f413000-0x6f41a298]
[    0.015458] ACPI: Reserving SSDT table memory at [mem 0x6f412000-0x6f412425]
[    0.015459] ACPI: Reserving NFIT table memory at [mem 0x6f7fd000-0x6f7fd487]
[    0.015460] ACPI: Reserving DMAR table memory at [mem 0x6f411000-0x6f411157]
[    0.015470] Setting APIC routing to cluster x2apic.
[    0.015518] SRAT: PXM 0 -> APIC 0x0000 -> Node 0
[    0.015519] SRAT: PXM 0 -> APIC 0x0001 -> Node 0
[    0.015520] SRAT: PXM 0 -> APIC 0x0002 -> Node 0
[    0.015520] SRAT: PXM 0 -> APIC 0x0003 -> Node 0
[    0.015521] SRAT: PXM 0 -> APIC 0x0004 -> Node 0
[    0.015522] SRAT: PXM 0 -> APIC 0x0005 -> Node 0
[    0.015522] SRAT: PXM 0 -> APIC 0x0006 -> Node 0
[    0.015523] SRAT: PXM 0 -> APIC 0x0007 -> Node 0
[    0.015524] SRAT: PXM 0 -> APIC 0x0008 -> Node 0
[    0.015524] SRAT: PXM 0 -> APIC 0x0009 -> Node 0
[    0.015525] SRAT: PXM 0 -> APIC 0x000a -> Node 0
[    0.015526] SRAT: PXM 0 -> APIC 0x000b -> Node 0
[    0.015527] SRAT: PXM 0 -> APIC 0x000c -> Node 0
[    0.015527] SRAT: PXM 0 -> APIC 0x000d -> Node 0
[    0.015528] SRAT: PXM 0 -> APIC 0x000e -> Node 0
[    0.015529] SRAT: PXM 0 -> APIC 0x000f -> Node 0
[    0.015529] SRAT: PXM 0 -> APIC 0x0010 -> Node 0
[    0.015530] SRAT: PXM 0 -> APIC 0x0011 -> Node 0
[    0.015531] SRAT: PXM 0 -> APIC 0x0012 -> Node 0
[    0.015531] SRAT: PXM 0 -> APIC 0x0013 -> Node 0
[    0.015532] SRAT: PXM 0 -> APIC 0x0014 -> Node 0
[    0.015533] SRAT: PXM 0 -> APIC 0x0015 -> Node 0
[    0.015533] SRAT: PXM 0 -> APIC 0x0016 -> Node 0
[    0.015534] SRAT: PXM 0 -> APIC 0x0017 -> Node 0
[    0.015535] SRAT: PXM 0 -> APIC 0x0018 -> Node 0
[    0.015535] SRAT: PXM 0 -> APIC 0x0019 -> Node 0
[    0.015536] SRAT: PXM 0 -> APIC 0x001a -> Node 0
[    0.015537] SRAT: PXM 0 -> APIC 0x001b -> Node 0
[    0.015537] SRAT: PXM 0 -> APIC 0x001c -> Node 0
[    0.015538] SRAT: PXM 0 -> APIC 0x001d -> Node 0
[    0.015538] SRAT: PXM 0 -> APIC 0x001e -> Node 0
[    0.015539] SRAT: PXM 0 -> APIC 0x001f -> Node 0
[    0.015540] SRAT: PXM 0 -> APIC 0x0020 -> Node 0
[    0.015540] SRAT: PXM 0 -> APIC 0x0021 -> Node 0
[    0.015541] SRAT: PXM 0 -> APIC 0x0022 -> Node 0
[    0.015542] SRAT: PXM 0 -> APIC 0x0023 -> Node 0
[    0.015542] SRAT: PXM 0 -> APIC 0x0024 -> Node 0
[    0.015543] SRAT: PXM 0 -> APIC 0x0025 -> Node 0
[    0.015544] SRAT: PXM 0 -> APIC 0x0026 -> Node 0
[    0.015544] SRAT: PXM 0 -> APIC 0x0027 -> Node 0
[    0.015545] SRAT: PXM 0 -> APIC 0x0028 -> Node 0
[    0.015546] SRAT: PXM 0 -> APIC 0x0029 -> Node 0
[    0.015546] SRAT: PXM 0 -> APIC 0x002a -> Node 0
[    0.015547] SRAT: PXM 0 -> APIC 0x002b -> Node 0
[    0.015547] SRAT: PXM 0 -> APIC 0x002c -> Node 0
[    0.015548] SRAT: PXM 0 -> APIC 0x002d -> Node 0
[    0.015549] SRAT: PXM 0 -> APIC 0x002e -> Node 0
[    0.015549] SRAT: PXM 0 -> APIC 0x002f -> Node 0
[    0.015550] SRAT: PXM 0 -> APIC 0x0030 -> Node 0
[    0.015551] SRAT: PXM 0 -> APIC 0x0031 -> Node 0
[    0.015551] SRAT: PXM 0 -> APIC 0x0032 -> Node 0
[    0.015552] SRAT: PXM 0 -> APIC 0x0033 -> Node 0
[    0.015553] SRAT: PXM 0 -> APIC 0x0034 -> Node 0
[    0.015553] SRAT: PXM 0 -> APIC 0x0035 -> Node 0
[    0.015554] SRAT: PXM 0 -> APIC 0x0036 -> Node 0
[    0.015555] SRAT: PXM 0 -> APIC 0x0037 -> Node 0
[    0.015555] SRAT: PXM 1 -> APIC 0x0080 -> Node 1
[    0.015556] SRAT: PXM 1 -> APIC 0x0081 -> Node 1
[    0.015557] SRAT: PXM 1 -> APIC 0x0082 -> Node 1
[    0.015558] SRAT: PXM 1 -> APIC 0x0083 -> Node 1
[    0.015558] SRAT: PXM 1 -> APIC 0x0084 -> Node 1
[    0.015559] SRAT: PXM 1 -> APIC 0x0085 -> Node 1
[    0.015560] SRAT: PXM 1 -> APIC 0x0086 -> Node 1
[    0.015560] SRAT: PXM 1 -> APIC 0x0087 -> Node 1
[    0.015561] SRAT: PXM 1 -> APIC 0x0088 -> Node 1
[    0.015562] SRAT: PXM 1 -> APIC 0x0089 -> Node 1
[    0.015562] SRAT: PXM 1 -> APIC 0x008a -> Node 1
[    0.015563] SRAT: PXM 1 -> APIC 0x008b -> Node 1
[    0.015564] SRAT: PXM 1 -> APIC 0x008c -> Node 1
[    0.015564] SRAT: PXM 1 -> APIC 0x008d -> Node 1
[    0.015565] SRAT: PXM 1 -> APIC 0x008e -> Node 1
[    0.015565] SRAT: PXM 1 -> APIC 0x008f -> Node 1
[    0.015566] SRAT: PXM 1 -> APIC 0x0090 -> Node 1
[    0.015567] SRAT: PXM 1 -> APIC 0x0091 -> Node 1
[    0.015567] SRAT: PXM 1 -> APIC 0x0092 -> Node 1
[    0.015568] SRAT: PXM 1 -> APIC 0x0093 -> Node 1
[    0.015569] SRAT: PXM 1 -> APIC 0x0094 -> Node 1
[    0.015569] SRAT: PXM 1 -> APIC 0x0095 -> Node 1
[    0.015570] SRAT: PXM 1 -> APIC 0x0096 -> Node 1
[    0.015571] SRAT: PXM 1 -> APIC 0x0097 -> Node 1
[    0.015571] SRAT: PXM 1 -> APIC 0x0098 -> Node 1
[    0.015572] SRAT: PXM 1 -> APIC 0x0099 -> Node 1
[    0.015573] SRAT: PXM 1 -> APIC 0x009a -> Node 1
[    0.015573] SRAT: PXM 1 -> APIC 0x009b -> Node 1
[    0.015574] SRAT: PXM 1 -> APIC 0x009c -> Node 1
[    0.015575] SRAT: PXM 1 -> APIC 0x009d -> Node 1
[    0.015575] SRAT: PXM 1 -> APIC 0x009e -> Node 1
[    0.015576] SRAT: PXM 1 -> APIC 0x009f -> Node 1
[    0.015576] SRAT: PXM 1 -> APIC 0x00a0 -> Node 1
[    0.015577] SRAT: PXM 1 -> APIC 0x00a1 -> Node 1
[    0.015578] SRAT: PXM 1 -> APIC 0x00a2 -> Node 1
[    0.015578] SRAT: PXM 1 -> APIC 0x00a3 -> Node 1
[    0.015579] SRAT: PXM 1 -> APIC 0x00a4 -> Node 1
[    0.015580] SRAT: PXM 1 -> APIC 0x00a5 -> Node 1
[    0.015580] SRAT: PXM 1 -> APIC 0x00a6 -> Node 1
[    0.015581] SRAT: PXM 1 -> APIC 0x00a7 -> Node 1
[    0.015582] SRAT: PXM 1 -> APIC 0x00a8 -> Node 1
[    0.015582] SRAT: PXM 1 -> APIC 0x00a9 -> Node 1
[    0.015583] SRAT: PXM 1 -> APIC 0x00aa -> Node 1
[    0.015583] SRAT: PXM 1 -> APIC 0x00ab -> Node 1
[    0.015584] SRAT: PXM 1 -> APIC 0x00ac -> Node 1
[    0.015585] SRAT: PXM 1 -> APIC 0x00ad -> Node 1
[    0.015585] SRAT: PXM 1 -> APIC 0x00ae -> Node 1
[    0.015586] SRAT: PXM 1 -> APIC 0x00af -> Node 1
[    0.015587] SRAT: PXM 1 -> APIC 0x00b0 -> Node 1
[    0.015588] SRAT: PXM 1 -> APIC 0x00b1 -> Node 1
[    0.015588] SRAT: PXM 1 -> APIC 0x00b2 -> Node 1
[    0.015589] SRAT: PXM 1 -> APIC 0x00b3 -> Node 1
[    0.015590] SRAT: PXM 1 -> APIC 0x00b4 -> Node 1
[    0.015590] SRAT: PXM 1 -> APIC 0x00b5 -> Node 1
[    0.015591] SRAT: PXM 1 -> APIC 0x00b6 -> Node 1
[    0.015592] SRAT: PXM 1 -> APIC 0x00b7 -> Node 1
[    0.015604] ACPI: SRAT: Node 0 PXM 0 [mem 0x00000000-0x7fffffff]
[    0.015606] ACPI: SRAT: Node 0 PXM 0 [mem 0x100000000-0x107fffffff]
[    0.015608] ACPI: SRAT: Node 2 PXM 2 [mem 0x2080000000-0x9e7fffffff] non-volatile
[    0.015609] ACPI: SRAT: Node 1 PXM 1 [mem 0x1080000000-0x207fffffff]
[    0.015610] ACPI: SRAT: Node 3 PXM 3 [mem 0x9e80000000-0x11c7fffffff] non-volatile
[    0.015619] NUMA: Initialized distance table, cnt=4
[    0.015621] NUMA: Node 0 [mem 0x00000000-0x7fffffff] + [mem 0x100000000-0x107fffffff] -> [mem 0x00000000-0x107fffffff]
[    0.015630] NODE_DATA(0) allocated [mem 0xffffd5000-0xfffffffff]
[    0.015648] NODE_DATA(1) allocated [mem 0x205cb4c000-0x205cb76fff]
[    0.015849] Zone ranges:
[    0.015849]   DMA      [mem 0x0000000000001000-0x0000000000ffffff]
[    0.015851]   DMA32    [mem 0x0000000001000000-0x00000000ffffffff]
[    0.015853]   Normal   [mem 0x0000000100000000-0x000000207fffffff]
[    0.015854]   Device   empty
[    0.015855] Movable zone start for each node
[    0.015858] Early memory node ranges
[    0.015859]   node   0: [mem 0x0000000000001000-0x000000000008efff]
[    0.015860]   node   0: [mem 0x0000000000090000-0x000000000009ffff]
[    0.015861]   node   0: [mem 0x0000000000100000-0x0000000049e76fff]
[    0.015862]   node   0: [mem 0x000000004ae77000-0x000000004b2cefff]
[    0.015863]   node   0: [mem 0x000000004b54e000-0x000000004bd93fff]
[    0.015864]   node   0: [mem 0x000000004be9a000-0x000000004cdfffff]
[    0.015865]   node   0: [mem 0x000000004d000000-0x000000005eefdfff]
[    0.015865]   node   0: [mem 0x000000006f7ff000-0x000000006f7fffff]
[    0.015866]   node   0: [mem 0x0000000b54300000-0x0000000fffffffff]
[    0.015868]   node   1: [mem 0x0000001ec0000000-0x000000207fffffff]
[    0.015870] Initmem setup node 0 [mem 0x0000000000001000-0x0000000fffffffff]
[    0.015872] Initmem setup node 1 [mem 0x0000001ec0000000-0x000000207fffffff]
[    0.015876] On node 0, zone DMA: 1 pages in unavailable ranges
[    0.015878] On node 0, zone DMA: 1 pages in unavailable ranges
[    0.015907] On node 0, zone DMA: 96 pages in unavailable ranges
[    0.018229] On node 0, zone DMA32: 4096 pages in unavailable ranges
[    0.018256] On node 0, zone DMA32: 639 pages in unavailable ranges
[    0.018292] On node 0, zone DMA32: 262 pages in unavailable ranges
[    0.018860] On node 0, zone DMA32: 512 pages in unavailable ranges
[    0.019361] On node 0, zone DMA32: 35073 pages in unavailable ranges
[    0.055568] On node 0, zone Normal: 19200 pages in unavailable ranges
[    0.069830] ACPI: PM-Timer IO Port: 0x508
[    0.069849] ACPI: X2APIC_NMI (uid[0xffffffff] high edge lint[0x1])
[    0.069852] ACPI: LAPIC_NMI (acpi_id[0xff] high edge lint[0x1])
[    0.069872] IOAPIC[0]: apic_id 8, version 32, address 0xfec00000, GSI 0-119
[    0.069875] ACPI: INT_SRC_OVR (bus 0 bus_irq 0 global_irq 2 dfl dfl)
[    0.069877] ACPI: INT_SRC_OVR (bus 0 bus_irq 9 global_irq 9 high level)
[    0.069881] ACPI: Using ACPI (MADT) for SMP configuration information
[    0.069882] ACPI: HPET id: 0x8086a701 base: 0xfed00000
[    0.069887] TSC deadline timer available
[    0.069888] smpboot: Allowing 112 CPUs, 0 hotplug CPUs
[    0.069916] PM: hibernation: Registered nosave memory: [mem 0x00000000-0x00000fff]
[    0.069919] PM: hibernation: Registered nosave memory: [mem 0x0008f000-0x0008ffff]
[    0.069921] PM: hibernation: Registered nosave memory: [mem 0x000a0000-0x000fffff]
[    0.069922] PM: hibernation: Registered nosave memory: [mem 0x46cc5000-0x46cc5fff]
[    0.069924] PM: hibernation: Registered nosave memory: [mem 0x46cf6000-0x46cf6fff]
[    0.069925] PM: hibernation: Registered nosave memory: [mem 0x46cf7000-0x46cf7fff]
[    0.069927] PM: hibernation: Registered nosave memory: [mem 0x46d29000-0x46d29fff]
[    0.069928] PM: hibernation: Registered nosave memory: [mem 0x46d2a000-0x46d2afff]
[    0.069929] PM: hibernation: Registered nosave memory: [mem 0x46d5c000-0x46d5cfff]
[    0.069930] PM: hibernation: Registered nosave memory: [mem 0x46d5d000-0x46d5dfff]
[    0.069932] PM: hibernation: Registered nosave memory: [mem 0x46d65000-0x46d65fff]
[    0.069934] PM: hibernation: Registered nosave memory: [mem 0x49e77000-0x4ae76fff]
[    0.069935] PM: hibernation: Registered nosave memory: [mem 0x4b2cf000-0x4b54dfff]
[    0.069937] PM: hibernation: Registered nosave memory: [mem 0x4bd94000-0x4be99fff]
[    0.069939] PM: hibernation: Registered nosave memory: [mem 0x4ce00000-0x4cffffff]
[    0.069941] PM: hibernation: Registered nosave memory: [mem 0x5eefe000-0x6e3fefff]
[    0.069942] PM: hibernation: Registered nosave memory: [mem 0x6e3ff000-0x6f3fefff]
[    0.069943] PM: hibernation: Registered nosave memory: [mem 0x6f3ff000-0x6f7fefff]
[    0.069944] PM: hibernation: Registered nosave memory: [mem 0x6f800000-0x8fffffff]
[    0.069945] PM: hibernation: Registered nosave memory: [mem 0x90000000-0xfdffffff]
[    0.069946] PM: hibernation: Registered nosave memory: [mem 0xfe000000-0xfe010fff]
[    0.069946] PM: hibernation: Registered nosave memory: [mem 0xfe011000-0xffffffff]
[    0.069947] PM: hibernation: Registered nosave memory: [mem 0x100000000-0xb542fffff]
[    0.069949] PM: hibernation: Registered nosave memory: [mem 0x1000000000-0x1ebfffffff]
[    0.069951] [mem 0x90000000-0xfdffffff] available for PCI devices
[    0.069953] Booting paravirtualized kernel on bare hardware
[    0.069955] clocksource: refined-jiffies: mask: 0xffffffff max_cycles: 0xffffffff, max_idle_ns: 7645519600211568 ns
[    0.069961] setup_percpu: NR_CPUS:8192 nr_cpumask_bits:112 nr_cpu_ids:112 nr_node_ids:4
[    0.074510] percpu: Embedded 53 pages/cpu s180224 r8192 d28672 u262144
[    0.074521] pcpu-alloc: s180224 r8192 d28672 u262144 alloc=1*2097152
[    0.074524] pcpu-alloc: [0] 000 002 004 006 008 010 012 014 
[    0.074529] pcpu-alloc: [0] 016 018 020 022 024 026 028 030 
[    0.074534] pcpu-alloc: [0] 032 034 036 038 040 042 044 046 
[    0.074538] pcpu-alloc: [0] 048 050 052 054 056 058 060 062 
[    0.074542] pcpu-alloc: [0] 064 066 068 070 072 074 076 078 
[    0.074546] pcpu-alloc: [0] 080 082 084 086 088 090 092 094 
[    0.074550] pcpu-alloc: [0] 096 098 100 102 104 106 108 110 
[    0.074555] pcpu-alloc: [1] 001 003 005 007 009 011 013 015 
[    0.074559] pcpu-alloc: [1] 017 019 021 023 025 027 029 031 
[    0.074563] pcpu-alloc: [1] 033 035 037 039 041 043 045 047 
[    0.074567] pcpu-alloc: [1] 049 051 053 055 057 059 061 063 
[    0.074571] pcpu-alloc: [1] 065 067 069 071 073 075 077 079 
[    0.074575] pcpu-alloc: [1] 081 083 085 087 089 091 093 095 
[    0.074579] pcpu-alloc: [1] 097 099 101 103 105 107 109 111 
[    0.074630] Built 2 zonelists, mobility grouping on.  Total pages: 7003936
[    0.074632] Policy zone: Normal
[    0.074633] Kernel command line: BOOT_IMAGE=/boot/vmlinuz-5.15.0-tiering-0.8 root=UUID=ce0c24b8-724b-4f33-9b2c-618433560aef ro memmap=42307M!4096M memmap=59G!64G quiet splash nomodeset vt.handoff=1
[    0.074752] You have booted with nomodeset. This means your GPU drivers are DISABLED
[    0.074752] Any video related functionality will be severely degraded, and you may not even be able to suspend the system properly
[    0.074753] Unless you actually understand what nomodeset does, you should reboot without enabling it
[    0.074774] Unknown command line parameters: splash BOOT_IMAGE=/boot/vmlinuz-5.15.0-tiering-0.8
[    0.074776] printk: log_buf_len individual max cpu contribution: 4096 bytes
[    0.074777] printk: log_buf_len total cpu_extra contributions: 454656 bytes
[    0.074777] printk: log_buf_len min size: 262144 bytes
[    0.075759] printk: log_buf_len: 1048576 bytes
[    0.075760] printk: early log buf free: 223784(85%)
[    0.077331] mem auto-init: stack:off, heap alloc:on, heap free:off
[    0.150361] Memory: 27174760K/28465248K available (14345K kernel code, 3484K rwdata, 10288K rodata, 2824K init, 5836K bss, 1290228K reserved, 0K cma-reserved)
[    0.150368] random: get_random_u64 called from __kmem_cache_create+0x2d/0x460 with crng_init=1
[    0.151252] SLUB: HWalign=64, Order=0-3, MinObjects=0, CPUs=112, Nodes=4
[    0.151283] ftrace: allocating 48223 entries in 189 pages
[    0.166495] ftrace: allocated 189 pages with 6 groups
[    0.167155] rcu: Hierarchical RCU implementation.
[    0.167156] rcu: 	RCU restricting CPUs from NR_CPUS=8192 to nr_cpu_ids=112.
[    0.167158] 	Rude variant of Tasks RCU enabled.
[    0.167159] 	Tracing variant of Tasks RCU enabled.
[    0.167159] rcu: RCU calculated value of scheduler-enlistment delay is 25 jiffies.
[    0.167160] rcu: Adjusting geometry for rcu_fanout_leaf=16, nr_cpu_ids=112
[    0.171035] NR_IRQS: 524544, nr_irqs: 2952, preallocated irqs: 16
[    0.171421] random: crng done (trusting CPU's manufacturer)
[    0.171566] Console: colour dummy device 80x25
[    0.171600] printk: console [tty0] enabled
[    0.171771] mempolicy: Enabling automatic NUMA balancing. Configure with numa_balancing= or the kernel.numa_balancing sysctl
[    0.171776] ACPI: Core revision 20210730
[    0.175180] clocksource: hpet: mask: 0xffffffff max_cycles: 0xffffffff, max_idle_ns: 79635855245 ns
[    0.175223] APIC: Switch to symmetric I/O mode setup
[    0.175225] DMAR: Host address width 46
[    0.175225] DMAR: DRHD base: 0x000000d0ffc000 flags: 0x0
[    0.175231] DMAR: dmar0: reg_base_addr d0ffc000 ver 4:0 cap 8ed008c40780466 ecap 60000f050df
[    0.175233] DMAR: DRHD base: 0x000000dbbfc000 flags: 0x0
[    0.175236] DMAR: dmar1: reg_base_addr dbbfc000 ver 4:0 cap 8ed008c40780466 ecap 60000f050df
[    0.175238] DMAR: DRHD base: 0x000000e67fc000 flags: 0x0
[    0.175243] DMAR: dmar2: reg_base_addr e67fc000 ver 4:0 cap 8ed008c40780466 ecap 60000f050df
[    0.175244] DMAR: DRHD base: 0x000000f13fc000 flags: 0x0
[    0.175246] DMAR: dmar3: reg_base_addr f13fc000 ver 4:0 cap 8ed008c40780466 ecap 60000f050df
[    0.175248] DMAR: DRHD base: 0x000000fb7fc000 flags: 0x0
[    0.175251] DMAR: dmar4: reg_base_addr fb7fc000 ver 4:0 cap 8ed008c40780466 ecap 60000f050df
[    0.175253] DMAR: DRHD base: 0x000000a63fc000 flags: 0x0
[    0.175255] DMAR: dmar5: reg_base_addr a63fc000 ver 4:0 cap 8ed008c40780466 ecap 60000f050df
[    0.175257] DMAR: DRHD base: 0x000000b0ffc000 flags: 0x0
[    0.175259] DMAR: dmar6: reg_base_addr b0ffc000 ver 4:0 cap 8ed008c40780466 ecap 60000f050df
[    0.175261] DMAR: DRHD base: 0x000000bbbfc000 flags: 0x0
[    0.175266] DMAR: dmar7: reg_base_addr bbbfc000 ver 4:0 cap 8ed008c40780466 ecap 60000f050df
[    0.175267] DMAR: DRHD base: 0x000000c5ffc000 flags: 0x0
[    0.175270] DMAR: dmar8: reg_base_addr c5ffc000 ver 4:0 cap 8ed008c40780466 ecap 60000f050df
[    0.175272] DMAR: DRHD base: 0x0000009b7fc000 flags: 0x1
[    0.175274] DMAR: dmar9: reg_base_addr 9b7fc000 ver 4:0 cap 8ed008c40780466 ecap 60000f050df
[    0.175276] DMAR: RMRR base: 0x00000069427000 end: 0x00000069429fff
[    0.175278] DMAR: ATSR flags: 0x0
[    0.175280] DMAR-IR: IOAPIC id 8 under DRHD base  0x9b7fc000 IOMMU 9
[    0.175282] DMAR-IR: HPET id 0 under DRHD base 0x9b7fc000
[    0.175283] DMAR-IR: Queued invalidation will be enabled to support x2apic and Intr-remapping.
[    0.178212] DMAR-IR: Enabled IRQ remapping in x2apic mode
[    0.180813] ..TIMER: vector=0x30 apic1=0 pin1=2 apic2=-1 pin2=-1
[    0.199153] clocksource: tsc-early: mask: 0xffffffffffffffff max_cycles: 0x39a85c9bff6, max_idle_ns: 881590591483 ns
[    0.199160] Calibrating delay loop (skipped), value calculated using timer frequency.. 4000.00 BogoMIPS (lpj=8000000)
[    0.199164] pid_max: default: 114688 minimum: 896
[    0.202616] LSM: Security Framework initializing
[    0.202638] Yama: becoming mindful.
[    0.202681] AppArmor: AppArmor initialized
[    0.207298] Dentry cache hash table entries: 4194304 (order: 13, 33554432 bytes, vmalloc)
[    0.209590] Inode-cache hash table entries: 2097152 (order: 12, 16777216 bytes, vmalloc)
[    0.209704] Mount-cache hash table entries: 65536 (order: 7, 524288 bytes, vmalloc)
[    0.209776] Mountpoint-cache hash table entries: 65536 (order: 7, 524288 bytes, vmalloc)
[    0.210419] x86/tme: not enabled by BIOS
[    0.210428] CPU0: Thermal monitoring enabled (TM1)
[    0.210431] x86/cpu: User Mode Instruction Prevention (UMIP) activated
[    0.210662] process: using mwait in idle threads
[    0.210664] Last level iTLB entries: 4KB 0, 2MB 0, 4MB 0
[    0.210665] Last level dTLB entries: 4KB 0, 2MB 0, 4MB 0, 1GB 0
[    0.210671] Spectre V1 : Mitigation: usercopy/swapgs barriers and __user pointer sanitization
[    0.210673] Spectre V2 : Mitigation: Enhanced IBRS
[    0.210674] Spectre V2 : Spectre v2 / SpectreRSB mitigation: Filling RSB on context switch
[    0.210675] Spectre V2 : mitigation: Enabling conditional Indirect Branch Prediction Barrier
[    0.210677] Speculative Store Bypass: Mitigation: Speculative Store Bypass disabled via prctl and seccomp
[    0.216937] Freeing SMP alternatives memory: 40K
[    0.219290] smpboot: Estimated ratio of average max frequency by base frequency (times 1024): 1433
[    0.219303] smpboot: CPU0: Intel(R) Xeon(R) Gold 6330 CPU @ 2.00GHz (family: 0x6, model: 0x6a, stepping: 0x6)
[    0.219493] Performance Events: PEBS fmt4+-baseline,  AnyThread deprecated, Icelake events, 32-deep LBR, full-width counters, Intel PMU driver.
[    0.219512] ... version:                5
[    0.219513] ... bit width:              48
[    0.219514] ... generic registers:      8
[    0.219514] ... value mask:             0000ffffffffffff
[    0.219515] ... max period:             00007fffffffffff
[    0.219516] ... fixed-purpose events:   4
[    0.219517] ... event mask:             0001000f000000ff
[    0.219641] rcu: Hierarchical SRCU implementation.
[    0.226839] NMI watchdog: Enabled. Permanently consumes one hw-PMU counter.
[    0.227853] smp: Bringing up secondary CPUs ...
[    0.227961] x86: Booting SMP configuration:
[    0.227962] .... node  #1, CPUs:          #1
[    0.007787] smpboot: CPU 1 Converting physical 0 to logical die 1

[    0.315272] .... node  #0, CPUs:     #2
[    0.320644] .... node  #1, CPUs:     #3
[    0.326087] .... node  #0, CPUs:     #4
[    0.331472] .... node  #1, CPUs:     #5
[    0.336875] .... node  #0, CPUs:     #6
[    0.342454] .... node  #1, CPUs:     #7
[    0.348057] .... node  #0, CPUs:     #8
[    0.353345] .... node  #1, CPUs:     #9
[    0.359262] .... node  #0, CPUs:    #10
[    0.364817] .... node  #1, CPUs:    #11
[    0.370563] .... node  #0, CPUs:    #12
[    0.376086] .... node  #1, CPUs:    #13
[    0.381459] .... node  #0, CPUs:    #14
[    0.386692] .... node  #1, CPUs:    #15
[    0.392028] .... node  #0, CPUs:    #16
[    0.397300] .... node  #1, CPUs:    #17
[    0.402632] .... node  #0, CPUs:    #18
[    0.407880] .... node  #1, CPUs:    #19
[    0.413524] .... node  #0, CPUs:    #20
[    0.418757] .... node  #1, CPUs:    #21
[    0.424379] .... node  #0, CPUs:    #22
[    0.429812] .... node  #1, CPUs:    #23
[    0.435267] .... node  #0, CPUs:    #24
[    0.440739] .... node  #1, CPUs:    #25
[    0.446090] .... node  #0, CPUs:    #26
[    0.451313] .... node  #1, CPUs:    #27
[    0.456643] .... node  #0, CPUs:    #28
[    0.462152] .... node  #1, CPUs:    #29
[    0.467465] .... node  #0, CPUs:    #30
[    0.472696] .... node  #1, CPUs:    #31
[    0.478188] .... node  #0, CPUs:    #32
[    0.483476] .... node  #1, CPUs:    #33
[    0.488867] .... node  #0, CPUs:    #34
[    0.494309] .... node  #1, CPUs:    #35
[    0.499643] .... node  #0, CPUs:    #36
[    0.504852] .... node  #1, CPUs:    #37
[    0.510180] .... node  #0, CPUs:    #38
[    0.515736] .... node  #1, CPUs:    #39
[    0.521273] .... node  #0, CPUs:    #40
[    0.526883] .... node  #1, CPUs:    #41
[    0.532646] .... node  #0, CPUs:    #42
[    0.537955] .... node  #1, CPUs:    #43
[    0.543611] .... node  #0, CPUs:    #44
[    0.548976] .... node  #1, CPUs:    #45
[    0.554449] .... node  #0, CPUs:    #46
[    0.559990] .... node  #1, CPUs:    #47
[    0.565470] .... node  #0, CPUs:    #48
[    0.570813] .... node  #1, CPUs:    #49
[    0.576252] .... node  #0, CPUs:    #50
[    0.581749] .... node  #1, CPUs:    #51
[    0.587410] .... node  #0, CPUs:    #52
[    0.592879] .... node  #1, CPUs:    #53
[    0.598490] .... node  #0, CPUs:    #54
[    0.604200] .... node  #1, CPUs:    #55
[    0.610018] .... node  #0, CPUs:    #56
[    0.616159] .... node  #1, CPUs:    #57
[    0.622079] .... node  #0, CPUs:    #58
[    0.627499] .... node  #1, CPUs:    #59
[    0.632961] .... node  #0, CPUs:    #60
[    0.638353] .... node  #1, CPUs:    #61
[    0.643770] .... node  #0, CPUs:    #62
[    0.649372] .... node  #1, CPUs:    #63
[    0.655215] .... node  #0, CPUs:    #64
[    0.660310] .... node  #1, CPUs:    #65
[    0.666080] .... node  #0, CPUs:    #66
[    0.671820] .... node  #1, CPUs:    #67
[    0.677597] .... node  #0, CPUs:    #68
[    0.683320] .... node  #1, CPUs:    #69
[    0.688541] .... node  #0, CPUs:    #70
[    0.693785] .... node  #1, CPUs:    #71
[    0.699269] .... node  #0, CPUs:    #72
[    0.704437] .... node  #1, CPUs:    #73
[    0.709790] .... node  #0, CPUs:    #74
[    0.715317] .... node  #1, CPUs:    #75
[    0.720750] .... node  #0, CPUs:    #76
[    0.726006] .... node  #1, CPUs:    #77
[    0.731653] .... node  #0, CPUs:    #78
[    0.737113] .... node  #1, CPUs:    #79
[    0.742425] .... node  #0, CPUs:    #80
[    0.748069] .... node  #1, CPUs:    #81
[    0.753429] .... node  #0, CPUs:    #82
[    0.758680] .... node  #1, CPUs:    #83
[    0.764018] .... node  #0, CPUs:    #84
[    0.769547] .... node  #1, CPUs:    #85
[    0.774891] .... node  #0, CPUs:    #86
[    0.780138] .... node  #1, CPUs:    #87
[    0.785658] .... node  #0, CPUs:    #88
[    0.791239] .... node  #1, CPUs:    #89
[    0.796401] .... node  #0, CPUs:    #90
[    0.801865] .... node  #1, CPUs:    #91
[    0.807266] .... node  #0, CPUs:    #92
[    0.812453] .... node  #1, CPUs:    #93
[    0.817802] .... node  #0, CPUs:    #94
[    0.823389] .... node  #1, CPUs:    #95
[    0.828954] .... node  #0, CPUs:    #96
[    0.834582] .... node  #1, CPUs:    #97
[    0.840365] .... node  #0, CPUs:    #98
[    0.845695] .... node  #1, CPUs:    #99
[    0.851384] .... node  #0, CPUs:   #100
[    0.856758] .... node  #1, CPUs:   #101
[    0.862268] .... node  #0, CPUs:   #102
[    0.867822] .... node  #1, CPUs:   #103
[    0.873310] .... node  #0, CPUs:   #104
[    0.878673] .... node  #1, CPUs:   #105
[    0.884139] .... node  #0, CPUs:   #106
[    0.889648] .... node  #1, CPUs:   #107
[    0.895332] .... node  #0, CPUs:   #108
[    0.900810] .... node  #1, CPUs:   #109
[    0.906443] .... node  #0, CPUs:   #110
[    0.912162] .... node  #1, CPUs:   #111
[    0.918013] smp: Brought up 2 nodes, 112 CPUs
[    0.918013] smpboot: Max logical packages: 2
[    0.918013] smpboot: Total of 112 processors activated (448079.04 BogoMIPS)
[    0.922542] devtmpfs: initialized
[    0.922542] x86/mm: Memory block size: 2048MB
[    0.922542] ACPI: PM: Registering ACPI NVS region [mem 0x49e77000-0x4ae76fff] (16777216 bytes)
[    0.923243] ACPI: PM: Registering ACPI NVS region [mem 0x6e3ff000-0x6f3fefff] (16777216 bytes)
[    0.923503] clocksource: jiffies: mask: 0xffffffff max_cycles: 0xffffffff, max_idle_ns: 7645041785100000 ns
[    0.923818] futex hash table entries: 32768 (order: 9, 2097152 bytes, vmalloc)
[    0.924071] pinctrl core: initialized pinctrl subsystem
[    0.924234] PM: RTC time: 03:49:14, date: 2024-06-29
[    0.924436] NET: Registered PF_NETLINK/PF_ROUTE protocol family
[    0.925216] DMA: preallocated 4096 KiB GFP_KERNEL pool for atomic allocations
[    0.925726] DMA: preallocated 4096 KiB GFP_KERNEL|GFP_DMA pool for atomic allocations
[    0.926234] DMA: preallocated 4096 KiB GFP_KERNEL|GFP_DMA32 pool for atomic allocations
[    0.926243] audit: initializing netlink subsys (disabled)
[    0.926250] audit: type=2000 audit(1719632952.748:1): state=initialized audit_enabled=0 res=1
[    0.926250] thermal_sys: Registered thermal governor 'fair_share'
[    0.926250] thermal_sys: Registered thermal governor 'bang_bang'
[    0.926250] thermal_sys: Registered thermal governor 'step_wise'
[    0.926250] thermal_sys: Registered thermal governor 'user_space'
[    0.926250] EISA bus registered
[    0.926250] cpuidle: using governor ladder
[    0.926250] cpuidle: using governor menu
[    0.927195] ACPI FADT declares the system doesn't support PCIe ASPM, so disable it
[    0.927196] ACPI: bus type PCI registered
[    0.927197] acpiphp: ACPI Hot Plug PCI Controller Driver version: 0.5
[    0.927304] PCI: MMCONFIG for domain 0000 [bus 00-ff] at [mem 0x80000000-0x8fffffff] (base 0x80000000)
[    0.927309] PCI: MMCONFIG at [mem 0x80000000-0x8fffffff] reserved in E820
[    0.927315] pmd_set_huge: Cannot satisfy [mem 0x80000000-0x80200000] with a huge-page mapping due to MTRR override.
[    0.927532] PCI: Using configuration type 1 for base access
[    0.927541] PCI: Dell System detected, enabling pci=bfsort.
[    0.929659] ENERGY_PERF_BIAS: Set to 'normal', was 'performance'
[    0.932275] Kprobes globally optimized
[    0.932279] HugeTLB registered 1.00 GiB page size, pre-allocated 0 pages
[    0.932279] HugeTLB registered 2.00 MiB page size, pre-allocated 0 pages
[    0.935282] ACPI: Added _OSI(Module Device)
[    0.935284] ACPI: Added _OSI(Processor Device)
[    0.935284] ACPI: Added _OSI(3.0 _SCP Extensions)
[    0.935285] ACPI: Added _OSI(Processor Aggregator Device)
[    0.935286] ACPI: Added _OSI(Linux-Dell-Video)
[    0.935287] ACPI: Added _OSI(Linux-Lenovo-NV-HDMI-Audio)
[    0.935288] ACPI: Added _OSI(Linux-HPI-Hybrid-Graphics)
[    1.103623] ACPI: 8 ACPI AML tables successfully acquired and loaded
[    1.109270] ACPI: [Firmware Bug]: BIOS _OSI(Linux) query ignored
[    1.116524] ACPI: Dynamic OEM Table Load:
[    1.516094] ACPI: Interpreter enabled
[    1.516116] ACPI: PM: (supports S0 S5)
[    1.516117] ACPI: Using IOAPIC for interrupt routing
[    1.516200] HEST: Table parsing has been initialized.
[    1.516202] PCI: Using host bridge windows from ACPI; if necessary, use "pci=nocrs" and report a bug
[    1.544670] ACPI: Enabled 4 GPEs in block 00 to 7F
[    1.663153] ACPI: PCI Root Bridge [PC00] (domain 0000 [bus 00-15])
[    1.663160] acpi PNP0A08:00: _OSC: OS supports [ExtendedConfig ASPM ClockPM Segments MSI HPX-Type3]
[    1.729473] acpi PNP0A08:00: _OSC: platform does not support [SHPCHotplug AER LTR]
[    1.729694] acpi PNP0A08:00: _OSC: OS now controls [PCIeHotplug PME PCIeCapability]
[    1.729696] acpi PNP0A08:00: FADT indicates ASPM is unsupported, using BIOS configuration
[    1.731524] PCI host bridge to bus 0000:00
[    1.731526] pci_bus 0000:00: root bus resource [io  0x0000-0x0cf7 window]
[    1.731528] pci_bus 0000:00: root bus resource [io  0x1000-0x4fff window]
[    1.731529] pci_bus 0000:00: root bus resource [mem 0x000a0000-0x000bffff window]
[    1.731531] pci_bus 0000:00: root bus resource [mem 0x000c8000-0x000cffff window]
[    1.731532] pci_bus 0000:00: root bus resource [mem 0xfe010000-0xfe010fff window]
[    1.731533] pci_bus 0000:00: root bus resource [mem 0x90000000-0x9b7fffff window]
[    1.731534] pci_bus 0000:00: root bus resource [mem 0x200000000000-0x20ffffffffff window]
[    1.731535] pci_bus 0000:00: root bus resource [bus 00-15]
[    1.732894] pci 0000:00:00.0: [8086:09a2] type 00 class 0x088000
[    1.733669] pci 0000:00:00.1: [8086:09a4] type 00 class 0x088000
[    1.735086] pci 0000:00:00.2: [8086:09a3] type 00 class 0x088000
[    1.736500] pci 0000:00:00.4: [8086:0998] type 00 class 0x060000
[    1.738588] pci 0000:00:02.0: [8086:09a6] type 00 class 0x088000
[    1.738597] pci 0000:00:02.0: reg 0x10: [mem 0x92dfc000-0x92dfdfff]
[    1.740021] pci 0000:00:02.1: [8086:09a7] type 00 class 0x088000
[    1.740029] pci 0000:00:02.1: reg 0x10: [mem 0x92d00000-0x92d7ffff]
[    1.740034] pci 0000:00:02.1: reg 0x14: [mem 0x92c80000-0x92cfffff]
[    1.741448] pci 0000:00:02.4: [8086:3456] type 00 class 0x130000
[    1.741458] pci 0000:00:02.4: reg 0x10: [mem 0x92a00000-0x92afffff 64bit]
[    1.741464] pci 0000:00:02.4: reg 0x18: [mem 0x92df0000-0x92df3fff 64bit]
[    1.741471] pci 0000:00:02.4: reg 0x20: [mem 0x92dc0000-0x92ddffff 64bit]
[    1.742900] pci 0000:00:11.0: [8086:a1ec] type 00 class 0xff0000
[    1.742903] pci 0000:00:11.0: device has non-compliant BARs; disabling IO/MEM decoding
[    1.744339] pci 0000:00:11.5: [8086:a1d2] type 00 class 0x010601
[    1.744352] pci 0000:00:11.5: reg 0x10: [mem 0x92dfa000-0x92dfbfff]
[    1.744359] pci 0000:00:11.5: reg 0x14: [mem 0x92e05000-0x92e050ff]
[    1.744367] pci 0000:00:11.5: reg 0x18: [io  0x2068-0x206f]
[    1.744375] pci 0000:00:11.5: reg 0x1c: [io  0x2074-0x2077]
[    1.744382] pci 0000:00:11.5: reg 0x20: [io  0x2040-0x205f]
[    1.744389] pci 0000:00:11.5: reg 0x24: [mem 0x92b80000-0x92bfffff]
[    1.744426] pci 0000:00:11.5: PME# supported from D3hot
[    1.745979] pci 0000:00:14.0: [8086:a1af] type 00 class 0x0c0330
[    1.745996] pci 0000:00:14.0: reg 0x10: [mem 0x92de0000-0x92deffff 64bit]
[    1.746059] pci 0000:00:14.0: PME# supported from D3hot D3cold
[    1.747630] pci 0000:00:14.2: [8086:a1b1] type 00 class 0x118000
[    1.747647] pci 0000:00:14.2: reg 0x10: [mem 0x92e02000-0x92e02fff 64bit]
[    1.749113] pci 0000:00:16.0: [8086:a1ba] type 00 class 0x078000
[    1.749137] pci 0000:00:16.0: reg 0x10: [mem 0x92e01000-0x92e01fff 64bit]
[    1.749220] pci 0000:00:16.0: PME# supported from D3hot
[    1.750627] pci 0000:00:16.1: [8086:a1bb] type 00 class 0x078000
[    1.750651] pci 0000:00:16.1: reg 0x10: [mem 0x92e00000-0x92e00fff 64bit]
[    1.750734] pci 0000:00:16.1: PME# supported from D3hot
[    1.752147] pci 0000:00:16.4: [8086:a1be] type 00 class 0x078000
[    1.752171] pci 0000:00:16.4: reg 0x10: [mem 0x92dff000-0x92dfffff 64bit]
[    1.752255] pci 0000:00:16.4: PME# supported from D3hot
[    1.753667] pci 0000:00:17.0: [8086:a182] type 00 class 0x010601
[    1.753680] pci 0000:00:17.0: reg 0x10: [mem 0x92df8000-0x92df9fff]
[    1.753687] pci 0000:00:17.0: reg 0x14: [mem 0x92e04000-0x92e040ff]
[    1.753694] pci 0000:00:17.0: reg 0x18: [io  0x2060-0x2067]
[    1.753701] pci 0000:00:17.0: reg 0x1c: [io  0x2070-0x2073]
[    1.753708] pci 0000:00:17.0: reg 0x20: [io  0x2020-0x203f]
[    1.753715] pci 0000:00:17.0: reg 0x24: [mem 0x92b00000-0x92b7ffff]
[    1.753752] pci 0000:00:17.0: PME# supported from D3hot
[    1.755304] pci 0000:00:1c.0: [8086:a190] type 01 class 0x060400
[    1.755379] pci 0000:00:1c.0: PME# supported from D0 D3hot D3cold
[    1.757362] pci 0000:00:1c.4: [8086:a194] type 01 class 0x060400
[    1.757431] pci 0000:00:1c.4: PME# supported from D0 D3hot D3cold
[    1.759390] pci 0000:00:1c.5: [8086:a195] type 01 class 0x060400
[    1.759460] pci 0000:00:1c.5: PME# supported from D0 D3hot D3cold
[    1.761425] pci 0000:00:1f.0: [8086:a1cb] type 00 class 0x060100
[    1.763062] pci 0000:00:1f.2: [8086:a1a1] type 00 class 0x058000
[    1.763077] pci 0000:00:1f.2: reg 0x10: [mem 0x92df4000-0x92df7fff]
[    1.764664] pci 0000:00:1f.4: [8086:a1a3] type 00 class 0x0c0500
[    1.764683] pci 0000:00:1f.4: reg 0x10: [mem 0x92dfe000-0x92dfe0ff 64bit]
[    1.764706] pci 0000:00:1f.4: reg 0x20: [io  0x2000-0x201f]
[    1.766118] pci 0000:00:1f.5: [8086:a1a4] type 00 class 0x0c8000
[    1.766133] pci 0000:00:1f.5: reg 0x10: [mem 0xfe010000-0xfe010fff]
[    1.766256] pci 0000:00:1c.0: PCI bridge to [bus 01]
[    1.766309] pci 0000:02:00.0: [1556:be00] type 01 class 0x060400
[    1.766482] pci 0000:00:1c.4: PCI bridge to [bus 02-03]
[    1.766486] pci 0000:00:1c.4:   bridge window [mem 0x92000000-0x928fffff]
[    1.766490] pci 0000:00:1c.4:   bridge window [mem 0x91000000-0x91ffffff 64bit pref]
[    1.766522] pci_bus 0000:03: extended config space not accessible
[    1.766538] pci 0000:03:00.0: [102b:0536] type 00 class 0x030000
[    1.766558] pci 0000:03:00.0: reg 0x10: [mem 0x91000000-0x91ffffff pref]
[    1.766568] pci 0000:03:00.0: reg 0x14: [mem 0x92808000-0x9280bfff]
[    1.766579] pci 0000:03:00.0: reg 0x18: [mem 0x92000000-0x927fffff]
[    1.766626] pci 0000:03:00.0: BAR 0: assigned to efifb
[    1.766725] pci 0000:02:00.0: PCI bridge to [bus 03]
[    1.766734] pci 0000:02:00.0:   bridge window [mem 0x92000000-0x928fffff]
[    1.766739] pci 0000:02:00.0:   bridge window [mem 0x91000000-0x91ffffff 64bit pref]
[    1.766815] pci 0000:04:00.0: [14e4:165f] type 00 class 0x020000
[    1.766839] pci 0000:04:00.0: reg 0x10: [mem 0x92930000-0x9293ffff 64bit pref]
[    1.766854] pci 0000:04:00.0: reg 0x18: [mem 0x92940000-0x9294ffff 64bit pref]
[    1.766870] pci 0000:04:00.0: reg 0x20: [mem 0x92950000-0x9295ffff 64bit pref]
[    1.766881] pci 0000:04:00.0: reg 0x30: [mem 0xfffc0000-0xffffffff pref]
[    1.766974] pci 0000:04:00.0: PME# supported from D0 D3hot D3cold
[    1.767027] pci 0000:04:00.0: 4.000 Gb/s available PCIe bandwidth, limited by 5.0 GT/s PCIe x1 link at 0000:00:1c.5 (capable of 8.000 Gb/s with 5.0 GT/s PCIe x2 link)
[    1.767578] pci 0000:04:00.1: [14e4:165f] type 00 class 0x020000
[    1.767602] pci 0000:04:00.1: reg 0x10: [mem 0x92900000-0x9290ffff 64bit pref]
[    1.767618] pci 0000:04:00.1: reg 0x18: [mem 0x92910000-0x9291ffff 64bit pref]
[    1.767633] pci 0000:04:00.1: reg 0x20: [mem 0x92920000-0x9292ffff 64bit pref]
[    1.767644] pci 0000:04:00.1: reg 0x30: [mem 0xfffc0000-0xffffffff pref]
[    1.767738] pci 0000:04:00.1: PME# supported from D0 D3hot D3cold
[    1.768288] pci 0000:00:1c.5: PCI bridge to [bus 04]
[    1.768295] pci 0000:00:1c.5:   bridge window [mem 0x92900000-0x929fffff 64bit pref]
[    1.768310] pci_bus 0000:00: on NUMA node 0
[    1.768870] ACPI: PCI Root Bridge [PC01] (domain 0000 [bus 16-2f])
[    1.768874] acpi PNP0A08:01: _OSC: OS supports [ExtendedConfig ASPM ClockPM Segments MSI HPX-Type3]
[    1.783130] acpi PNP0A08:01: _OSC: platform does not support [SHPCHotplug AER]
[    1.783353] acpi PNP0A08:01: _OSC: OS now controls [PCIeHotplug PME PCIeCapability LTR]
[    1.783354] acpi PNP0A08:01: FADT indicates ASPM is unsupported, using BIOS configuration
[    1.783496] PCI host bridge to bus 0000:16
[    1.783498] pci_bus 0000:16: root bus resource [io  0x5000-0x6fff window]
[    1.783499] pci_bus 0000:16: root bus resource [mem 0x9b800000-0xa63fffff window]
[    1.783500] pci_bus 0000:16: root bus resource [mem 0x210000000000-0x21ffffffffff window]
[    1.783502] pci_bus 0000:16: root bus resource [bus 16-2f]
[    1.783517] pci 0000:16:00.0: [8086:09a2] type 00 class 0x088000
[    1.783597] pci 0000:16:00.1: [8086:09a4] type 00 class 0x088000
[    1.783668] pci 0000:16:00.2: [8086:09a3] type 00 class 0x088000
[    1.783738] pci 0000:16:00.4: [8086:0998] type 00 class 0x060000
[    1.783814] pci 0000:16:02.0: [8086:347a] type 01 class 0x060400
[    1.783823] pci 0000:16:02.0: reg 0x10: [mem 0x21fffff00000-0x21fffff1ffff 64bit]
[    1.783861] pci 0000:16:02.0: PME# supported from D0 D3hot D3cold
[    1.784763] pci 0000:17:00.0: [1000:10e2] type 00 class 0x010400
[    1.784776] pci 0000:17:00.0: reg 0x10: [mem 0x9b800000-0x9b8fffff 64bit pref]
[    1.784784] pci 0000:17:00.0: reg 0x18: [mem 0x9b900000-0x9b9fffff 64bit pref]
[    1.784790] pci 0000:17:00.0: reg 0x20: [mem 0x9ba00000-0x9bafffff]
[    1.784796] pci 0000:17:00.0: reg 0x24: [io  0x5000-0x50ff]
[    1.784801] pci 0000:17:00.0: reg 0x30: [mem 0xfff00000-0xffffffff pref]
[    1.785855] pci 0000:17:00.0: supports D1 D2
[    1.785921] pci 0000:16:02.0: PCI bridge to [bus 17]
[    1.785923] pci 0000:16:02.0:   bridge window [io  0x5000-0x5fff]
[    1.785925] pci 0000:16:02.0:   bridge window [mem 0x9ba00000-0x9bafffff]
[    1.785928] pci 0000:16:02.0:   bridge window [mem 0x9b800000-0x9b9fffff 64bit pref]
[    1.785933] pci_bus 0000:16: on NUMA node 0
[    1.786011] ACPI: PCI Root Bridge [PC02] (domain 0000 [bus 30-49])
[    1.786015] acpi PNP0A08:02: _OSC: OS supports [ExtendedConfig ASPM ClockPM Segments MSI HPX-Type3]
[    1.799730] acpi PNP0A08:02: _OSC: platform does not support [SHPCHotplug AER]
[    1.799934] acpi PNP0A08:02: _OSC: OS now controls [PCIeHotplug PME PCIeCapability LTR]
[    1.799935] acpi PNP0A08:02: FADT indicates ASPM is unsupported, using BIOS configuration
[    1.800051] PCI host bridge to bus 0000:30
[    1.800052] pci_bus 0000:30: root bus resource [io  0x7000-0x8fff window]
[    1.800054] pci_bus 0000:30: root bus resource [mem 0xa6400000-0xb0ffffff window]
[    1.800055] pci_bus 0000:30: root bus resource [mem 0x220000000000-0x22ffffffffff window]
[    1.800056] pci_bus 0000:30: root bus resource [bus 30-49]
[    1.800070] pci 0000:30:00.0: [8086:09a2] type 00 class 0x088000
[    1.800145] pci 0000:30:00.1: [8086:09a4] type 00 class 0x088000
[    1.800220] pci 0000:30:00.2: [8086:09a3] type 00 class 0x088000
[    1.800290] pci 0000:30:00.4: [8086:0998] type 00 class 0x060000
[    1.800360] pci_bus 0000:30: on NUMA node 0
[    1.800459] ACPI: PCI Root Bridge [PC04] (domain 0000 [bus 4a-63])
[    1.800462] acpi PNP0A08:04: _OSC: OS supports [ExtendedConfig ASPM ClockPM Segments MSI HPX-Type3]
[    1.814161] acpi PNP0A08:04: _OSC: platform does not support [SHPCHotplug AER]
[    1.814363] acpi PNP0A08:04: _OSC: OS now controls [PCIeHotplug PME PCIeCapability LTR]
[    1.814364] acpi PNP0A08:04: FADT indicates ASPM is unsupported, using BIOS configuration
[    1.814477] PCI host bridge to bus 0000:4a
[    1.814478] pci_bus 0000:4a: root bus resource [io  0x9000-0x9fff window]
[    1.814479] pci_bus 0000:4a: root bus resource [mem 0xb1000000-0xbbbfffff window]
[    1.814480] pci_bus 0000:4a: root bus resource [mem 0x230000000000-0x23ffffffffff window]
[    1.814481] pci_bus 0000:4a: root bus resource [bus 4a-63]
[    1.814495] pci 0000:4a:00.0: [8086:09a2] type 00 class 0x088000
[    1.814565] pci 0000:4a:00.1: [8086:09a4] type 00 class 0x088000
[    1.814633] pci 0000:4a:00.2: [8086:09a3] type 00 class 0x088000
[    1.814701] pci 0000:4a:00.4: [8086:0998] type 00 class 0x060000
[    1.814770] pci_bus 0000:4a: on NUMA node 0
[    1.814840] ACPI: PCI Root Bridge [PC05] (domain 0000 [bus 64-7d])
[    1.814843] acpi PNP0A08:05: _OSC: OS supports [ExtendedConfig ASPM ClockPM Segments MSI HPX-Type3]
[    1.828544] acpi PNP0A08:05: _OSC: platform does not support [SHPCHotplug AER]
[    1.828745] acpi PNP0A08:05: _OSC: OS now controls [PCIeHotplug PME PCIeCapability LTR]
[    1.828746] acpi PNP0A08:05: FADT indicates ASPM is unsupported, using BIOS configuration
[    1.828857] PCI host bridge to bus 0000:64
[    1.828858] pci_bus 0000:64: root bus resource [io  0xa000-0xafff window]
[    1.828859] pci_bus 0000:64: root bus resource [mem 0xbbc00000-0xc5ffffff window]
[    1.828860] pci_bus 0000:64: root bus resource [mem 0x240000000000-0x24ffffffffff window]
[    1.828862] pci_bus 0000:64: root bus resource [bus 64-7d]
[    1.828875] pci 0000:64:00.0: [8086:09a2] type 00 class 0x088000
[    1.828945] pci 0000:64:00.1: [8086:09a4] type 00 class 0x088000
[    1.829018] pci 0000:64:00.2: [8086:09a3] type 00 class 0x088000
[    1.829090] pci 0000:64:00.4: [8086:0998] type 00 class 0x060000
[    1.829162] pci_bus 0000:64: on NUMA node 0
[    1.829228] ACPI: PCI Root Bridge [UC06] (domain 0000 [bus 7e])
[    1.829231] acpi PNP0A03:00: _OSC: OS supports [ExtendedConfig ASPM ClockPM Segments MSI HPX-Type3]
[    1.829397] acpi PNP0A03:00: _OSC: platform does not support [SHPCHotplug AER LTR]
[    1.829568] acpi PNP0A03:00: _OSC: OS now controls [PCIeHotplug PME PCIeCapability]
[    1.829569] acpi PNP0A03:00: FADT indicates ASPM is unsupported, using BIOS configuration
[    1.829694] PCI host bridge to bus 0000:7e
[    1.829695] pci_bus 0000:7e: root bus resource [bus 7e]
[    1.829729] pci 0000:7e:00.0: [8086:3450] type 00 class 0x088000
[    1.829811] pci 0000:7e:00.1: [8086:3451] type 00 class 0x088000
[    1.829901] pci 0000:7e:00.2: [8086:3452] type 00 class 0x088000
[    1.829980] pci 0000:7e:00.3: [8086:0998] type 00 class 0x060000
[    1.830060] pci 0000:7e:00.5: [8086:3455] type 00 class 0x088000
[    1.830159] pci 0000:7e:02.0: [8086:3440] type 00 class 0x088000
[    1.830302] pci 0000:7e:02.1: [8086:3441] type 00 class 0x088000
[    1.830433] pci 0000:7e:02.2: [8086:3442] type 00 class 0x088000
[    1.830576] pci 0000:7e:03.0: [8086:3440] type 00 class 0x088000
[    1.830678] pci 0000:7e:03.1: [8086:3441] type 00 class 0x088000
[    1.830776] pci 0000:7e:03.2: [8086:3442] type 00 class 0x088000
[    1.830881] pci 0000:7e:04.0: [8086:3440] type 00 class 0x088000
[    1.831027] pci 0000:7e:04.1: [8086:3441] type 00 class 0x088000
[    1.831166] pci 0000:7e:04.2: [8086:3442] type 00 class 0x088000
[    1.831310] pci 0000:7e:04.3: [8086:3443] type 00 class 0x088000
[    1.831464] pci 0000:7e:05.0: [8086:3445] type 00 class 0x088000
[    1.831600] pci 0000:7e:05.1: [8086:3446] type 00 class 0x088000
[    1.831736] pci 0000:7e:05.2: [8086:3447] type 00 class 0x088000
[    1.831882] pci 0000:7e:06.0: [8086:3445] type 00 class 0x088000
[    1.831984] pci 0000:7e:06.1: [8086:3446] type 00 class 0x088000
[    1.832084] pci 0000:7e:06.2: [8086:3447] type 00 class 0x088000
[    1.832206] pci 0000:7e:07.0: [8086:3445] type 00 class 0x088000
[    1.832357] pci 0000:7e:07.1: [8086:3446] type 00 class 0x088000
[    1.832502] pci 0000:7e:07.2: [8086:3447] type 00 class 0x088000
[    1.832654] pci 0000:7e:0b.0: [8086:3448] type 00 class 0x088000
[    1.832743] pci 0000:7e:0b.1: [8086:3448] type 00 class 0x088000
[    1.832830] pci 0000:7e:0b.2: [8086:344b] type 00 class 0x088000
[    1.832935] pci 0000:7e:0c.0: [8086:344a] type 00 class 0x110100
[    1.833060] pci 0000:7e:0d.0: [8086:344a] type 00 class 0x110100
[    1.833169] pci 0000:7e:0e.0: [8086:344a] type 00 class 0x110100
[    1.833342] pci 0000:7e:0f.0: [8086:344a] type 00 class 0x110100
[    1.833533] pci 0000:7e:1a.0: [8086:2880] type 00 class 0x110100
[    1.833655] pci 0000:7e:1b.0: [8086:2880] type 00 class 0x110100
[    1.833763] pci 0000:7e:1c.0: [8086:2880] type 00 class 0x110100
[    1.833937] pci 0000:7e:1d.0: [8086:2880] type 00 class 0x110100
[    1.834095] pci_bus 0000:7e: on NUMA node 0
[    1.834170] ACPI: PCI Root Bridge [UC07] (domain 0000 [bus 7f])
[    1.834173] acpi PNP0A03:01: _OSC: OS supports [ExtendedConfig ASPM ClockPM Segments MSI HPX-Type3]
[    1.834340] acpi PNP0A03:01: _OSC: platform does not support [SHPCHotplug AER LTR]
[    1.834510] acpi PNP0A03:01: _OSC: OS now controls [PCIeHotplug PME PCIeCapability]
[    1.834511] acpi PNP0A03:01: FADT indicates ASPM is unsupported, using BIOS configuration
[    1.834648] PCI host bridge to bus 0000:7f
[    1.834649] pci_bus 0000:7f: root bus resource [bus 7f]
[    1.834690] pci 0000:7f:00.0: [8086:344c] type 00 class 0x088000
[    1.834822] pci 0000:7f:00.1: [8086:344c] type 00 class 0x088000
[    1.834958] pci 0000:7f:00.2: [8086:344c] type 00 class 0x088000
[    1.835099] pci 0000:7f:00.3: [8086:344c] type 00 class 0x088000
[    1.835215] pci 0000:7f:00.4: [8086:344c] type 00 class 0x088000
[    1.835360] pci 0000:7f:00.5: [8086:344c] type 00 class 0x088000
[    1.835501] pci 0000:7f:00.6: [8086:344c] type 00 class 0x088000
[    1.835603] pci 0000:7f:00.7: [8086:344c] type 00 class 0x088000
[    1.835726] pci 0000:7f:01.0: [8086:344c] type 00 class 0x088000
[    1.835879] pci 0000:7f:01.1: [8086:344c] type 00 class 0x088000
[    1.836025] pci 0000:7f:01.2: [8086:344c] type 00 class 0x088000
[    1.836133] pci 0000:7f:01.3: [8086:344c] type 00 class 0x088000
[    1.836290] pci 0000:7f:01.4: [8086:344c] type 00 class 0x088000
[    1.836447] pci 0000:7f:01.5: [8086:344c] type 00 class 0x088000
[    1.836608] pci 0000:7f:01.6: [8086:344c] type 00 class 0x088000
[    1.836755] pci 0000:7f:01.7: [8086:344c] type 00 class 0x088000
[    1.836923] pci 0000:7f:02.0: [8086:344c] type 00 class 0x088000
[    1.837078] pci 0000:7f:02.1: [8086:344c] type 00 class 0x088000
[    1.837234] pci 0000:7f:02.2: [8086:344c] type 00 class 0x088000
[    1.837397] pci 0000:7f:02.3: [8086:344c] type 00 class 0x088000
[    1.837562] pci 0000:7f:02.4: [8086:344c] type 00 class 0x088000
[    1.837725] pci 0000:7f:02.5: [8086:344c] type 00 class 0x088000
[    1.837887] pci 0000:7f:02.6: [8086:344c] type 00 class 0x088000
[    1.838060] pci 0000:7f:02.7: [8086:344c] type 00 class 0x088000
[    1.838246] pci 0000:7f:03.0: [8086:344c] type 00 class 0x088000
[    1.838417] pci 0000:7f:03.1: [8086:344c] type 00 class 0x088000
[    1.838594] pci 0000:7f:03.2: [8086:344c] type 00 class 0x088000
[    1.838776] pci 0000:7f:03.3: [8086:344c] type 00 class 0x088000
[    1.838974] pci 0000:7f:0a.0: [8086:344d] type 00 class 0x088000
[    1.839098] pci 0000:7f:0a.1: [8086:344d] type 00 class 0x088000
[    1.839233] pci 0000:7f:0a.2: [8086:344d] type 00 class 0x088000
[    1.839370] pci 0000:7f:0a.3: [8086:344d] type 00 class 0x088000
[    1.839485] pci 0000:7f:0a.4: [8086:344d] type 00 class 0x088000
[    1.839630] pci 0000:7f:0a.5: [8086:344d] type 00 class 0x088000
[    1.839772] pci 0000:7f:0a.6: [8086:344d] type 00 class 0x088000
[    1.839880] pci 0000:7f:0a.7: [8086:344d] type 00 class 0x088000
[    1.840003] pci 0000:7f:0b.0: [8086:344d] type 00 class 0x088000
[    1.840161] pci 0000:7f:0b.1: [8086:344d] type 00 class 0x088000
[    1.840309] pci 0000:7f:0b.2: [8086:344d] type 00 class 0x088000
[    1.840413] pci 0000:7f:0b.3: [8086:344d] type 00 class 0x088000
[    1.840570] pci 0000:7f:0b.4: [8086:344d] type 00 class 0x088000
[    1.840728] pci 0000:7f:0b.5: [8086:344d] type 00 class 0x088000
[    1.840889] pci 0000:7f:0b.6: [8086:344d] type 00 class 0x088000
[    1.841041] pci 0000:7f:0b.7: [8086:344d] type 00 class 0x088000
[    1.841210] pci 0000:7f:0c.0: [8086:344d] type 00 class 0x088000
[    1.841365] pci 0000:7f:0c.1: [8086:344d] type 00 class 0x088000
[    1.841521] pci 0000:7f:0c.2: [8086:344d] type 00 class 0x088000
[    1.841680] pci 0000:7f:0c.3: [8086:344d] type 00 class 0x088000
[    1.841847] pci 0000:7f:0c.4: [8086:344d] type 00 class 0x088000
[    1.842011] pci 0000:7f:0c.5: [8086:344d] type 00 class 0x088000
[    1.842174] pci 0000:7f:0c.6: [8086:344d] type 00 class 0x088000
[    1.842353] pci 0000:7f:0c.7: [8086:344d] type 00 class 0x088000
[    1.842539] pci 0000:7f:0d.0: [8086:344d] type 00 class 0x088000
[    1.842709] pci 0000:7f:0d.1: [8086:344d] type 00 class 0x088000
[    1.842887] pci 0000:7f:0d.2: [8086:344d] type 00 class 0x088000
[    1.843063] pci 0000:7f:0d.3: [8086:344d] type 00 class 0x088000
[    1.843272] pci 0000:7f:1d.0: [8086:344f] type 00 class 0x088000
[    1.843405] pci 0000:7f:1d.1: [8086:3457] type 00 class 0x088000
[    1.843551] pci 0000:7f:1e.0: [8086:3458] type 00 class 0x088000
[    1.843646] pci 0000:7f:1e.1: [8086:3459] type 00 class 0x088000
[    1.843735] pci 0000:7f:1e.2: [8086:345a] type 00 class 0x088000
[    1.843824] pci 0000:7f:1e.3: [8086:345b] type 00 class 0x088000
[    1.843911] pci 0000:7f:1e.4: [8086:345c] type 00 class 0x088000
[    1.843999] pci 0000:7f:1e.5: [8086:345d] type 00 class 0x088000
[    1.844086] pci 0000:7f:1e.6: [8086:345e] type 00 class 0x088000
[    1.844173] pci 0000:7f:1e.7: [8086:345f] type 00 class 0x088000
[    1.844248] pci_bus 0000:7f: on NUMA node 0
[    1.844346] ACPI: PCI Root Bridge [PC06] (domain 0000 [bus 80])
[    1.844349] acpi PNP0A08:06: _OSC: OS supports [ExtendedConfig ASPM ClockPM Segments MSI HPX-Type3]
[    1.858059] acpi PNP0A08:06: _OSC: platform does not support [SHPCHotplug AER]
[    1.858262] acpi PNP0A08:06: _OSC: OS now controls [PCIeHotplug PME PCIeCapability LTR]
[    1.858263] acpi PNP0A08:06: FADT indicates ASPM is unsupported, using BIOS configuration
[    1.858403] PCI host bridge to bus 0000:80
[    1.858405] pci_bus 0000:80: root bus resource [io  0xb000-0xbfff window]
[    1.858406] pci_bus 0000:80: root bus resource [mem 0xc6800000-0xd0ffffff window]
[    1.858407] pci_bus 0000:80: root bus resource [mem 0x250000000000-0x25ffffffffff window]
[    1.858409] pci_bus 0000:80: root bus resource [bus 80]
[    1.858440] pci 0000:80:00.0: [8086:09a2] type 00 class 0x088000
[    1.858535] pci 0000:80:00.1: [8086:09a4] type 00 class 0x088000
[    1.858624] pci 0000:80:00.2: [8086:09a3] type 00 class 0x088000
[    1.858714] pci 0000:80:00.4: [8086:0998] type 00 class 0x060000
[    1.858803] pci 0000:80:02.0: [8086:09a6] type 00 class 0x088000
[    1.858812] pci 0000:80:02.0: reg 0x10: [mem 0xc6aa4000-0xc6aa5fff]
[    1.858890] pci 0000:80:02.1: [8086:09a7] type 00 class 0x088000
[    1.858899] pci 0000:80:02.1: reg 0x10: [mem 0xc6a00000-0xc6a7ffff]
[    1.858904] pci 0000:80:02.1: reg 0x14: [mem 0xc6980000-0xc69fffff]
[    1.858994] pci 0000:80:02.4: [8086:3456] type 00 class 0x130000
[    1.859004] pci 0000:80:02.4: reg 0x10: [mem 0xc6800000-0xc68fffff 64bit]
[    1.859012] pci 0000:80:02.4: reg 0x18: [mem 0xc6aa0000-0xc6aa3fff 64bit]
[    1.859019] pci 0000:80:02.4: reg 0x20: [mem 0xc6a80000-0xc6a9ffff 64bit]
[    1.859081] pci_bus 0000:80: on NUMA node 1
[    1.859159] ACPI: PCI Root Bridge [PC07] (domain 0000 [bus 81])
[    1.859162] acpi PNP0A08:07: _OSC: OS supports [ExtendedConfig ASPM ClockPM Segments MSI HPX-Type3]
[    1.872851] acpi PNP0A08:07: _OSC: platform does not support [SHPCHotplug AER]
[    1.873054] acpi PNP0A08:07: _OSC: OS now controls [PCIeHotplug PME PCIeCapability LTR]
[    1.873055] acpi PNP0A08:07: FADT indicates ASPM is unsupported, using BIOS configuration
[    1.873170] PCI host bridge to bus 0000:81
[    1.873171] pci_bus 0000:81: root bus resource [io  0xc000-0xcfff window]
[    1.873172] pci_bus 0000:81: root bus resource [mem 0xd1000000-0xdbbfffff window]
[    1.873173] pci_bus 0000:81: root bus resource [mem 0x260000000000-0x26ffffffffff window]
[    1.873175] pci_bus 0000:81: root bus resource [bus 81]
[    1.873188] pci 0000:81:00.0: [8086:09a2] type 00 class 0x088000
[    1.873264] pci 0000:81:00.1: [8086:09a4] type 00 class 0x088000
[    1.873345] pci 0000:81:00.2: [8086:09a3] type 00 class 0x088000
[    1.873426] pci 0000:81:00.4: [8086:0998] type 00 class 0x060000
[    1.873507] pci_bus 0000:81: on NUMA node 1
[    1.873577] ACPI: PCI Root Bridge [PC08] (domain 0000 [bus 82])
[    1.873580] acpi PNP0A08:08: _OSC: OS supports [ExtendedConfig ASPM ClockPM Segments MSI HPX-Type3]
[    1.887363] acpi PNP0A08:08: _OSC: platform does not support [SHPCHotplug AER]
[    1.887567] acpi PNP0A08:08: _OSC: OS now controls [PCIeHotplug PME PCIeCapability LTR]
[    1.887568] acpi PNP0A08:08: FADT indicates ASPM is unsupported, using BIOS configuration
[    1.887680] PCI host bridge to bus 0000:82
[    1.887681] pci_bus 0000:82: root bus resource [io  0xd000-0xdfff window]
[    1.887683] pci_bus 0000:82: root bus resource [mem 0xdbc00000-0xe67fffff window]
[    1.887684] pci_bus 0000:82: root bus resource [mem 0x270000000000-0x27ffffffffff window]
[    1.887685] pci_bus 0000:82: root bus resource [bus 82]
[    1.887699] pci 0000:82:00.0: [8086:09a2] type 00 class 0x088000
[    1.887775] pci 0000:82:00.1: [8086:09a4] type 00 class 0x088000
[    1.887850] pci 0000:82:00.2: [8086:09a3] type 00 class 0x088000
[    1.887924] pci 0000:82:00.4: [8086:0998] type 00 class 0x060000
[    1.888004] pci_bus 0000:82: on NUMA node 1
[    1.888102] ACPI: PCI Root Bridge [PC10] (domain 0000 [bus 83-f9])
[    1.888105] acpi PNP0A08:0a: _OSC: OS supports [ExtendedConfig ASPM ClockPM Segments MSI HPX-Type3]
[    1.901824] acpi PNP0A08:0a: _OSC: platform does not support [SHPCHotplug AER]
[    1.902027] acpi PNP0A08:0a: _OSC: OS now controls [PCIeHotplug PME PCIeCapability LTR]
[    1.902028] acpi PNP0A08:0a: FADT indicates ASPM is unsupported, using BIOS configuration
[    1.902150] PCI host bridge to bus 0000:83
[    1.902151] pci_bus 0000:83: root bus resource [io  0xe000-0xefff window]
[    1.902152] pci_bus 0000:83: root bus resource [mem 0xe6800000-0xf13fffff window]
[    1.902153] pci_bus 0000:83: root bus resource [mem 0x280000000000-0x28ffffffffff window]
[    1.902155] pci_bus 0000:83: root bus resource [bus 83-f9]
[    1.902169] pci 0000:83:00.0: [8086:09a2] type 00 class 0x088000
[    1.902248] pci 0000:83:00.1: [8086:09a4] type 00 class 0x088000
[    1.902327] pci 0000:83:00.2: [8086:09a3] type 00 class 0x088000
[    1.902404] pci 0000:83:00.4: [8086:0998] type 00 class 0x060000
[    1.902485] pci_bus 0000:83: on NUMA node 1
[    1.902555] ACPI: PCI Root Bridge [PC11] (domain 0000 [bus fa])
[    1.902557] acpi PNP0A08:0b: _OSC: OS supports [ExtendedConfig ASPM ClockPM Segments MSI HPX-Type3]
[    1.916251] acpi PNP0A08:0b: _OSC: platform does not support [SHPCHotplug AER]
[    1.916452] acpi PNP0A08:0b: _OSC: OS now controls [PCIeHotplug PME PCIeCapability LTR]
[    1.916454] acpi PNP0A08:0b: FADT indicates ASPM is unsupported, using BIOS configuration
[    1.916565] PCI host bridge to bus 0000:fa
[    1.916566] pci_bus 0000:fa: root bus resource [io  0xf000-0xffff window]
[    1.916567] pci_bus 0000:fa: root bus resource [mem 0xf1400000-0xfb7fffff window]
[    1.916568] pci_bus 0000:fa: root bus resource [mem 0x290000000000-0x29ffffffffff window]
[    1.916570] pci_bus 0000:fa: root bus resource [bus fa]
[    1.916584] pci 0000:fa:00.0: [8086:09a2] type 00 class 0x088000
[    1.916660] pci 0000:fa:00.1: [8086:09a4] type 00 class 0x088000
[    1.916735] pci 0000:fa:00.2: [8086:09a3] type 00 class 0x088000
[    1.916811] pci 0000:fa:00.4: [8086:0998] type 00 class 0x060000
[    1.916892] pci_bus 0000:fa: on NUMA node 1
[    1.916955] ACPI: PCI Root Bridge [UC16] (domain 0000 [bus fe])
[    1.916958] acpi PNP0A03:02: _OSC: OS supports [ExtendedConfig ASPM ClockPM Segments MSI HPX-Type3]
[    1.917124] acpi PNP0A03:02: _OSC: platform does not support [SHPCHotplug AER LTR]
[    1.917295] acpi PNP0A03:02: _OSC: OS now controls [PCIeHotplug PME PCIeCapability]
[    1.917296] acpi PNP0A03:02: FADT indicates ASPM is unsupported, using BIOS configuration
[    1.917420] PCI host bridge to bus 0000:fe
[    1.917421] pci_bus 0000:fe: root bus resource [bus fe]
[    1.917453] pci 0000:fe:00.0: [8086:3450] type 00 class 0x088000
[    1.917538] pci 0000:fe:00.1: [8086:3451] type 00 class 0x088000
[    1.917622] pci 0000:fe:00.2: [8086:3452] type 00 class 0x088000
[    1.917703] pci 0000:fe:00.3: [8086:0998] type 00 class 0x060000
[    1.917785] pci 0000:fe:00.5: [8086:3455] type 00 class 0x088000
[    1.917886] pci 0000:fe:02.0: [8086:3440] type 00 class 0x088000
[    1.918027] pci 0000:fe:02.1: [8086:3441] type 00 class 0x088000
[    1.918162] pci 0000:fe:02.2: [8086:3442] type 00 class 0x088000
[    1.918307] pci 0000:fe:03.0: [8086:3440] type 00 class 0x088000
[    1.918413] pci 0000:fe:03.1: [8086:3441] type 00 class 0x088000
[    1.918518] pci 0000:fe:03.2: [8086:3442] type 00 class 0x088000
[    1.918628] pci 0000:fe:04.0: [8086:3440] type 00 class 0x088000
[    1.918773] pci 0000:fe:04.1: [8086:3441] type 00 class 0x088000
[    1.918915] pci 0000:fe:04.2: [8086:3442] type 00 class 0x088000
[    1.919059] pci 0000:fe:04.3: [8086:3443] type 00 class 0x088000
[    1.919215] pci 0000:fe:05.0: [8086:3445] type 00 class 0x088000
[    1.919359] pci 0000:fe:05.1: [8086:3446] type 00 class 0x088000
[    1.919498] pci 0000:fe:05.2: [8086:3447] type 00 class 0x088000
[    1.919651] pci 0000:fe:06.0: [8086:3445] type 00 class 0x088000
[    1.919757] pci 0000:fe:06.1: [8086:3446] type 00 class 0x088000
[    1.919860] pci 0000:fe:06.2: [8086:3447] type 00 class 0x088000
[    1.919984] pci 0000:fe:07.0: [8086:3445] type 00 class 0x088000
[    1.920132] pci 0000:fe:07.1: [8086:3446] type 00 class 0x088000
[    1.920278] pci 0000:fe:07.2: [8086:3447] type 00 class 0x088000
[    1.920431] pci 0000:fe:0b.0: [8086:3448] type 00 class 0x088000
[    1.920521] pci 0000:fe:0b.1: [8086:3448] type 00 class 0x088000
[    1.920612] pci 0000:fe:0b.2: [8086:344b] type 00 class 0x088000
[    1.920718] pci 0000:fe:0c.0: [8086:344a] type 00 class 0x110100
[    1.920846] pci 0000:fe:0d.0: [8086:344a] type 00 class 0x110100
[    1.920961] pci 0000:fe:0e.0: [8086:344a] type 00 class 0x110100
[    1.921132] pci 0000:fe:0f.0: [8086:344a] type 00 class 0x110100
[    1.921327] pci 0000:fe:1a.0: [8086:2880] type 00 class 0x110100
[    1.921453] pci 0000:fe:1b.0: [8086:2880] type 00 class 0x110100
[    1.921564] pci 0000:fe:1c.0: [8086:2880] type 00 class 0x110100
[    1.921745] pci 0000:fe:1d.0: [8086:2880] type 00 class 0x110100
[    1.921906] pci_bus 0000:fe: on NUMA node 1
[    1.921984] ACPI: PCI Root Bridge [UC17] (domain 0000 [bus ff])
[    1.921986] acpi PNP0A03:03: _OSC: OS supports [ExtendedConfig ASPM ClockPM Segments MSI HPX-Type3]
[    1.922154] acpi PNP0A03:03: _OSC: platform does not support [SHPCHotplug AER LTR]
[    1.922326] acpi PNP0A03:03: _OSC: OS now controls [PCIeHotplug PME PCIeCapability]
[    1.922327] acpi PNP0A03:03: FADT indicates ASPM is unsupported, using BIOS configuration
[    1.922464] PCI host bridge to bus 0000:ff
[    1.922465] pci_bus 0000:ff: root bus resource [bus ff]
[    1.922507] pci 0000:ff:00.0: [8086:344c] type 00 class 0x088000
[    1.922642] pci 0000:ff:00.1: [8086:344c] type 00 class 0x088000
[    1.922780] pci 0000:ff:00.2: [8086:344c] type 00 class 0x088000
[    1.922906] pci 0000:ff:00.3: [8086:344c] type 00 class 0x088000
[    1.923055] pci 0000:ff:00.4: [8086:344c] type 00 class 0x088000
[    1.923197] pci 0000:ff:00.5: [8086:344c] type 00 class 0x088000
[    1.923317] pci 0000:ff:00.6: [8086:344c] type 00 class 0x088000
[    1.923473] pci 0000:ff:00.7: [8086:344c] type 00 class 0x088000
[    1.923639] pci 0000:ff:01.0: [8086:344c] type 00 class 0x088000
[    1.923799] pci 0000:ff:01.1: [8086:344c] type 00 class 0x088000
[    1.923950] pci 0000:ff:01.2: [8086:344c] type 00 class 0x088000
[    1.924060] pci 0000:ff:01.3: [8086:344c] type 00 class 0x088000
[    1.924222] pci 0000:ff:01.4: [8086:344c] type 00 class 0x088000
[    1.924384] pci 0000:ff:01.5: [8086:344c] type 00 class 0x088000
[    1.924552] pci 0000:ff:01.6: [8086:344c] type 00 class 0x088000
[    1.924708] pci 0000:ff:01.7: [8086:344c] type 00 class 0x088000
[    1.924880] pci 0000:ff:02.0: [8086:344c] type 00 class 0x088000
[    1.925039] pci 0000:ff:02.1: [8086:344c] type 00 class 0x088000
[    1.925197] pci 0000:ff:02.2: [8086:344c] type 00 class 0x088000
[    1.925361] pci 0000:ff:02.3: [8086:344c] type 00 class 0x088000
[    1.925522] pci 0000:ff:02.4: [8086:344c] type 00 class 0x088000
[    1.925685] pci 0000:ff:02.5: [8086:344c] type 00 class 0x088000
[    1.925860] pci 0000:ff:02.6: [8086:344c] type 00 class 0x088000
[    1.926033] pci 0000:ff:02.7: [8086:344c] type 00 class 0x088000
[    1.926225] pci 0000:ff:03.0: [8086:344c] type 00 class 0x088000
[    1.926403] pci 0000:ff:03.1: [8086:344c] type 00 class 0x088000
[    1.926577] pci 0000:ff:03.2: [8086:344c] type 00 class 0x088000
[    1.926760] pci 0000:ff:03.3: [8086:344c] type 00 class 0x088000
[    1.926966] pci 0000:ff:0a.0: [8086:344d] type 00 class 0x088000
[    1.927096] pci 0000:ff:0a.1: [8086:344d] type 00 class 0x088000
[    1.927235] pci 0000:ff:0a.2: [8086:344d] type 00 class 0x088000
[    1.927366] pci 0000:ff:0a.3: [8086:344d] type 00 class 0x088000
[    1.927511] pci 0000:ff:0a.4: [8086:344d] type 00 class 0x088000
[    1.927653] pci 0000:ff:0a.5: [8086:344d] type 00 class 0x088000
[    1.927773] pci 0000:ff:0a.6: [8086:344d] type 00 class 0x088000
[    1.927925] pci 0000:ff:0a.7: [8086:344d] type 00 class 0x088000
[    1.928090] pci 0000:ff:0b.0: [8086:344d] type 00 class 0x088000
[    1.928247] pci 0000:ff:0b.1: [8086:344d] type 00 class 0x088000
[    1.928397] pci 0000:ff:0b.2: [8086:344d] type 00 class 0x088000
[    1.928512] pci 0000:ff:0b.3: [8086:344d] type 00 class 0x088000
[    1.928674] pci 0000:ff:0b.4: [8086:344d] type 00 class 0x088000
[    1.928837] pci 0000:ff:0b.5: [8086:344d] type 00 class 0x088000
[    1.929006] pci 0000:ff:0b.6: [8086:344d] type 00 class 0x088000
[    1.929157] pci 0000:ff:0b.7: [8086:344d] type 00 class 0x088000
[    1.929329] pci 0000:ff:0c.0: [8086:344d] type 00 class 0x088000
[    1.929488] pci 0000:ff:0c.1: [8086:344d] type 00 class 0x088000
[    1.929647] pci 0000:ff:0c.2: [8086:344d] type 00 class 0x088000
[    1.929814] pci 0000:ff:0c.3: [8086:344d] type 00 class 0x088000
[    1.929976] pci 0000:ff:0c.4: [8086:344d] type 00 class 0x088000
[    1.930139] pci 0000:ff:0c.5: [8086:344d] type 00 class 0x088000
[    1.930309] pci 0000:ff:0c.6: [8086:344d] type 00 class 0x088000
[    1.930478] pci 0000:ff:0c.7: [8086:344d] type 00 class 0x088000
[    1.930670] pci 0000:ff:0d.0: [8086:344d] type 00 class 0x088000
[    1.930848] pci 0000:ff:0d.1: [8086:344d] type 00 class 0x088000
[    1.931024] pci 0000:ff:0d.2: [8086:344d] type 00 class 0x088000
[    1.931213] pci 0000:ff:0d.3: [8086:344d] type 00 class 0x088000
[    1.931428] pci 0000:ff:1d.0: [8086:344f] type 00 class 0x088000
[    1.931567] pci 0000:ff:1d.1: [8086:3457] type 00 class 0x088000
[    1.931717] pci 0000:ff:1e.0: [8086:3458] type 00 class 0x088000
[    1.931811] pci 0000:ff:1e.1: [8086:3459] type 00 class 0x088000
[    1.931903] pci 0000:ff:1e.2: [8086:345a] type 00 class 0x088000
[    1.931994] pci 0000:ff:1e.3: [8086:345b] type 00 class 0x088000
[    1.932085] pci 0000:ff:1e.4: [8086:345c] type 00 class 0x088000
[    1.932182] pci 0000:ff:1e.5: [8086:345d] type 00 class 0x088000
[    1.932272] pci 0000:ff:1e.6: [8086:345e] type 00 class 0x088000
[    1.932362] pci 0000:ff:1e.7: [8086:345f] type 00 class 0x088000
[    1.932437] pci_bus 0000:ff: on NUMA node 1
[    1.935176] iommu: Default domain type: Translated 
[    1.935177] iommu: DMA domain TLB invalidation policy: lazy mode 
[    1.935187] pci 0000:03:00.0: vgaarb: setting as boot VGA device
[    1.935187] pci 0000:03:00.0: vgaarb: VGA device added: decodes=io+mem,owns=io+mem,locks=none
[    1.935217] pci 0000:03:00.0: vgaarb: bridge control possible
[    1.935218] vgaarb: loaded
[    1.935396] SCSI subsystem initialized
[    1.935435] libata version 3.00 loaded.
[    1.935435] ACPI: bus type USB registered
[    1.935435] usbcore: registered new interface driver usbfs
[    1.935435] usbcore: registered new interface driver hub
[    1.935435] usbcore: registered new device driver usb
[    1.935435] pps_core: LinuxPPS API ver. 1 registered
[    1.935435] pps_core: Software ver. 5.3.6 - Copyright 2005-2007 Rodolfo Giometti <giometti@linux.it>
[    1.935435] PTP clock support registered
[    1.935435] EDAC MC: Ver: 3.0.0
[    1.935799] Registered efivars operations
[    1.935799] NetLabel: Initializing
[    1.935799] NetLabel:  domain hash size = 128
[    1.935799] NetLabel:  protocols = UNLABELED CIPSOv4 CALIPSO
[    1.935799] NetLabel:  unlabeled traffic allowed by default
[    1.935799] PCI: Using ACPI for IRQ routing
[    1.938351] PCI: pci_cache_line_size set to 64 bytes
[    1.938901] e820: reserve RAM buffer [mem 0x0008f000-0x0008ffff]
[    1.938903] e820: reserve RAM buffer [mem 0x46cc5020-0x47ffffff]
[    1.938904] e820: reserve RAM buffer [mem 0x46cf7020-0x47ffffff]
[    1.938905] e820: reserve RAM buffer [mem 0x46d2a020-0x47ffffff]
[    1.938906] e820: reserve RAM buffer [mem 0x46d5d020-0x47ffffff]
[    1.938907] e820: reserve RAM buffer [mem 0x49e77000-0x4bffffff]
[    1.938909] e820: reserve RAM buffer [mem 0x4b2cf000-0x4bffffff]
[    1.938910] e820: reserve RAM buffer [mem 0x4bd94000-0x4bffffff]
[    1.938911] e820: reserve RAM buffer [mem 0x4ce00000-0x4fffffff]
[    1.938912] e820: reserve RAM buffer [mem 0x5eefe000-0x5fffffff]
[    1.938913] e820: reserve RAM buffer [mem 0x6f800000-0x6fffffff]
[    1.940434] hpet0: at MMIO 0xfed00000, IRQs 2, 8, 0, 0, 0, 0, 0, 0
[    1.940440] hpet0: 8 comparators, 64-bit 24.000000 MHz counter
[    1.943297] clocksource: Switched to clocksource tsc-early
[    1.951574] VFS: Disk quotas dquot_6.6.0
[    1.951627] VFS: Dquot-cache hash table entries: 512 (order 0, 4096 bytes)
[    1.951774] AppArmor: AppArmor Filesystem Enabled
[    1.951792] pnp: PnP ACPI init
[    1.967051] system 00:01: [io  0x0500-0x05fe] has been reserved
[    1.967054] system 00:01: [io  0x0400-0x041f] has been reserved
[    1.967056] system 00:01: [io  0x0600-0x061f] has been reserved
[    1.967057] system 00:01: [io  0x0ca0-0x0ca1] has been reserved
[    1.967059] system 00:01: [io  0x0ca4-0x0ca6] has been reserved
[    1.967061] system 00:01: [mem 0xff000000-0xffffffff] has been reserved
[    1.967649] system 00:04: [mem 0xfd000000-0xfdabffff] has been reserved
[    1.967651] system 00:04: [mem 0xfdad0000-0xfdadffff] has been reserved
[    1.967652] system 00:04: [mem 0xfdb00000-0xfdffffff] has been reserved
[    1.967654] system 00:04: [mem 0xfe000000-0xfe00ffff] has been reserved
[    1.967655] system 00:04: [mem 0xfe011000-0xfe01ffff] has been reserved
[    1.967657] system 00:04: [mem 0xfe036000-0xfe03bfff] has been reserved
[    1.967658] system 00:04: [mem 0xfe03d000-0xfe3fffff] has been reserved
[    1.967660] system 00:04: [mem 0xfe410000-0xfe7fffff] has been reserved
[    1.967976] system 00:05: [io  0x1000-0x10fe] has been reserved
[    1.968956] pnp: PnP ACPI: found 6 devices
[    1.974498] clocksource: acpi_pm: mask: 0xffffff max_cycles: 0xffffff, max_idle_ns: 2085701024 ns
[    1.974575] NET: Registered PF_INET protocol family
[    1.974916] IP idents hash table entries: 262144 (order: 9, 2097152 bytes, vmalloc)
[    1.977034] tcp_listen_portaddr_hash hash table entries: 16384 (order: 6, 262144 bytes, vmalloc)
[    1.977381] TCP established hash table entries: 262144 (order: 9, 2097152 bytes, vmalloc)
[    1.977772] TCP bind hash table entries: 65536 (order: 8, 1048576 bytes, vmalloc)
[    1.977835] TCP: Hash tables configured (established 262144 bind 65536)
[    1.978029] UDP hash table entries: 16384 (order: 7, 524288 bytes, vmalloc)
[    1.978146] UDP-Lite hash table entries: 16384 (order: 7, 524288 bytes, vmalloc)
[    1.978374] NET: Registered PF_UNIX/PF_LOCAL protocol family
[    1.978379] NET: Registered PF_XDP protocol family
[    1.978386] pci 0000:04:00.0: can't claim BAR 6 [mem 0xfffc0000-0xffffffff pref]: no compatible bridge window
[    1.978388] pci 0000:04:00.1: can't claim BAR 6 [mem 0xfffc0000-0xffffffff pref]: no compatible bridge window
[    1.978390] pci 0000:17:00.0: can't claim BAR 6 [mem 0xfff00000-0xffffffff pref]: no compatible bridge window
[    1.978405] pci 0000:00:1c.5: BAR 14: assigned [mem 0x90000000-0x900fffff]
[    1.978407] pci 0000:00:1c.0: PCI bridge to [bus 01]
[    1.978417] pci 0000:02:00.0: PCI bridge to [bus 03]
[    1.978421] pci 0000:02:00.0:   bridge window [mem 0x92000000-0x928fffff]
[    1.978425] pci 0000:02:00.0:   bridge window [mem 0x91000000-0x91ffffff 64bit pref]
[    1.978431] pci 0000:00:1c.4: PCI bridge to [bus 02-03]
[    1.978435] pci 0000:00:1c.4:   bridge window [mem 0x92000000-0x928fffff]
[    1.978437] pci 0000:00:1c.4:   bridge window [mem 0x91000000-0x91ffffff 64bit pref]
[    1.978442] pci 0000:04:00.0: BAR 6: assigned [mem 0x90000000-0x9003ffff pref]
[    1.978444] pci 0000:04:00.1: BAR 6: assigned [mem 0x90040000-0x9007ffff pref]
[    1.978445] pci 0000:00:1c.5: PCI bridge to [bus 04]
[    1.978449] pci 0000:00:1c.5:   bridge window [mem 0x90000000-0x900fffff]
[    1.978451] pci 0000:00:1c.5:   bridge window [mem 0x92900000-0x929fffff 64bit pref]
[    1.978456] pci_bus 0000:00: resource 4 [io  0x0000-0x0cf7 window]
[    1.978457] pci_bus 0000:00: resource 5 [io  0x1000-0x4fff window]
[    1.978458] pci_bus 0000:00: resource 6 [mem 0x000a0000-0x000bffff window]
[    1.978460] pci_bus 0000:00: resource 7 [mem 0x000c8000-0x000cffff window]
[    1.978461] pci_bus 0000:00: resource 8 [mem 0xfe010000-0xfe010fff window]
[    1.978462] pci_bus 0000:00: resource 9 [mem 0x90000000-0x9b7fffff window]
[    1.978463] pci_bus 0000:00: resource 10 [mem 0x200000000000-0x20ffffffffff window]
[    1.978465] pci_bus 0000:02: resource 1 [mem 0x92000000-0x928fffff]
[    1.978466] pci_bus 0000:02: resource 2 [mem 0x91000000-0x91ffffff 64bit pref]
[    1.978468] pci_bus 0000:03: resource 1 [mem 0x92000000-0x928fffff]
[    1.978469] pci_bus 0000:03: resource 2 [mem 0x91000000-0x91ffffff 64bit pref]
[    1.978470] pci_bus 0000:04: resource 1 [mem 0x90000000-0x900fffff]
[    1.978471] pci_bus 0000:04: resource 2 [mem 0x92900000-0x929fffff 64bit pref]
[    1.978539] pci 0000:17:00.0: BAR 6: no space for [mem size 0x00100000 pref]
[    1.978541] pci 0000:17:00.0: BAR 6: failed to assign [mem size 0x00100000 pref]
[    1.978542] pci 0000:16:02.0: PCI bridge to [bus 17]
[    1.978544] pci 0000:16:02.0:   bridge window [io  0x5000-0x5fff]
[    1.978547] pci 0000:16:02.0:   bridge window [mem 0x9ba00000-0x9bafffff]
[    1.978549] pci 0000:16:02.0:   bridge window [mem 0x9b800000-0x9b9fffff 64bit pref]
[    1.978552] pci_bus 0000:16: resource 4 [io  0x5000-0x6fff window]
[    1.978553] pci_bus 0000:16: resource 5 [mem 0x9b800000-0xa63fffff window]
[    1.978554] pci_bus 0000:16: resource 6 [mem 0x210000000000-0x21ffffffffff window]
[    1.978556] pci_bus 0000:17: resource 0 [io  0x5000-0x5fff]
[    1.978557] pci_bus 0000:17: resource 1 [mem 0x9ba00000-0x9bafffff]
[    1.978558] pci_bus 0000:17: resource 2 [mem 0x9b800000-0x9b9fffff 64bit pref]
[    1.978564] pci_bus 0000:30: resource 4 [io  0x7000-0x8fff window]
[    1.978565] pci_bus 0000:30: resource 5 [mem 0xa6400000-0xb0ffffff window]
[    1.978566] pci_bus 0000:30: resource 6 [mem 0x220000000000-0x22ffffffffff window]
[    1.978572] pci_bus 0000:4a: resource 4 [io  0x9000-0x9fff window]
[    1.978573] pci_bus 0000:4a: resource 5 [mem 0xb1000000-0xbbbfffff window]
[    1.978574] pci_bus 0000:4a: resource 6 [mem 0x230000000000-0x23ffffffffff window]
[    1.978579] pci_bus 0000:64: resource 4 [io  0xa000-0xafff window]
[    1.978580] pci_bus 0000:64: resource 5 [mem 0xbbc00000-0xc5ffffff window]
[    1.978581] pci_bus 0000:64: resource 6 [mem 0x240000000000-0x24ffffffffff window]
[    1.978610] pci_bus 0000:80: resource 4 [io  0xb000-0xbfff window]
[    1.978611] pci_bus 0000:80: resource 5 [mem 0xc6800000-0xd0ffffff window]
[    1.978612] pci_bus 0000:80: resource 6 [mem 0x250000000000-0x25ffffffffff window]
[    1.978619] pci_bus 0000:81: resource 4 [io  0xc000-0xcfff window]
[    1.978620] pci_bus 0000:81: resource 5 [mem 0xd1000000-0xdbbfffff window]
[    1.978621] pci_bus 0000:81: resource 6 [mem 0x260000000000-0x26ffffffffff window]
[    1.978626] pci_bus 0000:82: resource 4 [io  0xd000-0xdfff window]
[    1.978627] pci_bus 0000:82: resource 5 [mem 0xdbc00000-0xe67fffff window]
