[    0.000000] Linux version 5.18.0 (xmu@xmu-PowerEdge-R750) (gcc (Ubuntu 8.4.0-1ubuntu1~18.04) 8.4.0, GNU ld (GNU Binutils for Ubuntu) 2.30) #1 SMP PREEMPT_DYNAMIC Sat Apr 6 15:16:25 CST 2024
[    0.000000] Command line: BOOT_IMAGE=/boot/vmlinuz-5.18.0 root=UUID=ce0c24b8-724b-4f33-9b2c-618433560aef ro memmap=44909M!4096M memmap=59G!64G quiet splash nomodeset vt.handoff=1
[    0.000000] KERNEL supported cpus:
[    0.000000]   Intel GenuineIntel
[    0.000000]   AMD AuthenticAMD
[    0.000000]   Hygon HygonGenuine
[    0.000000]   Centaur CentaurHauls
[    0.000000]   zhaoxin   Shanghai  
[    0.000000] x86/split lock detection: #AC: crashing the kernel on kernel split_locks and warning on user-space split_locks
[    0.000000] x86/fpu: Supporting XSAVE feature 0x001: 'x87 floating point registers'
[    0.000000] x86/fpu: Supporting XSAVE feature 0x002: 'SSE registers'
[    0.000000] x86/fpu: Supporting XSAVE feature 0x004: 'AVX registers'
[    0.000000] x86/fpu: Supporting XSAVE feature 0x020: 'AVX-512 opmask'
[    0.000000] x86/fpu: Supporting XSAVE feature 0x040: 'AVX-512 Hi256'
[    0.000000] x86/fpu: Supporting XSAVE feature 0x080: 'AVX-512 ZMM_Hi256'
[    0.000000] x86/fpu: Supporting XSAVE feature 0x200: 'Protection Keys User registers'
[    0.000000] x86/fpu: xstate_offset[2]:  576, xstate_sizes[2]:  256
[    0.000000] x86/fpu: xstate_offset[5]:  832, xstate_sizes[5]:   64
[    0.000000] x86/fpu: xstate_offset[6]:  896, xstate_sizes[6]:  512
[    0.000000] x86/fpu: xstate_offset[7]: 1408, xstate_sizes[7]: 1024
[    0.000000] x86/fpu: xstate_offset[9]: 2432, xstate_sizes[9]:    8
[    0.000000] x86/fpu: Enabled xstate features 0x2e7, context size is 2440 bytes, using 'compacted' format.
[    0.000000] signal: max sigframe size: 3632
[    0.000000] BIOS-provided physical RAM map:
[    0.000000] BIOS-e820: [mem 0x0000000000000000-0x000000000008efff] usable
[    0.000000] BIOS-e820: [mem 0x000000000008f000-0x000000000008ffff] reserved
[    0.000000] BIOS-e820: [mem 0x0000000000090000-0x000000000009ffff] usable
[    0.000000] BIOS-e820: [mem 0x00000000000a0000-0x00000000000fffff] reserved
[    0.000000] BIOS-e820: [mem 0x0000000000100000-0x0000000049e76fff] usable
[    0.000000] BIOS-e820: [mem 0x0000000049e77000-0x000000004ae76fff] ACPI NVS
[    0.000000] BIOS-e820: [mem 0x000000004ae77000-0x000000004b2cefff] usable
[    0.000000] BIOS-e820: [mem 0x000000004b2cf000-0x000000004b54dfff] ACPI data
[    0.000000] BIOS-e820: [mem 0x000000004b54e000-0x000000004bd93fff] usable
[    0.000000] BIOS-e820: [mem 0x000000004bd94000-0x000000004be99fff] reserved
[    0.000000] BIOS-e820: [mem 0x000000004be9a000-0x000000004cdfffff] usable
[    0.000000] BIOS-e820: [mem 0x000000004ce00000-0x000000004cffffff] reserved
[    0.000000] BIOS-e820: [mem 0x000000004d000000-0x000000005eefdfff] usable
[    0.000000] BIOS-e820: [mem 0x000000005eefe000-0x000000006e3fefff] reserved
[    0.000000] BIOS-e820: [mem 0x000000006e3ff000-0x000000006f3fefff] ACPI NVS
[    0.000000] BIOS-e820: [mem 0x000000006f3ff000-0x000000006f7fefff] ACPI data
[    0.000000] BIOS-e820: [mem 0x000000006f7ff000-0x000000006f7fffff] usable
[    0.000000] BIOS-e820: [mem 0x000000006f800000-0x000000008fffffff] reserved
[    0.000000] BIOS-e820: [mem 0x00000000fe000000-0x00000000fe010fff] reserved
[    0.000000] BIOS-e820: [mem 0x0000000100000000-0x000000207fffffff] usable
[    0.000000] BIOS-e820: [mem 0x0000002080000000-0x0000011c7fffffff] persistent (type 7)
[    0.000000] BIOS-e820: [mem 0x00001ffc00000000-0x00001fffffffffff] reserved
[    0.000000] NX (Execute Disable) protection: active
[    0.000000] e820: update [mem 0x46d5c020-0x46d6405f] usable ==> usable
[    0.000000] e820: update [mem 0x46d5c020-0x46d6405f] usable ==> usable
[    0.000000] e820: update [mem 0x46d29020-0x46d5bc5f] usable ==> usable
[    0.000000] e820: update [mem 0x46d29020-0x46d5bc5f] usable ==> usable
[    0.000000] e820: update [mem 0x46cf6020-0x46d28c5f] usable ==> usable
[    0.000000] e820: update [mem 0x46cf6020-0x46d28c5f] usable ==> usable
[    0.000000] e820: update [mem 0x46cc4020-0x46cf5a5f] usable ==> usable
[    0.000000] e820: update [mem 0x46cc4020-0x46cf5a5f] usable ==> usable
[    0.000000] extended physical RAM map:
[    0.000000] reserve setup_data: [mem 0x0000000000000000-0x000000000008efff] usable
[    0.000000] reserve setup_data: [mem 0x000000000008f000-0x000000000008ffff] reserved
[    0.000000] reserve setup_data: [mem 0x0000000000090000-0x000000000009ffff] usable
[    0.000000] reserve setup_data: [mem 0x00000000000a0000-0x00000000000fffff] reserved
[    0.000000] reserve setup_data: [mem 0x0000000000100000-0x0000000046cc401f] usable
[    0.000000] reserve setup_data: [mem 0x0000000046cc4020-0x0000000046cf5a5f] usable
[    0.000000] reserve setup_data: [mem 0x0000000046cf5a60-0x0000000046cf601f] usable
[    0.000000] reserve setup_data: [mem 0x0000000046cf6020-0x0000000046d28c5f] usable
[    0.000000] reserve setup_data: [mem 0x0000000046d28c60-0x0000000046d2901f] usable
[    0.000000] reserve setup_data: [mem 0x0000000046d29020-0x0000000046d5bc5f] usable
[    0.000000] reserve setup_data: [mem 0x0000000046d5bc60-0x0000000046d5c01f] usable
[    0.000000] reserve setup_data: [mem 0x0000000046d5c020-0x0000000046d6405f] usable
[    0.000000] reserve setup_data: [mem 0x0000000046d64060-0x0000000049e76fff] usable
[    0.000000] reserve setup_data: [mem 0x0000000049e77000-0x000000004ae76fff] ACPI NVS
[    0.000000] reserve setup_data: [mem 0x000000004ae77000-0x000000004b2cefff] usable
[    0.000000] reserve setup_data: [mem 0x000000004b2cf000-0x000000004b54dfff] ACPI data
[    0.000000] reserve setup_data: [mem 0x000000004b54e000-0x000000004bd93fff] usable
[    0.000000] reserve setup_data: [mem 0x000000004bd94000-0x000000004be99fff] reserved
[    0.000000] reserve setup_data: [mem 0x000000004be9a000-0x000000004cdfffff] usable
[    0.000000] reserve setup_data: [mem 0x000000004ce00000-0x000000004cffffff] reserved
[    0.000000] reserve setup_data: [mem 0x000000004d000000-0x000000005eefdfff] usable
[    0.000000] reserve setup_data: [mem 0x000000005eefe000-0x000000006e3fefff] reserved
[    0.000000] reserve setup_data: [mem 0x000000006e3ff000-0x000000006f3fefff] ACPI NVS
[    0.000000] reserve setup_data: [mem 0x000000006f3ff000-0x000000006f7fefff] ACPI data
[    0.000000] reserve setup_data: [mem 0x000000006f7ff000-0x000000006f7fffff] usable
[    0.000000] reserve setup_data: [mem 0x000000006f800000-0x000000008fffffff] reserved
[    0.000000] reserve setup_data: [mem 0x00000000fe000000-0x00000000fe010fff] reserved
[    0.000000] reserve setup_data: [mem 0x0000000100000000-0x0000000bf6cfffff] persistent (type 12)
[    0.000000] reserve setup_data: [mem 0x0000000bf6d00000-0x0000000fffffffff] usable
[    0.000000] reserve setup_data: [mem 0x0000001000000000-0x0000001ebfffffff] persistent (type 12)
[    0.000000] reserve setup_data: [mem 0x0000001ec0000000-0x000000207fffffff] usable
[    0.000000] reserve setup_data: [mem 0x0000002080000000-0x0000011c7fffffff] persistent (type 7)
[    0.000000] reserve setup_data: [mem 0x00001ffc00000000-0x00001fffffffffff] reserved
[    0.000000] user-defined physical RAM map:
[    0.000000] user: [mem 0x0000000000000000-0x000000000008efff] usable
[    0.000000] user: [mem 0x000000000008f000-0x000000000008ffff] reserved
[    0.000000] user: [mem 0x0000000000090000-0x000000000009ffff] usable
[    0.000000] user: [mem 0x00000000000a0000-0x00000000000fffff] reserved
[    0.000000] user: [mem 0x0000000000100000-0x0000000046cc401f] usable
[    0.000000] user: [mem 0x0000000046cc4020-0x0000000046cf5a5f] usable
[    0.000000] user: [mem 0x0000000046cf5a60-0x0000000046cf601f] usable
[    0.000000] user: [mem 0x0000000046cf6020-0x0000000046d28c5f] usable
[    0.000000] user: [mem 0x0000000046d28c60-0x0000000046d2901f] usable
[    0.000000] user: [mem 0x0000000046d29020-0x0000000046d5bc5f] usable
[    0.000000] user: [mem 0x0000000046d5bc60-0x0000000046d5c01f] usable
[    0.000000] user: [mem 0x0000000046d5c020-0x0000000046d6405f] usable
[    0.000000] user: [mem 0x0000000046d64060-0x0000000049e76fff] usable
[    0.000000] user: [mem 0x0000000049e77000-0x000000004ae76fff] ACPI NVS
[    0.000000] user: [mem 0x000000004ae77000-0x000000004b2cefff] usable
[    0.000000] user: [mem 0x000000004b2cf000-0x000000004b54dfff] ACPI data
[    0.000000] user: [mem 0x000000004b54e000-0x000000004bd93fff] usable
[    0.000000] user: [mem 0x000000004bd94000-0x000000004be99fff] reserved
[    0.000000] user: [mem 0x000000004be9a000-0x000000004cdfffff] usable
[    0.000000] user: [mem 0x000000004ce00000-0x000000004cffffff] reserved
[    0.000000] user: [mem 0x000000004d000000-0x000000005eefdfff] usable
[    0.000000] user: [mem 0x000000005eefe000-0x000000006e3fefff] reserved
[    0.000000] user: [mem 0x000000006e3ff000-0x000000006f3fefff] ACPI NVS
[    0.000000] user: [mem 0x000000006f3ff000-0x000000006f7fefff] ACPI data
[    0.000000] user: [mem 0x000000006f7ff000-0x000000006f7fffff] usable
[    0.000000] user: [mem 0x000000006f800000-0x000000008fffffff] reserved
[    0.000000] user: [mem 0x00000000fe000000-0x00000000fe010fff] reserved
[    0.000000] user: [mem 0x0000000100000000-0x0000000bf6cfffff] persistent (type 12)
[    0.000000] user: [mem 0x0000000bf6d00000-0x0000000fffffffff] usable
[    0.000000] user: [mem 0x0000001000000000-0x0000001ebfffffff] persistent (type 12)
[    0.000000] user: [mem 0x0000001ec0000000-0x000000207fffffff] usable
[    0.000000] user: [mem 0x0000002080000000-0x0000011c7fffffff] persistent (type 7)
[    0.000000] user: [mem 0x00001ffc00000000-0x00001fffffffffff] reserved
[    0.000000] efi: EFI v2.70 by Dell Inc.
[    0.000000] efi: ACPI=0x6f7fe000 ACPI 2.0=0x6f7fe014 MEMATTR=0x5b070020 SMBIOS=0x69526000 SMBIOS 3.0=0x69524000 MOKvar=0x5ef81000 RNG=0x5ef8a920 
[    0.000000] efi: seeding entropy pool
[    0.000000] SMBIOS 3.3.0 present.
[    0.000000] DMI: Dell Inc. PowerEdge R750/0K8F35, BIOS 1.10.2 03/03/2023
[    0.000000] tsc: Detected 2000.000 MHz processor
[    0.000006] e820: update [mem 0x00000000-0x00000fff] usable ==> reserved
[    0.000009] e820: remove [mem 0x000a0000-0x000fffff] usable
[    0.000018] last_pfn = 0x2080000 max_arch_pfn = 0x400000000
[    0.000196] x86/PAT: Configuration [0-7]: WB  WC  UC- UC  WB  WP  UC- WT  
[    0.002861] total RAM covered: 2095088M
[    0.002946]  gran_size: 64K 	chunk_size: 64K 	num_reg: 10  	lose cover RAM: 2016G
[    0.002949]  gran_size: 64K 	chunk_size: 128K 	num_reg: 10  	lose cover RAM: 2016G
[    0.002951]  gran_size: 64K 	chunk_size: 256K 	num_reg: 10  	lose cover RAM: 2016G
[    0.002952]  gran_size: 64K 	chunk_size: 512K 	num_reg: 10  	lose cover RAM: 2016G
[    0.002954]  gran_size: 64K 	chunk_size: 1M 	num_reg: 10  	lose cover RAM: 2016G
[    0.002955]  gran_size: 64K 	chunk_size: 2M 	num_reg: 10  	lose cover RAM: 2016G
[    0.002956]  gran_size: 64K 	chunk_size: 4M 	num_reg: 10  	lose cover RAM: 2016G
[    0.002958]  gran_size: 64K 	chunk_size: 8M 	num_reg: 10  	lose cover RAM: 2016G
[    0.002959]  gran_size: 64K 	chunk_size: 16M 	num_reg: 10  	lose cover RAM: 2016G
[    0.002960]  gran_size: 64K 	chunk_size: 32M 	num_reg: 10  	lose cover RAM: 1024G
[    0.002962]  gran_size: 64K 	chunk_size: 64M 	num_reg: 10  	lose cover RAM: 1024G
[    0.002963]  gran_size: 64K 	chunk_size: 128M 	num_reg: 10  	lose cover RAM: 1024G
[    0.002964]  gran_size: 64K 	chunk_size: 256M 	num_reg: 10  	lose cover RAM: 1024G
[    0.002966]  gran_size: 64K 	chunk_size: 512M 	num_reg: 10  	lose cover RAM: 1024G
[    0.002967]  gran_size: 64K 	chunk_size: 1G 	num_reg: 10  	lose cover RAM: 1024G
[    0.002968]  gran_size: 64K 	chunk_size: 2G 	num_reg: 10  	lose cover RAM: 1024G
[    0.002970]  gran_size: 128K 	chunk_size: 128K 	num_reg: 10  	lose cover RAM: 2016G
[    0.002971]  gran_size: 128K 	chunk_size: 256K 	num_reg: 10  	lose cover RAM: 2016G
[    0.002972]  gran_size: 128K 	chunk_size: 512K 	num_reg: 10  	lose cover RAM: 2016G
[    0.002974]  gran_size: 128K 	chunk_size: 1M 	num_reg: 10  	lose cover RAM: 2016G
[    0.002975]  gran_size: 128K 	chunk_size: 2M 	num_reg: 10  	lose cover RAM: 2016G
[    0.002976]  gran_size: 128K 	chunk_size: 4M 	num_reg: 10  	lose cover RAM: 2016G
[    0.002978]  gran_size: 128K 	chunk_size: 8M 	num_reg: 10  	lose cover RAM: 2016G
[    0.002979]  gran_size: 128K 	chunk_size: 16M 	num_reg: 10  	lose cover RAM: 2016G
[    0.002980]  gran_size: 128K 	chunk_size: 32M 	num_reg: 10  	lose cover RAM: 1024G
[    0.002982]  gran_size: 128K 	chunk_size: 64M 	num_reg: 10  	lose cover RAM: 1024G
[    0.002983]  gran_size: 128K 	chunk_size: 128M 	num_reg: 10  	lose cover RAM: 1024G
[    0.002984]  gran_size: 128K 	chunk_size: 256M 	num_reg: 10  	lose cover RAM: 1024G
[    0.002985]  gran_size: 128K 	chunk_size: 512M 	num_reg: 10  	lose cover RAM: 1024G
[    0.002987]  gran_size: 128K 	chunk_size: 1G 	num_reg: 10  	lose cover RAM: 1024G
[    0.002988]  gran_size: 128K 	chunk_size: 2G 	num_reg: 10  	lose cover RAM: 1024G
[    0.002989]  gran_size: 256K 	chunk_size: 256K 	num_reg: 10  	lose cover RAM: 2016G
[    0.002991]  gran_size: 256K 	chunk_size: 512K 	num_reg: 10  	lose cover RAM: 2016G
[    0.002992]  gran_size: 256K 	chunk_size: 1M 	num_reg: 10  	lose cover RAM: 2016G
[    0.002993]  gran_size: 256K 	chunk_size: 2M 	num_reg: 10  	lose cover RAM: 2016G
[    0.002995]  gran_size: 256K 	chunk_size: 4M 	num_reg: 10  	lose cover RAM: 2016G
[    0.002996]  gran_size: 256K 	chunk_size: 8M 	num_reg: 10  	lose cover RAM: 2016G
[    0.002997]  gran_size: 256K 	chunk_size: 16M 	num_reg: 10  	lose cover RAM: 2016G
[    0.002999]  gran_size: 256K 	chunk_size: 32M 	num_reg: 10  	lose cover RAM: 1024G
[    0.003000]  gran_size: 256K 	chunk_size: 64M 	num_reg: 10  	lose cover RAM: 1024G
[    0.003001]  gran_size: 256K 	chunk_size: 128M 	num_reg: 10  	lose cover RAM: 1024G
[    0.003003]  gran_size: 256K 	chunk_size: 256M 	num_reg: 10  	lose cover RAM: 1024G
[    0.003004]  gran_size: 256K 	chunk_size: 512M 	num_reg: 10  	lose cover RAM: 1024G
[    0.003005]  gran_size: 256K 	chunk_size: 1G 	num_reg: 10  	lose cover RAM: 1024G
[    0.003007]  gran_size: 256K 	chunk_size: 2G 	num_reg: 10  	lose cover RAM: 1024G
[    0.003008]  gran_size: 512K 	chunk_size: 512K 	num_reg: 10  	lose cover RAM: 2016G
[    0.003009]  gran_size: 512K 	chunk_size: 1M 	num_reg: 10  	lose cover RAM: 2016G
[    0.003011]  gran_size: 512K 	chunk_size: 2M 	num_reg: 10  	lose cover RAM: 2016G
[    0.003012]  gran_size: 512K 	chunk_size: 4M 	num_reg: 10  	lose cover RAM: 2016G
[    0.003013]  gran_size: 512K 	chunk_size: 8M 	num_reg: 10  	lose cover RAM: 2016G
[    0.003014]  gran_size: 512K 	chunk_size: 16M 	num_reg: 10  	lose cover RAM: 2016G
[    0.003016]  gran_size: 512K 	chunk_size: 32M 	num_reg: 10  	lose cover RAM: 1024G
[    0.003017]  gran_size: 512K 	chunk_size: 64M 	num_reg: 10  	lose cover RAM: 1024G
[    0.003018]  gran_size: 512K 	chunk_size: 128M 	num_reg: 10  	lose cover RAM: 1024G
[    0.003020]  gran_size: 512K 	chunk_size: 256M 	num_reg: 10  	lose cover RAM: 1024G
[    0.003021]  gran_size: 512K 	chunk_size: 512M 	num_reg: 10  	lose cover RAM: 1024G
[    0.003022]  gran_size: 512K 	chunk_size: 1G 	num_reg: 10  	lose cover RAM: 1024G
[    0.003024]  gran_size: 512K 	chunk_size: 2G 	num_reg: 10  	lose cover RAM: 1024G
[    0.003025]  gran_size: 1M 	chunk_size: 1M 	num_reg: 10  	lose cover RAM: 2016G
[    0.003027]  gran_size: 1M 	chunk_size: 2M 	num_reg: 10  	lose cover RAM: 2016G
[    0.003028]  gran_size: 1M 	chunk_size: 4M 	num_reg: 10  	lose cover RAM: 2016G
[    0.003029]  gran_size: 1M 	chunk_size: 8M 	num_reg: 10  	lose cover RAM: 2016G
[    0.003030]  gran_size: 1M 	chunk_size: 16M 	num_reg: 10  	lose cover RAM: 2016G
[    0.003032]  gran_size: 1M 	chunk_size: 32M 	num_reg: 10  	lose cover RAM: 1024G
[    0.003033]  gran_size: 1M 	chunk_size: 64M 	num_reg: 10  	lose cover RAM: 1024G
[    0.003034]  gran_size: 1M 	chunk_size: 128M 	num_reg: 10  	lose cover RAM: 1024G
[    0.003036]  gran_size: 1M 	chunk_size: 256M 	num_reg: 10  	lose cover RAM: 1024G
[    0.003037]  gran_size: 1M 	chunk_size: 512M 	num_reg: 10  	lose cover RAM: 1024G
[    0.003038]  gran_size: 1M 	chunk_size: 1G 	num_reg: 10  	lose cover RAM: 1024G
[    0.003040]  gran_size: 1M 	chunk_size: 2G 	num_reg: 10  	lose cover RAM: 1024G
[    0.003041]  gran_size: 2M 	chunk_size: 2M 	num_reg: 10  	lose cover RAM: 2016G
[    0.003042]  gran_size: 2M 	chunk_size: 4M 	num_reg: 10  	lose cover RAM: 2016G
[    0.003044]  gran_size: 2M 	chunk_size: 8M 	num_reg: 10  	lose cover RAM: 2016G
[    0.003045]  gran_size: 2M 	chunk_size: 16M 	num_reg: 10  	lose cover RAM: 2016G
[    0.003046]  gran_size: 2M 	chunk_size: 32M 	num_reg: 10  	lose cover RAM: 1024G
[    0.003047]  gran_size: 2M 	chunk_size: 64M 	num_reg: 10  	lose cover RAM: 1024G
[    0.003049]  gran_size: 2M 	chunk_size: 128M 	num_reg: 10  	lose cover RAM: 1024G
[    0.003050]  gran_size: 2M 	chunk_size: 256M 	num_reg: 10  	lose cover RAM: 1024G
[    0.003051]  gran_size: 2M 	chunk_size: 512M 	num_reg: 10  	lose cover RAM: 1024G
[    0.003053]  gran_size: 2M 	chunk_size: 1G 	num_reg: 10  	lose cover RAM: 1024G
[    0.003054]  gran_size: 2M 	chunk_size: 2G 	num_reg: 10  	lose cover RAM: 1024G
[    0.003056]  gran_size: 4M 	chunk_size: 4M 	num_reg: 10  	lose cover RAM: 2016G
[    0.003057]  gran_size: 4M 	chunk_size: 8M 	num_reg: 10  	lose cover RAM: 2016G
[    0.003058]  gran_size: 4M 	chunk_size: 16M 	num_reg: 10  	lose cover RAM: 2016G
[    0.003059]  gran_size: 4M 	chunk_size: 32M 	num_reg: 10  	lose cover RAM: 1024G
[    0.003061]  gran_size: 4M 	chunk_size: 64M 	num_reg: 10  	lose cover RAM: 1024G
[    0.003062]  gran_size: 4M 	chunk_size: 128M 	num_reg: 10  	lose cover RAM: 1024G
[    0.003063]  gran_size: 4M 	chunk_size: 256M 	num_reg: 10  	lose cover RAM: 1024G
[    0.003064]  gran_size: 4M 	chunk_size: 512M 	num_reg: 10  	lose cover RAM: 1024G
[    0.003066]  gran_size: 4M 	chunk_size: 1G 	num_reg: 10  	lose cover RAM: 1024G
[    0.003067]  gran_size: 4M 	chunk_size: 2G 	num_reg: 10  	lose cover RAM: 1024G
[    0.003069]  gran_size: 8M 	chunk_size: 8M 	num_reg: 10  	lose cover RAM: 2016G
[    0.003070]  gran_size: 8M 	chunk_size: 16M 	num_reg: 10  	lose cover RAM: 2016G
[    0.003071]  gran_size: 8M 	chunk_size: 32M 	num_reg: 10  	lose cover RAM: 1024G
[    0.003072]  gran_size: 8M 	chunk_size: 64M 	num_reg: 10  	lose cover RAM: 1024G
[    0.003074]  gran_size: 8M 	chunk_size: 128M 	num_reg: 10  	lose cover RAM: 1024G
[    0.003075]  gran_size: 8M 	chunk_size: 256M 	num_reg: 10  	lose cover RAM: 1024G
[    0.003076]  gran_size: 8M 	chunk_size: 512M 	num_reg: 10  	lose cover RAM: 1024G
[    0.003078]  gran_size: 8M 	chunk_size: 1G 	num_reg: 10  	lose cover RAM: 1024G
[    0.003079]  gran_size: 8M 	chunk_size: 2G 	num_reg: 10  	lose cover RAM: 1024G
[    0.003080]  gran_size: 16M 	chunk_size: 16M 	num_reg: 10  	lose cover RAM: 2016G
[    0.003082]  gran_size: 16M 	chunk_size: 32M 	num_reg: 10  	lose cover RAM: 1024G
[    0.003083]  gran_size: 16M 	chunk_size: 64M 	num_reg: 10  	lose cover RAM: 1024G
[    0.003084]  gran_size: 16M 	chunk_size: 128M 	num_reg: 10  	lose cover RAM: 1024G
[    0.003086]  gran_size: 16M 	chunk_size: 256M 	num_reg: 10  	lose cover RAM: 1024G
[    0.003087]  gran_size: 16M 	chunk_size: 512M 	num_reg: 10  	lose cover RAM: 1024G
[    0.003088]  gran_size: 16M 	chunk_size: 1G 	num_reg: 10  	lose cover RAM: 1024G
[    0.003090]  gran_size: 16M 	chunk_size: 2G 	num_reg: 10  	lose cover RAM: 1024G
[    0.003091]  gran_size: 32M 	chunk_size: 32M 	num_reg: 10  	lose cover RAM: 2031632M
[    0.003093]  gran_size: 32M 	chunk_size: 64M 	num_reg: 10  	lose cover RAM: 1048592M
[    0.003094]  gran_size: 32M 	chunk_size: 128M 	num_reg: 10  	lose cover RAM: 1048592M
[    0.003095]  gran_size: 32M 	chunk_size: 256M 	num_reg: 10  	lose cover RAM: 1048592M
[    0.003097]  gran_size: 32M 	chunk_size: 512M 	num_reg: 10  	lose cover RAM: 1048592M
[    0.003098]  gran_size: 32M 	chunk_size: 1G 	num_reg: 10  	lose cover RAM: 1048592M
[    0.003099]  gran_size: 32M 	chunk_size: 2G 	num_reg: 10  	lose cover RAM: 1048592M
[    0.003101]  gran_size: 64M 	chunk_size: 64M 	num_reg: 10  	lose cover RAM: 1966128M
[    0.003102]  gran_size: 64M 	chunk_size: 128M 	num_reg: 10  	lose cover RAM: 1048624M
[    0.003103]  gran_size: 64M 	chunk_size: 256M 	num_reg: 10  	lose cover RAM: 1048624M
[    0.003105]  gran_size: 64M 	chunk_size: 512M 	num_reg: 10  	lose cover RAM: 1048624M
[    0.003106]  gran_size: 64M 	chunk_size: 1G 	num_reg: 10  	lose cover RAM: 1048624M
[    0.003107]  gran_size: 64M 	chunk_size: 2G 	num_reg: 10  	lose cover RAM: 1048624M
[    0.003109]  gran_size: 128M 	chunk_size: 128M 	num_reg: 10  	lose cover RAM: 1835120M
[    0.003110]  gran_size: 128M 	chunk_size: 256M 	num_reg: 10  	lose cover RAM: 1048688M
[    0.003111]  gran_size: 128M 	chunk_size: 512M 	num_reg: 10  	lose cover RAM: 1048688M
[    0.003113]  gran_size: 128M 	chunk_size: 1G 	num_reg: 10  	lose cover RAM: 1048688M
[    0.003114]  gran_size: 128M 	chunk_size: 2G 	num_reg: 10  	lose cover RAM: 1048688M
[    0.003116]  gran_size: 256M 	chunk_size: 256M 	num_reg: 10  	lose cover RAM: 1573104M
[    0.003117]  gran_size: 256M 	chunk_size: 512M 	num_reg: 10  	lose cover RAM: 1048816M
[    0.003118]  gran_size: 256M 	chunk_size: 1G 	num_reg: 10  	lose cover RAM: 1048816M
[    0.003120]  gran_size: 256M 	chunk_size: 2G 	num_reg: 10  	lose cover RAM: 1048816M
[    0.003121]  gran_size: 512M 	chunk_size: 512M 	num_reg: 10  	lose cover RAM: 1049072M
[    0.003122]  gran_size: 512M 	chunk_size: 1G 	num_reg: 10  	lose cover RAM: 1049072M
[    0.003124]  gran_size: 512M 	chunk_size: 2G 	num_reg: 10  	lose cover RAM: 1049072M
[    0.003125]  gran_size: 1G 	chunk_size: 1G 	num_reg: 10  	lose cover RAM: 1008M
[    0.003126]  gran_size: 1G 	chunk_size: 2G 	num_reg: 10  	lose cover RAM: 1008M
[    0.003128]  gran_size: 2G 	chunk_size: 2G 	num_reg: 9  	lose cover RAM: 2032M
[    0.003129] mtrr_cleanup: can not find optimal value
[    0.003130] please specify mtrr_gran_size/mtrr_chunk_size
[    0.003132] e820: update [mem 0x7f000000-0xffffffff] usable ==> reserved
[    0.003136] x2apic: enabled by BIOS, switching to x2apic ops
[    0.003136] last_pfn = 0x6f800 max_arch_pfn = 0x400000000
[    0.014565] Using GB pages for direct mapping
[    0.015896] Secure boot disabled
[    0.015897] RAMDISK: [mem 0x205de61000-0x207fffffff]
[    0.015902] ACPI: Early table checksum verification disabled
[    0.015904] ACPI: RSDP 0x000000006F7FE014 000024 (v02 DELL  )
[    0.015908] ACPI: XSDT 0x000000006F41C188 0000F4 (v01 DELL   PE_SC3   00000000 DELL 01000013)
[    0.015914] ACPI: FACP 0x000000006F430000 000114 (v06 DELL   PE_SC3   00000000 DELL 00000001)
[    0.015919] ACPI: DSDT 0x000000004B4CE000 07FAD3 (v02 DELL   PE_SC3   00000003 DELL 00000001)
[    0.015923] ACPI: FACS 0x000000006F2F2000 000040
[    0.015926] ACPI: SSDT 0x000000006F7FB000 00159A (v02 INTEL  RAS_ACPI 00000001 INTL 20210331)
[    0.015930] ACPI: SSDT 0x000000006F7FA000 000745 (v02 INTEL  ADDRXLAT 00000001 INTL 20210331)
[    0.015933] ACPI: MCEJ 0x000000006F7F9000 000130 (v01 INTEL           00000001 INTL 0100000D)
[    0.015937] ACPI: BERT 0x000000006F7F8000 000030 (v01 DELL   PE_SC3   00000001 INTL 00000001)
[    0.015941] ACPI: ERST 0x000000006F7F7000 000230 (v01 DELL   PE_SC3   00000001 INTL 00000001)
[    0.015944] ACPI: SSDT 0x000000006F431000 3C524E (v02 INTEL  SSDTNVDR 00001000 INTL 20210331)
[    0.015948] ACPI: HMAT 0x000000006F42F000 000210 (v01 DELL   PE_SC3   00000001 DELL 00000001)
[    0.015951] ACPI: HPET 0x000000006F42E000 000038 (v01 DELL   PE_SC3   00000001 DELL 00000001)
[    0.015954] ACPI: MCFG 0x000000006F42D000 00003C (v01 DELL   PE_SC3   00000001 DELL 00000001)
[    0.015957] ACPI: MIGT 0x000000006F42C000 000040 (v01 DELL   PE_SC3   00000000 DELL 00000001)
[    0.015961] ACPI: MSCT 0x000000006F42B000 000090 (v01 DELL   PE_SC3   00000001 DELL 00000001)
[    0.015964] ACPI: PMTT 0x000000006F429000 0011E8 (v02 DELL   PE_SC3   00000001 DELL 00000001)
[    0.015967] ACPI: WSMT 0x000000006F428000 000028 (v01 DELL   PE_SC3   00000000 DELL 00000001)
[    0.015971] ACPI: APIC 0x000000006F427000 00075E (v04 DELL   PE_SC3   00000000 DELL 00000001)
[    0.015974] ACPI: SLIT 0x000000006F426000 00003C (v01 DELL   PE_SC3   00000001 DELL 01000013)
[    0.015977] ACPI: SRAT 0x000000006F41F000 006430 (v03 DELL   PE_SC3   00000002 DELL 01000013)
[    0.015981] ACPI: OEM4 0x000000004B346000 187A61 (v02 INTEL  CPU  CST 00003000 INTL 20210331)
[    0.015985] ACPI: SSDT 0x000000004B2CF000 0764A5 (v02 INTEL  SSDT  PM 00004000 INTL 20210331)
[    0.015988] ACPI: SSDT 0x000000006F41E000 000A1F (v02 DELL   PE_SC3   00000000 DELL 00000001)
[    0.015992] ACPI: HEST 0x000000006F41D000 00017C (v01 DELL   PE_SC3   00000001 INTL 00000001)
[    0.015995] ACPI: PCAT 0x000000006F41B000 00010C (v19 DELL   PE_SC3   00000002 DELL 00000001)
[    0.015998] ACPI: SSDT 0x000000006F413000 007299 (v02 INTEL  SpsNm    00000002 INTL 20210331)
[    0.016002] ACPI: SSDT 0x000000006F412000 000426 (v02 DELL   PE_SC3   00000002 DELL 00000001)
[    0.016005] ACPI: NFIT 0x000000006F7FD000 000488 (v01 DELL   PE_SC3   00000002 DELL 00000001)
[    0.016008] ACPI: DMAR 0x000000006F411000 000158 (v01 DELL   PE_SC3   00000001 DELL 00000001)
[    0.016011] ACPI: Reserving FACP table memory at [mem 0x6f430000-0x6f430113]
[    0.016013] ACPI: Reserving DSDT table memory at [mem 0x4b4ce000-0x4b54dad2]
[    0.016014] ACPI: Reserving FACS table memory at [mem 0x6f2f2000-0x6f2f203f]
[    0.016015] ACPI: Reserving SSDT table memory at [mem 0x6f7fb000-0x6f7fc599]
[    0.016016] ACPI: Reserving SSDT table memory at [mem 0x6f7fa000-0x6f7fa744]
[    0.016017] ACPI: Reserving MCEJ table memory at [mem 0x6f7f9000-0x6f7f912f]
[    0.016018] ACPI: Reserving BERT table memory at [mem 0x6f7f8000-0x6f7f802f]
[    0.016019] ACPI: Reserving ERST table memory at [mem 0x6f7f7000-0x6f7f722f]
[    0.016019] ACPI: Reserving SSDT table memory at [mem 0x6f431000-0x6f7f624d]
[    0.016020] ACPI: Reserving HMAT table memory at [mem 0x6f42f000-0x6f42f20f]
[    0.016021] ACPI: Reserving HPET table memory at [mem 0x6f42e000-0x6f42e037]
[    0.016022] ACPI: Reserving MCFG table memory at [mem 0x6f42d000-0x6f42d03b]
[    0.016023] ACPI: Reserving MIGT table memory at [mem 0x6f42c000-0x6f42c03f]
[    0.016024] ACPI: Reserving MSCT table memory at [mem 0x6f42b000-0x6f42b08f]
[    0.016025] ACPI: Reserving PMTT table memory at [mem 0x6f429000-0x6f42a1e7]
[    0.016026] ACPI: Reserving WSMT table memory at [mem 0x6f428000-0x6f428027]
[    0.016027] ACPI: Reserving APIC table memory at [mem 0x6f427000-0x6f42775d]
[    0.016028] ACPI: Reserving SLIT table memory at [mem 0x6f426000-0x6f42603b]
[    0.016028] ACPI: Reserving SRAT table memory at [mem 0x6f41f000-0x6f42542f]
[    0.016029] ACPI: Reserving OEM4 table memory at [mem 0x4b346000-0x4b4cda60]
[    0.016030] ACPI: Reserving SSDT table memory at [mem 0x4b2cf000-0x4b3454a4]
[    0.016031] ACPI: Reserving SSDT table memory at [mem 0x6f41e000-0x6f41ea1e]
[    0.016032] ACPI: Reserving HEST table memory at [mem 0x6f41d000-0x6f41d17b]
[    0.016033] ACPI: Reserving PCAT table memory at [mem 0x6f41b000-0x6f41b10b]
[    0.016034] ACPI: Reserving SSDT table memory at [mem 0x6f413000-0x6f41a298]
[    0.016035] ACPI: Reserving SSDT table memory at [mem 0x6f412000-0x6f412425]
[    0.016036] ACPI: Reserving NFIT table memory at [mem 0x6f7fd000-0x6f7fd487]
[    0.016037] ACPI: Reserving DMAR table memory at [mem 0x6f411000-0x6f411157]
[    0.016047] Setting APIC routing to cluster x2apic.
[    0.016094] SRAT: PXM 0 -> APIC 0x0000 -> Node 0
[    0.016095] SRAT: PXM 0 -> APIC 0x0001 -> Node 0
[    0.016096] SRAT: PXM 0 -> APIC 0x0002 -> Node 0
[    0.016097] SRAT: PXM 0 -> APIC 0x0003 -> Node 0
[    0.016098] SRAT: PXM 0 -> APIC 0x0004 -> Node 0
[    0.016098] SRAT: PXM 0 -> APIC 0x0005 -> Node 0
[    0.016099] SRAT: PXM 0 -> APIC 0x0006 -> Node 0
[    0.016100] SRAT: PXM 0 -> APIC 0x0007 -> Node 0
[    0.016100] SRAT: PXM 0 -> APIC 0x0008 -> Node 0
[    0.016101] SRAT: PXM 0 -> APIC 0x0009 -> Node 0
[    0.016101] SRAT: PXM 0 -> APIC 0x000a -> Node 0
[    0.016102] SRAT: PXM 0 -> APIC 0x000b -> Node 0
[    0.016103] SRAT: PXM 0 -> APIC 0x000c -> Node 0
[    0.016104] SRAT: PXM 0 -> APIC 0x000d -> Node 0
[    0.016105] SRAT: PXM 0 -> APIC 0x000e -> Node 0
[    0.016105] SRAT: PXM 0 -> APIC 0x000f -> Node 0
[    0.016106] SRAT: PXM 0 -> APIC 0x0010 -> Node 0
[    0.016107] SRAT: PXM 0 -> APIC 0x0011 -> Node 0
[    0.016108] SRAT: PXM 0 -> APIC 0x0012 -> Node 0
[    0.016108] SRAT: PXM 0 -> APIC 0x0013 -> Node 0
[    0.016109] SRAT: PXM 0 -> APIC 0x0014 -> Node 0
[    0.016110] SRAT: PXM 0 -> APIC 0x0015 -> Node 0
[    0.016110] SRAT: PXM 0 -> APIC 0x0016 -> Node 0
[    0.016111] SRAT: PXM 0 -> APIC 0x0017 -> Node 0
[    0.016112] SRAT: PXM 0 -> APIC 0x0018 -> Node 0
[    0.016112] SRAT: PXM 0 -> APIC 0x0019 -> Node 0
[    0.016113] SRAT: PXM 0 -> APIC 0x001a -> Node 0
[    0.016114] SRAT: PXM 0 -> APIC 0x001b -> Node 0
[    0.016114] SRAT: PXM 0 -> APIC 0x001c -> Node 0
[    0.016115] SRAT: PXM 0 -> APIC 0x001d -> Node 0
[    0.016116] SRAT: PXM 0 -> APIC 0x001e -> Node 0
[    0.016116] SRAT: PXM 0 -> APIC 0x001f -> Node 0
[    0.016117] SRAT: PXM 0 -> APIC 0x0020 -> Node 0
[    0.016118] SRAT: PXM 0 -> APIC 0x0021 -> Node 0
[    0.016118] SRAT: PXM 0 -> APIC 0x0022 -> Node 0
[    0.016119] SRAT: PXM 0 -> APIC 0x0023 -> Node 0
[    0.016120] SRAT: PXM 0 -> APIC 0x0024 -> Node 0
[    0.016120] SRAT: PXM 0 -> APIC 0x0025 -> Node 0
[    0.016121] SRAT: PXM 0 -> APIC 0x0026 -> Node 0
[    0.016122] SRAT: PXM 0 -> APIC 0x0027 -> Node 0
[    0.016122] SRAT: PXM 0 -> APIC 0x0028 -> Node 0
[    0.016123] SRAT: PXM 0 -> APIC 0x0029 -> Node 0
[    0.016124] SRAT: PXM 0 -> APIC 0x002a -> Node 0
[    0.016124] SRAT: PXM 0 -> APIC 0x002b -> Node 0
[    0.016125] SRAT: PXM 0 -> APIC 0x002c -> Node 0
[    0.016126] SRAT: PXM 0 -> APIC 0x002d -> Node 0
[    0.016126] SRAT: PXM 0 -> APIC 0x002e -> Node 0
[    0.016127] SRAT: PXM 0 -> APIC 0x002f -> Node 0
[    0.016128] SRAT: PXM 0 -> APIC 0x0030 -> Node 0
[    0.016128] SRAT: PXM 0 -> APIC 0x0031 -> Node 0
[    0.016129] SRAT: PXM 0 -> APIC 0x0032 -> Node 0
[    0.016130] SRAT: PXM 0 -> APIC 0x0033 -> Node 0
[    0.016130] SRAT: PXM 0 -> APIC 0x0034 -> Node 0
[    0.016131] SRAT: PXM 0 -> APIC 0x0035 -> Node 0
[    0.016132] SRAT: PXM 0 -> APIC 0x0036 -> Node 0
[    0.016132] SRAT: PXM 0 -> APIC 0x0037 -> Node 0
[    0.016133] SRAT: PXM 1 -> APIC 0x0080 -> Node 1
[    0.016134] SRAT: PXM 1 -> APIC 0x0081 -> Node 1
[    0.016134] SRAT: PXM 1 -> APIC 0x0082 -> Node 1
[    0.016135] SRAT: PXM 1 -> APIC 0x0083 -> Node 1
[    0.016136] SRAT: PXM 1 -> APIC 0x0084 -> Node 1
[    0.016137] SRAT: PXM 1 -> APIC 0x0085 -> Node 1
[    0.016137] SRAT: PXM 1 -> APIC 0x0086 -> Node 1
[    0.016138] SRAT: PXM 1 -> APIC 0x0087 -> Node 1
[    0.016139] SRAT: PXM 1 -> APIC 0x0088 -> Node 1
[    0.016140] SRAT: PXM 1 -> APIC 0x0089 -> Node 1
[    0.016140] SRAT: PXM 1 -> APIC 0x008a -> Node 1
[    0.016141] SRAT: PXM 1 -> APIC 0x008b -> Node 1
[    0.016142] SRAT: PXM 1 -> APIC 0x008c -> Node 1
[    0.016142] SRAT: PXM 1 -> APIC 0x008d -> Node 1
[    0.016143] SRAT: PXM 1 -> APIC 0x008e -> Node 1
[    0.016144] SRAT: PXM 1 -> APIC 0x008f -> Node 1
[    0.016144] SRAT: PXM 1 -> APIC 0x0090 -> Node 1
[    0.016145] SRAT: PXM 1 -> APIC 0x0091 -> Node 1
[    0.016146] SRAT: PXM 1 -> APIC 0x0092 -> Node 1
[    0.016146] SRAT: PXM 1 -> APIC 0x0093 -> Node 1
[    0.016147] SRAT: PXM 1 -> APIC 0x0094 -> Node 1
[    0.016147] SRAT: PXM 1 -> APIC 0x0095 -> Node 1
[    0.016148] SRAT: PXM 1 -> APIC 0x0096 -> Node 1
[    0.016149] SRAT: PXM 1 -> APIC 0x0097 -> Node 1
[    0.016149] SRAT: PXM 1 -> APIC 0x0098 -> Node 1
[    0.016150] SRAT: PXM 1 -> APIC 0x0099 -> Node 1
[    0.016151] SRAT: PXM 1 -> APIC 0x009a -> Node 1
[    0.016151] SRAT: PXM 1 -> APIC 0x009b -> Node 1
[    0.016152] SRAT: PXM 1 -> APIC 0x009c -> Node 1
[    0.016153] SRAT: PXM 1 -> APIC 0x009d -> Node 1
[    0.016153] SRAT: PXM 1 -> APIC 0x009e -> Node 1
[    0.016154] SRAT: PXM 1 -> APIC 0x009f -> Node 1
[    0.016155] SRAT: PXM 1 -> APIC 0x00a0 -> Node 1
[    0.016155] SRAT: PXM 1 -> APIC 0x00a1 -> Node 1
[    0.016156] SRAT: PXM 1 -> APIC 0x00a2 -> Node 1
[    0.016157] SRAT: PXM 1 -> APIC 0x00a3 -> Node 1
[    0.016157] SRAT: PXM 1 -> APIC 0x00a4 -> Node 1
[    0.016158] SRAT: PXM 1 -> APIC 0x00a5 -> Node 1
[    0.016159] SRAT: PXM 1 -> APIC 0x00a6 -> Node 1
[    0.016159] SRAT: PXM 1 -> APIC 0x00a7 -> Node 1
[    0.016160] SRAT: PXM 1 -> APIC 0x00a8 -> Node 1
[    0.016161] SRAT: PXM 1 -> APIC 0x00a9 -> Node 1
[    0.016161] SRAT: PXM 1 -> APIC 0x00aa -> Node 1
[    0.016162] SRAT: PXM 1 -> APIC 0x00ab -> Node 1
[    0.016162] SRAT: PXM 1 -> APIC 0x00ac -> Node 1
[    0.016163] SRAT: PXM 1 -> APIC 0x00ad -> Node 1
[    0.016164] SRAT: PXM 1 -> APIC 0x00ae -> Node 1
[    0.016164] SRAT: PXM 1 -> APIC 0x00af -> Node 1
[    0.016165] SRAT: PXM 1 -> APIC 0x00b0 -> Node 1
[    0.016166] SRAT: PXM 1 -> APIC 0x00b1 -> Node 1
[    0.016167] SRAT: PXM 1 -> APIC 0x00b2 -> Node 1
[    0.016167] SRAT: PXM 1 -> APIC 0x00b3 -> Node 1
[    0.016168] SRAT: PXM 1 -> APIC 0x00b4 -> Node 1
[    0.016169] SRAT: PXM 1 -> APIC 0x00b5 -> Node 1
[    0.016170] SRAT: PXM 1 -> APIC 0x00b6 -> Node 1
[    0.016170] SRAT: PXM 1 -> APIC 0x00b7 -> Node 1
[    0.016183] ACPI: SRAT: Node 0 PXM 0 [mem 0x00000000-0x7fffffff]
[    0.016184] ACPI: SRAT: Node 0 PXM 0 [mem 0x100000000-0x107fffffff]
[    0.016186] ACPI: SRAT: Node 2 PXM 2 [mem 0x2080000000-0x9e7fffffff] non-volatile
[    0.016187] ACPI: SRAT: Node 1 PXM 1 [mem 0x1080000000-0x207fffffff]
[    0.016188] ACPI: SRAT: Node 3 PXM 3 [mem 0x9e80000000-0x11c7fffffff] non-volatile
[    0.016198] NUMA: Initialized distance table, cnt=4
[    0.016202] NUMA: Node 0 [mem 0x00000000-0x7fffffff] + [mem 0x100000000-0x107fffffff] -> [mem 0x00000000-0x107fffffff]
[    0.016211] NODE_DATA(0) allocated [mem 0xffffd5000-0xfffffffff]
[    0.016229] NODE_DATA(1) allocated [mem 0x205de32000-0x205de5cfff]
[    0.016403] Zone ranges:
[    0.016404]   DMA      [mem 0x0000000000001000-0x0000000000ffffff]
[    0.016406]   DMA32    [mem 0x0000000001000000-0x00000000ffffffff]
[    0.016408]   Normal   [mem 0x0000000100000000-0x000000207fffffff]
[    0.016409]   Device   empty
[    0.016410] Movable zone start for each node
[    0.016414] Early memory node ranges
[    0.016414]   node   0: [mem 0x0000000000001000-0x000000000008efff]
[    0.016416]   node   0: [mem 0x0000000000090000-0x000000000009ffff]
[    0.016417]   node   0: [mem 0x0000000000100000-0x0000000049e76fff]
[    0.016418]   node   0: [mem 0x000000004ae77000-0x000000004b2cefff]
[    0.016418]   node   0: [mem 0x000000004b54e000-0x000000004bd93fff]
[    0.016419]   node   0: [mem 0x000000004be9a000-0x000000004cdfffff]
[    0.016420]   node   0: [mem 0x000000004d000000-0x000000005eefdfff]
[    0.016421]   node   0: [mem 0x000000006f7ff000-0x000000006f7fffff]
[    0.016422]   node   0: [mem 0x0000000bf6d00000-0x0000000fffffffff]
[    0.016423]   node   1: [mem 0x0000001ec0000000-0x000000207fffffff]
[    0.016425] Initmem setup node 0 [mem 0x0000000000001000-0x0000000fffffffff]
[    0.016428] Initmem setup node 1 [mem 0x0000001ec0000000-0x000000207fffffff]
[    0.016429] Initializing node 2 as memoryless
[    0.016452] Initmem setup node 2 as memoryless
[    0.016453] Initializing node 3 as memoryless
[    0.016472] Initmem setup node 3 as memoryless
[    0.016475] On node 0, zone DMA: 1 pages in unavailable ranges
[    0.016476] On node 0, zone DMA: 1 pages in unavailable ranges
[    0.016503] On node 0, zone DMA: 96 pages in unavailable ranges
[    0.018695] On node 0, zone DMA32: 4096 pages in unavailable ranges
[    0.018721] On node 0, zone DMA32: 639 pages in unavailable ranges
[    0.018754] On node 0, zone DMA32: 262 pages in unavailable ranges
[    0.019288] On node 0, zone DMA32: 512 pages in unavailable ranges
[    0.019586] On node 0, zone DMA32: 35073 pages in unavailable ranges
[    0.049252] On node 0, zone Normal: 29952 pages in unavailable ranges
[    0.063544] ACPI: PM-Timer IO Port: 0x508
[    0.063563] ACPI: X2APIC_NMI (uid[0xffffffff] high edge lint[0x1])
[    0.063566] ACPI: LAPIC_NMI (acpi_id[0xff] high edge lint[0x1])
[    0.063585] IOAPIC[0]: apic_id 8, version 32, address 0xfec00000, GSI 0-119
[    0.063589] ACPI: INT_SRC_OVR (bus 0 bus_irq 0 global_irq 2 dfl dfl)
[    0.063591] ACPI: INT_SRC_OVR (bus 0 bus_irq 9 global_irq 9 high level)
[    0.063595] ACPI: Using ACPI (MADT) for SMP configuration information
[    0.063596] ACPI: HPET id: 0x8086a701 base: 0xfed00000
[    0.063600] TSC deadline timer available
[    0.063601] smpboot: Allowing 112 CPUs, 0 hotplug CPUs
[    0.063629] PM: hibernation: Registered nosave memory: [mem 0x00000000-0x00000fff]
[    0.063631] PM: hibernation: Registered nosave memory: [mem 0x0008f000-0x0008ffff]
[    0.063633] PM: hibernation: Registered nosave memory: [mem 0x000a0000-0x000fffff]
[    0.063635] PM: hibernation: Registered nosave memory: [mem 0x46cc4000-0x46cc4fff]
[    0.063637] PM: hibernation: Registered nosave memory: [mem 0x46cf5000-0x46cf5fff]
[    0.063638] PM: hibernation: Registered nosave memory: [mem 0x46cf6000-0x46cf6fff]
[    0.063640] PM: hibernation: Registered nosave memory: [mem 0x46d28000-0x46d28fff]
[    0.063641] PM: hibernation: Registered nosave memory: [mem 0x46d29000-0x46d29fff]
[    0.063642] PM: hibernation: Registered nosave memory: [mem 0x46d5b000-0x46d5bfff]
[    0.063643] PM: hibernation: Registered nosave memory: [mem 0x46d5c000-0x46d5cfff]
[    0.063645] PM: hibernation: Registered nosave memory: [mem 0x46d64000-0x46d64fff]
[    0.063647] PM: hibernation: Registered nosave memory: [mem 0x49e77000-0x4ae76fff]
[    0.063648] PM: hibernation: Registered nosave memory: [mem 0x4b2cf000-0x4b54dfff]
[    0.063650] PM: hibernation: Registered nosave memory: [mem 0x4bd94000-0x4be99fff]
[    0.063652] PM: hibernation: Registered nosave memory: [mem 0x4ce00000-0x4cffffff]
[    0.063654] PM: hibernation: Registered nosave memory: [mem 0x5eefe000-0x6e3fefff]
[    0.063655] PM: hibernation: Registered nosave memory: [mem 0x6e3ff000-0x6f3fefff]
[    0.063655] PM: hibernation: Registered nosave memory: [mem 0x6f3ff000-0x6f7fefff]
[    0.063657] PM: hibernation: Registered nosave memory: [mem 0x6f800000-0x8fffffff]
[    0.063658] PM: hibernation: Registered nosave memory: [mem 0x90000000-0xfdffffff]
[    0.063659] PM: hibernation: Registered nosave memory: [mem 0xfe000000-0xfe010fff]
[    0.063660] PM: hibernation: Registered nosave memory: [mem 0xfe011000-0xffffffff]
[    0.063660] PM: hibernation: Registered nosave memory: [mem 0x100000000-0xbf6cfffff]
[    0.063662] PM: hibernation: Registered nosave memory: [mem 0x1000000000-0x1ebfffffff]
[    0.063664] [mem 0x90000000-0xfdffffff] available for PCI devices
[    0.063666] Booting paravirtualized kernel on bare hardware
[    0.063668] clocksource: refined-jiffies: mask: 0xffffffff max_cycles: 0xffffffff, max_idle_ns: 7645519600211568 ns
[    0.063674] setup_percpu: NR_CPUS:8192 nr_cpumask_bits:112 nr_cpu_ids:112 nr_node_ids:4
[    0.068365] percpu: Embedded 61 pages/cpu s212992 r8192 d28672 u262144
[    0.068377] pcpu-alloc: s212992 r8192 d28672 u262144 alloc=1*2097152
[    0.068379] pcpu-alloc: [0] 000 002 004 006 008 010 012 014 
[    0.068385] pcpu-alloc: [0] 016 018 020 022 024 026 028 030 
[    0.068390] pcpu-alloc: [0] 032 034 036 038 040 042 044 046 
[    0.068395] pcpu-alloc: [0] 048 050 052 054 056 058 060 062 
[    0.068399] pcpu-alloc: [0] 064 066 068 070 072 074 076 078 
[    0.068403] pcpu-alloc: [0] 080 082 084 086 088 090 092 094 
[    0.068408] pcpu-alloc: [0] 096 098 100 102 104 106 108 110 
[    0.068412] pcpu-alloc: [1] 001 003 005 007 009 011 013 015 
[    0.068417] pcpu-alloc: [1] 017 019 021 023 025 027 029 031 
[    0.068421] pcpu-alloc: [1] 033 035 037 039 041 043 045 047 
[    0.068426] pcpu-alloc: [1] 049 051 053 055 057 059 061 063 
[    0.068430] pcpu-alloc: [1] 065 067 069 071 073 075 077 079 
[    0.068435] pcpu-alloc: [1] 081 083 085 087 089 091 093 095 
[    0.068439] pcpu-alloc: [1] 097 099 101 103 105 107 109 111 
[    0.068486] Fallback order for Node 0: 0 1 
[    0.068489] Fallback order for Node 1: 1 0 
[    0.068492] Fallback order for Node 2: 2 0 1 
[    0.068495] Fallback order for Node 3: 3 1 0 
[    0.068502] Built 2 zonelists, mobility grouping on.  Total pages: 6348232
[    0.068504] Policy zone: Normal
[    0.068505] Kernel command line: BOOT_IMAGE=/boot/vmlinuz-5.18.0 root=UUID=ce0c24b8-724b-4f33-9b2c-618433560aef ro memmap=44909M!4096M memmap=59G!64G quiet splash nomodeset vt.handoff=1
[    0.068630] Booted with the nomodeset parameter. Only the system framebuffer will be available
[    0.068653] Unknown kernel command line parameters "splash BOOT_IMAGE=/boot/vmlinuz-5.18.0", will be passed to user space.
[    0.068654] printk: log_buf_len individual max cpu contribution: 4096 bytes
[    0.068655] printk: log_buf_len total cpu_extra contributions: 454656 bytes
[    0.068656] printk: log_buf_len min size: 262144 bytes
[    0.069636] printk: log_buf_len: 1048576 bytes
[    0.069637] printk: early log buf free: 223664(85%)
[    0.071544] mem auto-init: stack:off, heap alloc:on, heap free:off
[    0.138712] Memory: 24564648K/25800800K available (16392K kernel code, 3615K rwdata, 10444K rodata, 2688K init, 5836K bss, 1235892K reserved, 0K cma-reserved)
[    0.138718] random: get_random_u64 called from __kmem_cache_create+0x2d/0x480 with crng_init=0
[    0.139480] SLUB: HWalign=64, Order=0-3, MinObjects=0, CPUs=112, Nodes=4
[    0.139511] ftrace: allocating 48795 entries in 191 pages
[    0.148037] ftrace: allocated 191 pages with 7 groups
[    0.149003] Dynamic Preempt: voluntary
[    0.149350] rcu: Preemptible hierarchical RCU implementation.
[    0.149351] rcu: 	RCU restricting CPUs from NR_CPUS=8192 to nr_cpu_ids=112.
[    0.149352] 	Trampoline variant of Tasks RCU enabled.
[    0.149353] 	Rude variant of Tasks RCU enabled.
[    0.149354] 	Tracing variant of Tasks RCU enabled.
[    0.149354] rcu: RCU calculated value of scheduler-enlistment delay is 25 jiffies.
[    0.149355] rcu: Adjusting geometry for rcu_fanout_leaf=16, nr_cpu_ids=112
[    0.153166] NR_IRQS: 524544, nr_irqs: 2952, preallocated irqs: 16
[    0.153602] random: crng init done (trusting CPU's manufacturer)
[    0.153736] Console: colour dummy device 80x25
[    0.153772] printk: console [tty0] enabled
[    0.153971] mempolicy: Enabling automatic NUMA balancing. Configure with numa_balancing= or the kernel.numa_balancing sysctl
[    0.153976] ACPI: Core revision 20211217
[    0.157354] clocksource: hpet: mask: 0xffffffff max_cycles: 0xffffffff, max_idle_ns: 79635855245 ns
[    0.157398] APIC: Switch to symmetric I/O mode setup
[    0.157399] DMAR: Host address width 46
[    0.157401] DMAR: DRHD base: 0x000000d0ffc000 flags: 0x0
[    0.157406] DMAR: dmar0: reg_base_addr d0ffc000 ver 4:0 cap 8ed008c40780466 ecap 60000f050df
[    0.157409] DMAR: DRHD base: 0x000000dbbfc000 flags: 0x0
[    0.157411] DMAR: dmar1: reg_base_addr dbbfc000 ver 4:0 cap 8ed008c40780466 ecap 60000f050df
[    0.157414] DMAR: DRHD base: 0x000000e67fc000 flags: 0x0
[    0.157418] DMAR: dmar2: reg_base_addr e67fc000 ver 4:0 cap 8ed008c40780466 ecap 60000f050df
[    0.157420] DMAR: DRHD base: 0x000000f13fc000 flags: 0x0
[    0.157423] DMAR: dmar3: reg_base_addr f13fc000 ver 4:0 cap 8ed008c40780466 ecap 60000f050df
[    0.157425] DMAR: DRHD base: 0x000000fb7fc000 flags: 0x0
[    0.157427] DMAR: dmar4: reg_base_addr fb7fc000 ver 4:0 cap 8ed008c40780466 ecap 60000f050df
[    0.157429] DMAR: DRHD base: 0x000000a63fc000 flags: 0x0
[    0.157432] DMAR: dmar5: reg_base_addr a63fc000 ver 4:0 cap 8ed008c40780466 ecap 60000f050df
[    0.157434] DMAR: DRHD base: 0x000000b0ffc000 flags: 0x0
[    0.157438] DMAR: dmar6: reg_base_addr b0ffc000 ver 4:0 cap 8ed008c40780466 ecap 60000f050df
[    0.157440] DMAR: DRHD base: 0x000000bbbfc000 flags: 0x0
[    0.157442] DMAR: dmar7: reg_base_addr bbbfc000 ver 4:0 cap 8ed008c40780466 ecap 60000f050df
[    0.157444] DMAR: DRHD base: 0x000000c5ffc000 flags: 0x0
[    0.157446] DMAR: dmar8: reg_base_addr c5ffc000 ver 4:0 cap 8ed008c40780466 ecap 60000f050df
[    0.157448] DMAR: DRHD base: 0x0000009b7fc000 flags: 0x1
[    0.157451] DMAR: dmar9: reg_base_addr 9b7fc000 ver 4:0 cap 8ed008c40780466 ecap 60000f050df
[    0.157453] DMAR: RMRR base: 0x00000069427000 end: 0x00000069429fff
[    0.157454] DMAR: ATSR flags: 0x0
[    0.157457] DMAR-IR: IOAPIC id 8 under DRHD base  0x9b7fc000 IOMMU 9
[    0.157458] DMAR-IR: HPET id 0 under DRHD base 0x9b7fc000
[    0.157459] DMAR-IR: Queued invalidation will be enabled to support x2apic and Intr-remapping.
[    0.160284] DMAR-IR: Enabled IRQ remapping in x2apic mode
[    0.162916] ..TIMER: vector=0x30 apic1=0 pin1=2 apic2=-1 pin2=-1
[    0.181327] clocksource: tsc-early: mask: 0xffffffffffffffff max_cycles: 0x39a85c9bff6, max_idle_ns: 881590591483 ns
[    0.181333] Calibrating delay loop (skipped), value calculated using timer frequency.. 4000.00 BogoMIPS (lpj=8000000)
[    0.181336] pid_max: default: 114688 minimum: 896
[    0.185213] LSM: Security Framework initializing
[    0.185241] Yama: becoming mindful.
[    0.185291] AppArmor: AppArmor initialized
[    0.189205] Dentry cache hash table entries: 4194304 (order: 13, 33554432 bytes, vmalloc hugepage)
[    0.191189] Inode-cache hash table entries: 2097152 (order: 12, 16777216 bytes, vmalloc hugepage)
[    0.191302] Mount-cache hash table entries: 65536 (order: 7, 524288 bytes, vmalloc)
[    0.191371] Mountpoint-cache hash table entries: 65536 (order: 7, 524288 bytes, vmalloc)
[    0.191910] x86/tme: not enabled by BIOS
[    0.191920] CPU0: Thermal monitoring enabled (TM1)
[    0.191922] x86/cpu: User Mode Instruction Prevention (UMIP) activated
[    0.192157] process: using mwait in idle threads
[    0.192159] Last level iTLB entries: 4KB 0, 2MB 0, 4MB 0
[    0.192161] Last level dTLB entries: 4KB 0, 2MB 0, 4MB 0, 1GB 0
[    0.192167] Spectre V1 : Mitigation: usercopy/swapgs barriers and __user pointer sanitization
[    0.192169] Spectre V2 : WARNING: Unprivileged eBPF is enabled with eIBRS on, data leaks possible via Spectre v2 BHB attacks!
[    0.192174] Spectre V2 : Mitigation: Enhanced IBRS
[    0.192175] Spectre V2 : Spectre v2 / SpectreRSB mitigation: Filling RSB on context switch
[    0.192176] Spectre V2 : mitigation: Enabling conditional Indirect Branch Prediction Barrier
[    0.192178] Speculative Store Bypass: Mitigation: Speculative Store Bypass disabled via prctl
[    0.197357] Freeing SMP alternatives memory: 40K
[    0.201470] smpboot: Estimated ratio of average max frequency by base frequency (times 1024): 1433
[    0.201485] smpboot: CPU0: Intel(R) Xeon(R) Gold 6330 CPU @ 2.00GHz (family: 0x6, model: 0x6a, stepping: 0x6)
[    0.201692] cblist_init_generic: Setting adjustable number of callback queues.
[    0.201707] cblist_init_generic: Setting shift to 7 and lim to 1.
[    0.201733] cblist_init_generic: Setting shift to 7 and lim to 1.
[    0.201760] cblist_init_generic: Setting shift to 7 and lim to 1.
[    0.201771] Performance Events: PEBS fmt4+-baseline,  AnyThread deprecated, Icelake events, 32-deep LBR, full-width counters, Intel PMU driver.
[    0.201807] ... version:                5
[    0.201808] ... bit width:              48
[    0.201808] ... generic registers:      8
[    0.201809] ... value mask:             0000ffffffffffff
[    0.201810] ... max period:             00007fffffffffff
[    0.201811] ... fixed-purpose events:   4
[    0.201811] ... event mask:             0001000f000000ff
[    0.201981] rcu: Hierarchical SRCU implementation.
[    0.209186] NMI watchdog: Enabled. Permanently consumes one hw-PMU counter.
[    0.210253] smp: Bringing up secondary CPUs ...
[    0.210376] x86: Booting SMP configuration:
[    0.210378] .... node  #1, CPUs:          #1
[    0.007734] smpboot: CPU 1 Converting physical 0 to logical die 1

[    0.297445] .... node  #0, CPUs:     #2
[    0.302823] .... node  #1, CPUs:     #3
[    0.308271] .... node  #0, CPUs:     #4
[    0.313655] .... node  #1, CPUs:     #5
[    0.319065] .... node  #0, CPUs:     #6
[    0.324664] .... node  #1, CPUs:     #7
[    0.330261] .... node  #0, CPUs:     #8
[    0.335559] .... node  #1, CPUs:     #9
[    0.341434] .... node  #0, CPUs:    #10
[    0.347064] .... node  #1, CPUs:    #11
[    0.352818] .... node  #0, CPUs:    #12
[    0.358346] .... node  #1, CPUs:    #13
[    0.363720] .... node  #0, CPUs:    #14
[    0.368967] .... node  #1, CPUs:    #15
[    0.374305] .... node  #0, CPUs:    #16
[    0.379601] .... node  #1, CPUs:    #17
[    0.384926] .... node  #0, CPUs:    #18
[    0.390187] .... node  #1, CPUs:    #19
[    0.395849] .... node  #0, CPUs:    #20
[    0.401341] .... node  #1, CPUs:    #21
[    0.406726] .... node  #0, CPUs:    #22
[    0.412172] .... node  #1, CPUs:    #23
[    0.417460] .... node  #0, CPUs:    #24
[    0.423105] .... node  #1, CPUs:    #25
[    0.428461] .... node  #0, CPUs:    #26
[    0.433698] .... node  #1, CPUs:    #27
[    0.439017] .... node  #0, CPUs:    #28
[    0.444544] .... node  #1, CPUs:    #29
[    0.449850] .... node  #0, CPUs:    #30
[    0.455104] .... node  #1, CPUs:    #31
[    0.460596] .... node  #0, CPUs:    #32
[    0.465889] .... node  #1, CPUs:    #33
[    0.471286] .... node  #0, CPUs:    #34
[    0.476747] .... node  #1, CPUs:    #35
[    0.482084] .... node  #0, CPUs:    #36
[    0.487314] .... node  #1, CPUs:    #37
[    0.492647] .... node  #0, CPUs:    #38
[    0.498219] .... node  #1, CPUs:    #39
[    0.503773] .... node  #0, CPUs:    #40
[    0.509498] .... node  #1, CPUs:    #41
[    0.515172] .... node  #0, CPUs:    #42
[    0.520498] .... node  #1, CPUs:    #43
[    0.526163] .... node  #0, CPUs:    #44
[    0.531542] .... node  #1, CPUs:    #45
[    0.537027] .... node  #0, CPUs:    #46
[    0.542576] .... node  #1, CPUs:    #47
[    0.548054] .... node  #0, CPUs:    #48
[    0.553494] .... node  #1, CPUs:    #49
[    0.558863] .... node  #0, CPUs:    #50
[    0.564378] .... node  #1, CPUs:    #51
[    0.570039] .... node  #0, CPUs:    #52
[    0.575518] .... node  #1, CPUs:    #53
[    0.581343] .... node  #0, CPUs:    #54
[    0.586836] .... node  #1, CPUs:    #55
[    0.592660] .... node  #0, CPUs:    #56
[    0.598834] .... node  #1, CPUs:    #57
[    0.604766] .... node  #0, CPUs:    #58
[    0.610194] .... node  #1, CPUs:    #59
[    0.615658] .... node  #0, CPUs:    #60
[    0.621063] .... node  #1, CPUs:    #61
[    0.626486] .... node  #0, CPUs:    #62
[    0.632100] .... node  #1, CPUs:    #63
[    0.637728] .... node  #0, CPUs:    #64
[    0.643045] .... node  #1, CPUs:    #65
[    0.648808] .... node  #0, CPUs:    #66
[    0.654560] .... node  #1, CPUs:    #67
[    0.660339] .... node  #0, CPUs:    #68
[    0.665888] .... node  #1, CPUs:    #69
[    0.671284] .... node  #0, CPUs:    #70
[    0.676546] .... node  #1, CPUs:    #71
[    0.681907] .... node  #0, CPUs:    #72
[    0.687215] .... node  #1, CPUs:    #73
[    0.692579] .... node  #0, CPUs:    #74
[    0.697871] .... node  #1, CPUs:    #75
[    0.703544] .... node  #0, CPUs:    #76
[    0.708824] .... node  #1, CPUs:    #77
[    0.714460] .... node  #0, CPUs:    #78
[    0.719937] .... node  #1, CPUs:    #79
[    0.725438] .... node  #0, CPUs:    #80
[    0.730915] .... node  #1, CPUs:    #81
[    0.736299] .... node  #0, CPUs:    #82
[    0.741539] .... node  #1, CPUs:    #83
[    0.746892] .... node  #0, CPUs:    #84
[    0.752424] .... node  #1, CPUs:    #85
[    0.757763] .... node  #0, CPUs:    #86
[    0.763036] .... node  #1, CPUs:    #87
[    0.768554] .... node  #0, CPUs:    #88
[    0.773884] .... node  #1, CPUs:    #89
[    0.779305] .... node  #0, CPUs:    #90
[    0.784770] .... node  #1, CPUs:    #91
[    0.790117] .... node  #0, CPUs:    #92
[    0.795362] .... node  #1, CPUs:    #93
[    0.800715] .... node  #0, CPUs:    #94
[    0.806322] .... node  #1, CPUs:    #95
[    0.811885] .... node  #0, CPUs:    #96
[    0.817528] .... node  #1, CPUs:    #97
[    0.823322] .... node  #0, CPUs:    #98
[    0.828664] .... node  #1, CPUs:    #99
[    0.834354] .... node  #0, CPUs:   #100
[    0.839741] .... node  #1, CPUs:   #101
[    0.845442] .... node  #0, CPUs:   #102
[    0.850810] .... node  #1, CPUs:   #103
[    0.856299] .... node  #0, CPUs:   #104
[    0.861669] .... node  #1, CPUs:   #105
[    0.867140] .... node  #0, CPUs:   #106
[    0.872668] .... node  #1, CPUs:   #107
[    0.878343] .... node  #0, CPUs:   #108
[    0.883840] .... node  #1, CPUs:   #109
[    0.889473] .... node  #0, CPUs:   #110
[    0.895203] .... node  #1, CPUs:   #111
[    0.901043] smp: Brought up 2 nodes, 112 CPUs
[    0.901043] smpboot: Max logical packages: 2
[    0.901043] smpboot: Total of 112 processors activated (448089.46 BogoMIPS)
[    0.908800] devtmpfs: initialized
[    0.908800] x86/mm: Memory block size: 2048MB
[    0.909359] ACPI: PM: Registering ACPI NVS region [mem 0x49e77000-0x4ae76fff] (16777216 bytes)
[    0.909566] ACPI: PM: Registering ACPI NVS region [mem 0x6e3ff000-0x6f3fefff] (16777216 bytes)
[    0.909837] clocksource: jiffies: mask: 0xffffffff max_cycles: 0xffffffff, max_idle_ns: 7645041785100000 ns
[    0.910129] futex hash table entries: 32768 (order: 9, 2097152 bytes, vmalloc)
[    0.910378] pinctrl core: initialized pinctrl subsystem
[    0.910527] PM: RTC time: 13:00:13, date: 2024-06-23
[    0.911435] NET: Registered PF_NETLINK/PF_ROUTE protocol family
[    0.912229] DMA: preallocated 4096 KiB GFP_KERNEL pool for atomic allocations
[    0.912734] DMA: preallocated 4096 KiB GFP_KERNEL|GFP_DMA pool for atomic allocations
[    0.913241] DMA: preallocated 4096 KiB GFP_KERNEL|GFP_DMA32 pool for atomic allocations
[    0.913250] audit: initializing netlink subsys (disabled)
[    0.913258] audit: type=2000 audit(1719147612.752:1): state=initialized audit_enabled=0 res=1
[    0.913423] thermal_sys: Registered thermal governor 'fair_share'
[    0.913425] thermal_sys: Registered thermal governor 'bang_bang'
[    0.913426] thermal_sys: Registered thermal governor 'step_wise'
[    0.913426] thermal_sys: Registered thermal governor 'user_space'
[    0.913432] EISA bus registered
[    0.913458] cpuidle: using governor ladder
[    0.913458] cpuidle: using governor menu
[    0.913458] ACPI FADT declares the system doesn't support PCIe ASPM, so disable it
[    0.913458] acpiphp: ACPI Hot Plug PCI Controller Driver version: 0.5
[    0.913477] PCI: MMCONFIG for domain 0000 [bus 00-ff] at [mem 0x80000000-0x8fffffff] (base 0x80000000)
[    0.913482] PCI: MMCONFIG at [mem 0x80000000-0x8fffffff] reserved in E820
[    0.913488] pmd_set_huge: Cannot satisfy [mem 0x80000000-0x80200000] with a huge-page mapping due to MTRR override.
[    0.913696] PCI: Using configuration type 1 for base access
[    0.913706] PCI: Dell System detected, enabling pci=bfsort.
[    0.915853] ENERGY_PERF_BIAS: Set to 'normal', was 'performance'
[    0.918665] kprobes: kprobe jump-optimization is enabled. All kprobes are optimized if possible.
[    0.918670] HugeTLB registered 1.00 GiB page size, pre-allocated 0 pages
[    0.918670] HugeTLB registered 2.00 MiB page size, pre-allocated 0 pages
[    0.921666] fbcon: Taking over console
[    0.921666] ACPI: Added _OSI(Module Device)
[    0.921666] ACPI: Added _OSI(Processor Device)
[    0.921666] ACPI: Added _OSI(3.0 _SCP Extensions)
[    0.921666] ACPI: Added _OSI(Processor Aggregator Device)
[    0.921666] ACPI: Added _OSI(Linux-Dell-Video)
[    0.921666] ACPI: Added _OSI(Linux-Lenovo-NV-HDMI-Audio)
[    0.921666] ACPI: Added _OSI(Linux-HPI-Hybrid-Graphics)
[    1.090853] ACPI: 8 ACPI AML tables successfully acquired and loaded
[    1.097140] ACPI: [Firmware Bug]: BIOS _OSI(Linux) query ignored
[    1.105356] ACPI: Dynamic OEM Table Load:
[    1.516179] ACPI: Interpreter enabled
[    1.516200] ACPI: PM: (supports S0 S5)
[    1.516202] ACPI: Using IOAPIC for interrupt routing
[    1.516286] HEST: Table parsing has been initialized.
[    1.516469] GHES: APEI firmware first mode is enabled by APEI bit and WHEA _OSC.
[    1.516472] PCI: Using host bridge windows from ACPI; if necessary, use "pci=nocrs" and report a bug
[    1.546263] ACPI: Enabled 4 GPEs in block 00 to 7F
[    1.673893] ACPI: PCI Root Bridge [PC00] (domain 0000 [bus 00-15])
[    1.673900] acpi PNP0A08:00: _OSC: OS supports [ExtendedConfig ASPM ClockPM Segments MSI HPX-Type3]
[    1.742577] acpi PNP0A08:00: _OSC: platform does not support [SHPCHotplug AER LTR]
[    1.742804] acpi PNP0A08:00: _OSC: OS now controls [PCIeHotplug PME PCIeCapability]
[    1.742805] acpi PNP0A08:00: FADT indicates ASPM is unsupported, using BIOS configuration
[    1.744684] PCI host bridge to bus 0000:00
[    1.744686] pci_bus 0000:00: root bus resource [io  0x0000-0x0cf7 window]
[    1.744688] pci_bus 0000:00: root bus resource [io  0x1000-0x4fff window]
[    1.744690] pci_bus 0000:00: root bus resource [mem 0x000a0000-0x000bffff window]
[    1.744691] pci_bus 0000:00: root bus resource [mem 0x000c8000-0x000cffff window]
[    1.744692] pci_bus 0000:00: root bus resource [mem 0xfe010000-0xfe010fff window]
[    1.744694] pci_bus 0000:00: root bus resource [mem 0x90000000-0x9b7fffff window]
[    1.744695] pci_bus 0000:00: root bus resource [mem 0x200000000000-0x20ffffffffff window]
[    1.744696] pci_bus 0000:00: root bus resource [bus 00-15]
[    1.744711] pci 0000:00:00.0: [8086:09a2] type 00 class 0x088000
[    1.744811] pci 0000:00:00.1: [8086:09a4] type 00 class 0x088000
[    1.744879] pci 0000:00:00.2: [8086:09a3] type 00 class 0x088000
[    1.744947] pci 0000:00:00.4: [8086:0998] type 00 class 0x060000
[    1.745015] pci 0000:00:02.0: [8086:09a6] type 00 class 0x088000
[    1.745023] pci 0000:00:02.0: reg 0x10: [mem 0x92dfc000-0x92dfdfff]
[    1.745099] pci 0000:00:02.1: [8086:09a7] type 00 class 0x088000
[    1.745107] pci 0000:00:02.1: reg 0x10: [mem 0x92d00000-0x92d7ffff]
[    1.745112] pci 0000:00:02.1: reg 0x14: [mem 0x92c80000-0x92cfffff]
[    1.745187] pci 0000:00:02.4: [8086:3456] type 00 class 0x130000
[    1.745197] pci 0000:00:02.4: reg 0x10: [mem 0x92a00000-0x92afffff 64bit]
[    1.745204] pci 0000:00:02.4: reg 0x18: [mem 0x92df0000-0x92df3fff 64bit]
[    1.745211] pci 0000:00:02.4: reg 0x20: [mem 0x92dc0000-0x92ddffff 64bit]
[    1.745290] pci 0000:00:11.0: [8086:a1ec] type 00 class 0xff0000
[    1.745292] pci 0000:00:11.0: device has non-compliant BARs; disabling IO/MEM decoding
[    1.745385] pci 0000:00:11.5: [8086:a1d2] type 00 class 0x010601
[    1.745398] pci 0000:00:11.5: reg 0x10: [mem 0x92dfa000-0x92dfbfff]
[    1.745406] pci 0000:00:11.5: reg 0x14: [mem 0x92e05000-0x92e050ff]
[    1.745413] pci 0000:00:11.5: reg 0x18: [io  0x2068-0x206f]
[    1.745421] pci 0000:00:11.5: reg 0x1c: [io  0x2074-0x2077]
[    1.745428] pci 0000:00:11.5: reg 0x20: [io  0x2040-0x205f]
[    1.745436] pci 0000:00:11.5: reg 0x24: [mem 0x92b80000-0x92bfffff]
[    1.745473] pci 0000:00:11.5: PME# supported from D3hot
[    1.745692] pci 0000:00:14.0: [8086:a1af] type 00 class 0x0c0330
[    1.745710] pci 0000:00:14.0: reg 0x10: [mem 0x92de0000-0x92deffff 64bit]
[    1.745773] pci 0000:00:14.0: PME# supported from D3hot D3cold
[    1.746005] pci 0000:00:14.2: [8086:a1b1] type 00 class 0x118000
[    1.746022] pci 0000:00:14.2: reg 0x10: [mem 0x92e02000-0x92e02fff 64bit]
[    1.746145] pci 0000:00:16.0: [8086:a1ba] type 00 class 0x078000
[    1.746169] pci 0000:00:16.0: reg 0x10: [mem 0x92e01000-0x92e01fff 64bit]
[    1.746252] pci 0000:00:16.0: PME# supported from D3hot
[    1.746314] pci 0000:00:16.1: [8086:a1bb] type 00 class 0x078000
[    1.746338] pci 0000:00:16.1: reg 0x10: [mem 0x92e00000-0x92e00fff 64bit]
[    1.746421] pci 0000:00:16.1: PME# supported from D3hot
[    1.746487] pci 0000:00:16.4: [8086:a1be] type 00 class 0x078000
[    1.746510] pci 0000:00:16.4: reg 0x10: [mem 0x92dff000-0x92dfffff 64bit]
[    1.746593] pci 0000:00:16.4: PME# supported from D3hot
[    1.746663] pci 0000:00:17.0: [8086:a182] type 00 class 0x010601
[    1.746676] pci 0000:00:17.0: reg 0x10: [mem 0x92df8000-0x92df9fff]
[    1.746683] pci 0000:00:17.0: reg 0x14: [mem 0x92e04000-0x92e040ff]
[    1.746691] pci 0000:00:17.0: reg 0x18: [io  0x2060-0x2067]
[    1.746698] pci 0000:00:17.0: reg 0x1c: [io  0x2070-0x2073]
[    1.746705] pci 0000:00:17.0: reg 0x20: [io  0x2020-0x203f]
[    1.746712] pci 0000:00:17.0: reg 0x24: [mem 0x92b00000-0x92b7ffff]
[    1.746749] pci 0000:00:17.0: PME# supported from D3hot
[    1.746957] pci 0000:00:1c.0: [8086:a190] type 01 class 0x060400
[    1.747032] pci 0000:00:1c.0: PME# supported from D0 D3hot D3cold
[    1.747693] pci 0000:00:1c.4: [8086:a194] type 01 class 0x060400
[    1.747763] pci 0000:00:1c.4: PME# supported from D0 D3hot D3cold
[    1.748395] pci 0000:00:1c.5: [8086:a195] type 01 class 0x060400
[    1.748466] pci 0000:00:1c.5: PME# supported from D0 D3hot D3cold
[    1.749107] pci 0000:00:1f.0: [8086:a1cb] type 00 class 0x060100
[    1.749480] pci 0000:00:1f.2: [8086:a1a1] type 00 class 0x058000
[    1.749495] pci 0000:00:1f.2: reg 0x10: [mem 0x92df4000-0x92df7fff]
[    1.749744] pci 0000:00:1f.4: [8086:a1a3] type 00 class 0x0c0500
[    1.749763] pci 0000:00:1f.4: reg 0x10: [mem 0x92dfe000-0x92dfe0ff 64bit]
[    1.749786] pci 0000:00:1f.4: reg 0x20: [io  0x2000-0x201f]
[    1.749854] pci 0000:00:1f.5: [8086:a1a4] type 00 class 0x0c8000
[    1.749869] pci 0000:00:1f.5: reg 0x10: [mem 0xfe010000-0xfe010fff]
[    1.750004] pci 0000:00:1c.0: PCI bridge to [bus 01]
[    1.750055] pci 0000:02:00.0: [1556:be00] type 01 class 0x060400
[    1.750225] pci 0000:00:1c.4: PCI bridge to [bus 02-03]
[    1.750230] pci 0000:00:1c.4:   bridge window [mem 0x92000000-0x928fffff]
[    1.750234] pci 0000:00:1c.4:   bridge window [mem 0x91000000-0x91ffffff 64bit pref]
[    1.750266] pci_bus 0000:03: extended config space not accessible
[    1.750283] pci 0000:03:00.0: [102b:0536] type 00 class 0x030000
[    1.750303] pci 0000:03:00.0: reg 0x10: [mem 0x91000000-0x91ffffff pref]
[    1.750314] pci 0000:03:00.0: reg 0x14: [mem 0x92808000-0x9280bfff]
[    1.750324] pci 0000:03:00.0: reg 0x18: [mem 0x92000000-0x927fffff]
[    1.750372] pci 0000:03:00.0: BAR 0: assigned to efifb
[    1.750380] pci 0000:03:00.0: Video device with shadowed ROM at [mem 0x000c0000-0x000dffff]
[    1.750482] pci 0000:02:00.0: PCI bridge to [bus 03]
[    1.750491] pci 0000:02:00.0:   bridge window [mem 0x92000000-0x928fffff]
[    1.750497] pci 0000:02:00.0:   bridge window [mem 0x91000000-0x91ffffff 64bit pref]
[    1.750567] pci 0000:04:00.0: [14e4:165f] type 00 class 0x020000
[    1.750591] pci 0000:04:00.0: reg 0x10: [mem 0x92930000-0x9293ffff 64bit pref]
[    1.750606] pci 0000:04:00.0: reg 0x18: [mem 0x92940000-0x9294ffff 64bit pref]
[    1.750622] pci 0000:04:00.0: reg 0x20: [mem 0x92950000-0x9295ffff 64bit pref]
[    1.750633] pci 0000:04:00.0: reg 0x30: [mem 0xfffc0000-0xffffffff pref]
[    1.750727] pci 0000:04:00.0: PME# supported from D0 D3hot D3cold
[    1.750780] pci 0000:04:00.0: 4.000 Gb/s available PCIe bandwidth, limited by 5.0 GT/s PCIe x1 link at 0000:00:1c.5 (capable of 8.000 Gb/s with 5.0 GT/s PCIe x2 link)
[    1.751346] pci 0000:04:00.1: [14e4:165f] type 00 class 0x020000
[    1.751370] pci 0000:04:00.1: reg 0x10: [mem 0x92900000-0x9290ffff 64bit pref]
[    1.751386] pci 0000:04:00.1: reg 0x18: [mem 0x92910000-0x9291ffff 64bit pref]
[    1.751401] pci 0000:04:00.1: reg 0x20: [mem 0x92920000-0x9292ffff 64bit pref]
[    1.751412] pci 0000:04:00.1: reg 0x30: [mem 0xfffc0000-0xffffffff pref]
[    1.751507] pci 0000:04:00.1: PME# supported from D0 D3hot D3cold
[    1.752089] pci 0000:00:1c.5: PCI bridge to [bus 04]
[    1.752096] pci 0000:00:1c.5:   bridge window [mem 0x92900000-0x929fffff 64bit pref]
[    1.752110] pci_bus 0000:00: on NUMA node 0
[    1.752704] ACPI: PCI Root Bridge [PC01] (domain 0000 [bus 16-2f])
[    1.752708] acpi PNP0A08:01: _OSC: OS supports [ExtendedConfig ASPM ClockPM Segments MSI HPX-Type3]
[    1.767505] acpi PNP0A08:01: _OSC: platform does not support [SHPCHotplug AER]
[    1.767721] acpi PNP0A08:01: _OSC: OS now controls [PCIeHotplug PME PCIeCapability LTR]
[    1.767722] acpi PNP0A08:01: FADT indicates ASPM is unsupported, using BIOS configuration
[    1.767854] PCI host bridge to bus 0000:16
[    1.767855] pci_bus 0000:16: root bus resource [io  0x5000-0x6fff window]
[    1.767857] pci_bus 0000:16: root bus resource [mem 0x9b800000-0xa63fffff window]
[    1.767858] pci_bus 0000:16: root bus resource [mem 0x210000000000-0x21ffffffffff window]
[    1.767860] pci_bus 0000:16: root bus resource [bus 16-2f]
[    1.767870] pci 0000:16:00.0: [8086:09a2] type 00 class 0x088000
[    1.767939] pci 0000:16:00.1: [8086:09a4] type 00 class 0x088000
[    1.768002] pci 0000:16:00.2: [8086:09a3] type 00 class 0x088000
[    1.768065] pci 0000:16:00.4: [8086:0998] type 00 class 0x060000
[    1.768135] pci 0000:16:02.0: [8086:347a] type 01 class 0x060400
[    1.768145] pci 0000:16:02.0: reg 0x10: [mem 0x21fffff00000-0x21fffff1ffff 64bit]
[    1.768183] pci 0000:16:02.0: PME# supported from D0 D3hot D3cold
[    1.769125] pci 0000:17:00.0: [1000:10e2] type 00 class 0x010400
[    1.769138] pci 0000:17:00.0: reg 0x10: [mem 0x9b800000-0x9b8fffff 64bit pref]
[    1.769147] pci 0000:17:00.0: reg 0x18: [mem 0x9b900000-0x9b9fffff 64bit pref]
[    1.769153] pci 0000:17:00.0: reg 0x20: [mem 0x9ba00000-0x9bafffff]
[    1.769158] pci 0000:17:00.0: reg 0x24: [io  0x5000-0x50ff]
[    1.769164] pci 0000:17:00.0: reg 0x30: [mem 0xfff00000-0xffffffff pref]
[    1.770284] pci 0000:17:00.0: supports D1 D2
[    1.770353] pci 0000:16:02.0: PCI bridge to [bus 17]
[    1.770355] pci 0000:16:02.0:   bridge window [io  0x5000-0x5fff]
[    1.770357] pci 0000:16:02.0:   bridge window [mem 0x9ba00000-0x9bafffff]
[    1.770360] pci 0000:16:02.0:   bridge window [mem 0x9b800000-0x9b9fffff 64bit pref]
[    1.770366] pci_bus 0000:16: on NUMA node 0
[    1.770445] ACPI: PCI Root Bridge [PC02] (domain 0000 [bus 30-49])
[    1.770448] acpi PNP0A08:02: _OSC: OS supports [ExtendedConfig ASPM ClockPM Segments MSI HPX-Type3]
[    1.784913] acpi PNP0A08:02: _OSC: platform does not support [SHPCHotplug AER]
[    1.785129] acpi PNP0A08:02: _OSC: OS now controls [PCIeHotplug PME PCIeCapability LTR]
[    1.785130] acpi PNP0A08:02: FADT indicates ASPM is unsupported, using BIOS configuration
[    1.785252] PCI host bridge to bus 0000:30
[    1.785253] pci_bus 0000:30: root bus resource [io  0x7000-0x8fff window]
[    1.785255] pci_bus 0000:30: root bus resource [mem 0xa6400000-0xb0ffffff window]
[    1.785256] pci_bus 0000:30: root bus resource [mem 0x220000000000-0x22ffffffffff window]
[    1.785258] pci_bus 0000:30: root bus resource [bus 30-49]
[    1.785268] pci 0000:30:00.0: [8086:09a2] type 00 class 0x088000
[    1.785348] pci 0000:30:00.1: [8086:09a4] type 00 class 0x088000
[    1.785412] pci 0000:30:00.2: [8086:09a3] type 00 class 0x088000
[    1.785476] pci 0000:30:00.4: [8086:0998] type 00 class 0x060000
[    1.785548] pci_bus 0000:30: on NUMA node 0
[    1.785653] ACPI: PCI Root Bridge [PC04] (domain 0000 [bus 4a-63])
[    1.785656] acpi PNP0A08:04: _OSC: OS supports [ExtendedConfig ASPM ClockPM Segments MSI HPX-Type3]
[    1.800153] acpi PNP0A08:04: _OSC: platform does not support [SHPCHotplug AER]
[    1.800365] acpi PNP0A08:04: _OSC: OS now controls [PCIeHotplug PME PCIeCapability LTR]
[    1.800366] acpi PNP0A08:04: FADT indicates ASPM is unsupported, using BIOS configuration
[    1.800487] PCI host bridge to bus 0000:4a
[    1.800489] pci_bus 0000:4a: root bus resource [io  0x9000-0x9fff window]
[    1.800490] pci_bus 0000:4a: root bus resource [mem 0xb1000000-0xbbbfffff window]
[    1.800491] pci_bus 0000:4a: root bus resource [mem 0x230000000000-0x23ffffffffff window]
[    1.800493] pci_bus 0000:4a: root bus resource [bus 4a-63]
[    1.800502] pci 0000:4a:00.0: [8086:09a2] type 00 class 0x088000
[    1.800566] pci 0000:4a:00.1: [8086:09a4] type 00 class 0x088000
[    1.800631] pci 0000:4a:00.2: [8086:09a3] type 00 class 0x088000
[    1.800693] pci 0000:4a:00.4: [8086:0998] type 00 class 0x060000
[    1.800767] pci_bus 0000:4a: on NUMA node 0
[    1.800841] ACPI: PCI Root Bridge [PC05] (domain 0000 [bus 64-7d])
[    1.800844] acpi PNP0A08:05: _OSC: OS supports [ExtendedConfig ASPM ClockPM Segments MSI HPX-Type3]
[    1.815263] acpi PNP0A08:05: _OSC: platform does not support [SHPCHotplug AER]
[    1.815475] acpi PNP0A08:05: _OSC: OS now controls [PCIeHotplug PME PCIeCapability LTR]
[    1.815476] acpi PNP0A08:05: FADT indicates ASPM is unsupported, using BIOS configuration
[    1.815594] PCI host bridge to bus 0000:64
[    1.815596] pci_bus 0000:64: root bus resource [io  0xa000-0xafff window]
[    1.815597] pci_bus 0000:64: root bus resource [mem 0xbbc00000-0xc5ffffff window]
[    1.815598] pci_bus 0000:64: root bus resource [mem 0x240000000000-0x24ffffffffff window]
[    1.815600] pci_bus 0000:64: root bus resource [bus 64-7d]
[    1.815609] pci 0000:64:00.0: [8086:09a2] type 00 class 0x088000
[    1.815673] pci 0000:64:00.1: [8086:09a4] type 00 class 0x088000
[    1.815734] pci 0000:64:00.2: [8086:09a3] type 00 class 0x088000
[    1.815796] pci 0000:64:00.4: [8086:0998] type 00 class 0x060000
[    1.815865] pci_bus 0000:64: on NUMA node 0
[    1.815931] ACPI: PCI Root Bridge [UC06] (domain 0000 [bus 7e])
[    1.815934] acpi PNP0A03:00: _OSC: OS supports [ExtendedConfig ASPM ClockPM Segments MSI HPX-Type3]
[    1.816031] acpi PNP0A03:00: _OSC: platform does not support [SHPCHotplug AER LTR]
[    1.816209] acpi PNP0A03:00: _OSC: OS now controls [PCIeHotplug PME PCIeCapability]
[    1.816210] acpi PNP0A03:00: FADT indicates ASPM is unsupported, using BIOS configuration
[    1.816345] PCI host bridge to bus 0000:7e
[    1.816346] pci_bus 0000:7e: root bus resource [bus 7e]
[    1.816355] pci 0000:7e:00.0: [8086:3450] type 00 class 0x088000
[    1.816428] pci 0000:7e:00.1: [8086:3451] type 00 class 0x088000
[    1.816490] pci 0000:7e:00.2: [8086:3452] type 00 class 0x088000
[    1.816559] pci 0000:7e:00.3: [8086:0998] type 00 class 0x060000
[    1.816614] pci 0000:7e:00.5: [8086:3455] type 00 class 0x088000
[    1.816675] pci 0000:7e:02.0: [8086:3440] type 00 class 0x088000
[    1.816802] pci 0000:7e:02.1: [8086:3441] type 00 class 0x088000
[    1.816910] pci 0000:7e:02.2: [8086:3442] type 00 class 0x088000
[    1.817017] pci 0000:7e:03.0: [8086:3440] type 00 class 0x088000
[    1.817109] pci 0000:7e:03.1: [8086:3441] type 00 class 0x088000
[    1.817186] pci 0000:7e:03.2: [8086:3442] type 00 class 0x088000
[    1.817267] pci 0000:7e:04.0: [8086:3440] type 00 class 0x088000
[    1.817387] pci 0000:7e:04.1: [8086:3441] type 00 class 0x088000
[    1.817502] pci 0000:7e:04.2: [8086:3442] type 00 class 0x088000
[    1.817618] pci 0000:7e:04.3: [8086:3443] type 00 class 0x088000
[    1.817736] pci 0000:7e:05.0: [8086:3445] type 00 class 0x088000
[    1.817862] pci 0000:7e:05.1: [8086:3446] type 00 class 0x088000
[    1.817973] pci 0000:7e:05.2: [8086:3447] type 00 class 0x088000
[    1.818087] pci 0000:7e:06.0: [8086:3445] type 00 class 0x088000
[    1.818181] pci 0000:7e:06.1: [8086:3446] type 00 class 0x088000
[    1.818259] pci 0000:7e:06.2: [8086:3447] type 00 class 0x088000
[    1.818343] pci 0000:7e:07.0: [8086:3445] type 00 class 0x088000
[    1.818477] pci 0000:7e:07.1: [8086:3446] type 00 class 0x088000
[    1.818595] pci 0000:7e:07.2: [8086:3447] type 00 class 0x088000
[    1.818711] pci 0000:7e:0b.0: [8086:3448] type 00 class 0x088000
[    1.818787] pci 0000:7e:0b.1: [8086:3448] type 00 class 0x088000
[    1.818856] pci 0000:7e:0b.2: [8086:344b] type 00 class 0x088000
[    1.818924] pci 0000:7e:0c.0: [8086:344a] type 00 class 0x110100
[    1.819026] pci 0000:7e:0d.0: [8086:344a] type 00 class 0x110100
[    1.819125] pci 0000:7e:0e.0: [8086:344a] type 00 class 0x110100
[    1.819269] pci 0000:7e:0f.0: [8086:344a] type 00 class 0x110100
[    1.819423] pci 0000:7e:1a.0: [8086:2880] type 00 class 0x110100
[    1.819522] pci 0000:7e:1b.0: [8086:2880] type 00 class 0x110100
[    1.819619] pci 0000:7e:1c.0: [8086:2880] type 00 class 0x110100
[    1.819774] pci 0000:7e:1d.0: [8086:2880] type 00 class 0x110100
[    1.819920] pci_bus 0000:7e: on NUMA node 0
[    1.820003] ACPI: PCI Root Bridge [UC07] (domain 0000 [bus 7f])
[    1.820006] acpi PNP0A03:01: _OSC: OS supports [ExtendedConfig ASPM ClockPM Segments MSI HPX-Type3]
[    1.820105] acpi PNP0A03:01: _OSC: platform does not support [SHPCHotplug AER LTR]
[    1.820286] acpi PNP0A03:01: _OSC: OS now controls [PCIeHotplug PME PCIeCapability]
[    1.820287] acpi PNP0A03:01: FADT indicates ASPM is unsupported, using BIOS configuration
[    1.820434] PCI host bridge to bus 0000:7f
[    1.820435] pci_bus 0000:7f: root bus resource [bus 7f]
[    1.820448] pci 0000:7f:00.0: [8086:344c] type 00 class 0x088000
[    1.820563] pci 0000:7f:00.1: [8086:344c] type 00 class 0x088000
[    1.820672] pci 0000:7f:00.2: [8086:344c] type 00 class 0x088000
[    1.820783] pci 0000:7f:00.3: [8086:344c] type 00 class 0x088000
[    1.820872] pci 0000:7f:00.4: [8086:344c] type 00 class 0x088000
[    1.820991] pci 0000:7f:00.5: [8086:344c] type 00 class 0x088000
[    1.821107] pci 0000:7f:00.6: [8086:344c] type 00 class 0x088000
[    1.821190] pci 0000:7f:00.7: [8086:344c] type 00 class 0x088000
[    1.821274] pci 0000:7f:01.0: [8086:344c] type 00 class 0x088000
[    1.821415] pci 0000:7f:01.1: [8086:344c] type 00 class 0x088000
[    1.821534] pci 0000:7f:01.2: [8086:344c] type 00 class 0x088000
[    1.821614] pci 0000:7f:01.3: [8086:344c] type 00 class 0x088000
[    1.821745] pci 0000:7f:01.4: [8086:344c] type 00 class 0x088000
[    1.821877] pci 0000:7f:01.5: [8086:344c] type 00 class 0x088000
[    1.822013] pci 0000:7f:01.6: [8086:344c] type 00 class 0x088000
[    1.822138] pci 0000:7f:01.7: [8086:344c] type 00 class 0x088000
[    1.822266] pci 0000:7f:02.0: [8086:344c] type 00 class 0x088000
[    1.822409] pci 0000:7f:02.1: [8086:344c] type 00 class 0x088000
[    1.822541] pci 0000:7f:02.2: [8086:344c] type 00 class 0x088000
[    1.822672] pci 0000:7f:02.3: [8086:344c] type 00 class 0x088000
[    1.822810] pci 0000:7f:02.4: [8086:344c] type 00 class 0x088000
[    1.822947] pci 0000:7f:02.5: [8086:344c] type 00 class 0x088000
[    1.823084] pci 0000:7f:02.6: [8086:344c] type 00 class 0x088000
[    1.823237] pci 0000:7f:02.7: [8086:344c] type 00 class 0x088000
[    1.823384] pci 0000:7f:03.0: [8086:344c] type 00 class 0x088000
[    1.823542] pci 0000:7f:03.1: [8086:344c] type 00 class 0x088000
[    1.823693] pci 0000:7f:03.2: [8086:344c] type 00 class 0x088000
[    1.823841] pci 0000:7f:03.3: [8086:344c] type 00 class 0x088000
[    1.824001] pci 0000:7f:0a.0: [8086:344d] type 00 class 0x088000
[    1.824116] pci 0000:7f:0a.1: [8086:344d] type 00 class 0x088000
[    1.824225] pci 0000:7f:0a.2: [8086:344d] type 00 class 0x088000
[    1.824341] pci 0000:7f:0a.3: [8086:344d] type 00 class 0x088000
[    1.824438] pci 0000:7f:0a.4: [8086:344d] type 00 class 0x088000
[    1.824557] pci 0000:7f:0a.5: [8086:344d] type 00 class 0x088000
[    1.824673] pci 0000:7f:0a.6: [8086:344d] type 00 class 0x088000
[    1.824750] pci 0000:7f:0a.7: [8086:344d] type 00 class 0x088000
[    1.824833] pci 0000:7f:0b.0: [8086:344d] type 00 class 0x088000
[    1.824977] pci 0000:7f:0b.1: [8086:344d] type 00 class 0x088000
[    1.825096] pci 0000:7f:0b.2: [8086:344d] type 00 class 0x088000
[    1.825180] pci 0000:7f:0b.3: [8086:344d] type 00 class 0x088000
[    1.825311] pci 0000:7f:0b.4: [8086:344d] type 00 class 0x088000
[    1.825442] pci 0000:7f:0b.5: [8086:344d] type 00 class 0x088000
[    1.825580] pci 0000:7f:0b.6: [8086:344d] type 00 class 0x088000
[    1.825701] pci 0000:7f:0b.7: [8086:344d] type 00 class 0x088000
[    1.825828] pci 0000:7f:0c.0: [8086:344d] type 00 class 0x088000
[    1.825973] pci 0000:7f:0c.1: [8086:344d] type 00 class 0x088000
[    1.826105] pci 0000:7f:0c.2: [8086:344d] type 00 class 0x088000
[    1.826242] pci 0000:7f:0c.3: [8086:344d] type 00 class 0x088000
[    1.826381] pci 0000:7f:0c.4: [8086:344d] type 00 class 0x088000
[    1.826517] pci 0000:7f:0c.5: [8086:344d] type 00 class 0x088000
[    1.826655] pci 0000:7f:0c.6: [8086:344d] type 00 class 0x088000
[    1.826802] pci 0000:7f:0c.7: [8086:344d] type 00 class 0x088000
[    1.826951] pci 0000:7f:0d.0: [8086:344d] type 00 class 0x088000
[    1.827116] pci 0000:7f:0d.1: [8086:344d] type 00 class 0x088000
[    1.827267] pci 0000:7f:0d.2: [8086:344d] type 00 class 0x088000
[    1.827422] pci 0000:7f:0d.3: [8086:344d] type 00 class 0x088000
[    1.827591] pci 0000:7f:1d.0: [8086:344f] type 00 class 0x088000
[    1.827712] pci 0000:7f:1d.1: [8086:3457] type 00 class 0x088000
[    1.827818] pci 0000:7f:1e.0: [8086:3458] type 00 class 0x088000
[    1.827896] pci 0000:7f:1e.1: [8086:3459] type 00 class 0x088000
[    1.827958] pci 0000:7f:1e.2: [8086:345a] type 00 class 0x088000
[    1.828021] pci 0000:7f:1e.3: [8086:345b] type 00 class 0x088000
[    1.828082] pci 0000:7f:1e.4: [8086:345c] type 00 class 0x088000
[    1.828149] pci 0000:7f:1e.5: [8086:345d] type 00 class 0x088000
[    1.828210] pci 0000:7f:1e.6: [8086:345e] type 00 class 0x088000
[    1.828271] pci 0000:7f:1e.7: [8086:345f] type 00 class 0x088000
[    1.828329] pci_bus 0000:7f: on NUMA node 0
[    1.828433] ACPI: PCI Root Bridge [PC06] (domain 0000 [bus 80])
[    1.828435] acpi PNP0A08:06: _OSC: OS supports [ExtendedConfig ASPM ClockPM Segments MSI HPX-Type3]
[    1.842884] acpi PNP0A08:06: _OSC: platform does not support [SHPCHotplug AER]
[    1.843097] acpi PNP0A08:06: _OSC: OS now controls [PCIeHotplug PME PCIeCapability LTR]
[    1.843098] acpi PNP0A08:06: FADT indicates ASPM is unsupported, using BIOS configuration
[    1.843245] PCI host bridge to bus 0000:80
[    1.843246] pci_bus 0000:80: root bus resource [io  0xb000-0xbfff window]
[    1.843248] pci_bus 0000:80: root bus resource [mem 0xc6800000-0xd0ffffff window]
[    1.843249] pci_bus 0000:80: root bus resource [mem 0x250000000000-0x25ffffffffff window]
[    1.843251] pci_bus 0000:80: root bus resource [bus 80]
[    1.843261] pci 0000:80:00.0: [8086:09a2] type 00 class 0x088000
[    1.843348] pci 0000:80:00.1: [8086:09a4] type 00 class 0x088000
[    1.843417] pci 0000:80:00.2: [8086:09a3] type 00 class 0x088000
[    1.843487] pci 0000:80:00.4: [8086:0998] type 00 class 0x060000
[    1.843558] pci 0000:80:02.0: [8086:09a6] type 00 class 0x088000
[    1.843567] pci 0000:80:02.0: reg 0x10: [mem 0xc6aa4000-0xc6aa5fff]
[    1.843632] pci 0000:80:02.1: [8086:09a7] type 00 class 0x088000
[    1.843641] pci 0000:80:02.1: reg 0x10: [mem 0xc6a00000-0xc6a7ffff]
[    1.843646] pci 0000:80:02.1: reg 0x14: [mem 0xc6980000-0xc69fffff]
[    1.843702] pci 0000:80:02.4: [8086:3456] type 00 class 0x130000
[    1.843712] pci 0000:80:02.4: reg 0x10: [mem 0xc6800000-0xc68fffff 64bit]
[    1.843720] pci 0000:80:02.4: reg 0x18: [mem 0xc6aa0000-0xc6aa3fff 64bit]
[    1.843727] pci 0000:80:02.4: reg 0x20: [mem 0xc6a80000-0xc6a9ffff 64bit]
[    1.843794] pci_bus 0000:80: on NUMA node 1
[    1.843873] ACPI: PCI Root Bridge [PC07] (domain 0000 [bus 81])
[    1.843876] acpi PNP0A08:07: _OSC: OS supports [ExtendedConfig ASPM ClockPM Segments MSI HPX-Type3]
[    1.858312] acpi PNP0A08:07: _OSC: platform does not support [SHPCHotplug AER]
[    1.858523] acpi PNP0A08:07: _OSC: OS now controls [PCIeHotplug PME PCIeCapability LTR]
[    1.858524] acpi PNP0A08:07: FADT indicates ASPM is unsupported, using BIOS configuration
[    1.858643] PCI host bridge to bus 0000:81
[    1.858644] pci_bus 0000:81: root bus resource [io  0xc000-0xcfff window]
[    1.858646] pci_bus 0000:81: root bus resource [mem 0xd1000000-0xdbbfffff window]
[    1.858647] pci_bus 0000:81: root bus resource [mem 0x260000000000-0x26ffffffffff window]
[    1.858648] pci_bus 0000:81: root bus resource [bus 81]
[    1.858658] pci 0000:81:00.0: [8086:09a2] type 00 class 0x088000
[    1.858727] pci 0000:81:00.1: [8086:09a4] type 00 class 0x088000
[    1.858795] pci 0000:81:00.2: [8086:09a3] type 00 class 0x088000
[    1.858864] pci 0000:81:00.4: [8086:0998] type 00 class 0x060000
[    1.858941] pci_bus 0000:81: on NUMA node 1
[    1.859015] ACPI: PCI Root Bridge [PC08] (domain 0000 [bus 82])
[    1.859017] acpi PNP0A08:08: _OSC: OS supports [ExtendedConfig ASPM ClockPM Segments MSI HPX-Type3]
[    1.873430] acpi PNP0A08:08: _OSC: platform does not support [SHPCHotplug AER]
[    1.873645] acpi PNP0A08:08: _OSC: OS now controls [PCIeHotplug PME PCIeCapability LTR]
[    1.873646] acpi PNP0A08:08: FADT indicates ASPM is unsupported, using BIOS configuration
[    1.873763] PCI host bridge to bus 0000:82
[    1.873765] pci_bus 0000:82: root bus resource [io  0xd000-0xdfff window]
[    1.873766] pci_bus 0000:82: root bus resource [mem 0xdbc00000-0xe67fffff window]
[    1.873767] pci_bus 0000:82: root bus resource [mem 0x270000000000-0x27ffffffffff window]
[    1.873769] pci_bus 0000:82: root bus resource [bus 82]
[    1.873779] pci 0000:82:00.0: [8086:09a2] type 00 class 0x088000
[    1.873848] pci 0000:82:00.1: [8086:09a4] type 00 class 0x088000
[    1.873922] pci 0000:82:00.2: [8086:09a3] type 00 class 0x088000
[    1.873990] pci 0000:82:00.4: [8086:0998] type 00 class 0x060000
[    1.874068] pci_bus 0000:82: on NUMA node 1
[    1.874171] ACPI: PCI Root Bridge [PC10] (domain 0000 [bus 83-f9])
[    1.874173] acpi PNP0A08:0a: _OSC: OS supports [ExtendedConfig ASPM ClockPM Segments MSI HPX-Type3]
[    1.888594] acpi PNP0A08:0a: _OSC: platform does not support [SHPCHotplug AER]
[    1.888805] acpi PNP0A08:0a: _OSC: OS now controls [PCIeHotplug PME PCIeCapability LTR]
[    1.888806] acpi PNP0A08:0a: FADT indicates ASPM is unsupported, using BIOS configuration
[    1.888932] PCI host bridge to bus 0000:83
[    1.888933] pci_bus 0000:83: root bus resource [io  0xe000-0xefff window]
[    1.888934] pci_bus 0000:83: root bus resource [mem 0xe6800000-0xf13fffff window]
[    1.888936] pci_bus 0000:83: root bus resource [mem 0x280000000000-0x28ffffffffff window]
[    1.888937] pci_bus 0000:83: root bus resource [bus 83-f9]
[    1.888947] pci 0000:83:00.0: [8086:09a2] type 00 class 0x088000
[    1.889018] pci 0000:83:00.1: [8086:09a4] type 00 class 0x088000
[    1.889086] pci 0000:83:00.2: [8086:09a3] type 00 class 0x088000
[    1.889156] pci 0000:83:00.4: [8086:0998] type 00 class 0x060000
[    1.889234] pci_bus 0000:83: on NUMA node 1
[    1.889307] ACPI: PCI Root Bridge [PC11] (domain 0000 [bus fa])
[    1.889309] acpi PNP0A08:0b: _OSC: OS supports [ExtendedConfig ASPM ClockPM Segments MSI HPX-Type3]
[    1.903757] acpi PNP0A08:0b: _OSC: platform does not support [SHPCHotplug AER]
[    1.903968] acpi PNP0A08:0b: _OSC: OS now controls [PCIeHotplug PME PCIeCapability LTR]
[    1.903969] acpi PNP0A08:0b: FADT indicates ASPM is unsupported, using BIOS configuration
[    1.904086] PCI host bridge to bus 0000:fa
[    1.904087] pci_bus 0000:fa: root bus resource [io  0xf000-0xffff window]
[    1.904089] pci_bus 0000:fa: root bus resource [mem 0xf1400000-0xfb7fffff window]
[    1.904090] pci_bus 0000:fa: root bus resource [mem 0x290000000000-0x29ffffffffff window]
[    1.904091] pci_bus 0000:fa: root bus resource [bus fa]
[    1.904101] pci 0000:fa:00.0: [8086:09a2] type 00 class 0x088000
[    1.904171] pci 0000:fa:00.1: [8086:09a4] type 00 class 0x088000
[    1.904245] pci 0000:fa:00.2: [8086:09a3] type 00 class 0x088000
[    1.904316] pci 0000:fa:00.4: [8086:0998] type 00 class 0x060000
[    1.904394] pci_bus 0000:fa: on NUMA node 1
[    1.904460] ACPI: PCI Root Bridge [UC16] (domain 0000 [bus fe])
[    1.904462] acpi PNP0A03:02: _OSC: OS supports [ExtendedConfig ASPM ClockPM Segments MSI HPX-Type3]
[    1.904559] acpi PNP0A03:02: _OSC: platform does not support [SHPCHotplug AER LTR]
[    1.904737] acpi PNP0A03:02: _OSC: OS now controls [PCIeHotplug PME PCIeCapability]
[    1.904738] acpi PNP0A03:02: FADT indicates ASPM is unsupported, using BIOS configuration
[    1.904868] PCI host bridge to bus 0000:fe
[    1.904870] pci_bus 0000:fe: root bus resource [bus fe]
[    1.904878] pci 0000:fe:00.0: [8086:3450] type 00 class 0x088000
[    1.904956] pci 0000:fe:00.1: [8086:3451] type 00 class 0x088000
[    1.905016] pci 0000:fe:00.2: [8086:3452] type 00 class 0x088000
[    1.905074] pci 0000:fe:00.3: [8086:0998] type 00 class 0x060000
[    1.905134] pci 0000:fe:00.5: [8086:3455] type 00 class 0x088000
[    1.905200] pci 0000:fe:02.0: [8086:3440] type 00 class 0x088000
[    1.905341] pci 0000:fe:02.1: [8086:3441] type 00 class 0x088000
[    1.905453] pci 0000:fe:02.2: [8086:3442] type 00 class 0x088000
[    1.905565] pci 0000:fe:03.0: [8086:3440] type 00 class 0x088000
[    1.905664] pci 0000:fe:03.1: [8086:3441] type 00 class 0x088000
[    1.905743] pci 0000:fe:03.2: [8086:3442] type 00 class 0x088000
[    1.905830] pci 0000:fe:04.0: [8086:3440] type 00 class 0x088000
[    1.905953] pci 0000:fe:04.1: [8086:3441] type 00 class 0x088000
[    1.906076] pci 0000:fe:04.2: [8086:3442] type 00 class 0x088000
[    1.906209] pci 0000:fe:04.3: [8086:3443] type 00 class 0x088000
[    1.906332] pci 0000:fe:05.0: [8086:3445] type 00 class 0x088000
[    1.906466] pci 0000:fe:05.1: [8086:3446] type 00 class 0x088000
[    1.906583] pci 0000:fe:05.2: [8086:3447] type 00 class 0x088000
[    1.906697] pci 0000:fe:06.0: [8086:3445] type 00 class 0x088000
[    1.906794] pci 0000:fe:06.1: [8086:3446] type 00 class 0x088000
[    1.906876] pci 0000:fe:06.2: [8086:3447] type 00 class 0x088000
[    1.906967] pci 0000:fe:07.0: [8086:3445] type 00 class 0x088000
[    1.907113] pci 0000:fe:07.1: [8086:3446] type 00 class 0x088000
[    1.907237] pci 0000:fe:07.2: [8086:3447] type 00 class 0x088000
[    1.907357] pci 0000:fe:0b.0: [8086:3448] type 00 class 0x088000
[    1.907440] pci 0000:fe:0b.1: [8086:3448] type 00 class 0x088000
[    1.907505] pci 0000:fe:0b.2: [8086:344b] type 00 class 0x088000
[    1.907579] pci 0000:fe:0c.0: [8086:344a] type 00 class 0x110100
[    1.907687] pci 0000:fe:0d.0: [8086:344a] type 00 class 0x110100
[    1.907791] pci 0000:fe:0e.0: [8086:344a] type 00 class 0x110100
[    1.907945] pci 0000:fe:0f.0: [8086:344a] type 00 class 0x110100
[    1.908105] pci 0000:fe:1a.0: [8086:2880] type 00 class 0x110100
[    1.908210] pci 0000:fe:1b.0: [8086:2880] type 00 class 0x110100
[    1.908315] pci 0000:fe:1c.0: [8086:2880] type 00 class 0x110100
[    1.908471] pci 0000:fe:1d.0: [8086:2880] type 00 class 0x110100
[    1.908622] pci_bus 0000:fe: on NUMA node 1
[    1.908703] ACPI: PCI Root Bridge [UC17] (domain 0000 [bus ff])
[    1.908706] acpi PNP0A03:03: _OSC: OS supports [ExtendedConfig ASPM ClockPM Segments MSI HPX-Type3]
[    1.908802] acpi PNP0A03:03: _OSC: platform does not support [SHPCHotplug AER LTR]
[    1.908981] acpi PNP0A03:03: _OSC: OS now controls [PCIeHotplug PME PCIeCapability]
[    1.908982] acpi PNP0A03:03: FADT indicates ASPM is unsupported, using BIOS configuration
[    1.909129] PCI host bridge to bus 0000:ff
[    1.909130] pci_bus 0000:ff: root bus resource [bus ff]
[    1.909144] pci 0000:ff:00.0: [8086:344c] type 00 class 0x088000
[    1.909264] pci 0000:ff:00.1: [8086:344c] type 00 class 0x088000
[    1.909377] pci 0000:ff:00.2: [8086:344c] type 00 class 0x088000
[    1.909480] pci 0000:ff:00.3: [8086:344c] type 00 class 0x088000
[    1.909601] pci 0000:ff:00.4: [8086:344c] type 00 class 0x088000
[    1.909718] pci 0000:ff:00.5: [8086:344c] type 00 class 0x088000
[    1.909811] pci 0000:ff:00.6: [8086:344c] type 00 class 0x088000
[    1.909936] pci 0000:ff:00.7: [8086:344c] type 00 class 0x088000
[    1.910064] pci 0000:ff:01.0: [8086:344c] type 00 class 0x088000
[    1.910210] pci 0000:ff:01.1: [8086:344c] type 00 class 0x088000
[    1.910334] pci 0000:ff:01.2: [8086:344c] type 00 class 0x088000
[    1.910425] pci 0000:ff:01.3: [8086:344c] type 00 class 0x088000
[    1.910561] pci 0000:ff:01.4: [8086:344c] type 00 class 0x088000
[    1.910698] pci 0000:ff:01.5: [8086:344c] type 00 class 0x088000
[    1.910838] pci 0000:ff:01.6: [8086:344c] type 00 class 0x088000
[    1.910964] pci 0000:ff:01.7: [8086:344c] type 00 class 0x088000
[    1.911097] pci 0000:ff:02.0: [8086:344c] type 00 class 0x088000
[    1.911254] pci 0000:ff:02.1: [8086:344c] type 00 class 0x088000
[    1.911385] pci 0000:ff:02.2: [8086:344c] type 00 class 0x088000
[    1.911528] pci 0000:ff:02.3: [8086:344c] type 00 class 0x088000
[    1.911664] pci 0000:ff:02.4: [8086:344c] type 00 class 0x088000
[    1.911800] pci 0000:ff:02.5: [8086:344c] type 00 class 0x088000
[    1.911944] pci 0000:ff:02.6: [8086:344c] type 00 class 0x088000
[    1.912087] pci 0000:ff:02.7: [8086:344c] type 00 class 0x088000
[    1.912238] pci 0000:ff:03.0: [8086:344c] type 00 class 0x088000
[    1.912405] pci 0000:ff:03.1: [8086:344c] type 00 class 0x088000
[    1.912554] pci 0000:ff:03.2: [8086:344c] type 00 class 0x088000
[    1.912717] pci 0000:ff:03.3: [8086:344c] type 00 class 0x088000
[    1.912881] pci 0000:ff:0a.0: [8086:344d] type 00 class 0x088000
[    1.913000] pci 0000:ff:0a.1: [8086:344d] type 00 class 0x088000
[    1.913112] pci 0000:ff:0a.2: [8086:344d] type 00 class 0x088000
[    1.913212] pci 0000:ff:0a.3: [8086:344d] type 00 class 0x088000
[    1.913330] pci 0000:ff:0a.4: [8086:344d] type 00 class 0x088000
[    1.913447] pci 0000:ff:0a.5: [8086:344d] type 00 class 0x088000
[    1.913541] pci 0000:ff:0a.6: [8086:344d] type 00 class 0x088000
[    1.913672] pci 0000:ff:0a.7: [8086:344d] type 00 class 0x088000
[    1.913799] pci 0000:ff:0b.0: [8086:344d] type 00 class 0x088000
[    1.913946] pci 0000:ff:0b.1: [8086:344d] type 00 class 0x088000
[    1.914070] pci 0000:ff:0b.2: [8086:344d] type 00 class 0x088000
[    1.914154] pci 0000:ff:0b.3: [8086:344d] type 00 class 0x088000
[    1.914292] pci 0000:ff:0b.4: [8086:344d] type 00 class 0x088000
[    1.914428] pci 0000:ff:0b.5: [8086:344d] type 00 class 0x088000
[    1.914568] pci 0000:ff:0b.6: [8086:344d] type 00 class 0x088000
[    1.914701] pci 0000:ff:0b.7: [8086:344d] type 00 class 0x088000
[    1.914833] pci 0000:ff:0c.0: [8086:344d] type 00 class 0x088000
[    1.914981] pci 0000:ff:0c.1: [8086:344d] type 00 class 0x088000
[    1.915112] pci 0000:ff:0c.2: [8086:344d] type 00 class 0x088000
[    1.915251] pci 0000:ff:0c.3: [8086:344d] type 00 class 0x088000
[    1.915386] pci 0000:ff:0c.4: [8086:344d] type 00 class 0x088000
[    1.915523] pci 0000:ff:0c.5: [8086:344d] type 00 class 0x088000
[    1.915666] pci 0000:ff:0c.6: [8086:344d] type 00 class 0x088000
[    1.915814] pci 0000:ff:0c.7: [8086:344d] type 00 class 0x088000
[    1.915966] pci 0000:ff:0d.0: [8086:344d] type 00 class 0x088000
[    1.916133] pci 0000:ff:0d.1: [8086:344d] type 00 class 0x088000
[    1.916282] pci 0000:ff:0d.2: [8086:344d] type 00 class 0x088000
[    1.916448] pci 0000:ff:0d.3: [8086:344d] type 00 class 0x088000
[    1.916623] pci 0000:ff:1d.0: [8086:344f] type 00 class 0x088000
[    1.916751] pci 0000:ff:1d.1: [8086:3457] type 00 class 0x088000
[    1.916862] pci 0000:ff:1e.0: [8086:3458] type 00 class 0x088000
[    1.916946] pci 0000:ff:1e.1: [8086:3459] type 00 class 0x088000
[    1.917012] pci 0000:ff:1e.2: [8086:345a] type 00 class 0x088000
[    1.917076] pci 0000:ff:1e.3: [8086:345b] type 00 class 0x088000
[    1.917140] pci 0000:ff:1e.4: [8086:345c] type 00 class 0x088000
[    1.917204] pci 0000:ff:1e.5: [8086:345d] type 00 class 0x088000
[    1.917267] pci 0000:ff:1e.6: [8086:345e] type 00 class 0x088000
[    1.917332] pci 0000:ff:1e.7: [8086:345f] type 00 class 0x088000
[    1.917393] pci_bus 0000:ff: on NUMA node 1
[    1.921351] iommu: Default domain type: Translated 
[    1.921351] iommu: DMA domain TLB invalidation policy: lazy mode 
[    1.921538] SCSI subsystem initialized
[    1.921568] libata version 3.00 loaded.
[    1.921568] ACPI: bus type USB registered
[    1.921568] usbcore: registered new interface driver usbfs
[    1.921568] usbcore: registered new interface driver hub
[    1.921568] usbcore: registered new device driver usb
[    1.921568] pps_core: LinuxPPS API ver. 1 registered
[    1.921568] pps_core: Software ver. 5.3.6 - Copyright 2005-2007 Rodolfo Giometti <giometti@linux.it>
[    1.921568] PTP clock support registered
[    1.921568] EDAC MC: Ver: 3.0.0
[    1.921979] Registered efivars operations
[    1.921979] NetLabel: Initializing
[    1.921979] NetLabel:  domain hash size = 128
[    1.921979] NetLabel:  protocols = UNLABELED CIPSOv4 CALIPSO
[    1.921979] NetLabel:  unlabeled traffic allowed by default
[    1.921979] PCI: Using ACPI for IRQ routing
[    1.923337] PCI: pci_cache_line_size set to 64 bytes
[    1.923897] e820: reserve RAM buffer [mem 0x0008f000-0x0008ffff]
[    1.923899] e820: reserve RAM buffer [mem 0x46cc4020-0x47ffffff]
[    1.923900] e820: reserve RAM buffer [mem 0x46cf6020-0x47ffffff]
[    1.923902] e820: reserve RAM buffer [mem 0x46d29020-0x47ffffff]
[    1.923903] e820: reserve RAM buffer [mem 0x46d5c020-0x47ffffff]
[    1.923903] e820: reserve RAM buffer [mem 0x49e77000-0x4bffffff]
[    1.923905] e820: reserve RAM buffer [mem 0x4b2cf000-0x4bffffff]
[    1.923906] e820: reserve RAM buffer [mem 0x4bd94000-0x4bffffff]
[    1.923907] e820: reserve RAM buffer [mem 0x4ce00000-0x4fffffff]
[    1.923908] e820: reserve RAM buffer [mem 0x5eefe000-0x5fffffff]
[    1.923908] e820: reserve RAM buffer [mem 0x6f800000-0x6fffffff]
[    1.925341] pci 0000:03:00.0: vgaarb: setting as boot VGA device
[    1.925343] pci 0000:03:00.0: vgaarb: bridge control possible
[    1.925344] pci 0000:03:00.0: vgaarb: VGA device added: decodes=io+mem,owns=io+mem,locks=none
[    1.925375] vgaarb: loaded
[    1.925477] hpet0: at MMIO 0xfed00000, IRQs 2, 8, 0, 0, 0, 0, 0, 0
[    1.925484] hpet0: 8 comparators, 64-bit 24.000000 MHz counter
[    1.929464] clocksource: Switched to clocksource tsc-early
[    1.938844] VFS: Disk quotas dquot_6.6.0
[    1.938878] VFS: Dquot-cache hash table entries: 512 (order 0, 4096 bytes)
[    1.939040] AppArmor: AppArmor Filesystem Enabled
[    1.939052] pnp: PnP ACPI init
[    1.955064] system 00:01: [io  0x0500-0x05fe] has been reserved
[    1.955067] system 00:01: [io  0x0400-0x041f] has been reserved
[    1.955069] system 00:01: [io  0x0600-0x061f] has been reserved
[    1.955070] system 00:01: [io  0x0ca0-0x0ca1] has been reserved
[    1.955072] system 00:01: [io  0x0ca4-0x0ca6] has been reserved
[    1.955074] system 00:01: [mem 0xff000000-0xffffffff] has been reserved
[    1.955681] system 00:04: [mem 0xfd000000-0xfdabffff] has been reserved
[    1.955683] system 00:04: [mem 0xfdad0000-0xfdadffff] has been reserved
[    1.955685] system 00:04: [mem 0xfdb00000-0xfdffffff] has been reserved
[    1.955686] system 00:04: [mem 0xfe000000-0xfe00ffff] has been reserved
[    1.955687] system 00:04: [mem 0xfe011000-0xfe01ffff] has been reserved
[    1.955689] system 00:04: [mem 0xfe036000-0xfe03bfff] has been reserved
[    1.955690] system 00:04: [mem 0xfe03d000-0xfe3fffff] has been reserved
[    1.955693] system 00:04: [mem 0xfe410000-0xfe7fffff] has been reserved
[    1.956015] system 00:05: [io  0x1000-0x10fe] has been reserved
[    1.957028] pnp: PnP ACPI: found 6 devices
[    1.962763] clocksource: acpi_pm: mask: 0xffffff max_cycles: 0xffffff, max_idle_ns: 2085701024 ns
[    1.962844] NET: Registered PF_INET protocol family
[    1.963160] IP idents hash table entries: 262144 (order: 9, 2097152 bytes, vmalloc)
[    1.965325] tcp_listen_portaddr_hash hash table entries: 16384 (order: 6, 262144 bytes, vmalloc)
[    1.965696] TCP established hash table entries: 262144 (order: 9, 2097152 bytes, vmalloc)
[    1.966075] TCP bind hash table entries: 65536 (order: 8, 1048576 bytes, vmalloc)
[    1.966137] TCP: Hash tables configured (established 262144 bind 65536)
[    1.966350] UDP hash table entries: 16384 (order: 7, 524288 bytes, vmalloc)
[    1.966459] UDP-Lite hash table entries: 16384 (order: 7, 524288 bytes, vmalloc)
[    1.966624] NET: Registered PF_UNIX/PF_LOCAL protocol family
[    1.966630] NET: Registered PF_XDP protocol family
[    1.966638] pci 0000:04:00.0: can't claim BAR 6 [mem 0xfffc0000-0xffffffff pref]: no compatible bridge window
[    1.966640] pci 0000:04:00.1: can't claim BAR 6 [mem 0xfffc0000-0xffffffff pref]: no compatible bridge window
[    1.966642] pci 0000:17:00.0: can't claim BAR 6 [mem 0xfff00000-0xffffffff pref]: no compatible bridge window
[    1.966658] pci 0000:00:1c.5: BAR 14: assigned [mem 0x90000000-0x900fffff]
[    1.966661] pci 0000:00:1c.0: PCI bridge to [bus 01]
[    1.966670] pci 0000:02:00.0: PCI bridge to [bus 03]
[    1.966675] pci 0000:02:00.0:   bridge window [mem 0x92000000-0x928fffff]
[    1.966679] pci 0000:02:00.0:   bridge window [mem 0x91000000-0x91ffffff 64bit pref]
[    1.966686] pci 0000:00:1c.4: PCI bridge to [bus 02-03]
[    1.966689] pci 0000:00:1c.4:   bridge window [mem 0x92000000-0x928fffff]
[    1.966692] pci 0000:00:1c.4:   bridge window [mem 0x91000000-0x91ffffff 64bit pref]
[    1.966697] pci 0000:04:00.0: BAR 6: assigned [mem 0x90000000-0x9003ffff pref]
[    1.966699] pci 0000:04:00.1: BAR 6: assigned [mem 0x90040000-0x9007ffff pref]
[    1.966701] pci 0000:00:1c.5: PCI bridge to [bus 04]
[    1.966704] pci 0000:00:1c.5:   bridge window [mem 0x90000000-0x900fffff]
[    1.966706] pci 0000:00:1c.5:   bridge window [mem 0x92900000-0x929fffff 64bit pref]
[    1.966711] pci_bus 0000:00: resource 4 [io  0x0000-0x0cf7 window]
[    1.966712] pci_bus 0000:00: resource 5 [io  0x1000-0x4fff window]
[    1.966714] pci_bus 0000:00: resource 6 [mem 0x000a0000-0x000bffff window]
[    1.966715] pci_bus 0000:00: resource 7 [mem 0x000c8000-0x000cffff window]
[    1.966717] pci_bus 0000:00: resource 8 [mem 0xfe010000-0xfe010fff window]
[    1.966718] pci_bus 0000:00: resource 9 [mem 0x90000000-0x9b7fffff window]
[    1.966719] pci_bus 0000:00: resource 10 [mem 0x200000000000-0x20ffffffffff window]
[    1.966721] pci_bus 0000:02: resource 1 [mem 0x92000000-0x928fffff]
[    1.966723] pci_bus 0000:02: resource 2 [mem 0x91000000-0x91ffffff 64bit pref]
[    1.966724] pci_bus 0000:03: resource 1 [mem 0x92000000-0x928fffff]
[    1.966725] pci_bus 0000:03: resource 2 [mem 0x91000000-0x91ffffff 64bit pref]
[    1.966727] pci_bus 0000:04: resource 1 [mem 0x90000000-0x900fffff]
[    1.966728] pci_bus 0000:04: resource 2 [mem 0x92900000-0x929fffff 64bit pref]
[    1.966804] pci 0000:17:00.0: BAR 6: no space for [mem size 0x00100000 pref]
[    1.966806] pci 0000:17:00.0: BAR 6: failed to assign [mem size 0x00100000 pref]
[    1.966807] pci 0000:16:02.0: PCI bridge to [bus 17]
[    1.966809] pci 0000:16:02.0:   bridge window [io  0x5000-0x5fff]
[    1.966812] pci 0000:16:02.0:   bridge window [mem 0x9ba00000-0x9bafffff]
[    1.966814] pci 0000:16:02.0:   bridge window [mem 0x9b800000-0x9b9fffff 64bit pref]
[    1.966817] pci_bus 0000:16: resource 4 [io  0x5000-0x6fff window]
[    1.966818] pci_bus 0000:16: resource 5 [mem 0x9b800000-0xa63fffff window]
[    1.966820] pci_bus 0000:16: resource 6 [mem 0x210000000000-0x21ffffffffff window]
[    1.966821] pci_bus 0000:17: resource 0 [io  0x5000-0x5fff]
[    1.966822] pci_bus 0000:17: resource 1 [mem 0x9ba00000-0x9bafffff]
[    1.966823] pci_bus 0000:17: resource 2 [mem 0x9b800000-0x9b9fffff 64bit pref]
[    1.966829] pci_bus 0000:30: resource 4 [io  0x7000-0x8fff window]
[    1.966831] pci_bus 0000:30: resource 5 [mem 0xa6400000-0xb0ffffff window]
[    1.966832] pci_bus 0000:30: resource 6 [mem 0x220000000000-0x22ffffffffff window]
[    1.966838] pci_bus 0000:4a: resource 4 [io  0x9000-0x9fff window]
[    1.966839] pci_bus 0000:4a: resource 5 [mem 0xb1000000-0xbbbfffff window]
[    1.966840] pci_bus 0000:4a: resource 6 [mem 0x230000000000-0x23ffffffffff window]
