[    0.000000] Linux version 5.18.0 (xmu@xmu-PowerEdge-R750) (gcc (Ubuntu 8.4.0-1ubuntu1~18.04) 8.4.0, GNU ld (GNU Binutils for Ubuntu) 2.30) #1 SMP PREEMPT_DYNAMIC Sat Apr 6 15:16:25 CST 2024
[    0.000000] Command line: BOOT_IMAGE=/boot/vmlinuz-5.18.0 root=UUID=ce0c24b8-724b-4f33-9b2c-618433560aef ro memmap=50G!14G quiet splash nomodeset vt.handoff=1
[    0.000000] KERNEL supported cpus:
[    0.000000]   Intel GenuineIntel
[    0.000000]   AMD AuthenticAMD
[    0.000000]   Hygon HygonGenuine
[    0.000000]   Centaur CentaurHauls
[    0.000000]   zhaoxin   Shanghai  
[    0.000000] x86/split lock detection: #AC: crashing the kernel on kernel split_locks and warning on user-space split_locks
[    0.000000] x86/fpu: Supporting XSAVE feature 0x001: 'x87 floating point registers'
[    0.000000] x86/fpu: Supporting XSAVE feature 0x002: 'SSE registers'
[    0.000000] x86/fpu: Supporting XSAVE feature 0x004: 'AVX registers'
[    0.000000] x86/fpu: Supporting XSAVE feature 0x020: 'AVX-512 opmask'
[    0.000000] x86/fpu: Supporting XSAVE feature 0x040: 'AVX-512 Hi256'
[    0.000000] x86/fpu: Supporting XSAVE feature 0x080: 'AVX-512 ZMM_Hi256'
[    0.000000] x86/fpu: Supporting XSAVE feature 0x200: 'Protection Keys User registers'
[    0.000000] x86/fpu: xstate_offset[2]:  576, xstate_sizes[2]:  256
[    0.000000] x86/fpu: xstate_offset[5]:  832, xstate_sizes[5]:   64
[    0.000000] x86/fpu: xstate_offset[6]:  896, xstate_sizes[6]:  512
[    0.000000] x86/fpu: xstate_offset[7]: 1408, xstate_sizes[7]: 1024
[    0.000000] x86/fpu: xstate_offset[9]: 2432, xstate_sizes[9]:    8
[    0.000000] x86/fpu: Enabled xstate features 0x2e7, context size is 2440 bytes, using 'compacted' format.
[    0.000000] signal: max sigframe size: 3632
[    0.000000] BIOS-provided physical RAM map:
[    0.000000] BIOS-e820: [mem 0x0000000000000000-0x000000000008efff] usable
[    0.000000] BIOS-e820: [mem 0x000000000008f000-0x000000000008ffff] reserved
[    0.000000] BIOS-e820: [mem 0x0000000000090000-0x000000000009ffff] usable
[    0.000000] BIOS-e820: [mem 0x00000000000a0000-0x00000000000fffff] reserved
[    0.000000] BIOS-e820: [mem 0x0000000000100000-0x0000000049e76fff] usable
[    0.000000] BIOS-e820: [mem 0x0000000049e77000-0x000000004ae76fff] ACPI NVS
[    0.000000] BIOS-e820: [mem 0x000000004ae77000-0x000000004b2cefff] usable
[    0.000000] BIOS-e820: [mem 0x000000004b2cf000-0x000000004b54dfff] ACPI data
[    0.000000] BIOS-e820: [mem 0x000000004b54e000-0x000000004bd93fff] usable
[    0.000000] BIOS-e820: [mem 0x000000004bd94000-0x000000004be99fff] reserved
[    0.000000] BIOS-e820: [mem 0x000000004be9a000-0x000000004cdfffff] usable
[    0.000000] BIOS-e820: [mem 0x000000004ce00000-0x000000004cffffff] reserved
[    0.000000] BIOS-e820: [mem 0x000000004d000000-0x000000005eefdfff] usable
[    0.000000] BIOS-e820: [mem 0x000000005eefe000-0x000000006e3fefff] reserved
[    0.000000] BIOS-e820: [mem 0x000000006e3ff000-0x000000006f3fefff] ACPI NVS
[    0.000000] BIOS-e820: [mem 0x000000006f3ff000-0x000000006f7fefff] ACPI data
[    0.000000] BIOS-e820: [mem 0x000000006f7ff000-0x000000006f7fffff] usable
[    0.000000] BIOS-e820: [mem 0x000000006f800000-0x000000008fffffff] reserved
[    0.000000] BIOS-e820: [mem 0x00000000fe000000-0x00000000fe010fff] reserved
[    0.000000] BIOS-e820: [mem 0x0000000100000000-0x000000207fffffff] usable
[    0.000000] BIOS-e820: [mem 0x0000002080000000-0x0000011c7fffffff] persistent (type 7)
[    0.000000] BIOS-e820: [mem 0x00001ffc00000000-0x00001fffffffffff] reserved
[    0.000000] NX (Execute Disable) protection: active
[    0.000000] e820: update [mem 0x46d5c020-0x46d6405f] usable ==> usable
[    0.000000] e820: update [mem 0x46d5c020-0x46d6405f] usable ==> usable
[    0.000000] e820: update [mem 0x46d29020-0x46d5bc5f] usable ==> usable
[    0.000000] e820: update [mem 0x46d29020-0x46d5bc5f] usable ==> usable
[    0.000000] e820: update [mem 0x46cf6020-0x46d28c5f] usable ==> usable
[    0.000000] e820: update [mem 0x46cf6020-0x46d28c5f] usable ==> usable
[    0.000000] e820: update [mem 0x46cc4020-0x46cf5a5f] usable ==> usable
[    0.000000] e820: update [mem 0x46cc4020-0x46cf5a5f] usable ==> usable
[    0.000000] extended physical RAM map:
[    0.000000] reserve setup_data: [mem 0x0000000000000000-0x000000000008efff] usable
[    0.000000] reserve setup_data: [mem 0x000000000008f000-0x000000000008ffff] reserved
[    0.000000] reserve setup_data: [mem 0x0000000000090000-0x000000000009ffff] usable
[    0.000000] reserve setup_data: [mem 0x00000000000a0000-0x00000000000fffff] reserved
[    0.000000] reserve setup_data: [mem 0x0000000000100000-0x0000000046cc401f] usable
[    0.000000] reserve setup_data: [mem 0x0000000046cc4020-0x0000000046cf5a5f] usable
[    0.000000] reserve setup_data: [mem 0x0000000046cf5a60-0x0000000046cf601f] usable
[    0.000000] reserve setup_data: [mem 0x0000000046cf6020-0x0000000046d28c5f] usable
[    0.000000] reserve setup_data: [mem 0x0000000046d28c60-0x0000000046d2901f] usable
[    0.000000] reserve setup_data: [mem 0x0000000046d29020-0x0000000046d5bc5f] usable
[    0.000000] reserve setup_data: [mem 0x0000000046d5bc60-0x0000000046d5c01f] usable
[    0.000000] reserve setup_data: [mem 0x0000000046d5c020-0x0000000046d6405f] usable
[    0.000000] reserve setup_data: [mem 0x0000000046d64060-0x0000000049e76fff] usable
[    0.000000] reserve setup_data: [mem 0x0000000049e77000-0x000000004ae76fff] ACPI NVS
[    0.000000] reserve setup_data: [mem 0x000000004ae77000-0x000000004b2cefff] usable
[    0.000000] reserve setup_data: [mem 0x000000004b2cf000-0x000000004b54dfff] ACPI data
[    0.000000] reserve setup_data: [mem 0x000000004b54e000-0x000000004bd93fff] usable
[    0.000000] reserve setup_data: [mem 0x000000004bd94000-0x000000004be99fff] reserved
[    0.000000] reserve setup_data: [mem 0x000000004be9a000-0x000000004cdfffff] usable
[    0.000000] reserve setup_data: [mem 0x000000004ce00000-0x000000004cffffff] reserved
[    0.000000] reserve setup_data: [mem 0x000000004d000000-0x000000005eefdfff] usable
[    0.000000] reserve setup_data: [mem 0x000000005eefe000-0x000000006e3fefff] reserved
[    0.000000] reserve setup_data: [mem 0x000000006e3ff000-0x000000006f3fefff] ACPI NVS
[    0.000000] reserve setup_data: [mem 0x000000006f3ff000-0x000000006f7fefff] ACPI data
[    0.000000] reserve setup_data: [mem 0x000000006f7ff000-0x000000006f7fffff] usable
[    0.000000] reserve setup_data: [mem 0x000000006f800000-0x000000008fffffff] reserved
[    0.000000] reserve setup_data: [mem 0x00000000fe000000-0x00000000fe010fff] reserved
[    0.000000] reserve setup_data: [mem 0x0000000100000000-0x000000037fffffff] usable
[    0.000000] reserve setup_data: [mem 0x0000000380000000-0x0000000fffffffff] persistent (type 12)
[    0.000000] reserve setup_data: [mem 0x0000001000000000-0x000000207fffffff] usable
[    0.000000] reserve setup_data: [mem 0x0000002080000000-0x0000011c7fffffff] persistent (type 7)
[    0.000000] reserve setup_data: [mem 0x00001ffc00000000-0x00001fffffffffff] reserved
[    0.000000] user-defined physical RAM map:
[    0.000000] user: [mem 0x0000000000000000-0x000000000008efff] usable
[    0.000000] user: [mem 0x000000000008f000-0x000000000008ffff] reserved
[    0.000000] user: [mem 0x0000000000090000-0x000000000009ffff] usable
[    0.000000] user: [mem 0x00000000000a0000-0x00000000000fffff] reserved
[    0.000000] user: [mem 0x0000000000100000-0x0000000046cc401f] usable
[    0.000000] user: [mem 0x0000000046cc4020-0x0000000046cf5a5f] usable
[    0.000000] user: [mem 0x0000000046cf5a60-0x0000000046cf601f] usable
[    0.000000] user: [mem 0x0000000046cf6020-0x0000000046d28c5f] usable
[    0.000000] user: [mem 0x0000000046d28c60-0x0000000046d2901f] usable
[    0.000000] user: [mem 0x0000000046d29020-0x0000000046d5bc5f] usable
[    0.000000] user: [mem 0x0000000046d5bc60-0x0000000046d5c01f] usable
[    0.000000] user: [mem 0x0000000046d5c020-0x0000000046d6405f] usable
[    0.000000] user: [mem 0x0000000046d64060-0x0000000049e76fff] usable
[    0.000000] user: [mem 0x0000000049e77000-0x000000004ae76fff] ACPI NVS
[    0.000000] user: [mem 0x000000004ae77000-0x000000004b2cefff] usable
[    0.000000] user: [mem 0x000000004b2cf000-0x000000004b54dfff] ACPI data
[    0.000000] user: [mem 0x000000004b54e000-0x000000004bd93fff] usable
[    0.000000] user: [mem 0x000000004bd94000-0x000000004be99fff] reserved
[    0.000000] user: [mem 0x000000004be9a000-0x000000004cdfffff] usable
[    0.000000] user: [mem 0x000000004ce00000-0x000000004cffffff] reserved
[    0.000000] user: [mem 0x000000004d000000-0x000000005eefdfff] usable
[    0.000000] user: [mem 0x000000005eefe000-0x000000006e3fefff] reserved
[    0.000000] user: [mem 0x000000006e3ff000-0x000000006f3fefff] ACPI NVS
[    0.000000] user: [mem 0x000000006f3ff000-0x000000006f7fefff] ACPI data
[    0.000000] user: [mem 0x000000006f7ff000-0x000000006f7fffff] usable
[    0.000000] user: [mem 0x000000006f800000-0x000000008fffffff] reserved
[    0.000000] user: [mem 0x00000000fe000000-0x00000000fe010fff] reserved
[    0.000000] user: [mem 0x0000000100000000-0x000000037fffffff] usable
[    0.000000] user: [mem 0x0000000380000000-0x0000000fffffffff] persistent (type 12)
[    0.000000] user: [mem 0x0000001000000000-0x000000207fffffff] usable
[    0.000000] user: [mem 0x0000002080000000-0x0000011c7fffffff] persistent (type 7)
[    0.000000] user: [mem 0x00001ffc00000000-0x00001fffffffffff] reserved
[    0.000000] efi: EFI v2.70 by Dell Inc.
[    0.000000] efi: ACPI=0x6f7fe000 ACPI 2.0=0x6f7fe014 MEMATTR=0x5b070020 SMBIOS=0x69526000 SMBIOS 3.0=0x69524000 MOKvar=0x5ef81000 RNG=0x5ef8a920 
[    0.000000] efi: seeding entropy pool
[    0.000000] SMBIOS 3.3.0 present.
[    0.000000] DMI: Dell Inc. PowerEdge R750/0K8F35, BIOS 1.10.2 03/03/2023
[    0.000000] tsc: Detected 2000.000 MHz processor
[    0.000008] e820: update [mem 0x00000000-0x00000fff] usable ==> reserved
[    0.000011] e820: remove [mem 0x000a0000-0x000fffff] usable
[    0.000019] last_pfn = 0x2080000 max_arch_pfn = 0x400000000
[    0.000230] x86/PAT: Configuration [0-7]: WB  WC  UC- UC  WB  WP  UC- WT  
[    0.003150] total RAM covered: 2095088M
[    0.003236]  gran_size: 64K 	chunk_size: 64K 	num_reg: 10  	lose cover RAM: 2016G
[    0.003239]  gran_size: 64K 	chunk_size: 128K 	num_reg: 10  	lose cover RAM: 2016G
[    0.003240]  gran_size: 64K 	chunk_size: 256K 	num_reg: 10  	lose cover RAM: 2016G
[    0.003242]  gran_size: 64K 	chunk_size: 512K 	num_reg: 10  	lose cover RAM: 2016G
[    0.003243]  gran_size: 64K 	chunk_size: 1M 	num_reg: 10  	lose cover RAM: 2016G
[    0.003244]  gran_size: 64K 	chunk_size: 2M 	num_reg: 10  	lose cover RAM: 2016G
[    0.003246]  gran_size: 64K 	chunk_size: 4M 	num_reg: 10  	lose cover RAM: 2016G
[    0.003247]  gran_size: 64K 	chunk_size: 8M 	num_reg: 10  	lose cover RAM: 2016G
[    0.003248]  gran_size: 64K 	chunk_size: 16M 	num_reg: 10  	lose cover RAM: 2016G
[    0.003250]  gran_size: 64K 	chunk_size: 32M 	num_reg: 10  	lose cover RAM: 1024G
[    0.003251]  gran_size: 64K 	chunk_size: 64M 	num_reg: 10  	lose cover RAM: 1024G
[    0.003253]  gran_size: 64K 	chunk_size: 128M 	num_reg: 10  	lose cover RAM: 1024G
[    0.003254]  gran_size: 64K 	chunk_size: 256M 	num_reg: 10  	lose cover RAM: 1024G
[    0.003255]  gran_size: 64K 	chunk_size: 512M 	num_reg: 10  	lose cover RAM: 1024G
[    0.003257]  gran_size: 64K 	chunk_size: 1G 	num_reg: 10  	lose cover RAM: 1024G
[    0.003258]  gran_size: 64K 	chunk_size: 2G 	num_reg: 10  	lose cover RAM: 1024G
[    0.003260]  gran_size: 128K 	chunk_size: 128K 	num_reg: 10  	lose cover RAM: 2016G
[    0.003261]  gran_size: 128K 	chunk_size: 256K 	num_reg: 10  	lose cover RAM: 2016G
[    0.003262]  gran_size: 128K 	chunk_size: 512K 	num_reg: 10  	lose cover RAM: 2016G
[    0.003264]  gran_size: 128K 	chunk_size: 1M 	num_reg: 10  	lose cover RAM: 2016G
[    0.003265]  gran_size: 128K 	chunk_size: 2M 	num_reg: 10  	lose cover RAM: 2016G
[    0.003266]  gran_size: 128K 	chunk_size: 4M 	num_reg: 10  	lose cover RAM: 2016G
[    0.003268]  gran_size: 128K 	chunk_size: 8M 	num_reg: 10  	lose cover RAM: 2016G
[    0.003269]  gran_size: 128K 	chunk_size: 16M 	num_reg: 10  	lose cover RAM: 2016G
[    0.003270]  gran_size: 128K 	chunk_size: 32M 	num_reg: 10  	lose cover RAM: 1024G
[    0.003272]  gran_size: 128K 	chunk_size: 64M 	num_reg: 10  	lose cover RAM: 1024G
[    0.003273]  gran_size: 128K 	chunk_size: 128M 	num_reg: 10  	lose cover RAM: 1024G
[    0.003274]  gran_size: 128K 	chunk_size: 256M 	num_reg: 10  	lose cover RAM: 1024G
[    0.003276]  gran_size: 128K 	chunk_size: 512M 	num_reg: 10  	lose cover RAM: 1024G
[    0.003277]  gran_size: 128K 	chunk_size: 1G 	num_reg: 10  	lose cover RAM: 1024G
[    0.003278]  gran_size: 128K 	chunk_size: 2G 	num_reg: 10  	lose cover RAM: 1024G
[    0.003280]  gran_size: 256K 	chunk_size: 256K 	num_reg: 10  	lose cover RAM: 2016G
[    0.003281]  gran_size: 256K 	chunk_size: 512K 	num_reg: 10  	lose cover RAM: 2016G
[    0.003283]  gran_size: 256K 	chunk_size: 1M 	num_reg: 10  	lose cover RAM: 2016G
[    0.003284]  gran_size: 256K 	chunk_size: 2M 	num_reg: 10  	lose cover RAM: 2016G
[    0.003285]  gran_size: 256K 	chunk_size: 4M 	num_reg: 10  	lose cover RAM: 2016G
[    0.003287]  gran_size: 256K 	chunk_size: 8M 	num_reg: 10  	lose cover RAM: 2016G
[    0.003288]  gran_size: 256K 	chunk_size: 16M 	num_reg: 10  	lose cover RAM: 2016G
[    0.003290]  gran_size: 256K 	chunk_size: 32M 	num_reg: 10  	lose cover RAM: 1024G
[    0.003291]  gran_size: 256K 	chunk_size: 64M 	num_reg: 10  	lose cover RAM: 1024G
[    0.003292]  gran_size: 256K 	chunk_size: 128M 	num_reg: 10  	lose cover RAM: 1024G
[    0.003294]  gran_size: 256K 	chunk_size: 256M 	num_reg: 10  	lose cover RAM: 1024G
[    0.003295]  gran_size: 256K 	chunk_size: 512M 	num_reg: 10  	lose cover RAM: 1024G
[    0.003296]  gran_size: 256K 	chunk_size: 1G 	num_reg: 10  	lose cover RAM: 1024G
[    0.003298]  gran_size: 256K 	chunk_size: 2G 	num_reg: 10  	lose cover RAM: 1024G
[    0.003299]  gran_size: 512K 	chunk_size: 512K 	num_reg: 10  	lose cover RAM: 2016G
[    0.003300]  gran_size: 512K 	chunk_size: 1M 	num_reg: 10  	lose cover RAM: 2016G
[    0.003301]  gran_size: 512K 	chunk_size: 2M 	num_reg: 10  	lose cover RAM: 2016G
[    0.003303]  gran_size: 512K 	chunk_size: 4M 	num_reg: 10  	lose cover RAM: 2016G
[    0.003304]  gran_size: 512K 	chunk_size: 8M 	num_reg: 10  	lose cover RAM: 2016G
[    0.003305]  gran_size: 512K 	chunk_size: 16M 	num_reg: 10  	lose cover RAM: 2016G
[    0.003307]  gran_size: 512K 	chunk_size: 32M 	num_reg: 10  	lose cover RAM: 1024G
[    0.003308]  gran_size: 512K 	chunk_size: 64M 	num_reg: 10  	lose cover RAM: 1024G
[    0.003309]  gran_size: 512K 	chunk_size: 128M 	num_reg: 10  	lose cover RAM: 1024G
[    0.003310]  gran_size: 512K 	chunk_size: 256M 	num_reg: 10  	lose cover RAM: 1024G
[    0.003312]  gran_size: 512K 	chunk_size: 512M 	num_reg: 10  	lose cover RAM: 1024G
[    0.003313]  gran_size: 512K 	chunk_size: 1G 	num_reg: 10  	lose cover RAM: 1024G
[    0.003315]  gran_size: 512K 	chunk_size: 2G 	num_reg: 10  	lose cover RAM: 1024G
[    0.003316]  gran_size: 1M 	chunk_size: 1M 	num_reg: 10  	lose cover RAM: 2016G
[    0.003318]  gran_size: 1M 	chunk_size: 2M 	num_reg: 10  	lose cover RAM: 2016G
[    0.003319]  gran_size: 1M 	chunk_size: 4M 	num_reg: 10  	lose cover RAM: 2016G
[    0.003320]  gran_size: 1M 	chunk_size: 8M 	num_reg: 10  	lose cover RAM: 2016G
[    0.003322]  gran_size: 1M 	chunk_size: 16M 	num_reg: 10  	lose cover RAM: 2016G
[    0.003323]  gran_size: 1M 	chunk_size: 32M 	num_reg: 10  	lose cover RAM: 1024G
[    0.003324]  gran_size: 1M 	chunk_size: 64M 	num_reg: 10  	lose cover RAM: 1024G
[    0.003326]  gran_size: 1M 	chunk_size: 128M 	num_reg: 10  	lose cover RAM: 1024G
[    0.003327]  gran_size: 1M 	chunk_size: 256M 	num_reg: 10  	lose cover RAM: 1024G
[    0.003328]  gran_size: 1M 	chunk_size: 512M 	num_reg: 10  	lose cover RAM: 1024G
[    0.003330]  gran_size: 1M 	chunk_size: 1G 	num_reg: 10  	lose cover RAM: 1024G
[    0.003331]  gran_size: 1M 	chunk_size: 2G 	num_reg: 10  	lose cover RAM: 1024G
[    0.003332]  gran_size: 2M 	chunk_size: 2M 	num_reg: 10  	lose cover RAM: 2016G
[    0.003334]  gran_size: 2M 	chunk_size: 4M 	num_reg: 10  	lose cover RAM: 2016G
[    0.003335]  gran_size: 2M 	chunk_size: 8M 	num_reg: 10  	lose cover RAM: 2016G
[    0.003336]  gran_size: 2M 	chunk_size: 16M 	num_reg: 10  	lose cover RAM: 2016G
[    0.003337]  gran_size: 2M 	chunk_size: 32M 	num_reg: 10  	lose cover RAM: 1024G
[    0.003339]  gran_size: 2M 	chunk_size: 64M 	num_reg: 10  	lose cover RAM: 1024G
[    0.003340]  gran_size: 2M 	chunk_size: 128M 	num_reg: 10  	lose cover RAM: 1024G
[    0.003341]  gran_size: 2M 	chunk_size: 256M 	num_reg: 10  	lose cover RAM: 1024G
[    0.003343]  gran_size: 2M 	chunk_size: 512M 	num_reg: 10  	lose cover RAM: 1024G
[    0.003344]  gran_size: 2M 	chunk_size: 1G 	num_reg: 10  	lose cover RAM: 1024G
[    0.003346]  gran_size: 2M 	chunk_size: 2G 	num_reg: 10  	lose cover RAM: 1024G
[    0.003347]  gran_size: 4M 	chunk_size: 4M 	num_reg: 10  	lose cover RAM: 2016G
[    0.003349]  gran_size: 4M 	chunk_size: 8M 	num_reg: 10  	lose cover RAM: 2016G
[    0.003350]  gran_size: 4M 	chunk_size: 16M 	num_reg: 10  	lose cover RAM: 2016G
[    0.003352]  gran_size: 4M 	chunk_size: 32M 	num_reg: 10  	lose cover RAM: 1024G
[    0.003353]  gran_size: 4M 	chunk_size: 64M 	num_reg: 10  	lose cover RAM: 1024G
[    0.003354]  gran_size: 4M 	chunk_size: 128M 	num_reg: 10  	lose cover RAM: 1024G
[    0.003355]  gran_size: 4M 	chunk_size: 256M 	num_reg: 10  	lose cover RAM: 1024G
[    0.003357]  gran_size: 4M 	chunk_size: 512M 	num_reg: 10  	lose cover RAM: 1024G
[    0.003358]  gran_size: 4M 	chunk_size: 1G 	num_reg: 10  	lose cover RAM: 1024G
[    0.003359]  gran_size: 4M 	chunk_size: 2G 	num_reg: 10  	lose cover RAM: 1024G
[    0.003361]  gran_size: 8M 	chunk_size: 8M 	num_reg: 10  	lose cover RAM: 2016G
[    0.003362]  gran_size: 8M 	chunk_size: 16M 	num_reg: 10  	lose cover RAM: 2016G
[    0.003363]  gran_size: 8M 	chunk_size: 32M 	num_reg: 10  	lose cover RAM: 1024G
[    0.003365]  gran_size: 8M 	chunk_size: 64M 	num_reg: 10  	lose cover RAM: 1024G
[    0.003366]  gran_size: 8M 	chunk_size: 128M 	num_reg: 10  	lose cover RAM: 1024G
[    0.003367]  gran_size: 8M 	chunk_size: 256M 	num_reg: 10  	lose cover RAM: 1024G
[    0.003368]  gran_size: 8M 	chunk_size: 512M 	num_reg: 10  	lose cover RAM: 1024G
[    0.003370]  gran_size: 8M 	chunk_size: 1G 	num_reg: 10  	lose cover RAM: 1024G
[    0.003371]  gran_size: 8M 	chunk_size: 2G 	num_reg: 10  	lose cover RAM: 1024G
[    0.003372]  gran_size: 16M 	chunk_size: 16M 	num_reg: 10  	lose cover RAM: 2016G
[    0.003374]  gran_size: 16M 	chunk_size: 32M 	num_reg: 10  	lose cover RAM: 1024G
[    0.003375]  gran_size: 16M 	chunk_size: 64M 	num_reg: 10  	lose cover RAM: 1024G
[    0.003376]  gran_size: 16M 	chunk_size: 128M 	num_reg: 10  	lose cover RAM: 1024G
[    0.003378]  gran_size: 16M 	chunk_size: 256M 	num_reg: 10  	lose cover RAM: 1024G
[    0.003379]  gran_size: 16M 	chunk_size: 512M 	num_reg: 10  	lose cover RAM: 1024G
[    0.003381]  gran_size: 16M 	chunk_size: 1G 	num_reg: 10  	lose cover RAM: 1024G
[    0.003382]  gran_size: 16M 	chunk_size: 2G 	num_reg: 10  	lose cover RAM: 1024G
[    0.003384]  gran_size: 32M 	chunk_size: 32M 	num_reg: 10  	lose cover RAM: 2031632M
[    0.003385]  gran_size: 32M 	chunk_size: 64M 	num_reg: 10  	lose cover RAM: 1048592M
[    0.003387]  gran_size: 32M 	chunk_size: 128M 	num_reg: 10  	lose cover RAM: 1048592M
[    0.003388]  gran_size: 32M 	chunk_size: 256M 	num_reg: 10  	lose cover RAM: 1048592M
[    0.003389]  gran_size: 32M 	chunk_size: 512M 	num_reg: 10  	lose cover RAM: 1048592M
[    0.003391]  gran_size: 32M 	chunk_size: 1G 	num_reg: 10  	lose cover RAM: 1048592M
[    0.003392]  gran_size: 32M 	chunk_size: 2G 	num_reg: 10  	lose cover RAM: 1048592M
[    0.003393]  gran_size: 64M 	chunk_size: 64M 	num_reg: 10  	lose cover RAM: 1966128M
[    0.003395]  gran_size: 64M 	chunk_size: 128M 	num_reg: 10  	lose cover RAM: 1048624M
[    0.003396]  gran_size: 64M 	chunk_size: 256M 	num_reg: 10  	lose cover RAM: 1048624M
[    0.003398]  gran_size: 64M 	chunk_size: 512M 	num_reg: 10  	lose cover RAM: 1048624M
[    0.003399]  gran_size: 64M 	chunk_size: 1G 	num_reg: 10  	lose cover RAM: 1048624M
[    0.003400]  gran_size: 64M 	chunk_size: 2G 	num_reg: 10  	lose cover RAM: 1048624M
[    0.003401]  gran_size: 128M 	chunk_size: 128M 	num_reg: 10  	lose cover RAM: 1835120M
[    0.003403]  gran_size: 128M 	chunk_size: 256M 	num_reg: 10  	lose cover RAM: 1048688M
[    0.003404]  gran_size: 128M 	chunk_size: 512M 	num_reg: 10  	lose cover RAM: 1048688M
[    0.003406]  gran_size: 128M 	chunk_size: 1G 	num_reg: 10  	lose cover RAM: 1048688M
[    0.003407]  gran_size: 128M 	chunk_size: 2G 	num_reg: 10  	lose cover RAM: 1048688M
[    0.003409]  gran_size: 256M 	chunk_size: 256M 	num_reg: 10  	lose cover RAM: 1573104M
[    0.003410]  gran_size: 256M 	chunk_size: 512M 	num_reg: 10  	lose cover RAM: 1048816M
[    0.003411]  gran_size: 256M 	chunk_size: 1G 	num_reg: 10  	lose cover RAM: 1048816M
[    0.003413]  gran_size: 256M 	chunk_size: 2G 	num_reg: 10  	lose cover RAM: 1048816M
[    0.003414]  gran_size: 512M 	chunk_size: 512M 	num_reg: 10  	lose cover RAM: 1049072M
[    0.003416]  gran_size: 512M 	chunk_size: 1G 	num_reg: 10  	lose cover RAM: 1049072M
[    0.003417]  gran_size: 512M 	chunk_size: 2G 	num_reg: 10  	lose cover RAM: 1049072M
[    0.003418]  gran_size: 1G 	chunk_size: 1G 	num_reg: 10  	lose cover RAM: 1008M
[    0.003420]  gran_size: 1G 	chunk_size: 2G 	num_reg: 10  	lose cover RAM: 1008M
[    0.003421]  gran_size: 2G 	chunk_size: 2G 	num_reg: 9  	lose cover RAM: 2032M
[    0.003422] mtrr_cleanup: can not find optimal value
[    0.003423] please specify mtrr_gran_size/mtrr_chunk_size
[    0.003426] e820: update [mem 0x7f000000-0xffffffff] usable ==> reserved
[    0.003429] x2apic: enabled by BIOS, switching to x2apic ops
[    0.003430] last_pfn = 0x6f800 max_arch_pfn = 0x400000000
[    0.014858] Using GB pages for direct mapping
[    0.016049] Secure boot disabled
[    0.016050] RAMDISK: [mem 0x205de61000-0x207fffffff]
[    0.016055] ACPI: Early table checksum verification disabled
[    0.016057] ACPI: RSDP 0x000000006F7FE014 000024 (v02 DELL  )
[    0.016061] ACPI: XSDT 0x000000006F41C188 0000F4 (v01 DELL   PE_SC3   00000000 DELL 01000013)
[    0.016067] ACPI: FACP 0x000000006F430000 000114 (v06 DELL   PE_SC3   00000000 DELL 00000001)
[    0.016073] ACPI: DSDT 0x000000004B4CE000 07FAD3 (v02 DELL   PE_SC3   00000003 DELL 00000001)
[    0.016076] ACPI: FACS 0x000000006F2F2000 000040
[    0.016079] ACPI: SSDT 0x000000006F7FB000 00159A (v02 INTEL  RAS_ACPI 00000001 INTL 20210331)
[    0.016083] ACPI: SSDT 0x000000006F7FA000 000745 (v02 INTEL  ADDRXLAT 00000001 INTL 20210331)
[    0.016086] ACPI: MCEJ 0x000000006F7F9000 000130 (v01 INTEL           00000001 INTL 0100000D)
[    0.016090] ACPI: BERT 0x000000006F7F8000 000030 (v01 DELL   PE_SC3   00000001 INTL 00000001)
[    0.016093] ACPI: ERST 0x000000006F7F7000 000230 (v01 DELL   PE_SC3   00000001 INTL 00000001)
[    0.016097] ACPI: SSDT 0x000000006F431000 3C524E (v02 INTEL  SSDTNVDR 00001000 INTL 20210331)
[    0.016100] ACPI: HMAT 0x000000006F42F000 000210 (v01 DELL   PE_SC3   00000001 DELL 00000001)
[    0.016103] ACPI: HPET 0x000000006F42E000 000038 (v01 DELL   PE_SC3   00000001 DELL 00000001)
[    0.016107] ACPI: MCFG 0x000000006F42D000 00003C (v01 DELL   PE_SC3   00000001 DELL 00000001)
[    0.016110] ACPI: MIGT 0x000000006F42C000 000040 (v01 DELL   PE_SC3   00000000 DELL 00000001)
[    0.016113] ACPI: MSCT 0x000000006F42B000 000090 (v01 DELL   PE_SC3   00000001 DELL 00000001)
[    0.016117] ACPI: PMTT 0x000000006F429000 0011E8 (v02 DELL   PE_SC3   00000001 DELL 00000001)
[    0.016120] ACPI: WSMT 0x000000006F428000 000028 (v01 DELL   PE_SC3   00000000 DELL 00000001)
[    0.016123] ACPI: APIC 0x000000006F427000 00075E (v04 DELL   PE_SC3   00000000 DELL 00000001)
[    0.016126] ACPI: SLIT 0x000000006F426000 00003C (v01 DELL   PE_SC3   00000001 DELL 01000013)
[    0.016130] ACPI: SRAT 0x000000006F41F000 006430 (v03 DELL   PE_SC3   00000002 DELL 01000013)
[    0.016133] ACPI: OEM4 0x000000004B346000 187A61 (v02 INTEL  CPU  CST 00003000 INTL 20210331)
[    0.016136] ACPI: SSDT 0x000000004B2CF000 0764A5 (v02 INTEL  SSDT  PM 00004000 INTL 20210331)
[    0.016140] ACPI: SSDT 0x000000006F41E000 000A1F (v02 DELL   PE_SC3   00000000 DELL 00000001)
[    0.016143] ACPI: HEST 0x000000006F41D000 00017C (v01 DELL   PE_SC3   00000001 INTL 00000001)
[    0.016146] ACPI: PCAT 0x000000006F41B000 00010C (v19 DELL   PE_SC3   00000002 DELL 00000001)
[    0.016150] ACPI: SSDT 0x000000006F413000 007299 (v02 INTEL  SpsNm    00000002 INTL 20210331)
[    0.016153] ACPI: SSDT 0x000000006F412000 000426 (v02 DELL   PE_SC3   00000002 DELL 00000001)
[    0.016157] ACPI: NFIT 0x000000006F7FD000 000488 (v01 DELL   PE_SC3   00000002 DELL 00000001)
[    0.016160] ACPI: DMAR 0x000000006F411000 000158 (v01 DELL   PE_SC3   00000001 DELL 00000001)
[    0.016163] ACPI: Reserving FACP table memory at [mem 0x6f430000-0x6f430113]
[    0.016164] ACPI: Reserving DSDT table memory at [mem 0x4b4ce000-0x4b54dad2]
[    0.016165] ACPI: Reserving FACS table memory at [mem 0x6f2f2000-0x6f2f203f]
[    0.016166] ACPI: Reserving SSDT table memory at [mem 0x6f7fb000-0x6f7fc599]
[    0.016167] ACPI: Reserving SSDT table memory at [mem 0x6f7fa000-0x6f7fa744]
[    0.016168] ACPI: Reserving MCEJ table memory at [mem 0x6f7f9000-0x6f7f912f]
[    0.016169] ACPI: Reserving BERT table memory at [mem 0x6f7f8000-0x6f7f802f]
[    0.016170] ACPI: Reserving ERST table memory at [mem 0x6f7f7000-0x6f7f722f]
[    0.016171] ACPI: Reserving SSDT table memory at [mem 0x6f431000-0x6f7f624d]
[    0.016172] ACPI: Reserving HMAT table memory at [mem 0x6f42f000-0x6f42f20f]
[    0.016173] ACPI: Reserving HPET table memory at [mem 0x6f42e000-0x6f42e037]
[    0.016174] ACPI: Reserving MCFG table memory at [mem 0x6f42d000-0x6f42d03b]
[    0.016175] ACPI: Reserving MIGT table memory at [mem 0x6f42c000-0x6f42c03f]
[    0.016176] ACPI: Reserving MSCT table memory at [mem 0x6f42b000-0x6f42b08f]
[    0.016176] ACPI: Reserving PMTT table memory at [mem 0x6f429000-0x6f42a1e7]
[    0.016177] ACPI: Reserving WSMT table memory at [mem 0x6f428000-0x6f428027]
[    0.016178] ACPI: Reserving APIC table memory at [mem 0x6f427000-0x6f42775d]
[    0.016179] ACPI: Reserving SLIT table memory at [mem 0x6f426000-0x6f42603b]
[    0.016180] ACPI: Reserving SRAT table memory at [mem 0x6f41f000-0x6f42542f]
[    0.016181] ACPI: Reserving OEM4 table memory at [mem 0x4b346000-0x4b4cda60]
[    0.016182] ACPI: Reserving SSDT table memory at [mem 0x4b2cf000-0x4b3454a4]
[    0.016183] ACPI: Reserving SSDT table memory at [mem 0x6f41e000-0x6f41ea1e]
[    0.016184] ACPI: Reserving HEST table memory at [mem 0x6f41d000-0x6f41d17b]
[    0.016185] ACPI: Reserving PCAT table memory at [mem 0x6f41b000-0x6f41b10b]
[    0.016186] ACPI: Reserving SSDT table memory at [mem 0x6f413000-0x6f41a298]
[    0.016187] ACPI: Reserving SSDT table memory at [mem 0x6f412000-0x6f412425]
[    0.016188] ACPI: Reserving NFIT table memory at [mem 0x6f7fd000-0x6f7fd487]
[    0.016189] ACPI: Reserving DMAR table memory at [mem 0x6f411000-0x6f411157]
[    0.016200] Setting APIC routing to cluster x2apic.
[    0.016248] SRAT: PXM 0 -> APIC 0x0000 -> Node 0
[    0.016250] SRAT: PXM 0 -> APIC 0x0001 -> Node 0
[    0.016250] SRAT: PXM 0 -> APIC 0x0002 -> Node 0
[    0.016251] SRAT: PXM 0 -> APIC 0x0003 -> Node 0
[    0.016252] SRAT: PXM 0 -> APIC 0x0004 -> Node 0
[    0.016252] SRAT: PXM 0 -> APIC 0x0005 -> Node 0
[    0.016253] SRAT: PXM 0 -> APIC 0x0006 -> Node 0
[    0.016254] SRAT: PXM 0 -> APIC 0x0007 -> Node 0
[    0.016254] SRAT: PXM 0 -> APIC 0x0008 -> Node 0
[    0.016255] SRAT: PXM 0 -> APIC 0x0009 -> Node 0
[    0.016256] SRAT: PXM 0 -> APIC 0x000a -> Node 0
[    0.016256] SRAT: PXM 0 -> APIC 0x000b -> Node 0
[    0.016257] SRAT: PXM 0 -> APIC 0x000c -> Node 0
[    0.016258] SRAT: PXM 0 -> APIC 0x000d -> Node 0
[    0.016259] SRAT: PXM 0 -> APIC 0x000e -> Node 0
[    0.016259] SRAT: PXM 0 -> APIC 0x000f -> Node 0
[    0.016260] SRAT: PXM 0 -> APIC 0x0010 -> Node 0
[    0.016261] SRAT: PXM 0 -> APIC 0x0011 -> Node 0
[    0.016262] SRAT: PXM 0 -> APIC 0x0012 -> Node 0
[    0.016263] SRAT: PXM 0 -> APIC 0x0013 -> Node 0
[    0.016264] SRAT: PXM 0 -> APIC 0x0014 -> Node 0
[    0.016265] SRAT: PXM 0 -> APIC 0x0015 -> Node 0
[    0.016265] SRAT: PXM 0 -> APIC 0x0016 -> Node 0
[    0.016266] SRAT: PXM 0 -> APIC 0x0017 -> Node 0
[    0.016266] SRAT: PXM 0 -> APIC 0x0018 -> Node 0
[    0.016267] SRAT: PXM 0 -> APIC 0x0019 -> Node 0
[    0.016268] SRAT: PXM 0 -> APIC 0x001a -> Node 0
[    0.016268] SRAT: PXM 0 -> APIC 0x001b -> Node 0
[    0.016269] SRAT: PXM 0 -> APIC 0x001c -> Node 0
[    0.016270] SRAT: PXM 0 -> APIC 0x001d -> Node 0
[    0.016270] SRAT: PXM 0 -> APIC 0x001e -> Node 0
[    0.016271] SRAT: PXM 0 -> APIC 0x001f -> Node 0
[    0.016272] SRAT: PXM 0 -> APIC 0x0020 -> Node 0
[    0.016272] SRAT: PXM 0 -> APIC 0x0021 -> Node 0
[    0.016273] SRAT: PXM 0 -> APIC 0x0022 -> Node 0
[    0.016274] SRAT: PXM 0 -> APIC 0x0023 -> Node 0
[    0.016274] SRAT: PXM 0 -> APIC 0x0024 -> Node 0
[    0.016275] SRAT: PXM 0 -> APIC 0x0025 -> Node 0
[    0.016276] SRAT: PXM 0 -> APIC 0x0026 -> Node 0
[    0.016276] SRAT: PXM 0 -> APIC 0x0027 -> Node 0
[    0.016277] SRAT: PXM 0 -> APIC 0x0028 -> Node 0
[    0.016278] SRAT: PXM 0 -> APIC 0x0029 -> Node 0
[    0.016278] SRAT: PXM 0 -> APIC 0x002a -> Node 0
[    0.016279] SRAT: PXM 0 -> APIC 0x002b -> Node 0
[    0.016279] SRAT: PXM 0 -> APIC 0x002c -> Node 0
[    0.016280] SRAT: PXM 0 -> APIC 0x002d -> Node 0
[    0.016281] SRAT: PXM 0 -> APIC 0x002e -> Node 0
[    0.016281] SRAT: PXM 0 -> APIC 0x002f -> Node 0
[    0.016282] SRAT: PXM 0 -> APIC 0x0030 -> Node 0
[    0.016283] SRAT: PXM 0 -> APIC 0x0031 -> Node 0
[    0.016283] SRAT: PXM 0 -> APIC 0x0032 -> Node 0
[    0.016284] SRAT: PXM 0 -> APIC 0x0033 -> Node 0
[    0.016285] SRAT: PXM 0 -> APIC 0x0034 -> Node 0
[    0.016285] SRAT: PXM 0 -> APIC 0x0035 -> Node 0
[    0.016286] SRAT: PXM 0 -> APIC 0x0036 -> Node 0
[    0.016287] SRAT: PXM 0 -> APIC 0x0037 -> Node 0
[    0.016287] SRAT: PXM 1 -> APIC 0x0080 -> Node 1
[    0.016288] SRAT: PXM 1 -> APIC 0x0081 -> Node 1
[    0.016289] SRAT: PXM 1 -> APIC 0x0082 -> Node 1
[    0.016289] SRAT: PXM 1 -> APIC 0x0083 -> Node 1
[    0.016290] SRAT: PXM 1 -> APIC 0x0084 -> Node 1
[    0.016291] SRAT: PXM 1 -> APIC 0x0085 -> Node 1
[    0.016292] SRAT: PXM 1 -> APIC 0x0086 -> Node 1
[    0.016293] SRAT: PXM 1 -> APIC 0x0087 -> Node 1
[    0.016293] SRAT: PXM 1 -> APIC 0x0088 -> Node 1
[    0.016294] SRAT: PXM 1 -> APIC 0x0089 -> Node 1
[    0.016295] SRAT: PXM 1 -> APIC 0x008a -> Node 1
[    0.016296] SRAT: PXM 1 -> APIC 0x008b -> Node 1
[    0.016296] SRAT: PXM 1 -> APIC 0x008c -> Node 1
[    0.016297] SRAT: PXM 1 -> APIC 0x008d -> Node 1
[    0.016298] SRAT: PXM 1 -> APIC 0x008e -> Node 1
[    0.016298] SRAT: PXM 1 -> APIC 0x008f -> Node 1
[    0.016299] SRAT: PXM 1 -> APIC 0x0090 -> Node 1
[    0.016300] SRAT: PXM 1 -> APIC 0x0091 -> Node 1
[    0.016300] SRAT: PXM 1 -> APIC 0x0092 -> Node 1
[    0.016301] SRAT: PXM 1 -> APIC 0x0093 -> Node 1
[    0.016302] SRAT: PXM 1 -> APIC 0x0094 -> Node 1
[    0.016302] SRAT: PXM 1 -> APIC 0x0095 -> Node 1
[    0.016303] SRAT: PXM 1 -> APIC 0x0096 -> Node 1
[    0.016304] SRAT: PXM 1 -> APIC 0x0097 -> Node 1
[    0.016304] SRAT: PXM 1 -> APIC 0x0098 -> Node 1
[    0.016305] SRAT: PXM 1 -> APIC 0x0099 -> Node 1
[    0.016306] SRAT: PXM 1 -> APIC 0x009a -> Node 1
[    0.016306] SRAT: PXM 1 -> APIC 0x009b -> Node 1
[    0.016307] SRAT: PXM 1 -> APIC 0x009c -> Node 1
[    0.016307] SRAT: PXM 1 -> APIC 0x009d -> Node 1
[    0.016308] SRAT: PXM 1 -> APIC 0x009e -> Node 1
[    0.016309] SRAT: PXM 1 -> APIC 0x009f -> Node 1
[    0.016309] SRAT: PXM 1 -> APIC 0x00a0 -> Node 1
[    0.016310] SRAT: PXM 1 -> APIC 0x00a1 -> Node 1
[    0.016311] SRAT: PXM 1 -> APIC 0x00a2 -> Node 1
[    0.016311] SRAT: PXM 1 -> APIC 0x00a3 -> Node 1
[    0.016312] SRAT: PXM 1 -> APIC 0x00a4 -> Node 1
[    0.016313] SRAT: PXM 1 -> APIC 0x00a5 -> Node 1
[    0.016313] SRAT: PXM 1 -> APIC 0x00a6 -> Node 1
[    0.016314] SRAT: PXM 1 -> APIC 0x00a7 -> Node 1
[    0.016315] SRAT: PXM 1 -> APIC 0x00a8 -> Node 1
[    0.016315] SRAT: PXM 1 -> APIC 0x00a9 -> Node 1
[    0.016316] SRAT: PXM 1 -> APIC 0x00aa -> Node 1
[    0.016316] SRAT: PXM 1 -> APIC 0x00ab -> Node 1
[    0.016317] SRAT: PXM 1 -> APIC 0x00ac -> Node 1
[    0.016318] SRAT: PXM 1 -> APIC 0x00ad -> Node 1
[    0.016318] SRAT: PXM 1 -> APIC 0x00ae -> Node 1
[    0.016319] SRAT: PXM 1 -> APIC 0x00af -> Node 1
[    0.016320] SRAT: PXM 1 -> APIC 0x00b0 -> Node 1
[    0.016320] SRAT: PXM 1 -> APIC 0x00b1 -> Node 1
[    0.016321] SRAT: PXM 1 -> APIC 0x00b2 -> Node 1
[    0.016322] SRAT: PXM 1 -> APIC 0x00b3 -> Node 1
[    0.016323] SRAT: PXM 1 -> APIC 0x00b4 -> Node 1
[    0.016323] SRAT: PXM 1 -> APIC 0x00b5 -> Node 1
[    0.016324] SRAT: PXM 1 -> APIC 0x00b6 -> Node 1
[    0.016325] SRAT: PXM 1 -> APIC 0x00b7 -> Node 1
[    0.016338] ACPI: SRAT: Node 0 PXM 0 [mem 0x00000000-0x7fffffff]
[    0.016339] ACPI: SRAT: Node 0 PXM 0 [mem 0x100000000-0x107fffffff]
[    0.016341] ACPI: SRAT: Node 2 PXM 2 [mem 0x2080000000-0x9e7fffffff] non-volatile
[    0.016342] ACPI: SRAT: Node 1 PXM 1 [mem 0x1080000000-0x207fffffff]
[    0.016343] ACPI: SRAT: Node 3 PXM 3 [mem 0x9e80000000-0x11c7fffffff] non-volatile
[    0.016353] NUMA: Initialized distance table, cnt=4
[    0.016357] NUMA: Node 0 [mem 0x00000000-0x7fffffff] + [mem 0x100000000-0x107fffffff] -> [mem 0x00000000-0x107fffffff]
[    0.016366] NODE_DATA(0) allocated [mem 0x107ffd5000-0x107fffffff]
[    0.016384] NODE_DATA(1) allocated [mem 0x205de34000-0x205de5efff]
[    0.016588] Zone ranges:
[    0.016589]   DMA      [mem 0x0000000000001000-0x0000000000ffffff]
[    0.016591]   DMA32    [mem 0x0000000001000000-0x00000000ffffffff]
[    0.016593]   Normal   [mem 0x0000000100000000-0x000000207fffffff]
[    0.016594]   Device   empty
[    0.016595] Movable zone start for each node
[    0.016599] Early memory node ranges
[    0.016599]   node   0: [mem 0x0000000000001000-0x000000000008efff]
[    0.016601]   node   0: [mem 0x0000000000090000-0x000000000009ffff]
[    0.016602]   node   0: [mem 0x0000000000100000-0x0000000049e76fff]
[    0.016603]   node   0: [mem 0x000000004ae77000-0x000000004b2cefff]
[    0.016604]   node   0: [mem 0x000000004b54e000-0x000000004bd93fff]
[    0.016605]   node   0: [mem 0x000000004be9a000-0x000000004cdfffff]
[    0.016606]   node   0: [mem 0x000000004d000000-0x000000005eefdfff]
[    0.016606]   node   0: [mem 0x000000006f7ff000-0x000000006f7fffff]
[    0.016607]   node   0: [mem 0x0000000100000000-0x000000037fffffff]
[    0.016609]   node   0: [mem 0x0000001000000000-0x000000107fffffff]
[    0.016610]   node   1: [mem 0x0000001080000000-0x000000207fffffff]
[    0.016614] Initmem setup node 0 [mem 0x0000000000001000-0x000000107fffffff]
[    0.016617] Initmem setup node 1 [mem 0x0000001080000000-0x000000207fffffff]
[    0.016619] Initializing node 2 as memoryless
[    0.016643] Initmem setup node 2 as memoryless
[    0.016644] Initializing node 3 as memoryless
[    0.016666] Initmem setup node 3 as memoryless
[    0.016668] On node 0, zone DMA: 1 pages in unavailable ranges
[    0.016669] On node 0, zone DMA: 1 pages in unavailable ranges
[    0.016697] On node 0, zone DMA: 96 pages in unavailable ranges
[    0.018795] On node 0, zone DMA32: 4096 pages in unavailable ranges
[    0.018819] On node 0, zone DMA32: 639 pages in unavailable ranges
[    0.018848] On node 0, zone DMA32: 262 pages in unavailable ranges
[    0.019342] On node 0, zone DMA32: 512 pages in unavailable ranges
[    0.019608] On node 0, zone DMA32: 35073 pages in unavailable ranges
[    0.038467] On node 0, zone Normal: 2048 pages in unavailable ranges
[    0.171767] ACPI: PM-Timer IO Port: 0x508
[    0.171790] ACPI: X2APIC_NMI (uid[0xffffffff] high edge lint[0x1])
[    0.171793] ACPI: LAPIC_NMI (acpi_id[0xff] high edge lint[0x1])
[    0.171814] IOAPIC[0]: apic_id 8, version 32, address 0xfec00000, GSI 0-119
[    0.171817] ACPI: INT_SRC_OVR (bus 0 bus_irq 0 global_irq 2 dfl dfl)
[    0.171820] ACPI: INT_SRC_OVR (bus 0 bus_irq 9 global_irq 9 high level)
[    0.171824] ACPI: Using ACPI (MADT) for SMP configuration information
[    0.171826] ACPI: HPET id: 0x8086a701 base: 0xfed00000
[    0.171832] TSC deadline timer available
[    0.171833] smpboot: Allowing 112 CPUs, 0 hotplug CPUs
[    0.171864] PM: hibernation: Registered nosave memory: [mem 0x00000000-0x00000fff]
[    0.171866] PM: hibernation: Registered nosave memory: [mem 0x0008f000-0x0008ffff]
[    0.171868] PM: hibernation: Registered nosave memory: [mem 0x000a0000-0x000fffff]
[    0.171869] PM: hibernation: Registered nosave memory: [mem 0x46cc4000-0x46cc4fff]
[    0.171871] PM: hibernation: Registered nosave memory: [mem 0x46cf5000-0x46cf5fff]
[    0.171872] PM: hibernation: Registered nosave memory: [mem 0x46cf6000-0x46cf6fff]
[    0.171874] PM: hibernation: Registered nosave memory: [mem 0x46d28000-0x46d28fff]
[    0.171874] PM: hibernation: Registered nosave memory: [mem 0x46d29000-0x46d29fff]
[    0.171876] PM: hibernation: Registered nosave memory: [mem 0x46d5b000-0x46d5bfff]
[    0.171877] PM: hibernation: Registered nosave memory: [mem 0x46d5c000-0x46d5cfff]
[    0.171878] PM: hibernation: Registered nosave memory: [mem 0x46d64000-0x46d64fff]
[    0.171880] PM: hibernation: Registered nosave memory: [mem 0x49e77000-0x4ae76fff]
[    0.171882] PM: hibernation: Registered nosave memory: [mem 0x4b2cf000-0x4b54dfff]
[    0.171884] PM: hibernation: Registered nosave memory: [mem 0x4bd94000-0x4be99fff]
[    0.171885] PM: hibernation: Registered nosave memory: [mem 0x4ce00000-0x4cffffff]
[    0.171887] PM: hibernation: Registered nosave memory: [mem 0x5eefe000-0x6e3fefff]
[    0.171888] PM: hibernation: Registered nosave memory: [mem 0x6e3ff000-0x6f3fefff]
[    0.171888] PM: hibernation: Registered nosave memory: [mem 0x6f3ff000-0x6f7fefff]
[    0.171890] PM: hibernation: Registered nosave memory: [mem 0x6f800000-0x8fffffff]
[    0.171891] PM: hibernation: Registered nosave memory: [mem 0x90000000-0xfdffffff]
[    0.171892] PM: hibernation: Registered nosave memory: [mem 0xfe000000-0xfe010fff]
[    0.171892] PM: hibernation: Registered nosave memory: [mem 0xfe011000-0xffffffff]
[    0.171894] PM: hibernation: Registered nosave memory: [mem 0x380000000-0xfffffffff]
[    0.171897] [mem 0x90000000-0xfdffffff] available for PCI devices
[    0.171899] Booting paravirtualized kernel on bare hardware
[    0.171902] clocksource: refined-jiffies: mask: 0xffffffff max_cycles: 0xffffffff, max_idle_ns: 7645519600211568 ns
[    0.171908] setup_percpu: NR_CPUS:8192 nr_cpumask_bits:112 nr_cpu_ids:112 nr_node_ids:4
[    0.176718] percpu: Embedded 61 pages/cpu s212992 r8192 d28672 u262144
[    0.176729] pcpu-alloc: s212992 r8192 d28672 u262144 alloc=1*2097152
[    0.176732] pcpu-alloc: [0] 000 002 004 006 008 010 012 014 
[    0.176739] pcpu-alloc: [0] 016 018 020 022 024 026 028 030 
[    0.176744] pcpu-alloc: [0] 032 034 036 038 040 042 044 046 
[    0.176748] pcpu-alloc: [0] 048 050 052 054 056 058 060 062 
[    0.176753] pcpu-alloc: [0] 064 066 068 070 072 074 076 078 
[    0.176757] pcpu-alloc: [0] 080 082 084 086 088 090 092 094 
[    0.176761] pcpu-alloc: [0] 096 098 100 102 104 106 108 110 
[    0.176766] pcpu-alloc: [1] 001 003 005 007 009 011 013 015 
[    0.176771] pcpu-alloc: [1] 017 019 021 023 025 027 029 031 
[    0.176775] pcpu-alloc: [1] 033 035 037 039 041 043 045 047 
[    0.176780] pcpu-alloc: [1] 049 051 053 055 057 059 061 063 
[    0.176784] pcpu-alloc: [1] 065 067 069 071 073 075 077 079 
[    0.176788] pcpu-alloc: [1] 081 083 085 087 089 091 093 095 
[    0.176793] pcpu-alloc: [1] 097 099 101 103 105 107 109 111 
[    0.176841] Fallback order for Node 0: 0 1 
[    0.176845] Fallback order for Node 1: 1 0 
[    0.176848] Fallback order for Node 2: 2 0 1 
[    0.176851] Fallback order for Node 3: 3 1 0 
[    0.176859] Built 2 zonelists, mobility grouping on.  Total pages: 19987732
[    0.176860] Policy zone: Normal
[    0.176862] Kernel command line: BOOT_IMAGE=/boot/vmlinuz-5.18.0 root=UUID=ce0c24b8-724b-4f33-9b2c-618433560aef ro memmap=50G!14G quiet splash nomodeset vt.handoff=1
[    0.176978] Booted with the nomodeset parameter. Only the system framebuffer will be available
[    0.177000] Unknown kernel command line parameters "splash BOOT_IMAGE=/boot/vmlinuz-5.18.0", will be passed to user space.
[    0.177002] printk: log_buf_len individual max cpu contribution: 4096 bytes
[    0.177003] printk: log_buf_len total cpu_extra contributions: 454656 bytes
[    0.177004] printk: log_buf_len min size: 262144 bytes
[    0.177980] printk: log_buf_len: 1048576 bytes
[    0.177982] printk: early log buf free: 223904(85%)
[    0.179893] mem auto-init: stack:off, heap alloc:on, heap free:off
[    0.391703] Memory: 79124384K/81224800K available (16392K kernel code, 3615K rwdata, 10444K rodata, 2688K init, 5836K bss, 2100156K reserved, 0K cma-reserved)
[    0.391711] random: get_random_u64 called from __kmem_cache_create+0x2d/0x480 with crng_init=0
[    0.392276] SLUB: HWalign=64, Order=0-3, MinObjects=0, CPUs=112, Nodes=4
[    0.392306] ftrace: allocating 48795 entries in 191 pages
[    0.401815] ftrace: allocated 191 pages with 7 groups
[    0.402894] Dynamic Preempt: voluntary
[    0.403228] rcu: Preemptible hierarchical RCU implementation.
[    0.403229] rcu: 	RCU restricting CPUs from NR_CPUS=8192 to nr_cpu_ids=112.
[    0.403231] 	Trampoline variant of Tasks RCU enabled.
[    0.403231] 	Rude variant of Tasks RCU enabled.
[    0.403232] 	Tracing variant of Tasks RCU enabled.
[    0.403232] rcu: RCU calculated value of scheduler-enlistment delay is 25 jiffies.
[    0.403234] rcu: Adjusting geometry for rcu_fanout_leaf=16, nr_cpu_ids=112
[    0.407135] NR_IRQS: 524544, nr_irqs: 2952, preallocated irqs: 16
[    0.407475] random: crng init done (trusting CPU's manufacturer)
[    0.407613] Console: colour dummy device 80x25
[    0.407648] printk: console [tty0] enabled
[    0.407840] mempolicy: Enabling automatic NUMA balancing. Configure with numa_balancing= or the kernel.numa_balancing sysctl
[    0.407846] ACPI: Core revision 20211217
[    0.411273] clocksource: hpet: mask: 0xffffffff max_cycles: 0xffffffff, max_idle_ns: 79635855245 ns
[    0.411321] APIC: Switch to symmetric I/O mode setup
[    0.411323] DMAR: Host address width 46
[    0.411325] DMAR: DRHD base: 0x000000d0ffc000 flags: 0x0
[    0.411330] DMAR: dmar0: reg_base_addr d0ffc000 ver 4:0 cap 8ed008c40780466 ecap 60000f050df
[    0.411333] DMAR: DRHD base: 0x000000dbbfc000 flags: 0x0
[    0.411337] DMAR: dmar1: reg_base_addr dbbfc000 ver 4:0 cap 8ed008c40780466 ecap 60000f050df
[    0.411339] DMAR: DRHD base: 0x000000e67fc000 flags: 0x0
[    0.411342] DMAR: dmar2: reg_base_addr e67fc000 ver 4:0 cap 8ed008c40780466 ecap 60000f050df
[    0.411345] DMAR: DRHD base: 0x000000f13fc000 flags: 0x0
[    0.411347] DMAR: dmar3: reg_base_addr f13fc000 ver 4:0 cap 8ed008c40780466 ecap 60000f050df
[    0.411349] DMAR: DRHD base: 0x000000fb7fc000 flags: 0x0
[    0.411352] DMAR: dmar4: reg_base_addr fb7fc000 ver 4:0 cap 8ed008c40780466 ecap 60000f050df
[    0.411354] DMAR: DRHD base: 0x000000a63fc000 flags: 0x0
[    0.411357] DMAR: dmar5: reg_base_addr a63fc000 ver 4:0 cap 8ed008c40780466 ecap 60000f050df
[    0.411358] DMAR: DRHD base: 0x000000b0ffc000 flags: 0x0
[    0.411363] DMAR: dmar6: reg_base_addr b0ffc000 ver 4:0 cap 8ed008c40780466 ecap 60000f050df
[    0.411365] DMAR: DRHD base: 0x000000bbbfc000 flags: 0x0
[    0.411367] DMAR: dmar7: reg_base_addr bbbfc000 ver 4:0 cap 8ed008c40780466 ecap 60000f050df
[    0.411369] DMAR: DRHD base: 0x000000c5ffc000 flags: 0x0
[    0.411371] DMAR: dmar8: reg_base_addr c5ffc000 ver 4:0 cap 8ed008c40780466 ecap 60000f050df
[    0.411373] DMAR: DRHD base: 0x0000009b7fc000 flags: 0x1
[    0.411376] DMAR: dmar9: reg_base_addr 9b7fc000 ver 4:0 cap 8ed008c40780466 ecap 60000f050df
[    0.411378] DMAR: RMRR base: 0x00000069427000 end: 0x00000069429fff
[    0.411380] DMAR: ATSR flags: 0x0
[    0.411383] DMAR-IR: IOAPIC id 8 under DRHD base  0x9b7fc000 IOMMU 9
[    0.411384] DMAR-IR: HPET id 0 under DRHD base 0x9b7fc000
[    0.411385] DMAR-IR: Queued invalidation will be enabled to support x2apic and Intr-remapping.
[    0.414271] DMAR-IR: Enabled IRQ remapping in x2apic mode
[    0.416904] ..TIMER: vector=0x30 apic1=0 pin1=2 apic2=-1 pin2=-1
[    0.435249] clocksource: tsc-early: mask: 0xffffffffffffffff max_cycles: 0x39a85c9bff6, max_idle_ns: 881590591483 ns
[    0.435256] Calibrating delay loop (skipped), value calculated using timer frequency.. 4000.00 BogoMIPS (lpj=8000000)
[    0.435259] pid_max: default: 114688 minimum: 896
[    0.439150] LSM: Security Framework initializing
[    0.439175] Yama: becoming mindful.
[    0.439221] AppArmor: AppArmor initialized
[    0.447632] Dentry cache hash table entries: 8388608 (order: 14, 67108864 bytes, vmalloc hugepage)
[    0.451758] Inode-cache hash table entries: 4194304 (order: 13, 33554432 bytes, vmalloc hugepage)
[    0.451940] Mount-cache hash table entries: 131072 (order: 8, 1048576 bytes, vmalloc)
[    0.452085] Mountpoint-cache hash table entries: 131072 (order: 8, 1048576 bytes, vmalloc)
[    0.452701] x86/tme: not enabled by BIOS
[    0.452711] CPU0: Thermal monitoring enabled (TM1)
[    0.452714] x86/cpu: User Mode Instruction Prevention (UMIP) activated
[    0.452951] process: using mwait in idle threads
[    0.452954] Last level iTLB entries: 4KB 0, 2MB 0, 4MB 0
[    0.452955] Last level dTLB entries: 4KB 0, 2MB 0, 4MB 0, 1GB 0
[    0.452962] Spectre V1 : Mitigation: usercopy/swapgs barriers and __user pointer sanitization
[    0.452964] Spectre V2 : WARNING: Unprivileged eBPF is enabled with eIBRS on, data leaks possible via Spectre v2 BHB attacks!
[    0.452971] Spectre V2 : Mitigation: Enhanced IBRS
[    0.452971] Spectre V2 : Spectre v2 / SpectreRSB mitigation: Filling RSB on context switch
[    0.452973] Spectre V2 : mitigation: Enabling conditional Indirect Branch Prediction Barrier
[    0.452974] Speculative Store Bypass: Mitigation: Speculative Store Bypass disabled via prctl
[    0.458683] Freeing SMP alternatives memory: 40K
[    0.459414] smpboot: Estimated ratio of average max frequency by base frequency (times 1024): 1433
[    0.459430] smpboot: CPU0: Intel(R) Xeon(R) Gold 6330 CPU @ 2.00GHz (family: 0x6, model: 0x6a, stepping: 0x6)
[    0.459652] cblist_init_generic: Setting adjustable number of callback queues.
[    0.459667] cblist_init_generic: Setting shift to 7 and lim to 1.
[    0.459696] cblist_init_generic: Setting shift to 7 and lim to 1.
[    0.459727] cblist_init_generic: Setting shift to 7 and lim to 1.
[    0.459737] Performance Events: PEBS fmt4+-baseline,  AnyThread deprecated, Icelake events, 32-deep LBR, full-width counters, Intel PMU driver.
[    0.459777] ... version:                5
[    0.459778] ... bit width:              48
[    0.459778] ... generic registers:      8
[    0.459779] ... value mask:             0000ffffffffffff
[    0.459780] ... max period:             00007fffffffffff
[    0.459781] ... fixed-purpose events:   4
[    0.459782] ... event mask:             0001000f000000ff
[    0.459942] rcu: Hierarchical SRCU implementation.
[    0.467183] NMI watchdog: Enabled. Permanently consumes one hw-PMU counter.
[    0.468342] smp: Bringing up secondary CPUs ...
[    0.468470] x86: Booting SMP configuration:
[    0.468472] .... node  #1, CPUs:          #1
[    0.007785] smpboot: CPU 1 Converting physical 0 to logical die 1

[    0.555381] .... node  #0, CPUs:     #2
[    0.560769] .... node  #1, CPUs:     #3
[    0.566244] .... node  #0, CPUs:     #4
[    0.571646] .... node  #1, CPUs:     #5
[    0.577099] .... node  #0, CPUs:     #6
[    0.582701] .... node  #1, CPUs:     #7
[    0.588335] .... node  #0, CPUs:     #8
[    0.593646] .... node  #1, CPUs:     #9
[    0.599419] .... node  #0, CPUs:    #10
[    0.605169] .... node  #1, CPUs:    #11
[    0.610948] .... node  #0, CPUs:    #12
[    0.616488] .... node  #1, CPUs:    #13
[    0.621881] .... node  #0, CPUs:    #14
[    0.627414] .... node  #1, CPUs:    #15
[    0.632508] .... node  #0, CPUs:    #16
[    0.637807] .... node  #1, CPUs:    #17
[    0.643366] .... node  #0, CPUs:    #18
[    0.648435] .... node  #1, CPUs:    #19
[    0.654128] .... node  #0, CPUs:    #20
[    0.659430] .... node  #1, CPUs:    #21
[    0.665047] .... node  #0, CPUs:    #22
[    0.670503] .... node  #1, CPUs:    #23
[    0.675831] .... node  #0, CPUs:    #24
[    0.681483] .... node  #1, CPUs:    #25
[    0.686861] .... node  #0, CPUs:    #26
[    0.692096] .... node  #1, CPUs:    #27
[    0.697449] .... node  #0, CPUs:    #28
[    0.703264] .... node  #1, CPUs:    #29
[    0.708325] .... node  #0, CPUs:    #30
[    0.713587] .... node  #1, CPUs:    #31
[    0.719332] .... node  #0, CPUs:    #32
[    0.724416] .... node  #1, CPUs:    #33
[    0.729829] .... node  #0, CPUs:    #34
[    0.735432] .... node  #1, CPUs:    #35
[    0.740659] .... node  #0, CPUs:    #36
[    0.745895] .... node  #1, CPUs:    #37
[    0.751362] .... node  #0, CPUs:    #38
[    0.756837] .... node  #1, CPUs:    #39
[    0.762397] .... node  #0, CPUs:    #40
[    0.768020] .... node  #1, CPUs:    #41
[    0.773821] .... node  #0, CPUs:    #42
[    0.779445] .... node  #1, CPUs:    #43
[    0.784836] .... node  #0, CPUs:    #44
[    0.790231] .... node  #1, CPUs:    #45
[    0.795735] .... node  #0, CPUs:    #46
[    0.801296] .... node  #1, CPUs:    #47
[    0.806777] .... node  #0, CPUs:    #48
[    0.812143] .... node  #1, CPUs:    #49
[    0.817635] .... node  #0, CPUs:    #50
[    0.823433] .... node  #1, CPUs:    #51
[    0.828851] .... node  #0, CPUs:    #52
[    0.834342] .... node  #1, CPUs:    #53
[    0.839986] .... node  #0, CPUs:    #54
[    0.845717] .... node  #1, CPUs:    #55
[    0.851569] .... node  #0, CPUs:    #56
[    0.857082] .... node  #1, CPUs:    #57
[    0.863288] .... node  #0, CPUs:    #58
[    0.868500] .... node  #1, CPUs:    #59
[    0.873989] .... node  #0, CPUs:    #60
[    0.879440] .... node  #1, CPUs:    #61
[    0.884867] .... node  #0, CPUs:    #62
[    0.890485] .... node  #1, CPUs:    #63
[    0.896143] .... node  #0, CPUs:    #64
[    0.901479] .... node  #1, CPUs:    #65
[    0.907367] .... node  #0, CPUs:    #66
[    0.913035] .... node  #1, CPUs:    #67
[    0.918836] .... node  #0, CPUs:    #68
[    0.924398] .... node  #1, CPUs:    #69
[    0.929830] .... node  #0, CPUs:    #70
[    0.935401] .... node  #1, CPUs:    #71
[    0.940497] .... node  #0, CPUs:    #72
[    0.945812] .... node  #1, CPUs:    #73
[    0.951369] .... node  #0, CPUs:    #74
[    0.956502] .... node  #1, CPUs:    #75
[    0.962215] .... node  #0, CPUs:    #76
[    0.967493] .... node  #1, CPUs:    #77
[    0.973173] .... node  #0, CPUs:    #78
[    0.978654] .... node  #1, CPUs:    #79
[    0.983994] .... node  #0, CPUs:    #80
[    0.989665] .... node  #1, CPUs:    #81
[    0.995298] .... node  #0, CPUs:    #82
[    1.000322] .... node  #1, CPUs:    #83
[    1.005708] .... node  #0, CPUs:    #84
[    1.011431] .... node  #1, CPUs:    #85
[    1.016633] .... node  #0, CPUs:    #86
[    1.021916] .... node  #1, CPUs:    #87
[    1.027449] .... node  #0, CPUs:    #88
[    1.032775] .... node  #1, CPUs:    #89
[    1.038219] .... node  #0, CPUs:    #90
[    1.043697] .... node  #1, CPUs:    #91
[    1.049085] .... node  #0, CPUs:    #92
[    1.054340] .... node  #1, CPUs:    #93
[    1.059720] .... node  #0, CPUs:    #94
[    1.065335] .... node  #1, CPUs:    #95
[    1.070915] .... node  #0, CPUs:    #96
[    1.076566] .... node  #1, CPUs:    #97
[    1.082374] .... node  #0, CPUs:    #98
[    1.087728] .... node  #1, CPUs:    #99
[    1.093446] .... node  #0, CPUs:   #100
[    1.098838] .... node  #1, CPUs:   #101
[    1.104375] .... node  #0, CPUs:   #102
[    1.109959] .... node  #1, CPUs:   #103
[    1.115463] .... node  #0, CPUs:   #104
[    1.120848] .... node  #1, CPUs:   #105
[    1.126343] .... node  #0, CPUs:   #106
[    1.131879] .... node  #1, CPUs:   #107
[    1.137590] .... node  #0, CPUs:   #108
[    1.143420] .... node  #1, CPUs:   #109
[    1.148793] .... node  #0, CPUs:   #110
[    1.154545] .... node  #1, CPUs:   #111
[    1.160403] smp: Brought up 2 nodes, 112 CPUs
[    1.160403] smpboot: Max logical packages: 2
[    1.160403] smpboot: Total of 112 processors activated (448094.75 BogoMIPS)
[    1.168794] devtmpfs: initialized
[    1.168794] x86/mm: Memory block size: 2048MB
[    1.168794] ACPI: PM: Registering ACPI NVS region [mem 0x49e77000-0x4ae76fff] (16777216 bytes)
[    1.168794] ACPI: PM: Registering ACPI NVS region [mem 0x6e3ff000-0x6f3fefff] (16777216 bytes)
[    1.168794] clocksource: jiffies: mask: 0xffffffff max_cycles: 0xffffffff, max_idle_ns: 7645041785100000 ns
[    1.168794] futex hash table entries: 32768 (order: 9, 2097152 bytes, vmalloc)
[    1.168794] pinctrl core: initialized pinctrl subsystem
[    1.168794] PM: RTC time: 07:35:24, date: 2024-04-06
[    1.171747] NET: Registered PF_NETLINK/PF_ROUTE protocol family
[    1.172930] DMA: preallocated 4096 KiB GFP_KERNEL pool for atomic allocations
[    1.173440] DMA: preallocated 4096 KiB GFP_KERNEL|GFP_DMA pool for atomic allocations
[    1.173956] DMA: preallocated 4096 KiB GFP_KERNEL|GFP_DMA32 pool for atomic allocations
[    1.173969] audit: initializing netlink subsys (disabled)
[    1.173979] audit: type=2000 audit(1712388923.760:1): state=initialized audit_enabled=0 res=1
[    1.173979] thermal_sys: Registered thermal governor 'fair_share'
[    1.173979] thermal_sys: Registered thermal governor 'bang_bang'
[    1.173979] thermal_sys: Registered thermal governor 'step_wise'
[    1.173979] thermal_sys: Registered thermal governor 'user_space'
[    1.173979] EISA bus registered
[    1.173979] cpuidle: using governor ladder
[    1.173979] cpuidle: using governor menu
[    1.173979] ACPI FADT declares the system doesn't support PCIe ASPM, so disable it
[    1.173979] acpiphp: ACPI Hot Plug PCI Controller Driver version: 0.5
[    1.173979] PCI: MMCONFIG for domain 0000 [bus 00-ff] at [mem 0x80000000-0x8fffffff] (base 0x80000000)
[    1.173979] PCI: MMCONFIG at [mem 0x80000000-0x8fffffff] reserved in E820
[    1.173979] pmd_set_huge: Cannot satisfy [mem 0x80000000-0x80200000] with a huge-page mapping due to MTRR override.
[    1.175320] PCI: Using configuration type 1 for base access
[    1.175330] PCI: Dell System detected, enabling pci=bfsort.
[    1.177480] ENERGY_PERF_BIAS: Set to 'normal', was 'performance'
[    1.180600] kprobes: kprobe jump-optimization is enabled. All kprobes are optimized if possible.
[    1.180605] HugeTLB registered 1.00 GiB page size, pre-allocated 0 pages
[    1.180605] HugeTLB registered 2.00 MiB page size, pre-allocated 0 pages
[    1.180605] fbcon: Taking over console
[    1.180605] ACPI: Added _OSI(Module Device)
[    1.180605] ACPI: Added _OSI(Processor Device)
[    1.180605] ACPI: Added _OSI(3.0 _SCP Extensions)
[    1.180605] ACPI: Added _OSI(Processor Aggregator Device)
[    1.180605] ACPI: Added _OSI(Linux-Dell-Video)
[    1.180605] ACPI: Added _OSI(Linux-Lenovo-NV-HDMI-Audio)
[    1.180605] ACPI: Added _OSI(Linux-HPI-Hybrid-Graphics)
[    1.357092] ACPI: 8 ACPI AML tables successfully acquired and loaded
[    1.363308] ACPI: [Firmware Bug]: BIOS _OSI(Linux) query ignored
[    1.372677] ACPI: Dynamic OEM Table Load:
[    1.792902] ACPI: Interpreter enabled
[    1.792924] ACPI: PM: (supports S0 S5)
[    1.792926] ACPI: Using IOAPIC for interrupt routing
[    1.793013] HEST: Table parsing has been initialized.
[    1.793203] GHES: APEI firmware first mode is enabled by APEI bit and WHEA _OSC.
[    1.793206] PCI: Using host bridge windows from ACPI; if necessary, use "pci=nocrs" and report a bug
[    1.823718] ACPI: Enabled 4 GPEs in block 00 to 7F
[    1.953900] ACPI: PCI Root Bridge [PC00] (domain 0000 [bus 00-15])
[    1.953907] acpi PNP0A08:00: _OSC: OS supports [ExtendedConfig ASPM ClockPM Segments MSI HPX-Type3]
[    2.022763] acpi PNP0A08:00: _OSC: platform does not support [SHPCHotplug AER LTR]
[    2.022995] acpi PNP0A08:00: _OSC: OS now controls [PCIeHotplug PME PCIeCapability]
[    2.022997] acpi PNP0A08:00: FADT indicates ASPM is unsupported, using BIOS configuration
[    2.024926] PCI host bridge to bus 0000:00
[    2.024928] pci_bus 0000:00: root bus resource [io  0x0000-0x0cf7 window]
[    2.024931] pci_bus 0000:00: root bus resource [io  0x1000-0x4fff window]
[    2.024932] pci_bus 0000:00: root bus resource [mem 0x000a0000-0x000bffff window]
[    2.024934] pci_bus 0000:00: root bus resource [mem 0x000c8000-0x000cffff window]
[    2.024935] pci_bus 0000:00: root bus resource [mem 0xfe010000-0xfe010fff window]
[    2.024936] pci_bus 0000:00: root bus resource [mem 0x90000000-0x9b7fffff window]
[    2.024937] pci_bus 0000:00: root bus resource [mem 0x200000000000-0x20ffffffffff window]
[    2.024939] pci_bus 0000:00: root bus resource [bus 00-15]
[    2.024955] pci 0000:00:00.0: [8086:09a2] type 00 class 0x088000
[    2.025057] pci 0000:00:00.1: [8086:09a4] type 00 class 0x088000
[    2.025125] pci 0000:00:00.2: [8086:09a3] type 00 class 0x088000
[    2.025193] pci 0000:00:00.4: [8086:0998] type 00 class 0x060000
[    2.025262] pci 0000:00:02.0: [8086:09a6] type 00 class 0x088000
[    2.025270] pci 0000:00:02.0: reg 0x10: [mem 0x92dfc000-0x92dfdfff]
[    2.025346] pci 0000:00:02.1: [8086:09a7] type 00 class 0x088000
[    2.025355] pci 0000:00:02.1: reg 0x10: [mem 0x92d00000-0x92d7ffff]
[    2.025360] pci 0000:00:02.1: reg 0x14: [mem 0x92c80000-0x92cfffff]
[    2.025434] pci 0000:00:02.4: [8086:3456] type 00 class 0x130000
[    2.025444] pci 0000:00:02.4: reg 0x10: [mem 0x92a00000-0x92afffff 64bit]
[    2.025451] pci 0000:00:02.4: reg 0x18: [mem 0x92df0000-0x92df3fff 64bit]
[    2.025458] pci 0000:00:02.4: reg 0x20: [mem 0x92dc0000-0x92ddffff 64bit]
[    2.025537] pci 0000:00:11.0: [8086:a1ec] type 00 class 0xff0000
[    2.025539] pci 0000:00:11.0: device has non-compliant BARs; disabling IO/MEM decoding
[    2.025630] pci 0000:00:11.5: [8086:a1d2] type 00 class 0x010601
[    2.025643] pci 0000:00:11.5: reg 0x10: [mem 0x92dfa000-0x92dfbfff]
[    2.025651] pci 0000:00:11.5: reg 0x14: [mem 0x92e05000-0x92e050ff]
[    2.025658] pci 0000:00:11.5: reg 0x18: [io  0x2068-0x206f]
[    2.025666] pci 0000:00:11.5: reg 0x1c: [io  0x2074-0x2077]
[    2.025673] pci 0000:00:11.5: reg 0x20: [io  0x2040-0x205f]
[    2.025681] pci 0000:00:11.5: reg 0x24: [mem 0x92b80000-0x92bfffff]
[    2.025718] pci 0000:00:11.5: PME# supported from D3hot
[    2.025935] pci 0000:00:14.0: [8086:a1af] type 00 class 0x0c0330
[    2.025953] pci 0000:00:14.0: reg 0x10: [mem 0x92de0000-0x92deffff 64bit]
[    2.026016] pci 0000:00:14.0: PME# supported from D3hot D3cold
[    2.026250] pci 0000:00:14.2: [8086:a1b1] type 00 class 0x118000
[    2.026267] pci 0000:00:14.2: reg 0x10: [mem 0x92e02000-0x92e02fff 64bit]
[    2.026391] pci 0000:00:16.0: [8086:a1ba] type 00 class 0x078000
[    2.026414] pci 0000:00:16.0: reg 0x10: [mem 0x92e01000-0x92e01fff 64bit]
[    2.026497] pci 0000:00:16.0: PME# supported from D3hot
[    2.026560] pci 0000:00:16.1: [8086:a1bb] type 00 class 0x078000
[    2.026583] pci 0000:00:16.1: reg 0x10: [mem 0x92e00000-0x92e00fff 64bit]
[    2.026667] pci 0000:00:16.1: PME# supported from D3hot
[    2.026734] pci 0000:00:16.4: [8086:a1be] type 00 class 0x078000
[    2.026757] pci 0000:00:16.4: reg 0x10: [mem 0x92dff000-0x92dfffff 64bit]
[    2.026840] pci 0000:00:16.4: PME# supported from D3hot
[    2.026912] pci 0000:00:17.0: [8086:a182] type 00 class 0x010601
[    2.026925] pci 0000:00:17.0: reg 0x10: [mem 0x92df8000-0x92df9fff]
[    2.026932] pci 0000:00:17.0: reg 0x14: [mem 0x92e04000-0x92e040ff]
[    2.026940] pci 0000:00:17.0: reg 0x18: [io  0x2060-0x2067]
[    2.026947] pci 0000:00:17.0: reg 0x1c: [io  0x2070-0x2073]
[    2.026954] pci 0000:00:17.0: reg 0x20: [io  0x2020-0x203f]
[    2.026961] pci 0000:00:17.0: reg 0x24: [mem 0x92b00000-0x92b7ffff]
[    2.026998] pci 0000:00:17.0: PME# supported from D3hot
[    2.027211] pci 0000:00:1c.0: [8086:a190] type 01 class 0x060400
[    2.027354] pci 0000:00:1c.0: PME# supported from D0 D3hot D3cold
[    2.028031] pci 0000:00:1c.4: [8086:a194] type 01 class 0x060400
[    2.028100] pci 0000:00:1c.4: PME# supported from D0 D3hot D3cold
[    2.028739] pci 0000:00:1c.5: [8086:a195] type 01 class 0x060400
[    2.028810] pci 0000:00:1c.5: PME# supported from D0 D3hot D3cold
[    2.029454] pci 0000:00:1f.0: [8086:a1cb] type 00 class 0x060100
[    2.029755] pci 0000:00:1f.2: [8086:a1a1] type 00 class 0x058000
[    2.029770] pci 0000:00:1f.2: reg 0x10: [mem 0x92df4000-0x92df7fff]
[    2.030017] pci 0000:00:1f.4: [8086:a1a3] type 00 class 0x0c0500
[    2.030036] pci 0000:00:1f.4: reg 0x10: [mem 0x92dfe000-0x92dfe0ff 64bit]
[    2.030059] pci 0000:00:1f.4: reg 0x20: [io  0x2000-0x201f]
[    2.030126] pci 0000:00:1f.5: [8086:a1a4] type 00 class 0x0c8000
[    2.030141] pci 0000:00:1f.5: reg 0x10: [mem 0xfe010000-0xfe010fff]
[    2.030274] pci 0000:00:1c.0: PCI bridge to [bus 01]
[    2.030325] pci 0000:02:00.0: [1556:be00] type 01 class 0x060400
[    2.030497] pci 0000:00:1c.4: PCI bridge to [bus 02-03]
[    2.030501] pci 0000:00:1c.4:   bridge window [mem 0x92000000-0x928fffff]
[    2.030506] pci 0000:00:1c.4:   bridge window [mem 0x91000000-0x91ffffff 64bit pref]
[    2.030538] pci_bus 0000:03: extended config space not accessible
[    2.030555] pci 0000:03:00.0: [102b:0536] type 00 class 0x030000
[    2.030574] pci 0000:03:00.0: reg 0x10: [mem 0x91000000-0x91ffffff pref]
[    2.030585] pci 0000:03:00.0: reg 0x14: [mem 0x92808000-0x9280bfff]
[    2.030596] pci 0000:03:00.0: reg 0x18: [mem 0x92000000-0x927fffff]
[    2.030644] pci 0000:03:00.0: BAR 0: assigned to efifb
[    2.030652] pci 0000:03:00.0: Video device with shadowed ROM at [mem 0x000c0000-0x000dffff]
[    2.030754] pci 0000:02:00.0: PCI bridge to [bus 03]
[    2.030762] pci 0000:02:00.0:   bridge window [mem 0x92000000-0x928fffff]
[    2.030768] pci 0000:02:00.0:   bridge window [mem 0x91000000-0x91ffffff 64bit pref]
[    2.030838] pci 0000:04:00.0: [14e4:165f] type 00 class 0x020000
[    2.030862] pci 0000:04:00.0: reg 0x10: [mem 0x92930000-0x9293ffff 64bit pref]
[    2.030878] pci 0000:04:00.0: reg 0x18: [mem 0x92940000-0x9294ffff 64bit pref]
[    2.030894] pci 0000:04:00.0: reg 0x20: [mem 0x92950000-0x9295ffff 64bit pref]
[    2.030905] pci 0000:04:00.0: reg 0x30: [mem 0xfffc0000-0xffffffff pref]
[    2.030999] pci 0000:04:00.0: PME# supported from D0 D3hot D3cold
[    2.031053] pci 0000:04:00.0: 4.000 Gb/s available PCIe bandwidth, limited by 5.0 GT/s PCIe x1 link at 0000:00:1c.5 (capable of 8.000 Gb/s with 5.0 GT/s PCIe x2 link)
[    2.031621] pci 0000:04:00.1: [14e4:165f] type 00 class 0x020000
[    2.031645] pci 0000:04:00.1: reg 0x10: [mem 0x92900000-0x9290ffff 64bit pref]
[    2.031661] pci 0000:04:00.1: reg 0x18: [mem 0x92910000-0x9291ffff 64bit pref]
[    2.031677] pci 0000:04:00.1: reg 0x20: [mem 0x92920000-0x9292ffff 64bit pref]
[    2.031688] pci 0000:04:00.1: reg 0x30: [mem 0xfffc0000-0xffffffff pref]
[    2.031783] pci 0000:04:00.1: PME# supported from D0 D3hot D3cold
[    2.032364] pci 0000:00:1c.5: PCI bridge to [bus 04]
[    2.032372] pci 0000:00:1c.5:   bridge window [mem 0x92900000-0x929fffff 64bit pref]
[    2.032386] pci_bus 0000:00: on NUMA node 0
[    2.032984] ACPI: PCI Root Bridge [PC01] (domain 0000 [bus 16-2f])
[    2.032988] acpi PNP0A08:01: _OSC: OS supports [ExtendedConfig ASPM ClockPM Segments MSI HPX-Type3]
[    2.047805] acpi PNP0A08:01: _OSC: platform does not support [SHPCHotplug AER]
[    2.048025] acpi PNP0A08:01: _OSC: OS now controls [PCIeHotplug PME PCIeCapability LTR]
[    2.048026] acpi PNP0A08:01: FADT indicates ASPM is unsupported, using BIOS configuration
[    2.048161] PCI host bridge to bus 0000:16
[    2.048163] pci_bus 0000:16: root bus resource [io  0x5000-0x6fff window]
[    2.048164] pci_bus 0000:16: root bus resource [mem 0x9b800000-0xa63fffff window]
[    2.048165] pci_bus 0000:16: root bus resource [mem 0x210000000000-0x21ffffffffff window]
[    2.048167] pci_bus 0000:16: root bus resource [bus 16-2f]
[    2.048178] pci 0000:16:00.0: [8086:09a2] type 00 class 0x088000
[    2.048249] pci 0000:16:00.1: [8086:09a4] type 00 class 0x088000
[    2.048312] pci 0000:16:00.2: [8086:09a3] type 00 class 0x088000
[    2.048375] pci 0000:16:00.4: [8086:0998] type 00 class 0x060000
[    2.048449] pci 0000:16:02.0: [8086:347a] type 01 class 0x060400
[    2.048459] pci 0000:16:02.0: reg 0x10: [mem 0x21fffff00000-0x21fffff1ffff 64bit]
[    2.048498] pci 0000:16:02.0: PME# supported from D0 D3hot D3cold
[    2.049452] pci 0000:17:00.0: [1000:10e2] type 00 class 0x010400
[    2.049464] pci 0000:17:00.0: reg 0x10: [mem 0x9b800000-0x9b8fffff 64bit pref]
[    2.049473] pci 0000:17:00.0: reg 0x18: [mem 0x9b900000-0x9b9fffff 64bit pref]
[    2.049479] pci 0000:17:00.0: reg 0x20: [mem 0x9ba00000-0x9bafffff]
[    2.049485] pci 0000:17:00.0: reg 0x24: [io  0x5000-0x50ff]
[    2.049492] pci 0000:17:00.0: reg 0x30: [mem 0xfff00000-0xffffffff pref]
[    2.050613] pci 0000:17:00.0: supports D1 D2
[    2.050681] pci 0000:16:02.0: PCI bridge to [bus 17]
[    2.050683] pci 0000:16:02.0:   bridge window [io  0x5000-0x5fff]
[    2.050685] pci 0000:16:02.0:   bridge window [mem 0x9ba00000-0x9bafffff]
[    2.050688] pci 0000:16:02.0:   bridge window [mem 0x9b800000-0x9b9fffff 64bit pref]
[    2.050694] pci_bus 0000:16: on NUMA node 0
[    2.050774] ACPI: PCI Root Bridge [PC02] (domain 0000 [bus 30-49])
[    2.050778] acpi PNP0A08:02: _OSC: OS supports [ExtendedConfig ASPM ClockPM Segments MSI HPX-Type3]
[    2.065205] acpi PNP0A08:02: _OSC: platform does not support [SHPCHotplug AER]
[    2.065420] acpi PNP0A08:02: _OSC: OS now controls [PCIeHotplug PME PCIeCapability LTR]
[    2.065422] acpi PNP0A08:02: FADT indicates ASPM is unsupported, using BIOS configuration
[    2.065544] PCI host bridge to bus 0000:30
[    2.065545] pci_bus 0000:30: root bus resource [io  0x7000-0x8fff window]
[    2.065547] pci_bus 0000:30: root bus resource [mem 0xa6400000-0xb0ffffff window]
[    2.065549] pci_bus 0000:30: root bus resource [mem 0x220000000000-0x22ffffffffff window]
[    2.065550] pci_bus 0000:30: root bus resource [bus 30-49]
[    2.065560] pci 0000:30:00.0: [8086:09a2] type 00 class 0x088000
[    2.065627] pci 0000:30:00.1: [8086:09a4] type 00 class 0x088000
[    2.065689] pci 0000:30:00.2: [8086:09a3] type 00 class 0x088000
[    2.065751] pci 0000:30:00.4: [8086:0998] type 00 class 0x060000
[    2.065821] pci_bus 0000:30: on NUMA node 0
[    2.065928] ACPI: PCI Root Bridge [PC04] (domain 0000 [bus 4a-63])
[    2.065931] acpi PNP0A08:04: _OSC: OS supports [ExtendedConfig ASPM ClockPM Segments MSI HPX-Type3]
[    2.080345] acpi PNP0A08:04: _OSC: platform does not support [SHPCHotplug AER]
[    2.080557] acpi PNP0A08:04: _OSC: OS now controls [PCIeHotplug PME PCIeCapability LTR]
[    2.080558] acpi PNP0A08:04: FADT indicates ASPM is unsupported, using BIOS configuration
[    2.080680] PCI host bridge to bus 0000:4a
[    2.080681] pci_bus 0000:4a: root bus resource [io  0x9000-0x9fff window]
[    2.080683] pci_bus 0000:4a: root bus resource [mem 0xb1000000-0xbbbfffff window]
[    2.080684] pci_bus 0000:4a: root bus resource [mem 0x230000000000-0x23ffffffffff window]
[    2.080685] pci_bus 0000:4a: root bus resource [bus 4a-63]
[    2.080694] pci 0000:4a:00.0: [8086:09a2] type 00 class 0x088000
[    2.080758] pci 0000:4a:00.1: [8086:09a4] type 00 class 0x088000
[    2.080824] pci 0000:4a:00.2: [8086:09a3] type 00 class 0x088000
[    2.080885] pci 0000:4a:00.4: [8086:0998] type 00 class 0x060000
[    2.080962] pci_bus 0000:4a: on NUMA node 0
[    2.081037] ACPI: PCI Root Bridge [PC05] (domain 0000 [bus 64-7d])
[    2.081039] acpi PNP0A08:05: _OSC: OS supports [ExtendedConfig ASPM ClockPM Segments MSI HPX-Type3]
[    2.095450] acpi PNP0A08:05: _OSC: platform does not support [SHPCHotplug AER]
[    2.095665] acpi PNP0A08:05: _OSC: OS now controls [PCIeHotplug PME PCIeCapability LTR]
[    2.095666] acpi PNP0A08:05: FADT indicates ASPM is unsupported, using BIOS configuration
[    2.095784] PCI host bridge to bus 0000:64
[    2.095786] pci_bus 0000:64: root bus resource [io  0xa000-0xafff window]
[    2.095787] pci_bus 0000:64: root bus resource [mem 0xbbc00000-0xc5ffffff window]
[    2.095788] pci_bus 0000:64: root bus resource [mem 0x240000000000-0x24ffffffffff window]
[    2.095790] pci_bus 0000:64: root bus resource [bus 64-7d]
[    2.095799] pci 0000:64:00.0: [8086:09a2] type 00 class 0x088000
[    2.095865] pci 0000:64:00.1: [8086:09a4] type 00 class 0x088000
[    2.095928] pci 0000:64:00.2: [8086:09a3] type 00 class 0x088000
[    2.095990] pci 0000:64:00.4: [8086:0998] type 00 class 0x060000
[    2.096059] pci_bus 0000:64: on NUMA node 0
[    2.096128] ACPI: PCI Root Bridge [UC06] (domain 0000 [bus 7e])
[    2.096130] acpi PNP0A03:00: _OSC: OS supports [ExtendedConfig ASPM ClockPM Segments MSI HPX-Type3]
[    2.096230] acpi PNP0A03:00: _OSC: platform does not support [SHPCHotplug AER LTR]
[    2.096412] acpi PNP0A03:00: _OSC: OS now controls [PCIeHotplug PME PCIeCapability]
[    2.096413] acpi PNP0A03:00: FADT indicates ASPM is unsupported, using BIOS configuration
[    2.096549] PCI host bridge to bus 0000:7e
[    2.096550] pci_bus 0000:7e: root bus resource [bus 7e]
[    2.096558] pci 0000:7e:00.0: [8086:3450] type 00 class 0x088000
[    2.096630] pci 0000:7e:00.1: [8086:3451] type 00 class 0x088000
[    2.096688] pci 0000:7e:00.2: [8086:3452] type 00 class 0x088000
[    2.096756] pci 0000:7e:00.3: [8086:0998] type 00 class 0x060000
[    2.096811] pci 0000:7e:00.5: [8086:3455] type 00 class 0x088000
[    2.096872] pci 0000:7e:02.0: [8086:3440] type 00 class 0x088000
[    2.096998] pci 0000:7e:02.1: [8086:3441] type 00 class 0x088000
[    2.097105] pci 0000:7e:02.2: [8086:3442] type 00 class 0x088000
[    2.097212] pci 0000:7e:03.0: [8086:3440] type 00 class 0x088000
[    2.097303] pci 0000:7e:03.1: [8086:3441] type 00 class 0x088000
[    2.097380] pci 0000:7e:03.2: [8086:3442] type 00 class 0x088000
[    2.097461] pci 0000:7e:04.0: [8086:3440] type 00 class 0x088000
[    2.097580] pci 0000:7e:04.1: [8086:3441] type 00 class 0x088000
[    2.097694] pci 0000:7e:04.2: [8086:3442] type 00 class 0x088000
[    2.097809] pci 0000:7e:04.3: [8086:3443] type 00 class 0x088000
[    2.097927] pci 0000:7e:05.0: [8086:3445] type 00 class 0x088000
[    2.098052] pci 0000:7e:05.1: [8086:3446] type 00 class 0x088000
[    2.098162] pci 0000:7e:05.2: [8086:3447] type 00 class 0x088000
[    2.098275] pci 0000:7e:06.0: [8086:3445] type 00 class 0x088000
[    2.098366] pci 0000:7e:06.1: [8086:3446] type 00 class 0x088000
[    2.098444] pci 0000:7e:06.2: [8086:3447] type 00 class 0x088000
[    2.098529] pci 0000:7e:07.0: [8086:3445] type 00 class 0x088000
[    2.098663] pci 0000:7e:07.1: [8086:3446] type 00 class 0x088000
[    2.098781] pci 0000:7e:07.2: [8086:3447] type 00 class 0x088000
[    2.098896] pci 0000:7e:0b.0: [8086:3448] type 00 class 0x088000
[    2.098974] pci 0000:7e:0b.1: [8086:3448] type 00 class 0x088000
[    2.099040] pci 0000:7e:0b.2: [8086:344b] type 00 class 0x088000
[    2.099108] pci 0000:7e:0c.0: [8086:344a] type 00 class 0x110100
[    2.099210] pci 0000:7e:0d.0: [8086:344a] type 00 class 0x110100
[    2.099311] pci 0000:7e:0e.0: [8086:344a] type 00 class 0x110100
[    2.099454] pci 0000:7e:0f.0: [8086:344a] type 00 class 0x110100
[    2.099609] pci 0000:7e:1a.0: [8086:2880] type 00 class 0x110100
[    2.099708] pci 0000:7e:1b.0: [8086:2880] type 00 class 0x110100
[    2.099806] pci 0000:7e:1c.0: [8086:2880] type 00 class 0x110100
[    2.099961] pci 0000:7e:1d.0: [8086:2880] type 00 class 0x110100
[    2.100107] pci_bus 0000:7e: on NUMA node 0
[    2.100193] ACPI: PCI Root Bridge [UC07] (domain 0000 [bus 7f])
[    2.100196] acpi PNP0A03:01: _OSC: OS supports [ExtendedConfig ASPM ClockPM Segments MSI HPX-Type3]
[    2.100295] acpi PNP0A03:01: _OSC: platform does not support [SHPCHotplug AER LTR]
[    2.100478] acpi PNP0A03:01: _OSC: OS now controls [PCIeHotplug PME PCIeCapability]
[    2.100479] acpi PNP0A03:01: FADT indicates ASPM is unsupported, using BIOS configuration
[    2.100625] PCI host bridge to bus 0000:7f
[    2.100626] pci_bus 0000:7f: root bus resource [bus 7f]
[    2.100639] pci 0000:7f:00.0: [8086:344c] type 00 class 0x088000
[    2.100755] pci 0000:7f:00.1: [8086:344c] type 00 class 0x088000
[    2.100864] pci 0000:7f:00.2: [8086:344c] type 00 class 0x088000
[    2.100974] pci 0000:7f:00.3: [8086:344c] type 00 class 0x088000
[    2.101063] pci 0000:7f:00.4: [8086:344c] type 00 class 0x088000
[    2.101183] pci 0000:7f:00.5: [8086:344c] type 00 class 0x088000
[    2.101297] pci 0000:7f:00.6: [8086:344c] type 00 class 0x088000
[    2.101379] pci 0000:7f:00.7: [8086:344c] type 00 class 0x088000
[    2.101460] pci 0000:7f:01.0: [8086:344c] type 00 class 0x088000
[    2.101601] pci 0000:7f:01.1: [8086:344c] type 00 class 0x088000
[    2.101720] pci 0000:7f:01.2: [8086:344c] type 00 class 0x088000
[    2.101798] pci 0000:7f:01.3: [8086:344c] type 00 class 0x088000
[    2.101929] pci 0000:7f:01.4: [8086:344c] type 00 class 0x088000
[    2.102060] pci 0000:7f:01.5: [8086:344c] type 00 class 0x088000
[    2.102196] pci 0000:7f:01.6: [8086:344c] type 00 class 0x088000
[    2.102320] pci 0000:7f:01.7: [8086:344c] type 00 class 0x088000
[    2.102448] pci 0000:7f:02.0: [8086:344c] type 00 class 0x088000
[    2.102591] pci 0000:7f:02.1: [8086:344c] type 00 class 0x088000
[    2.102722] pci 0000:7f:02.2: [8086:344c] type 00 class 0x088000
[    2.102853] pci 0000:7f:02.3: [8086:344c] type 00 class 0x088000
[    2.102991] pci 0000:7f:02.4: [8086:344c] type 00 class 0x088000
[    2.103128] pci 0000:7f:02.5: [8086:344c] type 00 class 0x088000
[    2.103264] pci 0000:7f:02.6: [8086:344c] type 00 class 0x088000
[    2.103414] pci 0000:7f:02.7: [8086:344c] type 00 class 0x088000
[    2.103561] pci 0000:7f:03.0: [8086:344c] type 00 class 0x088000
[    2.103720] pci 0000:7f:03.1: [8086:344c] type 00 class 0x088000
[    2.103871] pci 0000:7f:03.2: [8086:344c] type 00 class 0x088000
[    2.104019] pci 0000:7f:03.3: [8086:344c] type 00 class 0x088000
[    2.104177] pci 0000:7f:0a.0: [8086:344d] type 00 class 0x088000
[    2.104290] pci 0000:7f:0a.1: [8086:344d] type 00 class 0x088000
[    2.104399] pci 0000:7f:0a.2: [8086:344d] type 00 class 0x088000
[    2.104514] pci 0000:7f:0a.3: [8086:344d] type 00 class 0x088000
[    2.104608] pci 0000:7f:0a.4: [8086:344d] type 00 class 0x088000
[    2.104728] pci 0000:7f:0a.5: [8086:344d] type 00 class 0x088000
[    2.104842] pci 0000:7f:0a.6: [8086:344d] type 00 class 0x088000
[    2.104920] pci 0000:7f:0a.7: [8086:344d] type 00 class 0x088000
[    2.105002] pci 0000:7f:0b.0: [8086:344d] type 00 class 0x088000
[    2.105144] pci 0000:7f:0b.1: [8086:344d] type 00 class 0x088000
[    2.105262] pci 0000:7f:0b.2: [8086:344d] type 00 class 0x088000
[    2.105345] pci 0000:7f:0b.3: [8086:344d] type 00 class 0x088000
[    2.105475] pci 0000:7f:0b.4: [8086:344d] type 00 class 0x088000
[    2.105606] pci 0000:7f:0b.5: [8086:344d] type 00 class 0x088000
[    2.105742] pci 0000:7f:0b.6: [8086:344d] type 00 class 0x088000
[    2.105862] pci 0000:7f:0b.7: [8086:344d] type 00 class 0x088000
[    2.105989] pci 0000:7f:0c.0: [8086:344d] type 00 class 0x088000
[    2.106134] pci 0000:7f:0c.1: [8086:344d] type 00 class 0x088000
[    2.106266] pci 0000:7f:0c.2: [8086:344d] type 00 class 0x088000
[    2.106402] pci 0000:7f:0c.3: [8086:344d] type 00 class 0x088000
[    2.106540] pci 0000:7f:0c.4: [8086:344d] type 00 class 0x088000
[    2.106676] pci 0000:7f:0c.5: [8086:344d] type 00 class 0x088000
[    2.106813] pci 0000:7f:0c.6: [8086:344d] type 00 class 0x088000
[    2.106959] pci 0000:7f:0c.7: [8086:344d] type 00 class 0x088000
[    2.107105] pci 0000:7f:0d.0: [8086:344d] type 00 class 0x088000
[    2.107270] pci 0000:7f:0d.1: [8086:344d] type 00 class 0x088000
[    2.107419] pci 0000:7f:0d.2: [8086:344d] type 00 class 0x088000
[    2.107573] pci 0000:7f:0d.3: [8086:344d] type 00 class 0x088000
[    2.107743] pci 0000:7f:1d.0: [8086:344f] type 00 class 0x088000
[    2.107870] pci 0000:7f:1d.1: [8086:3457] type 00 class 0x088000
[    2.107975] pci 0000:7f:1e.0: [8086:3458] type 00 class 0x088000
[    2.108057] pci 0000:7f:1e.1: [8086:3459] type 00 class 0x088000
[    2.108119] pci 0000:7f:1e.2: [8086:345a] type 00 class 0x088000
[    2.108181] pci 0000:7f:1e.3: [8086:345b] type 00 class 0x088000
[    2.108244] pci 0000:7f:1e.4: [8086:345c] type 00 class 0x088000
[    2.108310] pci 0000:7f:1e.5: [8086:345d] type 00 class 0x088000
[    2.108371] pci 0000:7f:1e.6: [8086:345e] type 00 class 0x088000
[    2.108432] pci 0000:7f:1e.7: [8086:345f] type 00 class 0x088000
[    2.108490] pci_bus 0000:7f: on NUMA node 0
[    2.108597] ACPI: PCI Root Bridge [PC06] (domain 0000 [bus 80])
[    2.108600] acpi PNP0A08:06: _OSC: OS supports [ExtendedConfig ASPM ClockPM Segments MSI HPX-Type3]
[    2.123058] acpi PNP0A08:06: _OSC: platform does not support [SHPCHotplug AER]
[    2.123274] acpi PNP0A08:06: _OSC: OS now controls [PCIeHotplug PME PCIeCapability LTR]
[    2.123275] acpi PNP0A08:06: FADT indicates ASPM is unsupported, using BIOS configuration
[    2.123424] PCI host bridge to bus 0000:80
[    2.123425] pci_bus 0000:80: root bus resource [io  0xb000-0xbfff window]
[    2.123427] pci_bus 0000:80: root bus resource [mem 0xc6800000-0xd0ffffff window]
[    2.123428] pci_bus 0000:80: root bus resource [mem 0x250000000000-0x25ffffffffff window]
[    2.123429] pci_bus 0000:80: root bus resource [bus 80]
[    2.123440] pci 0000:80:00.0: [8086:09a2] type 00 class 0x088000
[    2.123527] pci 0000:80:00.1: [8086:09a4] type 00 class 0x088000
[    2.123596] pci 0000:80:00.2: [8086:09a3] type 00 class 0x088000
[    2.123665] pci 0000:80:00.4: [8086:0998] type 00 class 0x060000
[    2.123736] pci 0000:80:02.0: [8086:09a6] type 00 class 0x088000
[    2.123745] pci 0000:80:02.0: reg 0x10: [mem 0xc6aa4000-0xc6aa5fff]
[    2.123809] pci 0000:80:02.1: [8086:09a7] type 00 class 0x088000
[    2.123818] pci 0000:80:02.1: reg 0x10: [mem 0xc6a00000-0xc6a7ffff]
[    2.123824] pci 0000:80:02.1: reg 0x14: [mem 0xc6980000-0xc69fffff]
[    2.123879] pci 0000:80:02.4: [8086:3456] type 00 class 0x130000
[    2.123889] pci 0000:80:02.4: reg 0x10: [mem 0xc6800000-0xc68fffff 64bit]
[    2.123897] pci 0000:80:02.4: reg 0x18: [mem 0xc6aa0000-0xc6aa3fff 64bit]
[    2.123904] pci 0000:80:02.4: reg 0x20: [mem 0xc6a80000-0xc6a9ffff 64bit]
[    2.123970] pci_bus 0000:80: on NUMA node 1
[    2.124052] ACPI: PCI Root Bridge [PC07] (domain 0000 [bus 81])
[    2.124054] acpi PNP0A08:07: _OSC: OS supports [ExtendedConfig ASPM ClockPM Segments MSI HPX-Type3]
[    2.138483] acpi PNP0A08:07: _OSC: platform does not support [SHPCHotplug AER]
[    2.138695] acpi PNP0A08:07: _OSC: OS now controls [PCIeHotplug PME PCIeCapability LTR]
[    2.138696] acpi PNP0A08:07: FADT indicates ASPM is unsupported, using BIOS configuration
[    2.138816] PCI host bridge to bus 0000:81
[    2.138817] pci_bus 0000:81: root bus resource [io  0xc000-0xcfff window]
[    2.138818] pci_bus 0000:81: root bus resource [mem 0xd1000000-0xdbbfffff window]
[    2.138820] pci_bus 0000:81: root bus resource [mem 0x260000000000-0x26ffffffffff window]
[    2.138821] pci_bus 0000:81: root bus resource [bus 81]
[    2.138831] pci 0000:81:00.0: [8086:09a2] type 00 class 0x088000
[    2.138899] pci 0000:81:00.1: [8086:09a4] type 00 class 0x088000
[    2.138966] pci 0000:81:00.2: [8086:09a3] type 00 class 0x088000
[    2.139035] pci 0000:81:00.4: [8086:0998] type 00 class 0x060000
[    2.139112] pci_bus 0000:81: on NUMA node 1
[    2.139186] ACPI: PCI Root Bridge [PC08] (domain 0000 [bus 82])
[    2.139189] acpi PNP0A08:08: _OSC: OS supports [ExtendedConfig ASPM ClockPM Segments MSI HPX-Type3]
[    2.153599] acpi PNP0A08:08: _OSC: platform does not support [SHPCHotplug AER]
[    2.153812] acpi PNP0A08:08: _OSC: OS now controls [PCIeHotplug PME PCIeCapability LTR]
[    2.153813] acpi PNP0A08:08: FADT indicates ASPM is unsupported, using BIOS configuration
[    2.153931] PCI host bridge to bus 0000:82
[    2.153933] pci_bus 0000:82: root bus resource [io  0xd000-0xdfff window]
[    2.153934] pci_bus 0000:82: root bus resource [mem 0xdbc00000-0xe67fffff window]
[    2.153936] pci_bus 0000:82: root bus resource [mem 0x270000000000-0x27ffffffffff window]
[    2.153938] pci_bus 0000:82: root bus resource [bus 82]
[    2.153948] pci 0000:82:00.0: [8086:09a2] type 00 class 0x088000
[    2.154019] pci 0000:82:00.1: [8086:09a4] type 00 class 0x088000
[    2.154091] pci 0000:82:00.2: [8086:09a3] type 00 class 0x088000
[    2.154160] pci 0000:82:00.4: [8086:0998] type 00 class 0x060000
[    2.154237] pci_bus 0000:82: on NUMA node 1
[    2.154342] ACPI: PCI Root Bridge [PC10] (domain 0000 [bus 83-f9])
[    2.154345] acpi PNP0A08:0a: _OSC: OS supports [ExtendedConfig ASPM ClockPM Segments MSI HPX-Type3]
[    2.168799] acpi PNP0A08:0a: _OSC: platform does not support [SHPCHotplug AER]
[    2.169011] acpi PNP0A08:0a: _OSC: OS now controls [PCIeHotplug PME PCIeCapability LTR]
[    2.169012] acpi PNP0A08:0a: FADT indicates ASPM is unsupported, using BIOS configuration
[    2.169141] PCI host bridge to bus 0000:83
[    2.169142] pci_bus 0000:83: root bus resource [io  0xe000-0xefff window]
[    2.169144] pci_bus 0000:83: root bus resource [mem 0xe6800000-0xf13fffff window]
[    2.169145] pci_bus 0000:83: root bus resource [mem 0x280000000000-0x28ffffffffff window]
[    2.169146] pci_bus 0000:83: root bus resource [bus 83-f9]
[    2.169157] pci 0000:83:00.0: [8086:09a2] type 00 class 0x088000
[    2.169226] pci 0000:83:00.1: [8086:09a4] type 00 class 0x088000
[    2.169293] pci 0000:83:00.2: [8086:09a3] type 00 class 0x088000
[    2.169363] pci 0000:83:00.4: [8086:0998] type 00 class 0x060000
[    2.169440] pci_bus 0000:83: on NUMA node 1
[    2.169517] ACPI: PCI Root Bridge [PC11] (domain 0000 [bus fa])
[    2.169520] acpi PNP0A08:0b: _OSC: OS supports [ExtendedConfig ASPM ClockPM Segments MSI HPX-Type3]
[    2.183964] acpi PNP0A08:0b: _OSC: platform does not support [SHPCHotplug AER]
[    2.184176] acpi PNP0A08:0b: _OSC: OS now controls [PCIeHotplug PME PCIeCapability LTR]
[    2.184177] acpi PNP0A08:0b: FADT indicates ASPM is unsupported, using BIOS configuration
[    2.184296] PCI host bridge to bus 0000:fa
[    2.184297] pci_bus 0000:fa: root bus resource [io  0xf000-0xffff window]
[    2.184298] pci_bus 0000:fa: root bus resource [mem 0xf1400000-0xfb7fffff window]
[    2.184299] pci_bus 0000:fa: root bus resource [mem 0x290000000000-0x29ffffffffff window]
[    2.184301] pci_bus 0000:fa: root bus resource [bus fa]
[    2.184311] pci 0000:fa:00.0: [8086:09a2] type 00 class 0x088000
[    2.184380] pci 0000:fa:00.1: [8086:09a4] type 00 class 0x088000
[    2.184452] pci 0000:fa:00.2: [8086:09a3] type 00 class 0x088000
[    2.184521] pci 0000:fa:00.4: [8086:0998] type 00 class 0x060000
[    2.184600] pci_bus 0000:fa: on NUMA node 1
[    2.184668] ACPI: PCI Root Bridge [UC16] (domain 0000 [bus fe])
[    2.184671] acpi PNP0A03:02: _OSC: OS supports [ExtendedConfig ASPM ClockPM Segments MSI HPX-Type3]
[    2.184769] acpi PNP0A03:02: _OSC: platform does not support [SHPCHotplug AER LTR]
[    2.184952] acpi PNP0A03:02: _OSC: OS now controls [PCIeHotplug PME PCIeCapability]
[    2.184953] acpi PNP0A03:02: FADT indicates ASPM is unsupported, using BIOS configuration
[    2.185086] PCI host bridge to bus 0000:fe
[    2.185087] pci_bus 0000:fe: root bus resource [bus fe]
[    2.185096] pci 0000:fe:00.0: [8086:3450] type 00 class 0x088000
[    2.185171] pci 0000:fe:00.1: [8086:3451] type 00 class 0x088000
[    2.185230] pci 0000:fe:00.2: [8086:3452] type 00 class 0x088000
[    2.185288] pci 0000:fe:00.3: [8086:0998] type 00 class 0x060000
[    2.185348] pci 0000:fe:00.5: [8086:3455] type 00 class 0x088000
[    2.185414] pci 0000:fe:02.0: [8086:3440] type 00 class 0x088000
[    2.185553] pci 0000:fe:02.1: [8086:3441] type 00 class 0x088000
[    2.185666] pci 0000:fe:02.2: [8086:3442] type 00 class 0x088000
[    2.185777] pci 0000:fe:03.0: [8086:3440] type 00 class 0x088000
[    2.185874] pci 0000:fe:03.1: [8086:3441] type 00 class 0x088000
[    2.185954] pci 0000:fe:03.2: [8086:3442] type 00 class 0x088000
[    2.186040] pci 0000:fe:04.0: [8086:3440] type 00 class 0x088000
[    2.186164] pci 0000:fe:04.1: [8086:3441] type 00 class 0x088000
[    2.186285] pci 0000:fe:04.2: [8086:3442] type 00 class 0x088000
[    2.186411] pci 0000:fe:04.3: [8086:3443] type 00 class 0x088000
[    2.186541] pci 0000:fe:05.0: [8086:3445] type 00 class 0x088000
[    2.186673] pci 0000:fe:05.1: [8086:3446] type 00 class 0x088000
[    2.186790] pci 0000:fe:05.2: [8086:3447] type 00 class 0x088000
[    2.186904] pci 0000:fe:06.0: [8086:3445] type 00 class 0x088000
[    2.187002] pci 0000:fe:06.1: [8086:3446] type 00 class 0x088000
[    2.187084] pci 0000:fe:06.2: [8086:3447] type 00 class 0x088000
[    2.187175] pci 0000:fe:07.0: [8086:3445] type 00 class 0x088000
[    2.187319] pci 0000:fe:07.1: [8086:3446] type 00 class 0x088000
[    2.187440] pci 0000:fe:07.2: [8086:3447] type 00 class 0x088000
[    2.187562] pci 0000:fe:0b.0: [8086:3448] type 00 class 0x088000
[    2.187644] pci 0000:fe:0b.1: [8086:3448] type 00 class 0x088000
[    2.187709] pci 0000:fe:0b.2: [8086:344b] type 00 class 0x088000
[    2.187781] pci 0000:fe:0c.0: [8086:344a] type 00 class 0x110100
[    2.187889] pci 0000:fe:0d.0: [8086:344a] type 00 class 0x110100
[    2.187993] pci 0000:fe:0e.0: [8086:344a] type 00 class 0x110100
[    2.188146] pci 0000:fe:0f.0: [8086:344a] type 00 class 0x110100
[    2.188306] pci 0000:fe:1a.0: [8086:2880] type 00 class 0x110100
[    2.188411] pci 0000:fe:1b.0: [8086:2880] type 00 class 0x110100
[    2.188514] pci 0000:fe:1c.0: [8086:2880] type 00 class 0x110100
[    2.188670] pci 0000:fe:1d.0: [8086:2880] type 00 class 0x110100
[    2.188822] pci_bus 0000:fe: on NUMA node 1
[    2.188904] ACPI: PCI Root Bridge [UC17] (domain 0000 [bus ff])
[    2.188907] acpi PNP0A03:03: _OSC: OS supports [ExtendedConfig ASPM ClockPM Segments MSI HPX-Type3]
[    2.189009] acpi PNP0A03:03: _OSC: platform does not support [SHPCHotplug AER LTR]
[    2.189192] acpi PNP0A03:03: _OSC: OS now controls [PCIeHotplug PME PCIeCapability]
[    2.189193] acpi PNP0A03:03: FADT indicates ASPM is unsupported, using BIOS configuration
[    2.189341] PCI host bridge to bus 0000:ff
[    2.189342] pci_bus 0000:ff: root bus resource [bus ff]
[    2.189356] pci 0000:ff:00.0: [8086:344c] type 00 class 0x088000
[    2.189476] pci 0000:ff:00.1: [8086:344c] type 00 class 0x088000
[    2.189589] pci 0000:ff:00.2: [8086:344c] type 00 class 0x088000
[    2.189691] pci 0000:ff:00.3: [8086:344c] type 00 class 0x088000
[    2.189810] pci 0000:ff:00.4: [8086:344c] type 00 class 0x088000
[    2.189927] pci 0000:ff:00.5: [8086:344c] type 00 class 0x088000
[    2.190022] pci 0000:ff:00.6: [8086:344c] type 00 class 0x088000
[    2.190148] pci 0000:ff:00.7: [8086:344c] type 00 class 0x088000
[    2.190274] pci 0000:ff:01.0: [8086:344c] type 00 class 0x088000
[    2.190420] pci 0000:ff:01.1: [8086:344c] type 00 class 0x088000
[    2.190544] pci 0000:ff:01.2: [8086:344c] type 00 class 0x088000
[    2.190634] pci 0000:ff:01.3: [8086:344c] type 00 class 0x088000
[    2.190772] pci 0000:ff:01.4: [8086:344c] type 00 class 0x088000
[    2.190908] pci 0000:ff:01.5: [8086:344c] type 00 class 0x088000
[    2.191048] pci 0000:ff:01.6: [8086:344c] type 00 class 0x088000
[    2.191174] pci 0000:ff:01.7: [8086:344c] type 00 class 0x088000
[    2.191307] pci 0000:ff:02.0: [8086:344c] type 00 class 0x088000
[    2.191461] pci 0000:ff:02.1: [8086:344c] type 00 class 0x088000
[    2.191593] pci 0000:ff:02.2: [8086:344c] type 00 class 0x088000
[    2.191737] pci 0000:ff:02.3: [8086:344c] type 00 class 0x088000
[    2.191873] pci 0000:ff:02.4: [8086:344c] type 00 class 0x088000
[    2.192009] pci 0000:ff:02.5: [8086:344c] type 00 class 0x088000
[    2.192153] pci 0000:ff:02.6: [8086:344c] type 00 class 0x088000
[    2.192296] pci 0000:ff:02.7: [8086:344c] type 00 class 0x088000
[    2.192448] pci 0000:ff:03.0: [8086:344c] type 00 class 0x088000
[    2.192614] pci 0000:ff:03.1: [8086:344c] type 00 class 0x088000
[    2.192763] pci 0000:ff:03.2: [8086:344c] type 00 class 0x088000
[    2.192928] pci 0000:ff:03.3: [8086:344c] type 00 class 0x088000
[    2.193093] pci 0000:ff:0a.0: [8086:344d] type 00 class 0x088000
[    2.193211] pci 0000:ff:0a.1: [8086:344d] type 00 class 0x088000
[    2.193324] pci 0000:ff:0a.2: [8086:344d] type 00 class 0x088000
[    2.193422] pci 0000:ff:0a.3: [8086:344d] type 00 class 0x088000
[    2.193541] pci 0000:ff:0a.4: [8086:344d] type 00 class 0x088000
[    2.193658] pci 0000:ff:0a.5: [8086:344d] type 00 class 0x088000
[    2.193753] pci 0000:ff:0a.6: [8086:344d] type 00 class 0x088000
[    2.193883] pci 0000:ff:0a.7: [8086:344d] type 00 class 0x088000
[    2.194010] pci 0000:ff:0b.0: [8086:344d] type 00 class 0x088000
[    2.194156] pci 0000:ff:0b.1: [8086:344d] type 00 class 0x088000
[    2.194280] pci 0000:ff:0b.2: [8086:344d] type 00 class 0x088000
[    2.194364] pci 0000:ff:0b.3: [8086:344d] type 00 class 0x088000
[    2.194501] pci 0000:ff:0b.4: [8086:344d] type 00 class 0x088000
[    2.194638] pci 0000:ff:0b.5: [8086:344d] type 00 class 0x088000
[    2.194778] pci 0000:ff:0b.6: [8086:344d] type 00 class 0x088000
[    2.194910] pci 0000:ff:0b.7: [8086:344d] type 00 class 0x088000
[    2.195042] pci 0000:ff:0c.0: [8086:344d] type 00 class 0x088000
[    2.195191] pci 0000:ff:0c.1: [8086:344d] type 00 class 0x088000
[    2.195322] pci 0000:ff:0c.2: [8086:344d] type 00 class 0x088000
[    2.195460] pci 0000:ff:0c.3: [8086:344d] type 00 class 0x088000
[    2.195597] pci 0000:ff:0c.4: [8086:344d] type 00 class 0x088000
[    2.195734] pci 0000:ff:0c.5: [8086:344d] type 00 class 0x088000
[    2.195878] pci 0000:ff:0c.6: [8086:344d] type 00 class 0x088000
[    2.196026] pci 0000:ff:0c.7: [8086:344d] type 00 class 0x088000
[    2.196179] pci 0000:ff:0d.0: [8086:344d] type 00 class 0x088000
[    2.196349] pci 0000:ff:0d.1: [8086:344d] type 00 class 0x088000
[    2.196504] pci 0000:ff:0d.2: [8086:344d] type 00 class 0x088000
[    2.196663] pci 0000:ff:0d.3: [8086:344d] type 00 class 0x088000
[    2.196841] pci 0000:ff:1d.0: [8086:344f] type 00 class 0x088000
[    2.196968] pci 0000:ff:1d.1: [8086:3457] type 00 class 0x088000
[    2.197079] pci 0000:ff:1e.0: [8086:3458] type 00 class 0x088000
[    2.197165] pci 0000:ff:1e.1: [8086:3459] type 00 class 0x088000
[    2.197231] pci 0000:ff:1e.2: [8086:345a] type 00 class 0x088000
[    2.197296] pci 0000:ff:1e.3: [8086:345b] type 00 class 0x088000
[    2.197359] pci 0000:ff:1e.4: [8086:345c] type 00 class 0x088000
[    2.197423] pci 0000:ff:1e.5: [8086:345d] type 00 class 0x088000
[    2.197487] pci 0000:ff:1e.6: [8086:345e] type 00 class 0x088000
[    2.197552] pci 0000:ff:1e.7: [8086:345f] type 00 class 0x088000
[    2.197614] pci_bus 0000:ff: on NUMA node 1
[    2.199275] iommu: Default domain type: Translated 
[    2.199275] iommu: DMA domain TLB invalidation policy: lazy mode 
[    2.199456] SCSI subsystem initialized
[    2.199496] libata version 3.00 loaded.
[    2.199496] ACPI: bus type USB registered
[    2.199496] usbcore: registered new interface driver usbfs
[    2.199496] usbcore: registered new interface driver hub
[    2.199496] usbcore: registered new device driver usb
[    2.199496] pps_core: LinuxPPS API ver. 1 registered
[    2.199496] pps_core: Software ver. 5.3.6 - Copyright 2005-2007 Rodolfo Giometti <giometti@linux.it>
[    2.199496] PTP clock support registered
[    2.199496] EDAC MC: Ver: 3.0.0
[    2.203286] Registered efivars operations
[    2.203437] NetLabel: Initializing
[    2.203438] NetLabel:  domain hash size = 128
[    2.203439] NetLabel:  protocols = UNLABELED CIPSOv4 CALIPSO
[    2.203460] NetLabel:  unlabeled traffic allowed by default
[    2.203474] PCI: Using ACPI for IRQ routing
[    2.203610] PCI: pci_cache_line_size set to 64 bytes
[    2.204167] e820: reserve RAM buffer [mem 0x0008f000-0x0008ffff]
[    2.204169] e820: reserve RAM buffer [mem 0x46cc4020-0x47ffffff]
[    2.204170] e820: reserve RAM buffer [mem 0x46cf6020-0x47ffffff]
[    2.204171] e820: reserve RAM buffer [mem 0x46d29020-0x47ffffff]
[    2.204172] e820: reserve RAM buffer [mem 0x46d5c020-0x47ffffff]
[    2.204173] e820: reserve RAM buffer [mem 0x49e77000-0x4bffffff]
[    2.204174] e820: reserve RAM buffer [mem 0x4b2cf000-0x4bffffff]
[    2.204175] e820: reserve RAM buffer [mem 0x4bd94000-0x4bffffff]
[    2.204176] e820: reserve RAM buffer [mem 0x4ce00000-0x4fffffff]
[    2.204177] e820: reserve RAM buffer [mem 0x5eefe000-0x5fffffff]
[    2.204178] e820: reserve RAM buffer [mem 0x6f800000-0x6fffffff]
[    2.207263] pci 0000:03:00.0: vgaarb: setting as boot VGA device
[    2.207266] pci 0000:03:00.0: vgaarb: bridge control possible
[    2.207266] pci 0000:03:00.0: vgaarb: VGA device added: decodes=io+mem,owns=io+mem,locks=none
[    2.207297] vgaarb: loaded
[    2.208540] hpet0: at MMIO 0xfed00000, IRQs 2, 8, 0, 0, 0, 0, 0, 0
[    2.208547] hpet0: 8 comparators, 64-bit 24.000000 MHz counter
[    2.211506] clocksource: Switched to clocksource tsc-early
[    2.220783] VFS: Disk quotas dquot_6.6.0
[    2.220818] VFS: Dquot-cache hash table entries: 512 (order 0, 4096 bytes)
[    2.220979] AppArmor: AppArmor Filesystem Enabled
[    2.220991] pnp: PnP ACPI init
[    2.237442] system 00:01: [io  0x0500-0x05fe] has been reserved
[    2.237445] system 00:01: [io  0x0400-0x041f] has been reserved
[    2.237447] system 00:01: [io  0x0600-0x061f] has been reserved
[    2.237448] system 00:01: [io  0x0ca0-0x0ca1] has been reserved
[    2.237450] system 00:01: [io  0x0ca4-0x0ca6] has been reserved
[    2.237452] system 00:01: [mem 0xff000000-0xffffffff] has been reserved
[    2.238055] system 00:04: [mem 0xfd000000-0xfdabffff] has been reserved
[    2.238057] system 00:04: [mem 0xfdad0000-0xfdadffff] has been reserved
[    2.238058] system 00:04: [mem 0xfdb00000-0xfdffffff] has been reserved
[    2.238060] system 00:04: [mem 0xfe000000-0xfe00ffff] has been reserved
[    2.238062] system 00:04: [mem 0xfe011000-0xfe01ffff] has been reserved
[    2.238064] system 00:04: [mem 0xfe036000-0xfe03bfff] has been reserved
[    2.238065] system 00:04: [mem 0xfe03d000-0xfe3fffff] has been reserved
[    2.238067] system 00:04: [mem 0xfe410000-0xfe7fffff] has been reserved
[    2.238390] system 00:05: [io  0x1000-0x10fe] has been reserved
[    2.239456] pnp: PnP ACPI: found 6 devices
[    2.245131] clocksource: acpi_pm: mask: 0xffffff max_cycles: 0xffffff, max_idle_ns: 2085701024 ns
[    2.245213] NET: Registered PF_INET protocol family
[    2.245541] IP idents hash table entries: 262144 (order: 9, 2097152 bytes, vmalloc)
[    2.247832] tcp_listen_portaddr_hash hash table entries: 65536 (order: 8, 1048576 bytes, vmalloc)
[    2.248560] TCP established hash table entries: 524288 (order: 10, 4194304 bytes, vmalloc hugepage)
[    2.249184] TCP bind hash table entries: 65536 (order: 8, 1048576 bytes, vmalloc)
[    2.249255] TCP: Hash tables configured (established 524288 bind 65536)
[    2.249701] UDP hash table entries: 65536 (order: 9, 2097152 bytes, vmalloc)
[    2.250191] UDP-Lite hash table entries: 65536 (order: 9, 2097152 bytes, vmalloc)
[    2.250500] NET: Registered PF_UNIX/PF_LOCAL protocol family
[    2.250507] NET: Registered PF_XDP protocol family
[    2.250515] pci 0000:04:00.0: can't claim BAR 6 [mem 0xfffc0000-0xffffffff pref]: no compatible bridge window
[    2.250518] pci 0000:04:00.1: can't claim BAR 6 [mem 0xfffc0000-0xffffffff pref]: no compatible bridge window
[    2.250520] pci 0000:17:00.0: can't claim BAR 6 [mem 0xfff00000-0xffffffff pref]: no compatible bridge window
[    2.250535] pci 0000:00:1c.5: BAR 14: assigned [mem 0x90000000-0x900fffff]
[    2.250538] pci 0000:00:1c.0: PCI bridge to [bus 01]
[    2.250548] pci 0000:02:00.0: PCI bridge to [bus 03]
[    2.250553] pci 0000:02:00.0:   bridge window [mem 0x92000000-0x928fffff]
[    2.250556] pci 0000:02:00.0:   bridge window [mem 0x91000000-0x91ffffff 64bit pref]
[    2.250563] pci 0000:00:1c.4: PCI bridge to [bus 02-03]
[    2.250567] pci 0000:00:1c.4:   bridge window [mem 0x92000000-0x928fffff]
[    2.250569] pci 0000:00:1c.4:   bridge window [mem 0x91000000-0x91ffffff 64bit pref]
[    2.250575] pci 0000:04:00.0: BAR 6: assigned [mem 0x90000000-0x9003ffff pref]
[    2.250577] pci 0000:04:00.1: BAR 6: assigned [mem 0x90040000-0x9007ffff pref]
[    2.250578] pci 0000:00:1c.5: PCI bridge to [bus 04]
[    2.250581] pci 0000:00:1c.5:   bridge window [mem 0x90000000-0x900fffff]
[    2.250584] pci 0000:00:1c.5:   bridge window [mem 0x92900000-0x929fffff 64bit pref]
[    2.250588] pci_bus 0000:00: resource 4 [io  0x0000-0x0cf7 window]
[    2.250590] pci_bus 0000:00: resource 5 [io  0x1000-0x4fff window]
[    2.250591] pci_bus 0000:00: resource 6 [mem 0x000a0000-0x000bffff window]
[    2.250592] pci_bus 0000:00: resource 7 [mem 0x000c8000-0x000cffff window]
[    2.250594] pci_bus 0000:00: resource 8 [mem 0xfe010000-0xfe010fff window]
[    2.250595] pci_bus 0000:00: resource 9 [mem 0x90000000-0x9b7fffff window]
[    2.250596] pci_bus 0000:00: resource 10 [mem 0x200000000000-0x20ffffffffff window]
[    2.250598] pci_bus 0000:02: resource 1 [mem 0x92000000-0x928fffff]
[    2.250599] pci_bus 0000:02: resource 2 [mem 0x91000000-0x91ffffff 64bit pref]
[    2.250601] pci_bus 0000:03: resource 1 [mem 0x92000000-0x928fffff]
[    2.250602] pci_bus 0000:03: resource 2 [mem 0x91000000-0x91ffffff 64bit pref]
[    2.250603] pci_bus 0000:04: resource 1 [mem 0x90000000-0x900fffff]
[    2.250604] pci_bus 0000:04: resource 2 [mem 0x92900000-0x929fffff 64bit pref]
[    2.250682] pci 0000:17:00.0: BAR 6: no space for [mem size 0x00100000 pref]
[    2.250684] pci 0000:17:00.0: BAR 6: failed to assign [mem size 0x00100000 pref]
[    2.250685] pci 0000:16:02.0: PCI bridge to [bus 17]
[    2.250687] pci 0000:16:02.0:   bridge window [io  0x5000-0x5fff]
[    2.250690] pci 0000:16:02.0:   bridge window [mem 0x9ba00000-0x9bafffff]
[    2.250692] pci 0000:16:02.0:   bridge window [mem 0x9b800000-0x9b9fffff 64bit pref]
[    2.250695] pci_bus 0000:16: resource 4 [io  0x5000-0x6fff window]
[    2.250696] pci_bus 0000:16: resource 5 [mem 0x9b800000-0xa63fffff window]
[    2.250698] pci_bus 0000:16: resource 6 [mem 0x210000000000-0x21ffffffffff window]
[    2.250699] pci_bus 0000:17: resource 0 [io  0x5000-0x5fff]
[    2.250700] pci_bus 0000:17: resource 1 [mem 0x9ba00000-0x9bafffff]
[    2.250701] pci_bus 0000:17: resource 2 [mem 0x9b800000-0x9b9fffff 64bit pref]
[    2.250708] pci_bus 0000:30: resource 4 [io  0x7000-0x8fff window]
[    2.250709] pci_bus 0000:30: resource 5 [mem 0xa6400000-0xb0ffffff window]
[    2.250710] pci_bus 0000:30: resource 6 [mem 0x220000000000-0x22ffffffffff window]
[    2.250717] pci_bus 0000:4a: resource 4 [io  0x9000-0x9fff window]
[    2.250718] pci_bus 0000:4a: resource 5 [mem 0xb1000000-0xbbbfffff window]
[    2.250720] pci_bus 0000:4a: resource 6 [mem 0x230000000000-0x23ffffffffff window]
[    2.250726] pci_bus 0000:64: resource 4 [io  0xa000-0xafff window]
[    2.250727] pci_bus 0000:64: resource 5 [mem 0xbbc00000-0xc5ffffff window]
[    2.250728] pci_bus 0000:64: resource 6 [mem 0x240000000000-0x24ffffffffff window]
