[    0.000000] Linux version 5.3.1-multiclock (xmu@xmu-PowerEdge-R750) (gcc version 7.5.0 (Ubuntu 7.5.0-3ubuntu1~18.04)) #1 SMP Wed Aug 9 20:46:02 CST 2023
[    0.000000] Command line: BOOT_IMAGE=/boot/vmlinuz-5.3.1-multiclock root=UUID=ce0c24b8-724b-4f33-9b2c-618433560aef ro memmap=26925!4096M memmap=59G!64G quiet splash nomodeset vt.handoff=1
[    0.000000] KERNEL supported cpus:
[    0.000000]   Intel GenuineIntel
[    0.000000]   AMD AuthenticAMD
[    0.000000]   Hygon HygonGenuine
[    0.000000]   Centaur CentaurHauls
[    0.000000]   zhaoxin   Shanghai  
[    0.000000] x86/fpu: Supporting XSAVE feature 0x001: 'x87 floating point registers'
[    0.000000] x86/fpu: Supporting XSAVE feature 0x002: 'SSE registers'
[    0.000000] x86/fpu: Supporting XSAVE feature 0x004: 'AVX registers'
[    0.000000] x86/fpu: Supporting XSAVE feature 0x020: 'AVX-512 opmask'
[    0.000000] x86/fpu: Supporting XSAVE feature 0x040: 'AVX-512 Hi256'
[    0.000000] x86/fpu: Supporting XSAVE feature 0x080: 'AVX-512 ZMM_Hi256'
[    0.000000] x86/fpu: Supporting XSAVE feature 0x200: 'Protection Keys User registers'
[    0.000000] x86/fpu: xstate_offset[2]:  576, xstate_sizes[2]:  256
[    0.000000] x86/fpu: xstate_offset[5]:  832, xstate_sizes[5]:   64
[    0.000000] x86/fpu: xstate_offset[6]:  896, xstate_sizes[6]:  512
[    0.000000] x86/fpu: xstate_offset[7]: 1408, xstate_sizes[7]: 1024
[    0.000000] x86/fpu: xstate_offset[9]: 2432, xstate_sizes[9]:    8
[    0.000000] x86/fpu: Enabled xstate features 0x2e7, context size is 2440 bytes, using 'compacted' format.
[    0.000000] BIOS-provided physical RAM map:
[    0.000000] BIOS-e820: [mem 0x0000000000000000-0x000000000008efff] usable
[    0.000000] BIOS-e820: [mem 0x000000000008f000-0x000000000008ffff] reserved
[    0.000000] BIOS-e820: [mem 0x0000000000090000-0x000000000009ffff] usable
[    0.000000] BIOS-e820: [mem 0x00000000000a0000-0x00000000000fffff] reserved
[    0.000000] BIOS-e820: [mem 0x0000000000100000-0x0000000049e76fff] usable
[    0.000000] BIOS-e820: [mem 0x0000000049e77000-0x000000004ae76fff] ACPI NVS
[    0.000000] BIOS-e820: [mem 0x000000004ae77000-0x000000004b2cefff] usable
[    0.000000] BIOS-e820: [mem 0x000000004b2cf000-0x000000004b54dfff] ACPI data
[    0.000000] BIOS-e820: [mem 0x000000004b54e000-0x000000004bd93fff] usable
[    0.000000] BIOS-e820: [mem 0x000000004bd94000-0x000000004be99fff] reserved
[    0.000000] BIOS-e820: [mem 0x000000004be9a000-0x000000004cdfffff] usable
[    0.000000] BIOS-e820: [mem 0x000000004ce00000-0x000000004cffffff] reserved
[    0.000000] BIOS-e820: [mem 0x000000004d000000-0x000000005eefdfff] usable
[    0.000000] BIOS-e820: [mem 0x000000005eefe000-0x000000006e3fefff] reserved
[    0.000000] BIOS-e820: [mem 0x000000006e3ff000-0x000000006f3fefff] ACPI NVS
[    0.000000] BIOS-e820: [mem 0x000000006f3ff000-0x000000006f7fefff] ACPI data
[    0.000000] BIOS-e820: [mem 0x000000006f7ff000-0x000000006f7fffff] usable
[    0.000000] BIOS-e820: [mem 0x000000006f800000-0x000000008fffffff] reserved
[    0.000000] BIOS-e820: [mem 0x00000000fe000000-0x00000000fe010fff] reserved
[    0.000000] BIOS-e820: [mem 0x0000000100000000-0x000000207fffffff] usable
[    0.000000] BIOS-e820: [mem 0x0000002080000000-0x0000011c7fffffff] persistent (type 7)
[    0.000000] BIOS-e820: [mem 0x00001ffc00000000-0x00001fffffffffff] reserved
[    0.000000] NX (Execute Disable) protection: active
[    0.000000] e820: update [mem 0x47c65020-0x47c6d05f] usable ==> usable
[    0.000000] e820: update [mem 0x47c65020-0x47c6d05f] usable ==> usable
[    0.000000] e820: update [mem 0x47c32020-0x47c64c5f] usable ==> usable
[    0.000000] e820: update [mem 0x47c32020-0x47c64c5f] usable ==> usable
[    0.000000] e820: update [mem 0x47bff020-0x47c31c5f] usable ==> usable
[    0.000000] e820: update [mem 0x47bff020-0x47c31c5f] usable ==> usable
[    0.000000] e820: update [mem 0x47bcd020-0x47bfea5f] usable ==> usable
[    0.000000] e820: update [mem 0x47bcd020-0x47bfea5f] usable ==> usable
[    0.000000] extended physical RAM map:
[    0.000000] reserve setup_data: [mem 0x0000000000000000-0x000000000008efff] usable
[    0.000000] reserve setup_data: [mem 0x000000000008f000-0x000000000008ffff] reserved
[    0.000000] reserve setup_data: [mem 0x0000000000090000-0x000000000009ffff] usable
[    0.000000] reserve setup_data: [mem 0x00000000000a0000-0x00000000000fffff] reserved
[    0.000000] reserve setup_data: [mem 0x0000000000100000-0x0000000047bcd01f] usable
[    0.000000] reserve setup_data: [mem 0x0000000047bcd020-0x0000000047bfea5f] usable
[    0.000000] reserve setup_data: [mem 0x0000000047bfea60-0x0000000047bff01f] usable
[    0.000000] reserve setup_data: [mem 0x0000000047bff020-0x0000000047c31c5f] usable
[    0.000000] reserve setup_data: [mem 0x0000000047c31c60-0x0000000047c3201f] usable
[    0.000000] reserve setup_data: [mem 0x0000000047c32020-0x0000000047c64c5f] usable
[    0.000000] reserve setup_data: [mem 0x0000000047c64c60-0x0000000047c6501f] usable
[    0.000000] reserve setup_data: [mem 0x0000000047c65020-0x0000000047c6d05f] usable
[    0.000000] reserve setup_data: [mem 0x0000000047c6d060-0x0000000049e76fff] usable
[    0.000000] reserve setup_data: [mem 0x0000000049e77000-0x000000004ae76fff] ACPI NVS
[    0.000000] reserve setup_data: [mem 0x000000004ae77000-0x000000004b2cefff] usable
[    0.000000] reserve setup_data: [mem 0x000000004b2cf000-0x000000004b54dfff] ACPI data
[    0.000000] reserve setup_data: [mem 0x000000004b54e000-0x000000004bd93fff] usable
[    0.000000] reserve setup_data: [mem 0x000000004bd94000-0x000000004be99fff] reserved
[    0.000000] reserve setup_data: [mem 0x000000004be9a000-0x000000004cdfffff] usable
[    0.000000] reserve setup_data: [mem 0x000000004ce00000-0x000000004cffffff] reserved
[    0.000000] reserve setup_data: [mem 0x000000004d000000-0x000000005eefdfff] usable
[    0.000000] reserve setup_data: [mem 0x000000005eefe000-0x000000006e3fefff] reserved
[    0.000000] reserve setup_data: [mem 0x000000006e3ff000-0x000000006f3fefff] ACPI NVS
[    0.000000] reserve setup_data: [mem 0x000000006f3ff000-0x000000006f7fefff] ACPI data
[    0.000000] reserve setup_data: [mem 0x000000006f7ff000-0x000000006f7fffff] usable
[    0.000000] reserve setup_data: [mem 0x000000006f800000-0x000000008fffffff] reserved
[    0.000000] reserve setup_data: [mem 0x00000000fe000000-0x00000000fe010fff] reserved
[    0.000000] reserve setup_data: [mem 0x0000000100000000-0x000000010000692c] persistent (type 12)
[    0.000000] reserve setup_data: [mem 0x000000010000692d-0x0000000fffffffff] usable
[    0.000000] reserve setup_data: [mem 0x0000001000000000-0x0000001ebfffffff] persistent (type 12)
[    0.000000] reserve setup_data: [mem 0x0000001ec0000000-0x000000207fffffff] usable
[    0.000000] reserve setup_data: [mem 0x0000002080000000-0x0000011c7fffffff] persistent (type 7)
[    0.000000] reserve setup_data: [mem 0x00001ffc00000000-0x00001fffffffffff] reserved
[    0.000000] user-defined physical RAM map:
[    0.000000] user: [mem 0x0000000000000000-0x000000000008efff] usable
[    0.000000] user: [mem 0x000000000008f000-0x000000000008ffff] reserved
[    0.000000] user: [mem 0x0000000000090000-0x000000000009ffff] usable
[    0.000000] user: [mem 0x00000000000a0000-0x00000000000fffff] reserved
[    0.000000] user: [mem 0x0000000000100000-0x0000000047bcd01f] usable
[    0.000000] user: [mem 0x0000000047bcd020-0x0000000047bfea5f] usable
[    0.000000] user: [mem 0x0000000047bfea60-0x0000000047bff01f] usable
[    0.000000] user: [mem 0x0000000047bff020-0x0000000047c31c5f] usable
[    0.000000] user: [mem 0x0000000047c31c60-0x0000000047c3201f] usable
[    0.000000] user: [mem 0x0000000047c32020-0x0000000047c64c5f] usable
[    0.000000] user: [mem 0x0000000047c64c60-0x0000000047c6501f] usable
[    0.000000] user: [mem 0x0000000047c65020-0x0000000047c6d05f] usable
[    0.000000] user: [mem 0x0000000047c6d060-0x0000000049e76fff] usable
[    0.000000] user: [mem 0x0000000049e77000-0x000000004ae76fff] ACPI NVS
[    0.000000] user: [mem 0x000000004ae77000-0x000000004b2cefff] usable
[    0.000000] user: [mem 0x000000004b2cf000-0x000000004b54dfff] ACPI data
[    0.000000] user: [mem 0x000000004b54e000-0x000000004bd93fff] usable
[    0.000000] user: [mem 0x000000004bd94000-0x000000004be99fff] reserved
[    0.000000] user: [mem 0x000000004be9a000-0x000000004cdfffff] usable
[    0.000000] user: [mem 0x000000004ce00000-0x000000004cffffff] reserved
[    0.000000] user: [mem 0x000000004d000000-0x000000005eefdfff] usable
[    0.000000] user: [mem 0x000000005eefe000-0x000000006e3fefff] reserved
[    0.000000] user: [mem 0x000000006e3ff000-0x000000006f3fefff] ACPI NVS
[    0.000000] user: [mem 0x000000006f3ff000-0x000000006f7fefff] ACPI data
[    0.000000] user: [mem 0x000000006f7ff000-0x000000006f7fffff] usable
[    0.000000] user: [mem 0x000000006f800000-0x000000008fffffff] reserved
[    0.000000] user: [mem 0x00000000fe000000-0x00000000fe010fff] reserved
[    0.000000] user: [mem 0x0000000100000000-0x000000010000692c] persistent (type 12)
[    0.000000] user: [mem 0x000000010000692d-0x0000000fffffffff] usable
[    0.000000] user: [mem 0x0000001000000000-0x0000001ebfffffff] persistent (type 12)
[    0.000000] user: [mem 0x0000001ec0000000-0x000000207fffffff] usable
[    0.000000] user: [mem 0x0000002080000000-0x0000011c7fffffff] persistent (type 7)
[    0.000000] user: [mem 0x00001ffc00000000-0x00001fffffffffff] reserved
[    0.000000] efi: EFI v2.70 by Dell Inc.
[    0.000000] efi:  ACPI=0x6f7fe000  ACPI 2.0=0x6f7fe014  MEMATTR=0x5a1f8020  SMBIOS=0x69526000  SMBIOS 3.0=0x69524000 
[    0.000000] SMBIOS 3.3.0 present.
[    0.000000] DMI: Dell Inc. PowerEdge R750/0K8F35, BIOS 1.10.2 03/03/2023
[    0.000000] tsc: Detected 2000.000 MHz processor
[    0.000008] e820: update [mem 0x00000000-0x00000fff] usable ==> reserved
[    0.000009] e820: remove [mem 0x000a0000-0x000fffff] usable
[    0.000017] last_pfn = 0x2080000 max_arch_pfn = 0x400000000
[    0.000020] MTRR default type: uncachable
[    0.000020] MTRR fixed ranges enabled:
[    0.000021]   00000-9FFFF write-back
[    0.000022]   A0000-BFFFF uncachable
[    0.000023]   C0000-FFFFF write-protect
[    0.000023] MTRR variable ranges enabled:
[    0.000025]   0 base 000000000000 mask 3E0000000000 write-back
[    0.000025]   1 base 000080000000 mask 3FFF80000000 uncachable
[    0.000026]   2 base 00007F000000 mask 3FFFFF000000 uncachable
[    0.000027]   3 disabled
[    0.000027]   4 disabled
[    0.000027]   5 disabled
[    0.000028]   6 disabled
[    0.000028]   7 disabled
[    0.000028]   8 disabled
[    0.000029]   9 disabled
[    0.000782] x86/PAT: Configuration [0-7]: WB  WC  UC- UC  WB  WP  UC- WT  
[    0.001835] total RAM covered: 2095088M
[    0.001919]  gran_size: 64K 	chunk_size: 64K 	num_reg: 10  	lose cover RAM: 2016G
[    0.001920]  gran_size: 64K 	chunk_size: 128K 	num_reg: 10  	lose cover RAM: 2016G
[    0.001921]  gran_size: 64K 	chunk_size: 256K 	num_reg: 10  	lose cover RAM: 2016G
[    0.001922]  gran_size: 64K 	chunk_size: 512K 	num_reg: 10  	lose cover RAM: 2016G
[    0.001923]  gran_size: 64K 	chunk_size: 1M 	num_reg: 10  	lose cover RAM: 2016G
[    0.001923]  gran_size: 64K 	chunk_size: 2M 	num_reg: 10  	lose cover RAM: 2016G
[    0.001924]  gran_size: 64K 	chunk_size: 4M 	num_reg: 10  	lose cover RAM: 2016G
[    0.001925]  gran_size: 64K 	chunk_size: 8M 	num_reg: 10  	lose cover RAM: 2016G
[    0.001925]  gran_size: 64K 	chunk_size: 16M 	num_reg: 10  	lose cover RAM: 2016G
[    0.001926]  gran_size: 64K 	chunk_size: 32M 	num_reg: 10  	lose cover RAM: 1024G
[    0.001927]  gran_size: 64K 	chunk_size: 64M 	num_reg: 10  	lose cover RAM: 1024G
[    0.001927]  gran_size: 64K 	chunk_size: 128M 	num_reg: 10  	lose cover RAM: 1024G
[    0.001928]  gran_size: 64K 	chunk_size: 256M 	num_reg: 10  	lose cover RAM: 1024G
[    0.001929]  gran_size: 64K 	chunk_size: 512M 	num_reg: 10  	lose cover RAM: 1024G
[    0.001930]  gran_size: 64K 	chunk_size: 1G 	num_reg: 10  	lose cover RAM: 1024G
[    0.001930]  gran_size: 64K 	chunk_size: 2G 	num_reg: 10  	lose cover RAM: 1024G
[    0.001931]  gran_size: 128K 	chunk_size: 128K 	num_reg: 10  	lose cover RAM: 2016G
[    0.001932]  gran_size: 128K 	chunk_size: 256K 	num_reg: 10  	lose cover RAM: 2016G
[    0.001932]  gran_size: 128K 	chunk_size: 512K 	num_reg: 10  	lose cover RAM: 2016G
[    0.001933]  gran_size: 128K 	chunk_size: 1M 	num_reg: 10  	lose cover RAM: 2016G
[    0.001934]  gran_size: 128K 	chunk_size: 2M 	num_reg: 10  	lose cover RAM: 2016G
[    0.001934]  gran_size: 128K 	chunk_size: 4M 	num_reg: 10  	lose cover RAM: 2016G
[    0.001935]  gran_size: 128K 	chunk_size: 8M 	num_reg: 10  	lose cover RAM: 2016G
[    0.001936]  gran_size: 128K 	chunk_size: 16M 	num_reg: 10  	lose cover RAM: 2016G
[    0.001936]  gran_size: 128K 	chunk_size: 32M 	num_reg: 10  	lose cover RAM: 1024G
[    0.001937]  gran_size: 128K 	chunk_size: 64M 	num_reg: 10  	lose cover RAM: 1024G
[    0.001938]  gran_size: 128K 	chunk_size: 128M 	num_reg: 10  	lose cover RAM: 1024G
[    0.001938]  gran_size: 128K 	chunk_size: 256M 	num_reg: 10  	lose cover RAM: 1024G
[    0.001939]  gran_size: 128K 	chunk_size: 512M 	num_reg: 10  	lose cover RAM: 1024G
[    0.001940]  gran_size: 128K 	chunk_size: 1G 	num_reg: 10  	lose cover RAM: 1024G
[    0.001940]  gran_size: 128K 	chunk_size: 2G 	num_reg: 10  	lose cover RAM: 1024G
[    0.001941]  gran_size: 256K 	chunk_size: 256K 	num_reg: 10  	lose cover RAM: 2016G
[    0.001942]  gran_size: 256K 	chunk_size: 512K 	num_reg: 10  	lose cover RAM: 2016G
[    0.001942]  gran_size: 256K 	chunk_size: 1M 	num_reg: 10  	lose cover RAM: 2016G
[    0.001943]  gran_size: 256K 	chunk_size: 2M 	num_reg: 10  	lose cover RAM: 2016G
[    0.001944]  gran_size: 256K 	chunk_size: 4M 	num_reg: 10  	lose cover RAM: 2016G
[    0.001944]  gran_size: 256K 	chunk_size: 8M 	num_reg: 10  	lose cover RAM: 2016G
[    0.001945]  gran_size: 256K 	chunk_size: 16M 	num_reg: 10  	lose cover RAM: 2016G
[    0.001946]  gran_size: 256K 	chunk_size: 32M 	num_reg: 10  	lose cover RAM: 1024G
[    0.001946]  gran_size: 256K 	chunk_size: 64M 	num_reg: 10  	lose cover RAM: 1024G
[    0.001947]  gran_size: 256K 	chunk_size: 128M 	num_reg: 10  	lose cover RAM: 1024G
[    0.001948]  gran_size: 256K 	chunk_size: 256M 	num_reg: 10  	lose cover RAM: 1024G
[    0.001949]  gran_size: 256K 	chunk_size: 512M 	num_reg: 10  	lose cover RAM: 1024G
[    0.001949]  gran_size: 256K 	chunk_size: 1G 	num_reg: 10  	lose cover RAM: 1024G
[    0.001950]  gran_size: 256K 	chunk_size: 2G 	num_reg: 10  	lose cover RAM: 1024G
[    0.001951]  gran_size: 512K 	chunk_size: 512K 	num_reg: 10  	lose cover RAM: 2016G
[    0.001951]  gran_size: 512K 	chunk_size: 1M 	num_reg: 10  	lose cover RAM: 2016G
[    0.001952]  gran_size: 512K 	chunk_size: 2M 	num_reg: 10  	lose cover RAM: 2016G
[    0.001953]  gran_size: 512K 	chunk_size: 4M 	num_reg: 10  	lose cover RAM: 2016G
[    0.001953]  gran_size: 512K 	chunk_size: 8M 	num_reg: 10  	lose cover RAM: 2016G
[    0.001954]  gran_size: 512K 	chunk_size: 16M 	num_reg: 10  	lose cover RAM: 2016G
[    0.001955]  gran_size: 512K 	chunk_size: 32M 	num_reg: 10  	lose cover RAM: 1024G
[    0.001955]  gran_size: 512K 	chunk_size: 64M 	num_reg: 10  	lose cover RAM: 1024G
[    0.001956]  gran_size: 512K 	chunk_size: 128M 	num_reg: 10  	lose cover RAM: 1024G
[    0.001957]  gran_size: 512K 	chunk_size: 256M 	num_reg: 10  	lose cover RAM: 1024G
[    0.001957]  gran_size: 512K 	chunk_size: 512M 	num_reg: 10  	lose cover RAM: 1024G
[    0.001958]  gran_size: 512K 	chunk_size: 1G 	num_reg: 10  	lose cover RAM: 1024G
[    0.001959]  gran_size: 512K 	chunk_size: 2G 	num_reg: 10  	lose cover RAM: 1024G
[    0.001960]  gran_size: 1M 	chunk_size: 1M 	num_reg: 10  	lose cover RAM: 2016G
[    0.001960]  gran_size: 1M 	chunk_size: 2M 	num_reg: 10  	lose cover RAM: 2016G
[    0.001961]  gran_size: 1M 	chunk_size: 4M 	num_reg: 10  	lose cover RAM: 2016G
[    0.001962]  gran_size: 1M 	chunk_size: 8M 	num_reg: 10  	lose cover RAM: 2016G
[    0.001962]  gran_size: 1M 	chunk_size: 16M 	num_reg: 10  	lose cover RAM: 2016G
[    0.001963]  gran_size: 1M 	chunk_size: 32M 	num_reg: 10  	lose cover RAM: 1024G
[    0.001964]  gran_size: 1M 	chunk_size: 64M 	num_reg: 10  	lose cover RAM: 1024G
[    0.001964]  gran_size: 1M 	chunk_size: 128M 	num_reg: 10  	lose cover RAM: 1024G
[    0.001965]  gran_size: 1M 	chunk_size: 256M 	num_reg: 10  	lose cover RAM: 1024G
[    0.001966]  gran_size: 1M 	chunk_size: 512M 	num_reg: 10  	lose cover RAM: 1024G
[    0.001966]  gran_size: 1M 	chunk_size: 1G 	num_reg: 10  	lose cover RAM: 1024G
[    0.001967]  gran_size: 1M 	chunk_size: 2G 	num_reg: 10  	lose cover RAM: 1024G
[    0.001968]  gran_size: 2M 	chunk_size: 2M 	num_reg: 10  	lose cover RAM: 2016G
[    0.001968]  gran_size: 2M 	chunk_size: 4M 	num_reg: 10  	lose cover RAM: 2016G
[    0.001969]  gran_size: 2M 	chunk_size: 8M 	num_reg: 10  	lose cover RAM: 2016G
[    0.001970]  gran_size: 2M 	chunk_size: 16M 	num_reg: 10  	lose cover RAM: 2016G
[    0.001970]  gran_size: 2M 	chunk_size: 32M 	num_reg: 10  	lose cover RAM: 1024G
[    0.001971]  gran_size: 2M 	chunk_size: 64M 	num_reg: 10  	lose cover RAM: 1024G
[    0.001972]  gran_size: 2M 	chunk_size: 128M 	num_reg: 10  	lose cover RAM: 1024G
[    0.001972]  gran_size: 2M 	chunk_size: 256M 	num_reg: 10  	lose cover RAM: 1024G
[    0.001973]  gran_size: 2M 	chunk_size: 512M 	num_reg: 10  	lose cover RAM: 1024G
[    0.001974]  gran_size: 2M 	chunk_size: 1G 	num_reg: 10  	lose cover RAM: 1024G
[    0.001975]  gran_size: 2M 	chunk_size: 2G 	num_reg: 10  	lose cover RAM: 1024G
[    0.001975]  gran_size: 4M 	chunk_size: 4M 	num_reg: 10  	lose cover RAM: 2016G
[    0.001976]  gran_size: 4M 	chunk_size: 8M 	num_reg: 10  	lose cover RAM: 2016G
[    0.001977]  gran_size: 4M 	chunk_size: 16M 	num_reg: 10  	lose cover RAM: 2016G
[    0.001977]  gran_size: 4M 	chunk_size: 32M 	num_reg: 10  	lose cover RAM: 1024G
[    0.001978]  gran_size: 4M 	chunk_size: 64M 	num_reg: 10  	lose cover RAM: 1024G
[    0.001979]  gran_size: 4M 	chunk_size: 128M 	num_reg: 10  	lose cover RAM: 1024G
[    0.001979]  gran_size: 4M 	chunk_size: 256M 	num_reg: 10  	lose cover RAM: 1024G
[    0.001980]  gran_size: 4M 	chunk_size: 512M 	num_reg: 10  	lose cover RAM: 1024G
[    0.001981]  gran_size: 4M 	chunk_size: 1G 	num_reg: 10  	lose cover RAM: 1024G
[    0.001981]  gran_size: 4M 	chunk_size: 2G 	num_reg: 10  	lose cover RAM: 1024G
[    0.001982]  gran_size: 8M 	chunk_size: 8M 	num_reg: 10  	lose cover RAM: 2016G
[    0.001983]  gran_size: 8M 	chunk_size: 16M 	num_reg: 10  	lose cover RAM: 2016G
[    0.001983]  gran_size: 8M 	chunk_size: 32M 	num_reg: 10  	lose cover RAM: 1024G
[    0.001984]  gran_size: 8M 	chunk_size: 64M 	num_reg: 10  	lose cover RAM: 1024G
[    0.001985]  gran_size: 8M 	chunk_size: 128M 	num_reg: 10  	lose cover RAM: 1024G
[    0.001985]  gran_size: 8M 	chunk_size: 256M 	num_reg: 10  	lose cover RAM: 1024G
[    0.001986]  gran_size: 8M 	chunk_size: 512M 	num_reg: 10  	lose cover RAM: 1024G
[    0.001987]  gran_size: 8M 	chunk_size: 1G 	num_reg: 10  	lose cover RAM: 1024G
[    0.001988]  gran_size: 8M 	chunk_size: 2G 	num_reg: 10  	lose cover RAM: 1024G
[    0.001988]  gran_size: 16M 	chunk_size: 16M 	num_reg: 10  	lose cover RAM: 2016G
[    0.001989]  gran_size: 16M 	chunk_size: 32M 	num_reg: 10  	lose cover RAM: 1024G
[    0.001990]  gran_size: 16M 	chunk_size: 64M 	num_reg: 10  	lose cover RAM: 1024G
[    0.001990]  gran_size: 16M 	chunk_size: 128M 	num_reg: 10  	lose cover RAM: 1024G
[    0.001991]  gran_size: 16M 	chunk_size: 256M 	num_reg: 10  	lose cover RAM: 1024G
[    0.001992]  gran_size: 16M 	chunk_size: 512M 	num_reg: 10  	lose cover RAM: 1024G
[    0.001992]  gran_size: 16M 	chunk_size: 1G 	num_reg: 10  	lose cover RAM: 1024G
[    0.001993]  gran_size: 16M 	chunk_size: 2G 	num_reg: 10  	lose cover RAM: 1024G
[    0.001994]  gran_size: 32M 	chunk_size: 32M 	num_reg: 10  	lose cover RAM: 2031632M
[    0.001995]  gran_size: 32M 	chunk_size: 64M 	num_reg: 10  	lose cover RAM: 1048592M
[    0.001995]  gran_size: 32M 	chunk_size: 128M 	num_reg: 10  	lose cover RAM: 1048592M
[    0.001996]  gran_size: 32M 	chunk_size: 256M 	num_reg: 10  	lose cover RAM: 1048592M
[    0.001997]  gran_size: 32M 	chunk_size: 512M 	num_reg: 10  	lose cover RAM: 1048592M
[    0.001997]  gran_size: 32M 	chunk_size: 1G 	num_reg: 10  	lose cover RAM: 1048592M
[    0.001998]  gran_size: 32M 	chunk_size: 2G 	num_reg: 10  	lose cover RAM: 1048592M
[    0.001999]  gran_size: 64M 	chunk_size: 64M 	num_reg: 10  	lose cover RAM: 1966128M
[    0.002000]  gran_size: 64M 	chunk_size: 128M 	num_reg: 10  	lose cover RAM: 1048624M
[    0.002000]  gran_size: 64M 	chunk_size: 256M 	num_reg: 10  	lose cover RAM: 1048624M
[    0.002001]  gran_size: 64M 	chunk_size: 512M 	num_reg: 10  	lose cover RAM: 1048624M
[    0.002002]  gran_size: 64M 	chunk_size: 1G 	num_reg: 10  	lose cover RAM: 1048624M
[    0.002002]  gran_size: 64M 	chunk_size: 2G 	num_reg: 10  	lose cover RAM: 1048624M
[    0.002003]  gran_size: 128M 	chunk_size: 128M 	num_reg: 10  	lose cover RAM: 1835120M
[    0.002004]  gran_size: 128M 	chunk_size: 256M 	num_reg: 10  	lose cover RAM: 1048688M
[    0.002004]  gran_size: 128M 	chunk_size: 512M 	num_reg: 10  	lose cover RAM: 1048688M
[    0.002005]  gran_size: 128M 	chunk_size: 1G 	num_reg: 10  	lose cover RAM: 1048688M
[    0.002006]  gran_size: 128M 	chunk_size: 2G 	num_reg: 10  	lose cover RAM: 1048688M
[    0.002006]  gran_size: 256M 	chunk_size: 256M 	num_reg: 10  	lose cover RAM: 1573104M
[    0.002007]  gran_size: 256M 	chunk_size: 512M 	num_reg: 10  	lose cover RAM: 1048816M
[    0.002008]  gran_size: 256M 	chunk_size: 1G 	num_reg: 10  	lose cover RAM: 1048816M
[    0.002009]  gran_size: 256M 	chunk_size: 2G 	num_reg: 10  	lose cover RAM: 1048816M
[    0.002009]  gran_size: 512M 	chunk_size: 512M 	num_reg: 10  	lose cover RAM: 1049072M
[    0.002010]  gran_size: 512M 	chunk_size: 1G 	num_reg: 10  	lose cover RAM: 1049072M
[    0.002011]  gran_size: 512M 	chunk_size: 2G 	num_reg: 10  	lose cover RAM: 1049072M
[    0.002011]  gran_size: 1G 	chunk_size: 1G 	num_reg: 10  	lose cover RAM: 1008M
[    0.002012]  gran_size: 1G 	chunk_size: 2G 	num_reg: 10  	lose cover RAM: 1008M
[    0.002013]  gran_size: 2G 	chunk_size: 2G 	num_reg: 9  	lose cover RAM: 2032M
[    0.002014] mtrr_cleanup: can not find optimal value
[    0.002014] please specify mtrr_gran_size/mtrr_chunk_size
[    0.002017] e820: update [mem 0x7f000000-0xffffffff] usable ==> reserved
[    0.002018] x2apic: enabled by BIOS, switching to x2apic ops
[    0.002019] last_pfn = 0x6f800 max_arch_pfn = 0x400000000
[    0.013425] check: Scanning 1 areas for low memory corruption
[    0.013429] Using GB pages for direct mapping
[    0.013430] BRK [0x643c01000, 0x643c01fff] PGTABLE
[    0.013432] BRK [0x643c02000, 0x643c02fff] PGTABLE
[    0.013432] BRK [0x643c03000, 0x643c03fff] PGTABLE
[    0.013450] BRK [0x643c04000, 0x643c04fff] PGTABLE
[    0.013451] BRK [0x643c05000, 0x643c05fff] PGTABLE
[    0.013647] BRK [0x643c06000, 0x643c06fff] PGTABLE
[    0.013687] BRK [0x643c07000, 0x643c07fff] PGTABLE
[    0.013772] BRK [0x643c08000, 0x643c08fff] PGTABLE
[    0.013847] BRK [0x643c09000, 0x643c09fff] PGTABLE
[    0.013922] BRK [0x643c0a000, 0x643c0afff] PGTABLE
[    0.013995] BRK [0x643c0b000, 0x643c0bfff] PGTABLE
[    0.014049] BRK [0x643c0c000, 0x643c0cfff] PGTABLE
[    0.014527] Secure boot disabled
[    0.014528] RAMDISK: [mem 0x2065920000-0x207fffffff]
[    0.014534] ACPI: Early table checksum verification disabled
[    0.014536] ACPI: RSDP 0x000000006F7FE014 000024 (v02 DELL  )
[    0.014539] ACPI: XSDT 0x000000006F41C188 0000F4 (v01 DELL   PE_SC3   00000000 DELL 01000013)
[    0.014544] ACPI: FACP 0x000000006F430000 000114 (v06 DELL   PE_SC3   00000000 DELL 00000001)
[    0.014548] ACPI: DSDT 0x000000004B4CE000 07FAD3 (v02 DELL   PE_SC3   00000003 DELL 00000001)
[    0.014551] ACPI: FACS 0x000000006F2F2000 000040
[    0.014553] ACPI: SSDT 0x000000006F7FB000 00159A (v02 INTEL  RAS_ACPI 00000001 INTL 20210331)
[    0.014556] ACPI: SSDT 0x000000006F7FA000 000745 (v02 INTEL  ADDRXLAT 00000001 INTL 20210331)
[    0.014559] ACPI: MCEJ 0x000000006F7F9000 000130 (v01 INTEL           00000001 INTL 0100000D)
[    0.014562] ACPI: BERT 0x000000006F7F8000 000030 (v01 DELL   PE_SC3   00000001 INTL 00000001)
[    0.014564] ACPI: ERST 0x000000006F7F7000 000230 (v01 DELL   PE_SC3   00000001 INTL 00000001)
[    0.014567] ACPI: SSDT 0x000000006F431000 3C524E (v02 INTEL  SSDTNVDR 00001000 INTL 20210331)
[    0.014570] ACPI: HMAT 0x000000006F42F000 000210 (v01 DELL   PE_SC3   00000001 DELL 00000001)
[    0.014572] ACPI: HPET 0x000000006F42E000 000038 (v01 DELL   PE_SC3   00000001 DELL 00000001)
[    0.014575] ACPI: MCFG 0x000000006F42D000 00003C (v01 DELL   PE_SC3   00000001 DELL 00000001)
[    0.014577] ACPI: MIGT 0x000000006F42C000 000040 (v01 DELL   PE_SC3   00000000 DELL 00000001)
[    0.014580] ACPI: MSCT 0x000000006F42B000 000090 (v01 DELL   PE_SC3   00000001 DELL 00000001)
[    0.014582] ACPI: PMTT 0x000000006F429000 0011E8 (v02 DELL   PE_SC3   00000001 DELL 00000001)
[    0.014585] ACPI: WSMT 0x000000006F428000 000028 (v01 DELL   PE_SC3   00000000 DELL 00000001)
[    0.014587] ACPI: APIC 0x000000006F427000 00075E (v04 DELL   PE_SC3   00000000 DELL 00000001)
[    0.014590] ACPI: SLIT 0x000000006F426000 00003C (v01 DELL   PE_SC3   00000001 DELL 01000013)
[    0.014592] ACPI: SRAT 0x000000006F41F000 006430 (v03 DELL   PE_SC3   00000002 DELL 01000013)
[    0.014595] ACPI: OEM4 0x000000004B346000 187A61 (v02 INTEL  CPU  CST 00003000 INTL 20210331)
[    0.014598] ACPI: SSDT 0x000000004B2CF000 0764A5 (v02 INTEL  SSDT  PM 00004000 INTL 20210331)
[    0.014600] ACPI: SSDT 0x000000006F41E000 000A1F (v02 DELL   PE_SC3   00000000 DELL 00000001)
[    0.014603] ACPI: HEST 0x000000006F41D000 00017C (v01 DELL   PE_SC3   00000001 INTL 00000001)
[    0.014605] ACPI: PCAT 0x000000006F41B000 00010C (v19 DELL   PE_SC3   00000002 DELL 00000001)
[    0.014608] ACPI: SSDT 0x000000006F413000 007299 (v02 INTEL  SpsNm    00000002 INTL 20210331)
[    0.014611] ACPI: SSDT 0x000000006F412000 000426 (v02 DELL   PE_SC3   00000002 DELL 00000001)
[    0.014613] ACPI: NFIT 0x000000006F7FD000 000488 (v01 DELL   PE_SC3   00000002 DELL 00000001)
[    0.014616] ACPI: DMAR 0x000000006F411000 000158 (v01 DELL   PE_SC3   00000001 DELL 00000001)
[    0.014623] ACPI: Local APIC address 0xfee00000
[    0.014624] Setting APIC routing to cluster x2apic.
[    0.014670] SRAT: PXM 0 -> APIC 0x0000 -> Node 0
[    0.014671] SRAT: PXM 0 -> APIC 0x0001 -> Node 0
[    0.014671] SRAT: PXM 0 -> APIC 0x0002 -> Node 0
[    0.014672] SRAT: PXM 0 -> APIC 0x0003 -> Node 0
[    0.014672] SRAT: PXM 0 -> APIC 0x0004 -> Node 0
[    0.014672] SRAT: PXM 0 -> APIC 0x0005 -> Node 0
[    0.014673] SRAT: PXM 0 -> APIC 0x0006 -> Node 0
[    0.014673] SRAT: PXM 0 -> APIC 0x0007 -> Node 0
[    0.014674] SRAT: PXM 0 -> APIC 0x0008 -> Node 0
[    0.014674] SRAT: PXM 0 -> APIC 0x0009 -> Node 0
[    0.014675] SRAT: PXM 0 -> APIC 0x000a -> Node 0
[    0.014675] SRAT: PXM 0 -> APIC 0x000b -> Node 0
[    0.014675] SRAT: PXM 0 -> APIC 0x000c -> Node 0
[    0.014676] SRAT: PXM 0 -> APIC 0x000d -> Node 0
[    0.014676] SRAT: PXM 0 -> APIC 0x000e -> Node 0
[    0.014677] SRAT: PXM 0 -> APIC 0x000f -> Node 0
[    0.014677] SRAT: PXM 0 -> APIC 0x0010 -> Node 0
[    0.014677] SRAT: PXM 0 -> APIC 0x0011 -> Node 0
[    0.014678] SRAT: PXM 0 -> APIC 0x0012 -> Node 0
[    0.014678] SRAT: PXM 0 -> APIC 0x0013 -> Node 0
[    0.014679] SRAT: PXM 0 -> APIC 0x0014 -> Node 0
[    0.014679] SRAT: PXM 0 -> APIC 0x0015 -> Node 0
[    0.014680] SRAT: PXM 0 -> APIC 0x0016 -> Node 0
[    0.014680] SRAT: PXM 0 -> APIC 0x0017 -> Node 0
[    0.014680] SRAT: PXM 0 -> APIC 0x0018 -> Node 0
[    0.014681] SRAT: PXM 0 -> APIC 0x0019 -> Node 0
[    0.014681] SRAT: PXM 0 -> APIC 0x001a -> Node 0
[    0.014682] SRAT: PXM 0 -> APIC 0x001b -> Node 0
[    0.014682] SRAT: PXM 0 -> APIC 0x001c -> Node 0
[    0.014682] SRAT: PXM 0 -> APIC 0x001d -> Node 0
[    0.014683] SRAT: PXM 0 -> APIC 0x001e -> Node 0
[    0.014683] SRAT: PXM 0 -> APIC 0x001f -> Node 0
[    0.014684] SRAT: PXM 0 -> APIC 0x0020 -> Node 0
[    0.014684] SRAT: PXM 0 -> APIC 0x0021 -> Node 0
[    0.014684] SRAT: PXM 0 -> APIC 0x0022 -> Node 0
[    0.014685] SRAT: PXM 0 -> APIC 0x0023 -> Node 0
[    0.014685] SRAT: PXM 0 -> APIC 0x0024 -> Node 0
[    0.014686] SRAT: PXM 0 -> APIC 0x0025 -> Node 0
[    0.014686] SRAT: PXM 0 -> APIC 0x0026 -> Node 0
[    0.014687] SRAT: PXM 0 -> APIC 0x0027 -> Node 0
[    0.014687] SRAT: PXM 0 -> APIC 0x0028 -> Node 0
[    0.014687] SRAT: PXM 0 -> APIC 0x0029 -> Node 0
[    0.014688] SRAT: PXM 0 -> APIC 0x002a -> Node 0
[    0.014688] SRAT: PXM 0 -> APIC 0x002b -> Node 0
[    0.014689] SRAT: PXM 0 -> APIC 0x002c -> Node 0
[    0.014689] SRAT: PXM 0 -> APIC 0x002d -> Node 0
[    0.014689] SRAT: PXM 0 -> APIC 0x002e -> Node 0
[    0.014690] SRAT: PXM 0 -> APIC 0x002f -> Node 0
[    0.014690] SRAT: PXM 0 -> APIC 0x0030 -> Node 0
[    0.014691] SRAT: PXM 0 -> APIC 0x0031 -> Node 0
[    0.014691] SRAT: PXM 0 -> APIC 0x0032 -> Node 0
[    0.014691] SRAT: PXM 0 -> APIC 0x0033 -> Node 0
[    0.014692] SRAT: PXM 0 -> APIC 0x0034 -> Node 0
[    0.014692] SRAT: PXM 0 -> APIC 0x0035 -> Node 0
[    0.014693] SRAT: PXM 0 -> APIC 0x0036 -> Node 0
[    0.014693] SRAT: PXM 0 -> APIC 0x0037 -> Node 0
[    0.014694] SRAT: PXM 1 -> APIC 0x0080 -> Node 1
[    0.014694] SRAT: PXM 1 -> APIC 0x0081 -> Node 1
[    0.014694] SRAT: PXM 1 -> APIC 0x0082 -> Node 1
[    0.014695] SRAT: PXM 1 -> APIC 0x0083 -> Node 1
[    0.014695] SRAT: PXM 1 -> APIC 0x0084 -> Node 1
[    0.014696] SRAT: PXM 1 -> APIC 0x0085 -> Node 1
[    0.014696] SRAT: PXM 1 -> APIC 0x0086 -> Node 1
[    0.014697] SRAT: PXM 1 -> APIC 0x0087 -> Node 1
[    0.014697] SRAT: PXM 1 -> APIC 0x0088 -> Node 1
[    0.014697] SRAT: PXM 1 -> APIC 0x0089 -> Node 1
[    0.014698] SRAT: PXM 1 -> APIC 0x008a -> Node 1
[    0.014698] SRAT: PXM 1 -> APIC 0x008b -> Node 1
[    0.014699] SRAT: PXM 1 -> APIC 0x008c -> Node 1
[    0.014699] SRAT: PXM 1 -> APIC 0x008d -> Node 1
[    0.014699] SRAT: PXM 1 -> APIC 0x008e -> Node 1
[    0.014700] SRAT: PXM 1 -> APIC 0x008f -> Node 1
[    0.014700] SRAT: PXM 1 -> APIC 0x0090 -> Node 1
[    0.014701] SRAT: PXM 1 -> APIC 0x0091 -> Node 1
[    0.014701] SRAT: PXM 1 -> APIC 0x0092 -> Node 1
[    0.014702] SRAT: PXM 1 -> APIC 0x0093 -> Node 1
[    0.014702] SRAT: PXM 1 -> APIC 0x0094 -> Node 1
[    0.014702] SRAT: PXM 1 -> APIC 0x0095 -> Node 1
[    0.014703] SRAT: PXM 1 -> APIC 0x0096 -> Node 1
[    0.014703] SRAT: PXM 1 -> APIC 0x0097 -> Node 1
[    0.014704] SRAT: PXM 1 -> APIC 0x0098 -> Node 1
[    0.014704] SRAT: PXM 1 -> APIC 0x0099 -> Node 1
[    0.014704] SRAT: PXM 1 -> APIC 0x009a -> Node 1
[    0.014705] SRAT: PXM 1 -> APIC 0x009b -> Node 1
[    0.014705] SRAT: PXM 1 -> APIC 0x009c -> Node 1
[    0.014706] SRAT: PXM 1 -> APIC 0x009d -> Node 1
[    0.014706] SRAT: PXM 1 -> APIC 0x009e -> Node 1
[    0.014706] SRAT: PXM 1 -> APIC 0x009f -> Node 1
[    0.014707] SRAT: PXM 1 -> APIC 0x00a0 -> Node 1
[    0.014707] SRAT: PXM 1 -> APIC 0x00a1 -> Node 1
[    0.014708] SRAT: PXM 1 -> APIC 0x00a2 -> Node 1
[    0.014708] SRAT: PXM 1 -> APIC 0x00a3 -> Node 1
[    0.014709] SRAT: PXM 1 -> APIC 0x00a4 -> Node 1
[    0.014709] SRAT: PXM 1 -> APIC 0x00a5 -> Node 1
[    0.014709] SRAT: PXM 1 -> APIC 0x00a6 -> Node 1
[    0.014710] SRAT: PXM 1 -> APIC 0x00a7 -> Node 1
[    0.014710] SRAT: PXM 1 -> APIC 0x00a8 -> Node 1
[    0.014711] SRAT: PXM 1 -> APIC 0x00a9 -> Node 1
[    0.014711] SRAT: PXM 1 -> APIC 0x00aa -> Node 1
[    0.014711] SRAT: PXM 1 -> APIC 0x00ab -> Node 1
[    0.014712] SRAT: PXM 1 -> APIC 0x00ac -> Node 1
[    0.014712] SRAT: PXM 1 -> APIC 0x00ad -> Node 1
[    0.014713] SRAT: PXM 1 -> APIC 0x00ae -> Node 1
[    0.014713] SRAT: PXM 1 -> APIC 0x00af -> Node 1
[    0.014713] SRAT: PXM 1 -> APIC 0x00b0 -> Node 1
[    0.014714] SRAT: PXM 1 -> APIC 0x00b1 -> Node 1
[    0.014714] SRAT: PXM 1 -> APIC 0x00b2 -> Node 1
[    0.014715] SRAT: PXM 1 -> APIC 0x00b3 -> Node 1
[    0.014715] SRAT: PXM 1 -> APIC 0x00b4 -> Node 1
[    0.014716] SRAT: PXM 1 -> APIC 0x00b5 -> Node 1
[    0.014716] SRAT: PXM 1 -> APIC 0x00b6 -> Node 1
[    0.014716] SRAT: PXM 1 -> APIC 0x00b7 -> Node 1
[    0.014729] ACPI: SRAT: Node 0 PXM 0 [mem 0x00000000-0x7fffffff]
[    0.014730] ACPI: SRAT: Node 0 PXM 0 [mem 0x100000000-0x107fffffff]
[    0.014731] ACPI: SRAT: Node 2 PXM 2 [mem 0x2080000000-0x9e7fffffff] non-volatile
[    0.014731] ACPI: SRAT: Node 1 PXM 1 [mem 0x1080000000-0x207fffffff]
[    0.014732] ACPI: SRAT: Node 3 PXM 3 [mem 0x9e80000000-0x11c7fffffff] non-volatile
[    0.014741] NUMA: Initialized distance table, cnt=4
[    0.014744] NUMA: Node 0 [mem 0x00000000-0x7fffffff] + [mem 0x100000000-0x107fffffff] -> [mem 0x00000000-0x107fffffff]
[    0.014752] NODE_DATA(0) allocated [mem 0xffffd5000-0xfffffffff]
[    0.014769] NODE_DATA(1) allocated [mem 0x20658f0000-0x206591afff]
[    0.014943] Zone ranges:
[    0.014943]   DMA      [mem 0x0000000000001000-0x0000000000ffffff]
[    0.014944]   DMA32    [mem 0x0000000001000000-0x00000000ffffffff]
[    0.014945]   Normal   [mem 0x0000000100000000-0x000000207fffffff]
[    0.014946]   Device   empty
[    0.014946] Movable zone start for each node
[    0.014950] Early memory node ranges
[    0.014950]   node   0: [mem 0x0000000000001000-0x000000000008efff]
[    0.014951]   node   0: [mem 0x0000000000090000-0x000000000009ffff]
[    0.014951]   node   0: [mem 0x0000000000100000-0x0000000049e76fff]
[    0.014952]   node   0: [mem 0x000000004ae77000-0x000000004b2cefff]
[    0.014953]   node   0: [mem 0x000000004b54e000-0x000000004bd93fff]
[    0.014953]   node   0: [mem 0x000000004be9a000-0x000000004cdfffff]
[    0.014954]   node   0: [mem 0x000000004d000000-0x000000005eefdfff]
[    0.014954]   node   0: [mem 0x000000006f7ff000-0x000000006f7fffff]
[    0.014955]   node   0: [mem 0x0000000100007000-0x0000000fffffffff]
[    0.014958]   node   1: [mem 0x0000001ec0000000-0x000000207fffffff]
[    0.015361] Zeroed struct page in unavailable ranges: 42735 pages
[    0.015362] Initmem setup node 0 [mem 0x0000000000001000-0x0000000fffffffff]
[    0.015364] On node 0 totalpages: 16111889
[    0.015365]   DMA zone: 64 pages used for memmap
[    0.015365]   DMA zone: 1102 pages reserved
[    0.015366]   DMA zone: 3998 pages, LIFO batch:0
[    0.015407]   DMA32 zone: 5926 pages used for memmap
[    0.015408]   DMA32 zone: 379258 pages, LIFO batch:63
[    0.021135]   Normal zone: 245760 pages used for memmap
[    0.021136]   Normal zone: 15728633 pages, LIFO batch:63
[    0.155647] Initmem setup node 1 [mem 0x0000001ec0000000-0x000000207fffffff]
[    0.155649] On node 1 totalpages: 1835008
[    0.155650]   Normal zone: 28672 pages used for memmap
[    0.155651]   Normal zone: 1835008 pages, LIFO batch:63
[    0.175737] ACPI: PM-Timer IO Port: 0x508
[    0.175740] ACPI: Local APIC address 0xfee00000
[    0.175757] ACPI: X2APIC_NMI (uid[0xffffffff] high edge lint[0x1])
[    0.175759] ACPI: LAPIC_NMI (acpi_id[0xff] high edge lint[0x1])
[    0.175778] IOAPIC[0]: apic_id 8, version 32, address 0xfec00000, GSI 0-119
[    0.175780] ACPI: INT_SRC_OVR (bus 0 bus_irq 0 global_irq 2 dfl dfl)
[    0.175781] ACPI: INT_SRC_OVR (bus 0 bus_irq 9 global_irq 9 high level)
[    0.175782] ACPI: IRQ0 used by override.
[    0.175783] ACPI: IRQ9 used by override.
[    0.175786] Using ACPI (MADT) for SMP configuration information
[    0.175787] ACPI: HPET id: 0x8086a701 base: 0xfed00000
[    0.175791] smpboot: Allowing 112 CPUs, 0 hotplug CPUs
[    0.175816] PM: Registered nosave memory: [mem 0x00000000-0x00000fff]
[    0.175817] PM: Registered nosave memory: [mem 0x0008f000-0x0008ffff]
[    0.175819] PM: Registered nosave memory: [mem 0x000a0000-0x000fffff]
[    0.175820] PM: Registered nosave memory: [mem 0x47bcd000-0x47bcdfff]
[    0.175821] PM: Registered nosave memory: [mem 0x47bfe000-0x47bfefff]
[    0.175822] PM: Registered nosave memory: [mem 0x47bff000-0x47bfffff]
[    0.175823] PM: Registered nosave memory: [mem 0x47c31000-0x47c31fff]
[    0.175824] PM: Registered nosave memory: [mem 0x47c32000-0x47c32fff]
[    0.175825] PM: Registered nosave memory: [mem 0x47c64000-0x47c64fff]
[    0.175826] PM: Registered nosave memory: [mem 0x47c65000-0x47c65fff]
[    0.175827] PM: Registered nosave memory: [mem 0x47c6d000-0x47c6dfff]
[    0.175829] PM: Registered nosave memory: [mem 0x49e77000-0x4ae76fff]
[    0.175830] PM: Registered nosave memory: [mem 0x4b2cf000-0x4b54dfff]
[    0.175831] PM: Registered nosave memory: [mem 0x4bd94000-0x4be99fff]
[    0.175833] PM: Registered nosave memory: [mem 0x4ce00000-0x4cffffff]
[    0.175834] PM: Registered nosave memory: [mem 0x5eefe000-0x6e3fefff]
[    0.175835] PM: Registered nosave memory: [mem 0x6e3ff000-0x6f3fefff]
[    0.175835] PM: Registered nosave memory: [mem 0x6f3ff000-0x6f7fefff]
[    0.175837] PM: Registered nosave memory: [mem 0x6f800000-0x8fffffff]
[    0.175837] PM: Registered nosave memory: [mem 0x90000000-0xfdffffff]
[    0.175838] PM: Registered nosave memory: [mem 0xfe000000-0xfe010fff]
[    0.175838] PM: Registered nosave memory: [mem 0xfe011000-0xffffffff]
[    0.175839] PM: Registered nosave memory: [mem 0x100000000-0x100005fff]
[    0.175839] PM: Registered nosave memory: [mem 0x100006000-0x100006fff]
[    0.175841] PM: Registered nosave memory: [mem 0x1000000000-0x1ebfffffff]
[    0.175842] [mem 0x90000000-0xfdffffff] available for PCI devices
[    0.175843] Booting paravirtualized kernel on bare hardware
[    0.175846] clocksource: refined-jiffies: mask: 0xffffffff max_cycles: 0xffffffff, max_idle_ns: 7645519600211568 ns
[    0.175852] setup_percpu: NR_CPUS:8192 nr_cpumask_bits:112 nr_cpu_ids:112 nr_node_ids:4
[    0.180454] percpu: Embedded 55 pages/cpu s188416 r8192 d28672 u262144
[    0.180464] pcpu-alloc: s188416 r8192 d28672 u262144 alloc=1*2097152
[    0.180465] pcpu-alloc: [0] 000 002 004 006 008 010 012 014 
[    0.180467] pcpu-alloc: [0] 016 018 020 022 024 026 028 030 
[    0.180468] pcpu-alloc: [0] 032 034 036 038 040 042 044 046 
[    0.180470] pcpu-alloc: [0] 048 050 052 054 056 058 060 062 
[    0.180471] pcpu-alloc: [0] 064 066 068 070 072 074 076 078 
[    0.180473] pcpu-alloc: [0] 080 082 084 086 088 090 092 094 
[    0.180474] pcpu-alloc: [0] 096 098 100 102 104 106 108 110 
[    0.180475] pcpu-alloc: [1] 001 003 005 007 009 011 013 015 
[    0.180477] pcpu-alloc: [1] 017 019 021 023 025 027 029 031 
[    0.180478] pcpu-alloc: [1] 033 035 037 039 041 043 045 047 
[    0.180480] pcpu-alloc: [1] 049 051 053 055 057 059 061 063 
[    0.180481] pcpu-alloc: [1] 065 067 069 071 073 075 077 079 
[    0.180482] pcpu-alloc: [1] 081 083 085 087 089 091 093 095 
[    0.180484] pcpu-alloc: [1] 097 099 101 103 105 107 109 111 
[    0.180526] Built 2 zonelists, mobility grouping on.  Total pages: 17665373
[    0.180527] Policy zone: Normal
[    0.180528] Kernel command line: BOOT_IMAGE=/boot/vmlinuz-5.3.1-multiclock root=UUID=ce0c24b8-724b-4f33-9b2c-618433560aef ro memmap=26925!4096M memmap=59G!64G quiet splash nomodeset vt.handoff=1
[    0.180633] You have booted with nomodeset. This means your GPU drivers are DISABLED
[    0.180634] Any video related functionality will be severely degraded, and you may not even be able to suspend the system properly
[    0.180634] Unless you actually understand what nomodeset does, you should reboot without enabling it
[    0.180651] printk: log_buf_len individual max cpu contribution: 4096 bytes
[    0.180651] printk: log_buf_len total cpu_extra contributions: 454656 bytes
[    0.180652] printk: log_buf_len min size: 262144 bytes
[    0.180811] printk: log_buf_len: 1048576 bytes
[    0.180812] printk: early log buf free: 221712(84%)
[    0.182316] mem auto-init: stack:off, heap alloc:on, heap free:off
[    0.188310] Calgary: detecting Calgary via BIOS EBDA area
[    0.188312] Calgary: Unable to locate Rio Grande table in EBDA - bailing!
[    0.334270] Memory: 69976820K/71787588K available (14339K kernel code, 2373K rwdata, 4660K rodata, 2680K init, 5056K bss, 1810768K reserved, 0K cma-reserved)
[    0.334915] SLUB: HWalign=64, Order=0-3, MinObjects=0, CPUs=112, Nodes=4
[    0.334944] ftrace: allocating 43047 entries in 169 pages
[    0.351243] rcu: Hierarchical RCU implementation.
[    0.351245] rcu: 	RCU restricting CPUs from NR_CPUS=8192 to nr_cpu_ids=112.
[    0.351245] 	Tasks RCU enabled.
[    0.351246] rcu: RCU calculated value of scheduler-enlistment delay is 25 jiffies.
[    0.351247] rcu: Adjusting geometry for rcu_fanout_leaf=16, nr_cpu_ids=112
[    0.353957] NR_IRQS: 524544, nr_irqs: 2952, preallocated irqs: 16
[    0.354344] random: crng done (trusting CPU's manufacturer)
[    0.354518] Console: colour dummy device 80x25
[    0.354533] printk: console [tty0] enabled
[    0.354624] mempolicy: Enabling automatic NUMA balancing. Configure with numa_balancing= or the kernel.numa_balancing sysctl
[    0.354627] ACPI: Core revision 20190703
[    0.358025] clocksource: hpet: mask: 0xffffffff max_cycles: 0xffffffff, max_idle_ns: 79635855245 ns
[    0.358067] APIC: Switch to symmetric I/O mode setup
[    0.358069] DMAR: Host address width 46
[    0.358070] DMAR: DRHD base: 0x000000d0ffc000 flags: 0x0
[    0.358074] DMAR: dmar0: reg_base_addr d0ffc000 ver 4:0 cap 8ed008c40780466 ecap 60000f050df
[    0.358075] DMAR: DRHD base: 0x000000dbbfc000 flags: 0x0
[    0.358078] DMAR: dmar1: reg_base_addr dbbfc000 ver 4:0 cap 8ed008c40780466 ecap 60000f050df
[    0.358079] DMAR: DRHD base: 0x000000e67fc000 flags: 0x0
[    0.358082] DMAR: dmar2: reg_base_addr e67fc000 ver 4:0 cap 8ed008c40780466 ecap 60000f050df
[    0.358083] DMAR: DRHD base: 0x000000f13fc000 flags: 0x0
[    0.358086] DMAR: dmar3: reg_base_addr f13fc000 ver 4:0 cap 8ed008c40780466 ecap 60000f050df
[    0.358087] DMAR: DRHD base: 0x000000fb7fc000 flags: 0x0
[    0.358090] DMAR: dmar4: reg_base_addr fb7fc000 ver 4:0 cap 8ed008c40780466 ecap 60000f050df
[    0.358091] DMAR: DRHD base: 0x000000a63fc000 flags: 0x0
[    0.358093] DMAR: dmar5: reg_base_addr a63fc000 ver 4:0 cap 8ed008c40780466 ecap 60000f050df
[    0.358094] DMAR: DRHD base: 0x000000b0ffc000 flags: 0x0
[    0.358097] DMAR: dmar6: reg_base_addr b0ffc000 ver 4:0 cap 8ed008c40780466 ecap 60000f050df
[    0.358097] DMAR: DRHD base: 0x000000bbbfc000 flags: 0x0
[    0.358102] DMAR: dmar7: reg_base_addr bbbfc000 ver 4:0 cap 8ed008c40780466 ecap 60000f050df
[    0.358103] DMAR: DRHD base: 0x000000c5ffc000 flags: 0x0
[    0.358106] DMAR: dmar8: reg_base_addr c5ffc000 ver 4:0 cap 8ed008c40780466 ecap 60000f050df
[    0.358106] DMAR: DRHD base: 0x0000009b7fc000 flags: 0x1
[    0.358109] DMAR: dmar9: reg_base_addr 9b7fc000 ver 4:0 cap 8ed008c40780466 ecap 60000f050df
[    0.358110] DMAR: RMRR base: 0x00000069427000 end: 0x00000069429fff
[    0.358110] DMAR: ATSR flags: 0x0
[    0.358112] DMAR-IR: IOAPIC id 8 under DRHD base  0x9b7fc000 IOMMU 9
[    0.358113] DMAR-IR: HPET id 0 under DRHD base 0x9b7fc000
[    0.358114] DMAR-IR: Queued invalidation will be enabled to support x2apic and Intr-remapping.
[    0.360580] DMAR-IR: Enabled IRQ remapping in x2apic mode
[    0.363200] ..TIMER: vector=0x30 apic1=0 pin1=2 apic2=-1 pin2=-1
[    0.381995] clocksource: tsc-early: mask: 0xffffffffffffffff max_cycles: 0x39a85c9bff6, max_idle_ns: 881590591483 ns
[    0.382000] Calibrating delay loop (skipped), value calculated using timer frequency.. 4000.00 BogoMIPS (lpj=8000000)
[    0.382002] pid_max: default: 114688 minimum: 896
[    0.386018] LSM: Security Framework initializing
[    0.386034] Yama: becoming mindful.
[    0.386410] AppArmor: AppArmor initialized
[    0.395486] Dentry cache hash table entries: 8388608 (order: 14, 67108864 bytes, vmalloc)
[    0.400082] Inode-cache hash table entries: 4194304 (order: 13, 33554432 bytes, vmalloc)
[    0.400284] Mount-cache hash table entries: 131072 (order: 8, 1048576 bytes, vmalloc)
[    0.400431] Mountpoint-cache hash table entries: 131072 (order: 8, 1048576 bytes, vmalloc)
[    0.400721] *** VALIDATE proc ***
[    0.400964] *** VALIDATE cgroup1 ***
[    0.400965] *** VALIDATE cgroup2 ***
[    0.401098] x86/tme: not enabled by BIOS
[    0.401101] x86/cpu: User Mode Instruction Prevention (UMIP) activated
[    0.401175] mce: CPU0: Thermal monitoring enabled (TM1)
[    0.401386] process: using mwait in idle threads
[    0.401387] Last level iTLB entries: 4KB 0, 2MB 0, 4MB 0
[    0.401388] Last level dTLB entries: 4KB 0, 2MB 0, 4MB 0, 1GB 0
[    0.401391] Spectre V1 : Mitigation: usercopy/swapgs barriers and __user pointer sanitization
[    0.401392] Spectre V2 : Mitigation: Enhanced IBRS
[    0.401393] Spectre V2 : Spectre v2 / SpectreRSB mitigation: Filling RSB on context switch
[    0.401394] Spectre V2 : mitigation: Enabling conditional Indirect Branch Prediction Barrier
[    0.401396] Speculative Store Bypass: Mitigation: Speculative Store Bypass disabled via prctl and seccomp
[    0.401662] Freeing SMP alternatives memory: 40K
[    0.406157] TSC deadline timer enabled
[    0.406165] smpboot: CPU0: Intel(R) Xeon(R) Gold 6330 CPU @ 2.00GHz (family: 0x6, model: 0x6a, stepping: 0x6)
[    0.406363] Performance Events: PEBS fmt4+-baseline, Icelake events, 32-deep LBR, full-width counters, Intel PMU driver.
[    0.406368] ... version:                5
[    0.406368] ... bit width:              48
[    0.406369] ... generic registers:      8
[    0.406369] ... value mask:             0000ffffffffffff
[    0.406370] ... max period:             00007fffffffffff
[    0.406370] ... fixed-purpose events:   4
[    0.406371] ... event mask:             0000000f000000ff
[    0.406476] rcu: Hierarchical SRCU implementation.
[    0.413682] NMI watchdog: Enabled. Permanently consumes one hw-PMU counter.
[    0.414944] smp: Bringing up secondary CPUs ...
[    0.415064] x86: Booting SMP configuration:
[    0.415065] .... node  #1, CPUs:          #1
[    0.003715] smpboot: CPU 1 Converting physical 0 to logical die 1
[    0.502104] .... node  #0, CPUs:     #2
[    0.507448] .... node  #1, CPUs:     #3
[    0.512834] .... node  #0, CPUs:     #4
[    0.518182] .... node  #1, CPUs:     #5
[    0.523522] .... node  #0, CPUs:     #6
[    0.529070] .... node  #1, CPUs:     #7
[    0.534606] .... node  #0, CPUs:     #8
[    0.539859] .... node  #1, CPUs:     #9
[    0.545551] .... node  #0, CPUs:    #10
[    0.551244] .... node  #1, CPUs:    #11
[    0.556930] .... node  #0, CPUs:    #12
[    0.562422] .... node  #1, CPUs:    #13
[    0.567727] .... node  #0, CPUs:    #14
[    0.572936] .... node  #1, CPUs:    #15
[    0.578210] .... node  #0, CPUs:    #16
[    0.583445] .... node  #1, CPUs:    #17
[    0.588716] .... node  #0, CPUs:    #18
[    0.594159] .... node  #1, CPUs:    #19
[    0.599531] .... node  #0, CPUs:    #20
[    0.604724] .... node  #1, CPUs:    #21
[    0.610282] .... node  #0, CPUs:    #22
[    0.615692] .... node  #1, CPUs:    #23
[    0.620919] .... node  #0, CPUs:    #24
[    0.626527] .... node  #1, CPUs:    #25
[    0.631814] .... node  #0, CPUs:    #26
[    0.636998] .... node  #1, CPUs:    #27
[    0.642262] .... node  #0, CPUs:    #28
[    0.647736] .... node  #1, CPUs:    #29
[    0.652990] .... node  #0, CPUs:    #30
[    0.658171] .... node  #1, CPUs:    #31
[    0.663604] .... node  #0, CPUs:    #32
[    0.668864] .... node  #1, CPUs:    #33
[    0.674178] .... node  #0, CPUs:    #34
[    0.679581] .... node  #1, CPUs:    #35
[    0.684855] .... node  #0, CPUs:    #36
[    0.690153] .... node  #1, CPUs:    #37
[    0.695301] .... node  #0, CPUs:    #38
[    0.700824] .... node  #1, CPUs:    #39
[    0.706306] .... node  #0, CPUs:    #40
[    0.711875] .... node  #1, CPUs:    #41
[    0.717565] .... node  #0, CPUs:    #42
[    0.722834] .... node  #1, CPUs:    #43
[    0.728428] .... node  #0, CPUs:    #44
[    0.733753] .... node  #1, CPUs:    #45
[    0.739179] .... node  #0, CPUs:    #46
[    0.744681] .... node  #1, CPUs:    #47
[    0.750101] .... node  #0, CPUs:    #48
[    0.755382] .... node  #1, CPUs:    #49
[    0.760767] .... node  #0, CPUs:    #50
[    0.766219] .... node  #1, CPUs:    #51
[    0.771810] .... node  #0, CPUs:    #52
[    0.777245] .... node  #1, CPUs:    #53
[    0.782785] .... node  #0, CPUs:    #54
[    0.788449] .... node  #1, CPUs:    #55
[    0.794196] .... node  #0, CPUs:    #56
[    0.800242] .... node  #1, CPUs:    #57
[    0.806106] .... node  #0, CPUs:    #58
[    0.811465] .... node  #1, CPUs:    #59
[    0.816866] .... node  #0, CPUs:    #60
[    0.822212] .... node  #1, CPUs:    #61
[    0.827568] .... node  #0, CPUs:    #62
[    0.833132] .... node  #1, CPUs:    #63
[    0.838679] .... node  #0, CPUs:    #64
[    0.843956] .... node  #1, CPUs:    #65
[    0.849643] .... node  #0, CPUs:    #66
[    0.855348] .... node  #1, CPUs:    #67
[    0.861052] .... node  #0, CPUs:    #68
[    0.866553] .... node  #1, CPUs:    #69
[    0.871875] .... node  #0, CPUs:    #70
[    0.877082] .... node  #1, CPUs:    #71
[    0.882367] .... node  #0, CPUs:    #72
[    0.887628] .... node  #1, CPUs:    #73
[    0.892910] .... node  #0, CPUs:    #74
[    0.898160] .... node  #1, CPUs:    #75
[    0.903770] .... node  #0, CPUs:    #76
[    0.908983] .... node  #1, CPUs:    #77
[    0.914563] .... node  #0, CPUs:    #78
[    0.919983] .... node  #1, CPUs:    #79
[    0.925236] .... node  #0, CPUs:    #80
[    0.930841] .... node  #1, CPUs:    #81
[    0.936153] .... node  #0, CPUs:    #82
[    0.941347] .... node  #1, CPUs:    #83
[    0.946624] .... node  #0, CPUs:    #84
[    0.952117] .... node  #1, CPUs:    #85
[    0.957383] .... node  #0, CPUs:    #86
[    0.962584] .... node  #1, CPUs:    #87
[    0.968036] .... node  #0, CPUs:    #88
[    0.973303] .... node  #1, CPUs:    #89
[    0.978649] .... node  #0, CPUs:    #90
[    0.984064] .... node  #1, CPUs:    #91
[    0.989346] .... node  #0, CPUs:    #92
[    0.994544] .... node  #1, CPUs:    #93
[    0.999836] .... node  #0, CPUs:    #94
[    1.005388] .... node  #1, CPUs:    #95
[    1.010878] .... node  #0, CPUs:    #96
[    1.016453] .... node  #1, CPUs:    #97
[    1.022167] .... node  #0, CPUs:    #98
[    1.027453] .... node  #1, CPUs:    #99
[    1.033070] .... node  #0, CPUs:   #100
[    1.038398] .... node  #1, CPUs:   #101
[    1.043850] .... node  #0, CPUs:   #102
[    1.049370] .... node  #1, CPUs:   #103
[    1.054797] .... node  #0, CPUs:   #104
[    1.060128] .... node  #1, CPUs:   #105
[    1.065532] .... node  #0, CPUs:   #106
[    1.070993] .... node  #1, CPUs:   #107
[    1.076603] .... node  #0, CPUs:   #108
[    1.082168] .... node  #1, CPUs:   #109
[    1.087617] .... node  #0, CPUs:   #110
[    1.093289] .... node  #1, CPUs:   #111
[    1.099052] smp: Brought up 2 nodes, 112 CPUs
[    1.099052] smpboot: Max logical packages: 2
[    1.099052] smpboot: Total of 112 processors activated (448064.14 BogoMIPS)
[    1.109810] devtmpfs: initialized
[    1.110016] x86/mm: Memory block size: 2048MB
[    1.110396] PM: Registering ACPI NVS region [mem 0x49e77000-0x4ae76fff] (16777216 bytes)
[    1.110396] PM: Registering ACPI NVS region [mem 0x6e3ff000-0x6f3fefff] (16777216 bytes)
[    1.110705] clocksource: jiffies: mask: 0xffffffff max_cycles: 0xffffffff, max_idle_ns: 7645041785100000 ns
[    1.110705] futex hash table entries: 32768 (order: 9, 2097152 bytes, vmalloc)
[    1.110920] pinctrl core: initialized pinctrl subsystem
[    1.111045] PM: RTC time: 02:55:10, date: 2024-07-01
[    1.111308] NET: Registered protocol family 16
[    1.111415] audit: initializing netlink subsys (disabled)
[    1.111420] audit: type=2000 audit(1719802509.756:1): state=initialized audit_enabled=0 res=1
[    1.111420] EISA bus registered
[    1.111420] cpuidle: using governor ladder
[    1.111420] cpuidle: using governor menu
[    1.111420] ACPI FADT declares the system doesn't support PCIe ASPM, so disable it
[    1.111420] ACPI: bus type PCI registered
[    1.111420] acpiphp: ACPI Hot Plug PCI Controller Driver version: 0.5
[    1.111420] PCI: MMCONFIG for domain 0000 [bus 00-ff] at [mem 0x80000000-0x8fffffff] (base 0x80000000)
[    1.111420] PCI: MMCONFIG at [mem 0x80000000-0x8fffffff] reserved in E820
[    1.111420] pmd_set_huge: Cannot satisfy [mem 0x80000000-0x80200000] with a huge-page mapping due to MTRR override.
[    1.111420] PCI: Using configuration type 1 for base access
[    1.111420] PCI: Dell System detected, enabling pci=bfsort.
[    1.114004] ENERGY_PERF_BIAS: Set to 'normal', was 'performance'
[    1.118923] HugeTLB registered 1.00 GiB page size, pre-allocated 0 pages
[    1.118923] HugeTLB registered 2.00 MiB page size, pre-allocated 0 pages
[    1.122381] ACPI: Added _OSI(Module Device)
[    1.122382] ACPI: Added _OSI(Processor Device)
[    1.122383] ACPI: Added _OSI(3.0 _SCP Extensions)
[    1.122383] ACPI: Added _OSI(Processor Aggregator Device)
[    1.122384] ACPI: Added _OSI(Linux-Dell-Video)
[    1.122385] ACPI: Added _OSI(Linux-Lenovo-NV-HDMI-Audio)
[    1.122386] ACPI: Added _OSI(Linux-HPI-Hybrid-Graphics)
[    1.288403] ACPI: 8 ACPI AML tables successfully acquired and loaded
[    1.295477] ACPI: [Firmware Bug]: BIOS _OSI(Linux) query ignored
[    1.302123] ACPI: Dynamic OEM Table Load:
[    1.691730] ACPI: Interpreter enabled
[    1.691748] ACPI: (supports S0 S5)
[    1.691749] ACPI: Using IOAPIC for interrupt routing
[    1.691835] HEST: Table parsing has been initialized.
[    1.691838] PCI: Using host bridge windows from ACPI; if necessary, use "pci=nocrs" and report a bug
[    1.720673] ACPI: Enabled 4 GPEs in block 00 to 7F
[    1.844979] ACPI: PCI Root Bridge [PC00] (domain 0000 [bus 00-15])
[    1.844984] acpi PNP0A08:00: _OSC: OS supports [ExtendedConfig ASPM ClockPM Segments MSI HPX-Type3]
[    1.845061] acpi PNP0A08:00: PCIe AER handled by firmware
[    1.845173] acpi PNP0A08:00: _OSC: platform does not support [SHPCHotplug LTR]
[    1.845380] acpi PNP0A08:00: _OSC: OS now controls [PCIeHotplug PME PCIeCapability]
[    1.845381] acpi PNP0A08:00: FADT indicates ASPM is unsupported, using BIOS configuration
[    1.847185] PCI host bridge to bus 0000:00
[    1.847187] pci_bus 0000:00: root bus resource [io  0x0000-0x0cf7 window]
[    1.847188] pci_bus 0000:00: root bus resource [io  0x1000-0x4fff window]
[    1.847189] pci_bus 0000:00: root bus resource [mem 0x000a0000-0x000bffff window]
[    1.847189] pci_bus 0000:00: root bus resource [mem 0x000c8000-0x000cffff window]
[    1.847190] pci_bus 0000:00: root bus resource [mem 0xfe010000-0xfe010fff window]
[    1.847191] pci_bus 0000:00: root bus resource [mem 0x90000000-0x9b7fffff window]
[    1.847192] pci_bus 0000:00: root bus resource [mem 0x200000000000-0x20ffffffffff window]
[    1.847193] pci_bus 0000:00: root bus resource [bus 00-15]
[    1.847203] pci 0000:00:00.0: [8086:09a2] type 00 class 0x088000
[    1.847940] pci 0000:00:00.1: [8086:09a4] type 00 class 0x088000
[    1.848656] pci 0000:00:00.2: [8086:09a3] type 00 class 0x088000
[    1.849373] pci 0000:00:00.4: [8086:0998] type 00 class 0x060000
[    1.850094] pci 0000:00:02.0: [8086:09a6] type 00 class 0x088000
[    1.850105] pci 0000:00:02.0: reg 0x10: [mem 0x92dfc000-0x92dfdfff]
[    1.850814] pci 0000:00:02.1: [8086:09a7] type 00 class 0x088000
[    1.850824] pci 0000:00:02.1: reg 0x10: [mem 0x92d00000-0x92d7ffff]
[    1.850829] pci 0000:00:02.1: reg 0x14: [mem 0x92c80000-0x92cfffff]
[    1.851539] pci 0000:00:02.4: [8086:3456] type 00 class 0x130000
[    1.851551] pci 0000:00:02.4: reg 0x10: [mem 0x92a00000-0x92afffff 64bit]
[    1.851558] pci 0000:00:02.4: reg 0x18: [mem 0x92df0000-0x92df3fff 64bit]
[    1.851565] pci 0000:00:02.4: reg 0x20: [mem 0x92dc0000-0x92ddffff 64bit]
[    1.852284] pci 0000:00:11.0: [8086:a1ec] type 00 class 0xff0000
[    1.853067] pci 0000:00:11.5: [8086:a1d2] type 00 class 0x010601
[    1.853085] pci 0000:00:11.5: reg 0x10: [mem 0x92dfa000-0x92dfbfff]
[    1.853092] pci 0000:00:11.5: reg 0x14: [mem 0x92e05000-0x92e050ff]
[    1.853100] pci 0000:00:11.5: reg 0x18: [io  0x2068-0x206f]
[    1.853108] pci 0000:00:11.5: reg 0x1c: [io  0x2074-0x2077]
[    1.853115] pci 0000:00:11.5: reg 0x20: [io  0x2040-0x205f]
[    1.853122] pci 0000:00:11.5: reg 0x24: [mem 0x92b80000-0x92bfffff]
[    1.853163] pci 0000:00:11.5: PME# supported from D3hot
[    1.853890] pci 0000:00:14.0: [8086:a1af] type 00 class 0x0c0330
[    1.853912] pci 0000:00:14.0: reg 0x10: [mem 0x92de0000-0x92deffff 64bit]
[    1.853979] pci 0000:00:14.0: PME# supported from D3hot D3cold
[    1.854708] pci 0000:00:14.2: [8086:a1b1] type 00 class 0x118000
[    1.854730] pci 0000:00:14.2: reg 0x10: [mem 0x92e02000-0x92e02fff 64bit]
[    1.855487] pci 0000:00:16.0: [8086:a1ba] type 00 class 0x078000
[    1.855516] pci 0000:00:16.0: reg 0x10: [mem 0x92e01000-0x92e01fff 64bit]
[    1.855604] pci 0000:00:16.0: PME# supported from D3hot
[    1.856298] pci 0000:00:16.1: [8086:a1bb] type 00 class 0x078000
[    1.856328] pci 0000:00:16.1: reg 0x10: [mem 0x92e00000-0x92e00fff 64bit]
[    1.856416] pci 0000:00:16.1: PME# supported from D3hot
[    1.857113] pci 0000:00:16.4: [8086:a1be] type 00 class 0x078000
[    1.857143] pci 0000:00:16.4: reg 0x10: [mem 0x92dff000-0x92dfffff 64bit]
[    1.857231] pci 0000:00:16.4: PME# supported from D3hot
[    1.857927] pci 0000:00:17.0: [8086:a182] type 00 class 0x010601
[    1.857944] pci 0000:00:17.0: reg 0x10: [mem 0x92df8000-0x92df9fff]
[    1.857952] pci 0000:00:17.0: reg 0x14: [mem 0x92e04000-0x92e040ff]
[    1.857959] pci 0000:00:17.0: reg 0x18: [io  0x2060-0x2067]
[    1.857966] pci 0000:00:17.0: reg 0x1c: [io  0x2070-0x2073]
[    1.857973] pci 0000:00:17.0: reg 0x20: [io  0x2020-0x203f]
[    1.857980] pci 0000:00:17.0: reg 0x24: [mem 0x92b00000-0x92b7ffff]
[    1.858020] pci 0000:00:17.0: PME# supported from D3hot
[    1.858751] pci 0000:00:1c.0: [8086:a190] type 01 class 0x060400
[    1.858835] pci 0000:00:1c.0: PME# supported from D0 D3hot D3cold
[    1.859617] pci 0000:00:1c.4: [8086:a194] type 01 class 0x060400
[    1.859694] pci 0000:00:1c.4: PME# supported from D0 D3hot D3cold
[    1.860461] pci 0000:00:1c.5: [8086:a195] type 01 class 0x060400
[    1.860539] pci 0000:00:1c.5: PME# supported from D0 D3hot D3cold
[    1.861316] pci 0000:00:1f.0: [8086:a1cb] type 00 class 0x060100
[    1.862138] pci 0000:00:1f.2: [8086:a1a1] type 00 class 0x058000
[    1.862155] pci 0000:00:1f.2: reg 0x10: [mem 0x92df4000-0x92df7fff]
[    1.862922] pci 0000:00:1f.4: [8086:a1a3] type 00 class 0x0c0500
[    1.862943] pci 0000:00:1f.4: reg 0x10: [mem 0x92dfe000-0x92dfe0ff 64bit]
[    1.862967] pci 0000:00:1f.4: reg 0x20: [io  0x2000-0x201f]
[    1.863670] pci 0000:00:1f.5: [8086:a1a4] type 00 class 0x0c8000
[    1.863687] pci 0000:00:1f.5: reg 0x10: [mem 0xfe010000-0xfe010fff]
[    1.864454] pci 0000:00:1c.0: PCI bridge to [bus 01]
[    1.864506] pci 0000:02:00.0: [1556:be00] type 01 class 0x060400
[    1.864682] pci 0000:00:1c.4: PCI bridge to [bus 02-03]
[    1.864686] pci 0000:00:1c.4:   bridge window [mem 0x92000000-0x928fffff]
[    1.864690] pci 0000:00:1c.4:   bridge window [mem 0x91000000-0x91ffffff 64bit pref]
[    1.864723] pci_bus 0000:03: extended config space not accessible
[    1.864741] pci 0000:03:00.0: [102b:0536] type 00 class 0x030000
[    1.864760] pci 0000:03:00.0: reg 0x10: [mem 0x91000000-0x91ffffff pref]
[    1.864771] pci 0000:03:00.0: reg 0x14: [mem 0x92808000-0x9280bfff]
[    1.864782] pci 0000:03:00.0: reg 0x18: [mem 0x92000000-0x927fffff]
[    1.864831] pci 0000:03:00.0: BAR 0: assigned to efifb
[    1.864929] pci 0000:02:00.0: PCI bridge to [bus 03]
[    1.864938] pci 0000:02:00.0:   bridge window [mem 0x92000000-0x928fffff]
[    1.864943] pci 0000:02:00.0:   bridge window [mem 0x91000000-0x91ffffff 64bit pref]
[    1.865012] pci 0000:04:00.0: [14e4:165f] type 00 class 0x020000
[    1.865045] pci 0000:04:00.0: reg 0x10: [mem 0x92930000-0x9293ffff 64bit pref]
[    1.865060] pci 0000:04:00.0: reg 0x18: [mem 0x92940000-0x9294ffff 64bit pref]
[    1.865076] pci 0000:04:00.0: reg 0x20: [mem 0x92950000-0x9295ffff 64bit pref]
[    1.865087] pci 0000:04:00.0: reg 0x30: [mem 0xfffc0000-0xffffffff pref]
[    1.865182] pci 0000:04:00.0: PME# supported from D0 D3hot D3cold
[    1.865223] pci 0000:04:00.0: 4.000 Gb/s available PCIe bandwidth, limited by 5 GT/s x1 link at 0000:00:1c.5 (capable of 8.000 Gb/s with 5 GT/s x2 link)
[    1.865352] pci 0000:04:00.1: [14e4:165f] type 00 class 0x020000
[    1.865385] pci 0000:04:00.1: reg 0x10: [mem 0x92900000-0x9290ffff 64bit pref]
[    1.865401] pci 0000:04:00.1: reg 0x18: [mem 0x92910000-0x9291ffff 64bit pref]
[    1.865416] pci 0000:04:00.1: reg 0x20: [mem 0x92920000-0x9292ffff 64bit pref]
[    1.865427] pci 0000:04:00.1: reg 0x30: [mem 0xfffc0000-0xffffffff pref]
[    1.865522] pci 0000:04:00.1: PME# supported from D0 D3hot D3cold
[    1.865670] pci 0000:00:1c.5: PCI bridge to [bus 04]
[    1.865677] pci 0000:00:1c.5:   bridge window [mem 0x92900000-0x929fffff 64bit pref]
[    1.865692] pci_bus 0000:00: on NUMA node 0
[    1.866247] ACPI: PCI Root Bridge [PC01] (domain 0000 [bus 16-2f])
[    1.866250] acpi PNP0A08:01: _OSC: OS supports [ExtendedConfig ASPM ClockPM Segments MSI HPX-Type3]
[    1.866348] acpi PNP0A08:01: PCIe AER handled by firmware
[    1.866455] acpi PNP0A08:01: _OSC: platform does not support [SHPCHotplug]
[    1.866657] acpi PNP0A08:01: _OSC: OS now controls [PCIeHotplug PME PCIeCapability LTR]
[    1.866657] acpi PNP0A08:01: FADT indicates ASPM is unsupported, using BIOS configuration
[    1.866780] PCI host bridge to bus 0000:16
[    1.866781] pci_bus 0000:16: root bus resource [io  0x5000-0x6fff window]
[    1.866782] pci_bus 0000:16: root bus resource [mem 0x9b800000-0xa63fffff window]
[    1.866783] pci_bus 0000:16: root bus resource [mem 0x210000000000-0x21ffffffffff window]
[    1.866783] pci_bus 0000:16: root bus resource [bus 16-2f]
[    1.866791] pci 0000:16:00.0: [8086:09a2] type 00 class 0x088000
[    1.866861] pci 0000:16:00.1: [8086:09a4] type 00 class 0x088000
[    1.866930] pci 0000:16:00.2: [8086:09a3] type 00 class 0x088000
[    1.866997] pci 0000:16:00.4: [8086:0998] type 00 class 0x060000
[    1.867066] pci 0000:16:02.0: [8086:347a] type 01 class 0x060400
[    1.867081] pci 0000:16:02.0: reg 0x10: [mem 0x21fffff00000-0x21fffff1ffff 64bit]
[    1.867123] pci 0000:16:02.0: PME# supported from D0 D3hot D3cold
[    1.867426] pci 0000:17:00.0: [1000:10e2] type 00 class 0x010400
[    1.867448] pci 0000:17:00.0: reg 0x10: [mem 0x9b800000-0x9b8fffff 64bit pref]
[    1.867457] pci 0000:17:00.0: reg 0x18: [mem 0x9b900000-0x9b9fffff 64bit pref]
[    1.867462] pci 0000:17:00.0: reg 0x20: [mem 0x9ba00000-0x9bafffff]
[    1.867468] pci 0000:17:00.0: reg 0x24: [io  0x5000-0x50ff]
[    1.867474] pci 0000:17:00.0: reg 0x30: [mem 0xfff00000-0xffffffff pref]
[    1.868701] pci 0000:17:00.0: supports D1 D2
[    1.868755] pci 0000:16:02.0: PCI bridge to [bus 17]
[    1.868756] pci 0000:16:02.0:   bridge window [io  0x5000-0x5fff]
[    1.868758] pci 0000:16:02.0:   bridge window [mem 0x9ba00000-0x9bafffff]
[    1.868761] pci 0000:16:02.0:   bridge window [mem 0x9b800000-0x9b9fffff 64bit pref]
[    1.868766] pci_bus 0000:16: on NUMA node 0
[    1.868831] ACPI: PCI Root Bridge [PC02] (domain 0000 [bus 30-49])
[    1.868833] acpi PNP0A08:02: _OSC: OS supports [ExtendedConfig ASPM ClockPM Segments MSI HPX-Type3]
[    1.868927] acpi PNP0A08:02: PCIe AER handled by firmware
[    1.869033] acpi PNP0A08:02: _OSC: platform does not support [SHPCHotplug]
[    1.869234] acpi PNP0A08:02: _OSC: OS now controls [PCIeHotplug PME PCIeCapability LTR]
[    1.869235] acpi PNP0A08:02: FADT indicates ASPM is unsupported, using BIOS configuration
[    1.869350] PCI host bridge to bus 0000:30
[    1.869351] pci_bus 0000:30: root bus resource [io  0x7000-0x8fff window]
[    1.869352] pci_bus 0000:30: root bus resource [mem 0xa6400000-0xb0ffffff window]
[    1.869353] pci_bus 0000:30: root bus resource [mem 0x220000000000-0x22ffffffffff window]
[    1.869354] pci_bus 0000:30: root bus resource [bus 30-49]
[    1.869361] pci 0000:30:00.0: [8086:09a2] type 00 class 0x088000
[    1.869432] pci 0000:30:00.1: [8086:09a4] type 00 class 0x088000
[    1.869498] pci 0000:30:00.2: [8086:09a3] type 00 class 0x088000
[    1.869569] pci 0000:30:00.4: [8086:0998] type 00 class 0x060000
[    1.869648] pci_bus 0000:30: on NUMA node 0
[    1.869735] ACPI: PCI Root Bridge [PC04] (domain 0000 [bus 4a-63])
[    1.869737] acpi PNP0A08:04: _OSC: OS supports [ExtendedConfig ASPM ClockPM Segments MSI HPX-Type3]
[    1.869828] acpi PNP0A08:04: PCIe AER handled by firmware
[    1.869932] acpi PNP0A08:04: _OSC: platform does not support [SHPCHotplug]
[    1.870133] acpi PNP0A08:04: _OSC: OS now controls [PCIeHotplug PME PCIeCapability LTR]
[    1.870133] acpi PNP0A08:04: FADT indicates ASPM is unsupported, using BIOS configuration
[    1.870247] PCI host bridge to bus 0000:4a
[    1.870248] pci_bus 0000:4a: root bus resource [io  0x9000-0x9fff window]
[    1.870249] pci_bus 0000:4a: root bus resource [mem 0xb1000000-0xbbbfffff window]
[    1.870250] pci_bus 0000:4a: root bus resource [mem 0x230000000000-0x23ffffffffff window]
[    1.870250] pci_bus 0000:4a: root bus resource [bus 4a-63]
[    1.870257] pci 0000:4a:00.0: [8086:09a2] type 00 class 0x088000
[    1.870328] pci 0000:4a:00.1: [8086:09a4] type 00 class 0x088000
[    1.870394] pci 0000:4a:00.2: [8086:09a3] type 00 class 0x088000
[    1.870468] pci 0000:4a:00.4: [8086:0998] type 00 class 0x060000
[    1.870548] pci_bus 0000:4a: on NUMA node 0
[    1.870607] ACPI: PCI Root Bridge [PC05] (domain 0000 [bus 64-7d])
[    1.870609] acpi PNP0A08:05: _OSC: OS supports [ExtendedConfig ASPM ClockPM Segments MSI HPX-Type3]
[    1.870699] acpi PNP0A08:05: PCIe AER handled by firmware
[    1.870804] acpi PNP0A08:05: _OSC: platform does not support [SHPCHotplug]
[    1.871003] acpi PNP0A08:05: _OSC: OS now controls [PCIeHotplug PME PCIeCapability LTR]
[    1.871004] acpi PNP0A08:05: FADT indicates ASPM is unsupported, using BIOS configuration
[    1.871113] PCI host bridge to bus 0000:64
[    1.871114] pci_bus 0000:64: root bus resource [io  0xa000-0xafff window]
[    1.871114] pci_bus 0000:64: root bus resource [mem 0xbbc00000-0xc5ffffff window]
[    1.871115] pci_bus 0000:64: root bus resource [mem 0x240000000000-0x24ffffffffff window]
[    1.871116] pci_bus 0000:64: root bus resource [bus 64-7d]
[    1.871123] pci 0000:64:00.0: [8086:09a2] type 00 class 0x088000
[    1.871192] pci 0000:64:00.1: [8086:09a4] type 00 class 0x088000
[    1.871260] pci 0000:64:00.2: [8086:09a3] type 00 class 0x088000
[    1.871329] pci 0000:64:00.4: [8086:0998] type 00 class 0x060000
[    1.871410] pci_bus 0000:64: on NUMA node 0
[    1.871466] ACPI: PCI Root Bridge [UC06] (domain 0000 [bus 7e])
[    1.871468] acpi PNP0A03:00: _OSC: OS supports [ExtendedConfig ASPM ClockPM Segments MSI HPX-Type3]
[    1.871544] acpi PNP0A03:00: PCIe AER handled by firmware
[    1.871633] acpi PNP0A03:00: _OSC: platform does not support [SHPCHotplug LTR]
[    1.871801] acpi PNP0A03:00: _OSC: OS now controls [PCIeHotplug PME PCIeCapability]
[    1.871802] acpi PNP0A03:00: FADT indicates ASPM is unsupported, using BIOS configuration
[    1.871934] PCI host bridge to bus 0000:7e
[    1.871935] pci_bus 0000:7e: root bus resource [bus 7e]
[    1.871941] pci 0000:7e:00.0: [8086:3450] type 00 class 0x088000
[    1.872014] pci 0000:7e:00.1: [8086:3451] type 00 class 0x088000
[    1.872082] pci 0000:7e:00.2: [8086:3452] type 00 class 0x088000
[    1.872157] pci 0000:7e:00.3: [8086:0998] type 00 class 0x060000
[    1.872226] pci 0000:7e:00.5: [8086:3455] type 00 class 0x088000
[    1.872299] pci 0000:7e:02.0: [8086:3440] type 00 class 0x088000
[    1.872425] pci 0000:7e:02.1: [8086:3441] type 00 class 0x088000
[    1.872543] pci 0000:7e:02.2: [8086:3442] type 00 class 0x088000
[    1.872664] pci 0000:7e:03.0: [8086:3440] type 00 class 0x088000
[    1.872757] pci 0000:7e:03.1: [8086:3441] type 00 class 0x088000
[    1.872843] pci 0000:7e:03.2: [8086:3442] type 00 class 0x088000
[    1.872940] pci 0000:7e:04.0: [8086:3440] type 00 class 0x088000
[    1.873070] pci 0000:7e:04.1: [8086:3441] type 00 class 0x088000
[    1.873197] pci 0000:7e:04.2: [8086:3442] type 00 class 0x088000
[    1.873323] pci 0000:7e:04.3: [8086:3443] type 00 class 0x088000
[    1.873452] pci 0000:7e:05.0: [8086:3445] type 00 class 0x088000
[    1.873581] pci 0000:7e:05.1: [8086:3446] type 00 class 0x088000
[    1.873703] pci 0000:7e:05.2: [8086:3447] type 00 class 0x088000
[    1.873827] pci 0000:7e:06.0: [8086:3445] type 00 class 0x088000
[    1.873923] pci 0000:7e:06.1: [8086:3446] type 00 class 0x088000
[    1.874013] pci 0000:7e:06.2: [8086:3447] type 00 class 0x088000
[    1.874111] pci 0000:7e:07.0: [8086:3445] type 00 class 0x088000
[    1.874242] pci 0000:7e:07.1: [8086:3446] type 00 class 0x088000
[    1.874374] pci 0000:7e:07.2: [8086:3447] type 00 class 0x088000
[    1.874503] pci 0000:7e:0b.0: [8086:3448] type 00 class 0x088000
[    1.874581] pci 0000:7e:0b.1: [8086:3448] type 00 class 0x088000
[    1.874657] pci 0000:7e:0b.2: [8086:344b] type 00 class 0x088000
[    1.874743] pci 0000:7e:0c.0: [8086:344a] type 00 class 0x110100
[    1.874846] pci 0000:7e:0d.0: [8086:344a] type 00 class 0x110100
[    1.874947] pci 0000:7e:0e.0: [8086:344a] type 00 class 0x110100
[    1.875101] pci 0000:7e:0f.0: [8086:344a] type 00 class 0x110100
[    1.875268] pci 0000:7e:1a.0: [8086:2880] type 00 class 0x110100
[    1.875368] pci 0000:7e:1b.0: [8086:2880] type 00 class 0x110100
[    1.875464] pci 0000:7e:1c.0: [8086:2880] type 00 class 0x110100
[    1.875623] pci 0000:7e:1d.0: [8086:2880] type 00 class 0x110100
[    1.875788] pci_bus 0000:7e: on NUMA node 0
[    1.875862] ACPI: PCI Root Bridge [UC07] (domain 0000 [bus 7f])
[    1.875864] acpi PNP0A03:01: _OSC: OS supports [ExtendedConfig ASPM ClockPM Segments MSI HPX-Type3]
[    1.875940] acpi PNP0A03:01: PCIe AER handled by firmware
[    1.876029] acpi PNP0A03:01: _OSC: platform does not support [SHPCHotplug LTR]
[    1.876197] acpi PNP0A03:01: _OSC: OS now controls [PCIeHotplug PME PCIeCapability]
[    1.876198] acpi PNP0A03:01: FADT indicates ASPM is unsupported, using BIOS configuration
[    1.876341] PCI host bridge to bus 0000:7f
[    1.876342] pci_bus 0000:7f: root bus resource [bus 7f]
[    1.876352] pci 0000:7f:00.0: [8086:344c] type 00 class 0x088000
[    1.876465] pci 0000:7f:00.1: [8086:344c] type 00 class 0x088000
[    1.876588] pci 0000:7f:00.2: [8086:344c] type 00 class 0x088000
[    1.876714] pci 0000:7f:00.3: [8086:344c] type 00 class 0x088000
[    1.876814] pci 0000:7f:00.4: [8086:344c] type 00 class 0x088000
[    1.876947] pci 0000:7f:00.5: [8086:344c] type 00 class 0x088000
[    1.877077] pci 0000:7f:00.6: [8086:344c] type 00 class 0x088000
[    1.877167] pci 0000:7f:00.7: [8086:344c] type 00 class 0x088000
[    1.877266] pci 0000:7f:01.0: [8086:344c] type 00 class 0x088000
[    1.877407] pci 0000:7f:01.1: [8086:344c] type 00 class 0x088000
[    1.877539] pci 0000:7f:01.2: [8086:344c] type 00 class 0x088000
[    1.877630] pci 0000:7f:01.3: [8086:344c] type 00 class 0x088000
[    1.877775] pci 0000:7f:01.4: [8086:344c] type 00 class 0x088000
[    1.877917] pci 0000:7f:01.5: [8086:344c] type 00 class 0x088000
[    1.878065] pci 0000:7f:01.6: [8086:344c] type 00 class 0x088000
[    1.878199] pci 0000:7f:01.7: [8086:344c] type 00 class 0x088000
[    1.878342] pci 0000:7f:02.0: [8086:344c] type 00 class 0x088000
[    1.878485] pci 0000:7f:02.1: [8086:344c] type 00 class 0x088000
[    1.878629] pci 0000:7f:02.2: [8086:344c] type 00 class 0x088000
[    1.878771] pci 0000:7f:02.3: [8086:344c] type 00 class 0x088000
[    1.878921] pci 0000:7f:02.4: [8086:344c] type 00 class 0x088000
[    1.879070] pci 0000:7f:02.5: [8086:344c] type 00 class 0x088000
[    1.879217] pci 0000:7f:02.6: [8086:344c] type 00 class 0x088000
[    1.879375] pci 0000:7f:02.7: [8086:344c] type 00 class 0x088000
[    1.879540] pci 0000:7f:03.0: [8086:344c] type 00 class 0x088000
[    1.879695] pci 0000:7f:03.1: [8086:344c] type 00 class 0x088000
[    1.879859] pci 0000:7f:03.2: [8086:344c] type 00 class 0x088000
[    1.880019] pci 0000:7f:03.3: [8086:344c] type 00 class 0x088000
[    1.880189] pci 0000:7f:0a.0: [8086:344d] type 00 class 0x088000
[    1.880303] pci 0000:7f:0a.1: [8086:344d] type 00 class 0x088000
[    1.880427] pci 0000:7f:0a.2: [8086:344d] type 00 class 0x088000
[    1.880551] pci 0000:7f:0a.3: [8086:344d] type 00 class 0x088000
[    1.880659] pci 0000:7f:0a.4: [8086:344d] type 00 class 0x088000
[    1.880792] pci 0000:7f:0a.5: [8086:344d] type 00 class 0x088000
[    1.880919] pci 0000:7f:0a.6: [8086:344d] type 00 class 0x088000
[    1.881011] pci 0000:7f:0a.7: [8086:344d] type 00 class 0x088000
[    1.881107] pci 0000:7f:0b.0: [8086:344d] type 00 class 0x088000
[    1.881246] pci 0000:7f:0b.1: [8086:344d] type 00 class 0x088000
[    1.881380] pci 0000:7f:0b.2: [8086:344d] type 00 class 0x088000
[    1.881471] pci 0000:7f:0b.3: [8086:344d] type 00 class 0x088000
[    1.881618] pci 0000:7f:0b.4: [8086:344d] type 00 class 0x088000
[    1.881763] pci 0000:7f:0b.5: [8086:344d] type 00 class 0x088000
[    1.881910] pci 0000:7f:0b.6: [8086:344d] type 00 class 0x088000
[    1.882041] pci 0000:7f:0b.7: [8086:344d] type 00 class 0x088000
[    1.882184] pci 0000:7f:0c.0: [8086:344d] type 00 class 0x088000
[    1.882327] pci 0000:7f:0c.1: [8086:344d] type 00 class 0x088000
[    1.882469] pci 0000:7f:0c.2: [8086:344d] type 00 class 0x088000
[    1.882613] pci 0000:7f:0c.3: [8086:344d] type 00 class 0x088000
[    1.882769] pci 0000:7f:0c.4: [8086:344d] type 00 class 0x088000
[    1.882915] pci 0000:7f:0c.5: [8086:344d] type 00 class 0x088000
[    1.883065] pci 0000:7f:0c.6: [8086:344d] type 00 class 0x088000
[    1.883222] pci 0000:7f:0c.7: [8086:344d] type 00 class 0x088000
[    1.883379] pci 0000:7f:0d.0: [8086:344d] type 00 class 0x088000
[    1.883537] pci 0000:7f:0d.1: [8086:344d] type 00 class 0x088000
[    1.883699] pci 0000:7f:0d.2: [8086:344d] type 00 class 0x088000
[    1.883859] pci 0000:7f:0d.3: [8086:344d] type 00 class 0x088000
[    1.884047] pci 0000:7f:1d.0: [8086:344f] type 00 class 0x088000
[    1.884169] pci 0000:7f:1d.1: [8086:3457] type 00 class 0x088000
[    1.884291] pci 0000:7f:1e.0: [8086:3458] type 00 class 0x088000
[    1.884370] pci 0000:7f:1e.1: [8086:3459] type 00 class 0x088000
[    1.884448] pci 0000:7f:1e.2: [8086:345a] type 00 class 0x088000
[    1.884524] pci 0000:7f:1e.3: [8086:345b] type 00 class 0x088000
[    1.884601] pci 0000:7f:1e.4: [8086:345c] type 00 class 0x088000
[    1.884678] pci 0000:7f:1e.5: [8086:345d] type 00 class 0x088000
[    1.884759] pci 0000:7f:1e.6: [8086:345e] type 00 class 0x088000
[    1.884836] pci 0000:7f:1e.7: [8086:345f] type 00 class 0x088000
[    1.884910] pci_bus 0000:7f: on NUMA node 0
[    1.885000] ACPI: PCI Root Bridge [PC06] (domain 0000 [bus 80])
[    1.885002] acpi PNP0A08:06: _OSC: OS supports [ExtendedConfig ASPM ClockPM Segments MSI HPX-Type3]
[    1.885095] acpi PNP0A08:06: PCIe AER handled by firmware
[    1.885199] acpi PNP0A08:06: _OSC: platform does not support [SHPCHotplug]
[    1.885399] acpi PNP0A08:06: _OSC: OS now controls [PCIeHotplug PME PCIeCapability LTR]
[    1.885399] acpi PNP0A08:06: FADT indicates ASPM is unsupported, using BIOS configuration
[    1.885541] PCI host bridge to bus 0000:80
[    1.885542] pci_bus 0000:80: root bus resource [io  0xb000-0xbfff window]
[    1.885542] pci_bus 0000:80: root bus resource [mem 0xc6800000-0xd0ffffff window]
[    1.885543] pci_bus 0000:80: root bus resource [mem 0x250000000000-0x25ffffffffff window]
[    1.885544] pci_bus 0000:80: root bus resource [bus 80]
[    1.885551] pci 0000:80:00.0: [8086:09a2] type 00 class 0x088000
[    1.885625] pci 0000:80:00.1: [8086:09a4] type 00 class 0x088000
[    1.885702] pci 0000:80:00.2: [8086:09a3] type 00 class 0x088000
[    1.885773] pci 0000:80:00.4: [8086:0998] type 00 class 0x060000
[    1.885844] pci 0000:80:02.0: [8086:09a6] type 00 class 0x088000
[    1.885853] pci 0000:80:02.0: reg 0x10: [mem 0xc6aa4000-0xc6aa5fff]
[    1.885913] pci 0000:80:02.1: [8086:09a7] type 00 class 0x088000
[    1.885922] pci 0000:80:02.1: reg 0x10: [mem 0xc6a00000-0xc6a7ffff]
[    1.885927] pci 0000:80:02.1: reg 0x14: [mem 0xc6980000-0xc69fffff]
[    1.885991] pci 0000:80:02.4: [8086:3456] type 00 class 0x130000
[    1.886002] pci 0000:80:02.4: reg 0x10: [mem 0xc6800000-0xc68fffff 64bit]
[    1.886008] pci 0000:80:02.4: reg 0x18: [mem 0xc6aa0000-0xc6aa3fff 64bit]
[    1.886014] pci 0000:80:02.4: reg 0x20: [mem 0xc6a80000-0xc6a9ffff 64bit]
[    1.886071] pci_bus 0000:80: on NUMA node 1
[    1.886139] ACPI: PCI Root Bridge [PC07] (domain 0000 [bus 81])
[    1.886141] acpi PNP0A08:07: _OSC: OS supports [ExtendedConfig ASPM ClockPM Segments MSI HPX-Type3]
[    1.886234] acpi PNP0A08:07: PCIe AER handled by firmware
[    1.886338] acpi PNP0A08:07: _OSC: platform does not support [SHPCHotplug]
[    1.886536] acpi PNP0A08:07: _OSC: OS now controls [PCIeHotplug PME PCIeCapability LTR]
[    1.886537] acpi PNP0A08:07: FADT indicates ASPM is unsupported, using BIOS configuration
[    1.886650] PCI host bridge to bus 0000:81
[    1.886651] pci_bus 0000:81: root bus resource [io  0xc000-0xcfff window]
[    1.886652] pci_bus 0000:81: root bus resource [mem 0xd1000000-0xdbbfffff window]
[    1.886653] pci_bus 0000:81: root bus resource [mem 0x260000000000-0x26ffffffffff window]
[    1.886653] pci_bus 0000:81: root bus resource [bus 81]
[    1.886660] pci 0000:81:00.0: [8086:09a2] type 00 class 0x088000
[    1.886723] pci 0000:81:00.1: [8086:09a4] type 00 class 0x088000
[    1.886783] pci 0000:81:00.2: [8086:09a3] type 00 class 0x088000
[    1.886846] pci 0000:81:00.4: [8086:0998] type 00 class 0x060000
[    1.886916] pci_bus 0000:81: on NUMA node 1
[    1.886975] ACPI: PCI Root Bridge [PC08] (domain 0000 [bus 82])
[    1.886977] acpi PNP0A08:08: _OSC: OS supports [ExtendedConfig ASPM ClockPM Segments MSI HPX-Type3]
[    1.887066] acpi PNP0A08:08: PCIe AER handled by firmware
[    1.887169] acpi PNP0A08:08: _OSC: platform does not support [SHPCHotplug]
[    1.887368] acpi PNP0A08:08: _OSC: OS now controls [PCIeHotplug PME PCIeCapability LTR]
[    1.887368] acpi PNP0A08:08: FADT indicates ASPM is unsupported, using BIOS configuration
[    1.887478] PCI host bridge to bus 0000:82
[    1.887478] pci_bus 0000:82: root bus resource [io  0xd000-0xdfff window]
[    1.887479] pci_bus 0000:82: root bus resource [mem 0xdbc00000-0xe67fffff window]
[    1.887480] pci_bus 0000:82: root bus resource [mem 0x270000000000-0x27ffffffffff window]
[    1.887481] pci_bus 0000:82: root bus resource [bus 82]
[    1.887487] pci 0000:82:00.0: [8086:09a2] type 00 class 0x088000
[    1.887550] pci 0000:82:00.1: [8086:09a4] type 00 class 0x088000
[    1.887613] pci 0000:82:00.2: [8086:09a3] type 00 class 0x088000
[    1.887679] pci 0000:82:00.4: [8086:0998] type 00 class 0x060000
[    1.887750] pci_bus 0000:82: on NUMA node 1
[    1.887836] ACPI: PCI Root Bridge [PC10] (domain 0000 [bus 83-f9])
[    1.887838] acpi PNP0A08:0a: _OSC: OS supports [ExtendedConfig ASPM ClockPM Segments MSI HPX-Type3]
[    1.887927] acpi PNP0A08:0a: PCIe AER handled by firmware
[    1.888031] acpi PNP0A08:0a: _OSC: platform does not support [SHPCHotplug]
[    1.888230] acpi PNP0A08:0a: _OSC: OS now controls [PCIeHotplug PME PCIeCapability LTR]
[    1.888230] acpi PNP0A08:0a: FADT indicates ASPM is unsupported, using BIOS configuration
[    1.888353] PCI host bridge to bus 0000:83
[    1.888354] pci_bus 0000:83: root bus resource [io  0xe000-0xefff window]
[    1.888355] pci_bus 0000:83: root bus resource [mem 0xe6800000-0xf13fffff window]
[    1.888356] pci_bus 0000:83: root bus resource [mem 0x280000000000-0x28ffffffffff window]
[    1.888357] pci_bus 0000:83: root bus resource [bus 83-f9]
[    1.888363] pci 0000:83:00.0: [8086:09a2] type 00 class 0x088000
[    1.888424] pci 0000:83:00.1: [8086:09a4] type 00 class 0x088000
[    1.888485] pci 0000:83:00.2: [8086:09a3] type 00 class 0x088000
[    1.888547] pci 0000:83:00.4: [8086:0998] type 00 class 0x060000
[    1.888615] pci_bus 0000:83: on NUMA node 1
[    1.888675] ACPI: PCI Root Bridge [PC11] (domain 0000 [bus fa])
[    1.888676] acpi PNP0A08:0b: _OSC: OS supports [ExtendedConfig ASPM ClockPM Segments MSI HPX-Type3]
[    1.888767] acpi PNP0A08:0b: PCIe AER handled by firmware
[    1.888871] acpi PNP0A08:0b: _OSC: platform does not support [SHPCHotplug]
[    1.889070] acpi PNP0A08:0b: _OSC: OS now controls [PCIeHotplug PME PCIeCapability LTR]
[    1.889071] acpi PNP0A08:0b: FADT indicates ASPM is unsupported, using BIOS configuration
[    1.889181] PCI host bridge to bus 0000:fa
[    1.889182] pci_bus 0000:fa: root bus resource [io  0xf000-0xffff window]
[    1.889183] pci_bus 0000:fa: root bus resource [mem 0xf1400000-0xfb7fffff window]
[    1.889183] pci_bus 0000:fa: root bus resource [mem 0x290000000000-0x29ffffffffff window]
[    1.889184] pci_bus 0000:fa: root bus resource [bus fa]
[    1.889191] pci 0000:fa:00.0: [8086:09a2] type 00 class 0x088000
[    1.889252] pci 0000:fa:00.1: [8086:09a4] type 00 class 0x088000
[    1.889314] pci 0000:fa:00.2: [8086:09a3] type 00 class 0x088000
[    1.889380] pci 0000:fa:00.4: [8086:0998] type 00 class 0x060000
[    1.889449] pci_bus 0000:fa: on NUMA node 1
[    1.889505] ACPI: PCI Root Bridge [UC16] (domain 0000 [bus fe])
[    1.889507] acpi PNP0A03:02: _OSC: OS supports [ExtendedConfig ASPM ClockPM Segments MSI HPX-Type3]
[    1.889582] acpi PNP0A03:02: PCIe AER handled by firmware
[    1.889671] acpi PNP0A03:02: _OSC: platform does not support [SHPCHotplug LTR]
[    1.889839] acpi PNP0A03:02: _OSC: OS now controls [PCIeHotplug PME PCIeCapability]
[    1.889840] acpi PNP0A03:02: FADT indicates ASPM is unsupported, using BIOS configuration
[    1.889969] PCI host bridge to bus 0000:fe
[    1.889970] pci_bus 0000:fe: root bus resource [bus fe]
[    1.889976] pci 0000:fe:00.0: [8086:3450] type 00 class 0x088000
[    1.890043] pci 0000:fe:00.1: [8086:3451] type 00 class 0x088000
[    1.890103] pci 0000:fe:00.2: [8086:3452] type 00 class 0x088000
[    1.890168] pci 0000:fe:00.3: [8086:0998] type 00 class 0x060000
[    1.890231] pci 0000:fe:00.5: [8086:3455] type 00 class 0x088000
[    1.890297] pci 0000:fe:02.0: [8086:3440] type 00 class 0x088000
[    1.890417] pci 0000:fe:02.1: [8086:3441] type 00 class 0x088000
[    1.890534] pci 0000:fe:02.2: [8086:3442] type 00 class 0x088000
[    1.890646] pci 0000:fe:03.0: [8086:3440] type 00 class 0x088000
[    1.890733] pci 0000:fe:03.1: [8086:3441] type 00 class 0x088000
[    1.890814] pci 0000:fe:03.2: [8086:3442] type 00 class 0x088000
[    1.890900] pci 0000:fe:04.0: [8086:3440] type 00 class 0x088000
[    1.891024] pci 0000:fe:04.1: [8086:3441] type 00 class 0x088000
[    1.891145] pci 0000:fe:04.2: [8086:3442] type 00 class 0x088000
[    1.891264] pci 0000:fe:04.3: [8086:3443] type 00 class 0x088000
[    1.891391] pci 0000:fe:05.0: [8086:3445] type 00 class 0x088000
[    1.891510] pci 0000:fe:05.1: [8086:3446] type 00 class 0x088000
[    1.891625] pci 0000:fe:05.2: [8086:3447] type 00 class 0x088000
[    1.891741] pci 0000:fe:06.0: [8086:3445] type 00 class 0x088000
[    1.891830] pci 0000:fe:06.1: [8086:3446] type 00 class 0x088000
[    1.891914] pci 0000:fe:06.2: [8086:3447] type 00 class 0x088000
[    1.892003] pci 0000:fe:07.0: [8086:3445] type 00 class 0x088000
[    1.892129] pci 0000:fe:07.1: [8086:3446] type 00 class 0x088000
[    1.892257] pci 0000:fe:07.2: [8086:3447] type 00 class 0x088000
[    1.892378] pci 0000:fe:0b.0: [8086:3448] type 00 class 0x088000
[    1.892454] pci 0000:fe:0b.1: [8086:3448] type 00 class 0x088000
[    1.892525] pci 0000:fe:0b.2: [8086:344b] type 00 class 0x088000
[    1.892602] pci 0000:fe:0c.0: [8086:344a] type 00 class 0x110100
[    1.892699] pci 0000:fe:0d.0: [8086:344a] type 00 class 0x110100
[    1.892789] pci 0000:fe:0e.0: [8086:344a] type 00 class 0x110100
[    1.892937] pci 0000:fe:0f.0: [8086:344a] type 00 class 0x110100
[    1.893102] pci 0000:fe:1a.0: [8086:2880] type 00 class 0x110100
[    1.893196] pci 0000:fe:1b.0: [8086:2880] type 00 class 0x110100
[    1.893286] pci 0000:fe:1c.0: [8086:2880] type 00 class 0x110100
[    1.893439] pci 0000:fe:1d.0: [8086:2880] type 00 class 0x110100
[    1.893595] pci_bus 0000:fe: on NUMA node 1
[    1.893666] ACPI: PCI Root Bridge [UC17] (domain 0000 [bus ff])
[    1.893668] acpi PNP0A03:03: _OSC: OS supports [ExtendedConfig ASPM ClockPM Segments MSI HPX-Type3]
[    1.893745] acpi PNP0A03:03: PCIe AER handled by firmware
[    1.893834] acpi PNP0A03:03: _OSC: platform does not support [SHPCHotplug LTR]
[    1.894008] acpi PNP0A03:03: _OSC: OS now controls [PCIeHotplug PME PCIeCapability]
[    1.894008] acpi PNP0A03:03: FADT indicates ASPM is unsupported, using BIOS configuration
[    1.894150] PCI host bridge to bus 0000:ff
[    1.894151] pci_bus 0000:ff: root bus resource [bus ff]
[    1.894161] pci 0000:ff:00.0: [8086:344c] type 00 class 0x088000
[    1.894271] pci 0000:ff:00.1: [8086:344c] type 00 class 0x088000
[    1.894386] pci 0000:ff:00.2: [8086:344c] type 00 class 0x088000
[    1.894486] pci 0000:ff:00.3: [8086:344c] type 00 class 0x088000
[    1.894613] pci 0000:ff:00.4: [8086:344c] type 00 class 0x088000
[    1.894732] pci 0000:ff:00.5: [8086:344c] type 00 class 0x088000
[    1.894829] pci 0000:ff:00.6: [8086:344c] type 00 class 0x088000
[    1.894957] pci 0000:ff:00.7: [8086:344c] type 00 class 0x088000
[    1.895083] pci 0000:ff:01.0: [8086:344c] type 00 class 0x088000
[    1.895219] pci 0000:ff:01.1: [8086:344c] type 00 class 0x088000
[    1.895348] pci 0000:ff:01.2: [8086:344c] type 00 class 0x088000
[    1.895433] pci 0000:ff:01.3: [8086:344c] type 00 class 0x088000
[    1.895577] pci 0000:ff:01.4: [8086:344c] type 00 class 0x088000
[    1.895716] pci 0000:ff:01.5: [8086:344c] type 00 class 0x088000
[    1.895859] pci 0000:ff:01.6: [8086:344c] type 00 class 0x088000
[    1.895987] pci 0000:ff:01.7: [8086:344c] type 00 class 0x088000
[    1.896123] pci 0000:ff:02.0: [8086:344c] type 00 class 0x088000
[    1.896259] pci 0000:ff:02.1: [8086:344c] type 00 class 0x088000
[    1.896393] pci 0000:ff:02.2: [8086:344c] type 00 class 0x088000
[    1.896533] pci 0000:ff:02.3: [8086:344c] type 00 class 0x088000
[    1.896675] pci 0000:ff:02.4: [8086:344c] type 00 class 0x088000
[    1.896813] pci 0000:ff:02.5: [8086:344c] type 00 class 0x088000
[    1.896958] pci 0000:ff:02.6: [8086:344c] type 00 class 0x088000
[    1.897101] pci 0000:ff:02.7: [8086:344c] type 00 class 0x088000
[    1.897254] pci 0000:ff:03.0: [8086:344c] type 00 class 0x088000
[    1.897411] pci 0000:ff:03.1: [8086:344c] type 00 class 0x088000
[    1.897567] pci 0000:ff:03.2: [8086:344c] type 00 class 0x088000
[    1.897725] pci 0000:ff:03.3: [8086:344c] type 00 class 0x088000
[    1.897897] pci 0000:ff:0a.0: [8086:344d] type 00 class 0x088000
[    1.898005] pci 0000:ff:0a.1: [8086:344d] type 00 class 0x088000
[    1.898119] pci 0000:ff:0a.2: [8086:344d] type 00 class 0x088000
[    1.898223] pci 0000:ff:0a.3: [8086:344d] type 00 class 0x088000
[    1.898346] pci 0000:ff:0a.4: [8086:344d] type 00 class 0x088000
[    1.898465] pci 0000:ff:0a.5: [8086:344d] type 00 class 0x088000
[    1.898562] pci 0000:ff:0a.6: [8086:344d] type 00 class 0x088000
[    1.898690] pci 0000:ff:0a.7: [8086:344d] type 00 class 0x088000
[    1.898824] pci 0000:ff:0b.0: [8086:344d] type 00 class 0x088000
[    1.898961] pci 0000:ff:0b.1: [8086:344d] type 00 class 0x088000
[    1.899090] pci 0000:ff:0b.2: [8086:344d] type 00 class 0x088000
[    1.899175] pci 0000:ff:0b.3: [8086:344d] type 00 class 0x088000
[    1.899313] pci 0000:ff:0b.4: [8086:344d] type 00 class 0x088000
[    1.899453] pci 0000:ff:0b.5: [8086:344d] type 00 class 0x088000
[    1.899594] pci 0000:ff:0b.6: [8086:344d] type 00 class 0x088000
[    1.899723] pci 0000:ff:0b.7: [8086:344d] type 00 class 0x088000
[    1.899863] pci 0000:ff:0c.0: [8086:344d] type 00 class 0x088000
[    1.899999] pci 0000:ff:0c.1: [8086:344d] type 00 class 0x088000
[    1.900135] pci 0000:ff:0c.2: [8086:344d] type 00 class 0x088000
[    1.900275] pci 0000:ff:0c.3: [8086:344d] type 00 class 0x088000
[    1.900411] pci 0000:ff:0c.4: [8086:344d] type 00 class 0x088000
[    1.900550] pci 0000:ff:0c.5: [8086:344d] type 00 class 0x088000
[    1.900696] pci 0000:ff:0c.6: [8086:344d] type 00 class 0x088000
[    1.900838] pci 0000:ff:0c.7: [8086:344d] type 00 class 0x088000
[    1.900997] pci 0000:ff:0d.0: [8086:344d] type 00 class 0x088000
[    1.901154] pci 0000:ff:0d.1: [8086:344d] type 00 class 0x088000
[    1.901302] pci 0000:ff:0d.2: [8086:344d] type 00 class 0x088000
[    1.901461] pci 0000:ff:0d.3: [8086:344d] type 00 class 0x088000
[    1.901638] pci 0000:ff:1d.0: [8086:344f] type 00 class 0x088000
[    1.901753] pci 0000:ff:1d.1: [8086:3457] type 00 class 0x088000
[    1.901869] pci 0000:ff:1e.0: [8086:3458] type 00 class 0x088000
[    1.901947] pci 0000:ff:1e.1: [8086:3459] type 00 class 0x088000
[    1.902026] pci 0000:ff:1e.2: [8086:345a] type 00 class 0x088000
[    1.902101] pci 0000:ff:1e.3: [8086:345b] type 00 class 0x088000
[    1.902176] pci 0000:ff:1e.4: [8086:345c] type 00 class 0x088000
[    1.902250] pci 0000:ff:1e.5: [8086:345d] type 00 class 0x088000
[    1.902325] pci 0000:ff:1e.6: [8086:345e] type 00 class 0x088000
[    1.902397] pci 0000:ff:1e.7: [8086:345f] type 00 class 0x088000
[    1.902470] pci_bus 0000:ff: on NUMA node 1
[    1.905999] HMAT: Memory (0x0 length 0x80000000) Flags:0003 Processor Domain:0 Memory Domain:0
[    1.905999] HMAT: Memory (0x100000000 length 0xf80000000) Flags:0003 Processor Domain:0 Memory Domain:0
[    1.905999] HMAT: Memory (0x2080000000 length 0x7e00000000) Flags:0003 Processor Domain:0 Memory Domain:2
[    1.905999] HMAT: Memory (0x1080000000 length 0x1000000000) Flags:0003 Processor Domain:1 Memory Domain:1
[    1.905999] HMAT: Memory (0x9e80000000 length 0x7e00000000) Flags:0003 Processor Domain:1 Memory Domain:3
[    1.905999] HMAT: Locality: Flags:00 Type:Read Latency Initiator Domains:2 Target Domains:4 Base:100
[    1.905999]   Initiator-Target[0-0]:7600 nsec
[    1.905999]   Initiator-Target[0-1]:13560 nsec
[    1.905999]   Initiator-Target[0-2]:25350 nsec
[    1.905999]   Initiator-Target[0-3]:31600 nsec
[    1.905999]   Initiator-Target[1-0]:13560 nsec
[    1.905999]   Initiator-Target[1-1]:7600 nsec
[    1.905999]   Initiator-Target[1-2]:31600 nsec
[    1.905999]   Initiator-Target[1-3]:25350 nsec
[    1.905999] HMAT: Locality: Flags:00 Type:Write Latency Initiator Domains:2 Target Domains:4 Base:100
[    1.905999]   Initiator-Target[0-0]:7600 nsec
[    1.905999]   Initiator-Target[0-1]:13560 nsec
[    1.905999]   Initiator-Target[0-2]:25350 nsec
[    1.905999]   Initiator-Target[0-3]:31600 nsec
[    1.905999]   Initiator-Target[1-0]:13560 nsec
[    1.905999]   Initiator-Target[1-1]:7600 nsec
[    1.905999]   Initiator-Target[1-2]:31600 nsec
[    1.905999]   Initiator-Target[1-3]:25350 nsec
[    1.905999] HMAT: Locality: Flags:00 Type:Read Bandwidth Initiator Domains:2 Target Domains:4 Base:1
[    1.905999]   Initiator-Target[0-0]:1790 MB/s
[    1.905999]   Initiator-Target[0-1]:1790 MB/s
[    1.905999]   Initiator-Target[0-2]:463 MB/s
[    1.905999]   Initiator-Target[0-3]:463 MB/s
[    1.905999]   Initiator-Target[1-0]:1790 MB/s
[    1.905999]   Initiator-Target[1-1]:1790 MB/s
[    1.905999]   Initiator-Target[1-2]:463 MB/s
[    1.905999]   Initiator-Target[1-3]:463 MB/s
[    1.905999] HMAT: Locality: Flags:00 Type:Write Bandwidth Initiator Domains:2 Target Domains:4 Base:1
[    1.905999]   Initiator-Target[0-0]:1910 MB/s
[    1.905999]   Initiator-Target[0-1]:1910 MB/s
[    1.905999]   Initiator-Target[0-2]:138 MB/s
[    1.905999]   Initiator-Target[0-3]:138 MB/s
[    1.905999]   Initiator-Target[1-0]:1910 MB/s
[    1.905999]   Initiator-Target[1-1]:1910 MB/s
[    1.905999]   Initiator-Target[1-2]:138 MB/s
[    1.905999]   Initiator-Target[1-3]:138 MB/s
[    1.905999] WARNING: CPU: 15 PID: 1 at drivers/base/node.c:191 node_set_perf_attrs+0x90/0xb0
[    1.905999] Modules linked in:
[    1.905999] CPU: 15 PID: 1 Comm: swapper/0 Not tainted 5.3.1-multiclock #1
[    1.905999] Hardware name: Dell Inc. PowerEdge R750/0K8F35, BIOS 1.10.2 03/03/2023
[    1.905999] RIP: 0010:node_set_perf_attrs+0x90/0xb0
[    1.905999] Code: f4 02 00 00 4c 89 ea 4c 89 e7 e8 bb bf c7 ff 85 c0 75 24 48 83 c3 08 48 8b 33 48 85 f6 75 e5 5b 41 5a 41 5c 41 5d 41 5e 5d c3 <0f> 0b 5b 41 5a 41 5c 41 5d 41 5e 5d c3 44 89 f6 48 c7 c7 70 5b 3a
[    1.905999] RSP: 0000:ffffab4b40117d80 EFLAGS: 00010246
[    1.905999] RAX: 0000000000000002 RBX: 0000000000000003 RCX: 0000000000000000
[    1.905999] RDX: 0000000000000000 RSI: ffff990eb90abfd8 RDI: 0000000000000002
[    1.905999] RBP: ffffab4b40117da8 R08: ffff990eb9307d50 R09: 0000000000000000
[    1.905999] R10: ffff990ec0e09d48 R11: ffff990ec10740d0 R12: ffff990eb90abfc0
[    1.905999] R13: ffffffff93adb310 R14: 0000000000000005 R15: ffffffff93895806
[    1.905999] FS:  0000000000000000(0000) GS:ffff991f5d9c0000(0000) knlGS:0000000000000000
[    1.905999] CS:  0010 DS: 0000 ES: 0000 CR0: 0000000080050033
[    1.905999] CR2: 0000000000000000 CR3: 000000064320a001 CR4: 0000000000760ee0
[    1.905999] DR0: 0000000000000000 DR1: 0000000000000000 DR2: 0000000000000000
[    1.905999] DR3: 0000000000000000 DR6: 00000000fffe0ff0 DR7: 0000000000000400
[    1.905999] PKRU: 55555554
[    1.905999] Call Trace:
[    1.905999]  hmat_init+0x32a/0x43c
[    1.905999]  ? hmat_parse_subtable+0x503/0x503
[    1.905999]  ? set_debug_rodata+0x17/0x17
[    1.905999]  do_one_initcall+0x4a/0x1fa
[    1.905999]  kernel_init_freeable+0x1c6/0x26d
[    1.905999]  ? rest_init+0xb0/0xb0
[    1.905999]  kernel_init+0xe/0x110
[    1.905999]  ret_from_fork+0x1f/0x40
[    1.905999] ---[ end trace 4f30d18e26932aa6 ]---
[    1.906014] pci 0000:03:00.0: vgaarb: setting as boot VGA device
[    1.906014] pci 0000:03:00.0: vgaarb: VGA device added: decodes=io+mem,owns=io+mem,locks=none
[    1.906068] pci 0000:03:00.0: vgaarb: bridge control possible
[    1.906069] vgaarb: loaded
[    1.906271] SCSI subsystem initialized
[    1.906413] libata version 3.00 loaded.
[    1.906413] ACPI: bus type USB registered
[    1.906413] usbcore: registered new interface driver usbfs
[    1.906413] usbcore: registered new interface driver hub
[    1.906413] usbcore: registered new device driver usb
[    1.906413] pps_core: LinuxPPS API ver. 1 registered
[    1.906413] pps_core: Software ver. 5.3.6 - Copyright 2005-2007 Rodolfo Giometti <giometti@linux.it>
[    1.906413] PTP clock support registered
[    1.906480] EDAC MC: Ver: 3.0.0
[    1.906708] Registered efivars operations
[    1.910028] PCI: Using ACPI for IRQ routing
[    1.910028] PCI: pci_cache_line_size set to 64 bytes
[    1.910580] e820: reserve RAM buffer [mem 0x0008f000-0x0008ffff]
[    1.910582] e820: reserve RAM buffer [mem 0x47bcd020-0x47ffffff]
[    1.910583] e820: reserve RAM buffer [mem 0x47bff020-0x47ffffff]
[    1.910583] e820: reserve RAM buffer [mem 0x47c32020-0x47ffffff]
[    1.910584] e820: reserve RAM buffer [mem 0x47c65020-0x47ffffff]
[    1.910585] e820: reserve RAM buffer [mem 0x49e77000-0x4bffffff]
[    1.910585] e820: reserve RAM buffer [mem 0x4b2cf000-0x4bffffff]
[    1.910586] e820: reserve RAM buffer [mem 0x4bd94000-0x4bffffff]
[    1.910587] e820: reserve RAM buffer [mem 0x4ce00000-0x4fffffff]
[    1.910587] e820: reserve RAM buffer [mem 0x5eefe000-0x5fffffff]
[    1.910588] e820: reserve RAM buffer [mem 0x6f800000-0x6fffffff]
[    1.910876] NetLabel: Initializing
[    1.910877] NetLabel:  domain hash size = 128
[    1.910877] NetLabel:  protocols = UNLABELED CIPSOv4 CALIPSO
[    1.910902] NetLabel:  unlabeled traffic allowed by default
[    1.915361] hpet0: at MMIO 0xfed00000, IRQs 2, 8, 0, 0, 0, 0, 0, 0
[    1.915364] hpet0: 8 comparators, 64-bit 24.000000 MHz counter
[    1.918191] clocksource: Switched to clocksource tsc-early
[    1.929311] VFS: Disk quotas dquot_6.6.0
[    1.929352] VFS: Dquot-cache hash table entries: 512 (order 0, 4096 bytes)
[    1.929631] *** VALIDATE hugetlbfs ***
[    1.929748] AppArmor: AppArmor Filesystem Enabled
[    1.929767] pnp: PnP ACPI init
[    1.945202] pnp 00:00: Plug and Play ACPI device, IDs PNP0b00 (active)
[    1.945363] system 00:01: [io  0x0500-0x05fe] has been reserved
[    1.945364] system 00:01: [io  0x0400-0x041f] has been reserved
[    1.945365] system 00:01: [io  0x0600-0x061f] has been reserved
[    1.945366] system 00:01: [io  0x0ca0-0x0ca1] has been reserved
[    1.945367] system 00:01: [io  0x0ca4-0x0ca6] has been reserved
[    1.945369] system 00:01: [mem 0xff000000-0xffffffff] has been reserved
[    1.945372] system 00:01: Plug and Play ACPI device, IDs PNP0c02 (active)
[    1.945620] pnp 00:02: Plug and Play ACPI device, IDs PNP0501 (active)
[    1.945827] pnp 00:03: Plug and Play ACPI device, IDs PNP0501 (active)
[    1.945985] system 00:04: [mem 0xfd000000-0xfdabffff] has been reserved
[    1.945987] system 00:04: [mem 0xfdad0000-0xfdadffff] has been reserved
[    1.945987] system 00:04: [mem 0xfdb00000-0xfdffffff] has been reserved
[    1.945989] system 00:04: [mem 0xfe000000-0xfe00ffff] has been reserved
[    1.945990] system 00:04: [mem 0xfe011000-0xfe01ffff] has been reserved
[    1.945991] system 00:04: [mem 0xfe036000-0xfe03bfff] has been reserved
[    1.945992] system 00:04: [mem 0xfe03d000-0xfe3fffff] has been reserved
[    1.945993] system 00:04: [mem 0xfe410000-0xfe7fffff] has been reserved
[    1.945995] system 00:04: Plug and Play ACPI device, IDs PNP0c02 (active)
[    1.946327] system 00:05: [io  0x1000-0x10fe] has been reserved
[    1.946329] system 00:05: Plug and Play ACPI device, IDs PNP0c02 (active)
[    1.947322] pnp: PnP ACPI: found 6 devices
[    1.948781] thermal_sys: Registered thermal governor 'fair_share'
[    1.948781] thermal_sys: Registered thermal governor 'bang_bang'
[    1.948782] thermal_sys: Registered thermal governor 'step_wise'
[    1.948782] thermal_sys: Registered thermal governor 'user_space'
[    1.948783] thermal_sys: Registered thermal governor 'power_allocator'
[    1.953278] clocksource: acpi_pm: mask: 0xffffff max_cycles: 0xffffff, max_idle_ns: 2085701024 ns
[    1.953302] pci 0000:04:00.0: can't claim BAR 6 [mem 0xfffc0000-0xffffffff pref]: no compatible bridge window
[    1.953303] pci 0000:04:00.1: can't claim BAR 6 [mem 0xfffc0000-0xffffffff pref]: no compatible bridge window
[    1.953305] pci 0000:17:00.0: can't claim BAR 6 [mem 0xfff00000-0xffffffff pref]: no compatible bridge window
[    1.953320] pci 0000:00:1c.5: BAR 14: assigned [mem 0x90000000-0x900fffff]
[    1.953322] pci 0000:00:1c.0: PCI bridge to [bus 01]
[    1.953332] pci 0000:02:00.0: PCI bridge to [bus 03]
[    1.953336] pci 0000:02:00.0:   bridge window [mem 0x92000000-0x928fffff]
[    1.953340] pci 0000:02:00.0:   bridge window [mem 0x91000000-0x91ffffff 64bit pref]
[    1.953345] pci 0000:00:1c.4: PCI bridge to [bus 02-03]
[    1.953349] pci 0000:00:1c.4:   bridge window [mem 0x92000000-0x928fffff]
[    1.953351] pci 0000:00:1c.4:   bridge window [mem 0x91000000-0x91ffffff 64bit pref]
[    1.953356] pci 0000:04:00.0: BAR 6: assigned [mem 0x90000000-0x9003ffff pref]
[    1.953357] pci 0000:04:00.1: BAR 6: assigned [mem 0x90040000-0x9007ffff pref]
[    1.953358] pci 0000:00:1c.5: PCI bridge to [bus 04]
[    1.953361] pci 0000:00:1c.5:   bridge window [mem 0x90000000-0x900fffff]
[    1.953363] pci 0000:00:1c.5:   bridge window [mem 0x92900000-0x929fffff 64bit pref]
[    1.953368] pci_bus 0000:00: resource 4 [io  0x0000-0x0cf7 window]
[    1.953368] pci_bus 0000:00: resource 5 [io  0x1000-0x4fff window]
[    1.953369] pci_bus 0000:00: resource 6 [mem 0x000a0000-0x000bffff window]
