2024年 06月 30日 星期日 18:53:22 CST
pgmigrate_success 7579
pgmigrate_fail 1
pgmigrate_dst_node_full_fail 0
pgmigrate_numa_isolate_fail 2
pgmigrate_nomem_fail 1
pgmigrate_refcount_fail 0
thp_fault_alloc 0
thp_fault_fallback 0
thp_collapse_alloc 0
thp_collapse_alloc_failed 0
thp_file_alloc 0
thp_file_mapped 0
thp_split_page 0
thp_split_page_failed 0
thp_deferred_split_page 0
thp_split_pmd 0
thp_split_pud 0
thp_zero_page_alloc 0
thp_zero_page_alloc_failed 0
thp_swpout 0
thp_swpout_fallback 0
MemTotal:       1123314996 kB
MemFree:        1092576324 kB
MemAvailable:   1090278872 kB
Buffers:            8232 kB
Cached:           454636 kB
SwapCached:            0 kB
Active:           633644 kB
Inactive:         407472 kB
Active(anon):     559056 kB
Inactive(anon):    25500 kB
Active(file):      74588 kB
Inactive(file):   381972 kB
Unevictable:           0 kB
Mlocked:               0 kB
SwapTotal:       2097148 kB
SwapFree:        2097148 kB
Dirty:               508 kB
Writeback:             0 kB
AnonPages:        578600 kB
Mapped:           450756 kB
Shmem:              6200 kB
KReclaimable:     231232 kB
Slab:             589360 kB
SReclaimable:     231232 kB
SUnreclaim:       358128 kB
KernelStack:       34896 kB
PageTables:        27872 kB
NFS_Unstable:          0 kB
Bounce:                0 kB
WritebackTmp:          0 kB
CommitLimit:    563754644 kB
Committed_AS:    6746156 kB
VmallocTotal:   34359738367 kB
VmallocUsed:      162484 kB
VmallocChunk:          0 kB
Percpu:           121856 kB
HardwareCorrupted:     0 kB
AnonHugePages:         0 kB
ShmemHugePages:        0 kB
ShmemPmdMapped:        0 kB
CmaTotal:              0 kB
CmaFree:               0 kB
HugePages_Total:       0
HugePages_Free:        0
HugePages_Rsvd:        0
HugePages_Surp:        0
Hugepagesize:       2048 kB
Hugetlb:               0 kB
DirectMap4k:     1252836 kB
DirectMap2M:     8669184 kB
DirectMap1G:    1179648000 kB
2024年 06月 30日 星期日 20:15:43 CST
pgmigrate_success 20027
pgmigrate_fail 2
pgmigrate_dst_node_full_fail 0
pgmigrate_numa_isolate_fail 12
pgmigrate_nomem_fail 2
pgmigrate_refcount_fail 0
thp_fault_alloc 18059
thp_fault_fallback 0
thp_collapse_alloc 1529
thp_collapse_alloc_failed 1
thp_file_alloc 0
thp_file_mapped 0
thp_split_page 0
thp_split_page_failed 0
thp_deferred_split_page 19557
thp_split_pmd 545
thp_split_pud 0
thp_zero_page_alloc 0
thp_zero_page_alloc_failed 0
thp_swpout 0
thp_swpout_fallback 0
MemTotal:       1123314996 kB
MemFree:        1089744864 kB
MemAvailable:   1089178712 kB
Buffers:          119632 kB
Cached:          3076512 kB
SwapCached:            0 kB
Active:          3129400 kB
Inactive:         684392 kB
Active(anon):     577604 kB
Inactive(anon):    45676 kB
Active(file):    2551796 kB
Inactive(file):   638716 kB
Unevictable:           0 kB
Mlocked:               0 kB
SwapTotal:       2097148 kB
SwapFree:        2097148 kB
Dirty:                 4 kB
Writeback:             0 kB
AnonPages:        617412 kB
Mapped:           451848 kB
Shmem:              6208 kB
KReclaimable:     286272 kB
Slab:             671224 kB
SReclaimable:     286272 kB
SUnreclaim:       384952 kB
KernelStack:       33504 kB
PageTables:        28204 kB
NFS_Unstable:          0 kB
Bounce:                0 kB
WritebackTmp:          0 kB
CommitLimit:    563754644 kB
Committed_AS:    6648564 kB
VmallocTotal:   34359738367 kB
VmallocUsed:      160996 kB
VmallocChunk:          0 kB
Percpu:           121856 kB
HardwareCorrupted:     0 kB
AnonHugePages:         0 kB
ShmemHugePages:        0 kB
ShmemPmdMapped:        0 kB
CmaTotal:              0 kB
CmaFree:               0 kB
HugePages_Total:       0
HugePages_Free:        0
HugePages_Rsvd:        0
HugePages_Surp:        0
Hugepagesize:       2048 kB
Hugetlb:               0 kB
DirectMap4k:     1271268 kB
DirectMap2M:     8650752 kB
DirectMap1G:    1179648000 kB
