[    0.000000] Linux version 5.18.0 (xmu@xmu-PowerEdge-R750) (gcc (Ubuntu 8.4.0-1ubuntu1~18.04) 8.4.0, GNU ld (GNU Binutils for Ubuntu) 2.30) #1 SMP PREEMPT_DYNAMIC Sat Apr 6 15:16:25 CST 2024
[    0.000000] Command line: BOOT_IMAGE=/boot/vmlinuz-5.18.0 root=UUID=ce0c24b8-724b-4f33-9b2c-618433560aef ro memmap=9G!55G quiet splash nomodeset vt.handoff=1
[    0.000000] KERNEL supported cpus:
[    0.000000]   Intel GenuineIntel
[    0.000000]   AMD AuthenticAMD
[    0.000000]   Hygon HygonGenuine
[    0.000000]   Centaur CentaurHauls
[    0.000000]   zhaoxin   Shanghai  
[    0.000000] x86/split lock detection: #AC: crashing the kernel on kernel split_locks and warning on user-space split_locks
[    0.000000] x86/fpu: Supporting XSAVE feature 0x001: 'x87 floating point registers'
[    0.000000] x86/fpu: Supporting XSAVE feature 0x002: 'SSE registers'
[    0.000000] x86/fpu: Supporting XSAVE feature 0x004: 'AVX registers'
[    0.000000] x86/fpu: Supporting XSAVE feature 0x020: 'AVX-512 opmask'
[    0.000000] x86/fpu: Supporting XSAVE feature 0x040: 'AVX-512 Hi256'
[    0.000000] x86/fpu: Supporting XSAVE feature 0x080: 'AVX-512 ZMM_Hi256'
[    0.000000] x86/fpu: Supporting XSAVE feature 0x200: 'Protection Keys User registers'
[    0.000000] x86/fpu: xstate_offset[2]:  576, xstate_sizes[2]:  256
[    0.000000] x86/fpu: xstate_offset[5]:  832, xstate_sizes[5]:   64
[    0.000000] x86/fpu: xstate_offset[6]:  896, xstate_sizes[6]:  512
[    0.000000] x86/fpu: xstate_offset[7]: 1408, xstate_sizes[7]: 1024
[    0.000000] x86/fpu: xstate_offset[9]: 2432, xstate_sizes[9]:    8
[    0.000000] x86/fpu: Enabled xstate features 0x2e7, context size is 2440 bytes, using 'compacted' format.
[    0.000000] signal: max sigframe size: 3632
[    0.000000] BIOS-provided physical RAM map:
[    0.000000] BIOS-e820: [mem 0x0000000000000000-0x000000000008efff] usable
[    0.000000] BIOS-e820: [mem 0x000000000008f000-0x000000000008ffff] reserved
[    0.000000] BIOS-e820: [mem 0x0000000000090000-0x000000000009ffff] usable
[    0.000000] BIOS-e820: [mem 0x00000000000a0000-0x00000000000fffff] reserved
[    0.000000] BIOS-e820: [mem 0x0000000000100000-0x0000000049e76fff] usable
[    0.000000] BIOS-e820: [mem 0x0000000049e77000-0x000000004ae76fff] ACPI NVS
[    0.000000] BIOS-e820: [mem 0x000000004ae77000-0x000000004b2cefff] usable
[    0.000000] BIOS-e820: [mem 0x000000004b2cf000-0x000000004b54dfff] ACPI data
[    0.000000] BIOS-e820: [mem 0x000000004b54e000-0x000000004bd93fff] usable
[    0.000000] BIOS-e820: [mem 0x000000004bd94000-0x000000004be99fff] reserved
[    0.000000] BIOS-e820: [mem 0x000000004be9a000-0x000000004cdfffff] usable
[    0.000000] BIOS-e820: [mem 0x000000004ce00000-0x000000004cffffff] reserved
[    0.000000] BIOS-e820: [mem 0x000000004d000000-0x000000005eefdfff] usable
[    0.000000] BIOS-e820: [mem 0x000000005eefe000-0x000000006e3fefff] reserved
[    0.000000] BIOS-e820: [mem 0x000000006e3ff000-0x000000006f3fefff] ACPI NVS
[    0.000000] BIOS-e820: [mem 0x000000006f3ff000-0x000000006f7fefff] ACPI data
[    0.000000] BIOS-e820: [mem 0x000000006f7ff000-0x000000006f7fffff] usable
[    0.000000] BIOS-e820: [mem 0x000000006f800000-0x000000008fffffff] reserved
[    0.000000] BIOS-e820: [mem 0x00000000fe000000-0x00000000fe010fff] reserved
[    0.000000] BIOS-e820: [mem 0x0000000100000000-0x000000207fffffff] usable
[    0.000000] BIOS-e820: [mem 0x0000002080000000-0x0000011c7fffffff] persistent (type 7)
[    0.000000] BIOS-e820: [mem 0x00001ffc00000000-0x00001fffffffffff] reserved
[    0.000000] NX (Execute Disable) protection: active
[    0.000000] e820: update [mem 0x46d5c020-0x46d6405f] usable ==> usable
[    0.000000] e820: update [mem 0x46d5c020-0x46d6405f] usable ==> usable
[    0.000000] e820: update [mem 0x46d29020-0x46d5bc5f] usable ==> usable
[    0.000000] e820: update [mem 0x46d29020-0x46d5bc5f] usable ==> usable
[    0.000000] e820: update [mem 0x46cf6020-0x46d28c5f] usable ==> usable
[    0.000000] e820: update [mem 0x46cf6020-0x46d28c5f] usable ==> usable
[    0.000000] e820: update [mem 0x46cc4020-0x46cf5a5f] usable ==> usable
[    0.000000] e820: update [mem 0x46cc4020-0x46cf5a5f] usable ==> usable
[    0.000000] extended physical RAM map:
[    0.000000] reserve setup_data: [mem 0x0000000000000000-0x000000000008efff] usable
[    0.000000] reserve setup_data: [mem 0x000000000008f000-0x000000000008ffff] reserved
[    0.000000] reserve setup_data: [mem 0x0000000000090000-0x000000000009ffff] usable
[    0.000000] reserve setup_data: [mem 0x00000000000a0000-0x00000000000fffff] reserved
[    0.000000] reserve setup_data: [mem 0x0000000000100000-0x0000000046cc401f] usable
[    0.000000] reserve setup_data: [mem 0x0000000046cc4020-0x0000000046cf5a5f] usable
[    0.000000] reserve setup_data: [mem 0x0000000046cf5a60-0x0000000046cf601f] usable
[    0.000000] reserve setup_data: [mem 0x0000000046cf6020-0x0000000046d28c5f] usable
[    0.000000] reserve setup_data: [mem 0x0000000046d28c60-0x0000000046d2901f] usable
[    0.000000] reserve setup_data: [mem 0x0000000046d29020-0x0000000046d5bc5f] usable
[    0.000000] reserve setup_data: [mem 0x0000000046d5bc60-0x0000000046d5c01f] usable
[    0.000000] reserve setup_data: [mem 0x0000000046d5c020-0x0000000046d6405f] usable
[    0.000000] reserve setup_data: [mem 0x0000000046d64060-0x0000000049e76fff] usable
[    0.000000] reserve setup_data: [mem 0x0000000049e77000-0x000000004ae76fff] ACPI NVS
[    0.000000] reserve setup_data: [mem 0x000000004ae77000-0x000000004b2cefff] usable
[    0.000000] reserve setup_data: [mem 0x000000004b2cf000-0x000000004b54dfff] ACPI data
[    0.000000] reserve setup_data: [mem 0x000000004b54e000-0x000000004bd93fff] usable
[    0.000000] reserve setup_data: [mem 0x000000004bd94000-0x000000004be99fff] reserved
[    0.000000] reserve setup_data: [mem 0x000000004be9a000-0x000000004cdfffff] usable
[    0.000000] reserve setup_data: [mem 0x000000004ce00000-0x000000004cffffff] reserved
[    0.000000] reserve setup_data: [mem 0x000000004d000000-0x000000005eefdfff] usable
[    0.000000] reserve setup_data: [mem 0x000000005eefe000-0x000000006e3fefff] reserved
[    0.000000] reserve setup_data: [mem 0x000000006e3ff000-0x000000006f3fefff] ACPI NVS
[    0.000000] reserve setup_data: [mem 0x000000006f3ff000-0x000000006f7fefff] ACPI data
[    0.000000] reserve setup_data: [mem 0x000000006f7ff000-0x000000006f7fffff] usable
[    0.000000] reserve setup_data: [mem 0x000000006f800000-0x000000008fffffff] reserved
[    0.000000] reserve setup_data: [mem 0x00000000fe000000-0x00000000fe010fff] reserved
[    0.000000] reserve setup_data: [mem 0x0000000100000000-0x0000000dbfffffff] usable
[    0.000000] reserve setup_data: [mem 0x0000000dc0000000-0x0000000fffffffff] persistent (type 12)
[    0.000000] reserve setup_data: [mem 0x0000001000000000-0x000000207fffffff] usable
[    0.000000] reserve setup_data: [mem 0x0000002080000000-0x0000011c7fffffff] persistent (type 7)
[    0.000000] reserve setup_data: [mem 0x00001ffc00000000-0x00001fffffffffff] reserved
[    0.000000] user-defined physical RAM map:
[    0.000000] user: [mem 0x0000000000000000-0x000000000008efff] usable
[    0.000000] user: [mem 0x000000000008f000-0x000000000008ffff] reserved
[    0.000000] user: [mem 0x0000000000090000-0x000000000009ffff] usable
[    0.000000] user: [mem 0x00000000000a0000-0x00000000000fffff] reserved
[    0.000000] user: [mem 0x0000000000100000-0x0000000046cc401f] usable
[    0.000000] user: [mem 0x0000000046cc4020-0x0000000046cf5a5f] usable
[    0.000000] user: [mem 0x0000000046cf5a60-0x0000000046cf601f] usable
[    0.000000] user: [mem 0x0000000046cf6020-0x0000000046d28c5f] usable
[    0.000000] user: [mem 0x0000000046d28c60-0x0000000046d2901f] usable
[    0.000000] user: [mem 0x0000000046d29020-0x0000000046d5bc5f] usable
[    0.000000] user: [mem 0x0000000046d5bc60-0x0000000046d5c01f] usable
[    0.000000] user: [mem 0x0000000046d5c020-0x0000000046d6405f] usable
[    0.000000] user: [mem 0x0000000046d64060-0x0000000049e76fff] usable
[    0.000000] user: [mem 0x0000000049e77000-0x000000004ae76fff] ACPI NVS
[    0.000000] user: [mem 0x000000004ae77000-0x000000004b2cefff] usable
[    0.000000] user: [mem 0x000000004b2cf000-0x000000004b54dfff] ACPI data
[    0.000000] user: [mem 0x000000004b54e000-0x000000004bd93fff] usable
[    0.000000] user: [mem 0x000000004bd94000-0x000000004be99fff] reserved
[    0.000000] user: [mem 0x000000004be9a000-0x000000004cdfffff] usable
[    0.000000] user: [mem 0x000000004ce00000-0x000000004cffffff] reserved
[    0.000000] user: [mem 0x000000004d000000-0x000000005eefdfff] usable
[    0.000000] user: [mem 0x000000005eefe000-0x000000006e3fefff] reserved
[    0.000000] user: [mem 0x000000006e3ff000-0x000000006f3fefff] ACPI NVS
[    0.000000] user: [mem 0x000000006f3ff000-0x000000006f7fefff] ACPI data
[    0.000000] user: [mem 0x000000006f7ff000-0x000000006f7fffff] usable
[    0.000000] user: [mem 0x000000006f800000-0x000000008fffffff] reserved
[    0.000000] user: [mem 0x00000000fe000000-0x00000000fe010fff] reserved
[    0.000000] user: [mem 0x0000000100000000-0x0000000dbfffffff] usable
[    0.000000] user: [mem 0x0000000dc0000000-0x0000000fffffffff] persistent (type 12)
[    0.000000] user: [mem 0x0000001000000000-0x000000207fffffff] usable
[    0.000000] user: [mem 0x0000002080000000-0x0000011c7fffffff] persistent (type 7)
[    0.000000] user: [mem 0x00001ffc00000000-0x00001fffffffffff] reserved
[    0.000000] efi: EFI v2.70 by Dell Inc.
[    0.000000] efi: ACPI=0x6f7fe000 ACPI 2.0=0x6f7fe014 MEMATTR=0x5b071020 SMBIOS=0x69526000 SMBIOS 3.0=0x69524000 MOKvar=0x5ef81000 RNG=0x5ef8a920 
[    0.000000] efi: seeding entropy pool
[    0.000000] SMBIOS 3.3.0 present.
[    0.000000] DMI: Dell Inc. PowerEdge R750/0K8F35, BIOS 1.10.2 03/03/2023
[    0.000000] tsc: Detected 2000.000 MHz processor
[    0.000007] e820: update [mem 0x00000000-0x00000fff] usable ==> reserved
[    0.000010] e820: remove [mem 0x000a0000-0x000fffff] usable
[    0.000018] last_pfn = 0x2080000 max_arch_pfn = 0x400000000
[    0.000231] x86/PAT: Configuration [0-7]: WB  WC  UC- UC  WB  WP  UC- WT  
[    0.003145] total RAM covered: 2095088M
[    0.003230]  gran_size: 64K 	chunk_size: 64K 	num_reg: 10  	lose cover RAM: 2016G
[    0.003233]  gran_size: 64K 	chunk_size: 128K 	num_reg: 10  	lose cover RAM: 2016G
[    0.003235]  gran_size: 64K 	chunk_size: 256K 	num_reg: 10  	lose cover RAM: 2016G
[    0.003236]  gran_size: 64K 	chunk_size: 512K 	num_reg: 10  	lose cover RAM: 2016G
[    0.003237]  gran_size: 64K 	chunk_size: 1M 	num_reg: 10  	lose cover RAM: 2016G
[    0.003239]  gran_size: 64K 	chunk_size: 2M 	num_reg: 10  	lose cover RAM: 2016G
[    0.003240]  gran_size: 64K 	chunk_size: 4M 	num_reg: 10  	lose cover RAM: 2016G
[    0.003241]  gran_size: 64K 	chunk_size: 8M 	num_reg: 10  	lose cover RAM: 2016G
[    0.003243]  gran_size: 64K 	chunk_size: 16M 	num_reg: 10  	lose cover RAM: 2016G
[    0.003244]  gran_size: 64K 	chunk_size: 32M 	num_reg: 10  	lose cover RAM: 1024G
[    0.003246]  gran_size: 64K 	chunk_size: 64M 	num_reg: 10  	lose cover RAM: 1024G
[    0.003247]  gran_size: 64K 	chunk_size: 128M 	num_reg: 10  	lose cover RAM: 1024G
[    0.003249]  gran_size: 64K 	chunk_size: 256M 	num_reg: 10  	lose cover RAM: 1024G
[    0.003250]  gran_size: 64K 	chunk_size: 512M 	num_reg: 10  	lose cover RAM: 1024G
[    0.003252]  gran_size: 64K 	chunk_size: 1G 	num_reg: 10  	lose cover RAM: 1024G
[    0.003253]  gran_size: 64K 	chunk_size: 2G 	num_reg: 10  	lose cover RAM: 1024G
[    0.003255]  gran_size: 128K 	chunk_size: 128K 	num_reg: 10  	lose cover RAM: 2016G
[    0.003256]  gran_size: 128K 	chunk_size: 256K 	num_reg: 10  	lose cover RAM: 2016G
[    0.003257]  gran_size: 128K 	chunk_size: 512K 	num_reg: 10  	lose cover RAM: 2016G
[    0.003259]  gran_size: 128K 	chunk_size: 1M 	num_reg: 10  	lose cover RAM: 2016G
[    0.003260]  gran_size: 128K 	chunk_size: 2M 	num_reg: 10  	lose cover RAM: 2016G
[    0.003261]  gran_size: 128K 	chunk_size: 4M 	num_reg: 10  	lose cover RAM: 2016G
[    0.003263]  gran_size: 128K 	chunk_size: 8M 	num_reg: 10  	lose cover RAM: 2016G
[    0.003264]  gran_size: 128K 	chunk_size: 16M 	num_reg: 10  	lose cover RAM: 2016G
[    0.003265]  gran_size: 128K 	chunk_size: 32M 	num_reg: 10  	lose cover RAM: 1024G
[    0.003267]  gran_size: 128K 	chunk_size: 64M 	num_reg: 10  	lose cover RAM: 1024G
[    0.003268]  gran_size: 128K 	chunk_size: 128M 	num_reg: 10  	lose cover RAM: 1024G
[    0.003269]  gran_size: 128K 	chunk_size: 256M 	num_reg: 10  	lose cover RAM: 1024G
[    0.003271]  gran_size: 128K 	chunk_size: 512M 	num_reg: 10  	lose cover RAM: 1024G
[    0.003272]  gran_size: 128K 	chunk_size: 1G 	num_reg: 10  	lose cover RAM: 1024G
[    0.003273]  gran_size: 128K 	chunk_size: 2G 	num_reg: 10  	lose cover RAM: 1024G
[    0.003275]  gran_size: 256K 	chunk_size: 256K 	num_reg: 10  	lose cover RAM: 2016G
[    0.003276]  gran_size: 256K 	chunk_size: 512K 	num_reg: 10  	lose cover RAM: 2016G
[    0.003278]  gran_size: 256K 	chunk_size: 1M 	num_reg: 10  	lose cover RAM: 2016G
[    0.003279]  gran_size: 256K 	chunk_size: 2M 	num_reg: 10  	lose cover RAM: 2016G
[    0.003281]  gran_size: 256K 	chunk_size: 4M 	num_reg: 10  	lose cover RAM: 2016G
[    0.003282]  gran_size: 256K 	chunk_size: 8M 	num_reg: 10  	lose cover RAM: 2016G
[    0.003283]  gran_size: 256K 	chunk_size: 16M 	num_reg: 10  	lose cover RAM: 2016G
[    0.003285]  gran_size: 256K 	chunk_size: 32M 	num_reg: 10  	lose cover RAM: 1024G
[    0.003286]  gran_size: 256K 	chunk_size: 64M 	num_reg: 10  	lose cover RAM: 1024G
[    0.003287]  gran_size: 256K 	chunk_size: 128M 	num_reg: 10  	lose cover RAM: 1024G
[    0.003289]  gran_size: 256K 	chunk_size: 256M 	num_reg: 10  	lose cover RAM: 1024G
[    0.003290]  gran_size: 256K 	chunk_size: 512M 	num_reg: 10  	lose cover RAM: 1024G
[    0.003291]  gran_size: 256K 	chunk_size: 1G 	num_reg: 10  	lose cover RAM: 1024G
[    0.003293]  gran_size: 256K 	chunk_size: 2G 	num_reg: 10  	lose cover RAM: 1024G
[    0.003294]  gran_size: 512K 	chunk_size: 512K 	num_reg: 10  	lose cover RAM: 2016G
[    0.003295]  gran_size: 512K 	chunk_size: 1M 	num_reg: 10  	lose cover RAM: 2016G
[    0.003297]  gran_size: 512K 	chunk_size: 2M 	num_reg: 10  	lose cover RAM: 2016G
[    0.003298]  gran_size: 512K 	chunk_size: 4M 	num_reg: 10  	lose cover RAM: 2016G
[    0.003299]  gran_size: 512K 	chunk_size: 8M 	num_reg: 10  	lose cover RAM: 2016G
[    0.003300]  gran_size: 512K 	chunk_size: 16M 	num_reg: 10  	lose cover RAM: 2016G
[    0.003302]  gran_size: 512K 	chunk_size: 32M 	num_reg: 10  	lose cover RAM: 1024G
[    0.003303]  gran_size: 512K 	chunk_size: 64M 	num_reg: 10  	lose cover RAM: 1024G
[    0.003304]  gran_size: 512K 	chunk_size: 128M 	num_reg: 10  	lose cover RAM: 1024G
[    0.003306]  gran_size: 512K 	chunk_size: 256M 	num_reg: 10  	lose cover RAM: 1024G
[    0.003307]  gran_size: 512K 	chunk_size: 512M 	num_reg: 10  	lose cover RAM: 1024G
[    0.003308]  gran_size: 512K 	chunk_size: 1G 	num_reg: 10  	lose cover RAM: 1024G
[    0.003310]  gran_size: 512K 	chunk_size: 2G 	num_reg: 10  	lose cover RAM: 1024G
[    0.003311]  gran_size: 1M 	chunk_size: 1M 	num_reg: 10  	lose cover RAM: 2016G
[    0.003313]  gran_size: 1M 	chunk_size: 2M 	num_reg: 10  	lose cover RAM: 2016G
[    0.003314]  gran_size: 1M 	chunk_size: 4M 	num_reg: 10  	lose cover RAM: 2016G
[    0.003315]  gran_size: 1M 	chunk_size: 8M 	num_reg: 10  	lose cover RAM: 2016G
[    0.003317]  gran_size: 1M 	chunk_size: 16M 	num_reg: 10  	lose cover RAM: 2016G
[    0.003318]  gran_size: 1M 	chunk_size: 32M 	num_reg: 10  	lose cover RAM: 1024G
[    0.003319]  gran_size: 1M 	chunk_size: 64M 	num_reg: 10  	lose cover RAM: 1024G
[    0.003321]  gran_size: 1M 	chunk_size: 128M 	num_reg: 10  	lose cover RAM: 1024G
[    0.003322]  gran_size: 1M 	chunk_size: 256M 	num_reg: 10  	lose cover RAM: 1024G
[    0.003323]  gran_size: 1M 	chunk_size: 512M 	num_reg: 10  	lose cover RAM: 1024G
[    0.003325]  gran_size: 1M 	chunk_size: 1G 	num_reg: 10  	lose cover RAM: 1024G
[    0.003326]  gran_size: 1M 	chunk_size: 2G 	num_reg: 10  	lose cover RAM: 1024G
[    0.003327]  gran_size: 2M 	chunk_size: 2M 	num_reg: 10  	lose cover RAM: 2016G
[    0.003329]  gran_size: 2M 	chunk_size: 4M 	num_reg: 10  	lose cover RAM: 2016G
[    0.003330]  gran_size: 2M 	chunk_size: 8M 	num_reg: 10  	lose cover RAM: 2016G
[    0.003331]  gran_size: 2M 	chunk_size: 16M 	num_reg: 10  	lose cover RAM: 2016G
[    0.003332]  gran_size: 2M 	chunk_size: 32M 	num_reg: 10  	lose cover RAM: 1024G
[    0.003334]  gran_size: 2M 	chunk_size: 64M 	num_reg: 10  	lose cover RAM: 1024G
[    0.003335]  gran_size: 2M 	chunk_size: 128M 	num_reg: 10  	lose cover RAM: 1024G
[    0.003336]  gran_size: 2M 	chunk_size: 256M 	num_reg: 10  	lose cover RAM: 1024G
[    0.003338]  gran_size: 2M 	chunk_size: 512M 	num_reg: 10  	lose cover RAM: 1024G
[    0.003339]  gran_size: 2M 	chunk_size: 1G 	num_reg: 10  	lose cover RAM: 1024G
[    0.003341]  gran_size: 2M 	chunk_size: 2G 	num_reg: 10  	lose cover RAM: 1024G
[    0.003342]  gran_size: 4M 	chunk_size: 4M 	num_reg: 10  	lose cover RAM: 2016G
[    0.003343]  gran_size: 4M 	chunk_size: 8M 	num_reg: 10  	lose cover RAM: 2016G
[    0.003345]  gran_size: 4M 	chunk_size: 16M 	num_reg: 10  	lose cover RAM: 2016G
[    0.003346]  gran_size: 4M 	chunk_size: 32M 	num_reg: 10  	lose cover RAM: 1024G
[    0.003348]  gran_size: 4M 	chunk_size: 64M 	num_reg: 10  	lose cover RAM: 1024G
[    0.003349]  gran_size: 4M 	chunk_size: 128M 	num_reg: 10  	lose cover RAM: 1024G
[    0.003350]  gran_size: 4M 	chunk_size: 256M 	num_reg: 10  	lose cover RAM: 1024G
[    0.003352]  gran_size: 4M 	chunk_size: 512M 	num_reg: 10  	lose cover RAM: 1024G
[    0.003353]  gran_size: 4M 	chunk_size: 1G 	num_reg: 10  	lose cover RAM: 1024G
[    0.003354]  gran_size: 4M 	chunk_size: 2G 	num_reg: 10  	lose cover RAM: 1024G
[    0.003356]  gran_size: 8M 	chunk_size: 8M 	num_reg: 10  	lose cover RAM: 2016G
[    0.003357]  gran_size: 8M 	chunk_size: 16M 	num_reg: 10  	lose cover RAM: 2016G
[    0.003358]  gran_size: 8M 	chunk_size: 32M 	num_reg: 10  	lose cover RAM: 1024G
[    0.003359]  gran_size: 8M 	chunk_size: 64M 	num_reg: 10  	lose cover RAM: 1024G
[    0.003361]  gran_size: 8M 	chunk_size: 128M 	num_reg: 10  	lose cover RAM: 1024G
[    0.003362]  gran_size: 8M 	chunk_size: 256M 	num_reg: 10  	lose cover RAM: 1024G
[    0.003363]  gran_size: 8M 	chunk_size: 512M 	num_reg: 10  	lose cover RAM: 1024G
[    0.003364]  gran_size: 8M 	chunk_size: 1G 	num_reg: 10  	lose cover RAM: 1024G
[    0.003366]  gran_size: 8M 	chunk_size: 2G 	num_reg: 10  	lose cover RAM: 1024G
[    0.003367]  gran_size: 16M 	chunk_size: 16M 	num_reg: 10  	lose cover RAM: 2016G
[    0.003368]  gran_size: 16M 	chunk_size: 32M 	num_reg: 10  	lose cover RAM: 1024G
[    0.003370]  gran_size: 16M 	chunk_size: 64M 	num_reg: 10  	lose cover RAM: 1024G
[    0.003371]  gran_size: 16M 	chunk_size: 128M 	num_reg: 10  	lose cover RAM: 1024G
[    0.003372]  gran_size: 16M 	chunk_size: 256M 	num_reg: 10  	lose cover RAM: 1024G
[    0.003374]  gran_size: 16M 	chunk_size: 512M 	num_reg: 10  	lose cover RAM: 1024G
[    0.003375]  gran_size: 16M 	chunk_size: 1G 	num_reg: 10  	lose cover RAM: 1024G
[    0.003377]  gran_size: 16M 	chunk_size: 2G 	num_reg: 10  	lose cover RAM: 1024G
[    0.003378]  gran_size: 32M 	chunk_size: 32M 	num_reg: 10  	lose cover RAM: 2031632M
[    0.003380]  gran_size: 32M 	chunk_size: 64M 	num_reg: 10  	lose cover RAM: 1048592M
[    0.003381]  gran_size: 32M 	chunk_size: 128M 	num_reg: 10  	lose cover RAM: 1048592M
[    0.003383]  gran_size: 32M 	chunk_size: 256M 	num_reg: 10  	lose cover RAM: 1048592M
[    0.003384]  gran_size: 32M 	chunk_size: 512M 	num_reg: 10  	lose cover RAM: 1048592M
[    0.003385]  gran_size: 32M 	chunk_size: 1G 	num_reg: 10  	lose cover RAM: 1048592M
[    0.003387]  gran_size: 32M 	chunk_size: 2G 	num_reg: 10  	lose cover RAM: 1048592M
[    0.003388]  gran_size: 64M 	chunk_size: 64M 	num_reg: 10  	lose cover RAM: 1966128M
[    0.003389]  gran_size: 64M 	chunk_size: 128M 	num_reg: 10  	lose cover RAM: 1048624M
[    0.003391]  gran_size: 64M 	chunk_size: 256M 	num_reg: 10  	lose cover RAM: 1048624M
[    0.003392]  gran_size: 64M 	chunk_size: 512M 	num_reg: 10  	lose cover RAM: 1048624M
[    0.003393]  gran_size: 64M 	chunk_size: 1G 	num_reg: 10  	lose cover RAM: 1048624M
[    0.003395]  gran_size: 64M 	chunk_size: 2G 	num_reg: 10  	lose cover RAM: 1048624M
[    0.003396]  gran_size: 128M 	chunk_size: 128M 	num_reg: 10  	lose cover RAM: 1835120M
[    0.003397]  gran_size: 128M 	chunk_size: 256M 	num_reg: 10  	lose cover RAM: 1048688M
[    0.003399]  gran_size: 128M 	chunk_size: 512M 	num_reg: 10  	lose cover RAM: 1048688M
[    0.003400]  gran_size: 128M 	chunk_size: 1G 	num_reg: 10  	lose cover RAM: 1048688M
[    0.003402]  gran_size: 128M 	chunk_size: 2G 	num_reg: 10  	lose cover RAM: 1048688M
[    0.003403]  gran_size: 256M 	chunk_size: 256M 	num_reg: 10  	lose cover RAM: 1573104M
[    0.003405]  gran_size: 256M 	chunk_size: 512M 	num_reg: 10  	lose cover RAM: 1048816M
[    0.003406]  gran_size: 256M 	chunk_size: 1G 	num_reg: 10  	lose cover RAM: 1048816M
[    0.003407]  gran_size: 256M 	chunk_size: 2G 	num_reg: 10  	lose cover RAM: 1048816M
[    0.003409]  gran_size: 512M 	chunk_size: 512M 	num_reg: 10  	lose cover RAM: 1049072M
[    0.003410]  gran_size: 512M 	chunk_size: 1G 	num_reg: 10  	lose cover RAM: 1049072M
[    0.003412]  gran_size: 512M 	chunk_size: 2G 	num_reg: 10  	lose cover RAM: 1049072M
[    0.003413]  gran_size: 1G 	chunk_size: 1G 	num_reg: 10  	lose cover RAM: 1008M
[    0.003414]  gran_size: 1G 	chunk_size: 2G 	num_reg: 10  	lose cover RAM: 1008M
[    0.003416]  gran_size: 2G 	chunk_size: 2G 	num_reg: 9  	lose cover RAM: 2032M
[    0.003417] mtrr_cleanup: can not find optimal value
[    0.003418] please specify mtrr_gran_size/mtrr_chunk_size
[    0.003420] e820: update [mem 0x7f000000-0xffffffff] usable ==> reserved
[    0.003424] x2apic: enabled by BIOS, switching to x2apic ops
[    0.003424] last_pfn = 0x6f800 max_arch_pfn = 0x400000000
[    0.014851] Using GB pages for direct mapping
[    0.016076] Secure boot disabled
[    0.016076] RAMDISK: [mem 0x205de61000-0x207fffffff]
[    0.016082] ACPI: Early table checksum verification disabled
[    0.016084] ACPI: RSDP 0x000000006F7FE014 000024 (v02 DELL  )
[    0.016089] ACPI: XSDT 0x000000006F41C188 0000F4 (v01 DELL   PE_SC3   00000000 DELL 01000013)
[    0.016094] ACPI: FACP 0x000000006F430000 000114 (v06 DELL   PE_SC3   00000000 DELL 00000001)
[    0.016100] ACPI: DSDT 0x000000004B4CE000 07FAD3 (v02 DELL   PE_SC3   00000003 DELL 00000001)
[    0.016104] ACPI: FACS 0x000000006F2F2000 000040
[    0.016107] ACPI: SSDT 0x000000006F7FB000 00159A (v02 INTEL  RAS_ACPI 00000001 INTL 20210331)
[    0.016111] ACPI: SSDT 0x000000006F7FA000 000745 (v02 INTEL  ADDRXLAT 00000001 INTL 20210331)
[    0.016114] ACPI: MCEJ 0x000000006F7F9000 000130 (v01 INTEL           00000001 INTL 0100000D)
[    0.016118] ACPI: BERT 0x000000006F7F8000 000030 (v01 DELL   PE_SC3   00000001 INTL 00000001)
[    0.016121] ACPI: ERST 0x000000006F7F7000 000230 (v01 DELL   PE_SC3   00000001 INTL 00000001)
[    0.016124] ACPI: SSDT 0x000000006F431000 3C524E (v02 INTEL  SSDTNVDR 00001000 INTL 20210331)
[    0.016128] ACPI: HMAT 0x000000006F42F000 000210 (v01 DELL   PE_SC3   00000001 DELL 00000001)
[    0.016131] ACPI: HPET 0x000000006F42E000 000038 (v01 DELL   PE_SC3   00000001 DELL 00000001)
[    0.016135] ACPI: MCFG 0x000000006F42D000 00003C (v01 DELL   PE_SC3   00000001 DELL 00000001)
[    0.016138] ACPI: MIGT 0x000000006F42C000 000040 (v01 DELL   PE_SC3   00000000 DELL 00000001)
[    0.016141] ACPI: MSCT 0x000000006F42B000 000090 (v01 DELL   PE_SC3   00000001 DELL 00000001)
[    0.016145] ACPI: PMTT 0x000000006F429000 0011E8 (v02 DELL   PE_SC3   00000001 DELL 00000001)
[    0.016148] ACPI: WSMT 0x000000006F428000 000028 (v01 DELL   PE_SC3   00000000 DELL 00000001)
[    0.016152] ACPI: APIC 0x000000006F427000 00075E (v04 DELL   PE_SC3   00000000 DELL 00000001)
[    0.016155] ACPI: SLIT 0x000000006F426000 00003C (v01 DELL   PE_SC3   00000001 DELL 01000013)
[    0.016158] ACPI: SRAT 0x000000006F41F000 006430 (v03 DELL   PE_SC3   00000002 DELL 01000013)
[    0.016162] ACPI: OEM4 0x000000004B346000 187A61 (v02 INTEL  CPU  CST 00003000 INTL 20210331)
[    0.016165] ACPI: SSDT 0x000000004B2CF000 0764A5 (v02 INTEL  SSDT  PM 00004000 INTL 20210331)
[    0.016168] ACPI: SSDT 0x000000006F41E000 000A1F (v02 DELL   PE_SC3   00000000 DELL 00000001)
[    0.016172] ACPI: HEST 0x000000006F41D000 00017C (v01 DELL   PE_SC3   00000001 INTL 00000001)
[    0.016175] ACPI: PCAT 0x000000006F41B000 00010C (v19 DELL   PE_SC3   00000002 DELL 00000001)
[    0.016178] ACPI: SSDT 0x000000006F413000 007299 (v02 INTEL  SpsNm    00000002 INTL 20210331)
[    0.016182] ACPI: SSDT 0x000000006F412000 000426 (v02 DELL   PE_SC3   00000002 DELL 00000001)
[    0.016185] ACPI: NFIT 0x000000006F7FD000 000488 (v01 DELL   PE_SC3   00000002 DELL 00000001)
[    0.016189] ACPI: DMAR 0x000000006F411000 000158 (v01 DELL   PE_SC3   00000001 DELL 00000001)
[    0.016191] ACPI: Reserving FACP table memory at [mem 0x6f430000-0x6f430113]
[    0.016193] ACPI: Reserving DSDT table memory at [mem 0x4b4ce000-0x4b54dad2]
[    0.016194] ACPI: Reserving FACS table memory at [mem 0x6f2f2000-0x6f2f203f]
[    0.016195] ACPI: Reserving SSDT table memory at [mem 0x6f7fb000-0x6f7fc599]
[    0.016196] ACPI: Reserving SSDT table memory at [mem 0x6f7fa000-0x6f7fa744]
[    0.016197] ACPI: Reserving MCEJ table memory at [mem 0x6f7f9000-0x6f7f912f]
[    0.016198] ACPI: Reserving BERT table memory at [mem 0x6f7f8000-0x6f7f802f]
[    0.016199] ACPI: Reserving ERST table memory at [mem 0x6f7f7000-0x6f7f722f]
[    0.016200] ACPI: Reserving SSDT table memory at [mem 0x6f431000-0x6f7f624d]
[    0.016201] ACPI: Reserving HMAT table memory at [mem 0x6f42f000-0x6f42f20f]
[    0.016202] ACPI: Reserving HPET table memory at [mem 0x6f42e000-0x6f42e037]
[    0.016203] ACPI: Reserving MCFG table memory at [mem 0x6f42d000-0x6f42d03b]
[    0.016203] ACPI: Reserving MIGT table memory at [mem 0x6f42c000-0x6f42c03f]
[    0.016204] ACPI: Reserving MSCT table memory at [mem 0x6f42b000-0x6f42b08f]
[    0.016205] ACPI: Reserving PMTT table memory at [mem 0x6f429000-0x6f42a1e7]
[    0.016206] ACPI: Reserving WSMT table memory at [mem 0x6f428000-0x6f428027]
[    0.016207] ACPI: Reserving APIC table memory at [mem 0x6f427000-0x6f42775d]
[    0.016208] ACPI: Reserving SLIT table memory at [mem 0x6f426000-0x6f42603b]
[    0.016209] ACPI: Reserving SRAT table memory at [mem 0x6f41f000-0x6f42542f]
[    0.016210] ACPI: Reserving OEM4 table memory at [mem 0x4b346000-0x4b4cda60]
[    0.016211] ACPI: Reserving SSDT table memory at [mem 0x4b2cf000-0x4b3454a4]
[    0.016212] ACPI: Reserving SSDT table memory at [mem 0x6f41e000-0x6f41ea1e]
[    0.016213] ACPI: Reserving HEST table memory at [mem 0x6f41d000-0x6f41d17b]
[    0.016214] ACPI: Reserving PCAT table memory at [mem 0x6f41b000-0x6f41b10b]
[    0.016215] ACPI: Reserving SSDT table memory at [mem 0x6f413000-0x6f41a298]
[    0.016216] ACPI: Reserving SSDT table memory at [mem 0x6f412000-0x6f412425]
[    0.016217] ACPI: Reserving NFIT table memory at [mem 0x6f7fd000-0x6f7fd487]
[    0.016218] ACPI: Reserving DMAR table memory at [mem 0x6f411000-0x6f411157]
[    0.016229] Setting APIC routing to cluster x2apic.
[    0.016278] SRAT: PXM 0 -> APIC 0x0000 -> Node 0
[    0.016279] SRAT: PXM 0 -> APIC 0x0001 -> Node 0
[    0.016280] SRAT: PXM 0 -> APIC 0x0002 -> Node 0
[    0.016280] SRAT: PXM 0 -> APIC 0x0003 -> Node 0
[    0.016281] SRAT: PXM 0 -> APIC 0x0004 -> Node 0
[    0.016282] SRAT: PXM 0 -> APIC 0x0005 -> Node 0
[    0.016282] SRAT: PXM 0 -> APIC 0x0006 -> Node 0
[    0.016283] SRAT: PXM 0 -> APIC 0x0007 -> Node 0
[    0.016284] SRAT: PXM 0 -> APIC 0x0008 -> Node 0
[    0.016284] SRAT: PXM 0 -> APIC 0x0009 -> Node 0
[    0.016285] SRAT: PXM 0 -> APIC 0x000a -> Node 0
[    0.016286] SRAT: PXM 0 -> APIC 0x000b -> Node 0
[    0.016286] SRAT: PXM 0 -> APIC 0x000c -> Node 0
[    0.016287] SRAT: PXM 0 -> APIC 0x000d -> Node 0
[    0.016288] SRAT: PXM 0 -> APIC 0x000e -> Node 0
[    0.016289] SRAT: PXM 0 -> APIC 0x000f -> Node 0
[    0.016289] SRAT: PXM 0 -> APIC 0x0010 -> Node 0
[    0.016291] SRAT: PXM 0 -> APIC 0x0011 -> Node 0
[    0.016291] SRAT: PXM 0 -> APIC 0x0012 -> Node 0
[    0.016292] SRAT: PXM 0 -> APIC 0x0013 -> Node 0
[    0.016293] SRAT: PXM 0 -> APIC 0x0014 -> Node 0
[    0.016294] SRAT: PXM 0 -> APIC 0x0015 -> Node 0
[    0.016294] SRAT: PXM 0 -> APIC 0x0016 -> Node 0
[    0.016295] SRAT: PXM 0 -> APIC 0x0017 -> Node 0
[    0.016296] SRAT: PXM 0 -> APIC 0x0018 -> Node 0
[    0.016296] SRAT: PXM 0 -> APIC 0x0019 -> Node 0
[    0.016297] SRAT: PXM 0 -> APIC 0x001a -> Node 0
[    0.016297] SRAT: PXM 0 -> APIC 0x001b -> Node 0
[    0.016298] SRAT: PXM 0 -> APIC 0x001c -> Node 0
[    0.016299] SRAT: PXM 0 -> APIC 0x001d -> Node 0
[    0.016299] SRAT: PXM 0 -> APIC 0x001e -> Node 0
[    0.016300] SRAT: PXM 0 -> APIC 0x001f -> Node 0
[    0.016301] SRAT: PXM 0 -> APIC 0x0020 -> Node 0
[    0.016301] SRAT: PXM 0 -> APIC 0x0021 -> Node 0
[    0.016302] SRAT: PXM 0 -> APIC 0x0022 -> Node 0
[    0.016303] SRAT: PXM 0 -> APIC 0x0023 -> Node 0
[    0.016303] SRAT: PXM 0 -> APIC 0x0024 -> Node 0
[    0.016304] SRAT: PXM 0 -> APIC 0x0025 -> Node 0
[    0.016305] SRAT: PXM 0 -> APIC 0x0026 -> Node 0
[    0.016306] SRAT: PXM 0 -> APIC 0x0027 -> Node 0
[    0.016306] SRAT: PXM 0 -> APIC 0x0028 -> Node 0
[    0.016307] SRAT: PXM 0 -> APIC 0x0029 -> Node 0
[    0.016308] SRAT: PXM 0 -> APIC 0x002a -> Node 0
[    0.016308] SRAT: PXM 0 -> APIC 0x002b -> Node 0
[    0.016309] SRAT: PXM 0 -> APIC 0x002c -> Node 0
[    0.016310] SRAT: PXM 0 -> APIC 0x002d -> Node 0
[    0.016310] SRAT: PXM 0 -> APIC 0x002e -> Node 0
[    0.016311] SRAT: PXM 0 -> APIC 0x002f -> Node 0
[    0.016311] SRAT: PXM 0 -> APIC 0x0030 -> Node 0
[    0.016312] SRAT: PXM 0 -> APIC 0x0031 -> Node 0
[    0.016313] SRAT: PXM 0 -> APIC 0x0032 -> Node 0
[    0.016313] SRAT: PXM 0 -> APIC 0x0033 -> Node 0
[    0.016314] SRAT: PXM 0 -> APIC 0x0034 -> Node 0
[    0.016315] SRAT: PXM 0 -> APIC 0x0035 -> Node 0
[    0.016315] SRAT: PXM 0 -> APIC 0x0036 -> Node 0
[    0.016316] SRAT: PXM 0 -> APIC 0x0037 -> Node 0
[    0.016317] SRAT: PXM 1 -> APIC 0x0080 -> Node 1
[    0.016317] SRAT: PXM 1 -> APIC 0x0081 -> Node 1
[    0.016318] SRAT: PXM 1 -> APIC 0x0082 -> Node 1
[    0.016319] SRAT: PXM 1 -> APIC 0x0083 -> Node 1
[    0.016320] SRAT: PXM 1 -> APIC 0x0084 -> Node 1
[    0.016320] SRAT: PXM 1 -> APIC 0x0085 -> Node 1
[    0.016321] SRAT: PXM 1 -> APIC 0x0086 -> Node 1
[    0.016322] SRAT: PXM 1 -> APIC 0x0087 -> Node 1
[    0.016323] SRAT: PXM 1 -> APIC 0x0088 -> Node 1
[    0.016324] SRAT: PXM 1 -> APIC 0x0089 -> Node 1
[    0.016325] SRAT: PXM 1 -> APIC 0x008a -> Node 1
[    0.016325] SRAT: PXM 1 -> APIC 0x008b -> Node 1
[    0.016326] SRAT: PXM 1 -> APIC 0x008c -> Node 1
[    0.016327] SRAT: PXM 1 -> APIC 0x008d -> Node 1
[    0.016327] SRAT: PXM 1 -> APIC 0x008e -> Node 1
[    0.016328] SRAT: PXM 1 -> APIC 0x008f -> Node 1
[    0.016328] SRAT: PXM 1 -> APIC 0x0090 -> Node 1
[    0.016329] SRAT: PXM 1 -> APIC 0x0091 -> Node 1
[    0.016330] SRAT: PXM 1 -> APIC 0x0092 -> Node 1
[    0.016330] SRAT: PXM 1 -> APIC 0x0093 -> Node 1
[    0.016331] SRAT: PXM 1 -> APIC 0x0094 -> Node 1
[    0.016332] SRAT: PXM 1 -> APIC 0x0095 -> Node 1
[    0.016332] SRAT: PXM 1 -> APIC 0x0096 -> Node 1
[    0.016333] SRAT: PXM 1 -> APIC 0x0097 -> Node 1
[    0.016334] SRAT: PXM 1 -> APIC 0x0098 -> Node 1
[    0.016334] SRAT: PXM 1 -> APIC 0x0099 -> Node 1
[    0.016335] SRAT: PXM 1 -> APIC 0x009a -> Node 1
[    0.016336] SRAT: PXM 1 -> APIC 0x009b -> Node 1
[    0.016336] SRAT: PXM 1 -> APIC 0x009c -> Node 1
[    0.016337] SRAT: PXM 1 -> APIC 0x009d -> Node 1
[    0.016338] SRAT: PXM 1 -> APIC 0x009e -> Node 1
[    0.016338] SRAT: PXM 1 -> APIC 0x009f -> Node 1
[    0.016339] SRAT: PXM 1 -> APIC 0x00a0 -> Node 1
[    0.016339] SRAT: PXM 1 -> APIC 0x00a1 -> Node 1
[    0.016340] SRAT: PXM 1 -> APIC 0x00a2 -> Node 1
[    0.016341] SRAT: PXM 1 -> APIC 0x00a3 -> Node 1
[    0.016341] SRAT: PXM 1 -> APIC 0x00a4 -> Node 1
[    0.016342] SRAT: PXM 1 -> APIC 0x00a5 -> Node 1
[    0.016343] SRAT: PXM 1 -> APIC 0x00a6 -> Node 1
[    0.016343] SRAT: PXM 1 -> APIC 0x00a7 -> Node 1
[    0.016344] SRAT: PXM 1 -> APIC 0x00a8 -> Node 1
[    0.016345] SRAT: PXM 1 -> APIC 0x00a9 -> Node 1
[    0.016345] SRAT: PXM 1 -> APIC 0x00aa -> Node 1
[    0.016346] SRAT: PXM 1 -> APIC 0x00ab -> Node 1
[    0.016347] SRAT: PXM 1 -> APIC 0x00ac -> Node 1
[    0.016347] SRAT: PXM 1 -> APIC 0x00ad -> Node 1
[    0.016348] SRAT: PXM 1 -> APIC 0x00ae -> Node 1
[    0.016349] SRAT: PXM 1 -> APIC 0x00af -> Node 1
[    0.016349] SRAT: PXM 1 -> APIC 0x00b0 -> Node 1
[    0.016350] SRAT: PXM 1 -> APIC 0x00b1 -> Node 1
[    0.016351] SRAT: PXM 1 -> APIC 0x00b2 -> Node 1
[    0.016352] SRAT: PXM 1 -> APIC 0x00b3 -> Node 1
[    0.016352] SRAT: PXM 1 -> APIC 0x00b4 -> Node 1
[    0.016353] SRAT: PXM 1 -> APIC 0x00b5 -> Node 1
[    0.016354] SRAT: PXM 1 -> APIC 0x00b6 -> Node 1
[    0.016355] SRAT: PXM 1 -> APIC 0x00b7 -> Node 1
[    0.016367] ACPI: SRAT: Node 0 PXM 0 [mem 0x00000000-0x7fffffff]
[    0.016369] ACPI: SRAT: Node 0 PXM 0 [mem 0x100000000-0x107fffffff]
[    0.016371] ACPI: SRAT: Node 2 PXM 2 [mem 0x2080000000-0x9e7fffffff] non-volatile
[    0.016372] ACPI: SRAT: Node 1 PXM 1 [mem 0x1080000000-0x207fffffff]
[    0.016373] ACPI: SRAT: Node 3 PXM 3 [mem 0x9e80000000-0x11c7fffffff] non-volatile
[    0.016383] NUMA: Initialized distance table, cnt=4
[    0.016387] NUMA: Node 0 [mem 0x00000000-0x7fffffff] + [mem 0x100000000-0x107fffffff] -> [mem 0x00000000-0x107fffffff]
[    0.016396] NODE_DATA(0) allocated [mem 0x107ffd5000-0x107fffffff]
[    0.016414] NODE_DATA(1) allocated [mem 0x205de34000-0x205de5efff]
[    0.016636] Zone ranges:
[    0.016636]   DMA      [mem 0x0000000000001000-0x0000000000ffffff]
[    0.016638]   DMA32    [mem 0x0000000001000000-0x00000000ffffffff]
[    0.016640]   Normal   [mem 0x0000000100000000-0x000000207fffffff]
[    0.016642]   Device   empty
[    0.016643] Movable zone start for each node
[    0.016646] Early memory node ranges
[    0.016647]   node   0: [mem 0x0000000000001000-0x000000000008efff]
[    0.016648]   node   0: [mem 0x0000000000090000-0x000000000009ffff]
[    0.016649]   node   0: [mem 0x0000000000100000-0x0000000049e76fff]
[    0.016650]   node   0: [mem 0x000000004ae77000-0x000000004b2cefff]
[    0.016651]   node   0: [mem 0x000000004b54e000-0x000000004bd93fff]
[    0.016652]   node   0: [mem 0x000000004be9a000-0x000000004cdfffff]
[    0.016653]   node   0: [mem 0x000000004d000000-0x000000005eefdfff]
[    0.016654]   node   0: [mem 0x000000006f7ff000-0x000000006f7fffff]
[    0.016654]   node   0: [mem 0x0000000100000000-0x0000000dbfffffff]
[    0.016658]   node   0: [mem 0x0000001000000000-0x000000107fffffff]
[    0.016659]   node   1: [mem 0x0000001080000000-0x000000207fffffff]
[    0.016663] Initmem setup node 0 [mem 0x0000000000001000-0x000000107fffffff]
[    0.016666] Initmem setup node 1 [mem 0x0000001080000000-0x000000207fffffff]
[    0.016668] Initializing node 2 as memoryless
[    0.016690] Initmem setup node 2 as memoryless
[    0.016691] Initializing node 3 as memoryless
[    0.016713] Initmem setup node 3 as memoryless
[    0.016715] On node 0, zone DMA: 1 pages in unavailable ranges
[    0.016716] On node 0, zone DMA: 1 pages in unavailable ranges
[    0.016743] On node 0, zone DMA: 96 pages in unavailable ranges
[    0.019058] On node 0, zone DMA32: 4096 pages in unavailable ranges
[    0.019085] On node 0, zone DMA32: 639 pages in unavailable ranges
[    0.019113] On node 0, zone DMA32: 262 pages in unavailable ranges
[    0.019679] On node 0, zone DMA32: 512 pages in unavailable ranges
[    0.019959] On node 0, zone DMA32: 35073 pages in unavailable ranges
[    0.116793] On node 0, zone Normal: 2048 pages in unavailable ranges
[    0.250158] ACPI: PM-Timer IO Port: 0x508
[    0.250179] ACPI: X2APIC_NMI (uid[0xffffffff] high edge lint[0x1])
[    0.250183] ACPI: LAPIC_NMI (acpi_id[0xff] high edge lint[0x1])
[    0.250204] IOAPIC[0]: apic_id 8, version 32, address 0xfec00000, GSI 0-119
[    0.250208] ACPI: INT_SRC_OVR (bus 0 bus_irq 0 global_irq 2 dfl dfl)
[    0.250210] ACPI: INT_SRC_OVR (bus 0 bus_irq 9 global_irq 9 high level)
[    0.250215] ACPI: Using ACPI (MADT) for SMP configuration information
[    0.250217] ACPI: HPET id: 0x8086a701 base: 0xfed00000
[    0.250222] TSC deadline timer available
[    0.250223] smpboot: Allowing 112 CPUs, 0 hotplug CPUs
[    0.250254] PM: hibernation: Registered nosave memory: [mem 0x00000000-0x00000fff]
[    0.250256] PM: hibernation: Registered nosave memory: [mem 0x0008f000-0x0008ffff]
[    0.250258] PM: hibernation: Registered nosave memory: [mem 0x000a0000-0x000fffff]
[    0.250260] PM: hibernation: Registered nosave memory: [mem 0x46cc4000-0x46cc4fff]
[    0.250262] PM: hibernation: Registered nosave memory: [mem 0x46cf5000-0x46cf5fff]
[    0.250262] PM: hibernation: Registered nosave memory: [mem 0x46cf6000-0x46cf6fff]
[    0.250264] PM: hibernation: Registered nosave memory: [mem 0x46d28000-0x46d28fff]
[    0.250265] PM: hibernation: Registered nosave memory: [mem 0x46d29000-0x46d29fff]
[    0.250266] PM: hibernation: Registered nosave memory: [mem 0x46d5b000-0x46d5bfff]
[    0.250267] PM: hibernation: Registered nosave memory: [mem 0x46d5c000-0x46d5cfff]
[    0.250269] PM: hibernation: Registered nosave memory: [mem 0x46d64000-0x46d64fff]
[    0.250270] PM: hibernation: Registered nosave memory: [mem 0x49e77000-0x4ae76fff]
[    0.250272] PM: hibernation: Registered nosave memory: [mem 0x4b2cf000-0x4b54dfff]
[    0.250274] PM: hibernation: Registered nosave memory: [mem 0x4bd94000-0x4be99fff]
[    0.250275] PM: hibernation: Registered nosave memory: [mem 0x4ce00000-0x4cffffff]
[    0.250277] PM: hibernation: Registered nosave memory: [mem 0x5eefe000-0x6e3fefff]
[    0.250278] PM: hibernation: Registered nosave memory: [mem 0x6e3ff000-0x6f3fefff]
[    0.250279] PM: hibernation: Registered nosave memory: [mem 0x6f3ff000-0x6f7fefff]
[    0.250280] PM: hibernation: Registered nosave memory: [mem 0x6f800000-0x8fffffff]
[    0.250281] PM: hibernation: Registered nosave memory: [mem 0x90000000-0xfdffffff]
[    0.250282] PM: hibernation: Registered nosave memory: [mem 0xfe000000-0xfe010fff]
[    0.250283] PM: hibernation: Registered nosave memory: [mem 0xfe011000-0xffffffff]
[    0.250284] PM: hibernation: Registered nosave memory: [mem 0xdc0000000-0xfffffffff]
[    0.250287] [mem 0x90000000-0xfdffffff] available for PCI devices
[    0.250289] Booting paravirtualized kernel on bare hardware
[    0.250292] clocksource: refined-jiffies: mask: 0xffffffff max_cycles: 0xffffffff, max_idle_ns: 7645519600211568 ns
[    0.250298] setup_percpu: NR_CPUS:8192 nr_cpumask_bits:112 nr_cpu_ids:112 nr_node_ids:4
[    0.255175] percpu: Embedded 61 pages/cpu s212992 r8192 d28672 u262144
[    0.255187] pcpu-alloc: s212992 r8192 d28672 u262144 alloc=1*2097152
[    0.255190] pcpu-alloc: [0] 000 002 004 006 008 010 012 014 
[    0.255197] pcpu-alloc: [0] 016 018 020 022 024 026 028 030 
[    0.255202] pcpu-alloc: [0] 032 034 036 038 040 042 044 046 
[    0.255206] pcpu-alloc: [0] 048 050 052 054 056 058 060 062 
[    0.255210] pcpu-alloc: [0] 064 066 068 070 072 074 076 078 
[    0.255215] pcpu-alloc: [0] 080 082 084 086 088 090 092 094 
[    0.255219] pcpu-alloc: [0] 096 098 100 102 104 106 108 110 
[    0.255224] pcpu-alloc: [1] 001 003 005 007 009 011 013 015 
[    0.255229] pcpu-alloc: [1] 017 019 021 023 025 027 029 031 
[    0.255233] pcpu-alloc: [1] 033 035 037 039 041 043 045 047 
[    0.255237] pcpu-alloc: [1] 049 051 053 055 057 059 061 063 
[    0.255242] pcpu-alloc: [1] 065 067 069 071 073 075 077 079 
[    0.255246] pcpu-alloc: [1] 081 083 085 087 089 091 093 095 
[    0.255251] pcpu-alloc: [1] 097 099 101 103 105 107 109 111 
[    0.255299] Fallback order for Node 0: 0 1 
[    0.255302] Fallback order for Node 1: 1 0 
[    0.255305] Fallback order for Node 2: 2 0 1 
[    0.255308] Fallback order for Node 3: 3 1 0 
[    0.255316] Built 2 zonelists, mobility grouping on.  Total pages: 30567700
[    0.255317] Policy zone: Normal
[    0.255319] Kernel command line: BOOT_IMAGE=/boot/vmlinuz-5.18.0 root=UUID=ce0c24b8-724b-4f33-9b2c-618433560aef ro memmap=9G!55G quiet splash nomodeset vt.handoff=1
[    0.255434] Booted with the nomodeset parameter. Only the system framebuffer will be available
[    0.255456] Unknown kernel command line parameters "splash BOOT_IMAGE=/boot/vmlinuz-5.18.0", will be passed to user space.
[    0.255458] printk: log_buf_len individual max cpu contribution: 4096 bytes
[    0.255459] printk: log_buf_len total cpu_extra contributions: 454656 bytes
[    0.255460] printk: log_buf_len min size: 262144 bytes
[    0.256438] printk: log_buf_len: 1048576 bytes
[    0.256440] printk: early log buf free: 223912(85%)
[    0.258350] mem auto-init: stack:off, heap alloc:on, heap free:off
[    0.555556] Memory: 121444240K/124216416K available (16392K kernel code, 3615K rwdata, 10444K rodata, 2688K init, 5836K bss, 2771916K reserved, 0K cma-reserved)
[    0.555564] random: get_random_u64 called from __kmem_cache_create+0x2d/0x480 with crng_init=0
[    0.556110] SLUB: HWalign=64, Order=0-3, MinObjects=0, CPUs=112, Nodes=4
[    0.556140] ftrace: allocating 48795 entries in 191 pages
[    0.565657] ftrace: allocated 191 pages with 7 groups
[    0.566752] Dynamic Preempt: voluntary
[    0.567091] rcu: Preemptible hierarchical RCU implementation.
[    0.567093] rcu: 	RCU restricting CPUs from NR_CPUS=8192 to nr_cpu_ids=112.
[    0.567095] 	Trampoline variant of Tasks RCU enabled.
[    0.567095] 	Rude variant of Tasks RCU enabled.
[    0.567096] 	Tracing variant of Tasks RCU enabled.
[    0.567097] rcu: RCU calculated value of scheduler-enlistment delay is 25 jiffies.
[    0.567098] rcu: Adjusting geometry for rcu_fanout_leaf=16, nr_cpu_ids=112
[    0.570989] NR_IRQS: 524544, nr_irqs: 2952, preallocated irqs: 16
[    0.571327] random: crng init done (trusting CPU's manufacturer)
[    0.571466] Console: colour dummy device 80x25
[    0.571500] printk: console [tty0] enabled
[    0.571710] mempolicy: Enabling automatic NUMA balancing. Configure with numa_balancing= or the kernel.numa_balancing sysctl
[    0.571716] ACPI: Core revision 20211217
[    0.575140] clocksource: hpet: mask: 0xffffffff max_cycles: 0xffffffff, max_idle_ns: 79635855245 ns
[    0.575187] APIC: Switch to symmetric I/O mode setup
[    0.575189] DMAR: Host address width 46
[    0.575190] DMAR: DRHD base: 0x000000d0ffc000 flags: 0x0
[    0.575196] DMAR: dmar0: reg_base_addr d0ffc000 ver 4:0 cap 8ed008c40780466 ecap 60000f050df
[    0.575199] DMAR: DRHD base: 0x000000dbbfc000 flags: 0x0
[    0.575201] DMAR: dmar1: reg_base_addr dbbfc000 ver 4:0 cap 8ed008c40780466 ecap 60000f050df
[    0.575204] DMAR: DRHD base: 0x000000e67fc000 flags: 0x0
[    0.575208] DMAR: dmar2: reg_base_addr e67fc000 ver 4:0 cap 8ed008c40780466 ecap 60000f050df
[    0.575210] DMAR: DRHD base: 0x000000f13fc000 flags: 0x0
[    0.575212] DMAR: dmar3: reg_base_addr f13fc000 ver 4:0 cap 8ed008c40780466 ecap 60000f050df
[    0.575215] DMAR: DRHD base: 0x000000fb7fc000 flags: 0x0
[    0.575217] DMAR: dmar4: reg_base_addr fb7fc000 ver 4:0 cap 8ed008c40780466 ecap 60000f050df
[    0.575220] DMAR: DRHD base: 0x000000a63fc000 flags: 0x0
[    0.575222] DMAR: dmar5: reg_base_addr a63fc000 ver 4:0 cap 8ed008c40780466 ecap 60000f050df
[    0.575224] DMAR: DRHD base: 0x000000b0ffc000 flags: 0x0
[    0.575229] DMAR: dmar6: reg_base_addr b0ffc000 ver 4:0 cap 8ed008c40780466 ecap 60000f050df
[    0.575231] DMAR: DRHD base: 0x000000bbbfc000 flags: 0x0
[    0.575233] DMAR: dmar7: reg_base_addr bbbfc000 ver 4:0 cap 8ed008c40780466 ecap 60000f050df
[    0.575235] DMAR: DRHD base: 0x000000c5ffc000 flags: 0x0
[    0.575238] DMAR: dmar8: reg_base_addr c5ffc000 ver 4:0 cap 8ed008c40780466 ecap 60000f050df
[    0.575240] DMAR: DRHD base: 0x0000009b7fc000 flags: 0x1
[    0.575242] DMAR: dmar9: reg_base_addr 9b7fc000 ver 4:0 cap 8ed008c40780466 ecap 60000f050df
[    0.575244] DMAR: RMRR base: 0x00000069427000 end: 0x00000069429fff
[    0.575246] DMAR: ATSR flags: 0x0
[    0.575249] DMAR-IR: IOAPIC id 8 under DRHD base  0x9b7fc000 IOMMU 9
[    0.575250] DMAR-IR: HPET id 0 under DRHD base 0x9b7fc000
[    0.575251] DMAR-IR: Queued invalidation will be enabled to support x2apic and Intr-remapping.
[    0.578223] DMAR-IR: Enabled IRQ remapping in x2apic mode
[    0.580853] ..TIMER: vector=0x30 apic1=0 pin1=2 apic2=-1 pin2=-1
[    0.599115] clocksource: tsc-early: mask: 0xffffffffffffffff max_cycles: 0x39a85c9bff6, max_idle_ns: 881590591483 ns
[    0.599122] Calibrating delay loop (skipped), value calculated using timer frequency.. 4000.00 BogoMIPS (lpj=8000000)
[    0.599125] pid_max: default: 114688 minimum: 896
[    0.603083] LSM: Security Framework initializing
[    0.603125] Yama: becoming mindful.
[    0.603174] AppArmor: AppArmor initialized
[    0.611605] Dentry cache hash table entries: 8388608 (order: 14, 67108864 bytes, vmalloc hugepage)
[    0.615731] Inode-cache hash table entries: 4194304 (order: 13, 33554432 bytes, vmalloc hugepage)
[    0.615912] Mount-cache hash table entries: 131072 (order: 8, 1048576 bytes, vmalloc)
[    0.616054] Mountpoint-cache hash table entries: 131072 (order: 8, 1048576 bytes, vmalloc)
[    0.616663] x86/tme: not enabled by BIOS
[    0.616673] CPU0: Thermal monitoring enabled (TM1)
[    0.616675] x86/cpu: User Mode Instruction Prevention (UMIP) activated
[    0.616911] process: using mwait in idle threads
[    0.616913] Last level iTLB entries: 4KB 0, 2MB 0, 4MB 0
[    0.616914] Last level dTLB entries: 4KB 0, 2MB 0, 4MB 0, 1GB 0
[    0.616922] Spectre V1 : Mitigation: usercopy/swapgs barriers and __user pointer sanitization
[    0.616924] Spectre V2 : WARNING: Unprivileged eBPF is enabled with eIBRS on, data leaks possible via Spectre v2 BHB attacks!
[    0.616930] Spectre V2 : Mitigation: Enhanced IBRS
[    0.616931] Spectre V2 : Spectre v2 / SpectreRSB mitigation: Filling RSB on context switch
[    0.616933] Spectre V2 : mitigation: Enabling conditional Indirect Branch Prediction Barrier
[    0.616934] Speculative Store Bypass: Mitigation: Speculative Store Bypass disabled via prctl
[    0.622616] Freeing SMP alternatives memory: 40K
[    0.623283] smpboot: Estimated ratio of average max frequency by base frequency (times 1024): 1433
[    0.623299] smpboot: CPU0: Intel(R) Xeon(R) Gold 6330 CPU @ 2.00GHz (family: 0x6, model: 0x6a, stepping: 0x6)
[    0.623530] cblist_init_generic: Setting adjustable number of callback queues.
[    0.623545] cblist_init_generic: Setting shift to 7 and lim to 1.
[    0.623574] cblist_init_generic: Setting shift to 7 and lim to 1.
[    0.623606] cblist_init_generic: Setting shift to 7 and lim to 1.
[    0.623617] Performance Events: PEBS fmt4+-baseline,  AnyThread deprecated, Icelake events, 32-deep LBR, full-width counters, Intel PMU driver.
[    0.623660] ... version:                5
[    0.623661] ... bit width:              48
[    0.623662] ... generic registers:      8
[    0.623662] ... value mask:             0000ffffffffffff
[    0.623663] ... max period:             00007fffffffffff
[    0.623664] ... fixed-purpose events:   4
[    0.623665] ... event mask:             0001000f000000ff
[    0.623841] rcu: Hierarchical SRCU implementation.
[    0.631124] NMI watchdog: Enabled. Permanently consumes one hw-PMU counter.
[    0.632280] smp: Bringing up secondary CPUs ...
[    0.632408] x86: Booting SMP configuration:
[    0.632410] .... node  #1, CPUs:          #1
[    0.007799] smpboot: CPU 1 Converting physical 0 to logical die 1

[    0.719242] .... node  #0, CPUs:     #2
[    0.724620] .... node  #1, CPUs:     #3
[    0.730079] .... node  #0, CPUs:     #4
[    0.735467] .... node  #1, CPUs:     #5
[    0.740889] .... node  #0, CPUs:     #6
[    0.746474] .... node  #1, CPUs:     #7
[    0.752108] .... node  #0, CPUs:     #8
[    0.757409] .... node  #1, CPUs:     #9
[    0.763226] .... node  #0, CPUs:    #10
[    0.768893] .... node  #1, CPUs:    #11
[    0.774673] .... node  #0, CPUs:    #12
[    0.780194] .... node  #1, CPUs:    #13
[    0.785592] .... node  #0, CPUs:    #14
[    0.790839] .... node  #1, CPUs:    #15
[    0.796193] .... node  #0, CPUs:    #16
[    0.801472] .... node  #1, CPUs:    #17
[    0.806815] .... node  #0, CPUs:    #18
[    0.812083] .... node  #1, CPUs:    #19
[    0.817766] .... node  #0, CPUs:    #20
[    0.823279] .... node  #1, CPUs:    #21
[    0.828662] .... node  #0, CPUs:    #22
[    0.834107] .... node  #1, CPUs:    #23
[    0.839420] .... node  #0, CPUs:    #24
[    0.845069] .... node  #1, CPUs:    #25
[    0.850437] .... node  #0, CPUs:    #26
[    0.855673] .... node  #1, CPUs:    #27
[    0.861008] .... node  #0, CPUs:    #28
[    0.866530] .... node  #1, CPUs:    #29
[    0.871872] .... node  #0, CPUs:    #30
[    0.877115] .... node  #1, CPUs:    #31
[    0.882638] .... node  #0, CPUs:    #32
[    0.887920] .... node  #1, CPUs:    #33
[    0.893328] .... node  #0, CPUs:    #34
[    0.898787] .... node  #1, CPUs:    #35
[    0.904145] .... node  #0, CPUs:    #36
[    0.909379] .... node  #1, CPUs:    #37
[    0.914709] .... node  #0, CPUs:    #38
[    0.920273] .... node  #1, CPUs:    #39
[    0.925845] .... node  #0, CPUs:    #40
[    0.931458] .... node  #1, CPUs:    #41
[    0.937243] .... node  #0, CPUs:    #42
[    0.942558] .... node  #1, CPUs:    #43
[    0.948253] .... node  #0, CPUs:    #44
[    0.953628] .... node  #1, CPUs:    #45
[    0.959239] .... node  #0, CPUs:    #46
[    0.964694] .... node  #1, CPUs:    #47
[    0.970184] .... node  #0, CPUs:    #48
[    0.975534] .... node  #1, CPUs:    #49
[    0.981005] .... node  #0, CPUs:    #50
[    0.986507] .... node  #1, CPUs:    #51
[    0.992191] .... node  #0, CPUs:    #52
[    0.997664] .... node  #1, CPUs:    #53
[    1.003283] .... node  #0, CPUs:    #54
[    1.008993] .... node  #1, CPUs:    #55
[    1.014839] .... node  #0, CPUs:    #56
[    1.020950] .... node  #1, CPUs:    #57
[    1.027125] .... node  #0, CPUs:    #58
[    1.032339] .... node  #1, CPUs:    #59
[    1.037816] .... node  #0, CPUs:    #60
[    1.043301] .... node  #1, CPUs:    #61
[    1.048666] .... node  #0, CPUs:    #62
[    1.054270] .... node  #1, CPUs:    #63
[    1.059913] .... node  #0, CPUs:    #64
[    1.065229] .... node  #1, CPUs:    #65
[    1.071226] .... node  #0, CPUs:    #66
[    1.076767] .... node  #1, CPUs:    #67
[    1.082570] .... node  #0, CPUs:    #68
[    1.088125] .... node  #1, CPUs:    #69
[    1.093528] .... node  #0, CPUs:    #70
[    1.098789] .... node  #1, CPUs:    #71
[    1.104165] .... node  #0, CPUs:    #72
[    1.109474] .... node  #1, CPUs:    #73
[    1.114827] .... node  #0, CPUs:    #74
[    1.120121] .... node  #1, CPUs:    #75
[    1.125817] .... node  #0, CPUs:    #76
[    1.131302] .... node  #1, CPUs:    #77
[    1.136752] .... node  #0, CPUs:    #78
[    1.142211] .... node  #1, CPUs:    #79
[    1.147543] .... node  #0, CPUs:    #80
[    1.153201] .... node  #1, CPUs:    #81
[    1.158595] .... node  #0, CPUs:    #82
[    1.163840] .... node  #1, CPUs:    #83
[    1.169206] .... node  #0, CPUs:    #84
[    1.174738] .... node  #1, CPUs:    #85
[    1.180083] .... node  #0, CPUs:    #86
[    1.185350] .... node  #1, CPUs:    #87
[    1.190882] .... node  #0, CPUs:    #88
[    1.196196] .... node  #1, CPUs:    #89
[    1.201627] .... node  #0, CPUs:    #90
[    1.207310] .... node  #1, CPUs:    #91
[    1.212479] .... node  #0, CPUs:    #92
[    1.217730] .... node  #1, CPUs:    #93
[    1.223238] .... node  #0, CPUs:    #94
[    1.228681] .... node  #1, CPUs:    #95
[    1.234289] .... node  #0, CPUs:    #96
[    1.239928] .... node  #1, CPUs:    #97
[    1.245724] .... node  #0, CPUs:    #98
[    1.251307] .... node  #1, CPUs:    #99
[    1.256777] .... node  #0, CPUs:   #100
[    1.262177] .... node  #1, CPUs:   #101
[    1.267703] .... node  #0, CPUs:   #102
[    1.273278] .... node  #1, CPUs:   #103
[    1.278787] .... node  #0, CPUs:   #104
[    1.284155] .... node  #1, CPUs:   #105
[    1.289639] .... node  #0, CPUs:   #106
[    1.295304] .... node  #1, CPUs:   #107
[    1.300877] .... node  #0, CPUs:   #108
[    1.306368] .... node  #1, CPUs:   #109
[    1.312009] .... node  #0, CPUs:   #110
[    1.317741] .... node  #1, CPUs:   #111
[    1.323621] smp: Brought up 2 nodes, 112 CPUs
[    1.323621] smpboot: Max logical packages: 2
[    1.323621] smpboot: Total of 112 processors activated (448089.20 BogoMIPS)
[    1.333591] devtmpfs: initialized
[    1.333591] x86/mm: Memory block size: 2048MB
[    1.333591] ACPI: PM: Registering ACPI NVS region [mem 0x49e77000-0x4ae76fff] (16777216 bytes)
[    1.333591] ACPI: PM: Registering ACPI NVS region [mem 0x6e3ff000-0x6f3fefff] (16777216 bytes)
[    1.333591] clocksource: jiffies: mask: 0xffffffff max_cycles: 0xffffffff, max_idle_ns: 7645041785100000 ns
[    1.335315] futex hash table entries: 32768 (order: 9, 2097152 bytes, vmalloc)
[    1.335575] pinctrl core: initialized pinctrl subsystem
[    1.335736] PM: RTC time: 13:08:45, date: 2024-04-23
[    1.336690] NET: Registered PF_NETLINK/PF_ROUTE protocol family
[    1.337325] DMA: preallocated 4096 KiB GFP_KERNEL pool for atomic allocations
[    1.337837] DMA: preallocated 4096 KiB GFP_KERNEL|GFP_DMA pool for atomic allocations
[    1.338345] DMA: preallocated 4096 KiB GFP_KERNEL|GFP_DMA32 pool for atomic allocations
[    1.338354] audit: initializing netlink subsys (disabled)
[    1.338362] audit: type=2000 audit(1713877724.760:1): state=initialized audit_enabled=0 res=1
[    1.338362] thermal_sys: Registered thermal governor 'fair_share'
[    1.338362] thermal_sys: Registered thermal governor 'bang_bang'
[    1.338362] thermal_sys: Registered thermal governor 'step_wise'
[    1.338362] thermal_sys: Registered thermal governor 'user_space'
[    1.338362] EISA bus registered
[    1.338362] cpuidle: using governor ladder
[    1.338362] cpuidle: using governor menu
[    1.339157] ACPI FADT declares the system doesn't support PCIe ASPM, so disable it
[    1.339159] acpiphp: ACPI Hot Plug PCI Controller Driver version: 0.5
[    1.339278] PCI: MMCONFIG for domain 0000 [bus 00-ff] at [mem 0x80000000-0x8fffffff] (base 0x80000000)
[    1.339283] PCI: MMCONFIG at [mem 0x80000000-0x8fffffff] reserved in E820
[    1.339291] pmd_set_huge: Cannot satisfy [mem 0x80000000-0x80200000] with a huge-page mapping due to MTRR override.
[    1.339480] PCI: Using configuration type 1 for base access
[    1.339491] PCI: Dell System detected, enabling pci=bfsort.
[    1.341685] ENERGY_PERF_BIAS: Set to 'normal', was 'performance'
[    1.344455] kprobes: kprobe jump-optimization is enabled. All kprobes are optimized if possible.
[    1.344460] HugeTLB registered 1.00 GiB page size, pre-allocated 0 pages
[    1.344460] HugeTLB registered 2.00 MiB page size, pre-allocated 0 pages
[    1.344460] fbcon: Taking over console
[    1.344460] ACPI: Added _OSI(Module Device)
[    1.344460] ACPI: Added _OSI(Processor Device)
[    1.344460] ACPI: Added _OSI(3.0 _SCP Extensions)
[    1.344460] ACPI: Added _OSI(Processor Aggregator Device)
[    1.344460] ACPI: Added _OSI(Linux-Dell-Video)
[    1.344460] ACPI: Added _OSI(Linux-Lenovo-NV-HDMI-Audio)
[    1.344460] ACPI: Added _OSI(Linux-HPI-Hybrid-Graphics)
[    1.515162] ACPI: 8 ACPI AML tables successfully acquired and loaded
[    1.521478] ACPI: [Firmware Bug]: BIOS _OSI(Linux) query ignored
[    1.527416] ACPI: Dynamic OEM Table Load:
[    1.939891] ACPI: Interpreter enabled
[    1.939914] ACPI: PM: (supports S0 S5)
[    1.939916] ACPI: Using IOAPIC for interrupt routing
[    1.940006] HEST: Table parsing has been initialized.
[    1.940194] GHES: APEI firmware first mode is enabled by APEI bit and WHEA _OSC.
[    1.940197] PCI: Using host bridge windows from ACPI; if necessary, use "pci=nocrs" and report a bug
[    1.969862] ACPI: Enabled 4 GPEs in block 00 to 7F
[    2.097600] ACPI: PCI Root Bridge [PC00] (domain 0000 [bus 00-15])
[    2.097607] acpi PNP0A08:00: _OSC: OS supports [ExtendedConfig ASPM ClockPM Segments MSI HPX-Type3]
[    2.166388] acpi PNP0A08:00: _OSC: platform does not support [SHPCHotplug AER LTR]
[    2.166616] acpi PNP0A08:00: _OSC: OS now controls [PCIeHotplug PME PCIeCapability]
[    2.166617] acpi PNP0A08:00: FADT indicates ASPM is unsupported, using BIOS configuration
[    2.168484] PCI host bridge to bus 0000:00
[    2.168486] pci_bus 0000:00: root bus resource [io  0x0000-0x0cf7 window]
[    2.168489] pci_bus 0000:00: root bus resource [io  0x1000-0x4fff window]
[    2.168490] pci_bus 0000:00: root bus resource [mem 0x000a0000-0x000bffff window]
[    2.168491] pci_bus 0000:00: root bus resource [mem 0x000c8000-0x000cffff window]
[    2.168492] pci_bus 0000:00: root bus resource [mem 0xfe010000-0xfe010fff window]
[    2.168494] pci_bus 0000:00: root bus resource [mem 0x90000000-0x9b7fffff window]
[    2.168495] pci_bus 0000:00: root bus resource [mem 0x200000000000-0x20ffffffffff window]
[    2.168496] pci_bus 0000:00: root bus resource [bus 00-15]
[    2.168512] pci 0000:00:00.0: [8086:09a2] type 00 class 0x088000
[    2.168616] pci 0000:00:00.1: [8086:09a4] type 00 class 0x088000
[    2.168684] pci 0000:00:00.2: [8086:09a3] type 00 class 0x088000
[    2.168752] pci 0000:00:00.4: [8086:0998] type 00 class 0x060000
[    2.168822] pci 0000:00:02.0: [8086:09a6] type 00 class 0x088000
[    2.168830] pci 0000:00:02.0: reg 0x10: [mem 0x92dfc000-0x92dfdfff]
[    2.168907] pci 0000:00:02.1: [8086:09a7] type 00 class 0x088000
[    2.168915] pci 0000:00:02.1: reg 0x10: [mem 0x92d00000-0x92d7ffff]
[    2.168921] pci 0000:00:02.1: reg 0x14: [mem 0x92c80000-0x92cfffff]
[    2.168998] pci 0000:00:02.4: [8086:3456] type 00 class 0x130000
[    2.169008] pci 0000:00:02.4: reg 0x10: [mem 0x92a00000-0x92afffff 64bit]
[    2.169015] pci 0000:00:02.4: reg 0x18: [mem 0x92df0000-0x92df3fff 64bit]
[    2.169021] pci 0000:00:02.4: reg 0x20: [mem 0x92dc0000-0x92ddffff 64bit]
[    2.169101] pci 0000:00:11.0: [8086:a1ec] type 00 class 0xff0000
[    2.169103] pci 0000:00:11.0: device has non-compliant BARs; disabling IO/MEM decoding
[    2.169195] pci 0000:00:11.5: [8086:a1d2] type 00 class 0x010601
[    2.169208] pci 0000:00:11.5: reg 0x10: [mem 0x92dfa000-0x92dfbfff]
[    2.169215] pci 0000:00:11.5: reg 0x14: [mem 0x92e05000-0x92e050ff]
[    2.169223] pci 0000:00:11.5: reg 0x18: [io  0x2068-0x206f]
[    2.169230] pci 0000:00:11.5: reg 0x1c: [io  0x2074-0x2077]
[    2.169237] pci 0000:00:11.5: reg 0x20: [io  0x2040-0x205f]
[    2.169245] pci 0000:00:11.5: reg 0x24: [mem 0x92b80000-0x92bfffff]
[    2.169282] pci 0000:00:11.5: PME# supported from D3hot
[    2.169497] pci 0000:00:14.0: [8086:a1af] type 00 class 0x0c0330
[    2.169514] pci 0000:00:14.0: reg 0x10: [mem 0x92de0000-0x92deffff 64bit]
[    2.169578] pci 0000:00:14.0: PME# supported from D3hot D3cold
[    2.169809] pci 0000:00:14.2: [8086:a1b1] type 00 class 0x118000
[    2.169826] pci 0000:00:14.2: reg 0x10: [mem 0x92e02000-0x92e02fff 64bit]
[    2.169950] pci 0000:00:16.0: [8086:a1ba] type 00 class 0x078000
[    2.169973] pci 0000:00:16.0: reg 0x10: [mem 0x92e01000-0x92e01fff 64bit]
[    2.170056] pci 0000:00:16.0: PME# supported from D3hot
[    2.170119] pci 0000:00:16.1: [8086:a1bb] type 00 class 0x078000
[    2.170141] pci 0000:00:16.1: reg 0x10: [mem 0x92e00000-0x92e00fff 64bit]
[    2.170224] pci 0000:00:16.1: PME# supported from D3hot
[    2.170289] pci 0000:00:16.4: [8086:a1be] type 00 class 0x078000
[    2.170312] pci 0000:00:16.4: reg 0x10: [mem 0x92dff000-0x92dfffff 64bit]
[    2.170394] pci 0000:00:16.4: PME# supported from D3hot
[    2.170465] pci 0000:00:17.0: [8086:a182] type 00 class 0x010601
[    2.170478] pci 0000:00:17.0: reg 0x10: [mem 0x92df8000-0x92df9fff]
[    2.170485] pci 0000:00:17.0: reg 0x14: [mem 0x92e04000-0x92e040ff]
[    2.170492] pci 0000:00:17.0: reg 0x18: [io  0x2060-0x2067]
[    2.170500] pci 0000:00:17.0: reg 0x1c: [io  0x2070-0x2073]
[    2.170507] pci 0000:00:17.0: reg 0x20: [io  0x2020-0x203f]
[    2.170514] pci 0000:00:17.0: reg 0x24: [mem 0x92b00000-0x92b7ffff]
[    2.170551] pci 0000:00:17.0: PME# supported from D3hot
[    2.170760] pci 0000:00:1c.0: [8086:a190] type 01 class 0x060400
[    2.170835] pci 0000:00:1c.0: PME# supported from D0 D3hot D3cold
[    2.171576] pci 0000:00:1c.4: [8086:a194] type 01 class 0x060400
[    2.171647] pci 0000:00:1c.4: PME# supported from D0 D3hot D3cold
[    2.172280] pci 0000:00:1c.5: [8086:a195] type 01 class 0x060400
[    2.172351] pci 0000:00:1c.5: PME# supported from D0 D3hot D3cold
[    2.172987] pci 0000:00:1f.0: [8086:a1cb] type 00 class 0x060100
[    2.173286] pci 0000:00:1f.2: [8086:a1a1] type 00 class 0x058000
[    2.173301] pci 0000:00:1f.2: reg 0x10: [mem 0x92df4000-0x92df7fff]
[    2.173543] pci 0000:00:1f.4: [8086:a1a3] type 00 class 0x0c0500
[    2.173563] pci 0000:00:1f.4: reg 0x10: [mem 0x92dfe000-0x92dfe0ff 64bit]
[    2.173586] pci 0000:00:1f.4: reg 0x20: [io  0x2000-0x201f]
[    2.173652] pci 0000:00:1f.5: [8086:a1a4] type 00 class 0x0c8000
[    2.173668] pci 0000:00:1f.5: reg 0x10: [mem 0xfe010000-0xfe010fff]
[    2.173803] pci 0000:00:1c.0: PCI bridge to [bus 01]
[    2.173853] pci 0000:02:00.0: [1556:be00] type 01 class 0x060400
[    2.174025] pci 0000:00:1c.4: PCI bridge to [bus 02-03]
[    2.174029] pci 0000:00:1c.4:   bridge window [mem 0x92000000-0x928fffff]
[    2.174033] pci 0000:00:1c.4:   bridge window [mem 0x91000000-0x91ffffff 64bit pref]
[    2.174065] pci_bus 0000:03: extended config space not accessible
[    2.174082] pci 0000:03:00.0: [102b:0536] type 00 class 0x030000
[    2.174101] pci 0000:03:00.0: reg 0x10: [mem 0x91000000-0x91ffffff pref]
[    2.174112] pci 0000:03:00.0: reg 0x14: [mem 0x92808000-0x9280bfff]
[    2.174123] pci 0000:03:00.0: reg 0x18: [mem 0x92000000-0x927fffff]
[    2.174172] pci 0000:03:00.0: BAR 0: assigned to efifb
[    2.174180] pci 0000:03:00.0: Video device with shadowed ROM at [mem 0x000c0000-0x000dffff]
[    2.174282] pci 0000:02:00.0: PCI bridge to [bus 03]
[    2.174290] pci 0000:02:00.0:   bridge window [mem 0x92000000-0x928fffff]
[    2.174296] pci 0000:02:00.0:   bridge window [mem 0x91000000-0x91ffffff 64bit pref]
[    2.174367] pci 0000:04:00.0: [14e4:165f] type 00 class 0x020000
[    2.174391] pci 0000:04:00.0: reg 0x10: [mem 0x92930000-0x9293ffff 64bit pref]
[    2.174406] pci 0000:04:00.0: reg 0x18: [mem 0x92940000-0x9294ffff 64bit pref]
[    2.174422] pci 0000:04:00.0: reg 0x20: [mem 0x92950000-0x9295ffff 64bit pref]
[    2.174433] pci 0000:04:00.0: reg 0x30: [mem 0xfffc0000-0xffffffff pref]
[    2.174527] pci 0000:04:00.0: PME# supported from D0 D3hot D3cold
[    2.174580] pci 0000:04:00.0: 4.000 Gb/s available PCIe bandwidth, limited by 5.0 GT/s PCIe x1 link at 0000:00:1c.5 (capable of 8.000 Gb/s with 5.0 GT/s PCIe x2 link)
[    2.175143] pci 0000:04:00.1: [14e4:165f] type 00 class 0x020000
[    2.175167] pci 0000:04:00.1: reg 0x10: [mem 0x92900000-0x9290ffff 64bit pref]
[    2.175183] pci 0000:04:00.1: reg 0x18: [mem 0x92910000-0x9291ffff 64bit pref]
[    2.175198] pci 0000:04:00.1: reg 0x20: [mem 0x92920000-0x9292ffff 64bit pref]
[    2.175209] pci 0000:04:00.1: reg 0x30: [mem 0xfffc0000-0xffffffff pref]
[    2.175304] pci 0000:04:00.1: PME# supported from D0 D3hot D3cold
[    2.175887] pci 0000:00:1c.5: PCI bridge to [bus 04]
[    2.175894] pci 0000:00:1c.5:   bridge window [mem 0x92900000-0x929fffff 64bit pref]
[    2.175908] pci_bus 0000:00: on NUMA node 0
[    2.176505] ACPI: PCI Root Bridge [PC01] (domain 0000 [bus 16-2f])
[    2.176509] acpi PNP0A08:01: _OSC: OS supports [ExtendedConfig ASPM ClockPM Segments MSI HPX-Type3]
[    2.191322] acpi PNP0A08:01: _OSC: platform does not support [SHPCHotplug AER]
[    2.191542] acpi PNP0A08:01: _OSC: OS now controls [PCIeHotplug PME PCIeCapability LTR]
[    2.191543] acpi PNP0A08:01: FADT indicates ASPM is unsupported, using BIOS configuration
[    2.191674] PCI host bridge to bus 0000:16
[    2.191675] pci_bus 0000:16: root bus resource [io  0x5000-0x6fff window]
[    2.191677] pci_bus 0000:16: root bus resource [mem 0x9b800000-0xa63fffff window]
[    2.191678] pci_bus 0000:16: root bus resource [mem 0x210000000000-0x21ffffffffff window]
[    2.191680] pci_bus 0000:16: root bus resource [bus 16-2f]
[    2.191690] pci 0000:16:00.0: [8086:09a2] type 00 class 0x088000
[    2.191758] pci 0000:16:00.1: [8086:09a4] type 00 class 0x088000
[    2.191820] pci 0000:16:00.2: [8086:09a3] type 00 class 0x088000
[    2.191882] pci 0000:16:00.4: [8086:0998] type 00 class 0x060000
[    2.191955] pci 0000:16:02.0: [8086:347a] type 01 class 0x060400
[    2.191965] pci 0000:16:02.0: reg 0x10: [mem 0x21fffff00000-0x21fffff1ffff 64bit]
[    2.192003] pci 0000:16:02.0: PME# supported from D0 D3hot D3cold
[    2.192949] pci 0000:17:00.0: [1000:10e2] type 00 class 0x010400
[    2.192962] pci 0000:17:00.0: reg 0x10: [mem 0x9b800000-0x9b8fffff 64bit pref]
[    2.192970] pci 0000:17:00.0: reg 0x18: [mem 0x9b900000-0x9b9fffff 64bit pref]
[    2.192976] pci 0000:17:00.0: reg 0x20: [mem 0x9ba00000-0x9bafffff]
[    2.192982] pci 0000:17:00.0: reg 0x24: [io  0x5000-0x50ff]
[    2.192987] pci 0000:17:00.0: reg 0x30: [mem 0xfff00000-0xffffffff pref]
[    2.194104] pci 0000:17:00.0: supports D1 D2
[    2.194173] pci 0000:16:02.0: PCI bridge to [bus 17]
[    2.194175] pci 0000:16:02.0:   bridge window [io  0x5000-0x5fff]
[    2.194177] pci 0000:16:02.0:   bridge window [mem 0x9ba00000-0x9bafffff]
[    2.194180] pci 0000:16:02.0:   bridge window [mem 0x9b800000-0x9b9fffff 64bit pref]
[    2.194186] pci_bus 0000:16: on NUMA node 0
[    2.194263] ACPI: PCI Root Bridge [PC02] (domain 0000 [bus 30-49])
[    2.194267] acpi PNP0A08:02: _OSC: OS supports [ExtendedConfig ASPM ClockPM Segments MSI HPX-Type3]
[    2.208768] acpi PNP0A08:02: _OSC: platform does not support [SHPCHotplug AER]
[    2.208983] acpi PNP0A08:02: _OSC: OS now controls [PCIeHotplug PME PCIeCapability LTR]
[    2.208984] acpi PNP0A08:02: FADT indicates ASPM is unsupported, using BIOS configuration
[    2.209106] PCI host bridge to bus 0000:30
[    2.209108] pci_bus 0000:30: root bus resource [io  0x7000-0x8fff window]
[    2.209109] pci_bus 0000:30: root bus resource [mem 0xa6400000-0xb0ffffff window]
[    2.209111] pci_bus 0000:30: root bus resource [mem 0x220000000000-0x22ffffffffff window]
[    2.209112] pci_bus 0000:30: root bus resource [bus 30-49]
[    2.209122] pci 0000:30:00.0: [8086:09a2] type 00 class 0x088000
[    2.209191] pci 0000:30:00.1: [8086:09a4] type 00 class 0x088000
[    2.209254] pci 0000:30:00.2: [8086:09a3] type 00 class 0x088000
[    2.209316] pci 0000:30:00.4: [8086:0998] type 00 class 0x060000
[    2.209385] pci_bus 0000:30: on NUMA node 0
[    2.209487] ACPI: PCI Root Bridge [PC04] (domain 0000 [bus 4a-63])
[    2.209490] acpi PNP0A08:04: _OSC: OS supports [ExtendedConfig ASPM ClockPM Segments MSI HPX-Type3]
[    2.223927] acpi PNP0A08:04: _OSC: platform does not support [SHPCHotplug AER]
[    2.224139] acpi PNP0A08:04: _OSC: OS now controls [PCIeHotplug PME PCIeCapability LTR]
[    2.224140] acpi PNP0A08:04: FADT indicates ASPM is unsupported, using BIOS configuration
[    2.224261] PCI host bridge to bus 0000:4a
[    2.224262] pci_bus 0000:4a: root bus resource [io  0x9000-0x9fff window]
[    2.224264] pci_bus 0000:4a: root bus resource [mem 0xb1000000-0xbbbfffff window]
[    2.224265] pci_bus 0000:4a: root bus resource [mem 0x230000000000-0x23ffffffffff window]
[    2.224267] pci_bus 0000:4a: root bus resource [bus 4a-63]
[    2.224276] pci 0000:4a:00.0: [8086:09a2] type 00 class 0x088000
[    2.224340] pci 0000:4a:00.1: [8086:09a4] type 00 class 0x088000
[    2.224405] pci 0000:4a:00.2: [8086:09a3] type 00 class 0x088000
[    2.224466] pci 0000:4a:00.4: [8086:0998] type 00 class 0x060000
[    2.224541] pci_bus 0000:4a: on NUMA node 0
[    2.224614] ACPI: PCI Root Bridge [PC05] (domain 0000 [bus 64-7d])
[    2.224617] acpi PNP0A08:05: _OSC: OS supports [ExtendedConfig ASPM ClockPM Segments MSI HPX-Type3]
[    2.239037] acpi PNP0A08:05: _OSC: platform does not support [SHPCHotplug AER]
[    2.239248] acpi PNP0A08:05: _OSC: OS now controls [PCIeHotplug PME PCIeCapability LTR]
[    2.239250] acpi PNP0A08:05: FADT indicates ASPM is unsupported, using BIOS configuration
[    2.239370] PCI host bridge to bus 0000:64
[    2.239371] pci_bus 0000:64: root bus resource [io  0xa000-0xafff window]
[    2.239372] pci_bus 0000:64: root bus resource [mem 0xbbc00000-0xc5ffffff window]
[    2.239374] pci_bus 0000:64: root bus resource [mem 0x240000000000-0x24ffffffffff window]
[    2.239375] pci_bus 0000:64: root bus resource [bus 64-7d]
[    2.239384] pci 0000:64:00.0: [8086:09a2] type 00 class 0x088000
[    2.239448] pci 0000:64:00.1: [8086:09a4] type 00 class 0x088000
[    2.239509] pci 0000:64:00.2: [8086:09a3] type 00 class 0x088000
[    2.239570] pci 0000:64:00.4: [8086:0998] type 00 class 0x060000
[    2.239639] pci_bus 0000:64: on NUMA node 0
[    2.239706] ACPI: PCI Root Bridge [UC06] (domain 0000 [bus 7e])
[    2.239708] acpi PNP0A03:00: _OSC: OS supports [ExtendedConfig ASPM ClockPM Segments MSI HPX-Type3]
[    2.239806] acpi PNP0A03:00: _OSC: platform does not support [SHPCHotplug AER LTR]
[    2.239984] acpi PNP0A03:00: _OSC: OS now controls [PCIeHotplug PME PCIeCapability]
[    2.239986] acpi PNP0A03:00: FADT indicates ASPM is unsupported, using BIOS configuration
[    2.240118] PCI host bridge to bus 0000:7e
[    2.240119] pci_bus 0000:7e: root bus resource [bus 7e]
[    2.240127] pci 0000:7e:00.0: [8086:3450] type 00 class 0x088000
[    2.240199] pci 0000:7e:00.1: [8086:3451] type 00 class 0x088000
[    2.240257] pci 0000:7e:00.2: [8086:3452] type 00 class 0x088000
[    2.240326] pci 0000:7e:00.3: [8086:0998] type 00 class 0x060000
[    2.240382] pci 0000:7e:00.5: [8086:3455] type 00 class 0x088000
[    2.240442] pci 0000:7e:02.0: [8086:3440] type 00 class 0x088000
[    2.240569] pci 0000:7e:02.1: [8086:3441] type 00 class 0x088000
[    2.240676] pci 0000:7e:02.2: [8086:3442] type 00 class 0x088000
[    2.240783] pci 0000:7e:03.0: [8086:3440] type 00 class 0x088000
[    2.240875] pci 0000:7e:03.1: [8086:3441] type 00 class 0x088000
[    2.240952] pci 0000:7e:03.2: [8086:3442] type 00 class 0x088000
[    2.241033] pci 0000:7e:04.0: [8086:3440] type 00 class 0x088000
[    2.241152] pci 0000:7e:04.1: [8086:3441] type 00 class 0x088000
[    2.241266] pci 0000:7e:04.2: [8086:3442] type 00 class 0x088000
[    2.241381] pci 0000:7e:04.3: [8086:3443] type 00 class 0x088000
[    2.241498] pci 0000:7e:05.0: [8086:3445] type 00 class 0x088000
[    2.241623] pci 0000:7e:05.1: [8086:3446] type 00 class 0x088000
[    2.241733] pci 0000:7e:05.2: [8086:3447] type 00 class 0x088000
[    2.241846] pci 0000:7e:06.0: [8086:3445] type 00 class 0x088000
[    2.241939] pci 0000:7e:06.1: [8086:3446] type 00 class 0x088000
[    2.242015] pci 0000:7e:06.2: [8086:3447] type 00 class 0x088000
[    2.242100] pci 0000:7e:07.0: [8086:3445] type 00 class 0x088000
[    2.242234] pci 0000:7e:07.1: [8086:3446] type 00 class 0x088000
[    2.242352] pci 0000:7e:07.2: [8086:3447] type 00 class 0x088000
[    2.242468] pci 0000:7e:0b.0: [8086:3448] type 00 class 0x088000
[    2.242548] pci 0000:7e:0b.1: [8086:3448] type 00 class 0x088000
[    2.242616] pci 0000:7e:0b.2: [8086:344b] type 00 class 0x088000
[    2.242684] pci 0000:7e:0c.0: [8086:344a] type 00 class 0x110100
[    2.242787] pci 0000:7e:0d.0: [8086:344a] type 00 class 0x110100
[    2.242886] pci 0000:7e:0e.0: [8086:344a] type 00 class 0x110100
[    2.243030] pci 0000:7e:0f.0: [8086:344a] type 00 class 0x110100
[    2.243183] pci 0000:7e:1a.0: [8086:2880] type 00 class 0x110100
[    2.243283] pci 0000:7e:1b.0: [8086:2880] type 00 class 0x110100
[    2.243383] pci 0000:7e:1c.0: [8086:2880] type 00 class 0x110100
[    2.243538] pci 0000:7e:1d.0: [8086:2880] type 00 class 0x110100
[    2.243683] pci_bus 0000:7e: on NUMA node 0
[    2.243765] ACPI: PCI Root Bridge [UC07] (domain 0000 [bus 7f])
[    2.243768] acpi PNP0A03:01: _OSC: OS supports [ExtendedConfig ASPM ClockPM Segments MSI HPX-Type3]
[    2.243866] acpi PNP0A03:01: _OSC: platform does not support [SHPCHotplug AER LTR]
[    2.244045] acpi PNP0A03:01: _OSC: OS now controls [PCIeHotplug PME PCIeCapability]
[    2.244046] acpi PNP0A03:01: FADT indicates ASPM is unsupported, using BIOS configuration
[    2.244191] PCI host bridge to bus 0000:7f
[    2.244192] pci_bus 0000:7f: root bus resource [bus 7f]
[    2.244205] pci 0000:7f:00.0: [8086:344c] type 00 class 0x088000
[    2.244320] pci 0000:7f:00.1: [8086:344c] type 00 class 0x088000
[    2.244429] pci 0000:7f:00.2: [8086:344c] type 00 class 0x088000
[    2.244540] pci 0000:7f:00.3: [8086:344c] type 00 class 0x088000
[    2.244629] pci 0000:7f:00.4: [8086:344c] type 00 class 0x088000
[    2.244749] pci 0000:7f:00.5: [8086:344c] type 00 class 0x088000
[    2.244865] pci 0000:7f:00.6: [8086:344c] type 00 class 0x088000
[    2.244946] pci 0000:7f:00.7: [8086:344c] type 00 class 0x088000
[    2.245028] pci 0000:7f:01.0: [8086:344c] type 00 class 0x088000
[    2.245169] pci 0000:7f:01.1: [8086:344c] type 00 class 0x088000
[    2.245287] pci 0000:7f:01.2: [8086:344c] type 00 class 0x088000
[    2.245366] pci 0000:7f:01.3: [8086:344c] type 00 class 0x088000
[    2.245497] pci 0000:7f:01.4: [8086:344c] type 00 class 0x088000
[    2.245629] pci 0000:7f:01.5: [8086:344c] type 00 class 0x088000
[    2.245765] pci 0000:7f:01.6: [8086:344c] type 00 class 0x088000
[    2.245891] pci 0000:7f:01.7: [8086:344c] type 00 class 0x088000
[    2.246018] pci 0000:7f:02.0: [8086:344c] type 00 class 0x088000
[    2.246162] pci 0000:7f:02.1: [8086:344c] type 00 class 0x088000
[    2.246293] pci 0000:7f:02.2: [8086:344c] type 00 class 0x088000
[    2.246424] pci 0000:7f:02.3: [8086:344c] type 00 class 0x088000
[    2.246562] pci 0000:7f:02.4: [8086:344c] type 00 class 0x088000
[    2.246698] pci 0000:7f:02.5: [8086:344c] type 00 class 0x088000
[    2.246834] pci 0000:7f:02.6: [8086:344c] type 00 class 0x088000
[    2.246986] pci 0000:7f:02.7: [8086:344c] type 00 class 0x088000
[    2.247132] pci 0000:7f:03.0: [8086:344c] type 00 class 0x088000
[    2.247290] pci 0000:7f:03.1: [8086:344c] type 00 class 0x088000
[    2.247442] pci 0000:7f:03.2: [8086:344c] type 00 class 0x088000
[    2.247590] pci 0000:7f:03.3: [8086:344c] type 00 class 0x088000
[    2.247749] pci 0000:7f:0a.0: [8086:344d] type 00 class 0x088000
[    2.247862] pci 0000:7f:0a.1: [8086:344d] type 00 class 0x088000
[    2.247972] pci 0000:7f:0a.2: [8086:344d] type 00 class 0x088000
[    2.248088] pci 0000:7f:0a.3: [8086:344d] type 00 class 0x088000
[    2.248183] pci 0000:7f:0a.4: [8086:344d] type 00 class 0x088000
[    2.248303] pci 0000:7f:0a.5: [8086:344d] type 00 class 0x088000
[    2.248419] pci 0000:7f:0a.6: [8086:344d] type 00 class 0x088000
[    2.248496] pci 0000:7f:0a.7: [8086:344d] type 00 class 0x088000
[    2.248579] pci 0000:7f:0b.0: [8086:344d] type 00 class 0x088000
[    2.248720] pci 0000:7f:0b.1: [8086:344d] type 00 class 0x088000
[    2.248838] pci 0000:7f:0b.2: [8086:344d] type 00 class 0x088000
[    2.248923] pci 0000:7f:0b.3: [8086:344d] type 00 class 0x088000
[    2.249054] pci 0000:7f:0b.4: [8086:344d] type 00 class 0x088000
[    2.249186] pci 0000:7f:0b.5: [8086:344d] type 00 class 0x088000
[    2.249321] pci 0000:7f:0b.6: [8086:344d] type 00 class 0x088000
[    2.249443] pci 0000:7f:0b.7: [8086:344d] type 00 class 0x088000
[    2.249571] pci 0000:7f:0c.0: [8086:344d] type 00 class 0x088000
[    2.249715] pci 0000:7f:0c.1: [8086:344d] type 00 class 0x088000
[    2.249847] pci 0000:7f:0c.2: [8086:344d] type 00 class 0x088000
[    2.249984] pci 0000:7f:0c.3: [8086:344d] type 00 class 0x088000
[    2.250121] pci 0000:7f:0c.4: [8086:344d] type 00 class 0x088000
[    2.250259] pci 0000:7f:0c.5: [8086:344d] type 00 class 0x088000
[    2.250396] pci 0000:7f:0c.6: [8086:344d] type 00 class 0x088000
[    2.250542] pci 0000:7f:0c.7: [8086:344d] type 00 class 0x088000
[    2.250689] pci 0000:7f:0d.0: [8086:344d] type 00 class 0x088000
[    2.250856] pci 0000:7f:0d.1: [8086:344d] type 00 class 0x088000
[    2.251008] pci 0000:7f:0d.2: [8086:344d] type 00 class 0x088000
[    2.251160] pci 0000:7f:0d.3: [8086:344d] type 00 class 0x088000
[    2.251329] pci 0000:7f:1d.0: [8086:344f] type 00 class 0x088000
[    2.251451] pci 0000:7f:1d.1: [8086:3457] type 00 class 0x088000
[    2.251557] pci 0000:7f:1e.0: [8086:3458] type 00 class 0x088000
[    2.251636] pci 0000:7f:1e.1: [8086:3459] type 00 class 0x088000
[    2.251698] pci 0000:7f:1e.2: [8086:345a] type 00 class 0x088000
[    2.251761] pci 0000:7f:1e.3: [8086:345b] type 00 class 0x088000
[    2.251822] pci 0000:7f:1e.4: [8086:345c] type 00 class 0x088000
[    2.251888] pci 0000:7f:1e.5: [8086:345d] type 00 class 0x088000
[    2.251949] pci 0000:7f:1e.6: [8086:345e] type 00 class 0x088000
[    2.252010] pci 0000:7f:1e.7: [8086:345f] type 00 class 0x088000
[    2.252069] pci_bus 0000:7f: on NUMA node 0
[    2.252175] ACPI: PCI Root Bridge [PC06] (domain 0000 [bus 80])
[    2.252177] acpi PNP0A08:06: _OSC: OS supports [ExtendedConfig ASPM ClockPM Segments MSI HPX-Type3]
[    2.266617] acpi PNP0A08:06: _OSC: platform does not support [SHPCHotplug AER]
[    2.266831] acpi PNP0A08:06: _OSC: OS now controls [PCIeHotplug PME PCIeCapability LTR]
[    2.266832] acpi PNP0A08:06: FADT indicates ASPM is unsupported, using BIOS configuration
[    2.266979] PCI host bridge to bus 0000:80
[    2.266981] pci_bus 0000:80: root bus resource [io  0xb000-0xbfff window]
[    2.266982] pci_bus 0000:80: root bus resource [mem 0xc6800000-0xd0ffffff window]
[    2.266984] pci_bus 0000:80: root bus resource [mem 0x250000000000-0x25ffffffffff window]
[    2.266985] pci_bus 0000:80: root bus resource [bus 80]
[    2.266995] pci 0000:80:00.0: [8086:09a2] type 00 class 0x088000
[    2.267082] pci 0000:80:00.1: [8086:09a4] type 00 class 0x088000
[    2.267152] pci 0000:80:00.2: [8086:09a3] type 00 class 0x088000
[    2.267222] pci 0000:80:00.4: [8086:0998] type 00 class 0x060000
[    2.267293] pci 0000:80:02.0: [8086:09a6] type 00 class 0x088000
[    2.267302] pci 0000:80:02.0: reg 0x10: [mem 0xc6aa4000-0xc6aa5fff]
[    2.267370] pci 0000:80:02.1: [8086:09a7] type 00 class 0x088000
[    2.267379] pci 0000:80:02.1: reg 0x10: [mem 0xc6a00000-0xc6a7ffff]
[    2.267384] pci 0000:80:02.1: reg 0x14: [mem 0xc6980000-0xc69fffff]
[    2.267440] pci 0000:80:02.4: [8086:3456] type 00 class 0x130000
[    2.267451] pci 0000:80:02.4: reg 0x10: [mem 0xc6800000-0xc68fffff 64bit]
[    2.267459] pci 0000:80:02.4: reg 0x18: [mem 0xc6aa0000-0xc6aa3fff 64bit]
[    2.267466] pci 0000:80:02.4: reg 0x20: [mem 0xc6a80000-0xc6a9ffff 64bit]
[    2.267533] pci_bus 0000:80: on NUMA node 1
[    2.267613] ACPI: PCI Root Bridge [PC07] (domain 0000 [bus 81])
[    2.267616] acpi PNP0A08:07: _OSC: OS supports [ExtendedConfig ASPM ClockPM Segments MSI HPX-Type3]
[    2.282061] acpi PNP0A08:07: _OSC: platform does not support [SHPCHotplug AER]
[    2.282272] acpi PNP0A08:07: _OSC: OS now controls [PCIeHotplug PME PCIeCapability LTR]
[    2.282273] acpi PNP0A08:07: FADT indicates ASPM is unsupported, using BIOS configuration
[    2.282393] PCI host bridge to bus 0000:81
[    2.282394] pci_bus 0000:81: root bus resource [io  0xc000-0xcfff window]
[    2.282396] pci_bus 0000:81: root bus resource [mem 0xd1000000-0xdbbfffff window]
[    2.282397] pci_bus 0000:81: root bus resource [mem 0x260000000000-0x26ffffffffff window]
[    2.282399] pci_bus 0000:81: root bus resource [bus 81]
[    2.282409] pci 0000:81:00.0: [8086:09a2] type 00 class 0x088000
[    2.282477] pci 0000:81:00.1: [8086:09a4] type 00 class 0x088000
[    2.282545] pci 0000:81:00.2: [8086:09a3] type 00 class 0x088000
[    2.282614] pci 0000:81:00.4: [8086:0998] type 00 class 0x060000
[    2.282691] pci_bus 0000:81: on NUMA node 1
[    2.282763] ACPI: PCI Root Bridge [PC08] (domain 0000 [bus 82])
[    2.282765] acpi PNP0A08:08: _OSC: OS supports [ExtendedConfig ASPM ClockPM Segments MSI HPX-Type3]
[    2.297177] acpi PNP0A08:08: _OSC: platform does not support [SHPCHotplug AER]
[    2.297387] acpi PNP0A08:08: _OSC: OS now controls [PCIeHotplug PME PCIeCapability LTR]
[    2.297388] acpi PNP0A08:08: FADT indicates ASPM is unsupported, using BIOS configuration
[    2.297507] PCI host bridge to bus 0000:82
[    2.297508] pci_bus 0000:82: root bus resource [io  0xd000-0xdfff window]
[    2.297509] pci_bus 0000:82: root bus resource [mem 0xdbc00000-0xe67fffff window]
[    2.297510] pci_bus 0000:82: root bus resource [mem 0x270000000000-0x27ffffffffff window]
[    2.297512] pci_bus 0000:82: root bus resource [bus 82]
[    2.297522] pci 0000:82:00.0: [8086:09a2] type 00 class 0x088000
[    2.297590] pci 0000:82:00.1: [8086:09a4] type 00 class 0x088000
[    2.297663] pci 0000:82:00.2: [8086:09a3] type 00 class 0x088000
[    2.297731] pci 0000:82:00.4: [8086:0998] type 00 class 0x060000
[    2.297809] pci_bus 0000:82: on NUMA node 1
[    2.297910] ACPI: PCI Root Bridge [PC10] (domain 0000 [bus 83-f9])
[    2.297913] acpi PNP0A08:0a: _OSC: OS supports [ExtendedConfig ASPM ClockPM Segments MSI HPX-Type3]
[    2.312353] acpi PNP0A08:0a: _OSC: platform does not support [SHPCHotplug AER]
[    2.312564] acpi PNP0A08:0a: _OSC: OS now controls [PCIeHotplug PME PCIeCapability LTR]
[    2.312565] acpi PNP0A08:0a: FADT indicates ASPM is unsupported, using BIOS configuration
[    2.312690] PCI host bridge to bus 0000:83
[    2.312691] pci_bus 0000:83: root bus resource [io  0xe000-0xefff window]
[    2.312692] pci_bus 0000:83: root bus resource [mem 0xe6800000-0xf13fffff window]
[    2.312694] pci_bus 0000:83: root bus resource [mem 0x280000000000-0x28ffffffffff window]
[    2.312695] pci_bus 0000:83: root bus resource [bus 83-f9]
[    2.312705] pci 0000:83:00.0: [8086:09a2] type 00 class 0x088000
[    2.312775] pci 0000:83:00.1: [8086:09a4] type 00 class 0x088000
[    2.312843] pci 0000:83:00.2: [8086:09a3] type 00 class 0x088000
[    2.312912] pci 0000:83:00.4: [8086:0998] type 00 class 0x060000
[    2.312990] pci_bus 0000:83: on NUMA node 1
[    2.313063] ACPI: PCI Root Bridge [PC11] (domain 0000 [bus fa])
[    2.313065] acpi PNP0A08:0b: _OSC: OS supports [ExtendedConfig ASPM ClockPM Segments MSI HPX-Type3]
[    2.327502] acpi PNP0A08:0b: _OSC: platform does not support [SHPCHotplug AER]
[    2.327713] acpi PNP0A08:0b: _OSC: OS now controls [PCIeHotplug PME PCIeCapability LTR]
[    2.327714] acpi PNP0A08:0b: FADT indicates ASPM is unsupported, using BIOS configuration
[    2.327830] PCI host bridge to bus 0000:fa
[    2.327831] pci_bus 0000:fa: root bus resource [io  0xf000-0xffff window]
[    2.327832] pci_bus 0000:fa: root bus resource [mem 0xf1400000-0xfb7fffff window]
[    2.327833] pci_bus 0000:fa: root bus resource [mem 0x290000000000-0x29ffffffffff window]
[    2.327835] pci_bus 0000:fa: root bus resource [bus fa]
[    2.327845] pci 0000:fa:00.0: [8086:09a2] type 00 class 0x088000
[    2.327913] pci 0000:fa:00.1: [8086:09a4] type 00 class 0x088000
[    2.327986] pci 0000:fa:00.2: [8086:09a3] type 00 class 0x088000
[    2.328056] pci 0000:fa:00.4: [8086:0998] type 00 class 0x060000
[    2.328134] pci_bus 0000:fa: on NUMA node 1
[    2.328199] ACPI: PCI Root Bridge [UC16] (domain 0000 [bus fe])
[    2.328202] acpi PNP0A03:02: _OSC: OS supports [ExtendedConfig ASPM ClockPM Segments MSI HPX-Type3]
[    2.328299] acpi PNP0A03:02: _OSC: platform does not support [SHPCHotplug AER LTR]
[    2.328477] acpi PNP0A03:02: _OSC: OS now controls [PCIeHotplug PME PCIeCapability]
[    2.328478] acpi PNP0A03:02: FADT indicates ASPM is unsupported, using BIOS configuration
[    2.328608] PCI host bridge to bus 0000:fe
[    2.328609] pci_bus 0000:fe: root bus resource [bus fe]
[    2.328618] pci 0000:fe:00.0: [8086:3450] type 00 class 0x088000
[    2.328693] pci 0000:fe:00.1: [8086:3451] type 00 class 0x088000
[    2.328752] pci 0000:fe:00.2: [8086:3452] type 00 class 0x088000
[    2.328809] pci 0000:fe:00.3: [8086:0998] type 00 class 0x060000
[    2.328870] pci 0000:fe:00.5: [8086:3455] type 00 class 0x088000
[    2.328937] pci 0000:fe:02.0: [8086:3440] type 00 class 0x088000
[    2.329075] pci 0000:fe:02.1: [8086:3441] type 00 class 0x088000
[    2.329187] pci 0000:fe:02.2: [8086:3442] type 00 class 0x088000
[    2.329298] pci 0000:fe:03.0: [8086:3440] type 00 class 0x088000
[    2.329397] pci 0000:fe:03.1: [8086:3441] type 00 class 0x088000
[    2.329476] pci 0000:fe:03.2: [8086:3442] type 00 class 0x088000
[    2.329563] pci 0000:fe:04.0: [8086:3440] type 00 class 0x088000
[    2.329687] pci 0000:fe:04.1: [8086:3441] type 00 class 0x088000
[    2.329810] pci 0000:fe:04.2: [8086:3442] type 00 class 0x088000
[    2.329942] pci 0000:fe:04.3: [8086:3443] type 00 class 0x088000
[    2.330065] pci 0000:fe:05.0: [8086:3445] type 00 class 0x088000
[    2.330198] pci 0000:fe:05.1: [8086:3446] type 00 class 0x088000
[    2.330314] pci 0000:fe:05.2: [8086:3447] type 00 class 0x088000
[    2.330429] pci 0000:fe:06.0: [8086:3445] type 00 class 0x088000
[    2.330527] pci 0000:fe:06.1: [8086:3446] type 00 class 0x088000
[    2.330609] pci 0000:fe:06.2: [8086:3447] type 00 class 0x088000
[    2.330703] pci 0000:fe:07.0: [8086:3445] type 00 class 0x088000
[    2.330848] pci 0000:fe:07.1: [8086:3446] type 00 class 0x088000
[    2.330971] pci 0000:fe:07.2: [8086:3447] type 00 class 0x088000
[    2.331092] pci 0000:fe:0b.0: [8086:3448] type 00 class 0x088000
[    2.331172] pci 0000:fe:0b.1: [8086:3448] type 00 class 0x088000
[    2.331237] pci 0000:fe:0b.2: [8086:344b] type 00 class 0x088000
[    2.331309] pci 0000:fe:0c.0: [8086:344a] type 00 class 0x110100
[    2.331418] pci 0000:fe:0d.0: [8086:344a] type 00 class 0x110100
[    2.331523] pci 0000:fe:0e.0: [8086:344a] type 00 class 0x110100
[    2.331678] pci 0000:fe:0f.0: [8086:344a] type 00 class 0x110100
[    2.331838] pci 0000:fe:1a.0: [8086:2880] type 00 class 0x110100
[    2.331943] pci 0000:fe:1b.0: [8086:2880] type 00 class 0x110100
[    2.332046] pci 0000:fe:1c.0: [8086:2880] type 00 class 0x110100
[    2.332202] pci 0000:fe:1d.0: [8086:2880] type 00 class 0x110100
[    2.332353] pci_bus 0000:fe: on NUMA node 1
[    2.332433] ACPI: PCI Root Bridge [UC17] (domain 0000 [bus ff])
[    2.332435] acpi PNP0A03:03: _OSC: OS supports [ExtendedConfig ASPM ClockPM Segments MSI HPX-Type3]
[    2.332537] acpi PNP0A03:03: _OSC: platform does not support [SHPCHotplug AER LTR]
[    2.332721] acpi PNP0A03:03: _OSC: OS now controls [PCIeHotplug PME PCIeCapability]
[    2.332722] acpi PNP0A03:03: FADT indicates ASPM is unsupported, using BIOS configuration
[    2.332868] PCI host bridge to bus 0000:ff
[    2.332869] pci_bus 0000:ff: root bus resource [bus ff]
[    2.332883] pci 0000:ff:00.0: [8086:344c] type 00 class 0x088000
[    2.333003] pci 0000:ff:00.1: [8086:344c] type 00 class 0x088000
[    2.333116] pci 0000:ff:00.2: [8086:344c] type 00 class 0x088000
[    2.333220] pci 0000:ff:00.3: [8086:344c] type 00 class 0x088000
[    2.333339] pci 0000:ff:00.4: [8086:344c] type 00 class 0x088000
[    2.333456] pci 0000:ff:00.5: [8086:344c] type 00 class 0x088000
[    2.333550] pci 0000:ff:00.6: [8086:344c] type 00 class 0x088000
[    2.333675] pci 0000:ff:00.7: [8086:344c] type 00 class 0x088000
[    2.333802] pci 0000:ff:01.0: [8086:344c] type 00 class 0x088000
[    2.333949] pci 0000:ff:01.1: [8086:344c] type 00 class 0x088000
[    2.334073] pci 0000:ff:01.2: [8086:344c] type 00 class 0x088000
[    2.334163] pci 0000:ff:01.3: [8086:344c] type 00 class 0x088000
[    2.334300] pci 0000:ff:01.4: [8086:344c] type 00 class 0x088000
[    2.334437] pci 0000:ff:01.5: [8086:344c] type 00 class 0x088000
[    2.334577] pci 0000:ff:01.6: [8086:344c] type 00 class 0x088000
[    2.334703] pci 0000:ff:01.7: [8086:344c] type 00 class 0x088000
[    2.334836] pci 0000:ff:02.0: [8086:344c] type 00 class 0x088000
[    2.334989] pci 0000:ff:02.1: [8086:344c] type 00 class 0x088000
[    2.335119] pci 0000:ff:02.2: [8086:344c] type 00 class 0x088000
[    2.335263] pci 0000:ff:02.3: [8086:344c] type 00 class 0x088000
[    2.335399] pci 0000:ff:02.4: [8086:344c] type 00 class 0x088000
[    2.335535] pci 0000:ff:02.5: [8086:344c] type 00 class 0x088000
[    2.335680] pci 0000:ff:02.6: [8086:344c] type 00 class 0x088000
[    2.335823] pci 0000:ff:02.7: [8086:344c] type 00 class 0x088000
[    2.335975] pci 0000:ff:03.0: [8086:344c] type 00 class 0x088000
[    2.336143] pci 0000:ff:03.1: [8086:344c] type 00 class 0x088000
[    2.336293] pci 0000:ff:03.2: [8086:344c] type 00 class 0x088000
[    2.336459] pci 0000:ff:03.3: [8086:344c] type 00 class 0x088000
[    2.336623] pci 0000:ff:0a.0: [8086:344d] type 00 class 0x088000
[    2.336743] pci 0000:ff:0a.1: [8086:344d] type 00 class 0x088000
[    2.336855] pci 0000:ff:0a.2: [8086:344d] type 00 class 0x088000
[    2.336953] pci 0000:ff:0a.3: [8086:344d] type 00 class 0x088000
[    2.337072] pci 0000:ff:0a.4: [8086:344d] type 00 class 0x088000
[    2.337189] pci 0000:ff:0a.5: [8086:344d] type 00 class 0x088000
[    2.337283] pci 0000:ff:0a.6: [8086:344d] type 00 class 0x088000
[    2.337413] pci 0000:ff:0a.7: [8086:344d] type 00 class 0x088000
[    2.337540] pci 0000:ff:0b.0: [8086:344d] type 00 class 0x088000
[    2.337688] pci 0000:ff:0b.1: [8086:344d] type 00 class 0x088000
[    2.337811] pci 0000:ff:0b.2: [8086:344d] type 00 class 0x088000
[    2.337895] pci 0000:ff:0b.3: [8086:344d] type 00 class 0x088000
[    2.338032] pci 0000:ff:0b.4: [8086:344d] type 00 class 0x088000
[    2.338171] pci 0000:ff:0b.5: [8086:344d] type 00 class 0x088000
[    2.338311] pci 0000:ff:0b.6: [8086:344d] type 00 class 0x088000
[    2.338444] pci 0000:ff:0b.7: [8086:344d] type 00 class 0x088000
[    2.338576] pci 0000:ff:0c.0: [8086:344d] type 00 class 0x088000
[    2.338727] pci 0000:ff:0c.1: [8086:344d] type 00 class 0x088000
[    2.338859] pci 0000:ff:0c.2: [8086:344d] type 00 class 0x088000
[    2.338999] pci 0000:ff:0c.3: [8086:344d] type 00 class 0x088000
[    2.339134] pci 0000:ff:0c.4: [8086:344d] type 00 class 0x088000
[    2.339270] pci 0000:ff:0c.5: [8086:344d] type 00 class 0x088000
[    2.339415] pci 0000:ff:0c.6: [8086:344d] type 00 class 0x088000
[    2.339562] pci 0000:ff:0c.7: [8086:344d] type 00 class 0x088000
[    2.339714] pci 0000:ff:0d.0: [8086:344d] type 00 class 0x088000
[    2.339886] pci 0000:ff:0d.1: [8086:344d] type 00 class 0x088000
[    2.340035] pci 0000:ff:0d.2: [8086:344d] type 00 class 0x088000
[    2.340195] pci 0000:ff:0d.3: [8086:344d] type 00 class 0x088000
[    2.340368] pci 0000:ff:1d.0: [8086:344f] type 00 class 0x088000
[    2.340494] pci 0000:ff:1d.1: [8086:3457] type 00 class 0x088000
[    2.340605] pci 0000:ff:1e.0: [8086:3458] type 00 class 0x088000
[    2.340689] pci 0000:ff:1e.1: [8086:3459] type 00 class 0x088000
[    2.340757] pci 0000:ff:1e.2: [8086:345a] type 00 class 0x088000
[    2.340821] pci 0000:ff:1e.3: [8086:345b] type 00 class 0x088000
[    2.340885] pci 0000:ff:1e.4: [8086:345c] type 00 class 0x088000
[    2.340949] pci 0000:ff:1e.5: [8086:345d] type 00 class 0x088000
[    2.341012] pci 0000:ff:1e.6: [8086:345e] type 00 class 0x088000
[    2.341077] pci 0000:ff:1e.7: [8086:345f] type 00 class 0x088000
[    2.341139] pci_bus 0000:ff: on NUMA node 1
[    2.343142] iommu: Default domain type: Translated 
[    2.343142] iommu: DMA domain TLB invalidation policy: lazy mode 
[    2.343335] SCSI subsystem initialized
[    2.343370] libata version 3.00 loaded.
[    2.343370] ACPI: bus type USB registered
[    2.343370] usbcore: registered new interface driver usbfs
[    2.343370] usbcore: registered new interface driver hub
[    2.343370] usbcore: registered new device driver usb
[    2.343370] pps_core: LinuxPPS API ver. 1 registered
[    2.343370] pps_core: Software ver. 5.3.6 - Copyright 2005-2007 Rodolfo Giometti <giometti@linux.it>
[    2.343370] PTP clock support registered
[    2.343370] EDAC MC: Ver: 3.0.0
[    2.343370] Registered efivars operations
[    2.347302] NetLabel: Initializing
[    2.347303] NetLabel:  domain hash size = 128
[    2.347304] NetLabel:  protocols = UNLABELED CIPSOv4 CALIPSO
[    2.347323] NetLabel:  unlabeled traffic allowed by default
[    2.347335] PCI: Using ACPI for IRQ routing
[    2.347335] PCI: pci_cache_line_size set to 64 bytes
[    2.347730] e820: reserve RAM buffer [mem 0x0008f000-0x0008ffff]
[    2.347733] e820: reserve RAM buffer [mem 0x46cc4020-0x47ffffff]
[    2.347734] e820: reserve RAM buffer [mem 0x46cf6020-0x47ffffff]
[    2.347735] e820: reserve RAM buffer [mem 0x46d29020-0x47ffffff]
[    2.347736] e820: reserve RAM buffer [mem 0x46d5c020-0x47ffffff]
[    2.347737] e820: reserve RAM buffer [mem 0x49e77000-0x4bffffff]
[    2.347738] e820: reserve RAM buffer [mem 0x4b2cf000-0x4bffffff]
[    2.347739] e820: reserve RAM buffer [mem 0x4bd94000-0x4bffffff]
[    2.347740] e820: reserve RAM buffer [mem 0x4ce00000-0x4fffffff]
[    2.347741] e820: reserve RAM buffer [mem 0x5eefe000-0x5fffffff]
[    2.347742] e820: reserve RAM buffer [mem 0x6f800000-0x6fffffff]
[    2.351124] pci 0000:03:00.0: vgaarb: setting as boot VGA device
[    2.351124] pci 0000:03:00.0: vgaarb: bridge control possible
[    2.351124] pci 0000:03:00.0: vgaarb: VGA device added: decodes=io+mem,owns=io+mem,locks=none
[    2.351124] vgaarb: loaded
[    2.352429] hpet0: at MMIO 0xfed00000, IRQs 2, 8, 0, 0, 0, 0, 0, 0
[    2.352436] hpet0: 8 comparators, 64-bit 24.000000 MHz counter
[    2.355249] clocksource: Switched to clocksource tsc-early
[    2.364639] VFS: Disk quotas dquot_6.6.0
[    2.364674] VFS: Dquot-cache hash table entries: 512 (order 0, 4096 bytes)
[    2.364825] AppArmor: AppArmor Filesystem Enabled
[    2.364837] pnp: PnP ACPI init
[    2.380853] system 00:01: [io  0x0500-0x05fe] has been reserved
[    2.380856] system 00:01: [io  0x0400-0x041f] has been reserved
[    2.380858] system 00:01: [io  0x0600-0x061f] has been reserved
[    2.380859] system 00:01: [io  0x0ca0-0x0ca1] has been reserved
[    2.380861] system 00:01: [io  0x0ca4-0x0ca6] has been reserved
[    2.380863] system 00:01: [mem 0xff000000-0xffffffff] has been reserved
[    2.381468] system 00:04: [mem 0xfd000000-0xfdabffff] has been reserved
[    2.381471] system 00:04: [mem 0xfdad0000-0xfdadffff] has been reserved
[    2.381472] system 00:04: [mem 0xfdb00000-0xfdffffff] has been reserved
[    2.381474] system 00:04: [mem 0xfe000000-0xfe00ffff] has been reserved
[    2.381476] system 00:04: [mem 0xfe011000-0xfe01ffff] has been reserved
[    2.381477] system 00:04: [mem 0xfe036000-0xfe03bfff] has been reserved
[    2.381479] system 00:04: [mem 0xfe03d000-0xfe3fffff] has been reserved
[    2.381480] system 00:04: [mem 0xfe410000-0xfe7fffff] has been reserved
[    2.381801] system 00:05: [io  0x1000-0x10fe] has been reserved
[    2.382816] pnp: PnP ACPI: found 6 devices
[    2.388563] clocksource: acpi_pm: mask: 0xffffff max_cycles: 0xffffff, max_idle_ns: 2085701024 ns
[    2.388645] NET: Registered PF_INET protocol family
[    2.388987] IP idents hash table entries: 262144 (order: 9, 2097152 bytes, vmalloc)
[    2.391285] tcp_listen_portaddr_hash hash table entries: 65536 (order: 8, 1048576 bytes, vmalloc)
[    2.392026] TCP established hash table entries: 524288 (order: 10, 4194304 bytes, vmalloc hugepage)
[    2.392655] TCP bind hash table entries: 65536 (order: 8, 1048576 bytes, vmalloc)
[    2.392715] TCP: Hash tables configured (established 524288 bind 65536)
[    2.393182] UDP hash table entries: 65536 (order: 9, 2097152 bytes, vmalloc)
[    2.393687] UDP-Lite hash table entries: 65536 (order: 9, 2097152 bytes, vmalloc)
[    2.394021] NET: Registered PF_UNIX/PF_LOCAL protocol family
[    2.394028] NET: Registered PF_XDP protocol family
[    2.394035] pci 0000:04:00.0: can't claim BAR 6 [mem 0xfffc0000-0xffffffff pref]: no compatible bridge window
[    2.394038] pci 0000:04:00.1: can't claim BAR 6 [mem 0xfffc0000-0xffffffff pref]: no compatible bridge window
[    2.394040] pci 0000:17:00.0: can't claim BAR 6 [mem 0xfff00000-0xffffffff pref]: no compatible bridge window
[    2.394056] pci 0000:00:1c.5: BAR 14: assigned [mem 0x90000000-0x900fffff]
[    2.394059] pci 0000:00:1c.0: PCI bridge to [bus 01]
[    2.394069] pci 0000:02:00.0: PCI bridge to [bus 03]
[    2.394074] pci 0000:02:00.0:   bridge window [mem 0x92000000-0x928fffff]
[    2.394079] pci 0000:02:00.0:   bridge window [mem 0x91000000-0x91ffffff 64bit pref]
[    2.394085] pci 0000:00:1c.4: PCI bridge to [bus 02-03]
[    2.394089] pci 0000:00:1c.4:   bridge window [mem 0x92000000-0x928fffff]
[    2.394092] pci 0000:00:1c.4:   bridge window [mem 0x91000000-0x91ffffff 64bit pref]
[    2.394097] pci 0000:04:00.0: BAR 6: assigned [mem 0x90000000-0x9003ffff pref]
[    2.394099] pci 0000:04:00.1: BAR 6: assigned [mem 0x90040000-0x9007ffff pref]
[    2.394100] pci 0000:00:1c.5: PCI bridge to [bus 04]
[    2.394103] pci 0000:00:1c.5:   bridge window [mem 0x90000000-0x900fffff]
[    2.394106] pci 0000:00:1c.5:   bridge window [mem 0x92900000-0x929fffff 64bit pref]
[    2.394111] pci_bus 0000:00: resource 4 [io  0x0000-0x0cf7 window]
[    2.394112] pci_bus 0000:00: resource 5 [io  0x1000-0x4fff window]
[    2.394113] pci_bus 0000:00: resource 6 [mem 0x000a0000-0x000bffff window]
[    2.394115] pci_bus 0000:00: resource 7 [mem 0x000c8000-0x000cffff window]
[    2.394116] pci_bus 0000:00: resource 8 [mem 0xfe010000-0xfe010fff window]
[    2.394117] pci_bus 0000:00: resource 9 [mem 0x90000000-0x9b7fffff window]
[    2.394118] pci_bus 0000:00: resource 10 [mem 0x200000000000-0x20ffffffffff window]
[    2.394120] pci_bus 0000:02: resource 1 [mem 0x92000000-0x928fffff]
[    2.394122] pci_bus 0000:02: resource 2 [mem 0x91000000-0x91ffffff 64bit pref]
[    2.394123] pci_bus 0000:03: resource 1 [mem 0x92000000-0x928fffff]
[    2.394125] pci_bus 0000:03: resource 2 [mem 0x91000000-0x91ffffff 64bit pref]
[    2.394126] pci_bus 0000:04: resource 1 [mem 0x90000000-0x900fffff]
[    2.394127] pci_bus 0000:04: resource 2 [mem 0x92900000-0x929fffff 64bit pref]
[    2.394204] pci 0000:17:00.0: BAR 6: no space for [mem size 0x00100000 pref]
[    2.394206] pci 0000:17:00.0: BAR 6: failed to assign [mem size 0x00100000 pref]
[    2.394208] pci 0000:16:02.0: PCI bridge to [bus 17]
[    2.394209] pci 0000:16:02.0:   bridge window [io  0x5000-0x5fff]
[    2.394212] pci 0000:16:02.0:   bridge window [mem 0x9ba00000-0x9bafffff]
[    2.394214] pci 0000:16:02.0:   bridge window [mem 0x9b800000-0x9b9fffff 64bit pref]
[    2.394218] pci_bus 0000:16: resource 4 [io  0x5000-0x6fff window]
[    2.394219] pci_bus 0000:16: resource 5 [mem 0x9b800000-0xa63fffff window]
[    2.394220] pci_bus 0000:16: resource 6 [mem 0x210000000000-0x21ffffffffff window]
[    2.394221] pci_bus 0000:17: resource 0 [io  0x5000-0x5fff]
[    2.394222] pci_bus 0000:17: resource 1 [mem 0x9ba00000-0x9bafffff]
[    2.394224] pci_bus 0000:17: resource 2 [mem 0x9b800000-0x9b9fffff 64bit pref]
[    2.394230] pci_bus 0000:30: resource 4 [io  0x7000-0x8fff window]
[    2.394232] pci_bus 0000:30: resource 5 [mem 0xa6400000-0xb0ffffff window]
[    2.394233] pci_bus 0000:30: resource 6 [mem 0x220000000000-0x22ffffffffff window]
[    2.394238] pci_bus 0000:4a: resource 4 [io  0x9000-0x9fff window]
[    2.394240] pci_bus 0000:4a: resource 5 [mem 0xb1000000-0xbbbfffff window]
[    2.394241] pci_bus 0000:4a: resource 6 [mem 0x230000000000-0x23ffffffffff window]
[    2.394247] pci_bus 0000:64: resource 4 [io  0xa000-0xafff window]
[    2.394248] pci_bus 0000:64: resource 5 [mem 0xbbc00000-0xc5ffffff window]
[    2.394249] pci_bus 0000:64: resource 6 [mem 0x240000000000-0x24ffffffffff window]
