[    0.000000] Linux version 5.3.1-multiclock (xmu@xmu-PowerEdge-R750) (gcc version 7.5.0 (Ubuntu 7.5.0-3ubuntu1~18.04)) #1 SMP Wed Aug 9 20:46:02 CST 2023
[    0.000000] Command line: BOOT_IMAGE=/boot/vmlinuz-5.3.1-multiclock root=UUID=ce0c24b8-724b-4f33-9b2c-618433560aef ro memmap=16173M!4096M memmap=59G!64G quiet splash nomodeset vt.handoff=1
[    0.000000] KERNEL supported cpus:
[    0.000000]   Intel GenuineIntel
[    0.000000]   AMD AuthenticAMD
[    0.000000]   Hygon HygonGenuine
[    0.000000]   Centaur CentaurHauls
[    0.000000]   zhaoxin   Shanghai  
[    0.000000] x86/fpu: Supporting XSAVE feature 0x001: 'x87 floating point registers'
[    0.000000] x86/fpu: Supporting XSAVE feature 0x002: 'SSE registers'
[    0.000000] x86/fpu: Supporting XSAVE feature 0x004: 'AVX registers'
[    0.000000] x86/fpu: Supporting XSAVE feature 0x020: 'AVX-512 opmask'
[    0.000000] x86/fpu: Supporting XSAVE feature 0x040: 'AVX-512 Hi256'
[    0.000000] x86/fpu: Supporting XSAVE feature 0x080: 'AVX-512 ZMM_Hi256'
[    0.000000] x86/fpu: Supporting XSAVE feature 0x200: 'Protection Keys User registers'
[    0.000000] x86/fpu: xstate_offset[2]:  576, xstate_sizes[2]:  256
[    0.000000] x86/fpu: xstate_offset[5]:  832, xstate_sizes[5]:   64
[    0.000000] x86/fpu: xstate_offset[6]:  896, xstate_sizes[6]:  512
[    0.000000] x86/fpu: xstate_offset[7]: 1408, xstate_sizes[7]: 1024
[    0.000000] x86/fpu: xstate_offset[9]: 2432, xstate_sizes[9]:    8
[    0.000000] x86/fpu: Enabled xstate features 0x2e7, context size is 2440 bytes, using 'compacted' format.
[    0.000000] BIOS-provided physical RAM map:
[    0.000000] BIOS-e820: [mem 0x0000000000000000-0x000000000008efff] usable
[    0.000000] BIOS-e820: [mem 0x000000000008f000-0x000000000008ffff] reserved
[    0.000000] BIOS-e820: [mem 0x0000000000090000-0x000000000009ffff] usable
[    0.000000] BIOS-e820: [mem 0x00000000000a0000-0x00000000000fffff] reserved
[    0.000000] BIOS-e820: [mem 0x0000000000100000-0x0000000049e76fff] usable
[    0.000000] BIOS-e820: [mem 0x0000000049e77000-0x000000004ae76fff] ACPI NVS
[    0.000000] BIOS-e820: [mem 0x000000004ae77000-0x000000004b2cefff] usable
[    0.000000] BIOS-e820: [mem 0x000000004b2cf000-0x000000004b54dfff] ACPI data
[    0.000000] BIOS-e820: [mem 0x000000004b54e000-0x000000004bd93fff] usable
[    0.000000] BIOS-e820: [mem 0x000000004bd94000-0x000000004be99fff] reserved
[    0.000000] BIOS-e820: [mem 0x000000004be9a000-0x000000004cdfffff] usable
[    0.000000] BIOS-e820: [mem 0x000000004ce00000-0x000000004cffffff] reserved
[    0.000000] BIOS-e820: [mem 0x000000004d000000-0x000000005eefdfff] usable
[    0.000000] BIOS-e820: [mem 0x000000005eefe000-0x000000006e3fefff] reserved
[    0.000000] BIOS-e820: [mem 0x000000006e3ff000-0x000000006f3fefff] ACPI NVS
[    0.000000] BIOS-e820: [mem 0x000000006f3ff000-0x000000006f7fefff] ACPI data
[    0.000000] BIOS-e820: [mem 0x000000006f7ff000-0x000000006f7fffff] usable
[    0.000000] BIOS-e820: [mem 0x000000006f800000-0x000000008fffffff] reserved
[    0.000000] BIOS-e820: [mem 0x00000000fe000000-0x00000000fe010fff] reserved
[    0.000000] BIOS-e820: [mem 0x0000000100000000-0x000000207fffffff] usable
[    0.000000] BIOS-e820: [mem 0x0000002080000000-0x0000011c7fffffff] persistent (type 7)
[    0.000000] BIOS-e820: [mem 0x00001ffc00000000-0x00001fffffffffff] reserved
[    0.000000] NX (Execute Disable) protection: active
[    0.000000] e820: update [mem 0x47c75020-0x47c7d05f] usable ==> usable
[    0.000000] e820: update [mem 0x47c75020-0x47c7d05f] usable ==> usable
[    0.000000] e820: update [mem 0x47c42020-0x47c74c5f] usable ==> usable
[    0.000000] e820: update [mem 0x47c42020-0x47c74c5f] usable ==> usable
[    0.000000] e820: update [mem 0x47c0f020-0x47c41c5f] usable ==> usable
[    0.000000] e820: update [mem 0x47c0f020-0x47c41c5f] usable ==> usable
[    0.000000] e820: update [mem 0x47bdd020-0x47c0ea5f] usable ==> usable
[    0.000000] e820: update [mem 0x47bdd020-0x47c0ea5f] usable ==> usable
[    0.000000] extended physical RAM map:
[    0.000000] reserve setup_data: [mem 0x0000000000000000-0x000000000008efff] usable
[    0.000000] reserve setup_data: [mem 0x000000000008f000-0x000000000008ffff] reserved
[    0.000000] reserve setup_data: [mem 0x0000000000090000-0x000000000009ffff] usable
[    0.000000] reserve setup_data: [mem 0x00000000000a0000-0x00000000000fffff] reserved
[    0.000000] reserve setup_data: [mem 0x0000000000100000-0x0000000047bdd01f] usable
[    0.000000] reserve setup_data: [mem 0x0000000047bdd020-0x0000000047c0ea5f] usable
[    0.000000] reserve setup_data: [mem 0x0000000047c0ea60-0x0000000047c0f01f] usable
[    0.000000] reserve setup_data: [mem 0x0000000047c0f020-0x0000000047c41c5f] usable
[    0.000000] reserve setup_data: [mem 0x0000000047c41c60-0x0000000047c4201f] usable
[    0.000000] reserve setup_data: [mem 0x0000000047c42020-0x0000000047c74c5f] usable
[    0.000000] reserve setup_data: [mem 0x0000000047c74c60-0x0000000047c7501f] usable
[    0.000000] reserve setup_data: [mem 0x0000000047c75020-0x0000000047c7d05f] usable
[    0.000000] reserve setup_data: [mem 0x0000000047c7d060-0x0000000049e76fff] usable
[    0.000000] reserve setup_data: [mem 0x0000000049e77000-0x000000004ae76fff] ACPI NVS
[    0.000000] reserve setup_data: [mem 0x000000004ae77000-0x000000004b2cefff] usable
[    0.000000] reserve setup_data: [mem 0x000000004b2cf000-0x000000004b54dfff] ACPI data
[    0.000000] reserve setup_data: [mem 0x000000004b54e000-0x000000004bd93fff] usable
[    0.000000] reserve setup_data: [mem 0x000000004bd94000-0x000000004be99fff] reserved
[    0.000000] reserve setup_data: [mem 0x000000004be9a000-0x000000004cdfffff] usable
[    0.000000] reserve setup_data: [mem 0x000000004ce00000-0x000000004cffffff] reserved
[    0.000000] reserve setup_data: [mem 0x000000004d000000-0x000000005eefdfff] usable
[    0.000000] reserve setup_data: [mem 0x000000005eefe000-0x000000006e3fefff] reserved
[    0.000000] reserve setup_data: [mem 0x000000006e3ff000-0x000000006f3fefff] ACPI NVS
[    0.000000] reserve setup_data: [mem 0x000000006f3ff000-0x000000006f7fefff] ACPI data
[    0.000000] reserve setup_data: [mem 0x000000006f7ff000-0x000000006f7fffff] usable
[    0.000000] reserve setup_data: [mem 0x000000006f800000-0x000000008fffffff] reserved
[    0.000000] reserve setup_data: [mem 0x00000000fe000000-0x00000000fe010fff] reserved
[    0.000000] reserve setup_data: [mem 0x0000000100000000-0x00000004f2cfffff] persistent (type 12)
[    0.000000] reserve setup_data: [mem 0x00000004f2d00000-0x0000000fffffffff] usable
[    0.000000] reserve setup_data: [mem 0x0000001000000000-0x0000001ebfffffff] persistent (type 12)
[    0.000000] reserve setup_data: [mem 0x0000001ec0000000-0x000000207fffffff] usable
[    0.000000] reserve setup_data: [mem 0x0000002080000000-0x0000011c7fffffff] persistent (type 7)
[    0.000000] reserve setup_data: [mem 0x00001ffc00000000-0x00001fffffffffff] reserved
[    0.000000] user-defined physical RAM map:
[    0.000000] user: [mem 0x0000000000000000-0x000000000008efff] usable
[    0.000000] user: [mem 0x000000000008f000-0x000000000008ffff] reserved
[    0.000000] user: [mem 0x0000000000090000-0x000000000009ffff] usable
[    0.000000] user: [mem 0x00000000000a0000-0x00000000000fffff] reserved
[    0.000000] user: [mem 0x0000000000100000-0x0000000047bdd01f] usable
[    0.000000] user: [mem 0x0000000047bdd020-0x0000000047c0ea5f] usable
[    0.000000] user: [mem 0x0000000047c0ea60-0x0000000047c0f01f] usable
[    0.000000] user: [mem 0x0000000047c0f020-0x0000000047c41c5f] usable
[    0.000000] user: [mem 0x0000000047c41c60-0x0000000047c4201f] usable
[    0.000000] user: [mem 0x0000000047c42020-0x0000000047c74c5f] usable
[    0.000000] user: [mem 0x0000000047c74c60-0x0000000047c7501f] usable
[    0.000000] user: [mem 0x0000000047c75020-0x0000000047c7d05f] usable
[    0.000000] user: [mem 0x0000000047c7d060-0x0000000049e76fff] usable
[    0.000000] user: [mem 0x0000000049e77000-0x000000004ae76fff] ACPI NVS
[    0.000000] user: [mem 0x000000004ae77000-0x000000004b2cefff] usable
[    0.000000] user: [mem 0x000000004b2cf000-0x000000004b54dfff] ACPI data
[    0.000000] user: [mem 0x000000004b54e000-0x000000004bd93fff] usable
[    0.000000] user: [mem 0x000000004bd94000-0x000000004be99fff] reserved
[    0.000000] user: [mem 0x000000004be9a000-0x000000004cdfffff] usable
[    0.000000] user: [mem 0x000000004ce00000-0x000000004cffffff] reserved
[    0.000000] user: [mem 0x000000004d000000-0x000000005eefdfff] usable
[    0.000000] user: [mem 0x000000005eefe000-0x000000006e3fefff] reserved
[    0.000000] user: [mem 0x000000006e3ff000-0x000000006f3fefff] ACPI NVS
[    0.000000] user: [mem 0x000000006f3ff000-0x000000006f7fefff] ACPI data
[    0.000000] user: [mem 0x000000006f7ff000-0x000000006f7fffff] usable
[    0.000000] user: [mem 0x000000006f800000-0x000000008fffffff] reserved
[    0.000000] user: [mem 0x00000000fe000000-0x00000000fe010fff] reserved
[    0.000000] user: [mem 0x0000000100000000-0x00000004f2cfffff] persistent (type 12)
[    0.000000] user: [mem 0x00000004f2d00000-0x0000000fffffffff] usable
[    0.000000] user: [mem 0x0000001000000000-0x0000001ebfffffff] persistent (type 12)
[    0.000000] user: [mem 0x0000001ec0000000-0x000000207fffffff] usable
[    0.000000] user: [mem 0x0000002080000000-0x0000011c7fffffff] persistent (type 7)
[    0.000000] user: [mem 0x00001ffc00000000-0x00001fffffffffff] reserved
[    0.000000] efi: EFI v2.70 by Dell Inc.
[    0.000000] efi:  ACPI=0x6f7fe000  ACPI 2.0=0x6f7fe014  MEMATTR=0x5a215220  SMBIOS=0x69526000  SMBIOS 3.0=0x69524000 
[    0.000000] SMBIOS 3.3.0 present.
[    0.000000] DMI: Dell Inc. PowerEdge R750/0K8F35, BIOS 1.10.2 03/03/2023
[    0.000000] tsc: Detected 2000.000 MHz processor
[    0.000009] e820: update [mem 0x00000000-0x00000fff] usable ==> reserved
[    0.000010] e820: remove [mem 0x000a0000-0x000fffff] usable
[    0.000018] last_pfn = 0x2080000 max_arch_pfn = 0x400000000
[    0.000021] MTRR default type: uncachable
[    0.000021] MTRR fixed ranges enabled:
[    0.000022]   00000-9FFFF write-back
[    0.000023]   A0000-BFFFF uncachable
[    0.000024]   C0000-FFFFF write-protect
[    0.000024] MTRR variable ranges enabled:
[    0.000025]   0 base 000000000000 mask 3E0000000000 write-back
[    0.000026]   1 base 000080000000 mask 3FFF80000000 uncachable
[    0.000027]   2 base 00007F000000 mask 3FFFFF000000 uncachable
[    0.000027]   3 disabled
[    0.000028]   4 disabled
[    0.000028]   5 disabled
[    0.000029]   6 disabled
[    0.000029]   7 disabled
[    0.000029]   8 disabled
[    0.000030]   9 disabled
[    0.000782] x86/PAT: Configuration [0-7]: WB  WC  UC- UC  WB  WP  UC- WT  
[    0.001836] total RAM covered: 2095088M
[    0.001920]  gran_size: 64K 	chunk_size: 64K 	num_reg: 10  	lose cover RAM: 2016G
[    0.001922]  gran_size: 64K 	chunk_size: 128K 	num_reg: 10  	lose cover RAM: 2016G
[    0.001922]  gran_size: 64K 	chunk_size: 256K 	num_reg: 10  	lose cover RAM: 2016G
[    0.001923]  gran_size: 64K 	chunk_size: 512K 	num_reg: 10  	lose cover RAM: 2016G
[    0.001924]  gran_size: 64K 	chunk_size: 1M 	num_reg: 10  	lose cover RAM: 2016G
[    0.001925]  gran_size: 64K 	chunk_size: 2M 	num_reg: 10  	lose cover RAM: 2016G
[    0.001925]  gran_size: 64K 	chunk_size: 4M 	num_reg: 10  	lose cover RAM: 2016G
[    0.001926]  gran_size: 64K 	chunk_size: 8M 	num_reg: 10  	lose cover RAM: 2016G
[    0.001926]  gran_size: 64K 	chunk_size: 16M 	num_reg: 10  	lose cover RAM: 2016G
[    0.001927]  gran_size: 64K 	chunk_size: 32M 	num_reg: 10  	lose cover RAM: 1024G
[    0.001928]  gran_size: 64K 	chunk_size: 64M 	num_reg: 10  	lose cover RAM: 1024G
[    0.001929]  gran_size: 64K 	chunk_size: 128M 	num_reg: 10  	lose cover RAM: 1024G
[    0.001929]  gran_size: 64K 	chunk_size: 256M 	num_reg: 10  	lose cover RAM: 1024G
[    0.001930]  gran_size: 64K 	chunk_size: 512M 	num_reg: 10  	lose cover RAM: 1024G
[    0.001931]  gran_size: 64K 	chunk_size: 1G 	num_reg: 10  	lose cover RAM: 1024G
[    0.001931]  gran_size: 64K 	chunk_size: 2G 	num_reg: 10  	lose cover RAM: 1024G
[    0.001932]  gran_size: 128K 	chunk_size: 128K 	num_reg: 10  	lose cover RAM: 2016G
[    0.001933]  gran_size: 128K 	chunk_size: 256K 	num_reg: 10  	lose cover RAM: 2016G
[    0.001933]  gran_size: 128K 	chunk_size: 512K 	num_reg: 10  	lose cover RAM: 2016G
[    0.001934]  gran_size: 128K 	chunk_size: 1M 	num_reg: 10  	lose cover RAM: 2016G
[    0.001935]  gran_size: 128K 	chunk_size: 2M 	num_reg: 10  	lose cover RAM: 2016G
[    0.001935]  gran_size: 128K 	chunk_size: 4M 	num_reg: 10  	lose cover RAM: 2016G
[    0.001936]  gran_size: 128K 	chunk_size: 8M 	num_reg: 10  	lose cover RAM: 2016G
[    0.001937]  gran_size: 128K 	chunk_size: 16M 	num_reg: 10  	lose cover RAM: 2016G
[    0.001937]  gran_size: 128K 	chunk_size: 32M 	num_reg: 10  	lose cover RAM: 1024G
[    0.001938]  gran_size: 128K 	chunk_size: 64M 	num_reg: 10  	lose cover RAM: 1024G
[    0.001939]  gran_size: 128K 	chunk_size: 128M 	num_reg: 10  	lose cover RAM: 1024G
[    0.001939]  gran_size: 128K 	chunk_size: 256M 	num_reg: 10  	lose cover RAM: 1024G
[    0.001940]  gran_size: 128K 	chunk_size: 512M 	num_reg: 10  	lose cover RAM: 1024G
[    0.001941]  gran_size: 128K 	chunk_size: 1G 	num_reg: 10  	lose cover RAM: 1024G
[    0.001941]  gran_size: 128K 	chunk_size: 2G 	num_reg: 10  	lose cover RAM: 1024G
[    0.001942]  gran_size: 256K 	chunk_size: 256K 	num_reg: 10  	lose cover RAM: 2016G
[    0.001943]  gran_size: 256K 	chunk_size: 512K 	num_reg: 10  	lose cover RAM: 2016G
[    0.001943]  gran_size: 256K 	chunk_size: 1M 	num_reg: 10  	lose cover RAM: 2016G
[    0.001944]  gran_size: 256K 	chunk_size: 2M 	num_reg: 10  	lose cover RAM: 2016G
[    0.001945]  gran_size: 256K 	chunk_size: 4M 	num_reg: 10  	lose cover RAM: 2016G
[    0.001945]  gran_size: 256K 	chunk_size: 8M 	num_reg: 10  	lose cover RAM: 2016G
[    0.001946]  gran_size: 256K 	chunk_size: 16M 	num_reg: 10  	lose cover RAM: 2016G
[    0.001947]  gran_size: 256K 	chunk_size: 32M 	num_reg: 10  	lose cover RAM: 1024G
[    0.001947]  gran_size: 256K 	chunk_size: 64M 	num_reg: 10  	lose cover RAM: 1024G
[    0.001948]  gran_size: 256K 	chunk_size: 128M 	num_reg: 10  	lose cover RAM: 1024G
[    0.001949]  gran_size: 256K 	chunk_size: 256M 	num_reg: 10  	lose cover RAM: 1024G
[    0.001949]  gran_size: 256K 	chunk_size: 512M 	num_reg: 10  	lose cover RAM: 1024G
[    0.001950]  gran_size: 256K 	chunk_size: 1G 	num_reg: 10  	lose cover RAM: 1024G
[    0.001951]  gran_size: 256K 	chunk_size: 2G 	num_reg: 10  	lose cover RAM: 1024G
[    0.001951]  gran_size: 512K 	chunk_size: 512K 	num_reg: 10  	lose cover RAM: 2016G
[    0.001952]  gran_size: 512K 	chunk_size: 1M 	num_reg: 10  	lose cover RAM: 2016G
[    0.001953]  gran_size: 512K 	chunk_size: 2M 	num_reg: 10  	lose cover RAM: 2016G
[    0.001953]  gran_size: 512K 	chunk_size: 4M 	num_reg: 10  	lose cover RAM: 2016G
[    0.001954]  gran_size: 512K 	chunk_size: 8M 	num_reg: 10  	lose cover RAM: 2016G
[    0.001955]  gran_size: 512K 	chunk_size: 16M 	num_reg: 10  	lose cover RAM: 2016G
[    0.001955]  gran_size: 512K 	chunk_size: 32M 	num_reg: 10  	lose cover RAM: 1024G
[    0.001956]  gran_size: 512K 	chunk_size: 64M 	num_reg: 10  	lose cover RAM: 1024G
[    0.001956]  gran_size: 512K 	chunk_size: 128M 	num_reg: 10  	lose cover RAM: 1024G
[    0.001957]  gran_size: 512K 	chunk_size: 256M 	num_reg: 10  	lose cover RAM: 1024G
[    0.001958]  gran_size: 512K 	chunk_size: 512M 	num_reg: 10  	lose cover RAM: 1024G
[    0.001958]  gran_size: 512K 	chunk_size: 1G 	num_reg: 10  	lose cover RAM: 1024G
[    0.001959]  gran_size: 512K 	chunk_size: 2G 	num_reg: 10  	lose cover RAM: 1024G
[    0.001960]  gran_size: 1M 	chunk_size: 1M 	num_reg: 10  	lose cover RAM: 2016G
[    0.001961]  gran_size: 1M 	chunk_size: 2M 	num_reg: 10  	lose cover RAM: 2016G
[    0.001961]  gran_size: 1M 	chunk_size: 4M 	num_reg: 10  	lose cover RAM: 2016G
[    0.001962]  gran_size: 1M 	chunk_size: 8M 	num_reg: 10  	lose cover RAM: 2016G
[    0.001963]  gran_size: 1M 	chunk_size: 16M 	num_reg: 10  	lose cover RAM: 2016G
[    0.001963]  gran_size: 1M 	chunk_size: 32M 	num_reg: 10  	lose cover RAM: 1024G
[    0.001964]  gran_size: 1M 	chunk_size: 64M 	num_reg: 10  	lose cover RAM: 1024G
[    0.001965]  gran_size: 1M 	chunk_size: 128M 	num_reg: 10  	lose cover RAM: 1024G
[    0.001965]  gran_size: 1M 	chunk_size: 256M 	num_reg: 10  	lose cover RAM: 1024G
[    0.001966]  gran_size: 1M 	chunk_size: 512M 	num_reg: 10  	lose cover RAM: 1024G
[    0.001967]  gran_size: 1M 	chunk_size: 1G 	num_reg: 10  	lose cover RAM: 1024G
[    0.001967]  gran_size: 1M 	chunk_size: 2G 	num_reg: 10  	lose cover RAM: 1024G
[    0.001968]  gran_size: 2M 	chunk_size: 2M 	num_reg: 10  	lose cover RAM: 2016G
[    0.001968]  gran_size: 2M 	chunk_size: 4M 	num_reg: 10  	lose cover RAM: 2016G
[    0.001969]  gran_size: 2M 	chunk_size: 8M 	num_reg: 10  	lose cover RAM: 2016G
[    0.001970]  gran_size: 2M 	chunk_size: 16M 	num_reg: 10  	lose cover RAM: 2016G
[    0.001970]  gran_size: 2M 	chunk_size: 32M 	num_reg: 10  	lose cover RAM: 1024G
[    0.001971]  gran_size: 2M 	chunk_size: 64M 	num_reg: 10  	lose cover RAM: 1024G
[    0.001972]  gran_size: 2M 	chunk_size: 128M 	num_reg: 10  	lose cover RAM: 1024G
[    0.001972]  gran_size: 2M 	chunk_size: 256M 	num_reg: 10  	lose cover RAM: 1024G
[    0.001973]  gran_size: 2M 	chunk_size: 512M 	num_reg: 10  	lose cover RAM: 1024G
[    0.001974]  gran_size: 2M 	chunk_size: 1G 	num_reg: 10  	lose cover RAM: 1024G
[    0.001974]  gran_size: 2M 	chunk_size: 2G 	num_reg: 10  	lose cover RAM: 1024G
[    0.001975]  gran_size: 4M 	chunk_size: 4M 	num_reg: 10  	lose cover RAM: 2016G
[    0.001976]  gran_size: 4M 	chunk_size: 8M 	num_reg: 10  	lose cover RAM: 2016G
[    0.001976]  gran_size: 4M 	chunk_size: 16M 	num_reg: 10  	lose cover RAM: 2016G
[    0.001977]  gran_size: 4M 	chunk_size: 32M 	num_reg: 10  	lose cover RAM: 1024G
[    0.001978]  gran_size: 4M 	chunk_size: 64M 	num_reg: 10  	lose cover RAM: 1024G
[    0.001978]  gran_size: 4M 	chunk_size: 128M 	num_reg: 10  	lose cover RAM: 1024G
[    0.001979]  gran_size: 4M 	chunk_size: 256M 	num_reg: 10  	lose cover RAM: 1024G
[    0.001980]  gran_size: 4M 	chunk_size: 512M 	num_reg: 10  	lose cover RAM: 1024G
[    0.001980]  gran_size: 4M 	chunk_size: 1G 	num_reg: 10  	lose cover RAM: 1024G
[    0.001981]  gran_size: 4M 	chunk_size: 2G 	num_reg: 10  	lose cover RAM: 1024G
[    0.001982]  gran_size: 8M 	chunk_size: 8M 	num_reg: 10  	lose cover RAM: 2016G
[    0.001982]  gran_size: 8M 	chunk_size: 16M 	num_reg: 10  	lose cover RAM: 2016G
[    0.001983]  gran_size: 8M 	chunk_size: 32M 	num_reg: 10  	lose cover RAM: 1024G
[    0.001984]  gran_size: 8M 	chunk_size: 64M 	num_reg: 10  	lose cover RAM: 1024G
[    0.001984]  gran_size: 8M 	chunk_size: 128M 	num_reg: 10  	lose cover RAM: 1024G
[    0.001985]  gran_size: 8M 	chunk_size: 256M 	num_reg: 10  	lose cover RAM: 1024G
[    0.001986]  gran_size: 8M 	chunk_size: 512M 	num_reg: 10  	lose cover RAM: 1024G
[    0.001986]  gran_size: 8M 	chunk_size: 1G 	num_reg: 10  	lose cover RAM: 1024G
[    0.001987]  gran_size: 8M 	chunk_size: 2G 	num_reg: 10  	lose cover RAM: 1024G
[    0.001988]  gran_size: 16M 	chunk_size: 16M 	num_reg: 10  	lose cover RAM: 2016G
[    0.001988]  gran_size: 16M 	chunk_size: 32M 	num_reg: 10  	lose cover RAM: 1024G
[    0.001989]  gran_size: 16M 	chunk_size: 64M 	num_reg: 10  	lose cover RAM: 1024G
[    0.001990]  gran_size: 16M 	chunk_size: 128M 	num_reg: 10  	lose cover RAM: 1024G
[    0.001990]  gran_size: 16M 	chunk_size: 256M 	num_reg: 10  	lose cover RAM: 1024G
[    0.001991]  gran_size: 16M 	chunk_size: 512M 	num_reg: 10  	lose cover RAM: 1024G
[    0.001992]  gran_size: 16M 	chunk_size: 1G 	num_reg: 10  	lose cover RAM: 1024G
[    0.001992]  gran_size: 16M 	chunk_size: 2G 	num_reg: 10  	lose cover RAM: 1024G
[    0.001993]  gran_size: 32M 	chunk_size: 32M 	num_reg: 10  	lose cover RAM: 2031632M
[    0.001994]  gran_size: 32M 	chunk_size: 64M 	num_reg: 10  	lose cover RAM: 1048592M
[    0.001994]  gran_size: 32M 	chunk_size: 128M 	num_reg: 10  	lose cover RAM: 1048592M
[    0.001995]  gran_size: 32M 	chunk_size: 256M 	num_reg: 10  	lose cover RAM: 1048592M
[    0.001996]  gran_size: 32M 	chunk_size: 512M 	num_reg: 10  	lose cover RAM: 1048592M
[    0.001996]  gran_size: 32M 	chunk_size: 1G 	num_reg: 10  	lose cover RAM: 1048592M
[    0.001997]  gran_size: 32M 	chunk_size: 2G 	num_reg: 10  	lose cover RAM: 1048592M
[    0.001998]  gran_size: 64M 	chunk_size: 64M 	num_reg: 10  	lose cover RAM: 1966128M
[    0.001999]  gran_size: 64M 	chunk_size: 128M 	num_reg: 10  	lose cover RAM: 1048624M
[    0.001999]  gran_size: 64M 	chunk_size: 256M 	num_reg: 10  	lose cover RAM: 1048624M
[    0.002000]  gran_size: 64M 	chunk_size: 512M 	num_reg: 10  	lose cover RAM: 1048624M
[    0.002000]  gran_size: 64M 	chunk_size: 1G 	num_reg: 10  	lose cover RAM: 1048624M
[    0.002001]  gran_size: 64M 	chunk_size: 2G 	num_reg: 10  	lose cover RAM: 1048624M
[    0.002002]  gran_size: 128M 	chunk_size: 128M 	num_reg: 10  	lose cover RAM: 1835120M
[    0.002002]  gran_size: 128M 	chunk_size: 256M 	num_reg: 10  	lose cover RAM: 1048688M
[    0.002003]  gran_size: 128M 	chunk_size: 512M 	num_reg: 10  	lose cover RAM: 1048688M
[    0.002004]  gran_size: 128M 	chunk_size: 1G 	num_reg: 10  	lose cover RAM: 1048688M
[    0.002004]  gran_size: 128M 	chunk_size: 2G 	num_reg: 10  	lose cover RAM: 1048688M
[    0.002005]  gran_size: 256M 	chunk_size: 256M 	num_reg: 10  	lose cover RAM: 1573104M
[    0.002006]  gran_size: 256M 	chunk_size: 512M 	num_reg: 10  	lose cover RAM: 1048816M
[    0.002006]  gran_size: 256M 	chunk_size: 1G 	num_reg: 10  	lose cover RAM: 1048816M
[    0.002007]  gran_size: 256M 	chunk_size: 2G 	num_reg: 10  	lose cover RAM: 1048816M
[    0.002008]  gran_size: 512M 	chunk_size: 512M 	num_reg: 10  	lose cover RAM: 1049072M
[    0.002008]  gran_size: 512M 	chunk_size: 1G 	num_reg: 10  	lose cover RAM: 1049072M
[    0.002009]  gran_size: 512M 	chunk_size: 2G 	num_reg: 10  	lose cover RAM: 1049072M
[    0.002010]  gran_size: 1G 	chunk_size: 1G 	num_reg: 10  	lose cover RAM: 1008M
[    0.002010]  gran_size: 1G 	chunk_size: 2G 	num_reg: 10  	lose cover RAM: 1008M
[    0.002011]  gran_size: 2G 	chunk_size: 2G 	num_reg: 9  	lose cover RAM: 2032M
[    0.002012] mtrr_cleanup: can not find optimal value
[    0.002012] please specify mtrr_gran_size/mtrr_chunk_size
[    0.002015] e820: update [mem 0x7f000000-0xffffffff] usable ==> reserved
[    0.002017] x2apic: enabled by BIOS, switching to x2apic ops
[    0.002017] last_pfn = 0x6f800 max_arch_pfn = 0x400000000
[    0.013422] check: Scanning 1 areas for low memory corruption
[    0.013426] Using GB pages for direct mapping
[    0.013427] BRK [0xeb1a01000, 0xeb1a01fff] PGTABLE
[    0.013429] BRK [0xeb1a02000, 0xeb1a02fff] PGTABLE
[    0.013430] BRK [0xeb1a03000, 0xeb1a03fff] PGTABLE
[    0.013475] BRK [0xeb1a04000, 0xeb1a04fff] PGTABLE
[    0.013595] BRK [0xeb1a05000, 0xeb1a05fff] PGTABLE
[    0.013660] BRK [0xeb1a06000, 0xeb1a06fff] PGTABLE
[    0.013772] BRK [0xeb1a07000, 0xeb1a07fff] PGTABLE
[    0.013899] BRK [0xeb1a08000, 0xeb1a08fff] PGTABLE
[    0.014000] BRK [0xeb1a09000, 0xeb1a09fff] PGTABLE
[    0.014126] BRK [0xeb1a0a000, 0xeb1a0afff] PGTABLE
[    0.014206] BRK [0xeb1a0b000, 0xeb1a0bfff] PGTABLE
[    0.014392] BRK [0xeb1a0c000, 0xeb1a0cfff] PGTABLE
[    0.014651] Secure boot disabled
[    0.014652] RAMDISK: [mem 0x2065920000-0x207fffffff]
[    0.014658] ACPI: Early table checksum verification disabled
[    0.014660] ACPI: RSDP 0x000000006F7FE014 000024 (v02 DELL  )
[    0.014663] ACPI: XSDT 0x000000006F41C188 0000F4 (v01 DELL   PE_SC3   00000000 DELL 01000013)
[    0.014667] ACPI: FACP 0x000000006F430000 000114 (v06 DELL   PE_SC3   00000000 DELL 00000001)
[    0.014672] ACPI: DSDT 0x000000004B4CE000 07FAD3 (v02 DELL   PE_SC3   00000003 DELL 00000001)
[    0.014675] ACPI: FACS 0x000000006F2F2000 000040
[    0.014677] ACPI: SSDT 0x000000006F7FB000 00159A (v02 INTEL  RAS_ACPI 00000001 INTL 20210331)
[    0.014680] ACPI: SSDT 0x000000006F7FA000 000745 (v02 INTEL  ADDRXLAT 00000001 INTL 20210331)
[    0.014683] ACPI: MCEJ 0x000000006F7F9000 000130 (v01 INTEL           00000001 INTL 0100000D)
[    0.014685] ACPI: BERT 0x000000006F7F8000 000030 (v01 DELL   PE_SC3   00000001 INTL 00000001)
[    0.014688] ACPI: ERST 0x000000006F7F7000 000230 (v01 DELL   PE_SC3   00000001 INTL 00000001)
[    0.014691] ACPI: SSDT 0x000000006F431000 3C524E (v02 INTEL  SSDTNVDR 00001000 INTL 20210331)
[    0.014694] ACPI: HMAT 0x000000006F42F000 000210 (v01 DELL   PE_SC3   00000001 DELL 00000001)
[    0.014696] ACPI: HPET 0x000000006F42E000 000038 (v01 DELL   PE_SC3   00000001 DELL 00000001)
[    0.014699] ACPI: MCFG 0x000000006F42D000 00003C (v01 DELL   PE_SC3   00000001 DELL 00000001)
[    0.014701] ACPI: MIGT 0x000000006F42C000 000040 (v01 DELL   PE_SC3   00000000 DELL 00000001)
[    0.014704] ACPI: MSCT 0x000000006F42B000 000090 (v01 DELL   PE_SC3   00000001 DELL 00000001)
[    0.014706] ACPI: PMTT 0x000000006F429000 0011E8 (v02 DELL   PE_SC3   00000001 DELL 00000001)
[    0.014709] ACPI: WSMT 0x000000006F428000 000028 (v01 DELL   PE_SC3   00000000 DELL 00000001)
[    0.014711] ACPI: APIC 0x000000006F427000 00075E (v04 DELL   PE_SC3   00000000 DELL 00000001)
[    0.014714] ACPI: SLIT 0x000000006F426000 00003C (v01 DELL   PE_SC3   00000001 DELL 01000013)
[    0.014716] ACPI: SRAT 0x000000006F41F000 006430 (v03 DELL   PE_SC3   00000002 DELL 01000013)
[    0.014719] ACPI: OEM4 0x000000004B346000 187A61 (v02 INTEL  CPU  CST 00003000 INTL 20210331)
[    0.014721] ACPI: SSDT 0x000000004B2CF000 0764A5 (v02 INTEL  SSDT  PM 00004000 INTL 20210331)
[    0.014724] ACPI: SSDT 0x000000006F41E000 000A1F (v02 DELL   PE_SC3   00000000 DELL 00000001)
[    0.014727] ACPI: HEST 0x000000006F41D000 00017C (v01 DELL   PE_SC3   00000001 INTL 00000001)
[    0.014729] ACPI: PCAT 0x000000006F41B000 00010C (v19 DELL   PE_SC3   00000002 DELL 00000001)
[    0.014732] ACPI: SSDT 0x000000006F413000 007299 (v02 INTEL  SpsNm    00000002 INTL 20210331)
[    0.014734] ACPI: SSDT 0x000000006F412000 000426 (v02 DELL   PE_SC3   00000002 DELL 00000001)
[    0.014737] ACPI: NFIT 0x000000006F7FD000 000488 (v01 DELL   PE_SC3   00000002 DELL 00000001)
[    0.014739] ACPI: DMAR 0x000000006F411000 000158 (v01 DELL   PE_SC3   00000001 DELL 00000001)
[    0.014746] ACPI: Local APIC address 0xfee00000
[    0.014748] Setting APIC routing to cluster x2apic.
[    0.014794] SRAT: PXM 0 -> APIC 0x0000 -> Node 0
[    0.014794] SRAT: PXM 0 -> APIC 0x0001 -> Node 0
[    0.014795] SRAT: PXM 0 -> APIC 0x0002 -> Node 0
[    0.014795] SRAT: PXM 0 -> APIC 0x0003 -> Node 0
[    0.014796] SRAT: PXM 0 -> APIC 0x0004 -> Node 0
[    0.014796] SRAT: PXM 0 -> APIC 0x0005 -> Node 0
[    0.014797] SRAT: PXM 0 -> APIC 0x0006 -> Node 0
[    0.014797] SRAT: PXM 0 -> APIC 0x0007 -> Node 0
[    0.014797] SRAT: PXM 0 -> APIC 0x0008 -> Node 0
[    0.014798] SRAT: PXM 0 -> APIC 0x0009 -> Node 0
[    0.014798] SRAT: PXM 0 -> APIC 0x000a -> Node 0
[    0.014799] SRAT: PXM 0 -> APIC 0x000b -> Node 0
[    0.014799] SRAT: PXM 0 -> APIC 0x000c -> Node 0
[    0.014799] SRAT: PXM 0 -> APIC 0x000d -> Node 0
[    0.014800] SRAT: PXM 0 -> APIC 0x000e -> Node 0
[    0.014800] SRAT: PXM 0 -> APIC 0x000f -> Node 0
[    0.014801] SRAT: PXM 0 -> APIC 0x0010 -> Node 0
[    0.014801] SRAT: PXM 0 -> APIC 0x0011 -> Node 0
[    0.014802] SRAT: PXM 0 -> APIC 0x0012 -> Node 0
[    0.014802] SRAT: PXM 0 -> APIC 0x0013 -> Node 0
[    0.014802] SRAT: PXM 0 -> APIC 0x0014 -> Node 0
[    0.014803] SRAT: PXM 0 -> APIC 0x0015 -> Node 0
[    0.014803] SRAT: PXM 0 -> APIC 0x0016 -> Node 0
[    0.014804] SRAT: PXM 0 -> APIC 0x0017 -> Node 0
[    0.014804] SRAT: PXM 0 -> APIC 0x0018 -> Node 0
[    0.014805] SRAT: PXM 0 -> APIC 0x0019 -> Node 0
[    0.014805] SRAT: PXM 0 -> APIC 0x001a -> Node 0
[    0.014805] SRAT: PXM 0 -> APIC 0x001b -> Node 0
[    0.014806] SRAT: PXM 0 -> APIC 0x001c -> Node 0
[    0.014806] SRAT: PXM 0 -> APIC 0x001d -> Node 0
[    0.014807] SRAT: PXM 0 -> APIC 0x001e -> Node 0
[    0.014807] SRAT: PXM 0 -> APIC 0x001f -> Node 0
[    0.014807] SRAT: PXM 0 -> APIC 0x0020 -> Node 0
[    0.014808] SRAT: PXM 0 -> APIC 0x0021 -> Node 0
[    0.014808] SRAT: PXM 0 -> APIC 0x0022 -> Node 0
[    0.014809] SRAT: PXM 0 -> APIC 0x0023 -> Node 0
[    0.014809] SRAT: PXM 0 -> APIC 0x0024 -> Node 0
[    0.014810] SRAT: PXM 0 -> APIC 0x0025 -> Node 0
[    0.014810] SRAT: PXM 0 -> APIC 0x0026 -> Node 0
[    0.014810] SRAT: PXM 0 -> APIC 0x0027 -> Node 0
[    0.014811] SRAT: PXM 0 -> APIC 0x0028 -> Node 0
[    0.014811] SRAT: PXM 0 -> APIC 0x0029 -> Node 0
[    0.014812] SRAT: PXM 0 -> APIC 0x002a -> Node 0
[    0.014812] SRAT: PXM 0 -> APIC 0x002b -> Node 0
[    0.014812] SRAT: PXM 0 -> APIC 0x002c -> Node 0
[    0.014813] SRAT: PXM 0 -> APIC 0x002d -> Node 0
[    0.014813] SRAT: PXM 0 -> APIC 0x002e -> Node 0
[    0.014814] SRAT: PXM 0 -> APIC 0x002f -> Node 0
[    0.014814] SRAT: PXM 0 -> APIC 0x0030 -> Node 0
[    0.014814] SRAT: PXM 0 -> APIC 0x0031 -> Node 0
[    0.014815] SRAT: PXM 0 -> APIC 0x0032 -> Node 0
[    0.014815] SRAT: PXM 0 -> APIC 0x0033 -> Node 0
[    0.014816] SRAT: PXM 0 -> APIC 0x0034 -> Node 0
[    0.014816] SRAT: PXM 0 -> APIC 0x0035 -> Node 0
[    0.014817] SRAT: PXM 0 -> APIC 0x0036 -> Node 0
[    0.014817] SRAT: PXM 0 -> APIC 0x0037 -> Node 0
[    0.014818] SRAT: PXM 1 -> APIC 0x0080 -> Node 1
[    0.014818] SRAT: PXM 1 -> APIC 0x0081 -> Node 1
[    0.014818] SRAT: PXM 1 -> APIC 0x0082 -> Node 1
[    0.014819] SRAT: PXM 1 -> APIC 0x0083 -> Node 1
[    0.014819] SRAT: PXM 1 -> APIC 0x0084 -> Node 1
[    0.014820] SRAT: PXM 1 -> APIC 0x0085 -> Node 1
[    0.014820] SRAT: PXM 1 -> APIC 0x0086 -> Node 1
[    0.014820] SRAT: PXM 1 -> APIC 0x0087 -> Node 1
[    0.014821] SRAT: PXM 1 -> APIC 0x0088 -> Node 1
[    0.014821] SRAT: PXM 1 -> APIC 0x0089 -> Node 1
[    0.014822] SRAT: PXM 1 -> APIC 0x008a -> Node 1
[    0.014822] SRAT: PXM 1 -> APIC 0x008b -> Node 1
[    0.014822] SRAT: PXM 1 -> APIC 0x008c -> Node 1
[    0.014823] SRAT: PXM 1 -> APIC 0x008d -> Node 1
[    0.014823] SRAT: PXM 1 -> APIC 0x008e -> Node 1
[    0.014824] SRAT: PXM 1 -> APIC 0x008f -> Node 1
[    0.014824] SRAT: PXM 1 -> APIC 0x0090 -> Node 1
[    0.014825] SRAT: PXM 1 -> APIC 0x0091 -> Node 1
[    0.014825] SRAT: PXM 1 -> APIC 0x0092 -> Node 1
[    0.014825] SRAT: PXM 1 -> APIC 0x0093 -> Node 1
[    0.014826] SRAT: PXM 1 -> APIC 0x0094 -> Node 1
[    0.014826] SRAT: PXM 1 -> APIC 0x0095 -> Node 1
[    0.014827] SRAT: PXM 1 -> APIC 0x0096 -> Node 1
[    0.014827] SRAT: PXM 1 -> APIC 0x0097 -> Node 1
[    0.014827] SRAT: PXM 1 -> APIC 0x0098 -> Node 1
[    0.014828] SRAT: PXM 1 -> APIC 0x0099 -> Node 1
[    0.014828] SRAT: PXM 1 -> APIC 0x009a -> Node 1
[    0.014829] SRAT: PXM 1 -> APIC 0x009b -> Node 1
[    0.014829] SRAT: PXM 1 -> APIC 0x009c -> Node 1
[    0.014829] SRAT: PXM 1 -> APIC 0x009d -> Node 1
[    0.014830] SRAT: PXM 1 -> APIC 0x009e -> Node 1
[    0.014830] SRAT: PXM 1 -> APIC 0x009f -> Node 1
[    0.014831] SRAT: PXM 1 -> APIC 0x00a0 -> Node 1
[    0.014831] SRAT: PXM 1 -> APIC 0x00a1 -> Node 1
[    0.014832] SRAT: PXM 1 -> APIC 0x00a2 -> Node 1
[    0.014832] SRAT: PXM 1 -> APIC 0x00a3 -> Node 1
[    0.014832] SRAT: PXM 1 -> APIC 0x00a4 -> Node 1
[    0.014833] SRAT: PXM 1 -> APIC 0x00a5 -> Node 1
[    0.014833] SRAT: PXM 1 -> APIC 0x00a6 -> Node 1
[    0.014834] SRAT: PXM 1 -> APIC 0x00a7 -> Node 1
[    0.014834] SRAT: PXM 1 -> APIC 0x00a8 -> Node 1
[    0.014834] SRAT: PXM 1 -> APIC 0x00a9 -> Node 1
[    0.014835] SRAT: PXM 1 -> APIC 0x00aa -> Node 1
[    0.014835] SRAT: PXM 1 -> APIC 0x00ab -> Node 1
[    0.014836] SRAT: PXM 1 -> APIC 0x00ac -> Node 1
[    0.014836] SRAT: PXM 1 -> APIC 0x00ad -> Node 1
[    0.014836] SRAT: PXM 1 -> APIC 0x00ae -> Node 1
[    0.014837] SRAT: PXM 1 -> APIC 0x00af -> Node 1
[    0.014837] SRAT: PXM 1 -> APIC 0x00b0 -> Node 1
[    0.014838] SRAT: PXM 1 -> APIC 0x00b1 -> Node 1
[    0.014838] SRAT: PXM 1 -> APIC 0x00b2 -> Node 1
[    0.014839] SRAT: PXM 1 -> APIC 0x00b3 -> Node 1
[    0.014839] SRAT: PXM 1 -> APIC 0x00b4 -> Node 1
[    0.014839] SRAT: PXM 1 -> APIC 0x00b5 -> Node 1
[    0.014840] SRAT: PXM 1 -> APIC 0x00b6 -> Node 1
[    0.014840] SRAT: PXM 1 -> APIC 0x00b7 -> Node 1
[    0.014853] ACPI: SRAT: Node 0 PXM 0 [mem 0x00000000-0x7fffffff]
[    0.014853] ACPI: SRAT: Node 0 PXM 0 [mem 0x100000000-0x107fffffff]
[    0.014854] ACPI: SRAT: Node 2 PXM 2 [mem 0x2080000000-0x9e7fffffff] non-volatile
[    0.014855] ACPI: SRAT: Node 1 PXM 1 [mem 0x1080000000-0x207fffffff]
[    0.014856] ACPI: SRAT: Node 3 PXM 3 [mem 0x9e80000000-0x11c7fffffff] non-volatile
[    0.014865] NUMA: Initialized distance table, cnt=4
[    0.014867] NUMA: Node 0 [mem 0x00000000-0x7fffffff] + [mem 0x100000000-0x107fffffff] -> [mem 0x00000000-0x107fffffff]
[    0.014875] NODE_DATA(0) allocated [mem 0xffffd5000-0xfffffffff]
[    0.014891] NODE_DATA(1) allocated [mem 0x20658f1000-0x206591bfff]
[    0.015058] Zone ranges:
[    0.015059]   DMA      [mem 0x0000000000001000-0x0000000000ffffff]
[    0.015060]   DMA32    [mem 0x0000000001000000-0x00000000ffffffff]
[    0.015061]   Normal   [mem 0x0000000100000000-0x000000207fffffff]
[    0.015062]   Device   empty
[    0.015062] Movable zone start for each node
[    0.015066] Early memory node ranges
[    0.015066]   node   0: [mem 0x0000000000001000-0x000000000008efff]
[    0.015067]   node   0: [mem 0x0000000000090000-0x000000000009ffff]
[    0.015068]   node   0: [mem 0x0000000000100000-0x0000000049e76fff]
[    0.015068]   node   0: [mem 0x000000004ae77000-0x000000004b2cefff]
[    0.015069]   node   0: [mem 0x000000004b54e000-0x000000004bd93fff]
[    0.015069]   node   0: [mem 0x000000004be9a000-0x000000004cdfffff]
[    0.015070]   node   0: [mem 0x000000004d000000-0x000000005eefdfff]
[    0.015070]   node   0: [mem 0x000000006f7ff000-0x000000006f7fffff]
[    0.015071]   node   0: [mem 0x00000004f2d00000-0x0000000fffffffff]
[    0.015073]   node   1: [mem 0x0000001ec0000000-0x000000207fffffff]
[    0.015586] Zeroed struct page in unavailable ranges: 54248 pages
[    0.015588] Initmem setup node 0 [mem 0x0000000000001000-0x0000000fffffffff]
[    0.015589] On node 0 totalpages: 11971608
[    0.015590]   DMA zone: 64 pages used for memmap
[    0.015591]   DMA zone: 1102 pages reserved
[    0.015591]   DMA zone: 3998 pages, LIFO batch:0
[    0.015636]   DMA32 zone: 5926 pages used for memmap
[    0.015636]   DMA32 zone: 379258 pages, LIFO batch:63
[    0.021321]   Normal zone: 181068 pages used for memmap
[    0.021322]   Normal zone: 11588352 pages, LIFO batch:63
[    0.131943] Initmem setup node 1 [mem 0x0000001ec0000000-0x000000207fffffff]
[    0.131945] On node 1 totalpages: 1835008
[    0.131946]   Normal zone: 28672 pages used for memmap
[    0.131947]   Normal zone: 1835008 pages, LIFO batch:63
[    0.152235] ACPI: PM-Timer IO Port: 0x508
[    0.152238] ACPI: Local APIC address 0xfee00000
[    0.152254] ACPI: X2APIC_NMI (uid[0xffffffff] high edge lint[0x1])
[    0.152256] ACPI: LAPIC_NMI (acpi_id[0xff] high edge lint[0x1])
[    0.152275] IOAPIC[0]: apic_id 8, version 32, address 0xfec00000, GSI 0-119
[    0.152277] ACPI: INT_SRC_OVR (bus 0 bus_irq 0 global_irq 2 dfl dfl)
[    0.152278] ACPI: INT_SRC_OVR (bus 0 bus_irq 9 global_irq 9 high level)
[    0.152280] ACPI: IRQ0 used by override.
[    0.152281] ACPI: IRQ9 used by override.
[    0.152283] Using ACPI (MADT) for SMP configuration information
[    0.152284] ACPI: HPET id: 0x8086a701 base: 0xfed00000
[    0.152288] smpboot: Allowing 112 CPUs, 0 hotplug CPUs
[    0.152312] PM: Registered nosave memory: [mem 0x00000000-0x00000fff]
[    0.152314] PM: Registered nosave memory: [mem 0x0008f000-0x0008ffff]
[    0.152315] PM: Registered nosave memory: [mem 0x000a0000-0x000fffff]
[    0.152317] PM: Registered nosave memory: [mem 0x47bdd000-0x47bddfff]
[    0.152318] PM: Registered nosave memory: [mem 0x47c0e000-0x47c0efff]
[    0.152319] PM: Registered nosave memory: [mem 0x47c0f000-0x47c0ffff]
[    0.152320] PM: Registered nosave memory: [mem 0x47c41000-0x47c41fff]
[    0.152320] PM: Registered nosave memory: [mem 0x47c42000-0x47c42fff]
[    0.152322] PM: Registered nosave memory: [mem 0x47c74000-0x47c74fff]
[    0.152322] PM: Registered nosave memory: [mem 0x47c75000-0x47c75fff]
[    0.152324] PM: Registered nosave memory: [mem 0x47c7d000-0x47c7dfff]
[    0.152325] PM: Registered nosave memory: [mem 0x49e77000-0x4ae76fff]
[    0.152327] PM: Registered nosave memory: [mem 0x4b2cf000-0x4b54dfff]
[    0.152328] PM: Registered nosave memory: [mem 0x4bd94000-0x4be99fff]
[    0.152329] PM: Registered nosave memory: [mem 0x4ce00000-0x4cffffff]
[    0.152331] PM: Registered nosave memory: [mem 0x5eefe000-0x6e3fefff]
[    0.152331] PM: Registered nosave memory: [mem 0x6e3ff000-0x6f3fefff]
[    0.152332] PM: Registered nosave memory: [mem 0x6f3ff000-0x6f7fefff]
[    0.152333] PM: Registered nosave memory: [mem 0x6f800000-0x8fffffff]
[    0.152334] PM: Registered nosave memory: [mem 0x90000000-0xfdffffff]
[    0.152334] PM: Registered nosave memory: [mem 0xfe000000-0xfe010fff]
[    0.152334] PM: Registered nosave memory: [mem 0xfe011000-0xffffffff]
[    0.152335] PM: Registered nosave memory: [mem 0x100000000-0x4f2cfffff]
[    0.152337] PM: Registered nosave memory: [mem 0x1000000000-0x1ebfffffff]
[    0.152338] [mem 0x90000000-0xfdffffff] available for PCI devices
[    0.152339] Booting paravirtualized kernel on bare hardware
[    0.152342] clocksource: refined-jiffies: mask: 0xffffffff max_cycles: 0xffffffff, max_idle_ns: 7645519600211568 ns
[    0.152348] setup_percpu: NR_CPUS:8192 nr_cpumask_bits:112 nr_cpu_ids:112 nr_node_ids:4
[    0.156876] percpu: Embedded 55 pages/cpu s188416 r8192 d28672 u262144
[    0.156885] pcpu-alloc: s188416 r8192 d28672 u262144 alloc=1*2097152
[    0.156886] pcpu-alloc: [0] 000 002 004 006 008 010 012 014 
[    0.156889] pcpu-alloc: [0] 016 018 020 022 024 026 028 030 
[    0.156890] pcpu-alloc: [0] 032 034 036 038 040 042 044 046 
[    0.156892] pcpu-alloc: [0] 048 050 052 054 056 058 060 062 
[    0.156893] pcpu-alloc: [0] 064 066 068 070 072 074 076 078 
[    0.156895] pcpu-alloc: [0] 080 082 084 086 088 090 092 094 
[    0.156896] pcpu-alloc: [0] 096 098 100 102 104 106 108 110 
[    0.156897] pcpu-alloc: [1] 001 003 005 007 009 011 013 015 
[    0.156899] pcpu-alloc: [1] 017 019 021 023 025 027 029 031 
[    0.156900] pcpu-alloc: [1] 033 035 037 039 041 043 045 047 
[    0.156902] pcpu-alloc: [1] 049 051 053 055 057 059 061 063 
[    0.156903] pcpu-alloc: [1] 065 067 069 071 073 075 077 079 
[    0.156904] pcpu-alloc: [1] 081 083 085 087 089 091 093 095 
[    0.156906] pcpu-alloc: [1] 097 099 101 103 105 107 109 111 
[    0.156948] Built 2 zonelists, mobility grouping on.  Total pages: 13589784
[    0.156949] Policy zone: Normal
[    0.156951] Kernel command line: BOOT_IMAGE=/boot/vmlinuz-5.3.1-multiclock root=UUID=ce0c24b8-724b-4f33-9b2c-618433560aef ro memmap=16173M!4096M memmap=59G!64G quiet splash nomodeset vt.handoff=1
[    0.157056] You have booted with nomodeset. This means your GPU drivers are DISABLED
[    0.157056] Any video related functionality will be severely degraded, and you may not even be able to suspend the system properly
[    0.157057] Unless you actually understand what nomodeset does, you should reboot without enabling it
[    0.157074] printk: log_buf_len individual max cpu contribution: 4096 bytes
[    0.157074] printk: log_buf_len total cpu_extra contributions: 454656 bytes
[    0.157075] printk: log_buf_len min size: 262144 bytes
[    0.157230] printk: log_buf_len: 1048576 bytes
[    0.157230] printk: early log buf free: 221788(84%)
[    0.158735] mem auto-init: stack:off, heap alloc:on, heap free:off
[    0.164753] Calgary: detecting Calgary via BIOS EBDA area
[    0.164754] Calgary: Unable to locate Rio Grande table in EBDA - bailing!
[    0.277807] Memory: 53673760K/55226464K available (14339K kernel code, 2373K rwdata, 4660K rodata, 2680K init, 5056K bss, 1552704K reserved, 0K cma-reserved)
[    0.278406] SLUB: HWalign=64, Order=0-3, MinObjects=0, CPUs=112, Nodes=4
[    0.278438] ftrace: allocating 43047 entries in 169 pages
[    0.294739] rcu: Hierarchical RCU implementation.
[    0.294741] rcu: 	RCU restricting CPUs from NR_CPUS=8192 to nr_cpu_ids=112.
[    0.294742] 	Tasks RCU enabled.
[    0.294743] rcu: RCU calculated value of scheduler-enlistment delay is 25 jiffies.
[    0.294743] rcu: Adjusting geometry for rcu_fanout_leaf=16, nr_cpu_ids=112
[    0.297347] NR_IRQS: 524544, nr_irqs: 2952, preallocated irqs: 16
[    0.297748] random: crng done (trusting CPU's manufacturer)
[    0.297918] Console: colour dummy device 80x25
[    0.297934] printk: console [tty0] enabled
[    0.298000] mempolicy: Enabling automatic NUMA balancing. Configure with numa_balancing= or the kernel.numa_balancing sysctl
[    0.298003] ACPI: Core revision 20190703
[    0.301387] clocksource: hpet: mask: 0xffffffff max_cycles: 0xffffffff, max_idle_ns: 79635855245 ns
[    0.301428] APIC: Switch to symmetric I/O mode setup
[    0.301430] DMAR: Host address width 46
[    0.301431] DMAR: DRHD base: 0x000000d0ffc000 flags: 0x0
[    0.301436] DMAR: dmar0: reg_base_addr d0ffc000 ver 4:0 cap 8ed008c40780466 ecap 60000f050df
[    0.301437] DMAR: DRHD base: 0x000000dbbfc000 flags: 0x0
[    0.301440] DMAR: dmar1: reg_base_addr dbbfc000 ver 4:0 cap 8ed008c40780466 ecap 60000f050df
[    0.301441] DMAR: DRHD base: 0x000000e67fc000 flags: 0x0
[    0.301444] DMAR: dmar2: reg_base_addr e67fc000 ver 4:0 cap 8ed008c40780466 ecap 60000f050df
[    0.301445] DMAR: DRHD base: 0x000000f13fc000 flags: 0x0
[    0.301448] DMAR: dmar3: reg_base_addr f13fc000 ver 4:0 cap 8ed008c40780466 ecap 60000f050df
[    0.301449] DMAR: DRHD base: 0x000000fb7fc000 flags: 0x0
[    0.301452] DMAR: dmar4: reg_base_addr fb7fc000 ver 4:0 cap 8ed008c40780466 ecap 60000f050df
[    0.301453] DMAR: DRHD base: 0x000000a63fc000 flags: 0x0
[    0.301455] DMAR: dmar5: reg_base_addr a63fc000 ver 4:0 cap 8ed008c40780466 ecap 60000f050df
[    0.301456] DMAR: DRHD base: 0x000000b0ffc000 flags: 0x0
[    0.301459] DMAR: dmar6: reg_base_addr b0ffc000 ver 4:0 cap 8ed008c40780466 ecap 60000f050df
[    0.301459] DMAR: DRHD base: 0x000000bbbfc000 flags: 0x0
[    0.301464] DMAR: dmar7: reg_base_addr bbbfc000 ver 4:0 cap 8ed008c40780466 ecap 60000f050df
[    0.301464] DMAR: DRHD base: 0x000000c5ffc000 flags: 0x0
[    0.301467] DMAR: dmar8: reg_base_addr c5ffc000 ver 4:0 cap 8ed008c40780466 ecap 60000f050df
[    0.301468] DMAR: DRHD base: 0x0000009b7fc000 flags: 0x1
[    0.301470] DMAR: dmar9: reg_base_addr 9b7fc000 ver 4:0 cap 8ed008c40780466 ecap 60000f050df
[    0.301471] DMAR: RMRR base: 0x00000069427000 end: 0x00000069429fff
[    0.301472] DMAR: ATSR flags: 0x0
[    0.301474] DMAR-IR: IOAPIC id 8 under DRHD base  0x9b7fc000 IOMMU 9
[    0.301474] DMAR-IR: HPET id 0 under DRHD base 0x9b7fc000
[    0.301475] DMAR-IR: Queued invalidation will be enabled to support x2apic and Intr-remapping.
[    0.303946] DMAR-IR: Enabled IRQ remapping in x2apic mode
[    0.306564] ..TIMER: vector=0x30 apic1=0 pin1=2 apic2=-1 pin2=-1
[    0.325356] clocksource: tsc-early: mask: 0xffffffffffffffff max_cycles: 0x39a85c9bff6, max_idle_ns: 881590591483 ns
[    0.325361] Calibrating delay loop (skipped), value calculated using timer frequency.. 4000.00 BogoMIPS (lpj=8000000)
[    0.325362] pid_max: default: 114688 minimum: 896
[    0.329364] LSM: Security Framework initializing
[    0.329381] Yama: becoming mindful.
[    0.329753] AppArmor: AppArmor initialized
[    0.338808] Dentry cache hash table entries: 8388608 (order: 14, 67108864 bytes, vmalloc)
[    0.343321] Inode-cache hash table entries: 4194304 (order: 13, 33554432 bytes, vmalloc)
[    0.343519] Mount-cache hash table entries: 131072 (order: 8, 1048576 bytes, vmalloc)
[    0.343660] Mountpoint-cache hash table entries: 131072 (order: 8, 1048576 bytes, vmalloc)
[    0.343936] *** VALIDATE proc ***
[    0.344156] *** VALIDATE cgroup1 ***
[    0.344157] *** VALIDATE cgroup2 ***
[    0.344273] x86/tme: not enabled by BIOS
[    0.344276] x86/cpu: User Mode Instruction Prevention (UMIP) activated
[    0.344350] mce: CPU0: Thermal monitoring enabled (TM1)
[    0.344561] process: using mwait in idle threads
[    0.344562] Last level iTLB entries: 4KB 0, 2MB 0, 4MB 0
[    0.344563] Last level dTLB entries: 4KB 0, 2MB 0, 4MB 0, 1GB 0
[    0.344566] Spectre V1 : Mitigation: usercopy/swapgs barriers and __user pointer sanitization
[    0.344568] Spectre V2 : Mitigation: Enhanced IBRS
[    0.344568] Spectre V2 : Spectre v2 / SpectreRSB mitigation: Filling RSB on context switch
[    0.344569] Spectre V2 : mitigation: Enabling conditional Indirect Branch Prediction Barrier
[    0.344570] Speculative Store Bypass: Mitigation: Speculative Store Bypass disabled via prctl and seccomp
[    0.344830] Freeing SMP alternatives memory: 40K
[    0.349508] TSC deadline timer enabled
[    0.349518] smpboot: CPU0: Intel(R) Xeon(R) Gold 6330 CPU @ 2.00GHz (family: 0x6, model: 0x6a, stepping: 0x6)
[    0.349704] Performance Events: PEBS fmt4+-baseline, Icelake events, 32-deep LBR, full-width counters, Intel PMU driver.
[    0.349709] ... version:                5
[    0.349709] ... bit width:              48
[    0.349710] ... generic registers:      8
[    0.349710] ... value mask:             0000ffffffffffff
[    0.349710] ... max period:             00007fffffffffff
[    0.349711] ... fixed-purpose events:   4
[    0.349711] ... event mask:             0000000f000000ff
[    0.349804] rcu: Hierarchical SRCU implementation.
[    0.357011] NMI watchdog: Enabled. Permanently consumes one hw-PMU counter.
[    0.358306] smp: Bringing up secondary CPUs ...
[    0.358423] x86: Booting SMP configuration:
[    0.358424] .... node  #1, CPUs:          #1
[    0.003671] smpboot: CPU 1 Converting physical 0 to logical die 1
[    0.445466] .... node  #0, CPUs:     #2
[    0.450815] .... node  #1, CPUs:     #3
[    0.456202] .... node  #0, CPUs:     #4
[    0.461542] .... node  #1, CPUs:     #5
[    0.466898] .... node  #0, CPUs:     #6
[    0.472446] .... node  #1, CPUs:     #7
[    0.477992] .... node  #0, CPUs:     #8
[    0.483249] .... node  #1, CPUs:     #9
[    0.488944] .... node  #0, CPUs:    #10
[    0.494637] .... node  #1, CPUs:    #11
[    0.500324] .... node  #0, CPUs:    #12
[    0.505806] .... node  #1, CPUs:    #13
[    0.511128] .... node  #0, CPUs:    #14
[    0.516336] .... node  #1, CPUs:    #15
[    0.521616] .... node  #0, CPUs:    #16
[    0.526848] .... node  #1, CPUs:    #17
[    0.532128] .... node  #0, CPUs:    #18
[    0.537523] .... node  #1, CPUs:    #19
[    0.542962] .... node  #0, CPUs:    #20
[    0.548163] .... node  #1, CPUs:    #21
[    0.553721] .... node  #0, CPUs:    #22
[    0.559130] .... node  #1, CPUs:    #23
[    0.564357] .... node  #0, CPUs:    #24
[    0.569948] .... node  #1, CPUs:    #25
[    0.575247] .... node  #0, CPUs:    #26
[    0.580427] .... node  #1, CPUs:    #27
[    0.585692] .... node  #0, CPUs:    #28
[    0.591156] .... node  #1, CPUs:    #29
[    0.596415] .... node  #0, CPUs:    #30
[    0.601594] .... node  #1, CPUs:    #31
[    0.607032] .... node  #0, CPUs:    #32
[    0.612288] .... node  #1, CPUs:    #33
[    0.617614] .... node  #0, CPUs:    #34
[    0.623024] .... node  #1, CPUs:    #35
[    0.628295] .... node  #0, CPUs:    #36
[    0.633513] .... node  #1, CPUs:    #37
[    0.638758] .... node  #0, CPUs:    #38
[    0.644281] .... node  #1, CPUs:    #39
[    0.649770] .... node  #0, CPUs:    #40
[    0.655345] .... node  #1, CPUs:    #41
[    0.661049] .... node  #0, CPUs:    #42
[    0.666324] .... node  #1, CPUs:    #43
[    0.671928] .... node  #0, CPUs:    #44
[    0.677499] .... node  #1, CPUs:    #45
[    0.682697] .... node  #0, CPUs:    #46
[    0.688205] .... node  #1, CPUs:    #47
[    0.693611] .... node  #0, CPUs:    #48
[    0.698907] .... node  #1, CPUs:    #49
[    0.704301] .... node  #0, CPUs:    #50
[    0.709743] .... node  #1, CPUs:    #51
[    0.715350] .... node  #0, CPUs:    #52
[    0.720786] .... node  #1, CPUs:    #53
[    0.726326] .... node  #0, CPUs:    #54
[    0.732007] .... node  #1, CPUs:    #55
[    0.737764] .... node  #0, CPUs:    #56
[    0.743605] .... node  #1, CPUs:    #57
[    0.749464] .... node  #0, CPUs:    #58
[    0.754828] .... node  #1, CPUs:    #59
[    0.760231] .... node  #0, CPUs:    #60
[    0.765568] .... node  #1, CPUs:    #61
[    0.770928] .... node  #0, CPUs:    #62
[    0.776487] .... node  #1, CPUs:    #63
[    0.782050] .... node  #0, CPUs:    #64
[    0.787328] .... node  #1, CPUs:    #65
[    0.793032] .... node  #0, CPUs:    #66
[    0.798734] .... node  #1, CPUs:    #67
[    0.804454] .... node  #0, CPUs:    #68
[    0.809931] .... node  #1, CPUs:    #69
[    0.815272] .... node  #0, CPUs:    #70
[    0.820467] .... node  #1, CPUs:    #71
[    0.825757] .... node  #0, CPUs:    #72
[    0.831000] .... node  #1, CPUs:    #73
[    0.836297] .... node  #0, CPUs:    #74
[    0.841527] .... node  #1, CPUs:    #75
[    0.847160] .... node  #0, CPUs:    #76
[    0.852381] .... node  #1, CPUs:    #77
[    0.857961] .... node  #0, CPUs:    #78
[    0.863384] .... node  #1, CPUs:    #79
[    0.868649] .... node  #0, CPUs:    #80
[    0.874256] .... node  #1, CPUs:    #81
[    0.879570] .... node  #0, CPUs:    #82
[    0.884761] .... node  #1, CPUs:    #83
[    0.890042] .... node  #0, CPUs:    #84
[    0.895536] .... node  #1, CPUs:    #85
[    0.900810] .... node  #0, CPUs:    #86
[    0.906002] .... node  #1, CPUs:    #87
[    0.911466] .... node  #0, CPUs:    #88
[    0.916738] .... node  #1, CPUs:    #89
[    0.922091] .... node  #0, CPUs:    #90
[    0.927509] .... node  #1, CPUs:    #91
[    0.932798] .... node  #0, CPUs:    #92
[    0.937981] .... node  #1, CPUs:    #93
[    0.943283] .... node  #0, CPUs:    #94
[    0.948837] .... node  #1, CPUs:    #95
[    0.954332] .... node  #0, CPUs:    #96
[    0.959917] .... node  #1, CPUs:    #97
[    0.965641] .... node  #0, CPUs:    #98
[    0.970934] .... node  #1, CPUs:    #99
[    0.976564] .... node  #0, CPUs:   #100
[    0.981899] .... node  #1, CPUs:   #101
[    0.987345] .... node  #0, CPUs:   #102
[    0.992867] .... node  #1, CPUs:   #103
[    0.998286] .... node  #0, CPUs:   #104
[    1.003611] .... node  #1, CPUs:   #105
[    1.009023] .... node  #0, CPUs:   #106
[    1.014473] .... node  #1, CPUs:   #107
[    1.020110] .... node  #0, CPUs:   #108
[    1.025547] .... node  #1, CPUs:   #109
[    1.031119] .... node  #0, CPUs:   #110
[    1.036794] .... node  #1, CPUs:   #111
[    1.042573] smp: Brought up 2 nodes, 112 CPUs
[    1.042573] smpboot: Max logical packages: 2
[    1.042573] smpboot: Total of 112 processors activated (448063.56 BogoMIPS)
[    1.052156] devtmpfs: initialized
[    1.052156] x86/mm: Memory block size: 2048MB
[    1.052156] PM: Registering ACPI NVS region [mem 0x49e77000-0x4ae76fff] (16777216 bytes)
[    1.052156] PM: Registering ACPI NVS region [mem 0x6e3ff000-0x6f3fefff] (16777216 bytes)
[    1.053413] clocksource: jiffies: mask: 0xffffffff max_cycles: 0xffffffff, max_idle_ns: 7645041785100000 ns
[    1.053676] futex hash table entries: 32768 (order: 9, 2097152 bytes, vmalloc)
[    1.054266] pinctrl core: initialized pinctrl subsystem
[    1.054388] PM: RTC time: 12:42:14, date: 2024-06-05
[    1.054648] NET: Registered protocol family 16
[    1.054755] audit: initializing netlink subsys (disabled)
[    1.054760] audit: type=2000 audit(1717591333.756:1): state=initialized audit_enabled=0 res=1
[    1.054760] EISA bus registered
[    1.054760] cpuidle: using governor ladder
[    1.054760] cpuidle: using governor menu
[    1.054760] ACPI FADT declares the system doesn't support PCIe ASPM, so disable it
[    1.054760] ACPI: bus type PCI registered
[    1.054760] acpiphp: ACPI Hot Plug PCI Controller Driver version: 0.5
[    1.054760] PCI: MMCONFIG for domain 0000 [bus 00-ff] at [mem 0x80000000-0x8fffffff] (base 0x80000000)
[    1.054760] PCI: MMCONFIG at [mem 0x80000000-0x8fffffff] reserved in E820
[    1.054760] pmd_set_huge: Cannot satisfy [mem 0x80000000-0x80200000] with a huge-page mapping due to MTRR override.
[    1.054760] PCI: Using configuration type 1 for base access
[    1.054760] PCI: Dell System detected, enabling pci=bfsort.
[    1.057363] ENERGY_PERF_BIAS: Set to 'normal', was 'performance'
[    1.061746] HugeTLB registered 1.00 GiB page size, pre-allocated 0 pages
[    1.061746] HugeTLB registered 2.00 MiB page size, pre-allocated 0 pages
[    1.065770] ACPI: Added _OSI(Module Device)
[    1.065771] ACPI: Added _OSI(Processor Device)
[    1.065772] ACPI: Added _OSI(3.0 _SCP Extensions)
[    1.065772] ACPI: Added _OSI(Processor Aggregator Device)
[    1.065773] ACPI: Added _OSI(Linux-Dell-Video)
[    1.065774] ACPI: Added _OSI(Linux-Lenovo-NV-HDMI-Audio)
[    1.065775] ACPI: Added _OSI(Linux-HPI-Hybrid-Graphics)
[    1.230529] ACPI: 8 ACPI AML tables successfully acquired and loaded
[    1.237608] ACPI: [Firmware Bug]: BIOS _OSI(Linux) query ignored
[    1.244195] ACPI: Dynamic OEM Table Load:
[    1.639542] ACPI: Interpreter enabled
[    1.639561] ACPI: (supports S0 S5)
[    1.639562] ACPI: Using IOAPIC for interrupt routing
[    1.639648] HEST: Table parsing has been initialized.
[    1.639650] PCI: Using host bridge windows from ACPI; if necessary, use "pci=nocrs" and report a bug
[    1.668526] ACPI: Enabled 4 GPEs in block 00 to 7F
[    1.793077] ACPI: PCI Root Bridge [PC00] (domain 0000 [bus 00-15])
[    1.793081] acpi PNP0A08:00: _OSC: OS supports [ExtendedConfig ASPM ClockPM Segments MSI HPX-Type3]
[    1.793159] acpi PNP0A08:00: PCIe AER handled by firmware
[    1.793270] acpi PNP0A08:00: _OSC: platform does not support [SHPCHotplug LTR]
[    1.793477] acpi PNP0A08:00: _OSC: OS now controls [PCIeHotplug PME PCIeCapability]
[    1.793478] acpi PNP0A08:00: FADT indicates ASPM is unsupported, using BIOS configuration
[    1.795265] PCI host bridge to bus 0000:00
[    1.795266] pci_bus 0000:00: root bus resource [io  0x0000-0x0cf7 window]
[    1.795267] pci_bus 0000:00: root bus resource [io  0x1000-0x4fff window]
[    1.795268] pci_bus 0000:00: root bus resource [mem 0x000a0000-0x000bffff window]
[    1.795269] pci_bus 0000:00: root bus resource [mem 0x000c8000-0x000cffff window]
[    1.795270] pci_bus 0000:00: root bus resource [mem 0xfe010000-0xfe010fff window]
[    1.795271] pci_bus 0000:00: root bus resource [mem 0x90000000-0x9b7fffff window]
[    1.795271] pci_bus 0000:00: root bus resource [mem 0x200000000000-0x20ffffffffff window]
[    1.795272] pci_bus 0000:00: root bus resource [bus 00-15]
[    1.795282] pci 0000:00:00.0: [8086:09a2] type 00 class 0x088000
[    1.796005] pci 0000:00:00.1: [8086:09a4] type 00 class 0x088000
[    1.796714] pci 0000:00:00.2: [8086:09a3] type 00 class 0x088000
[    1.797422] pci 0000:00:00.4: [8086:0998] type 00 class 0x060000
[    1.798137] pci 0000:00:02.0: [8086:09a6] type 00 class 0x088000
[    1.798147] pci 0000:00:02.0: reg 0x10: [mem 0x92dfc000-0x92dfdfff]
[    1.798848] pci 0000:00:02.1: [8086:09a7] type 00 class 0x088000
[    1.798857] pci 0000:00:02.1: reg 0x10: [mem 0x92d00000-0x92d7ffff]
[    1.798862] pci 0000:00:02.1: reg 0x14: [mem 0x92c80000-0x92cfffff]
[    1.799563] pci 0000:00:02.4: [8086:3456] type 00 class 0x130000
[    1.799573] pci 0000:00:02.4: reg 0x10: [mem 0x92a00000-0x92afffff 64bit]
[    1.799580] pci 0000:00:02.4: reg 0x18: [mem 0x92df0000-0x92df3fff 64bit]
[    1.799586] pci 0000:00:02.4: reg 0x20: [mem 0x92dc0000-0x92ddffff 64bit]
[    1.800296] pci 0000:00:11.0: [8086:a1ec] type 00 class 0xff0000
[    1.801071] pci 0000:00:11.5: [8086:a1d2] type 00 class 0x010601
[    1.801088] pci 0000:00:11.5: reg 0x10: [mem 0x92dfa000-0x92dfbfff]
[    1.801095] pci 0000:00:11.5: reg 0x14: [mem 0x92e05000-0x92e050ff]
[    1.801102] pci 0000:00:11.5: reg 0x18: [io  0x2068-0x206f]
[    1.801109] pci 0000:00:11.5: reg 0x1c: [io  0x2074-0x2077]
[    1.801116] pci 0000:00:11.5: reg 0x20: [io  0x2040-0x205f]
[    1.801123] pci 0000:00:11.5: reg 0x24: [mem 0x92b80000-0x92bfffff]
[    1.801162] pci 0000:00:11.5: PME# supported from D3hot
[    1.801885] pci 0000:00:14.0: [8086:a1af] type 00 class 0x0c0330
[    1.801906] pci 0000:00:14.0: reg 0x10: [mem 0x92de0000-0x92deffff 64bit]
[    1.801970] pci 0000:00:14.0: PME# supported from D3hot D3cold
[    1.802689] pci 0000:00:14.2: [8086:a1b1] type 00 class 0x118000
[    1.802710] pci 0000:00:14.2: reg 0x10: [mem 0x92e02000-0x92e02fff 64bit]
[    1.803459] pci 0000:00:16.0: [8086:a1ba] type 00 class 0x078000
[    1.803487] pci 0000:00:16.0: reg 0x10: [mem 0x92e01000-0x92e01fff 64bit]
[    1.803571] pci 0000:00:16.0: PME# supported from D3hot
[    1.804261] pci 0000:00:16.1: [8086:a1bb] type 00 class 0x078000
[    1.804289] pci 0000:00:16.1: reg 0x10: [mem 0x92e00000-0x92e00fff 64bit]
[    1.804372] pci 0000:00:16.1: PME# supported from D3hot
[    1.805067] pci 0000:00:16.4: [8086:a1be] type 00 class 0x078000
[    1.805095] pci 0000:00:16.4: reg 0x10: [mem 0x92dff000-0x92dfffff 64bit]
[    1.805179] pci 0000:00:16.4: PME# supported from D3hot
[    1.805874] pci 0000:00:17.0: [8086:a182] type 00 class 0x010601
[    1.805891] pci 0000:00:17.0: reg 0x10: [mem 0x92df8000-0x92df9fff]
[    1.805898] pci 0000:00:17.0: reg 0x14: [mem 0x92e04000-0x92e040ff]
[    1.805905] pci 0000:00:17.0: reg 0x18: [io  0x2060-0x2067]
[    1.805912] pci 0000:00:17.0: reg 0x1c: [io  0x2070-0x2073]
[    1.805918] pci 0000:00:17.0: reg 0x20: [io  0x2020-0x203f]
[    1.805925] pci 0000:00:17.0: reg 0x24: [mem 0x92b00000-0x92b7ffff]
[    1.805963] pci 0000:00:17.0: PME# supported from D3hot
[    1.806685] pci 0000:00:1c.0: [8086:a190] type 01 class 0x060400
[    1.806763] pci 0000:00:1c.0: PME# supported from D0 D3hot D3cold
[    1.807533] pci 0000:00:1c.4: [8086:a194] type 01 class 0x060400
[    1.807606] pci 0000:00:1c.4: PME# supported from D0 D3hot D3cold
[    1.808364] pci 0000:00:1c.5: [8086:a195] type 01 class 0x060400
[    1.808437] pci 0000:00:1c.5: PME# supported from D0 D3hot D3cold
[    1.809205] pci 0000:00:1f.0: [8086:a1cb] type 00 class 0x060100
[    1.810016] pci 0000:00:1f.2: [8086:a1a1] type 00 class 0x058000
[    1.810032] pci 0000:00:1f.2: reg 0x10: [mem 0x92df4000-0x92df7fff]
[    1.810787] pci 0000:00:1f.4: [8086:a1a3] type 00 class 0x0c0500
[    1.810807] pci 0000:00:1f.4: reg 0x10: [mem 0x92dfe000-0x92dfe0ff 64bit]
[    1.810829] pci 0000:00:1f.4: reg 0x20: [io  0x2000-0x201f]
[    1.811522] pci 0000:00:1f.5: [8086:a1a4] type 00 class 0x0c8000
[    1.811538] pci 0000:00:1f.5: reg 0x10: [mem 0xfe010000-0xfe010fff]
[    1.812294] pci 0000:00:1c.0: PCI bridge to [bus 01]
[    1.812341] pci 0000:02:00.0: [1556:be00] type 01 class 0x060400
[    1.812510] pci 0000:00:1c.4: PCI bridge to [bus 02-03]
[    1.812513] pci 0000:00:1c.4:   bridge window [mem 0x92000000-0x928fffff]
[    1.812517] pci 0000:00:1c.4:   bridge window [mem 0x91000000-0x91ffffff 64bit pref]
[    1.812549] pci_bus 0000:03: extended config space not accessible
[    1.812566] pci 0000:03:00.0: [102b:0536] type 00 class 0x030000
[    1.812585] pci 0000:03:00.0: reg 0x10: [mem 0x91000000-0x91ffffff pref]
[    1.812596] pci 0000:03:00.0: reg 0x14: [mem 0x92808000-0x9280bfff]
[    1.812606] pci 0000:03:00.0: reg 0x18: [mem 0x92000000-0x927fffff]
[    1.812654] pci 0000:03:00.0: BAR 0: assigned to efifb
[    1.812748] pci 0000:02:00.0: PCI bridge to [bus 03]
[    1.812756] pci 0000:02:00.0:   bridge window [mem 0x92000000-0x928fffff]
[    1.812762] pci 0000:02:00.0:   bridge window [mem 0x91000000-0x91ffffff 64bit pref]
[    1.812827] pci 0000:04:00.0: [14e4:165f] type 00 class 0x020000
[    1.812858] pci 0000:04:00.0: reg 0x10: [mem 0x92930000-0x9293ffff 64bit pref]
[    1.812874] pci 0000:04:00.0: reg 0x18: [mem 0x92940000-0x9294ffff 64bit pref]
[    1.812889] pci 0000:04:00.0: reg 0x20: [mem 0x92950000-0x9295ffff 64bit pref]
[    1.812899] pci 0000:04:00.0: reg 0x30: [mem 0xfffc0000-0xffffffff pref]
[    1.812992] pci 0000:04:00.0: PME# supported from D0 D3hot D3cold
[    1.813030] pci 0000:04:00.0: 4.000 Gb/s available PCIe bandwidth, limited by 5 GT/s x1 link at 0000:00:1c.5 (capable of 8.000 Gb/s with 5 GT/s x2 link)
[    1.813162] pci 0000:04:00.1: [14e4:165f] type 00 class 0x020000
[    1.813193] pci 0000:04:00.1: reg 0x10: [mem 0x92900000-0x9290ffff 64bit pref]
[    1.813209] pci 0000:04:00.1: reg 0x18: [mem 0x92910000-0x9291ffff 64bit pref]
[    1.813224] pci 0000:04:00.1: reg 0x20: [mem 0x92920000-0x9292ffff 64bit pref]
[    1.813234] pci 0000:04:00.1: reg 0x30: [mem 0xfffc0000-0xffffffff pref]
[    1.813326] pci 0000:04:00.1: PME# supported from D0 D3hot D3cold
[    1.813476] pci 0000:00:1c.5: PCI bridge to [bus 04]
[    1.813482] pci 0000:00:1c.5:   bridge window [mem 0x92900000-0x929fffff 64bit pref]
[    1.813496] pci_bus 0000:00: on NUMA node 0
[    1.814040] ACPI: PCI Root Bridge [PC01] (domain 0000 [bus 16-2f])
[    1.814043] acpi PNP0A08:01: _OSC: OS supports [ExtendedConfig ASPM ClockPM Segments MSI HPX-Type3]
[    1.814140] acpi PNP0A08:01: PCIe AER handled by firmware
[    1.814247] acpi PNP0A08:01: _OSC: platform does not support [SHPCHotplug]
[    1.814448] acpi PNP0A08:01: _OSC: OS now controls [PCIeHotplug PME PCIeCapability LTR]
[    1.814449] acpi PNP0A08:01: FADT indicates ASPM is unsupported, using BIOS configuration
[    1.814570] PCI host bridge to bus 0000:16
[    1.814571] pci_bus 0000:16: root bus resource [io  0x5000-0x6fff window]
[    1.814572] pci_bus 0000:16: root bus resource [mem 0x9b800000-0xa63fffff window]
[    1.814573] pci_bus 0000:16: root bus resource [mem 0x210000000000-0x21ffffffffff window]
[    1.814574] pci_bus 0000:16: root bus resource [bus 16-2f]
[    1.814581] pci 0000:16:00.0: [8086:09a2] type 00 class 0x088000
[    1.814646] pci 0000:16:00.1: [8086:09a4] type 00 class 0x088000
[    1.814708] pci 0000:16:00.2: [8086:09a3] type 00 class 0x088000
[    1.814772] pci 0000:16:00.4: [8086:0998] type 00 class 0x060000
[    1.814834] pci 0000:16:02.0: [8086:347a] type 01 class 0x060400
[    1.814847] pci 0000:16:02.0: reg 0x10: [mem 0x21fffff00000-0x21fffff1ffff 64bit]
[    1.814883] pci 0000:16:02.0: PME# supported from D0 D3hot D3cold
[    1.815181] pci 0000:17:00.0: [1000:10e2] type 00 class 0x010400
[    1.815201] pci 0000:17:00.0: reg 0x10: [mem 0x9b800000-0x9b8fffff 64bit pref]
[    1.815209] pci 0000:17:00.0: reg 0x18: [mem 0x9b900000-0x9b9fffff 64bit pref]
[    1.815214] pci 0000:17:00.0: reg 0x20: [mem 0x9ba00000-0x9bafffff]
[    1.815220] pci 0000:17:00.0: reg 0x24: [io  0x5000-0x50ff]
[    1.815225] pci 0000:17:00.0: reg 0x30: [mem 0xfff00000-0xffffffff pref]
[    1.816451] pci 0000:17:00.0: supports D1 D2
[    1.816502] pci 0000:16:02.0: PCI bridge to [bus 17]
[    1.816503] pci 0000:16:02.0:   bridge window [io  0x5000-0x5fff]
[    1.816505] pci 0000:16:02.0:   bridge window [mem 0x9ba00000-0x9bafffff]
[    1.816508] pci 0000:16:02.0:   bridge window [mem 0x9b800000-0x9b9fffff 64bit pref]
[    1.816513] pci_bus 0000:16: on NUMA node 0
[    1.816577] ACPI: PCI Root Bridge [PC02] (domain 0000 [bus 30-49])
[    1.816579] acpi PNP0A08:02: _OSC: OS supports [ExtendedConfig ASPM ClockPM Segments MSI HPX-Type3]
[    1.816674] acpi PNP0A08:02: PCIe AER handled by firmware
[    1.816780] acpi PNP0A08:02: _OSC: platform does not support [SHPCHotplug]
[    1.816979] acpi PNP0A08:02: _OSC: OS now controls [PCIeHotplug PME PCIeCapability LTR]
[    1.816980] acpi PNP0A08:02: FADT indicates ASPM is unsupported, using BIOS configuration
[    1.817096] PCI host bridge to bus 0000:30
[    1.817097] pci_bus 0000:30: root bus resource [io  0x7000-0x8fff window]
[    1.817098] pci_bus 0000:30: root bus resource [mem 0xa6400000-0xb0ffffff window]
[    1.817100] pci_bus 0000:30: root bus resource [mem 0x220000000000-0x22ffffffffff window]
[    1.817101] pci_bus 0000:30: root bus resource [bus 30-49]
[    1.817108] pci 0000:30:00.0: [8086:09a2] type 00 class 0x088000
[    1.817174] pci 0000:30:00.1: [8086:09a4] type 00 class 0x088000
[    1.817234] pci 0000:30:00.2: [8086:09a3] type 00 class 0x088000
[    1.817297] pci 0000:30:00.4: [8086:0998] type 00 class 0x060000
[    1.817367] pci_bus 0000:30: on NUMA node 0
[    1.817455] ACPI: PCI Root Bridge [PC04] (domain 0000 [bus 4a-63])
[    1.817457] acpi PNP0A08:04: _OSC: OS supports [ExtendedConfig ASPM ClockPM Segments MSI HPX-Type3]
[    1.817550] acpi PNP0A08:04: PCIe AER handled by firmware
[    1.817656] acpi PNP0A08:04: _OSC: platform does not support [SHPCHotplug]
[    1.817855] acpi PNP0A08:04: _OSC: OS now controls [PCIeHotplug PME PCIeCapability LTR]
[    1.817856] acpi PNP0A08:04: FADT indicates ASPM is unsupported, using BIOS configuration
[    1.817967] PCI host bridge to bus 0000:4a
[    1.817968] pci_bus 0000:4a: root bus resource [io  0x9000-0x9fff window]
[    1.817968] pci_bus 0000:4a: root bus resource [mem 0xb1000000-0xbbbfffff window]
[    1.817969] pci_bus 0000:4a: root bus resource [mem 0x230000000000-0x23ffffffffff window]
[    1.817970] pci_bus 0000:4a: root bus resource [bus 4a-63]
[    1.817976] pci 0000:4a:00.0: [8086:09a2] type 00 class 0x088000
[    1.818040] pci 0000:4a:00.1: [8086:09a4] type 00 class 0x088000
[    1.818099] pci 0000:4a:00.2: [8086:09a3] type 00 class 0x088000
[    1.818166] pci 0000:4a:00.4: [8086:0998] type 00 class 0x060000
[    1.818235] pci_bus 0000:4a: on NUMA node 0
[    1.818295] ACPI: PCI Root Bridge [PC05] (domain 0000 [bus 64-7d])
[    1.818297] acpi PNP0A08:05: _OSC: OS supports [ExtendedConfig ASPM ClockPM Segments MSI HPX-Type3]
[    1.818386] acpi PNP0A08:05: PCIe AER handled by firmware
[    1.818490] acpi PNP0A08:05: _OSC: platform does not support [SHPCHotplug]
[    1.818688] acpi PNP0A08:05: _OSC: OS now controls [PCIeHotplug PME PCIeCapability LTR]
[    1.818689] acpi PNP0A08:05: FADT indicates ASPM is unsupported, using BIOS configuration
[    1.818798] PCI host bridge to bus 0000:64
[    1.818799] pci_bus 0000:64: root bus resource [io  0xa000-0xafff window]
[    1.818800] pci_bus 0000:64: root bus resource [mem 0xbbc00000-0xc5ffffff window]
[    1.818800] pci_bus 0000:64: root bus resource [mem 0x240000000000-0x24ffffffffff window]
[    1.818801] pci_bus 0000:64: root bus resource [bus 64-7d]
[    1.818808] pci 0000:64:00.0: [8086:09a2] type 00 class 0x088000
[    1.818870] pci 0000:64:00.1: [8086:09a4] type 00 class 0x088000
[    1.818932] pci 0000:64:00.2: [8086:09a3] type 00 class 0x088000
[    1.818994] pci 0000:64:00.4: [8086:0998] type 00 class 0x060000
[    1.819065] pci_bus 0000:64: on NUMA node 0
[    1.819121] ACPI: PCI Root Bridge [UC06] (domain 0000 [bus 7e])
[    1.819123] acpi PNP0A03:00: _OSC: OS supports [ExtendedConfig ASPM ClockPM Segments MSI HPX-Type3]
[    1.819197] acpi PNP0A03:00: PCIe AER handled by firmware
[    1.819287] acpi PNP0A03:00: _OSC: platform does not support [SHPCHotplug LTR]
[    1.819454] acpi PNP0A03:00: _OSC: OS now controls [PCIeHotplug PME PCIeCapability]
[    1.819455] acpi PNP0A03:00: FADT indicates ASPM is unsupported, using BIOS configuration
[    1.819590] PCI host bridge to bus 0000:7e
[    1.819591] pci_bus 0000:7e: root bus resource [bus 7e]
[    1.819597] pci 0000:7e:00.0: [8086:3450] type 00 class 0x088000
[    1.819666] pci 0000:7e:00.1: [8086:3451] type 00 class 0x088000
[    1.819729] pci 0000:7e:00.2: [8086:3452] type 00 class 0x088000
[    1.819801] pci 0000:7e:00.3: [8086:0998] type 00 class 0x060000
[    1.819865] pci 0000:7e:00.5: [8086:3455] type 00 class 0x088000
[    1.819934] pci 0000:7e:02.0: [8086:3440] type 00 class 0x088000
[    1.820056] pci 0000:7e:02.1: [8086:3441] type 00 class 0x088000
[    1.820169] pci 0000:7e:02.2: [8086:3442] type 00 class 0x088000
[    1.820284] pci 0000:7e:03.0: [8086:3440] type 00 class 0x088000
[    1.820372] pci 0000:7e:03.1: [8086:3441] type 00 class 0x088000
[    1.820453] pci 0000:7e:03.2: [8086:3442] type 00 class 0x088000
[    1.820547] pci 0000:7e:04.0: [8086:3440] type 00 class 0x088000
[    1.820672] pci 0000:7e:04.1: [8086:3441] type 00 class 0x088000
[    1.820794] pci 0000:7e:04.2: [8086:3442] type 00 class 0x088000
[    1.820917] pci 0000:7e:04.3: [8086:3443] type 00 class 0x088000
[    1.821041] pci 0000:7e:05.0: [8086:3445] type 00 class 0x088000
[    1.821162] pci 0000:7e:05.1: [8086:3446] type 00 class 0x088000
[    1.821286] pci 0000:7e:05.2: [8086:3447] type 00 class 0x088000
[    1.821404] pci 0000:7e:06.0: [8086:3445] type 00 class 0x088000
[    1.821495] pci 0000:7e:06.1: [8086:3446] type 00 class 0x088000
[    1.821583] pci 0000:7e:06.2: [8086:3447] type 00 class 0x088000
[    1.821676] pci 0000:7e:07.0: [8086:3445] type 00 class 0x088000
[    1.821803] pci 0000:7e:07.1: [8086:3446] type 00 class 0x088000
[    1.821928] pci 0000:7e:07.2: [8086:3447] type 00 class 0x088000
[    1.822053] pci 0000:7e:0b.0: [8086:3448] type 00 class 0x088000
[    1.822128] pci 0000:7e:0b.1: [8086:3448] type 00 class 0x088000
[    1.822202] pci 0000:7e:0b.2: [8086:344b] type 00 class 0x088000
[    1.822284] pci 0000:7e:0c.0: [8086:344a] type 00 class 0x110100
[    1.822382] pci 0000:7e:0d.0: [8086:344a] type 00 class 0x110100
[    1.822476] pci 0000:7e:0e.0: [8086:344a] type 00 class 0x110100
[    1.822626] pci 0000:7e:0f.0: [8086:344a] type 00 class 0x110100
[    1.822787] pci 0000:7e:1a.0: [8086:2880] type 00 class 0x110100
[    1.822883] pci 0000:7e:1b.0: [8086:2880] type 00 class 0x110100
[    1.822975] pci 0000:7e:1c.0: [8086:2880] type 00 class 0x110100
[    1.823128] pci 0000:7e:1d.0: [8086:2880] type 00 class 0x110100
[    1.823289] pci_bus 0000:7e: on NUMA node 0
[    1.823364] ACPI: PCI Root Bridge [UC07] (domain 0000 [bus 7f])
[    1.823366] acpi PNP0A03:01: _OSC: OS supports [ExtendedConfig ASPM ClockPM Segments MSI HPX-Type3]
[    1.823443] acpi PNP0A03:01: PCIe AER handled by firmware
[    1.823533] acpi PNP0A03:01: _OSC: platform does not support [SHPCHotplug LTR]
[    1.823702] acpi PNP0A03:01: _OSC: OS now controls [PCIeHotplug PME PCIeCapability]
[    1.823703] acpi PNP0A03:01: FADT indicates ASPM is unsupported, using BIOS configuration
[    1.823847] PCI host bridge to bus 0000:7f
[    1.823848] pci_bus 0000:7f: root bus resource [bus 7f]
[    1.823857] pci 0000:7f:00.0: [8086:344c] type 00 class 0x088000
[    1.823966] pci 0000:7f:00.1: [8086:344c] type 00 class 0x088000
[    1.824084] pci 0000:7f:00.2: [8086:344c] type 00 class 0x088000
[    1.824204] pci 0000:7f:00.3: [8086:344c] type 00 class 0x088000
[    1.824300] pci 0000:7f:00.4: [8086:344c] type 00 class 0x088000
[    1.824428] pci 0000:7f:00.5: [8086:344c] type 00 class 0x088000
[    1.824554] pci 0000:7f:00.6: [8086:344c] type 00 class 0x088000
[    1.824640] pci 0000:7f:00.7: [8086:344c] type 00 class 0x088000
[    1.824735] pci 0000:7f:01.0: [8086:344c] type 00 class 0x088000
[    1.824872] pci 0000:7f:01.1: [8086:344c] type 00 class 0x088000
[    1.824999] pci 0000:7f:01.2: [8086:344c] type 00 class 0x088000
[    1.825086] pci 0000:7f:01.3: [8086:344c] type 00 class 0x088000
[    1.825224] pci 0000:7f:01.4: [8086:344c] type 00 class 0x088000
[    1.825362] pci 0000:7f:01.5: [8086:344c] type 00 class 0x088000
[    1.825505] pci 0000:7f:01.6: [8086:344c] type 00 class 0x088000
[    1.825634] pci 0000:7f:01.7: [8086:344c] type 00 class 0x088000
[    1.825772] pci 0000:7f:02.0: [8086:344c] type 00 class 0x088000
[    1.825910] pci 0000:7f:02.1: [8086:344c] type 00 class 0x088000
[    1.826049] pci 0000:7f:02.2: [8086:344c] type 00 class 0x088000
[    1.826187] pci 0000:7f:02.3: [8086:344c] type 00 class 0x088000
[    1.826333] pci 0000:7f:02.4: [8086:344c] type 00 class 0x088000
[    1.826476] pci 0000:7f:02.5: [8086:344c] type 00 class 0x088000
[    1.826619] pci 0000:7f:02.6: [8086:344c] type 00 class 0x088000
[    1.826772] pci 0000:7f:02.7: [8086:344c] type 00 class 0x088000
[    1.826931] pci 0000:7f:03.0: [8086:344c] type 00 class 0x088000
[    1.827081] pci 0000:7f:03.1: [8086:344c] type 00 class 0x088000
[    1.827240] pci 0000:7f:03.2: [8086:344c] type 00 class 0x088000
[    1.827394] pci 0000:7f:03.3: [8086:344c] type 00 class 0x088000
[    1.827560] pci 0000:7f:0a.0: [8086:344d] type 00 class 0x088000
[    1.827670] pci 0000:7f:0a.1: [8086:344d] type 00 class 0x088000
[    1.827788] pci 0000:7f:0a.2: [8086:344d] type 00 class 0x088000
[    1.827907] pci 0000:7f:0a.3: [8086:344d] type 00 class 0x088000
[    1.828008] pci 0000:7f:0a.4: [8086:344d] type 00 class 0x088000
[    1.828136] pci 0000:7f:0a.5: [8086:344d] type 00 class 0x088000
[    1.828258] pci 0000:7f:0a.6: [8086:344d] type 00 class 0x088000
[    1.828346] pci 0000:7f:0a.7: [8086:344d] type 00 class 0x088000
[    1.828437] pci 0000:7f:0b.0: [8086:344d] type 00 class 0x088000
[    1.828572] pci 0000:7f:0b.1: [8086:344d] type 00 class 0x088000
[    1.828701] pci 0000:7f:0b.2: [8086:344d] type 00 class 0x088000
[    1.828788] pci 0000:7f:0b.3: [8086:344d] type 00 class 0x088000
[    1.828929] pci 0000:7f:0b.4: [8086:344d] type 00 class 0x088000
[    1.829069] pci 0000:7f:0b.5: [8086:344d] type 00 class 0x088000
[    1.829213] pci 0000:7f:0b.6: [8086:344d] type 00 class 0x088000
[    1.829340] pci 0000:7f:0b.7: [8086:344d] type 00 class 0x088000
[    1.829475] pci 0000:7f:0c.0: [8086:344d] type 00 class 0x088000
[    1.829615] pci 0000:7f:0c.1: [8086:344d] type 00 class 0x088000
[    1.829752] pci 0000:7f:0c.2: [8086:344d] type 00 class 0x088000
[    1.829891] pci 0000:7f:0c.3: [8086:344d] type 00 class 0x088000
[    1.830040] pci 0000:7f:0c.4: [8086:344d] type 00 class 0x088000
[    1.830183] pci 0000:7f:0c.5: [8086:344d] type 00 class 0x088000
[    1.830327] pci 0000:7f:0c.6: [8086:344d] type 00 class 0x088000
[    1.830480] pci 0000:7f:0c.7: [8086:344d] type 00 class 0x088000
[    1.830632] pci 0000:7f:0d.0: [8086:344d] type 00 class 0x088000
[    1.830784] pci 0000:7f:0d.1: [8086:344d] type 00 class 0x088000
[    1.830944] pci 0000:7f:0d.2: [8086:344d] type 00 class 0x088000
[    1.831099] pci 0000:7f:0d.3: [8086:344d] type 00 class 0x088000
[    1.831282] pci 0000:7f:1d.0: [8086:344f] type 00 class 0x088000
[    1.831400] pci 0000:7f:1d.1: [8086:3457] type 00 class 0x088000
[    1.831516] pci 0000:7f:1e.0: [8086:3458] type 00 class 0x088000
[    1.831592] pci 0000:7f:1e.1: [8086:3459] type 00 class 0x088000
[    1.831667] pci 0000:7f:1e.2: [8086:345a] type 00 class 0x088000
[    1.831741] pci 0000:7f:1e.3: [8086:345b] type 00 class 0x088000
[    1.831816] pci 0000:7f:1e.4: [8086:345c] type 00 class 0x088000
[    1.831890] pci 0000:7f:1e.5: [8086:345d] type 00 class 0x088000
[    1.831968] pci 0000:7f:1e.6: [8086:345e] type 00 class 0x088000
[    1.832043] pci 0000:7f:1e.7: [8086:345f] type 00 class 0x088000
[    1.832115] pci_bus 0000:7f: on NUMA node 0
[    1.832203] ACPI: PCI Root Bridge [PC06] (domain 0000 [bus 80])
[    1.832205] acpi PNP0A08:06: _OSC: OS supports [ExtendedConfig ASPM ClockPM Segments MSI HPX-Type3]
[    1.832298] acpi PNP0A08:06: PCIe AER handled by firmware
[    1.832402] acpi PNP0A08:06: _OSC: platform does not support [SHPCHotplug]
[    1.832602] acpi PNP0A08:06: _OSC: OS now controls [PCIeHotplug PME PCIeCapability LTR]
[    1.832602] acpi PNP0A08:06: FADT indicates ASPM is unsupported, using BIOS configuration
[    1.832745] PCI host bridge to bus 0000:80
[    1.832746] pci_bus 0000:80: root bus resource [io  0xb000-0xbfff window]
[    1.832747] pci_bus 0000:80: root bus resource [mem 0xc6800000-0xd0ffffff window]
[    1.832748] pci_bus 0000:80: root bus resource [mem 0x250000000000-0x25ffffffffff window]
[    1.832749] pci_bus 0000:80: root bus resource [bus 80]
[    1.832756] pci 0000:80:00.0: [8086:09a2] type 00 class 0x088000
[    1.832836] pci 0000:80:00.1: [8086:09a4] type 00 class 0x088000
[    1.832917] pci 0000:80:00.2: [8086:09a3] type 00 class 0x088000
[    1.832996] pci 0000:80:00.4: [8086:0998] type 00 class 0x060000
[    1.833073] pci 0000:80:02.0: [8086:09a6] type 00 class 0x088000
[    1.833083] pci 0000:80:02.0: reg 0x10: [mem 0xc6aa4000-0xc6aa5fff]
[    1.833148] pci 0000:80:02.1: [8086:09a7] type 00 class 0x088000
[    1.833157] pci 0000:80:02.1: reg 0x10: [mem 0xc6a00000-0xc6a7ffff]
[    1.833162] pci 0000:80:02.1: reg 0x14: [mem 0xc6980000-0xc69fffff]
[    1.833231] pci 0000:80:02.4: [8086:3456] type 00 class 0x130000
[    1.833243] pci 0000:80:02.4: reg 0x10: [mem 0xc6800000-0xc68fffff 64bit]
[    1.833250] pci 0000:80:02.4: reg 0x18: [mem 0xc6aa0000-0xc6aa3fff 64bit]
[    1.833257] pci 0000:80:02.4: reg 0x20: [mem 0xc6a80000-0xc6a9ffff 64bit]
[    1.833317] pci_bus 0000:80: on NUMA node 1
[    1.833386] ACPI: PCI Root Bridge [PC07] (domain 0000 [bus 81])
[    1.833388] acpi PNP0A08:07: _OSC: OS supports [ExtendedConfig ASPM ClockPM Segments MSI HPX-Type3]
[    1.833477] acpi PNP0A08:07: PCIe AER handled by firmware
[    1.833583] acpi PNP0A08:07: _OSC: platform does not support [SHPCHotplug]
[    1.833783] acpi PNP0A08:07: _OSC: OS now controls [PCIeHotplug PME PCIeCapability LTR]
[    1.833784] acpi PNP0A08:07: FADT indicates ASPM is unsupported, using BIOS configuration
[    1.833898] PCI host bridge to bus 0000:81
[    1.833899] pci_bus 0000:81: root bus resource [io  0xc000-0xcfff window]
[    1.833900] pci_bus 0000:81: root bus resource [mem 0xd1000000-0xdbbfffff window]
[    1.833901] pci_bus 0000:81: root bus resource [mem 0x260000000000-0x26ffffffffff window]
[    1.833901] pci_bus 0000:81: root bus resource [bus 81]
[    1.833909] pci 0000:81:00.0: [8086:09a2] type 00 class 0x088000
[    1.833978] pci 0000:81:00.1: [8086:09a4] type 00 class 0x088000
[    1.834045] pci 0000:81:00.2: [8086:09a3] type 00 class 0x088000
[    1.834113] pci 0000:81:00.4: [8086:0998] type 00 class 0x060000
[    1.834193] pci_bus 0000:81: on NUMA node 1
[    1.834252] ACPI: PCI Root Bridge [PC08] (domain 0000 [bus 82])
[    1.834254] acpi PNP0A08:08: _OSC: OS supports [ExtendedConfig ASPM ClockPM Segments MSI HPX-Type3]
[    1.834344] acpi PNP0A08:08: PCIe AER handled by firmware
[    1.834448] acpi PNP0A08:08: _OSC: platform does not support [SHPCHotplug]
[    1.834647] acpi PNP0A08:08: _OSC: OS now controls [PCIeHotplug PME PCIeCapability LTR]
[    1.834648] acpi PNP0A08:08: FADT indicates ASPM is unsupported, using BIOS configuration
[    1.834757] PCI host bridge to bus 0000:82
[    1.834758] pci_bus 0000:82: root bus resource [io  0xd000-0xdfff window]
[    1.834759] pci_bus 0000:82: root bus resource [mem 0xdbc00000-0xe67fffff window]
[    1.834759] pci_bus 0000:82: root bus resource [mem 0x270000000000-0x27ffffffffff window]
[    1.834760] pci_bus 0000:82: root bus resource [bus 82]
[    1.834767] pci 0000:82:00.0: [8086:09a2] type 00 class 0x088000
[    1.834836] pci 0000:82:00.1: [8086:09a4] type 00 class 0x088000
[    1.834903] pci 0000:82:00.2: [8086:09a3] type 00 class 0x088000
[    1.834975] pci 0000:82:00.4: [8086:0998] type 00 class 0x060000
[    1.835055] pci_bus 0000:82: on NUMA node 1
[    1.835141] ACPI: PCI Root Bridge [PC10] (domain 0000 [bus 83-f9])
[    1.835143] acpi PNP0A08:0a: _OSC: OS supports [ExtendedConfig ASPM ClockPM Segments MSI HPX-Type3]
[    1.835232] acpi PNP0A08:0a: PCIe AER handled by firmware
[    1.835336] acpi PNP0A08:0a: _OSC: platform does not support [SHPCHotplug]
[    1.835535] acpi PNP0A08:0a: _OSC: OS now controls [PCIeHotplug PME PCIeCapability LTR]
[    1.835536] acpi PNP0A08:0a: FADT indicates ASPM is unsupported, using BIOS configuration
[    1.835657] PCI host bridge to bus 0000:83
[    1.835657] pci_bus 0000:83: root bus resource [io  0xe000-0xefff window]
[    1.835658] pci_bus 0000:83: root bus resource [mem 0xe6800000-0xf13fffff window]
[    1.835659] pci_bus 0000:83: root bus resource [mem 0x280000000000-0x28ffffffffff window]
[    1.835660] pci_bus 0000:83: root bus resource [bus 83-f9]
[    1.835667] pci 0000:83:00.0: [8086:09a2] type 00 class 0x088000
[    1.835735] pci 0000:83:00.1: [8086:09a4] type 00 class 0x088000
[    1.835803] pci 0000:83:00.2: [8086:09a3] type 00 class 0x088000
[    1.835872] pci 0000:83:00.4: [8086:0998] type 00 class 0x060000
[    1.835951] pci_bus 0000:83: on NUMA node 1
[    1.836010] ACPI: PCI Root Bridge [PC11] (domain 0000 [bus fa])
[    1.836012] acpi PNP0A08:0b: _OSC: OS supports [ExtendedConfig ASPM ClockPM Segments MSI HPX-Type3]
[    1.836104] acpi PNP0A08:0b: PCIe AER handled by firmware
[    1.836210] acpi PNP0A08:0b: _OSC: platform does not support [SHPCHotplug]
[    1.836412] acpi PNP0A08:0b: _OSC: OS now controls [PCIeHotplug PME PCIeCapability LTR]
[    1.836412] acpi PNP0A08:0b: FADT indicates ASPM is unsupported, using BIOS configuration
[    1.836524] PCI host bridge to bus 0000:fa
[    1.836525] pci_bus 0000:fa: root bus resource [io  0xf000-0xffff window]
[    1.836525] pci_bus 0000:fa: root bus resource [mem 0xf1400000-0xfb7fffff window]
[    1.836526] pci_bus 0000:fa: root bus resource [mem 0x290000000000-0x29ffffffffff window]
[    1.836527] pci_bus 0000:fa: root bus resource [bus fa]
[    1.836534] pci 0000:fa:00.0: [8086:09a2] type 00 class 0x088000
[    1.836602] pci 0000:fa:00.1: [8086:09a4] type 00 class 0x088000
[    1.836670] pci 0000:fa:00.2: [8086:09a3] type 00 class 0x088000
[    1.836745] pci 0000:fa:00.4: [8086:0998] type 00 class 0x060000
[    1.836825] pci_bus 0000:fa: on NUMA node 1
[    1.836881] ACPI: PCI Root Bridge [UC16] (domain 0000 [bus fe])
[    1.836883] acpi PNP0A03:02: _OSC: OS supports [ExtendedConfig ASPM ClockPM Segments MSI HPX-Type3]
[    1.836959] acpi PNP0A03:02: PCIe AER handled by firmware
[    1.837049] acpi PNP0A03:02: _OSC: platform does not support [SHPCHotplug LTR]
[    1.837218] acpi PNP0A03:02: _OSC: OS now controls [PCIeHotplug PME PCIeCapability]
[    1.837218] acpi PNP0A03:02: FADT indicates ASPM is unsupported, using BIOS configuration
[    1.837350] PCI host bridge to bus 0000:fe
[    1.837351] pci_bus 0000:fe: root bus resource [bus fe]
[    1.837357] pci 0000:fe:00.0: [8086:3450] type 00 class 0x088000
[    1.837428] pci 0000:fe:00.1: [8086:3451] type 00 class 0x088000
[    1.837494] pci 0000:fe:00.2: [8086:3452] type 00 class 0x088000
[    1.837566] pci 0000:fe:00.3: [8086:0998] type 00 class 0x060000
[    1.837635] pci 0000:fe:00.5: [8086:3455] type 00 class 0x088000
[    1.837707] pci 0000:fe:02.0: [8086:3440] type 00 class 0x088000
[    1.837833] pci 0000:fe:02.1: [8086:3441] type 00 class 0x088000
[    1.837958] pci 0000:fe:02.2: [8086:3442] type 00 class 0x088000
[    1.838075] pci 0000:fe:03.0: [8086:3440] type 00 class 0x088000
[    1.838168] pci 0000:fe:03.1: [8086:3441] type 00 class 0x088000
[    1.838255] pci 0000:fe:03.2: [8086:3442] type 00 class 0x088000
[    1.838348] pci 0000:fe:04.0: [8086:3440] type 00 class 0x088000
[    1.838478] pci 0000:fe:04.1: [8086:3441] type 00 class 0x088000
[    1.838604] pci 0000:fe:04.2: [8086:3442] type 00 class 0x088000
[    1.838729] pci 0000:fe:04.3: [8086:3443] type 00 class 0x088000
[    1.838865] pci 0000:fe:05.0: [8086:3445] type 00 class 0x088000
[    1.838990] pci 0000:fe:05.1: [8086:3446] type 00 class 0x088000
[    1.839111] pci 0000:fe:05.2: [8086:3447] type 00 class 0x088000
[    1.839232] pci 0000:fe:06.0: [8086:3445] type 00 class 0x088000
[    1.839326] pci 0000:fe:06.1: [8086:3446] type 00 class 0x088000
[    1.839416] pci 0000:fe:06.2: [8086:3447] type 00 class 0x088000
[    1.839511] pci 0000:fe:07.0: [8086:3445] type 00 class 0x088000
[    1.839643] pci 0000:fe:07.1: [8086:3446] type 00 class 0x088000
[    1.839777] pci 0000:fe:07.2: [8086:3447] type 00 class 0x088000
[    1.839905] pci 0000:fe:0b.0: [8086:3448] type 00 class 0x088000
[    1.839982] pci 0000:fe:0b.1: [8086:3448] type 00 class 0x088000
[    1.840056] pci 0000:fe:0b.2: [8086:344b] type 00 class 0x088000
[    1.840137] pci 0000:fe:0c.0: [8086:344a] type 00 class 0x110100
[    1.840239] pci 0000:fe:0d.0: [8086:344a] type 00 class 0x110100
[    1.840335] pci 0000:fe:0e.0: [8086:344a] type 00 class 0x110100
[    1.840489] pci 0000:fe:0f.0: [8086:344a] type 00 class 0x110100
[    1.840662] pci 0000:fe:1a.0: [8086:2880] type 00 class 0x110100
[    1.840761] pci 0000:fe:1b.0: [8086:2880] type 00 class 0x110100
[    1.840857] pci 0000:fe:1c.0: [8086:2880] type 00 class 0x110100
[    1.841016] pci 0000:fe:1d.0: [8086:2880] type 00 class 0x110100
[    1.841177] pci_bus 0000:fe: on NUMA node 1
[    1.841249] ACPI: PCI Root Bridge [UC17] (domain 0000 [bus ff])
[    1.841250] acpi PNP0A03:03: _OSC: OS supports [ExtendedConfig ASPM ClockPM Segments MSI HPX-Type3]
[    1.841325] acpi PNP0A03:03: PCIe AER handled by firmware
[    1.841415] acpi PNP0A03:03: _OSC: platform does not support [SHPCHotplug LTR]
[    1.841586] acpi PNP0A03:03: _OSC: OS now controls [PCIeHotplug PME PCIeCapability]
[    1.841587] acpi PNP0A03:03: FADT indicates ASPM is unsupported, using BIOS configuration
[    1.841730] PCI host bridge to bus 0000:ff
[    1.841731] pci_bus 0000:ff: root bus resource [bus ff]
[    1.841741] pci 0000:ff:00.0: [8086:344c] type 00 class 0x088000
[    1.841857] pci 0000:ff:00.1: [8086:344c] type 00 class 0x088000
[    1.841977] pci 0000:ff:00.2: [8086:344c] type 00 class 0x088000
[    1.842084] pci 0000:ff:00.3: [8086:344c] type 00 class 0x088000
[    1.842218] pci 0000:ff:00.4: [8086:344c] type 00 class 0x088000
[    1.842343] pci 0000:ff:00.5: [8086:344c] type 00 class 0x088000
[    1.842445] pci 0000:ff:00.6: [8086:344c] type 00 class 0x088000
[    1.842579] pci 0000:ff:00.7: [8086:344c] type 00 class 0x088000
[    1.842711] pci 0000:ff:01.0: [8086:344c] type 00 class 0x088000
[    1.842852] pci 0000:ff:01.1: [8086:344c] type 00 class 0x088000
[    1.842986] pci 0000:ff:01.2: [8086:344c] type 00 class 0x088000
[    1.843077] pci 0000:ff:01.3: [8086:344c] type 00 class 0x088000
[    1.843225] pci 0000:ff:01.4: [8086:344c] type 00 class 0x088000
[    1.843369] pci 0000:ff:01.5: [8086:344c] type 00 class 0x088000
[    1.843518] pci 0000:ff:01.6: [8086:344c] type 00 class 0x088000
[    1.843651] pci 0000:ff:01.7: [8086:344c] type 00 class 0x088000
[    1.843792] pci 0000:ff:02.0: [8086:344c] type 00 class 0x088000
[    1.843934] pci 0000:ff:02.1: [8086:344c] type 00 class 0x088000
[    1.844072] pci 0000:ff:02.2: [8086:344c] type 00 class 0x088000
[    1.844218] pci 0000:ff:02.3: [8086:344c] type 00 class 0x088000
[    1.844365] pci 0000:ff:02.4: [8086:344c] type 00 class 0x088000
[    1.844511] pci 0000:ff:02.5: [8086:344c] type 00 class 0x088000
[    1.844662] pci 0000:ff:02.6: [8086:344c] type 00 class 0x088000
[    1.844809] pci 0000:ff:02.7: [8086:344c] type 00 class 0x088000
[    1.844968] pci 0000:ff:03.0: [8086:344c] type 00 class 0x088000
[    1.845131] pci 0000:ff:03.1: [8086:344c] type 00 class 0x088000
[    1.845288] pci 0000:ff:03.2: [8086:344c] type 00 class 0x088000
[    1.845457] pci 0000:ff:03.3: [8086:344c] type 00 class 0x088000
[    1.845636] pci 0000:ff:0a.0: [8086:344d] type 00 class 0x088000
[    1.845750] pci 0000:ff:0a.1: [8086:344d] type 00 class 0x088000
[    1.845870] pci 0000:ff:0a.2: [8086:344d] type 00 class 0x088000
[    1.845977] pci 0000:ff:0a.3: [8086:344d] type 00 class 0x088000
[    1.846105] pci 0000:ff:0a.4: [8086:344d] type 00 class 0x088000
[    1.846230] pci 0000:ff:0a.5: [8086:344d] type 00 class 0x088000
[    1.846332] pci 0000:ff:0a.6: [8086:344d] type 00 class 0x088000
[    1.846466] pci 0000:ff:0a.7: [8086:344d] type 00 class 0x088000
[    1.846604] pci 0000:ff:0b.0: [8086:344d] type 00 class 0x088000
[    1.846745] pci 0000:ff:0b.1: [8086:344d] type 00 class 0x088000
[    1.846879] pci 0000:ff:0b.2: [8086:344d] type 00 class 0x088000
[    1.846969] pci 0000:ff:0b.3: [8086:344d] type 00 class 0x088000
[    1.847114] pci 0000:ff:0b.4: [8086:344d] type 00 class 0x088000
[    1.847258] pci 0000:ff:0b.5: [8086:344d] type 00 class 0x088000
[    1.847405] pci 0000:ff:0b.6: [8086:344d] type 00 class 0x088000
[    1.847538] pci 0000:ff:0b.7: [8086:344d] type 00 class 0x088000
[    1.847685] pci 0000:ff:0c.0: [8086:344d] type 00 class 0x088000
[    1.847826] pci 0000:ff:0c.1: [8086:344d] type 00 class 0x088000
[    1.847968] pci 0000:ff:0c.2: [8086:344d] type 00 class 0x088000
[    1.848114] pci 0000:ff:0c.3: [8086:344d] type 00 class 0x088000
[    1.848255] pci 0000:ff:0c.4: [8086:344d] type 00 class 0x088000
[    1.848399] pci 0000:ff:0c.5: [8086:344d] type 00 class 0x088000
[    1.848550] pci 0000:ff:0c.6: [8086:344d] type 00 class 0x088000
[    1.848698] pci 0000:ff:0c.7: [8086:344d] type 00 class 0x088000
[    1.848860] pci 0000:ff:0d.0: [8086:344d] type 00 class 0x088000
[    1.849021] pci 0000:ff:0d.1: [8086:344d] type 00 class 0x088000
[    1.849175] pci 0000:ff:0d.2: [8086:344d] type 00 class 0x088000
[    1.849339] pci 0000:ff:0d.3: [8086:344d] type 00 class 0x088000
[    1.849521] pci 0000:ff:1d.0: [8086:344f] type 00 class 0x088000
[    1.849643] pci 0000:ff:1d.1: [8086:3457] type 00 class 0x088000
[    1.849764] pci 0000:ff:1e.0: [8086:3458] type 00 class 0x088000
[    1.849844] pci 0000:ff:1e.1: [8086:3459] type 00 class 0x088000
[    1.849924] pci 0000:ff:1e.2: [8086:345a] type 00 class 0x088000
[    1.850002] pci 0000:ff:1e.3: [8086:345b] type 00 class 0x088000
[    1.850077] pci 0000:ff:1e.4: [8086:345c] type 00 class 0x088000
[    1.850155] pci 0000:ff:1e.5: [8086:345d] type 00 class 0x088000
[    1.850232] pci 0000:ff:1e.6: [8086:345e] type 00 class 0x088000
[    1.850307] pci 0000:ff:1e.7: [8086:345f] type 00 class 0x088000
[    1.850383] pci_bus 0000:ff: on NUMA node 1
[    1.853360] HMAT: Memory (0x0 length 0x80000000) Flags:0003 Processor Domain:0 Memory Domain:0
[    1.853360] HMAT: Memory (0x100000000 length 0xf80000000) Flags:0003 Processor Domain:0 Memory Domain:0
[    1.853360] HMAT: Memory (0x2080000000 length 0x7e00000000) Flags:0003 Processor Domain:0 Memory Domain:2
[    1.853360] HMAT: Memory (0x1080000000 length 0x1000000000) Flags:0003 Processor Domain:1 Memory Domain:1
[    1.853360] HMAT: Memory (0x9e80000000 length 0x7e00000000) Flags:0003 Processor Domain:1 Memory Domain:3
[    1.853360] HMAT: Locality: Flags:00 Type:Read Latency Initiator Domains:2 Target Domains:4 Base:100
[    1.853360]   Initiator-Target[0-0]:7600 nsec
[    1.853360]   Initiator-Target[0-1]:13560 nsec
[    1.853360]   Initiator-Target[0-2]:25350 nsec
[    1.853360]   Initiator-Target[0-3]:31600 nsec
[    1.853360]   Initiator-Target[1-0]:13560 nsec
[    1.853360]   Initiator-Target[1-1]:7600 nsec
[    1.853360]   Initiator-Target[1-2]:31600 nsec
[    1.853360]   Initiator-Target[1-3]:25350 nsec
[    1.853360] HMAT: Locality: Flags:00 Type:Write Latency Initiator Domains:2 Target Domains:4 Base:100
[    1.853360]   Initiator-Target[0-0]:7600 nsec
[    1.853360]   Initiator-Target[0-1]:13560 nsec
[    1.853360]   Initiator-Target[0-2]:25350 nsec
[    1.853360]   Initiator-Target[0-3]:31600 nsec
[    1.853360]   Initiator-Target[1-0]:13560 nsec
[    1.853360]   Initiator-Target[1-1]:7600 nsec
[    1.853360]   Initiator-Target[1-2]:31600 nsec
[    1.853360]   Initiator-Target[1-3]:25350 nsec
[    1.853360] HMAT: Locality: Flags:00 Type:Read Bandwidth Initiator Domains:2 Target Domains:4 Base:1
[    1.853360]   Initiator-Target[0-0]:1790 MB/s
[    1.853360]   Initiator-Target[0-1]:1790 MB/s
[    1.853360]   Initiator-Target[0-2]:463 MB/s
[    1.853360]   Initiator-Target[0-3]:463 MB/s
[    1.853360]   Initiator-Target[1-0]:1790 MB/s
[    1.853360]   Initiator-Target[1-1]:1790 MB/s
[    1.853360]   Initiator-Target[1-2]:463 MB/s
[    1.853360]   Initiator-Target[1-3]:463 MB/s
[    1.853360] HMAT: Locality: Flags:00 Type:Write Bandwidth Initiator Domains:2 Target Domains:4 Base:1
[    1.853360]   Initiator-Target[0-0]:1910 MB/s
[    1.853360]   Initiator-Target[0-1]:1910 MB/s
[    1.853360]   Initiator-Target[0-2]:138 MB/s
[    1.853360]   Initiator-Target[0-3]:138 MB/s
[    1.853360]   Initiator-Target[1-0]:1910 MB/s
[    1.853360]   Initiator-Target[1-1]:1910 MB/s
[    1.853360]   Initiator-Target[1-2]:138 MB/s
[    1.853360]   Initiator-Target[1-3]:138 MB/s
[    1.853360] WARNING: CPU: 62 PID: 1 at drivers/base/node.c:191 node_set_perf_attrs+0x90/0xb0
[    1.853360] Modules linked in:
[    1.853360] CPU: 62 PID: 1 Comm: swapper/0 Not tainted 5.3.1-multiclock #1
[    1.853360] Hardware name: Dell Inc. PowerEdge R750/0K8F35, BIOS 1.10.2 03/03/2023
[    1.853360] RIP: 0010:node_set_perf_attrs+0x90/0xb0
[    1.853360] Code: f4 02 00 00 4c 89 ea 4c 89 e7 e8 bb bf c7 ff 85 c0 75 24 48 83 c3 08 48 8b 33 48 85 f6 75 e5 5b 41 5a 41 5c 41 5d 41 5e 5d c3 <0f> 0b 5b 41 5a 41 5c 41 5d 41 5e 5d c3 44 89 f6 48 c7 c7 70 5b fa
[    1.853360] RSP: 0000:ffffa66480117d80 EFLAGS: 00010246
[    1.853360] RAX: 0000000000000002 RBX: 0000000000000003 RCX: 0000000000000000
[    1.853360] RDX: 0000000000000000 RSI: ffff9b5c16ab1298 RDI: 0000000000000002
[    1.853360] RBP: ffffa66480117da8 R08: ffff9b4b88a6d090 R09: 0000000000000000
[    1.853360] R10: ffff9b5c1cded0f0 R11: ffff9b4b90c743d0 R12: ffff9b5c16ab1280
[    1.853360] R13: ffffffffad6db310 R14: 0000000000000005 R15: ffffffffad495806
[    1.853360] FS:  0000000000000000(0000) GS:ffff9b4b917c0000(0000) knlGS:0000000000000000
[    1.853360] CS:  0010 DS: 0000 ES: 0000 CR0: 0000000080050033
[    1.853360] CR2: 0000000000000000 CR3: 0000000eb100a001 CR4: 0000000000760ee0
[    1.853360] DR0: 0000000000000000 DR1: 0000000000000000 DR2: 0000000000000000
[    1.853360] DR3: 0000000000000000 DR6: 00000000fffe0ff0 DR7: 0000000000000400
[    1.853360] PKRU: 55555554
[    1.853360] Call Trace:
[    1.853360]  hmat_init+0x32a/0x43c
[    1.853360]  ? hmat_parse_subtable+0x503/0x503
[    1.853360]  ? set_debug_rodata+0x17/0x17
[    1.853360]  do_one_initcall+0x4a/0x1fa
[    1.853360]  kernel_init_freeable+0x1c6/0x26d
[    1.853360]  ? rest_init+0xb0/0xb0
[    1.853360]  kernel_init+0xe/0x110
[    1.853360]  ret_from_fork+0x1f/0x40
[    1.853360] ---[ end trace 8125040e9b77892a ]---
[    1.853376] pci 0000:03:00.0: vgaarb: setting as boot VGA device
[    1.853376] pci 0000:03:00.0: vgaarb: VGA device added: decodes=io+mem,owns=io+mem,locks=none
[    1.853426] pci 0000:03:00.0: vgaarb: bridge control possible
[    1.853427] vgaarb: loaded
[    1.853615] SCSI subsystem initialized
[    1.853756] libata version 3.00 loaded.
[    1.853756] ACPI: bus type USB registered
[    1.853756] usbcore: registered new interface driver usbfs
[    1.853756] usbcore: registered new interface driver hub
[    1.853756] usbcore: registered new device driver usb
[    1.853756] pps_core: LinuxPPS API ver. 1 registered
[    1.853756] pps_core: Software ver. 5.3.6 - Copyright 2005-2007 Rodolfo Giometti <giometti@linux.it>
[    1.853756] PTP clock support registered
[    1.853876] EDAC MC: Ver: 3.0.0
[    1.853876] Registered efivars operations
[    1.857385] PCI: Using ACPI for IRQ routing
[    1.857744] PCI: pci_cache_line_size set to 64 bytes
[    1.858302] e820: reserve RAM buffer [mem 0x0008f000-0x0008ffff]
[    1.858304] e820: reserve RAM buffer [mem 0x47bdd020-0x47ffffff]
[    1.858304] e820: reserve RAM buffer [mem 0x47c0f020-0x47ffffff]
[    1.858305] e820: reserve RAM buffer [mem 0x47c42020-0x47ffffff]
[    1.858306] e820: reserve RAM buffer [mem 0x47c75020-0x47ffffff]
[    1.858307] e820: reserve RAM buffer [mem 0x49e77000-0x4bffffff]
[    1.858308] e820: reserve RAM buffer [mem 0x4b2cf000-0x4bffffff]
[    1.858308] e820: reserve RAM buffer [mem 0x4bd94000-0x4bffffff]
[    1.858309] e820: reserve RAM buffer [mem 0x4ce00000-0x4fffffff]
[    1.858310] e820: reserve RAM buffer [mem 0x5eefe000-0x5fffffff]
[    1.858311] e820: reserve RAM buffer [mem 0x6f800000-0x6fffffff]
[    1.858610] NetLabel: Initializing
[    1.858611] NetLabel:  domain hash size = 128
[    1.858611] NetLabel:  protocols = UNLABELED CIPSOv4 CALIPSO
[    1.858630] NetLabel:  unlabeled traffic allowed by default
[    1.862697] hpet0: at MMIO 0xfed00000, IRQs 2, 8, 0, 0, 0, 0, 0, 0
[    1.862700] hpet0: 8 comparators, 64-bit 24.000000 MHz counter
[    1.865547] clocksource: Switched to clocksource tsc-early
[    1.876371] VFS: Disk quotas dquot_6.6.0
[    1.876413] VFS: Dquot-cache hash table entries: 512 (order 0, 4096 bytes)
[    1.876701] *** VALIDATE hugetlbfs ***
[    1.876857] AppArmor: AppArmor Filesystem Enabled
[    1.876875] pnp: PnP ACPI init
[    1.892248] pnp 00:00: Plug and Play ACPI device, IDs PNP0b00 (active)
[    1.892405] system 00:01: [io  0x0500-0x05fe] has been reserved
[    1.892406] system 00:01: [io  0x0400-0x041f] has been reserved
[    1.892408] system 00:01: [io  0x0600-0x061f] has been reserved
[    1.892408] system 00:01: [io  0x0ca0-0x0ca1] has been reserved
[    1.892409] system 00:01: [io  0x0ca4-0x0ca6] has been reserved
[    1.892411] system 00:01: [mem 0xff000000-0xffffffff] has been reserved
[    1.892414] system 00:01: Plug and Play ACPI device, IDs PNP0c02 (active)
[    1.892660] pnp 00:02: Plug and Play ACPI device, IDs PNP0501 (active)
[    1.892865] pnp 00:03: Plug and Play ACPI device, IDs PNP0501 (active)
[    1.893023] system 00:04: [mem 0xfd000000-0xfdabffff] has been reserved
[    1.893024] system 00:04: [mem 0xfdad0000-0xfdadffff] has been reserved
[    1.893025] system 00:04: [mem 0xfdb00000-0xfdffffff] has been reserved
[    1.893027] system 00:04: [mem 0xfe000000-0xfe00ffff] has been reserved
[    1.893028] system 00:04: [mem 0xfe011000-0xfe01ffff] has been reserved
[    1.893029] system 00:04: [mem 0xfe036000-0xfe03bfff] has been reserved
[    1.893030] system 00:04: [mem 0xfe03d000-0xfe3fffff] has been reserved
[    1.893031] system 00:04: [mem 0xfe410000-0xfe7fffff] has been reserved
[    1.893033] system 00:04: Plug and Play ACPI device, IDs PNP0c02 (active)
[    1.893367] system 00:05: [io  0x1000-0x10fe] has been reserved
[    1.893369] system 00:05: Plug and Play ACPI device, IDs PNP0c02 (active)
[    1.894365] pnp: PnP ACPI: found 6 devices
[    1.895440] thermal_sys: Registered thermal governor 'fair_share'
[    1.895441] thermal_sys: Registered thermal governor 'bang_bang'
[    1.895442] thermal_sys: Registered thermal governor 'step_wise'
[    1.895442] thermal_sys: Registered thermal governor 'user_space'
[    1.895443] thermal_sys: Registered thermal governor 'power_allocator'
[    1.899934] clocksource: acpi_pm: mask: 0xffffff max_cycles: 0xffffff, max_idle_ns: 2085701024 ns
[    1.899956] pci 0000:04:00.0: can't claim BAR 6 [mem 0xfffc0000-0xffffffff pref]: no compatible bridge window
[    1.899957] pci 0000:04:00.1: can't claim BAR 6 [mem 0xfffc0000-0xffffffff pref]: no compatible bridge window
[    1.899958] pci 0000:17:00.0: can't claim BAR 6 [mem 0xfff00000-0xffffffff pref]: no compatible bridge window
[    1.899972] pci 0000:00:1c.5: BAR 14: assigned [mem 0x90000000-0x900fffff]
[    1.899975] pci 0000:00:1c.0: PCI bridge to [bus 01]
[    1.899984] pci 0000:02:00.0: PCI bridge to [bus 03]
[    1.899988] pci 0000:02:00.0:   bridge window [mem 0x92000000-0x928fffff]
[    1.899992] pci 0000:02:00.0:   bridge window [mem 0x91000000-0x91ffffff 64bit pref]
[    1.899997] pci 0000:00:1c.4: PCI bridge to [bus 02-03]
[    1.900000] pci 0000:00:1c.4:   bridge window [mem 0x92000000-0x928fffff]
[    1.900002] pci 0000:00:1c.4:   bridge window [mem 0x91000000-0x91ffffff 64bit pref]
[    1.900007] pci 0000:04:00.0: BAR 6: assigned [mem 0x90000000-0x9003ffff pref]
[    1.900008] pci 0000:04:00.1: BAR 6: assigned [mem 0x90040000-0x9007ffff pref]
[    1.900009] pci 0000:00:1c.5: PCI bridge to [bus 04]
[    1.900012] pci 0000:00:1c.5:   bridge window [mem 0x90000000-0x900fffff]
[    1.900014] pci 0000:00:1c.5:   bridge window [mem 0x92900000-0x929fffff 64bit pref]
[    1.900019] pci_bus 0000:00: resource 4 [io  0x0000-0x0cf7 window]
[    1.900020] pci_bus 0000:00: resource 5 [io  0x1000-0x4fff window]
[    1.900020] pci_bus 0000:00: resource 6 [mem 0x000a0000-0x000bffff window]
[    1.900021] pci_bus 0000:00: resource 7 [mem 0x000c8000-0x000cffff window]
