[    0.000000] Linux version 5.18.0 (xmu@xmu-PowerEdge-R750) (gcc (Ubuntu 8.4.0-1ubuntu1~18.04) 8.4.0, GNU ld (GNU Binutils for Ubuntu) 2.30) #1 SMP PREEMPT_DYNAMIC Sat Apr 6 15:16:25 CST 2024
[    0.000000] Command line: BOOT_IMAGE=/boot/vmlinuz-5.18.0 root=UUID=ce0c24b8-724b-4f33-9b2c-618433560aef ro memmap=42000M!4096M memmap=59G!64G quiet splash nomodeset vt.handoff=1
[    0.000000] KERNEL supported cpus:
[    0.000000]   Intel GenuineIntel
[    0.000000]   AMD AuthenticAMD
[    0.000000]   Hygon HygonGenuine
[    0.000000]   Centaur CentaurHauls
[    0.000000]   zhaoxin   Shanghai  
[    0.000000] x86/split lock detection: #AC: crashing the kernel on kernel split_locks and warning on user-space split_locks
[    0.000000] x86/fpu: Supporting XSAVE feature 0x001: 'x87 floating point registers'
[    0.000000] x86/fpu: Supporting XSAVE feature 0x002: 'SSE registers'
[    0.000000] x86/fpu: Supporting XSAVE feature 0x004: 'AVX registers'
[    0.000000] x86/fpu: Supporting XSAVE feature 0x020: 'AVX-512 opmask'
[    0.000000] x86/fpu: Supporting XSAVE feature 0x040: 'AVX-512 Hi256'
[    0.000000] x86/fpu: Supporting XSAVE feature 0x080: 'AVX-512 ZMM_Hi256'
[    0.000000] x86/fpu: Supporting XSAVE feature 0x200: 'Protection Keys User registers'
[    0.000000] x86/fpu: xstate_offset[2]:  576, xstate_sizes[2]:  256
[    0.000000] x86/fpu: xstate_offset[5]:  832, xstate_sizes[5]:   64
[    0.000000] x86/fpu: xstate_offset[6]:  896, xstate_sizes[6]:  512
[    0.000000] x86/fpu: xstate_offset[7]: 1408, xstate_sizes[7]: 1024
[    0.000000] x86/fpu: xstate_offset[9]: 2432, xstate_sizes[9]:    8
[    0.000000] x86/fpu: Enabled xstate features 0x2e7, context size is 2440 bytes, using 'compacted' format.
[    0.000000] signal: max sigframe size: 3632
[    0.000000] BIOS-provided physical RAM map:
[    0.000000] BIOS-e820: [mem 0x0000000000000000-0x000000000008efff] usable
[    0.000000] BIOS-e820: [mem 0x000000000008f000-0x000000000008ffff] reserved
[    0.000000] BIOS-e820: [mem 0x0000000000090000-0x000000000009ffff] usable
[    0.000000] BIOS-e820: [mem 0x00000000000a0000-0x00000000000fffff] reserved
[    0.000000] BIOS-e820: [mem 0x0000000000100000-0x0000000049e76fff] usable
[    0.000000] BIOS-e820: [mem 0x0000000049e77000-0x000000004ae76fff] ACPI NVS
[    0.000000] BIOS-e820: [mem 0x000000004ae77000-0x000000004b2cefff] usable
[    0.000000] BIOS-e820: [mem 0x000000004b2cf000-0x000000004b54dfff] ACPI data
[    0.000000] BIOS-e820: [mem 0x000000004b54e000-0x000000004bd93fff] usable
[    0.000000] BIOS-e820: [mem 0x000000004bd94000-0x000000004be99fff] reserved
[    0.000000] BIOS-e820: [mem 0x000000004be9a000-0x000000004cdfffff] usable
[    0.000000] BIOS-e820: [mem 0x000000004ce00000-0x000000004cffffff] reserved
[    0.000000] BIOS-e820: [mem 0x000000004d000000-0x000000005eefdfff] usable
[    0.000000] BIOS-e820: [mem 0x000000005eefe000-0x000000006e3fefff] reserved
[    0.000000] BIOS-e820: [mem 0x000000006e3ff000-0x000000006f3fefff] ACPI NVS
[    0.000000] BIOS-e820: [mem 0x000000006f3ff000-0x000000006f7fefff] ACPI data
[    0.000000] BIOS-e820: [mem 0x000000006f7ff000-0x000000006f7fffff] usable
[    0.000000] BIOS-e820: [mem 0x000000006f800000-0x000000008fffffff] reserved
[    0.000000] BIOS-e820: [mem 0x00000000fe000000-0x00000000fe010fff] reserved
[    0.000000] BIOS-e820: [mem 0x0000000100000000-0x000000207fffffff] usable
[    0.000000] BIOS-e820: [mem 0x0000002080000000-0x0000011c7fffffff] persistent (type 7)
[    0.000000] BIOS-e820: [mem 0x00001ffc00000000-0x00001fffffffffff] reserved
[    0.000000] NX (Execute Disable) protection: active
[    0.000000] e820: update [mem 0x46d5c020-0x46d6405f] usable ==> usable
[    0.000000] e820: update [mem 0x46d5c020-0x46d6405f] usable ==> usable
[    0.000000] e820: update [mem 0x46d29020-0x46d5bc5f] usable ==> usable
[    0.000000] e820: update [mem 0x46d29020-0x46d5bc5f] usable ==> usable
[    0.000000] e820: update [mem 0x46cf6020-0x46d28c5f] usable ==> usable
[    0.000000] e820: update [mem 0x46cf6020-0x46d28c5f] usable ==> usable
[    0.000000] e820: update [mem 0x46cc4020-0x46cf5a5f] usable ==> usable
[    0.000000] e820: update [mem 0x46cc4020-0x46cf5a5f] usable ==> usable
[    0.000000] extended physical RAM map:
[    0.000000] reserve setup_data: [mem 0x0000000000000000-0x000000000008efff] usable
[    0.000000] reserve setup_data: [mem 0x000000000008f000-0x000000000008ffff] reserved
[    0.000000] reserve setup_data: [mem 0x0000000000090000-0x000000000009ffff] usable
[    0.000000] reserve setup_data: [mem 0x00000000000a0000-0x00000000000fffff] reserved
[    0.000000] reserve setup_data: [mem 0x0000000000100000-0x0000000046cc401f] usable
[    0.000000] reserve setup_data: [mem 0x0000000046cc4020-0x0000000046cf5a5f] usable
[    0.000000] reserve setup_data: [mem 0x0000000046cf5a60-0x0000000046cf601f] usable
[    0.000000] reserve setup_data: [mem 0x0000000046cf6020-0x0000000046d28c5f] usable
[    0.000000] reserve setup_data: [mem 0x0000000046d28c60-0x0000000046d2901f] usable
[    0.000000] reserve setup_data: [mem 0x0000000046d29020-0x0000000046d5bc5f] usable
[    0.000000] reserve setup_data: [mem 0x0000000046d5bc60-0x0000000046d5c01f] usable
[    0.000000] reserve setup_data: [mem 0x0000000046d5c020-0x0000000046d6405f] usable
[    0.000000] reserve setup_data: [mem 0x0000000046d64060-0x0000000049e76fff] usable
[    0.000000] reserve setup_data: [mem 0x0000000049e77000-0x000000004ae76fff] ACPI NVS
[    0.000000] reserve setup_data: [mem 0x000000004ae77000-0x000000004b2cefff] usable
[    0.000000] reserve setup_data: [mem 0x000000004b2cf000-0x000000004b54dfff] ACPI data
[    0.000000] reserve setup_data: [mem 0x000000004b54e000-0x000000004bd93fff] usable
[    0.000000] reserve setup_data: [mem 0x000000004bd94000-0x000000004be99fff] reserved
[    0.000000] reserve setup_data: [mem 0x000000004be9a000-0x000000004cdfffff] usable
[    0.000000] reserve setup_data: [mem 0x000000004ce00000-0x000000004cffffff] reserved
[    0.000000] reserve setup_data: [mem 0x000000004d000000-0x000000005eefdfff] usable
[    0.000000] reserve setup_data: [mem 0x000000005eefe000-0x000000006e3fefff] reserved
[    0.000000] reserve setup_data: [mem 0x000000006e3ff000-0x000000006f3fefff] ACPI NVS
[    0.000000] reserve setup_data: [mem 0x000000006f3ff000-0x000000006f7fefff] ACPI data
[    0.000000] reserve setup_data: [mem 0x000000006f7ff000-0x000000006f7fffff] usable
[    0.000000] reserve setup_data: [mem 0x000000006f800000-0x000000008fffffff] reserved
[    0.000000] reserve setup_data: [mem 0x00000000fe000000-0x00000000fe010fff] reserved
[    0.000000] reserve setup_data: [mem 0x0000000100000000-0x0000000b40ffffff] persistent (type 12)
[    0.000000] reserve setup_data: [mem 0x0000000b41000000-0x0000000fffffffff] usable
[    0.000000] reserve setup_data: [mem 0x0000001000000000-0x0000001ebfffffff] persistent (type 12)
[    0.000000] reserve setup_data: [mem 0x0000001ec0000000-0x000000207fffffff] usable
[    0.000000] reserve setup_data: [mem 0x0000002080000000-0x0000011c7fffffff] persistent (type 7)
[    0.000000] reserve setup_data: [mem 0x00001ffc00000000-0x00001fffffffffff] reserved
[    0.000000] user-defined physical RAM map:
[    0.000000] user: [mem 0x0000000000000000-0x000000000008efff] usable
[    0.000000] user: [mem 0x000000000008f000-0x000000000008ffff] reserved
[    0.000000] user: [mem 0x0000000000090000-0x000000000009ffff] usable
[    0.000000] user: [mem 0x00000000000a0000-0x00000000000fffff] reserved
[    0.000000] user: [mem 0x0000000000100000-0x0000000046cc401f] usable
[    0.000000] user: [mem 0x0000000046cc4020-0x0000000046cf5a5f] usable
[    0.000000] user: [mem 0x0000000046cf5a60-0x0000000046cf601f] usable
[    0.000000] user: [mem 0x0000000046cf6020-0x0000000046d28c5f] usable
[    0.000000] user: [mem 0x0000000046d28c60-0x0000000046d2901f] usable
[    0.000000] user: [mem 0x0000000046d29020-0x0000000046d5bc5f] usable
[    0.000000] user: [mem 0x0000000046d5bc60-0x0000000046d5c01f] usable
[    0.000000] user: [mem 0x0000000046d5c020-0x0000000046d6405f] usable
[    0.000000] user: [mem 0x0000000046d64060-0x0000000049e76fff] usable
[    0.000000] user: [mem 0x0000000049e77000-0x000000004ae76fff] ACPI NVS
[    0.000000] user: [mem 0x000000004ae77000-0x000000004b2cefff] usable
[    0.000000] user: [mem 0x000000004b2cf000-0x000000004b54dfff] ACPI data
[    0.000000] user: [mem 0x000000004b54e000-0x000000004bd93fff] usable
[    0.000000] user: [mem 0x000000004bd94000-0x000000004be99fff] reserved
[    0.000000] user: [mem 0x000000004be9a000-0x000000004cdfffff] usable
[    0.000000] user: [mem 0x000000004ce00000-0x000000004cffffff] reserved
[    0.000000] user: [mem 0x000000004d000000-0x000000005eefdfff] usable
[    0.000000] user: [mem 0x000000005eefe000-0x000000006e3fefff] reserved
[    0.000000] user: [mem 0x000000006e3ff000-0x000000006f3fefff] ACPI NVS
[    0.000000] user: [mem 0x000000006f3ff000-0x000000006f7fefff] ACPI data
[    0.000000] user: [mem 0x000000006f7ff000-0x000000006f7fffff] usable
[    0.000000] user: [mem 0x000000006f800000-0x000000008fffffff] reserved
[    0.000000] user: [mem 0x00000000fe000000-0x00000000fe010fff] reserved
[    0.000000] user: [mem 0x0000000100000000-0x0000000b40ffffff] persistent (type 12)
[    0.000000] user: [mem 0x0000000b41000000-0x0000000fffffffff] usable
[    0.000000] user: [mem 0x0000001000000000-0x0000001ebfffffff] persistent (type 12)
[    0.000000] user: [mem 0x0000001ec0000000-0x000000207fffffff] usable
[    0.000000] user: [mem 0x0000002080000000-0x0000011c7fffffff] persistent (type 7)
[    0.000000] user: [mem 0x00001ffc00000000-0x00001fffffffffff] reserved
[    0.000000] efi: EFI v2.70 by Dell Inc.
[    0.000000] efi: ACPI=0x6f7fe000 ACPI 2.0=0x6f7fe014 MEMATTR=0x5b071020 SMBIOS=0x69526000 SMBIOS 3.0=0x69524000 MOKvar=0x5ef81000 RNG=0x5ef8a920 
[    0.000000] efi: seeding entropy pool
[    0.000000] SMBIOS 3.3.0 present.
[    0.000000] DMI: Dell Inc. PowerEdge R750/0K8F35, BIOS 1.10.2 03/03/2023
[    0.000000] tsc: Detected 2000.000 MHz processor
[    0.000007] e820: update [mem 0x00000000-0x00000fff] usable ==> reserved
[    0.000010] e820: remove [mem 0x000a0000-0x000fffff] usable
[    0.000018] last_pfn = 0x2080000 max_arch_pfn = 0x400000000
[    0.000197] x86/PAT: Configuration [0-7]: WB  WC  UC- UC  WB  WP  UC- WT  
[    0.002865] total RAM covered: 2095088M
[    0.002950]  gran_size: 64K 	chunk_size: 64K 	num_reg: 10  	lose cover RAM: 2016G
[    0.002952]  gran_size: 64K 	chunk_size: 128K 	num_reg: 10  	lose cover RAM: 2016G
[    0.002954]  gran_size: 64K 	chunk_size: 256K 	num_reg: 10  	lose cover RAM: 2016G
[    0.002955]  gran_size: 64K 	chunk_size: 512K 	num_reg: 10  	lose cover RAM: 2016G
[    0.002956]  gran_size: 64K 	chunk_size: 1M 	num_reg: 10  	lose cover RAM: 2016G
[    0.002958]  gran_size: 64K 	chunk_size: 2M 	num_reg: 10  	lose cover RAM: 2016G
[    0.002959]  gran_size: 64K 	chunk_size: 4M 	num_reg: 10  	lose cover RAM: 2016G
[    0.002960]  gran_size: 64K 	chunk_size: 8M 	num_reg: 10  	lose cover RAM: 2016G
[    0.002962]  gran_size: 64K 	chunk_size: 16M 	num_reg: 10  	lose cover RAM: 2016G
[    0.002963]  gran_size: 64K 	chunk_size: 32M 	num_reg: 10  	lose cover RAM: 1024G
[    0.002964]  gran_size: 64K 	chunk_size: 64M 	num_reg: 10  	lose cover RAM: 1024G
[    0.002966]  gran_size: 64K 	chunk_size: 128M 	num_reg: 10  	lose cover RAM: 1024G
[    0.002967]  gran_size: 64K 	chunk_size: 256M 	num_reg: 10  	lose cover RAM: 1024G
[    0.002968]  gran_size: 64K 	chunk_size: 512M 	num_reg: 10  	lose cover RAM: 1024G
[    0.002970]  gran_size: 64K 	chunk_size: 1G 	num_reg: 10  	lose cover RAM: 1024G
[    0.002971]  gran_size: 64K 	chunk_size: 2G 	num_reg: 10  	lose cover RAM: 1024G
[    0.002972]  gran_size: 128K 	chunk_size: 128K 	num_reg: 10  	lose cover RAM: 2016G
[    0.002974]  gran_size: 128K 	chunk_size: 256K 	num_reg: 10  	lose cover RAM: 2016G
[    0.002975]  gran_size: 128K 	chunk_size: 512K 	num_reg: 10  	lose cover RAM: 2016G
[    0.002977]  gran_size: 128K 	chunk_size: 1M 	num_reg: 10  	lose cover RAM: 2016G
[    0.002978]  gran_size: 128K 	chunk_size: 2M 	num_reg: 10  	lose cover RAM: 2016G
[    0.002979]  gran_size: 128K 	chunk_size: 4M 	num_reg: 10  	lose cover RAM: 2016G
[    0.002981]  gran_size: 128K 	chunk_size: 8M 	num_reg: 10  	lose cover RAM: 2016G
[    0.002982]  gran_size: 128K 	chunk_size: 16M 	num_reg: 10  	lose cover RAM: 2016G
[    0.002983]  gran_size: 128K 	chunk_size: 32M 	num_reg: 10  	lose cover RAM: 1024G
[    0.002985]  gran_size: 128K 	chunk_size: 64M 	num_reg: 10  	lose cover RAM: 1024G
[    0.002986]  gran_size: 128K 	chunk_size: 128M 	num_reg: 10  	lose cover RAM: 1024G
[    0.002987]  gran_size: 128K 	chunk_size: 256M 	num_reg: 10  	lose cover RAM: 1024G
[    0.002989]  gran_size: 128K 	chunk_size: 512M 	num_reg: 10  	lose cover RAM: 1024G
[    0.002990]  gran_size: 128K 	chunk_size: 1G 	num_reg: 10  	lose cover RAM: 1024G
[    0.002991]  gran_size: 128K 	chunk_size: 2G 	num_reg: 10  	lose cover RAM: 1024G
[    0.002993]  gran_size: 256K 	chunk_size: 256K 	num_reg: 10  	lose cover RAM: 2016G
[    0.002994]  gran_size: 256K 	chunk_size: 512K 	num_reg: 10  	lose cover RAM: 2016G
[    0.002996]  gran_size: 256K 	chunk_size: 1M 	num_reg: 10  	lose cover RAM: 2016G
[    0.002997]  gran_size: 256K 	chunk_size: 2M 	num_reg: 10  	lose cover RAM: 2016G
[    0.002999]  gran_size: 256K 	chunk_size: 4M 	num_reg: 10  	lose cover RAM: 2016G
[    0.003000]  gran_size: 256K 	chunk_size: 8M 	num_reg: 10  	lose cover RAM: 2016G
[    0.003001]  gran_size: 256K 	chunk_size: 16M 	num_reg: 10  	lose cover RAM: 2016G
[    0.003002]  gran_size: 256K 	chunk_size: 32M 	num_reg: 10  	lose cover RAM: 1024G
[    0.003004]  gran_size: 256K 	chunk_size: 64M 	num_reg: 10  	lose cover RAM: 1024G
[    0.003005]  gran_size: 256K 	chunk_size: 128M 	num_reg: 10  	lose cover RAM: 1024G
[    0.003006]  gran_size: 256K 	chunk_size: 256M 	num_reg: 10  	lose cover RAM: 1024G
[    0.003008]  gran_size: 256K 	chunk_size: 512M 	num_reg: 10  	lose cover RAM: 1024G
[    0.003009]  gran_size: 256K 	chunk_size: 1G 	num_reg: 10  	lose cover RAM: 1024G
[    0.003010]  gran_size: 256K 	chunk_size: 2G 	num_reg: 10  	lose cover RAM: 1024G
[    0.003012]  gran_size: 512K 	chunk_size: 512K 	num_reg: 10  	lose cover RAM: 2016G
[    0.003013]  gran_size: 512K 	chunk_size: 1M 	num_reg: 10  	lose cover RAM: 2016G
[    0.003014]  gran_size: 512K 	chunk_size: 2M 	num_reg: 10  	lose cover RAM: 2016G
[    0.003015]  gran_size: 512K 	chunk_size: 4M 	num_reg: 10  	lose cover RAM: 2016G
[    0.003017]  gran_size: 512K 	chunk_size: 8M 	num_reg: 10  	lose cover RAM: 2016G
[    0.003018]  gran_size: 512K 	chunk_size: 16M 	num_reg: 10  	lose cover RAM: 2016G
[    0.003019]  gran_size: 512K 	chunk_size: 32M 	num_reg: 10  	lose cover RAM: 1024G
[    0.003021]  gran_size: 512K 	chunk_size: 64M 	num_reg: 10  	lose cover RAM: 1024G
[    0.003022]  gran_size: 512K 	chunk_size: 128M 	num_reg: 10  	lose cover RAM: 1024G
[    0.003023]  gran_size: 512K 	chunk_size: 256M 	num_reg: 10  	lose cover RAM: 1024G
[    0.003025]  gran_size: 512K 	chunk_size: 512M 	num_reg: 10  	lose cover RAM: 1024G
[    0.003026]  gran_size: 512K 	chunk_size: 1G 	num_reg: 10  	lose cover RAM: 1024G
[    0.003027]  gran_size: 512K 	chunk_size: 2G 	num_reg: 10  	lose cover RAM: 1024G
[    0.003029]  gran_size: 1M 	chunk_size: 1M 	num_reg: 10  	lose cover RAM: 2016G
[    0.003030]  gran_size: 1M 	chunk_size: 2M 	num_reg: 10  	lose cover RAM: 2016G
[    0.003031]  gran_size: 1M 	chunk_size: 4M 	num_reg: 10  	lose cover RAM: 2016G
[    0.003033]  gran_size: 1M 	chunk_size: 8M 	num_reg: 10  	lose cover RAM: 2016G
[    0.003034]  gran_size: 1M 	chunk_size: 16M 	num_reg: 10  	lose cover RAM: 2016G
[    0.003035]  gran_size: 1M 	chunk_size: 32M 	num_reg: 10  	lose cover RAM: 1024G
[    0.003037]  gran_size: 1M 	chunk_size: 64M 	num_reg: 10  	lose cover RAM: 1024G
[    0.003038]  gran_size: 1M 	chunk_size: 128M 	num_reg: 10  	lose cover RAM: 1024G
[    0.003039]  gran_size: 1M 	chunk_size: 256M 	num_reg: 10  	lose cover RAM: 1024G
[    0.003041]  gran_size: 1M 	chunk_size: 512M 	num_reg: 10  	lose cover RAM: 1024G
[    0.003042]  gran_size: 1M 	chunk_size: 1G 	num_reg: 10  	lose cover RAM: 1024G
[    0.003043]  gran_size: 1M 	chunk_size: 2G 	num_reg: 10  	lose cover RAM: 1024G
[    0.003045]  gran_size: 2M 	chunk_size: 2M 	num_reg: 10  	lose cover RAM: 2016G
[    0.003046]  gran_size: 2M 	chunk_size: 4M 	num_reg: 10  	lose cover RAM: 2016G
[    0.003047]  gran_size: 2M 	chunk_size: 8M 	num_reg: 10  	lose cover RAM: 2016G
[    0.003048]  gran_size: 2M 	chunk_size: 16M 	num_reg: 10  	lose cover RAM: 2016G
[    0.003050]  gran_size: 2M 	chunk_size: 32M 	num_reg: 10  	lose cover RAM: 1024G
[    0.003051]  gran_size: 2M 	chunk_size: 64M 	num_reg: 10  	lose cover RAM: 1024G
[    0.003052]  gran_size: 2M 	chunk_size: 128M 	num_reg: 10  	lose cover RAM: 1024G
[    0.003054]  gran_size: 2M 	chunk_size: 256M 	num_reg: 10  	lose cover RAM: 1024G
[    0.003055]  gran_size: 2M 	chunk_size: 512M 	num_reg: 10  	lose cover RAM: 1024G
[    0.003056]  gran_size: 2M 	chunk_size: 1G 	num_reg: 10  	lose cover RAM: 1024G
[    0.003058]  gran_size: 2M 	chunk_size: 2G 	num_reg: 10  	lose cover RAM: 1024G
[    0.003059]  gran_size: 4M 	chunk_size: 4M 	num_reg: 10  	lose cover RAM: 2016G
[    0.003061]  gran_size: 4M 	chunk_size: 8M 	num_reg: 10  	lose cover RAM: 2016G
[    0.003062]  gran_size: 4M 	chunk_size: 16M 	num_reg: 10  	lose cover RAM: 2016G
[    0.003063]  gran_size: 4M 	chunk_size: 32M 	num_reg: 10  	lose cover RAM: 1024G
[    0.003064]  gran_size: 4M 	chunk_size: 64M 	num_reg: 10  	lose cover RAM: 1024G
[    0.003066]  gran_size: 4M 	chunk_size: 128M 	num_reg: 10  	lose cover RAM: 1024G
[    0.003067]  gran_size: 4M 	chunk_size: 256M 	num_reg: 10  	lose cover RAM: 1024G
[    0.003068]  gran_size: 4M 	chunk_size: 512M 	num_reg: 10  	lose cover RAM: 1024G
[    0.003070]  gran_size: 4M 	chunk_size: 1G 	num_reg: 10  	lose cover RAM: 1024G
[    0.003071]  gran_size: 4M 	chunk_size: 2G 	num_reg: 10  	lose cover RAM: 1024G
[    0.003072]  gran_size: 8M 	chunk_size: 8M 	num_reg: 10  	lose cover RAM: 2016G
[    0.003074]  gran_size: 8M 	chunk_size: 16M 	num_reg: 10  	lose cover RAM: 2016G
[    0.003075]  gran_size: 8M 	chunk_size: 32M 	num_reg: 10  	lose cover RAM: 1024G
[    0.003076]  gran_size: 8M 	chunk_size: 64M 	num_reg: 10  	lose cover RAM: 1024G
[    0.003078]  gran_size: 8M 	chunk_size: 128M 	num_reg: 10  	lose cover RAM: 1024G
[    0.003079]  gran_size: 8M 	chunk_size: 256M 	num_reg: 10  	lose cover RAM: 1024G
[    0.003080]  gran_size: 8M 	chunk_size: 512M 	num_reg: 10  	lose cover RAM: 1024G
[    0.003081]  gran_size: 8M 	chunk_size: 1G 	num_reg: 10  	lose cover RAM: 1024G
[    0.003083]  gran_size: 8M 	chunk_size: 2G 	num_reg: 10  	lose cover RAM: 1024G
[    0.003084]  gran_size: 16M 	chunk_size: 16M 	num_reg: 10  	lose cover RAM: 2016G
[    0.003085]  gran_size: 16M 	chunk_size: 32M 	num_reg: 10  	lose cover RAM: 1024G
[    0.003087]  gran_size: 16M 	chunk_size: 64M 	num_reg: 10  	lose cover RAM: 1024G
[    0.003088]  gran_size: 16M 	chunk_size: 128M 	num_reg: 10  	lose cover RAM: 1024G
[    0.003090]  gran_size: 16M 	chunk_size: 256M 	num_reg: 10  	lose cover RAM: 1024G
[    0.003091]  gran_size: 16M 	chunk_size: 512M 	num_reg: 10  	lose cover RAM: 1024G
[    0.003092]  gran_size: 16M 	chunk_size: 1G 	num_reg: 10  	lose cover RAM: 1024G
[    0.003094]  gran_size: 16M 	chunk_size: 2G 	num_reg: 10  	lose cover RAM: 1024G
[    0.003095]  gran_size: 32M 	chunk_size: 32M 	num_reg: 10  	lose cover RAM: 2031632M
[    0.003097]  gran_size: 32M 	chunk_size: 64M 	num_reg: 10  	lose cover RAM: 1048592M
[    0.003098]  gran_size: 32M 	chunk_size: 128M 	num_reg: 10  	lose cover RAM: 1048592M
[    0.003100]  gran_size: 32M 	chunk_size: 256M 	num_reg: 10  	lose cover RAM: 1048592M
[    0.003101]  gran_size: 32M 	chunk_size: 512M 	num_reg: 10  	lose cover RAM: 1048592M
[    0.003102]  gran_size: 32M 	chunk_size: 1G 	num_reg: 10  	lose cover RAM: 1048592M
[    0.003104]  gran_size: 32M 	chunk_size: 2G 	num_reg: 10  	lose cover RAM: 1048592M
[    0.003105]  gran_size: 64M 	chunk_size: 64M 	num_reg: 10  	lose cover RAM: 1966128M
[    0.003106]  gran_size: 64M 	chunk_size: 128M 	num_reg: 10  	lose cover RAM: 1048624M
[    0.003108]  gran_size: 64M 	chunk_size: 256M 	num_reg: 10  	lose cover RAM: 1048624M
[    0.003109]  gran_size: 64M 	chunk_size: 512M 	num_reg: 10  	lose cover RAM: 1048624M
[    0.003110]  gran_size: 64M 	chunk_size: 1G 	num_reg: 10  	lose cover RAM: 1048624M
[    0.003112]  gran_size: 64M 	chunk_size: 2G 	num_reg: 10  	lose cover RAM: 1048624M
[    0.003113]  gran_size: 128M 	chunk_size: 128M 	num_reg: 10  	lose cover RAM: 1835120M
[    0.003114]  gran_size: 128M 	chunk_size: 256M 	num_reg: 10  	lose cover RAM: 1048688M
[    0.003116]  gran_size: 128M 	chunk_size: 512M 	num_reg: 10  	lose cover RAM: 1048688M
[    0.003117]  gran_size: 128M 	chunk_size: 1G 	num_reg: 10  	lose cover RAM: 1048688M
[    0.003119]  gran_size: 128M 	chunk_size: 2G 	num_reg: 10  	lose cover RAM: 1048688M
[    0.003120]  gran_size: 256M 	chunk_size: 256M 	num_reg: 10  	lose cover RAM: 1573104M
[    0.003121]  gran_size: 256M 	chunk_size: 512M 	num_reg: 10  	lose cover RAM: 1048816M
[    0.003123]  gran_size: 256M 	chunk_size: 1G 	num_reg: 10  	lose cover RAM: 1048816M
[    0.003124]  gran_size: 256M 	chunk_size: 2G 	num_reg: 10  	lose cover RAM: 1048816M
[    0.003125]  gran_size: 512M 	chunk_size: 512M 	num_reg: 10  	lose cover RAM: 1049072M
[    0.003127]  gran_size: 512M 	chunk_size: 1G 	num_reg: 10  	lose cover RAM: 1049072M
[    0.003128]  gran_size: 512M 	chunk_size: 2G 	num_reg: 10  	lose cover RAM: 1049072M
[    0.003129]  gran_size: 1G 	chunk_size: 1G 	num_reg: 10  	lose cover RAM: 1008M
[    0.003131]  gran_size: 1G 	chunk_size: 2G 	num_reg: 10  	lose cover RAM: 1008M
[    0.003132]  gran_size: 2G 	chunk_size: 2G 	num_reg: 9  	lose cover RAM: 2032M
[    0.003134] mtrr_cleanup: can not find optimal value
[    0.003134] please specify mtrr_gran_size/mtrr_chunk_size
[    0.003137] e820: update [mem 0x7f000000-0xffffffff] usable ==> reserved
[    0.003140] x2apic: enabled by BIOS, switching to x2apic ops
[    0.003141] last_pfn = 0x6f800 max_arch_pfn = 0x400000000
[    0.014570] Using GB pages for direct mapping
[    0.015585] Secure boot disabled
[    0.015585] RAMDISK: [mem 0x205de61000-0x207fffffff]
[    0.015591] ACPI: Early table checksum verification disabled
[    0.015593] ACPI: RSDP 0x000000006F7FE014 000024 (v02 DELL  )
[    0.015597] ACPI: XSDT 0x000000006F41C188 0000F4 (v01 DELL   PE_SC3   00000000 DELL 01000013)
[    0.015603] ACPI: FACP 0x000000006F430000 000114 (v06 DELL   PE_SC3   00000000 DELL 00000001)
[    0.015609] ACPI: DSDT 0x000000004B4CE000 07FAD3 (v02 DELL   PE_SC3   00000003 DELL 00000001)
[    0.015613] ACPI: FACS 0x000000006F2F2000 000040
[    0.015616] ACPI: SSDT 0x000000006F7FB000 00159A (v02 INTEL  RAS_ACPI 00000001 INTL 20210331)
[    0.015620] ACPI: SSDT 0x000000006F7FA000 000745 (v02 INTEL  ADDRXLAT 00000001 INTL 20210331)
[    0.015623] ACPI: MCEJ 0x000000006F7F9000 000130 (v01 INTEL           00000001 INTL 0100000D)
[    0.015626] ACPI: BERT 0x000000006F7F8000 000030 (v01 DELL   PE_SC3   00000001 INTL 00000001)
[    0.015630] ACPI: ERST 0x000000006F7F7000 000230 (v01 DELL   PE_SC3   00000001 INTL 00000001)
[    0.015633] ACPI: SSDT 0x000000006F431000 3C524E (v02 INTEL  SSDTNVDR 00001000 INTL 20210331)
[    0.015637] ACPI: HMAT 0x000000006F42F000 000210 (v01 DELL   PE_SC3   00000001 DELL 00000001)
[    0.015640] ACPI: HPET 0x000000006F42E000 000038 (v01 DELL   PE_SC3   00000001 DELL 00000001)
[    0.015643] ACPI: MCFG 0x000000006F42D000 00003C (v01 DELL   PE_SC3   00000001 DELL 00000001)
[    0.015647] ACPI: MIGT 0x000000006F42C000 000040 (v01 DELL   PE_SC3   00000000 DELL 00000001)
[    0.015650] ACPI: MSCT 0x000000006F42B000 000090 (v01 DELL   PE_SC3   00000001 DELL 00000001)
[    0.015653] ACPI: PMTT 0x000000006F429000 0011E8 (v02 DELL   PE_SC3   00000001 DELL 00000001)
[    0.015657] ACPI: WSMT 0x000000006F428000 000028 (v01 DELL   PE_SC3   00000000 DELL 00000001)
[    0.015660] ACPI: APIC 0x000000006F427000 00075E (v04 DELL   PE_SC3   00000000 DELL 00000001)
[    0.015663] ACPI: SLIT 0x000000006F426000 00003C (v01 DELL   PE_SC3   00000001 DELL 01000013)
[    0.015667] ACPI: SRAT 0x000000006F41F000 006430 (v03 DELL   PE_SC3   00000002 DELL 01000013)
[    0.015670] ACPI: OEM4 0x000000004B346000 187A61 (v02 INTEL  CPU  CST 00003000 INTL 20210331)
[    0.015673] ACPI: SSDT 0x000000004B2CF000 0764A5 (v02 INTEL  SSDT  PM 00004000 INTL 20210331)
[    0.015677] ACPI: SSDT 0x000000006F41E000 000A1F (v02 DELL   PE_SC3   00000000 DELL 00000001)
[    0.015680] ACPI: HEST 0x000000006F41D000 00017C (v01 DELL   PE_SC3   00000001 INTL 00000001)
[    0.015683] ACPI: PCAT 0x000000006F41B000 00010C (v19 DELL   PE_SC3   00000002 DELL 00000001)
[    0.015687] ACPI: SSDT 0x000000006F413000 007299 (v02 INTEL  SpsNm    00000002 INTL 20210331)
[    0.015691] ACPI: SSDT 0x000000006F412000 000426 (v02 DELL   PE_SC3   00000002 DELL 00000001)
[    0.015694] ACPI: NFIT 0x000000006F7FD000 000488 (v01 DELL   PE_SC3   00000002 DELL 00000001)
[    0.015697] ACPI: DMAR 0x000000006F411000 000158 (v01 DELL   PE_SC3   00000001 DELL 00000001)
[    0.015700] ACPI: Reserving FACP table memory at [mem 0x6f430000-0x6f430113]
[    0.015702] ACPI: Reserving DSDT table memory at [mem 0x4b4ce000-0x4b54dad2]
[    0.015703] ACPI: Reserving FACS table memory at [mem 0x6f2f2000-0x6f2f203f]
[    0.015704] ACPI: Reserving SSDT table memory at [mem 0x6f7fb000-0x6f7fc599]
[    0.015705] ACPI: Reserving SSDT table memory at [mem 0x6f7fa000-0x6f7fa744]
[    0.015705] ACPI: Reserving MCEJ table memory at [mem 0x6f7f9000-0x6f7f912f]
[    0.015706] ACPI: Reserving BERT table memory at [mem 0x6f7f8000-0x6f7f802f]
[    0.015707] ACPI: Reserving ERST table memory at [mem 0x6f7f7000-0x6f7f722f]
[    0.015708] ACPI: Reserving SSDT table memory at [mem 0x6f431000-0x6f7f624d]
[    0.015709] ACPI: Reserving HMAT table memory at [mem 0x6f42f000-0x6f42f20f]
[    0.015710] ACPI: Reserving HPET table memory at [mem 0x6f42e000-0x6f42e037]
[    0.015711] ACPI: Reserving MCFG table memory at [mem 0x6f42d000-0x6f42d03b]
[    0.015712] ACPI: Reserving MIGT table memory at [mem 0x6f42c000-0x6f42c03f]
[    0.015713] ACPI: Reserving MSCT table memory at [mem 0x6f42b000-0x6f42b08f]
[    0.015713] ACPI: Reserving PMTT table memory at [mem 0x6f429000-0x6f42a1e7]
[    0.015714] ACPI: Reserving WSMT table memory at [mem 0x6f428000-0x6f428027]
[    0.015715] ACPI: Reserving APIC table memory at [mem 0x6f427000-0x6f42775d]
[    0.015716] ACPI: Reserving SLIT table memory at [mem 0x6f426000-0x6f42603b]
[    0.015717] ACPI: Reserving SRAT table memory at [mem 0x6f41f000-0x6f42542f]
[    0.015718] ACPI: Reserving OEM4 table memory at [mem 0x4b346000-0x4b4cda60]
[    0.015719] ACPI: Reserving SSDT table memory at [mem 0x4b2cf000-0x4b3454a4]
[    0.015720] ACPI: Reserving SSDT table memory at [mem 0x6f41e000-0x6f41ea1e]
[    0.015721] ACPI: Reserving HEST table memory at [mem 0x6f41d000-0x6f41d17b]
[    0.015722] ACPI: Reserving PCAT table memory at [mem 0x6f41b000-0x6f41b10b]
[    0.015723] ACPI: Reserving SSDT table memory at [mem 0x6f413000-0x6f41a298]
[    0.015724] ACPI: Reserving SSDT table memory at [mem 0x6f412000-0x6f412425]
[    0.015725] ACPI: Reserving NFIT table memory at [mem 0x6f7fd000-0x6f7fd487]
[    0.015726] ACPI: Reserving DMAR table memory at [mem 0x6f411000-0x6f411157]
[    0.015736] Setting APIC routing to cluster x2apic.
[    0.015782] SRAT: PXM 0 -> APIC 0x0000 -> Node 0
[    0.015784] SRAT: PXM 0 -> APIC 0x0001 -> Node 0
[    0.015785] SRAT: PXM 0 -> APIC 0x0002 -> Node 0
[    0.015785] SRAT: PXM 0 -> APIC 0x0003 -> Node 0
[    0.015786] SRAT: PXM 0 -> APIC 0x0004 -> Node 0
[    0.015787] SRAT: PXM 0 -> APIC 0x0005 -> Node 0
[    0.015787] SRAT: PXM 0 -> APIC 0x0006 -> Node 0
[    0.015788] SRAT: PXM 0 -> APIC 0x0007 -> Node 0
[    0.015789] SRAT: PXM 0 -> APIC 0x0008 -> Node 0
[    0.015789] SRAT: PXM 0 -> APIC 0x0009 -> Node 0
[    0.015790] SRAT: PXM 0 -> APIC 0x000a -> Node 0
[    0.015791] SRAT: PXM 0 -> APIC 0x000b -> Node 0
[    0.015791] SRAT: PXM 0 -> APIC 0x000c -> Node 0
[    0.015792] SRAT: PXM 0 -> APIC 0x000d -> Node 0
[    0.015793] SRAT: PXM 0 -> APIC 0x000e -> Node 0
[    0.015794] SRAT: PXM 0 -> APIC 0x000f -> Node 0
[    0.015794] SRAT: PXM 0 -> APIC 0x0010 -> Node 0
[    0.015795] SRAT: PXM 0 -> APIC 0x0011 -> Node 0
[    0.015796] SRAT: PXM 0 -> APIC 0x0012 -> Node 0
[    0.015797] SRAT: PXM 0 -> APIC 0x0013 -> Node 0
[    0.015797] SRAT: PXM 0 -> APIC 0x0014 -> Node 0
[    0.015798] SRAT: PXM 0 -> APIC 0x0015 -> Node 0
[    0.015799] SRAT: PXM 0 -> APIC 0x0016 -> Node 0
[    0.015799] SRAT: PXM 0 -> APIC 0x0017 -> Node 0
[    0.015800] SRAT: PXM 0 -> APIC 0x0018 -> Node 0
[    0.015801] SRAT: PXM 0 -> APIC 0x0019 -> Node 0
[    0.015801] SRAT: PXM 0 -> APIC 0x001a -> Node 0
[    0.015802] SRAT: PXM 0 -> APIC 0x001b -> Node 0
[    0.015803] SRAT: PXM 0 -> APIC 0x001c -> Node 0
[    0.015803] SRAT: PXM 0 -> APIC 0x001d -> Node 0
[    0.015804] SRAT: PXM 0 -> APIC 0x001e -> Node 0
[    0.015805] SRAT: PXM 0 -> APIC 0x001f -> Node 0
[    0.015805] SRAT: PXM 0 -> APIC 0x0020 -> Node 0
[    0.015806] SRAT: PXM 0 -> APIC 0x0021 -> Node 0
[    0.015807] SRAT: PXM 0 -> APIC 0x0022 -> Node 0
[    0.015807] SRAT: PXM 0 -> APIC 0x0023 -> Node 0
[    0.015808] SRAT: PXM 0 -> APIC 0x0024 -> Node 0
[    0.015808] SRAT: PXM 0 -> APIC 0x0025 -> Node 0
[    0.015809] SRAT: PXM 0 -> APIC 0x0026 -> Node 0
[    0.015810] SRAT: PXM 0 -> APIC 0x0027 -> Node 0
[    0.015811] SRAT: PXM 0 -> APIC 0x0028 -> Node 0
[    0.015811] SRAT: PXM 0 -> APIC 0x0029 -> Node 0
[    0.015812] SRAT: PXM 0 -> APIC 0x002a -> Node 0
[    0.015813] SRAT: PXM 0 -> APIC 0x002b -> Node 0
[    0.015813] SRAT: PXM 0 -> APIC 0x002c -> Node 0
[    0.015814] SRAT: PXM 0 -> APIC 0x002d -> Node 0
[    0.015815] SRAT: PXM 0 -> APIC 0x002e -> Node 0
[    0.015815] SRAT: PXM 0 -> APIC 0x002f -> Node 0
[    0.015816] SRAT: PXM 0 -> APIC 0x0030 -> Node 0
[    0.015817] SRAT: PXM 0 -> APIC 0x0031 -> Node 0
[    0.015817] SRAT: PXM 0 -> APIC 0x0032 -> Node 0
[    0.015818] SRAT: PXM 0 -> APIC 0x0033 -> Node 0
[    0.015818] SRAT: PXM 0 -> APIC 0x0034 -> Node 0
[    0.015819] SRAT: PXM 0 -> APIC 0x0035 -> Node 0
[    0.015820] SRAT: PXM 0 -> APIC 0x0036 -> Node 0
[    0.015820] SRAT: PXM 0 -> APIC 0x0037 -> Node 0
[    0.015821] SRAT: PXM 1 -> APIC 0x0080 -> Node 1
[    0.015822] SRAT: PXM 1 -> APIC 0x0081 -> Node 1
[    0.015823] SRAT: PXM 1 -> APIC 0x0082 -> Node 1
[    0.015823] SRAT: PXM 1 -> APIC 0x0083 -> Node 1
[    0.015824] SRAT: PXM 1 -> APIC 0x0084 -> Node 1
[    0.015825] SRAT: PXM 1 -> APIC 0x0085 -> Node 1
[    0.015826] SRAT: PXM 1 -> APIC 0x0086 -> Node 1
[    0.015826] SRAT: PXM 1 -> APIC 0x0087 -> Node 1
[    0.015827] SRAT: PXM 1 -> APIC 0x0088 -> Node 1
[    0.015828] SRAT: PXM 1 -> APIC 0x0089 -> Node 1
[    0.015829] SRAT: PXM 1 -> APIC 0x008a -> Node 1
[    0.015830] SRAT: PXM 1 -> APIC 0x008b -> Node 1
[    0.015830] SRAT: PXM 1 -> APIC 0x008c -> Node 1
[    0.015831] SRAT: PXM 1 -> APIC 0x008d -> Node 1
[    0.015831] SRAT: PXM 1 -> APIC 0x008e -> Node 1
[    0.015832] SRAT: PXM 1 -> APIC 0x008f -> Node 1
[    0.015833] SRAT: PXM 1 -> APIC 0x0090 -> Node 1
[    0.015833] SRAT: PXM 1 -> APIC 0x0091 -> Node 1
[    0.015834] SRAT: PXM 1 -> APIC 0x0092 -> Node 1
[    0.015835] SRAT: PXM 1 -> APIC 0x0093 -> Node 1
[    0.015835] SRAT: PXM 1 -> APIC 0x0094 -> Node 1
[    0.015836] SRAT: PXM 1 -> APIC 0x0095 -> Node 1
[    0.015837] SRAT: PXM 1 -> APIC 0x0096 -> Node 1
[    0.015837] SRAT: PXM 1 -> APIC 0x0097 -> Node 1
[    0.015838] SRAT: PXM 1 -> APIC 0x0098 -> Node 1
[    0.015839] SRAT: PXM 1 -> APIC 0x0099 -> Node 1
[    0.015839] SRAT: PXM 1 -> APIC 0x009a -> Node 1
[    0.015840] SRAT: PXM 1 -> APIC 0x009b -> Node 1
[    0.015841] SRAT: PXM 1 -> APIC 0x009c -> Node 1
[    0.015841] SRAT: PXM 1 -> APIC 0x009d -> Node 1
[    0.015842] SRAT: PXM 1 -> APIC 0x009e -> Node 1
[    0.015843] SRAT: PXM 1 -> APIC 0x009f -> Node 1
[    0.015843] SRAT: PXM 1 -> APIC 0x00a0 -> Node 1
[    0.015844] SRAT: PXM 1 -> APIC 0x00a1 -> Node 1
[    0.015845] SRAT: PXM 1 -> APIC 0x00a2 -> Node 1
[    0.015845] SRAT: PXM 1 -> APIC 0x00a3 -> Node 1
[    0.015846] SRAT: PXM 1 -> APIC 0x00a4 -> Node 1
[    0.015846] SRAT: PXM 1 -> APIC 0x00a5 -> Node 1
[    0.015847] SRAT: PXM 1 -> APIC 0x00a6 -> Node 1
[    0.015848] SRAT: PXM 1 -> APIC 0x00a7 -> Node 1
[    0.015848] SRAT: PXM 1 -> APIC 0x00a8 -> Node 1
[    0.015849] SRAT: PXM 1 -> APIC 0x00a9 -> Node 1
[    0.015850] SRAT: PXM 1 -> APIC 0x00aa -> Node 1
[    0.015850] SRAT: PXM 1 -> APIC 0x00ab -> Node 1
[    0.015851] SRAT: PXM 1 -> APIC 0x00ac -> Node 1
[    0.015852] SRAT: PXM 1 -> APIC 0x00ad -> Node 1
[    0.015852] SRAT: PXM 1 -> APIC 0x00ae -> Node 1
[    0.015853] SRAT: PXM 1 -> APIC 0x00af -> Node 1
[    0.015854] SRAT: PXM 1 -> APIC 0x00b0 -> Node 1
[    0.015854] SRAT: PXM 1 -> APIC 0x00b1 -> Node 1
[    0.015855] SRAT: PXM 1 -> APIC 0x00b2 -> Node 1
[    0.015856] SRAT: PXM 1 -> APIC 0x00b3 -> Node 1
[    0.015857] SRAT: PXM 1 -> APIC 0x00b4 -> Node 1
[    0.015858] SRAT: PXM 1 -> APIC 0x00b5 -> Node 1
[    0.015858] SRAT: PXM 1 -> APIC 0x00b6 -> Node 1
[    0.015859] SRAT: PXM 1 -> APIC 0x00b7 -> Node 1
[    0.015872] ACPI: SRAT: Node 0 PXM 0 [mem 0x00000000-0x7fffffff]
[    0.015874] ACPI: SRAT: Node 0 PXM 0 [mem 0x100000000-0x107fffffff]
[    0.015875] ACPI: SRAT: Node 2 PXM 2 [mem 0x2080000000-0x9e7fffffff] non-volatile
[    0.015876] ACPI: SRAT: Node 1 PXM 1 [mem 0x1080000000-0x207fffffff]
[    0.015877] ACPI: SRAT: Node 3 PXM 3 [mem 0x9e80000000-0x11c7fffffff] non-volatile
[    0.015887] NUMA: Initialized distance table, cnt=4
[    0.015890] NUMA: Node 0 [mem 0x00000000-0x7fffffff] + [mem 0x100000000-0x107fffffff] -> [mem 0x00000000-0x107fffffff]
[    0.015899] NODE_DATA(0) allocated [mem 0xffffd5000-0xfffffffff]
[    0.015917] NODE_DATA(1) allocated [mem 0x205de32000-0x205de5cfff]
[    0.016093] Zone ranges:
[    0.016094]   DMA      [mem 0x0000000000001000-0x0000000000ffffff]
[    0.016096]   DMA32    [mem 0x0000000001000000-0x00000000ffffffff]
[    0.016098]   Normal   [mem 0x0000000100000000-0x000000207fffffff]
[    0.016099]   Device   empty
[    0.016100] Movable zone start for each node
[    0.016104] Early memory node ranges
[    0.016104]   node   0: [mem 0x0000000000001000-0x000000000008efff]
[    0.016106]   node   0: [mem 0x0000000000090000-0x000000000009ffff]
[    0.016106]   node   0: [mem 0x0000000000100000-0x0000000049e76fff]
[    0.016107]   node   0: [mem 0x000000004ae77000-0x000000004b2cefff]
[    0.016108]   node   0: [mem 0x000000004b54e000-0x000000004bd93fff]
[    0.016109]   node   0: [mem 0x000000004be9a000-0x000000004cdfffff]
[    0.016110]   node   0: [mem 0x000000004d000000-0x000000005eefdfff]
[    0.016110]   node   0: [mem 0x000000006f7ff000-0x000000006f7fffff]
[    0.016111]   node   0: [mem 0x0000000b41000000-0x0000000fffffffff]
[    0.016113]   node   1: [mem 0x0000001ec0000000-0x000000207fffffff]
[    0.016115] Initmem setup node 0 [mem 0x0000000000001000-0x0000000fffffffff]
[    0.016117] Initmem setup node 1 [mem 0x0000001ec0000000-0x000000207fffffff]
[    0.016119] Initializing node 2 as memoryless
[    0.016139] Initmem setup node 2 as memoryless
[    0.016140] Initializing node 3 as memoryless
[    0.016164] Initmem setup node 3 as memoryless
[    0.016166] On node 0, zone DMA: 1 pages in unavailable ranges
[    0.016168] On node 0, zone DMA: 1 pages in unavailable ranges
[    0.016194] On node 0, zone DMA: 96 pages in unavailable ranges
[    0.018492] On node 0, zone DMA32: 4096 pages in unavailable ranges
[    0.018513] On node 0, zone DMA32: 639 pages in unavailable ranges
[    0.018548] On node 0, zone DMA32: 262 pages in unavailable ranges
[    0.019098] On node 0, zone DMA32: 512 pages in unavailable ranges
[    0.019378] On node 0, zone DMA32: 35073 pages in unavailable ranges
[    0.056862] On node 0, zone Normal: 6144 pages in unavailable ranges
[    0.071163] ACPI: PM-Timer IO Port: 0x508
[    0.071183] ACPI: X2APIC_NMI (uid[0xffffffff] high edge lint[0x1])
[    0.071186] ACPI: LAPIC_NMI (acpi_id[0xff] high edge lint[0x1])
[    0.071205] IOAPIC[0]: apic_id 8, version 32, address 0xfec00000, GSI 0-119
[    0.071208] ACPI: INT_SRC_OVR (bus 0 bus_irq 0 global_irq 2 dfl dfl)
[    0.071210] ACPI: INT_SRC_OVR (bus 0 bus_irq 9 global_irq 9 high level)
[    0.071215] ACPI: Using ACPI (MADT) for SMP configuration information
[    0.071216] ACPI: HPET id: 0x8086a701 base: 0xfed00000
[    0.071220] TSC deadline timer available
[    0.071221] smpboot: Allowing 112 CPUs, 0 hotplug CPUs
[    0.071251] PM: hibernation: Registered nosave memory: [mem 0x00000000-0x00000fff]
[    0.071254] PM: hibernation: Registered nosave memory: [mem 0x0008f000-0x0008ffff]
[    0.071256] PM: hibernation: Registered nosave memory: [mem 0x000a0000-0x000fffff]
[    0.071257] PM: hibernation: Registered nosave memory: [mem 0x46cc4000-0x46cc4fff]
[    0.071259] PM: hibernation: Registered nosave memory: [mem 0x46cf5000-0x46cf5fff]
[    0.071260] PM: hibernation: Registered nosave memory: [mem 0x46cf6000-0x46cf6fff]
[    0.071262] PM: hibernation: Registered nosave memory: [mem 0x46d28000-0x46d28fff]
[    0.071263] PM: hibernation: Registered nosave memory: [mem 0x46d29000-0x46d29fff]
[    0.071264] PM: hibernation: Registered nosave memory: [mem 0x46d5b000-0x46d5bfff]
[    0.071265] PM: hibernation: Registered nosave memory: [mem 0x46d5c000-0x46d5cfff]
[    0.071267] PM: hibernation: Registered nosave memory: [mem 0x46d64000-0x46d64fff]
[    0.071269] PM: hibernation: Registered nosave memory: [mem 0x49e77000-0x4ae76fff]
[    0.071270] PM: hibernation: Registered nosave memory: [mem 0x4b2cf000-0x4b54dfff]
[    0.071272] PM: hibernation: Registered nosave memory: [mem 0x4bd94000-0x4be99fff]
[    0.071274] PM: hibernation: Registered nosave memory: [mem 0x4ce00000-0x4cffffff]
[    0.071276] PM: hibernation: Registered nosave memory: [mem 0x5eefe000-0x6e3fefff]
[    0.071277] PM: hibernation: Registered nosave memory: [mem 0x6e3ff000-0x6f3fefff]
[    0.071277] PM: hibernation: Registered nosave memory: [mem 0x6f3ff000-0x6f7fefff]
[    0.071279] PM: hibernation: Registered nosave memory: [mem 0x6f800000-0x8fffffff]
[    0.071280] PM: hibernation: Registered nosave memory: [mem 0x90000000-0xfdffffff]
[    0.071281] PM: hibernation: Registered nosave memory: [mem 0xfe000000-0xfe010fff]
[    0.071281] PM: hibernation: Registered nosave memory: [mem 0xfe011000-0xffffffff]
[    0.071282] PM: hibernation: Registered nosave memory: [mem 0x100000000-0xb40ffffff]
[    0.071284] PM: hibernation: Registered nosave memory: [mem 0x1000000000-0x1ebfffffff]
[    0.071286] [mem 0x90000000-0xfdffffff] available for PCI devices
[    0.071288] Booting paravirtualized kernel on bare hardware
[    0.071291] clocksource: refined-jiffies: mask: 0xffffffff max_cycles: 0xffffffff, max_idle_ns: 7645519600211568 ns
[    0.071297] setup_percpu: NR_CPUS:8192 nr_cpumask_bits:112 nr_cpu_ids:112 nr_node_ids:4
[    0.076140] percpu: Embedded 61 pages/cpu s212992 r8192 d28672 u262144
[    0.076151] pcpu-alloc: s212992 r8192 d28672 u262144 alloc=1*2097152
[    0.076154] pcpu-alloc: [0] 000 002 004 006 008 010 012 014 
[    0.076160] pcpu-alloc: [0] 016 018 020 022 024 026 028 030 
[    0.076165] pcpu-alloc: [0] 032 034 036 038 040 042 044 046 
[    0.076170] pcpu-alloc: [0] 048 050 052 054 056 058 060 062 
[    0.076174] pcpu-alloc: [0] 064 066 068 070 072 074 076 078 
[    0.076179] pcpu-alloc: [0] 080 082 084 086 088 090 092 094 
[    0.076183] pcpu-alloc: [0] 096 098 100 102 104 106 108 110 
[    0.076188] pcpu-alloc: [1] 001 003 005 007 009 011 013 015 
[    0.076192] pcpu-alloc: [1] 017 019 021 023 025 027 029 031 
[    0.076197] pcpu-alloc: [1] 033 035 037 039 041 043 045 047 
[    0.076201] pcpu-alloc: [1] 049 051 053 055 057 059 061 063 
[    0.076206] pcpu-alloc: [1] 065 067 069 071 073 075 077 079 
[    0.076210] pcpu-alloc: [1] 081 083 085 087 089 091 093 095 
[    0.076214] pcpu-alloc: [1] 097 099 101 103 105 107 109 111 
[    0.076260] Fallback order for Node 0: 0 1 
[    0.076263] Fallback order for Node 1: 1 0 
[    0.076266] Fallback order for Node 2: 2 0 1 
[    0.076269] Fallback order for Node 3: 3 1 0 
[    0.076277] Built 2 zonelists, mobility grouping on.  Total pages: 7081300
[    0.076278] Policy zone: Normal
[    0.076279] Kernel command line: BOOT_IMAGE=/boot/vmlinuz-5.18.0 root=UUID=ce0c24b8-724b-4f33-9b2c-618433560aef ro memmap=42000M!4096M memmap=59G!64G quiet splash nomodeset vt.handoff=1
[    0.076405] Booted with the nomodeset parameter. Only the system framebuffer will be available
[    0.076427] Unknown kernel command line parameters "splash BOOT_IMAGE=/boot/vmlinuz-5.18.0", will be passed to user space.
[    0.076429] printk: log_buf_len individual max cpu contribution: 4096 bytes
[    0.076430] printk: log_buf_len total cpu_extra contributions: 454656 bytes
[    0.076431] printk: log_buf_len min size: 262144 bytes
[    0.077411] printk: log_buf_len: 1048576 bytes
[    0.077412] printk: early log buf free: 223672(85%)
[    0.079320] mem auto-init: stack:off, heap alloc:on, heap free:off
[    0.152987] Memory: 27498408K/28779616K available (16392K kernel code, 3615K rwdata, 10444K rodata, 2688K init, 5836K bss, 1280948K reserved, 0K cma-reserved)
[    0.152993] random: get_random_u64 called from __kmem_cache_create+0x2d/0x480 with crng_init=0
[    0.153698] SLUB: HWalign=64, Order=0-3, MinObjects=0, CPUs=112, Nodes=4
[    0.153731] ftrace: allocating 48795 entries in 191 pages
[    0.162304] ftrace: allocated 191 pages with 7 groups
[    0.163282] Dynamic Preempt: voluntary
[    0.163640] rcu: Preemptible hierarchical RCU implementation.
[    0.163641] rcu: 	RCU restricting CPUs from NR_CPUS=8192 to nr_cpu_ids=112.
[    0.163642] 	Trampoline variant of Tasks RCU enabled.
[    0.163643] 	Rude variant of Tasks RCU enabled.
[    0.163643] 	Tracing variant of Tasks RCU enabled.
[    0.163644] rcu: RCU calculated value of scheduler-enlistment delay is 25 jiffies.
[    0.163645] rcu: Adjusting geometry for rcu_fanout_leaf=16, nr_cpu_ids=112
[    0.167464] NR_IRQS: 524544, nr_irqs: 2952, preallocated irqs: 16
[    0.167829] random: crng init done (trusting CPU's manufacturer)
[    0.167963] Console: colour dummy device 80x25
[    0.167998] printk: console [tty0] enabled
[    0.168203] mempolicy: Enabling automatic NUMA balancing. Configure with numa_balancing= or the kernel.numa_balancing sysctl
[    0.168207] ACPI: Core revision 20211217
[    0.171604] clocksource: hpet: mask: 0xffffffff max_cycles: 0xffffffff, max_idle_ns: 79635855245 ns
[    0.171648] APIC: Switch to symmetric I/O mode setup
[    0.171650] DMAR: Host address width 46
[    0.171651] DMAR: DRHD base: 0x000000d0ffc000 flags: 0x0
[    0.171655] DMAR: dmar0: reg_base_addr d0ffc000 ver 4:0 cap 8ed008c40780466 ecap 60000f050df
[    0.171658] DMAR: DRHD base: 0x000000dbbfc000 flags: 0x0
[    0.171662] DMAR: dmar1: reg_base_addr dbbfc000 ver 4:0 cap 8ed008c40780466 ecap 60000f050df
[    0.171663] DMAR: DRHD base: 0x000000e67fc000 flags: 0x0
[    0.171667] DMAR: dmar2: reg_base_addr e67fc000 ver 4:0 cap 8ed008c40780466 ecap 60000f050df
[    0.171670] DMAR: DRHD base: 0x000000f13fc000 flags: 0x0
[    0.171672] DMAR: dmar3: reg_base_addr f13fc000 ver 4:0 cap 8ed008c40780466 ecap 60000f050df
[    0.171675] DMAR: DRHD base: 0x000000fb7fc000 flags: 0x0
[    0.171677] DMAR: dmar4: reg_base_addr fb7fc000 ver 4:0 cap 8ed008c40780466 ecap 60000f050df
[    0.171680] DMAR: DRHD base: 0x000000a63fc000 flags: 0x0
[    0.171682] DMAR: dmar5: reg_base_addr a63fc000 ver 4:0 cap 8ed008c40780466 ecap 60000f050df
[    0.171684] DMAR: DRHD base: 0x000000b0ffc000 flags: 0x0
[    0.171689] DMAR: dmar6: reg_base_addr b0ffc000 ver 4:0 cap 8ed008c40780466 ecap 60000f050df
[    0.171691] DMAR: DRHD base: 0x000000bbbfc000 flags: 0x0
[    0.171694] DMAR: dmar7: reg_base_addr bbbfc000 ver 4:0 cap 8ed008c40780466 ecap 60000f050df
[    0.171695] DMAR: DRHD base: 0x000000c5ffc000 flags: 0x0
[    0.171698] DMAR: dmar8: reg_base_addr c5ffc000 ver 4:0 cap 8ed008c40780466 ecap 60000f050df
[    0.171700] DMAR: DRHD base: 0x0000009b7fc000 flags: 0x1
[    0.171702] DMAR: dmar9: reg_base_addr 9b7fc000 ver 4:0 cap 8ed008c40780466 ecap 60000f050df
[    0.171704] DMAR: RMRR base: 0x00000069427000 end: 0x00000069429fff
[    0.171706] DMAR: ATSR flags: 0x0
[    0.171708] DMAR-IR: IOAPIC id 8 under DRHD base  0x9b7fc000 IOMMU 9
[    0.171710] DMAR-IR: HPET id 0 under DRHD base 0x9b7fc000
[    0.171711] DMAR-IR: Queued invalidation will be enabled to support x2apic and Intr-remapping.
[    0.174742] DMAR-IR: Enabled IRQ remapping in x2apic mode
[    0.177373] ..TIMER: vector=0x30 apic1=0 pin1=2 apic2=-1 pin2=-1
[    0.195578] clocksource: tsc-early: mask: 0xffffffffffffffff max_cycles: 0x39a85c9bff6, max_idle_ns: 881590591483 ns
[    0.195584] Calibrating delay loop (skipped), value calculated using timer frequency.. 4000.00 BogoMIPS (lpj=8000000)
[    0.195587] pid_max: default: 114688 minimum: 896
[    0.199470] LSM: Security Framework initializing
[    0.199494] Yama: becoming mindful.
[    0.199545] AppArmor: AppArmor initialized
[    0.203600] Dentry cache hash table entries: 4194304 (order: 13, 33554432 bytes, vmalloc hugepage)
[    0.205638] Inode-cache hash table entries: 2097152 (order: 12, 16777216 bytes, vmalloc hugepage)
[    0.205748] Mount-cache hash table entries: 65536 (order: 7, 524288 bytes, vmalloc)
[    0.205816] Mountpoint-cache hash table entries: 65536 (order: 7, 524288 bytes, vmalloc)
[    0.206353] x86/tme: not enabled by BIOS
[    0.206363] CPU0: Thermal monitoring enabled (TM1)
[    0.206366] x86/cpu: User Mode Instruction Prevention (UMIP) activated
[    0.206601] process: using mwait in idle threads
[    0.206603] Last level iTLB entries: 4KB 0, 2MB 0, 4MB 0
[    0.206604] Last level dTLB entries: 4KB 0, 2MB 0, 4MB 0, 1GB 0
[    0.206610] Spectre V1 : Mitigation: usercopy/swapgs barriers and __user pointer sanitization
[    0.206612] Spectre V2 : WARNING: Unprivileged eBPF is enabled with eIBRS on, data leaks possible via Spectre v2 BHB attacks!
[    0.206617] Spectre V2 : Mitigation: Enhanced IBRS
[    0.206618] Spectre V2 : Spectre v2 / SpectreRSB mitigation: Filling RSB on context switch
[    0.206619] Spectre V2 : mitigation: Enabling conditional Indirect Branch Prediction Barrier
[    0.206621] Speculative Store Bypass: Mitigation: Speculative Store Bypass disabled via prctl
[    0.211795] Freeing SMP alternatives memory: 40K
[    0.215724] smpboot: Estimated ratio of average max frequency by base frequency (times 1024): 1433
[    0.215739] smpboot: CPU0: Intel(R) Xeon(R) Gold 6330 CPU @ 2.00GHz (family: 0x6, model: 0x6a, stepping: 0x6)
[    0.215937] cblist_init_generic: Setting adjustable number of callback queues.
[    0.215951] cblist_init_generic: Setting shift to 7 and lim to 1.
[    0.215977] cblist_init_generic: Setting shift to 7 and lim to 1.
[    0.216004] cblist_init_generic: Setting shift to 7 and lim to 1.
[    0.216015] Performance Events: PEBS fmt4+-baseline,  AnyThread deprecated, Icelake events, 32-deep LBR, full-width counters, Intel PMU driver.
[    0.216053] ... version:                5
[    0.216054] ... bit width:              48
[    0.216054] ... generic registers:      8
[    0.216055] ... value mask:             0000ffffffffffff
[    0.216056] ... max period:             00007fffffffffff
[    0.216057] ... fixed-purpose events:   4
[    0.216057] ... event mask:             0001000f000000ff
[    0.216240] rcu: Hierarchical SRCU implementation.
[    0.223457] NMI watchdog: Enabled. Permanently consumes one hw-PMU counter.
[    0.224585] smp: Bringing up secondary CPUs ...
[    0.224709] x86: Booting SMP configuration:
[    0.224711] .... node  #1, CPUs:          #1
[    0.007759] smpboot: CPU 1 Converting physical 0 to logical die 1

[    0.311702] .... node  #0, CPUs:     #2
[    0.317084] .... node  #1, CPUs:     #3
[    0.322522] .... node  #0, CPUs:     #4
[    0.327913] .... node  #1, CPUs:     #5
[    0.333313] .... node  #0, CPUs:     #6
[    0.338909] .... node  #1, CPUs:     #7
[    0.344509] .... node  #0, CPUs:     #8
[    0.349818] .... node  #1, CPUs:     #9
[    0.355689] .... node  #0, CPUs:    #10
[    0.361304] .... node  #1, CPUs:    #11
[    0.367055] .... node  #0, CPUs:    #12
[    0.372580] .... node  #1, CPUs:    #13
[    0.377960] .... node  #0, CPUs:    #14
[    0.383203] .... node  #1, CPUs:    #15
[    0.388532] .... node  #0, CPUs:    #16
[    0.393822] .... node  #1, CPUs:    #17
[    0.399143] .... node  #0, CPUs:    #18
[    0.404402] .... node  #1, CPUs:    #19
[    0.410061] .... node  #0, CPUs:    #20
[    0.415310] .... node  #1, CPUs:    #21
[    0.420930] .... node  #0, CPUs:    #22
[    0.426373] .... node  #1, CPUs:    #23
[    0.431689] .... node  #0, CPUs:    #24
[    0.437306] .... node  #1, CPUs:    #25
[    0.442657] .... node  #0, CPUs:    #26
[    0.447891] .... node  #1, CPUs:    #27
[    0.453207] .... node  #0, CPUs:    #28
[    0.458721] .... node  #1, CPUs:    #29
[    0.464043] .... node  #0, CPUs:    #30
[    0.469289] .... node  #1, CPUs:    #31
[    0.474794] .... node  #0, CPUs:    #32
[    0.480095] .... node  #1, CPUs:    #33
[    0.485478] .... node  #0, CPUs:    #34
[    0.490939] .... node  #1, CPUs:    #35
[    0.496259] .... node  #0, CPUs:    #36
[    0.501489] .... node  #1, CPUs:    #37
[    0.506811] .... node  #0, CPUs:    #38
[    0.512382] .... node  #1, CPUs:    #39
[    0.517943] .... node  #0, CPUs:    #40
[    0.523751] .... node  #1, CPUs:    #41
[    0.529329] .... node  #0, CPUs:    #42
[    0.534649] .... node  #1, CPUs:    #43
[    0.540300] .... node  #0, CPUs:    #44
[    0.545675] .... node  #1, CPUs:    #45
[    0.551152] .... node  #0, CPUs:    #46
[    0.556698] .... node  #1, CPUs:    #47
[    0.562163] .... node  #0, CPUs:    #48
[    0.567751] .... node  #1, CPUs:    #49
[    0.572976] .... node  #0, CPUs:    #50
[    0.578483] .... node  #1, CPUs:    #51
[    0.584139] .... node  #0, CPUs:    #52
[    0.589615] .... node  #1, CPUs:    #53
[    0.595223] .... node  #0, CPUs:    #54
[    0.600939] .... node  #1, CPUs:    #55
[    0.606752] .... node  #0, CPUs:    #56
[    0.612926] .... node  #1, CPUs:    #57
[    0.618845] .... node  #0, CPUs:    #58
[    0.624275] .... node  #1, CPUs:    #59
[    0.629735] .... node  #0, CPUs:    #60
[    0.635132] .... node  #1, CPUs:    #61
[    0.640556] .... node  #0, CPUs:    #62
[    0.646172] .... node  #1, CPUs:    #63
[    0.651777] .... node  #0, CPUs:    #64
[    0.657092] .... node  #1, CPUs:    #65
[    0.662843] .... node  #0, CPUs:    #66
[    0.668608] .... node  #1, CPUs:    #67
[    0.674376] .... node  #0, CPUs:    #68
[    0.679912] .... node  #1, CPUs:    #69
[    0.685295] .... node  #0, CPUs:    #70
[    0.690554] .... node  #1, CPUs:    #71
[    0.695899] .... node  #0, CPUs:    #72
[    0.701197] .... node  #1, CPUs:    #73
[    0.706545] .... node  #0, CPUs:    #74
[    0.711830] .... node  #1, CPUs:    #75
[    0.717503] .... node  #0, CPUs:    #76
[    0.722777] .... node  #1, CPUs:    #77
[    0.728410] .... node  #0, CPUs:    #78
[    0.733877] .... node  #1, CPUs:    #79
[    0.739172] .... node  #0, CPUs:    #80
[    0.744833] .... node  #1, CPUs:    #81
[    0.750213] .... node  #0, CPUs:    #82
[    0.755730] .... node  #1, CPUs:    #83
[    0.760820] .... node  #0, CPUs:    #84
[    0.766357] .... node  #1, CPUs:    #85
[    0.771699] .... node  #0, CPUs:    #86
[    0.776966] .... node  #1, CPUs:    #87
[    0.782470] .... node  #0, CPUs:    #88
[    0.787777] .... node  #1, CPUs:    #89
[    0.793191] .... node  #0, CPUs:    #90
[    0.798655] .... node  #1, CPUs:    #91
[    0.804011] .... node  #0, CPUs:    #92
[    0.809256] .... node  #1, CPUs:    #93
[    0.814599] .... node  #0, CPUs:    #94
[    0.820186] .... node  #1, CPUs:    #95
[    0.825757] .... node  #0, CPUs:    #96
[    0.831660] .... node  #1, CPUs:    #97
[    0.837183] .... node  #0, CPUs:    #98
[    0.842528] .... node  #1, CPUs:    #99
[    0.848220] .... node  #0, CPUs:   #100
[    0.853614] .... node  #1, CPUs:   #101
[    0.859116] .... node  #0, CPUs:   #102
[    0.864687] .... node  #1, CPUs:   #103
[    0.870180] .... node  #0, CPUs:   #104
[    0.875752] .... node  #1, CPUs:   #105
[    0.881030] .... node  #0, CPUs:   #106
[    0.886586] .... node  #1, CPUs:   #107
[    0.892256] .... node  #0, CPUs:   #108
[    0.897759] .... node  #1, CPUs:   #109
[    0.903636] .... node  #0, CPUs:   #110
[    0.909135] .... node  #1, CPUs:   #111
[    0.914972] smp: Brought up 2 nodes, 112 CPUs
[    0.914972] smpboot: Max logical packages: 2
[    0.914972] smpboot: Total of 112 processors activated (448087.30 BogoMIPS)
[    0.918966] devtmpfs: initialized
[    0.918966] x86/mm: Memory block size: 2048MB
[    0.918966] ACPI: PM: Registering ACPI NVS region [mem 0x49e77000-0x4ae76fff] (16777216 bytes)
[    0.919724] ACPI: PM: Registering ACPI NVS region [mem 0x6e3ff000-0x6f3fefff] (16777216 bytes)
[    0.920012] clocksource: jiffies: mask: 0xffffffff max_cycles: 0xffffffff, max_idle_ns: 7645041785100000 ns
[    0.920304] futex hash table entries: 32768 (order: 9, 2097152 bytes, vmalloc)
[    0.920557] pinctrl core: initialized pinctrl subsystem
[    0.920708] PM: RTC time: 08:45:21, date: 2024-06-23
[    0.921619] NET: Registered PF_NETLINK/PF_ROUTE protocol family
[    0.922416] DMA: preallocated 4096 KiB GFP_KERNEL pool for atomic allocations
[    0.922927] DMA: preallocated 4096 KiB GFP_KERNEL|GFP_DMA pool for atomic allocations
[    0.923435] DMA: preallocated 4096 KiB GFP_KERNEL|GFP_DMA32 pool for atomic allocations
[    0.923443] audit: initializing netlink subsys (disabled)
[    0.923452] audit: type=2000 audit(1719132320.748:1): state=initialized audit_enabled=0 res=1
[    0.923617] thermal_sys: Registered thermal governor 'fair_share'
[    0.923618] thermal_sys: Registered thermal governor 'bang_bang'
[    0.923619] thermal_sys: Registered thermal governor 'step_wise'
[    0.923620] thermal_sys: Registered thermal governor 'user_space'
[    0.923625] EISA bus registered
[    0.923650] cpuidle: using governor ladder
[    0.923650] cpuidle: using governor menu
[    0.923650] ACPI FADT declares the system doesn't support PCIe ASPM, so disable it
[    0.923650] acpiphp: ACPI Hot Plug PCI Controller Driver version: 0.5
[    0.923734] PCI: MMCONFIG for domain 0000 [bus 00-ff] at [mem 0x80000000-0x8fffffff] (base 0x80000000)
[    0.923740] PCI: MMCONFIG at [mem 0x80000000-0x8fffffff] reserved in E820
[    0.923746] pmd_set_huge: Cannot satisfy [mem 0x80000000-0x80200000] with a huge-page mapping due to MTRR override.
[    0.923947] PCI: Using configuration type 1 for base access
[    0.923957] PCI: Dell System detected, enabling pci=bfsort.
[    0.926099] ENERGY_PERF_BIAS: Set to 'normal', was 'performance'
[    0.928928] kprobes: kprobe jump-optimization is enabled. All kprobes are optimized if possible.
[    0.928933] HugeTLB registered 1.00 GiB page size, pre-allocated 0 pages
[    0.928933] HugeTLB registered 2.00 MiB page size, pre-allocated 0 pages
[    0.931923] fbcon: Taking over console
[    0.931923] ACPI: Added _OSI(Module Device)
[    0.931923] ACPI: Added _OSI(Processor Device)
[    0.931923] ACPI: Added _OSI(3.0 _SCP Extensions)
[    0.931923] ACPI: Added _OSI(Processor Aggregator Device)
[    0.931923] ACPI: Added _OSI(Linux-Dell-Video)
[    0.931923] ACPI: Added _OSI(Linux-Lenovo-NV-HDMI-Audio)
[    0.931923] ACPI: Added _OSI(Linux-HPI-Hybrid-Graphics)
[    1.103241] ACPI: 8 ACPI AML tables successfully acquired and loaded
[    1.109514] ACPI: [Firmware Bug]: BIOS _OSI(Linux) query ignored
[    1.115608] ACPI: Dynamic OEM Table Load:
[    1.530303] ACPI: Interpreter enabled
[    1.530325] ACPI: PM: (supports S0 S5)
[    1.530326] ACPI: Using IOAPIC for interrupt routing
[    1.530413] HEST: Table parsing has been initialized.
[    1.530595] GHES: APEI firmware first mode is enabled by APEI bit and WHEA _OSC.
[    1.530598] PCI: Using host bridge windows from ACPI; if necessary, use "pci=nocrs" and report a bug
[    1.560449] ACPI: Enabled 4 GPEs in block 00 to 7F
[    1.688573] ACPI: PCI Root Bridge [PC00] (domain 0000 [bus 00-15])
[    1.688579] acpi PNP0A08:00: _OSC: OS supports [ExtendedConfig ASPM ClockPM Segments MSI HPX-Type3]
[    1.757340] acpi PNP0A08:00: _OSC: platform does not support [SHPCHotplug AER LTR]
[    1.757570] acpi PNP0A08:00: _OSC: OS now controls [PCIeHotplug PME PCIeCapability]
[    1.757572] acpi PNP0A08:00: FADT indicates ASPM is unsupported, using BIOS configuration
[    1.759480] PCI host bridge to bus 0000:00
[    1.759482] pci_bus 0000:00: root bus resource [io  0x0000-0x0cf7 window]
[    1.759484] pci_bus 0000:00: root bus resource [io  0x1000-0x4fff window]
[    1.759486] pci_bus 0000:00: root bus resource [mem 0x000a0000-0x000bffff window]
[    1.759488] pci_bus 0000:00: root bus resource [mem 0x000c8000-0x000cffff window]
[    1.759489] pci_bus 0000:00: root bus resource [mem 0xfe010000-0xfe010fff window]
[    1.759490] pci_bus 0000:00: root bus resource [mem 0x90000000-0x9b7fffff window]
[    1.759492] pci_bus 0000:00: root bus resource [mem 0x200000000000-0x20ffffffffff window]
[    1.759493] pci_bus 0000:00: root bus resource [bus 00-15]
[    1.759507] pci 0000:00:00.0: [8086:09a2] type 00 class 0x088000
[    1.759609] pci 0000:00:00.1: [8086:09a4] type 00 class 0x088000
[    1.759678] pci 0000:00:00.2: [8086:09a3] type 00 class 0x088000
[    1.759745] pci 0000:00:00.4: [8086:0998] type 00 class 0x060000
[    1.759816] pci 0000:00:02.0: [8086:09a6] type 00 class 0x088000
[    1.759824] pci 0000:00:02.0: reg 0x10: [mem 0x92dfc000-0x92dfdfff]
[    1.759901] pci 0000:00:02.1: [8086:09a7] type 00 class 0x088000
[    1.759909] pci 0000:00:02.1: reg 0x10: [mem 0x92d00000-0x92d7ffff]
[    1.759915] pci 0000:00:02.1: reg 0x14: [mem 0x92c80000-0x92cfffff]
[    1.759991] pci 0000:00:02.4: [8086:3456] type 00 class 0x130000
[    1.760001] pci 0000:00:02.4: reg 0x10: [mem 0x92a00000-0x92afffff 64bit]
[    1.760008] pci 0000:00:02.4: reg 0x18: [mem 0x92df0000-0x92df3fff 64bit]
[    1.760014] pci 0000:00:02.4: reg 0x20: [mem 0x92dc0000-0x92ddffff 64bit]
[    1.760095] pci 0000:00:11.0: [8086:a1ec] type 00 class 0xff0000
[    1.760097] pci 0000:00:11.0: device has non-compliant BARs; disabling IO/MEM decoding
[    1.760188] pci 0000:00:11.5: [8086:a1d2] type 00 class 0x010601
[    1.760201] pci 0000:00:11.5: reg 0x10: [mem 0x92dfa000-0x92dfbfff]
[    1.760208] pci 0000:00:11.5: reg 0x14: [mem 0x92e05000-0x92e050ff]
[    1.760216] pci 0000:00:11.5: reg 0x18: [io  0x2068-0x206f]
[    1.760223] pci 0000:00:11.5: reg 0x1c: [io  0x2074-0x2077]
[    1.760231] pci 0000:00:11.5: reg 0x20: [io  0x2040-0x205f]
[    1.760238] pci 0000:00:11.5: reg 0x24: [mem 0x92b80000-0x92bfffff]
[    1.760275] pci 0000:00:11.5: PME# supported from D3hot
[    1.760493] pci 0000:00:14.0: [8086:a1af] type 00 class 0x0c0330
[    1.760511] pci 0000:00:14.0: reg 0x10: [mem 0x92de0000-0x92deffff 64bit]
[    1.760575] pci 0000:00:14.0: PME# supported from D3hot D3cold
[    1.760809] pci 0000:00:14.2: [8086:a1b1] type 00 class 0x118000
[    1.760827] pci 0000:00:14.2: reg 0x10: [mem 0x92e02000-0x92e02fff 64bit]
[    1.760951] pci 0000:00:16.0: [8086:a1ba] type 00 class 0x078000
[    1.760974] pci 0000:00:16.0: reg 0x10: [mem 0x92e01000-0x92e01fff 64bit]
[    1.761059] pci 0000:00:16.0: PME# supported from D3hot
[    1.761122] pci 0000:00:16.1: [8086:a1bb] type 00 class 0x078000
[    1.761145] pci 0000:00:16.1: reg 0x10: [mem 0x92e00000-0x92e00fff 64bit]
[    1.761230] pci 0000:00:16.1: PME# supported from D3hot
[    1.761297] pci 0000:00:16.4: [8086:a1be] type 00 class 0x078000
[    1.761320] pci 0000:00:16.4: reg 0x10: [mem 0x92dff000-0x92dfffff 64bit]
[    1.761404] pci 0000:00:16.4: PME# supported from D3hot
[    1.761475] pci 0000:00:17.0: [8086:a182] type 00 class 0x010601
[    1.761488] pci 0000:00:17.0: reg 0x10: [mem 0x92df8000-0x92df9fff]
[    1.761495] pci 0000:00:17.0: reg 0x14: [mem 0x92e04000-0x92e040ff]
[    1.761503] pci 0000:00:17.0: reg 0x18: [io  0x2060-0x2067]
[    1.761510] pci 0000:00:17.0: reg 0x1c: [io  0x2070-0x2073]
[    1.761517] pci 0000:00:17.0: reg 0x20: [io  0x2020-0x203f]
[    1.761524] pci 0000:00:17.0: reg 0x24: [mem 0x92b00000-0x92b7ffff]
[    1.761562] pci 0000:00:17.0: PME# supported from D3hot
[    1.761772] pci 0000:00:1c.0: [8086:a190] type 01 class 0x060400
[    1.761847] pci 0000:00:1c.0: PME# supported from D0 D3hot D3cold
[    1.762513] pci 0000:00:1c.4: [8086:a194] type 01 class 0x060400
[    1.762582] pci 0000:00:1c.4: PME# supported from D0 D3hot D3cold
[    1.763226] pci 0000:00:1c.5: [8086:a195] type 01 class 0x060400
[    1.763297] pci 0000:00:1c.5: PME# supported from D0 D3hot D3cold
[    1.764017] pci 0000:00:1f.0: [8086:a1cb] type 00 class 0x060100
[    1.764323] pci 0000:00:1f.2: [8086:a1a1] type 00 class 0x058000
[    1.764338] pci 0000:00:1f.2: reg 0x10: [mem 0x92df4000-0x92df7fff]
[    1.764585] pci 0000:00:1f.4: [8086:a1a3] type 00 class 0x0c0500
[    1.764605] pci 0000:00:1f.4: reg 0x10: [mem 0x92dfe000-0x92dfe0ff 64bit]
[    1.764628] pci 0000:00:1f.4: reg 0x20: [io  0x2000-0x201f]
[    1.764695] pci 0000:00:1f.5: [8086:a1a4] type 00 class 0x0c8000
[    1.764710] pci 0000:00:1f.5: reg 0x10: [mem 0xfe010000-0xfe010fff]
[    1.764845] pci 0000:00:1c.0: PCI bridge to [bus 01]
[    1.764896] pci 0000:02:00.0: [1556:be00] type 01 class 0x060400
[    1.765066] pci 0000:00:1c.4: PCI bridge to [bus 02-03]
[    1.765071] pci 0000:00:1c.4:   bridge window [mem 0x92000000-0x928fffff]
[    1.765075] pci 0000:00:1c.4:   bridge window [mem 0x91000000-0x91ffffff 64bit pref]
[    1.765107] pci_bus 0000:03: extended config space not accessible
[    1.765124] pci 0000:03:00.0: [102b:0536] type 00 class 0x030000
[    1.765144] pci 0000:03:00.0: reg 0x10: [mem 0x91000000-0x91ffffff pref]
[    1.765155] pci 0000:03:00.0: reg 0x14: [mem 0x92808000-0x9280bfff]
[    1.765166] pci 0000:03:00.0: reg 0x18: [mem 0x92000000-0x927fffff]
[    1.765214] pci 0000:03:00.0: BAR 0: assigned to efifb
[    1.765222] pci 0000:03:00.0: Video device with shadowed ROM at [mem 0x000c0000-0x000dffff]
[    1.765324] pci 0000:02:00.0: PCI bridge to [bus 03]
[    1.765332] pci 0000:02:00.0:   bridge window [mem 0x92000000-0x928fffff]
[    1.765338] pci 0000:02:00.0:   bridge window [mem 0x91000000-0x91ffffff 64bit pref]
[    1.765408] pci 0000:04:00.0: [14e4:165f] type 00 class 0x020000
[    1.765432] pci 0000:04:00.0: reg 0x10: [mem 0x92930000-0x9293ffff 64bit pref]
[    1.765448] pci 0000:04:00.0: reg 0x18: [mem 0x92940000-0x9294ffff 64bit pref]
[    1.765463] pci 0000:04:00.0: reg 0x20: [mem 0x92950000-0x9295ffff 64bit pref]
[    1.765474] pci 0000:04:00.0: reg 0x30: [mem 0xfffc0000-0xffffffff pref]
[    1.765569] pci 0000:04:00.0: PME# supported from D0 D3hot D3cold
[    1.765622] pci 0000:04:00.0: 4.000 Gb/s available PCIe bandwidth, limited by 5.0 GT/s PCIe x1 link at 0000:00:1c.5 (capable of 8.000 Gb/s with 5.0 GT/s PCIe x2 link)
[    1.766184] pci 0000:04:00.1: [14e4:165f] type 00 class 0x020000
[    1.766208] pci 0000:04:00.1: reg 0x10: [mem 0x92900000-0x9290ffff 64bit pref]
[    1.766224] pci 0000:04:00.1: reg 0x18: [mem 0x92910000-0x9291ffff 64bit pref]
[    1.766240] pci 0000:04:00.1: reg 0x20: [mem 0x92920000-0x9292ffff 64bit pref]
[    1.766250] pci 0000:04:00.1: reg 0x30: [mem 0xfffc0000-0xffffffff pref]
[    1.766345] pci 0000:04:00.1: PME# supported from D0 D3hot D3cold
[    1.766922] pci 0000:00:1c.5: PCI bridge to [bus 04]
[    1.766930] pci 0000:00:1c.5:   bridge window [mem 0x92900000-0x929fffff 64bit pref]
[    1.766944] pci_bus 0000:00: on NUMA node 0
[    1.767540] ACPI: PCI Root Bridge [PC01] (domain 0000 [bus 16-2f])
[    1.767544] acpi PNP0A08:01: _OSC: OS supports [ExtendedConfig ASPM ClockPM Segments MSI HPX-Type3]
[    1.782353] acpi PNP0A08:01: _OSC: platform does not support [SHPCHotplug AER]
[    1.782571] acpi PNP0A08:01: _OSC: OS now controls [PCIeHotplug PME PCIeCapability LTR]
[    1.782572] acpi PNP0A08:01: FADT indicates ASPM is unsupported, using BIOS configuration
[    1.782705] PCI host bridge to bus 0000:16
[    1.782706] pci_bus 0000:16: root bus resource [io  0x5000-0x6fff window]
[    1.782708] pci_bus 0000:16: root bus resource [mem 0x9b800000-0xa63fffff window]
[    1.782709] pci_bus 0000:16: root bus resource [mem 0x210000000000-0x21ffffffffff window]
[    1.782710] pci_bus 0000:16: root bus resource [bus 16-2f]
[    1.782720] pci 0000:16:00.0: [8086:09a2] type 00 class 0x088000
[    1.782790] pci 0000:16:00.1: [8086:09a4] type 00 class 0x088000
[    1.782853] pci 0000:16:00.2: [8086:09a3] type 00 class 0x088000
[    1.782916] pci 0000:16:00.4: [8086:0998] type 00 class 0x060000
[    1.782988] pci 0000:16:02.0: [8086:347a] type 01 class 0x060400
[    1.782997] pci 0000:16:02.0: reg 0x10: [mem 0x21fffff00000-0x21fffff1ffff 64bit]
[    1.783035] pci 0000:16:02.0: PME# supported from D0 D3hot D3cold
[    1.783988] pci 0000:17:00.0: [1000:10e2] type 00 class 0x010400
[    1.784001] pci 0000:17:00.0: reg 0x10: [mem 0x9b800000-0x9b8fffff 64bit pref]
[    1.784010] pci 0000:17:00.0: reg 0x18: [mem 0x9b900000-0x9b9fffff 64bit pref]
[    1.784015] pci 0000:17:00.0: reg 0x20: [mem 0x9ba00000-0x9bafffff]
[    1.784021] pci 0000:17:00.0: reg 0x24: [io  0x5000-0x50ff]
[    1.784027] pci 0000:17:00.0: reg 0x30: [mem 0xfff00000-0xffffffff pref]
[    1.785147] pci 0000:17:00.0: supports D1 D2
[    1.785215] pci 0000:16:02.0: PCI bridge to [bus 17]
[    1.785217] pci 0000:16:02.0:   bridge window [io  0x5000-0x5fff]
[    1.785219] pci 0000:16:02.0:   bridge window [mem 0x9ba00000-0x9bafffff]
[    1.785222] pci 0000:16:02.0:   bridge window [mem 0x9b800000-0x9b9fffff 64bit pref]
[    1.785228] pci_bus 0000:16: on NUMA node 0
[    1.785307] ACPI: PCI Root Bridge [PC02] (domain 0000 [bus 30-49])
[    1.785310] acpi PNP0A08:02: _OSC: OS supports [ExtendedConfig ASPM ClockPM Segments MSI HPX-Type3]
[    1.799813] acpi PNP0A08:02: _OSC: platform does not support [SHPCHotplug AER]
[    1.800029] acpi PNP0A08:02: _OSC: OS now controls [PCIeHotplug PME PCIeCapability LTR]
[    1.800031] acpi PNP0A08:02: FADT indicates ASPM is unsupported, using BIOS configuration
[    1.800153] PCI host bridge to bus 0000:30
[    1.800155] pci_bus 0000:30: root bus resource [io  0x7000-0x8fff window]
[    1.800156] pci_bus 0000:30: root bus resource [mem 0xa6400000-0xb0ffffff window]
[    1.800158] pci_bus 0000:30: root bus resource [mem 0x220000000000-0x22ffffffffff window]
[    1.800159] pci_bus 0000:30: root bus resource [bus 30-49]
[    1.800169] pci 0000:30:00.0: [8086:09a2] type 00 class 0x088000
[    1.800237] pci 0000:30:00.1: [8086:09a4] type 00 class 0x088000
[    1.800299] pci 0000:30:00.2: [8086:09a3] type 00 class 0x088000
[    1.800361] pci 0000:30:00.4: [8086:0998] type 00 class 0x060000
[    1.800431] pci_bus 0000:30: on NUMA node 0
[    1.800535] ACPI: PCI Root Bridge [PC04] (domain 0000 [bus 4a-63])
[    1.800538] acpi PNP0A08:04: _OSC: OS supports [ExtendedConfig ASPM ClockPM Segments MSI HPX-Type3]
[    1.814971] acpi PNP0A08:04: _OSC: platform does not support [SHPCHotplug AER]
[    1.815183] acpi PNP0A08:04: _OSC: OS now controls [PCIeHotplug PME PCIeCapability LTR]
[    1.815185] acpi PNP0A08:04: FADT indicates ASPM is unsupported, using BIOS configuration
[    1.815307] PCI host bridge to bus 0000:4a
[    1.815308] pci_bus 0000:4a: root bus resource [io  0x9000-0x9fff window]
[    1.815310] pci_bus 0000:4a: root bus resource [mem 0xb1000000-0xbbbfffff window]
[    1.815311] pci_bus 0000:4a: root bus resource [mem 0x230000000000-0x23ffffffffff window]
[    1.815312] pci_bus 0000:4a: root bus resource [bus 4a-63]
[    1.815322] pci 0000:4a:00.0: [8086:09a2] type 00 class 0x088000
[    1.815385] pci 0000:4a:00.1: [8086:09a4] type 00 class 0x088000
[    1.815451] pci 0000:4a:00.2: [8086:09a3] type 00 class 0x088000
[    1.815512] pci 0000:4a:00.4: [8086:0998] type 00 class 0x060000
[    1.815580] pci_bus 0000:4a: on NUMA node 0
[    1.815660] ACPI: PCI Root Bridge [PC05] (domain 0000 [bus 64-7d])
[    1.815663] acpi PNP0A08:05: _OSC: OS supports [ExtendedConfig ASPM ClockPM Segments MSI HPX-Type3]
[    1.830077] acpi PNP0A08:05: _OSC: platform does not support [SHPCHotplug AER]
[    1.830290] acpi PNP0A08:05: _OSC: OS now controls [PCIeHotplug PME PCIeCapability LTR]
[    1.830291] acpi PNP0A08:05: FADT indicates ASPM is unsupported, using BIOS configuration
[    1.830409] PCI host bridge to bus 0000:64
[    1.830410] pci_bus 0000:64: root bus resource [io  0xa000-0xafff window]
[    1.830412] pci_bus 0000:64: root bus resource [mem 0xbbc00000-0xc5ffffff window]
[    1.830413] pci_bus 0000:64: root bus resource [mem 0x240000000000-0x24ffffffffff window]
[    1.830414] pci_bus 0000:64: root bus resource [bus 64-7d]
[    1.830423] pci 0000:64:00.0: [8086:09a2] type 00 class 0x088000
[    1.830487] pci 0000:64:00.1: [8086:09a4] type 00 class 0x088000
[    1.830548] pci 0000:64:00.2: [8086:09a3] type 00 class 0x088000
[    1.830610] pci 0000:64:00.4: [8086:0998] type 00 class 0x060000
[    1.830679] pci_bus 0000:64: on NUMA node 0
[    1.830745] ACPI: PCI Root Bridge [UC06] (domain 0000 [bus 7e])
[    1.830748] acpi PNP0A03:00: _OSC: OS supports [ExtendedConfig ASPM ClockPM Segments MSI HPX-Type3]
[    1.830846] acpi PNP0A03:00: _OSC: platform does not support [SHPCHotplug AER LTR]
[    1.831025] acpi PNP0A03:00: _OSC: OS now controls [PCIeHotplug PME PCIeCapability]
[    1.831026] acpi PNP0A03:00: FADT indicates ASPM is unsupported, using BIOS configuration
[    1.831163] PCI host bridge to bus 0000:7e
[    1.831164] pci_bus 0000:7e: root bus resource [bus 7e]
[    1.831172] pci 0000:7e:00.0: [8086:3450] type 00 class 0x088000
[    1.831246] pci 0000:7e:00.1: [8086:3451] type 00 class 0x088000
[    1.831305] pci 0000:7e:00.2: [8086:3452] type 00 class 0x088000
[    1.831375] pci 0000:7e:00.3: [8086:0998] type 00 class 0x060000
[    1.831430] pci 0000:7e:00.5: [8086:3455] type 00 class 0x088000
[    1.831491] pci 0000:7e:02.0: [8086:3440] type 00 class 0x088000
[    1.831620] pci 0000:7e:02.1: [8086:3441] type 00 class 0x088000
[    1.831725] pci 0000:7e:02.2: [8086:3442] type 00 class 0x088000
[    1.831836] pci 0000:7e:03.0: [8086:3440] type 00 class 0x088000
[    1.831928] pci 0000:7e:03.1: [8086:3441] type 00 class 0x088000
[    1.832006] pci 0000:7e:03.2: [8086:3442] type 00 class 0x088000
[    1.832087] pci 0000:7e:04.0: [8086:3440] type 00 class 0x088000
[    1.832209] pci 0000:7e:04.1: [8086:3441] type 00 class 0x088000
[    1.832324] pci 0000:7e:04.2: [8086:3442] type 00 class 0x088000
[    1.832440] pci 0000:7e:04.3: [8086:3443] type 00 class 0x088000
[    1.832557] pci 0000:7e:05.0: [8086:3445] type 00 class 0x088000
[    1.832683] pci 0000:7e:05.1: [8086:3446] type 00 class 0x088000
[    1.832793] pci 0000:7e:05.2: [8086:3447] type 00 class 0x088000
[    1.832908] pci 0000:7e:06.0: [8086:3445] type 00 class 0x088000
[    1.833002] pci 0000:7e:06.1: [8086:3446] type 00 class 0x088000
[    1.833079] pci 0000:7e:06.2: [8086:3447] type 00 class 0x088000
[    1.833163] pci 0000:7e:07.0: [8086:3445] type 00 class 0x088000
[    1.833297] pci 0000:7e:07.1: [8086:3446] type 00 class 0x088000
[    1.833415] pci 0000:7e:07.2: [8086:3447] type 00 class 0x088000
[    1.833531] pci 0000:7e:0b.0: [8086:3448] type 00 class 0x088000
[    1.833608] pci 0000:7e:0b.1: [8086:3448] type 00 class 0x088000
[    1.833675] pci 0000:7e:0b.2: [8086:344b] type 00 class 0x088000
[    1.833743] pci 0000:7e:0c.0: [8086:344a] type 00 class 0x110100
[    1.833845] pci 0000:7e:0d.0: [8086:344a] type 00 class 0x110100
[    1.833944] pci 0000:7e:0e.0: [8086:344a] type 00 class 0x110100
[    1.834088] pci 0000:7e:0f.0: [8086:344a] type 00 class 0x110100
[    1.834242] pci 0000:7e:1a.0: [8086:2880] type 00 class 0x110100
[    1.834341] pci 0000:7e:1b.0: [8086:2880] type 00 class 0x110100
[    1.834439] pci 0000:7e:1c.0: [8086:2880] type 00 class 0x110100
[    1.834595] pci 0000:7e:1d.0: [8086:2880] type 00 class 0x110100
[    1.834741] pci_bus 0000:7e: on NUMA node 0
[    1.834823] ACPI: PCI Root Bridge [UC07] (domain 0000 [bus 7f])
[    1.834826] acpi PNP0A03:01: _OSC: OS supports [ExtendedConfig ASPM ClockPM Segments MSI HPX-Type3]
[    1.834924] acpi PNP0A03:01: _OSC: platform does not support [SHPCHotplug AER LTR]
[    1.835105] acpi PNP0A03:01: _OSC: OS now controls [PCIeHotplug PME PCIeCapability]
[    1.835106] acpi PNP0A03:01: FADT indicates ASPM is unsupported, using BIOS configuration
[    1.835252] PCI host bridge to bus 0000:7f
[    1.835253] pci_bus 0000:7f: root bus resource [bus 7f]
[    1.835267] pci 0000:7f:00.0: [8086:344c] type 00 class 0x088000
[    1.835381] pci 0000:7f:00.1: [8086:344c] type 00 class 0x088000
[    1.835491] pci 0000:7f:00.2: [8086:344c] type 00 class 0x088000
[    1.835602] pci 0000:7f:00.3: [8086:344c] type 00 class 0x088000
[    1.835690] pci 0000:7f:00.4: [8086:344c] type 00 class 0x088000
[    1.835810] pci 0000:7f:00.5: [8086:344c] type 00 class 0x088000
[    1.835928] pci 0000:7f:00.6: [8086:344c] type 00 class 0x088000
[    1.836011] pci 0000:7f:00.7: [8086:344c] type 00 class 0x088000
[    1.836093] pci 0000:7f:01.0: [8086:344c] type 00 class 0x088000
[    1.836234] pci 0000:7f:01.1: [8086:344c] type 00 class 0x088000
[    1.836353] pci 0000:7f:01.2: [8086:344c] type 00 class 0x088000
[    1.836432] pci 0000:7f:01.3: [8086:344c] type 00 class 0x088000
[    1.836563] pci 0000:7f:01.4: [8086:344c] type 00 class 0x088000
[    1.836694] pci 0000:7f:01.5: [8086:344c] type 00 class 0x088000
[    1.836829] pci 0000:7f:01.6: [8086:344c] type 00 class 0x088000
[    1.836954] pci 0000:7f:01.7: [8086:344c] type 00 class 0x088000
[    1.837082] pci 0000:7f:02.0: [8086:344c] type 00 class 0x088000
[    1.837225] pci 0000:7f:02.1: [8086:344c] type 00 class 0x088000
[    1.837356] pci 0000:7f:02.2: [8086:344c] type 00 class 0x088000
[    1.837487] pci 0000:7f:02.3: [8086:344c] type 00 class 0x088000
[    1.837624] pci 0000:7f:02.4: [8086:344c] type 00 class 0x088000
[    1.837760] pci 0000:7f:02.5: [8086:344c] type 00 class 0x088000
[    1.837897] pci 0000:7f:02.6: [8086:344c] type 00 class 0x088000
[    1.838049] pci 0000:7f:02.7: [8086:344c] type 00 class 0x088000
[    1.838198] pci 0000:7f:03.0: [8086:344c] type 00 class 0x088000
[    1.838357] pci 0000:7f:03.1: [8086:344c] type 00 class 0x088000
[    1.838508] pci 0000:7f:03.2: [8086:344c] type 00 class 0x088000
[    1.838657] pci 0000:7f:03.3: [8086:344c] type 00 class 0x088000
[    1.838816] pci 0000:7f:0a.0: [8086:344d] type 00 class 0x088000
[    1.838928] pci 0000:7f:0a.1: [8086:344d] type 00 class 0x088000
[    1.839038] pci 0000:7f:0a.2: [8086:344d] type 00 class 0x088000
[    1.839154] pci 0000:7f:0a.3: [8086:344d] type 00 class 0x088000
[    1.839243] pci 0000:7f:0a.4: [8086:344d] type 00 class 0x088000
[    1.839370] pci 0000:7f:0a.5: [8086:344d] type 00 class 0x088000
[    1.839485] pci 0000:7f:0a.6: [8086:344d] type 00 class 0x088000
[    1.839563] pci 0000:7f:0a.7: [8086:344d] type 00 class 0x088000
[    1.839644] pci 0000:7f:0b.0: [8086:344d] type 00 class 0x088000
[    1.839786] pci 0000:7f:0b.1: [8086:344d] type 00 class 0x088000
[    1.839906] pci 0000:7f:0b.2: [8086:344d] type 00 class 0x088000
[    1.839990] pci 0000:7f:0b.3: [8086:344d] type 00 class 0x088000
[    1.840121] pci 0000:7f:0b.4: [8086:344d] type 00 class 0x088000
[    1.840253] pci 0000:7f:0b.5: [8086:344d] type 00 class 0x088000
[    1.840389] pci 0000:7f:0b.6: [8086:344d] type 00 class 0x088000
[    1.840508] pci 0000:7f:0b.7: [8086:344d] type 00 class 0x088000
[    1.840636] pci 0000:7f:0c.0: [8086:344d] type 00 class 0x088000
[    1.840780] pci 0000:7f:0c.1: [8086:344d] type 00 class 0x088000
[    1.840911] pci 0000:7f:0c.2: [8086:344d] type 00 class 0x088000
[    1.841046] pci 0000:7f:0c.3: [8086:344d] type 00 class 0x088000
[    1.841184] pci 0000:7f:0c.4: [8086:344d] type 00 class 0x088000
[    1.841320] pci 0000:7f:0c.5: [8086:344d] type 00 class 0x088000
[    1.841457] pci 0000:7f:0c.6: [8086:344d] type 00 class 0x088000
[    1.841603] pci 0000:7f:0c.7: [8086:344d] type 00 class 0x088000
[    1.841749] pci 0000:7f:0d.0: [8086:344d] type 00 class 0x088000
[    1.841912] pci 0000:7f:0d.1: [8086:344d] type 00 class 0x088000
[    1.842063] pci 0000:7f:0d.2: [8086:344d] type 00 class 0x088000
[    1.842217] pci 0000:7f:0d.3: [8086:344d] type 00 class 0x088000
[    1.842386] pci 0000:7f:1d.0: [8086:344f] type 00 class 0x088000
[    1.842507] pci 0000:7f:1d.1: [8086:3457] type 00 class 0x088000
[    1.842612] pci 0000:7f:1e.0: [8086:3458] type 00 class 0x088000
[    1.842692] pci 0000:7f:1e.1: [8086:3459] type 00 class 0x088000
[    1.842754] pci 0000:7f:1e.2: [8086:345a] type 00 class 0x088000
[    1.842817] pci 0000:7f:1e.3: [8086:345b] type 00 class 0x088000
[    1.842878] pci 0000:7f:1e.4: [8086:345c] type 00 class 0x088000
[    1.842945] pci 0000:7f:1e.5: [8086:345d] type 00 class 0x088000
[    1.843005] pci 0000:7f:1e.6: [8086:345e] type 00 class 0x088000
[    1.843066] pci 0000:7f:1e.7: [8086:345f] type 00 class 0x088000
[    1.843124] pci_bus 0000:7f: on NUMA node 0
[    1.843229] ACPI: PCI Root Bridge [PC06] (domain 0000 [bus 80])
[    1.843232] acpi PNP0A08:06: _OSC: OS supports [ExtendedConfig ASPM ClockPM Segments MSI HPX-Type3]
[    1.857657] acpi PNP0A08:06: _OSC: platform does not support [SHPCHotplug AER]
[    1.857870] acpi PNP0A08:06: _OSC: OS now controls [PCIeHotplug PME PCIeCapability LTR]
[    1.857871] acpi PNP0A08:06: FADT indicates ASPM is unsupported, using BIOS configuration
[    1.858018] PCI host bridge to bus 0000:80
[    1.858020] pci_bus 0000:80: root bus resource [io  0xb000-0xbfff window]
[    1.858021] pci_bus 0000:80: root bus resource [mem 0xc6800000-0xd0ffffff window]
[    1.858023] pci_bus 0000:80: root bus resource [mem 0x250000000000-0x25ffffffffff window]
[    1.858024] pci_bus 0000:80: root bus resource [bus 80]
[    1.858035] pci 0000:80:00.0: [8086:09a2] type 00 class 0x088000
[    1.858121] pci 0000:80:00.1: [8086:09a4] type 00 class 0x088000
[    1.858190] pci 0000:80:00.2: [8086:09a3] type 00 class 0x088000
[    1.858260] pci 0000:80:00.4: [8086:0998] type 00 class 0x060000
[    1.858330] pci 0000:80:02.0: [8086:09a6] type 00 class 0x088000
[    1.858339] pci 0000:80:02.0: reg 0x10: [mem 0xc6aa4000-0xc6aa5fff]
[    1.858401] pci 0000:80:02.1: [8086:09a7] type 00 class 0x088000
[    1.858410] pci 0000:80:02.1: reg 0x10: [mem 0xc6a00000-0xc6a7ffff]
[    1.858416] pci 0000:80:02.1: reg 0x14: [mem 0xc6980000-0xc69fffff]
[    1.858471] pci 0000:80:02.4: [8086:3456] type 00 class 0x130000
[    1.858482] pci 0000:80:02.4: reg 0x10: [mem 0xc6800000-0xc68fffff 64bit]
[    1.858489] pci 0000:80:02.4: reg 0x18: [mem 0xc6aa0000-0xc6aa3fff 64bit]
[    1.858496] pci 0000:80:02.4: reg 0x20: [mem 0xc6a80000-0xc6a9ffff 64bit]
[    1.858562] pci_bus 0000:80: on NUMA node 1
[    1.858641] ACPI: PCI Root Bridge [PC07] (domain 0000 [bus 81])
[    1.858643] acpi PNP0A08:07: _OSC: OS supports [ExtendedConfig ASPM ClockPM Segments MSI HPX-Type3]
[    1.873103] acpi PNP0A08:07: _OSC: platform does not support [SHPCHotplug AER]
[    1.873315] acpi PNP0A08:07: _OSC: OS now controls [PCIeHotplug PME PCIeCapability LTR]
[    1.873316] acpi PNP0A08:07: FADT indicates ASPM is unsupported, using BIOS configuration
[    1.873436] PCI host bridge to bus 0000:81
[    1.873437] pci_bus 0000:81: root bus resource [io  0xc000-0xcfff window]
[    1.873439] pci_bus 0000:81: root bus resource [mem 0xd1000000-0xdbbfffff window]
[    1.873440] pci_bus 0000:81: root bus resource [mem 0x260000000000-0x26ffffffffff window]
[    1.873441] pci_bus 0000:81: root bus resource [bus 81]
[    1.873451] pci 0000:81:00.0: [8086:09a2] type 00 class 0x088000
[    1.873519] pci 0000:81:00.1: [8086:09a4] type 00 class 0x088000
[    1.873586] pci 0000:81:00.2: [8086:09a3] type 00 class 0x088000
[    1.873654] pci 0000:81:00.4: [8086:0998] type 00 class 0x060000
[    1.873732] pci_bus 0000:81: on NUMA node 1
[    1.873804] ACPI: PCI Root Bridge [PC08] (domain 0000 [bus 82])
[    1.873807] acpi PNP0A08:08: _OSC: OS supports [ExtendedConfig ASPM ClockPM Segments MSI HPX-Type3]
[    1.888246] acpi PNP0A08:08: _OSC: platform does not support [SHPCHotplug AER]
[    1.888457] acpi PNP0A08:08: _OSC: OS now controls [PCIeHotplug PME PCIeCapability LTR]
[    1.888459] acpi PNP0A08:08: FADT indicates ASPM is unsupported, using BIOS configuration
[    1.888576] PCI host bridge to bus 0000:82
[    1.888578] pci_bus 0000:82: root bus resource [io  0xd000-0xdfff window]
[    1.888579] pci_bus 0000:82: root bus resource [mem 0xdbc00000-0xe67fffff window]
[    1.888580] pci_bus 0000:82: root bus resource [mem 0x270000000000-0x27ffffffffff window]
[    1.888582] pci_bus 0000:82: root bus resource [bus 82]
[    1.888592] pci 0000:82:00.0: [8086:09a2] type 00 class 0x088000
[    1.888660] pci 0000:82:00.1: [8086:09a4] type 00 class 0x088000
[    1.888732] pci 0000:82:00.2: [8086:09a3] type 00 class 0x088000
[    1.888800] pci 0000:82:00.4: [8086:0998] type 00 class 0x060000
[    1.888877] pci_bus 0000:82: on NUMA node 1
[    1.888980] ACPI: PCI Root Bridge [PC10] (domain 0000 [bus 83-f9])
[    1.888982] acpi PNP0A08:0a: _OSC: OS supports [ExtendedConfig ASPM ClockPM Segments MSI HPX-Type3]
[    1.903422] acpi PNP0A08:0a: _OSC: platform does not support [SHPCHotplug AER]
[    1.903634] acpi PNP0A08:0a: _OSC: OS now controls [PCIeHotplug PME PCIeCapability LTR]
[    1.903635] acpi PNP0A08:0a: FADT indicates ASPM is unsupported, using BIOS configuration
[    1.903762] PCI host bridge to bus 0000:83
[    1.903763] pci_bus 0000:83: root bus resource [io  0xe000-0xefff window]
[    1.903764] pci_bus 0000:83: root bus resource [mem 0xe6800000-0xf13fffff window]
[    1.903766] pci_bus 0000:83: root bus resource [mem 0x280000000000-0x28ffffffffff window]
[    1.903767] pci_bus 0000:83: root bus resource [bus 83-f9]
[    1.903777] pci 0000:83:00.0: [8086:09a2] type 00 class 0x088000
[    1.903850] pci 0000:83:00.1: [8086:09a4] type 00 class 0x088000
[    1.903917] pci 0000:83:00.2: [8086:09a3] type 00 class 0x088000
[    1.903986] pci 0000:83:00.4: [8086:0998] type 00 class 0x060000
[    1.904064] pci_bus 0000:83: on NUMA node 1
[    1.904138] ACPI: PCI Root Bridge [PC11] (domain 0000 [bus fa])
[    1.904141] acpi PNP0A08:0b: _OSC: OS supports [ExtendedConfig ASPM ClockPM Segments MSI HPX-Type3]
[    1.918600] acpi PNP0A08:0b: _OSC: platform does not support [SHPCHotplug AER]
[    1.918812] acpi PNP0A08:0b: _OSC: OS now controls [PCIeHotplug PME PCIeCapability LTR]
[    1.918813] acpi PNP0A08:0b: FADT indicates ASPM is unsupported, using BIOS configuration
[    1.918930] PCI host bridge to bus 0000:fa
[    1.918931] pci_bus 0000:fa: root bus resource [io  0xf000-0xffff window]
[    1.918933] pci_bus 0000:fa: root bus resource [mem 0xf1400000-0xfb7fffff window]
[    1.918934] pci_bus 0000:fa: root bus resource [mem 0x290000000000-0x29ffffffffff window]
[    1.918935] pci_bus 0000:fa: root bus resource [bus fa]
[    1.918945] pci 0000:fa:00.0: [8086:09a2] type 00 class 0x088000
[    1.919015] pci 0000:fa:00.1: [8086:09a4] type 00 class 0x088000
[    1.919087] pci 0000:fa:00.2: [8086:09a3] type 00 class 0x088000
[    1.919157] pci 0000:fa:00.4: [8086:0998] type 00 class 0x060000
[    1.919236] pci_bus 0000:fa: on NUMA node 1
[    1.919302] ACPI: PCI Root Bridge [UC16] (domain 0000 [bus fe])
[    1.919305] acpi PNP0A03:02: _OSC: OS supports [ExtendedConfig ASPM ClockPM Segments MSI HPX-Type3]
[    1.919402] acpi PNP0A03:02: _OSC: platform does not support [SHPCHotplug AER LTR]
[    1.919581] acpi PNP0A03:02: _OSC: OS now controls [PCIeHotplug PME PCIeCapability]
[    1.919583] acpi PNP0A03:02: FADT indicates ASPM is unsupported, using BIOS configuration
[    1.919715] PCI host bridge to bus 0000:fe
[    1.919716] pci_bus 0000:fe: root bus resource [bus fe]
[    1.919725] pci 0000:fe:00.0: [8086:3450] type 00 class 0x088000
[    1.919800] pci 0000:fe:00.1: [8086:3451] type 00 class 0x088000
[    1.919859] pci 0000:fe:00.2: [8086:3452] type 00 class 0x088000
[    1.919918] pci 0000:fe:00.3: [8086:0998] type 00 class 0x060000
[    1.919979] pci 0000:fe:00.5: [8086:3455] type 00 class 0x088000
[    1.920045] pci 0000:fe:02.0: [8086:3440] type 00 class 0x088000
[    1.920185] pci 0000:fe:02.1: [8086:3441] type 00 class 0x088000
[    1.920299] pci 0000:fe:02.2: [8086:3442] type 00 class 0x088000
[    1.920410] pci 0000:fe:03.0: [8086:3440] type 00 class 0x088000
[    1.920507] pci 0000:fe:03.1: [8086:3441] type 00 class 0x088000
[    1.920586] pci 0000:fe:03.2: [8086:3442] type 00 class 0x088000
[    1.920674] pci 0000:fe:04.0: [8086:3440] type 00 class 0x088000
[    1.920797] pci 0000:fe:04.1: [8086:3441] type 00 class 0x088000
[    1.920919] pci 0000:fe:04.2: [8086:3442] type 00 class 0x088000
[    1.921046] pci 0000:fe:04.3: [8086:3443] type 00 class 0x088000
[    1.921175] pci 0000:fe:05.0: [8086:3445] type 00 class 0x088000
[    1.921306] pci 0000:fe:05.1: [8086:3446] type 00 class 0x088000
[    1.921423] pci 0000:fe:05.2: [8086:3447] type 00 class 0x088000
[    1.921537] pci 0000:fe:06.0: [8086:3445] type 00 class 0x088000
[    1.921637] pci 0000:fe:06.1: [8086:3446] type 00 class 0x088000
[    1.921718] pci 0000:fe:06.2: [8086:3447] type 00 class 0x088000
[    1.921809] pci 0000:fe:07.0: [8086:3445] type 00 class 0x088000
[    1.921953] pci 0000:fe:07.1: [8086:3446] type 00 class 0x088000
[    1.922076] pci 0000:fe:07.2: [8086:3447] type 00 class 0x088000
[    1.922196] pci 0000:fe:0b.0: [8086:3448] type 00 class 0x088000
[    1.922277] pci 0000:fe:0b.1: [8086:3448] type 00 class 0x088000
[    1.922341] pci 0000:fe:0b.2: [8086:344b] type 00 class 0x088000
[    1.922415] pci 0000:fe:0c.0: [8086:344a] type 00 class 0x110100
[    1.922522] pci 0000:fe:0d.0: [8086:344a] type 00 class 0x110100
[    1.922626] pci 0000:fe:0e.0: [8086:344a] type 00 class 0x110100
[    1.922783] pci 0000:fe:0f.0: [8086:344a] type 00 class 0x110100
[    1.922945] pci 0000:fe:1a.0: [8086:2880] type 00 class 0x110100
[    1.923051] pci 0000:fe:1b.0: [8086:2880] type 00 class 0x110100
[    1.923153] pci 0000:fe:1c.0: [8086:2880] type 00 class 0x110100
[    1.923309] pci 0000:fe:1d.0: [8086:2880] type 00 class 0x110100
[    1.923462] pci_bus 0000:fe: on NUMA node 1
[    1.923544] ACPI: PCI Root Bridge [UC17] (domain 0000 [bus ff])
[    1.923547] acpi PNP0A03:03: _OSC: OS supports [ExtendedConfig ASPM ClockPM Segments MSI HPX-Type3]
[    1.923648] acpi PNP0A03:03: _OSC: platform does not support [SHPCHotplug AER LTR]
[    1.923828] acpi PNP0A03:03: _OSC: OS now controls [PCIeHotplug PME PCIeCapability]
[    1.923829] acpi PNP0A03:03: FADT indicates ASPM is unsupported, using BIOS configuration
[    1.923979] PCI host bridge to bus 0000:ff
[    1.923980] pci_bus 0000:ff: root bus resource [bus ff]
[    1.923995] pci 0000:ff:00.0: [8086:344c] type 00 class 0x088000
[    1.924115] pci 0000:ff:00.1: [8086:344c] type 00 class 0x088000
[    1.924228] pci 0000:ff:00.2: [8086:344c] type 00 class 0x088000
[    1.924332] pci 0000:ff:00.3: [8086:344c] type 00 class 0x088000
[    1.924451] pci 0000:ff:00.4: [8086:344c] type 00 class 0x088000
[    1.924568] pci 0000:ff:00.5: [8086:344c] type 00 class 0x088000
[    1.924662] pci 0000:ff:00.6: [8086:344c] type 00 class 0x088000
[    1.924787] pci 0000:ff:00.7: [8086:344c] type 00 class 0x088000
[    1.924914] pci 0000:ff:01.0: [8086:344c] type 00 class 0x088000
[    1.925060] pci 0000:ff:01.1: [8086:344c] type 00 class 0x088000
[    1.925183] pci 0000:ff:01.2: [8086:344c] type 00 class 0x088000
[    1.925273] pci 0000:ff:01.3: [8086:344c] type 00 class 0x088000
[    1.925409] pci 0000:ff:01.4: [8086:344c] type 00 class 0x088000
[    1.925545] pci 0000:ff:01.5: [8086:344c] type 00 class 0x088000
[    1.925685] pci 0000:ff:01.6: [8086:344c] type 00 class 0x088000
[    1.925812] pci 0000:ff:01.7: [8086:344c] type 00 class 0x088000
[    1.925944] pci 0000:ff:02.0: [8086:344c] type 00 class 0x088000
[    1.926098] pci 0000:ff:02.1: [8086:344c] type 00 class 0x088000
[    1.926229] pci 0000:ff:02.2: [8086:344c] type 00 class 0x088000
[    1.926372] pci 0000:ff:02.3: [8086:344c] type 00 class 0x088000
[    1.926507] pci 0000:ff:02.4: [8086:344c] type 00 class 0x088000
[    1.926644] pci 0000:ff:02.5: [8086:344c] type 00 class 0x088000
[    1.926788] pci 0000:ff:02.6: [8086:344c] type 00 class 0x088000
[    1.926930] pci 0000:ff:02.7: [8086:344c] type 00 class 0x088000
[    1.927082] pci 0000:ff:03.0: [8086:344c] type 00 class 0x088000
[    1.927249] pci 0000:ff:03.1: [8086:344c] type 00 class 0x088000
[    1.927397] pci 0000:ff:03.2: [8086:344c] type 00 class 0x088000
[    1.927560] pci 0000:ff:03.3: [8086:344c] type 00 class 0x088000
[    1.927724] pci 0000:ff:0a.0: [8086:344d] type 00 class 0x088000
[    1.927842] pci 0000:ff:0a.1: [8086:344d] type 00 class 0x088000
[    1.927955] pci 0000:ff:0a.2: [8086:344d] type 00 class 0x088000
[    1.928055] pci 0000:ff:0a.3: [8086:344d] type 00 class 0x088000
[    1.928174] pci 0000:ff:0a.4: [8086:344d] type 00 class 0x088000
[    1.928291] pci 0000:ff:0a.5: [8086:344d] type 00 class 0x088000
[    1.928385] pci 0000:ff:0a.6: [8086:344d] type 00 class 0x088000
[    1.928515] pci 0000:ff:0a.7: [8086:344d] type 00 class 0x088000
[    1.928642] pci 0000:ff:0b.0: [8086:344d] type 00 class 0x088000
[    1.928789] pci 0000:ff:0b.1: [8086:344d] type 00 class 0x088000
[    1.928913] pci 0000:ff:0b.2: [8086:344d] type 00 class 0x088000
[    1.928996] pci 0000:ff:0b.3: [8086:344d] type 00 class 0x088000
[    1.929134] pci 0000:ff:0b.4: [8086:344d] type 00 class 0x088000
[    1.929270] pci 0000:ff:0b.5: [8086:344d] type 00 class 0x088000
[    1.929410] pci 0000:ff:0b.6: [8086:344d] type 00 class 0x088000
[    1.929541] pci 0000:ff:0b.7: [8086:344d] type 00 class 0x088000
[    1.929673] pci 0000:ff:0c.0: [8086:344d] type 00 class 0x088000
[    1.929822] pci 0000:ff:0c.1: [8086:344d] type 00 class 0x088000
[    1.929953] pci 0000:ff:0c.2: [8086:344d] type 00 class 0x088000
[    1.930091] pci 0000:ff:0c.3: [8086:344d] type 00 class 0x088000
[    1.930226] pci 0000:ff:0c.4: [8086:344d] type 00 class 0x088000
[    1.930364] pci 0000:ff:0c.5: [8086:344d] type 00 class 0x088000
[    1.930508] pci 0000:ff:0c.6: [8086:344d] type 00 class 0x088000
[    1.930654] pci 0000:ff:0c.7: [8086:344d] type 00 class 0x088000
[    1.930806] pci 0000:ff:0d.0: [8086:344d] type 00 class 0x088000
[    1.930973] pci 0000:ff:0d.1: [8086:344d] type 00 class 0x088000
[    1.931122] pci 0000:ff:0d.2: [8086:344d] type 00 class 0x088000
[    1.931282] pci 0000:ff:0d.3: [8086:344d] type 00 class 0x088000
[    1.931462] pci 0000:ff:1d.0: [8086:344f] type 00 class 0x088000
[    1.931588] pci 0000:ff:1d.1: [8086:3457] type 00 class 0x088000
[    1.931700] pci 0000:ff:1e.0: [8086:3458] type 00 class 0x088000
[    1.931786] pci 0000:ff:1e.1: [8086:3459] type 00 class 0x088000
[    1.931856] pci 0000:ff:1e.2: [8086:345a] type 00 class 0x088000
[    1.931920] pci 0000:ff:1e.3: [8086:345b] type 00 class 0x088000
[    1.931984] pci 0000:ff:1e.4: [8086:345c] type 00 class 0x088000
[    1.932048] pci 0000:ff:1e.5: [8086:345d] type 00 class 0x088000
[    1.932111] pci 0000:ff:1e.6: [8086:345e] type 00 class 0x088000
[    1.932175] pci 0000:ff:1e.7: [8086:345f] type 00 class 0x088000
[    1.932237] pci_bus 0000:ff: on NUMA node 1
[    1.935603] iommu: Default domain type: Translated 
[    1.935603] iommu: DMA domain TLB invalidation policy: lazy mode 
[    1.935801] SCSI subsystem initialized
[    1.935836] libata version 3.00 loaded.
[    1.935836] ACPI: bus type USB registered
[    1.935836] usbcore: registered new interface driver usbfs
[    1.935836] usbcore: registered new interface driver hub
[    1.935836] usbcore: registered new device driver usb
[    1.935836] pps_core: LinuxPPS API ver. 1 registered
[    1.935836] pps_core: Software ver. 5.3.6 - Copyright 2005-2007 Rodolfo Giometti <giometti@linux.it>
[    1.935836] PTP clock support registered
[    1.935836] EDAC MC: Ver: 3.0.0
[    1.936274] Registered efivars operations
[    1.936274] NetLabel: Initializing
[    1.936274] NetLabel:  domain hash size = 128
[    1.936274] NetLabel:  protocols = UNLABELED CIPSOv4 CALIPSO
[    1.936274] NetLabel:  unlabeled traffic allowed by default
[    1.936274] PCI: Using ACPI for IRQ routing
[    1.938263] PCI: pci_cache_line_size set to 64 bytes
[    1.938826] e820: reserve RAM buffer [mem 0x0008f000-0x0008ffff]
[    1.938828] e820: reserve RAM buffer [mem 0x46cc4020-0x47ffffff]
[    1.938830] e820: reserve RAM buffer [mem 0x46cf6020-0x47ffffff]
[    1.938831] e820: reserve RAM buffer [mem 0x46d29020-0x47ffffff]
[    1.938832] e820: reserve RAM buffer [mem 0x46d5c020-0x47ffffff]
[    1.938833] e820: reserve RAM buffer [mem 0x49e77000-0x4bffffff]
[    1.938834] e820: reserve RAM buffer [mem 0x4b2cf000-0x4bffffff]
[    1.938835] e820: reserve RAM buffer [mem 0x4bd94000-0x4bffffff]
[    1.938836] e820: reserve RAM buffer [mem 0x4ce00000-0x4fffffff]
[    1.938837] e820: reserve RAM buffer [mem 0x5eefe000-0x5fffffff]
[    1.938838] e820: reserve RAM buffer [mem 0x6f800000-0x6fffffff]
[    1.939587] pci 0000:03:00.0: vgaarb: setting as boot VGA device
[    1.939587] pci 0000:03:00.0: vgaarb: bridge control possible
[    1.939587] pci 0000:03:00.0: vgaarb: VGA device added: decodes=io+mem,owns=io+mem,locks=none
[    1.939587] vgaarb: loaded
[    1.940422] hpet0: at MMIO 0xfed00000, IRQs 2, 8, 0, 0, 0, 0, 0, 0
[    1.940429] hpet0: 8 comparators, 64-bit 24.000000 MHz counter
[    1.943728] clocksource: Switched to clocksource tsc-early
[    1.952996] VFS: Disk quotas dquot_6.6.0
[    1.953031] VFS: Dquot-cache hash table entries: 512 (order 0, 4096 bytes)
[    1.953188] AppArmor: AppArmor Filesystem Enabled
[    1.953200] pnp: PnP ACPI init
[    1.969275] system 00:01: [io  0x0500-0x05fe] has been reserved
[    1.969278] system 00:01: [io  0x0400-0x041f] has been reserved
[    1.969280] system 00:01: [io  0x0600-0x061f] has been reserved
[    1.969281] system 00:01: [io  0x0ca0-0x0ca1] has been reserved
[    1.969283] system 00:01: [io  0x0ca4-0x0ca6] has been reserved
[    1.969285] system 00:01: [mem 0xff000000-0xffffffff] has been reserved
[    1.969897] system 00:04: [mem 0xfd000000-0xfdabffff] has been reserved
[    1.969899] system 00:04: [mem 0xfdad0000-0xfdadffff] has been reserved
[    1.969901] system 00:04: [mem 0xfdb00000-0xfdffffff] has been reserved
[    1.969903] system 00:04: [mem 0xfe000000-0xfe00ffff] has been reserved
[    1.969904] system 00:04: [mem 0xfe011000-0xfe01ffff] has been reserved
[    1.969906] system 00:04: [mem 0xfe036000-0xfe03bfff] has been reserved
[    1.969908] system 00:04: [mem 0xfe03d000-0xfe3fffff] has been reserved
[    1.969911] system 00:04: [mem 0xfe410000-0xfe7fffff] has been reserved
[    1.970241] system 00:05: [io  0x1000-0x10fe] has been reserved
[    1.971257] pnp: PnP ACPI: found 6 devices
[    1.977012] clocksource: acpi_pm: mask: 0xffffff max_cycles: 0xffffff, max_idle_ns: 2085701024 ns
[    1.977092] NET: Registered PF_INET protocol family
[    1.977436] IP idents hash table entries: 262144 (order: 9, 2097152 bytes, vmalloc)
[    1.979626] tcp_listen_portaddr_hash hash table entries: 16384 (order: 6, 262144 bytes, vmalloc)
[    1.980017] TCP established hash table entries: 262144 (order: 9, 2097152 bytes, vmalloc)
[    1.980407] TCP bind hash table entries: 65536 (order: 8, 1048576 bytes, vmalloc)
[    1.980474] TCP: Hash tables configured (established 262144 bind 65536)
[    1.980700] UDP hash table entries: 16384 (order: 7, 524288 bytes, vmalloc)
[    1.980815] UDP-Lite hash table entries: 16384 (order: 7, 524288 bytes, vmalloc)
[    1.980992] NET: Registered PF_UNIX/PF_LOCAL protocol family
[    1.980998] NET: Registered PF_XDP protocol family
[    1.981007] pci 0000:04:00.0: can't claim BAR 6 [mem 0xfffc0000-0xffffffff pref]: no compatible bridge window
[    1.981009] pci 0000:04:00.1: can't claim BAR 6 [mem 0xfffc0000-0xffffffff pref]: no compatible bridge window
[    1.981011] pci 0000:17:00.0: can't claim BAR 6 [mem 0xfff00000-0xffffffff pref]: no compatible bridge window
[    1.981028] pci 0000:00:1c.5: BAR 14: assigned [mem 0x90000000-0x900fffff]
[    1.981031] pci 0000:00:1c.0: PCI bridge to [bus 01]
[    1.981041] pci 0000:02:00.0: PCI bridge to [bus 03]
[    1.981046] pci 0000:02:00.0:   bridge window [mem 0x92000000-0x928fffff]
[    1.981050] pci 0000:02:00.0:   bridge window [mem 0x91000000-0x91ffffff 64bit pref]
[    1.981056] pci 0000:00:1c.4: PCI bridge to [bus 02-03]
[    1.981060] pci 0000:00:1c.4:   bridge window [mem 0x92000000-0x928fffff]
[    1.981063] pci 0000:00:1c.4:   bridge window [mem 0x91000000-0x91ffffff 64bit pref]
[    1.981068] pci 0000:04:00.0: BAR 6: assigned [mem 0x90000000-0x9003ffff pref]
[    1.981070] pci 0000:04:00.1: BAR 6: assigned [mem 0x90040000-0x9007ffff pref]
[    1.981071] pci 0000:00:1c.5: PCI bridge to [bus 04]
[    1.981074] pci 0000:00:1c.5:   bridge window [mem 0x90000000-0x900fffff]
[    1.981077] pci 0000:00:1c.5:   bridge window [mem 0x92900000-0x929fffff 64bit pref]
[    1.981081] pci_bus 0000:00: resource 4 [io  0x0000-0x0cf7 window]
[    1.981083] pci_bus 0000:00: resource 5 [io  0x1000-0x4fff window]
[    1.981085] pci_bus 0000:00: resource 6 [mem 0x000a0000-0x000bffff window]
[    1.981086] pci_bus 0000:00: resource 7 [mem 0x000c8000-0x000cffff window]
[    1.981087] pci_bus 0000:00: resource 8 [mem 0xfe010000-0xfe010fff window]
[    1.981089] pci_bus 0000:00: resource 9 [mem 0x90000000-0x9b7fffff window]
[    1.981090] pci_bus 0000:00: resource 10 [mem 0x200000000000-0x20ffffffffff window]
[    1.981092] pci_bus 0000:02: resource 1 [mem 0x92000000-0x928fffff]
[    1.981094] pci_bus 0000:02: resource 2 [mem 0x91000000-0x91ffffff 64bit pref]
[    1.981095] pci_bus 0000:03: resource 1 [mem 0x92000000-0x928fffff]
[    1.981096] pci_bus 0000:03: resource 2 [mem 0x91000000-0x91ffffff 64bit pref]
[    1.981097] pci_bus 0000:04: resource 1 [mem 0x90000000-0x900fffff]
[    1.981098] pci_bus 0000:04: resource 2 [mem 0x92900000-0x929fffff 64bit pref]
[    1.981174] pci 0000:17:00.0: BAR 6: no space for [mem size 0x00100000 pref]
[    1.981176] pci 0000:17:00.0: BAR 6: failed to assign [mem size 0x00100000 pref]
[    1.981177] pci 0000:16:02.0: PCI bridge to [bus 17]
[    1.981179] pci 0000:16:02.0:   bridge window [io  0x5000-0x5fff]
[    1.981182] pci 0000:16:02.0:   bridge window [mem 0x9ba00000-0x9bafffff]
[    1.981184] pci 0000:16:02.0:   bridge window [mem 0x9b800000-0x9b9fffff 64bit pref]
[    1.981187] pci_bus 0000:16: resource 4 [io  0x5000-0x6fff window]
[    1.981189] pci_bus 0000:16: resource 5 [mem 0x9b800000-0xa63fffff window]
[    1.981190] pci_bus 0000:16: resource 6 [mem 0x210000000000-0x21ffffffffff window]
[    1.981191] pci_bus 0000:17: resource 0 [io  0x5000-0x5fff]
[    1.981192] pci_bus 0000:17: resource 1 [mem 0x9ba00000-0x9bafffff]
[    1.981193] pci_bus 0000:17: resource 2 [mem 0x9b800000-0x9b9fffff 64bit pref]
[    1.981199] pci_bus 0000:30: resource 4 [io  0x7000-0x8fff window]
[    1.981201] pci_bus 0000:30: resource 5 [mem 0xa6400000-0xb0ffffff window]
[    1.981202] pci_bus 0000:30: resource 6 [mem 0x220000000000-0x22ffffffffff window]
[    1.981208] pci_bus 0000:4a: resource 4 [io  0x9000-0x9fff window]
[    1.981209] pci_bus 0000:4a: resource 5 [mem 0xb1000000-0xbbbfffff window]
[    1.981210] pci_bus 0000:4a: resource 6 [mem 0x230000000000-0x23ffffffffff window]
