[    0.000000] Linux version 5.3.1-multiclock (xmu@xmu-PowerEdge-R750) (gcc version 7.5.0 (Ubuntu 7.5.0-3ubuntu1~18.04)) #1 SMP Wed Aug 9 20:46:02 CST 2023
[    0.000000] Command line: BOOT_IMAGE=/boot/vmlinuz-5.3.1-multiclock root=UUID=ce0c24b8-724b-4f33-9b2c-618433560aef ro memmap=42000M!4096M memmap=59G!64G quiet splash nomodeset vt.handoff=1
[    0.000000] KERNEL supported cpus:
[    0.000000]   Intel GenuineIntel
[    0.000000]   AMD AuthenticAMD
[    0.000000]   Hygon HygonGenuine
[    0.000000]   Centaur CentaurHauls
[    0.000000]   zhaoxin   Shanghai  
[    0.000000] x86/fpu: Supporting XSAVE feature 0x001: 'x87 floating point registers'
[    0.000000] x86/fpu: Supporting XSAVE feature 0x002: 'SSE registers'
[    0.000000] x86/fpu: Supporting XSAVE feature 0x004: 'AVX registers'
[    0.000000] x86/fpu: Supporting XSAVE feature 0x020: 'AVX-512 opmask'
[    0.000000] x86/fpu: Supporting XSAVE feature 0x040: 'AVX-512 Hi256'
[    0.000000] x86/fpu: Supporting XSAVE feature 0x080: 'AVX-512 ZMM_Hi256'
[    0.000000] x86/fpu: Supporting XSAVE feature 0x200: 'Protection Keys User registers'
[    0.000000] x86/fpu: xstate_offset[2]:  576, xstate_sizes[2]:  256
[    0.000000] x86/fpu: xstate_offset[5]:  832, xstate_sizes[5]:   64
[    0.000000] x86/fpu: xstate_offset[6]:  896, xstate_sizes[6]:  512
[    0.000000] x86/fpu: xstate_offset[7]: 1408, xstate_sizes[7]: 1024
[    0.000000] x86/fpu: xstate_offset[9]: 2432, xstate_sizes[9]:    8
[    0.000000] x86/fpu: Enabled xstate features 0x2e7, context size is 2440 bytes, using 'compacted' format.
[    0.000000] BIOS-provided physical RAM map:
[    0.000000] BIOS-e820: [mem 0x0000000000000000-0x000000000008efff] usable
[    0.000000] BIOS-e820: [mem 0x000000000008f000-0x000000000008ffff] reserved
[    0.000000] BIOS-e820: [mem 0x0000000000090000-0x000000000009ffff] usable
[    0.000000] BIOS-e820: [mem 0x00000000000a0000-0x00000000000fffff] reserved
[    0.000000] BIOS-e820: [mem 0x0000000000100000-0x0000000049e76fff] usable
[    0.000000] BIOS-e820: [mem 0x0000000049e77000-0x000000004ae76fff] ACPI NVS
[    0.000000] BIOS-e820: [mem 0x000000004ae77000-0x000000004b2cefff] usable
[    0.000000] BIOS-e820: [mem 0x000000004b2cf000-0x000000004b54dfff] ACPI data
[    0.000000] BIOS-e820: [mem 0x000000004b54e000-0x000000004bd93fff] usable
[    0.000000] BIOS-e820: [mem 0x000000004bd94000-0x000000004be99fff] reserved
[    0.000000] BIOS-e820: [mem 0x000000004be9a000-0x000000004cdfffff] usable
[    0.000000] BIOS-e820: [mem 0x000000004ce00000-0x000000004cffffff] reserved
[    0.000000] BIOS-e820: [mem 0x000000004d000000-0x000000005eefdfff] usable
[    0.000000] BIOS-e820: [mem 0x000000005eefe000-0x000000006e3fefff] reserved
[    0.000000] BIOS-e820: [mem 0x000000006e3ff000-0x000000006f3fefff] ACPI NVS
[    0.000000] BIOS-e820: [mem 0x000000006f3ff000-0x000000006f7fefff] ACPI data
[    0.000000] BIOS-e820: [mem 0x000000006f7ff000-0x000000006f7fffff] usable
[    0.000000] BIOS-e820: [mem 0x000000006f800000-0x000000008fffffff] reserved
[    0.000000] BIOS-e820: [mem 0x00000000fe000000-0x00000000fe010fff] reserved
[    0.000000] BIOS-e820: [mem 0x0000000100000000-0x000000207fffffff] usable
[    0.000000] BIOS-e820: [mem 0x0000002080000000-0x0000011c7fffffff] persistent (type 7)
[    0.000000] BIOS-e820: [mem 0x00001ffc00000000-0x00001fffffffffff] reserved
[    0.000000] NX (Execute Disable) protection: active
[    0.000000] e820: update [mem 0x47c75020-0x47c7d05f] usable ==> usable
[    0.000000] e820: update [mem 0x47c75020-0x47c7d05f] usable ==> usable
[    0.000000] e820: update [mem 0x47c42020-0x47c74c5f] usable ==> usable
[    0.000000] e820: update [mem 0x47c42020-0x47c74c5f] usable ==> usable
[    0.000000] e820: update [mem 0x47c0f020-0x47c41c5f] usable ==> usable
[    0.000000] e820: update [mem 0x47c0f020-0x47c41c5f] usable ==> usable
[    0.000000] e820: update [mem 0x47bdd020-0x47c0ea5f] usable ==> usable
[    0.000000] e820: update [mem 0x47bdd020-0x47c0ea5f] usable ==> usable
[    0.000000] extended physical RAM map:
[    0.000000] reserve setup_data: [mem 0x0000000000000000-0x000000000008efff] usable
[    0.000000] reserve setup_data: [mem 0x000000000008f000-0x000000000008ffff] reserved
[    0.000000] reserve setup_data: [mem 0x0000000000090000-0x000000000009ffff] usable
[    0.000000] reserve setup_data: [mem 0x00000000000a0000-0x00000000000fffff] reserved
[    0.000000] reserve setup_data: [mem 0x0000000000100000-0x0000000047bdd01f] usable
[    0.000000] reserve setup_data: [mem 0x0000000047bdd020-0x0000000047c0ea5f] usable
[    0.000000] reserve setup_data: [mem 0x0000000047c0ea60-0x0000000047c0f01f] usable
[    0.000000] reserve setup_data: [mem 0x0000000047c0f020-0x0000000047c41c5f] usable
[    0.000000] reserve setup_data: [mem 0x0000000047c41c60-0x0000000047c4201f] usable
[    0.000000] reserve setup_data: [mem 0x0000000047c42020-0x0000000047c74c5f] usable
[    0.000000] reserve setup_data: [mem 0x0000000047c74c60-0x0000000047c7501f] usable
[    0.000000] reserve setup_data: [mem 0x0000000047c75020-0x0000000047c7d05f] usable
[    0.000000] reserve setup_data: [mem 0x0000000047c7d060-0x0000000049e76fff] usable
[    0.000000] reserve setup_data: [mem 0x0000000049e77000-0x000000004ae76fff] ACPI NVS
[    0.000000] reserve setup_data: [mem 0x000000004ae77000-0x000000004b2cefff] usable
[    0.000000] reserve setup_data: [mem 0x000000004b2cf000-0x000000004b54dfff] ACPI data
[    0.000000] reserve setup_data: [mem 0x000000004b54e000-0x000000004bd93fff] usable
[    0.000000] reserve setup_data: [mem 0x000000004bd94000-0x000000004be99fff] reserved
[    0.000000] reserve setup_data: [mem 0x000000004be9a000-0x000000004cdfffff] usable
[    0.000000] reserve setup_data: [mem 0x000000004ce00000-0x000000004cffffff] reserved
[    0.000000] reserve setup_data: [mem 0x000000004d000000-0x000000005eefdfff] usable
[    0.000000] reserve setup_data: [mem 0x000000005eefe000-0x000000006e3fefff] reserved
[    0.000000] reserve setup_data: [mem 0x000000006e3ff000-0x000000006f3fefff] ACPI NVS
[    0.000000] reserve setup_data: [mem 0x000000006f3ff000-0x000000006f7fefff] ACPI data
[    0.000000] reserve setup_data: [mem 0x000000006f7ff000-0x000000006f7fffff] usable
[    0.000000] reserve setup_data: [mem 0x000000006f800000-0x000000008fffffff] reserved
[    0.000000] reserve setup_data: [mem 0x00000000fe000000-0x00000000fe010fff] reserved
[    0.000000] reserve setup_data: [mem 0x0000000100000000-0x0000000b40ffffff] persistent (type 12)
[    0.000000] reserve setup_data: [mem 0x0000000b41000000-0x0000000fffffffff] usable
[    0.000000] reserve setup_data: [mem 0x0000001000000000-0x0000001ebfffffff] persistent (type 12)
[    0.000000] reserve setup_data: [mem 0x0000001ec0000000-0x000000207fffffff] usable
[    0.000000] reserve setup_data: [mem 0x0000002080000000-0x0000011c7fffffff] persistent (type 7)
[    0.000000] reserve setup_data: [mem 0x00001ffc00000000-0x00001fffffffffff] reserved
[    0.000000] user-defined physical RAM map:
[    0.000000] user: [mem 0x0000000000000000-0x000000000008efff] usable
[    0.000000] user: [mem 0x000000000008f000-0x000000000008ffff] reserved
[    0.000000] user: [mem 0x0000000000090000-0x000000000009ffff] usable
[    0.000000] user: [mem 0x00000000000a0000-0x00000000000fffff] reserved
[    0.000000] user: [mem 0x0000000000100000-0x0000000047bdd01f] usable
[    0.000000] user: [mem 0x0000000047bdd020-0x0000000047c0ea5f] usable
[    0.000000] user: [mem 0x0000000047c0ea60-0x0000000047c0f01f] usable
[    0.000000] user: [mem 0x0000000047c0f020-0x0000000047c41c5f] usable
[    0.000000] user: [mem 0x0000000047c41c60-0x0000000047c4201f] usable
[    0.000000] user: [mem 0x0000000047c42020-0x0000000047c74c5f] usable
[    0.000000] user: [mem 0x0000000047c74c60-0x0000000047c7501f] usable
[    0.000000] user: [mem 0x0000000047c75020-0x0000000047c7d05f] usable
[    0.000000] user: [mem 0x0000000047c7d060-0x0000000049e76fff] usable
[    0.000000] user: [mem 0x0000000049e77000-0x000000004ae76fff] ACPI NVS
[    0.000000] user: [mem 0x000000004ae77000-0x000000004b2cefff] usable
[    0.000000] user: [mem 0x000000004b2cf000-0x000000004b54dfff] ACPI data
[    0.000000] user: [mem 0x000000004b54e000-0x000000004bd93fff] usable
[    0.000000] user: [mem 0x000000004bd94000-0x000000004be99fff] reserved
[    0.000000] user: [mem 0x000000004be9a000-0x000000004cdfffff] usable
[    0.000000] user: [mem 0x000000004ce00000-0x000000004cffffff] reserved
[    0.000000] user: [mem 0x000000004d000000-0x000000005eefdfff] usable
[    0.000000] user: [mem 0x000000005eefe000-0x000000006e3fefff] reserved
[    0.000000] user: [mem 0x000000006e3ff000-0x000000006f3fefff] ACPI NVS
[    0.000000] user: [mem 0x000000006f3ff000-0x000000006f7fefff] ACPI data
[    0.000000] user: [mem 0x000000006f7ff000-0x000000006f7fffff] usable
[    0.000000] user: [mem 0x000000006f800000-0x000000008fffffff] reserved
[    0.000000] user: [mem 0x00000000fe000000-0x00000000fe010fff] reserved
[    0.000000] user: [mem 0x0000000100000000-0x0000000b40ffffff] persistent (type 12)
[    0.000000] user: [mem 0x0000000b41000000-0x0000000fffffffff] usable
[    0.000000] user: [mem 0x0000001000000000-0x0000001ebfffffff] persistent (type 12)
[    0.000000] user: [mem 0x0000001ec0000000-0x000000207fffffff] usable
[    0.000000] user: [mem 0x0000002080000000-0x0000011c7fffffff] persistent (type 7)
[    0.000000] user: [mem 0x00001ffc00000000-0x00001fffffffffff] reserved
[    0.000000] efi: EFI v2.70 by Dell Inc.
[    0.000000] efi:  ACPI=0x6f7fe000  ACPI 2.0=0x6f7fe014  MEMATTR=0x5a1f8020  SMBIOS=0x69526000  SMBIOS 3.0=0x69524000 
[    0.000000] SMBIOS 3.3.0 present.
[    0.000000] DMI: Dell Inc. PowerEdge R750/0K8F35, BIOS 1.10.2 03/03/2023
[    0.000000] tsc: Detected 2000.000 MHz processor
[    0.000009] e820: update [mem 0x00000000-0x00000fff] usable ==> reserved
[    0.000010] e820: remove [mem 0x000a0000-0x000fffff] usable
[    0.000018] last_pfn = 0x2080000 max_arch_pfn = 0x400000000
[    0.000021] MTRR default type: uncachable
[    0.000021] MTRR fixed ranges enabled:
[    0.000022]   00000-9FFFF write-back
[    0.000023]   A0000-BFFFF uncachable
[    0.000023]   C0000-FFFFF write-protect
[    0.000024] MTRR variable ranges enabled:
[    0.000025]   0 base 000000000000 mask 3E0000000000 write-back
[    0.000026]   1 base 000080000000 mask 3FFF80000000 uncachable
[    0.000027]   2 base 00007F000000 mask 3FFFFF000000 uncachable
[    0.000027]   3 disabled
[    0.000027]   4 disabled
[    0.000028]   5 disabled
[    0.000028]   6 disabled
[    0.000029]   7 disabled
[    0.000029]   8 disabled
[    0.000029]   9 disabled
[    0.000795] x86/PAT: Configuration [0-7]: WB  WC  UC- UC  WB  WP  UC- WT  
[    0.001848] total RAM covered: 2095088M
[    0.001933]  gran_size: 64K 	chunk_size: 64K 	num_reg: 10  	lose cover RAM: 2016G
[    0.001934]  gran_size: 64K 	chunk_size: 128K 	num_reg: 10  	lose cover RAM: 2016G
[    0.001935]  gran_size: 64K 	chunk_size: 256K 	num_reg: 10  	lose cover RAM: 2016G
[    0.001936]  gran_size: 64K 	chunk_size: 512K 	num_reg: 10  	lose cover RAM: 2016G
[    0.001937]  gran_size: 64K 	chunk_size: 1M 	num_reg: 10  	lose cover RAM: 2016G
[    0.001937]  gran_size: 64K 	chunk_size: 2M 	num_reg: 10  	lose cover RAM: 2016G
[    0.001938]  gran_size: 64K 	chunk_size: 4M 	num_reg: 10  	lose cover RAM: 2016G
[    0.001939]  gran_size: 64K 	chunk_size: 8M 	num_reg: 10  	lose cover RAM: 2016G
[    0.001939]  gran_size: 64K 	chunk_size: 16M 	num_reg: 10  	lose cover RAM: 2016G
[    0.001940]  gran_size: 64K 	chunk_size: 32M 	num_reg: 10  	lose cover RAM: 1024G
[    0.001941]  gran_size: 64K 	chunk_size: 64M 	num_reg: 10  	lose cover RAM: 1024G
[    0.001941]  gran_size: 64K 	chunk_size: 128M 	num_reg: 10  	lose cover RAM: 1024G
[    0.001942]  gran_size: 64K 	chunk_size: 256M 	num_reg: 10  	lose cover RAM: 1024G
[    0.001943]  gran_size: 64K 	chunk_size: 512M 	num_reg: 10  	lose cover RAM: 1024G
[    0.001943]  gran_size: 64K 	chunk_size: 1G 	num_reg: 10  	lose cover RAM: 1024G
[    0.001944]  gran_size: 64K 	chunk_size: 2G 	num_reg: 10  	lose cover RAM: 1024G
[    0.001945]  gran_size: 128K 	chunk_size: 128K 	num_reg: 10  	lose cover RAM: 2016G
[    0.001945]  gran_size: 128K 	chunk_size: 256K 	num_reg: 10  	lose cover RAM: 2016G
[    0.001946]  gran_size: 128K 	chunk_size: 512K 	num_reg: 10  	lose cover RAM: 2016G
[    0.001947]  gran_size: 128K 	chunk_size: 1M 	num_reg: 10  	lose cover RAM: 2016G
[    0.001947]  gran_size: 128K 	chunk_size: 2M 	num_reg: 10  	lose cover RAM: 2016G
[    0.001948]  gran_size: 128K 	chunk_size: 4M 	num_reg: 10  	lose cover RAM: 2016G
[    0.001949]  gran_size: 128K 	chunk_size: 8M 	num_reg: 10  	lose cover RAM: 2016G
[    0.001949]  gran_size: 128K 	chunk_size: 16M 	num_reg: 10  	lose cover RAM: 2016G
[    0.001950]  gran_size: 128K 	chunk_size: 32M 	num_reg: 10  	lose cover RAM: 1024G
[    0.001951]  gran_size: 128K 	chunk_size: 64M 	num_reg: 10  	lose cover RAM: 1024G
[    0.001951]  gran_size: 128K 	chunk_size: 128M 	num_reg: 10  	lose cover RAM: 1024G
[    0.001952]  gran_size: 128K 	chunk_size: 256M 	num_reg: 10  	lose cover RAM: 1024G
[    0.001953]  gran_size: 128K 	chunk_size: 512M 	num_reg: 10  	lose cover RAM: 1024G
[    0.001953]  gran_size: 128K 	chunk_size: 1G 	num_reg: 10  	lose cover RAM: 1024G
[    0.001954]  gran_size: 128K 	chunk_size: 2G 	num_reg: 10  	lose cover RAM: 1024G
[    0.001955]  gran_size: 256K 	chunk_size: 256K 	num_reg: 10  	lose cover RAM: 2016G
[    0.001955]  gran_size: 256K 	chunk_size: 512K 	num_reg: 10  	lose cover RAM: 2016G
[    0.001956]  gran_size: 256K 	chunk_size: 1M 	num_reg: 10  	lose cover RAM: 2016G
[    0.001957]  gran_size: 256K 	chunk_size: 2M 	num_reg: 10  	lose cover RAM: 2016G
[    0.001957]  gran_size: 256K 	chunk_size: 4M 	num_reg: 10  	lose cover RAM: 2016G
[    0.001958]  gran_size: 256K 	chunk_size: 8M 	num_reg: 10  	lose cover RAM: 2016G
[    0.001959]  gran_size: 256K 	chunk_size: 16M 	num_reg: 10  	lose cover RAM: 2016G
[    0.001959]  gran_size: 256K 	chunk_size: 32M 	num_reg: 10  	lose cover RAM: 1024G
[    0.001960]  gran_size: 256K 	chunk_size: 64M 	num_reg: 10  	lose cover RAM: 1024G
[    0.001961]  gran_size: 256K 	chunk_size: 128M 	num_reg: 10  	lose cover RAM: 1024G
[    0.001962]  gran_size: 256K 	chunk_size: 256M 	num_reg: 10  	lose cover RAM: 1024G
[    0.001962]  gran_size: 256K 	chunk_size: 512M 	num_reg: 10  	lose cover RAM: 1024G
[    0.001963]  gran_size: 256K 	chunk_size: 1G 	num_reg: 10  	lose cover RAM: 1024G
[    0.001964]  gran_size: 256K 	chunk_size: 2G 	num_reg: 10  	lose cover RAM: 1024G
[    0.001964]  gran_size: 512K 	chunk_size: 512K 	num_reg: 10  	lose cover RAM: 2016G
[    0.001965]  gran_size: 512K 	chunk_size: 1M 	num_reg: 10  	lose cover RAM: 2016G
[    0.001966]  gran_size: 512K 	chunk_size: 2M 	num_reg: 10  	lose cover RAM: 2016G
[    0.001966]  gran_size: 512K 	chunk_size: 4M 	num_reg: 10  	lose cover RAM: 2016G
[    0.001967]  gran_size: 512K 	chunk_size: 8M 	num_reg: 10  	lose cover RAM: 2016G
[    0.001968]  gran_size: 512K 	chunk_size: 16M 	num_reg: 10  	lose cover RAM: 2016G
[    0.001968]  gran_size: 512K 	chunk_size: 32M 	num_reg: 10  	lose cover RAM: 1024G
[    0.001969]  gran_size: 512K 	chunk_size: 64M 	num_reg: 10  	lose cover RAM: 1024G
[    0.001969]  gran_size: 512K 	chunk_size: 128M 	num_reg: 10  	lose cover RAM: 1024G
[    0.001970]  gran_size: 512K 	chunk_size: 256M 	num_reg: 10  	lose cover RAM: 1024G
[    0.001971]  gran_size: 512K 	chunk_size: 512M 	num_reg: 10  	lose cover RAM: 1024G
[    0.001971]  gran_size: 512K 	chunk_size: 1G 	num_reg: 10  	lose cover RAM: 1024G
[    0.001972]  gran_size: 512K 	chunk_size: 2G 	num_reg: 10  	lose cover RAM: 1024G
[    0.001973]  gran_size: 1M 	chunk_size: 1M 	num_reg: 10  	lose cover RAM: 2016G
[    0.001974]  gran_size: 1M 	chunk_size: 2M 	num_reg: 10  	lose cover RAM: 2016G
[    0.001974]  gran_size: 1M 	chunk_size: 4M 	num_reg: 10  	lose cover RAM: 2016G
[    0.001975]  gran_size: 1M 	chunk_size: 8M 	num_reg: 10  	lose cover RAM: 2016G
[    0.001975]  gran_size: 1M 	chunk_size: 16M 	num_reg: 10  	lose cover RAM: 2016G
[    0.001976]  gran_size: 1M 	chunk_size: 32M 	num_reg: 10  	lose cover RAM: 1024G
[    0.001977]  gran_size: 1M 	chunk_size: 64M 	num_reg: 10  	lose cover RAM: 1024G
[    0.001978]  gran_size: 1M 	chunk_size: 128M 	num_reg: 10  	lose cover RAM: 1024G
[    0.001978]  gran_size: 1M 	chunk_size: 256M 	num_reg: 10  	lose cover RAM: 1024G
[    0.001979]  gran_size: 1M 	chunk_size: 512M 	num_reg: 10  	lose cover RAM: 1024G
[    0.001980]  gran_size: 1M 	chunk_size: 1G 	num_reg: 10  	lose cover RAM: 1024G
[    0.001980]  gran_size: 1M 	chunk_size: 2G 	num_reg: 10  	lose cover RAM: 1024G
[    0.001981]  gran_size: 2M 	chunk_size: 2M 	num_reg: 10  	lose cover RAM: 2016G
[    0.001981]  gran_size: 2M 	chunk_size: 4M 	num_reg: 10  	lose cover RAM: 2016G
[    0.001982]  gran_size: 2M 	chunk_size: 8M 	num_reg: 10  	lose cover RAM: 2016G
[    0.001983]  gran_size: 2M 	chunk_size: 16M 	num_reg: 10  	lose cover RAM: 2016G
[    0.001983]  gran_size: 2M 	chunk_size: 32M 	num_reg: 10  	lose cover RAM: 1024G
[    0.001984]  gran_size: 2M 	chunk_size: 64M 	num_reg: 10  	lose cover RAM: 1024G
[    0.001985]  gran_size: 2M 	chunk_size: 128M 	num_reg: 10  	lose cover RAM: 1024G
[    0.001985]  gran_size: 2M 	chunk_size: 256M 	num_reg: 10  	lose cover RAM: 1024G
[    0.001986]  gran_size: 2M 	chunk_size: 512M 	num_reg: 10  	lose cover RAM: 1024G
[    0.001987]  gran_size: 2M 	chunk_size: 1G 	num_reg: 10  	lose cover RAM: 1024G
[    0.001987]  gran_size: 2M 	chunk_size: 2G 	num_reg: 10  	lose cover RAM: 1024G
[    0.001988]  gran_size: 4M 	chunk_size: 4M 	num_reg: 10  	lose cover RAM: 2016G
[    0.001989]  gran_size: 4M 	chunk_size: 8M 	num_reg: 10  	lose cover RAM: 2016G
[    0.001989]  gran_size: 4M 	chunk_size: 16M 	num_reg: 10  	lose cover RAM: 2016G
[    0.001990]  gran_size: 4M 	chunk_size: 32M 	num_reg: 10  	lose cover RAM: 1024G
[    0.001991]  gran_size: 4M 	chunk_size: 64M 	num_reg: 10  	lose cover RAM: 1024G
[    0.001991]  gran_size: 4M 	chunk_size: 128M 	num_reg: 10  	lose cover RAM: 1024G
[    0.001992]  gran_size: 4M 	chunk_size: 256M 	num_reg: 10  	lose cover RAM: 1024G
[    0.001993]  gran_size: 4M 	chunk_size: 512M 	num_reg: 10  	lose cover RAM: 1024G
[    0.001993]  gran_size: 4M 	chunk_size: 1G 	num_reg: 10  	lose cover RAM: 1024G
[    0.001994]  gran_size: 4M 	chunk_size: 2G 	num_reg: 10  	lose cover RAM: 1024G
[    0.001995]  gran_size: 8M 	chunk_size: 8M 	num_reg: 10  	lose cover RAM: 2016G
[    0.001995]  gran_size: 8M 	chunk_size: 16M 	num_reg: 10  	lose cover RAM: 2016G
[    0.001996]  gran_size: 8M 	chunk_size: 32M 	num_reg: 10  	lose cover RAM: 1024G
[    0.001997]  gran_size: 8M 	chunk_size: 64M 	num_reg: 10  	lose cover RAM: 1024G
[    0.001997]  gran_size: 8M 	chunk_size: 128M 	num_reg: 10  	lose cover RAM: 1024G
[    0.001998]  gran_size: 8M 	chunk_size: 256M 	num_reg: 10  	lose cover RAM: 1024G
[    0.001999]  gran_size: 8M 	chunk_size: 512M 	num_reg: 10  	lose cover RAM: 1024G
[    0.001999]  gran_size: 8M 	chunk_size: 1G 	num_reg: 10  	lose cover RAM: 1024G
[    0.002000]  gran_size: 8M 	chunk_size: 2G 	num_reg: 10  	lose cover RAM: 1024G
[    0.002001]  gran_size: 16M 	chunk_size: 16M 	num_reg: 10  	lose cover RAM: 2016G
[    0.002001]  gran_size: 16M 	chunk_size: 32M 	num_reg: 10  	lose cover RAM: 1024G
[    0.002002]  gran_size: 16M 	chunk_size: 64M 	num_reg: 10  	lose cover RAM: 1024G
[    0.002003]  gran_size: 16M 	chunk_size: 128M 	num_reg: 10  	lose cover RAM: 1024G
[    0.002003]  gran_size: 16M 	chunk_size: 256M 	num_reg: 10  	lose cover RAM: 1024G
[    0.002004]  gran_size: 16M 	chunk_size: 512M 	num_reg: 10  	lose cover RAM: 1024G
[    0.002005]  gran_size: 16M 	chunk_size: 1G 	num_reg: 10  	lose cover RAM: 1024G
[    0.002005]  gran_size: 16M 	chunk_size: 2G 	num_reg: 10  	lose cover RAM: 1024G
[    0.002006]  gran_size: 32M 	chunk_size: 32M 	num_reg: 10  	lose cover RAM: 2031632M
[    0.002007]  gran_size: 32M 	chunk_size: 64M 	num_reg: 10  	lose cover RAM: 1048592M
[    0.002007]  gran_size: 32M 	chunk_size: 128M 	num_reg: 10  	lose cover RAM: 1048592M
[    0.002008]  gran_size: 32M 	chunk_size: 256M 	num_reg: 10  	lose cover RAM: 1048592M
[    0.002009]  gran_size: 32M 	chunk_size: 512M 	num_reg: 10  	lose cover RAM: 1048592M
[    0.002009]  gran_size: 32M 	chunk_size: 1G 	num_reg: 10  	lose cover RAM: 1048592M
[    0.002010]  gran_size: 32M 	chunk_size: 2G 	num_reg: 10  	lose cover RAM: 1048592M
[    0.002011]  gran_size: 64M 	chunk_size: 64M 	num_reg: 10  	lose cover RAM: 1966128M
[    0.002012]  gran_size: 64M 	chunk_size: 128M 	num_reg: 10  	lose cover RAM: 1048624M
[    0.002012]  gran_size: 64M 	chunk_size: 256M 	num_reg: 10  	lose cover RAM: 1048624M
[    0.002013]  gran_size: 64M 	chunk_size: 512M 	num_reg: 10  	lose cover RAM: 1048624M
[    0.002013]  gran_size: 64M 	chunk_size: 1G 	num_reg: 10  	lose cover RAM: 1048624M
[    0.002014]  gran_size: 64M 	chunk_size: 2G 	num_reg: 10  	lose cover RAM: 1048624M
[    0.002015]  gran_size: 128M 	chunk_size: 128M 	num_reg: 10  	lose cover RAM: 1835120M
[    0.002016]  gran_size: 128M 	chunk_size: 256M 	num_reg: 10  	lose cover RAM: 1048688M
[    0.002016]  gran_size: 128M 	chunk_size: 512M 	num_reg: 10  	lose cover RAM: 1048688M
[    0.002017]  gran_size: 128M 	chunk_size: 1G 	num_reg: 10  	lose cover RAM: 1048688M
[    0.002018]  gran_size: 128M 	chunk_size: 2G 	num_reg: 10  	lose cover RAM: 1048688M
[    0.002018]  gran_size: 256M 	chunk_size: 256M 	num_reg: 10  	lose cover RAM: 1573104M
[    0.002019]  gran_size: 256M 	chunk_size: 512M 	num_reg: 10  	lose cover RAM: 1048816M
[    0.002020]  gran_size: 256M 	chunk_size: 1G 	num_reg: 10  	lose cover RAM: 1048816M
[    0.002020]  gran_size: 256M 	chunk_size: 2G 	num_reg: 10  	lose cover RAM: 1048816M
[    0.002021]  gran_size: 512M 	chunk_size: 512M 	num_reg: 10  	lose cover RAM: 1049072M
[    0.002022]  gran_size: 512M 	chunk_size: 1G 	num_reg: 10  	lose cover RAM: 1049072M
[    0.002022]  gran_size: 512M 	chunk_size: 2G 	num_reg: 10  	lose cover RAM: 1049072M
[    0.002023]  gran_size: 1G 	chunk_size: 1G 	num_reg: 10  	lose cover RAM: 1008M
[    0.002024]  gran_size: 1G 	chunk_size: 2G 	num_reg: 10  	lose cover RAM: 1008M
[    0.002025]  gran_size: 2G 	chunk_size: 2G 	num_reg: 9  	lose cover RAM: 2032M
[    0.002025] mtrr_cleanup: can not find optimal value
[    0.002026] please specify mtrr_gran_size/mtrr_chunk_size
[    0.002028] e820: update [mem 0x7f000000-0xffffffff] usable ==> reserved
[    0.002030] x2apic: enabled by BIOS, switching to x2apic ops
[    0.002031] last_pfn = 0x6f800 max_arch_pfn = 0x400000000
[    0.013436] check: Scanning 1 areas for low memory corruption
[    0.013440] Using GB pages for direct mapping
[    0.013442] BRK [0xc88201000, 0xc88201fff] PGTABLE
[    0.013443] BRK [0xc88202000, 0xc88202fff] PGTABLE
[    0.013444] BRK [0xc88203000, 0xc88203fff] PGTABLE
[    0.013513] BRK [0xc88204000, 0xc88204fff] PGTABLE
[    0.013746] BRK [0xc88205000, 0xc88205fff] PGTABLE
[    0.013835] BRK [0xc88206000, 0xc88206fff] PGTABLE
[    0.013970] BRK [0xc88207000, 0xc88207fff] PGTABLE
[    0.014145] BRK [0xc88208000, 0xc88208fff] PGTABLE
[    0.014269] BRK [0xc88209000, 0xc88209fff] PGTABLE
[    0.014442] BRK [0xc8820a000, 0xc8820afff] PGTABLE
[    0.014545] BRK [0xc8820b000, 0xc8820bfff] PGTABLE
[    0.014802] BRK [0xc8820c000, 0xc8820cfff] PGTABLE
[    0.015169] Secure boot disabled
[    0.015170] RAMDISK: [mem 0x2065920000-0x207fffffff]
[    0.015176] ACPI: Early table checksum verification disabled
[    0.015178] ACPI: RSDP 0x000000006F7FE014 000024 (v02 DELL  )
[    0.015181] ACPI: XSDT 0x000000006F41C188 0000F4 (v01 DELL   PE_SC3   00000000 DELL 01000013)
[    0.015185] ACPI: FACP 0x000000006F430000 000114 (v06 DELL   PE_SC3   00000000 DELL 00000001)
[    0.015190] ACPI: DSDT 0x000000004B4CE000 07FAD3 (v02 DELL   PE_SC3   00000003 DELL 00000001)
[    0.015192] ACPI: FACS 0x000000006F2F2000 000040
[    0.015195] ACPI: SSDT 0x000000006F7FB000 00159A (v02 INTEL  RAS_ACPI 00000001 INTL 20210331)
[    0.015198] ACPI: SSDT 0x000000006F7FA000 000745 (v02 INTEL  ADDRXLAT 00000001 INTL 20210331)
[    0.015200] ACPI: MCEJ 0x000000006F7F9000 000130 (v01 INTEL           00000001 INTL 0100000D)
[    0.015203] ACPI: BERT 0x000000006F7F8000 000030 (v01 DELL   PE_SC3   00000001 INTL 00000001)
[    0.015206] ACPI: ERST 0x000000006F7F7000 000230 (v01 DELL   PE_SC3   00000001 INTL 00000001)
[    0.015208] ACPI: SSDT 0x000000006F431000 3C524E (v02 INTEL  SSDTNVDR 00001000 INTL 20210331)
[    0.015211] ACPI: HMAT 0x000000006F42F000 000210 (v01 DELL   PE_SC3   00000001 DELL 00000001)
[    0.015213] ACPI: HPET 0x000000006F42E000 000038 (v01 DELL   PE_SC3   00000001 DELL 00000001)
[    0.015216] ACPI: MCFG 0x000000006F42D000 00003C (v01 DELL   PE_SC3   00000001 DELL 00000001)
[    0.015218] ACPI: MIGT 0x000000006F42C000 000040 (v01 DELL   PE_SC3   00000000 DELL 00000001)
[    0.015221] ACPI: MSCT 0x000000006F42B000 000090 (v01 DELL   PE_SC3   00000001 DELL 00000001)
[    0.015223] ACPI: PMTT 0x000000006F429000 0011E8 (v02 DELL   PE_SC3   00000001 DELL 00000001)
[    0.015226] ACPI: WSMT 0x000000006F428000 000028 (v01 DELL   PE_SC3   00000000 DELL 00000001)
[    0.015228] ACPI: APIC 0x000000006F427000 00075E (v04 DELL   PE_SC3   00000000 DELL 00000001)
[    0.015231] ACPI: SLIT 0x000000006F426000 00003C (v01 DELL   PE_SC3   00000001 DELL 01000013)
[    0.015233] ACPI: SRAT 0x000000006F41F000 006430 (v03 DELL   PE_SC3   00000002 DELL 01000013)
[    0.015236] ACPI: OEM4 0x000000004B346000 187A61 (v02 INTEL  CPU  CST 00003000 INTL 20210331)
[    0.015239] ACPI: SSDT 0x000000004B2CF000 0764A5 (v02 INTEL  SSDT  PM 00004000 INTL 20210331)
[    0.015241] ACPI: SSDT 0x000000006F41E000 000A1F (v02 DELL   PE_SC3   00000000 DELL 00000001)
[    0.015244] ACPI: HEST 0x000000006F41D000 00017C (v01 DELL   PE_SC3   00000001 INTL 00000001)
[    0.015246] ACPI: PCAT 0x000000006F41B000 00010C (v19 DELL   PE_SC3   00000002 DELL 00000001)
[    0.015249] ACPI: SSDT 0x000000006F413000 007299 (v02 INTEL  SpsNm    00000002 INTL 20210331)
[    0.015251] ACPI: SSDT 0x000000006F412000 000426 (v02 DELL   PE_SC3   00000002 DELL 00000001)
[    0.015254] ACPI: NFIT 0x000000006F7FD000 000488 (v01 DELL   PE_SC3   00000002 DELL 00000001)
[    0.015256] ACPI: DMAR 0x000000006F411000 000158 (v01 DELL   PE_SC3   00000001 DELL 00000001)
[    0.015263] ACPI: Local APIC address 0xfee00000
[    0.015265] Setting APIC routing to cluster x2apic.
[    0.015311] SRAT: PXM 0 -> APIC 0x0000 -> Node 0
[    0.015311] SRAT: PXM 0 -> APIC 0x0001 -> Node 0
[    0.015311] SRAT: PXM 0 -> APIC 0x0002 -> Node 0
[    0.015312] SRAT: PXM 0 -> APIC 0x0003 -> Node 0
[    0.015312] SRAT: PXM 0 -> APIC 0x0004 -> Node 0
[    0.015313] SRAT: PXM 0 -> APIC 0x0005 -> Node 0
[    0.015313] SRAT: PXM 0 -> APIC 0x0006 -> Node 0
[    0.015314] SRAT: PXM 0 -> APIC 0x0007 -> Node 0
[    0.015314] SRAT: PXM 0 -> APIC 0x0008 -> Node 0
[    0.015314] SRAT: PXM 0 -> APIC 0x0009 -> Node 0
[    0.015315] SRAT: PXM 0 -> APIC 0x000a -> Node 0
[    0.015315] SRAT: PXM 0 -> APIC 0x000b -> Node 0
[    0.015316] SRAT: PXM 0 -> APIC 0x000c -> Node 0
[    0.015316] SRAT: PXM 0 -> APIC 0x000d -> Node 0
[    0.015316] SRAT: PXM 0 -> APIC 0x000e -> Node 0
[    0.015317] SRAT: PXM 0 -> APIC 0x000f -> Node 0
[    0.015317] SRAT: PXM 0 -> APIC 0x0010 -> Node 0
[    0.015318] SRAT: PXM 0 -> APIC 0x0011 -> Node 0
[    0.015318] SRAT: PXM 0 -> APIC 0x0012 -> Node 0
[    0.015319] SRAT: PXM 0 -> APIC 0x0013 -> Node 0
[    0.015319] SRAT: PXM 0 -> APIC 0x0014 -> Node 0
[    0.015319] SRAT: PXM 0 -> APIC 0x0015 -> Node 0
[    0.015320] SRAT: PXM 0 -> APIC 0x0016 -> Node 0
[    0.015320] SRAT: PXM 0 -> APIC 0x0017 -> Node 0
[    0.015321] SRAT: PXM 0 -> APIC 0x0018 -> Node 0
[    0.015321] SRAT: PXM 0 -> APIC 0x0019 -> Node 0
[    0.015322] SRAT: PXM 0 -> APIC 0x001a -> Node 0
[    0.015322] SRAT: PXM 0 -> APIC 0x001b -> Node 0
[    0.015322] SRAT: PXM 0 -> APIC 0x001c -> Node 0
[    0.015323] SRAT: PXM 0 -> APIC 0x001d -> Node 0
[    0.015323] SRAT: PXM 0 -> APIC 0x001e -> Node 0
[    0.015324] SRAT: PXM 0 -> APIC 0x001f -> Node 0
[    0.015324] SRAT: PXM 0 -> APIC 0x0020 -> Node 0
[    0.015325] SRAT: PXM 0 -> APIC 0x0021 -> Node 0
[    0.015325] SRAT: PXM 0 -> APIC 0x0022 -> Node 0
[    0.015325] SRAT: PXM 0 -> APIC 0x0023 -> Node 0
[    0.015326] SRAT: PXM 0 -> APIC 0x0024 -> Node 0
[    0.015326] SRAT: PXM 0 -> APIC 0x0025 -> Node 0
[    0.015327] SRAT: PXM 0 -> APIC 0x0026 -> Node 0
[    0.015327] SRAT: PXM 0 -> APIC 0x0027 -> Node 0
[    0.015327] SRAT: PXM 0 -> APIC 0x0028 -> Node 0
[    0.015328] SRAT: PXM 0 -> APIC 0x0029 -> Node 0
[    0.015328] SRAT: PXM 0 -> APIC 0x002a -> Node 0
[    0.015329] SRAT: PXM 0 -> APIC 0x002b -> Node 0
[    0.015329] SRAT: PXM 0 -> APIC 0x002c -> Node 0
[    0.015330] SRAT: PXM 0 -> APIC 0x002d -> Node 0
[    0.015330] SRAT: PXM 0 -> APIC 0x002e -> Node 0
[    0.015330] SRAT: PXM 0 -> APIC 0x002f -> Node 0
[    0.015331] SRAT: PXM 0 -> APIC 0x0030 -> Node 0
[    0.015331] SRAT: PXM 0 -> APIC 0x0031 -> Node 0
[    0.015332] SRAT: PXM 0 -> APIC 0x0032 -> Node 0
[    0.015332] SRAT: PXM 0 -> APIC 0x0033 -> Node 0
[    0.015332] SRAT: PXM 0 -> APIC 0x0034 -> Node 0
[    0.015333] SRAT: PXM 0 -> APIC 0x0035 -> Node 0
[    0.015333] SRAT: PXM 0 -> APIC 0x0036 -> Node 0
[    0.015334] SRAT: PXM 0 -> APIC 0x0037 -> Node 0
[    0.015334] SRAT: PXM 1 -> APIC 0x0080 -> Node 1
[    0.015335] SRAT: PXM 1 -> APIC 0x0081 -> Node 1
[    0.015335] SRAT: PXM 1 -> APIC 0x0082 -> Node 1
[    0.015336] SRAT: PXM 1 -> APIC 0x0083 -> Node 1
[    0.015336] SRAT: PXM 1 -> APIC 0x0084 -> Node 1
[    0.015336] SRAT: PXM 1 -> APIC 0x0085 -> Node 1
[    0.015337] SRAT: PXM 1 -> APIC 0x0086 -> Node 1
[    0.015337] SRAT: PXM 1 -> APIC 0x0087 -> Node 1
[    0.015338] SRAT: PXM 1 -> APIC 0x0088 -> Node 1
[    0.015338] SRAT: PXM 1 -> APIC 0x0089 -> Node 1
[    0.015338] SRAT: PXM 1 -> APIC 0x008a -> Node 1
[    0.015339] SRAT: PXM 1 -> APIC 0x008b -> Node 1
[    0.015339] SRAT: PXM 1 -> APIC 0x008c -> Node 1
[    0.015340] SRAT: PXM 1 -> APIC 0x008d -> Node 1
[    0.015340] SRAT: PXM 1 -> APIC 0x008e -> Node 1
[    0.015340] SRAT: PXM 1 -> APIC 0x008f -> Node 1
[    0.015341] SRAT: PXM 1 -> APIC 0x0090 -> Node 1
[    0.015341] SRAT: PXM 1 -> APIC 0x0091 -> Node 1
[    0.015342] SRAT: PXM 1 -> APIC 0x0092 -> Node 1
[    0.015342] SRAT: PXM 1 -> APIC 0x0093 -> Node 1
[    0.015343] SRAT: PXM 1 -> APIC 0x0094 -> Node 1
[    0.015343] SRAT: PXM 1 -> APIC 0x0095 -> Node 1
[    0.015343] SRAT: PXM 1 -> APIC 0x0096 -> Node 1
[    0.015344] SRAT: PXM 1 -> APIC 0x0097 -> Node 1
[    0.015344] SRAT: PXM 1 -> APIC 0x0098 -> Node 1
[    0.015345] SRAT: PXM 1 -> APIC 0x0099 -> Node 1
[    0.015345] SRAT: PXM 1 -> APIC 0x009a -> Node 1
[    0.015345] SRAT: PXM 1 -> APIC 0x009b -> Node 1
[    0.015346] SRAT: PXM 1 -> APIC 0x009c -> Node 1
[    0.015346] SRAT: PXM 1 -> APIC 0x009d -> Node 1
[    0.015347] SRAT: PXM 1 -> APIC 0x009e -> Node 1
[    0.015347] SRAT: PXM 1 -> APIC 0x009f -> Node 1
[    0.015348] SRAT: PXM 1 -> APIC 0x00a0 -> Node 1
[    0.015348] SRAT: PXM 1 -> APIC 0x00a1 -> Node 1
[    0.015348] SRAT: PXM 1 -> APIC 0x00a2 -> Node 1
[    0.015349] SRAT: PXM 1 -> APIC 0x00a3 -> Node 1
[    0.015349] SRAT: PXM 1 -> APIC 0x00a4 -> Node 1
[    0.015350] SRAT: PXM 1 -> APIC 0x00a5 -> Node 1
[    0.015350] SRAT: PXM 1 -> APIC 0x00a6 -> Node 1
[    0.015350] SRAT: PXM 1 -> APIC 0x00a7 -> Node 1
[    0.015351] SRAT: PXM 1 -> APIC 0x00a8 -> Node 1
[    0.015351] SRAT: PXM 1 -> APIC 0x00a9 -> Node 1
[    0.015352] SRAT: PXM 1 -> APIC 0x00aa -> Node 1
[    0.015352] SRAT: PXM 1 -> APIC 0x00ab -> Node 1
[    0.015352] SRAT: PXM 1 -> APIC 0x00ac -> Node 1
[    0.015353] SRAT: PXM 1 -> APIC 0x00ad -> Node 1
[    0.015353] SRAT: PXM 1 -> APIC 0x00ae -> Node 1
[    0.015354] SRAT: PXM 1 -> APIC 0x00af -> Node 1
[    0.015354] SRAT: PXM 1 -> APIC 0x00b0 -> Node 1
[    0.015355] SRAT: PXM 1 -> APIC 0x00b1 -> Node 1
[    0.015355] SRAT: PXM 1 -> APIC 0x00b2 -> Node 1
[    0.015355] SRAT: PXM 1 -> APIC 0x00b3 -> Node 1
[    0.015356] SRAT: PXM 1 -> APIC 0x00b4 -> Node 1
[    0.015356] SRAT: PXM 1 -> APIC 0x00b5 -> Node 1
[    0.015357] SRAT: PXM 1 -> APIC 0x00b6 -> Node 1
[    0.015357] SRAT: PXM 1 -> APIC 0x00b7 -> Node 1
[    0.015370] ACPI: SRAT: Node 0 PXM 0 [mem 0x00000000-0x7fffffff]
[    0.015371] ACPI: SRAT: Node 0 PXM 0 [mem 0x100000000-0x107fffffff]
[    0.015372] ACPI: SRAT: Node 2 PXM 2 [mem 0x2080000000-0x9e7fffffff] non-volatile
[    0.015372] ACPI: SRAT: Node 1 PXM 1 [mem 0x1080000000-0x207fffffff]
[    0.015373] ACPI: SRAT: Node 3 PXM 3 [mem 0x9e80000000-0x11c7fffffff] non-volatile
[    0.015382] NUMA: Initialized distance table, cnt=4
[    0.015385] NUMA: Node 0 [mem 0x00000000-0x7fffffff] + [mem 0x100000000-0x107fffffff] -> [mem 0x00000000-0x107fffffff]
[    0.015393] NODE_DATA(0) allocated [mem 0xffffd5000-0xfffffffff]
[    0.015412] NODE_DATA(1) allocated [mem 0x20658f2000-0x206591cfff]
[    0.015570] Zone ranges:
[    0.015571]   DMA      [mem 0x0000000000001000-0x0000000000ffffff]
[    0.015572]   DMA32    [mem 0x0000000001000000-0x00000000ffffffff]
[    0.015573]   Normal   [mem 0x0000000100000000-0x000000207fffffff]
[    0.015574]   Device   empty
[    0.015574] Movable zone start for each node
[    0.015578] Early memory node ranges
[    0.015578]   node   0: [mem 0x0000000000001000-0x000000000008efff]
[    0.015579]   node   0: [mem 0x0000000000090000-0x000000000009ffff]
[    0.015580]   node   0: [mem 0x0000000000100000-0x0000000049e76fff]
[    0.015580]   node   0: [mem 0x000000004ae77000-0x000000004b2cefff]
[    0.015581]   node   0: [mem 0x000000004b54e000-0x000000004bd93fff]
[    0.015581]   node   0: [mem 0x000000004be9a000-0x000000004cdfffff]
[    0.015582]   node   0: [mem 0x000000004d000000-0x000000005eefdfff]
[    0.015582]   node   0: [mem 0x000000006f7ff000-0x000000006f7fffff]
[    0.015583]   node   0: [mem 0x0000000b41000000-0x0000000fffffffff]
[    0.015584]   node   1: [mem 0x0000001ec0000000-0x000000207fffffff]
[    0.016088] Zeroed struct page in unavailable ranges: 46824 pages
[    0.016090] Initmem setup node 0 [mem 0x0000000000001000-0x0000000fffffffff]
[    0.016091] On node 0 totalpages: 5359896
[    0.016092]   DMA zone: 64 pages used for memmap
[    0.016092]   DMA zone: 1102 pages reserved
[    0.016093]   DMA zone: 3998 pages, LIFO batch:0
[    0.016135]   DMA32 zone: 5926 pages used for memmap
[    0.016135]   DMA32 zone: 379258 pages, LIFO batch:63
[    0.021940]   Normal zone: 77760 pages used for memmap
[    0.021941]   Normal zone: 4976640 pages, LIFO batch:63
[    0.096864] Initmem setup node 1 [mem 0x0000001ec0000000-0x000000207fffffff]
[    0.096866] On node 1 totalpages: 1835008
[    0.096867]   Normal zone: 28672 pages used for memmap
[    0.096867]   Normal zone: 1835008 pages, LIFO batch:63
[    0.117132] ACPI: PM-Timer IO Port: 0x508
[    0.117135] ACPI: Local APIC address 0xfee00000
[    0.117152] ACPI: X2APIC_NMI (uid[0xffffffff] high edge lint[0x1])
[    0.117154] ACPI: LAPIC_NMI (acpi_id[0xff] high edge lint[0x1])
[    0.117173] IOAPIC[0]: apic_id 8, version 32, address 0xfec00000, GSI 0-119
[    0.117175] ACPI: INT_SRC_OVR (bus 0 bus_irq 0 global_irq 2 dfl dfl)
[    0.117176] ACPI: INT_SRC_OVR (bus 0 bus_irq 9 global_irq 9 high level)
[    0.117177] ACPI: IRQ0 used by override.
[    0.117178] ACPI: IRQ9 used by override.
[    0.117180] Using ACPI (MADT) for SMP configuration information
[    0.117182] ACPI: HPET id: 0x8086a701 base: 0xfed00000
[    0.117186] smpboot: Allowing 112 CPUs, 0 hotplug CPUs
[    0.117210] PM: Registered nosave memory: [mem 0x00000000-0x00000fff]
[    0.117212] PM: Registered nosave memory: [mem 0x0008f000-0x0008ffff]
[    0.117213] PM: Registered nosave memory: [mem 0x000a0000-0x000fffff]
[    0.117215] PM: Registered nosave memory: [mem 0x47bdd000-0x47bddfff]
[    0.117216] PM: Registered nosave memory: [mem 0x47c0e000-0x47c0efff]
[    0.117217] PM: Registered nosave memory: [mem 0x47c0f000-0x47c0ffff]
[    0.117218] PM: Registered nosave memory: [mem 0x47c41000-0x47c41fff]
[    0.117219] PM: Registered nosave memory: [mem 0x47c42000-0x47c42fff]
[    0.117220] PM: Registered nosave memory: [mem 0x47c74000-0x47c74fff]
[    0.117221] PM: Registered nosave memory: [mem 0x47c75000-0x47c75fff]
[    0.117222] PM: Registered nosave memory: [mem 0x47c7d000-0x47c7dfff]
[    0.117223] PM: Registered nosave memory: [mem 0x49e77000-0x4ae76fff]
[    0.117225] PM: Registered nosave memory: [mem 0x4b2cf000-0x4b54dfff]
[    0.117226] PM: Registered nosave memory: [mem 0x4bd94000-0x4be99fff]
[    0.117228] PM: Registered nosave memory: [mem 0x4ce00000-0x4cffffff]
[    0.117229] PM: Registered nosave memory: [mem 0x5eefe000-0x6e3fefff]
[    0.117230] PM: Registered nosave memory: [mem 0x6e3ff000-0x6f3fefff]
[    0.117230] PM: Registered nosave memory: [mem 0x6f3ff000-0x6f7fefff]
[    0.117232] PM: Registered nosave memory: [mem 0x6f800000-0x8fffffff]
[    0.117232] PM: Registered nosave memory: [mem 0x90000000-0xfdffffff]
[    0.117233] PM: Registered nosave memory: [mem 0xfe000000-0xfe010fff]
[    0.117233] PM: Registered nosave memory: [mem 0xfe011000-0xffffffff]
[    0.117234] PM: Registered nosave memory: [mem 0x100000000-0xb40ffffff]
[    0.117235] PM: Registered nosave memory: [mem 0x1000000000-0x1ebfffffff]
[    0.117236] [mem 0x90000000-0xfdffffff] available for PCI devices
[    0.117238] Booting paravirtualized kernel on bare hardware
[    0.117240] clocksource: refined-jiffies: mask: 0xffffffff max_cycles: 0xffffffff, max_idle_ns: 7645519600211568 ns
[    0.117247] setup_percpu: NR_CPUS:8192 nr_cpumask_bits:112 nr_cpu_ids:112 nr_node_ids:4
[    0.121778] percpu: Embedded 55 pages/cpu s188416 r8192 d28672 u262144
[    0.121787] pcpu-alloc: s188416 r8192 d28672 u262144 alloc=1*2097152
[    0.121788] pcpu-alloc: [0] 000 002 004 006 008 010 012 014 
[    0.121791] pcpu-alloc: [0] 016 018 020 022 024 026 028 030 
[    0.121792] pcpu-alloc: [0] 032 034 036 038 040 042 044 046 
[    0.121794] pcpu-alloc: [0] 048 050 052 054 056 058 060 062 
[    0.121795] pcpu-alloc: [0] 064 066 068 070 072 074 076 078 
[    0.121797] pcpu-alloc: [0] 080 082 084 086 088 090 092 094 
[    0.121798] pcpu-alloc: [0] 096 098 100 102 104 106 108 110 
[    0.121799] pcpu-alloc: [1] 001 003 005 007 009 011 013 015 
[    0.121801] pcpu-alloc: [1] 017 019 021 023 025 027 029 031 
[    0.121802] pcpu-alloc: [1] 033 035 037 039 041 043 045 047 
[    0.121804] pcpu-alloc: [1] 049 051 053 055 057 059 061 063 
[    0.121805] pcpu-alloc: [1] 065 067 069 071 073 075 077 079 
[    0.121806] pcpu-alloc: [1] 081 083 085 087 089 091 093 095 
[    0.121808] pcpu-alloc: [1] 097 099 101 103 105 107 109 111 
[    0.121850] Built 2 zonelists, mobility grouping on.  Total pages: 7081380
[    0.121851] Policy zone: Normal
[    0.121853] Kernel command line: BOOT_IMAGE=/boot/vmlinuz-5.3.1-multiclock root=UUID=ce0c24b8-724b-4f33-9b2c-618433560aef ro memmap=42000M!4096M memmap=59G!64G quiet splash nomodeset vt.handoff=1
[    0.121958] You have booted with nomodeset. This means your GPU drivers are DISABLED
[    0.121959] Any video related functionality will be severely degraded, and you may not even be able to suspend the system properly
[    0.121959] Unless you actually understand what nomodeset does, you should reboot without enabling it
[    0.121976] printk: log_buf_len individual max cpu contribution: 4096 bytes
[    0.121977] printk: log_buf_len total cpu_extra contributions: 454656 bytes
[    0.121977] printk: log_buf_len min size: 262144 bytes
[    0.122129] printk: log_buf_len: 1048576 bytes
[    0.122130] printk: early log buf free: 221788(84%)
[    0.123632] mem auto-init: stack:off, heap alloc:on, heap free:off
[    0.129615] Calgary: detecting Calgary via BIOS EBDA area
[    0.129616] Calgary: Unable to locate Rio Grande table in EBDA - bailing!
[    0.190298] Memory: 27640632K/28779616K available (14339K kernel code, 2373K rwdata, 4660K rodata, 2680K init, 5056K bss, 1138984K reserved, 0K cma-reserved)
[    0.190908] SLUB: HWalign=64, Order=0-3, MinObjects=0, CPUs=112, Nodes=4
[    0.190937] ftrace: allocating 43047 entries in 169 pages
[    0.207207] rcu: Hierarchical RCU implementation.
[    0.207208] rcu: 	RCU restricting CPUs from NR_CPUS=8192 to nr_cpu_ids=112.
[    0.207209] 	Tasks RCU enabled.
[    0.207209] rcu: RCU calculated value of scheduler-enlistment delay is 25 jiffies.
[    0.207210] rcu: Adjusting geometry for rcu_fanout_leaf=16, nr_cpu_ids=112
[    0.209803] NR_IRQS: 524544, nr_irqs: 2952, preallocated irqs: 16
[    0.210229] random: crng done (trusting CPU's manufacturer)
[    0.210389] Console: colour dummy device 80x25
[    0.210404] printk: console [tty0] enabled
[    0.210493] mempolicy: Enabling automatic NUMA balancing. Configure with numa_balancing= or the kernel.numa_balancing sysctl
[    0.210496] ACPI: Core revision 20190703
[    0.213861] clocksource: hpet: mask: 0xffffffff max_cycles: 0xffffffff, max_idle_ns: 79635855245 ns
[    0.213903] APIC: Switch to symmetric I/O mode setup
[    0.213905] DMAR: Host address width 46
[    0.213906] DMAR: DRHD base: 0x000000d0ffc000 flags: 0x0
[    0.213911] DMAR: dmar0: reg_base_addr d0ffc000 ver 4:0 cap 8ed008c40780466 ecap 60000f050df
[    0.213912] DMAR: DRHD base: 0x000000dbbfc000 flags: 0x0
[    0.213915] DMAR: dmar1: reg_base_addr dbbfc000 ver 4:0 cap 8ed008c40780466 ecap 60000f050df
[    0.213916] DMAR: DRHD base: 0x000000e67fc000 flags: 0x0
[    0.213919] DMAR: dmar2: reg_base_addr e67fc000 ver 4:0 cap 8ed008c40780466 ecap 60000f050df
[    0.213920] DMAR: DRHD base: 0x000000f13fc000 flags: 0x0
[    0.213923] DMAR: dmar3: reg_base_addr f13fc000 ver 4:0 cap 8ed008c40780466 ecap 60000f050df
[    0.213924] DMAR: DRHD base: 0x000000fb7fc000 flags: 0x0
[    0.213927] DMAR: dmar4: reg_base_addr fb7fc000 ver 4:0 cap 8ed008c40780466 ecap 60000f050df
[    0.213927] DMAR: DRHD base: 0x000000a63fc000 flags: 0x0
[    0.213930] DMAR: dmar5: reg_base_addr a63fc000 ver 4:0 cap 8ed008c40780466 ecap 60000f050df
[    0.213931] DMAR: DRHD base: 0x000000b0ffc000 flags: 0x0
[    0.213934] DMAR: dmar6: reg_base_addr b0ffc000 ver 4:0 cap 8ed008c40780466 ecap 60000f050df
[    0.213934] DMAR: DRHD base: 0x000000bbbfc000 flags: 0x0
[    0.213938] DMAR: dmar7: reg_base_addr bbbfc000 ver 4:0 cap 8ed008c40780466 ecap 60000f050df
[    0.213939] DMAR: DRHD base: 0x000000c5ffc000 flags: 0x0
[    0.213942] DMAR: dmar8: reg_base_addr c5ffc000 ver 4:0 cap 8ed008c40780466 ecap 60000f050df
[    0.213942] DMAR: DRHD base: 0x0000009b7fc000 flags: 0x1
[    0.213945] DMAR: dmar9: reg_base_addr 9b7fc000 ver 4:0 cap 8ed008c40780466 ecap 60000f050df
[    0.213946] DMAR: RMRR base: 0x00000069427000 end: 0x00000069429fff
[    0.213947] DMAR: ATSR flags: 0x0
[    0.213949] DMAR-IR: IOAPIC id 8 under DRHD base  0x9b7fc000 IOMMU 9
[    0.213949] DMAR-IR: HPET id 0 under DRHD base 0x9b7fc000
[    0.213950] DMAR-IR: Queued invalidation will be enabled to support x2apic and Intr-remapping.
[    0.216337] DMAR-IR: Enabled IRQ remapping in x2apic mode
[    0.218968] ..TIMER: vector=0x30 apic1=0 pin1=2 apic2=-1 pin2=-1
[    0.237831] clocksource: tsc-early: mask: 0xffffffffffffffff max_cycles: 0x39a85c9bff6, max_idle_ns: 881590591483 ns
[    0.237835] Calibrating delay loop (skipped), value calculated using timer frequency.. 4000.00 BogoMIPS (lpj=8000000)
[    0.237837] pid_max: default: 114688 minimum: 896
[    0.241808] LSM: Security Framework initializing
[    0.241840] Yama: becoming mindful.
[    0.242201] AppArmor: AppArmor initialized
[    0.246739] Dentry cache hash table entries: 4194304 (order: 13, 33554432 bytes, vmalloc)
[    0.248998] Inode-cache hash table entries: 2097152 (order: 12, 16777216 bytes, vmalloc)
[    0.249123] Mount-cache hash table entries: 65536 (order: 7, 524288 bytes, vmalloc)
[    0.249193] Mountpoint-cache hash table entries: 65536 (order: 7, 524288 bytes, vmalloc)
[    0.249500] *** VALIDATE proc ***
[    0.249748] *** VALIDATE cgroup1 ***
[    0.249749] *** VALIDATE cgroup2 ***
[    0.249864] x86/tme: not enabled by BIOS
[    0.249867] x86/cpu: User Mode Instruction Prevention (UMIP) activated
[    0.249940] mce: CPU0: Thermal monitoring enabled (TM1)
[    0.250150] process: using mwait in idle threads
[    0.250152] Last level iTLB entries: 4KB 0, 2MB 0, 4MB 0
[    0.250153] Last level dTLB entries: 4KB 0, 2MB 0, 4MB 0, 1GB 0
[    0.250155] Spectre V1 : Mitigation: usercopy/swapgs barriers and __user pointer sanitization
[    0.250157] Spectre V2 : Mitigation: Enhanced IBRS
[    0.250158] Spectre V2 : Spectre v2 / SpectreRSB mitigation: Filling RSB on context switch
[    0.250159] Spectre V2 : mitigation: Enabling conditional Indirect Branch Prediction Barrier
[    0.250160] Speculative Store Bypass: Mitigation: Speculative Store Bypass disabled via prctl and seccomp
[    0.250426] Freeing SMP alternatives memory: 40K
[    0.253978] TSC deadline timer enabled
[    0.253986] smpboot: CPU0: Intel(R) Xeon(R) Gold 6330 CPU @ 2.00GHz (family: 0x6, model: 0x6a, stepping: 0x6)
[    0.254171] Performance Events: PEBS fmt4+-baseline, Icelake events, 32-deep LBR, full-width counters, Intel PMU driver.
[    0.254176] ... version:                5
[    0.254176] ... bit width:              48
[    0.254177] ... generic registers:      8
[    0.254177] ... value mask:             0000ffffffffffff
[    0.254178] ... max period:             00007fffffffffff
[    0.254178] ... fixed-purpose events:   4
[    0.254179] ... event mask:             0000000f000000ff
[    0.254292] rcu: Hierarchical SRCU implementation.
[    0.261476] NMI watchdog: Enabled. Permanently consumes one hw-PMU counter.
[    0.262706] smp: Bringing up secondary CPUs ...
[    0.262821] x86: Booting SMP configuration:
[    0.262822] .... node  #1, CPUs:          #1
[    0.003666] smpboot: CPU 1 Converting physical 0 to logical die 1
[    0.349940] .... node  #0, CPUs:     #2
[    0.355280] .... node  #1, CPUs:     #3
[    0.360676] .... node  #0, CPUs:     #4
[    0.366023] .... node  #1, CPUs:     #5
[    0.371367] .... node  #0, CPUs:     #6
[    0.376916] .... node  #1, CPUs:     #7
[    0.382460] .... node  #0, CPUs:     #8
[    0.387720] .... node  #1, CPUs:     #9
[    0.393412] .... node  #0, CPUs:    #10
[    0.399103] .... node  #1, CPUs:    #11
[    0.404793] .... node  #0, CPUs:    #12
[    0.410284] .... node  #1, CPUs:    #13
[    0.415597] .... node  #0, CPUs:    #14
[    0.420801] .... node  #1, CPUs:    #15
[    0.426082] .... node  #0, CPUs:    #16
[    0.431315] .... node  #1, CPUs:    #17
[    0.436597] .... node  #0, CPUs:    #18
[    0.441998] .... node  #1, CPUs:    #19
[    0.447437] .... node  #0, CPUs:    #20
[    0.452628] .... node  #1, CPUs:    #21
[    0.458200] .... node  #0, CPUs:    #22
[    0.463608] .... node  #1, CPUs:    #23
[    0.468844] .... node  #0, CPUs:    #24
[    0.474448] .... node  #1, CPUs:    #25
[    0.479730] .... node  #0, CPUs:    #26
[    0.484909] .... node  #1, CPUs:    #27
[    0.490174] .... node  #0, CPUs:    #28
[    0.495647] .... node  #1, CPUs:    #29
[    0.500909] .... node  #0, CPUs:    #30
[    0.506094] .... node  #1, CPUs:    #31
[    0.511529] .... node  #0, CPUs:    #32
[    0.516778] .... node  #1, CPUs:    #33
[    0.522116] .... node  #0, CPUs:    #34
[    0.527528] .... node  #1, CPUs:    #35
[    0.532797] .... node  #0, CPUs:    #36
[    0.537986] .... node  #1, CPUs:    #37
[    0.543257] .... node  #0, CPUs:    #38
[    0.548780] .... node  #1, CPUs:    #39
[    0.554267] .... node  #0, CPUs:    #40
[    0.559838] .... node  #1, CPUs:    #41
[    0.565541] .... node  #0, CPUs:    #42
[    0.570811] .... node  #1, CPUs:    #43
[    0.576422] .... node  #0, CPUs:    #44
[    0.581994] .... node  #1, CPUs:    #45
[    0.587181] .... node  #0, CPUs:    #46
[    0.592684] .... node  #1, CPUs:    #47
[    0.598089] .... node  #0, CPUs:    #48
[    0.603395] .... node  #1, CPUs:    #49
[    0.608780] .... node  #0, CPUs:    #50
[    0.614235] .... node  #1, CPUs:    #51
[    0.619837] .... node  #0, CPUs:    #52
[    0.625276] .... node  #1, CPUs:    #53
[    0.630825] .... node  #0, CPUs:    #54
[    0.636494] .... node  #1, CPUs:    #55
[    0.642250] .... node  #0, CPUs:    #56
[    0.648075] .... node  #1, CPUs:    #57
[    0.653942] .... node  #0, CPUs:    #58
[    0.659315] .... node  #1, CPUs:    #59
[    0.664716] .... node  #0, CPUs:    #60
[    0.670065] .... node  #1, CPUs:    #61
[    0.675431] .... node  #0, CPUs:    #62
[    0.680997] .... node  #1, CPUs:    #63
[    0.686560] .... node  #0, CPUs:    #64
[    0.691841] .... node  #1, CPUs:    #65
[    0.697540] .... node  #0, CPUs:    #66
[    0.703249] .... node  #1, CPUs:    #67
[    0.708960] .... node  #0, CPUs:    #68
[    0.714459] .... node  #1, CPUs:    #69
[    0.719791] .... node  #0, CPUs:    #70
[    0.725000] .... node  #1, CPUs:    #71
[    0.730294] .... node  #0, CPUs:    #72
[    0.735555] .... node  #1, CPUs:    #73
[    0.740850] .... node  #0, CPUs:    #74
[    0.746079] .... node  #1, CPUs:    #75
[    0.751708] .... node  #0, CPUs:    #76
[    0.756933] .... node  #1, CPUs:    #77
[    0.762521] .... node  #0, CPUs:    #78
[    0.767940] .... node  #1, CPUs:    #79
[    0.773210] .... node  #0, CPUs:    #80
[    0.778817] .... node  #1, CPUs:    #81
[    0.784132] .... node  #0, CPUs:    #82
[    0.789324] .... node  #1, CPUs:    #83
[    0.794622] .... node  #0, CPUs:    #84
[    0.800115] .... node  #1, CPUs:    #85
[    0.805397] .... node  #0, CPUs:    #86
[    0.810585] .... node  #1, CPUs:    #87
[    0.816051] .... node  #0, CPUs:    #88
[    0.821324] .... node  #1, CPUs:    #89
[    0.826678] .... node  #0, CPUs:    #90
[    0.832099] .... node  #1, CPUs:    #91
[    0.837387] .... node  #0, CPUs:    #92
[    0.842583] .... node  #1, CPUs:    #93
[    0.847871] .... node  #0, CPUs:    #94
[    0.853424] .... node  #1, CPUs:    #95
[    0.858916] .... node  #0, CPUs:    #96
[    0.864507] .... node  #1, CPUs:    #97
[    0.870234] .... node  #0, CPUs:    #98
[    0.875524] .... node  #1, CPUs:    #99
[    0.881158] .... node  #0, CPUs:   #100
[    0.886479] .... node  #1, CPUs:   #101
[    0.891938] .... node  #0, CPUs:   #102
[    0.897454] .... node  #1, CPUs:   #103
[    0.902880] .... node  #0, CPUs:   #104
[    0.908201] .... node  #1, CPUs:   #105
[    0.913608] .... node  #0, CPUs:   #106
[    0.919072] .... node  #1, CPUs:   #107
[    0.924704] .... node  #0, CPUs:   #108
[    0.930141] .... node  #1, CPUs:   #109
[    0.935719] .... node  #0, CPUs:   #110
[    0.941396] .... node  #1, CPUs:   #111
[    0.947171] smp: Brought up 2 nodes, 112 CPUs
[    0.947171] smpboot: Max logical packages: 2
[    0.947171] smpboot: Total of 112 processors activated (448063.84 BogoMIPS)
[    0.956734] devtmpfs: initialized
[    0.956734] x86/mm: Memory block size: 2048MB
[    0.956734] PM: Registering ACPI NVS region [mem 0x49e77000-0x4ae76fff] (16777216 bytes)
[    0.956734] PM: Registering ACPI NVS region [mem 0x6e3ff000-0x6f3fefff] (16777216 bytes)
[    0.957854] clocksource: jiffies: mask: 0xffffffff max_cycles: 0xffffffff, max_idle_ns: 7645041785100000 ns
[    0.958150] futex hash table entries: 32768 (order: 9, 2097152 bytes, vmalloc)
[    0.958744] pinctrl core: initialized pinctrl subsystem
[    0.958867] PM: RTC time: 03:12:42, date: 2024-05-18
[    0.959127] NET: Registered protocol family 16
[    0.959232] audit: initializing netlink subsys (disabled)
[    0.959238] audit: type=2000 audit(1716001961.748:1): state=initialized audit_enabled=0 res=1
[    0.959238] EISA bus registered
[    0.959238] cpuidle: using governor ladder
[    0.959238] cpuidle: using governor menu
[    0.959238] ACPI FADT declares the system doesn't support PCIe ASPM, so disable it
[    0.959238] ACPI: bus type PCI registered
[    0.959238] acpiphp: ACPI Hot Plug PCI Controller Driver version: 0.5
[    0.959238] PCI: MMCONFIG for domain 0000 [bus 00-ff] at [mem 0x80000000-0x8fffffff] (base 0x80000000)
[    0.959238] PCI: MMCONFIG at [mem 0x80000000-0x8fffffff] reserved in E820
[    0.959238] pmd_set_huge: Cannot satisfy [mem 0x80000000-0x80200000] with a huge-page mapping due to MTRR override.
[    0.959238] PCI: Using configuration type 1 for base access
[    0.959238] PCI: Dell System detected, enabling pci=bfsort.
[    0.961838] ENERGY_PERF_BIAS: Set to 'normal', was 'performance'
[    0.966116] HugeTLB registered 1.00 GiB page size, pre-allocated 0 pages
[    0.966116] HugeTLB registered 2.00 MiB page size, pre-allocated 0 pages
[    0.970233] ACPI: Added _OSI(Module Device)
[    0.970234] ACPI: Added _OSI(Processor Device)
[    0.970235] ACPI: Added _OSI(3.0 _SCP Extensions)
[    0.970235] ACPI: Added _OSI(Processor Aggregator Device)
[    0.970236] ACPI: Added _OSI(Linux-Dell-Video)
[    0.970237] ACPI: Added _OSI(Linux-Lenovo-NV-HDMI-Audio)
[    0.970240] ACPI: Added _OSI(Linux-HPI-Hybrid-Graphics)
[    1.134162] ACPI: 8 ACPI AML tables successfully acquired and loaded
[    1.141284] ACPI: [Firmware Bug]: BIOS _OSI(Linux) query ignored
[    1.147937] ACPI: Dynamic OEM Table Load:
[    1.538915] ACPI: Interpreter enabled
[    1.538934] ACPI: (supports S0 S5)
[    1.538935] ACPI: Using IOAPIC for interrupt routing
[    1.539028] HEST: Table parsing has been initialized.
[    1.539031] PCI: Using host bridge windows from ACPI; if necessary, use "pci=nocrs" and report a bug
[    1.567826] ACPI: Enabled 4 GPEs in block 00 to 7F
[    1.692198] ACPI: PCI Root Bridge [PC00] (domain 0000 [bus 00-15])
[    1.692203] acpi PNP0A08:00: _OSC: OS supports [ExtendedConfig ASPM ClockPM Segments MSI HPX-Type3]
[    1.692280] acpi PNP0A08:00: PCIe AER handled by firmware
[    1.692391] acpi PNP0A08:00: _OSC: platform does not support [SHPCHotplug LTR]
[    1.692597] acpi PNP0A08:00: _OSC: OS now controls [PCIeHotplug PME PCIeCapability]
[    1.692598] acpi PNP0A08:00: FADT indicates ASPM is unsupported, using BIOS configuration
[    1.694384] PCI host bridge to bus 0000:00
[    1.694386] pci_bus 0000:00: root bus resource [io  0x0000-0x0cf7 window]
[    1.694387] pci_bus 0000:00: root bus resource [io  0x1000-0x4fff window]
[    1.694388] pci_bus 0000:00: root bus resource [mem 0x000a0000-0x000bffff window]
[    1.694389] pci_bus 0000:00: root bus resource [mem 0x000c8000-0x000cffff window]
[    1.694390] pci_bus 0000:00: root bus resource [mem 0xfe010000-0xfe010fff window]
[    1.694390] pci_bus 0000:00: root bus resource [mem 0x90000000-0x9b7fffff window]
[    1.694391] pci_bus 0000:00: root bus resource [mem 0x200000000000-0x20ffffffffff window]
[    1.694392] pci_bus 0000:00: root bus resource [bus 00-15]
[    1.694402] pci 0000:00:00.0: [8086:09a2] type 00 class 0x088000
[    1.695122] pci 0000:00:00.1: [8086:09a4] type 00 class 0x088000
[    1.695827] pci 0000:00:00.2: [8086:09a3] type 00 class 0x088000
[    1.696531] pci 0000:00:00.4: [8086:0998] type 00 class 0x060000
[    1.697238] pci 0000:00:02.0: [8086:09a6] type 00 class 0x088000
[    1.697248] pci 0000:00:02.0: reg 0x10: [mem 0x92dfc000-0x92dfdfff]
[    1.697947] pci 0000:00:02.1: [8086:09a7] type 00 class 0x088000
[    1.697956] pci 0000:00:02.1: reg 0x10: [mem 0x92d00000-0x92d7ffff]
[    1.697961] pci 0000:00:02.1: reg 0x14: [mem 0x92c80000-0x92cfffff]
[    1.698658] pci 0000:00:02.4: [8086:3456] type 00 class 0x130000
[    1.698669] pci 0000:00:02.4: reg 0x10: [mem 0x92a00000-0x92afffff 64bit]
[    1.698675] pci 0000:00:02.4: reg 0x18: [mem 0x92df0000-0x92df3fff 64bit]
[    1.698681] pci 0000:00:02.4: reg 0x20: [mem 0x92dc0000-0x92ddffff 64bit]
[    1.699387] pci 0000:00:11.0: [8086:a1ec] type 00 class 0xff0000
[    1.700153] pci 0000:00:11.5: [8086:a1d2] type 00 class 0x010601
[    1.700170] pci 0000:00:11.5: reg 0x10: [mem 0x92dfa000-0x92dfbfff]
[    1.700177] pci 0000:00:11.5: reg 0x14: [mem 0x92e05000-0x92e050ff]
[    1.700184] pci 0000:00:11.5: reg 0x18: [io  0x2068-0x206f]
[    1.700192] pci 0000:00:11.5: reg 0x1c: [io  0x2074-0x2077]
[    1.700199] pci 0000:00:11.5: reg 0x20: [io  0x2040-0x205f]
[    1.700205] pci 0000:00:11.5: reg 0x24: [mem 0x92b80000-0x92bfffff]
[    1.700244] pci 0000:00:11.5: PME# supported from D3hot
[    1.700960] pci 0000:00:14.0: [8086:a1af] type 00 class 0x0c0330
[    1.700981] pci 0000:00:14.0: reg 0x10: [mem 0x92de0000-0x92deffff 64bit]
[    1.701045] pci 0000:00:14.0: PME# supported from D3hot D3cold
[    1.701757] pci 0000:00:14.2: [8086:a1b1] type 00 class 0x118000
[    1.701778] pci 0000:00:14.2: reg 0x10: [mem 0x92e02000-0x92e02fff 64bit]
[    1.702522] pci 0000:00:16.0: [8086:a1ba] type 00 class 0x078000
[    1.702550] pci 0000:00:16.0: reg 0x10: [mem 0x92e01000-0x92e01fff 64bit]
[    1.702634] pci 0000:00:16.0: PME# supported from D3hot
[    1.703316] pci 0000:00:16.1: [8086:a1bb] type 00 class 0x078000
[    1.703344] pci 0000:00:16.1: reg 0x10: [mem 0x92e00000-0x92e00fff 64bit]
[    1.703429] pci 0000:00:16.1: PME# supported from D3hot
[    1.704116] pci 0000:00:16.4: [8086:a1be] type 00 class 0x078000
[    1.704144] pci 0000:00:16.4: reg 0x10: [mem 0x92dff000-0x92dfffff 64bit]
[    1.704229] pci 0000:00:16.4: PME# supported from D3hot
[    1.704916] pci 0000:00:17.0: [8086:a182] type 00 class 0x010601
[    1.704933] pci 0000:00:17.0: reg 0x10: [mem 0x92df8000-0x92df9fff]
[    1.704940] pci 0000:00:17.0: reg 0x14: [mem 0x92e04000-0x92e040ff]
[    1.704946] pci 0000:00:17.0: reg 0x18: [io  0x2060-0x2067]
[    1.704953] pci 0000:00:17.0: reg 0x1c: [io  0x2070-0x2073]
[    1.704960] pci 0000:00:17.0: reg 0x20: [io  0x2020-0x203f]
[    1.704967] pci 0000:00:17.0: reg 0x24: [mem 0x92b00000-0x92b7ffff]
[    1.705005] pci 0000:00:17.0: PME# supported from D3hot
[    1.705719] pci 0000:00:1c.0: [8086:a190] type 01 class 0x060400
[    1.705798] pci 0000:00:1c.0: PME# supported from D0 D3hot D3cold
[    1.706565] pci 0000:00:1c.4: [8086:a194] type 01 class 0x060400
[    1.706638] pci 0000:00:1c.4: PME# supported from D0 D3hot D3cold
[    1.707395] pci 0000:00:1c.5: [8086:a195] type 01 class 0x060400
[    1.707468] pci 0000:00:1c.5: PME# supported from D0 D3hot D3cold
[    1.708230] pci 0000:00:1f.0: [8086:a1cb] type 00 class 0x060100
[    1.709040] pci 0000:00:1f.2: [8086:a1a1] type 00 class 0x058000
[    1.709055] pci 0000:00:1f.2: reg 0x10: [mem 0x92df4000-0x92df7fff]
[    1.709807] pci 0000:00:1f.4: [8086:a1a3] type 00 class 0x0c0500
[    1.709827] pci 0000:00:1f.4: reg 0x10: [mem 0x92dfe000-0x92dfe0ff 64bit]
[    1.709850] pci 0000:00:1f.4: reg 0x20: [io  0x2000-0x201f]
[    1.710544] pci 0000:00:1f.5: [8086:a1a4] type 00 class 0x0c8000
[    1.710560] pci 0000:00:1f.5: reg 0x10: [mem 0xfe010000-0xfe010fff]
[    1.711312] pci 0000:00:1c.0: PCI bridge to [bus 01]
[    1.711360] pci 0000:02:00.0: [1556:be00] type 01 class 0x060400
[    1.711529] pci 0000:00:1c.4: PCI bridge to [bus 02-03]
[    1.711533] pci 0000:00:1c.4:   bridge window [mem 0x92000000-0x928fffff]
[    1.711537] pci 0000:00:1c.4:   bridge window [mem 0x91000000-0x91ffffff 64bit pref]
[    1.711569] pci_bus 0000:03: extended config space not accessible
[    1.711586] pci 0000:03:00.0: [102b:0536] type 00 class 0x030000
[    1.711605] pci 0000:03:00.0: reg 0x10: [mem 0x91000000-0x91ffffff pref]
[    1.711615] pci 0000:03:00.0: reg 0x14: [mem 0x92808000-0x9280bfff]
[    1.711626] pci 0000:03:00.0: reg 0x18: [mem 0x92000000-0x927fffff]
[    1.711673] pci 0000:03:00.0: BAR 0: assigned to efifb
[    1.711768] pci 0000:02:00.0: PCI bridge to [bus 03]
[    1.711776] pci 0000:02:00.0:   bridge window [mem 0x92000000-0x928fffff]
[    1.711782] pci 0000:02:00.0:   bridge window [mem 0x91000000-0x91ffffff 64bit pref]
[    1.711847] pci 0000:04:00.0: [14e4:165f] type 00 class 0x020000
[    1.711878] pci 0000:04:00.0: reg 0x10: [mem 0x92930000-0x9293ffff 64bit pref]
[    1.711894] pci 0000:04:00.0: reg 0x18: [mem 0x92940000-0x9294ffff 64bit pref]
[    1.711909] pci 0000:04:00.0: reg 0x20: [mem 0x92950000-0x9295ffff 64bit pref]
[    1.711919] pci 0000:04:00.0: reg 0x30: [mem 0xfffc0000-0xffffffff pref]
[    1.712011] pci 0000:04:00.0: PME# supported from D0 D3hot D3cold
[    1.712050] pci 0000:04:00.0: 4.000 Gb/s available PCIe bandwidth, limited by 5 GT/s x1 link at 0000:00:1c.5 (capable of 8.000 Gb/s with 5 GT/s x2 link)
[    1.712179] pci 0000:04:00.1: [14e4:165f] type 00 class 0x020000
[    1.712211] pci 0000:04:00.1: reg 0x10: [mem 0x92900000-0x9290ffff 64bit pref]
[    1.712226] pci 0000:04:00.1: reg 0x18: [mem 0x92910000-0x9291ffff 64bit pref]
[    1.712241] pci 0000:04:00.1: reg 0x20: [mem 0x92920000-0x9292ffff 64bit pref]
[    1.712251] pci 0000:04:00.1: reg 0x30: [mem 0xfffc0000-0xffffffff pref]
[    1.712343] pci 0000:04:00.1: PME# supported from D0 D3hot D3cold
[    1.712489] pci 0000:00:1c.5: PCI bridge to [bus 04]
[    1.712495] pci 0000:00:1c.5:   bridge window [mem 0x92900000-0x929fffff 64bit pref]
[    1.712509] pci_bus 0000:00: on NUMA node 0
[    1.713058] ACPI: PCI Root Bridge [PC01] (domain 0000 [bus 16-2f])
[    1.713061] acpi PNP0A08:01: _OSC: OS supports [ExtendedConfig ASPM ClockPM Segments MSI HPX-Type3]
[    1.713158] acpi PNP0A08:01: PCIe AER handled by firmware
[    1.713264] acpi PNP0A08:01: _OSC: platform does not support [SHPCHotplug]
[    1.713465] acpi PNP0A08:01: _OSC: OS now controls [PCIeHotplug PME PCIeCapability LTR]
[    1.713465] acpi PNP0A08:01: FADT indicates ASPM is unsupported, using BIOS configuration
[    1.713586] PCI host bridge to bus 0000:16
[    1.713587] pci_bus 0000:16: root bus resource [io  0x5000-0x6fff window]
[    1.713588] pci_bus 0000:16: root bus resource [mem 0x9b800000-0xa63fffff window]
[    1.713589] pci_bus 0000:16: root bus resource [mem 0x210000000000-0x21ffffffffff window]
[    1.713590] pci_bus 0000:16: root bus resource [bus 16-2f]
[    1.713597] pci 0000:16:00.0: [8086:09a2] type 00 class 0x088000
[    1.713661] pci 0000:16:00.1: [8086:09a4] type 00 class 0x088000
[    1.713724] pci 0000:16:00.2: [8086:09a3] type 00 class 0x088000
[    1.713787] pci 0000:16:00.4: [8086:0998] type 00 class 0x060000
[    1.713849] pci 0000:16:02.0: [8086:347a] type 01 class 0x060400
[    1.713863] pci 0000:16:02.0: reg 0x10: [mem 0x21fffff00000-0x21fffff1ffff 64bit]
[    1.713899] pci 0000:16:02.0: PME# supported from D0 D3hot D3cold
[    1.714197] pci 0000:17:00.0: [1000:10e2] type 00 class 0x010400
[    1.714217] pci 0000:17:00.0: reg 0x10: [mem 0x9b800000-0x9b8fffff 64bit pref]
[    1.714225] pci 0000:17:00.0: reg 0x18: [mem 0x9b900000-0x9b9fffff 64bit pref]
[    1.714230] pci 0000:17:00.0: reg 0x20: [mem 0x9ba00000-0x9bafffff]
[    1.714236] pci 0000:17:00.0: reg 0x24: [io  0x5000-0x50ff]
[    1.714241] pci 0000:17:00.0: reg 0x30: [mem 0xfff00000-0xffffffff pref]
[    1.715450] pci 0000:17:00.0: supports D1 D2
[    1.715500] pci 0000:16:02.0: PCI bridge to [bus 17]
[    1.715502] pci 0000:16:02.0:   bridge window [io  0x5000-0x5fff]
[    1.715504] pci 0000:16:02.0:   bridge window [mem 0x9ba00000-0x9bafffff]
[    1.715506] pci 0000:16:02.0:   bridge window [mem 0x9b800000-0x9b9fffff 64bit pref]
[    1.715512] pci_bus 0000:16: on NUMA node 0
[    1.715576] ACPI: PCI Root Bridge [PC02] (domain 0000 [bus 30-49])
[    1.715578] acpi PNP0A08:02: _OSC: OS supports [ExtendedConfig ASPM ClockPM Segments MSI HPX-Type3]
[    1.715672] acpi PNP0A08:02: PCIe AER handled by firmware
[    1.715778] acpi PNP0A08:02: _OSC: platform does not support [SHPCHotplug]
[    1.715977] acpi PNP0A08:02: _OSC: OS now controls [PCIeHotplug PME PCIeCapability LTR]
[    1.715977] acpi PNP0A08:02: FADT indicates ASPM is unsupported, using BIOS configuration
[    1.716093] PCI host bridge to bus 0000:30
[    1.716094] pci_bus 0000:30: root bus resource [io  0x7000-0x8fff window]
[    1.716095] pci_bus 0000:30: root bus resource [mem 0xa6400000-0xb0ffffff window]
[    1.716096] pci_bus 0000:30: root bus resource [mem 0x220000000000-0x22ffffffffff window]
[    1.716096] pci_bus 0000:30: root bus resource [bus 30-49]
[    1.716103] pci 0000:30:00.0: [8086:09a2] type 00 class 0x088000
[    1.716170] pci 0000:30:00.1: [8086:09a4] type 00 class 0x088000
[    1.716230] pci 0000:30:00.2: [8086:09a3] type 00 class 0x088000
[    1.716293] pci 0000:30:00.4: [8086:0998] type 00 class 0x060000
[    1.716363] pci_bus 0000:30: on NUMA node 0
[    1.716449] ACPI: PCI Root Bridge [PC04] (domain 0000 [bus 4a-63])
[    1.716451] acpi PNP0A08:04: _OSC: OS supports [ExtendedConfig ASPM ClockPM Segments MSI HPX-Type3]
[    1.716542] acpi PNP0A08:04: PCIe AER handled by firmware
[    1.716646] acpi PNP0A08:04: _OSC: platform does not support [SHPCHotplug]
[    1.716844] acpi PNP0A08:04: _OSC: OS now controls [PCIeHotplug PME PCIeCapability LTR]
[    1.716845] acpi PNP0A08:04: FADT indicates ASPM is unsupported, using BIOS configuration
[    1.716955] PCI host bridge to bus 0000:4a
[    1.716956] pci_bus 0000:4a: root bus resource [io  0x9000-0x9fff window]
[    1.716956] pci_bus 0000:4a: root bus resource [mem 0xb1000000-0xbbbfffff window]
[    1.716957] pci_bus 0000:4a: root bus resource [mem 0x230000000000-0x23ffffffffff window]
[    1.716958] pci_bus 0000:4a: root bus resource [bus 4a-63]
[    1.716965] pci 0000:4a:00.0: [8086:09a2] type 00 class 0x088000
[    1.717027] pci 0000:4a:00.1: [8086:09a4] type 00 class 0x088000
[    1.717087] pci 0000:4a:00.2: [8086:09a3] type 00 class 0x088000
[    1.717153] pci 0000:4a:00.4: [8086:0998] type 00 class 0x060000
[    1.717223] pci_bus 0000:4a: on NUMA node 0
[    1.717282] ACPI: PCI Root Bridge [PC05] (domain 0000 [bus 64-7d])
[    1.717283] acpi PNP0A08:05: _OSC: OS supports [ExtendedConfig ASPM ClockPM Segments MSI HPX-Type3]
[    1.717373] acpi PNP0A08:05: PCIe AER handled by firmware
[    1.717476] acpi PNP0A08:05: _OSC: platform does not support [SHPCHotplug]
[    1.717673] acpi PNP0A08:05: _OSC: OS now controls [PCIeHotplug PME PCIeCapability LTR]
[    1.717674] acpi PNP0A08:05: FADT indicates ASPM is unsupported, using BIOS configuration
[    1.717782] PCI host bridge to bus 0000:64
[    1.717783] pci_bus 0000:64: root bus resource [io  0xa000-0xafff window]
[    1.717784] pci_bus 0000:64: root bus resource [mem 0xbbc00000-0xc5ffffff window]
[    1.717785] pci_bus 0000:64: root bus resource [mem 0x240000000000-0x24ffffffffff window]
[    1.717786] pci_bus 0000:64: root bus resource [bus 64-7d]
[    1.717792] pci 0000:64:00.0: [8086:09a2] type 00 class 0x088000
[    1.717856] pci 0000:64:00.1: [8086:09a4] type 00 class 0x088000
[    1.717917] pci 0000:64:00.2: [8086:09a3] type 00 class 0x088000
[    1.717980] pci 0000:64:00.4: [8086:0998] type 00 class 0x060000
[    1.718051] pci_bus 0000:64: on NUMA node 0
[    1.718108] ACPI: PCI Root Bridge [UC06] (domain 0000 [bus 7e])
[    1.718110] acpi PNP0A03:00: _OSC: OS supports [ExtendedConfig ASPM ClockPM Segments MSI HPX-Type3]
[    1.718185] acpi PNP0A03:00: PCIe AER handled by firmware
[    1.718274] acpi PNP0A03:00: _OSC: platform does not support [SHPCHotplug LTR]
[    1.718443] acpi PNP0A03:00: _OSC: OS now controls [PCIeHotplug PME PCIeCapability]
[    1.718443] acpi PNP0A03:00: FADT indicates ASPM is unsupported, using BIOS configuration
[    1.718575] PCI host bridge to bus 0000:7e
[    1.718576] pci_bus 0000:7e: root bus resource [bus 7e]
[    1.718582] pci 0000:7e:00.0: [8086:3450] type 00 class 0x088000
[    1.718651] pci 0000:7e:00.1: [8086:3451] type 00 class 0x088000
[    1.718714] pci 0000:7e:00.2: [8086:3452] type 00 class 0x088000
[    1.718786] pci 0000:7e:00.3: [8086:0998] type 00 class 0x060000
[    1.718850] pci 0000:7e:00.5: [8086:3455] type 00 class 0x088000
[    1.718919] pci 0000:7e:02.0: [8086:3440] type 00 class 0x088000
[    1.719040] pci 0000:7e:02.1: [8086:3441] type 00 class 0x088000
[    1.719153] pci 0000:7e:02.2: [8086:3442] type 00 class 0x088000
[    1.719268] pci 0000:7e:03.0: [8086:3440] type 00 class 0x088000
[    1.719356] pci 0000:7e:03.1: [8086:3441] type 00 class 0x088000
[    1.719438] pci 0000:7e:03.2: [8086:3442] type 00 class 0x088000
[    1.719531] pci 0000:7e:04.0: [8086:3440] type 00 class 0x088000
[    1.719657] pci 0000:7e:04.1: [8086:3441] type 00 class 0x088000
[    1.719778] pci 0000:7e:04.2: [8086:3442] type 00 class 0x088000
[    1.719901] pci 0000:7e:04.3: [8086:3443] type 00 class 0x088000
[    1.720025] pci 0000:7e:05.0: [8086:3445] type 00 class 0x088000
[    1.720151] pci 0000:7e:05.1: [8086:3446] type 00 class 0x088000
[    1.720269] pci 0000:7e:05.2: [8086:3447] type 00 class 0x088000
[    1.720387] pci 0000:7e:06.0: [8086:3445] type 00 class 0x088000
[    1.720478] pci 0000:7e:06.1: [8086:3446] type 00 class 0x088000
[    1.720564] pci 0000:7e:06.2: [8086:3447] type 00 class 0x088000
[    1.720656] pci 0000:7e:07.0: [8086:3445] type 00 class 0x088000
[    1.720782] pci 0000:7e:07.1: [8086:3446] type 00 class 0x088000
[    1.720908] pci 0000:7e:07.2: [8086:3447] type 00 class 0x088000
[    1.721033] pci 0000:7e:0b.0: [8086:3448] type 00 class 0x088000
[    1.721107] pci 0000:7e:0b.1: [8086:3448] type 00 class 0x088000
[    1.721180] pci 0000:7e:0b.2: [8086:344b] type 00 class 0x088000
[    1.721265] pci 0000:7e:0c.0: [8086:344a] type 00 class 0x110100
[    1.721362] pci 0000:7e:0d.0: [8086:344a] type 00 class 0x110100
[    1.721458] pci 0000:7e:0e.0: [8086:344a] type 00 class 0x110100
[    1.721607] pci 0000:7e:0f.0: [8086:344a] type 00 class 0x110100
[    1.721768] pci 0000:7e:1a.0: [8086:2880] type 00 class 0x110100
[    1.721866] pci 0000:7e:1b.0: [8086:2880] type 00 class 0x110100
[    1.721958] pci 0000:7e:1c.0: [8086:2880] type 00 class 0x110100
[    1.722112] pci 0000:7e:1d.0: [8086:2880] type 00 class 0x110100
[    1.722274] pci_bus 0000:7e: on NUMA node 0
[    1.722348] ACPI: PCI Root Bridge [UC07] (domain 0000 [bus 7f])
[    1.722350] acpi PNP0A03:01: _OSC: OS supports [ExtendedConfig ASPM ClockPM Segments MSI HPX-Type3]
[    1.722426] acpi PNP0A03:01: PCIe AER handled by firmware
[    1.722516] acpi PNP0A03:01: _OSC: platform does not support [SHPCHotplug LTR]
[    1.722686] acpi PNP0A03:01: _OSC: OS now controls [PCIeHotplug PME PCIeCapability]
[    1.722686] acpi PNP0A03:01: FADT indicates ASPM is unsupported, using BIOS configuration
[    1.722830] PCI host bridge to bus 0000:7f
[    1.722830] pci_bus 0000:7f: root bus resource [bus 7f]
[    1.722840] pci 0000:7f:00.0: [8086:344c] type 00 class 0x088000
[    1.722949] pci 0000:7f:00.1: [8086:344c] type 00 class 0x088000
[    1.723068] pci 0000:7f:00.2: [8086:344c] type 00 class 0x088000
[    1.723188] pci 0000:7f:00.3: [8086:344c] type 00 class 0x088000
[    1.723284] pci 0000:7f:00.4: [8086:344c] type 00 class 0x088000
[    1.723412] pci 0000:7f:00.5: [8086:344c] type 00 class 0x088000
[    1.723539] pci 0000:7f:00.6: [8086:344c] type 00 class 0x088000
[    1.723624] pci 0000:7f:00.7: [8086:344c] type 00 class 0x088000
[    1.723721] pci 0000:7f:01.0: [8086:344c] type 00 class 0x088000
[    1.723858] pci 0000:7f:01.1: [8086:344c] type 00 class 0x088000
[    1.723985] pci 0000:7f:01.2: [8086:344c] type 00 class 0x088000
[    1.724073] pci 0000:7f:01.3: [8086:344c] type 00 class 0x088000
[    1.724212] pci 0000:7f:01.4: [8086:344c] type 00 class 0x088000
[    1.724349] pci 0000:7f:01.5: [8086:344c] type 00 class 0x088000
[    1.724492] pci 0000:7f:01.6: [8086:344c] type 00 class 0x088000
[    1.724621] pci 0000:7f:01.7: [8086:344c] type 00 class 0x088000
[    1.724759] pci 0000:7f:02.0: [8086:344c] type 00 class 0x088000
[    1.724899] pci 0000:7f:02.1: [8086:344c] type 00 class 0x088000
[    1.725037] pci 0000:7f:02.2: [8086:344c] type 00 class 0x088000
[    1.725175] pci 0000:7f:02.3: [8086:344c] type 00 class 0x088000
[    1.725321] pci 0000:7f:02.4: [8086:344c] type 00 class 0x088000
[    1.725464] pci 0000:7f:02.5: [8086:344c] type 00 class 0x088000
[    1.725607] pci 0000:7f:02.6: [8086:344c] type 00 class 0x088000
[    1.725760] pci 0000:7f:02.7: [8086:344c] type 00 class 0x088000
[    1.725921] pci 0000:7f:03.0: [8086:344c] type 00 class 0x088000
[    1.726073] pci 0000:7f:03.1: [8086:344c] type 00 class 0x088000
[    1.726231] pci 0000:7f:03.2: [8086:344c] type 00 class 0x088000
[    1.726387] pci 0000:7f:03.3: [8086:344c] type 00 class 0x088000
[    1.726552] pci 0000:7f:0a.0: [8086:344d] type 00 class 0x088000
[    1.726661] pci 0000:7f:0a.1: [8086:344d] type 00 class 0x088000
[    1.726779] pci 0000:7f:0a.2: [8086:344d] type 00 class 0x088000
[    1.726898] pci 0000:7f:0a.3: [8086:344d] type 00 class 0x088000
[    1.727002] pci 0000:7f:0a.4: [8086:344d] type 00 class 0x088000
[    1.727130] pci 0000:7f:0a.5: [8086:344d] type 00 class 0x088000
[    1.727253] pci 0000:7f:0a.6: [8086:344d] type 00 class 0x088000
[    1.727340] pci 0000:7f:0a.7: [8086:344d] type 00 class 0x088000
[    1.727431] pci 0000:7f:0b.0: [8086:344d] type 00 class 0x088000
[    1.727566] pci 0000:7f:0b.1: [8086:344d] type 00 class 0x088000
[    1.727696] pci 0000:7f:0b.2: [8086:344d] type 00 class 0x088000
[    1.727783] pci 0000:7f:0b.3: [8086:344d] type 00 class 0x088000
[    1.727925] pci 0000:7f:0b.4: [8086:344d] type 00 class 0x088000
[    1.728065] pci 0000:7f:0b.5: [8086:344d] type 00 class 0x088000
[    1.728208] pci 0000:7f:0b.6: [8086:344d] type 00 class 0x088000
[    1.728335] pci 0000:7f:0b.7: [8086:344d] type 00 class 0x088000
[    1.728471] pci 0000:7f:0c.0: [8086:344d] type 00 class 0x088000
[    1.728610] pci 0000:7f:0c.1: [8086:344d] type 00 class 0x088000
[    1.728747] pci 0000:7f:0c.2: [8086:344d] type 00 class 0x088000
[    1.728886] pci 0000:7f:0c.3: [8086:344d] type 00 class 0x088000
[    1.729037] pci 0000:7f:0c.4: [8086:344d] type 00 class 0x088000
[    1.729179] pci 0000:7f:0c.5: [8086:344d] type 00 class 0x088000
[    1.729323] pci 0000:7f:0c.6: [8086:344d] type 00 class 0x088000
[    1.729477] pci 0000:7f:0c.7: [8086:344d] type 00 class 0x088000
[    1.729629] pci 0000:7f:0d.0: [8086:344d] type 00 class 0x088000
[    1.729782] pci 0000:7f:0d.1: [8086:344d] type 00 class 0x088000
[    1.729940] pci 0000:7f:0d.2: [8086:344d] type 00 class 0x088000
[    1.730096] pci 0000:7f:0d.3: [8086:344d] type 00 class 0x088000
[    1.730278] pci 0000:7f:1d.0: [8086:344f] type 00 class 0x088000
[    1.730396] pci 0000:7f:1d.1: [8086:3457] type 00 class 0x088000
[    1.730514] pci 0000:7f:1e.0: [8086:3458] type 00 class 0x088000
[    1.730590] pci 0000:7f:1e.1: [8086:3459] type 00 class 0x088000
[    1.730666] pci 0000:7f:1e.2: [8086:345a] type 00 class 0x088000
[    1.730739] pci 0000:7f:1e.3: [8086:345b] type 00 class 0x088000
[    1.730813] pci 0000:7f:1e.4: [8086:345c] type 00 class 0x088000
[    1.730888] pci 0000:7f:1e.5: [8086:345d] type 00 class 0x088000
[    1.730967] pci 0000:7f:1e.6: [8086:345e] type 00 class 0x088000
[    1.731042] pci 0000:7f:1e.7: [8086:345f] type 00 class 0x088000
[    1.731113] pci_bus 0000:7f: on NUMA node 0
[    1.731201] ACPI: PCI Root Bridge [PC06] (domain 0000 [bus 80])
[    1.731204] acpi PNP0A08:06: _OSC: OS supports [ExtendedConfig ASPM ClockPM Segments MSI HPX-Type3]
[    1.731299] acpi PNP0A08:06: PCIe AER handled by firmware
[    1.731404] acpi PNP0A08:06: _OSC: platform does not support [SHPCHotplug]
[    1.731603] acpi PNP0A08:06: _OSC: OS now controls [PCIeHotplug PME PCIeCapability LTR]
[    1.731603] acpi PNP0A08:06: FADT indicates ASPM is unsupported, using BIOS configuration
[    1.731746] PCI host bridge to bus 0000:80
[    1.731747] pci_bus 0000:80: root bus resource [io  0xb000-0xbfff window]
[    1.731748] pci_bus 0000:80: root bus resource [mem 0xc6800000-0xd0ffffff window]
[    1.731748] pci_bus 0000:80: root bus resource [mem 0x250000000000-0x25ffffffffff window]
[    1.731749] pci_bus 0000:80: root bus resource [bus 80]
[    1.731756] pci 0000:80:00.0: [8086:09a2] type 00 class 0x088000
[    1.731837] pci 0000:80:00.1: [8086:09a4] type 00 class 0x088000
[    1.731918] pci 0000:80:00.2: [8086:09a3] type 00 class 0x088000
[    1.731995] pci 0000:80:00.4: [8086:0998] type 00 class 0x060000
[    1.732072] pci 0000:80:02.0: [8086:09a6] type 00 class 0x088000
[    1.732082] pci 0000:80:02.0: reg 0x10: [mem 0xc6aa4000-0xc6aa5fff]
[    1.732146] pci 0000:80:02.1: [8086:09a7] type 00 class 0x088000
[    1.732156] pci 0000:80:02.1: reg 0x10: [mem 0xc6a00000-0xc6a7ffff]
[    1.732161] pci 0000:80:02.1: reg 0x14: [mem 0xc6980000-0xc69fffff]
[    1.732228] pci 0000:80:02.4: [8086:3456] type 00 class 0x130000
[    1.732240] pci 0000:80:02.4: reg 0x10: [mem 0xc6800000-0xc68fffff 64bit]
[    1.732247] pci 0000:80:02.4: reg 0x18: [mem 0xc6aa0000-0xc6aa3fff 64bit]
[    1.732253] pci 0000:80:02.4: reg 0x20: [mem 0xc6a80000-0xc6a9ffff 64bit]
[    1.732313] pci_bus 0000:80: on NUMA node 1
[    1.732379] ACPI: PCI Root Bridge [PC07] (domain 0000 [bus 81])
[    1.732381] acpi PNP0A08:07: _OSC: OS supports [ExtendedConfig ASPM ClockPM Segments MSI HPX-Type3]
[    1.732471] acpi PNP0A08:07: PCIe AER handled by firmware
[    1.732575] acpi PNP0A08:07: _OSC: platform does not support [SHPCHotplug]
[    1.732774] acpi PNP0A08:07: _OSC: OS now controls [PCIeHotplug PME PCIeCapability LTR]
[    1.732774] acpi PNP0A08:07: FADT indicates ASPM is unsupported, using BIOS configuration
[    1.732890] PCI host bridge to bus 0000:81
[    1.732891] pci_bus 0000:81: root bus resource [io  0xc000-0xcfff window]
[    1.732892] pci_bus 0000:81: root bus resource [mem 0xd1000000-0xdbbfffff window]
[    1.732893] pci_bus 0000:81: root bus resource [mem 0x260000000000-0x26ffffffffff window]
[    1.732894] pci_bus 0000:81: root bus resource [bus 81]
[    1.732901] pci 0000:81:00.0: [8086:09a2] type 00 class 0x088000
[    1.732969] pci 0000:81:00.1: [8086:09a4] type 00 class 0x088000
[    1.733035] pci 0000:81:00.2: [8086:09a3] type 00 class 0x088000
[    1.733104] pci 0000:81:00.4: [8086:0998] type 00 class 0x060000
[    1.733183] pci_bus 0000:81: on NUMA node 1
[    1.733242] ACPI: PCI Root Bridge [PC08] (domain 0000 [bus 82])
[    1.733244] acpi PNP0A08:08: _OSC: OS supports [ExtendedConfig ASPM ClockPM Segments MSI HPX-Type3]
[    1.733334] acpi PNP0A08:08: PCIe AER handled by firmware
[    1.733437] acpi PNP0A08:08: _OSC: platform does not support [SHPCHotplug]
[    1.733635] acpi PNP0A08:08: _OSC: OS now controls [PCIeHotplug PME PCIeCapability LTR]
[    1.733635] acpi PNP0A08:08: FADT indicates ASPM is unsupported, using BIOS configuration
[    1.733743] PCI host bridge to bus 0000:82
[    1.733744] pci_bus 0000:82: root bus resource [io  0xd000-0xdfff window]
[    1.733745] pci_bus 0000:82: root bus resource [mem 0xdbc00000-0xe67fffff window]
[    1.733746] pci_bus 0000:82: root bus resource [mem 0x270000000000-0x27ffffffffff window]
[    1.733746] pci_bus 0000:82: root bus resource [bus 82]
[    1.733754] pci 0000:82:00.0: [8086:09a2] type 00 class 0x088000
[    1.733822] pci 0000:82:00.1: [8086:09a4] type 00 class 0x088000
[    1.733890] pci 0000:82:00.2: [8086:09a3] type 00 class 0x088000
[    1.733962] pci 0000:82:00.4: [8086:0998] type 00 class 0x060000
[    1.734043] pci_bus 0000:82: on NUMA node 1
[    1.734129] ACPI: PCI Root Bridge [PC10] (domain 0000 [bus 83-f9])
[    1.734131] acpi PNP0A08:0a: _OSC: OS supports [ExtendedConfig ASPM ClockPM Segments MSI HPX-Type3]
[    1.734221] acpi PNP0A08:0a: PCIe AER handled by firmware
[    1.734325] acpi PNP0A08:0a: _OSC: platform does not support [SHPCHotplug]
[    1.734524] acpi PNP0A08:0a: _OSC: OS now controls [PCIeHotplug PME PCIeCapability LTR]
[    1.734525] acpi PNP0A08:0a: FADT indicates ASPM is unsupported, using BIOS configuration
[    1.734644] PCI host bridge to bus 0000:83
[    1.734645] pci_bus 0000:83: root bus resource [io  0xe000-0xefff window]
[    1.734646] pci_bus 0000:83: root bus resource [mem 0xe6800000-0xf13fffff window]
[    1.734647] pci_bus 0000:83: root bus resource [mem 0x280000000000-0x28ffffffffff window]
[    1.734648] pci_bus 0000:83: root bus resource [bus 83-f9]
[    1.734655] pci 0000:83:00.0: [8086:09a2] type 00 class 0x088000
[    1.734724] pci 0000:83:00.1: [8086:09a4] type 00 class 0x088000
[    1.734791] pci 0000:83:00.2: [8086:09a3] type 00 class 0x088000
[    1.734860] pci 0000:83:00.4: [8086:0998] type 00 class 0x060000
[    1.734939] pci_bus 0000:83: on NUMA node 1
[    1.734998] ACPI: PCI Root Bridge [PC11] (domain 0000 [bus fa])
[    1.734999] acpi PNP0A08:0b: _OSC: OS supports [ExtendedConfig ASPM ClockPM Segments MSI HPX-Type3]
[    1.735092] acpi PNP0A08:0b: PCIe AER handled by firmware
[    1.735196] acpi PNP0A08:0b: _OSC: platform does not support [SHPCHotplug]
[    1.735395] acpi PNP0A08:0b: _OSC: OS now controls [PCIeHotplug PME PCIeCapability LTR]
[    1.735395] acpi PNP0A08:0b: FADT indicates ASPM is unsupported, using BIOS configuration
[    1.735506] PCI host bridge to bus 0000:fa
[    1.735507] pci_bus 0000:fa: root bus resource [io  0xf000-0xffff window]
[    1.735508] pci_bus 0000:fa: root bus resource [mem 0xf1400000-0xfb7fffff window]
[    1.735508] pci_bus 0000:fa: root bus resource [mem 0x290000000000-0x29ffffffffff window]
[    1.735509] pci_bus 0000:fa: root bus resource [bus fa]
[    1.735516] pci 0000:fa:00.0: [8086:09a2] type 00 class 0x088000
[    1.735583] pci 0000:fa:00.1: [8086:09a4] type 00 class 0x088000
[    1.735652] pci 0000:fa:00.2: [8086:09a3] type 00 class 0x088000
[    1.735724] pci 0000:fa:00.4: [8086:0998] type 00 class 0x060000
[    1.735804] pci_bus 0000:fa: on NUMA node 1
[    1.735860] ACPI: PCI Root Bridge [UC16] (domain 0000 [bus fe])
[    1.735862] acpi PNP0A03:02: _OSC: OS supports [ExtendedConfig ASPM ClockPM Segments MSI HPX-Type3]
[    1.735936] acpi PNP0A03:02: PCIe AER handled by firmware
[    1.736026] acpi PNP0A03:02: _OSC: platform does not support [SHPCHotplug LTR]
[    1.736194] acpi PNP0A03:02: _OSC: OS now controls [PCIeHotplug PME PCIeCapability]
[    1.736194] acpi PNP0A03:02: FADT indicates ASPM is unsupported, using BIOS configuration
[    1.736324] PCI host bridge to bus 0000:fe
[    1.736325] pci_bus 0000:fe: root bus resource [bus fe]
[    1.736331] pci 0000:fe:00.0: [8086:3450] type 00 class 0x088000
[    1.736402] pci 0000:fe:00.1: [8086:3451] type 00 class 0x088000
[    1.736467] pci 0000:fe:00.2: [8086:3452] type 00 class 0x088000
[    1.736534] pci 0000:fe:00.3: [8086:0998] type 00 class 0x060000
[    1.736602] pci 0000:fe:00.5: [8086:3455] type 00 class 0x088000
[    1.736674] pci 0000:fe:02.0: [8086:3440] type 00 class 0x088000
[    1.736800] pci 0000:fe:02.1: [8086:3441] type 00 class 0x088000
[    1.736923] pci 0000:fe:02.2: [8086:3442] type 00 class 0x088000
[    1.737040] pci 0000:fe:03.0: [8086:3440] type 00 class 0x088000
[    1.737132] pci 0000:fe:03.1: [8086:3441] type 00 class 0x088000
[    1.737219] pci 0000:fe:03.2: [8086:3442] type 00 class 0x088000
[    1.737310] pci 0000:fe:04.0: [8086:3440] type 00 class 0x088000
[    1.737440] pci 0000:fe:04.1: [8086:3441] type 00 class 0x088000
[    1.737565] pci 0000:fe:04.2: [8086:3442] type 00 class 0x088000
[    1.737690] pci 0000:fe:04.3: [8086:3443] type 00 class 0x088000
[    1.737824] pci 0000:fe:05.0: [8086:3445] type 00 class 0x088000
[    1.737949] pci 0000:fe:05.1: [8086:3446] type 00 class 0x088000
[    1.738069] pci 0000:fe:05.2: [8086:3447] type 00 class 0x088000
[    1.738190] pci 0000:fe:06.0: [8086:3445] type 00 class 0x088000
[    1.738283] pci 0000:fe:06.1: [8086:3446] type 00 class 0x088000
[    1.738373] pci 0000:fe:06.2: [8086:3447] type 00 class 0x088000
[    1.738468] pci 0000:fe:07.0: [8086:3445] type 00 class 0x088000
[    1.738600] pci 0000:fe:07.1: [8086:3446] type 00 class 0x088000
[    1.738732] pci 0000:fe:07.2: [8086:3447] type 00 class 0x088000
[    1.738860] pci 0000:fe:0b.0: [8086:3448] type 00 class 0x088000
[    1.738937] pci 0000:fe:0b.1: [8086:3448] type 00 class 0x088000
[    1.739011] pci 0000:fe:0b.2: [8086:344b] type 00 class 0x088000
[    1.739092] pci 0000:fe:0c.0: [8086:344a] type 00 class 0x110100
[    1.739194] pci 0000:fe:0d.0: [8086:344a] type 00 class 0x110100
[    1.739290] pci 0000:fe:0e.0: [8086:344a] type 00 class 0x110100
[    1.739444] pci 0000:fe:0f.0: [8086:344a] type 00 class 0x110100
[    1.739614] pci 0000:fe:1a.0: [8086:2880] type 00 class 0x110100
[    1.739714] pci 0000:fe:1b.0: [8086:2880] type 00 class 0x110100
[    1.739810] pci 0000:fe:1c.0: [8086:2880] type 00 class 0x110100
[    1.739969] pci 0000:fe:1d.0: [8086:2880] type 00 class 0x110100
[    1.740130] pci_bus 0000:fe: on NUMA node 1
[    1.740202] ACPI: PCI Root Bridge [UC17] (domain 0000 [bus ff])
[    1.740204] acpi PNP0A03:03: _OSC: OS supports [ExtendedConfig ASPM ClockPM Segments MSI HPX-Type3]
[    1.740279] acpi PNP0A03:03: PCIe AER handled by firmware
[    1.740368] acpi PNP0A03:03: _OSC: platform does not support [SHPCHotplug LTR]
[    1.740537] acpi PNP0A03:03: _OSC: OS now controls [PCIeHotplug PME PCIeCapability]
[    1.740538] acpi PNP0A03:03: FADT indicates ASPM is unsupported, using BIOS configuration
[    1.740680] PCI host bridge to bus 0000:ff
[    1.740680] pci_bus 0000:ff: root bus resource [bus ff]
[    1.740690] pci 0000:ff:00.0: [8086:344c] type 00 class 0x088000
[    1.740805] pci 0000:ff:00.1: [8086:344c] type 00 class 0x088000
[    1.740926] pci 0000:ff:00.2: [8086:344c] type 00 class 0x088000
[    1.741032] pci 0000:ff:00.3: [8086:344c] type 00 class 0x088000
[    1.741163] pci 0000:ff:00.4: [8086:344c] type 00 class 0x088000
[    1.741287] pci 0000:ff:00.5: [8086:344c] type 00 class 0x088000
[    1.741389] pci 0000:ff:00.6: [8086:344c] type 00 class 0x088000
[    1.741523] pci 0000:ff:00.7: [8086:344c] type 00 class 0x088000
[    1.741655] pci 0000:ff:01.0: [8086:344c] type 00 class 0x088000
[    1.741796] pci 0000:ff:01.1: [8086:344c] type 00 class 0x088000
[    1.741930] pci 0000:ff:01.2: [8086:344c] type 00 class 0x088000
[    1.742025] pci 0000:ff:01.3: [8086:344c] type 00 class 0x088000
[    1.742173] pci 0000:ff:01.4: [8086:344c] type 00 class 0x088000
[    1.742317] pci 0000:ff:01.5: [8086:344c] type 00 class 0x088000
[    1.742466] pci 0000:ff:01.6: [8086:344c] type 00 class 0x088000
[    1.742599] pci 0000:ff:01.7: [8086:344c] type 00 class 0x088000
[    1.742739] pci 0000:ff:02.0: [8086:344c] type 00 class 0x088000
[    1.742881] pci 0000:ff:02.1: [8086:344c] type 00 class 0x088000
[    1.743019] pci 0000:ff:02.2: [8086:344c] type 00 class 0x088000
[    1.743164] pci 0000:ff:02.3: [8086:344c] type 00 class 0x088000
[    1.743310] pci 0000:ff:02.4: [8086:344c] type 00 class 0x088000
[    1.743454] pci 0000:ff:02.5: [8086:344c] type 00 class 0x088000
[    1.743605] pci 0000:ff:02.6: [8086:344c] type 00 class 0x088000
[    1.743753] pci 0000:ff:02.7: [8086:344c] type 00 class 0x088000
[    1.743910] pci 0000:ff:03.0: [8086:344c] type 00 class 0x088000
[    1.744073] pci 0000:ff:03.1: [8086:344c] type 00 class 0x088000
[    1.744230] pci 0000:ff:03.2: [8086:344c] type 00 class 0x088000
[    1.744393] pci 0000:ff:03.3: [8086:344c] type 00 class 0x088000
[    1.744574] pci 0000:ff:0a.0: [8086:344d] type 00 class 0x088000
[    1.744688] pci 0000:ff:0a.1: [8086:344d] type 00 class 0x088000
[    1.744808] pci 0000:ff:0a.2: [8086:344d] type 00 class 0x088000
[    1.744915] pci 0000:ff:0a.3: [8086:344d] type 00 class 0x088000
[    1.745042] pci 0000:ff:0a.4: [8086:344d] type 00 class 0x088000
[    1.745166] pci 0000:ff:0a.5: [8086:344d] type 00 class 0x088000
[    1.745268] pci 0000:ff:0a.6: [8086:344d] type 00 class 0x088000
[    1.745400] pci 0000:ff:0a.7: [8086:344d] type 00 class 0x088000
[    1.745537] pci 0000:ff:0b.0: [8086:344d] type 00 class 0x088000
[    1.745678] pci 0000:ff:0b.1: [8086:344d] type 00 class 0x088000
[    1.745811] pci 0000:ff:0b.2: [8086:344d] type 00 class 0x088000
[    1.745902] pci 0000:ff:0b.3: [8086:344d] type 00 class 0x088000
[    1.746048] pci 0000:ff:0b.4: [8086:344d] type 00 class 0x088000
[    1.746192] pci 0000:ff:0b.5: [8086:344d] type 00 class 0x088000
[    1.746339] pci 0000:ff:0b.6: [8086:344d] type 00 class 0x088000
[    1.746472] pci 0000:ff:0b.7: [8086:344d] type 00 class 0x088000
[    1.746617] pci 0000:ff:0c.0: [8086:344d] type 00 class 0x088000
[    1.746758] pci 0000:ff:0c.1: [8086:344d] type 00 class 0x088000
[    1.746899] pci 0000:ff:0c.2: [8086:344d] type 00 class 0x088000
[    1.747044] pci 0000:ff:0c.3: [8086:344d] type 00 class 0x088000
[    1.747186] pci 0000:ff:0c.4: [8086:344d] type 00 class 0x088000
[    1.747330] pci 0000:ff:0c.5: [8086:344d] type 00 class 0x088000
[    1.747481] pci 0000:ff:0c.6: [8086:344d] type 00 class 0x088000
[    1.747628] pci 0000:ff:0c.7: [8086:344d] type 00 class 0x088000
[    1.747791] pci 0000:ff:0d.0: [8086:344d] type 00 class 0x088000
[    1.747952] pci 0000:ff:0d.1: [8086:344d] type 00 class 0x088000
[    1.748105] pci 0000:ff:0d.2: [8086:344d] type 00 class 0x088000
[    1.748270] pci 0000:ff:0d.3: [8086:344d] type 00 class 0x088000
[    1.748453] pci 0000:ff:1d.0: [8086:344f] type 00 class 0x088000
[    1.748574] pci 0000:ff:1d.1: [8086:3457] type 00 class 0x088000
[    1.748696] pci 0000:ff:1e.0: [8086:3458] type 00 class 0x088000
[    1.748776] pci 0000:ff:1e.1: [8086:3459] type 00 class 0x088000
[    1.748856] pci 0000:ff:1e.2: [8086:345a] type 00 class 0x088000
[    1.748934] pci 0000:ff:1e.3: [8086:345b] type 00 class 0x088000
[    1.749009] pci 0000:ff:1e.4: [8086:345c] type 00 class 0x088000
[    1.749087] pci 0000:ff:1e.5: [8086:345d] type 00 class 0x088000
[    1.749163] pci 0000:ff:1e.6: [8086:345e] type 00 class 0x088000
[    1.749239] pci 0000:ff:1e.7: [8086:345f] type 00 class 0x088000
[    1.749315] pci_bus 0000:ff: on NUMA node 1
[    1.750361] HMAT: Memory (0x0 length 0x80000000) Flags:0003 Processor Domain:0 Memory Domain:0
[    1.750362] HMAT: Memory (0x100000000 length 0xf80000000) Flags:0003 Processor Domain:0 Memory Domain:0
[    1.750363] HMAT: Memory (0x2080000000 length 0x7e00000000) Flags:0003 Processor Domain:0 Memory Domain:2
[    1.750364] HMAT: Memory (0x1080000000 length 0x1000000000) Flags:0003 Processor Domain:1 Memory Domain:1
[    1.750364] HMAT: Memory (0x9e80000000 length 0x7e00000000) Flags:0003 Processor Domain:1 Memory Domain:3
[    1.750366] HMAT: Locality: Flags:00 Type:Read Latency Initiator Domains:2 Target Domains:4 Base:100
[    1.750367]   Initiator-Target[0-0]:7600 nsec
[    1.750367]   Initiator-Target[0-1]:13560 nsec
[    1.750368]   Initiator-Target[0-2]:25350 nsec
[    1.750368]   Initiator-Target[0-3]:31600 nsec
[    1.750369]   Initiator-Target[1-0]:13560 nsec
[    1.750369]   Initiator-Target[1-1]:7600 nsec
[    1.750370]   Initiator-Target[1-2]:31600 nsec
[    1.750370]   Initiator-Target[1-3]:25350 nsec
[    1.750371] HMAT: Locality: Flags:00 Type:Write Latency Initiator Domains:2 Target Domains:4 Base:100
[    1.750372]   Initiator-Target[0-0]:7600 nsec
[    1.750373]   Initiator-Target[0-1]:13560 nsec
[    1.750373]   Initiator-Target[0-2]:25350 nsec
[    1.750374]   Initiator-Target[0-3]:31600 nsec
[    1.750374]   Initiator-Target[1-0]:13560 nsec
[    1.750375]   Initiator-Target[1-1]:7600 nsec
[    1.750375]   Initiator-Target[1-2]:31600 nsec
[    1.750376]   Initiator-Target[1-3]:25350 nsec
[    1.750377] HMAT: Locality: Flags:00 Type:Read Bandwidth Initiator Domains:2 Target Domains:4 Base:1
[    1.750377]   Initiator-Target[0-0]:1790 MB/s
[    1.750378]   Initiator-Target[0-1]:1790 MB/s
[    1.750378]   Initiator-Target[0-2]:463 MB/s
[    1.750379]   Initiator-Target[0-3]:463 MB/s
[    1.750379]   Initiator-Target[1-0]:1790 MB/s
[    1.750379]   Initiator-Target[1-1]:1790 MB/s
[    1.750380]   Initiator-Target[1-2]:463 MB/s
[    1.750380]   Initiator-Target[1-3]:463 MB/s
[    1.750381] HMAT: Locality: Flags:00 Type:Write Bandwidth Initiator Domains:2 Target Domains:4 Base:1
[    1.750382]   Initiator-Target[0-0]:1910 MB/s
[    1.750382]   Initiator-Target[0-1]:1910 MB/s
[    1.750382]   Initiator-Target[0-2]:138 MB/s
[    1.750383]   Initiator-Target[0-3]:138 MB/s
[    1.750383]   Initiator-Target[1-0]:1910 MB/s
[    1.750384]   Initiator-Target[1-1]:1910 MB/s
[    1.750384]   Initiator-Target[1-2]:138 MB/s
[    1.750385]   Initiator-Target[1-3]:138 MB/s
[    1.750411] WARNING: CPU: 62 PID: 1 at drivers/base/node.c:191 node_set_perf_attrs+0x90/0xb0
[    1.750411] Modules linked in:
[    1.750413] CPU: 62 PID: 1 Comm: swapper/0 Not tainted 5.3.1-multiclock #1
[    1.750414] Hardware name: Dell Inc. PowerEdge R750/0K8F35, BIOS 1.10.2 03/03/2023
[    1.750416] RIP: 0010:node_set_perf_attrs+0x90/0xb0
[    1.750417] Code: f4 02 00 00 4c 89 ea 4c 89 e7 e8 bb bf c7 ff 85 c0 75 24 48 83 c3 08 48 8b 33 48 85 f6 75 e5 5b 41 5a 41 5c 41 5d 41 5e 5d c3 <0f> 0b 5b 41 5a 41 5c 41 5d 41 5e 5d c3 44 89 f6 48 c7 c7 70 5b 7a
[    1.750418] RSP: 0000:ffffb2894007bd80 EFLAGS: 00010246
[    1.750419] RAX: 0000000000000002 RBX: 0000000000000003 RCX: 0000000000000000
[    1.750419] RDX: 0000000000000000 RSI: ffff8d9663f48d58 RDI: 0000000000000002
[    1.750420] RBP: ffffb2894007bda8 R08: ffff8d9663b87aa8 R09: 0000000000000000
[    1.750420] R10: ffff8d9669e1bdc0 R11: ffff8d966a074eb0 R12: ffff8d9663f48d40
[    1.750421] R13: ffffffff96edb310 R14: 0000000000000005 R15: ffffffff96c95806
[    1.750422] FS:  0000000000000000(0000) GS:ffff8d966abc0000(0000) knlGS:0000000000000000
[    1.750422] CS:  0010 DS: 0000 ES: 0000 CR0: 0000000080050033
[    1.750423] CR2: 0000000000000000 CR3: 0000000c8780a001 CR4: 0000000000760ee0
[    1.750424] DR0: 0000000000000000 DR1: 0000000000000000 DR2: 0000000000000000
[    1.750424] DR3: 0000000000000000 DR6: 00000000fffe0ff0 DR7: 0000000000000400
[    1.750425] PKRU: 55555554
[    1.750425] Call Trace:
[    1.750430]  hmat_init+0x32a/0x43c
[    1.750431]  ? hmat_parse_subtable+0x503/0x503
[    1.750433]  ? set_debug_rodata+0x17/0x17
[    1.750435]  do_one_initcall+0x4a/0x1fa
[    1.750437]  kernel_init_freeable+0x1c6/0x26d
[    1.750439]  ? rest_init+0xb0/0xb0
[    1.750441]  kernel_init+0xe/0x110
[    1.750442]  ret_from_fork+0x1f/0x40
[    1.750444] ---[ end trace 2111540aaf97d47f ]---
[    1.753850] pci 0000:03:00.0: vgaarb: setting as boot VGA device
[    1.753850] pci 0000:03:00.0: vgaarb: VGA device added: decodes=io+mem,owns=io+mem,locks=none
[    1.753902] pci 0000:03:00.0: vgaarb: bridge control possible
[    1.753903] vgaarb: loaded
[    1.754087] SCSI subsystem initialized
[    1.754238] libata version 3.00 loaded.
[    1.754238] ACPI: bus type USB registered
[    1.754238] usbcore: registered new interface driver usbfs
[    1.754238] usbcore: registered new interface driver hub
[    1.754238] usbcore: registered new device driver usb
[    1.754238] pps_core: LinuxPPS API ver. 1 registered
[    1.754238] pps_core: Software ver. 5.3.6 - Copyright 2005-2007 Rodolfo Giometti <giometti@linux.it>
[    1.754238] PTP clock support registered
[    1.754354] EDAC MC: Ver: 3.0.0
[    1.754574] Registered efivars operations
[    1.754574] PCI: Using ACPI for IRQ routing
[    1.756671] PCI: pci_cache_line_size set to 64 bytes
[    1.757228] e820: reserve RAM buffer [mem 0x0008f000-0x0008ffff]
[    1.757229] e820: reserve RAM buffer [mem 0x47bdd020-0x47ffffff]
[    1.757230] e820: reserve RAM buffer [mem 0x47c0f020-0x47ffffff]
[    1.757231] e820: reserve RAM buffer [mem 0x47c42020-0x47ffffff]
[    1.757232] e820: reserve RAM buffer [mem 0x47c75020-0x47ffffff]
[    1.757233] e820: reserve RAM buffer [mem 0x49e77000-0x4bffffff]
[    1.757234] e820: reserve RAM buffer [mem 0x4b2cf000-0x4bffffff]
[    1.757234] e820: reserve RAM buffer [mem 0x4bd94000-0x4bffffff]
[    1.757235] e820: reserve RAM buffer [mem 0x4ce00000-0x4fffffff]
[    1.757236] e820: reserve RAM buffer [mem 0x5eefe000-0x5fffffff]
[    1.757236] e820: reserve RAM buffer [mem 0x6f800000-0x6fffffff]
[    1.757514] NetLabel: Initializing
[    1.757514] NetLabel:  domain hash size = 128
[    1.757514] NetLabel:  protocols = UNLABELED CIPSOv4 CALIPSO
[    1.757530] NetLabel:  unlabeled traffic allowed by default
[    1.758900] hpet0: at MMIO 0xfed00000, IRQs 2, 8, 0, 0, 0, 0, 0, 0
[    1.758902] hpet0: 8 comparators, 64-bit 24.000000 MHz counter
[    1.761960] clocksource: Switched to clocksource tsc-early
[    1.772801] VFS: Disk quotas dquot_6.6.0
[    1.772841] VFS: Dquot-cache hash table entries: 512 (order 0, 4096 bytes)
[    1.773126] *** VALIDATE hugetlbfs ***
[    1.773251] AppArmor: AppArmor Filesystem Enabled
[    1.773269] pnp: PnP ACPI init
[    1.788663] pnp 00:00: Plug and Play ACPI device, IDs PNP0b00 (active)
[    1.788819] system 00:01: [io  0x0500-0x05fe] has been reserved
[    1.788820] system 00:01: [io  0x0400-0x041f] has been reserved
[    1.788821] system 00:01: [io  0x0600-0x061f] has been reserved
[    1.788822] system 00:01: [io  0x0ca0-0x0ca1] has been reserved
[    1.788823] system 00:01: [io  0x0ca4-0x0ca6] has been reserved
[    1.788825] system 00:01: [mem 0xff000000-0xffffffff] has been reserved
[    1.788828] system 00:01: Plug and Play ACPI device, IDs PNP0c02 (active)
[    1.789075] pnp 00:02: Plug and Play ACPI device, IDs PNP0501 (active)
[    1.789281] pnp 00:03: Plug and Play ACPI device, IDs PNP0501 (active)
[    1.789434] system 00:04: [mem 0xfd000000-0xfdabffff] has been reserved
[    1.789435] system 00:04: [mem 0xfdad0000-0xfdadffff] has been reserved
[    1.789436] system 00:04: [mem 0xfdb00000-0xfdffffff] has been reserved
[    1.789437] system 00:04: [mem 0xfe000000-0xfe00ffff] has been reserved
[    1.789438] system 00:04: [mem 0xfe011000-0xfe01ffff] has been reserved
[    1.789439] system 00:04: [mem 0xfe036000-0xfe03bfff] has been reserved
[    1.789440] system 00:04: [mem 0xfe03d000-0xfe3fffff] has been reserved
[    1.789441] system 00:04: [mem 0xfe410000-0xfe7fffff] has been reserved
[    1.789443] system 00:04: Plug and Play ACPI device, IDs PNP0c02 (active)
[    1.789769] system 00:05: [io  0x1000-0x10fe] has been reserved
[    1.789771] system 00:05: Plug and Play ACPI device, IDs PNP0c02 (active)
[    1.790764] pnp: PnP ACPI: found 6 devices
[    1.791870] thermal_sys: Registered thermal governor 'fair_share'
[    1.791870] thermal_sys: Registered thermal governor 'bang_bang'
[    1.791871] thermal_sys: Registered thermal governor 'step_wise'
[    1.791871] thermal_sys: Registered thermal governor 'user_space'
[    1.791872] thermal_sys: Registered thermal governor 'power_allocator'
[    1.796365] clocksource: acpi_pm: mask: 0xffffff max_cycles: 0xffffff, max_idle_ns: 2085701024 ns
[    1.796387] pci 0000:04:00.0: can't claim BAR 6 [mem 0xfffc0000-0xffffffff pref]: no compatible bridge window
[    1.796388] pci 0000:04:00.1: can't claim BAR 6 [mem 0xfffc0000-0xffffffff pref]: no compatible bridge window
[    1.796389] pci 0000:17:00.0: can't claim BAR 6 [mem 0xfff00000-0xffffffff pref]: no compatible bridge window
[    1.796405] pci 0000:00:1c.5: BAR 14: assigned [mem 0x90000000-0x900fffff]
[    1.796407] pci 0000:00:1c.0: PCI bridge to [bus 01]
[    1.796415] pci 0000:02:00.0: PCI bridge to [bus 03]
[    1.796420] pci 0000:02:00.0:   bridge window [mem 0x92000000-0x928fffff]
[    1.796423] pci 0000:02:00.0:   bridge window [mem 0x91000000-0x91ffffff 64bit pref]
[    1.796428] pci 0000:00:1c.4: PCI bridge to [bus 02-03]
[    1.796431] pci 0000:00:1c.4:   bridge window [mem 0x92000000-0x928fffff]
[    1.796434] pci 0000:00:1c.4:   bridge window [mem 0x91000000-0x91ffffff 64bit pref]
[    1.796439] pci 0000:04:00.0: BAR 6: assigned [mem 0x90000000-0x9003ffff pref]
[    1.796440] pci 0000:04:00.1: BAR 6: assigned [mem 0x90040000-0x9007ffff pref]
[    1.796441] pci 0000:00:1c.5: PCI bridge to [bus 04]
[    1.796444] pci 0000:00:1c.5:   bridge window [mem 0x90000000-0x900fffff]
[    1.796446] pci 0000:00:1c.5:   bridge window [mem 0x92900000-0x929fffff 64bit pref]
[    1.796450] pci_bus 0000:00: resource 4 [io  0x0000-0x0cf7 window]
[    1.796451] pci_bus 0000:00: resource 5 [io  0x1000-0x4fff window]
[    1.796452] pci_bus 0000:00: resource 6 [mem 0x000a0000-0x000bffff window]
[    1.796452] pci_bus 0000:00: resource 7 [mem 0x000c8000-0x000cffff window]
