2024年 06月 30日 星期日 16:28:43 CST
pgmigrate_success 972045
pgmigrate_fail 136
pgmigrate_dst_node_full_fail 5239766
pgmigrate_numa_isolate_fail 489
pgmigrate_nomem_fail 3
pgmigrate_refcount_fail 932
thp_fault_alloc 13288
thp_fault_fallback 0
thp_collapse_alloc 71
thp_collapse_alloc_failed 8
thp_file_alloc 0
thp_file_mapped 0
thp_split_page 0
thp_split_page_failed 0
thp_deferred_split_page 13287
thp_split_pmd 798
thp_split_pud 0
thp_zero_page_alloc 0
thp_zero_page_alloc_failed 0
thp_swpout 0
thp_swpout_fallback 0
MemTotal:       1123314988 kB
MemFree:        1092755636 kB
MemAvailable:   1090406716 kB
Buffers:            5588 kB
Cached:           316808 kB
SwapCached:        81016 kB
Active:           364600 kB
Inactive:         405632 kB
Active(anon):     332856 kB
Inactive(anon):   121072 kB
Active(file):      31744 kB
Inactive(file):   284560 kB
Unevictable:           0 kB
Mlocked:               0 kB
SwapTotal:       2097148 kB
SwapFree:        1755644 kB
Dirty:              6652 kB
Writeback:             0 kB
AnonPages:        430024 kB
Mapped:           312724 kB
Shmem:              5412 kB
KReclaimable:     264456 kB
Slab:             720672 kB
SReclaimable:     264456 kB
SUnreclaim:       456216 kB
KernelStack:       34128 kB
PageTables:        29264 kB
NFS_Unstable:          0 kB
Bounce:                0 kB
WritebackTmp:          0 kB
CommitLimit:    563754640 kB
Committed_AS:    7359224 kB
VmallocTotal:   34359738367 kB
VmallocUsed:      161708 kB
VmallocChunk:          0 kB
Percpu:           122752 kB
HardwareCorrupted:     0 kB
AnonHugePages:     32768 kB
ShmemHugePages:        0 kB
ShmemPmdMapped:        0 kB
CmaTotal:              0 kB
CmaFree:               0 kB
HugePages_Total:       0
HugePages_Free:        0
HugePages_Rsvd:        0
HugePages_Surp:        0
Hugepagesize:       2048 kB
Hugetlb:               0 kB
DirectMap4k:     1140196 kB
DirectMap2M:     6684672 kB
DirectMap1G:    1181745152 kB
2024年 06月 30日 星期日 16:37:33 CST
pgmigrate_success 975025
pgmigrate_fail 178
pgmigrate_dst_node_full_fail 5239766
pgmigrate_numa_isolate_fail 494
pgmigrate_nomem_fail 7
pgmigrate_refcount_fail 932
thp_fault_alloc 18021
thp_fault_fallback 0
thp_collapse_alloc 87
thp_collapse_alloc_failed 18
thp_file_alloc 0
thp_file_mapped 0
thp_split_page 0
thp_split_page_failed 0
thp_deferred_split_page 18020
thp_split_pmd 1158
thp_split_pud 0
thp_zero_page_alloc 0
thp_zero_page_alloc_failed 0
thp_swpout 0
thp_swpout_fallback 0
MemTotal:       1123314988 kB
MemFree:        1092573168 kB
MemAvailable:   1090303088 kB
Buffers:           74164 kB
Cached:           366796 kB
SwapCached:        80912 kB
Active:           457736 kB
Inactive:         432928 kB
Active(anon):     339912 kB
Inactive(anon):   115260 kB
Active(file):     117824 kB
Inactive(file):   317668 kB
Unevictable:           0 kB
Mlocked:               0 kB
SwapTotal:       2097148 kB
SwapFree:        1756412 kB
Dirty:                68 kB
Writeback:             0 kB
AnonPages:        430740 kB
Mapped:           312704 kB
Shmem:              5412 kB
KReclaimable:     302944 kB
Slab:             760096 kB
SReclaimable:     302944 kB
SUnreclaim:       457152 kB
KernelStack:       34432 kB
PageTables:        29120 kB
NFS_Unstable:          0 kB
Bounce:                0 kB
WritebackTmp:          0 kB
CommitLimit:    563754640 kB
Committed_AS:    6933120 kB
VmallocTotal:   34359738367 kB
VmallocUsed:      161772 kB
VmallocChunk:          0 kB
Percpu:           122752 kB
HardwareCorrupted:     0 kB
AnonHugePages:     94208 kB
ShmemHugePages:        0 kB
ShmemPmdMapped:        0 kB
CmaTotal:              0 kB
CmaFree:               0 kB
HugePages_Total:       0
HugePages_Free:        0
HugePages_Rsvd:        0
HugePages_Surp:        0
Hugepagesize:       2048 kB
Hugetlb:               0 kB
DirectMap4k:     1140196 kB
DirectMap2M:     6684672 kB
DirectMap1G:    1181745152 kB
