2024年 05月 22日 星期三 10:49:13 CST
pgmigrate_success 264085
pgmigrate_fail 30
pgmigrate_dst_node_full_fail 2887329
pgmigrate_numa_isolate_fail 996
pgmigrate_nomem_fail 5
pgmigrate_refcount_fail 243
thp_fault_alloc 0
thp_fault_fallback 0
thp_collapse_alloc 0
thp_collapse_alloc_failed 0
thp_file_alloc 0
thp_file_mapped 0
thp_split_page 0
thp_split_page_failed 0
thp_deferred_split_page 0
thp_split_pmd 0
thp_split_pud 0
thp_zero_page_alloc 0
thp_zero_page_alloc_failed 0
thp_swpout 0
thp_swpout_fallback 0
MemTotal:       1078054284 kB
MemFree:        1047073652 kB
MemAvailable:   1044991852 kB
Buffers:            8380 kB
Cached:           320524 kB
SwapCached:        13172 kB
Active:           436560 kB
Inactive:         491284 kB
Active(anon):     248816 kB
Inactive(anon):   356776 kB
Active(file):     187744 kB
Inactive(file):   134508 kB
Unevictable:           0 kB
Mlocked:               0 kB
SwapTotal:       2097148 kB
SwapFree:        1997820 kB
Dirty:               488 kB
Writeback:             0 kB
AnonPages:        597732 kB
Mapped:           316428 kB
Shmem:              6060 kB
KReclaimable:     258112 kB
Slab:             682068 kB
SReclaimable:     258112 kB
SUnreclaim:       423956 kB
KernelStack:       33492 kB
PageTables:        28648 kB
NFS_Unstable:          0 kB
Bounce:                0 kB
WritebackTmp:          0 kB
CommitLimit:    541124288 kB
Committed_AS:    6726556 kB
VmallocTotal:   34359738367 kB
VmallocUsed:      105028 kB
VmallocChunk:          0 kB
Percpu:           124544 kB
HardwareCorrupted:     0 kB
AnonHugePages:         0 kB
ShmemHugePages:        0 kB
ShmemPmdMapped:        0 kB
CmaTotal:              0 kB
CmaFree:               0 kB
HugePages_Total:       0
HugePages_Free:        0
HugePages_Rsvd:        0
HugePages_Surp:        0
Hugepagesize:       2048 kB
Hugetlb:               0 kB
DirectMap4k:      937448 kB
DirectMap2M:     7936000 kB
DirectMap1G:    1180696576 kB
2024年 05月 22日 星期三 10:55:02 CST
pgmigrate_success 386969
pgmigrate_fail 6042656
pgmigrate_dst_node_full_fail 8925857
pgmigrate_numa_isolate_fail 1005
pgmigrate_nomem_fail 5
pgmigrate_refcount_fail 243
thp_fault_alloc 5294
thp_fault_fallback 0
thp_collapse_alloc 17
thp_collapse_alloc_failed 1
thp_file_alloc 0
thp_file_mapped 0
thp_split_page 0
thp_split_page_failed 0
thp_deferred_split_page 5706
thp_split_pmd 132
thp_split_pud 0
thp_zero_page_alloc 0
thp_zero_page_alloc_failed 0
thp_swpout 0
thp_swpout_fallback 0
MemTotal:       1078054284 kB
MemFree:        1046670828 kB
MemAvailable:   1044647104 kB
Buffers:           58956 kB
Cached:           363512 kB
SwapCached:        13184 kB
Active:           498272 kB
Inactive:         522792 kB
Active(anon):     250956 kB
Inactive(anon):   354136 kB
Active(file):     247316 kB
Inactive(file):   168656 kB
Unevictable:           0 kB
Mlocked:               0 kB
SwapTotal:       2097148 kB
SwapFree:        1997820 kB
Dirty:                44 kB
Writeback:             0 kB
AnonPages:        596808 kB
Mapped:           316588 kB
Shmem:              6036 kB
KReclaimable:     280544 kB
Slab:             708608 kB
SReclaimable:     280544 kB
SUnreclaim:       428064 kB
KernelStack:       33840 kB
PageTables:        28632 kB
NFS_Unstable:          0 kB
Bounce:                0 kB
WritebackTmp:          0 kB
CommitLimit:    541124288 kB
Committed_AS:    6776208 kB
VmallocTotal:   34359738367 kB
VmallocUsed:      105044 kB
VmallocChunk:          0 kB
Percpu:           124544 kB
HardwareCorrupted:     0 kB
AnonHugePages:     65536 kB
ShmemHugePages:        0 kB
ShmemPmdMapped:        0 kB
CmaTotal:              0 kB
CmaFree:               0 kB
HugePages_Total:       0
HugePages_Free:        0
HugePages_Rsvd:        0
HugePages_Surp:        0
Hugepagesize:       2048 kB
Hugetlb:               0 kB
DirectMap4k:      937448 kB
DirectMap2M:     7936000 kB
DirectMap1G:    1180696576 kB
