[    0.000000] Linux version 5.18.0 (xmu@xmu-PowerEdge-R750) (gcc (Ubuntu 8.4.0-1ubuntu1~18.04) 8.4.0, GNU ld (GNU Binutils for Ubuntu) 2.30) #1 SMP PREEMPT_DYNAMIC Sat Apr 6 15:16:25 CST 2024
[    0.000000] Command line: BOOT_IMAGE=/boot/vmlinuz-5.18.0 root=UUID=ce0c24b8-724b-4f33-9b2c-618433560aef ro memmap=7776M!4096M memmap=59G!64G quiet splash nomodeset vt.handoff=1
[    0.000000] KERNEL supported cpus:
[    0.000000]   Intel GenuineIntel
[    0.000000]   AMD AuthenticAMD
[    0.000000]   Hygon HygonGenuine
[    0.000000]   Centaur CentaurHauls
[    0.000000]   zhaoxin   Shanghai  
[    0.000000] x86/split lock detection: #AC: crashing the kernel on kernel split_locks and warning on user-space split_locks
[    0.000000] x86/fpu: Supporting XSAVE feature 0x001: 'x87 floating point registers'
[    0.000000] x86/fpu: Supporting XSAVE feature 0x002: 'SSE registers'
[    0.000000] x86/fpu: Supporting XSAVE feature 0x004: 'AVX registers'
[    0.000000] x86/fpu: Supporting XSAVE feature 0x020: 'AVX-512 opmask'
[    0.000000] x86/fpu: Supporting XSAVE feature 0x040: 'AVX-512 Hi256'
[    0.000000] x86/fpu: Supporting XSAVE feature 0x080: 'AVX-512 ZMM_Hi256'
[    0.000000] x86/fpu: Supporting XSAVE feature 0x200: 'Protection Keys User registers'
[    0.000000] x86/fpu: xstate_offset[2]:  576, xstate_sizes[2]:  256
[    0.000000] x86/fpu: xstate_offset[5]:  832, xstate_sizes[5]:   64
[    0.000000] x86/fpu: xstate_offset[6]:  896, xstate_sizes[6]:  512
[    0.000000] x86/fpu: xstate_offset[7]: 1408, xstate_sizes[7]: 1024
[    0.000000] x86/fpu: xstate_offset[9]: 2432, xstate_sizes[9]:    8
[    0.000000] x86/fpu: Enabled xstate features 0x2e7, context size is 2440 bytes, using 'compacted' format.
[    0.000000] signal: max sigframe size: 3632
[    0.000000] BIOS-provided physical RAM map:
[    0.000000] BIOS-e820: [mem 0x0000000000000000-0x000000000008efff] usable
[    0.000000] BIOS-e820: [mem 0x000000000008f000-0x000000000008ffff] reserved
[    0.000000] BIOS-e820: [mem 0x0000000000090000-0x000000000009ffff] usable
[    0.000000] BIOS-e820: [mem 0x00000000000a0000-0x00000000000fffff] reserved
[    0.000000] BIOS-e820: [mem 0x0000000000100000-0x0000000049e76fff] usable
[    0.000000] BIOS-e820: [mem 0x0000000049e77000-0x000000004ae76fff] ACPI NVS
[    0.000000] BIOS-e820: [mem 0x000000004ae77000-0x000000004b2cefff] usable
[    0.000000] BIOS-e820: [mem 0x000000004b2cf000-0x000000004b54dfff] ACPI data
[    0.000000] BIOS-e820: [mem 0x000000004b54e000-0x000000004bd93fff] usable
[    0.000000] BIOS-e820: [mem 0x000000004bd94000-0x000000004be99fff] reserved
[    0.000000] BIOS-e820: [mem 0x000000004be9a000-0x000000004cdfffff] usable
[    0.000000] BIOS-e820: [mem 0x000000004ce00000-0x000000004cffffff] reserved
[    0.000000] BIOS-e820: [mem 0x000000004d000000-0x000000005eefdfff] usable
[    0.000000] BIOS-e820: [mem 0x000000005eefe000-0x000000006e3fefff] reserved
[    0.000000] BIOS-e820: [mem 0x000000006e3ff000-0x000000006f3fefff] ACPI NVS
[    0.000000] BIOS-e820: [mem 0x000000006f3ff000-0x000000006f7fefff] ACPI data
[    0.000000] BIOS-e820: [mem 0x000000006f7ff000-0x000000006f7fffff] usable
[    0.000000] BIOS-e820: [mem 0x000000006f800000-0x000000008fffffff] reserved
[    0.000000] BIOS-e820: [mem 0x00000000fe000000-0x00000000fe010fff] reserved
[    0.000000] BIOS-e820: [mem 0x0000000100000000-0x000000207fffffff] usable
[    0.000000] BIOS-e820: [mem 0x0000002080000000-0x0000011c7fffffff] persistent (type 7)
[    0.000000] BIOS-e820: [mem 0x00001ffc00000000-0x00001fffffffffff] reserved
[    0.000000] NX (Execute Disable) protection: active
[    0.000000] e820: update [mem 0x46d5c020-0x46d6405f] usable ==> usable
[    0.000000] e820: update [mem 0x46d5c020-0x46d6405f] usable ==> usable
[    0.000000] e820: update [mem 0x46d29020-0x46d5bc5f] usable ==> usable
[    0.000000] e820: update [mem 0x46d29020-0x46d5bc5f] usable ==> usable
[    0.000000] e820: update [mem 0x46cf6020-0x46d28c5f] usable ==> usable
[    0.000000] e820: update [mem 0x46cf6020-0x46d28c5f] usable ==> usable
[    0.000000] e820: update [mem 0x46cc4020-0x46cf5a5f] usable ==> usable
[    0.000000] e820: update [mem 0x46cc4020-0x46cf5a5f] usable ==> usable
[    0.000000] extended physical RAM map:
[    0.000000] reserve setup_data: [mem 0x0000000000000000-0x000000000008efff] usable
[    0.000000] reserve setup_data: [mem 0x000000000008f000-0x000000000008ffff] reserved
[    0.000000] reserve setup_data: [mem 0x0000000000090000-0x000000000009ffff] usable
[    0.000000] reserve setup_data: [mem 0x00000000000a0000-0x00000000000fffff] reserved
[    0.000000] reserve setup_data: [mem 0x0000000000100000-0x0000000046cc401f] usable
[    0.000000] reserve setup_data: [mem 0x0000000046cc4020-0x0000000046cf5a5f] usable
[    0.000000] reserve setup_data: [mem 0x0000000046cf5a60-0x0000000046cf601f] usable
[    0.000000] reserve setup_data: [mem 0x0000000046cf6020-0x0000000046d28c5f] usable
[    0.000000] reserve setup_data: [mem 0x0000000046d28c60-0x0000000046d2901f] usable
[    0.000000] reserve setup_data: [mem 0x0000000046d29020-0x0000000046d5bc5f] usable
[    0.000000] reserve setup_data: [mem 0x0000000046d5bc60-0x0000000046d5c01f] usable
[    0.000000] reserve setup_data: [mem 0x0000000046d5c020-0x0000000046d6405f] usable
[    0.000000] reserve setup_data: [mem 0x0000000046d64060-0x0000000049e76fff] usable
[    0.000000] reserve setup_data: [mem 0x0000000049e77000-0x000000004ae76fff] ACPI NVS
[    0.000000] reserve setup_data: [mem 0x000000004ae77000-0x000000004b2cefff] usable
[    0.000000] reserve setup_data: [mem 0x000000004b2cf000-0x000000004b54dfff] ACPI data
[    0.000000] reserve setup_data: [mem 0x000000004b54e000-0x000000004bd93fff] usable
[    0.000000] reserve setup_data: [mem 0x000000004bd94000-0x000000004be99fff] reserved
[    0.000000] reserve setup_data: [mem 0x000000004be9a000-0x000000004cdfffff] usable
[    0.000000] reserve setup_data: [mem 0x000000004ce00000-0x000000004cffffff] reserved
[    0.000000] reserve setup_data: [mem 0x000000004d000000-0x000000005eefdfff] usable
[    0.000000] reserve setup_data: [mem 0x000000005eefe000-0x000000006e3fefff] reserved
[    0.000000] reserve setup_data: [mem 0x000000006e3ff000-0x000000006f3fefff] ACPI NVS
[    0.000000] reserve setup_data: [mem 0x000000006f3ff000-0x000000006f7fefff] ACPI data
[    0.000000] reserve setup_data: [mem 0x000000006f7ff000-0x000000006f7fffff] usable
[    0.000000] reserve setup_data: [mem 0x000000006f800000-0x000000008fffffff] reserved
[    0.000000] reserve setup_data: [mem 0x00000000fe000000-0x00000000fe010fff] reserved
[    0.000000] reserve setup_data: [mem 0x0000000100000000-0x00000002e5ffffff] persistent (type 12)
[    0.000000] reserve setup_data: [mem 0x00000002e6000000-0x0000000fffffffff] usable
[    0.000000] reserve setup_data: [mem 0x0000001000000000-0x0000001ebfffffff] persistent (type 12)
[    0.000000] reserve setup_data: [mem 0x0000001ec0000000-0x000000207fffffff] usable
[    0.000000] reserve setup_data: [mem 0x0000002080000000-0x0000011c7fffffff] persistent (type 7)
[    0.000000] reserve setup_data: [mem 0x00001ffc00000000-0x00001fffffffffff] reserved
[    0.000000] user-defined physical RAM map:
[    0.000000] user: [mem 0x0000000000000000-0x000000000008efff] usable
[    0.000000] user: [mem 0x000000000008f000-0x000000000008ffff] reserved
[    0.000000] user: [mem 0x0000000000090000-0x000000000009ffff] usable
[    0.000000] user: [mem 0x00000000000a0000-0x00000000000fffff] reserved
[    0.000000] user: [mem 0x0000000000100000-0x0000000046cc401f] usable
[    0.000000] user: [mem 0x0000000046cc4020-0x0000000046cf5a5f] usable
[    0.000000] user: [mem 0x0000000046cf5a60-0x0000000046cf601f] usable
[    0.000000] user: [mem 0x0000000046cf6020-0x0000000046d28c5f] usable
[    0.000000] user: [mem 0x0000000046d28c60-0x0000000046d2901f] usable
[    0.000000] user: [mem 0x0000000046d29020-0x0000000046d5bc5f] usable
[    0.000000] user: [mem 0x0000000046d5bc60-0x0000000046d5c01f] usable
[    0.000000] user: [mem 0x0000000046d5c020-0x0000000046d6405f] usable
[    0.000000] user: [mem 0x0000000046d64060-0x0000000049e76fff] usable
[    0.000000] user: [mem 0x0000000049e77000-0x000000004ae76fff] ACPI NVS
[    0.000000] user: [mem 0x000000004ae77000-0x000000004b2cefff] usable
[    0.000000] user: [mem 0x000000004b2cf000-0x000000004b54dfff] ACPI data
[    0.000000] user: [mem 0x000000004b54e000-0x000000004bd93fff] usable
[    0.000000] user: [mem 0x000000004bd94000-0x000000004be99fff] reserved
[    0.000000] user: [mem 0x000000004be9a000-0x000000004cdfffff] usable
[    0.000000] user: [mem 0x000000004ce00000-0x000000004cffffff] reserved
[    0.000000] user: [mem 0x000000004d000000-0x000000005eefdfff] usable
[    0.000000] user: [mem 0x000000005eefe000-0x000000006e3fefff] reserved
[    0.000000] user: [mem 0x000000006e3ff000-0x000000006f3fefff] ACPI NVS
[    0.000000] user: [mem 0x000000006f3ff000-0x000000006f7fefff] ACPI data
[    0.000000] user: [mem 0x000000006f7ff000-0x000000006f7fffff] usable
[    0.000000] user: [mem 0x000000006f800000-0x000000008fffffff] reserved
[    0.000000] user: [mem 0x00000000fe000000-0x00000000fe010fff] reserved
[    0.000000] user: [mem 0x0000000100000000-0x00000002e5ffffff] persistent (type 12)
[    0.000000] user: [mem 0x00000002e6000000-0x0000000fffffffff] usable
[    0.000000] user: [mem 0x0000001000000000-0x0000001ebfffffff] persistent (type 12)
[    0.000000] user: [mem 0x0000001ec0000000-0x000000207fffffff] usable
[    0.000000] user: [mem 0x0000002080000000-0x0000011c7fffffff] persistent (type 7)
[    0.000000] user: [mem 0x00001ffc00000000-0x00001fffffffffff] reserved
[    0.000000] efi: EFI v2.70 by Dell Inc.
[    0.000000] efi: ACPI=0x6f7fe000 ACPI 2.0=0x6f7fe014 MEMATTR=0x5b070020 SMBIOS=0x69526000 SMBIOS 3.0=0x69524000 MOKvar=0x5ef81000 RNG=0x5ef8a920 
[    0.000000] efi: seeding entropy pool
[    0.000000] SMBIOS 3.3.0 present.
[    0.000000] DMI: Dell Inc. PowerEdge R750/0K8F35, BIOS 1.10.2 03/03/2023
[    0.000000] tsc: Detected 2000.000 MHz processor
[    0.000007] e820: update [mem 0x00000000-0x00000fff] usable ==> reserved
[    0.000009] e820: remove [mem 0x000a0000-0x000fffff] usable
[    0.000018] last_pfn = 0x2080000 max_arch_pfn = 0x400000000
[    0.000195] x86/PAT: Configuration [0-7]: WB  WC  UC- UC  WB  WP  UC- WT  
[    0.002841] total RAM covered: 2095088M
[    0.002925]  gran_size: 64K 	chunk_size: 64K 	num_reg: 10  	lose cover RAM: 2016G
[    0.002928]  gran_size: 64K 	chunk_size: 128K 	num_reg: 10  	lose cover RAM: 2016G
[    0.002930]  gran_size: 64K 	chunk_size: 256K 	num_reg: 10  	lose cover RAM: 2016G
[    0.002931]  gran_size: 64K 	chunk_size: 512K 	num_reg: 10  	lose cover RAM: 2016G
[    0.002932]  gran_size: 64K 	chunk_size: 1M 	num_reg: 10  	lose cover RAM: 2016G
[    0.002934]  gran_size: 64K 	chunk_size: 2M 	num_reg: 10  	lose cover RAM: 2016G
[    0.002935]  gran_size: 64K 	chunk_size: 4M 	num_reg: 10  	lose cover RAM: 2016G
[    0.002936]  gran_size: 64K 	chunk_size: 8M 	num_reg: 10  	lose cover RAM: 2016G
[    0.002938]  gran_size: 64K 	chunk_size: 16M 	num_reg: 10  	lose cover RAM: 2016G
[    0.002939]  gran_size: 64K 	chunk_size: 32M 	num_reg: 10  	lose cover RAM: 1024G
[    0.002940]  gran_size: 64K 	chunk_size: 64M 	num_reg: 10  	lose cover RAM: 1024G
[    0.002942]  gran_size: 64K 	chunk_size: 128M 	num_reg: 10  	lose cover RAM: 1024G
[    0.002943]  gran_size: 64K 	chunk_size: 256M 	num_reg: 10  	lose cover RAM: 1024G
[    0.002944]  gran_size: 64K 	chunk_size: 512M 	num_reg: 10  	lose cover RAM: 1024G
[    0.002946]  gran_size: 64K 	chunk_size: 1G 	num_reg: 10  	lose cover RAM: 1024G
[    0.002947]  gran_size: 64K 	chunk_size: 2G 	num_reg: 10  	lose cover RAM: 1024G
[    0.002948]  gran_size: 128K 	chunk_size: 128K 	num_reg: 10  	lose cover RAM: 2016G
[    0.002950]  gran_size: 128K 	chunk_size: 256K 	num_reg: 10  	lose cover RAM: 2016G
[    0.002951]  gran_size: 128K 	chunk_size: 512K 	num_reg: 10  	lose cover RAM: 2016G
[    0.002952]  gran_size: 128K 	chunk_size: 1M 	num_reg: 10  	lose cover RAM: 2016G
[    0.002954]  gran_size: 128K 	chunk_size: 2M 	num_reg: 10  	lose cover RAM: 2016G
[    0.002955]  gran_size: 128K 	chunk_size: 4M 	num_reg: 10  	lose cover RAM: 2016G
[    0.002956]  gran_size: 128K 	chunk_size: 8M 	num_reg: 10  	lose cover RAM: 2016G
[    0.002958]  gran_size: 128K 	chunk_size: 16M 	num_reg: 10  	lose cover RAM: 2016G
[    0.002959]  gran_size: 128K 	chunk_size: 32M 	num_reg: 10  	lose cover RAM: 1024G
[    0.002960]  gran_size: 128K 	chunk_size: 64M 	num_reg: 10  	lose cover RAM: 1024G
[    0.002962]  gran_size: 128K 	chunk_size: 128M 	num_reg: 10  	lose cover RAM: 1024G
[    0.002963]  gran_size: 128K 	chunk_size: 256M 	num_reg: 10  	lose cover RAM: 1024G
[    0.002964]  gran_size: 128K 	chunk_size: 512M 	num_reg: 10  	lose cover RAM: 1024G
[    0.002965]  gran_size: 128K 	chunk_size: 1G 	num_reg: 10  	lose cover RAM: 1024G
[    0.002967]  gran_size: 128K 	chunk_size: 2G 	num_reg: 10  	lose cover RAM: 1024G
[    0.002968]  gran_size: 256K 	chunk_size: 256K 	num_reg: 10  	lose cover RAM: 2016G
[    0.002969]  gran_size: 256K 	chunk_size: 512K 	num_reg: 10  	lose cover RAM: 2016G
[    0.002971]  gran_size: 256K 	chunk_size: 1M 	num_reg: 10  	lose cover RAM: 2016G
[    0.002972]  gran_size: 256K 	chunk_size: 2M 	num_reg: 10  	lose cover RAM: 2016G
[    0.002973]  gran_size: 256K 	chunk_size: 4M 	num_reg: 10  	lose cover RAM: 2016G
[    0.002975]  gran_size: 256K 	chunk_size: 8M 	num_reg: 10  	lose cover RAM: 2016G
[    0.002976]  gran_size: 256K 	chunk_size: 16M 	num_reg: 10  	lose cover RAM: 2016G
[    0.002977]  gran_size: 256K 	chunk_size: 32M 	num_reg: 10  	lose cover RAM: 1024G
[    0.002978]  gran_size: 256K 	chunk_size: 64M 	num_reg: 10  	lose cover RAM: 1024G
[    0.002980]  gran_size: 256K 	chunk_size: 128M 	num_reg: 10  	lose cover RAM: 1024G
[    0.002981]  gran_size: 256K 	chunk_size: 256M 	num_reg: 10  	lose cover RAM: 1024G
[    0.002982]  gran_size: 256K 	chunk_size: 512M 	num_reg: 10  	lose cover RAM: 1024G
[    0.002984]  gran_size: 256K 	chunk_size: 1G 	num_reg: 10  	lose cover RAM: 1024G
[    0.002985]  gran_size: 256K 	chunk_size: 2G 	num_reg: 10  	lose cover RAM: 1024G
[    0.002986]  gran_size: 512K 	chunk_size: 512K 	num_reg: 10  	lose cover RAM: 2016G
[    0.002988]  gran_size: 512K 	chunk_size: 1M 	num_reg: 10  	lose cover RAM: 2016G
[    0.002989]  gran_size: 512K 	chunk_size: 2M 	num_reg: 10  	lose cover RAM: 2016G
[    0.002990]  gran_size: 512K 	chunk_size: 4M 	num_reg: 10  	lose cover RAM: 2016G
[    0.002992]  gran_size: 512K 	chunk_size: 8M 	num_reg: 10  	lose cover RAM: 2016G
[    0.002993]  gran_size: 512K 	chunk_size: 16M 	num_reg: 10  	lose cover RAM: 2016G
[    0.002994]  gran_size: 512K 	chunk_size: 32M 	num_reg: 10  	lose cover RAM: 1024G
[    0.002995]  gran_size: 512K 	chunk_size: 64M 	num_reg: 10  	lose cover RAM: 1024G
[    0.002997]  gran_size: 512K 	chunk_size: 128M 	num_reg: 10  	lose cover RAM: 1024G
[    0.002998]  gran_size: 512K 	chunk_size: 256M 	num_reg: 10  	lose cover RAM: 1024G
[    0.002999]  gran_size: 512K 	chunk_size: 512M 	num_reg: 10  	lose cover RAM: 1024G
[    0.003001]  gran_size: 512K 	chunk_size: 1G 	num_reg: 10  	lose cover RAM: 1024G
[    0.003002]  gran_size: 512K 	chunk_size: 2G 	num_reg: 10  	lose cover RAM: 1024G
[    0.003003]  gran_size: 1M 	chunk_size: 1M 	num_reg: 10  	lose cover RAM: 2016G
[    0.003005]  gran_size: 1M 	chunk_size: 2M 	num_reg: 10  	lose cover RAM: 2016G
[    0.003006]  gran_size: 1M 	chunk_size: 4M 	num_reg: 10  	lose cover RAM: 2016G
[    0.003007]  gran_size: 1M 	chunk_size: 8M 	num_reg: 10  	lose cover RAM: 2016G
[    0.003009]  gran_size: 1M 	chunk_size: 16M 	num_reg: 10  	lose cover RAM: 2016G
[    0.003010]  gran_size: 1M 	chunk_size: 32M 	num_reg: 10  	lose cover RAM: 1024G
[    0.003011]  gran_size: 1M 	chunk_size: 64M 	num_reg: 10  	lose cover RAM: 1024G
[    0.003013]  gran_size: 1M 	chunk_size: 128M 	num_reg: 10  	lose cover RAM: 1024G
[    0.003014]  gran_size: 1M 	chunk_size: 256M 	num_reg: 10  	lose cover RAM: 1024G
[    0.003015]  gran_size: 1M 	chunk_size: 512M 	num_reg: 10  	lose cover RAM: 1024G
[    0.003017]  gran_size: 1M 	chunk_size: 1G 	num_reg: 10  	lose cover RAM: 1024G
[    0.003018]  gran_size: 1M 	chunk_size: 2G 	num_reg: 10  	lose cover RAM: 1024G
[    0.003019]  gran_size: 2M 	chunk_size: 2M 	num_reg: 10  	lose cover RAM: 2016G
[    0.003020]  gran_size: 2M 	chunk_size: 4M 	num_reg: 10  	lose cover RAM: 2016G
[    0.003022]  gran_size: 2M 	chunk_size: 8M 	num_reg: 10  	lose cover RAM: 2016G
[    0.003023]  gran_size: 2M 	chunk_size: 16M 	num_reg: 10  	lose cover RAM: 2016G
[    0.003024]  gran_size: 2M 	chunk_size: 32M 	num_reg: 10  	lose cover RAM: 1024G
[    0.003026]  gran_size: 2M 	chunk_size: 64M 	num_reg: 10  	lose cover RAM: 1024G
[    0.003027]  gran_size: 2M 	chunk_size: 128M 	num_reg: 10  	lose cover RAM: 1024G
[    0.003028]  gran_size: 2M 	chunk_size: 256M 	num_reg: 10  	lose cover RAM: 1024G
[    0.003029]  gran_size: 2M 	chunk_size: 512M 	num_reg: 10  	lose cover RAM: 1024G
[    0.003031]  gran_size: 2M 	chunk_size: 1G 	num_reg: 10  	lose cover RAM: 1024G
[    0.003032]  gran_size: 2M 	chunk_size: 2G 	num_reg: 10  	lose cover RAM: 1024G
[    0.003034]  gran_size: 4M 	chunk_size: 4M 	num_reg: 10  	lose cover RAM: 2016G
[    0.003035]  gran_size: 4M 	chunk_size: 8M 	num_reg: 10  	lose cover RAM: 2016G
[    0.003036]  gran_size: 4M 	chunk_size: 16M 	num_reg: 10  	lose cover RAM: 2016G
[    0.003037]  gran_size: 4M 	chunk_size: 32M 	num_reg: 10  	lose cover RAM: 1024G
[    0.003039]  gran_size: 4M 	chunk_size: 64M 	num_reg: 10  	lose cover RAM: 1024G
[    0.003040]  gran_size: 4M 	chunk_size: 128M 	num_reg: 10  	lose cover RAM: 1024G
[    0.003041]  gran_size: 4M 	chunk_size: 256M 	num_reg: 10  	lose cover RAM: 1024G
[    0.003043]  gran_size: 4M 	chunk_size: 512M 	num_reg: 10  	lose cover RAM: 1024G
[    0.003044]  gran_size: 4M 	chunk_size: 1G 	num_reg: 10  	lose cover RAM: 1024G
[    0.003045]  gran_size: 4M 	chunk_size: 2G 	num_reg: 10  	lose cover RAM: 1024G
[    0.003047]  gran_size: 8M 	chunk_size: 8M 	num_reg: 10  	lose cover RAM: 2016G
[    0.003048]  gran_size: 8M 	chunk_size: 16M 	num_reg: 10  	lose cover RAM: 2016G
[    0.003049]  gran_size: 8M 	chunk_size: 32M 	num_reg: 10  	lose cover RAM: 1024G
[    0.003050]  gran_size: 8M 	chunk_size: 64M 	num_reg: 10  	lose cover RAM: 1024G
[    0.003052]  gran_size: 8M 	chunk_size: 128M 	num_reg: 10  	lose cover RAM: 1024G
[    0.003053]  gran_size: 8M 	chunk_size: 256M 	num_reg: 10  	lose cover RAM: 1024G
[    0.003054]  gran_size: 8M 	chunk_size: 512M 	num_reg: 10  	lose cover RAM: 1024G
[    0.003055]  gran_size: 8M 	chunk_size: 1G 	num_reg: 10  	lose cover RAM: 1024G
[    0.003057]  gran_size: 8M 	chunk_size: 2G 	num_reg: 10  	lose cover RAM: 1024G
[    0.003058]  gran_size: 16M 	chunk_size: 16M 	num_reg: 10  	lose cover RAM: 2016G
[    0.003059]  gran_size: 16M 	chunk_size: 32M 	num_reg: 10  	lose cover RAM: 1024G
[    0.003061]  gran_size: 16M 	chunk_size: 64M 	num_reg: 10  	lose cover RAM: 1024G
[    0.003062]  gran_size: 16M 	chunk_size: 128M 	num_reg: 10  	lose cover RAM: 1024G
[    0.003063]  gran_size: 16M 	chunk_size: 256M 	num_reg: 10  	lose cover RAM: 1024G
[    0.003065]  gran_size: 16M 	chunk_size: 512M 	num_reg: 10  	lose cover RAM: 1024G
[    0.003066]  gran_size: 16M 	chunk_size: 1G 	num_reg: 10  	lose cover RAM: 1024G
[    0.003067]  gran_size: 16M 	chunk_size: 2G 	num_reg: 10  	lose cover RAM: 1024G
[    0.003069]  gran_size: 32M 	chunk_size: 32M 	num_reg: 10  	lose cover RAM: 2031632M
[    0.003070]  gran_size: 32M 	chunk_size: 64M 	num_reg: 10  	lose cover RAM: 1048592M
[    0.003072]  gran_size: 32M 	chunk_size: 128M 	num_reg: 10  	lose cover RAM: 1048592M
[    0.003073]  gran_size: 32M 	chunk_size: 256M 	num_reg: 10  	lose cover RAM: 1048592M
[    0.003074]  gran_size: 32M 	chunk_size: 512M 	num_reg: 10  	lose cover RAM: 1048592M
[    0.003076]  gran_size: 32M 	chunk_size: 1G 	num_reg: 10  	lose cover RAM: 1048592M
[    0.003077]  gran_size: 32M 	chunk_size: 2G 	num_reg: 10  	lose cover RAM: 1048592M
[    0.003079]  gran_size: 64M 	chunk_size: 64M 	num_reg: 10  	lose cover RAM: 1966128M
[    0.003080]  gran_size: 64M 	chunk_size: 128M 	num_reg: 10  	lose cover RAM: 1048624M
[    0.003081]  gran_size: 64M 	chunk_size: 256M 	num_reg: 10  	lose cover RAM: 1048624M
[    0.003083]  gran_size: 64M 	chunk_size: 512M 	num_reg: 10  	lose cover RAM: 1048624M
[    0.003084]  gran_size: 64M 	chunk_size: 1G 	num_reg: 10  	lose cover RAM: 1048624M
[    0.003085]  gran_size: 64M 	chunk_size: 2G 	num_reg: 10  	lose cover RAM: 1048624M
[    0.003086]  gran_size: 128M 	chunk_size: 128M 	num_reg: 10  	lose cover RAM: 1835120M
[    0.003088]  gran_size: 128M 	chunk_size: 256M 	num_reg: 10  	lose cover RAM: 1048688M
[    0.003089]  gran_size: 128M 	chunk_size: 512M 	num_reg: 10  	lose cover RAM: 1048688M
[    0.003091]  gran_size: 128M 	chunk_size: 1G 	num_reg: 10  	lose cover RAM: 1048688M
[    0.003092]  gran_size: 128M 	chunk_size: 2G 	num_reg: 10  	lose cover RAM: 1048688M
[    0.003093]  gran_size: 256M 	chunk_size: 256M 	num_reg: 10  	lose cover RAM: 1573104M
[    0.003095]  gran_size: 256M 	chunk_size: 512M 	num_reg: 10  	lose cover RAM: 1048816M
[    0.003096]  gran_size: 256M 	chunk_size: 1G 	num_reg: 10  	lose cover RAM: 1048816M
[    0.003097]  gran_size: 256M 	chunk_size: 2G 	num_reg: 10  	lose cover RAM: 1048816M
[    0.003099]  gran_size: 512M 	chunk_size: 512M 	num_reg: 10  	lose cover RAM: 1049072M
[    0.003100]  gran_size: 512M 	chunk_size: 1G 	num_reg: 10  	lose cover RAM: 1049072M
[    0.003101]  gran_size: 512M 	chunk_size: 2G 	num_reg: 10  	lose cover RAM: 1049072M
[    0.003103]  gran_size: 1G 	chunk_size: 1G 	num_reg: 10  	lose cover RAM: 1008M
[    0.003104]  gran_size: 1G 	chunk_size: 2G 	num_reg: 10  	lose cover RAM: 1008M
[    0.003105]  gran_size: 2G 	chunk_size: 2G 	num_reg: 9  	lose cover RAM: 2032M
[    0.003107] mtrr_cleanup: can not find optimal value
[    0.003107] please specify mtrr_gran_size/mtrr_chunk_size
[    0.003110] e820: update [mem 0x7f000000-0xffffffff] usable ==> reserved
[    0.003113] x2apic: enabled by BIOS, switching to x2apic ops
[    0.003114] last_pfn = 0x6f800 max_arch_pfn = 0x400000000
[    0.014542] Using GB pages for direct mapping
[    0.015334] Secure boot disabled
[    0.015335] RAMDISK: [mem 0x205de61000-0x207fffffff]
[    0.015340] ACPI: Early table checksum verification disabled
[    0.015342] ACPI: RSDP 0x000000006F7FE014 000024 (v02 DELL  )
[    0.015346] ACPI: XSDT 0x000000006F41C188 0000F4 (v01 DELL   PE_SC3   00000000 DELL 01000013)
[    0.015352] ACPI: FACP 0x000000006F430000 000114 (v06 DELL   PE_SC3   00000000 DELL 00000001)
[    0.015358] ACPI: DSDT 0x000000004B4CE000 07FAD3 (v02 DELL   PE_SC3   00000003 DELL 00000001)
[    0.015361] ACPI: FACS 0x000000006F2F2000 000040
[    0.015365] ACPI: SSDT 0x000000006F7FB000 00159A (v02 INTEL  RAS_ACPI 00000001 INTL 20210331)
[    0.015368] ACPI: SSDT 0x000000006F7FA000 000745 (v02 INTEL  ADDRXLAT 00000001 INTL 20210331)
[    0.015372] ACPI: MCEJ 0x000000006F7F9000 000130 (v01 INTEL           00000001 INTL 0100000D)
[    0.015375] ACPI: BERT 0x000000006F7F8000 000030 (v01 DELL   PE_SC3   00000001 INTL 00000001)
[    0.015379] ACPI: ERST 0x000000006F7F7000 000230 (v01 DELL   PE_SC3   00000001 INTL 00000001)
[    0.015382] ACPI: SSDT 0x000000006F431000 3C524E (v02 INTEL  SSDTNVDR 00001000 INTL 20210331)
[    0.015386] ACPI: HMAT 0x000000006F42F000 000210 (v01 DELL   PE_SC3   00000001 DELL 00000001)
[    0.015389] ACPI: HPET 0x000000006F42E000 000038 (v01 DELL   PE_SC3   00000001 DELL 00000001)
[    0.015392] ACPI: MCFG 0x000000006F42D000 00003C (v01 DELL   PE_SC3   00000001 DELL 00000001)
[    0.015395] ACPI: MIGT 0x000000006F42C000 000040 (v01 DELL   PE_SC3   00000000 DELL 00000001)
[    0.015399] ACPI: MSCT 0x000000006F42B000 000090 (v01 DELL   PE_SC3   00000001 DELL 00000001)
[    0.015402] ACPI: PMTT 0x000000006F429000 0011E8 (v02 DELL   PE_SC3   00000001 DELL 00000001)
[    0.015405] ACPI: WSMT 0x000000006F428000 000028 (v01 DELL   PE_SC3   00000000 DELL 00000001)
[    0.015409] ACPI: APIC 0x000000006F427000 00075E (v04 DELL   PE_SC3   00000000 DELL 00000001)
[    0.015412] ACPI: SLIT 0x000000006F426000 00003C (v01 DELL   PE_SC3   00000001 DELL 01000013)
[    0.015415] ACPI: SRAT 0x000000006F41F000 006430 (v03 DELL   PE_SC3   00000002 DELL 01000013)
[    0.015419] ACPI: OEM4 0x000000004B346000 187A61 (v02 INTEL  CPU  CST 00003000 INTL 20210331)
[    0.015422] ACPI: SSDT 0x000000004B2CF000 0764A5 (v02 INTEL  SSDT  PM 00004000 INTL 20210331)
[    0.015425] ACPI: SSDT 0x000000006F41E000 000A1F (v02 DELL   PE_SC3   00000000 DELL 00000001)
[    0.015429] ACPI: HEST 0x000000006F41D000 00017C (v01 DELL   PE_SC3   00000001 INTL 00000001)
[    0.015432] ACPI: PCAT 0x000000006F41B000 00010C (v19 DELL   PE_SC3   00000002 DELL 00000001)
[    0.015435] ACPI: SSDT 0x000000006F413000 007299 (v02 INTEL  SpsNm    00000002 INTL 20210331)
[    0.015439] ACPI: SSDT 0x000000006F412000 000426 (v02 DELL   PE_SC3   00000002 DELL 00000001)
[    0.015442] ACPI: NFIT 0x000000006F7FD000 000488 (v01 DELL   PE_SC3   00000002 DELL 00000001)
[    0.015445] ACPI: DMAR 0x000000006F411000 000158 (v01 DELL   PE_SC3   00000001 DELL 00000001)
[    0.015448] ACPI: Reserving FACP table memory at [mem 0x6f430000-0x6f430113]
[    0.015450] ACPI: Reserving DSDT table memory at [mem 0x4b4ce000-0x4b54dad2]
[    0.015451] ACPI: Reserving FACS table memory at [mem 0x6f2f2000-0x6f2f203f]
[    0.015452] ACPI: Reserving SSDT table memory at [mem 0x6f7fb000-0x6f7fc599]
[    0.015453] ACPI: Reserving SSDT table memory at [mem 0x6f7fa000-0x6f7fa744]
[    0.015453] ACPI: Reserving MCEJ table memory at [mem 0x6f7f9000-0x6f7f912f]
[    0.015454] ACPI: Reserving BERT table memory at [mem 0x6f7f8000-0x6f7f802f]
[    0.015455] ACPI: Reserving ERST table memory at [mem 0x6f7f7000-0x6f7f722f]
[    0.015456] ACPI: Reserving SSDT table memory at [mem 0x6f431000-0x6f7f624d]
[    0.015457] ACPI: Reserving HMAT table memory at [mem 0x6f42f000-0x6f42f20f]
[    0.015458] ACPI: Reserving HPET table memory at [mem 0x6f42e000-0x6f42e037]
[    0.015459] ACPI: Reserving MCFG table memory at [mem 0x6f42d000-0x6f42d03b]
[    0.015460] ACPI: Reserving MIGT table memory at [mem 0x6f42c000-0x6f42c03f]
[    0.015461] ACPI: Reserving MSCT table memory at [mem 0x6f42b000-0x6f42b08f]
[    0.015462] ACPI: Reserving PMTT table memory at [mem 0x6f429000-0x6f42a1e7]
[    0.015463] ACPI: Reserving WSMT table memory at [mem 0x6f428000-0x6f428027]
[    0.015463] ACPI: Reserving APIC table memory at [mem 0x6f427000-0x6f42775d]
[    0.015464] ACPI: Reserving SLIT table memory at [mem 0x6f426000-0x6f42603b]
[    0.015465] ACPI: Reserving SRAT table memory at [mem 0x6f41f000-0x6f42542f]
[    0.015466] ACPI: Reserving OEM4 table memory at [mem 0x4b346000-0x4b4cda60]
[    0.015467] ACPI: Reserving SSDT table memory at [mem 0x4b2cf000-0x4b3454a4]
[    0.015468] ACPI: Reserving SSDT table memory at [mem 0x6f41e000-0x6f41ea1e]
[    0.015469] ACPI: Reserving HEST table memory at [mem 0x6f41d000-0x6f41d17b]
[    0.015470] ACPI: Reserving PCAT table memory at [mem 0x6f41b000-0x6f41b10b]
[    0.015471] ACPI: Reserving SSDT table memory at [mem 0x6f413000-0x6f41a298]
[    0.015472] ACPI: Reserving SSDT table memory at [mem 0x6f412000-0x6f412425]
[    0.015473] ACPI: Reserving NFIT table memory at [mem 0x6f7fd000-0x6f7fd487]
[    0.015474] ACPI: Reserving DMAR table memory at [mem 0x6f411000-0x6f411157]
[    0.015484] Setting APIC routing to cluster x2apic.
[    0.015530] SRAT: PXM 0 -> APIC 0x0000 -> Node 0
[    0.015532] SRAT: PXM 0 -> APIC 0x0001 -> Node 0
[    0.015533] SRAT: PXM 0 -> APIC 0x0002 -> Node 0
[    0.015533] SRAT: PXM 0 -> APIC 0x0003 -> Node 0
[    0.015534] SRAT: PXM 0 -> APIC 0x0004 -> Node 0
[    0.015535] SRAT: PXM 0 -> APIC 0x0005 -> Node 0
[    0.015535] SRAT: PXM 0 -> APIC 0x0006 -> Node 0
[    0.015536] SRAT: PXM 0 -> APIC 0x0007 -> Node 0
[    0.015537] SRAT: PXM 0 -> APIC 0x0008 -> Node 0
[    0.015537] SRAT: PXM 0 -> APIC 0x0009 -> Node 0
[    0.015538] SRAT: PXM 0 -> APIC 0x000a -> Node 0
[    0.015539] SRAT: PXM 0 -> APIC 0x000b -> Node 0
[    0.015539] SRAT: PXM 0 -> APIC 0x000c -> Node 0
[    0.015540] SRAT: PXM 0 -> APIC 0x000d -> Node 0
[    0.015541] SRAT: PXM 0 -> APIC 0x000e -> Node 0
[    0.015541] SRAT: PXM 0 -> APIC 0x000f -> Node 0
[    0.015542] SRAT: PXM 0 -> APIC 0x0010 -> Node 0
[    0.015543] SRAT: PXM 0 -> APIC 0x0011 -> Node 0
[    0.015543] SRAT: PXM 0 -> APIC 0x0012 -> Node 0
[    0.015544] SRAT: PXM 0 -> APIC 0x0013 -> Node 0
[    0.015545] SRAT: PXM 0 -> APIC 0x0014 -> Node 0
[    0.015545] SRAT: PXM 0 -> APIC 0x0015 -> Node 0
[    0.015546] SRAT: PXM 0 -> APIC 0x0016 -> Node 0
[    0.015547] SRAT: PXM 0 -> APIC 0x0017 -> Node 0
[    0.015547] SRAT: PXM 0 -> APIC 0x0018 -> Node 0
[    0.015548] SRAT: PXM 0 -> APIC 0x0019 -> Node 0
[    0.015549] SRAT: PXM 0 -> APIC 0x001a -> Node 0
[    0.015549] SRAT: PXM 0 -> APIC 0x001b -> Node 0
[    0.015550] SRAT: PXM 0 -> APIC 0x001c -> Node 0
[    0.015551] SRAT: PXM 0 -> APIC 0x001d -> Node 0
[    0.015551] SRAT: PXM 0 -> APIC 0x001e -> Node 0
[    0.015552] SRAT: PXM 0 -> APIC 0x001f -> Node 0
[    0.015553] SRAT: PXM 0 -> APIC 0x0020 -> Node 0
[    0.015553] SRAT: PXM 0 -> APIC 0x0021 -> Node 0
[    0.015554] SRAT: PXM 0 -> APIC 0x0022 -> Node 0
[    0.015555] SRAT: PXM 0 -> APIC 0x0023 -> Node 0
[    0.015555] SRAT: PXM 0 -> APIC 0x0024 -> Node 0
[    0.015556] SRAT: PXM 0 -> APIC 0x0025 -> Node 0
[    0.015557] SRAT: PXM 0 -> APIC 0x0026 -> Node 0
[    0.015557] SRAT: PXM 0 -> APIC 0x0027 -> Node 0
[    0.015558] SRAT: PXM 0 -> APIC 0x0028 -> Node 0
[    0.015559] SRAT: PXM 0 -> APIC 0x0029 -> Node 0
[    0.015559] SRAT: PXM 0 -> APIC 0x002a -> Node 0
[    0.015560] SRAT: PXM 0 -> APIC 0x002b -> Node 0
[    0.015561] SRAT: PXM 0 -> APIC 0x002c -> Node 0
[    0.015561] SRAT: PXM 0 -> APIC 0x002d -> Node 0
[    0.015562] SRAT: PXM 0 -> APIC 0x002e -> Node 0
[    0.015563] SRAT: PXM 0 -> APIC 0x002f -> Node 0
[    0.015563] SRAT: PXM 0 -> APIC 0x0030 -> Node 0
[    0.015564] SRAT: PXM 0 -> APIC 0x0031 -> Node 0
[    0.015565] SRAT: PXM 0 -> APIC 0x0032 -> Node 0
[    0.015565] SRAT: PXM 0 -> APIC 0x0033 -> Node 0
[    0.015566] SRAT: PXM 0 -> APIC 0x0034 -> Node 0
[    0.015567] SRAT: PXM 0 -> APIC 0x0035 -> Node 0
[    0.015567] SRAT: PXM 0 -> APIC 0x0036 -> Node 0
[    0.015568] SRAT: PXM 0 -> APIC 0x0037 -> Node 0
[    0.015569] SRAT: PXM 1 -> APIC 0x0080 -> Node 1
[    0.015569] SRAT: PXM 1 -> APIC 0x0081 -> Node 1
[    0.015570] SRAT: PXM 1 -> APIC 0x0082 -> Node 1
[    0.015571] SRAT: PXM 1 -> APIC 0x0083 -> Node 1
[    0.015571] SRAT: PXM 1 -> APIC 0x0084 -> Node 1
[    0.015572] SRAT: PXM 1 -> APIC 0x0085 -> Node 1
[    0.015573] SRAT: PXM 1 -> APIC 0x0086 -> Node 1
[    0.015573] SRAT: PXM 1 -> APIC 0x0087 -> Node 1
[    0.015574] SRAT: PXM 1 -> APIC 0x0088 -> Node 1
[    0.015575] SRAT: PXM 1 -> APIC 0x0089 -> Node 1
[    0.015575] SRAT: PXM 1 -> APIC 0x008a -> Node 1
[    0.015576] SRAT: PXM 1 -> APIC 0x008b -> Node 1
[    0.015577] SRAT: PXM 1 -> APIC 0x008c -> Node 1
[    0.015577] SRAT: PXM 1 -> APIC 0x008d -> Node 1
[    0.015578] SRAT: PXM 1 -> APIC 0x008e -> Node 1
[    0.015579] SRAT: PXM 1 -> APIC 0x008f -> Node 1
[    0.015579] SRAT: PXM 1 -> APIC 0x0090 -> Node 1
[    0.015580] SRAT: PXM 1 -> APIC 0x0091 -> Node 1
[    0.015581] SRAT: PXM 1 -> APIC 0x0092 -> Node 1
[    0.015581] SRAT: PXM 1 -> APIC 0x0093 -> Node 1
[    0.015582] SRAT: PXM 1 -> APIC 0x0094 -> Node 1
[    0.015582] SRAT: PXM 1 -> APIC 0x0095 -> Node 1
[    0.015583] SRAT: PXM 1 -> APIC 0x0096 -> Node 1
[    0.015584] SRAT: PXM 1 -> APIC 0x0097 -> Node 1
[    0.015584] SRAT: PXM 1 -> APIC 0x0098 -> Node 1
[    0.015585] SRAT: PXM 1 -> APIC 0x0099 -> Node 1
[    0.015586] SRAT: PXM 1 -> APIC 0x009a -> Node 1
[    0.015586] SRAT: PXM 1 -> APIC 0x009b -> Node 1
[    0.015587] SRAT: PXM 1 -> APIC 0x009c -> Node 1
[    0.015588] SRAT: PXM 1 -> APIC 0x009d -> Node 1
[    0.015588] SRAT: PXM 1 -> APIC 0x009e -> Node 1
[    0.015589] SRAT: PXM 1 -> APIC 0x009f -> Node 1
[    0.015590] SRAT: PXM 1 -> APIC 0x00a0 -> Node 1
[    0.015590] SRAT: PXM 1 -> APIC 0x00a1 -> Node 1
[    0.015591] SRAT: PXM 1 -> APIC 0x00a2 -> Node 1
[    0.015592] SRAT: PXM 1 -> APIC 0x00a3 -> Node 1
[    0.015592] SRAT: PXM 1 -> APIC 0x00a4 -> Node 1
[    0.015593] SRAT: PXM 1 -> APIC 0x00a5 -> Node 1
[    0.015593] SRAT: PXM 1 -> APIC 0x00a6 -> Node 1
[    0.015594] SRAT: PXM 1 -> APIC 0x00a7 -> Node 1
[    0.015595] SRAT: PXM 1 -> APIC 0x00a8 -> Node 1
[    0.015595] SRAT: PXM 1 -> APIC 0x00a9 -> Node 1
[    0.015596] SRAT: PXM 1 -> APIC 0x00aa -> Node 1
[    0.015597] SRAT: PXM 1 -> APIC 0x00ab -> Node 1
[    0.015597] SRAT: PXM 1 -> APIC 0x00ac -> Node 1
[    0.015598] SRAT: PXM 1 -> APIC 0x00ad -> Node 1
[    0.015599] SRAT: PXM 1 -> APIC 0x00ae -> Node 1
[    0.015599] SRAT: PXM 1 -> APIC 0x00af -> Node 1
[    0.015600] SRAT: PXM 1 -> APIC 0x00b0 -> Node 1
[    0.015601] SRAT: PXM 1 -> APIC 0x00b1 -> Node 1
[    0.015601] SRAT: PXM 1 -> APIC 0x00b2 -> Node 1
[    0.015602] SRAT: PXM 1 -> APIC 0x00b3 -> Node 1
[    0.015603] SRAT: PXM 1 -> APIC 0x00b4 -> Node 1
[    0.015603] SRAT: PXM 1 -> APIC 0x00b5 -> Node 1
[    0.015604] SRAT: PXM 1 -> APIC 0x00b6 -> Node 1
[    0.015605] SRAT: PXM 1 -> APIC 0x00b7 -> Node 1
[    0.015617] ACPI: SRAT: Node 0 PXM 0 [mem 0x00000000-0x7fffffff]
[    0.015619] ACPI: SRAT: Node 0 PXM 0 [mem 0x100000000-0x107fffffff]
[    0.015621] ACPI: SRAT: Node 2 PXM 2 [mem 0x2080000000-0x9e7fffffff] non-volatile
[    0.015622] ACPI: SRAT: Node 1 PXM 1 [mem 0x1080000000-0x207fffffff]
[    0.015623] ACPI: SRAT: Node 3 PXM 3 [mem 0x9e80000000-0x11c7fffffff] non-volatile
[    0.015633] NUMA: Initialized distance table, cnt=4
[    0.015636] NUMA: Node 0 [mem 0x00000000-0x7fffffff] + [mem 0x100000000-0x107fffffff] -> [mem 0x00000000-0x107fffffff]
[    0.015645] NODE_DATA(0) allocated [mem 0xffffd5000-0xfffffffff]
[    0.015665] NODE_DATA(1) allocated [mem 0x205de33000-0x205de5dfff]
[    0.015863] Zone ranges:
[    0.015864]   DMA      [mem 0x0000000000001000-0x0000000000ffffff]
[    0.015866]   DMA32    [mem 0x0000000001000000-0x00000000ffffffff]
[    0.015867]   Normal   [mem 0x0000000100000000-0x000000207fffffff]
[    0.015869]   Device   empty
[    0.015870] Movable zone start for each node
[    0.015873] Early memory node ranges
[    0.015874]   node   0: [mem 0x0000000000001000-0x000000000008efff]
[    0.015875]   node   0: [mem 0x0000000000090000-0x000000000009ffff]
[    0.015876]   node   0: [mem 0x0000000000100000-0x0000000049e76fff]
[    0.015877]   node   0: [mem 0x000000004ae77000-0x000000004b2cefff]
[    0.015878]   node   0: [mem 0x000000004b54e000-0x000000004bd93fff]
[    0.015879]   node   0: [mem 0x000000004be9a000-0x000000004cdfffff]
[    0.015880]   node   0: [mem 0x000000004d000000-0x000000005eefdfff]
[    0.015880]   node   0: [mem 0x000000006f7ff000-0x000000006f7fffff]
[    0.015881]   node   0: [mem 0x00000002e6000000-0x0000000fffffffff]
[    0.015885]   node   1: [mem 0x0000001ec0000000-0x000000207fffffff]
[    0.015886] Initmem setup node 0 [mem 0x0000000000001000-0x0000000fffffffff]
[    0.015889] Initmem setup node 1 [mem 0x0000001ec0000000-0x000000207fffffff]
[    0.015891] Initializing node 2 as memoryless
[    0.015915] Initmem setup node 2 as memoryless
[    0.015916] Initializing node 3 as memoryless
[    0.015940] Initmem setup node 3 as memoryless
[    0.015942] On node 0, zone DMA: 1 pages in unavailable ranges
[    0.015944] On node 0, zone DMA: 1 pages in unavailable ranges
[    0.015971] On node 0, zone DMA: 96 pages in unavailable ranges
[    0.018098] On node 0, zone DMA32: 4096 pages in unavailable ranges
[    0.018119] On node 0, zone DMA32: 639 pages in unavailable ranges
[    0.018152] On node 0, zone DMA32: 262 pages in unavailable ranges
[    0.018662] On node 0, zone DMA32: 512 pages in unavailable ranges
[    0.018927] On node 0, zone DMA32: 35073 pages in unavailable ranges
[    0.117474] On node 0, zone Normal: 26624 pages in unavailable ranges
[    0.131717] ACPI: PM-Timer IO Port: 0x508
[    0.131736] ACPI: X2APIC_NMI (uid[0xffffffff] high edge lint[0x1])
[    0.131739] ACPI: LAPIC_NMI (acpi_id[0xff] high edge lint[0x1])
[    0.131759] IOAPIC[0]: apic_id 8, version 32, address 0xfec00000, GSI 0-119
[    0.131762] ACPI: INT_SRC_OVR (bus 0 bus_irq 0 global_irq 2 dfl dfl)
[    0.131764] ACPI: INT_SRC_OVR (bus 0 bus_irq 9 global_irq 9 high level)
[    0.131768] ACPI: Using ACPI (MADT) for SMP configuration information
[    0.131770] ACPI: HPET id: 0x8086a701 base: 0xfed00000
[    0.131775] TSC deadline timer available
[    0.131776] smpboot: Allowing 112 CPUs, 0 hotplug CPUs
[    0.131804] PM: hibernation: Registered nosave memory: [mem 0x00000000-0x00000fff]
[    0.131806] PM: hibernation: Registered nosave memory: [mem 0x0008f000-0x0008ffff]
[    0.131808] PM: hibernation: Registered nosave memory: [mem 0x000a0000-0x000fffff]
[    0.131810] PM: hibernation: Registered nosave memory: [mem 0x46cc4000-0x46cc4fff]
[    0.131812] PM: hibernation: Registered nosave memory: [mem 0x46cf5000-0x46cf5fff]
[    0.131813] PM: hibernation: Registered nosave memory: [mem 0x46cf6000-0x46cf6fff]
[    0.131815] PM: hibernation: Registered nosave memory: [mem 0x46d28000-0x46d28fff]
[    0.131815] PM: hibernation: Registered nosave memory: [mem 0x46d29000-0x46d29fff]
[    0.131817] PM: hibernation: Registered nosave memory: [mem 0x46d5b000-0x46d5bfff]
[    0.131818] PM: hibernation: Registered nosave memory: [mem 0x46d5c000-0x46d5cfff]
[    0.131820] PM: hibernation: Registered nosave memory: [mem 0x46d64000-0x46d64fff]
[    0.131822] PM: hibernation: Registered nosave memory: [mem 0x49e77000-0x4ae76fff]
[    0.131824] PM: hibernation: Registered nosave memory: [mem 0x4b2cf000-0x4b54dfff]
[    0.131825] PM: hibernation: Registered nosave memory: [mem 0x4bd94000-0x4be99fff]
[    0.131827] PM: hibernation: Registered nosave memory: [mem 0x4ce00000-0x4cffffff]
[    0.131829] PM: hibernation: Registered nosave memory: [mem 0x5eefe000-0x6e3fefff]
[    0.131830] PM: hibernation: Registered nosave memory: [mem 0x6e3ff000-0x6f3fefff]
[    0.131830] PM: hibernation: Registered nosave memory: [mem 0x6f3ff000-0x6f7fefff]
[    0.131832] PM: hibernation: Registered nosave memory: [mem 0x6f800000-0x8fffffff]
[    0.131833] PM: hibernation: Registered nosave memory: [mem 0x90000000-0xfdffffff]
[    0.131834] PM: hibernation: Registered nosave memory: [mem 0xfe000000-0xfe010fff]
[    0.131834] PM: hibernation: Registered nosave memory: [mem 0xfe011000-0xffffffff]
[    0.131835] PM: hibernation: Registered nosave memory: [mem 0x100000000-0x2e5ffffff]
[    0.131837] PM: hibernation: Registered nosave memory: [mem 0x1000000000-0x1ebfffffff]
[    0.131839] [mem 0x90000000-0xfdffffff] available for PCI devices
[    0.131841] Booting paravirtualized kernel on bare hardware
[    0.131843] clocksource: refined-jiffies: mask: 0xffffffff max_cycles: 0xffffffff, max_idle_ns: 7645519600211568 ns
[    0.131849] setup_percpu: NR_CPUS:8192 nr_cpumask_bits:112 nr_cpu_ids:112 nr_node_ids:4
[    0.136576] percpu: Embedded 61 pages/cpu s212992 r8192 d28672 u262144
[    0.136588] pcpu-alloc: s212992 r8192 d28672 u262144 alloc=1*2097152
[    0.136590] pcpu-alloc: [0] 000 002 004 006 008 010 012 014 
[    0.136596] pcpu-alloc: [0] 016 018 020 022 024 026 028 030 
[    0.136601] pcpu-alloc: [0] 032 034 036 038 040 042 044 046 
[    0.136606] pcpu-alloc: [0] 048 050 052 054 056 058 060 062 
[    0.136610] pcpu-alloc: [0] 064 066 068 070 072 074 076 078 
[    0.136615] pcpu-alloc: [0] 080 082 084 086 088 090 092 094 
[    0.136619] pcpu-alloc: [0] 096 098 100 102 104 106 108 110 
[    0.136624] pcpu-alloc: [1] 001 003 005 007 009 011 013 015 
[    0.136628] pcpu-alloc: [1] 017 019 021 023 025 027 029 031 
[    0.136633] pcpu-alloc: [1] 033 035 037 039 041 043 045 047 
[    0.136637] pcpu-alloc: [1] 049 051 053 055 057 059 061 063 
[    0.136642] pcpu-alloc: [1] 065 067 069 071 073 075 077 079 
[    0.136646] pcpu-alloc: [1] 081 083 085 087 089 091 093 095 
[    0.136651] pcpu-alloc: [1] 097 099 101 103 105 107 109 111 
[    0.136697] Fallback order for Node 0: 0 1 
[    0.136700] Fallback order for Node 1: 1 0 
[    0.136703] Fallback order for Node 2: 2 0 1 
[    0.136706] Fallback order for Node 3: 3 1 0 
[    0.136714] Built 2 zonelists, mobility grouping on.  Total pages: 15705748
[    0.136715] Policy zone: Normal
[    0.136717] Kernel command line: BOOT_IMAGE=/boot/vmlinuz-5.18.0 root=UUID=ce0c24b8-724b-4f33-9b2c-618433560aef ro memmap=7776M!4096M memmap=59G!64G quiet splash nomodeset vt.handoff=1
[    0.136842] Booted with the nomodeset parameter. Only the system framebuffer will be available
[    0.136864] Unknown kernel command line parameters "splash BOOT_IMAGE=/boot/vmlinuz-5.18.0", will be passed to user space.
[    0.136866] printk: log_buf_len individual max cpu contribution: 4096 bytes
[    0.136867] printk: log_buf_len total cpu_extra contributions: 454656 bytes
[    0.136868] printk: log_buf_len min size: 262144 bytes
[    0.137856] printk: log_buf_len: 1048576 bytes
[    0.137857] printk: early log buf free: 223664(85%)
[    0.139765] mem auto-init: stack:off, heap alloc:on, heap free:off
[    0.282852] Memory: 61994912K/63824992K available (16392K kernel code, 3615K rwdata, 10444K rodata, 2688K init, 5836K bss, 1829820K reserved, 0K cma-reserved)
[    0.282858] random: get_random_u64 called from __kmem_cache_create+0x2d/0x480 with crng_init=0
[    0.283584] SLUB: HWalign=64, Order=0-3, MinObjects=0, CPUs=112, Nodes=4
[    0.283618] ftrace: allocating 48795 entries in 191 pages
[    0.292194] ftrace: allocated 191 pages with 7 groups
[    0.293170] Dynamic Preempt: voluntary
[    0.293515] rcu: Preemptible hierarchical RCU implementation.
[    0.293516] rcu: 	RCU restricting CPUs from NR_CPUS=8192 to nr_cpu_ids=112.
[    0.293517] 	Trampoline variant of Tasks RCU enabled.
[    0.293518] 	Rude variant of Tasks RCU enabled.
[    0.293519] 	Tracing variant of Tasks RCU enabled.
[    0.293519] rcu: RCU calculated value of scheduler-enlistment delay is 25 jiffies.
[    0.293520] rcu: Adjusting geometry for rcu_fanout_leaf=16, nr_cpu_ids=112
[    0.297340] NR_IRQS: 524544, nr_irqs: 2952, preallocated irqs: 16
[    0.297695] random: crng init done (trusting CPU's manufacturer)
[    0.297833] Console: colour dummy device 80x25
[    0.297868] printk: console [tty0] enabled
[    0.298072] mempolicy: Enabling automatic NUMA balancing. Configure with numa_balancing= or the kernel.numa_balancing sysctl
[    0.298078] ACPI: Core revision 20211217
[    0.301524] clocksource: hpet: mask: 0xffffffff max_cycles: 0xffffffff, max_idle_ns: 79635855245 ns
[    0.301567] APIC: Switch to symmetric I/O mode setup
[    0.301569] DMAR: Host address width 46
[    0.301570] DMAR: DRHD base: 0x000000d0ffc000 flags: 0x0
[    0.301575] DMAR: dmar0: reg_base_addr d0ffc000 ver 4:0 cap 8ed008c40780466 ecap 60000f050df
[    0.301578] DMAR: DRHD base: 0x000000dbbfc000 flags: 0x0
[    0.301581] DMAR: dmar1: reg_base_addr dbbfc000 ver 4:0 cap 8ed008c40780466 ecap 60000f050df
[    0.301582] DMAR: DRHD base: 0x000000e67fc000 flags: 0x0
[    0.301587] DMAR: dmar2: reg_base_addr e67fc000 ver 4:0 cap 8ed008c40780466 ecap 60000f050df
[    0.301589] DMAR: DRHD base: 0x000000f13fc000 flags: 0x0
[    0.301591] DMAR: dmar3: reg_base_addr f13fc000 ver 4:0 cap 8ed008c40780466 ecap 60000f050df
[    0.301593] DMAR: DRHD base: 0x000000fb7fc000 flags: 0x0
[    0.301596] DMAR: dmar4: reg_base_addr fb7fc000 ver 4:0 cap 8ed008c40780466 ecap 60000f050df
[    0.301598] DMAR: DRHD base: 0x000000a63fc000 flags: 0x0
[    0.301600] DMAR: dmar5: reg_base_addr a63fc000 ver 4:0 cap 8ed008c40780466 ecap 60000f050df
[    0.301602] DMAR: DRHD base: 0x000000b0ffc000 flags: 0x0
[    0.301607] DMAR: dmar6: reg_base_addr b0ffc000 ver 4:0 cap 8ed008c40780466 ecap 60000f050df
[    0.301609] DMAR: DRHD base: 0x000000bbbfc000 flags: 0x0
[    0.301611] DMAR: dmar7: reg_base_addr bbbfc000 ver 4:0 cap 8ed008c40780466 ecap 60000f050df
[    0.301613] DMAR: DRHD base: 0x000000c5ffc000 flags: 0x0
[    0.301615] DMAR: dmar8: reg_base_addr c5ffc000 ver 4:0 cap 8ed008c40780466 ecap 60000f050df
[    0.301617] DMAR: DRHD base: 0x0000009b7fc000 flags: 0x1
[    0.301620] DMAR: dmar9: reg_base_addr 9b7fc000 ver 4:0 cap 8ed008c40780466 ecap 60000f050df
[    0.301622] DMAR: RMRR base: 0x00000069427000 end: 0x00000069429fff
[    0.301623] DMAR: ATSR flags: 0x0
[    0.301626] DMAR-IR: IOAPIC id 8 under DRHD base  0x9b7fc000 IOMMU 9
[    0.301627] DMAR-IR: HPET id 0 under DRHD base 0x9b7fc000
[    0.301628] DMAR-IR: Queued invalidation will be enabled to support x2apic and Intr-remapping.
[    0.304673] DMAR-IR: Enabled IRQ remapping in x2apic mode
[    0.307302] ..TIMER: vector=0x30 apic1=0 pin1=2 apic2=-1 pin2=-1
[    0.325498] clocksource: tsc-early: mask: 0xffffffffffffffff max_cycles: 0x39a85c9bff6, max_idle_ns: 881590591483 ns
[    0.325504] Calibrating delay loop (skipped), value calculated using timer frequency.. 4000.00 BogoMIPS (lpj=8000000)
[    0.325507] pid_max: default: 114688 minimum: 896
[    0.329342] LSM: Security Framework initializing
[    0.329357] Yama: becoming mindful.
[    0.329395] AppArmor: AppArmor initialized
[    0.337410] Dentry cache hash table entries: 8388608 (order: 14, 67108864 bytes, vmalloc hugepage)
[    0.341538] Inode-cache hash table entries: 4194304 (order: 13, 33554432 bytes, vmalloc hugepage)
[    0.341717] Mount-cache hash table entries: 131072 (order: 8, 1048576 bytes, vmalloc)
[    0.341851] Mountpoint-cache hash table entries: 131072 (order: 8, 1048576 bytes, vmalloc)
[    0.342456] x86/tme: not enabled by BIOS
[    0.342466] CPU0: Thermal monitoring enabled (TM1)
[    0.342468] x86/cpu: User Mode Instruction Prevention (UMIP) activated
[    0.342703] process: using mwait in idle threads
[    0.342705] Last level iTLB entries: 4KB 0, 2MB 0, 4MB 0
[    0.342706] Last level dTLB entries: 4KB 0, 2MB 0, 4MB 0, 1GB 0
[    0.342713] Spectre V1 : Mitigation: usercopy/swapgs barriers and __user pointer sanitization
[    0.342714] Spectre V2 : WARNING: Unprivileged eBPF is enabled with eIBRS on, data leaks possible via Spectre v2 BHB attacks!
[    0.342720] Spectre V2 : Mitigation: Enhanced IBRS
[    0.342720] Spectre V2 : Spectre v2 / SpectreRSB mitigation: Filling RSB on context switch
[    0.342722] Spectre V2 : mitigation: Enabling conditional Indirect Branch Prediction Barrier
[    0.342724] Speculative Store Bypass: Mitigation: Speculative Store Bypass disabled via prctl
[    0.347883] Freeing SMP alternatives memory: 40K
[    0.349653] smpboot: Estimated ratio of average max frequency by base frequency (times 1024): 1433
[    0.349668] smpboot: CPU0: Intel(R) Xeon(R) Gold 6330 CPU @ 2.00GHz (family: 0x6, model: 0x6a, stepping: 0x6)
[    0.349894] cblist_init_generic: Setting adjustable number of callback queues.
[    0.349909] cblist_init_generic: Setting shift to 7 and lim to 1.
[    0.349937] cblist_init_generic: Setting shift to 7 and lim to 1.
[    0.349969] cblist_init_generic: Setting shift to 7 and lim to 1.
[    0.349980] Performance Events: PEBS fmt4+-baseline,  AnyThread deprecated, Icelake events, 32-deep LBR, full-width counters, Intel PMU driver.
[    0.350018] ... version:                5
[    0.350019] ... bit width:              48
[    0.350019] ... generic registers:      8
[    0.350020] ... value mask:             0000ffffffffffff
[    0.350021] ... max period:             00007fffffffffff
[    0.350021] ... fixed-purpose events:   4
[    0.350022] ... event mask:             0001000f000000ff
[    0.350191] rcu: Hierarchical SRCU implementation.
[    0.357424] NMI watchdog: Enabled. Permanently consumes one hw-PMU counter.
[    0.358553] smp: Bringing up secondary CPUs ...
[    0.358679] x86: Booting SMP configuration:
[    0.358680] .... node  #1, CPUs:          #1
[    0.007814] smpboot: CPU 1 Converting physical 0 to logical die 1

[    0.445620] .... node  #0, CPUs:     #2
[    0.450998] .... node  #1, CPUs:     #3
[    0.456435] .... node  #0, CPUs:     #4
[    0.461823] .... node  #1, CPUs:     #5
[    0.467229] .... node  #0, CPUs:     #6
[    0.472820] .... node  #1, CPUs:     #7
[    0.478426] .... node  #0, CPUs:     #8
[    0.483736] .... node  #1, CPUs:     #9
[    0.489610] .... node  #0, CPUs:    #10
[    0.495210] .... node  #1, CPUs:    #11
[    0.500979] .... node  #0, CPUs:    #12
[    0.506505] .... node  #1, CPUs:    #13
[    0.511879] .... node  #0, CPUs:    #14
[    0.517125] .... node  #1, CPUs:    #15
[    0.522457] .... node  #0, CPUs:    #16
[    0.527756] .... node  #1, CPUs:    #17
[    0.533072] .... node  #0, CPUs:    #18
[    0.538332] .... node  #1, CPUs:    #19
[    0.544001] .... node  #0, CPUs:    #20
[    0.549258] .... node  #1, CPUs:    #21
[    0.554881] .... node  #0, CPUs:    #22
[    0.560331] .... node  #1, CPUs:    #23
[    0.565615] .... node  #0, CPUs:    #24
[    0.571263] .... node  #1, CPUs:    #25
[    0.576612] .... node  #0, CPUs:    #26
[    0.581852] .... node  #1, CPUs:    #27
[    0.587188] .... node  #0, CPUs:    #28
[    0.592716] .... node  #1, CPUs:    #29
[    0.598024] .... node  #0, CPUs:    #30
[    0.603267] .... node  #1, CPUs:    #31
[    0.608766] .... node  #0, CPUs:    #32
[    0.614064] .... node  #1, CPUs:    #33
[    0.619451] .... node  #0, CPUs:    #34
[    0.624917] .... node  #1, CPUs:    #35
[    0.630241] .... node  #0, CPUs:    #36
[    0.635480] .... node  #1, CPUs:    #37
[    0.640801] .... node  #0, CPUs:    #38
[    0.646382] .... node  #1, CPUs:    #39
[    0.651930] .... node  #0, CPUs:    #40
[    0.657668] .... node  #1, CPUs:    #41
[    0.663307] .... node  #0, CPUs:    #42
[    0.668634] .... node  #1, CPUs:    #43
[    0.674290] .... node  #0, CPUs:    #44
[    0.679667] .... node  #1, CPUs:    #45
[    0.685146] .... node  #0, CPUs:    #46
[    0.690702] .... node  #1, CPUs:    #47
[    0.696179] .... node  #0, CPUs:    #48
[    0.701667] .... node  #1, CPUs:    #49
[    0.706990] .... node  #0, CPUs:    #50
[    0.712502] .... node  #1, CPUs:    #51
[    0.718174] .... node  #0, CPUs:    #52
[    0.723650] .... node  #1, CPUs:    #53
[    0.729268] .... node  #0, CPUs:    #54
[    0.734992] .... node  #1, CPUs:    #55
[    0.740812] .... node  #0, CPUs:    #56
[    0.743322] .... node  #1, CPUs:    #57
[    0.749222] .... node  #0, CPUs:    #58
[    0.754653] .... node  #1, CPUs:    #59
[    0.760101] .... node  #0, CPUs:    #60
[    0.765676] .... node  #1, CPUs:    #61
[    0.770920] .... node  #0, CPUs:    #62
[    0.776534] .... node  #1, CPUs:    #63
[    0.782144] .... node  #0, CPUs:    #64
[    0.787466] .... node  #1, CPUs:    #65
[    0.793214] .... node  #0, CPUs:    #66
[    0.798991] .... node  #1, CPUs:    #67
[    0.804761] .... node  #0, CPUs:    #68
[    0.810312] .... node  #1, CPUs:    #69
[    0.815710] .... node  #0, CPUs:    #70
[    0.820974] .... node  #1, CPUs:    #71
[    0.826329] .... node  #0, CPUs:    #72
[    0.831639] .... node  #1, CPUs:    #73
[    0.836977] .... node  #0, CPUs:    #74
[    0.842269] .... node  #1, CPUs:    #75
[    0.847946] .... node  #0, CPUs:    #76
[    0.853220] .... node  #1, CPUs:    #77
[    0.858859] .... node  #0, CPUs:    #78
[    0.864318] .... node  #1, CPUs:    #79
[    0.869639] .... node  #0, CPUs:    #80
[    0.875303] .... node  #1, CPUs:    #81
[    0.880666] .... node  #0, CPUs:    #82
[    0.885899] .... node  #1, CPUs:    #83
[    0.891261] .... node  #0, CPUs:    #84
[    0.896803] .... node  #1, CPUs:    #85
[    0.902125] .... node  #0, CPUs:    #86
[    0.907404] .... node  #1, CPUs:    #87
[    0.912917] .... node  #0, CPUs:    #88
[    0.918238] .... node  #1, CPUs:    #89
[    0.923657] .... node  #0, CPUs:    #90
[    0.929131] .... node  #1, CPUs:    #91
[    0.934483] .... node  #0, CPUs:    #92
[    0.939729] .... node  #1, CPUs:    #93
[    0.945085] .... node  #0, CPUs:    #94
[    0.950678] .... node  #1, CPUs:    #95
[    0.956252] .... node  #0, CPUs:    #96
[    0.961894] .... node  #1, CPUs:    #97
[    0.967668] .... node  #0, CPUs:    #98
[    0.973014] .... node  #1, CPUs:    #99
[    0.978693] .... node  #0, CPUs:   #100
[    0.984091] .... node  #1, CPUs:   #101
[    0.989613] .... node  #0, CPUs:   #102
[    0.995170] .... node  #1, CPUs:   #103
[    1.000661] .... node  #0, CPUs:   #104
[    1.006025] .... node  #1, CPUs:   #105
[    1.011512] .... node  #0, CPUs:   #106
[    1.017043] .... node  #1, CPUs:   #107
[    1.022709] .... node  #0, CPUs:   #108
[    1.028204] .... node  #1, CPUs:   #109
[    1.033831] .... node  #0, CPUs:   #110
[    1.039568] .... node  #1, CPUs:   #111
[    1.045558] smp: Brought up 2 nodes, 112 CPUs
[    1.045561] smpboot: Max logical packages: 2
[    1.045563] smpboot: Total of 112 processors activated (448086.38 BogoMIPS)
[    1.052987] devtmpfs: initialized
[    1.052987] x86/mm: Memory block size: 2048MB
[    1.053621] ACPI: PM: Registering ACPI NVS region [mem 0x49e77000-0x4ae76fff] (16777216 bytes)
[    1.053745] ACPI: PM: Registering ACPI NVS region [mem 0x6e3ff000-0x6f3fefff] (16777216 bytes)
[    1.054023] clocksource: jiffies: mask: 0xffffffff max_cycles: 0xffffffff, max_idle_ns: 7645041785100000 ns
[    1.054331] futex hash table entries: 32768 (order: 9, 2097152 bytes, vmalloc)
[    1.054580] pinctrl core: initialized pinctrl subsystem
[    1.054734] PM: RTC time: 13:29:27, date: 2024-06-20
[    1.055690] NET: Registered PF_NETLINK/PF_ROUTE protocol family
[    1.056494] DMA: preallocated 4096 KiB GFP_KERNEL pool for atomic allocations
[    1.057004] DMA: preallocated 4096 KiB GFP_KERNEL|GFP_DMA pool for atomic allocations
[    1.057657] DMA: preallocated 4096 KiB GFP_KERNEL|GFP_DMA32 pool for atomic allocations
[    1.057667] audit: initializing netlink subsys (disabled)
[    1.057675] audit: type=2000 audit(1718890166.756:1): state=initialized audit_enabled=0 res=1
[    1.057675] thermal_sys: Registered thermal governor 'fair_share'
[    1.057675] thermal_sys: Registered thermal governor 'bang_bang'
[    1.057675] thermal_sys: Registered thermal governor 'step_wise'
[    1.057675] thermal_sys: Registered thermal governor 'user_space'
[    1.057675] EISA bus registered
[    1.057675] cpuidle: using governor ladder
[    1.057675] cpuidle: using governor menu
[    1.057675] ACPI FADT declares the system doesn't support PCIe ASPM, so disable it
[    1.057675] acpiphp: ACPI Hot Plug PCI Controller Driver version: 0.5
[    1.057675] PCI: MMCONFIG for domain 0000 [bus 00-ff] at [mem 0x80000000-0x8fffffff] (base 0x80000000)
[    1.057675] PCI: MMCONFIG at [mem 0x80000000-0x8fffffff] reserved in E820
[    1.057675] pmd_set_huge: Cannot satisfy [mem 0x80000000-0x80200000] with a huge-page mapping due to MTRR override.
[    1.057893] PCI: Using configuration type 1 for base access
[    1.057902] PCI: Dell System detected, enabling pci=bfsort.
[    1.060051] ENERGY_PERF_BIAS: Set to 'normal', was 'performance'
[    1.062847] kprobes: kprobe jump-optimization is enabled. All kprobes are optimized if possible.
[    1.065553] HugeTLB registered 1.00 GiB page size, pre-allocated 0 pages
[    1.065553] HugeTLB registered 2.00 MiB page size, pre-allocated 0 pages
[    1.065842] fbcon: Taking over console
[    1.065842] ACPI: Added _OSI(Module Device)
[    1.065842] ACPI: Added _OSI(Processor Device)
[    1.065842] ACPI: Added _OSI(3.0 _SCP Extensions)
[    1.065842] ACPI: Added _OSI(Processor Aggregator Device)
[    1.065842] ACPI: Added _OSI(Linux-Dell-Video)
[    1.065842] ACPI: Added _OSI(Linux-Lenovo-NV-HDMI-Audio)
[    1.065842] ACPI: Added _OSI(Linux-HPI-Hybrid-Graphics)
[    1.235167] ACPI: 8 ACPI AML tables successfully acquired and loaded
[    1.241480] ACPI: [Firmware Bug]: BIOS _OSI(Linux) query ignored
[    1.249527] ACPI: Dynamic OEM Table Load:
[    1.660921] ACPI: Interpreter enabled
[    1.660942] ACPI: PM: (supports S0 S5)
[    1.660943] ACPI: Using IOAPIC for interrupt routing
[    1.661031] HEST: Table parsing has been initialized.
[    1.661213] GHES: APEI firmware first mode is enabled by APEI bit and WHEA _OSC.
[    1.661215] PCI: Using host bridge windows from ACPI; if necessary, use "pci=nocrs" and report a bug
[    1.691034] ACPI: Enabled 4 GPEs in block 00 to 7F
[    1.819248] ACPI: PCI Root Bridge [PC00] (domain 0000 [bus 00-15])
[    1.819254] acpi PNP0A08:00: _OSC: OS supports [ExtendedConfig ASPM ClockPM Segments MSI HPX-Type3]
[    1.888022] acpi PNP0A08:00: _OSC: platform does not support [SHPCHotplug AER LTR]
[    1.888252] acpi PNP0A08:00: _OSC: OS now controls [PCIeHotplug PME PCIeCapability]
[    1.888253] acpi PNP0A08:00: FADT indicates ASPM is unsupported, using BIOS configuration
[    1.890118] PCI host bridge to bus 0000:00
[    1.890120] pci_bus 0000:00: root bus resource [io  0x0000-0x0cf7 window]
[    1.890122] pci_bus 0000:00: root bus resource [io  0x1000-0x4fff window]
[    1.890124] pci_bus 0000:00: root bus resource [mem 0x000a0000-0x000bffff window]
[    1.890125] pci_bus 0000:00: root bus resource [mem 0x000c8000-0x000cffff window]
[    1.890126] pci_bus 0000:00: root bus resource [mem 0xfe010000-0xfe010fff window]
[    1.890128] pci_bus 0000:00: root bus resource [mem 0x90000000-0x9b7fffff window]
[    1.890129] pci_bus 0000:00: root bus resource [mem 0x200000000000-0x20ffffffffff window]
[    1.890130] pci_bus 0000:00: root bus resource [bus 00-15]
[    1.890145] pci 0000:00:00.0: [8086:09a2] type 00 class 0x088000
[    1.890247] pci 0000:00:00.1: [8086:09a4] type 00 class 0x088000
[    1.890315] pci 0000:00:00.2: [8086:09a3] type 00 class 0x088000
[    1.890383] pci 0000:00:00.4: [8086:0998] type 00 class 0x060000
[    1.890451] pci 0000:00:02.0: [8086:09a6] type 00 class 0x088000
[    1.890459] pci 0000:00:02.0: reg 0x10: [mem 0x92dfc000-0x92dfdfff]
[    1.890535] pci 0000:00:02.1: [8086:09a7] type 00 class 0x088000
[    1.890543] pci 0000:00:02.1: reg 0x10: [mem 0x92d00000-0x92d7ffff]
[    1.890548] pci 0000:00:02.1: reg 0x14: [mem 0x92c80000-0x92cfffff]
[    1.890626] pci 0000:00:02.4: [8086:3456] type 00 class 0x130000
[    1.890635] pci 0000:00:02.4: reg 0x10: [mem 0x92a00000-0x92afffff 64bit]
[    1.890642] pci 0000:00:02.4: reg 0x18: [mem 0x92df0000-0x92df3fff 64bit]
[    1.890649] pci 0000:00:02.4: reg 0x20: [mem 0x92dc0000-0x92ddffff 64bit]
[    1.890729] pci 0000:00:11.0: [8086:a1ec] type 00 class 0xff0000
[    1.890732] pci 0000:00:11.0: device has non-compliant BARs; disabling IO/MEM decoding
[    1.890822] pci 0000:00:11.5: [8086:a1d2] type 00 class 0x010601
[    1.890835] pci 0000:00:11.5: reg 0x10: [mem 0x92dfa000-0x92dfbfff]
[    1.890843] pci 0000:00:11.5: reg 0x14: [mem 0x92e05000-0x92e050ff]
[    1.890850] pci 0000:00:11.5: reg 0x18: [io  0x2068-0x206f]
[    1.890858] pci 0000:00:11.5: reg 0x1c: [io  0x2074-0x2077]
[    1.890865] pci 0000:00:11.5: reg 0x20: [io  0x2040-0x205f]
[    1.890872] pci 0000:00:11.5: reg 0x24: [mem 0x92b80000-0x92bfffff]
[    1.890910] pci 0000:00:11.5: PME# supported from D3hot
[    1.891124] pci 0000:00:14.0: [8086:a1af] type 00 class 0x0c0330
[    1.891142] pci 0000:00:14.0: reg 0x10: [mem 0x92de0000-0x92deffff 64bit]
[    1.891205] pci 0000:00:14.0: PME# supported from D3hot D3cold
[    1.891436] pci 0000:00:14.2: [8086:a1b1] type 00 class 0x118000
[    1.891453] pci 0000:00:14.2: reg 0x10: [mem 0x92e02000-0x92e02fff 64bit]
[    1.891578] pci 0000:00:16.0: [8086:a1ba] type 00 class 0x078000
[    1.891602] pci 0000:00:16.0: reg 0x10: [mem 0x92e01000-0x92e01fff 64bit]
[    1.891686] pci 0000:00:16.0: PME# supported from D3hot
[    1.891749] pci 0000:00:16.1: [8086:a1bb] type 00 class 0x078000
[    1.891773] pci 0000:00:16.1: reg 0x10: [mem 0x92e00000-0x92e00fff 64bit]
[    1.891857] pci 0000:00:16.1: PME# supported from D3hot
[    1.891923] pci 0000:00:16.4: [8086:a1be] type 00 class 0x078000
[    1.891946] pci 0000:00:16.4: reg 0x10: [mem 0x92dff000-0x92dfffff 64bit]
[    1.892030] pci 0000:00:16.4: PME# supported from D3hot
[    1.892103] pci 0000:00:17.0: [8086:a182] type 00 class 0x010601
[    1.892115] pci 0000:00:17.0: reg 0x10: [mem 0x92df8000-0x92df9fff]
[    1.892123] pci 0000:00:17.0: reg 0x14: [mem 0x92e04000-0x92e040ff]
[    1.892130] pci 0000:00:17.0: reg 0x18: [io  0x2060-0x2067]
[    1.892137] pci 0000:00:17.0: reg 0x1c: [io  0x2070-0x2073]
[    1.892144] pci 0000:00:17.0: reg 0x20: [io  0x2020-0x203f]
[    1.892151] pci 0000:00:17.0: reg 0x24: [mem 0x92b00000-0x92b7ffff]
[    1.892188] pci 0000:00:17.0: PME# supported from D3hot
[    1.892398] pci 0000:00:1c.0: [8086:a190] type 01 class 0x060400
[    1.892473] pci 0000:00:1c.0: PME# supported from D0 D3hot D3cold
[    1.893133] pci 0000:00:1c.4: [8086:a194] type 01 class 0x060400
[    1.893202] pci 0000:00:1c.4: PME# supported from D0 D3hot D3cold
[    1.893914] pci 0000:00:1c.5: [8086:a195] type 01 class 0x060400
[    1.893985] pci 0000:00:1c.5: PME# supported from D0 D3hot D3cold
[    1.894624] pci 0000:00:1f.0: [8086:a1cb] type 00 class 0x060100
[    1.894923] pci 0000:00:1f.2: [8086:a1a1] type 00 class 0x058000
[    1.894938] pci 0000:00:1f.2: reg 0x10: [mem 0x92df4000-0x92df7fff]
[    1.895181] pci 0000:00:1f.4: [8086:a1a3] type 00 class 0x0c0500
[    1.895200] pci 0000:00:1f.4: reg 0x10: [mem 0x92dfe000-0x92dfe0ff 64bit]
[    1.895224] pci 0000:00:1f.4: reg 0x20: [io  0x2000-0x201f]
[    1.895290] pci 0000:00:1f.5: [8086:a1a4] type 00 class 0x0c8000
[    1.895305] pci 0000:00:1f.5: reg 0x10: [mem 0xfe010000-0xfe010fff]
[    1.895438] pci 0000:00:1c.0: PCI bridge to [bus 01]
[    1.895490] pci 0000:02:00.0: [1556:be00] type 01 class 0x060400
[    1.895661] pci 0000:00:1c.4: PCI bridge to [bus 02-03]
[    1.895666] pci 0000:00:1c.4:   bridge window [mem 0x92000000-0x928fffff]
[    1.895670] pci 0000:00:1c.4:   bridge window [mem 0x91000000-0x91ffffff 64bit pref]
[    1.895702] pci_bus 0000:03: extended config space not accessible
[    1.895719] pci 0000:03:00.0: [102b:0536] type 00 class 0x030000
[    1.895739] pci 0000:03:00.0: reg 0x10: [mem 0x91000000-0x91ffffff pref]
[    1.895750] pci 0000:03:00.0: reg 0x14: [mem 0x92808000-0x9280bfff]
[    1.895761] pci 0000:03:00.0: reg 0x18: [mem 0x92000000-0x927fffff]
[    1.895809] pci 0000:03:00.0: BAR 0: assigned to efifb
[    1.895817] pci 0000:03:00.0: Video device with shadowed ROM at [mem 0x000c0000-0x000dffff]
[    1.895919] pci 0000:02:00.0: PCI bridge to [bus 03]
[    1.895927] pci 0000:02:00.0:   bridge window [mem 0x92000000-0x928fffff]
[    1.895933] pci 0000:02:00.0:   bridge window [mem 0x91000000-0x91ffffff 64bit pref]
[    1.896003] pci 0000:04:00.0: [14e4:165f] type 00 class 0x020000
[    1.896027] pci 0000:04:00.0: reg 0x10: [mem 0x92930000-0x9293ffff 64bit pref]
[    1.896043] pci 0000:04:00.0: reg 0x18: [mem 0x92940000-0x9294ffff 64bit pref]
[    1.896059] pci 0000:04:00.0: reg 0x20: [mem 0x92950000-0x9295ffff 64bit pref]
[    1.896070] pci 0000:04:00.0: reg 0x30: [mem 0xfffc0000-0xffffffff pref]
[    1.896164] pci 0000:04:00.0: PME# supported from D0 D3hot D3cold
[    1.896217] pci 0000:04:00.0: 4.000 Gb/s available PCIe bandwidth, limited by 5.0 GT/s PCIe x1 link at 0000:00:1c.5 (capable of 8.000 Gb/s with 5.0 GT/s PCIe x2 link)
[    1.896778] pci 0000:04:00.1: [14e4:165f] type 00 class 0x020000
[    1.896802] pci 0000:04:00.1: reg 0x10: [mem 0x92900000-0x9290ffff 64bit pref]
[    1.896818] pci 0000:04:00.1: reg 0x18: [mem 0x92910000-0x9291ffff 64bit pref]
[    1.896834] pci 0000:04:00.1: reg 0x20: [mem 0x92920000-0x9292ffff 64bit pref]
[    1.896844] pci 0000:04:00.1: reg 0x30: [mem 0xfffc0000-0xffffffff pref]
[    1.896939] pci 0000:04:00.1: PME# supported from D0 D3hot D3cold
[    1.897519] pci 0000:00:1c.5: PCI bridge to [bus 04]
[    1.897526] pci 0000:00:1c.5:   bridge window [mem 0x92900000-0x929fffff 64bit pref]
[    1.897540] pci_bus 0000:00: on NUMA node 0
[    1.898133] ACPI: PCI Root Bridge [PC01] (domain 0000 [bus 16-2f])
[    1.898136] acpi PNP0A08:01: _OSC: OS supports [ExtendedConfig ASPM ClockPM Segments MSI HPX-Type3]
[    1.912967] acpi PNP0A08:01: _OSC: platform does not support [SHPCHotplug AER]
[    1.913185] acpi PNP0A08:01: _OSC: OS now controls [PCIeHotplug PME PCIeCapability LTR]
[    1.913187] acpi PNP0A08:01: FADT indicates ASPM is unsupported, using BIOS configuration
[    1.913318] PCI host bridge to bus 0000:16
[    1.913320] pci_bus 0000:16: root bus resource [io  0x5000-0x6fff window]
[    1.913321] pci_bus 0000:16: root bus resource [mem 0x9b800000-0xa63fffff window]
[    1.913323] pci_bus 0000:16: root bus resource [mem 0x210000000000-0x21ffffffffff window]
[    1.913324] pci_bus 0000:16: root bus resource [bus 16-2f]
[    1.913334] pci 0000:16:00.0: [8086:09a2] type 00 class 0x088000
[    1.913403] pci 0000:16:00.1: [8086:09a4] type 00 class 0x088000
[    1.913465] pci 0000:16:00.2: [8086:09a3] type 00 class 0x088000
[    1.913529] pci 0000:16:00.4: [8086:0998] type 00 class 0x060000
[    1.913602] pci 0000:16:02.0: [8086:347a] type 01 class 0x060400
[    1.913612] pci 0000:16:02.0: reg 0x10: [mem 0x21fffff00000-0x21fffff1ffff 64bit]
[    1.913650] pci 0000:16:02.0: PME# supported from D0 D3hot D3cold
[    1.914601] pci 0000:17:00.0: [1000:10e2] type 00 class 0x010400
[    1.914614] pci 0000:17:00.0: reg 0x10: [mem 0x9b800000-0x9b8fffff 64bit pref]
[    1.914623] pci 0000:17:00.0: reg 0x18: [mem 0x9b900000-0x9b9fffff 64bit pref]
[    1.914629] pci 0000:17:00.0: reg 0x20: [mem 0x9ba00000-0x9bafffff]
[    1.914635] pci 0000:17:00.0: reg 0x24: [io  0x5000-0x50ff]
[    1.914641] pci 0000:17:00.0: reg 0x30: [mem 0xfff00000-0xffffffff pref]
[    1.915757] pci 0000:17:00.0: supports D1 D2
[    1.915825] pci 0000:16:02.0: PCI bridge to [bus 17]
[    1.915827] pci 0000:16:02.0:   bridge window [io  0x5000-0x5fff]
[    1.915829] pci 0000:16:02.0:   bridge window [mem 0x9ba00000-0x9bafffff]
[    1.915832] pci 0000:16:02.0:   bridge window [mem 0x9b800000-0x9b9fffff 64bit pref]
[    1.915838] pci_bus 0000:16: on NUMA node 0
[    1.915917] ACPI: PCI Root Bridge [PC02] (domain 0000 [bus 30-49])
[    1.915920] acpi PNP0A08:02: _OSC: OS supports [ExtendedConfig ASPM ClockPM Segments MSI HPX-Type3]
[    1.930410] acpi PNP0A08:02: _OSC: platform does not support [SHPCHotplug AER]
[    1.930625] acpi PNP0A08:02: _OSC: OS now controls [PCIeHotplug PME PCIeCapability LTR]
[    1.930626] acpi PNP0A08:02: FADT indicates ASPM is unsupported, using BIOS configuration
[    1.930748] PCI host bridge to bus 0000:30
[    1.930749] pci_bus 0000:30: root bus resource [io  0x7000-0x8fff window]
[    1.930751] pci_bus 0000:30: root bus resource [mem 0xa6400000-0xb0ffffff window]
[    1.930753] pci_bus 0000:30: root bus resource [mem 0x220000000000-0x22ffffffffff window]
[    1.930755] pci_bus 0000:30: root bus resource [bus 30-49]
[    1.930765] pci 0000:30:00.0: [8086:09a2] type 00 class 0x088000
[    1.930833] pci 0000:30:00.1: [8086:09a4] type 00 class 0x088000
[    1.930895] pci 0000:30:00.2: [8086:09a3] type 00 class 0x088000
[    1.930958] pci 0000:30:00.4: [8086:0998] type 00 class 0x060000
[    1.931027] pci_bus 0000:30: on NUMA node 0
[    1.931130] ACPI: PCI Root Bridge [PC04] (domain 0000 [bus 4a-63])
[    1.931133] acpi PNP0A08:04: _OSC: OS supports [ExtendedConfig ASPM ClockPM Segments MSI HPX-Type3]
[    1.945567] acpi PNP0A08:04: _OSC: platform does not support [SHPCHotplug AER]
[    1.945780] acpi PNP0A08:04: _OSC: OS now controls [PCIeHotplug PME PCIeCapability LTR]
[    1.945781] acpi PNP0A08:04: FADT indicates ASPM is unsupported, using BIOS configuration
[    1.945902] PCI host bridge to bus 0000:4a
[    1.945903] pci_bus 0000:4a: root bus resource [io  0x9000-0x9fff window]
[    1.945905] pci_bus 0000:4a: root bus resource [mem 0xb1000000-0xbbbfffff window]
[    1.945906] pci_bus 0000:4a: root bus resource [mem 0x230000000000-0x23ffffffffff window]
[    1.945907] pci_bus 0000:4a: root bus resource [bus 4a-63]
[    1.945917] pci 0000:4a:00.0: [8086:09a2] type 00 class 0x088000
[    1.945980] pci 0000:4a:00.1: [8086:09a4] type 00 class 0x088000
[    1.946046] pci 0000:4a:00.2: [8086:09a3] type 00 class 0x088000
[    1.946108] pci 0000:4a:00.4: [8086:0998] type 00 class 0x060000
[    1.946176] pci_bus 0000:4a: on NUMA node 0
[    1.946249] ACPI: PCI Root Bridge [PC05] (domain 0000 [bus 64-7d])
[    1.946252] acpi PNP0A08:05: _OSC: OS supports [ExtendedConfig ASPM ClockPM Segments MSI HPX-Type3]
[    1.960720] acpi PNP0A08:05: _OSC: platform does not support [SHPCHotplug AER]
[    1.960932] acpi PNP0A08:05: _OSC: OS now controls [PCIeHotplug PME PCIeCapability LTR]
[    1.960933] acpi PNP0A08:05: FADT indicates ASPM is unsupported, using BIOS configuration
[    1.961051] PCI host bridge to bus 0000:64
[    1.961052] pci_bus 0000:64: root bus resource [io  0xa000-0xafff window]
[    1.961054] pci_bus 0000:64: root bus resource [mem 0xbbc00000-0xc5ffffff window]
[    1.961055] pci_bus 0000:64: root bus resource [mem 0x240000000000-0x24ffffffffff window]
[    1.961056] pci_bus 0000:64: root bus resource [bus 64-7d]
[    1.961066] pci 0000:64:00.0: [8086:09a2] type 00 class 0x088000
[    1.961129] pci 0000:64:00.1: [8086:09a4] type 00 class 0x088000
[    1.961190] pci 0000:64:00.2: [8086:09a3] type 00 class 0x088000
[    1.961252] pci 0000:64:00.4: [8086:0998] type 00 class 0x060000
[    1.961322] pci_bus 0000:64: on NUMA node 0
[    1.961389] ACPI: PCI Root Bridge [UC06] (domain 0000 [bus 7e])
[    1.961391] acpi PNP0A03:00: _OSC: OS supports [ExtendedConfig ASPM ClockPM Segments MSI HPX-Type3]
[    1.961489] acpi PNP0A03:00: _OSC: platform does not support [SHPCHotplug AER LTR]
[    1.961669] acpi PNP0A03:00: _OSC: OS now controls [PCIeHotplug PME PCIeCapability]
[    1.961670] acpi PNP0A03:00: FADT indicates ASPM is unsupported, using BIOS configuration
[    1.961806] PCI host bridge to bus 0000:7e
[    1.961807] pci_bus 0000:7e: root bus resource [bus 7e]
[    1.961815] pci 0000:7e:00.0: [8086:3450] type 00 class 0x088000
[    1.961887] pci 0000:7e:00.1: [8086:3451] type 00 class 0x088000
[    1.961945] pci 0000:7e:00.2: [8086:3452] type 00 class 0x088000
[    1.962014] pci 0000:7e:00.3: [8086:0998] type 00 class 0x060000
[    1.962076] pci 0000:7e:00.5: [8086:3455] type 00 class 0x088000
[    1.962137] pci 0000:7e:02.0: [8086:3440] type 00 class 0x088000
[    1.962263] pci 0000:7e:02.1: [8086:3441] type 00 class 0x088000
[    1.962371] pci 0000:7e:02.2: [8086:3442] type 00 class 0x088000
[    1.962478] pci 0000:7e:03.0: [8086:3440] type 00 class 0x088000
[    1.962570] pci 0000:7e:03.1: [8086:3441] type 00 class 0x088000
[    1.962651] pci 0000:7e:03.2: [8086:3442] type 00 class 0x088000
[    1.962733] pci 0000:7e:04.0: [8086:3440] type 00 class 0x088000
[    1.962852] pci 0000:7e:04.1: [8086:3441] type 00 class 0x088000
[    1.962967] pci 0000:7e:04.2: [8086:3442] type 00 class 0x088000
[    1.963082] pci 0000:7e:04.3: [8086:3443] type 00 class 0x088000
[    1.963200] pci 0000:7e:05.0: [8086:3445] type 00 class 0x088000
[    1.963327] pci 0000:7e:05.1: [8086:3446] type 00 class 0x088000
[    1.963437] pci 0000:7e:05.2: [8086:3447] type 00 class 0x088000
[    1.963551] pci 0000:7e:06.0: [8086:3445] type 00 class 0x088000
[    1.963646] pci 0000:7e:06.1: [8086:3446] type 00 class 0x088000
[    1.963724] pci 0000:7e:06.2: [8086:3447] type 00 class 0x088000
[    1.963809] pci 0000:7e:07.0: [8086:3445] type 00 class 0x088000
[    1.963946] pci 0000:7e:07.1: [8086:3446] type 00 class 0x088000
[    1.964063] pci 0000:7e:07.2: [8086:3447] type 00 class 0x088000
[    1.964180] pci 0000:7e:0b.0: [8086:3448] type 00 class 0x088000
[    1.964256] pci 0000:7e:0b.1: [8086:3448] type 00 class 0x088000
[    1.964325] pci 0000:7e:0b.2: [8086:344b] type 00 class 0x088000
[    1.964394] pci 0000:7e:0c.0: [8086:344a] type 00 class 0x110100
[    1.964497] pci 0000:7e:0d.0: [8086:344a] type 00 class 0x110100
[    1.964599] pci 0000:7e:0e.0: [8086:344a] type 00 class 0x110100
[    1.964743] pci 0000:7e:0f.0: [8086:344a] type 00 class 0x110100
[    1.964897] pci 0000:7e:1a.0: [8086:2880] type 00 class 0x110100
[    1.964997] pci 0000:7e:1b.0: [8086:2880] type 00 class 0x110100
[    1.965095] pci 0000:7e:1c.0: [8086:2880] type 00 class 0x110100
[    1.965252] pci 0000:7e:1d.0: [8086:2880] type 00 class 0x110100
[    1.965399] pci_bus 0000:7e: on NUMA node 0
[    1.965482] ACPI: PCI Root Bridge [UC07] (domain 0000 [bus 7f])
[    1.965485] acpi PNP0A03:01: _OSC: OS supports [ExtendedConfig ASPM ClockPM Segments MSI HPX-Type3]
[    1.965585] acpi PNP0A03:01: _OSC: platform does not support [SHPCHotplug AER LTR]
[    1.965768] acpi PNP0A03:01: _OSC: OS now controls [PCIeHotplug PME PCIeCapability]
[    1.965769] acpi PNP0A03:01: FADT indicates ASPM is unsupported, using BIOS configuration
[    1.965916] PCI host bridge to bus 0000:7f
[    1.965917] pci_bus 0000:7f: root bus resource [bus 7f]
[    1.965931] pci 0000:7f:00.0: [8086:344c] type 00 class 0x088000
[    1.966046] pci 0000:7f:00.1: [8086:344c] type 00 class 0x088000
[    1.966156] pci 0000:7f:00.2: [8086:344c] type 00 class 0x088000
[    1.966267] pci 0000:7f:00.3: [8086:344c] type 00 class 0x088000
[    1.966357] pci 0000:7f:00.4: [8086:344c] type 00 class 0x088000
[    1.966477] pci 0000:7f:00.5: [8086:344c] type 00 class 0x088000
[    1.966593] pci 0000:7f:00.6: [8086:344c] type 00 class 0x088000
[    1.966675] pci 0000:7f:00.7: [8086:344c] type 00 class 0x088000
[    1.966758] pci 0000:7f:01.0: [8086:344c] type 00 class 0x088000
[    1.966899] pci 0000:7f:01.1: [8086:344c] type 00 class 0x088000
[    1.967017] pci 0000:7f:01.2: [8086:344c] type 00 class 0x088000
[    1.967096] pci 0000:7f:01.3: [8086:344c] type 00 class 0x088000
[    1.967227] pci 0000:7f:01.4: [8086:344c] type 00 class 0x088000
[    1.967358] pci 0000:7f:01.5: [8086:344c] type 00 class 0x088000
[    1.967493] pci 0000:7f:01.6: [8086:344c] type 00 class 0x088000
[    1.967617] pci 0000:7f:01.7: [8086:344c] type 00 class 0x088000
[    1.967745] pci 0000:7f:02.0: [8086:344c] type 00 class 0x088000
[    1.967888] pci 0000:7f:02.1: [8086:344c] type 00 class 0x088000
[    1.968019] pci 0000:7f:02.2: [8086:344c] type 00 class 0x088000
[    1.968150] pci 0000:7f:02.3: [8086:344c] type 00 class 0x088000
[    1.968287] pci 0000:7f:02.4: [8086:344c] type 00 class 0x088000
[    1.968423] pci 0000:7f:02.5: [8086:344c] type 00 class 0x088000
[    1.968560] pci 0000:7f:02.6: [8086:344c] type 00 class 0x088000
[    1.968710] pci 0000:7f:02.7: [8086:344c] type 00 class 0x088000
[    1.968857] pci 0000:7f:03.0: [8086:344c] type 00 class 0x088000
[    1.969015] pci 0000:7f:03.1: [8086:344c] type 00 class 0x088000
[    1.969167] pci 0000:7f:03.2: [8086:344c] type 00 class 0x088000
[    1.969315] pci 0000:7f:03.3: [8086:344c] type 00 class 0x088000
[    1.969474] pci 0000:7f:0a.0: [8086:344d] type 00 class 0x088000
[    1.969587] pci 0000:7f:0a.1: [8086:344d] type 00 class 0x088000
[    1.969696] pci 0000:7f:0a.2: [8086:344d] type 00 class 0x088000
[    1.969812] pci 0000:7f:0a.3: [8086:344d] type 00 class 0x088000
[    1.969902] pci 0000:7f:0a.4: [8086:344d] type 00 class 0x088000
[    1.970022] pci 0000:7f:0a.5: [8086:344d] type 00 class 0x088000
[    1.970137] pci 0000:7f:0a.6: [8086:344d] type 00 class 0x088000
[    1.970214] pci 0000:7f:0a.7: [8086:344d] type 00 class 0x088000
[    1.970299] pci 0000:7f:0b.0: [8086:344d] type 00 class 0x088000
[    1.970440] pci 0000:7f:0b.1: [8086:344d] type 00 class 0x088000
[    1.970558] pci 0000:7f:0b.2: [8086:344d] type 00 class 0x088000
[    1.970643] pci 0000:7f:0b.3: [8086:344d] type 00 class 0x088000
[    1.970774] pci 0000:7f:0b.4: [8086:344d] type 00 class 0x088000
[    1.970906] pci 0000:7f:0b.5: [8086:344d] type 00 class 0x088000
[    1.971042] pci 0000:7f:0b.6: [8086:344d] type 00 class 0x088000
[    1.971167] pci 0000:7f:0b.7: [8086:344d] type 00 class 0x088000
[    1.971294] pci 0000:7f:0c.0: [8086:344d] type 00 class 0x088000
[    1.971437] pci 0000:7f:0c.1: [8086:344d] type 00 class 0x088000
[    1.971568] pci 0000:7f:0c.2: [8086:344d] type 00 class 0x088000
[    1.971703] pci 0000:7f:0c.3: [8086:344d] type 00 class 0x088000
[    1.971841] pci 0000:7f:0c.4: [8086:344d] type 00 class 0x088000
[    1.971977] pci 0000:7f:0c.5: [8086:344d] type 00 class 0x088000
[    1.972115] pci 0000:7f:0c.6: [8086:344d] type 00 class 0x088000
[    1.972261] pci 0000:7f:0c.7: [8086:344d] type 00 class 0x088000
[    1.972407] pci 0000:7f:0d.0: [8086:344d] type 00 class 0x088000
[    1.972571] pci 0000:7f:0d.1: [8086:344d] type 00 class 0x088000
[    1.972723] pci 0000:7f:0d.2: [8086:344d] type 00 class 0x088000
[    1.972875] pci 0000:7f:0d.3: [8086:344d] type 00 class 0x088000
[    1.973044] pci 0000:7f:1d.0: [8086:344f] type 00 class 0x088000
[    1.973165] pci 0000:7f:1d.1: [8086:3457] type 00 class 0x088000
[    1.973271] pci 0000:7f:1e.0: [8086:3458] type 00 class 0x088000
[    1.973351] pci 0000:7f:1e.1: [8086:3459] type 00 class 0x088000
[    1.973413] pci 0000:7f:1e.2: [8086:345a] type 00 class 0x088000
[    1.973476] pci 0000:7f:1e.3: [8086:345b] type 00 class 0x088000
[    1.973536] pci 0000:7f:1e.4: [8086:345c] type 00 class 0x088000
[    1.973604] pci 0000:7f:1e.5: [8086:345d] type 00 class 0x088000
[    1.973665] pci 0000:7f:1e.6: [8086:345e] type 00 class 0x088000
[    1.973727] pci 0000:7f:1e.7: [8086:345f] type 00 class 0x088000
[    1.973787] pci_bus 0000:7f: on NUMA node 0
[    1.973892] ACPI: PCI Root Bridge [PC06] (domain 0000 [bus 80])
[    1.973895] acpi PNP0A08:06: _OSC: OS supports [ExtendedConfig ASPM ClockPM Segments MSI HPX-Type3]
[    1.988349] acpi PNP0A08:06: _OSC: platform does not support [SHPCHotplug AER]
[    1.988563] acpi PNP0A08:06: _OSC: OS now controls [PCIeHotplug PME PCIeCapability LTR]
[    1.988564] acpi PNP0A08:06: FADT indicates ASPM is unsupported, using BIOS configuration
[    1.988712] PCI host bridge to bus 0000:80
[    1.988713] pci_bus 0000:80: root bus resource [io  0xb000-0xbfff window]
[    1.988714] pci_bus 0000:80: root bus resource [mem 0xc6800000-0xd0ffffff window]
[    1.988716] pci_bus 0000:80: root bus resource [mem 0x250000000000-0x25ffffffffff window]
[    1.988717] pci_bus 0000:80: root bus resource [bus 80]
[    1.988728] pci 0000:80:00.0: [8086:09a2] type 00 class 0x088000
[    1.988814] pci 0000:80:00.1: [8086:09a4] type 00 class 0x088000
[    1.988884] pci 0000:80:00.2: [8086:09a3] type 00 class 0x088000
[    1.988953] pci 0000:80:00.4: [8086:0998] type 00 class 0x060000
[    1.989024] pci 0000:80:02.0: [8086:09a6] type 00 class 0x088000
[    1.989033] pci 0000:80:02.0: reg 0x10: [mem 0xc6aa4000-0xc6aa5fff]
[    1.989097] pci 0000:80:02.1: [8086:09a7] type 00 class 0x088000
[    1.989106] pci 0000:80:02.1: reg 0x10: [mem 0xc6a00000-0xc6a7ffff]
[    1.989112] pci 0000:80:02.1: reg 0x14: [mem 0xc6980000-0xc69fffff]
[    1.989167] pci 0000:80:02.4: [8086:3456] type 00 class 0x130000
[    1.989178] pci 0000:80:02.4: reg 0x10: [mem 0xc6800000-0xc68fffff 64bit]
[    1.989185] pci 0000:80:02.4: reg 0x18: [mem 0xc6aa0000-0xc6aa3fff 64bit]
[    1.989193] pci 0000:80:02.4: reg 0x20: [mem 0xc6a80000-0xc6a9ffff 64bit]
[    1.989259] pci_bus 0000:80: on NUMA node 1
[    1.989338] ACPI: PCI Root Bridge [PC07] (domain 0000 [bus 81])
[    1.989341] acpi PNP0A08:07: _OSC: OS supports [ExtendedConfig ASPM ClockPM Segments MSI HPX-Type3]
[    2.003807] acpi PNP0A08:07: _OSC: platform does not support [SHPCHotplug AER]
[    2.004019] acpi PNP0A08:07: _OSC: OS now controls [PCIeHotplug PME PCIeCapability LTR]
[    2.004020] acpi PNP0A08:07: FADT indicates ASPM is unsupported, using BIOS configuration
[    2.004140] PCI host bridge to bus 0000:81
[    2.004141] pci_bus 0000:81: root bus resource [io  0xc000-0xcfff window]
[    2.004143] pci_bus 0000:81: root bus resource [mem 0xd1000000-0xdbbfffff window]
[    2.004144] pci_bus 0000:81: root bus resource [mem 0x260000000000-0x26ffffffffff window]
[    2.004145] pci_bus 0000:81: root bus resource [bus 81]
[    2.004155] pci 0000:81:00.0: [8086:09a2] type 00 class 0x088000
[    2.004223] pci 0000:81:00.1: [8086:09a4] type 00 class 0x088000
[    2.004290] pci 0000:81:00.2: [8086:09a3] type 00 class 0x088000
[    2.004359] pci 0000:81:00.4: [8086:0998] type 00 class 0x060000
[    2.004436] pci_bus 0000:81: on NUMA node 1
[    2.004509] ACPI: PCI Root Bridge [PC08] (domain 0000 [bus 82])
[    2.004511] acpi PNP0A08:08: _OSC: OS supports [ExtendedConfig ASPM ClockPM Segments MSI HPX-Type3]
[    2.018962] acpi PNP0A08:08: _OSC: platform does not support [SHPCHotplug AER]
[    2.019174] acpi PNP0A08:08: _OSC: OS now controls [PCIeHotplug PME PCIeCapability LTR]
[    2.019175] acpi PNP0A08:08: FADT indicates ASPM is unsupported, using BIOS configuration
[    2.019291] PCI host bridge to bus 0000:82
[    2.019292] pci_bus 0000:82: root bus resource [io  0xd000-0xdfff window]
[    2.019293] pci_bus 0000:82: root bus resource [mem 0xdbc00000-0xe67fffff window]
[    2.019295] pci_bus 0000:82: root bus resource [mem 0x270000000000-0x27ffffffffff window]
[    2.019296] pci_bus 0000:82: root bus resource [bus 82]
[    2.019306] pci 0000:82:00.0: [8086:09a2] type 00 class 0x088000
[    2.019378] pci 0000:82:00.1: [8086:09a4] type 00 class 0x088000
[    2.019452] pci 0000:82:00.2: [8086:09a3] type 00 class 0x088000
[    2.019520] pci 0000:82:00.4: [8086:0998] type 00 class 0x060000
[    2.019598] pci_bus 0000:82: on NUMA node 1
[    2.019700] ACPI: PCI Root Bridge [PC10] (domain 0000 [bus 83-f9])
[    2.019703] acpi PNP0A08:0a: _OSC: OS supports [ExtendedConfig ASPM ClockPM Segments MSI HPX-Type3]
[    2.034150] acpi PNP0A08:0a: _OSC: platform does not support [SHPCHotplug AER]
[    2.034361] acpi PNP0A08:0a: _OSC: OS now controls [PCIeHotplug PME PCIeCapability LTR]
[    2.034362] acpi PNP0A08:0a: FADT indicates ASPM is unsupported, using BIOS configuration
[    2.034489] PCI host bridge to bus 0000:83
[    2.034490] pci_bus 0000:83: root bus resource [io  0xe000-0xefff window]
[    2.034492] pci_bus 0000:83: root bus resource [mem 0xe6800000-0xf13fffff window]
[    2.034493] pci_bus 0000:83: root bus resource [mem 0x280000000000-0x28ffffffffff window]
[    2.034494] pci_bus 0000:83: root bus resource [bus 83-f9]
[    2.034504] pci 0000:83:00.0: [8086:09a2] type 00 class 0x088000
[    2.034574] pci 0000:83:00.1: [8086:09a4] type 00 class 0x088000
[    2.034641] pci 0000:83:00.2: [8086:09a3] type 00 class 0x088000
[    2.034711] pci 0000:83:00.4: [8086:0998] type 00 class 0x060000
[    2.034788] pci_bus 0000:83: on NUMA node 1
[    2.034861] ACPI: PCI Root Bridge [PC11] (domain 0000 [bus fa])
[    2.034863] acpi PNP0A08:0b: _OSC: OS supports [ExtendedConfig ASPM ClockPM Segments MSI HPX-Type3]
[    2.049294] acpi PNP0A08:0b: _OSC: platform does not support [SHPCHotplug AER]
[    2.049504] acpi PNP0A08:0b: _OSC: OS now controls [PCIeHotplug PME PCIeCapability LTR]
[    2.049505] acpi PNP0A08:0b: FADT indicates ASPM is unsupported, using BIOS configuration
[    2.049621] PCI host bridge to bus 0000:fa
[    2.049623] pci_bus 0000:fa: root bus resource [io  0xf000-0xffff window]
[    2.049624] pci_bus 0000:fa: root bus resource [mem 0xf1400000-0xfb7fffff window]
[    2.049625] pci_bus 0000:fa: root bus resource [mem 0x290000000000-0x29ffffffffff window]
[    2.049626] pci_bus 0000:fa: root bus resource [bus fa]
[    2.049637] pci 0000:fa:00.0: [8086:09a2] type 00 class 0x088000
[    2.049706] pci 0000:fa:00.1: [8086:09a4] type 00 class 0x088000
[    2.049782] pci 0000:fa:00.2: [8086:09a3] type 00 class 0x088000
[    2.049853] pci 0000:fa:00.4: [8086:0998] type 00 class 0x060000
[    2.049932] pci_bus 0000:fa: on NUMA node 1
[    2.049998] ACPI: PCI Root Bridge [UC16] (domain 0000 [bus fe])
[    2.050000] acpi PNP0A03:02: _OSC: OS supports [ExtendedConfig ASPM ClockPM Segments MSI HPX-Type3]
[    2.050098] acpi PNP0A03:02: _OSC: platform does not support [SHPCHotplug AER LTR]
[    2.050276] acpi PNP0A03:02: _OSC: OS now controls [PCIeHotplug PME PCIeCapability]
[    2.050277] acpi PNP0A03:02: FADT indicates ASPM is unsupported, using BIOS configuration
[    2.050406] PCI host bridge to bus 0000:fe
[    2.050408] pci_bus 0000:fe: root bus resource [bus fe]
[    2.050416] pci 0000:fe:00.0: [8086:3450] type 00 class 0x088000
[    2.050491] pci 0000:fe:00.1: [8086:3451] type 00 class 0x088000
[    2.050551] pci 0000:fe:00.2: [8086:3452] type 00 class 0x088000
[    2.050609] pci 0000:fe:00.3: [8086:0998] type 00 class 0x060000
[    2.050670] pci 0000:fe:00.5: [8086:3455] type 00 class 0x088000
[    2.050738] pci 0000:fe:02.0: [8086:3440] type 00 class 0x088000
[    2.050877] pci 0000:fe:02.1: [8086:3441] type 00 class 0x088000
[    2.050990] pci 0000:fe:02.2: [8086:3442] type 00 class 0x088000
[    2.051100] pci 0000:fe:03.0: [8086:3440] type 00 class 0x088000
[    2.051198] pci 0000:fe:03.1: [8086:3441] type 00 class 0x088000
[    2.051277] pci 0000:fe:03.2: [8086:3442] type 00 class 0x088000
[    2.051363] pci 0000:fe:04.0: [8086:3440] type 00 class 0x088000
[    2.051488] pci 0000:fe:04.1: [8086:3441] type 00 class 0x088000
[    2.051611] pci 0000:fe:04.2: [8086:3442] type 00 class 0x088000
[    2.051736] pci 0000:fe:04.3: [8086:3443] type 00 class 0x088000
[    2.051859] pci 0000:fe:05.0: [8086:3445] type 00 class 0x088000
[    2.051992] pci 0000:fe:05.1: [8086:3446] type 00 class 0x088000
[    2.052109] pci 0000:fe:05.2: [8086:3447] type 00 class 0x088000
[    2.052223] pci 0000:fe:06.0: [8086:3445] type 00 class 0x088000
[    2.052320] pci 0000:fe:06.1: [8086:3446] type 00 class 0x088000
[    2.052401] pci 0000:fe:06.2: [8086:3447] type 00 class 0x088000
[    2.052492] pci 0000:fe:07.0: [8086:3445] type 00 class 0x088000
[    2.052637] pci 0000:fe:07.1: [8086:3446] type 00 class 0x088000
[    2.052761] pci 0000:fe:07.2: [8086:3447] type 00 class 0x088000
[    2.052888] pci 0000:fe:0b.0: [8086:3448] type 00 class 0x088000
[    2.052968] pci 0000:fe:0b.1: [8086:3448] type 00 class 0x088000
[    2.053033] pci 0000:fe:0b.2: [8086:344b] type 00 class 0x088000
[    2.053107] pci 0000:fe:0c.0: [8086:344a] type 00 class 0x110100
[    2.053215] pci 0000:fe:0d.0: [8086:344a] type 00 class 0x110100
[    2.053319] pci 0000:fe:0e.0: [8086:344a] type 00 class 0x110100
[    2.053476] pci 0000:fe:0f.0: [8086:344a] type 00 class 0x110100
[    2.053637] pci 0000:fe:1a.0: [8086:2880] type 00 class 0x110100
[    2.053743] pci 0000:fe:1b.0: [8086:2880] type 00 class 0x110100
[    2.053847] pci 0000:fe:1c.0: [8086:2880] type 00 class 0x110100
[    2.054003] pci 0000:fe:1d.0: [8086:2880] type 00 class 0x110100
[    2.054155] pci_bus 0000:fe: on NUMA node 1
[    2.054234] ACPI: PCI Root Bridge [UC17] (domain 0000 [bus ff])
[    2.054237] acpi PNP0A03:03: _OSC: OS supports [ExtendedConfig ASPM ClockPM Segments MSI HPX-Type3]
[    2.054339] acpi PNP0A03:03: _OSC: platform does not support [SHPCHotplug AER LTR]
[    2.054523] acpi PNP0A03:03: _OSC: OS now controls [PCIeHotplug PME PCIeCapability]
[    2.054524] acpi PNP0A03:03: FADT indicates ASPM is unsupported, using BIOS configuration
[    2.054672] PCI host bridge to bus 0000:ff
[    2.054674] pci_bus 0000:ff: root bus resource [bus ff]
[    2.054688] pci 0000:ff:00.0: [8086:344c] type 00 class 0x088000
[    2.054808] pci 0000:ff:00.1: [8086:344c] type 00 class 0x088000
[    2.054920] pci 0000:ff:00.2: [8086:344c] type 00 class 0x088000
[    2.055024] pci 0000:ff:00.3: [8086:344c] type 00 class 0x088000
[    2.055144] pci 0000:ff:00.4: [8086:344c] type 00 class 0x088000
[    2.055261] pci 0000:ff:00.5: [8086:344c] type 00 class 0x088000
[    2.055354] pci 0000:ff:00.6: [8086:344c] type 00 class 0x088000
[    2.055479] pci 0000:ff:00.7: [8086:344c] type 00 class 0x088000
[    2.055607] pci 0000:ff:01.0: [8086:344c] type 00 class 0x088000
[    2.055753] pci 0000:ff:01.1: [8086:344c] type 00 class 0x088000
[    2.055877] pci 0000:ff:01.2: [8086:344c] type 00 class 0x088000
[    2.055967] pci 0000:ff:01.3: [8086:344c] type 00 class 0x088000
[    2.056103] pci 0000:ff:01.4: [8086:344c] type 00 class 0x088000
[    2.056240] pci 0000:ff:01.5: [8086:344c] type 00 class 0x088000
[    2.056381] pci 0000:ff:01.6: [8086:344c] type 00 class 0x088000
[    2.056507] pci 0000:ff:01.7: [8086:344c] type 00 class 0x088000
[    2.056640] pci 0000:ff:02.0: [8086:344c] type 00 class 0x088000
[    2.056796] pci 0000:ff:02.1: [8086:344c] type 00 class 0x088000
[    2.056928] pci 0000:ff:02.2: [8086:344c] type 00 class 0x088000
[    2.057072] pci 0000:ff:02.3: [8086:344c] type 00 class 0x088000
[    2.057208] pci 0000:ff:02.4: [8086:344c] type 00 class 0x088000
[    2.057344] pci 0000:ff:02.5: [8086:344c] type 00 class 0x088000
[    2.057491] pci 0000:ff:02.6: [8086:344c] type 00 class 0x088000
[    2.057632] pci 0000:ff:02.7: [8086:344c] type 00 class 0x088000
[    2.057785] pci 0000:ff:03.0: [8086:344c] type 00 class 0x088000
[    2.057953] pci 0000:ff:03.1: [8086:344c] type 00 class 0x088000
[    2.058101] pci 0000:ff:03.2: [8086:344c] type 00 class 0x088000
[    2.058266] pci 0000:ff:03.3: [8086:344c] type 00 class 0x088000
[    2.058429] pci 0000:ff:0a.0: [8086:344d] type 00 class 0x088000
[    2.058552] pci 0000:ff:0a.1: [8086:344d] type 00 class 0x088000
[    2.058664] pci 0000:ff:0a.2: [8086:344d] type 00 class 0x088000
[    2.058762] pci 0000:ff:0a.3: [8086:344d] type 00 class 0x088000
[    2.058881] pci 0000:ff:0a.4: [8086:344d] type 00 class 0x088000
[    2.058997] pci 0000:ff:0a.5: [8086:344d] type 00 class 0x088000
[    2.059091] pci 0000:ff:0a.6: [8086:344d] type 00 class 0x088000
[    2.059221] pci 0000:ff:0a.7: [8086:344d] type 00 class 0x088000
[    2.059348] pci 0000:ff:0b.0: [8086:344d] type 00 class 0x088000
[    2.059497] pci 0000:ff:0b.1: [8086:344d] type 00 class 0x088000
[    2.059620] pci 0000:ff:0b.2: [8086:344d] type 00 class 0x088000
[    2.059704] pci 0000:ff:0b.3: [8086:344d] type 00 class 0x088000
[    2.059841] pci 0000:ff:0b.4: [8086:344d] type 00 class 0x088000
[    2.059978] pci 0000:ff:0b.5: [8086:344d] type 00 class 0x088000
[    2.060118] pci 0000:ff:0b.6: [8086:344d] type 00 class 0x088000
[    2.060251] pci 0000:ff:0b.7: [8086:344d] type 00 class 0x088000
[    2.060383] pci 0000:ff:0c.0: [8086:344d] type 00 class 0x088000
[    2.060534] pci 0000:ff:0c.1: [8086:344d] type 00 class 0x088000
[    2.060666] pci 0000:ff:0c.2: [8086:344d] type 00 class 0x088000
[    2.060805] pci 0000:ff:0c.3: [8086:344d] type 00 class 0x088000
[    2.060940] pci 0000:ff:0c.4: [8086:344d] type 00 class 0x088000
[    2.061079] pci 0000:ff:0c.5: [8086:344d] type 00 class 0x088000
[    2.061224] pci 0000:ff:0c.6: [8086:344d] type 00 class 0x088000
[    2.061372] pci 0000:ff:0c.7: [8086:344d] type 00 class 0x088000
[    2.061524] pci 0000:ff:0d.0: [8086:344d] type 00 class 0x088000
[    2.061690] pci 0000:ff:0d.1: [8086:344d] type 00 class 0x088000
[    2.061840] pci 0000:ff:0d.2: [8086:344d] type 00 class 0x088000
[    2.062001] pci 0000:ff:0d.3: [8086:344d] type 00 class 0x088000
[    2.062176] pci 0000:ff:1d.0: [8086:344f] type 00 class 0x088000
[    2.062305] pci 0000:ff:1d.1: [8086:3457] type 00 class 0x088000
[    2.062416] pci 0000:ff:1e.0: [8086:3458] type 00 class 0x088000
[    2.062502] pci 0000:ff:1e.1: [8086:3459] type 00 class 0x088000
[    2.062568] pci 0000:ff:1e.2: [8086:345a] type 00 class 0x088000
[    2.062633] pci 0000:ff:1e.3: [8086:345b] type 00 class 0x088000
[    2.062698] pci 0000:ff:1e.4: [8086:345c] type 00 class 0x088000
[    2.062762] pci 0000:ff:1e.5: [8086:345d] type 00 class 0x088000
[    2.062831] pci 0000:ff:1e.6: [8086:345e] type 00 class 0x088000
[    2.062896] pci 0000:ff:1e.7: [8086:345f] type 00 class 0x088000
[    2.062959] pci_bus 0000:ff: on NUMA node 1
[    2.065526] iommu: Default domain type: Translated 
[    2.065526] iommu: DMA domain TLB invalidation policy: lazy mode 
[    2.065702] SCSI subsystem initialized
[    2.065735] libata version 3.00 loaded.
[    2.065735] ACPI: bus type USB registered
[    2.065735] usbcore: registered new interface driver usbfs
[    2.065735] usbcore: registered new interface driver hub
[    2.065735] usbcore: registered new device driver usb
[    2.065735] pps_core: LinuxPPS API ver. 1 registered
[    2.065735] pps_core: Software ver. 5.3.6 - Copyright 2005-2007 Rodolfo Giometti <giometti@linux.it>
[    2.065735] PTP clock support registered
[    2.065735] EDAC MC: Ver: 3.0.0
[    2.066147] Registered efivars operations
[    2.066147] NetLabel: Initializing
[    2.066147] NetLabel:  domain hash size = 128
[    2.066147] NetLabel:  protocols = UNLABELED CIPSOv4 CALIPSO
[    2.066147] NetLabel:  unlabeled traffic allowed by default
[    2.066147] PCI: Using ACPI for IRQ routing
[    2.068905] PCI: pci_cache_line_size set to 64 bytes
[    2.069467] e820: reserve RAM buffer [mem 0x0008f000-0x0008ffff]
[    2.069469] e820: reserve RAM buffer [mem 0x46cc4020-0x47ffffff]
[    2.069471] e820: reserve RAM buffer [mem 0x46cf6020-0x47ffffff]
[    2.069472] e820: reserve RAM buffer [mem 0x46d29020-0x47ffffff]
[    2.069473] e820: reserve RAM buffer [mem 0x46d5c020-0x47ffffff]
[    2.069474] e820: reserve RAM buffer [mem 0x49e77000-0x4bffffff]
[    2.069475] e820: reserve RAM buffer [mem 0x4b2cf000-0x4bffffff]
[    2.069476] e820: reserve RAM buffer [mem 0x4bd94000-0x4bffffff]
[    2.069477] e820: reserve RAM buffer [mem 0x4ce00000-0x4fffffff]
[    2.069477] e820: reserve RAM buffer [mem 0x5eefe000-0x5fffffff]
[    2.069478] e820: reserve RAM buffer [mem 0x6f800000-0x6fffffff]
[    2.069711] pci 0000:03:00.0: vgaarb: setting as boot VGA device
[    2.069713] pci 0000:03:00.0: vgaarb: bridge control possible
[    2.069714] pci 0000:03:00.0: vgaarb: VGA device added: decodes=io+mem,owns=io+mem,locks=none
[    2.069746] vgaarb: loaded
[    2.070798] hpet0: at MMIO 0xfed00000, IRQs 2, 8, 0, 0, 0, 0, 0, 0
[    2.070805] hpet0: 8 comparators, 64-bit 24.000000 MHz counter
[    2.073649] clocksource: Switched to clocksource tsc-early
[    2.083017] VFS: Disk quotas dquot_6.6.0
[    2.083051] VFS: Dquot-cache hash table entries: 512 (order 0, 4096 bytes)
[    2.083229] AppArmor: AppArmor Filesystem Enabled
[    2.083241] pnp: PnP ACPI init
[    2.099323] system 00:01: [io  0x0500-0x05fe] has been reserved
[    2.099326] system 00:01: [io  0x0400-0x041f] has been reserved
[    2.099328] system 00:01: [io  0x0600-0x061f] has been reserved
[    2.099329] system 00:01: [io  0x0ca0-0x0ca1] has been reserved
[    2.099331] system 00:01: [io  0x0ca4-0x0ca6] has been reserved
[    2.099333] system 00:01: [mem 0xff000000-0xffffffff] has been reserved
[    2.099941] system 00:04: [mem 0xfd000000-0xfdabffff] has been reserved
[    2.099944] system 00:04: [mem 0xfdad0000-0xfdadffff] has been reserved
[    2.099945] system 00:04: [mem 0xfdb00000-0xfdffffff] has been reserved
[    2.099947] system 00:04: [mem 0xfe000000-0xfe00ffff] has been reserved
[    2.099948] system 00:04: [mem 0xfe011000-0xfe01ffff] has been reserved
[    2.099950] system 00:04: [mem 0xfe036000-0xfe03bfff] has been reserved
[    2.099952] system 00:04: [mem 0xfe03d000-0xfe3fffff] has been reserved
[    2.099953] system 00:04: [mem 0xfe410000-0xfe7fffff] has been reserved
[    2.100269] system 00:05: [io  0x1000-0x10fe] has been reserved
[    2.101278] pnp: PnP ACPI: found 6 devices
[    2.107024] clocksource: acpi_pm: mask: 0xffffff max_cycles: 0xffffff, max_idle_ns: 2085701024 ns
[    2.107105] NET: Registered PF_INET protocol family
[    2.107441] IP idents hash table entries: 262144 (order: 9, 2097152 bytes, vmalloc)
[    2.109643] tcp_listen_portaddr_hash hash table entries: 32768 (order: 7, 524288 bytes, vmalloc)
[    2.110334] TCP established hash table entries: 524288 (order: 10, 4194304 bytes, vmalloc hugepage)
[    2.110979] TCP bind hash table entries: 65536 (order: 8, 1048576 bytes, vmalloc)
[    2.111044] TCP: Hash tables configured (established 524288 bind 65536)
[    2.111356] UDP hash table entries: 32768 (order: 8, 1048576 bytes, vmalloc)
[    2.111586] UDP-Lite hash table entries: 32768 (order: 8, 1048576 bytes, vmalloc)
[    2.111777] NET: Registered PF_UNIX/PF_LOCAL protocol family
[    2.111783] NET: Registered PF_XDP protocol family
[    2.111790] pci 0000:04:00.0: can't claim BAR 6 [mem 0xfffc0000-0xffffffff pref]: no compatible bridge window
[    2.111793] pci 0000:04:00.1: can't claim BAR 6 [mem 0xfffc0000-0xffffffff pref]: no compatible bridge window
[    2.111795] pci 0000:17:00.0: can't claim BAR 6 [mem 0xfff00000-0xffffffff pref]: no compatible bridge window
[    2.111810] pci 0000:00:1c.5: BAR 14: assigned [mem 0x90000000-0x900fffff]
[    2.111813] pci 0000:00:1c.0: PCI bridge to [bus 01]
[    2.111823] pci 0000:02:00.0: PCI bridge to [bus 03]
[    2.111828] pci 0000:02:00.0:   bridge window [mem 0x92000000-0x928fffff]
[    2.111832] pci 0000:02:00.0:   bridge window [mem 0x91000000-0x91ffffff 64bit pref]
[    2.111838] pci 0000:00:1c.4: PCI bridge to [bus 02-03]
[    2.111841] pci 0000:00:1c.4:   bridge window [mem 0x92000000-0x928fffff]
[    2.111844] pci 0000:00:1c.4:   bridge window [mem 0x91000000-0x91ffffff 64bit pref]
[    2.111850] pci 0000:04:00.0: BAR 6: assigned [mem 0x90000000-0x9003ffff pref]
[    2.111851] pci 0000:04:00.1: BAR 6: assigned [mem 0x90040000-0x9007ffff pref]
[    2.111853] pci 0000:00:1c.5: PCI bridge to [bus 04]
[    2.111856] pci 0000:00:1c.5:   bridge window [mem 0x90000000-0x900fffff]
[    2.111858] pci 0000:00:1c.5:   bridge window [mem 0x92900000-0x929fffff 64bit pref]
[    2.111863] pci_bus 0000:00: resource 4 [io  0x0000-0x0cf7 window]
[    2.111864] pci_bus 0000:00: resource 5 [io  0x1000-0x4fff window]
[    2.111866] pci_bus 0000:00: resource 6 [mem 0x000a0000-0x000bffff window]
[    2.111867] pci_bus 0000:00: resource 7 [mem 0x000c8000-0x000cffff window]
[    2.111868] pci_bus 0000:00: resource 8 [mem 0xfe010000-0xfe010fff window]
[    2.111870] pci_bus 0000:00: resource 9 [mem 0x90000000-0x9b7fffff window]
[    2.111871] pci_bus 0000:00: resource 10 [mem 0x200000000000-0x20ffffffffff window]
[    2.111873] pci_bus 0000:02: resource 1 [mem 0x92000000-0x928fffff]
[    2.111874] pci_bus 0000:02: resource 2 [mem 0x91000000-0x91ffffff 64bit pref]
[    2.111875] pci_bus 0000:03: resource 1 [mem 0x92000000-0x928fffff]
[    2.111876] pci_bus 0000:03: resource 2 [mem 0x91000000-0x91ffffff 64bit pref]
[    2.111878] pci_bus 0000:04: resource 1 [mem 0x90000000-0x900fffff]
[    2.111879] pci_bus 0000:04: resource 2 [mem 0x92900000-0x929fffff 64bit pref]
[    2.111954] pci 0000:17:00.0: BAR 6: no space for [mem size 0x00100000 pref]
[    2.111955] pci 0000:17:00.0: BAR 6: failed to assign [mem size 0x00100000 pref]
[    2.111957] pci 0000:16:02.0: PCI bridge to [bus 17]
[    2.111958] pci 0000:16:02.0:   bridge window [io  0x5000-0x5fff]
[    2.111961] pci 0000:16:02.0:   bridge window [mem 0x9ba00000-0x9bafffff]
[    2.111963] pci 0000:16:02.0:   bridge window [mem 0x9b800000-0x9b9fffff 64bit pref]
[    2.111967] pci_bus 0000:16: resource 4 [io  0x5000-0x6fff window]
[    2.111968] pci_bus 0000:16: resource 5 [mem 0x9b800000-0xa63fffff window]
[    2.111969] pci_bus 0000:16: resource 6 [mem 0x210000000000-0x21ffffffffff window]
[    2.111970] pci_bus 0000:17: resource 0 [io  0x5000-0x5fff]
[    2.111971] pci_bus 0000:17: resource 1 [mem 0x9ba00000-0x9bafffff]
[    2.111973] pci_bus 0000:17: resource 2 [mem 0x9b800000-0x9b9fffff 64bit pref]
[    2.111979] pci_bus 0000:30: resource 4 [io  0x7000-0x8fff window]
[    2.111980] pci_bus 0000:30: resource 5 [mem 0xa6400000-0xb0ffffff window]
[    2.111982] pci_bus 0000:30: resource 6 [mem 0x220000000000-0x22ffffffffff window]
[    2.111987] pci_bus 0000:4a: resource 4 [io  0x9000-0x9fff window]
[    2.111989] pci_bus 0000:4a: resource 5 [mem 0xb1000000-0xbbbfffff window]
[    2.111990] pci_bus 0000:4a: resource 6 [mem 0x230000000000-0x23ffffffffff window]
