pgmigrate_success 1266756
pgmigrate_fail 815
thp_migration_success 0
thp_migration_fail 0
thp_migration_split 0
thp_fault_alloc 0
thp_fault_fallback 0
thp_fault_fallback_charge 0
thp_collapse_alloc 0
thp_collapse_alloc_failed 0
thp_file_alloc 0
thp_file_fallback 0
thp_file_fallback_charge 0
thp_file_mapped 0
thp_split_page 0
thp_split_page_failed 0
thp_deferred_split_page 0
thp_split_pmd 0
thp_scan_exceed_none_pte 0
thp_scan_exceed_swap_pte 0
thp_scan_exceed_share_pte 0
thp_split_pud 0
thp_zero_page_alloc 0
thp_zero_page_alloc_failed 0
thp_swpout 0
thp_swpout_fallback 0
MemTotal:       547598824 kB
MemFree:        527672496 kB
MemAvailable:   526885556 kB
Buffers:          107596 kB
Cached:           456572 kB
SwapCached:         3324 kB
Active:           297812 kB
Inactive:         854816 kB
Active(anon):       5968 kB
Inactive(anon):   587812 kB
Active(file):     291844 kB
Inactive(file):   267004 kB
Unevictable:           0 kB
Mlocked:               0 kB
SwapTotal:       2097148 kB
SwapFree:        2053628 kB
Dirty:               184 kB
Writeback:             0 kB
AnonPages:        587452 kB
Mapped:           188352 kB
Shmem:              5316 kB
KReclaimable:     411524 kB
Slab:             730900 kB
SReclaimable:     411524 kB
SUnreclaim:       319376 kB
KernelStack:       30304 kB
PageTables:        44580 kB
NFS_Unstable:          0 kB
Bounce:                0 kB
WritebackTmp:          0 kB
CommitLimit:    275896560 kB
Committed_AS:    6539684 kB
VmallocTotal:   34359738367 kB
VmallocUsed:      139180 kB
VmallocChunk:          0 kB
Percpu:           133952 kB
HardwareCorrupted:     0 kB
AnonHugePages:         0 kB
ShmemHugePages:        0 kB
ShmemPmdMapped:        0 kB
FileHugePages:         0 kB
FilePmdMapped:         0 kB
CmaTotal:              0 kB
CmaFree:               0 kB
HugePages_Total:       0
HugePages_Free:        0
HugePages_Rsvd:        0
HugePages_Surp:        0
Hugepagesize:       2048 kB
Hugetlb:               0 kB
DirectMap4k:      506344 kB
DirectMap2M:     8601600 kB
DirectMap1G:    1132462080 kB
pgmigrate_success 1625565
pgmigrate_fail 931
thp_migration_success 0
thp_migration_fail 0
thp_migration_split 0
thp_fault_alloc 0
thp_fault_fallback 0
thp_fault_fallback_charge 0
thp_collapse_alloc 0
thp_collapse_alloc_failed 0
thp_file_alloc 0
thp_file_fallback 0
thp_file_fallback_charge 0
thp_file_mapped 0
thp_split_page 0
thp_split_page_failed 0
thp_deferred_split_page 0
thp_split_pmd 0
thp_scan_exceed_none_pte 0
thp_scan_exceed_swap_pte 0
thp_scan_exceed_share_pte 0
thp_split_pud 0
thp_zero_page_alloc 0
thp_zero_page_alloc_failed 0
thp_swpout 0
thp_swpout_fallback 0
MemTotal:       547598824 kB
MemFree:        527598936 kB
MemAvailable:   526788304 kB
Buffers:          118864 kB
Cached:           399148 kB
SwapCached:         5068 kB
Active:           301716 kB
Inactive:         933672 kB
Active(anon):      12552 kB
Inactive(anon):   710096 kB
Active(file):     289164 kB
Inactive(file):   223576 kB
Unevictable:           0 kB
Mlocked:               0 kB
SwapTotal:       2097148 kB
SwapFree:        2032380 kB
Dirty:                 8 kB
Writeback:             0 kB
AnonPages:        714420 kB
Mapped:           176220 kB
Shmem:              5268 kB
KReclaimable:     410244 kB
Slab:             734984 kB
SReclaimable:     410244 kB
SUnreclaim:       324740 kB
KernelStack:       32224 kB
PageTables:        46256 kB
NFS_Unstable:          0 kB
Bounce:                0 kB
WritebackTmp:          0 kB
CommitLimit:    275896560 kB
Committed_AS:    6951880 kB
VmallocTotal:   34359738367 kB
VmallocUsed:      140868 kB
VmallocChunk:          0 kB
Percpu:           133952 kB
HardwareCorrupted:     0 kB
AnonHugePages:         0 kB
ShmemHugePages:        0 kB
ShmemPmdMapped:        0 kB
FileHugePages:         0 kB
FilePmdMapped:         0 kB
CmaTotal:              0 kB
CmaFree:               0 kB
HugePages_Total:       0
HugePages_Free:        0
HugePages_Rsvd:        0
HugePages_Surp:        0
Hugepagesize:       2048 kB
Hugetlb:               0 kB
DirectMap4k:      506344 kB
DirectMap2M:     8601600 kB
DirectMap1G:    1132462080 kB
