2024年 05月 18日 星期六 13:41:05 CST
pgmigrate_success 12644
pgmigrate_fail 0
pgmigrate_dst_node_full_fail 0
pgmigrate_numa_isolate_fail 51
pgmigrate_nomem_fail 0
pgmigrate_refcount_fail 0
thp_fault_alloc 1
thp_fault_fallback 0
thp_collapse_alloc 0
thp_collapse_alloc_failed 0
thp_file_alloc 0
thp_file_mapped 0
thp_split_page 0
thp_split_page_failed 0
thp_deferred_split_page 0
thp_split_pmd 0
thp_split_pud 0
thp_zero_page_alloc 0
thp_zero_page_alloc_failed 0
thp_swpout 0
thp_swpout_fallback 0
MemTotal:       1102675316 kB
MemFree:        1071843088 kB
MemAvailable:   1069632112 kB
Buffers:            9460 kB
Cached:           361332 kB
SwapCached:            0 kB
Active:           601452 kB
Inactive:         339044 kB
Active(anon):     519612 kB
Inactive(anon):    56804 kB
Active(file):      81840 kB
Inactive(file):   282240 kB
Unevictable:           0 kB
Mlocked:               0 kB
SwapTotal:       2097148 kB
SwapFree:        2097148 kB
Dirty:               480 kB
Writeback:             0 kB
AnonPages:        570632 kB
Mapped:           357308 kB
Shmem:              6164 kB
KReclaimable:     248768 kB
Slab:             614916 kB
SReclaimable:     248768 kB
SUnreclaim:       366148 kB
KernelStack:       33264 kB
PageTables:        27952 kB
NFS_Unstable:          0 kB
Bounce:                0 kB
WritebackTmp:          0 kB
CommitLimit:    553434804 kB
Committed_AS:    6462204 kB
VmallocTotal:   34359738367 kB
VmallocUsed:      158404 kB
VmallocChunk:          0 kB
Percpu:           123200 kB
HardwareCorrupted:     0 kB
AnonHugePages:      2048 kB
ShmemHugePages:        0 kB
ShmemPmdMapped:        0 kB
CmaTotal:              0 kB
CmaFree:               0 kB
HugePages_Total:       0
HugePages_Free:        0
HugePages_Rsvd:        0
HugePages_Surp:        0
Hugepagesize:       2048 kB
Hugetlb:               0 kB
DirectMap4k:     1039848 kB
DirectMap2M:     8882176 kB
DirectMap1G:    1179648000 kB
2024年 05月 18日 星期六 14:03:10 CST
pgmigrate_success 11458698
pgmigrate_fail 59507200
pgmigrate_dst_node_full_fail 58873856
pgmigrate_numa_isolate_fail 66
pgmigrate_nomem_fail 0
pgmigrate_refcount_fail 0
thp_fault_alloc 35815
thp_fault_fallback 0
thp_collapse_alloc 29
thp_collapse_alloc_failed 0
thp_file_alloc 0
thp_file_mapped 0
thp_split_page 0
thp_split_page_failed 0
thp_deferred_split_page 80180
thp_split_pmd 4
thp_split_pud 0
thp_zero_page_alloc 0
thp_zero_page_alloc_failed 0
thp_swpout 0
thp_swpout_fallback 0
MemTotal:       1102675316 kB
MemFree:        1049282864 kB
MemAvailable:   1068235184 kB
Buffers:           61792 kB
Cached:         22493104 kB
SwapCached:            0 kB
Active:         22618632 kB
Inactive:         514464 kB
Active(anon):     530512 kB
Inactive(anon):    54076 kB
Active(file):   22088120 kB
Inactive(file):   460388 kB
Unevictable:           0 kB
Mlocked:               0 kB
SwapTotal:       2097148 kB
SwapFree:        2097148 kB
Dirty:            167972 kB
Writeback:             0 kB
AnonPages:        579380 kB
Mapped:           357500 kB
Shmem:              6164 kB
KReclaimable:     318056 kB
Slab:             690756 kB
SReclaimable:     318056 kB
SUnreclaim:       372700 kB
KernelStack:       33424 kB
PageTables:        27852 kB
NFS_Unstable:          0 kB
Bounce:                0 kB
WritebackTmp:          0 kB
CommitLimit:    553434804 kB
Committed_AS:    6083256 kB
VmallocTotal:   34359738367 kB
VmallocUsed:      158484 kB
VmallocChunk:          0 kB
Percpu:           123200 kB
HardwareCorrupted:     0 kB
AnonHugePages:     14336 kB
ShmemHugePages:        0 kB
ShmemPmdMapped:        0 kB
CmaTotal:              0 kB
CmaFree:               0 kB
HugePages_Total:       0
HugePages_Free:        0
HugePages_Rsvd:        0
HugePages_Surp:        0
Hugepagesize:       2048 kB
Hugetlb:               0 kB
DirectMap4k:     1039848 kB
DirectMap2M:     8882176 kB
DirectMap1G:    1179648000 kB
