[    0.000000] Linux version 5.3.1-multiclock (xmu@xmu-PowerEdge-R750) (gcc version 7.5.0 (Ubuntu 7.5.0-3ubuntu1~18.04)) #1 SMP Wed Aug 9 20:46:02 CST 2023
[    0.000000] Command line: BOOT_IMAGE=/boot/vmlinuz-5.3.1-multiclock root=UUID=ce0c24b8-724b-4f33-9b2c-618433560aef ro memmap=35152M!4096M memmap=59G!64G quiet splash nomodeset vt.handoff=1
[    0.000000] KERNEL supported cpus:
[    0.000000]   Intel GenuineIntel
[    0.000000]   AMD AuthenticAMD
[    0.000000]   Hygon HygonGenuine
[    0.000000]   Centaur CentaurHauls
[    0.000000]   zhaoxin   Shanghai  
[    0.000000] x86/fpu: Supporting XSAVE feature 0x001: 'x87 floating point registers'
[    0.000000] x86/fpu: Supporting XSAVE feature 0x002: 'SSE registers'
[    0.000000] x86/fpu: Supporting XSAVE feature 0x004: 'AVX registers'
[    0.000000] x86/fpu: Supporting XSAVE feature 0x020: 'AVX-512 opmask'
[    0.000000] x86/fpu: Supporting XSAVE feature 0x040: 'AVX-512 Hi256'
[    0.000000] x86/fpu: Supporting XSAVE feature 0x080: 'AVX-512 ZMM_Hi256'
[    0.000000] x86/fpu: Supporting XSAVE feature 0x200: 'Protection Keys User registers'
[    0.000000] x86/fpu: xstate_offset[2]:  576, xstate_sizes[2]:  256
[    0.000000] x86/fpu: xstate_offset[5]:  832, xstate_sizes[5]:   64
[    0.000000] x86/fpu: xstate_offset[6]:  896, xstate_sizes[6]:  512
[    0.000000] x86/fpu: xstate_offset[7]: 1408, xstate_sizes[7]: 1024
[    0.000000] x86/fpu: xstate_offset[9]: 2432, xstate_sizes[9]:    8
[    0.000000] x86/fpu: Enabled xstate features 0x2e7, context size is 2440 bytes, using 'compacted' format.
[    0.000000] BIOS-provided physical RAM map:
[    0.000000] BIOS-e820: [mem 0x0000000000000000-0x000000000008efff] usable
[    0.000000] BIOS-e820: [mem 0x000000000008f000-0x000000000008ffff] reserved
[    0.000000] BIOS-e820: [mem 0x0000000000090000-0x000000000009ffff] usable
[    0.000000] BIOS-e820: [mem 0x00000000000a0000-0x00000000000fffff] reserved
[    0.000000] BIOS-e820: [mem 0x0000000000100000-0x0000000049e76fff] usable
[    0.000000] BIOS-e820: [mem 0x0000000049e77000-0x000000004ae76fff] ACPI NVS
[    0.000000] BIOS-e820: [mem 0x000000004ae77000-0x000000004b2cefff] usable
[    0.000000] BIOS-e820: [mem 0x000000004b2cf000-0x000000004b54dfff] ACPI data
[    0.000000] BIOS-e820: [mem 0x000000004b54e000-0x000000004bd93fff] usable
[    0.000000] BIOS-e820: [mem 0x000000004bd94000-0x000000004be99fff] reserved
[    0.000000] BIOS-e820: [mem 0x000000004be9a000-0x000000004cdfffff] usable
[    0.000000] BIOS-e820: [mem 0x000000004ce00000-0x000000004cffffff] reserved
[    0.000000] BIOS-e820: [mem 0x000000004d000000-0x000000005eefdfff] usable
[    0.000000] BIOS-e820: [mem 0x000000005eefe000-0x000000006e3fefff] reserved
[    0.000000] BIOS-e820: [mem 0x000000006e3ff000-0x000000006f3fefff] ACPI NVS
[    0.000000] BIOS-e820: [mem 0x000000006f3ff000-0x000000006f7fefff] ACPI data
[    0.000000] BIOS-e820: [mem 0x000000006f7ff000-0x000000006f7fffff] usable
[    0.000000] BIOS-e820: [mem 0x000000006f800000-0x000000008fffffff] reserved
[    0.000000] BIOS-e820: [mem 0x00000000fe000000-0x00000000fe010fff] reserved
[    0.000000] BIOS-e820: [mem 0x0000000100000000-0x000000207fffffff] usable
[    0.000000] BIOS-e820: [mem 0x0000002080000000-0x0000011c7fffffff] persistent (type 7)
[    0.000000] BIOS-e820: [mem 0x00001ffc00000000-0x00001fffffffffff] reserved
[    0.000000] NX (Execute Disable) protection: active
[    0.000000] e820: update [mem 0x47c75020-0x47c7d05f] usable ==> usable
[    0.000000] e820: update [mem 0x47c75020-0x47c7d05f] usable ==> usable
[    0.000000] e820: update [mem 0x47c42020-0x47c74c5f] usable ==> usable
[    0.000000] e820: update [mem 0x47c42020-0x47c74c5f] usable ==> usable
[    0.000000] e820: update [mem 0x47c0f020-0x47c41c5f] usable ==> usable
[    0.000000] e820: update [mem 0x47c0f020-0x47c41c5f] usable ==> usable
[    0.000000] e820: update [mem 0x47bdd020-0x47c0ea5f] usable ==> usable
[    0.000000] e820: update [mem 0x47bdd020-0x47c0ea5f] usable ==> usable
[    0.000000] extended physical RAM map:
[    0.000000] reserve setup_data: [mem 0x0000000000000000-0x000000000008efff] usable
[    0.000000] reserve setup_data: [mem 0x000000000008f000-0x000000000008ffff] reserved
[    0.000000] reserve setup_data: [mem 0x0000000000090000-0x000000000009ffff] usable
[    0.000000] reserve setup_data: [mem 0x00000000000a0000-0x00000000000fffff] reserved
[    0.000000] reserve setup_data: [mem 0x0000000000100000-0x0000000047bdd01f] usable
[    0.000000] reserve setup_data: [mem 0x0000000047bdd020-0x0000000047c0ea5f] usable
[    0.000000] reserve setup_data: [mem 0x0000000047c0ea60-0x0000000047c0f01f] usable
[    0.000000] reserve setup_data: [mem 0x0000000047c0f020-0x0000000047c41c5f] usable
[    0.000000] reserve setup_data: [mem 0x0000000047c41c60-0x0000000047c4201f] usable
[    0.000000] reserve setup_data: [mem 0x0000000047c42020-0x0000000047c74c5f] usable
[    0.000000] reserve setup_data: [mem 0x0000000047c74c60-0x0000000047c7501f] usable
[    0.000000] reserve setup_data: [mem 0x0000000047c75020-0x0000000047c7d05f] usable
[    0.000000] reserve setup_data: [mem 0x0000000047c7d060-0x0000000049e76fff] usable
[    0.000000] reserve setup_data: [mem 0x0000000049e77000-0x000000004ae76fff] ACPI NVS
[    0.000000] reserve setup_data: [mem 0x000000004ae77000-0x000000004b2cefff] usable
[    0.000000] reserve setup_data: [mem 0x000000004b2cf000-0x000000004b54dfff] ACPI data
[    0.000000] reserve setup_data: [mem 0x000000004b54e000-0x000000004bd93fff] usable
[    0.000000] reserve setup_data: [mem 0x000000004bd94000-0x000000004be99fff] reserved
[    0.000000] reserve setup_data: [mem 0x000000004be9a000-0x000000004cdfffff] usable
[    0.000000] reserve setup_data: [mem 0x000000004ce00000-0x000000004cffffff] reserved
[    0.000000] reserve setup_data: [mem 0x000000004d000000-0x000000005eefdfff] usable
[    0.000000] reserve setup_data: [mem 0x000000005eefe000-0x000000006e3fefff] reserved
[    0.000000] reserve setup_data: [mem 0x000000006e3ff000-0x000000006f3fefff] ACPI NVS
[    0.000000] reserve setup_data: [mem 0x000000006f3ff000-0x000000006f7fefff] ACPI data
[    0.000000] reserve setup_data: [mem 0x000000006f7ff000-0x000000006f7fffff] usable
[    0.000000] reserve setup_data: [mem 0x000000006f800000-0x000000008fffffff] reserved
[    0.000000] reserve setup_data: [mem 0x00000000fe000000-0x00000000fe010fff] reserved
[    0.000000] reserve setup_data: [mem 0x0000000100000000-0x0000000994ffffff] persistent (type 12)
[    0.000000] reserve setup_data: [mem 0x0000000995000000-0x0000000fffffffff] usable
[    0.000000] reserve setup_data: [mem 0x0000001000000000-0x0000001ebfffffff] persistent (type 12)
[    0.000000] reserve setup_data: [mem 0x0000001ec0000000-0x000000207fffffff] usable
[    0.000000] reserve setup_data: [mem 0x0000002080000000-0x0000011c7fffffff] persistent (type 7)
[    0.000000] reserve setup_data: [mem 0x00001ffc00000000-0x00001fffffffffff] reserved
[    0.000000] user-defined physical RAM map:
[    0.000000] user: [mem 0x0000000000000000-0x000000000008efff] usable
[    0.000000] user: [mem 0x000000000008f000-0x000000000008ffff] reserved
[    0.000000] user: [mem 0x0000000000090000-0x000000000009ffff] usable
[    0.000000] user: [mem 0x00000000000a0000-0x00000000000fffff] reserved
[    0.000000] user: [mem 0x0000000000100000-0x0000000047bdd01f] usable
[    0.000000] user: [mem 0x0000000047bdd020-0x0000000047c0ea5f] usable
[    0.000000] user: [mem 0x0000000047c0ea60-0x0000000047c0f01f] usable
[    0.000000] user: [mem 0x0000000047c0f020-0x0000000047c41c5f] usable
[    0.000000] user: [mem 0x0000000047c41c60-0x0000000047c4201f] usable
[    0.000000] user: [mem 0x0000000047c42020-0x0000000047c74c5f] usable
[    0.000000] user: [mem 0x0000000047c74c60-0x0000000047c7501f] usable
[    0.000000] user: [mem 0x0000000047c75020-0x0000000047c7d05f] usable
[    0.000000] user: [mem 0x0000000047c7d060-0x0000000049e76fff] usable
[    0.000000] user: [mem 0x0000000049e77000-0x000000004ae76fff] ACPI NVS
[    0.000000] user: [mem 0x000000004ae77000-0x000000004b2cefff] usable
[    0.000000] user: [mem 0x000000004b2cf000-0x000000004b54dfff] ACPI data
[    0.000000] user: [mem 0x000000004b54e000-0x000000004bd93fff] usable
[    0.000000] user: [mem 0x000000004bd94000-0x000000004be99fff] reserved
[    0.000000] user: [mem 0x000000004be9a000-0x000000004cdfffff] usable
[    0.000000] user: [mem 0x000000004ce00000-0x000000004cffffff] reserved
[    0.000000] user: [mem 0x000000004d000000-0x000000005eefdfff] usable
[    0.000000] user: [mem 0x000000005eefe000-0x000000006e3fefff] reserved
[    0.000000] user: [mem 0x000000006e3ff000-0x000000006f3fefff] ACPI NVS
[    0.000000] user: [mem 0x000000006f3ff000-0x000000006f7fefff] ACPI data
[    0.000000] user: [mem 0x000000006f7ff000-0x000000006f7fffff] usable
[    0.000000] user: [mem 0x000000006f800000-0x000000008fffffff] reserved
[    0.000000] user: [mem 0x00000000fe000000-0x00000000fe010fff] reserved
[    0.000000] user: [mem 0x0000000100000000-0x0000000994ffffff] persistent (type 12)
[    0.000000] user: [mem 0x0000000995000000-0x0000000fffffffff] usable
[    0.000000] user: [mem 0x0000001000000000-0x0000001ebfffffff] persistent (type 12)
[    0.000000] user: [mem 0x0000001ec0000000-0x000000207fffffff] usable
[    0.000000] user: [mem 0x0000002080000000-0x0000011c7fffffff] persistent (type 7)
[    0.000000] user: [mem 0x00001ffc00000000-0x00001fffffffffff] reserved
[    0.000000] efi: EFI v2.70 by Dell Inc.
[    0.000000] efi:  ACPI=0x6f7fe000  ACPI 2.0=0x6f7fe014  MEMATTR=0x5a1f8020  SMBIOS=0x69526000  SMBIOS 3.0=0x69524000 
[    0.000000] SMBIOS 3.3.0 present.
[    0.000000] DMI: Dell Inc. PowerEdge R750/0K8F35, BIOS 1.10.2 03/03/2023
[    0.000000] tsc: Detected 2000.000 MHz processor
[    0.000008] e820: update [mem 0x00000000-0x00000fff] usable ==> reserved
[    0.000009] e820: remove [mem 0x000a0000-0x000fffff] usable
[    0.000017] last_pfn = 0x2080000 max_arch_pfn = 0x400000000
[    0.000020] MTRR default type: uncachable
[    0.000021] MTRR fixed ranges enabled:
[    0.000022]   00000-9FFFF write-back
[    0.000022]   A0000-BFFFF uncachable
[    0.000023]   C0000-FFFFF write-protect
[    0.000023] MTRR variable ranges enabled:
[    0.000025]   0 base 000000000000 mask 3E0000000000 write-back
[    0.000026]   1 base 000080000000 mask 3FFF80000000 uncachable
[    0.000026]   2 base 00007F000000 mask 3FFFFF000000 uncachable
[    0.000027]   3 disabled
[    0.000027]   4 disabled
[    0.000027]   5 disabled
[    0.000028]   6 disabled
[    0.000028]   7 disabled
[    0.000028]   8 disabled
[    0.000029]   9 disabled
[    0.000786] x86/PAT: Configuration [0-7]: WB  WC  UC- UC  WB  WP  UC- WT  
[    0.001841] total RAM covered: 2095088M
[    0.001926]  gran_size: 64K 	chunk_size: 64K 	num_reg: 10  	lose cover RAM: 2016G
[    0.001928]  gran_size: 64K 	chunk_size: 128K 	num_reg: 10  	lose cover RAM: 2016G
[    0.001928]  gran_size: 64K 	chunk_size: 256K 	num_reg: 10  	lose cover RAM: 2016G
[    0.001929]  gran_size: 64K 	chunk_size: 512K 	num_reg: 10  	lose cover RAM: 2016G
[    0.001930]  gran_size: 64K 	chunk_size: 1M 	num_reg: 10  	lose cover RAM: 2016G
[    0.001931]  gran_size: 64K 	chunk_size: 2M 	num_reg: 10  	lose cover RAM: 2016G
[    0.001931]  gran_size: 64K 	chunk_size: 4M 	num_reg: 10  	lose cover RAM: 2016G
[    0.001932]  gran_size: 64K 	chunk_size: 8M 	num_reg: 10  	lose cover RAM: 2016G
[    0.001932]  gran_size: 64K 	chunk_size: 16M 	num_reg: 10  	lose cover RAM: 2016G
[    0.001933]  gran_size: 64K 	chunk_size: 32M 	num_reg: 10  	lose cover RAM: 1024G
[    0.001934]  gran_size: 64K 	chunk_size: 64M 	num_reg: 10  	lose cover RAM: 1024G
[    0.001934]  gran_size: 64K 	chunk_size: 128M 	num_reg: 10  	lose cover RAM: 1024G
[    0.001935]  gran_size: 64K 	chunk_size: 256M 	num_reg: 10  	lose cover RAM: 1024G
[    0.001936]  gran_size: 64K 	chunk_size: 512M 	num_reg: 10  	lose cover RAM: 1024G
[    0.001936]  gran_size: 64K 	chunk_size: 1G 	num_reg: 10  	lose cover RAM: 1024G
[    0.001937]  gran_size: 64K 	chunk_size: 2G 	num_reg: 10  	lose cover RAM: 1024G
[    0.001938]  gran_size: 128K 	chunk_size: 128K 	num_reg: 10  	lose cover RAM: 2016G
[    0.001939]  gran_size: 128K 	chunk_size: 256K 	num_reg: 10  	lose cover RAM: 2016G
[    0.001939]  gran_size: 128K 	chunk_size: 512K 	num_reg: 10  	lose cover RAM: 2016G
[    0.001940]  gran_size: 128K 	chunk_size: 1M 	num_reg: 10  	lose cover RAM: 2016G
[    0.001941]  gran_size: 128K 	chunk_size: 2M 	num_reg: 10  	lose cover RAM: 2016G
[    0.001941]  gran_size: 128K 	chunk_size: 4M 	num_reg: 10  	lose cover RAM: 2016G
[    0.001942]  gran_size: 128K 	chunk_size: 8M 	num_reg: 10  	lose cover RAM: 2016G
[    0.001943]  gran_size: 128K 	chunk_size: 16M 	num_reg: 10  	lose cover RAM: 2016G
[    0.001943]  gran_size: 128K 	chunk_size: 32M 	num_reg: 10  	lose cover RAM: 1024G
[    0.001944]  gran_size: 128K 	chunk_size: 64M 	num_reg: 10  	lose cover RAM: 1024G
[    0.001945]  gran_size: 128K 	chunk_size: 128M 	num_reg: 10  	lose cover RAM: 1024G
[    0.001945]  gran_size: 128K 	chunk_size: 256M 	num_reg: 10  	lose cover RAM: 1024G
[    0.001946]  gran_size: 128K 	chunk_size: 512M 	num_reg: 10  	lose cover RAM: 1024G
[    0.001947]  gran_size: 128K 	chunk_size: 1G 	num_reg: 10  	lose cover RAM: 1024G
[    0.001947]  gran_size: 128K 	chunk_size: 2G 	num_reg: 10  	lose cover RAM: 1024G
[    0.001948]  gran_size: 256K 	chunk_size: 256K 	num_reg: 10  	lose cover RAM: 2016G
[    0.001949]  gran_size: 256K 	chunk_size: 512K 	num_reg: 10  	lose cover RAM: 2016G
[    0.001949]  gran_size: 256K 	chunk_size: 1M 	num_reg: 10  	lose cover RAM: 2016G
[    0.001950]  gran_size: 256K 	chunk_size: 2M 	num_reg: 10  	lose cover RAM: 2016G
[    0.001951]  gran_size: 256K 	chunk_size: 4M 	num_reg: 10  	lose cover RAM: 2016G
[    0.001951]  gran_size: 256K 	chunk_size: 8M 	num_reg: 10  	lose cover RAM: 2016G
[    0.001952]  gran_size: 256K 	chunk_size: 16M 	num_reg: 10  	lose cover RAM: 2016G
[    0.001953]  gran_size: 256K 	chunk_size: 32M 	num_reg: 10  	lose cover RAM: 1024G
[    0.001954]  gran_size: 256K 	chunk_size: 64M 	num_reg: 10  	lose cover RAM: 1024G
[    0.001954]  gran_size: 256K 	chunk_size: 128M 	num_reg: 10  	lose cover RAM: 1024G
[    0.001955]  gran_size: 256K 	chunk_size: 256M 	num_reg: 10  	lose cover RAM: 1024G
[    0.001956]  gran_size: 256K 	chunk_size: 512M 	num_reg: 10  	lose cover RAM: 1024G
[    0.001956]  gran_size: 256K 	chunk_size: 1G 	num_reg: 10  	lose cover RAM: 1024G
[    0.001957]  gran_size: 256K 	chunk_size: 2G 	num_reg: 10  	lose cover RAM: 1024G
[    0.001957]  gran_size: 512K 	chunk_size: 512K 	num_reg: 10  	lose cover RAM: 2016G
[    0.001958]  gran_size: 512K 	chunk_size: 1M 	num_reg: 10  	lose cover RAM: 2016G
[    0.001959]  gran_size: 512K 	chunk_size: 2M 	num_reg: 10  	lose cover RAM: 2016G
[    0.001959]  gran_size: 512K 	chunk_size: 4M 	num_reg: 10  	lose cover RAM: 2016G
[    0.001960]  gran_size: 512K 	chunk_size: 8M 	num_reg: 10  	lose cover RAM: 2016G
[    0.001961]  gran_size: 512K 	chunk_size: 16M 	num_reg: 10  	lose cover RAM: 2016G
[    0.001961]  gran_size: 512K 	chunk_size: 32M 	num_reg: 10  	lose cover RAM: 1024G
[    0.001962]  gran_size: 512K 	chunk_size: 64M 	num_reg: 10  	lose cover RAM: 1024G
[    0.001963]  gran_size: 512K 	chunk_size: 128M 	num_reg: 10  	lose cover RAM: 1024G
[    0.001963]  gran_size: 512K 	chunk_size: 256M 	num_reg: 10  	lose cover RAM: 1024G
[    0.001964]  gran_size: 512K 	chunk_size: 512M 	num_reg: 10  	lose cover RAM: 1024G
[    0.001965]  gran_size: 512K 	chunk_size: 1G 	num_reg: 10  	lose cover RAM: 1024G
[    0.001965]  gran_size: 512K 	chunk_size: 2G 	num_reg: 10  	lose cover RAM: 1024G
[    0.001966]  gran_size: 1M 	chunk_size: 1M 	num_reg: 10  	lose cover RAM: 2016G
[    0.001967]  gran_size: 1M 	chunk_size: 2M 	num_reg: 10  	lose cover RAM: 2016G
[    0.001967]  gran_size: 1M 	chunk_size: 4M 	num_reg: 10  	lose cover RAM: 2016G
[    0.001968]  gran_size: 1M 	chunk_size: 8M 	num_reg: 10  	lose cover RAM: 2016G
[    0.001969]  gran_size: 1M 	chunk_size: 16M 	num_reg: 10  	lose cover RAM: 2016G
[    0.001969]  gran_size: 1M 	chunk_size: 32M 	num_reg: 10  	lose cover RAM: 1024G
[    0.001970]  gran_size: 1M 	chunk_size: 64M 	num_reg: 10  	lose cover RAM: 1024G
[    0.001971]  gran_size: 1M 	chunk_size: 128M 	num_reg: 10  	lose cover RAM: 1024G
[    0.001971]  gran_size: 1M 	chunk_size: 256M 	num_reg: 10  	lose cover RAM: 1024G
[    0.001972]  gran_size: 1M 	chunk_size: 512M 	num_reg: 10  	lose cover RAM: 1024G
[    0.001973]  gran_size: 1M 	chunk_size: 1G 	num_reg: 10  	lose cover RAM: 1024G
[    0.001973]  gran_size: 1M 	chunk_size: 2G 	num_reg: 10  	lose cover RAM: 1024G
[    0.001974]  gran_size: 2M 	chunk_size: 2M 	num_reg: 10  	lose cover RAM: 2016G
[    0.001975]  gran_size: 2M 	chunk_size: 4M 	num_reg: 10  	lose cover RAM: 2016G
[    0.001975]  gran_size: 2M 	chunk_size: 8M 	num_reg: 10  	lose cover RAM: 2016G
[    0.001976]  gran_size: 2M 	chunk_size: 16M 	num_reg: 10  	lose cover RAM: 2016G
[    0.001977]  gran_size: 2M 	chunk_size: 32M 	num_reg: 10  	lose cover RAM: 1024G
[    0.001977]  gran_size: 2M 	chunk_size: 64M 	num_reg: 10  	lose cover RAM: 1024G
[    0.001978]  gran_size: 2M 	chunk_size: 128M 	num_reg: 10  	lose cover RAM: 1024G
[    0.001979]  gran_size: 2M 	chunk_size: 256M 	num_reg: 10  	lose cover RAM: 1024G
[    0.001979]  gran_size: 2M 	chunk_size: 512M 	num_reg: 10  	lose cover RAM: 1024G
[    0.001980]  gran_size: 2M 	chunk_size: 1G 	num_reg: 10  	lose cover RAM: 1024G
[    0.001981]  gran_size: 2M 	chunk_size: 2G 	num_reg: 10  	lose cover RAM: 1024G
[    0.001981]  gran_size: 4M 	chunk_size: 4M 	num_reg: 10  	lose cover RAM: 2016G
[    0.001982]  gran_size: 4M 	chunk_size: 8M 	num_reg: 10  	lose cover RAM: 2016G
[    0.001983]  gran_size: 4M 	chunk_size: 16M 	num_reg: 10  	lose cover RAM: 2016G
[    0.001983]  gran_size: 4M 	chunk_size: 32M 	num_reg: 10  	lose cover RAM: 1024G
[    0.001984]  gran_size: 4M 	chunk_size: 64M 	num_reg: 10  	lose cover RAM: 1024G
[    0.001985]  gran_size: 4M 	chunk_size: 128M 	num_reg: 10  	lose cover RAM: 1024G
[    0.001985]  gran_size: 4M 	chunk_size: 256M 	num_reg: 10  	lose cover RAM: 1024G
[    0.001986]  gran_size: 4M 	chunk_size: 512M 	num_reg: 10  	lose cover RAM: 1024G
[    0.001987]  gran_size: 4M 	chunk_size: 1G 	num_reg: 10  	lose cover RAM: 1024G
[    0.001987]  gran_size: 4M 	chunk_size: 2G 	num_reg: 10  	lose cover RAM: 1024G
[    0.001988]  gran_size: 8M 	chunk_size: 8M 	num_reg: 10  	lose cover RAM: 2016G
[    0.001989]  gran_size: 8M 	chunk_size: 16M 	num_reg: 10  	lose cover RAM: 2016G
[    0.001989]  gran_size: 8M 	chunk_size: 32M 	num_reg: 10  	lose cover RAM: 1024G
[    0.001990]  gran_size: 8M 	chunk_size: 64M 	num_reg: 10  	lose cover RAM: 1024G
[    0.001991]  gran_size: 8M 	chunk_size: 128M 	num_reg: 10  	lose cover RAM: 1024G
[    0.001991]  gran_size: 8M 	chunk_size: 256M 	num_reg: 10  	lose cover RAM: 1024G
[    0.001992]  gran_size: 8M 	chunk_size: 512M 	num_reg: 10  	lose cover RAM: 1024G
[    0.001993]  gran_size: 8M 	chunk_size: 1G 	num_reg: 10  	lose cover RAM: 1024G
[    0.001993]  gran_size: 8M 	chunk_size: 2G 	num_reg: 10  	lose cover RAM: 1024G
[    0.001994]  gran_size: 16M 	chunk_size: 16M 	num_reg: 10  	lose cover RAM: 2016G
[    0.001995]  gran_size: 16M 	chunk_size: 32M 	num_reg: 10  	lose cover RAM: 1024G
[    0.001995]  gran_size: 16M 	chunk_size: 64M 	num_reg: 10  	lose cover RAM: 1024G
[    0.001996]  gran_size: 16M 	chunk_size: 128M 	num_reg: 10  	lose cover RAM: 1024G
[    0.001997]  gran_size: 16M 	chunk_size: 256M 	num_reg: 10  	lose cover RAM: 1024G
[    0.001997]  gran_size: 16M 	chunk_size: 512M 	num_reg: 10  	lose cover RAM: 1024G
[    0.001998]  gran_size: 16M 	chunk_size: 1G 	num_reg: 10  	lose cover RAM: 1024G
[    0.001999]  gran_size: 16M 	chunk_size: 2G 	num_reg: 10  	lose cover RAM: 1024G
[    0.001999]  gran_size: 32M 	chunk_size: 32M 	num_reg: 10  	lose cover RAM: 2031632M
[    0.002000]  gran_size: 32M 	chunk_size: 64M 	num_reg: 10  	lose cover RAM: 1048592M
[    0.002001]  gran_size: 32M 	chunk_size: 128M 	num_reg: 10  	lose cover RAM: 1048592M
[    0.002001]  gran_size: 32M 	chunk_size: 256M 	num_reg: 10  	lose cover RAM: 1048592M
[    0.002002]  gran_size: 32M 	chunk_size: 512M 	num_reg: 10  	lose cover RAM: 1048592M
[    0.002003]  gran_size: 32M 	chunk_size: 1G 	num_reg: 10  	lose cover RAM: 1048592M
[    0.002004]  gran_size: 32M 	chunk_size: 2G 	num_reg: 10  	lose cover RAM: 1048592M
[    0.002004]  gran_size: 64M 	chunk_size: 64M 	num_reg: 10  	lose cover RAM: 1966128M
[    0.002005]  gran_size: 64M 	chunk_size: 128M 	num_reg: 10  	lose cover RAM: 1048624M
[    0.002006]  gran_size: 64M 	chunk_size: 256M 	num_reg: 10  	lose cover RAM: 1048624M
[    0.002006]  gran_size: 64M 	chunk_size: 512M 	num_reg: 10  	lose cover RAM: 1048624M
[    0.002007]  gran_size: 64M 	chunk_size: 1G 	num_reg: 10  	lose cover RAM: 1048624M
[    0.002008]  gran_size: 64M 	chunk_size: 2G 	num_reg: 10  	lose cover RAM: 1048624M
[    0.002008]  gran_size: 128M 	chunk_size: 128M 	num_reg: 10  	lose cover RAM: 1835120M
[    0.002009]  gran_size: 128M 	chunk_size: 256M 	num_reg: 10  	lose cover RAM: 1048688M
[    0.002010]  gran_size: 128M 	chunk_size: 512M 	num_reg: 10  	lose cover RAM: 1048688M
[    0.002010]  gran_size: 128M 	chunk_size: 1G 	num_reg: 10  	lose cover RAM: 1048688M
[    0.002011]  gran_size: 128M 	chunk_size: 2G 	num_reg: 10  	lose cover RAM: 1048688M
[    0.002012]  gran_size: 256M 	chunk_size: 256M 	num_reg: 10  	lose cover RAM: 1573104M
[    0.002012]  gran_size: 256M 	chunk_size: 512M 	num_reg: 10  	lose cover RAM: 1048816M
[    0.002013]  gran_size: 256M 	chunk_size: 1G 	num_reg: 10  	lose cover RAM: 1048816M
[    0.002014]  gran_size: 256M 	chunk_size: 2G 	num_reg: 10  	lose cover RAM: 1048816M
[    0.002014]  gran_size: 512M 	chunk_size: 512M 	num_reg: 10  	lose cover RAM: 1049072M
[    0.002015]  gran_size: 512M 	chunk_size: 1G 	num_reg: 10  	lose cover RAM: 1049072M
[    0.002016]  gran_size: 512M 	chunk_size: 2G 	num_reg: 10  	lose cover RAM: 1049072M
[    0.002016]  gran_size: 1G 	chunk_size: 1G 	num_reg: 10  	lose cover RAM: 1008M
[    0.002017]  gran_size: 1G 	chunk_size: 2G 	num_reg: 10  	lose cover RAM: 1008M
[    0.002018]  gran_size: 2G 	chunk_size: 2G 	num_reg: 9  	lose cover RAM: 2032M
[    0.002018] mtrr_cleanup: can not find optimal value
[    0.002019] please specify mtrr_gran_size/mtrr_chunk_size
[    0.002021] e820: update [mem 0x7f000000-0xffffffff] usable ==> reserved
[    0.002023] x2apic: enabled by BIOS, switching to x2apic ops
[    0.002024] last_pfn = 0x6f800 max_arch_pfn = 0x400000000
[    0.013430] check: Scanning 1 areas for low memory corruption
[    0.013434] Using GB pages for direct mapping
[    0.013435] BRK [0xfbe601000, 0xfbe601fff] PGTABLE
[    0.013437] BRK [0xfbe602000, 0xfbe602fff] PGTABLE
[    0.013437] BRK [0xfbe603000, 0xfbe603fff] PGTABLE
[    0.013481] BRK [0xfbe604000, 0xfbe604fff] PGTABLE
[    0.013590] BRK [0xfbe605000, 0xfbe605fff] PGTABLE
[    0.013654] BRK [0xfbe606000, 0xfbe606fff] PGTABLE
[    0.013764] BRK [0xfbe607000, 0xfbe607fff] PGTABLE
[    0.013888] BRK [0xfbe608000, 0xfbe608fff] PGTABLE
[    0.013988] BRK [0xfbe609000, 0xfbe609fff] PGTABLE
[    0.014110] BRK [0xfbe60a000, 0xfbe60afff] PGTABLE
[    0.014189] BRK [0xfbe60b000, 0xfbe60bfff] PGTABLE
[    0.014371] BRK [0xfbe60c000, 0xfbe60cfff] PGTABLE
[    0.014586] Secure boot disabled
[    0.014586] RAMDISK: [mem 0x2065920000-0x207fffffff]
[    0.014593] ACPI: Early table checksum verification disabled
[    0.014595] ACPI: RSDP 0x000000006F7FE014 000024 (v02 DELL  )
[    0.014597] ACPI: XSDT 0x000000006F41C188 0000F4 (v01 DELL   PE_SC3   00000000 DELL 01000013)
[    0.014602] ACPI: FACP 0x000000006F430000 000114 (v06 DELL   PE_SC3   00000000 DELL 00000001)
[    0.014607] ACPI: DSDT 0x000000004B4CE000 07FAD3 (v02 DELL   PE_SC3   00000003 DELL 00000001)
[    0.014609] ACPI: FACS 0x000000006F2F2000 000040
[    0.014612] ACPI: SSDT 0x000000006F7FB000 00159A (v02 INTEL  RAS_ACPI 00000001 INTL 20210331)
[    0.014615] ACPI: SSDT 0x000000006F7FA000 000745 (v02 INTEL  ADDRXLAT 00000001 INTL 20210331)
[    0.014617] ACPI: MCEJ 0x000000006F7F9000 000130 (v01 INTEL           00000001 INTL 0100000D)
[    0.014620] ACPI: BERT 0x000000006F7F8000 000030 (v01 DELL   PE_SC3   00000001 INTL 00000001)
[    0.014623] ACPI: ERST 0x000000006F7F7000 000230 (v01 DELL   PE_SC3   00000001 INTL 00000001)
[    0.014625] ACPI: SSDT 0x000000006F431000 3C524E (v02 INTEL  SSDTNVDR 00001000 INTL 20210331)
[    0.014628] ACPI: HMAT 0x000000006F42F000 000210 (v01 DELL   PE_SC3   00000001 DELL 00000001)
[    0.014630] ACPI: HPET 0x000000006F42E000 000038 (v01 DELL   PE_SC3   00000001 DELL 00000001)
[    0.014633] ACPI: MCFG 0x000000006F42D000 00003C (v01 DELL   PE_SC3   00000001 DELL 00000001)
[    0.014636] ACPI: MIGT 0x000000006F42C000 000040 (v01 DELL   PE_SC3   00000000 DELL 00000001)
[    0.014638] ACPI: MSCT 0x000000006F42B000 000090 (v01 DELL   PE_SC3   00000001 DELL 00000001)
[    0.014641] ACPI: PMTT 0x000000006F429000 0011E8 (v02 DELL   PE_SC3   00000001 DELL 00000001)
[    0.014643] ACPI: WSMT 0x000000006F428000 000028 (v01 DELL   PE_SC3   00000000 DELL 00000001)
[    0.014646] ACPI: APIC 0x000000006F427000 00075E (v04 DELL   PE_SC3   00000000 DELL 00000001)
[    0.014648] ACPI: SLIT 0x000000006F426000 00003C (v01 DELL   PE_SC3   00000001 DELL 01000013)
[    0.014651] ACPI: SRAT 0x000000006F41F000 006430 (v03 DELL   PE_SC3   00000002 DELL 01000013)
[    0.014653] ACPI: OEM4 0x000000004B346000 187A61 (v02 INTEL  CPU  CST 00003000 INTL 20210331)
[    0.014656] ACPI: SSDT 0x000000004B2CF000 0764A5 (v02 INTEL  SSDT  PM 00004000 INTL 20210331)
[    0.014658] ACPI: SSDT 0x000000006F41E000 000A1F (v02 DELL   PE_SC3   00000000 DELL 00000001)
[    0.014661] ACPI: HEST 0x000000006F41D000 00017C (v01 DELL   PE_SC3   00000001 INTL 00000001)
[    0.014663] ACPI: PCAT 0x000000006F41B000 00010C (v19 DELL   PE_SC3   00000002 DELL 00000001)
[    0.014666] ACPI: SSDT 0x000000006F413000 007299 (v02 INTEL  SpsNm    00000002 INTL 20210331)
[    0.014669] ACPI: SSDT 0x000000006F412000 000426 (v02 DELL   PE_SC3   00000002 DELL 00000001)
[    0.014671] ACPI: NFIT 0x000000006F7FD000 000488 (v01 DELL   PE_SC3   00000002 DELL 00000001)
[    0.014673] ACPI: DMAR 0x000000006F411000 000158 (v01 DELL   PE_SC3   00000001 DELL 00000001)
[    0.014681] ACPI: Local APIC address 0xfee00000
[    0.014682] Setting APIC routing to cluster x2apic.
[    0.014728] SRAT: PXM 0 -> APIC 0x0000 -> Node 0
[    0.014729] SRAT: PXM 0 -> APIC 0x0001 -> Node 0
[    0.014729] SRAT: PXM 0 -> APIC 0x0002 -> Node 0
[    0.014730] SRAT: PXM 0 -> APIC 0x0003 -> Node 0
[    0.014730] SRAT: PXM 0 -> APIC 0x0004 -> Node 0
[    0.014730] SRAT: PXM 0 -> APIC 0x0005 -> Node 0
[    0.014731] SRAT: PXM 0 -> APIC 0x0006 -> Node 0
[    0.014731] SRAT: PXM 0 -> APIC 0x0007 -> Node 0
[    0.014732] SRAT: PXM 0 -> APIC 0x0008 -> Node 0
[    0.014732] SRAT: PXM 0 -> APIC 0x0009 -> Node 0
[    0.014733] SRAT: PXM 0 -> APIC 0x000a -> Node 0
[    0.014733] SRAT: PXM 0 -> APIC 0x000b -> Node 0
[    0.014733] SRAT: PXM 0 -> APIC 0x000c -> Node 0
[    0.014734] SRAT: PXM 0 -> APIC 0x000d -> Node 0
[    0.014734] SRAT: PXM 0 -> APIC 0x000e -> Node 0
[    0.014735] SRAT: PXM 0 -> APIC 0x000f -> Node 0
[    0.014735] SRAT: PXM 0 -> APIC 0x0010 -> Node 0
[    0.014736] SRAT: PXM 0 -> APIC 0x0011 -> Node 0
[    0.014736] SRAT: PXM 0 -> APIC 0x0012 -> Node 0
[    0.014736] SRAT: PXM 0 -> APIC 0x0013 -> Node 0
[    0.014737] SRAT: PXM 0 -> APIC 0x0014 -> Node 0
[    0.014737] SRAT: PXM 0 -> APIC 0x0015 -> Node 0
[    0.014738] SRAT: PXM 0 -> APIC 0x0016 -> Node 0
[    0.014738] SRAT: PXM 0 -> APIC 0x0017 -> Node 0
[    0.014738] SRAT: PXM 0 -> APIC 0x0018 -> Node 0
[    0.014739] SRAT: PXM 0 -> APIC 0x0019 -> Node 0
[    0.014739] SRAT: PXM 0 -> APIC 0x001a -> Node 0
[    0.014740] SRAT: PXM 0 -> APIC 0x001b -> Node 0
[    0.014740] SRAT: PXM 0 -> APIC 0x001c -> Node 0
[    0.014741] SRAT: PXM 0 -> APIC 0x001d -> Node 0
[    0.014741] SRAT: PXM 0 -> APIC 0x001e -> Node 0
[    0.014741] SRAT: PXM 0 -> APIC 0x001f -> Node 0
[    0.014742] SRAT: PXM 0 -> APIC 0x0020 -> Node 0
[    0.014742] SRAT: PXM 0 -> APIC 0x0021 -> Node 0
[    0.014743] SRAT: PXM 0 -> APIC 0x0022 -> Node 0
[    0.014743] SRAT: PXM 0 -> APIC 0x0023 -> Node 0
[    0.014743] SRAT: PXM 0 -> APIC 0x0024 -> Node 0
[    0.014744] SRAT: PXM 0 -> APIC 0x0025 -> Node 0
[    0.014744] SRAT: PXM 0 -> APIC 0x0026 -> Node 0
[    0.014745] SRAT: PXM 0 -> APIC 0x0027 -> Node 0
[    0.014745] SRAT: PXM 0 -> APIC 0x0028 -> Node 0
[    0.014745] SRAT: PXM 0 -> APIC 0x0029 -> Node 0
[    0.014746] SRAT: PXM 0 -> APIC 0x002a -> Node 0
[    0.014746] SRAT: PXM 0 -> APIC 0x002b -> Node 0
[    0.014747] SRAT: PXM 0 -> APIC 0x002c -> Node 0
[    0.014747] SRAT: PXM 0 -> APIC 0x002d -> Node 0
[    0.014747] SRAT: PXM 0 -> APIC 0x002e -> Node 0
[    0.014748] SRAT: PXM 0 -> APIC 0x002f -> Node 0
[    0.014748] SRAT: PXM 0 -> APIC 0x0030 -> Node 0
[    0.014749] SRAT: PXM 0 -> APIC 0x0031 -> Node 0
[    0.014749] SRAT: PXM 0 -> APIC 0x0032 -> Node 0
[    0.014750] SRAT: PXM 0 -> APIC 0x0033 -> Node 0
[    0.014750] SRAT: PXM 0 -> APIC 0x0034 -> Node 0
[    0.014750] SRAT: PXM 0 -> APIC 0x0035 -> Node 0
[    0.014751] SRAT: PXM 0 -> APIC 0x0036 -> Node 0
[    0.014751] SRAT: PXM 0 -> APIC 0x0037 -> Node 0
[    0.014752] SRAT: PXM 1 -> APIC 0x0080 -> Node 1
[    0.014752] SRAT: PXM 1 -> APIC 0x0081 -> Node 1
[    0.014752] SRAT: PXM 1 -> APIC 0x0082 -> Node 1
[    0.014753] SRAT: PXM 1 -> APIC 0x0083 -> Node 1
[    0.014753] SRAT: PXM 1 -> APIC 0x0084 -> Node 1
[    0.014754] SRAT: PXM 1 -> APIC 0x0085 -> Node 1
[    0.014754] SRAT: PXM 1 -> APIC 0x0086 -> Node 1
[    0.014755] SRAT: PXM 1 -> APIC 0x0087 -> Node 1
[    0.014755] SRAT: PXM 1 -> APIC 0x0088 -> Node 1
[    0.014755] SRAT: PXM 1 -> APIC 0x0089 -> Node 1
[    0.014756] SRAT: PXM 1 -> APIC 0x008a -> Node 1
[    0.014756] SRAT: PXM 1 -> APIC 0x008b -> Node 1
[    0.014757] SRAT: PXM 1 -> APIC 0x008c -> Node 1
[    0.014757] SRAT: PXM 1 -> APIC 0x008d -> Node 1
[    0.014757] SRAT: PXM 1 -> APIC 0x008e -> Node 1
[    0.014758] SRAT: PXM 1 -> APIC 0x008f -> Node 1
[    0.014758] SRAT: PXM 1 -> APIC 0x0090 -> Node 1
[    0.014759] SRAT: PXM 1 -> APIC 0x0091 -> Node 1
[    0.014759] SRAT: PXM 1 -> APIC 0x0092 -> Node 1
[    0.014760] SRAT: PXM 1 -> APIC 0x0093 -> Node 1
[    0.014760] SRAT: PXM 1 -> APIC 0x0094 -> Node 1
[    0.014760] SRAT: PXM 1 -> APIC 0x0095 -> Node 1
[    0.014761] SRAT: PXM 1 -> APIC 0x0096 -> Node 1
[    0.014761] SRAT: PXM 1 -> APIC 0x0097 -> Node 1
[    0.014762] SRAT: PXM 1 -> APIC 0x0098 -> Node 1
[    0.014762] SRAT: PXM 1 -> APIC 0x0099 -> Node 1
[    0.014762] SRAT: PXM 1 -> APIC 0x009a -> Node 1
[    0.014763] SRAT: PXM 1 -> APIC 0x009b -> Node 1
[    0.014763] SRAT: PXM 1 -> APIC 0x009c -> Node 1
[    0.014764] SRAT: PXM 1 -> APIC 0x009d -> Node 1
[    0.014764] SRAT: PXM 1 -> APIC 0x009e -> Node 1
[    0.014764] SRAT: PXM 1 -> APIC 0x009f -> Node 1
[    0.014765] SRAT: PXM 1 -> APIC 0x00a0 -> Node 1
[    0.014765] SRAT: PXM 1 -> APIC 0x00a1 -> Node 1
[    0.014766] SRAT: PXM 1 -> APIC 0x00a2 -> Node 1
[    0.014766] SRAT: PXM 1 -> APIC 0x00a3 -> Node 1
[    0.014766] SRAT: PXM 1 -> APIC 0x00a4 -> Node 1
[    0.014767] SRAT: PXM 1 -> APIC 0x00a5 -> Node 1
[    0.014767] SRAT: PXM 1 -> APIC 0x00a6 -> Node 1
[    0.014768] SRAT: PXM 1 -> APIC 0x00a7 -> Node 1
[    0.014768] SRAT: PXM 1 -> APIC 0x00a8 -> Node 1
[    0.014769] SRAT: PXM 1 -> APIC 0x00a9 -> Node 1
[    0.014769] SRAT: PXM 1 -> APIC 0x00aa -> Node 1
[    0.014769] SRAT: PXM 1 -> APIC 0x00ab -> Node 1
[    0.014770] SRAT: PXM 1 -> APIC 0x00ac -> Node 1
[    0.014770] SRAT: PXM 1 -> APIC 0x00ad -> Node 1
[    0.014771] SRAT: PXM 1 -> APIC 0x00ae -> Node 1
[    0.014771] SRAT: PXM 1 -> APIC 0x00af -> Node 1
[    0.014771] SRAT: PXM 1 -> APIC 0x00b0 -> Node 1
[    0.014772] SRAT: PXM 1 -> APIC 0x00b1 -> Node 1
[    0.014772] SRAT: PXM 1 -> APIC 0x00b2 -> Node 1
[    0.014773] SRAT: PXM 1 -> APIC 0x00b3 -> Node 1
[    0.014773] SRAT: PXM 1 -> APIC 0x00b4 -> Node 1
[    0.014773] SRAT: PXM 1 -> APIC 0x00b5 -> Node 1
[    0.014774] SRAT: PXM 1 -> APIC 0x00b6 -> Node 1
[    0.014774] SRAT: PXM 1 -> APIC 0x00b7 -> Node 1
[    0.014787] ACPI: SRAT: Node 0 PXM 0 [mem 0x00000000-0x7fffffff]
[    0.014788] ACPI: SRAT: Node 0 PXM 0 [mem 0x100000000-0x107fffffff]
[    0.014789] ACPI: SRAT: Node 2 PXM 2 [mem 0x2080000000-0x9e7fffffff] non-volatile
[    0.014790] ACPI: SRAT: Node 1 PXM 1 [mem 0x1080000000-0x207fffffff]
[    0.014790] ACPI: SRAT: Node 3 PXM 3 [mem 0x9e80000000-0x11c7fffffff] non-volatile
[    0.014799] NUMA: Initialized distance table, cnt=4
[    0.014802] NUMA: Node 0 [mem 0x00000000-0x7fffffff] + [mem 0x100000000-0x107fffffff] -> [mem 0x00000000-0x107fffffff]
[    0.014810] NODE_DATA(0) allocated [mem 0xffffd5000-0xfffffffff]
[    0.014827] NODE_DATA(1) allocated [mem 0x20658f2000-0x206591cfff]
[    0.014985] Zone ranges:
[    0.014985]   DMA      [mem 0x0000000000001000-0x0000000000ffffff]
[    0.014986]   DMA32    [mem 0x0000000001000000-0x00000000ffffffff]
[    0.014987]   Normal   [mem 0x0000000100000000-0x000000207fffffff]
[    0.014988]   Device   empty
[    0.014988] Movable zone start for each node
[    0.014991] Early memory node ranges
[    0.014992]   node   0: [mem 0x0000000000001000-0x000000000008efff]
[    0.014993]   node   0: [mem 0x0000000000090000-0x000000000009ffff]
[    0.014993]   node   0: [mem 0x0000000000100000-0x0000000049e76fff]
[    0.014994]   node   0: [mem 0x000000004ae77000-0x000000004b2cefff]
[    0.014995]   node   0: [mem 0x000000004b54e000-0x000000004bd93fff]
[    0.014995]   node   0: [mem 0x000000004be9a000-0x000000004cdfffff]
[    0.014995]   node   0: [mem 0x000000004d000000-0x000000005eefdfff]
[    0.014996]   node   0: [mem 0x000000006f7ff000-0x000000006f7fffff]
[    0.014996]   node   0: [mem 0x0000000995000000-0x0000000fffffffff]
[    0.014998]   node   1: [mem 0x0000001ec0000000-0x000000207fffffff]
[    0.015600] Zeroed struct page in unavailable ranges: 63208 pages
[    0.015601] Initmem setup node 0 [mem 0x0000000000001000-0x0000000fffffffff]
[    0.015603] On node 0 totalpages: 7112984
[    0.015604]   DMA zone: 64 pages used for memmap
[    0.015604]   DMA zone: 1102 pages reserved
[    0.015605]   DMA zone: 3998 pages, LIFO batch:0
[    0.015648]   DMA32 zone: 5926 pages used for memmap
[    0.015649]   DMA32 zone: 379258 pages, LIFO batch:63
[    0.021451]   Normal zone: 105152 pages used for memmap
[    0.021452]   Normal zone: 6729728 pages, LIFO batch:63
[    0.107832] Initmem setup node 1 [mem 0x0000001ec0000000-0x000000207fffffff]
[    0.107834] On node 1 totalpages: 1835008
[    0.107835]   Normal zone: 28672 pages used for memmap
[    0.107836]   Normal zone: 1835008 pages, LIFO batch:63
[    0.128004] ACPI: PM-Timer IO Port: 0x508
[    0.128006] ACPI: Local APIC address 0xfee00000
[    0.128023] ACPI: X2APIC_NMI (uid[0xffffffff] high edge lint[0x1])
[    0.128025] ACPI: LAPIC_NMI (acpi_id[0xff] high edge lint[0x1])
[    0.128043] IOAPIC[0]: apic_id 8, version 32, address 0xfec00000, GSI 0-119
[    0.128046] ACPI: INT_SRC_OVR (bus 0 bus_irq 0 global_irq 2 dfl dfl)
[    0.128047] ACPI: INT_SRC_OVR (bus 0 bus_irq 9 global_irq 9 high level)
[    0.128048] ACPI: IRQ0 used by override.
[    0.128049] ACPI: IRQ9 used by override.
[    0.128051] Using ACPI (MADT) for SMP configuration information
[    0.128052] ACPI: HPET id: 0x8086a701 base: 0xfed00000
[    0.128057] smpboot: Allowing 112 CPUs, 0 hotplug CPUs
[    0.128081] PM: Registered nosave memory: [mem 0x00000000-0x00000fff]
[    0.128083] PM: Registered nosave memory: [mem 0x0008f000-0x0008ffff]
[    0.128084] PM: Registered nosave memory: [mem 0x000a0000-0x000fffff]
[    0.128085] PM: Registered nosave memory: [mem 0x47bdd000-0x47bddfff]
[    0.128087] PM: Registered nosave memory: [mem 0x47c0e000-0x47c0efff]
[    0.128087] PM: Registered nosave memory: [mem 0x47c0f000-0x47c0ffff]
[    0.128089] PM: Registered nosave memory: [mem 0x47c41000-0x47c41fff]
[    0.128089] PM: Registered nosave memory: [mem 0x47c42000-0x47c42fff]
[    0.128091] PM: Registered nosave memory: [mem 0x47c74000-0x47c74fff]
[    0.128091] PM: Registered nosave memory: [mem 0x47c75000-0x47c75fff]
[    0.128092] PM: Registered nosave memory: [mem 0x47c7d000-0x47c7dfff]
[    0.128094] PM: Registered nosave memory: [mem 0x49e77000-0x4ae76fff]
[    0.128095] PM: Registered nosave memory: [mem 0x4b2cf000-0x4b54dfff]
[    0.128097] PM: Registered nosave memory: [mem 0x4bd94000-0x4be99fff]
[    0.128098] PM: Registered nosave memory: [mem 0x4ce00000-0x4cffffff]
[    0.128100] PM: Registered nosave memory: [mem 0x5eefe000-0x6e3fefff]
[    0.128100] PM: Registered nosave memory: [mem 0x6e3ff000-0x6f3fefff]
[    0.128101] PM: Registered nosave memory: [mem 0x6f3ff000-0x6f7fefff]
[    0.128102] PM: Registered nosave memory: [mem 0x6f800000-0x8fffffff]
[    0.128103] PM: Registered nosave memory: [mem 0x90000000-0xfdffffff]
[    0.128103] PM: Registered nosave memory: [mem 0xfe000000-0xfe010fff]
[    0.128104] PM: Registered nosave memory: [mem 0xfe011000-0xffffffff]
[    0.128104] PM: Registered nosave memory: [mem 0x100000000-0x994ffffff]
[    0.128106] PM: Registered nosave memory: [mem 0x1000000000-0x1ebfffffff]
[    0.128107] [mem 0x90000000-0xfdffffff] available for PCI devices
[    0.128109] Booting paravirtualized kernel on bare hardware
[    0.128111] clocksource: refined-jiffies: mask: 0xffffffff max_cycles: 0xffffffff, max_idle_ns: 7645519600211568 ns
[    0.128118] setup_percpu: NR_CPUS:8192 nr_cpumask_bits:112 nr_cpu_ids:112 nr_node_ids:4
[    0.132787] percpu: Embedded 55 pages/cpu s188416 r8192 d28672 u262144
[    0.132797] pcpu-alloc: s188416 r8192 d28672 u262144 alloc=1*2097152
[    0.132798] pcpu-alloc: [0] 000 002 004 006 008 010 012 014 
[    0.132800] pcpu-alloc: [0] 016 018 020 022 024 026 028 030 
[    0.132802] pcpu-alloc: [0] 032 034 036 038 040 042 044 046 
[    0.132803] pcpu-alloc: [0] 048 050 052 054 056 058 060 062 
[    0.132805] pcpu-alloc: [0] 064 066 068 070 072 074 076 078 
[    0.132806] pcpu-alloc: [0] 080 082 084 086 088 090 092 094 
[    0.132807] pcpu-alloc: [0] 096 098 100 102 104 106 108 110 
[    0.132809] pcpu-alloc: [1] 001 003 005 007 009 011 013 015 
[    0.132810] pcpu-alloc: [1] 017 019 021 023 025 027 029 031 
[    0.132812] pcpu-alloc: [1] 033 035 037 039 041 043 045 047 
[    0.132813] pcpu-alloc: [1] 049 051 053 055 057 059 061 063 
[    0.132814] pcpu-alloc: [1] 065 067 069 071 073 075 077 079 
[    0.132816] pcpu-alloc: [1] 081 083 085 087 089 091 093 095 
[    0.132817] pcpu-alloc: [1] 097 099 101 103 105 107 109 111 
[    0.132859] Built 2 zonelists, mobility grouping on.  Total pages: 8807076
[    0.132860] Policy zone: Normal
[    0.132861] Kernel command line: BOOT_IMAGE=/boot/vmlinuz-5.3.1-multiclock root=UUID=ce0c24b8-724b-4f33-9b2c-618433560aef ro memmap=35152M!4096M memmap=59G!64G quiet splash nomodeset vt.handoff=1
[    0.132966] You have booted with nomodeset. This means your GPU drivers are DISABLED
[    0.132967] Any video related functionality will be severely degraded, and you may not even be able to suspend the system properly
[    0.132967] Unless you actually understand what nomodeset does, you should reboot without enabling it
[    0.132984] printk: log_buf_len individual max cpu contribution: 4096 bytes
[    0.132984] printk: log_buf_len total cpu_extra contributions: 454656 bytes
[    0.132985] printk: log_buf_len min size: 262144 bytes
[    0.133142] printk: log_buf_len: 1048576 bytes
[    0.133143] printk: early log buf free: 221788(84%)
[    0.134646] mem auto-init: stack:off, heap alloc:on, heap free:off
[    0.140697] Calgary: detecting Calgary via BIOS EBDA area
[    0.140698] Calgary: Unable to locate Rio Grande table in EBDA - bailing!
[    0.215299] Memory: 34542384K/35791968K available (14339K kernel code, 2373K rwdata, 4660K rodata, 2680K init, 5056K bss, 1249584K reserved, 0K cma-reserved)
[    0.215888] SLUB: HWalign=64, Order=0-3, MinObjects=0, CPUs=112, Nodes=4
[    0.215920] ftrace: allocating 43047 entries in 169 pages
[    0.232235] rcu: Hierarchical RCU implementation.
[    0.232236] rcu: 	RCU restricting CPUs from NR_CPUS=8192 to nr_cpu_ids=112.
[    0.232237] 	Tasks RCU enabled.
[    0.232238] rcu: RCU calculated value of scheduler-enlistment delay is 25 jiffies.
[    0.232239] rcu: Adjusting geometry for rcu_fanout_leaf=16, nr_cpu_ids=112
[    0.234781] NR_IRQS: 524544, nr_irqs: 2952, preallocated irqs: 16
[    0.235227] random: crng done (trusting CPU's manufacturer)
[    0.235364] Console: colour dummy device 80x25
[    0.235380] printk: console [tty0] enabled
[    0.235447] mempolicy: Enabling automatic NUMA balancing. Configure with numa_balancing= or the kernel.numa_balancing sysctl
[    0.235450] ACPI: Core revision 20190703
[    0.238879] clocksource: hpet: mask: 0xffffffff max_cycles: 0xffffffff, max_idle_ns: 79635855245 ns
[    0.238920] APIC: Switch to symmetric I/O mode setup
[    0.238922] DMAR: Host address width 46
[    0.238923] DMAR: DRHD base: 0x000000d0ffc000 flags: 0x0
[    0.238928] DMAR: dmar0: reg_base_addr d0ffc000 ver 4:0 cap 8ed008c40780466 ecap 60000f050df
[    0.238929] DMAR: DRHD base: 0x000000dbbfc000 flags: 0x0
[    0.238932] DMAR: dmar1: reg_base_addr dbbfc000 ver 4:0 cap 8ed008c40780466 ecap 60000f050df
[    0.238933] DMAR: DRHD base: 0x000000e67fc000 flags: 0x0
[    0.238936] DMAR: dmar2: reg_base_addr e67fc000 ver 4:0 cap 8ed008c40780466 ecap 60000f050df
[    0.238937] DMAR: DRHD base: 0x000000f13fc000 flags: 0x0
[    0.238940] DMAR: dmar3: reg_base_addr f13fc000 ver 4:0 cap 8ed008c40780466 ecap 60000f050df
[    0.238940] DMAR: DRHD base: 0x000000fb7fc000 flags: 0x0
[    0.238944] DMAR: dmar4: reg_base_addr fb7fc000 ver 4:0 cap 8ed008c40780466 ecap 60000f050df
[    0.238944] DMAR: DRHD base: 0x000000a63fc000 flags: 0x0
[    0.238947] DMAR: dmar5: reg_base_addr a63fc000 ver 4:0 cap 8ed008c40780466 ecap 60000f050df
[    0.238948] DMAR: DRHD base: 0x000000b0ffc000 flags: 0x0
[    0.238950] DMAR: dmar6: reg_base_addr b0ffc000 ver 4:0 cap 8ed008c40780466 ecap 60000f050df
[    0.238951] DMAR: DRHD base: 0x000000bbbfc000 flags: 0x0
[    0.238956] DMAR: dmar7: reg_base_addr bbbfc000 ver 4:0 cap 8ed008c40780466 ecap 60000f050df
[    0.238956] DMAR: DRHD base: 0x000000c5ffc000 flags: 0x0
[    0.238959] DMAR: dmar8: reg_base_addr c5ffc000 ver 4:0 cap 8ed008c40780466 ecap 60000f050df
[    0.238959] DMAR: DRHD base: 0x0000009b7fc000 flags: 0x1
[    0.238962] DMAR: dmar9: reg_base_addr 9b7fc000 ver 4:0 cap 8ed008c40780466 ecap 60000f050df
[    0.238963] DMAR: RMRR base: 0x00000069427000 end: 0x00000069429fff
[    0.238964] DMAR: ATSR flags: 0x0
[    0.238965] DMAR-IR: IOAPIC id 8 under DRHD base  0x9b7fc000 IOMMU 9
[    0.238966] DMAR-IR: HPET id 0 under DRHD base 0x9b7fc000
[    0.238967] DMAR-IR: Queued invalidation will be enabled to support x2apic and Intr-remapping.
[    0.241355] DMAR-IR: Enabled IRQ remapping in x2apic mode
[    0.243967] ..TIMER: vector=0x30 apic1=0 pin1=2 apic2=-1 pin2=-1
[    0.262848] clocksource: tsc-early: mask: 0xffffffffffffffff max_cycles: 0x39a85c9bff6, max_idle_ns: 881590591483 ns
[    0.262853] Calibrating delay loop (skipped), value calculated using timer frequency.. 4000.00 BogoMIPS (lpj=8000000)
[    0.262854] pid_max: default: 114688 minimum: 896
[    0.266854] LSM: Security Framework initializing
[    0.266869] Yama: becoming mindful.
[    0.267231] AppArmor: AppArmor initialized
[    0.276207] Dentry cache hash table entries: 8388608 (order: 14, 67108864 bytes, vmalloc)
[    0.280702] Inode-cache hash table entries: 4194304 (order: 13, 33554432 bytes, vmalloc)
[    0.280902] Mount-cache hash table entries: 131072 (order: 8, 1048576 bytes, vmalloc)
[    0.281042] Mountpoint-cache hash table entries: 131072 (order: 8, 1048576 bytes, vmalloc)
[    0.281330] *** VALIDATE proc ***
[    0.281567] *** VALIDATE cgroup1 ***
[    0.281568] *** VALIDATE cgroup2 ***
[    0.281695] x86/tme: not enabled by BIOS
[    0.281698] x86/cpu: User Mode Instruction Prevention (UMIP) activated
[    0.281772] mce: CPU0: Thermal monitoring enabled (TM1)
[    0.281982] process: using mwait in idle threads
[    0.281984] Last level iTLB entries: 4KB 0, 2MB 0, 4MB 0
[    0.281985] Last level dTLB entries: 4KB 0, 2MB 0, 4MB 0, 1GB 0
[    0.281987] Spectre V1 : Mitigation: usercopy/swapgs barriers and __user pointer sanitization
[    0.281989] Spectre V2 : Mitigation: Enhanced IBRS
[    0.281990] Spectre V2 : Spectre v2 / SpectreRSB mitigation: Filling RSB on context switch
[    0.281992] Spectre V2 : mitigation: Enabling conditional Indirect Branch Prediction Barrier
[    0.281993] Speculative Store Bypass: Mitigation: Speculative Store Bypass disabled via prctl and seccomp
[    0.282257] Freeing SMP alternatives memory: 40K
[    0.287003] TSC deadline timer enabled
[    0.287012] smpboot: CPU0: Intel(R) Xeon(R) Gold 6330 CPU @ 2.00GHz (family: 0x6, model: 0x6a, stepping: 0x6)
[    0.287200] Performance Events: PEBS fmt4+-baseline, Icelake events, 32-deep LBR, full-width counters, Intel PMU driver.
[    0.287205] ... version:                5
[    0.287206] ... bit width:              48
[    0.287206] ... generic registers:      8
[    0.287206] ... value mask:             0000ffffffffffff
[    0.287207] ... max period:             00007fffffffffff
[    0.287207] ... fixed-purpose events:   4
[    0.287208] ... event mask:             0000000f000000ff
[    0.287326] rcu: Hierarchical SRCU implementation.
[    0.294540] NMI watchdog: Enabled. Permanently consumes one hw-PMU counter.
[    0.295816] smp: Bringing up secondary CPUs ...
[    0.295933] x86: Booting SMP configuration:
[    0.295934] .... node  #1, CPUs:          #1
[    0.003684] smpboot: CPU 1 Converting physical 0 to logical die 1
[    0.382957] .... node  #0, CPUs:     #2
[    0.388297] .... node  #1, CPUs:     #3
[    0.393689] .... node  #0, CPUs:     #4
[    0.399038] .... node  #1, CPUs:     #5
[    0.404377] .... node  #0, CPUs:     #6
[    0.409917] .... node  #1, CPUs:     #7
[    0.415473] .... node  #0, CPUs:     #8
[    0.420722] .... node  #1, CPUs:     #9
[    0.426421] .... node  #0, CPUs:    #10
[    0.432111] .... node  #1, CPUs:    #11
[    0.437809] .... node  #0, CPUs:    #12
[    0.443291] .... node  #1, CPUs:    #13
[    0.448610] .... node  #0, CPUs:    #14
[    0.453819] .... node  #1, CPUs:    #15
[    0.459108] .... node  #0, CPUs:    #16
[    0.464339] .... node  #1, CPUs:    #17
[    0.469628] .... node  #0, CPUs:    #18
[    0.475013] .... node  #1, CPUs:    #19
[    0.480442] .... node  #0, CPUs:    #20
[    0.485640] .... node  #1, CPUs:    #21
[    0.491206] .... node  #0, CPUs:    #22
[    0.496611] .... node  #1, CPUs:    #23
[    0.501843] .... node  #0, CPUs:    #24
[    0.507450] .... node  #1, CPUs:    #25
[    0.512745] .... node  #0, CPUs:    #26
[    0.517923] .... node  #1, CPUs:    #27
[    0.523189] .... node  #0, CPUs:    #28
[    0.528657] .... node  #1, CPUs:    #29
[    0.533899] .... node  #0, CPUs:    #30
[    0.539074] .... node  #1, CPUs:    #31
[    0.544512] .... node  #0, CPUs:    #32
[    0.549769] .... node  #1, CPUs:    #33
[    0.555096] .... node  #0, CPUs:    #34
[    0.560500] .... node  #1, CPUs:    #35
[    0.565773] .... node  #0, CPUs:    #36
[    0.571003] .... node  #1, CPUs:    #37
[    0.576241] .... node  #0, CPUs:    #38
[    0.581763] .... node  #1, CPUs:    #39
[    0.587259] .... node  #0, CPUs:    #40
[    0.592830] .... node  #1, CPUs:    #41
[    0.598531] .... node  #0, CPUs:    #42
[    0.603804] .... node  #1, CPUs:    #43
[    0.609404] .... node  #0, CPUs:    #44
[    0.614973] .... node  #1, CPUs:    #45
[    0.620174] .... node  #0, CPUs:    #46
[    0.625680] .... node  #1, CPUs:    #47
[    0.631097] .... node  #0, CPUs:    #48
[    0.636395] .... node  #1, CPUs:    #49
[    0.641788] .... node  #0, CPUs:    #50
[    0.647231] .... node  #1, CPUs:    #51
[    0.652846] .... node  #0, CPUs:    #52
[    0.658285] .... node  #1, CPUs:    #53
[    0.663827] .... node  #0, CPUs:    #54
[    0.669499] .... node  #1, CPUs:    #55
[    0.675260] .... node  #0, CPUs:    #56
[    0.681096] .... node  #1, CPUs:    #57
[    0.686955] .... node  #0, CPUs:    #58
[    0.692317] .... node  #1, CPUs:    #59
[    0.697725] .... node  #0, CPUs:    #60
[    0.703062] .... node  #1, CPUs:    #61
[    0.708438] .... node  #0, CPUs:    #62
[    0.713998] .... node  #1, CPUs:    #63
[    0.719561] .... node  #0, CPUs:    #64
[    0.724839] .... node  #1, CPUs:    #65
[    0.730543] .... node  #0, CPUs:    #66
[    0.736251] .... node  #1, CPUs:    #67
[    0.741971] .... node  #0, CPUs:    #68
[    0.747460] .... node  #1, CPUs:    #69
[    0.752798] .... node  #0, CPUs:    #70
[    0.757996] .... node  #1, CPUs:    #71
[    0.763305] .... node  #0, CPUs:    #72
[    0.768549] .... node  #1, CPUs:    #73
[    0.773851] .... node  #0, CPUs:    #74
[    0.779089] .... node  #1, CPUs:    #75
[    0.784713] .... node  #0, CPUs:    #76
[    0.789938] .... node  #1, CPUs:    #77
[    0.795517] .... node  #0, CPUs:    #78
[    0.800938] .... node  #1, CPUs:    #79
[    0.806208] .... node  #0, CPUs:    #80
[    0.811820] .... node  #1, CPUs:    #81
[    0.817139] .... node  #0, CPUs:    #82
[    0.822331] .... node  #1, CPUs:    #83
[    0.827620] .... node  #0, CPUs:    #84
[    0.833110] .... node  #1, CPUs:    #85
[    0.838386] .... node  #0, CPUs:    #86
[    0.843590] .... node  #1, CPUs:    #87
[    0.849049] .... node  #0, CPUs:    #88
[    0.854317] .... node  #1, CPUs:    #89
[    0.859669] .... node  #0, CPUs:    #90
[    0.865087] .... node  #1, CPUs:    #91
[    0.870377] .... node  #0, CPUs:    #92
[    0.875574] .... node  #1, CPUs:    #93
[    0.880861] .... node  #0, CPUs:    #94
[    0.886403] .... node  #1, CPUs:    #95
[    0.891903] .... node  #0, CPUs:    #96
[    0.897495] .... node  #1, CPUs:    #97
[    0.903221] .... node  #0, CPUs:    #98
[    0.908516] .... node  #1, CPUs:    #99
[    0.914145] .... node  #0, CPUs:   #100
[    0.919476] .... node  #1, CPUs:   #101
[    0.924928] .... node  #0, CPUs:   #102
[    0.930450] .... node  #1, CPUs:   #103
[    0.935877] .... node  #0, CPUs:   #104
[    0.941204] .... node  #1, CPUs:   #105
[    0.946614] .... node  #0, CPUs:   #106
[    0.952081] .... node  #1, CPUs:   #107
[    0.957701] .... node  #0, CPUs:   #108
[    0.963144] .... node  #1, CPUs:   #109
[    0.968712] .... node  #0, CPUs:   #110
[    0.974381] .... node  #1, CPUs:   #111
[    0.980157] smp: Brought up 2 nodes, 112 CPUs
[    0.980157] smpboot: Max logical packages: 2
[    0.980157] smpboot: Total of 112 processors activated (448056.75 BogoMIPS)
[    0.989656] devtmpfs: initialized
[    0.989656] x86/mm: Memory block size: 2048MB
[    0.989656] PM: Registering ACPI NVS region [mem 0x49e77000-0x4ae76fff] (16777216 bytes)
[    0.989656] PM: Registering ACPI NVS region [mem 0x6e3ff000-0x6f3fefff] (16777216 bytes)
[    0.990879] clocksource: jiffies: mask: 0xffffffff max_cycles: 0xffffffff, max_idle_ns: 7645041785100000 ns
[    0.991161] futex hash table entries: 32768 (order: 9, 2097152 bytes, vmalloc)
[    0.991746] pinctrl core: initialized pinctrl subsystem
[    0.991868] PM: RTC time: 02:44:54, date: 2024-06-07
[    0.992130] NET: Registered protocol family 16
[    0.992237] audit: initializing netlink subsys (disabled)
[    0.992242] audit: type=2000 audit(1717728293.756:1): state=initialized audit_enabled=0 res=1
[    0.992242] EISA bus registered
[    0.992242] cpuidle: using governor ladder
[    0.992242] cpuidle: using governor menu
[    0.992242] ACPI FADT declares the system doesn't support PCIe ASPM, so disable it
[    0.992242] ACPI: bus type PCI registered
[    0.992242] acpiphp: ACPI Hot Plug PCI Controller Driver version: 0.5
[    0.992242] PCI: MMCONFIG for domain 0000 [bus 00-ff] at [mem 0x80000000-0x8fffffff] (base 0x80000000)
[    0.992242] PCI: MMCONFIG at [mem 0x80000000-0x8fffffff] reserved in E820
[    0.992242] pmd_set_huge: Cannot satisfy [mem 0x80000000-0x80200000] with a huge-page mapping due to MTRR override.
[    0.992242] PCI: Using configuration type 1 for base access
[    0.992242] PCI: Dell System detected, enabling pci=bfsort.
[    0.994856] ENERGY_PERF_BIAS: Set to 'normal', was 'performance'
[    0.999135] HugeTLB registered 1.00 GiB page size, pre-allocated 0 pages
[    0.999135] HugeTLB registered 2.00 MiB page size, pre-allocated 0 pages
[    1.003249] ACPI: Added _OSI(Module Device)
[    1.003250] ACPI: Added _OSI(Processor Device)
[    1.003251] ACPI: Added _OSI(3.0 _SCP Extensions)
[    1.003251] ACPI: Added _OSI(Processor Aggregator Device)
[    1.003252] ACPI: Added _OSI(Linux-Dell-Video)
[    1.003253] ACPI: Added _OSI(Linux-Lenovo-NV-HDMI-Audio)
[    1.003254] ACPI: Added _OSI(Linux-HPI-Hybrid-Graphics)
[    1.165151] ACPI: 8 ACPI AML tables successfully acquired and loaded
[    1.172254] ACPI: [Firmware Bug]: BIOS _OSI(Linux) query ignored
[    1.178857] ACPI: Dynamic OEM Table Load:
[    1.567006] ACPI: Interpreter enabled
[    1.567023] ACPI: (supports S0 S5)
[    1.567025] ACPI: Using IOAPIC for interrupt routing
[    1.567113] HEST: Table parsing has been initialized.
[    1.567115] PCI: Using host bridge windows from ACPI; if necessary, use "pci=nocrs" and report a bug
[    1.595768] ACPI: Enabled 4 GPEs in block 00 to 7F
[    1.719708] ACPI: PCI Root Bridge [PC00] (domain 0000 [bus 00-15])
[    1.719712] acpi PNP0A08:00: _OSC: OS supports [ExtendedConfig ASPM ClockPM Segments MSI HPX-Type3]
[    1.719791] acpi PNP0A08:00: PCIe AER handled by firmware
[    1.719902] acpi PNP0A08:00: _OSC: platform does not support [SHPCHotplug LTR]
[    1.720105] acpi PNP0A08:00: _OSC: OS now controls [PCIeHotplug PME PCIeCapability]
[    1.720106] acpi PNP0A08:00: FADT indicates ASPM is unsupported, using BIOS configuration
[    1.721854] PCI host bridge to bus 0000:00
[    1.721856] pci_bus 0000:00: root bus resource [io  0x0000-0x0cf7 window]
[    1.721857] pci_bus 0000:00: root bus resource [io  0x1000-0x4fff window]
[    1.721858] pci_bus 0000:00: root bus resource [mem 0x000a0000-0x000bffff window]
[    1.721859] pci_bus 0000:00: root bus resource [mem 0x000c8000-0x000cffff window]
[    1.721859] pci_bus 0000:00: root bus resource [mem 0xfe010000-0xfe010fff window]
[    1.721860] pci_bus 0000:00: root bus resource [mem 0x90000000-0x9b7fffff window]
[    1.721861] pci_bus 0000:00: root bus resource [mem 0x200000000000-0x20ffffffffff window]
[    1.721862] pci_bus 0000:00: root bus resource [bus 00-15]
[    1.721872] pci 0000:00:00.0: [8086:09a2] type 00 class 0x088000
[    1.722577] pci 0000:00:00.1: [8086:09a4] type 00 class 0x088000
[    1.723274] pci 0000:00:00.2: [8086:09a3] type 00 class 0x088000
[    1.723970] pci 0000:00:00.4: [8086:0998] type 00 class 0x060000
[    1.724666] pci 0000:00:02.0: [8086:09a6] type 00 class 0x088000
[    1.724675] pci 0000:00:02.0: reg 0x10: [mem 0x92dfc000-0x92dfdfff]
[    1.725363] pci 0000:00:02.1: [8086:09a7] type 00 class 0x088000
[    1.725372] pci 0000:00:02.1: reg 0x10: [mem 0x92d00000-0x92d7ffff]
[    1.725377] pci 0000:00:02.1: reg 0x14: [mem 0x92c80000-0x92cfffff]
[    1.726063] pci 0000:00:02.4: [8086:3456] type 00 class 0x130000
[    1.726074] pci 0000:00:02.4: reg 0x10: [mem 0x92a00000-0x92afffff 64bit]
[    1.726081] pci 0000:00:02.4: reg 0x18: [mem 0x92df0000-0x92df3fff 64bit]
[    1.726087] pci 0000:00:02.4: reg 0x20: [mem 0x92dc0000-0x92ddffff 64bit]
[    1.726787] pci 0000:00:11.0: [8086:a1ec] type 00 class 0xff0000
[    1.727542] pci 0000:00:11.5: [8086:a1d2] type 00 class 0x010601
[    1.727559] pci 0000:00:11.5: reg 0x10: [mem 0x92dfa000-0x92dfbfff]
[    1.727566] pci 0000:00:11.5: reg 0x14: [mem 0x92e05000-0x92e050ff]
[    1.727573] pci 0000:00:11.5: reg 0x18: [io  0x2068-0x206f]
[    1.727581] pci 0000:00:11.5: reg 0x1c: [io  0x2074-0x2077]
[    1.727588] pci 0000:00:11.5: reg 0x20: [io  0x2040-0x205f]
[    1.727595] pci 0000:00:11.5: reg 0x24: [mem 0x92b80000-0x92bfffff]
[    1.727633] pci 0000:00:11.5: PME# supported from D3hot
[    1.728335] pci 0000:00:14.0: [8086:a1af] type 00 class 0x0c0330
[    1.728356] pci 0000:00:14.0: reg 0x10: [mem 0x92de0000-0x92deffff 64bit]
[    1.728420] pci 0000:00:14.0: PME# supported from D3hot D3cold
[    1.729122] pci 0000:00:14.2: [8086:a1b1] type 00 class 0x118000
[    1.729143] pci 0000:00:14.2: reg 0x10: [mem 0x92e02000-0x92e02fff 64bit]
[    1.729872] pci 0000:00:16.0: [8086:a1ba] type 00 class 0x078000
[    1.729900] pci 0000:00:16.0: reg 0x10: [mem 0x92e01000-0x92e01fff 64bit]
[    1.729984] pci 0000:00:16.0: PME# supported from D3hot
[    1.730653] pci 0000:00:16.1: [8086:a1bb] type 00 class 0x078000
[    1.730681] pci 0000:00:16.1: reg 0x10: [mem 0x92e00000-0x92e00fff 64bit]
[    1.730765] pci 0000:00:16.1: PME# supported from D3hot
[    1.731442] pci 0000:00:16.4: [8086:a1be] type 00 class 0x078000
[    1.731470] pci 0000:00:16.4: reg 0x10: [mem 0x92dff000-0x92dfffff 64bit]
[    1.731553] pci 0000:00:16.4: PME# supported from D3hot
[    1.732226] pci 0000:00:17.0: [8086:a182] type 00 class 0x010601
[    1.732243] pci 0000:00:17.0: reg 0x10: [mem 0x92df8000-0x92df9fff]
[    1.732250] pci 0000:00:17.0: reg 0x14: [mem 0x92e04000-0x92e040ff]
[    1.732257] pci 0000:00:17.0: reg 0x18: [io  0x2060-0x2067]
[    1.732264] pci 0000:00:17.0: reg 0x1c: [io  0x2070-0x2073]
[    1.732271] pci 0000:00:17.0: reg 0x20: [io  0x2020-0x203f]
[    1.732277] pci 0000:00:17.0: reg 0x24: [mem 0x92b00000-0x92b7ffff]
[    1.732315] pci 0000:00:17.0: PME# supported from D3hot
[    1.733022] pci 0000:00:1c.0: [8086:a190] type 01 class 0x060400
[    1.733100] pci 0000:00:1c.0: PME# supported from D0 D3hot D3cold
[    1.733852] pci 0000:00:1c.4: [8086:a194] type 01 class 0x060400
[    1.733925] pci 0000:00:1c.4: PME# supported from D0 D3hot D3cold
[    1.734671] pci 0000:00:1c.5: [8086:a195] type 01 class 0x060400
[    1.734744] pci 0000:00:1c.5: PME# supported from D0 D3hot D3cold
[    1.735500] pci 0000:00:1f.0: [8086:a1cb] type 00 class 0x060100
[    1.736295] pci 0000:00:1f.2: [8086:a1a1] type 00 class 0x058000
[    1.736311] pci 0000:00:1f.2: reg 0x10: [mem 0x92df4000-0x92df7fff]
[    1.737051] pci 0000:00:1f.4: [8086:a1a3] type 00 class 0x0c0500
[    1.737070] pci 0000:00:1f.4: reg 0x10: [mem 0x92dfe000-0x92dfe0ff 64bit]
[    1.737093] pci 0000:00:1f.4: reg 0x20: [io  0x2000-0x201f]
[    1.737771] pci 0000:00:1f.5: [8086:a1a4] type 00 class 0x0c8000
[    1.737787] pci 0000:00:1f.5: reg 0x10: [mem 0xfe010000-0xfe010fff]
[    1.738528] pci 0000:00:1c.0: PCI bridge to [bus 01]
[    1.738577] pci 0000:02:00.0: [1556:be00] type 01 class 0x060400
[    1.738746] pci 0000:00:1c.4: PCI bridge to [bus 02-03]
[    1.738750] pci 0000:00:1c.4:   bridge window [mem 0x92000000-0x928fffff]
[    1.738754] pci 0000:00:1c.4:   bridge window [mem 0x91000000-0x91ffffff 64bit pref]
[    1.738786] pci_bus 0000:03: extended config space not accessible
[    1.738803] pci 0000:03:00.0: [102b:0536] type 00 class 0x030000
[    1.738822] pci 0000:03:00.0: reg 0x10: [mem 0x91000000-0x91ffffff pref]
[    1.738832] pci 0000:03:00.0: reg 0x14: [mem 0x92808000-0x9280bfff]
[    1.738843] pci 0000:03:00.0: reg 0x18: [mem 0x92000000-0x927fffff]
[    1.738889] pci 0000:03:00.0: BAR 0: assigned to efifb
[    1.738984] pci 0000:02:00.0: PCI bridge to [bus 03]
[    1.738992] pci 0000:02:00.0:   bridge window [mem 0x92000000-0x928fffff]
[    1.738997] pci 0000:02:00.0:   bridge window [mem 0x91000000-0x91ffffff 64bit pref]
[    1.739065] pci 0000:04:00.0: [14e4:165f] type 00 class 0x020000
[    1.739097] pci 0000:04:00.0: reg 0x10: [mem 0x92930000-0x9293ffff 64bit pref]
[    1.739112] pci 0000:04:00.0: reg 0x18: [mem 0x92940000-0x9294ffff 64bit pref]
[    1.739128] pci 0000:04:00.0: reg 0x20: [mem 0x92950000-0x9295ffff 64bit pref]
[    1.739138] pci 0000:04:00.0: reg 0x30: [mem 0xfffc0000-0xffffffff pref]
[    1.739230] pci 0000:04:00.0: PME# supported from D0 D3hot D3cold
[    1.739269] pci 0000:04:00.0: 4.000 Gb/s available PCIe bandwidth, limited by 5 GT/s x1 link at 0000:00:1c.5 (capable of 8.000 Gb/s with 5 GT/s x2 link)
[    1.739396] pci 0000:04:00.1: [14e4:165f] type 00 class 0x020000
[    1.739428] pci 0000:04:00.1: reg 0x10: [mem 0x92900000-0x9290ffff 64bit pref]
[    1.739443] pci 0000:04:00.1: reg 0x18: [mem 0x92910000-0x9291ffff 64bit pref]
[    1.739458] pci 0000:04:00.1: reg 0x20: [mem 0x92920000-0x9292ffff 64bit pref]
[    1.739468] pci 0000:04:00.1: reg 0x30: [mem 0xfffc0000-0xffffffff pref]
[    1.739560] pci 0000:04:00.1: PME# supported from D0 D3hot D3cold
[    1.739705] pci 0000:00:1c.5: PCI bridge to [bus 04]
[    1.739712] pci 0000:00:1c.5:   bridge window [mem 0x92900000-0x929fffff 64bit pref]
[    1.739726] pci_bus 0000:00: on NUMA node 0
[    1.740267] ACPI: PCI Root Bridge [PC01] (domain 0000 [bus 16-2f])
[    1.740270] acpi PNP0A08:01: _OSC: OS supports [ExtendedConfig ASPM ClockPM Segments MSI HPX-Type3]
[    1.740366] acpi PNP0A08:01: PCIe AER handled by firmware
[    1.740472] acpi PNP0A08:01: _OSC: platform does not support [SHPCHotplug]
[    1.740671] acpi PNP0A08:01: _OSC: OS now controls [PCIeHotplug PME PCIeCapability LTR]
[    1.740672] acpi PNP0A08:01: FADT indicates ASPM is unsupported, using BIOS configuration
[    1.740792] PCI host bridge to bus 0000:16
[    1.740793] pci_bus 0000:16: root bus resource [io  0x5000-0x6fff window]
[    1.740794] pci_bus 0000:16: root bus resource [mem 0x9b800000-0xa63fffff window]
[    1.740794] pci_bus 0000:16: root bus resource [mem 0x210000000000-0x21ffffffffff window]
[    1.740795] pci_bus 0000:16: root bus resource [bus 16-2f]
[    1.740802] pci 0000:16:00.0: [8086:09a2] type 00 class 0x088000
[    1.740867] pci 0000:16:00.1: [8086:09a4] type 00 class 0x088000
[    1.740930] pci 0000:16:00.2: [8086:09a3] type 00 class 0x088000
[    1.740993] pci 0000:16:00.4: [8086:0998] type 00 class 0x060000
[    1.741054] pci 0000:16:02.0: [8086:347a] type 01 class 0x060400
[    1.741067] pci 0000:16:02.0: reg 0x10: [mem 0x21fffff00000-0x21fffff1ffff 64bit]
[    1.741103] pci 0000:16:02.0: PME# supported from D0 D3hot D3cold
[    1.741396] pci 0000:17:00.0: [1000:10e2] type 00 class 0x010400
[    1.741415] pci 0000:17:00.0: reg 0x10: [mem 0x9b800000-0x9b8fffff 64bit pref]
[    1.741423] pci 0000:17:00.0: reg 0x18: [mem 0x9b900000-0x9b9fffff 64bit pref]
[    1.741429] pci 0000:17:00.0: reg 0x20: [mem 0x9ba00000-0x9bafffff]
[    1.741434] pci 0000:17:00.0: reg 0x24: [io  0x5000-0x50ff]
[    1.741439] pci 0000:17:00.0: reg 0x30: [mem 0xfff00000-0xffffffff pref]
[    1.742654] pci 0000:17:00.0: supports D1 D2
[    1.742704] pci 0000:16:02.0: PCI bridge to [bus 17]
[    1.742706] pci 0000:16:02.0:   bridge window [io  0x5000-0x5fff]
[    1.742707] pci 0000:16:02.0:   bridge window [mem 0x9ba00000-0x9bafffff]
[    1.742710] pci 0000:16:02.0:   bridge window [mem 0x9b800000-0x9b9fffff 64bit pref]
[    1.742715] pci_bus 0000:16: on NUMA node 0
[    1.742779] ACPI: PCI Root Bridge [PC02] (domain 0000 [bus 30-49])
[    1.742781] acpi PNP0A08:02: _OSC: OS supports [ExtendedConfig ASPM ClockPM Segments MSI HPX-Type3]
[    1.742877] acpi PNP0A08:02: PCIe AER handled by firmware
[    1.742983] acpi PNP0A08:02: _OSC: platform does not support [SHPCHotplug]
[    1.743185] acpi PNP0A08:02: _OSC: OS now controls [PCIeHotplug PME PCIeCapability LTR]
[    1.743186] acpi PNP0A08:02: FADT indicates ASPM is unsupported, using BIOS configuration
[    1.743301] PCI host bridge to bus 0000:30
[    1.743302] pci_bus 0000:30: root bus resource [io  0x7000-0x8fff window]
[    1.743303] pci_bus 0000:30: root bus resource [mem 0xa6400000-0xb0ffffff window]
[    1.743304] pci_bus 0000:30: root bus resource [mem 0x220000000000-0x22ffffffffff window]
[    1.743305] pci_bus 0000:30: root bus resource [bus 30-49]
[    1.743312] pci 0000:30:00.0: [8086:09a2] type 00 class 0x088000
[    1.743378] pci 0000:30:00.1: [8086:09a4] type 00 class 0x088000
[    1.743439] pci 0000:30:00.2: [8086:09a3] type 00 class 0x088000
[    1.743502] pci 0000:30:00.4: [8086:0998] type 00 class 0x060000
[    1.743573] pci_bus 0000:30: on NUMA node 0
[    1.743659] ACPI: PCI Root Bridge [PC04] (domain 0000 [bus 4a-63])
[    1.743661] acpi PNP0A08:04: _OSC: OS supports [ExtendedConfig ASPM ClockPM Segments MSI HPX-Type3]
[    1.743752] acpi PNP0A08:04: PCIe AER handled by firmware
[    1.743856] acpi PNP0A08:04: _OSC: platform does not support [SHPCHotplug]
[    1.744054] acpi PNP0A08:04: _OSC: OS now controls [PCIeHotplug PME PCIeCapability LTR]
[    1.744055] acpi PNP0A08:04: FADT indicates ASPM is unsupported, using BIOS configuration
[    1.744164] PCI host bridge to bus 0000:4a
[    1.744165] pci_bus 0000:4a: root bus resource [io  0x9000-0x9fff window]
[    1.744166] pci_bus 0000:4a: root bus resource [mem 0xb1000000-0xbbbfffff window]
[    1.744167] pci_bus 0000:4a: root bus resource [mem 0x230000000000-0x23ffffffffff window]
[    1.744167] pci_bus 0000:4a: root bus resource [bus 4a-63]
[    1.744174] pci 0000:4a:00.0: [8086:09a2] type 00 class 0x088000
[    1.744236] pci 0000:4a:00.1: [8086:09a4] type 00 class 0x088000
[    1.744295] pci 0000:4a:00.2: [8086:09a3] type 00 class 0x088000
[    1.744361] pci 0000:4a:00.4: [8086:0998] type 00 class 0x060000
[    1.744430] pci_bus 0000:4a: on NUMA node 0
[    1.744489] ACPI: PCI Root Bridge [PC05] (domain 0000 [bus 64-7d])
[    1.744491] acpi PNP0A08:05: _OSC: OS supports [ExtendedConfig ASPM ClockPM Segments MSI HPX-Type3]
[    1.744581] acpi PNP0A08:05: PCIe AER handled by firmware
[    1.744684] acpi PNP0A08:05: _OSC: platform does not support [SHPCHotplug]
[    1.744882] acpi PNP0A08:05: _OSC: OS now controls [PCIeHotplug PME PCIeCapability LTR]
[    1.744883] acpi PNP0A08:05: FADT indicates ASPM is unsupported, using BIOS configuration
[    1.744992] PCI host bridge to bus 0000:64
[    1.744993] pci_bus 0000:64: root bus resource [io  0xa000-0xafff window]
[    1.744994] pci_bus 0000:64: root bus resource [mem 0xbbc00000-0xc5ffffff window]
[    1.744995] pci_bus 0000:64: root bus resource [mem 0x240000000000-0x24ffffffffff window]
[    1.744996] pci_bus 0000:64: root bus resource [bus 64-7d]
[    1.745002] pci 0000:64:00.0: [8086:09a2] type 00 class 0x088000
[    1.745065] pci 0000:64:00.1: [8086:09a4] type 00 class 0x088000
[    1.745126] pci 0000:64:00.2: [8086:09a3] type 00 class 0x088000
[    1.745188] pci 0000:64:00.4: [8086:0998] type 00 class 0x060000
[    1.745258] pci_bus 0000:64: on NUMA node 0
[    1.745313] ACPI: PCI Root Bridge [UC06] (domain 0000 [bus 7e])
[    1.745315] acpi PNP0A03:00: _OSC: OS supports [ExtendedConfig ASPM ClockPM Segments MSI HPX-Type3]
[    1.745390] acpi PNP0A03:00: PCIe AER handled by firmware
[    1.745479] acpi PNP0A03:00: _OSC: platform does not support [SHPCHotplug LTR]
[    1.745646] acpi PNP0A03:00: _OSC: OS now controls [PCIeHotplug PME PCIeCapability]
[    1.745647] acpi PNP0A03:00: FADT indicates ASPM is unsupported, using BIOS configuration
[    1.745784] PCI host bridge to bus 0000:7e
[    1.745785] pci_bus 0000:7e: root bus resource [bus 7e]
[    1.745791] pci 0000:7e:00.0: [8086:3450] type 00 class 0x088000
[    1.745859] pci 0000:7e:00.1: [8086:3451] type 00 class 0x088000
[    1.745923] pci 0000:7e:00.2: [8086:3452] type 00 class 0x088000
[    1.745996] pci 0000:7e:00.3: [8086:0998] type 00 class 0x060000
[    1.746060] pci 0000:7e:00.5: [8086:3455] type 00 class 0x088000
[    1.746129] pci 0000:7e:02.0: [8086:3440] type 00 class 0x088000
[    1.746251] pci 0000:7e:02.1: [8086:3441] type 00 class 0x088000
[    1.746364] pci 0000:7e:02.2: [8086:3442] type 00 class 0x088000
[    1.746480] pci 0000:7e:03.0: [8086:3440] type 00 class 0x088000
[    1.746569] pci 0000:7e:03.1: [8086:3441] type 00 class 0x088000
[    1.746650] pci 0000:7e:03.2: [8086:3442] type 00 class 0x088000
[    1.746744] pci 0000:7e:04.0: [8086:3440] type 00 class 0x088000
[    1.746872] pci 0000:7e:04.1: [8086:3441] type 00 class 0x088000
[    1.746993] pci 0000:7e:04.2: [8086:3442] type 00 class 0x088000
[    1.747116] pci 0000:7e:04.3: [8086:3443] type 00 class 0x088000
[    1.747241] pci 0000:7e:05.0: [8086:3445] type 00 class 0x088000
[    1.747370] pci 0000:7e:05.1: [8086:3446] type 00 class 0x088000
[    1.747488] pci 0000:7e:05.2: [8086:3447] type 00 class 0x088000
[    1.747606] pci 0000:7e:06.0: [8086:3445] type 00 class 0x088000
[    1.747699] pci 0000:7e:06.1: [8086:3446] type 00 class 0x088000
[    1.747785] pci 0000:7e:06.2: [8086:3447] type 00 class 0x088000
[    1.747878] pci 0000:7e:07.0: [8086:3445] type 00 class 0x088000
[    1.748005] pci 0000:7e:07.1: [8086:3446] type 00 class 0x088000
[    1.748131] pci 0000:7e:07.2: [8086:3447] type 00 class 0x088000
[    1.748256] pci 0000:7e:0b.0: [8086:3448] type 00 class 0x088000
[    1.748331] pci 0000:7e:0b.1: [8086:3448] type 00 class 0x088000
[    1.748406] pci 0000:7e:0b.2: [8086:344b] type 00 class 0x088000
[    1.748490] pci 0000:7e:0c.0: [8086:344a] type 00 class 0x110100
[    1.748588] pci 0000:7e:0d.0: [8086:344a] type 00 class 0x110100
[    1.748684] pci 0000:7e:0e.0: [8086:344a] type 00 class 0x110100
[    1.748834] pci 0000:7e:0f.0: [8086:344a] type 00 class 0x110100
[    1.748995] pci 0000:7e:1a.0: [8086:2880] type 00 class 0x110100
[    1.749092] pci 0000:7e:1b.0: [8086:2880] type 00 class 0x110100
[    1.749183] pci 0000:7e:1c.0: [8086:2880] type 00 class 0x110100
[    1.749337] pci 0000:7e:1d.0: [8086:2880] type 00 class 0x110100
[    1.749498] pci_bus 0000:7e: on NUMA node 0
[    1.749573] ACPI: PCI Root Bridge [UC07] (domain 0000 [bus 7f])
[    1.749575] acpi PNP0A03:01: _OSC: OS supports [ExtendedConfig ASPM ClockPM Segments MSI HPX-Type3]
[    1.749651] acpi PNP0A03:01: PCIe AER handled by firmware
[    1.749740] acpi PNP0A03:01: _OSC: platform does not support [SHPCHotplug LTR]
[    1.749907] acpi PNP0A03:01: _OSC: OS now controls [PCIeHotplug PME PCIeCapability]
[    1.749908] acpi PNP0A03:01: FADT indicates ASPM is unsupported, using BIOS configuration
[    1.750050] PCI host bridge to bus 0000:7f
[    1.750051] pci_bus 0000:7f: root bus resource [bus 7f]
[    1.750061] pci 0000:7f:00.0: [8086:344c] type 00 class 0x088000
[    1.750170] pci 0000:7f:00.1: [8086:344c] type 00 class 0x088000
[    1.750288] pci 0000:7f:00.2: [8086:344c] type 00 class 0x088000
[    1.750409] pci 0000:7f:00.3: [8086:344c] type 00 class 0x088000
[    1.750505] pci 0000:7f:00.4: [8086:344c] type 00 class 0x088000
[    1.750633] pci 0000:7f:00.5: [8086:344c] type 00 class 0x088000
[    1.750759] pci 0000:7f:00.6: [8086:344c] type 00 class 0x088000
[    1.750844] pci 0000:7f:00.7: [8086:344c] type 00 class 0x088000
[    1.750941] pci 0000:7f:01.0: [8086:344c] type 00 class 0x088000
[    1.751080] pci 0000:7f:01.1: [8086:344c] type 00 class 0x088000
[    1.751207] pci 0000:7f:01.2: [8086:344c] type 00 class 0x088000
[    1.751294] pci 0000:7f:01.3: [8086:344c] type 00 class 0x088000
[    1.751433] pci 0000:7f:01.4: [8086:344c] type 00 class 0x088000
[    1.751570] pci 0000:7f:01.5: [8086:344c] type 00 class 0x088000
[    1.751714] pci 0000:7f:01.6: [8086:344c] type 00 class 0x088000
[    1.751843] pci 0000:7f:01.7: [8086:344c] type 00 class 0x088000
[    1.751982] pci 0000:7f:02.0: [8086:344c] type 00 class 0x088000
[    1.752120] pci 0000:7f:02.1: [8086:344c] type 00 class 0x088000
[    1.752260] pci 0000:7f:02.2: [8086:344c] type 00 class 0x088000
[    1.752398] pci 0000:7f:02.3: [8086:344c] type 00 class 0x088000
[    1.752544] pci 0000:7f:02.4: [8086:344c] type 00 class 0x088000
[    1.752688] pci 0000:7f:02.5: [8086:344c] type 00 class 0x088000
[    1.752831] pci 0000:7f:02.6: [8086:344c] type 00 class 0x088000
[    1.752984] pci 0000:7f:02.7: [8086:344c] type 00 class 0x088000
[    1.753143] pci 0000:7f:03.0: [8086:344c] type 00 class 0x088000
[    1.753294] pci 0000:7f:03.1: [8086:344c] type 00 class 0x088000
[    1.753453] pci 0000:7f:03.2: [8086:344c] type 00 class 0x088000
[    1.753608] pci 0000:7f:03.3: [8086:344c] type 00 class 0x088000
[    1.753774] pci 0000:7f:0a.0: [8086:344d] type 00 class 0x088000
[    1.753883] pci 0000:7f:0a.1: [8086:344d] type 00 class 0x088000
[    1.754002] pci 0000:7f:0a.2: [8086:344d] type 00 class 0x088000
[    1.754121] pci 0000:7f:0a.3: [8086:344d] type 00 class 0x088000
[    1.754224] pci 0000:7f:0a.4: [8086:344d] type 00 class 0x088000
[    1.754352] pci 0000:7f:0a.5: [8086:344d] type 00 class 0x088000
[    1.754476] pci 0000:7f:0a.6: [8086:344d] type 00 class 0x088000
[    1.754563] pci 0000:7f:0a.7: [8086:344d] type 00 class 0x088000
[    1.754654] pci 0000:7f:0b.0: [8086:344d] type 00 class 0x088000
[    1.754789] pci 0000:7f:0b.1: [8086:344d] type 00 class 0x088000
[    1.754918] pci 0000:7f:0b.2: [8086:344d] type 00 class 0x088000
[    1.755006] pci 0000:7f:0b.3: [8086:344d] type 00 class 0x088000
[    1.755149] pci 0000:7f:0b.4: [8086:344d] type 00 class 0x088000
[    1.755289] pci 0000:7f:0b.5: [8086:344d] type 00 class 0x088000
[    1.755433] pci 0000:7f:0b.6: [8086:344d] type 00 class 0x088000
[    1.755560] pci 0000:7f:0b.7: [8086:344d] type 00 class 0x088000
[    1.755695] pci 0000:7f:0c.0: [8086:344d] type 00 class 0x088000
[    1.755835] pci 0000:7f:0c.1: [8086:344d] type 00 class 0x088000
[    1.755972] pci 0000:7f:0c.2: [8086:344d] type 00 class 0x088000
[    1.756111] pci 0000:7f:0c.3: [8086:344d] type 00 class 0x088000
[    1.756262] pci 0000:7f:0c.4: [8086:344d] type 00 class 0x088000
[    1.756404] pci 0000:7f:0c.5: [8086:344d] type 00 class 0x088000
[    1.756549] pci 0000:7f:0c.6: [8086:344d] type 00 class 0x088000
[    1.756703] pci 0000:7f:0c.7: [8086:344d] type 00 class 0x088000
[    1.756854] pci 0000:7f:0d.0: [8086:344d] type 00 class 0x088000
[    1.757008] pci 0000:7f:0d.1: [8086:344d] type 00 class 0x088000
[    1.757166] pci 0000:7f:0d.2: [8086:344d] type 00 class 0x088000
[    1.757322] pci 0000:7f:0d.3: [8086:344d] type 00 class 0x088000
[    1.757504] pci 0000:7f:1d.0: [8086:344f] type 00 class 0x088000
[    1.757623] pci 0000:7f:1d.1: [8086:3457] type 00 class 0x088000
[    1.757739] pci 0000:7f:1e.0: [8086:3458] type 00 class 0x088000
[    1.757816] pci 0000:7f:1e.1: [8086:3459] type 00 class 0x088000
[    1.757891] pci 0000:7f:1e.2: [8086:345a] type 00 class 0x088000
[    1.757965] pci 0000:7f:1e.3: [8086:345b] type 00 class 0x088000
[    1.758039] pci 0000:7f:1e.4: [8086:345c] type 00 class 0x088000
[    1.758114] pci 0000:7f:1e.5: [8086:345d] type 00 class 0x088000
[    1.758192] pci 0000:7f:1e.6: [8086:345e] type 00 class 0x088000
[    1.758266] pci 0000:7f:1e.7: [8086:345f] type 00 class 0x088000
[    1.758338] pci_bus 0000:7f: on NUMA node 0
[    1.758425] ACPI: PCI Root Bridge [PC06] (domain 0000 [bus 80])
[    1.758427] acpi PNP0A08:06: _OSC: OS supports [ExtendedConfig ASPM ClockPM Segments MSI HPX-Type3]
[    1.758520] acpi PNP0A08:06: PCIe AER handled by firmware
[    1.758626] acpi PNP0A08:06: _OSC: platform does not support [SHPCHotplug]
[    1.758826] acpi PNP0A08:06: _OSC: OS now controls [PCIeHotplug PME PCIeCapability LTR]
[    1.758826] acpi PNP0A08:06: FADT indicates ASPM is unsupported, using BIOS configuration
[    1.758969] PCI host bridge to bus 0000:80
[    1.758970] pci_bus 0000:80: root bus resource [io  0xb000-0xbfff window]
[    1.758971] pci_bus 0000:80: root bus resource [mem 0xc6800000-0xd0ffffff window]
[    1.758972] pci_bus 0000:80: root bus resource [mem 0x250000000000-0x25ffffffffff window]
[    1.758973] pci_bus 0000:80: root bus resource [bus 80]
[    1.758980] pci 0000:80:00.0: [8086:09a2] type 00 class 0x088000
[    1.759069] pci 0000:80:00.1: [8086:09a4] type 00 class 0x088000
[    1.759143] pci 0000:80:00.2: [8086:09a3] type 00 class 0x088000
[    1.759220] pci 0000:80:00.4: [8086:0998] type 00 class 0x060000
[    1.759297] pci 0000:80:02.0: [8086:09a6] type 00 class 0x088000
[    1.759307] pci 0000:80:02.0: reg 0x10: [mem 0xc6aa4000-0xc6aa5fff]
[    1.759371] pci 0000:80:02.1: [8086:09a7] type 00 class 0x088000
[    1.759381] pci 0000:80:02.1: reg 0x10: [mem 0xc6a00000-0xc6a7ffff]
[    1.759386] pci 0000:80:02.1: reg 0x14: [mem 0xc6980000-0xc69fffff]
[    1.759453] pci 0000:80:02.4: [8086:3456] type 00 class 0x130000
[    1.759465] pci 0000:80:02.4: reg 0x10: [mem 0xc6800000-0xc68fffff 64bit]
[    1.759472] pci 0000:80:02.4: reg 0x18: [mem 0xc6aa0000-0xc6aa3fff 64bit]
[    1.759479] pci 0000:80:02.4: reg 0x20: [mem 0xc6a80000-0xc6a9ffff 64bit]
[    1.759539] pci_bus 0000:80: on NUMA node 1
[    1.759607] ACPI: PCI Root Bridge [PC07] (domain 0000 [bus 81])
[    1.759609] acpi PNP0A08:07: _OSC: OS supports [ExtendedConfig ASPM ClockPM Segments MSI HPX-Type3]
[    1.759699] acpi PNP0A08:07: PCIe AER handled by firmware
[    1.759803] acpi PNP0A08:07: _OSC: platform does not support [SHPCHotplug]
[    1.760001] acpi PNP0A08:07: _OSC: OS now controls [PCIeHotplug PME PCIeCapability LTR]
[    1.760002] acpi PNP0A08:07: FADT indicates ASPM is unsupported, using BIOS configuration
[    1.760116] PCI host bridge to bus 0000:81
[    1.760117] pci_bus 0000:81: root bus resource [io  0xc000-0xcfff window]
[    1.760118] pci_bus 0000:81: root bus resource [mem 0xd1000000-0xdbbfffff window]
[    1.760118] pci_bus 0000:81: root bus resource [mem 0x260000000000-0x26ffffffffff window]
[    1.760119] pci_bus 0000:81: root bus resource [bus 81]
[    1.760126] pci 0000:81:00.0: [8086:09a2] type 00 class 0x088000
[    1.760194] pci 0000:81:00.1: [8086:09a4] type 00 class 0x088000
[    1.760260] pci 0000:81:00.2: [8086:09a3] type 00 class 0x088000
[    1.760328] pci 0000:81:00.4: [8086:0998] type 00 class 0x060000
[    1.760408] pci_bus 0000:81: on NUMA node 1
[    1.760466] ACPI: PCI Root Bridge [PC08] (domain 0000 [bus 82])
[    1.760468] acpi PNP0A08:08: _OSC: OS supports [ExtendedConfig ASPM ClockPM Segments MSI HPX-Type3]
[    1.760557] acpi PNP0A08:08: PCIe AER handled by firmware
[    1.760661] acpi PNP0A08:08: _OSC: platform does not support [SHPCHotplug]
[    1.760858] acpi PNP0A08:08: _OSC: OS now controls [PCIeHotplug PME PCIeCapability LTR]
[    1.760859] acpi PNP0A08:08: FADT indicates ASPM is unsupported, using BIOS configuration
[    1.760968] PCI host bridge to bus 0000:82
[    1.760969] pci_bus 0000:82: root bus resource [io  0xd000-0xdfff window]
[    1.760969] pci_bus 0000:82: root bus resource [mem 0xdbc00000-0xe67fffff window]
[    1.760970] pci_bus 0000:82: root bus resource [mem 0x270000000000-0x27ffffffffff window]
[    1.760971] pci_bus 0000:82: root bus resource [bus 82]
[    1.760978] pci 0000:82:00.0: [8086:09a2] type 00 class 0x088000
[    1.761046] pci 0000:82:00.1: [8086:09a4] type 00 class 0x088000
[    1.761114] pci 0000:82:00.2: [8086:09a3] type 00 class 0x088000
[    1.761187] pci 0000:82:00.4: [8086:0998] type 00 class 0x060000
[    1.761267] pci_bus 0000:82: on NUMA node 1
[    1.761351] ACPI: PCI Root Bridge [PC10] (domain 0000 [bus 83-f9])
[    1.761353] acpi PNP0A08:0a: _OSC: OS supports [ExtendedConfig ASPM ClockPM Segments MSI HPX-Type3]
[    1.761443] acpi PNP0A08:0a: PCIe AER handled by firmware
[    1.761546] acpi PNP0A08:0a: _OSC: platform does not support [SHPCHotplug]
[    1.761744] acpi PNP0A08:0a: _OSC: OS now controls [PCIeHotplug PME PCIeCapability LTR]
[    1.761745] acpi PNP0A08:0a: FADT indicates ASPM is unsupported, using BIOS configuration
[    1.761863] PCI host bridge to bus 0000:83
[    1.761864] pci_bus 0000:83: root bus resource [io  0xe000-0xefff window]
[    1.761865] pci_bus 0000:83: root bus resource [mem 0xe6800000-0xf13fffff window]
[    1.761866] pci_bus 0000:83: root bus resource [mem 0x280000000000-0x28ffffffffff window]
[    1.761867] pci_bus 0000:83: root bus resource [bus 83-f9]
[    1.761874] pci 0000:83:00.0: [8086:09a2] type 00 class 0x088000
[    1.761942] pci 0000:83:00.1: [8086:09a4] type 00 class 0x088000
[    1.762010] pci 0000:83:00.2: [8086:09a3] type 00 class 0x088000
[    1.762079] pci 0000:83:00.4: [8086:0998] type 00 class 0x060000
[    1.762158] pci_bus 0000:83: on NUMA node 1
[    1.762216] ACPI: PCI Root Bridge [PC11] (domain 0000 [bus fa])
[    1.762218] acpi PNP0A08:0b: _OSC: OS supports [ExtendedConfig ASPM ClockPM Segments MSI HPX-Type3]
[    1.762307] acpi PNP0A08:0b: PCIe AER handled by firmware
[    1.762410] acpi PNP0A08:0b: _OSC: platform does not support [SHPCHotplug]
[    1.762609] acpi PNP0A08:0b: _OSC: OS now controls [PCIeHotplug PME PCIeCapability LTR]
[    1.762609] acpi PNP0A08:0b: FADT indicates ASPM is unsupported, using BIOS configuration
[    1.762720] PCI host bridge to bus 0000:fa
[    1.762721] pci_bus 0000:fa: root bus resource [io  0xf000-0xffff window]
[    1.762721] pci_bus 0000:fa: root bus resource [mem 0xf1400000-0xfb7fffff window]
[    1.762722] pci_bus 0000:fa: root bus resource [mem 0x290000000000-0x29ffffffffff window]
[    1.762723] pci_bus 0000:fa: root bus resource [bus fa]
[    1.762730] pci 0000:fa:00.0: [8086:09a2] type 00 class 0x088000
[    1.762798] pci 0000:fa:00.1: [8086:09a4] type 00 class 0x088000
[    1.762867] pci 0000:fa:00.2: [8086:09a3] type 00 class 0x088000
[    1.762941] pci 0000:fa:00.4: [8086:0998] type 00 class 0x060000
[    1.763022] pci_bus 0000:fa: on NUMA node 1
[    1.763079] ACPI: PCI Root Bridge [UC16] (domain 0000 [bus fe])
[    1.763081] acpi PNP0A03:02: _OSC: OS supports [ExtendedConfig ASPM ClockPM Segments MSI HPX-Type3]
[    1.763155] acpi PNP0A03:02: PCIe AER handled by firmware
[    1.763243] acpi PNP0A03:02: _OSC: platform does not support [SHPCHotplug LTR]
[    1.763409] acpi PNP0A03:02: _OSC: OS now controls [PCIeHotplug PME PCIeCapability]
[    1.763410] acpi PNP0A03:02: FADT indicates ASPM is unsupported, using BIOS configuration
[    1.763540] PCI host bridge to bus 0000:fe
[    1.763541] pci_bus 0000:fe: root bus resource [bus fe]
[    1.763547] pci 0000:fe:00.0: [8086:3450] type 00 class 0x088000
[    1.763618] pci 0000:fe:00.1: [8086:3451] type 00 class 0x088000
[    1.763683] pci 0000:fe:00.2: [8086:3452] type 00 class 0x088000
[    1.763750] pci 0000:fe:00.3: [8086:0998] type 00 class 0x060000
[    1.763818] pci 0000:fe:00.5: [8086:3455] type 00 class 0x088000
[    1.763890] pci 0000:fe:02.0: [8086:3440] type 00 class 0x088000
[    1.764016] pci 0000:fe:02.1: [8086:3441] type 00 class 0x088000
[    1.764139] pci 0000:fe:02.2: [8086:3442] type 00 class 0x088000
[    1.764256] pci 0000:fe:03.0: [8086:3440] type 00 class 0x088000
[    1.764349] pci 0000:fe:03.1: [8086:3441] type 00 class 0x088000
[    1.764435] pci 0000:fe:03.2: [8086:3442] type 00 class 0x088000
[    1.764527] pci 0000:fe:04.0: [8086:3440] type 00 class 0x088000
[    1.764656] pci 0000:fe:04.1: [8086:3441] type 00 class 0x088000
[    1.764781] pci 0000:fe:04.2: [8086:3442] type 00 class 0x088000
[    1.764907] pci 0000:fe:04.3: [8086:3443] type 00 class 0x088000
[    1.765040] pci 0000:fe:05.0: [8086:3445] type 00 class 0x088000
[    1.765165] pci 0000:fe:05.1: [8086:3446] type 00 class 0x088000
[    1.765285] pci 0000:fe:05.2: [8086:3447] type 00 class 0x088000
[    1.765406] pci 0000:fe:06.0: [8086:3445] type 00 class 0x088000
[    1.765500] pci 0000:fe:06.1: [8086:3446] type 00 class 0x088000
[    1.765589] pci 0000:fe:06.2: [8086:3447] type 00 class 0x088000
[    1.765684] pci 0000:fe:07.0: [8086:3445] type 00 class 0x088000
[    1.765816] pci 0000:fe:07.1: [8086:3446] type 00 class 0x088000
[    1.765950] pci 0000:fe:07.2: [8086:3447] type 00 class 0x088000
[    1.766078] pci 0000:fe:0b.0: [8086:3448] type 00 class 0x088000
[    1.766155] pci 0000:fe:0b.1: [8086:3448] type 00 class 0x088000
[    1.766229] pci 0000:fe:0b.2: [8086:344b] type 00 class 0x088000
[    1.766309] pci 0000:fe:0c.0: [8086:344a] type 00 class 0x110100
[    1.766412] pci 0000:fe:0d.0: [8086:344a] type 00 class 0x110100
[    1.766509] pci 0000:fe:0e.0: [8086:344a] type 00 class 0x110100
[    1.766662] pci 0000:fe:0f.0: [8086:344a] type 00 class 0x110100
[    1.766833] pci 0000:fe:1a.0: [8086:2880] type 00 class 0x110100
[    1.766932] pci 0000:fe:1b.0: [8086:2880] type 00 class 0x110100
[    1.767029] pci 0000:fe:1c.0: [8086:2880] type 00 class 0x110100
[    1.767189] pci 0000:fe:1d.0: [8086:2880] type 00 class 0x110100
[    1.767350] pci_bus 0000:fe: on NUMA node 1
[    1.767420] ACPI: PCI Root Bridge [UC17] (domain 0000 [bus ff])
[    1.767422] acpi PNP0A03:03: _OSC: OS supports [ExtendedConfig ASPM ClockPM Segments MSI HPX-Type3]
[    1.767498] acpi PNP0A03:03: PCIe AER handled by firmware
[    1.767591] acpi PNP0A03:03: _OSC: platform does not support [SHPCHotplug LTR]
[    1.767761] acpi PNP0A03:03: _OSC: OS now controls [PCIeHotplug PME PCIeCapability]
[    1.767762] acpi PNP0A03:03: FADT indicates ASPM is unsupported, using BIOS configuration
[    1.767903] PCI host bridge to bus 0000:ff
[    1.767904] pci_bus 0000:ff: root bus resource [bus ff]
[    1.767914] pci 0000:ff:00.0: [8086:344c] type 00 class 0x088000
[    1.768029] pci 0000:ff:00.1: [8086:344c] type 00 class 0x088000
[    1.768150] pci 0000:ff:00.2: [8086:344c] type 00 class 0x088000
[    1.768256] pci 0000:ff:00.3: [8086:344c] type 00 class 0x088000
[    1.768387] pci 0000:ff:00.4: [8086:344c] type 00 class 0x088000
[    1.768512] pci 0000:ff:00.5: [8086:344c] type 00 class 0x088000
[    1.768613] pci 0000:ff:00.6: [8086:344c] type 00 class 0x088000
[    1.768746] pci 0000:ff:00.7: [8086:344c] type 00 class 0x088000
[    1.768879] pci 0000:ff:01.0: [8086:344c] type 00 class 0x088000
[    1.769020] pci 0000:ff:01.1: [8086:344c] type 00 class 0x088000
[    1.769154] pci 0000:ff:01.2: [8086:344c] type 00 class 0x088000
[    1.769244] pci 0000:ff:01.3: [8086:344c] type 00 class 0x088000
[    1.769392] pci 0000:ff:01.4: [8086:344c] type 00 class 0x088000
[    1.769536] pci 0000:ff:01.5: [8086:344c] type 00 class 0x088000
[    1.769684] pci 0000:ff:01.6: [8086:344c] type 00 class 0x088000
[    1.769817] pci 0000:ff:01.7: [8086:344c] type 00 class 0x088000
[    1.769958] pci 0000:ff:02.0: [8086:344c] type 00 class 0x088000
[    1.770100] pci 0000:ff:02.1: [8086:344c] type 00 class 0x088000
[    1.770238] pci 0000:ff:02.2: [8086:344c] type 00 class 0x088000
[    1.770384] pci 0000:ff:02.3: [8086:344c] type 00 class 0x088000
[    1.770531] pci 0000:ff:02.4: [8086:344c] type 00 class 0x088000
[    1.770674] pci 0000:ff:02.5: [8086:344c] type 00 class 0x088000
[    1.770825] pci 0000:ff:02.6: [8086:344c] type 00 class 0x088000
[    1.770972] pci 0000:ff:02.7: [8086:344c] type 00 class 0x088000
[    1.771131] pci 0000:ff:03.0: [8086:344c] type 00 class 0x088000
[    1.771293] pci 0000:ff:03.1: [8086:344c] type 00 class 0x088000
[    1.771450] pci 0000:ff:03.2: [8086:344c] type 00 class 0x088000
[    1.771613] pci 0000:ff:03.3: [8086:344c] type 00 class 0x088000
[    1.771795] pci 0000:ff:0a.0: [8086:344d] type 00 class 0x088000
[    1.771910] pci 0000:ff:0a.1: [8086:344d] type 00 class 0x088000
[    1.772029] pci 0000:ff:0a.2: [8086:344d] type 00 class 0x088000
[    1.772137] pci 0000:ff:0a.3: [8086:344d] type 00 class 0x088000
[    1.772264] pci 0000:ff:0a.4: [8086:344d] type 00 class 0x088000
[    1.772388] pci 0000:ff:0a.5: [8086:344d] type 00 class 0x088000
[    1.772491] pci 0000:ff:0a.6: [8086:344d] type 00 class 0x088000
[    1.772624] pci 0000:ff:0a.7: [8086:344d] type 00 class 0x088000
[    1.772760] pci 0000:ff:0b.0: [8086:344d] type 00 class 0x088000
[    1.772902] pci 0000:ff:0b.1: [8086:344d] type 00 class 0x088000
[    1.773035] pci 0000:ff:0b.2: [8086:344d] type 00 class 0x088000
[    1.773126] pci 0000:ff:0b.3: [8086:344d] type 00 class 0x088000
[    1.773269] pci 0000:ff:0b.4: [8086:344d] type 00 class 0x088000
[    1.773413] pci 0000:ff:0b.5: [8086:344d] type 00 class 0x088000
[    1.773560] pci 0000:ff:0b.6: [8086:344d] type 00 class 0x088000
[    1.773693] pci 0000:ff:0b.7: [8086:344d] type 00 class 0x088000
[    1.773838] pci 0000:ff:0c.0: [8086:344d] type 00 class 0x088000
[    1.773980] pci 0000:ff:0c.1: [8086:344d] type 00 class 0x088000
[    1.774120] pci 0000:ff:0c.2: [8086:344d] type 00 class 0x088000
[    1.774265] pci 0000:ff:0c.3: [8086:344d] type 00 class 0x088000
[    1.774407] pci 0000:ff:0c.4: [8086:344d] type 00 class 0x088000
[    1.774551] pci 0000:ff:0c.5: [8086:344d] type 00 class 0x088000
[    1.774702] pci 0000:ff:0c.6: [8086:344d] type 00 class 0x088000
[    1.774850] pci 0000:ff:0c.7: [8086:344d] type 00 class 0x088000
[    1.775013] pci 0000:ff:0d.0: [8086:344d] type 00 class 0x088000
[    1.775175] pci 0000:ff:0d.1: [8086:344d] type 00 class 0x088000
[    1.775329] pci 0000:ff:0d.2: [8086:344d] type 00 class 0x088000
[    1.775494] pci 0000:ff:0d.3: [8086:344d] type 00 class 0x088000
[    1.775677] pci 0000:ff:1d.0: [8086:344f] type 00 class 0x088000
[    1.775798] pci 0000:ff:1d.1: [8086:3457] type 00 class 0x088000
[    1.775920] pci 0000:ff:1e.0: [8086:3458] type 00 class 0x088000
[    1.776000] pci 0000:ff:1e.1: [8086:3459] type 00 class 0x088000
[    1.776081] pci 0000:ff:1e.2: [8086:345a] type 00 class 0x088000
[    1.776158] pci 0000:ff:1e.3: [8086:345b] type 00 class 0x088000
[    1.776234] pci 0000:ff:1e.4: [8086:345c] type 00 class 0x088000
[    1.776311] pci 0000:ff:1e.5: [8086:345d] type 00 class 0x088000
[    1.776388] pci 0000:ff:1e.6: [8086:345e] type 00 class 0x088000
[    1.776464] pci 0000:ff:1e.7: [8086:345f] type 00 class 0x088000
[    1.776540] pci_bus 0000:ff: on NUMA node 1
[    1.778852] HMAT: Memory (0x0 length 0x80000000) Flags:0003 Processor Domain:0 Memory Domain:0
[    1.778852] HMAT: Memory (0x100000000 length 0xf80000000) Flags:0003 Processor Domain:0 Memory Domain:0
[    1.778852] HMAT: Memory (0x2080000000 length 0x7e00000000) Flags:0003 Processor Domain:0 Memory Domain:2
[    1.778852] HMAT: Memory (0x1080000000 length 0x1000000000) Flags:0003 Processor Domain:1 Memory Domain:1
[    1.778852] HMAT: Memory (0x9e80000000 length 0x7e00000000) Flags:0003 Processor Domain:1 Memory Domain:3
[    1.778852] HMAT: Locality: Flags:00 Type:Read Latency Initiator Domains:2 Target Domains:4 Base:100
[    1.778852]   Initiator-Target[0-0]:7600 nsec
[    1.778852]   Initiator-Target[0-1]:13560 nsec
[    1.778852]   Initiator-Target[0-2]:25350 nsec
[    1.778852]   Initiator-Target[0-3]:31600 nsec
[    1.778852]   Initiator-Target[1-0]:13560 nsec
[    1.778852]   Initiator-Target[1-1]:7600 nsec
[    1.778852]   Initiator-Target[1-2]:31600 nsec
[    1.778852]   Initiator-Target[1-3]:25350 nsec
[    1.778852] HMAT: Locality: Flags:00 Type:Write Latency Initiator Domains:2 Target Domains:4 Base:100
[    1.778852]   Initiator-Target[0-0]:7600 nsec
[    1.778852]   Initiator-Target[0-1]:13560 nsec
[    1.778852]   Initiator-Target[0-2]:25350 nsec
[    1.778852]   Initiator-Target[0-3]:31600 nsec
[    1.778852]   Initiator-Target[1-0]:13560 nsec
[    1.778852]   Initiator-Target[1-1]:7600 nsec
[    1.778852]   Initiator-Target[1-2]:31600 nsec
[    1.778852]   Initiator-Target[1-3]:25350 nsec
[    1.778852] HMAT: Locality: Flags:00 Type:Read Bandwidth Initiator Domains:2 Target Domains:4 Base:1
[    1.778852]   Initiator-Target[0-0]:1790 MB/s
[    1.778852]   Initiator-Target[0-1]:1790 MB/s
[    1.778852]   Initiator-Target[0-2]:463 MB/s
[    1.778852]   Initiator-Target[0-3]:463 MB/s
[    1.778852]   Initiator-Target[1-0]:1790 MB/s
[    1.778852]   Initiator-Target[1-1]:1790 MB/s
[    1.778852]   Initiator-Target[1-2]:463 MB/s
[    1.778852]   Initiator-Target[1-3]:463 MB/s
[    1.778852] HMAT: Locality: Flags:00 Type:Write Bandwidth Initiator Domains:2 Target Domains:4 Base:1
[    1.778852]   Initiator-Target[0-0]:1910 MB/s
[    1.778852]   Initiator-Target[0-1]:1910 MB/s
[    1.778852]   Initiator-Target[0-2]:138 MB/s
[    1.778852]   Initiator-Target[0-3]:138 MB/s
[    1.778852]   Initiator-Target[1-0]:1910 MB/s
[    1.778852]   Initiator-Target[1-1]:1910 MB/s
[    1.778852]   Initiator-Target[1-2]:138 MB/s
[    1.778852]   Initiator-Target[1-3]:138 MB/s
[    1.778852] WARNING: CPU: 62 PID: 1 at drivers/base/node.c:191 node_set_perf_attrs+0x90/0xb0
[    1.778852] Modules linked in:
[    1.778852] CPU: 62 PID: 1 Comm: swapper/0 Not tainted 5.3.1-multiclock #1
[    1.778852] Hardware name: Dell Inc. PowerEdge R750/0K8F35, BIOS 1.10.2 03/03/2023
[    1.778852] RIP: 0010:node_set_perf_attrs+0x90/0xb0
[    1.778852] Code: f4 02 00 00 4c 89 ea 4c 89 e7 e8 bb bf c7 ff 85 c0 75 24 48 83 c3 08 48 8b 33 48 85 f6 75 e5 5b 41 5a 41 5c 41 5d 41 5e 5d c3 <0f> 0b 5b 41 5a 41 5c 41 5d 41 5e 5d c3 44 89 f6 48 c7 c7 70 5b 1a
[    1.778852] RSP: 0000:ffffb10c40117d80 EFLAGS: 00010246
[    1.778852] RAX: 0000000000000002 RBX: 0000000000000003 RCX: 0000000000000000
[    1.778852] RDX: 0000000000000000 RSI: ffff90511b5bfa18 RDI: 0000000000000002
[    1.778852] RBP: ffffb10c40117da8 R08: ffff90511b0ff118 R09: 0000000000000000
[    1.778852] R10: ffff90512322b940 R11: ffff905123474910 R12: ffff90511b5bfa00
[    1.778852] R13: ffffffffbc8db310 R14: 0000000000000005 R15: ffffffffbc695806
[    1.778852] FS:  0000000000000000(0000) GS:ffff905123fc0000(0000) knlGS:0000000000000000
[    1.778852] CS:  0010 DS: 0000 ES: 0000 CR0: 0000000080050033
[    1.778852] CR2: 0000000000000000 CR3: 0000000fbdc0a001 CR4: 0000000000760ee0
[    1.778852] DR0: 0000000000000000 DR1: 0000000000000000 DR2: 0000000000000000
[    1.778852] DR3: 0000000000000000 DR6: 00000000fffe0ff0 DR7: 0000000000000400
[    1.778852] PKRU: 55555554
[    1.778852] Call Trace:
[    1.778852]  hmat_init+0x32a/0x43c
[    1.778852]  ? hmat_parse_subtable+0x503/0x503
[    1.778852]  ? set_debug_rodata+0x17/0x17
[    1.778852]  do_one_initcall+0x4a/0x1fa
[    1.778852]  kernel_init_freeable+0x1c6/0x26d
[    1.778852]  ? rest_init+0xb0/0xb0
[    1.778852]  kernel_init+0xe/0x110
[    1.778852]  ret_from_fork+0x1f/0x40
[    1.778852] ---[ end trace 56eb1fdbccaff0a7 ]---
[    1.778870] pci 0000:03:00.0: vgaarb: setting as boot VGA device
[    1.778870] pci 0000:03:00.0: vgaarb: VGA device added: decodes=io+mem,owns=io+mem,locks=none
[    1.778922] pci 0000:03:00.0: vgaarb: bridge control possible
[    1.778923] vgaarb: loaded
[    1.779105] SCSI subsystem initialized
[    1.779248] libata version 3.00 loaded.
[    1.779248] ACPI: bus type USB registered
[    1.779248] usbcore: registered new interface driver usbfs
[    1.779248] usbcore: registered new interface driver hub
[    1.779248] usbcore: registered new device driver usb
[    1.779248] pps_core: LinuxPPS API ver. 1 registered
[    1.779248] pps_core: Software ver. 5.3.6 - Copyright 2005-2007 Rodolfo Giometti <giometti@linux.it>
[    1.779248] PTP clock support registered
[    1.779371] EDAC MC: Ver: 3.0.0
[    1.782878] Registered efivars operations
[    1.782880] PCI: Using ACPI for IRQ routing
[    1.783909] PCI: pci_cache_line_size set to 64 bytes
[    1.784469] e820: reserve RAM buffer [mem 0x0008f000-0x0008ffff]
[    1.784470] e820: reserve RAM buffer [mem 0x47bdd020-0x47ffffff]
[    1.784471] e820: reserve RAM buffer [mem 0x47c0f020-0x47ffffff]
[    1.784471] e820: reserve RAM buffer [mem 0x47c42020-0x47ffffff]
[    1.784472] e820: reserve RAM buffer [mem 0x47c75020-0x47ffffff]
[    1.784473] e820: reserve RAM buffer [mem 0x49e77000-0x4bffffff]
[    1.784474] e820: reserve RAM buffer [mem 0x4b2cf000-0x4bffffff]
[    1.784475] e820: reserve RAM buffer [mem 0x4bd94000-0x4bffffff]
[    1.784475] e820: reserve RAM buffer [mem 0x4ce00000-0x4fffffff]
[    1.784476] e820: reserve RAM buffer [mem 0x5eefe000-0x5fffffff]
[    1.784477] e820: reserve RAM buffer [mem 0x6f800000-0x6fffffff]
[    1.784759] NetLabel: Initializing
[    1.784760] NetLabel:  domain hash size = 128
[    1.784760] NetLabel:  protocols = UNLABELED CIPSOv4 CALIPSO
[    1.784777] NetLabel:  unlabeled traffic allowed by default
[    1.788183] hpet0: at MMIO 0xfed00000, IRQs 2, 8, 0, 0, 0, 0, 0, 0
[    1.788185] hpet0: 8 comparators, 64-bit 24.000000 MHz counter
[    1.793068] clocksource: Switched to clocksource tsc-early
[    1.801849] VFS: Disk quotas dquot_6.6.0
[    1.801889] VFS: Dquot-cache hash table entries: 512 (order 0, 4096 bytes)
[    1.802179] *** VALIDATE hugetlbfs ***
[    1.802328] AppArmor: AppArmor Filesystem Enabled
[    1.802346] pnp: PnP ACPI init
[    1.817726] pnp 00:00: Plug and Play ACPI device, IDs PNP0b00 (active)
[    1.817887] system 00:01: [io  0x0500-0x05fe] has been reserved
[    1.817888] system 00:01: [io  0x0400-0x041f] has been reserved
[    1.817889] system 00:01: [io  0x0600-0x061f] has been reserved
[    1.817890] system 00:01: [io  0x0ca0-0x0ca1] has been reserved
[    1.817891] system 00:01: [io  0x0ca4-0x0ca6] has been reserved
[    1.817893] system 00:01: [mem 0xff000000-0xffffffff] has been reserved
[    1.817897] system 00:01: Plug and Play ACPI device, IDs PNP0c02 (active)
[    1.818141] pnp 00:02: Plug and Play ACPI device, IDs PNP0501 (active)
[    1.818347] pnp 00:03: Plug and Play ACPI device, IDs PNP0501 (active)
[    1.818501] system 00:04: [mem 0xfd000000-0xfdabffff] has been reserved
[    1.818502] system 00:04: [mem 0xfdad0000-0xfdadffff] has been reserved
[    1.818503] system 00:04: [mem 0xfdb00000-0xfdffffff] has been reserved
[    1.818504] system 00:04: [mem 0xfe000000-0xfe00ffff] has been reserved
[    1.818505] system 00:04: [mem 0xfe011000-0xfe01ffff] has been reserved
[    1.818506] system 00:04: [mem 0xfe036000-0xfe03bfff] has been reserved
[    1.818507] system 00:04: [mem 0xfe03d000-0xfe3fffff] has been reserved
[    1.818508] system 00:04: [mem 0xfe410000-0xfe7fffff] has been reserved
[    1.818510] system 00:04: Plug and Play ACPI device, IDs PNP0c02 (active)
[    1.818833] system 00:05: [io  0x1000-0x10fe] has been reserved
[    1.818835] system 00:05: Plug and Play ACPI device, IDs PNP0c02 (active)
[    1.819828] pnp: PnP ACPI: found 6 devices
[    1.820882] thermal_sys: Registered thermal governor 'fair_share'
[    1.820882] thermal_sys: Registered thermal governor 'bang_bang'
[    1.820883] thermal_sys: Registered thermal governor 'step_wise'
[    1.820883] thermal_sys: Registered thermal governor 'user_space'
[    1.820884] thermal_sys: Registered thermal governor 'power_allocator'
[    1.825376] clocksource: acpi_pm: mask: 0xffffff max_cycles: 0xffffff, max_idle_ns: 2085701024 ns
[    1.825398] pci 0000:04:00.0: can't claim BAR 6 [mem 0xfffc0000-0xffffffff pref]: no compatible bridge window
[    1.825399] pci 0000:04:00.1: can't claim BAR 6 [mem 0xfffc0000-0xffffffff pref]: no compatible bridge window
[    1.825401] pci 0000:17:00.0: can't claim BAR 6 [mem 0xfff00000-0xffffffff pref]: no compatible bridge window
[    1.825416] pci 0000:00:1c.5: BAR 14: assigned [mem 0x90000000-0x900fffff]
[    1.825419] pci 0000:00:1c.0: PCI bridge to [bus 01]
[    1.825427] pci 0000:02:00.0: PCI bridge to [bus 03]
[    1.825432] pci 0000:02:00.0:   bridge window [mem 0x92000000-0x928fffff]
[    1.825436] pci 0000:02:00.0:   bridge window [mem 0x91000000-0x91ffffff 64bit pref]
[    1.825441] pci 0000:00:1c.4: PCI bridge to [bus 02-03]
[    1.825444] pci 0000:00:1c.4:   bridge window [mem 0x92000000-0x928fffff]
[    1.825446] pci 0000:00:1c.4:   bridge window [mem 0x91000000-0x91ffffff 64bit pref]
[    1.825451] pci 0000:04:00.0: BAR 6: assigned [mem 0x90000000-0x9003ffff pref]
[    1.825452] pci 0000:04:00.1: BAR 6: assigned [mem 0x90040000-0x9007ffff pref]
[    1.825453] pci 0000:00:1c.5: PCI bridge to [bus 04]
[    1.825456] pci 0000:00:1c.5:   bridge window [mem 0x90000000-0x900fffff]
[    1.825458] pci 0000:00:1c.5:   bridge window [mem 0x92900000-0x929fffff 64bit pref]
[    1.825463] pci_bus 0000:00: resource 4 [io  0x0000-0x0cf7 window]
[    1.825464] pci_bus 0000:00: resource 5 [io  0x1000-0x4fff window]
[    1.825464] pci_bus 0000:00: resource 6 [mem 0x000a0000-0x000bffff window]
[    1.825465] pci_bus 0000:00: resource 7 [mem 0x000c8000-0x000cffff window]
