[    0.000000] Linux version 5.3.1-multiclock (xmu@xmu-PowerEdge-R750) (gcc version 7.5.0 (Ubuntu 7.5.0-3ubuntu1~18.04)) #1 SMP Wed Aug 9 20:46:02 CST 2023
[    0.000000] Command line: BOOT_IMAGE=/boot/vmlinuz-5.3.1-multiclock root=UUID=ce0c24b8-724b-4f33-9b2c-618433560aef ro memmap=44909M!4096M memmap=59G!64G quiet splash nomodeset vt.handoff=1
[    0.000000] KERNEL supported cpus:
[    0.000000]   Intel GenuineIntel
[    0.000000]   AMD AuthenticAMD
[    0.000000]   Hygon HygonGenuine
[    0.000000]   Centaur CentaurHauls
[    0.000000]   zhaoxin   Shanghai  
[    0.000000] x86/fpu: Supporting XSAVE feature 0x001: 'x87 floating point registers'
[    0.000000] x86/fpu: Supporting XSAVE feature 0x002: 'SSE registers'
[    0.000000] x86/fpu: Supporting XSAVE feature 0x004: 'AVX registers'
[    0.000000] x86/fpu: Supporting XSAVE feature 0x020: 'AVX-512 opmask'
[    0.000000] x86/fpu: Supporting XSAVE feature 0x040: 'AVX-512 Hi256'
[    0.000000] x86/fpu: Supporting XSAVE feature 0x080: 'AVX-512 ZMM_Hi256'
[    0.000000] x86/fpu: Supporting XSAVE feature 0x200: 'Protection Keys User registers'
[    0.000000] x86/fpu: xstate_offset[2]:  576, xstate_sizes[2]:  256
[    0.000000] x86/fpu: xstate_offset[5]:  832, xstate_sizes[5]:   64
[    0.000000] x86/fpu: xstate_offset[6]:  896, xstate_sizes[6]:  512
[    0.000000] x86/fpu: xstate_offset[7]: 1408, xstate_sizes[7]: 1024
[    0.000000] x86/fpu: xstate_offset[9]: 2432, xstate_sizes[9]:    8
[    0.000000] x86/fpu: Enabled xstate features 0x2e7, context size is 2440 bytes, using 'compacted' format.
[    0.000000] BIOS-provided physical RAM map:
[    0.000000] BIOS-e820: [mem 0x0000000000000000-0x000000000008efff] usable
[    0.000000] BIOS-e820: [mem 0x000000000008f000-0x000000000008ffff] reserved
[    0.000000] BIOS-e820: [mem 0x0000000000090000-0x000000000009ffff] usable
[    0.000000] BIOS-e820: [mem 0x00000000000a0000-0x00000000000fffff] reserved
[    0.000000] BIOS-e820: [mem 0x0000000000100000-0x0000000049e76fff] usable
[    0.000000] BIOS-e820: [mem 0x0000000049e77000-0x000000004ae76fff] ACPI NVS
[    0.000000] BIOS-e820: [mem 0x000000004ae77000-0x000000004b2cefff] usable
[    0.000000] BIOS-e820: [mem 0x000000004b2cf000-0x000000004b54dfff] ACPI data
[    0.000000] BIOS-e820: [mem 0x000000004b54e000-0x000000004bd93fff] usable
[    0.000000] BIOS-e820: [mem 0x000000004bd94000-0x000000004be99fff] reserved
[    0.000000] BIOS-e820: [mem 0x000000004be9a000-0x000000004cdfffff] usable
[    0.000000] BIOS-e820: [mem 0x000000004ce00000-0x000000004cffffff] reserved
[    0.000000] BIOS-e820: [mem 0x000000004d000000-0x000000005eefdfff] usable
[    0.000000] BIOS-e820: [mem 0x000000005eefe000-0x000000006e3fefff] reserved
[    0.000000] BIOS-e820: [mem 0x000000006e3ff000-0x000000006f3fefff] ACPI NVS
[    0.000000] BIOS-e820: [mem 0x000000006f3ff000-0x000000006f7fefff] ACPI data
[    0.000000] BIOS-e820: [mem 0x000000006f7ff000-0x000000006f7fffff] usable
[    0.000000] BIOS-e820: [mem 0x000000006f800000-0x000000008fffffff] reserved
[    0.000000] BIOS-e820: [mem 0x00000000fe000000-0x00000000fe010fff] reserved
[    0.000000] BIOS-e820: [mem 0x0000000100000000-0x000000207fffffff] usable
[    0.000000] BIOS-e820: [mem 0x0000002080000000-0x0000011c7fffffff] persistent (type 7)
[    0.000000] BIOS-e820: [mem 0x00001ffc00000000-0x00001fffffffffff] reserved
[    0.000000] NX (Execute Disable) protection: active
[    0.000000] e820: update [mem 0x47c65020-0x47c6d05f] usable ==> usable
[    0.000000] e820: update [mem 0x47c65020-0x47c6d05f] usable ==> usable
[    0.000000] e820: update [mem 0x47c32020-0x47c64c5f] usable ==> usable
[    0.000000] e820: update [mem 0x47c32020-0x47c64c5f] usable ==> usable
[    0.000000] e820: update [mem 0x47bff020-0x47c31c5f] usable ==> usable
[    0.000000] e820: update [mem 0x47bff020-0x47c31c5f] usable ==> usable
[    0.000000] e820: update [mem 0x47bcd020-0x47bfea5f] usable ==> usable
[    0.000000] e820: update [mem 0x47bcd020-0x47bfea5f] usable ==> usable
[    0.000000] extended physical RAM map:
[    0.000000] reserve setup_data: [mem 0x0000000000000000-0x000000000008efff] usable
[    0.000000] reserve setup_data: [mem 0x000000000008f000-0x000000000008ffff] reserved
[    0.000000] reserve setup_data: [mem 0x0000000000090000-0x000000000009ffff] usable
[    0.000000] reserve setup_data: [mem 0x00000000000a0000-0x00000000000fffff] reserved
[    0.000000] reserve setup_data: [mem 0x0000000000100000-0x0000000047bcd01f] usable
[    0.000000] reserve setup_data: [mem 0x0000000047bcd020-0x0000000047bfea5f] usable
[    0.000000] reserve setup_data: [mem 0x0000000047bfea60-0x0000000047bff01f] usable
[    0.000000] reserve setup_data: [mem 0x0000000047bff020-0x0000000047c31c5f] usable
[    0.000000] reserve setup_data: [mem 0x0000000047c31c60-0x0000000047c3201f] usable
[    0.000000] reserve setup_data: [mem 0x0000000047c32020-0x0000000047c64c5f] usable
[    0.000000] reserve setup_data: [mem 0x0000000047c64c60-0x0000000047c6501f] usable
[    0.000000] reserve setup_data: [mem 0x0000000047c65020-0x0000000047c6d05f] usable
[    0.000000] reserve setup_data: [mem 0x0000000047c6d060-0x0000000049e76fff] usable
[    0.000000] reserve setup_data: [mem 0x0000000049e77000-0x000000004ae76fff] ACPI NVS
[    0.000000] reserve setup_data: [mem 0x000000004ae77000-0x000000004b2cefff] usable
[    0.000000] reserve setup_data: [mem 0x000000004b2cf000-0x000000004b54dfff] ACPI data
[    0.000000] reserve setup_data: [mem 0x000000004b54e000-0x000000004bd93fff] usable
[    0.000000] reserve setup_data: [mem 0x000000004bd94000-0x000000004be99fff] reserved
[    0.000000] reserve setup_data: [mem 0x000000004be9a000-0x000000004cdfffff] usable
[    0.000000] reserve setup_data: [mem 0x000000004ce00000-0x000000004cffffff] reserved
[    0.000000] reserve setup_data: [mem 0x000000004d000000-0x000000005eefdfff] usable
[    0.000000] reserve setup_data: [mem 0x000000005eefe000-0x000000006e3fefff] reserved
[    0.000000] reserve setup_data: [mem 0x000000006e3ff000-0x000000006f3fefff] ACPI NVS
[    0.000000] reserve setup_data: [mem 0x000000006f3ff000-0x000000006f7fefff] ACPI data
[    0.000000] reserve setup_data: [mem 0x000000006f7ff000-0x000000006f7fffff] usable
[    0.000000] reserve setup_data: [mem 0x000000006f800000-0x000000008fffffff] reserved
[    0.000000] reserve setup_data: [mem 0x00000000fe000000-0x00000000fe010fff] reserved
[    0.000000] reserve setup_data: [mem 0x0000000100000000-0x0000000bf6cfffff] persistent (type 12)
[    0.000000] reserve setup_data: [mem 0x0000000bf6d00000-0x0000000fffffffff] usable
[    0.000000] reserve setup_data: [mem 0x0000001000000000-0x0000001ebfffffff] persistent (type 12)
[    0.000000] reserve setup_data: [mem 0x0000001ec0000000-0x000000207fffffff] usable
[    0.000000] reserve setup_data: [mem 0x0000002080000000-0x0000011c7fffffff] persistent (type 7)
[    0.000000] reserve setup_data: [mem 0x00001ffc00000000-0x00001fffffffffff] reserved
[    0.000000] user-defined physical RAM map:
[    0.000000] user: [mem 0x0000000000000000-0x000000000008efff] usable
[    0.000000] user: [mem 0x000000000008f000-0x000000000008ffff] reserved
[    0.000000] user: [mem 0x0000000000090000-0x000000000009ffff] usable
[    0.000000] user: [mem 0x00000000000a0000-0x00000000000fffff] reserved
[    0.000000] user: [mem 0x0000000000100000-0x0000000047bcd01f] usable
[    0.000000] user: [mem 0x0000000047bcd020-0x0000000047bfea5f] usable
[    0.000000] user: [mem 0x0000000047bfea60-0x0000000047bff01f] usable
[    0.000000] user: [mem 0x0000000047bff020-0x0000000047c31c5f] usable
[    0.000000] user: [mem 0x0000000047c31c60-0x0000000047c3201f] usable
[    0.000000] user: [mem 0x0000000047c32020-0x0000000047c64c5f] usable
[    0.000000] user: [mem 0x0000000047c64c60-0x0000000047c6501f] usable
[    0.000000] user: [mem 0x0000000047c65020-0x0000000047c6d05f] usable
[    0.000000] user: [mem 0x0000000047c6d060-0x0000000049e76fff] usable
[    0.000000] user: [mem 0x0000000049e77000-0x000000004ae76fff] ACPI NVS
[    0.000000] user: [mem 0x000000004ae77000-0x000000004b2cefff] usable
[    0.000000] user: [mem 0x000000004b2cf000-0x000000004b54dfff] ACPI data
[    0.000000] user: [mem 0x000000004b54e000-0x000000004bd93fff] usable
[    0.000000] user: [mem 0x000000004bd94000-0x000000004be99fff] reserved
[    0.000000] user: [mem 0x000000004be9a000-0x000000004cdfffff] usable
[    0.000000] user: [mem 0x000000004ce00000-0x000000004cffffff] reserved
[    0.000000] user: [mem 0x000000004d000000-0x000000005eefdfff] usable
[    0.000000] user: [mem 0x000000005eefe000-0x000000006e3fefff] reserved
[    0.000000] user: [mem 0x000000006e3ff000-0x000000006f3fefff] ACPI NVS
[    0.000000] user: [mem 0x000000006f3ff000-0x000000006f7fefff] ACPI data
[    0.000000] user: [mem 0x000000006f7ff000-0x000000006f7fffff] usable
[    0.000000] user: [mem 0x000000006f800000-0x000000008fffffff] reserved
[    0.000000] user: [mem 0x00000000fe000000-0x00000000fe010fff] reserved
[    0.000000] user: [mem 0x0000000100000000-0x0000000bf6cfffff] persistent (type 12)
[    0.000000] user: [mem 0x0000000bf6d00000-0x0000000fffffffff] usable
[    0.000000] user: [mem 0x0000001000000000-0x0000001ebfffffff] persistent (type 12)
[    0.000000] user: [mem 0x0000001ec0000000-0x000000207fffffff] usable
[    0.000000] user: [mem 0x0000002080000000-0x0000011c7fffffff] persistent (type 7)
[    0.000000] user: [mem 0x00001ffc00000000-0x00001fffffffffff] reserved
[    0.000000] efi: EFI v2.70 by Dell Inc.
[    0.000000] efi:  ACPI=0x6f7fe000  ACPI 2.0=0x6f7fe014  MEMATTR=0x5a215220  SMBIOS=0x69526000  SMBIOS 3.0=0x69524000 
[    0.000000] SMBIOS 3.3.0 present.
[    0.000000] DMI: Dell Inc. PowerEdge R750/0K8F35, BIOS 1.10.2 03/03/2023
[    0.000000] tsc: Detected 2000.000 MHz processor
[    0.000008] e820: update [mem 0x00000000-0x00000fff] usable ==> reserved
[    0.000010] e820: remove [mem 0x000a0000-0x000fffff] usable
[    0.000017] last_pfn = 0x2080000 max_arch_pfn = 0x400000000
[    0.000021] MTRR default type: uncachable
[    0.000021] MTRR fixed ranges enabled:
[    0.000022]   00000-9FFFF write-back
[    0.000023]   A0000-BFFFF uncachable
[    0.000024]   C0000-FFFFF write-protect
[    0.000024] MTRR variable ranges enabled:
[    0.000025]   0 base 000000000000 mask 3E0000000000 write-back
[    0.000026]   1 base 000080000000 mask 3FFF80000000 uncachable
[    0.000027]   2 base 00007F000000 mask 3FFFFF000000 uncachable
[    0.000027]   3 disabled
[    0.000028]   4 disabled
[    0.000028]   5 disabled
[    0.000028]   6 disabled
[    0.000029]   7 disabled
[    0.000029]   8 disabled
[    0.000029]   9 disabled
[    0.000781] x86/PAT: Configuration [0-7]: WB  WC  UC- UC  WB  WP  UC- WT  
[    0.001834] total RAM covered: 2095088M
[    0.001919]  gran_size: 64K 	chunk_size: 64K 	num_reg: 10  	lose cover RAM: 2016G
[    0.001920]  gran_size: 64K 	chunk_size: 128K 	num_reg: 10  	lose cover RAM: 2016G
[    0.001921]  gran_size: 64K 	chunk_size: 256K 	num_reg: 10  	lose cover RAM: 2016G
[    0.001921]  gran_size: 64K 	chunk_size: 512K 	num_reg: 10  	lose cover RAM: 2016G
[    0.001922]  gran_size: 64K 	chunk_size: 1M 	num_reg: 10  	lose cover RAM: 2016G
[    0.001923]  gran_size: 64K 	chunk_size: 2M 	num_reg: 10  	lose cover RAM: 2016G
[    0.001923]  gran_size: 64K 	chunk_size: 4M 	num_reg: 10  	lose cover RAM: 2016G
[    0.001924]  gran_size: 64K 	chunk_size: 8M 	num_reg: 10  	lose cover RAM: 2016G
[    0.001925]  gran_size: 64K 	chunk_size: 16M 	num_reg: 10  	lose cover RAM: 2016G
[    0.001925]  gran_size: 64K 	chunk_size: 32M 	num_reg: 10  	lose cover RAM: 1024G
[    0.001926]  gran_size: 64K 	chunk_size: 64M 	num_reg: 10  	lose cover RAM: 1024G
[    0.001927]  gran_size: 64K 	chunk_size: 128M 	num_reg: 10  	lose cover RAM: 1024G
[    0.001927]  gran_size: 64K 	chunk_size: 256M 	num_reg: 10  	lose cover RAM: 1024G
[    0.001928]  gran_size: 64K 	chunk_size: 512M 	num_reg: 10  	lose cover RAM: 1024G
[    0.001929]  gran_size: 64K 	chunk_size: 1G 	num_reg: 10  	lose cover RAM: 1024G
[    0.001929]  gran_size: 64K 	chunk_size: 2G 	num_reg: 10  	lose cover RAM: 1024G
[    0.001930]  gran_size: 128K 	chunk_size: 128K 	num_reg: 10  	lose cover RAM: 2016G
[    0.001931]  gran_size: 128K 	chunk_size: 256K 	num_reg: 10  	lose cover RAM: 2016G
[    0.001932]  gran_size: 128K 	chunk_size: 512K 	num_reg: 10  	lose cover RAM: 2016G
[    0.001932]  gran_size: 128K 	chunk_size: 1M 	num_reg: 10  	lose cover RAM: 2016G
[    0.001933]  gran_size: 128K 	chunk_size: 2M 	num_reg: 10  	lose cover RAM: 2016G
[    0.001934]  gran_size: 128K 	chunk_size: 4M 	num_reg: 10  	lose cover RAM: 2016G
[    0.001934]  gran_size: 128K 	chunk_size: 8M 	num_reg: 10  	lose cover RAM: 2016G
[    0.001935]  gran_size: 128K 	chunk_size: 16M 	num_reg: 10  	lose cover RAM: 2016G
[    0.001936]  gran_size: 128K 	chunk_size: 32M 	num_reg: 10  	lose cover RAM: 1024G
[    0.001936]  gran_size: 128K 	chunk_size: 64M 	num_reg: 10  	lose cover RAM: 1024G
[    0.001937]  gran_size: 128K 	chunk_size: 128M 	num_reg: 10  	lose cover RAM: 1024G
[    0.001938]  gran_size: 128K 	chunk_size: 256M 	num_reg: 10  	lose cover RAM: 1024G
[    0.001938]  gran_size: 128K 	chunk_size: 512M 	num_reg: 10  	lose cover RAM: 1024G
[    0.001939]  gran_size: 128K 	chunk_size: 1G 	num_reg: 10  	lose cover RAM: 1024G
[    0.001940]  gran_size: 128K 	chunk_size: 2G 	num_reg: 10  	lose cover RAM: 1024G
[    0.001940]  gran_size: 256K 	chunk_size: 256K 	num_reg: 10  	lose cover RAM: 2016G
[    0.001941]  gran_size: 256K 	chunk_size: 512K 	num_reg: 10  	lose cover RAM: 2016G
[    0.001942]  gran_size: 256K 	chunk_size: 1M 	num_reg: 10  	lose cover RAM: 2016G
[    0.001942]  gran_size: 256K 	chunk_size: 2M 	num_reg: 10  	lose cover RAM: 2016G
[    0.001943]  gran_size: 256K 	chunk_size: 4M 	num_reg: 10  	lose cover RAM: 2016G
[    0.001944]  gran_size: 256K 	chunk_size: 8M 	num_reg: 10  	lose cover RAM: 2016G
[    0.001944]  gran_size: 256K 	chunk_size: 16M 	num_reg: 10  	lose cover RAM: 2016G
[    0.001945]  gran_size: 256K 	chunk_size: 32M 	num_reg: 10  	lose cover RAM: 1024G
[    0.001946]  gran_size: 256K 	chunk_size: 64M 	num_reg: 10  	lose cover RAM: 1024G
[    0.001946]  gran_size: 256K 	chunk_size: 128M 	num_reg: 10  	lose cover RAM: 1024G
[    0.001947]  gran_size: 256K 	chunk_size: 256M 	num_reg: 10  	lose cover RAM: 1024G
[    0.001948]  gran_size: 256K 	chunk_size: 512M 	num_reg: 10  	lose cover RAM: 1024G
[    0.001948]  gran_size: 256K 	chunk_size: 1G 	num_reg: 10  	lose cover RAM: 1024G
[    0.001949]  gran_size: 256K 	chunk_size: 2G 	num_reg: 10  	lose cover RAM: 1024G
[    0.001950]  gran_size: 512K 	chunk_size: 512K 	num_reg: 10  	lose cover RAM: 2016G
[    0.001950]  gran_size: 512K 	chunk_size: 1M 	num_reg: 10  	lose cover RAM: 2016G
[    0.001951]  gran_size: 512K 	chunk_size: 2M 	num_reg: 10  	lose cover RAM: 2016G
[    0.001952]  gran_size: 512K 	chunk_size: 4M 	num_reg: 10  	lose cover RAM: 2016G
[    0.001952]  gran_size: 512K 	chunk_size: 8M 	num_reg: 10  	lose cover RAM: 2016G
[    0.001953]  gran_size: 512K 	chunk_size: 16M 	num_reg: 10  	lose cover RAM: 2016G
[    0.001954]  gran_size: 512K 	chunk_size: 32M 	num_reg: 10  	lose cover RAM: 1024G
[    0.001954]  gran_size: 512K 	chunk_size: 64M 	num_reg: 10  	lose cover RAM: 1024G
[    0.001955]  gran_size: 512K 	chunk_size: 128M 	num_reg: 10  	lose cover RAM: 1024G
[    0.001956]  gran_size: 512K 	chunk_size: 256M 	num_reg: 10  	lose cover RAM: 1024G
[    0.001956]  gran_size: 512K 	chunk_size: 512M 	num_reg: 10  	lose cover RAM: 1024G
[    0.001957]  gran_size: 512K 	chunk_size: 1G 	num_reg: 10  	lose cover RAM: 1024G
[    0.001958]  gran_size: 512K 	chunk_size: 2G 	num_reg: 10  	lose cover RAM: 1024G
[    0.001958]  gran_size: 1M 	chunk_size: 1M 	num_reg: 10  	lose cover RAM: 2016G
[    0.001959]  gran_size: 1M 	chunk_size: 2M 	num_reg: 10  	lose cover RAM: 2016G
[    0.001960]  gran_size: 1M 	chunk_size: 4M 	num_reg: 10  	lose cover RAM: 2016G
[    0.001960]  gran_size: 1M 	chunk_size: 8M 	num_reg: 10  	lose cover RAM: 2016G
[    0.001961]  gran_size: 1M 	chunk_size: 16M 	num_reg: 10  	lose cover RAM: 2016G
[    0.001962]  gran_size: 1M 	chunk_size: 32M 	num_reg: 10  	lose cover RAM: 1024G
[    0.001962]  gran_size: 1M 	chunk_size: 64M 	num_reg: 10  	lose cover RAM: 1024G
[    0.001963]  gran_size: 1M 	chunk_size: 128M 	num_reg: 10  	lose cover RAM: 1024G
[    0.001964]  gran_size: 1M 	chunk_size: 256M 	num_reg: 10  	lose cover RAM: 1024G
[    0.001964]  gran_size: 1M 	chunk_size: 512M 	num_reg: 10  	lose cover RAM: 1024G
[    0.001965]  gran_size: 1M 	chunk_size: 1G 	num_reg: 10  	lose cover RAM: 1024G
[    0.001966]  gran_size: 1M 	chunk_size: 2G 	num_reg: 10  	lose cover RAM: 1024G
[    0.001967]  gran_size: 2M 	chunk_size: 2M 	num_reg: 10  	lose cover RAM: 2016G
[    0.001967]  gran_size: 2M 	chunk_size: 4M 	num_reg: 10  	lose cover RAM: 2016G
[    0.001968]  gran_size: 2M 	chunk_size: 8M 	num_reg: 10  	lose cover RAM: 2016G
[    0.001968]  gran_size: 2M 	chunk_size: 16M 	num_reg: 10  	lose cover RAM: 2016G
[    0.001969]  gran_size: 2M 	chunk_size: 32M 	num_reg: 10  	lose cover RAM: 1024G
[    0.001970]  gran_size: 2M 	chunk_size: 64M 	num_reg: 10  	lose cover RAM: 1024G
[    0.001970]  gran_size: 2M 	chunk_size: 128M 	num_reg: 10  	lose cover RAM: 1024G
[    0.001971]  gran_size: 2M 	chunk_size: 256M 	num_reg: 10  	lose cover RAM: 1024G
[    0.001972]  gran_size: 2M 	chunk_size: 512M 	num_reg: 10  	lose cover RAM: 1024G
[    0.001972]  gran_size: 2M 	chunk_size: 1G 	num_reg: 10  	lose cover RAM: 1024G
[    0.001973]  gran_size: 2M 	chunk_size: 2G 	num_reg: 10  	lose cover RAM: 1024G
[    0.001974]  gran_size: 4M 	chunk_size: 4M 	num_reg: 10  	lose cover RAM: 2016G
[    0.001974]  gran_size: 4M 	chunk_size: 8M 	num_reg: 10  	lose cover RAM: 2016G
[    0.001975]  gran_size: 4M 	chunk_size: 16M 	num_reg: 10  	lose cover RAM: 2016G
[    0.001976]  gran_size: 4M 	chunk_size: 32M 	num_reg: 10  	lose cover RAM: 1024G
[    0.001976]  gran_size: 4M 	chunk_size: 64M 	num_reg: 10  	lose cover RAM: 1024G
[    0.001977]  gran_size: 4M 	chunk_size: 128M 	num_reg: 10  	lose cover RAM: 1024G
[    0.001978]  gran_size: 4M 	chunk_size: 256M 	num_reg: 10  	lose cover RAM: 1024G
[    0.001979]  gran_size: 4M 	chunk_size: 512M 	num_reg: 10  	lose cover RAM: 1024G
[    0.001980]  gran_size: 4M 	chunk_size: 1G 	num_reg: 10  	lose cover RAM: 1024G
[    0.001980]  gran_size: 4M 	chunk_size: 2G 	num_reg: 10  	lose cover RAM: 1024G
[    0.001981]  gran_size: 8M 	chunk_size: 8M 	num_reg: 10  	lose cover RAM: 2016G
[    0.001982]  gran_size: 8M 	chunk_size: 16M 	num_reg: 10  	lose cover RAM: 2016G
[    0.001982]  gran_size: 8M 	chunk_size: 32M 	num_reg: 10  	lose cover RAM: 1024G
[    0.001983]  gran_size: 8M 	chunk_size: 64M 	num_reg: 10  	lose cover RAM: 1024G
[    0.001984]  gran_size: 8M 	chunk_size: 128M 	num_reg: 10  	lose cover RAM: 1024G
[    0.001984]  gran_size: 8M 	chunk_size: 256M 	num_reg: 10  	lose cover RAM: 1024G
[    0.001985]  gran_size: 8M 	chunk_size: 512M 	num_reg: 10  	lose cover RAM: 1024G
[    0.001986]  gran_size: 8M 	chunk_size: 1G 	num_reg: 10  	lose cover RAM: 1024G
[    0.001986]  gran_size: 8M 	chunk_size: 2G 	num_reg: 10  	lose cover RAM: 1024G
[    0.001987]  gran_size: 16M 	chunk_size: 16M 	num_reg: 10  	lose cover RAM: 2016G
[    0.001988]  gran_size: 16M 	chunk_size: 32M 	num_reg: 10  	lose cover RAM: 1024G
[    0.001988]  gran_size: 16M 	chunk_size: 64M 	num_reg: 10  	lose cover RAM: 1024G
[    0.001989]  gran_size: 16M 	chunk_size: 128M 	num_reg: 10  	lose cover RAM: 1024G
[    0.001990]  gran_size: 16M 	chunk_size: 256M 	num_reg: 10  	lose cover RAM: 1024G
[    0.001990]  gran_size: 16M 	chunk_size: 512M 	num_reg: 10  	lose cover RAM: 1024G
[    0.001991]  gran_size: 16M 	chunk_size: 1G 	num_reg: 10  	lose cover RAM: 1024G
[    0.001992]  gran_size: 16M 	chunk_size: 2G 	num_reg: 10  	lose cover RAM: 1024G
[    0.001992]  gran_size: 32M 	chunk_size: 32M 	num_reg: 10  	lose cover RAM: 2031632M
[    0.001993]  gran_size: 32M 	chunk_size: 64M 	num_reg: 10  	lose cover RAM: 1048592M
[    0.001994]  gran_size: 32M 	chunk_size: 128M 	num_reg: 10  	lose cover RAM: 1048592M
[    0.001994]  gran_size: 32M 	chunk_size: 256M 	num_reg: 10  	lose cover RAM: 1048592M
[    0.001995]  gran_size: 32M 	chunk_size: 512M 	num_reg: 10  	lose cover RAM: 1048592M
[    0.001996]  gran_size: 32M 	chunk_size: 1G 	num_reg: 10  	lose cover RAM: 1048592M
[    0.001997]  gran_size: 32M 	chunk_size: 2G 	num_reg: 10  	lose cover RAM: 1048592M
[    0.001997]  gran_size: 64M 	chunk_size: 64M 	num_reg: 10  	lose cover RAM: 1966128M
[    0.001998]  gran_size: 64M 	chunk_size: 128M 	num_reg: 10  	lose cover RAM: 1048624M
[    0.001999]  gran_size: 64M 	chunk_size: 256M 	num_reg: 10  	lose cover RAM: 1048624M
[    0.001999]  gran_size: 64M 	chunk_size: 512M 	num_reg: 10  	lose cover RAM: 1048624M
[    0.002000]  gran_size: 64M 	chunk_size: 1G 	num_reg: 10  	lose cover RAM: 1048624M
[    0.002001]  gran_size: 64M 	chunk_size: 2G 	num_reg: 10  	lose cover RAM: 1048624M
[    0.002001]  gran_size: 128M 	chunk_size: 128M 	num_reg: 10  	lose cover RAM: 1835120M
[    0.002002]  gran_size: 128M 	chunk_size: 256M 	num_reg: 10  	lose cover RAM: 1048688M
[    0.002003]  gran_size: 128M 	chunk_size: 512M 	num_reg: 10  	lose cover RAM: 1048688M
[    0.002003]  gran_size: 128M 	chunk_size: 1G 	num_reg: 10  	lose cover RAM: 1048688M
[    0.002004]  gran_size: 128M 	chunk_size: 2G 	num_reg: 10  	lose cover RAM: 1048688M
[    0.002005]  gran_size: 256M 	chunk_size: 256M 	num_reg: 10  	lose cover RAM: 1573104M
[    0.002005]  gran_size: 256M 	chunk_size: 512M 	num_reg: 10  	lose cover RAM: 1048816M
[    0.002006]  gran_size: 256M 	chunk_size: 1G 	num_reg: 10  	lose cover RAM: 1048816M
[    0.002007]  gran_size: 256M 	chunk_size: 2G 	num_reg: 10  	lose cover RAM: 1048816M
[    0.002008]  gran_size: 512M 	chunk_size: 512M 	num_reg: 10  	lose cover RAM: 1049072M
[    0.002008]  gran_size: 512M 	chunk_size: 1G 	num_reg: 10  	lose cover RAM: 1049072M
[    0.002009]  gran_size: 512M 	chunk_size: 2G 	num_reg: 10  	lose cover RAM: 1049072M
[    0.002010]  gran_size: 1G 	chunk_size: 1G 	num_reg: 10  	lose cover RAM: 1008M
[    0.002010]  gran_size: 1G 	chunk_size: 2G 	num_reg: 10  	lose cover RAM: 1008M
[    0.002011]  gran_size: 2G 	chunk_size: 2G 	num_reg: 9  	lose cover RAM: 2032M
[    0.002012] mtrr_cleanup: can not find optimal value
[    0.002012] please specify mtrr_gran_size/mtrr_chunk_size
[    0.002015] e820: update [mem 0x7f000000-0xffffffff] usable ==> reserved
[    0.002017] x2apic: enabled by BIOS, switching to x2apic ops
[    0.002017] last_pfn = 0x6f800 max_arch_pfn = 0x400000000
[    0.013420] check: Scanning 1 areas for low memory corruption
[    0.013424] Using GB pages for direct mapping
[    0.013425] BRK [0xec6201000, 0xec6201fff] PGTABLE
[    0.013427] BRK [0xec6202000, 0xec6202fff] PGTABLE
[    0.013427] BRK [0xec6203000, 0xec6203fff] PGTABLE
[    0.013487] BRK [0xec6204000, 0xec6204fff] PGTABLE
[    0.013672] BRK [0xec6205000, 0xec6205fff] PGTABLE
[    0.013752] BRK [0xec6206000, 0xec6206fff] PGTABLE
[    0.013879] BRK [0xec6207000, 0xec6207fff] PGTABLE
[    0.014035] BRK [0xec6208000, 0xec6208fff] PGTABLE
[    0.014150] BRK [0xec6209000, 0xec6209fff] PGTABLE
[    0.014304] BRK [0xec620a000, 0xec620afff] PGTABLE
[    0.014398] BRK [0xec620b000, 0xec620bfff] PGTABLE
[    0.014629] BRK [0xec620c000, 0xec620cfff] PGTABLE
[    0.014973] Secure boot disabled
[    0.014974] RAMDISK: [mem 0x2065920000-0x207fffffff]
[    0.014980] ACPI: Early table checksum verification disabled
[    0.014982] ACPI: RSDP 0x000000006F7FE014 000024 (v02 DELL  )
[    0.014985] ACPI: XSDT 0x000000006F41C188 0000F4 (v01 DELL   PE_SC3   00000000 DELL 01000013)
[    0.014990] ACPI: FACP 0x000000006F430000 000114 (v06 DELL   PE_SC3   00000000 DELL 00000001)
[    0.014994] ACPI: DSDT 0x000000004B4CE000 07FAD3 (v02 DELL   PE_SC3   00000003 DELL 00000001)
[    0.014997] ACPI: FACS 0x000000006F2F2000 000040
[    0.014999] ACPI: SSDT 0x000000006F7FB000 00159A (v02 INTEL  RAS_ACPI 00000001 INTL 20210331)
[    0.015002] ACPI: SSDT 0x000000006F7FA000 000745 (v02 INTEL  ADDRXLAT 00000001 INTL 20210331)
[    0.015005] ACPI: MCEJ 0x000000006F7F9000 000130 (v01 INTEL           00000001 INTL 0100000D)
[    0.015008] ACPI: BERT 0x000000006F7F8000 000030 (v01 DELL   PE_SC3   00000001 INTL 00000001)
[    0.015010] ACPI: ERST 0x000000006F7F7000 000230 (v01 DELL   PE_SC3   00000001 INTL 00000001)
[    0.015013] ACPI: SSDT 0x000000006F431000 3C524E (v02 INTEL  SSDTNVDR 00001000 INTL 20210331)
[    0.015016] ACPI: HMAT 0x000000006F42F000 000210 (v01 DELL   PE_SC3   00000001 DELL 00000001)
[    0.015018] ACPI: HPET 0x000000006F42E000 000038 (v01 DELL   PE_SC3   00000001 DELL 00000001)
[    0.015021] ACPI: MCFG 0x000000006F42D000 00003C (v01 DELL   PE_SC3   00000001 DELL 00000001)
[    0.015023] ACPI: MIGT 0x000000006F42C000 000040 (v01 DELL   PE_SC3   00000000 DELL 00000001)
[    0.015026] ACPI: MSCT 0x000000006F42B000 000090 (v01 DELL   PE_SC3   00000001 DELL 00000001)
[    0.015028] ACPI: PMTT 0x000000006F429000 0011E8 (v02 DELL   PE_SC3   00000001 DELL 00000001)
[    0.015031] ACPI: WSMT 0x000000006F428000 000028 (v01 DELL   PE_SC3   00000000 DELL 00000001)
[    0.015033] ACPI: APIC 0x000000006F427000 00075E (v04 DELL   PE_SC3   00000000 DELL 00000001)
[    0.015036] ACPI: SLIT 0x000000006F426000 00003C (v01 DELL   PE_SC3   00000001 DELL 01000013)
[    0.015038] ACPI: SRAT 0x000000006F41F000 006430 (v03 DELL   PE_SC3   00000002 DELL 01000013)
[    0.015041] ACPI: OEM4 0x000000004B346000 187A61 (v02 INTEL  CPU  CST 00003000 INTL 20210331)
[    0.015043] ACPI: SSDT 0x000000004B2CF000 0764A5 (v02 INTEL  SSDT  PM 00004000 INTL 20210331)
[    0.015046] ACPI: SSDT 0x000000006F41E000 000A1F (v02 DELL   PE_SC3   00000000 DELL 00000001)
[    0.015049] ACPI: HEST 0x000000006F41D000 00017C (v01 DELL   PE_SC3   00000001 INTL 00000001)
[    0.015051] ACPI: PCAT 0x000000006F41B000 00010C (v19 DELL   PE_SC3   00000002 DELL 00000001)
[    0.015054] ACPI: SSDT 0x000000006F413000 007299 (v02 INTEL  SpsNm    00000002 INTL 20210331)
[    0.015056] ACPI: SSDT 0x000000006F412000 000426 (v02 DELL   PE_SC3   00000002 DELL 00000001)
[    0.015059] ACPI: NFIT 0x000000006F7FD000 000488 (v01 DELL   PE_SC3   00000002 DELL 00000001)
[    0.015061] ACPI: DMAR 0x000000006F411000 000158 (v01 DELL   PE_SC3   00000001 DELL 00000001)
[    0.015068] ACPI: Local APIC address 0xfee00000
[    0.015070] Setting APIC routing to cluster x2apic.
[    0.015116] SRAT: PXM 0 -> APIC 0x0000 -> Node 0
[    0.015116] SRAT: PXM 0 -> APIC 0x0001 -> Node 0
[    0.015117] SRAT: PXM 0 -> APIC 0x0002 -> Node 0
[    0.015117] SRAT: PXM 0 -> APIC 0x0003 -> Node 0
[    0.015118] SRAT: PXM 0 -> APIC 0x0004 -> Node 0
[    0.015118] SRAT: PXM 0 -> APIC 0x0005 -> Node 0
[    0.015118] SRAT: PXM 0 -> APIC 0x0006 -> Node 0
[    0.015119] SRAT: PXM 0 -> APIC 0x0007 -> Node 0
[    0.015119] SRAT: PXM 0 -> APIC 0x0008 -> Node 0
[    0.015120] SRAT: PXM 0 -> APIC 0x0009 -> Node 0
[    0.015120] SRAT: PXM 0 -> APIC 0x000a -> Node 0
[    0.015120] SRAT: PXM 0 -> APIC 0x000b -> Node 0
[    0.015121] SRAT: PXM 0 -> APIC 0x000c -> Node 0
[    0.015121] SRAT: PXM 0 -> APIC 0x000d -> Node 0
[    0.015122] SRAT: PXM 0 -> APIC 0x000e -> Node 0
[    0.015122] SRAT: PXM 0 -> APIC 0x000f -> Node 0
[    0.015123] SRAT: PXM 0 -> APIC 0x0010 -> Node 0
[    0.015123] SRAT: PXM 0 -> APIC 0x0011 -> Node 0
[    0.015123] SRAT: PXM 0 -> APIC 0x0012 -> Node 0
[    0.015124] SRAT: PXM 0 -> APIC 0x0013 -> Node 0
[    0.015124] SRAT: PXM 0 -> APIC 0x0014 -> Node 0
[    0.015125] SRAT: PXM 0 -> APIC 0x0015 -> Node 0
[    0.015125] SRAT: PXM 0 -> APIC 0x0016 -> Node 0
[    0.015125] SRAT: PXM 0 -> APIC 0x0017 -> Node 0
[    0.015126] SRAT: PXM 0 -> APIC 0x0018 -> Node 0
[    0.015126] SRAT: PXM 0 -> APIC 0x0019 -> Node 0
[    0.015127] SRAT: PXM 0 -> APIC 0x001a -> Node 0
[    0.015127] SRAT: PXM 0 -> APIC 0x001b -> Node 0
[    0.015128] SRAT: PXM 0 -> APIC 0x001c -> Node 0
[    0.015128] SRAT: PXM 0 -> APIC 0x001d -> Node 0
[    0.015128] SRAT: PXM 0 -> APIC 0x001e -> Node 0
[    0.015129] SRAT: PXM 0 -> APIC 0x001f -> Node 0
[    0.015129] SRAT: PXM 0 -> APIC 0x0020 -> Node 0
[    0.015130] SRAT: PXM 0 -> APIC 0x0021 -> Node 0
[    0.015130] SRAT: PXM 0 -> APIC 0x0022 -> Node 0
[    0.015130] SRAT: PXM 0 -> APIC 0x0023 -> Node 0
[    0.015131] SRAT: PXM 0 -> APIC 0x0024 -> Node 0
[    0.015131] SRAT: PXM 0 -> APIC 0x0025 -> Node 0
[    0.015132] SRAT: PXM 0 -> APIC 0x0026 -> Node 0
[    0.015132] SRAT: PXM 0 -> APIC 0x0027 -> Node 0
[    0.015132] SRAT: PXM 0 -> APIC 0x0028 -> Node 0
[    0.015133] SRAT: PXM 0 -> APIC 0x0029 -> Node 0
[    0.015133] SRAT: PXM 0 -> APIC 0x002a -> Node 0
[    0.015134] SRAT: PXM 0 -> APIC 0x002b -> Node 0
[    0.015134] SRAT: PXM 0 -> APIC 0x002c -> Node 0
[    0.015135] SRAT: PXM 0 -> APIC 0x002d -> Node 0
[    0.015135] SRAT: PXM 0 -> APIC 0x002e -> Node 0
[    0.015135] SRAT: PXM 0 -> APIC 0x002f -> Node 0
[    0.015136] SRAT: PXM 0 -> APIC 0x0030 -> Node 0
[    0.015136] SRAT: PXM 0 -> APIC 0x0031 -> Node 0
[    0.015137] SRAT: PXM 0 -> APIC 0x0032 -> Node 0
[    0.015137] SRAT: PXM 0 -> APIC 0x0033 -> Node 0
[    0.015137] SRAT: PXM 0 -> APIC 0x0034 -> Node 0
[    0.015138] SRAT: PXM 0 -> APIC 0x0035 -> Node 0
[    0.015138] SRAT: PXM 0 -> APIC 0x0036 -> Node 0
[    0.015139] SRAT: PXM 0 -> APIC 0x0037 -> Node 0
[    0.015139] SRAT: PXM 1 -> APIC 0x0080 -> Node 1
[    0.015140] SRAT: PXM 1 -> APIC 0x0081 -> Node 1
[    0.015140] SRAT: PXM 1 -> APIC 0x0082 -> Node 1
[    0.015141] SRAT: PXM 1 -> APIC 0x0083 -> Node 1
[    0.015141] SRAT: PXM 1 -> APIC 0x0084 -> Node 1
[    0.015141] SRAT: PXM 1 -> APIC 0x0085 -> Node 1
[    0.015142] SRAT: PXM 1 -> APIC 0x0086 -> Node 1
[    0.015142] SRAT: PXM 1 -> APIC 0x0087 -> Node 1
[    0.015143] SRAT: PXM 1 -> APIC 0x0088 -> Node 1
[    0.015143] SRAT: PXM 1 -> APIC 0x0089 -> Node 1
[    0.015143] SRAT: PXM 1 -> APIC 0x008a -> Node 1
[    0.015144] SRAT: PXM 1 -> APIC 0x008b -> Node 1
[    0.015144] SRAT: PXM 1 -> APIC 0x008c -> Node 1
[    0.015145] SRAT: PXM 1 -> APIC 0x008d -> Node 1
[    0.015145] SRAT: PXM 1 -> APIC 0x008e -> Node 1
[    0.015145] SRAT: PXM 1 -> APIC 0x008f -> Node 1
[    0.015146] SRAT: PXM 1 -> APIC 0x0090 -> Node 1
[    0.015146] SRAT: PXM 1 -> APIC 0x0091 -> Node 1
[    0.015147] SRAT: PXM 1 -> APIC 0x0092 -> Node 1
[    0.015147] SRAT: PXM 1 -> APIC 0x0093 -> Node 1
[    0.015147] SRAT: PXM 1 -> APIC 0x0094 -> Node 1
[    0.015148] SRAT: PXM 1 -> APIC 0x0095 -> Node 1
[    0.015148] SRAT: PXM 1 -> APIC 0x0096 -> Node 1
[    0.015149] SRAT: PXM 1 -> APIC 0x0097 -> Node 1
[    0.015149] SRAT: PXM 1 -> APIC 0x0098 -> Node 1
[    0.015150] SRAT: PXM 1 -> APIC 0x0099 -> Node 1
[    0.015150] SRAT: PXM 1 -> APIC 0x009a -> Node 1
[    0.015150] SRAT: PXM 1 -> APIC 0x009b -> Node 1
[    0.015151] SRAT: PXM 1 -> APIC 0x009c -> Node 1
[    0.015151] SRAT: PXM 1 -> APIC 0x009d -> Node 1
[    0.015152] SRAT: PXM 1 -> APIC 0x009e -> Node 1
[    0.015152] SRAT: PXM 1 -> APIC 0x009f -> Node 1
[    0.015152] SRAT: PXM 1 -> APIC 0x00a0 -> Node 1
[    0.015153] SRAT: PXM 1 -> APIC 0x00a1 -> Node 1
[    0.015153] SRAT: PXM 1 -> APIC 0x00a2 -> Node 1
[    0.015154] SRAT: PXM 1 -> APIC 0x00a3 -> Node 1
[    0.015154] SRAT: PXM 1 -> APIC 0x00a4 -> Node 1
[    0.015154] SRAT: PXM 1 -> APIC 0x00a5 -> Node 1
[    0.015155] SRAT: PXM 1 -> APIC 0x00a6 -> Node 1
[    0.015155] SRAT: PXM 1 -> APIC 0x00a7 -> Node 1
[    0.015156] SRAT: PXM 1 -> APIC 0x00a8 -> Node 1
[    0.015156] SRAT: PXM 1 -> APIC 0x00a9 -> Node 1
[    0.015157] SRAT: PXM 1 -> APIC 0x00aa -> Node 1
[    0.015157] SRAT: PXM 1 -> APIC 0x00ab -> Node 1
[    0.015157] SRAT: PXM 1 -> APIC 0x00ac -> Node 1
[    0.015158] SRAT: PXM 1 -> APIC 0x00ad -> Node 1
[    0.015158] SRAT: PXM 1 -> APIC 0x00ae -> Node 1
[    0.015159] SRAT: PXM 1 -> APIC 0x00af -> Node 1
[    0.015159] SRAT: PXM 1 -> APIC 0x00b0 -> Node 1
[    0.015159] SRAT: PXM 1 -> APIC 0x00b1 -> Node 1
[    0.015160] SRAT: PXM 1 -> APIC 0x00b2 -> Node 1
[    0.015160] SRAT: PXM 1 -> APIC 0x00b3 -> Node 1
[    0.015161] SRAT: PXM 1 -> APIC 0x00b4 -> Node 1
[    0.015161] SRAT: PXM 1 -> APIC 0x00b5 -> Node 1
[    0.015161] SRAT: PXM 1 -> APIC 0x00b6 -> Node 1
[    0.015162] SRAT: PXM 1 -> APIC 0x00b7 -> Node 1
[    0.015175] ACPI: SRAT: Node 0 PXM 0 [mem 0x00000000-0x7fffffff]
[    0.015175] ACPI: SRAT: Node 0 PXM 0 [mem 0x100000000-0x107fffffff]
[    0.015176] ACPI: SRAT: Node 2 PXM 2 [mem 0x2080000000-0x9e7fffffff] non-volatile
[    0.015177] ACPI: SRAT: Node 1 PXM 1 [mem 0x1080000000-0x207fffffff]
[    0.015178] ACPI: SRAT: Node 3 PXM 3 [mem 0x9e80000000-0x11c7fffffff] non-volatile
[    0.015187] NUMA: Initialized distance table, cnt=4
[    0.015189] NUMA: Node 0 [mem 0x00000000-0x7fffffff] + [mem 0x100000000-0x107fffffff] -> [mem 0x00000000-0x107fffffff]
[    0.015197] NODE_DATA(0) allocated [mem 0xffffd5000-0xfffffffff]
[    0.015214] NODE_DATA(1) allocated [mem 0x20658f1000-0x206591bfff]
[    0.015367] Zone ranges:
[    0.015368]   DMA      [mem 0x0000000000001000-0x0000000000ffffff]
[    0.015369]   DMA32    [mem 0x0000000001000000-0x00000000ffffffff]
[    0.015370]   Normal   [mem 0x0000000100000000-0x000000207fffffff]
[    0.015370]   Device   empty
[    0.015371] Movable zone start for each node
[    0.015374] Early memory node ranges
[    0.015375]   node   0: [mem 0x0000000000001000-0x000000000008efff]
[    0.015376]   node   0: [mem 0x0000000000090000-0x000000000009ffff]
[    0.015376]   node   0: [mem 0x0000000000100000-0x0000000049e76fff]
[    0.015377]   node   0: [mem 0x000000004ae77000-0x000000004b2cefff]
[    0.015378]   node   0: [mem 0x000000004b54e000-0x000000004bd93fff]
[    0.015378]   node   0: [mem 0x000000004be9a000-0x000000004cdfffff]
[    0.015379]   node   0: [mem 0x000000004d000000-0x000000005eefdfff]
[    0.015379]   node   0: [mem 0x000000006f7ff000-0x000000006f7fffff]
[    0.015380]   node   0: [mem 0x0000000bf6d00000-0x0000000fffffffff]
[    0.015381]   node   1: [mem 0x0000001ec0000000-0x000000207fffffff]
[    0.016057] Zeroed struct page in unavailable ranges: 70632 pages
[    0.016058] Initmem setup node 0 [mem 0x0000000000001000-0x0000000fffffffff]
[    0.016059] On node 0 totalpages: 4615192
[    0.016060]   DMA zone: 64 pages used for memmap
[    0.016061]   DMA zone: 1102 pages reserved
[    0.016062]   DMA zone: 3998 pages, LIFO batch:0
[    0.016104]   DMA32 zone: 5926 pages used for memmap
[    0.016105]   DMA32 zone: 379258 pages, LIFO batch:63
[    0.021955]   Normal zone: 66124 pages used for memmap
[    0.021956]   Normal zone: 4231936 pages, LIFO batch:63
[    0.095332] Initmem setup node 1 [mem 0x0000001ec0000000-0x000000207fffffff]
[    0.095334] On node 1 totalpages: 1835008
[    0.095335]   Normal zone: 28672 pages used for memmap
[    0.095336]   Normal zone: 1835008 pages, LIFO batch:63
[    0.115499] ACPI: PM-Timer IO Port: 0x508
[    0.115502] ACPI: Local APIC address 0xfee00000
[    0.115517] ACPI: X2APIC_NMI (uid[0xffffffff] high edge lint[0x1])
[    0.115520] ACPI: LAPIC_NMI (acpi_id[0xff] high edge lint[0x1])
[    0.115538] IOAPIC[0]: apic_id 8, version 32, address 0xfec00000, GSI 0-119
[    0.115540] ACPI: INT_SRC_OVR (bus 0 bus_irq 0 global_irq 2 dfl dfl)
[    0.115541] ACPI: INT_SRC_OVR (bus 0 bus_irq 9 global_irq 9 high level)
[    0.115543] ACPI: IRQ0 used by override.
[    0.115544] ACPI: IRQ9 used by override.
[    0.115546] Using ACPI (MADT) for SMP configuration information
[    0.115547] ACPI: HPET id: 0x8086a701 base: 0xfed00000
[    0.115551] smpboot: Allowing 112 CPUs, 0 hotplug CPUs
[    0.115576] PM: Registered nosave memory: [mem 0x00000000-0x00000fff]
[    0.115577] PM: Registered nosave memory: [mem 0x0008f000-0x0008ffff]
[    0.115579] PM: Registered nosave memory: [mem 0x000a0000-0x000fffff]
[    0.115580] PM: Registered nosave memory: [mem 0x47bcd000-0x47bcdfff]
[    0.115581] PM: Registered nosave memory: [mem 0x47bfe000-0x47bfefff]
[    0.115582] PM: Registered nosave memory: [mem 0x47bff000-0x47bfffff]
[    0.115583] PM: Registered nosave memory: [mem 0x47c31000-0x47c31fff]
[    0.115584] PM: Registered nosave memory: [mem 0x47c32000-0x47c32fff]
[    0.115585] PM: Registered nosave memory: [mem 0x47c64000-0x47c64fff]
[    0.115585] PM: Registered nosave memory: [mem 0x47c65000-0x47c65fff]
[    0.115587] PM: Registered nosave memory: [mem 0x47c6d000-0x47c6dfff]
[    0.115588] PM: Registered nosave memory: [mem 0x49e77000-0x4ae76fff]
[    0.115589] PM: Registered nosave memory: [mem 0x4b2cf000-0x4b54dfff]
[    0.115591] PM: Registered nosave memory: [mem 0x4bd94000-0x4be99fff]
[    0.115592] PM: Registered nosave memory: [mem 0x4ce00000-0x4cffffff]
[    0.115594] PM: Registered nosave memory: [mem 0x5eefe000-0x6e3fefff]
[    0.115594] PM: Registered nosave memory: [mem 0x6e3ff000-0x6f3fefff]
[    0.115595] PM: Registered nosave memory: [mem 0x6f3ff000-0x6f7fefff]
[    0.115596] PM: Registered nosave memory: [mem 0x6f800000-0x8fffffff]
[    0.115597] PM: Registered nosave memory: [mem 0x90000000-0xfdffffff]
[    0.115597] PM: Registered nosave memory: [mem 0xfe000000-0xfe010fff]
[    0.115597] PM: Registered nosave memory: [mem 0xfe011000-0xffffffff]
[    0.115598] PM: Registered nosave memory: [mem 0x100000000-0xbf6cfffff]
[    0.115600] PM: Registered nosave memory: [mem 0x1000000000-0x1ebfffffff]
[    0.115601] [mem 0x90000000-0xfdffffff] available for PCI devices
[    0.115602] Booting paravirtualized kernel on bare hardware
[    0.115604] clocksource: refined-jiffies: mask: 0xffffffff max_cycles: 0xffffffff, max_idle_ns: 7645519600211568 ns
[    0.115611] setup_percpu: NR_CPUS:8192 nr_cpumask_bits:112 nr_cpu_ids:112 nr_node_ids:4
[    0.120210] percpu: Embedded 55 pages/cpu s188416 r8192 d28672 u262144
[    0.120220] pcpu-alloc: s188416 r8192 d28672 u262144 alloc=1*2097152
[    0.120221] pcpu-alloc: [0] 000 002 004 006 008 010 012 014 
[    0.120223] pcpu-alloc: [0] 016 018 020 022 024 026 028 030 
[    0.120225] pcpu-alloc: [0] 032 034 036 038 040 042 044 046 
[    0.120226] pcpu-alloc: [0] 048 050 052 054 056 058 060 062 
[    0.120228] pcpu-alloc: [0] 064 066 068 070 072 074 076 078 
[    0.120229] pcpu-alloc: [0] 080 082 084 086 088 090 092 094 
[    0.120230] pcpu-alloc: [0] 096 098 100 102 104 106 108 110 
[    0.120232] pcpu-alloc: [1] 001 003 005 007 009 011 013 015 
[    0.120233] pcpu-alloc: [1] 017 019 021 023 025 027 029 031 
[    0.120235] pcpu-alloc: [1] 033 035 037 039 041 043 045 047 
[    0.120236] pcpu-alloc: [1] 049 051 053 055 057 059 061 063 
[    0.120237] pcpu-alloc: [1] 065 067 069 071 073 075 077 079 
[    0.120239] pcpu-alloc: [1] 081 083 085 087 089 091 093 095 
[    0.120240] pcpu-alloc: [1] 097 099 101 103 105 107 109 111 
[    0.120283] Built 2 zonelists, mobility grouping on.  Total pages: 6348312
[    0.120284] Policy zone: Normal
[    0.120285] Kernel command line: BOOT_IMAGE=/boot/vmlinuz-5.3.1-multiclock root=UUID=ce0c24b8-724b-4f33-9b2c-618433560aef ro memmap=44909M!4096M memmap=59G!64G quiet splash nomodeset vt.handoff=1
[    0.120390] You have booted with nomodeset. This means your GPU drivers are DISABLED
[    0.120391] Any video related functionality will be severely degraded, and you may not even be able to suspend the system properly
[    0.120391] Unless you actually understand what nomodeset does, you should reboot without enabling it
[    0.120408] printk: log_buf_len individual max cpu contribution: 4096 bytes
[    0.120409] printk: log_buf_len total cpu_extra contributions: 454656 bytes
[    0.120409] printk: log_buf_len min size: 262144 bytes
[    0.120563] printk: log_buf_len: 1048576 bytes
[    0.120563] printk: early log buf free: 221788(84%)
[    0.122067] mem auto-init: stack:off, heap alloc:on, heap free:off
[    0.128079] Calgary: detecting Calgary via BIOS EBDA area
[    0.128081] Calgary: Unable to locate Rio Grande table in EBDA - bailing!
[    0.182867] Memory: 24706864K/25800800K available (14339K kernel code, 2373K rwdata, 4660K rodata, 2680K init, 5056K bss, 1093936K reserved, 0K cma-reserved)
[    0.183483] SLUB: HWalign=64, Order=0-3, MinObjects=0, CPUs=112, Nodes=4
[    0.183512] ftrace: allocating 43047 entries in 169 pages
[    0.199818] rcu: Hierarchical RCU implementation.
[    0.199819] rcu: 	RCU restricting CPUs from NR_CPUS=8192 to nr_cpu_ids=112.
[    0.199820] 	Tasks RCU enabled.
[    0.199821] rcu: RCU calculated value of scheduler-enlistment delay is 25 jiffies.
[    0.199821] rcu: Adjusting geometry for rcu_fanout_leaf=16, nr_cpu_ids=112
[    0.202412] NR_IRQS: 524544, nr_irqs: 2952, preallocated irqs: 16
[    0.202766] random: crng done (trusting CPU's manufacturer)
[    0.202922] Console: colour dummy device 80x25
[    0.202937] printk: console [tty0] enabled
[    0.203030] mempolicy: Enabling automatic NUMA balancing. Configure with numa_balancing= or the kernel.numa_balancing sysctl
[    0.203032] ACPI: Core revision 20190703
[    0.206395] clocksource: hpet: mask: 0xffffffff max_cycles: 0xffffffff, max_idle_ns: 79635855245 ns
[    0.206437] APIC: Switch to symmetric I/O mode setup
[    0.206439] DMAR: Host address width 46
[    0.206440] DMAR: DRHD base: 0x000000d0ffc000 flags: 0x0
[    0.206445] DMAR: dmar0: reg_base_addr d0ffc000 ver 4:0 cap 8ed008c40780466 ecap 60000f050df
[    0.206446] DMAR: DRHD base: 0x000000dbbfc000 flags: 0x0
[    0.206449] DMAR: dmar1: reg_base_addr dbbfc000 ver 4:0 cap 8ed008c40780466 ecap 60000f050df
[    0.206450] DMAR: DRHD base: 0x000000e67fc000 flags: 0x0
[    0.206453] DMAR: dmar2: reg_base_addr e67fc000 ver 4:0 cap 8ed008c40780466 ecap 60000f050df
[    0.206454] DMAR: DRHD base: 0x000000f13fc000 flags: 0x0
[    0.206457] DMAR: dmar3: reg_base_addr f13fc000 ver 4:0 cap 8ed008c40780466 ecap 60000f050df
[    0.206458] DMAR: DRHD base: 0x000000fb7fc000 flags: 0x0
[    0.206461] DMAR: dmar4: reg_base_addr fb7fc000 ver 4:0 cap 8ed008c40780466 ecap 60000f050df
[    0.206462] DMAR: DRHD base: 0x000000a63fc000 flags: 0x0
[    0.206464] DMAR: dmar5: reg_base_addr a63fc000 ver 4:0 cap 8ed008c40780466 ecap 60000f050df
[    0.206465] DMAR: DRHD base: 0x000000b0ffc000 flags: 0x0
[    0.206468] DMAR: dmar6: reg_base_addr b0ffc000 ver 4:0 cap 8ed008c40780466 ecap 60000f050df
[    0.206468] DMAR: DRHD base: 0x000000bbbfc000 flags: 0x0
[    0.206472] DMAR: dmar7: reg_base_addr bbbfc000 ver 4:0 cap 8ed008c40780466 ecap 60000f050df
[    0.206473] DMAR: DRHD base: 0x000000c5ffc000 flags: 0x0
[    0.206476] DMAR: dmar8: reg_base_addr c5ffc000 ver 4:0 cap 8ed008c40780466 ecap 60000f050df
[    0.206476] DMAR: DRHD base: 0x0000009b7fc000 flags: 0x1
[    0.206479] DMAR: dmar9: reg_base_addr 9b7fc000 ver 4:0 cap 8ed008c40780466 ecap 60000f050df
[    0.206480] DMAR: RMRR base: 0x00000069427000 end: 0x00000069429fff
[    0.206481] DMAR: ATSR flags: 0x0
[    0.206482] DMAR-IR: IOAPIC id 8 under DRHD base  0x9b7fc000 IOMMU 9
[    0.206483] DMAR-IR: HPET id 0 under DRHD base 0x9b7fc000
[    0.206484] DMAR-IR: Queued invalidation will be enabled to support x2apic and Intr-remapping.
[    0.208960] DMAR-IR: Enabled IRQ remapping in x2apic mode
[    0.211587] ..TIMER: vector=0x30 apic1=0 pin1=2 apic2=-1 pin2=-1
[    0.230366] clocksource: tsc-early: mask: 0xffffffffffffffff max_cycles: 0x39a85c9bff6, max_idle_ns: 881590591483 ns
[    0.230370] Calibrating delay loop (skipped), value calculated using timer frequency.. 4000.00 BogoMIPS (lpj=8000000)
[    0.230371] pid_max: default: 114688 minimum: 896
[    0.234327] LSM: Security Framework initializing
[    0.234343] Yama: becoming mindful.
[    0.234731] AppArmor: AppArmor initialized
[    0.239241] Dentry cache hash table entries: 4194304 (order: 13, 33554432 bytes, vmalloc)
[    0.241514] Inode-cache hash table entries: 2097152 (order: 12, 16777216 bytes, vmalloc)
[    0.241637] Mount-cache hash table entries: 65536 (order: 7, 524288 bytes, vmalloc)
[    0.241708] Mountpoint-cache hash table entries: 65536 (order: 7, 524288 bytes, vmalloc)
[    0.241978] *** VALIDATE proc ***
[    0.242191] *** VALIDATE cgroup1 ***
[    0.242193] *** VALIDATE cgroup2 ***
[    0.242308] x86/tme: not enabled by BIOS
[    0.242310] x86/cpu: User Mode Instruction Prevention (UMIP) activated
[    0.242396] mce: CPU0: Thermal monitoring enabled (TM1)
[    0.242606] process: using mwait in idle threads
[    0.242608] Last level iTLB entries: 4KB 0, 2MB 0, 4MB 0
[    0.242608] Last level dTLB entries: 4KB 0, 2MB 0, 4MB 0, 1GB 0
[    0.242611] Spectre V1 : Mitigation: usercopy/swapgs barriers and __user pointer sanitization
[    0.242613] Spectre V2 : Mitigation: Enhanced IBRS
[    0.242613] Spectre V2 : Spectre v2 / SpectreRSB mitigation: Filling RSB on context switch
[    0.242615] Spectre V2 : mitigation: Enabling conditional Indirect Branch Prediction Barrier
[    0.242616] Speculative Store Bypass: Mitigation: Speculative Store Bypass disabled via prctl and seccomp
[    0.242879] Freeing SMP alternatives memory: 40K
[    0.246509] TSC deadline timer enabled
[    0.246518] smpboot: CPU0: Intel(R) Xeon(R) Gold 6330 CPU @ 2.00GHz (family: 0x6, model: 0x6a, stepping: 0x6)
[    0.246678] Performance Events: PEBS fmt4+-baseline, Icelake events, 32-deep LBR, full-width counters, Intel PMU driver.
[    0.246683] ... version:                5
[    0.246684] ... bit width:              48
[    0.246684] ... generic registers:      8
[    0.246685] ... value mask:             0000ffffffffffff
[    0.246685] ... max period:             00007fffffffffff
[    0.246686] ... fixed-purpose events:   4
[    0.246686] ... event mask:             0000000f000000ff
[    0.246789] rcu: Hierarchical SRCU implementation.
[    0.254076] NMI watchdog: Enabled. Permanently consumes one hw-PMU counter.
[    0.255343] smp: Bringing up secondary CPUs ...
[    0.255453] x86: Booting SMP configuration:
[    0.255454] .... node  #1, CPUs:          #1
[    0.003663] smpboot: CPU 1 Converting physical 0 to logical die 1
[    0.342475] .... node  #0, CPUs:     #2
[    0.347813] .... node  #1, CPUs:     #3
[    0.353204] .... node  #0, CPUs:     #4
[    0.358562] .... node  #1, CPUs:     #5
[    0.363905] .... node  #0, CPUs:     #6
[    0.369452] .... node  #1, CPUs:     #7
[    0.374989] .... node  #0, CPUs:     #8
[    0.380243] .... node  #1, CPUs:     #9
[    0.385942] .... node  #0, CPUs:    #10
[    0.391640] .... node  #1, CPUs:    #11
[    0.397334] .... node  #0, CPUs:    #12
[    0.402822] .... node  #1, CPUs:    #13
[    0.408139] .... node  #0, CPUs:    #14
[    0.413347] .... node  #1, CPUs:    #15
[    0.418635] .... node  #0, CPUs:    #16
[    0.423869] .... node  #1, CPUs:    #17
[    0.429150] .... node  #0, CPUs:    #18
[    0.434529] .... node  #1, CPUs:    #19
[    0.439980] .... node  #0, CPUs:    #20
[    0.445178] .... node  #1, CPUs:    #21
[    0.450741] .... node  #0, CPUs:    #22
[    0.456158] .... node  #1, CPUs:    #23
[    0.461386] .... node  #0, CPUs:    #24
[    0.466994] .... node  #1, CPUs:    #25
[    0.472277] .... node  #0, CPUs:    #26
[    0.477454] .... node  #1, CPUs:    #27
[    0.482723] .... node  #0, CPUs:    #28
[    0.488195] .... node  #1, CPUs:    #29
[    0.493439] .... node  #0, CPUs:    #30
[    0.498623] .... node  #1, CPUs:    #31
[    0.504056] .... node  #0, CPUs:    #32
[    0.509319] .... node  #1, CPUs:    #33
[    0.514649] .... node  #0, CPUs:    #34
[    0.520069] .... node  #1, CPUs:    #35
[    0.525336] .... node  #0, CPUs:    #36
[    0.530520] .... node  #1, CPUs:    #37
[    0.535788] .... node  #0, CPUs:    #38
[    0.541312] .... node  #1, CPUs:    #39
[    0.546799] .... node  #0, CPUs:    #40
[    0.552373] .... node  #1, CPUs:    #41
[    0.558077] .... node  #0, CPUs:    #42
[    0.563360] .... node  #1, CPUs:    #43
[    0.568967] .... node  #0, CPUs:    #44
[    0.574513] .... node  #1, CPUs:    #45
[    0.579718] .... node  #0, CPUs:    #46
[    0.585225] .... node  #1, CPUs:    #47
[    0.590638] .... node  #0, CPUs:    #48
[    0.595938] .... node  #1, CPUs:    #49
[    0.601332] .... node  #0, CPUs:    #50
[    0.606785] .... node  #1, CPUs:    #51
[    0.612391] .... node  #0, CPUs:    #52
[    0.617831] .... node  #1, CPUs:    #53
[    0.623377] .... node  #0, CPUs:    #54
[    0.629058] .... node  #1, CPUs:    #55
[    0.634815] .... node  #0, CPUs:    #56
[    0.640618] .... node  #1, CPUs:    #57
[    0.646476] .... node  #0, CPUs:    #58
[    0.651843] .... node  #1, CPUs:    #59
[    0.657250] .... node  #0, CPUs:    #60
[    0.662595] .... node  #1, CPUs:    #61
[    0.667959] .... node  #0, CPUs:    #62
[    0.673518] .... node  #1, CPUs:    #63
[    0.679083] .... node  #0, CPUs:    #64
[    0.684356] .... node  #1, CPUs:    #65
[    0.690060] .... node  #0, CPUs:    #66
[    0.695761] .... node  #1, CPUs:    #67
[    0.701489] .... node  #0, CPUs:    #68
[    0.706986] .... node  #1, CPUs:    #69
[    0.712322] .... node  #0, CPUs:    #70
[    0.717530] .... node  #1, CPUs:    #71
[    0.722833] .... node  #0, CPUs:    #72
[    0.728084] .... node  #1, CPUs:    #73
[    0.733370] .... node  #0, CPUs:    #74
[    0.738609] .... node  #1, CPUs:    #75
[    0.744237] .... node  #0, CPUs:    #76
[    0.749464] .... node  #1, CPUs:    #77
[    0.755053] .... node  #0, CPUs:    #78
[    0.760472] .... node  #1, CPUs:    #79
[    0.765740] .... node  #0, CPUs:    #80
[    0.771347] .... node  #1, CPUs:    #81
[    0.776666] .... node  #0, CPUs:    #82
[    0.781860] .... node  #1, CPUs:    #83
[    0.787152] .... node  #0, CPUs:    #84
[    0.792648] .... node  #1, CPUs:    #85
[    0.797917] .... node  #0, CPUs:    #86
[    0.803120] .... node  #1, CPUs:    #87
[    0.808585] .... node  #0, CPUs:    #88
[    0.813855] .... node  #1, CPUs:    #89
[    0.819206] .... node  #0, CPUs:    #90
[    0.824629] .... node  #1, CPUs:    #91
[    0.829915] .... node  #0, CPUs:    #92
[    0.835113] .... node  #1, CPUs:    #93
[    0.840402] .... node  #0, CPUs:    #94
[    0.845953] .... node  #1, CPUs:    #95
[    0.851445] .... node  #0, CPUs:    #96
[    0.857038] .... node  #1, CPUs:    #97
[    0.862768] .... node  #0, CPUs:    #98
[    0.868060] .... node  #1, CPUs:    #99
[    0.873693] .... node  #0, CPUs:   #100
[    0.879025] .... node  #1, CPUs:   #101
[    0.884476] .... node  #0, CPUs:   #102
[    0.889995] .... node  #1, CPUs:   #103
[    0.895429] .... node  #0, CPUs:   #104
[    0.900757] .... node  #1, CPUs:   #105
[    0.906375] .... node  #0, CPUs:   #106
[    0.911627] .... node  #1, CPUs:   #107
[    0.917261] .... node  #0, CPUs:   #108
[    0.922697] .... node  #1, CPUs:   #109
[    0.928264] .... node  #0, CPUs:   #110
[    0.933937] .... node  #1, CPUs:   #111
[    0.939712] smp: Brought up 2 nodes, 112 CPUs
[    0.939712] smpboot: Max logical packages: 2
[    0.939712] smpboot: Total of 112 processors activated (448062.30 BogoMIPS)
[    0.949173] devtmpfs: initialized
[    0.949173] x86/mm: Memory block size: 2048MB
[    0.949173] PM: Registering ACPI NVS region [mem 0x49e77000-0x4ae76fff] (16777216 bytes)
[    0.949173] PM: Registering ACPI NVS region [mem 0x6e3ff000-0x6f3fefff] (16777216 bytes)
[    0.949173] clocksource: jiffies: mask: 0xffffffff max_cycles: 0xffffffff, max_idle_ns: 7645041785100000 ns
[    0.949173] futex hash table entries: 32768 (order: 9, 2097152 bytes, vmalloc)
[    0.950385] pinctrl core: initialized pinctrl subsystem
[    0.950385] PM: RTC time: 05:06:56, date: 2024-06-25
[    0.950385] NET: Registered protocol family 16
[    0.950385] audit: initializing netlink subsys (disabled)
[    0.950385] audit: type=2000 audit(1719292015.748:1): state=initialized audit_enabled=0 res=1
[    0.950447] EISA bus registered
[    0.950464] cpuidle: using governor ladder
[    0.950464] cpuidle: using governor menu
[    0.950464] ACPI FADT declares the system doesn't support PCIe ASPM, so disable it
[    0.950464] ACPI: bus type PCI registered
[    0.950464] acpiphp: ACPI Hot Plug PCI Controller Driver version: 0.5
[    0.950511] PCI: MMCONFIG for domain 0000 [bus 00-ff] at [mem 0x80000000-0x8fffffff] (base 0x80000000)
[    0.950526] PCI: MMCONFIG at [mem 0x80000000-0x8fffffff] reserved in E820
[    0.950526] pmd_set_huge: Cannot satisfy [mem 0x80000000-0x80200000] with a huge-page mapping due to MTRR override.
[    0.950626] PCI: Using configuration type 1 for base access
[    0.950635] PCI: Dell System detected, enabling pci=bfsort.
[    0.954389] ENERGY_PERF_BIAS: Set to 'normal', was 'performance'
[    0.958647] HugeTLB registered 1.00 GiB page size, pre-allocated 0 pages
[    0.958647] HugeTLB registered 2.00 MiB page size, pre-allocated 0 pages
[    0.962770] ACPI: Added _OSI(Module Device)
[    0.962771] ACPI: Added _OSI(Processor Device)
[    0.962772] ACPI: Added _OSI(3.0 _SCP Extensions)
[    0.962773] ACPI: Added _OSI(Processor Aggregator Device)
[    0.962774] ACPI: Added _OSI(Linux-Dell-Video)
[    0.962774] ACPI: Added _OSI(Linux-Lenovo-NV-HDMI-Audio)
[    0.962775] ACPI: Added _OSI(Linux-HPI-Hybrid-Graphics)
[    1.129182] ACPI: 8 ACPI AML tables successfully acquired and loaded
[    1.136286] ACPI: [Firmware Bug]: BIOS _OSI(Linux) query ignored
[    1.142922] ACPI: Dynamic OEM Table Load:
[    1.537591] ACPI: Interpreter enabled
[    1.537609] ACPI: (supports S0 S5)
[    1.537610] ACPI: Using IOAPIC for interrupt routing
[    1.537697] HEST: Table parsing has been initialized.
[    1.537699] PCI: Using host bridge windows from ACPI; if necessary, use "pci=nocrs" and report a bug
[    1.566613] ACPI: Enabled 4 GPEs in block 00 to 7F
[    1.691366] ACPI: PCI Root Bridge [PC00] (domain 0000 [bus 00-15])
[    1.691370] acpi PNP0A08:00: _OSC: OS supports [ExtendedConfig ASPM ClockPM Segments MSI HPX-Type3]
[    1.691448] acpi PNP0A08:00: PCIe AER handled by firmware
[    1.691560] acpi PNP0A08:00: _OSC: platform does not support [SHPCHotplug LTR]
[    1.691768] acpi PNP0A08:00: _OSC: OS now controls [PCIeHotplug PME PCIeCapability]
[    1.691769] acpi PNP0A08:00: FADT indicates ASPM is unsupported, using BIOS configuration
[    1.693569] PCI host bridge to bus 0000:00
[    1.693571] pci_bus 0000:00: root bus resource [io  0x0000-0x0cf7 window]
[    1.693572] pci_bus 0000:00: root bus resource [io  0x1000-0x4fff window]
[    1.693573] pci_bus 0000:00: root bus resource [mem 0x000a0000-0x000bffff window]
[    1.693574] pci_bus 0000:00: root bus resource [mem 0x000c8000-0x000cffff window]
[    1.693574] pci_bus 0000:00: root bus resource [mem 0xfe010000-0xfe010fff window]
[    1.693575] pci_bus 0000:00: root bus resource [mem 0x90000000-0x9b7fffff window]
[    1.693576] pci_bus 0000:00: root bus resource [mem 0x200000000000-0x20ffffffffff window]
[    1.693577] pci_bus 0000:00: root bus resource [bus 00-15]
[    1.693586] pci 0000:00:00.0: [8086:09a2] type 00 class 0x088000
[    1.694318] pci 0000:00:00.1: [8086:09a4] type 00 class 0x088000
[    1.695034] pci 0000:00:00.2: [8086:09a3] type 00 class 0x088000
[    1.695747] pci 0000:00:00.4: [8086:0998] type 00 class 0x060000
[    1.696462] pci 0000:00:02.0: [8086:09a6] type 00 class 0x088000
[    1.696472] pci 0000:00:02.0: reg 0x10: [mem 0x92dfc000-0x92dfdfff]
[    1.697179] pci 0000:00:02.1: [8086:09a7] type 00 class 0x088000
[    1.697188] pci 0000:00:02.1: reg 0x10: [mem 0x92d00000-0x92d7ffff]
[    1.697193] pci 0000:00:02.1: reg 0x14: [mem 0x92c80000-0x92cfffff]
[    1.697899] pci 0000:00:02.4: [8086:3456] type 00 class 0x130000
[    1.697909] pci 0000:00:02.4: reg 0x10: [mem 0x92a00000-0x92afffff 64bit]
[    1.697916] pci 0000:00:02.4: reg 0x18: [mem 0x92df0000-0x92df3fff 64bit]
[    1.697922] pci 0000:00:02.4: reg 0x20: [mem 0x92dc0000-0x92ddffff 64bit]
[    1.698643] pci 0000:00:11.0: [8086:a1ec] type 00 class 0xff0000
[    1.699421] pci 0000:00:11.5: [8086:a1d2] type 00 class 0x010601
[    1.699438] pci 0000:00:11.5: reg 0x10: [mem 0x92dfa000-0x92dfbfff]
[    1.699445] pci 0000:00:11.5: reg 0x14: [mem 0x92e05000-0x92e050ff]
[    1.699452] pci 0000:00:11.5: reg 0x18: [io  0x2068-0x206f]
[    1.699459] pci 0000:00:11.5: reg 0x1c: [io  0x2074-0x2077]
[    1.699466] pci 0000:00:11.5: reg 0x20: [io  0x2040-0x205f]
[    1.699473] pci 0000:00:11.5: reg 0x24: [mem 0x92b80000-0x92bfffff]
[    1.699511] pci 0000:00:11.5: PME# supported from D3hot
[    1.700238] pci 0000:00:14.0: [8086:a1af] type 00 class 0x0c0330
[    1.700259] pci 0000:00:14.0: reg 0x10: [mem 0x92de0000-0x92deffff 64bit]
[    1.700323] pci 0000:00:14.0: PME# supported from D3hot D3cold
[    1.701045] pci 0000:00:14.2: [8086:a1b1] type 00 class 0x118000
[    1.701065] pci 0000:00:14.2: reg 0x10: [mem 0x92e02000-0x92e02fff 64bit]
[    1.701819] pci 0000:00:16.0: [8086:a1ba] type 00 class 0x078000
[    1.701847] pci 0000:00:16.0: reg 0x10: [mem 0x92e01000-0x92e01fff 64bit]
[    1.701932] pci 0000:00:16.0: PME# supported from D3hot
[    1.702629] pci 0000:00:16.1: [8086:a1bb] type 00 class 0x078000
[    1.702657] pci 0000:00:16.1: reg 0x10: [mem 0x92e00000-0x92e00fff 64bit]
[    1.702742] pci 0000:00:16.1: PME# supported from D3hot
[    1.703440] pci 0000:00:16.4: [8086:a1be] type 00 class 0x078000
[    1.703468] pci 0000:00:16.4: reg 0x10: [mem 0x92dff000-0x92dfffff 64bit]
[    1.703553] pci 0000:00:16.4: PME# supported from D3hot
[    1.704246] pci 0000:00:17.0: [8086:a182] type 00 class 0x010601
[    1.704263] pci 0000:00:17.0: reg 0x10: [mem 0x92df8000-0x92df9fff]
[    1.704269] pci 0000:00:17.0: reg 0x14: [mem 0x92e04000-0x92e040ff]
[    1.704276] pci 0000:00:17.0: reg 0x18: [io  0x2060-0x2067]
[    1.704283] pci 0000:00:17.0: reg 0x1c: [io  0x2070-0x2073]
[    1.704290] pci 0000:00:17.0: reg 0x20: [io  0x2020-0x203f]
[    1.704297] pci 0000:00:17.0: reg 0x24: [mem 0x92b00000-0x92b7ffff]
[    1.704334] pci 0000:00:17.0: PME# supported from D3hot
[    1.705062] pci 0000:00:1c.0: [8086:a190] type 01 class 0x060400
[    1.705140] pci 0000:00:1c.0: PME# supported from D0 D3hot D3cold
[    1.705916] pci 0000:00:1c.4: [8086:a194] type 01 class 0x060400
[    1.705988] pci 0000:00:1c.4: PME# supported from D0 D3hot D3cold
[    1.706754] pci 0000:00:1c.5: [8086:a195] type 01 class 0x060400
[    1.706827] pci 0000:00:1c.5: PME# supported from D0 D3hot D3cold
[    1.707595] pci 0000:00:1f.0: [8086:a1cb] type 00 class 0x060100
[    1.708410] pci 0000:00:1f.2: [8086:a1a1] type 00 class 0x058000
[    1.708425] pci 0000:00:1f.2: reg 0x10: [mem 0x92df4000-0x92df7fff]
[    1.709186] pci 0000:00:1f.4: [8086:a1a3] type 00 class 0x0c0500
[    1.709206] pci 0000:00:1f.4: reg 0x10: [mem 0x92dfe000-0x92dfe0ff 64bit]
[    1.709229] pci 0000:00:1f.4: reg 0x20: [io  0x2000-0x201f]
[    1.709931] pci 0000:00:1f.5: [8086:a1a4] type 00 class 0x0c8000
[    1.709947] pci 0000:00:1f.5: reg 0x10: [mem 0xfe010000-0xfe010fff]
[    1.710714] pci 0000:00:1c.0: PCI bridge to [bus 01]
[    1.710761] pci 0000:02:00.0: [1556:be00] type 01 class 0x060400
[    1.710929] pci 0000:00:1c.4: PCI bridge to [bus 02-03]
[    1.710933] pci 0000:00:1c.4:   bridge window [mem 0x92000000-0x928fffff]
[    1.710937] pci 0000:00:1c.4:   bridge window [mem 0x91000000-0x91ffffff 64bit pref]
[    1.710969] pci_bus 0000:03: extended config space not accessible
[    1.710986] pci 0000:03:00.0: [102b:0536] type 00 class 0x030000
[    1.711005] pci 0000:03:00.0: reg 0x10: [mem 0x91000000-0x91ffffff pref]
[    1.711015] pci 0000:03:00.0: reg 0x14: [mem 0x92808000-0x9280bfff]
[    1.711025] pci 0000:03:00.0: reg 0x18: [mem 0x92000000-0x927fffff]
[    1.711072] pci 0000:03:00.0: BAR 0: assigned to efifb
[    1.711166] pci 0000:02:00.0: PCI bridge to [bus 03]
[    1.711174] pci 0000:02:00.0:   bridge window [mem 0x92000000-0x928fffff]
[    1.711179] pci 0000:02:00.0:   bridge window [mem 0x91000000-0x91ffffff 64bit pref]
[    1.711244] pci 0000:04:00.0: [14e4:165f] type 00 class 0x020000
[    1.711276] pci 0000:04:00.0: reg 0x10: [mem 0x92930000-0x9293ffff 64bit pref]
[    1.711291] pci 0000:04:00.0: reg 0x18: [mem 0x92940000-0x9294ffff 64bit pref]
[    1.711306] pci 0000:04:00.0: reg 0x20: [mem 0x92950000-0x9295ffff 64bit pref]
[    1.711317] pci 0000:04:00.0: reg 0x30: [mem 0xfffc0000-0xffffffff pref]
[    1.711408] pci 0000:04:00.0: PME# supported from D0 D3hot D3cold
[    1.711447] pci 0000:04:00.0: 4.000 Gb/s available PCIe bandwidth, limited by 5 GT/s x1 link at 0000:00:1c.5 (capable of 8.000 Gb/s with 5 GT/s x2 link)
[    1.711578] pci 0000:04:00.1: [14e4:165f] type 00 class 0x020000
[    1.711609] pci 0000:04:00.1: reg 0x10: [mem 0x92900000-0x9290ffff 64bit pref]
[    1.711624] pci 0000:04:00.1: reg 0x18: [mem 0x92910000-0x9291ffff 64bit pref]
[    1.711639] pci 0000:04:00.1: reg 0x20: [mem 0x92920000-0x9292ffff 64bit pref]
[    1.711649] pci 0000:04:00.1: reg 0x30: [mem 0xfffc0000-0xffffffff pref]
[    1.711741] pci 0000:04:00.1: PME# supported from D0 D3hot D3cold
[    1.711888] pci 0000:00:1c.5: PCI bridge to [bus 04]
[    1.711895] pci 0000:00:1c.5:   bridge window [mem 0x92900000-0x929fffff 64bit pref]
[    1.711908] pci_bus 0000:00: on NUMA node 0
[    1.712459] ACPI: PCI Root Bridge [PC01] (domain 0000 [bus 16-2f])
[    1.712461] acpi PNP0A08:01: _OSC: OS supports [ExtendedConfig ASPM ClockPM Segments MSI HPX-Type3]
[    1.712559] acpi PNP0A08:01: PCIe AER handled by firmware
[    1.712667] acpi PNP0A08:01: _OSC: platform does not support [SHPCHotplug]
[    1.712869] acpi PNP0A08:01: _OSC: OS now controls [PCIeHotplug PME PCIeCapability LTR]
[    1.712870] acpi PNP0A08:01: FADT indicates ASPM is unsupported, using BIOS configuration
[    1.712993] PCI host bridge to bus 0000:16
[    1.712994] pci_bus 0000:16: root bus resource [io  0x5000-0x6fff window]
[    1.712995] pci_bus 0000:16: root bus resource [mem 0x9b800000-0xa63fffff window]
[    1.712995] pci_bus 0000:16: root bus resource [mem 0x210000000000-0x21ffffffffff window]
[    1.712996] pci_bus 0000:16: root bus resource [bus 16-2f]
[    1.713003] pci 0000:16:00.0: [8086:09a2] type 00 class 0x088000
[    1.713070] pci 0000:16:00.1: [8086:09a4] type 00 class 0x088000
[    1.713133] pci 0000:16:00.2: [8086:09a3] type 00 class 0x088000
[    1.713195] pci 0000:16:00.4: [8086:0998] type 00 class 0x060000
[    1.713257] pci 0000:16:02.0: [8086:347a] type 01 class 0x060400
[    1.713270] pci 0000:16:02.0: reg 0x10: [mem 0x21fffff00000-0x21fffff1ffff 64bit]
[    1.713307] pci 0000:16:02.0: PME# supported from D0 D3hot D3cold
[    1.713604] pci 0000:17:00.0: [1000:10e2] type 00 class 0x010400
[    1.713624] pci 0000:17:00.0: reg 0x10: [mem 0x9b800000-0x9b8fffff 64bit pref]
[    1.713632] pci 0000:17:00.0: reg 0x18: [mem 0x9b900000-0x9b9fffff 64bit pref]
[    1.713637] pci 0000:17:00.0: reg 0x20: [mem 0x9ba00000-0x9bafffff]
[    1.713642] pci 0000:17:00.0: reg 0x24: [io  0x5000-0x50ff]
[    1.713648] pci 0000:17:00.0: reg 0x30: [mem 0xfff00000-0xffffffff pref]
[    1.714886] pci 0000:17:00.0: supports D1 D2
[    1.714937] pci 0000:16:02.0: PCI bridge to [bus 17]
[    1.714938] pci 0000:16:02.0:   bridge window [io  0x5000-0x5fff]
[    1.714940] pci 0000:16:02.0:   bridge window [mem 0x9ba00000-0x9bafffff]
[    1.714942] pci 0000:16:02.0:   bridge window [mem 0x9b800000-0x9b9fffff 64bit pref]
[    1.714947] pci_bus 0000:16: on NUMA node 0
[    1.715012] ACPI: PCI Root Bridge [PC02] (domain 0000 [bus 30-49])
[    1.715014] acpi PNP0A08:02: _OSC: OS supports [ExtendedConfig ASPM ClockPM Segments MSI HPX-Type3]
[    1.715109] acpi PNP0A08:02: PCIe AER handled by firmware
[    1.715216] acpi PNP0A08:02: _OSC: platform does not support [SHPCHotplug]
[    1.715416] acpi PNP0A08:02: _OSC: OS now controls [PCIeHotplug PME PCIeCapability LTR]
[    1.715416] acpi PNP0A08:02: FADT indicates ASPM is unsupported, using BIOS configuration
[    1.715533] PCI host bridge to bus 0000:30
[    1.715534] pci_bus 0000:30: root bus resource [io  0x7000-0x8fff window]
[    1.715535] pci_bus 0000:30: root bus resource [mem 0xa6400000-0xb0ffffff window]
[    1.715537] pci_bus 0000:30: root bus resource [mem 0x220000000000-0x22ffffffffff window]
[    1.715538] pci_bus 0000:30: root bus resource [bus 30-49]
[    1.715545] pci 0000:30:00.0: [8086:09a2] type 00 class 0x088000
[    1.715610] pci 0000:30:00.1: [8086:09a4] type 00 class 0x088000
[    1.715671] pci 0000:30:00.2: [8086:09a3] type 00 class 0x088000
[    1.715734] pci 0000:30:00.4: [8086:0998] type 00 class 0x060000
[    1.715804] pci_bus 0000:30: on NUMA node 0
[    1.715891] ACPI: PCI Root Bridge [PC04] (domain 0000 [bus 4a-63])
[    1.715893] acpi PNP0A08:04: _OSC: OS supports [ExtendedConfig ASPM ClockPM Segments MSI HPX-Type3]
[    1.715984] acpi PNP0A08:04: PCIe AER handled by firmware
[    1.716088] acpi PNP0A08:04: _OSC: platform does not support [SHPCHotplug]
[    1.716287] acpi PNP0A08:04: _OSC: OS now controls [PCIeHotplug PME PCIeCapability LTR]
[    1.716287] acpi PNP0A08:04: FADT indicates ASPM is unsupported, using BIOS configuration
[    1.716397] PCI host bridge to bus 0000:4a
[    1.716398] pci_bus 0000:4a: root bus resource [io  0x9000-0x9fff window]
[    1.716399] pci_bus 0000:4a: root bus resource [mem 0xb1000000-0xbbbfffff window]
[    1.716400] pci_bus 0000:4a: root bus resource [mem 0x230000000000-0x23ffffffffff window]
[    1.716401] pci_bus 0000:4a: root bus resource [bus 4a-63]
[    1.716407] pci 0000:4a:00.0: [8086:09a2] type 00 class 0x088000
[    1.716470] pci 0000:4a:00.1: [8086:09a4] type 00 class 0x088000
[    1.716530] pci 0000:4a:00.2: [8086:09a3] type 00 class 0x088000
[    1.716598] pci 0000:4a:00.4: [8086:0998] type 00 class 0x060000
[    1.716669] pci_bus 0000:4a: on NUMA node 0
[    1.716728] ACPI: PCI Root Bridge [PC05] (domain 0000 [bus 64-7d])
[    1.716730] acpi PNP0A08:05: _OSC: OS supports [ExtendedConfig ASPM ClockPM Segments MSI HPX-Type3]
[    1.716821] acpi PNP0A08:05: PCIe AER handled by firmware
[    1.716925] acpi PNP0A08:05: _OSC: platform does not support [SHPCHotplug]
[    1.717124] acpi PNP0A08:05: _OSC: OS now controls [PCIeHotplug PME PCIeCapability LTR]
[    1.717125] acpi PNP0A08:05: FADT indicates ASPM is unsupported, using BIOS configuration
[    1.717233] PCI host bridge to bus 0000:64
[    1.717234] pci_bus 0000:64: root bus resource [io  0xa000-0xafff window]
[    1.717235] pci_bus 0000:64: root bus resource [mem 0xbbc00000-0xc5ffffff window]
[    1.717236] pci_bus 0000:64: root bus resource [mem 0x240000000000-0x24ffffffffff window]
[    1.717237] pci_bus 0000:64: root bus resource [bus 64-7d]
[    1.717243] pci 0000:64:00.0: [8086:09a2] type 00 class 0x088000
[    1.717306] pci 0000:64:00.1: [8086:09a4] type 00 class 0x088000
[    1.717368] pci 0000:64:00.2: [8086:09a3] type 00 class 0x088000
[    1.717430] pci 0000:64:00.4: [8086:0998] type 00 class 0x060000
[    1.717501] pci_bus 0000:64: on NUMA node 0
[    1.717557] ACPI: PCI Root Bridge [UC06] (domain 0000 [bus 7e])
[    1.717559] acpi PNP0A03:00: _OSC: OS supports [ExtendedConfig ASPM ClockPM Segments MSI HPX-Type3]
[    1.717634] acpi PNP0A03:00: PCIe AER handled by firmware
[    1.717724] acpi PNP0A03:00: _OSC: platform does not support [SHPCHotplug LTR]
[    1.717892] acpi PNP0A03:00: _OSC: OS now controls [PCIeHotplug PME PCIeCapability]
[    1.717892] acpi PNP0A03:00: FADT indicates ASPM is unsupported, using BIOS configuration
[    1.718025] PCI host bridge to bus 0000:7e
[    1.718025] pci_bus 0000:7e: root bus resource [bus 7e]
[    1.718031] pci 0000:7e:00.0: [8086:3450] type 00 class 0x088000
[    1.718101] pci 0000:7e:00.1: [8086:3451] type 00 class 0x088000
[    1.718164] pci 0000:7e:00.2: [8086:3452] type 00 class 0x088000
[    1.718236] pci 0000:7e:00.3: [8086:0998] type 00 class 0x060000
[    1.718300] pci 0000:7e:00.5: [8086:3455] type 00 class 0x088000
[    1.718369] pci 0000:7e:02.0: [8086:3440] type 00 class 0x088000
[    1.718491] pci 0000:7e:02.1: [8086:3441] type 00 class 0x088000
[    1.718606] pci 0000:7e:02.2: [8086:3442] type 00 class 0x088000
[    1.718722] pci 0000:7e:03.0: [8086:3440] type 00 class 0x088000
[    1.718811] pci 0000:7e:03.1: [8086:3441] type 00 class 0x088000
[    1.718892] pci 0000:7e:03.2: [8086:3442] type 00 class 0x088000
[    1.718987] pci 0000:7e:04.0: [8086:3440] type 00 class 0x088000
[    1.719114] pci 0000:7e:04.1: [8086:3441] type 00 class 0x088000
[    1.719235] pci 0000:7e:04.2: [8086:3442] type 00 class 0x088000
[    1.719357] pci 0000:7e:04.3: [8086:3443] type 00 class 0x088000
[    1.719483] pci 0000:7e:05.0: [8086:3445] type 00 class 0x088000
[    1.719605] pci 0000:7e:05.1: [8086:3446] type 00 class 0x088000
[    1.719731] pci 0000:7e:05.2: [8086:3447] type 00 class 0x088000
[    1.719850] pci 0000:7e:06.0: [8086:3445] type 00 class 0x088000
[    1.719942] pci 0000:7e:06.1: [8086:3446] type 00 class 0x088000
[    1.720028] pci 0000:7e:06.2: [8086:3447] type 00 class 0x088000
[    1.720121] pci 0000:7e:07.0: [8086:3445] type 00 class 0x088000
[    1.720247] pci 0000:7e:07.1: [8086:3446] type 00 class 0x088000
[    1.720373] pci 0000:7e:07.2: [8086:3447] type 00 class 0x088000
[    1.720498] pci 0000:7e:0b.0: [8086:3448] type 00 class 0x088000
[    1.720573] pci 0000:7e:0b.1: [8086:3448] type 00 class 0x088000
[    1.720648] pci 0000:7e:0b.2: [8086:344b] type 00 class 0x088000
[    1.720732] pci 0000:7e:0c.0: [8086:344a] type 00 class 0x110100
[    1.720830] pci 0000:7e:0d.0: [8086:344a] type 00 class 0x110100
[    1.720925] pci 0000:7e:0e.0: [8086:344a] type 00 class 0x110100
[    1.721075] pci 0000:7e:0f.0: [8086:344a] type 00 class 0x110100
[    1.721236] pci 0000:7e:1a.0: [8086:2880] type 00 class 0x110100
[    1.721333] pci 0000:7e:1b.0: [8086:2880] type 00 class 0x110100
[    1.721424] pci 0000:7e:1c.0: [8086:2880] type 00 class 0x110100
[    1.721578] pci 0000:7e:1d.0: [8086:2880] type 00 class 0x110100
[    1.721740] pci_bus 0000:7e: on NUMA node 0
[    1.721815] ACPI: PCI Root Bridge [UC07] (domain 0000 [bus 7f])
[    1.721817] acpi PNP0A03:01: _OSC: OS supports [ExtendedConfig ASPM ClockPM Segments MSI HPX-Type3]
[    1.721894] acpi PNP0A03:01: PCIe AER handled by firmware
[    1.721984] acpi PNP0A03:01: _OSC: platform does not support [SHPCHotplug LTR]
[    1.722155] acpi PNP0A03:01: _OSC: OS now controls [PCIeHotplug PME PCIeCapability]
[    1.722155] acpi PNP0A03:01: FADT indicates ASPM is unsupported, using BIOS configuration
[    1.722300] PCI host bridge to bus 0000:7f
[    1.722301] pci_bus 0000:7f: root bus resource [bus 7f]
[    1.722311] pci 0000:7f:00.0: [8086:344c] type 00 class 0x088000
[    1.722420] pci 0000:7f:00.1: [8086:344c] type 00 class 0x088000
[    1.722537] pci 0000:7f:00.2: [8086:344c] type 00 class 0x088000
[    1.722660] pci 0000:7f:00.3: [8086:344c] type 00 class 0x088000
[    1.722755] pci 0000:7f:00.4: [8086:344c] type 00 class 0x088000
[    1.722883] pci 0000:7f:00.5: [8086:344c] type 00 class 0x088000
[    1.723010] pci 0000:7f:00.6: [8086:344c] type 00 class 0x088000
[    1.723095] pci 0000:7f:00.7: [8086:344c] type 00 class 0x088000
[    1.723191] pci 0000:7f:01.0: [8086:344c] type 00 class 0x088000
[    1.723328] pci 0000:7f:01.1: [8086:344c] type 00 class 0x088000
[    1.723455] pci 0000:7f:01.2: [8086:344c] type 00 class 0x088000
[    1.723542] pci 0000:7f:01.3: [8086:344c] type 00 class 0x088000
[    1.723680] pci 0000:7f:01.4: [8086:344c] type 00 class 0x088000
[    1.723817] pci 0000:7f:01.5: [8086:344c] type 00 class 0x088000
[    1.723960] pci 0000:7f:01.6: [8086:344c] type 00 class 0x088000
[    1.724088] pci 0000:7f:01.7: [8086:344c] type 00 class 0x088000
[    1.724226] pci 0000:7f:02.0: [8086:344c] type 00 class 0x088000
[    1.724366] pci 0000:7f:02.1: [8086:344c] type 00 class 0x088000
[    1.724504] pci 0000:7f:02.2: [8086:344c] type 00 class 0x088000
[    1.724642] pci 0000:7f:02.3: [8086:344c] type 00 class 0x088000
[    1.724787] pci 0000:7f:02.4: [8086:344c] type 00 class 0x088000
[    1.724931] pci 0000:7f:02.5: [8086:344c] type 00 class 0x088000
[    1.725074] pci 0000:7f:02.6: [8086:344c] type 00 class 0x088000
[    1.725227] pci 0000:7f:02.7: [8086:344c] type 00 class 0x088000
[    1.725385] pci 0000:7f:03.0: [8086:344c] type 00 class 0x088000
[    1.725536] pci 0000:7f:03.1: [8086:344c] type 00 class 0x088000
[    1.725694] pci 0000:7f:03.2: [8086:344c] type 00 class 0x088000
[    1.725849] pci 0000:7f:03.3: [8086:344c] type 00 class 0x088000
[    1.726015] pci 0000:7f:0a.0: [8086:344d] type 00 class 0x088000
[    1.726124] pci 0000:7f:0a.1: [8086:344d] type 00 class 0x088000
[    1.726242] pci 0000:7f:0a.2: [8086:344d] type 00 class 0x088000
[    1.726361] pci 0000:7f:0a.3: [8086:344d] type 00 class 0x088000
[    1.726462] pci 0000:7f:0a.4: [8086:344d] type 00 class 0x088000
[    1.726591] pci 0000:7f:0a.5: [8086:344d] type 00 class 0x088000
[    1.726714] pci 0000:7f:0a.6: [8086:344d] type 00 class 0x088000
[    1.726802] pci 0000:7f:0a.7: [8086:344d] type 00 class 0x088000
[    1.726893] pci 0000:7f:0b.0: [8086:344d] type 00 class 0x088000
[    1.727028] pci 0000:7f:0b.1: [8086:344d] type 00 class 0x088000
[    1.727157] pci 0000:7f:0b.2: [8086:344d] type 00 class 0x088000
[    1.727243] pci 0000:7f:0b.3: [8086:344d] type 00 class 0x088000
[    1.727384] pci 0000:7f:0b.4: [8086:344d] type 00 class 0x088000
[    1.727524] pci 0000:7f:0b.5: [8086:344d] type 00 class 0x088000
[    1.727667] pci 0000:7f:0b.6: [8086:344d] type 00 class 0x088000
[    1.727794] pci 0000:7f:0b.7: [8086:344d] type 00 class 0x088000
[    1.727930] pci 0000:7f:0c.0: [8086:344d] type 00 class 0x088000
[    1.728069] pci 0000:7f:0c.1: [8086:344d] type 00 class 0x088000
[    1.728206] pci 0000:7f:0c.2: [8086:344d] type 00 class 0x088000
[    1.728345] pci 0000:7f:0c.3: [8086:344d] type 00 class 0x088000
[    1.728495] pci 0000:7f:0c.4: [8086:344d] type 00 class 0x088000
[    1.728636] pci 0000:7f:0c.5: [8086:344d] type 00 class 0x088000
[    1.728780] pci 0000:7f:0c.6: [8086:344d] type 00 class 0x088000
[    1.728933] pci 0000:7f:0c.7: [8086:344d] type 00 class 0x088000
[    1.729085] pci 0000:7f:0d.0: [8086:344d] type 00 class 0x088000
[    1.729237] pci 0000:7f:0d.1: [8086:344d] type 00 class 0x088000
[    1.729396] pci 0000:7f:0d.2: [8086:344d] type 00 class 0x088000
[    1.729551] pci 0000:7f:0d.3: [8086:344d] type 00 class 0x088000
[    1.729733] pci 0000:7f:1d.0: [8086:344f] type 00 class 0x088000
[    1.729851] pci 0000:7f:1d.1: [8086:3457] type 00 class 0x088000
[    1.729967] pci 0000:7f:1e.0: [8086:3458] type 00 class 0x088000
[    1.730043] pci 0000:7f:1e.1: [8086:3459] type 00 class 0x088000
[    1.730118] pci 0000:7f:1e.2: [8086:345a] type 00 class 0x088000
[    1.730191] pci 0000:7f:1e.3: [8086:345b] type 00 class 0x088000
[    1.730266] pci 0000:7f:1e.4: [8086:345c] type 00 class 0x088000
[    1.730340] pci 0000:7f:1e.5: [8086:345d] type 00 class 0x088000
[    1.730418] pci 0000:7f:1e.6: [8086:345e] type 00 class 0x088000
[    1.730491] pci 0000:7f:1e.7: [8086:345f] type 00 class 0x088000
[    1.730565] pci_bus 0000:7f: on NUMA node 0
[    1.730655] ACPI: PCI Root Bridge [PC06] (domain 0000 [bus 80])
[    1.730657] acpi PNP0A08:06: _OSC: OS supports [ExtendedConfig ASPM ClockPM Segments MSI HPX-Type3]
[    1.730750] acpi PNP0A08:06: PCIe AER handled by firmware
[    1.730855] acpi PNP0A08:06: _OSC: platform does not support [SHPCHotplug]
[    1.731055] acpi PNP0A08:06: _OSC: OS now controls [PCIeHotplug PME PCIeCapability LTR]
[    1.731056] acpi PNP0A08:06: FADT indicates ASPM is unsupported, using BIOS configuration
[    1.731197] PCI host bridge to bus 0000:80
[    1.731198] pci_bus 0000:80: root bus resource [io  0xb000-0xbfff window]
[    1.731199] pci_bus 0000:80: root bus resource [mem 0xc6800000-0xd0ffffff window]
[    1.731200] pci_bus 0000:80: root bus resource [mem 0x250000000000-0x25ffffffffff window]
[    1.731201] pci_bus 0000:80: root bus resource [bus 80]
[    1.731208] pci 0000:80:00.0: [8086:09a2] type 00 class 0x088000
[    1.731288] pci 0000:80:00.1: [8086:09a4] type 00 class 0x088000
[    1.731368] pci 0000:80:00.2: [8086:09a3] type 00 class 0x088000
[    1.731444] pci 0000:80:00.4: [8086:0998] type 00 class 0x060000
[    1.731522] pci 0000:80:02.0: [8086:09a6] type 00 class 0x088000
[    1.731532] pci 0000:80:02.0: reg 0x10: [mem 0xc6aa4000-0xc6aa5fff]
[    1.731596] pci 0000:80:02.1: [8086:09a7] type 00 class 0x088000
[    1.731606] pci 0000:80:02.1: reg 0x10: [mem 0xc6a00000-0xc6a7ffff]
[    1.731611] pci 0000:80:02.1: reg 0x14: [mem 0xc6980000-0xc69fffff]
[    1.731678] pci 0000:80:02.4: [8086:3456] type 00 class 0x130000
[    1.731690] pci 0000:80:02.4: reg 0x10: [mem 0xc6800000-0xc68fffff 64bit]
[    1.731697] pci 0000:80:02.4: reg 0x18: [mem 0xc6aa0000-0xc6aa3fff 64bit]
[    1.731704] pci 0000:80:02.4: reg 0x20: [mem 0xc6a80000-0xc6a9ffff 64bit]
[    1.731764] pci_bus 0000:80: on NUMA node 1
[    1.731831] ACPI: PCI Root Bridge [PC07] (domain 0000 [bus 81])
[    1.731833] acpi PNP0A08:07: _OSC: OS supports [ExtendedConfig ASPM ClockPM Segments MSI HPX-Type3]
[    1.731924] acpi PNP0A08:07: PCIe AER handled by firmware
[    1.732028] acpi PNP0A08:07: _OSC: platform does not support [SHPCHotplug]
[    1.732228] acpi PNP0A08:07: _OSC: OS now controls [PCIeHotplug PME PCIeCapability LTR]
[    1.732229] acpi PNP0A08:07: FADT indicates ASPM is unsupported, using BIOS configuration
[    1.732347] PCI host bridge to bus 0000:81
[    1.732348] pci_bus 0000:81: root bus resource [io  0xc000-0xcfff window]
[    1.732349] pci_bus 0000:81: root bus resource [mem 0xd1000000-0xdbbfffff window]
[    1.732349] pci_bus 0000:81: root bus resource [mem 0x260000000000-0x26ffffffffff window]
[    1.732350] pci_bus 0000:81: root bus resource [bus 81]
[    1.732357] pci 0000:81:00.0: [8086:09a2] type 00 class 0x088000
[    1.732425] pci 0000:81:00.1: [8086:09a4] type 00 class 0x088000
[    1.732491] pci 0000:81:00.2: [8086:09a3] type 00 class 0x088000
[    1.732560] pci 0000:81:00.4: [8086:0998] type 00 class 0x060000
[    1.732640] pci_bus 0000:81: on NUMA node 1
[    1.732699] ACPI: PCI Root Bridge [PC08] (domain 0000 [bus 82])
[    1.732701] acpi PNP0A08:08: _OSC: OS supports [ExtendedConfig ASPM ClockPM Segments MSI HPX-Type3]
[    1.732791] acpi PNP0A08:08: PCIe AER handled by firmware
[    1.732895] acpi PNP0A08:08: _OSC: platform does not support [SHPCHotplug]
[    1.733094] acpi PNP0A08:08: _OSC: OS now controls [PCIeHotplug PME PCIeCapability LTR]
[    1.733095] acpi PNP0A08:08: FADT indicates ASPM is unsupported, using BIOS configuration
[    1.733205] PCI host bridge to bus 0000:82
[    1.733205] pci_bus 0000:82: root bus resource [io  0xd000-0xdfff window]
[    1.733206] pci_bus 0000:82: root bus resource [mem 0xdbc00000-0xe67fffff window]
[    1.733207] pci_bus 0000:82: root bus resource [mem 0x270000000000-0x27ffffffffff window]
[    1.733208] pci_bus 0000:82: root bus resource [bus 82]
[    1.733215] pci 0000:82:00.0: [8086:09a2] type 00 class 0x088000
[    1.733284] pci 0000:82:00.1: [8086:09a4] type 00 class 0x088000
[    1.733352] pci 0000:82:00.2: [8086:09a3] type 00 class 0x088000
[    1.733424] pci 0000:82:00.4: [8086:0998] type 00 class 0x060000
[    1.733504] pci_bus 0000:82: on NUMA node 1
[    1.733589] ACPI: PCI Root Bridge [PC10] (domain 0000 [bus 83-f9])
[    1.733591] acpi PNP0A08:0a: _OSC: OS supports [ExtendedConfig ASPM ClockPM Segments MSI HPX-Type3]
[    1.733681] acpi PNP0A08:0a: PCIe AER handled by firmware
[    1.733784] acpi PNP0A08:0a: _OSC: platform does not support [SHPCHotplug]
[    1.733984] acpi PNP0A08:0a: _OSC: OS now controls [PCIeHotplug PME PCIeCapability LTR]
[    1.733985] acpi PNP0A08:0a: FADT indicates ASPM is unsupported, using BIOS configuration
[    1.734104] PCI host bridge to bus 0000:83
[    1.734105] pci_bus 0000:83: root bus resource [io  0xe000-0xefff window]
[    1.734106] pci_bus 0000:83: root bus resource [mem 0xe6800000-0xf13fffff window]
[    1.734107] pci_bus 0000:83: root bus resource [mem 0x280000000000-0x28ffffffffff window]
[    1.734108] pci_bus 0000:83: root bus resource [bus 83-f9]
[    1.734115] pci 0000:83:00.0: [8086:09a2] type 00 class 0x088000
[    1.734184] pci 0000:83:00.1: [8086:09a4] type 00 class 0x088000
[    1.734251] pci 0000:83:00.2: [8086:09a3] type 00 class 0x088000
[    1.734320] pci 0000:83:00.4: [8086:0998] type 00 class 0x060000
[    1.734400] pci_bus 0000:83: on NUMA node 1
[    1.734460] ACPI: PCI Root Bridge [PC11] (domain 0000 [bus fa])
[    1.734462] acpi PNP0A08:0b: _OSC: OS supports [ExtendedConfig ASPM ClockPM Segments MSI HPX-Type3]
[    1.734557] acpi PNP0A08:0b: PCIe AER handled by firmware
[    1.734664] acpi PNP0A08:0b: _OSC: platform does not support [SHPCHotplug]
[    1.734865] acpi PNP0A08:0b: _OSC: OS now controls [PCIeHotplug PME PCIeCapability LTR]
[    1.734865] acpi PNP0A08:0b: FADT indicates ASPM is unsupported, using BIOS configuration
[    1.734978] PCI host bridge to bus 0000:fa
[    1.734979] pci_bus 0000:fa: root bus resource [io  0xf000-0xffff window]
[    1.734980] pci_bus 0000:fa: root bus resource [mem 0xf1400000-0xfb7fffff window]
[    1.734981] pci_bus 0000:fa: root bus resource [mem 0x290000000000-0x29ffffffffff window]
[    1.734982] pci_bus 0000:fa: root bus resource [bus fa]
[    1.734989] pci 0000:fa:00.0: [8086:09a2] type 00 class 0x088000
[    1.735057] pci 0000:fa:00.1: [8086:09a4] type 00 class 0x088000
[    1.735125] pci 0000:fa:00.2: [8086:09a3] type 00 class 0x088000
[    1.735199] pci 0000:fa:00.4: [8086:0998] type 00 class 0x060000
[    1.735279] pci_bus 0000:fa: on NUMA node 1
[    1.735335] ACPI: PCI Root Bridge [UC16] (domain 0000 [bus fe])
[    1.735337] acpi PNP0A03:02: _OSC: OS supports [ExtendedConfig ASPM ClockPM Segments MSI HPX-Type3]
[    1.735413] acpi PNP0A03:02: PCIe AER handled by firmware
[    1.735503] acpi PNP0A03:02: _OSC: platform does not support [SHPCHotplug LTR]
[    1.735671] acpi PNP0A03:02: _OSC: OS now controls [PCIeHotplug PME PCIeCapability]
[    1.735671] acpi PNP0A03:02: FADT indicates ASPM is unsupported, using BIOS configuration
[    1.735802] PCI host bridge to bus 0000:fe
[    1.735803] pci_bus 0000:fe: root bus resource [bus fe]
[    1.735809] pci 0000:fe:00.0: [8086:3450] type 00 class 0x088000
[    1.735882] pci 0000:fe:00.1: [8086:3451] type 00 class 0x088000
[    1.735947] pci 0000:fe:00.2: [8086:3452] type 00 class 0x088000
[    1.736015] pci 0000:fe:00.3: [8086:0998] type 00 class 0x060000
[    1.736083] pci 0000:fe:00.5: [8086:3455] type 00 class 0x088000
[    1.736155] pci 0000:fe:02.0: [8086:3440] type 00 class 0x088000
[    1.736280] pci 0000:fe:02.1: [8086:3441] type 00 class 0x088000
[    1.736403] pci 0000:fe:02.2: [8086:3442] type 00 class 0x088000
[    1.736520] pci 0000:fe:03.0: [8086:3440] type 00 class 0x088000
[    1.736612] pci 0000:fe:03.1: [8086:3441] type 00 class 0x088000
[    1.736699] pci 0000:fe:03.2: [8086:3442] type 00 class 0x088000
[    1.736791] pci 0000:fe:04.0: [8086:3440] type 00 class 0x088000
[    1.736920] pci 0000:fe:04.1: [8086:3441] type 00 class 0x088000
[    1.737047] pci 0000:fe:04.2: [8086:3442] type 00 class 0x088000
[    1.737171] pci 0000:fe:04.3: [8086:3443] type 00 class 0x088000
[    1.737304] pci 0000:fe:05.0: [8086:3445] type 00 class 0x088000
[    1.737429] pci 0000:fe:05.1: [8086:3446] type 00 class 0x088000
[    1.737549] pci 0000:fe:05.2: [8086:3447] type 00 class 0x088000
[    1.737670] pci 0000:fe:06.0: [8086:3445] type 00 class 0x088000
[    1.737763] pci 0000:fe:06.1: [8086:3446] type 00 class 0x088000
[    1.737853] pci 0000:fe:06.2: [8086:3447] type 00 class 0x088000
[    1.737948] pci 0000:fe:07.0: [8086:3445] type 00 class 0x088000
[    1.738081] pci 0000:fe:07.1: [8086:3446] type 00 class 0x088000
[    1.738214] pci 0000:fe:07.2: [8086:3447] type 00 class 0x088000
[    1.738342] pci 0000:fe:0b.0: [8086:3448] type 00 class 0x088000
[    1.738420] pci 0000:fe:0b.1: [8086:3448] type 00 class 0x088000
[    1.738495] pci 0000:fe:0b.2: [8086:344b] type 00 class 0x088000
[    1.738577] pci 0000:fe:0c.0: [8086:344a] type 00 class 0x110100
[    1.738680] pci 0000:fe:0d.0: [8086:344a] type 00 class 0x110100
[    1.738776] pci 0000:fe:0e.0: [8086:344a] type 00 class 0x110100
[    1.738931] pci 0000:fe:0f.0: [8086:344a] type 00 class 0x110100
[    1.739102] pci 0000:fe:1a.0: [8086:2880] type 00 class 0x110100
[    1.739202] pci 0000:fe:1b.0: [8086:2880] type 00 class 0x110100
[    1.739298] pci 0000:fe:1c.0: [8086:2880] type 00 class 0x110100
[    1.739458] pci 0000:fe:1d.0: [8086:2880] type 00 class 0x110100
[    1.739619] pci_bus 0000:fe: on NUMA node 1
[    1.739691] ACPI: PCI Root Bridge [UC17] (domain 0000 [bus ff])
[    1.739693] acpi PNP0A03:03: _OSC: OS supports [ExtendedConfig ASPM ClockPM Segments MSI HPX-Type3]
[    1.739768] acpi PNP0A03:03: PCIe AER handled by firmware
[    1.739858] acpi PNP0A03:03: _OSC: platform does not support [SHPCHotplug LTR]
[    1.740027] acpi PNP0A03:03: _OSC: OS now controls [PCIeHotplug PME PCIeCapability]
[    1.740028] acpi PNP0A03:03: FADT indicates ASPM is unsupported, using BIOS configuration
[    1.740171] PCI host bridge to bus 0000:ff
[    1.740172] pci_bus 0000:ff: root bus resource [bus ff]
[    1.740182] pci 0000:ff:00.0: [8086:344c] type 00 class 0x088000
[    1.740297] pci 0000:ff:00.1: [8086:344c] type 00 class 0x088000
[    1.740417] pci 0000:ff:00.2: [8086:344c] type 00 class 0x088000
[    1.740523] pci 0000:ff:00.3: [8086:344c] type 00 class 0x088000
[    1.740655] pci 0000:ff:00.4: [8086:344c] type 00 class 0x088000
[    1.740779] pci 0000:ff:00.5: [8086:344c] type 00 class 0x088000
[    1.740881] pci 0000:ff:00.6: [8086:344c] type 00 class 0x088000
[    1.741015] pci 0000:ff:00.7: [8086:344c] type 00 class 0x088000
[    1.741147] pci 0000:ff:01.0: [8086:344c] type 00 class 0x088000
[    1.741288] pci 0000:ff:01.1: [8086:344c] type 00 class 0x088000
[    1.741422] pci 0000:ff:01.2: [8086:344c] type 00 class 0x088000
[    1.741512] pci 0000:ff:01.3: [8086:344c] type 00 class 0x088000
[    1.741659] pci 0000:ff:01.4: [8086:344c] type 00 class 0x088000
[    1.741803] pci 0000:ff:01.5: [8086:344c] type 00 class 0x088000
[    1.741952] pci 0000:ff:01.6: [8086:344c] type 00 class 0x088000
[    1.742085] pci 0000:ff:01.7: [8086:344c] type 00 class 0x088000
[    1.742226] pci 0000:ff:02.0: [8086:344c] type 00 class 0x088000
[    1.742368] pci 0000:ff:02.1: [8086:344c] type 00 class 0x088000
[    1.742507] pci 0000:ff:02.2: [8086:344c] type 00 class 0x088000
[    1.742655] pci 0000:ff:02.3: [8086:344c] type 00 class 0x088000
[    1.742803] pci 0000:ff:02.4: [8086:344c] type 00 class 0x088000
[    1.742946] pci 0000:ff:02.5: [8086:344c] type 00 class 0x088000
[    1.743098] pci 0000:ff:02.6: [8086:344c] type 00 class 0x088000
[    1.743245] pci 0000:ff:02.7: [8086:344c] type 00 class 0x088000
[    1.743403] pci 0000:ff:03.0: [8086:344c] type 00 class 0x088000
[    1.743567] pci 0000:ff:03.1: [8086:344c] type 00 class 0x088000
[    1.743724] pci 0000:ff:03.2: [8086:344c] type 00 class 0x088000
[    1.743886] pci 0000:ff:03.3: [8086:344c] type 00 class 0x088000
[    1.744073] pci 0000:ff:0a.0: [8086:344d] type 00 class 0x088000
[    1.744188] pci 0000:ff:0a.1: [8086:344d] type 00 class 0x088000
[    1.744308] pci 0000:ff:0a.2: [8086:344d] type 00 class 0x088000
[    1.744415] pci 0000:ff:0a.3: [8086:344d] type 00 class 0x088000
[    1.744543] pci 0000:ff:0a.4: [8086:344d] type 00 class 0x088000
[    1.744667] pci 0000:ff:0a.5: [8086:344d] type 00 class 0x088000
[    1.744769] pci 0000:ff:0a.6: [8086:344d] type 00 class 0x088000
[    1.744902] pci 0000:ff:0a.7: [8086:344d] type 00 class 0x088000
[    1.745040] pci 0000:ff:0b.0: [8086:344d] type 00 class 0x088000
[    1.745183] pci 0000:ff:0b.1: [8086:344d] type 00 class 0x088000
[    1.745317] pci 0000:ff:0b.2: [8086:344d] type 00 class 0x088000
[    1.745407] pci 0000:ff:0b.3: [8086:344d] type 00 class 0x088000
[    1.745551] pci 0000:ff:0b.4: [8086:344d] type 00 class 0x088000
[    1.745695] pci 0000:ff:0b.5: [8086:344d] type 00 class 0x088000
[    1.745842] pci 0000:ff:0b.6: [8086:344d] type 00 class 0x088000
[    1.745976] pci 0000:ff:0b.7: [8086:344d] type 00 class 0x088000
[    1.746122] pci 0000:ff:0c.0: [8086:344d] type 00 class 0x088000
[    1.746264] pci 0000:ff:0c.1: [8086:344d] type 00 class 0x088000
[    1.746405] pci 0000:ff:0c.2: [8086:344d] type 00 class 0x088000
[    1.746551] pci 0000:ff:0c.3: [8086:344d] type 00 class 0x088000
[    1.746693] pci 0000:ff:0c.4: [8086:344d] type 00 class 0x088000
[    1.746838] pci 0000:ff:0c.5: [8086:344d] type 00 class 0x088000
[    1.746989] pci 0000:ff:0c.6: [8086:344d] type 00 class 0x088000
[    1.747137] pci 0000:ff:0c.7: [8086:344d] type 00 class 0x088000
[    1.747302] pci 0000:ff:0d.0: [8086:344d] type 00 class 0x088000
[    1.747463] pci 0000:ff:0d.1: [8086:344d] type 00 class 0x088000
[    1.747617] pci 0000:ff:0d.2: [8086:344d] type 00 class 0x088000
[    1.747781] pci 0000:ff:0d.3: [8086:344d] type 00 class 0x088000
[    1.747964] pci 0000:ff:1d.0: [8086:344f] type 00 class 0x088000
[    1.748086] pci 0000:ff:1d.1: [8086:3457] type 00 class 0x088000
[    1.748207] pci 0000:ff:1e.0: [8086:3458] type 00 class 0x088000
[    1.748288] pci 0000:ff:1e.1: [8086:3459] type 00 class 0x088000
[    1.748371] pci 0000:ff:1e.2: [8086:345a] type 00 class 0x088000
[    1.748449] pci 0000:ff:1e.3: [8086:345b] type 00 class 0x088000
[    1.748525] pci 0000:ff:1e.4: [8086:345c] type 00 class 0x088000
[    1.748602] pci 0000:ff:1e.5: [8086:345d] type 00 class 0x088000
[    1.748680] pci 0000:ff:1e.6: [8086:345e] type 00 class 0x088000
[    1.748755] pci 0000:ff:1e.7: [8086:345f] type 00 class 0x088000
[    1.748831] pci_bus 0000:ff: on NUMA node 1
[    1.750369] HMAT: Memory (0x0 length 0x80000000) Flags:0003 Processor Domain:0 Memory Domain:0
[    1.750369] HMAT: Memory (0x100000000 length 0xf80000000) Flags:0003 Processor Domain:0 Memory Domain:0
[    1.750369] HMAT: Memory (0x2080000000 length 0x7e00000000) Flags:0003 Processor Domain:0 Memory Domain:2
[    1.750369] HMAT: Memory (0x1080000000 length 0x1000000000) Flags:0003 Processor Domain:1 Memory Domain:1
[    1.750369] HMAT: Memory (0x9e80000000 length 0x7e00000000) Flags:0003 Processor Domain:1 Memory Domain:3
[    1.750369] HMAT: Locality: Flags:00 Type:Read Latency Initiator Domains:2 Target Domains:4 Base:100
[    1.750369]   Initiator-Target[0-0]:7600 nsec
[    1.750369]   Initiator-Target[0-1]:13560 nsec
[    1.750369]   Initiator-Target[0-2]:25350 nsec
[    1.750369]   Initiator-Target[0-3]:31600 nsec
[    1.750369]   Initiator-Target[1-0]:13560 nsec
[    1.750369]   Initiator-Target[1-1]:7600 nsec
[    1.750369]   Initiator-Target[1-2]:31600 nsec
[    1.750369]   Initiator-Target[1-3]:25350 nsec
[    1.750369] HMAT: Locality: Flags:00 Type:Write Latency Initiator Domains:2 Target Domains:4 Base:100
[    1.750369]   Initiator-Target[0-0]:7600 nsec
[    1.750369]   Initiator-Target[0-1]:13560 nsec
[    1.750369]   Initiator-Target[0-2]:25350 nsec
[    1.750369]   Initiator-Target[0-3]:31600 nsec
[    1.750369]   Initiator-Target[1-0]:13560 nsec
[    1.750369]   Initiator-Target[1-1]:7600 nsec
[    1.750369]   Initiator-Target[1-2]:31600 nsec
[    1.750369]   Initiator-Target[1-3]:25350 nsec
[    1.750369] HMAT: Locality: Flags:00 Type:Read Bandwidth Initiator Domains:2 Target Domains:4 Base:1
[    1.750369]   Initiator-Target[0-0]:1790 MB/s
[    1.750369]   Initiator-Target[0-1]:1790 MB/s
[    1.750369]   Initiator-Target[0-2]:463 MB/s
[    1.750369]   Initiator-Target[0-3]:463 MB/s
[    1.750369]   Initiator-Target[1-0]:1790 MB/s
[    1.750369]   Initiator-Target[1-1]:1790 MB/s
[    1.750369]   Initiator-Target[1-2]:463 MB/s
[    1.750369]   Initiator-Target[1-3]:463 MB/s
[    1.750369] HMAT: Locality: Flags:00 Type:Write Bandwidth Initiator Domains:2 Target Domains:4 Base:1
[    1.750369]   Initiator-Target[0-0]:1910 MB/s
[    1.750369]   Initiator-Target[0-1]:1910 MB/s
[    1.750369]   Initiator-Target[0-2]:138 MB/s
[    1.750369]   Initiator-Target[0-3]:138 MB/s
[    1.750369]   Initiator-Target[1-0]:1910 MB/s
[    1.750369]   Initiator-Target[1-1]:1910 MB/s
[    1.750369]   Initiator-Target[1-2]:138 MB/s
[    1.750369]   Initiator-Target[1-3]:138 MB/s
[    1.750369] WARNING: CPU: 62 PID: 1 at drivers/base/node.c:191 node_set_perf_attrs+0x90/0xb0
[    1.750369] Modules linked in:
[    1.750369] CPU: 62 PID: 1 Comm: swapper/0 Not tainted 5.3.1-multiclock #1
[    1.750369] Hardware name: Dell Inc. PowerEdge R750/0K8F35, BIOS 1.10.2 03/03/2023
[    1.750369] RIP: 0010:node_set_perf_attrs+0x90/0xb0
[    1.750369] Code: f4 02 00 00 4c 89 ea 4c 89 e7 e8 bb bf c7 ff 85 c0 75 24 48 83 c3 08 48 8b 33 48 85 f6 75 e5 5b 41 5a 41 5c 41 5d 41 5e 5d c3 <0f> 0b 5b 41 5a 41 5c 41 5d 41 5e 5d c3 44 89 f6 48 c7 c7 70 5b ba
[    1.750369] RSP: 0000:ffffafd80007bd80 EFLAGS: 00010246
[    1.750369] RAX: 0000000000000002 RBX: 0000000000000003 RCX: 0000000000000000
[    1.750369] RDX: 0000000000000000 RSI: ffff88bd980dea98 RDI: 0000000000000002
[    1.750369] RBP: ffffafd80007bda8 R08: ffff88bd9839b998 R09: 0000000000000000
[    1.750369] R10: ffff88bd9ce155e0 R11: ffff88ad2cc746d0 R12: ffff88bd980dea80
[    1.750369] R13: ffffffff9e2db310 R14: 0000000000000005 R15: ffffffff9e095806
[    1.750369] FS:  0000000000000000(0000) GS:ffff88ad2d7c0000(0000) knlGS:0000000000000000
[    1.750369] CS:  0010 DS: 0000 ES: 0000 CR0: 0000000080050033
[    1.750369] CR2: 0000000000000000 CR3: 0000000ec580a001 CR4: 0000000000760ee0
[    1.750369] DR0: 0000000000000000 DR1: 0000000000000000 DR2: 0000000000000000
[    1.750369] DR3: 0000000000000000 DR6: 00000000fffe0ff0 DR7: 0000000000000400
[    1.750369] PKRU: 55555554
[    1.750369] Call Trace:
[    1.750369]  hmat_init+0x32a/0x43c
[    1.750369]  ? hmat_parse_subtable+0x503/0x503
[    1.750369]  ? set_debug_rodata+0x17/0x17
[    1.750369]  do_one_initcall+0x4a/0x1fa
[    1.750369]  kernel_init_freeable+0x1c6/0x26d
[    1.750369]  ? rest_init+0xb0/0xb0
[    1.750369]  kernel_init+0xe/0x110
[    1.750369]  ret_from_fork+0x1f/0x40
[    1.750369] ---[ end trace 171a867feefa4279 ]---
[    1.750389] pci 0000:03:00.0: vgaarb: setting as boot VGA device
[    1.750389] pci 0000:03:00.0: vgaarb: VGA device added: decodes=io+mem,owns=io+mem,locks=none
[    1.750441] pci 0000:03:00.0: vgaarb: bridge control possible
[    1.750442] vgaarb: loaded
[    1.750477] SCSI subsystem initialized
[    1.754379] libata version 3.00 loaded.
[    1.754393] ACPI: bus type USB registered
[    1.754406] usbcore: registered new interface driver usbfs
[    1.754411] usbcore: registered new interface driver hub
[    1.754686] usbcore: registered new device driver usb
[    1.754706] pps_core: LinuxPPS API ver. 1 registered
[    1.754706] pps_core: Software ver. 5.3.6 - Copyright 2005-2007 Rodolfo Giometti <giometti@linux.it>
[    1.754712] PTP clock support registered
[    1.754899] EDAC MC: Ver: 3.0.0
[    1.755117] Registered efivars operations
[    1.755117] PCI: Using ACPI for IRQ routing
[    1.756199] PCI: pci_cache_line_size set to 64 bytes
[    1.756756] e820: reserve RAM buffer [mem 0x0008f000-0x0008ffff]
[    1.756757] e820: reserve RAM buffer [mem 0x47bcd020-0x47ffffff]
[    1.756758] e820: reserve RAM buffer [mem 0x47bff020-0x47ffffff]
[    1.756759] e820: reserve RAM buffer [mem 0x47c32020-0x47ffffff]
[    1.756759] e820: reserve RAM buffer [mem 0x47c65020-0x47ffffff]
[    1.756760] e820: reserve RAM buffer [mem 0x49e77000-0x4bffffff]
[    1.756761] e820: reserve RAM buffer [mem 0x4b2cf000-0x4bffffff]
[    1.756762] e820: reserve RAM buffer [mem 0x4bd94000-0x4bffffff]
[    1.756762] e820: reserve RAM buffer [mem 0x4ce00000-0x4fffffff]
[    1.756763] e820: reserve RAM buffer [mem 0x5eefe000-0x5fffffff]
[    1.756763] e820: reserve RAM buffer [mem 0x6f800000-0x6fffffff]
[    1.757060] NetLabel: Initializing
[    1.757060] NetLabel:  domain hash size = 128
[    1.757061] NetLabel:  protocols = UNLABELED CIPSOv4 CALIPSO
[    1.757079] NetLabel:  unlabeled traffic allowed by default
[    1.758457] hpet0: at MMIO 0xfed00000, IRQs 2, 8, 0, 0, 0, 0, 0, 0
[    1.758460] hpet0: 8 comparators, 64-bit 24.000000 MHz counter
[    1.762428] clocksource: Switched to clocksource tsc-early
[    1.773349] VFS: Disk quotas dquot_6.6.0
[    1.773393] VFS: Dquot-cache hash table entries: 512 (order 0, 4096 bytes)
[    1.773679] *** VALIDATE hugetlbfs ***
[    1.773793] AppArmor: AppArmor Filesystem Enabled
[    1.773812] pnp: PnP ACPI init
[    1.789245] pnp 00:00: Plug and Play ACPI device, IDs PNP0b00 (active)
[    1.789412] system 00:01: [io  0x0500-0x05fe] has been reserved
[    1.789413] system 00:01: [io  0x0400-0x041f] has been reserved
[    1.789414] system 00:01: [io  0x0600-0x061f] has been reserved
[    1.789415] system 00:01: [io  0x0ca0-0x0ca1] has been reserved
[    1.789416] system 00:01: [io  0x0ca4-0x0ca6] has been reserved
[    1.789418] system 00:01: [mem 0xff000000-0xffffffff] has been reserved
[    1.789421] system 00:01: Plug and Play ACPI device, IDs PNP0c02 (active)
[    1.789668] pnp 00:02: Plug and Play ACPI device, IDs PNP0501 (active)
[    1.789874] pnp 00:03: Plug and Play ACPI device, IDs PNP0501 (active)
[    1.790031] system 00:04: [mem 0xfd000000-0xfdabffff] has been reserved
[    1.790032] system 00:04: [mem 0xfdad0000-0xfdadffff] has been reserved
[    1.790033] system 00:04: [mem 0xfdb00000-0xfdffffff] has been reserved
[    1.790034] system 00:04: [mem 0xfe000000-0xfe00ffff] has been reserved
[    1.790035] system 00:04: [mem 0xfe011000-0xfe01ffff] has been reserved
[    1.790037] system 00:04: [mem 0xfe036000-0xfe03bfff] has been reserved
[    1.790038] system 00:04: [mem 0xfe03d000-0xfe3fffff] has been reserved
[    1.790039] system 00:04: [mem 0xfe410000-0xfe7fffff] has been reserved
[    1.790041] system 00:04: Plug and Play ACPI device, IDs PNP0c02 (active)
[    1.790373] system 00:05: [io  0x1000-0x10fe] has been reserved
[    1.790375] system 00:05: Plug and Play ACPI device, IDs PNP0c02 (active)
[    1.791369] pnp: PnP ACPI: found 6 devices
[    1.792473] thermal_sys: Registered thermal governor 'fair_share'
[    1.792473] thermal_sys: Registered thermal governor 'bang_bang'
[    1.792474] thermal_sys: Registered thermal governor 'step_wise'
[    1.792475] thermal_sys: Registered thermal governor 'user_space'
[    1.792475] thermal_sys: Registered thermal governor 'power_allocator'
[    1.796967] clocksource: acpi_pm: mask: 0xffffff max_cycles: 0xffffff, max_idle_ns: 2085701024 ns
[    1.796989] pci 0000:04:00.0: can't claim BAR 6 [mem 0xfffc0000-0xffffffff pref]: no compatible bridge window
[    1.796990] pci 0000:04:00.1: can't claim BAR 6 [mem 0xfffc0000-0xffffffff pref]: no compatible bridge window
[    1.796992] pci 0000:17:00.0: can't claim BAR 6 [mem 0xfff00000-0xffffffff pref]: no compatible bridge window
[    1.797009] pci 0000:00:1c.5: BAR 14: assigned [mem 0x90000000-0x900fffff]
[    1.797011] pci 0000:00:1c.0: PCI bridge to [bus 01]
[    1.797020] pci 0000:02:00.0: PCI bridge to [bus 03]
[    1.797024] pci 0000:02:00.0:   bridge window [mem 0x92000000-0x928fffff]
[    1.797028] pci 0000:02:00.0:   bridge window [mem 0x91000000-0x91ffffff 64bit pref]
[    1.797034] pci 0000:00:1c.4: PCI bridge to [bus 02-03]
[    1.797037] pci 0000:00:1c.4:   bridge window [mem 0x92000000-0x928fffff]
[    1.797039] pci 0000:00:1c.4:   bridge window [mem 0x91000000-0x91ffffff 64bit pref]
[    1.797044] pci 0000:04:00.0: BAR 6: assigned [mem 0x90000000-0x9003ffff pref]
[    1.797045] pci 0000:04:00.1: BAR 6: assigned [mem 0x90040000-0x9007ffff pref]
[    1.797046] pci 0000:00:1c.5: PCI bridge to [bus 04]
[    1.797048] pci 0000:00:1c.5:   bridge window [mem 0x90000000-0x900fffff]
[    1.797051] pci 0000:00:1c.5:   bridge window [mem 0x92900000-0x929fffff 64bit pref]
[    1.797055] pci_bus 0000:00: resource 4 [io  0x0000-0x0cf7 window]
[    1.797056] pci_bus 0000:00: resource 5 [io  0x1000-0x4fff window]
[    1.797057] pci_bus 0000:00: resource 6 [mem 0x000a0000-0x000bffff window]
[    1.797057] pci_bus 0000:00: resource 7 [mem 0x000c8000-0x000cffff window]
