[    0.000000] Linux version 5.18.0 (xmu@xmu-PowerEdge-R750) (gcc (Ubuntu 8.4.0-1ubuntu1~18.04) 8.4.0, GNU ld (GNU Binutils for Ubuntu) 2.30) #1 SMP PREEMPT_DYNAMIC Sat Apr 6 15:16:25 CST 2024
[    0.000000] Command line: BOOT_IMAGE=/boot/vmlinuz-5.18.0 root=UUID=ce0c24b8-724b-4f33-9b2c-618433560aef ro memmap=46834M!4096M memmap=59G!64G quiet splash nomodeset vt.handoff=1
[    0.000000] KERNEL supported cpus:
[    0.000000]   Intel GenuineIntel
[    0.000000]   AMD AuthenticAMD
[    0.000000]   Hygon HygonGenuine
[    0.000000]   Centaur CentaurHauls
[    0.000000]   zhaoxin   Shanghai  
[    0.000000] x86/split lock detection: #AC: crashing the kernel on kernel split_locks and warning on user-space split_locks
[    0.000000] x86/fpu: Supporting XSAVE feature 0x001: 'x87 floating point registers'
[    0.000000] x86/fpu: Supporting XSAVE feature 0x002: 'SSE registers'
[    0.000000] x86/fpu: Supporting XSAVE feature 0x004: 'AVX registers'
[    0.000000] x86/fpu: Supporting XSAVE feature 0x020: 'AVX-512 opmask'
[    0.000000] x86/fpu: Supporting XSAVE feature 0x040: 'AVX-512 Hi256'
[    0.000000] x86/fpu: Supporting XSAVE feature 0x080: 'AVX-512 ZMM_Hi256'
[    0.000000] x86/fpu: Supporting XSAVE feature 0x200: 'Protection Keys User registers'
[    0.000000] x86/fpu: xstate_offset[2]:  576, xstate_sizes[2]:  256
[    0.000000] x86/fpu: xstate_offset[5]:  832, xstate_sizes[5]:   64
[    0.000000] x86/fpu: xstate_offset[6]:  896, xstate_sizes[6]:  512
[    0.000000] x86/fpu: xstate_offset[7]: 1408, xstate_sizes[7]: 1024
[    0.000000] x86/fpu: xstate_offset[9]: 2432, xstate_sizes[9]:    8
[    0.000000] x86/fpu: Enabled xstate features 0x2e7, context size is 2440 bytes, using 'compacted' format.
[    0.000000] signal: max sigframe size: 3632
[    0.000000] BIOS-provided physical RAM map:
[    0.000000] BIOS-e820: [mem 0x0000000000000000-0x000000000008efff] usable
[    0.000000] BIOS-e820: [mem 0x000000000008f000-0x000000000008ffff] reserved
[    0.000000] BIOS-e820: [mem 0x0000000000090000-0x000000000009ffff] usable
[    0.000000] BIOS-e820: [mem 0x00000000000a0000-0x00000000000fffff] reserved
[    0.000000] BIOS-e820: [mem 0x0000000000100000-0x0000000049e76fff] usable
[    0.000000] BIOS-e820: [mem 0x0000000049e77000-0x000000004ae76fff] ACPI NVS
[    0.000000] BIOS-e820: [mem 0x000000004ae77000-0x000000004b2cefff] usable
[    0.000000] BIOS-e820: [mem 0x000000004b2cf000-0x000000004b54dfff] ACPI data
[    0.000000] BIOS-e820: [mem 0x000000004b54e000-0x000000004bd93fff] usable
[    0.000000] BIOS-e820: [mem 0x000000004bd94000-0x000000004be99fff] reserved
[    0.000000] BIOS-e820: [mem 0x000000004be9a000-0x000000004cdfffff] usable
[    0.000000] BIOS-e820: [mem 0x000000004ce00000-0x000000004cffffff] reserved
[    0.000000] BIOS-e820: [mem 0x000000004d000000-0x000000005eefdfff] usable
[    0.000000] BIOS-e820: [mem 0x000000005eefe000-0x000000006e3fefff] reserved
[    0.000000] BIOS-e820: [mem 0x000000006e3ff000-0x000000006f3fefff] ACPI NVS
[    0.000000] BIOS-e820: [mem 0x000000006f3ff000-0x000000006f7fefff] ACPI data
[    0.000000] BIOS-e820: [mem 0x000000006f7ff000-0x000000006f7fffff] usable
[    0.000000] BIOS-e820: [mem 0x000000006f800000-0x000000008fffffff] reserved
[    0.000000] BIOS-e820: [mem 0x00000000fe000000-0x00000000fe010fff] reserved
[    0.000000] BIOS-e820: [mem 0x0000000100000000-0x000000207fffffff] usable
[    0.000000] BIOS-e820: [mem 0x0000002080000000-0x0000011c7fffffff] persistent (type 7)
[    0.000000] BIOS-e820: [mem 0x00001ffc00000000-0x00001fffffffffff] reserved
[    0.000000] NX (Execute Disable) protection: active
[    0.000000] e820: update [mem 0x46d5c020-0x46d6405f] usable ==> usable
[    0.000000] e820: update [mem 0x46d5c020-0x46d6405f] usable ==> usable
[    0.000000] e820: update [mem 0x46d29020-0x46d5bc5f] usable ==> usable
[    0.000000] e820: update [mem 0x46d29020-0x46d5bc5f] usable ==> usable
[    0.000000] e820: update [mem 0x46cf6020-0x46d28c5f] usable ==> usable
[    0.000000] e820: update [mem 0x46cf6020-0x46d28c5f] usable ==> usable
[    0.000000] e820: update [mem 0x46cc4020-0x46cf5a5f] usable ==> usable
[    0.000000] e820: update [mem 0x46cc4020-0x46cf5a5f] usable ==> usable
[    0.000000] extended physical RAM map:
[    0.000000] reserve setup_data: [mem 0x0000000000000000-0x000000000008efff] usable
[    0.000000] reserve setup_data: [mem 0x000000000008f000-0x000000000008ffff] reserved
[    0.000000] reserve setup_data: [mem 0x0000000000090000-0x000000000009ffff] usable
[    0.000000] reserve setup_data: [mem 0x00000000000a0000-0x00000000000fffff] reserved
[    0.000000] reserve setup_data: [mem 0x0000000000100000-0x0000000046cc401f] usable
[    0.000000] reserve setup_data: [mem 0x0000000046cc4020-0x0000000046cf5a5f] usable
[    0.000000] reserve setup_data: [mem 0x0000000046cf5a60-0x0000000046cf601f] usable
[    0.000000] reserve setup_data: [mem 0x0000000046cf6020-0x0000000046d28c5f] usable
[    0.000000] reserve setup_data: [mem 0x0000000046d28c60-0x0000000046d2901f] usable
[    0.000000] reserve setup_data: [mem 0x0000000046d29020-0x0000000046d5bc5f] usable
[    0.000000] reserve setup_data: [mem 0x0000000046d5bc60-0x0000000046d5c01f] usable
[    0.000000] reserve setup_data: [mem 0x0000000046d5c020-0x0000000046d6405f] usable
[    0.000000] reserve setup_data: [mem 0x0000000046d64060-0x0000000049e76fff] usable
[    0.000000] reserve setup_data: [mem 0x0000000049e77000-0x000000004ae76fff] ACPI NVS
[    0.000000] reserve setup_data: [mem 0x000000004ae77000-0x000000004b2cefff] usable
[    0.000000] reserve setup_data: [mem 0x000000004b2cf000-0x000000004b54dfff] ACPI data
[    0.000000] reserve setup_data: [mem 0x000000004b54e000-0x000000004bd93fff] usable
[    0.000000] reserve setup_data: [mem 0x000000004bd94000-0x000000004be99fff] reserved
[    0.000000] reserve setup_data: [mem 0x000000004be9a000-0x000000004cdfffff] usable
[    0.000000] reserve setup_data: [mem 0x000000004ce00000-0x000000004cffffff] reserved
[    0.000000] reserve setup_data: [mem 0x000000004d000000-0x000000005eefdfff] usable
[    0.000000] reserve setup_data: [mem 0x000000005eefe000-0x000000006e3fefff] reserved
[    0.000000] reserve setup_data: [mem 0x000000006e3ff000-0x000000006f3fefff] ACPI NVS
[    0.000000] reserve setup_data: [mem 0x000000006f3ff000-0x000000006f7fefff] ACPI data
[    0.000000] reserve setup_data: [mem 0x000000006f7ff000-0x000000006f7fffff] usable
[    0.000000] reserve setup_data: [mem 0x000000006f800000-0x000000008fffffff] reserved
[    0.000000] reserve setup_data: [mem 0x00000000fe000000-0x00000000fe010fff] reserved
[    0.000000] reserve setup_data: [mem 0x0000000100000000-0x0000000c6f1fffff] persistent (type 12)
[    0.000000] reserve setup_data: [mem 0x0000000c6f200000-0x0000000fffffffff] usable
[    0.000000] reserve setup_data: [mem 0x0000001000000000-0x0000001ebfffffff] persistent (type 12)
[    0.000000] reserve setup_data: [mem 0x0000001ec0000000-0x000000207fffffff] usable
[    0.000000] reserve setup_data: [mem 0x0000002080000000-0x0000011c7fffffff] persistent (type 7)
[    0.000000] reserve setup_data: [mem 0x00001ffc00000000-0x00001fffffffffff] reserved
[    0.000000] user-defined physical RAM map:
[    0.000000] user: [mem 0x0000000000000000-0x000000000008efff] usable
[    0.000000] user: [mem 0x000000000008f000-0x000000000008ffff] reserved
[    0.000000] user: [mem 0x0000000000090000-0x000000000009ffff] usable
[    0.000000] user: [mem 0x00000000000a0000-0x00000000000fffff] reserved
[    0.000000] user: [mem 0x0000000000100000-0x0000000046cc401f] usable
[    0.000000] user: [mem 0x0000000046cc4020-0x0000000046cf5a5f] usable
[    0.000000] user: [mem 0x0000000046cf5a60-0x0000000046cf601f] usable
[    0.000000] user: [mem 0x0000000046cf6020-0x0000000046d28c5f] usable
[    0.000000] user: [mem 0x0000000046d28c60-0x0000000046d2901f] usable
[    0.000000] user: [mem 0x0000000046d29020-0x0000000046d5bc5f] usable
[    0.000000] user: [mem 0x0000000046d5bc60-0x0000000046d5c01f] usable
[    0.000000] user: [mem 0x0000000046d5c020-0x0000000046d6405f] usable
[    0.000000] user: [mem 0x0000000046d64060-0x0000000049e76fff] usable
[    0.000000] user: [mem 0x0000000049e77000-0x000000004ae76fff] ACPI NVS
[    0.000000] user: [mem 0x000000004ae77000-0x000000004b2cefff] usable
[    0.000000] user: [mem 0x000000004b2cf000-0x000000004b54dfff] ACPI data
[    0.000000] user: [mem 0x000000004b54e000-0x000000004bd93fff] usable
[    0.000000] user: [mem 0x000000004bd94000-0x000000004be99fff] reserved
[    0.000000] user: [mem 0x000000004be9a000-0x000000004cdfffff] usable
[    0.000000] user: [mem 0x000000004ce00000-0x000000004cffffff] reserved
[    0.000000] user: [mem 0x000000004d000000-0x000000005eefdfff] usable
[    0.000000] user: [mem 0x000000005eefe000-0x000000006e3fefff] reserved
[    0.000000] user: [mem 0x000000006e3ff000-0x000000006f3fefff] ACPI NVS
[    0.000000] user: [mem 0x000000006f3ff000-0x000000006f7fefff] ACPI data
[    0.000000] user: [mem 0x000000006f7ff000-0x000000006f7fffff] usable
[    0.000000] user: [mem 0x000000006f800000-0x000000008fffffff] reserved
[    0.000000] user: [mem 0x00000000fe000000-0x00000000fe010fff] reserved
[    0.000000] user: [mem 0x0000000100000000-0x0000000c6f1fffff] persistent (type 12)
[    0.000000] user: [mem 0x0000000c6f200000-0x0000000fffffffff] usable
[    0.000000] user: [mem 0x0000001000000000-0x0000001ebfffffff] persistent (type 12)
[    0.000000] user: [mem 0x0000001ec0000000-0x000000207fffffff] usable
[    0.000000] user: [mem 0x0000002080000000-0x0000011c7fffffff] persistent (type 7)
[    0.000000] user: [mem 0x00001ffc00000000-0x00001fffffffffff] reserved
[    0.000000] efi: EFI v2.70 by Dell Inc.
[    0.000000] efi: ACPI=0x6f7fe000 ACPI 2.0=0x6f7fe014 MEMATTR=0x5b070020 SMBIOS=0x69526000 SMBIOS 3.0=0x69524000 MOKvar=0x5ef81000 RNG=0x5ef8a920 
[    0.000000] efi: seeding entropy pool
[    0.000000] SMBIOS 3.3.0 present.
[    0.000000] DMI: Dell Inc. PowerEdge R750/0K8F35, BIOS 1.10.2 03/03/2023
[    0.000000] tsc: Detected 2000.000 MHz processor
[    0.000007] e820: update [mem 0x00000000-0x00000fff] usable ==> reserved
[    0.000010] e820: remove [mem 0x000a0000-0x000fffff] usable
[    0.000018] last_pfn = 0x2080000 max_arch_pfn = 0x400000000
[    0.000198] x86/PAT: Configuration [0-7]: WB  WC  UC- UC  WB  WP  UC- WT  
[    0.002852] total RAM covered: 2095088M
[    0.002937]  gran_size: 64K 	chunk_size: 64K 	num_reg: 10  	lose cover RAM: 2016G
[    0.002940]  gran_size: 64K 	chunk_size: 128K 	num_reg: 10  	lose cover RAM: 2016G
[    0.002941]  gran_size: 64K 	chunk_size: 256K 	num_reg: 10  	lose cover RAM: 2016G
[    0.002943]  gran_size: 64K 	chunk_size: 512K 	num_reg: 10  	lose cover RAM: 2016G
[    0.002944]  gran_size: 64K 	chunk_size: 1M 	num_reg: 10  	lose cover RAM: 2016G
[    0.002945]  gran_size: 64K 	chunk_size: 2M 	num_reg: 10  	lose cover RAM: 2016G
[    0.002947]  gran_size: 64K 	chunk_size: 4M 	num_reg: 10  	lose cover RAM: 2016G
[    0.002948]  gran_size: 64K 	chunk_size: 8M 	num_reg: 10  	lose cover RAM: 2016G
[    0.002949]  gran_size: 64K 	chunk_size: 16M 	num_reg: 10  	lose cover RAM: 2016G
[    0.002951]  gran_size: 64K 	chunk_size: 32M 	num_reg: 10  	lose cover RAM: 1024G
[    0.002952]  gran_size: 64K 	chunk_size: 64M 	num_reg: 10  	lose cover RAM: 1024G
[    0.002953]  gran_size: 64K 	chunk_size: 128M 	num_reg: 10  	lose cover RAM: 1024G
[    0.002955]  gran_size: 64K 	chunk_size: 256M 	num_reg: 10  	lose cover RAM: 1024G
[    0.002956]  gran_size: 64K 	chunk_size: 512M 	num_reg: 10  	lose cover RAM: 1024G
[    0.002957]  gran_size: 64K 	chunk_size: 1G 	num_reg: 10  	lose cover RAM: 1024G
[    0.002958]  gran_size: 64K 	chunk_size: 2G 	num_reg: 10  	lose cover RAM: 1024G
[    0.002960]  gran_size: 128K 	chunk_size: 128K 	num_reg: 10  	lose cover RAM: 2016G
[    0.002961]  gran_size: 128K 	chunk_size: 256K 	num_reg: 10  	lose cover RAM: 2016G
[    0.002962]  gran_size: 128K 	chunk_size: 512K 	num_reg: 10  	lose cover RAM: 2016G
[    0.002964]  gran_size: 128K 	chunk_size: 1M 	num_reg: 10  	lose cover RAM: 2016G
[    0.002965]  gran_size: 128K 	chunk_size: 2M 	num_reg: 10  	lose cover RAM: 2016G
[    0.002966]  gran_size: 128K 	chunk_size: 4M 	num_reg: 10  	lose cover RAM: 2016G
[    0.002968]  gran_size: 128K 	chunk_size: 8M 	num_reg: 10  	lose cover RAM: 2016G
[    0.002969]  gran_size: 128K 	chunk_size: 16M 	num_reg: 10  	lose cover RAM: 2016G
[    0.002970]  gran_size: 128K 	chunk_size: 32M 	num_reg: 10  	lose cover RAM: 1024G
[    0.002972]  gran_size: 128K 	chunk_size: 64M 	num_reg: 10  	lose cover RAM: 1024G
[    0.002973]  gran_size: 128K 	chunk_size: 128M 	num_reg: 10  	lose cover RAM: 1024G
[    0.002974]  gran_size: 128K 	chunk_size: 256M 	num_reg: 10  	lose cover RAM: 1024G
[    0.002976]  gran_size: 128K 	chunk_size: 512M 	num_reg: 10  	lose cover RAM: 1024G
[    0.002977]  gran_size: 128K 	chunk_size: 1G 	num_reg: 10  	lose cover RAM: 1024G
[    0.002978]  gran_size: 128K 	chunk_size: 2G 	num_reg: 10  	lose cover RAM: 1024G
[    0.002980]  gran_size: 256K 	chunk_size: 256K 	num_reg: 10  	lose cover RAM: 2016G
[    0.002981]  gran_size: 256K 	chunk_size: 512K 	num_reg: 10  	lose cover RAM: 2016G
[    0.002982]  gran_size: 256K 	chunk_size: 1M 	num_reg: 10  	lose cover RAM: 2016G
[    0.002984]  gran_size: 256K 	chunk_size: 2M 	num_reg: 10  	lose cover RAM: 2016G
[    0.002985]  gran_size: 256K 	chunk_size: 4M 	num_reg: 10  	lose cover RAM: 2016G
[    0.002986]  gran_size: 256K 	chunk_size: 8M 	num_reg: 10  	lose cover RAM: 2016G
[    0.002988]  gran_size: 256K 	chunk_size: 16M 	num_reg: 10  	lose cover RAM: 2016G
[    0.002989]  gran_size: 256K 	chunk_size: 32M 	num_reg: 10  	lose cover RAM: 1024G
[    0.002990]  gran_size: 256K 	chunk_size: 64M 	num_reg: 10  	lose cover RAM: 1024G
[    0.002992]  gran_size: 256K 	chunk_size: 128M 	num_reg: 10  	lose cover RAM: 1024G
[    0.002993]  gran_size: 256K 	chunk_size: 256M 	num_reg: 10  	lose cover RAM: 1024G
[    0.002994]  gran_size: 256K 	chunk_size: 512M 	num_reg: 10  	lose cover RAM: 1024G
[    0.002995]  gran_size: 256K 	chunk_size: 1G 	num_reg: 10  	lose cover RAM: 1024G
[    0.002997]  gran_size: 256K 	chunk_size: 2G 	num_reg: 10  	lose cover RAM: 1024G
[    0.002998]  gran_size: 512K 	chunk_size: 512K 	num_reg: 10  	lose cover RAM: 2016G
[    0.002999]  gran_size: 512K 	chunk_size: 1M 	num_reg: 10  	lose cover RAM: 2016G
[    0.003001]  gran_size: 512K 	chunk_size: 2M 	num_reg: 10  	lose cover RAM: 2016G
[    0.003002]  gran_size: 512K 	chunk_size: 4M 	num_reg: 10  	lose cover RAM: 2016G
[    0.003003]  gran_size: 512K 	chunk_size: 8M 	num_reg: 10  	lose cover RAM: 2016G
[    0.003004]  gran_size: 512K 	chunk_size: 16M 	num_reg: 10  	lose cover RAM: 2016G
[    0.003006]  gran_size: 512K 	chunk_size: 32M 	num_reg: 10  	lose cover RAM: 1024G
[    0.003007]  gran_size: 512K 	chunk_size: 64M 	num_reg: 10  	lose cover RAM: 1024G
[    0.003008]  gran_size: 512K 	chunk_size: 128M 	num_reg: 10  	lose cover RAM: 1024G
[    0.003010]  gran_size: 512K 	chunk_size: 256M 	num_reg: 10  	lose cover RAM: 1024G
[    0.003011]  gran_size: 512K 	chunk_size: 512M 	num_reg: 10  	lose cover RAM: 1024G
[    0.003012]  gran_size: 512K 	chunk_size: 1G 	num_reg: 10  	lose cover RAM: 1024G
[    0.003014]  gran_size: 512K 	chunk_size: 2G 	num_reg: 10  	lose cover RAM: 1024G
[    0.003015]  gran_size: 1M 	chunk_size: 1M 	num_reg: 10  	lose cover RAM: 2016G
[    0.003016]  gran_size: 1M 	chunk_size: 2M 	num_reg: 10  	lose cover RAM: 2016G
[    0.003018]  gran_size: 1M 	chunk_size: 4M 	num_reg: 10  	lose cover RAM: 2016G
[    0.003019]  gran_size: 1M 	chunk_size: 8M 	num_reg: 10  	lose cover RAM: 2016G
[    0.003020]  gran_size: 1M 	chunk_size: 16M 	num_reg: 10  	lose cover RAM: 2016G
[    0.003022]  gran_size: 1M 	chunk_size: 32M 	num_reg: 10  	lose cover RAM: 1024G
[    0.003023]  gran_size: 1M 	chunk_size: 64M 	num_reg: 10  	lose cover RAM: 1024G
[    0.003024]  gran_size: 1M 	chunk_size: 128M 	num_reg: 10  	lose cover RAM: 1024G
[    0.003026]  gran_size: 1M 	chunk_size: 256M 	num_reg: 10  	lose cover RAM: 1024G
[    0.003027]  gran_size: 1M 	chunk_size: 512M 	num_reg: 10  	lose cover RAM: 1024G
[    0.003028]  gran_size: 1M 	chunk_size: 1G 	num_reg: 10  	lose cover RAM: 1024G
[    0.003030]  gran_size: 1M 	chunk_size: 2G 	num_reg: 10  	lose cover RAM: 1024G
[    0.003031]  gran_size: 2M 	chunk_size: 2M 	num_reg: 10  	lose cover RAM: 2016G
[    0.003032]  gran_size: 2M 	chunk_size: 4M 	num_reg: 10  	lose cover RAM: 2016G
[    0.003033]  gran_size: 2M 	chunk_size: 8M 	num_reg: 10  	lose cover RAM: 2016G
[    0.003035]  gran_size: 2M 	chunk_size: 16M 	num_reg: 10  	lose cover RAM: 2016G
[    0.003036]  gran_size: 2M 	chunk_size: 32M 	num_reg: 10  	lose cover RAM: 1024G
[    0.003037]  gran_size: 2M 	chunk_size: 64M 	num_reg: 10  	lose cover RAM: 1024G
[    0.003039]  gran_size: 2M 	chunk_size: 128M 	num_reg: 10  	lose cover RAM: 1024G
[    0.003040]  gran_size: 2M 	chunk_size: 256M 	num_reg: 10  	lose cover RAM: 1024G
[    0.003041]  gran_size: 2M 	chunk_size: 512M 	num_reg: 10  	lose cover RAM: 1024G
[    0.003043]  gran_size: 2M 	chunk_size: 1G 	num_reg: 10  	lose cover RAM: 1024G
[    0.003044]  gran_size: 2M 	chunk_size: 2G 	num_reg: 10  	lose cover RAM: 1024G
[    0.003046]  gran_size: 4M 	chunk_size: 4M 	num_reg: 10  	lose cover RAM: 2016G
[    0.003047]  gran_size: 4M 	chunk_size: 8M 	num_reg: 10  	lose cover RAM: 2016G
[    0.003048]  gran_size: 4M 	chunk_size: 16M 	num_reg: 10  	lose cover RAM: 2016G
[    0.003049]  gran_size: 4M 	chunk_size: 32M 	num_reg: 10  	lose cover RAM: 1024G
[    0.003051]  gran_size: 4M 	chunk_size: 64M 	num_reg: 10  	lose cover RAM: 1024G
[    0.003052]  gran_size: 4M 	chunk_size: 128M 	num_reg: 10  	lose cover RAM: 1024G
[    0.003053]  gran_size: 4M 	chunk_size: 256M 	num_reg: 10  	lose cover RAM: 1024G
[    0.003055]  gran_size: 4M 	chunk_size: 512M 	num_reg: 10  	lose cover RAM: 1024G
[    0.003056]  gran_size: 4M 	chunk_size: 1G 	num_reg: 10  	lose cover RAM: 1024G
[    0.003057]  gran_size: 4M 	chunk_size: 2G 	num_reg: 10  	lose cover RAM: 1024G
[    0.003059]  gran_size: 8M 	chunk_size: 8M 	num_reg: 10  	lose cover RAM: 2016G
[    0.003060]  gran_size: 8M 	chunk_size: 16M 	num_reg: 10  	lose cover RAM: 2016G
[    0.003061]  gran_size: 8M 	chunk_size: 32M 	num_reg: 10  	lose cover RAM: 1024G
[    0.003063]  gran_size: 8M 	chunk_size: 64M 	num_reg: 10  	lose cover RAM: 1024G
[    0.003064]  gran_size: 8M 	chunk_size: 128M 	num_reg: 10  	lose cover RAM: 1024G
[    0.003065]  gran_size: 8M 	chunk_size: 256M 	num_reg: 10  	lose cover RAM: 1024G
[    0.003066]  gran_size: 8M 	chunk_size: 512M 	num_reg: 10  	lose cover RAM: 1024G
[    0.003068]  gran_size: 8M 	chunk_size: 1G 	num_reg: 10  	lose cover RAM: 1024G
[    0.003069]  gran_size: 8M 	chunk_size: 2G 	num_reg: 10  	lose cover RAM: 1024G
[    0.003070]  gran_size: 16M 	chunk_size: 16M 	num_reg: 10  	lose cover RAM: 2016G
[    0.003072]  gran_size: 16M 	chunk_size: 32M 	num_reg: 10  	lose cover RAM: 1024G
[    0.003073]  gran_size: 16M 	chunk_size: 64M 	num_reg: 10  	lose cover RAM: 1024G
[    0.003075]  gran_size: 16M 	chunk_size: 128M 	num_reg: 10  	lose cover RAM: 1024G
[    0.003076]  gran_size: 16M 	chunk_size: 256M 	num_reg: 10  	lose cover RAM: 1024G
[    0.003077]  gran_size: 16M 	chunk_size: 512M 	num_reg: 10  	lose cover RAM: 1024G
[    0.003079]  gran_size: 16M 	chunk_size: 1G 	num_reg: 10  	lose cover RAM: 1024G
[    0.003080]  gran_size: 16M 	chunk_size: 2G 	num_reg: 10  	lose cover RAM: 1024G
[    0.003082]  gran_size: 32M 	chunk_size: 32M 	num_reg: 10  	lose cover RAM: 2031632M
[    0.003083]  gran_size: 32M 	chunk_size: 64M 	num_reg: 10  	lose cover RAM: 1048592M
[    0.003085]  gran_size: 32M 	chunk_size: 128M 	num_reg: 10  	lose cover RAM: 1048592M
[    0.003086]  gran_size: 32M 	chunk_size: 256M 	num_reg: 10  	lose cover RAM: 1048592M
[    0.003087]  gran_size: 32M 	chunk_size: 512M 	num_reg: 10  	lose cover RAM: 1048592M
[    0.003089]  gran_size: 32M 	chunk_size: 1G 	num_reg: 10  	lose cover RAM: 1048592M
[    0.003090]  gran_size: 32M 	chunk_size: 2G 	num_reg: 10  	lose cover RAM: 1048592M
[    0.003091]  gran_size: 64M 	chunk_size: 64M 	num_reg: 10  	lose cover RAM: 1966128M
[    0.003093]  gran_size: 64M 	chunk_size: 128M 	num_reg: 10  	lose cover RAM: 1048624M
[    0.003094]  gran_size: 64M 	chunk_size: 256M 	num_reg: 10  	lose cover RAM: 1048624M
[    0.003095]  gran_size: 64M 	chunk_size: 512M 	num_reg: 10  	lose cover RAM: 1048624M
[    0.003097]  gran_size: 64M 	chunk_size: 1G 	num_reg: 10  	lose cover RAM: 1048624M
[    0.003098]  gran_size: 64M 	chunk_size: 2G 	num_reg: 10  	lose cover RAM: 1048624M
[    0.003099]  gran_size: 128M 	chunk_size: 128M 	num_reg: 10  	lose cover RAM: 1835120M
[    0.003101]  gran_size: 128M 	chunk_size: 256M 	num_reg: 10  	lose cover RAM: 1048688M
[    0.003102]  gran_size: 128M 	chunk_size: 512M 	num_reg: 10  	lose cover RAM: 1048688M
[    0.003104]  gran_size: 128M 	chunk_size: 1G 	num_reg: 10  	lose cover RAM: 1048688M
[    0.003105]  gran_size: 128M 	chunk_size: 2G 	num_reg: 10  	lose cover RAM: 1048688M
[    0.003106]  gran_size: 256M 	chunk_size: 256M 	num_reg: 10  	lose cover RAM: 1573104M
[    0.003108]  gran_size: 256M 	chunk_size: 512M 	num_reg: 10  	lose cover RAM: 1048816M
[    0.003110]  gran_size: 256M 	chunk_size: 1G 	num_reg: 10  	lose cover RAM: 1048816M
[    0.003111]  gran_size: 256M 	chunk_size: 2G 	num_reg: 10  	lose cover RAM: 1048816M
[    0.003112]  gran_size: 512M 	chunk_size: 512M 	num_reg: 10  	lose cover RAM: 1049072M
[    0.003114]  gran_size: 512M 	chunk_size: 1G 	num_reg: 10  	lose cover RAM: 1049072M
[    0.003115]  gran_size: 512M 	chunk_size: 2G 	num_reg: 10  	lose cover RAM: 1049072M
[    0.003116]  gran_size: 1G 	chunk_size: 1G 	num_reg: 10  	lose cover RAM: 1008M
[    0.003118]  gran_size: 1G 	chunk_size: 2G 	num_reg: 10  	lose cover RAM: 1008M
[    0.003119]  gran_size: 2G 	chunk_size: 2G 	num_reg: 9  	lose cover RAM: 2032M
[    0.003120] mtrr_cleanup: can not find optimal value
[    0.003121] please specify mtrr_gran_size/mtrr_chunk_size
[    0.003123] e820: update [mem 0x7f000000-0xffffffff] usable ==> reserved
[    0.003127] x2apic: enabled by BIOS, switching to x2apic ops
[    0.003128] last_pfn = 0x6f800 max_arch_pfn = 0x400000000
[    0.014558] Using GB pages for direct mapping
[    0.015885] Secure boot disabled
[    0.015885] RAMDISK: [mem 0x205de61000-0x207fffffff]
[    0.015890] ACPI: Early table checksum verification disabled
[    0.015893] ACPI: RSDP 0x000000006F7FE014 000024 (v02 DELL  )
[    0.015897] ACPI: XSDT 0x000000006F41C188 0000F4 (v01 DELL   PE_SC3   00000000 DELL 01000013)
[    0.015902] ACPI: FACP 0x000000006F430000 000114 (v06 DELL   PE_SC3   00000000 DELL 00000001)
[    0.015908] ACPI: DSDT 0x000000004B4CE000 07FAD3 (v02 DELL   PE_SC3   00000003 DELL 00000001)
[    0.015912] ACPI: FACS 0x000000006F2F2000 000040
[    0.015915] ACPI: SSDT 0x000000006F7FB000 00159A (v02 INTEL  RAS_ACPI 00000001 INTL 20210331)
[    0.015919] ACPI: SSDT 0x000000006F7FA000 000745 (v02 INTEL  ADDRXLAT 00000001 INTL 20210331)
[    0.015922] ACPI: MCEJ 0x000000006F7F9000 000130 (v01 INTEL           00000001 INTL 0100000D)
[    0.015926] ACPI: BERT 0x000000006F7F8000 000030 (v01 DELL   PE_SC3   00000001 INTL 00000001)
[    0.015929] ACPI: ERST 0x000000006F7F7000 000230 (v01 DELL   PE_SC3   00000001 INTL 00000001)
[    0.015932] ACPI: SSDT 0x000000006F431000 3C524E (v02 INTEL  SSDTNVDR 00001000 INTL 20210331)
[    0.015936] ACPI: HMAT 0x000000006F42F000 000210 (v01 DELL   PE_SC3   00000001 DELL 00000001)
[    0.015939] ACPI: HPET 0x000000006F42E000 000038 (v01 DELL   PE_SC3   00000001 DELL 00000001)
[    0.015943] ACPI: MCFG 0x000000006F42D000 00003C (v01 DELL   PE_SC3   00000001 DELL 00000001)
[    0.015946] ACPI: MIGT 0x000000006F42C000 000040 (v01 DELL   PE_SC3   00000000 DELL 00000001)
[    0.015949] ACPI: MSCT 0x000000006F42B000 000090 (v01 DELL   PE_SC3   00000001 DELL 00000001)
[    0.015953] ACPI: PMTT 0x000000006F429000 0011E8 (v02 DELL   PE_SC3   00000001 DELL 00000001)
[    0.015956] ACPI: WSMT 0x000000006F428000 000028 (v01 DELL   PE_SC3   00000000 DELL 00000001)
[    0.015959] ACPI: APIC 0x000000006F427000 00075E (v04 DELL   PE_SC3   00000000 DELL 00000001)
[    0.015962] ACPI: SLIT 0x000000006F426000 00003C (v01 DELL   PE_SC3   00000001 DELL 01000013)
[    0.015966] ACPI: SRAT 0x000000006F41F000 006430 (v03 DELL   PE_SC3   00000002 DELL 01000013)
[    0.015969] ACPI: OEM4 0x000000004B346000 187A61 (v02 INTEL  CPU  CST 00003000 INTL 20210331)
[    0.015973] ACPI: SSDT 0x000000004B2CF000 0764A5 (v02 INTEL  SSDT  PM 00004000 INTL 20210331)
[    0.015976] ACPI: SSDT 0x000000006F41E000 000A1F (v02 DELL   PE_SC3   00000000 DELL 00000001)
[    0.015979] ACPI: HEST 0x000000006F41D000 00017C (v01 DELL   PE_SC3   00000001 INTL 00000001)
[    0.015983] ACPI: PCAT 0x000000006F41B000 00010C (v19 DELL   PE_SC3   00000002 DELL 00000001)
[    0.015986] ACPI: SSDT 0x000000006F413000 007299 (v02 INTEL  SpsNm    00000002 INTL 20210331)
[    0.015990] ACPI: SSDT 0x000000006F412000 000426 (v02 DELL   PE_SC3   00000002 DELL 00000001)
[    0.015993] ACPI: NFIT 0x000000006F7FD000 000488 (v01 DELL   PE_SC3   00000002 DELL 00000001)
[    0.015996] ACPI: DMAR 0x000000006F411000 000158 (v01 DELL   PE_SC3   00000001 DELL 00000001)
[    0.015999] ACPI: Reserving FACP table memory at [mem 0x6f430000-0x6f430113]
[    0.016001] ACPI: Reserving DSDT table memory at [mem 0x4b4ce000-0x4b54dad2]
[    0.016002] ACPI: Reserving FACS table memory at [mem 0x6f2f2000-0x6f2f203f]
[    0.016003] ACPI: Reserving SSDT table memory at [mem 0x6f7fb000-0x6f7fc599]
[    0.016004] ACPI: Reserving SSDT table memory at [mem 0x6f7fa000-0x6f7fa744]
[    0.016005] ACPI: Reserving MCEJ table memory at [mem 0x6f7f9000-0x6f7f912f]
[    0.016006] ACPI: Reserving BERT table memory at [mem 0x6f7f8000-0x6f7f802f]
[    0.016006] ACPI: Reserving ERST table memory at [mem 0x6f7f7000-0x6f7f722f]
[    0.016007] ACPI: Reserving SSDT table memory at [mem 0x6f431000-0x6f7f624d]
[    0.016008] ACPI: Reserving HMAT table memory at [mem 0x6f42f000-0x6f42f20f]
[    0.016009] ACPI: Reserving HPET table memory at [mem 0x6f42e000-0x6f42e037]
[    0.016010] ACPI: Reserving MCFG table memory at [mem 0x6f42d000-0x6f42d03b]
[    0.016011] ACPI: Reserving MIGT table memory at [mem 0x6f42c000-0x6f42c03f]
[    0.016012] ACPI: Reserving MSCT table memory at [mem 0x6f42b000-0x6f42b08f]
[    0.016013] ACPI: Reserving PMTT table memory at [mem 0x6f429000-0x6f42a1e7]
[    0.016014] ACPI: Reserving WSMT table memory at [mem 0x6f428000-0x6f428027]
[    0.016015] ACPI: Reserving APIC table memory at [mem 0x6f427000-0x6f42775d]
[    0.016016] ACPI: Reserving SLIT table memory at [mem 0x6f426000-0x6f42603b]
[    0.016016] ACPI: Reserving SRAT table memory at [mem 0x6f41f000-0x6f42542f]
[    0.016017] ACPI: Reserving OEM4 table memory at [mem 0x4b346000-0x4b4cda60]
[    0.016018] ACPI: Reserving SSDT table memory at [mem 0x4b2cf000-0x4b3454a4]
[    0.016019] ACPI: Reserving SSDT table memory at [mem 0x6f41e000-0x6f41ea1e]
[    0.016020] ACPI: Reserving HEST table memory at [mem 0x6f41d000-0x6f41d17b]
[    0.016021] ACPI: Reserving PCAT table memory at [mem 0x6f41b000-0x6f41b10b]
[    0.016022] ACPI: Reserving SSDT table memory at [mem 0x6f413000-0x6f41a298]
[    0.016023] ACPI: Reserving SSDT table memory at [mem 0x6f412000-0x6f412425]
[    0.016024] ACPI: Reserving NFIT table memory at [mem 0x6f7fd000-0x6f7fd487]
[    0.016025] ACPI: Reserving DMAR table memory at [mem 0x6f411000-0x6f411157]
[    0.016035] Setting APIC routing to cluster x2apic.
[    0.016081] SRAT: PXM 0 -> APIC 0x0000 -> Node 0
[    0.016083] SRAT: PXM 0 -> APIC 0x0001 -> Node 0
[    0.016083] SRAT: PXM 0 -> APIC 0x0002 -> Node 0
[    0.016084] SRAT: PXM 0 -> APIC 0x0003 -> Node 0
[    0.016085] SRAT: PXM 0 -> APIC 0x0004 -> Node 0
[    0.016085] SRAT: PXM 0 -> APIC 0x0005 -> Node 0
[    0.016086] SRAT: PXM 0 -> APIC 0x0006 -> Node 0
[    0.016087] SRAT: PXM 0 -> APIC 0x0007 -> Node 0
[    0.016087] SRAT: PXM 0 -> APIC 0x0008 -> Node 0
[    0.016088] SRAT: PXM 0 -> APIC 0x0009 -> Node 0
[    0.016089] SRAT: PXM 0 -> APIC 0x000a -> Node 0
[    0.016089] SRAT: PXM 0 -> APIC 0x000b -> Node 0
[    0.016090] SRAT: PXM 0 -> APIC 0x000c -> Node 0
[    0.016091] SRAT: PXM 0 -> APIC 0x000d -> Node 0
[    0.016092] SRAT: PXM 0 -> APIC 0x000e -> Node 0
[    0.016092] SRAT: PXM 0 -> APIC 0x000f -> Node 0
[    0.016093] SRAT: PXM 0 -> APIC 0x0010 -> Node 0
[    0.016094] SRAT: PXM 0 -> APIC 0x0011 -> Node 0
[    0.016095] SRAT: PXM 0 -> APIC 0x0012 -> Node 0
[    0.016095] SRAT: PXM 0 -> APIC 0x0013 -> Node 0
[    0.016096] SRAT: PXM 0 -> APIC 0x0014 -> Node 0
[    0.016097] SRAT: PXM 0 -> APIC 0x0015 -> Node 0
[    0.016097] SRAT: PXM 0 -> APIC 0x0016 -> Node 0
[    0.016098] SRAT: PXM 0 -> APIC 0x0017 -> Node 0
[    0.016099] SRAT: PXM 0 -> APIC 0x0018 -> Node 0
[    0.016099] SRAT: PXM 0 -> APIC 0x0019 -> Node 0
[    0.016100] SRAT: PXM 0 -> APIC 0x001a -> Node 0
[    0.016100] SRAT: PXM 0 -> APIC 0x001b -> Node 0
[    0.016101] SRAT: PXM 0 -> APIC 0x001c -> Node 0
[    0.016102] SRAT: PXM 0 -> APIC 0x001d -> Node 0
[    0.016102] SRAT: PXM 0 -> APIC 0x001e -> Node 0
[    0.016103] SRAT: PXM 0 -> APIC 0x001f -> Node 0
[    0.016104] SRAT: PXM 0 -> APIC 0x0020 -> Node 0
[    0.016104] SRAT: PXM 0 -> APIC 0x0021 -> Node 0
[    0.016105] SRAT: PXM 0 -> APIC 0x0022 -> Node 0
[    0.016106] SRAT: PXM 0 -> APIC 0x0023 -> Node 0
[    0.016106] SRAT: PXM 0 -> APIC 0x0024 -> Node 0
[    0.016107] SRAT: PXM 0 -> APIC 0x0025 -> Node 0
[    0.016108] SRAT: PXM 0 -> APIC 0x0026 -> Node 0
[    0.016108] SRAT: PXM 0 -> APIC 0x0027 -> Node 0
[    0.016109] SRAT: PXM 0 -> APIC 0x0028 -> Node 0
[    0.016110] SRAT: PXM 0 -> APIC 0x0029 -> Node 0
[    0.016110] SRAT: PXM 0 -> APIC 0x002a -> Node 0
[    0.016111] SRAT: PXM 0 -> APIC 0x002b -> Node 0
[    0.016112] SRAT: PXM 0 -> APIC 0x002c -> Node 0
[    0.016112] SRAT: PXM 0 -> APIC 0x002d -> Node 0
[    0.016113] SRAT: PXM 0 -> APIC 0x002e -> Node 0
[    0.016114] SRAT: PXM 0 -> APIC 0x002f -> Node 0
[    0.016114] SRAT: PXM 0 -> APIC 0x0030 -> Node 0
[    0.016115] SRAT: PXM 0 -> APIC 0x0031 -> Node 0
[    0.016116] SRAT: PXM 0 -> APIC 0x0032 -> Node 0
[    0.016116] SRAT: PXM 0 -> APIC 0x0033 -> Node 0
[    0.016117] SRAT: PXM 0 -> APIC 0x0034 -> Node 0
[    0.016118] SRAT: PXM 0 -> APIC 0x0035 -> Node 0
[    0.016118] SRAT: PXM 0 -> APIC 0x0036 -> Node 0
[    0.016119] SRAT: PXM 0 -> APIC 0x0037 -> Node 0
[    0.016120] SRAT: PXM 1 -> APIC 0x0080 -> Node 1
[    0.016120] SRAT: PXM 1 -> APIC 0x0081 -> Node 1
[    0.016121] SRAT: PXM 1 -> APIC 0x0082 -> Node 1
[    0.016122] SRAT: PXM 1 -> APIC 0x0083 -> Node 1
[    0.016122] SRAT: PXM 1 -> APIC 0x0084 -> Node 1
[    0.016123] SRAT: PXM 1 -> APIC 0x0085 -> Node 1
[    0.016124] SRAT: PXM 1 -> APIC 0x0086 -> Node 1
[    0.016125] SRAT: PXM 1 -> APIC 0x0087 -> Node 1
[    0.016125] SRAT: PXM 1 -> APIC 0x0088 -> Node 1
[    0.016126] SRAT: PXM 1 -> APIC 0x0089 -> Node 1
[    0.016127] SRAT: PXM 1 -> APIC 0x008a -> Node 1
[    0.016127] SRAT: PXM 1 -> APIC 0x008b -> Node 1
[    0.016128] SRAT: PXM 1 -> APIC 0x008c -> Node 1
[    0.016129] SRAT: PXM 1 -> APIC 0x008d -> Node 1
[    0.016129] SRAT: PXM 1 -> APIC 0x008e -> Node 1
[    0.016130] SRAT: PXM 1 -> APIC 0x008f -> Node 1
[    0.016131] SRAT: PXM 1 -> APIC 0x0090 -> Node 1
[    0.016131] SRAT: PXM 1 -> APIC 0x0091 -> Node 1
[    0.016132] SRAT: PXM 1 -> APIC 0x0092 -> Node 1
[    0.016132] SRAT: PXM 1 -> APIC 0x0093 -> Node 1
[    0.016133] SRAT: PXM 1 -> APIC 0x0094 -> Node 1
[    0.016134] SRAT: PXM 1 -> APIC 0x0095 -> Node 1
[    0.016135] SRAT: PXM 1 -> APIC 0x0096 -> Node 1
[    0.016135] SRAT: PXM 1 -> APIC 0x0097 -> Node 1
[    0.016136] SRAT: PXM 1 -> APIC 0x0098 -> Node 1
[    0.016136] SRAT: PXM 1 -> APIC 0x0099 -> Node 1
[    0.016137] SRAT: PXM 1 -> APIC 0x009a -> Node 1
[    0.016138] SRAT: PXM 1 -> APIC 0x009b -> Node 1
[    0.016138] SRAT: PXM 1 -> APIC 0x009c -> Node 1
[    0.016139] SRAT: PXM 1 -> APIC 0x009d -> Node 1
[    0.016140] SRAT: PXM 1 -> APIC 0x009e -> Node 1
[    0.016140] SRAT: PXM 1 -> APIC 0x009f -> Node 1
[    0.016141] SRAT: PXM 1 -> APIC 0x00a0 -> Node 1
[    0.016142] SRAT: PXM 1 -> APIC 0x00a1 -> Node 1
[    0.016142] SRAT: PXM 1 -> APIC 0x00a2 -> Node 1
[    0.016143] SRAT: PXM 1 -> APIC 0x00a3 -> Node 1
[    0.016144] SRAT: PXM 1 -> APIC 0x00a4 -> Node 1
[    0.016144] SRAT: PXM 1 -> APIC 0x00a5 -> Node 1
[    0.016145] SRAT: PXM 1 -> APIC 0x00a6 -> Node 1
[    0.016145] SRAT: PXM 1 -> APIC 0x00a7 -> Node 1
[    0.016146] SRAT: PXM 1 -> APIC 0x00a8 -> Node 1
[    0.016147] SRAT: PXM 1 -> APIC 0x00a9 -> Node 1
[    0.016147] SRAT: PXM 1 -> APIC 0x00aa -> Node 1
[    0.016148] SRAT: PXM 1 -> APIC 0x00ab -> Node 1
[    0.016149] SRAT: PXM 1 -> APIC 0x00ac -> Node 1
[    0.016149] SRAT: PXM 1 -> APIC 0x00ad -> Node 1
[    0.016150] SRAT: PXM 1 -> APIC 0x00ae -> Node 1
[    0.016151] SRAT: PXM 1 -> APIC 0x00af -> Node 1
[    0.016151] SRAT: PXM 1 -> APIC 0x00b0 -> Node 1
[    0.016152] SRAT: PXM 1 -> APIC 0x00b1 -> Node 1
[    0.016153] SRAT: PXM 1 -> APIC 0x00b2 -> Node 1
[    0.016154] SRAT: PXM 1 -> APIC 0x00b3 -> Node 1
[    0.016155] SRAT: PXM 1 -> APIC 0x00b4 -> Node 1
[    0.016155] SRAT: PXM 1 -> APIC 0x00b5 -> Node 1
[    0.016156] SRAT: PXM 1 -> APIC 0x00b6 -> Node 1
[    0.016157] SRAT: PXM 1 -> APIC 0x00b7 -> Node 1
[    0.016169] ACPI: SRAT: Node 0 PXM 0 [mem 0x00000000-0x7fffffff]
[    0.016171] ACPI: SRAT: Node 0 PXM 0 [mem 0x100000000-0x107fffffff]
[    0.016172] ACPI: SRAT: Node 2 PXM 2 [mem 0x2080000000-0x9e7fffffff] non-volatile
[    0.016174] ACPI: SRAT: Node 1 PXM 1 [mem 0x1080000000-0x207fffffff]
[    0.016175] ACPI: SRAT: Node 3 PXM 3 [mem 0x9e80000000-0x11c7fffffff] non-volatile
[    0.016184] NUMA: Initialized distance table, cnt=4
[    0.016187] NUMA: Node 0 [mem 0x00000000-0x7fffffff] + [mem 0x100000000-0x107fffffff] -> [mem 0x00000000-0x107fffffff]
[    0.016196] NODE_DATA(0) allocated [mem 0xffffd5000-0xfffffffff]
[    0.016214] NODE_DATA(1) allocated [mem 0x205de33000-0x205de5dfff]
[    0.016389] Zone ranges:
[    0.016389]   DMA      [mem 0x0000000000001000-0x0000000000ffffff]
[    0.016391]   DMA32    [mem 0x0000000001000000-0x00000000ffffffff]
[    0.016393]   Normal   [mem 0x0000000100000000-0x000000207fffffff]
[    0.016395]   Device   empty
[    0.016396] Movable zone start for each node
[    0.016399] Early memory node ranges
[    0.016400]   node   0: [mem 0x0000000000001000-0x000000000008efff]
[    0.016401]   node   0: [mem 0x0000000000090000-0x000000000009ffff]
[    0.016402]   node   0: [mem 0x0000000000100000-0x0000000049e76fff]
[    0.016403]   node   0: [mem 0x000000004ae77000-0x000000004b2cefff]
[    0.016404]   node   0: [mem 0x000000004b54e000-0x000000004bd93fff]
[    0.016405]   node   0: [mem 0x000000004be9a000-0x000000004cdfffff]
[    0.016406]   node   0: [mem 0x000000004d000000-0x000000005eefdfff]
[    0.016407]   node   0: [mem 0x000000006f7ff000-0x000000006f7fffff]
[    0.016407]   node   0: [mem 0x0000000c6f200000-0x0000000fffffffff]
[    0.016409]   node   1: [mem 0x0000001ec0000000-0x000000207fffffff]
[    0.016411] Initmem setup node 0 [mem 0x0000000000001000-0x0000000fffffffff]
[    0.016413] Initmem setup node 1 [mem 0x0000001ec0000000-0x000000207fffffff]
[    0.016415] Initializing node 2 as memoryless
[    0.016439] Initmem setup node 2 as memoryless
[    0.016440] Initializing node 3 as memoryless
[    0.016464] Initmem setup node 3 as memoryless
[    0.016466] On node 0, zone DMA: 1 pages in unavailable ranges
[    0.016467] On node 0, zone DMA: 1 pages in unavailable ranges
[    0.016492] On node 0, zone DMA: 96 pages in unavailable ranges
[    0.018622] On node 0, zone DMA32: 4096 pages in unavailable ranges
[    0.018642] On node 0, zone DMA32: 639 pages in unavailable ranges
[    0.018669] On node 0, zone DMA32: 262 pages in unavailable ranges
[    0.019164] On node 0, zone DMA32: 512 pages in unavailable ranges
[    0.019436] On node 0, zone DMA32: 35073 pages in unavailable ranges
[    0.044753] On node 0, zone Normal: 31232 pages in unavailable ranges
[    0.059055] ACPI: PM-Timer IO Port: 0x508
[    0.059073] ACPI: X2APIC_NMI (uid[0xffffffff] high edge lint[0x1])
[    0.059077] ACPI: LAPIC_NMI (acpi_id[0xff] high edge lint[0x1])
[    0.059095] IOAPIC[0]: apic_id 8, version 32, address 0xfec00000, GSI 0-119
[    0.059099] ACPI: INT_SRC_OVR (bus 0 bus_irq 0 global_irq 2 dfl dfl)
[    0.059101] ACPI: INT_SRC_OVR (bus 0 bus_irq 9 global_irq 9 high level)
[    0.059105] ACPI: Using ACPI (MADT) for SMP configuration information
[    0.059107] ACPI: HPET id: 0x8086a701 base: 0xfed00000
[    0.059111] TSC deadline timer available
[    0.059112] smpboot: Allowing 112 CPUs, 0 hotplug CPUs
[    0.059141] PM: hibernation: Registered nosave memory: [mem 0x00000000-0x00000fff]
[    0.059143] PM: hibernation: Registered nosave memory: [mem 0x0008f000-0x0008ffff]
[    0.059145] PM: hibernation: Registered nosave memory: [mem 0x000a0000-0x000fffff]
[    0.059147] PM: hibernation: Registered nosave memory: [mem 0x46cc4000-0x46cc4fff]
[    0.059149] PM: hibernation: Registered nosave memory: [mem 0x46cf5000-0x46cf5fff]
[    0.059150] PM: hibernation: Registered nosave memory: [mem 0x46cf6000-0x46cf6fff]
[    0.059152] PM: hibernation: Registered nosave memory: [mem 0x46d28000-0x46d28fff]
[    0.059153] PM: hibernation: Registered nosave memory: [mem 0x46d29000-0x46d29fff]
[    0.059154] PM: hibernation: Registered nosave memory: [mem 0x46d5b000-0x46d5bfff]
[    0.059155] PM: hibernation: Registered nosave memory: [mem 0x46d5c000-0x46d5cfff]
[    0.059157] PM: hibernation: Registered nosave memory: [mem 0x46d64000-0x46d64fff]
[    0.059159] PM: hibernation: Registered nosave memory: [mem 0x49e77000-0x4ae76fff]
[    0.059161] PM: hibernation: Registered nosave memory: [mem 0x4b2cf000-0x4b54dfff]
[    0.059162] PM: hibernation: Registered nosave memory: [mem 0x4bd94000-0x4be99fff]
[    0.059164] PM: hibernation: Registered nosave memory: [mem 0x4ce00000-0x4cffffff]
[    0.059166] PM: hibernation: Registered nosave memory: [mem 0x5eefe000-0x6e3fefff]
[    0.059167] PM: hibernation: Registered nosave memory: [mem 0x6e3ff000-0x6f3fefff]
[    0.059168] PM: hibernation: Registered nosave memory: [mem 0x6f3ff000-0x6f7fefff]
[    0.059170] PM: hibernation: Registered nosave memory: [mem 0x6f800000-0x8fffffff]
[    0.059170] PM: hibernation: Registered nosave memory: [mem 0x90000000-0xfdffffff]
[    0.059171] PM: hibernation: Registered nosave memory: [mem 0xfe000000-0xfe010fff]
[    0.059172] PM: hibernation: Registered nosave memory: [mem 0xfe011000-0xffffffff]
[    0.059172] PM: hibernation: Registered nosave memory: [mem 0x100000000-0xc6f1fffff]
[    0.059174] PM: hibernation: Registered nosave memory: [mem 0x1000000000-0x1ebfffffff]
[    0.059176] [mem 0x90000000-0xfdffffff] available for PCI devices
[    0.059178] Booting paravirtualized kernel on bare hardware
[    0.059180] clocksource: refined-jiffies: mask: 0xffffffff max_cycles: 0xffffffff, max_idle_ns: 7645519600211568 ns
[    0.059186] setup_percpu: NR_CPUS:8192 nr_cpumask_bits:112 nr_cpu_ids:112 nr_node_ids:4
[    0.063837] percpu: Embedded 61 pages/cpu s212992 r8192 d28672 u262144
[    0.063848] pcpu-alloc: s212992 r8192 d28672 u262144 alloc=1*2097152
[    0.063851] pcpu-alloc: [0] 000 002 004 006 008 010 012 014 
[    0.063857] pcpu-alloc: [0] 016 018 020 022 024 026 028 030 
[    0.063861] pcpu-alloc: [0] 032 034 036 038 040 042 044 046 
[    0.063866] pcpu-alloc: [0] 048 050 052 054 056 058 060 062 
[    0.063871] pcpu-alloc: [0] 064 066 068 070 072 074 076 078 
[    0.063875] pcpu-alloc: [0] 080 082 084 086 088 090 092 094 
[    0.063879] pcpu-alloc: [0] 096 098 100 102 104 106 108 110 
[    0.063884] pcpu-alloc: [1] 001 003 005 007 009 011 013 015 
[    0.063889] pcpu-alloc: [1] 017 019 021 023 025 027 029 031 
[    0.063893] pcpu-alloc: [1] 033 035 037 039 041 043 045 047 
[    0.063898] pcpu-alloc: [1] 049 051 053 055 057 059 061 063 
[    0.063902] pcpu-alloc: [1] 065 067 069 071 073 075 077 079 
[    0.063907] pcpu-alloc: [1] 081 083 085 087 089 091 093 095 
[    0.063911] pcpu-alloc: [1] 097 099 101 103 105 107 109 111 
[    0.063958] Fallback order for Node 0: 0 1 
[    0.063961] Fallback order for Node 1: 1 0 
[    0.063964] Fallback order for Node 2: 2 0 1 
[    0.063967] Fallback order for Node 3: 3 1 0 
[    0.063974] Built 2 zonelists, mobility grouping on.  Total pages: 5863132
[    0.063976] Policy zone: Normal
[    0.063977] Kernel command line: BOOT_IMAGE=/boot/vmlinuz-5.18.0 root=UUID=ce0c24b8-724b-4f33-9b2c-618433560aef ro memmap=46834M!4096M memmap=59G!64G quiet splash nomodeset vt.handoff=1
[    0.064103] Booted with the nomodeset parameter. Only the system framebuffer will be available
[    0.064125] Unknown kernel command line parameters "splash BOOT_IMAGE=/boot/vmlinuz-5.18.0", will be passed to user space.
[    0.064127] printk: log_buf_len individual max cpu contribution: 4096 bytes
[    0.064128] printk: log_buf_len total cpu_extra contributions: 454656 bytes
[    0.064129] printk: log_buf_len min size: 262144 bytes
[    0.065109] printk: log_buf_len: 1048576 bytes
[    0.065111] printk: early log buf free: 223664(85%)
[    0.067017] mem auto-init: stack:off, heap alloc:on, heap free:off
[    0.130252] Memory: 22624172K/23829600K available (16392K kernel code, 3615K rwdata, 10444K rodata, 2688K init, 5836K bss, 1205168K reserved, 0K cma-reserved)
[    0.130259] random: get_random_u64 called from __kmem_cache_create+0x2d/0x480 with crng_init=0
[    0.130996] SLUB: HWalign=64, Order=0-3, MinObjects=0, CPUs=112, Nodes=4
[    0.131031] ftrace: allocating 48795 entries in 191 pages
[    0.139606] ftrace: allocated 191 pages with 7 groups
[    0.140581] Dynamic Preempt: voluntary
[    0.140926] rcu: Preemptible hierarchical RCU implementation.
[    0.140927] rcu: 	RCU restricting CPUs from NR_CPUS=8192 to nr_cpu_ids=112.
[    0.140928] 	Trampoline variant of Tasks RCU enabled.
[    0.140929] 	Rude variant of Tasks RCU enabled.
[    0.140930] 	Tracing variant of Tasks RCU enabled.
[    0.140930] rcu: RCU calculated value of scheduler-enlistment delay is 25 jiffies.
[    0.140931] rcu: Adjusting geometry for rcu_fanout_leaf=16, nr_cpu_ids=112
[    0.144780] NR_IRQS: 524544, nr_irqs: 2952, preallocated irqs: 16
[    0.145144] random: crng init done (trusting CPU's manufacturer)
[    0.145282] Console: colour dummy device 80x25
[    0.145317] printk: console [tty0] enabled
[    0.145512] mempolicy: Enabling automatic NUMA balancing. Configure with numa_balancing= or the kernel.numa_balancing sysctl
[    0.145516] ACPI: Core revision 20211217
[    0.148922] clocksource: hpet: mask: 0xffffffff max_cycles: 0xffffffff, max_idle_ns: 79635855245 ns
[    0.148967] APIC: Switch to symmetric I/O mode setup
[    0.148968] DMAR: Host address width 46
[    0.148970] DMAR: DRHD base: 0x000000d0ffc000 flags: 0x0
[    0.148975] DMAR: dmar0: reg_base_addr d0ffc000 ver 4:0 cap 8ed008c40780466 ecap 60000f050df
[    0.148977] DMAR: DRHD base: 0x000000dbbfc000 flags: 0x0
[    0.148980] DMAR: dmar1: reg_base_addr dbbfc000 ver 4:0 cap 8ed008c40780466 ecap 60000f050df
[    0.148982] DMAR: DRHD base: 0x000000e67fc000 flags: 0x0
[    0.148986] DMAR: dmar2: reg_base_addr e67fc000 ver 4:0 cap 8ed008c40780466 ecap 60000f050df
[    0.148988] DMAR: DRHD base: 0x000000f13fc000 flags: 0x0
[    0.148990] DMAR: dmar3: reg_base_addr f13fc000 ver 4:0 cap 8ed008c40780466 ecap 60000f050df
[    0.148992] DMAR: DRHD base: 0x000000fb7fc000 flags: 0x0
[    0.148995] DMAR: dmar4: reg_base_addr fb7fc000 ver 4:0 cap 8ed008c40780466 ecap 60000f050df
[    0.148997] DMAR: DRHD base: 0x000000a63fc000 flags: 0x0
[    0.148999] DMAR: dmar5: reg_base_addr a63fc000 ver 4:0 cap 8ed008c40780466 ecap 60000f050df
[    0.149001] DMAR: DRHD base: 0x000000b0ffc000 flags: 0x0
[    0.149006] DMAR: dmar6: reg_base_addr b0ffc000 ver 4:0 cap 8ed008c40780466 ecap 60000f050df
[    0.149007] DMAR: DRHD base: 0x000000bbbfc000 flags: 0x0
[    0.149010] DMAR: dmar7: reg_base_addr bbbfc000 ver 4:0 cap 8ed008c40780466 ecap 60000f050df
[    0.149012] DMAR: DRHD base: 0x000000c5ffc000 flags: 0x0
[    0.149014] DMAR: dmar8: reg_base_addr c5ffc000 ver 4:0 cap 8ed008c40780466 ecap 60000f050df
[    0.149016] DMAR: DRHD base: 0x0000009b7fc000 flags: 0x1
[    0.149018] DMAR: dmar9: reg_base_addr 9b7fc000 ver 4:0 cap 8ed008c40780466 ecap 60000f050df
[    0.149020] DMAR: RMRR base: 0x00000069427000 end: 0x00000069429fff
[    0.149022] DMAR: ATSR flags: 0x0
[    0.149024] DMAR-IR: IOAPIC id 8 under DRHD base  0x9b7fc000 IOMMU 9
[    0.149025] DMAR-IR: HPET id 0 under DRHD base 0x9b7fc000
[    0.149026] DMAR-IR: Queued invalidation will be enabled to support x2apic and Intr-remapping.
[    0.152218] DMAR-IR: Enabled IRQ remapping in x2apic mode
[    0.154848] ..TIMER: vector=0x30 apic1=0 pin1=2 apic2=-1 pin2=-1
[    0.172897] clocksource: tsc-early: mask: 0xffffffffffffffff max_cycles: 0x39a85c9bff6, max_idle_ns: 881590591483 ns
[    0.172903] Calibrating delay loop (skipped), value calculated using timer frequency.. 4000.00 BogoMIPS (lpj=8000000)
[    0.172906] pid_max: default: 114688 minimum: 896
[    0.176766] LSM: Security Framework initializing
[    0.176782] Yama: becoming mindful.
[    0.176820] AppArmor: AppArmor initialized
[    0.180942] Dentry cache hash table entries: 4194304 (order: 13, 33554432 bytes, vmalloc hugepage)
[    0.182945] Inode-cache hash table entries: 2097152 (order: 12, 16777216 bytes, vmalloc hugepage)
[    0.183053] Mount-cache hash table entries: 65536 (order: 7, 524288 bytes, vmalloc)
[    0.183127] Mountpoint-cache hash table entries: 65536 (order: 7, 524288 bytes, vmalloc)
[    0.183659] x86/tme: not enabled by BIOS
[    0.183668] CPU0: Thermal monitoring enabled (TM1)
[    0.183671] x86/cpu: User Mode Instruction Prevention (UMIP) activated
[    0.183906] process: using mwait in idle threads
[    0.183908] Last level iTLB entries: 4KB 0, 2MB 0, 4MB 0
[    0.183909] Last level dTLB entries: 4KB 0, 2MB 0, 4MB 0, 1GB 0
[    0.183915] Spectre V1 : Mitigation: usercopy/swapgs barriers and __user pointer sanitization
[    0.183917] Spectre V2 : WARNING: Unprivileged eBPF is enabled with eIBRS on, data leaks possible via Spectre v2 BHB attacks!
[    0.183922] Spectre V2 : Mitigation: Enhanced IBRS
[    0.183923] Spectre V2 : Spectre v2 / SpectreRSB mitigation: Filling RSB on context switch
[    0.183924] Spectre V2 : mitigation: Enabling conditional Indirect Branch Prediction Barrier
[    0.183925] Speculative Store Bypass: Mitigation: Speculative Store Bypass disabled via prctl
[    0.189108] Freeing SMP alternatives memory: 40K
[    0.193042] smpboot: Estimated ratio of average max frequency by base frequency (times 1024): 1433
[    0.193056] smpboot: CPU0: Intel(R) Xeon(R) Gold 6330 CPU @ 2.00GHz (family: 0x6, model: 0x6a, stepping: 0x6)
[    0.193260] cblist_init_generic: Setting adjustable number of callback queues.
[    0.193275] cblist_init_generic: Setting shift to 7 and lim to 1.
[    0.193301] cblist_init_generic: Setting shift to 7 and lim to 1.
[    0.193331] cblist_init_generic: Setting shift to 7 and lim to 1.
[    0.193342] Performance Events: PEBS fmt4+-baseline,  AnyThread deprecated, Icelake events, 32-deep LBR, full-width counters, Intel PMU driver.
[    0.193381] ... version:                5
[    0.193382] ... bit width:              48
[    0.193382] ... generic registers:      8
[    0.193383] ... value mask:             0000ffffffffffff
[    0.193384] ... max period:             00007fffffffffff
[    0.193384] ... fixed-purpose events:   4
[    0.193385] ... event mask:             0001000f000000ff
[    0.193537] rcu: Hierarchical SRCU implementation.
[    0.200853] NMI watchdog: Enabled. Permanently consumes one hw-PMU counter.
[    0.201987] smp: Bringing up secondary CPUs ...
[    0.202113] x86: Booting SMP configuration:
[    0.202114] .... node  #1, CPUs:          #1
[    0.007763] smpboot: CPU 1 Converting physical 0 to logical die 1

[    0.289026] .... node  #0, CPUs:     #2
[    0.294401] .... node  #1, CPUs:     #3
[    0.299843] .... node  #0, CPUs:     #4
[    0.305231] .... node  #1, CPUs:     #5
[    0.310640] .... node  #0, CPUs:     #6
[    0.316244] .... node  #1, CPUs:     #7
[    0.321836] .... node  #0, CPUs:     #8
[    0.327147] .... node  #1, CPUs:     #9
[    0.333008] .... node  #0, CPUs:    #10
[    0.338631] .... node  #1, CPUs:    #11
[    0.344385] .... node  #0, CPUs:    #12
[    0.349913] .... node  #1, CPUs:    #13
[    0.355283] .... node  #0, CPUs:    #14
[    0.360531] .... node  #1, CPUs:    #15
[    0.365860] .... node  #0, CPUs:    #16
[    0.371148] .... node  #1, CPUs:    #17
[    0.376460] .... node  #0, CPUs:    #18
[    0.381730] .... node  #1, CPUs:    #19
[    0.387388] .... node  #0, CPUs:    #20
[    0.392641] .... node  #1, CPUs:    #21
[    0.398259] .... node  #0, CPUs:    #22
[    0.403712] .... node  #1, CPUs:    #23
[    0.409011] .... node  #0, CPUs:    #24
[    0.414650] .... node  #1, CPUs:    #25
[    0.419992] .... node  #0, CPUs:    #26
[    0.425223] .... node  #1, CPUs:    #27
[    0.430544] .... node  #0, CPUs:    #28
[    0.436073] .... node  #1, CPUs:    #29
[    0.441386] .... node  #0, CPUs:    #30
[    0.446637] .... node  #1, CPUs:    #31
[    0.452124] .... node  #0, CPUs:    #32
[    0.457424] .... node  #1, CPUs:    #33
[    0.462794] .... node  #0, CPUs:    #34
[    0.468249] .... node  #1, CPUs:    #35
[    0.473574] .... node  #0, CPUs:    #36
[    0.478805] .... node  #1, CPUs:    #37
[    0.484119] .... node  #0, CPUs:    #38
[    0.489700] .... node  #1, CPUs:    #39
[    0.495241] .... node  #0, CPUs:    #40
[    0.501065] .... node  #1, CPUs:    #41
[    0.506622] .... node  #0, CPUs:    #42
[    0.511958] .... node  #1, CPUs:    #43
[    0.517614] .... node  #0, CPUs:    #44
[    0.522998] .... node  #1, CPUs:    #45
[    0.528471] .... node  #0, CPUs:    #46
[    0.534019] .... node  #1, CPUs:    #47
[    0.539486] .... node  #0, CPUs:    #48
[    0.545062] .... node  #1, CPUs:    #49
[    0.550297] .... node  #0, CPUs:    #50
[    0.555815] .... node  #1, CPUs:    #51
[    0.561466] .... node  #0, CPUs:    #52
[    0.566957] .... node  #1, CPUs:    #53
[    0.572559] .... node  #0, CPUs:    #54
[    0.578269] .... node  #1, CPUs:    #55
[    0.584102] .... node  #0, CPUs:    #56
[    0.590261] .... node  #1, CPUs:    #57
[    0.596188] .... node  #0, CPUs:    #58
[    0.601626] .... node  #1, CPUs:    #59
[    0.607079] .... node  #0, CPUs:    #60
[    0.612481] .... node  #1, CPUs:    #61
[    0.617902] .... node  #0, CPUs:    #62
[    0.623502] .... node  #1, CPUs:    #63
[    0.629129] .... node  #0, CPUs:    #64
[    0.634444] .... node  #1, CPUs:    #65
[    0.640198] .... node  #0, CPUs:    #66
[    0.645958] .... node  #1, CPUs:    #67
[    0.651731] .... node  #0, CPUs:    #68
[    0.657273] .... node  #1, CPUs:    #69
[    0.662676] .... node  #0, CPUs:    #70
[    0.667941] .... node  #1, CPUs:    #71
[    0.673300] .... node  #0, CPUs:    #72
[    0.678607] .... node  #1, CPUs:    #73
[    0.683945] .... node  #0, CPUs:    #74
[    0.689243] .... node  #1, CPUs:    #75
[    0.694904] .... node  #0, CPUs:    #76
[    0.700191] .... node  #1, CPUs:    #77
[    0.705825] .... node  #0, CPUs:    #78
[    0.711294] .... node  #1, CPUs:    #79
[    0.716610] .... node  #0, CPUs:    #80
[    0.722262] .... node  #1, CPUs:    #81
[    0.727644] .... node  #0, CPUs:    #82
[    0.733069] .... node  #1, CPUs:    #83
[    0.738254] .... node  #0, CPUs:    #84
[    0.743800] .... node  #1, CPUs:    #85
[    0.749122] .... node  #0, CPUs:    #86
[    0.754392] .... node  #1, CPUs:    #87
[    0.759917] .... node  #0, CPUs:    #88
[    0.765241] .... node  #1, CPUs:    #89
[    0.770648] .... node  #0, CPUs:    #90
[    0.776123] .... node  #1, CPUs:    #91
[    0.781468] .... node  #0, CPUs:    #92
[    0.786714] .... node  #1, CPUs:    #93
[    0.792072] .... node  #0, CPUs:    #94
[    0.797665] .... node  #1, CPUs:    #95
[    0.803218] .... node  #0, CPUs:    #96
[    0.809063] .... node  #1, CPUs:    #97
[    0.814635] .... node  #0, CPUs:    #98
[    0.819990] .... node  #1, CPUs:    #99
[    0.825663] .... node  #0, CPUs:   #100
[    0.831052] .... node  #1, CPUs:   #101
[    0.836557] .... node  #0, CPUs:   #102
[    0.842123] .... node  #1, CPUs:   #103
[    0.847613] .... node  #0, CPUs:   #104
[    0.853060] .... node  #1, CPUs:   #105
[    0.858435] .... node  #0, CPUs:   #106
[    0.863965] .... node  #1, CPUs:   #107
[    0.869635] .... node  #0, CPUs:   #108
[    0.875131] .... node  #1, CPUs:   #109
[    0.881009] .... node  #0, CPUs:   #110
[    0.886516] .... node  #1, CPUs:   #111
[    0.892377] smp: Brought up 2 nodes, 112 CPUs
[    0.892377] smpboot: Max logical packages: 2
[    0.892377] smpboot: Total of 112 processors activated (448089.04 BogoMIPS)
[    0.896272] devtmpfs: initialized
[    0.896272] x86/mm: Memory block size: 2048MB
[    0.896272] ACPI: PM: Registering ACPI NVS region [mem 0x49e77000-0x4ae76fff] (16777216 bytes)
[    0.897029] ACPI: PM: Registering ACPI NVS region [mem 0x6e3ff000-0x6f3fefff] (16777216 bytes)
[    0.897305] clocksource: jiffies: mask: 0xffffffff max_cycles: 0xffffffff, max_idle_ns: 7645041785100000 ns
[    0.897623] futex hash table entries: 32768 (order: 9, 2097152 bytes, vmalloc)
[    0.897872] pinctrl core: initialized pinctrl subsystem
[    0.898024] PM: RTC time: 02:33:59, date: 2024-06-28
[    0.898974] NET: Registered PF_NETLINK/PF_ROUTE protocol family
[    0.899769] DMA: preallocated 4096 KiB GFP_KERNEL pool for atomic allocations
[    0.900278] DMA: preallocated 4096 KiB GFP_KERNEL|GFP_DMA pool for atomic allocations
[    0.900745] DMA: preallocated 4096 KiB GFP_KERNEL|GFP_DMA32 pool for atomic allocations
[    0.900753] audit: initializing netlink subsys (disabled)
[    0.900761] audit: type=2000 audit(1719542038.748:1): state=initialized audit_enabled=0 res=1
[    0.900939] thermal_sys: Registered thermal governor 'fair_share'
[    0.900940] thermal_sys: Registered thermal governor 'bang_bang'
[    0.900941] thermal_sys: Registered thermal governor 'step_wise'
[    0.900942] thermal_sys: Registered thermal governor 'user_space'
[    0.900947] EISA bus registered
[    0.900972] cpuidle: using governor ladder
[    0.900972] cpuidle: using governor menu
[    0.900972] ACPI FADT declares the system doesn't support PCIe ASPM, so disable it
[    0.900972] acpiphp: ACPI Hot Plug PCI Controller Driver version: 0.5
[    0.901057] PCI: MMCONFIG for domain 0000 [bus 00-ff] at [mem 0x80000000-0x8fffffff] (base 0x80000000)
[    0.901062] PCI: MMCONFIG at [mem 0x80000000-0x8fffffff] reserved in E820
[    0.901067] pmd_set_huge: Cannot satisfy [mem 0x80000000-0x80200000] with a huge-page mapping due to MTRR override.
[    0.901269] PCI: Using configuration type 1 for base access
[    0.901279] PCI: Dell System detected, enabling pci=bfsort.
[    0.903447] ENERGY_PERF_BIAS: Set to 'normal', was 'performance'
[    0.906249] kprobes: kprobe jump-optimization is enabled. All kprobes are optimized if possible.
[    0.906254] HugeTLB registered 1.00 GiB page size, pre-allocated 0 pages
[    0.906254] HugeTLB registered 2.00 MiB page size, pre-allocated 0 pages
[    0.909267] fbcon: Taking over console
[    0.909267] ACPI: Added _OSI(Module Device)
[    0.909267] ACPI: Added _OSI(Processor Device)
[    0.909267] ACPI: Added _OSI(3.0 _SCP Extensions)
[    0.909267] ACPI: Added _OSI(Processor Aggregator Device)
[    0.909267] ACPI: Added _OSI(Linux-Dell-Video)
[    0.909267] ACPI: Added _OSI(Linux-Lenovo-NV-HDMI-Audio)
[    0.909267] ACPI: Added _OSI(Linux-HPI-Hybrid-Graphics)
[    1.080799] ACPI: 8 ACPI AML tables successfully acquired and loaded
[    1.087122] ACPI: [Firmware Bug]: BIOS _OSI(Linux) query ignored
[    1.093094] ACPI: Dynamic OEM Table Load:
[    1.510005] ACPI: Interpreter enabled
[    1.510026] ACPI: PM: (supports S0 S5)
[    1.510028] ACPI: Using IOAPIC for interrupt routing
[    1.510117] HEST: Table parsing has been initialized.
[    1.510302] GHES: APEI firmware first mode is enabled by APEI bit and WHEA _OSC.
[    1.510305] PCI: Using host bridge windows from ACPI; if necessary, use "pci=nocrs" and report a bug
[    1.540250] ACPI: Enabled 4 GPEs in block 00 to 7F
[    1.668521] ACPI: PCI Root Bridge [PC00] (domain 0000 [bus 00-15])
[    1.668527] acpi PNP0A08:00: _OSC: OS supports [ExtendedConfig ASPM ClockPM Segments MSI HPX-Type3]
[    1.737240] acpi PNP0A08:00: _OSC: platform does not support [SHPCHotplug AER LTR]
[    1.737470] acpi PNP0A08:00: _OSC: OS now controls [PCIeHotplug PME PCIeCapability]
[    1.737472] acpi PNP0A08:00: FADT indicates ASPM is unsupported, using BIOS configuration
[    1.739384] PCI host bridge to bus 0000:00
[    1.739386] pci_bus 0000:00: root bus resource [io  0x0000-0x0cf7 window]
[    1.739388] pci_bus 0000:00: root bus resource [io  0x1000-0x4fff window]
[    1.739390] pci_bus 0000:00: root bus resource [mem 0x000a0000-0x000bffff window]
[    1.739391] pci_bus 0000:00: root bus resource [mem 0x000c8000-0x000cffff window]
[    1.739393] pci_bus 0000:00: root bus resource [mem 0xfe010000-0xfe010fff window]
[    1.739394] pci_bus 0000:00: root bus resource [mem 0x90000000-0x9b7fffff window]
[    1.739395] pci_bus 0000:00: root bus resource [mem 0x200000000000-0x20ffffffffff window]
[    1.739397] pci_bus 0000:00: root bus resource [bus 00-15]
[    1.739412] pci 0000:00:00.0: [8086:09a2] type 00 class 0x088000
[    1.739512] pci 0000:00:00.1: [8086:09a4] type 00 class 0x088000
[    1.739581] pci 0000:00:00.2: [8086:09a3] type 00 class 0x088000
[    1.739648] pci 0000:00:00.4: [8086:0998] type 00 class 0x060000
[    1.739716] pci 0000:00:02.0: [8086:09a6] type 00 class 0x088000
[    1.739724] pci 0000:00:02.0: reg 0x10: [mem 0x92dfc000-0x92dfdfff]
[    1.739799] pci 0000:00:02.1: [8086:09a7] type 00 class 0x088000
[    1.739807] pci 0000:00:02.1: reg 0x10: [mem 0x92d00000-0x92d7ffff]
[    1.739813] pci 0000:00:02.1: reg 0x14: [mem 0x92c80000-0x92cfffff]
[    1.739887] pci 0000:00:02.4: [8086:3456] type 00 class 0x130000
[    1.739897] pci 0000:00:02.4: reg 0x10: [mem 0x92a00000-0x92afffff 64bit]
[    1.739904] pci 0000:00:02.4: reg 0x18: [mem 0x92df0000-0x92df3fff 64bit]
[    1.739911] pci 0000:00:02.4: reg 0x20: [mem 0x92dc0000-0x92ddffff 64bit]
[    1.739990] pci 0000:00:11.0: [8086:a1ec] type 00 class 0xff0000
[    1.739992] pci 0000:00:11.0: device has non-compliant BARs; disabling IO/MEM decoding
[    1.740083] pci 0000:00:11.5: [8086:a1d2] type 00 class 0x010601
[    1.740096] pci 0000:00:11.5: reg 0x10: [mem 0x92dfa000-0x92dfbfff]
[    1.740103] pci 0000:00:11.5: reg 0x14: [mem 0x92e05000-0x92e050ff]
[    1.740111] pci 0000:00:11.5: reg 0x18: [io  0x2068-0x206f]
[    1.740118] pci 0000:00:11.5: reg 0x1c: [io  0x2074-0x2077]
[    1.740125] pci 0000:00:11.5: reg 0x20: [io  0x2040-0x205f]
[    1.740133] pci 0000:00:11.5: reg 0x24: [mem 0x92b80000-0x92bfffff]
[    1.740170] pci 0000:00:11.5: PME# supported from D3hot
[    1.740386] pci 0000:00:14.0: [8086:a1af] type 00 class 0x0c0330
[    1.740404] pci 0000:00:14.0: reg 0x10: [mem 0x92de0000-0x92deffff 64bit]
[    1.740467] pci 0000:00:14.0: PME# supported from D3hot D3cold
[    1.740700] pci 0000:00:14.2: [8086:a1b1] type 00 class 0x118000
[    1.740717] pci 0000:00:14.2: reg 0x10: [mem 0x92e02000-0x92e02fff 64bit]
[    1.740841] pci 0000:00:16.0: [8086:a1ba] type 00 class 0x078000
[    1.740864] pci 0000:00:16.0: reg 0x10: [mem 0x92e01000-0x92e01fff 64bit]
[    1.740949] pci 0000:00:16.0: PME# supported from D3hot
[    1.741012] pci 0000:00:16.1: [8086:a1bb] type 00 class 0x078000
[    1.741036] pci 0000:00:16.1: reg 0x10: [mem 0x92e00000-0x92e00fff 64bit]
[    1.741121] pci 0000:00:16.1: PME# supported from D3hot
[    1.741187] pci 0000:00:16.4: [8086:a1be] type 00 class 0x078000
[    1.741210] pci 0000:00:16.4: reg 0x10: [mem 0x92dff000-0x92dfffff 64bit]
[    1.741295] pci 0000:00:16.4: PME# supported from D3hot
[    1.741366] pci 0000:00:17.0: [8086:a182] type 00 class 0x010601
[    1.741378] pci 0000:00:17.0: reg 0x10: [mem 0x92df8000-0x92df9fff]
[    1.741386] pci 0000:00:17.0: reg 0x14: [mem 0x92e04000-0x92e040ff]
[    1.741393] pci 0000:00:17.0: reg 0x18: [io  0x2060-0x2067]
[    1.741400] pci 0000:00:17.0: reg 0x1c: [io  0x2070-0x2073]
[    1.741407] pci 0000:00:17.0: reg 0x20: [io  0x2020-0x203f]
[    1.741415] pci 0000:00:17.0: reg 0x24: [mem 0x92b00000-0x92b7ffff]
[    1.741452] pci 0000:00:17.0: PME# supported from D3hot
[    1.741662] pci 0000:00:1c.0: [8086:a190] type 01 class 0x060400
[    1.741737] pci 0000:00:1c.0: PME# supported from D0 D3hot D3cold
[    1.742403] pci 0000:00:1c.4: [8086:a194] type 01 class 0x060400
[    1.742473] pci 0000:00:1c.4: PME# supported from D0 D3hot D3cold
[    1.743112] pci 0000:00:1c.5: [8086:a195] type 01 class 0x060400
[    1.743184] pci 0000:00:1c.5: PME# supported from D0 D3hot D3cold
[    1.743831] pci 0000:00:1f.0: [8086:a1cb] type 00 class 0x060100
[    1.744132] pci 0000:00:1f.2: [8086:a1a1] type 00 class 0x058000
[    1.744147] pci 0000:00:1f.2: reg 0x10: [mem 0x92df4000-0x92df7fff]
[    1.744393] pci 0000:00:1f.4: [8086:a1a3] type 00 class 0x0c0500
[    1.744412] pci 0000:00:1f.4: reg 0x10: [mem 0x92dfe000-0x92dfe0ff 64bit]
[    1.744436] pci 0000:00:1f.4: reg 0x20: [io  0x2000-0x201f]
[    1.744501] pci 0000:00:1f.5: [8086:a1a4] type 00 class 0x0c8000
[    1.744517] pci 0000:00:1f.5: reg 0x10: [mem 0xfe010000-0xfe010fff]
[    1.744649] pci 0000:00:1c.0: PCI bridge to [bus 01]
[    1.744699] pci 0000:02:00.0: [1556:be00] type 01 class 0x060400
[    1.744870] pci 0000:00:1c.4: PCI bridge to [bus 02-03]
[    1.744874] pci 0000:00:1c.4:   bridge window [mem 0x92000000-0x928fffff]
[    1.744878] pci 0000:00:1c.4:   bridge window [mem 0x91000000-0x91ffffff 64bit pref]
[    1.744914] pci_bus 0000:03: extended config space not accessible
[    1.744999] pci 0000:03:00.0: [102b:0536] type 00 class 0x030000
[    1.745018] pci 0000:03:00.0: reg 0x10: [mem 0x91000000-0x91ffffff pref]
[    1.745029] pci 0000:03:00.0: reg 0x14: [mem 0x92808000-0x9280bfff]
[    1.745040] pci 0000:03:00.0: reg 0x18: [mem 0x92000000-0x927fffff]
[    1.745088] pci 0000:03:00.0: BAR 0: assigned to efifb
[    1.745096] pci 0000:03:00.0: Video device with shadowed ROM at [mem 0x000c0000-0x000dffff]
[    1.745200] pci 0000:02:00.0: PCI bridge to [bus 03]
[    1.745208] pci 0000:02:00.0:   bridge window [mem 0x92000000-0x928fffff]
[    1.745214] pci 0000:02:00.0:   bridge window [mem 0x91000000-0x91ffffff 64bit pref]
[    1.745284] pci 0000:04:00.0: [14e4:165f] type 00 class 0x020000
[    1.745308] pci 0000:04:00.0: reg 0x10: [mem 0x92930000-0x9293ffff 64bit pref]
[    1.745324] pci 0000:04:00.0: reg 0x18: [mem 0x92940000-0x9294ffff 64bit pref]
[    1.745340] pci 0000:04:00.0: reg 0x20: [mem 0x92950000-0x9295ffff 64bit pref]
[    1.745351] pci 0000:04:00.0: reg 0x30: [mem 0xfffc0000-0xffffffff pref]
[    1.745446] pci 0000:04:00.0: PME# supported from D0 D3hot D3cold
[    1.745500] pci 0000:04:00.0: 4.000 Gb/s available PCIe bandwidth, limited by 5.0 GT/s PCIe x1 link at 0000:00:1c.5 (capable of 8.000 Gb/s with 5.0 GT/s PCIe x2 link)
[    1.746063] pci 0000:04:00.1: [14e4:165f] type 00 class 0x020000
[    1.746087] pci 0000:04:00.1: reg 0x10: [mem 0x92900000-0x9290ffff 64bit pref]
[    1.746103] pci 0000:04:00.1: reg 0x18: [mem 0x92910000-0x9291ffff 64bit pref]
[    1.746119] pci 0000:04:00.1: reg 0x20: [mem 0x92920000-0x9292ffff 64bit pref]
[    1.746130] pci 0000:04:00.1: reg 0x30: [mem 0xfffc0000-0xffffffff pref]
[    1.746225] pci 0000:04:00.1: PME# supported from D0 D3hot D3cold
[    1.746805] pci 0000:00:1c.5: PCI bridge to [bus 04]
[    1.746812] pci 0000:00:1c.5:   bridge window [mem 0x92900000-0x929fffff 64bit pref]
[    1.746827] pci_bus 0000:00: on NUMA node 0
[    1.747427] ACPI: PCI Root Bridge [PC01] (domain 0000 [bus 16-2f])
[    1.747431] acpi PNP0A08:01: _OSC: OS supports [ExtendedConfig ASPM ClockPM Segments MSI HPX-Type3]
[    1.762190] acpi PNP0A08:01: _OSC: platform does not support [SHPCHotplug AER]
[    1.762408] acpi PNP0A08:01: _OSC: OS now controls [PCIeHotplug PME PCIeCapability LTR]
[    1.762409] acpi PNP0A08:01: FADT indicates ASPM is unsupported, using BIOS configuration
[    1.762542] PCI host bridge to bus 0000:16
[    1.762543] pci_bus 0000:16: root bus resource [io  0x5000-0x6fff window]
[    1.762545] pci_bus 0000:16: root bus resource [mem 0x9b800000-0xa63fffff window]
[    1.762547] pci_bus 0000:16: root bus resource [mem 0x210000000000-0x21ffffffffff window]
[    1.762548] pci_bus 0000:16: root bus resource [bus 16-2f]
[    1.762559] pci 0000:16:00.0: [8086:09a2] type 00 class 0x088000
[    1.762632] pci 0000:16:00.1: [8086:09a4] type 00 class 0x088000
[    1.762695] pci 0000:16:00.2: [8086:09a3] type 00 class 0x088000
[    1.762757] pci 0000:16:00.4: [8086:0998] type 00 class 0x060000
[    1.762827] pci 0000:16:02.0: [8086:347a] type 01 class 0x060400
[    1.762837] pci 0000:16:02.0: reg 0x10: [mem 0x21fffff00000-0x21fffff1ffff 64bit]
[    1.762875] pci 0000:16:02.0: PME# supported from D0 D3hot D3cold
[    1.763822] pci 0000:17:00.0: [1000:10e2] type 00 class 0x010400
[    1.763835] pci 0000:17:00.0: reg 0x10: [mem 0x9b800000-0x9b8fffff 64bit pref]
[    1.763844] pci 0000:17:00.0: reg 0x18: [mem 0x9b900000-0x9b9fffff 64bit pref]
[    1.763850] pci 0000:17:00.0: reg 0x20: [mem 0x9ba00000-0x9bafffff]
[    1.763855] pci 0000:17:00.0: reg 0x24: [io  0x5000-0x50ff]
[    1.763861] pci 0000:17:00.0: reg 0x30: [mem 0xfff00000-0xffffffff pref]
[    1.764980] pci 0000:17:00.0: supports D1 D2
[    1.765048] pci 0000:16:02.0: PCI bridge to [bus 17]
[    1.765050] pci 0000:16:02.0:   bridge window [io  0x5000-0x5fff]
[    1.765052] pci 0000:16:02.0:   bridge window [mem 0x9ba00000-0x9bafffff]
[    1.765055] pci 0000:16:02.0:   bridge window [mem 0x9b800000-0x9b9fffff 64bit pref]
[    1.765061] pci_bus 0000:16: on NUMA node 0
[    1.765142] ACPI: PCI Root Bridge [PC02] (domain 0000 [bus 30-49])
[    1.765145] acpi PNP0A08:02: _OSC: OS supports [ExtendedConfig ASPM ClockPM Segments MSI HPX-Type3]
[    1.779608] acpi PNP0A08:02: _OSC: platform does not support [SHPCHotplug AER]
[    1.779823] acpi PNP0A08:02: _OSC: OS now controls [PCIeHotplug PME PCIeCapability LTR]
[    1.779824] acpi PNP0A08:02: FADT indicates ASPM is unsupported, using BIOS configuration
[    1.779947] PCI host bridge to bus 0000:30
[    1.779948] pci_bus 0000:30: root bus resource [io  0x7000-0x8fff window]
[    1.779950] pci_bus 0000:30: root bus resource [mem 0xa6400000-0xb0ffffff window]
[    1.779952] pci_bus 0000:30: root bus resource [mem 0x220000000000-0x22ffffffffff window]
[    1.779953] pci_bus 0000:30: root bus resource [bus 30-49]
[    1.779963] pci 0000:30:00.0: [8086:09a2] type 00 class 0x088000
[    1.780031] pci 0000:30:00.1: [8086:09a4] type 00 class 0x088000
[    1.780093] pci 0000:30:00.2: [8086:09a3] type 00 class 0x088000
[    1.780156] pci 0000:30:00.4: [8086:0998] type 00 class 0x060000
[    1.780226] pci_bus 0000:30: on NUMA node 0
[    1.780330] ACPI: PCI Root Bridge [PC04] (domain 0000 [bus 4a-63])
[    1.780333] acpi PNP0A08:04: _OSC: OS supports [ExtendedConfig ASPM ClockPM Segments MSI HPX-Type3]
[    1.794781] acpi PNP0A08:04: _OSC: platform does not support [SHPCHotplug AER]
[    1.794995] acpi PNP0A08:04: _OSC: OS now controls [PCIeHotplug PME PCIeCapability LTR]
[    1.794996] acpi PNP0A08:04: FADT indicates ASPM is unsupported, using BIOS configuration
[    1.795118] PCI host bridge to bus 0000:4a
[    1.795119] pci_bus 0000:4a: root bus resource [io  0x9000-0x9fff window]
[    1.795120] pci_bus 0000:4a: root bus resource [mem 0xb1000000-0xbbbfffff window]
[    1.795122] pci_bus 0000:4a: root bus resource [mem 0x230000000000-0x23ffffffffff window]
[    1.795123] pci_bus 0000:4a: root bus resource [bus 4a-63]
[    1.795132] pci 0000:4a:00.0: [8086:09a2] type 00 class 0x088000
[    1.795196] pci 0000:4a:00.1: [8086:09a4] type 00 class 0x088000
[    1.795262] pci 0000:4a:00.2: [8086:09a3] type 00 class 0x088000
[    1.795323] pci 0000:4a:00.4: [8086:0998] type 00 class 0x060000
[    1.795398] pci_bus 0000:4a: on NUMA node 0
[    1.795472] ACPI: PCI Root Bridge [PC05] (domain 0000 [bus 64-7d])
[    1.795474] acpi PNP0A08:05: _OSC: OS supports [ExtendedConfig ASPM ClockPM Segments MSI HPX-Type3]
[    1.809909] acpi PNP0A08:05: _OSC: platform does not support [SHPCHotplug AER]
[    1.810121] acpi PNP0A08:05: _OSC: OS now controls [PCIeHotplug PME PCIeCapability LTR]
[    1.810122] acpi PNP0A08:05: FADT indicates ASPM is unsupported, using BIOS configuration
[    1.810243] PCI host bridge to bus 0000:64
[    1.810244] pci_bus 0000:64: root bus resource [io  0xa000-0xafff window]
[    1.810245] pci_bus 0000:64: root bus resource [mem 0xbbc00000-0xc5ffffff window]
[    1.810246] pci_bus 0000:64: root bus resource [mem 0x240000000000-0x24ffffffffff window]
[    1.810248] pci_bus 0000:64: root bus resource [bus 64-7d]
[    1.810257] pci 0000:64:00.0: [8086:09a2] type 00 class 0x088000
[    1.810321] pci 0000:64:00.1: [8086:09a4] type 00 class 0x088000
[    1.810381] pci 0000:64:00.2: [8086:09a3] type 00 class 0x088000
[    1.810443] pci 0000:64:00.4: [8086:0998] type 00 class 0x060000
[    1.810512] pci_bus 0000:64: on NUMA node 0
[    1.810579] ACPI: PCI Root Bridge [UC06] (domain 0000 [bus 7e])
[    1.810581] acpi PNP0A03:00: _OSC: OS supports [ExtendedConfig ASPM ClockPM Segments MSI HPX-Type3]
[    1.810680] acpi PNP0A03:00: _OSC: platform does not support [SHPCHotplug AER LTR]
[    1.810860] acpi PNP0A03:00: _OSC: OS now controls [PCIeHotplug PME PCIeCapability]
[    1.810861] acpi PNP0A03:00: FADT indicates ASPM is unsupported, using BIOS configuration
[    1.810995] PCI host bridge to bus 0000:7e
[    1.810997] pci_bus 0000:7e: root bus resource [bus 7e]
[    1.811005] pci 0000:7e:00.0: [8086:3450] type 00 class 0x088000
[    1.811077] pci 0000:7e:00.1: [8086:3451] type 00 class 0x088000
[    1.811140] pci 0000:7e:00.2: [8086:3452] type 00 class 0x088000
[    1.811210] pci 0000:7e:00.3: [8086:0998] type 00 class 0x060000
[    1.811265] pci 0000:7e:00.5: [8086:3455] type 00 class 0x088000
[    1.811327] pci 0000:7e:02.0: [8086:3440] type 00 class 0x088000
[    1.811454] pci 0000:7e:02.1: [8086:3441] type 00 class 0x088000
[    1.811562] pci 0000:7e:02.2: [8086:3442] type 00 class 0x088000
[    1.811668] pci 0000:7e:03.0: [8086:3440] type 00 class 0x088000
[    1.811761] pci 0000:7e:03.1: [8086:3441] type 00 class 0x088000
[    1.811838] pci 0000:7e:03.2: [8086:3442] type 00 class 0x088000
[    1.811919] pci 0000:7e:04.0: [8086:3440] type 00 class 0x088000
[    1.812038] pci 0000:7e:04.1: [8086:3441] type 00 class 0x088000
[    1.812153] pci 0000:7e:04.2: [8086:3442] type 00 class 0x088000
[    1.812268] pci 0000:7e:04.3: [8086:3443] type 00 class 0x088000
[    1.812387] pci 0000:7e:05.0: [8086:3445] type 00 class 0x088000
[    1.812513] pci 0000:7e:05.1: [8086:3446] type 00 class 0x088000
[    1.812623] pci 0000:7e:05.2: [8086:3447] type 00 class 0x088000
[    1.812737] pci 0000:7e:06.0: [8086:3445] type 00 class 0x088000
[    1.812833] pci 0000:7e:06.1: [8086:3446] type 00 class 0x088000
[    1.812911] pci 0000:7e:06.2: [8086:3447] type 00 class 0x088000
[    1.812995] pci 0000:7e:07.0: [8086:3445] type 00 class 0x088000
[    1.813130] pci 0000:7e:07.1: [8086:3446] type 00 class 0x088000
[    1.813248] pci 0000:7e:07.2: [8086:3447] type 00 class 0x088000
[    1.813364] pci 0000:7e:0b.0: [8086:3448] type 00 class 0x088000
[    1.813441] pci 0000:7e:0b.1: [8086:3448] type 00 class 0x088000
[    1.813509] pci 0000:7e:0b.2: [8086:344b] type 00 class 0x088000
[    1.813577] pci 0000:7e:0c.0: [8086:344a] type 00 class 0x110100
[    1.813680] pci 0000:7e:0d.0: [8086:344a] type 00 class 0x110100
[    1.813779] pci 0000:7e:0e.0: [8086:344a] type 00 class 0x110100
[    1.813922] pci 0000:7e:0f.0: [8086:344a] type 00 class 0x110100
[    1.814076] pci 0000:7e:1a.0: [8086:2880] type 00 class 0x110100
[    1.814175] pci 0000:7e:1b.0: [8086:2880] type 00 class 0x110100
[    1.814273] pci 0000:7e:1c.0: [8086:2880] type 00 class 0x110100
[    1.814428] pci 0000:7e:1d.0: [8086:2880] type 00 class 0x110100
[    1.814574] pci_bus 0000:7e: on NUMA node 0
[    1.814656] ACPI: PCI Root Bridge [UC07] (domain 0000 [bus 7f])
[    1.814659] acpi PNP0A03:01: _OSC: OS supports [ExtendedConfig ASPM ClockPM Segments MSI HPX-Type3]
[    1.814759] acpi PNP0A03:01: _OSC: platform does not support [SHPCHotplug AER LTR]
[    1.814941] acpi PNP0A03:01: _OSC: OS now controls [PCIeHotplug PME PCIeCapability]
[    1.814942] acpi PNP0A03:01: FADT indicates ASPM is unsupported, using BIOS configuration
[    1.815088] PCI host bridge to bus 0000:7f
[    1.815089] pci_bus 0000:7f: root bus resource [bus 7f]
[    1.815103] pci 0000:7f:00.0: [8086:344c] type 00 class 0x088000
[    1.815218] pci 0000:7f:00.1: [8086:344c] type 00 class 0x088000
[    1.815327] pci 0000:7f:00.2: [8086:344c] type 00 class 0x088000
[    1.815438] pci 0000:7f:00.3: [8086:344c] type 00 class 0x088000
[    1.815527] pci 0000:7f:00.4: [8086:344c] type 00 class 0x088000
[    1.815647] pci 0000:7f:00.5: [8086:344c] type 00 class 0x088000
[    1.815763] pci 0000:7f:00.6: [8086:344c] type 00 class 0x088000
[    1.815845] pci 0000:7f:00.7: [8086:344c] type 00 class 0x088000
[    1.815928] pci 0000:7f:01.0: [8086:344c] type 00 class 0x088000
[    1.816069] pci 0000:7f:01.1: [8086:344c] type 00 class 0x088000
[    1.816187] pci 0000:7f:01.2: [8086:344c] type 00 class 0x088000
[    1.816266] pci 0000:7f:01.3: [8086:344c] type 00 class 0x088000
[    1.816397] pci 0000:7f:01.4: [8086:344c] type 00 class 0x088000
[    1.816529] pci 0000:7f:01.5: [8086:344c] type 00 class 0x088000
[    1.816664] pci 0000:7f:01.6: [8086:344c] type 00 class 0x088000
[    1.816790] pci 0000:7f:01.7: [8086:344c] type 00 class 0x088000
[    1.816918] pci 0000:7f:02.0: [8086:344c] type 00 class 0x088000
[    1.817060] pci 0000:7f:02.1: [8086:344c] type 00 class 0x088000
[    1.817192] pci 0000:7f:02.2: [8086:344c] type 00 class 0x088000
[    1.817324] pci 0000:7f:02.3: [8086:344c] type 00 class 0x088000
[    1.817462] pci 0000:7f:02.4: [8086:344c] type 00 class 0x088000
[    1.817598] pci 0000:7f:02.5: [8086:344c] type 00 class 0x088000
[    1.817735] pci 0000:7f:02.6: [8086:344c] type 00 class 0x088000
[    1.817889] pci 0000:7f:02.7: [8086:344c] type 00 class 0x088000
[    1.818036] pci 0000:7f:03.0: [8086:344c] type 00 class 0x088000
[    1.818194] pci 0000:7f:03.1: [8086:344c] type 00 class 0x088000
[    1.818345] pci 0000:7f:03.2: [8086:344c] type 00 class 0x088000
[    1.818494] pci 0000:7f:03.3: [8086:344c] type 00 class 0x088000
[    1.818652] pci 0000:7f:0a.0: [8086:344d] type 00 class 0x088000
[    1.818765] pci 0000:7f:0a.1: [8086:344d] type 00 class 0x088000
[    1.818874] pci 0000:7f:0a.2: [8086:344d] type 00 class 0x088000
[    1.818990] pci 0000:7f:0a.3: [8086:344d] type 00 class 0x088000
[    1.819087] pci 0000:7f:0a.4: [8086:344d] type 00 class 0x088000
[    1.819206] pci 0000:7f:0a.5: [8086:344d] type 00 class 0x088000
[    1.819322] pci 0000:7f:0a.6: [8086:344d] type 00 class 0x088000
[    1.819399] pci 0000:7f:0a.7: [8086:344d] type 00 class 0x088000
[    1.819482] pci 0000:7f:0b.0: [8086:344d] type 00 class 0x088000
[    1.819624] pci 0000:7f:0b.1: [8086:344d] type 00 class 0x088000
[    1.819743] pci 0000:7f:0b.2: [8086:344d] type 00 class 0x088000
[    1.819828] pci 0000:7f:0b.3: [8086:344d] type 00 class 0x088000
[    1.819959] pci 0000:7f:0b.4: [8086:344d] type 00 class 0x088000
[    1.820091] pci 0000:7f:0b.5: [8086:344d] type 00 class 0x088000
[    1.820227] pci 0000:7f:0b.6: [8086:344d] type 00 class 0x088000
[    1.820347] pci 0000:7f:0b.7: [8086:344d] type 00 class 0x088000
[    1.820475] pci 0000:7f:0c.0: [8086:344d] type 00 class 0x088000
[    1.820622] pci 0000:7f:0c.1: [8086:344d] type 00 class 0x088000
[    1.820753] pci 0000:7f:0c.2: [8086:344d] type 00 class 0x088000
[    1.820890] pci 0000:7f:0c.3: [8086:344d] type 00 class 0x088000
[    1.821026] pci 0000:7f:0c.4: [8086:344d] type 00 class 0x088000
[    1.821163] pci 0000:7f:0c.5: [8086:344d] type 00 class 0x088000
[    1.821300] pci 0000:7f:0c.6: [8086:344d] type 00 class 0x088000
[    1.821447] pci 0000:7f:0c.7: [8086:344d] type 00 class 0x088000
[    1.821594] pci 0000:7f:0d.0: [8086:344d] type 00 class 0x088000
[    1.821758] pci 0000:7f:0d.1: [8086:344d] type 00 class 0x088000
[    1.821909] pci 0000:7f:0d.2: [8086:344d] type 00 class 0x088000
[    1.822063] pci 0000:7f:0d.3: [8086:344d] type 00 class 0x088000
[    1.822232] pci 0000:7f:1d.0: [8086:344f] type 00 class 0x088000
[    1.822353] pci 0000:7f:1d.1: [8086:3457] type 00 class 0x088000
[    1.822458] pci 0000:7f:1e.0: [8086:3458] type 00 class 0x088000
[    1.822538] pci 0000:7f:1e.1: [8086:3459] type 00 class 0x088000
[    1.822600] pci 0000:7f:1e.2: [8086:345a] type 00 class 0x088000
[    1.822663] pci 0000:7f:1e.3: [8086:345b] type 00 class 0x088000
[    1.822725] pci 0000:7f:1e.4: [8086:345c] type 00 class 0x088000
[    1.822794] pci 0000:7f:1e.5: [8086:345d] type 00 class 0x088000
[    1.822854] pci 0000:7f:1e.6: [8086:345e] type 00 class 0x088000
[    1.822915] pci 0000:7f:1e.7: [8086:345f] type 00 class 0x088000
[    1.822974] pci_bus 0000:7f: on NUMA node 0
[    1.823083] ACPI: PCI Root Bridge [PC06] (domain 0000 [bus 80])
[    1.823086] acpi PNP0A08:06: _OSC: OS supports [ExtendedConfig ASPM ClockPM Segments MSI HPX-Type3]
[    1.837536] acpi PNP0A08:06: _OSC: platform does not support [SHPCHotplug AER]
[    1.837750] acpi PNP0A08:06: _OSC: OS now controls [PCIeHotplug PME PCIeCapability LTR]
[    1.837751] acpi PNP0A08:06: FADT indicates ASPM is unsupported, using BIOS configuration
[    1.837900] PCI host bridge to bus 0000:80
[    1.837901] pci_bus 0000:80: root bus resource [io  0xb000-0xbfff window]
[    1.837903] pci_bus 0000:80: root bus resource [mem 0xc6800000-0xd0ffffff window]
[    1.837904] pci_bus 0000:80: root bus resource [mem 0x250000000000-0x25ffffffffff window]
[    1.837906] pci_bus 0000:80: root bus resource [bus 80]
[    1.837916] pci 0000:80:00.0: [8086:09a2] type 00 class 0x088000
[    1.838002] pci 0000:80:00.1: [8086:09a4] type 00 class 0x088000
[    1.838071] pci 0000:80:00.2: [8086:09a3] type 00 class 0x088000
[    1.838141] pci 0000:80:00.4: [8086:0998] type 00 class 0x060000
[    1.838212] pci 0000:80:02.0: [8086:09a6] type 00 class 0x088000
[    1.838220] pci 0000:80:02.0: reg 0x10: [mem 0xc6aa4000-0xc6aa5fff]
[    1.838285] pci 0000:80:02.1: [8086:09a7] type 00 class 0x088000
[    1.838293] pci 0000:80:02.1: reg 0x10: [mem 0xc6a00000-0xc6a7ffff]
[    1.838299] pci 0000:80:02.1: reg 0x14: [mem 0xc6980000-0xc69fffff]
[    1.838354] pci 0000:80:02.4: [8086:3456] type 00 class 0x130000
[    1.838365] pci 0000:80:02.4: reg 0x10: [mem 0xc6800000-0xc68fffff 64bit]
[    1.838372] pci 0000:80:02.4: reg 0x18: [mem 0xc6aa0000-0xc6aa3fff 64bit]
[    1.838380] pci 0000:80:02.4: reg 0x20: [mem 0xc6a80000-0xc6a9ffff 64bit]
[    1.838446] pci_bus 0000:80: on NUMA node 1
[    1.838526] ACPI: PCI Root Bridge [PC07] (domain 0000 [bus 81])
[    1.838529] acpi PNP0A08:07: _OSC: OS supports [ExtendedConfig ASPM ClockPM Segments MSI HPX-Type3]
[    1.852969] acpi PNP0A08:07: _OSC: platform does not support [SHPCHotplug AER]
[    1.853185] acpi PNP0A08:07: _OSC: OS now controls [PCIeHotplug PME PCIeCapability LTR]
[    1.853186] acpi PNP0A08:07: FADT indicates ASPM is unsupported, using BIOS configuration
[    1.853307] PCI host bridge to bus 0000:81
[    1.853308] pci_bus 0000:81: root bus resource [io  0xc000-0xcfff window]
[    1.853309] pci_bus 0000:81: root bus resource [mem 0xd1000000-0xdbbfffff window]
[    1.853311] pci_bus 0000:81: root bus resource [mem 0x260000000000-0x26ffffffffff window]
[    1.853312] pci_bus 0000:81: root bus resource [bus 81]
[    1.853322] pci 0000:81:00.0: [8086:09a2] type 00 class 0x088000
[    1.853391] pci 0000:81:00.1: [8086:09a4] type 00 class 0x088000
[    1.853458] pci 0000:81:00.2: [8086:09a3] type 00 class 0x088000
[    1.853528] pci 0000:81:00.4: [8086:0998] type 00 class 0x060000
[    1.853605] pci_bus 0000:81: on NUMA node 1
[    1.853678] ACPI: PCI Root Bridge [PC08] (domain 0000 [bus 82])
[    1.853681] acpi PNP0A08:08: _OSC: OS supports [ExtendedConfig ASPM ClockPM Segments MSI HPX-Type3]
[    1.868106] acpi PNP0A08:08: _OSC: platform does not support [SHPCHotplug AER]
[    1.868317] acpi PNP0A08:08: _OSC: OS now controls [PCIeHotplug PME PCIeCapability LTR]
[    1.868319] acpi PNP0A08:08: FADT indicates ASPM is unsupported, using BIOS configuration
[    1.868436] PCI host bridge to bus 0000:82
[    1.868437] pci_bus 0000:82: root bus resource [io  0xd000-0xdfff window]
[    1.868439] pci_bus 0000:82: root bus resource [mem 0xdbc00000-0xe67fffff window]
[    1.868440] pci_bus 0000:82: root bus resource [mem 0x270000000000-0x27ffffffffff window]
[    1.868441] pci_bus 0000:82: root bus resource [bus 82]
[    1.868451] pci 0000:82:00.0: [8086:09a2] type 00 class 0x088000
[    1.868520] pci 0000:82:00.1: [8086:09a4] type 00 class 0x088000
[    1.868594] pci 0000:82:00.2: [8086:09a3] type 00 class 0x088000
[    1.868662] pci 0000:82:00.4: [8086:0998] type 00 class 0x060000
[    1.868740] pci_bus 0000:82: on NUMA node 1
[    1.868845] ACPI: PCI Root Bridge [PC10] (domain 0000 [bus 83-f9])
[    1.868847] acpi PNP0A08:0a: _OSC: OS supports [ExtendedConfig ASPM ClockPM Segments MSI HPX-Type3]
[    1.883295] acpi PNP0A08:0a: _OSC: platform does not support [SHPCHotplug AER]
[    1.883507] acpi PNP0A08:0a: _OSC: OS now controls [PCIeHotplug PME PCIeCapability LTR]
[    1.883508] acpi PNP0A08:0a: FADT indicates ASPM is unsupported, using BIOS configuration
[    1.883636] PCI host bridge to bus 0000:83
[    1.883637] pci_bus 0000:83: root bus resource [io  0xe000-0xefff window]
[    1.883638] pci_bus 0000:83: root bus resource [mem 0xe6800000-0xf13fffff window]
[    1.883639] pci_bus 0000:83: root bus resource [mem 0x280000000000-0x28ffffffffff window]
[    1.883641] pci_bus 0000:83: root bus resource [bus 83-f9]
[    1.883651] pci 0000:83:00.0: [8086:09a2] type 00 class 0x088000
[    1.883721] pci 0000:83:00.1: [8086:09a4] type 00 class 0x088000
[    1.883788] pci 0000:83:00.2: [8086:09a3] type 00 class 0x088000
[    1.883858] pci 0000:83:00.4: [8086:0998] type 00 class 0x060000
[    1.883936] pci_bus 0000:83: on NUMA node 1
[    1.884011] ACPI: PCI Root Bridge [PC11] (domain 0000 [bus fa])
[    1.884013] acpi PNP0A08:0b: _OSC: OS supports [ExtendedConfig ASPM ClockPM Segments MSI HPX-Type3]
[    1.898447] acpi PNP0A08:0b: _OSC: platform does not support [SHPCHotplug AER]
[    1.898659] acpi PNP0A08:0b: _OSC: OS now controls [PCIeHotplug PME PCIeCapability LTR]
[    1.898660] acpi PNP0A08:0b: FADT indicates ASPM is unsupported, using BIOS configuration
[    1.898778] PCI host bridge to bus 0000:fa
[    1.898780] pci_bus 0000:fa: root bus resource [io  0xf000-0xffff window]
[    1.898781] pci_bus 0000:fa: root bus resource [mem 0xf1400000-0xfb7fffff window]
[    1.898782] pci_bus 0000:fa: root bus resource [mem 0x290000000000-0x29ffffffffff window]
[    1.898784] pci_bus 0000:fa: root bus resource [bus fa]
[    1.898794] pci 0000:fa:00.0: [8086:09a2] type 00 class 0x088000
[    1.898863] pci 0000:fa:00.1: [8086:09a4] type 00 class 0x088000
[    1.898938] pci 0000:fa:00.2: [8086:09a3] type 00 class 0x088000
[    1.899008] pci 0000:fa:00.4: [8086:0998] type 00 class 0x060000
[    1.899087] pci_bus 0000:fa: on NUMA node 1
[    1.899154] ACPI: PCI Root Bridge [UC16] (domain 0000 [bus fe])
[    1.899156] acpi PNP0A03:02: _OSC: OS supports [ExtendedConfig ASPM ClockPM Segments MSI HPX-Type3]
[    1.899254] acpi PNP0A03:02: _OSC: platform does not support [SHPCHotplug AER LTR]
[    1.899434] acpi PNP0A03:02: _OSC: OS now controls [PCIeHotplug PME PCIeCapability]
[    1.899435] acpi PNP0A03:02: FADT indicates ASPM is unsupported, using BIOS configuration
[    1.899567] PCI host bridge to bus 0000:fe
[    1.899568] pci_bus 0000:fe: root bus resource [bus fe]
[    1.899577] pci 0000:fe:00.0: [8086:3450] type 00 class 0x088000
[    1.899651] pci 0000:fe:00.1: [8086:3451] type 00 class 0x088000
[    1.899711] pci 0000:fe:00.2: [8086:3452] type 00 class 0x088000
[    1.899769] pci 0000:fe:00.3: [8086:0998] type 00 class 0x060000
[    1.899829] pci 0000:fe:00.5: [8086:3455] type 00 class 0x088000
[    1.899896] pci 0000:fe:02.0: [8086:3440] type 00 class 0x088000
[    1.900034] pci 0000:fe:02.1: [8086:3441] type 00 class 0x088000
[    1.900146] pci 0000:fe:02.2: [8086:3442] type 00 class 0x088000
[    1.900257] pci 0000:fe:03.0: [8086:3440] type 00 class 0x088000
[    1.900354] pci 0000:fe:03.1: [8086:3441] type 00 class 0x088000
[    1.900433] pci 0000:fe:03.2: [8086:3442] type 00 class 0x088000
[    1.900520] pci 0000:fe:04.0: [8086:3440] type 00 class 0x088000
[    1.900646] pci 0000:fe:04.1: [8086:3441] type 00 class 0x088000
[    1.900768] pci 0000:fe:04.2: [8086:3442] type 00 class 0x088000
[    1.900895] pci 0000:fe:04.3: [8086:3443] type 00 class 0x088000
[    1.901024] pci 0000:fe:05.0: [8086:3445] type 00 class 0x088000
[    1.901155] pci 0000:fe:05.1: [8086:3446] type 00 class 0x088000
[    1.901272] pci 0000:fe:05.2: [8086:3447] type 00 class 0x088000
[    1.901386] pci 0000:fe:06.0: [8086:3445] type 00 class 0x088000
[    1.901483] pci 0000:fe:06.1: [8086:3446] type 00 class 0x088000
[    1.901565] pci 0000:fe:06.2: [8086:3447] type 00 class 0x088000
[    1.901656] pci 0000:fe:07.0: [8086:3445] type 00 class 0x088000
[    1.901802] pci 0000:fe:07.1: [8086:3446] type 00 class 0x088000
[    1.901924] pci 0000:fe:07.2: [8086:3447] type 00 class 0x088000
[    1.902044] pci 0000:fe:0b.0: [8086:3448] type 00 class 0x088000
[    1.902125] pci 0000:fe:0b.1: [8086:3448] type 00 class 0x088000
[    1.902190] pci 0000:fe:0b.2: [8086:344b] type 00 class 0x088000
[    1.902264] pci 0000:fe:0c.0: [8086:344a] type 00 class 0x110100
[    1.902372] pci 0000:fe:0d.0: [8086:344a] type 00 class 0x110100
[    1.902476] pci 0000:fe:0e.0: [8086:344a] type 00 class 0x110100
[    1.902634] pci 0000:fe:0f.0: [8086:344a] type 00 class 0x110100
[    1.902795] pci 0000:fe:1a.0: [8086:2880] type 00 class 0x110100
[    1.902900] pci 0000:fe:1b.0: [8086:2880] type 00 class 0x110100
[    1.903003] pci 0000:fe:1c.0: [8086:2880] type 00 class 0x110100
[    1.903158] pci 0000:fe:1d.0: [8086:2880] type 00 class 0x110100
[    1.903311] pci_bus 0000:fe: on NUMA node 1
[    1.903392] ACPI: PCI Root Bridge [UC17] (domain 0000 [bus ff])
[    1.903394] acpi PNP0A03:03: _OSC: OS supports [ExtendedConfig ASPM ClockPM Segments MSI HPX-Type3]
[    1.903492] acpi PNP0A03:03: _OSC: platform does not support [SHPCHotplug AER LTR]
[    1.903671] acpi PNP0A03:03: _OSC: OS now controls [PCIeHotplug PME PCIeCapability]
[    1.903672] acpi PNP0A03:03: FADT indicates ASPM is unsupported, using BIOS configuration
[    1.903819] PCI host bridge to bus 0000:ff
[    1.903820] pci_bus 0000:ff: root bus resource [bus ff]
[    1.903834] pci 0000:ff:00.0: [8086:344c] type 00 class 0x088000
[    1.903954] pci 0000:ff:00.1: [8086:344c] type 00 class 0x088000
[    1.904066] pci 0000:ff:00.2: [8086:344c] type 00 class 0x088000
[    1.904167] pci 0000:ff:00.3: [8086:344c] type 00 class 0x088000
[    1.904287] pci 0000:ff:00.4: [8086:344c] type 00 class 0x088000
[    1.904404] pci 0000:ff:00.5: [8086:344c] type 00 class 0x088000
[    1.904498] pci 0000:ff:00.6: [8086:344c] type 00 class 0x088000
[    1.904623] pci 0000:ff:00.7: [8086:344c] type 00 class 0x088000
[    1.904749] pci 0000:ff:01.0: [8086:344c] type 00 class 0x088000
[    1.904896] pci 0000:ff:01.1: [8086:344c] type 00 class 0x088000
[    1.905020] pci 0000:ff:01.2: [8086:344c] type 00 class 0x088000
[    1.905108] pci 0000:ff:01.3: [8086:344c] type 00 class 0x088000
[    1.905246] pci 0000:ff:01.4: [8086:344c] type 00 class 0x088000
[    1.905383] pci 0000:ff:01.5: [8086:344c] type 00 class 0x088000
[    1.905523] pci 0000:ff:01.6: [8086:344c] type 00 class 0x088000
[    1.905649] pci 0000:ff:01.7: [8086:344c] type 00 class 0x088000
[    1.905782] pci 0000:ff:02.0: [8086:344c] type 00 class 0x088000
[    1.905934] pci 0000:ff:02.1: [8086:344c] type 00 class 0x088000
[    1.906065] pci 0000:ff:02.2: [8086:344c] type 00 class 0x088000
[    1.906207] pci 0000:ff:02.3: [8086:344c] type 00 class 0x088000
[    1.906343] pci 0000:ff:02.4: [8086:344c] type 00 class 0x088000
[    1.906479] pci 0000:ff:02.5: [8086:344c] type 00 class 0x088000
[    1.906623] pci 0000:ff:02.6: [8086:344c] type 00 class 0x088000
[    1.906766] pci 0000:ff:02.7: [8086:344c] type 00 class 0x088000
[    1.906918] pci 0000:ff:03.0: [8086:344c] type 00 class 0x088000
[    1.907084] pci 0000:ff:03.1: [8086:344c] type 00 class 0x088000
[    1.907234] pci 0000:ff:03.2: [8086:344c] type 00 class 0x088000
[    1.907398] pci 0000:ff:03.3: [8086:344c] type 00 class 0x088000
[    1.907562] pci 0000:ff:0a.0: [8086:344d] type 00 class 0x088000
[    1.907681] pci 0000:ff:0a.1: [8086:344d] type 00 class 0x088000
[    1.907794] pci 0000:ff:0a.2: [8086:344d] type 00 class 0x088000
[    1.907892] pci 0000:ff:0a.3: [8086:344d] type 00 class 0x088000
[    1.908011] pci 0000:ff:0a.4: [8086:344d] type 00 class 0x088000
[    1.908128] pci 0000:ff:0a.5: [8086:344d] type 00 class 0x088000
[    1.908222] pci 0000:ff:0a.6: [8086:344d] type 00 class 0x088000
[    1.908351] pci 0000:ff:0a.7: [8086:344d] type 00 class 0x088000
[    1.908478] pci 0000:ff:0b.0: [8086:344d] type 00 class 0x088000
[    1.908627] pci 0000:ff:0b.1: [8086:344d] type 00 class 0x088000
[    1.908751] pci 0000:ff:0b.2: [8086:344d] type 00 class 0x088000
[    1.908836] pci 0000:ff:0b.3: [8086:344d] type 00 class 0x088000
[    1.908973] pci 0000:ff:0b.4: [8086:344d] type 00 class 0x088000
[    1.909108] pci 0000:ff:0b.5: [8086:344d] type 00 class 0x088000
[    1.909250] pci 0000:ff:0b.6: [8086:344d] type 00 class 0x088000
[    1.909383] pci 0000:ff:0b.7: [8086:344d] type 00 class 0x088000
[    1.909516] pci 0000:ff:0c.0: [8086:344d] type 00 class 0x088000
[    1.909664] pci 0000:ff:0c.1: [8086:344d] type 00 class 0x088000
[    1.909796] pci 0000:ff:0c.2: [8086:344d] type 00 class 0x088000
[    1.909934] pci 0000:ff:0c.3: [8086:344d] type 00 class 0x088000
[    1.910070] pci 0000:ff:0c.4: [8086:344d] type 00 class 0x088000
[    1.910207] pci 0000:ff:0c.5: [8086:344d] type 00 class 0x088000
[    1.910351] pci 0000:ff:0c.6: [8086:344d] type 00 class 0x088000
[    1.910499] pci 0000:ff:0c.7: [8086:344d] type 00 class 0x088000
[    1.910651] pci 0000:ff:0d.0: [8086:344d] type 00 class 0x088000
[    1.910818] pci 0000:ff:0d.1: [8086:344d] type 00 class 0x088000
[    1.910966] pci 0000:ff:0d.2: [8086:344d] type 00 class 0x088000
[    1.911132] pci 0000:ff:0d.3: [8086:344d] type 00 class 0x088000
[    1.911307] pci 0000:ff:1d.0: [8086:344f] type 00 class 0x088000
[    1.911434] pci 0000:ff:1d.1: [8086:3457] type 00 class 0x088000
[    1.911545] pci 0000:ff:1e.0: [8086:3458] type 00 class 0x088000
[    1.911630] pci 0000:ff:1e.1: [8086:3459] type 00 class 0x088000
[    1.911696] pci 0000:ff:1e.2: [8086:345a] type 00 class 0x088000
[    1.911760] pci 0000:ff:1e.3: [8086:345b] type 00 class 0x088000
[    1.911825] pci 0000:ff:1e.4: [8086:345c] type 00 class 0x088000
[    1.911889] pci 0000:ff:1e.5: [8086:345d] type 00 class 0x088000
[    1.911953] pci 0000:ff:1e.6: [8086:345e] type 00 class 0x088000
[    1.912018] pci 0000:ff:1e.7: [8086:345f] type 00 class 0x088000
[    1.912079] pci_bus 0000:ff: on NUMA node 1
[    1.913141] iommu: Default domain type: Translated 
[    1.913141] iommu: DMA domain TLB invalidation policy: lazy mode 
[    1.913141] SCSI subsystem initialized
[    1.916920] libata version 3.00 loaded.
[    1.916933] ACPI: bus type USB registered
[    1.916944] usbcore: registered new interface driver usbfs
[    1.916949] usbcore: registered new interface driver hub
[    1.916990] usbcore: registered new device driver usb
[    1.917008] pps_core: LinuxPPS API ver. 1 registered
[    1.917009] pps_core: Software ver. 5.3.6 - Copyright 2005-2007 Rodolfo Giometti <giometti@linux.it>
[    1.917011] PTP clock support registered
[    1.917080] EDAC MC: Ver: 3.0.0
[    1.917589] Registered efivars operations
[    1.917589] NetLabel: Initializing
[    1.917589] NetLabel:  domain hash size = 128
[    1.917589] NetLabel:  protocols = UNLABELED CIPSOv4 CALIPSO
[    1.917589] NetLabel:  unlabeled traffic allowed by default
[    1.917589] PCI: Using ACPI for IRQ routing
[    1.918140] PCI: pci_cache_line_size set to 64 bytes
[    1.918697] e820: reserve RAM buffer [mem 0x0008f000-0x0008ffff]
[    1.918699] e820: reserve RAM buffer [mem 0x46cc4020-0x47ffffff]
[    1.918700] e820: reserve RAM buffer [mem 0x46cf6020-0x47ffffff]
[    1.918701] e820: reserve RAM buffer [mem 0x46d29020-0x47ffffff]
[    1.918703] e820: reserve RAM buffer [mem 0x46d5c020-0x47ffffff]
[    1.918703] e820: reserve RAM buffer [mem 0x49e77000-0x4bffffff]
[    1.918705] e820: reserve RAM buffer [mem 0x4b2cf000-0x4bffffff]
[    1.918706] e820: reserve RAM buffer [mem 0x4bd94000-0x4bffffff]
[    1.918707] e820: reserve RAM buffer [mem 0x4ce00000-0x4fffffff]
[    1.918708] e820: reserve RAM buffer [mem 0x5eefe000-0x5fffffff]
[    1.918709] e820: reserve RAM buffer [mem 0x6f800000-0x6fffffff]
[    1.920905] pci 0000:03:00.0: vgaarb: setting as boot VGA device
[    1.920905] pci 0000:03:00.0: vgaarb: bridge control possible
[    1.920905] pci 0000:03:00.0: vgaarb: VGA device added: decodes=io+mem,owns=io+mem,locks=none
[    1.920905] vgaarb: loaded
[    1.922197] hpet0: at MMIO 0xfed00000, IRQs 2, 8, 0, 0, 0, 0, 0, 0
[    1.922204] hpet0: 8 comparators, 64-bit 24.000000 MHz counter
[    1.926176] clocksource: Switched to clocksource tsc-early
[    1.934429] VFS: Disk quotas dquot_6.6.0
[    1.934463] VFS: Dquot-cache hash table entries: 512 (order 0, 4096 bytes)
[    1.934615] AppArmor: AppArmor Filesystem Enabled
[    1.934628] pnp: PnP ACPI init
[    1.950733] system 00:01: [io  0x0500-0x05fe] has been reserved
[    1.950736] system 00:01: [io  0x0400-0x041f] has been reserved
[    1.950738] system 00:01: [io  0x0600-0x061f] has been reserved
[    1.950739] system 00:01: [io  0x0ca0-0x0ca1] has been reserved
[    1.950741] system 00:01: [io  0x0ca4-0x0ca6] has been reserved
[    1.950743] system 00:01: [mem 0xff000000-0xffffffff] has been reserved
[    1.951351] system 00:04: [mem 0xfd000000-0xfdabffff] has been reserved
[    1.951353] system 00:04: [mem 0xfdad0000-0xfdadffff] has been reserved
[    1.951355] system 00:04: [mem 0xfdb00000-0xfdffffff] has been reserved
[    1.951356] system 00:04: [mem 0xfe000000-0xfe00ffff] has been reserved
[    1.951358] system 00:04: [mem 0xfe011000-0xfe01ffff] has been reserved
[    1.951360] system 00:04: [mem 0xfe036000-0xfe03bfff] has been reserved
[    1.951361] system 00:04: [mem 0xfe03d000-0xfe3fffff] has been reserved
[    1.951363] system 00:04: [mem 0xfe410000-0xfe7fffff] has been reserved
[    1.951686] system 00:05: [io  0x1000-0x10fe] has been reserved
[    1.952716] pnp: PnP ACPI: found 6 devices
[    1.958392] clocksource: acpi_pm: mask: 0xffffff max_cycles: 0xffffff, max_idle_ns: 2085701024 ns
[    1.958473] NET: Registered PF_INET protocol family
[    1.958800] IP idents hash table entries: 262144 (order: 9, 2097152 bytes, vmalloc)
[    1.960981] tcp_listen_portaddr_hash hash table entries: 16384 (order: 6, 262144 bytes, vmalloc)
[    1.961361] TCP established hash table entries: 262144 (order: 9, 2097152 bytes, vmalloc)
[    1.961752] TCP bind hash table entries: 65536 (order: 8, 1048576 bytes, vmalloc)
[    1.961819] TCP: Hash tables configured (established 262144 bind 65536)
[    1.962038] UDP hash table entries: 16384 (order: 7, 524288 bytes, vmalloc)
[    1.962148] UDP-Lite hash table entries: 16384 (order: 7, 524288 bytes, vmalloc)
[    1.962316] NET: Registered PF_UNIX/PF_LOCAL protocol family
[    1.962322] NET: Registered PF_XDP protocol family
[    1.962329] pci 0000:04:00.0: can't claim BAR 6 [mem 0xfffc0000-0xffffffff pref]: no compatible bridge window
[    1.962332] pci 0000:04:00.1: can't claim BAR 6 [mem 0xfffc0000-0xffffffff pref]: no compatible bridge window
[    1.962334] pci 0000:17:00.0: can't claim BAR 6 [mem 0xfff00000-0xffffffff pref]: no compatible bridge window
[    1.962348] pci 0000:00:1c.5: BAR 14: assigned [mem 0x90000000-0x900fffff]
[    1.962351] pci 0000:00:1c.0: PCI bridge to [bus 01]
[    1.962361] pci 0000:02:00.0: PCI bridge to [bus 03]
[    1.962366] pci 0000:02:00.0:   bridge window [mem 0x92000000-0x928fffff]
[    1.962370] pci 0000:02:00.0:   bridge window [mem 0x91000000-0x91ffffff 64bit pref]
[    1.962376] pci 0000:00:1c.4: PCI bridge to [bus 02-03]
[    1.962380] pci 0000:00:1c.4:   bridge window [mem 0x92000000-0x928fffff]
[    1.962383] pci 0000:00:1c.4:   bridge window [mem 0x91000000-0x91ffffff 64bit pref]
[    1.962388] pci 0000:04:00.0: BAR 6: assigned [mem 0x90000000-0x9003ffff pref]
[    1.962390] pci 0000:04:00.1: BAR 6: assigned [mem 0x90040000-0x9007ffff pref]
[    1.962391] pci 0000:00:1c.5: PCI bridge to [bus 04]
[    1.962394] pci 0000:00:1c.5:   bridge window [mem 0x90000000-0x900fffff]
[    1.962397] pci 0000:00:1c.5:   bridge window [mem 0x92900000-0x929fffff 64bit pref]
[    1.962401] pci_bus 0000:00: resource 4 [io  0x0000-0x0cf7 window]
[    1.962403] pci_bus 0000:00: resource 5 [io  0x1000-0x4fff window]
[    1.962405] pci_bus 0000:00: resource 6 [mem 0x000a0000-0x000bffff window]
[    1.962406] pci_bus 0000:00: resource 7 [mem 0x000c8000-0x000cffff window]
[    1.962408] pci_bus 0000:00: resource 8 [mem 0xfe010000-0xfe010fff window]
[    1.962409] pci_bus 0000:00: resource 9 [mem 0x90000000-0x9b7fffff window]
[    1.962410] pci_bus 0000:00: resource 10 [mem 0x200000000000-0x20ffffffffff window]
[    1.962412] pci_bus 0000:02: resource 1 [mem 0x92000000-0x928fffff]
[    1.962413] pci_bus 0000:02: resource 2 [mem 0x91000000-0x91ffffff 64bit pref]
[    1.962414] pci_bus 0000:03: resource 1 [mem 0x92000000-0x928fffff]
[    1.962416] pci_bus 0000:03: resource 2 [mem 0x91000000-0x91ffffff 64bit pref]
[    1.962417] pci_bus 0000:04: resource 1 [mem 0x90000000-0x900fffff]
[    1.962418] pci_bus 0000:04: resource 2 [mem 0x92900000-0x929fffff 64bit pref]
[    1.962494] pci 0000:17:00.0: BAR 6: no space for [mem size 0x00100000 pref]
[    1.962496] pci 0000:17:00.0: BAR 6: failed to assign [mem size 0x00100000 pref]
[    1.962497] pci 0000:16:02.0: PCI bridge to [bus 17]
[    1.962499] pci 0000:16:02.0:   bridge window [io  0x5000-0x5fff]
[    1.962502] pci 0000:16:02.0:   bridge window [mem 0x9ba00000-0x9bafffff]
[    1.962504] pci 0000:16:02.0:   bridge window [mem 0x9b800000-0x9b9fffff 64bit pref]
[    1.962508] pci_bus 0000:16: resource 4 [io  0x5000-0x6fff window]
[    1.962509] pci_bus 0000:16: resource 5 [mem 0x9b800000-0xa63fffff window]
[    1.962510] pci_bus 0000:16: resource 6 [mem 0x210000000000-0x21ffffffffff window]
[    1.962511] pci_bus 0000:17: resource 0 [io  0x5000-0x5fff]
[    1.962512] pci_bus 0000:17: resource 1 [mem 0x9ba00000-0x9bafffff]
[    1.962513] pci_bus 0000:17: resource 2 [mem 0x9b800000-0x9b9fffff 64bit pref]
[    1.962520] pci_bus 0000:30: resource 4 [io  0x7000-0x8fff window]
[    1.962521] pci_bus 0000:30: resource 5 [mem 0xa6400000-0xb0ffffff window]
[    1.962522] pci_bus 0000:30: resource 6 [mem 0x220000000000-0x22ffffffffff window]
[    1.962528] pci_bus 0000:4a: resource 4 [io  0x9000-0x9fff window]
[    1.962529] pci_bus 0000:4a: resource 5 [mem 0xb1000000-0xbbbfffff window]
[    1.962531] pci_bus 0000:4a: resource 6 [mem 0x230000000000-0x23ffffffffff window]
