pgmigrate_success 38270969
pgmigrate_fail 26937328
thp_fault_alloc 0
thp_fault_fallback 0
thp_collapse_alloc 0
thp_collapse_alloc_failed 0
thp_file_alloc 0
thp_file_mapped 0
thp_split_page 0
thp_split_page_failed 0
thp_deferred_split_page 0
thp_split_pmd 0
thp_split_pud 0
thp_zero_page_alloc 0
thp_zero_page_alloc_failed 0
thp_swpout 0
thp_swpout_fallback 0
MemTotal:       589089984 kB
MemFree:        569103256 kB
MemAvailable:   568001732 kB
Buffers:           17556 kB
Cached:           534984 kB
SwapCached:            8 kB
Active:            92980 kB
Inactive:        1043000 kB
Active(anon):      58844 kB
Inactive(anon):   589920 kB
Active(file):      34136 kB
Inactive(file):   453080 kB
Unevictable:           0 kB
Mlocked:               0 kB
SwapTotal:       2097148 kB
SwapFree:        2096124 kB
Dirty:             28752 kB
Writeback:             0 kB
AnonPages:        644692 kB
Mapped:           358160 kB
Shmem:              6172 kB
KReclaimable:     250940 kB
Slab:             644116 kB
SReclaimable:     250940 kB
SUnreclaim:       393176 kB
KernelStack:       32048 kB
PageTables:        28508 kB
NFS_Unstable:          0 kB
Bounce:                0 kB
WritebackTmp:          0 kB
CommitLimit:    296642140 kB
Committed_AS:    6562120 kB
VmallocTotal:   34359738367 kB
VmallocUsed:      156936 kB
VmallocChunk:          0 kB
Percpu:           118720 kB
HardwareCorrupted:     0 kB
AnonHugePages:         0 kB
ShmemHugePages:        0 kB
ShmemPmdMapped:        0 kB
CmaTotal:              0 kB
CmaFree:               0 kB
HugePages_Total:       0
HugePages_Free:        0
HugePages_Rsvd:        0
HugePages_Surp:        0
Hugepagesize:       2048 kB
Hugetlb:               0 kB
DirectMap4k:      959976 kB
DirectMap2M:     8962048 kB
DirectMap1G:    1181745152 kB
pgmigrate_success 57577606
pgmigrate_fail 26968559
thp_fault_alloc 0
thp_fault_fallback 0
thp_collapse_alloc 0
thp_collapse_alloc_failed 0
thp_file_alloc 0
thp_file_mapped 0
thp_split_page 0
thp_split_page_failed 0
thp_deferred_split_page 0
thp_split_pmd 0
thp_split_pud 0
thp_zero_page_alloc 0
thp_zero_page_alloc_failed 0
thp_swpout 0
thp_swpout_fallback 0
MemTotal:       589089984 kB
MemFree:        569254520 kB
MemAvailable:   568070064 kB
Buffers:           18672 kB
Cached:           368824 kB
SwapCached:           12 kB
Active:            66896 kB
Inactive:         905336 kB
Active(anon):      40000 kB
Inactive(anon):   610884 kB
Active(file):      26896 kB
Inactive(file):   294452 kB
Unevictable:           0 kB
Mlocked:               0 kB
SwapTotal:       2097148 kB
SwapFree:        2095868 kB
Dirty:                 4 kB
Writeback:             0 kB
AnonPages:        646444 kB
Mapped:           358340 kB
Shmem:              6172 kB
KReclaimable:     250940 kB
Slab:             645188 kB
SReclaimable:     250940 kB
SUnreclaim:       394248 kB
KernelStack:       31760 kB
PageTables:        28356 kB
NFS_Unstable:          0 kB
Bounce:                0 kB
WritebackTmp:          0 kB
CommitLimit:    296642140 kB
Committed_AS:    6701100 kB
VmallocTotal:   34359738367 kB
VmallocUsed:      156952 kB
VmallocChunk:          0 kB
Percpu:           118720 kB
HardwareCorrupted:     0 kB
AnonHugePages:         0 kB
ShmemHugePages:        0 kB
ShmemPmdMapped:        0 kB
CmaTotal:              0 kB
CmaFree:               0 kB
HugePages_Total:       0
HugePages_Free:        0
HugePages_Rsvd:        0
HugePages_Surp:        0
Hugepagesize:       2048 kB
Hugetlb:               0 kB
DirectMap4k:      959976 kB
DirectMap2M:     8962048 kB
DirectMap1G:    1181745152 kB
