pgmigrate_success 20673020
pgmigrate_fail 26898355
thp_fault_alloc 0
thp_fault_fallback 0
thp_collapse_alloc 0
thp_collapse_alloc_failed 0
thp_file_alloc 0
thp_file_mapped 0
thp_split_page 0
thp_split_page_failed 0
thp_deferred_split_page 0
thp_split_pmd 0
thp_split_pud 0
thp_zero_page_alloc 0
thp_zero_page_alloc_failed 0
thp_swpout 0
thp_swpout_fallback 0
MemTotal:       589089984 kB
MemFree:        569347956 kB
MemAvailable:   568174228 kB
Buffers:            5268 kB
Cached:           361372 kB
SwapCached:            4 kB
Active:            95540 kB
Inactive:         895264 kB
Active(anon):      71068 kB
Inactive(anon):   567460 kB
Active(file):      24472 kB
Inactive(file):   327804 kB
Unevictable:           0 kB
Mlocked:               0 kB
SwapTotal:       2097148 kB
SwapFree:        2096636 kB
Dirty:                72 kB
Writeback:             0 kB
AnonPages:        635632 kB
Mapped:           357436 kB
Shmem:              6172 kB
KReclaimable:     241472 kB
Slab:             626164 kB
SReclaimable:     241472 kB
SUnreclaim:       384692 kB
KernelStack:       31616 kB
PageTables:        28716 kB
NFS_Unstable:          0 kB
Bounce:                0 kB
WritebackTmp:          0 kB
CommitLimit:    296642140 kB
Committed_AS:    6433124 kB
VmallocTotal:   34359738367 kB
VmallocUsed:      156816 kB
VmallocChunk:          0 kB
Percpu:           118720 kB
HardwareCorrupted:     0 kB
AnonHugePages:         0 kB
ShmemHugePages:        0 kB
ShmemPmdMapped:        0 kB
CmaTotal:              0 kB
CmaFree:               0 kB
HugePages_Total:       0
HugePages_Free:        0
HugePages_Rsvd:        0
HugePages_Surp:        0
Hugepagesize:       2048 kB
Hugetlb:               0 kB
DirectMap4k:      959976 kB
DirectMap2M:     8962048 kB
DirectMap1G:    1181745152 kB
pgmigrate_success 38271192
pgmigrate_fail 26937332
thp_fault_alloc 0
thp_fault_fallback 0
thp_collapse_alloc 0
thp_collapse_alloc_failed 0
thp_file_alloc 0
thp_file_mapped 0
thp_split_page 0
thp_split_page_failed 0
thp_deferred_split_page 0
thp_split_pmd 0
thp_split_pud 0
thp_zero_page_alloc 0
thp_zero_page_alloc_failed 0
thp_swpout 0
thp_swpout_fallback 0
MemTotal:       589089984 kB
MemFree:        569262544 kB
MemAvailable:   568077648 kB
Buffers:            5220 kB
Cached:           390512 kB
SwapCached:            8 kB
Active:            94016 kB
Inactive:         881352 kB
Active(anon):      67836 kB
Inactive(anon):   580644 kB
Active(file):      26180 kB
Inactive(file):   300708 kB
Unevictable:           0 kB
Mlocked:               0 kB
SwapTotal:       2097148 kB
SwapFree:        2096124 kB
Dirty:             28776 kB
Writeback:             0 kB
AnonPages:        644288 kB
Mapped:           357668 kB
Shmem:              6172 kB
KReclaimable:     244524 kB
Slab:             637700 kB
SReclaimable:     244524 kB
SUnreclaim:       393176 kB
KernelStack:       32100 kB
PageTables:        28252 kB
NFS_Unstable:          0 kB
Bounce:                0 kB
WritebackTmp:          0 kB
CommitLimit:    296642140 kB
Committed_AS:    6584272 kB
VmallocTotal:   34359738367 kB
VmallocUsed:      156920 kB
VmallocChunk:          0 kB
Percpu:           118720 kB
HardwareCorrupted:     0 kB
AnonHugePages:         0 kB
ShmemHugePages:        0 kB
ShmemPmdMapped:        0 kB
CmaTotal:              0 kB
CmaFree:               0 kB
HugePages_Total:       0
HugePages_Free:        0
HugePages_Rsvd:        0
HugePages_Surp:        0
Hugepagesize:       2048 kB
Hugetlb:               0 kB
DirectMap4k:      959976 kB
DirectMap2M:     8962048 kB
DirectMap1G:    1181745152 kB
