pgmigrate_success 151416
pgmigrate_fail 27
thp_migration_success 0
thp_migration_fail 0
thp_migration_split 0
thp_fault_alloc 0
thp_fault_fallback 0
thp_fault_fallback_charge 0
thp_collapse_alloc 0
thp_collapse_alloc_failed 0
thp_file_alloc 0
thp_file_fallback 0
thp_file_fallback_charge 0
thp_file_mapped 0
thp_split_page 0
thp_split_page_failed 0
thp_deferred_split_page 0
thp_split_pmd 0
thp_scan_exceed_none_pte 0
thp_scan_exceed_swap_pte 0
thp_scan_exceed_share_pte 0
thp_split_pud 0
thp_zero_page_alloc 0
thp_zero_page_alloc_failed 0
thp_swpout 0
thp_swpout_fallback 0
MemTotal:       547825136 kB
MemFree:        528376540 kB
MemAvailable:   527307268 kB
Buffers:           53496 kB
Cached:           158004 kB
SwapCached:        14896 kB
Active:           117032 kB
Inactive:         190920 kB
Active(anon):      21068 kB
Inactive(anon):    75692 kB
Active(file):      95964 kB
Inactive(file):   115228 kB
Unevictable:           0 kB
Mlocked:               0 kB
SwapTotal:       2097148 kB
SwapFree:        1586524 kB
Dirty:              1008 kB
Writeback:             0 kB
AnonPages:         82244 kB
Mapped:            58964 kB
Shmem:               224 kB
KReclaimable:     197456 kB
Slab:             477196 kB
SReclaimable:     197456 kB
SUnreclaim:       279740 kB
KernelStack:       32896 kB
PageTables:        42552 kB
NFS_Unstable:          0 kB
Bounce:                0 kB
WritebackTmp:          0 kB
CommitLimit:    276009716 kB
Committed_AS:    6787372 kB
VmallocTotal:   34359738367 kB
VmallocUsed:      141200 kB
VmallocChunk:          0 kB
Percpu:           134848 kB
HardwareCorrupted:     0 kB
AnonHugePages:         0 kB
ShmemHugePages:        0 kB
ShmemPmdMapped:        0 kB
FileHugePages:         0 kB
FilePmdMapped:         0 kB
CmaTotal:              0 kB
CmaFree:               0 kB
HugePages_Total:       0
HugePages_Free:        0
HugePages_Rsvd:        0
HugePages_Surp:        0
Hugepagesize:       2048 kB
Hugetlb:               0 kB
DirectMap4k:      589288 kB
DirectMap2M:    10381312 kB
DirectMap1G:    1180696576 kB
pgmigrate_success 3185108
pgmigrate_fail 56
thp_migration_success 0
thp_migration_fail 0
thp_migration_split 0
thp_fault_alloc 0
thp_fault_fallback 0
thp_fault_fallback_charge 0
thp_collapse_alloc 0
thp_collapse_alloc_failed 0
thp_file_alloc 0
thp_file_fallback 0
thp_file_fallback_charge 0
thp_file_mapped 0
thp_split_page 0
thp_split_page_failed 0
thp_deferred_split_page 0
thp_split_pmd 0
thp_scan_exceed_none_pte 0
thp_scan_exceed_swap_pte 0
thp_scan_exceed_share_pte 0
thp_split_pud 0
thp_zero_page_alloc 0
thp_zero_page_alloc_failed 0
thp_swpout 0
thp_swpout_fallback 0
MemTotal:       547825136 kB
MemFree:        528047076 kB
MemAvailable:   527003684 kB
Buffers:           63596 kB
Cached:           195096 kB
SwapCached:        40532 kB
Active:           124952 kB
Inactive:         393576 kB
Active(anon):      24348 kB
Inactive(anon):   238708 kB
Active(file):     100604 kB
Inactive(file):   154868 kB
Unevictable:           0 kB
Mlocked:               0 kB
SwapTotal:       2097148 kB
SwapFree:        1700624 kB
Dirty:                16 kB
Writeback:             0 kB
AnonPages:        240496 kB
Mapped:           150488 kB
Shmem:              3216 kB
KReclaimable:     204936 kB
Slab:             489532 kB
SReclaimable:     204936 kB
SUnreclaim:       284596 kB
KernelStack:       32928 kB
PageTables:        43088 kB
NFS_Unstable:          0 kB
Bounce:                0 kB
WritebackTmp:          0 kB
CommitLimit:    276009716 kB
Committed_AS:    6829664 kB
VmallocTotal:   34359738367 kB
VmallocUsed:      140480 kB
VmallocChunk:          0 kB
Percpu:           134848 kB
HardwareCorrupted:     0 kB
AnonHugePages:         0 kB
ShmemHugePages:        0 kB
ShmemPmdMapped:        0 kB
FileHugePages:         0 kB
FilePmdMapped:         0 kB
CmaTotal:              0 kB
CmaFree:               0 kB
HugePages_Total:       0
HugePages_Free:        0
HugePages_Rsvd:        0
HugePages_Surp:        0
Hugepagesize:       2048 kB
Hugetlb:               0 kB
DirectMap4k:      589288 kB
DirectMap2M:    10381312 kB
DirectMap1G:    1180696576 kB
