pgmigrate_success 149591
pgmigrate_fail 23
thp_migration_success 0
thp_migration_fail 0
thp_migration_split 0
thp_fault_alloc 0
thp_fault_fallback 0
thp_fault_fallback_charge 0
thp_collapse_alloc 0
thp_collapse_alloc_failed 0
thp_file_alloc 0
thp_file_fallback 0
thp_file_fallback_charge 0
thp_file_mapped 0
thp_split_page 0
thp_split_page_failed 0
thp_deferred_split_page 0
thp_split_pmd 0
thp_scan_exceed_none_pte 0
thp_scan_exceed_swap_pte 0
thp_scan_exceed_share_pte 0
thp_split_pud 0
thp_zero_page_alloc 0
thp_zero_page_alloc_failed 0
thp_swpout 0
thp_swpout_fallback 0
MemTotal:       547825136 kB
MemFree:        528155624 kB
MemAvailable:   527057296 kB
Buffers:            6288 kB
Cached:           178608 kB
SwapCached:        51944 kB
Active:            51440 kB
Inactive:         443880 kB
Active(anon):      24308 kB
Inactive(anon):   288500 kB
Active(file):      27132 kB
Inactive(file):   155380 kB
Unevictable:           0 kB
Mlocked:               0 kB
SwapTotal:       2097148 kB
SwapFree:        1751804 kB
Dirty:                96 kB
Writeback:             0 kB
AnonPages:        296228 kB
Mapped:           177392 kB
Shmem:              2336 kB
KReclaimable:     168024 kB
Slab:             446904 kB
SReclaimable:     168024 kB
SUnreclaim:       278880 kB
KernelStack:       32912 kB
PageTables:        42076 kB
NFS_Unstable:          0 kB
Bounce:                0 kB
WritebackTmp:          0 kB
CommitLimit:    276009716 kB
Committed_AS:    6787116 kB
VmallocTotal:   34359738367 kB
VmallocUsed:      141120 kB
VmallocChunk:          0 kB
Percpu:           134848 kB
HardwareCorrupted:     0 kB
AnonHugePages:         0 kB
ShmemHugePages:        0 kB
ShmemPmdMapped:        0 kB
FileHugePages:         0 kB
FilePmdMapped:         0 kB
CmaTotal:              0 kB
CmaFree:               0 kB
HugePages_Total:       0
HugePages_Free:        0
HugePages_Rsvd:        0
HugePages_Surp:        0
Hugepagesize:       2048 kB
Hugetlb:               0 kB
DirectMap4k:      589288 kB
DirectMap2M:    10381312 kB
DirectMap1G:    1180696576 kB
pgmigrate_success 307012
pgmigrate_fail 37
thp_migration_success 0
thp_migration_fail 0
thp_migration_split 0
thp_fault_alloc 0
thp_fault_fallback 0
thp_fault_fallback_charge 0
thp_collapse_alloc 0
thp_collapse_alloc_failed 0
thp_file_alloc 0
thp_file_fallback 0
thp_file_fallback_charge 0
thp_file_mapped 0
thp_split_page 0
thp_split_page_failed 0
thp_deferred_split_page 0
thp_split_pmd 0
thp_scan_exceed_none_pte 0
thp_scan_exceed_swap_pte 0
thp_scan_exceed_share_pte 0
thp_split_pud 0
thp_zero_page_alloc 0
thp_zero_page_alloc_failed 0
thp_swpout 0
thp_swpout_fallback 0
MemTotal:       547825136 kB
MemFree:        528150360 kB
MemAvailable:   527043908 kB
Buffers:            5396 kB
Cached:           163372 kB
SwapCached:        87112 kB
Active:            50968 kB
Inactive:         380560 kB
Active(anon):      20416 kB
Inactive(anon):   246072 kB
Active(file):      30552 kB
Inactive(file):   134488 kB
Unevictable:           0 kB
Mlocked:               0 kB
SwapTotal:       2097148 kB
SwapFree:        1673608 kB
Dirty:                52 kB
Writeback:             0 kB
AnonPages:        243276 kB
Mapped:           162940 kB
Shmem:              3216 kB
KReclaimable:     169244 kB
Slab:             451364 kB
SReclaimable:     169244 kB
SUnreclaim:       282120 kB
KernelStack:       32000 kB
PageTables:        42296 kB
NFS_Unstable:          0 kB
Bounce:                0 kB
WritebackTmp:          0 kB
CommitLimit:    276009716 kB
Committed_AS:    6813284 kB
VmallocTotal:   34359738367 kB
VmallocUsed:      140336 kB
VmallocChunk:          0 kB
Percpu:           134848 kB
HardwareCorrupted:     0 kB
AnonHugePages:         0 kB
ShmemHugePages:        0 kB
ShmemPmdMapped:        0 kB
FileHugePages:         0 kB
FilePmdMapped:         0 kB
CmaTotal:              0 kB
CmaFree:               0 kB
HugePages_Total:       0
HugePages_Free:        0
HugePages_Rsvd:        0
HugePages_Surp:        0
Hugepagesize:       2048 kB
Hugetlb:               0 kB
DirectMap4k:      589288 kB
DirectMap2M:    10381312 kB
DirectMap1G:    1180696576 kB
