pgmigrate_success 1546525
pgmigrate_fail 917
thp_migration_success 0
thp_migration_fail 0
thp_migration_split 0
thp_fault_alloc 0
thp_fault_fallback 0
thp_fault_fallback_charge 0
thp_collapse_alloc 0
thp_collapse_alloc_failed 0
thp_file_alloc 0
thp_file_fallback 0
thp_file_fallback_charge 0
thp_file_mapped 0
thp_split_page 0
thp_split_page_failed 0
thp_deferred_split_page 0
thp_split_pmd 0
thp_scan_exceed_none_pte 0
thp_scan_exceed_swap_pte 0
thp_scan_exceed_share_pte 0
thp_split_pud 0
thp_zero_page_alloc 0
thp_zero_page_alloc_failed 0
thp_swpout 0
thp_swpout_fallback 0
MemTotal:       547598824 kB
MemFree:        519718952 kB
MemAvailable:   518905716 kB
Buffers:          116508 kB
Cached:           396424 kB
SwapCached:         5068 kB
Active:           298656 kB
Inactive:        8594672 kB
Active(anon):      12604 kB
Inactive(anon):  8373052 kB
Active(file):     286052 kB
Inactive(file):   221620 kB
Unevictable:           0 kB
Mlocked:               0 kB
SwapTotal:       2097148 kB
SwapFree:        2032380 kB
Dirty:                40 kB
Writeback:             0 kB
AnonPages:       8377900 kB
Mapped:           194588 kB
Shmem:              5268 kB
KReclaimable:     410108 kB
Slab:             739792 kB
SReclaimable:     410108 kB
SUnreclaim:       329684 kB
KernelStack:       37476 kB
PageTables:        66484 kB
NFS_Unstable:          0 kB
Bounce:                0 kB
WritebackTmp:          0 kB
CommitLimit:    275896560 kB
Committed_AS:   20512752 kB
VmallocTotal:   34359738367 kB
VmallocUsed:      146088 kB
VmallocChunk:          0 kB
Percpu:           133952 kB
HardwareCorrupted:     0 kB
AnonHugePages:         0 kB
ShmemHugePages:        0 kB
ShmemPmdMapped:        0 kB
FileHugePages:         0 kB
FilePmdMapped:         0 kB
CmaTotal:              0 kB
CmaFree:               0 kB
HugePages_Total:       0
HugePages_Free:        0
HugePages_Rsvd:        0
HugePages_Surp:        0
Hugepagesize:       2048 kB
Hugetlb:               0 kB
DirectMap4k:      506344 kB
DirectMap2M:     8601600 kB
DirectMap1G:    1132462080 kB
pgmigrate_success 1624581
pgmigrate_fail 930
thp_migration_success 0
thp_migration_fail 0
thp_migration_split 0
thp_fault_alloc 0
thp_fault_fallback 0
thp_fault_fallback_charge 0
thp_collapse_alloc 0
thp_collapse_alloc_failed 0
thp_file_alloc 0
thp_file_fallback 0
thp_file_fallback_charge 0
thp_file_mapped 0
thp_split_page 0
thp_split_page_failed 0
thp_deferred_split_page 0
thp_split_pmd 0
thp_scan_exceed_none_pte 0
thp_scan_exceed_swap_pte 0
thp_scan_exceed_share_pte 0
thp_split_pud 0
thp_zero_page_alloc 0
thp_zero_page_alloc_failed 0
thp_swpout 0
thp_swpout_fallback 0
MemTotal:       547598824 kB
MemFree:        527547272 kB
MemAvailable:   526736348 kB
Buffers:          118408 kB
Cached:           399032 kB
SwapCached:         5068 kB
Active:           301164 kB
Inactive:         935256 kB
Active(anon):      12568 kB
Inactive(anon):   711668 kB
Active(file):     288596 kB
Inactive(file):   223588 kB
Unevictable:           0 kB
Mlocked:               0 kB
SwapTotal:       2097148 kB
SwapFree:        2032380 kB
Dirty:                28 kB
Writeback:             0 kB
AnonPages:        715572 kB
Mapped:           177232 kB
Shmem:              5268 kB
KReclaimable:     410220 kB
Slab:             735404 kB
SReclaimable:     410220 kB
SUnreclaim:       325184 kB
KernelStack:       32304 kB
PageTables:        46696 kB
NFS_Unstable:          0 kB
Bounce:                0 kB
WritebackTmp:          0 kB
CommitLimit:    275896560 kB
Committed_AS:    6951880 kB
VmallocTotal:   34359738367 kB
VmallocUsed:      140980 kB
VmallocChunk:          0 kB
Percpu:           133952 kB
HardwareCorrupted:     0 kB
AnonHugePages:         0 kB
ShmemHugePages:        0 kB
ShmemPmdMapped:        0 kB
FileHugePages:         0 kB
FilePmdMapped:         0 kB
CmaTotal:              0 kB
CmaFree:               0 kB
HugePages_Total:       0
HugePages_Free:        0
HugePages_Rsvd:        0
HugePages_Surp:        0
Hugepagesize:       2048 kB
Hugetlb:               0 kB
DirectMap4k:      506344 kB
DirectMap2M:     8601600 kB
DirectMap1G:    1132462080 kB
