[    0.000000] Linux version 5.3.1-multiclock (xmu@xmu-PowerEdge-R750) (gcc version 7.5.0 (Ubuntu 7.5.0-3ubuntu1~18.04)) #1 SMP Wed Aug 9 20:46:02 CST 2023
[    0.000000] Command line: BOOT_IMAGE=/boot/vmlinuz-5.3.1-multiclock root=UUID=ce0c24b8-724b-4f33-9b2c-618433560aef ro memmap=15G!4G memmap=55G!64G quiet splash nomodeset vt.handoff=1
[    0.000000] KERNEL supported cpus:
[    0.000000]   Intel GenuineIntel
[    0.000000]   AMD AuthenticAMD
[    0.000000]   Hygon HygonGenuine
[    0.000000]   Centaur CentaurHauls
[    0.000000]   zhaoxin   Shanghai  
[    0.000000] x86/fpu: Supporting XSAVE feature 0x001: 'x87 floating point registers'
[    0.000000] x86/fpu: Supporting XSAVE feature 0x002: 'SSE registers'
[    0.000000] x86/fpu: Supporting XSAVE feature 0x004: 'AVX registers'
[    0.000000] x86/fpu: Supporting XSAVE feature 0x020: 'AVX-512 opmask'
[    0.000000] x86/fpu: Supporting XSAVE feature 0x040: 'AVX-512 Hi256'
[    0.000000] x86/fpu: Supporting XSAVE feature 0x080: 'AVX-512 ZMM_Hi256'
[    0.000000] x86/fpu: Supporting XSAVE feature 0x200: 'Protection Keys User registers'
[    0.000000] x86/fpu: xstate_offset[2]:  576, xstate_sizes[2]:  256
[    0.000000] x86/fpu: xstate_offset[5]:  832, xstate_sizes[5]:   64
[    0.000000] x86/fpu: xstate_offset[6]:  896, xstate_sizes[6]:  512
[    0.000000] x86/fpu: xstate_offset[7]: 1408, xstate_sizes[7]: 1024
[    0.000000] x86/fpu: xstate_offset[9]: 2432, xstate_sizes[9]:    8
[    0.000000] x86/fpu: Enabled xstate features 0x2e7, context size is 2440 bytes, using 'compacted' format.
[    0.000000] BIOS-provided physical RAM map:
[    0.000000] BIOS-e820: [mem 0x0000000000000000-0x000000000008efff] usable
[    0.000000] BIOS-e820: [mem 0x000000000008f000-0x000000000008ffff] reserved
[    0.000000] BIOS-e820: [mem 0x0000000000090000-0x000000000009ffff] usable
[    0.000000] BIOS-e820: [mem 0x00000000000a0000-0x00000000000fffff] reserved
[    0.000000] BIOS-e820: [mem 0x0000000000100000-0x0000000049e76fff] usable
[    0.000000] BIOS-e820: [mem 0x0000000049e77000-0x000000004ae76fff] ACPI NVS
[    0.000000] BIOS-e820: [mem 0x000000004ae77000-0x000000004b2cefff] usable
[    0.000000] BIOS-e820: [mem 0x000000004b2cf000-0x000000004b54dfff] ACPI data
[    0.000000] BIOS-e820: [mem 0x000000004b54e000-0x000000004bd93fff] usable
[    0.000000] BIOS-e820: [mem 0x000000004bd94000-0x000000004be99fff] reserved
[    0.000000] BIOS-e820: [mem 0x000000004be9a000-0x000000004cdfffff] usable
[    0.000000] BIOS-e820: [mem 0x000000004ce00000-0x000000004cffffff] reserved
[    0.000000] BIOS-e820: [mem 0x000000004d000000-0x000000005eefdfff] usable
[    0.000000] BIOS-e820: [mem 0x000000005eefe000-0x000000006e3fefff] reserved
[    0.000000] BIOS-e820: [mem 0x000000006e3ff000-0x000000006f3fefff] ACPI NVS
[    0.000000] BIOS-e820: [mem 0x000000006f3ff000-0x000000006f7fefff] ACPI data
[    0.000000] BIOS-e820: [mem 0x000000006f7ff000-0x000000006f7fffff] usable
[    0.000000] BIOS-e820: [mem 0x000000006f800000-0x000000008fffffff] reserved
[    0.000000] BIOS-e820: [mem 0x00000000fe000000-0x00000000fe010fff] reserved
[    0.000000] BIOS-e820: [mem 0x0000000100000000-0x000000207fffffff] usable
[    0.000000] BIOS-e820: [mem 0x0000002080000000-0x0000011c7fffffff] persistent (type 7)
[    0.000000] BIOS-e820: [mem 0x00001ffc00000000-0x00001fffffffffff] reserved
[    0.000000] NX (Execute Disable) protection: active
[    0.000000] e820: update [mem 0x47c45020-0x47c4d05f] usable ==> usable
[    0.000000] e820: update [mem 0x47c45020-0x47c4d05f] usable ==> usable
[    0.000000] e820: update [mem 0x47c12020-0x47c44c5f] usable ==> usable
[    0.000000] e820: update [mem 0x47c12020-0x47c44c5f] usable ==> usable
[    0.000000] e820: update [mem 0x47bdf020-0x47c11c5f] usable ==> usable
[    0.000000] e820: update [mem 0x47bdf020-0x47c11c5f] usable ==> usable
[    0.000000] e820: update [mem 0x47bad020-0x47bdea5f] usable ==> usable
[    0.000000] e820: update [mem 0x47bad020-0x47bdea5f] usable ==> usable
[    0.000000] extended physical RAM map:
[    0.000000] reserve setup_data: [mem 0x0000000000000000-0x000000000008efff] usable
[    0.000000] reserve setup_data: [mem 0x000000000008f000-0x000000000008ffff] reserved
[    0.000000] reserve setup_data: [mem 0x0000000000090000-0x000000000009ffff] usable
[    0.000000] reserve setup_data: [mem 0x00000000000a0000-0x00000000000fffff] reserved
[    0.000000] reserve setup_data: [mem 0x0000000000100000-0x0000000047bad01f] usable
[    0.000000] reserve setup_data: [mem 0x0000000047bad020-0x0000000047bdea5f] usable
[    0.000000] reserve setup_data: [mem 0x0000000047bdea60-0x0000000047bdf01f] usable
[    0.000000] reserve setup_data: [mem 0x0000000047bdf020-0x0000000047c11c5f] usable
[    0.000000] reserve setup_data: [mem 0x0000000047c11c60-0x0000000047c1201f] usable
[    0.000000] reserve setup_data: [mem 0x0000000047c12020-0x0000000047c44c5f] usable
[    0.000000] reserve setup_data: [mem 0x0000000047c44c60-0x0000000047c4501f] usable
[    0.000000] reserve setup_data: [mem 0x0000000047c45020-0x0000000047c4d05f] usable
[    0.000000] reserve setup_data: [mem 0x0000000047c4d060-0x0000000049e76fff] usable
[    0.000000] reserve setup_data: [mem 0x0000000049e77000-0x000000004ae76fff] ACPI NVS
[    0.000000] reserve setup_data: [mem 0x000000004ae77000-0x000000004b2cefff] usable
[    0.000000] reserve setup_data: [mem 0x000000004b2cf000-0x000000004b54dfff] ACPI data
[    0.000000] reserve setup_data: [mem 0x000000004b54e000-0x000000004bd93fff] usable
[    0.000000] reserve setup_data: [mem 0x000000004bd94000-0x000000004be99fff] reserved
[    0.000000] reserve setup_data: [mem 0x000000004be9a000-0x000000004cdfffff] usable
[    0.000000] reserve setup_data: [mem 0x000000004ce00000-0x000000004cffffff] reserved
[    0.000000] reserve setup_data: [mem 0x000000004d000000-0x000000005eefdfff] usable
[    0.000000] reserve setup_data: [mem 0x000000005eefe000-0x000000006e3fefff] reserved
[    0.000000] reserve setup_data: [mem 0x000000006e3ff000-0x000000006f3fefff] ACPI NVS
[    0.000000] reserve setup_data: [mem 0x000000006f3ff000-0x000000006f7fefff] ACPI data
[    0.000000] reserve setup_data: [mem 0x000000006f7ff000-0x000000006f7fffff] usable
[    0.000000] reserve setup_data: [mem 0x000000006f800000-0x000000008fffffff] reserved
[    0.000000] reserve setup_data: [mem 0x00000000fe000000-0x00000000fe010fff] reserved
[    0.000000] reserve setup_data: [mem 0x0000000100000000-0x00000004bfffffff] persistent (type 12)
[    0.000000] reserve setup_data: [mem 0x00000004c0000000-0x0000000fffffffff] usable
[    0.000000] reserve setup_data: [mem 0x0000001000000000-0x0000001dbfffffff] persistent (type 12)
[    0.000000] reserve setup_data: [mem 0x0000001dc0000000-0x000000207fffffff] usable
[    0.000000] reserve setup_data: [mem 0x0000002080000000-0x0000011c7fffffff] persistent (type 7)
[    0.000000] reserve setup_data: [mem 0x00001ffc00000000-0x00001fffffffffff] reserved
[    0.000000] user-defined physical RAM map:
[    0.000000] user: [mem 0x0000000000000000-0x000000000008efff] usable
[    0.000000] user: [mem 0x000000000008f000-0x000000000008ffff] reserved
[    0.000000] user: [mem 0x0000000000090000-0x000000000009ffff] usable
[    0.000000] user: [mem 0x00000000000a0000-0x00000000000fffff] reserved
[    0.000000] user: [mem 0x0000000000100000-0x0000000047bad01f] usable
[    0.000000] user: [mem 0x0000000047bad020-0x0000000047bdea5f] usable
[    0.000000] user: [mem 0x0000000047bdea60-0x0000000047bdf01f] usable
[    0.000000] user: [mem 0x0000000047bdf020-0x0000000047c11c5f] usable
[    0.000000] user: [mem 0x0000000047c11c60-0x0000000047c1201f] usable
[    0.000000] user: [mem 0x0000000047c12020-0x0000000047c44c5f] usable
[    0.000000] user: [mem 0x0000000047c44c60-0x0000000047c4501f] usable
[    0.000000] user: [mem 0x0000000047c45020-0x0000000047c4d05f] usable
[    0.000000] user: [mem 0x0000000047c4d060-0x0000000049e76fff] usable
[    0.000000] user: [mem 0x0000000049e77000-0x000000004ae76fff] ACPI NVS
[    0.000000] user: [mem 0x000000004ae77000-0x000000004b2cefff] usable
[    0.000000] user: [mem 0x000000004b2cf000-0x000000004b54dfff] ACPI data
[    0.000000] user: [mem 0x000000004b54e000-0x000000004bd93fff] usable
[    0.000000] user: [mem 0x000000004bd94000-0x000000004be99fff] reserved
[    0.000000] user: [mem 0x000000004be9a000-0x000000004cdfffff] usable
[    0.000000] user: [mem 0x000000004ce00000-0x000000004cffffff] reserved
[    0.000000] user: [mem 0x000000004d000000-0x000000005eefdfff] usable
[    0.000000] user: [mem 0x000000005eefe000-0x000000006e3fefff] reserved
[    0.000000] user: [mem 0x000000006e3ff000-0x000000006f3fefff] ACPI NVS
[    0.000000] user: [mem 0x000000006f3ff000-0x000000006f7fefff] ACPI data
[    0.000000] user: [mem 0x000000006f7ff000-0x000000006f7fffff] usable
[    0.000000] user: [mem 0x000000006f800000-0x000000008fffffff] reserved
[    0.000000] user: [mem 0x00000000fe000000-0x00000000fe010fff] reserved
[    0.000000] user: [mem 0x0000000100000000-0x00000004bfffffff] persistent (type 12)
[    0.000000] user: [mem 0x00000004c0000000-0x0000000fffffffff] usable
[    0.000000] user: [mem 0x0000001000000000-0x0000001dbfffffff] persistent (type 12)
[    0.000000] user: [mem 0x0000001dc0000000-0x000000207fffffff] usable
[    0.000000] user: [mem 0x0000002080000000-0x0000011c7fffffff] persistent (type 7)
[    0.000000] user: [mem 0x00001ffc00000000-0x00001fffffffffff] reserved
[    0.000000] efi: EFI v2.70 by Dell Inc.
[    0.000000] efi:  ACPI=0x6f7fe000  ACPI 2.0=0x6f7fe014  MEMATTR=0x5a1f8020  SMBIOS=0x69526000  SMBIOS 3.0=0x69524000 
[    0.000000] SMBIOS 3.3.0 present.
[    0.000000] DMI: Dell Inc. PowerEdge R750/0K8F35, BIOS 1.10.2 03/03/2023
[    0.000000] tsc: Detected 2000.000 MHz processor
[    0.000009] e820: update [mem 0x00000000-0x00000fff] usable ==> reserved
[    0.000010] e820: remove [mem 0x000a0000-0x000fffff] usable
[    0.000018] last_pfn = 0x2080000 max_arch_pfn = 0x400000000
[    0.000021] MTRR default type: uncachable
[    0.000022] MTRR fixed ranges enabled:
[    0.000023]   00000-9FFFF write-back
[    0.000024]   A0000-BFFFF uncachable
[    0.000024]   C0000-FFFFF write-protect
[    0.000025] MTRR variable ranges enabled:
[    0.000026]   0 base 000000000000 mask 3E0000000000 write-back
[    0.000027]   1 base 000080000000 mask 3FFF80000000 uncachable
[    0.000028]   2 base 00007F000000 mask 3FFFFF000000 uncachable
[    0.000028]   3 disabled
[    0.000028]   4 disabled
[    0.000029]   5 disabled
[    0.000029]   6 disabled
[    0.000030]   7 disabled
[    0.000030]   8 disabled
[    0.000030]   9 disabled
[    0.000782] x86/PAT: Configuration [0-7]: WB  WC  UC- UC  WB  WP  UC- WT  
[    0.001836] total RAM covered: 2095088M
[    0.001920]  gran_size: 64K 	chunk_size: 64K 	num_reg: 10  	lose cover RAM: 2016G
[    0.001922]  gran_size: 64K 	chunk_size: 128K 	num_reg: 10  	lose cover RAM: 2016G
[    0.001922]  gran_size: 64K 	chunk_size: 256K 	num_reg: 10  	lose cover RAM: 2016G
[    0.001923]  gran_size: 64K 	chunk_size: 512K 	num_reg: 10  	lose cover RAM: 2016G
[    0.001924]  gran_size: 64K 	chunk_size: 1M 	num_reg: 10  	lose cover RAM: 2016G
[    0.001924]  gran_size: 64K 	chunk_size: 2M 	num_reg: 10  	lose cover RAM: 2016G
[    0.001925]  gran_size: 64K 	chunk_size: 4M 	num_reg: 10  	lose cover RAM: 2016G
[    0.001926]  gran_size: 64K 	chunk_size: 8M 	num_reg: 10  	lose cover RAM: 2016G
[    0.001927]  gran_size: 64K 	chunk_size: 16M 	num_reg: 10  	lose cover RAM: 2016G
[    0.001927]  gran_size: 64K 	chunk_size: 32M 	num_reg: 10  	lose cover RAM: 1024G
[    0.001928]  gran_size: 64K 	chunk_size: 64M 	num_reg: 10  	lose cover RAM: 1024G
[    0.001929]  gran_size: 64K 	chunk_size: 128M 	num_reg: 10  	lose cover RAM: 1024G
[    0.001929]  gran_size: 64K 	chunk_size: 256M 	num_reg: 10  	lose cover RAM: 1024G
[    0.001930]  gran_size: 64K 	chunk_size: 512M 	num_reg: 10  	lose cover RAM: 1024G
[    0.001931]  gran_size: 64K 	chunk_size: 1G 	num_reg: 10  	lose cover RAM: 1024G
[    0.001931]  gran_size: 64K 	chunk_size: 2G 	num_reg: 10  	lose cover RAM: 1024G
[    0.001932]  gran_size: 128K 	chunk_size: 128K 	num_reg: 10  	lose cover RAM: 2016G
[    0.001933]  gran_size: 128K 	chunk_size: 256K 	num_reg: 10  	lose cover RAM: 2016G
[    0.001933]  gran_size: 128K 	chunk_size: 512K 	num_reg: 10  	lose cover RAM: 2016G
[    0.001934]  gran_size: 128K 	chunk_size: 1M 	num_reg: 10  	lose cover RAM: 2016G
[    0.001935]  gran_size: 128K 	chunk_size: 2M 	num_reg: 10  	lose cover RAM: 2016G
[    0.001935]  gran_size: 128K 	chunk_size: 4M 	num_reg: 10  	lose cover RAM: 2016G
[    0.001936]  gran_size: 128K 	chunk_size: 8M 	num_reg: 10  	lose cover RAM: 2016G
[    0.001937]  gran_size: 128K 	chunk_size: 16M 	num_reg: 10  	lose cover RAM: 2016G
[    0.001937]  gran_size: 128K 	chunk_size: 32M 	num_reg: 10  	lose cover RAM: 1024G
[    0.001938]  gran_size: 128K 	chunk_size: 64M 	num_reg: 10  	lose cover RAM: 1024G
[    0.001939]  gran_size: 128K 	chunk_size: 128M 	num_reg: 10  	lose cover RAM: 1024G
[    0.001940]  gran_size: 128K 	chunk_size: 256M 	num_reg: 10  	lose cover RAM: 1024G
[    0.001940]  gran_size: 128K 	chunk_size: 512M 	num_reg: 10  	lose cover RAM: 1024G
[    0.001941]  gran_size: 128K 	chunk_size: 1G 	num_reg: 10  	lose cover RAM: 1024G
[    0.001942]  gran_size: 128K 	chunk_size: 2G 	num_reg: 10  	lose cover RAM: 1024G
[    0.001942]  gran_size: 256K 	chunk_size: 256K 	num_reg: 10  	lose cover RAM: 2016G
[    0.001943]  gran_size: 256K 	chunk_size: 512K 	num_reg: 10  	lose cover RAM: 2016G
[    0.001944]  gran_size: 256K 	chunk_size: 1M 	num_reg: 10  	lose cover RAM: 2016G
[    0.001944]  gran_size: 256K 	chunk_size: 2M 	num_reg: 10  	lose cover RAM: 2016G
[    0.001945]  gran_size: 256K 	chunk_size: 4M 	num_reg: 10  	lose cover RAM: 2016G
[    0.001946]  gran_size: 256K 	chunk_size: 8M 	num_reg: 10  	lose cover RAM: 2016G
[    0.001946]  gran_size: 256K 	chunk_size: 16M 	num_reg: 10  	lose cover RAM: 2016G
[    0.001947]  gran_size: 256K 	chunk_size: 32M 	num_reg: 10  	lose cover RAM: 1024G
[    0.001948]  gran_size: 256K 	chunk_size: 64M 	num_reg: 10  	lose cover RAM: 1024G
[    0.001949]  gran_size: 256K 	chunk_size: 128M 	num_reg: 10  	lose cover RAM: 1024G
[    0.001949]  gran_size: 256K 	chunk_size: 256M 	num_reg: 10  	lose cover RAM: 1024G
[    0.001950]  gran_size: 256K 	chunk_size: 512M 	num_reg: 10  	lose cover RAM: 1024G
[    0.001951]  gran_size: 256K 	chunk_size: 1G 	num_reg: 10  	lose cover RAM: 1024G
[    0.001951]  gran_size: 256K 	chunk_size: 2G 	num_reg: 10  	lose cover RAM: 1024G
[    0.001952]  gran_size: 512K 	chunk_size: 512K 	num_reg: 10  	lose cover RAM: 2016G
[    0.001953]  gran_size: 512K 	chunk_size: 1M 	num_reg: 10  	lose cover RAM: 2016G
[    0.001953]  gran_size: 512K 	chunk_size: 2M 	num_reg: 10  	lose cover RAM: 2016G
[    0.001954]  gran_size: 512K 	chunk_size: 4M 	num_reg: 10  	lose cover RAM: 2016G
[    0.001955]  gran_size: 512K 	chunk_size: 8M 	num_reg: 10  	lose cover RAM: 2016G
[    0.001955]  gran_size: 512K 	chunk_size: 16M 	num_reg: 10  	lose cover RAM: 2016G
[    0.001956]  gran_size: 512K 	chunk_size: 32M 	num_reg: 10  	lose cover RAM: 1024G
[    0.001957]  gran_size: 512K 	chunk_size: 64M 	num_reg: 10  	lose cover RAM: 1024G
[    0.001957]  gran_size: 512K 	chunk_size: 128M 	num_reg: 10  	lose cover RAM: 1024G
[    0.001958]  gran_size: 512K 	chunk_size: 256M 	num_reg: 10  	lose cover RAM: 1024G
[    0.001959]  gran_size: 512K 	chunk_size: 512M 	num_reg: 10  	lose cover RAM: 1024G
[    0.001959]  gran_size: 512K 	chunk_size: 1G 	num_reg: 10  	lose cover RAM: 1024G
[    0.001960]  gran_size: 512K 	chunk_size: 2G 	num_reg: 10  	lose cover RAM: 1024G
[    0.001961]  gran_size: 1M 	chunk_size: 1M 	num_reg: 10  	lose cover RAM: 2016G
[    0.001962]  gran_size: 1M 	chunk_size: 2M 	num_reg: 10  	lose cover RAM: 2016G
[    0.001962]  gran_size: 1M 	chunk_size: 4M 	num_reg: 10  	lose cover RAM: 2016G
[    0.001963]  gran_size: 1M 	chunk_size: 8M 	num_reg: 10  	lose cover RAM: 2016G
[    0.001964]  gran_size: 1M 	chunk_size: 16M 	num_reg: 10  	lose cover RAM: 2016G
[    0.001964]  gran_size: 1M 	chunk_size: 32M 	num_reg: 10  	lose cover RAM: 1024G
[    0.001965]  gran_size: 1M 	chunk_size: 64M 	num_reg: 10  	lose cover RAM: 1024G
[    0.001966]  gran_size: 1M 	chunk_size: 128M 	num_reg: 10  	lose cover RAM: 1024G
[    0.001966]  gran_size: 1M 	chunk_size: 256M 	num_reg: 10  	lose cover RAM: 1024G
[    0.001967]  gran_size: 1M 	chunk_size: 512M 	num_reg: 10  	lose cover RAM: 1024G
[    0.001968]  gran_size: 1M 	chunk_size: 1G 	num_reg: 10  	lose cover RAM: 1024G
[    0.001968]  gran_size: 1M 	chunk_size: 2G 	num_reg: 10  	lose cover RAM: 1024G
[    0.001969]  gran_size: 2M 	chunk_size: 2M 	num_reg: 10  	lose cover RAM: 2016G
[    0.001970]  gran_size: 2M 	chunk_size: 4M 	num_reg: 10  	lose cover RAM: 2016G
[    0.001970]  gran_size: 2M 	chunk_size: 8M 	num_reg: 10  	lose cover RAM: 2016G
[    0.001971]  gran_size: 2M 	chunk_size: 16M 	num_reg: 10  	lose cover RAM: 2016G
[    0.001972]  gran_size: 2M 	chunk_size: 32M 	num_reg: 10  	lose cover RAM: 1024G
[    0.001972]  gran_size: 2M 	chunk_size: 64M 	num_reg: 10  	lose cover RAM: 1024G
[    0.001973]  gran_size: 2M 	chunk_size: 128M 	num_reg: 10  	lose cover RAM: 1024G
[    0.001974]  gran_size: 2M 	chunk_size: 256M 	num_reg: 10  	lose cover RAM: 1024G
[    0.001974]  gran_size: 2M 	chunk_size: 512M 	num_reg: 10  	lose cover RAM: 1024G
[    0.001975]  gran_size: 2M 	chunk_size: 1G 	num_reg: 10  	lose cover RAM: 1024G
[    0.001976]  gran_size: 2M 	chunk_size: 2G 	num_reg: 10  	lose cover RAM: 1024G
[    0.001976]  gran_size: 4M 	chunk_size: 4M 	num_reg: 10  	lose cover RAM: 2016G
[    0.001977]  gran_size: 4M 	chunk_size: 8M 	num_reg: 10  	lose cover RAM: 2016G
[    0.001978]  gran_size: 4M 	chunk_size: 16M 	num_reg: 10  	lose cover RAM: 2016G
[    0.001978]  gran_size: 4M 	chunk_size: 32M 	num_reg: 10  	lose cover RAM: 1024G
[    0.001979]  gran_size: 4M 	chunk_size: 64M 	num_reg: 10  	lose cover RAM: 1024G
[    0.001980]  gran_size: 4M 	chunk_size: 128M 	num_reg: 10  	lose cover RAM: 1024G
[    0.001980]  gran_size: 4M 	chunk_size: 256M 	num_reg: 10  	lose cover RAM: 1024G
[    0.001981]  gran_size: 4M 	chunk_size: 512M 	num_reg: 10  	lose cover RAM: 1024G
[    0.001981]  gran_size: 4M 	chunk_size: 1G 	num_reg: 10  	lose cover RAM: 1024G
[    0.001982]  gran_size: 4M 	chunk_size: 2G 	num_reg: 10  	lose cover RAM: 1024G
[    0.001983]  gran_size: 8M 	chunk_size: 8M 	num_reg: 10  	lose cover RAM: 2016G
[    0.001983]  gran_size: 8M 	chunk_size: 16M 	num_reg: 10  	lose cover RAM: 2016G
[    0.001984]  gran_size: 8M 	chunk_size: 32M 	num_reg: 10  	lose cover RAM: 1024G
[    0.001985]  gran_size: 8M 	chunk_size: 64M 	num_reg: 10  	lose cover RAM: 1024G
[    0.001985]  gran_size: 8M 	chunk_size: 128M 	num_reg: 10  	lose cover RAM: 1024G
[    0.001986]  gran_size: 8M 	chunk_size: 256M 	num_reg: 10  	lose cover RAM: 1024G
[    0.001987]  gran_size: 8M 	chunk_size: 512M 	num_reg: 10  	lose cover RAM: 1024G
[    0.001987]  gran_size: 8M 	chunk_size: 1G 	num_reg: 10  	lose cover RAM: 1024G
[    0.001988]  gran_size: 8M 	chunk_size: 2G 	num_reg: 10  	lose cover RAM: 1024G
[    0.001989]  gran_size: 16M 	chunk_size: 16M 	num_reg: 10  	lose cover RAM: 2016G
[    0.001989]  gran_size: 16M 	chunk_size: 32M 	num_reg: 10  	lose cover RAM: 1024G
[    0.001990]  gran_size: 16M 	chunk_size: 64M 	num_reg: 10  	lose cover RAM: 1024G
[    0.001991]  gran_size: 16M 	chunk_size: 128M 	num_reg: 10  	lose cover RAM: 1024G
[    0.001991]  gran_size: 16M 	chunk_size: 256M 	num_reg: 10  	lose cover RAM: 1024G
[    0.001992]  gran_size: 16M 	chunk_size: 512M 	num_reg: 10  	lose cover RAM: 1024G
[    0.001993]  gran_size: 16M 	chunk_size: 1G 	num_reg: 10  	lose cover RAM: 1024G
[    0.001993]  gran_size: 16M 	chunk_size: 2G 	num_reg: 10  	lose cover RAM: 1024G
[    0.001994]  gran_size: 32M 	chunk_size: 32M 	num_reg: 10  	lose cover RAM: 2031632M
[    0.001995]  gran_size: 32M 	chunk_size: 64M 	num_reg: 10  	lose cover RAM: 1048592M
[    0.001996]  gran_size: 32M 	chunk_size: 128M 	num_reg: 10  	lose cover RAM: 1048592M
[    0.001996]  gran_size: 32M 	chunk_size: 256M 	num_reg: 10  	lose cover RAM: 1048592M
[    0.001997]  gran_size: 32M 	chunk_size: 512M 	num_reg: 10  	lose cover RAM: 1048592M
[    0.001998]  gran_size: 32M 	chunk_size: 1G 	num_reg: 10  	lose cover RAM: 1048592M
[    0.001998]  gran_size: 32M 	chunk_size: 2G 	num_reg: 10  	lose cover RAM: 1048592M
[    0.001999]  gran_size: 64M 	chunk_size: 64M 	num_reg: 10  	lose cover RAM: 1966128M
[    0.002000]  gran_size: 64M 	chunk_size: 128M 	num_reg: 10  	lose cover RAM: 1048624M
[    0.002000]  gran_size: 64M 	chunk_size: 256M 	num_reg: 10  	lose cover RAM: 1048624M
[    0.002001]  gran_size: 64M 	chunk_size: 512M 	num_reg: 10  	lose cover RAM: 1048624M
[    0.002002]  gran_size: 64M 	chunk_size: 1G 	num_reg: 10  	lose cover RAM: 1048624M
[    0.002003]  gran_size: 64M 	chunk_size: 2G 	num_reg: 10  	lose cover RAM: 1048624M
[    0.002003]  gran_size: 128M 	chunk_size: 128M 	num_reg: 10  	lose cover RAM: 1835120M
[    0.002004]  gran_size: 128M 	chunk_size: 256M 	num_reg: 10  	lose cover RAM: 1048688M
[    0.002005]  gran_size: 128M 	chunk_size: 512M 	num_reg: 10  	lose cover RAM: 1048688M
[    0.002005]  gran_size: 128M 	chunk_size: 1G 	num_reg: 10  	lose cover RAM: 1048688M
[    0.002006]  gran_size: 128M 	chunk_size: 2G 	num_reg: 10  	lose cover RAM: 1048688M
[    0.002007]  gran_size: 256M 	chunk_size: 256M 	num_reg: 10  	lose cover RAM: 1573104M
[    0.002007]  gran_size: 256M 	chunk_size: 512M 	num_reg: 10  	lose cover RAM: 1048816M
[    0.002008]  gran_size: 256M 	chunk_size: 1G 	num_reg: 10  	lose cover RAM: 1048816M
[    0.002009]  gran_size: 256M 	chunk_size: 2G 	num_reg: 10  	lose cover RAM: 1048816M
[    0.002009]  gran_size: 512M 	chunk_size: 512M 	num_reg: 10  	lose cover RAM: 1049072M
[    0.002010]  gran_size: 512M 	chunk_size: 1G 	num_reg: 10  	lose cover RAM: 1049072M
[    0.002011]  gran_size: 512M 	chunk_size: 2G 	num_reg: 10  	lose cover RAM: 1049072M
[    0.002012]  gran_size: 1G 	chunk_size: 1G 	num_reg: 10  	lose cover RAM: 1008M
[    0.002012]  gran_size: 1G 	chunk_size: 2G 	num_reg: 10  	lose cover RAM: 1008M
[    0.002013]  gran_size: 2G 	chunk_size: 2G 	num_reg: 9  	lose cover RAM: 2032M
[    0.002014] mtrr_cleanup: can not find optimal value
[    0.002014] please specify mtrr_gran_size/mtrr_chunk_size
[    0.002017] e820: update [mem 0x7f000000-0xffffffff] usable ==> reserved
[    0.002018] x2apic: enabled by BIOS, switching to x2apic ops
[    0.002019] last_pfn = 0x6f800 max_arch_pfn = 0x400000000
[    0.013426] check: Scanning 1 areas for low memory corruption
[    0.013430] Using GB pages for direct mapping
[    0.013431] BRK [0x9c9a01000, 0x9c9a01fff] PGTABLE
[    0.013433] BRK [0x9c9a02000, 0x9c9a02fff] PGTABLE
[    0.013434] BRK [0x9c9a03000, 0x9c9a03fff] PGTABLE
[    0.013485] BRK [0x9c9a04000, 0x9c9a04fff] PGTABLE
[    0.013632] BRK [0x9c9a05000, 0x9c9a05fff] PGTABLE
[    0.013703] BRK [0x9c9a06000, 0x9c9a06fff] PGTABLE
[    0.013820] BRK [0x9c9a07000, 0x9c9a07fff] PGTABLE
[    0.013958] BRK [0x9c9a08000, 0x9c9a08fff] PGTABLE
[    0.014064] BRK [0x9c9a09000, 0x9c9a09fff] PGTABLE
[    0.014200] BRK [0x9c9a0a000, 0x9c9a0afff] PGTABLE
[    0.014286] BRK [0x9c9a0b000, 0x9c9a0bfff] PGTABLE
[    0.014488] BRK [0x9c9a0c000, 0x9c9a0cfff] PGTABLE
[    0.014712] Secure boot disabled
[    0.014713] RAMDISK: [mem 0x2065920000-0x207fffffff]
[    0.014719] ACPI: Early table checksum verification disabled
[    0.014721] ACPI: RSDP 0x000000006F7FE014 000024 (v02 DELL  )
[    0.014724] ACPI: XSDT 0x000000006F41C188 0000F4 (v01 DELL   PE_SC3   00000000 DELL 01000013)
[    0.014728] ACPI: FACP 0x000000006F430000 000114 (v06 DELL   PE_SC3   00000000 DELL 00000001)
[    0.014733] ACPI: DSDT 0x000000004B4CE000 07FAD3 (v02 DELL   PE_SC3   00000003 DELL 00000001)
[    0.014736] ACPI: FACS 0x000000006F2F2000 000040
[    0.014738] ACPI: SSDT 0x000000006F7FB000 00159A (v02 INTEL  RAS_ACPI 00000001 INTL 20210331)
[    0.014741] ACPI: SSDT 0x000000006F7FA000 000745 (v02 INTEL  ADDRXLAT 00000001 INTL 20210331)
[    0.014744] ACPI: MCEJ 0x000000006F7F9000 000130 (v01 INTEL           00000001 INTL 0100000D)
[    0.014747] ACPI: BERT 0x000000006F7F8000 000030 (v01 DELL   PE_SC3   00000001 INTL 00000001)
[    0.014749] ACPI: ERST 0x000000006F7F7000 000230 (v01 DELL   PE_SC3   00000001 INTL 00000001)
[    0.014752] ACPI: SSDT 0x000000006F431000 3C524E (v02 INTEL  SSDTNVDR 00001000 INTL 20210331)
[    0.014754] ACPI: HMAT 0x000000006F42F000 000210 (v01 DELL   PE_SC3   00000001 DELL 00000001)
[    0.014757] ACPI: HPET 0x000000006F42E000 000038 (v01 DELL   PE_SC3   00000001 DELL 00000001)
[    0.014759] ACPI: MCFG 0x000000006F42D000 00003C (v01 DELL   PE_SC3   00000001 DELL 00000001)
[    0.014762] ACPI: MIGT 0x000000006F42C000 000040 (v01 DELL   PE_SC3   00000000 DELL 00000001)
[    0.014764] ACPI: MSCT 0x000000006F42B000 000090 (v01 DELL   PE_SC3   00000001 DELL 00000001)
[    0.014767] ACPI: PMTT 0x000000006F429000 0011E8 (v02 DELL   PE_SC3   00000001 DELL 00000001)
[    0.014770] ACPI: WSMT 0x000000006F428000 000028 (v01 DELL   PE_SC3   00000000 DELL 00000001)
[    0.014772] ACPI: APIC 0x000000006F427000 00075E (v04 DELL   PE_SC3   00000000 DELL 00000001)
[    0.014775] ACPI: SLIT 0x000000006F426000 00003C (v01 DELL   PE_SC3   00000001 DELL 01000013)
[    0.014777] ACPI: SRAT 0x000000006F41F000 006430 (v03 DELL   PE_SC3   00000002 DELL 01000013)
[    0.014780] ACPI: OEM4 0x000000004B346000 187A61 (v02 INTEL  CPU  CST 00003000 INTL 20210331)
[    0.014782] ACPI: SSDT 0x000000004B2CF000 0764A5 (v02 INTEL  SSDT  PM 00004000 INTL 20210331)
[    0.014785] ACPI: SSDT 0x000000006F41E000 000A1F (v02 DELL   PE_SC3   00000000 DELL 00000001)
[    0.014788] ACPI: HEST 0x000000006F41D000 00017C (v01 DELL   PE_SC3   00000001 INTL 00000001)
[    0.014790] ACPI: PCAT 0x000000006F41B000 00010C (v19 DELL   PE_SC3   00000002 DELL 00000001)
[    0.014793] ACPI: SSDT 0x000000006F413000 007299 (v02 INTEL  SpsNm    00000002 INTL 20210331)
[    0.014795] ACPI: SSDT 0x000000006F412000 000426 (v02 DELL   PE_SC3   00000002 DELL 00000001)
[    0.014798] ACPI: NFIT 0x000000006F7FD000 000488 (v01 DELL   PE_SC3   00000002 DELL 00000001)
[    0.014800] ACPI: DMAR 0x000000006F411000 000158 (v01 DELL   PE_SC3   00000001 DELL 00000001)
[    0.014808] ACPI: Local APIC address 0xfee00000
[    0.014809] Setting APIC routing to cluster x2apic.
[    0.014855] SRAT: PXM 0 -> APIC 0x0000 -> Node 0
[    0.014856] SRAT: PXM 0 -> APIC 0x0001 -> Node 0
[    0.014857] SRAT: PXM 0 -> APIC 0x0002 -> Node 0
[    0.014857] SRAT: PXM 0 -> APIC 0x0003 -> Node 0
[    0.014857] SRAT: PXM 0 -> APIC 0x0004 -> Node 0
[    0.014858] SRAT: PXM 0 -> APIC 0x0005 -> Node 0
[    0.014858] SRAT: PXM 0 -> APIC 0x0006 -> Node 0
[    0.014859] SRAT: PXM 0 -> APIC 0x0007 -> Node 0
[    0.014859] SRAT: PXM 0 -> APIC 0x0008 -> Node 0
[    0.014859] SRAT: PXM 0 -> APIC 0x0009 -> Node 0
[    0.014860] SRAT: PXM 0 -> APIC 0x000a -> Node 0
[    0.014860] SRAT: PXM 0 -> APIC 0x000b -> Node 0
[    0.014861] SRAT: PXM 0 -> APIC 0x000c -> Node 0
[    0.014861] SRAT: PXM 0 -> APIC 0x000d -> Node 0
[    0.014862] SRAT: PXM 0 -> APIC 0x000e -> Node 0
[    0.014862] SRAT: PXM 0 -> APIC 0x000f -> Node 0
[    0.014862] SRAT: PXM 0 -> APIC 0x0010 -> Node 0
[    0.014863] SRAT: PXM 0 -> APIC 0x0011 -> Node 0
[    0.014863] SRAT: PXM 0 -> APIC 0x0012 -> Node 0
[    0.014864] SRAT: PXM 0 -> APIC 0x0013 -> Node 0
[    0.014864] SRAT: PXM 0 -> APIC 0x0014 -> Node 0
[    0.014865] SRAT: PXM 0 -> APIC 0x0015 -> Node 0
[    0.014865] SRAT: PXM 0 -> APIC 0x0016 -> Node 0
[    0.014865] SRAT: PXM 0 -> APIC 0x0017 -> Node 0
[    0.014866] SRAT: PXM 0 -> APIC 0x0018 -> Node 0
[    0.014866] SRAT: PXM 0 -> APIC 0x0019 -> Node 0
[    0.014867] SRAT: PXM 0 -> APIC 0x001a -> Node 0
[    0.014867] SRAT: PXM 0 -> APIC 0x001b -> Node 0
[    0.014867] SRAT: PXM 0 -> APIC 0x001c -> Node 0
[    0.014868] SRAT: PXM 0 -> APIC 0x001d -> Node 0
[    0.014868] SRAT: PXM 0 -> APIC 0x001e -> Node 0
[    0.014869] SRAT: PXM 0 -> APIC 0x001f -> Node 0
[    0.014869] SRAT: PXM 0 -> APIC 0x0020 -> Node 0
[    0.014870] SRAT: PXM 0 -> APIC 0x0021 -> Node 0
[    0.014870] SRAT: PXM 0 -> APIC 0x0022 -> Node 0
[    0.014870] SRAT: PXM 0 -> APIC 0x0023 -> Node 0
[    0.014871] SRAT: PXM 0 -> APIC 0x0024 -> Node 0
[    0.014871] SRAT: PXM 0 -> APIC 0x0025 -> Node 0
[    0.014872] SRAT: PXM 0 -> APIC 0x0026 -> Node 0
[    0.014872] SRAT: PXM 0 -> APIC 0x0027 -> Node 0
[    0.014872] SRAT: PXM 0 -> APIC 0x0028 -> Node 0
[    0.014873] SRAT: PXM 0 -> APIC 0x0029 -> Node 0
[    0.014873] SRAT: PXM 0 -> APIC 0x002a -> Node 0
[    0.014874] SRAT: PXM 0 -> APIC 0x002b -> Node 0
[    0.014874] SRAT: PXM 0 -> APIC 0x002c -> Node 0
[    0.014875] SRAT: PXM 0 -> APIC 0x002d -> Node 0
[    0.014875] SRAT: PXM 0 -> APIC 0x002e -> Node 0
[    0.014875] SRAT: PXM 0 -> APIC 0x002f -> Node 0
[    0.014876] SRAT: PXM 0 -> APIC 0x0030 -> Node 0
[    0.014876] SRAT: PXM 0 -> APIC 0x0031 -> Node 0
[    0.014877] SRAT: PXM 0 -> APIC 0x0032 -> Node 0
[    0.014877] SRAT: PXM 0 -> APIC 0x0033 -> Node 0
[    0.014877] SRAT: PXM 0 -> APIC 0x0034 -> Node 0
[    0.014878] SRAT: PXM 0 -> APIC 0x0035 -> Node 0
[    0.014878] SRAT: PXM 0 -> APIC 0x0036 -> Node 0
[    0.014879] SRAT: PXM 0 -> APIC 0x0037 -> Node 0
[    0.014879] SRAT: PXM 1 -> APIC 0x0080 -> Node 1
[    0.014880] SRAT: PXM 1 -> APIC 0x0081 -> Node 1
[    0.014880] SRAT: PXM 1 -> APIC 0x0082 -> Node 1
[    0.014881] SRAT: PXM 1 -> APIC 0x0083 -> Node 1
[    0.014881] SRAT: PXM 1 -> APIC 0x0084 -> Node 1
[    0.014881] SRAT: PXM 1 -> APIC 0x0085 -> Node 1
[    0.014882] SRAT: PXM 1 -> APIC 0x0086 -> Node 1
[    0.014882] SRAT: PXM 1 -> APIC 0x0087 -> Node 1
[    0.014883] SRAT: PXM 1 -> APIC 0x0088 -> Node 1
[    0.014883] SRAT: PXM 1 -> APIC 0x0089 -> Node 1
[    0.014883] SRAT: PXM 1 -> APIC 0x008a -> Node 1
[    0.014884] SRAT: PXM 1 -> APIC 0x008b -> Node 1
[    0.014884] SRAT: PXM 1 -> APIC 0x008c -> Node 1
[    0.014885] SRAT: PXM 1 -> APIC 0x008d -> Node 1
[    0.014885] SRAT: PXM 1 -> APIC 0x008e -> Node 1
[    0.014886] SRAT: PXM 1 -> APIC 0x008f -> Node 1
[    0.014886] SRAT: PXM 1 -> APIC 0x0090 -> Node 1
[    0.014886] SRAT: PXM 1 -> APIC 0x0091 -> Node 1
[    0.014887] SRAT: PXM 1 -> APIC 0x0092 -> Node 1
[    0.014887] SRAT: PXM 1 -> APIC 0x0093 -> Node 1
[    0.014888] SRAT: PXM 1 -> APIC 0x0094 -> Node 1
[    0.014888] SRAT: PXM 1 -> APIC 0x0095 -> Node 1
[    0.014888] SRAT: PXM 1 -> APIC 0x0096 -> Node 1
[    0.014889] SRAT: PXM 1 -> APIC 0x0097 -> Node 1
[    0.014889] SRAT: PXM 1 -> APIC 0x0098 -> Node 1
[    0.014890] SRAT: PXM 1 -> APIC 0x0099 -> Node 1
[    0.014890] SRAT: PXM 1 -> APIC 0x009a -> Node 1
[    0.014890] SRAT: PXM 1 -> APIC 0x009b -> Node 1
[    0.014891] SRAT: PXM 1 -> APIC 0x009c -> Node 1
[    0.014891] SRAT: PXM 1 -> APIC 0x009d -> Node 1
[    0.014892] SRAT: PXM 1 -> APIC 0x009e -> Node 1
[    0.014892] SRAT: PXM 1 -> APIC 0x009f -> Node 1
[    0.014893] SRAT: PXM 1 -> APIC 0x00a0 -> Node 1
[    0.014893] SRAT: PXM 1 -> APIC 0x00a1 -> Node 1
[    0.014893] SRAT: PXM 1 -> APIC 0x00a2 -> Node 1
[    0.014894] SRAT: PXM 1 -> APIC 0x00a3 -> Node 1
[    0.014894] SRAT: PXM 1 -> APIC 0x00a4 -> Node 1
[    0.014895] SRAT: PXM 1 -> APIC 0x00a5 -> Node 1
[    0.014895] SRAT: PXM 1 -> APIC 0x00a6 -> Node 1
[    0.014895] SRAT: PXM 1 -> APIC 0x00a7 -> Node 1
[    0.014896] SRAT: PXM 1 -> APIC 0x00a8 -> Node 1
[    0.014896] SRAT: PXM 1 -> APIC 0x00a9 -> Node 1
[    0.014897] SRAT: PXM 1 -> APIC 0x00aa -> Node 1
[    0.014897] SRAT: PXM 1 -> APIC 0x00ab -> Node 1
[    0.014897] SRAT: PXM 1 -> APIC 0x00ac -> Node 1
[    0.014898] SRAT: PXM 1 -> APIC 0x00ad -> Node 1
[    0.014898] SRAT: PXM 1 -> APIC 0x00ae -> Node 1
[    0.014899] SRAT: PXM 1 -> APIC 0x00af -> Node 1
[    0.014899] SRAT: PXM 1 -> APIC 0x00b0 -> Node 1
[    0.014900] SRAT: PXM 1 -> APIC 0x00b1 -> Node 1
[    0.014900] SRAT: PXM 1 -> APIC 0x00b2 -> Node 1
[    0.014900] SRAT: PXM 1 -> APIC 0x00b3 -> Node 1
[    0.014901] SRAT: PXM 1 -> APIC 0x00b4 -> Node 1
[    0.014901] SRAT: PXM 1 -> APIC 0x00b5 -> Node 1
[    0.014902] SRAT: PXM 1 -> APIC 0x00b6 -> Node 1
[    0.014902] SRAT: PXM 1 -> APIC 0x00b7 -> Node 1
[    0.014915] ACPI: SRAT: Node 0 PXM 0 [mem 0x00000000-0x7fffffff]
[    0.014916] ACPI: SRAT: Node 0 PXM 0 [mem 0x100000000-0x107fffffff]
[    0.014917] ACPI: SRAT: Node 2 PXM 2 [mem 0x2080000000-0x9e7fffffff] non-volatile
[    0.014917] ACPI: SRAT: Node 1 PXM 1 [mem 0x1080000000-0x207fffffff]
[    0.014918] ACPI: SRAT: Node 3 PXM 3 [mem 0x9e80000000-0x11c7fffffff] non-volatile
[    0.014927] NUMA: Initialized distance table, cnt=4
[    0.014929] NUMA: Node 0 [mem 0x00000000-0x7fffffff] + [mem 0x100000000-0x107fffffff] -> [mem 0x00000000-0x107fffffff]
[    0.014938] NODE_DATA(0) allocated [mem 0xffffd5000-0xfffffffff]
[    0.014954] NODE_DATA(1) allocated [mem 0x20658f3000-0x206591dfff]
[    0.015122] Zone ranges:
[    0.015122]   DMA      [mem 0x0000000000001000-0x0000000000ffffff]
[    0.015123]   DMA32    [mem 0x0000000001000000-0x00000000ffffffff]
[    0.015124]   Normal   [mem 0x0000000100000000-0x000000207fffffff]
[    0.015125]   Device   empty
[    0.015125] Movable zone start for each node
[    0.015129] Early memory node ranges
[    0.015130]   node   0: [mem 0x0000000000001000-0x000000000008efff]
[    0.015130]   node   0: [mem 0x0000000000090000-0x000000000009ffff]
[    0.015131]   node   0: [mem 0x0000000000100000-0x0000000049e76fff]
[    0.015131]   node   0: [mem 0x000000004ae77000-0x000000004b2cefff]
[    0.015132]   node   0: [mem 0x000000004b54e000-0x000000004bd93fff]
[    0.015132]   node   0: [mem 0x000000004be9a000-0x000000004cdfffff]
[    0.015133]   node   0: [mem 0x000000004d000000-0x000000005eefdfff]
[    0.015133]   node   0: [mem 0x000000006f7ff000-0x000000006f7fffff]
[    0.015134]   node   0: [mem 0x00000004c0000000-0x0000000fffffffff]
[    0.015137]   node   1: [mem 0x0000001dc0000000-0x000000207fffffff]
[    0.015564] Zeroed struct page in unavailable ranges: 42728 pages
[    0.015565] Initmem setup node 0 [mem 0x0000000000001000-0x0000000fffffffff]
[    0.015567] On node 0 totalpages: 12179736
[    0.015567]   DMA zone: 64 pages used for memmap
[    0.015568]   DMA zone: 1102 pages reserved
[    0.015569]   DMA zone: 3998 pages, LIFO batch:0
[    0.015611]   DMA32 zone: 5926 pages used for memmap
[    0.015612]   DMA32 zone: 379258 pages, LIFO batch:63
[    0.021496]   Normal zone: 184320 pages used for memmap
[    0.021497]   Normal zone: 11796480 pages, LIFO batch:63
[    0.138749] Initmem setup node 1 [mem 0x0000001dc0000000-0x000000207fffffff]
[    0.138752] On node 1 totalpages: 2883584
[    0.138753]   Normal zone: 45056 pages used for memmap
[    0.138753]   Normal zone: 2883584 pages, LIFO batch:63
[    0.170540] ACPI: PM-Timer IO Port: 0x508
[    0.170543] ACPI: Local APIC address 0xfee00000
[    0.170559] ACPI: X2APIC_NMI (uid[0xffffffff] high edge lint[0x1])
[    0.170561] ACPI: LAPIC_NMI (acpi_id[0xff] high edge lint[0x1])
[    0.170580] IOAPIC[0]: apic_id 8, version 32, address 0xfec00000, GSI 0-119
[    0.170582] ACPI: INT_SRC_OVR (bus 0 bus_irq 0 global_irq 2 dfl dfl)
[    0.170584] ACPI: INT_SRC_OVR (bus 0 bus_irq 9 global_irq 9 high level)
[    0.170585] ACPI: IRQ0 used by override.
[    0.170586] ACPI: IRQ9 used by override.
[    0.170588] Using ACPI (MADT) for SMP configuration information
[    0.170589] ACPI: HPET id: 0x8086a701 base: 0xfed00000
[    0.170593] smpboot: Allowing 112 CPUs, 0 hotplug CPUs
[    0.170618] PM: Registered nosave memory: [mem 0x00000000-0x00000fff]
[    0.170620] PM: Registered nosave memory: [mem 0x0008f000-0x0008ffff]
[    0.170621] PM: Registered nosave memory: [mem 0x000a0000-0x000fffff]
[    0.170622] PM: Registered nosave memory: [mem 0x47bad000-0x47badfff]
[    0.170623] PM: Registered nosave memory: [mem 0x47bde000-0x47bdefff]
[    0.170624] PM: Registered nosave memory: [mem 0x47bdf000-0x47bdffff]
[    0.170625] PM: Registered nosave memory: [mem 0x47c11000-0x47c11fff]
[    0.170626] PM: Registered nosave memory: [mem 0x47c12000-0x47c12fff]
[    0.170627] PM: Registered nosave memory: [mem 0x47c44000-0x47c44fff]
[    0.170627] PM: Registered nosave memory: [mem 0x47c45000-0x47c45fff]
[    0.170629] PM: Registered nosave memory: [mem 0x47c4d000-0x47c4dfff]
[    0.170630] PM: Registered nosave memory: [mem 0x49e77000-0x4ae76fff]
[    0.170631] PM: Registered nosave memory: [mem 0x4b2cf000-0x4b54dfff]
[    0.170633] PM: Registered nosave memory: [mem 0x4bd94000-0x4be99fff]
[    0.170634] PM: Registered nosave memory: [mem 0x4ce00000-0x4cffffff]
[    0.170635] PM: Registered nosave memory: [mem 0x5eefe000-0x6e3fefff]
[    0.170636] PM: Registered nosave memory: [mem 0x6e3ff000-0x6f3fefff]
[    0.170636] PM: Registered nosave memory: [mem 0x6f3ff000-0x6f7fefff]
[    0.170637] PM: Registered nosave memory: [mem 0x6f800000-0x8fffffff]
[    0.170638] PM: Registered nosave memory: [mem 0x90000000-0xfdffffff]
[    0.170638] PM: Registered nosave memory: [mem 0xfe000000-0xfe010fff]
[    0.170639] PM: Registered nosave memory: [mem 0xfe011000-0xffffffff]
[    0.170639] PM: Registered nosave memory: [mem 0x100000000-0x4bfffffff]
[    0.170641] PM: Registered nosave memory: [mem 0x1000000000-0x1dbfffffff]
[    0.170642] [mem 0x90000000-0xfdffffff] available for PCI devices
[    0.170643] Booting paravirtualized kernel on bare hardware
[    0.170646] clocksource: refined-jiffies: mask: 0xffffffff max_cycles: 0xffffffff, max_idle_ns: 7645519600211568 ns
[    0.170652] setup_percpu: NR_CPUS:8192 nr_cpumask_bits:112 nr_cpu_ids:112 nr_node_ids:4
[    0.175175] percpu: Embedded 55 pages/cpu s188416 r8192 d28672 u262144
[    0.175184] pcpu-alloc: s188416 r8192 d28672 u262144 alloc=1*2097152
[    0.175185] pcpu-alloc: [0] 000 002 004 006 008 010 012 014 
[    0.175188] pcpu-alloc: [0] 016 018 020 022 024 026 028 030 
[    0.175189] pcpu-alloc: [0] 032 034 036 038 040 042 044 046 
[    0.175191] pcpu-alloc: [0] 048 050 052 054 056 058 060 062 
[    0.175192] pcpu-alloc: [0] 064 066 068 070 072 074 076 078 
[    0.175193] pcpu-alloc: [0] 080 082 084 086 088 090 092 094 
[    0.175195] pcpu-alloc: [0] 096 098 100 102 104 106 108 110 
[    0.175196] pcpu-alloc: [1] 001 003 005 007 009 011 013 015 
[    0.175198] pcpu-alloc: [1] 017 019 021 023 025 027 029 031 
[    0.175199] pcpu-alloc: [1] 033 035 037 039 041 043 045 047 
[    0.175200] pcpu-alloc: [1] 049 051 053 055 057 059 061 063 
[    0.175202] pcpu-alloc: [1] 065 067 069 071 073 075 077 079 
[    0.175203] pcpu-alloc: [1] 081 083 085 087 089 091 093 095 
[    0.175205] pcpu-alloc: [1] 097 099 101 103 105 107 109 111 
[    0.175247] Built 2 zonelists, mobility grouping on.  Total pages: 14826852
[    0.175248] Policy zone: Normal
[    0.175249] Kernel command line: BOOT_IMAGE=/boot/vmlinuz-5.3.1-multiclock root=UUID=ce0c24b8-724b-4f33-9b2c-618433560aef ro memmap=15G!4G memmap=55G!64G quiet splash nomodeset vt.handoff=1
[    0.175354] You have booted with nomodeset. This means your GPU drivers are DISABLED
[    0.175355] Any video related functionality will be severely degraded, and you may not even be able to suspend the system properly
[    0.175355] Unless you actually understand what nomodeset does, you should reboot without enabling it
[    0.175372] printk: log_buf_len individual max cpu contribution: 4096 bytes
[    0.175373] printk: log_buf_len total cpu_extra contributions: 454656 bytes
[    0.175373] printk: log_buf_len min size: 262144 bytes
[    0.175531] printk: log_buf_len: 1048576 bytes
[    0.175531] printk: early log buf free: 221796(84%)
[    0.177035] mem auto-init: stack:off, heap alloc:on, heap free:off
[    0.182909] Calgary: detecting Calgary via BIOS EBDA area
[    0.182910] Calgary: Unable to locate Rio Grande table in EBDA - bailing!
[    0.308198] Memory: 58622768K/60253280K available (14339K kernel code, 2373K rwdata, 4660K rodata, 2680K init, 5056K bss, 1630512K reserved, 0K cma-reserved)
[    0.308799] SLUB: HWalign=64, Order=0-3, MinObjects=0, CPUs=112, Nodes=4
[    0.308826] ftrace: allocating 43047 entries in 169 pages
[    0.325068] rcu: Hierarchical RCU implementation.
[    0.325069] rcu: 	RCU restricting CPUs from NR_CPUS=8192 to nr_cpu_ids=112.
[    0.325070] 	Tasks RCU enabled.
[    0.325071] rcu: RCU calculated value of scheduler-enlistment delay is 25 jiffies.
[    0.325071] rcu: Adjusting geometry for rcu_fanout_leaf=16, nr_cpu_ids=112
[    0.327665] NR_IRQS: 524544, nr_irqs: 2952, preallocated irqs: 16
[    0.328063] random: crng done (trusting CPU's manufacturer)
[    0.328227] Console: colour dummy device 80x25
[    0.328241] printk: console [tty0] enabled
[    0.328334] mempolicy: Enabling automatic NUMA balancing. Configure with numa_balancing= or the kernel.numa_balancing sysctl
[    0.328336] ACPI: Core revision 20190703
[    0.331721] clocksource: hpet: mask: 0xffffffff max_cycles: 0xffffffff, max_idle_ns: 79635855245 ns
[    0.331764] APIC: Switch to symmetric I/O mode setup
[    0.331765] DMAR: Host address width 46
[    0.331766] DMAR: DRHD base: 0x000000d0ffc000 flags: 0x0
[    0.331772] DMAR: dmar0: reg_base_addr d0ffc000 ver 4:0 cap 8ed008c40780466 ecap 60000f050df
[    0.331773] DMAR: DRHD base: 0x000000dbbfc000 flags: 0x0
[    0.331776] DMAR: dmar1: reg_base_addr dbbfc000 ver 4:0 cap 8ed008c40780466 ecap 60000f050df
[    0.331777] DMAR: DRHD base: 0x000000e67fc000 flags: 0x0
[    0.331780] DMAR: dmar2: reg_base_addr e67fc000 ver 4:0 cap 8ed008c40780466 ecap 60000f050df
[    0.331781] DMAR: DRHD base: 0x000000f13fc000 flags: 0x0
[    0.331784] DMAR: dmar3: reg_base_addr f13fc000 ver 4:0 cap 8ed008c40780466 ecap 60000f050df
[    0.331784] DMAR: DRHD base: 0x000000fb7fc000 flags: 0x0
[    0.331788] DMAR: dmar4: reg_base_addr fb7fc000 ver 4:0 cap 8ed008c40780466 ecap 60000f050df
[    0.331788] DMAR: DRHD base: 0x000000a63fc000 flags: 0x0
[    0.331791] DMAR: dmar5: reg_base_addr a63fc000 ver 4:0 cap 8ed008c40780466 ecap 60000f050df
[    0.331792] DMAR: DRHD base: 0x000000b0ffc000 flags: 0x0
[    0.331794] DMAR: dmar6: reg_base_addr b0ffc000 ver 4:0 cap 8ed008c40780466 ecap 60000f050df
[    0.331795] DMAR: DRHD base: 0x000000bbbfc000 flags: 0x0
[    0.331799] DMAR: dmar7: reg_base_addr bbbfc000 ver 4:0 cap 8ed008c40780466 ecap 60000f050df
[    0.331800] DMAR: DRHD base: 0x000000c5ffc000 flags: 0x0
[    0.331803] DMAR: dmar8: reg_base_addr c5ffc000 ver 4:0 cap 8ed008c40780466 ecap 60000f050df
[    0.331803] DMAR: DRHD base: 0x0000009b7fc000 flags: 0x1
[    0.331806] DMAR: dmar9: reg_base_addr 9b7fc000 ver 4:0 cap 8ed008c40780466 ecap 60000f050df
[    0.331807] DMAR: RMRR base: 0x00000069427000 end: 0x00000069429fff
[    0.331808] DMAR: ATSR flags: 0x0
[    0.331810] DMAR-IR: IOAPIC id 8 under DRHD base  0x9b7fc000 IOMMU 9
[    0.331810] DMAR-IR: HPET id 0 under DRHD base 0x9b7fc000
[    0.331811] DMAR-IR: Queued invalidation will be enabled to support x2apic and Intr-remapping.
[    0.334104] DMAR-IR: Enabled IRQ remapping in x2apic mode
[    0.336747] ..TIMER: vector=0x30 apic1=0 pin1=2 apic2=-1 pin2=-1
[    0.355691] clocksource: tsc-early: mask: 0xffffffffffffffff max_cycles: 0x39a85c9bff6, max_idle_ns: 881590591483 ns
[    0.355694] Calibrating delay loop (skipped), value calculated using timer frequency.. 4000.00 BogoMIPS (lpj=8000000)
[    0.355696] pid_max: default: 114688 minimum: 896
[    0.359653] LSM: Security Framework initializing
[    0.359669] Yama: becoming mindful.
[    0.360058] AppArmor: AppArmor initialized
[    0.369025] Dentry cache hash table entries: 8388608 (order: 14, 67108864 bytes, vmalloc)
[    0.373557] Inode-cache hash table entries: 4194304 (order: 13, 33554432 bytes, vmalloc)
[    0.373744] Mount-cache hash table entries: 131072 (order: 8, 1048576 bytes, vmalloc)
[    0.373889] Mountpoint-cache hash table entries: 131072 (order: 8, 1048576 bytes, vmalloc)
[    0.374167] *** VALIDATE proc ***
[    0.374380] *** VALIDATE cgroup1 ***
[    0.374381] *** VALIDATE cgroup2 ***
[    0.374496] x86/tme: not enabled by BIOS
[    0.374499] x86/cpu: User Mode Instruction Prevention (UMIP) activated
[    0.374573] mce: CPU0: Thermal monitoring enabled (TM1)
[    0.374784] process: using mwait in idle threads
[    0.374786] Last level iTLB entries: 4KB 0, 2MB 0, 4MB 0
[    0.374786] Last level dTLB entries: 4KB 0, 2MB 0, 4MB 0, 1GB 0
[    0.374789] Spectre V1 : Mitigation: usercopy/swapgs barriers and __user pointer sanitization
[    0.374791] Spectre V2 : Mitigation: Enhanced IBRS
[    0.374791] Spectre V2 : Spectre v2 / SpectreRSB mitigation: Filling RSB on context switch
[    0.374792] Spectre V2 : mitigation: Enabling conditional Indirect Branch Prediction Barrier
[    0.374793] Speculative Store Bypass: Mitigation: Speculative Store Bypass disabled via prctl and seccomp
[    0.375057] Freeing SMP alternatives memory: 40K
[    0.379857] TSC deadline timer enabled
[    0.379866] smpboot: CPU0: Intel(R) Xeon(R) Gold 6330 CPU @ 2.00GHz (family: 0x6, model: 0x6a, stepping: 0x6)
[    0.380059] Performance Events: PEBS fmt4+-baseline, Icelake events, 32-deep LBR, full-width counters, Intel PMU driver.
[    0.380064] ... version:                5
[    0.380064] ... bit width:              48
[    0.380065] ... generic registers:      8
[    0.380065] ... value mask:             0000ffffffffffff
[    0.380066] ... max period:             00007fffffffffff
[    0.380066] ... fixed-purpose events:   4
[    0.380066] ... event mask:             0000000f000000ff
[    0.380179] rcu: Hierarchical SRCU implementation.
[    0.387406] NMI watchdog: Enabled. Permanently consumes one hw-PMU counter.
[    0.388665] smp: Bringing up secondary CPUs ...
[    0.388777] x86: Booting SMP configuration:
[    0.388778] .... node  #1, CPUs:          #1
[    0.003690] smpboot: CPU 1 Converting physical 0 to logical die 1
[    0.475799] .... node  #0, CPUs:     #2
[    0.481146] .... node  #1, CPUs:     #3
[    0.486543] .... node  #0, CPUs:     #4
[    0.491880] .... node  #1, CPUs:     #5
[    0.497234] .... node  #0, CPUs:     #6
[    0.502786] .... node  #1, CPUs:     #7
[    0.508335] .... node  #0, CPUs:     #8
[    0.513588] .... node  #1, CPUs:     #9
[    0.519280] .... node  #0, CPUs:    #10
[    0.524973] .... node  #1, CPUs:    #11
[    0.530666] .... node  #0, CPUs:    #12
[    0.536147] .... node  #1, CPUs:    #13
[    0.541471] .... node  #0, CPUs:    #14
[    0.546676] .... node  #1, CPUs:    #15
[    0.551960] .... node  #0, CPUs:    #16
[    0.557200] .... node  #1, CPUs:    #17
[    0.562472] .... node  #0, CPUs:    #18
[    0.567858] .... node  #1, CPUs:    #19
[    0.573301] .... node  #0, CPUs:    #20
[    0.578500] .... node  #1, CPUs:    #21
[    0.584067] .... node  #0, CPUs:    #22
[    0.589479] .... node  #1, CPUs:    #23
[    0.594708] .... node  #0, CPUs:    #24
[    0.600312] .... node  #1, CPUs:    #25
[    0.605599] .... node  #0, CPUs:    #26
[    0.610782] .... node  #1, CPUs:    #27
[    0.616055] .... node  #0, CPUs:    #28
[    0.621522] .... node  #1, CPUs:    #29
[    0.626776] .... node  #0, CPUs:    #30
[    0.631966] .... node  #1, CPUs:    #31
[    0.637400] .... node  #0, CPUs:    #32
[    0.642661] .... node  #1, CPUs:    #33
[    0.647982] .... node  #0, CPUs:    #34
[    0.653392] .... node  #1, CPUs:    #35
[    0.658663] .... node  #0, CPUs:    #36
[    0.663847] .... node  #1, CPUs:    #37
[    0.669116] .... node  #0, CPUs:    #38
[    0.674638] .... node  #1, CPUs:    #39
[    0.680133] .... node  #0, CPUs:    #40
[    0.685703] .... node  #1, CPUs:    #41
[    0.691410] .... node  #0, CPUs:    #42
[    0.696677] .... node  #1, CPUs:    #43
[    0.702275] .... node  #0, CPUs:    #44
[    0.707841] .... node  #1, CPUs:    #45
[    0.713033] .... node  #0, CPUs:    #46
[    0.718538] .... node  #1, CPUs:    #47
[    0.723952] .... node  #0, CPUs:    #48
[    0.729257] .... node  #1, CPUs:    #49
[    0.734647] .... node  #0, CPUs:    #50
[    0.740097] .... node  #1, CPUs:    #51
[    0.745694] .... node  #0, CPUs:    #52
[    0.751123] .... node  #1, CPUs:    #53
[    0.756671] .... node  #0, CPUs:    #54
[    0.762344] .... node  #1, CPUs:    #55
[    0.768100] .... node  #0, CPUs:    #56
[    0.773937] .... node  #1, CPUs:    #57
[    0.779799] .... node  #0, CPUs:    #58
[    0.785165] .... node  #1, CPUs:    #59
[    0.790576] .... node  #0, CPUs:    #60
[    0.795926] .... node  #1, CPUs:    #61
[    0.801281] .... node  #0, CPUs:    #62
[    0.806850] .... node  #1, CPUs:    #63
[    0.812411] .... node  #0, CPUs:    #64
[    0.817693] .... node  #1, CPUs:    #65
[    0.823392] .... node  #0, CPUs:    #66
[    0.829109] .... node  #1, CPUs:    #67
[    0.834823] .... node  #0, CPUs:    #68
[    0.840326] .... node  #1, CPUs:    #69
[    0.845652] .... node  #0, CPUs:    #70
[    0.850863] .... node  #1, CPUs:    #71
[    0.856146] .... node  #0, CPUs:    #72
[    0.861410] .... node  #1, CPUs:    #73
[    0.866691] .... node  #0, CPUs:    #74
[    0.871931] .... node  #1, CPUs:    #75
[    0.877554] .... node  #0, CPUs:    #76
[    0.882772] .... node  #1, CPUs:    #77
[    0.888353] .... node  #0, CPUs:    #78
[    0.893774] .... node  #1, CPUs:    #79
[    0.899032] .... node  #0, CPUs:    #80
[    0.904628] .... node  #1, CPUs:    #81
[    0.909950] .... node  #0, CPUs:    #82
[    0.915146] .... node  #1, CPUs:    #83
[    0.920431] .... node  #0, CPUs:    #84
[    0.925925] .... node  #1, CPUs:    #85
[    0.931205] .... node  #0, CPUs:    #86
[    0.936405] .... node  #1, CPUs:    #87
[    0.941862] .... node  #0, CPUs:    #88
[    0.947132] .... node  #1, CPUs:    #89
[    0.952485] .... node  #0, CPUs:    #90
[    0.957900] .... node  #1, CPUs:    #91
[    0.963185] .... node  #0, CPUs:    #92
[    0.968384] .... node  #1, CPUs:    #93
[    0.973684] .... node  #0, CPUs:    #94
[    0.979238] .... node  #1, CPUs:    #95
[    0.984731] .... node  #0, CPUs:    #96
[    0.990319] .... node  #1, CPUs:    #97
[    0.996054] .... node  #0, CPUs:    #98
[    1.001354] .... node  #1, CPUs:    #99
[    1.006985] .... node  #0, CPUs:   #100
[    1.012318] .... node  #1, CPUs:   #101
[    1.017760] .... node  #0, CPUs:   #102
[    1.023276] .... node  #1, CPUs:   #103
[    1.028701] .... node  #0, CPUs:   #104
[    1.034025] .... node  #1, CPUs:   #105
[    1.039428] .... node  #0, CPUs:   #106
[    1.044896] .... node  #1, CPUs:   #107
[    1.050530] .... node  #0, CPUs:   #108
[    1.055963] .... node  #1, CPUs:   #109
[    1.061540] .... node  #0, CPUs:   #110
[    1.067219] .... node  #1, CPUs:   #111
[    1.072999] smp: Brought up 2 nodes, 112 CPUs
[    1.072999] smpboot: Max logical packages: 2
[    1.072999] smpboot: Total of 112 processors activated (448061.68 BogoMIPS)
[    1.082638] devtmpfs: initialized
[    1.082638] x86/mm: Memory block size: 2048MB
[    1.082638] PM: Registering ACPI NVS region [mem 0x49e77000-0x4ae76fff] (16777216 bytes)
[    1.082638] PM: Registering ACPI NVS region [mem 0x6e3ff000-0x6f3fefff] (16777216 bytes)
[    1.083714] clocksource: jiffies: mask: 0xffffffff max_cycles: 0xffffffff, max_idle_ns: 7645041785100000 ns
[    1.084003] futex hash table entries: 32768 (order: 9, 2097152 bytes, vmalloc)
[    1.084597] pinctrl core: initialized pinctrl subsystem
[    1.084721] PM: RTC time: 04:47:48, date: 2024-04-28
[    1.084980] NET: Registered protocol family 16
[    1.085089] audit: initializing netlink subsys (disabled)
[    1.085094] audit: type=2000 audit(1714279667.756:1): state=initialized audit_enabled=0 res=1
[    1.085094] EISA bus registered
[    1.085094] cpuidle: using governor ladder
[    1.085094] cpuidle: using governor menu
[    1.085094] ACPI FADT declares the system doesn't support PCIe ASPM, so disable it
[    1.085094] ACPI: bus type PCI registered
[    1.085094] acpiphp: ACPI Hot Plug PCI Controller Driver version: 0.5
[    1.085094] PCI: MMCONFIG for domain 0000 [bus 00-ff] at [mem 0x80000000-0x8fffffff] (base 0x80000000)
[    1.085094] PCI: MMCONFIG at [mem 0x80000000-0x8fffffff] reserved in E820
[    1.085094] pmd_set_huge: Cannot satisfy [mem 0x80000000-0x80200000] with a huge-page mapping due to MTRR override.
[    1.085094] PCI: Using configuration type 1 for base access
[    1.085094] PCI: Dell System detected, enabling pci=bfsort.
[    1.087702] ENERGY_PERF_BIAS: Set to 'normal', was 'performance'
[    1.091976] HugeTLB registered 1.00 GiB page size, pre-allocated 0 pages
[    1.091976] HugeTLB registered 2.00 MiB page size, pre-allocated 0 pages
[    1.096097] ACPI: Added _OSI(Module Device)
[    1.096098] ACPI: Added _OSI(Processor Device)
[    1.096099] ACPI: Added _OSI(3.0 _SCP Extensions)
[    1.096099] ACPI: Added _OSI(Processor Aggregator Device)
[    1.096100] ACPI: Added _OSI(Linux-Dell-Video)
[    1.096101] ACPI: Added _OSI(Linux-Lenovo-NV-HDMI-Audio)
[    1.096102] ACPI: Added _OSI(Linux-HPI-Hybrid-Graphics)
[    1.260129] ACPI: 8 ACPI AML tables successfully acquired and loaded
[    1.267228] ACPI: [Firmware Bug]: BIOS _OSI(Linux) query ignored
[    1.273901] ACPI: Dynamic OEM Table Load:
[    1.667216] ACPI: Interpreter enabled
[    1.667234] ACPI: (supports S0 S5)
[    1.667235] ACPI: Using IOAPIC for interrupt routing
[    1.667321] HEST: Table parsing has been initialized.
[    1.667323] PCI: Using host bridge windows from ACPI; if necessary, use "pci=nocrs" and report a bug
[    1.696345] ACPI: Enabled 4 GPEs in block 00 to 7F
[    1.822651] ACPI: PCI Root Bridge [PC00] (domain 0000 [bus 00-15])
[    1.822655] acpi PNP0A08:00: _OSC: OS supports [ExtendedConfig ASPM ClockPM Segments MSI HPX-Type3]
[    1.822733] acpi PNP0A08:00: PCIe AER handled by firmware
[    1.822848] acpi PNP0A08:00: _OSC: platform does not support [SHPCHotplug LTR]
[    1.823060] acpi PNP0A08:00: _OSC: OS now controls [PCIeHotplug PME PCIeCapability]
[    1.823061] acpi PNP0A08:00: FADT indicates ASPM is unsupported, using BIOS configuration
[    1.824836] PCI host bridge to bus 0000:00
[    1.824838] pci_bus 0000:00: root bus resource [io  0x0000-0x0cf7 window]
[    1.824839] pci_bus 0000:00: root bus resource [io  0x1000-0x4fff window]
[    1.824840] pci_bus 0000:00: root bus resource [mem 0x000a0000-0x000bffff window]
[    1.824841] pci_bus 0000:00: root bus resource [mem 0x000c8000-0x000cffff window]
[    1.824841] pci_bus 0000:00: root bus resource [mem 0xfe010000-0xfe010fff window]
[    1.824842] pci_bus 0000:00: root bus resource [mem 0x90000000-0x9b7fffff window]
[    1.824843] pci_bus 0000:00: root bus resource [mem 0x200000000000-0x20ffffffffff window]
[    1.824844] pci_bus 0000:00: root bus resource [bus 00-15]
[    1.824853] pci 0000:00:00.0: [8086:09a2] type 00 class 0x088000
[    1.825565] pci 0000:00:00.1: [8086:09a4] type 00 class 0x088000
[    1.826263] pci 0000:00:00.2: [8086:09a3] type 00 class 0x088000
[    1.826963] pci 0000:00:00.4: [8086:0998] type 00 class 0x060000
[    1.827663] pci 0000:00:02.0: [8086:09a6] type 00 class 0x088000
[    1.827672] pci 0000:00:02.0: reg 0x10: [mem 0x92dfc000-0x92dfdfff]
[    1.828366] pci 0000:00:02.1: [8086:09a7] type 00 class 0x088000
[    1.828375] pci 0000:00:02.1: reg 0x10: [mem 0x92d00000-0x92d7ffff]
[    1.828380] pci 0000:00:02.1: reg 0x14: [mem 0x92c80000-0x92cfffff]
[    1.829072] pci 0000:00:02.4: [8086:3456] type 00 class 0x130000
[    1.829083] pci 0000:00:02.4: reg 0x10: [mem 0x92a00000-0x92afffff 64bit]
[    1.829089] pci 0000:00:02.4: reg 0x18: [mem 0x92df0000-0x92df3fff 64bit]
[    1.829095] pci 0000:00:02.4: reg 0x20: [mem 0x92dc0000-0x92ddffff 64bit]
[    1.829805] pci 0000:00:11.0: [8086:a1ec] type 00 class 0xff0000
[    1.830573] pci 0000:00:11.5: [8086:a1d2] type 00 class 0x010601
[    1.830590] pci 0000:00:11.5: reg 0x10: [mem 0x92dfa000-0x92dfbfff]
[    1.830597] pci 0000:00:11.5: reg 0x14: [mem 0x92e05000-0x92e050ff]
[    1.830605] pci 0000:00:11.5: reg 0x18: [io  0x2068-0x206f]
[    1.830611] pci 0000:00:11.5: reg 0x1c: [io  0x2074-0x2077]
[    1.830618] pci 0000:00:11.5: reg 0x20: [io  0x2040-0x205f]
[    1.830625] pci 0000:00:11.5: reg 0x24: [mem 0x92b80000-0x92bfffff]
[    1.830664] pci 0000:00:11.5: PME# supported from D3hot
[    1.831380] pci 0000:00:14.0: [8086:a1af] type 00 class 0x0c0330
[    1.831401] pci 0000:00:14.0: reg 0x10: [mem 0x92de0000-0x92deffff 64bit]
[    1.831465] pci 0000:00:14.0: PME# supported from D3hot D3cold
[    1.832178] pci 0000:00:14.2: [8086:a1b1] type 00 class 0x118000
[    1.832198] pci 0000:00:14.2: reg 0x10: [mem 0x92e02000-0x92e02fff 64bit]
[    1.832936] pci 0000:00:16.0: [8086:a1ba] type 00 class 0x078000
[    1.832964] pci 0000:00:16.0: reg 0x10: [mem 0x92e01000-0x92e01fff 64bit]
[    1.833047] pci 0000:00:16.0: PME# supported from D3hot
[    1.833724] pci 0000:00:16.1: [8086:a1bb] type 00 class 0x078000
[    1.833752] pci 0000:00:16.1: reg 0x10: [mem 0x92e00000-0x92e00fff 64bit]
[    1.833836] pci 0000:00:16.1: PME# supported from D3hot
[    1.834517] pci 0000:00:16.4: [8086:a1be] type 00 class 0x078000
[    1.834545] pci 0000:00:16.4: reg 0x10: [mem 0x92dff000-0x92dfffff 64bit]
[    1.834628] pci 0000:00:16.4: PME# supported from D3hot
[    1.835307] pci 0000:00:17.0: [8086:a182] type 00 class 0x010601
[    1.835324] pci 0000:00:17.0: reg 0x10: [mem 0x92df8000-0x92df9fff]
[    1.835331] pci 0000:00:17.0: reg 0x14: [mem 0x92e04000-0x92e040ff]
[    1.835338] pci 0000:00:17.0: reg 0x18: [io  0x2060-0x2067]
[    1.835344] pci 0000:00:17.0: reg 0x1c: [io  0x2070-0x2073]
[    1.835351] pci 0000:00:17.0: reg 0x20: [io  0x2020-0x203f]
[    1.835358] pci 0000:00:17.0: reg 0x24: [mem 0x92b00000-0x92b7ffff]
[    1.835396] pci 0000:00:17.0: PME# supported from D3hot
[    1.836110] pci 0000:00:1c.0: [8086:a190] type 01 class 0x060400
[    1.836189] pci 0000:00:1c.0: PME# supported from D0 D3hot D3cold
[    1.836948] pci 0000:00:1c.4: [8086:a194] type 01 class 0x060400
[    1.837020] pci 0000:00:1c.4: PME# supported from D0 D3hot D3cold
[    1.837766] pci 0000:00:1c.5: [8086:a195] type 01 class 0x060400
[    1.837839] pci 0000:00:1c.5: PME# supported from D0 D3hot D3cold
[    1.838590] pci 0000:00:1f.0: [8086:a1cb] type 00 class 0x060100
[    1.839390] pci 0000:00:1f.2: [8086:a1a1] type 00 class 0x058000
[    1.839405] pci 0000:00:1f.2: reg 0x10: [mem 0x92df4000-0x92df7fff]
[    1.840154] pci 0000:00:1f.4: [8086:a1a3] type 00 class 0x0c0500
[    1.840173] pci 0000:00:1f.4: reg 0x10: [mem 0x92dfe000-0x92dfe0ff 64bit]
[    1.840196] pci 0000:00:1f.4: reg 0x20: [io  0x2000-0x201f]
[    1.840879] pci 0000:00:1f.5: [8086:a1a4] type 00 class 0x0c8000
[    1.840895] pci 0000:00:1f.5: reg 0x10: [mem 0xfe010000-0xfe010fff]
[    1.841641] pci 0000:00:1c.0: PCI bridge to [bus 01]
[    1.841688] pci 0000:02:00.0: [1556:be00] type 01 class 0x060400
[    1.841858] pci 0000:00:1c.4: PCI bridge to [bus 02-03]
[    1.841861] pci 0000:00:1c.4:   bridge window [mem 0x92000000-0x928fffff]
[    1.841865] pci 0000:00:1c.4:   bridge window [mem 0x91000000-0x91ffffff 64bit pref]
[    1.841897] pci_bus 0000:03: extended config space not accessible
[    1.841914] pci 0000:03:00.0: [102b:0536] type 00 class 0x030000
[    1.841933] pci 0000:03:00.0: reg 0x10: [mem 0x91000000-0x91ffffff pref]
[    1.841944] pci 0000:03:00.0: reg 0x14: [mem 0x92808000-0x9280bfff]
[    1.841954] pci 0000:03:00.0: reg 0x18: [mem 0x92000000-0x927fffff]
[    1.842001] pci 0000:03:00.0: BAR 0: assigned to efifb
[    1.842096] pci 0000:02:00.0: PCI bridge to [bus 03]
[    1.842104] pci 0000:02:00.0:   bridge window [mem 0x92000000-0x928fffff]
[    1.842110] pci 0000:02:00.0:   bridge window [mem 0x91000000-0x91ffffff 64bit pref]
[    1.842175] pci 0000:04:00.0: [14e4:165f] type 00 class 0x020000
[    1.842207] pci 0000:04:00.0: reg 0x10: [mem 0x92930000-0x9293ffff 64bit pref]
[    1.842223] pci 0000:04:00.0: reg 0x18: [mem 0x92940000-0x9294ffff 64bit pref]
[    1.842238] pci 0000:04:00.0: reg 0x20: [mem 0x92950000-0x9295ffff 64bit pref]
[    1.842248] pci 0000:04:00.0: reg 0x30: [mem 0xfffc0000-0xffffffff pref]
[    1.842340] pci 0000:04:00.0: PME# supported from D0 D3hot D3cold
[    1.842379] pci 0000:04:00.0: 4.000 Gb/s available PCIe bandwidth, limited by 5 GT/s x1 link at 0000:00:1c.5 (capable of 8.000 Gb/s with 5 GT/s x2 link)
[    1.842506] pci 0000:04:00.1: [14e4:165f] type 00 class 0x020000
[    1.842537] pci 0000:04:00.1: reg 0x10: [mem 0x92900000-0x9290ffff 64bit pref]
[    1.842553] pci 0000:04:00.1: reg 0x18: [mem 0x92910000-0x9291ffff 64bit pref]
[    1.842568] pci 0000:04:00.1: reg 0x20: [mem 0x92920000-0x9292ffff 64bit pref]
[    1.842578] pci 0000:04:00.1: reg 0x30: [mem 0xfffc0000-0xffffffff pref]
[    1.842670] pci 0000:04:00.1: PME# supported from D0 D3hot D3cold
[    1.842815] pci 0000:00:1c.5: PCI bridge to [bus 04]
[    1.842822] pci 0000:00:1c.5:   bridge window [mem 0x92900000-0x929fffff 64bit pref]
[    1.842835] pci_bus 0000:00: on NUMA node 0
[    1.843385] ACPI: PCI Root Bridge [PC01] (domain 0000 [bus 16-2f])
[    1.843388] acpi PNP0A08:01: _OSC: OS supports [ExtendedConfig ASPM ClockPM Segments MSI HPX-Type3]
[    1.843487] acpi PNP0A08:01: PCIe AER handled by firmware
[    1.843599] acpi PNP0A08:01: _OSC: platform does not support [SHPCHotplug]
[    1.843807] acpi PNP0A08:01: _OSC: OS now controls [PCIeHotplug PME PCIeCapability LTR]
[    1.843808] acpi PNP0A08:01: FADT indicates ASPM is unsupported, using BIOS configuration
[    1.843932] PCI host bridge to bus 0000:16
[    1.843934] pci_bus 0000:16: root bus resource [io  0x5000-0x6fff window]
[    1.843934] pci_bus 0000:16: root bus resource [mem 0x9b800000-0xa63fffff window]
[    1.843935] pci_bus 0000:16: root bus resource [mem 0x210000000000-0x21ffffffffff window]
[    1.843936] pci_bus 0000:16: root bus resource [bus 16-2f]
[    1.843943] pci 0000:16:00.0: [8086:09a2] type 00 class 0x088000
[    1.844012] pci 0000:16:00.1: [8086:09a4] type 00 class 0x088000
[    1.844075] pci 0000:16:00.2: [8086:09a3] type 00 class 0x088000
[    1.844138] pci 0000:16:00.4: [8086:0998] type 00 class 0x060000
[    1.844200] pci 0000:16:02.0: [8086:347a] type 01 class 0x060400
[    1.844213] pci 0000:16:02.0: reg 0x10: [mem 0x21fffff00000-0x21fffff1ffff 64bit]
[    1.844249] pci 0000:16:02.0: PME# supported from D0 D3hot D3cold
[    1.844546] pci 0000:17:00.0: [1000:10e2] type 00 class 0x010400
[    1.844565] pci 0000:17:00.0: reg 0x10: [mem 0x9b800000-0x9b8fffff 64bit pref]
[    1.844574] pci 0000:17:00.0: reg 0x18: [mem 0x9b900000-0x9b9fffff 64bit pref]
[    1.844579] pci 0000:17:00.0: reg 0x20: [mem 0x9ba00000-0x9bafffff]
[    1.844584] pci 0000:17:00.0: reg 0x24: [io  0x5000-0x50ff]
[    1.844590] pci 0000:17:00.0: reg 0x30: [mem 0xfff00000-0xffffffff pref]
[    1.845812] pci 0000:17:00.0: supports D1 D2
[    1.845863] pci 0000:16:02.0: PCI bridge to [bus 17]
[    1.845864] pci 0000:16:02.0:   bridge window [io  0x5000-0x5fff]
[    1.845866] pci 0000:16:02.0:   bridge window [mem 0x9ba00000-0x9bafffff]
[    1.845868] pci 0000:16:02.0:   bridge window [mem 0x9b800000-0x9b9fffff 64bit pref]
[    1.845874] pci_bus 0000:16: on NUMA node 0
[    1.845939] ACPI: PCI Root Bridge [PC02] (domain 0000 [bus 30-49])
[    1.845941] acpi PNP0A08:02: _OSC: OS supports [ExtendedConfig ASPM ClockPM Segments MSI HPX-Type3]
[    1.846038] acpi PNP0A08:02: PCIe AER handled by firmware
[    1.846149] acpi PNP0A08:02: _OSC: platform does not support [SHPCHotplug]
[    1.846356] acpi PNP0A08:02: _OSC: OS now controls [PCIeHotplug PME PCIeCapability LTR]
[    1.846357] acpi PNP0A08:02: FADT indicates ASPM is unsupported, using BIOS configuration
[    1.846475] PCI host bridge to bus 0000:30
[    1.846476] pci_bus 0000:30: root bus resource [io  0x7000-0x8fff window]
[    1.846477] pci_bus 0000:30: root bus resource [mem 0xa6400000-0xb0ffffff window]
[    1.846477] pci_bus 0000:30: root bus resource [mem 0x220000000000-0x22ffffffffff window]
[    1.846478] pci_bus 0000:30: root bus resource [bus 30-49]
[    1.846485] pci 0000:30:00.0: [8086:09a2] type 00 class 0x088000
[    1.846551] pci 0000:30:00.1: [8086:09a4] type 00 class 0x088000
[    1.846612] pci 0000:30:00.2: [8086:09a3] type 00 class 0x088000
[    1.846675] pci 0000:30:00.4: [8086:0998] type 00 class 0x060000
[    1.846745] pci_bus 0000:30: on NUMA node 0
[    1.846833] ACPI: PCI Root Bridge [PC04] (domain 0000 [bus 4a-63])
[    1.846835] acpi PNP0A08:04: _OSC: OS supports [ExtendedConfig ASPM ClockPM Segments MSI HPX-Type3]
[    1.846927] acpi PNP0A08:04: PCIe AER handled by firmware
[    1.847035] acpi PNP0A08:04: _OSC: platform does not support [SHPCHotplug]
[    1.847241] acpi PNP0A08:04: _OSC: OS now controls [PCIeHotplug PME PCIeCapability LTR]
[    1.847242] acpi PNP0A08:04: FADT indicates ASPM is unsupported, using BIOS configuration
[    1.847352] PCI host bridge to bus 0000:4a
[    1.847353] pci_bus 0000:4a: root bus resource [io  0x9000-0x9fff window]
[    1.847354] pci_bus 0000:4a: root bus resource [mem 0xb1000000-0xbbbfffff window]
[    1.847355] pci_bus 0000:4a: root bus resource [mem 0x230000000000-0x23ffffffffff window]
[    1.847355] pci_bus 0000:4a: root bus resource [bus 4a-63]
[    1.847362] pci 0000:4a:00.0: [8086:09a2] type 00 class 0x088000
[    1.847424] pci 0000:4a:00.1: [8086:09a4] type 00 class 0x088000
[    1.847483] pci 0000:4a:00.2: [8086:09a3] type 00 class 0x088000
[    1.847549] pci 0000:4a:00.4: [8086:0998] type 00 class 0x060000
[    1.847619] pci_bus 0000:4a: on NUMA node 0
[    1.847678] ACPI: PCI Root Bridge [PC05] (domain 0000 [bus 64-7d])
[    1.847680] acpi PNP0A08:05: _OSC: OS supports [ExtendedConfig ASPM ClockPM Segments MSI HPX-Type3]
[    1.847771] acpi PNP0A08:05: PCIe AER handled by firmware
[    1.847882] acpi PNP0A08:05: _OSC: platform does not support [SHPCHotplug]
[    1.848089] acpi PNP0A08:05: _OSC: OS now controls [PCIeHotplug PME PCIeCapability LTR]
[    1.848089] acpi PNP0A08:05: FADT indicates ASPM is unsupported, using BIOS configuration
[    1.848200] PCI host bridge to bus 0000:64
[    1.848201] pci_bus 0000:64: root bus resource [io  0xa000-0xafff window]
[    1.848202] pci_bus 0000:64: root bus resource [mem 0xbbc00000-0xc5ffffff window]
[    1.848203] pci_bus 0000:64: root bus resource [mem 0x240000000000-0x24ffffffffff window]
[    1.848203] pci_bus 0000:64: root bus resource [bus 64-7d]
[    1.848210] pci 0000:64:00.0: [8086:09a2] type 00 class 0x088000
[    1.848273] pci 0000:64:00.1: [8086:09a4] type 00 class 0x088000
[    1.848335] pci 0000:64:00.2: [8086:09a3] type 00 class 0x088000
[    1.848398] pci 0000:64:00.4: [8086:0998] type 00 class 0x060000
[    1.848468] pci_bus 0000:64: on NUMA node 0
[    1.848524] ACPI: PCI Root Bridge [UC06] (domain 0000 [bus 7e])
[    1.848526] acpi PNP0A03:00: _OSC: OS supports [ExtendedConfig ASPM ClockPM Segments MSI HPX-Type3]
[    1.848602] acpi PNP0A03:00: PCIe AER handled by firmware
[    1.848694] acpi PNP0A03:00: _OSC: platform does not support [SHPCHotplug LTR]
[    1.848868] acpi PNP0A03:00: _OSC: OS now controls [PCIeHotplug PME PCIeCapability]
[    1.848869] acpi PNP0A03:00: FADT indicates ASPM is unsupported, using BIOS configuration
[    1.849002] PCI host bridge to bus 0000:7e
[    1.849002] pci_bus 0000:7e: root bus resource [bus 7e]
[    1.849008] pci 0000:7e:00.0: [8086:3450] type 00 class 0x088000
[    1.849078] pci 0000:7e:00.1: [8086:3451] type 00 class 0x088000
[    1.849141] pci 0000:7e:00.2: [8086:3452] type 00 class 0x088000
[    1.849214] pci 0000:7e:00.3: [8086:0998] type 00 class 0x060000
[    1.849278] pci 0000:7e:00.5: [8086:3455] type 00 class 0x088000
[    1.849347] pci 0000:7e:02.0: [8086:3440] type 00 class 0x088000
[    1.849469] pci 0000:7e:02.1: [8086:3441] type 00 class 0x088000
[    1.849582] pci 0000:7e:02.2: [8086:3442] type 00 class 0x088000
[    1.849697] pci 0000:7e:03.0: [8086:3440] type 00 class 0x088000
[    1.849787] pci 0000:7e:03.1: [8086:3441] type 00 class 0x088000
[    1.849868] pci 0000:7e:03.2: [8086:3442] type 00 class 0x088000
[    1.849963] pci 0000:7e:04.0: [8086:3440] type 00 class 0x088000
[    1.850089] pci 0000:7e:04.1: [8086:3441] type 00 class 0x088000
[    1.850210] pci 0000:7e:04.2: [8086:3442] type 00 class 0x088000
[    1.850332] pci 0000:7e:04.3: [8086:3443] type 00 class 0x088000
[    1.850457] pci 0000:7e:05.0: [8086:3445] type 00 class 0x088000
[    1.850579] pci 0000:7e:05.1: [8086:3446] type 00 class 0x088000
[    1.850705] pci 0000:7e:05.2: [8086:3447] type 00 class 0x088000
[    1.850823] pci 0000:7e:06.0: [8086:3445] type 00 class 0x088000
[    1.850916] pci 0000:7e:06.1: [8086:3446] type 00 class 0x088000
[    1.851002] pci 0000:7e:06.2: [8086:3447] type 00 class 0x088000
[    1.851093] pci 0000:7e:07.0: [8086:3445] type 00 class 0x088000
[    1.851220] pci 0000:7e:07.1: [8086:3446] type 00 class 0x088000
[    1.851345] pci 0000:7e:07.2: [8086:3447] type 00 class 0x088000
[    1.851470] pci 0000:7e:0b.0: [8086:3448] type 00 class 0x088000
[    1.851546] pci 0000:7e:0b.1: [8086:3448] type 00 class 0x088000
[    1.851620] pci 0000:7e:0b.2: [8086:344b] type 00 class 0x088000
[    1.851702] pci 0000:7e:0c.0: [8086:344a] type 00 class 0x110100
[    1.851800] pci 0000:7e:0d.0: [8086:344a] type 00 class 0x110100
[    1.851898] pci 0000:7e:0e.0: [8086:344a] type 00 class 0x110100
[    1.852047] pci 0000:7e:0f.0: [8086:344a] type 00 class 0x110100
[    1.852209] pci 0000:7e:1a.0: [8086:2880] type 00 class 0x110100
[    1.852306] pci 0000:7e:1b.0: [8086:2880] type 00 class 0x110100
[    1.852398] pci 0000:7e:1c.0: [8086:2880] type 00 class 0x110100
[    1.852552] pci 0000:7e:1d.0: [8086:2880] type 00 class 0x110100
[    1.852713] pci_bus 0000:7e: on NUMA node 0
[    1.852787] ACPI: PCI Root Bridge [UC07] (domain 0000 [bus 7f])
[    1.852789] acpi PNP0A03:01: _OSC: OS supports [ExtendedConfig ASPM ClockPM Segments MSI HPX-Type3]
[    1.852866] acpi PNP0A03:01: PCIe AER handled by firmware
[    1.852958] acpi PNP0A03:01: _OSC: platform does not support [SHPCHotplug LTR]
[    1.853133] acpi PNP0A03:01: _OSC: OS now controls [PCIeHotplug PME PCIeCapability]
[    1.853133] acpi PNP0A03:01: FADT indicates ASPM is unsupported, using BIOS configuration
[    1.853278] PCI host bridge to bus 0000:7f
[    1.853279] pci_bus 0000:7f: root bus resource [bus 7f]
[    1.853289] pci 0000:7f:00.0: [8086:344c] type 00 class 0x088000
[    1.853398] pci 0000:7f:00.1: [8086:344c] type 00 class 0x088000
[    1.853516] pci 0000:7f:00.2: [8086:344c] type 00 class 0x088000
[    1.853636] pci 0000:7f:00.3: [8086:344c] type 00 class 0x088000
[    1.853732] pci 0000:7f:00.4: [8086:344c] type 00 class 0x088000
[    1.853862] pci 0000:7f:00.5: [8086:344c] type 00 class 0x088000
[    1.853986] pci 0000:7f:00.6: [8086:344c] type 00 class 0x088000
[    1.854071] pci 0000:7f:00.7: [8086:344c] type 00 class 0x088000
[    1.854166] pci 0000:7f:01.0: [8086:344c] type 00 class 0x088000
[    1.854304] pci 0000:7f:01.1: [8086:344c] type 00 class 0x088000
[    1.854431] pci 0000:7f:01.2: [8086:344c] type 00 class 0x088000
[    1.854517] pci 0000:7f:01.3: [8086:344c] type 00 class 0x088000
[    1.854656] pci 0000:7f:01.4: [8086:344c] type 00 class 0x088000
[    1.854794] pci 0000:7f:01.5: [8086:344c] type 00 class 0x088000
[    1.854937] pci 0000:7f:01.6: [8086:344c] type 00 class 0x088000
[    1.855066] pci 0000:7f:01.7: [8086:344c] type 00 class 0x088000
[    1.855205] pci 0000:7f:02.0: [8086:344c] type 00 class 0x088000
[    1.855346] pci 0000:7f:02.1: [8086:344c] type 00 class 0x088000
[    1.855484] pci 0000:7f:02.2: [8086:344c] type 00 class 0x088000
[    1.855621] pci 0000:7f:02.3: [8086:344c] type 00 class 0x088000
[    1.855767] pci 0000:7f:02.4: [8086:344c] type 00 class 0x088000
[    1.855913] pci 0000:7f:02.5: [8086:344c] type 00 class 0x088000
[    1.856055] pci 0000:7f:02.6: [8086:344c] type 00 class 0x088000
[    1.856209] pci 0000:7f:02.7: [8086:344c] type 00 class 0x088000
[    1.856369] pci 0000:7f:03.0: [8086:344c] type 00 class 0x088000
[    1.856521] pci 0000:7f:03.1: [8086:344c] type 00 class 0x088000
[    1.856680] pci 0000:7f:03.2: [8086:344c] type 00 class 0x088000
[    1.856835] pci 0000:7f:03.3: [8086:344c] type 00 class 0x088000
[    1.857002] pci 0000:7f:0a.0: [8086:344d] type 00 class 0x088000
[    1.857111] pci 0000:7f:0a.1: [8086:344d] type 00 class 0x088000
[    1.857229] pci 0000:7f:0a.2: [8086:344d] type 00 class 0x088000
[    1.857348] pci 0000:7f:0a.3: [8086:344d] type 00 class 0x088000
[    1.857452] pci 0000:7f:0a.4: [8086:344d] type 00 class 0x088000
[    1.857580] pci 0000:7f:0a.5: [8086:344d] type 00 class 0x088000
[    1.857703] pci 0000:7f:0a.6: [8086:344d] type 00 class 0x088000
[    1.857791] pci 0000:7f:0a.7: [8086:344d] type 00 class 0x088000
[    1.857883] pci 0000:7f:0b.0: [8086:344d] type 00 class 0x088000
[    1.858017] pci 0000:7f:0b.1: [8086:344d] type 00 class 0x088000
[    1.858146] pci 0000:7f:0b.2: [8086:344d] type 00 class 0x088000
[    1.858233] pci 0000:7f:0b.3: [8086:344d] type 00 class 0x088000
[    1.858376] pci 0000:7f:0b.4: [8086:344d] type 00 class 0x088000
[    1.858516] pci 0000:7f:0b.5: [8086:344d] type 00 class 0x088000
[    1.858659] pci 0000:7f:0b.6: [8086:344d] type 00 class 0x088000
[    1.858786] pci 0000:7f:0b.7: [8086:344d] type 00 class 0x088000
[    1.858922] pci 0000:7f:0c.0: [8086:344d] type 00 class 0x088000
[    1.859061] pci 0000:7f:0c.1: [8086:344d] type 00 class 0x088000
[    1.859198] pci 0000:7f:0c.2: [8086:344d] type 00 class 0x088000
[    1.859337] pci 0000:7f:0c.3: [8086:344d] type 00 class 0x088000
[    1.859489] pci 0000:7f:0c.4: [8086:344d] type 00 class 0x088000
[    1.859631] pci 0000:7f:0c.5: [8086:344d] type 00 class 0x088000
[    1.859775] pci 0000:7f:0c.6: [8086:344d] type 00 class 0x088000
[    1.859929] pci 0000:7f:0c.7: [8086:344d] type 00 class 0x088000
[    1.860081] pci 0000:7f:0d.0: [8086:344d] type 00 class 0x088000
[    1.860235] pci 0000:7f:0d.1: [8086:344d] type 00 class 0x088000
[    1.860393] pci 0000:7f:0d.2: [8086:344d] type 00 class 0x088000
[    1.860549] pci 0000:7f:0d.3: [8086:344d] type 00 class 0x088000
[    1.860730] pci 0000:7f:1d.0: [8086:344f] type 00 class 0x088000
[    1.860848] pci 0000:7f:1d.1: [8086:3457] type 00 class 0x088000
[    1.860965] pci 0000:7f:1e.0: [8086:3458] type 00 class 0x088000
[    1.861042] pci 0000:7f:1e.1: [8086:3459] type 00 class 0x088000
[    1.861117] pci 0000:7f:1e.2: [8086:345a] type 00 class 0x088000
[    1.861190] pci 0000:7f:1e.3: [8086:345b] type 00 class 0x088000
[    1.861265] pci 0000:7f:1e.4: [8086:345c] type 00 class 0x088000
[    1.861339] pci 0000:7f:1e.5: [8086:345d] type 00 class 0x088000
[    1.861415] pci 0000:7f:1e.6: [8086:345e] type 00 class 0x088000
[    1.861490] pci 0000:7f:1e.7: [8086:345f] type 00 class 0x088000
[    1.861561] pci_bus 0000:7f: on NUMA node 0
[    1.861651] ACPI: PCI Root Bridge [PC06] (domain 0000 [bus 80])
[    1.861653] acpi PNP0A08:06: _OSC: OS supports [ExtendedConfig ASPM ClockPM Segments MSI HPX-Type3]
[    1.861747] acpi PNP0A08:06: PCIe AER handled by firmware
[    1.861856] acpi PNP0A08:06: _OSC: platform does not support [SHPCHotplug]
[    1.862063] acpi PNP0A08:06: _OSC: OS now controls [PCIeHotplug PME PCIeCapability LTR]
[    1.862064] acpi PNP0A08:06: FADT indicates ASPM is unsupported, using BIOS configuration
[    1.862211] PCI host bridge to bus 0000:80
[    1.862212] pci_bus 0000:80: root bus resource [io  0xb000-0xbfff window]
[    1.862213] pci_bus 0000:80: root bus resource [mem 0xc6800000-0xd0ffffff window]
[    1.862213] pci_bus 0000:80: root bus resource [mem 0x250000000000-0x25ffffffffff window]
[    1.862214] pci_bus 0000:80: root bus resource [bus 80]
[    1.862222] pci 0000:80:00.0: [8086:09a2] type 00 class 0x088000
[    1.862301] pci 0000:80:00.1: [8086:09a4] type 00 class 0x088000
[    1.862375] pci 0000:80:00.2: [8086:09a3] type 00 class 0x088000
[    1.862457] pci 0000:80:00.4: [8086:0998] type 00 class 0x060000
[    1.862535] pci 0000:80:02.0: [8086:09a6] type 00 class 0x088000
[    1.862545] pci 0000:80:02.0: reg 0x10: [mem 0xc6aa4000-0xc6aa5fff]
[    1.862609] pci 0000:80:02.1: [8086:09a7] type 00 class 0x088000
[    1.862619] pci 0000:80:02.1: reg 0x10: [mem 0xc6a00000-0xc6a7ffff]
[    1.862624] pci 0000:80:02.1: reg 0x14: [mem 0xc6980000-0xc69fffff]
[    1.862692] pci 0000:80:02.4: [8086:3456] type 00 class 0x130000
[    1.862704] pci 0000:80:02.4: reg 0x10: [mem 0xc6800000-0xc68fffff 64bit]
[    1.862711] pci 0000:80:02.4: reg 0x18: [mem 0xc6aa0000-0xc6aa3fff 64bit]
[    1.862717] pci 0000:80:02.4: reg 0x20: [mem 0xc6a80000-0xc6a9ffff 64bit]
[    1.862778] pci_bus 0000:80: on NUMA node 1
[    1.862845] ACPI: PCI Root Bridge [PC07] (domain 0000 [bus 81])
[    1.862847] acpi PNP0A08:07: _OSC: OS supports [ExtendedConfig ASPM ClockPM Segments MSI HPX-Type3]
[    1.862938] acpi PNP0A08:07: PCIe AER handled by firmware
[    1.863047] acpi PNP0A08:07: _OSC: platform does not support [SHPCHotplug]
[    1.863254] acpi PNP0A08:07: _OSC: OS now controls [PCIeHotplug PME PCIeCapability LTR]
[    1.863254] acpi PNP0A08:07: FADT indicates ASPM is unsupported, using BIOS configuration
[    1.863370] PCI host bridge to bus 0000:81
[    1.863370] pci_bus 0000:81: root bus resource [io  0xc000-0xcfff window]
[    1.863371] pci_bus 0000:81: root bus resource [mem 0xd1000000-0xdbbfffff window]
[    1.863372] pci_bus 0000:81: root bus resource [mem 0x260000000000-0x26ffffffffff window]
[    1.863373] pci_bus 0000:81: root bus resource [bus 81]
[    1.863380] pci 0000:81:00.0: [8086:09a2] type 00 class 0x088000
[    1.863448] pci 0000:81:00.1: [8086:09a4] type 00 class 0x088000
[    1.863514] pci 0000:81:00.2: [8086:09a3] type 00 class 0x088000
[    1.863583] pci 0000:81:00.4: [8086:0998] type 00 class 0x060000
[    1.863662] pci_bus 0000:81: on NUMA node 1
[    1.863723] ACPI: PCI Root Bridge [PC08] (domain 0000 [bus 82])
[    1.863725] acpi PNP0A08:08: _OSC: OS supports [ExtendedConfig ASPM ClockPM Segments MSI HPX-Type3]
[    1.863816] acpi PNP0A08:08: PCIe AER handled by firmware
[    1.863926] acpi PNP0A08:08: _OSC: platform does not support [SHPCHotplug]
[    1.864133] acpi PNP0A08:08: _OSC: OS now controls [PCIeHotplug PME PCIeCapability LTR]
[    1.864134] acpi PNP0A08:08: FADT indicates ASPM is unsupported, using BIOS configuration
[    1.864245] PCI host bridge to bus 0000:82
[    1.864246] pci_bus 0000:82: root bus resource [io  0xd000-0xdfff window]
[    1.864246] pci_bus 0000:82: root bus resource [mem 0xdbc00000-0xe67fffff window]
[    1.864247] pci_bus 0000:82: root bus resource [mem 0x270000000000-0x27ffffffffff window]
[    1.864248] pci_bus 0000:82: root bus resource [bus 82]
[    1.864255] pci 0000:82:00.0: [8086:09a2] type 00 class 0x088000
[    1.864323] pci 0000:82:00.1: [8086:09a4] type 00 class 0x088000
[    1.864393] pci 0000:82:00.2: [8086:09a3] type 00 class 0x088000
[    1.864464] pci 0000:82:00.4: [8086:0998] type 00 class 0x060000
[    1.864543] pci_bus 0000:82: on NUMA node 1
[    1.864630] ACPI: PCI Root Bridge [PC10] (domain 0000 [bus 83-f9])
[    1.864631] acpi PNP0A08:0a: _OSC: OS supports [ExtendedConfig ASPM ClockPM Segments MSI HPX-Type3]
[    1.864723] acpi PNP0A08:0a: PCIe AER handled by firmware
[    1.864831] acpi PNP0A08:0a: _OSC: platform does not support [SHPCHotplug]
[    1.865037] acpi PNP0A08:0a: _OSC: OS now controls [PCIeHotplug PME PCIeCapability LTR]
[    1.865038] acpi PNP0A08:0a: FADT indicates ASPM is unsupported, using BIOS configuration
[    1.865158] PCI host bridge to bus 0000:83
[    1.865159] pci_bus 0000:83: root bus resource [io  0xe000-0xefff window]
[    1.865160] pci_bus 0000:83: root bus resource [mem 0xe6800000-0xf13fffff window]
[    1.865161] pci_bus 0000:83: root bus resource [mem 0x280000000000-0x28ffffffffff window]
[    1.865161] pci_bus 0000:83: root bus resource [bus 83-f9]
[    1.865169] pci 0000:83:00.0: [8086:09a2] type 00 class 0x088000
[    1.865237] pci 0000:83:00.1: [8086:09a4] type 00 class 0x088000
[    1.865305] pci 0000:83:00.2: [8086:09a3] type 00 class 0x088000
[    1.865374] pci 0000:83:00.4: [8086:0998] type 00 class 0x060000
[    1.865453] pci_bus 0000:83: on NUMA node 1
[    1.865512] ACPI: PCI Root Bridge [PC11] (domain 0000 [bus fa])
[    1.865514] acpi PNP0A08:0b: _OSC: OS supports [ExtendedConfig ASPM ClockPM Segments MSI HPX-Type3]
[    1.865605] acpi PNP0A08:0b: PCIe AER handled by firmware
[    1.865713] acpi PNP0A08:0b: _OSC: platform does not support [SHPCHotplug]
[    1.865920] acpi PNP0A08:0b: _OSC: OS now controls [PCIeHotplug PME PCIeCapability LTR]
[    1.865920] acpi PNP0A08:0b: FADT indicates ASPM is unsupported, using BIOS configuration
[    1.866032] PCI host bridge to bus 0000:fa
[    1.866032] pci_bus 0000:fa: root bus resource [io  0xf000-0xffff window]
[    1.866033] pci_bus 0000:fa: root bus resource [mem 0xf1400000-0xfb7fffff window]
[    1.866034] pci_bus 0000:fa: root bus resource [mem 0x290000000000-0x29ffffffffff window]
[    1.866035] pci_bus 0000:fa: root bus resource [bus fa]
[    1.866042] pci 0000:fa:00.0: [8086:09a2] type 00 class 0x088000
[    1.866110] pci 0000:fa:00.1: [8086:09a4] type 00 class 0x088000
[    1.866178] pci 0000:fa:00.2: [8086:09a3] type 00 class 0x088000
[    1.866252] pci 0000:fa:00.4: [8086:0998] type 00 class 0x060000
[    1.866332] pci_bus 0000:fa: on NUMA node 1
[    1.866388] ACPI: PCI Root Bridge [UC16] (domain 0000 [bus fe])
[    1.866389] acpi PNP0A03:02: _OSC: OS supports [ExtendedConfig ASPM ClockPM Segments MSI HPX-Type3]
[    1.866465] acpi PNP0A03:02: PCIe AER handled by firmware
[    1.866558] acpi PNP0A03:02: _OSC: platform does not support [SHPCHotplug LTR]
[    1.866733] acpi PNP0A03:02: _OSC: OS now controls [PCIeHotplug PME PCIeCapability]
[    1.866734] acpi PNP0A03:02: FADT indicates ASPM is unsupported, using BIOS configuration
[    1.866865] PCI host bridge to bus 0000:fe
[    1.866866] pci_bus 0000:fe: root bus resource [bus fe]
[    1.866872] pci 0000:fe:00.0: [8086:3450] type 00 class 0x088000
[    1.866943] pci 0000:fe:00.1: [8086:3451] type 00 class 0x088000
[    1.867008] pci 0000:fe:00.2: [8086:3452] type 00 class 0x088000
[    1.867076] pci 0000:fe:00.3: [8086:0998] type 00 class 0x060000
[    1.867145] pci 0000:fe:00.5: [8086:3455] type 00 class 0x088000
[    1.867217] pci 0000:fe:02.0: [8086:3440] type 00 class 0x088000
[    1.867342] pci 0000:fe:02.1: [8086:3441] type 00 class 0x088000
[    1.867466] pci 0000:fe:02.2: [8086:3442] type 00 class 0x088000
[    1.867584] pci 0000:fe:03.0: [8086:3440] type 00 class 0x088000
[    1.867676] pci 0000:fe:03.1: [8086:3441] type 00 class 0x088000
[    1.867763] pci 0000:fe:03.2: [8086:3442] type 00 class 0x088000
[    1.867855] pci 0000:fe:04.0: [8086:3440] type 00 class 0x088000
[    1.867986] pci 0000:fe:04.1: [8086:3441] type 00 class 0x088000
[    1.868113] pci 0000:fe:04.2: [8086:3442] type 00 class 0x088000
[    1.868238] pci 0000:fe:04.3: [8086:3443] type 00 class 0x088000
[    1.868373] pci 0000:fe:05.0: [8086:3445] type 00 class 0x088000
[    1.868499] pci 0000:fe:05.1: [8086:3446] type 00 class 0x088000
[    1.868619] pci 0000:fe:05.2: [8086:3447] type 00 class 0x088000
[    1.868741] pci 0000:fe:06.0: [8086:3445] type 00 class 0x088000
[    1.868835] pci 0000:fe:06.1: [8086:3446] type 00 class 0x088000
[    1.868924] pci 0000:fe:06.2: [8086:3447] type 00 class 0x088000
[    1.869019] pci 0000:fe:07.0: [8086:3445] type 00 class 0x088000
[    1.869152] pci 0000:fe:07.1: [8086:3446] type 00 class 0x088000
[    1.869284] pci 0000:fe:07.2: [8086:3447] type 00 class 0x088000
[    1.869412] pci 0000:fe:0b.0: [8086:3448] type 00 class 0x088000
[    1.869490] pci 0000:fe:0b.1: [8086:3448] type 00 class 0x088000
[    1.869564] pci 0000:fe:0b.2: [8086:344b] type 00 class 0x088000
[    1.869644] pci 0000:fe:0c.0: [8086:344a] type 00 class 0x110100
[    1.869747] pci 0000:fe:0d.0: [8086:344a] type 00 class 0x110100
[    1.869844] pci 0000:fe:0e.0: [8086:344a] type 00 class 0x110100
[    1.869997] pci 0000:fe:0f.0: [8086:344a] type 00 class 0x110100
[    1.870168] pci 0000:fe:1a.0: [8086:2880] type 00 class 0x110100
[    1.870267] pci 0000:fe:1b.0: [8086:2880] type 00 class 0x110100
[    1.870363] pci 0000:fe:1c.0: [8086:2880] type 00 class 0x110100
[    1.870522] pci 0000:fe:1d.0: [8086:2880] type 00 class 0x110100
[    1.870683] pci_bus 0000:fe: on NUMA node 1
[    1.870755] ACPI: PCI Root Bridge [UC17] (domain 0000 [bus ff])
[    1.870757] acpi PNP0A03:03: _OSC: OS supports [ExtendedConfig ASPM ClockPM Segments MSI HPX-Type3]
[    1.870835] acpi PNP0A03:03: PCIe AER handled by firmware
[    1.870927] acpi PNP0A03:03: _OSC: platform does not support [SHPCHotplug LTR]
[    1.871105] acpi PNP0A03:03: _OSC: OS now controls [PCIeHotplug PME PCIeCapability]
[    1.871105] acpi PNP0A03:03: FADT indicates ASPM is unsupported, using BIOS configuration
[    1.871248] PCI host bridge to bus 0000:ff
[    1.871249] pci_bus 0000:ff: root bus resource [bus ff]
[    1.871259] pci 0000:ff:00.0: [8086:344c] type 00 class 0x088000
[    1.871375] pci 0000:ff:00.1: [8086:344c] type 00 class 0x088000
[    1.871495] pci 0000:ff:00.2: [8086:344c] type 00 class 0x088000
[    1.871602] pci 0000:ff:00.3: [8086:344c] type 00 class 0x088000
[    1.871735] pci 0000:ff:00.4: [8086:344c] type 00 class 0x088000
[    1.871859] pci 0000:ff:00.5: [8086:344c] type 00 class 0x088000
[    1.871963] pci 0000:ff:00.6: [8086:344c] type 00 class 0x088000
[    1.872096] pci 0000:ff:00.7: [8086:344c] type 00 class 0x088000
[    1.872228] pci 0000:ff:01.0: [8086:344c] type 00 class 0x088000
[    1.872370] pci 0000:ff:01.1: [8086:344c] type 00 class 0x088000
[    1.872504] pci 0000:ff:01.2: [8086:344c] type 00 class 0x088000
[    1.872594] pci 0000:ff:01.3: [8086:344c] type 00 class 0x088000
[    1.872741] pci 0000:ff:01.4: [8086:344c] type 00 class 0x088000
[    1.872886] pci 0000:ff:01.5: [8086:344c] type 00 class 0x088000
[    1.873034] pci 0000:ff:01.6: [8086:344c] type 00 class 0x088000
[    1.873167] pci 0000:ff:01.7: [8086:344c] type 00 class 0x088000
[    1.873308] pci 0000:ff:02.0: [8086:344c] type 00 class 0x088000
[    1.873450] pci 0000:ff:02.1: [8086:344c] type 00 class 0x088000
[    1.873589] pci 0000:ff:02.2: [8086:344c] type 00 class 0x088000
[    1.873735] pci 0000:ff:02.3: [8086:344c] type 00 class 0x088000
[    1.873881] pci 0000:ff:02.4: [8086:344c] type 00 class 0x088000
[    1.874025] pci 0000:ff:02.5: [8086:344c] type 00 class 0x088000
[    1.874175] pci 0000:ff:02.6: [8086:344c] type 00 class 0x088000
[    1.874323] pci 0000:ff:02.7: [8086:344c] type 00 class 0x088000
[    1.874481] pci 0000:ff:03.0: [8086:344c] type 00 class 0x088000
[    1.874645] pci 0000:ff:03.1: [8086:344c] type 00 class 0x088000
[    1.874800] pci 0000:ff:03.2: [8086:344c] type 00 class 0x088000
[    1.874962] pci 0000:ff:03.3: [8086:344c] type 00 class 0x088000
[    1.875145] pci 0000:ff:0a.0: [8086:344d] type 00 class 0x088000
[    1.875259] pci 0000:ff:0a.1: [8086:344d] type 00 class 0x088000
[    1.875378] pci 0000:ff:0a.2: [8086:344d] type 00 class 0x088000
[    1.875486] pci 0000:ff:0a.3: [8086:344d] type 00 class 0x088000
[    1.875613] pci 0000:ff:0a.4: [8086:344d] type 00 class 0x088000
[    1.875737] pci 0000:ff:0a.5: [8086:344d] type 00 class 0x088000
[    1.875840] pci 0000:ff:0a.6: [8086:344d] type 00 class 0x088000
[    1.875974] pci 0000:ff:0a.7: [8086:344d] type 00 class 0x088000
[    1.876110] pci 0000:ff:0b.0: [8086:344d] type 00 class 0x088000
[    1.876252] pci 0000:ff:0b.1: [8086:344d] type 00 class 0x088000
[    1.876386] pci 0000:ff:0b.2: [8086:344d] type 00 class 0x088000
[    1.876476] pci 0000:ff:0b.3: [8086:344d] type 00 class 0x088000
[    1.876620] pci 0000:ff:0b.4: [8086:344d] type 00 class 0x088000
[    1.876764] pci 0000:ff:0b.5: [8086:344d] type 00 class 0x088000
[    1.876911] pci 0000:ff:0b.6: [8086:344d] type 00 class 0x088000
[    1.877044] pci 0000:ff:0b.7: [8086:344d] type 00 class 0x088000
[    1.877188] pci 0000:ff:0c.0: [8086:344d] type 00 class 0x088000
[    1.877330] pci 0000:ff:0c.1: [8086:344d] type 00 class 0x088000
[    1.877471] pci 0000:ff:0c.2: [8086:344d] type 00 class 0x088000
[    1.877616] pci 0000:ff:0c.3: [8086:344d] type 00 class 0x088000
[    1.877758] pci 0000:ff:0c.4: [8086:344d] type 00 class 0x088000
[    1.877903] pci 0000:ff:0c.5: [8086:344d] type 00 class 0x088000
[    1.878054] pci 0000:ff:0c.6: [8086:344d] type 00 class 0x088000
[    1.878202] pci 0000:ff:0c.7: [8086:344d] type 00 class 0x088000
[    1.878364] pci 0000:ff:0d.0: [8086:344d] type 00 class 0x088000
[    1.878525] pci 0000:ff:0d.1: [8086:344d] type 00 class 0x088000
[    1.878678] pci 0000:ff:0d.2: [8086:344d] type 00 class 0x088000
[    1.878843] pci 0000:ff:0d.3: [8086:344d] type 00 class 0x088000
[    1.879026] pci 0000:ff:1d.0: [8086:344f] type 00 class 0x088000
[    1.879147] pci 0000:ff:1d.1: [8086:3457] type 00 class 0x088000
[    1.879268] pci 0000:ff:1e.0: [8086:3458] type 00 class 0x088000
[    1.879349] pci 0000:ff:1e.1: [8086:3459] type 00 class 0x088000
[    1.879430] pci 0000:ff:1e.2: [8086:345a] type 00 class 0x088000
[    1.879508] pci 0000:ff:1e.3: [8086:345b] type 00 class 0x088000
[    1.879584] pci 0000:ff:1e.4: [8086:345c] type 00 class 0x088000
[    1.879661] pci 0000:ff:1e.5: [8086:345d] type 00 class 0x088000
[    1.879739] pci 0000:ff:1e.6: [8086:345e] type 00 class 0x088000
[    1.879814] pci 0000:ff:1e.7: [8086:345f] type 00 class 0x088000
[    1.879892] pci_bus 0000:ff: on NUMA node 1
[    1.883694] HMAT: Memory (0x0 length 0x80000000) Flags:0003 Processor Domain:0 Memory Domain:0
[    1.883694] HMAT: Memory (0x100000000 length 0xf80000000) Flags:0003 Processor Domain:0 Memory Domain:0
[    1.883694] HMAT: Memory (0x2080000000 length 0x7e00000000) Flags:0003 Processor Domain:0 Memory Domain:2
[    1.883694] HMAT: Memory (0x1080000000 length 0x1000000000) Flags:0003 Processor Domain:1 Memory Domain:1
[    1.883694] HMAT: Memory (0x9e80000000 length 0x7e00000000) Flags:0003 Processor Domain:1 Memory Domain:3
[    1.883694] HMAT: Locality: Flags:00 Type:Read Latency Initiator Domains:2 Target Domains:4 Base:100
[    1.883694]   Initiator-Target[0-0]:7600 nsec
[    1.883694]   Initiator-Target[0-1]:13560 nsec
[    1.883694]   Initiator-Target[0-2]:25350 nsec
[    1.883694]   Initiator-Target[0-3]:31600 nsec
[    1.883694]   Initiator-Target[1-0]:13560 nsec
[    1.883694]   Initiator-Target[1-1]:7600 nsec
[    1.883694]   Initiator-Target[1-2]:31600 nsec
[    1.883694]   Initiator-Target[1-3]:25350 nsec
[    1.883694] HMAT: Locality: Flags:00 Type:Write Latency Initiator Domains:2 Target Domains:4 Base:100
[    1.883694]   Initiator-Target[0-0]:7600 nsec
[    1.883694]   Initiator-Target[0-1]:13560 nsec
[    1.883694]   Initiator-Target[0-2]:25350 nsec
[    1.883694]   Initiator-Target[0-3]:31600 nsec
[    1.883694]   Initiator-Target[1-0]:13560 nsec
[    1.883694]   Initiator-Target[1-1]:7600 nsec
[    1.883694]   Initiator-Target[1-2]:31600 nsec
[    1.883694]   Initiator-Target[1-3]:25350 nsec
[    1.883694] HMAT: Locality: Flags:00 Type:Read Bandwidth Initiator Domains:2 Target Domains:4 Base:1
[    1.883694]   Initiator-Target[0-0]:1790 MB/s
[    1.883694]   Initiator-Target[0-1]:1790 MB/s
[    1.883694]   Initiator-Target[0-2]:463 MB/s
[    1.883694]   Initiator-Target[0-3]:463 MB/s
[    1.883694]   Initiator-Target[1-0]:1790 MB/s
[    1.883694]   Initiator-Target[1-1]:1790 MB/s
[    1.883694]   Initiator-Target[1-2]:463 MB/s
[    1.883694]   Initiator-Target[1-3]:463 MB/s
[    1.883694] HMAT: Locality: Flags:00 Type:Write Bandwidth Initiator Domains:2 Target Domains:4 Base:1
[    1.883694]   Initiator-Target[0-0]:1910 MB/s
[    1.883694]   Initiator-Target[0-1]:1910 MB/s
[    1.883694]   Initiator-Target[0-2]:138 MB/s
[    1.883694]   Initiator-Target[0-3]:138 MB/s
[    1.883694]   Initiator-Target[1-0]:1910 MB/s
[    1.883694]   Initiator-Target[1-1]:1910 MB/s
[    1.883694]   Initiator-Target[1-2]:138 MB/s
[    1.883694]   Initiator-Target[1-3]:138 MB/s
[    1.883694] WARNING: CPU: 62 PID: 1 at drivers/base/node.c:191 node_set_perf_attrs+0x90/0xb0
[    1.883694] Modules linked in:
[    1.883694] CPU: 62 PID: 1 Comm: swapper/0 Not tainted 5.3.1-multiclock #1
[    1.883694] Hardware name: Dell Inc. PowerEdge R750/0K8F35, BIOS 1.10.2 03/03/2023
[    1.883694] RIP: 0010:node_set_perf_attrs+0x90/0xb0
[    1.883694] Code: f4 02 00 00 4c 89 ea 4c 89 e7 e8 bb bf c7 ff 85 c0 75 24 48 83 c3 08 48 8b 33 48 85 f6 75 e5 5b 41 5a 41 5c 41 5d 41 5e 5d c3 <0f> 0b 5b 41 5a 41 5c 41 5d 41 5e 5d c3 44 89 f6 48 c7 c7 70 5b 5a
[    1.883694] RSP: 0000:ffffb06e40117d80 EFLAGS: 00010246
[    1.883694] RAX: 0000000000000002 RBX: 0000000000000003 RCX: 0000000000000000
[    1.883694] RDX: 0000000000000000 RSI: ffff99be88363a98 RDI: 0000000000000002
[    1.883694] RBP: ffffb06e40117da8 R08: ffff99be87d38f80 R09: 0000000000000000
[    1.883694] R10: ffff99be8fe07df0 R11: ffff99be90074070 R12: ffff99be88363a80
[    1.883694] R13: ffffffff99cdb310 R14: 0000000000000005 R15: ffffffff99a95806
[    1.883694] FS:  0000000000000000(0000) GS:ffff99be90bc0000(0000) knlGS:0000000000000000
[    1.883694] CS:  0010 DS: 0000 ES: 0000 CR0: 0000000080050033
[    1.883694] CR2: 0000000000000000 CR3: 00000009c900a001 CR4: 0000000000760ee0
[    1.883694] DR0: 0000000000000000 DR1: 0000000000000000 DR2: 0000000000000000
[    1.883694] DR3: 0000000000000000 DR6: 00000000fffe0ff0 DR7: 0000000000000400
[    1.883694] PKRU: 55555554
[    1.883694] Call Trace:
[    1.883694]  hmat_init+0x32a/0x43c
[    1.883694]  ? hmat_parse_subtable+0x503/0x503
[    1.883694]  ? set_debug_rodata+0x17/0x17
[    1.883694]  do_one_initcall+0x4a/0x1fa
[    1.883694]  kernel_init_freeable+0x1c6/0x26d
[    1.883694]  ? rest_init+0xb0/0xb0
[    1.883694]  kernel_init+0xe/0x110
[    1.883694]  ret_from_fork+0x1f/0x40
[    1.883694] ---[ end trace 4342dba0530824ac ]---
[    1.883711] pci 0000:03:00.0: vgaarb: setting as boot VGA device
[    1.883711] pci 0000:03:00.0: vgaarb: VGA device added: decodes=io+mem,owns=io+mem,locks=none
[    1.883760] pci 0000:03:00.0: vgaarb: bridge control possible
[    1.883761] vgaarb: loaded
[    1.883941] SCSI subsystem initialized
[    1.884085] libata version 3.00 loaded.
[    1.884085] ACPI: bus type USB registered
[    1.884085] usbcore: registered new interface driver usbfs
[    1.884085] usbcore: registered new interface driver hub
[    1.884085] usbcore: registered new device driver usb
[    1.884085] pps_core: LinuxPPS API ver. 1 registered
[    1.884085] pps_core: Software ver. 5.3.6 - Copyright 2005-2007 Rodolfo Giometti <giometti@linux.it>
[    1.884085] PTP clock support registered
[    1.884207] EDAC MC: Ver: 3.0.0
[    1.884436] Registered efivars operations
[    1.884436] PCI: Using ACPI for IRQ routing
[    1.887168] PCI: pci_cache_line_size set to 64 bytes
[    1.887808] e820: reserve RAM buffer [mem 0x0008f000-0x0008ffff]
[    1.887809] e820: reserve RAM buffer [mem 0x47bad020-0x47ffffff]
[    1.887810] e820: reserve RAM buffer [mem 0x47bdf020-0x47ffffff]
[    1.887811] e820: reserve RAM buffer [mem 0x47c12020-0x47ffffff]
[    1.887811] e820: reserve RAM buffer [mem 0x47c45020-0x47ffffff]
[    1.887812] e820: reserve RAM buffer [mem 0x49e77000-0x4bffffff]
[    1.887813] e820: reserve RAM buffer [mem 0x4b2cf000-0x4bffffff]
[    1.887813] e820: reserve RAM buffer [mem 0x4bd94000-0x4bffffff]
[    1.887814] e820: reserve RAM buffer [mem 0x4ce00000-0x4fffffff]
[    1.887815] e820: reserve RAM buffer [mem 0x5eefe000-0x5fffffff]
[    1.887815] e820: reserve RAM buffer [mem 0x6f800000-0x6fffffff]
[    1.888096] NetLabel: Initializing
[    1.888097] NetLabel:  domain hash size = 128
[    1.888097] NetLabel:  protocols = UNLABELED CIPSOv4 CALIPSO
[    1.888113] NetLabel:  unlabeled traffic allowed by default
[    1.893022] hpet0: at MMIO 0xfed00000, IRQs 2, 8, 0, 0, 0, 0, 0, 0
[    1.893024] hpet0: 8 comparators, 64-bit 24.000000 MHz counter
[    1.895200] clocksource: Switched to clocksource tsc-early
[    1.902686] VFS: Disk quotas dquot_6.6.0
[    1.902728] VFS: Dquot-cache hash table entries: 512 (order 0, 4096 bytes)
[    1.903012] *** VALIDATE hugetlbfs ***
[    1.903138] AppArmor: AppArmor Filesystem Enabled
[    1.903156] pnp: PnP ACPI init
[    1.918684] pnp 00:00: Plug and Play ACPI device, IDs PNP0b00 (active)
[    1.918840] system 00:01: [io  0x0500-0x05fe] has been reserved
[    1.918841] system 00:01: [io  0x0400-0x041f] has been reserved
[    1.918842] system 00:01: [io  0x0600-0x061f] has been reserved
[    1.918843] system 00:01: [io  0x0ca0-0x0ca1] has been reserved
[    1.918844] system 00:01: [io  0x0ca4-0x0ca6] has been reserved
[    1.918846] system 00:01: [mem 0xff000000-0xffffffff] has been reserved
[    1.918849] system 00:01: Plug and Play ACPI device, IDs PNP0c02 (active)
[    1.919095] pnp 00:02: Plug and Play ACPI device, IDs PNP0501 (active)
[    1.919301] pnp 00:03: Plug and Play ACPI device, IDs PNP0501 (active)
[    1.919453] system 00:04: [mem 0xfd000000-0xfdabffff] has been reserved
[    1.919454] system 00:04: [mem 0xfdad0000-0xfdadffff] has been reserved
[    1.919455] system 00:04: [mem 0xfdb00000-0xfdffffff] has been reserved
[    1.919457] system 00:04: [mem 0xfe000000-0xfe00ffff] has been reserved
[    1.919458] system 00:04: [mem 0xfe011000-0xfe01ffff] has been reserved
[    1.919459] system 00:04: [mem 0xfe036000-0xfe03bfff] has been reserved
[    1.919460] system 00:04: [mem 0xfe03d000-0xfe3fffff] has been reserved
[    1.919461] system 00:04: [mem 0xfe410000-0xfe7fffff] has been reserved
[    1.919463] system 00:04: Plug and Play ACPI device, IDs PNP0c02 (active)
[    1.919792] system 00:05: [io  0x1000-0x10fe] has been reserved
[    1.919794] system 00:05: Plug and Play ACPI device, IDs PNP0c02 (active)
[    1.920799] pnp: PnP ACPI: found 6 devices
[    1.921870] thermal_sys: Registered thermal governor 'fair_share'
[    1.921871] thermal_sys: Registered thermal governor 'bang_bang'
[    1.921871] thermal_sys: Registered thermal governor 'step_wise'
[    1.921872] thermal_sys: Registered thermal governor 'user_space'
[    1.921872] thermal_sys: Registered thermal governor 'power_allocator'
[    1.926364] clocksource: acpi_pm: mask: 0xffffff max_cycles: 0xffffff, max_idle_ns: 2085701024 ns
[    1.926386] pci 0000:04:00.0: can't claim BAR 6 [mem 0xfffc0000-0xffffffff pref]: no compatible bridge window
[    1.926387] pci 0000:04:00.1: can't claim BAR 6 [mem 0xfffc0000-0xffffffff pref]: no compatible bridge window
[    1.926389] pci 0000:17:00.0: can't claim BAR 6 [mem 0xfff00000-0xffffffff pref]: no compatible bridge window
[    1.926404] pci 0000:00:1c.5: BAR 14: assigned [mem 0x90000000-0x900fffff]
[    1.926406] pci 0000:00:1c.0: PCI bridge to [bus 01]
[    1.926415] pci 0000:02:00.0: PCI bridge to [bus 03]
[    1.926419] pci 0000:02:00.0:   bridge window [mem 0x92000000-0x928fffff]
[    1.926423] pci 0000:02:00.0:   bridge window [mem 0x91000000-0x91ffffff 64bit pref]
[    1.926428] pci 0000:00:1c.4: PCI bridge to [bus 02-03]
[    1.926431] pci 0000:00:1c.4:   bridge window [mem 0x92000000-0x928fffff]
[    1.926434] pci 0000:00:1c.4:   bridge window [mem 0x91000000-0x91ffffff 64bit pref]
[    1.926438] pci 0000:04:00.0: BAR 6: assigned [mem 0x90000000-0x9003ffff pref]
[    1.926440] pci 0000:04:00.1: BAR 6: assigned [mem 0x90040000-0x9007ffff pref]
[    1.926441] pci 0000:00:1c.5: PCI bridge to [bus 04]
[    1.926444] pci 0000:00:1c.5:   bridge window [mem 0x90000000-0x900fffff]
[    1.926446] pci 0000:00:1c.5:   bridge window [mem 0x92900000-0x929fffff 64bit pref]
[    1.926450] pci_bus 0000:00: resource 4 [io  0x0000-0x0cf7 window]
[    1.926451] pci_bus 0000:00: resource 5 [io  0x1000-0x4fff window]
[    1.926452] pci_bus 0000:00: resource 6 [mem 0x000a0000-0x000bffff window]
[    1.926452] pci_bus 0000:00: resource 7 [mem 0x000c8000-0x000cffff window]
