[    0.000000] Linux version 5.3.1-multiclock (xmu@xmu-PowerEdge-R750) (gcc version 7.5.0 (Ubuntu 7.5.0-3ubuntu1~18.04)) #1 SMP Wed Aug 9 20:46:02 CST 2023
[    0.000000] Command line: BOOT_IMAGE=/boot/vmlinuz-5.3.1-multiclock root=UUID=ce0c24b8-724b-4f33-9b2c-618433560aef ro memmap=20474M!4096M memmap=59G!64G quiet splash nomodeset vt.handoff=1
[    0.000000] KERNEL supported cpus:
[    0.000000]   Intel GenuineIntel
[    0.000000]   AMD AuthenticAMD
[    0.000000]   Hygon HygonGenuine
[    0.000000]   Centaur CentaurHauls
[    0.000000]   zhaoxin   Shanghai  
[    0.000000] x86/fpu: Supporting XSAVE feature 0x001: 'x87 floating point registers'
[    0.000000] x86/fpu: Supporting XSAVE feature 0x002: 'SSE registers'
[    0.000000] x86/fpu: Supporting XSAVE feature 0x004: 'AVX registers'
[    0.000000] x86/fpu: Supporting XSAVE feature 0x020: 'AVX-512 opmask'
[    0.000000] x86/fpu: Supporting XSAVE feature 0x040: 'AVX-512 Hi256'
[    0.000000] x86/fpu: Supporting XSAVE feature 0x080: 'AVX-512 ZMM_Hi256'
[    0.000000] x86/fpu: Supporting XSAVE feature 0x200: 'Protection Keys User registers'
[    0.000000] x86/fpu: xstate_offset[2]:  576, xstate_sizes[2]:  256
[    0.000000] x86/fpu: xstate_offset[5]:  832, xstate_sizes[5]:   64
[    0.000000] x86/fpu: xstate_offset[6]:  896, xstate_sizes[6]:  512
[    0.000000] x86/fpu: xstate_offset[7]: 1408, xstate_sizes[7]: 1024
[    0.000000] x86/fpu: xstate_offset[9]: 2432, xstate_sizes[9]:    8
[    0.000000] x86/fpu: Enabled xstate features 0x2e7, context size is 2440 bytes, using 'compacted' format.
[    0.000000] BIOS-provided physical RAM map:
[    0.000000] BIOS-e820: [mem 0x0000000000000000-0x000000000008efff] usable
[    0.000000] BIOS-e820: [mem 0x000000000008f000-0x000000000008ffff] reserved
[    0.000000] BIOS-e820: [mem 0x0000000000090000-0x000000000009ffff] usable
[    0.000000] BIOS-e820: [mem 0x00000000000a0000-0x00000000000fffff] reserved
[    0.000000] BIOS-e820: [mem 0x0000000000100000-0x0000000049e76fff] usable
[    0.000000] BIOS-e820: [mem 0x0000000049e77000-0x000000004ae76fff] ACPI NVS
[    0.000000] BIOS-e820: [mem 0x000000004ae77000-0x000000004b2cefff] usable
[    0.000000] BIOS-e820: [mem 0x000000004b2cf000-0x000000004b54dfff] ACPI data
[    0.000000] BIOS-e820: [mem 0x000000004b54e000-0x000000004bd93fff] usable
[    0.000000] BIOS-e820: [mem 0x000000004bd94000-0x000000004be99fff] reserved
[    0.000000] BIOS-e820: [mem 0x000000004be9a000-0x000000004cdfffff] usable
[    0.000000] BIOS-e820: [mem 0x000000004ce00000-0x000000004cffffff] reserved
[    0.000000] BIOS-e820: [mem 0x000000004d000000-0x000000005eefdfff] usable
[    0.000000] BIOS-e820: [mem 0x000000005eefe000-0x000000006e3fefff] reserved
[    0.000000] BIOS-e820: [mem 0x000000006e3ff000-0x000000006f3fefff] ACPI NVS
[    0.000000] BIOS-e820: [mem 0x000000006f3ff000-0x000000006f7fefff] ACPI data
[    0.000000] BIOS-e820: [mem 0x000000006f7ff000-0x000000006f7fffff] usable
[    0.000000] BIOS-e820: [mem 0x000000006f800000-0x000000008fffffff] reserved
[    0.000000] BIOS-e820: [mem 0x00000000fe000000-0x00000000fe010fff] reserved
[    0.000000] BIOS-e820: [mem 0x0000000100000000-0x000000207fffffff] usable
[    0.000000] BIOS-e820: [mem 0x0000002080000000-0x0000011c7fffffff] persistent (type 7)
[    0.000000] BIOS-e820: [mem 0x00001ffc00000000-0x00001fffffffffff] reserved
[    0.000000] NX (Execute Disable) protection: active
[    0.000000] e820: update [mem 0x47c75020-0x47c7d05f] usable ==> usable
[    0.000000] e820: update [mem 0x47c75020-0x47c7d05f] usable ==> usable
[    0.000000] e820: update [mem 0x47c42020-0x47c74c5f] usable ==> usable
[    0.000000] e820: update [mem 0x47c42020-0x47c74c5f] usable ==> usable
[    0.000000] e820: update [mem 0x47c0f020-0x47c41c5f] usable ==> usable
[    0.000000] e820: update [mem 0x47c0f020-0x47c41c5f] usable ==> usable
[    0.000000] e820: update [mem 0x47bdd020-0x47c0ea5f] usable ==> usable
[    0.000000] e820: update [mem 0x47bdd020-0x47c0ea5f] usable ==> usable
[    0.000000] extended physical RAM map:
[    0.000000] reserve setup_data: [mem 0x0000000000000000-0x000000000008efff] usable
[    0.000000] reserve setup_data: [mem 0x000000000008f000-0x000000000008ffff] reserved
[    0.000000] reserve setup_data: [mem 0x0000000000090000-0x000000000009ffff] usable
[    0.000000] reserve setup_data: [mem 0x00000000000a0000-0x00000000000fffff] reserved
[    0.000000] reserve setup_data: [mem 0x0000000000100000-0x0000000047bdd01f] usable
[    0.000000] reserve setup_data: [mem 0x0000000047bdd020-0x0000000047c0ea5f] usable
[    0.000000] reserve setup_data: [mem 0x0000000047c0ea60-0x0000000047c0f01f] usable
[    0.000000] reserve setup_data: [mem 0x0000000047c0f020-0x0000000047c41c5f] usable
[    0.000000] reserve setup_data: [mem 0x0000000047c41c60-0x0000000047c4201f] usable
[    0.000000] reserve setup_data: [mem 0x0000000047c42020-0x0000000047c74c5f] usable
[    0.000000] reserve setup_data: [mem 0x0000000047c74c60-0x0000000047c7501f] usable
[    0.000000] reserve setup_data: [mem 0x0000000047c75020-0x0000000047c7d05f] usable
[    0.000000] reserve setup_data: [mem 0x0000000047c7d060-0x0000000049e76fff] usable
[    0.000000] reserve setup_data: [mem 0x0000000049e77000-0x000000004ae76fff] ACPI NVS
[    0.000000] reserve setup_data: [mem 0x000000004ae77000-0x000000004b2cefff] usable
[    0.000000] reserve setup_data: [mem 0x000000004b2cf000-0x000000004b54dfff] ACPI data
[    0.000000] reserve setup_data: [mem 0x000000004b54e000-0x000000004bd93fff] usable
[    0.000000] reserve setup_data: [mem 0x000000004bd94000-0x000000004be99fff] reserved
[    0.000000] reserve setup_data: [mem 0x000000004be9a000-0x000000004cdfffff] usable
[    0.000000] reserve setup_data: [mem 0x000000004ce00000-0x000000004cffffff] reserved
[    0.000000] reserve setup_data: [mem 0x000000004d000000-0x000000005eefdfff] usable
[    0.000000] reserve setup_data: [mem 0x000000005eefe000-0x000000006e3fefff] reserved
[    0.000000] reserve setup_data: [mem 0x000000006e3ff000-0x000000006f3fefff] ACPI NVS
[    0.000000] reserve setup_data: [mem 0x000000006f3ff000-0x000000006f7fefff] ACPI data
[    0.000000] reserve setup_data: [mem 0x000000006f7ff000-0x000000006f7fffff] usable
[    0.000000] reserve setup_data: [mem 0x000000006f800000-0x000000008fffffff] reserved
[    0.000000] reserve setup_data: [mem 0x00000000fe000000-0x00000000fe010fff] reserved
[    0.000000] reserve setup_data: [mem 0x0000000100000000-0x00000005ff9fffff] persistent (type 12)
[    0.000000] reserve setup_data: [mem 0x00000005ffa00000-0x0000000fffffffff] usable
[    0.000000] reserve setup_data: [mem 0x0000001000000000-0x0000001ebfffffff] persistent (type 12)
[    0.000000] reserve setup_data: [mem 0x0000001ec0000000-0x000000207fffffff] usable
[    0.000000] reserve setup_data: [mem 0x0000002080000000-0x0000011c7fffffff] persistent (type 7)
[    0.000000] reserve setup_data: [mem 0x00001ffc00000000-0x00001fffffffffff] reserved
[    0.000000] user-defined physical RAM map:
[    0.000000] user: [mem 0x0000000000000000-0x000000000008efff] usable
[    0.000000] user: [mem 0x000000000008f000-0x000000000008ffff] reserved
[    0.000000] user: [mem 0x0000000000090000-0x000000000009ffff] usable
[    0.000000] user: [mem 0x00000000000a0000-0x00000000000fffff] reserved
[    0.000000] user: [mem 0x0000000000100000-0x0000000047bdd01f] usable
[    0.000000] user: [mem 0x0000000047bdd020-0x0000000047c0ea5f] usable
[    0.000000] user: [mem 0x0000000047c0ea60-0x0000000047c0f01f] usable
[    0.000000] user: [mem 0x0000000047c0f020-0x0000000047c41c5f] usable
[    0.000000] user: [mem 0x0000000047c41c60-0x0000000047c4201f] usable
[    0.000000] user: [mem 0x0000000047c42020-0x0000000047c74c5f] usable
[    0.000000] user: [mem 0x0000000047c74c60-0x0000000047c7501f] usable
[    0.000000] user: [mem 0x0000000047c75020-0x0000000047c7d05f] usable
[    0.000000] user: [mem 0x0000000047c7d060-0x0000000049e76fff] usable
[    0.000000] user: [mem 0x0000000049e77000-0x000000004ae76fff] ACPI NVS
[    0.000000] user: [mem 0x000000004ae77000-0x000000004b2cefff] usable
[    0.000000] user: [mem 0x000000004b2cf000-0x000000004b54dfff] ACPI data
[    0.000000] user: [mem 0x000000004b54e000-0x000000004bd93fff] usable
[    0.000000] user: [mem 0x000000004bd94000-0x000000004be99fff] reserved
[    0.000000] user: [mem 0x000000004be9a000-0x000000004cdfffff] usable
[    0.000000] user: [mem 0x000000004ce00000-0x000000004cffffff] reserved
[    0.000000] user: [mem 0x000000004d000000-0x000000005eefdfff] usable
[    0.000000] user: [mem 0x000000005eefe000-0x000000006e3fefff] reserved
[    0.000000] user: [mem 0x000000006e3ff000-0x000000006f3fefff] ACPI NVS
[    0.000000] user: [mem 0x000000006f3ff000-0x000000006f7fefff] ACPI data
[    0.000000] user: [mem 0x000000006f7ff000-0x000000006f7fffff] usable
[    0.000000] user: [mem 0x000000006f800000-0x000000008fffffff] reserved
[    0.000000] user: [mem 0x00000000fe000000-0x00000000fe010fff] reserved
[    0.000000] user: [mem 0x0000000100000000-0x00000005ff9fffff] persistent (type 12)
[    0.000000] user: [mem 0x00000005ffa00000-0x0000000fffffffff] usable
[    0.000000] user: [mem 0x0000001000000000-0x0000001ebfffffff] persistent (type 12)
[    0.000000] user: [mem 0x0000001ec0000000-0x000000207fffffff] usable
[    0.000000] user: [mem 0x0000002080000000-0x0000011c7fffffff] persistent (type 7)
[    0.000000] user: [mem 0x00001ffc00000000-0x00001fffffffffff] reserved
[    0.000000] efi: EFI v2.70 by Dell Inc.
[    0.000000] efi:  ACPI=0x6f7fe000  ACPI 2.0=0x6f7fe014  MEMATTR=0x5a1f8020  SMBIOS=0x69526000  SMBIOS 3.0=0x69524000 
[    0.000000] SMBIOS 3.3.0 present.
[    0.000000] DMI: Dell Inc. PowerEdge R750/0K8F35, BIOS 1.10.2 03/03/2023
[    0.000000] tsc: Detected 2000.000 MHz processor
[    0.000009] e820: update [mem 0x00000000-0x00000fff] usable ==> reserved
[    0.000010] e820: remove [mem 0x000a0000-0x000fffff] usable
[    0.000018] last_pfn = 0x2080000 max_arch_pfn = 0x400000000
[    0.000021] MTRR default type: uncachable
[    0.000022] MTRR fixed ranges enabled:
[    0.000023]   00000-9FFFF write-back
[    0.000023]   A0000-BFFFF uncachable
[    0.000024]   C0000-FFFFF write-protect
[    0.000024] MTRR variable ranges enabled:
[    0.000026]   0 base 000000000000 mask 3E0000000000 write-back
[    0.000027]   1 base 000080000000 mask 3FFF80000000 uncachable
[    0.000027]   2 base 00007F000000 mask 3FFFFF000000 uncachable
[    0.000028]   3 disabled
[    0.000028]   4 disabled
[    0.000028]   5 disabled
[    0.000029]   6 disabled
[    0.000029]   7 disabled
[    0.000030]   8 disabled
[    0.000030]   9 disabled
[    0.000786] x86/PAT: Configuration [0-7]: WB  WC  UC- UC  WB  WP  UC- WT  
[    0.001837] total RAM covered: 2095088M
[    0.001922]  gran_size: 64K 	chunk_size: 64K 	num_reg: 10  	lose cover RAM: 2016G
[    0.001923]  gran_size: 64K 	chunk_size: 128K 	num_reg: 10  	lose cover RAM: 2016G
[    0.001924]  gran_size: 64K 	chunk_size: 256K 	num_reg: 10  	lose cover RAM: 2016G
[    0.001925]  gran_size: 64K 	chunk_size: 512K 	num_reg: 10  	lose cover RAM: 2016G
[    0.001926]  gran_size: 64K 	chunk_size: 1M 	num_reg: 10  	lose cover RAM: 2016G
[    0.001926]  gran_size: 64K 	chunk_size: 2M 	num_reg: 10  	lose cover RAM: 2016G
[    0.001927]  gran_size: 64K 	chunk_size: 4M 	num_reg: 10  	lose cover RAM: 2016G
[    0.001928]  gran_size: 64K 	chunk_size: 8M 	num_reg: 10  	lose cover RAM: 2016G
[    0.001928]  gran_size: 64K 	chunk_size: 16M 	num_reg: 10  	lose cover RAM: 2016G
[    0.001929]  gran_size: 64K 	chunk_size: 32M 	num_reg: 10  	lose cover RAM: 1024G
[    0.001930]  gran_size: 64K 	chunk_size: 64M 	num_reg: 10  	lose cover RAM: 1024G
[    0.001930]  gran_size: 64K 	chunk_size: 128M 	num_reg: 10  	lose cover RAM: 1024G
[    0.001931]  gran_size: 64K 	chunk_size: 256M 	num_reg: 10  	lose cover RAM: 1024G
[    0.001932]  gran_size: 64K 	chunk_size: 512M 	num_reg: 10  	lose cover RAM: 1024G
[    0.001932]  gran_size: 64K 	chunk_size: 1G 	num_reg: 10  	lose cover RAM: 1024G
[    0.001933]  gran_size: 64K 	chunk_size: 2G 	num_reg: 10  	lose cover RAM: 1024G
[    0.001934]  gran_size: 128K 	chunk_size: 128K 	num_reg: 10  	lose cover RAM: 2016G
[    0.001934]  gran_size: 128K 	chunk_size: 256K 	num_reg: 10  	lose cover RAM: 2016G
[    0.001935]  gran_size: 128K 	chunk_size: 512K 	num_reg: 10  	lose cover RAM: 2016G
[    0.001936]  gran_size: 128K 	chunk_size: 1M 	num_reg: 10  	lose cover RAM: 2016G
[    0.001936]  gran_size: 128K 	chunk_size: 2M 	num_reg: 10  	lose cover RAM: 2016G
[    0.001937]  gran_size: 128K 	chunk_size: 4M 	num_reg: 10  	lose cover RAM: 2016G
[    0.001938]  gran_size: 128K 	chunk_size: 8M 	num_reg: 10  	lose cover RAM: 2016G
[    0.001938]  gran_size: 128K 	chunk_size: 16M 	num_reg: 10  	lose cover RAM: 2016G
[    0.001939]  gran_size: 128K 	chunk_size: 32M 	num_reg: 10  	lose cover RAM: 1024G
[    0.001940]  gran_size: 128K 	chunk_size: 64M 	num_reg: 10  	lose cover RAM: 1024G
[    0.001941]  gran_size: 128K 	chunk_size: 128M 	num_reg: 10  	lose cover RAM: 1024G
[    0.001941]  gran_size: 128K 	chunk_size: 256M 	num_reg: 10  	lose cover RAM: 1024G
[    0.001942]  gran_size: 128K 	chunk_size: 512M 	num_reg: 10  	lose cover RAM: 1024G
[    0.001943]  gran_size: 128K 	chunk_size: 1G 	num_reg: 10  	lose cover RAM: 1024G
[    0.001943]  gran_size: 128K 	chunk_size: 2G 	num_reg: 10  	lose cover RAM: 1024G
[    0.001944]  gran_size: 256K 	chunk_size: 256K 	num_reg: 10  	lose cover RAM: 2016G
[    0.001945]  gran_size: 256K 	chunk_size: 512K 	num_reg: 10  	lose cover RAM: 2016G
[    0.001945]  gran_size: 256K 	chunk_size: 1M 	num_reg: 10  	lose cover RAM: 2016G
[    0.001946]  gran_size: 256K 	chunk_size: 2M 	num_reg: 10  	lose cover RAM: 2016G
[    0.001947]  gran_size: 256K 	chunk_size: 4M 	num_reg: 10  	lose cover RAM: 2016G
[    0.001947]  gran_size: 256K 	chunk_size: 8M 	num_reg: 10  	lose cover RAM: 2016G
[    0.001948]  gran_size: 256K 	chunk_size: 16M 	num_reg: 10  	lose cover RAM: 2016G
[    0.001949]  gran_size: 256K 	chunk_size: 32M 	num_reg: 10  	lose cover RAM: 1024G
[    0.001949]  gran_size: 256K 	chunk_size: 64M 	num_reg: 10  	lose cover RAM: 1024G
[    0.001950]  gran_size: 256K 	chunk_size: 128M 	num_reg: 10  	lose cover RAM: 1024G
[    0.001951]  gran_size: 256K 	chunk_size: 256M 	num_reg: 10  	lose cover RAM: 1024G
[    0.001951]  gran_size: 256K 	chunk_size: 512M 	num_reg: 10  	lose cover RAM: 1024G
[    0.001952]  gran_size: 256K 	chunk_size: 1G 	num_reg: 10  	lose cover RAM: 1024G
[    0.001953]  gran_size: 256K 	chunk_size: 2G 	num_reg: 10  	lose cover RAM: 1024G
[    0.001953]  gran_size: 512K 	chunk_size: 512K 	num_reg: 10  	lose cover RAM: 2016G
[    0.001954]  gran_size: 512K 	chunk_size: 1M 	num_reg: 10  	lose cover RAM: 2016G
[    0.001955]  gran_size: 512K 	chunk_size: 2M 	num_reg: 10  	lose cover RAM: 2016G
[    0.001955]  gran_size: 512K 	chunk_size: 4M 	num_reg: 10  	lose cover RAM: 2016G
[    0.001956]  gran_size: 512K 	chunk_size: 8M 	num_reg: 10  	lose cover RAM: 2016G
[    0.001957]  gran_size: 512K 	chunk_size: 16M 	num_reg: 10  	lose cover RAM: 2016G
[    0.001957]  gran_size: 512K 	chunk_size: 32M 	num_reg: 10  	lose cover RAM: 1024G
[    0.001958]  gran_size: 512K 	chunk_size: 64M 	num_reg: 10  	lose cover RAM: 1024G
[    0.001959]  gran_size: 512K 	chunk_size: 128M 	num_reg: 10  	lose cover RAM: 1024G
[    0.001959]  gran_size: 512K 	chunk_size: 256M 	num_reg: 10  	lose cover RAM: 1024G
[    0.001960]  gran_size: 512K 	chunk_size: 512M 	num_reg: 10  	lose cover RAM: 1024G
[    0.001961]  gran_size: 512K 	chunk_size: 1G 	num_reg: 10  	lose cover RAM: 1024G
[    0.001961]  gran_size: 512K 	chunk_size: 2G 	num_reg: 10  	lose cover RAM: 1024G
[    0.001962]  gran_size: 1M 	chunk_size: 1M 	num_reg: 10  	lose cover RAM: 2016G
[    0.001963]  gran_size: 1M 	chunk_size: 2M 	num_reg: 10  	lose cover RAM: 2016G
[    0.001963]  gran_size: 1M 	chunk_size: 4M 	num_reg: 10  	lose cover RAM: 2016G
[    0.001964]  gran_size: 1M 	chunk_size: 8M 	num_reg: 10  	lose cover RAM: 2016G
[    0.001965]  gran_size: 1M 	chunk_size: 16M 	num_reg: 10  	lose cover RAM: 2016G
[    0.001965]  gran_size: 1M 	chunk_size: 32M 	num_reg: 10  	lose cover RAM: 1024G
[    0.001966]  gran_size: 1M 	chunk_size: 64M 	num_reg: 10  	lose cover RAM: 1024G
[    0.001967]  gran_size: 1M 	chunk_size: 128M 	num_reg: 10  	lose cover RAM: 1024G
[    0.001967]  gran_size: 1M 	chunk_size: 256M 	num_reg: 10  	lose cover RAM: 1024G
[    0.001968]  gran_size: 1M 	chunk_size: 512M 	num_reg: 10  	lose cover RAM: 1024G
[    0.001969]  gran_size: 1M 	chunk_size: 1G 	num_reg: 10  	lose cover RAM: 1024G
[    0.001969]  gran_size: 1M 	chunk_size: 2G 	num_reg: 10  	lose cover RAM: 1024G
[    0.001970]  gran_size: 2M 	chunk_size: 2M 	num_reg: 10  	lose cover RAM: 2016G
[    0.001971]  gran_size: 2M 	chunk_size: 4M 	num_reg: 10  	lose cover RAM: 2016G
[    0.001971]  gran_size: 2M 	chunk_size: 8M 	num_reg: 10  	lose cover RAM: 2016G
[    0.001972]  gran_size: 2M 	chunk_size: 16M 	num_reg: 10  	lose cover RAM: 2016G
[    0.001973]  gran_size: 2M 	chunk_size: 32M 	num_reg: 10  	lose cover RAM: 1024G
[    0.001973]  gran_size: 2M 	chunk_size: 64M 	num_reg: 10  	lose cover RAM: 1024G
[    0.001974]  gran_size: 2M 	chunk_size: 128M 	num_reg: 10  	lose cover RAM: 1024G
[    0.001975]  gran_size: 2M 	chunk_size: 256M 	num_reg: 10  	lose cover RAM: 1024G
[    0.001975]  gran_size: 2M 	chunk_size: 512M 	num_reg: 10  	lose cover RAM: 1024G
[    0.001976]  gran_size: 2M 	chunk_size: 1G 	num_reg: 10  	lose cover RAM: 1024G
[    0.001977]  gran_size: 2M 	chunk_size: 2G 	num_reg: 10  	lose cover RAM: 1024G
[    0.001977]  gran_size: 4M 	chunk_size: 4M 	num_reg: 10  	lose cover RAM: 2016G
[    0.001978]  gran_size: 4M 	chunk_size: 8M 	num_reg: 10  	lose cover RAM: 2016G
[    0.001979]  gran_size: 4M 	chunk_size: 16M 	num_reg: 10  	lose cover RAM: 2016G
[    0.001979]  gran_size: 4M 	chunk_size: 32M 	num_reg: 10  	lose cover RAM: 1024G
[    0.001980]  gran_size: 4M 	chunk_size: 64M 	num_reg: 10  	lose cover RAM: 1024G
[    0.001981]  gran_size: 4M 	chunk_size: 128M 	num_reg: 10  	lose cover RAM: 1024G
[    0.001981]  gran_size: 4M 	chunk_size: 256M 	num_reg: 10  	lose cover RAM: 1024G
[    0.001982]  gran_size: 4M 	chunk_size: 512M 	num_reg: 10  	lose cover RAM: 1024G
[    0.001983]  gran_size: 4M 	chunk_size: 1G 	num_reg: 10  	lose cover RAM: 1024G
[    0.001983]  gran_size: 4M 	chunk_size: 2G 	num_reg: 10  	lose cover RAM: 1024G
[    0.001984]  gran_size: 8M 	chunk_size: 8M 	num_reg: 10  	lose cover RAM: 2016G
[    0.001985]  gran_size: 8M 	chunk_size: 16M 	num_reg: 10  	lose cover RAM: 2016G
[    0.001985]  gran_size: 8M 	chunk_size: 32M 	num_reg: 10  	lose cover RAM: 1024G
[    0.001986]  gran_size: 8M 	chunk_size: 64M 	num_reg: 10  	lose cover RAM: 1024G
[    0.001987]  gran_size: 8M 	chunk_size: 128M 	num_reg: 10  	lose cover RAM: 1024G
[    0.001987]  gran_size: 8M 	chunk_size: 256M 	num_reg: 10  	lose cover RAM: 1024G
[    0.001988]  gran_size: 8M 	chunk_size: 512M 	num_reg: 10  	lose cover RAM: 1024G
[    0.001988]  gran_size: 8M 	chunk_size: 1G 	num_reg: 10  	lose cover RAM: 1024G
[    0.001989]  gran_size: 8M 	chunk_size: 2G 	num_reg: 10  	lose cover RAM: 1024G
[    0.001990]  gran_size: 16M 	chunk_size: 16M 	num_reg: 10  	lose cover RAM: 2016G
[    0.001990]  gran_size: 16M 	chunk_size: 32M 	num_reg: 10  	lose cover RAM: 1024G
[    0.001991]  gran_size: 16M 	chunk_size: 64M 	num_reg: 10  	lose cover RAM: 1024G
[    0.001992]  gran_size: 16M 	chunk_size: 128M 	num_reg: 10  	lose cover RAM: 1024G
[    0.001993]  gran_size: 16M 	chunk_size: 256M 	num_reg: 10  	lose cover RAM: 1024G
[    0.001993]  gran_size: 16M 	chunk_size: 512M 	num_reg: 10  	lose cover RAM: 1024G
[    0.001994]  gran_size: 16M 	chunk_size: 1G 	num_reg: 10  	lose cover RAM: 1024G
[    0.001995]  gran_size: 16M 	chunk_size: 2G 	num_reg: 10  	lose cover RAM: 1024G
[    0.001995]  gran_size: 32M 	chunk_size: 32M 	num_reg: 10  	lose cover RAM: 2031632M
[    0.001996]  gran_size: 32M 	chunk_size: 64M 	num_reg: 10  	lose cover RAM: 1048592M
[    0.001997]  gran_size: 32M 	chunk_size: 128M 	num_reg: 10  	lose cover RAM: 1048592M
[    0.001997]  gran_size: 32M 	chunk_size: 256M 	num_reg: 10  	lose cover RAM: 1048592M
[    0.001998]  gran_size: 32M 	chunk_size: 512M 	num_reg: 10  	lose cover RAM: 1048592M
[    0.001999]  gran_size: 32M 	chunk_size: 1G 	num_reg: 10  	lose cover RAM: 1048592M
[    0.002000]  gran_size: 32M 	chunk_size: 2G 	num_reg: 10  	lose cover RAM: 1048592M
[    0.002000]  gran_size: 64M 	chunk_size: 64M 	num_reg: 10  	lose cover RAM: 1966128M
[    0.002001]  gran_size: 64M 	chunk_size: 128M 	num_reg: 10  	lose cover RAM: 1048624M
[    0.002002]  gran_size: 64M 	chunk_size: 256M 	num_reg: 10  	lose cover RAM: 1048624M
[    0.002002]  gran_size: 64M 	chunk_size: 512M 	num_reg: 10  	lose cover RAM: 1048624M
[    0.002003]  gran_size: 64M 	chunk_size: 1G 	num_reg: 10  	lose cover RAM: 1048624M
[    0.002004]  gran_size: 64M 	chunk_size: 2G 	num_reg: 10  	lose cover RAM: 1048624M
[    0.002004]  gran_size: 128M 	chunk_size: 128M 	num_reg: 10  	lose cover RAM: 1835120M
[    0.002005]  gran_size: 128M 	chunk_size: 256M 	num_reg: 10  	lose cover RAM: 1048688M
[    0.002006]  gran_size: 128M 	chunk_size: 512M 	num_reg: 10  	lose cover RAM: 1048688M
[    0.002006]  gran_size: 128M 	chunk_size: 1G 	num_reg: 10  	lose cover RAM: 1048688M
[    0.002007]  gran_size: 128M 	chunk_size: 2G 	num_reg: 10  	lose cover RAM: 1048688M
[    0.002008]  gran_size: 256M 	chunk_size: 256M 	num_reg: 10  	lose cover RAM: 1573104M
[    0.002008]  gran_size: 256M 	chunk_size: 512M 	num_reg: 10  	lose cover RAM: 1048816M
[    0.002009]  gran_size: 256M 	chunk_size: 1G 	num_reg: 10  	lose cover RAM: 1048816M
[    0.002010]  gran_size: 256M 	chunk_size: 2G 	num_reg: 10  	lose cover RAM: 1048816M
[    0.002010]  gran_size: 512M 	chunk_size: 512M 	num_reg: 10  	lose cover RAM: 1049072M
[    0.002011]  gran_size: 512M 	chunk_size: 1G 	num_reg: 10  	lose cover RAM: 1049072M
[    0.002012]  gran_size: 512M 	chunk_size: 2G 	num_reg: 10  	lose cover RAM: 1049072M
[    0.002012]  gran_size: 1G 	chunk_size: 1G 	num_reg: 10  	lose cover RAM: 1008M
[    0.002013]  gran_size: 1G 	chunk_size: 2G 	num_reg: 10  	lose cover RAM: 1008M
[    0.002014]  gran_size: 2G 	chunk_size: 2G 	num_reg: 9  	lose cover RAM: 2032M
[    0.002014] mtrr_cleanup: can not find optimal value
[    0.002015] please specify mtrr_gran_size/mtrr_chunk_size
[    0.002017] e820: update [mem 0x7f000000-0xffffffff] usable ==> reserved
[    0.002019] x2apic: enabled by BIOS, switching to x2apic ops
[    0.002020] last_pfn = 0x6f800 max_arch_pfn = 0x400000000
[    0.013423] check: Scanning 1 areas for low memory corruption
[    0.013427] Using GB pages for direct mapping
[    0.013428] BRK [0xf88801000, 0xf88801fff] PGTABLE
[    0.013430] BRK [0xf88802000, 0xf88802fff] PGTABLE
[    0.013430] BRK [0xf88803000, 0xf88803fff] PGTABLE
[    0.013465] BRK [0xf88804000, 0xf88804fff] PGTABLE
[    0.013531] BRK [0xf88805000, 0xf88805fff] PGTABLE
[    0.013586] BRK [0xf88806000, 0xf88806fff] PGTABLE
[    0.013687] BRK [0xf88807000, 0xf88807fff] PGTABLE
[    0.013794] BRK [0xf88808000, 0xf88808fff] PGTABLE
[    0.013884] BRK [0xf88809000, 0xf88809fff] PGTABLE
[    0.013988] BRK [0xf8880a000, 0xf8880afff] PGTABLE
[    0.014057] BRK [0xf8880b000, 0xf8880bfff] PGTABLE
[    0.014212] BRK [0xf8880c000, 0xf8880cfff] PGTABLE
[    0.014370] Secure boot disabled
[    0.014371] RAMDISK: [mem 0x2065920000-0x207fffffff]
[    0.014377] ACPI: Early table checksum verification disabled
[    0.014379] ACPI: RSDP 0x000000006F7FE014 000024 (v02 DELL  )
[    0.014382] ACPI: XSDT 0x000000006F41C188 0000F4 (v01 DELL   PE_SC3   00000000 DELL 01000013)
[    0.014386] ACPI: FACP 0x000000006F430000 000114 (v06 DELL   PE_SC3   00000000 DELL 00000001)
[    0.014391] ACPI: DSDT 0x000000004B4CE000 07FAD3 (v02 DELL   PE_SC3   00000003 DELL 00000001)
[    0.014393] ACPI: FACS 0x000000006F2F2000 000040
[    0.014396] ACPI: SSDT 0x000000006F7FB000 00159A (v02 INTEL  RAS_ACPI 00000001 INTL 20210331)
[    0.014399] ACPI: SSDT 0x000000006F7FA000 000745 (v02 INTEL  ADDRXLAT 00000001 INTL 20210331)
[    0.014402] ACPI: MCEJ 0x000000006F7F9000 000130 (v01 INTEL           00000001 INTL 0100000D)
[    0.014404] ACPI: BERT 0x000000006F7F8000 000030 (v01 DELL   PE_SC3   00000001 INTL 00000001)
[    0.014407] ACPI: ERST 0x000000006F7F7000 000230 (v01 DELL   PE_SC3   00000001 INTL 00000001)
[    0.014409] ACPI: SSDT 0x000000006F431000 3C524E (v02 INTEL  SSDTNVDR 00001000 INTL 20210331)
[    0.014412] ACPI: HMAT 0x000000006F42F000 000210 (v01 DELL   PE_SC3   00000001 DELL 00000001)
[    0.014415] ACPI: HPET 0x000000006F42E000 000038 (v01 DELL   PE_SC3   00000001 DELL 00000001)
[    0.014417] ACPI: MCFG 0x000000006F42D000 00003C (v01 DELL   PE_SC3   00000001 DELL 00000001)
[    0.014420] ACPI: MIGT 0x000000006F42C000 000040 (v01 DELL   PE_SC3   00000000 DELL 00000001)
[    0.014423] ACPI: MSCT 0x000000006F42B000 000090 (v01 DELL   PE_SC3   00000001 DELL 00000001)
[    0.014425] ACPI: PMTT 0x000000006F429000 0011E8 (v02 DELL   PE_SC3   00000001 DELL 00000001)
[    0.014428] ACPI: WSMT 0x000000006F428000 000028 (v01 DELL   PE_SC3   00000000 DELL 00000001)
[    0.014430] ACPI: APIC 0x000000006F427000 00075E (v04 DELL   PE_SC3   00000000 DELL 00000001)
[    0.014433] ACPI: SLIT 0x000000006F426000 00003C (v01 DELL   PE_SC3   00000001 DELL 01000013)
[    0.014435] ACPI: SRAT 0x000000006F41F000 006430 (v03 DELL   PE_SC3   00000002 DELL 01000013)
[    0.014438] ACPI: OEM4 0x000000004B346000 187A61 (v02 INTEL  CPU  CST 00003000 INTL 20210331)
[    0.014440] ACPI: SSDT 0x000000004B2CF000 0764A5 (v02 INTEL  SSDT  PM 00004000 INTL 20210331)
[    0.014443] ACPI: SSDT 0x000000006F41E000 000A1F (v02 DELL   PE_SC3   00000000 DELL 00000001)
[    0.014445] ACPI: HEST 0x000000006F41D000 00017C (v01 DELL   PE_SC3   00000001 INTL 00000001)
[    0.014448] ACPI: PCAT 0x000000006F41B000 00010C (v19 DELL   PE_SC3   00000002 DELL 00000001)
[    0.014450] ACPI: SSDT 0x000000006F413000 007299 (v02 INTEL  SpsNm    00000002 INTL 20210331)
[    0.014453] ACPI: SSDT 0x000000006F412000 000426 (v02 DELL   PE_SC3   00000002 DELL 00000001)
[    0.014455] ACPI: NFIT 0x000000006F7FD000 000488 (v01 DELL   PE_SC3   00000002 DELL 00000001)
[    0.014458] ACPI: DMAR 0x000000006F411000 000158 (v01 DELL   PE_SC3   00000001 DELL 00000001)
[    0.014465] ACPI: Local APIC address 0xfee00000
[    0.014466] Setting APIC routing to cluster x2apic.
[    0.014512] SRAT: PXM 0 -> APIC 0x0000 -> Node 0
[    0.014513] SRAT: PXM 0 -> APIC 0x0001 -> Node 0
[    0.014513] SRAT: PXM 0 -> APIC 0x0002 -> Node 0
[    0.014513] SRAT: PXM 0 -> APIC 0x0003 -> Node 0
[    0.014514] SRAT: PXM 0 -> APIC 0x0004 -> Node 0
[    0.014514] SRAT: PXM 0 -> APIC 0x0005 -> Node 0
[    0.014515] SRAT: PXM 0 -> APIC 0x0006 -> Node 0
[    0.014515] SRAT: PXM 0 -> APIC 0x0007 -> Node 0
[    0.014516] SRAT: PXM 0 -> APIC 0x0008 -> Node 0
[    0.014516] SRAT: PXM 0 -> APIC 0x0009 -> Node 0
[    0.014516] SRAT: PXM 0 -> APIC 0x000a -> Node 0
[    0.014517] SRAT: PXM 0 -> APIC 0x000b -> Node 0
[    0.014517] SRAT: PXM 0 -> APIC 0x000c -> Node 0
[    0.014518] SRAT: PXM 0 -> APIC 0x000d -> Node 0
[    0.014518] SRAT: PXM 0 -> APIC 0x000e -> Node 0
[    0.014518] SRAT: PXM 0 -> APIC 0x000f -> Node 0
[    0.014519] SRAT: PXM 0 -> APIC 0x0010 -> Node 0
[    0.014519] SRAT: PXM 0 -> APIC 0x0011 -> Node 0
[    0.014520] SRAT: PXM 0 -> APIC 0x0012 -> Node 0
[    0.014520] SRAT: PXM 0 -> APIC 0x0013 -> Node 0
[    0.014521] SRAT: PXM 0 -> APIC 0x0014 -> Node 0
[    0.014521] SRAT: PXM 0 -> APIC 0x0015 -> Node 0
[    0.014521] SRAT: PXM 0 -> APIC 0x0016 -> Node 0
[    0.014522] SRAT: PXM 0 -> APIC 0x0017 -> Node 0
[    0.014522] SRAT: PXM 0 -> APIC 0x0018 -> Node 0
[    0.014523] SRAT: PXM 0 -> APIC 0x0019 -> Node 0
[    0.014523] SRAT: PXM 0 -> APIC 0x001a -> Node 0
[    0.014524] SRAT: PXM 0 -> APIC 0x001b -> Node 0
[    0.014524] SRAT: PXM 0 -> APIC 0x001c -> Node 0
[    0.014524] SRAT: PXM 0 -> APIC 0x001d -> Node 0
[    0.014525] SRAT: PXM 0 -> APIC 0x001e -> Node 0
[    0.014525] SRAT: PXM 0 -> APIC 0x001f -> Node 0
[    0.014526] SRAT: PXM 0 -> APIC 0x0020 -> Node 0
[    0.014526] SRAT: PXM 0 -> APIC 0x0021 -> Node 0
[    0.014526] SRAT: PXM 0 -> APIC 0x0022 -> Node 0
[    0.014527] SRAT: PXM 0 -> APIC 0x0023 -> Node 0
[    0.014527] SRAT: PXM 0 -> APIC 0x0024 -> Node 0
[    0.014528] SRAT: PXM 0 -> APIC 0x0025 -> Node 0
[    0.014528] SRAT: PXM 0 -> APIC 0x0026 -> Node 0
[    0.014529] SRAT: PXM 0 -> APIC 0x0027 -> Node 0
[    0.014529] SRAT: PXM 0 -> APIC 0x0028 -> Node 0
[    0.014529] SRAT: PXM 0 -> APIC 0x0029 -> Node 0
[    0.014530] SRAT: PXM 0 -> APIC 0x002a -> Node 0
[    0.014530] SRAT: PXM 0 -> APIC 0x002b -> Node 0
[    0.014531] SRAT: PXM 0 -> APIC 0x002c -> Node 0
[    0.014531] SRAT: PXM 0 -> APIC 0x002d -> Node 0
[    0.014531] SRAT: PXM 0 -> APIC 0x002e -> Node 0
[    0.014532] SRAT: PXM 0 -> APIC 0x002f -> Node 0
[    0.014532] SRAT: PXM 0 -> APIC 0x0030 -> Node 0
[    0.014533] SRAT: PXM 0 -> APIC 0x0031 -> Node 0
[    0.014533] SRAT: PXM 0 -> APIC 0x0032 -> Node 0
[    0.014533] SRAT: PXM 0 -> APIC 0x0033 -> Node 0
[    0.014534] SRAT: PXM 0 -> APIC 0x0034 -> Node 0
[    0.014534] SRAT: PXM 0 -> APIC 0x0035 -> Node 0
[    0.014535] SRAT: PXM 0 -> APIC 0x0036 -> Node 0
[    0.014535] SRAT: PXM 0 -> APIC 0x0037 -> Node 0
[    0.014536] SRAT: PXM 1 -> APIC 0x0080 -> Node 1
[    0.014536] SRAT: PXM 1 -> APIC 0x0081 -> Node 1
[    0.014536] SRAT: PXM 1 -> APIC 0x0082 -> Node 1
[    0.014537] SRAT: PXM 1 -> APIC 0x0083 -> Node 1
[    0.014537] SRAT: PXM 1 -> APIC 0x0084 -> Node 1
[    0.014538] SRAT: PXM 1 -> APIC 0x0085 -> Node 1
[    0.014538] SRAT: PXM 1 -> APIC 0x0086 -> Node 1
[    0.014539] SRAT: PXM 1 -> APIC 0x0087 -> Node 1
[    0.014539] SRAT: PXM 1 -> APIC 0x0088 -> Node 1
[    0.014539] SRAT: PXM 1 -> APIC 0x0089 -> Node 1
[    0.014540] SRAT: PXM 1 -> APIC 0x008a -> Node 1
[    0.014540] SRAT: PXM 1 -> APIC 0x008b -> Node 1
[    0.014541] SRAT: PXM 1 -> APIC 0x008c -> Node 1
[    0.014541] SRAT: PXM 1 -> APIC 0x008d -> Node 1
[    0.014541] SRAT: PXM 1 -> APIC 0x008e -> Node 1
[    0.014542] SRAT: PXM 1 -> APIC 0x008f -> Node 1
[    0.014542] SRAT: PXM 1 -> APIC 0x0090 -> Node 1
[    0.014543] SRAT: PXM 1 -> APIC 0x0091 -> Node 1
[    0.014543] SRAT: PXM 1 -> APIC 0x0092 -> Node 1
[    0.014543] SRAT: PXM 1 -> APIC 0x0093 -> Node 1
[    0.014544] SRAT: PXM 1 -> APIC 0x0094 -> Node 1
[    0.014544] SRAT: PXM 1 -> APIC 0x0095 -> Node 1
[    0.014545] SRAT: PXM 1 -> APIC 0x0096 -> Node 1
[    0.014545] SRAT: PXM 1 -> APIC 0x0097 -> Node 1
[    0.014545] SRAT: PXM 1 -> APIC 0x0098 -> Node 1
[    0.014546] SRAT: PXM 1 -> APIC 0x0099 -> Node 1
[    0.014546] SRAT: PXM 1 -> APIC 0x009a -> Node 1
[    0.014547] SRAT: PXM 1 -> APIC 0x009b -> Node 1
[    0.014547] SRAT: PXM 1 -> APIC 0x009c -> Node 1
[    0.014547] SRAT: PXM 1 -> APIC 0x009d -> Node 1
[    0.014548] SRAT: PXM 1 -> APIC 0x009e -> Node 1
[    0.014548] SRAT: PXM 1 -> APIC 0x009f -> Node 1
[    0.014549] SRAT: PXM 1 -> APIC 0x00a0 -> Node 1
[    0.014549] SRAT: PXM 1 -> APIC 0x00a1 -> Node 1
[    0.014549] SRAT: PXM 1 -> APIC 0x00a2 -> Node 1
[    0.014550] SRAT: PXM 1 -> APIC 0x00a3 -> Node 1
[    0.014550] SRAT: PXM 1 -> APIC 0x00a4 -> Node 1
[    0.014551] SRAT: PXM 1 -> APIC 0x00a5 -> Node 1
[    0.014551] SRAT: PXM 1 -> APIC 0x00a6 -> Node 1
[    0.014552] SRAT: PXM 1 -> APIC 0x00a7 -> Node 1
[    0.014552] SRAT: PXM 1 -> APIC 0x00a8 -> Node 1
[    0.014552] SRAT: PXM 1 -> APIC 0x00a9 -> Node 1
[    0.014553] SRAT: PXM 1 -> APIC 0x00aa -> Node 1
[    0.014553] SRAT: PXM 1 -> APIC 0x00ab -> Node 1
[    0.014554] SRAT: PXM 1 -> APIC 0x00ac -> Node 1
[    0.014554] SRAT: PXM 1 -> APIC 0x00ad -> Node 1
[    0.014554] SRAT: PXM 1 -> APIC 0x00ae -> Node 1
[    0.014555] SRAT: PXM 1 -> APIC 0x00af -> Node 1
[    0.014555] SRAT: PXM 1 -> APIC 0x00b0 -> Node 1
[    0.014556] SRAT: PXM 1 -> APIC 0x00b1 -> Node 1
[    0.014556] SRAT: PXM 1 -> APIC 0x00b2 -> Node 1
[    0.014556] SRAT: PXM 1 -> APIC 0x00b3 -> Node 1
[    0.014557] SRAT: PXM 1 -> APIC 0x00b4 -> Node 1
[    0.014557] SRAT: PXM 1 -> APIC 0x00b5 -> Node 1
[    0.014558] SRAT: PXM 1 -> APIC 0x00b6 -> Node 1
[    0.014558] SRAT: PXM 1 -> APIC 0x00b7 -> Node 1
[    0.014571] ACPI: SRAT: Node 0 PXM 0 [mem 0x00000000-0x7fffffff]
[    0.014571] ACPI: SRAT: Node 0 PXM 0 [mem 0x100000000-0x107fffffff]
[    0.014572] ACPI: SRAT: Node 2 PXM 2 [mem 0x2080000000-0x9e7fffffff] non-volatile
[    0.014573] ACPI: SRAT: Node 1 PXM 1 [mem 0x1080000000-0x207fffffff]
[    0.014574] ACPI: SRAT: Node 3 PXM 3 [mem 0x9e80000000-0x11c7fffffff] non-volatile
[    0.014583] NUMA: Initialized distance table, cnt=4
[    0.014585] NUMA: Node 0 [mem 0x00000000-0x7fffffff] + [mem 0x100000000-0x107fffffff] -> [mem 0x00000000-0x107fffffff]
[    0.014593] NODE_DATA(0) allocated [mem 0xffffd5000-0xfffffffff]
[    0.014613] NODE_DATA(1) allocated [mem 0x20658f2000-0x206591cfff]
[    0.014781] Zone ranges:
[    0.014782]   DMA      [mem 0x0000000000001000-0x0000000000ffffff]
[    0.014783]   DMA32    [mem 0x0000000001000000-0x00000000ffffffff]
[    0.014784]   Normal   [mem 0x0000000100000000-0x000000207fffffff]
[    0.014784]   Device   empty
[    0.014785] Movable zone start for each node
[    0.014788] Early memory node ranges
[    0.014789]   node   0: [mem 0x0000000000001000-0x000000000008efff]
[    0.014790]   node   0: [mem 0x0000000000090000-0x000000000009ffff]
[    0.014790]   node   0: [mem 0x0000000000100000-0x0000000049e76fff]
[    0.014791]   node   0: [mem 0x000000004ae77000-0x000000004b2cefff]
[    0.014791]   node   0: [mem 0x000000004b54e000-0x000000004bd93fff]
[    0.014792]   node   0: [mem 0x000000004be9a000-0x000000004cdfffff]
[    0.014792]   node   0: [mem 0x000000004d000000-0x000000005eefdfff]
[    0.014793]   node   0: [mem 0x000000006f7ff000-0x000000006f7fffff]
[    0.014793]   node   0: [mem 0x00000005ffa00000-0x0000000fffffffff]
[    0.014796]   node   1: [mem 0x0000001ec0000000-0x000000207fffffff]
[    0.015468] Zeroed struct page in unavailable ranges: 73960 pages
[    0.015469] Initmem setup node 0 [mem 0x0000000000001000-0x0000000fffffffff]
[    0.015471] On node 0 totalpages: 10870552
[    0.015471]   DMA zone: 64 pages used for memmap
[    0.015472]   DMA zone: 1102 pages reserved
[    0.015473]   DMA zone: 3998 pages, LIFO batch:0
[    0.015514]   DMA32 zone: 5926 pages used for memmap
[    0.015515]   DMA32 zone: 379258 pages, LIFO batch:63
[    0.021291]   Normal zone: 163864 pages used for memmap
[    0.021292]   Normal zone: 10487296 pages, LIFO batch:63
[    0.126084] Initmem setup node 1 [mem 0x0000001ec0000000-0x000000207fffffff]
[    0.126086] On node 1 totalpages: 1835008
[    0.126087]   Normal zone: 28672 pages used for memmap
[    0.126087]   Normal zone: 1835008 pages, LIFO batch:63
[    0.146090] ACPI: PM-Timer IO Port: 0x508
[    0.146093] ACPI: Local APIC address 0xfee00000
[    0.146110] ACPI: X2APIC_NMI (uid[0xffffffff] high edge lint[0x1])
[    0.146112] ACPI: LAPIC_NMI (acpi_id[0xff] high edge lint[0x1])
[    0.146130] IOAPIC[0]: apic_id 8, version 32, address 0xfec00000, GSI 0-119
[    0.146132] ACPI: INT_SRC_OVR (bus 0 bus_irq 0 global_irq 2 dfl dfl)
[    0.146134] ACPI: INT_SRC_OVR (bus 0 bus_irq 9 global_irq 9 high level)
[    0.146135] ACPI: IRQ0 used by override.
[    0.146136] ACPI: IRQ9 used by override.
[    0.146138] Using ACPI (MADT) for SMP configuration information
[    0.146139] ACPI: HPET id: 0x8086a701 base: 0xfed00000
[    0.146144] smpboot: Allowing 112 CPUs, 0 hotplug CPUs
[    0.146169] PM: Registered nosave memory: [mem 0x00000000-0x00000fff]
[    0.146170] PM: Registered nosave memory: [mem 0x0008f000-0x0008ffff]
[    0.146172] PM: Registered nosave memory: [mem 0x000a0000-0x000fffff]
[    0.146173] PM: Registered nosave memory: [mem 0x47bdd000-0x47bddfff]
[    0.146175] PM: Registered nosave memory: [mem 0x47c0e000-0x47c0efff]
[    0.146175] PM: Registered nosave memory: [mem 0x47c0f000-0x47c0ffff]
[    0.146177] PM: Registered nosave memory: [mem 0x47c41000-0x47c41fff]
[    0.146177] PM: Registered nosave memory: [mem 0x47c42000-0x47c42fff]
[    0.146178] PM: Registered nosave memory: [mem 0x47c74000-0x47c74fff]
[    0.146179] PM: Registered nosave memory: [mem 0x47c75000-0x47c75fff]
[    0.146180] PM: Registered nosave memory: [mem 0x47c7d000-0x47c7dfff]
[    0.146182] PM: Registered nosave memory: [mem 0x49e77000-0x4ae76fff]
[    0.146183] PM: Registered nosave memory: [mem 0x4b2cf000-0x4b54dfff]
[    0.146185] PM: Registered nosave memory: [mem 0x4bd94000-0x4be99fff]
[    0.146186] PM: Registered nosave memory: [mem 0x4ce00000-0x4cffffff]
[    0.146187] PM: Registered nosave memory: [mem 0x5eefe000-0x6e3fefff]
[    0.146188] PM: Registered nosave memory: [mem 0x6e3ff000-0x6f3fefff]
[    0.146188] PM: Registered nosave memory: [mem 0x6f3ff000-0x6f7fefff]
[    0.146190] PM: Registered nosave memory: [mem 0x6f800000-0x8fffffff]
[    0.146190] PM: Registered nosave memory: [mem 0x90000000-0xfdffffff]
[    0.146191] PM: Registered nosave memory: [mem 0xfe000000-0xfe010fff]
[    0.146191] PM: Registered nosave memory: [mem 0xfe011000-0xffffffff]
[    0.146192] PM: Registered nosave memory: [mem 0x100000000-0x5ff9fffff]
[    0.146193] PM: Registered nosave memory: [mem 0x1000000000-0x1ebfffffff]
[    0.146194] [mem 0x90000000-0xfdffffff] available for PCI devices
[    0.146196] Booting paravirtualized kernel on bare hardware
[    0.146198] clocksource: refined-jiffies: mask: 0xffffffff max_cycles: 0xffffffff, max_idle_ns: 7645519600211568 ns
[    0.146205] setup_percpu: NR_CPUS:8192 nr_cpumask_bits:112 nr_cpu_ids:112 nr_node_ids:4
[    0.150786] percpu: Embedded 55 pages/cpu s188416 r8192 d28672 u262144
[    0.150796] pcpu-alloc: s188416 r8192 d28672 u262144 alloc=1*2097152
[    0.150796] pcpu-alloc: [0] 000 002 004 006 008 010 012 014 
[    0.150799] pcpu-alloc: [0] 016 018 020 022 024 026 028 030 
[    0.150800] pcpu-alloc: [0] 032 034 036 038 040 042 044 046 
[    0.150802] pcpu-alloc: [0] 048 050 052 054 056 058 060 062 
[    0.150803] pcpu-alloc: [0] 064 066 068 070 072 074 076 078 
[    0.150804] pcpu-alloc: [0] 080 082 084 086 088 090 092 094 
[    0.150806] pcpu-alloc: [0] 096 098 100 102 104 106 108 110 
[    0.150807] pcpu-alloc: [1] 001 003 005 007 009 011 013 015 
[    0.150809] pcpu-alloc: [1] 017 019 021 023 025 027 029 031 
[    0.150810] pcpu-alloc: [1] 033 035 037 039 041 043 045 047 
[    0.150811] pcpu-alloc: [1] 049 051 053 055 057 059 061 063 
[    0.150813] pcpu-alloc: [1] 065 067 069 071 073 075 077 079 
[    0.150814] pcpu-alloc: [1] 081 083 085 087 089 091 093 095 
[    0.150816] pcpu-alloc: [1] 097 099 101 103 105 107 109 111 
[    0.150859] Built 2 zonelists, mobility grouping on.  Total pages: 12505932
[    0.150860] Policy zone: Normal
[    0.150862] Kernel command line: BOOT_IMAGE=/boot/vmlinuz-5.3.1-multiclock root=UUID=ce0c24b8-724b-4f33-9b2c-618433560aef ro memmap=20474M!4096M memmap=59G!64G quiet splash nomodeset vt.handoff=1
[    0.150966] You have booted with nomodeset. This means your GPU drivers are DISABLED
[    0.150967] Any video related functionality will be severely degraded, and you may not even be able to suspend the system properly
[    0.150967] Unless you actually understand what nomodeset does, you should reboot without enabling it
[    0.150984] printk: log_buf_len individual max cpu contribution: 4096 bytes
[    0.150985] printk: log_buf_len total cpu_extra contributions: 454656 bytes
[    0.150985] printk: log_buf_len min size: 262144 bytes
[    0.151139] printk: log_buf_len: 1048576 bytes
[    0.151140] printk: early log buf free: 221788(84%)
[    0.152642] mem auto-init: stack:off, heap alloc:on, heap free:off
[    0.158632] Calgary: detecting Calgary via BIOS EBDA area
[    0.158633] Calgary: Unable to locate Rio Grande table in EBDA - bailing!
[    0.263010] Memory: 49337128K/50822240K available (14339K kernel code, 2373K rwdata, 4660K rodata, 2680K init, 5056K bss, 1485112K reserved, 0K cma-reserved)
[    0.263628] SLUB: HWalign=64, Order=0-3, MinObjects=0, CPUs=112, Nodes=4
[    0.263658] ftrace: allocating 43047 entries in 169 pages
[    0.279949] rcu: Hierarchical RCU implementation.
[    0.279950] rcu: 	RCU restricting CPUs from NR_CPUS=8192 to nr_cpu_ids=112.
[    0.279951] 	Tasks RCU enabled.
[    0.279952] rcu: RCU calculated value of scheduler-enlistment delay is 25 jiffies.
[    0.279952] rcu: Adjusting geometry for rcu_fanout_leaf=16, nr_cpu_ids=112
[    0.282669] NR_IRQS: 524544, nr_irqs: 2952, preallocated irqs: 16
[    0.283030] random: crng done (trusting CPU's manufacturer)
[    0.283201] Console: colour dummy device 80x25
[    0.283215] printk: console [tty0] enabled
[    0.283305] mempolicy: Enabling automatic NUMA balancing. Configure with numa_balancing= or the kernel.numa_balancing sysctl
[    0.283308] ACPI: Core revision 20190703
[    0.286722] clocksource: hpet: mask: 0xffffffff max_cycles: 0xffffffff, max_idle_ns: 79635855245 ns
[    0.286764] APIC: Switch to symmetric I/O mode setup
[    0.286765] DMAR: Host address width 46
[    0.286766] DMAR: DRHD base: 0x000000d0ffc000 flags: 0x0
[    0.286771] DMAR: dmar0: reg_base_addr d0ffc000 ver 4:0 cap 8ed008c40780466 ecap 60000f050df
[    0.286772] DMAR: DRHD base: 0x000000dbbfc000 flags: 0x0
[    0.286775] DMAR: dmar1: reg_base_addr dbbfc000 ver 4:0 cap 8ed008c40780466 ecap 60000f050df
[    0.286776] DMAR: DRHD base: 0x000000e67fc000 flags: 0x0
[    0.286779] DMAR: dmar2: reg_base_addr e67fc000 ver 4:0 cap 8ed008c40780466 ecap 60000f050df
[    0.286780] DMAR: DRHD base: 0x000000f13fc000 flags: 0x0
[    0.286783] DMAR: dmar3: reg_base_addr f13fc000 ver 4:0 cap 8ed008c40780466 ecap 60000f050df
[    0.286784] DMAR: DRHD base: 0x000000fb7fc000 flags: 0x0
[    0.286787] DMAR: dmar4: reg_base_addr fb7fc000 ver 4:0 cap 8ed008c40780466 ecap 60000f050df
[    0.286788] DMAR: DRHD base: 0x000000a63fc000 flags: 0x0
[    0.286790] DMAR: dmar5: reg_base_addr a63fc000 ver 4:0 cap 8ed008c40780466 ecap 60000f050df
[    0.286791] DMAR: DRHD base: 0x000000b0ffc000 flags: 0x0
[    0.286794] DMAR: dmar6: reg_base_addr b0ffc000 ver 4:0 cap 8ed008c40780466 ecap 60000f050df
[    0.286794] DMAR: DRHD base: 0x000000bbbfc000 flags: 0x0
[    0.286799] DMAR: dmar7: reg_base_addr bbbfc000 ver 4:0 cap 8ed008c40780466 ecap 60000f050df
[    0.286799] DMAR: DRHD base: 0x000000c5ffc000 flags: 0x0
[    0.286802] DMAR: dmar8: reg_base_addr c5ffc000 ver 4:0 cap 8ed008c40780466 ecap 60000f050df
[    0.286803] DMAR: DRHD base: 0x0000009b7fc000 flags: 0x1
[    0.286805] DMAR: dmar9: reg_base_addr 9b7fc000 ver 4:0 cap 8ed008c40780466 ecap 60000f050df
[    0.286806] DMAR: RMRR base: 0x00000069427000 end: 0x00000069429fff
[    0.286807] DMAR: ATSR flags: 0x0
[    0.286809] DMAR-IR: IOAPIC id 8 under DRHD base  0x9b7fc000 IOMMU 9
[    0.286809] DMAR-IR: HPET id 0 under DRHD base 0x9b7fc000
[    0.286810] DMAR-IR: Queued invalidation will be enabled to support x2apic and Intr-remapping.
[    0.289261] DMAR-IR: Enabled IRQ remapping in x2apic mode
[    0.291917] ..TIMER: vector=0x30 apic1=0 pin1=2 apic2=-1 pin2=-1
[    0.310693] clocksource: tsc-early: mask: 0xffffffffffffffff max_cycles: 0x39a85c9bff6, max_idle_ns: 881590591483 ns
[    0.310697] Calibrating delay loop (skipped), value calculated using timer frequency.. 4000.00 BogoMIPS (lpj=8000000)
[    0.310698] pid_max: default: 114688 minimum: 896
[    0.314698] LSM: Security Framework initializing
[    0.314715] Yama: becoming mindful.
[    0.315080] AppArmor: AppArmor initialized
[    0.324280] Dentry cache hash table entries: 8388608 (order: 14, 67108864 bytes, vmalloc)
[    0.328927] Inode-cache hash table entries: 4194304 (order: 13, 33554432 bytes, vmalloc)
[    0.329120] Mount-cache hash table entries: 131072 (order: 8, 1048576 bytes, vmalloc)
[    0.329264] Mountpoint-cache hash table entries: 131072 (order: 8, 1048576 bytes, vmalloc)
[    0.329541] *** VALIDATE proc ***
[    0.329761] *** VALIDATE cgroup1 ***
[    0.329762] *** VALIDATE cgroup2 ***
[    0.329881] x86/tme: not enabled by BIOS
[    0.329884] x86/cpu: User Mode Instruction Prevention (UMIP) activated
[    0.329957] mce: CPU0: Thermal monitoring enabled (TM1)
[    0.330168] process: using mwait in idle threads
[    0.330170] Last level iTLB entries: 4KB 0, 2MB 0, 4MB 0
[    0.330170] Last level dTLB entries: 4KB 0, 2MB 0, 4MB 0, 1GB 0
[    0.330173] Spectre V1 : Mitigation: usercopy/swapgs barriers and __user pointer sanitization
[    0.330174] Spectre V2 : Mitigation: Enhanced IBRS
[    0.330175] Spectre V2 : Spectre v2 / SpectreRSB mitigation: Filling RSB on context switch
[    0.330176] Spectre V2 : mitigation: Enabling conditional Indirect Branch Prediction Barrier
[    0.330178] Speculative Store Bypass: Mitigation: Speculative Store Bypass disabled via prctl and seccomp
[    0.330437] Freeing SMP alternatives memory: 40K
[    0.334853] TSC deadline timer enabled
[    0.334862] smpboot: CPU0: Intel(R) Xeon(R) Gold 6330 CPU @ 2.00GHz (family: 0x6, model: 0x6a, stepping: 0x6)
[    0.335055] Performance Events: PEBS fmt4+-baseline, Icelake events, 32-deep LBR, full-width counters, Intel PMU driver.
[    0.335060] ... version:                5
[    0.335061] ... bit width:              48
[    0.335061] ... generic registers:      8
[    0.335062] ... value mask:             0000ffffffffffff
[    0.335062] ... max period:             00007fffffffffff
[    0.335062] ... fixed-purpose events:   4
[    0.335063] ... event mask:             0000000f000000ff
[    0.335165] rcu: Hierarchical SRCU implementation.
[    0.342360] NMI watchdog: Enabled. Permanently consumes one hw-PMU counter.
[    0.343639] smp: Bringing up secondary CPUs ...
[    0.343747] x86: Booting SMP configuration:
[    0.343748] .... node  #1, CPUs:          #1
[    0.003725] smpboot: CPU 1 Converting physical 0 to logical die 1
[    0.430804] .... node  #0, CPUs:     #2
[    0.436154] .... node  #1, CPUs:     #3
[    0.441551] .... node  #0, CPUs:     #4
[    0.446889] .... node  #1, CPUs:     #5
[    0.452250] .... node  #0, CPUs:     #6
[    0.457791] .... node  #1, CPUs:     #7
[    0.463344] .... node  #0, CPUs:     #8
[    0.468593] .... node  #1, CPUs:     #9
[    0.474294] .... node  #0, CPUs:    #10
[    0.479984] .... node  #1, CPUs:    #11
[    0.485678] .... node  #0, CPUs:    #12
[    0.491169] .... node  #1, CPUs:    #13
[    0.496487] .... node  #0, CPUs:    #14
[    0.501691] .... node  #1, CPUs:    #15
[    0.506983] .... node  #0, CPUs:    #16
[    0.512212] .... node  #1, CPUs:    #17
[    0.517495] .... node  #0, CPUs:    #18
[    0.522854] .... node  #1, CPUs:    #19
[    0.528317] .... node  #0, CPUs:    #20
[    0.533514] .... node  #1, CPUs:    #21
[    0.539071] .... node  #0, CPUs:    #22
[    0.544480] .... node  #1, CPUs:    #23
[    0.549707] .... node  #0, CPUs:    #24
[    0.555308] .... node  #1, CPUs:    #25
[    0.560602] .... node  #0, CPUs:    #26
[    0.565780] .... node  #1, CPUs:    #27
[    0.571044] .... node  #0, CPUs:    #28
[    0.576515] .... node  #1, CPUs:    #29
[    0.581772] .... node  #0, CPUs:    #30
[    0.586945] .... node  #1, CPUs:    #31
[    0.592382] .... node  #0, CPUs:    #32
[    0.597637] .... node  #1, CPUs:    #33
[    0.602967] .... node  #0, CPUs:    #34
[    0.608371] .... node  #1, CPUs:    #35
[    0.613650] .... node  #0, CPUs:    #36
[    0.618852] .... node  #1, CPUs:    #37
[    0.624113] .... node  #0, CPUs:    #38
[    0.629637] .... node  #1, CPUs:    #39
[    0.635128] .... node  #0, CPUs:    #40
[    0.640701] .... node  #1, CPUs:    #41
[    0.646402] .... node  #0, CPUs:    #42
[    0.651678] .... node  #1, CPUs:    #43
[    0.657282] .... node  #0, CPUs:    #44
[    0.662847] .... node  #1, CPUs:    #45
[    0.668041] .... node  #0, CPUs:    #46
[    0.673545] .... node  #1, CPUs:    #47
[    0.678954] .... node  #0, CPUs:    #48
[    0.684250] .... node  #1, CPUs:    #49
[    0.689640] .... node  #0, CPUs:    #50
[    0.695085] .... node  #1, CPUs:    #51
[    0.700688] .... node  #0, CPUs:    #52
[    0.706120] .... node  #1, CPUs:    #53
[    0.711676] .... node  #0, CPUs:    #54
[    0.717344] .... node  #1, CPUs:    #55
[    0.723103] .... node  #0, CPUs:    #56
[    0.728937] .... node  #1, CPUs:    #57
[    0.734804] .... node  #0, CPUs:    #58
[    0.740173] .... node  #1, CPUs:    #59
[    0.745572] .... node  #0, CPUs:    #60
[    0.750919] .... node  #1, CPUs:    #61
[    0.756283] .... node  #0, CPUs:    #62
[    0.761839] .... node  #1, CPUs:    #63
[    0.767403] .... node  #0, CPUs:    #64
[    0.772676] .... node  #1, CPUs:    #65
[    0.778380] .... node  #0, CPUs:    #66
[    0.784088] .... node  #1, CPUs:    #67
[    0.789803] .... node  #0, CPUs:    #68
[    0.795305] .... node  #1, CPUs:    #69
[    0.800643] .... node  #0, CPUs:    #70
[    0.805851] .... node  #1, CPUs:    #71
[    0.811139] .... node  #0, CPUs:    #72
[    0.816399] .... node  #1, CPUs:    #73
[    0.821696] .... node  #0, CPUs:    #74
[    0.826927] .... node  #1, CPUs:    #75
[    0.832559] .... node  #0, CPUs:    #76
[    0.837785] .... node  #1, CPUs:    #77
[    0.843380] .... node  #0, CPUs:    #78
[    0.848799] .... node  #1, CPUs:    #79
[    0.854062] .... node  #0, CPUs:    #80
[    0.859666] .... node  #1, CPUs:    #81
[    0.864997] .... node  #0, CPUs:    #82
[    0.870201] .... node  #1, CPUs:    #83
[    0.875498] .... node  #0, CPUs:    #84
[    0.880995] .... node  #1, CPUs:    #85
[    0.886266] .... node  #0, CPUs:    #86
[    0.891467] .... node  #1, CPUs:    #87
[    0.896926] .... node  #0, CPUs:    #88
[    0.902196] .... node  #1, CPUs:    #89
[    0.907559] .... node  #0, CPUs:    #90
[    0.912968] .... node  #1, CPUs:    #91
[    0.918255] .... node  #0, CPUs:    #92
[    0.923440] .... node  #1, CPUs:    #93
[    0.928740] .... node  #0, CPUs:    #94
[    0.934288] .... node  #1, CPUs:    #95
[    0.939787] .... node  #0, CPUs:    #96
[    0.945373] .... node  #1, CPUs:    #97
[    0.951101] .... node  #0, CPUs:    #98
[    0.956391] .... node  #1, CPUs:    #99
[    0.962029] .... node  #0, CPUs:   #100
[    0.967366] .... node  #1, CPUs:   #101
[    0.972812] .... node  #0, CPUs:   #102
[    0.978332] .... node  #1, CPUs:   #103
[    0.983746] .... node  #0, CPUs:   #104
[    0.989070] .... node  #1, CPUs:   #105
[    0.994698] .... node  #0, CPUs:   #106
[    0.999951] .... node  #1, CPUs:   #107
[    1.005570] .... node  #0, CPUs:   #108
[    1.011018] .... node  #1, CPUs:   #109
[    1.016598] .... node  #0, CPUs:   #110
[    1.022272] .... node  #1, CPUs:   #111
[    1.028049] smp: Brought up 2 nodes, 112 CPUs
[    1.028049] smpboot: Max logical packages: 2
[    1.028049] smpboot: Total of 112 processors activated (448064.12 BogoMIPS)
[    1.037536] devtmpfs: initialized
[    1.037536] x86/mm: Memory block size: 2048MB
[    1.037536] PM: Registering ACPI NVS region [mem 0x49e77000-0x4ae76fff] (16777216 bytes)
[    1.037536] PM: Registering ACPI NVS region [mem 0x6e3ff000-0x6f3fefff] (16777216 bytes)
[    1.038776] clocksource: jiffies: mask: 0xffffffff max_cycles: 0xffffffff, max_idle_ns: 7645041785100000 ns
[    1.039018] futex hash table entries: 32768 (order: 9, 2097152 bytes, vmalloc)
[    1.039611] pinctrl core: initialized pinctrl subsystem
[    1.039734] PM: RTC time: 06:08:21, date: 2024-05-18
[    1.039994] NET: Registered protocol family 16
[    1.040104] audit: initializing netlink subsys (disabled)
[    1.040109] audit: type=2000 audit(1716012500.756:1): state=initialized audit_enabled=0 res=1
[    1.040109] EISA bus registered
[    1.040109] cpuidle: using governor ladder
[    1.040109] cpuidle: using governor menu
[    1.040109] ACPI FADT declares the system doesn't support PCIe ASPM, so disable it
[    1.040109] ACPI: bus type PCI registered
[    1.040109] acpiphp: ACPI Hot Plug PCI Controller Driver version: 0.5
[    1.040109] PCI: MMCONFIG for domain 0000 [bus 00-ff] at [mem 0x80000000-0x8fffffff] (base 0x80000000)
[    1.040109] PCI: MMCONFIG at [mem 0x80000000-0x8fffffff] reserved in E820
[    1.040109] pmd_set_huge: Cannot satisfy [mem 0x80000000-0x80200000] with a huge-page mapping due to MTRR override.
[    1.040109] PCI: Using configuration type 1 for base access
[    1.040109] PCI: Dell System detected, enabling pci=bfsort.
[    1.042703] ENERGY_PERF_BIAS: Set to 'normal', was 'performance'
[    1.047198] HugeTLB registered 1.00 GiB page size, pre-allocated 0 pages
[    1.047198] HugeTLB registered 2.00 MiB page size, pre-allocated 0 pages
[    1.051104] ACPI: Added _OSI(Module Device)
[    1.051105] ACPI: Added _OSI(Processor Device)
[    1.051105] ACPI: Added _OSI(3.0 _SCP Extensions)
[    1.051106] ACPI: Added _OSI(Processor Aggregator Device)
[    1.051107] ACPI: Added _OSI(Linux-Dell-Video)
[    1.051108] ACPI: Added _OSI(Linux-Lenovo-NV-HDMI-Audio)
[    1.051109] ACPI: Added _OSI(Linux-HPI-Hybrid-Graphics)
[    1.214788] ACPI: 8 ACPI AML tables successfully acquired and loaded
[    1.221890] ACPI: [Firmware Bug]: BIOS _OSI(Linux) query ignored
[    1.228528] ACPI: Dynamic OEM Table Load:
[    1.616989] ACPI: Interpreter enabled
[    1.617007] ACPI: (supports S0 S5)
[    1.617008] ACPI: Using IOAPIC for interrupt routing
[    1.617095] HEST: Table parsing has been initialized.
[    1.617097] PCI: Using host bridge windows from ACPI; if necessary, use "pci=nocrs" and report a bug
[    1.645725] ACPI: Enabled 4 GPEs in block 00 to 7F
[    1.769483] ACPI: PCI Root Bridge [PC00] (domain 0000 [bus 00-15])
[    1.769487] acpi PNP0A08:00: _OSC: OS supports [ExtendedConfig ASPM ClockPM Segments MSI HPX-Type3]
[    1.769564] acpi PNP0A08:00: PCIe AER handled by firmware
[    1.769675] acpi PNP0A08:00: _OSC: platform does not support [SHPCHotplug LTR]
[    1.769881] acpi PNP0A08:00: _OSC: OS now controls [PCIeHotplug PME PCIeCapability]
[    1.769882] acpi PNP0A08:00: FADT indicates ASPM is unsupported, using BIOS configuration
[    1.771682] PCI host bridge to bus 0000:00
[    1.771684] pci_bus 0000:00: root bus resource [io  0x0000-0x0cf7 window]
[    1.771685] pci_bus 0000:00: root bus resource [io  0x1000-0x4fff window]
[    1.771686] pci_bus 0000:00: root bus resource [mem 0x000a0000-0x000bffff window]
[    1.771686] pci_bus 0000:00: root bus resource [mem 0x000c8000-0x000cffff window]
[    1.771687] pci_bus 0000:00: root bus resource [mem 0xfe010000-0xfe010fff window]
[    1.771688] pci_bus 0000:00: root bus resource [mem 0x90000000-0x9b7fffff window]
[    1.771689] pci_bus 0000:00: root bus resource [mem 0x200000000000-0x20ffffffffff window]
[    1.771689] pci_bus 0000:00: root bus resource [bus 00-15]
[    1.771700] pci 0000:00:00.0: [8086:09a2] type 00 class 0x088000
[    1.772431] pci 0000:00:00.1: [8086:09a4] type 00 class 0x088000
[    1.773144] pci 0000:00:00.2: [8086:09a3] type 00 class 0x088000
[    1.773856] pci 0000:00:00.4: [8086:0998] type 00 class 0x060000
[    1.774572] pci 0000:00:02.0: [8086:09a6] type 00 class 0x088000
[    1.774582] pci 0000:00:02.0: reg 0x10: [mem 0x92dfc000-0x92dfdfff]
[    1.775290] pci 0000:00:02.1: [8086:09a7] type 00 class 0x088000
[    1.775300] pci 0000:00:02.1: reg 0x10: [mem 0x92d00000-0x92d7ffff]
[    1.775305] pci 0000:00:02.1: reg 0x14: [mem 0x92c80000-0x92cfffff]
[    1.776010] pci 0000:00:02.4: [8086:3456] type 00 class 0x130000
[    1.776021] pci 0000:00:02.4: reg 0x10: [mem 0x92a00000-0x92afffff 64bit]
[    1.776027] pci 0000:00:02.4: reg 0x18: [mem 0x92df0000-0x92df3fff 64bit]
[    1.776033] pci 0000:00:02.4: reg 0x20: [mem 0x92dc0000-0x92ddffff 64bit]
[    1.776752] pci 0000:00:11.0: [8086:a1ec] type 00 class 0xff0000
[    1.777528] pci 0000:00:11.5: [8086:a1d2] type 00 class 0x010601
[    1.777545] pci 0000:00:11.5: reg 0x10: [mem 0x92dfa000-0x92dfbfff]
[    1.777552] pci 0000:00:11.5: reg 0x14: [mem 0x92e05000-0x92e050ff]
[    1.777559] pci 0000:00:11.5: reg 0x18: [io  0x2068-0x206f]
[    1.777566] pci 0000:00:11.5: reg 0x1c: [io  0x2074-0x2077]
[    1.777573] pci 0000:00:11.5: reg 0x20: [io  0x2040-0x205f]
[    1.777580] pci 0000:00:11.5: reg 0x24: [mem 0x92b80000-0x92bfffff]
[    1.777618] pci 0000:00:11.5: PME# supported from D3hot
[    1.778347] pci 0000:00:14.0: [8086:a1af] type 00 class 0x0c0330
[    1.778368] pci 0000:00:14.0: reg 0x10: [mem 0x92de0000-0x92deffff 64bit]
[    1.778431] pci 0000:00:14.0: PME# supported from D3hot D3cold
[    1.779160] pci 0000:00:14.2: [8086:a1b1] type 00 class 0x118000
[    1.779180] pci 0000:00:14.2: reg 0x10: [mem 0x92e02000-0x92e02fff 64bit]
[    1.779934] pci 0000:00:16.0: [8086:a1ba] type 00 class 0x078000
[    1.779962] pci 0000:00:16.0: reg 0x10: [mem 0x92e01000-0x92e01fff 64bit]
[    1.780045] pci 0000:00:16.0: PME# supported from D3hot
[    1.780740] pci 0000:00:16.1: [8086:a1bb] type 00 class 0x078000
[    1.780768] pci 0000:00:16.1: reg 0x10: [mem 0x92e00000-0x92e00fff 64bit]
[    1.780852] pci 0000:00:16.1: PME# supported from D3hot
[    1.781550] pci 0000:00:16.4: [8086:a1be] type 00 class 0x078000
[    1.781577] pci 0000:00:16.4: reg 0x10: [mem 0x92dff000-0x92dfffff 64bit]
[    1.781661] pci 0000:00:16.4: PME# supported from D3hot
[    1.782358] pci 0000:00:17.0: [8086:a182] type 00 class 0x010601
[    1.782375] pci 0000:00:17.0: reg 0x10: [mem 0x92df8000-0x92df9fff]
[    1.782382] pci 0000:00:17.0: reg 0x14: [mem 0x92e04000-0x92e040ff]
[    1.782389] pci 0000:00:17.0: reg 0x18: [io  0x2060-0x2067]
[    1.782395] pci 0000:00:17.0: reg 0x1c: [io  0x2070-0x2073]
[    1.782402] pci 0000:00:17.0: reg 0x20: [io  0x2020-0x203f]
[    1.782409] pci 0000:00:17.0: reg 0x24: [mem 0x92b00000-0x92b7ffff]
[    1.782446] pci 0000:00:17.0: PME# supported from D3hot
[    1.783177] pci 0000:00:1c.0: [8086:a190] type 01 class 0x060400
[    1.783255] pci 0000:00:1c.0: PME# supported from D0 D3hot D3cold
[    1.784030] pci 0000:00:1c.4: [8086:a194] type 01 class 0x060400
[    1.784101] pci 0000:00:1c.4: PME# supported from D0 D3hot D3cold
[    1.784864] pci 0000:00:1c.5: [8086:a195] type 01 class 0x060400
[    1.784937] pci 0000:00:1c.5: PME# supported from D0 D3hot D3cold
[    1.785705] pci 0000:00:1f.0: [8086:a1cb] type 00 class 0x060100
[    1.786519] pci 0000:00:1f.2: [8086:a1a1] type 00 class 0x058000
[    1.786535] pci 0000:00:1f.2: reg 0x10: [mem 0x92df4000-0x92df7fff]
[    1.787299] pci 0000:00:1f.4: [8086:a1a3] type 00 class 0x0c0500
[    1.787318] pci 0000:00:1f.4: reg 0x10: [mem 0x92dfe000-0x92dfe0ff 64bit]
[    1.787341] pci 0000:00:1f.4: reg 0x20: [io  0x2000-0x201f]
[    1.788038] pci 0000:00:1f.5: [8086:a1a4] type 00 class 0x0c8000
[    1.788054] pci 0000:00:1f.5: reg 0x10: [mem 0xfe010000-0xfe010fff]
[    1.788812] pci 0000:00:1c.0: PCI bridge to [bus 01]
[    1.788859] pci 0000:02:00.0: [1556:be00] type 01 class 0x060400
[    1.789028] pci 0000:00:1c.4: PCI bridge to [bus 02-03]
[    1.789032] pci 0000:00:1c.4:   bridge window [mem 0x92000000-0x928fffff]
[    1.789036] pci 0000:00:1c.4:   bridge window [mem 0x91000000-0x91ffffff 64bit pref]
[    1.789067] pci_bus 0000:03: extended config space not accessible
[    1.789084] pci 0000:03:00.0: [102b:0536] type 00 class 0x030000
[    1.789103] pci 0000:03:00.0: reg 0x10: [mem 0x91000000-0x91ffffff pref]
[    1.789113] pci 0000:03:00.0: reg 0x14: [mem 0x92808000-0x9280bfff]
[    1.789124] pci 0000:03:00.0: reg 0x18: [mem 0x92000000-0x927fffff]
[    1.789171] pci 0000:03:00.0: BAR 0: assigned to efifb
[    1.789265] pci 0000:02:00.0: PCI bridge to [bus 03]
[    1.789273] pci 0000:02:00.0:   bridge window [mem 0x92000000-0x928fffff]
[    1.789278] pci 0000:02:00.0:   bridge window [mem 0x91000000-0x91ffffff 64bit pref]
[    1.789344] pci 0000:04:00.0: [14e4:165f] type 00 class 0x020000
[    1.789376] pci 0000:04:00.0: reg 0x10: [mem 0x92930000-0x9293ffff 64bit pref]
[    1.789391] pci 0000:04:00.0: reg 0x18: [mem 0x92940000-0x9294ffff 64bit pref]
[    1.789406] pci 0000:04:00.0: reg 0x20: [mem 0x92950000-0x9295ffff 64bit pref]
[    1.789416] pci 0000:04:00.0: reg 0x30: [mem 0xfffc0000-0xffffffff pref]
[    1.789508] pci 0000:04:00.0: PME# supported from D0 D3hot D3cold
[    1.789547] pci 0000:04:00.0: 4.000 Gb/s available PCIe bandwidth, limited by 5 GT/s x1 link at 0000:00:1c.5 (capable of 8.000 Gb/s with 5 GT/s x2 link)
[    1.789678] pci 0000:04:00.1: [14e4:165f] type 00 class 0x020000
[    1.789710] pci 0000:04:00.1: reg 0x10: [mem 0x92900000-0x9290ffff 64bit pref]
[    1.789725] pci 0000:04:00.1: reg 0x18: [mem 0x92910000-0x9291ffff 64bit pref]
[    1.789740] pci 0000:04:00.1: reg 0x20: [mem 0x92920000-0x9292ffff 64bit pref]
[    1.789750] pci 0000:04:00.1: reg 0x30: [mem 0xfffc0000-0xffffffff pref]
[    1.789842] pci 0000:04:00.1: PME# supported from D0 D3hot D3cold
[    1.789987] pci 0000:00:1c.5: PCI bridge to [bus 04]
[    1.789994] pci 0000:00:1c.5:   bridge window [mem 0x92900000-0x929fffff 64bit pref]
[    1.790008] pci_bus 0000:00: on NUMA node 0
[    1.790563] ACPI: PCI Root Bridge [PC01] (domain 0000 [bus 16-2f])
[    1.790566] acpi PNP0A08:01: _OSC: OS supports [ExtendedConfig ASPM ClockPM Segments MSI HPX-Type3]
[    1.790664] acpi PNP0A08:01: PCIe AER handled by firmware
[    1.790772] acpi PNP0A08:01: _OSC: platform does not support [SHPCHotplug]
[    1.790976] acpi PNP0A08:01: _OSC: OS now controls [PCIeHotplug PME PCIeCapability LTR]
[    1.790976] acpi PNP0A08:01: FADT indicates ASPM is unsupported, using BIOS configuration
[    1.791097] PCI host bridge to bus 0000:16
[    1.791098] pci_bus 0000:16: root bus resource [io  0x5000-0x6fff window]
[    1.791099] pci_bus 0000:16: root bus resource [mem 0x9b800000-0xa63fffff window]
[    1.791100] pci_bus 0000:16: root bus resource [mem 0x210000000000-0x21ffffffffff window]
[    1.791101] pci_bus 0000:16: root bus resource [bus 16-2f]
[    1.791108] pci 0000:16:00.0: [8086:09a2] type 00 class 0x088000
[    1.791173] pci 0000:16:00.1: [8086:09a4] type 00 class 0x088000
[    1.791236] pci 0000:16:00.2: [8086:09a3] type 00 class 0x088000
[    1.791300] pci 0000:16:00.4: [8086:0998] type 00 class 0x060000
[    1.791362] pci 0000:16:02.0: [8086:347a] type 01 class 0x060400
[    1.791375] pci 0000:16:02.0: reg 0x10: [mem 0x21fffff00000-0x21fffff1ffff 64bit]
[    1.791411] pci 0000:16:02.0: PME# supported from D0 D3hot D3cold
[    1.791711] pci 0000:17:00.0: [1000:10e2] type 00 class 0x010400
[    1.791731] pci 0000:17:00.0: reg 0x10: [mem 0x9b800000-0x9b8fffff 64bit pref]
[    1.791739] pci 0000:17:00.0: reg 0x18: [mem 0x9b900000-0x9b9fffff 64bit pref]
[    1.791745] pci 0000:17:00.0: reg 0x20: [mem 0x9ba00000-0x9bafffff]
[    1.791750] pci 0000:17:00.0: reg 0x24: [io  0x5000-0x50ff]
[    1.791756] pci 0000:17:00.0: reg 0x30: [mem 0xfff00000-0xffffffff pref]
[    1.792969] pci 0000:17:00.0: supports D1 D2
[    1.793019] pci 0000:16:02.0: PCI bridge to [bus 17]
[    1.793021] pci 0000:16:02.0:   bridge window [io  0x5000-0x5fff]
[    1.793023] pci 0000:16:02.0:   bridge window [mem 0x9ba00000-0x9bafffff]
[    1.793025] pci 0000:16:02.0:   bridge window [mem 0x9b800000-0x9b9fffff 64bit pref]
[    1.793030] pci_bus 0000:16: on NUMA node 0
[    1.793094] ACPI: PCI Root Bridge [PC02] (domain 0000 [bus 30-49])
[    1.793096] acpi PNP0A08:02: _OSC: OS supports [ExtendedConfig ASPM ClockPM Segments MSI HPX-Type3]
[    1.793191] acpi PNP0A08:02: PCIe AER handled by firmware
[    1.793298] acpi PNP0A08:02: _OSC: platform does not support [SHPCHotplug]
[    1.793498] acpi PNP0A08:02: _OSC: OS now controls [PCIeHotplug PME PCIeCapability LTR]
[    1.793499] acpi PNP0A08:02: FADT indicates ASPM is unsupported, using BIOS configuration
[    1.793615] PCI host bridge to bus 0000:30
[    1.793616] pci_bus 0000:30: root bus resource [io  0x7000-0x8fff window]
[    1.793617] pci_bus 0000:30: root bus resource [mem 0xa6400000-0xb0ffffff window]
[    1.793618] pci_bus 0000:30: root bus resource [mem 0x220000000000-0x22ffffffffff window]
[    1.793619] pci_bus 0000:30: root bus resource [bus 30-49]
[    1.793626] pci 0000:30:00.0: [8086:09a2] type 00 class 0x088000
[    1.793690] pci 0000:30:00.1: [8086:09a4] type 00 class 0x088000
[    1.793751] pci 0000:30:00.2: [8086:09a3] type 00 class 0x088000
[    1.793814] pci 0000:30:00.4: [8086:0998] type 00 class 0x060000
[    1.793884] pci_bus 0000:30: on NUMA node 0
[    1.793970] ACPI: PCI Root Bridge [PC04] (domain 0000 [bus 4a-63])
[    1.793972] acpi PNP0A08:04: _OSC: OS supports [ExtendedConfig ASPM ClockPM Segments MSI HPX-Type3]
[    1.794063] acpi PNP0A08:04: PCIe AER handled by firmware
[    1.794167] acpi PNP0A08:04: _OSC: platform does not support [SHPCHotplug]
[    1.794366] acpi PNP0A08:04: _OSC: OS now controls [PCIeHotplug PME PCIeCapability LTR]
[    1.794366] acpi PNP0A08:04: FADT indicates ASPM is unsupported, using BIOS configuration
[    1.794476] PCI host bridge to bus 0000:4a
[    1.794477] pci_bus 0000:4a: root bus resource [io  0x9000-0x9fff window]
[    1.794477] pci_bus 0000:4a: root bus resource [mem 0xb1000000-0xbbbfffff window]
[    1.794478] pci_bus 0000:4a: root bus resource [mem 0x230000000000-0x23ffffffffff window]
[    1.794479] pci_bus 0000:4a: root bus resource [bus 4a-63]
[    1.794486] pci 0000:4a:00.0: [8086:09a2] type 00 class 0x088000
[    1.794548] pci 0000:4a:00.1: [8086:09a4] type 00 class 0x088000
[    1.794608] pci 0000:4a:00.2: [8086:09a3] type 00 class 0x088000
[    1.794674] pci 0000:4a:00.4: [8086:0998] type 00 class 0x060000
[    1.794744] pci_bus 0000:4a: on NUMA node 0
[    1.794803] ACPI: PCI Root Bridge [PC05] (domain 0000 [bus 64-7d])
[    1.794805] acpi PNP0A08:05: _OSC: OS supports [ExtendedConfig ASPM ClockPM Segments MSI HPX-Type3]
[    1.794898] acpi PNP0A08:05: PCIe AER handled by firmware
[    1.795003] acpi PNP0A08:05: _OSC: platform does not support [SHPCHotplug]
[    1.795202] acpi PNP0A08:05: _OSC: OS now controls [PCIeHotplug PME PCIeCapability LTR]
[    1.795202] acpi PNP0A08:05: FADT indicates ASPM is unsupported, using BIOS configuration
[    1.795311] PCI host bridge to bus 0000:64
[    1.795312] pci_bus 0000:64: root bus resource [io  0xa000-0xafff window]
[    1.795313] pci_bus 0000:64: root bus resource [mem 0xbbc00000-0xc5ffffff window]
[    1.795314] pci_bus 0000:64: root bus resource [mem 0x240000000000-0x24ffffffffff window]
[    1.795314] pci_bus 0000:64: root bus resource [bus 64-7d]
[    1.795321] pci 0000:64:00.0: [8086:09a2] type 00 class 0x088000
[    1.795384] pci 0000:64:00.1: [8086:09a4] type 00 class 0x088000
[    1.795446] pci 0000:64:00.2: [8086:09a3] type 00 class 0x088000
[    1.795508] pci 0000:64:00.4: [8086:0998] type 00 class 0x060000
[    1.795579] pci_bus 0000:64: on NUMA node 0
[    1.795635] ACPI: PCI Root Bridge [UC06] (domain 0000 [bus 7e])
[    1.795637] acpi PNP0A03:00: _OSC: OS supports [ExtendedConfig ASPM ClockPM Segments MSI HPX-Type3]
[    1.795712] acpi PNP0A03:00: PCIe AER handled by firmware
[    1.795801] acpi PNP0A03:00: _OSC: platform does not support [SHPCHotplug LTR]
[    1.795968] acpi PNP0A03:00: _OSC: OS now controls [PCIeHotplug PME PCIeCapability]
[    1.795968] acpi PNP0A03:00: FADT indicates ASPM is unsupported, using BIOS configuration
[    1.796099] PCI host bridge to bus 0000:7e
[    1.796100] pci_bus 0000:7e: root bus resource [bus 7e]
[    1.796106] pci 0000:7e:00.0: [8086:3450] type 00 class 0x088000
[    1.796175] pci 0000:7e:00.1: [8086:3451] type 00 class 0x088000
[    1.796239] pci 0000:7e:00.2: [8086:3452] type 00 class 0x088000
[    1.796312] pci 0000:7e:00.3: [8086:0998] type 00 class 0x060000
[    1.796377] pci 0000:7e:00.5: [8086:3455] type 00 class 0x088000
[    1.796446] pci 0000:7e:02.0: [8086:3440] type 00 class 0x088000
[    1.796567] pci 0000:7e:02.1: [8086:3441] type 00 class 0x088000
[    1.796681] pci 0000:7e:02.2: [8086:3442] type 00 class 0x088000
[    1.796796] pci 0000:7e:03.0: [8086:3440] type 00 class 0x088000
[    1.796885] pci 0000:7e:03.1: [8086:3441] type 00 class 0x088000
[    1.796966] pci 0000:7e:03.2: [8086:3442] type 00 class 0x088000
[    1.797059] pci 0000:7e:04.0: [8086:3440] type 00 class 0x088000
[    1.797185] pci 0000:7e:04.1: [8086:3441] type 00 class 0x088000
[    1.797306] pci 0000:7e:04.2: [8086:3442] type 00 class 0x088000
[    1.797428] pci 0000:7e:04.3: [8086:3443] type 00 class 0x088000
[    1.797553] pci 0000:7e:05.0: [8086:3445] type 00 class 0x088000
[    1.797681] pci 0000:7e:05.1: [8086:3446] type 00 class 0x088000
[    1.797799] pci 0000:7e:05.2: [8086:3447] type 00 class 0x088000
[    1.797916] pci 0000:7e:06.0: [8086:3445] type 00 class 0x088000
[    1.798007] pci 0000:7e:06.1: [8086:3446] type 00 class 0x088000
[    1.798093] pci 0000:7e:06.2: [8086:3447] type 00 class 0x088000
[    1.798186] pci 0000:7e:07.0: [8086:3445] type 00 class 0x088000
[    1.798312] pci 0000:7e:07.1: [8086:3446] type 00 class 0x088000
[    1.798438] pci 0000:7e:07.2: [8086:3447] type 00 class 0x088000
[    1.798562] pci 0000:7e:0b.0: [8086:3448] type 00 class 0x088000
[    1.798637] pci 0000:7e:0b.1: [8086:3448] type 00 class 0x088000
[    1.798711] pci 0000:7e:0b.2: [8086:344b] type 00 class 0x088000
[    1.798794] pci 0000:7e:0c.0: [8086:344a] type 00 class 0x110100
[    1.798895] pci 0000:7e:0d.0: [8086:344a] type 00 class 0x110100
[    1.798990] pci 0000:7e:0e.0: [8086:344a] type 00 class 0x110100
[    1.799139] pci 0000:7e:0f.0: [8086:344a] type 00 class 0x110100
[    1.799300] pci 0000:7e:1a.0: [8086:2880] type 00 class 0x110100
[    1.799396] pci 0000:7e:1b.0: [8086:2880] type 00 class 0x110100
[    1.799487] pci 0000:7e:1c.0: [8086:2880] type 00 class 0x110100
[    1.799641] pci 0000:7e:1d.0: [8086:2880] type 00 class 0x110100
[    1.799803] pci_bus 0000:7e: on NUMA node 0
[    1.799877] ACPI: PCI Root Bridge [UC07] (domain 0000 [bus 7f])
[    1.799879] acpi PNP0A03:01: _OSC: OS supports [ExtendedConfig ASPM ClockPM Segments MSI HPX-Type3]
[    1.799954] acpi PNP0A03:01: PCIe AER handled by firmware
[    1.800043] acpi PNP0A03:01: _OSC: platform does not support [SHPCHotplug LTR]
[    1.800212] acpi PNP0A03:01: _OSC: OS now controls [PCIeHotplug PME PCIeCapability]
[    1.800212] acpi PNP0A03:01: FADT indicates ASPM is unsupported, using BIOS configuration
[    1.800356] PCI host bridge to bus 0000:7f
[    1.800357] pci_bus 0000:7f: root bus resource [bus 7f]
[    1.800367] pci 0000:7f:00.0: [8086:344c] type 00 class 0x088000
[    1.800475] pci 0000:7f:00.1: [8086:344c] type 00 class 0x088000
[    1.800594] pci 0000:7f:00.2: [8086:344c] type 00 class 0x088000
[    1.800714] pci 0000:7f:00.3: [8086:344c] type 00 class 0x088000
[    1.800810] pci 0000:7f:00.4: [8086:344c] type 00 class 0x088000
[    1.800938] pci 0000:7f:00.5: [8086:344c] type 00 class 0x088000
[    1.801065] pci 0000:7f:00.6: [8086:344c] type 00 class 0x088000
[    1.801151] pci 0000:7f:00.7: [8086:344c] type 00 class 0x088000
[    1.801247] pci 0000:7f:01.0: [8086:344c] type 00 class 0x088000
[    1.801384] pci 0000:7f:01.1: [8086:344c] type 00 class 0x088000
[    1.801511] pci 0000:7f:01.2: [8086:344c] type 00 class 0x088000
[    1.801598] pci 0000:7f:01.3: [8086:344c] type 00 class 0x088000
[    1.801737] pci 0000:7f:01.4: [8086:344c] type 00 class 0x088000
[    1.801875] pci 0000:7f:01.5: [8086:344c] type 00 class 0x088000
[    1.802018] pci 0000:7f:01.6: [8086:344c] type 00 class 0x088000
[    1.802147] pci 0000:7f:01.7: [8086:344c] type 00 class 0x088000
[    1.802286] pci 0000:7f:02.0: [8086:344c] type 00 class 0x088000
[    1.802425] pci 0000:7f:02.1: [8086:344c] type 00 class 0x088000
[    1.802563] pci 0000:7f:02.2: [8086:344c] type 00 class 0x088000
[    1.802702] pci 0000:7f:02.3: [8086:344c] type 00 class 0x088000
[    1.802846] pci 0000:7f:02.4: [8086:344c] type 00 class 0x088000
[    1.802990] pci 0000:7f:02.5: [8086:344c] type 00 class 0x088000
[    1.803133] pci 0000:7f:02.6: [8086:344c] type 00 class 0x088000
[    1.803286] pci 0000:7f:02.7: [8086:344c] type 00 class 0x088000
[    1.803447] pci 0000:7f:03.0: [8086:344c] type 00 class 0x088000
[    1.803598] pci 0000:7f:03.1: [8086:344c] type 00 class 0x088000
[    1.803757] pci 0000:7f:03.2: [8086:344c] type 00 class 0x088000
[    1.803913] pci 0000:7f:03.3: [8086:344c] type 00 class 0x088000
[    1.804078] pci 0000:7f:0a.0: [8086:344d] type 00 class 0x088000
[    1.804188] pci 0000:7f:0a.1: [8086:344d] type 00 class 0x088000
[    1.804307] pci 0000:7f:0a.2: [8086:344d] type 00 class 0x088000
[    1.804426] pci 0000:7f:0a.3: [8086:344d] type 00 class 0x088000
[    1.804530] pci 0000:7f:0a.4: [8086:344d] type 00 class 0x088000
[    1.804658] pci 0000:7f:0a.5: [8086:344d] type 00 class 0x088000
[    1.804781] pci 0000:7f:0a.6: [8086:344d] type 00 class 0x088000
[    1.804868] pci 0000:7f:0a.7: [8086:344d] type 00 class 0x088000
[    1.804960] pci 0000:7f:0b.0: [8086:344d] type 00 class 0x088000
[    1.805095] pci 0000:7f:0b.1: [8086:344d] type 00 class 0x088000
[    1.805224] pci 0000:7f:0b.2: [8086:344d] type 00 class 0x088000
[    1.805312] pci 0000:7f:0b.3: [8086:344d] type 00 class 0x088000
[    1.805454] pci 0000:7f:0b.4: [8086:344d] type 00 class 0x088000
[    1.805595] pci 0000:7f:0b.5: [8086:344d] type 00 class 0x088000
[    1.805738] pci 0000:7f:0b.6: [8086:344d] type 00 class 0x088000
[    1.805865] pci 0000:7f:0b.7: [8086:344d] type 00 class 0x088000
[    1.806001] pci 0000:7f:0c.0: [8086:344d] type 00 class 0x088000
[    1.806140] pci 0000:7f:0c.1: [8086:344d] type 00 class 0x088000
[    1.806277] pci 0000:7f:0c.2: [8086:344d] type 00 class 0x088000
[    1.806416] pci 0000:7f:0c.3: [8086:344d] type 00 class 0x088000
[    1.806568] pci 0000:7f:0c.4: [8086:344d] type 00 class 0x088000
[    1.806710] pci 0000:7f:0c.5: [8086:344d] type 00 class 0x088000
[    1.806854] pci 0000:7f:0c.6: [8086:344d] type 00 class 0x088000
[    1.807008] pci 0000:7f:0c.7: [8086:344d] type 00 class 0x088000
[    1.807160] pci 0000:7f:0d.0: [8086:344d] type 00 class 0x088000
[    1.807313] pci 0000:7f:0d.1: [8086:344d] type 00 class 0x088000
[    1.807472] pci 0000:7f:0d.2: [8086:344d] type 00 class 0x088000
[    1.807628] pci 0000:7f:0d.3: [8086:344d] type 00 class 0x088000
[    1.807811] pci 0000:7f:1d.0: [8086:344f] type 00 class 0x088000
[    1.807929] pci 0000:7f:1d.1: [8086:3457] type 00 class 0x088000
[    1.808046] pci 0000:7f:1e.0: [8086:3458] type 00 class 0x088000
[    1.808123] pci 0000:7f:1e.1: [8086:3459] type 00 class 0x088000
[    1.808198] pci 0000:7f:1e.2: [8086:345a] type 00 class 0x088000
[    1.808272] pci 0000:7f:1e.3: [8086:345b] type 00 class 0x088000
[    1.808347] pci 0000:7f:1e.4: [8086:345c] type 00 class 0x088000
[    1.808422] pci 0000:7f:1e.5: [8086:345d] type 00 class 0x088000
[    1.808500] pci 0000:7f:1e.6: [8086:345e] type 00 class 0x088000
[    1.808574] pci 0000:7f:1e.7: [8086:345f] type 00 class 0x088000
[    1.808646] pci_bus 0000:7f: on NUMA node 0
[    1.808735] ACPI: PCI Root Bridge [PC06] (domain 0000 [bus 80])
[    1.808737] acpi PNP0A08:06: _OSC: OS supports [ExtendedConfig ASPM ClockPM Segments MSI HPX-Type3]
[    1.808831] acpi PNP0A08:06: PCIe AER handled by firmware
[    1.808935] acpi PNP0A08:06: _OSC: platform does not support [SHPCHotplug]
[    1.809134] acpi PNP0A08:06: _OSC: OS now controls [PCIeHotplug PME PCIeCapability LTR]
[    1.809134] acpi PNP0A08:06: FADT indicates ASPM is unsupported, using BIOS configuration
[    1.809283] PCI host bridge to bus 0000:80
[    1.809284] pci_bus 0000:80: root bus resource [io  0xb000-0xbfff window]
[    1.809285] pci_bus 0000:80: root bus resource [mem 0xc6800000-0xd0ffffff window]
[    1.809286] pci_bus 0000:80: root bus resource [mem 0x250000000000-0x25ffffffffff window]
[    1.809286] pci_bus 0000:80: root bus resource [bus 80]
[    1.809293] pci 0000:80:00.0: [8086:09a2] type 00 class 0x088000
[    1.809373] pci 0000:80:00.1: [8086:09a4] type 00 class 0x088000
[    1.809454] pci 0000:80:00.2: [8086:09a3] type 00 class 0x088000
[    1.809531] pci 0000:80:00.4: [8086:0998] type 00 class 0x060000
[    1.809607] pci 0000:80:02.0: [8086:09a6] type 00 class 0x088000
[    1.809617] pci 0000:80:02.0: reg 0x10: [mem 0xc6aa4000-0xc6aa5fff]
[    1.809682] pci 0000:80:02.1: [8086:09a7] type 00 class 0x088000
[    1.809692] pci 0000:80:02.1: reg 0x10: [mem 0xc6a00000-0xc6a7ffff]
[    1.809697] pci 0000:80:02.1: reg 0x14: [mem 0xc6980000-0xc69fffff]
[    1.809764] pci 0000:80:02.4: [8086:3456] type 00 class 0x130000
[    1.809775] pci 0000:80:02.4: reg 0x10: [mem 0xc6800000-0xc68fffff 64bit]
[    1.809782] pci 0000:80:02.4: reg 0x18: [mem 0xc6aa0000-0xc6aa3fff 64bit]
[    1.809789] pci 0000:80:02.4: reg 0x20: [mem 0xc6a80000-0xc6a9ffff 64bit]
[    1.809849] pci_bus 0000:80: on NUMA node 1
[    1.809915] ACPI: PCI Root Bridge [PC07] (domain 0000 [bus 81])
[    1.809917] acpi PNP0A08:07: _OSC: OS supports [ExtendedConfig ASPM ClockPM Segments MSI HPX-Type3]
[    1.810007] acpi PNP0A08:07: PCIe AER handled by firmware
[    1.810111] acpi PNP0A08:07: _OSC: platform does not support [SHPCHotplug]
[    1.810310] acpi PNP0A08:07: _OSC: OS now controls [PCIeHotplug PME PCIeCapability LTR]
[    1.810311] acpi PNP0A08:07: FADT indicates ASPM is unsupported, using BIOS configuration
[    1.810424] PCI host bridge to bus 0000:81
[    1.810425] pci_bus 0000:81: root bus resource [io  0xc000-0xcfff window]
[    1.810426] pci_bus 0000:81: root bus resource [mem 0xd1000000-0xdbbfffff window]
[    1.810426] pci_bus 0000:81: root bus resource [mem 0x260000000000-0x26ffffffffff window]
[    1.810427] pci_bus 0000:81: root bus resource [bus 81]
[    1.810434] pci 0000:81:00.0: [8086:09a2] type 00 class 0x088000
[    1.810504] pci 0000:81:00.1: [8086:09a4] type 00 class 0x088000
[    1.810570] pci 0000:81:00.2: [8086:09a3] type 00 class 0x088000
[    1.810638] pci 0000:81:00.4: [8086:0998] type 00 class 0x060000
[    1.810719] pci_bus 0000:81: on NUMA node 1
[    1.810777] ACPI: PCI Root Bridge [PC08] (domain 0000 [bus 82])
[    1.810779] acpi PNP0A08:08: _OSC: OS supports [ExtendedConfig ASPM ClockPM Segments MSI HPX-Type3]
[    1.810869] acpi PNP0A08:08: PCIe AER handled by firmware
[    1.810976] acpi PNP0A08:08: _OSC: platform does not support [SHPCHotplug]
[    1.811175] acpi PNP0A08:08: _OSC: OS now controls [PCIeHotplug PME PCIeCapability LTR]
[    1.811176] acpi PNP0A08:08: FADT indicates ASPM is unsupported, using BIOS configuration
[    1.811285] PCI host bridge to bus 0000:82
[    1.811286] pci_bus 0000:82: root bus resource [io  0xd000-0xdfff window]
[    1.811287] pci_bus 0000:82: root bus resource [mem 0xdbc00000-0xe67fffff window]
[    1.811287] pci_bus 0000:82: root bus resource [mem 0x270000000000-0x27ffffffffff window]
[    1.811288] pci_bus 0000:82: root bus resource [bus 82]
[    1.811295] pci 0000:82:00.0: [8086:09a2] type 00 class 0x088000
[    1.811364] pci 0000:82:00.1: [8086:09a4] type 00 class 0x088000
[    1.811432] pci 0000:82:00.2: [8086:09a3] type 00 class 0x088000
[    1.811504] pci 0000:82:00.4: [8086:0998] type 00 class 0x060000
[    1.811583] pci_bus 0000:82: on NUMA node 1
[    1.811668] ACPI: PCI Root Bridge [PC10] (domain 0000 [bus 83-f9])
[    1.811670] acpi PNP0A08:0a: _OSC: OS supports [ExtendedConfig ASPM ClockPM Segments MSI HPX-Type3]
[    1.811759] acpi PNP0A08:0a: PCIe AER handled by firmware
[    1.811863] acpi PNP0A08:0a: _OSC: platform does not support [SHPCHotplug]
[    1.812061] acpi PNP0A08:0a: _OSC: OS now controls [PCIeHotplug PME PCIeCapability LTR]
[    1.812062] acpi PNP0A08:0a: FADT indicates ASPM is unsupported, using BIOS configuration
[    1.812181] PCI host bridge to bus 0000:83
[    1.812182] pci_bus 0000:83: root bus resource [io  0xe000-0xefff window]
[    1.812183] pci_bus 0000:83: root bus resource [mem 0xe6800000-0xf13fffff window]
[    1.812183] pci_bus 0000:83: root bus resource [mem 0x280000000000-0x28ffffffffff window]
[    1.812184] pci_bus 0000:83: root bus resource [bus 83-f9]
[    1.812191] pci 0000:83:00.0: [8086:09a2] type 00 class 0x088000
[    1.812260] pci 0000:83:00.1: [8086:09a4] type 00 class 0x088000
[    1.812327] pci 0000:83:00.2: [8086:09a3] type 00 class 0x088000
[    1.812396] pci 0000:83:00.4: [8086:0998] type 00 class 0x060000
[    1.812476] pci_bus 0000:83: on NUMA node 1
[    1.812533] ACPI: PCI Root Bridge [PC11] (domain 0000 [bus fa])
[    1.812535] acpi PNP0A08:0b: _OSC: OS supports [ExtendedConfig ASPM ClockPM Segments MSI HPX-Type3]
[    1.812627] acpi PNP0A08:0b: PCIe AER handled by firmware
[    1.812731] acpi PNP0A08:0b: _OSC: platform does not support [SHPCHotplug]
[    1.812930] acpi PNP0A08:0b: _OSC: OS now controls [PCIeHotplug PME PCIeCapability LTR]
[    1.812931] acpi PNP0A08:0b: FADT indicates ASPM is unsupported, using BIOS configuration
[    1.813041] PCI host bridge to bus 0000:fa
[    1.813042] pci_bus 0000:fa: root bus resource [io  0xf000-0xffff window]
[    1.813043] pci_bus 0000:fa: root bus resource [mem 0xf1400000-0xfb7fffff window]
[    1.813044] pci_bus 0000:fa: root bus resource [mem 0x290000000000-0x29ffffffffff window]
[    1.813045] pci_bus 0000:fa: root bus resource [bus fa]
[    1.813052] pci 0000:fa:00.0: [8086:09a2] type 00 class 0x088000
[    1.813120] pci 0000:fa:00.1: [8086:09a4] type 00 class 0x088000
[    1.813188] pci 0000:fa:00.2: [8086:09a3] type 00 class 0x088000
[    1.813261] pci 0000:fa:00.4: [8086:0998] type 00 class 0x060000
[    1.813341] pci_bus 0000:fa: on NUMA node 1
[    1.813397] ACPI: PCI Root Bridge [UC16] (domain 0000 [bus fe])
[    1.813399] acpi PNP0A03:02: _OSC: OS supports [ExtendedConfig ASPM ClockPM Segments MSI HPX-Type3]
[    1.813473] acpi PNP0A03:02: PCIe AER handled by firmware
[    1.813562] acpi PNP0A03:02: _OSC: platform does not support [SHPCHotplug LTR]
[    1.813729] acpi PNP0A03:02: _OSC: OS now controls [PCIeHotplug PME PCIeCapability]
[    1.813730] acpi PNP0A03:02: FADT indicates ASPM is unsupported, using BIOS configuration
[    1.813860] PCI host bridge to bus 0000:fe
[    1.813861] pci_bus 0000:fe: root bus resource [bus fe]
[    1.813867] pci 0000:fe:00.0: [8086:3450] type 00 class 0x088000
[    1.813938] pci 0000:fe:00.1: [8086:3451] type 00 class 0x088000
[    1.814004] pci 0000:fe:00.2: [8086:3452] type 00 class 0x088000
[    1.814071] pci 0000:fe:00.3: [8086:0998] type 00 class 0x060000
[    1.814139] pci 0000:fe:00.5: [8086:3455] type 00 class 0x088000
[    1.814211] pci 0000:fe:02.0: [8086:3440] type 00 class 0x088000
[    1.814336] pci 0000:fe:02.1: [8086:3441] type 00 class 0x088000
[    1.814459] pci 0000:fe:02.2: [8086:3442] type 00 class 0x088000
[    1.814576] pci 0000:fe:03.0: [8086:3440] type 00 class 0x088000
[    1.814669] pci 0000:fe:03.1: [8086:3441] type 00 class 0x088000
[    1.814755] pci 0000:fe:03.2: [8086:3442] type 00 class 0x088000
[    1.814847] pci 0000:fe:04.0: [8086:3440] type 00 class 0x088000
[    1.814978] pci 0000:fe:04.1: [8086:3441] type 00 class 0x088000
[    1.815103] pci 0000:fe:04.2: [8086:3442] type 00 class 0x088000
[    1.815228] pci 0000:fe:04.3: [8086:3443] type 00 class 0x088000
[    1.815362] pci 0000:fe:05.0: [8086:3445] type 00 class 0x088000
[    1.815487] pci 0000:fe:05.1: [8086:3446] type 00 class 0x088000
[    1.815607] pci 0000:fe:05.2: [8086:3447] type 00 class 0x088000
[    1.815729] pci 0000:fe:06.0: [8086:3445] type 00 class 0x088000
[    1.815822] pci 0000:fe:06.1: [8086:3446] type 00 class 0x088000
[    1.815911] pci 0000:fe:06.2: [8086:3447] type 00 class 0x088000
[    1.816007] pci 0000:fe:07.0: [8086:3445] type 00 class 0x088000
[    1.816139] pci 0000:fe:07.1: [8086:3446] type 00 class 0x088000
[    1.816271] pci 0000:fe:07.2: [8086:3447] type 00 class 0x088000
[    1.816398] pci 0000:fe:0b.0: [8086:3448] type 00 class 0x088000
[    1.816477] pci 0000:fe:0b.1: [8086:3448] type 00 class 0x088000
[    1.816551] pci 0000:fe:0b.2: [8086:344b] type 00 class 0x088000
[    1.816631] pci 0000:fe:0c.0: [8086:344a] type 00 class 0x110100
[    1.816734] pci 0000:fe:0d.0: [8086:344a] type 00 class 0x110100
[    1.816830] pci 0000:fe:0e.0: [8086:344a] type 00 class 0x110100
[    1.816983] pci 0000:fe:0f.0: [8086:344a] type 00 class 0x110100
[    1.817154] pci 0000:fe:1a.0: [8086:2880] type 00 class 0x110100
[    1.817253] pci 0000:fe:1b.0: [8086:2880] type 00 class 0x110100
[    1.817348] pci 0000:fe:1c.0: [8086:2880] type 00 class 0x110100
[    1.817508] pci 0000:fe:1d.0: [8086:2880] type 00 class 0x110100
[    1.817669] pci_bus 0000:fe: on NUMA node 1
[    1.817740] ACPI: PCI Root Bridge [UC17] (domain 0000 [bus ff])
[    1.817742] acpi PNP0A03:03: _OSC: OS supports [ExtendedConfig ASPM ClockPM Segments MSI HPX-Type3]
[    1.817816] acpi PNP0A03:03: PCIe AER handled by firmware
[    1.817905] acpi PNP0A03:03: _OSC: platform does not support [SHPCHotplug LTR]
[    1.818072] acpi PNP0A03:03: _OSC: OS now controls [PCIeHotplug PME PCIeCapability]
[    1.818072] acpi PNP0A03:03: FADT indicates ASPM is unsupported, using BIOS configuration
[    1.818213] PCI host bridge to bus 0000:ff
[    1.818214] pci_bus 0000:ff: root bus resource [bus ff]
[    1.818224] pci 0000:ff:00.0: [8086:344c] type 00 class 0x088000
[    1.818339] pci 0000:ff:00.1: [8086:344c] type 00 class 0x088000
[    1.818459] pci 0000:ff:00.2: [8086:344c] type 00 class 0x088000
[    1.818565] pci 0000:ff:00.3: [8086:344c] type 00 class 0x088000
[    1.818698] pci 0000:ff:00.4: [8086:344c] type 00 class 0x088000
[    1.818822] pci 0000:ff:00.5: [8086:344c] type 00 class 0x088000
[    1.818925] pci 0000:ff:00.6: [8086:344c] type 00 class 0x088000
[    1.819059] pci 0000:ff:00.7: [8086:344c] type 00 class 0x088000
[    1.819191] pci 0000:ff:01.0: [8086:344c] type 00 class 0x088000
[    1.819332] pci 0000:ff:01.1: [8086:344c] type 00 class 0x088000
[    1.819466] pci 0000:ff:01.2: [8086:344c] type 00 class 0x088000
[    1.819556] pci 0000:ff:01.3: [8086:344c] type 00 class 0x088000
[    1.819705] pci 0000:ff:01.4: [8086:344c] type 00 class 0x088000
[    1.819850] pci 0000:ff:01.5: [8086:344c] type 00 class 0x088000
[    1.819999] pci 0000:ff:01.6: [8086:344c] type 00 class 0x088000
[    1.820132] pci 0000:ff:01.7: [8086:344c] type 00 class 0x088000
[    1.820272] pci 0000:ff:02.0: [8086:344c] type 00 class 0x088000
[    1.820414] pci 0000:ff:02.1: [8086:344c] type 00 class 0x088000
[    1.820552] pci 0000:ff:02.2: [8086:344c] type 00 class 0x088000
[    1.820698] pci 0000:ff:02.3: [8086:344c] type 00 class 0x088000
[    1.820844] pci 0000:ff:02.4: [8086:344c] type 00 class 0x088000
[    1.820988] pci 0000:ff:02.5: [8086:344c] type 00 class 0x088000
[    1.821139] pci 0000:ff:02.6: [8086:344c] type 00 class 0x088000
[    1.821287] pci 0000:ff:02.7: [8086:344c] type 00 class 0x088000
[    1.821446] pci 0000:ff:03.0: [8086:344c] type 00 class 0x088000
[    1.821609] pci 0000:ff:03.1: [8086:344c] type 00 class 0x088000
[    1.821766] pci 0000:ff:03.2: [8086:344c] type 00 class 0x088000
[    1.821937] pci 0000:ff:03.3: [8086:344c] type 00 class 0x088000
[    1.822115] pci 0000:ff:0a.0: [8086:344d] type 00 class 0x088000
[    1.822230] pci 0000:ff:0a.1: [8086:344d] type 00 class 0x088000
[    1.822349] pci 0000:ff:0a.2: [8086:344d] type 00 class 0x088000
[    1.822456] pci 0000:ff:0a.3: [8086:344d] type 00 class 0x088000
[    1.822584] pci 0000:ff:0a.4: [8086:344d] type 00 class 0x088000
[    1.822709] pci 0000:ff:0a.5: [8086:344d] type 00 class 0x088000
[    1.822812] pci 0000:ff:0a.6: [8086:344d] type 00 class 0x088000
[    1.822945] pci 0000:ff:0a.7: [8086:344d] type 00 class 0x088000
[    1.823084] pci 0000:ff:0b.0: [8086:344d] type 00 class 0x088000
[    1.823225] pci 0000:ff:0b.1: [8086:344d] type 00 class 0x088000
[    1.823360] pci 0000:ff:0b.2: [8086:344d] type 00 class 0x088000
[    1.823450] pci 0000:ff:0b.3: [8086:344d] type 00 class 0x088000
[    1.823594] pci 0000:ff:0b.4: [8086:344d] type 00 class 0x088000
[    1.823738] pci 0000:ff:0b.5: [8086:344d] type 00 class 0x088000
[    1.823886] pci 0000:ff:0b.6: [8086:344d] type 00 class 0x088000
[    1.824019] pci 0000:ff:0b.7: [8086:344d] type 00 class 0x088000
[    1.824165] pci 0000:ff:0c.0: [8086:344d] type 00 class 0x088000
[    1.824307] pci 0000:ff:0c.1: [8086:344d] type 00 class 0x088000
[    1.824448] pci 0000:ff:0c.2: [8086:344d] type 00 class 0x088000
[    1.824594] pci 0000:ff:0c.3: [8086:344d] type 00 class 0x088000
[    1.824735] pci 0000:ff:0c.4: [8086:344d] type 00 class 0x088000
[    1.824880] pci 0000:ff:0c.5: [8086:344d] type 00 class 0x088000
[    1.825031] pci 0000:ff:0c.6: [8086:344d] type 00 class 0x088000
[    1.825179] pci 0000:ff:0c.7: [8086:344d] type 00 class 0x088000
[    1.825344] pci 0000:ff:0d.0: [8086:344d] type 00 class 0x088000
[    1.825504] pci 0000:ff:0d.1: [8086:344d] type 00 class 0x088000
[    1.825658] pci 0000:ff:0d.2: [8086:344d] type 00 class 0x088000
[    1.825823] pci 0000:ff:0d.3: [8086:344d] type 00 class 0x088000
[    1.826007] pci 0000:ff:1d.0: [8086:344f] type 00 class 0x088000
[    1.826128] pci 0000:ff:1d.1: [8086:3457] type 00 class 0x088000
[    1.826250] pci 0000:ff:1e.0: [8086:3458] type 00 class 0x088000
[    1.826331] pci 0000:ff:1e.1: [8086:3459] type 00 class 0x088000
[    1.826414] pci 0000:ff:1e.2: [8086:345a] type 00 class 0x088000
[    1.826492] pci 0000:ff:1e.3: [8086:345b] type 00 class 0x088000
[    1.826567] pci 0000:ff:1e.4: [8086:345c] type 00 class 0x088000
[    1.826646] pci 0000:ff:1e.5: [8086:345d] type 00 class 0x088000
[    1.826723] pci 0000:ff:1e.6: [8086:345e] type 00 class 0x088000
[    1.826799] pci 0000:ff:1e.7: [8086:345f] type 00 class 0x088000
[    1.826875] pci_bus 0000:ff: on NUMA node 1
[    1.830696] HMAT: Memory (0x0 length 0x80000000) Flags:0003 Processor Domain:0 Memory Domain:0
[    1.830696] HMAT: Memory (0x100000000 length 0xf80000000) Flags:0003 Processor Domain:0 Memory Domain:0
[    1.830696] HMAT: Memory (0x2080000000 length 0x7e00000000) Flags:0003 Processor Domain:0 Memory Domain:2
[    1.830696] HMAT: Memory (0x1080000000 length 0x1000000000) Flags:0003 Processor Domain:1 Memory Domain:1
[    1.830696] HMAT: Memory (0x9e80000000 length 0x7e00000000) Flags:0003 Processor Domain:1 Memory Domain:3
[    1.830696] HMAT: Locality: Flags:00 Type:Read Latency Initiator Domains:2 Target Domains:4 Base:100
[    1.830696]   Initiator-Target[0-0]:7600 nsec
[    1.830696]   Initiator-Target[0-1]:13560 nsec
[    1.830696]   Initiator-Target[0-2]:25350 nsec
[    1.830696]   Initiator-Target[0-3]:31600 nsec
[    1.830696]   Initiator-Target[1-0]:13560 nsec
[    1.830696]   Initiator-Target[1-1]:7600 nsec
[    1.830696]   Initiator-Target[1-2]:31600 nsec
[    1.830696]   Initiator-Target[1-3]:25350 nsec
[    1.830696] HMAT: Locality: Flags:00 Type:Write Latency Initiator Domains:2 Target Domains:4 Base:100
[    1.830696]   Initiator-Target[0-0]:7600 nsec
[    1.830696]   Initiator-Target[0-1]:13560 nsec
[    1.830696]   Initiator-Target[0-2]:25350 nsec
[    1.830696]   Initiator-Target[0-3]:31600 nsec
[    1.830696]   Initiator-Target[1-0]:13560 nsec
[    1.830696]   Initiator-Target[1-1]:7600 nsec
[    1.830696]   Initiator-Target[1-2]:31600 nsec
[    1.830696]   Initiator-Target[1-3]:25350 nsec
[    1.830696] HMAT: Locality: Flags:00 Type:Read Bandwidth Initiator Domains:2 Target Domains:4 Base:1
[    1.830696]   Initiator-Target[0-0]:1790 MB/s
[    1.830696]   Initiator-Target[0-1]:1790 MB/s
[    1.830696]   Initiator-Target[0-2]:463 MB/s
[    1.830696]   Initiator-Target[0-3]:463 MB/s
[    1.830696]   Initiator-Target[1-0]:1790 MB/s
[    1.830696]   Initiator-Target[1-1]:1790 MB/s
[    1.830696]   Initiator-Target[1-2]:463 MB/s
[    1.830696]   Initiator-Target[1-3]:463 MB/s
[    1.830696] HMAT: Locality: Flags:00 Type:Write Bandwidth Initiator Domains:2 Target Domains:4 Base:1
[    1.830696]   Initiator-Target[0-0]:1910 MB/s
[    1.830696]   Initiator-Target[0-1]:1910 MB/s
[    1.830696]   Initiator-Target[0-2]:138 MB/s
[    1.830696]   Initiator-Target[0-3]:138 MB/s
[    1.830696]   Initiator-Target[1-0]:1910 MB/s
[    1.830696]   Initiator-Target[1-1]:1910 MB/s
[    1.830696]   Initiator-Target[1-2]:138 MB/s
[    1.830696]   Initiator-Target[1-3]:138 MB/s
[    1.830696] WARNING: CPU: 62 PID: 1 at drivers/base/node.c:191 node_set_perf_attrs+0x90/0xb0
[    1.830696] Modules linked in:
[    1.830696] CPU: 62 PID: 1 Comm: swapper/0 Not tainted 5.3.1-multiclock #1
[    1.830696] Hardware name: Dell Inc. PowerEdge R750/0K8F35, BIOS 1.10.2 03/03/2023
[    1.830696] RIP: 0010:node_set_perf_attrs+0x90/0xb0
[    1.830696] Code: f4 02 00 00 4c 89 ea 4c 89 e7 e8 bb bf c7 ff 85 c0 75 24 48 83 c3 08 48 8b 33 48 85 f6 75 e5 5b 41 5a 41 5c 41 5d 41 5e 5d c3 <0f> 0b 5b 41 5a 41 5c 41 5d 41 5e 5d c3 44 89 f6 48 c7 c7 70 5b 5a
[    1.830696] RSP: 0000:ffffae7540117d80 EFLAGS: 00010246
[    1.830696] RAX: 0000000000000002 RBX: 0000000000000003 RCX: 0000000000000000
[    1.830696] RDX: 0000000000000000 RSI: ffff90e4ccf2e418 RDI: 0000000000000002
[    1.830696] RBP: ffffae7540117da8 R08: ffff90f5564e2678 R09: 0000000000000000
[    1.830696] R10: ffff90f559e2df40 R11: ffff90e4d4c74790 R12: ffff90e4ccf2e400
[    1.830696] R13: ffffffff94cdb310 R14: 0000000000000005 R15: ffffffff94a95806
[    1.830696] FS:  0000000000000000(0000) GS:ffff90e4d59c0000(0000) knlGS:0000000000000000
[    1.830696] CS:  0010 DS: 0000 ES: 0000 CR0: 0000000080050033
[    1.830696] CR2: 0000000000000000 CR3: 0000000f87e0a001 CR4: 0000000000760ee0
[    1.830696] DR0: 0000000000000000 DR1: 0000000000000000 DR2: 0000000000000000
[    1.830696] DR3: 0000000000000000 DR6: 00000000fffe0ff0 DR7: 0000000000000400
[    1.830696] PKRU: 55555554
[    1.830696] Call Trace:
[    1.830696]  hmat_init+0x32a/0x43c
[    1.830696]  ? hmat_parse_subtable+0x503/0x503
[    1.830696]  ? set_debug_rodata+0x17/0x17
[    1.830696]  do_one_initcall+0x4a/0x1fa
[    1.830696]  kernel_init_freeable+0x1c6/0x26d
[    1.830696]  ? rest_init+0xb0/0xb0
[    1.830696]  kernel_init+0xe/0x110
[    1.830696]  ret_from_fork+0x1f/0x40
[    1.830696] ---[ end trace 9b62211770711208 ]---
[    1.830714] pci 0000:03:00.0: vgaarb: setting as boot VGA device
[    1.830714] pci 0000:03:00.0: vgaarb: VGA device added: decodes=io+mem,owns=io+mem,locks=none
[    1.830769] pci 0000:03:00.0: vgaarb: bridge control possible
[    1.830770] vgaarb: loaded
[    1.830970] SCSI subsystem initialized
[    1.831114] libata version 3.00 loaded.
[    1.831114] ACPI: bus type USB registered
[    1.831114] usbcore: registered new interface driver usbfs
[    1.831114] usbcore: registered new interface driver hub
[    1.831114] usbcore: registered new device driver usb
[    1.831114] pps_core: LinuxPPS API ver. 1 registered
[    1.831114] pps_core: Software ver. 5.3.6 - Copyright 2005-2007 Rodolfo Giometti <giometti@linux.it>
[    1.831114] PTP clock support registered
[    1.831225] EDAC MC: Ver: 3.0.0
[    1.831432] Registered efivars operations
[    1.831432] PCI: Using ACPI for IRQ routing
[    1.834168] PCI: pci_cache_line_size set to 64 bytes
[    1.834825] e820: reserve RAM buffer [mem 0x0008f000-0x0008ffff]
[    1.834826] e820: reserve RAM buffer [mem 0x47bdd020-0x47ffffff]
[    1.834827] e820: reserve RAM buffer [mem 0x47c0f020-0x47ffffff]
[    1.834827] e820: reserve RAM buffer [mem 0x47c42020-0x47ffffff]
[    1.834828] e820: reserve RAM buffer [mem 0x47c75020-0x47ffffff]
[    1.834829] e820: reserve RAM buffer [mem 0x49e77000-0x4bffffff]
[    1.834829] e820: reserve RAM buffer [mem 0x4b2cf000-0x4bffffff]
[    1.834830] e820: reserve RAM buffer [mem 0x4bd94000-0x4bffffff]
[    1.834831] e820: reserve RAM buffer [mem 0x4ce00000-0x4fffffff]
[    1.834831] e820: reserve RAM buffer [mem 0x5eefe000-0x5fffffff]
[    1.834832] e820: reserve RAM buffer [mem 0x6f800000-0x6fffffff]
[    1.835124] NetLabel: Initializing
[    1.835124] NetLabel:  domain hash size = 128
[    1.835125] NetLabel:  protocols = UNLABELED CIPSOv4 CALIPSO
[    1.835142] NetLabel:  unlabeled traffic allowed by default
[    1.840033] hpet0: at MMIO 0xfed00000, IRQs 2, 8, 0, 0, 0, 0, 0, 0
[    1.840035] hpet0: 8 comparators, 64-bit 24.000000 MHz counter
[    1.842208] clocksource: Switched to clocksource tsc-early
[    1.849815] VFS: Disk quotas dquot_6.6.0
[    1.849858] VFS: Dquot-cache hash table entries: 512 (order 0, 4096 bytes)
[    1.850152] *** VALIDATE hugetlbfs ***
[    1.850261] AppArmor: AppArmor Filesystem Enabled
[    1.850279] pnp: PnP ACPI init
[    1.865546] pnp 00:00: Plug and Play ACPI device, IDs PNP0b00 (active)
[    1.865707] system 00:01: [io  0x0500-0x05fe] has been reserved
[    1.865708] system 00:01: [io  0x0400-0x041f] has been reserved
[    1.865709] system 00:01: [io  0x0600-0x061f] has been reserved
[    1.865711] system 00:01: [io  0x0ca0-0x0ca1] has been reserved
[    1.865711] system 00:01: [io  0x0ca4-0x0ca6] has been reserved
[    1.865713] system 00:01: [mem 0xff000000-0xffffffff] has been reserved
[    1.865716] system 00:01: Plug and Play ACPI device, IDs PNP0c02 (active)
[    1.865964] pnp 00:02: Plug and Play ACPI device, IDs PNP0501 (active)
[    1.866171] pnp 00:03: Plug and Play ACPI device, IDs PNP0501 (active)
[    1.866326] system 00:04: [mem 0xfd000000-0xfdabffff] has been reserved
[    1.866327] system 00:04: [mem 0xfdad0000-0xfdadffff] has been reserved
[    1.866329] system 00:04: [mem 0xfdb00000-0xfdffffff] has been reserved
[    1.866330] system 00:04: [mem 0xfe000000-0xfe00ffff] has been reserved
[    1.866331] system 00:04: [mem 0xfe011000-0xfe01ffff] has been reserved
[    1.866332] system 00:04: [mem 0xfe036000-0xfe03bfff] has been reserved
[    1.866333] system 00:04: [mem 0xfe03d000-0xfe3fffff] has been reserved
[    1.866334] system 00:04: [mem 0xfe410000-0xfe7fffff] has been reserved
[    1.866336] system 00:04: Plug and Play ACPI device, IDs PNP0c02 (active)
[    1.866658] system 00:05: [io  0x1000-0x10fe] has been reserved
[    1.866661] system 00:05: Plug and Play ACPI device, IDs PNP0c02 (active)
[    1.867647] pnp: PnP ACPI: found 6 devices
[    1.868716] thermal_sys: Registered thermal governor 'fair_share'
[    1.868717] thermal_sys: Registered thermal governor 'bang_bang'
[    1.868717] thermal_sys: Registered thermal governor 'step_wise'
[    1.868718] thermal_sys: Registered thermal governor 'user_space'
[    1.868718] thermal_sys: Registered thermal governor 'power_allocator'
[    1.873210] clocksource: acpi_pm: mask: 0xffffff max_cycles: 0xffffff, max_idle_ns: 2085701024 ns
[    1.873233] pci 0000:04:00.0: can't claim BAR 6 [mem 0xfffc0000-0xffffffff pref]: no compatible bridge window
[    1.873234] pci 0000:04:00.1: can't claim BAR 6 [mem 0xfffc0000-0xffffffff pref]: no compatible bridge window
[    1.873236] pci 0000:17:00.0: can't claim BAR 6 [mem 0xfff00000-0xffffffff pref]: no compatible bridge window
[    1.873250] pci 0000:00:1c.5: BAR 14: assigned [mem 0x90000000-0x900fffff]
[    1.873252] pci 0000:00:1c.0: PCI bridge to [bus 01]
[    1.873262] pci 0000:02:00.0: PCI bridge to [bus 03]
[    1.873267] pci 0000:02:00.0:   bridge window [mem 0x92000000-0x928fffff]
[    1.873270] pci 0000:02:00.0:   bridge window [mem 0x91000000-0x91ffffff 64bit pref]
[    1.873276] pci 0000:00:1c.4: PCI bridge to [bus 02-03]
[    1.873279] pci 0000:00:1c.4:   bridge window [mem 0x92000000-0x928fffff]
[    1.873281] pci 0000:00:1c.4:   bridge window [mem 0x91000000-0x91ffffff 64bit pref]
[    1.873286] pci 0000:04:00.0: BAR 6: assigned [mem 0x90000000-0x9003ffff pref]
[    1.873287] pci 0000:04:00.1: BAR 6: assigned [mem 0x90040000-0x9007ffff pref]
[    1.873288] pci 0000:00:1c.5: PCI bridge to [bus 04]
[    1.873291] pci 0000:00:1c.5:   bridge window [mem 0x90000000-0x900fffff]
[    1.873293] pci 0000:00:1c.5:   bridge window [mem 0x92900000-0x929fffff 64bit pref]
[    1.873298] pci_bus 0000:00: resource 4 [io  0x0000-0x0cf7 window]
[    1.873298] pci_bus 0000:00: resource 5 [io  0x1000-0x4fff window]
[    1.873299] pci_bus 0000:00: resource 6 [mem 0x000a0000-0x000bffff window]
[    1.873300] pci_bus 0000:00: resource 7 [mem 0x000c8000-0x000cffff window]
