[    0.000000] Linux version 5.3.1-multiclock (xmu@xmu-PowerEdge-R750) (gcc version 7.5.0 (Ubuntu 7.5.0-3ubuntu1~18.04)) #1 SMP Wed Aug 9 20:46:02 CST 2023
[    0.000000] Command line: BOOT_IMAGE=/boot/vmlinuz-5.3.1-multiclock root=UUID=ce0c24b8-724b-4f33-9b2c-618433560aef ro memmap=45400M!4096M memmap=59G!64G quiet splash nomodeset vt.handoff=1
[    0.000000] KERNEL supported cpus:
[    0.000000]   Intel GenuineIntel
[    0.000000]   AMD AuthenticAMD
[    0.000000]   Hygon HygonGenuine
[    0.000000]   Centaur CentaurHauls
[    0.000000]   zhaoxin   Shanghai  
[    0.000000] x86/fpu: Supporting XSAVE feature 0x001: 'x87 floating point registers'
[    0.000000] x86/fpu: Supporting XSAVE feature 0x002: 'SSE registers'
[    0.000000] x86/fpu: Supporting XSAVE feature 0x004: 'AVX registers'
[    0.000000] x86/fpu: Supporting XSAVE feature 0x020: 'AVX-512 opmask'
[    0.000000] x86/fpu: Supporting XSAVE feature 0x040: 'AVX-512 Hi256'
[    0.000000] x86/fpu: Supporting XSAVE feature 0x080: 'AVX-512 ZMM_Hi256'
[    0.000000] x86/fpu: Supporting XSAVE feature 0x200: 'Protection Keys User registers'
[    0.000000] x86/fpu: xstate_offset[2]:  576, xstate_sizes[2]:  256
[    0.000000] x86/fpu: xstate_offset[5]:  832, xstate_sizes[5]:   64
[    0.000000] x86/fpu: xstate_offset[6]:  896, xstate_sizes[6]:  512
[    0.000000] x86/fpu: xstate_offset[7]: 1408, xstate_sizes[7]: 1024
[    0.000000] x86/fpu: xstate_offset[9]: 2432, xstate_sizes[9]:    8
[    0.000000] x86/fpu: Enabled xstate features 0x2e7, context size is 2440 bytes, using 'compacted' format.
[    0.000000] BIOS-provided physical RAM map:
[    0.000000] BIOS-e820: [mem 0x0000000000000000-0x000000000008efff] usable
[    0.000000] BIOS-e820: [mem 0x000000000008f000-0x000000000008ffff] reserved
[    0.000000] BIOS-e820: [mem 0x0000000000090000-0x000000000009ffff] usable
[    0.000000] BIOS-e820: [mem 0x00000000000a0000-0x00000000000fffff] reserved
[    0.000000] BIOS-e820: [mem 0x0000000000100000-0x0000000049e76fff] usable
[    0.000000] BIOS-e820: [mem 0x0000000049e77000-0x000000004ae76fff] ACPI NVS
[    0.000000] BIOS-e820: [mem 0x000000004ae77000-0x000000004b2cefff] usable
[    0.000000] BIOS-e820: [mem 0x000000004b2cf000-0x000000004b54dfff] ACPI data
[    0.000000] BIOS-e820: [mem 0x000000004b54e000-0x000000004bd93fff] usable
[    0.000000] BIOS-e820: [mem 0x000000004bd94000-0x000000004be99fff] reserved
[    0.000000] BIOS-e820: [mem 0x000000004be9a000-0x000000004cdfffff] usable
[    0.000000] BIOS-e820: [mem 0x000000004ce00000-0x000000004cffffff] reserved
[    0.000000] BIOS-e820: [mem 0x000000004d000000-0x000000005eefdfff] usable
[    0.000000] BIOS-e820: [mem 0x000000005eefe000-0x000000006e3fefff] reserved
[    0.000000] BIOS-e820: [mem 0x000000006e3ff000-0x000000006f3fefff] ACPI NVS
[    0.000000] BIOS-e820: [mem 0x000000006f3ff000-0x000000006f7fefff] ACPI data
[    0.000000] BIOS-e820: [mem 0x000000006f7ff000-0x000000006f7fffff] usable
[    0.000000] BIOS-e820: [mem 0x000000006f800000-0x000000008fffffff] reserved
[    0.000000] BIOS-e820: [mem 0x00000000fe000000-0x00000000fe010fff] reserved
[    0.000000] BIOS-e820: [mem 0x0000000100000000-0x000000207fffffff] usable
[    0.000000] BIOS-e820: [mem 0x0000002080000000-0x0000011c7fffffff] persistent (type 7)
[    0.000000] BIOS-e820: [mem 0x00001ffc00000000-0x00001fffffffffff] reserved
[    0.000000] NX (Execute Disable) protection: active
[    0.000000] e820: update [mem 0x47c65020-0x47c6d05f] usable ==> usable
[    0.000000] e820: update [mem 0x47c65020-0x47c6d05f] usable ==> usable
[    0.000000] e820: update [mem 0x47c32020-0x47c64c5f] usable ==> usable
[    0.000000] e820: update [mem 0x47c32020-0x47c64c5f] usable ==> usable
[    0.000000] e820: update [mem 0x47bff020-0x47c31c5f] usable ==> usable
[    0.000000] e820: update [mem 0x47bff020-0x47c31c5f] usable ==> usable
[    0.000000] e820: update [mem 0x47bcd020-0x47bfea5f] usable ==> usable
[    0.000000] e820: update [mem 0x47bcd020-0x47bfea5f] usable ==> usable
[    0.000000] extended physical RAM map:
[    0.000000] reserve setup_data: [mem 0x0000000000000000-0x000000000008efff] usable
[    0.000000] reserve setup_data: [mem 0x000000000008f000-0x000000000008ffff] reserved
[    0.000000] reserve setup_data: [mem 0x0000000000090000-0x000000000009ffff] usable
[    0.000000] reserve setup_data: [mem 0x00000000000a0000-0x00000000000fffff] reserved
[    0.000000] reserve setup_data: [mem 0x0000000000100000-0x0000000047bcd01f] usable
[    0.000000] reserve setup_data: [mem 0x0000000047bcd020-0x0000000047bfea5f] usable
[    0.000000] reserve setup_data: [mem 0x0000000047bfea60-0x0000000047bff01f] usable
[    0.000000] reserve setup_data: [mem 0x0000000047bff020-0x0000000047c31c5f] usable
[    0.000000] reserve setup_data: [mem 0x0000000047c31c60-0x0000000047c3201f] usable
[    0.000000] reserve setup_data: [mem 0x0000000047c32020-0x0000000047c64c5f] usable
[    0.000000] reserve setup_data: [mem 0x0000000047c64c60-0x0000000047c6501f] usable
[    0.000000] reserve setup_data: [mem 0x0000000047c65020-0x0000000047c6d05f] usable
[    0.000000] reserve setup_data: [mem 0x0000000047c6d060-0x0000000049e76fff] usable
[    0.000000] reserve setup_data: [mem 0x0000000049e77000-0x000000004ae76fff] ACPI NVS
[    0.000000] reserve setup_data: [mem 0x000000004ae77000-0x000000004b2cefff] usable
[    0.000000] reserve setup_data: [mem 0x000000004b2cf000-0x000000004b54dfff] ACPI data
[    0.000000] reserve setup_data: [mem 0x000000004b54e000-0x000000004bd93fff] usable
[    0.000000] reserve setup_data: [mem 0x000000004bd94000-0x000000004be99fff] reserved
[    0.000000] reserve setup_data: [mem 0x000000004be9a000-0x000000004cdfffff] usable
[    0.000000] reserve setup_data: [mem 0x000000004ce00000-0x000000004cffffff] reserved
[    0.000000] reserve setup_data: [mem 0x000000004d000000-0x000000005eefdfff] usable
[    0.000000] reserve setup_data: [mem 0x000000005eefe000-0x000000006e3fefff] reserved
[    0.000000] reserve setup_data: [mem 0x000000006e3ff000-0x000000006f3fefff] ACPI NVS
[    0.000000] reserve setup_data: [mem 0x000000006f3ff000-0x000000006f7fefff] ACPI data
[    0.000000] reserve setup_data: [mem 0x000000006f7ff000-0x000000006f7fffff] usable
[    0.000000] reserve setup_data: [mem 0x000000006f800000-0x000000008fffffff] reserved
[    0.000000] reserve setup_data: [mem 0x00000000fe000000-0x00000000fe010fff] reserved
[    0.000000] reserve setup_data: [mem 0x0000000100000000-0x0000000c157fffff] persistent (type 12)
[    0.000000] reserve setup_data: [mem 0x0000000c15800000-0x0000000fffffffff] usable
[    0.000000] reserve setup_data: [mem 0x0000001000000000-0x0000001ebfffffff] persistent (type 12)
[    0.000000] reserve setup_data: [mem 0x0000001ec0000000-0x000000207fffffff] usable
[    0.000000] reserve setup_data: [mem 0x0000002080000000-0x0000011c7fffffff] persistent (type 7)
[    0.000000] reserve setup_data: [mem 0x00001ffc00000000-0x00001fffffffffff] reserved
[    0.000000] user-defined physical RAM map:
[    0.000000] user: [mem 0x0000000000000000-0x000000000008efff] usable
[    0.000000] user: [mem 0x000000000008f000-0x000000000008ffff] reserved
[    0.000000] user: [mem 0x0000000000090000-0x000000000009ffff] usable
[    0.000000] user: [mem 0x00000000000a0000-0x00000000000fffff] reserved
[    0.000000] user: [mem 0x0000000000100000-0x0000000047bcd01f] usable
[    0.000000] user: [mem 0x0000000047bcd020-0x0000000047bfea5f] usable
[    0.000000] user: [mem 0x0000000047bfea60-0x0000000047bff01f] usable
[    0.000000] user: [mem 0x0000000047bff020-0x0000000047c31c5f] usable
[    0.000000] user: [mem 0x0000000047c31c60-0x0000000047c3201f] usable
[    0.000000] user: [mem 0x0000000047c32020-0x0000000047c64c5f] usable
[    0.000000] user: [mem 0x0000000047c64c60-0x0000000047c6501f] usable
[    0.000000] user: [mem 0x0000000047c65020-0x0000000047c6d05f] usable
[    0.000000] user: [mem 0x0000000047c6d060-0x0000000049e76fff] usable
[    0.000000] user: [mem 0x0000000049e77000-0x000000004ae76fff] ACPI NVS
[    0.000000] user: [mem 0x000000004ae77000-0x000000004b2cefff] usable
[    0.000000] user: [mem 0x000000004b2cf000-0x000000004b54dfff] ACPI data
[    0.000000] user: [mem 0x000000004b54e000-0x000000004bd93fff] usable
[    0.000000] user: [mem 0x000000004bd94000-0x000000004be99fff] reserved
[    0.000000] user: [mem 0x000000004be9a000-0x000000004cdfffff] usable
[    0.000000] user: [mem 0x000000004ce00000-0x000000004cffffff] reserved
[    0.000000] user: [mem 0x000000004d000000-0x000000005eefdfff] usable
[    0.000000] user: [mem 0x000000005eefe000-0x000000006e3fefff] reserved
[    0.000000] user: [mem 0x000000006e3ff000-0x000000006f3fefff] ACPI NVS
[    0.000000] user: [mem 0x000000006f3ff000-0x000000006f7fefff] ACPI data
[    0.000000] user: [mem 0x000000006f7ff000-0x000000006f7fffff] usable
[    0.000000] user: [mem 0x000000006f800000-0x000000008fffffff] reserved
[    0.000000] user: [mem 0x00000000fe000000-0x00000000fe010fff] reserved
[    0.000000] user: [mem 0x0000000100000000-0x0000000c157fffff] persistent (type 12)
[    0.000000] user: [mem 0x0000000c15800000-0x0000000fffffffff] usable
[    0.000000] user: [mem 0x0000001000000000-0x0000001ebfffffff] persistent (type 12)
[    0.000000] user: [mem 0x0000001ec0000000-0x000000207fffffff] usable
[    0.000000] user: [mem 0x0000002080000000-0x0000011c7fffffff] persistent (type 7)
[    0.000000] user: [mem 0x00001ffc00000000-0x00001fffffffffff] reserved
[    0.000000] efi: EFI v2.70 by Dell Inc.
[    0.000000] efi:  ACPI=0x6f7fe000  ACPI 2.0=0x6f7fe014  MEMATTR=0x5a215220  SMBIOS=0x69526000  SMBIOS 3.0=0x69524000 
[    0.000000] SMBIOS 3.3.0 present.
[    0.000000] DMI: Dell Inc. PowerEdge R750/0K8F35, BIOS 1.10.2 03/03/2023
[    0.000000] tsc: Detected 2000.000 MHz processor
[    0.000009] e820: update [mem 0x00000000-0x00000fff] usable ==> reserved
[    0.000010] e820: remove [mem 0x000a0000-0x000fffff] usable
[    0.000017] last_pfn = 0x2080000 max_arch_pfn = 0x400000000
[    0.000021] MTRR default type: uncachable
[    0.000022] MTRR fixed ranges enabled:
[    0.000023]   00000-9FFFF write-back
[    0.000023]   A0000-BFFFF uncachable
[    0.000024]   C0000-FFFFF write-protect
[    0.000025] MTRR variable ranges enabled:
[    0.000026]   0 base 000000000000 mask 3E0000000000 write-back
[    0.000027]   1 base 000080000000 mask 3FFF80000000 uncachable
[    0.000027]   2 base 00007F000000 mask 3FFFFF000000 uncachable
[    0.000028]   3 disabled
[    0.000028]   4 disabled
[    0.000028]   5 disabled
[    0.000029]   6 disabled
[    0.000029]   7 disabled
[    0.000030]   8 disabled
[    0.000030]   9 disabled
[    0.000907] x86/PAT: Configuration [0-7]: WB  WC  UC- UC  WB  WP  UC- WT  
[    0.002015] total RAM covered: 2095088M
[    0.002100]  gran_size: 64K 	chunk_size: 64K 	num_reg: 10  	lose cover RAM: 2016G
[    0.002102]  gran_size: 64K 	chunk_size: 128K 	num_reg: 10  	lose cover RAM: 2016G
[    0.002102]  gran_size: 64K 	chunk_size: 256K 	num_reg: 10  	lose cover RAM: 2016G
[    0.002103]  gran_size: 64K 	chunk_size: 512K 	num_reg: 10  	lose cover RAM: 2016G
[    0.002104]  gran_size: 64K 	chunk_size: 1M 	num_reg: 10  	lose cover RAM: 2016G
[    0.002104]  gran_size: 64K 	chunk_size: 2M 	num_reg: 10  	lose cover RAM: 2016G
[    0.002105]  gran_size: 64K 	chunk_size: 4M 	num_reg: 10  	lose cover RAM: 2016G
[    0.002106]  gran_size: 64K 	chunk_size: 8M 	num_reg: 10  	lose cover RAM: 2016G
[    0.002106]  gran_size: 64K 	chunk_size: 16M 	num_reg: 10  	lose cover RAM: 2016G
[    0.002107]  gran_size: 64K 	chunk_size: 32M 	num_reg: 10  	lose cover RAM: 1024G
[    0.002108]  gran_size: 64K 	chunk_size: 64M 	num_reg: 10  	lose cover RAM: 1024G
[    0.002108]  gran_size: 64K 	chunk_size: 128M 	num_reg: 10  	lose cover RAM: 1024G
[    0.002109]  gran_size: 64K 	chunk_size: 256M 	num_reg: 10  	lose cover RAM: 1024G
[    0.002110]  gran_size: 64K 	chunk_size: 512M 	num_reg: 10  	lose cover RAM: 1024G
[    0.002110]  gran_size: 64K 	chunk_size: 1G 	num_reg: 10  	lose cover RAM: 1024G
[    0.002111]  gran_size: 64K 	chunk_size: 2G 	num_reg: 10  	lose cover RAM: 1024G
[    0.002112]  gran_size: 128K 	chunk_size: 128K 	num_reg: 10  	lose cover RAM: 2016G
[    0.002113]  gran_size: 128K 	chunk_size: 256K 	num_reg: 10  	lose cover RAM: 2016G
[    0.002113]  gran_size: 128K 	chunk_size: 512K 	num_reg: 10  	lose cover RAM: 2016G
[    0.002114]  gran_size: 128K 	chunk_size: 1M 	num_reg: 10  	lose cover RAM: 2016G
[    0.002115]  gran_size: 128K 	chunk_size: 2M 	num_reg: 10  	lose cover RAM: 2016G
[    0.002115]  gran_size: 128K 	chunk_size: 4M 	num_reg: 10  	lose cover RAM: 2016G
[    0.002116]  gran_size: 128K 	chunk_size: 8M 	num_reg: 10  	lose cover RAM: 2016G
[    0.002117]  gran_size: 128K 	chunk_size: 16M 	num_reg: 10  	lose cover RAM: 2016G
[    0.002117]  gran_size: 128K 	chunk_size: 32M 	num_reg: 10  	lose cover RAM: 1024G
[    0.002118]  gran_size: 128K 	chunk_size: 64M 	num_reg: 10  	lose cover RAM: 1024G
[    0.002119]  gran_size: 128K 	chunk_size: 128M 	num_reg: 10  	lose cover RAM: 1024G
[    0.002119]  gran_size: 128K 	chunk_size: 256M 	num_reg: 10  	lose cover RAM: 1024G
[    0.002120]  gran_size: 128K 	chunk_size: 512M 	num_reg: 10  	lose cover RAM: 1024G
[    0.002121]  gran_size: 128K 	chunk_size: 1G 	num_reg: 10  	lose cover RAM: 1024G
[    0.002121]  gran_size: 128K 	chunk_size: 2G 	num_reg: 10  	lose cover RAM: 1024G
[    0.002122]  gran_size: 256K 	chunk_size: 256K 	num_reg: 10  	lose cover RAM: 2016G
[    0.002123]  gran_size: 256K 	chunk_size: 512K 	num_reg: 10  	lose cover RAM: 2016G
[    0.002123]  gran_size: 256K 	chunk_size: 1M 	num_reg: 10  	lose cover RAM: 2016G
[    0.002124]  gran_size: 256K 	chunk_size: 2M 	num_reg: 10  	lose cover RAM: 2016G
[    0.002125]  gran_size: 256K 	chunk_size: 4M 	num_reg: 10  	lose cover RAM: 2016G
[    0.002125]  gran_size: 256K 	chunk_size: 8M 	num_reg: 10  	lose cover RAM: 2016G
[    0.002126]  gran_size: 256K 	chunk_size: 16M 	num_reg: 10  	lose cover RAM: 2016G
[    0.002127]  gran_size: 256K 	chunk_size: 32M 	num_reg: 10  	lose cover RAM: 1024G
[    0.002127]  gran_size: 256K 	chunk_size: 64M 	num_reg: 10  	lose cover RAM: 1024G
[    0.002128]  gran_size: 256K 	chunk_size: 128M 	num_reg: 10  	lose cover RAM: 1024G
[    0.002129]  gran_size: 256K 	chunk_size: 256M 	num_reg: 10  	lose cover RAM: 1024G
[    0.002129]  gran_size: 256K 	chunk_size: 512M 	num_reg: 10  	lose cover RAM: 1024G
[    0.002130]  gran_size: 256K 	chunk_size: 1G 	num_reg: 10  	lose cover RAM: 1024G
[    0.002131]  gran_size: 256K 	chunk_size: 2G 	num_reg: 10  	lose cover RAM: 1024G
[    0.002131]  gran_size: 512K 	chunk_size: 512K 	num_reg: 10  	lose cover RAM: 2016G
[    0.002132]  gran_size: 512K 	chunk_size: 1M 	num_reg: 10  	lose cover RAM: 2016G
[    0.002133]  gran_size: 512K 	chunk_size: 2M 	num_reg: 10  	lose cover RAM: 2016G
[    0.002133]  gran_size: 512K 	chunk_size: 4M 	num_reg: 10  	lose cover RAM: 2016G
[    0.002134]  gran_size: 512K 	chunk_size: 8M 	num_reg: 10  	lose cover RAM: 2016G
[    0.002135]  gran_size: 512K 	chunk_size: 16M 	num_reg: 10  	lose cover RAM: 2016G
[    0.002135]  gran_size: 512K 	chunk_size: 32M 	num_reg: 10  	lose cover RAM: 1024G
[    0.002136]  gran_size: 512K 	chunk_size: 64M 	num_reg: 10  	lose cover RAM: 1024G
[    0.002137]  gran_size: 512K 	chunk_size: 128M 	num_reg: 10  	lose cover RAM: 1024G
[    0.002137]  gran_size: 512K 	chunk_size: 256M 	num_reg: 10  	lose cover RAM: 1024G
[    0.002138]  gran_size: 512K 	chunk_size: 512M 	num_reg: 10  	lose cover RAM: 1024G
[    0.002139]  gran_size: 512K 	chunk_size: 1G 	num_reg: 10  	lose cover RAM: 1024G
[    0.002139]  gran_size: 512K 	chunk_size: 2G 	num_reg: 10  	lose cover RAM: 1024G
[    0.002140]  gran_size: 1M 	chunk_size: 1M 	num_reg: 10  	lose cover RAM: 2016G
[    0.002141]  gran_size: 1M 	chunk_size: 2M 	num_reg: 10  	lose cover RAM: 2016G
[    0.002141]  gran_size: 1M 	chunk_size: 4M 	num_reg: 10  	lose cover RAM: 2016G
[    0.002142]  gran_size: 1M 	chunk_size: 8M 	num_reg: 10  	lose cover RAM: 2016G
[    0.002143]  gran_size: 1M 	chunk_size: 16M 	num_reg: 10  	lose cover RAM: 2016G
[    0.002143]  gran_size: 1M 	chunk_size: 32M 	num_reg: 10  	lose cover RAM: 1024G
[    0.002144]  gran_size: 1M 	chunk_size: 64M 	num_reg: 10  	lose cover RAM: 1024G
[    0.002145]  gran_size: 1M 	chunk_size: 128M 	num_reg: 10  	lose cover RAM: 1024G
[    0.002145]  gran_size: 1M 	chunk_size: 256M 	num_reg: 10  	lose cover RAM: 1024G
[    0.002146]  gran_size: 1M 	chunk_size: 512M 	num_reg: 10  	lose cover RAM: 1024G
[    0.002147]  gran_size: 1M 	chunk_size: 1G 	num_reg: 10  	lose cover RAM: 1024G
[    0.002147]  gran_size: 1M 	chunk_size: 2G 	num_reg: 10  	lose cover RAM: 1024G
[    0.002148]  gran_size: 2M 	chunk_size: 2M 	num_reg: 10  	lose cover RAM: 2016G
[    0.002149]  gran_size: 2M 	chunk_size: 4M 	num_reg: 10  	lose cover RAM: 2016G
[    0.002149]  gran_size: 2M 	chunk_size: 8M 	num_reg: 10  	lose cover RAM: 2016G
[    0.002150]  gran_size: 2M 	chunk_size: 16M 	num_reg: 10  	lose cover RAM: 2016G
[    0.002151]  gran_size: 2M 	chunk_size: 32M 	num_reg: 10  	lose cover RAM: 1024G
[    0.002151]  gran_size: 2M 	chunk_size: 64M 	num_reg: 10  	lose cover RAM: 1024G
[    0.002152]  gran_size: 2M 	chunk_size: 128M 	num_reg: 10  	lose cover RAM: 1024G
[    0.002153]  gran_size: 2M 	chunk_size: 256M 	num_reg: 10  	lose cover RAM: 1024G
[    0.002153]  gran_size: 2M 	chunk_size: 512M 	num_reg: 10  	lose cover RAM: 1024G
[    0.002154]  gran_size: 2M 	chunk_size: 1G 	num_reg: 10  	lose cover RAM: 1024G
[    0.002155]  gran_size: 2M 	chunk_size: 2G 	num_reg: 10  	lose cover RAM: 1024G
[    0.002155]  gran_size: 4M 	chunk_size: 4M 	num_reg: 10  	lose cover RAM: 2016G
[    0.002156]  gran_size: 4M 	chunk_size: 8M 	num_reg: 10  	lose cover RAM: 2016G
[    0.002156]  gran_size: 4M 	chunk_size: 16M 	num_reg: 10  	lose cover RAM: 2016G
[    0.002157]  gran_size: 4M 	chunk_size: 32M 	num_reg: 10  	lose cover RAM: 1024G
[    0.002158]  gran_size: 4M 	chunk_size: 64M 	num_reg: 10  	lose cover RAM: 1024G
[    0.002158]  gran_size: 4M 	chunk_size: 128M 	num_reg: 10  	lose cover RAM: 1024G
[    0.002159]  gran_size: 4M 	chunk_size: 256M 	num_reg: 10  	lose cover RAM: 1024G
[    0.002160]  gran_size: 4M 	chunk_size: 512M 	num_reg: 10  	lose cover RAM: 1024G
[    0.002161]  gran_size: 4M 	chunk_size: 1G 	num_reg: 10  	lose cover RAM: 1024G
[    0.002161]  gran_size: 4M 	chunk_size: 2G 	num_reg: 10  	lose cover RAM: 1024G
[    0.002162]  gran_size: 8M 	chunk_size: 8M 	num_reg: 10  	lose cover RAM: 2016G
[    0.002163]  gran_size: 8M 	chunk_size: 16M 	num_reg: 10  	lose cover RAM: 2016G
[    0.002163]  gran_size: 8M 	chunk_size: 32M 	num_reg: 10  	lose cover RAM: 1024G
[    0.002164]  gran_size: 8M 	chunk_size: 64M 	num_reg: 10  	lose cover RAM: 1024G
[    0.002165]  gran_size: 8M 	chunk_size: 128M 	num_reg: 10  	lose cover RAM: 1024G
[    0.002165]  gran_size: 8M 	chunk_size: 256M 	num_reg: 10  	lose cover RAM: 1024G
[    0.002166]  gran_size: 8M 	chunk_size: 512M 	num_reg: 10  	lose cover RAM: 1024G
[    0.002166]  gran_size: 8M 	chunk_size: 1G 	num_reg: 10  	lose cover RAM: 1024G
[    0.002167]  gran_size: 8M 	chunk_size: 2G 	num_reg: 10  	lose cover RAM: 1024G
[    0.002168]  gran_size: 16M 	chunk_size: 16M 	num_reg: 10  	lose cover RAM: 2016G
[    0.002169]  gran_size: 16M 	chunk_size: 32M 	num_reg: 10  	lose cover RAM: 1024G
[    0.002169]  gran_size: 16M 	chunk_size: 64M 	num_reg: 10  	lose cover RAM: 1024G
[    0.002170]  gran_size: 16M 	chunk_size: 128M 	num_reg: 10  	lose cover RAM: 1024G
[    0.002171]  gran_size: 16M 	chunk_size: 256M 	num_reg: 10  	lose cover RAM: 1024G
[    0.002171]  gran_size: 16M 	chunk_size: 512M 	num_reg: 10  	lose cover RAM: 1024G
[    0.002172]  gran_size: 16M 	chunk_size: 1G 	num_reg: 10  	lose cover RAM: 1024G
[    0.002173]  gran_size: 16M 	chunk_size: 2G 	num_reg: 10  	lose cover RAM: 1024G
[    0.002173]  gran_size: 32M 	chunk_size: 32M 	num_reg: 10  	lose cover RAM: 2031632M
[    0.002174]  gran_size: 32M 	chunk_size: 64M 	num_reg: 10  	lose cover RAM: 1048592M
[    0.002175]  gran_size: 32M 	chunk_size: 128M 	num_reg: 10  	lose cover RAM: 1048592M
[    0.002175]  gran_size: 32M 	chunk_size: 256M 	num_reg: 10  	lose cover RAM: 1048592M
[    0.002176]  gran_size: 32M 	chunk_size: 512M 	num_reg: 10  	lose cover RAM: 1048592M
[    0.002177]  gran_size: 32M 	chunk_size: 1G 	num_reg: 10  	lose cover RAM: 1048592M
[    0.002177]  gran_size: 32M 	chunk_size: 2G 	num_reg: 10  	lose cover RAM: 1048592M
[    0.002178]  gran_size: 64M 	chunk_size: 64M 	num_reg: 10  	lose cover RAM: 1966128M
[    0.002179]  gran_size: 64M 	chunk_size: 128M 	num_reg: 10  	lose cover RAM: 1048624M
[    0.002179]  gran_size: 64M 	chunk_size: 256M 	num_reg: 10  	lose cover RAM: 1048624M
[    0.002180]  gran_size: 64M 	chunk_size: 512M 	num_reg: 10  	lose cover RAM: 1048624M
[    0.002181]  gran_size: 64M 	chunk_size: 1G 	num_reg: 10  	lose cover RAM: 1048624M
[    0.002181]  gran_size: 64M 	chunk_size: 2G 	num_reg: 10  	lose cover RAM: 1048624M
[    0.002182]  gran_size: 128M 	chunk_size: 128M 	num_reg: 10  	lose cover RAM: 1835120M
[    0.002183]  gran_size: 128M 	chunk_size: 256M 	num_reg: 10  	lose cover RAM: 1048688M
[    0.002183]  gran_size: 128M 	chunk_size: 512M 	num_reg: 10  	lose cover RAM: 1048688M
[    0.002184]  gran_size: 128M 	chunk_size: 1G 	num_reg: 10  	lose cover RAM: 1048688M
[    0.002185]  gran_size: 128M 	chunk_size: 2G 	num_reg: 10  	lose cover RAM: 1048688M
[    0.002185]  gran_size: 256M 	chunk_size: 256M 	num_reg: 10  	lose cover RAM: 1573104M
[    0.002186]  gran_size: 256M 	chunk_size: 512M 	num_reg: 10  	lose cover RAM: 1048816M
[    0.002187]  gran_size: 256M 	chunk_size: 1G 	num_reg: 10  	lose cover RAM: 1048816M
[    0.002187]  gran_size: 256M 	chunk_size: 2G 	num_reg: 10  	lose cover RAM: 1048816M
[    0.002188]  gran_size: 512M 	chunk_size: 512M 	num_reg: 10  	lose cover RAM: 1049072M
[    0.002189]  gran_size: 512M 	chunk_size: 1G 	num_reg: 10  	lose cover RAM: 1049072M
[    0.002189]  gran_size: 512M 	chunk_size: 2G 	num_reg: 10  	lose cover RAM: 1049072M
[    0.002190]  gran_size: 1G 	chunk_size: 1G 	num_reg: 10  	lose cover RAM: 1008M
[    0.002191]  gran_size: 1G 	chunk_size: 2G 	num_reg: 10  	lose cover RAM: 1008M
[    0.002192]  gran_size: 2G 	chunk_size: 2G 	num_reg: 9  	lose cover RAM: 2032M
[    0.002192] mtrr_cleanup: can not find optimal value
[    0.002193] please specify mtrr_gran_size/mtrr_chunk_size
[    0.002195] e820: update [mem 0x7f000000-0xffffffff] usable ==> reserved
[    0.002197] x2apic: enabled by BIOS, switching to x2apic ops
[    0.002198] last_pfn = 0x6f800 max_arch_pfn = 0x400000000
[    0.013605] check: Scanning 1 areas for low memory corruption
[    0.013609] Using GB pages for direct mapping
[    0.013611] BRK [0x1efda01000, 0x1efda01fff] PGTABLE
[    0.013612] BRK [0x1efda02000, 0x1efda02fff] PGTABLE
[    0.013613] BRK [0x1efda03000, 0x1efda03fff] PGTABLE
[    0.013650] BRK [0x1efda04000, 0x1efda04fff] PGTABLE
[    0.013724] BRK [0x1efda05000, 0x1efda05fff] PGTABLE
[    0.013781] BRK [0x1efda06000, 0x1efda06fff] PGTABLE
[    0.013885] BRK [0x1efda07000, 0x1efda07fff] PGTABLE
[    0.013996] BRK [0x1efda08000, 0x1efda08fff] PGTABLE
[    0.014088] BRK [0x1efda09000, 0x1efda09fff] PGTABLE
[    0.014198] BRK [0x1efda0a000, 0x1efda0afff] PGTABLE
[    0.014269] BRK [0x1efda0b000, 0x1efda0bfff] PGTABLE
[    0.014432] BRK [0x1efda0c000, 0x1efda0cfff] PGTABLE
[    0.014603] Secure boot disabled
[    0.014604] RAMDISK: [mem 0x2065920000-0x207fffffff]
[    0.014610] ACPI: Early table checksum verification disabled
[    0.014612] ACPI: RSDP 0x000000006F7FE014 000024 (v02 DELL  )
[    0.014615] ACPI: XSDT 0x000000006F41C188 0000F4 (v01 DELL   PE_SC3   00000000 DELL 01000013)
[    0.014619] ACPI: FACP 0x000000006F430000 000114 (v06 DELL   PE_SC3   00000000 DELL 00000001)
[    0.014624] ACPI: DSDT 0x000000004B4CE000 07FAD3 (v02 DELL   PE_SC3   00000003 DELL 00000001)
[    0.014626] ACPI: FACS 0x000000006F2F2000 000040
[    0.014629] ACPI: SSDT 0x000000006F7FB000 00159A (v02 INTEL  RAS_ACPI 00000001 INTL 20210331)
[    0.014632] ACPI: SSDT 0x000000006F7FA000 000745 (v02 INTEL  ADDRXLAT 00000001 INTL 20210331)
[    0.014635] ACPI: MCEJ 0x000000006F7F9000 000130 (v01 INTEL           00000001 INTL 0100000D)
[    0.014637] ACPI: BERT 0x000000006F7F8000 000030 (v01 DELL   PE_SC3   00000001 INTL 00000001)
[    0.014640] ACPI: ERST 0x000000006F7F7000 000230 (v01 DELL   PE_SC3   00000001 INTL 00000001)
[    0.014642] ACPI: SSDT 0x000000006F431000 3C524E (v02 INTEL  SSDTNVDR 00001000 INTL 20210331)
[    0.014645] ACPI: HMAT 0x000000006F42F000 000210 (v01 DELL   PE_SC3   00000001 DELL 00000001)
[    0.014648] ACPI: HPET 0x000000006F42E000 000038 (v01 DELL   PE_SC3   00000001 DELL 00000001)
[    0.014650] ACPI: MCFG 0x000000006F42D000 00003C (v01 DELL   PE_SC3   00000001 DELL 00000001)
[    0.014653] ACPI: MIGT 0x000000006F42C000 000040 (v01 DELL   PE_SC3   00000000 DELL 00000001)
[    0.014655] ACPI: MSCT 0x000000006F42B000 000090 (v01 DELL   PE_SC3   00000001 DELL 00000001)
[    0.014658] ACPI: PMTT 0x000000006F429000 0011E8 (v02 DELL   PE_SC3   00000001 DELL 00000001)
[    0.014660] ACPI: WSMT 0x000000006F428000 000028 (v01 DELL   PE_SC3   00000000 DELL 00000001)
[    0.014663] ACPI: APIC 0x000000006F427000 00075E (v04 DELL   PE_SC3   00000000 DELL 00000001)
[    0.014665] ACPI: SLIT 0x000000006F426000 00003C (v01 DELL   PE_SC3   00000001 DELL 01000013)
[    0.014668] ACPI: SRAT 0x000000006F41F000 006430 (v03 DELL   PE_SC3   00000002 DELL 01000013)
[    0.014670] ACPI: OEM4 0x000000004B346000 187A61 (v02 INTEL  CPU  CST 00003000 INTL 20210331)
[    0.014673] ACPI: SSDT 0x000000004B2CF000 0764A5 (v02 INTEL  SSDT  PM 00004000 INTL 20210331)
[    0.014676] ACPI: SSDT 0x000000006F41E000 000A1F (v02 DELL   PE_SC3   00000000 DELL 00000001)
[    0.014678] ACPI: HEST 0x000000006F41D000 00017C (v01 DELL   PE_SC3   00000001 INTL 00000001)
[    0.014681] ACPI: PCAT 0x000000006F41B000 00010C (v19 DELL   PE_SC3   00000002 DELL 00000001)
[    0.014683] ACPI: SSDT 0x000000006F413000 007299 (v02 INTEL  SpsNm    00000002 INTL 20210331)
[    0.014686] ACPI: SSDT 0x000000006F412000 000426 (v02 DELL   PE_SC3   00000002 DELL 00000001)
[    0.014689] ACPI: NFIT 0x000000006F7FD000 000488 (v01 DELL   PE_SC3   00000002 DELL 00000001)
[    0.014691] ACPI: DMAR 0x000000006F411000 000158 (v01 DELL   PE_SC3   00000001 DELL 00000001)
[    0.014698] ACPI: Local APIC address 0xfee00000
[    0.014700] Setting APIC routing to cluster x2apic.
[    0.014746] SRAT: PXM 0 -> APIC 0x0000 -> Node 0
[    0.014746] SRAT: PXM 0 -> APIC 0x0001 -> Node 0
[    0.014747] SRAT: PXM 0 -> APIC 0x0002 -> Node 0
[    0.014747] SRAT: PXM 0 -> APIC 0x0003 -> Node 0
[    0.014748] SRAT: PXM 0 -> APIC 0x0004 -> Node 0
[    0.014748] SRAT: PXM 0 -> APIC 0x0005 -> Node 0
[    0.014748] SRAT: PXM 0 -> APIC 0x0006 -> Node 0
[    0.014749] SRAT: PXM 0 -> APIC 0x0007 -> Node 0
[    0.014749] SRAT: PXM 0 -> APIC 0x0008 -> Node 0
[    0.014750] SRAT: PXM 0 -> APIC 0x0009 -> Node 0
[    0.014750] SRAT: PXM 0 -> APIC 0x000a -> Node 0
[    0.014750] SRAT: PXM 0 -> APIC 0x000b -> Node 0
[    0.014751] SRAT: PXM 0 -> APIC 0x000c -> Node 0
[    0.014751] SRAT: PXM 0 -> APIC 0x000d -> Node 0
[    0.014752] SRAT: PXM 0 -> APIC 0x000e -> Node 0
[    0.014752] SRAT: PXM 0 -> APIC 0x000f -> Node 0
[    0.014753] SRAT: PXM 0 -> APIC 0x0010 -> Node 0
[    0.014753] SRAT: PXM 0 -> APIC 0x0011 -> Node 0
[    0.014753] SRAT: PXM 0 -> APIC 0x0012 -> Node 0
[    0.014754] SRAT: PXM 0 -> APIC 0x0013 -> Node 0
[    0.014754] SRAT: PXM 0 -> APIC 0x0014 -> Node 0
[    0.014755] SRAT: PXM 0 -> APIC 0x0015 -> Node 0
[    0.014755] SRAT: PXM 0 -> APIC 0x0016 -> Node 0
[    0.014755] SRAT: PXM 0 -> APIC 0x0017 -> Node 0
[    0.014756] SRAT: PXM 0 -> APIC 0x0018 -> Node 0
[    0.014756] SRAT: PXM 0 -> APIC 0x0019 -> Node 0
[    0.014757] SRAT: PXM 0 -> APIC 0x001a -> Node 0
[    0.014757] SRAT: PXM 0 -> APIC 0x001b -> Node 0
[    0.014758] SRAT: PXM 0 -> APIC 0x001c -> Node 0
[    0.014758] SRAT: PXM 0 -> APIC 0x001d -> Node 0
[    0.014758] SRAT: PXM 0 -> APIC 0x001e -> Node 0
[    0.014759] SRAT: PXM 0 -> APIC 0x001f -> Node 0
[    0.014759] SRAT: PXM 0 -> APIC 0x0020 -> Node 0
[    0.014760] SRAT: PXM 0 -> APIC 0x0021 -> Node 0
[    0.014760] SRAT: PXM 0 -> APIC 0x0022 -> Node 0
[    0.014760] SRAT: PXM 0 -> APIC 0x0023 -> Node 0
[    0.014761] SRAT: PXM 0 -> APIC 0x0024 -> Node 0
[    0.014761] SRAT: PXM 0 -> APIC 0x0025 -> Node 0
[    0.014762] SRAT: PXM 0 -> APIC 0x0026 -> Node 0
[    0.014762] SRAT: PXM 0 -> APIC 0x0027 -> Node 0
[    0.014762] SRAT: PXM 0 -> APIC 0x0028 -> Node 0
[    0.014763] SRAT: PXM 0 -> APIC 0x0029 -> Node 0
[    0.014763] SRAT: PXM 0 -> APIC 0x002a -> Node 0
[    0.014764] SRAT: PXM 0 -> APIC 0x002b -> Node 0
[    0.014764] SRAT: PXM 0 -> APIC 0x002c -> Node 0
[    0.014764] SRAT: PXM 0 -> APIC 0x002d -> Node 0
[    0.014765] SRAT: PXM 0 -> APIC 0x002e -> Node 0
[    0.014765] SRAT: PXM 0 -> APIC 0x002f -> Node 0
[    0.014766] SRAT: PXM 0 -> APIC 0x0030 -> Node 0
[    0.014766] SRAT: PXM 0 -> APIC 0x0031 -> Node 0
[    0.014767] SRAT: PXM 0 -> APIC 0x0032 -> Node 0
[    0.014767] SRAT: PXM 0 -> APIC 0x0033 -> Node 0
[    0.014767] SRAT: PXM 0 -> APIC 0x0034 -> Node 0
[    0.014768] SRAT: PXM 0 -> APIC 0x0035 -> Node 0
[    0.014768] SRAT: PXM 0 -> APIC 0x0036 -> Node 0
[    0.014769] SRAT: PXM 0 -> APIC 0x0037 -> Node 0
[    0.014769] SRAT: PXM 1 -> APIC 0x0080 -> Node 1
[    0.014770] SRAT: PXM 1 -> APIC 0x0081 -> Node 1
[    0.014770] SRAT: PXM 1 -> APIC 0x0082 -> Node 1
[    0.014770] SRAT: PXM 1 -> APIC 0x0083 -> Node 1
[    0.014771] SRAT: PXM 1 -> APIC 0x0084 -> Node 1
[    0.014771] SRAT: PXM 1 -> APIC 0x0085 -> Node 1
[    0.014772] SRAT: PXM 1 -> APIC 0x0086 -> Node 1
[    0.014772] SRAT: PXM 1 -> APIC 0x0087 -> Node 1
[    0.014772] SRAT: PXM 1 -> APIC 0x0088 -> Node 1
[    0.014773] SRAT: PXM 1 -> APIC 0x0089 -> Node 1
[    0.014773] SRAT: PXM 1 -> APIC 0x008a -> Node 1
[    0.014774] SRAT: PXM 1 -> APIC 0x008b -> Node 1
[    0.014774] SRAT: PXM 1 -> APIC 0x008c -> Node 1
[    0.014775] SRAT: PXM 1 -> APIC 0x008d -> Node 1
[    0.014775] SRAT: PXM 1 -> APIC 0x008e -> Node 1
[    0.014775] SRAT: PXM 1 -> APIC 0x008f -> Node 1
[    0.014776] SRAT: PXM 1 -> APIC 0x0090 -> Node 1
[    0.014776] SRAT: PXM 1 -> APIC 0x0091 -> Node 1
[    0.014777] SRAT: PXM 1 -> APIC 0x0092 -> Node 1
[    0.014777] SRAT: PXM 1 -> APIC 0x0093 -> Node 1
[    0.014777] SRAT: PXM 1 -> APIC 0x0094 -> Node 1
[    0.014778] SRAT: PXM 1 -> APIC 0x0095 -> Node 1
[    0.014778] SRAT: PXM 1 -> APIC 0x0096 -> Node 1
[    0.014779] SRAT: PXM 1 -> APIC 0x0097 -> Node 1
[    0.014779] SRAT: PXM 1 -> APIC 0x0098 -> Node 1
[    0.014779] SRAT: PXM 1 -> APIC 0x0099 -> Node 1
[    0.014780] SRAT: PXM 1 -> APIC 0x009a -> Node 1
[    0.014780] SRAT: PXM 1 -> APIC 0x009b -> Node 1
[    0.014781] SRAT: PXM 1 -> APIC 0x009c -> Node 1
[    0.014781] SRAT: PXM 1 -> APIC 0x009d -> Node 1
[    0.014782] SRAT: PXM 1 -> APIC 0x009e -> Node 1
[    0.014782] SRAT: PXM 1 -> APIC 0x009f -> Node 1
[    0.014782] SRAT: PXM 1 -> APIC 0x00a0 -> Node 1
[    0.014783] SRAT: PXM 1 -> APIC 0x00a1 -> Node 1
[    0.014783] SRAT: PXM 1 -> APIC 0x00a2 -> Node 1
[    0.014784] SRAT: PXM 1 -> APIC 0x00a3 -> Node 1
[    0.014784] SRAT: PXM 1 -> APIC 0x00a4 -> Node 1
[    0.014784] SRAT: PXM 1 -> APIC 0x00a5 -> Node 1
[    0.014785] SRAT: PXM 1 -> APIC 0x00a6 -> Node 1
[    0.014785] SRAT: PXM 1 -> APIC 0x00a7 -> Node 1
[    0.014786] SRAT: PXM 1 -> APIC 0x00a8 -> Node 1
[    0.014786] SRAT: PXM 1 -> APIC 0x00a9 -> Node 1
[    0.014786] SRAT: PXM 1 -> APIC 0x00aa -> Node 1
[    0.014787] SRAT: PXM 1 -> APIC 0x00ab -> Node 1
[    0.014787] SRAT: PXM 1 -> APIC 0x00ac -> Node 1
[    0.014788] SRAT: PXM 1 -> APIC 0x00ad -> Node 1
[    0.014788] SRAT: PXM 1 -> APIC 0x00ae -> Node 1
[    0.014789] SRAT: PXM 1 -> APIC 0x00af -> Node 1
[    0.014789] SRAT: PXM 1 -> APIC 0x00b0 -> Node 1
[    0.014789] SRAT: PXM 1 -> APIC 0x00b1 -> Node 1
[    0.014790] SRAT: PXM 1 -> APIC 0x00b2 -> Node 1
[    0.014790] SRAT: PXM 1 -> APIC 0x00b3 -> Node 1
[    0.014791] SRAT: PXM 1 -> APIC 0x00b4 -> Node 1
[    0.014791] SRAT: PXM 1 -> APIC 0x00b5 -> Node 1
[    0.014791] SRAT: PXM 1 -> APIC 0x00b6 -> Node 1
[    0.014792] SRAT: PXM 1 -> APIC 0x00b7 -> Node 1
[    0.014804] ACPI: SRAT: Node 0 PXM 0 [mem 0x00000000-0x7fffffff]
[    0.014805] ACPI: SRAT: Node 0 PXM 0 [mem 0x100000000-0x107fffffff]
[    0.014806] ACPI: SRAT: Node 2 PXM 2 [mem 0x2080000000-0x9e7fffffff] non-volatile
[    0.014807] ACPI: SRAT: Node 1 PXM 1 [mem 0x1080000000-0x207fffffff]
[    0.014808] ACPI: SRAT: Node 3 PXM 3 [mem 0x9e80000000-0x11c7fffffff] non-volatile
[    0.014817] NUMA: Initialized distance table, cnt=4
[    0.014819] NUMA: Node 0 [mem 0x00000000-0x7fffffff] + [mem 0x100000000-0x107fffffff] -> [mem 0x00000000-0x107fffffff]
[    0.014827] NODE_DATA(0) allocated [mem 0xffffd5000-0xfffffffff]
[    0.014845] NODE_DATA(1) allocated [mem 0x20658f2000-0x206591cfff]
[    0.015003] Zone ranges:
[    0.015003]   DMA      [mem 0x0000000000001000-0x0000000000ffffff]
[    0.015004]   DMA32    [mem 0x0000000001000000-0x00000000ffffffff]
[    0.015005]   Normal   [mem 0x0000000100000000-0x000000207fffffff]
[    0.015006]   Device   empty
[    0.015006] Movable zone start for each node
[    0.015009] Early memory node ranges
[    0.015010]   node   0: [mem 0x0000000000001000-0x000000000008efff]
[    0.015011]   node   0: [mem 0x0000000000090000-0x000000000009ffff]
[    0.015011]   node   0: [mem 0x0000000000100000-0x0000000049e76fff]
[    0.015012]   node   0: [mem 0x000000004ae77000-0x000000004b2cefff]
[    0.015013]   node   0: [mem 0x000000004b54e000-0x000000004bd93fff]
[    0.015013]   node   0: [mem 0x000000004be9a000-0x000000004cdfffff]
[    0.015013]   node   0: [mem 0x000000004d000000-0x000000005eefdfff]
[    0.015014]   node   0: [mem 0x000000006f7ff000-0x000000006f7fffff]
[    0.015014]   node   0: [mem 0x0000000c15800000-0x0000000fffffffff]
[    0.015016]   node   1: [mem 0x0000001ec0000000-0x000000207fffffff]
[    0.015647] Zeroed struct page in unavailable ranges: 65256 pages
[    0.015648] Initmem setup node 0 [mem 0x0000000000001000-0x0000000fffffffff]
[    0.015650] On node 0 totalpages: 4489496
[    0.015651]   DMA zone: 64 pages used for memmap
[    0.015651]   DMA zone: 1102 pages reserved
[    0.015652]   DMA zone: 3998 pages, LIFO batch:0
[    0.015698]   DMA32 zone: 5926 pages used for memmap
[    0.015699]   DMA32 zone: 379258 pages, LIFO batch:63
[    0.021566]   Normal zone: 64160 pages used for memmap
[    0.021567]   Normal zone: 4106240 pages, LIFO batch:63
[    0.088764] Initmem setup node 1 [mem 0x0000001ec0000000-0x000000207fffffff]
[    0.088767] On node 1 totalpages: 1835008
[    0.088768]   Normal zone: 28672 pages used for memmap
[    0.088769]   Normal zone: 1835008 pages, LIFO batch:63
[    0.108937] ACPI: PM-Timer IO Port: 0x508
[    0.108941] ACPI: Local APIC address 0xfee00000
[    0.108959] ACPI: X2APIC_NMI (uid[0xffffffff] high edge lint[0x1])
[    0.108961] ACPI: LAPIC_NMI (acpi_id[0xff] high edge lint[0x1])
[    0.108980] IOAPIC[0]: apic_id 8, version 32, address 0xfec00000, GSI 0-119
[    0.108983] ACPI: INT_SRC_OVR (bus 0 bus_irq 0 global_irq 2 dfl dfl)
[    0.108984] ACPI: INT_SRC_OVR (bus 0 bus_irq 9 global_irq 9 high level)
[    0.108986] ACPI: IRQ0 used by override.
[    0.108986] ACPI: IRQ9 used by override.
[    0.108989] Using ACPI (MADT) for SMP configuration information
[    0.108990] ACPI: HPET id: 0x8086a701 base: 0xfed00000
[    0.108996] smpboot: Allowing 112 CPUs, 0 hotplug CPUs
[    0.109023] PM: Registered nosave memory: [mem 0x00000000-0x00000fff]
[    0.109024] PM: Registered nosave memory: [mem 0x0008f000-0x0008ffff]
[    0.109025] PM: Registered nosave memory: [mem 0x000a0000-0x000fffff]
[    0.109027] PM: Registered nosave memory: [mem 0x47bcd000-0x47bcdfff]
[    0.109028] PM: Registered nosave memory: [mem 0x47bfe000-0x47bfefff]
[    0.109029] PM: Registered nosave memory: [mem 0x47bff000-0x47bfffff]
[    0.109030] PM: Registered nosave memory: [mem 0x47c31000-0x47c31fff]
[    0.109031] PM: Registered nosave memory: [mem 0x47c32000-0x47c32fff]
[    0.109032] PM: Registered nosave memory: [mem 0x47c64000-0x47c64fff]
[    0.109033] PM: Registered nosave memory: [mem 0x47c65000-0x47c65fff]
[    0.109034] PM: Registered nosave memory: [mem 0x47c6d000-0x47c6dfff]
[    0.109035] PM: Registered nosave memory: [mem 0x49e77000-0x4ae76fff]
[    0.109037] PM: Registered nosave memory: [mem 0x4b2cf000-0x4b54dfff]
[    0.109038] PM: Registered nosave memory: [mem 0x4bd94000-0x4be99fff]
[    0.109040] PM: Registered nosave memory: [mem 0x4ce00000-0x4cffffff]
[    0.109041] PM: Registered nosave memory: [mem 0x5eefe000-0x6e3fefff]
[    0.109042] PM: Registered nosave memory: [mem 0x6e3ff000-0x6f3fefff]
[    0.109043] PM: Registered nosave memory: [mem 0x6f3ff000-0x6f7fefff]
[    0.109044] PM: Registered nosave memory: [mem 0x6f800000-0x8fffffff]
[    0.109045] PM: Registered nosave memory: [mem 0x90000000-0xfdffffff]
[    0.109045] PM: Registered nosave memory: [mem 0xfe000000-0xfe010fff]
[    0.109045] PM: Registered nosave memory: [mem 0xfe011000-0xffffffff]
[    0.109046] PM: Registered nosave memory: [mem 0x100000000-0xc157fffff]
[    0.109047] PM: Registered nosave memory: [mem 0x1000000000-0x1ebfffffff]
[    0.109049] [mem 0x90000000-0xfdffffff] available for PCI devices
[    0.109051] Booting paravirtualized kernel on bare hardware
[    0.109054] clocksource: refined-jiffies: mask: 0xffffffff max_cycles: 0xffffffff, max_idle_ns: 7645519600211568 ns
[    0.109061] setup_percpu: NR_CPUS:8192 nr_cpumask_bits:112 nr_cpu_ids:112 nr_node_ids:4
[    0.113653] percpu: Embedded 55 pages/cpu s188416 r8192 d28672 u262144
[    0.113662] pcpu-alloc: s188416 r8192 d28672 u262144 alloc=1*2097152
[    0.113664] pcpu-alloc: [0] 000 002 004 006 008 010 012 014 
[    0.113666] pcpu-alloc: [0] 016 018 020 022 024 026 028 030 
[    0.113668] pcpu-alloc: [0] 032 034 036 038 040 042 044 046 
[    0.113669] pcpu-alloc: [0] 048 050 052 054 056 058 060 062 
[    0.113671] pcpu-alloc: [0] 064 066 068 070 072 074 076 078 
[    0.113672] pcpu-alloc: [0] 080 082 084 086 088 090 092 094 
[    0.113673] pcpu-alloc: [0] 096 098 100 102 104 106 108 110 
[    0.113675] pcpu-alloc: [1] 001 003 005 007 009 011 013 015 
[    0.113676] pcpu-alloc: [1] 017 019 021 023 025 027 029 031 
[    0.113678] pcpu-alloc: [1] 033 035 037 039 041 043 045 047 
[    0.113679] pcpu-alloc: [1] 049 051 053 055 057 059 061 063 
[    0.113680] pcpu-alloc: [1] 065 067 069 071 073 075 077 079 
[    0.113682] pcpu-alloc: [1] 081 083 085 087 089 091 093 095 
[    0.113683] pcpu-alloc: [1] 097 099 101 103 105 107 109 111 
[    0.113728] Built 2 zonelists, mobility grouping on.  Total pages: 6224580
[    0.113729] Policy zone: Normal
[    0.113731] Kernel command line: BOOT_IMAGE=/boot/vmlinuz-5.3.1-multiclock root=UUID=ce0c24b8-724b-4f33-9b2c-618433560aef ro memmap=45400M!4096M memmap=59G!64G quiet splash nomodeset vt.handoff=1
[    0.113842] You have booted with nomodeset. This means your GPU drivers are DISABLED
[    0.113843] Any video related functionality will be severely degraded, and you may not even be able to suspend the system properly
[    0.113843] Unless you actually understand what nomodeset does, you should reboot without enabling it
[    0.113860] printk: log_buf_len individual max cpu contribution: 4096 bytes
[    0.113861] printk: log_buf_len total cpu_extra contributions: 454656 bytes
[    0.113861] printk: log_buf_len min size: 262144 bytes
[    0.114027] printk: log_buf_len: 1048576 bytes
[    0.114027] printk: early log buf free: 221788(84%)
[    0.115535] mem auto-init: stack:off, heap alloc:on, heap free:off
[    0.121490] Calgary: detecting Calgary via BIOS EBDA area
[    0.121492] Calgary: Unable to locate Rio Grande table in EBDA - bailing!
[    0.175265] Memory: 24212280K/25298016K available (14339K kernel code, 2373K rwdata, 4660K rodata, 2680K init, 5056K bss, 1085736K reserved, 0K cma-reserved)
[    0.175879] SLUB: HWalign=64, Order=0-3, MinObjects=0, CPUs=112, Nodes=4
[    0.175907] ftrace: allocating 43047 entries in 169 pages
[    0.192808] rcu: Hierarchical RCU implementation.
[    0.192809] rcu: 	RCU restricting CPUs from NR_CPUS=8192 to nr_cpu_ids=112.
[    0.192810] 	Tasks RCU enabled.
[    0.192812] rcu: RCU calculated value of scheduler-enlistment delay is 25 jiffies.
[    0.192812] rcu: Adjusting geometry for rcu_fanout_leaf=16, nr_cpu_ids=112
[    0.195467] NR_IRQS: 524544, nr_irqs: 2952, preallocated irqs: 16
[    0.195862] random: crng done (trusting CPU's manufacturer)
[    0.196024] Console: colour dummy device 80x25
[    0.196037] printk: console [tty0] enabled
[    0.196128] mempolicy: Enabling automatic NUMA balancing. Configure with numa_balancing= or the kernel.numa_balancing sysctl
[    0.196132] ACPI: Core revision 20190703
[    0.199546] clocksource: hpet: mask: 0xffffffff max_cycles: 0xffffffff, max_idle_ns: 79635855245 ns
[    0.199590] APIC: Switch to symmetric I/O mode setup
[    0.199592] DMAR: Host address width 46
[    0.199593] DMAR: DRHD base: 0x000000d0ffc000 flags: 0x0
[    0.199598] DMAR: dmar0: reg_base_addr d0ffc000 ver 4:0 cap 8ed008c40780466 ecap 60000f050df
[    0.199599] DMAR: DRHD base: 0x000000dbbfc000 flags: 0x0
[    0.199602] DMAR: dmar1: reg_base_addr dbbfc000 ver 4:0 cap 8ed008c40780466 ecap 60000f050df
[    0.199603] DMAR: DRHD base: 0x000000e67fc000 flags: 0x0
[    0.199606] DMAR: dmar2: reg_base_addr e67fc000 ver 4:0 cap 8ed008c40780466 ecap 60000f050df
[    0.199607] DMAR: DRHD base: 0x000000f13fc000 flags: 0x0
[    0.199610] DMAR: dmar3: reg_base_addr f13fc000 ver 4:0 cap 8ed008c40780466 ecap 60000f050df
[    0.199611] DMAR: DRHD base: 0x000000fb7fc000 flags: 0x0
[    0.199614] DMAR: dmar4: reg_base_addr fb7fc000 ver 4:0 cap 8ed008c40780466 ecap 60000f050df
[    0.199615] DMAR: DRHD base: 0x000000a63fc000 flags: 0x0
[    0.199618] DMAR: dmar5: reg_base_addr a63fc000 ver 4:0 cap 8ed008c40780466 ecap 60000f050df
[    0.199618] DMAR: DRHD base: 0x000000b0ffc000 flags: 0x0
[    0.199621] DMAR: dmar6: reg_base_addr b0ffc000 ver 4:0 cap 8ed008c40780466 ecap 60000f050df
[    0.199621] DMAR: DRHD base: 0x000000bbbfc000 flags: 0x0
[    0.199626] DMAR: dmar7: reg_base_addr bbbfc000 ver 4:0 cap 8ed008c40780466 ecap 60000f050df
[    0.199627] DMAR: DRHD base: 0x000000c5ffc000 flags: 0x0
[    0.199629] DMAR: dmar8: reg_base_addr c5ffc000 ver 4:0 cap 8ed008c40780466 ecap 60000f050df
[    0.199630] DMAR: DRHD base: 0x0000009b7fc000 flags: 0x1
[    0.199633] DMAR: dmar9: reg_base_addr 9b7fc000 ver 4:0 cap 8ed008c40780466 ecap 60000f050df
[    0.199633] DMAR: RMRR base: 0x00000069427000 end: 0x00000069429fff
[    0.199634] DMAR: ATSR flags: 0x0
[    0.199636] DMAR-IR: IOAPIC id 8 under DRHD base  0x9b7fc000 IOMMU 9
[    0.199637] DMAR-IR: HPET id 0 under DRHD base 0x9b7fc000
[    0.199638] DMAR-IR: Queued invalidation will be enabled to support x2apic and Intr-remapping.
[    0.202252] DMAR-IR: Enabled IRQ remapping in x2apic mode
[    0.204867] ..TIMER: vector=0x30 apic1=0 pin1=2 apic2=-1 pin2=-1
[    0.223516] clocksource: tsc-early: mask: 0xffffffffffffffff max_cycles: 0x39a85c9bff6, max_idle_ns: 881590591483 ns
[    0.223521] Calibrating delay loop (skipped), value calculated using timer frequency.. 4000.00 BogoMIPS (lpj=8000000)
[    0.223523] pid_max: default: 114688 minimum: 896
[    0.227591] LSM: Security Framework initializing
[    0.227616] Yama: becoming mindful.
[    0.227986] AppArmor: AppArmor initialized
[    0.232556] Dentry cache hash table entries: 4194304 (order: 13, 33554432 bytes, vmalloc)
[    0.234875] Inode-cache hash table entries: 2097152 (order: 12, 16777216 bytes, vmalloc)
[    0.235003] Mount-cache hash table entries: 65536 (order: 7, 524288 bytes, vmalloc)
[    0.235074] Mountpoint-cache hash table entries: 65536 (order: 7, 524288 bytes, vmalloc)
[    0.235376] *** VALIDATE proc ***
[    0.235615] *** VALIDATE cgroup1 ***
[    0.235617] *** VALIDATE cgroup2 ***
[    0.235737] x86/tme: not enabled by BIOS
[    0.235740] x86/cpu: User Mode Instruction Prevention (UMIP) activated
[    0.235818] mce: CPU0: Thermal monitoring enabled (TM1)
[    0.236029] process: using mwait in idle threads
[    0.236031] Last level iTLB entries: 4KB 0, 2MB 0, 4MB 0
[    0.236031] Last level dTLB entries: 4KB 0, 2MB 0, 4MB 0, 1GB 0
[    0.236034] Spectre V1 : Mitigation: usercopy/swapgs barriers and __user pointer sanitization
[    0.236037] Spectre V2 : Mitigation: Enhanced IBRS
[    0.236037] Spectre V2 : Spectre v2 / SpectreRSB mitigation: Filling RSB on context switch
[    0.236039] Spectre V2 : mitigation: Enabling conditional Indirect Branch Prediction Barrier
[    0.236040] Speculative Store Bypass: Mitigation: Speculative Store Bypass disabled via prctl and seccomp
[    0.236330] Freeing SMP alternatives memory: 40K
[    0.239687] TSC deadline timer enabled
[    0.239695] smpboot: CPU0: Intel(R) Xeon(R) Gold 6330 CPU @ 2.00GHz (family: 0x6, model: 0x6a, stepping: 0x6)
[    0.239892] Performance Events: PEBS fmt4+-baseline, Icelake events, 32-deep LBR, full-width counters, Intel PMU driver.
[    0.239898] ... version:                5
[    0.239898] ... bit width:              48
[    0.239899] ... generic registers:      8
[    0.239899] ... value mask:             0000ffffffffffff
[    0.239900] ... max period:             00007fffffffffff
[    0.239900] ... fixed-purpose events:   4
[    0.239901] ... event mask:             0000000f000000ff
[    0.240011] rcu: Hierarchical SRCU implementation.
[    0.247439] NMI watchdog: Enabled. Permanently consumes one hw-PMU counter.
[    0.248759] smp: Bringing up secondary CPUs ...
[    0.248882] x86: Booting SMP configuration:
[    0.248883] .... node  #1, CPUs:          #1
[    0.003720] smpboot: CPU 1 Converting physical 0 to logical die 1
[    0.335625] .... node  #0, CPUs:     #2
[    0.340966] .... node  #1, CPUs:     #3
[    0.346366] .... node  #0, CPUs:     #4
[    0.351708] .... node  #1, CPUs:     #5
[    0.357073] .... node  #0, CPUs:     #6
[    0.362620] .... node  #1, CPUs:     #7
[    0.368174] .... node  #0, CPUs:     #8
[    0.373436] .... node  #1, CPUs:     #9
[    0.379150] .... node  #0, CPUs:    #10
[    0.384838] .... node  #1, CPUs:    #11
[    0.390560] .... node  #0, CPUs:    #12
[    0.396055] .... node  #1, CPUs:    #13
[    0.401375] .... node  #0, CPUs:    #14
[    0.406590] .... node  #1, CPUs:    #15
[    0.411889] .... node  #0, CPUs:    #16
[    0.417129] .... node  #1, CPUs:    #17
[    0.422409] .... node  #0, CPUs:    #18
[    0.427690] .... node  #1, CPUs:    #19
[    0.433256] .... node  #0, CPUs:    #20
[    0.438452] .... node  #1, CPUs:    #21
[    0.444034] .... node  #0, CPUs:    #22
[    0.449441] .... node  #1, CPUs:    #23
[    0.454686] .... node  #0, CPUs:    #24
[    0.460272] .... node  #1, CPUs:    #25
[    0.465578] .... node  #0, CPUs:    #26
[    0.470753] .... node  #1, CPUs:    #27
[    0.476039] .... node  #0, CPUs:    #28
[    0.481507] .... node  #1, CPUs:    #29
[    0.486783] .... node  #0, CPUs:    #30
[    0.491953] .... node  #1, CPUs:    #31
[    0.497404] .... node  #0, CPUs:    #32
[    0.502668] .... node  #1, CPUs:    #33
[    0.507995] .... node  #0, CPUs:    #34
[    0.513406] .... node  #1, CPUs:    #35
[    0.518697] .... node  #0, CPUs:    #36
[    0.523877] .... node  #1, CPUs:    #37
[    0.529171] .... node  #0, CPUs:    #38
[    0.534692] .... node  #1, CPUs:    #39
[    0.540203] .... node  #0, CPUs:    #40
[    0.545763] .... node  #1, CPUs:    #41
[    0.551624] .... node  #0, CPUs:    #42
[    0.556754] .... node  #1, CPUs:    #43
[    0.562378] .... node  #0, CPUs:    #44
[    0.567695] .... node  #1, CPUs:    #45
[    0.573149] .... node  #0, CPUs:    #46
[    0.578646] .... node  #1, CPUs:    #47
[    0.584065] .... node  #0, CPUs:    #48
[    0.589369] .... node  #1, CPUs:    #49
[    0.594770] .... node  #0, CPUs:    #50
[    0.600207] .... node  #1, CPUs:    #51
[    0.605833] .... node  #0, CPUs:    #52
[    0.611268] .... node  #1, CPUs:    #53
[    0.616828] .... node  #0, CPUs:    #54
[    0.622503] .... node  #1, CPUs:    #55
[    0.628267] .... node  #0, CPUs:    #56
[    0.633771] .... node  #1, CPUs:    #57
[    0.639640] .... node  #0, CPUs:    #58
[    0.645020] .... node  #1, CPUs:    #59
[    0.650432] .... node  #0, CPUs:    #60
[    0.655778] .... node  #1, CPUs:    #61
[    0.661148] .... node  #0, CPUs:    #62
[    0.666713] .... node  #1, CPUs:    #63
[    0.672281] .... node  #0, CPUs:    #64
[    0.677570] .... node  #1, CPUs:    #65
[    0.683282] .... node  #0, CPUs:    #66
[    0.688981] .... node  #1, CPUs:    #67
[    0.694714] .... node  #0, CPUs:    #68
[    0.700217] .... node  #1, CPUs:    #69
[    0.705562] .... node  #0, CPUs:    #70
[    0.710769] .... node  #1, CPUs:    #71
[    0.716069] .... node  #0, CPUs:    #72
[    0.721327] .... node  #1, CPUs:    #73
[    0.726631] .... node  #0, CPUs:    #74
[    0.731864] .... node  #1, CPUs:    #75
[    0.737510] .... node  #0, CPUs:    #76
[    0.742733] .... node  #1, CPUs:    #77
[    0.748330] .... node  #0, CPUs:    #78
[    0.753752] .... node  #1, CPUs:    #79
[    0.759025] .... node  #0, CPUs:    #80
[    0.764630] .... node  #1, CPUs:    #81
[    0.769953] .... node  #0, CPUs:    #82
[    0.775149] .... node  #1, CPUs:    #83
[    0.780446] .... node  #0, CPUs:    #84
[    0.785940] .... node  #1, CPUs:    #85
[    0.791227] .... node  #0, CPUs:    #86
[    0.796433] .... node  #1, CPUs:    #87
[    0.801902] .... node  #0, CPUs:    #88
[    0.807168] .... node  #1, CPUs:    #89
[    0.812532] .... node  #0, CPUs:    #90
[    0.817949] .... node  #1, CPUs:    #91
[    0.823246] .... node  #0, CPUs:    #92
[    0.828425] .... node  #1, CPUs:    #93
[    0.833730] .... node  #0, CPUs:    #94
[    0.839544] .... node  #1, CPUs:    #95
[    0.844801] .... node  #0, CPUs:    #96
[    0.850389] .... node  #1, CPUs:    #97
[    0.856120] .... node  #0, CPUs:    #98
[    0.861419] .... node  #1, CPUs:    #99
[    0.867062] .... node  #0, CPUs:   #100
[    0.872388] .... node  #1, CPUs:   #101
[    0.877861] .... node  #0, CPUs:   #102
[    0.883656] .... node  #1, CPUs:   #103
[    0.888834] .... node  #0, CPUs:   #104
[    0.894160] .... node  #1, CPUs:   #105
[    0.899622] .... node  #0, CPUs:   #106
[    0.905042] .... node  #1, CPUs:   #107
[    0.910683] .... node  #0, CPUs:   #108
[    0.916112] .... node  #1, CPUs:   #109
[    0.921709] .... node  #0, CPUs:   #110
[    0.927659] .... node  #1, CPUs:   #111
[    0.933183] smp: Brought up 2 nodes, 112 CPUs
[    0.933183] smpboot: Max logical packages: 2
[    0.933183] smpboot: Total of 112 processors activated (448066.58 BogoMIPS)
[    0.942399] devtmpfs: initialized
[    0.942399] x86/mm: Memory block size: 2048MB
[    0.942399] PM: Registering ACPI NVS region [mem 0x49e77000-0x4ae76fff] (16777216 bytes)
[    0.942399] PM: Registering ACPI NVS region [mem 0x6e3ff000-0x6f3fefff] (16777216 bytes)
[    0.943541] clocksource: jiffies: mask: 0xffffffff max_cycles: 0xffffffff, max_idle_ns: 7645041785100000 ns
[    0.943834] futex hash table entries: 32768 (order: 9, 2097152 bytes, vmalloc)
[    0.944433] pinctrl core: initialized pinctrl subsystem
[    0.944564] PM: RTC time: 03:28:46, date: 2024-06-25
[    0.944823] NET: Registered protocol family 16
[    0.944932] audit: initializing netlink subsys (disabled)
[    0.944938] audit: type=2000 audit(1719286126.748:1): state=initialized audit_enabled=0 res=1
[    0.944938] EISA bus registered
[    0.944938] cpuidle: using governor ladder
[    0.944938] cpuidle: using governor menu
[    0.944938] ACPI FADT declares the system doesn't support PCIe ASPM, so disable it
[    0.944938] ACPI: bus type PCI registered
[    0.944938] acpiphp: ACPI Hot Plug PCI Controller Driver version: 0.5
[    0.944938] PCI: MMCONFIG for domain 0000 [bus 00-ff] at [mem 0x80000000-0x8fffffff] (base 0x80000000)
[    0.944938] PCI: MMCONFIG at [mem 0x80000000-0x8fffffff] reserved in E820
[    0.944938] pmd_set_huge: Cannot satisfy [mem 0x80000000-0x80200000] with a huge-page mapping due to MTRR override.
[    0.944938] PCI: Using configuration type 1 for base access
[    0.944938] PCI: Dell System detected, enabling pci=bfsort.
[    0.947523] ENERGY_PERF_BIAS: Set to 'normal', was 'performance'
[    0.951811] HugeTLB registered 1.00 GiB page size, pre-allocated 0 pages
[    0.951811] HugeTLB registered 2.00 MiB page size, pre-allocated 0 pages
[    0.955920] ACPI: Added _OSI(Module Device)
[    0.955921] ACPI: Added _OSI(Processor Device)
[    0.955921] ACPI: Added _OSI(3.0 _SCP Extensions)
[    0.955922] ACPI: Added _OSI(Processor Aggregator Device)
[    0.955923] ACPI: Added _OSI(Linux-Dell-Video)
[    0.955924] ACPI: Added _OSI(Linux-Lenovo-NV-HDMI-Audio)
[    0.955924] ACPI: Added _OSI(Linux-HPI-Hybrid-Graphics)
[    1.121732] ACPI: 8 ACPI AML tables successfully acquired and loaded
[    1.128817] ACPI: [Firmware Bug]: BIOS _OSI(Linux) query ignored
[    1.135580] ACPI: Dynamic OEM Table Load:
[    1.526712] ACPI: Interpreter enabled
[    1.526731] ACPI: (supports S0 S5)
[    1.526732] ACPI: Using IOAPIC for interrupt routing
[    1.526822] HEST: Table parsing has been initialized.
[    1.526825] PCI: Using host bridge windows from ACPI; if necessary, use "pci=nocrs" and report a bug
[    1.555592] ACPI: Enabled 4 GPEs in block 00 to 7F
[    1.679954] ACPI: PCI Root Bridge [PC00] (domain 0000 [bus 00-15])
[    1.679959] acpi PNP0A08:00: _OSC: OS supports [ExtendedConfig ASPM ClockPM Segments MSI HPX-Type3]
[    1.680037] acpi PNP0A08:00: PCIe AER handled by firmware
[    1.680150] acpi PNP0A08:00: _OSC: platform does not support [SHPCHotplug LTR]
[    1.680359] acpi PNP0A08:00: _OSC: OS now controls [PCIeHotplug PME PCIeCapability]
[    1.680359] acpi PNP0A08:00: FADT indicates ASPM is unsupported, using BIOS configuration
[    1.682196] PCI host bridge to bus 0000:00
[    1.682198] pci_bus 0000:00: root bus resource [io  0x0000-0x0cf7 window]
[    1.682199] pci_bus 0000:00: root bus resource [io  0x1000-0x4fff window]
[    1.682200] pci_bus 0000:00: root bus resource [mem 0x000a0000-0x000bffff window]
[    1.682200] pci_bus 0000:00: root bus resource [mem 0x000c8000-0x000cffff window]
[    1.682201] pci_bus 0000:00: root bus resource [mem 0xfe010000-0xfe010fff window]
[    1.682202] pci_bus 0000:00: root bus resource [mem 0x90000000-0x9b7fffff window]
[    1.682203] pci_bus 0000:00: root bus resource [mem 0x200000000000-0x20ffffffffff window]
[    1.682204] pci_bus 0000:00: root bus resource [bus 00-15]
[    1.682214] pci 0000:00:00.0: [8086:09a2] type 00 class 0x088000
[    1.682963] pci 0000:00:00.1: [8086:09a4] type 00 class 0x088000
[    1.683697] pci 0000:00:00.2: [8086:09a3] type 00 class 0x088000
[    1.684429] pci 0000:00:00.4: [8086:0998] type 00 class 0x060000
[    1.685162] pci 0000:00:02.0: [8086:09a6] type 00 class 0x088000
[    1.685172] pci 0000:00:02.0: reg 0x10: [mem 0x92dfc000-0x92dfdfff]
[    1.685895] pci 0000:00:02.1: [8086:09a7] type 00 class 0x088000
[    1.685904] pci 0000:00:02.1: reg 0x10: [mem 0x92d00000-0x92d7ffff]
[    1.685909] pci 0000:00:02.1: reg 0x14: [mem 0x92c80000-0x92cfffff]
[    1.686631] pci 0000:00:02.4: [8086:3456] type 00 class 0x130000
[    1.686642] pci 0000:00:02.4: reg 0x10: [mem 0x92a00000-0x92afffff 64bit]
[    1.686648] pci 0000:00:02.4: reg 0x18: [mem 0x92df0000-0x92df3fff 64bit]
[    1.686655] pci 0000:00:02.4: reg 0x20: [mem 0x92dc0000-0x92ddffff 64bit]
[    1.687390] pci 0000:00:11.0: [8086:a1ec] type 00 class 0xff0000
[    1.688185] pci 0000:00:11.5: [8086:a1d2] type 00 class 0x010601
[    1.688202] pci 0000:00:11.5: reg 0x10: [mem 0x92dfa000-0x92dfbfff]
[    1.688209] pci 0000:00:11.5: reg 0x14: [mem 0x92e05000-0x92e050ff]
[    1.688217] pci 0000:00:11.5: reg 0x18: [io  0x2068-0x206f]
[    1.688224] pci 0000:00:11.5: reg 0x1c: [io  0x2074-0x2077]
[    1.688231] pci 0000:00:11.5: reg 0x20: [io  0x2040-0x205f]
[    1.688238] pci 0000:00:11.5: reg 0x24: [mem 0x92b80000-0x92bfffff]
[    1.688276] pci 0000:00:11.5: PME# supported from D3hot
[    1.689017] pci 0000:00:14.0: [8086:a1af] type 00 class 0x0c0330
[    1.689038] pci 0000:00:14.0: reg 0x10: [mem 0x92de0000-0x92deffff 64bit]
[    1.689101] pci 0000:00:14.0: PME# supported from D3hot D3cold
[    1.689841] pci 0000:00:14.2: [8086:a1b1] type 00 class 0x118000
[    1.689861] pci 0000:00:14.2: reg 0x10: [mem 0x92e02000-0x92e02fff 64bit]
[    1.690629] pci 0000:00:16.0: [8086:a1ba] type 00 class 0x078000
[    1.690652] pci 0000:00:16.0: reg 0x10: [mem 0x92e01000-0x92e01fff 64bit]
[    1.690730] pci 0000:00:16.0: PME# supported from D3hot
[    1.691437] pci 0000:00:16.1: [8086:a1bb] type 00 class 0x078000
[    1.691465] pci 0000:00:16.1: reg 0x10: [mem 0x92e00000-0x92e00fff 64bit]
[    1.691550] pci 0000:00:16.1: PME# supported from D3hot
[    1.692262] pci 0000:00:16.4: [8086:a1be] type 00 class 0x078000
[    1.692290] pci 0000:00:16.4: reg 0x10: [mem 0x92dff000-0x92dfffff 64bit]
[    1.692368] pci 0000:00:16.4: PME# supported from D3hot
[    1.693077] pci 0000:00:17.0: [8086:a182] type 00 class 0x010601
[    1.693094] pci 0000:00:17.0: reg 0x10: [mem 0x92df8000-0x92df9fff]
[    1.693100] pci 0000:00:17.0: reg 0x14: [mem 0x92e04000-0x92e040ff]
[    1.693107] pci 0000:00:17.0: reg 0x18: [io  0x2060-0x2067]
[    1.693114] pci 0000:00:17.0: reg 0x1c: [io  0x2070-0x2073]
[    1.693121] pci 0000:00:17.0: reg 0x20: [io  0x2020-0x203f]
[    1.693128] pci 0000:00:17.0: reg 0x24: [mem 0x92b00000-0x92b7ffff]
[    1.693165] pci 0000:00:17.0: PME# supported from D3hot
[    1.693906] pci 0000:00:1c.0: [8086:a190] type 01 class 0x060400
[    1.693985] pci 0000:00:1c.0: PME# supported from D0 D3hot D3cold
[    1.694771] pci 0000:00:1c.4: [8086:a194] type 01 class 0x060400
[    1.694844] pci 0000:00:1c.4: PME# supported from D0 D3hot D3cold
[    1.695621] pci 0000:00:1c.5: [8086:a195] type 01 class 0x060400
[    1.695695] pci 0000:00:1c.5: PME# supported from D0 D3hot D3cold
[    1.696478] pci 0000:00:1f.0: [8086:a1cb] type 00 class 0x060100
[    1.697307] pci 0000:00:1f.2: [8086:a1a1] type 00 class 0x058000
[    1.697323] pci 0000:00:1f.2: reg 0x10: [mem 0x92df4000-0x92df7fff]
[    1.698099] pci 0000:00:1f.4: [8086:a1a3] type 00 class 0x0c0500
[    1.698119] pci 0000:00:1f.4: reg 0x10: [mem 0x92dfe000-0x92dfe0ff 64bit]
[    1.698142] pci 0000:00:1f.4: reg 0x20: [io  0x2000-0x201f]
[    1.698853] pci 0000:00:1f.5: [8086:a1a4] type 00 class 0x0c8000
[    1.698870] pci 0000:00:1f.5: reg 0x10: [mem 0xfe010000-0xfe010fff]
[    1.699647] pci 0000:00:1c.0: PCI bridge to [bus 01]
[    1.699697] pci 0000:02:00.0: [1556:be00] type 01 class 0x060400
[    1.699867] pci 0000:00:1c.4: PCI bridge to [bus 02-03]
[    1.699871] pci 0000:00:1c.4:   bridge window [mem 0x92000000-0x928fffff]
[    1.699875] pci 0000:00:1c.4:   bridge window [mem 0x91000000-0x91ffffff 64bit pref]
[    1.699907] pci_bus 0000:03: extended config space not accessible
[    1.699924] pci 0000:03:00.0: [102b:0536] type 00 class 0x030000
[    1.699943] pci 0000:03:00.0: reg 0x10: [mem 0x91000000-0x91ffffff pref]
[    1.699953] pci 0000:03:00.0: reg 0x14: [mem 0x92808000-0x9280bfff]
[    1.699964] pci 0000:03:00.0: reg 0x18: [mem 0x92000000-0x927fffff]
[    1.700011] pci 0000:03:00.0: BAR 0: assigned to efifb
[    1.700106] pci 0000:02:00.0: PCI bridge to [bus 03]
[    1.700114] pci 0000:02:00.0:   bridge window [mem 0x92000000-0x928fffff]
[    1.700120] pci 0000:02:00.0:   bridge window [mem 0x91000000-0x91ffffff 64bit pref]
[    1.700186] pci 0000:04:00.0: [14e4:165f] type 00 class 0x020000
[    1.700218] pci 0000:04:00.0: reg 0x10: [mem 0x92930000-0x9293ffff 64bit pref]
[    1.700233] pci 0000:04:00.0: reg 0x18: [mem 0x92940000-0x9294ffff 64bit pref]
[    1.700248] pci 0000:04:00.0: reg 0x20: [mem 0x92950000-0x9295ffff 64bit pref]
[    1.700258] pci 0000:04:00.0: reg 0x30: [mem 0xfffc0000-0xffffffff pref]
[    1.700351] pci 0000:04:00.0: PME# supported from D0 D3hot D3cold
[    1.700389] pci 0000:04:00.0: 4.000 Gb/s available PCIe bandwidth, limited by 5 GT/s x1 link at 0000:00:1c.5 (capable of 8.000 Gb/s with 5 GT/s x2 link)
[    1.700519] pci 0000:04:00.1: [14e4:165f] type 00 class 0x020000
[    1.700551] pci 0000:04:00.1: reg 0x10: [mem 0x92900000-0x9290ffff 64bit pref]
[    1.700566] pci 0000:04:00.1: reg 0x18: [mem 0x92910000-0x9291ffff 64bit pref]
[    1.700581] pci 0000:04:00.1: reg 0x20: [mem 0x92920000-0x9292ffff 64bit pref]
[    1.700591] pci 0000:04:00.1: reg 0x30: [mem 0xfffc0000-0xffffffff pref]
[    1.700683] pci 0000:04:00.1: PME# supported from D0 D3hot D3cold
[    1.700834] pci 0000:00:1c.5: PCI bridge to [bus 04]
[    1.700841] pci 0000:00:1c.5:   bridge window [mem 0x92900000-0x929fffff 64bit pref]
[    1.700854] pci_bus 0000:00: on NUMA node 0
[    1.701414] ACPI: PCI Root Bridge [PC01] (domain 0000 [bus 16-2f])
[    1.701417] acpi PNP0A08:01: _OSC: OS supports [ExtendedConfig ASPM ClockPM Segments MSI HPX-Type3]
[    1.701517] acpi PNP0A08:01: PCIe AER handled by firmware
[    1.701624] acpi PNP0A08:01: _OSC: platform does not support [SHPCHotplug]
[    1.701825] acpi PNP0A08:01: _OSC: OS now controls [PCIeHotplug PME PCIeCapability LTR]
[    1.701826] acpi PNP0A08:01: FADT indicates ASPM is unsupported, using BIOS configuration
[    1.701949] PCI host bridge to bus 0000:16
[    1.701950] pci_bus 0000:16: root bus resource [io  0x5000-0x6fff window]
[    1.701951] pci_bus 0000:16: root bus resource [mem 0x9b800000-0xa63fffff window]
[    1.701952] pci_bus 0000:16: root bus resource [mem 0x210000000000-0x21ffffffffff window]
[    1.701953] pci_bus 0000:16: root bus resource [bus 16-2f]
[    1.701960] pci 0000:16:00.0: [8086:09a2] type 00 class 0x088000
[    1.702026] pci 0000:16:00.1: [8086:09a4] type 00 class 0x088000
[    1.702088] pci 0000:16:00.2: [8086:09a3] type 00 class 0x088000
[    1.702152] pci 0000:16:00.4: [8086:0998] type 00 class 0x060000
[    1.702213] pci 0000:16:02.0: [8086:347a] type 01 class 0x060400
[    1.702227] pci 0000:16:02.0: reg 0x10: [mem 0x21fffff00000-0x21fffff1ffff 64bit]
[    1.702263] pci 0000:16:02.0: PME# supported from D0 D3hot D3cold
[    1.702562] pci 0000:17:00.0: [1000:10e2] type 00 class 0x010400
[    1.702582] pci 0000:17:00.0: reg 0x10: [mem 0x9b800000-0x9b8fffff 64bit pref]
[    1.702590] pci 0000:17:00.0: reg 0x18: [mem 0x9b900000-0x9b9fffff 64bit pref]
[    1.702595] pci 0000:17:00.0: reg 0x20: [mem 0x9ba00000-0x9bafffff]
[    1.702601] pci 0000:17:00.0: reg 0x24: [io  0x5000-0x50ff]
[    1.702606] pci 0000:17:00.0: reg 0x30: [mem 0xfff00000-0xffffffff pref]
[    1.707613] pci 0000:17:00.0: supports D1 D2
[    1.707663] pci 0000:16:02.0: PCI bridge to [bus 17]
[    1.707665] pci 0000:16:02.0:   bridge window [io  0x5000-0x5fff]
[    1.707667] pci 0000:16:02.0:   bridge window [mem 0x9ba00000-0x9bafffff]
[    1.707669] pci 0000:16:02.0:   bridge window [mem 0x9b800000-0x9b9fffff 64bit pref]
[    1.707675] pci_bus 0000:16: on NUMA node 0
[    1.707741] ACPI: PCI Root Bridge [PC02] (domain 0000 [bus 30-49])
[    1.707744] acpi PNP0A08:02: _OSC: OS supports [ExtendedConfig ASPM ClockPM Segments MSI HPX-Type3]
[    1.707839] acpi PNP0A08:02: PCIe AER handled by firmware
[    1.707946] acpi PNP0A08:02: _OSC: platform does not support [SHPCHotplug]
[    1.708146] acpi PNP0A08:02: _OSC: OS now controls [PCIeHotplug PME PCIeCapability LTR]
[    1.708147] acpi PNP0A08:02: FADT indicates ASPM is unsupported, using BIOS configuration
[    1.708263] PCI host bridge to bus 0000:30
[    1.708264] pci_bus 0000:30: root bus resource [io  0x7000-0x8fff window]
[    1.708265] pci_bus 0000:30: root bus resource [mem 0xa6400000-0xb0ffffff window]
[    1.708266] pci_bus 0000:30: root bus resource [mem 0x220000000000-0x22ffffffffff window]
[    1.708267] pci_bus 0000:30: root bus resource [bus 30-49]
[    1.708274] pci 0000:30:00.0: [8086:09a2] type 00 class 0x088000
[    1.708339] pci 0000:30:00.1: [8086:09a4] type 00 class 0x088000
[    1.708400] pci 0000:30:00.2: [8086:09a3] type 00 class 0x088000
[    1.708462] pci 0000:30:00.4: [8086:0998] type 00 class 0x060000
[    1.708532] pci_bus 0000:30: on NUMA node 0
[    1.708620] ACPI: PCI Root Bridge [PC04] (domain 0000 [bus 4a-63])
[    1.708622] acpi PNP0A08:04: _OSC: OS supports [ExtendedConfig ASPM ClockPM Segments MSI HPX-Type3]
[    1.708712] acpi PNP0A08:04: PCIe AER handled by firmware
[    1.708816] acpi PNP0A08:04: _OSC: platform does not support [SHPCHotplug]
[    1.709016] acpi PNP0A08:04: _OSC: OS now controls [PCIeHotplug PME PCIeCapability LTR]
[    1.709016] acpi PNP0A08:04: FADT indicates ASPM is unsupported, using BIOS configuration
[    1.709128] PCI host bridge to bus 0000:4a
[    1.709129] pci_bus 0000:4a: root bus resource [io  0x9000-0x9fff window]
[    1.709129] pci_bus 0000:4a: root bus resource [mem 0xb1000000-0xbbbfffff window]
[    1.709130] pci_bus 0000:4a: root bus resource [mem 0x230000000000-0x23ffffffffff window]
[    1.709131] pci_bus 0000:4a: root bus resource [bus 4a-63]
[    1.709138] pci 0000:4a:00.0: [8086:09a2] type 00 class 0x088000
[    1.709200] pci 0000:4a:00.1: [8086:09a4] type 00 class 0x088000
[    1.709260] pci 0000:4a:00.2: [8086:09a3] type 00 class 0x088000
[    1.709326] pci 0000:4a:00.4: [8086:0998] type 00 class 0x060000
[    1.709396] pci_bus 0000:4a: on NUMA node 0
[    1.709455] ACPI: PCI Root Bridge [PC05] (domain 0000 [bus 64-7d])
[    1.709457] acpi PNP0A08:05: _OSC: OS supports [ExtendedConfig ASPM ClockPM Segments MSI HPX-Type3]
[    1.709548] acpi PNP0A08:05: PCIe AER handled by firmware
[    1.709652] acpi PNP0A08:05: _OSC: platform does not support [SHPCHotplug]
[    1.709851] acpi PNP0A08:05: _OSC: OS now controls [PCIeHotplug PME PCIeCapability LTR]
[    1.709852] acpi PNP0A08:05: FADT indicates ASPM is unsupported, using BIOS configuration
[    1.709961] PCI host bridge to bus 0000:64
[    1.709962] pci_bus 0000:64: root bus resource [io  0xa000-0xafff window]
[    1.709963] pci_bus 0000:64: root bus resource [mem 0xbbc00000-0xc5ffffff window]
[    1.709963] pci_bus 0000:64: root bus resource [mem 0x240000000000-0x24ffffffffff window]
[    1.709964] pci_bus 0000:64: root bus resource [bus 64-7d]
[    1.709971] pci 0000:64:00.0: [8086:09a2] type 00 class 0x088000
[    1.710034] pci 0000:64:00.1: [8086:09a4] type 00 class 0x088000
[    1.710095] pci 0000:64:00.2: [8086:09a3] type 00 class 0x088000
[    1.710157] pci 0000:64:00.4: [8086:0998] type 00 class 0x060000
[    1.710227] pci_bus 0000:64: on NUMA node 0
[    1.710283] ACPI: PCI Root Bridge [UC06] (domain 0000 [bus 7e])
[    1.710285] acpi PNP0A03:00: _OSC: OS supports [ExtendedConfig ASPM ClockPM Segments MSI HPX-Type3]
[    1.710360] acpi PNP0A03:00: PCIe AER handled by firmware
[    1.710450] acpi PNP0A03:00: _OSC: platform does not support [SHPCHotplug LTR]
[    1.710618] acpi PNP0A03:00: _OSC: OS now controls [PCIeHotplug PME PCIeCapability]
[    1.710619] acpi PNP0A03:00: FADT indicates ASPM is unsupported, using BIOS configuration
[    1.710751] PCI host bridge to bus 0000:7e
[    1.710752] pci_bus 0000:7e: root bus resource [bus 7e]
[    1.710758] pci 0000:7e:00.0: [8086:3450] type 00 class 0x088000
[    1.710827] pci 0000:7e:00.1: [8086:3451] type 00 class 0x088000
[    1.710890] pci 0000:7e:00.2: [8086:3452] type 00 class 0x088000
[    1.710962] pci 0000:7e:00.3: [8086:0998] type 00 class 0x060000
[    1.711026] pci 0000:7e:00.5: [8086:3455] type 00 class 0x088000
[    1.711094] pci 0000:7e:02.0: [8086:3440] type 00 class 0x088000
[    1.711094] pci 0000:7e:02.1: [8086:3441] type 00 class 0x088000
[    1.711094] pci 0000:7e:02.2: [8086:3442] type 00 class 0x088000
[    1.711094] pci 0000:7e:03.0: [8086:3440] type 00 class 0x088000
[    1.711094] pci 0000:7e:03.1: [8086:3441] type 00 class 0x088000
[    1.711094] pci 0000:7e:03.2: [8086:3442] type 00 class 0x088000
[    1.711094] pci 0000:7e:04.0: [8086:3440] type 00 class 0x088000
[    1.711094] pci 0000:7e:04.1: [8086:3441] type 00 class 0x088000
[    1.711094] pci 0000:7e:04.2: [8086:3442] type 00 class 0x088000
[    1.711094] pci 0000:7e:04.3: [8086:3443] type 00 class 0x088000
[    1.711094] pci 0000:7e:05.0: [8086:3445] type 00 class 0x088000
[    1.711094] pci 0000:7e:05.1: [8086:3446] type 00 class 0x088000
[    1.711094] pci 0000:7e:05.2: [8086:3447] type 00 class 0x088000
[    1.711094] pci 0000:7e:06.0: [8086:3445] type 00 class 0x088000
[    1.711094] pci 0000:7e:06.1: [8086:3446] type 00 class 0x088000
[    1.711094] pci 0000:7e:06.2: [8086:3447] type 00 class 0x088000
[    1.711094] pci 0000:7e:07.0: [8086:3445] type 00 class 0x088000
[    1.711094] pci 0000:7e:07.1: [8086:3446] type 00 class 0x088000
[    1.711094] pci 0000:7e:07.2: [8086:3447] type 00 class 0x088000
[    1.711094] pci 0000:7e:0b.0: [8086:3448] type 00 class 0x088000
[    1.711094] pci 0000:7e:0b.1: [8086:3448] type 00 class 0x088000
[    1.711094] pci 0000:7e:0b.2: [8086:344b] type 00 class 0x088000
[    1.711094] pci 0000:7e:0c.0: [8086:344a] type 00 class 0x110100
[    1.711094] pci 0000:7e:0d.0: [8086:344a] type 00 class 0x110100
[    1.711094] pci 0000:7e:0e.0: [8086:344a] type 00 class 0x110100
[    1.711094] pci 0000:7e:0f.0: [8086:344a] type 00 class 0x110100
[    1.711094] pci 0000:7e:1a.0: [8086:2880] type 00 class 0x110100
[    1.711094] pci 0000:7e:1b.0: [8086:2880] type 00 class 0x110100
[    1.711094] pci 0000:7e:1c.0: [8086:2880] type 00 class 0x110100
[    1.711094] pci 0000:7e:1d.0: [8086:2880] type 00 class 0x110100
[    1.711094] pci_bus 0000:7e: on NUMA node 0
[    1.711094] ACPI: PCI Root Bridge [UC07] (domain 0000 [bus 7f])
[    1.711094] acpi PNP0A03:01: _OSC: OS supports [ExtendedConfig ASPM ClockPM Segments MSI HPX-Type3]
[    1.711094] acpi PNP0A03:01: PCIe AER handled by firmware
[    1.711094] acpi PNP0A03:01: _OSC: platform does not support [SHPCHotplug LTR]
[    1.711181] acpi PNP0A03:01: _OSC: OS now controls [PCIeHotplug PME PCIeCapability]
[    1.711182] acpi PNP0A03:01: FADT indicates ASPM is unsupported, using BIOS configuration
[    1.711327] PCI host bridge to bus 0000:7f
[    1.711328] pci_bus 0000:7f: root bus resource [bus 7f]
[    1.711338] pci 0000:7f:00.0: [8086:344c] type 00 class 0x088000
[    1.711447] pci 0000:7f:00.1: [8086:344c] type 00 class 0x088000
[    1.711565] pci 0000:7f:00.2: [8086:344c] type 00 class 0x088000
[    1.711684] pci 0000:7f:00.3: [8086:344c] type 00 class 0x088000
[    1.711781] pci 0000:7f:00.4: [8086:344c] type 00 class 0x088000
[    1.711910] pci 0000:7f:00.5: [8086:344c] type 00 class 0x088000
[    1.712036] pci 0000:7f:00.6: [8086:344c] type 00 class 0x088000
[    1.712121] pci 0000:7f:00.7: [8086:344c] type 00 class 0x088000
[    1.712216] pci 0000:7f:01.0: [8086:344c] type 00 class 0x088000
[    1.712353] pci 0000:7f:01.1: [8086:344c] type 00 class 0x088000
[    1.712480] pci 0000:7f:01.2: [8086:344c] type 00 class 0x088000
[    1.712567] pci 0000:7f:01.3: [8086:344c] type 00 class 0x088000
[    1.712705] pci 0000:7f:01.4: [8086:344c] type 00 class 0x088000
[    1.712843] pci 0000:7f:01.5: [8086:344c] type 00 class 0x088000
[    1.712986] pci 0000:7f:01.6: [8086:344c] type 00 class 0x088000
[    1.713114] pci 0000:7f:01.7: [8086:344c] type 00 class 0x088000
[    1.713252] pci 0000:7f:02.0: [8086:344c] type 00 class 0x088000
[    1.713391] pci 0000:7f:02.1: [8086:344c] type 00 class 0x088000
[    1.713529] pci 0000:7f:02.2: [8086:344c] type 00 class 0x088000
[    1.713667] pci 0000:7f:02.3: [8086:344c] type 00 class 0x088000
[    1.713812] pci 0000:7f:02.4: [8086:344c] type 00 class 0x088000
[    1.713956] pci 0000:7f:02.5: [8086:344c] type 00 class 0x088000
[    1.714099] pci 0000:7f:02.6: [8086:344c] type 00 class 0x088000
[    1.714252] pci 0000:7f:02.7: [8086:344c] type 00 class 0x088000
[    1.714410] pci 0000:7f:03.0: [8086:344c] type 00 class 0x088000
[    1.714561] pci 0000:7f:03.1: [8086:344c] type 00 class 0x088000
[    1.714720] pci 0000:7f:03.2: [8086:344c] type 00 class 0x088000
[    1.714875] pci 0000:7f:03.3: [8086:344c] type 00 class 0x088000
[    1.715041] pci 0000:7f:0a.0: [8086:344d] type 00 class 0x088000
[    1.715150] pci 0000:7f:0a.1: [8086:344d] type 00 class 0x088000
[    1.715268] pci 0000:7f:0a.2: [8086:344d] type 00 class 0x088000
[    1.715386] pci 0000:7f:0a.3: [8086:344d] type 00 class 0x088000
[    1.715488] pci 0000:7f:0a.4: [8086:344d] type 00 class 0x088000
[    1.715615] pci 0000:7f:0a.5: [8086:344d] type 00 class 0x088000
[    1.715739] pci 0000:7f:0a.6: [8086:344d] type 00 class 0x088000
[    1.715826] pci 0000:7f:0a.7: [8086:344d] type 00 class 0x088000
[    1.715917] pci 0000:7f:0b.0: [8086:344d] type 00 class 0x088000
[    1.716053] pci 0000:7f:0b.1: [8086:344d] type 00 class 0x088000
[    1.716182] pci 0000:7f:0b.2: [8086:344d] type 00 class 0x088000
[    1.716269] pci 0000:7f:0b.3: [8086:344d] type 00 class 0x088000
[    1.716410] pci 0000:7f:0b.4: [8086:344d] type 00 class 0x088000
[    1.716550] pci 0000:7f:0b.5: [8086:344d] type 00 class 0x088000
[    1.716693] pci 0000:7f:0b.6: [8086:344d] type 00 class 0x088000
[    1.716820] pci 0000:7f:0b.7: [8086:344d] type 00 class 0x088000
[    1.716955] pci 0000:7f:0c.0: [8086:344d] type 00 class 0x088000
[    1.717094] pci 0000:7f:0c.1: [8086:344d] type 00 class 0x088000
[    1.717231] pci 0000:7f:0c.2: [8086:344d] type 00 class 0x088000
[    1.717369] pci 0000:7f:0c.3: [8086:344d] type 00 class 0x088000
[    1.717519] pci 0000:7f:0c.4: [8086:344d] type 00 class 0x088000
[    1.717661] pci 0000:7f:0c.5: [8086:344d] type 00 class 0x088000
[    1.717806] pci 0000:7f:0c.6: [8086:344d] type 00 class 0x088000
[    1.717959] pci 0000:7f:0c.7: [8086:344d] type 00 class 0x088000
[    1.718111] pci 0000:7f:0d.0: [8086:344d] type 00 class 0x088000
[    1.718263] pci 0000:7f:0d.1: [8086:344d] type 00 class 0x088000
[    1.718421] pci 0000:7f:0d.2: [8086:344d] type 00 class 0x088000
[    1.718576] pci 0000:7f:0d.3: [8086:344d] type 00 class 0x088000
[    1.718756] pci 0000:7f:1d.0: [8086:344f] type 00 class 0x088000
[    1.718874] pci 0000:7f:1d.1: [8086:3457] type 00 class 0x088000
[    1.718990] pci 0000:7f:1e.0: [8086:3458] type 00 class 0x088000
[    1.719067] pci 0000:7f:1e.1: [8086:3459] type 00 class 0x088000
[    1.719142] pci 0000:7f:1e.2: [8086:345a] type 00 class 0x088000
[    1.719215] pci 0000:7f:1e.3: [8086:345b] type 00 class 0x088000
[    1.719289] pci 0000:7f:1e.4: [8086:345c] type 00 class 0x088000
[    1.719363] pci 0000:7f:1e.5: [8086:345d] type 00 class 0x088000
[    1.719440] pci 0000:7f:1e.6: [8086:345e] type 00 class 0x088000
[    1.719514] pci 0000:7f:1e.7: [8086:345f] type 00 class 0x088000
[    1.719586] pci_bus 0000:7f: on NUMA node 0
[    1.719675] ACPI: PCI Root Bridge [PC06] (domain 0000 [bus 80])
[    1.719678] acpi PNP0A08:06: _OSC: OS supports [ExtendedConfig ASPM ClockPM Segments MSI HPX-Type3]
[    1.719773] acpi PNP0A08:06: PCIe AER handled by firmware
[    1.719878] acpi PNP0A08:06: _OSC: platform does not support [SHPCHotplug]
[    1.720077] acpi PNP0A08:06: _OSC: OS now controls [PCIeHotplug PME PCIeCapability LTR]
[    1.720078] acpi PNP0A08:06: FADT indicates ASPM is unsupported, using BIOS configuration
[    1.720221] PCI host bridge to bus 0000:80
[    1.720222] pci_bus 0000:80: root bus resource [io  0xb000-0xbfff window]
[    1.720223] pci_bus 0000:80: root bus resource [mem 0xc6800000-0xd0ffffff window]
[    1.720224] pci_bus 0000:80: root bus resource [mem 0x250000000000-0x25ffffffffff window]
[    1.720225] pci_bus 0000:80: root bus resource [bus 80]
[    1.720232] pci 0000:80:00.0: [8086:09a2] type 00 class 0x088000
[    1.720313] pci 0000:80:00.1: [8086:09a4] type 00 class 0x088000
[    1.720387] pci 0000:80:00.2: [8086:09a3] type 00 class 0x088000
[    1.720469] pci 0000:80:00.4: [8086:0998] type 00 class 0x060000
[    1.720547] pci 0000:80:02.0: [8086:09a6] type 00 class 0x088000
[    1.720556] pci 0000:80:02.0: reg 0x10: [mem 0xc6aa4000-0xc6aa5fff]
[    1.720621] pci 0000:80:02.1: [8086:09a7] type 00 class 0x088000
[    1.720630] pci 0000:80:02.1: reg 0x10: [mem 0xc6a00000-0xc6a7ffff]
[    1.720635] pci 0000:80:02.1: reg 0x14: [mem 0xc6980000-0xc69fffff]
[    1.720703] pci 0000:80:02.4: [8086:3456] type 00 class 0x130000
[    1.720715] pci 0000:80:02.4: reg 0x10: [mem 0xc6800000-0xc68fffff 64bit]
[    1.720721] pci 0000:80:02.4: reg 0x18: [mem 0xc6aa0000-0xc6aa3fff 64bit]
[    1.720728] pci 0000:80:02.4: reg 0x20: [mem 0xc6a80000-0xc6a9ffff 64bit]
[    1.720788] pci_bus 0000:80: on NUMA node 1
[    1.720856] ACPI: PCI Root Bridge [PC07] (domain 0000 [bus 81])
[    1.720858] acpi PNP0A08:07: _OSC: OS supports [ExtendedConfig ASPM ClockPM Segments MSI HPX-Type3]
[    1.720948] acpi PNP0A08:07: PCIe AER handled by firmware
[    1.721053] acpi PNP0A08:07: _OSC: platform does not support [SHPCHotplug]
[    1.721252] acpi PNP0A08:07: _OSC: OS now controls [PCIeHotplug PME PCIeCapability LTR]
[    1.721252] acpi PNP0A08:07: FADT indicates ASPM is unsupported, using BIOS configuration
[    1.721370] PCI host bridge to bus 0000:81
[    1.721371] pci_bus 0000:81: root bus resource [io  0xc000-0xcfff window]
[    1.721371] pci_bus 0000:81: root bus resource [mem 0xd1000000-0xdbbfffff window]
[    1.721372] pci_bus 0000:81: root bus resource [mem 0x260000000000-0x26ffffffffff window]
[    1.721373] pci_bus 0000:81: root bus resource [bus 81]
[    1.721380] pci 0000:81:00.0: [8086:09a2] type 00 class 0x088000
[    1.721450] pci 0000:81:00.1: [8086:09a4] type 00 class 0x088000
[    1.721516] pci 0000:81:00.2: [8086:09a3] type 00 class 0x088000
[    1.721584] pci 0000:81:00.4: [8086:0998] type 00 class 0x060000
[    1.721663] pci_bus 0000:81: on NUMA node 1
[    1.721722] ACPI: PCI Root Bridge [PC08] (domain 0000 [bus 82])
[    1.721724] acpi PNP0A08:08: _OSC: OS supports [ExtendedConfig ASPM ClockPM Segments MSI HPX-Type3]
[    1.721813] acpi PNP0A08:08: PCIe AER handled by firmware
[    1.721917] acpi PNP0A08:08: _OSC: platform does not support [SHPCHotplug]
[    1.722115] acpi PNP0A08:08: _OSC: OS now controls [PCIeHotplug PME PCIeCapability LTR]
[    1.722116] acpi PNP0A08:08: FADT indicates ASPM is unsupported, using BIOS configuration
[    1.722225] PCI host bridge to bus 0000:82
[    1.722226] pci_bus 0000:82: root bus resource [io  0xd000-0xdfff window]
[    1.722227] pci_bus 0000:82: root bus resource [mem 0xdbc00000-0xe67fffff window]
[    1.722228] pci_bus 0000:82: root bus resource [mem 0x270000000000-0x27ffffffffff window]
[    1.722229] pci_bus 0000:82: root bus resource [bus 82]
[    1.722236] pci 0000:82:00.0: [8086:09a2] type 00 class 0x088000
[    1.722304] pci 0000:82:00.1: [8086:09a4] type 00 class 0x088000
[    1.722371] pci 0000:82:00.2: [8086:09a3] type 00 class 0x088000
[    1.722444] pci 0000:82:00.4: [8086:0998] type 00 class 0x060000
[    1.722524] pci_bus 0000:82: on NUMA node 1
[    1.722608] ACPI: PCI Root Bridge [PC10] (domain 0000 [bus 83-f9])
[    1.722610] acpi PNP0A08:0a: _OSC: OS supports [ExtendedConfig ASPM ClockPM Segments MSI HPX-Type3]
[    1.722700] acpi PNP0A08:0a: PCIe AER handled by firmware
[    1.722804] acpi PNP0A08:0a: _OSC: platform does not support [SHPCHotplug]
[    1.723003] acpi PNP0A08:0a: _OSC: OS now controls [PCIeHotplug PME PCIeCapability LTR]
[    1.723003] acpi PNP0A08:0a: FADT indicates ASPM is unsupported, using BIOS configuration
[    1.723124] PCI host bridge to bus 0000:83
[    1.723125] pci_bus 0000:83: root bus resource [io  0xe000-0xefff window]
[    1.723125] pci_bus 0000:83: root bus resource [mem 0xe6800000-0xf13fffff window]
[    1.723126] pci_bus 0000:83: root bus resource [mem 0x280000000000-0x28ffffffffff window]
[    1.723127] pci_bus 0000:83: root bus resource [bus 83-f9]
[    1.723134] pci 0000:83:00.0: [8086:09a2] type 00 class 0x088000
[    1.723203] pci 0000:83:00.1: [8086:09a4] type 00 class 0x088000
[    1.723271] pci 0000:83:00.2: [8086:09a3] type 00 class 0x088000
[    1.723340] pci 0000:83:00.4: [8086:0998] type 00 class 0x060000
[    1.723420] pci_bus 0000:83: on NUMA node 1
[    1.723479] ACPI: PCI Root Bridge [PC11] (domain 0000 [bus fa])
[    1.723480] acpi PNP0A08:0b: _OSC: OS supports [ExtendedConfig ASPM ClockPM Segments MSI HPX-Type3]
[    1.723572] acpi PNP0A08:0b: PCIe AER handled by firmware
[    1.723677] acpi PNP0A08:0b: _OSC: platform does not support [SHPCHotplug]
[    1.723880] acpi PNP0A08:0b: _OSC: OS now controls [PCIeHotplug PME PCIeCapability LTR]
[    1.723880] acpi PNP0A08:0b: FADT indicates ASPM is unsupported, using BIOS configuration
[    1.723992] PCI host bridge to bus 0000:fa
[    1.723993] pci_bus 0000:fa: root bus resource [io  0xf000-0xffff window]
[    1.723994] pci_bus 0000:fa: root bus resource [mem 0xf1400000-0xfb7fffff window]
[    1.723995] pci_bus 0000:fa: root bus resource [mem 0x290000000000-0x29ffffffffff window]
[    1.723995] pci_bus 0000:fa: root bus resource [bus fa]
[    1.724003] pci 0000:fa:00.0: [8086:09a2] type 00 class 0x088000
[    1.724071] pci 0000:fa:00.1: [8086:09a4] type 00 class 0x088000
[    1.724140] pci 0000:fa:00.2: [8086:09a3] type 00 class 0x088000
[    1.724215] pci 0000:fa:00.4: [8086:0998] type 00 class 0x060000
[    1.724295] pci_bus 0000:fa: on NUMA node 1
[    1.724351] ACPI: PCI Root Bridge [UC16] (domain 0000 [bus fe])
[    1.724353] acpi PNP0A03:02: _OSC: OS supports [ExtendedConfig ASPM ClockPM Segments MSI HPX-Type3]
[    1.724428] acpi PNP0A03:02: PCIe AER handled by firmware
[    1.724517] acpi PNP0A03:02: _OSC: platform does not support [SHPCHotplug LTR]
[    1.724686] acpi PNP0A03:02: _OSC: OS now controls [PCIeHotplug PME PCIeCapability]
[    1.724687] acpi PNP0A03:02: FADT indicates ASPM is unsupported, using BIOS configuration
[    1.724818] PCI host bridge to bus 0000:fe
[    1.724819] pci_bus 0000:fe: root bus resource [bus fe]
[    1.724825] pci 0000:fe:00.0: [8086:3450] type 00 class 0x088000
[    1.724897] pci 0000:fe:00.1: [8086:3451] type 00 class 0x088000
[    1.724962] pci 0000:fe:00.2: [8086:3452] type 00 class 0x088000
[    1.725030] pci 0000:fe:00.3: [8086:0998] type 00 class 0x060000
[    1.725099] pci 0000:fe:00.5: [8086:3455] type 00 class 0x088000
[    1.725171] pci 0000:fe:02.0: [8086:3440] type 00 class 0x088000
[    1.725297] pci 0000:fe:02.1: [8086:3441] type 00 class 0x088000
[    1.725421] pci 0000:fe:02.2: [8086:3442] type 00 class 0x088000
[    1.725538] pci 0000:fe:03.0: [8086:3440] type 00 class 0x088000
[    1.725630] pci 0000:fe:03.1: [8086:3441] type 00 class 0x088000
[    1.725717] pci 0000:fe:03.2: [8086:3442] type 00 class 0x088000
[    1.725809] pci 0000:fe:04.0: [8086:3440] type 00 class 0x088000
[    1.725939] pci 0000:fe:04.1: [8086:3441] type 00 class 0x088000
[    1.726064] pci 0000:fe:04.2: [8086:3442] type 00 class 0x088000
[    1.726189] pci 0000:fe:04.3: [8086:3443] type 00 class 0x088000
[    1.726325] pci 0000:fe:05.0: [8086:3445] type 00 class 0x088000
[    1.726450] pci 0000:fe:05.1: [8086:3446] type 00 class 0x088000
[    1.726571] pci 0000:fe:05.2: [8086:3447] type 00 class 0x088000
[    1.726692] pci 0000:fe:06.0: [8086:3445] type 00 class 0x088000
[    1.726786] pci 0000:fe:06.1: [8086:3446] type 00 class 0x088000
[    1.726876] pci 0000:fe:06.2: [8086:3447] type 00 class 0x088000
[    1.726971] pci 0000:fe:07.0: [8086:3445] type 00 class 0x088000
[    1.727103] pci 0000:fe:07.1: [8086:3446] type 00 class 0x088000
[    1.727237] pci 0000:fe:07.2: [8086:3447] type 00 class 0x088000
[    1.727364] pci 0000:fe:0b.0: [8086:3448] type 00 class 0x088000
[    1.727442] pci 0000:fe:0b.1: [8086:3448] type 00 class 0x088000
[    1.727516] pci 0000:fe:0b.2: [8086:344b] type 00 class 0x088000
[    1.727597] pci 0000:fe:0c.0: [8086:344a] type 00 class 0x110100
[    1.727700] pci 0000:fe:0d.0: [8086:344a] type 00 class 0x110100
[    1.727798] pci 0000:fe:0e.0: [8086:344a] type 00 class 0x110100
[    1.727952] pci 0000:fe:0f.0: [8086:344a] type 00 class 0x110100
[    1.728123] pci 0000:fe:1a.0: [8086:2880] type 00 class 0x110100
[    1.728223] pci 0000:fe:1b.0: [8086:2880] type 00 class 0x110100
[    1.728319] pci 0000:fe:1c.0: [8086:2880] type 00 class 0x110100
[    1.728479] pci 0000:fe:1d.0: [8086:2880] type 00 class 0x110100
[    1.728640] pci_bus 0000:fe: on NUMA node 1
[    1.728711] ACPI: PCI Root Bridge [UC17] (domain 0000 [bus ff])
[    1.728713] acpi PNP0A03:03: _OSC: OS supports [ExtendedConfig ASPM ClockPM Segments MSI HPX-Type3]
[    1.728788] acpi PNP0A03:03: PCIe AER handled by firmware
[    1.728878] acpi PNP0A03:03: _OSC: platform does not support [SHPCHotplug LTR]
[    1.729046] acpi PNP0A03:03: _OSC: OS now controls [PCIeHotplug PME PCIeCapability]
[    1.729047] acpi PNP0A03:03: FADT indicates ASPM is unsupported, using BIOS configuration
[    1.729189] PCI host bridge to bus 0000:ff
[    1.729190] pci_bus 0000:ff: root bus resource [bus ff]
[    1.729200] pci 0000:ff:00.0: [8086:344c] type 00 class 0x088000
[    1.729315] pci 0000:ff:00.1: [8086:344c] type 00 class 0x088000
[    1.729435] pci 0000:ff:00.2: [8086:344c] type 00 class 0x088000
[    1.729542] pci 0000:ff:00.3: [8086:344c] type 00 class 0x088000
[    1.729675] pci 0000:ff:00.4: [8086:344c] type 00 class 0x088000
[    1.729799] pci 0000:ff:00.5: [8086:344c] type 00 class 0x088000
[    1.729902] pci 0000:ff:00.6: [8086:344c] type 00 class 0x088000
[    1.730035] pci 0000:ff:00.7: [8086:344c] type 00 class 0x088000
[    1.730167] pci 0000:ff:01.0: [8086:344c] type 00 class 0x088000
[    1.730308] pci 0000:ff:01.1: [8086:344c] type 00 class 0x088000
[    1.730443] pci 0000:ff:01.2: [8086:344c] type 00 class 0x088000
[    1.730533] pci 0000:ff:01.3: [8086:344c] type 00 class 0x088000
[    1.730682] pci 0000:ff:01.4: [8086:344c] type 00 class 0x088000
[    1.730827] pci 0000:ff:01.5: [8086:344c] type 00 class 0x088000
[    1.730975] pci 0000:ff:01.6: [8086:344c] type 00 class 0x088000
[    1.731108] pci 0000:ff:01.7: [8086:344c] type 00 class 0x088000
[    1.731250] pci 0000:ff:02.0: [8086:344c] type 00 class 0x088000
[    1.731392] pci 0000:ff:02.1: [8086:344c] type 00 class 0x088000
[    1.731530] pci 0000:ff:02.2: [8086:344c] type 00 class 0x088000
[    1.731675] pci 0000:ff:02.3: [8086:344c] type 00 class 0x088000
[    1.731824] pci 0000:ff:02.4: [8086:344c] type 00 class 0x088000
[    1.731970] pci 0000:ff:02.5: [8086:344c] type 00 class 0x088000
[    1.732121] pci 0000:ff:02.6: [8086:344c] type 00 class 0x088000
[    1.732269] pci 0000:ff:02.7: [8086:344c] type 00 class 0x088000
[    1.732427] pci 0000:ff:03.0: [8086:344c] type 00 class 0x088000
[    1.732590] pci 0000:ff:03.1: [8086:344c] type 00 class 0x088000
[    1.732748] pci 0000:ff:03.2: [8086:344c] type 00 class 0x088000
[    1.732910] pci 0000:ff:03.3: [8086:344c] type 00 class 0x088000
[    1.733089] pci 0000:ff:0a.0: [8086:344d] type 00 class 0x088000
[    1.733211] pci 0000:ff:0a.1: [8086:344d] type 00 class 0x088000
[    1.733330] pci 0000:ff:0a.2: [8086:344d] type 00 class 0x088000
[    1.733438] pci 0000:ff:0a.3: [8086:344d] type 00 class 0x088000
[    1.733566] pci 0000:ff:0a.4: [8086:344d] type 00 class 0x088000
[    1.733690] pci 0000:ff:0a.5: [8086:344d] type 00 class 0x088000
[    1.733793] pci 0000:ff:0a.6: [8086:344d] type 00 class 0x088000
[    1.733926] pci 0000:ff:0a.7: [8086:344d] type 00 class 0x088000
[    1.734062] pci 0000:ff:0b.0: [8086:344d] type 00 class 0x088000
[    1.734204] pci 0000:ff:0b.1: [8086:344d] type 00 class 0x088000
[    1.734338] pci 0000:ff:0b.2: [8086:344d] type 00 class 0x088000
[    1.734428] pci 0000:ff:0b.3: [8086:344d] type 00 class 0x088000
[    1.734572] pci 0000:ff:0b.4: [8086:344d] type 00 class 0x088000
[    1.734716] pci 0000:ff:0b.5: [8086:344d] type 00 class 0x088000
[    1.734863] pci 0000:ff:0b.6: [8086:344d] type 00 class 0x088000
[    1.734997] pci 0000:ff:0b.7: [8086:344d] type 00 class 0x088000
[    1.735141] pci 0000:ff:0c.0: [8086:344d] type 00 class 0x088000
[    1.735283] pci 0000:ff:0c.1: [8086:344d] type 00 class 0x088000
[    1.735424] pci 0000:ff:0c.2: [8086:344d] type 00 class 0x088000
[    1.735570] pci 0000:ff:0c.3: [8086:344d] type 00 class 0x088000
[    1.735712] pci 0000:ff:0c.4: [8086:344d] type 00 class 0x088000
[    1.735857] pci 0000:ff:0c.5: [8086:344d] type 00 class 0x088000
[    1.736008] pci 0000:ff:0c.6: [8086:344d] type 00 class 0x088000
[    1.736156] pci 0000:ff:0c.7: [8086:344d] type 00 class 0x088000
[    1.736320] pci 0000:ff:0d.0: [8086:344d] type 00 class 0x088000
[    1.736481] pci 0000:ff:0d.1: [8086:344d] type 00 class 0x088000
[    1.736634] pci 0000:ff:0d.2: [8086:344d] type 00 class 0x088000
[    1.736799] pci 0000:ff:0d.3: [8086:344d] type 00 class 0x088000
[    1.736982] pci 0000:ff:1d.0: [8086:344f] type 00 class 0x088000
[    1.737103] pci 0000:ff:1d.1: [8086:3457] type 00 class 0x088000
[    1.737224] pci 0000:ff:1e.0: [8086:3458] type 00 class 0x088000
[    1.737305] pci 0000:ff:1e.1: [8086:3459] type 00 class 0x088000
[    1.737388] pci 0000:ff:1e.2: [8086:345a] type 00 class 0x088000
[    1.737466] pci 0000:ff:1e.3: [8086:345b] type 00 class 0x088000
[    1.737542] pci 0000:ff:1e.4: [8086:345c] type 00 class 0x088000
[    1.737619] pci 0000:ff:1e.5: [8086:345d] type 00 class 0x088000
[    1.737697] pci 0000:ff:1e.6: [8086:345e] type 00 class 0x088000
[    1.737772] pci 0000:ff:1e.7: [8086:345f] type 00 class 0x088000
[    1.737848] pci_bus 0000:ff: on NUMA node 1
[    1.739520] HMAT: Memory (0x0 length 0x80000000) Flags:0003 Processor Domain:0 Memory Domain:0
[    1.739520] HMAT: Memory (0x100000000 length 0xf80000000) Flags:0003 Processor Domain:0 Memory Domain:0
[    1.739520] HMAT: Memory (0x2080000000 length 0x7e00000000) Flags:0003 Processor Domain:0 Memory Domain:2
[    1.739520] HMAT: Memory (0x1080000000 length 0x1000000000) Flags:0003 Processor Domain:1 Memory Domain:1
[    1.739520] HMAT: Memory (0x9e80000000 length 0x7e00000000) Flags:0003 Processor Domain:1 Memory Domain:3
[    1.739520] HMAT: Locality: Flags:00 Type:Read Latency Initiator Domains:2 Target Domains:4 Base:100
[    1.739520]   Initiator-Target[0-0]:7600 nsec
[    1.739520]   Initiator-Target[0-1]:13560 nsec
[    1.739520]   Initiator-Target[0-2]:25350 nsec
[    1.739520]   Initiator-Target[0-3]:31600 nsec
[    1.739520]   Initiator-Target[1-0]:13560 nsec
[    1.739520]   Initiator-Target[1-1]:7600 nsec
[    1.739520]   Initiator-Target[1-2]:31600 nsec
[    1.739520]   Initiator-Target[1-3]:25350 nsec
[    1.739520] HMAT: Locality: Flags:00 Type:Write Latency Initiator Domains:2 Target Domains:4 Base:100
[    1.739520]   Initiator-Target[0-0]:7600 nsec
[    1.739520]   Initiator-Target[0-1]:13560 nsec
[    1.739520]   Initiator-Target[0-2]:25350 nsec
[    1.739520]   Initiator-Target[0-3]:31600 nsec
[    1.739520]   Initiator-Target[1-0]:13560 nsec
[    1.739520]   Initiator-Target[1-1]:7600 nsec
[    1.739520]   Initiator-Target[1-2]:31600 nsec
[    1.739520]   Initiator-Target[1-3]:25350 nsec
[    1.739520] HMAT: Locality: Flags:00 Type:Read Bandwidth Initiator Domains:2 Target Domains:4 Base:1
[    1.739520]   Initiator-Target[0-0]:1790 MB/s
[    1.739520]   Initiator-Target[0-1]:1790 MB/s
[    1.739520]   Initiator-Target[0-2]:463 MB/s
[    1.739520]   Initiator-Target[0-3]:463 MB/s
[    1.739520]   Initiator-Target[1-0]:1790 MB/s
[    1.739520]   Initiator-Target[1-1]:1790 MB/s
[    1.739520]   Initiator-Target[1-2]:463 MB/s
[    1.739520]   Initiator-Target[1-3]:463 MB/s
[    1.739520] HMAT: Locality: Flags:00 Type:Write Bandwidth Initiator Domains:2 Target Domains:4 Base:1
[    1.739520]   Initiator-Target[0-0]:1910 MB/s
[    1.739520]   Initiator-Target[0-1]:1910 MB/s
[    1.739520]   Initiator-Target[0-2]:138 MB/s
[    1.739520]   Initiator-Target[0-3]:138 MB/s
[    1.739520]   Initiator-Target[1-0]:1910 MB/s
[    1.739520]   Initiator-Target[1-1]:1910 MB/s
[    1.739520]   Initiator-Target[1-2]:138 MB/s
[    1.739520]   Initiator-Target[1-3]:138 MB/s
[    1.739520] WARNING: CPU: 62 PID: 1 at drivers/base/node.c:191 node_set_perf_attrs+0x90/0xb0
[    1.739520] Modules linked in:
[    1.739520] CPU: 62 PID: 1 Comm: swapper/0 Not tainted 5.3.1-multiclock #1
[    1.739520] Hardware name: Dell Inc. PowerEdge R750/0K8F35, BIOS 1.10.2 03/03/2023
[    1.739520] RIP: 0010:node_set_perf_attrs+0x90/0xb0
[    1.739520] Code: f4 02 00 00 4c 89 ea 4c 89 e7 e8 bb bf c7 ff 85 c0 75 24 48 83 c3 08 48 8b 33 48 85 f6 75 e5 5b 41 5a 41 5c 41 5d 41 5e 5d c3 <0f> 0b 5b 41 5a 41 5c 41 5d 41 5e 5d c3 44 89 f6 48 c7 c7 70 5b 9a
[    1.739520] RSP: 0000:ffffb8b0c007bd80 EFLAGS: 00010246
[    1.739520] RAX: 0000000000000002 RBX: 0000000000000003 RCX: 0000000000000000
[    1.739520] RDX: 0000000000000000 RSI: ffff90f2d8252858 RDI: 0000000000000002
[    1.739520] RBP: ffffb8b0c007bda8 R08: ffff90f2d7e0f008 R09: 0000000000000000
[    1.739520] R10: ffff90f2dcdf1798 R11: ffff90e26d474c10 R12: ffff90f2d8252840
[    1.739520] R13: ffffffff870db310 R14: 0000000000000005 R15: ffffffff86e95806
[    1.739520] FS:  0000000000000000(0000) GS:ffff90e26dfc0000(0000) knlGS:0000000000000000
[    1.739520] CS:  0010 DS: 0000 ES: 0000 CR0: 0000000080050033
[    1.739520] CR2: 0000000000000000 CR3: 0000001efd00a001 CR4: 0000000000760ee0
[    1.739520] DR0: 0000000000000000 DR1: 0000000000000000 DR2: 0000000000000000
[    1.739520] DR3: 0000000000000000 DR6: 00000000fffe0ff0 DR7: 0000000000000400
[    1.739520] PKRU: 55555554
[    1.739520] Call Trace:
[    1.739520]  hmat_init+0x32a/0x43c
[    1.739520]  ? hmat_parse_subtable+0x503/0x503
[    1.739520]  ? set_debug_rodata+0x17/0x17
[    1.739520]  do_one_initcall+0x4a/0x1fa
[    1.739520]  kernel_init_freeable+0x1c6/0x26d
[    1.739520]  ? rest_init+0xb0/0xb0
[    1.739520]  kernel_init+0xe/0x110
[    1.739520]  ret_from_fork+0x1f/0x40
[    1.739520] ---[ end trace 124f4d19c4837ed6 ]---
[    1.739538] pci 0000:03:00.0: vgaarb: setting as boot VGA device
[    1.739538] pci 0000:03:00.0: vgaarb: VGA device added: decodes=io+mem,owns=io+mem,locks=none
[    1.739591] pci 0000:03:00.0: vgaarb: bridge control possible
[    1.739592] vgaarb: loaded
[    1.739790] SCSI subsystem initialized
[    1.739790] libata version 3.00 loaded.
[    1.739790] ACPI: bus type USB registered
[    1.739790] usbcore: registered new interface driver usbfs
[    1.739790] usbcore: registered new interface driver hub
[    1.743537] usbcore: registered new device driver usb
[    1.743537] pps_core: LinuxPPS API ver. 1 registered
[    1.743537] pps_core: Software ver. 5.3.6 - Copyright 2005-2007 Rodolfo Giometti <giometti@linux.it>
[    1.743537] PTP clock support registered
[    1.743676] EDAC MC: Ver: 3.0.0
[    1.744256] Registered efivars operations
[    1.744256] PCI: Using ACPI for IRQ routing
[    1.745259] PCI: pci_cache_line_size set to 64 bytes
[    1.745814] e820: reserve RAM buffer [mem 0x0008f000-0x0008ffff]
[    1.745815] e820: reserve RAM buffer [mem 0x47bcd020-0x47ffffff]
[    1.745816] e820: reserve RAM buffer [mem 0x47bff020-0x47ffffff]
[    1.745817] e820: reserve RAM buffer [mem 0x47c32020-0x47ffffff]
[    1.745818] e820: reserve RAM buffer [mem 0x47c65020-0x47ffffff]
[    1.745819] e820: reserve RAM buffer [mem 0x49e77000-0x4bffffff]
[    1.745819] e820: reserve RAM buffer [mem 0x4b2cf000-0x4bffffff]
[    1.745820] e820: reserve RAM buffer [mem 0x4bd94000-0x4bffffff]
[    1.745821] e820: reserve RAM buffer [mem 0x4ce00000-0x4fffffff]
[    1.745822] e820: reserve RAM buffer [mem 0x5eefe000-0x5fffffff]
[    1.745822] e820: reserve RAM buffer [mem 0x6f800000-0x6fffffff]
[    1.746118] NetLabel: Initializing
[    1.746119] NetLabel:  domain hash size = 128
[    1.746119] NetLabel:  protocols = UNLABELED CIPSOv4 CALIPSO
[    1.746138] NetLabel:  unlabeled traffic allowed by default
[    1.748856] hpet0: at MMIO 0xfed00000, IRQs 2, 8, 0, 0, 0, 0, 0, 0
[    1.748859] hpet0: 8 comparators, 64-bit 24.000000 MHz counter
[    1.751652] clocksource: Switched to clocksource tsc-early
[    1.762622] VFS: Disk quotas dquot_6.6.0
[    1.762666] VFS: Dquot-cache hash table entries: 512 (order 0, 4096 bytes)
[    1.762955] *** VALIDATE hugetlbfs ***
[    1.763075] AppArmor: AppArmor Filesystem Enabled
[    1.763094] pnp: PnP ACPI init
[    1.778469] pnp 00:00: Plug and Play ACPI device, IDs PNP0b00 (active)
[    1.778631] system 00:01: [io  0x0500-0x05fe] has been reserved
[    1.778632] system 00:01: [io  0x0400-0x041f] has been reserved
[    1.778633] system 00:01: [io  0x0600-0x061f] has been reserved
[    1.778634] system 00:01: [io  0x0ca0-0x0ca1] has been reserved
[    1.778635] system 00:01: [io  0x0ca4-0x0ca6] has been reserved
[    1.778638] system 00:01: [mem 0xff000000-0xffffffff] has been reserved
[    1.778641] system 00:01: Plug and Play ACPI device, IDs PNP0c02 (active)
[    1.778888] pnp 00:02: Plug and Play ACPI device, IDs PNP0501 (active)
[    1.779093] pnp 00:03: Plug and Play ACPI device, IDs PNP0501 (active)
[    1.779250] system 00:04: [mem 0xfd000000-0xfdabffff] has been reserved
[    1.779251] system 00:04: [mem 0xfdad0000-0xfdadffff] has been reserved
[    1.779252] system 00:04: [mem 0xfdb00000-0xfdffffff] has been reserved
[    1.779254] system 00:04: [mem 0xfe000000-0xfe00ffff] has been reserved
[    1.779255] system 00:04: [mem 0xfe011000-0xfe01ffff] has been reserved
[    1.779256] system 00:04: [mem 0xfe036000-0xfe03bfff] has been reserved
[    1.779257] system 00:04: [mem 0xfe03d000-0xfe3fffff] has been reserved
[    1.779258] system 00:04: [mem 0xfe410000-0xfe7fffff] has been reserved
[    1.779260] system 00:04: Plug and Play ACPI device, IDs PNP0c02 (active)
[    1.779595] system 00:05: [io  0x1000-0x10fe] has been reserved
[    1.779598] system 00:05: Plug and Play ACPI device, IDs PNP0c02 (active)
[    1.780592] pnp: PnP ACPI: found 6 devices
[    1.781702] thermal_sys: Registered thermal governor 'fair_share'
[    1.781703] thermal_sys: Registered thermal governor 'bang_bang'
[    1.781703] thermal_sys: Registered thermal governor 'step_wise'
[    1.781704] thermal_sys: Registered thermal governor 'user_space'
[    1.781704] thermal_sys: Registered thermal governor 'power_allocator'
[    1.786198] clocksource: acpi_pm: mask: 0xffffff max_cycles: 0xffffff, max_idle_ns: 2085701024 ns
[    1.786220] pci 0000:04:00.0: can't claim BAR 6 [mem 0xfffc0000-0xffffffff pref]: no compatible bridge window
[    1.786221] pci 0000:04:00.1: can't claim BAR 6 [mem 0xfffc0000-0xffffffff pref]: no compatible bridge window
[    1.786223] pci 0000:17:00.0: can't claim BAR 6 [mem 0xfff00000-0xffffffff pref]: no compatible bridge window
[    1.786238] pci 0000:00:1c.5: BAR 14: assigned [mem 0x90000000-0x900fffff]
[    1.786240] pci 0000:00:1c.0: PCI bridge to [bus 01]
[    1.786250] pci 0000:02:00.0: PCI bridge to [bus 03]
[    1.786254] pci 0000:02:00.0:   bridge window [mem 0x92000000-0x928fffff]
[    1.786258] pci 0000:02:00.0:   bridge window [mem 0x91000000-0x91ffffff 64bit pref]
[    1.786263] pci 0000:00:1c.4: PCI bridge to [bus 02-03]
[    1.786266] pci 0000:00:1c.4:   bridge window [mem 0x92000000-0x928fffff]
[    1.786269] pci 0000:00:1c.4:   bridge window [mem 0x91000000-0x91ffffff 64bit pref]
[    1.786273] pci 0000:04:00.0: BAR 6: assigned [mem 0x90000000-0x9003ffff pref]
[    1.786274] pci 0000:04:00.1: BAR 6: assigned [mem 0x90040000-0x9007ffff pref]
[    1.786275] pci 0000:00:1c.5: PCI bridge to [bus 04]
[    1.786278] pci 0000:00:1c.5:   bridge window [mem 0x90000000-0x900fffff]
[    1.786280] pci 0000:00:1c.5:   bridge window [mem 0x92900000-0x929fffff 64bit pref]
[    1.786285] pci_bus 0000:00: resource 4 [io  0x0000-0x0cf7 window]
[    1.786285] pci_bus 0000:00: resource 5 [io  0x1000-0x4fff window]
[    1.786286] pci_bus 0000:00: resource 6 [mem 0x000a0000-0x000bffff window]
[    1.786287] pci_bus 0000:00: resource 7 [mem 0x000c8000-0x000cffff window]
