[    0.000000] Linux version 5.15.0-tiering-0.8 (xmu@xmu-PowerEdge-R750) (gcc (Ubuntu 8.4.0-1ubuntu1~18.04) 8.4.0, GNU ld (GNU Binutils for Ubuntu) 2.30) #1 SMP Thu Apr 18 19:37:58 CST 2024
[    0.000000] Command line: BOOT_IMAGE=/boot/vmlinuz-5.15.0-tiering-0.8 root=UUID=ce0c24b8-724b-4f33-9b2c-618433560aef ro memmap=18733M!4096M memmap=59G!64G quiet splash nomodeset vt.handoff=1
[    0.000000] KERNEL supported cpus:
[    0.000000]   Intel GenuineIntel
[    0.000000]   AMD AuthenticAMD
[    0.000000]   Hygon HygonGenuine
[    0.000000]   Centaur CentaurHauls
[    0.000000]   zhaoxin   Shanghai  
[    0.000000] x86/split lock detection: #AC: crashing the kernel on kernel split_locks and warning on user-space split_locks
[    0.000000] x86/fpu: Supporting XSAVE feature 0x001: 'x87 floating point registers'
[    0.000000] x86/fpu: Supporting XSAVE feature 0x002: 'SSE registers'
[    0.000000] x86/fpu: Supporting XSAVE feature 0x004: 'AVX registers'
[    0.000000] x86/fpu: Supporting XSAVE feature 0x020: 'AVX-512 opmask'
[    0.000000] x86/fpu: Supporting XSAVE feature 0x040: 'AVX-512 Hi256'
[    0.000000] x86/fpu: Supporting XSAVE feature 0x080: 'AVX-512 ZMM_Hi256'
[    0.000000] x86/fpu: Supporting XSAVE feature 0x200: 'Protection Keys User registers'
[    0.000000] x86/fpu: xstate_offset[2]:  576, xstate_sizes[2]:  256
[    0.000000] x86/fpu: xstate_offset[5]:  832, xstate_sizes[5]:   64
[    0.000000] x86/fpu: xstate_offset[6]:  896, xstate_sizes[6]:  512
[    0.000000] x86/fpu: xstate_offset[7]: 1408, xstate_sizes[7]: 1024
[    0.000000] x86/fpu: xstate_offset[9]: 2432, xstate_sizes[9]:    8
[    0.000000] x86/fpu: Enabled xstate features 0x2e7, context size is 2440 bytes, using 'compacted' format.
[    0.000000] signal: max sigframe size: 3632
[    0.000000] BIOS-provided physical RAM map:
[    0.000000] BIOS-e820: [mem 0x0000000000000000-0x000000000008efff] usable
[    0.000000] BIOS-e820: [mem 0x000000000008f000-0x000000000008ffff] reserved
[    0.000000] BIOS-e820: [mem 0x0000000000090000-0x000000000009ffff] usable
[    0.000000] BIOS-e820: [mem 0x00000000000a0000-0x00000000000fffff] reserved
[    0.000000] BIOS-e820: [mem 0x0000000000100000-0x0000000049e76fff] usable
[    0.000000] BIOS-e820: [mem 0x0000000049e77000-0x000000004ae76fff] ACPI NVS
[    0.000000] BIOS-e820: [mem 0x000000004ae77000-0x000000004b2cefff] usable
[    0.000000] BIOS-e820: [mem 0x000000004b2cf000-0x000000004b54dfff] ACPI data
[    0.000000] BIOS-e820: [mem 0x000000004b54e000-0x000000004bd93fff] usable
[    0.000000] BIOS-e820: [mem 0x000000004bd94000-0x000000004be99fff] reserved
[    0.000000] BIOS-e820: [mem 0x000000004be9a000-0x000000004cdfffff] usable
[    0.000000] BIOS-e820: [mem 0x000000004ce00000-0x000000004cffffff] reserved
[    0.000000] BIOS-e820: [mem 0x000000004d000000-0x000000005eefdfff] usable
[    0.000000] BIOS-e820: [mem 0x000000005eefe000-0x000000006e3fefff] reserved
[    0.000000] BIOS-e820: [mem 0x000000006e3ff000-0x000000006f3fefff] ACPI NVS
[    0.000000] BIOS-e820: [mem 0x000000006f3ff000-0x000000006f7fefff] ACPI data
[    0.000000] BIOS-e820: [mem 0x000000006f7ff000-0x000000006f7fffff] usable
[    0.000000] BIOS-e820: [mem 0x000000006f800000-0x000000008fffffff] reserved
[    0.000000] BIOS-e820: [mem 0x00000000fe000000-0x00000000fe010fff] reserved
[    0.000000] BIOS-e820: [mem 0x0000000100000000-0x000000207fffffff] usable
[    0.000000] BIOS-e820: [mem 0x0000002080000000-0x0000011c7fffffff] persistent (type 7)
[    0.000000] BIOS-e820: [mem 0x00001ffc00000000-0x00001fffffffffff] reserved
[    0.000000] NX (Execute Disable) protection: active
[    0.000000] e820: update [mem 0x46d5d020-0x46d6505f] usable ==> usable
[    0.000000] e820: update [mem 0x46d5d020-0x46d6505f] usable ==> usable
[    0.000000] e820: update [mem 0x46d2a020-0x46d5cc5f] usable ==> usable
[    0.000000] e820: update [mem 0x46d2a020-0x46d5cc5f] usable ==> usable
[    0.000000] e820: update [mem 0x46cf7020-0x46d29c5f] usable ==> usable
[    0.000000] e820: update [mem 0x46cf7020-0x46d29c5f] usable ==> usable
[    0.000000] e820: update [mem 0x46cc5020-0x46cf6a5f] usable ==> usable
[    0.000000] e820: update [mem 0x46cc5020-0x46cf6a5f] usable ==> usable
[    0.000000] extended physical RAM map:
[    0.000000] reserve setup_data: [mem 0x0000000000000000-0x000000000008efff] usable
[    0.000000] reserve setup_data: [mem 0x000000000008f000-0x000000000008ffff] reserved
[    0.000000] reserve setup_data: [mem 0x0000000000090000-0x000000000009ffff] usable
[    0.000000] reserve setup_data: [mem 0x00000000000a0000-0x00000000000fffff] reserved
[    0.000000] reserve setup_data: [mem 0x0000000000100000-0x0000000046cc501f] usable
[    0.000000] reserve setup_data: [mem 0x0000000046cc5020-0x0000000046cf6a5f] usable
[    0.000000] reserve setup_data: [mem 0x0000000046cf6a60-0x0000000046cf701f] usable
[    0.000000] reserve setup_data: [mem 0x0000000046cf7020-0x0000000046d29c5f] usable
[    0.000000] reserve setup_data: [mem 0x0000000046d29c60-0x0000000046d2a01f] usable
[    0.000000] reserve setup_data: [mem 0x0000000046d2a020-0x0000000046d5cc5f] usable
[    0.000000] reserve setup_data: [mem 0x0000000046d5cc60-0x0000000046d5d01f] usable
[    0.000000] reserve setup_data: [mem 0x0000000046d5d020-0x0000000046d6505f] usable
[    0.000000] reserve setup_data: [mem 0x0000000046d65060-0x0000000049e76fff] usable
[    0.000000] reserve setup_data: [mem 0x0000000049e77000-0x000000004ae76fff] ACPI NVS
[    0.000000] reserve setup_data: [mem 0x000000004ae77000-0x000000004b2cefff] usable
[    0.000000] reserve setup_data: [mem 0x000000004b2cf000-0x000000004b54dfff] ACPI data
[    0.000000] reserve setup_data: [mem 0x000000004b54e000-0x000000004bd93fff] usable
[    0.000000] reserve setup_data: [mem 0x000000004bd94000-0x000000004be99fff] reserved
[    0.000000] reserve setup_data: [mem 0x000000004be9a000-0x000000004cdfffff] usable
[    0.000000] reserve setup_data: [mem 0x000000004ce00000-0x000000004cffffff] reserved
[    0.000000] reserve setup_data: [mem 0x000000004d000000-0x000000005eefdfff] usable
[    0.000000] reserve setup_data: [mem 0x000000005eefe000-0x000000006e3fefff] reserved
[    0.000000] reserve setup_data: [mem 0x000000006e3ff000-0x000000006f3fefff] ACPI NVS
[    0.000000] reserve setup_data: [mem 0x000000006f3ff000-0x000000006f7fefff] ACPI data
[    0.000000] reserve setup_data: [mem 0x000000006f7ff000-0x000000006f7fffff] usable
[    0.000000] reserve setup_data: [mem 0x000000006f800000-0x000000008fffffff] reserved
[    0.000000] reserve setup_data: [mem 0x00000000fe000000-0x00000000fe010fff] reserved
[    0.000000] reserve setup_data: [mem 0x0000000100000000-0x0000000592cfffff] persistent (type 12)
[    0.000000] reserve setup_data: [mem 0x0000000592d00000-0x0000000fffffffff] usable
[    0.000000] reserve setup_data: [mem 0x0000001000000000-0x0000001ebfffffff] persistent (type 12)
[    0.000000] reserve setup_data: [mem 0x0000001ec0000000-0x000000207fffffff] usable
[    0.000000] reserve setup_data: [mem 0x0000002080000000-0x0000011c7fffffff] persistent (type 7)
[    0.000000] reserve setup_data: [mem 0x00001ffc00000000-0x00001fffffffffff] reserved
[    0.000000] user-defined physical RAM map:
[    0.000000] user: [mem 0x0000000000000000-0x000000000008efff] usable
[    0.000000] user: [mem 0x000000000008f000-0x000000000008ffff] reserved
[    0.000000] user: [mem 0x0000000000090000-0x000000000009ffff] usable
[    0.000000] user: [mem 0x00000000000a0000-0x00000000000fffff] reserved
[    0.000000] user: [mem 0x0000000000100000-0x0000000046cc501f] usable
[    0.000000] user: [mem 0x0000000046cc5020-0x0000000046cf6a5f] usable
[    0.000000] user: [mem 0x0000000046cf6a60-0x0000000046cf701f] usable
[    0.000000] user: [mem 0x0000000046cf7020-0x0000000046d29c5f] usable
[    0.000000] user: [mem 0x0000000046d29c60-0x0000000046d2a01f] usable
[    0.000000] user: [mem 0x0000000046d2a020-0x0000000046d5cc5f] usable
[    0.000000] user: [mem 0x0000000046d5cc60-0x0000000046d5d01f] usable
[    0.000000] user: [mem 0x0000000046d5d020-0x0000000046d6505f] usable
[    0.000000] user: [mem 0x0000000046d65060-0x0000000049e76fff] usable
[    0.000000] user: [mem 0x0000000049e77000-0x000000004ae76fff] ACPI NVS
[    0.000000] user: [mem 0x000000004ae77000-0x000000004b2cefff] usable
[    0.000000] user: [mem 0x000000004b2cf000-0x000000004b54dfff] ACPI data
[    0.000000] user: [mem 0x000000004b54e000-0x000000004bd93fff] usable
[    0.000000] user: [mem 0x000000004bd94000-0x000000004be99fff] reserved
[    0.000000] user: [mem 0x000000004be9a000-0x000000004cdfffff] usable
[    0.000000] user: [mem 0x000000004ce00000-0x000000004cffffff] reserved
[    0.000000] user: [mem 0x000000004d000000-0x000000005eefdfff] usable
[    0.000000] user: [mem 0x000000005eefe000-0x000000006e3fefff] reserved
[    0.000000] user: [mem 0x000000006e3ff000-0x000000006f3fefff] ACPI NVS
[    0.000000] user: [mem 0x000000006f3ff000-0x000000006f7fefff] ACPI data
[    0.000000] user: [mem 0x000000006f7ff000-0x000000006f7fffff] usable
[    0.000000] user: [mem 0x000000006f800000-0x000000008fffffff] reserved
[    0.000000] user: [mem 0x00000000fe000000-0x00000000fe010fff] reserved
[    0.000000] user: [mem 0x0000000100000000-0x0000000592cfffff] persistent (type 12)
[    0.000000] user: [mem 0x0000000592d00000-0x0000000fffffffff] usable
[    0.000000] user: [mem 0x0000001000000000-0x0000001ebfffffff] persistent (type 12)
[    0.000000] user: [mem 0x0000001ec0000000-0x000000207fffffff] usable
[    0.000000] user: [mem 0x0000002080000000-0x0000011c7fffffff] persistent (type 7)
[    0.000000] user: [mem 0x00001ffc00000000-0x00001fffffffffff] reserved
[    0.000000] efi: EFI v2.70 by Dell Inc.
[    0.000000] efi: ACPI=0x6f7fe000 ACPI 2.0=0x6f7fe014 MEMATTR=0x5b070020 SMBIOS=0x69526000 SMBIOS 3.0=0x69524000 MOKvar=0x5ef81000 RNG=0x5ef8a920 
[    0.000000] efi: seeding entropy pool
[    0.000000] random: fast init done
[    0.000000] SMBIOS 3.3.0 present.
[    0.000000] DMI: Dell Inc. PowerEdge R750/0K8F35, BIOS 1.10.2 03/03/2023
[    0.000000] tsc: Detected 2000.000 MHz processor
[    0.000007] e820: update [mem 0x00000000-0x00000fff] usable ==> reserved
[    0.000010] e820: remove [mem 0x000a0000-0x000fffff] usable
[    0.000018] last_pfn = 0x2080000 max_arch_pfn = 0x400000000
[    0.000190] x86/PAT: Configuration [0-7]: WB  WC  UC- UC  WB  WP  UC- WT  
[    0.002794] total RAM covered: 2095088M
[    0.002877]  gran_size: 64K 	chunk_size: 64K 	num_reg: 10  	lose cover RAM: 2016G
[    0.002879]  gran_size: 64K 	chunk_size: 128K 	num_reg: 10  	lose cover RAM: 2016G
[    0.002881]  gran_size: 64K 	chunk_size: 256K 	num_reg: 10  	lose cover RAM: 2016G
[    0.002882]  gran_size: 64K 	chunk_size: 512K 	num_reg: 10  	lose cover RAM: 2016G
[    0.002884]  gran_size: 64K 	chunk_size: 1M 	num_reg: 10  	lose cover RAM: 2016G
[    0.002885]  gran_size: 64K 	chunk_size: 2M 	num_reg: 10  	lose cover RAM: 2016G
[    0.002887]  gran_size: 64K 	chunk_size: 4M 	num_reg: 10  	lose cover RAM: 2016G
[    0.002888]  gran_size: 64K 	chunk_size: 8M 	num_reg: 10  	lose cover RAM: 2016G
[    0.002889]  gran_size: 64K 	chunk_size: 16M 	num_reg: 10  	lose cover RAM: 2016G
[    0.002890]  gran_size: 64K 	chunk_size: 32M 	num_reg: 10  	lose cover RAM: 1024G
[    0.002892]  gran_size: 64K 	chunk_size: 64M 	num_reg: 10  	lose cover RAM: 1024G
[    0.002893]  gran_size: 64K 	chunk_size: 128M 	num_reg: 10  	lose cover RAM: 1024G
[    0.002894]  gran_size: 64K 	chunk_size: 256M 	num_reg: 10  	lose cover RAM: 1024G
[    0.002895]  gran_size: 64K 	chunk_size: 512M 	num_reg: 10  	lose cover RAM: 1024G
[    0.002897]  gran_size: 64K 	chunk_size: 1G 	num_reg: 10  	lose cover RAM: 1024G
[    0.002898]  gran_size: 64K 	chunk_size: 2G 	num_reg: 10  	lose cover RAM: 1024G
[    0.002899]  gran_size: 128K 	chunk_size: 128K 	num_reg: 10  	lose cover RAM: 2016G
[    0.002901]  gran_size: 128K 	chunk_size: 256K 	num_reg: 10  	lose cover RAM: 2016G
[    0.002902]  gran_size: 128K 	chunk_size: 512K 	num_reg: 10  	lose cover RAM: 2016G
[    0.002903]  gran_size: 128K 	chunk_size: 1M 	num_reg: 10  	lose cover RAM: 2016G
[    0.002904]  gran_size: 128K 	chunk_size: 2M 	num_reg: 10  	lose cover RAM: 2016G
[    0.002906]  gran_size: 128K 	chunk_size: 4M 	num_reg: 10  	lose cover RAM: 2016G
[    0.002907]  gran_size: 128K 	chunk_size: 8M 	num_reg: 10  	lose cover RAM: 2016G
[    0.002908]  gran_size: 128K 	chunk_size: 16M 	num_reg: 10  	lose cover RAM: 2016G
[    0.002909]  gran_size: 128K 	chunk_size: 32M 	num_reg: 10  	lose cover RAM: 1024G
[    0.002911]  gran_size: 128K 	chunk_size: 64M 	num_reg: 10  	lose cover RAM: 1024G
[    0.002912]  gran_size: 128K 	chunk_size: 128M 	num_reg: 10  	lose cover RAM: 1024G
[    0.002913]  gran_size: 128K 	chunk_size: 256M 	num_reg: 10  	lose cover RAM: 1024G
[    0.002915]  gran_size: 128K 	chunk_size: 512M 	num_reg: 10  	lose cover RAM: 1024G
[    0.002916]  gran_size: 128K 	chunk_size: 1G 	num_reg: 10  	lose cover RAM: 1024G
[    0.002917]  gran_size: 128K 	chunk_size: 2G 	num_reg: 10  	lose cover RAM: 1024G
[    0.002919]  gran_size: 256K 	chunk_size: 256K 	num_reg: 10  	lose cover RAM: 2016G
[    0.002920]  gran_size: 256K 	chunk_size: 512K 	num_reg: 10  	lose cover RAM: 2016G
[    0.002921]  gran_size: 256K 	chunk_size: 1M 	num_reg: 10  	lose cover RAM: 2016G
[    0.002923]  gran_size: 256K 	chunk_size: 2M 	num_reg: 10  	lose cover RAM: 2016G
[    0.002924]  gran_size: 256K 	chunk_size: 4M 	num_reg: 10  	lose cover RAM: 2016G
[    0.002925]  gran_size: 256K 	chunk_size: 8M 	num_reg: 10  	lose cover RAM: 2016G
[    0.002926]  gran_size: 256K 	chunk_size: 16M 	num_reg: 10  	lose cover RAM: 2016G
[    0.002928]  gran_size: 256K 	chunk_size: 32M 	num_reg: 10  	lose cover RAM: 1024G
[    0.002929]  gran_size: 256K 	chunk_size: 64M 	num_reg: 10  	lose cover RAM: 1024G
[    0.002930]  gran_size: 256K 	chunk_size: 128M 	num_reg: 10  	lose cover RAM: 1024G
[    0.002931]  gran_size: 256K 	chunk_size: 256M 	num_reg: 10  	lose cover RAM: 1024G
[    0.002933]  gran_size: 256K 	chunk_size: 512M 	num_reg: 10  	lose cover RAM: 1024G
[    0.002934]  gran_size: 256K 	chunk_size: 1G 	num_reg: 10  	lose cover RAM: 1024G
[    0.002935]  gran_size: 256K 	chunk_size: 2G 	num_reg: 10  	lose cover RAM: 1024G
[    0.002937]  gran_size: 512K 	chunk_size: 512K 	num_reg: 10  	lose cover RAM: 2016G
[    0.002938]  gran_size: 512K 	chunk_size: 1M 	num_reg: 10  	lose cover RAM: 2016G
[    0.002939]  gran_size: 512K 	chunk_size: 2M 	num_reg: 10  	lose cover RAM: 2016G
[    0.002940]  gran_size: 512K 	chunk_size: 4M 	num_reg: 10  	lose cover RAM: 2016G
[    0.002942]  gran_size: 512K 	chunk_size: 8M 	num_reg: 10  	lose cover RAM: 2016G
[    0.002943]  gran_size: 512K 	chunk_size: 16M 	num_reg: 10  	lose cover RAM: 2016G
[    0.002945]  gran_size: 512K 	chunk_size: 32M 	num_reg: 10  	lose cover RAM: 1024G
[    0.002946]  gran_size: 512K 	chunk_size: 64M 	num_reg: 10  	lose cover RAM: 1024G
[    0.002947]  gran_size: 512K 	chunk_size: 128M 	num_reg: 10  	lose cover RAM: 1024G
[    0.002948]  gran_size: 512K 	chunk_size: 256M 	num_reg: 10  	lose cover RAM: 1024G
[    0.002950]  gran_size: 512K 	chunk_size: 512M 	num_reg: 10  	lose cover RAM: 1024G
[    0.002951]  gran_size: 512K 	chunk_size: 1G 	num_reg: 10  	lose cover RAM: 1024G
[    0.002952]  gran_size: 512K 	chunk_size: 2G 	num_reg: 10  	lose cover RAM: 1024G
[    0.002953]  gran_size: 1M 	chunk_size: 1M 	num_reg: 10  	lose cover RAM: 2016G
[    0.002955]  gran_size: 1M 	chunk_size: 2M 	num_reg: 10  	lose cover RAM: 2016G
[    0.002956]  gran_size: 1M 	chunk_size: 4M 	num_reg: 10  	lose cover RAM: 2016G
[    0.002957]  gran_size: 1M 	chunk_size: 8M 	num_reg: 10  	lose cover RAM: 2016G
[    0.002959]  gran_size: 1M 	chunk_size: 16M 	num_reg: 10  	lose cover RAM: 2016G
[    0.002960]  gran_size: 1M 	chunk_size: 32M 	num_reg: 10  	lose cover RAM: 1024G
[    0.002961]  gran_size: 1M 	chunk_size: 64M 	num_reg: 10  	lose cover RAM: 1024G
[    0.002962]  gran_size: 1M 	chunk_size: 128M 	num_reg: 10  	lose cover RAM: 1024G
[    0.002964]  gran_size: 1M 	chunk_size: 256M 	num_reg: 10  	lose cover RAM: 1024G
[    0.002965]  gran_size: 1M 	chunk_size: 512M 	num_reg: 10  	lose cover RAM: 1024G
[    0.002966]  gran_size: 1M 	chunk_size: 1G 	num_reg: 10  	lose cover RAM: 1024G
[    0.002967]  gran_size: 1M 	chunk_size: 2G 	num_reg: 10  	lose cover RAM: 1024G
[    0.002969]  gran_size: 2M 	chunk_size: 2M 	num_reg: 10  	lose cover RAM: 2016G
[    0.002970]  gran_size: 2M 	chunk_size: 4M 	num_reg: 10  	lose cover RAM: 2016G
[    0.002971]  gran_size: 2M 	chunk_size: 8M 	num_reg: 10  	lose cover RAM: 2016G
[    0.002972]  gran_size: 2M 	chunk_size: 16M 	num_reg: 10  	lose cover RAM: 2016G
[    0.002974]  gran_size: 2M 	chunk_size: 32M 	num_reg: 10  	lose cover RAM: 1024G
[    0.002975]  gran_size: 2M 	chunk_size: 64M 	num_reg: 10  	lose cover RAM: 1024G
[    0.002976]  gran_size: 2M 	chunk_size: 128M 	num_reg: 10  	lose cover RAM: 1024G
[    0.002978]  gran_size: 2M 	chunk_size: 256M 	num_reg: 10  	lose cover RAM: 1024G
[    0.002979]  gran_size: 2M 	chunk_size: 512M 	num_reg: 10  	lose cover RAM: 1024G
[    0.002981]  gran_size: 2M 	chunk_size: 1G 	num_reg: 10  	lose cover RAM: 1024G
[    0.002982]  gran_size: 2M 	chunk_size: 2G 	num_reg: 10  	lose cover RAM: 1024G
[    0.002983]  gran_size: 4M 	chunk_size: 4M 	num_reg: 10  	lose cover RAM: 2016G
[    0.002985]  gran_size: 4M 	chunk_size: 8M 	num_reg: 10  	lose cover RAM: 2016G
[    0.002986]  gran_size: 4M 	chunk_size: 16M 	num_reg: 10  	lose cover RAM: 2016G
[    0.002987]  gran_size: 4M 	chunk_size: 32M 	num_reg: 10  	lose cover RAM: 1024G
[    0.002988]  gran_size: 4M 	chunk_size: 64M 	num_reg: 10  	lose cover RAM: 1024G
[    0.002990]  gran_size: 4M 	chunk_size: 128M 	num_reg: 10  	lose cover RAM: 1024G
[    0.002991]  gran_size: 4M 	chunk_size: 256M 	num_reg: 10  	lose cover RAM: 1024G
[    0.002992]  gran_size: 4M 	chunk_size: 512M 	num_reg: 10  	lose cover RAM: 1024G
[    0.002993]  gran_size: 4M 	chunk_size: 1G 	num_reg: 10  	lose cover RAM: 1024G
[    0.002995]  gran_size: 4M 	chunk_size: 2G 	num_reg: 10  	lose cover RAM: 1024G
[    0.002996]  gran_size: 8M 	chunk_size: 8M 	num_reg: 10  	lose cover RAM: 2016G
[    0.002997]  gran_size: 8M 	chunk_size: 16M 	num_reg: 10  	lose cover RAM: 2016G
[    0.002998]  gran_size: 8M 	chunk_size: 32M 	num_reg: 10  	lose cover RAM: 1024G
[    0.003000]  gran_size: 8M 	chunk_size: 64M 	num_reg: 10  	lose cover RAM: 1024G
[    0.003001]  gran_size: 8M 	chunk_size: 128M 	num_reg: 10  	lose cover RAM: 1024G
[    0.003003]  gran_size: 8M 	chunk_size: 256M 	num_reg: 10  	lose cover RAM: 1024G
[    0.003004]  gran_size: 8M 	chunk_size: 512M 	num_reg: 10  	lose cover RAM: 1024G
[    0.003006]  gran_size: 8M 	chunk_size: 1G 	num_reg: 10  	lose cover RAM: 1024G
[    0.003007]  gran_size: 8M 	chunk_size: 2G 	num_reg: 10  	lose cover RAM: 1024G
[    0.003008]  gran_size: 16M 	chunk_size: 16M 	num_reg: 10  	lose cover RAM: 2016G
[    0.003009]  gran_size: 16M 	chunk_size: 32M 	num_reg: 10  	lose cover RAM: 1024G
[    0.003011]  gran_size: 16M 	chunk_size: 64M 	num_reg: 10  	lose cover RAM: 1024G
[    0.003012]  gran_size: 16M 	chunk_size: 128M 	num_reg: 10  	lose cover RAM: 1024G
[    0.003013]  gran_size: 16M 	chunk_size: 256M 	num_reg: 10  	lose cover RAM: 1024G
[    0.003014]  gran_size: 16M 	chunk_size: 512M 	num_reg: 10  	lose cover RAM: 1024G
[    0.003016]  gran_size: 16M 	chunk_size: 1G 	num_reg: 10  	lose cover RAM: 1024G
[    0.003017]  gran_size: 16M 	chunk_size: 2G 	num_reg: 10  	lose cover RAM: 1024G
[    0.003018]  gran_size: 32M 	chunk_size: 32M 	num_reg: 10  	lose cover RAM: 2031632M
[    0.003020]  gran_size: 32M 	chunk_size: 64M 	num_reg: 10  	lose cover RAM: 1048592M
[    0.003021]  gran_size: 32M 	chunk_size: 128M 	num_reg: 10  	lose cover RAM: 1048592M
[    0.003023]  gran_size: 32M 	chunk_size: 256M 	num_reg: 10  	lose cover RAM: 1048592M
[    0.003024]  gran_size: 32M 	chunk_size: 512M 	num_reg: 10  	lose cover RAM: 1048592M
[    0.003025]  gran_size: 32M 	chunk_size: 1G 	num_reg: 10  	lose cover RAM: 1048592M
[    0.003026]  gran_size: 32M 	chunk_size: 2G 	num_reg: 10  	lose cover RAM: 1048592M
[    0.003028]  gran_size: 64M 	chunk_size: 64M 	num_reg: 10  	lose cover RAM: 1966128M
[    0.003029]  gran_size: 64M 	chunk_size: 128M 	num_reg: 10  	lose cover RAM: 1048624M
[    0.003030]  gran_size: 64M 	chunk_size: 256M 	num_reg: 10  	lose cover RAM: 1048624M
[    0.003031]  gran_size: 64M 	chunk_size: 512M 	num_reg: 10  	lose cover RAM: 1048624M
[    0.003033]  gran_size: 64M 	chunk_size: 1G 	num_reg: 10  	lose cover RAM: 1048624M
[    0.003034]  gran_size: 64M 	chunk_size: 2G 	num_reg: 10  	lose cover RAM: 1048624M
[    0.003035]  gran_size: 128M 	chunk_size: 128M 	num_reg: 10  	lose cover RAM: 1835120M
[    0.003037]  gran_size: 128M 	chunk_size: 256M 	num_reg: 10  	lose cover RAM: 1048688M
[    0.003038]  gran_size: 128M 	chunk_size: 512M 	num_reg: 10  	lose cover RAM: 1048688M
[    0.003040]  gran_size: 128M 	chunk_size: 1G 	num_reg: 10  	lose cover RAM: 1048688M
[    0.003041]  gran_size: 128M 	chunk_size: 2G 	num_reg: 10  	lose cover RAM: 1048688M
[    0.003042]  gran_size: 256M 	chunk_size: 256M 	num_reg: 10  	lose cover RAM: 1573104M
[    0.003044]  gran_size: 256M 	chunk_size: 512M 	num_reg: 10  	lose cover RAM: 1048816M
[    0.003045]  gran_size: 256M 	chunk_size: 1G 	num_reg: 10  	lose cover RAM: 1048816M
[    0.003046]  gran_size: 256M 	chunk_size: 2G 	num_reg: 10  	lose cover RAM: 1048816M
[    0.003048]  gran_size: 512M 	chunk_size: 512M 	num_reg: 10  	lose cover RAM: 1049072M
[    0.003049]  gran_size: 512M 	chunk_size: 1G 	num_reg: 10  	lose cover RAM: 1049072M
[    0.003050]  gran_size: 512M 	chunk_size: 2G 	num_reg: 10  	lose cover RAM: 1049072M
[    0.003051]  gran_size: 1G 	chunk_size: 1G 	num_reg: 10  	lose cover RAM: 1008M
[    0.003053]  gran_size: 1G 	chunk_size: 2G 	num_reg: 10  	lose cover RAM: 1008M
[    0.003054]  gran_size: 2G 	chunk_size: 2G 	num_reg: 9  	lose cover RAM: 2032M
[    0.003055] mtrr_cleanup: can not find optimal value
[    0.003056] please specify mtrr_gran_size/mtrr_chunk_size
[    0.003058] e820: update [mem 0x7f000000-0xffffffff] usable ==> reserved
[    0.003061] x2apic: enabled by BIOS, switching to x2apic ops
[    0.003062] last_pfn = 0x6f800 max_arch_pfn = 0x400000000
[    0.014391] Using GB pages for direct mapping
[    0.015622] Secure boot disabled
[    0.015622] RAMDISK: [mem 0x205cb7c000-0x207fffffff]
[    0.015627] ACPI: Early table checksum verification disabled
[    0.015629] ACPI: RSDP 0x000000006F7FE014 000024 (v02 DELL  )
[    0.015633] ACPI: XSDT 0x000000006F41C188 0000F4 (v01 DELL   PE_SC3   00000000 DELL 01000013)
[    0.015638] ACPI: FACP 0x000000006F430000 000114 (v06 DELL   PE_SC3   00000000 DELL 00000001)
[    0.015644] ACPI: DSDT 0x000000004B4CE000 07FAD3 (v02 DELL   PE_SC3   00000003 DELL 00000001)
[    0.015647] ACPI: FACS 0x000000006F2F2000 000040
[    0.015651] ACPI: SSDT 0x000000006F7FB000 00159A (v02 INTEL  RAS_ACPI 00000001 INTL 20210331)
[    0.015654] ACPI: SSDT 0x000000006F7FA000 000745 (v02 INTEL  ADDRXLAT 00000001 INTL 20210331)
[    0.015658] ACPI: MCEJ 0x000000006F7F9000 000130 (v01 INTEL           00000001 INTL 0100000D)
[    0.015661] ACPI: BERT 0x000000006F7F8000 000030 (v01 DELL   PE_SC3   00000001 INTL 00000001)
[    0.015664] ACPI: ERST 0x000000006F7F7000 000230 (v01 DELL   PE_SC3   00000001 INTL 00000001)
[    0.015668] ACPI: SSDT 0x000000006F431000 3C524E (v02 INTEL  SSDTNVDR 00001000 INTL 20210331)
[    0.015671] ACPI: HMAT 0x000000006F42F000 000210 (v01 DELL   PE_SC3   00000001 DELL 00000001)
[    0.015674] ACPI: HPET 0x000000006F42E000 000038 (v01 DELL   PE_SC3   00000001 DELL 00000001)
[    0.015677] ACPI: MCFG 0x000000006F42D000 00003C (v01 DELL   PE_SC3   00000001 DELL 00000001)
[    0.015681] ACPI: MIGT 0x000000006F42C000 000040 (v01 DELL   PE_SC3   00000000 DELL 00000001)
[    0.015684] ACPI: MSCT 0x000000006F42B000 000090 (v01 DELL   PE_SC3   00000001 DELL 00000001)
[    0.015687] ACPI: PMTT 0x000000006F429000 0011E8 (v02 DELL   PE_SC3   00000001 DELL 00000001)
[    0.015690] ACPI: WSMT 0x000000006F428000 000028 (v01 DELL   PE_SC3   00000000 DELL 00000001)
[    0.015693] ACPI: APIC 0x000000006F427000 00075E (v04 DELL   PE_SC3   00000000 DELL 00000001)
[    0.015697] ACPI: SLIT 0x000000006F426000 00003C (v01 DELL   PE_SC3   00000001 DELL 01000013)
[    0.015700] ACPI: SRAT 0x000000006F41F000 006430 (v03 DELL   PE_SC3   00000002 DELL 01000013)
[    0.015703] ACPI: OEM4 0x000000004B346000 187A61 (v02 INTEL  CPU  CST 00003000 INTL 20210331)
[    0.015706] ACPI: SSDT 0x000000004B2CF000 0764A5 (v02 INTEL  SSDT  PM 00004000 INTL 20210331)
[    0.015710] ACPI: SSDT 0x000000006F41E000 000A1F (v02 DELL   PE_SC3   00000000 DELL 00000001)
[    0.015713] ACPI: HEST 0x000000006F41D000 00017C (v01 DELL   PE_SC3   00000001 INTL 00000001)
[    0.015716] ACPI: PCAT 0x000000006F41B000 00010C (v19 DELL   PE_SC3   00000002 DELL 00000001)
[    0.015719] ACPI: SSDT 0x000000006F413000 007299 (v02 INTEL  SpsNm    00000002 INTL 20210331)
[    0.015723] ACPI: SSDT 0x000000006F412000 000426 (v02 DELL   PE_SC3   00000002 DELL 00000001)
[    0.015726] ACPI: NFIT 0x000000006F7FD000 000488 (v01 DELL   PE_SC3   00000002 DELL 00000001)
[    0.015729] ACPI: DMAR 0x000000006F411000 000158 (v01 DELL   PE_SC3   00000001 DELL 00000001)
[    0.015731] ACPI: Reserving FACP table memory at [mem 0x6f430000-0x6f430113]
[    0.015733] ACPI: Reserving DSDT table memory at [mem 0x4b4ce000-0x4b54dad2]
[    0.015734] ACPI: Reserving FACS table memory at [mem 0x6f2f2000-0x6f2f203f]
[    0.015735] ACPI: Reserving SSDT table memory at [mem 0x6f7fb000-0x6f7fc599]
[    0.015736] ACPI: Reserving SSDT table memory at [mem 0x6f7fa000-0x6f7fa744]
[    0.015737] ACPI: Reserving MCEJ table memory at [mem 0x6f7f9000-0x6f7f912f]
[    0.015738] ACPI: Reserving BERT table memory at [mem 0x6f7f8000-0x6f7f802f]
[    0.015739] ACPI: Reserving ERST table memory at [mem 0x6f7f7000-0x6f7f722f]
[    0.015739] ACPI: Reserving SSDT table memory at [mem 0x6f431000-0x6f7f624d]
[    0.015740] ACPI: Reserving HMAT table memory at [mem 0x6f42f000-0x6f42f20f]
[    0.015741] ACPI: Reserving HPET table memory at [mem 0x6f42e000-0x6f42e037]
[    0.015742] ACPI: Reserving MCFG table memory at [mem 0x6f42d000-0x6f42d03b]
[    0.015743] ACPI: Reserving MIGT table memory at [mem 0x6f42c000-0x6f42c03f]
[    0.015744] ACPI: Reserving MSCT table memory at [mem 0x6f42b000-0x6f42b08f]
[    0.015745] ACPI: Reserving PMTT table memory at [mem 0x6f429000-0x6f42a1e7]
[    0.015745] ACPI: Reserving WSMT table memory at [mem 0x6f428000-0x6f428027]
[    0.015746] ACPI: Reserving APIC table memory at [mem 0x6f427000-0x6f42775d]
[    0.015747] ACPI: Reserving SLIT table memory at [mem 0x6f426000-0x6f42603b]
[    0.015748] ACPI: Reserving SRAT table memory at [mem 0x6f41f000-0x6f42542f]
[    0.015749] ACPI: Reserving OEM4 table memory at [mem 0x4b346000-0x4b4cda60]
[    0.015750] ACPI: Reserving SSDT table memory at [mem 0x4b2cf000-0x4b3454a4]
[    0.015751] ACPI: Reserving SSDT table memory at [mem 0x6f41e000-0x6f41ea1e]
[    0.015752] ACPI: Reserving HEST table memory at [mem 0x6f41d000-0x6f41d17b]
[    0.015753] ACPI: Reserving PCAT table memory at [mem 0x6f41b000-0x6f41b10b]
[    0.015754] ACPI: Reserving SSDT table memory at [mem 0x6f413000-0x6f41a298]
[    0.015754] ACPI: Reserving SSDT table memory at [mem 0x6f412000-0x6f412425]
[    0.015755] ACPI: Reserving NFIT table memory at [mem 0x6f7fd000-0x6f7fd487]
[    0.015756] ACPI: Reserving DMAR table memory at [mem 0x6f411000-0x6f411157]
[    0.015766] Setting APIC routing to cluster x2apic.
[    0.015815] SRAT: PXM 0 -> APIC 0x0000 -> Node 0
[    0.015816] SRAT: PXM 0 -> APIC 0x0001 -> Node 0
[    0.015817] SRAT: PXM 0 -> APIC 0x0002 -> Node 0
[    0.015817] SRAT: PXM 0 -> APIC 0x0003 -> Node 0
[    0.015818] SRAT: PXM 0 -> APIC 0x0004 -> Node 0
[    0.015819] SRAT: PXM 0 -> APIC 0x0005 -> Node 0
[    0.015819] SRAT: PXM 0 -> APIC 0x0006 -> Node 0
[    0.015820] SRAT: PXM 0 -> APIC 0x0007 -> Node 0
[    0.015821] SRAT: PXM 0 -> APIC 0x0008 -> Node 0
[    0.015821] SRAT: PXM 0 -> APIC 0x0009 -> Node 0
[    0.015822] SRAT: PXM 0 -> APIC 0x000a -> Node 0
[    0.015823] SRAT: PXM 0 -> APIC 0x000b -> Node 0
[    0.015823] SRAT: PXM 0 -> APIC 0x000c -> Node 0
[    0.015824] SRAT: PXM 0 -> APIC 0x000d -> Node 0
[    0.015825] SRAT: PXM 0 -> APIC 0x000e -> Node 0
[    0.015825] SRAT: PXM 0 -> APIC 0x000f -> Node 0
[    0.015826] SRAT: PXM 0 -> APIC 0x0010 -> Node 0
[    0.015827] SRAT: PXM 0 -> APIC 0x0011 -> Node 0
[    0.015828] SRAT: PXM 0 -> APIC 0x0012 -> Node 0
[    0.015828] SRAT: PXM 0 -> APIC 0x0013 -> Node 0
[    0.015829] SRAT: PXM 0 -> APIC 0x0014 -> Node 0
[    0.015830] SRAT: PXM 0 -> APIC 0x0015 -> Node 0
[    0.015830] SRAT: PXM 0 -> APIC 0x0016 -> Node 0
[    0.015831] SRAT: PXM 0 -> APIC 0x0017 -> Node 0
[    0.015831] SRAT: PXM 0 -> APIC 0x0018 -> Node 0
[    0.015832] SRAT: PXM 0 -> APIC 0x0019 -> Node 0
[    0.015833] SRAT: PXM 0 -> APIC 0x001a -> Node 0
[    0.015833] SRAT: PXM 0 -> APIC 0x001b -> Node 0
[    0.015834] SRAT: PXM 0 -> APIC 0x001c -> Node 0
[    0.015835] SRAT: PXM 0 -> APIC 0x001d -> Node 0
[    0.015835] SRAT: PXM 0 -> APIC 0x001e -> Node 0
[    0.015836] SRAT: PXM 0 -> APIC 0x001f -> Node 0
[    0.015837] SRAT: PXM 0 -> APIC 0x0020 -> Node 0
[    0.015837] SRAT: PXM 0 -> APIC 0x0021 -> Node 0
[    0.015838] SRAT: PXM 0 -> APIC 0x0022 -> Node 0
[    0.015838] SRAT: PXM 0 -> APIC 0x0023 -> Node 0
[    0.015839] SRAT: PXM 0 -> APIC 0x0024 -> Node 0
[    0.015840] SRAT: PXM 0 -> APIC 0x0025 -> Node 0
[    0.015840] SRAT: PXM 0 -> APIC 0x0026 -> Node 0
[    0.015841] SRAT: PXM 0 -> APIC 0x0027 -> Node 0
[    0.015842] SRAT: PXM 0 -> APIC 0x0028 -> Node 0
[    0.015842] SRAT: PXM 0 -> APIC 0x0029 -> Node 0
[    0.015843] SRAT: PXM 0 -> APIC 0x002a -> Node 0
[    0.015844] SRAT: PXM 0 -> APIC 0x002b -> Node 0
[    0.015844] SRAT: PXM 0 -> APIC 0x002c -> Node 0
[    0.015845] SRAT: PXM 0 -> APIC 0x002d -> Node 0
[    0.015845] SRAT: PXM 0 -> APIC 0x002e -> Node 0
[    0.015846] SRAT: PXM 0 -> APIC 0x002f -> Node 0
[    0.015847] SRAT: PXM 0 -> APIC 0x0030 -> Node 0
[    0.015847] SRAT: PXM 0 -> APIC 0x0031 -> Node 0
[    0.015848] SRAT: PXM 0 -> APIC 0x0032 -> Node 0
[    0.015849] SRAT: PXM 0 -> APIC 0x0033 -> Node 0
[    0.015849] SRAT: PXM 0 -> APIC 0x0034 -> Node 0
[    0.015850] SRAT: PXM 0 -> APIC 0x0035 -> Node 0
[    0.015850] SRAT: PXM 0 -> APIC 0x0036 -> Node 0
[    0.015851] SRAT: PXM 0 -> APIC 0x0037 -> Node 0
[    0.015852] SRAT: PXM 1 -> APIC 0x0080 -> Node 1
[    0.015853] SRAT: PXM 1 -> APIC 0x0081 -> Node 1
[    0.015853] SRAT: PXM 1 -> APIC 0x0082 -> Node 1
[    0.015854] SRAT: PXM 1 -> APIC 0x0083 -> Node 1
[    0.015855] SRAT: PXM 1 -> APIC 0x0084 -> Node 1
[    0.015856] SRAT: PXM 1 -> APIC 0x0085 -> Node 1
[    0.015856] SRAT: PXM 1 -> APIC 0x0086 -> Node 1
[    0.015857] SRAT: PXM 1 -> APIC 0x0087 -> Node 1
[    0.015857] SRAT: PXM 1 -> APIC 0x0088 -> Node 1
[    0.015858] SRAT: PXM 1 -> APIC 0x0089 -> Node 1
[    0.015859] SRAT: PXM 1 -> APIC 0x008a -> Node 1
[    0.015859] SRAT: PXM 1 -> APIC 0x008b -> Node 1
[    0.015860] SRAT: PXM 1 -> APIC 0x008c -> Node 1
[    0.015861] SRAT: PXM 1 -> APIC 0x008d -> Node 1
[    0.015861] SRAT: PXM 1 -> APIC 0x008e -> Node 1
[    0.015862] SRAT: PXM 1 -> APIC 0x008f -> Node 1
[    0.015863] SRAT: PXM 1 -> APIC 0x0090 -> Node 1
[    0.015863] SRAT: PXM 1 -> APIC 0x0091 -> Node 1
[    0.015864] SRAT: PXM 1 -> APIC 0x0092 -> Node 1
[    0.015864] SRAT: PXM 1 -> APIC 0x0093 -> Node 1
[    0.015865] SRAT: PXM 1 -> APIC 0x0094 -> Node 1
[    0.015866] SRAT: PXM 1 -> APIC 0x0095 -> Node 1
[    0.015866] SRAT: PXM 1 -> APIC 0x0096 -> Node 1
[    0.015867] SRAT: PXM 1 -> APIC 0x0097 -> Node 1
[    0.015868] SRAT: PXM 1 -> APIC 0x0098 -> Node 1
[    0.015868] SRAT: PXM 1 -> APIC 0x0099 -> Node 1
[    0.015869] SRAT: PXM 1 -> APIC 0x009a -> Node 1
[    0.015870] SRAT: PXM 1 -> APIC 0x009b -> Node 1
[    0.015870] SRAT: PXM 1 -> APIC 0x009c -> Node 1
[    0.015871] SRAT: PXM 1 -> APIC 0x009d -> Node 1
[    0.015871] SRAT: PXM 1 -> APIC 0x009e -> Node 1
[    0.015872] SRAT: PXM 1 -> APIC 0x009f -> Node 1
[    0.015873] SRAT: PXM 1 -> APIC 0x00a0 -> Node 1
[    0.015873] SRAT: PXM 1 -> APIC 0x00a1 -> Node 1
[    0.015874] SRAT: PXM 1 -> APIC 0x00a2 -> Node 1
[    0.015875] SRAT: PXM 1 -> APIC 0x00a3 -> Node 1
[    0.015875] SRAT: PXM 1 -> APIC 0x00a4 -> Node 1
[    0.015876] SRAT: PXM 1 -> APIC 0x00a5 -> Node 1
[    0.015877] SRAT: PXM 1 -> APIC 0x00a6 -> Node 1
[    0.015877] SRAT: PXM 1 -> APIC 0x00a7 -> Node 1
[    0.015878] SRAT: PXM 1 -> APIC 0x00a8 -> Node 1
[    0.015878] SRAT: PXM 1 -> APIC 0x00a9 -> Node 1
[    0.015879] SRAT: PXM 1 -> APIC 0x00aa -> Node 1
[    0.015880] SRAT: PXM 1 -> APIC 0x00ab -> Node 1
[    0.015880] SRAT: PXM 1 -> APIC 0x00ac -> Node 1
[    0.015881] SRAT: PXM 1 -> APIC 0x00ad -> Node 1
[    0.015882] SRAT: PXM 1 -> APIC 0x00ae -> Node 1
[    0.015882] SRAT: PXM 1 -> APIC 0x00af -> Node 1
[    0.015883] SRAT: PXM 1 -> APIC 0x00b0 -> Node 1
[    0.015884] SRAT: PXM 1 -> APIC 0x00b1 -> Node 1
[    0.015885] SRAT: PXM 1 -> APIC 0x00b2 -> Node 1
[    0.015885] SRAT: PXM 1 -> APIC 0x00b3 -> Node 1
[    0.015886] SRAT: PXM 1 -> APIC 0x00b4 -> Node 1
[    0.015887] SRAT: PXM 1 -> APIC 0x00b5 -> Node 1
[    0.015887] SRAT: PXM 1 -> APIC 0x00b6 -> Node 1
[    0.015888] SRAT: PXM 1 -> APIC 0x00b7 -> Node 1
[    0.015901] ACPI: SRAT: Node 0 PXM 0 [mem 0x00000000-0x7fffffff]
[    0.015902] ACPI: SRAT: Node 0 PXM 0 [mem 0x100000000-0x107fffffff]
[    0.015904] ACPI: SRAT: Node 2 PXM 2 [mem 0x2080000000-0x9e7fffffff] non-volatile
[    0.015905] ACPI: SRAT: Node 1 PXM 1 [mem 0x1080000000-0x207fffffff]
[    0.015906] ACPI: SRAT: Node 3 PXM 3 [mem 0x9e80000000-0x11c7fffffff] non-volatile
[    0.015915] NUMA: Initialized distance table, cnt=4
[    0.015918] NUMA: Node 0 [mem 0x00000000-0x7fffffff] + [mem 0x100000000-0x107fffffff] -> [mem 0x00000000-0x107fffffff]
[    0.015926] NODE_DATA(0) allocated [mem 0xffffd5000-0xfffffffff]
[    0.015948] NODE_DATA(1) allocated [mem 0x205cb4d000-0x205cb77fff]
[    0.016159] Zone ranges:
[    0.016160]   DMA      [mem 0x0000000000001000-0x0000000000ffffff]
[    0.016162]   DMA32    [mem 0x0000000001000000-0x00000000ffffffff]
[    0.016163]   Normal   [mem 0x0000000100000000-0x000000207fffffff]
[    0.016165]   Device   empty
[    0.016166] Movable zone start for each node
[    0.016169] Early memory node ranges
[    0.016170]   node   0: [mem 0x0000000000001000-0x000000000008efff]
[    0.016171]   node   0: [mem 0x0000000000090000-0x000000000009ffff]
[    0.016172]   node   0: [mem 0x0000000000100000-0x0000000049e76fff]
[    0.016173]   node   0: [mem 0x000000004ae77000-0x000000004b2cefff]
[    0.016174]   node   0: [mem 0x000000004b54e000-0x000000004bd93fff]
[    0.016175]   node   0: [mem 0x000000004be9a000-0x000000004cdfffff]
[    0.016175]   node   0: [mem 0x000000004d000000-0x000000005eefdfff]
[    0.016176]   node   0: [mem 0x000000006f7ff000-0x000000006f7fffff]
[    0.016177]   node   0: [mem 0x0000000592d00000-0x0000000fffffffff]
[    0.016180]   node   1: [mem 0x0000001ec0000000-0x000000207fffffff]
[    0.016181] Initmem setup node 0 [mem 0x0000000000001000-0x0000000fffffffff]
[    0.016184] Initmem setup node 1 [mem 0x0000001ec0000000-0x000000207fffffff]
[    0.016187] On node 0, zone DMA: 1 pages in unavailable ranges
[    0.016188] On node 0, zone DMA: 1 pages in unavailable ranges
[    0.016216] On node 0, zone DMA: 96 pages in unavailable ranges
[    0.018537] On node 0, zone DMA32: 4096 pages in unavailable ranges
[    0.018559] On node 0, zone DMA32: 639 pages in unavailable ranges
[    0.018590] On node 0, zone DMA32: 262 pages in unavailable ranges
[    0.019142] On node 0, zone DMA32: 512 pages in unavailable ranges
[    0.019497] On node 0, zone DMA32: 35073 pages in unavailable ranges
[    0.099085] On node 0, zone Normal: 13568 pages in unavailable ranges
[    0.113361] ACPI: PM-Timer IO Port: 0x508
[    0.113380] ACPI: X2APIC_NMI (uid[0xffffffff] high edge lint[0x1])
[    0.113384] ACPI: LAPIC_NMI (acpi_id[0xff] high edge lint[0x1])
[    0.113403] IOAPIC[0]: apic_id 8, version 32, address 0xfec00000, GSI 0-119
[    0.113407] ACPI: INT_SRC_OVR (bus 0 bus_irq 0 global_irq 2 dfl dfl)
[    0.113408] ACPI: INT_SRC_OVR (bus 0 bus_irq 9 global_irq 9 high level)
[    0.113413] ACPI: Using ACPI (MADT) for SMP configuration information
[    0.113414] ACPI: HPET id: 0x8086a701 base: 0xfed00000
[    0.113418] TSC deadline timer available
[    0.113419] smpboot: Allowing 112 CPUs, 0 hotplug CPUs
[    0.113447] PM: hibernation: Registered nosave memory: [mem 0x00000000-0x00000fff]
[    0.113449] PM: hibernation: Registered nosave memory: [mem 0x0008f000-0x0008ffff]
[    0.113451] PM: hibernation: Registered nosave memory: [mem 0x000a0000-0x000fffff]
[    0.113453] PM: hibernation: Registered nosave memory: [mem 0x46cc5000-0x46cc5fff]
[    0.113455] PM: hibernation: Registered nosave memory: [mem 0x46cf6000-0x46cf6fff]
[    0.113456] PM: hibernation: Registered nosave memory: [mem 0x46cf7000-0x46cf7fff]
[    0.113458] PM: hibernation: Registered nosave memory: [mem 0x46d29000-0x46d29fff]
[    0.113458] PM: hibernation: Registered nosave memory: [mem 0x46d2a000-0x46d2afff]
[    0.113460] PM: hibernation: Registered nosave memory: [mem 0x46d5c000-0x46d5cfff]
[    0.113461] PM: hibernation: Registered nosave memory: [mem 0x46d5d000-0x46d5dfff]
[    0.113462] PM: hibernation: Registered nosave memory: [mem 0x46d65000-0x46d65fff]
[    0.113464] PM: hibernation: Registered nosave memory: [mem 0x49e77000-0x4ae76fff]
[    0.113466] PM: hibernation: Registered nosave memory: [mem 0x4b2cf000-0x4b54dfff]
[    0.113468] PM: hibernation: Registered nosave memory: [mem 0x4bd94000-0x4be99fff]
[    0.113470] PM: hibernation: Registered nosave memory: [mem 0x4ce00000-0x4cffffff]
[    0.113472] PM: hibernation: Registered nosave memory: [mem 0x5eefe000-0x6e3fefff]
[    0.113472] PM: hibernation: Registered nosave memory: [mem 0x6e3ff000-0x6f3fefff]
[    0.113473] PM: hibernation: Registered nosave memory: [mem 0x6f3ff000-0x6f7fefff]
[    0.113475] PM: hibernation: Registered nosave memory: [mem 0x6f800000-0x8fffffff]
[    0.113476] PM: hibernation: Registered nosave memory: [mem 0x90000000-0xfdffffff]
[    0.113476] PM: hibernation: Registered nosave memory: [mem 0xfe000000-0xfe010fff]
[    0.113477] PM: hibernation: Registered nosave memory: [mem 0xfe011000-0xffffffff]
[    0.113478] PM: hibernation: Registered nosave memory: [mem 0x100000000-0x592cfffff]
[    0.113480] PM: hibernation: Registered nosave memory: [mem 0x1000000000-0x1ebfffffff]
[    0.113482] [mem 0x90000000-0xfdffffff] available for PCI devices
[    0.113484] Booting paravirtualized kernel on bare hardware
[    0.113486] clocksource: refined-jiffies: mask: 0xffffffff max_cycles: 0xffffffff, max_idle_ns: 7645519600211568 ns
[    0.113491] setup_percpu: NR_CPUS:8192 nr_cpumask_bits:112 nr_cpu_ids:112 nr_node_ids:4
[    0.118033] percpu: Embedded 53 pages/cpu s180224 r8192 d28672 u262144
[    0.118044] pcpu-alloc: s180224 r8192 d28672 u262144 alloc=1*2097152
[    0.118047] pcpu-alloc: [0] 000 002 004 006 008 010 012 014 
[    0.118053] pcpu-alloc: [0] 016 018 020 022 024 026 028 030 
[    0.118057] pcpu-alloc: [0] 032 034 036 038 040 042 044 046 
[    0.118061] pcpu-alloc: [0] 048 050 052 054 056 058 060 062 
[    0.118065] pcpu-alloc: [0] 064 066 068 070 072 074 076 078 
[    0.118069] pcpu-alloc: [0] 080 082 084 086 088 090 092 094 
[    0.118073] pcpu-alloc: [0] 096 098 100 102 104 106 108 110 
[    0.118078] pcpu-alloc: [1] 001 003 005 007 009 011 013 015 
[    0.118082] pcpu-alloc: [1] 017 019 021 023 025 027 029 031 
[    0.118086] pcpu-alloc: [1] 033 035 037 039 041 043 045 047 
[    0.118090] pcpu-alloc: [1] 049 051 053 055 057 059 061 063 
[    0.118094] pcpu-alloc: [1] 065 067 069 071 073 075 077 079 
[    0.118099] pcpu-alloc: [1] 081 083 085 087 089 091 093 095 
[    0.118103] pcpu-alloc: [1] 097 099 101 103 105 107 109 111 
[    0.118153] Built 2 zonelists, mobility grouping on.  Total pages: 12944584
[    0.118154] Policy zone: Normal
[    0.118156] Kernel command line: BOOT_IMAGE=/boot/vmlinuz-5.15.0-tiering-0.8 root=UUID=ce0c24b8-724b-4f33-9b2c-618433560aef ro memmap=18733M!4096M memmap=59G!64G quiet splash nomodeset vt.handoff=1
[    0.118272] You have booted with nomodeset. This means your GPU drivers are DISABLED
[    0.118273] Any video related functionality will be severely degraded, and you may not even be able to suspend the system properly
[    0.118274] Unless you actually understand what nomodeset does, you should reboot without enabling it
[    0.118295] Unknown command line parameters: splash BOOT_IMAGE=/boot/vmlinuz-5.15.0-tiering-0.8
[    0.118296] printk: log_buf_len individual max cpu contribution: 4096 bytes
[    0.118297] printk: log_buf_len total cpu_extra contributions: 454656 bytes
[    0.118298] printk: log_buf_len min size: 262144 bytes
[    0.119271] printk: log_buf_len: 1048576 bytes
[    0.119272] printk: early log buf free: 223784(85%)
[    0.120843] mem auto-init: stack:off, heap alloc:on, heap free:off
[    0.241657] Memory: 50937700K/52605024K available (14345K kernel code, 3484K rwdata, 10288K rodata, 2824K init, 5836K bss, 1667064K reserved, 0K cma-reserved)
[    0.241663] random: get_random_u64 called from __kmem_cache_create+0x2d/0x460 with crng_init=1
[    0.242490] SLUB: HWalign=64, Order=0-3, MinObjects=0, CPUs=112, Nodes=4
[    0.242521] ftrace: allocating 48223 entries in 189 pages
[    0.257994] ftrace: allocated 189 pages with 6 groups
[    0.258668] rcu: Hierarchical RCU implementation.
[    0.258669] rcu: 	RCU restricting CPUs from NR_CPUS=8192 to nr_cpu_ids=112.
[    0.258671] 	Rude variant of Tasks RCU enabled.
[    0.258671] 	Tracing variant of Tasks RCU enabled.
[    0.258672] rcu: RCU calculated value of scheduler-enlistment delay is 25 jiffies.
[    0.258673] rcu: Adjusting geometry for rcu_fanout_leaf=16, nr_cpu_ids=112
[    0.262440] NR_IRQS: 524544, nr_irqs: 2952, preallocated irqs: 16
[    0.262804] random: crng done (trusting CPU's manufacturer)
[    0.262946] Console: colour dummy device 80x25
[    0.262981] printk: console [tty0] enabled
[    0.263128] mempolicy: Enabling automatic NUMA balancing. Configure with numa_balancing= or the kernel.numa_balancing sysctl
[    0.263133] ACPI: Core revision 20210730
[    0.266514] clocksource: hpet: mask: 0xffffffff max_cycles: 0xffffffff, max_idle_ns: 79635855245 ns
[    0.266557] APIC: Switch to symmetric I/O mode setup
[    0.266559] DMAR: Host address width 46
[    0.266560] DMAR: DRHD base: 0x000000d0ffc000 flags: 0x0
[    0.266565] DMAR: dmar0: reg_base_addr d0ffc000 ver 4:0 cap 8ed008c40780466 ecap 60000f050df
[    0.266568] DMAR: DRHD base: 0x000000dbbfc000 flags: 0x0
[    0.266571] DMAR: dmar1: reg_base_addr dbbfc000 ver 4:0 cap 8ed008c40780466 ecap 60000f050df
[    0.266573] DMAR: DRHD base: 0x000000e67fc000 flags: 0x0
[    0.266577] DMAR: dmar2: reg_base_addr e67fc000 ver 4:0 cap 8ed008c40780466 ecap 60000f050df
[    0.266579] DMAR: DRHD base: 0x000000f13fc000 flags: 0x0
[    0.266581] DMAR: dmar3: reg_base_addr f13fc000 ver 4:0 cap 8ed008c40780466 ecap 60000f050df
[    0.266583] DMAR: DRHD base: 0x000000fb7fc000 flags: 0x0
[    0.266585] DMAR: dmar4: reg_base_addr fb7fc000 ver 4:0 cap 8ed008c40780466 ecap 60000f050df
[    0.266587] DMAR: DRHD base: 0x000000a63fc000 flags: 0x0
[    0.266590] DMAR: dmar5: reg_base_addr a63fc000 ver 4:0 cap 8ed008c40780466 ecap 60000f050df
[    0.266592] DMAR: DRHD base: 0x000000b0ffc000 flags: 0x0
[    0.266594] DMAR: dmar6: reg_base_addr b0ffc000 ver 4:0 cap 8ed008c40780466 ecap 60000f050df
[    0.266596] DMAR: DRHD base: 0x000000bbbfc000 flags: 0x0
[    0.266602] DMAR: dmar7: reg_base_addr bbbfc000 ver 4:0 cap 8ed008c40780466 ecap 60000f050df
[    0.266604] DMAR: DRHD base: 0x000000c5ffc000 flags: 0x0
[    0.266606] DMAR: dmar8: reg_base_addr c5ffc000 ver 4:0 cap 8ed008c40780466 ecap 60000f050df
[    0.266608] DMAR: DRHD base: 0x0000009b7fc000 flags: 0x1
[    0.266610] DMAR: dmar9: reg_base_addr 9b7fc000 ver 4:0 cap 8ed008c40780466 ecap 60000f050df
[    0.266613] DMAR: RMRR base: 0x00000069427000 end: 0x00000069429fff
[    0.266614] DMAR: ATSR flags: 0x0
[    0.266616] DMAR-IR: IOAPIC id 8 under DRHD base  0x9b7fc000 IOMMU 9
[    0.266617] DMAR-IR: HPET id 0 under DRHD base 0x9b7fc000
[    0.266618] DMAR-IR: Queued invalidation will be enabled to support x2apic and Intr-remapping.
[    0.269885] DMAR-IR: Enabled IRQ remapping in x2apic mode
[    0.272486] ..TIMER: vector=0x30 apic1=0 pin1=2 apic2=-1 pin2=-1
[    0.290488] clocksource: tsc-early: mask: 0xffffffffffffffff max_cycles: 0x39a85c9bff6, max_idle_ns: 881590591483 ns
[    0.290495] Calibrating delay loop (skipped), value calculated using timer frequency.. 4000.00 BogoMIPS (lpj=8000000)
[    0.290498] pid_max: default: 114688 minimum: 896
[    0.293871] LSM: Security Framework initializing
[    0.293885] Yama: becoming mindful.
[    0.293925] AppArmor: AppArmor initialized
[    0.303157] Dentry cache hash table entries: 8388608 (order: 14, 67108864 bytes, vmalloc)
[    0.307804] Inode-cache hash table entries: 4194304 (order: 13, 33554432 bytes, vmalloc)
[    0.308000] Mount-cache hash table entries: 131072 (order: 8, 1048576 bytes, vmalloc)
[    0.308153] Mountpoint-cache hash table entries: 131072 (order: 8, 1048576 bytes, vmalloc)
[    0.308752] x86/tme: not enabled by BIOS
[    0.308761] CPU0: Thermal monitoring enabled (TM1)
[    0.308763] x86/cpu: User Mode Instruction Prevention (UMIP) activated
[    0.308997] process: using mwait in idle threads
[    0.308998] Last level iTLB entries: 4KB 0, 2MB 0, 4MB 0
[    0.309000] Last level dTLB entries: 4KB 0, 2MB 0, 4MB 0, 1GB 0
[    0.309006] Spectre V1 : Mitigation: usercopy/swapgs barriers and __user pointer sanitization
[    0.309008] Spectre V2 : Mitigation: Enhanced IBRS
[    0.309009] Spectre V2 : Spectre v2 / SpectreRSB mitigation: Filling RSB on context switch
[    0.309011] Spectre V2 : mitigation: Enabling conditional Indirect Branch Prediction Barrier
[    0.309012] Speculative Store Bypass: Mitigation: Speculative Store Bypass disabled via prctl and seccomp
[    0.315302] Freeing SMP alternatives memory: 40K
[    0.318636] smpboot: Estimated ratio of average max frequency by base frequency (times 1024): 1433
[    0.318651] smpboot: CPU0: Intel(R) Xeon(R) Gold 6330 CPU @ 2.00GHz (family: 0x6, model: 0x6a, stepping: 0x6)
[    0.318858] Performance Events: PEBS fmt4+-baseline,  AnyThread deprecated, Icelake events, 32-deep LBR, full-width counters, Intel PMU driver.
[    0.318878] ... version:                5
[    0.318879] ... bit width:              48
[    0.318879] ... generic registers:      8
[    0.318880] ... value mask:             0000ffffffffffff
[    0.318881] ... max period:             00007fffffffffff
[    0.318881] ... fixed-purpose events:   4
[    0.318882] ... event mask:             0001000f000000ff
[    0.319010] rcu: Hierarchical SRCU implementation.
[    0.326210] NMI watchdog: Enabled. Permanently consumes one hw-PMU counter.
[    0.327264] smp: Bringing up secondary CPUs ...
[    0.327367] x86: Booting SMP configuration:
[    0.327368] .... node  #1, CPUs:          #1
[    0.007738] smpboot: CPU 1 Converting physical 0 to logical die 1

[    0.414604] .... node  #0, CPUs:     #2
[    0.419992] .... node  #1, CPUs:     #3
[    0.425438] .... node  #0, CPUs:     #4
[    0.430812] .... node  #1, CPUs:     #5
[    0.436224] .... node  #0, CPUs:     #6
[    0.441803] .... node  #1, CPUs:     #7
[    0.447422] .... node  #0, CPUs:     #8
[    0.452704] .... node  #1, CPUs:     #9
[    0.458599] .... node  #0, CPUs:    #10
[    0.464178] .... node  #1, CPUs:    #11
[    0.469928] .... node  #0, CPUs:    #12
[    0.475458] .... node  #1, CPUs:    #13
[    0.480831] .... node  #0, CPUs:    #14
[    0.486071] .... node  #1, CPUs:    #15
[    0.491407] .... node  #0, CPUs:    #16
[    0.496680] .... node  #1, CPUs:    #17
[    0.502012] .... node  #0, CPUs:    #18
[    0.507269] .... node  #1, CPUs:    #19
[    0.512926] .... node  #0, CPUs:    #20
[    0.518162] .... node  #1, CPUs:    #21
[    0.523782] .... node  #0, CPUs:    #22
[    0.529220] .... node  #1, CPUs:    #23
[    0.534595] .... node  #0, CPUs:    #24
[    0.540135] .... node  #1, CPUs:    #25
[    0.545480] .... node  #0, CPUs:    #26
[    0.550689] .... node  #1, CPUs:    #27
[    0.556031] .... node  #0, CPUs:    #28
[    0.561533] .... node  #1, CPUs:    #29
[    0.566847] .... node  #0, CPUs:    #30
[    0.572076] .... node  #1, CPUs:    #31
[    0.577559] .... node  #0, CPUs:    #32
[    0.582851] .... node  #1, CPUs:    #33
[    0.588237] .... node  #0, CPUs:    #34
[    0.593681] .... node  #1, CPUs:    #35
[    0.599008] .... node  #0, CPUs:    #36
[    0.604222] .... node  #1, CPUs:    #37
[    0.609551] .... node  #0, CPUs:    #38
[    0.615111] .... node  #1, CPUs:    #39
[    0.620655] .... node  #0, CPUs:    #40
[    0.626513] .... node  #1, CPUs:    #41
[    0.632035] .... node  #0, CPUs:    #42
[    0.637347] .... node  #1, CPUs:    #43
[    0.643007] .... node  #0, CPUs:    #44
[    0.648373] .... node  #1, CPUs:    #45
[    0.653853] .... node  #0, CPUs:    #46
[    0.659387] .... node  #1, CPUs:    #47
[    0.664848] .... node  #0, CPUs:    #48
[    0.670181] .... node  #1, CPUs:    #49
[    0.675631] .... node  #0, CPUs:    #50
[    0.681122] .... node  #1, CPUs:    #51
[    0.686776] .... node  #0, CPUs:    #52
[    0.692246] .... node  #1, CPUs:    #53
[    0.697852] .... node  #0, CPUs:    #54
[    0.703555] .... node  #1, CPUs:    #55
[    0.709370] .... node  #0, CPUs:    #56
[    0.715496] .... node  #1, CPUs:    #57
[    0.721397] .... node  #0, CPUs:    #58
[    0.726821] .... node  #1, CPUs:    #59
[    0.732279] .... node  #0, CPUs:    #60
[    0.737668] .... node  #1, CPUs:    #61
[    0.743087] .... node  #0, CPUs:    #62
[    0.748689] .... node  #1, CPUs:    #63
[    0.754535] .... node  #0, CPUs:    #64
[    0.759628] .... node  #1, CPUs:    #65
[    0.765394] .... node  #0, CPUs:    #66
[    0.771141] .... node  #1, CPUs:    #67
[    0.776909] .... node  #0, CPUs:    #68
[    0.782653] .... node  #1, CPUs:    #69
[    0.787842] .... node  #0, CPUs:    #70
[    0.793089] .... node  #1, CPUs:    #71
[    0.798608] .... node  #0, CPUs:    #72
[    0.803738] .... node  #1, CPUs:    #73
[    0.809087] .... node  #0, CPUs:    #74
[    0.814628] .... node  #1, CPUs:    #75
[    0.820061] .... node  #0, CPUs:    #76
[    0.825319] .... node  #1, CPUs:    #77
[    0.830970] .... node  #0, CPUs:    #78
[    0.836428] .... node  #1, CPUs:    #79
[    0.841757] .... node  #0, CPUs:    #80
[    0.847402] .... node  #1, CPUs:    #81
[    0.852763] .... node  #0, CPUs:    #82
[    0.858002] .... node  #1, CPUs:    #83
[    0.863354] .... node  #0, CPUs:    #84
[    0.868892] .... node  #1, CPUs:    #85
[    0.874217] .... node  #0, CPUs:    #86
[    0.879468] .... node  #1, CPUs:    #87
[    0.885000] .... node  #0, CPUs:    #88
[    0.890571] .... node  #1, CPUs:    #89
[    0.895723] .... node  #0, CPUs:    #90
[    0.901179] .... node  #1, CPUs:    #91
[    0.906598] .... node  #0, CPUs:    #92
[    0.911759] .... node  #1, CPUs:    #93
[    0.917117] .... node  #0, CPUs:    #94
[    0.922704] .... node  #1, CPUs:    #95
[    0.928258] .... node  #0, CPUs:    #96
[    0.933889] .... node  #1, CPUs:    #97
[    0.939661] .... node  #0, CPUs:    #98
[    0.945002] .... node  #1, CPUs:    #99
[    0.950685] .... node  #0, CPUs:   #100
[    0.956065] .... node  #1, CPUs:   #101
[    0.961568] .... node  #0, CPUs:   #102
[    0.967126] .... node  #1, CPUs:   #103
[    0.972615] .... node  #0, CPUs:   #104
[    0.977983] .... node  #1, CPUs:   #105
[    0.983455] .... node  #0, CPUs:   #106
[    0.988974] .... node  #1, CPUs:   #107
[    0.994642] .... node  #0, CPUs:   #108
[    1.000124] .... node  #1, CPUs:   #109
[    1.005751] .... node  #0, CPUs:   #110
[    1.011472] .... node  #1, CPUs:   #111
[    1.017314] smp: Brought up 2 nodes, 112 CPUs
[    1.017314] smpboot: Max logical packages: 2
[    1.017314] smpboot: Total of 112 processors activated (448076.69 BogoMIPS)
[    1.021901] devtmpfs: initialized
[    1.021901] x86/mm: Memory block size: 2048MB
[    1.021901] ACPI: PM: Registering ACPI NVS region [mem 0x49e77000-0x4ae76fff] (16777216 bytes)
[    1.022663] ACPI: PM: Registering ACPI NVS region [mem 0x6e3ff000-0x6f3fefff] (16777216 bytes)
[    1.022922] clocksource: jiffies: mask: 0xffffffff max_cycles: 0xffffffff, max_idle_ns: 7645041785100000 ns
[    1.023251] futex hash table entries: 32768 (order: 9, 2097152 bytes, vmalloc)
[    1.023506] pinctrl core: initialized pinctrl subsystem
[    1.023668] PM: RTC time: 13:13:50, date: 2024-06-20
[    1.023886] NET: Registered PF_NETLINK/PF_ROUTE protocol family
[    1.024665] DMA: preallocated 4096 KiB GFP_KERNEL pool for atomic allocations
[    1.025175] DMA: preallocated 4096 KiB GFP_KERNEL|GFP_DMA pool for atomic allocations
[    1.025682] DMA: preallocated 4096 KiB GFP_KERNEL|GFP_DMA32 pool for atomic allocations
[    1.025690] audit: initializing netlink subsys (disabled)
[    1.025698] audit: type=2000 audit(1718889228.756:1): state=initialized audit_enabled=0 res=1
[    1.025698] thermal_sys: Registered thermal governor 'fair_share'
[    1.025698] thermal_sys: Registered thermal governor 'bang_bang'
[    1.025698] thermal_sys: Registered thermal governor 'step_wise'
[    1.025698] thermal_sys: Registered thermal governor 'user_space'
[    1.025698] EISA bus registered
[    1.025698] cpuidle: using governor ladder
[    1.025698] cpuidle: using governor menu
[    1.026529] ACPI FADT declares the system doesn't support PCIe ASPM, so disable it
[    1.026531] ACPI: bus type PCI registered
[    1.026532] acpiphp: ACPI Hot Plug PCI Controller Driver version: 0.5
[    1.026647] PCI: MMCONFIG for domain 0000 [bus 00-ff] at [mem 0x80000000-0x8fffffff] (base 0x80000000)
[    1.026652] PCI: MMCONFIG at [mem 0x80000000-0x8fffffff] reserved in E820
[    1.026658] pmd_set_huge: Cannot satisfy [mem 0x80000000-0x80200000] with a huge-page mapping due to MTRR override.
[    1.026868] PCI: Using configuration type 1 for base access
[    1.026877] PCI: Dell System detected, enabling pci=bfsort.
[    1.028996] ENERGY_PERF_BIAS: Set to 'normal', was 'performance'
[    1.031611] Kprobes globally optimized
[    1.031616] HugeTLB registered 1.00 GiB page size, pre-allocated 0 pages
[    1.031616] HugeTLB registered 2.00 MiB page size, pre-allocated 0 pages
[    1.034617] ACPI: Added _OSI(Module Device)
[    1.034619] ACPI: Added _OSI(Processor Device)
[    1.034620] ACPI: Added _OSI(3.0 _SCP Extensions)
[    1.034621] ACPI: Added _OSI(Processor Aggregator Device)
[    1.034622] ACPI: Added _OSI(Linux-Dell-Video)
[    1.034623] ACPI: Added _OSI(Linux-Lenovo-NV-HDMI-Audio)
[    1.034624] ACPI: Added _OSI(Linux-HPI-Hybrid-Graphics)
[    1.201113] ACPI: 8 ACPI AML tables successfully acquired and loaded
[    1.206717] ACPI: [Firmware Bug]: BIOS _OSI(Linux) query ignored
[    1.211851] ACPI: Dynamic OEM Table Load:
[    1.609621] ACPI: Interpreter enabled
[    1.609641] ACPI: PM: (supports S0 S5)
[    1.609643] ACPI: Using IOAPIC for interrupt routing
[    1.609725] HEST: Table parsing has been initialized.
[    1.609727] PCI: Using host bridge windows from ACPI; if necessary, use "pci=nocrs" and report a bug
[    1.638025] ACPI: Enabled 4 GPEs in block 00 to 7F
[    1.755596] ACPI: PCI Root Bridge [PC00] (domain 0000 [bus 00-15])
[    1.755602] acpi PNP0A08:00: _OSC: OS supports [ExtendedConfig ASPM ClockPM Segments MSI HPX-Type3]
[    1.822225] acpi PNP0A08:00: _OSC: platform does not support [SHPCHotplug AER LTR]
[    1.822442] acpi PNP0A08:00: _OSC: OS now controls [PCIeHotplug PME PCIeCapability]
[    1.822444] acpi PNP0A08:00: FADT indicates ASPM is unsupported, using BIOS configuration
[    1.824250] PCI host bridge to bus 0000:00
[    1.824252] pci_bus 0000:00: root bus resource [io  0x0000-0x0cf7 window]
[    1.824254] pci_bus 0000:00: root bus resource [io  0x1000-0x4fff window]
[    1.824255] pci_bus 0000:00: root bus resource [mem 0x000a0000-0x000bffff window]
[    1.824257] pci_bus 0000:00: root bus resource [mem 0x000c8000-0x000cffff window]
[    1.824258] pci_bus 0000:00: root bus resource [mem 0xfe010000-0xfe010fff window]
[    1.824259] pci_bus 0000:00: root bus resource [mem 0x90000000-0x9b7fffff window]
[    1.824260] pci_bus 0000:00: root bus resource [mem 0x200000000000-0x20ffffffffff window]
[    1.824262] pci_bus 0000:00: root bus resource [bus 00-15]
[    1.825590] pci 0000:00:00.0: [8086:09a2] type 00 class 0x088000
[    1.826347] pci 0000:00:00.1: [8086:09a4] type 00 class 0x088000
[    1.827732] pci 0000:00:00.2: [8086:09a3] type 00 class 0x088000
[    1.829115] pci 0000:00:00.4: [8086:0998] type 00 class 0x060000
[    1.831160] pci 0000:00:02.0: [8086:09a6] type 00 class 0x088000
[    1.831168] pci 0000:00:02.0: reg 0x10: [mem 0x92dfc000-0x92dfdfff]
[    1.832555] pci 0000:00:02.1: [8086:09a7] type 00 class 0x088000
[    1.832563] pci 0000:00:02.1: reg 0x10: [mem 0x92d00000-0x92d7ffff]
[    1.832568] pci 0000:00:02.1: reg 0x14: [mem 0x92c80000-0x92cfffff]
[    1.833951] pci 0000:00:02.4: [8086:3456] type 00 class 0x130000
[    1.833961] pci 0000:00:02.4: reg 0x10: [mem 0x92a00000-0x92afffff 64bit]
[    1.833968] pci 0000:00:02.4: reg 0x18: [mem 0x92df0000-0x92df3fff 64bit]
[    1.833974] pci 0000:00:02.4: reg 0x20: [mem 0x92dc0000-0x92ddffff 64bit]
[    1.835374] pci 0000:00:11.0: [8086:a1ec] type 00 class 0xff0000
[    1.835377] pci 0000:00:11.0: device has non-compliant BARs; disabling IO/MEM decoding
[    1.836777] pci 0000:00:11.5: [8086:a1d2] type 00 class 0x010601
[    1.836790] pci 0000:00:11.5: reg 0x10: [mem 0x92dfa000-0x92dfbfff]
[    1.836797] pci 0000:00:11.5: reg 0x14: [mem 0x92e05000-0x92e050ff]
[    1.836805] pci 0000:00:11.5: reg 0x18: [io  0x2068-0x206f]
[    1.836812] pci 0000:00:11.5: reg 0x1c: [io  0x2074-0x2077]
[    1.836819] pci 0000:00:11.5: reg 0x20: [io  0x2040-0x205f]
[    1.836827] pci 0000:00:11.5: reg 0x24: [mem 0x92b80000-0x92bfffff]
[    1.836864] pci 0000:00:11.5: PME# supported from D3hot
[    1.838382] pci 0000:00:14.0: [8086:a1af] type 00 class 0x0c0330
[    1.838399] pci 0000:00:14.0: reg 0x10: [mem 0x92de0000-0x92deffff 64bit]
[    1.838462] pci 0000:00:14.0: PME# supported from D3hot D3cold
[    1.839999] pci 0000:00:14.2: [8086:a1b1] type 00 class 0x118000
[    1.840016] pci 0000:00:14.2: reg 0x10: [mem 0x92e02000-0x92e02fff 64bit]
[    1.841452] pci 0000:00:16.0: [8086:a1ba] type 00 class 0x078000
[    1.841475] pci 0000:00:16.0: reg 0x10: [mem 0x92e01000-0x92e01fff 64bit]
[    1.841558] pci 0000:00:16.0: PME# supported from D3hot
[    1.842935] pci 0000:00:16.1: [8086:a1bb] type 00 class 0x078000
[    1.842959] pci 0000:00:16.1: reg 0x10: [mem 0x92e00000-0x92e00fff 64bit]
[    1.843041] pci 0000:00:16.1: PME# supported from D3hot
[    1.844417] pci 0000:00:16.4: [8086:a1be] type 00 class 0x078000
[    1.844440] pci 0000:00:16.4: reg 0x10: [mem 0x92dff000-0x92dfffff 64bit]
[    1.844522] pci 0000:00:16.4: PME# supported from D3hot
[    1.845902] pci 0000:00:17.0: [8086:a182] type 00 class 0x010601
[    1.845915] pci 0000:00:17.0: reg 0x10: [mem 0x92df8000-0x92df9fff]
[    1.845922] pci 0000:00:17.0: reg 0x14: [mem 0x92e04000-0x92e040ff]
[    1.845929] pci 0000:00:17.0: reg 0x18: [io  0x2060-0x2067]
[    1.845936] pci 0000:00:17.0: reg 0x1c: [io  0x2070-0x2073]
[    1.845943] pci 0000:00:17.0: reg 0x20: [io  0x2020-0x203f]
[    1.845951] pci 0000:00:17.0: reg 0x24: [mem 0x92b00000-0x92b7ffff]
[    1.845987] pci 0000:00:17.0: PME# supported from D3hot
[    1.847505] pci 0000:00:1c.0: [8086:a190] type 01 class 0x060400
[    1.847580] pci 0000:00:1c.0: PME# supported from D0 D3hot D3cold
[    1.849524] pci 0000:00:1c.4: [8086:a194] type 01 class 0x060400
[    1.849592] pci 0000:00:1c.4: PME# supported from D0 D3hot D3cold
[    1.851512] pci 0000:00:1c.5: [8086:a195] type 01 class 0x060400
[    1.851582] pci 0000:00:1c.5: PME# supported from D0 D3hot D3cold
[    1.853507] pci 0000:00:1f.0: [8086:a1cb] type 00 class 0x060100
[    1.855115] pci 0000:00:1f.2: [8086:a1a1] type 00 class 0x058000
[    1.855129] pci 0000:00:1f.2: reg 0x10: [mem 0x92df4000-0x92df7fff]
[    1.856681] pci 0000:00:1f.4: [8086:a1a3] type 00 class 0x0c0500
[    1.856700] pci 0000:00:1f.4: reg 0x10: [mem 0x92dfe000-0x92dfe0ff 64bit]
[    1.856723] pci 0000:00:1f.4: reg 0x20: [io  0x2000-0x201f]
[    1.858104] pci 0000:00:1f.5: [8086:a1a4] type 00 class 0x0c8000
[    1.858119] pci 0000:00:1f.5: reg 0x10: [mem 0xfe010000-0xfe010fff]
[    1.858241] pci 0000:00:1c.0: PCI bridge to [bus 01]
[    1.858295] pci 0000:02:00.0: [1556:be00] type 01 class 0x060400
[    1.858467] pci 0000:00:1c.4: PCI bridge to [bus 02-03]
[    1.858471] pci 0000:00:1c.4:   bridge window [mem 0x92000000-0x928fffff]
[    1.858475] pci 0000:00:1c.4:   bridge window [mem 0x91000000-0x91ffffff 64bit pref]
[    1.858507] pci_bus 0000:03: extended config space not accessible
[    1.858524] pci 0000:03:00.0: [102b:0536] type 00 class 0x030000
[    1.858543] pci 0000:03:00.0: reg 0x10: [mem 0x91000000-0x91ffffff pref]
[    1.858554] pci 0000:03:00.0: reg 0x14: [mem 0x92808000-0x9280bfff]
[    1.858565] pci 0000:03:00.0: reg 0x18: [mem 0x92000000-0x927fffff]
[    1.858612] pci 0000:03:00.0: BAR 0: assigned to efifb
[    1.858712] pci 0000:02:00.0: PCI bridge to [bus 03]
[    1.858720] pci 0000:02:00.0:   bridge window [mem 0x92000000-0x928fffff]
[    1.858726] pci 0000:02:00.0:   bridge window [mem 0x91000000-0x91ffffff 64bit pref]
[    1.858803] pci 0000:04:00.0: [14e4:165f] type 00 class 0x020000
[    1.858826] pci 0000:04:00.0: reg 0x10: [mem 0x92930000-0x9293ffff 64bit pref]
[    1.858842] pci 0000:04:00.0: reg 0x18: [mem 0x92940000-0x9294ffff 64bit pref]
[    1.858857] pci 0000:04:00.0: reg 0x20: [mem 0x92950000-0x9295ffff 64bit pref]
[    1.858868] pci 0000:04:00.0: reg 0x30: [mem 0xfffc0000-0xffffffff pref]
[    1.858962] pci 0000:04:00.0: PME# supported from D0 D3hot D3cold
[    1.859014] pci 0000:04:00.0: 4.000 Gb/s available PCIe bandwidth, limited by 5.0 GT/s PCIe x1 link at 0000:00:1c.5 (capable of 8.000 Gb/s with 5.0 GT/s PCIe x2 link)
[    1.859554] pci 0000:04:00.1: [14e4:165f] type 00 class 0x020000
[    1.859578] pci 0000:04:00.1: reg 0x10: [mem 0x92900000-0x9290ffff 64bit pref]
[    1.859594] pci 0000:04:00.1: reg 0x18: [mem 0x92910000-0x9291ffff 64bit pref]
[    1.859609] pci 0000:04:00.1: reg 0x20: [mem 0x92920000-0x9292ffff 64bit pref]
[    1.859620] pci 0000:04:00.1: reg 0x30: [mem 0xfffc0000-0xffffffff pref]
[    1.859713] pci 0000:04:00.1: PME# supported from D0 D3hot D3cold
[    1.860260] pci 0000:00:1c.5: PCI bridge to [bus 04]
[    1.860267] pci 0000:00:1c.5:   bridge window [mem 0x92900000-0x929fffff 64bit pref]
[    1.860281] pci_bus 0000:00: on NUMA node 0
[    1.860844] ACPI: PCI Root Bridge [PC01] (domain 0000 [bus 16-2f])
[    1.860848] acpi PNP0A08:01: _OSC: OS supports [ExtendedConfig ASPM ClockPM Segments MSI HPX-Type3]
[    1.875120] acpi PNP0A08:01: _OSC: platform does not support [SHPCHotplug AER]
[    1.875338] acpi PNP0A08:01: _OSC: OS now controls [PCIeHotplug PME PCIeCapability LTR]
[    1.875339] acpi PNP0A08:01: FADT indicates ASPM is unsupported, using BIOS configuration
[    1.875489] PCI host bridge to bus 0000:16
[    1.875491] pci_bus 0000:16: root bus resource [io  0x5000-0x6fff window]
[    1.875493] pci_bus 0000:16: root bus resource [mem 0x9b800000-0xa63fffff window]
[    1.875494] pci_bus 0000:16: root bus resource [mem 0x210000000000-0x21ffffffffff window]
[    1.875495] pci_bus 0000:16: root bus resource [bus 16-2f]
[    1.875510] pci 0000:16:00.0: [8086:09a2] type 00 class 0x088000
[    1.875590] pci 0000:16:00.1: [8086:09a4] type 00 class 0x088000
[    1.875663] pci 0000:16:00.2: [8086:09a3] type 00 class 0x088000
[    1.875733] pci 0000:16:00.4: [8086:0998] type 00 class 0x060000
[    1.875810] pci 0000:16:02.0: [8086:347a] type 01 class 0x060400
[    1.875819] pci 0000:16:02.0: reg 0x10: [mem 0x21fffff00000-0x21fffff1ffff 64bit]
[    1.875857] pci 0000:16:02.0: PME# supported from D0 D3hot D3cold
[    1.876761] pci 0000:17:00.0: [1000:10e2] type 00 class 0x010400
[    1.876773] pci 0000:17:00.0: reg 0x10: [mem 0x9b800000-0x9b8fffff 64bit pref]
[    1.876782] pci 0000:17:00.0: reg 0x18: [mem 0x9b900000-0x9b9fffff 64bit pref]
[    1.876788] pci 0000:17:00.0: reg 0x20: [mem 0x9ba00000-0x9bafffff]
[    1.876793] pci 0000:17:00.0: reg 0x24: [io  0x5000-0x50ff]
[    1.876799] pci 0000:17:00.0: reg 0x30: [mem 0xfff00000-0xffffffff pref]
[    1.877855] pci 0000:17:00.0: supports D1 D2
[    1.877921] pci 0000:16:02.0: PCI bridge to [bus 17]
[    1.877924] pci 0000:16:02.0:   bridge window [io  0x5000-0x5fff]
[    1.877926] pci 0000:16:02.0:   bridge window [mem 0x9ba00000-0x9bafffff]
[    1.877929] pci 0000:16:02.0:   bridge window [mem 0x9b800000-0x9b9fffff 64bit pref]
[    1.877934] pci_bus 0000:16: on NUMA node 0
[    1.878011] ACPI: PCI Root Bridge [PC02] (domain 0000 [bus 30-49])
[    1.878015] acpi PNP0A08:02: _OSC: OS supports [ExtendedConfig ASPM ClockPM Segments MSI HPX-Type3]
[    1.891700] acpi PNP0A08:02: _OSC: platform does not support [SHPCHotplug AER]
[    1.891903] acpi PNP0A08:02: _OSC: OS now controls [PCIeHotplug PME PCIeCapability LTR]
[    1.891905] acpi PNP0A08:02: FADT indicates ASPM is unsupported, using BIOS configuration
[    1.892020] PCI host bridge to bus 0000:30
[    1.892022] pci_bus 0000:30: root bus resource [io  0x7000-0x8fff window]
[    1.892023] pci_bus 0000:30: root bus resource [mem 0xa6400000-0xb0ffffff window]
[    1.892025] pci_bus 0000:30: root bus resource [mem 0x220000000000-0x22ffffffffff window]
[    1.892026] pci_bus 0000:30: root bus resource [bus 30-49]
[    1.892041] pci 0000:30:00.0: [8086:09a2] type 00 class 0x088000
[    1.892115] pci 0000:30:00.1: [8086:09a4] type 00 class 0x088000
[    1.892191] pci 0000:30:00.2: [8086:09a3] type 00 class 0x088000
[    1.892260] pci 0000:30:00.4: [8086:0998] type 00 class 0x060000
[    1.892329] pci_bus 0000:30: on NUMA node 0
[    1.892428] ACPI: PCI Root Bridge [PC04] (domain 0000 [bus 4a-63])
[    1.892431] acpi PNP0A08:04: _OSC: OS supports [ExtendedConfig ASPM ClockPM Segments MSI HPX-Type3]
[    1.906088] acpi PNP0A08:04: _OSC: platform does not support [SHPCHotplug AER]
[    1.906290] acpi PNP0A08:04: _OSC: OS now controls [PCIeHotplug PME PCIeCapability LTR]
[    1.906291] acpi PNP0A08:04: FADT indicates ASPM is unsupported, using BIOS configuration
[    1.906406] PCI host bridge to bus 0000:4a
[    1.906407] pci_bus 0000:4a: root bus resource [io  0x9000-0x9fff window]
[    1.906408] pci_bus 0000:4a: root bus resource [mem 0xb1000000-0xbbbfffff window]
[    1.906410] pci_bus 0000:4a: root bus resource [mem 0x230000000000-0x23ffffffffff window]
[    1.906411] pci_bus 0000:4a: root bus resource [bus 4a-63]
[    1.906424] pci 0000:4a:00.0: [8086:09a2] type 00 class 0x088000
[    1.906495] pci 0000:4a:00.1: [8086:09a4] type 00 class 0x088000
[    1.906565] pci 0000:4a:00.2: [8086:09a3] type 00 class 0x088000
[    1.906633] pci 0000:4a:00.4: [8086:0998] type 00 class 0x060000
[    1.906703] pci_bus 0000:4a: on NUMA node 0
[    1.906774] ACPI: PCI Root Bridge [PC05] (domain 0000 [bus 64-7d])
[    1.906776] acpi PNP0A08:05: _OSC: OS supports [ExtendedConfig ASPM ClockPM Segments MSI HPX-Type3]
[    1.920466] acpi PNP0A08:05: _OSC: platform does not support [SHPCHotplug AER]
[    1.920667] acpi PNP0A08:05: _OSC: OS now controls [PCIeHotplug PME PCIeCapability LTR]
[    1.920668] acpi PNP0A08:05: FADT indicates ASPM is unsupported, using BIOS configuration
[    1.920778] PCI host bridge to bus 0000:64
[    1.920779] pci_bus 0000:64: root bus resource [io  0xa000-0xafff window]
[    1.920781] pci_bus 0000:64: root bus resource [mem 0xbbc00000-0xc5ffffff window]
[    1.920782] pci_bus 0000:64: root bus resource [mem 0x240000000000-0x24ffffffffff window]
[    1.920783] pci_bus 0000:64: root bus resource [bus 64-7d]
[    1.920797] pci 0000:64:00.0: [8086:09a2] type 00 class 0x088000
[    1.920867] pci 0000:64:00.1: [8086:09a4] type 00 class 0x088000
[    1.920940] pci 0000:64:00.2: [8086:09a3] type 00 class 0x088000
[    1.921010] pci 0000:64:00.4: [8086:0998] type 00 class 0x060000
[    1.921081] pci_bus 0000:64: on NUMA node 0
[    1.921145] ACPI: PCI Root Bridge [UC06] (domain 0000 [bus 7e])
[    1.921147] acpi PNP0A03:00: _OSC: OS supports [ExtendedConfig ASPM ClockPM Segments MSI HPX-Type3]
[    1.921315] acpi PNP0A03:00: _OSC: platform does not support [SHPCHotplug AER LTR]
[    1.921486] acpi PNP0A03:00: _OSC: OS now controls [PCIeHotplug PME PCIeCapability]
[    1.921487] acpi PNP0A03:00: FADT indicates ASPM is unsupported, using BIOS configuration
[    1.921610] PCI host bridge to bus 0000:7e
[    1.921611] pci_bus 0000:7e: root bus resource [bus 7e]
[    1.921645] pci 0000:7e:00.0: [8086:3450] type 00 class 0x088000
[    1.921728] pci 0000:7e:00.1: [8086:3451] type 00 class 0x088000
[    1.921819] pci 0000:7e:00.2: [8086:3452] type 00 class 0x088000
[    1.921899] pci 0000:7e:00.3: [8086:0998] type 00 class 0x060000
[    1.921978] pci 0000:7e:00.5: [8086:3455] type 00 class 0x088000
[    1.922078] pci 0000:7e:02.0: [8086:3440] type 00 class 0x088000
[    1.922221] pci 0000:7e:02.1: [8086:3441] type 00 class 0x088000
[    1.922356] pci 0000:7e:02.2: [8086:3442] type 00 class 0x088000
[    1.922499] pci 0000:7e:03.0: [8086:3440] type 00 class 0x088000
[    1.922601] pci 0000:7e:03.1: [8086:3441] type 00 class 0x088000
[    1.922699] pci 0000:7e:03.2: [8086:3442] type 00 class 0x088000
[    1.922804] pci 0000:7e:04.0: [8086:3440] type 00 class 0x088000
[    1.922947] pci 0000:7e:04.1: [8086:3441] type 00 class 0x088000
[    1.923087] pci 0000:7e:04.2: [8086:3442] type 00 class 0x088000
[    1.923232] pci 0000:7e:04.3: [8086:3443] type 00 class 0x088000
[    1.923385] pci 0000:7e:05.0: [8086:3445] type 00 class 0x088000
[    1.923523] pci 0000:7e:05.1: [8086:3446] type 00 class 0x088000
[    1.923658] pci 0000:7e:05.2: [8086:3447] type 00 class 0x088000
[    1.923804] pci 0000:7e:06.0: [8086:3445] type 00 class 0x088000
[    1.923907] pci 0000:7e:06.1: [8086:3446] type 00 class 0x088000
[    1.924007] pci 0000:7e:06.2: [8086:3447] type 00 class 0x088000
[    1.924130] pci 0000:7e:07.0: [8086:3445] type 00 class 0x088000
[    1.924278] pci 0000:7e:07.1: [8086:3446] type 00 class 0x088000
[    1.924423] pci 0000:7e:07.2: [8086:3447] type 00 class 0x088000
[    1.924575] pci 0000:7e:0b.0: [8086:3448] type 00 class 0x088000
[    1.924664] pci 0000:7e:0b.1: [8086:3448] type 00 class 0x088000
[    1.924751] pci 0000:7e:0b.2: [8086:344b] type 00 class 0x088000
[    1.924856] pci 0000:7e:0c.0: [8086:344a] type 00 class 0x110100
[    1.924981] pci 0000:7e:0d.0: [8086:344a] type 00 class 0x110100
[    1.925091] pci 0000:7e:0e.0: [8086:344a] type 00 class 0x110100
[    1.925265] pci 0000:7e:0f.0: [8086:344a] type 00 class 0x110100
[    1.925456] pci 0000:7e:1a.0: [8086:2880] type 00 class 0x110100
[    1.925579] pci 0000:7e:1b.0: [8086:2880] type 00 class 0x110100
[    1.925687] pci 0000:7e:1c.0: [8086:2880] type 00 class 0x110100
[    1.925863] pci 0000:7e:1d.0: [8086:2880] type 00 class 0x110100
[    1.926021] pci_bus 0000:7e: on NUMA node 0
[    1.926097] ACPI: PCI Root Bridge [UC07] (domain 0000 [bus 7f])
[    1.926099] acpi PNP0A03:01: _OSC: OS supports [ExtendedConfig ASPM ClockPM Segments MSI HPX-Type3]
[    1.926266] acpi PNP0A03:01: _OSC: platform does not support [SHPCHotplug AER LTR]
[    1.926440] acpi PNP0A03:01: _OSC: OS now controls [PCIeHotplug PME PCIeCapability]
[    1.926441] acpi PNP0A03:01: FADT indicates ASPM is unsupported, using BIOS configuration
[    1.926577] PCI host bridge to bus 0000:7f
[    1.926578] pci_bus 0000:7f: root bus resource [bus 7f]
[    1.926620] pci 0000:7f:00.0: [8086:344c] type 00 class 0x088000
[    1.926754] pci 0000:7f:00.1: [8086:344c] type 00 class 0x088000
[    1.926890] pci 0000:7f:00.2: [8086:344c] type 00 class 0x088000
[    1.927033] pci 0000:7f:00.3: [8086:344c] type 00 class 0x088000
[    1.927148] pci 0000:7f:00.4: [8086:344c] type 00 class 0x088000
[    1.927294] pci 0000:7f:00.5: [8086:344c] type 00 class 0x088000
[    1.927435] pci 0000:7f:00.6: [8086:344c] type 00 class 0x088000
[    1.927537] pci 0000:7f:00.7: [8086:344c] type 00 class 0x088000
[    1.927660] pci 0000:7f:01.0: [8086:344c] type 00 class 0x088000
[    1.927812] pci 0000:7f:01.1: [8086:344c] type 00 class 0x088000
[    1.927959] pci 0000:7f:01.2: [8086:344c] type 00 class 0x088000
[    1.928070] pci 0000:7f:01.3: [8086:344c] type 00 class 0x088000
[    1.928226] pci 0000:7f:01.4: [8086:344c] type 00 class 0x088000
[    1.928385] pci 0000:7f:01.5: [8086:344c] type 00 class 0x088000
[    1.928545] pci 0000:7f:01.6: [8086:344c] type 00 class 0x088000
[    1.928691] pci 0000:7f:01.7: [8086:344c] type 00 class 0x088000
[    1.928860] pci 0000:7f:02.0: [8086:344c] type 00 class 0x088000
[    1.929015] pci 0000:7f:02.1: [8086:344c] type 00 class 0x088000
[    1.929171] pci 0000:7f:02.2: [8086:344c] type 00 class 0x088000
[    1.929333] pci 0000:7f:02.3: [8086:344c] type 00 class 0x088000
[    1.929498] pci 0000:7f:02.4: [8086:344c] type 00 class 0x088000
[    1.929660] pci 0000:7f:02.5: [8086:344c] type 00 class 0x088000
[    1.929823] pci 0000:7f:02.6: [8086:344c] type 00 class 0x088000
[    1.929995] pci 0000:7f:02.7: [8086:344c] type 00 class 0x088000
[    1.930181] pci 0000:7f:03.0: [8086:344c] type 00 class 0x088000
[    1.930353] pci 0000:7f:03.1: [8086:344c] type 00 class 0x088000
[    1.930530] pci 0000:7f:03.2: [8086:344c] type 00 class 0x088000
[    1.930713] pci 0000:7f:03.3: [8086:344c] type 00 class 0x088000
[    1.930911] pci 0000:7f:0a.0: [8086:344d] type 00 class 0x088000
[    1.931035] pci 0000:7f:0a.1: [8086:344d] type 00 class 0x088000
[    1.931171] pci 0000:7f:0a.2: [8086:344d] type 00 class 0x088000
[    1.931309] pci 0000:7f:0a.3: [8086:344d] type 00 class 0x088000
[    1.931424] pci 0000:7f:0a.4: [8086:344d] type 00 class 0x088000
[    1.931570] pci 0000:7f:0a.5: [8086:344d] type 00 class 0x088000
[    1.931711] pci 0000:7f:0a.6: [8086:344d] type 00 class 0x088000
[    1.931819] pci 0000:7f:0a.7: [8086:344d] type 00 class 0x088000
[    1.931942] pci 0000:7f:0b.0: [8086:344d] type 00 class 0x088000
[    1.932099] pci 0000:7f:0b.1: [8086:344d] type 00 class 0x088000
[    1.932246] pci 0000:7f:0b.2: [8086:344d] type 00 class 0x088000
[    1.932350] pci 0000:7f:0b.3: [8086:344d] type 00 class 0x088000
[    1.932508] pci 0000:7f:0b.4: [8086:344d] type 00 class 0x088000
[    1.932667] pci 0000:7f:0b.5: [8086:344d] type 00 class 0x088000
[    1.932828] pci 0000:7f:0b.6: [8086:344d] type 00 class 0x088000
[    1.932979] pci 0000:7f:0b.7: [8086:344d] type 00 class 0x088000
[    1.933148] pci 0000:7f:0c.0: [8086:344d] type 00 class 0x088000
[    1.933303] pci 0000:7f:0c.1: [8086:344d] type 00 class 0x088000
[    1.933459] pci 0000:7f:0c.2: [8086:344d] type 00 class 0x088000
[    1.933617] pci 0000:7f:0c.3: [8086:344d] type 00 class 0x088000
[    1.933781] pci 0000:7f:0c.4: [8086:344d] type 00 class 0x088000
[    1.933943] pci 0000:7f:0c.5: [8086:344d] type 00 class 0x088000
[    1.934108] pci 0000:7f:0c.6: [8086:344d] type 00 class 0x088000
[    1.934285] pci 0000:7f:0c.7: [8086:344d] type 00 class 0x088000
[    1.934472] pci 0000:7f:0d.0: [8086:344d] type 00 class 0x088000
[    1.934642] pci 0000:7f:0d.1: [8086:344d] type 00 class 0x088000
[    1.934819] pci 0000:7f:0d.2: [8086:344d] type 00 class 0x088000
[    1.934995] pci 0000:7f:0d.3: [8086:344d] type 00 class 0x088000
[    1.935203] pci 0000:7f:1d.0: [8086:344f] type 00 class 0x088000
[    1.935336] pci 0000:7f:1d.1: [8086:3457] type 00 class 0x088000
[    1.935481] pci 0000:7f:1e.0: [8086:3458] type 00 class 0x088000
[    1.935575] pci 0000:7f:1e.1: [8086:3459] type 00 class 0x088000
[    1.935664] pci 0000:7f:1e.2: [8086:345a] type 00 class 0x088000
[    1.935754] pci 0000:7f:1e.3: [8086:345b] type 00 class 0x088000
[    1.935841] pci 0000:7f:1e.4: [8086:345c] type 00 class 0x088000
[    1.935929] pci 0000:7f:1e.5: [8086:345d] type 00 class 0x088000
[    1.936016] pci 0000:7f:1e.6: [8086:345e] type 00 class 0x088000
[    1.936104] pci 0000:7f:1e.7: [8086:345f] type 00 class 0x088000
[    1.936180] pci_bus 0000:7f: on NUMA node 0
[    1.936276] ACPI: PCI Root Bridge [PC06] (domain 0000 [bus 80])
[    1.936279] acpi PNP0A08:06: _OSC: OS supports [ExtendedConfig ASPM ClockPM Segments MSI HPX-Type3]
[    1.949972] acpi PNP0A08:06: _OSC: platform does not support [SHPCHotplug AER]
[    1.950173] acpi PNP0A08:06: _OSC: OS now controls [PCIeHotplug PME PCIeCapability LTR]
[    1.950174] acpi PNP0A08:06: FADT indicates ASPM is unsupported, using BIOS configuration
[    1.950312] PCI host bridge to bus 0000:80
[    1.950313] pci_bus 0000:80: root bus resource [io  0xb000-0xbfff window]
[    1.950314] pci_bus 0000:80: root bus resource [mem 0xc6800000-0xd0ffffff window]
[    1.950315] pci_bus 0000:80: root bus resource [mem 0x250000000000-0x25ffffffffff window]
[    1.950317] pci_bus 0000:80: root bus resource [bus 80]
[    1.950350] pci 0000:80:00.0: [8086:09a2] type 00 class 0x088000
[    1.950444] pci 0000:80:00.1: [8086:09a4] type 00 class 0x088000
[    1.950534] pci 0000:80:00.2: [8086:09a3] type 00 class 0x088000
[    1.950623] pci 0000:80:00.4: [8086:0998] type 00 class 0x060000
[    1.950712] pci 0000:80:02.0: [8086:09a6] type 00 class 0x088000
[    1.950721] pci 0000:80:02.0: reg 0x10: [mem 0xc6aa4000-0xc6aa5fff]
[    1.950799] pci 0000:80:02.1: [8086:09a7] type 00 class 0x088000
[    1.950807] pci 0000:80:02.1: reg 0x10: [mem 0xc6a00000-0xc6a7ffff]
[    1.950813] pci 0000:80:02.1: reg 0x14: [mem 0xc6980000-0xc69fffff]
[    1.950900] pci 0000:80:02.4: [8086:3456] type 00 class 0x130000
[    1.950910] pci 0000:80:02.4: reg 0x10: [mem 0xc6800000-0xc68fffff 64bit]
[    1.950917] pci 0000:80:02.4: reg 0x18: [mem 0xc6aa0000-0xc6aa3fff 64bit]
[    1.950924] pci 0000:80:02.4: reg 0x20: [mem 0xc6a80000-0xc6a9ffff 64bit]
[    1.950986] pci_bus 0000:80: on NUMA node 1
[    1.951062] ACPI: PCI Root Bridge [PC07] (domain 0000 [bus 81])
[    1.951064] acpi PNP0A08:07: _OSC: OS supports [ExtendedConfig ASPM ClockPM Segments MSI HPX-Type3]
[    1.964760] acpi PNP0A08:07: _OSC: platform does not support [SHPCHotplug AER]
[    1.964963] acpi PNP0A08:07: _OSC: OS now controls [PCIeHotplug PME PCIeCapability LTR]
[    1.964964] acpi PNP0A08:07: FADT indicates ASPM is unsupported, using BIOS configuration
[    1.965075] PCI host bridge to bus 0000:81
[    1.965076] pci_bus 0000:81: root bus resource [io  0xc000-0xcfff window]
[    1.965078] pci_bus 0000:81: root bus resource [mem 0xd1000000-0xdbbfffff window]
[    1.965079] pci_bus 0000:81: root bus resource [mem 0x260000000000-0x26ffffffffff window]
[    1.965080] pci_bus 0000:81: root bus resource [bus 81]
[    1.965094] pci 0000:81:00.0: [8086:09a2] type 00 class 0x088000
[    1.965170] pci 0000:81:00.1: [8086:09a4] type 00 class 0x088000
[    1.965249] pci 0000:81:00.2: [8086:09a3] type 00 class 0x088000
[    1.965324] pci 0000:81:00.4: [8086:0998] type 00 class 0x060000
[    1.965409] pci_bus 0000:81: on NUMA node 1
[    1.965479] ACPI: PCI Root Bridge [PC08] (domain 0000 [bus 82])
[    1.965482] acpi PNP0A08:08: _OSC: OS supports [ExtendedConfig ASPM ClockPM Segments MSI HPX-Type3]
[    1.979314] acpi PNP0A08:08: _OSC: platform does not support [SHPCHotplug AER]
[    1.979517] acpi PNP0A08:08: _OSC: OS now controls [PCIeHotplug PME PCIeCapability LTR]
[    1.979518] acpi PNP0A08:08: FADT indicates ASPM is unsupported, using BIOS configuration
[    1.979628] PCI host bridge to bus 0000:82
[    1.979629] pci_bus 0000:82: root bus resource [io  0xd000-0xdfff window]
[    1.979630] pci_bus 0000:82: root bus resource [mem 0xdbc00000-0xe67fffff window]
[    1.979632] pci_bus 0000:82: root bus resource [mem 0x270000000000-0x27ffffffffff window]
[    1.979633] pci_bus 0000:82: root bus resource [bus 82]
[    1.979647] pci 0000:82:00.0: [8086:09a2] type 00 class 0x088000
[    1.979723] pci 0000:82:00.1: [8086:09a4] type 00 class 0x088000
[    1.979798] pci 0000:82:00.2: [8086:09a3] type 00 class 0x088000
[    1.979873] pci 0000:82:00.4: [8086:0998] type 00 class 0x060000
[    1.979952] pci_bus 0000:82: on NUMA node 1
[    1.980050] ACPI: PCI Root Bridge [PC10] (domain 0000 [bus 83-f9])
[    1.980052] acpi PNP0A08:0a: _OSC: OS supports [ExtendedConfig ASPM ClockPM Segments MSI HPX-Type3]
[    1.993742] acpi PNP0A08:0a: _OSC: platform does not support [SHPCHotplug AER]
[    1.993944] acpi PNP0A08:0a: _OSC: OS now controls [PCIeHotplug PME PCIeCapability LTR]
[    1.993946] acpi PNP0A08:0a: FADT indicates ASPM is unsupported, using BIOS configuration
[    1.994065] PCI host bridge to bus 0000:83
[    1.994066] pci_bus 0000:83: root bus resource [io  0xe000-0xefff window]
[    1.994067] pci_bus 0000:83: root bus resource [mem 0xe6800000-0xf13fffff window]
[    1.994069] pci_bus 0000:83: root bus resource [mem 0x280000000000-0x28ffffffffff window]
[    1.994070] pci_bus 0000:83: root bus resource [bus 83-f9]
[    1.994085] pci 0000:83:00.0: [8086:09a2] type 00 class 0x088000
[    1.994164] pci 0000:83:00.1: [8086:09a4] type 00 class 0x088000
[    1.994244] pci 0000:83:00.2: [8086:09a3] type 00 class 0x088000
[    1.994321] pci 0000:83:00.4: [8086:0998] type 00 class 0x060000
[    1.994404] pci_bus 0000:83: on NUMA node 1
[    1.994475] ACPI: PCI Root Bridge [PC11] (domain 0000 [bus fa])
[    1.994478] acpi PNP0A08:0b: _OSC: OS supports [ExtendedConfig ASPM ClockPM Segments MSI HPX-Type3]
[    2.008153] acpi PNP0A08:0b: _OSC: platform does not support [SHPCHotplug AER]
[    2.008354] acpi PNP0A08:0b: _OSC: OS now controls [PCIeHotplug PME PCIeCapability LTR]
[    2.008355] acpi PNP0A08:0b: FADT indicates ASPM is unsupported, using BIOS configuration
[    2.008466] PCI host bridge to bus 0000:fa
[    2.008467] pci_bus 0000:fa: root bus resource [io  0xf000-0xffff window]
[    2.008468] pci_bus 0000:fa: root bus resource [mem 0xf1400000-0xfb7fffff window]
[    2.008469] pci_bus 0000:fa: root bus resource [mem 0x290000000000-0x29ffffffffff window]
[    2.008471] pci_bus 0000:fa: root bus resource [bus fa]
[    2.008485] pci 0000:fa:00.0: [8086:09a2] type 00 class 0x088000
[    2.008561] pci 0000:fa:00.1: [8086:09a4] type 00 class 0x088000
[    2.008637] pci 0000:fa:00.2: [8086:09a3] type 00 class 0x088000
[    2.008713] pci 0000:fa:00.4: [8086:0998] type 00 class 0x060000
[    2.008794] pci_bus 0000:fa: on NUMA node 1
[    2.008856] ACPI: PCI Root Bridge [UC16] (domain 0000 [bus fe])
[    2.008859] acpi PNP0A03:02: _OSC: OS supports [ExtendedConfig ASPM ClockPM Segments MSI HPX-Type3]
[    2.009024] acpi PNP0A03:02: _OSC: platform does not support [SHPCHotplug AER LTR]
[    2.009195] acpi PNP0A03:02: _OSC: OS now controls [PCIeHotplug PME PCIeCapability]
[    2.009196] acpi PNP0A03:02: FADT indicates ASPM is unsupported, using BIOS configuration
[    2.009317] PCI host bridge to bus 0000:fe
[    2.009318] pci_bus 0000:fe: root bus resource [bus fe]
[    2.009350] pci 0000:fe:00.0: [8086:3450] type 00 class 0x088000
[    2.009435] pci 0000:fe:00.1: [8086:3451] type 00 class 0x088000
[    2.009521] pci 0000:fe:00.2: [8086:3452] type 00 class 0x088000
[    2.009602] pci 0000:fe:00.3: [8086:0998] type 00 class 0x060000
[    2.009683] pci 0000:fe:00.5: [8086:3455] type 00 class 0x088000
[    2.009784] pci 0000:fe:02.0: [8086:3440] type 00 class 0x088000
[    2.009927] pci 0000:fe:02.1: [8086:3441] type 00 class 0x088000
[    2.010063] pci 0000:fe:02.2: [8086:3442] type 00 class 0x088000
[    2.010208] pci 0000:fe:03.0: [8086:3440] type 00 class 0x088000
[    2.010314] pci 0000:fe:03.1: [8086:3441] type 00 class 0x088000
[    2.010422] pci 0000:fe:03.2: [8086:3442] type 00 class 0x088000
[    2.010534] pci 0000:fe:04.0: [8086:3440] type 00 class 0x088000
[    2.010681] pci 0000:fe:04.1: [8086:3441] type 00 class 0x088000
[    2.010823] pci 0000:fe:04.2: [8086:3442] type 00 class 0x088000
[    2.010966] pci 0000:fe:04.3: [8086:3443] type 00 class 0x088000
[    2.011123] pci 0000:fe:05.0: [8086:3445] type 00 class 0x088000
[    2.011265] pci 0000:fe:05.1: [8086:3446] type 00 class 0x088000
[    2.011405] pci 0000:fe:05.2: [8086:3447] type 00 class 0x088000
[    2.011560] pci 0000:fe:06.0: [8086:3445] type 00 class 0x088000
[    2.011666] pci 0000:fe:06.1: [8086:3446] type 00 class 0x088000
[    2.011770] pci 0000:fe:06.2: [8086:3447] type 00 class 0x088000
[    2.011894] pci 0000:fe:07.0: [8086:3445] type 00 class 0x088000
[    2.012043] pci 0000:fe:07.1: [8086:3446] type 00 class 0x088000
[    2.012189] pci 0000:fe:07.2: [8086:3447] type 00 class 0x088000
[    2.012343] pci 0000:fe:0b.0: [8086:3448] type 00 class 0x088000
[    2.012433] pci 0000:fe:0b.1: [8086:3448] type 00 class 0x088000
[    2.012526] pci 0000:fe:0b.2: [8086:344b] type 00 class 0x088000
[    2.012632] pci 0000:fe:0c.0: [8086:344a] type 00 class 0x110100
[    2.012760] pci 0000:fe:0d.0: [8086:344a] type 00 class 0x110100
[    2.012875] pci 0000:fe:0e.0: [8086:344a] type 00 class 0x110100
[    2.013048] pci 0000:fe:0f.0: [8086:344a] type 00 class 0x110100
[    2.013243] pci 0000:fe:1a.0: [8086:2880] type 00 class 0x110100
[    2.013369] pci 0000:fe:1b.0: [8086:2880] type 00 class 0x110100
[    2.013480] pci 0000:fe:1c.0: [8086:2880] type 00 class 0x110100
[    2.013664] pci 0000:fe:1d.0: [8086:2880] type 00 class 0x110100
[    2.013827] pci_bus 0000:fe: on NUMA node 1
[    2.013902] ACPI: PCI Root Bridge [UC17] (domain 0000 [bus ff])
[    2.013904] acpi PNP0A03:03: _OSC: OS supports [ExtendedConfig ASPM ClockPM Segments MSI HPX-Type3]
[    2.014070] acpi PNP0A03:03: _OSC: platform does not support [SHPCHotplug AER LTR]
[    2.014240] acpi PNP0A03:03: _OSC: OS now controls [PCIeHotplug PME PCIeCapability]
[    2.014241] acpi PNP0A03:03: FADT indicates ASPM is unsupported, using BIOS configuration
[    2.014378] PCI host bridge to bus 0000:ff
[    2.014380] pci_bus 0000:ff: root bus resource [bus ff]
[    2.014421] pci 0000:ff:00.0: [8086:344c] type 00 class 0x088000
[    2.014557] pci 0000:ff:00.1: [8086:344c] type 00 class 0x088000
[    2.014695] pci 0000:ff:00.2: [8086:344c] type 00 class 0x088000
[    2.014821] pci 0000:ff:00.3: [8086:344c] type 00 class 0x088000
[    2.014968] pci 0000:ff:00.4: [8086:344c] type 00 class 0x088000
[    2.015109] pci 0000:ff:00.5: [8086:344c] type 00 class 0x088000
[    2.015229] pci 0000:ff:00.6: [8086:344c] type 00 class 0x088000
[    2.015386] pci 0000:ff:00.7: [8086:344c] type 00 class 0x088000
[    2.015552] pci 0000:ff:01.0: [8086:344c] type 00 class 0x088000
[    2.015711] pci 0000:ff:01.1: [8086:344c] type 00 class 0x088000
[    2.015861] pci 0000:ff:01.2: [8086:344c] type 00 class 0x088000
[    2.015973] pci 0000:ff:01.3: [8086:344c] type 00 class 0x088000
[    2.016135] pci 0000:ff:01.4: [8086:344c] type 00 class 0x088000
[    2.016299] pci 0000:ff:01.5: [8086:344c] type 00 class 0x088000
[    2.016466] pci 0000:ff:01.6: [8086:344c] type 00 class 0x088000
[    2.016621] pci 0000:ff:01.7: [8086:344c] type 00 class 0x088000
[    2.016794] pci 0000:ff:02.0: [8086:344c] type 00 class 0x088000
[    2.016953] pci 0000:ff:02.1: [8086:344c] type 00 class 0x088000
[    2.017110] pci 0000:ff:02.2: [8086:344c] type 00 class 0x088000
[    2.017275] pci 0000:ff:02.3: [8086:344c] type 00 class 0x088000
[    2.017436] pci 0000:ff:02.4: [8086:344c] type 00 class 0x088000
[    2.017599] pci 0000:ff:02.5: [8086:344c] type 00 class 0x088000
[    2.017769] pci 0000:ff:02.6: [8086:344c] type 00 class 0x088000
[    2.017948] pci 0000:ff:02.7: [8086:344c] type 00 class 0x088000
[    2.018141] pci 0000:ff:03.0: [8086:344c] type 00 class 0x088000
[    2.018319] pci 0000:ff:03.1: [8086:344c] type 00 class 0x088000
[    2.018495] pci 0000:ff:03.2: [8086:344c] type 00 class 0x088000
[    2.018680] pci 0000:ff:03.3: [8086:344c] type 00 class 0x088000
[    2.018884] pci 0000:ff:0a.0: [8086:344d] type 00 class 0x088000
[    2.019014] pci 0000:ff:0a.1: [8086:344d] type 00 class 0x088000
[    2.019152] pci 0000:ff:0a.2: [8086:344d] type 00 class 0x088000
[    2.019283] pci 0000:ff:0a.3: [8086:344d] type 00 class 0x088000
[    2.019428] pci 0000:ff:0a.4: [8086:344d] type 00 class 0x088000
[    2.019570] pci 0000:ff:0a.5: [8086:344d] type 00 class 0x088000
[    2.019691] pci 0000:ff:0a.6: [8086:344d] type 00 class 0x088000
[    2.019842] pci 0000:ff:0a.7: [8086:344d] type 00 class 0x088000
[    2.020008] pci 0000:ff:0b.0: [8086:344d] type 00 class 0x088000
[    2.020165] pci 0000:ff:0b.1: [8086:344d] type 00 class 0x088000
[    2.020315] pci 0000:ff:0b.2: [8086:344d] type 00 class 0x088000
[    2.020429] pci 0000:ff:0b.3: [8086:344d] type 00 class 0x088000
[    2.020592] pci 0000:ff:0b.4: [8086:344d] type 00 class 0x088000
[    2.020756] pci 0000:ff:0b.5: [8086:344d] type 00 class 0x088000
[    2.020923] pci 0000:ff:0b.6: [8086:344d] type 00 class 0x088000
[    2.021075] pci 0000:ff:0b.7: [8086:344d] type 00 class 0x088000
[    2.021247] pci 0000:ff:0c.0: [8086:344d] type 00 class 0x088000
[    2.021407] pci 0000:ff:0c.1: [8086:344d] type 00 class 0x088000
[    2.021565] pci 0000:ff:0c.2: [8086:344d] type 00 class 0x088000
[    2.021734] pci 0000:ff:0c.3: [8086:344d] type 00 class 0x088000
[    2.021895] pci 0000:ff:0c.4: [8086:344d] type 00 class 0x088000
[    2.022059] pci 0000:ff:0c.5: [8086:344d] type 00 class 0x088000
[    2.022228] pci 0000:ff:0c.6: [8086:344d] type 00 class 0x088000
[    2.022399] pci 0000:ff:0c.7: [8086:344d] type 00 class 0x088000
[    2.022593] pci 0000:ff:0d.0: [8086:344d] type 00 class 0x088000
[    2.022771] pci 0000:ff:0d.1: [8086:344d] type 00 class 0x088000
[    2.022945] pci 0000:ff:0d.2: [8086:344d] type 00 class 0x088000
[    2.023135] pci 0000:ff:0d.3: [8086:344d] type 00 class 0x088000
[    2.023350] pci 0000:ff:1d.0: [8086:344f] type 00 class 0x088000
[    2.023488] pci 0000:ff:1d.1: [8086:3457] type 00 class 0x088000
[    2.023639] pci 0000:ff:1e.0: [8086:3458] type 00 class 0x088000
[    2.023736] pci 0000:ff:1e.1: [8086:3459] type 00 class 0x088000
[    2.023828] pci 0000:ff:1e.2: [8086:345a] type 00 class 0x088000
[    2.023918] pci 0000:ff:1e.3: [8086:345b] type 00 class 0x088000
[    2.024010] pci 0000:ff:1e.4: [8086:345c] type 00 class 0x088000
[    2.024106] pci 0000:ff:1e.5: [8086:345d] type 00 class 0x088000
[    2.024196] pci 0000:ff:1e.6: [8086:345e] type 00 class 0x088000
[    2.024286] pci 0000:ff:1e.7: [8086:345f] type 00 class 0x088000
[    2.024361] pci_bus 0000:ff: on NUMA node 1
[    2.026510] iommu: Default domain type: Translated 
[    2.026510] iommu: DMA domain TLB invalidation policy: lazy mode 
[    2.026512] pci 0000:03:00.0: vgaarb: setting as boot VGA device
[    2.026512] pci 0000:03:00.0: vgaarb: VGA device added: decodes=io+mem,owns=io+mem,locks=none
[    2.026558] pci 0000:03:00.0: vgaarb: bridge control possible
[    2.026559] vgaarb: loaded
[    2.026742] SCSI subsystem initialized
[    2.026778] libata version 3.00 loaded.
[    2.026778] ACPI: bus type USB registered
[    2.026778] usbcore: registered new interface driver usbfs
[    2.026778] usbcore: registered new interface driver hub
[    2.026778] usbcore: registered new device driver usb
[    2.026778] pps_core: LinuxPPS API ver. 1 registered
[    2.026778] pps_core: Software ver. 5.3.6 - Copyright 2005-2007 Rodolfo Giometti <giometti@linux.it>
[    2.026778] PTP clock support registered
[    2.026778] EDAC MC: Ver: 3.0.0
[    2.030525] Registered efivars operations
[    2.030653] NetLabel: Initializing
[    2.030654] NetLabel:  domain hash size = 128
[    2.030655] NetLabel:  protocols = UNLABELED CIPSOv4 CALIPSO
[    2.030669] NetLabel:  unlabeled traffic allowed by default
[    2.030678] PCI: Using ACPI for IRQ routing
[    2.033899] PCI: pci_cache_line_size set to 64 bytes
[    2.033899] e820: reserve RAM buffer [mem 0x0008f000-0x0008ffff]
[    2.033899] e820: reserve RAM buffer [mem 0x46cc5020-0x47ffffff]
[    2.033899] e820: reserve RAM buffer [mem 0x46cf7020-0x47ffffff]
[    2.033899] e820: reserve RAM buffer [mem 0x46d2a020-0x47ffffff]
[    2.033899] e820: reserve RAM buffer [mem 0x46d5d020-0x47ffffff]
[    2.033899] e820: reserve RAM buffer [mem 0x49e77000-0x4bffffff]
[    2.033899] e820: reserve RAM buffer [mem 0x4b2cf000-0x4bffffff]
[    2.033899] e820: reserve RAM buffer [mem 0x4bd94000-0x4bffffff]
[    2.033899] e820: reserve RAM buffer [mem 0x4ce00000-0x4fffffff]
[    2.033899] e820: reserve RAM buffer [mem 0x5eefe000-0x5fffffff]
[    2.033899] e820: reserve RAM buffer [mem 0x6f800000-0x6fffffff]
[    2.035780] hpet0: at MMIO 0xfed00000, IRQs 2, 8, 0, 0, 0, 0, 0, 0
[    2.035787] hpet0: 8 comparators, 64-bit 24.000000 MHz counter
[    2.038544] clocksource: Switched to clocksource tsc-early
[    2.047348] VFS: Disk quotas dquot_6.6.0
[    2.047400] VFS: Dquot-cache hash table entries: 512 (order 0, 4096 bytes)
[    2.047552] AppArmor: AppArmor Filesystem Enabled
[    2.047569] pnp: PnP ACPI init
[    2.062812] system 00:01: [io  0x0500-0x05fe] has been reserved
[    2.062815] system 00:01: [io  0x0400-0x041f] has been reserved
[    2.062817] system 00:01: [io  0x0600-0x061f] has been reserved
[    2.062818] system 00:01: [io  0x0ca0-0x0ca1] has been reserved
[    2.062820] system 00:01: [io  0x0ca4-0x0ca6] has been reserved
[    2.062822] system 00:01: [mem 0xff000000-0xffffffff] has been reserved
[    2.063403] system 00:04: [mem 0xfd000000-0xfdabffff] has been reserved
[    2.063406] system 00:04: [mem 0xfdad0000-0xfdadffff] has been reserved
[    2.063407] system 00:04: [mem 0xfdb00000-0xfdffffff] has been reserved
[    2.063408] system 00:04: [mem 0xfe000000-0xfe00ffff] has been reserved
[    2.063410] system 00:04: [mem 0xfe011000-0xfe01ffff] has been reserved
[    2.063411] system 00:04: [mem 0xfe036000-0xfe03bfff] has been reserved
[    2.063413] system 00:04: [mem 0xfe03d000-0xfe3fffff] has been reserved
[    2.063414] system 00:04: [mem 0xfe410000-0xfe7fffff] has been reserved
[    2.063732] system 00:05: [io  0x1000-0x10fe] has been reserved
[    2.064709] pnp: PnP ACPI: found 6 devices
[    2.070310] clocksource: acpi_pm: mask: 0xffffff max_cycles: 0xffffff, max_idle_ns: 2085701024 ns
[    2.070387] NET: Registered PF_INET protocol family
[    2.070746] IP idents hash table entries: 262144 (order: 9, 2097152 bytes, vmalloc)
[    2.072925] tcp_listen_portaddr_hash hash table entries: 32768 (order: 7, 524288 bytes, vmalloc)
[    2.073615] TCP established hash table entries: 524288 (order: 10, 4194304 bytes, vmalloc)
[    2.074246] TCP bind hash table entries: 65536 (order: 8, 1048576 bytes, vmalloc)
[    2.074307] TCP: Hash tables configured (established 524288 bind 65536)
[    2.074594] UDP hash table entries: 32768 (order: 8, 1048576 bytes, vmalloc)
[    2.074833] UDP-Lite hash table entries: 32768 (order: 8, 1048576 bytes, vmalloc)
[    2.075107] NET: Registered PF_UNIX/PF_LOCAL protocol family
[    2.075113] NET: Registered PF_XDP protocol family
[    2.075125] pci 0000:04:00.0: can't claim BAR 6 [mem 0xfffc0000-0xffffffff pref]: no compatible bridge window
[    2.075127] pci 0000:04:00.1: can't claim BAR 6 [mem 0xfffc0000-0xffffffff pref]: no compatible bridge window
[    2.075129] pci 0000:17:00.0: can't claim BAR 6 [mem 0xfff00000-0xffffffff pref]: no compatible bridge window
[    2.075145] pci 0000:00:1c.5: BAR 14: assigned [mem 0x90000000-0x900fffff]
[    2.075147] pci 0000:00:1c.0: PCI bridge to [bus 01]
[    2.075157] pci 0000:02:00.0: PCI bridge to [bus 03]
[    2.075161] pci 0000:02:00.0:   bridge window [mem 0x92000000-0x928fffff]
[    2.075165] pci 0000:02:00.0:   bridge window [mem 0x91000000-0x91ffffff 64bit pref]
[    2.075171] pci 0000:00:1c.4: PCI bridge to [bus 02-03]
[    2.075174] pci 0000:00:1c.4:   bridge window [mem 0x92000000-0x928fffff]
[    2.075177] pci 0000:00:1c.4:   bridge window [mem 0x91000000-0x91ffffff 64bit pref]
[    2.075182] pci 0000:04:00.0: BAR 6: assigned [mem 0x90000000-0x9003ffff pref]
[    2.075184] pci 0000:04:00.1: BAR 6: assigned [mem 0x90040000-0x9007ffff pref]
[    2.075185] pci 0000:00:1c.5: PCI bridge to [bus 04]
[    2.075189] pci 0000:00:1c.5:   bridge window [mem 0x90000000-0x900fffff]
[    2.075191] pci 0000:00:1c.5:   bridge window [mem 0x92900000-0x929fffff 64bit pref]
[    2.075196] pci_bus 0000:00: resource 4 [io  0x0000-0x0cf7 window]
[    2.075197] pci_bus 0000:00: resource 5 [io  0x1000-0x4fff window]
[    2.075199] pci_bus 0000:00: resource 6 [mem 0x000a0000-0x000bffff window]
[    2.075200] pci_bus 0000:00: resource 7 [mem 0x000c8000-0x000cffff window]
[    2.075201] pci_bus 0000:00: resource 8 [mem 0xfe010000-0xfe010fff window]
[    2.075202] pci_bus 0000:00: resource 9 [mem 0x90000000-0x9b7fffff window]
[    2.075203] pci_bus 0000:00: resource 10 [mem 0x200000000000-0x20ffffffffff window]
[    2.075205] pci_bus 0000:02: resource 1 [mem 0x92000000-0x928fffff]
[    2.075207] pci_bus 0000:02: resource 2 [mem 0x91000000-0x91ffffff 64bit pref]
[    2.075208] pci_bus 0000:03: resource 1 [mem 0x92000000-0x928fffff]
[    2.075209] pci_bus 0000:03: resource 2 [mem 0x91000000-0x91ffffff 64bit pref]
[    2.075210] pci_bus 0000:04: resource 1 [mem 0x90000000-0x900fffff]
[    2.075211] pci_bus 0000:04: resource 2 [mem 0x92900000-0x929fffff 64bit pref]
[    2.075280] pci 0000:17:00.0: BAR 6: no space for [mem size 0x00100000 pref]
[    2.075281] pci 0000:17:00.0: BAR 6: failed to assign [mem size 0x00100000 pref]
[    2.075283] pci 0000:16:02.0: PCI bridge to [bus 17]
[    2.075284] pci 0000:16:02.0:   bridge window [io  0x5000-0x5fff]
[    2.075287] pci 0000:16:02.0:   bridge window [mem 0x9ba00000-0x9bafffff]
[    2.075289] pci 0000:16:02.0:   bridge window [mem 0x9b800000-0x9b9fffff 64bit pref]
[    2.075293] pci_bus 0000:16: resource 4 [io  0x5000-0x6fff window]
[    2.075294] pci_bus 0000:16: resource 5 [mem 0x9b800000-0xa63fffff window]
[    2.075295] pci_bus 0000:16: resource 6 [mem 0x210000000000-0x21ffffffffff window]
[    2.075296] pci_bus 0000:17: resource 0 [io  0x5000-0x5fff]
[    2.075297] pci_bus 0000:17: resource 1 [mem 0x9ba00000-0x9bafffff]
[    2.075298] pci_bus 0000:17: resource 2 [mem 0x9b800000-0x9b9fffff 64bit pref]
[    2.075305] pci_bus 0000:30: resource 4 [io  0x7000-0x8fff window]
[    2.075306] pci_bus 0000:30: resource 5 [mem 0xa6400000-0xb0ffffff window]
[    2.075307] pci_bus 0000:30: resource 6 [mem 0x220000000000-0x22ffffffffff window]
[    2.075313] pci_bus 0000:4a: resource 4 [io  0x9000-0x9fff window]
[    2.075315] pci_bus 0000:4a: resource 5 [mem 0xb1000000-0xbbbfffff window]
[    2.075316] pci_bus 0000:4a: resource 6 [mem 0x230000000000-0x23ffffffffff window]
[    2.075322] pci_bus 0000:64: resource 4 [io  0xa000-0xafff window]
[    2.075324] pci_bus 0000:64: resource 5 [mem 0xbbc00000-0xc5ffffff window]
[    2.075325] pci_bus 0000:64: resource 6 [mem 0x240000000000-0x24ffffffffff window]
[    2.075355] pci_bus 0000:80: resource 4 [io  0xb000-0xbfff window]
[    2.075357] pci_bus 0000:80: resource 5 [mem 0xc6800000-0xd0ffffff window]
[    2.075358] pci_bus 0000:80: resource 6 [mem 0x250000000000-0x25ffffffffff window]
[    2.075364] pci_bus 0000:81: resource 4 [io  0xc000-0xcfff window]
[    2.075365] pci_bus 0000:81: resource 5 [mem 0xd1000000-0xdbbfffff window]
[    2.075366] pci_bus 0000:81: resource 6 [mem 0x260000000000-0x26ffffffffff window]
[    2.075371] pci_bus 0000:82: resource 4 [io  0xd000-0xdfff window]
[    2.075372] pci_bus 0000:82: resource 5 [mem 0xdbc00000-0xe67fffff window]
