2024年 05月 30日 星期四 17:50:43 CST
pgmigrate_success 1858506
pgmigrate_fail 5306935
pgmigrate_dst_node_full_fail 5529191
pgmigrate_numa_isolate_fail 150
pgmigrate_nomem_fail 3
pgmigrate_refcount_fail 101
thp_fault_alloc 72072
thp_fault_fallback 0
thp_collapse_alloc 101
thp_collapse_alloc_failed 30
thp_file_alloc 0
thp_file_mapped 0
thp_split_page 1543
thp_split_page_failed 6
thp_deferred_split_page 78743
thp_split_pmd 4129
thp_split_pud 0
thp_zero_page_alloc 1
thp_zero_page_alloc_failed 0
thp_swpout 1219
thp_swpout_fallback 1540
MemTotal:       1096173932 kB
MemFree:        1066239968 kB
MemAvailable:   1063947468 kB
Buffers:            7700 kB
Cached:           113916 kB
SwapCached:         7808 kB
Active:           210212 kB
Inactive:         128276 kB
Active(anon):     174888 kB
Inactive(anon):    44056 kB
Active(file):      35324 kB
Inactive(file):    84220 kB
Unevictable:           0 kB
Mlocked:               0 kB
SwapTotal:       2097148 kB
SwapFree:        1577036 kB
Dirty:               736 kB
Writeback:             0 kB
AnonPages:        211928 kB
Mapped:           111944 kB
Shmem:              1780 kB
KReclaimable:     253456 kB
Slab:             653048 kB
SReclaimable:     253456 kB
SUnreclaim:       399592 kB
KernelStack:       34112 kB
PageTables:        31068 kB
NFS_Unstable:          0 kB
Bounce:                0 kB
WritebackTmp:          0 kB
CommitLimit:    550184112 kB
Committed_AS:    6479536 kB
VmallocTotal:   34359738367 kB
VmallocUsed:      159428 kB
VmallocChunk:          0 kB
Percpu:           125440 kB
HardwareCorrupted:     0 kB
AnonHugePages:      8192 kB
ShmemHugePages:        0 kB
ShmemPmdMapped:        0 kB
CmaTotal:              0 kB
CmaFree:               0 kB
HugePages_Total:       0
HugePages_Free:        0
HugePages_Rsvd:        0
HugePages_Surp:        0
Hugepagesize:       2048 kB
Hugetlb:               0 kB
DirectMap4k:     1070568 kB
DirectMap2M:     7802880 kB
DirectMap1G:    1180696576 kB
2024年 05月 30日 星期四 19:15:19 CST
pgmigrate_success 2449924
pgmigrate_fail 6600261
pgmigrate_dst_node_full_fail 7995648
pgmigrate_numa_isolate_fail 151
pgmigrate_nomem_fail 12
pgmigrate_refcount_fail 141
thp_fault_alloc 90079
thp_fault_fallback 0
thp_collapse_alloc 160
thp_collapse_alloc_failed 122
thp_file_alloc 0
thp_file_mapped 0
thp_split_page 1543
thp_split_page_failed 6
thp_deferred_split_page 98915
thp_split_pmd 4513
thp_split_pud 0
thp_zero_page_alloc 1
thp_zero_page_alloc_failed 0
thp_swpout 1246
thp_swpout_fallback 1540
MemTotal:       1096173932 kB
MemFree:        1065984020 kB
MemAvailable:   1063823568 kB
Buffers:           81924 kB
Cached:           262800 kB
SwapCached:        40768 kB
Active:           313020 kB
Inactive:         270236 kB
Active(anon):     177496 kB
Inactive(anon):    63884 kB
Active(file):     135524 kB
Inactive(file):   206352 kB
Unevictable:           0 kB
Mlocked:               0 kB
SwapTotal:       2097148 kB
SwapFree:        1553228 kB
Dirty:                 4 kB
Writeback:             0 kB
AnonPages:        231016 kB
Mapped:           118352 kB
Shmem:              1776 kB
KReclaimable:     295216 kB
Slab:             700004 kB
SReclaimable:     295216 kB
SUnreclaim:       404788 kB
KernelStack:       34000 kB
PageTables:        31544 kB
NFS_Unstable:          0 kB
Bounce:                0 kB
WritebackTmp:          0 kB
CommitLimit:    550184112 kB
Committed_AS:    6618312 kB
VmallocTotal:   34359738367 kB
VmallocUsed:      159276 kB
VmallocChunk:          0 kB
Percpu:           125440 kB
HardwareCorrupted:     0 kB
AnonHugePages:     77824 kB
ShmemHugePages:        0 kB
ShmemPmdMapped:        0 kB
CmaTotal:              0 kB
CmaFree:               0 kB
HugePages_Total:       0
HugePages_Free:        0
HugePages_Rsvd:        0
HugePages_Surp:        0
Hugepagesize:       2048 kB
Hugetlb:               0 kB
DirectMap4k:     1070568 kB
DirectMap2M:     7802880 kB
DirectMap1G:    1180696576 kB
