2024年 06月 30日 星期日 16:46:22 CST
pgmigrate_success 977476
pgmigrate_fail 179
pgmigrate_dst_node_full_fail 5239766
pgmigrate_numa_isolate_fail 494
pgmigrate_nomem_fail 7
pgmigrate_refcount_fail 932
thp_fault_alloc 23392
thp_fault_fallback 0
thp_collapse_alloc 92
thp_collapse_alloc_failed 21
thp_file_alloc 0
thp_file_mapped 0
thp_split_page 0
thp_split_page_failed 0
thp_deferred_split_page 23388
thp_split_pmd 1475
thp_split_pud 0
thp_zero_page_alloc 0
thp_zero_page_alloc_failed 0
thp_swpout 0
thp_swpout_fallback 0
MemTotal:       1123314988 kB
MemFree:        1092680932 kB
MemAvailable:   1090336068 kB
Buffers:            6204 kB
Cached:           320012 kB
SwapCached:       104124 kB
Active:           400464 kB
Inactive:         406952 kB
Active(anon):     368736 kB
Inactive(anon):   118108 kB
Active(file):      31728 kB
Inactive(file):   288844 kB
Unevictable:           0 kB
Mlocked:               0 kB
SwapTotal:       2097148 kB
SwapFree:        1757948 kB
Dirty:              3792 kB
Writeback:             0 kB
AnonPages:        465848 kB
Mapped:           316420 kB
Shmem:              5416 kB
KReclaimable:     268296 kB
Slab:             725232 kB
SReclaimable:     268296 kB
SUnreclaim:       456936 kB
KernelStack:       34160 kB
PageTables:        29504 kB
NFS_Unstable:          0 kB
Bounce:                0 kB
WritebackTmp:          0 kB
CommitLimit:    563754640 kB
Committed_AS:    7030204 kB
VmallocTotal:   34359738367 kB
VmallocUsed:      161660 kB
VmallocChunk:          0 kB
Percpu:           122752 kB
HardwareCorrupted:     0 kB
AnonHugePages:     45056 kB
ShmemHugePages:        0 kB
ShmemPmdMapped:        0 kB
CmaTotal:              0 kB
CmaFree:               0 kB
HugePages_Total:       0
HugePages_Free:        0
HugePages_Rsvd:        0
HugePages_Surp:        0
Hugepagesize:       2048 kB
Hugetlb:               0 kB
DirectMap4k:     1140196 kB
DirectMap2M:     6684672 kB
DirectMap1G:    1181745152 kB
2024年 06月 30日 星期日 16:46:48 CST
pgmigrate_success 977540
pgmigrate_fail 179
pgmigrate_dst_node_full_fail 5239766
pgmigrate_numa_isolate_fail 494
pgmigrate_nomem_fail 7
pgmigrate_refcount_fail 932
thp_fault_alloc 28668
thp_fault_fallback 0
thp_collapse_alloc 93
thp_collapse_alloc_failed 21
thp_file_alloc 0
thp_file_mapped 0
thp_split_page 0
thp_split_page_failed 0
thp_deferred_split_page 28664
thp_split_pmd 1504
thp_split_pud 0
thp_zero_page_alloc 0
thp_zero_page_alloc_failed 0
thp_swpout 0
thp_swpout_fallback 0
MemTotal:       1123314988 kB
MemFree:        1092644744 kB
MemAvailable:   1090322164 kB
Buffers:           15616 kB
Cached:           356072 kB
SwapCached:       104132 kB
Active:           415900 kB
Inactive:         438372 kB
Active(anon):     369928 kB
Inactive(anon):   118144 kB
Active(file):      45972 kB
Inactive(file):   320228 kB
Unevictable:           0 kB
Mlocked:               0 kB
SwapTotal:       2097148 kB
SwapFree:        1757948 kB
Dirty:               408 kB
Writeback:             0 kB
AnonPages:        466016 kB
Mapped:           317044 kB
Shmem:              5416 kB
KReclaimable:     267240 kB
Slab:             722676 kB
SReclaimable:     267240 kB
SUnreclaim:       455436 kB
KernelStack:       34400 kB
PageTables:        29872 kB
NFS_Unstable:          0 kB
Bounce:                0 kB
WritebackTmp:          0 kB
CommitLimit:    563754640 kB
Committed_AS:    6754548 kB
VmallocTotal:   34359738367 kB
VmallocUsed:      161692 kB
VmallocChunk:          0 kB
Percpu:           122752 kB
HardwareCorrupted:     0 kB
AnonHugePages:    249856 kB
ShmemHugePages:        0 kB
ShmemPmdMapped:        0 kB
CmaTotal:              0 kB
CmaFree:               0 kB
HugePages_Total:       0
HugePages_Free:        0
HugePages_Rsvd:        0
HugePages_Surp:        0
Hugepagesize:       2048 kB
Hugetlb:               0 kB
DirectMap4k:     1140196 kB
DirectMap2M:     6684672 kB
DirectMap1G:    1181745152 kB
