2024年 05月 21日 星期二 21:38:56 CST
pgmigrate_success 665393
pgmigrate_fail 23751267
pgmigrate_dst_node_full_fail 32084720
pgmigrate_numa_isolate_fail 135
pgmigrate_nomem_fail 5
pgmigrate_refcount_fail 1224
thp_fault_alloc 17124
thp_fault_fallback 0
thp_collapse_alloc 51
thp_collapse_alloc_failed 41
thp_file_alloc 0
thp_file_mapped 0
thp_split_page 0
thp_split_page_failed 0
thp_deferred_split_page 18394
thp_split_pmd 462
thp_split_pud 0
thp_zero_page_alloc 0
thp_zero_page_alloc_failed 0
thp_swpout 0
thp_swpout_fallback 0
MemTotal:       1077550484 kB
MemFree:        1046736824 kB
MemAvailable:   1044558688 kB
Buffers:            7868 kB
Cached:           114704 kB
SwapCached:        49256 kB
Active:           252416 kB
Inactive:         223568 kB
Active(anon):     222816 kB
Inactive(anon):   136472 kB
Active(file):      29600 kB
Inactive(file):    87096 kB
Unevictable:           0 kB
Mlocked:               0 kB
SwapTotal:       2097148 kB
SwapFree:        1695740 kB
Dirty:              1444 kB
Writeback:             0 kB
AnonPages:        346412 kB
Mapped:           111116 kB
Shmem:              4556 kB
KReclaimable:     265240 kB
Slab:             726096 kB
SReclaimable:     265240 kB
SUnreclaim:       460856 kB
KernelStack:       33636 kB
PageTables:        28720 kB
NFS_Unstable:          0 kB
Bounce:                0 kB
WritebackTmp:          0 kB
CommitLimit:    540872388 kB
Committed_AS:    6483488 kB
VmallocTotal:   34359738367 kB
VmallocUsed:      105012 kB
VmallocChunk:          0 kB
Percpu:           123648 kB
HardwareCorrupted:     0 kB
AnonHugePages:     12288 kB
ShmemHugePages:        0 kB
ShmemPmdMapped:        0 kB
CmaTotal:              0 kB
CmaFree:               0 kB
HugePages_Total:       0
HugePages_Free:        0
HugePages_Rsvd:        0
HugePages_Surp:        0
Hugepagesize:       2048 kB
Hugetlb:               0 kB
DirectMap4k:     1201640 kB
DirectMap2M:     7671808 kB
DirectMap1G:    1180696576 kB
2024年 05月 21日 星期二 21:40:25 CST
pgmigrate_success 716736
pgmigrate_fail 27694692
pgmigrate_dst_node_full_fail 36026608
pgmigrate_numa_isolate_fail 135
pgmigrate_nomem_fail 5
pgmigrate_refcount_fail 1224
thp_fault_alloc 22550
thp_fault_fallback 0
thp_collapse_alloc 51
thp_collapse_alloc_failed 44
thp_file_alloc 0
thp_file_mapped 0
thp_split_page 0
thp_split_page_failed 0
thp_deferred_split_page 24022
thp_split_pmd 483
thp_split_pud 0
thp_zero_page_alloc 0
thp_zero_page_alloc_failed 0
thp_swpout 0
thp_swpout_fallback 0
MemTotal:       1077550484 kB
MemFree:        1046558356 kB
MemAvailable:   1044443980 kB
Buffers:           56464 kB
Cached:           162568 kB
SwapCached:        49288 kB
Active:           311008 kB
Inactive:         263300 kB
Active(anon):     223848 kB
Inactive(anon):   136536 kB
Active(file):      87160 kB
Inactive(file):   126764 kB
Unevictable:           0 kB
Mlocked:               0 kB
SwapTotal:       2097148 kB
SwapFree:        1695740 kB
Dirty:                52 kB
Writeback:             0 kB
AnonPages:        347920 kB
Mapped:           110592 kB
Shmem:              4556 kB
KReclaimable:     295528 kB
Slab:             754744 kB
SReclaimable:     295528 kB
SUnreclaim:       459216 kB
KernelStack:       34480 kB
PageTables:        28868 kB
NFS_Unstable:          0 kB
Bounce:                0 kB
WritebackTmp:          0 kB
CommitLimit:    540872388 kB
Committed_AS:    6266040 kB
VmallocTotal:   34359738367 kB
VmallocUsed:      104980 kB
VmallocChunk:          0 kB
Percpu:           123648 kB
HardwareCorrupted:     0 kB
AnonHugePages:    161792 kB
ShmemHugePages:        0 kB
ShmemPmdMapped:        0 kB
CmaTotal:              0 kB
CmaFree:               0 kB
HugePages_Total:       0
HugePages_Free:        0
HugePages_Rsvd:        0
HugePages_Surp:        0
Hugepagesize:       2048 kB
Hugetlb:               0 kB
DirectMap4k:     1201640 kB
DirectMap2M:     7671808 kB
DirectMap1G:    1180696576 kB
