2024年 05月 16日 星期四 14:34:04 CST
pgmigrate_success 2047980
pgmigrate_fail 27665417
pgmigrate_dst_node_full_fail 27615232
pgmigrate_numa_isolate_fail 35
pgmigrate_nomem_fail 0
pgmigrate_refcount_fail 15
thp_fault_alloc 121204
thp_fault_fallback 0
thp_collapse_alloc 61
thp_collapse_alloc_failed 0
thp_file_alloc 0
thp_file_mapped 0
thp_split_page 0
thp_split_page_failed 0
thp_deferred_split_page 125050
thp_split_pmd 7
thp_split_pud 0
thp_zero_page_alloc 9
thp_zero_page_alloc_failed 0
thp_swpout 0
thp_swpout_fallback 0
MemTotal:       1093385604 kB
MemFree:        1062522032 kB
MemAvailable:   1060381228 kB
Buffers:            7116 kB
Cached:           407440 kB
SwapCached:            8 kB
Active:           497356 kB
Inactive:         522040 kB
Active(anon):     363640 kB
Inactive(anon):   248168 kB
Active(file):     133716 kB
Inactive(file):   273872 kB
Unevictable:           0 kB
Mlocked:               0 kB
SwapTotal:       2097148 kB
SwapFree:        2095612 kB
Dirty:               336 kB
Writeback:             0 kB
AnonPages:        606056 kB
Mapped:           403820 kB
Shmem:              5760 kB
KReclaimable:     235872 kB
Slab:             603436 kB
SReclaimable:     235872 kB
SUnreclaim:       367564 kB
KernelStack:       33284 kB
PageTables:        28172 kB
NFS_Unstable:          0 kB
Bounce:                0 kB
WritebackTmp:          0 kB
CommitLimit:    548789948 kB
Committed_AS:    6589040 kB
VmallocTotal:   34359738367 kB
VmallocUsed:      158524 kB
VmallocChunk:          0 kB
Percpu:           124544 kB
HardwareCorrupted:     0 kB
AnonHugePages:     18432 kB
ShmemHugePages:        0 kB
ShmemPmdMapped:        0 kB
CmaTotal:              0 kB
CmaFree:               0 kB
HugePages_Total:       0
HugePages_Free:        0
HugePages_Rsvd:        0
HugePages_Surp:        0
Hugepagesize:       2048 kB
Hugetlb:               0 kB
DirectMap4k:      992744 kB
DirectMap2M:     7880704 kB
DirectMap1G:    1180696576 kB
2024年 05月 16日 星期四 14:44:06 CST
pgmigrate_success 10038120
pgmigrate_fail 89939977
pgmigrate_dst_node_full_fail 89858560
pgmigrate_numa_isolate_fail 35
pgmigrate_nomem_fail 0
pgmigrate_refcount_fail 10255
thp_fault_alloc 153857
thp_fault_fallback 0
thp_collapse_alloc 76
thp_collapse_alloc_failed 0
thp_file_alloc 0
thp_file_mapped 0
thp_split_page 0
thp_split_page_failed 0
thp_deferred_split_page 189017
thp_split_pmd 7
thp_split_pud 0
thp_zero_page_alloc 9
thp_zero_page_alloc_failed 0
thp_swpout 0
thp_swpout_fallback 0
MemTotal:       1093385604 kB
MemFree:        1062214640 kB
MemAvailable:   1060075876 kB
Buffers:           10468 kB
Cached:           408644 kB
SwapCached:           12 kB
Active:           500892 kB
Inactive:         523212 kB
Active(anon):     362540 kB
Inactive(anon):   248304 kB
Active(file):     138352 kB
Inactive(file):   274908 kB
Unevictable:           0 kB
Mlocked:               0 kB
SwapTotal:       2097148 kB
SwapFree:        2095356 kB
Dirty:                 0 kB
Writeback:             0 kB
AnonPages:        605848 kB
Mapped:           403620 kB
Shmem:              5760 kB
KReclaimable:     234280 kB
Slab:             602300 kB
SReclaimable:     234280 kB
SUnreclaim:       368020 kB
KernelStack:       33504 kB
PageTables:        27916 kB
NFS_Unstable:          0 kB
Bounce:                0 kB
WritebackTmp:          0 kB
CommitLimit:    548789948 kB
Committed_AS:    6526268 kB
VmallocTotal:   34359738367 kB
VmallocUsed:      158396 kB
VmallocChunk:          0 kB
Percpu:           124544 kB
HardwareCorrupted:     0 kB
AnonHugePages:         0 kB
ShmemHugePages:        0 kB
ShmemPmdMapped:        0 kB
CmaTotal:              0 kB
CmaFree:               0 kB
HugePages_Total:       0
HugePages_Free:        0
HugePages_Rsvd:        0
HugePages_Surp:        0
Hugepagesize:       2048 kB
Hugetlb:               0 kB
DirectMap4k:      992744 kB
DirectMap2M:     7880704 kB
DirectMap1G:    1180696576 kB
