[    0.000000] Linux version 5.15.0-tiering-0.8 (xmu@xmu-PowerEdge-R750) (gcc (Ubuntu 8.4.0-1ubuntu1~18.04) 8.4.0, GNU ld (GNU Binutils for Ubuntu) 2.30) #1 SMP Thu Apr 18 19:37:58 CST 2024
[    0.000000] Command line: BOOT_IMAGE=/boot/vmlinuz-5.15.0-tiering-0.8 root=UUID=ce0c24b8-724b-4f33-9b2c-618433560aef ro memmap=45400M!4096M memmap=59G!64G quiet splash nomodeset vt.handoff=1
[    0.000000] KERNEL supported cpus:
[    0.000000]   Intel GenuineIntel
[    0.000000]   AMD AuthenticAMD
[    0.000000]   Hygon HygonGenuine
[    0.000000]   Centaur CentaurHauls
[    0.000000]   zhaoxin   Shanghai  
[    0.000000] x86/split lock detection: #AC: crashing the kernel on kernel split_locks and warning on user-space split_locks
[    0.000000] x86/fpu: Supporting XSAVE feature 0x001: 'x87 floating point registers'
[    0.000000] x86/fpu: Supporting XSAVE feature 0x002: 'SSE registers'
[    0.000000] x86/fpu: Supporting XSAVE feature 0x004: 'AVX registers'
[    0.000000] x86/fpu: Supporting XSAVE feature 0x020: 'AVX-512 opmask'
[    0.000000] x86/fpu: Supporting XSAVE feature 0x040: 'AVX-512 Hi256'
[    0.000000] x86/fpu: Supporting XSAVE feature 0x080: 'AVX-512 ZMM_Hi256'
[    0.000000] x86/fpu: Supporting XSAVE feature 0x200: 'Protection Keys User registers'
[    0.000000] x86/fpu: xstate_offset[2]:  576, xstate_sizes[2]:  256
[    0.000000] x86/fpu: xstate_offset[5]:  832, xstate_sizes[5]:   64
[    0.000000] x86/fpu: xstate_offset[6]:  896, xstate_sizes[6]:  512
[    0.000000] x86/fpu: xstate_offset[7]: 1408, xstate_sizes[7]: 1024
[    0.000000] x86/fpu: xstate_offset[9]: 2432, xstate_sizes[9]:    8
[    0.000000] x86/fpu: Enabled xstate features 0x2e7, context size is 2440 bytes, using 'compacted' format.
[    0.000000] signal: max sigframe size: 3632
[    0.000000] BIOS-provided physical RAM map:
[    0.000000] BIOS-e820: [mem 0x0000000000000000-0x000000000008efff] usable
[    0.000000] BIOS-e820: [mem 0x000000000008f000-0x000000000008ffff] reserved
[    0.000000] BIOS-e820: [mem 0x0000000000090000-0x000000000009ffff] usable
[    0.000000] BIOS-e820: [mem 0x00000000000a0000-0x00000000000fffff] reserved
[    0.000000] BIOS-e820: [mem 0x0000000000100000-0x0000000049e76fff] usable
[    0.000000] BIOS-e820: [mem 0x0000000049e77000-0x000000004ae76fff] ACPI NVS
[    0.000000] BIOS-e820: [mem 0x000000004ae77000-0x000000004b2cefff] usable
[    0.000000] BIOS-e820: [mem 0x000000004b2cf000-0x000000004b54dfff] ACPI data
[    0.000000] BIOS-e820: [mem 0x000000004b54e000-0x000000004bd93fff] usable
[    0.000000] BIOS-e820: [mem 0x000000004bd94000-0x000000004be99fff] reserved
[    0.000000] BIOS-e820: [mem 0x000000004be9a000-0x000000004cdfffff] usable
[    0.000000] BIOS-e820: [mem 0x000000004ce00000-0x000000004cffffff] reserved
[    0.000000] BIOS-e820: [mem 0x000000004d000000-0x000000005eefdfff] usable
[    0.000000] BIOS-e820: [mem 0x000000005eefe000-0x000000006e3fefff] reserved
[    0.000000] BIOS-e820: [mem 0x000000006e3ff000-0x000000006f3fefff] ACPI NVS
[    0.000000] BIOS-e820: [mem 0x000000006f3ff000-0x000000006f7fefff] ACPI data
[    0.000000] BIOS-e820: [mem 0x000000006f7ff000-0x000000006f7fffff] usable
[    0.000000] BIOS-e820: [mem 0x000000006f800000-0x000000008fffffff] reserved
[    0.000000] BIOS-e820: [mem 0x00000000fe000000-0x00000000fe010fff] reserved
[    0.000000] BIOS-e820: [mem 0x0000000100000000-0x000000207fffffff] usable
[    0.000000] BIOS-e820: [mem 0x0000002080000000-0x0000011c7fffffff] persistent (type 7)
[    0.000000] BIOS-e820: [mem 0x00001ffc00000000-0x00001fffffffffff] reserved
[    0.000000] NX (Execute Disable) protection: active
[    0.000000] e820: update [mem 0x46d5d020-0x46d6505f] usable ==> usable
[    0.000000] e820: update [mem 0x46d5d020-0x46d6505f] usable ==> usable
[    0.000000] e820: update [mem 0x46d2a020-0x46d5cc5f] usable ==> usable
[    0.000000] e820: update [mem 0x46d2a020-0x46d5cc5f] usable ==> usable
[    0.000000] e820: update [mem 0x46cf7020-0x46d29c5f] usable ==> usable
[    0.000000] e820: update [mem 0x46cf7020-0x46d29c5f] usable ==> usable
[    0.000000] e820: update [mem 0x46cc5020-0x46cf6a5f] usable ==> usable
[    0.000000] e820: update [mem 0x46cc5020-0x46cf6a5f] usable ==> usable
[    0.000000] extended physical RAM map:
[    0.000000] reserve setup_data: [mem 0x0000000000000000-0x000000000008efff] usable
[    0.000000] reserve setup_data: [mem 0x000000000008f000-0x000000000008ffff] reserved
[    0.000000] reserve setup_data: [mem 0x0000000000090000-0x000000000009ffff] usable
[    0.000000] reserve setup_data: [mem 0x00000000000a0000-0x00000000000fffff] reserved
[    0.000000] reserve setup_data: [mem 0x0000000000100000-0x0000000046cc501f] usable
[    0.000000] reserve setup_data: [mem 0x0000000046cc5020-0x0000000046cf6a5f] usable
[    0.000000] reserve setup_data: [mem 0x0000000046cf6a60-0x0000000046cf701f] usable
[    0.000000] reserve setup_data: [mem 0x0000000046cf7020-0x0000000046d29c5f] usable
[    0.000000] reserve setup_data: [mem 0x0000000046d29c60-0x0000000046d2a01f] usable
[    0.000000] reserve setup_data: [mem 0x0000000046d2a020-0x0000000046d5cc5f] usable
[    0.000000] reserve setup_data: [mem 0x0000000046d5cc60-0x0000000046d5d01f] usable
[    0.000000] reserve setup_data: [mem 0x0000000046d5d020-0x0000000046d6505f] usable
[    0.000000] reserve setup_data: [mem 0x0000000046d65060-0x0000000049e76fff] usable
[    0.000000] reserve setup_data: [mem 0x0000000049e77000-0x000000004ae76fff] ACPI NVS
[    0.000000] reserve setup_data: [mem 0x000000004ae77000-0x000000004b2cefff] usable
[    0.000000] reserve setup_data: [mem 0x000000004b2cf000-0x000000004b54dfff] ACPI data
[    0.000000] reserve setup_data: [mem 0x000000004b54e000-0x000000004bd93fff] usable
[    0.000000] reserve setup_data: [mem 0x000000004bd94000-0x000000004be99fff] reserved
[    0.000000] reserve setup_data: [mem 0x000000004be9a000-0x000000004cdfffff] usable
[    0.000000] reserve setup_data: [mem 0x000000004ce00000-0x000000004cffffff] reserved
[    0.000000] reserve setup_data: [mem 0x000000004d000000-0x000000005eefdfff] usable
[    0.000000] reserve setup_data: [mem 0x000000005eefe000-0x000000006e3fefff] reserved
[    0.000000] reserve setup_data: [mem 0x000000006e3ff000-0x000000006f3fefff] ACPI NVS
[    0.000000] reserve setup_data: [mem 0x000000006f3ff000-0x000000006f7fefff] ACPI data
[    0.000000] reserve setup_data: [mem 0x000000006f7ff000-0x000000006f7fffff] usable
[    0.000000] reserve setup_data: [mem 0x000000006f800000-0x000000008fffffff] reserved
[    0.000000] reserve setup_data: [mem 0x00000000fe000000-0x00000000fe010fff] reserved
[    0.000000] reserve setup_data: [mem 0x0000000100000000-0x0000000c157fffff] persistent (type 12)
[    0.000000] reserve setup_data: [mem 0x0000000c15800000-0x0000000fffffffff] usable
[    0.000000] reserve setup_data: [mem 0x0000001000000000-0x0000001ebfffffff] persistent (type 12)
[    0.000000] reserve setup_data: [mem 0x0000001ec0000000-0x000000207fffffff] usable
[    0.000000] reserve setup_data: [mem 0x0000002080000000-0x0000011c7fffffff] persistent (type 7)
[    0.000000] reserve setup_data: [mem 0x00001ffc00000000-0x00001fffffffffff] reserved
[    0.000000] user-defined physical RAM map:
[    0.000000] user: [mem 0x0000000000000000-0x000000000008efff] usable
[    0.000000] user: [mem 0x000000000008f000-0x000000000008ffff] reserved
[    0.000000] user: [mem 0x0000000000090000-0x000000000009ffff] usable
[    0.000000] user: [mem 0x00000000000a0000-0x00000000000fffff] reserved
[    0.000000] user: [mem 0x0000000000100000-0x0000000046cc501f] usable
[    0.000000] user: [mem 0x0000000046cc5020-0x0000000046cf6a5f] usable
[    0.000000] user: [mem 0x0000000046cf6a60-0x0000000046cf701f] usable
[    0.000000] user: [mem 0x0000000046cf7020-0x0000000046d29c5f] usable
[    0.000000] user: [mem 0x0000000046d29c60-0x0000000046d2a01f] usable
[    0.000000] user: [mem 0x0000000046d2a020-0x0000000046d5cc5f] usable
[    0.000000] user: [mem 0x0000000046d5cc60-0x0000000046d5d01f] usable
[    0.000000] user: [mem 0x0000000046d5d020-0x0000000046d6505f] usable
[    0.000000] user: [mem 0x0000000046d65060-0x0000000049e76fff] usable
[    0.000000] user: [mem 0x0000000049e77000-0x000000004ae76fff] ACPI NVS
[    0.000000] user: [mem 0x000000004ae77000-0x000000004b2cefff] usable
[    0.000000] user: [mem 0x000000004b2cf000-0x000000004b54dfff] ACPI data
[    0.000000] user: [mem 0x000000004b54e000-0x000000004bd93fff] usable
[    0.000000] user: [mem 0x000000004bd94000-0x000000004be99fff] reserved
[    0.000000] user: [mem 0x000000004be9a000-0x000000004cdfffff] usable
[    0.000000] user: [mem 0x000000004ce00000-0x000000004cffffff] reserved
[    0.000000] user: [mem 0x000000004d000000-0x000000005eefdfff] usable
[    0.000000] user: [mem 0x000000005eefe000-0x000000006e3fefff] reserved
[    0.000000] user: [mem 0x000000006e3ff000-0x000000006f3fefff] ACPI NVS
[    0.000000] user: [mem 0x000000006f3ff000-0x000000006f7fefff] ACPI data
[    0.000000] user: [mem 0x000000006f7ff000-0x000000006f7fffff] usable
[    0.000000] user: [mem 0x000000006f800000-0x000000008fffffff] reserved
[    0.000000] user: [mem 0x00000000fe000000-0x00000000fe010fff] reserved
[    0.000000] user: [mem 0x0000000100000000-0x0000000c157fffff] persistent (type 12)
[    0.000000] user: [mem 0x0000000c15800000-0x0000000fffffffff] usable
[    0.000000] user: [mem 0x0000001000000000-0x0000001ebfffffff] persistent (type 12)
[    0.000000] user: [mem 0x0000001ec0000000-0x000000207fffffff] usable
[    0.000000] user: [mem 0x0000002080000000-0x0000011c7fffffff] persistent (type 7)
[    0.000000] user: [mem 0x00001ffc00000000-0x00001fffffffffff] reserved
[    0.000000] efi: EFI v2.70 by Dell Inc.
[    0.000000] efi: ACPI=0x6f7fe000 ACPI 2.0=0x6f7fe014 MEMATTR=0x5b071020 SMBIOS=0x69526000 SMBIOS 3.0=0x69524000 MOKvar=0x5ef81000 RNG=0x5ef8a920 
[    0.000000] efi: seeding entropy pool
[    0.000000] random: fast init done
[    0.000000] SMBIOS 3.3.0 present.
[    0.000000] DMI: Dell Inc. PowerEdge R750/0K8F35, BIOS 1.10.2 03/03/2023
[    0.000000] tsc: Detected 2000.000 MHz processor
[    0.000006] e820: update [mem 0x00000000-0x00000fff] usable ==> reserved
[    0.000009] e820: remove [mem 0x000a0000-0x000fffff] usable
[    0.000017] last_pfn = 0x2080000 max_arch_pfn = 0x400000000
[    0.000192] x86/PAT: Configuration [0-7]: WB  WC  UC- UC  WB  WP  UC- WT  
[    0.002804] total RAM covered: 2095088M
[    0.002887]  gran_size: 64K 	chunk_size: 64K 	num_reg: 10  	lose cover RAM: 2016G
[    0.002889]  gran_size: 64K 	chunk_size: 128K 	num_reg: 10  	lose cover RAM: 2016G
[    0.002891]  gran_size: 64K 	chunk_size: 256K 	num_reg: 10  	lose cover RAM: 2016G
[    0.002892]  gran_size: 64K 	chunk_size: 512K 	num_reg: 10  	lose cover RAM: 2016G
[    0.002893]  gran_size: 64K 	chunk_size: 1M 	num_reg: 10  	lose cover RAM: 2016G
[    0.002895]  gran_size: 64K 	chunk_size: 2M 	num_reg: 10  	lose cover RAM: 2016G
[    0.002896]  gran_size: 64K 	chunk_size: 4M 	num_reg: 10  	lose cover RAM: 2016G
[    0.002898]  gran_size: 64K 	chunk_size: 8M 	num_reg: 10  	lose cover RAM: 2016G
[    0.002899]  gran_size: 64K 	chunk_size: 16M 	num_reg: 10  	lose cover RAM: 2016G
[    0.002900]  gran_size: 64K 	chunk_size: 32M 	num_reg: 10  	lose cover RAM: 1024G
[    0.002901]  gran_size: 64K 	chunk_size: 64M 	num_reg: 10  	lose cover RAM: 1024G
[    0.002902]  gran_size: 64K 	chunk_size: 128M 	num_reg: 10  	lose cover RAM: 1024G
[    0.002904]  gran_size: 64K 	chunk_size: 256M 	num_reg: 10  	lose cover RAM: 1024G
[    0.002905]  gran_size: 64K 	chunk_size: 512M 	num_reg: 10  	lose cover RAM: 1024G
[    0.002906]  gran_size: 64K 	chunk_size: 1G 	num_reg: 10  	lose cover RAM: 1024G
[    0.002907]  gran_size: 64K 	chunk_size: 2G 	num_reg: 10  	lose cover RAM: 1024G
[    0.002909]  gran_size: 128K 	chunk_size: 128K 	num_reg: 10  	lose cover RAM: 2016G
[    0.002910]  gran_size: 128K 	chunk_size: 256K 	num_reg: 10  	lose cover RAM: 2016G
[    0.002911]  gran_size: 128K 	chunk_size: 512K 	num_reg: 10  	lose cover RAM: 2016G
[    0.002913]  gran_size: 128K 	chunk_size: 1M 	num_reg: 10  	lose cover RAM: 2016G
[    0.002914]  gran_size: 128K 	chunk_size: 2M 	num_reg: 10  	lose cover RAM: 2016G
[    0.002915]  gran_size: 128K 	chunk_size: 4M 	num_reg: 10  	lose cover RAM: 2016G
[    0.002917]  gran_size: 128K 	chunk_size: 8M 	num_reg: 10  	lose cover RAM: 2016G
[    0.002918]  gran_size: 128K 	chunk_size: 16M 	num_reg: 10  	lose cover RAM: 2016G
[    0.002919]  gran_size: 128K 	chunk_size: 32M 	num_reg: 10  	lose cover RAM: 1024G
[    0.002920]  gran_size: 128K 	chunk_size: 64M 	num_reg: 10  	lose cover RAM: 1024G
[    0.002922]  gran_size: 128K 	chunk_size: 128M 	num_reg: 10  	lose cover RAM: 1024G
[    0.002923]  gran_size: 128K 	chunk_size: 256M 	num_reg: 10  	lose cover RAM: 1024G
[    0.002924]  gran_size: 128K 	chunk_size: 512M 	num_reg: 10  	lose cover RAM: 1024G
[    0.002926]  gran_size: 128K 	chunk_size: 1G 	num_reg: 10  	lose cover RAM: 1024G
[    0.002927]  gran_size: 128K 	chunk_size: 2G 	num_reg: 10  	lose cover RAM: 1024G
[    0.002929]  gran_size: 256K 	chunk_size: 256K 	num_reg: 10  	lose cover RAM: 2016G
[    0.002930]  gran_size: 256K 	chunk_size: 512K 	num_reg: 10  	lose cover RAM: 2016G
[    0.002931]  gran_size: 256K 	chunk_size: 1M 	num_reg: 10  	lose cover RAM: 2016G
[    0.002933]  gran_size: 256K 	chunk_size: 2M 	num_reg: 10  	lose cover RAM: 2016G
[    0.002934]  gran_size: 256K 	chunk_size: 4M 	num_reg: 10  	lose cover RAM: 2016G
[    0.002935]  gran_size: 256K 	chunk_size: 8M 	num_reg: 10  	lose cover RAM: 2016G
[    0.002936]  gran_size: 256K 	chunk_size: 16M 	num_reg: 10  	lose cover RAM: 2016G
[    0.002937]  gran_size: 256K 	chunk_size: 32M 	num_reg: 10  	lose cover RAM: 1024G
[    0.002939]  gran_size: 256K 	chunk_size: 64M 	num_reg: 10  	lose cover RAM: 1024G
[    0.002940]  gran_size: 256K 	chunk_size: 128M 	num_reg: 10  	lose cover RAM: 1024G
[    0.002941]  gran_size: 256K 	chunk_size: 256M 	num_reg: 10  	lose cover RAM: 1024G
[    0.002943]  gran_size: 256K 	chunk_size: 512M 	num_reg: 10  	lose cover RAM: 1024G
[    0.002944]  gran_size: 256K 	chunk_size: 1G 	num_reg: 10  	lose cover RAM: 1024G
[    0.002945]  gran_size: 256K 	chunk_size: 2G 	num_reg: 10  	lose cover RAM: 1024G
[    0.002947]  gran_size: 512K 	chunk_size: 512K 	num_reg: 10  	lose cover RAM: 2016G
[    0.002948]  gran_size: 512K 	chunk_size: 1M 	num_reg: 10  	lose cover RAM: 2016G
[    0.002949]  gran_size: 512K 	chunk_size: 2M 	num_reg: 10  	lose cover RAM: 2016G
[    0.002951]  gran_size: 512K 	chunk_size: 4M 	num_reg: 10  	lose cover RAM: 2016G
[    0.002953]  gran_size: 512K 	chunk_size: 8M 	num_reg: 10  	lose cover RAM: 2016G
[    0.002954]  gran_size: 512K 	chunk_size: 16M 	num_reg: 10  	lose cover RAM: 2016G
[    0.002955]  gran_size: 512K 	chunk_size: 32M 	num_reg: 10  	lose cover RAM: 1024G
[    0.002957]  gran_size: 512K 	chunk_size: 64M 	num_reg: 10  	lose cover RAM: 1024G
[    0.002958]  gran_size: 512K 	chunk_size: 128M 	num_reg: 10  	lose cover RAM: 1024G
[    0.002959]  gran_size: 512K 	chunk_size: 256M 	num_reg: 10  	lose cover RAM: 1024G
[    0.002960]  gran_size: 512K 	chunk_size: 512M 	num_reg: 10  	lose cover RAM: 1024G
[    0.002961]  gran_size: 512K 	chunk_size: 1G 	num_reg: 10  	lose cover RAM: 1024G
[    0.002963]  gran_size: 512K 	chunk_size: 2G 	num_reg: 10  	lose cover RAM: 1024G
[    0.002964]  gran_size: 1M 	chunk_size: 1M 	num_reg: 10  	lose cover RAM: 2016G
[    0.002965]  gran_size: 1M 	chunk_size: 2M 	num_reg: 10  	lose cover RAM: 2016G
[    0.002967]  gran_size: 1M 	chunk_size: 4M 	num_reg: 10  	lose cover RAM: 2016G
[    0.002968]  gran_size: 1M 	chunk_size: 8M 	num_reg: 10  	lose cover RAM: 2016G
[    0.002969]  gran_size: 1M 	chunk_size: 16M 	num_reg: 10  	lose cover RAM: 2016G
[    0.002970]  gran_size: 1M 	chunk_size: 32M 	num_reg: 10  	lose cover RAM: 1024G
[    0.002972]  gran_size: 1M 	chunk_size: 64M 	num_reg: 10  	lose cover RAM: 1024G
[    0.002973]  gran_size: 1M 	chunk_size: 128M 	num_reg: 10  	lose cover RAM: 1024G
[    0.002974]  gran_size: 1M 	chunk_size: 256M 	num_reg: 10  	lose cover RAM: 1024G
[    0.002975]  gran_size: 1M 	chunk_size: 512M 	num_reg: 10  	lose cover RAM: 1024G
[    0.002977]  gran_size: 1M 	chunk_size: 1G 	num_reg: 10  	lose cover RAM: 1024G
[    0.002978]  gran_size: 1M 	chunk_size: 2G 	num_reg: 10  	lose cover RAM: 1024G
[    0.002979]  gran_size: 2M 	chunk_size: 2M 	num_reg: 10  	lose cover RAM: 2016G
[    0.002980]  gran_size: 2M 	chunk_size: 4M 	num_reg: 10  	lose cover RAM: 2016G
[    0.002982]  gran_size: 2M 	chunk_size: 8M 	num_reg: 10  	lose cover RAM: 2016G
[    0.002983]  gran_size: 2M 	chunk_size: 16M 	num_reg: 10  	lose cover RAM: 2016G
[    0.002984]  gran_size: 2M 	chunk_size: 32M 	num_reg: 10  	lose cover RAM: 1024G
[    0.002986]  gran_size: 2M 	chunk_size: 64M 	num_reg: 10  	lose cover RAM: 1024G
[    0.002987]  gran_size: 2M 	chunk_size: 128M 	num_reg: 10  	lose cover RAM: 1024G
[    0.002988]  gran_size: 2M 	chunk_size: 256M 	num_reg: 10  	lose cover RAM: 1024G
[    0.002990]  gran_size: 2M 	chunk_size: 512M 	num_reg: 10  	lose cover RAM: 1024G
[    0.002991]  gran_size: 2M 	chunk_size: 1G 	num_reg: 10  	lose cover RAM: 1024G
[    0.002992]  gran_size: 2M 	chunk_size: 2G 	num_reg: 10  	lose cover RAM: 1024G
[    0.002994]  gran_size: 4M 	chunk_size: 4M 	num_reg: 10  	lose cover RAM: 2016G
[    0.002995]  gran_size: 4M 	chunk_size: 8M 	num_reg: 10  	lose cover RAM: 2016G
[    0.002996]  gran_size: 4M 	chunk_size: 16M 	num_reg: 10  	lose cover RAM: 2016G
[    0.002998]  gran_size: 4M 	chunk_size: 32M 	num_reg: 10  	lose cover RAM: 1024G
[    0.002999]  gran_size: 4M 	chunk_size: 64M 	num_reg: 10  	lose cover RAM: 1024G
[    0.003000]  gran_size: 4M 	chunk_size: 128M 	num_reg: 10  	lose cover RAM: 1024G
[    0.003001]  gran_size: 4M 	chunk_size: 256M 	num_reg: 10  	lose cover RAM: 1024G
[    0.003003]  gran_size: 4M 	chunk_size: 512M 	num_reg: 10  	lose cover RAM: 1024G
[    0.003004]  gran_size: 4M 	chunk_size: 1G 	num_reg: 10  	lose cover RAM: 1024G
[    0.003005]  gran_size: 4M 	chunk_size: 2G 	num_reg: 10  	lose cover RAM: 1024G
[    0.003006]  gran_size: 8M 	chunk_size: 8M 	num_reg: 10  	lose cover RAM: 2016G
[    0.003008]  gran_size: 8M 	chunk_size: 16M 	num_reg: 10  	lose cover RAM: 2016G
[    0.003009]  gran_size: 8M 	chunk_size: 32M 	num_reg: 10  	lose cover RAM: 1024G
[    0.003010]  gran_size: 8M 	chunk_size: 64M 	num_reg: 10  	lose cover RAM: 1024G
[    0.003011]  gran_size: 8M 	chunk_size: 128M 	num_reg: 10  	lose cover RAM: 1024G
[    0.003013]  gran_size: 8M 	chunk_size: 256M 	num_reg: 10  	lose cover RAM: 1024G
[    0.003014]  gran_size: 8M 	chunk_size: 512M 	num_reg: 10  	lose cover RAM: 1024G
[    0.003015]  gran_size: 8M 	chunk_size: 1G 	num_reg: 10  	lose cover RAM: 1024G
[    0.003017]  gran_size: 8M 	chunk_size: 2G 	num_reg: 10  	lose cover RAM: 1024G
[    0.003018]  gran_size: 16M 	chunk_size: 16M 	num_reg: 10  	lose cover RAM: 2016G
[    0.003019]  gran_size: 16M 	chunk_size: 32M 	num_reg: 10  	lose cover RAM: 1024G
[    0.003021]  gran_size: 16M 	chunk_size: 64M 	num_reg: 10  	lose cover RAM: 1024G
[    0.003022]  gran_size: 16M 	chunk_size: 128M 	num_reg: 10  	lose cover RAM: 1024G
[    0.003023]  gran_size: 16M 	chunk_size: 256M 	num_reg: 10  	lose cover RAM: 1024G
[    0.003024]  gran_size: 16M 	chunk_size: 512M 	num_reg: 10  	lose cover RAM: 1024G
[    0.003026]  gran_size: 16M 	chunk_size: 1G 	num_reg: 10  	lose cover RAM: 1024G
[    0.003027]  gran_size: 16M 	chunk_size: 2G 	num_reg: 10  	lose cover RAM: 1024G
[    0.003028]  gran_size: 32M 	chunk_size: 32M 	num_reg: 10  	lose cover RAM: 2031632M
[    0.003030]  gran_size: 32M 	chunk_size: 64M 	num_reg: 10  	lose cover RAM: 1048592M
[    0.003031]  gran_size: 32M 	chunk_size: 128M 	num_reg: 10  	lose cover RAM: 1048592M
[    0.003032]  gran_size: 32M 	chunk_size: 256M 	num_reg: 10  	lose cover RAM: 1048592M
[    0.003034]  gran_size: 32M 	chunk_size: 512M 	num_reg: 10  	lose cover RAM: 1048592M
[    0.003035]  gran_size: 32M 	chunk_size: 1G 	num_reg: 10  	lose cover RAM: 1048592M
[    0.003036]  gran_size: 32M 	chunk_size: 2G 	num_reg: 10  	lose cover RAM: 1048592M
[    0.003037]  gran_size: 64M 	chunk_size: 64M 	num_reg: 10  	lose cover RAM: 1966128M
[    0.003039]  gran_size: 64M 	chunk_size: 128M 	num_reg: 10  	lose cover RAM: 1048624M
[    0.003040]  gran_size: 64M 	chunk_size: 256M 	num_reg: 10  	lose cover RAM: 1048624M
[    0.003041]  gran_size: 64M 	chunk_size: 512M 	num_reg: 10  	lose cover RAM: 1048624M
[    0.003043]  gran_size: 64M 	chunk_size: 1G 	num_reg: 10  	lose cover RAM: 1048624M
[    0.003044]  gran_size: 64M 	chunk_size: 2G 	num_reg: 10  	lose cover RAM: 1048624M
[    0.003045]  gran_size: 128M 	chunk_size: 128M 	num_reg: 10  	lose cover RAM: 1835120M
[    0.003047]  gran_size: 128M 	chunk_size: 256M 	num_reg: 10  	lose cover RAM: 1048688M
[    0.003048]  gran_size: 128M 	chunk_size: 512M 	num_reg: 10  	lose cover RAM: 1048688M
[    0.003049]  gran_size: 128M 	chunk_size: 1G 	num_reg: 10  	lose cover RAM: 1048688M
[    0.003051]  gran_size: 128M 	chunk_size: 2G 	num_reg: 10  	lose cover RAM: 1048688M
[    0.003052]  gran_size: 256M 	chunk_size: 256M 	num_reg: 10  	lose cover RAM: 1573104M
[    0.003053]  gran_size: 256M 	chunk_size: 512M 	num_reg: 10  	lose cover RAM: 1048816M
[    0.003055]  gran_size: 256M 	chunk_size: 1G 	num_reg: 10  	lose cover RAM: 1048816M
[    0.003056]  gran_size: 256M 	chunk_size: 2G 	num_reg: 10  	lose cover RAM: 1048816M
[    0.003057]  gran_size: 512M 	chunk_size: 512M 	num_reg: 10  	lose cover RAM: 1049072M
[    0.003059]  gran_size: 512M 	chunk_size: 1G 	num_reg: 10  	lose cover RAM: 1049072M
[    0.003060]  gran_size: 512M 	chunk_size: 2G 	num_reg: 10  	lose cover RAM: 1049072M
[    0.003061]  gran_size: 1G 	chunk_size: 1G 	num_reg: 10  	lose cover RAM: 1008M
[    0.003062]  gran_size: 1G 	chunk_size: 2G 	num_reg: 10  	lose cover RAM: 1008M
[    0.003064]  gran_size: 2G 	chunk_size: 2G 	num_reg: 9  	lose cover RAM: 2032M
[    0.003065] mtrr_cleanup: can not find optimal value
[    0.003066] please specify mtrr_gran_size/mtrr_chunk_size
[    0.003068] e820: update [mem 0x7f000000-0xffffffff] usable ==> reserved
[    0.003071] x2apic: enabled by BIOS, switching to x2apic ops
[    0.003072] last_pfn = 0x6f800 max_arch_pfn = 0x400000000
[    0.014400] Using GB pages for direct mapping
[    0.015142] Secure boot disabled
[    0.015142] RAMDISK: [mem 0x205cb7c000-0x207fffffff]
[    0.015147] ACPI: Early table checksum verification disabled
[    0.015149] ACPI: RSDP 0x000000006F7FE014 000024 (v02 DELL  )
[    0.015153] ACPI: XSDT 0x000000006F41C188 0000F4 (v01 DELL   PE_SC3   00000000 DELL 01000013)
[    0.015158] ACPI: FACP 0x000000006F430000 000114 (v06 DELL   PE_SC3   00000000 DELL 00000001)
[    0.015164] ACPI: DSDT 0x000000004B4CE000 07FAD3 (v02 DELL   PE_SC3   00000003 DELL 00000001)
[    0.015167] ACPI: FACS 0x000000006F2F2000 000040
[    0.015170] ACPI: SSDT 0x000000006F7FB000 00159A (v02 INTEL  RAS_ACPI 00000001 INTL 20210331)
[    0.015174] ACPI: SSDT 0x000000006F7FA000 000745 (v02 INTEL  ADDRXLAT 00000001 INTL 20210331)
[    0.015177] ACPI: MCEJ 0x000000006F7F9000 000130 (v01 INTEL           00000001 INTL 0100000D)
[    0.015181] ACPI: BERT 0x000000006F7F8000 000030 (v01 DELL   PE_SC3   00000001 INTL 00000001)
[    0.015184] ACPI: ERST 0x000000006F7F7000 000230 (v01 DELL   PE_SC3   00000001 INTL 00000001)
[    0.015187] ACPI: SSDT 0x000000006F431000 3C524E (v02 INTEL  SSDTNVDR 00001000 INTL 20210331)
[    0.015191] ACPI: HMAT 0x000000006F42F000 000210 (v01 DELL   PE_SC3   00000001 DELL 00000001)
[    0.015194] ACPI: HPET 0x000000006F42E000 000038 (v01 DELL   PE_SC3   00000001 DELL 00000001)
[    0.015197] ACPI: MCFG 0x000000006F42D000 00003C (v01 DELL   PE_SC3   00000001 DELL 00000001)
[    0.015200] ACPI: MIGT 0x000000006F42C000 000040 (v01 DELL   PE_SC3   00000000 DELL 00000001)
[    0.015204] ACPI: MSCT 0x000000006F42B000 000090 (v01 DELL   PE_SC3   00000001 DELL 00000001)
[    0.015207] ACPI: PMTT 0x000000006F429000 0011E8 (v02 DELL   PE_SC3   00000001 DELL 00000001)
[    0.015210] ACPI: WSMT 0x000000006F428000 000028 (v01 DELL   PE_SC3   00000000 DELL 00000001)
[    0.015213] ACPI: APIC 0x000000006F427000 00075E (v04 DELL   PE_SC3   00000000 DELL 00000001)
[    0.015216] ACPI: SLIT 0x000000006F426000 00003C (v01 DELL   PE_SC3   00000001 DELL 01000013)
[    0.015220] ACPI: SRAT 0x000000006F41F000 006430 (v03 DELL   PE_SC3   00000002 DELL 01000013)
[    0.015223] ACPI: OEM4 0x000000004B346000 187A61 (v02 INTEL  CPU  CST 00003000 INTL 20210331)
[    0.015226] ACPI: SSDT 0x000000004B2CF000 0764A5 (v02 INTEL  SSDT  PM 00004000 INTL 20210331)
[    0.015230] ACPI: SSDT 0x000000006F41E000 000A1F (v02 DELL   PE_SC3   00000000 DELL 00000001)
[    0.015233] ACPI: HEST 0x000000006F41D000 00017C (v01 DELL   PE_SC3   00000001 INTL 00000001)
[    0.015236] ACPI: PCAT 0x000000006F41B000 00010C (v19 DELL   PE_SC3   00000002 DELL 00000001)
[    0.015239] ACPI: SSDT 0x000000006F413000 007299 (v02 INTEL  SpsNm    00000002 INTL 20210331)
[    0.015243] ACPI: SSDT 0x000000006F412000 000426 (v02 DELL   PE_SC3   00000002 DELL 00000001)
[    0.015246] ACPI: NFIT 0x000000006F7FD000 000488 (v01 DELL   PE_SC3   00000002 DELL 00000001)
[    0.015249] ACPI: DMAR 0x000000006F411000 000158 (v01 DELL   PE_SC3   00000001 DELL 00000001)
[    0.015251] ACPI: Reserving FACP table memory at [mem 0x6f430000-0x6f430113]
[    0.015253] ACPI: Reserving DSDT table memory at [mem 0x4b4ce000-0x4b54dad2]
[    0.015254] ACPI: Reserving FACS table memory at [mem 0x6f2f2000-0x6f2f203f]
[    0.015255] ACPI: Reserving SSDT table memory at [mem 0x6f7fb000-0x6f7fc599]
[    0.015256] ACPI: Reserving SSDT table memory at [mem 0x6f7fa000-0x6f7fa744]
[    0.015257] ACPI: Reserving MCEJ table memory at [mem 0x6f7f9000-0x6f7f912f]
[    0.015258] ACPI: Reserving BERT table memory at [mem 0x6f7f8000-0x6f7f802f]
[    0.015258] ACPI: Reserving ERST table memory at [mem 0x6f7f7000-0x6f7f722f]
[    0.015259] ACPI: Reserving SSDT table memory at [mem 0x6f431000-0x6f7f624d]
[    0.015260] ACPI: Reserving HMAT table memory at [mem 0x6f42f000-0x6f42f20f]
[    0.015261] ACPI: Reserving HPET table memory at [mem 0x6f42e000-0x6f42e037]
[    0.015262] ACPI: Reserving MCFG table memory at [mem 0x6f42d000-0x6f42d03b]
[    0.015263] ACPI: Reserving MIGT table memory at [mem 0x6f42c000-0x6f42c03f]
[    0.015264] ACPI: Reserving MSCT table memory at [mem 0x6f42b000-0x6f42b08f]
[    0.015264] ACPI: Reserving PMTT table memory at [mem 0x6f429000-0x6f42a1e7]
[    0.015265] ACPI: Reserving WSMT table memory at [mem 0x6f428000-0x6f428027]
[    0.015266] ACPI: Reserving APIC table memory at [mem 0x6f427000-0x6f42775d]
[    0.015267] ACPI: Reserving SLIT table memory at [mem 0x6f426000-0x6f42603b]
[    0.015268] ACPI: Reserving SRAT table memory at [mem 0x6f41f000-0x6f42542f]
[    0.015269] ACPI: Reserving OEM4 table memory at [mem 0x4b346000-0x4b4cda60]
[    0.015270] ACPI: Reserving SSDT table memory at [mem 0x4b2cf000-0x4b3454a4]
[    0.015271] ACPI: Reserving SSDT table memory at [mem 0x6f41e000-0x6f41ea1e]
[    0.015272] ACPI: Reserving HEST table memory at [mem 0x6f41d000-0x6f41d17b]
[    0.015273] ACPI: Reserving PCAT table memory at [mem 0x6f41b000-0x6f41b10b]
[    0.015274] ACPI: Reserving SSDT table memory at [mem 0x6f413000-0x6f41a298]
[    0.015274] ACPI: Reserving SSDT table memory at [mem 0x6f412000-0x6f412425]
[    0.015275] ACPI: Reserving NFIT table memory at [mem 0x6f7fd000-0x6f7fd487]
[    0.015276] ACPI: Reserving DMAR table memory at [mem 0x6f411000-0x6f411157]
[    0.015286] Setting APIC routing to cluster x2apic.
[    0.015334] SRAT: PXM 0 -> APIC 0x0000 -> Node 0
[    0.015335] SRAT: PXM 0 -> APIC 0x0001 -> Node 0
[    0.015336] SRAT: PXM 0 -> APIC 0x0002 -> Node 0
[    0.015337] SRAT: PXM 0 -> APIC 0x0003 -> Node 0
[    0.015337] SRAT: PXM 0 -> APIC 0x0004 -> Node 0
[    0.015338] SRAT: PXM 0 -> APIC 0x0005 -> Node 0
[    0.015339] SRAT: PXM 0 -> APIC 0x0006 -> Node 0
[    0.015339] SRAT: PXM 0 -> APIC 0x0007 -> Node 0
[    0.015340] SRAT: PXM 0 -> APIC 0x0008 -> Node 0
[    0.015341] SRAT: PXM 0 -> APIC 0x0009 -> Node 0
[    0.015341] SRAT: PXM 0 -> APIC 0x000a -> Node 0
[    0.015342] SRAT: PXM 0 -> APIC 0x000b -> Node 0
[    0.015343] SRAT: PXM 0 -> APIC 0x000c -> Node 0
[    0.015344] SRAT: PXM 0 -> APIC 0x000d -> Node 0
[    0.015344] SRAT: PXM 0 -> APIC 0x000e -> Node 0
[    0.015345] SRAT: PXM 0 -> APIC 0x000f -> Node 0
[    0.015346] SRAT: PXM 0 -> APIC 0x0010 -> Node 0
[    0.015347] SRAT: PXM 0 -> APIC 0x0011 -> Node 0
[    0.015347] SRAT: PXM 0 -> APIC 0x0012 -> Node 0
[    0.015348] SRAT: PXM 0 -> APIC 0x0013 -> Node 0
[    0.015349] SRAT: PXM 0 -> APIC 0x0014 -> Node 0
[    0.015349] SRAT: PXM 0 -> APIC 0x0015 -> Node 0
[    0.015350] SRAT: PXM 0 -> APIC 0x0016 -> Node 0
[    0.015351] SRAT: PXM 0 -> APIC 0x0017 -> Node 0
[    0.015351] SRAT: PXM 0 -> APIC 0x0018 -> Node 0
[    0.015352] SRAT: PXM 0 -> APIC 0x0019 -> Node 0
[    0.015352] SRAT: PXM 0 -> APIC 0x001a -> Node 0
[    0.015353] SRAT: PXM 0 -> APIC 0x001b -> Node 0
[    0.015354] SRAT: PXM 0 -> APIC 0x001c -> Node 0
[    0.015354] SRAT: PXM 0 -> APIC 0x001d -> Node 0
[    0.015355] SRAT: PXM 0 -> APIC 0x001e -> Node 0
[    0.015356] SRAT: PXM 0 -> APIC 0x001f -> Node 0
[    0.015356] SRAT: PXM 0 -> APIC 0x0020 -> Node 0
[    0.015357] SRAT: PXM 0 -> APIC 0x0021 -> Node 0
[    0.015358] SRAT: PXM 0 -> APIC 0x0022 -> Node 0
[    0.015358] SRAT: PXM 0 -> APIC 0x0023 -> Node 0
[    0.015359] SRAT: PXM 0 -> APIC 0x0024 -> Node 0
[    0.015360] SRAT: PXM 0 -> APIC 0x0025 -> Node 0
[    0.015360] SRAT: PXM 0 -> APIC 0x0026 -> Node 0
[    0.015361] SRAT: PXM 0 -> APIC 0x0027 -> Node 0
[    0.015361] SRAT: PXM 0 -> APIC 0x0028 -> Node 0
[    0.015362] SRAT: PXM 0 -> APIC 0x0029 -> Node 0
[    0.015363] SRAT: PXM 0 -> APIC 0x002a -> Node 0
[    0.015363] SRAT: PXM 0 -> APIC 0x002b -> Node 0
[    0.015364] SRAT: PXM 0 -> APIC 0x002c -> Node 0
[    0.015365] SRAT: PXM 0 -> APIC 0x002d -> Node 0
[    0.015365] SRAT: PXM 0 -> APIC 0x002e -> Node 0
[    0.015366] SRAT: PXM 0 -> APIC 0x002f -> Node 0
[    0.015366] SRAT: PXM 0 -> APIC 0x0030 -> Node 0
[    0.015367] SRAT: PXM 0 -> APIC 0x0031 -> Node 0
[    0.015368] SRAT: PXM 0 -> APIC 0x0032 -> Node 0
[    0.015368] SRAT: PXM 0 -> APIC 0x0033 -> Node 0
[    0.015369] SRAT: PXM 0 -> APIC 0x0034 -> Node 0
[    0.015370] SRAT: PXM 0 -> APIC 0x0035 -> Node 0
[    0.015370] SRAT: PXM 0 -> APIC 0x0036 -> Node 0
[    0.015371] SRAT: PXM 0 -> APIC 0x0037 -> Node 0
[    0.015372] SRAT: PXM 1 -> APIC 0x0080 -> Node 1
[    0.015373] SRAT: PXM 1 -> APIC 0x0081 -> Node 1
[    0.015373] SRAT: PXM 1 -> APIC 0x0082 -> Node 1
[    0.015374] SRAT: PXM 1 -> APIC 0x0083 -> Node 1
[    0.015375] SRAT: PXM 1 -> APIC 0x0084 -> Node 1
[    0.015375] SRAT: PXM 1 -> APIC 0x0085 -> Node 1
[    0.015376] SRAT: PXM 1 -> APIC 0x0086 -> Node 1
[    0.015377] SRAT: PXM 1 -> APIC 0x0087 -> Node 1
[    0.015378] SRAT: PXM 1 -> APIC 0x0088 -> Node 1
[    0.015378] SRAT: PXM 1 -> APIC 0x0089 -> Node 1
[    0.015379] SRAT: PXM 1 -> APIC 0x008a -> Node 1
[    0.015379] SRAT: PXM 1 -> APIC 0x008b -> Node 1
[    0.015380] SRAT: PXM 1 -> APIC 0x008c -> Node 1
[    0.015381] SRAT: PXM 1 -> APIC 0x008d -> Node 1
[    0.015381] SRAT: PXM 1 -> APIC 0x008e -> Node 1
[    0.015382] SRAT: PXM 1 -> APIC 0x008f -> Node 1
[    0.015383] SRAT: PXM 1 -> APIC 0x0090 -> Node 1
[    0.015383] SRAT: PXM 1 -> APIC 0x0091 -> Node 1
[    0.015384] SRAT: PXM 1 -> APIC 0x0092 -> Node 1
[    0.015385] SRAT: PXM 1 -> APIC 0x0093 -> Node 1
[    0.015385] SRAT: PXM 1 -> APIC 0x0094 -> Node 1
[    0.015386] SRAT: PXM 1 -> APIC 0x0095 -> Node 1
[    0.015386] SRAT: PXM 1 -> APIC 0x0096 -> Node 1
[    0.015387] SRAT: PXM 1 -> APIC 0x0097 -> Node 1
[    0.015388] SRAT: PXM 1 -> APIC 0x0098 -> Node 1
[    0.015388] SRAT: PXM 1 -> APIC 0x0099 -> Node 1
[    0.015389] SRAT: PXM 1 -> APIC 0x009a -> Node 1
[    0.015390] SRAT: PXM 1 -> APIC 0x009b -> Node 1
[    0.015390] SRAT: PXM 1 -> APIC 0x009c -> Node 1
[    0.015391] SRAT: PXM 1 -> APIC 0x009d -> Node 1
[    0.015392] SRAT: PXM 1 -> APIC 0x009e -> Node 1
[    0.015392] SRAT: PXM 1 -> APIC 0x009f -> Node 1
[    0.015393] SRAT: PXM 1 -> APIC 0x00a0 -> Node 1
[    0.015394] SRAT: PXM 1 -> APIC 0x00a1 -> Node 1
[    0.015394] SRAT: PXM 1 -> APIC 0x00a2 -> Node 1
[    0.015395] SRAT: PXM 1 -> APIC 0x00a3 -> Node 1
[    0.015395] SRAT: PXM 1 -> APIC 0x00a4 -> Node 1
[    0.015396] SRAT: PXM 1 -> APIC 0x00a5 -> Node 1
[    0.015397] SRAT: PXM 1 -> APIC 0x00a6 -> Node 1
[    0.015397] SRAT: PXM 1 -> APIC 0x00a7 -> Node 1
[    0.015398] SRAT: PXM 1 -> APIC 0x00a8 -> Node 1
[    0.015399] SRAT: PXM 1 -> APIC 0x00a9 -> Node 1
[    0.015399] SRAT: PXM 1 -> APIC 0x00aa -> Node 1
[    0.015400] SRAT: PXM 1 -> APIC 0x00ab -> Node 1
[    0.015401] SRAT: PXM 1 -> APIC 0x00ac -> Node 1
[    0.015401] SRAT: PXM 1 -> APIC 0x00ad -> Node 1
[    0.015402] SRAT: PXM 1 -> APIC 0x00ae -> Node 1
[    0.015403] SRAT: PXM 1 -> APIC 0x00af -> Node 1
[    0.015403] SRAT: PXM 1 -> APIC 0x00b0 -> Node 1
[    0.015404] SRAT: PXM 1 -> APIC 0x00b1 -> Node 1
[    0.015405] SRAT: PXM 1 -> APIC 0x00b2 -> Node 1
[    0.015406] SRAT: PXM 1 -> APIC 0x00b3 -> Node 1
[    0.015406] SRAT: PXM 1 -> APIC 0x00b4 -> Node 1
[    0.015407] SRAT: PXM 1 -> APIC 0x00b5 -> Node 1
[    0.015408] SRAT: PXM 1 -> APIC 0x00b6 -> Node 1
[    0.015408] SRAT: PXM 1 -> APIC 0x00b7 -> Node 1
[    0.015421] ACPI: SRAT: Node 0 PXM 0 [mem 0x00000000-0x7fffffff]
[    0.015423] ACPI: SRAT: Node 0 PXM 0 [mem 0x100000000-0x107fffffff]
[    0.015424] ACPI: SRAT: Node 2 PXM 2 [mem 0x2080000000-0x9e7fffffff] non-volatile
[    0.015425] ACPI: SRAT: Node 1 PXM 1 [mem 0x1080000000-0x207fffffff]
[    0.015426] ACPI: SRAT: Node 3 PXM 3 [mem 0x9e80000000-0x11c7fffffff] non-volatile
[    0.015436] NUMA: Initialized distance table, cnt=4
[    0.015438] NUMA: Node 0 [mem 0x00000000-0x7fffffff] + [mem 0x100000000-0x107fffffff] -> [mem 0x00000000-0x107fffffff]
[    0.015447] NODE_DATA(0) allocated [mem 0xffffd5000-0xfffffffff]
[    0.015465] NODE_DATA(1) allocated [mem 0x205cb4e000-0x205cb78fff]
[    0.015664] Zone ranges:
[    0.015665]   DMA      [mem 0x0000000000001000-0x0000000000ffffff]
[    0.015667]   DMA32    [mem 0x0000000001000000-0x00000000ffffffff]
[    0.015668]   Normal   [mem 0x0000000100000000-0x000000207fffffff]
[    0.015670]   Device   empty
[    0.015671] Movable zone start for each node
[    0.015674] Early memory node ranges
[    0.015674]   node   0: [mem 0x0000000000001000-0x000000000008efff]
[    0.015676]   node   0: [mem 0x0000000000090000-0x000000000009ffff]
[    0.015677]   node   0: [mem 0x0000000000100000-0x0000000049e76fff]
[    0.015678]   node   0: [mem 0x000000004ae77000-0x000000004b2cefff]
[    0.015679]   node   0: [mem 0x000000004b54e000-0x000000004bd93fff]
[    0.015680]   node   0: [mem 0x000000004be9a000-0x000000004cdfffff]
[    0.015680]   node   0: [mem 0x000000004d000000-0x000000005eefdfff]
[    0.015681]   node   0: [mem 0x000000006f7ff000-0x000000006f7fffff]
[    0.015682]   node   0: [mem 0x0000000c15800000-0x0000000fffffffff]
[    0.015683]   node   1: [mem 0x0000001ec0000000-0x000000207fffffff]
[    0.015685] Initmem setup node 0 [mem 0x0000000000001000-0x0000000fffffffff]
[    0.015688] Initmem setup node 1 [mem 0x0000001ec0000000-0x000000207fffffff]
[    0.015690] On node 0, zone DMA: 1 pages in unavailable ranges
[    0.015692] On node 0, zone DMA: 1 pages in unavailable ranges
[    0.015723] On node 0, zone DMA: 96 pages in unavailable ranges
[    0.017921] On node 0, zone DMA32: 4096 pages in unavailable ranges
[    0.017943] On node 0, zone DMA32: 639 pages in unavailable ranges
[    0.017976] On node 0, zone DMA32: 262 pages in unavailable ranges
[    0.018525] On node 0, zone DMA32: 512 pages in unavailable ranges
[    0.018797] On node 0, zone DMA32: 35073 pages in unavailable ranges
[    0.049135] On node 0, zone Normal: 24576 pages in unavailable ranges
[    0.063420] ACPI: PM-Timer IO Port: 0x508
[    0.063438] ACPI: X2APIC_NMI (uid[0xffffffff] high edge lint[0x1])
[    0.063441] ACPI: LAPIC_NMI (acpi_id[0xff] high edge lint[0x1])
[    0.063460] IOAPIC[0]: apic_id 8, version 32, address 0xfec00000, GSI 0-119
[    0.063464] ACPI: INT_SRC_OVR (bus 0 bus_irq 0 global_irq 2 dfl dfl)
[    0.063466] ACPI: INT_SRC_OVR (bus 0 bus_irq 9 global_irq 9 high level)
[    0.063470] ACPI: Using ACPI (MADT) for SMP configuration information
[    0.063471] ACPI: HPET id: 0x8086a701 base: 0xfed00000
[    0.063476] TSC deadline timer available
[    0.063477] smpboot: Allowing 112 CPUs, 0 hotplug CPUs
[    0.063505] PM: hibernation: Registered nosave memory: [mem 0x00000000-0x00000fff]
[    0.063507] PM: hibernation: Registered nosave memory: [mem 0x0008f000-0x0008ffff]
[    0.063509] PM: hibernation: Registered nosave memory: [mem 0x000a0000-0x000fffff]
[    0.063511] PM: hibernation: Registered nosave memory: [mem 0x46cc5000-0x46cc5fff]
[    0.063513] PM: hibernation: Registered nosave memory: [mem 0x46cf6000-0x46cf6fff]
[    0.063514] PM: hibernation: Registered nosave memory: [mem 0x46cf7000-0x46cf7fff]
[    0.063516] PM: hibernation: Registered nosave memory: [mem 0x46d29000-0x46d29fff]
[    0.063517] PM: hibernation: Registered nosave memory: [mem 0x46d2a000-0x46d2afff]
[    0.063518] PM: hibernation: Registered nosave memory: [mem 0x46d5c000-0x46d5cfff]
[    0.063519] PM: hibernation: Registered nosave memory: [mem 0x46d5d000-0x46d5dfff]
[    0.063521] PM: hibernation: Registered nosave memory: [mem 0x46d65000-0x46d65fff]
[    0.063522] PM: hibernation: Registered nosave memory: [mem 0x49e77000-0x4ae76fff]
[    0.063524] PM: hibernation: Registered nosave memory: [mem 0x4b2cf000-0x4b54dfff]
[    0.063526] PM: hibernation: Registered nosave memory: [mem 0x4bd94000-0x4be99fff]
[    0.063528] PM: hibernation: Registered nosave memory: [mem 0x4ce00000-0x4cffffff]
[    0.063530] PM: hibernation: Registered nosave memory: [mem 0x5eefe000-0x6e3fefff]
[    0.063530] PM: hibernation: Registered nosave memory: [mem 0x6e3ff000-0x6f3fefff]
[    0.063531] PM: hibernation: Registered nosave memory: [mem 0x6f3ff000-0x6f7fefff]
[    0.063533] PM: hibernation: Registered nosave memory: [mem 0x6f800000-0x8fffffff]
[    0.063533] PM: hibernation: Registered nosave memory: [mem 0x90000000-0xfdffffff]
[    0.063534] PM: hibernation: Registered nosave memory: [mem 0xfe000000-0xfe010fff]
[    0.063535] PM: hibernation: Registered nosave memory: [mem 0xfe011000-0xffffffff]
[    0.063536] PM: hibernation: Registered nosave memory: [mem 0x100000000-0xc157fffff]
[    0.063537] PM: hibernation: Registered nosave memory: [mem 0x1000000000-0x1ebfffffff]
[    0.063539] [mem 0x90000000-0xfdffffff] available for PCI devices
[    0.063541] Booting paravirtualized kernel on bare hardware
[    0.063543] clocksource: refined-jiffies: mask: 0xffffffff max_cycles: 0xffffffff, max_idle_ns: 7645519600211568 ns
[    0.063549] setup_percpu: NR_CPUS:8192 nr_cpumask_bits:112 nr_cpu_ids:112 nr_node_ids:4
[    0.068021] percpu: Embedded 53 pages/cpu s180224 r8192 d28672 u262144
[    0.068033] pcpu-alloc: s180224 r8192 d28672 u262144 alloc=1*2097152
[    0.068035] pcpu-alloc: [0] 000 002 004 006 008 010 012 014 
[    0.068041] pcpu-alloc: [0] 016 018 020 022 024 026 028 030 
[    0.068046] pcpu-alloc: [0] 032 034 036 038 040 042 044 046 
[    0.068050] pcpu-alloc: [0] 048 050 052 054 056 058 060 062 
[    0.068054] pcpu-alloc: [0] 064 066 068 070 072 074 076 078 
[    0.068058] pcpu-alloc: [0] 080 082 084 086 088 090 092 094 
[    0.068062] pcpu-alloc: [0] 096 098 100 102 104 106 108 110 
[    0.068066] pcpu-alloc: [1] 001 003 005 007 009 011 013 015 
[    0.068071] pcpu-alloc: [1] 017 019 021 023 025 027 029 031 
[    0.068075] pcpu-alloc: [1] 033 035 037 039 041 043 045 047 
[    0.068079] pcpu-alloc: [1] 049 051 053 055 057 059 061 063 
[    0.068083] pcpu-alloc: [1] 065 067 069 071 073 075 077 079 
[    0.068087] pcpu-alloc: [1] 081 083 085 087 089 091 093 095 
[    0.068091] pcpu-alloc: [1] 097 099 101 103 105 107 109 111 
[    0.068141] Built 2 zonelists, mobility grouping on.  Total pages: 6224500
[    0.068143] Policy zone: Normal
[    0.068144] Kernel command line: BOOT_IMAGE=/boot/vmlinuz-5.15.0-tiering-0.8 root=UUID=ce0c24b8-724b-4f33-9b2c-618433560aef ro memmap=45400M!4096M memmap=59G!64G quiet splash nomodeset vt.handoff=1
[    0.068263] You have booted with nomodeset. This means your GPU drivers are DISABLED
[    0.068264] Any video related functionality will be severely degraded, and you may not even be able to suspend the system properly
[    0.068265] Unless you actually understand what nomodeset does, you should reboot without enabling it
[    0.068285] Unknown command line parameters: splash BOOT_IMAGE=/boot/vmlinuz-5.15.0-tiering-0.8
[    0.068287] printk: log_buf_len individual max cpu contribution: 4096 bytes
[    0.068288] printk: log_buf_len total cpu_extra contributions: 454656 bytes
[    0.068288] printk: log_buf_len min size: 262144 bytes
[    0.069274] printk: log_buf_len: 1048576 bytes
[    0.069275] printk: early log buf free: 223784(85%)
[    0.070847] mem auto-init: stack:off, heap alloc:on, heap free:off
[    0.137659] Memory: 24056688K/25298016K available (14345K kernel code, 3484K rwdata, 10288K rodata, 2824K init, 5836K bss, 1241068K reserved, 0K cma-reserved)
[    0.137667] random: get_random_u64 called from __kmem_cache_create+0x2d/0x460 with crng_init=1
[    0.138534] SLUB: HWalign=64, Order=0-3, MinObjects=0, CPUs=112, Nodes=4
[    0.138567] ftrace: allocating 48223 entries in 189 pages
[    0.153997] ftrace: allocated 189 pages with 6 groups
[    0.154669] rcu: Hierarchical RCU implementation.
[    0.154670] rcu: 	RCU restricting CPUs from NR_CPUS=8192 to nr_cpu_ids=112.
[    0.154672] 	Rude variant of Tasks RCU enabled.
[    0.154672] 	Tracing variant of Tasks RCU enabled.
[    0.154673] rcu: RCU calculated value of scheduler-enlistment delay is 25 jiffies.
[    0.154674] rcu: Adjusting geometry for rcu_fanout_leaf=16, nr_cpu_ids=112
[    0.158653] NR_IRQS: 524544, nr_irqs: 2952, preallocated irqs: 16
[    0.159004] random: crng done (trusting CPU's manufacturer)
[    0.159148] Console: colour dummy device 80x25
[    0.159183] printk: console [tty0] enabled
[    0.159330] mempolicy: Enabling automatic NUMA balancing. Configure with numa_balancing= or the kernel.numa_balancing sysctl
[    0.159335] ACPI: Core revision 20210730
[    0.162740] clocksource: hpet: mask: 0xffffffff max_cycles: 0xffffffff, max_idle_ns: 79635855245 ns
[    0.162784] APIC: Switch to symmetric I/O mode setup
[    0.162786] DMAR: Host address width 46
[    0.162787] DMAR: DRHD base: 0x000000d0ffc000 flags: 0x0
[    0.162791] DMAR: dmar0: reg_base_addr d0ffc000 ver 4:0 cap 8ed008c40780466 ecap 60000f050df
[    0.162794] DMAR: DRHD base: 0x000000dbbfc000 flags: 0x0
[    0.162797] DMAR: dmar1: reg_base_addr dbbfc000 ver 4:0 cap 8ed008c40780466 ecap 60000f050df
[    0.162798] DMAR: DRHD base: 0x000000e67fc000 flags: 0x0
[    0.162802] DMAR: dmar2: reg_base_addr e67fc000 ver 4:0 cap 8ed008c40780466 ecap 60000f050df
[    0.162804] DMAR: DRHD base: 0x000000f13fc000 flags: 0x0
[    0.162806] DMAR: dmar3: reg_base_addr f13fc000 ver 4:0 cap 8ed008c40780466 ecap 60000f050df
[    0.162808] DMAR: DRHD base: 0x000000fb7fc000 flags: 0x0
[    0.162811] DMAR: dmar4: reg_base_addr fb7fc000 ver 4:0 cap 8ed008c40780466 ecap 60000f050df
[    0.162813] DMAR: DRHD base: 0x000000a63fc000 flags: 0x0
[    0.162815] DMAR: dmar5: reg_base_addr a63fc000 ver 4:0 cap 8ed008c40780466 ecap 60000f050df
[    0.162817] DMAR: DRHD base: 0x000000b0ffc000 flags: 0x0
[    0.162820] DMAR: dmar6: reg_base_addr b0ffc000 ver 4:0 cap 8ed008c40780466 ecap 60000f050df
[    0.162821] DMAR: DRHD base: 0x000000bbbfc000 flags: 0x0
[    0.162826] DMAR: dmar7: reg_base_addr bbbfc000 ver 4:0 cap 8ed008c40780466 ecap 60000f050df
[    0.162828] DMAR: DRHD base: 0x000000c5ffc000 flags: 0x0
[    0.162830] DMAR: dmar8: reg_base_addr c5ffc000 ver 4:0 cap 8ed008c40780466 ecap 60000f050df
[    0.162832] DMAR: DRHD base: 0x0000009b7fc000 flags: 0x1
[    0.162834] DMAR: dmar9: reg_base_addr 9b7fc000 ver 4:0 cap 8ed008c40780466 ecap 60000f050df
[    0.162836] DMAR: RMRR base: 0x00000069427000 end: 0x00000069429fff
[    0.162838] DMAR: ATSR flags: 0x0
[    0.162840] DMAR-IR: IOAPIC id 8 under DRHD base  0x9b7fc000 IOMMU 9
[    0.162841] DMAR-IR: HPET id 0 under DRHD base 0x9b7fc000
[    0.162842] DMAR-IR: Queued invalidation will be enabled to support x2apic and Intr-remapping.
[    0.165817] DMAR-IR: Enabled IRQ remapping in x2apic mode
[    0.168425] ..TIMER: vector=0x30 apic1=0 pin1=2 apic2=-1 pin2=-1
[    0.186715] clocksource: tsc-early: mask: 0xffffffffffffffff max_cycles: 0x39a85c9bff6, max_idle_ns: 881590591483 ns
[    0.186722] Calibrating delay loop (skipped), value calculated using timer frequency.. 4000.00 BogoMIPS (lpj=8000000)
[    0.186726] pid_max: default: 114688 minimum: 896
[    0.190153] LSM: Security Framework initializing
[    0.190177] Yama: becoming mindful.
[    0.190226] AppArmor: AppArmor initialized
[    0.194694] Dentry cache hash table entries: 4194304 (order: 13, 33554432 bytes, vmalloc)
[    0.196924] Inode-cache hash table entries: 2097152 (order: 12, 16777216 bytes, vmalloc)
[    0.197042] Mount-cache hash table entries: 65536 (order: 7, 524288 bytes, vmalloc)
[    0.197113] Mountpoint-cache hash table entries: 65536 (order: 7, 524288 bytes, vmalloc)
[    0.197766] x86/tme: not enabled by BIOS
[    0.197775] CPU0: Thermal monitoring enabled (TM1)
[    0.197778] x86/cpu: User Mode Instruction Prevention (UMIP) activated
[    0.198010] process: using mwait in idle threads
[    0.198012] Last level iTLB entries: 4KB 0, 2MB 0, 4MB 0
[    0.198013] Last level dTLB entries: 4KB 0, 2MB 0, 4MB 0, 1GB 0
[    0.198019] Spectre V1 : Mitigation: usercopy/swapgs barriers and __user pointer sanitization
[    0.198021] Spectre V2 : Mitigation: Enhanced IBRS
[    0.198022] Spectre V2 : Spectre v2 / SpectreRSB mitigation: Filling RSB on context switch
[    0.198023] Spectre V2 : mitigation: Enabling conditional Indirect Branch Prediction Barrier
[    0.198025] Speculative Store Bypass: Mitigation: Speculative Store Bypass disabled via prctl and seccomp
[    0.204329] Freeing SMP alternatives memory: 40K
[    0.206859] smpboot: Estimated ratio of average max frequency by base frequency (times 1024): 1433
[    0.206873] smpboot: CPU0: Intel(R) Xeon(R) Gold 6330 CPU @ 2.00GHz (family: 0x6, model: 0x6a, stepping: 0x6)
[    0.207061] Performance Events: PEBS fmt4+-baseline,  AnyThread deprecated, Icelake events, 32-deep LBR, full-width counters, Intel PMU driver.
[    0.207081] ... version:                5
[    0.207082] ... bit width:              48
[    0.207082] ... generic registers:      8
[    0.207083] ... value mask:             0000ffffffffffff
[    0.207084] ... max period:             00007fffffffffff
[    0.207084] ... fixed-purpose events:   4
[    0.207085] ... event mask:             0001000f000000ff
[    0.207209] rcu: Hierarchical SRCU implementation.
[    0.214223] NMI watchdog: Enabled. Permanently consumes one hw-PMU counter.
[    0.215259] smp: Bringing up secondary CPUs ...
[    0.215369] x86: Booting SMP configuration:
[    0.215370] .... node  #1, CPUs:          #1
[    0.007764] smpboot: CPU 1 Converting physical 0 to logical die 1

[    0.302835] .... node  #0, CPUs:     #2
[    0.308221] .... node  #1, CPUs:     #3
[    0.313654] .... node  #0, CPUs:     #4
[    0.319032] .... node  #1, CPUs:     #5
[    0.324429] .... node  #0, CPUs:     #6
[    0.330005] .... node  #1, CPUs:     #7
[    0.335606] .... node  #0, CPUs:     #8
[    0.340897] .... node  #1, CPUs:     #9
[    0.346824] .... node  #0, CPUs:    #10
[    0.352364] .... node  #1, CPUs:    #11
[    0.358111] .... node  #0, CPUs:    #12
[    0.363635] .... node  #1, CPUs:    #13
[    0.368998] .... node  #0, CPUs:    #14
[    0.374231] .... node  #1, CPUs:    #15
[    0.379565] .... node  #0, CPUs:    #16
[    0.384837] .... node  #1, CPUs:    #17
[    0.390158] .... node  #0, CPUs:    #18
[    0.395407] .... node  #1, CPUs:    #19
[    0.401070] .... node  #0, CPUs:    #20
[    0.406302] .... node  #1, CPUs:    #21
[    0.411912] .... node  #0, CPUs:    #22
[    0.417342] .... node  #1, CPUs:    #23
[    0.422837] .... node  #0, CPUs:    #24
[    0.428266] .... node  #1, CPUs:    #25
[    0.433612] .... node  #0, CPUs:    #26
[    0.438874] .... node  #1, CPUs:    #27
[    0.444151] .... node  #0, CPUs:    #28
[    0.449662] .... node  #1, CPUs:    #29
[    0.454970] .... node  #0, CPUs:    #30
[    0.460203] .... node  #1, CPUs:    #31
[    0.465689] .... node  #0, CPUs:    #32
[    0.470973] .... node  #1, CPUs:    #33
[    0.476356] .... node  #0, CPUs:    #34
[    0.481796] .... node  #1, CPUs:    #35
[    0.487118] .... node  #0, CPUs:    #36
[    0.492327] .... node  #1, CPUs:    #37
[    0.497655] .... node  #0, CPUs:    #38
[    0.503213] .... node  #1, CPUs:    #39
[    0.508751] .... node  #0, CPUs:    #40
[    0.514364] .... node  #1, CPUs:    #41
[    0.520119] .... node  #0, CPUs:    #42
[    0.525428] .... node  #1, CPUs:    #43
[    0.531085] .... node  #0, CPUs:    #44
[    0.536451] .... node  #1, CPUs:    #45
[    0.541925] .... node  #0, CPUs:    #46
[    0.547464] .... node  #1, CPUs:    #47
[    0.552928] .... node  #0, CPUs:    #48
[    0.558266] .... node  #1, CPUs:    #49
[    0.563706] .... node  #0, CPUs:    #50
[    0.569202] .... node  #1, CPUs:    #51
[    0.574854] .... node  #0, CPUs:    #52
[    0.580322] .... node  #1, CPUs:    #53
[    0.585939] .... node  #0, CPUs:    #54
[    0.591642] .... node  #1, CPUs:    #55
[    0.597466] .... node  #0, CPUs:    #56
[    0.603601] .... node  #1, CPUs:    #57
[    0.609510] .... node  #0, CPUs:    #58
[    0.614926] .... node  #1, CPUs:    #59
[    0.620385] .... node  #0, CPUs:    #60
[    0.625784] .... node  #1, CPUs:    #61
[    0.631186] .... node  #0, CPUs:    #62
[    0.636788] .... node  #1, CPUs:    #63
[    0.642409] .... node  #0, CPUs:    #64
[    0.647723] .... node  #1, CPUs:    #65
[    0.653484] .... node  #0, CPUs:    #66
[    0.659227] .... node  #1, CPUs:    #67
[    0.664996] .... node  #0, CPUs:    #68
[    0.670797] .... node  #1, CPUs:    #69
[    0.675933] .... node  #0, CPUs:    #70
[    0.681181] .... node  #1, CPUs:    #71
[    0.686752] .... node  #0, CPUs:    #72
[    0.691829] .... node  #1, CPUs:    #73
[    0.697168] .... node  #0, CPUs:    #74
[    0.702452] .... node  #1, CPUs:    #75
[    0.708121] .... node  #0, CPUs:    #76
[    0.713389] .... node  #1, CPUs:    #77
[    0.719020] .... node  #0, CPUs:    #78
[    0.724473] .... node  #1, CPUs:    #79
[    0.729786] .... node  #0, CPUs:    #80
[    0.735433] .... node  #1, CPUs:    #81
[    0.740801] .... node  #0, CPUs:    #82
[    0.746040] .... node  #1, CPUs:    #83
[    0.751384] .... node  #0, CPUs:    #84
[    0.756909] .... node  #1, CPUs:    #85
[    0.762246] .... node  #0, CPUs:    #86
[    0.767494] .... node  #1, CPUs:    #87
[    0.773012] .... node  #0, CPUs:    #88
[    0.778324] .... node  #1, CPUs:    #89
[    0.783728] .... node  #0, CPUs:    #90
[    0.789183] .... node  #1, CPUs:    #91
[    0.794756] .... node  #0, CPUs:    #92
[    0.799768] .... node  #1, CPUs:    #93
[    0.805124] .... node  #0, CPUs:    #94
[    0.810881] .... node  #1, CPUs:    #95
[    0.816256] .... node  #0, CPUs:    #96
[    0.821888] .... node  #1, CPUs:    #97
[    0.827662] .... node  #0, CPUs:    #98
[    0.833007] .... node  #1, CPUs:    #99
[    0.838827] .... node  #0, CPUs:   #100
[    0.844046] .... node  #1, CPUs:   #101
[    0.849553] .... node  #0, CPUs:   #102
[    0.855103] .... node  #1, CPUs:   #103
[    0.860597] .... node  #0, CPUs:   #104
[    0.865963] .... node  #1, CPUs:   #105
[    0.871419] .... node  #0, CPUs:   #106
[    0.876930] .... node  #1, CPUs:   #107
[    0.882824] .... node  #0, CPUs:   #108
[    0.888084] .... node  #1, CPUs:   #109
[    0.893719] .... node  #0, CPUs:   #110
[    0.899440] .... node  #1, CPUs:   #111
[    0.905285] smp: Brought up 2 nodes, 112 CPUs
[    0.905285] smpboot: Max logical packages: 2
[    0.905285] smpboot: Total of 112 processors activated (448079.77 BogoMIPS)
[    0.910118] devtmpfs: initialized
[    0.910118] x86/mm: Memory block size: 2048MB
[    0.910118] ACPI: PM: Registering ACPI NVS region [mem 0x49e77000-0x4ae76fff] (16777216 bytes)
[    0.910799] ACPI: PM: Registering ACPI NVS region [mem 0x6e3ff000-0x6f3fefff] (16777216 bytes)
[    0.911065] clocksource: jiffies: mask: 0xffffffff max_cycles: 0xffffffff, max_idle_ns: 7645041785100000 ns
[    0.911390] futex hash table entries: 32768 (order: 9, 2097152 bytes, vmalloc)
[    0.911642] pinctrl core: initialized pinctrl subsystem
[    0.911801] PM: RTC time: 04:26:39, date: 2024-06-24
[    0.912007] NET: Registered PF_NETLINK/PF_ROUTE protocol family
[    0.912785] DMA: preallocated 4096 KiB GFP_KERNEL pool for atomic allocations
[    0.913292] DMA: preallocated 4096 KiB GFP_KERNEL|GFP_DMA pool for atomic allocations
[    0.913800] DMA: preallocated 4096 KiB GFP_KERNEL|GFP_DMA32 pool for atomic allocations
[    0.913808] audit: initializing netlink subsys (disabled)
[    0.913815] audit: type=2000 audit(1719203198.748:1): state=initialized audit_enabled=0 res=1
[    0.913815] thermal_sys: Registered thermal governor 'fair_share'
[    0.913815] thermal_sys: Registered thermal governor 'bang_bang'
[    0.913815] thermal_sys: Registered thermal governor 'step_wise'
[    0.913815] thermal_sys: Registered thermal governor 'user_space'
[    0.913815] EISA bus registered
[    0.913815] cpuidle: using governor ladder
[    0.913815] cpuidle: using governor menu
[    0.914755] ACPI FADT declares the system doesn't support PCIe ASPM, so disable it
[    0.914757] ACPI: bus type PCI registered
[    0.914758] acpiphp: ACPI Hot Plug PCI Controller Driver version: 0.5
[    0.914868] PCI: MMCONFIG for domain 0000 [bus 00-ff] at [mem 0x80000000-0x8fffffff] (base 0x80000000)
[    0.914873] PCI: MMCONFIG at [mem 0x80000000-0x8fffffff] reserved in E820
[    0.914879] pmd_set_huge: Cannot satisfy [mem 0x80000000-0x80200000] with a huge-page mapping due to MTRR override.
[    0.915090] PCI: Using configuration type 1 for base access
[    0.915099] PCI: Dell System detected, enabling pci=bfsort.
[    0.917220] ENERGY_PERF_BIAS: Set to 'normal', was 'performance'
[    0.919824] Kprobes globally optimized
[    0.919829] HugeTLB registered 1.00 GiB page size, pre-allocated 0 pages
[    0.919829] HugeTLB registered 2.00 MiB page size, pre-allocated 0 pages
[    0.922843] ACPI: Added _OSI(Module Device)
[    0.922845] ACPI: Added _OSI(Processor Device)
[    0.922846] ACPI: Added _OSI(3.0 _SCP Extensions)
[    0.922847] ACPI: Added _OSI(Processor Aggregator Device)
[    0.922848] ACPI: Added _OSI(Linux-Dell-Video)
[    0.922849] ACPI: Added _OSI(Linux-Lenovo-NV-HDMI-Audio)
[    0.922850] ACPI: Added _OSI(Linux-HPI-Hybrid-Graphics)
[    1.090079] ACPI: 8 ACPI AML tables successfully acquired and loaded
[    1.095632] ACPI: [Firmware Bug]: BIOS _OSI(Linux) query ignored
[    1.104084] ACPI: Dynamic OEM Table Load:
[    1.501719] ACPI: Interpreter enabled
[    1.501741] ACPI: PM: (supports S0 S5)
[    1.501742] ACPI: Using IOAPIC for interrupt routing
[    1.501825] HEST: Table parsing has been initialized.
[    1.501827] PCI: Using host bridge windows from ACPI; if necessary, use "pci=nocrs" and report a bug
[    1.530171] ACPI: Enabled 4 GPEs in block 00 to 7F
[    1.647929] ACPI: PCI Root Bridge [PC00] (domain 0000 [bus 00-15])
[    1.647935] acpi PNP0A08:00: _OSC: OS supports [ExtendedConfig ASPM ClockPM Segments MSI HPX-Type3]
[    1.714224] acpi PNP0A08:00: _OSC: platform does not support [SHPCHotplug AER LTR]
[    1.714442] acpi PNP0A08:00: _OSC: OS now controls [PCIeHotplug PME PCIeCapability]
[    1.714443] acpi PNP0A08:00: FADT indicates ASPM is unsupported, using BIOS configuration
[    1.716263] PCI host bridge to bus 0000:00
[    1.716265] pci_bus 0000:00: root bus resource [io  0x0000-0x0cf7 window]
[    1.716267] pci_bus 0000:00: root bus resource [io  0x1000-0x4fff window]
[    1.716269] pci_bus 0000:00: root bus resource [mem 0x000a0000-0x000bffff window]
[    1.716270] pci_bus 0000:00: root bus resource [mem 0x000c8000-0x000cffff window]
[    1.716271] pci_bus 0000:00: root bus resource [mem 0xfe010000-0xfe010fff window]
[    1.716273] pci_bus 0000:00: root bus resource [mem 0x90000000-0x9b7fffff window]
[    1.716274] pci_bus 0000:00: root bus resource [mem 0x200000000000-0x20ffffffffff window]
[    1.716275] pci_bus 0000:00: root bus resource [bus 00-15]
[    1.717631] pci 0000:00:00.0: [8086:09a2] type 00 class 0x088000
[    1.718402] pci 0000:00:00.1: [8086:09a4] type 00 class 0x088000
[    1.719814] pci 0000:00:00.2: [8086:09a3] type 00 class 0x088000
[    1.721225] pci 0000:00:00.4: [8086:0998] type 00 class 0x060000
[    1.723312] pci 0000:00:02.0: [8086:09a6] type 00 class 0x088000
[    1.723320] pci 0000:00:02.0: reg 0x10: [mem 0x92dfc000-0x92dfdfff]
[    1.724734] pci 0000:00:02.1: [8086:09a7] type 00 class 0x088000
[    1.724743] pci 0000:00:02.1: reg 0x10: [mem 0x92d00000-0x92d7ffff]
[    1.724748] pci 0000:00:02.1: reg 0x14: [mem 0x92c80000-0x92cfffff]
[    1.726160] pci 0000:00:02.4: [8086:3456] type 00 class 0x130000
[    1.726170] pci 0000:00:02.4: reg 0x10: [mem 0x92a00000-0x92afffff 64bit]
[    1.726177] pci 0000:00:02.4: reg 0x18: [mem 0x92df0000-0x92df3fff 64bit]
[    1.726184] pci 0000:00:02.4: reg 0x20: [mem 0x92dc0000-0x92ddffff 64bit]
[    1.727614] pci 0000:00:11.0: [8086:a1ec] type 00 class 0xff0000
[    1.727616] pci 0000:00:11.0: device has non-compliant BARs; disabling IO/MEM decoding
[    1.729049] pci 0000:00:11.5: [8086:a1d2] type 00 class 0x010601
[    1.729062] pci 0000:00:11.5: reg 0x10: [mem 0x92dfa000-0x92dfbfff]
[    1.729069] pci 0000:00:11.5: reg 0x14: [mem 0x92e05000-0x92e050ff]
[    1.729077] pci 0000:00:11.5: reg 0x18: [io  0x2068-0x206f]
[    1.729084] pci 0000:00:11.5: reg 0x1c: [io  0x2074-0x2077]
[    1.729091] pci 0000:00:11.5: reg 0x20: [io  0x2040-0x205f]
[    1.729099] pci 0000:00:11.5: reg 0x24: [mem 0x92b80000-0x92bfffff]
[    1.729136] pci 0000:00:11.5: PME# supported from D3hot
[    1.730685] pci 0000:00:14.0: [8086:a1af] type 00 class 0x0c0330
[    1.730702] pci 0000:00:14.0: reg 0x10: [mem 0x92de0000-0x92deffff 64bit]
[    1.730764] pci 0000:00:14.0: PME# supported from D3hot D3cold
[    1.732336] pci 0000:00:14.2: [8086:a1b1] type 00 class 0x118000
[    1.732353] pci 0000:00:14.2: reg 0x10: [mem 0x92e02000-0x92e02fff 64bit]
[    1.733819] pci 0000:00:16.0: [8086:a1ba] type 00 class 0x078000
[    1.733842] pci 0000:00:16.0: reg 0x10: [mem 0x92e01000-0x92e01fff 64bit]
[    1.733925] pci 0000:00:16.0: PME# supported from D3hot
[    1.735332] pci 0000:00:16.1: [8086:a1bb] type 00 class 0x078000
[    1.735356] pci 0000:00:16.1: reg 0x10: [mem 0x92e00000-0x92e00fff 64bit]
[    1.735438] pci 0000:00:16.1: PME# supported from D3hot
[    1.736845] pci 0000:00:16.4: [8086:a1be] type 00 class 0x078000
[    1.736868] pci 0000:00:16.4: reg 0x10: [mem 0x92dff000-0x92dfffff 64bit]
[    1.736950] pci 0000:00:16.4: PME# supported from D3hot
[    1.738357] pci 0000:00:17.0: [8086:a182] type 00 class 0x010601
[    1.738370] pci 0000:00:17.0: reg 0x10: [mem 0x92df8000-0x92df9fff]
[    1.738377] pci 0000:00:17.0: reg 0x14: [mem 0x92e04000-0x92e040ff]
[    1.738384] pci 0000:00:17.0: reg 0x18: [io  0x2060-0x2067]
[    1.738391] pci 0000:00:17.0: reg 0x1c: [io  0x2070-0x2073]
[    1.738398] pci 0000:00:17.0: reg 0x20: [io  0x2020-0x203f]
[    1.738405] pci 0000:00:17.0: reg 0x24: [mem 0x92b00000-0x92b7ffff]
[    1.738442] pci 0000:00:17.0: PME# supported from D3hot
[    1.739995] pci 0000:00:1c.0: [8086:a190] type 01 class 0x060400
[    1.740069] pci 0000:00:1c.0: PME# supported from D0 D3hot D3cold
[    1.742054] pci 0000:00:1c.4: [8086:a194] type 01 class 0x060400
[    1.742123] pci 0000:00:1c.4: PME# supported from D0 D3hot D3cold
[    1.744078] pci 0000:00:1c.5: [8086:a195] type 01 class 0x060400
[    1.744148] pci 0000:00:1c.5: PME# supported from D0 D3hot D3cold
[    1.746109] pci 0000:00:1f.0: [8086:a1cb] type 00 class 0x060100
[    1.747746] pci 0000:00:1f.2: [8086:a1a1] type 00 class 0x058000
[    1.747761] pci 0000:00:1f.2: reg 0x10: [mem 0x92df4000-0x92df7fff]
[    1.749345] pci 0000:00:1f.4: [8086:a1a3] type 00 class 0x0c0500
[    1.749363] pci 0000:00:1f.4: reg 0x10: [mem 0x92dfe000-0x92dfe0ff 64bit]
[    1.749386] pci 0000:00:1f.4: reg 0x20: [io  0x2000-0x201f]
[    1.750795] pci 0000:00:1f.5: [8086:a1a4] type 00 class 0x0c8000
[    1.750810] pci 0000:00:1f.5: reg 0x10: [mem 0xfe010000-0xfe010fff]
[    1.750934] pci 0000:00:1c.0: PCI bridge to [bus 01]
[    1.750988] pci 0000:02:00.0: [1556:be00] type 01 class 0x060400
[    1.751159] pci 0000:00:1c.4: PCI bridge to [bus 02-03]
[    1.751164] pci 0000:00:1c.4:   bridge window [mem 0x92000000-0x928fffff]
[    1.751168] pci 0000:00:1c.4:   bridge window [mem 0x91000000-0x91ffffff 64bit pref]
[    1.751200] pci_bus 0000:03: extended config space not accessible
[    1.751216] pci 0000:03:00.0: [102b:0536] type 00 class 0x030000
[    1.751235] pci 0000:03:00.0: reg 0x10: [mem 0x91000000-0x91ffffff pref]
[    1.751246] pci 0000:03:00.0: reg 0x14: [mem 0x92808000-0x9280bfff]
[    1.751256] pci 0000:03:00.0: reg 0x18: [mem 0x92000000-0x927fffff]
[    1.751303] pci 0000:03:00.0: BAR 0: assigned to efifb
[    1.751402] pci 0000:02:00.0: PCI bridge to [bus 03]
[    1.751411] pci 0000:02:00.0:   bridge window [mem 0x92000000-0x928fffff]
[    1.751417] pci 0000:02:00.0:   bridge window [mem 0x91000000-0x91ffffff 64bit pref]
[    1.751493] pci 0000:04:00.0: [14e4:165f] type 00 class 0x020000
[    1.751516] pci 0000:04:00.0: reg 0x10: [mem 0x92930000-0x9293ffff 64bit pref]
[    1.751532] pci 0000:04:00.0: reg 0x18: [mem 0x92940000-0x9294ffff 64bit pref]
[    1.751547] pci 0000:04:00.0: reg 0x20: [mem 0x92950000-0x9295ffff 64bit pref]
[    1.751558] pci 0000:04:00.0: reg 0x30: [mem 0xfffc0000-0xffffffff pref]
[    1.751652] pci 0000:04:00.0: PME# supported from D0 D3hot D3cold
[    1.751705] pci 0000:04:00.0: 4.000 Gb/s available PCIe bandwidth, limited by 5.0 GT/s PCIe x1 link at 0000:00:1c.5 (capable of 8.000 Gb/s with 5.0 GT/s PCIe x2 link)
[    1.752245] pci 0000:04:00.1: [14e4:165f] type 00 class 0x020000
[    1.752269] pci 0000:04:00.1: reg 0x10: [mem 0x92900000-0x9290ffff 64bit pref]
[    1.752285] pci 0000:04:00.1: reg 0x18: [mem 0x92910000-0x9291ffff 64bit pref]
[    1.752300] pci 0000:04:00.1: reg 0x20: [mem 0x92920000-0x9292ffff 64bit pref]
[    1.752311] pci 0000:04:00.1: reg 0x30: [mem 0xfffc0000-0xffffffff pref]
[    1.752405] pci 0000:04:00.1: PME# supported from D0 D3hot D3cold
[    1.752955] pci 0000:00:1c.5: PCI bridge to [bus 04]
[    1.752963] pci 0000:00:1c.5:   bridge window [mem 0x92900000-0x929fffff 64bit pref]
[    1.752977] pci_bus 0000:00: on NUMA node 0
[    1.753536] ACPI: PCI Root Bridge [PC01] (domain 0000 [bus 16-2f])
[    1.753540] acpi PNP0A08:01: _OSC: OS supports [ExtendedConfig ASPM ClockPM Segments MSI HPX-Type3]
[    1.767754] acpi PNP0A08:01: _OSC: platform does not support [SHPCHotplug AER]
[    1.767974] acpi PNP0A08:01: _OSC: OS now controls [PCIeHotplug PME PCIeCapability LTR]
[    1.767976] acpi PNP0A08:01: FADT indicates ASPM is unsupported, using BIOS configuration
[    1.768117] PCI host bridge to bus 0000:16
[    1.768119] pci_bus 0000:16: root bus resource [io  0x5000-0x6fff window]
[    1.768121] pci_bus 0000:16: root bus resource [mem 0x9b800000-0xa63fffff window]
[    1.768122] pci_bus 0000:16: root bus resource [mem 0x210000000000-0x21ffffffffff window]
[    1.768124] pci_bus 0000:16: root bus resource [bus 16-2f]
[    1.768139] pci 0000:16:00.0: [8086:09a2] type 00 class 0x088000
[    1.768218] pci 0000:16:00.1: [8086:09a4] type 00 class 0x088000
[    1.768289] pci 0000:16:00.2: [8086:09a3] type 00 class 0x088000
[    1.768359] pci 0000:16:00.4: [8086:0998] type 00 class 0x060000
[    1.768436] pci 0000:16:02.0: [8086:347a] type 01 class 0x060400
[    1.768446] pci 0000:16:02.0: reg 0x10: [mem 0x21fffff00000-0x21fffff1ffff 64bit]
[    1.768484] pci 0000:16:02.0: PME# supported from D0 D3hot D3cold
[    1.769389] pci 0000:17:00.0: [1000:10e2] type 00 class 0x010400
[    1.769402] pci 0000:17:00.0: reg 0x10: [mem 0x9b800000-0x9b8fffff 64bit pref]
[    1.769410] pci 0000:17:00.0: reg 0x18: [mem 0x9b900000-0x9b9fffff 64bit pref]
[    1.769416] pci 0000:17:00.0: reg 0x20: [mem 0x9ba00000-0x9bafffff]
[    1.769422] pci 0000:17:00.0: reg 0x24: [io  0x5000-0x50ff]
[    1.769427] pci 0000:17:00.0: reg 0x30: [mem 0xfff00000-0xffffffff pref]
[    1.770484] pci 0000:17:00.0: supports D1 D2
[    1.770552] pci 0000:16:02.0: PCI bridge to [bus 17]
[    1.770554] pci 0000:16:02.0:   bridge window [io  0x5000-0x5fff]
[    1.770556] pci 0000:16:02.0:   bridge window [mem 0x9ba00000-0x9bafffff]
[    1.770559] pci 0000:16:02.0:   bridge window [mem 0x9b800000-0x9b9fffff 64bit pref]
[    1.770565] pci_bus 0000:16: on NUMA node 0
[    1.770643] ACPI: PCI Root Bridge [PC02] (domain 0000 [bus 30-49])
[    1.770646] acpi PNP0A08:02: _OSC: OS supports [ExtendedConfig ASPM ClockPM Segments MSI HPX-Type3]
[    1.784359] acpi PNP0A08:02: _OSC: platform does not support [SHPCHotplug AER]
[    1.784564] acpi PNP0A08:02: _OSC: OS now controls [PCIeHotplug PME PCIeCapability LTR]
[    1.784565] acpi PNP0A08:02: FADT indicates ASPM is unsupported, using BIOS configuration
[    1.784681] PCI host bridge to bus 0000:30
[    1.784682] pci_bus 0000:30: root bus resource [io  0x7000-0x8fff window]
[    1.784683] pci_bus 0000:30: root bus resource [mem 0xa6400000-0xb0ffffff window]
[    1.784685] pci_bus 0000:30: root bus resource [mem 0x220000000000-0x22ffffffffff window]
[    1.784686] pci_bus 0000:30: root bus resource [bus 30-49]
[    1.784700] pci 0000:30:00.0: [8086:09a2] type 00 class 0x088000
[    1.784773] pci 0000:30:00.1: [8086:09a4] type 00 class 0x088000
[    1.784846] pci 0000:30:00.2: [8086:09a3] type 00 class 0x088000
[    1.784915] pci 0000:30:00.4: [8086:0998] type 00 class 0x060000
[    1.784985] pci_bus 0000:30: on NUMA node 0
[    1.785084] ACPI: PCI Root Bridge [PC04] (domain 0000 [bus 4a-63])
[    1.785087] acpi PNP0A08:04: _OSC: OS supports [ExtendedConfig ASPM ClockPM Segments MSI HPX-Type3]
[    1.798806] acpi PNP0A08:04: _OSC: platform does not support [SHPCHotplug AER]
[    1.799008] acpi PNP0A08:04: _OSC: OS now controls [PCIeHotplug PME PCIeCapability LTR]
[    1.799010] acpi PNP0A08:04: FADT indicates ASPM is unsupported, using BIOS configuration
[    1.799123] PCI host bridge to bus 0000:4a
[    1.799124] pci_bus 0000:4a: root bus resource [io  0x9000-0x9fff window]
[    1.799125] pci_bus 0000:4a: root bus resource [mem 0xb1000000-0xbbbfffff window]
[    1.799127] pci_bus 0000:4a: root bus resource [mem 0x230000000000-0x23ffffffffff window]
[    1.799128] pci_bus 0000:4a: root bus resource [bus 4a-63]
[    1.799141] pci 0000:4a:00.0: [8086:09a2] type 00 class 0x088000
[    1.799211] pci 0000:4a:00.1: [8086:09a4] type 00 class 0x088000
[    1.799280] pci 0000:4a:00.2: [8086:09a3] type 00 class 0x088000
[    1.799348] pci 0000:4a:00.4: [8086:0998] type 00 class 0x060000
[    1.799418] pci_bus 0000:4a: on NUMA node 0
[    1.799490] ACPI: PCI Root Bridge [PC05] (domain 0000 [bus 64-7d])
[    1.799492] acpi PNP0A08:05: _OSC: OS supports [ExtendedConfig ASPM ClockPM Segments MSI HPX-Type3]
[    1.813159] acpi PNP0A08:05: _OSC: platform does not support [SHPCHotplug AER]
[    1.813361] acpi PNP0A08:05: _OSC: OS now controls [PCIeHotplug PME PCIeCapability LTR]
[    1.813362] acpi PNP0A08:05: FADT indicates ASPM is unsupported, using BIOS configuration
[    1.813473] PCI host bridge to bus 0000:64
[    1.813474] pci_bus 0000:64: root bus resource [io  0xa000-0xafff window]
[    1.813475] pci_bus 0000:64: root bus resource [mem 0xbbc00000-0xc5ffffff window]
[    1.813477] pci_bus 0000:64: root bus resource [mem 0x240000000000-0x24ffffffffff window]
[    1.813478] pci_bus 0000:64: root bus resource [bus 64-7d]
[    1.813491] pci 0000:64:00.0: [8086:09a2] type 00 class 0x088000
[    1.813561] pci 0000:64:00.1: [8086:09a4] type 00 class 0x088000
[    1.813636] pci 0000:64:00.2: [8086:09a3] type 00 class 0x088000
[    1.813705] pci 0000:64:00.4: [8086:0998] type 00 class 0x060000
[    1.813777] pci_bus 0000:64: on NUMA node 0
[    1.813844] ACPI: PCI Root Bridge [UC06] (domain 0000 [bus 7e])
[    1.813847] acpi PNP0A03:00: _OSC: OS supports [ExtendedConfig ASPM ClockPM Segments MSI HPX-Type3]
[    1.814013] acpi PNP0A03:00: _OSC: platform does not support [SHPCHotplug AER LTR]
[    1.814184] acpi PNP0A03:00: _OSC: OS now controls [PCIeHotplug PME PCIeCapability]
[    1.814185] acpi PNP0A03:00: FADT indicates ASPM is unsupported, using BIOS configuration
[    1.814309] PCI host bridge to bus 0000:7e
[    1.814310] pci_bus 0000:7e: root bus resource [bus 7e]
[    1.814344] pci 0000:7e:00.0: [8086:3450] type 00 class 0x088000
[    1.814426] pci 0000:7e:00.1: [8086:3451] type 00 class 0x088000
[    1.814516] pci 0000:7e:00.2: [8086:3452] type 00 class 0x088000
[    1.814598] pci 0000:7e:00.3: [8086:0998] type 00 class 0x060000
[    1.814678] pci 0000:7e:00.5: [8086:3455] type 00 class 0x088000
[    1.814778] pci 0000:7e:02.0: [8086:3440] type 00 class 0x088000
[    1.814920] pci 0000:7e:02.1: [8086:3441] type 00 class 0x088000
[    1.815051] pci 0000:7e:02.2: [8086:3442] type 00 class 0x088000
[    1.815194] pci 0000:7e:03.0: [8086:3440] type 00 class 0x088000
[    1.815296] pci 0000:7e:03.1: [8086:3441] type 00 class 0x088000
[    1.815393] pci 0000:7e:03.2: [8086:3442] type 00 class 0x088000
[    1.815498] pci 0000:7e:04.0: [8086:3440] type 00 class 0x088000
[    1.815640] pci 0000:7e:04.1: [8086:3441] type 00 class 0x088000
[    1.815780] pci 0000:7e:04.2: [8086:3442] type 00 class 0x088000
[    1.815923] pci 0000:7e:04.3: [8086:3443] type 00 class 0x088000
[    1.816077] pci 0000:7e:05.0: [8086:3445] type 00 class 0x088000
[    1.816213] pci 0000:7e:05.1: [8086:3446] type 00 class 0x088000
[    1.816350] pci 0000:7e:05.2: [8086:3447] type 00 class 0x088000
[    1.816495] pci 0000:7e:06.0: [8086:3445] type 00 class 0x088000
[    1.816598] pci 0000:7e:06.1: [8086:3446] type 00 class 0x088000
[    1.816699] pci 0000:7e:06.2: [8086:3447] type 00 class 0x088000
[    1.816821] pci 0000:7e:07.0: [8086:3445] type 00 class 0x088000
[    1.816969] pci 0000:7e:07.1: [8086:3446] type 00 class 0x088000
[    1.817113] pci 0000:7e:07.2: [8086:3447] type 00 class 0x088000
[    1.817265] pci 0000:7e:0b.0: [8086:3448] type 00 class 0x088000
[    1.817353] pci 0000:7e:0b.1: [8086:3448] type 00 class 0x088000
[    1.817439] pci 0000:7e:0b.2: [8086:344b] type 00 class 0x088000
[    1.817545] pci 0000:7e:0c.0: [8086:344a] type 00 class 0x110100
[    1.817671] pci 0000:7e:0d.0: [8086:344a] type 00 class 0x110100
[    1.817781] pci 0000:7e:0e.0: [8086:344a] type 00 class 0x110100
[    1.817956] pci 0000:7e:0f.0: [8086:344a] type 00 class 0x110100
[    1.818147] pci 0000:7e:1a.0: [8086:2880] type 00 class 0x110100
[    1.818272] pci 0000:7e:1b.0: [8086:2880] type 00 class 0x110100
[    1.818380] pci 0000:7e:1c.0: [8086:2880] type 00 class 0x110100
[    1.818556] pci 0000:7e:1d.0: [8086:2880] type 00 class 0x110100
[    1.818714] pci_bus 0000:7e: on NUMA node 0
[    1.818794] ACPI: PCI Root Bridge [UC07] (domain 0000 [bus 7f])
[    1.818796] acpi PNP0A03:01: _OSC: OS supports [ExtendedConfig ASPM ClockPM Segments MSI HPX-Type3]
[    1.818967] acpi PNP0A03:01: _OSC: platform does not support [SHPCHotplug AER LTR]
[    1.819139] acpi PNP0A03:01: _OSC: OS now controls [PCIeHotplug PME PCIeCapability]
[    1.819140] acpi PNP0A03:01: FADT indicates ASPM is unsupported, using BIOS configuration
[    1.819276] PCI host bridge to bus 0000:7f
[    1.819277] pci_bus 0000:7f: root bus resource [bus 7f]
[    1.819318] pci 0000:7f:00.0: [8086:344c] type 00 class 0x088000
[    1.819443] pci 0000:7f:00.1: [8086:344c] type 00 class 0x088000
[    1.819587] pci 0000:7f:00.2: [8086:344c] type 00 class 0x088000
[    1.819730] pci 0000:7f:00.3: [8086:344c] type 00 class 0x088000
[    1.819844] pci 0000:7f:00.4: [8086:344c] type 00 class 0x088000
[    1.819990] pci 0000:7f:00.5: [8086:344c] type 00 class 0x088000
[    1.820131] pci 0000:7f:00.6: [8086:344c] type 00 class 0x088000
[    1.820233] pci 0000:7f:00.7: [8086:344c] type 00 class 0x088000
[    1.820356] pci 0000:7f:01.0: [8086:344c] type 00 class 0x088000
[    1.820508] pci 0000:7f:01.1: [8086:344c] type 00 class 0x088000
[    1.820654] pci 0000:7f:01.2: [8086:344c] type 00 class 0x088000
[    1.820763] pci 0000:7f:01.3: [8086:344c] type 00 class 0x088000
[    1.820920] pci 0000:7f:01.4: [8086:344c] type 00 class 0x088000
[    1.821078] pci 0000:7f:01.5: [8086:344c] type 00 class 0x088000
[    1.821239] pci 0000:7f:01.6: [8086:344c] type 00 class 0x088000
[    1.821386] pci 0000:7f:01.7: [8086:344c] type 00 class 0x088000
[    1.821553] pci 0000:7f:02.0: [8086:344c] type 00 class 0x088000
[    1.821708] pci 0000:7f:02.1: [8086:344c] type 00 class 0x088000
[    1.821864] pci 0000:7f:02.2: [8086:344c] type 00 class 0x088000
[    1.822026] pci 0000:7f:02.3: [8086:344c] type 00 class 0x088000
[    1.822193] pci 0000:7f:02.4: [8086:344c] type 00 class 0x088000
[    1.822354] pci 0000:7f:02.5: [8086:344c] type 00 class 0x088000
[    1.822518] pci 0000:7f:02.6: [8086:344c] type 00 class 0x088000
[    1.822691] pci 0000:7f:02.7: [8086:344c] type 00 class 0x088000
[    1.822877] pci 0000:7f:03.0: [8086:344c] type 00 class 0x088000
[    1.823046] pci 0000:7f:03.1: [8086:344c] type 00 class 0x088000
[    1.823224] pci 0000:7f:03.2: [8086:344c] type 00 class 0x088000
[    1.823405] pci 0000:7f:03.3: [8086:344c] type 00 class 0x088000
[    1.823603] pci 0000:7f:0a.0: [8086:344d] type 00 class 0x088000
[    1.823726] pci 0000:7f:0a.1: [8086:344d] type 00 class 0x088000
[    1.823862] pci 0000:7f:0a.2: [8086:344d] type 00 class 0x088000
[    1.823999] pci 0000:7f:0a.3: [8086:344d] type 00 class 0x088000
[    1.824114] pci 0000:7f:0a.4: [8086:344d] type 00 class 0x088000
[    1.824259] pci 0000:7f:0a.5: [8086:344d] type 00 class 0x088000
[    1.824400] pci 0000:7f:0a.6: [8086:344d] type 00 class 0x088000
[    1.824506] pci 0000:7f:0a.7: [8086:344d] type 00 class 0x088000
[    1.824629] pci 0000:7f:0b.0: [8086:344d] type 00 class 0x088000
[    1.824786] pci 0000:7f:0b.1: [8086:344d] type 00 class 0x088000
[    1.824932] pci 0000:7f:0b.2: [8086:344d] type 00 class 0x088000
[    1.825037] pci 0000:7f:0b.3: [8086:344d] type 00 class 0x088000
[    1.825193] pci 0000:7f:0b.4: [8086:344d] type 00 class 0x088000
[    1.825352] pci 0000:7f:0b.5: [8086:344d] type 00 class 0x088000
[    1.825512] pci 0000:7f:0b.6: [8086:344d] type 00 class 0x088000
[    1.825664] pci 0000:7f:0b.7: [8086:344d] type 00 class 0x088000
[    1.825832] pci 0000:7f:0c.0: [8086:344d] type 00 class 0x088000
[    1.825987] pci 0000:7f:0c.1: [8086:344d] type 00 class 0x088000
[    1.826143] pci 0000:7f:0c.2: [8086:344d] type 00 class 0x088000
[    1.826301] pci 0000:7f:0c.3: [8086:344d] type 00 class 0x088000
[    1.826466] pci 0000:7f:0c.4: [8086:344d] type 00 class 0x088000
[    1.826629] pci 0000:7f:0c.5: [8086:344d] type 00 class 0x088000
[    1.826792] pci 0000:7f:0c.6: [8086:344d] type 00 class 0x088000
[    1.826971] pci 0000:7f:0c.7: [8086:344d] type 00 class 0x088000
[    1.827157] pci 0000:7f:0d.0: [8086:344d] type 00 class 0x088000
[    1.827327] pci 0000:7f:0d.1: [8086:344d] type 00 class 0x088000
[    1.827505] pci 0000:7f:0d.2: [8086:344d] type 00 class 0x088000
[    1.827680] pci 0000:7f:0d.3: [8086:344d] type 00 class 0x088000
[    1.827888] pci 0000:7f:1d.0: [8086:344f] type 00 class 0x088000
[    1.828021] pci 0000:7f:1d.1: [8086:3457] type 00 class 0x088000
[    1.828166] pci 0000:7f:1e.0: [8086:3458] type 00 class 0x088000
[    1.828261] pci 0000:7f:1e.1: [8086:3459] type 00 class 0x088000
[    1.828352] pci 0000:7f:1e.2: [8086:345a] type 00 class 0x088000
[    1.828441] pci 0000:7f:1e.3: [8086:345b] type 00 class 0x088000
[    1.828528] pci 0000:7f:1e.4: [8086:345c] type 00 class 0x088000
[    1.828616] pci 0000:7f:1e.5: [8086:345d] type 00 class 0x088000
[    1.828704] pci 0000:7f:1e.6: [8086:345e] type 00 class 0x088000
[    1.828791] pci 0000:7f:1e.7: [8086:345f] type 00 class 0x088000
[    1.828864] pci_bus 0000:7f: on NUMA node 0
[    1.828963] ACPI: PCI Root Bridge [PC06] (domain 0000 [bus 80])
[    1.828966] acpi PNP0A08:06: _OSC: OS supports [ExtendedConfig ASPM ClockPM Segments MSI HPX-Type3]
[    1.842704] acpi PNP0A08:06: _OSC: platform does not support [SHPCHotplug AER]
[    1.842908] acpi PNP0A08:06: _OSC: OS now controls [PCIeHotplug PME PCIeCapability LTR]
[    1.842910] acpi PNP0A08:06: FADT indicates ASPM is unsupported, using BIOS configuration
[    1.843050] PCI host bridge to bus 0000:80
[    1.843051] pci_bus 0000:80: root bus resource [io  0xb000-0xbfff window]
[    1.843053] pci_bus 0000:80: root bus resource [mem 0xc6800000-0xd0ffffff window]
[    1.843054] pci_bus 0000:80: root bus resource [mem 0x250000000000-0x25ffffffffff window]
[    1.843056] pci_bus 0000:80: root bus resource [bus 80]
[    1.843087] pci 0000:80:00.0: [8086:09a2] type 00 class 0x088000
[    1.843183] pci 0000:80:00.1: [8086:09a4] type 00 class 0x088000
[    1.843272] pci 0000:80:00.2: [8086:09a3] type 00 class 0x088000
[    1.843361] pci 0000:80:00.4: [8086:0998] type 00 class 0x060000
[    1.843450] pci 0000:80:02.0: [8086:09a6] type 00 class 0x088000
[    1.843459] pci 0000:80:02.0: reg 0x10: [mem 0xc6aa4000-0xc6aa5fff]
[    1.843537] pci 0000:80:02.1: [8086:09a7] type 00 class 0x088000
[    1.843546] pci 0000:80:02.1: reg 0x10: [mem 0xc6a00000-0xc6a7ffff]
[    1.843551] pci 0000:80:02.1: reg 0x14: [mem 0xc6980000-0xc69fffff]
[    1.843637] pci 0000:80:02.4: [8086:3456] type 00 class 0x130000
[    1.843648] pci 0000:80:02.4: reg 0x10: [mem 0xc6800000-0xc68fffff 64bit]
[    1.843655] pci 0000:80:02.4: reg 0x18: [mem 0xc6aa0000-0xc6aa3fff 64bit]
[    1.843662] pci 0000:80:02.4: reg 0x20: [mem 0xc6a80000-0xc6a9ffff 64bit]
[    1.843725] pci_bus 0000:80: on NUMA node 1
[    1.843802] ACPI: PCI Root Bridge [PC07] (domain 0000 [bus 81])
[    1.843805] acpi PNP0A08:07: _OSC: OS supports [ExtendedConfig ASPM ClockPM Segments MSI HPX-Type3]
[    1.857481] acpi PNP0A08:07: _OSC: platform does not support [SHPCHotplug AER]
[    1.857683] acpi PNP0A08:07: _OSC: OS now controls [PCIeHotplug PME PCIeCapability LTR]
[    1.857684] acpi PNP0A08:07: FADT indicates ASPM is unsupported, using BIOS configuration
[    1.857797] PCI host bridge to bus 0000:81
[    1.857798] pci_bus 0000:81: root bus resource [io  0xc000-0xcfff window]
[    1.857800] pci_bus 0000:81: root bus resource [mem 0xd1000000-0xdbbfffff window]
[    1.857801] pci_bus 0000:81: root bus resource [mem 0x260000000000-0x26ffffffffff window]
[    1.857802] pci_bus 0000:81: root bus resource [bus 81]
[    1.857816] pci 0000:81:00.0: [8086:09a2] type 00 class 0x088000
[    1.857892] pci 0000:81:00.1: [8086:09a4] type 00 class 0x088000
[    1.857973] pci 0000:81:00.2: [8086:09a3] type 00 class 0x088000
[    1.858048] pci 0000:81:00.4: [8086:0998] type 00 class 0x060000
[    1.858128] pci_bus 0000:81: on NUMA node 1
[    1.858207] ACPI: PCI Root Bridge [PC08] (domain 0000 [bus 82])
[    1.858209] acpi PNP0A08:08: _OSC: OS supports [ExtendedConfig ASPM ClockPM Segments MSI HPX-Type3]
[    1.871894] acpi PNP0A08:08: _OSC: platform does not support [SHPCHotplug AER]
[    1.872097] acpi PNP0A08:08: _OSC: OS now controls [PCIeHotplug PME PCIeCapability LTR]
[    1.872098] acpi PNP0A08:08: FADT indicates ASPM is unsupported, using BIOS configuration
[    1.872209] PCI host bridge to bus 0000:82
[    1.872210] pci_bus 0000:82: root bus resource [io  0xd000-0xdfff window]
[    1.872211] pci_bus 0000:82: root bus resource [mem 0xdbc00000-0xe67fffff window]
[    1.872212] pci_bus 0000:82: root bus resource [mem 0x270000000000-0x27ffffffffff window]
[    1.872213] pci_bus 0000:82: root bus resource [bus 82]
[    1.872228] pci 0000:82:00.0: [8086:09a2] type 00 class 0x088000
[    1.872303] pci 0000:82:00.1: [8086:09a4] type 00 class 0x088000
[    1.872378] pci 0000:82:00.2: [8086:09a3] type 00 class 0x088000
[    1.872452] pci 0000:82:00.4: [8086:0998] type 00 class 0x060000
[    1.872533] pci_bus 0000:82: on NUMA node 1
[    1.872631] ACPI: PCI Root Bridge [PC10] (domain 0000 [bus 83-f9])
[    1.872633] acpi PNP0A08:0a: _OSC: OS supports [ExtendedConfig ASPM ClockPM Segments MSI HPX-Type3]
[    1.886336] acpi PNP0A08:0a: _OSC: platform does not support [SHPCHotplug AER]
[    1.886540] acpi PNP0A08:0a: _OSC: OS now controls [PCIeHotplug PME PCIeCapability LTR]
[    1.886541] acpi PNP0A08:0a: FADT indicates ASPM is unsupported, using BIOS configuration
[    1.886663] PCI host bridge to bus 0000:83
[    1.886664] pci_bus 0000:83: root bus resource [io  0xe000-0xefff window]
[    1.886666] pci_bus 0000:83: root bus resource [mem 0xe6800000-0xf13fffff window]
[    1.886668] pci_bus 0000:83: root bus resource [mem 0x280000000000-0x28ffffffffff window]
[    1.886669] pci_bus 0000:83: root bus resource [bus 83-f9]
[    1.886684] pci 0000:83:00.0: [8086:09a2] type 00 class 0x088000
[    1.886764] pci 0000:83:00.1: [8086:09a4] type 00 class 0x088000
[    1.886845] pci 0000:83:00.2: [8086:09a3] type 00 class 0x088000
[    1.886922] pci 0000:83:00.4: [8086:0998] type 00 class 0x060000
[    1.887004] pci_bus 0000:83: on NUMA node 1
[    1.887074] ACPI: PCI Root Bridge [PC11] (domain 0000 [bus fa])
[    1.887077] acpi PNP0A08:0b: _OSC: OS supports [ExtendedConfig ASPM ClockPM Segments MSI HPX-Type3]
[    1.900852] acpi PNP0A08:0b: _OSC: platform does not support [SHPCHotplug AER]
[    1.901055] acpi PNP0A08:0b: _OSC: OS now controls [PCIeHotplug PME PCIeCapability LTR]
[    1.901056] acpi PNP0A08:0b: FADT indicates ASPM is unsupported, using BIOS configuration
[    1.901167] PCI host bridge to bus 0000:fa
[    1.901168] pci_bus 0000:fa: root bus resource [io  0xf000-0xffff window]
[    1.901169] pci_bus 0000:fa: root bus resource [mem 0xf1400000-0xfb7fffff window]
[    1.901170] pci_bus 0000:fa: root bus resource [mem 0x290000000000-0x29ffffffffff window]
[    1.901172] pci_bus 0000:fa: root bus resource [bus fa]
[    1.901186] pci 0000:fa:00.0: [8086:09a2] type 00 class 0x088000
[    1.901262] pci 0000:fa:00.1: [8086:09a4] type 00 class 0x088000
[    1.901338] pci 0000:fa:00.2: [8086:09a3] type 00 class 0x088000
[    1.901415] pci 0000:fa:00.4: [8086:0998] type 00 class 0x060000
[    1.901496] pci_bus 0000:fa: on NUMA node 1
[    1.901560] ACPI: PCI Root Bridge [UC16] (domain 0000 [bus fe])
[    1.901563] acpi PNP0A03:02: _OSC: OS supports [ExtendedConfig ASPM ClockPM Segments MSI HPX-Type3]
[    1.901730] acpi PNP0A03:02: _OSC: platform does not support [SHPCHotplug AER LTR]
[    1.901902] acpi PNP0A03:02: _OSC: OS now controls [PCIeHotplug PME PCIeCapability]
[    1.901903] acpi PNP0A03:02: FADT indicates ASPM is unsupported, using BIOS configuration
[    1.902027] PCI host bridge to bus 0000:fe
[    1.902028] pci_bus 0000:fe: root bus resource [bus fe]
[    1.902061] pci 0000:fe:00.0: [8086:3450] type 00 class 0x088000
[    1.902145] pci 0000:fe:00.1: [8086:3451] type 00 class 0x088000
[    1.902230] pci 0000:fe:00.2: [8086:3452] type 00 class 0x088000
[    1.902310] pci 0000:fe:00.3: [8086:0998] type 00 class 0x060000
[    1.902391] pci 0000:fe:00.5: [8086:3455] type 00 class 0x088000
[    1.902492] pci 0000:fe:02.0: [8086:3440] type 00 class 0x088000
[    1.902635] pci 0000:fe:02.1: [8086:3441] type 00 class 0x088000
[    1.902770] pci 0000:fe:02.2: [8086:3442] type 00 class 0x088000
[    1.902914] pci 0000:fe:03.0: [8086:3440] type 00 class 0x088000
[    1.903021] pci 0000:fe:03.1: [8086:3441] type 00 class 0x088000
[    1.903126] pci 0000:fe:03.2: [8086:3442] type 00 class 0x088000
[    1.903235] pci 0000:fe:04.0: [8086:3440] type 00 class 0x088000
[    1.903381] pci 0000:fe:04.1: [8086:3441] type 00 class 0x088000
[    1.903522] pci 0000:fe:04.2: [8086:3442] type 00 class 0x088000
[    1.903664] pci 0000:fe:04.3: [8086:3443] type 00 class 0x088000
[    1.903821] pci 0000:fe:05.0: [8086:3445] type 00 class 0x088000
[    1.903963] pci 0000:fe:05.1: [8086:3446] type 00 class 0x088000
[    1.904102] pci 0000:fe:05.2: [8086:3447] type 00 class 0x088000
[    1.904253] pci 0000:fe:06.0: [8086:3445] type 00 class 0x088000
[    1.904359] pci 0000:fe:06.1: [8086:3446] type 00 class 0x088000
[    1.904462] pci 0000:fe:06.2: [8086:3447] type 00 class 0x088000
[    1.904585] pci 0000:fe:07.0: [8086:3445] type 00 class 0x088000
[    1.904733] pci 0000:fe:07.1: [8086:3446] type 00 class 0x088000
[    1.904879] pci 0000:fe:07.2: [8086:3447] type 00 class 0x088000
[    1.905033] pci 0000:fe:0b.0: [8086:3448] type 00 class 0x088000
[    1.905123] pci 0000:fe:0b.1: [8086:3448] type 00 class 0x088000
[    1.905214] pci 0000:fe:0b.2: [8086:344b] type 00 class 0x088000
[    1.905322] pci 0000:fe:0c.0: [8086:344a] type 00 class 0x110100
[    1.905451] pci 0000:fe:0d.0: [8086:344a] type 00 class 0x110100
[    1.905566] pci 0000:fe:0e.0: [8086:344a] type 00 class 0x110100
[    1.905737] pci 0000:fe:0f.0: [8086:344a] type 00 class 0x110100
[    1.905931] pci 0000:fe:1a.0: [8086:2880] type 00 class 0x110100
[    1.906057] pci 0000:fe:1b.0: [8086:2880] type 00 class 0x110100
[    1.906169] pci 0000:fe:1c.0: [8086:2880] type 00 class 0x110100
[    1.906351] pci 0000:fe:1d.0: [8086:2880] type 00 class 0x110100
[    1.906512] pci_bus 0000:fe: on NUMA node 1
[    1.906593] ACPI: PCI Root Bridge [UC17] (domain 0000 [bus ff])
[    1.906596] acpi PNP0A03:03: _OSC: OS supports [ExtendedConfig ASPM ClockPM Segments MSI HPX-Type3]
[    1.906764] acpi PNP0A03:03: _OSC: platform does not support [SHPCHotplug AER LTR]
[    1.906937] acpi PNP0A03:03: _OSC: OS now controls [PCIeHotplug PME PCIeCapability]
[    1.906938] acpi PNP0A03:03: FADT indicates ASPM is unsupported, using BIOS configuration
[    1.907073] PCI host bridge to bus 0000:ff
[    1.907074] pci_bus 0000:ff: root bus resource [bus ff]
[    1.907116] pci 0000:ff:00.0: [8086:344c] type 00 class 0x088000
[    1.907250] pci 0000:ff:00.1: [8086:344c] type 00 class 0x088000
[    1.907388] pci 0000:ff:00.2: [8086:344c] type 00 class 0x088000
[    1.907514] pci 0000:ff:00.3: [8086:344c] type 00 class 0x088000
[    1.907663] pci 0000:ff:00.4: [8086:344c] type 00 class 0x088000
[    1.907805] pci 0000:ff:00.5: [8086:344c] type 00 class 0x088000
[    1.907925] pci 0000:ff:00.6: [8086:344c] type 00 class 0x088000
[    1.908083] pci 0000:ff:00.7: [8086:344c] type 00 class 0x088000
[    1.908249] pci 0000:ff:01.0: [8086:344c] type 00 class 0x088000
[    1.908408] pci 0000:ff:01.1: [8086:344c] type 00 class 0x088000
[    1.908559] pci 0000:ff:01.2: [8086:344c] type 00 class 0x088000
[    1.908670] pci 0000:ff:01.3: [8086:344c] type 00 class 0x088000
[    1.908832] pci 0000:ff:01.4: [8086:344c] type 00 class 0x088000
[    1.908994] pci 0000:ff:01.5: [8086:344c] type 00 class 0x088000
[    1.909161] pci 0000:ff:01.6: [8086:344c] type 00 class 0x088000
[    1.909318] pci 0000:ff:01.7: [8086:344c] type 00 class 0x088000
[    1.909492] pci 0000:ff:02.0: [8086:344c] type 00 class 0x088000
[    1.909650] pci 0000:ff:02.1: [8086:344c] type 00 class 0x088000
[    1.909808] pci 0000:ff:02.2: [8086:344c] type 00 class 0x088000
[    1.909972] pci 0000:ff:02.3: [8086:344c] type 00 class 0x088000
[    1.910133] pci 0000:ff:02.4: [8086:344c] type 00 class 0x088000
[    1.910297] pci 0000:ff:02.5: [8086:344c] type 00 class 0x088000
[    1.910467] pci 0000:ff:02.6: [8086:344c] type 00 class 0x088000
[    1.910648] pci 0000:ff:02.7: [8086:344c] type 00 class 0x088000
[    1.910842] pci 0000:ff:03.0: [8086:344c] type 00 class 0x088000
[    1.911020] pci 0000:ff:03.1: [8086:344c] type 00 class 0x088000
[    1.911194] pci 0000:ff:03.2: [8086:344c] type 00 class 0x088000
[    1.911378] pci 0000:ff:03.3: [8086:344c] type 00 class 0x088000
[    1.911583] pci 0000:ff:0a.0: [8086:344d] type 00 class 0x088000
[    1.911712] pci 0000:ff:0a.1: [8086:344d] type 00 class 0x088000
[    1.911850] pci 0000:ff:0a.2: [8086:344d] type 00 class 0x088000
[    1.911981] pci 0000:ff:0a.3: [8086:344d] type 00 class 0x088000
[    1.912127] pci 0000:ff:0a.4: [8086:344d] type 00 class 0x088000
[    1.912270] pci 0000:ff:0a.5: [8086:344d] type 00 class 0x088000
[    1.912391] pci 0000:ff:0a.6: [8086:344d] type 00 class 0x088000
[    1.912543] pci 0000:ff:0a.7: [8086:344d] type 00 class 0x088000
[    1.912709] pci 0000:ff:0b.0: [8086:344d] type 00 class 0x088000
[    1.912867] pci 0000:ff:0b.1: [8086:344d] type 00 class 0x088000
[    1.913017] pci 0000:ff:0b.2: [8086:344d] type 00 class 0x088000
[    1.913132] pci 0000:ff:0b.3: [8086:344d] type 00 class 0x088000
[    1.913295] pci 0000:ff:0b.4: [8086:344d] type 00 class 0x088000
[    1.913457] pci 0000:ff:0b.5: [8086:344d] type 00 class 0x088000
[    1.913625] pci 0000:ff:0b.6: [8086:344d] type 00 class 0x088000
[    1.913777] pci 0000:ff:0b.7: [8086:344d] type 00 class 0x088000
[    1.913950] pci 0000:ff:0c.0: [8086:344d] type 00 class 0x088000
[    1.914109] pci 0000:ff:0c.1: [8086:344d] type 00 class 0x088000
[    1.914269] pci 0000:ff:0c.2: [8086:344d] type 00 class 0x088000
[    1.914439] pci 0000:ff:0c.3: [8086:344d] type 00 class 0x088000
[    1.914605] pci 0000:ff:0c.4: [8086:344d] type 00 class 0x088000
[    1.914769] pci 0000:ff:0c.5: [8086:344d] type 00 class 0x088000
[    1.914939] pci 0000:ff:0c.6: [8086:344d] type 00 class 0x088000
[    1.915108] pci 0000:ff:0c.7: [8086:344d] type 00 class 0x088000
[    1.915301] pci 0000:ff:0d.0: [8086:344d] type 00 class 0x088000
[    1.915479] pci 0000:ff:0d.1: [8086:344d] type 00 class 0x088000
[    1.915653] pci 0000:ff:0d.2: [8086:344d] type 00 class 0x088000
[    1.915846] pci 0000:ff:0d.3: [8086:344d] type 00 class 0x088000
[    1.916062] pci 0000:ff:1d.0: [8086:344f] type 00 class 0x088000
[    1.916200] pci 0000:ff:1d.1: [8086:3457] type 00 class 0x088000
[    1.916351] pci 0000:ff:1e.0: [8086:3458] type 00 class 0x088000
[    1.916445] pci 0000:ff:1e.1: [8086:3459] type 00 class 0x088000
[    1.916536] pci 0000:ff:1e.2: [8086:345a] type 00 class 0x088000
[    1.916627] pci 0000:ff:1e.3: [8086:345b] type 00 class 0x088000
[    1.916719] pci 0000:ff:1e.4: [8086:345c] type 00 class 0x088000
[    1.916815] pci 0000:ff:1e.5: [8086:345d] type 00 class 0x088000
[    1.916906] pci 0000:ff:1e.6: [8086:345e] type 00 class 0x088000
[    1.916996] pci 0000:ff:1e.7: [8086:345f] type 00 class 0x088000
[    1.917071] pci_bus 0000:ff: on NUMA node 1
[    1.918737] iommu: Default domain type: Translated 
[    1.918740] iommu: DMA domain TLB invalidation policy: lazy mode 
[    1.918750] pci 0000:03:00.0: vgaarb: setting as boot VGA device
[    1.918750] pci 0000:03:00.0: vgaarb: VGA device added: decodes=io+mem,owns=io+mem,locks=none
[    1.918781] pci 0000:03:00.0: vgaarb: bridge control possible
[    1.918782] vgaarb: loaded
[    1.918962] SCSI subsystem initialized
[    1.919003] libata version 3.00 loaded.
[    1.919003] ACPI: bus type USB registered
[    1.919003] usbcore: registered new interface driver usbfs
[    1.919003] usbcore: registered new interface driver hub
[    1.919003] usbcore: registered new device driver usb
[    1.919003] pps_core: LinuxPPS API ver. 1 registered
[    1.919003] pps_core: Software ver. 5.3.6 - Copyright 2005-2007 Rodolfo Giometti <giometti@linux.it>
[    1.919003] PTP clock support registered
[    1.919003] EDAC MC: Ver: 3.0.0
[    1.922754] Registered efivars operations
[    1.922882] NetLabel: Initializing
[    1.922883] NetLabel:  domain hash size = 128
[    1.922884] NetLabel:  protocols = UNLABELED CIPSOv4 CALIPSO
[    1.922898] NetLabel:  unlabeled traffic allowed by default
[    1.922907] PCI: Using ACPI for IRQ routing
[    1.923059] PCI: pci_cache_line_size set to 64 bytes
[    1.923614] e820: reserve RAM buffer [mem 0x0008f000-0x0008ffff]
[    1.923616] e820: reserve RAM buffer [mem 0x46cc5020-0x47ffffff]
[    1.923618] e820: reserve RAM buffer [mem 0x46cf7020-0x47ffffff]
[    1.923619] e820: reserve RAM buffer [mem 0x46d2a020-0x47ffffff]
[    1.923620] e820: reserve RAM buffer [mem 0x46d5d020-0x47ffffff]
[    1.923621] e820: reserve RAM buffer [mem 0x49e77000-0x4bffffff]
[    1.923622] e820: reserve RAM buffer [mem 0x4b2cf000-0x4bffffff]
[    1.923623] e820: reserve RAM buffer [mem 0x4bd94000-0x4bffffff]
[    1.923624] e820: reserve RAM buffer [mem 0x4ce00000-0x4fffffff]
[    1.923625] e820: reserve RAM buffer [mem 0x5eefe000-0x5fffffff]
[    1.923626] e820: reserve RAM buffer [mem 0x6f800000-0x6fffffff]
[    1.928001] hpet0: at MMIO 0xfed00000, IRQs 2, 8, 0, 0, 0, 0, 0, 0
[    1.928008] hpet0: 8 comparators, 64-bit 24.000000 MHz counter
[    1.930973] clocksource: Switched to clocksource tsc-early
[    1.939231] VFS: Disk quotas dquot_6.6.0
[    1.939271] VFS: Dquot-cache hash table entries: 512 (order 0, 4096 bytes)
[    1.939416] AppArmor: AppArmor Filesystem Enabled
[    1.939434] pnp: PnP ACPI init
[    1.954723] system 00:01: [io  0x0500-0x05fe] has been reserved
[    1.954726] system 00:01: [io  0x0400-0x041f] has been reserved
[    1.954728] system 00:01: [io  0x0600-0x061f] has been reserved
[    1.954729] system 00:01: [io  0x0ca0-0x0ca1] has been reserved
[    1.954731] system 00:01: [io  0x0ca4-0x0ca6] has been reserved
[    1.954733] system 00:01: [mem 0xff000000-0xffffffff] has been reserved
[    1.955313] system 00:04: [mem 0xfd000000-0xfdabffff] has been reserved
[    1.955315] system 00:04: [mem 0xfdad0000-0xfdadffff] has been reserved
[    1.955316] system 00:04: [mem 0xfdb00000-0xfdffffff] has been reserved
[    1.955318] system 00:04: [mem 0xfe000000-0xfe00ffff] has been reserved
[    1.955319] system 00:04: [mem 0xfe011000-0xfe01ffff] has been reserved
[    1.955321] system 00:04: [mem 0xfe036000-0xfe03bfff] has been reserved
[    1.955322] system 00:04: [mem 0xfe03d000-0xfe3fffff] has been reserved
[    1.955323] system 00:04: [mem 0xfe410000-0xfe7fffff] has been reserved
[    1.955649] system 00:05: [io  0x1000-0x10fe] has been reserved
[    1.956628] pnp: PnP ACPI: found 6 devices
[    1.962181] clocksource: acpi_pm: mask: 0xffffff max_cycles: 0xffffff, max_idle_ns: 2085701024 ns
[    1.962258] NET: Registered PF_INET protocol family
[    1.962591] IP idents hash table entries: 262144 (order: 9, 2097152 bytes, vmalloc)
[    1.964736] tcp_listen_portaddr_hash hash table entries: 16384 (order: 6, 262144 bytes, vmalloc)
[    1.965077] TCP established hash table entries: 262144 (order: 9, 2097152 bytes, vmalloc)
[    1.965462] TCP bind hash table entries: 65536 (order: 8, 1048576 bytes, vmalloc)
[    1.965522] TCP: Hash tables configured (established 262144 bind 65536)
[    1.965735] UDP hash table entries: 16384 (order: 7, 524288 bytes, vmalloc)
[    1.965851] UDP-Lite hash table entries: 16384 (order: 7, 524288 bytes, vmalloc)
[    1.966080] NET: Registered PF_UNIX/PF_LOCAL protocol family
[    1.966085] NET: Registered PF_XDP protocol family
[    1.966096] pci 0000:04:00.0: can't claim BAR 6 [mem 0xfffc0000-0xffffffff pref]: no compatible bridge window
[    1.966099] pci 0000:04:00.1: can't claim BAR 6 [mem 0xfffc0000-0xffffffff pref]: no compatible bridge window
[    1.966101] pci 0000:17:00.0: can't claim BAR 6 [mem 0xfff00000-0xffffffff pref]: no compatible bridge window
[    1.966117] pci 0000:00:1c.5: BAR 14: assigned [mem 0x90000000-0x900fffff]
[    1.966120] pci 0000:00:1c.0: PCI bridge to [bus 01]
[    1.966129] pci 0000:02:00.0: PCI bridge to [bus 03]
[    1.966134] pci 0000:02:00.0:   bridge window [mem 0x92000000-0x928fffff]
[    1.966139] pci 0000:02:00.0:   bridge window [mem 0x91000000-0x91ffffff 64bit pref]
[    1.966145] pci 0000:00:1c.4: PCI bridge to [bus 02-03]
[    1.966148] pci 0000:00:1c.4:   bridge window [mem 0x92000000-0x928fffff]
[    1.966151] pci 0000:00:1c.4:   bridge window [mem 0x91000000-0x91ffffff 64bit pref]
[    1.966156] pci 0000:04:00.0: BAR 6: assigned [mem 0x90000000-0x9003ffff pref]
[    1.966158] pci 0000:04:00.1: BAR 6: assigned [mem 0x90040000-0x9007ffff pref]
[    1.966159] pci 0000:00:1c.5: PCI bridge to [bus 04]
[    1.966162] pci 0000:00:1c.5:   bridge window [mem 0x90000000-0x900fffff]
[    1.966165] pci 0000:00:1c.5:   bridge window [mem 0x92900000-0x929fffff 64bit pref]
[    1.966169] pci_bus 0000:00: resource 4 [io  0x0000-0x0cf7 window]
[    1.966171] pci_bus 0000:00: resource 5 [io  0x1000-0x4fff window]
[    1.966172] pci_bus 0000:00: resource 6 [mem 0x000a0000-0x000bffff window]
[    1.966174] pci_bus 0000:00: resource 7 [mem 0x000c8000-0x000cffff window]
[    1.966175] pci_bus 0000:00: resource 8 [mem 0xfe010000-0xfe010fff window]
[    1.966176] pci_bus 0000:00: resource 9 [mem 0x90000000-0x9b7fffff window]
[    1.966178] pci_bus 0000:00: resource 10 [mem 0x200000000000-0x20ffffffffff window]
[    1.966180] pci_bus 0000:02: resource 1 [mem 0x92000000-0x928fffff]
[    1.966181] pci_bus 0000:02: resource 2 [mem 0x91000000-0x91ffffff 64bit pref]
[    1.966182] pci_bus 0000:03: resource 1 [mem 0x92000000-0x928fffff]
[    1.966183] pci_bus 0000:03: resource 2 [mem 0x91000000-0x91ffffff 64bit pref]
[    1.966184] pci_bus 0000:04: resource 1 [mem 0x90000000-0x900fffff]
[    1.966185] pci_bus 0000:04: resource 2 [mem 0x92900000-0x929fffff 64bit pref]
[    1.966253] pci 0000:17:00.0: BAR 6: no space for [mem size 0x00100000 pref]
[    1.966255] pci 0000:17:00.0: BAR 6: failed to assign [mem size 0x00100000 pref]
[    1.966256] pci 0000:16:02.0: PCI bridge to [bus 17]
[    1.966258] pci 0000:16:02.0:   bridge window [io  0x5000-0x5fff]
[    1.966260] pci 0000:16:02.0:   bridge window [mem 0x9ba00000-0x9bafffff]
[    1.966262] pci 0000:16:02.0:   bridge window [mem 0x9b800000-0x9b9fffff 64bit pref]
[    1.966266] pci_bus 0000:16: resource 4 [io  0x5000-0x6fff window]
[    1.966267] pci_bus 0000:16: resource 5 [mem 0x9b800000-0xa63fffff window]
[    1.966268] pci_bus 0000:16: resource 6 [mem 0x210000000000-0x21ffffffffff window]
[    1.966269] pci_bus 0000:17: resource 0 [io  0x5000-0x5fff]
[    1.966271] pci_bus 0000:17: resource 1 [mem 0x9ba00000-0x9bafffff]
[    1.966272] pci_bus 0000:17: resource 2 [mem 0x9b800000-0x9b9fffff 64bit pref]
[    1.966278] pci_bus 0000:30: resource 4 [io  0x7000-0x8fff window]
[    1.966279] pci_bus 0000:30: resource 5 [mem 0xa6400000-0xb0ffffff window]
[    1.966280] pci_bus 0000:30: resource 6 [mem 0x220000000000-0x22ffffffffff window]
[    1.966286] pci_bus 0000:4a: resource 4 [io  0x9000-0x9fff window]
[    1.966287] pci_bus 0000:4a: resource 5 [mem 0xb1000000-0xbbbfffff window]
[    1.966288] pci_bus 0000:4a: resource 6 [mem 0x230000000000-0x23ffffffffff window]
[    1.966294] pci_bus 0000:64: resource 4 [io  0xa000-0xafff window]
[    1.966295] pci_bus 0000:64: resource 5 [mem 0xbbc00000-0xc5ffffff window]
[    1.966296] pci_bus 0000:64: resource 6 [mem 0x240000000000-0x24ffffffffff window]
[    1.966327] pci_bus 0000:80: resource 4 [io  0xb000-0xbfff window]
[    1.966328] pci_bus 0000:80: resource 5 [mem 0xc6800000-0xd0ffffff window]
[    1.966329] pci_bus 0000:80: resource 6 [mem 0x250000000000-0x25ffffffffff window]
[    1.966335] pci_bus 0000:81: resource 4 [io  0xc000-0xcfff window]
[    1.966336] pci_bus 0000:81: resource 5 [mem 0xd1000000-0xdbbfffff window]
[    1.966337] pci_bus 0000:81: resource 6 [mem 0x260000000000-0x26ffffffffff window]
[    1.966342] pci_bus 0000:82: resource 4 [io  0xd000-0xdfff window]
[    1.966343] pci_bus 0000:82: resource 5 [mem 0xdbc00000-0xe67fffff window]
