[    0.000000] Linux version 5.15.0-tiering-0.8 (xmu@xmu-PowerEdge-R750) (gcc (Ubuntu 8.4.0-1ubuntu1~18.04) 8.4.0, GNU ld (GNU Binutils for Ubuntu) 2.30) #1 SMP Thu Apr 18 19:37:58 CST 2024
[    0.000000] Command line: BOOT_IMAGE=/boot/vmlinuz-5.15.0-tiering-0.8 root=UUID=ce0c24b8-724b-4f33-9b2c-618433560aef ro memmap=19G!45G quiet splash nomodeset vt.handoff=1
[    0.000000] KERNEL supported cpus:
[    0.000000]   Intel GenuineIntel
[    0.000000]   AMD AuthenticAMD
[    0.000000]   Hygon HygonGenuine
[    0.000000]   Centaur CentaurHauls
[    0.000000]   zhaoxin   Shanghai  
[    0.000000] x86/split lock detection: #AC: crashing the kernel on kernel split_locks and warning on user-space split_locks
[    0.000000] x86/fpu: Supporting XSAVE feature 0x001: 'x87 floating point registers'
[    0.000000] x86/fpu: Supporting XSAVE feature 0x002: 'SSE registers'
[    0.000000] x86/fpu: Supporting XSAVE feature 0x004: 'AVX registers'
[    0.000000] x86/fpu: Supporting XSAVE feature 0x020: 'AVX-512 opmask'
[    0.000000] x86/fpu: Supporting XSAVE feature 0x040: 'AVX-512 Hi256'
[    0.000000] x86/fpu: Supporting XSAVE feature 0x080: 'AVX-512 ZMM_Hi256'
[    0.000000] x86/fpu: Supporting XSAVE feature 0x200: 'Protection Keys User registers'
[    0.000000] x86/fpu: xstate_offset[2]:  576, xstate_sizes[2]:  256
[    0.000000] x86/fpu: xstate_offset[5]:  832, xstate_sizes[5]:   64
[    0.000000] x86/fpu: xstate_offset[6]:  896, xstate_sizes[6]:  512
[    0.000000] x86/fpu: xstate_offset[7]: 1408, xstate_sizes[7]: 1024
[    0.000000] x86/fpu: xstate_offset[9]: 2432, xstate_sizes[9]:    8
[    0.000000] x86/fpu: Enabled xstate features 0x2e7, context size is 2440 bytes, using 'compacted' format.
[    0.000000] signal: max sigframe size: 3632
[    0.000000] BIOS-provided physical RAM map:
[    0.000000] BIOS-e820: [mem 0x0000000000000000-0x000000000008efff] usable
[    0.000000] BIOS-e820: [mem 0x000000000008f000-0x000000000008ffff] reserved
[    0.000000] BIOS-e820: [mem 0x0000000000090000-0x000000000009ffff] usable
[    0.000000] BIOS-e820: [mem 0x00000000000a0000-0x00000000000fffff] reserved
[    0.000000] BIOS-e820: [mem 0x0000000000100000-0x0000000049e76fff] usable
[    0.000000] BIOS-e820: [mem 0x0000000049e77000-0x000000004ae76fff] ACPI NVS
[    0.000000] BIOS-e820: [mem 0x000000004ae77000-0x000000004b2cefff] usable
[    0.000000] BIOS-e820: [mem 0x000000004b2cf000-0x000000004b54dfff] ACPI data
[    0.000000] BIOS-e820: [mem 0x000000004b54e000-0x000000004bd93fff] usable
[    0.000000] BIOS-e820: [mem 0x000000004bd94000-0x000000004be99fff] reserved
[    0.000000] BIOS-e820: [mem 0x000000004be9a000-0x000000004cdfffff] usable
[    0.000000] BIOS-e820: [mem 0x000000004ce00000-0x000000004cffffff] reserved
[    0.000000] BIOS-e820: [mem 0x000000004d000000-0x000000005eefdfff] usable
[    0.000000] BIOS-e820: [mem 0x000000005eefe000-0x000000006e3fefff] reserved
[    0.000000] BIOS-e820: [mem 0x000000006e3ff000-0x000000006f3fefff] ACPI NVS
[    0.000000] BIOS-e820: [mem 0x000000006f3ff000-0x000000006f7fefff] ACPI data
[    0.000000] BIOS-e820: [mem 0x000000006f7ff000-0x000000006f7fffff] usable
[    0.000000] BIOS-e820: [mem 0x000000006f800000-0x000000008fffffff] reserved
[    0.000000] BIOS-e820: [mem 0x00000000fe000000-0x00000000fe010fff] reserved
[    0.000000] BIOS-e820: [mem 0x0000000100000000-0x000000207fffffff] usable
[    0.000000] BIOS-e820: [mem 0x0000002080000000-0x0000011c7fffffff] persistent (type 7)
[    0.000000] BIOS-e820: [mem 0x00001ffc00000000-0x00001fffffffffff] reserved
[    0.000000] NX (Execute Disable) protection: active
[    0.000000] e820: update [mem 0x46d5d020-0x46d6505f] usable ==> usable
[    0.000000] e820: update [mem 0x46d5d020-0x46d6505f] usable ==> usable
[    0.000000] e820: update [mem 0x46d2a020-0x46d5cc5f] usable ==> usable
[    0.000000] e820: update [mem 0x46d2a020-0x46d5cc5f] usable ==> usable
[    0.000000] e820: update [mem 0x46cf7020-0x46d29c5f] usable ==> usable
[    0.000000] e820: update [mem 0x46cf7020-0x46d29c5f] usable ==> usable
[    0.000000] e820: update [mem 0x46cc5020-0x46cf6a5f] usable ==> usable
[    0.000000] e820: update [mem 0x46cc5020-0x46cf6a5f] usable ==> usable
[    0.000000] extended physical RAM map:
[    0.000000] reserve setup_data: [mem 0x0000000000000000-0x000000000008efff] usable
[    0.000000] reserve setup_data: [mem 0x000000000008f000-0x000000000008ffff] reserved
[    0.000000] reserve setup_data: [mem 0x0000000000090000-0x000000000009ffff] usable
[    0.000000] reserve setup_data: [mem 0x00000000000a0000-0x00000000000fffff] reserved
[    0.000000] reserve setup_data: [mem 0x0000000000100000-0x0000000046cc501f] usable
[    0.000000] reserve setup_data: [mem 0x0000000046cc5020-0x0000000046cf6a5f] usable
[    0.000000] reserve setup_data: [mem 0x0000000046cf6a60-0x0000000046cf701f] usable
[    0.000000] reserve setup_data: [mem 0x0000000046cf7020-0x0000000046d29c5f] usable
[    0.000000] reserve setup_data: [mem 0x0000000046d29c60-0x0000000046d2a01f] usable
[    0.000000] reserve setup_data: [mem 0x0000000046d2a020-0x0000000046d5cc5f] usable
[    0.000000] reserve setup_data: [mem 0x0000000046d5cc60-0x0000000046d5d01f] usable
[    0.000000] reserve setup_data: [mem 0x0000000046d5d020-0x0000000046d6505f] usable
[    0.000000] reserve setup_data: [mem 0x0000000046d65060-0x0000000049e76fff] usable
[    0.000000] reserve setup_data: [mem 0x0000000049e77000-0x000000004ae76fff] ACPI NVS
[    0.000000] reserve setup_data: [mem 0x000000004ae77000-0x000000004b2cefff] usable
[    0.000000] reserve setup_data: [mem 0x000000004b2cf000-0x000000004b54dfff] ACPI data
[    0.000000] reserve setup_data: [mem 0x000000004b54e000-0x000000004bd93fff] usable
[    0.000000] reserve setup_data: [mem 0x000000004bd94000-0x000000004be99fff] reserved
[    0.000000] reserve setup_data: [mem 0x000000004be9a000-0x000000004cdfffff] usable
[    0.000000] reserve setup_data: [mem 0x000000004ce00000-0x000000004cffffff] reserved
[    0.000000] reserve setup_data: [mem 0x000000004d000000-0x000000005eefdfff] usable
[    0.000000] reserve setup_data: [mem 0x000000005eefe000-0x000000006e3fefff] reserved
[    0.000000] reserve setup_data: [mem 0x000000006e3ff000-0x000000006f3fefff] ACPI NVS
[    0.000000] reserve setup_data: [mem 0x000000006f3ff000-0x000000006f7fefff] ACPI data
[    0.000000] reserve setup_data: [mem 0x000000006f7ff000-0x000000006f7fffff] usable
[    0.000000] reserve setup_data: [mem 0x000000006f800000-0x000000008fffffff] reserved
[    0.000000] reserve setup_data: [mem 0x00000000fe000000-0x00000000fe010fff] reserved
[    0.000000] reserve setup_data: [mem 0x0000000100000000-0x0000000b3fffffff] usable
[    0.000000] reserve setup_data: [mem 0x0000000b40000000-0x0000000fffffffff] persistent (type 12)
[    0.000000] reserve setup_data: [mem 0x0000001000000000-0x000000207fffffff] usable
[    0.000000] reserve setup_data: [mem 0x0000002080000000-0x0000011c7fffffff] persistent (type 7)
[    0.000000] reserve setup_data: [mem 0x00001ffc00000000-0x00001fffffffffff] reserved
[    0.000000] user-defined physical RAM map:
[    0.000000] user: [mem 0x0000000000000000-0x000000000008efff] usable
[    0.000000] user: [mem 0x000000000008f000-0x000000000008ffff] reserved
[    0.000000] user: [mem 0x0000000000090000-0x000000000009ffff] usable
[    0.000000] user: [mem 0x00000000000a0000-0x00000000000fffff] reserved
[    0.000000] user: [mem 0x0000000000100000-0x0000000046cc501f] usable
[    0.000000] user: [mem 0x0000000046cc5020-0x0000000046cf6a5f] usable
[    0.000000] user: [mem 0x0000000046cf6a60-0x0000000046cf701f] usable
[    0.000000] user: [mem 0x0000000046cf7020-0x0000000046d29c5f] usable
[    0.000000] user: [mem 0x0000000046d29c60-0x0000000046d2a01f] usable
[    0.000000] user: [mem 0x0000000046d2a020-0x0000000046d5cc5f] usable
[    0.000000] user: [mem 0x0000000046d5cc60-0x0000000046d5d01f] usable
[    0.000000] user: [mem 0x0000000046d5d020-0x0000000046d6505f] usable
[    0.000000] user: [mem 0x0000000046d65060-0x0000000049e76fff] usable
[    0.000000] user: [mem 0x0000000049e77000-0x000000004ae76fff] ACPI NVS
[    0.000000] user: [mem 0x000000004ae77000-0x000000004b2cefff] usable
[    0.000000] user: [mem 0x000000004b2cf000-0x000000004b54dfff] ACPI data
[    0.000000] user: [mem 0x000000004b54e000-0x000000004bd93fff] usable
[    0.000000] user: [mem 0x000000004bd94000-0x000000004be99fff] reserved
[    0.000000] user: [mem 0x000000004be9a000-0x000000004cdfffff] usable
[    0.000000] user: [mem 0x000000004ce00000-0x000000004cffffff] reserved
[    0.000000] user: [mem 0x000000004d000000-0x000000005eefdfff] usable
[    0.000000] user: [mem 0x000000005eefe000-0x000000006e3fefff] reserved
[    0.000000] user: [mem 0x000000006e3ff000-0x000000006f3fefff] ACPI NVS
[    0.000000] user: [mem 0x000000006f3ff000-0x000000006f7fefff] ACPI data
[    0.000000] user: [mem 0x000000006f7ff000-0x000000006f7fffff] usable
[    0.000000] user: [mem 0x000000006f800000-0x000000008fffffff] reserved
[    0.000000] user: [mem 0x00000000fe000000-0x00000000fe010fff] reserved
[    0.000000] user: [mem 0x0000000100000000-0x0000000b3fffffff] usable
[    0.000000] user: [mem 0x0000000b40000000-0x0000000fffffffff] persistent (type 12)
[    0.000000] user: [mem 0x0000001000000000-0x000000207fffffff] usable
[    0.000000] user: [mem 0x0000002080000000-0x0000011c7fffffff] persistent (type 7)
[    0.000000] user: [mem 0x00001ffc00000000-0x00001fffffffffff] reserved
[    0.000000] efi: EFI v2.70 by Dell Inc.
[    0.000000] efi: ACPI=0x6f7fe000 ACPI 2.0=0x6f7fe014 MEMATTR=0x5b070020 SMBIOS=0x69526000 SMBIOS 3.0=0x69524000 MOKvar=0x5ef81000 RNG=0x5ef8a920 
[    0.000000] efi: seeding entropy pool
[    0.000000] random: fast init done
[    0.000000] SMBIOS 3.3.0 present.
[    0.000000] DMI: Dell Inc. PowerEdge R750/0K8F35, BIOS 1.10.2 03/03/2023
[    0.000000] tsc: Detected 2000.000 MHz processor
[    0.000007] e820: update [mem 0x00000000-0x00000fff] usable ==> reserved
[    0.000010] e820: remove [mem 0x000a0000-0x000fffff] usable
[    0.000018] last_pfn = 0x2080000 max_arch_pfn = 0x400000000
[    0.000189] x86/PAT: Configuration [0-7]: WB  WC  UC- UC  WB  WP  UC- WT  
[    0.002773] total RAM covered: 2095088M
[    0.002856]  gran_size: 64K 	chunk_size: 64K 	num_reg: 10  	lose cover RAM: 2016G
[    0.002859]  gran_size: 64K 	chunk_size: 128K 	num_reg: 10  	lose cover RAM: 2016G
[    0.002860]  gran_size: 64K 	chunk_size: 256K 	num_reg: 10  	lose cover RAM: 2016G
[    0.002861]  gran_size: 64K 	chunk_size: 512K 	num_reg: 10  	lose cover RAM: 2016G
[    0.002863]  gran_size: 64K 	chunk_size: 1M 	num_reg: 10  	lose cover RAM: 2016G
[    0.002865]  gran_size: 64K 	chunk_size: 2M 	num_reg: 10  	lose cover RAM: 2016G
[    0.002866]  gran_size: 64K 	chunk_size: 4M 	num_reg: 10  	lose cover RAM: 2016G
[    0.002867]  gran_size: 64K 	chunk_size: 8M 	num_reg: 10  	lose cover RAM: 2016G
[    0.002868]  gran_size: 64K 	chunk_size: 16M 	num_reg: 10  	lose cover RAM: 2016G
[    0.002870]  gran_size: 64K 	chunk_size: 32M 	num_reg: 10  	lose cover RAM: 1024G
[    0.002871]  gran_size: 64K 	chunk_size: 64M 	num_reg: 10  	lose cover RAM: 1024G
[    0.002872]  gran_size: 64K 	chunk_size: 128M 	num_reg: 10  	lose cover RAM: 1024G
[    0.002873]  gran_size: 64K 	chunk_size: 256M 	num_reg: 10  	lose cover RAM: 1024G
[    0.002875]  gran_size: 64K 	chunk_size: 512M 	num_reg: 10  	lose cover RAM: 1024G
[    0.002876]  gran_size: 64K 	chunk_size: 1G 	num_reg: 10  	lose cover RAM: 1024G
[    0.002877]  gran_size: 64K 	chunk_size: 2G 	num_reg: 10  	lose cover RAM: 1024G
[    0.002878]  gran_size: 128K 	chunk_size: 128K 	num_reg: 10  	lose cover RAM: 2016G
[    0.002880]  gran_size: 128K 	chunk_size: 256K 	num_reg: 10  	lose cover RAM: 2016G
[    0.002881]  gran_size: 128K 	chunk_size: 512K 	num_reg: 10  	lose cover RAM: 2016G
[    0.002882]  gran_size: 128K 	chunk_size: 1M 	num_reg: 10  	lose cover RAM: 2016G
[    0.002884]  gran_size: 128K 	chunk_size: 2M 	num_reg: 10  	lose cover RAM: 2016G
[    0.002885]  gran_size: 128K 	chunk_size: 4M 	num_reg: 10  	lose cover RAM: 2016G
[    0.002886]  gran_size: 128K 	chunk_size: 8M 	num_reg: 10  	lose cover RAM: 2016G
[    0.002887]  gran_size: 128K 	chunk_size: 16M 	num_reg: 10  	lose cover RAM: 2016G
[    0.002889]  gran_size: 128K 	chunk_size: 32M 	num_reg: 10  	lose cover RAM: 1024G
[    0.002890]  gran_size: 128K 	chunk_size: 64M 	num_reg: 10  	lose cover RAM: 1024G
[    0.002891]  gran_size: 128K 	chunk_size: 128M 	num_reg: 10  	lose cover RAM: 1024G
[    0.002893]  gran_size: 128K 	chunk_size: 256M 	num_reg: 10  	lose cover RAM: 1024G
[    0.002894]  gran_size: 128K 	chunk_size: 512M 	num_reg: 10  	lose cover RAM: 1024G
[    0.002895]  gran_size: 128K 	chunk_size: 1G 	num_reg: 10  	lose cover RAM: 1024G
[    0.002897]  gran_size: 128K 	chunk_size: 2G 	num_reg: 10  	lose cover RAM: 1024G
[    0.002898]  gran_size: 256K 	chunk_size: 256K 	num_reg: 10  	lose cover RAM: 2016G
[    0.002899]  gran_size: 256K 	chunk_size: 512K 	num_reg: 10  	lose cover RAM: 2016G
[    0.002901]  gran_size: 256K 	chunk_size: 1M 	num_reg: 10  	lose cover RAM: 2016G
[    0.002902]  gran_size: 256K 	chunk_size: 2M 	num_reg: 10  	lose cover RAM: 2016G
[    0.002903]  gran_size: 256K 	chunk_size: 4M 	num_reg: 10  	lose cover RAM: 2016G
[    0.002905]  gran_size: 256K 	chunk_size: 8M 	num_reg: 10  	lose cover RAM: 2016G
[    0.002906]  gran_size: 256K 	chunk_size: 16M 	num_reg: 10  	lose cover RAM: 2016G
[    0.002907]  gran_size: 256K 	chunk_size: 32M 	num_reg: 10  	lose cover RAM: 1024G
[    0.002908]  gran_size: 256K 	chunk_size: 64M 	num_reg: 10  	lose cover RAM: 1024G
[    0.002910]  gran_size: 256K 	chunk_size: 128M 	num_reg: 10  	lose cover RAM: 1024G
[    0.002911]  gran_size: 256K 	chunk_size: 256M 	num_reg: 10  	lose cover RAM: 1024G
[    0.002912]  gran_size: 256K 	chunk_size: 512M 	num_reg: 10  	lose cover RAM: 1024G
[    0.002913]  gran_size: 256K 	chunk_size: 1G 	num_reg: 10  	lose cover RAM: 1024G
[    0.002915]  gran_size: 256K 	chunk_size: 2G 	num_reg: 10  	lose cover RAM: 1024G
[    0.002916]  gran_size: 512K 	chunk_size: 512K 	num_reg: 10  	lose cover RAM: 2016G
[    0.002917]  gran_size: 512K 	chunk_size: 1M 	num_reg: 10  	lose cover RAM: 2016G
[    0.002919]  gran_size: 512K 	chunk_size: 2M 	num_reg: 10  	lose cover RAM: 2016G
[    0.002920]  gran_size: 512K 	chunk_size: 4M 	num_reg: 10  	lose cover RAM: 2016G
[    0.002921]  gran_size: 512K 	chunk_size: 8M 	num_reg: 10  	lose cover RAM: 2016G
[    0.002923]  gran_size: 512K 	chunk_size: 16M 	num_reg: 10  	lose cover RAM: 2016G
[    0.002924]  gran_size: 512K 	chunk_size: 32M 	num_reg: 10  	lose cover RAM: 1024G
[    0.002925]  gran_size: 512K 	chunk_size: 64M 	num_reg: 10  	lose cover RAM: 1024G
[    0.002927]  gran_size: 512K 	chunk_size: 128M 	num_reg: 10  	lose cover RAM: 1024G
[    0.002928]  gran_size: 512K 	chunk_size: 256M 	num_reg: 10  	lose cover RAM: 1024G
[    0.002929]  gran_size: 512K 	chunk_size: 512M 	num_reg: 10  	lose cover RAM: 1024G
[    0.002930]  gran_size: 512K 	chunk_size: 1G 	num_reg: 10  	lose cover RAM: 1024G
[    0.002932]  gran_size: 512K 	chunk_size: 2G 	num_reg: 10  	lose cover RAM: 1024G
[    0.002933]  gran_size: 1M 	chunk_size: 1M 	num_reg: 10  	lose cover RAM: 2016G
[    0.002934]  gran_size: 1M 	chunk_size: 2M 	num_reg: 10  	lose cover RAM: 2016G
[    0.002936]  gran_size: 1M 	chunk_size: 4M 	num_reg: 10  	lose cover RAM: 2016G
[    0.002937]  gran_size: 1M 	chunk_size: 8M 	num_reg: 10  	lose cover RAM: 2016G
[    0.002938]  gran_size: 1M 	chunk_size: 16M 	num_reg: 10  	lose cover RAM: 2016G
[    0.002939]  gran_size: 1M 	chunk_size: 32M 	num_reg: 10  	lose cover RAM: 1024G
[    0.002941]  gran_size: 1M 	chunk_size: 64M 	num_reg: 10  	lose cover RAM: 1024G
[    0.002942]  gran_size: 1M 	chunk_size: 128M 	num_reg: 10  	lose cover RAM: 1024G
[    0.002943]  gran_size: 1M 	chunk_size: 256M 	num_reg: 10  	lose cover RAM: 1024G
[    0.002944]  gran_size: 1M 	chunk_size: 512M 	num_reg: 10  	lose cover RAM: 1024G
[    0.002946]  gran_size: 1M 	chunk_size: 1G 	num_reg: 10  	lose cover RAM: 1024G
[    0.002947]  gran_size: 1M 	chunk_size: 2G 	num_reg: 10  	lose cover RAM: 1024G
[    0.002948]  gran_size: 2M 	chunk_size: 2M 	num_reg: 10  	lose cover RAM: 2016G
[    0.002949]  gran_size: 2M 	chunk_size: 4M 	num_reg: 10  	lose cover RAM: 2016G
[    0.002951]  gran_size: 2M 	chunk_size: 8M 	num_reg: 10  	lose cover RAM: 2016G
[    0.002952]  gran_size: 2M 	chunk_size: 16M 	num_reg: 10  	lose cover RAM: 2016G
[    0.002953]  gran_size: 2M 	chunk_size: 32M 	num_reg: 10  	lose cover RAM: 1024G
[    0.002954]  gran_size: 2M 	chunk_size: 64M 	num_reg: 10  	lose cover RAM: 1024G
[    0.002956]  gran_size: 2M 	chunk_size: 128M 	num_reg: 10  	lose cover RAM: 1024G
[    0.002957]  gran_size: 2M 	chunk_size: 256M 	num_reg: 10  	lose cover RAM: 1024G
[    0.002958]  gran_size: 2M 	chunk_size: 512M 	num_reg: 10  	lose cover RAM: 1024G
[    0.002960]  gran_size: 2M 	chunk_size: 1G 	num_reg: 10  	lose cover RAM: 1024G
[    0.002961]  gran_size: 2M 	chunk_size: 2G 	num_reg: 10  	lose cover RAM: 1024G
[    0.002962]  gran_size: 4M 	chunk_size: 4M 	num_reg: 10  	lose cover RAM: 2016G
[    0.002964]  gran_size: 4M 	chunk_size: 8M 	num_reg: 10  	lose cover RAM: 2016G
[    0.002965]  gran_size: 4M 	chunk_size: 16M 	num_reg: 10  	lose cover RAM: 2016G
[    0.002966]  gran_size: 4M 	chunk_size: 32M 	num_reg: 10  	lose cover RAM: 1024G
[    0.002967]  gran_size: 4M 	chunk_size: 64M 	num_reg: 10  	lose cover RAM: 1024G
[    0.002969]  gran_size: 4M 	chunk_size: 128M 	num_reg: 10  	lose cover RAM: 1024G
[    0.002970]  gran_size: 4M 	chunk_size: 256M 	num_reg: 10  	lose cover RAM: 1024G
[    0.002971]  gran_size: 4M 	chunk_size: 512M 	num_reg: 10  	lose cover RAM: 1024G
[    0.002972]  gran_size: 4M 	chunk_size: 1G 	num_reg: 10  	lose cover RAM: 1024G
[    0.002974]  gran_size: 4M 	chunk_size: 2G 	num_reg: 10  	lose cover RAM: 1024G
[    0.002975]  gran_size: 8M 	chunk_size: 8M 	num_reg: 10  	lose cover RAM: 2016G
[    0.002976]  gran_size: 8M 	chunk_size: 16M 	num_reg: 10  	lose cover RAM: 2016G
[    0.002978]  gran_size: 8M 	chunk_size: 32M 	num_reg: 10  	lose cover RAM: 1024G
[    0.002979]  gran_size: 8M 	chunk_size: 64M 	num_reg: 10  	lose cover RAM: 1024G
[    0.002980]  gran_size: 8M 	chunk_size: 128M 	num_reg: 10  	lose cover RAM: 1024G
[    0.002981]  gran_size: 8M 	chunk_size: 256M 	num_reg: 10  	lose cover RAM: 1024G
[    0.002983]  gran_size: 8M 	chunk_size: 512M 	num_reg: 10  	lose cover RAM: 1024G
[    0.002984]  gran_size: 8M 	chunk_size: 1G 	num_reg: 10  	lose cover RAM: 1024G
[    0.002985]  gran_size: 8M 	chunk_size: 2G 	num_reg: 10  	lose cover RAM: 1024G
[    0.002987]  gran_size: 16M 	chunk_size: 16M 	num_reg: 10  	lose cover RAM: 2016G
[    0.002988]  gran_size: 16M 	chunk_size: 32M 	num_reg: 10  	lose cover RAM: 1024G
[    0.002989]  gran_size: 16M 	chunk_size: 64M 	num_reg: 10  	lose cover RAM: 1024G
[    0.002991]  gran_size: 16M 	chunk_size: 128M 	num_reg: 10  	lose cover RAM: 1024G
[    0.002992]  gran_size: 16M 	chunk_size: 256M 	num_reg: 10  	lose cover RAM: 1024G
[    0.002993]  gran_size: 16M 	chunk_size: 512M 	num_reg: 10  	lose cover RAM: 1024G
[    0.002994]  gran_size: 16M 	chunk_size: 1G 	num_reg: 10  	lose cover RAM: 1024G
[    0.002996]  gran_size: 16M 	chunk_size: 2G 	num_reg: 10  	lose cover RAM: 1024G
[    0.002997]  gran_size: 32M 	chunk_size: 32M 	num_reg: 10  	lose cover RAM: 2031632M
[    0.002998]  gran_size: 32M 	chunk_size: 64M 	num_reg: 10  	lose cover RAM: 1048592M
[    0.003000]  gran_size: 32M 	chunk_size: 128M 	num_reg: 10  	lose cover RAM: 1048592M
[    0.003001]  gran_size: 32M 	chunk_size: 256M 	num_reg: 10  	lose cover RAM: 1048592M
[    0.003002]  gran_size: 32M 	chunk_size: 512M 	num_reg: 10  	lose cover RAM: 1048592M
[    0.003004]  gran_size: 32M 	chunk_size: 1G 	num_reg: 10  	lose cover RAM: 1048592M
[    0.003005]  gran_size: 32M 	chunk_size: 2G 	num_reg: 10  	lose cover RAM: 1048592M
[    0.003006]  gran_size: 64M 	chunk_size: 64M 	num_reg: 10  	lose cover RAM: 1966128M
[    0.003007]  gran_size: 64M 	chunk_size: 128M 	num_reg: 10  	lose cover RAM: 1048624M
[    0.003009]  gran_size: 64M 	chunk_size: 256M 	num_reg: 10  	lose cover RAM: 1048624M
[    0.003010]  gran_size: 64M 	chunk_size: 512M 	num_reg: 10  	lose cover RAM: 1048624M
[    0.003011]  gran_size: 64M 	chunk_size: 1G 	num_reg: 10  	lose cover RAM: 1048624M
[    0.003012]  gran_size: 64M 	chunk_size: 2G 	num_reg: 10  	lose cover RAM: 1048624M
[    0.003014]  gran_size: 128M 	chunk_size: 128M 	num_reg: 10  	lose cover RAM: 1835120M
[    0.003015]  gran_size: 128M 	chunk_size: 256M 	num_reg: 10  	lose cover RAM: 1048688M
[    0.003016]  gran_size: 128M 	chunk_size: 512M 	num_reg: 10  	lose cover RAM: 1048688M
[    0.003018]  gran_size: 128M 	chunk_size: 1G 	num_reg: 10  	lose cover RAM: 1048688M
[    0.003019]  gran_size: 128M 	chunk_size: 2G 	num_reg: 10  	lose cover RAM: 1048688M
[    0.003021]  gran_size: 256M 	chunk_size: 256M 	num_reg: 10  	lose cover RAM: 1573104M
[    0.003022]  gran_size: 256M 	chunk_size: 512M 	num_reg: 10  	lose cover RAM: 1048816M
[    0.003023]  gran_size: 256M 	chunk_size: 1G 	num_reg: 10  	lose cover RAM: 1048816M
[    0.003025]  gran_size: 256M 	chunk_size: 2G 	num_reg: 10  	lose cover RAM: 1048816M
[    0.003026]  gran_size: 512M 	chunk_size: 512M 	num_reg: 10  	lose cover RAM: 1049072M
[    0.003028]  gran_size: 512M 	chunk_size: 1G 	num_reg: 10  	lose cover RAM: 1049072M
[    0.003029]  gran_size: 512M 	chunk_size: 2G 	num_reg: 10  	lose cover RAM: 1049072M
[    0.003030]  gran_size: 1G 	chunk_size: 1G 	num_reg: 10  	lose cover RAM: 1008M
[    0.003032]  gran_size: 1G 	chunk_size: 2G 	num_reg: 10  	lose cover RAM: 1008M
[    0.003033]  gran_size: 2G 	chunk_size: 2G 	num_reg: 9  	lose cover RAM: 2032M
[    0.003034] mtrr_cleanup: can not find optimal value
[    0.003035] please specify mtrr_gran_size/mtrr_chunk_size
[    0.003037] e820: update [mem 0x7f000000-0xffffffff] usable ==> reserved
[    0.003040] x2apic: enabled by BIOS, switching to x2apic ops
[    0.003041] last_pfn = 0x6f800 max_arch_pfn = 0x400000000
[    0.014370] Using GB pages for direct mapping
[    0.015718] Secure boot disabled
[    0.015719] RAMDISK: [mem 0x205cb7c000-0x207fffffff]
[    0.015724] ACPI: Early table checksum verification disabled
[    0.015726] ACPI: RSDP 0x000000006F7FE014 000024 (v02 DELL  )
[    0.015730] ACPI: XSDT 0x000000006F41C188 0000F4 (v01 DELL   PE_SC3   00000000 DELL 01000013)
[    0.015735] ACPI: FACP 0x000000006F430000 000114 (v06 DELL   PE_SC3   00000000 DELL 00000001)
[    0.015741] ACPI: DSDT 0x000000004B4CE000 07FAD3 (v02 DELL   PE_SC3   00000003 DELL 00000001)
[    0.015744] ACPI: FACS 0x000000006F2F2000 000040
[    0.015747] ACPI: SSDT 0x000000006F7FB000 00159A (v02 INTEL  RAS_ACPI 00000001 INTL 20210331)
[    0.015751] ACPI: SSDT 0x000000006F7FA000 000745 (v02 INTEL  ADDRXLAT 00000001 INTL 20210331)
[    0.015754] ACPI: MCEJ 0x000000006F7F9000 000130 (v01 INTEL           00000001 INTL 0100000D)
[    0.015758] ACPI: BERT 0x000000006F7F8000 000030 (v01 DELL   PE_SC3   00000001 INTL 00000001)
[    0.015761] ACPI: ERST 0x000000006F7F7000 000230 (v01 DELL   PE_SC3   00000001 INTL 00000001)
[    0.015764] ACPI: SSDT 0x000000006F431000 3C524E (v02 INTEL  SSDTNVDR 00001000 INTL 20210331)
[    0.015767] ACPI: HMAT 0x000000006F42F000 000210 (v01 DELL   PE_SC3   00000001 DELL 00000001)
[    0.015771] ACPI: HPET 0x000000006F42E000 000038 (v01 DELL   PE_SC3   00000001 DELL 00000001)
[    0.015774] ACPI: MCFG 0x000000006F42D000 00003C (v01 DELL   PE_SC3   00000001 DELL 00000001)
[    0.015777] ACPI: MIGT 0x000000006F42C000 000040 (v01 DELL   PE_SC3   00000000 DELL 00000001)
[    0.015780] ACPI: MSCT 0x000000006F42B000 000090 (v01 DELL   PE_SC3   00000001 DELL 00000001)
[    0.015783] ACPI: PMTT 0x000000006F429000 0011E8 (v02 DELL   PE_SC3   00000001 DELL 00000001)
[    0.015787] ACPI: WSMT 0x000000006F428000 000028 (v01 DELL   PE_SC3   00000000 DELL 00000001)
[    0.015790] ACPI: APIC 0x000000006F427000 00075E (v04 DELL   PE_SC3   00000000 DELL 00000001)
[    0.015793] ACPI: SLIT 0x000000006F426000 00003C (v01 DELL   PE_SC3   00000001 DELL 01000013)
[    0.015796] ACPI: SRAT 0x000000006F41F000 006430 (v03 DELL   PE_SC3   00000002 DELL 01000013)
[    0.015799] ACPI: OEM4 0x000000004B346000 187A61 (v02 INTEL  CPU  CST 00003000 INTL 20210331)
[    0.015803] ACPI: SSDT 0x000000004B2CF000 0764A5 (v02 INTEL  SSDT  PM 00004000 INTL 20210331)
[    0.015806] ACPI: SSDT 0x000000006F41E000 000A1F (v02 DELL   PE_SC3   00000000 DELL 00000001)
[    0.015809] ACPI: HEST 0x000000006F41D000 00017C (v01 DELL   PE_SC3   00000001 INTL 00000001)
[    0.015812] ACPI: PCAT 0x000000006F41B000 00010C (v19 DELL   PE_SC3   00000002 DELL 00000001)
[    0.015816] ACPI: SSDT 0x000000006F413000 007299 (v02 INTEL  SpsNm    00000002 INTL 20210331)
[    0.015819] ACPI: SSDT 0x000000006F412000 000426 (v02 DELL   PE_SC3   00000002 DELL 00000001)
[    0.015822] ACPI: NFIT 0x000000006F7FD000 000488 (v01 DELL   PE_SC3   00000002 DELL 00000001)
[    0.015826] ACPI: DMAR 0x000000006F411000 000158 (v01 DELL   PE_SC3   00000001 DELL 00000001)
[    0.015828] ACPI: Reserving FACP table memory at [mem 0x6f430000-0x6f430113]
[    0.015830] ACPI: Reserving DSDT table memory at [mem 0x4b4ce000-0x4b54dad2]
[    0.015831] ACPI: Reserving FACS table memory at [mem 0x6f2f2000-0x6f2f203f]
[    0.015832] ACPI: Reserving SSDT table memory at [mem 0x6f7fb000-0x6f7fc599]
[    0.015833] ACPI: Reserving SSDT table memory at [mem 0x6f7fa000-0x6f7fa744]
[    0.015834] ACPI: Reserving MCEJ table memory at [mem 0x6f7f9000-0x6f7f912f]
[    0.015834] ACPI: Reserving BERT table memory at [mem 0x6f7f8000-0x6f7f802f]
[    0.015835] ACPI: Reserving ERST table memory at [mem 0x6f7f7000-0x6f7f722f]
[    0.015836] ACPI: Reserving SSDT table memory at [mem 0x6f431000-0x6f7f624d]
[    0.015837] ACPI: Reserving HMAT table memory at [mem 0x6f42f000-0x6f42f20f]
[    0.015838] ACPI: Reserving HPET table memory at [mem 0x6f42e000-0x6f42e037]
[    0.015839] ACPI: Reserving MCFG table memory at [mem 0x6f42d000-0x6f42d03b]
[    0.015840] ACPI: Reserving MIGT table memory at [mem 0x6f42c000-0x6f42c03f]
[    0.015841] ACPI: Reserving MSCT table memory at [mem 0x6f42b000-0x6f42b08f]
[    0.015841] ACPI: Reserving PMTT table memory at [mem 0x6f429000-0x6f42a1e7]
[    0.015842] ACPI: Reserving WSMT table memory at [mem 0x6f428000-0x6f428027]
[    0.015843] ACPI: Reserving APIC table memory at [mem 0x6f427000-0x6f42775d]
[    0.015844] ACPI: Reserving SLIT table memory at [mem 0x6f426000-0x6f42603b]
[    0.015845] ACPI: Reserving SRAT table memory at [mem 0x6f41f000-0x6f42542f]
[    0.015846] ACPI: Reserving OEM4 table memory at [mem 0x4b346000-0x4b4cda60]
[    0.015847] ACPI: Reserving SSDT table memory at [mem 0x4b2cf000-0x4b3454a4]
[    0.015848] ACPI: Reserving SSDT table memory at [mem 0x6f41e000-0x6f41ea1e]
[    0.015849] ACPI: Reserving HEST table memory at [mem 0x6f41d000-0x6f41d17b]
[    0.015850] ACPI: Reserving PCAT table memory at [mem 0x6f41b000-0x6f41b10b]
[    0.015850] ACPI: Reserving SSDT table memory at [mem 0x6f413000-0x6f41a298]
[    0.015851] ACPI: Reserving SSDT table memory at [mem 0x6f412000-0x6f412425]
[    0.015852] ACPI: Reserving NFIT table memory at [mem 0x6f7fd000-0x6f7fd487]
[    0.015853] ACPI: Reserving DMAR table memory at [mem 0x6f411000-0x6f411157]
[    0.015863] Setting APIC routing to cluster x2apic.
[    0.015911] SRAT: PXM 0 -> APIC 0x0000 -> Node 0
[    0.015912] SRAT: PXM 0 -> APIC 0x0001 -> Node 0
[    0.015913] SRAT: PXM 0 -> APIC 0x0002 -> Node 0
[    0.015914] SRAT: PXM 0 -> APIC 0x0003 -> Node 0
[    0.015914] SRAT: PXM 0 -> APIC 0x0004 -> Node 0
[    0.015915] SRAT: PXM 0 -> APIC 0x0005 -> Node 0
[    0.015916] SRAT: PXM 0 -> APIC 0x0006 -> Node 0
[    0.015916] SRAT: PXM 0 -> APIC 0x0007 -> Node 0
[    0.015917] SRAT: PXM 0 -> APIC 0x0008 -> Node 0
[    0.015918] SRAT: PXM 0 -> APIC 0x0009 -> Node 0
[    0.015918] SRAT: PXM 0 -> APIC 0x000a -> Node 0
[    0.015919] SRAT: PXM 0 -> APIC 0x000b -> Node 0
[    0.015919] SRAT: PXM 0 -> APIC 0x000c -> Node 0
[    0.015920] SRAT: PXM 0 -> APIC 0x000d -> Node 0
[    0.015921] SRAT: PXM 0 -> APIC 0x000e -> Node 0
[    0.015922] SRAT: PXM 0 -> APIC 0x000f -> Node 0
[    0.015922] SRAT: PXM 0 -> APIC 0x0010 -> Node 0
[    0.015923] SRAT: PXM 0 -> APIC 0x0011 -> Node 0
[    0.015924] SRAT: PXM 0 -> APIC 0x0012 -> Node 0
[    0.015925] SRAT: PXM 0 -> APIC 0x0013 -> Node 0
[    0.015925] SRAT: PXM 0 -> APIC 0x0014 -> Node 0
[    0.015926] SRAT: PXM 0 -> APIC 0x0015 -> Node 0
[    0.015926] SRAT: PXM 0 -> APIC 0x0016 -> Node 0
[    0.015927] SRAT: PXM 0 -> APIC 0x0017 -> Node 0
[    0.015928] SRAT: PXM 0 -> APIC 0x0018 -> Node 0
[    0.015928] SRAT: PXM 0 -> APIC 0x0019 -> Node 0
[    0.015929] SRAT: PXM 0 -> APIC 0x001a -> Node 0
[    0.015930] SRAT: PXM 0 -> APIC 0x001b -> Node 0
[    0.015930] SRAT: PXM 0 -> APIC 0x001c -> Node 0
[    0.015931] SRAT: PXM 0 -> APIC 0x001d -> Node 0
[    0.015932] SRAT: PXM 0 -> APIC 0x001e -> Node 0
[    0.015932] SRAT: PXM 0 -> APIC 0x001f -> Node 0
[    0.015933] SRAT: PXM 0 -> APIC 0x0020 -> Node 0
[    0.015933] SRAT: PXM 0 -> APIC 0x0021 -> Node 0
[    0.015934] SRAT: PXM 0 -> APIC 0x0022 -> Node 0
[    0.015935] SRAT: PXM 0 -> APIC 0x0023 -> Node 0
[    0.015935] SRAT: PXM 0 -> APIC 0x0024 -> Node 0
[    0.015936] SRAT: PXM 0 -> APIC 0x0025 -> Node 0
[    0.015937] SRAT: PXM 0 -> APIC 0x0026 -> Node 0
[    0.015937] SRAT: PXM 0 -> APIC 0x0027 -> Node 0
[    0.015938] SRAT: PXM 0 -> APIC 0x0028 -> Node 0
[    0.015939] SRAT: PXM 0 -> APIC 0x0029 -> Node 0
[    0.015939] SRAT: PXM 0 -> APIC 0x002a -> Node 0
[    0.015940] SRAT: PXM 0 -> APIC 0x002b -> Node 0
[    0.015940] SRAT: PXM 0 -> APIC 0x002c -> Node 0
[    0.015941] SRAT: PXM 0 -> APIC 0x002d -> Node 0
[    0.015942] SRAT: PXM 0 -> APIC 0x002e -> Node 0
[    0.015942] SRAT: PXM 0 -> APIC 0x002f -> Node 0
[    0.015943] SRAT: PXM 0 -> APIC 0x0030 -> Node 0
[    0.015944] SRAT: PXM 0 -> APIC 0x0031 -> Node 0
[    0.015944] SRAT: PXM 0 -> APIC 0x0032 -> Node 0
[    0.015945] SRAT: PXM 0 -> APIC 0x0033 -> Node 0
[    0.015945] SRAT: PXM 0 -> APIC 0x0034 -> Node 0
[    0.015946] SRAT: PXM 0 -> APIC 0x0035 -> Node 0
[    0.015947] SRAT: PXM 0 -> APIC 0x0036 -> Node 0
[    0.015947] SRAT: PXM 0 -> APIC 0x0037 -> Node 0
[    0.015948] SRAT: PXM 1 -> APIC 0x0080 -> Node 1
[    0.015949] SRAT: PXM 1 -> APIC 0x0081 -> Node 1
[    0.015949] SRAT: PXM 1 -> APIC 0x0082 -> Node 1
[    0.015950] SRAT: PXM 1 -> APIC 0x0083 -> Node 1
[    0.015951] SRAT: PXM 1 -> APIC 0x0084 -> Node 1
[    0.015952] SRAT: PXM 1 -> APIC 0x0085 -> Node 1
[    0.015952] SRAT: PXM 1 -> APIC 0x0086 -> Node 1
[    0.015953] SRAT: PXM 1 -> APIC 0x0087 -> Node 1
[    0.015954] SRAT: PXM 1 -> APIC 0x0088 -> Node 1
[    0.015954] SRAT: PXM 1 -> APIC 0x0089 -> Node 1
[    0.015955] SRAT: PXM 1 -> APIC 0x008a -> Node 1
[    0.015956] SRAT: PXM 1 -> APIC 0x008b -> Node 1
[    0.015956] SRAT: PXM 1 -> APIC 0x008c -> Node 1
[    0.015957] SRAT: PXM 1 -> APIC 0x008d -> Node 1
[    0.015958] SRAT: PXM 1 -> APIC 0x008e -> Node 1
[    0.015958] SRAT: PXM 1 -> APIC 0x008f -> Node 1
[    0.015959] SRAT: PXM 1 -> APIC 0x0090 -> Node 1
[    0.015959] SRAT: PXM 1 -> APIC 0x0091 -> Node 1
[    0.015960] SRAT: PXM 1 -> APIC 0x0092 -> Node 1
[    0.015961] SRAT: PXM 1 -> APIC 0x0093 -> Node 1
[    0.015961] SRAT: PXM 1 -> APIC 0x0094 -> Node 1
[    0.015962] SRAT: PXM 1 -> APIC 0x0095 -> Node 1
[    0.015963] SRAT: PXM 1 -> APIC 0x0096 -> Node 1
[    0.015963] SRAT: PXM 1 -> APIC 0x0097 -> Node 1
[    0.015964] SRAT: PXM 1 -> APIC 0x0098 -> Node 1
[    0.015964] SRAT: PXM 1 -> APIC 0x0099 -> Node 1
[    0.015965] SRAT: PXM 1 -> APIC 0x009a -> Node 1
[    0.015966] SRAT: PXM 1 -> APIC 0x009b -> Node 1
[    0.015966] SRAT: PXM 1 -> APIC 0x009c -> Node 1
[    0.015967] SRAT: PXM 1 -> APIC 0x009d -> Node 1
[    0.015968] SRAT: PXM 1 -> APIC 0x009e -> Node 1
[    0.015968] SRAT: PXM 1 -> APIC 0x009f -> Node 1
[    0.015969] SRAT: PXM 1 -> APIC 0x00a0 -> Node 1
[    0.015970] SRAT: PXM 1 -> APIC 0x00a1 -> Node 1
[    0.015970] SRAT: PXM 1 -> APIC 0x00a2 -> Node 1
[    0.015971] SRAT: PXM 1 -> APIC 0x00a3 -> Node 1
[    0.015971] SRAT: PXM 1 -> APIC 0x00a4 -> Node 1
[    0.015972] SRAT: PXM 1 -> APIC 0x00a5 -> Node 1
[    0.015973] SRAT: PXM 1 -> APIC 0x00a6 -> Node 1
[    0.015973] SRAT: PXM 1 -> APIC 0x00a7 -> Node 1
[    0.015974] SRAT: PXM 1 -> APIC 0x00a8 -> Node 1
[    0.015975] SRAT: PXM 1 -> APIC 0x00a9 -> Node 1
[    0.015975] SRAT: PXM 1 -> APIC 0x00aa -> Node 1
[    0.015976] SRAT: PXM 1 -> APIC 0x00ab -> Node 1
[    0.015976] SRAT: PXM 1 -> APIC 0x00ac -> Node 1
[    0.015977] SRAT: PXM 1 -> APIC 0x00ad -> Node 1
[    0.015978] SRAT: PXM 1 -> APIC 0x00ae -> Node 1
[    0.015978] SRAT: PXM 1 -> APIC 0x00af -> Node 1
[    0.015979] SRAT: PXM 1 -> APIC 0x00b0 -> Node 1
[    0.015980] SRAT: PXM 1 -> APIC 0x00b1 -> Node 1
[    0.015980] SRAT: PXM 1 -> APIC 0x00b2 -> Node 1
[    0.015981] SRAT: PXM 1 -> APIC 0x00b3 -> Node 1
[    0.015982] SRAT: PXM 1 -> APIC 0x00b4 -> Node 1
[    0.015983] SRAT: PXM 1 -> APIC 0x00b5 -> Node 1
[    0.015983] SRAT: PXM 1 -> APIC 0x00b6 -> Node 1
[    0.015984] SRAT: PXM 1 -> APIC 0x00b7 -> Node 1
[    0.015997] ACPI: SRAT: Node 0 PXM 0 [mem 0x00000000-0x7fffffff]
[    0.015998] ACPI: SRAT: Node 0 PXM 0 [mem 0x100000000-0x107fffffff]
[    0.016000] ACPI: SRAT: Node 2 PXM 2 [mem 0x2080000000-0x9e7fffffff] non-volatile
[    0.016001] ACPI: SRAT: Node 1 PXM 1 [mem 0x1080000000-0x207fffffff]
[    0.016002] ACPI: SRAT: Node 3 PXM 3 [mem 0x9e80000000-0x11c7fffffff] non-volatile
[    0.016012] NUMA: Initialized distance table, cnt=4
[    0.016014] NUMA: Node 0 [mem 0x00000000-0x7fffffff] + [mem 0x100000000-0x107fffffff] -> [mem 0x00000000-0x107fffffff]
[    0.016023] NODE_DATA(0) allocated [mem 0x107ffd5000-0x107fffffff]
[    0.016041] NODE_DATA(1) allocated [mem 0x205cb4f000-0x205cb79fff]
[    0.016280] Zone ranges:
[    0.016281]   DMA      [mem 0x0000000000001000-0x0000000000ffffff]
[    0.016283]   DMA32    [mem 0x0000000001000000-0x00000000ffffffff]
[    0.016284]   Normal   [mem 0x0000000100000000-0x000000207fffffff]
[    0.016286]   Device   empty
[    0.016287] Movable zone start for each node
[    0.016290] Early memory node ranges
[    0.016291]   node   0: [mem 0x0000000000001000-0x000000000008efff]
[    0.016292]   node   0: [mem 0x0000000000090000-0x000000000009ffff]
[    0.016293]   node   0: [mem 0x0000000000100000-0x0000000049e76fff]
[    0.016294]   node   0: [mem 0x000000004ae77000-0x000000004b2cefff]
[    0.016295]   node   0: [mem 0x000000004b54e000-0x000000004bd93fff]
[    0.016295]   node   0: [mem 0x000000004be9a000-0x000000004cdfffff]
[    0.016296]   node   0: [mem 0x000000004d000000-0x000000005eefdfff]
[    0.016297]   node   0: [mem 0x000000006f7ff000-0x000000006f7fffff]
[    0.016298]   node   0: [mem 0x0000000100000000-0x0000000b3fffffff]
[    0.016301]   node   0: [mem 0x0000001000000000-0x000000107fffffff]
[    0.016302]   node   1: [mem 0x0000001080000000-0x000000207fffffff]
[    0.016306] Initmem setup node 0 [mem 0x0000000000001000-0x000000107fffffff]
[    0.016309] Initmem setup node 1 [mem 0x0000001080000000-0x000000207fffffff]
[    0.016312] On node 0, zone DMA: 1 pages in unavailable ranges
[    0.016313] On node 0, zone DMA: 1 pages in unavailable ranges
[    0.016346] On node 0, zone DMA: 96 pages in unavailable ranges
[    0.018670] On node 0, zone DMA32: 4096 pages in unavailable ranges
[    0.018697] On node 0, zone DMA32: 639 pages in unavailable ranges
[    0.018731] On node 0, zone DMA32: 262 pages in unavailable ranges
[    0.019299] On node 0, zone DMA32: 512 pages in unavailable ranges
[    0.019652] On node 0, zone DMA32: 35073 pages in unavailable ranges
[    0.100510] On node 0, zone Normal: 2048 pages in unavailable ranges
[    0.234174] ACPI: PM-Timer IO Port: 0x508
[    0.234193] ACPI: X2APIC_NMI (uid[0xffffffff] high edge lint[0x1])
[    0.234196] ACPI: LAPIC_NMI (acpi_id[0xff] high edge lint[0x1])
[    0.234215] IOAPIC[0]: apic_id 8, version 32, address 0xfec00000, GSI 0-119
[    0.234218] ACPI: INT_SRC_OVR (bus 0 bus_irq 0 global_irq 2 dfl dfl)
[    0.234220] ACPI: INT_SRC_OVR (bus 0 bus_irq 9 global_irq 9 high level)
[    0.234224] ACPI: Using ACPI (MADT) for SMP configuration information
[    0.234226] ACPI: HPET id: 0x8086a701 base: 0xfed00000
[    0.234231] TSC deadline timer available
[    0.234232] smpboot: Allowing 112 CPUs, 0 hotplug CPUs
[    0.234259] PM: hibernation: Registered nosave memory: [mem 0x00000000-0x00000fff]
[    0.234261] PM: hibernation: Registered nosave memory: [mem 0x0008f000-0x0008ffff]
[    0.234263] PM: hibernation: Registered nosave memory: [mem 0x000a0000-0x000fffff]
[    0.234265] PM: hibernation: Registered nosave memory: [mem 0x46cc5000-0x46cc5fff]
[    0.234267] PM: hibernation: Registered nosave memory: [mem 0x46cf6000-0x46cf6fff]
[    0.234268] PM: hibernation: Registered nosave memory: [mem 0x46cf7000-0x46cf7fff]
[    0.234269] PM: hibernation: Registered nosave memory: [mem 0x46d29000-0x46d29fff]
[    0.234270] PM: hibernation: Registered nosave memory: [mem 0x46d2a000-0x46d2afff]
[    0.234272] PM: hibernation: Registered nosave memory: [mem 0x46d5c000-0x46d5cfff]
[    0.234272] PM: hibernation: Registered nosave memory: [mem 0x46d5d000-0x46d5dfff]
[    0.234274] PM: hibernation: Registered nosave memory: [mem 0x46d65000-0x46d65fff]
[    0.234276] PM: hibernation: Registered nosave memory: [mem 0x49e77000-0x4ae76fff]
[    0.234277] PM: hibernation: Registered nosave memory: [mem 0x4b2cf000-0x4b54dfff]
[    0.234279] PM: hibernation: Registered nosave memory: [mem 0x4bd94000-0x4be99fff]
[    0.234281] PM: hibernation: Registered nosave memory: [mem 0x4ce00000-0x4cffffff]
[    0.234282] PM: hibernation: Registered nosave memory: [mem 0x5eefe000-0x6e3fefff]
[    0.234283] PM: hibernation: Registered nosave memory: [mem 0x6e3ff000-0x6f3fefff]
[    0.234284] PM: hibernation: Registered nosave memory: [mem 0x6f3ff000-0x6f7fefff]
[    0.234285] PM: hibernation: Registered nosave memory: [mem 0x6f800000-0x8fffffff]
[    0.234286] PM: hibernation: Registered nosave memory: [mem 0x90000000-0xfdffffff]
[    0.234287] PM: hibernation: Registered nosave memory: [mem 0xfe000000-0xfe010fff]
[    0.234287] PM: hibernation: Registered nosave memory: [mem 0xfe011000-0xffffffff]
[    0.234289] PM: hibernation: Registered nosave memory: [mem 0xb40000000-0xfffffffff]
[    0.234291] [mem 0x90000000-0xfdffffff] available for PCI devices
[    0.234293] Booting paravirtualized kernel on bare hardware
[    0.234296] clocksource: refined-jiffies: mask: 0xffffffff max_cycles: 0xffffffff, max_idle_ns: 7645519600211568 ns
[    0.234302] setup_percpu: NR_CPUS:8192 nr_cpumask_bits:112 nr_cpu_ids:112 nr_node_ids:4
[    0.238891] percpu: Embedded 53 pages/cpu s180224 r8192 d28672 u262144
[    0.238902] pcpu-alloc: s180224 r8192 d28672 u262144 alloc=1*2097152
[    0.238905] pcpu-alloc: [0] 000 002 004 006 008 010 012 014 
[    0.238910] pcpu-alloc: [0] 016 018 020 022 024 026 028 030 
[    0.238915] pcpu-alloc: [0] 032 034 036 038 040 042 044 046 
[    0.238919] pcpu-alloc: [0] 048 050 052 054 056 058 060 062 
[    0.238923] pcpu-alloc: [0] 064 066 068 070 072 074 076 078 
[    0.238927] pcpu-alloc: [0] 080 082 084 086 088 090 092 094 
[    0.238931] pcpu-alloc: [0] 096 098 100 102 104 106 108 110 
[    0.238936] pcpu-alloc: [1] 001 003 005 007 009 011 013 015 
[    0.238940] pcpu-alloc: [1] 017 019 021 023 025 027 029 031 
[    0.238944] pcpu-alloc: [1] 033 035 037 039 041 043 045 047 
[    0.238948] pcpu-alloc: [1] 049 051 053 055 057 059 061 063 
[    0.238952] pcpu-alloc: [1] 065 067 069 071 073 075 077 079 
[    0.238956] pcpu-alloc: [1] 081 083 085 087 089 091 093 095 
[    0.238960] pcpu-alloc: [1] 097 099 101 103 105 107 109 111 
[    0.239009] Built 2 zonelists, mobility grouping on.  Total pages: 27987220
[    0.239011] Policy zone: Normal
[    0.239013] Kernel command line: BOOT_IMAGE=/boot/vmlinuz-5.15.0-tiering-0.8 root=UUID=ce0c24b8-724b-4f33-9b2c-618433560aef ro memmap=19G!45G quiet splash nomodeset vt.handoff=1
[    0.239114] You have booted with nomodeset. This means your GPU drivers are DISABLED
[    0.239114] Any video related functionality will be severely degraded, and you may not even be able to suspend the system properly
[    0.239115] Unless you actually understand what nomodeset does, you should reboot without enabling it
[    0.239135] Unknown command line parameters: splash BOOT_IMAGE=/boot/vmlinuz-5.15.0-tiering-0.8
[    0.239137] printk: log_buf_len individual max cpu contribution: 4096 bytes
[    0.239138] printk: log_buf_len total cpu_extra contributions: 454656 bytes
[    0.239139] printk: log_buf_len min size: 262144 bytes
[    0.240116] printk: log_buf_len: 1048576 bytes
[    0.240117] printk: early log buf free: 224040(85%)
[    0.241690] mem auto-init: stack:off, heap alloc:on, heap free:off
[    0.518050] Memory: 111108952K/113730656K available (14345K kernel code, 3484K rwdata, 10288K rodata, 2824K init, 5836K bss, 2621444K reserved, 0K cma-reserved)
[    0.518056] random: get_random_u64 called from __kmem_cache_create+0x2d/0x460 with crng_init=1
[    0.518645] SLUB: HWalign=64, Order=0-3, MinObjects=0, CPUs=112, Nodes=4
[    0.518671] ftrace: allocating 48223 entries in 189 pages
[    0.533844] ftrace: allocated 189 pages with 6 groups
[    0.534509] rcu: Hierarchical RCU implementation.
[    0.534510] rcu: 	RCU restricting CPUs from NR_CPUS=8192 to nr_cpu_ids=112.
[    0.534512] 	Rude variant of Tasks RCU enabled.
[    0.534512] 	Tracing variant of Tasks RCU enabled.
[    0.534513] rcu: RCU calculated value of scheduler-enlistment delay is 25 jiffies.
[    0.534514] rcu: Adjusting geometry for rcu_fanout_leaf=16, nr_cpu_ids=112
[    0.538264] NR_IRQS: 524544, nr_irqs: 2952, preallocated irqs: 16
[    0.538619] random: crng done (trusting CPU's manufacturer)
[    0.538763] Console: colour dummy device 80x25
[    0.538797] printk: console [tty0] enabled
[    0.538971] mempolicy: Enabling automatic NUMA balancing. Configure with numa_balancing= or the kernel.numa_balancing sysctl
[    0.538976] ACPI: Core revision 20210730
[    0.542418] clocksource: hpet: mask: 0xffffffff max_cycles: 0xffffffff, max_idle_ns: 79635855245 ns
[    0.542462] APIC: Switch to symmetric I/O mode setup
[    0.542464] DMAR: Host address width 46
[    0.542465] DMAR: DRHD base: 0x000000d0ffc000 flags: 0x0
[    0.542470] DMAR: dmar0: reg_base_addr d0ffc000 ver 4:0 cap 8ed008c40780466 ecap 60000f050df
[    0.542473] DMAR: DRHD base: 0x000000dbbfc000 flags: 0x0
[    0.542475] DMAR: dmar1: reg_base_addr dbbfc000 ver 4:0 cap 8ed008c40780466 ecap 60000f050df
[    0.542477] DMAR: DRHD base: 0x000000e67fc000 flags: 0x0
[    0.542481] DMAR: dmar2: reg_base_addr e67fc000 ver 4:0 cap 8ed008c40780466 ecap 60000f050df
[    0.542483] DMAR: DRHD base: 0x000000f13fc000 flags: 0x0
[    0.542485] DMAR: dmar3: reg_base_addr f13fc000 ver 4:0 cap 8ed008c40780466 ecap 60000f050df
[    0.542487] DMAR: DRHD base: 0x000000fb7fc000 flags: 0x0
[    0.542490] DMAR: dmar4: reg_base_addr fb7fc000 ver 4:0 cap 8ed008c40780466 ecap 60000f050df
[    0.542492] DMAR: DRHD base: 0x000000a63fc000 flags: 0x0
[    0.542494] DMAR: dmar5: reg_base_addr a63fc000 ver 4:0 cap 8ed008c40780466 ecap 60000f050df
[    0.542496] DMAR: DRHD base: 0x000000b0ffc000 flags: 0x0
[    0.542499] DMAR: dmar6: reg_base_addr b0ffc000 ver 4:0 cap 8ed008c40780466 ecap 60000f050df
[    0.542500] DMAR: DRHD base: 0x000000bbbfc000 flags: 0x0
[    0.542506] DMAR: dmar7: reg_base_addr bbbfc000 ver 4:0 cap 8ed008c40780466 ecap 60000f050df
[    0.542508] DMAR: DRHD base: 0x000000c5ffc000 flags: 0x0
[    0.542510] DMAR: dmar8: reg_base_addr c5ffc000 ver 4:0 cap 8ed008c40780466 ecap 60000f050df
[    0.542512] DMAR: DRHD base: 0x0000009b7fc000 flags: 0x1
[    0.542514] DMAR: dmar9: reg_base_addr 9b7fc000 ver 4:0 cap 8ed008c40780466 ecap 60000f050df
[    0.542517] DMAR: RMRR base: 0x00000069427000 end: 0x00000069429fff
[    0.542518] DMAR: ATSR flags: 0x0
[    0.542520] DMAR-IR: IOAPIC id 8 under DRHD base  0x9b7fc000 IOMMU 9
[    0.542522] DMAR-IR: HPET id 0 under DRHD base 0x9b7fc000
[    0.542523] DMAR-IR: Queued invalidation will be enabled to support x2apic and Intr-remapping.
[    0.545459] DMAR-IR: Enabled IRQ remapping in x2apic mode
[    0.548062] ..TIMER: vector=0x30 apic1=0 pin1=2 apic2=-1 pin2=-1
[    0.566393] clocksource: tsc-early: mask: 0xffffffffffffffff max_cycles: 0x39a85c9bff6, max_idle_ns: 881590591483 ns
[    0.566399] Calibrating delay loop (skipped), value calculated using timer frequency.. 4000.00 BogoMIPS (lpj=8000000)
[    0.566402] pid_max: default: 114688 minimum: 896
[    0.569813] LSM: Security Framework initializing
[    0.569828] Yama: becoming mindful.
[    0.569869] AppArmor: AppArmor initialized
[    0.579040] Dentry cache hash table entries: 8388608 (order: 14, 67108864 bytes, vmalloc)
[    0.583598] Inode-cache hash table entries: 4194304 (order: 13, 33554432 bytes, vmalloc)
[    0.583794] Mount-cache hash table entries: 131072 (order: 8, 1048576 bytes, vmalloc)
[    0.583939] Mountpoint-cache hash table entries: 131072 (order: 8, 1048576 bytes, vmalloc)
[    0.584536] x86/tme: not enabled by BIOS
[    0.584546] CPU0: Thermal monitoring enabled (TM1)
[    0.584547] x86/cpu: User Mode Instruction Prevention (UMIP) activated
[    0.584780] process: using mwait in idle threads
[    0.584782] Last level iTLB entries: 4KB 0, 2MB 0, 4MB 0
[    0.584783] Last level dTLB entries: 4KB 0, 2MB 0, 4MB 0, 1GB 0
[    0.584789] Spectre V1 : Mitigation: usercopy/swapgs barriers and __user pointer sanitization
[    0.584791] Spectre V2 : Mitigation: Enhanced IBRS
[    0.584791] Spectre V2 : Spectre v2 / SpectreRSB mitigation: Filling RSB on context switch
[    0.584793] Spectre V2 : mitigation: Enabling conditional Indirect Branch Prediction Barrier
[    0.584794] Speculative Store Bypass: Mitigation: Speculative Store Bypass disabled via prctl and seccomp
[    0.591095] Freeing SMP alternatives memory: 40K
[    0.594538] smpboot: Estimated ratio of average max frequency by base frequency (times 1024): 1433
[    0.594554] smpboot: CPU0: Intel(R) Xeon(R) Gold 6330 CPU @ 2.00GHz (family: 0x6, model: 0x6a, stepping: 0x6)
[    0.594752] Performance Events: PEBS fmt4+-baseline,  AnyThread deprecated, Icelake events, 32-deep LBR, full-width counters, Intel PMU driver.
[    0.594772] ... version:                5
[    0.594773] ... bit width:              48
[    0.594773] ... generic registers:      8
[    0.594774] ... value mask:             0000ffffffffffff
[    0.594775] ... max period:             00007fffffffffff
[    0.594775] ... fixed-purpose events:   4
[    0.594776] ... event mask:             0001000f000000ff
[    0.594901] rcu: Hierarchical SRCU implementation.
[    0.601927] NMI watchdog: Enabled. Permanently consumes one hw-PMU counter.
[    0.603009] smp: Bringing up secondary CPUs ...
[    0.603111] x86: Booting SMP configuration:
[    0.603112] .... node  #1, CPUs:          #1
[    0.007827] smpboot: CPU 1 Converting physical 0 to logical die 1

[    0.690515] .... node  #0, CPUs:     #2
[    0.695903] .... node  #1, CPUs:     #3
[    0.701342] .... node  #0, CPUs:     #4
[    0.706716] .... node  #1, CPUs:     #5
[    0.712116] .... node  #0, CPUs:     #6
[    0.717693] .... node  #1, CPUs:     #7
[    0.723293] .... node  #0, CPUs:     #8
[    0.728582] .... node  #1, CPUs:     #9
[    0.734503] .... node  #0, CPUs:    #10
[    0.740054] .... node  #1, CPUs:    #11
[    0.745807] .... node  #0, CPUs:    #12
[    0.751328] .... node  #1, CPUs:    #13
[    0.756704] .... node  #0, CPUs:    #14
[    0.761931] .... node  #1, CPUs:    #15
[    0.767267] .... node  #0, CPUs:    #16
[    0.772543] .... node  #1, CPUs:    #17
[    0.777868] .... node  #0, CPUs:    #18
[    0.783118] .... node  #1, CPUs:    #19
[    0.788774] .... node  #0, CPUs:    #20
[    0.794003] .... node  #1, CPUs:    #21
[    0.799629] .... node  #0, CPUs:    #22
[    0.805067] .... node  #1, CPUs:    #23
[    0.810506] .... node  #0, CPUs:    #24
[    0.815992] .... node  #1, CPUs:    #25
[    0.821340] .... node  #0, CPUs:    #26
[    0.826562] .... node  #1, CPUs:    #27
[    0.831893] .... node  #0, CPUs:    #28
[    0.837403] .... node  #1, CPUs:    #29
[    0.842712] .... node  #0, CPUs:    #30
[    0.847948] .... node  #1, CPUs:    #31
[    0.853443] .... node  #0, CPUs:    #32
[    0.858733] .... node  #1, CPUs:    #33
[    0.864126] .... node  #0, CPUs:    #34
[    0.869567] .... node  #1, CPUs:    #35
[    0.874892] .... node  #0, CPUs:    #36
[    0.880107] .... node  #1, CPUs:    #37
[    0.885438] .... node  #0, CPUs:    #38
[    0.890995] .... node  #1, CPUs:    #39
[    0.896531] .... node  #0, CPUs:    #40
[    0.902144] .... node  #1, CPUs:    #41
[    0.907902] .... node  #0, CPUs:    #42
[    0.913214] .... node  #1, CPUs:    #43
[    0.918875] .... node  #0, CPUs:    #44
[    0.924231] .... node  #1, CPUs:    #45
[    0.929716] .... node  #0, CPUs:    #46
[    0.935254] .... node  #1, CPUs:    #47
[    0.940712] .... node  #0, CPUs:    #48
[    0.946053] .... node  #1, CPUs:    #49
[    0.951497] .... node  #0, CPUs:    #50
[    0.956993] .... node  #1, CPUs:    #51
[    0.962651] .... node  #0, CPUs:    #52
[    0.968117] .... node  #1, CPUs:    #53
[    0.973723] .... node  #0, CPUs:    #54
[    0.979436] .... node  #1, CPUs:    #55
[    0.985254] .... node  #0, CPUs:    #56
[    0.991387] .... node  #1, CPUs:    #57
[    0.997303] .... node  #0, CPUs:    #58
[    1.002720] .... node  #1, CPUs:    #59
[    1.008176] .... node  #0, CPUs:    #60
[    1.013572] .... node  #1, CPUs:    #61
[    1.018976] .... node  #0, CPUs:    #62
[    1.024587] .... node  #1, CPUs:    #63
[    1.030420] .... node  #0, CPUs:    #64
[    1.035516] .... node  #1, CPUs:    #65
[    1.041278] .... node  #0, CPUs:    #66
[    1.047021] .... node  #1, CPUs:    #67
[    1.052789] .... node  #0, CPUs:    #68
[    1.058551] .... node  #1, CPUs:    #69
[    1.063725] .... node  #0, CPUs:    #70
[    1.068969] .... node  #1, CPUs:    #71
[    1.074518] .... node  #0, CPUs:    #72
[    1.079623] .... node  #1, CPUs:    #73
[    1.084967] .... node  #0, CPUs:    #74
[    1.090500] .... node  #1, CPUs:    #75
[    1.095921] .... node  #0, CPUs:    #76
[    1.101183] .... node  #1, CPUs:    #77
[    1.106830] .... node  #0, CPUs:    #78
[    1.112285] .... node  #1, CPUs:    #79
[    1.117594] .... node  #0, CPUs:    #80
[    1.123236] .... node  #1, CPUs:    #81
[    1.128614] .... node  #0, CPUs:    #82
[    1.133863] .... node  #1, CPUs:    #83
[    1.139205] .... node  #0, CPUs:    #84
[    1.144740] .... node  #1, CPUs:    #85
[    1.150070] .... node  #0, CPUs:    #86
[    1.155313] .... node  #1, CPUs:    #87
[    1.160834] .... node  #0, CPUs:    #88
[    1.166402] .... node  #1, CPUs:    #89
[    1.171553] .... node  #0, CPUs:    #90
[    1.177007] .... node  #1, CPUs:    #91
[    1.182510] .... node  #0, CPUs:    #92
[    1.187607] .... node  #1, CPUs:    #93
[    1.192951] .... node  #0, CPUs:    #94
[    1.198561] .... node  #1, CPUs:    #95
[    1.204101] .... node  #0, CPUs:    #96
[    1.209727] .... node  #1, CPUs:    #97
[    1.215512] .... node  #0, CPUs:    #98
[    1.220846] .... node  #1, CPUs:    #99
[    1.226540] .... node  #0, CPUs:   #100
[    1.231918] .... node  #1, CPUs:   #101
[    1.237428] .... node  #0, CPUs:   #102
[    1.242987] .... node  #1, CPUs:   #103
[    1.248482] .... node  #0, CPUs:   #104
[    1.253863] .... node  #1, CPUs:   #105
[    1.259329] .... node  #0, CPUs:   #106
[    1.264830] .... node  #1, CPUs:   #107
[    1.270513] .... node  #0, CPUs:   #108
[    1.275995] .... node  #1, CPUs:   #109
[    1.281625] .... node  #0, CPUs:   #110
[    1.287347] .... node  #1, CPUs:   #111
[    1.293193] smp: Brought up 2 nodes, 112 CPUs
[    1.293193] smpboot: Max logical packages: 2
[    1.293193] smpboot: Total of 112 processors activated (448073.69 BogoMIPS)
[    1.300480] devtmpfs: initialized
[    1.300480] x86/mm: Memory block size: 2048MB
[    1.300480] ACPI: PM: Registering ACPI NVS region [mem 0x49e77000-0x4ae76fff] (16777216 bytes)
[    1.300480] ACPI: PM: Registering ACPI NVS region [mem 0x6e3ff000-0x6f3fefff] (16777216 bytes)
[    1.300480] clocksource: jiffies: mask: 0xffffffff max_cycles: 0xffffffff, max_idle_ns: 7645041785100000 ns
[    1.300480] futex hash table entries: 32768 (order: 9, 2097152 bytes, vmalloc)
[    1.300480] pinctrl core: initialized pinctrl subsystem
[    1.300480] PM: RTC time: 11:50:59, date: 2024-04-24
[    1.302614] NET: Registered PF_NETLINK/PF_ROUTE protocol family
[    1.303230] DMA: preallocated 4096 KiB GFP_KERNEL pool for atomic allocations
[    1.303736] DMA: preallocated 4096 KiB GFP_KERNEL|GFP_DMA pool for atomic allocations
[    1.304243] DMA: preallocated 4096 KiB GFP_KERNEL|GFP_DMA32 pool for atomic allocations
[    1.304251] audit: initializing netlink subsys (disabled)
[    1.304258] audit: type=2000 audit(1713959458.760:1): state=initialized audit_enabled=0 res=1
[    1.304258] thermal_sys: Registered thermal governor 'fair_share'
[    1.304258] thermal_sys: Registered thermal governor 'bang_bang'
[    1.304258] thermal_sys: Registered thermal governor 'step_wise'
[    1.304258] thermal_sys: Registered thermal governor 'user_space'
[    1.304258] EISA bus registered
[    1.304258] cpuidle: using governor ladder
[    1.304258] cpuidle: using governor menu
[    1.304258] ACPI FADT declares the system doesn't support PCIe ASPM, so disable it
[    1.304258] ACPI: bus type PCI registered
[    1.304258] acpiphp: ACPI Hot Plug PCI Controller Driver version: 0.5
[    1.304258] PCI: MMCONFIG for domain 0000 [bus 00-ff] at [mem 0x80000000-0x8fffffff] (base 0x80000000)
[    1.304258] PCI: MMCONFIG at [mem 0x80000000-0x8fffffff] reserved in E820
[    1.304258] pmd_set_huge: Cannot satisfy [mem 0x80000000-0x80200000] with a huge-page mapping due to MTRR override.
[    1.304258] PCI: Using configuration type 1 for base access
[    1.304258] PCI: Dell System detected, enabling pci=bfsort.
[    1.307730] ENERGY_PERF_BIAS: Set to 'normal', was 'performance'
[    1.311511] Kprobes globally optimized
[    1.311515] HugeTLB registered 1.00 GiB page size, pre-allocated 0 pages
[    1.311515] HugeTLB registered 2.00 MiB page size, pre-allocated 0 pages
[    1.311515] ACPI: Added _OSI(Module Device)
[    1.311515] ACPI: Added _OSI(Processor Device)
[    1.311515] ACPI: Added _OSI(3.0 _SCP Extensions)
[    1.311515] ACPI: Added _OSI(Processor Aggregator Device)
[    1.311515] ACPI: Added _OSI(Linux-Dell-Video)
[    1.311515] ACPI: Added _OSI(Linux-Lenovo-NV-HDMI-Audio)
[    1.311515] ACPI: Added _OSI(Linux-HPI-Hybrid-Graphics)
[    1.480744] ACPI: 8 ACPI AML tables successfully acquired and loaded
[    1.486299] ACPI: [Firmware Bug]: BIOS _OSI(Linux) query ignored
[    1.491524] ACPI: Dynamic OEM Table Load:
[    1.892857] ACPI: Interpreter enabled
[    1.892877] ACPI: PM: (supports S0 S5)
[    1.892879] ACPI: Using IOAPIC for interrupt routing
[    1.892962] HEST: Table parsing has been initialized.
[    1.892964] PCI: Using host bridge windows from ACPI; if necessary, use "pci=nocrs" and report a bug
[    1.921451] ACPI: Enabled 4 GPEs in block 00 to 7F
[    2.038992] ACPI: PCI Root Bridge [PC00] (domain 0000 [bus 00-15])
[    2.038998] acpi PNP0A08:00: _OSC: OS supports [ExtendedConfig ASPM ClockPM Segments MSI HPX-Type3]
[    2.105482] acpi PNP0A08:00: _OSC: platform does not support [SHPCHotplug AER LTR]
[    2.105703] acpi PNP0A08:00: _OSC: OS now controls [PCIeHotplug PME PCIeCapability]
[    2.105704] acpi PNP0A08:00: FADT indicates ASPM is unsupported, using BIOS configuration
[    2.107537] PCI host bridge to bus 0000:00
[    2.107539] pci_bus 0000:00: root bus resource [io  0x0000-0x0cf7 window]
[    2.107541] pci_bus 0000:00: root bus resource [io  0x1000-0x4fff window]
[    2.107542] pci_bus 0000:00: root bus resource [mem 0x000a0000-0x000bffff window]
[    2.107543] pci_bus 0000:00: root bus resource [mem 0x000c8000-0x000cffff window]
[    2.107544] pci_bus 0000:00: root bus resource [mem 0xfe010000-0xfe010fff window]
[    2.107545] pci_bus 0000:00: root bus resource [mem 0x90000000-0x9b7fffff window]
[    2.107546] pci_bus 0000:00: root bus resource [mem 0x200000000000-0x20ffffffffff window]
[    2.107548] pci_bus 0000:00: root bus resource [bus 00-15]
[    2.108912] pci 0000:00:00.0: [8086:09a2] type 00 class 0x088000
[    2.109687] pci 0000:00:00.1: [8086:09a4] type 00 class 0x088000
[    2.111105] pci 0000:00:00.2: [8086:09a3] type 00 class 0x088000
[    2.112520] pci 0000:00:00.4: [8086:0998] type 00 class 0x060000
[    2.114618] pci 0000:00:02.0: [8086:09a6] type 00 class 0x088000
[    2.114627] pci 0000:00:02.0: reg 0x10: [mem 0x92dfc000-0x92dfdfff]
[    2.116049] pci 0000:00:02.1: [8086:09a7] type 00 class 0x088000
[    2.116058] pci 0000:00:02.1: reg 0x10: [mem 0x92d00000-0x92d7ffff]
[    2.116063] pci 0000:00:02.1: reg 0x14: [mem 0x92c80000-0x92cfffff]
[    2.117484] pci 0000:00:02.4: [8086:3456] type 00 class 0x130000
[    2.117494] pci 0000:00:02.4: reg 0x10: [mem 0x92a00000-0x92afffff 64bit]
[    2.117501] pci 0000:00:02.4: reg 0x18: [mem 0x92df0000-0x92df3fff 64bit]
[    2.117508] pci 0000:00:02.4: reg 0x20: [mem 0x92dc0000-0x92ddffff 64bit]
[    2.118945] pci 0000:00:11.0: [8086:a1ec] type 00 class 0xff0000
[    2.118948] pci 0000:00:11.0: device has non-compliant BARs; disabling IO/MEM decoding
[    2.120387] pci 0000:00:11.5: [8086:a1d2] type 00 class 0x010601
[    2.120400] pci 0000:00:11.5: reg 0x10: [mem 0x92dfa000-0x92dfbfff]
[    2.120407] pci 0000:00:11.5: reg 0x14: [mem 0x92e05000-0x92e050ff]
[    2.120414] pci 0000:00:11.5: reg 0x18: [io  0x2068-0x206f]
[    2.120422] pci 0000:00:11.5: reg 0x1c: [io  0x2074-0x2077]
[    2.120429] pci 0000:00:11.5: reg 0x20: [io  0x2040-0x205f]
[    2.120436] pci 0000:00:11.5: reg 0x24: [mem 0x92b80000-0x92bfffff]
[    2.120473] pci 0000:00:11.5: PME# supported from D3hot
[    2.122029] pci 0000:00:14.0: [8086:a1af] type 00 class 0x0c0330
[    2.122047] pci 0000:00:14.0: reg 0x10: [mem 0x92de0000-0x92deffff 64bit]
[    2.122110] pci 0000:00:14.0: PME# supported from D3hot D3cold
[    2.123686] pci 0000:00:14.2: [8086:a1b1] type 00 class 0x118000
[    2.123703] pci 0000:00:14.2: reg 0x10: [mem 0x92e02000-0x92e02fff 64bit]
[    2.125177] pci 0000:00:16.0: [8086:a1ba] type 00 class 0x078000
[    2.125201] pci 0000:00:16.0: reg 0x10: [mem 0x92e01000-0x92e01fff 64bit]
[    2.125284] pci 0000:00:16.0: PME# supported from D3hot
[    2.126702] pci 0000:00:16.1: [8086:a1bb] type 00 class 0x078000
[    2.126724] pci 0000:00:16.1: reg 0x10: [mem 0x92e00000-0x92e00fff 64bit]
[    2.126806] pci 0000:00:16.1: PME# supported from D3hot
[    2.128222] pci 0000:00:16.4: [8086:a1be] type 00 class 0x078000
[    2.128246] pci 0000:00:16.4: reg 0x10: [mem 0x92dff000-0x92dfffff 64bit]
[    2.128329] pci 0000:00:16.4: PME# supported from D3hot
[    2.129749] pci 0000:00:17.0: [8086:a182] type 00 class 0x010601
[    2.129761] pci 0000:00:17.0: reg 0x10: [mem 0x92df8000-0x92df9fff]
[    2.129768] pci 0000:00:17.0: reg 0x14: [mem 0x92e04000-0x92e040ff]
[    2.129776] pci 0000:00:17.0: reg 0x18: [io  0x2060-0x2067]
[    2.129783] pci 0000:00:17.0: reg 0x1c: [io  0x2070-0x2073]
[    2.129790] pci 0000:00:17.0: reg 0x20: [io  0x2020-0x203f]
[    2.129797] pci 0000:00:17.0: reg 0x24: [mem 0x92b00000-0x92b7ffff]
[    2.129833] pci 0000:00:17.0: PME# supported from D3hot
[    2.131392] pci 0000:00:1c.0: [8086:a190] type 01 class 0x060400
[    2.131466] pci 0000:00:1c.0: PME# supported from D0 D3hot D3cold
[    2.133453] pci 0000:00:1c.4: [8086:a194] type 01 class 0x060400
[    2.133521] pci 0000:00:1c.4: PME# supported from D0 D3hot D3cold
[    2.135487] pci 0000:00:1c.5: [8086:a195] type 01 class 0x060400
[    2.135558] pci 0000:00:1c.5: PME# supported from D0 D3hot D3cold
[    2.137525] pci 0000:00:1f.0: [8086:a1cb] type 00 class 0x060100
[    2.139170] pci 0000:00:1f.2: [8086:a1a1] type 00 class 0x058000
[    2.139185] pci 0000:00:1f.2: reg 0x10: [mem 0x92df4000-0x92df7fff]
[    2.140773] pci 0000:00:1f.4: [8086:a1a3] type 00 class 0x0c0500
[    2.140792] pci 0000:00:1f.4: reg 0x10: [mem 0x92dfe000-0x92dfe0ff 64bit]
[    2.140814] pci 0000:00:1f.4: reg 0x20: [io  0x2000-0x201f]
[    2.142231] pci 0000:00:1f.5: [8086:a1a4] type 00 class 0x0c8000
[    2.142246] pci 0000:00:1f.5: reg 0x10: [mem 0xfe010000-0xfe010fff]
[    2.142368] pci 0000:00:1c.0: PCI bridge to [bus 01]
[    2.142421] pci 0000:02:00.0: [1556:be00] type 01 class 0x060400
[    2.142592] pci 0000:00:1c.4: PCI bridge to [bus 02-03]
[    2.142597] pci 0000:00:1c.4:   bridge window [mem 0x92000000-0x928fffff]
[    2.142602] pci 0000:00:1c.4:   bridge window [mem 0x91000000-0x91ffffff 64bit pref]
[    2.142634] pci_bus 0000:03: extended config space not accessible
[    2.142651] pci 0000:03:00.0: [102b:0536] type 00 class 0x030000
[    2.142670] pci 0000:03:00.0: reg 0x10: [mem 0x91000000-0x91ffffff pref]
[    2.142680] pci 0000:03:00.0: reg 0x14: [mem 0x92808000-0x9280bfff]
[    2.142691] pci 0000:03:00.0: reg 0x18: [mem 0x92000000-0x927fffff]
[    2.142739] pci 0000:03:00.0: BAR 0: assigned to efifb
[    2.142838] pci 0000:02:00.0: PCI bridge to [bus 03]
[    2.142846] pci 0000:02:00.0:   bridge window [mem 0x92000000-0x928fffff]
[    2.142852] pci 0000:02:00.0:   bridge window [mem 0x91000000-0x91ffffff 64bit pref]
[    2.142928] pci 0000:04:00.0: [14e4:165f] type 00 class 0x020000
[    2.142952] pci 0000:04:00.0: reg 0x10: [mem 0x92930000-0x9293ffff 64bit pref]
[    2.142968] pci 0000:04:00.0: reg 0x18: [mem 0x92940000-0x9294ffff 64bit pref]
[    2.142983] pci 0000:04:00.0: reg 0x20: [mem 0x92950000-0x9295ffff 64bit pref]
[    2.142994] pci 0000:04:00.0: reg 0x30: [mem 0xfffc0000-0xffffffff pref]
[    2.143087] pci 0000:04:00.0: PME# supported from D0 D3hot D3cold
[    2.143140] pci 0000:04:00.0: 4.000 Gb/s available PCIe bandwidth, limited by 5.0 GT/s PCIe x1 link at 0000:00:1c.5 (capable of 8.000 Gb/s with 5.0 GT/s PCIe x2 link)
[    2.143683] pci 0000:04:00.1: [14e4:165f] type 00 class 0x020000
[    2.143707] pci 0000:04:00.1: reg 0x10: [mem 0x92900000-0x9290ffff 64bit pref]
[    2.143722] pci 0000:04:00.1: reg 0x18: [mem 0x92910000-0x9291ffff 64bit pref]
[    2.143738] pci 0000:04:00.1: reg 0x20: [mem 0x92920000-0x9292ffff 64bit pref]
[    2.143748] pci 0000:04:00.1: reg 0x30: [mem 0xfffc0000-0xffffffff pref]
[    2.143842] pci 0000:04:00.1: PME# supported from D0 D3hot D3cold
[    2.144393] pci 0000:00:1c.5: PCI bridge to [bus 04]
[    2.144400] pci 0000:00:1c.5:   bridge window [mem 0x92900000-0x929fffff 64bit pref]
[    2.144415] pci_bus 0000:00: on NUMA node 0
[    2.144975] ACPI: PCI Root Bridge [PC01] (domain 0000 [bus 16-2f])
[    2.144979] acpi PNP0A08:01: _OSC: OS supports [ExtendedConfig ASPM ClockPM Segments MSI HPX-Type3]
[    2.159005] acpi PNP0A08:01: _OSC: platform does not support [SHPCHotplug AER]
[    2.159213] acpi PNP0A08:01: _OSC: OS now controls [PCIeHotplug PME PCIeCapability LTR]
[    2.159214] acpi PNP0A08:01: FADT indicates ASPM is unsupported, using BIOS configuration
[    2.159340] PCI host bridge to bus 0000:16
[    2.159341] pci_bus 0000:16: root bus resource [io  0x5000-0x6fff window]
[    2.159343] pci_bus 0000:16: root bus resource [mem 0x9b800000-0xa63fffff window]
[    2.159344] pci_bus 0000:16: root bus resource [mem 0x210000000000-0x21ffffffffff window]
[    2.159346] pci_bus 0000:16: root bus resource [bus 16-2f]
[    2.159360] pci 0000:16:00.0: [8086:09a2] type 00 class 0x088000
[    2.159437] pci 0000:16:00.1: [8086:09a4] type 00 class 0x088000
[    2.159509] pci 0000:16:00.2: [8086:09a3] type 00 class 0x088000
[    2.159578] pci 0000:16:00.4: [8086:0998] type 00 class 0x060000
[    2.159656] pci 0000:16:02.0: [8086:347a] type 01 class 0x060400
[    2.159665] pci 0000:16:02.0: reg 0x10: [mem 0x21fffff00000-0x21fffff1ffff 64bit]
[    2.159703] pci 0000:16:02.0: PME# supported from D0 D3hot D3cold
[    2.160617] pci 0000:17:00.0: [1000:10e2] type 00 class 0x010400
[    2.160629] pci 0000:17:00.0: reg 0x10: [mem 0x9b800000-0x9b8fffff 64bit pref]
[    2.160638] pci 0000:17:00.0: reg 0x18: [mem 0x9b900000-0x9b9fffff 64bit pref]
[    2.160643] pci 0000:17:00.0: reg 0x20: [mem 0x9ba00000-0x9bafffff]
[    2.160649] pci 0000:17:00.0: reg 0x24: [io  0x5000-0x50ff]
[    2.160655] pci 0000:17:00.0: reg 0x30: [mem 0xfff00000-0xffffffff pref]
[    2.161713] pci 0000:17:00.0: supports D1 D2
[    2.161780] pci 0000:16:02.0: PCI bridge to [bus 17]
[    2.161782] pci 0000:16:02.0:   bridge window [io  0x5000-0x5fff]
[    2.161784] pci 0000:16:02.0:   bridge window [mem 0x9ba00000-0x9bafffff]
[    2.161787] pci 0000:16:02.0:   bridge window [mem 0x9b800000-0x9b9fffff 64bit pref]
[    2.161792] pci_bus 0000:16: on NUMA node 0
[    2.161867] ACPI: PCI Root Bridge [PC02] (domain 0000 [bus 30-49])
[    2.161870] acpi PNP0A08:02: _OSC: OS supports [ExtendedConfig ASPM ClockPM Segments MSI HPX-Type3]
[    2.175815] acpi PNP0A08:02: _OSC: platform does not support [SHPCHotplug AER]
[    2.176037] acpi PNP0A08:02: _OSC: OS now controls [PCIeHotplug PME PCIeCapability LTR]
[    2.176038] acpi PNP0A08:02: FADT indicates ASPM is unsupported, using BIOS configuration
[    2.176174] PCI host bridge to bus 0000:30
[    2.176175] pci_bus 0000:30: root bus resource [io  0x7000-0x8fff window]
[    2.176177] pci_bus 0000:30: root bus resource [mem 0xa6400000-0xb0ffffff window]
[    2.176178] pci_bus 0000:30: root bus resource [mem 0x220000000000-0x22ffffffffff window]
[    2.176180] pci_bus 0000:30: root bus resource [bus 30-49]
[    2.176195] pci 0000:30:00.0: [8086:09a2] type 00 class 0x088000
[    2.176272] pci 0000:30:00.1: [8086:09a4] type 00 class 0x088000
[    2.176341] pci 0000:30:00.2: [8086:09a3] type 00 class 0x088000
[    2.176411] pci 0000:30:00.4: [8086:0998] type 00 class 0x060000
[    2.176481] pci_bus 0000:30: on NUMA node 0
[    2.176583] ACPI: PCI Root Bridge [PC04] (domain 0000 [bus 4a-63])
[    2.176587] acpi PNP0A08:04: _OSC: OS supports [ExtendedConfig ASPM ClockPM Segments MSI HPX-Type3]
[    2.190292] acpi PNP0A08:04: _OSC: platform does not support [SHPCHotplug AER]
[    2.190496] acpi PNP0A08:04: _OSC: OS now controls [PCIeHotplug PME PCIeCapability LTR]
[    2.190498] acpi PNP0A08:04: FADT indicates ASPM is unsupported, using BIOS configuration
[    2.190611] PCI host bridge to bus 0000:4a
[    2.190612] pci_bus 0000:4a: root bus resource [io  0x9000-0x9fff window]
[    2.190614] pci_bus 0000:4a: root bus resource [mem 0xb1000000-0xbbbfffff window]
[    2.190615] pci_bus 0000:4a: root bus resource [mem 0x230000000000-0x23ffffffffff window]
[    2.190616] pci_bus 0000:4a: root bus resource [bus 4a-63]
[    2.190630] pci 0000:4a:00.0: [8086:09a2] type 00 class 0x088000
[    2.190701] pci 0000:4a:00.1: [8086:09a4] type 00 class 0x088000
[    2.190768] pci 0000:4a:00.2: [8086:09a3] type 00 class 0x088000
[    2.190837] pci 0000:4a:00.4: [8086:0998] type 00 class 0x060000
[    2.190912] pci_bus 0000:4a: on NUMA node 0
[    2.190983] ACPI: PCI Root Bridge [PC05] (domain 0000 [bus 64-7d])
[    2.190985] acpi PNP0A08:05: _OSC: OS supports [ExtendedConfig ASPM ClockPM Segments MSI HPX-Type3]
[    2.204701] acpi PNP0A08:05: _OSC: platform does not support [SHPCHotplug AER]
[    2.204904] acpi PNP0A08:05: _OSC: OS now controls [PCIeHotplug PME PCIeCapability LTR]
[    2.204905] acpi PNP0A08:05: FADT indicates ASPM is unsupported, using BIOS configuration
[    2.205015] PCI host bridge to bus 0000:64
[    2.205017] pci_bus 0000:64: root bus resource [io  0xa000-0xafff window]
[    2.205018] pci_bus 0000:64: root bus resource [mem 0xbbc00000-0xc5ffffff window]
[    2.205019] pci_bus 0000:64: root bus resource [mem 0x240000000000-0x24ffffffffff window]
[    2.205020] pci_bus 0000:64: root bus resource [bus 64-7d]
[    2.205034] pci 0000:64:00.0: [8086:09a2] type 00 class 0x088000
[    2.205105] pci 0000:64:00.1: [8086:09a4] type 00 class 0x088000
[    2.205173] pci 0000:64:00.2: [8086:09a3] type 00 class 0x088000
[    2.205241] pci 0000:64:00.4: [8086:0998] type 00 class 0x060000
[    2.205313] pci_bus 0000:64: on NUMA node 0
[    2.205376] ACPI: PCI Root Bridge [UC06] (domain 0000 [bus 7e])
[    2.205378] acpi PNP0A03:00: _OSC: OS supports [ExtendedConfig ASPM ClockPM Segments MSI HPX-Type3]
[    2.205544] acpi PNP0A03:00: _OSC: platform does not support [SHPCHotplug AER LTR]
[    2.205715] acpi PNP0A03:00: _OSC: OS now controls [PCIeHotplug PME PCIeCapability]
[    2.205716] acpi PNP0A03:00: FADT indicates ASPM is unsupported, using BIOS configuration
[    2.205841] PCI host bridge to bus 0000:7e
[    2.205842] pci_bus 0000:7e: root bus resource [bus 7e]
[    2.205876] pci 0000:7e:00.0: [8086:3450] type 00 class 0x088000
[    2.205959] pci 0000:7e:00.1: [8086:3451] type 00 class 0x088000
[    2.206049] pci 0000:7e:00.2: [8086:3452] type 00 class 0x088000
[    2.206129] pci 0000:7e:00.3: [8086:0998] type 00 class 0x060000
[    2.206216] pci 0000:7e:00.5: [8086:3455] type 00 class 0x088000
[    2.206315] pci 0000:7e:02.0: [8086:3440] type 00 class 0x088000
[    2.206453] pci 0000:7e:02.1: [8086:3441] type 00 class 0x088000
[    2.206587] pci 0000:7e:02.2: [8086:3442] type 00 class 0x088000
[    2.206731] pci 0000:7e:03.0: [8086:3440] type 00 class 0x088000
[    2.206832] pci 0000:7e:03.1: [8086:3441] type 00 class 0x088000
[    2.206929] pci 0000:7e:03.2: [8086:3442] type 00 class 0x088000
[    2.207035] pci 0000:7e:04.0: [8086:3440] type 00 class 0x088000
[    2.207181] pci 0000:7e:04.1: [8086:3441] type 00 class 0x088000
[    2.207320] pci 0000:7e:04.2: [8086:3442] type 00 class 0x088000
[    2.207460] pci 0000:7e:04.3: [8086:3443] type 00 class 0x088000
[    2.207616] pci 0000:7e:05.0: [8086:3445] type 00 class 0x088000
[    2.207751] pci 0000:7e:05.1: [8086:3446] type 00 class 0x088000
[    2.207885] pci 0000:7e:05.2: [8086:3447] type 00 class 0x088000
[    2.208032] pci 0000:7e:06.0: [8086:3445] type 00 class 0x088000
[    2.208133] pci 0000:7e:06.1: [8086:3446] type 00 class 0x088000
[    2.208238] pci 0000:7e:06.2: [8086:3447] type 00 class 0x088000
[    2.208359] pci 0000:7e:07.0: [8086:3445] type 00 class 0x088000
[    2.208503] pci 0000:7e:07.1: [8086:3446] type 00 class 0x088000
[    2.208645] pci 0000:7e:07.2: [8086:3447] type 00 class 0x088000
[    2.208797] pci 0000:7e:0b.0: [8086:3448] type 00 class 0x088000
[    2.208886] pci 0000:7e:0b.1: [8086:3448] type 00 class 0x088000
[    2.208972] pci 0000:7e:0b.2: [8086:344b] type 00 class 0x088000
[    2.209077] pci 0000:7e:0c.0: [8086:344a] type 00 class 0x110100
[    2.209207] pci 0000:7e:0d.0: [8086:344a] type 00 class 0x110100
[    2.209316] pci 0000:7e:0e.0: [8086:344a] type 00 class 0x110100
[    2.209483] pci 0000:7e:0f.0: [8086:344a] type 00 class 0x110100
[    2.209675] pci 0000:7e:1a.0: [8086:2880] type 00 class 0x110100
[    2.209799] pci 0000:7e:1b.0: [8086:2880] type 00 class 0x110100
[    2.209905] pci 0000:7e:1c.0: [8086:2880] type 00 class 0x110100
[    2.210079] pci 0000:7e:1d.0: [8086:2880] type 00 class 0x110100
[    2.210239] pci_bus 0000:7e: on NUMA node 0
[    2.210316] ACPI: PCI Root Bridge [UC07] (domain 0000 [bus 7f])
[    2.210319] acpi PNP0A03:01: _OSC: OS supports [ExtendedConfig ASPM ClockPM Segments MSI HPX-Type3]
[    2.210486] acpi PNP0A03:01: _OSC: platform does not support [SHPCHotplug AER LTR]
[    2.210658] acpi PNP0A03:01: _OSC: OS now controls [PCIeHotplug PME PCIeCapability]
[    2.210659] acpi PNP0A03:01: FADT indicates ASPM is unsupported, using BIOS configuration
[    2.210793] PCI host bridge to bus 0000:7f
[    2.210794] pci_bus 0000:7f: root bus resource [bus 7f]
[    2.210835] pci 0000:7f:00.0: [8086:344c] type 00 class 0x088000
[    2.210967] pci 0000:7f:00.1: [8086:344c] type 00 class 0x088000
[    2.211103] pci 0000:7f:00.2: [8086:344c] type 00 class 0x088000
[    2.211240] pci 0000:7f:00.3: [8086:344c] type 00 class 0x088000
[    2.211356] pci 0000:7f:00.4: [8086:344c] type 00 class 0x088000
[    2.211504] pci 0000:7f:00.5: [8086:344c] type 00 class 0x088000
[    2.211644] pci 0000:7f:00.6: [8086:344c] type 00 class 0x088000
[    2.211749] pci 0000:7f:00.7: [8086:344c] type 00 class 0x088000
[    2.211872] pci 0000:7f:01.0: [8086:344c] type 00 class 0x088000
[    2.212035] pci 0000:7f:01.1: [8086:344c] type 00 class 0x088000
[    2.212179] pci 0000:7f:01.2: [8086:344c] type 00 class 0x088000
[    2.212284] pci 0000:7f:01.3: [8086:344c] type 00 class 0x088000
[    2.212441] pci 0000:7f:01.4: [8086:344c] type 00 class 0x088000
[    2.212598] pci 0000:7f:01.5: [8086:344c] type 00 class 0x088000
[    2.212760] pci 0000:7f:01.6: [8086:344c] type 00 class 0x088000
[    2.212907] pci 0000:7f:01.7: [8086:344c] type 00 class 0x088000
[    2.213074] pci 0000:7f:02.0: [8086:344c] type 00 class 0x088000
[    2.213233] pci 0000:7f:02.1: [8086:344c] type 00 class 0x088000
[    2.213391] pci 0000:7f:02.2: [8086:344c] type 00 class 0x088000
[    2.213548] pci 0000:7f:02.3: [8086:344c] type 00 class 0x088000
[    2.213711] pci 0000:7f:02.4: [8086:344c] type 00 class 0x088000
[    2.213876] pci 0000:7f:02.5: [8086:344c] type 00 class 0x088000
[    2.214039] pci 0000:7f:02.6: [8086:344c] type 00 class 0x088000
[    2.214211] pci 0000:7f:02.7: [8086:344c] type 00 class 0x088000
[    2.214398] pci 0000:7f:03.0: [8086:344c] type 00 class 0x088000
[    2.214573] pci 0000:7f:03.1: [8086:344c] type 00 class 0x088000
[    2.214751] pci 0000:7f:03.2: [8086:344c] type 00 class 0x088000
[    2.214926] pci 0000:7f:03.3: [8086:344c] type 00 class 0x088000
[    2.215125] pci 0000:7f:0a.0: [8086:344d] type 00 class 0x088000
[    2.215249] pci 0000:7f:0a.1: [8086:344d] type 00 class 0x088000
[    2.215384] pci 0000:7f:0a.2: [8086:344d] type 00 class 0x088000
[    2.215520] pci 0000:7f:0a.3: [8086:344d] type 00 class 0x088000
[    2.215636] pci 0000:7f:0a.4: [8086:344d] type 00 class 0x088000
[    2.215786] pci 0000:7f:0a.5: [8086:344d] type 00 class 0x088000
[    2.215928] pci 0000:7f:0a.6: [8086:344d] type 00 class 0x088000
[    2.216031] pci 0000:7f:0a.7: [8086:344d] type 00 class 0x088000
[    2.216153] pci 0000:7f:0b.0: [8086:344d] type 00 class 0x088000
[    2.216305] pci 0000:7f:0b.1: [8086:344d] type 00 class 0x088000
[    2.216450] pci 0000:7f:0b.2: [8086:344d] type 00 class 0x088000
[    2.216556] pci 0000:7f:0b.3: [8086:344d] type 00 class 0x088000
[    2.216713] pci 0000:7f:0b.4: [8086:344d] type 00 class 0x088000
[    2.216876] pci 0000:7f:0b.5: [8086:344d] type 00 class 0x088000
[    2.217038] pci 0000:7f:0b.6: [8086:344d] type 00 class 0x088000
[    2.217185] pci 0000:7f:0b.7: [8086:344d] type 00 class 0x088000
[    2.217353] pci 0000:7f:0c.0: [8086:344d] type 00 class 0x088000
[    2.217511] pci 0000:7f:0c.1: [8086:344d] type 00 class 0x088000
[    2.217669] pci 0000:7f:0c.2: [8086:344d] type 00 class 0x088000
[    2.217826] pci 0000:7f:0c.3: [8086:344d] type 00 class 0x088000
[    2.217990] pci 0000:7f:0c.4: [8086:344d] type 00 class 0x088000
[    2.218159] pci 0000:7f:0c.5: [8086:344d] type 00 class 0x088000
[    2.218323] pci 0000:7f:0c.6: [8086:344d] type 00 class 0x088000
[    2.218496] pci 0000:7f:0c.7: [8086:344d] type 00 class 0x088000
[    2.218682] pci 0000:7f:0d.0: [8086:344d] type 00 class 0x088000
[    2.218852] pci 0000:7f:0d.1: [8086:344d] type 00 class 0x088000
[    2.219029] pci 0000:7f:0d.2: [8086:344d] type 00 class 0x088000
[    2.219204] pci 0000:7f:0d.3: [8086:344d] type 00 class 0x088000
[    2.219412] pci 0000:7f:1d.0: [8086:344f] type 00 class 0x088000
[    2.219551] pci 0000:7f:1d.1: [8086:3457] type 00 class 0x088000
[    2.219696] pci 0000:7f:1e.0: [8086:3458] type 00 class 0x088000
[    2.219785] pci 0000:7f:1e.1: [8086:3459] type 00 class 0x088000
[    2.219874] pci 0000:7f:1e.2: [8086:345a] type 00 class 0x088000
[    2.219962] pci 0000:7f:1e.3: [8086:345b] type 00 class 0x088000
[    2.220050] pci 0000:7f:1e.4: [8086:345c] type 00 class 0x088000
[    2.220138] pci 0000:7f:1e.5: [8086:345d] type 00 class 0x088000
[    2.220225] pci 0000:7f:1e.6: [8086:345e] type 00 class 0x088000
[    2.220320] pci 0000:7f:1e.7: [8086:345f] type 00 class 0x088000
[    2.220392] pci_bus 0000:7f: on NUMA node 0
[    2.220488] ACPI: PCI Root Bridge [PC06] (domain 0000 [bus 80])
[    2.220491] acpi PNP0A08:06: _OSC: OS supports [ExtendedConfig ASPM ClockPM Segments MSI HPX-Type3]
[    2.234198] acpi PNP0A08:06: _OSC: platform does not support [SHPCHotplug AER]
[    2.234404] acpi PNP0A08:06: _OSC: OS now controls [PCIeHotplug PME PCIeCapability LTR]
[    2.234406] acpi PNP0A08:06: FADT indicates ASPM is unsupported, using BIOS configuration
[    2.234551] PCI host bridge to bus 0000:80
[    2.234552] pci_bus 0000:80: root bus resource [io  0xb000-0xbfff window]
[    2.234553] pci_bus 0000:80: root bus resource [mem 0xc6800000-0xd0ffffff window]
[    2.234554] pci_bus 0000:80: root bus resource [mem 0x250000000000-0x25ffffffffff window]
[    2.234556] pci_bus 0000:80: root bus resource [bus 80]
[    2.234588] pci 0000:80:00.0: [8086:09a2] type 00 class 0x088000
[    2.234682] pci 0000:80:00.1: [8086:09a4] type 00 class 0x088000
[    2.234770] pci 0000:80:00.2: [8086:09a3] type 00 class 0x088000
[    2.234860] pci 0000:80:00.4: [8086:0998] type 00 class 0x060000
[    2.234949] pci 0000:80:02.0: [8086:09a6] type 00 class 0x088000
[    2.234958] pci 0000:80:02.0: reg 0x10: [mem 0xc6aa4000-0xc6aa5fff]
[    2.235036] pci 0000:80:02.1: [8086:09a7] type 00 class 0x088000
[    2.235044] pci 0000:80:02.1: reg 0x10: [mem 0xc6a00000-0xc6a7ffff]
[    2.235050] pci 0000:80:02.1: reg 0x14: [mem 0xc6980000-0xc69fffff]
[    2.235136] pci 0000:80:02.4: [8086:3456] type 00 class 0x130000
[    2.235147] pci 0000:80:02.4: reg 0x10: [mem 0xc6800000-0xc68fffff 64bit]
[    2.235154] pci 0000:80:02.4: reg 0x18: [mem 0xc6aa0000-0xc6aa3fff 64bit]
[    2.235161] pci 0000:80:02.4: reg 0x20: [mem 0xc6a80000-0xc6a9ffff 64bit]
[    2.235234] pci_bus 0000:80: on NUMA node 1
[    2.235309] ACPI: PCI Root Bridge [PC07] (domain 0000 [bus 81])
[    2.235312] acpi PNP0A08:07: _OSC: OS supports [ExtendedConfig ASPM ClockPM Segments MSI HPX-Type3]
[    2.248976] acpi PNP0A08:07: _OSC: platform does not support [SHPCHotplug AER]
[    2.249177] acpi PNP0A08:07: _OSC: OS now controls [PCIeHotplug PME PCIeCapability LTR]
[    2.249178] acpi PNP0A08:07: FADT indicates ASPM is unsupported, using BIOS configuration
[    2.249291] PCI host bridge to bus 0000:81
[    2.249292] pci_bus 0000:81: root bus resource [io  0xc000-0xcfff window]
[    2.249293] pci_bus 0000:81: root bus resource [mem 0xd1000000-0xdbbfffff window]
[    2.249295] pci_bus 0000:81: root bus resource [mem 0x260000000000-0x26ffffffffff window]
[    2.249296] pci_bus 0000:81: root bus resource [bus 81]
[    2.249310] pci 0000:81:00.0: [8086:09a2] type 00 class 0x088000
[    2.249385] pci 0000:81:00.1: [8086:09a4] type 00 class 0x088000
[    2.249460] pci 0000:81:00.2: [8086:09a3] type 00 class 0x088000
[    2.249536] pci 0000:81:00.4: [8086:0998] type 00 class 0x060000
[    2.249616] pci_bus 0000:81: on NUMA node 1
[    2.249687] ACPI: PCI Root Bridge [PC08] (domain 0000 [bus 82])
[    2.249689] acpi PNP0A08:08: _OSC: OS supports [ExtendedConfig ASPM ClockPM Segments MSI HPX-Type3]
[    2.263395] acpi PNP0A08:08: _OSC: platform does not support [SHPCHotplug AER]
[    2.263597] acpi PNP0A08:08: _OSC: OS now controls [PCIeHotplug PME PCIeCapability LTR]
[    2.263598] acpi PNP0A08:08: FADT indicates ASPM is unsupported, using BIOS configuration
[    2.263710] PCI host bridge to bus 0000:82
[    2.263711] pci_bus 0000:82: root bus resource [io  0xd000-0xdfff window]
[    2.263712] pci_bus 0000:82: root bus resource [mem 0xdbc00000-0xe67fffff window]
[    2.263713] pci_bus 0000:82: root bus resource [mem 0x270000000000-0x27ffffffffff window]
[    2.263715] pci_bus 0000:82: root bus resource [bus 82]
[    2.263729] pci 0000:82:00.0: [8086:09a2] type 00 class 0x088000
[    2.263804] pci 0000:82:00.1: [8086:09a4] type 00 class 0x088000
[    2.263878] pci 0000:82:00.2: [8086:09a3] type 00 class 0x088000
[    2.263954] pci 0000:82:00.4: [8086:0998] type 00 class 0x060000
[    2.264038] pci_bus 0000:82: on NUMA node 1
[    2.264135] ACPI: PCI Root Bridge [PC10] (domain 0000 [bus 83-f9])
[    2.264138] acpi PNP0A08:0a: _OSC: OS supports [ExtendedConfig ASPM ClockPM Segments MSI HPX-Type3]
[    2.277810] acpi PNP0A08:0a: _OSC: platform does not support [SHPCHotplug AER]
[    2.278012] acpi PNP0A08:0a: _OSC: OS now controls [PCIeHotplug PME PCIeCapability LTR]
[    2.278013] acpi PNP0A08:0a: FADT indicates ASPM is unsupported, using BIOS configuration
[    2.278131] PCI host bridge to bus 0000:83
[    2.278132] pci_bus 0000:83: root bus resource [io  0xe000-0xefff window]
[    2.278133] pci_bus 0000:83: root bus resource [mem 0xe6800000-0xf13fffff window]
[    2.278135] pci_bus 0000:83: root bus resource [mem 0x280000000000-0x28ffffffffff window]
[    2.278136] pci_bus 0000:83: root bus resource [bus 83-f9]
[    2.278150] pci 0000:83:00.0: [8086:09a2] type 00 class 0x088000
[    2.278228] pci 0000:83:00.1: [8086:09a4] type 00 class 0x088000
[    2.278311] pci 0000:83:00.2: [8086:09a3] type 00 class 0x088000
[    2.278386] pci 0000:83:00.4: [8086:0998] type 00 class 0x060000
[    2.278467] pci_bus 0000:83: on NUMA node 1
[    2.278538] ACPI: PCI Root Bridge [PC11] (domain 0000 [bus fa])
[    2.278541] acpi PNP0A08:0b: _OSC: OS supports [ExtendedConfig ASPM ClockPM Segments MSI HPX-Type3]
[    2.292240] acpi PNP0A08:0b: _OSC: platform does not support [SHPCHotplug AER]
[    2.292442] acpi PNP0A08:0b: _OSC: OS now controls [PCIeHotplug PME PCIeCapability LTR]
[    2.292443] acpi PNP0A08:0b: FADT indicates ASPM is unsupported, using BIOS configuration
[    2.292553] PCI host bridge to bus 0000:fa
[    2.292555] pci_bus 0000:fa: root bus resource [io  0xf000-0xffff window]
[    2.292556] pci_bus 0000:fa: root bus resource [mem 0xf1400000-0xfb7fffff window]
[    2.292557] pci_bus 0000:fa: root bus resource [mem 0x290000000000-0x29ffffffffff window]
[    2.292558] pci_bus 0000:fa: root bus resource [bus fa]
[    2.292573] pci 0000:fa:00.0: [8086:09a2] type 00 class 0x088000
[    2.292649] pci 0000:fa:00.1: [8086:09a4] type 00 class 0x088000
[    2.292724] pci 0000:fa:00.2: [8086:09a3] type 00 class 0x088000
[    2.292801] pci 0000:fa:00.4: [8086:0998] type 00 class 0x060000
[    2.292886] pci_bus 0000:fa: on NUMA node 1
[    2.292950] ACPI: PCI Root Bridge [UC16] (domain 0000 [bus fe])
[    2.292952] acpi PNP0A03:02: _OSC: OS supports [ExtendedConfig ASPM ClockPM Segments MSI HPX-Type3]
[    2.293118] acpi PNP0A03:02: _OSC: platform does not support [SHPCHotplug AER LTR]
[    2.293288] acpi PNP0A03:02: _OSC: OS now controls [PCIeHotplug PME PCIeCapability]
[    2.293289] acpi PNP0A03:02: FADT indicates ASPM is unsupported, using BIOS configuration
[    2.293410] PCI host bridge to bus 0000:fe
[    2.293411] pci_bus 0000:fe: root bus resource [bus fe]
[    2.293443] pci 0000:fe:00.0: [8086:3450] type 00 class 0x088000
[    2.293529] pci 0000:fe:00.1: [8086:3451] type 00 class 0x088000
[    2.293610] pci 0000:fe:00.2: [8086:3452] type 00 class 0x088000
[    2.293690] pci 0000:fe:00.3: [8086:0998] type 00 class 0x060000
[    2.293771] pci 0000:fe:00.5: [8086:3455] type 00 class 0x088000
[    2.293871] pci 0000:fe:02.0: [8086:3440] type 00 class 0x088000
[    2.294013] pci 0000:fe:02.1: [8086:3441] type 00 class 0x088000
[    2.294148] pci 0000:fe:02.2: [8086:3442] type 00 class 0x088000
[    2.294301] pci 0000:fe:03.0: [8086:3440] type 00 class 0x088000
[    2.294409] pci 0000:fe:03.1: [8086:3441] type 00 class 0x088000
[    2.294510] pci 0000:fe:03.2: [8086:3442] type 00 class 0x088000
[    2.294618] pci 0000:fe:04.0: [8086:3440] type 00 class 0x088000
[    2.294764] pci 0000:fe:04.1: [8086:3441] type 00 class 0x088000
[    2.294905] pci 0000:fe:04.2: [8086:3442] type 00 class 0x088000
[    2.295047] pci 0000:fe:04.3: [8086:3443] type 00 class 0x088000
[    2.295205] pci 0000:fe:05.0: [8086:3445] type 00 class 0x088000
[    2.295353] pci 0000:fe:05.1: [8086:3446] type 00 class 0x088000
[    2.295490] pci 0000:fe:05.2: [8086:3447] type 00 class 0x088000
[    2.295637] pci 0000:fe:06.0: [8086:3445] type 00 class 0x088000
[    2.295743] pci 0000:fe:06.1: [8086:3446] type 00 class 0x088000
[    2.295847] pci 0000:fe:06.2: [8086:3447] type 00 class 0x088000
[    2.295971] pci 0000:fe:07.0: [8086:3445] type 00 class 0x088000
[    2.296119] pci 0000:fe:07.1: [8086:3446] type 00 class 0x088000
[    2.296265] pci 0000:fe:07.2: [8086:3447] type 00 class 0x088000
[    2.296425] pci 0000:fe:0b.0: [8086:3448] type 00 class 0x088000
[    2.296514] pci 0000:fe:0b.1: [8086:3448] type 00 class 0x088000
[    2.296603] pci 0000:fe:0b.2: [8086:344b] type 00 class 0x088000
[    2.296708] pci 0000:fe:0c.0: [8086:344a] type 00 class 0x110100
[    2.296838] pci 0000:fe:0d.0: [8086:344a] type 00 class 0x110100
[    2.296952] pci 0000:fe:0e.0: [8086:344a] type 00 class 0x110100
[    2.297124] pci 0000:fe:0f.0: [8086:344a] type 00 class 0x110100
[    2.297316] pci 0000:fe:1a.0: [8086:2880] type 00 class 0x110100
[    2.297447] pci 0000:fe:1b.0: [8086:2880] type 00 class 0x110100
[    2.297560] pci 0000:fe:1c.0: [8086:2880] type 00 class 0x110100
[    2.297738] pci 0000:fe:1d.0: [8086:2880] type 00 class 0x110100
[    2.297899] pci_bus 0000:fe: on NUMA node 1
[    2.297977] ACPI: PCI Root Bridge [UC17] (domain 0000 [bus ff])
[    2.297980] acpi PNP0A03:03: _OSC: OS supports [ExtendedConfig ASPM ClockPM Segments MSI HPX-Type3]
[    2.298148] acpi PNP0A03:03: _OSC: platform does not support [SHPCHotplug AER LTR]
[    2.298323] acpi PNP0A03:03: _OSC: OS now controls [PCIeHotplug PME PCIeCapability]
[    2.298324] acpi PNP0A03:03: FADT indicates ASPM is unsupported, using BIOS configuration
[    2.298461] PCI host bridge to bus 0000:ff
[    2.298462] pci_bus 0000:ff: root bus resource [bus ff]
[    2.298504] pci 0000:ff:00.0: [8086:344c] type 00 class 0x088000
[    2.298635] pci 0000:ff:00.1: [8086:344c] type 00 class 0x088000
[    2.298774] pci 0000:ff:00.2: [8086:344c] type 00 class 0x088000
[    2.298898] pci 0000:ff:00.3: [8086:344c] type 00 class 0x088000
[    2.299044] pci 0000:ff:00.4: [8086:344c] type 00 class 0x088000
[    2.299192] pci 0000:ff:00.5: [8086:344c] type 00 class 0x088000
[    2.299311] pci 0000:ff:00.6: [8086:344c] type 00 class 0x088000
[    2.299462] pci 0000:ff:00.7: [8086:344c] type 00 class 0x088000
[    2.299629] pci 0000:ff:01.0: [8086:344c] type 00 class 0x088000
[    2.299787] pci 0000:ff:01.1: [8086:344c] type 00 class 0x088000
[    2.299937] pci 0000:ff:01.2: [8086:344c] type 00 class 0x088000
[    2.300047] pci 0000:ff:01.3: [8086:344c] type 00 class 0x088000
[    2.300209] pci 0000:ff:01.4: [8086:344c] type 00 class 0x088000
[    2.300376] pci 0000:ff:01.5: [8086:344c] type 00 class 0x088000
[    2.300544] pci 0000:ff:01.6: [8086:344c] type 00 class 0x088000
[    2.300696] pci 0000:ff:01.7: [8086:344c] type 00 class 0x088000
[    2.300869] pci 0000:ff:02.0: [8086:344c] type 00 class 0x088000
[    2.301028] pci 0000:ff:02.1: [8086:344c] type 00 class 0x088000
[    2.301185] pci 0000:ff:02.2: [8086:344c] type 00 class 0x088000
[    2.301349] pci 0000:ff:02.3: [8086:344c] type 00 class 0x088000
[    2.301511] pci 0000:ff:02.4: [8086:344c] type 00 class 0x088000
[    2.301679] pci 0000:ff:02.5: [8086:344c] type 00 class 0x088000
[    2.301849] pci 0000:ff:02.6: [8086:344c] type 00 class 0x088000
[    2.302019] pci 0000:ff:02.7: [8086:344c] type 00 class 0x088000
[    2.302211] pci 0000:ff:03.0: [8086:344c] type 00 class 0x088000
[    2.302389] pci 0000:ff:03.1: [8086:344c] type 00 class 0x088000
[    2.302564] pci 0000:ff:03.2: [8086:344c] type 00 class 0x088000
[    2.302748] pci 0000:ff:03.3: [8086:344c] type 00 class 0x088000
[    2.302953] pci 0000:ff:0a.0: [8086:344d] type 00 class 0x088000
[    2.303088] pci 0000:ff:0a.1: [8086:344d] type 00 class 0x088000
[    2.303227] pci 0000:ff:0a.2: [8086:344d] type 00 class 0x088000
[    2.303357] pci 0000:ff:0a.3: [8086:344d] type 00 class 0x088000
[    2.303502] pci 0000:ff:0a.4: [8086:344d] type 00 class 0x088000
[    2.303645] pci 0000:ff:0a.5: [8086:344d] type 00 class 0x088000
[    2.303765] pci 0000:ff:0a.6: [8086:344d] type 00 class 0x088000
[    2.303916] pci 0000:ff:0a.7: [8086:344d] type 00 class 0x088000
[    2.304082] pci 0000:ff:0b.0: [8086:344d] type 00 class 0x088000
[    2.304245] pci 0000:ff:0b.1: [8086:344d] type 00 class 0x088000
[    2.304395] pci 0000:ff:0b.2: [8086:344d] type 00 class 0x088000
[    2.304504] pci 0000:ff:0b.3: [8086:344d] type 00 class 0x088000
[    2.304668] pci 0000:ff:0b.4: [8086:344d] type 00 class 0x088000
[    2.304830] pci 0000:ff:0b.5: [8086:344d] type 00 class 0x088000
[    2.304998] pci 0000:ff:0b.6: [8086:344d] type 00 class 0x088000
[    2.305151] pci 0000:ff:0b.7: [8086:344d] type 00 class 0x088000
[    2.305324] pci 0000:ff:0c.0: [8086:344d] type 00 class 0x088000
[    2.305494] pci 0000:ff:0c.1: [8086:344d] type 00 class 0x088000
[    2.305652] pci 0000:ff:0c.2: [8086:344d] type 00 class 0x088000
[    2.305816] pci 0000:ff:0c.3: [8086:344d] type 00 class 0x088000
[    2.305978] pci 0000:ff:0c.4: [8086:344d] type 00 class 0x088000
[    2.306141] pci 0000:ff:0c.5: [8086:344d] type 00 class 0x088000
[    2.306312] pci 0000:ff:0c.6: [8086:344d] type 00 class 0x088000
[    2.306480] pci 0000:ff:0c.7: [8086:344d] type 00 class 0x088000
[    2.306673] pci 0000:ff:0d.0: [8086:344d] type 00 class 0x088000
[    2.306855] pci 0000:ff:0d.1: [8086:344d] type 00 class 0x088000
[    2.307031] pci 0000:ff:0d.2: [8086:344d] type 00 class 0x088000
[    2.307216] pci 0000:ff:0d.3: [8086:344d] type 00 class 0x088000
[    2.307430] pci 0000:ff:1d.0: [8086:344f] type 00 class 0x088000
[    2.307569] pci 0000:ff:1d.1: [8086:3457] type 00 class 0x088000
[    2.307720] pci 0000:ff:1e.0: [8086:3458] type 00 class 0x088000
[    2.307815] pci 0000:ff:1e.1: [8086:3459] type 00 class 0x088000
[    2.307907] pci 0000:ff:1e.2: [8086:345a] type 00 class 0x088000
[    2.308004] pci 0000:ff:1e.3: [8086:345b] type 00 class 0x088000
[    2.308094] pci 0000:ff:1e.4: [8086:345c] type 00 class 0x088000
[    2.308185] pci 0000:ff:1e.5: [8086:345d] type 00 class 0x088000
[    2.308276] pci 0000:ff:1e.6: [8086:345e] type 00 class 0x088000
[    2.308366] pci 0000:ff:1e.7: [8086:345f] type 00 class 0x088000
[    2.308441] pci_bus 0000:ff: on NUMA node 1
[    2.310415] iommu: Default domain type: Translated 
[    2.310415] iommu: DMA domain TLB invalidation policy: lazy mode 
[    2.310424] pci 0000:03:00.0: vgaarb: setting as boot VGA device
[    2.310424] pci 0000:03:00.0: vgaarb: VGA device added: decodes=io+mem,owns=io+mem,locks=none
[    2.310460] pci 0000:03:00.0: vgaarb: bridge control possible
[    2.310461] vgaarb: loaded
[    2.310655] SCSI subsystem initialized
[    2.310695] libata version 3.00 loaded.
[    2.310695] ACPI: bus type USB registered
[    2.310695] usbcore: registered new interface driver usbfs
[    2.310695] usbcore: registered new interface driver hub
[    2.310695] usbcore: registered new device driver usb
[    2.310695] pps_core: LinuxPPS API ver. 1 registered
[    2.310695] pps_core: Software ver. 5.3.6 - Copyright 2005-2007 Rodolfo Giometti <giometti@linux.it>
[    2.310695] PTP clock support registered
[    2.310695] EDAC MC: Ver: 3.0.0
[    2.314431] Registered efivars operations
[    2.314560] NetLabel: Initializing
[    2.314561] NetLabel:  domain hash size = 128
[    2.314562] NetLabel:  protocols = UNLABELED CIPSOv4 CALIPSO
[    2.314576] NetLabel:  unlabeled traffic allowed by default
[    2.314585] PCI: Using ACPI for IRQ routing
[    2.317806] PCI: pci_cache_line_size set to 64 bytes
[    2.317806] e820: reserve RAM buffer [mem 0x0008f000-0x0008ffff]
[    2.317806] e820: reserve RAM buffer [mem 0x46cc5020-0x47ffffff]
[    2.317806] e820: reserve RAM buffer [mem 0x46cf7020-0x47ffffff]
[    2.317806] e820: reserve RAM buffer [mem 0x46d2a020-0x47ffffff]
[    2.317806] e820: reserve RAM buffer [mem 0x46d5d020-0x47ffffff]
[    2.317806] e820: reserve RAM buffer [mem 0x49e77000-0x4bffffff]
[    2.317806] e820: reserve RAM buffer [mem 0x4b2cf000-0x4bffffff]
[    2.317806] e820: reserve RAM buffer [mem 0x4bd94000-0x4bffffff]
[    2.317806] e820: reserve RAM buffer [mem 0x4ce00000-0x4fffffff]
[    2.317806] e820: reserve RAM buffer [mem 0x5eefe000-0x5fffffff]
[    2.317806] e820: reserve RAM buffer [mem 0x6f800000-0x6fffffff]
[    2.319706] hpet0: at MMIO 0xfed00000, IRQs 2, 8, 0, 0, 0, 0, 0, 0
[    2.319712] hpet0: 8 comparators, 64-bit 24.000000 MHz counter
[    2.322398] clocksource: Switched to clocksource tsc-early
[    2.331221] VFS: Disk quotas dquot_6.6.0
[    2.331257] VFS: Dquot-cache hash table entries: 512 (order 0, 4096 bytes)
[    2.331392] AppArmor: AppArmor Filesystem Enabled
[    2.331409] pnp: PnP ACPI init
[    2.346694] system 00:01: [io  0x0500-0x05fe] has been reserved
[    2.346697] system 00:01: [io  0x0400-0x041f] has been reserved
[    2.346699] system 00:01: [io  0x0600-0x061f] has been reserved
[    2.346700] system 00:01: [io  0x0ca0-0x0ca1] has been reserved
[    2.346701] system 00:01: [io  0x0ca4-0x0ca6] has been reserved
[    2.346705] system 00:01: [mem 0xff000000-0xffffffff] has been reserved
[    2.347283] system 00:04: [mem 0xfd000000-0xfdabffff] has been reserved
[    2.347285] system 00:04: [mem 0xfdad0000-0xfdadffff] has been reserved
[    2.347287] system 00:04: [mem 0xfdb00000-0xfdffffff] has been reserved
[    2.347288] system 00:04: [mem 0xfe000000-0xfe00ffff] has been reserved
[    2.347290] system 00:04: [mem 0xfe011000-0xfe01ffff] has been reserved
[    2.347292] system 00:04: [mem 0xfe036000-0xfe03bfff] has been reserved
[    2.347293] system 00:04: [mem 0xfe03d000-0xfe3fffff] has been reserved
[    2.347295] system 00:04: [mem 0xfe410000-0xfe7fffff] has been reserved
[    2.347608] system 00:05: [io  0x1000-0x10fe] has been reserved
[    2.348588] pnp: PnP ACPI: found 6 devices
[    2.354180] clocksource: acpi_pm: mask: 0xffffff max_cycles: 0xffffff, max_idle_ns: 2085701024 ns
[    2.354260] NET: Registered PF_INET protocol family
[    2.354617] IP idents hash table entries: 262144 (order: 9, 2097152 bytes, vmalloc)
[    2.356876] tcp_listen_portaddr_hash hash table entries: 65536 (order: 8, 1048576 bytes, vmalloc)
[    2.357611] TCP established hash table entries: 524288 (order: 10, 4194304 bytes, vmalloc)
[    2.358236] TCP bind hash table entries: 65536 (order: 8, 1048576 bytes, vmalloc)
[    2.358297] TCP: Hash tables configured (established 524288 bind 65536)
[    2.358756] UDP hash table entries: 65536 (order: 9, 2097152 bytes, vmalloc)
[    2.359260] UDP-Lite hash table entries: 65536 (order: 9, 2097152 bytes, vmalloc)
[    2.359629] NET: Registered PF_UNIX/PF_LOCAL protocol family
[    2.359634] NET: Registered PF_XDP protocol family
[    2.359641] pci 0000:04:00.0: can't claim BAR 6 [mem 0xfffc0000-0xffffffff pref]: no compatible bridge window
[    2.359644] pci 0000:04:00.1: can't claim BAR 6 [mem 0xfffc0000-0xffffffff pref]: no compatible bridge window
[    2.359646] pci 0000:17:00.0: can't claim BAR 6 [mem 0xfff00000-0xffffffff pref]: no compatible bridge window
[    2.359660] pci 0000:00:1c.5: BAR 14: assigned [mem 0x90000000-0x900fffff]
[    2.359663] pci 0000:00:1c.0: PCI bridge to [bus 01]
[    2.359673] pci 0000:02:00.0: PCI bridge to [bus 03]
[    2.359677] pci 0000:02:00.0:   bridge window [mem 0x92000000-0x928fffff]
[    2.359681] pci 0000:02:00.0:   bridge window [mem 0x91000000-0x91ffffff 64bit pref]
[    2.359687] pci 0000:00:1c.4: PCI bridge to [bus 02-03]
[    2.359691] pci 0000:00:1c.4:   bridge window [mem 0x92000000-0x928fffff]
[    2.359693] pci 0000:00:1c.4:   bridge window [mem 0x91000000-0x91ffffff 64bit pref]
[    2.359699] pci 0000:04:00.0: BAR 6: assigned [mem 0x90000000-0x9003ffff pref]
[    2.359700] pci 0000:04:00.1: BAR 6: assigned [mem 0x90040000-0x9007ffff pref]
[    2.359702] pci 0000:00:1c.5: PCI bridge to [bus 04]
[    2.359705] pci 0000:00:1c.5:   bridge window [mem 0x90000000-0x900fffff]
[    2.359707] pci 0000:00:1c.5:   bridge window [mem 0x92900000-0x929fffff 64bit pref]
[    2.359712] pci_bus 0000:00: resource 4 [io  0x0000-0x0cf7 window]
[    2.359713] pci_bus 0000:00: resource 5 [io  0x1000-0x4fff window]
[    2.359715] pci_bus 0000:00: resource 6 [mem 0x000a0000-0x000bffff window]
[    2.359716] pci_bus 0000:00: resource 7 [mem 0x000c8000-0x000cffff window]
[    2.359717] pci_bus 0000:00: resource 8 [mem 0xfe010000-0xfe010fff window]
[    2.359718] pci_bus 0000:00: resource 9 [mem 0x90000000-0x9b7fffff window]
[    2.359719] pci_bus 0000:00: resource 10 [mem 0x200000000000-0x20ffffffffff window]
[    2.359721] pci_bus 0000:02: resource 1 [mem 0x92000000-0x928fffff]
[    2.359722] pci_bus 0000:02: resource 2 [mem 0x91000000-0x91ffffff 64bit pref]
[    2.359723] pci_bus 0000:03: resource 1 [mem 0x92000000-0x928fffff]
[    2.359724] pci_bus 0000:03: resource 2 [mem 0x91000000-0x91ffffff 64bit pref]
[    2.359725] pci_bus 0000:04: resource 1 [mem 0x90000000-0x900fffff]
[    2.359726] pci_bus 0000:04: resource 2 [mem 0x92900000-0x929fffff 64bit pref]
[    2.359795] pci 0000:17:00.0: BAR 6: no space for [mem size 0x00100000 pref]
[    2.359797] pci 0000:17:00.0: BAR 6: failed to assign [mem size 0x00100000 pref]
[    2.359798] pci 0000:16:02.0: PCI bridge to [bus 17]
[    2.359800] pci 0000:16:02.0:   bridge window [io  0x5000-0x5fff]
[    2.359802] pci 0000:16:02.0:   bridge window [mem 0x9ba00000-0x9bafffff]
[    2.359804] pci 0000:16:02.0:   bridge window [mem 0x9b800000-0x9b9fffff 64bit pref]
[    2.359808] pci_bus 0000:16: resource 4 [io  0x5000-0x6fff window]
[    2.359809] pci_bus 0000:16: resource 5 [mem 0x9b800000-0xa63fffff window]
[    2.359810] pci_bus 0000:16: resource 6 [mem 0x210000000000-0x21ffffffffff window]
[    2.359811] pci_bus 0000:17: resource 0 [io  0x5000-0x5fff]
[    2.359812] pci_bus 0000:17: resource 1 [mem 0x9ba00000-0x9bafffff]
[    2.359813] pci_bus 0000:17: resource 2 [mem 0x9b800000-0x9b9fffff 64bit pref]
[    2.359820] pci_bus 0000:30: resource 4 [io  0x7000-0x8fff window]
[    2.359821] pci_bus 0000:30: resource 5 [mem 0xa6400000-0xb0ffffff window]
[    2.359822] pci_bus 0000:30: resource 6 [mem 0x220000000000-0x22ffffffffff window]
[    2.359828] pci_bus 0000:4a: resource 4 [io  0x9000-0x9fff window]
[    2.359829] pci_bus 0000:4a: resource 5 [mem 0xb1000000-0xbbbfffff window]
[    2.359830] pci_bus 0000:4a: resource 6 [mem 0x230000000000-0x23ffffffffff window]
[    2.359836] pci_bus 0000:64: resource 4 [io  0xa000-0xafff window]
[    2.359837] pci_bus 0000:64: resource 5 [mem 0xbbc00000-0xc5ffffff window]
[    2.359838] pci_bus 0000:64: resource 6 [mem 0x240000000000-0x24ffffffffff window]
[    2.359867] pci_bus 0000:80: resource 4 [io  0xb000-0xbfff window]
[    2.359869] pci_bus 0000:80: resource 5 [mem 0xc6800000-0xd0ffffff window]
[    2.359870] pci_bus 0000:80: resource 6 [mem 0x250000000000-0x25ffffffffff window]
[    2.359875] pci_bus 0000:81: resource 4 [io  0xc000-0xcfff window]
[    2.359876] pci_bus 0000:81: resource 5 [mem 0xd1000000-0xdbbfffff window]
[    2.359877] pci_bus 0000:81: resource 6 [mem 0x260000000000-0x26ffffffffff window]
[    2.359883] pci_bus 0000:82: resource 4 [io  0xd000-0xdfff window]
[    2.359884] pci_bus 0000:82: resource 5 [mem 0xdbc00000-0xe67fffff window]
[    2.359885] pci_bus 0000:82: resource 6 [mem 0x270000000000-0x27ffffffffff window]
[    2.359890] pci_bus 0000:83: resource 4 [io  0xe000-0xefff window]
[    2.359891] pci_bus 0000:83: resource 5 [mem 0xe6800000-0xf13fffff window]
