[64023.686125] RDX: 000000001199999e RSI: 00007f9d7780ad00 RDI: 000000000000f131
[64023.686127] RBP: 0000000000cccccd R08: 00007f9ceab3e010 R09: 00007f9deab3f010
[64023.686128] R10: 00007fadbcbff010 R11: 000000000199999a R12: 000055fabe203850
[64023.686130] R13: 00007ffd9315a930 R14: 000055fabf9ad120 R15: 000055fabf9ae0e0
[64023.686132]  </TASK>
[64023.686133] Mem-Info:
[64023.686143] active_anon:13262195 inactive_anon:774595 isolated_anon:0
                active_file:12664979 inactive_file:2770232 isolated_file:0
                unevictable:0 dirty:1 writeback:0
                slab_reclaimable:161400 slab_unreclaimable:145072
                mapped:80078 shmem:1412 pagetables:36340 bounce:0
                kernel_misc_reclaimable:0
                free:261759152 free_pcp:473 free_cma:0
[64023.686149] Node 0 active_anon:53048068kB inactive_anon:2480012kB active_file:980kB inactive_file:0kB unevictable:0kB isolated(anon):0kB isolated(file):0kB mapped:4kB dirty:0kB writeback:0kB shmem:1256kB shmem_thp: 0kB shmem_pmdmapped: 0kB anon_thp: 0kB writeback_tmp:0kB kernel_stack:12408kB pagetables:107424kB all_unreclaimable? yes
[64023.686154] Node 1 active_anon:712kB inactive_anon:617328kB active_file:734572kB inactive_file:780880kB unevictable:0kB isolated(anon):0kB isolated(file):0kB mapped:307356kB dirty:4kB writeback:0kB shmem:4392kB shmem_thp: 0kB shmem_pmdmapped: 0kB anon_thp: 0kB writeback_tmp:0kB kernel_stack:19272kB pagetables:28676kB all_unreclaimable? yes
[64023.686159] Node 2 active_anon:0kB inactive_anon:1040kB active_file:49924364kB inactive_file:10300360kB unevictable:0kB isolated(anon):0kB isolated(file):0kB mapped:12952kB dirty:0kB writeback:0kB shmem:0kB shmem_thp: 0kB shmem_pmdmapped: 0kB anon_thp: 0kB writeback_tmp:0kB kernel_stack:304kB pagetables:9260kB all_unreclaimable? yes
[64023.686164] Node 3 active_anon:0kB inactive_anon:0kB active_file:0kB inactive_file:0kB unevictable:0kB isolated(anon):0kB isolated(file):0kB mapped:0kB dirty:0kB writeback:0kB shmem:0kB shmem_thp: 0kB shmem_pmdmapped: 0kB anon_thp: 0kB writeback_tmp:0kB kernel_stack:0kB pagetables:0kB all_unreclaimable? yes
[64023.686169] Node 0 DMA free:11264kB min:0kB low:12kB high:24kB reserved_highatomic:0KB active_anon:0kB inactive_anon:0kB active_file:0kB inactive_file:0kB unevictable:0kB writepending:0kB present:15992kB managed:15360kB mlocked:0kB bounce:0kB free_pcp:0kB local_pcp:0kB free_cma:0kB
[64023.686174] lowmem_reserve[]: 0 1416 63873 63873 63873
[64023.686179] Node 0 DMA32 free:249988kB min:168kB low:1616kB high:3064kB reserved_highatomic:0KB active_anon:910032kB inactive_anon:282092kB active_file:0kB inactive_file:0kB unevictable:0kB writepending:0kB present:1517032kB managed:1450844kB mlocked:0kB bounce:0kB free_pcp:0kB local_pcp:0kB free_cma:0kB
[64023.686184] lowmem_reserve[]: 0 0 62456 62456 62456
[64023.686188] Node 0 Normal free:7184kB min:7424kB low:71376kB high:135328kB reserved_highatomic:0KB active_anon:52138036kB inactive_anon:2197920kB active_file:980kB inactive_file:0kB unevictable:0kB writepending:0kB present:65011712kB managed:63955400kB mlocked:0kB bounce:0kB free_pcp:0kB local_pcp:0kB free_cma:0kB
[64023.686192] lowmem_reserve[]: 0 0 0 0 0
[64023.686196] Node 1 Normal free:54247448kB min:7664kB low:73676kB high:139688kB reserved_highatomic:0KB active_anon:712kB inactive_anon:617328kB active_file:734572kB inactive_file:780880kB unevictable:0kB writepending:4kB present:67108864kB managed:66013928kB mlocked:0kB bounce:0kB free_pcp:1892kB local_pcp:0kB free_cma:0kB
[64023.686201] lowmem_reserve[]: 0 0 0 0 0
[64023.686204] Node 2 Normal free:466136628kB min:61116kB low:587500kB high:1113884kB reserved_highatomic:0KB active_anon:0kB inactive_anon:1040kB active_file:49924364kB inactive_file:10300360kB unevictable:0kB writepending:0kB present:526385152kB managed:526385152kB mlocked:0kB bounce:0kB free_pcp:0kB local_pcp:0kB free_cma:0kB
[64023.686209] lowmem_reserve[]: 0 0 0 0 0
[64023.686213] Node 3 Normal free:526384096kB min:61116kB low:587500kB high:1113884kB reserved_highatomic:0KB active_anon:0kB inactive_anon:0kB active_file:0kB inactive_file:0kB unevictable:0kB writepending:0kB present:526385152kB managed:526385152kB mlocked:0kB bounce:0kB free_pcp:0kB local_pcp:0kB free_cma:0kB
[64023.686217] lowmem_reserve[]: 0 0 0 0 0
[64023.686220] Node 0 DMA: 0*4kB 0*8kB 0*16kB 0*32kB 0*64kB 0*128kB 0*256kB 0*512kB 1*1024kB (U) 1*2048kB (M) 2*4096kB (M) = 11264kB
[64023.686229] Node 0 DMA32: 1*4kB (U) 2*8kB (UM) 1*16kB (M) 1*32kB (U) 3*64kB (U) 3*128kB (U) 0*256kB 1*512kB (U) 1*1024kB (M) 1*2048kB (U) 60*4096kB (M) = 249988kB
[64023.686240] Node 0 Normal: 138*4kB (UME) 103*8kB (UME) 157*16kB (UME) 37*32kB (UME) 25*64kB (UME) 4*128kB (M) 0*256kB 0*512kB 0*1024kB 0*2048kB 0*4096kB = 7184kB
[64023.686250] Node 1 Normal: 1738*4kB (UE) 1354*8kB (UME) 914*16kB (UME) 1398*32kB (UME) 10847*64kB (UME) 8428*128kB (UM) 4941*256kB (UME) 1936*512kB (UM) 488*1024kB (UM) 55*2048kB (UM) 12092*4096kB (M) = 54247448kB
[64023.686262] Node 2 Normal: 208531*4kB (M) 198011*8kB (ME) 210433*16kB (ME) 214024*32kB (UME) 211808*64kB (UME) 201418*128kB (UM) 34902*256kB (UME) 12378*512kB (M) 4266*1024kB (UM) 1053*2048kB (ME) 95793*4096kB (M) = 466136628kB
[64023.686274] Node 3 Normal: 0*4kB 0*8kB 0*16kB 1*32kB (U) 1*64kB (U) 1*128kB (U) 1*256kB (U) 1*512kB (U) 0*1024kB 1*2048kB (U) 128511*4096kB (M) = 526384096kB
[64023.686284] Node 0 hugepages_total=0 hugepages_free=0 hugepages_surp=0 hugepages_size=1048576kB
[64023.686286] Node 0 hugepages_total=0 hugepages_free=0 hugepages_surp=0 hugepages_size=2048kB
[64023.686287] Node 1 hugepages_total=0 hugepages_free=0 hugepages_surp=0 hugepages_size=1048576kB
[64023.686288] Node 1 hugepages_total=0 hugepages_free=0 hugepages_surp=0 hugepages_size=2048kB
[64023.686290] Node 2 hugepages_total=0 hugepages_free=0 hugepages_surp=0 hugepages_size=1048576kB
[64023.686292] Node 2 hugepages_total=0 hugepages_free=0 hugepages_surp=0 hugepages_size=2048kB
[64023.686293] Node 3 hugepages_total=0 hugepages_free=0 hugepages_surp=0 hugepages_size=1048576kB
[64023.686294] Node 3 hugepages_total=0 hugepages_free=0 hugepages_surp=0 hugepages_size=2048kB
[64023.686296] 15436584 total pagecache pages
[64023.686297] 45 pages in swap cache
[64023.686298] Swap cache stats: add 526178, delete 526121, find 928/60745
[64023.686299] Free swap  = 0kB
[64023.686300] Total swap = 2097148kB
[64023.686302] 296605976 pages RAM
[64023.686302] 0 pages HighMem/MovableOnly
[64023.686303] 554517 pages reserved
[64023.686304] 0 pages cma reserved
[64023.686305] 0 pages hwpoisoned
[64024.485729] pagefault_out_of_memory: 16808 callbacks suppressed
[64024.485731] Huh VM_FAULT_OOM leaked out to the #PF handler. Retrying PF
[64024.485896] Huh VM_FAULT_OOM leaked out to the #PF handler. Retrying PF
[64024.486027] Huh VM_FAULT_OOM leaked out to the #PF handler. Retrying PF
[64024.486061] Huh VM_FAULT_OOM leaked out to the #PF handler. Retrying PF
[64024.486119] Huh VM_FAULT_OOM leaked out to the #PF handler. Retrying PF
[64024.486193] Huh VM_FAULT_OOM leaked out to the #PF handler. Retrying PF
[64024.486475] Huh VM_FAULT_OOM leaked out to the #PF handler. Retrying PF
[64024.486595] Huh VM_FAULT_OOM leaked out to the #PF handler. Retrying PF
[64024.486671] Huh VM_FAULT_OOM leaked out to the #PF handler. Retrying PF
[64024.486707] Huh VM_FAULT_OOM leaked out to the #PF handler. Retrying PF
[64029.489155] pagefault_out_of_memory: 16906 callbacks suppressed
[64029.489158] Huh VM_FAULT_OOM leaked out to the #PF handler. Retrying PF
[64029.489840] Huh VM_FAULT_OOM leaked out to the #PF handler. Retrying PF
[64029.490138] Huh VM_FAULT_OOM leaked out to the #PF handler. Retrying PF
[64029.490285] Huh VM_FAULT_OOM leaked out to the #PF handler. Retrying PF
[64029.490438] Huh VM_FAULT_OOM leaked out to the #PF handler. Retrying PF
[64029.490439] Huh VM_FAULT_OOM leaked out to the #PF handler. Retrying PF
[64029.490440] Huh VM_FAULT_OOM leaked out to the #PF handler. Retrying PF
[64029.490622] Huh VM_FAULT_OOM leaked out to the #PF handler. Retrying PF
[64029.490769] Huh VM_FAULT_OOM leaked out to the #PF handler. Retrying PF
[64029.490946] Huh VM_FAULT_OOM leaked out to the #PF handler. Retrying PF
[64033.688782] warn_alloc: 33901 callbacks suppressed
[64033.688784] bfs: page allocation failure: order:0, mode:0x1300dca(GFP_HIGHUSER_MOVABLE|__GFP_ZERO|__GFP_THISNODE), nodemask=(null),cpuset=htmm,mems_allowed=0-3
[64033.688793] CPU: 34 PID: 59264 Comm: bfs Tainted: G      D    OE     5.15.19-htmm #1
[64033.688796] Hardware name: Dell Inc. PowerEdge R750/0K8F35, BIOS 1.10.2 03/03/2023
[64033.688797] Call Trace:
[64033.688799]  <TASK>
[64033.688800]  dump_stack_lvl+0x4a/0x5f
[64033.688804]  dump_stack+0x10/0x12
[64033.688806]  warn_alloc+0x112/0x180
[64033.688809]  ? zone_reclaimable_pages+0x17b/0x190
[64033.688812]  __alloc_pages_slowpath.constprop.119+0xd43/0xd80
[64033.688816]  __alloc_pages+0x2db/0x320
[64033.688818]  alloc_pages_vma+0x26b/0x440
[64033.688820]  __handle_mm_fault+0xa28/0x1310
[64033.688824]  handle_mm_fault+0xd9/0x2b0
[64033.688827]  do_user_addr_fault+0x1e0/0x6f0
[64033.688831]  exc_page_fault+0x76/0x150
[64033.688833]  ? asm_exc_page_fault+0x8/0x30
[64033.688836]  asm_exc_page_fault+0x1e/0x30
[64033.688838] RIP: 0033:0x55fabe203901
[64033.688840] Code: fe 66 0f 6c c9 48 c1 e6 03 44 89 dd 49 8d 1c 32 31 c9 d1 ed 4c 01 c6 31 ff 66 0f 6f 04 0b 83 c7 01 66 0f 73 f0 02 66 0f d4 c1 <0f> 11 04 0e 48 83 c1 10 39 ef 72 e3 44 89 d9 83 e1 fe 01 ca 41 39
[64033.688844] RSP: 002b:00007f9ce6b34e10 EFLAGS: 00010202
[64033.688846] RAX: 0000000010000004 RBX: 00007fae2ff32360 RCX: 00000000000f0ca0
[64033.688848] RDX: 000000000e66666a RSI: 00007f9d5de71360 RDI: 000000000000f0cb
[64033.688850] RBP: 0000000000cccccd R08: 00007f9ceab3e010 R09: 00007f9deab3f010
[64033.688851] R10: 00007fadbcbff010 R11: 000000000199999a R12: 000055fabe203850
[64033.688853] R13: 00007ffd9315a930 R14: 000055fabf9ad120 R15: 000055fabf9adf20
[64033.688855]  </TASK>
[64033.688856] Mem-Info:
[64033.688866] active_anon:13263332 inactive_anon:773242 isolated_anon:0
                active_file:12664543 inactive_file:2770361 isolated_file:0
                unevictable:0 dirty:0 writeback:0
                slab_reclaimable:161400 slab_unreclaimable:145064
                mapped:80090 shmem:1412 pagetables:36340 bounce:0
                kernel_misc_reclaimable:0
                free:261759188 free_pcp:646 free_cma:0
[64033.688872] Node 0 active_anon:53052616kB inactive_anon:2475460kB active_file:0kB inactive_file:200kB unevictable:0kB isolated(anon):0kB isolated(file):0kB mapped:4kB dirty:0kB writeback:0kB shmem:1256kB shmem_thp: 0kB shmem_pmdmapped: 0kB anon_thp: 0kB writeback_tmp:0kB kernel_stack:12408kB pagetables:107424kB all_unreclaimable? yes
[64033.688877] Node 1 active_anon:712kB inactive_anon:616592kB active_file:734628kB inactive_file:780884kB unevictable:0kB isolated(anon):0kB isolated(file):0kB mapped:307404kB dirty:0kB writeback:0kB shmem:4392kB shmem_thp: 0kB shmem_pmdmapped: 0kB anon_thp: 0kB writeback_tmp:0kB kernel_stack:19272kB pagetables:28676kB all_unreclaimable? yes
[64033.688883] Node 2 active_anon:0kB inactive_anon:916kB active_file:49924364kB inactive_file:10300360kB unevictable:0kB isolated(anon):0kB isolated(file):0kB mapped:12952kB dirty:0kB writeback:0kB shmem:0kB shmem_thp: 0kB shmem_pmdmapped: 0kB anon_thp: 0kB writeback_tmp:0kB kernel_stack:304kB pagetables:9260kB all_unreclaimable? yes
[64033.688887] Node 3 active_anon:0kB inactive_anon:0kB active_file:0kB inactive_file:0kB unevictable:0kB isolated(anon):0kB isolated(file):0kB mapped:0kB dirty:0kB writeback:0kB shmem:0kB shmem_thp: 0kB shmem_pmdmapped: 0kB anon_thp: 0kB writeback_tmp:0kB kernel_stack:0kB pagetables:0kB all_unreclaimable? yes
[64033.688891] Node 0 DMA free:11264kB min:0kB low:12kB high:24kB reserved_highatomic:0KB active_anon:0kB inactive_anon:0kB active_file:0kB inactive_file:0kB unevictable:0kB writepending:0kB present:15992kB managed:15360kB mlocked:0kB bounce:0kB free_pcp:0kB local_pcp:0kB free_cma:0kB
[64033.688896] lowmem_reserve[]: 0 1416 63873 63873 63873
[64033.688900] Node 0 DMA32 free:249988kB min:168kB low:1616kB high:3064kB reserved_highatomic:0KB active_anon:913360kB inactive_anon:278764kB active_file:0kB inactive_file:0kB unevictable:0kB writepending:0kB present:1517032kB managed:1450844kB mlocked:0kB bounce:0kB free_pcp:0kB local_pcp:0kB free_cma:0kB
[64033.688905] lowmem_reserve[]: 0 0 62456 62456 62456
[64033.688908] Node 0 Normal free:7188kB min:7424kB low:71376kB high:135328kB reserved_highatomic:0KB active_anon:52139256kB inactive_anon:2196696kB active_file:0kB inactive_file:200kB unevictable:0kB writepending:0kB present:65011712kB managed:63955400kB mlocked:0kB bounce:0kB free_pcp:0kB local_pcp:0kB free_cma:0kB
[64033.688913] lowmem_reserve[]: 0 0 0 0 0
[64033.688917] Node 1 Normal free:54247912kB min:7664kB low:73676kB high:139688kB reserved_highatomic:0KB active_anon:712kB inactive_anon:616592kB active_file:734628kB inactive_file:780884kB unevictable:0kB writepending:0kB present:67108864kB managed:66013928kB mlocked:0kB bounce:0kB free_pcp:2108kB local_pcp:0kB free_cma:0kB
[64033.688922] lowmem_reserve[]: 0 0 0 0 0
[64033.688926] Node 2 Normal free:466136304kB min:61116kB low:587500kB high:1113884kB reserved_highatomic:0KB active_anon:0kB inactive_anon:916kB active_file:49924364kB inactive_file:10300360kB unevictable:0kB writepending:0kB present:526385152kB managed:526385152kB mlocked:0kB bounce:0kB free_pcp:476kB local_pcp:0kB free_cma:0kB
[64033.688930] lowmem_reserve[]: 0 0 0 0 0
[64033.688934] Node 3 Normal free:526384096kB min:61116kB low:587500kB high:1113884kB reserved_highatomic:0KB active_anon:0kB inactive_anon:0kB active_file:0kB inactive_file:0kB unevictable:0kB writepending:0kB present:526385152kB managed:526385152kB mlocked:0kB bounce:0kB free_pcp:0kB local_pcp:0kB free_cma:0kB
[64033.688938] lowmem_reserve[]: 0 0 0 0 0
[64033.688941] Node 0 DMA: 0*4kB 0*8kB 0*16kB 0*32kB 0*64kB 0*128kB 0*256kB 0*512kB 1*1024kB (U) 1*2048kB (M) 2*4096kB (M) = 11264kB
[64033.688950] Node 0 DMA32: 1*4kB (U) 2*8kB (UM) 1*16kB (M) 1*32kB (U) 3*64kB (U) 3*128kB (U) 0*256kB 1*512kB (U) 1*1024kB (M) 1*2048kB (U) 60*4096kB (M) = 249988kB
[64033.688961] Node 0 Normal: 139*4kB (UME) 103*8kB (UME) 157*16kB (UME) 37*32kB (UME) 25*64kB (UME) 4*128kB (M) 0*256kB 0*512kB 0*1024kB 0*2048kB 0*4096kB = 7188kB
[64033.688970] Node 1 Normal: 1738*4kB (UE) 1470*8kB (UME) 899*16kB (UME) 1391*32kB (UME) 10847*64kB (UME) 8428*128kB (UM) 4941*256kB (UME) 1936*512kB (UM) 488*1024kB (UM) 55*2048kB (UM) 12092*4096kB (M) = 54247912kB
[64033.688983] Node 2 Normal: 208562*4kB (UM) 198011*8kB (ME) 210433*16kB (ME) 214018*32kB (ME) 211804*64kB (UME) 201418*128kB (UM) 34902*256kB (UME) 12378*512kB (M) 4266*1024kB (UM) 1053*2048kB (ME) 95793*4096kB (M) = 466136304kB
[64033.688994] Node 3 Normal: 0*4kB 0*8kB 0*16kB 1*32kB (U) 1*64kB (U) 1*128kB (U) 1*256kB (U) 1*512kB (U) 0*1024kB 1*2048kB (U) 128511*4096kB (M) = 526384096kB
[64033.689004] Node 0 hugepages_total=0 hugepages_free=0 hugepages_surp=0 hugepages_size=1048576kB
[64033.689006] Node 0 hugepages_total=0 hugepages_free=0 hugepages_surp=0 hugepages_size=2048kB
[64033.689008] Node 1 hugepages_total=0 hugepages_free=0 hugepages_surp=0 hugepages_size=1048576kB
[64033.689009] Node 1 hugepages_total=0 hugepages_free=0 hugepages_surp=0 hugepages_size=2048kB
[64033.689010] Node 2 hugepages_total=0 hugepages_free=0 hugepages_surp=0 hugepages_size=1048576kB
[64033.689011] Node 2 hugepages_total=0 hugepages_free=0 hugepages_surp=0 hugepages_size=2048kB
[64033.689013] Node 3 hugepages_total=0 hugepages_free=0 hugepages_surp=0 hugepages_size=1048576kB
[64033.689014] Node 3 hugepages_total=0 hugepages_free=0 hugepages_surp=0 hugepages_size=2048kB
[64033.689015] 15436596 total pagecache pages
[64033.689016] 47 pages in swap cache
[64033.689017] Swap cache stats: add 526184, delete 526125, find 930/62411
[64033.689018] Free swap  = 0kB
[64033.689019] Total swap = 2097148kB
[64033.689020] 296605976 pages RAM
[64033.689021] 0 pages HighMem/MovableOnly
[64033.689023] 554517 pages reserved
[64033.689023] 0 pages cma reserved
[64033.689024] 0 pages hwpoisoned
[64034.494245] pagefault_out_of_memory: 16991 callbacks suppressed
[64034.494247] Huh VM_FAULT_OOM leaked out to the #PF handler. Retrying PF
[64034.494275] Huh VM_FAULT_OOM leaked out to the #PF handler. Retrying PF
[64034.494336] Huh VM_FAULT_OOM leaked out to the #PF handler. Retrying PF
[64034.494409] Huh VM_FAULT_OOM leaked out to the #PF handler. Retrying PF
[64034.494411] Huh VM_FAULT_OOM leaked out to the #PF handler. Retrying PF
[64034.494903] Huh VM_FAULT_OOM leaked out to the #PF handler. Retrying PF
[64034.494997] Huh VM_FAULT_OOM leaked out to the #PF handler. Retrying PF
[64034.495011] Huh VM_FAULT_OOM leaked out to the #PF handler. Retrying PF
[64034.495075] Huh VM_FAULT_OOM leaked out to the #PF handler. Retrying PF
[64034.495078] Huh VM_FAULT_OOM leaked out to the #PF handler. Retrying PF
[64039.499482] pagefault_out_of_memory: 16794 callbacks suppressed
[64039.499484] Huh VM_FAULT_OOM leaked out to the #PF handler. Retrying PF
[64039.499602] Huh VM_FAULT_OOM leaked out to the #PF handler. Retrying PF
[64039.499680] Huh VM_FAULT_OOM leaked out to the #PF handler. Retrying PF
[64039.500418] Huh VM_FAULT_OOM leaked out to the #PF handler. Retrying PF
[64039.500450] Huh VM_FAULT_OOM leaked out to the #PF handler. Retrying PF
[64039.500577] Huh VM_FAULT_OOM leaked out to the #PF handler. Retrying PF
[64039.500715] Huh VM_FAULT_OOM leaked out to the #PF handler. Retrying PF
[64039.500778] Huh VM_FAULT_OOM leaked out to the #PF handler. Retrying PF
[64039.501168] Huh VM_FAULT_OOM leaked out to the #PF handler. Retrying PF
[64039.501319] Huh VM_FAULT_OOM leaked out to the #PF handler. Retrying PF
[64043.691949] warn_alloc: 33612 callbacks suppressed
[64043.691951] bfs: page allocation failure: order:0, mode:0x1300dca(GFP_HIGHUSER_MOVABLE|__GFP_ZERO|__GFP_THISNODE), nodemask=(null),cpuset=htmm,mems_allowed=0-3
[64043.691959] CPU: 12 PID: 59201 Comm: bfs Tainted: G      D    OE     5.15.19-htmm #1
[64043.691962] Hardware name: Dell Inc. PowerEdge R750/0K8F35, BIOS 1.10.2 03/03/2023
[64043.691964] Call Trace:
[64043.691965]  <TASK>
[64043.691968]  dump_stack_lvl+0x4a/0x5f
[64043.691971]  dump_stack+0x10/0x12
[64043.691973]  warn_alloc+0x112/0x180
[64043.691976]  ? zone_reclaimable_pages+0x17b/0x190
[64043.691978]  __alloc_pages_slowpath.constprop.119+0xd43/0xd80
[64043.691982]  __alloc_pages+0x2db/0x320
[64043.691985]  alloc_pages_vma+0x26b/0x440
[64043.691987]  __handle_mm_fault+0xa28/0x1310
[64043.691991]  handle_mm_fault+0xd9/0x2b0
[64043.691995]  do_user_addr_fault+0x1e0/0x6f0
[64043.691998]  exc_page_fault+0x76/0x150
[64043.692000]  ? asm_exc_page_fault+0x8/0x30
[64043.692003]  asm_exc_page_fault+0x1e/0x30
[64043.692005] RIP: 0033:0x55fabe203901
[64043.692007] Code: fe 66 0f 6c c9 48 c1 e6 03 44 89 dd 49 8d 1c 32 31 c9 d1 ed 4c 01 c6 31 ff 66 0f 6f 04 0b 83 c7 01 66 0f 73 f0 02 66 0f d4 c1 <0f> 11 04 0e 48 83 c1 10 39 ef 72 e3 44 89 d9 83 e1 fe 01 ca 41 39
[64043.692010] RSP: 002b:00007ffd9315a6d0 EFLAGS: 00010216
[64043.692013] RAX: 000000000199999a RBX: 00007fadbcbff010 RCX: 0000000000168ff0
[64043.692015] RDX: 0000000000000000 RSI: 00007f9ceab3e010 RDI: 0000000000016900
[64043.692017] RBP: 0000000000cccccd R08: 00007f9ceab3e010 R09: 00007f9deab3f010
[64043.692018] R10: 00007fadbcbff010 R11: 000000000199999a R12: 0000000000000014
[64043.692020] R13: 0000000000000000 R14: 00007ffd9315a9c0 R15: 00007f9ceab3e010
[64043.692022]  </TASK>
[64043.692024] Mem-Info:
[64043.692032] active_anon:13263332 inactive_anon:773272 isolated_anon:0
                active_file:12664546 inactive_file:2770648 isolated_file:0
                unevictable:0 dirty:0 writeback:3
                slab_reclaimable:161400 slab_unreclaimable:145064
                mapped:80099 shmem:1412 pagetables:36340 bounce:0
                kernel_misc_reclaimable:0
                free:261758937 free_pcp:855 free_cma:0
[64043.692038] Node 0 active_anon:53052616kB inactive_anon:2475460kB active_file:0kB inactive_file:1288kB unevictable:0kB isolated(anon):0kB isolated(file):0kB mapped:4kB dirty:0kB writeback:0kB shmem:1256kB shmem_thp: 0kB shmem_pmdmapped: 0kB anon_thp: 0kB writeback_tmp:0kB kernel_stack:12408kB pagetables:107424kB all_unreclaimable? yes
[64043.692043] Node 1 active_anon:712kB inactive_anon:616712kB active_file:734628kB inactive_file:780944kB unevictable:0kB isolated(anon):0kB isolated(file):0kB mapped:307440kB dirty:0kB writeback:4kB shmem:4392kB shmem_thp: 0kB shmem_pmdmapped: 0kB anon_thp: 0kB writeback_tmp:0kB kernel_stack:19272kB pagetables:28676kB all_unreclaimable? yes
[64043.692048] Node 2 active_anon:0kB inactive_anon:916kB active_file:49924364kB inactive_file:10300360kB unevictable:0kB isolated(anon):0kB isolated(file):0kB mapped:12952kB dirty:0kB writeback:8kB shmem:0kB shmem_thp: 0kB shmem_pmdmapped: 0kB anon_thp: 0kB writeback_tmp:0kB kernel_stack:304kB pagetables:9260kB all_unreclaimable? yes
[64043.692053] Node 3 active_anon:0kB inactive_anon:0kB active_file:0kB inactive_file:0kB unevictable:0kB isolated(anon):0kB isolated(file):0kB mapped:0kB dirty:0kB writeback:0kB shmem:0kB shmem_thp: 0kB shmem_pmdmapped: 0kB anon_thp: 0kB writeback_tmp:0kB kernel_stack:0kB pagetables:0kB all_unreclaimable? yes
[64043.692057] Node 0 DMA free:11264kB min:0kB low:12kB high:24kB reserved_highatomic:0KB active_anon:0kB inactive_anon:0kB active_file:0kB inactive_file:0kB unevictable:0kB writepending:0kB present:15992kB managed:15360kB mlocked:0kB bounce:0kB free_pcp:0kB local_pcp:0kB free_cma:0kB
[64043.692062] lowmem_reserve[]: 0 1416 63873 63873 63873
[64043.692067] Node 0 DMA32 free:249988kB min:168kB low:1616kB high:3064kB reserved_highatomic:0KB active_anon:913360kB inactive_anon:278764kB active_file:0kB inactive_file:0kB unevictable:0kB writepending:0kB present:1517032kB managed:1450844kB mlocked:0kB bounce:0kB free_pcp:0kB local_pcp:0kB free_cma:0kB
[64043.692072] lowmem_reserve[]: 0 0 62456 62456 62456
[64043.692076] Node 0 Normal free:7188kB min:7424kB low:71376kB high:135328kB reserved_highatomic:0KB active_anon:52139256kB inactive_anon:2196696kB active_file:0kB inactive_file:1288kB unevictable:0kB writepending:0kB present:65011712kB managed:63955400kB mlocked:0kB bounce:0kB free_pcp:0kB local_pcp:0kB free_cma:0kB
[64043.692080] lowmem_reserve[]: 0 0 0 0 0
[64043.692084] Node 1 Normal free:54247160kB min:7664kB low:73676kB high:139688kB reserved_highatomic:0KB active_anon:712kB inactive_anon:616712kB active_file:734628kB inactive_file:780944kB unevictable:0kB writepending:4kB present:67108864kB managed:66013928kB mlocked:0kB bounce:0kB free_pcp:2692kB local_pcp:0kB free_cma:0kB
[64043.692089] lowmem_reserve[]: 0 0 0 0 0
[64043.692093] Node 2 Normal free:466136052kB min:61116kB low:587500kB high:1113884kB reserved_highatomic:0KB active_anon:0kB inactive_anon:916kB active_file:49924364kB inactive_file:10300360kB unevictable:0kB writepending:8kB present:526385152kB managed:526385152kB mlocked:0kB bounce:0kB free_pcp:728kB local_pcp:0kB free_cma:0kB
[64043.692098] lowmem_reserve[]: 0 0 0 0 0
[64043.692102] Node 3 Normal free:526384096kB min:61116kB low:587500kB high:1113884kB reserved_highatomic:0KB active_anon:0kB inactive_anon:0kB active_file:0kB inactive_file:0kB unevictable:0kB writepending:0kB present:526385152kB managed:526385152kB mlocked:0kB bounce:0kB free_pcp:0kB local_pcp:0kB free_cma:0kB
[64043.692105] lowmem_reserve[]: 0 0 0 0 0
[64043.692108] Node 0 DMA: 0*4kB 0*8kB 0*16kB 0*32kB 0*64kB 0*128kB 0*256kB 0*512kB 1*1024kB (U) 1*2048kB (M) 2*4096kB (M) = 11264kB
[64043.692117] Node 0 DMA32: 1*4kB (U) 2*8kB (UM) 1*16kB (M) 1*32kB (U) 3*64kB (U) 3*128kB (U) 0*256kB 1*512kB (U) 1*1024kB (M) 1*2048kB (U) 60*4096kB (M) = 249988kB
[64043.692128] Node 0 Normal: 139*4kB (UME) 103*8kB (UME) 157*16kB (UME) 37*32kB (UME) 25*64kB (UME) 4*128kB (M) 0*256kB 0*512kB 0*1024kB 0*2048kB 0*4096kB = 7188kB
[64043.692137] Node 1 Normal: 1676*4kB (UE) 1407*8kB (UME) 899*16kB (UME) 1391*32kB (UME) 10847*64kB (UME) 8428*128kB (UM) 4941*256kB (UME) 1936*512kB (UM) 488*1024kB (UM) 55*2048kB (UM) 12092*4096kB (M) = 54247160kB
[64043.692150] Node 2 Normal: 208561*4kB (M) 198012*8kB (UME) 210433*16kB (ME) 214018*32kB (ME) 211800*64kB (UME) 201418*128kB (UM) 34902*256kB (UME) 12378*512kB (M) 4266*1024kB (UM) 1053*2048kB (ME) 95793*4096kB (M) = 466136052kB
[64043.692161] Node 3 Normal: 0*4kB 0*8kB 0*16kB 1*32kB (U) 1*64kB (U) 1*128kB (U) 1*256kB (U) 1*512kB (U) 0*1024kB 1*2048kB (U) 128511*4096kB (M) = 526384096kB
[64043.692171] Node 0 hugepages_total=0 hugepages_free=0 hugepages_surp=0 hugepages_size=1048576kB
[64043.692173] Node 0 hugepages_total=0 hugepages_free=0 hugepages_surp=0 hugepages_size=2048kB
[64043.692174] Node 1 hugepages_total=0 hugepages_free=0 hugepages_surp=0 hugepages_size=1048576kB
[64043.692175] Node 1 hugepages_total=0 hugepages_free=0 hugepages_surp=0 hugepages_size=2048kB
[64043.692177] Node 2 hugepages_total=0 hugepages_free=0 hugepages_surp=0 hugepages_size=1048576kB
[64043.692178] Node 2 hugepages_total=0 hugepages_free=0 hugepages_surp=0 hugepages_size=2048kB
[64043.692179] Node 3 hugepages_total=0 hugepages_free=0 hugepages_surp=0 hugepages_size=1048576kB
[64043.692180] Node 3 hugepages_total=0 hugepages_free=0 hugepages_surp=0 hugepages_size=2048kB
[64043.692181] 15436606 total pagecache pages
[64043.692182] 47 pages in swap cache
[64043.692183] Swap cache stats: add 526184, delete 526125, find 930/64055
[64043.692185] Free swap  = 0kB
[64043.692186] Total swap = 2097148kB
[64043.692187] 296605976 pages RAM
[64043.692188] 0 pages HighMem/MovableOnly
[64043.692189] 554517 pages reserved
[64043.692189] 0 pages cma reserved
[64043.692190] 0 pages hwpoisoned
[64044.500045] pagefault_out_of_memory: 16822 callbacks suppressed
[64044.500047] Huh VM_FAULT_OOM leaked out to the #PF handler. Retrying PF
[64044.500308] Huh VM_FAULT_OOM leaked out to the #PF handler. Retrying PF
[64044.503578] Huh VM_FAULT_OOM leaked out to the #PF handler. Retrying PF
[64044.503914] Huh VM_FAULT_OOM leaked out to the #PF handler. Retrying PF
[64044.504336] Huh VM_FAULT_OOM leaked out to the #PF handler. Retrying PF
[64044.504352] Huh VM_FAULT_OOM leaked out to the #PF handler. Retrying PF
[64044.504856] Huh VM_FAULT_OOM leaked out to the #PF handler. Retrying PF
[64044.505007] Huh VM_FAULT_OOM leaked out to the #PF handler. Retrying PF
[64044.505204] Huh VM_FAULT_OOM leaked out to the #PF handler. Retrying PF
[64044.505359] Huh VM_FAULT_OOM leaked out to the #PF handler. Retrying PF
[64049.504111] pagefault_out_of_memory: 16678 callbacks suppressed
[64049.504113] Huh VM_FAULT_OOM leaked out to the #PF handler. Retrying PF
[64049.504187] Huh VM_FAULT_OOM leaked out to the #PF handler. Retrying PF
[64049.504222] Huh VM_FAULT_OOM leaked out to the #PF handler. Retrying PF
[64049.504238] Huh VM_FAULT_OOM leaked out to the #PF handler. Retrying PF
[64049.504293] Huh VM_FAULT_OOM leaked out to the #PF handler. Retrying PF
[64049.504343] Huh VM_FAULT_OOM leaked out to the #PF handler. Retrying PF
[64049.504396] Huh VM_FAULT_OOM leaked out to the #PF handler. Retrying PF
[64049.504547] Huh VM_FAULT_OOM leaked out to the #PF handler. Retrying PF
[64049.504916] Huh VM_FAULT_OOM leaked out to the #PF handler. Retrying PF
[64049.506249] Huh VM_FAULT_OOM leaked out to the #PF handler. Retrying PF
[64053.695008] warn_alloc: 33642 callbacks suppressed
[64053.695010] bfs: page allocation failure: order:0, mode:0x1300dca(GFP_HIGHUSER_MOVABLE|__GFP_ZERO|__GFP_THISNODE), nodemask=(null),cpuset=htmm,mems_allowed=0-3
[64053.695019] CPU: 36 PID: 59265 Comm: bfs Tainted: G      D    OE     5.15.19-htmm #1
[64053.695022] Hardware name: Dell Inc. PowerEdge R750/0K8F35, BIOS 1.10.2 03/03/2023
[64053.695023] Call Trace:
[64053.695025]  <TASK>
[64053.695027]  dump_stack_lvl+0x4a/0x5f
[64053.695030]  dump_stack+0x10/0x12
[64053.695033]  warn_alloc+0x112/0x180
[64053.695035]  ? zone_reclaimable_pages+0x17b/0x190
[64053.695038]  __alloc_pages_slowpath.constprop.119+0xd43/0xd80
[64053.695041]  __alloc_pages+0x2db/0x320
[64053.695044]  alloc_pages_vma+0x26b/0x440
[64053.695046]  __handle_mm_fault+0xa28/0x1310
[64053.695050]  handle_mm_fault+0xd9/0x2b0
[64053.695052]  do_user_addr_fault+0x1e0/0x6f0
[64053.695056]  exc_page_fault+0x76/0x150
[64053.695058]  ? asm_exc_page_fault+0x8/0x30
[64053.695061]  asm_exc_page_fault+0x1e/0x30
[64053.695063] RIP: 0033:0x55fabe203901
[64053.695066] Code: fe 66 0f 6c c9 48 c1 e6 03 44 89 dd 49 8d 1c 32 31 c9 d1 ed 4c 01 c6 31 ff 66 0f 6f 04 0b 83 c7 01 66 0f 73 f0 02 66 0f d4 c1 <0f> 11 04 0e 48 83 c1 10 39 ef 72 e3 44 89 d9 83 e1 fe 01 ca 41 39
[64053.695069] RSP: 002b:00007f9ce6333e10 EFLAGS: 00010202
[64053.695071] RAX: 000000001199999e RBX: 00007fae3cbff030 RCX: 00000000000c0fd0
[64053.695073] RDX: 0000000010000004 RSI: 00007f9d6ab3e030 RDI: 000000000000c0fe
[64053.695075] RBP: 0000000000cccccd R08: 00007f9ceab3e010 R09: 00007f9deab3f010
[64053.695077] R10: 00007fadbcbff010 R11: 000000000199999a R12: 000055fabe203850
[64053.695078] R13: 00007ffd9315a930 R14: 000055fabf9ad120 R15: 000055fabf9ae000
[64053.695081]  </TASK>
[64053.695081] Mem-Info:
[64053.695091] active_anon:13263332 inactive_anon:773317 isolated_anon:0
                active_file:12664808 inactive_file:2770337 isolated_file:0
                unevictable:0 dirty:0 writeback:0
                slab_reclaimable:161400 slab_unreclaimable:145072
                mapped:80108 shmem:1412 pagetables:36340 bounce:0
                kernel_misc_reclaimable:0
                free:261758881 free_pcp:862 free_cma:0
[64053.695097] Node 0 active_anon:53052616kB inactive_anon:2475460kB active_file:240kB inactive_file:44kB unevictable:0kB isolated(anon):0kB isolated(file):0kB mapped:4kB dirty:0kB writeback:0kB shmem:1256kB shmem_thp: 0kB shmem_pmdmapped: 0kB anon_thp: 0kB writeback_tmp:0kB kernel_stack:12408kB pagetables:107424kB all_unreclaimable? yes
[64053.695102] Node 1 active_anon:712kB inactive_anon:616892kB active_file:734628kB inactive_file:780944kB unevictable:0kB isolated(anon):0kB isolated(file):0kB mapped:307476kB dirty:0kB writeback:0kB shmem:4392kB shmem_thp: 0kB shmem_pmdmapped: 0kB anon_thp: 0kB writeback_tmp:0kB kernel_stack:19272kB pagetables:28676kB all_unreclaimable? yes
[64053.695108] Node 2 active_anon:0kB inactive_anon:916kB active_file:49924364kB inactive_file:10300360kB unevictable:0kB isolated(anon):0kB isolated(file):0kB mapped:12952kB dirty:0kB writeback:0kB shmem:0kB shmem_thp: 0kB shmem_pmdmapped: 0kB anon_thp: 0kB writeback_tmp:0kB kernel_stack:304kB pagetables:9260kB all_unreclaimable? yes
[64053.695112] Node 3 active_anon:0kB inactive_anon:0kB active_file:0kB inactive_file:0kB unevictable:0kB isolated(anon):0kB isolated(file):0kB mapped:0kB dirty:0kB writeback:0kB shmem:0kB shmem_thp: 0kB shmem_pmdmapped: 0kB anon_thp: 0kB writeback_tmp:0kB kernel_stack:0kB pagetables:0kB all_unreclaimable? yes
[64053.695116] Node 0 DMA free:11264kB min:0kB low:12kB high:24kB reserved_highatomic:0KB active_anon:0kB inactive_anon:0kB active_file:0kB inactive_file:0kB unevictable:0kB writepending:0kB present:15992kB managed:15360kB mlocked:0kB bounce:0kB free_pcp:0kB local_pcp:0kB free_cma:0kB
[64053.695121] lowmem_reserve[]: 0 1416 63873 63873 63873
[64053.695126] Node 0 DMA32 free:249988kB min:168kB low:1616kB high:3064kB reserved_highatomic:0KB active_anon:913360kB inactive_anon:278764kB active_file:0kB inactive_file:0kB unevictable:0kB writepending:0kB present:1517032kB managed:1450844kB mlocked:0kB bounce:0kB free_pcp:0kB local_pcp:0kB free_cma:0kB
[64053.695131] lowmem_reserve[]: 0 0 62456 62456 62456
[64053.695135] Node 0 Normal free:7188kB min:7424kB low:71376kB high:135328kB reserved_highatomic:0KB active_anon:52139256kB inactive_anon:2196696kB active_file:240kB inactive_file:44kB unevictable:0kB writepending:0kB present:65011712kB managed:63955400kB mlocked:0kB bounce:0kB free_pcp:0kB local_pcp:0kB free_cma:0kB
[64053.695140] lowmem_reserve[]: 0 0 0 0 0
[64053.695143] Node 1 Normal free:54247160kB min:7664kB low:73676kB high:139688kB reserved_highatomic:0KB active_anon:712kB inactive_anon:616892kB active_file:734628kB inactive_file:780944kB unevictable:0kB writepending:0kB present:67108864kB managed:66013928kB mlocked:0kB bounce:0kB free_pcp:2528kB local_pcp:0kB free_cma:0kB
[64053.695148] lowmem_reserve[]: 0 0 0 0 0
[64053.695152] Node 2 Normal free:466135828kB min:61116kB low:587500kB high:1113884kB reserved_highatomic:0KB active_anon:0kB inactive_anon:916kB active_file:49924364kB inactive_file:10300360kB unevictable:0kB writepending:0kB present:526385152kB managed:526385152kB mlocked:0kB bounce:0kB free_pcp:920kB local_pcp:0kB free_cma:0kB
[64053.695157] lowmem_reserve[]: 0 0 0 0 0
[64053.695160] Node 3 Normal free:526384096kB min:61116kB low:587500kB high:1113884kB reserved_highatomic:0KB active_anon:0kB inactive_anon:0kB active_file:0kB inactive_file:0kB unevictable:0kB writepending:0kB present:526385152kB managed:526385152kB mlocked:0kB bounce:0kB free_pcp:0kB local_pcp:0kB free_cma:0kB
[64053.695164] lowmem_reserve[]: 0 0 0 0 0
[64053.695167] Node 0 DMA: 0*4kB 0*8kB 0*16kB 0*32kB 0*64kB 0*128kB 0*256kB 0*512kB 1*1024kB (U) 1*2048kB (M) 2*4096kB (M) = 11264kB
[64053.695175] Node 0 DMA32: 1*4kB (U) 2*8kB (UM) 1*16kB (M) 1*32kB (U) 3*64kB (U) 3*128kB (U) 0*256kB 1*512kB (U) 1*1024kB (M) 1*2048kB (U) 60*4096kB (M) = 249988kB
[64053.695187] Node 0 Normal: 139*4kB (UME) 103*8kB (UME) 157*16kB (UME) 37*32kB (UME) 25*64kB (UME) 4*128kB (M) 0*256kB 0*512kB 0*1024kB 0*2048kB 0*4096kB = 7188kB
[64053.695197] Node 1 Normal: 1676*4kB (UE) 1407*8kB (UME) 899*16kB (UME) 1391*32kB (UME) 10847*64kB (UME) 8428*128kB (UM) 4941*256kB (UME) 1936*512kB (UM) 488*1024kB (UM) 55*2048kB (UM) 12092*4096kB (M) = 54247160kB
[64053.695209] Node 2 Normal: 208561*4kB (M) 198012*8kB (UME) 210433*16kB (ME) 214019*32kB (UME) 211796*64kB (UME) 201418*128kB (UM) 34902*256kB (UME) 12378*512kB (M) 4266*1024kB (UM) 1053*2048kB (ME) 95793*4096kB (M) = 466135828kB
[64053.695221] Node 3 Normal: 0*4kB 0*8kB 0*16kB 1*32kB (U) 1*64kB (U) 1*128kB (U) 1*256kB (U) 1*512kB (U) 0*1024kB 1*2048kB (U) 128511*4096kB (M) = 526384096kB
[64053.695230] Node 0 hugepages_total=0 hugepages_free=0 hugepages_surp=0 hugepages_size=1048576kB
[64053.695232] Node 0 hugepages_total=0 hugepages_free=0 hugepages_surp=0 hugepages_size=2048kB
[64053.695233] Node 1 hugepages_total=0 hugepages_free=0 hugepages_surp=0 hugepages_size=1048576kB
[64053.695235] Node 1 hugepages_total=0 hugepages_free=0 hugepages_surp=0 hugepages_size=2048kB
[64053.695236] Node 2 hugepages_total=0 hugepages_free=0 hugepages_surp=0 hugepages_size=1048576kB
[64053.695237] Node 2 hugepages_total=0 hugepages_free=0 hugepages_surp=0 hugepages_size=2048kB
[64053.695238] Node 3 hugepages_total=0 hugepages_free=0 hugepages_surp=0 hugepages_size=1048576kB
[64053.695239] Node 3 hugepages_total=0 hugepages_free=0 hugepages_surp=0 hugepages_size=2048kB
[64053.695240] 15436617 total pagecache pages
[64053.695241] 47 pages in swap cache
[64053.695242] Swap cache stats: add 526184, delete 526125, find 930/65696
[64053.695244] Free swap  = 0kB
[64053.695245] Total swap = 2097148kB
[64053.695246] 296605976 pages RAM
[64053.695247] 0 pages HighMem/MovableOnly
[64053.695247] 554517 pages reserved
[64053.695249] 0 pages cma reserved
[64053.695249] 0 pages hwpoisoned
[64054.507076] pagefault_out_of_memory: 16904 callbacks suppressed
[64054.507078] Huh VM_FAULT_OOM leaked out to the #PF handler. Retrying PF
[64054.507519] Huh VM_FAULT_OOM leaked out to the #PF handler. Retrying PF
[64054.507770] Huh VM_FAULT_OOM leaked out to the #PF handler. Retrying PF
[64054.507785] Huh VM_FAULT_OOM leaked out to the #PF handler. Retrying PF
[64054.507910] Huh VM_FAULT_OOM leaked out to the #PF handler. Retrying PF
[64054.507996] Huh VM_FAULT_OOM leaked out to the #PF handler. Retrying PF
[64054.508000] Huh VM_FAULT_OOM leaked out to the #PF handler. Retrying PF
[64054.508195] Huh VM_FAULT_OOM leaked out to the #PF handler. Retrying PF
[64054.508319] Huh VM_FAULT_OOM leaked out to the #PF handler. Retrying PF
[64054.508724] Huh VM_FAULT_OOM leaked out to the #PF handler. Retrying PF
[64059.510727] pagefault_out_of_memory: 16694 callbacks suppressed
[64059.510729] Huh VM_FAULT_OOM leaked out to the #PF handler. Retrying PF
[64059.511422] Huh VM_FAULT_OOM leaked out to the #PF handler. Retrying PF
[64059.511448] Huh VM_FAULT_OOM leaked out to the #PF handler. Retrying PF
[64059.511460] Huh VM_FAULT_OOM leaked out to the #PF handler. Retrying PF
[64059.511494] Huh VM_FAULT_OOM leaked out to the #PF handler. Retrying PF
[64059.511880] Huh VM_FAULT_OOM leaked out to the #PF handler. Retrying PF
[64059.511956] Huh VM_FAULT_OOM leaked out to the #PF handler. Retrying PF
[64059.512344] Huh VM_FAULT_OOM leaked out to the #PF handler. Retrying PF
[64059.512576] Huh VM_FAULT_OOM leaked out to the #PF handler. Retrying PF
[64059.512655] Huh VM_FAULT_OOM leaked out to the #PF handler. Retrying PF
[64063.699783] warn_alloc: 33414 callbacks suppressed
[64063.699785] bfs: page allocation failure: order:0, mode:0x1300dca(GFP_HIGHUSER_MOVABLE|__GFP_ZERO|__GFP_THISNODE), nodemask=(null),cpuset=htmm,mems_allowed=0-3
[64063.699794] CPU: 14 PID: 59256 Comm: bfs Tainted: G      D    OE     5.15.19-htmm #1
[64063.699796] Hardware name: Dell Inc. PowerEdge R750/0K8F35, BIOS 1.10.2 03/03/2023
[64063.699799] Call Trace:
[64063.699800]  <TASK>
[64063.699802]  dump_stack_lvl+0x4a/0x5f
[64063.699806]  dump_stack+0x10/0x12
[64063.699808]  warn_alloc+0x112/0x180
[64063.699811]  ? zone_reclaimable_pages+0x17b/0x190
[64063.699814]  __alloc_pages_slowpath.constprop.119+0xd43/0xd80
[64063.699817]  __alloc_pages+0x2db/0x320
[64063.699820]  alloc_pages_vma+0x26b/0x440
[64063.699822]  __handle_mm_fault+0xa28/0x1310
[64063.699826]  handle_mm_fault+0xd9/0x2b0
[64063.699829]  do_user_addr_fault+0x1e0/0x6f0
[64063.699832]  exc_page_fault+0x76/0x150
[64063.699834]  ? asm_exc_page_fault+0x8/0x30
[64063.699837]  asm_exc_page_fault+0x1e/0x30
[64063.699839] RIP: 0033:0x55fabe203901
[64063.699842] Code: fe 66 0f 6c c9 48 c1 e6 03 44 89 dd 49 8d 1c 32 31 c9 d1 ed 4c 01 c6 31 ff 66 0f 6f 04 0b 83 c7 01 66 0f 73 f0 02 66 0f d4 c1 <0f> 11 04 0e 48 83 c1 10 39 ef 72 e3 44 89 d9 83 e1 fe 01 ca 41 39
[64063.699845] RSP: 002b:00007f9ceab3ce10 EFLAGS: 00010206
[64063.699847] RAX: 0000000003333334 RBX: 00007fadc98cbce0 RCX: 00000000001ec320
[64063.699849] RDX: 000000000199999a RSI: 00007f9cf780ace0 RDI: 000000000001ec33
[64063.699850] RBP: 0000000000cccccd R08: 00007f9ceab3e010 R09: 00007f9deab3f010
[64063.699852] R10: 00007fadbcbff010 R11: 000000000199999a R12: 000055fabe203850
[64063.699853] R13: 00007ffd9315a930 R14: 000055fabf9ad120 R15: 000055fabf9ad820
[64063.699856]  </TASK>
[64063.699857] Mem-Info:
[64063.699866] active_anon:13263332 inactive_anon:772889 isolated_anon:0
                active_file:12664994 inactive_file:2770031 isolated_file:0
                unevictable:0 dirty:0 writeback:0
                slab_reclaimable:161400 slab_unreclaimable:145080
                mapped:80119 shmem:1412 pagetables:36340 bounce:0
                kernel_misc_reclaimable:0
                free:261758447 free_pcp:1686 free_cma:0
[64063.699873] Node 0 active_anon:53052616kB inactive_anon:2475460kB active_file:928kB inactive_file:0kB unevictable:0kB isolated(anon):0kB isolated(file):0kB mapped:4kB dirty:0kB writeback:0kB shmem:1256kB shmem_thp: 0kB shmem_pmdmapped: 0kB anon_thp: 0kB writeback_tmp:0kB kernel_stack:12408kB pagetables:107424kB all_unreclaimable? yes
[64063.699878] Node 1 active_anon:712kB inactive_anon:615184kB active_file:734684kB inactive_file:781008kB unevictable:0kB isolated(anon):0kB isolated(file):0kB mapped:307520kB dirty:0kB writeback:0kB shmem:4392kB shmem_thp: 0kB shmem_pmdmapped: 0kB anon_thp: 0kB writeback_tmp:0kB kernel_stack:19272kB pagetables:28676kB all_unreclaimable? yes
[64063.699883] Node 2 active_anon:0kB inactive_anon:912kB active_file:49924364kB inactive_file:10300360kB unevictable:0kB isolated(anon):0kB isolated(file):0kB mapped:12952kB dirty:0kB writeback:0kB shmem:0kB shmem_thp: 0kB shmem_pmdmapped: 0kB anon_thp: 0kB writeback_tmp:0kB kernel_stack:304kB pagetables:9260kB all_unreclaimable? yes
[64063.699887] Node 3 active_anon:0kB inactive_anon:0kB active_file:0kB inactive_file:0kB unevictable:0kB isolated(anon):0kB isolated(file):0kB mapped:0kB dirty:0kB writeback:0kB shmem:0kB shmem_thp: 0kB shmem_pmdmapped: 0kB anon_thp: 0kB writeback_tmp:0kB kernel_stack:0kB pagetables:0kB all_unreclaimable? yes
[64063.699891] Node 0 DMA free:11264kB min:0kB low:12kB high:24kB reserved_highatomic:0KB active_anon:0kB inactive_anon:0kB active_file:0kB inactive_file:0kB unevictable:0kB writepending:0kB present:15992kB managed:15360kB mlocked:0kB bounce:0kB free_pcp:0kB local_pcp:0kB free_cma:0kB
[64063.699897] lowmem_reserve[]: 0 1416 63873 63873 63873
[64063.699901] Node 0 DMA32 free:249988kB min:168kB low:1616kB high:3064kB reserved_highatomic:0KB active_anon:913360kB inactive_anon:278764kB active_file:0kB inactive_file:0kB unevictable:0kB writepending:0kB present:1517032kB managed:1450844kB mlocked:0kB bounce:0kB free_pcp:0kB local_pcp:0kB free_cma:0kB
[64063.699906] lowmem_reserve[]: 0 0 62456 62456 62456
[64063.699909] Node 0 Normal free:7188kB min:7424kB low:71376kB high:135328kB reserved_highatomic:0KB active_anon:52139256kB inactive_anon:2196696kB active_file:928kB inactive_file:0kB unevictable:0kB writepending:0kB present:65011712kB managed:63955400kB mlocked:0kB bounce:0kB free_pcp:0kB local_pcp:0kB free_cma:0kB
[64063.699914] lowmem_reserve[]: 0 0 0 0 0
[64063.699918] Node 1 Normal free:54246152kB min:7664kB low:73676kB high:139688kB reserved_highatomic:0KB active_anon:712kB inactive_anon:615184kB active_file:734684kB inactive_file:781008kB unevictable:0kB writepending:0kB present:67108864kB managed:66013928kB mlocked:0kB bounce:0kB free_pcp:5124kB local_pcp:0kB free_cma:0kB
[64063.699923] lowmem_reserve[]: 0 0 0 0 0
[64063.699926] Node 2 Normal free:466135100kB min:61116kB low:587500kB high:1113884kB reserved_highatomic:0KB active_anon:0kB inactive_anon:912kB active_file:49924364kB inactive_file:10300360kB unevictable:0kB writepending:0kB present:526385152kB managed:526385152kB mlocked:0kB bounce:0kB free_pcp:1620kB local_pcp:0kB free_cma:0kB
[64063.699931] lowmem_reserve[]: 0 0 0 0 0
[64063.699935] Node 3 Normal free:526384096kB min:61116kB low:587500kB high:1113884kB reserved_highatomic:0KB active_anon:0kB inactive_anon:0kB active_file:0kB inactive_file:0kB unevictable:0kB writepending:0kB present:526385152kB managed:526385152kB mlocked:0kB bounce:0kB free_pcp:0kB local_pcp:0kB free_cma:0kB
[64063.699939] lowmem_reserve[]: 0 0 0 0 0
[64063.699942] Node 0 DMA: 0*4kB 0*8kB 0*16kB 0*32kB 0*64kB 0*128kB 0*256kB 0*512kB 1*1024kB (U) 1*2048kB (M) 2*4096kB (M) = 11264kB
[64063.699951] Node 0 DMA32: 1*4kB (U) 2*8kB (UM) 1*16kB (M) 1*32kB (U) 3*64kB (U) 3*128kB (U) 0*256kB 1*512kB (U) 1*1024kB (M) 1*2048kB (U) 60*4096kB (M) = 249988kB
[64063.699962] Node 0 Normal: 139*4kB (UME) 103*8kB (UME) 157*16kB (UME) 37*32kB (UME) 25*64kB (UME) 4*128kB (M) 0*256kB 0*512kB 0*1024kB 0*2048kB 0*4096kB = 7188kB
[64063.699972] Node 1 Normal: 1614*4kB (UME) 1312*8kB (UME) 899*16kB (UME) 1391*32kB (UME) 10847*64kB (UME) 8428*128kB (UM) 4941*256kB (UME) 1936*512kB (UM) 488*1024kB (UM) 55*2048kB (UM) 12092*4096kB (M) = 54246152kB
[64063.699984] Node 2 Normal: 208561*4kB (M) 198011*8kB (ME) 210434*16kB (UME) 214018*32kB (ME) 211795*64kB (UME) 201413*128kB (UM) 34902*256kB (UME) 12378*512kB (M) 4266*1024kB (UM) 1053*2048kB (ME) 95793*4096kB (M) = 466135100kB
[64063.699996] Node 3 Normal: 0*4kB 0*8kB 0*16kB 1*32kB (U) 1*64kB (U) 1*128kB (U) 1*256kB (U) 1*512kB (U) 0*1024kB 1*2048kB (U) 128511*4096kB (M) = 526384096kB
[64063.700006] Node 0 hugepages_total=0 hugepages_free=0 hugepages_surp=0 hugepages_size=1048576kB
[64063.700008] Node 0 hugepages_total=0 hugepages_free=0 hugepages_surp=0 hugepages_size=2048kB
[64063.700010] Node 1 hugepages_total=0 hugepages_free=0 hugepages_surp=0 hugepages_size=1048576kB
[64063.700011] Node 1 hugepages_total=0 hugepages_free=0 hugepages_surp=0 hugepages_size=2048kB
[64063.700013] Node 2 hugepages_total=0 hugepages_free=0 hugepages_surp=0 hugepages_size=1048576kB
[64063.700014] Node 2 hugepages_total=0 hugepages_free=0 hugepages_surp=0 hugepages_size=2048kB
[64063.700015] Node 3 hugepages_total=0 hugepages_free=0 hugepages_surp=0 hugepages_size=1048576kB
[64063.700016] Node 3 hugepages_total=0 hugepages_free=0 hugepages_surp=0 hugepages_size=2048kB
[64063.700018] 15436628 total pagecache pages
[64063.700019] 47 pages in swap cache
[64063.700020] Swap cache stats: add 526184, delete 526125, find 930/67336
[64063.700021] Free swap  = 0kB
[64063.700022] Total swap = 2097148kB
[64063.700023] 296605976 pages RAM
[64063.700024] 0 pages HighMem/MovableOnly
[64063.700025] 554517 pages reserved
[64063.700026] 0 pages cma reserved
[64063.700027] 0 pages hwpoisoned
[64064.514255] pagefault_out_of_memory: 16777 callbacks suppressed
[64064.514257] Huh VM_FAULT_OOM leaked out to the #PF handler. Retrying PF
[64064.514276] Huh VM_FAULT_OOM leaked out to the #PF handler. Retrying PF
[64064.514443] Huh VM_FAULT_OOM leaked out to the #PF handler. Retrying PF
[64064.514845] Huh VM_FAULT_OOM leaked out to the #PF handler. Retrying PF
[64064.514990] Huh VM_FAULT_OOM leaked out to the #PF handler. Retrying PF
[64064.515144] Huh VM_FAULT_OOM leaked out to the #PF handler. Retrying PF
[64064.515165] Huh VM_FAULT_OOM leaked out to the #PF handler. Retrying PF
[64064.515186] Huh VM_FAULT_OOM leaked out to the #PF handler. Retrying PF
[64064.515190] Huh VM_FAULT_OOM leaked out to the #PF handler. Retrying PF
[64064.515467] Huh VM_FAULT_OOM leaked out to the #PF handler. Retrying PF
[64069.517988] pagefault_out_of_memory: 16837 callbacks suppressed
[64069.517990] Huh VM_FAULT_OOM leaked out to the #PF handler. Retrying PF
[64069.518087] Huh VM_FAULT_OOM leaked out to the #PF handler. Retrying PF
[64069.518259] Huh VM_FAULT_OOM leaked out to the #PF handler. Retrying PF
[64069.518347] Huh VM_FAULT_OOM leaked out to the #PF handler. Retrying PF
[64069.518362] Huh VM_FAULT_OOM leaked out to the #PF handler. Retrying PF
[64069.518391] Huh VM_FAULT_OOM leaked out to the #PF handler. Retrying PF
[64069.518392] Huh VM_FAULT_OOM leaked out to the #PF handler. Retrying PF
[64069.518397] Huh VM_FAULT_OOM leaked out to the #PF handler. Retrying PF
[64069.518631] Huh VM_FAULT_OOM leaked out to the #PF handler. Retrying PF
[64069.518742] Huh VM_FAULT_OOM leaked out to the #PF handler. Retrying PF
[64073.701376] warn_alloc: 33692 callbacks suppressed
[64073.701378] bfs: page allocation failure: order:0, mode:0x1300dca(GFP_HIGHUSER_MOVABLE|__GFP_ZERO|__GFP_THISNODE), nodemask=(null),cpuset=htmm,mems_allowed=0-3
[64073.701386] CPU: 32 PID: 59263 Comm: bfs Tainted: G      D    OE     5.15.19-htmm #1
[64073.701389] Hardware name: Dell Inc. PowerEdge R750/0K8F35, BIOS 1.10.2 03/03/2023
[64073.701391] Call Trace:
[64073.701392]  <TASK>
[64073.701394]  dump_stack_lvl+0x4a/0x5f
[64073.701398]  dump_stack+0x10/0x12
[64073.701400]  warn_alloc+0x112/0x180
[64073.701403]  ? zone_reclaimable_pages+0x17b/0x190
[64073.701405]  __alloc_pages_slowpath.constprop.119+0xd43/0xd80
[64073.701409]  __alloc_pages+0x2db/0x320
[64073.701411]  alloc_pages_vma+0x26b/0x440
[64073.701414]  __handle_mm_fault+0xa28/0x1310
[64073.701418]  handle_mm_fault+0xd9/0x2b0
[64073.701420]  do_user_addr_fault+0x1e0/0x6f0
[64073.701424]  exc_page_fault+0x76/0x150
[64073.701426]  ? asm_exc_page_fault+0x8/0x30
[64073.701429]  asm_exc_page_fault+0x1e/0x30
[64073.701431] RIP: 0033:0x55fabe203901
[64073.701434] Code: fe 66 0f 6c c9 48 c1 e6 03 44 89 dd 49 8d 1c 32 31 c9 d1 ed 4c 01 c6 31 ff 66 0f 6f 04 0b 83 c7 01 66 0f 73 f0 02 66 0f d4 c1 <0f> 11 04 0e 48 83 c1 10 39 ef 72 e3 44 89 d9 83 e1 fe 01 ca 41 39
[64073.701437] RSP: 002b:00007f9ce7335e10 EFLAGS: 00010202
[64073.701439] RAX: 000000000e66666a RBX: 00007fae23265690 RCX: 00000000000bc970
[64073.701441] RDX: 000000000cccccd0 RSI: 00007f9d511a4690 RDI: 000000000000bc98
[64073.701443] RBP: 0000000000cccccd R08: 00007f9ceab3e010 R09: 00007f9deab3f010
[64073.701444] R10: 00007fadbcbff010 R11: 000000000199999a R12: 000055fabe203850
[64073.701446] R13: 00007ffd9315a930 R14: 000055fabf9ad120 R15: 000055fabf9ade40
[64073.701448]  </TASK>
[64073.701449] Mem-Info:
[64073.701458] active_anon:13263332 inactive_anon:772931 isolated_anon:0
                active_file:12664737 inactive_file:2770321 isolated_file:0
                unevictable:0 dirty:0 writeback:0
                slab_reclaimable:161400 slab_unreclaimable:145080
                mapped:80127 shmem:1412 pagetables:36340 bounce:0
                kernel_misc_reclaimable:0
                free:261758321 free_pcp:1773 free_cma:0
[64073.701464] Node 0 active_anon:53052616kB inactive_anon:2475460kB active_file:0kB inactive_file:0kB unevictable:0kB isolated(anon):0kB isolated(file):0kB mapped:4kB dirty:0kB writeback:0kB shmem:1256kB shmem_thp: 0kB shmem_pmdmapped: 0kB anon_thp: 0kB writeback_tmp:0kB kernel_stack:12408kB pagetables:107424kB all_unreclaimable? yes
[64073.701470] Node 1 active_anon:712kB inactive_anon:615352kB active_file:734684kB inactive_file:781008kB unevictable:0kB isolated(anon):0kB isolated(file):0kB mapped:307552kB dirty:0kB writeback:0kB shmem:4392kB shmem_thp: 0kB shmem_pmdmapped: 0kB anon_thp: 0kB writeback_tmp:0kB kernel_stack:19272kB pagetables:28676kB all_unreclaimable? yes
[64073.701475] Node 2 active_anon:0kB inactive_anon:912kB active_file:49924364kB inactive_file:10300360kB unevictable:0kB isolated(anon):0kB isolated(file):0kB mapped:12952kB dirty:0kB writeback:0kB shmem:0kB shmem_thp: 0kB shmem_pmdmapped: 0kB anon_thp: 0kB writeback_tmp:0kB kernel_stack:304kB pagetables:9260kB all_unreclaimable? yes
[64073.701479] Node 3 active_anon:0kB inactive_anon:0kB active_file:0kB inactive_file:0kB unevictable:0kB isolated(anon):0kB isolated(file):0kB mapped:0kB dirty:0kB writeback:0kB shmem:0kB shmem_thp: 0kB shmem_pmdmapped: 0kB anon_thp: 0kB writeback_tmp:0kB kernel_stack:0kB pagetables:0kB all_unreclaimable? yes
[64073.701483] Node 0 DMA free:11264kB min:0kB low:12kB high:24kB reserved_highatomic:0KB active_anon:0kB inactive_anon:0kB active_file:0kB inactive_file:0kB unevictable:0kB writepending:0kB present:15992kB managed:15360kB mlocked:0kB bounce:0kB free_pcp:0kB local_pcp:0kB free_cma:0kB
[64073.701488] lowmem_reserve[]: 0 1416 63873 63873 63873
[64073.701492] Node 0 DMA32 free:249988kB min:168kB low:1616kB high:3064kB reserved_highatomic:0KB active_anon:913360kB inactive_anon:278764kB active_file:0kB inactive_file:0kB unevictable:0kB writepending:0kB present:1517032kB managed:1450844kB mlocked:0kB bounce:0kB free_pcp:0kB local_pcp:0kB free_cma:0kB
[64073.701497] lowmem_reserve[]: 0 0 62456 62456 62456
[64073.701500] Node 0 Normal free:7188kB min:7424kB low:71376kB high:135328kB reserved_highatomic:0KB active_anon:52139256kB inactive_anon:2196696kB active_file:0kB inactive_file:0kB unevictable:0kB writepending:0kB present:65011712kB managed:63955400kB mlocked:0kB bounce:0kB free_pcp:0kB local_pcp:0kB free_cma:0kB
[64073.701505] lowmem_reserve[]: 0 0 0 0 0
[64073.701508] Node 1 Normal free:54245900kB min:7664kB low:73676kB high:139688kB reserved_highatomic:0KB active_anon:712kB inactive_anon:615352kB active_file:734684kB inactive_file:781008kB unevictable:0kB writepending:0kB present:67108864kB managed:66013928kB mlocked:0kB bounce:0kB free_pcp:5220kB local_pcp:0kB free_cma:0kB
[64073.701512] lowmem_reserve[]: 0 0 0 0 0
[64073.701516] Node 2 Normal free:466134848kB min:61116kB low:587500kB high:1113884kB reserved_highatomic:0KB active_anon:0kB inactive_anon:912kB active_file:49924364kB inactive_file:10300360kB unevictable:0kB writepending:0kB present:526385152kB managed:526385152kB mlocked:0kB bounce:0kB free_pcp:1872kB local_pcp:0kB free_cma:0kB
[64073.701520] lowmem_reserve[]: 0 0 0 0 0
[64073.701524] Node 3 Normal free:526384096kB min:61116kB low:587500kB high:1113884kB reserved_highatomic:0KB active_anon:0kB inactive_anon:0kB active_file:0kB inactive_file:0kB unevictable:0kB writepending:0kB present:526385152kB managed:526385152kB mlocked:0kB bounce:0kB free_pcp:0kB local_pcp:0kB free_cma:0kB
[64073.701528] lowmem_reserve[]: 0 0 0 0 0
[64073.701530] Node 0 DMA: 0*4kB 0*8kB 0*16kB 0*32kB 0*64kB 0*128kB 0*256kB 0*512kB 1*1024kB (U) 1*2048kB (M) 2*4096kB (M) = 11264kB
[64073.701539] Node 0 DMA32: 1*4kB (U) 2*8kB (UM) 1*16kB (M) 1*32kB (U) 3*64kB (U) 3*128kB (U) 0*256kB 1*512kB (U) 1*1024kB (M) 1*2048kB (U) 60*4096kB (M) = 249988kB
[64073.701550] Node 0 Normal: 139*4kB (UME) 103*8kB (UME) 157*16kB (UME) 37*32kB (UME) 25*64kB (UME) 4*128kB (M) 0*256kB 0*512kB 0*1024kB 0*2048kB 0*4096kB = 7188kB
[64073.701560] Node 1 Normal: 1613*4kB (UE) 1281*8kB (UME) 899*16kB (UME) 1391*32kB (UME) 10847*64kB (UME) 8428*128kB (UM) 4941*256kB (UME) 1936*512kB (UM) 488*1024kB (UM) 55*2048kB (UM) 12092*4096kB (M) = 54245900kB
[64073.701571] Node 2 Normal: 208562*4kB (UM) 198011*8kB (ME) 210434*16kB (UME) 214018*32kB (ME) 211795*64kB (UME) 201411*128kB (UM) 34902*256kB (UME) 12378*512kB (M) 4266*1024kB (UM) 1053*2048kB (ME) 95793*4096kB (M) = 466134848kB
[64073.701583] Node 3 Normal: 0*4kB 0*8kB 0*16kB 1*32kB (U) 1*64kB (U) 1*128kB (U) 1*256kB (U) 1*512kB (U) 0*1024kB 1*2048kB (U) 128511*4096kB (M) = 526384096kB
[64073.701592] Node 0 hugepages_total=0 hugepages_free=0 hugepages_surp=0 hugepages_size=1048576kB
[64073.701594] Node 0 hugepages_total=0 hugepages_free=0 hugepages_surp=0 hugepages_size=2048kB
[64073.701596] Node 1 hugepages_total=0 hugepages_free=0 hugepages_surp=0 hugepages_size=1048576kB
[64073.701597] Node 1 hugepages_total=0 hugepages_free=0 hugepages_surp=0 hugepages_size=2048kB
[64073.701598] Node 2 hugepages_total=0 hugepages_free=0 hugepages_surp=0 hugepages_size=1048576kB
[64073.701599] Node 2 hugepages_total=0 hugepages_free=0 hugepages_surp=0 hugepages_size=2048kB
[64073.701600] Node 3 hugepages_total=0 hugepages_free=0 hugepages_surp=0 hugepages_size=1048576kB
[64073.701601] Node 3 hugepages_total=0 hugepages_free=0 hugepages_surp=0 hugepages_size=2048kB
[64073.701602] 15436638 total pagecache pages
[64073.701603] 47 pages in swap cache
[64073.701604] Swap cache stats: add 526184, delete 526125, find 930/68992
[64073.701606] Free swap  = 0kB
[64073.701606] Total swap = 2097148kB
[64073.701607] 296605976 pages RAM
[64073.701608] 0 pages HighMem/MovableOnly
[64073.701609] 554517 pages reserved
[64073.701610] 0 pages cma reserved
[64073.701611] 0 pages hwpoisoned
[64074.521732] pagefault_out_of_memory: 16749 callbacks suppressed
[64074.521734] Huh VM_FAULT_OOM leaked out to the #PF handler. Retrying PF
[64074.521860] Huh VM_FAULT_OOM leaked out to the #PF handler. Retrying PF
[64074.522126] Huh VM_FAULT_OOM leaked out to the #PF handler. Retrying PF
[64074.522334] Huh VM_FAULT_OOM leaked out to the #PF handler. Retrying PF
[64074.522748] Huh VM_FAULT_OOM leaked out to the #PF handler. Retrying PF
[64074.522808] Huh VM_FAULT_OOM leaked out to the #PF handler. Retrying PF
[64074.522906] Huh VM_FAULT_OOM leaked out to the #PF handler. Retrying PF
[64074.523120] Huh VM_FAULT_OOM leaked out to the #PF handler. Retrying PF
[64074.523197] Huh VM_FAULT_OOM leaked out to the #PF handler. Retrying PF
[64074.523242] Huh VM_FAULT_OOM leaked out to the #PF handler. Retrying PF
[64079.524963] pagefault_out_of_memory: 16845 callbacks suppressed
[64079.524966] Huh VM_FAULT_OOM leaked out to the #PF handler. Retrying PF
[64079.525005] Huh VM_FAULT_OOM leaked out to the #PF handler. Retrying PF
[64079.525582] Huh VM_FAULT_OOM leaked out to the #PF handler. Retrying PF
[64079.525588] Huh VM_FAULT_OOM leaked out to the #PF handler. Retrying PF
[64079.525775] Huh VM_FAULT_OOM leaked out to the #PF handler. Retrying PF
[64079.525846] Huh VM_FAULT_OOM leaked out to the #PF handler. Retrying PF
[64079.525918] Huh VM_FAULT_OOM leaked out to the #PF handler. Retrying PF
[64079.526095] Huh VM_FAULT_OOM leaked out to the #PF handler. Retrying PF
[64079.526135] Huh VM_FAULT_OOM leaked out to the #PF handler. Retrying PF
[64079.526222] Huh VM_FAULT_OOM leaked out to the #PF handler. Retrying PF
[64083.704571] warn_alloc: 33564 callbacks suppressed
[64083.704573] bfs: page allocation failure: order:0, mode:0x1300dca(GFP_HIGHUSER_MOVABLE|__GFP_ZERO|__GFP_THISNODE), nodemask=(null),cpuset=htmm,mems_allowed=0-3
[64083.704581] CPU: 30 PID: 59268 Comm: bfs Tainted: G      D    OE     5.15.19-htmm #1
[64083.704584] Hardware name: Dell Inc. PowerEdge R750/0K8F35, BIOS 1.10.2 03/03/2023
[64083.704586] Call Trace:
[64083.704588]  <TASK>
[64083.704590]  dump_stack_lvl+0x4a/0x5f
[64083.704593]  dump_stack+0x10/0x12
[64083.704595]  warn_alloc+0x112/0x180
[64083.704599]  ? zone_reclaimable_pages+0x17b/0x190
[64083.704601]  __alloc_pages_slowpath.constprop.119+0xd43/0xd80
[64083.704605]  __alloc_pages+0x2db/0x320
[64083.704607]  alloc_pages_vma+0x26b/0x440
[64083.704610]  __handle_mm_fault+0xa28/0x1310
[64083.704614]  handle_mm_fault+0xd9/0x2b0
[64083.704616]  do_user_addr_fault+0x1e0/0x6f0
[64083.704620]  exc_page_fault+0x76/0x150
[64083.704622]  ? asm_exc_page_fault+0x8/0x30
[64083.704625]  asm_exc_page_fault+0x1e/0x30
[64083.704627] RIP: 0033:0x55fabe203901
[64083.704629] Code: fe 66 0f 6c c9 48 c1 e6 03 44 89 dd 49 8d 1c 32 31 c9 d1 ed 4c 01 c6 31 ff 66 0f 6f 04 0b 83 c7 01 66 0f 73 f0 02 66 0f d4 c1 <0f> 11 04 0e 48 83 c1 10 39 ef 72 e3 44 89 d9 83 e1 fe 01 ca 41 39
[64083.704632] RSP: 002b:00007f9ce4b30e10 EFLAGS: 00010202
[64083.704635] RAX: 000000001666666a RBX: 00007fae632656a0 RCX: 0000000000073960
[64083.704637] RDX: 0000000014ccccd2 RSI: 00007f9d911a46a0 RDI: 0000000000007397
[64083.704639] RBP: 0000000000cccccc R08: 00007f9ceab3e010 R09: 00007f9deab3f010
[64083.704640] R10: 00007fadbcbff010 R11: 0000000001999998 R12: 000055fabe203850
[64083.704642] R13: 00007ffd9315a930 R14: 000055fabf9ad120 R15: 000055fabf9ae2a0
[64083.704644]  </TASK>
[64083.704645] Mem-Info:
[64083.704655] active_anon:13263332 inactive_anon:772961 isolated_anon:0
                active_file:12664838 inactive_file:2770371 isolated_file:0
                unevictable:0 dirty:0 writeback:0
                slab_reclaimable:161400 slab_unreclaimable:145080
                mapped:80137 shmem:1412 pagetables:36340 bounce:0
                kernel_misc_reclaimable:0
                free:261758202 free_pcp:1850 free_cma:0
[64083.704661] Node 0 active_anon:53052616kB inactive_anon:2475460kB active_file:304kB inactive_file:56kB unevictable:0kB isolated(anon):0kB isolated(file):0kB mapped:4kB dirty:0kB writeback:0kB shmem:1256kB shmem_thp: 0kB shmem_pmdmapped: 0kB anon_thp: 0kB writeback_tmp:0kB kernel_stack:12408kB pagetables:107424kB all_unreclaimable? yes
[64083.704667] Node 1 active_anon:712kB inactive_anon:615472kB active_file:734684kB inactive_file:781068kB unevictable:0kB isolated(anon):0kB isolated(file):0kB mapped:307592kB dirty:0kB writeback:0kB shmem:4392kB shmem_thp: 0kB shmem_pmdmapped: 0kB anon_thp: 0kB writeback_tmp:0kB kernel_stack:19272kB pagetables:28676kB all_unreclaimable? yes
[64083.704672] Node 2 active_anon:0kB inactive_anon:912kB active_file:49924364kB inactive_file:10300360kB unevictable:0kB isolated(anon):0kB isolated(file):0kB mapped:12952kB dirty:0kB writeback:0kB shmem:0kB shmem_thp: 0kB shmem_pmdmapped: 0kB anon_thp: 0kB writeback_tmp:0kB kernel_stack:304kB pagetables:9260kB all_unreclaimable? yes
[64083.704676] Node 3 active_anon:0kB inactive_anon:0kB active_file:0kB inactive_file:0kB unevictable:0kB isolated(anon):0kB isolated(file):0kB mapped:0kB dirty:0kB writeback:0kB shmem:0kB shmem_thp: 0kB shmem_pmdmapped: 0kB anon_thp: 0kB writeback_tmp:0kB kernel_stack:0kB pagetables:0kB all_unreclaimable? yes
[64083.704680] Node 0 DMA free:11264kB min:0kB low:12kB high:24kB reserved_highatomic:0KB active_anon:0kB inactive_anon:0kB active_file:0kB inactive_file:0kB unevictable:0kB writepending:0kB present:15992kB managed:15360kB mlocked:0kB bounce:0kB free_pcp:0kB local_pcp:0kB free_cma:0kB
[64083.704684] lowmem_reserve[]: 0 1416 63873 63873 63873
[64083.704689] Node 0 DMA32 free:249988kB min:168kB low:1616kB high:3064kB reserved_highatomic:0KB active_anon:913360kB inactive_anon:278764kB active_file:0kB inactive_file:0kB unevictable:0kB writepending:0kB present:1517032kB managed:1450844kB mlocked:0kB bounce:0kB free_pcp:0kB local_pcp:0kB free_cma:0kB
[64083.704694] lowmem_reserve[]: 0 0 62456 62456 62456
[64083.704698] Node 0 Normal free:7188kB min:7424kB low:71376kB high:135328kB reserved_highatomic:0KB active_anon:52139256kB inactive_anon:2196696kB active_file:304kB inactive_file:56kB unevictable:0kB writepending:0kB present:65011712kB managed:63955400kB mlocked:0kB bounce:0kB free_pcp:0kB local_pcp:0kB free_cma:0kB
[64083.704703] lowmem_reserve[]: 0 0 0 0 0
[64083.704707] Node 1 Normal free:54245648kB min:7664kB low:73676kB high:139688kB reserved_highatomic:0KB active_anon:712kB inactive_anon:615472kB active_file:734684kB inactive_file:781068kB unevictable:0kB writepending:0kB present:67108864kB managed:66013928kB mlocked:0kB bounce:0kB free_pcp:5304kB local_pcp:0kB free_cma:0kB
[64083.704713] lowmem_reserve[]: 0 0 0 0 0
[64083.704716] Node 2 Normal free:466134624kB min:61116kB low:587500kB high:1113884kB reserved_highatomic:0KB active_anon:0kB inactive_anon:912kB active_file:49924364kB inactive_file:10300360kB unevictable:0kB writepending:0kB present:526385152kB managed:526385152kB mlocked:0kB bounce:0kB free_pcp:2096kB local_pcp:0kB free_cma:0kB
[64083.704721] lowmem_reserve[]: 0 0 0 0 0
[64083.704725] Node 3 Normal free:526384096kB min:61116kB low:587500kB high:1113884kB reserved_highatomic:0KB active_anon:0kB inactive_anon:0kB active_file:0kB inactive_file:0kB unevictable:0kB writepending:0kB present:526385152kB managed:526385152kB mlocked:0kB bounce:0kB free_pcp:0kB local_pcp:0kB free_cma:0kB
[64083.704728] lowmem_reserve[]: 0 0 0 0 0
[64083.704731] Node 0 DMA: 0*4kB 0*8kB 0*16kB 0*32kB 0*64kB 0*128kB 0*256kB 0*512kB 1*1024kB (U) 1*2048kB (M) 2*4096kB (M) = 11264kB
[64083.704740] Node 0 DMA32: 1*4kB (U) 2*8kB (UM) 1*16kB (M) 1*32kB (U) 3*64kB (U) 3*128kB (U) 0*256kB 1*512kB (U) 1*1024kB (M) 1*2048kB (U) 60*4096kB (M) = 249988kB
[64083.704752] Node 0 Normal: 139*4kB (UME) 103*8kB (UME) 157*16kB (UME) 37*32kB (UME) 25*64kB (UME) 4*128kB (M) 0*256kB 0*512kB 0*1024kB 0*2048kB 0*4096kB = 7188kB
[64083.704761] Node 1 Normal: 1614*4kB (UME) 1249*8kB (UME) 899*16kB (UME) 1391*32kB (UME) 10847*64kB (UME) 8428*128kB (UM) 4941*256kB (UME) 1936*512kB (UM) 488*1024kB (UM) 55*2048kB (UM) 12092*4096kB (M) = 54245648kB
[64083.704773] Node 2 Normal: 208562*4kB (UM) 198011*8kB (ME) 210434*16kB (UME) 214019*32kB (UME) 211795*64kB (UME) 201411*128kB (UM) 34901*256kB (ME) 12378*512kB (M) 4266*1024kB (UM) 1053*2048kB (ME) 95793*4096kB (M) = 466134624kB
[64083.704785] Node 3 Normal: 0*4kB 0*8kB 0*16kB 1*32kB (U) 1*64kB (U) 1*128kB (U) 1*256kB (U) 1*512kB (U) 0*1024kB 1*2048kB (U) 128511*4096kB (M) = 526384096kB
[64083.704794] Node 0 hugepages_total=0 hugepages_free=0 hugepages_surp=0 hugepages_size=1048576kB
[64083.704796] Node 0 hugepages_total=0 hugepages_free=0 hugepages_surp=0 hugepages_size=2048kB
[64083.704797] Node 1 hugepages_total=0 hugepages_free=0 hugepages_surp=0 hugepages_size=1048576kB
[64083.704798] Node 1 hugepages_total=0 hugepages_free=0 hugepages_surp=0 hugepages_size=2048kB
[64083.704799] Node 2 hugepages_total=0 hugepages_free=0 hugepages_surp=0 hugepages_size=1048576kB
[64083.704801] Node 2 hugepages_total=0 hugepages_free=0 hugepages_surp=0 hugepages_size=2048kB
[64083.704802] Node 3 hugepages_total=0 hugepages_free=0 hugepages_surp=0 hugepages_size=1048576kB
[64083.704803] Node 3 hugepages_total=0 hugepages_free=0 hugepages_surp=0 hugepages_size=2048kB
[64083.704804] 15436650 total pagecache pages
[64083.704805] 47 pages in swap cache
[64083.704806] Swap cache stats: add 526184, delete 526125, find 930/70646
[64083.704808] Free swap  = 0kB
[64083.704809] Total swap = 2097148kB
[64083.704810] 296605976 pages RAM
[64083.704811] 0 pages HighMem/MovableOnly
[64083.704811] 554517 pages reserved
[64083.704812] 0 pages cma reserved
[64083.704813] 0 pages hwpoisoned
[64084.528815] pagefault_out_of_memory: 16724 callbacks suppressed
[64084.528817] Huh VM_FAULT_OOM leaked out to the #PF handler. Retrying PF
[64084.528885] Huh VM_FAULT_OOM leaked out to the #PF handler. Retrying PF
[64084.529244] Huh VM_FAULT_OOM leaked out to the #PF handler. Retrying PF
[64084.529252] Huh VM_FAULT_OOM leaked out to the #PF handler. Retrying PF
[64084.529308] Huh VM_FAULT_OOM leaked out to the #PF handler. Retrying PF
[64084.529451] Huh VM_FAULT_OOM leaked out to the #PF handler. Retrying PF
[64084.529622] Huh VM_FAULT_OOM leaked out to the #PF handler. Retrying PF
[64084.532079] Huh VM_FAULT_OOM leaked out to the #PF handler. Retrying PF
[64084.533204] Huh VM_FAULT_OOM leaked out to the #PF handler. Retrying PF
[64084.533613] Huh VM_FAULT_OOM leaked out to the #PF handler. Retrying PF
[64089.532383] pagefault_out_of_memory: 16819 callbacks suppressed
[64089.532386] Huh VM_FAULT_OOM leaked out to the #PF handler. Retrying PF
[64089.532483] Huh VM_FAULT_OOM leaked out to the #PF handler. Retrying PF
[64089.533290] Huh VM_FAULT_OOM leaked out to the #PF handler. Retrying PF
[64089.533344] Huh VM_FAULT_OOM leaked out to the #PF handler. Retrying PF
[64089.533703] Huh VM_FAULT_OOM leaked out to the #PF handler. Retrying PF
[64089.533771] Huh VM_FAULT_OOM leaked out to the #PF handler. Retrying PF
[64089.533785] Huh VM_FAULT_OOM leaked out to the #PF handler. Retrying PF
[64089.534087] Huh VM_FAULT_OOM leaked out to the #PF handler. Retrying PF
[64089.534166] Huh VM_FAULT_OOM leaked out to the #PF handler. Retrying PF
[64089.534374] Huh VM_FAULT_OOM leaked out to the #PF handler. Retrying PF
[64093.707916] warn_alloc: 33710 callbacks suppressed
[64093.707918] bfs: page allocation failure: order:0, mode:0x1300dca(GFP_HIGHUSER_MOVABLE|__GFP_ZERO|__GFP_THISNODE), nodemask=(null),cpuset=htmm,mems_allowed=0-3
[64093.707926] CPU: 4 PID: 59269 Comm: bfs Tainted: G      D    OE     5.15.19-htmm #1
[64093.707929] Hardware name: Dell Inc. PowerEdge R750/0K8F35, BIOS 1.10.2 03/03/2023
[64093.707930] Call Trace:
[64093.707932]  <TASK>
[64093.707934]  dump_stack_lvl+0x4a/0x5f
[64093.707937]  dump_stack+0x10/0x12
[64093.707940]  warn_alloc+0x112/0x180
[64093.707942]  ? zone_reclaimable_pages+0x17b/0x190
[64093.707945]  __alloc_pages_slowpath.constprop.119+0xd43/0xd80
[64093.707948]  __alloc_pages+0x2db/0x320
[64093.707951]  alloc_pages_vma+0x26b/0x440
[64093.707953]  __handle_mm_fault+0xa28/0x1310
[64093.707957]  handle_mm_fault+0xd9/0x2b0
[64093.707960]  do_user_addr_fault+0x1e0/0x6f0
[64093.707964]  exc_page_fault+0x76/0x150
[64093.707966]  ? asm_exc_page_fault+0x8/0x30
[64093.707969]  asm_exc_page_fault+0x1e/0x30
[64093.707970] RIP: 0033:0x55fabe203901
[64093.707973] Code: fe 66 0f 6c c9 48 c1 e6 03 44 89 dd 49 8d 1c 32 31 c9 d1 ed 4c 01 c6 31 ff 66 0f 6f 04 0b 83 c7 01 66 0f 73 f0 02 66 0f d4 c1 <0f> 11 04 0e 48 83 c1 10 39 ef 72 e3 44 89 d9 83 e1 fe 01 ca 41 39
[64093.707976] RSP: 002b:00007f9ce432fe10 EFLAGS: 00010202
[64093.707978] RAX: 0000000018000003 RBX: 00007fae6ff32360 RCX: 000000000005bca0
[64093.707980] RDX: 000000001666666a RSI: 00007f9d9de71360 RDI: 0000000000005bcb
[64093.707982] RBP: 0000000000cccccc R08: 00007f9ceab3e010 R09: 00007f9deab3f010
[64093.707983] R10: 00007fadbcbff010 R11: 0000000001999999 R12: 000055fabe203850
[64093.707984] R13: 00007ffd9315a930 R14: 000055fabf9ad120 R15: 000055fabf9ae380
[64093.707987]  </TASK>
[64093.707988] Mem-Info:
[64093.707997] active_anon:13263332 inactive_anon:772991 isolated_anon:0
                active_file:12665030 inactive_file:2769958 isolated_file:0
                unevictable:0 dirty:0 writeback:0
                slab_reclaimable:161400 slab_unreclaimable:145080
                mapped:80146 shmem:1412 pagetables:36340 bounce:0
                kernel_misc_reclaimable:0
                free:261758139 free_pcp:1869 free_cma:0
[64093.708003] Node 0 active_anon:53052616kB inactive_anon:2475460kB active_file:1072kB inactive_file:0kB unevictable:0kB isolated(anon):0kB isolated(file):0kB mapped:4kB dirty:0kB writeback:0kB shmem:1256kB shmem_thp: 0kB shmem_pmdmapped: 0kB anon_thp: 0kB writeback_tmp:0kB kernel_stack:12408kB pagetables:107424kB all_unreclaimable? yes
[64093.708009] Node 1 active_anon:712kB inactive_anon:615592kB active_file:734684kB inactive_file:781068kB unevictable:0kB isolated(anon):0kB isolated(file):0kB mapped:307628kB dirty:0kB writeback:0kB shmem:4392kB shmem_thp: 0kB shmem_pmdmapped: 0kB anon_thp: 0kB writeback_tmp:0kB kernel_stack:19272kB pagetables:28676kB all_unreclaimable? yes
[64093.708014] Node 2 active_anon:0kB inactive_anon:912kB active_file:49924364kB inactive_file:10300360kB unevictable:0kB isolated(anon):0kB isolated(file):0kB mapped:12952kB dirty:0kB writeback:0kB shmem:0kB shmem_thp: 0kB shmem_pmdmapped: 0kB anon_thp: 0kB writeback_tmp:0kB kernel_stack:304kB pagetables:9260kB all_unreclaimable? yes
[64093.708019] Node 3 active_anon:0kB inactive_anon:0kB active_file:0kB inactive_file:0kB unevictable:0kB isolated(anon):0kB isolated(file):0kB mapped:0kB dirty:0kB writeback:0kB shmem:0kB shmem_thp: 0kB shmem_pmdmapped: 0kB anon_thp: 0kB writeback_tmp:0kB kernel_stack:0kB pagetables:0kB all_unreclaimable? yes
[64093.708024] Node 0 DMA free:11264kB min:0kB low:12kB high:24kB reserved_highatomic:0KB active_anon:0kB inactive_anon:0kB active_file:0kB inactive_file:0kB unevictable:0kB writepending:0kB present:15992kB managed:15360kB mlocked:0kB bounce:0kB free_pcp:0kB local_pcp:0kB free_cma:0kB
[64093.708029] lowmem_reserve[]: 0 1416 63873 63873 63873
[64093.708033] Node 0 DMA32 free:249988kB min:168kB low:1616kB high:3064kB reserved_highatomic:0KB active_anon:913360kB inactive_anon:278764kB active_file:0kB inactive_file:0kB unevictable:0kB writepending:0kB present:1517032kB managed:1450844kB mlocked:0kB bounce:0kB free_pcp:0kB local_pcp:0kB free_cma:0kB
[64093.708038] lowmem_reserve[]: 0 0 62456 62456 62456
[64093.708042] Node 0 Normal free:7188kB min:7424kB low:71376kB high:135328kB reserved_highatomic:0KB active_anon:52139256kB inactive_anon:2196696kB active_file:1072kB inactive_file:0kB unevictable:0kB writepending:0kB present:65011712kB managed:63955400kB mlocked:0kB bounce:0kB free_pcp:0kB local_pcp:0kB free_cma:0kB
[64093.708046] lowmem_reserve[]: 0 0 0 0 0
[64093.708050] Node 1 Normal free:54245648kB min:7664kB low:73676kB high:139688kB reserved_highatomic:0KB active_anon:712kB inactive_anon:615592kB active_file:734684kB inactive_file:781068kB unevictable:0kB writepending:0kB present:67108864kB managed:66013928kB mlocked:0kB bounce:0kB free_pcp:5128kB local_pcp:0kB free_cma:0kB
[64093.708054] lowmem_reserve[]: 0 0 0 0 0
[64093.708058] Node 2 Normal free:466134372kB min:61116kB low:587500kB high:1113884kB reserved_highatomic:0KB active_anon:0kB inactive_anon:912kB active_file:49924364kB inactive_file:10300360kB unevictable:0kB writepending:0kB present:526385152kB managed:526385152kB mlocked:0kB bounce:0kB free_pcp:2348kB local_pcp:0kB free_cma:0kB
[64093.708062] lowmem_reserve[]: 0 0 0 0 0
[64093.708066] Node 3 Normal free:526384096kB min:61116kB low:587500kB high:1113884kB reserved_highatomic:0KB active_anon:0kB inactive_anon:0kB active_file:0kB inactive_file:0kB unevictable:0kB writepending:0kB present:526385152kB managed:526385152kB mlocked:0kB bounce:0kB free_pcp:0kB local_pcp:0kB free_cma:0kB
[64093.708070] lowmem_reserve[]: 0 0 0 0 0
[64093.708072] Node 0 DMA: 0*4kB 0*8kB 0*16kB 0*32kB 0*64kB 0*128kB 0*256kB 0*512kB 1*1024kB (U) 1*2048kB (M) 2*4096kB (M) = 11264kB
[64093.708081] Node 0 DMA32: 1*4kB (U) 2*8kB (UM) 1*16kB (M) 1*32kB (U) 3*64kB (U) 3*128kB (U) 0*256kB 1*512kB (U) 1*1024kB (M) 1*2048kB (U) 60*4096kB (M) = 249988kB
[64093.708092] Node 0 Normal: 139*4kB (UME) 103*8kB (UME) 157*16kB (UME) 37*32kB (UME) 25*64kB (UME) 4*128kB (M) 0*256kB 0*512kB 0*1024kB 0*2048kB 0*4096kB = 7188kB
[64093.708101] Node 1 Normal: 1614*4kB (UME) 1249*8kB (UME) 899*16kB (UME) 1391*32kB (UME) 10847*64kB (UME) 8428*128kB (UM) 4941*256kB (UME) 1936*512kB (UM) 488*1024kB (UM) 55*2048kB (UM) 12092*4096kB (M) = 54245648kB
[64093.708113] Node 2 Normal: 208561*4kB (M) 198012*8kB (UME) 210434*16kB (UME) 214019*32kB (UME) 211795*64kB (UME) 201411*128kB (UM) 34902*256kB (UME) 12379*512kB (UM) 4265*1024kB (M) 1053*2048kB (ME) 95793*4096kB (M) = 466134372kB
[64093.708124] Node 3 Normal: 0*4kB 0*8kB 0*16kB 1*32kB (U) 1*64kB (U) 1*128kB (U) 1*256kB (U) 1*512kB (U) 0*1024kB 1*2048kB (U) 128511*4096kB (M) = 526384096kB
[64093.708134] Node 0 hugepages_total=0 hugepages_free=0 hugepages_surp=0 hugepages_size=1048576kB
[64093.708136] Node 0 hugepages_total=0 hugepages_free=0 hugepages_surp=0 hugepages_size=2048kB
[64093.708137] Node 1 hugepages_total=0 hugepages_free=0 hugepages_surp=0 hugepages_size=1048576kB
[64093.708139] Node 1 hugepages_total=0 hugepages_free=0 hugepages_surp=0 hugepages_size=2048kB
[64093.708140] Node 2 hugepages_total=0 hugepages_free=0 hugepages_surp=0 hugepages_size=1048576kB
[64093.708142] Node 2 hugepages_total=0 hugepages_free=0 hugepages_surp=0 hugepages_size=2048kB
[64093.708143] Node 3 hugepages_total=0 hugepages_free=0 hugepages_surp=0 hugepages_size=1048576kB
[64093.708144] Node 3 hugepages_total=0 hugepages_free=0 hugepages_surp=0 hugepages_size=2048kB
[64093.708146] 15436660 total pagecache pages
[64093.708147] 47 pages in swap cache
[64093.708148] Swap cache stats: add 526184, delete 526125, find 930/72305
[64093.708149] Free swap  = 0kB
[64093.708150] Total swap = 2097148kB
[64093.708152] 296605976 pages RAM
[64093.708152] 0 pages HighMem/MovableOnly
[64093.708153] 554517 pages reserved
[64093.708154] 0 pages cma reserved
[64093.708155] 0 pages hwpoisoned
[64094.536245] pagefault_out_of_memory: 17000 callbacks suppressed
[64094.536247] Huh VM_FAULT_OOM leaked out to the #PF handler. Retrying PF
[64094.536336] Huh VM_FAULT_OOM leaked out to the #PF handler. Retrying PF
[64094.540297] Huh VM_FAULT_OOM leaked out to the #PF handler. Retrying PF
[64094.540454] Huh VM_FAULT_OOM leaked out to the #PF handler. Retrying PF
[64094.540609] Huh VM_FAULT_OOM leaked out to the #PF handler. Retrying PF
[64094.540623] Huh VM_FAULT_OOM leaked out to the #PF handler. Retrying PF
[64094.540710] Huh VM_FAULT_OOM leaked out to the #PF handler. Retrying PF
[64094.540911] Huh VM_FAULT_OOM leaked out to the #PF handler. Retrying PF
[64094.540955] Huh VM_FAULT_OOM leaked out to the #PF handler. Retrying PF
[64094.541180] Huh VM_FAULT_OOM leaked out to the #PF handler. Retrying PF
[64099.539329] pagefault_out_of_memory: 16779 callbacks suppressed
[64099.539332] Huh VM_FAULT_OOM leaked out to the #PF handler. Retrying PF
[64099.539748] Huh VM_FAULT_OOM leaked out to the #PF handler. Retrying PF
[64099.539980] Huh VM_FAULT_OOM leaked out to the #PF handler. Retrying PF
[64099.540122] Huh VM_FAULT_OOM leaked out to the #PF handler. Retrying PF
[64099.540137] Huh VM_FAULT_OOM leaked out to the #PF handler. Retrying PF
[64099.540307] Huh VM_FAULT_OOM leaked out to the #PF handler. Retrying PF
[64099.540395] Huh VM_FAULT_OOM leaked out to the #PF handler. Retrying PF
[64099.540471] Huh VM_FAULT_OOM leaked out to the #PF handler. Retrying PF
[64099.540557] Huh VM_FAULT_OOM leaked out to the #PF handler. Retrying PF
[64099.540751] Huh VM_FAULT_OOM leaked out to the #PF handler. Retrying PF
[64103.711012] warn_alloc: 33993 callbacks suppressed
[64103.711014] bfs: page allocation failure: order:0, mode:0x1300dca(GFP_HIGHUSER_MOVABLE|__GFP_ZERO|__GFP_THISNODE), nodemask=(null),cpuset=htmm,mems_allowed=0-3
[64103.711022] CPU: 6 PID: 59270 Comm: bfs Tainted: G      D    OE     5.15.19-htmm #1
[64103.711025] Hardware name: Dell Inc. PowerEdge R750/0K8F35, BIOS 1.10.2 03/03/2023
[64103.711027] Call Trace:
[64103.711028]  <TASK>
[64103.711030]  dump_stack_lvl+0x4a/0x5f
[64103.711034]  dump_stack+0x10/0x12
[64103.711036]  warn_alloc+0x112/0x180
[64103.711039]  ? zone_reclaimable_pages+0x17b/0x190
[64103.711042]  __alloc_pages_slowpath.constprop.119+0xd43/0xd80
[64103.711045]  __alloc_pages+0x2db/0x320
[64103.711048]  alloc_pages_vma+0x26b/0x440
[64103.711050]  __handle_mm_fault+0xa28/0x1310
[64103.711055]  handle_mm_fault+0xd9/0x2b0
[64103.711058]  do_user_addr_fault+0x1e0/0x6f0
[64103.711062]  exc_page_fault+0x76/0x150
[64103.711064]  ? asm_exc_page_fault+0x8/0x30
[64103.711066]  asm_exc_page_fault+0x1e/0x30
[64103.711069] RIP: 0033:0x55fabe203901
[64103.711071] Code: fe 66 0f 6c c9 48 c1 e6 03 44 89 dd 49 8d 1c 32 31 c9 d1 ed 4c 01 c6 31 ff 66 0f 6f 04 0b 83 c7 01 66 0f 73 f0 02 66 0f d4 c1 <0f> 11 04 0e 48 83 c1 10 39 ef 72 e3 44 89 d9 83 e1 fe 01 ca 41 39
[64103.711074] RSP: 002b:00007f9ce3b2ee10 EFLAGS: 00010202
[64103.711077] RAX: 000000001999999c RBX: 00007fae7cbff030 RCX: 0000000000006fd0
[64103.711078] RDX: 0000000018000004 RSI: 00007f9daab3e030 RDI: 00000000000006fe
[64103.711080] RBP: 0000000000cccccc R08: 00007f9ceab3e010 R09: 00007f9deab3f010
[64103.711082] R10: 00007fadbcbff010 R11: 0000000001999998 R12: 000055fabe203850
[64103.711083] R13: 00007ffd9315a930 R14: 000055fabf9ad120 R15: 000055fabf9ae460
[64103.711086]  </TASK>
[64103.711087] Mem-Info:
[64103.711096] active_anon:13263332 inactive_anon:773021 isolated_anon:0
                active_file:12665123 inactive_file:2769918 isolated_file:0
                unevictable:0 dirty:0 writeback:3
                slab_reclaimable:161400 slab_unreclaimable:145080
                mapped:80154 shmem:1412 pagetables:36340 bounce:0
                kernel_misc_reclaimable:0
                free:261758140 free_pcp:1826 free_cma:0
[64103.711102] Node 0 active_anon:53052616kB inactive_anon:2475460kB active_file:1388kB inactive_file:0kB unevictable:0kB isolated(anon):0kB isolated(file):0kB mapped:4kB dirty:0kB writeback:0kB shmem:1256kB shmem_thp: 0kB shmem_pmdmapped: 0kB anon_thp: 0kB writeback_tmp:0kB kernel_stack:12408kB pagetables:107424kB all_unreclaimable? yes
[64103.711108] Node 1 active_anon:712kB inactive_anon:615712kB active_file:734740kB inactive_file:781072kB unevictable:0kB isolated(anon):0kB isolated(file):0kB mapped:307660kB dirty:0kB writeback:4kB shmem:4392kB shmem_thp: 0kB shmem_pmdmapped: 0kB anon_thp: 0kB writeback_tmp:0kB kernel_stack:19272kB pagetables:28676kB all_unreclaimable? yes
[64103.711113] Node 2 active_anon:0kB inactive_anon:912kB active_file:49924364kB inactive_file:10300360kB unevictable:0kB isolated(anon):0kB isolated(file):0kB mapped:12952kB dirty:0kB writeback:8kB shmem:0kB shmem_thp: 0kB shmem_pmdmapped: 0kB anon_thp: 0kB writeback_tmp:0kB kernel_stack:304kB pagetables:9260kB all_unreclaimable? yes
[64103.711118] Node 3 active_anon:0kB inactive_anon:0kB active_file:0kB inactive_file:0kB unevictable:0kB isolated(anon):0kB isolated(file):0kB mapped:0kB dirty:0kB writeback:0kB shmem:0kB shmem_thp: 0kB shmem_pmdmapped: 0kB anon_thp: 0kB writeback_tmp:0kB kernel_stack:0kB pagetables:0kB all_unreclaimable? yes
[64103.711122] Node 0 DMA free:11264kB min:0kB low:12kB high:24kB reserved_highatomic:0KB active_anon:0kB inactive_anon:0kB active_file:0kB inactive_file:0kB unevictable:0kB writepending:0kB present:15992kB managed:15360kB mlocked:0kB bounce:0kB free_pcp:0kB local_pcp:0kB free_cma:0kB
[64103.711126] lowmem_reserve[]: 0 1416 63873 63873 63873
[64103.711131] Node 0 DMA32 free:249988kB min:168kB low:1616kB high:3064kB reserved_highatomic:0KB active_anon:913360kB inactive_anon:278764kB active_file:0kB inactive_file:0kB unevictable:0kB writepending:0kB present:1517032kB managed:1450844kB mlocked:0kB bounce:0kB free_pcp:0kB local_pcp:0kB free_cma:0kB
[64103.711135] lowmem_reserve[]: 0 0 62456 62456 62456
[64103.711139] Node 0 Normal free:7188kB min:7424kB low:71376kB high:135328kB reserved_highatomic:0KB active_anon:52139256kB inactive_anon:2196696kB active_file:1388kB inactive_file:0kB unevictable:0kB writepending:0kB present:65011712kB managed:63955400kB mlocked:0kB bounce:0kB free_pcp:0kB local_pcp:0kB free_cma:0kB
[64103.711144] lowmem_reserve[]: 0 0 0 0 0
[64103.711148] Node 1 Normal free:54245652kB min:7664kB low:73676kB high:139688kB reserved_highatomic:0KB active_anon:712kB inactive_anon:615712kB active_file:734740kB inactive_file:781072kB unevictable:0kB writepending:4kB present:67108864kB managed:66013928kB mlocked:0kB bounce:0kB free_pcp:4956kB local_pcp:0kB free_cma:0kB
[64103.711153] lowmem_reserve[]: 0 0 0 0 0
[64103.711156] Node 2 Normal free:466134372kB min:61116kB low:587500kB high:1113884kB reserved_highatomic:0KB active_anon:0kB inactive_anon:912kB active_file:49924364kB inactive_file:10300360kB unevictable:0kB writepending:8kB present:526385152kB managed:526385152kB mlocked:0kB bounce:0kB free_pcp:2348kB local_pcp:0kB free_cma:0kB
[64103.711161] lowmem_reserve[]: 0 0 0 0 0
[64103.711165] Node 3 Normal free:526384096kB min:61116kB low:587500kB high:1113884kB reserved_highatomic:0KB active_anon:0kB inactive_anon:0kB active_file:0kB inactive_file:0kB unevictable:0kB writepending:0kB present:526385152kB managed:526385152kB mlocked:0kB bounce:0kB free_pcp:0kB local_pcp:0kB free_cma:0kB
[64103.711168] lowmem_reserve[]: 0 0 0 0 0
[64103.711171] Node 0 DMA: 0*4kB 0*8kB 0*16kB 0*32kB 0*64kB 0*128kB 0*256kB 0*512kB 1*1024kB (U) 1*2048kB (M) 2*4096kB (M) = 11264kB
[64103.711180] Node 0 DMA32: 1*4kB (U) 2*8kB (UM) 1*16kB (M) 1*32kB (U) 3*64kB (U) 3*128kB (U) 0*256kB 1*512kB (U) 1*1024kB (M) 1*2048kB (U) 60*4096kB (M) = 249988kB
[64103.711191] Node 0 Normal: 139*4kB (UME) 103*8kB (UME) 157*16kB (UME) 37*32kB (UME) 25*64kB (UME) 4*128kB (M) 0*256kB 0*512kB 0*1024kB 0*2048kB 0*4096kB = 7188kB
[64103.711201] Node 1 Normal: 1615*4kB (UME) 1249*8kB (UME) 899*16kB (UME) 1391*32kB (UME) 10847*64kB (UME) 8428*128kB (UM) 4941*256kB (UME) 1936*512kB (UM) 488*1024kB (UM) 55*2048kB (UM) 12092*4096kB (M) = 54245652kB
[64103.711213] Node 2 Normal: 208563*4kB (UM) 198013*8kB (UME) 210435*16kB (UME) 214020*32kB (UME) 211796*64kB (UME) 201412*128kB (UM) 34901*256kB (ME) 12379*512kB (UM) 4265*1024kB (M) 1053*2048kB (ME) 95793*4096kB (M) = 466134372kB
[64103.711226] Node 3 Normal: 0*4kB 0*8kB 0*16kB 1*32kB (U) 1*64kB (U) 1*128kB (U) 1*256kB (U) 1*512kB (U) 0*1024kB 1*2048kB (U) 128511*4096kB (M) = 526384096kB
[64103.711236] Node 0 hugepages_total=0 hugepages_free=0 hugepages_surp=0 hugepages_size=1048576kB
[64103.711238] Node 0 hugepages_total=0 hugepages_free=0 hugepages_surp=0 hugepages_size=2048kB
[64103.711239] Node 1 hugepages_total=0 hugepages_free=0 hugepages_surp=0 hugepages_size=1048576kB
[64103.711241] Node 1 hugepages_total=0 hugepages_free=0 hugepages_surp=0 hugepages_size=2048kB
[64103.711242] Node 2 hugepages_total=0 hugepages_free=0 hugepages_surp=0 hugepages_size=1048576kB
[64103.711243] Node 2 hugepages_total=0 hugepages_free=0 hugepages_surp=0 hugepages_size=2048kB
[64103.711244] Node 3 hugepages_total=0 hugepages_free=0 hugepages_surp=0 hugepages_size=1048576kB
[64103.711246] Node 3 hugepages_total=0 hugepages_free=0 hugepages_surp=0 hugepages_size=2048kB
[64103.711247] 15436671 total pagecache pages
[64103.711248] 47 pages in swap cache
[64103.711249] Swap cache stats: add 526184, delete 526125, find 930/73971
[64103.711251] Free swap  = 0kB
[64103.711251] Total swap = 2097148kB
[64103.711253] 296605976 pages RAM
[64103.711254] 0 pages HighMem/MovableOnly
[64103.711255] 554517 pages reserved
[64103.711256] 0 pages cma reserved
[64103.711257] 0 pages hwpoisoned
[64104.542961] pagefault_out_of_memory: 17185 callbacks suppressed
[64104.542963] Huh VM_FAULT_OOM leaked out to the #PF handler. Retrying PF
[64104.542993] Huh VM_FAULT_OOM leaked out to the #PF handler. Retrying PF
[64104.543121] Huh VM_FAULT_OOM leaked out to the #PF handler. Retrying PF
[64104.543277] Huh VM_FAULT_OOM leaked out to the #PF handler. Retrying PF
[64104.543853] Huh VM_FAULT_OOM leaked out to the #PF handler. Retrying PF
[64104.543870] Huh VM_FAULT_OOM leaked out to the #PF handler. Retrying PF
[64104.543878] Huh VM_FAULT_OOM leaked out to the #PF handler. Retrying PF
[64104.544051] Huh VM_FAULT_OOM leaked out to the #PF handler. Retrying PF
[64104.544391] Huh VM_FAULT_OOM leaked out to the #PF handler. Retrying PF
[64104.544423] Huh VM_FAULT_OOM leaked out to the #PF handler. Retrying PF
[64109.550496] pagefault_out_of_memory: 10411 callbacks suppressed
[64109.550498] Huh VM_FAULT_OOM leaked out to the #PF handler. Retrying PF
[64109.550668] Huh VM_FAULT_OOM leaked out to the #PF handler. Retrying PF
[64109.557733] Huh VM_FAULT_OOM leaked out to the #PF handler. Retrying PF
[64109.558571] Huh VM_FAULT_OOM leaked out to the #PF handler. Retrying PF
[64109.563627] Huh VM_FAULT_OOM leaked out to the #PF handler. Retrying PF
[64109.571791] Huh VM_FAULT_OOM leaked out to the #PF handler. Retrying PF
[64109.572803] Huh VM_FAULT_OOM leaked out to the #PF handler. Retrying PF
[64109.574431] Huh VM_FAULT_OOM leaked out to the #PF handler. Retrying PF
[64109.578882] Huh VM_FAULT_OOM leaked out to the #PF handler. Retrying PF
[64109.579301] Huh VM_FAULT_OOM leaked out to the #PF handler. Retrying PF
[64113.719181] warn_alloc: 14657 callbacks suppressed
[64113.719183] bfs: page allocation failure: order:0, mode:0x1300dca(GFP_HIGHUSER_MOVABLE|__GFP_ZERO|__GFP_THISNODE), nodemask=(null),cpuset=htmm,mems_allowed=0-3
[64113.719190] CPU: 6 PID: 59270 Comm: bfs Tainted: G      D    OE     5.15.19-htmm #1
[64113.719193] Hardware name: Dell Inc. PowerEdge R750/0K8F35, BIOS 1.10.2 03/03/2023
[64113.719194] Call Trace:
[64113.719195]  <TASK>
[64113.719197]  dump_stack_lvl+0x4a/0x5f
[64113.719200]  dump_stack+0x10/0x12
[64113.719202]  warn_alloc+0x112/0x180
[64113.719205]  ? zone_reclaimable_pages+0x17b/0x190
[64113.719207]  __alloc_pages_slowpath.constprop.119+0xd43/0xd80
[64113.719211]  __alloc_pages+0x2db/0x320
[64113.719213]  alloc_pages_vma+0x26b/0x440
[64113.719216]  __handle_mm_fault+0xa28/0x1310
[64113.719219]  handle_mm_fault+0xd9/0x2b0
[64113.719222]  do_user_addr_fault+0x1e0/0x6f0
[64113.719226]  exc_page_fault+0x76/0x150
[64113.719228]  ? asm_exc_page_fault+0x8/0x30
[64113.719231]  asm_exc_page_fault+0x1e/0x30
[64113.719233] RIP: 0033:0x55fabe203901
[64113.719235] Code: fe 66 0f 6c c9 48 c1 e6 03 44 89 dd 49 8d 1c 32 31 c9 d1 ed 4c 01 c6 31 ff 66 0f 6f 04 0b 83 c7 01 66 0f 73 f0 02 66 0f d4 c1 <0f> 11 04 0e 48 83 c1 10 39 ef 72 e3 44 89 d9 83 e1 fe 01 ca 41 39
[64113.719237] RSP: 002b:00007f9ce3b2ee10 EFLAGS: 00010202
[64113.719240] RAX: 000000001999999c RBX: 00007fae7cbff030 RCX: 0000000000006fd0
[64113.719241] RDX: 0000000018000004 RSI: 00007f9daab3e030 RDI: 00000000000006fe
[64113.719243] RBP: 0000000000cccccc R08: 00007f9ceab3e010 R09: 00007f9deab3f010
[64113.719244] R10: 00007fadbcbff010 R11: 0000000001999998 R12: 000055fabe203850
[64113.719246] R13: 00007ffd9315a930 R14: 000055fabf9ad120 R15: 000055fabf9ae460
[64113.719248]  </TASK>
[64113.719249] Mem-Info:
[64113.719259] active_anon:13263241 inactive_anon:773153 isolated_anon:0
                active_file:12664769 inactive_file:2770080 isolated_file:0
                unevictable:0 dirty:0 writeback:0
                slab_reclaimable:161400 slab_unreclaimable:145080
                mapped:80165 shmem:1412 pagetables:36340 bounce:0
                kernel_misc_reclaimable:0
                free:261759276 free_pcp:639 free_cma:0
[64113.719264] Node 0 active_anon:53052252kB inactive_anon:2475808kB active_file:0kB inactive_file:0kB unevictable:0kB isolated(anon):0kB isolated(file):0kB mapped:4kB dirty:0kB writeback:0kB shmem:1256kB shmem_thp: 0kB shmem_pmdmapped: 0kB anon_thp: 0kB writeback_tmp:0kB kernel_stack:12408kB pagetables:107424kB all_unreclaimable? yes
[64113.719269] Node 1 active_anon:712kB inactive_anon:615892kB active_file:734740kB inactive_file:781132kB unevictable:0kB isolated(anon):0kB isolated(file):0kB mapped:307704kB dirty:0kB writeback:0kB shmem:4392kB shmem_thp: 0kB shmem_pmdmapped: 0kB anon_thp: 0kB writeback_tmp:0kB kernel_stack:19272kB pagetables:28676kB all_unreclaimable? yes
[64113.719274] Node 2 active_anon:0kB inactive_anon:912kB active_file:49924364kB inactive_file:10300360kB unevictable:0kB isolated(anon):0kB isolated(file):0kB mapped:12952kB dirty:0kB writeback:0kB shmem:0kB shmem_thp: 0kB shmem_pmdmapped: 0kB anon_thp: 0kB writeback_tmp:0kB kernel_stack:304kB pagetables:9260kB all_unreclaimable? yes
[64113.719278] Node 3 active_anon:0kB inactive_anon:0kB active_file:0kB inactive_file:0kB unevictable:0kB isolated(anon):0kB isolated(file):0kB mapped:0kB dirty:0kB writeback:0kB shmem:0kB shmem_thp: 0kB shmem_pmdmapped: 0kB anon_thp: 0kB writeback_tmp:0kB kernel_stack:0kB pagetables:0kB all_unreclaimable? yes
[64113.719282] Node 0 DMA free:11264kB min:0kB low:12kB high:24kB reserved_highatomic:0KB active_anon:0kB inactive_anon:0kB active_file:0kB inactive_file:0kB unevictable:0kB writepending:0kB present:15992kB managed:15360kB mlocked:0kB bounce:0kB free_pcp:0kB local_pcp:0kB free_cma:0kB
[64113.719287] lowmem_reserve[]: 0 1416 63873 63873 63873
[64113.719292] Node 0 DMA32 free:249992kB min:168kB low:1616kB high:3064kB reserved_highatomic:0KB active_anon:915020kB inactive_anon:277100kB active_file:0kB inactive_file:0kB unevictable:0kB writepending:0kB present:1517032kB managed:1450844kB mlocked:0kB bounce:0kB free_pcp:0kB local_pcp:0kB free_cma:0kB
[64113.719296] lowmem_reserve[]: 0 0 62456 62456 62456
[64113.719300] Node 0 Normal free:7200kB min:7424kB low:71376kB high:135328kB reserved_highatomic:0KB active_anon:52137232kB inactive_anon:2198708kB active_file:0kB inactive_file:0kB unevictable:0kB writepending:0kB present:65011712kB managed:63955400kB mlocked:0kB bounce:0kB free_pcp:0kB local_pcp:0kB free_cma:0kB
[64113.719305] lowmem_reserve[]: 0 0 0 0 0
[64113.719308] Node 1 Normal free:54248308kB min:7664kB low:73676kB high:139688kB reserved_highatomic:0KB active_anon:712kB inactive_anon:615892kB active_file:734740kB inactive_file:781132kB unevictable:0kB writepending:0kB present:67108864kB managed:66013928kB mlocked:0kB bounce:0kB free_pcp:2084kB local_pcp:0kB free_cma:0kB
[64113.719313] lowmem_reserve[]: 0 0 0 0 0
[64113.719316] Node 2 Normal free:466136244kB min:61116kB low:587500kB high:1113884kB reserved_highatomic:0KB active_anon:0kB inactive_anon:912kB active_file:49924364kB inactive_file:10300360kB unevictable:0kB writepending:0kB present:526385152kB managed:526385152kB mlocked:0kB bounce:0kB free_pcp:472kB local_pcp:0kB free_cma:0kB
[64113.719322] lowmem_reserve[]: 0 0 0 0 0
[64113.719325] Node 3 Normal free:526384096kB min:61116kB low:587500kB high:1113884kB reserved_highatomic:0KB active_anon:0kB inactive_anon:0kB active_file:0kB inactive_file:0kB unevictable:0kB writepending:0kB present:526385152kB managed:526385152kB mlocked:0kB bounce:0kB free_pcp:0kB local_pcp:0kB free_cma:0kB
[64113.719329] lowmem_reserve[]: 0 0 0 0 0
[64113.719332] Node 0 DMA: 0*4kB 0*8kB 0*16kB 0*32kB 0*64kB 0*128kB 0*256kB 0*512kB 1*1024kB (U) 1*2048kB (M) 2*4096kB (M) = 11264kB
[64113.719340] Node 0 DMA32: 2*4kB (UM) 2*8kB (UM) 1*16kB (M) 1*32kB (U) 3*64kB (U) 3*128kB (U) 0*256kB 1*512kB (U) 1*1024kB (M) 1*2048kB (U) 60*4096kB (M) = 249992kB
[64113.719351] Node 0 Normal: 142*4kB (UME) 103*8kB (UME) 157*16kB (UME) 37*32kB (UME) 25*64kB (UME) 4*128kB (M) 0*256kB 0*512kB 0*1024kB 0*2048kB 0*4096kB = 7200kB
[64113.719361] Node 1 Normal: 1739*4kB (UME) 1461*8kB (UME) 914*16kB (UME) 1398*32kB (UME) 10847*64kB (UME) 8428*128kB (UM) 4941*256kB (UME) 1936*512kB (UM) 488*1024kB (UM) 55*2048kB (UM) 12092*4096kB (M) = 54248308kB
[64113.719372] Node 2 Normal: 208499*4kB (M) 198011*8kB (ME) 210433*16kB (ME) 214020*32kB (UME) 211808*64kB (UME) 201417*128kB (UM) 34902*256kB (UME) 12378*512kB (M) 4266*1024kB (UM) 1053*2048kB (ME) 95793*4096kB (M) = 466136244kB
[64113.719384] Node 3 Normal: 0*4kB 0*8kB 0*16kB 1*32kB (U) 1*64kB (U) 1*128kB (U) 1*256kB (U) 1*512kB (U) 0*1024kB 1*2048kB (U) 128511*4096kB (M) = 526384096kB
[64113.719393] Node 0 hugepages_total=0 hugepages_free=0 hugepages_surp=0 hugepages_size=1048576kB
[64113.719395] Node 0 hugepages_total=0 hugepages_free=0 hugepages_surp=0 hugepages_size=2048kB
[64113.719396] Node 1 hugepages_total=0 hugepages_free=0 hugepages_surp=0 hugepages_size=1048576kB
[64113.719397] Node 1 hugepages_total=0 hugepages_free=0 hugepages_surp=0 hugepages_size=2048kB
[64113.719398] Node 2 hugepages_total=0 hugepages_free=0 hugepages_surp=0 hugepages_size=1048576kB
[64113.719400] Node 2 hugepages_total=0 hugepages_free=0 hugepages_surp=0 hugepages_size=2048kB
[64113.719401] Node 3 hugepages_total=0 hugepages_free=0 hugepages_surp=0 hugepages_size=1048576kB
[64113.719402] Node 3 hugepages_total=0 hugepages_free=0 hugepages_surp=0 hugepages_size=2048kB
[64113.719403] 15436678 total pagecache pages
[64113.719404] 43 pages in swap cache
[64113.719405] Swap cache stats: add 526185, delete 526130, find 931/74688
[64113.719406] Free swap  = 0kB
[64113.719407] Total swap = 2097148kB
[64113.719409] 296605976 pages RAM
[64113.719409] 0 pages HighMem/MovableOnly
[64113.719410] 554517 pages reserved
[64113.719411] 0 pages cma reserved
[64113.719412] 0 pages hwpoisoned
[64114.553695] pagefault_out_of_memory: 1649 callbacks suppressed
[64114.553697] Huh VM_FAULT_OOM leaked out to the #PF handler. Retrying PF
[64114.561659] Huh VM_FAULT_OOM leaked out to the #PF handler. Retrying PF
[64114.562471] Huh VM_FAULT_OOM leaked out to the #PF handler. Retrying PF
[64114.563437] Huh VM_FAULT_OOM leaked out to the #PF handler. Retrying PF
[64114.570815] Huh VM_FAULT_OOM leaked out to the #PF handler. Retrying PF
[64114.575195] Huh VM_FAULT_OOM leaked out to the #PF handler. Retrying PF
[64114.575223] Huh VM_FAULT_OOM leaked out to the #PF handler. Retrying PF
[64114.578126] Huh VM_FAULT_OOM leaked out to the #PF handler. Retrying PF
[64114.578376] Huh VM_FAULT_OOM leaked out to the #PF handler. Retrying PF
[64114.579079] Huh VM_FAULT_OOM leaked out to the #PF handler. Retrying PF
[64119.557142] pagefault_out_of_memory: 1647 callbacks suppressed
[64119.557145] Huh VM_FAULT_OOM leaked out to the #PF handler. Retrying PF
[64119.564276] Huh VM_FAULT_OOM leaked out to the #PF handler. Retrying PF
[64119.565859] Huh VM_FAULT_OOM leaked out to the #PF handler. Retrying PF
[64119.575063] Huh VM_FAULT_OOM leaked out to the #PF handler. Retrying PF
[64119.577027] Huh VM_FAULT_OOM leaked out to the #PF handler. Retrying PF
[64119.584801] Huh VM_FAULT_OOM leaked out to the #PF handler. Retrying PF
[64119.585697] Huh VM_FAULT_OOM leaked out to the #PF handler. Retrying PF
[64119.586190] Huh VM_FAULT_OOM leaked out to the #PF handler. Retrying PF
[64119.586449] Huh VM_FAULT_OOM leaked out to the #PF handler. Retrying PF
[64119.592178] Huh VM_FAULT_OOM leaked out to the #PF handler. Retrying PF
[64123.728832] warn_alloc: 3282 callbacks suppressed
[64123.728834] bfs: page allocation failure: order:0, mode:0x1300dca(GFP_HIGHUSER_MOVABLE|__GFP_ZERO|__GFP_THISNODE), nodemask=(null),cpuset=htmm,mems_allowed=0-3
[64123.728842] CPU: 16 PID: 59274 Comm: bfs Tainted: G      D    OE     5.15.19-htmm #1
[64123.728845] Hardware name: Dell Inc. PowerEdge R750/0K8F35, BIOS 1.10.2 03/03/2023
[64123.728847] Call Trace:
[64123.728848]  <TASK>
[64123.728850]  dump_stack_lvl+0x4a/0x5f
[64123.728853]  dump_stack+0x10/0x12
[64123.728855]  warn_alloc+0x112/0x180
[64123.728859]  ? zone_reclaimable_pages+0x17b/0x190
[64123.728861]  __alloc_pages_slowpath.constprop.119+0xd43/0xd80
[64123.728865]  __alloc_pages+0x2db/0x320
[64123.728868]  alloc_pages_vma+0x26b/0x440
[64123.728870]  __handle_mm_fault+0xa28/0x1310
[64123.728874]  handle_mm_fault+0xd9/0x2b0
[64123.728877]  do_user_addr_fault+0x1e0/0x6f0
[64123.728881]  exc_page_fault+0x76/0x150
[64123.728883]  ? asm_exc_page_fault+0x8/0x30
[64123.728885]  asm_exc_page_fault+0x1e/0x30
[64123.728887] RIP: 0033:0x55fabe203901
[64123.728890] Code: fe 66 0f 6c c9 48 c1 e6 03 44 89 dd 49 8d 1c 32 31 c9 d1 ed 4c 01 c6 31 ff 66 0f 6f 04 0b 83 c7 01 66 0f 73 f0 02 66 0f d4 c1 <0f> 11 04 0e 48 83 c1 10 39 ef 72 e3 44 89 d9 83 e1 fe 01 ca 41 39
[64123.728893] RSP: 002b:00007f9ce1b2ae10 EFLAGS: 00010206
[64123.728896] RAX: 0000000020000000 RBX: 00007faeaff32350 RCX: 00000000000c3cb0
[64123.728898] RDX: 000000001e666668 RSI: 00007f9ddde71350 RDI: 000000000000c3cc
[64123.728899] RBP: 0000000000cccccc R08: 00007f9ceab3e010 R09: 00007f9deab3f010
[64123.728901] R10: 00007fadbcbff010 R11: 0000000001999998 R12: 000055fabe203850
[64123.728903] R13: 00007ffd9315a930 R14: 000055fabf9ad120 R15: 000055fabf9ae7e0
[64123.728905]  </TASK>
[64123.728906] Mem-Info:
[64123.728915] active_anon:13263241 inactive_anon:773198 isolated_anon:0
                active_file:12664843 inactive_file:2770129 isolated_file:0
                unevictable:0 dirty:0 writeback:0
                slab_reclaimable:161400 slab_unreclaimable:145080
                mapped:80174 shmem:1412 pagetables:36340 bounce:0
                kernel_misc_reclaimable:0
                free:261758978 free_pcp:893 free_cma:0
[64123.728921] Node 0 active_anon:53052252kB inactive_anon:2475808kB active_file:268kB inactive_file:0kB unevictable:0kB isolated(anon):0kB isolated(file):0kB mapped:4kB dirty:0kB writeback:0kB shmem:1256kB shmem_thp: 0kB shmem_pmdmapped: 0kB anon_thp: 0kB writeback_tmp:0kB kernel_stack:12408kB pagetables:107424kB all_unreclaimable? yes
[64123.728927] Node 1 active_anon:712kB inactive_anon:616072kB active_file:734740kB inactive_file:781132kB unevictable:0kB isolated(anon):0kB isolated(file):0kB mapped:307740kB dirty:0kB writeback:0kB shmem:4392kB shmem_thp: 0kB shmem_pmdmapped: 0kB anon_thp: 0kB writeback_tmp:0kB kernel_stack:19272kB pagetables:28676kB all_unreclaimable? yes
[64123.728932] Node 2 active_anon:0kB inactive_anon:912kB active_file:49924364kB inactive_file:10300360kB unevictable:0kB isolated(anon):0kB isolated(file):0kB mapped:12952kB dirty:0kB writeback:0kB shmem:0kB shmem_thp: 0kB shmem_pmdmapped: 0kB anon_thp: 0kB writeback_tmp:0kB kernel_stack:304kB pagetables:9260kB all_unreclaimable? yes
[64123.728936] Node 3 active_anon:0kB inactive_anon:0kB active_file:0kB inactive_file:0kB unevictable:0kB isolated(anon):0kB isolated(file):0kB mapped:0kB dirty:0kB writeback:0kB shmem:0kB shmem_thp: 0kB shmem_pmdmapped: 0kB anon_thp: 0kB writeback_tmp:0kB kernel_stack:0kB pagetables:0kB all_unreclaimable? yes
[64123.728941] Node 0 DMA free:11264kB min:0kB low:12kB high:24kB reserved_highatomic:0KB active_anon:0kB inactive_anon:0kB active_file:0kB inactive_file:0kB unevictable:0kB writepending:0kB present:15992kB managed:15360kB mlocked:0kB bounce:0kB free_pcp:0kB local_pcp:0kB free_cma:0kB
[64123.728946] lowmem_reserve[]: 0 1416 63873 63873 63873
[64123.728951] Node 0 DMA32 free:249992kB min:168kB low:1616kB high:3064kB reserved_highatomic:0KB active_anon:915020kB inactive_anon:277100kB active_file:0kB inactive_file:0kB unevictable:0kB writepending:0kB present:1517032kB managed:1450844kB mlocked:0kB bounce:0kB free_pcp:0kB local_pcp:0kB free_cma:0kB
[64123.728955] lowmem_reserve[]: 0 0 62456 62456 62456
[64123.728959] Node 0 Normal free:7200kB min:7424kB low:71376kB high:135328kB reserved_highatomic:0KB active_anon:52137232kB inactive_anon:2198708kB active_file:268kB inactive_file:0kB unevictable:0kB writepending:0kB present:65011712kB managed:63955400kB mlocked:0kB bounce:0kB free_pcp:0kB local_pcp:0kB free_cma:0kB
[64123.728964] lowmem_reserve[]: 0 0 0 0 0
[64123.728967] Node 1 Normal free:54247592kB min:7664kB low:73676kB high:139688kB reserved_highatomic:0KB active_anon:712kB inactive_anon:616072kB active_file:734740kB inactive_file:781132kB unevictable:0kB writepending:0kB present:67108864kB managed:66013928kB mlocked:0kB bounce:0kB free_pcp:2624kB local_pcp:0kB free_cma:0kB
[64123.728972] lowmem_reserve[]: 0 0 0 0 0
