2024年 05月 17日 星期五 12:06:24 CST
pgmigrate_success 18088333
pgmigrate_fail 153402382
pgmigrate_dst_node_full_fail 153326580
pgmigrate_numa_isolate_fail 52
pgmigrate_nomem_fail 2
pgmigrate_refcount_fail 15375
thp_fault_alloc 220442
thp_fault_fallback 0
thp_collapse_alloc 2899
thp_collapse_alloc_failed 788
thp_file_alloc 0
thp_file_mapped 0
thp_split_page 9
thp_split_page_failed 0
thp_deferred_split_page 286780
thp_split_pmd 201
thp_split_pud 0
thp_zero_page_alloc 10
thp_zero_page_alloc_failed 0
thp_swpout 0
thp_swpout_fallback 0
MemTotal:       1093385604 kB
MemFree:        1062069068 kB
MemAvailable:   1059901664 kB
Buffers:            7336 kB
Cached:           331504 kB
SwapCached:            8 kB
Active:           466372 kB
Inactive:         502168 kB
Active(anon):     288488 kB
Inactive(anon):   347344 kB
Active(file):     177884 kB
Inactive(file):   154824 kB
Unevictable:           0 kB
Mlocked:               0 kB
SwapTotal:       2097148 kB
SwapFree:        2094332 kB
Dirty:               220 kB
Writeback:             0 kB
AnonPages:        629972 kB
Mapped:           327972 kB
Shmem:              5756 kB
KReclaimable:     257548 kB
Slab:             655740 kB
SReclaimable:     257548 kB
SUnreclaim:       398192 kB
KernelStack:       33332 kB
PageTables:        28284 kB
NFS_Unstable:          0 kB
Bounce:                0 kB
WritebackTmp:          0 kB
CommitLimit:    548789948 kB
Committed_AS:    6528248 kB
VmallocTotal:   34359738367 kB
VmallocUsed:      158548 kB
VmallocChunk:          0 kB
Percpu:           124544 kB
HardwareCorrupted:     0 kB
AnonHugePages:     28672 kB
ShmemHugePages:        0 kB
ShmemPmdMapped:        0 kB
CmaTotal:              0 kB
CmaFree:               0 kB
HugePages_Total:       0
HugePages_Free:        0
HugePages_Rsvd:        0
HugePages_Surp:        0
Hugepagesize:       2048 kB
Hugetlb:               0 kB
DirectMap4k:      992744 kB
DirectMap2M:     7880704 kB
DirectMap1G:    1180696576 kB
2024年 05月 17日 星期五 12:23:02 CST
pgmigrate_success 19241921
pgmigrate_fail 158565390
pgmigrate_dst_node_full_fail 158479860
pgmigrate_numa_isolate_fail 52
pgmigrate_nomem_fail 2
pgmigrate_refcount_fail 15376
thp_fault_alloc 295980
thp_fault_fallback 0
thp_collapse_alloc 2907
thp_collapse_alloc_failed 788
thp_file_alloc 0
thp_file_mapped 0
thp_split_page 9
thp_split_page_failed 0
thp_deferred_split_page 364581
thp_split_pmd 207
thp_split_pud 0
thp_zero_page_alloc 10
thp_zero_page_alloc_failed 0
thp_swpout 0
thp_swpout_fallback 0
MemTotal:       1093385604 kB
MemFree:        1054605188 kB
MemAvailable:   1058820496 kB
Buffers:           57500 kB
Cached:          7689812 kB
SwapCached:            4 kB
Active:           530480 kB
Inactive:        7844428 kB
Active(anon):     285952 kB
Inactive(anon):   347820 kB
Active(file):     244528 kB
Inactive(file):  7496608 kB
Unevictable:           0 kB
Mlocked:               0 kB
SwapTotal:       2097148 kB
SwapFree:        2094332 kB
Dirty:                16 kB
Writeback:             0 kB
AnonPages:        628300 kB
Mapped:           327432 kB
Shmem:              5756 kB
KReclaimable:     330468 kB
Slab:             729268 kB
SReclaimable:     330468 kB
SUnreclaim:       398800 kB
KernelStack:       33584 kB
PageTables:        28484 kB
NFS_Unstable:          0 kB
Bounce:                0 kB
WritebackTmp:          0 kB
CommitLimit:    548789948 kB
Committed_AS:    6519604 kB
VmallocTotal:   34359738367 kB
VmallocUsed:      158532 kB
VmallocChunk:          0 kB
Percpu:           124544 kB
HardwareCorrupted:     0 kB
AnonHugePages:     28672 kB
ShmemHugePages:        0 kB
ShmemPmdMapped:        0 kB
CmaTotal:              0 kB
CmaFree:               0 kB
HugePages_Total:       0
HugePages_Free:        0
HugePages_Rsvd:        0
HugePages_Surp:        0
Hugepagesize:       2048 kB
Hugetlb:               0 kB
DirectMap4k:      992744 kB
DirectMap2M:     7880704 kB
DirectMap1G:    1180696576 kB
