2024年 06月 05日 星期三 18:41:31 CST
pgmigrate_success 12263746
pgmigrate_fail 282054163
pgmigrate_dst_node_full_fail 282054144
pgmigrate_numa_isolate_fail 56
pgmigrate_nomem_fail 0
pgmigrate_refcount_fail 194
thp_fault_alloc 117129
thp_fault_fallback 0
thp_collapse_alloc 1272
thp_collapse_alloc_failed 0
thp_file_alloc 0
thp_file_mapped 0
thp_split_page 29
thp_split_page_failed 0
thp_deferred_split_page 164689
thp_split_pmd 374
thp_split_pud 0
thp_zero_page_alloc 1
thp_zero_page_alloc_failed 0
thp_swpout 0
thp_swpout_fallback 0
MemTotal:       561495428 kB
MemFree:        542085876 kB
MemAvailable:   541161124 kB
Buffers:            6524 kB
Cached:           586728 kB
SwapCached:            0 kB
Active:          2154632 kB
Inactive:         430440 kB
Active(anon):    1993100 kB
Inactive(anon):    36088 kB
Active(file):     161532 kB
Inactive(file):   394352 kB
Unevictable:          16 kB
Mlocked:              16 kB
SwapTotal:       2097148 kB
SwapFree:        2097148 kB
Dirty:               680 kB
Writeback:             0 kB
AnonPages:       1993300 kB
Mapped:           582568 kB
Shmem:             36124 kB
KReclaimable:     304060 kB
Slab:             772376 kB
SReclaimable:     304060 kB
SUnreclaim:       468316 kB
KernelStack:       41140 kB
PageTables:        61820 kB
NFS_Unstable:          0 kB
Bounce:                0 kB
WritebackTmp:          0 kB
CommitLimit:    282844860 kB
Committed_AS:   11412676 kB
VmallocTotal:   34359738367 kB
VmallocUsed:      166392 kB
VmallocChunk:          0 kB
Percpu:           122752 kB
HardwareCorrupted:     0 kB
AnonHugePages:    745472 kB
ShmemHugePages:        0 kB
ShmemPmdMapped:        0 kB
CmaTotal:              0 kB
CmaFree:               0 kB
HugePages_Total:       0
HugePages_Free:        0
HugePages_Rsvd:        0
HugePages_Surp:        0
Hugepagesize:       2048 kB
Hugetlb:               0 kB
DirectMap4k:     1035752 kB
DirectMap2M:     8886272 kB
DirectMap1G:    653262848 kB
2024年 06月 05日 星期三 18:45:31 CST
pgmigrate_success 15152545
pgmigrate_fail 346235411
pgmigrate_dst_node_full_fail 346234880
pgmigrate_numa_isolate_fail 58
pgmigrate_nomem_fail 0
pgmigrate_refcount_fail 194
thp_fault_alloc 133792
thp_fault_fallback 0
thp_collapse_alloc 1274
thp_collapse_alloc_failed 0
thp_file_alloc 0
thp_file_mapped 0
thp_split_page 29
thp_split_page_failed 0
thp_deferred_split_page 192609
thp_split_pmd 387
thp_split_pud 0
thp_zero_page_alloc 1
thp_zero_page_alloc_failed 0
thp_swpout 0
thp_swpout_fallback 0
MemTotal:       561495428 kB
MemFree:        541807060 kB
MemAvailable:   540958164 kB
Buffers:           72596 kB
Cached:           638976 kB
SwapCached:            0 kB
Active:          2264420 kB
Inactive:         454244 kB
Active(anon):    2007756 kB
Inactive(anon):    36088 kB
Active(file):     256664 kB
Inactive(file):   418156 kB
Unevictable:          16 kB
Mlocked:              16 kB
SwapTotal:       2097148 kB
SwapFree:        2097148 kB
Dirty:              1696 kB
Writeback:             0 kB
AnonPages:       2007952 kB
Mapped:           594244 kB
Shmem:             36124 kB
KReclaimable:     336836 kB
Slab:             805936 kB
SReclaimable:     336836 kB
SUnreclaim:       469100 kB
KernelStack:       41184 kB
PageTables:        62452 kB
NFS_Unstable:          0 kB
Bounce:                0 kB
WritebackTmp:          0 kB
CommitLimit:    282844860 kB
Committed_AS:   11446808 kB
VmallocTotal:   34359738367 kB
VmallocUsed:      166328 kB
VmallocChunk:          0 kB
Percpu:           122752 kB
HardwareCorrupted:     0 kB
AnonHugePages:    796672 kB
ShmemHugePages:        0 kB
ShmemPmdMapped:        0 kB
CmaTotal:              0 kB
CmaFree:               0 kB
HugePages_Total:       0
HugePages_Free:        0
HugePages_Rsvd:        0
HugePages_Surp:        0
Hugepagesize:       2048 kB
Hugetlb:               0 kB
DirectMap4k:     1035752 kB
DirectMap2M:     8886272 kB
DirectMap1G:    653262848 kB
