2024年 06月 30日 星期日 14:25:00 CST
pgmigrate_success 74937
pgmigrate_fail 26
pgmigrate_dst_node_full_fail 0
pgmigrate_numa_isolate_fail 0
pgmigrate_nomem_fail 1
pgmigrate_refcount_fail 0
thp_fault_alloc 16850
thp_fault_fallback 0
thp_collapse_alloc 22
thp_collapse_alloc_failed 0
thp_file_alloc 0
thp_file_mapped 0
thp_split_page 0
thp_split_page_failed 0
thp_deferred_split_page 16848
thp_split_pmd 11
thp_split_pud 0
thp_zero_page_alloc 0
thp_zero_page_alloc_failed 0
thp_swpout 0
thp_swpout_fallback 0
MemTotal:       1123314996 kB
MemFree:        1092568300 kB
MemAvailable:   1090244828 kB
Buffers:            8880 kB
Cached:           437768 kB
SwapCached:          204 kB
Active:           529352 kB
Inactive:         510400 kB
Active(anon):     336568 kB
Inactive(anon):   262972 kB
Active(file):     192784 kB
Inactive(file):   247428 kB
Unevictable:           0 kB
Mlocked:               0 kB
SwapTotal:       2097148 kB
SwapFree:        2096124 kB
Dirty:               372 kB
Writeback:             0 kB
AnonPages:        593420 kB
Mapped:           434736 kB
Shmem:              6024 kB
KReclaimable:     237280 kB
Slab:             602864 kB
SReclaimable:     237280 kB
SUnreclaim:       365584 kB
KernelStack:       33680 kB
PageTables:        27844 kB
NFS_Unstable:          0 kB
Bounce:                0 kB
WritebackTmp:          0 kB
CommitLimit:    563754644 kB
Committed_AS:    6984620 kB
VmallocTotal:   34359738367 kB
VmallocUsed:      161308 kB
VmallocChunk:          0 kB
Percpu:           122304 kB
HardwareCorrupted:     0 kB
AnonHugePages:     18432 kB
ShmemHugePages:        0 kB
ShmemPmdMapped:        0 kB
CmaTotal:              0 kB
CmaFree:               0 kB
HugePages_Total:       0
HugePages_Free:        0
HugePages_Rsvd:        0
HugePages_Surp:        0
Hugepagesize:       2048 kB
Hugetlb:               0 kB
DirectMap4k:     1183204 kB
DirectMap2M:     8738816 kB
DirectMap1G:    1179648000 kB
2024年 06月 30日 星期日 14:25:49 CST
pgmigrate_success 90582
pgmigrate_fail 26
pgmigrate_dst_node_full_fail 18597
pgmigrate_numa_isolate_fail 0
pgmigrate_nomem_fail 1
pgmigrate_refcount_fail 0
thp_fault_alloc 33675
thp_fault_fallback 0
thp_collapse_alloc 24
thp_collapse_alloc_failed 0
thp_file_alloc 0
thp_file_mapped 0
thp_split_page 0
thp_split_page_failed 0
thp_deferred_split_page 33673
thp_split_pmd 15
thp_split_pud 0
thp_zero_page_alloc 0
thp_zero_page_alloc_failed 0
thp_swpout 0
thp_swpout_fallback 0
MemTotal:       1123314996 kB
MemFree:        1070202324 kB
MemAvailable:   1089132104 kB
Buffers:           72476 kB
Cached:         22638684 kB
SwapCached:          244 kB
Active:           528236 kB
Inactive:       22778780 kB
Active(anon):     222964 kB
Inactive(anon):   379616 kB
Active(file):     305272 kB
Inactive(file): 22399164 kB
Unevictable:           0 kB
Mlocked:               0 kB
SwapTotal:       2097148 kB
SwapFree:        2095100 kB
Dirty:                48 kB
Writeback:             0 kB
AnonPages:        596576 kB
Mapped:           432176 kB
Shmem:              6024 kB
KReclaimable:     341968 kB
Slab:             709976 kB
SReclaimable:     341968 kB
SUnreclaim:       368008 kB
KernelStack:       33808 kB
PageTables:        28364 kB
NFS_Unstable:          0 kB
Bounce:                0 kB
WritebackTmp:          0 kB
CommitLimit:    563754644 kB
Committed_AS:    6708852 kB
VmallocTotal:   34359738367 kB
VmallocUsed:      161244 kB
VmallocChunk:          0 kB
Percpu:           122304 kB
HardwareCorrupted:     0 kB
AnonHugePages:     18432 kB
ShmemHugePages:        0 kB
ShmemPmdMapped:        0 kB
CmaTotal:              0 kB
CmaFree:               0 kB
HugePages_Total:       0
HugePages_Free:        0
HugePages_Rsvd:        0
HugePages_Surp:        0
Hugepagesize:       2048 kB
Hugetlb:               0 kB
DirectMap4k:     1183204 kB
DirectMap2M:     8738816 kB
DirectMap1G:    1179648000 kB
