2024年 06月 05日 星期三 18:11:04 CST
pgmigrate_success 10275678
pgmigrate_fail 237959187
pgmigrate_dst_node_full_fail 237959168
pgmigrate_numa_isolate_fail 54
pgmigrate_nomem_fail 0
pgmigrate_refcount_fail 194
thp_fault_alloc 99654
thp_fault_fallback 0
thp_collapse_alloc 1260
thp_collapse_alloc_failed 0
thp_file_alloc 0
thp_file_mapped 0
thp_split_page 28
thp_split_page_failed 0
thp_deferred_split_page 139476
thp_split_pmd 333
thp_split_pud 0
thp_zero_page_alloc 1
thp_zero_page_alloc_failed 0
thp_swpout 0
thp_swpout_fallback 0
MemTotal:       561495428 kB
MemFree:        542105408 kB
MemAvailable:   541179596 kB
Buffers:            7048 kB
Cached:           585908 kB
SwapCached:            0 kB
Active:          2149784 kB
Inactive:         430288 kB
Active(anon):    1988160 kB
Inactive(anon):    36088 kB
Active(file):     161624 kB
Inactive(file):   394200 kB
Unevictable:          16 kB
Mlocked:              16 kB
SwapTotal:       2097148 kB
SwapFree:        2097148 kB
Dirty:               616 kB
Writeback:             0 kB
AnonPages:       1988148 kB
Mapped:           581504 kB
Shmem:             36124 kB
KReclaimable:     302008 kB
Slab:             768508 kB
SReclaimable:     302008 kB
SUnreclaim:       466500 kB
KernelStack:       41140 kB
PageTables:        61732 kB
NFS_Unstable:          0 kB
Bounce:                0 kB
WritebackTmp:          0 kB
CommitLimit:    282844860 kB
Committed_AS:   11548144 kB
VmallocTotal:   34359738367 kB
VmallocUsed:      166392 kB
VmallocChunk:          0 kB
Percpu:           122752 kB
HardwareCorrupted:     0 kB
AnonHugePages:    747520 kB
ShmemHugePages:        0 kB
ShmemPmdMapped:        0 kB
CmaTotal:              0 kB
CmaFree:               0 kB
HugePages_Total:       0
HugePages_Free:        0
HugePages_Rsvd:        0
HugePages_Surp:        0
Hugepagesize:       2048 kB
Hugetlb:               0 kB
DirectMap4k:     1035752 kB
DirectMap2M:     8886272 kB
DirectMap1G:    653262848 kB
2024年 06月 05日 星期三 18:14:05 CST
pgmigrate_success 12258999
pgmigrate_fail 282054163
pgmigrate_dst_node_full_fail 282054144
pgmigrate_numa_isolate_fail 55
pgmigrate_nomem_fail 0
pgmigrate_refcount_fail 194
thp_fault_alloc 116339
thp_fault_fallback 0
thp_collapse_alloc 1260
thp_collapse_alloc_failed 0
thp_file_alloc 0
thp_file_mapped 0
thp_split_page 28
thp_split_page_failed 0
thp_deferred_split_page 163895
thp_split_pmd 353
thp_split_pud 0
thp_zero_page_alloc 1
thp_zero_page_alloc_failed 0
thp_swpout 0
thp_swpout_fallback 0
MemTotal:       561495428 kB
MemFree:        541815424 kB
MemAvailable:   540964308 kB
Buffers:           71972 kB
Cached:           637252 kB
SwapCached:            0 kB
Active:          2261196 kB
Inactive:         453192 kB
Active(anon):    2005828 kB
Inactive(anon):    36088 kB
Active(file):     255368 kB
Inactive(file):   417104 kB
Unevictable:          16 kB
Mlocked:              16 kB
SwapTotal:       2097148 kB
SwapFree:        2097148 kB
Dirty:               696 kB
Writeback:             0 kB
AnonPages:       2006316 kB
Mapped:           592956 kB
Shmem:             36124 kB
KReclaimable:     334748 kB
Slab:             800380 kB
SReclaimable:     334748 kB
SUnreclaim:       465632 kB
KernelStack:       41200 kB
PageTables:        62772 kB
NFS_Unstable:          0 kB
Bounce:                0 kB
WritebackTmp:          0 kB
CommitLimit:    282844860 kB
Committed_AS:   11405268 kB
VmallocTotal:   34359738367 kB
VmallocUsed:      166152 kB
VmallocChunk:          0 kB
Percpu:           122752 kB
HardwareCorrupted:     0 kB
AnonHugePages:    983040 kB
ShmemHugePages:        0 kB
ShmemPmdMapped:        0 kB
CmaTotal:              0 kB
CmaFree:               0 kB
HugePages_Total:       0
HugePages_Free:        0
HugePages_Rsvd:        0
HugePages_Surp:        0
Hugepagesize:       2048 kB
Hugetlb:               0 kB
DirectMap4k:     1035752 kB
DirectMap2M:     8886272 kB
DirectMap1G:    653262848 kB
