2024年 05月 15日 星期三 21:35:51 CST
pgmigrate_success 1057553
pgmigrate_fail 1178114
pgmigrate_dst_node_full_fail 1175854
pgmigrate_numa_isolate_fail 10
pgmigrate_nomem_fail 1
pgmigrate_refcount_fail 10
thp_fault_alloc 10943
thp_fault_fallback 0
thp_collapse_alloc 19
thp_collapse_alloc_failed 0
thp_file_alloc 0
thp_file_mapped 0
thp_split_page 0
thp_split_page_failed 0
thp_deferred_split_page 13330
thp_split_pmd 2
thp_split_pud 0
thp_zero_page_alloc 0
thp_zero_page_alloc_failed 0
thp_swpout 0
thp_swpout_fallback 0
MemTotal:       1084304772 kB
MemFree:        1053312008 kB
MemAvailable:   1051234308 kB
Buffers:            5384 kB
Cached:           398792 kB
SwapCached:           32 kB
Active:           462640 kB
Inactive:         533092 kB
Active(anon):     293520 kB
Inactive(anon):   304548 kB
Active(file):     169120 kB
Inactive(file):   228544 kB
Unevictable:           0 kB
Mlocked:               0 kB
SwapTotal:       2097148 kB
SwapFree:        2096636 kB
Dirty:               660 kB
Writeback:             0 kB
AnonPages:        592964 kB
Mapped:           394584 kB
Shmem:              5768 kB
KReclaimable:     264740 kB
Slab:             644376 kB
SReclaimable:     264740 kB
SUnreclaim:       379636 kB
KernelStack:       33252 kB
PageTables:        27900 kB
NFS_Unstable:          0 kB
Bounce:                0 kB
WritebackTmp:          0 kB
CommitLimit:    544249532 kB
Committed_AS:    6350612 kB
VmallocTotal:   34359738367 kB
VmallocUsed:      104788 kB
VmallocChunk:          0 kB
Percpu:           123648 kB
HardwareCorrupted:     0 kB
AnonHugePages:     14336 kB
ShmemHugePages:        0 kB
ShmemPmdMapped:        0 kB
CmaTotal:              0 kB
CmaFree:               0 kB
HugePages_Total:       0
HugePages_Free:        0
HugePages_Rsvd:        0
HugePages_Surp:        0
Hugepagesize:       2048 kB
Hugetlb:               0 kB
DirectMap4k:      867816 kB
DirectMap2M:     8005632 kB
DirectMap1G:    1180696576 kB
2024年 05月 15日 星期三 21:40:10 CST
pgmigrate_success 2030156
pgmigrate_fail 2353666
pgmigrate_dst_node_full_fail 2350806
pgmigrate_numa_isolate_fail 25
pgmigrate_nomem_fail 1
pgmigrate_refcount_fail 10
thp_fault_alloc 21894
thp_fault_fallback 0
thp_collapse_alloc 25
thp_collapse_alloc_failed 0
thp_file_alloc 0
thp_file_mapped 0
thp_split_page 0
thp_split_page_failed 0
thp_deferred_split_page 26546
thp_split_pmd 13
thp_split_pud 0
thp_zero_page_alloc 0
thp_zero_page_alloc_failed 0
thp_swpout 0
thp_swpout_fallback 0
MemTotal:       1084304772 kB
MemFree:        1046726040 kB
MemAvailable:   1050075528 kB
Buffers:           53592 kB
Cached:          6784976 kB
SwapCached:           40 kB
Active:           526228 kB
Inactive:        6907896 kB
Active(anon):     295332 kB
Inactive(anon):   305956 kB
Active(file):     230896 kB
Inactive(file):  6601940 kB
Unevictable:           0 kB
Mlocked:               0 kB
SwapTotal:       2097148 kB
SwapFree:        2095868 kB
Dirty:                 0 kB
Writeback:             0 kB
AnonPages:        596288 kB
Mapped:           368432 kB
Shmem:              5768 kB
KReclaimable:     290008 kB
Slab:             670348 kB
SReclaimable:     290008 kB
SUnreclaim:       380340 kB
KernelStack:       33440 kB
PageTables:        28416 kB
NFS_Unstable:          0 kB
Bounce:                0 kB
WritebackTmp:          0 kB
CommitLimit:    544249532 kB
Committed_AS:    6357388 kB
VmallocTotal:   34359738367 kB
VmallocUsed:      104804 kB
VmallocChunk:          0 kB
Percpu:           123648 kB
HardwareCorrupted:     0 kB
AnonHugePages:    208896 kB
ShmemHugePages:        0 kB
ShmemPmdMapped:        0 kB
CmaTotal:              0 kB
CmaFree:               0 kB
HugePages_Total:       0
HugePages_Free:        0
HugePages_Rsvd:        0
HugePages_Surp:        0
Hugepagesize:       2048 kB
Hugetlb:               0 kB
DirectMap4k:      867816 kB
DirectMap2M:     8005632 kB
DirectMap1G:    1180696576 kB
