[    0.000000] Linux version 5.3.1-multiclock (xmu@xmu-PowerEdge-R750) (gcc version 7.5.0 (Ubuntu 7.5.0-3ubuntu1~18.04)) #1 SMP Wed Aug 9 20:46:02 CST 2023
[    0.000000] Command line: BOOT_IMAGE=/boot/vmlinuz-5.3.1-multiclock root=UUID=ce0c24b8-724b-4f33-9b2c-618433560aef ro memmap=30G!34G quiet splash nomodeset vt.handoff=1
[    0.000000] KERNEL supported cpus:
[    0.000000]   Intel GenuineIntel
[    0.000000]   AMD AuthenticAMD
[    0.000000]   Hygon HygonGenuine
[    0.000000]   Centaur CentaurHauls
[    0.000000]   zhaoxin   Shanghai  
[    0.000000] x86/fpu: Supporting XSAVE feature 0x001: 'x87 floating point registers'
[    0.000000] x86/fpu: Supporting XSAVE feature 0x002: 'SSE registers'
[    0.000000] x86/fpu: Supporting XSAVE feature 0x004: 'AVX registers'
[    0.000000] x86/fpu: Supporting XSAVE feature 0x020: 'AVX-512 opmask'
[    0.000000] x86/fpu: Supporting XSAVE feature 0x040: 'AVX-512 Hi256'
[    0.000000] x86/fpu: Supporting XSAVE feature 0x080: 'AVX-512 ZMM_Hi256'
[    0.000000] x86/fpu: Supporting XSAVE feature 0x200: 'Protection Keys User registers'
[    0.000000] x86/fpu: xstate_offset[2]:  576, xstate_sizes[2]:  256
[    0.000000] x86/fpu: xstate_offset[5]:  832, xstate_sizes[5]:   64
[    0.000000] x86/fpu: xstate_offset[6]:  896, xstate_sizes[6]:  512
[    0.000000] x86/fpu: xstate_offset[7]: 1408, xstate_sizes[7]: 1024
[    0.000000] x86/fpu: xstate_offset[9]: 2432, xstate_sizes[9]:    8
[    0.000000] x86/fpu: Enabled xstate features 0x2e7, context size is 2440 bytes, using 'compacted' format.
[    0.000000] BIOS-provided physical RAM map:
[    0.000000] BIOS-e820: [mem 0x0000000000000000-0x000000000008efff] usable
[    0.000000] BIOS-e820: [mem 0x000000000008f000-0x000000000008ffff] reserved
[    0.000000] BIOS-e820: [mem 0x0000000000090000-0x000000000009ffff] usable
[    0.000000] BIOS-e820: [mem 0x00000000000a0000-0x00000000000fffff] reserved
[    0.000000] BIOS-e820: [mem 0x0000000000100000-0x0000000049e76fff] usable
[    0.000000] BIOS-e820: [mem 0x0000000049e77000-0x000000004ae76fff] ACPI NVS
[    0.000000] BIOS-e820: [mem 0x000000004ae77000-0x000000004b2cefff] usable
[    0.000000] BIOS-e820: [mem 0x000000004b2cf000-0x000000004b54dfff] ACPI data
[    0.000000] BIOS-e820: [mem 0x000000004b54e000-0x000000004bd93fff] usable
[    0.000000] BIOS-e820: [mem 0x000000004bd94000-0x000000004be99fff] reserved
[    0.000000] BIOS-e820: [mem 0x000000004be9a000-0x000000004cdfffff] usable
[    0.000000] BIOS-e820: [mem 0x000000004ce00000-0x000000004cffffff] reserved
[    0.000000] BIOS-e820: [mem 0x000000004d000000-0x000000005eefdfff] usable
[    0.000000] BIOS-e820: [mem 0x000000005eefe000-0x000000006e3fefff] reserved
[    0.000000] BIOS-e820: [mem 0x000000006e3ff000-0x000000006f3fefff] ACPI NVS
[    0.000000] BIOS-e820: [mem 0x000000006f3ff000-0x000000006f7fefff] ACPI data
[    0.000000] BIOS-e820: [mem 0x000000006f7ff000-0x000000006f7fffff] usable
[    0.000000] BIOS-e820: [mem 0x000000006f800000-0x000000008fffffff] reserved
[    0.000000] BIOS-e820: [mem 0x00000000fe000000-0x00000000fe010fff] reserved
[    0.000000] BIOS-e820: [mem 0x0000000100000000-0x000000207fffffff] usable
[    0.000000] BIOS-e820: [mem 0x0000002080000000-0x0000011c7fffffff] persistent (type 7)
[    0.000000] BIOS-e820: [mem 0x00001ffc00000000-0x00001fffffffffff] reserved
[    0.000000] NX (Execute Disable) protection: active
[    0.000000] e820: update [mem 0x47c45020-0x47c4d05f] usable ==> usable
[    0.000000] e820: update [mem 0x47c45020-0x47c4d05f] usable ==> usable
[    0.000000] e820: update [mem 0x47c12020-0x47c44c5f] usable ==> usable
[    0.000000] e820: update [mem 0x47c12020-0x47c44c5f] usable ==> usable
[    0.000000] e820: update [mem 0x47bdf020-0x47c11c5f] usable ==> usable
[    0.000000] e820: update [mem 0x47bdf020-0x47c11c5f] usable ==> usable
[    0.000000] e820: update [mem 0x47bad020-0x47bdea5f] usable ==> usable
[    0.000000] e820: update [mem 0x47bad020-0x47bdea5f] usable ==> usable
[    0.000000] extended physical RAM map:
[    0.000000] reserve setup_data: [mem 0x0000000000000000-0x000000000008efff] usable
[    0.000000] reserve setup_data: [mem 0x000000000008f000-0x000000000008ffff] reserved
[    0.000000] reserve setup_data: [mem 0x0000000000090000-0x000000000009ffff] usable
[    0.000000] reserve setup_data: [mem 0x00000000000a0000-0x00000000000fffff] reserved
[    0.000000] reserve setup_data: [mem 0x0000000000100000-0x0000000047bad01f] usable
[    0.000000] reserve setup_data: [mem 0x0000000047bad020-0x0000000047bdea5f] usable
[    0.000000] reserve setup_data: [mem 0x0000000047bdea60-0x0000000047bdf01f] usable
[    0.000000] reserve setup_data: [mem 0x0000000047bdf020-0x0000000047c11c5f] usable
[    0.000000] reserve setup_data: [mem 0x0000000047c11c60-0x0000000047c1201f] usable
[    0.000000] reserve setup_data: [mem 0x0000000047c12020-0x0000000047c44c5f] usable
[    0.000000] reserve setup_data: [mem 0x0000000047c44c60-0x0000000047c4501f] usable
[    0.000000] reserve setup_data: [mem 0x0000000047c45020-0x0000000047c4d05f] usable
[    0.000000] reserve setup_data: [mem 0x0000000047c4d060-0x0000000049e76fff] usable
[    0.000000] reserve setup_data: [mem 0x0000000049e77000-0x000000004ae76fff] ACPI NVS
[    0.000000] reserve setup_data: [mem 0x000000004ae77000-0x000000004b2cefff] usable
[    0.000000] reserve setup_data: [mem 0x000000004b2cf000-0x000000004b54dfff] ACPI data
[    0.000000] reserve setup_data: [mem 0x000000004b54e000-0x000000004bd93fff] usable
[    0.000000] reserve setup_data: [mem 0x000000004bd94000-0x000000004be99fff] reserved
[    0.000000] reserve setup_data: [mem 0x000000004be9a000-0x000000004cdfffff] usable
[    0.000000] reserve setup_data: [mem 0x000000004ce00000-0x000000004cffffff] reserved
[    0.000000] reserve setup_data: [mem 0x000000004d000000-0x000000005eefdfff] usable
[    0.000000] reserve setup_data: [mem 0x000000005eefe000-0x000000006e3fefff] reserved
[    0.000000] reserve setup_data: [mem 0x000000006e3ff000-0x000000006f3fefff] ACPI NVS
[    0.000000] reserve setup_data: [mem 0x000000006f3ff000-0x000000006f7fefff] ACPI data
[    0.000000] reserve setup_data: [mem 0x000000006f7ff000-0x000000006f7fffff] usable
[    0.000000] reserve setup_data: [mem 0x000000006f800000-0x000000008fffffff] reserved
[    0.000000] reserve setup_data: [mem 0x00000000fe000000-0x00000000fe010fff] reserved
[    0.000000] reserve setup_data: [mem 0x0000000100000000-0x000000087fffffff] usable
[    0.000000] reserve setup_data: [mem 0x0000000880000000-0x0000000fffffffff] persistent (type 12)
[    0.000000] reserve setup_data: [mem 0x0000001000000000-0x000000207fffffff] usable
[    0.000000] reserve setup_data: [mem 0x0000002080000000-0x0000011c7fffffff] persistent (type 7)
[    0.000000] reserve setup_data: [mem 0x00001ffc00000000-0x00001fffffffffff] reserved
[    0.000000] user-defined physical RAM map:
[    0.000000] user: [mem 0x0000000000000000-0x000000000008efff] usable
[    0.000000] user: [mem 0x000000000008f000-0x000000000008ffff] reserved
[    0.000000] user: [mem 0x0000000000090000-0x000000000009ffff] usable
[    0.000000] user: [mem 0x00000000000a0000-0x00000000000fffff] reserved
[    0.000000] user: [mem 0x0000000000100000-0x0000000047bad01f] usable
[    0.000000] user: [mem 0x0000000047bad020-0x0000000047bdea5f] usable
[    0.000000] user: [mem 0x0000000047bdea60-0x0000000047bdf01f] usable
[    0.000000] user: [mem 0x0000000047bdf020-0x0000000047c11c5f] usable
[    0.000000] user: [mem 0x0000000047c11c60-0x0000000047c1201f] usable
[    0.000000] user: [mem 0x0000000047c12020-0x0000000047c44c5f] usable
[    0.000000] user: [mem 0x0000000047c44c60-0x0000000047c4501f] usable
[    0.000000] user: [mem 0x0000000047c45020-0x0000000047c4d05f] usable
[    0.000000] user: [mem 0x0000000047c4d060-0x0000000049e76fff] usable
[    0.000000] user: [mem 0x0000000049e77000-0x000000004ae76fff] ACPI NVS
[    0.000000] user: [mem 0x000000004ae77000-0x000000004b2cefff] usable
[    0.000000] user: [mem 0x000000004b2cf000-0x000000004b54dfff] ACPI data
[    0.000000] user: [mem 0x000000004b54e000-0x000000004bd93fff] usable
[    0.000000] user: [mem 0x000000004bd94000-0x000000004be99fff] reserved
[    0.000000] user: [mem 0x000000004be9a000-0x000000004cdfffff] usable
[    0.000000] user: [mem 0x000000004ce00000-0x000000004cffffff] reserved
[    0.000000] user: [mem 0x000000004d000000-0x000000005eefdfff] usable
[    0.000000] user: [mem 0x000000005eefe000-0x000000006e3fefff] reserved
[    0.000000] user: [mem 0x000000006e3ff000-0x000000006f3fefff] ACPI NVS
[    0.000000] user: [mem 0x000000006f3ff000-0x000000006f7fefff] ACPI data
[    0.000000] user: [mem 0x000000006f7ff000-0x000000006f7fffff] usable
[    0.000000] user: [mem 0x000000006f800000-0x000000008fffffff] reserved
[    0.000000] user: [mem 0x00000000fe000000-0x00000000fe010fff] reserved
[    0.000000] user: [mem 0x0000000100000000-0x000000087fffffff] usable
[    0.000000] user: [mem 0x0000000880000000-0x0000000fffffffff] persistent (type 12)
[    0.000000] user: [mem 0x0000001000000000-0x000000207fffffff] usable
[    0.000000] user: [mem 0x0000002080000000-0x0000011c7fffffff] persistent (type 7)
[    0.000000] user: [mem 0x00001ffc00000000-0x00001fffffffffff] reserved
[    0.000000] efi: EFI v2.70 by Dell Inc.
[    0.000000] efi:  ACPI=0x6f7fe000  ACPI 2.0=0x6f7fe014  MEMATTR=0x5a215220  SMBIOS=0x69526000  SMBIOS 3.0=0x69524000 
[    0.000000] SMBIOS 3.3.0 present.
[    0.000000] DMI: Dell Inc. PowerEdge R750/0K8F35, BIOS 1.10.2 03/03/2023
[    0.000000] tsc: Detected 2000.000 MHz processor
[    0.000008] e820: update [mem 0x00000000-0x00000fff] usable ==> reserved
[    0.000009] e820: remove [mem 0x000a0000-0x000fffff] usable
[    0.000016] last_pfn = 0x2080000 max_arch_pfn = 0x400000000
[    0.000020] MTRR default type: uncachable
[    0.000020] MTRR fixed ranges enabled:
[    0.000021]   00000-9FFFF write-back
[    0.000022]   A0000-BFFFF uncachable
[    0.000022]   C0000-FFFFF write-protect
[    0.000023] MTRR variable ranges enabled:
[    0.000024]   0 base 000000000000 mask 3E0000000000 write-back
[    0.000025]   1 base 000080000000 mask 3FFF80000000 uncachable
[    0.000026]   2 base 00007F000000 mask 3FFFFF000000 uncachable
[    0.000026]   3 disabled
[    0.000026]   4 disabled
[    0.000027]   5 disabled
[    0.000027]   6 disabled
[    0.000027]   7 disabled
[    0.000028]   8 disabled
[    0.000028]   9 disabled
[    0.000775] x86/PAT: Configuration [0-7]: WB  WC  UC- UC  WB  WP  UC- WT  
[    0.001829] total RAM covered: 2095088M
[    0.001913]  gran_size: 64K 	chunk_size: 64K 	num_reg: 10  	lose cover RAM: 2016G
[    0.001914]  gran_size: 64K 	chunk_size: 128K 	num_reg: 10  	lose cover RAM: 2016G
[    0.001915]  gran_size: 64K 	chunk_size: 256K 	num_reg: 10  	lose cover RAM: 2016G
[    0.001915]  gran_size: 64K 	chunk_size: 512K 	num_reg: 10  	lose cover RAM: 2016G
[    0.001916]  gran_size: 64K 	chunk_size: 1M 	num_reg: 10  	lose cover RAM: 2016G
[    0.001917]  gran_size: 64K 	chunk_size: 2M 	num_reg: 10  	lose cover RAM: 2016G
[    0.001917]  gran_size: 64K 	chunk_size: 4M 	num_reg: 10  	lose cover RAM: 2016G
[    0.001918]  gran_size: 64K 	chunk_size: 8M 	num_reg: 10  	lose cover RAM: 2016G
[    0.001919]  gran_size: 64K 	chunk_size: 16M 	num_reg: 10  	lose cover RAM: 2016G
[    0.001919]  gran_size: 64K 	chunk_size: 32M 	num_reg: 10  	lose cover RAM: 1024G
[    0.001920]  gran_size: 64K 	chunk_size: 64M 	num_reg: 10  	lose cover RAM: 1024G
[    0.001921]  gran_size: 64K 	chunk_size: 128M 	num_reg: 10  	lose cover RAM: 1024G
[    0.001921]  gran_size: 64K 	chunk_size: 256M 	num_reg: 10  	lose cover RAM: 1024G
[    0.001922]  gran_size: 64K 	chunk_size: 512M 	num_reg: 10  	lose cover RAM: 1024G
[    0.001923]  gran_size: 64K 	chunk_size: 1G 	num_reg: 10  	lose cover RAM: 1024G
[    0.001924]  gran_size: 64K 	chunk_size: 2G 	num_reg: 10  	lose cover RAM: 1024G
[    0.001924]  gran_size: 128K 	chunk_size: 128K 	num_reg: 10  	lose cover RAM: 2016G
[    0.001925]  gran_size: 128K 	chunk_size: 256K 	num_reg: 10  	lose cover RAM: 2016G
[    0.001926]  gran_size: 128K 	chunk_size: 512K 	num_reg: 10  	lose cover RAM: 2016G
[    0.001926]  gran_size: 128K 	chunk_size: 1M 	num_reg: 10  	lose cover RAM: 2016G
[    0.001927]  gran_size: 128K 	chunk_size: 2M 	num_reg: 10  	lose cover RAM: 2016G
[    0.001928]  gran_size: 128K 	chunk_size: 4M 	num_reg: 10  	lose cover RAM: 2016G
[    0.001928]  gran_size: 128K 	chunk_size: 8M 	num_reg: 10  	lose cover RAM: 2016G
[    0.001929]  gran_size: 128K 	chunk_size: 16M 	num_reg: 10  	lose cover RAM: 2016G
[    0.001930]  gran_size: 128K 	chunk_size: 32M 	num_reg: 10  	lose cover RAM: 1024G
[    0.001930]  gran_size: 128K 	chunk_size: 64M 	num_reg: 10  	lose cover RAM: 1024G
[    0.001931]  gran_size: 128K 	chunk_size: 128M 	num_reg: 10  	lose cover RAM: 1024G
[    0.001932]  gran_size: 128K 	chunk_size: 256M 	num_reg: 10  	lose cover RAM: 1024G
[    0.001932]  gran_size: 128K 	chunk_size: 512M 	num_reg: 10  	lose cover RAM: 1024G
[    0.001933]  gran_size: 128K 	chunk_size: 1G 	num_reg: 10  	lose cover RAM: 1024G
[    0.001934]  gran_size: 128K 	chunk_size: 2G 	num_reg: 10  	lose cover RAM: 1024G
[    0.001935]  gran_size: 256K 	chunk_size: 256K 	num_reg: 10  	lose cover RAM: 2016G
[    0.001935]  gran_size: 256K 	chunk_size: 512K 	num_reg: 10  	lose cover RAM: 2016G
[    0.001936]  gran_size: 256K 	chunk_size: 1M 	num_reg: 10  	lose cover RAM: 2016G
[    0.001937]  gran_size: 256K 	chunk_size: 2M 	num_reg: 10  	lose cover RAM: 2016G
[    0.001937]  gran_size: 256K 	chunk_size: 4M 	num_reg: 10  	lose cover RAM: 2016G
[    0.001938]  gran_size: 256K 	chunk_size: 8M 	num_reg: 10  	lose cover RAM: 2016G
[    0.001939]  gran_size: 256K 	chunk_size: 16M 	num_reg: 10  	lose cover RAM: 2016G
[    0.001939]  gran_size: 256K 	chunk_size: 32M 	num_reg: 10  	lose cover RAM: 1024G
[    0.001940]  gran_size: 256K 	chunk_size: 64M 	num_reg: 10  	lose cover RAM: 1024G
[    0.001941]  gran_size: 256K 	chunk_size: 128M 	num_reg: 10  	lose cover RAM: 1024G
[    0.001941]  gran_size: 256K 	chunk_size: 256M 	num_reg: 10  	lose cover RAM: 1024G
[    0.001942]  gran_size: 256K 	chunk_size: 512M 	num_reg: 10  	lose cover RAM: 1024G
[    0.001943]  gran_size: 256K 	chunk_size: 1G 	num_reg: 10  	lose cover RAM: 1024G
[    0.001944]  gran_size: 256K 	chunk_size: 2G 	num_reg: 10  	lose cover RAM: 1024G
[    0.001944]  gran_size: 512K 	chunk_size: 512K 	num_reg: 10  	lose cover RAM: 2016G
[    0.001945]  gran_size: 512K 	chunk_size: 1M 	num_reg: 10  	lose cover RAM: 2016G
[    0.001946]  gran_size: 512K 	chunk_size: 2M 	num_reg: 10  	lose cover RAM: 2016G
[    0.001946]  gran_size: 512K 	chunk_size: 4M 	num_reg: 10  	lose cover RAM: 2016G
[    0.001947]  gran_size: 512K 	chunk_size: 8M 	num_reg: 10  	lose cover RAM: 2016G
[    0.001948]  gran_size: 512K 	chunk_size: 16M 	num_reg: 10  	lose cover RAM: 2016G
[    0.001948]  gran_size: 512K 	chunk_size: 32M 	num_reg: 10  	lose cover RAM: 1024G
[    0.001949]  gran_size: 512K 	chunk_size: 64M 	num_reg: 10  	lose cover RAM: 1024G
[    0.001950]  gran_size: 512K 	chunk_size: 128M 	num_reg: 10  	lose cover RAM: 1024G
[    0.001950]  gran_size: 512K 	chunk_size: 256M 	num_reg: 10  	lose cover RAM: 1024G
[    0.001951]  gran_size: 512K 	chunk_size: 512M 	num_reg: 10  	lose cover RAM: 1024G
[    0.001952]  gran_size: 512K 	chunk_size: 1G 	num_reg: 10  	lose cover RAM: 1024G
[    0.001952]  gran_size: 512K 	chunk_size: 2G 	num_reg: 10  	lose cover RAM: 1024G
[    0.001953]  gran_size: 1M 	chunk_size: 1M 	num_reg: 10  	lose cover RAM: 2016G
[    0.001954]  gran_size: 1M 	chunk_size: 2M 	num_reg: 10  	lose cover RAM: 2016G
[    0.001954]  gran_size: 1M 	chunk_size: 4M 	num_reg: 10  	lose cover RAM: 2016G
[    0.001955]  gran_size: 1M 	chunk_size: 8M 	num_reg: 10  	lose cover RAM: 2016G
[    0.001956]  gran_size: 1M 	chunk_size: 16M 	num_reg: 10  	lose cover RAM: 2016G
[    0.001957]  gran_size: 1M 	chunk_size: 32M 	num_reg: 10  	lose cover RAM: 1024G
[    0.001957]  gran_size: 1M 	chunk_size: 64M 	num_reg: 10  	lose cover RAM: 1024G
[    0.001958]  gran_size: 1M 	chunk_size: 128M 	num_reg: 10  	lose cover RAM: 1024G
[    0.001959]  gran_size: 1M 	chunk_size: 256M 	num_reg: 10  	lose cover RAM: 1024G
[    0.001959]  gran_size: 1M 	chunk_size: 512M 	num_reg: 10  	lose cover RAM: 1024G
[    0.001960]  gran_size: 1M 	chunk_size: 1G 	num_reg: 10  	lose cover RAM: 1024G
[    0.001961]  gran_size: 1M 	chunk_size: 2G 	num_reg: 10  	lose cover RAM: 1024G
[    0.001961]  gran_size: 2M 	chunk_size: 2M 	num_reg: 10  	lose cover RAM: 2016G
[    0.001962]  gran_size: 2M 	chunk_size: 4M 	num_reg: 10  	lose cover RAM: 2016G
[    0.001963]  gran_size: 2M 	chunk_size: 8M 	num_reg: 10  	lose cover RAM: 2016G
[    0.001963]  gran_size: 2M 	chunk_size: 16M 	num_reg: 10  	lose cover RAM: 2016G
[    0.001964]  gran_size: 2M 	chunk_size: 32M 	num_reg: 10  	lose cover RAM: 1024G
[    0.001965]  gran_size: 2M 	chunk_size: 64M 	num_reg: 10  	lose cover RAM: 1024G
[    0.001965]  gran_size: 2M 	chunk_size: 128M 	num_reg: 10  	lose cover RAM: 1024G
[    0.001966]  gran_size: 2M 	chunk_size: 256M 	num_reg: 10  	lose cover RAM: 1024G
[    0.001967]  gran_size: 2M 	chunk_size: 512M 	num_reg: 10  	lose cover RAM: 1024G
[    0.001967]  gran_size: 2M 	chunk_size: 1G 	num_reg: 10  	lose cover RAM: 1024G
[    0.001968]  gran_size: 2M 	chunk_size: 2G 	num_reg: 10  	lose cover RAM: 1024G
[    0.001969]  gran_size: 4M 	chunk_size: 4M 	num_reg: 10  	lose cover RAM: 2016G
[    0.001969]  gran_size: 4M 	chunk_size: 8M 	num_reg: 10  	lose cover RAM: 2016G
[    0.001970]  gran_size: 4M 	chunk_size: 16M 	num_reg: 10  	lose cover RAM: 2016G
[    0.001971]  gran_size: 4M 	chunk_size: 32M 	num_reg: 10  	lose cover RAM: 1024G
[    0.001971]  gran_size: 4M 	chunk_size: 64M 	num_reg: 10  	lose cover RAM: 1024G
[    0.001972]  gran_size: 4M 	chunk_size: 128M 	num_reg: 10  	lose cover RAM: 1024G
[    0.001973]  gran_size: 4M 	chunk_size: 256M 	num_reg: 10  	lose cover RAM: 1024G
[    0.001973]  gran_size: 4M 	chunk_size: 512M 	num_reg: 10  	lose cover RAM: 1024G
[    0.001974]  gran_size: 4M 	chunk_size: 1G 	num_reg: 10  	lose cover RAM: 1024G
[    0.001975]  gran_size: 4M 	chunk_size: 2G 	num_reg: 10  	lose cover RAM: 1024G
[    0.001975]  gran_size: 8M 	chunk_size: 8M 	num_reg: 10  	lose cover RAM: 2016G
[    0.001976]  gran_size: 8M 	chunk_size: 16M 	num_reg: 10  	lose cover RAM: 2016G
[    0.001977]  gran_size: 8M 	chunk_size: 32M 	num_reg: 10  	lose cover RAM: 1024G
[    0.001978]  gran_size: 8M 	chunk_size: 64M 	num_reg: 10  	lose cover RAM: 1024G
[    0.001978]  gran_size: 8M 	chunk_size: 128M 	num_reg: 10  	lose cover RAM: 1024G
[    0.001979]  gran_size: 8M 	chunk_size: 256M 	num_reg: 10  	lose cover RAM: 1024G
[    0.001980]  gran_size: 8M 	chunk_size: 512M 	num_reg: 10  	lose cover RAM: 1024G
[    0.001980]  gran_size: 8M 	chunk_size: 1G 	num_reg: 10  	lose cover RAM: 1024G
[    0.001981]  gran_size: 8M 	chunk_size: 2G 	num_reg: 10  	lose cover RAM: 1024G
[    0.001982]  gran_size: 16M 	chunk_size: 16M 	num_reg: 10  	lose cover RAM: 2016G
[    0.001982]  gran_size: 16M 	chunk_size: 32M 	num_reg: 10  	lose cover RAM: 1024G
[    0.001983]  gran_size: 16M 	chunk_size: 64M 	num_reg: 10  	lose cover RAM: 1024G
[    0.001984]  gran_size: 16M 	chunk_size: 128M 	num_reg: 10  	lose cover RAM: 1024G
[    0.001984]  gran_size: 16M 	chunk_size: 256M 	num_reg: 10  	lose cover RAM: 1024G
[    0.001985]  gran_size: 16M 	chunk_size: 512M 	num_reg: 10  	lose cover RAM: 1024G
[    0.001986]  gran_size: 16M 	chunk_size: 1G 	num_reg: 10  	lose cover RAM: 1024G
[    0.001986]  gran_size: 16M 	chunk_size: 2G 	num_reg: 10  	lose cover RAM: 1024G
[    0.001987]  gran_size: 32M 	chunk_size: 32M 	num_reg: 10  	lose cover RAM: 2031632M
[    0.001988]  gran_size: 32M 	chunk_size: 64M 	num_reg: 10  	lose cover RAM: 1048592M
[    0.001989]  gran_size: 32M 	chunk_size: 128M 	num_reg: 10  	lose cover RAM: 1048592M
[    0.001989]  gran_size: 32M 	chunk_size: 256M 	num_reg: 10  	lose cover RAM: 1048592M
[    0.001990]  gran_size: 32M 	chunk_size: 512M 	num_reg: 10  	lose cover RAM: 1048592M
[    0.001991]  gran_size: 32M 	chunk_size: 1G 	num_reg: 10  	lose cover RAM: 1048592M
[    0.001991]  gran_size: 32M 	chunk_size: 2G 	num_reg: 10  	lose cover RAM: 1048592M
[    0.001992]  gran_size: 64M 	chunk_size: 64M 	num_reg: 10  	lose cover RAM: 1966128M
[    0.001993]  gran_size: 64M 	chunk_size: 128M 	num_reg: 10  	lose cover RAM: 1048624M
[    0.001994]  gran_size: 64M 	chunk_size: 256M 	num_reg: 10  	lose cover RAM: 1048624M
[    0.001994]  gran_size: 64M 	chunk_size: 512M 	num_reg: 10  	lose cover RAM: 1048624M
[    0.001995]  gran_size: 64M 	chunk_size: 1G 	num_reg: 10  	lose cover RAM: 1048624M
[    0.001996]  gran_size: 64M 	chunk_size: 2G 	num_reg: 10  	lose cover RAM: 1048624M
[    0.001996]  gran_size: 128M 	chunk_size: 128M 	num_reg: 10  	lose cover RAM: 1835120M
[    0.001997]  gran_size: 128M 	chunk_size: 256M 	num_reg: 10  	lose cover RAM: 1048688M
[    0.001998]  gran_size: 128M 	chunk_size: 512M 	num_reg: 10  	lose cover RAM: 1048688M
[    0.001998]  gran_size: 128M 	chunk_size: 1G 	num_reg: 10  	lose cover RAM: 1048688M
[    0.001999]  gran_size: 128M 	chunk_size: 2G 	num_reg: 10  	lose cover RAM: 1048688M
[    0.002000]  gran_size: 256M 	chunk_size: 256M 	num_reg: 10  	lose cover RAM: 1573104M
[    0.002000]  gran_size: 256M 	chunk_size: 512M 	num_reg: 10  	lose cover RAM: 1048816M
[    0.002001]  gran_size: 256M 	chunk_size: 1G 	num_reg: 10  	lose cover RAM: 1048816M
[    0.002002]  gran_size: 256M 	chunk_size: 2G 	num_reg: 10  	lose cover RAM: 1048816M
[    0.002002]  gran_size: 512M 	chunk_size: 512M 	num_reg: 10  	lose cover RAM: 1049072M
[    0.002003]  gran_size: 512M 	chunk_size: 1G 	num_reg: 10  	lose cover RAM: 1049072M
[    0.002004]  gran_size: 512M 	chunk_size: 2G 	num_reg: 10  	lose cover RAM: 1049072M
[    0.002005]  gran_size: 1G 	chunk_size: 1G 	num_reg: 10  	lose cover RAM: 1008M
[    0.002005]  gran_size: 1G 	chunk_size: 2G 	num_reg: 10  	lose cover RAM: 1008M
[    0.002006]  gran_size: 2G 	chunk_size: 2G 	num_reg: 9  	lose cover RAM: 2032M
[    0.002007] mtrr_cleanup: can not find optimal value
[    0.002007] please specify mtrr_gran_size/mtrr_chunk_size
[    0.002009] e820: update [mem 0x7f000000-0xffffffff] usable ==> reserved
[    0.002011] x2apic: enabled by BIOS, switching to x2apic ops
[    0.002012] last_pfn = 0x6f800 max_arch_pfn = 0x400000000
[    0.013417] check: Scanning 1 areas for low memory corruption
[    0.013421] Using GB pages for direct mapping
[    0.013423] BRK [0x488e01000, 0x488e01fff] PGTABLE
[    0.013424] BRK [0x488e02000, 0x488e02fff] PGTABLE
[    0.013425] BRK [0x488e03000, 0x488e03fff] PGTABLE
[    0.013480] BRK [0x488e04000, 0x488e04fff] PGTABLE
[    0.013663] BRK [0x488e05000, 0x488e05fff] PGTABLE
[    0.013739] BRK [0x488e06000, 0x488e06fff] PGTABLE
[    0.013859] BRK [0x488e07000, 0x488e07fff] PGTABLE
[    0.014006] BRK [0x488e08000, 0x488e08fff] PGTABLE
[    0.014115] BRK [0x488e09000, 0x488e09fff] PGTABLE
[    0.014261] BRK [0x488e0a000, 0x488e0afff] PGTABLE
[    0.014350] BRK [0x488e0b000, 0x488e0bfff] PGTABLE
[    0.014567] BRK [0x488e0c000, 0x488e0cfff] PGTABLE
[    0.014823] Secure boot disabled
[    0.014824] RAMDISK: [mem 0x2065920000-0x207fffffff]
[    0.014830] ACPI: Early table checksum verification disabled
[    0.014832] ACPI: RSDP 0x000000006F7FE014 000024 (v02 DELL  )
[    0.014835] ACPI: XSDT 0x000000006F41C188 0000F4 (v01 DELL   PE_SC3   00000000 DELL 01000013)
[    0.014839] ACPI: FACP 0x000000006F430000 000114 (v06 DELL   PE_SC3   00000000 DELL 00000001)
[    0.014844] ACPI: DSDT 0x000000004B4CE000 07FAD3 (v02 DELL   PE_SC3   00000003 DELL 00000001)
[    0.014846] ACPI: FACS 0x000000006F2F2000 000040
[    0.014849] ACPI: SSDT 0x000000006F7FB000 00159A (v02 INTEL  RAS_ACPI 00000001 INTL 20210331)
[    0.014852] ACPI: SSDT 0x000000006F7FA000 000745 (v02 INTEL  ADDRXLAT 00000001 INTL 20210331)
[    0.014854] ACPI: MCEJ 0x000000006F7F9000 000130 (v01 INTEL           00000001 INTL 0100000D)
[    0.014857] ACPI: BERT 0x000000006F7F8000 000030 (v01 DELL   PE_SC3   00000001 INTL 00000001)
[    0.014860] ACPI: ERST 0x000000006F7F7000 000230 (v01 DELL   PE_SC3   00000001 INTL 00000001)
[    0.014862] ACPI: SSDT 0x000000006F431000 3C524E (v02 INTEL  SSDTNVDR 00001000 INTL 20210331)
[    0.014865] ACPI: HMAT 0x000000006F42F000 000210 (v01 DELL   PE_SC3   00000001 DELL 00000001)
[    0.014867] ACPI: HPET 0x000000006F42E000 000038 (v01 DELL   PE_SC3   00000001 DELL 00000001)
[    0.014870] ACPI: MCFG 0x000000006F42D000 00003C (v01 DELL   PE_SC3   00000001 DELL 00000001)
[    0.014873] ACPI: MIGT 0x000000006F42C000 000040 (v01 DELL   PE_SC3   00000000 DELL 00000001)
[    0.014875] ACPI: MSCT 0x000000006F42B000 000090 (v01 DELL   PE_SC3   00000001 DELL 00000001)
[    0.014878] ACPI: PMTT 0x000000006F429000 0011E8 (v02 DELL   PE_SC3   00000001 DELL 00000001)
[    0.014880] ACPI: WSMT 0x000000006F428000 000028 (v01 DELL   PE_SC3   00000000 DELL 00000001)
[    0.014883] ACPI: APIC 0x000000006F427000 00075E (v04 DELL   PE_SC3   00000000 DELL 00000001)
[    0.014885] ACPI: SLIT 0x000000006F426000 00003C (v01 DELL   PE_SC3   00000001 DELL 01000013)
[    0.014888] ACPI: SRAT 0x000000006F41F000 006430 (v03 DELL   PE_SC3   00000002 DELL 01000013)
[    0.014890] ACPI: OEM4 0x000000004B346000 187A61 (v02 INTEL  CPU  CST 00003000 INTL 20210331)
[    0.014893] ACPI: SSDT 0x000000004B2CF000 0764A5 (v02 INTEL  SSDT  PM 00004000 INTL 20210331)
[    0.014895] ACPI: SSDT 0x000000006F41E000 000A1F (v02 DELL   PE_SC3   00000000 DELL 00000001)
[    0.014898] ACPI: HEST 0x000000006F41D000 00017C (v01 DELL   PE_SC3   00000001 INTL 00000001)
[    0.014900] ACPI: PCAT 0x000000006F41B000 00010C (v19 DELL   PE_SC3   00000002 DELL 00000001)
[    0.014903] ACPI: SSDT 0x000000006F413000 007299 (v02 INTEL  SpsNm    00000002 INTL 20210331)
[    0.014906] ACPI: SSDT 0x000000006F412000 000426 (v02 DELL   PE_SC3   00000002 DELL 00000001)
[    0.014908] ACPI: NFIT 0x000000006F7FD000 000488 (v01 DELL   PE_SC3   00000002 DELL 00000001)
[    0.014911] ACPI: DMAR 0x000000006F411000 000158 (v01 DELL   PE_SC3   00000001 DELL 00000001)
[    0.014918] ACPI: Local APIC address 0xfee00000
[    0.014919] Setting APIC routing to cluster x2apic.
[    0.014965] SRAT: PXM 0 -> APIC 0x0000 -> Node 0
[    0.014965] SRAT: PXM 0 -> APIC 0x0001 -> Node 0
[    0.014966] SRAT: PXM 0 -> APIC 0x0002 -> Node 0
[    0.014966] SRAT: PXM 0 -> APIC 0x0003 -> Node 0
[    0.014967] SRAT: PXM 0 -> APIC 0x0004 -> Node 0
[    0.014967] SRAT: PXM 0 -> APIC 0x0005 -> Node 0
[    0.014967] SRAT: PXM 0 -> APIC 0x0006 -> Node 0
[    0.014968] SRAT: PXM 0 -> APIC 0x0007 -> Node 0
[    0.014968] SRAT: PXM 0 -> APIC 0x0008 -> Node 0
[    0.014969] SRAT: PXM 0 -> APIC 0x0009 -> Node 0
[    0.014969] SRAT: PXM 0 -> APIC 0x000a -> Node 0
[    0.014969] SRAT: PXM 0 -> APIC 0x000b -> Node 0
[    0.014970] SRAT: PXM 0 -> APIC 0x000c -> Node 0
[    0.014970] SRAT: PXM 0 -> APIC 0x000d -> Node 0
[    0.014971] SRAT: PXM 0 -> APIC 0x000e -> Node 0
[    0.014971] SRAT: PXM 0 -> APIC 0x000f -> Node 0
[    0.014972] SRAT: PXM 0 -> APIC 0x0010 -> Node 0
[    0.014972] SRAT: PXM 0 -> APIC 0x0011 -> Node 0
[    0.014972] SRAT: PXM 0 -> APIC 0x0012 -> Node 0
[    0.014973] SRAT: PXM 0 -> APIC 0x0013 -> Node 0
[    0.014973] SRAT: PXM 0 -> APIC 0x0014 -> Node 0
[    0.014974] SRAT: PXM 0 -> APIC 0x0015 -> Node 0
[    0.014974] SRAT: PXM 0 -> APIC 0x0016 -> Node 0
[    0.014974] SRAT: PXM 0 -> APIC 0x0017 -> Node 0
[    0.014975] SRAT: PXM 0 -> APIC 0x0018 -> Node 0
[    0.014975] SRAT: PXM 0 -> APIC 0x0019 -> Node 0
[    0.014976] SRAT: PXM 0 -> APIC 0x001a -> Node 0
[    0.014976] SRAT: PXM 0 -> APIC 0x001b -> Node 0
[    0.014976] SRAT: PXM 0 -> APIC 0x001c -> Node 0
[    0.014977] SRAT: PXM 0 -> APIC 0x001d -> Node 0
[    0.014977] SRAT: PXM 0 -> APIC 0x001e -> Node 0
[    0.014978] SRAT: PXM 0 -> APIC 0x001f -> Node 0
[    0.014978] SRAT: PXM 0 -> APIC 0x0020 -> Node 0
[    0.014978] SRAT: PXM 0 -> APIC 0x0021 -> Node 0
[    0.014979] SRAT: PXM 0 -> APIC 0x0022 -> Node 0
[    0.014979] SRAT: PXM 0 -> APIC 0x0023 -> Node 0
[    0.014980] SRAT: PXM 0 -> APIC 0x0024 -> Node 0
[    0.014980] SRAT: PXM 0 -> APIC 0x0025 -> Node 0
[    0.014980] SRAT: PXM 0 -> APIC 0x0026 -> Node 0
[    0.014981] SRAT: PXM 0 -> APIC 0x0027 -> Node 0
[    0.014981] SRAT: PXM 0 -> APIC 0x0028 -> Node 0
[    0.014982] SRAT: PXM 0 -> APIC 0x0029 -> Node 0
[    0.014982] SRAT: PXM 0 -> APIC 0x002a -> Node 0
[    0.014982] SRAT: PXM 0 -> APIC 0x002b -> Node 0
[    0.014983] SRAT: PXM 0 -> APIC 0x002c -> Node 0
[    0.014983] SRAT: PXM 0 -> APIC 0x002d -> Node 0
[    0.014984] SRAT: PXM 0 -> APIC 0x002e -> Node 0
[    0.014984] SRAT: PXM 0 -> APIC 0x002f -> Node 0
[    0.014985] SRAT: PXM 0 -> APIC 0x0030 -> Node 0
[    0.014985] SRAT: PXM 0 -> APIC 0x0031 -> Node 0
[    0.014985] SRAT: PXM 0 -> APIC 0x0032 -> Node 0
[    0.014986] SRAT: PXM 0 -> APIC 0x0033 -> Node 0
[    0.014986] SRAT: PXM 0 -> APIC 0x0034 -> Node 0
[    0.014987] SRAT: PXM 0 -> APIC 0x0035 -> Node 0
[    0.014987] SRAT: PXM 0 -> APIC 0x0036 -> Node 0
[    0.014987] SRAT: PXM 0 -> APIC 0x0037 -> Node 0
[    0.014988] SRAT: PXM 1 -> APIC 0x0080 -> Node 1
[    0.014988] SRAT: PXM 1 -> APIC 0x0081 -> Node 1
[    0.014989] SRAT: PXM 1 -> APIC 0x0082 -> Node 1
[    0.014989] SRAT: PXM 1 -> APIC 0x0083 -> Node 1
[    0.014990] SRAT: PXM 1 -> APIC 0x0084 -> Node 1
[    0.014990] SRAT: PXM 1 -> APIC 0x0085 -> Node 1
[    0.014990] SRAT: PXM 1 -> APIC 0x0086 -> Node 1
[    0.014991] SRAT: PXM 1 -> APIC 0x0087 -> Node 1
[    0.014991] SRAT: PXM 1 -> APIC 0x0088 -> Node 1
[    0.014992] SRAT: PXM 1 -> APIC 0x0089 -> Node 1
[    0.014992] SRAT: PXM 1 -> APIC 0x008a -> Node 1
[    0.014992] SRAT: PXM 1 -> APIC 0x008b -> Node 1
[    0.014993] SRAT: PXM 1 -> APIC 0x008c -> Node 1
[    0.014993] SRAT: PXM 1 -> APIC 0x008d -> Node 1
[    0.014994] SRAT: PXM 1 -> APIC 0x008e -> Node 1
[    0.014994] SRAT: PXM 1 -> APIC 0x008f -> Node 1
[    0.014994] SRAT: PXM 1 -> APIC 0x0090 -> Node 1
[    0.014995] SRAT: PXM 1 -> APIC 0x0091 -> Node 1
[    0.014995] SRAT: PXM 1 -> APIC 0x0092 -> Node 1
[    0.014996] SRAT: PXM 1 -> APIC 0x0093 -> Node 1
[    0.014996] SRAT: PXM 1 -> APIC 0x0094 -> Node 1
[    0.014997] SRAT: PXM 1 -> APIC 0x0095 -> Node 1
[    0.014997] SRAT: PXM 1 -> APIC 0x0096 -> Node 1
[    0.014997] SRAT: PXM 1 -> APIC 0x0097 -> Node 1
[    0.014998] SRAT: PXM 1 -> APIC 0x0098 -> Node 1
[    0.014998] SRAT: PXM 1 -> APIC 0x0099 -> Node 1
[    0.014999] SRAT: PXM 1 -> APIC 0x009a -> Node 1
[    0.014999] SRAT: PXM 1 -> APIC 0x009b -> Node 1
[    0.014999] SRAT: PXM 1 -> APIC 0x009c -> Node 1
[    0.015000] SRAT: PXM 1 -> APIC 0x009d -> Node 1
[    0.015000] SRAT: PXM 1 -> APIC 0x009e -> Node 1
[    0.015001] SRAT: PXM 1 -> APIC 0x009f -> Node 1
[    0.015001] SRAT: PXM 1 -> APIC 0x00a0 -> Node 1
[    0.015001] SRAT: PXM 1 -> APIC 0x00a1 -> Node 1
[    0.015002] SRAT: PXM 1 -> APIC 0x00a2 -> Node 1
[    0.015002] SRAT: PXM 1 -> APIC 0x00a3 -> Node 1
[    0.015003] SRAT: PXM 1 -> APIC 0x00a4 -> Node 1
[    0.015003] SRAT: PXM 1 -> APIC 0x00a5 -> Node 1
[    0.015003] SRAT: PXM 1 -> APIC 0x00a6 -> Node 1
[    0.015004] SRAT: PXM 1 -> APIC 0x00a7 -> Node 1
[    0.015004] SRAT: PXM 1 -> APIC 0x00a8 -> Node 1
[    0.015005] SRAT: PXM 1 -> APIC 0x00a9 -> Node 1
[    0.015005] SRAT: PXM 1 -> APIC 0x00aa -> Node 1
[    0.015005] SRAT: PXM 1 -> APIC 0x00ab -> Node 1
[    0.015006] SRAT: PXM 1 -> APIC 0x00ac -> Node 1
[    0.015006] SRAT: PXM 1 -> APIC 0x00ad -> Node 1
[    0.015007] SRAT: PXM 1 -> APIC 0x00ae -> Node 1
[    0.015007] SRAT: PXM 1 -> APIC 0x00af -> Node 1
[    0.015008] SRAT: PXM 1 -> APIC 0x00b0 -> Node 1
[    0.015008] SRAT: PXM 1 -> APIC 0x00b1 -> Node 1
[    0.015008] SRAT: PXM 1 -> APIC 0x00b2 -> Node 1
[    0.015009] SRAT: PXM 1 -> APIC 0x00b3 -> Node 1
[    0.015009] SRAT: PXM 1 -> APIC 0x00b4 -> Node 1
[    0.015010] SRAT: PXM 1 -> APIC 0x00b5 -> Node 1
[    0.015010] SRAT: PXM 1 -> APIC 0x00b6 -> Node 1
[    0.015010] SRAT: PXM 1 -> APIC 0x00b7 -> Node 1
[    0.015023] ACPI: SRAT: Node 0 PXM 0 [mem 0x00000000-0x7fffffff]
[    0.015024] ACPI: SRAT: Node 0 PXM 0 [mem 0x100000000-0x107fffffff]
[    0.015025] ACPI: SRAT: Node 2 PXM 2 [mem 0x2080000000-0x9e7fffffff] non-volatile
[    0.015025] ACPI: SRAT: Node 1 PXM 1 [mem 0x1080000000-0x207fffffff]
[    0.015026] ACPI: SRAT: Node 3 PXM 3 [mem 0x9e80000000-0x11c7fffffff] non-volatile
[    0.015035] NUMA: Initialized distance table, cnt=4
[    0.015038] NUMA: Node 0 [mem 0x00000000-0x7fffffff] + [mem 0x100000000-0x107fffffff] -> [mem 0x00000000-0x107fffffff]
[    0.015046] NODE_DATA(0) allocated [mem 0x107ffd5000-0x107fffffff]
[    0.015063] NODE_DATA(1) allocated [mem 0x20658f3000-0x206591dfff]
[    0.015253] Zone ranges:
[    0.015254]   DMA      [mem 0x0000000000001000-0x0000000000ffffff]
[    0.015254]   DMA32    [mem 0x0000000001000000-0x00000000ffffffff]
[    0.015255]   Normal   [mem 0x0000000100000000-0x000000207fffffff]
[    0.015256]   Device   empty
[    0.015256] Movable zone start for each node
[    0.015260] Early memory node ranges
[    0.015260]   node   0: [mem 0x0000000000001000-0x000000000008efff]
[    0.015261]   node   0: [mem 0x0000000000090000-0x000000000009ffff]
[    0.015261]   node   0: [mem 0x0000000000100000-0x0000000049e76fff]
[    0.015262]   node   0: [mem 0x000000004ae77000-0x000000004b2cefff]
[    0.015263]   node   0: [mem 0x000000004b54e000-0x000000004bd93fff]
[    0.015263]   node   0: [mem 0x000000004be9a000-0x000000004cdfffff]
[    0.015264]   node   0: [mem 0x000000004d000000-0x000000005eefdfff]
[    0.015264]   node   0: [mem 0x000000006f7ff000-0x000000006f7fffff]
[    0.015264]   node   0: [mem 0x0000000100000000-0x000000087fffffff]
[    0.015267]   node   0: [mem 0x0000001000000000-0x000000107fffffff]
[    0.015267]   node   1: [mem 0x0000001080000000-0x000000207fffffff]
[    0.015630] Zeroed struct page in unavailable ranges: 42728 pages
[    0.015632] Initmem setup node 0 [mem 0x0000000000001000-0x000000107fffffff]
[    0.015633] On node 0 totalpages: 8771864
[    0.015634]   DMA zone: 64 pages used for memmap
[    0.015635]   DMA zone: 1102 pages reserved
[    0.015635]   DMA zone: 3998 pages, LIFO batch:0
[    0.015678]   DMA32 zone: 5926 pages used for memmap
[    0.015679]   DMA32 zone: 379258 pages, LIFO batch:63
[    0.021479]   Normal zone: 131072 pages used for memmap
[    0.021480]   Normal zone: 8388608 pages, LIFO batch:63
[    0.115217] Initmem setup node 1 [mem 0x0000001080000000-0x000000207fffffff]
[    0.115220] On node 1 totalpages: 16777216
[    0.115221]   Normal zone: 262144 pages used for memmap
[    0.115221]   Normal zone: 16777216 pages, LIFO batch:63
[    0.300813] ACPI: PM-Timer IO Port: 0x508
[    0.300815] ACPI: Local APIC address 0xfee00000
[    0.300831] ACPI: X2APIC_NMI (uid[0xffffffff] high edge lint[0x1])
[    0.300833] ACPI: LAPIC_NMI (acpi_id[0xff] high edge lint[0x1])
[    0.300852] IOAPIC[0]: apic_id 8, version 32, address 0xfec00000, GSI 0-119
[    0.300855] ACPI: INT_SRC_OVR (bus 0 bus_irq 0 global_irq 2 dfl dfl)
[    0.300856] ACPI: INT_SRC_OVR (bus 0 bus_irq 9 global_irq 9 high level)
[    0.300857] ACPI: IRQ0 used by override.
[    0.300858] ACPI: IRQ9 used by override.
[    0.300860] Using ACPI (MADT) for SMP configuration information
[    0.300862] ACPI: HPET id: 0x8086a701 base: 0xfed00000
[    0.300865] smpboot: Allowing 112 CPUs, 0 hotplug CPUs
[    0.300889] PM: Registered nosave memory: [mem 0x00000000-0x00000fff]
[    0.300891] PM: Registered nosave memory: [mem 0x0008f000-0x0008ffff]
[    0.300892] PM: Registered nosave memory: [mem 0x000a0000-0x000fffff]
[    0.300893] PM: Registered nosave memory: [mem 0x47bad000-0x47badfff]
[    0.300894] PM: Registered nosave memory: [mem 0x47bde000-0x47bdefff]
[    0.300895] PM: Registered nosave memory: [mem 0x47bdf000-0x47bdffff]
[    0.300896] PM: Registered nosave memory: [mem 0x47c11000-0x47c11fff]
[    0.300896] PM: Registered nosave memory: [mem 0x47c12000-0x47c12fff]
[    0.300898] PM: Registered nosave memory: [mem 0x47c44000-0x47c44fff]
[    0.300898] PM: Registered nosave memory: [mem 0x47c45000-0x47c45fff]
[    0.300899] PM: Registered nosave memory: [mem 0x47c4d000-0x47c4dfff]
[    0.300901] PM: Registered nosave memory: [mem 0x49e77000-0x4ae76fff]
[    0.300902] PM: Registered nosave memory: [mem 0x4b2cf000-0x4b54dfff]
[    0.300903] PM: Registered nosave memory: [mem 0x4bd94000-0x4be99fff]
[    0.300905] PM: Registered nosave memory: [mem 0x4ce00000-0x4cffffff]
[    0.300906] PM: Registered nosave memory: [mem 0x5eefe000-0x6e3fefff]
[    0.300906] PM: Registered nosave memory: [mem 0x6e3ff000-0x6f3fefff]
[    0.300907] PM: Registered nosave memory: [mem 0x6f3ff000-0x6f7fefff]
[    0.300908] PM: Registered nosave memory: [mem 0x6f800000-0x8fffffff]
[    0.300909] PM: Registered nosave memory: [mem 0x90000000-0xfdffffff]
[    0.300909] PM: Registered nosave memory: [mem 0xfe000000-0xfe010fff]
[    0.300910] PM: Registered nosave memory: [mem 0xfe011000-0xffffffff]
[    0.300911] PM: Registered nosave memory: [mem 0x880000000-0xfffffffff]
[    0.300913] [mem 0x90000000-0xfdffffff] available for PCI devices
[    0.300914] Booting paravirtualized kernel on bare hardware
[    0.300916] clocksource: refined-jiffies: mask: 0xffffffff max_cycles: 0xffffffff, max_idle_ns: 7645519600211568 ns
[    0.300923] setup_percpu: NR_CPUS:8192 nr_cpumask_bits:112 nr_cpu_ids:112 nr_node_ids:4
[    0.305454] percpu: Embedded 55 pages/cpu s188416 r8192 d28672 u262144
[    0.305464] pcpu-alloc: s188416 r8192 d28672 u262144 alloc=1*2097152
[    0.305465] pcpu-alloc: [0] 000 002 004 006 008 010 012 014 
[    0.305467] pcpu-alloc: [0] 016 018 020 022 024 026 028 030 
[    0.305469] pcpu-alloc: [0] 032 034 036 038 040 042 044 046 
[    0.305470] pcpu-alloc: [0] 048 050 052 054 056 058 060 062 
[    0.305472] pcpu-alloc: [0] 064 066 068 070 072 074 076 078 
[    0.305473] pcpu-alloc: [0] 080 082 084 086 088 090 092 094 
[    0.305474] pcpu-alloc: [0] 096 098 100 102 104 106 108 110 
[    0.305476] pcpu-alloc: [1] 001 003 005 007 009 011 013 015 
[    0.305477] pcpu-alloc: [1] 017 019 021 023 025 027 029 031 
[    0.305479] pcpu-alloc: [1] 033 035 037 039 041 043 045 047 
[    0.305480] pcpu-alloc: [1] 049 051 053 055 057 059 061 063 
[    0.305481] pcpu-alloc: [1] 065 067 069 071 073 075 077 079 
[    0.305483] pcpu-alloc: [1] 081 083 085 087 089 091 093 095 
[    0.305484] pcpu-alloc: [1] 097 099 101 103 105 107 109 111 
[    0.305528] Built 2 zonelists, mobility grouping on.  Total pages: 25148772
[    0.305529] Policy zone: Normal
[    0.305530] Kernel command line: BOOT_IMAGE=/boot/vmlinuz-5.3.1-multiclock root=UUID=ce0c24b8-724b-4f33-9b2c-618433560aef ro memmap=30G!34G quiet splash nomodeset vt.handoff=1
[    0.305620] You have booted with nomodeset. This means your GPU drivers are DISABLED
[    0.305621] Any video related functionality will be severely degraded, and you may not even be able to suspend the system properly
[    0.305621] Unless you actually understand what nomodeset does, you should reboot without enabling it
[    0.305638] printk: log_buf_len individual max cpu contribution: 4096 bytes
[    0.305639] printk: log_buf_len total cpu_extra contributions: 454656 bytes
[    0.305639] printk: log_buf_len min size: 262144 bytes
[    0.305793] printk: log_buf_len: 1048576 bytes
[    0.305793] printk: early log buf free: 222020(84%)
[    0.307297] mem auto-init: stack:off, heap alloc:on, heap free:off
[    0.313262] Calgary: detecting Calgary via BIOS EBDA area
[    0.313263] Calgary: Unable to locate Rio Grande table in EBDA - bailing!
[    0.554113] Memory: 99910412K/102196320K available (14339K kernel code, 2373K rwdata, 4660K rodata, 2680K init, 5056K bss, 2285908K reserved, 0K cma-reserved)
[    0.554700] SLUB: HWalign=64, Order=0-3, MinObjects=0, CPUs=112, Nodes=4
[    0.554727] ftrace: allocating 43047 entries in 169 pages
[    0.571030] rcu: Hierarchical RCU implementation.
[    0.571031] rcu: 	RCU restricting CPUs from NR_CPUS=8192 to nr_cpu_ids=112.
[    0.571032] 	Tasks RCU enabled.
[    0.571033] rcu: RCU calculated value of scheduler-enlistment delay is 25 jiffies.
[    0.571033] rcu: Adjusting geometry for rcu_fanout_leaf=16, nr_cpu_ids=112
[    0.573632] NR_IRQS: 524544, nr_irqs: 2952, preallocated irqs: 16
[    0.574024] random: crng done (trusting CPU's manufacturer)
[    0.574202] Console: colour dummy device 80x25
[    0.574218] printk: console [tty0] enabled
[    0.574306] mempolicy: Enabling automatic NUMA balancing. Configure with numa_balancing= or the kernel.numa_balancing sysctl
[    0.574308] ACPI: Core revision 20190703
[    0.577713] clocksource: hpet: mask: 0xffffffff max_cycles: 0xffffffff, max_idle_ns: 79635855245 ns
[    0.577755] APIC: Switch to symmetric I/O mode setup
[    0.577757] DMAR: Host address width 46
[    0.577758] DMAR: DRHD base: 0x000000d0ffc000 flags: 0x0
[    0.577763] DMAR: dmar0: reg_base_addr d0ffc000 ver 4:0 cap 8ed008c40780466 ecap 60000f050df
[    0.577764] DMAR: DRHD base: 0x000000dbbfc000 flags: 0x0
[    0.577767] DMAR: dmar1: reg_base_addr dbbfc000 ver 4:0 cap 8ed008c40780466 ecap 60000f050df
[    0.577768] DMAR: DRHD base: 0x000000e67fc000 flags: 0x0
[    0.577771] DMAR: dmar2: reg_base_addr e67fc000 ver 4:0 cap 8ed008c40780466 ecap 60000f050df
[    0.577771] DMAR: DRHD base: 0x000000f13fc000 flags: 0x0
[    0.577774] DMAR: dmar3: reg_base_addr f13fc000 ver 4:0 cap 8ed008c40780466 ecap 60000f050df
[    0.577775] DMAR: DRHD base: 0x000000fb7fc000 flags: 0x0
[    0.577778] DMAR: dmar4: reg_base_addr fb7fc000 ver 4:0 cap 8ed008c40780466 ecap 60000f050df
[    0.577779] DMAR: DRHD base: 0x000000a63fc000 flags: 0x0
[    0.577782] DMAR: dmar5: reg_base_addr a63fc000 ver 4:0 cap 8ed008c40780466 ecap 60000f050df
[    0.577782] DMAR: DRHD base: 0x000000b0ffc000 flags: 0x0
[    0.577785] DMAR: dmar6: reg_base_addr b0ffc000 ver 4:0 cap 8ed008c40780466 ecap 60000f050df
[    0.577786] DMAR: DRHD base: 0x000000bbbfc000 flags: 0x0
[    0.577791] DMAR: dmar7: reg_base_addr bbbfc000 ver 4:0 cap 8ed008c40780466 ecap 60000f050df
[    0.577791] DMAR: DRHD base: 0x000000c5ffc000 flags: 0x0
[    0.577794] DMAR: dmar8: reg_base_addr c5ffc000 ver 4:0 cap 8ed008c40780466 ecap 60000f050df
[    0.577795] DMAR: DRHD base: 0x0000009b7fc000 flags: 0x1
[    0.577797] DMAR: dmar9: reg_base_addr 9b7fc000 ver 4:0 cap 8ed008c40780466 ecap 60000f050df
[    0.577798] DMAR: RMRR base: 0x00000069427000 end: 0x00000069429fff
[    0.577799] DMAR: ATSR flags: 0x0
[    0.577801] DMAR-IR: IOAPIC id 8 under DRHD base  0x9b7fc000 IOMMU 9
[    0.577801] DMAR-IR: HPET id 0 under DRHD base 0x9b7fc000
[    0.577802] DMAR-IR: Queued invalidation will be enabled to support x2apic and Intr-remapping.
[    0.580199] DMAR-IR: Enabled IRQ remapping in x2apic mode
[    0.582819] ..TIMER: vector=0x30 apic1=0 pin1=2 apic2=-1 pin2=-1
[    0.601683] clocksource: tsc-early: mask: 0xffffffffffffffff max_cycles: 0x39a85c9bff6, max_idle_ns: 881590591483 ns
[    0.601688] Calibrating delay loop (skipped), value calculated using timer frequency.. 4000.00 BogoMIPS (lpj=8000000)
[    0.601690] pid_max: default: 114688 minimum: 896
[    0.605708] LSM: Security Framework initializing
[    0.605725] Yama: becoming mindful.
[    0.606083] AppArmor: AppArmor initialized
[    0.614988] Dentry cache hash table entries: 8388608 (order: 14, 67108864 bytes, vmalloc)
[    0.619425] Inode-cache hash table entries: 4194304 (order: 13, 33554432 bytes, vmalloc)
[    0.619609] Mount-cache hash table entries: 131072 (order: 8, 1048576 bytes, vmalloc)
[    0.619754] Mountpoint-cache hash table entries: 131072 (order: 8, 1048576 bytes, vmalloc)
[    0.620029] *** VALIDATE proc ***
[    0.620249] *** VALIDATE cgroup1 ***
[    0.620251] *** VALIDATE cgroup2 ***
[    0.620370] x86/tme: not enabled by BIOS
[    0.620373] x86/cpu: User Mode Instruction Prevention (UMIP) activated
[    0.620446] mce: CPU0: Thermal monitoring enabled (TM1)
[    0.620656] process: using mwait in idle threads
[    0.620658] Last level iTLB entries: 4KB 0, 2MB 0, 4MB 0
[    0.620659] Last level dTLB entries: 4KB 0, 2MB 0, 4MB 0, 1GB 0
[    0.620662] Spectre V1 : Mitigation: usercopy/swapgs barriers and __user pointer sanitization
[    0.620664] Spectre V2 : Mitigation: Enhanced IBRS
[    0.620664] Spectre V2 : Spectre v2 / SpectreRSB mitigation: Filling RSB on context switch
[    0.620666] Spectre V2 : mitigation: Enabling conditional Indirect Branch Prediction Barrier
[    0.620667] Speculative Store Bypass: Mitigation: Speculative Store Bypass disabled via prctl and seccomp
[    0.620930] Freeing SMP alternatives memory: 40K
[    0.625842] TSC deadline timer enabled
[    0.625851] smpboot: CPU0: Intel(R) Xeon(R) Gold 6330 CPU @ 2.00GHz (family: 0x6, model: 0x6a, stepping: 0x6)
[    0.626047] Performance Events: PEBS fmt4+-baseline, Icelake events, 32-deep LBR, full-width counters, Intel PMU driver.
[    0.626052] ... version:                5
[    0.626053] ... bit width:              48
[    0.626053] ... generic registers:      8
[    0.626054] ... value mask:             0000ffffffffffff
[    0.626054] ... max period:             00007fffffffffff
[    0.626055] ... fixed-purpose events:   4
[    0.626055] ... event mask:             0000000f000000ff
[    0.626168] rcu: Hierarchical SRCU implementation.
[    0.633355] NMI watchdog: Enabled. Permanently consumes one hw-PMU counter.
[    0.634611] smp: Bringing up secondary CPUs ...
[    0.634723] x86: Booting SMP configuration:
[    0.634724] .... node  #1, CPUs:          #1
[    0.003722] smpboot: CPU 1 Converting physical 0 to logical die 1
[    0.721793] .... node  #0, CPUs:     #2
[    0.727142] .... node  #1, CPUs:     #3
[    0.732545] .... node  #0, CPUs:     #4
[    0.737894] .... node  #1, CPUs:     #5
[    0.743243] .... node  #0, CPUs:     #6
[    0.748793] .... node  #1, CPUs:     #7
[    0.754336] .... node  #0, CPUs:     #8
[    0.759586] .... node  #1, CPUs:     #9
[    0.765289] .... node  #0, CPUs:    #10
[    0.770984] .... node  #1, CPUs:    #11
[    0.776672] .... node  #0, CPUs:    #12
[    0.782158] .... node  #1, CPUs:    #13
[    0.787486] .... node  #0, CPUs:    #14
[    0.792693] .... node  #1, CPUs:    #15
[    0.797981] .... node  #0, CPUs:    #16
[    0.803217] .... node  #1, CPUs:    #17
[    0.808494] .... node  #0, CPUs:    #18
[    0.813846] .... node  #1, CPUs:    #19
[    0.819321] .... node  #0, CPUs:    #20
[    0.824516] .... node  #1, CPUs:    #21
[    0.830077] .... node  #0, CPUs:    #22
[    0.835481] .... node  #1, CPUs:    #23
[    0.840710] .... node  #0, CPUs:    #24
[    0.846306] .... node  #1, CPUs:    #25
[    0.851599] .... node  #0, CPUs:    #26
[    0.856785] .... node  #1, CPUs:    #27
[    0.862056] .... node  #0, CPUs:    #28
[    0.867524] .... node  #1, CPUs:    #29
[    0.872775] .... node  #0, CPUs:    #30
[    0.877966] .... node  #1, CPUs:    #31
[    0.883395] .... node  #0, CPUs:    #32
[    0.888661] .... node  #1, CPUs:    #33
[    0.893971] .... node  #0, CPUs:    #34
[    0.899390] .... node  #1, CPUs:    #35
[    0.904664] .... node  #0, CPUs:    #36
[    0.909845] .... node  #1, CPUs:    #37
[    0.915116] .... node  #0, CPUs:    #38
[    0.920638] .... node  #1, CPUs:    #39
[    0.926122] .... node  #0, CPUs:    #40
[    0.931691] .... node  #1, CPUs:    #41
[    0.937394] .... node  #0, CPUs:    #42
[    0.942664] .... node  #1, CPUs:    #43
[    0.948281] .... node  #0, CPUs:    #44
[    0.953850] .... node  #1, CPUs:    #45
[    0.959048] .... node  #0, CPUs:    #46
[    0.964556] .... node  #1, CPUs:    #47
[    0.969965] .... node  #0, CPUs:    #48
[    0.975275] .... node  #1, CPUs:    #49
[    0.980662] .... node  #0, CPUs:    #50
[    0.986112] .... node  #1, CPUs:    #51
[    0.991721] .... node  #0, CPUs:    #52
[    0.997153] .... node  #1, CPUs:    #53
[    1.002702] .... node  #0, CPUs:    #54
[    1.008373] .... node  #1, CPUs:    #55
[    1.014127] .... node  #0, CPUs:    #56
[    1.019921] .... node  #1, CPUs:    #57
[    1.025793] .... node  #0, CPUs:    #58
[    1.031150] .... node  #1, CPUs:    #59
[    1.036553] .... node  #0, CPUs:    #60
[    1.041902] .... node  #1, CPUs:    #61
[    1.047258] .... node  #0, CPUs:    #62
[    1.052826] .... node  #1, CPUs:    #63
[    1.058385] .... node  #0, CPUs:    #64
[    1.063667] .... node  #1, CPUs:    #65
[    1.069366] .... node  #0, CPUs:    #66
[    1.075086] .... node  #1, CPUs:    #67
[    1.080798] .... node  #0, CPUs:    #68
[    1.086293] .... node  #1, CPUs:    #69
[    1.091634] .... node  #0, CPUs:    #70
[    1.096843] .... node  #1, CPUs:    #71
[    1.102129] .... node  #0, CPUs:    #72
[    1.107391] .... node  #1, CPUs:    #73
[    1.112677] .... node  #0, CPUs:    #74
[    1.117915] .... node  #1, CPUs:    #75
[    1.123547] .... node  #0, CPUs:    #76
[    1.128767] .... node  #1, CPUs:    #77
[    1.134356] .... node  #0, CPUs:    #78
[    1.139778] .... node  #1, CPUs:    #79
[    1.145056] .... node  #0, CPUs:    #80
[    1.150670] .... node  #1, CPUs:    #81
[    1.155983] .... node  #0, CPUs:    #82
[    1.161178] .... node  #1, CPUs:    #83
[    1.166475] .... node  #0, CPUs:    #84
[    1.171969] .... node  #1, CPUs:    #85
[    1.177247] .... node  #0, CPUs:    #86
[    1.182447] .... node  #1, CPUs:    #87
[    1.187906] .... node  #0, CPUs:    #88
[    1.193183] .... node  #1, CPUs:    #89
[    1.198539] .... node  #0, CPUs:    #90
[    1.203963] .... node  #1, CPUs:    #91
[    1.209252] .... node  #0, CPUs:    #92
[    1.214454] .... node  #1, CPUs:    #93
[    1.219759] .... node  #0, CPUs:    #94
[    1.225312] .... node  #1, CPUs:    #95
[    1.230806] .... node  #0, CPUs:    #96
[    1.236395] .... node  #1, CPUs:    #97
[    1.242118] .... node  #0, CPUs:    #98
[    1.247411] .... node  #1, CPUs:    #99
[    1.253050] .... node  #0, CPUs:   #100
[    1.258381] .... node  #1, CPUs:   #101
[    1.263832] .... node  #0, CPUs:   #102
[    1.269353] .... node  #1, CPUs:   #103
[    1.274775] .... node  #0, CPUs:   #104
[    1.280098] .... node  #1, CPUs:   #105
[    1.285720] .... node  #0, CPUs:   #106
[    1.290974] .... node  #1, CPUs:   #107
[    1.296604] .... node  #0, CPUs:   #108
[    1.302037] .... node  #1, CPUs:   #109
[    1.307620] .... node  #0, CPUs:   #110
[    1.313295] .... node  #1, CPUs:   #111
[    1.319075] smp: Brought up 2 nodes, 112 CPUs
[    1.319075] smpboot: Max logical packages: 2
[    1.319075] smpboot: Total of 112 processors activated (448062.83 BogoMIPS)
[    1.330147] devtmpfs: initialized
[    1.330147] x86/mm: Memory block size: 2048MB
[    1.330237] PM: Registering ACPI NVS region [mem 0x49e77000-0x4ae76fff] (16777216 bytes)
[    1.330237] PM: Registering ACPI NVS region [mem 0x6e3ff000-0x6f3fefff] (16777216 bytes)
[    1.330400] clocksource: jiffies: mask: 0xffffffff max_cycles: 0xffffffff, max_idle_ns: 7645041785100000 ns
[    1.330400] futex hash table entries: 32768 (order: 9, 2097152 bytes, vmalloc)
[    1.330593] pinctrl core: initialized pinctrl subsystem
[    1.330715] PM: RTC time: 09:40:37, date: 2024-04-25
[    1.330973] NET: Registered protocol family 16
[    1.331079] audit: initializing netlink subsys (disabled)
[    1.331084] audit: type=2000 audit(1714038036.756:1): state=initialized audit_enabled=0 res=1
[    1.331084] EISA bus registered
[    1.331084] cpuidle: using governor ladder
[    1.331084] cpuidle: using governor menu
[    1.333717] ACPI FADT declares the system doesn't support PCIe ASPM, so disable it
[    1.333718] ACPI: bus type PCI registered
[    1.333719] acpiphp: ACPI Hot Plug PCI Controller Driver version: 0.5
[    1.333837] PCI: MMCONFIG for domain 0000 [bus 00-ff] at [mem 0x80000000-0x8fffffff] (base 0x80000000)
[    1.333853] PCI: MMCONFIG at [mem 0x80000000-0x8fffffff] reserved in E820
[    1.333853] pmd_set_huge: Cannot satisfy [mem 0x80000000-0x80200000] with a huge-page mapping due to MTRR override.
[    1.333948] PCI: Using configuration type 1 for base access
[    1.333957] PCI: Dell System detected, enabling pci=bfsort.
[    1.336119] ENERGY_PERF_BIAS: Set to 'normal', was 'performance'
[    1.338572] HugeTLB registered 1.00 GiB page size, pre-allocated 0 pages
[    1.338572] HugeTLB registered 2.00 MiB page size, pre-allocated 0 pages
[    1.342083] ACPI: Added _OSI(Module Device)
[    1.342084] ACPI: Added _OSI(Processor Device)
[    1.342084] ACPI: Added _OSI(3.0 _SCP Extensions)
[    1.342085] ACPI: Added _OSI(Processor Aggregator Device)
[    1.342086] ACPI: Added _OSI(Linux-Dell-Video)
[    1.342087] ACPI: Added _OSI(Linux-Lenovo-NV-HDMI-Audio)
[    1.342090] ACPI: Added _OSI(Linux-HPI-Hybrid-Graphics)
[    1.507687] ACPI: 8 ACPI AML tables successfully acquired and loaded
[    1.514792] ACPI: [Firmware Bug]: BIOS _OSI(Linux) query ignored
[    1.521435] ACPI: Dynamic OEM Table Load:
[    1.913087] ACPI: Interpreter enabled
[    1.913104] ACPI: (supports S0 S5)
[    1.913105] ACPI: Using IOAPIC for interrupt routing
[    1.913193] HEST: Table parsing has been initialized.
[    1.913195] PCI: Using host bridge windows from ACPI; if necessary, use "pci=nocrs" and report a bug
[    1.942141] ACPI: Enabled 4 GPEs in block 00 to 7F
[    2.068178] ACPI: PCI Root Bridge [PC00] (domain 0000 [bus 00-15])
[    2.068182] acpi PNP0A08:00: _OSC: OS supports [ExtendedConfig ASPM ClockPM Segments MSI HPX-Type3]
[    2.068262] acpi PNP0A08:00: PCIe AER handled by firmware
[    2.068378] acpi PNP0A08:00: _OSC: platform does not support [SHPCHotplug LTR]
[    2.068594] acpi PNP0A08:00: _OSC: OS now controls [PCIeHotplug PME PCIeCapability]
[    2.068595] acpi PNP0A08:00: FADT indicates ASPM is unsupported, using BIOS configuration
[    2.070400] PCI host bridge to bus 0000:00
[    2.070402] pci_bus 0000:00: root bus resource [io  0x0000-0x0cf7 window]
[    2.070403] pci_bus 0000:00: root bus resource [io  0x1000-0x4fff window]
[    2.070404] pci_bus 0000:00: root bus resource [mem 0x000a0000-0x000bffff window]
[    2.070405] pci_bus 0000:00: root bus resource [mem 0x000c8000-0x000cffff window]
[    2.070405] pci_bus 0000:00: root bus resource [mem 0xfe010000-0xfe010fff window]
[    2.070406] pci_bus 0000:00: root bus resource [mem 0x90000000-0x9b7fffff window]
[    2.070407] pci_bus 0000:00: root bus resource [mem 0x200000000000-0x20ffffffffff window]
[    2.070408] pci_bus 0000:00: root bus resource [bus 00-15]
[    2.070418] pci 0000:00:00.0: [8086:09a2] type 00 class 0x088000
[    2.071148] pci 0000:00:00.1: [8086:09a4] type 00 class 0x088000
[    2.071864] pci 0000:00:00.2: [8086:09a3] type 00 class 0x088000
[    2.072579] pci 0000:00:00.4: [8086:0998] type 00 class 0x060000
[    2.073295] pci 0000:00:02.0: [8086:09a6] type 00 class 0x088000
[    2.073305] pci 0000:00:02.0: reg 0x10: [mem 0x92dfc000-0x92dfdfff]
[    2.074015] pci 0000:00:02.1: [8086:09a7] type 00 class 0x088000
[    2.074024] pci 0000:00:02.1: reg 0x10: [mem 0x92d00000-0x92d7ffff]
[    2.074029] pci 0000:00:02.1: reg 0x14: [mem 0x92c80000-0x92cfffff]
[    2.074736] pci 0000:00:02.4: [8086:3456] type 00 class 0x130000
[    2.074746] pci 0000:00:02.4: reg 0x10: [mem 0x92a00000-0x92afffff 64bit]
[    2.074753] pci 0000:00:02.4: reg 0x18: [mem 0x92df0000-0x92df3fff 64bit]
[    2.074759] pci 0000:00:02.4: reg 0x20: [mem 0x92dc0000-0x92ddffff 64bit]
[    2.075475] pci 0000:00:11.0: [8086:a1ec] type 00 class 0xff0000
[    2.076256] pci 0000:00:11.5: [8086:a1d2] type 00 class 0x010601
[    2.076273] pci 0000:00:11.5: reg 0x10: [mem 0x92dfa000-0x92dfbfff]
[    2.076280] pci 0000:00:11.5: reg 0x14: [mem 0x92e05000-0x92e050ff]
[    2.076288] pci 0000:00:11.5: reg 0x18: [io  0x2068-0x206f]
[    2.076295] pci 0000:00:11.5: reg 0x1c: [io  0x2074-0x2077]
[    2.076302] pci 0000:00:11.5: reg 0x20: [io  0x2040-0x205f]
[    2.076309] pci 0000:00:11.5: reg 0x24: [mem 0x92b80000-0x92bfffff]
[    2.076347] pci 0000:00:11.5: PME# supported from D3hot
[    2.077073] pci 0000:00:14.0: [8086:a1af] type 00 class 0x0c0330
[    2.077094] pci 0000:00:14.0: reg 0x10: [mem 0x92de0000-0x92deffff 64bit]
[    2.077158] pci 0000:00:14.0: PME# supported from D3hot D3cold
[    2.077887] pci 0000:00:14.2: [8086:a1b1] type 00 class 0x118000
[    2.077907] pci 0000:00:14.2: reg 0x10: [mem 0x92e02000-0x92e02fff 64bit]
[    2.078663] pci 0000:00:16.0: [8086:a1ba] type 00 class 0x078000
[    2.078691] pci 0000:00:16.0: reg 0x10: [mem 0x92e01000-0x92e01fff 64bit]
[    2.078774] pci 0000:00:16.0: PME# supported from D3hot
[    2.079469] pci 0000:00:16.1: [8086:a1bb] type 00 class 0x078000
[    2.079497] pci 0000:00:16.1: reg 0x10: [mem 0x92e00000-0x92e00fff 64bit]
[    2.079581] pci 0000:00:16.1: PME# supported from D3hot
[    2.080282] pci 0000:00:16.4: [8086:a1be] type 00 class 0x078000
[    2.080310] pci 0000:00:16.4: reg 0x10: [mem 0x92dff000-0x92dfffff 64bit]
[    2.080395] pci 0000:00:16.4: PME# supported from D3hot
[    2.081092] pci 0000:00:17.0: [8086:a182] type 00 class 0x010601
[    2.081108] pci 0000:00:17.0: reg 0x10: [mem 0x92df8000-0x92df9fff]
[    2.081115] pci 0000:00:17.0: reg 0x14: [mem 0x92e04000-0x92e040ff]
[    2.081122] pci 0000:00:17.0: reg 0x18: [io  0x2060-0x2067]
[    2.081129] pci 0000:00:17.0: reg 0x1c: [io  0x2070-0x2073]
[    2.081136] pci 0000:00:17.0: reg 0x20: [io  0x2020-0x203f]
[    2.081143] pci 0000:00:17.0: reg 0x24: [mem 0x92b00000-0x92b7ffff]
[    2.081180] pci 0000:00:17.0: PME# supported from D3hot
[    2.081910] pci 0000:00:1c.0: [8086:a190] type 01 class 0x060400
[    2.081988] pci 0000:00:1c.0: PME# supported from D0 D3hot D3cold
[    2.082763] pci 0000:00:1c.4: [8086:a194] type 01 class 0x060400
[    2.082836] pci 0000:00:1c.4: PME# supported from D0 D3hot D3cold
[    2.083601] pci 0000:00:1c.5: [8086:a195] type 01 class 0x060400
[    2.083675] pci 0000:00:1c.5: PME# supported from D0 D3hot D3cold
[    2.084448] pci 0000:00:1f.0: [8086:a1cb] type 00 class 0x060100
[    2.085266] pci 0000:00:1f.2: [8086:a1a1] type 00 class 0x058000
[    2.085282] pci 0000:00:1f.2: reg 0x10: [mem 0x92df4000-0x92df7fff]
[    2.086047] pci 0000:00:1f.4: [8086:a1a3] type 00 class 0x0c0500
[    2.086067] pci 0000:00:1f.4: reg 0x10: [mem 0x92dfe000-0x92dfe0ff 64bit]
[    2.086089] pci 0000:00:1f.4: reg 0x20: [io  0x2000-0x201f]
[    2.086790] pci 0000:00:1f.5: [8086:a1a4] type 00 class 0x0c8000
[    2.086806] pci 0000:00:1f.5: reg 0x10: [mem 0xfe010000-0xfe010fff]
[    2.087571] pci 0000:00:1c.0: PCI bridge to [bus 01]
[    2.087619] pci 0000:02:00.0: [1556:be00] type 01 class 0x060400
[    2.087788] pci 0000:00:1c.4: PCI bridge to [bus 02-03]
[    2.087792] pci 0000:00:1c.4:   bridge window [mem 0x92000000-0x928fffff]
[    2.087796] pci 0000:00:1c.4:   bridge window [mem 0x91000000-0x91ffffff 64bit pref]
[    2.087828] pci_bus 0000:03: extended config space not accessible
[    2.087844] pci 0000:03:00.0: [102b:0536] type 00 class 0x030000
[    2.087864] pci 0000:03:00.0: reg 0x10: [mem 0x91000000-0x91ffffff pref]
[    2.087874] pci 0000:03:00.0: reg 0x14: [mem 0x92808000-0x9280bfff]
[    2.087884] pci 0000:03:00.0: reg 0x18: [mem 0x92000000-0x927fffff]
[    2.087932] pci 0000:03:00.0: BAR 0: assigned to efifb
[    2.088026] pci 0000:02:00.0: PCI bridge to [bus 03]
[    2.088034] pci 0000:02:00.0:   bridge window [mem 0x92000000-0x928fffff]
[    2.088040] pci 0000:02:00.0:   bridge window [mem 0x91000000-0x91ffffff 64bit pref]
[    2.088107] pci 0000:04:00.0: [14e4:165f] type 00 class 0x020000
[    2.088138] pci 0000:04:00.0: reg 0x10: [mem 0x92930000-0x9293ffff 64bit pref]
[    2.088154] pci 0000:04:00.0: reg 0x18: [mem 0x92940000-0x9294ffff 64bit pref]
[    2.088169] pci 0000:04:00.0: reg 0x20: [mem 0x92950000-0x9295ffff 64bit pref]
[    2.088179] pci 0000:04:00.0: reg 0x30: [mem 0xfffc0000-0xffffffff pref]
[    2.088272] pci 0000:04:00.0: PME# supported from D0 D3hot D3cold
[    2.088311] pci 0000:04:00.0: 4.000 Gb/s available PCIe bandwidth, limited by 5 GT/s x1 link at 0000:00:1c.5 (capable of 8.000 Gb/s with 5 GT/s x2 link)
[    2.088435] pci 0000:04:00.1: [14e4:165f] type 00 class 0x020000
[    2.088467] pci 0000:04:00.1: reg 0x10: [mem 0x92900000-0x9290ffff 64bit pref]
[    2.088482] pci 0000:04:00.1: reg 0x18: [mem 0x92910000-0x9291ffff 64bit pref]
[    2.088498] pci 0000:04:00.1: reg 0x20: [mem 0x92920000-0x9292ffff 64bit pref]
[    2.088508] pci 0000:04:00.1: reg 0x30: [mem 0xfffc0000-0xffffffff pref]
[    2.088600] pci 0000:04:00.1: PME# supported from D0 D3hot D3cold
[    2.088746] pci 0000:00:1c.5: PCI bridge to [bus 04]
[    2.088753] pci 0000:00:1c.5:   bridge window [mem 0x92900000-0x929fffff 64bit pref]
[    2.088766] pci_bus 0000:00: on NUMA node 0
[    2.089318] ACPI: PCI Root Bridge [PC01] (domain 0000 [bus 16-2f])
[    2.089321] acpi PNP0A08:01: _OSC: OS supports [ExtendedConfig ASPM ClockPM Segments MSI HPX-Type3]
[    2.089422] acpi PNP0A08:01: PCIe AER handled by firmware
[    2.089533] acpi PNP0A08:01: _OSC: platform does not support [SHPCHotplug]
[    2.089743] acpi PNP0A08:01: _OSC: OS now controls [PCIeHotplug PME PCIeCapability LTR]
[    2.089744] acpi PNP0A08:01: FADT indicates ASPM is unsupported, using BIOS configuration
[    2.089870] PCI host bridge to bus 0000:16
[    2.089871] pci_bus 0000:16: root bus resource [io  0x5000-0x6fff window]
[    2.089872] pci_bus 0000:16: root bus resource [mem 0x9b800000-0xa63fffff window]
[    2.089873] pci_bus 0000:16: root bus resource [mem 0x210000000000-0x21ffffffffff window]
[    2.089874] pci_bus 0000:16: root bus resource [bus 16-2f]
[    2.089881] pci 0000:16:00.0: [8086:09a2] type 00 class 0x088000
[    2.089946] pci 0000:16:00.1: [8086:09a4] type 00 class 0x088000
[    2.090008] pci 0000:16:00.2: [8086:09a3] type 00 class 0x088000
[    2.090072] pci 0000:16:00.4: [8086:0998] type 00 class 0x060000
[    2.090134] pci 0000:16:02.0: [8086:347a] type 01 class 0x060400
[    2.090147] pci 0000:16:02.0: reg 0x10: [mem 0x21fffff00000-0x21fffff1ffff 64bit]
[    2.090183] pci 0000:16:02.0: PME# supported from D0 D3hot D3cold
[    2.090480] pci 0000:17:00.0: [1000:10e2] type 00 class 0x010400
[    2.090499] pci 0000:17:00.0: reg 0x10: [mem 0x9b800000-0x9b8fffff 64bit pref]
[    2.090507] pci 0000:17:00.0: reg 0x18: [mem 0x9b900000-0x9b9fffff 64bit pref]
[    2.090513] pci 0000:17:00.0: reg 0x20: [mem 0x9ba00000-0x9bafffff]
[    2.090518] pci 0000:17:00.0: reg 0x24: [io  0x5000-0x50ff]
[    2.090524] pci 0000:17:00.0: reg 0x30: [mem 0xfff00000-0xffffffff pref]
[    2.091738] pci 0000:17:00.0: supports D1 D2
[    2.091788] pci 0000:16:02.0: PCI bridge to [bus 17]
[    2.091790] pci 0000:16:02.0:   bridge window [io  0x5000-0x5fff]
[    2.091791] pci 0000:16:02.0:   bridge window [mem 0x9ba00000-0x9bafffff]
[    2.091793] pci 0000:16:02.0:   bridge window [mem 0x9b800000-0x9b9fffff 64bit pref]
[    2.091799] pci_bus 0000:16: on NUMA node 0
[    2.091863] ACPI: PCI Root Bridge [PC02] (domain 0000 [bus 30-49])
[    2.091865] acpi PNP0A08:02: _OSC: OS supports [ExtendedConfig ASPM ClockPM Segments MSI HPX-Type3]
[    2.091961] acpi PNP0A08:02: PCIe AER handled by firmware
[    2.092072] acpi PNP0A08:02: _OSC: platform does not support [SHPCHotplug]
[    2.092279] acpi PNP0A08:02: _OSC: OS now controls [PCIeHotplug PME PCIeCapability LTR]
[    2.092279] acpi PNP0A08:02: FADT indicates ASPM is unsupported, using BIOS configuration
[    2.092396] PCI host bridge to bus 0000:30
[    2.092397] pci_bus 0000:30: root bus resource [io  0x7000-0x8fff window]
[    2.092398] pci_bus 0000:30: root bus resource [mem 0xa6400000-0xb0ffffff window]
[    2.092399] pci_bus 0000:30: root bus resource [mem 0x220000000000-0x22ffffffffff window]
[    2.092400] pci_bus 0000:30: root bus resource [bus 30-49]
[    2.092407] pci 0000:30:00.0: [8086:09a2] type 00 class 0x088000
[    2.092473] pci 0000:30:00.1: [8086:09a4] type 00 class 0x088000
[    2.092533] pci 0000:30:00.2: [8086:09a3] type 00 class 0x088000
[    2.092595] pci 0000:30:00.4: [8086:0998] type 00 class 0x060000
[    2.092666] pci_bus 0000:30: on NUMA node 0
[    2.092753] ACPI: PCI Root Bridge [PC04] (domain 0000 [bus 4a-63])
[    2.092755] acpi PNP0A08:04: _OSC: OS supports [ExtendedConfig ASPM ClockPM Segments MSI HPX-Type3]
[    2.092849] acpi PNP0A08:04: PCIe AER handled by firmware
[    2.092959] acpi PNP0A08:04: _OSC: platform does not support [SHPCHotplug]
[    2.093165] acpi PNP0A08:04: _OSC: OS now controls [PCIeHotplug PME PCIeCapability LTR]
[    2.093166] acpi PNP0A08:04: FADT indicates ASPM is unsupported, using BIOS configuration
[    2.093277] PCI host bridge to bus 0000:4a
[    2.093278] pci_bus 0000:4a: root bus resource [io  0x9000-0x9fff window]
[    2.093279] pci_bus 0000:4a: root bus resource [mem 0xb1000000-0xbbbfffff window]
[    2.093280] pci_bus 0000:4a: root bus resource [mem 0x230000000000-0x23ffffffffff window]
[    2.093280] pci_bus 0000:4a: root bus resource [bus 4a-63]
[    2.093287] pci 0000:4a:00.0: [8086:09a2] type 00 class 0x088000
[    2.093350] pci 0000:4a:00.1: [8086:09a4] type 00 class 0x088000
[    2.093410] pci 0000:4a:00.2: [8086:09a3] type 00 class 0x088000
[    2.093476] pci 0000:4a:00.4: [8086:0998] type 00 class 0x060000
[    2.093545] pci_bus 0000:4a: on NUMA node 0
[    2.093605] ACPI: PCI Root Bridge [PC05] (domain 0000 [bus 64-7d])
[    2.093607] acpi PNP0A08:05: _OSC: OS supports [ExtendedConfig ASPM ClockPM Segments MSI HPX-Type3]
[    2.093699] acpi PNP0A08:05: PCIe AER handled by firmware
[    2.093807] acpi PNP0A08:05: _OSC: platform does not support [SHPCHotplug]
[    2.094017] acpi PNP0A08:05: _OSC: OS now controls [PCIeHotplug PME PCIeCapability LTR]
[    2.094017] acpi PNP0A08:05: FADT indicates ASPM is unsupported, using BIOS configuration
[    2.094130] PCI host bridge to bus 0000:64
[    2.094131] pci_bus 0000:64: root bus resource [io  0xa000-0xafff window]
[    2.094132] pci_bus 0000:64: root bus resource [mem 0xbbc00000-0xc5ffffff window]
[    2.094132] pci_bus 0000:64: root bus resource [mem 0x240000000000-0x24ffffffffff window]
[    2.094133] pci_bus 0000:64: root bus resource [bus 64-7d]
[    2.094140] pci 0000:64:00.0: [8086:09a2] type 00 class 0x088000
[    2.094203] pci 0000:64:00.1: [8086:09a4] type 00 class 0x088000
[    2.094266] pci 0000:64:00.2: [8086:09a3] type 00 class 0x088000
[    2.094327] pci 0000:64:00.4: [8086:0998] type 00 class 0x060000
[    2.094397] pci_bus 0000:64: on NUMA node 0
[    2.094454] ACPI: PCI Root Bridge [UC06] (domain 0000 [bus 7e])
[    2.094456] acpi PNP0A03:00: _OSC: OS supports [ExtendedConfig ASPM ClockPM Segments MSI HPX-Type3]
[    2.094532] acpi PNP0A03:00: PCIe AER handled by firmware
[    2.094624] acpi PNP0A03:00: _OSC: platform does not support [SHPCHotplug LTR]
[    2.094797] acpi PNP0A03:00: _OSC: OS now controls [PCIeHotplug PME PCIeCapability]
[    2.094798] acpi PNP0A03:00: FADT indicates ASPM is unsupported, using BIOS configuration
[    2.094931] PCI host bridge to bus 0000:7e
[    2.094932] pci_bus 0000:7e: root bus resource [bus 7e]
[    2.094938] pci 0000:7e:00.0: [8086:3450] type 00 class 0x088000
[    2.095006] pci 0000:7e:00.1: [8086:3451] type 00 class 0x088000
[    2.095069] pci 0000:7e:00.2: [8086:3452] type 00 class 0x088000
[    2.095142] pci 0000:7e:00.3: [8086:0998] type 00 class 0x060000
[    2.095206] pci 0000:7e:00.5: [8086:3455] type 00 class 0x088000
[    2.095275] pci 0000:7e:02.0: [8086:3440] type 00 class 0x088000
[    2.095396] pci 0000:7e:02.1: [8086:3441] type 00 class 0x088000
[    2.095510] pci 0000:7e:02.2: [8086:3442] type 00 class 0x088000
[    2.095625] pci 0000:7e:03.0: [8086:3440] type 00 class 0x088000
[    2.095714] pci 0000:7e:03.1: [8086:3441] type 00 class 0x088000
[    2.095795] pci 0000:7e:03.2: [8086:3442] type 00 class 0x088000
[    2.095887] pci 0000:7e:04.0: [8086:3440] type 00 class 0x088000
[    2.096014] pci 0000:7e:04.1: [8086:3441] type 00 class 0x088000
[    2.096135] pci 0000:7e:04.2: [8086:3442] type 00 class 0x088000
[    2.096256] pci 0000:7e:04.3: [8086:3443] type 00 class 0x088000
[    2.096381] pci 0000:7e:05.0: [8086:3445] type 00 class 0x088000
[    2.096506] pci 0000:7e:05.1: [8086:3446] type 00 class 0x088000
[    2.096624] pci 0000:7e:05.2: [8086:3447] type 00 class 0x088000
[    2.096742] pci 0000:7e:06.0: [8086:3445] type 00 class 0x088000
[    2.096835] pci 0000:7e:06.1: [8086:3446] type 00 class 0x088000
[    2.096921] pci 0000:7e:06.2: [8086:3447] type 00 class 0x088000
[    2.097013] pci 0000:7e:07.0: [8086:3445] type 00 class 0x088000
[    2.097140] pci 0000:7e:07.1: [8086:3446] type 00 class 0x088000
[    2.097266] pci 0000:7e:07.2: [8086:3447] type 00 class 0x088000
[    2.097391] pci 0000:7e:0b.0: [8086:3448] type 00 class 0x088000
[    2.097467] pci 0000:7e:0b.1: [8086:3448] type 00 class 0x088000
[    2.097540] pci 0000:7e:0b.2: [8086:344b] type 00 class 0x088000
[    2.097625] pci 0000:7e:0c.0: [8086:344a] type 00 class 0x110100
[    2.097725] pci 0000:7e:0d.0: [8086:344a] type 00 class 0x110100
[    2.097821] pci 0000:7e:0e.0: [8086:344a] type 00 class 0x110100
[    2.097972] pci 0000:7e:0f.0: [8086:344a] type 00 class 0x110100
[    2.098133] pci 0000:7e:1a.0: [8086:2880] type 00 class 0x110100
[    2.098230] pci 0000:7e:1b.0: [8086:2880] type 00 class 0x110100
[    2.098322] pci 0000:7e:1c.0: [8086:2880] type 00 class 0x110100
[    2.098476] pci 0000:7e:1d.0: [8086:2880] type 00 class 0x110100
[    2.098639] pci_bus 0000:7e: on NUMA node 0
[    2.098714] ACPI: PCI Root Bridge [UC07] (domain 0000 [bus 7f])
[    2.098716] acpi PNP0A03:01: _OSC: OS supports [ExtendedConfig ASPM ClockPM Segments MSI HPX-Type3]
[    2.098793] acpi PNP0A03:01: PCIe AER handled by firmware
[    2.098885] acpi PNP0A03:01: _OSC: platform does not support [SHPCHotplug LTR]
[    2.099059] acpi PNP0A03:01: _OSC: OS now controls [PCIeHotplug PME PCIeCapability]
[    2.099060] acpi PNP0A03:01: FADT indicates ASPM is unsupported, using BIOS configuration
[    2.099204] PCI host bridge to bus 0000:7f
[    2.099205] pci_bus 0000:7f: root bus resource [bus 7f]
[    2.099214] pci 0000:7f:00.0: [8086:344c] type 00 class 0x088000
[    2.099323] pci 0000:7f:00.1: [8086:344c] type 00 class 0x088000
[    2.099442] pci 0000:7f:00.2: [8086:344c] type 00 class 0x088000
[    2.099565] pci 0000:7f:00.3: [8086:344c] type 00 class 0x088000
[    2.099661] pci 0000:7f:00.4: [8086:344c] type 00 class 0x088000
[    2.099789] pci 0000:7f:00.5: [8086:344c] type 00 class 0x088000
[    2.099913] pci 0000:7f:00.6: [8086:344c] type 00 class 0x088000
[    2.099999] pci 0000:7f:00.7: [8086:344c] type 00 class 0x088000
[    2.100094] pci 0000:7f:01.0: [8086:344c] type 00 class 0x088000
[    2.100231] pci 0000:7f:01.1: [8086:344c] type 00 class 0x088000
[    2.100358] pci 0000:7f:01.2: [8086:344c] type 00 class 0x088000
[    2.100445] pci 0000:7f:01.3: [8086:344c] type 00 class 0x088000
[    2.100584] pci 0000:7f:01.4: [8086:344c] type 00 class 0x088000
[    2.100722] pci 0000:7f:01.5: [8086:344c] type 00 class 0x088000
[    2.100865] pci 0000:7f:01.6: [8086:344c] type 00 class 0x088000
[    2.100993] pci 0000:7f:01.7: [8086:344c] type 00 class 0x088000
[    2.101132] pci 0000:7f:02.0: [8086:344c] type 00 class 0x088000
[    2.101271] pci 0000:7f:02.1: [8086:344c] type 00 class 0x088000
[    2.101409] pci 0000:7f:02.2: [8086:344c] type 00 class 0x088000
[    2.101547] pci 0000:7f:02.3: [8086:344c] type 00 class 0x088000
[    2.101693] pci 0000:7f:02.4: [8086:344c] type 00 class 0x088000
[    2.101836] pci 0000:7f:02.5: [8086:344c] type 00 class 0x088000
[    2.101979] pci 0000:7f:02.6: [8086:344c] type 00 class 0x088000
[    2.102133] pci 0000:7f:02.7: [8086:344c] type 00 class 0x088000
[    2.102290] pci 0000:7f:03.0: [8086:344c] type 00 class 0x088000
[    2.102441] pci 0000:7f:03.1: [8086:344c] type 00 class 0x088000
[    2.102599] pci 0000:7f:03.2: [8086:344c] type 00 class 0x088000
[    2.102755] pci 0000:7f:03.3: [8086:344c] type 00 class 0x088000
[    2.102920] pci 0000:7f:0a.0: [8086:344d] type 00 class 0x088000
[    2.103030] pci 0000:7f:0a.1: [8086:344d] type 00 class 0x088000
[    2.103148] pci 0000:7f:0a.2: [8086:344d] type 00 class 0x088000
[    2.103267] pci 0000:7f:0a.3: [8086:344d] type 00 class 0x088000
[    2.103369] pci 0000:7f:0a.4: [8086:344d] type 00 class 0x088000
[    2.103498] pci 0000:7f:0a.5: [8086:344d] type 00 class 0x088000
[    2.103621] pci 0000:7f:0a.6: [8086:344d] type 00 class 0x088000
[    2.103709] pci 0000:7f:0a.7: [8086:344d] type 00 class 0x088000
[    2.103800] pci 0000:7f:0b.0: [8086:344d] type 00 class 0x088000
[    2.103936] pci 0000:7f:0b.1: [8086:344d] type 00 class 0x088000
[    2.104065] pci 0000:7f:0b.2: [8086:344d] type 00 class 0x088000
[    2.104152] pci 0000:7f:0b.3: [8086:344d] type 00 class 0x088000
[    2.104295] pci 0000:7f:0b.4: [8086:344d] type 00 class 0x088000
[    2.104435] pci 0000:7f:0b.5: [8086:344d] type 00 class 0x088000
[    2.104578] pci 0000:7f:0b.6: [8086:344d] type 00 class 0x088000
[    2.104706] pci 0000:7f:0b.7: [8086:344d] type 00 class 0x088000
[    2.104842] pci 0000:7f:0c.0: [8086:344d] type 00 class 0x088000
[    2.104982] pci 0000:7f:0c.1: [8086:344d] type 00 class 0x088000
[    2.105119] pci 0000:7f:0c.2: [8086:344d] type 00 class 0x088000
[    2.105259] pci 0000:7f:0c.3: [8086:344d] type 00 class 0x088000
[    2.105410] pci 0000:7f:0c.4: [8086:344d] type 00 class 0x088000
[    2.105552] pci 0000:7f:0c.5: [8086:344d] type 00 class 0x088000
[    2.105697] pci 0000:7f:0c.6: [8086:344d] type 00 class 0x088000
[    2.105851] pci 0000:7f:0c.7: [8086:344d] type 00 class 0x088000
[    2.106003] pci 0000:7f:0d.0: [8086:344d] type 00 class 0x088000
[    2.106156] pci 0000:7f:0d.1: [8086:344d] type 00 class 0x088000
[    2.106315] pci 0000:7f:0d.2: [8086:344d] type 00 class 0x088000
[    2.106473] pci 0000:7f:0d.3: [8086:344d] type 00 class 0x088000
[    2.106654] pci 0000:7f:1d.0: [8086:344f] type 00 class 0x088000
[    2.106773] pci 0000:7f:1d.1: [8086:3457] type 00 class 0x088000
[    2.106890] pci 0000:7f:1e.0: [8086:3458] type 00 class 0x088000
[    2.106970] pci 0000:7f:1e.1: [8086:3459] type 00 class 0x088000
[    2.107046] pci 0000:7f:1e.2: [8086:345a] type 00 class 0x088000
[    2.107119] pci 0000:7f:1e.3: [8086:345b] type 00 class 0x088000
[    2.107194] pci 0000:7f:1e.4: [8086:345c] type 00 class 0x088000
[    2.107268] pci 0000:7f:1e.5: [8086:345d] type 00 class 0x088000
[    2.107347] pci 0000:7f:1e.6: [8086:345e] type 00 class 0x088000
[    2.107422] pci 0000:7f:1e.7: [8086:345f] type 00 class 0x088000
[    2.107493] pci_bus 0000:7f: on NUMA node 0
[    2.107583] ACPI: PCI Root Bridge [PC06] (domain 0000 [bus 80])
[    2.107585] acpi PNP0A08:06: _OSC: OS supports [ExtendedConfig ASPM ClockPM Segments MSI HPX-Type3]
[    2.107678] acpi PNP0A08:06: PCIe AER handled by firmware
[    2.107787] acpi PNP0A08:06: _OSC: platform does not support [SHPCHotplug]
[    2.107994] acpi PNP0A08:06: _OSC: OS now controls [PCIeHotplug PME PCIeCapability LTR]
[    2.107994] acpi PNP0A08:06: FADT indicates ASPM is unsupported, using BIOS configuration
[    2.108142] PCI host bridge to bus 0000:80
[    2.108143] pci_bus 0000:80: root bus resource [io  0xb000-0xbfff window]
[    2.108144] pci_bus 0000:80: root bus resource [mem 0xc6800000-0xd0ffffff window]
[    2.108145] pci_bus 0000:80: root bus resource [mem 0x250000000000-0x25ffffffffff window]
[    2.108146] pci_bus 0000:80: root bus resource [bus 80]
[    2.108153] pci 0000:80:00.0: [8086:09a2] type 00 class 0x088000
[    2.108233] pci 0000:80:00.1: [8086:09a4] type 00 class 0x088000
[    2.108313] pci 0000:80:00.2: [8086:09a3] type 00 class 0x088000
[    2.108390] pci 0000:80:00.4: [8086:0998] type 00 class 0x060000
[    2.108468] pci 0000:80:02.0: [8086:09a6] type 00 class 0x088000
[    2.108477] pci 0000:80:02.0: reg 0x10: [mem 0xc6aa4000-0xc6aa5fff]
[    2.108542] pci 0000:80:02.1: [8086:09a7] type 00 class 0x088000
[    2.108552] pci 0000:80:02.1: reg 0x10: [mem 0xc6a00000-0xc6a7ffff]
[    2.108557] pci 0000:80:02.1: reg 0x14: [mem 0xc6980000-0xc69fffff]
[    2.108626] pci 0000:80:02.4: [8086:3456] type 00 class 0x130000
[    2.108638] pci 0000:80:02.4: reg 0x10: [mem 0xc6800000-0xc68fffff 64bit]
[    2.108645] pci 0000:80:02.4: reg 0x18: [mem 0xc6aa0000-0xc6aa3fff 64bit]
[    2.108651] pci 0000:80:02.4: reg 0x20: [mem 0xc6a80000-0xc6a9ffff 64bit]
[    2.108712] pci_bus 0000:80: on NUMA node 1
[    2.108779] ACPI: PCI Root Bridge [PC07] (domain 0000 [bus 81])
[    2.108781] acpi PNP0A08:07: _OSC: OS supports [ExtendedConfig ASPM ClockPM Segments MSI HPX-Type3]
[    2.108872] acpi PNP0A08:07: PCIe AER handled by firmware
[    2.108981] acpi PNP0A08:07: _OSC: platform does not support [SHPCHotplug]
[    2.109189] acpi PNP0A08:07: _OSC: OS now controls [PCIeHotplug PME PCIeCapability LTR]
[    2.109190] acpi PNP0A08:07: FADT indicates ASPM is unsupported, using BIOS configuration
[    2.109304] PCI host bridge to bus 0000:81
[    2.109305] pci_bus 0000:81: root bus resource [io  0xc000-0xcfff window]
[    2.109305] pci_bus 0000:81: root bus resource [mem 0xd1000000-0xdbbfffff window]
[    2.109306] pci_bus 0000:81: root bus resource [mem 0x260000000000-0x26ffffffffff window]
[    2.109307] pci_bus 0000:81: root bus resource [bus 81]
[    2.109314] pci 0000:81:00.0: [8086:09a2] type 00 class 0x088000
[    2.109383] pci 0000:81:00.1: [8086:09a4] type 00 class 0x088000
[    2.109449] pci 0000:81:00.2: [8086:09a3] type 00 class 0x088000
[    2.109517] pci 0000:81:00.4: [8086:0998] type 00 class 0x060000
[    2.109597] pci_bus 0000:81: on NUMA node 1
[    2.109656] ACPI: PCI Root Bridge [PC08] (domain 0000 [bus 82])
[    2.109658] acpi PNP0A08:08: _OSC: OS supports [ExtendedConfig ASPM ClockPM Segments MSI HPX-Type3]
[    2.109752] acpi PNP0A08:08: PCIe AER handled by firmware
[    2.109861] acpi PNP0A08:08: _OSC: platform does not support [SHPCHotplug]
[    2.110069] acpi PNP0A08:08: _OSC: OS now controls [PCIeHotplug PME PCIeCapability LTR]
[    2.110070] acpi PNP0A08:08: FADT indicates ASPM is unsupported, using BIOS configuration
[    2.110179] PCI host bridge to bus 0000:82
[    2.110180] pci_bus 0000:82: root bus resource [io  0xd000-0xdfff window]
[    2.110181] pci_bus 0000:82: root bus resource [mem 0xdbc00000-0xe67fffff window]
[    2.110182] pci_bus 0000:82: root bus resource [mem 0x270000000000-0x27ffffffffff window]
[    2.110183] pci_bus 0000:82: root bus resource [bus 82]
[    2.110190] pci 0000:82:00.0: [8086:09a2] type 00 class 0x088000
[    2.110259] pci 0000:82:00.1: [8086:09a4] type 00 class 0x088000
[    2.110327] pci 0000:82:00.2: [8086:09a3] type 00 class 0x088000
[    2.110399] pci 0000:82:00.4: [8086:0998] type 00 class 0x060000
[    2.110481] pci_bus 0000:82: on NUMA node 1
[    2.110566] ACPI: PCI Root Bridge [PC10] (domain 0000 [bus 83-f9])
[    2.110568] acpi PNP0A08:0a: _OSC: OS supports [ExtendedConfig ASPM ClockPM Segments MSI HPX-Type3]
[    2.110659] acpi PNP0A08:0a: PCIe AER handled by firmware
[    2.110767] acpi PNP0A08:0a: _OSC: platform does not support [SHPCHotplug]
[    2.110972] acpi PNP0A08:0a: _OSC: OS now controls [PCIeHotplug PME PCIeCapability LTR]
[    2.110973] acpi PNP0A08:0a: FADT indicates ASPM is unsupported, using BIOS configuration
[    2.111093] PCI host bridge to bus 0000:83
[    2.111094] pci_bus 0000:83: root bus resource [io  0xe000-0xefff window]
[    2.111094] pci_bus 0000:83: root bus resource [mem 0xe6800000-0xf13fffff window]
[    2.111095] pci_bus 0000:83: root bus resource [mem 0x280000000000-0x28ffffffffff window]
[    2.111096] pci_bus 0000:83: root bus resource [bus 83-f9]
[    2.111103] pci 0000:83:00.0: [8086:09a2] type 00 class 0x088000
[    2.111172] pci 0000:83:00.1: [8086:09a4] type 00 class 0x088000
[    2.111240] pci 0000:83:00.2: [8086:09a3] type 00 class 0x088000
[    2.111310] pci 0000:83:00.4: [8086:0998] type 00 class 0x060000
[    2.111388] pci_bus 0000:83: on NUMA node 1
[    2.111447] ACPI: PCI Root Bridge [PC11] (domain 0000 [bus fa])
[    2.111449] acpi PNP0A08:0b: _OSC: OS supports [ExtendedConfig ASPM ClockPM Segments MSI HPX-Type3]
[    2.111541] acpi PNP0A08:0b: PCIe AER handled by firmware
[    2.111649] acpi PNP0A08:0b: _OSC: platform does not support [SHPCHotplug]
[    2.111855] acpi PNP0A08:0b: _OSC: OS now controls [PCIeHotplug PME PCIeCapability LTR]
[    2.111855] acpi PNP0A08:0b: FADT indicates ASPM is unsupported, using BIOS configuration
[    2.111968] PCI host bridge to bus 0000:fa
[    2.111969] pci_bus 0000:fa: root bus resource [io  0xf000-0xffff window]
[    2.111970] pci_bus 0000:fa: root bus resource [mem 0xf1400000-0xfb7fffff window]
[    2.111971] pci_bus 0000:fa: root bus resource [mem 0x290000000000-0x29ffffffffff window]
[    2.111971] pci_bus 0000:fa: root bus resource [bus fa]
[    2.111979] pci 0000:fa:00.0: [8086:09a2] type 00 class 0x088000
[    2.112047] pci 0000:fa:00.1: [8086:09a4] type 00 class 0x088000
[    2.112115] pci 0000:fa:00.2: [8086:09a3] type 00 class 0x088000
[    2.112191] pci 0000:fa:00.4: [8086:0998] type 00 class 0x060000
[    2.112271] pci_bus 0000:fa: on NUMA node 1
[    2.112327] ACPI: PCI Root Bridge [UC16] (domain 0000 [bus fe])
[    2.112329] acpi PNP0A03:02: _OSC: OS supports [ExtendedConfig ASPM ClockPM Segments MSI HPX-Type3]
[    2.112405] acpi PNP0A03:02: PCIe AER handled by firmware
[    2.112497] acpi PNP0A03:02: _OSC: platform does not support [SHPCHotplug LTR]
[    2.112671] acpi PNP0A03:02: _OSC: OS now controls [PCIeHotplug PME PCIeCapability]
[    2.112672] acpi PNP0A03:02: FADT indicates ASPM is unsupported, using BIOS configuration
[    2.112802] PCI host bridge to bus 0000:fe
[    2.112803] pci_bus 0000:fe: root bus resource [bus fe]
[    2.112809] pci 0000:fe:00.0: [8086:3450] type 00 class 0x088000
[    2.112880] pci 0000:fe:00.1: [8086:3451] type 00 class 0x088000
[    2.112945] pci 0000:fe:00.2: [8086:3452] type 00 class 0x088000
[    2.113013] pci 0000:fe:00.3: [8086:0998] type 00 class 0x060000
[    2.113082] pci 0000:fe:00.5: [8086:3455] type 00 class 0x088000
[    2.113154] pci 0000:fe:02.0: [8086:3440] type 00 class 0x088000
[    2.113279] pci 0000:fe:02.1: [8086:3441] type 00 class 0x088000
[    2.113404] pci 0000:fe:02.2: [8086:3442] type 00 class 0x088000
[    2.113521] pci 0000:fe:03.0: [8086:3440] type 00 class 0x088000
[    2.113614] pci 0000:fe:03.1: [8086:3441] type 00 class 0x088000
[    2.113702] pci 0000:fe:03.2: [8086:3442] type 00 class 0x088000
[    2.113793] pci 0000:fe:04.0: [8086:3440] type 00 class 0x088000
[    2.113924] pci 0000:fe:04.1: [8086:3441] type 00 class 0x088000
[    2.114050] pci 0000:fe:04.2: [8086:3442] type 00 class 0x088000
[    2.114175] pci 0000:fe:04.3: [8086:3443] type 00 class 0x088000
[    2.114309] pci 0000:fe:05.0: [8086:3445] type 00 class 0x088000
[    2.114435] pci 0000:fe:05.1: [8086:3446] type 00 class 0x088000
[    2.114556] pci 0000:fe:05.2: [8086:3447] type 00 class 0x088000
[    2.114679] pci 0000:fe:06.0: [8086:3445] type 00 class 0x088000
[    2.114772] pci 0000:fe:06.1: [8086:3446] type 00 class 0x088000
[    2.114861] pci 0000:fe:06.2: [8086:3447] type 00 class 0x088000
[    2.114956] pci 0000:fe:07.0: [8086:3445] type 00 class 0x088000
[    2.115088] pci 0000:fe:07.1: [8086:3446] type 00 class 0x088000
[    2.115223] pci 0000:fe:07.2: [8086:3447] type 00 class 0x088000
[    2.115350] pci 0000:fe:0b.0: [8086:3448] type 00 class 0x088000
[    2.115429] pci 0000:fe:0b.1: [8086:3448] type 00 class 0x088000
[    2.115504] pci 0000:fe:0b.2: [8086:344b] type 00 class 0x088000
[    2.115585] pci 0000:fe:0c.0: [8086:344a] type 00 class 0x110100
[    2.115688] pci 0000:fe:0d.0: [8086:344a] type 00 class 0x110100
[    2.115784] pci 0000:fe:0e.0: [8086:344a] type 00 class 0x110100
[    2.115939] pci 0000:fe:0f.0: [8086:344a] type 00 class 0x110100
[    2.116112] pci 0000:fe:1a.0: [8086:2880] type 00 class 0x110100
[    2.116211] pci 0000:fe:1b.0: [8086:2880] type 00 class 0x110100
[    2.116308] pci 0000:fe:1c.0: [8086:2880] type 00 class 0x110100
[    2.116468] pci 0000:fe:1d.0: [8086:2880] type 00 class 0x110100
[    2.116629] pci_bus 0000:fe: on NUMA node 1
[    2.116701] ACPI: PCI Root Bridge [UC17] (domain 0000 [bus ff])
[    2.116703] acpi PNP0A03:03: _OSC: OS supports [ExtendedConfig ASPM ClockPM Segments MSI HPX-Type3]
[    2.116778] acpi PNP0A03:03: PCIe AER handled by firmware
[    2.116870] acpi PNP0A03:03: _OSC: platform does not support [SHPCHotplug LTR]
[    2.117043] acpi PNP0A03:03: _OSC: OS now controls [PCIeHotplug PME PCIeCapability]
[    2.117044] acpi PNP0A03:03: FADT indicates ASPM is unsupported, using BIOS configuration
[    2.117187] PCI host bridge to bus 0000:ff
[    2.117188] pci_bus 0000:ff: root bus resource [bus ff]
[    2.117198] pci 0000:ff:00.0: [8086:344c] type 00 class 0x088000
[    2.117314] pci 0000:ff:00.1: [8086:344c] type 00 class 0x088000
[    2.117433] pci 0000:ff:00.2: [8086:344c] type 00 class 0x088000
[    2.117540] pci 0000:ff:00.3: [8086:344c] type 00 class 0x088000
[    2.117674] pci 0000:ff:00.4: [8086:344c] type 00 class 0x088000
[    2.117798] pci 0000:ff:00.5: [8086:344c] type 00 class 0x088000
[    2.117902] pci 0000:ff:00.6: [8086:344c] type 00 class 0x088000
[    2.118036] pci 0000:ff:00.7: [8086:344c] type 00 class 0x088000
[    2.118168] pci 0000:ff:01.0: [8086:344c] type 00 class 0x088000
[    2.118310] pci 0000:ff:01.1: [8086:344c] type 00 class 0x088000
[    2.118444] pci 0000:ff:01.2: [8086:344c] type 00 class 0x088000
[    2.118535] pci 0000:ff:01.3: [8086:344c] type 00 class 0x088000
[    2.118684] pci 0000:ff:01.4: [8086:344c] type 00 class 0x088000
[    2.118830] pci 0000:ff:01.5: [8086:344c] type 00 class 0x088000
[    2.118977] pci 0000:ff:01.6: [8086:344c] type 00 class 0x088000
[    2.119111] pci 0000:ff:01.7: [8086:344c] type 00 class 0x088000
[    2.119251] pci 0000:ff:02.0: [8086:344c] type 00 class 0x088000
[    2.119393] pci 0000:ff:02.1: [8086:344c] type 00 class 0x088000
[    2.119532] pci 0000:ff:02.2: [8086:344c] type 00 class 0x088000
[    2.119678] pci 0000:ff:02.3: [8086:344c] type 00 class 0x088000
[    2.119825] pci 0000:ff:02.4: [8086:344c] type 00 class 0x088000
[    2.119969] pci 0000:ff:02.5: [8086:344c] type 00 class 0x088000
[    2.120120] pci 0000:ff:02.6: [8086:344c] type 00 class 0x088000
[    2.120268] pci 0000:ff:02.7: [8086:344c] type 00 class 0x088000
[    2.120429] pci 0000:ff:03.0: [8086:344c] type 00 class 0x088000
[    2.120591] pci 0000:ff:03.1: [8086:344c] type 00 class 0x088000
[    2.120747] pci 0000:ff:03.2: [8086:344c] type 00 class 0x088000
[    2.120916] pci 0000:ff:03.3: [8086:344c] type 00 class 0x088000
[    2.121095] pci 0000:ff:0a.0: [8086:344d] type 00 class 0x088000
[    2.121209] pci 0000:ff:0a.1: [8086:344d] type 00 class 0x088000
[    2.121329] pci 0000:ff:0a.2: [8086:344d] type 00 class 0x088000
[    2.121436] pci 0000:ff:0a.3: [8086:344d] type 00 class 0x088000
[    2.121564] pci 0000:ff:0a.4: [8086:344d] type 00 class 0x088000
[    2.121688] pci 0000:ff:0a.5: [8086:344d] type 00 class 0x088000
[    2.121792] pci 0000:ff:0a.6: [8086:344d] type 00 class 0x088000
[    2.121925] pci 0000:ff:0a.7: [8086:344d] type 00 class 0x088000
[    2.122063] pci 0000:ff:0b.0: [8086:344d] type 00 class 0x088000
[    2.122205] pci 0000:ff:0b.1: [8086:344d] type 00 class 0x088000
[    2.122339] pci 0000:ff:0b.2: [8086:344d] type 00 class 0x088000
[    2.122430] pci 0000:ff:0b.3: [8086:344d] type 00 class 0x088000
[    2.122574] pci 0000:ff:0b.4: [8086:344d] type 00 class 0x088000
[    2.122718] pci 0000:ff:0b.5: [8086:344d] type 00 class 0x088000
[    2.122865] pci 0000:ff:0b.6: [8086:344d] type 00 class 0x088000
[    2.122999] pci 0000:ff:0b.7: [8086:344d] type 00 class 0x088000
[    2.123146] pci 0000:ff:0c.0: [8086:344d] type 00 class 0x088000
[    2.123290] pci 0000:ff:0c.1: [8086:344d] type 00 class 0x088000
[    2.123430] pci 0000:ff:0c.2: [8086:344d] type 00 class 0x088000
[    2.123576] pci 0000:ff:0c.3: [8086:344d] type 00 class 0x088000
[    2.123718] pci 0000:ff:0c.4: [8086:344d] type 00 class 0x088000
[    2.123862] pci 0000:ff:0c.5: [8086:344d] type 00 class 0x088000
[    2.124013] pci 0000:ff:0c.6: [8086:344d] type 00 class 0x088000
[    2.124161] pci 0000:ff:0c.7: [8086:344d] type 00 class 0x088000
[    2.124326] pci 0000:ff:0d.0: [8086:344d] type 00 class 0x088000
[    2.124488] pci 0000:ff:0d.1: [8086:344d] type 00 class 0x088000
[    2.124641] pci 0000:ff:0d.2: [8086:344d] type 00 class 0x088000
[    2.124806] pci 0000:ff:0d.3: [8086:344d] type 00 class 0x088000
[    2.124989] pci 0000:ff:1d.0: [8086:344f] type 00 class 0x088000
[    2.125111] pci 0000:ff:1d.1: [8086:3457] type 00 class 0x088000
[    2.125232] pci 0000:ff:1e.0: [8086:3458] type 00 class 0x088000
[    2.125312] pci 0000:ff:1e.1: [8086:3459] type 00 class 0x088000
[    2.125395] pci 0000:ff:1e.2: [8086:345a] type 00 class 0x088000
[    2.125472] pci 0000:ff:1e.3: [8086:345b] type 00 class 0x088000
[    2.125548] pci 0000:ff:1e.4: [8086:345c] type 00 class 0x088000
[    2.125626] pci 0000:ff:1e.5: [8086:345d] type 00 class 0x088000
[    2.125704] pci 0000:ff:1e.6: [8086:345e] type 00 class 0x088000
[    2.125780] pci 0000:ff:1e.7: [8086:345f] type 00 class 0x088000
[    2.125857] pci_bus 0000:ff: on NUMA node 1
[    2.129687] HMAT: Memory (0x0 length 0x80000000) Flags:0003 Processor Domain:0 Memory Domain:0
[    2.129687] HMAT: Memory (0x100000000 length 0xf80000000) Flags:0003 Processor Domain:0 Memory Domain:0
[    2.129687] HMAT: Memory (0x2080000000 length 0x7e00000000) Flags:0003 Processor Domain:0 Memory Domain:2
[    2.129687] HMAT: Memory (0x1080000000 length 0x1000000000) Flags:0003 Processor Domain:1 Memory Domain:1
[    2.129687] HMAT: Memory (0x9e80000000 length 0x7e00000000) Flags:0003 Processor Domain:1 Memory Domain:3
[    2.129687] HMAT: Locality: Flags:00 Type:Read Latency Initiator Domains:2 Target Domains:4 Base:100
[    2.129687]   Initiator-Target[0-0]:7600 nsec
[    2.129687]   Initiator-Target[0-1]:13560 nsec
[    2.129687]   Initiator-Target[0-2]:25350 nsec
[    2.129687]   Initiator-Target[0-3]:31600 nsec
[    2.129687]   Initiator-Target[1-0]:13560 nsec
[    2.129687]   Initiator-Target[1-1]:7600 nsec
[    2.129687]   Initiator-Target[1-2]:31600 nsec
[    2.129687]   Initiator-Target[1-3]:25350 nsec
[    2.129687] HMAT: Locality: Flags:00 Type:Write Latency Initiator Domains:2 Target Domains:4 Base:100
[    2.129687]   Initiator-Target[0-0]:7600 nsec
[    2.129687]   Initiator-Target[0-1]:13560 nsec
[    2.129687]   Initiator-Target[0-2]:25350 nsec
[    2.129687]   Initiator-Target[0-3]:31600 nsec
[    2.129687]   Initiator-Target[1-0]:13560 nsec
[    2.129687]   Initiator-Target[1-1]:7600 nsec
[    2.129687]   Initiator-Target[1-2]:31600 nsec
[    2.129687]   Initiator-Target[1-3]:25350 nsec
[    2.129687] HMAT: Locality: Flags:00 Type:Read Bandwidth Initiator Domains:2 Target Domains:4 Base:1
[    2.129687]   Initiator-Target[0-0]:1790 MB/s
[    2.129687]   Initiator-Target[0-1]:1790 MB/s
[    2.129687]   Initiator-Target[0-2]:463 MB/s
[    2.129687]   Initiator-Target[0-3]:463 MB/s
[    2.129687]   Initiator-Target[1-0]:1790 MB/s
[    2.129687]   Initiator-Target[1-1]:1790 MB/s
[    2.129687]   Initiator-Target[1-2]:463 MB/s
[    2.129687]   Initiator-Target[1-3]:463 MB/s
[    2.129687] HMAT: Locality: Flags:00 Type:Write Bandwidth Initiator Domains:2 Target Domains:4 Base:1
[    2.129687]   Initiator-Target[0-0]:1910 MB/s
[    2.129687]   Initiator-Target[0-1]:1910 MB/s
[    2.129687]   Initiator-Target[0-2]:138 MB/s
[    2.129687]   Initiator-Target[0-3]:138 MB/s
[    2.129687]   Initiator-Target[1-0]:1910 MB/s
[    2.129687]   Initiator-Target[1-1]:1910 MB/s
[    2.129687]   Initiator-Target[1-2]:138 MB/s
[    2.129687]   Initiator-Target[1-3]:138 MB/s
[    2.129687] WARNING: CPU: 62 PID: 1 at drivers/base/node.c:191 node_set_perf_attrs+0x90/0xb0
[    2.129687] Modules linked in:
[    2.129687] CPU: 62 PID: 1 Comm: swapper/0 Not tainted 5.3.1-multiclock #1
[    2.129687] Hardware name: Dell Inc. PowerEdge R750/0K8F35, BIOS 1.10.2 03/03/2023
[    2.129687] RIP: 0010:node_set_perf_attrs+0x90/0xb0
[    2.129687] Code: f4 02 00 00 4c 89 ea 4c 89 e7 e8 bb bf c7 ff 85 c0 75 24 48 83 c3 08 48 8b 33 48 85 f6 75 e5 5b 41 5a 41 5c 41 5d 41 5e 5d c3 <0f> 0b 5b 41 5a 41 5c 41 5d 41 5e 5d c3 44 89 f6 48 c7 c7 70 5b 9a
[    2.129687] RSP: 0000:ffffa07680117d80 EFLAGS: 00010246
[    2.129687] RAX: 0000000000000002 RBX: 0000000000000003 RCX: 0000000000000000
[    2.129687] RDX: 0000000000000000 RSI: ffff90b99db3ff18 RDI: 0000000000000002
[    2.129687] RBP: ffffa07680117da8 R08: ffff90b99d7ddc40 R09: 0000000000000000
[    2.129687] R10: ffff90b9a0e0f150 R11: ffff90a9dd074c70 R12: ffff90b99db3ff00
[    2.129687] R13: ffffffffb80db310 R14: 0000000000000005 R15: ffffffffb7e95806
[    2.129687] FS:  0000000000000000(0000) GS:ffff90a9ddbc0000(0000) knlGS:0000000000000000
[    2.129687] CS:  0010 DS: 0000 ES: 0000 CR0: 0000000080050033
[    2.129687] CR2: 0000000000000000 CR3: 000000048840a001 CR4: 0000000000760ee0
[    2.129687] DR0: 0000000000000000 DR1: 0000000000000000 DR2: 0000000000000000
[    2.129687] DR3: 0000000000000000 DR6: 00000000fffe0ff0 DR7: 0000000000000400
[    2.129687] PKRU: 55555554
[    2.129687] Call Trace:
[    2.129687]  hmat_init+0x32a/0x43c
[    2.129687]  ? hmat_parse_subtable+0x503/0x503
[    2.129687]  ? set_debug_rodata+0x17/0x17
[    2.129687]  do_one_initcall+0x4a/0x1fa
[    2.129687]  kernel_init_freeable+0x1c6/0x26d
[    2.129687]  ? rest_init+0xb0/0xb0
[    2.129687]  kernel_init+0xe/0x110
[    2.129687]  ret_from_fork+0x1f/0x40
[    2.129687] ---[ end trace f499eeebe88720b1 ]---
[    2.129705] pci 0000:03:00.0: vgaarb: setting as boot VGA device
[    2.129705] pci 0000:03:00.0: vgaarb: VGA device added: decodes=io+mem,owns=io+mem,locks=none
[    2.129759] pci 0000:03:00.0: vgaarb: bridge control possible
[    2.129760] vgaarb: loaded
[    2.129959] SCSI subsystem initialized
[    2.130103] libata version 3.00 loaded.
[    2.130103] ACPI: bus type USB registered
[    2.130103] usbcore: registered new interface driver usbfs
[    2.130103] usbcore: registered new interface driver hub
[    2.130103] usbcore: registered new device driver usb
[    2.130103] pps_core: LinuxPPS API ver. 1 registered
[    2.130103] pps_core: Software ver. 5.3.6 - Copyright 2005-2007 Rodolfo Giometti <giometti@linux.it>
[    2.130103] PTP clock support registered
[    2.130206] EDAC MC: Ver: 3.0.0
[    2.130400] Registered efivars operations
[    2.130400] PCI: Using ACPI for IRQ routing
[    2.133160] PCI: pci_cache_line_size set to 64 bytes
[    2.133755] e820: reserve RAM buffer [mem 0x0008f000-0x0008ffff]
[    2.133756] e820: reserve RAM buffer [mem 0x47bad020-0x47ffffff]
[    2.133757] e820: reserve RAM buffer [mem 0x47bdf020-0x47ffffff]
[    2.133758] e820: reserve RAM buffer [mem 0x47c12020-0x47ffffff]
[    2.133759] e820: reserve RAM buffer [mem 0x47c45020-0x47ffffff]
[    2.133760] e820: reserve RAM buffer [mem 0x49e77000-0x4bffffff]
[    2.133761] e820: reserve RAM buffer [mem 0x4b2cf000-0x4bffffff]
[    2.133761] e820: reserve RAM buffer [mem 0x4bd94000-0x4bffffff]
[    2.133762] e820: reserve RAM buffer [mem 0x4ce00000-0x4fffffff]
[    2.133763] e820: reserve RAM buffer [mem 0x5eefe000-0x5fffffff]
[    2.133764] e820: reserve RAM buffer [mem 0x6f800000-0x6fffffff]
[    2.134051] NetLabel: Initializing
[    2.134052] NetLabel:  domain hash size = 128
[    2.134052] NetLabel:  protocols = UNLABELED CIPSOv4 CALIPSO
[    2.134071] NetLabel:  unlabeled traffic allowed by default
[    2.139020] hpet0: at MMIO 0xfed00000, IRQs 2, 8, 0, 0, 0, 0, 0, 0
[    2.139022] hpet0: 8 comparators, 64-bit 24.000000 MHz counter
[    2.141248] clocksource: Switched to clocksource tsc-early
[    2.148960] VFS: Disk quotas dquot_6.6.0
[    2.149001] VFS: Dquot-cache hash table entries: 512 (order 0, 4096 bytes)
[    2.149289] *** VALIDATE hugetlbfs ***
[    2.149406] AppArmor: AppArmor Filesystem Enabled
[    2.149425] pnp: PnP ACPI init
[    2.164880] pnp 00:00: Plug and Play ACPI device, IDs PNP0b00 (active)
[    2.165039] system 00:01: [io  0x0500-0x05fe] has been reserved
[    2.165040] system 00:01: [io  0x0400-0x041f] has been reserved
[    2.165041] system 00:01: [io  0x0600-0x061f] has been reserved
[    2.165042] system 00:01: [io  0x0ca0-0x0ca1] has been reserved
[    2.165043] system 00:01: [io  0x0ca4-0x0ca6] has been reserved
[    2.165045] system 00:01: [mem 0xff000000-0xffffffff] has been reserved
[    2.165048] system 00:01: Plug and Play ACPI device, IDs PNP0c02 (active)
[    2.165295] pnp 00:02: Plug and Play ACPI device, IDs PNP0501 (active)
[    2.165500] pnp 00:03: Plug and Play ACPI device, IDs PNP0501 (active)
[    2.165650] system 00:04: [mem 0xfd000000-0xfdabffff] has been reserved
[    2.165652] system 00:04: [mem 0xfdad0000-0xfdadffff] has been reserved
[    2.165653] system 00:04: [mem 0xfdb00000-0xfdffffff] has been reserved
[    2.165654] system 00:04: [mem 0xfe000000-0xfe00ffff] has been reserved
[    2.165655] system 00:04: [mem 0xfe011000-0xfe01ffff] has been reserved
[    2.165656] system 00:04: [mem 0xfe036000-0xfe03bfff] has been reserved
[    2.165657] system 00:04: [mem 0xfe03d000-0xfe3fffff] has been reserved
[    2.165658] system 00:04: [mem 0xfe410000-0xfe7fffff] has been reserved
[    2.165660] system 00:04: Plug and Play ACPI device, IDs PNP0c02 (active)
[    2.165993] system 00:05: [io  0x1000-0x10fe] has been reserved
[    2.165996] system 00:05: Plug and Play ACPI device, IDs PNP0c02 (active)
[    2.166993] pnp: PnP ACPI: found 6 devices
[    2.168050] thermal_sys: Registered thermal governor 'fair_share'
[    2.168051] thermal_sys: Registered thermal governor 'bang_bang'
[    2.168051] thermal_sys: Registered thermal governor 'step_wise'
[    2.168052] thermal_sys: Registered thermal governor 'user_space'
[    2.168052] thermal_sys: Registered thermal governor 'power_allocator'
[    2.172544] clocksource: acpi_pm: mask: 0xffffff max_cycles: 0xffffff, max_idle_ns: 2085701024 ns
[    2.172565] pci 0000:04:00.0: can't claim BAR 6 [mem 0xfffc0000-0xffffffff pref]: no compatible bridge window
[    2.172566] pci 0000:04:00.1: can't claim BAR 6 [mem 0xfffc0000-0xffffffff pref]: no compatible bridge window
[    2.172567] pci 0000:17:00.0: can't claim BAR 6 [mem 0xfff00000-0xffffffff pref]: no compatible bridge window
[    2.172582] pci 0000:00:1c.5: BAR 14: assigned [mem 0x90000000-0x900fffff]
[    2.172584] pci 0000:00:1c.0: PCI bridge to [bus 01]
[    2.172593] pci 0000:02:00.0: PCI bridge to [bus 03]
[    2.172597] pci 0000:02:00.0:   bridge window [mem 0x92000000-0x928fffff]
[    2.172601] pci 0000:02:00.0:   bridge window [mem 0x91000000-0x91ffffff 64bit pref]
[    2.172607] pci 0000:00:1c.4: PCI bridge to [bus 02-03]
[    2.172610] pci 0000:00:1c.4:   bridge window [mem 0x92000000-0x928fffff]
[    2.172612] pci 0000:00:1c.4:   bridge window [mem 0x91000000-0x91ffffff 64bit pref]
[    2.172617] pci 0000:04:00.0: BAR 6: assigned [mem 0x90000000-0x9003ffff pref]
[    2.172618] pci 0000:04:00.1: BAR 6: assigned [mem 0x90040000-0x9007ffff pref]
[    2.172619] pci 0000:00:1c.5: PCI bridge to [bus 04]
[    2.172621] pci 0000:00:1c.5:   bridge window [mem 0x90000000-0x900fffff]
[    2.172624] pci 0000:00:1c.5:   bridge window [mem 0x92900000-0x929fffff 64bit pref]
[    2.172628] pci_bus 0000:00: resource 4 [io  0x0000-0x0cf7 window]
[    2.172629] pci_bus 0000:00: resource 5 [io  0x1000-0x4fff window]
[    2.172630] pci_bus 0000:00: resource 6 [mem 0x000a0000-0x000bffff window]
[    2.172630] pci_bus 0000:00: resource 7 [mem 0x000c8000-0x000cffff window]
[    2.172631] pci_bus 0000:00: resource 8 [mem 0xfe010000-0xfe010fff window]
[    2.172632] pci_bus 0000:00: resource 9 [mem 0x90000000-0x9b7fffff window]
[    2.172633] pci_bus 0000:00: resource 10 [mem 0x200000000000-0x20ffffffffff window]
