[    0.000000] Linux version 5.3.1-multiclock (xmu@xmu-PowerEdge-R750) (gcc version 7.5.0 (Ubuntu 7.5.0-3ubuntu1~18.04)) #1 SMP Wed Aug 9 20:46:02 CST 2023
[    0.000000] Command line: BOOT_IMAGE=/boot/vmlinuz-5.3.1-multiclock root=UUID=ce0c24b8-724b-4f33-9b2c-618433560aef ro memmap=37G!4G memmap=55G!64G quiet splash nomodeset vt.handoff=1
[    0.000000] KERNEL supported cpus:
[    0.000000]   Intel GenuineIntel
[    0.000000]   AMD AuthenticAMD
[    0.000000]   Hygon HygonGenuine
[    0.000000]   Centaur CentaurHauls
[    0.000000]   zhaoxin   Shanghai  
[    0.000000] x86/fpu: Supporting XSAVE feature 0x001: 'x87 floating point registers'
[    0.000000] x86/fpu: Supporting XSAVE feature 0x002: 'SSE registers'
[    0.000000] x86/fpu: Supporting XSAVE feature 0x004: 'AVX registers'
[    0.000000] x86/fpu: Supporting XSAVE feature 0x020: 'AVX-512 opmask'
[    0.000000] x86/fpu: Supporting XSAVE feature 0x040: 'AVX-512 Hi256'
[    0.000000] x86/fpu: Supporting XSAVE feature 0x080: 'AVX-512 ZMM_Hi256'
[    0.000000] x86/fpu: Supporting XSAVE feature 0x200: 'Protection Keys User registers'
[    0.000000] x86/fpu: xstate_offset[2]:  576, xstate_sizes[2]:  256
[    0.000000] x86/fpu: xstate_offset[5]:  832, xstate_sizes[5]:   64
[    0.000000] x86/fpu: xstate_offset[6]:  896, xstate_sizes[6]:  512
[    0.000000] x86/fpu: xstate_offset[7]: 1408, xstate_sizes[7]: 1024
[    0.000000] x86/fpu: xstate_offset[9]: 2432, xstate_sizes[9]:    8
[    0.000000] x86/fpu: Enabled xstate features 0x2e7, context size is 2440 bytes, using 'compacted' format.
[    0.000000] BIOS-provided physical RAM map:
[    0.000000] BIOS-e820: [mem 0x0000000000000000-0x000000000008efff] usable
[    0.000000] BIOS-e820: [mem 0x000000000008f000-0x000000000008ffff] reserved
[    0.000000] BIOS-e820: [mem 0x0000000000090000-0x000000000009ffff] usable
[    0.000000] BIOS-e820: [mem 0x00000000000a0000-0x00000000000fffff] reserved
[    0.000000] BIOS-e820: [mem 0x0000000000100000-0x0000000049e76fff] usable
[    0.000000] BIOS-e820: [mem 0x0000000049e77000-0x000000004ae76fff] ACPI NVS
[    0.000000] BIOS-e820: [mem 0x000000004ae77000-0x000000004b2cefff] usable
[    0.000000] BIOS-e820: [mem 0x000000004b2cf000-0x000000004b54dfff] ACPI data
[    0.000000] BIOS-e820: [mem 0x000000004b54e000-0x000000004bd93fff] usable
[    0.000000] BIOS-e820: [mem 0x000000004bd94000-0x000000004be99fff] reserved
[    0.000000] BIOS-e820: [mem 0x000000004be9a000-0x000000004cdfffff] usable
[    0.000000] BIOS-e820: [mem 0x000000004ce00000-0x000000004cffffff] reserved
[    0.000000] BIOS-e820: [mem 0x000000004d000000-0x000000005eefdfff] usable
[    0.000000] BIOS-e820: [mem 0x000000005eefe000-0x000000006e3fefff] reserved
[    0.000000] BIOS-e820: [mem 0x000000006e3ff000-0x000000006f3fefff] ACPI NVS
[    0.000000] BIOS-e820: [mem 0x000000006f3ff000-0x000000006f7fefff] ACPI data
[    0.000000] BIOS-e820: [mem 0x000000006f7ff000-0x000000006f7fffff] usable
[    0.000000] BIOS-e820: [mem 0x000000006f800000-0x000000008fffffff] reserved
[    0.000000] BIOS-e820: [mem 0x00000000fe000000-0x00000000fe010fff] reserved
[    0.000000] BIOS-e820: [mem 0x0000000100000000-0x000000207fffffff] usable
[    0.000000] BIOS-e820: [mem 0x0000002080000000-0x0000011c7fffffff] persistent (type 7)
[    0.000000] BIOS-e820: [mem 0x00001ffc00000000-0x00001fffffffffff] reserved
[    0.000000] NX (Execute Disable) protection: active
[    0.000000] e820: update [mem 0x47c45020-0x47c4d05f] usable ==> usable
[    0.000000] e820: update [mem 0x47c45020-0x47c4d05f] usable ==> usable
[    0.000000] e820: update [mem 0x47c12020-0x47c44c5f] usable ==> usable
[    0.000000] e820: update [mem 0x47c12020-0x47c44c5f] usable ==> usable
[    0.000000] e820: update [mem 0x47bdf020-0x47c11c5f] usable ==> usable
[    0.000000] e820: update [mem 0x47bdf020-0x47c11c5f] usable ==> usable
[    0.000000] e820: update [mem 0x47bad020-0x47bdea5f] usable ==> usable
[    0.000000] e820: update [mem 0x47bad020-0x47bdea5f] usable ==> usable
[    0.000000] extended physical RAM map:
[    0.000000] reserve setup_data: [mem 0x0000000000000000-0x000000000008efff] usable
[    0.000000] reserve setup_data: [mem 0x000000000008f000-0x000000000008ffff] reserved
[    0.000000] reserve setup_data: [mem 0x0000000000090000-0x000000000009ffff] usable
[    0.000000] reserve setup_data: [mem 0x00000000000a0000-0x00000000000fffff] reserved
[    0.000000] reserve setup_data: [mem 0x0000000000100000-0x0000000047bad01f] usable
[    0.000000] reserve setup_data: [mem 0x0000000047bad020-0x0000000047bdea5f] usable
[    0.000000] reserve setup_data: [mem 0x0000000047bdea60-0x0000000047bdf01f] usable
[    0.000000] reserve setup_data: [mem 0x0000000047bdf020-0x0000000047c11c5f] usable
[    0.000000] reserve setup_data: [mem 0x0000000047c11c60-0x0000000047c1201f] usable
[    0.000000] reserve setup_data: [mem 0x0000000047c12020-0x0000000047c44c5f] usable
[    0.000000] reserve setup_data: [mem 0x0000000047c44c60-0x0000000047c4501f] usable
[    0.000000] reserve setup_data: [mem 0x0000000047c45020-0x0000000047c4d05f] usable
[    0.000000] reserve setup_data: [mem 0x0000000047c4d060-0x0000000049e76fff] usable
[    0.000000] reserve setup_data: [mem 0x0000000049e77000-0x000000004ae76fff] ACPI NVS
[    0.000000] reserve setup_data: [mem 0x000000004ae77000-0x000000004b2cefff] usable
[    0.000000] reserve setup_data: [mem 0x000000004b2cf000-0x000000004b54dfff] ACPI data
[    0.000000] reserve setup_data: [mem 0x000000004b54e000-0x000000004bd93fff] usable
[    0.000000] reserve setup_data: [mem 0x000000004bd94000-0x000000004be99fff] reserved
[    0.000000] reserve setup_data: [mem 0x000000004be9a000-0x000000004cdfffff] usable
[    0.000000] reserve setup_data: [mem 0x000000004ce00000-0x000000004cffffff] reserved
[    0.000000] reserve setup_data: [mem 0x000000004d000000-0x000000005eefdfff] usable
[    0.000000] reserve setup_data: [mem 0x000000005eefe000-0x000000006e3fefff] reserved
[    0.000000] reserve setup_data: [mem 0x000000006e3ff000-0x000000006f3fefff] ACPI NVS
[    0.000000] reserve setup_data: [mem 0x000000006f3ff000-0x000000006f7fefff] ACPI data
[    0.000000] reserve setup_data: [mem 0x000000006f7ff000-0x000000006f7fffff] usable
[    0.000000] reserve setup_data: [mem 0x000000006f800000-0x000000008fffffff] reserved
[    0.000000] reserve setup_data: [mem 0x00000000fe000000-0x00000000fe010fff] reserved
[    0.000000] reserve setup_data: [mem 0x0000000100000000-0x0000000a3fffffff] persistent (type 12)
[    0.000000] reserve setup_data: [mem 0x0000000a40000000-0x0000000fffffffff] usable
[    0.000000] reserve setup_data: [mem 0x0000001000000000-0x0000001dbfffffff] persistent (type 12)
[    0.000000] reserve setup_data: [mem 0x0000001dc0000000-0x000000207fffffff] usable
[    0.000000] reserve setup_data: [mem 0x0000002080000000-0x0000011c7fffffff] persistent (type 7)
[    0.000000] reserve setup_data: [mem 0x00001ffc00000000-0x00001fffffffffff] reserved
[    0.000000] user-defined physical RAM map:
[    0.000000] user: [mem 0x0000000000000000-0x000000000008efff] usable
[    0.000000] user: [mem 0x000000000008f000-0x000000000008ffff] reserved
[    0.000000] user: [mem 0x0000000000090000-0x000000000009ffff] usable
[    0.000000] user: [mem 0x00000000000a0000-0x00000000000fffff] reserved
[    0.000000] user: [mem 0x0000000000100000-0x0000000047bad01f] usable
[    0.000000] user: [mem 0x0000000047bad020-0x0000000047bdea5f] usable
[    0.000000] user: [mem 0x0000000047bdea60-0x0000000047bdf01f] usable
[    0.000000] user: [mem 0x0000000047bdf020-0x0000000047c11c5f] usable
[    0.000000] user: [mem 0x0000000047c11c60-0x0000000047c1201f] usable
[    0.000000] user: [mem 0x0000000047c12020-0x0000000047c44c5f] usable
[    0.000000] user: [mem 0x0000000047c44c60-0x0000000047c4501f] usable
[    0.000000] user: [mem 0x0000000047c45020-0x0000000047c4d05f] usable
[    0.000000] user: [mem 0x0000000047c4d060-0x0000000049e76fff] usable
[    0.000000] user: [mem 0x0000000049e77000-0x000000004ae76fff] ACPI NVS
[    0.000000] user: [mem 0x000000004ae77000-0x000000004b2cefff] usable
[    0.000000] user: [mem 0x000000004b2cf000-0x000000004b54dfff] ACPI data
[    0.000000] user: [mem 0x000000004b54e000-0x000000004bd93fff] usable
[    0.000000] user: [mem 0x000000004bd94000-0x000000004be99fff] reserved
[    0.000000] user: [mem 0x000000004be9a000-0x000000004cdfffff] usable
[    0.000000] user: [mem 0x000000004ce00000-0x000000004cffffff] reserved
[    0.000000] user: [mem 0x000000004d000000-0x000000005eefdfff] usable
[    0.000000] user: [mem 0x000000005eefe000-0x000000006e3fefff] reserved
[    0.000000] user: [mem 0x000000006e3ff000-0x000000006f3fefff] ACPI NVS
[    0.000000] user: [mem 0x000000006f3ff000-0x000000006f7fefff] ACPI data
[    0.000000] user: [mem 0x000000006f7ff000-0x000000006f7fffff] usable
[    0.000000] user: [mem 0x000000006f800000-0x000000008fffffff] reserved
[    0.000000] user: [mem 0x00000000fe000000-0x00000000fe010fff] reserved
[    0.000000] user: [mem 0x0000000100000000-0x0000000a3fffffff] persistent (type 12)
[    0.000000] user: [mem 0x0000000a40000000-0x0000000fffffffff] usable
[    0.000000] user: [mem 0x0000001000000000-0x0000001dbfffffff] persistent (type 12)
[    0.000000] user: [mem 0x0000001dc0000000-0x000000207fffffff] usable
[    0.000000] user: [mem 0x0000002080000000-0x0000011c7fffffff] persistent (type 7)
[    0.000000] user: [mem 0x00001ffc00000000-0x00001fffffffffff] reserved
[    0.000000] efi: EFI v2.70 by Dell Inc.
[    0.000000] efi:  ACPI=0x6f7fe000  ACPI 2.0=0x6f7fe014  MEMATTR=0x5a1f8020  SMBIOS=0x69526000  SMBIOS 3.0=0x69524000 
[    0.000000] SMBIOS 3.3.0 present.
[    0.000000] DMI: Dell Inc. PowerEdge R750/0K8F35, BIOS 1.10.2 03/03/2023
[    0.000000] tsc: Detected 2000.000 MHz processor
[    0.000009] e820: update [mem 0x00000000-0x00000fff] usable ==> reserved
[    0.000011] e820: remove [mem 0x000a0000-0x000fffff] usable
[    0.000018] last_pfn = 0x2080000 max_arch_pfn = 0x400000000
[    0.000022] MTRR default type: uncachable
[    0.000022] MTRR fixed ranges enabled:
[    0.000023]   00000-9FFFF write-back
[    0.000024]   A0000-BFFFF uncachable
[    0.000025]   C0000-FFFFF write-protect
[    0.000025] MTRR variable ranges enabled:
[    0.000026]   0 base 000000000000 mask 3E0000000000 write-back
[    0.000027]   1 base 000080000000 mask 3FFF80000000 uncachable
[    0.000028]   2 base 00007F000000 mask 3FFFFF000000 uncachable
[    0.000028]   3 disabled
[    0.000029]   4 disabled
[    0.000029]   5 disabled
[    0.000030]   6 disabled
[    0.000030]   7 disabled
[    0.000030]   8 disabled
[    0.000031]   9 disabled
[    0.000894] x86/PAT: Configuration [0-7]: WB  WC  UC- UC  WB  WP  UC- WT  
[    0.002004] total RAM covered: 2095088M
[    0.002089]  gran_size: 64K 	chunk_size: 64K 	num_reg: 10  	lose cover RAM: 2016G
[    0.002091]  gran_size: 64K 	chunk_size: 128K 	num_reg: 10  	lose cover RAM: 2016G
[    0.002091]  gran_size: 64K 	chunk_size: 256K 	num_reg: 10  	lose cover RAM: 2016G
[    0.002092]  gran_size: 64K 	chunk_size: 512K 	num_reg: 10  	lose cover RAM: 2016G
[    0.002093]  gran_size: 64K 	chunk_size: 1M 	num_reg: 10  	lose cover RAM: 2016G
[    0.002094]  gran_size: 64K 	chunk_size: 2M 	num_reg: 10  	lose cover RAM: 2016G
[    0.002094]  gran_size: 64K 	chunk_size: 4M 	num_reg: 10  	lose cover RAM: 2016G
[    0.002095]  gran_size: 64K 	chunk_size: 8M 	num_reg: 10  	lose cover RAM: 2016G
[    0.002095]  gran_size: 64K 	chunk_size: 16M 	num_reg: 10  	lose cover RAM: 2016G
[    0.002096]  gran_size: 64K 	chunk_size: 32M 	num_reg: 10  	lose cover RAM: 1024G
[    0.002097]  gran_size: 64K 	chunk_size: 64M 	num_reg: 10  	lose cover RAM: 1024G
[    0.002097]  gran_size: 64K 	chunk_size: 128M 	num_reg: 10  	lose cover RAM: 1024G
[    0.002098]  gran_size: 64K 	chunk_size: 256M 	num_reg: 10  	lose cover RAM: 1024G
[    0.002099]  gran_size: 64K 	chunk_size: 512M 	num_reg: 10  	lose cover RAM: 1024G
[    0.002099]  gran_size: 64K 	chunk_size: 1G 	num_reg: 10  	lose cover RAM: 1024G
[    0.002100]  gran_size: 64K 	chunk_size: 2G 	num_reg: 10  	lose cover RAM: 1024G
[    0.002101]  gran_size: 128K 	chunk_size: 128K 	num_reg: 10  	lose cover RAM: 2016G
[    0.002101]  gran_size: 128K 	chunk_size: 256K 	num_reg: 10  	lose cover RAM: 2016G
[    0.002102]  gran_size: 128K 	chunk_size: 512K 	num_reg: 10  	lose cover RAM: 2016G
[    0.002103]  gran_size: 128K 	chunk_size: 1M 	num_reg: 10  	lose cover RAM: 2016G
[    0.002103]  gran_size: 128K 	chunk_size: 2M 	num_reg: 10  	lose cover RAM: 2016G
[    0.002104]  gran_size: 128K 	chunk_size: 4M 	num_reg: 10  	lose cover RAM: 2016G
[    0.002105]  gran_size: 128K 	chunk_size: 8M 	num_reg: 10  	lose cover RAM: 2016G
[    0.002105]  gran_size: 128K 	chunk_size: 16M 	num_reg: 10  	lose cover RAM: 2016G
[    0.002106]  gran_size: 128K 	chunk_size: 32M 	num_reg: 10  	lose cover RAM: 1024G
[    0.002107]  gran_size: 128K 	chunk_size: 64M 	num_reg: 10  	lose cover RAM: 1024G
[    0.002107]  gran_size: 128K 	chunk_size: 128M 	num_reg: 10  	lose cover RAM: 1024G
[    0.002108]  gran_size: 128K 	chunk_size: 256M 	num_reg: 10  	lose cover RAM: 1024G
[    0.002109]  gran_size: 128K 	chunk_size: 512M 	num_reg: 10  	lose cover RAM: 1024G
[    0.002109]  gran_size: 128K 	chunk_size: 1G 	num_reg: 10  	lose cover RAM: 1024G
[    0.002110]  gran_size: 128K 	chunk_size: 2G 	num_reg: 10  	lose cover RAM: 1024G
[    0.002111]  gran_size: 256K 	chunk_size: 256K 	num_reg: 10  	lose cover RAM: 2016G
[    0.002111]  gran_size: 256K 	chunk_size: 512K 	num_reg: 10  	lose cover RAM: 2016G
[    0.002112]  gran_size: 256K 	chunk_size: 1M 	num_reg: 10  	lose cover RAM: 2016G
[    0.002113]  gran_size: 256K 	chunk_size: 2M 	num_reg: 10  	lose cover RAM: 2016G
[    0.002113]  gran_size: 256K 	chunk_size: 4M 	num_reg: 10  	lose cover RAM: 2016G
[    0.002114]  gran_size: 256K 	chunk_size: 8M 	num_reg: 10  	lose cover RAM: 2016G
[    0.002115]  gran_size: 256K 	chunk_size: 16M 	num_reg: 10  	lose cover RAM: 2016G
[    0.002116]  gran_size: 256K 	chunk_size: 32M 	num_reg: 10  	lose cover RAM: 1024G
[    0.002116]  gran_size: 256K 	chunk_size: 64M 	num_reg: 10  	lose cover RAM: 1024G
[    0.002117]  gran_size: 256K 	chunk_size: 128M 	num_reg: 10  	lose cover RAM: 1024G
[    0.002118]  gran_size: 256K 	chunk_size: 256M 	num_reg: 10  	lose cover RAM: 1024G
[    0.002118]  gran_size: 256K 	chunk_size: 512M 	num_reg: 10  	lose cover RAM: 1024G
[    0.002119]  gran_size: 256K 	chunk_size: 1G 	num_reg: 10  	lose cover RAM: 1024G
[    0.002120]  gran_size: 256K 	chunk_size: 2G 	num_reg: 10  	lose cover RAM: 1024G
[    0.002120]  gran_size: 512K 	chunk_size: 512K 	num_reg: 10  	lose cover RAM: 2016G
[    0.002121]  gran_size: 512K 	chunk_size: 1M 	num_reg: 10  	lose cover RAM: 2016G
[    0.002122]  gran_size: 512K 	chunk_size: 2M 	num_reg: 10  	lose cover RAM: 2016G
[    0.002122]  gran_size: 512K 	chunk_size: 4M 	num_reg: 10  	lose cover RAM: 2016G
[    0.002123]  gran_size: 512K 	chunk_size: 8M 	num_reg: 10  	lose cover RAM: 2016G
[    0.002124]  gran_size: 512K 	chunk_size: 16M 	num_reg: 10  	lose cover RAM: 2016G
[    0.002124]  gran_size: 512K 	chunk_size: 32M 	num_reg: 10  	lose cover RAM: 1024G
[    0.002125]  gran_size: 512K 	chunk_size: 64M 	num_reg: 10  	lose cover RAM: 1024G
[    0.002126]  gran_size: 512K 	chunk_size: 128M 	num_reg: 10  	lose cover RAM: 1024G
[    0.002126]  gran_size: 512K 	chunk_size: 256M 	num_reg: 10  	lose cover RAM: 1024G
[    0.002127]  gran_size: 512K 	chunk_size: 512M 	num_reg: 10  	lose cover RAM: 1024G
[    0.002128]  gran_size: 512K 	chunk_size: 1G 	num_reg: 10  	lose cover RAM: 1024G
[    0.002128]  gran_size: 512K 	chunk_size: 2G 	num_reg: 10  	lose cover RAM: 1024G
[    0.002129]  gran_size: 1M 	chunk_size: 1M 	num_reg: 10  	lose cover RAM: 2016G
[    0.002130]  gran_size: 1M 	chunk_size: 2M 	num_reg: 10  	lose cover RAM: 2016G
[    0.002130]  gran_size: 1M 	chunk_size: 4M 	num_reg: 10  	lose cover RAM: 2016G
[    0.002131]  gran_size: 1M 	chunk_size: 8M 	num_reg: 10  	lose cover RAM: 2016G
[    0.002132]  gran_size: 1M 	chunk_size: 16M 	num_reg: 10  	lose cover RAM: 2016G
[    0.002132]  gran_size: 1M 	chunk_size: 32M 	num_reg: 10  	lose cover RAM: 1024G
[    0.002133]  gran_size: 1M 	chunk_size: 64M 	num_reg: 10  	lose cover RAM: 1024G
[    0.002134]  gran_size: 1M 	chunk_size: 128M 	num_reg: 10  	lose cover RAM: 1024G
[    0.002134]  gran_size: 1M 	chunk_size: 256M 	num_reg: 10  	lose cover RAM: 1024G
[    0.002135]  gran_size: 1M 	chunk_size: 512M 	num_reg: 10  	lose cover RAM: 1024G
[    0.002136]  gran_size: 1M 	chunk_size: 1G 	num_reg: 10  	lose cover RAM: 1024G
[    0.002136]  gran_size: 1M 	chunk_size: 2G 	num_reg: 10  	lose cover RAM: 1024G
[    0.002137]  gran_size: 2M 	chunk_size: 2M 	num_reg: 10  	lose cover RAM: 2016G
[    0.002138]  gran_size: 2M 	chunk_size: 4M 	num_reg: 10  	lose cover RAM: 2016G
[    0.002138]  gran_size: 2M 	chunk_size: 8M 	num_reg: 10  	lose cover RAM: 2016G
[    0.002139]  gran_size: 2M 	chunk_size: 16M 	num_reg: 10  	lose cover RAM: 2016G
[    0.002139]  gran_size: 2M 	chunk_size: 32M 	num_reg: 10  	lose cover RAM: 1024G
[    0.002140]  gran_size: 2M 	chunk_size: 64M 	num_reg: 10  	lose cover RAM: 1024G
[    0.002141]  gran_size: 2M 	chunk_size: 128M 	num_reg: 10  	lose cover RAM: 1024G
[    0.002141]  gran_size: 2M 	chunk_size: 256M 	num_reg: 10  	lose cover RAM: 1024G
[    0.002142]  gran_size: 2M 	chunk_size: 512M 	num_reg: 10  	lose cover RAM: 1024G
[    0.002143]  gran_size: 2M 	chunk_size: 1G 	num_reg: 10  	lose cover RAM: 1024G
[    0.002143]  gran_size: 2M 	chunk_size: 2G 	num_reg: 10  	lose cover RAM: 1024G
[    0.002144]  gran_size: 4M 	chunk_size: 4M 	num_reg: 10  	lose cover RAM: 2016G
[    0.002145]  gran_size: 4M 	chunk_size: 8M 	num_reg: 10  	lose cover RAM: 2016G
[    0.002145]  gran_size: 4M 	chunk_size: 16M 	num_reg: 10  	lose cover RAM: 2016G
[    0.002146]  gran_size: 4M 	chunk_size: 32M 	num_reg: 10  	lose cover RAM: 1024G
[    0.002147]  gran_size: 4M 	chunk_size: 64M 	num_reg: 10  	lose cover RAM: 1024G
[    0.002148]  gran_size: 4M 	chunk_size: 128M 	num_reg: 10  	lose cover RAM: 1024G
[    0.002148]  gran_size: 4M 	chunk_size: 256M 	num_reg: 10  	lose cover RAM: 1024G
[    0.002149]  gran_size: 4M 	chunk_size: 512M 	num_reg: 10  	lose cover RAM: 1024G
[    0.002150]  gran_size: 4M 	chunk_size: 1G 	num_reg: 10  	lose cover RAM: 1024G
[    0.002150]  gran_size: 4M 	chunk_size: 2G 	num_reg: 10  	lose cover RAM: 1024G
[    0.002151]  gran_size: 8M 	chunk_size: 8M 	num_reg: 10  	lose cover RAM: 2016G
[    0.002152]  gran_size: 8M 	chunk_size: 16M 	num_reg: 10  	lose cover RAM: 2016G
[    0.002153]  gran_size: 8M 	chunk_size: 32M 	num_reg: 10  	lose cover RAM: 1024G
[    0.002153]  gran_size: 8M 	chunk_size: 64M 	num_reg: 10  	lose cover RAM: 1024G
[    0.002154]  gran_size: 8M 	chunk_size: 128M 	num_reg: 10  	lose cover RAM: 1024G
[    0.002155]  gran_size: 8M 	chunk_size: 256M 	num_reg: 10  	lose cover RAM: 1024G
[    0.002155]  gran_size: 8M 	chunk_size: 512M 	num_reg: 10  	lose cover RAM: 1024G
[    0.002156]  gran_size: 8M 	chunk_size: 1G 	num_reg: 10  	lose cover RAM: 1024G
[    0.002156]  gran_size: 8M 	chunk_size: 2G 	num_reg: 10  	lose cover RAM: 1024G
[    0.002157]  gran_size: 16M 	chunk_size: 16M 	num_reg: 10  	lose cover RAM: 2016G
[    0.002158]  gran_size: 16M 	chunk_size: 32M 	num_reg: 10  	lose cover RAM: 1024G
[    0.002158]  gran_size: 16M 	chunk_size: 64M 	num_reg: 10  	lose cover RAM: 1024G
[    0.002159]  gran_size: 16M 	chunk_size: 128M 	num_reg: 10  	lose cover RAM: 1024G
[    0.002160]  gran_size: 16M 	chunk_size: 256M 	num_reg: 10  	lose cover RAM: 1024G
[    0.002160]  gran_size: 16M 	chunk_size: 512M 	num_reg: 10  	lose cover RAM: 1024G
[    0.002161]  gran_size: 16M 	chunk_size: 1G 	num_reg: 10  	lose cover RAM: 1024G
[    0.002162]  gran_size: 16M 	chunk_size: 2G 	num_reg: 10  	lose cover RAM: 1024G
[    0.002163]  gran_size: 32M 	chunk_size: 32M 	num_reg: 10  	lose cover RAM: 2031632M
[    0.002163]  gran_size: 32M 	chunk_size: 64M 	num_reg: 10  	lose cover RAM: 1048592M
[    0.002164]  gran_size: 32M 	chunk_size: 128M 	num_reg: 10  	lose cover RAM: 1048592M
[    0.002165]  gran_size: 32M 	chunk_size: 256M 	num_reg: 10  	lose cover RAM: 1048592M
[    0.002165]  gran_size: 32M 	chunk_size: 512M 	num_reg: 10  	lose cover RAM: 1048592M
[    0.002166]  gran_size: 32M 	chunk_size: 1G 	num_reg: 10  	lose cover RAM: 1048592M
[    0.002167]  gran_size: 32M 	chunk_size: 2G 	num_reg: 10  	lose cover RAM: 1048592M
[    0.002167]  gran_size: 64M 	chunk_size: 64M 	num_reg: 10  	lose cover RAM: 1966128M
[    0.002168]  gran_size: 64M 	chunk_size: 128M 	num_reg: 10  	lose cover RAM: 1048624M
[    0.002169]  gran_size: 64M 	chunk_size: 256M 	num_reg: 10  	lose cover RAM: 1048624M
[    0.002169]  gran_size: 64M 	chunk_size: 512M 	num_reg: 10  	lose cover RAM: 1048624M
[    0.002170]  gran_size: 64M 	chunk_size: 1G 	num_reg: 10  	lose cover RAM: 1048624M
[    0.002171]  gran_size: 64M 	chunk_size: 2G 	num_reg: 10  	lose cover RAM: 1048624M
[    0.002171]  gran_size: 128M 	chunk_size: 128M 	num_reg: 10  	lose cover RAM: 1835120M
[    0.002172]  gran_size: 128M 	chunk_size: 256M 	num_reg: 10  	lose cover RAM: 1048688M
[    0.002173]  gran_size: 128M 	chunk_size: 512M 	num_reg: 10  	lose cover RAM: 1048688M
[    0.002174]  gran_size: 128M 	chunk_size: 1G 	num_reg: 10  	lose cover RAM: 1048688M
[    0.002174]  gran_size: 128M 	chunk_size: 2G 	num_reg: 10  	lose cover RAM: 1048688M
[    0.002175]  gran_size: 256M 	chunk_size: 256M 	num_reg: 10  	lose cover RAM: 1573104M
[    0.002176]  gran_size: 256M 	chunk_size: 512M 	num_reg: 10  	lose cover RAM: 1048816M
[    0.002176]  gran_size: 256M 	chunk_size: 1G 	num_reg: 10  	lose cover RAM: 1048816M
[    0.002177]  gran_size: 256M 	chunk_size: 2G 	num_reg: 10  	lose cover RAM: 1048816M
[    0.002178]  gran_size: 512M 	chunk_size: 512M 	num_reg: 10  	lose cover RAM: 1049072M
[    0.002178]  gran_size: 512M 	chunk_size: 1G 	num_reg: 10  	lose cover RAM: 1049072M
[    0.002179]  gran_size: 512M 	chunk_size: 2G 	num_reg: 10  	lose cover RAM: 1049072M
[    0.002180]  gran_size: 1G 	chunk_size: 1G 	num_reg: 10  	lose cover RAM: 1008M
[    0.002180]  gran_size: 1G 	chunk_size: 2G 	num_reg: 10  	lose cover RAM: 1008M
[    0.002181]  gran_size: 2G 	chunk_size: 2G 	num_reg: 9  	lose cover RAM: 2032M
[    0.002182] mtrr_cleanup: can not find optimal value
[    0.002182] please specify mtrr_gran_size/mtrr_chunk_size
[    0.002185] e820: update [mem 0x7f000000-0xffffffff] usable ==> reserved
[    0.002187] x2apic: enabled by BIOS, switching to x2apic ops
[    0.002188] last_pfn = 0x6f800 max_arch_pfn = 0x400000000
[    0.013594] check: Scanning 1 areas for low memory corruption
[    0.013599] Using GB pages for direct mapping
[    0.013600] BRK [0x1ea1a01000, 0x1ea1a01fff] PGTABLE
[    0.013602] BRK [0x1ea1a02000, 0x1ea1a02fff] PGTABLE
[    0.013602] BRK [0x1ea1a03000, 0x1ea1a03fff] PGTABLE
[    0.013638] BRK [0x1ea1a04000, 0x1ea1a04fff] PGTABLE
[    0.013712] BRK [0x1ea1a05000, 0x1ea1a05fff] PGTABLE
[    0.013769] BRK [0x1ea1a06000, 0x1ea1a06fff] PGTABLE
[    0.013872] BRK [0x1ea1a07000, 0x1ea1a07fff] PGTABLE
[    0.013982] BRK [0x1ea1a08000, 0x1ea1a08fff] PGTABLE
[    0.014074] BRK [0x1ea1a09000, 0x1ea1a09fff] PGTABLE
[    0.014183] BRK [0x1ea1a0a000, 0x1ea1a0afff] PGTABLE
[    0.014254] BRK [0x1ea1a0b000, 0x1ea1a0bfff] PGTABLE
[    0.014416] BRK [0x1ea1a0c000, 0x1ea1a0cfff] PGTABLE
[    0.014566] Secure boot disabled
[    0.014567] RAMDISK: [mem 0x2065920000-0x207fffffff]
[    0.014574] ACPI: Early table checksum verification disabled
[    0.014576] ACPI: RSDP 0x000000006F7FE014 000024 (v02 DELL  )
[    0.014578] ACPI: XSDT 0x000000006F41C188 0000F4 (v01 DELL   PE_SC3   00000000 DELL 01000013)
[    0.014583] ACPI: FACP 0x000000006F430000 000114 (v06 DELL   PE_SC3   00000000 DELL 00000001)
[    0.014587] ACPI: DSDT 0x000000004B4CE000 07FAD3 (v02 DELL   PE_SC3   00000003 DELL 00000001)
[    0.014590] ACPI: FACS 0x000000006F2F2000 000040
[    0.014592] ACPI: SSDT 0x000000006F7FB000 00159A (v02 INTEL  RAS_ACPI 00000001 INTL 20210331)
[    0.014595] ACPI: SSDT 0x000000006F7FA000 000745 (v02 INTEL  ADDRXLAT 00000001 INTL 20210331)
[    0.014598] ACPI: MCEJ 0x000000006F7F9000 000130 (v01 INTEL           00000001 INTL 0100000D)
[    0.014600] ACPI: BERT 0x000000006F7F8000 000030 (v01 DELL   PE_SC3   00000001 INTL 00000001)
[    0.014603] ACPI: ERST 0x000000006F7F7000 000230 (v01 DELL   PE_SC3   00000001 INTL 00000001)
[    0.014606] ACPI: SSDT 0x000000006F431000 3C524E (v02 INTEL  SSDTNVDR 00001000 INTL 20210331)
[    0.014608] ACPI: HMAT 0x000000006F42F000 000210 (v01 DELL   PE_SC3   00000001 DELL 00000001)
[    0.014611] ACPI: HPET 0x000000006F42E000 000038 (v01 DELL   PE_SC3   00000001 DELL 00000001)
[    0.014613] ACPI: MCFG 0x000000006F42D000 00003C (v01 DELL   PE_SC3   00000001 DELL 00000001)
[    0.014616] ACPI: MIGT 0x000000006F42C000 000040 (v01 DELL   PE_SC3   00000000 DELL 00000001)
[    0.014619] ACPI: MSCT 0x000000006F42B000 000090 (v01 DELL   PE_SC3   00000001 DELL 00000001)
[    0.014621] ACPI: PMTT 0x000000006F429000 0011E8 (v02 DELL   PE_SC3   00000001 DELL 00000001)
[    0.014624] ACPI: WSMT 0x000000006F428000 000028 (v01 DELL   PE_SC3   00000000 DELL 00000001)
[    0.014626] ACPI: APIC 0x000000006F427000 00075E (v04 DELL   PE_SC3   00000000 DELL 00000001)
[    0.014629] ACPI: SLIT 0x000000006F426000 00003C (v01 DELL   PE_SC3   00000001 DELL 01000013)
[    0.014631] ACPI: SRAT 0x000000006F41F000 006430 (v03 DELL   PE_SC3   00000002 DELL 01000013)
[    0.014634] ACPI: OEM4 0x000000004B346000 187A61 (v02 INTEL  CPU  CST 00003000 INTL 20210331)
[    0.014636] ACPI: SSDT 0x000000004B2CF000 0764A5 (v02 INTEL  SSDT  PM 00004000 INTL 20210331)
[    0.014639] ACPI: SSDT 0x000000006F41E000 000A1F (v02 DELL   PE_SC3   00000000 DELL 00000001)
[    0.014642] ACPI: HEST 0x000000006F41D000 00017C (v01 DELL   PE_SC3   00000001 INTL 00000001)
[    0.014644] ACPI: PCAT 0x000000006F41B000 00010C (v19 DELL   PE_SC3   00000002 DELL 00000001)
[    0.014647] ACPI: SSDT 0x000000006F413000 007299 (v02 INTEL  SpsNm    00000002 INTL 20210331)
[    0.014649] ACPI: SSDT 0x000000006F412000 000426 (v02 DELL   PE_SC3   00000002 DELL 00000001)
[    0.014652] ACPI: NFIT 0x000000006F7FD000 000488 (v01 DELL   PE_SC3   00000002 DELL 00000001)
[    0.014654] ACPI: DMAR 0x000000006F411000 000158 (v01 DELL   PE_SC3   00000001 DELL 00000001)
[    0.014662] ACPI: Local APIC address 0xfee00000
[    0.014664] Setting APIC routing to cluster x2apic.
[    0.014709] SRAT: PXM 0 -> APIC 0x0000 -> Node 0
[    0.014710] SRAT: PXM 0 -> APIC 0x0001 -> Node 0
[    0.014710] SRAT: PXM 0 -> APIC 0x0002 -> Node 0
[    0.014711] SRAT: PXM 0 -> APIC 0x0003 -> Node 0
[    0.014711] SRAT: PXM 0 -> APIC 0x0004 -> Node 0
[    0.014712] SRAT: PXM 0 -> APIC 0x0005 -> Node 0
[    0.014712] SRAT: PXM 0 -> APIC 0x0006 -> Node 0
[    0.014713] SRAT: PXM 0 -> APIC 0x0007 -> Node 0
[    0.014713] SRAT: PXM 0 -> APIC 0x0008 -> Node 0
[    0.014713] SRAT: PXM 0 -> APIC 0x0009 -> Node 0
[    0.014714] SRAT: PXM 0 -> APIC 0x000a -> Node 0
[    0.014714] SRAT: PXM 0 -> APIC 0x000b -> Node 0
[    0.014715] SRAT: PXM 0 -> APIC 0x000c -> Node 0
[    0.014715] SRAT: PXM 0 -> APIC 0x000d -> Node 0
[    0.014715] SRAT: PXM 0 -> APIC 0x000e -> Node 0
[    0.014716] SRAT: PXM 0 -> APIC 0x000f -> Node 0
[    0.014716] SRAT: PXM 0 -> APIC 0x0010 -> Node 0
[    0.014717] SRAT: PXM 0 -> APIC 0x0011 -> Node 0
[    0.014717] SRAT: PXM 0 -> APIC 0x0012 -> Node 0
[    0.014718] SRAT: PXM 0 -> APIC 0x0013 -> Node 0
[    0.014718] SRAT: PXM 0 -> APIC 0x0014 -> Node 0
[    0.014718] SRAT: PXM 0 -> APIC 0x0015 -> Node 0
[    0.014719] SRAT: PXM 0 -> APIC 0x0016 -> Node 0
[    0.014719] SRAT: PXM 0 -> APIC 0x0017 -> Node 0
[    0.014720] SRAT: PXM 0 -> APIC 0x0018 -> Node 0
[    0.014720] SRAT: PXM 0 -> APIC 0x0019 -> Node 0
[    0.014720] SRAT: PXM 0 -> APIC 0x001a -> Node 0
[    0.014721] SRAT: PXM 0 -> APIC 0x001b -> Node 0
[    0.014721] SRAT: PXM 0 -> APIC 0x001c -> Node 0
[    0.014722] SRAT: PXM 0 -> APIC 0x001d -> Node 0
[    0.014722] SRAT: PXM 0 -> APIC 0x001e -> Node 0
[    0.014722] SRAT: PXM 0 -> APIC 0x001f -> Node 0
[    0.014723] SRAT: PXM 0 -> APIC 0x0020 -> Node 0
[    0.014723] SRAT: PXM 0 -> APIC 0x0021 -> Node 0
[    0.014724] SRAT: PXM 0 -> APIC 0x0022 -> Node 0
[    0.014724] SRAT: PXM 0 -> APIC 0x0023 -> Node 0
[    0.014725] SRAT: PXM 0 -> APIC 0x0024 -> Node 0
[    0.014725] SRAT: PXM 0 -> APIC 0x0025 -> Node 0
[    0.014725] SRAT: PXM 0 -> APIC 0x0026 -> Node 0
[    0.014726] SRAT: PXM 0 -> APIC 0x0027 -> Node 0
[    0.014726] SRAT: PXM 0 -> APIC 0x0028 -> Node 0
[    0.014727] SRAT: PXM 0 -> APIC 0x0029 -> Node 0
[    0.014727] SRAT: PXM 0 -> APIC 0x002a -> Node 0
[    0.014727] SRAT: PXM 0 -> APIC 0x002b -> Node 0
[    0.014728] SRAT: PXM 0 -> APIC 0x002c -> Node 0
[    0.014728] SRAT: PXM 0 -> APIC 0x002d -> Node 0
[    0.014729] SRAT: PXM 0 -> APIC 0x002e -> Node 0
[    0.014729] SRAT: PXM 0 -> APIC 0x002f -> Node 0
[    0.014729] SRAT: PXM 0 -> APIC 0x0030 -> Node 0
[    0.014730] SRAT: PXM 0 -> APIC 0x0031 -> Node 0
[    0.014730] SRAT: PXM 0 -> APIC 0x0032 -> Node 0
[    0.014731] SRAT: PXM 0 -> APIC 0x0033 -> Node 0
[    0.014731] SRAT: PXM 0 -> APIC 0x0034 -> Node 0
[    0.014732] SRAT: PXM 0 -> APIC 0x0035 -> Node 0
[    0.014732] SRAT: PXM 0 -> APIC 0x0036 -> Node 0
[    0.014732] SRAT: PXM 0 -> APIC 0x0037 -> Node 0
[    0.014733] SRAT: PXM 1 -> APIC 0x0080 -> Node 1
[    0.014733] SRAT: PXM 1 -> APIC 0x0081 -> Node 1
[    0.014734] SRAT: PXM 1 -> APIC 0x0082 -> Node 1
[    0.014734] SRAT: PXM 1 -> APIC 0x0083 -> Node 1
[    0.014735] SRAT: PXM 1 -> APIC 0x0084 -> Node 1
[    0.014735] SRAT: PXM 1 -> APIC 0x0085 -> Node 1
[    0.014735] SRAT: PXM 1 -> APIC 0x0086 -> Node 1
[    0.014736] SRAT: PXM 1 -> APIC 0x0087 -> Node 1
[    0.014736] SRAT: PXM 1 -> APIC 0x0088 -> Node 1
[    0.014737] SRAT: PXM 1 -> APIC 0x0089 -> Node 1
[    0.014737] SRAT: PXM 1 -> APIC 0x008a -> Node 1
[    0.014738] SRAT: PXM 1 -> APIC 0x008b -> Node 1
[    0.014738] SRAT: PXM 1 -> APIC 0x008c -> Node 1
[    0.014738] SRAT: PXM 1 -> APIC 0x008d -> Node 1
[    0.014739] SRAT: PXM 1 -> APIC 0x008e -> Node 1
[    0.014739] SRAT: PXM 1 -> APIC 0x008f -> Node 1
[    0.014740] SRAT: PXM 1 -> APIC 0x0090 -> Node 1
[    0.014740] SRAT: PXM 1 -> APIC 0x0091 -> Node 1
[    0.014740] SRAT: PXM 1 -> APIC 0x0092 -> Node 1
[    0.014741] SRAT: PXM 1 -> APIC 0x0093 -> Node 1
[    0.014741] SRAT: PXM 1 -> APIC 0x0094 -> Node 1
[    0.014742] SRAT: PXM 1 -> APIC 0x0095 -> Node 1
[    0.014742] SRAT: PXM 1 -> APIC 0x0096 -> Node 1
[    0.014743] SRAT: PXM 1 -> APIC 0x0097 -> Node 1
[    0.014743] SRAT: PXM 1 -> APIC 0x0098 -> Node 1
[    0.014743] SRAT: PXM 1 -> APIC 0x0099 -> Node 1
[    0.014744] SRAT: PXM 1 -> APIC 0x009a -> Node 1
[    0.014744] SRAT: PXM 1 -> APIC 0x009b -> Node 1
[    0.014745] SRAT: PXM 1 -> APIC 0x009c -> Node 1
[    0.014745] SRAT: PXM 1 -> APIC 0x009d -> Node 1
[    0.014745] SRAT: PXM 1 -> APIC 0x009e -> Node 1
[    0.014746] SRAT: PXM 1 -> APIC 0x009f -> Node 1
[    0.014746] SRAT: PXM 1 -> APIC 0x00a0 -> Node 1
[    0.014747] SRAT: PXM 1 -> APIC 0x00a1 -> Node 1
[    0.014747] SRAT: PXM 1 -> APIC 0x00a2 -> Node 1
[    0.014747] SRAT: PXM 1 -> APIC 0x00a3 -> Node 1
[    0.014748] SRAT: PXM 1 -> APIC 0x00a4 -> Node 1
[    0.014748] SRAT: PXM 1 -> APIC 0x00a5 -> Node 1
[    0.014749] SRAT: PXM 1 -> APIC 0x00a6 -> Node 1
[    0.014749] SRAT: PXM 1 -> APIC 0x00a7 -> Node 1
[    0.014749] SRAT: PXM 1 -> APIC 0x00a8 -> Node 1
[    0.014750] SRAT: PXM 1 -> APIC 0x00a9 -> Node 1
[    0.014750] SRAT: PXM 1 -> APIC 0x00aa -> Node 1
[    0.014751] SRAT: PXM 1 -> APIC 0x00ab -> Node 1
[    0.014751] SRAT: PXM 1 -> APIC 0x00ac -> Node 1
[    0.014751] SRAT: PXM 1 -> APIC 0x00ad -> Node 1
[    0.014752] SRAT: PXM 1 -> APIC 0x00ae -> Node 1
[    0.014752] SRAT: PXM 1 -> APIC 0x00af -> Node 1
[    0.014753] SRAT: PXM 1 -> APIC 0x00b0 -> Node 1
[    0.014753] SRAT: PXM 1 -> APIC 0x00b1 -> Node 1
[    0.014754] SRAT: PXM 1 -> APIC 0x00b2 -> Node 1
[    0.014754] SRAT: PXM 1 -> APIC 0x00b3 -> Node 1
[    0.014754] SRAT: PXM 1 -> APIC 0x00b4 -> Node 1
[    0.014755] SRAT: PXM 1 -> APIC 0x00b5 -> Node 1
[    0.014755] SRAT: PXM 1 -> APIC 0x00b6 -> Node 1
[    0.014756] SRAT: PXM 1 -> APIC 0x00b7 -> Node 1
[    0.014769] ACPI: SRAT: Node 0 PXM 0 [mem 0x00000000-0x7fffffff]
[    0.014769] ACPI: SRAT: Node 0 PXM 0 [mem 0x100000000-0x107fffffff]
[    0.014770] ACPI: SRAT: Node 2 PXM 2 [mem 0x2080000000-0x9e7fffffff] non-volatile
[    0.014771] ACPI: SRAT: Node 1 PXM 1 [mem 0x1080000000-0x207fffffff]
[    0.014772] ACPI: SRAT: Node 3 PXM 3 [mem 0x9e80000000-0x11c7fffffff] non-volatile
[    0.014781] NUMA: Initialized distance table, cnt=4
[    0.014784] NUMA: Node 0 [mem 0x00000000-0x7fffffff] + [mem 0x100000000-0x107fffffff] -> [mem 0x00000000-0x107fffffff]
[    0.014792] NODE_DATA(0) allocated [mem 0xffffd5000-0xfffffffff]
[    0.014810] NODE_DATA(1) allocated [mem 0x20658f3000-0x206591dfff]
[    0.014972] Zone ranges:
[    0.014972]   DMA      [mem 0x0000000000001000-0x0000000000ffffff]
[    0.014973]   DMA32    [mem 0x0000000001000000-0x00000000ffffffff]
[    0.014974]   Normal   [mem 0x0000000100000000-0x000000207fffffff]
[    0.014975]   Device   empty
[    0.014975] Movable zone start for each node
[    0.014979] Early memory node ranges
[    0.014979]   node   0: [mem 0x0000000000001000-0x000000000008efff]
[    0.014980]   node   0: [mem 0x0000000000090000-0x000000000009ffff]
[    0.014981]   node   0: [mem 0x0000000000100000-0x0000000049e76fff]
[    0.014981]   node   0: [mem 0x000000004ae77000-0x000000004b2cefff]
[    0.014982]   node   0: [mem 0x000000004b54e000-0x000000004bd93fff]
[    0.014982]   node   0: [mem 0x000000004be9a000-0x000000004cdfffff]
[    0.014983]   node   0: [mem 0x000000004d000000-0x000000005eefdfff]
[    0.014983]   node   0: [mem 0x000000006f7ff000-0x000000006f7fffff]
[    0.014984]   node   0: [mem 0x0000000a40000000-0x0000000fffffffff]
[    0.014985]   node   1: [mem 0x0000001dc0000000-0x000000207fffffff]
[    0.015437] Zeroed struct page in unavailable ranges: 42728 pages
[    0.015438] Initmem setup node 0 [mem 0x0000000000001000-0x0000000fffffffff]
[    0.015440] On node 0 totalpages: 6412568
[    0.015441]   DMA zone: 64 pages used for memmap
[    0.015441]   DMA zone: 1102 pages reserved
[    0.015442]   DMA zone: 3998 pages, LIFO batch:0
[    0.015485]   DMA32 zone: 5926 pages used for memmap
[    0.015486]   DMA32 zone: 379258 pages, LIFO batch:63
[    0.021267]   Normal zone: 94208 pages used for memmap
[    0.021269]   Normal zone: 6029312 pages, LIFO batch:63
[    0.100687] Initmem setup node 1 [mem 0x0000001dc0000000-0x000000207fffffff]
[    0.100690] On node 1 totalpages: 2883584
[    0.100691]   Normal zone: 45056 pages used for memmap
[    0.100692]   Normal zone: 2883584 pages, LIFO batch:63
[    0.132379] ACPI: PM-Timer IO Port: 0x508
[    0.132384] ACPI: Local APIC address 0xfee00000
[    0.132402] ACPI: X2APIC_NMI (uid[0xffffffff] high edge lint[0x1])
[    0.132405] ACPI: LAPIC_NMI (acpi_id[0xff] high edge lint[0x1])
[    0.132424] IOAPIC[0]: apic_id 8, version 32, address 0xfec00000, GSI 0-119
[    0.132427] ACPI: INT_SRC_OVR (bus 0 bus_irq 0 global_irq 2 dfl dfl)
[    0.132428] ACPI: INT_SRC_OVR (bus 0 bus_irq 9 global_irq 9 high level)
[    0.132429] ACPI: IRQ0 used by override.
[    0.132430] ACPI: IRQ9 used by override.
[    0.132432] Using ACPI (MADT) for SMP configuration information
[    0.132434] ACPI: HPET id: 0x8086a701 base: 0xfed00000
[    0.132439] smpboot: Allowing 112 CPUs, 0 hotplug CPUs
[    0.132465] PM: Registered nosave memory: [mem 0x00000000-0x00000fff]
[    0.132467] PM: Registered nosave memory: [mem 0x0008f000-0x0008ffff]
[    0.132468] PM: Registered nosave memory: [mem 0x000a0000-0x000fffff]
[    0.132469] PM: Registered nosave memory: [mem 0x47bad000-0x47badfff]
[    0.132471] PM: Registered nosave memory: [mem 0x47bde000-0x47bdefff]
[    0.132471] PM: Registered nosave memory: [mem 0x47bdf000-0x47bdffff]
[    0.132473] PM: Registered nosave memory: [mem 0x47c11000-0x47c11fff]
[    0.132473] PM: Registered nosave memory: [mem 0x47c12000-0x47c12fff]
[    0.132474] PM: Registered nosave memory: [mem 0x47c44000-0x47c44fff]
[    0.132475] PM: Registered nosave memory: [mem 0x47c45000-0x47c45fff]
[    0.132476] PM: Registered nosave memory: [mem 0x47c4d000-0x47c4dfff]
[    0.132477] PM: Registered nosave memory: [mem 0x49e77000-0x4ae76fff]
[    0.132479] PM: Registered nosave memory: [mem 0x4b2cf000-0x4b54dfff]
[    0.132480] PM: Registered nosave memory: [mem 0x4bd94000-0x4be99fff]
[    0.132481] PM: Registered nosave memory: [mem 0x4ce00000-0x4cffffff]
[    0.132483] PM: Registered nosave memory: [mem 0x5eefe000-0x6e3fefff]
[    0.132483] PM: Registered nosave memory: [mem 0x6e3ff000-0x6f3fefff]
[    0.132484] PM: Registered nosave memory: [mem 0x6f3ff000-0x6f7fefff]
[    0.132485] PM: Registered nosave memory: [mem 0x6f800000-0x8fffffff]
[    0.132485] PM: Registered nosave memory: [mem 0x90000000-0xfdffffff]
[    0.132486] PM: Registered nosave memory: [mem 0xfe000000-0xfe010fff]
[    0.132486] PM: Registered nosave memory: [mem 0xfe011000-0xffffffff]
[    0.132487] PM: Registered nosave memory: [mem 0x100000000-0xa3fffffff]
[    0.132488] PM: Registered nosave memory: [mem 0x1000000000-0x1dbfffffff]
[    0.132490] [mem 0x90000000-0xfdffffff] available for PCI devices
[    0.132491] Booting paravirtualized kernel on bare hardware
[    0.132494] clocksource: refined-jiffies: mask: 0xffffffff max_cycles: 0xffffffff, max_idle_ns: 7645519600211568 ns
[    0.132501] setup_percpu: NR_CPUS:8192 nr_cpumask_bits:112 nr_cpu_ids:112 nr_node_ids:4
[    0.137180] percpu: Embedded 55 pages/cpu s188416 r8192 d28672 u262144
[    0.137189] pcpu-alloc: s188416 r8192 d28672 u262144 alloc=1*2097152
[    0.137190] pcpu-alloc: [0] 000 002 004 006 008 010 012 014 
[    0.137193] pcpu-alloc: [0] 016 018 020 022 024 026 028 030 
[    0.137195] pcpu-alloc: [0] 032 034 036 038 040 042 044 046 
[    0.137196] pcpu-alloc: [0] 048 050 052 054 056 058 060 062 
[    0.137198] pcpu-alloc: [0] 064 066 068 070 072 074 076 078 
[    0.137199] pcpu-alloc: [0] 080 082 084 086 088 090 092 094 
[    0.137200] pcpu-alloc: [0] 096 098 100 102 104 106 108 110 
[    0.137202] pcpu-alloc: [1] 001 003 005 007 009 011 013 015 
[    0.137203] pcpu-alloc: [1] 017 019 021 023 025 027 029 031 
[    0.137205] pcpu-alloc: [1] 033 035 037 039 041 043 045 047 
[    0.137206] pcpu-alloc: [1] 049 051 053 055 057 059 061 063 
[    0.137208] pcpu-alloc: [1] 065 067 069 071 073 075 077 079 
[    0.137209] pcpu-alloc: [1] 081 083 085 087 089 091 093 095 
[    0.137211] pcpu-alloc: [1] 097 099 101 103 105 107 109 111 
[    0.137255] Built 2 zonelists, mobility grouping on.  Total pages: 9149796
[    0.137256] Policy zone: Normal
[    0.137258] Kernel command line: BOOT_IMAGE=/boot/vmlinuz-5.3.1-multiclock root=UUID=ce0c24b8-724b-4f33-9b2c-618433560aef ro memmap=37G!4G memmap=55G!64G quiet splash nomodeset vt.handoff=1
[    0.137370] You have booted with nomodeset. This means your GPU drivers are DISABLED
[    0.137370] Any video related functionality will be severely degraded, and you may not even be able to suspend the system properly
[    0.137370] Unless you actually understand what nomodeset does, you should reboot without enabling it
[    0.137388] printk: log_buf_len individual max cpu contribution: 4096 bytes
[    0.137388] printk: log_buf_len total cpu_extra contributions: 454656 bytes
[    0.137389] printk: log_buf_len min size: 262144 bytes
[    0.137549] printk: log_buf_len: 1048576 bytes
[    0.137550] printk: early log buf free: 221796(84%)
[    0.139057] mem auto-init: stack:off, heap alloc:on, heap free:off
[    0.145051] Calgary: detecting Calgary via BIOS EBDA area
[    0.145052] Calgary: Unable to locate Rio Grande table in EBDA - bailing!
[    0.224786] Memory: 35914560K/37184608K available (14339K kernel code, 2373K rwdata, 4660K rodata, 2680K init, 5056K bss, 1270048K reserved, 0K cma-reserved)
[    0.225401] SLUB: HWalign=64, Order=0-3, MinObjects=0, CPUs=112, Nodes=4
[    0.225430] ftrace: allocating 43047 entries in 169 pages
[    0.242371] rcu: Hierarchical RCU implementation.
[    0.242373] rcu: 	RCU restricting CPUs from NR_CPUS=8192 to nr_cpu_ids=112.
[    0.242374] 	Tasks RCU enabled.
[    0.242374] rcu: RCU calculated value of scheduler-enlistment delay is 25 jiffies.
[    0.242375] rcu: Adjusting geometry for rcu_fanout_leaf=16, nr_cpu_ids=112
[    0.245029] NR_IRQS: 524544, nr_irqs: 2952, preallocated irqs: 16
[    0.245391] random: crng done (trusting CPU's manufacturer)
[    0.245556] Console: colour dummy device 80x25
[    0.245571] printk: console [tty0] enabled
[    0.245663] mempolicy: Enabling automatic NUMA balancing. Configure with numa_balancing= or the kernel.numa_balancing sysctl
[    0.245666] ACPI: Core revision 20190703
[    0.249040] clocksource: hpet: mask: 0xffffffff max_cycles: 0xffffffff, max_idle_ns: 79635855245 ns
[    0.249087] APIC: Switch to symmetric I/O mode setup
[    0.249089] DMAR: Host address width 46
[    0.249090] DMAR: DRHD base: 0x000000d0ffc000 flags: 0x0
[    0.249095] DMAR: dmar0: reg_base_addr d0ffc000 ver 4:0 cap 8ed008c40780466 ecap 60000f050df
[    0.249096] DMAR: DRHD base: 0x000000dbbfc000 flags: 0x0
[    0.249099] DMAR: dmar1: reg_base_addr dbbfc000 ver 4:0 cap 8ed008c40780466 ecap 60000f050df
[    0.249100] DMAR: DRHD base: 0x000000e67fc000 flags: 0x0
[    0.249103] DMAR: dmar2: reg_base_addr e67fc000 ver 4:0 cap 8ed008c40780466 ecap 60000f050df
[    0.249104] DMAR: DRHD base: 0x000000f13fc000 flags: 0x0
[    0.249107] DMAR: dmar3: reg_base_addr f13fc000 ver 4:0 cap 8ed008c40780466 ecap 60000f050df
[    0.249108] DMAR: DRHD base: 0x000000fb7fc000 flags: 0x0
[    0.249111] DMAR: dmar4: reg_base_addr fb7fc000 ver 4:0 cap 8ed008c40780466 ecap 60000f050df
[    0.249111] DMAR: DRHD base: 0x000000a63fc000 flags: 0x0
[    0.249114] DMAR: dmar5: reg_base_addr a63fc000 ver 4:0 cap 8ed008c40780466 ecap 60000f050df
[    0.249115] DMAR: DRHD base: 0x000000b0ffc000 flags: 0x0
[    0.249117] DMAR: dmar6: reg_base_addr b0ffc000 ver 4:0 cap 8ed008c40780466 ecap 60000f050df
[    0.249118] DMAR: DRHD base: 0x000000bbbfc000 flags: 0x0
[    0.249122] DMAR: dmar7: reg_base_addr bbbfc000 ver 4:0 cap 8ed008c40780466 ecap 60000f050df
[    0.249123] DMAR: DRHD base: 0x000000c5ffc000 flags: 0x0
[    0.249126] DMAR: dmar8: reg_base_addr c5ffc000 ver 4:0 cap 8ed008c40780466 ecap 60000f050df
[    0.249126] DMAR: DRHD base: 0x0000009b7fc000 flags: 0x1
[    0.249129] DMAR: dmar9: reg_base_addr 9b7fc000 ver 4:0 cap 8ed008c40780466 ecap 60000f050df
[    0.249130] DMAR: RMRR base: 0x00000069427000 end: 0x00000069429fff
[    0.249131] DMAR: ATSR flags: 0x0
[    0.249133] DMAR-IR: IOAPIC id 8 under DRHD base  0x9b7fc000 IOMMU 9
[    0.249133] DMAR-IR: HPET id 0 under DRHD base 0x9b7fc000
[    0.249134] DMAR-IR: Queued invalidation will be enabled to support x2apic and Intr-remapping.
[    0.251791] DMAR-IR: Enabled IRQ remapping in x2apic mode
[    0.254433] ..TIMER: vector=0x30 apic1=0 pin1=2 apic2=-1 pin2=-1
[    0.273011] clocksource: tsc-early: mask: 0xffffffffffffffff max_cycles: 0x39a85c9bff6, max_idle_ns: 881590591483 ns
[    0.273016] Calibrating delay loop (skipped), value calculated using timer frequency.. 4000.00 BogoMIPS (lpj=8000000)
[    0.273018] pid_max: default: 114688 minimum: 896
[    0.277069] LSM: Security Framework initializing
[    0.277097] Yama: becoming mindful.
[    0.277467] AppArmor: AppArmor initialized
[    0.286872] Dentry cache hash table entries: 8388608 (order: 14, 67108864 bytes, vmalloc)
[    0.291603] Inode-cache hash table entries: 4194304 (order: 13, 33554432 bytes, vmalloc)
[    0.291798] Mount-cache hash table entries: 131072 (order: 8, 1048576 bytes, vmalloc)
[    0.291947] Mountpoint-cache hash table entries: 131072 (order: 8, 1048576 bytes, vmalloc)
[    0.292246] *** VALIDATE proc ***
[    0.292484] *** VALIDATE cgroup1 ***
[    0.292485] *** VALIDATE cgroup2 ***
[    0.292610] x86/tme: not enabled by BIOS
[    0.292613] x86/cpu: User Mode Instruction Prevention (UMIP) activated
[    0.292689] mce: CPU0: Thermal monitoring enabled (TM1)
[    0.292900] process: using mwait in idle threads
[    0.292902] Last level iTLB entries: 4KB 0, 2MB 0, 4MB 0
[    0.292903] Last level dTLB entries: 4KB 0, 2MB 0, 4MB 0, 1GB 0
[    0.292906] Spectre V1 : Mitigation: usercopy/swapgs barriers and __user pointer sanitization
[    0.292908] Spectre V2 : Mitigation: Enhanced IBRS
[    0.292908] Spectre V2 : Spectre v2 / SpectreRSB mitigation: Filling RSB on context switch
[    0.292910] Spectre V2 : mitigation: Enabling conditional Indirect Branch Prediction Barrier
[    0.292911] Speculative Store Bypass: Mitigation: Speculative Store Bypass disabled via prctl and seccomp
[    0.293225] Freeing SMP alternatives memory: 40K
[    0.297187] TSC deadline timer enabled
[    0.297196] smpboot: CPU0: Intel(R) Xeon(R) Gold 6330 CPU @ 2.00GHz (family: 0x6, model: 0x6a, stepping: 0x6)
[    0.297392] Performance Events: PEBS fmt4+-baseline, Icelake events, 32-deep LBR, full-width counters, Intel PMU driver.
[    0.297398] ... version:                5
[    0.297398] ... bit width:              48
[    0.297399] ... generic registers:      8
[    0.297399] ... value mask:             0000ffffffffffff
[    0.297400] ... max period:             00007fffffffffff
[    0.297400] ... fixed-purpose events:   4
[    0.297401] ... event mask:             0000000f000000ff
[    0.297508] rcu: Hierarchical SRCU implementation.
[    0.304853] NMI watchdog: Enabled. Permanently consumes one hw-PMU counter.
[    0.306129] smp: Bringing up secondary CPUs ...
[    0.306244] x86: Booting SMP configuration:
[    0.306245] .... node  #1, CPUs:          #1
[    0.003687] smpboot: CPU 1 Converting physical 0 to logical die 1
[    0.393125] .... node  #0, CPUs:     #2
[    0.398473] .... node  #1, CPUs:     #3
[    0.403886] .... node  #0, CPUs:     #4
[    0.409223] .... node  #1, CPUs:     #5
[    0.414592] .... node  #0, CPUs:     #6
[    0.420145] .... node  #1, CPUs:     #7
[    0.425702] .... node  #0, CPUs:     #8
[    0.430962] .... node  #1, CPUs:     #9
[    0.436668] .... node  #0, CPUs:    #10
[    0.442355] .... node  #1, CPUs:    #11
[    0.448075] .... node  #0, CPUs:    #12
[    0.453553] .... node  #1, CPUs:    #13
[    0.458895] .... node  #0, CPUs:    #14
[    0.464101] .... node  #1, CPUs:    #15
[    0.469390] .... node  #0, CPUs:    #16
[    0.474616] .... node  #1, CPUs:    #17
[    0.479921] .... node  #0, CPUs:    #18
[    0.485186] .... node  #1, CPUs:    #19
[    0.490767] .... node  #0, CPUs:    #20
[    0.495952] .... node  #1, CPUs:    #21
[    0.501536] .... node  #0, CPUs:    #22
[    0.506944] .... node  #1, CPUs:    #23
[    0.512188] .... node  #0, CPUs:    #24
[    0.517787] .... node  #1, CPUs:    #25
[    0.523086] .... node  #0, CPUs:    #26
[    0.528263] .... node  #1, CPUs:    #27
[    0.533549] .... node  #0, CPUs:    #28
[    0.539013] .... node  #1, CPUs:    #29
[    0.544283] .... node  #0, CPUs:    #30
[    0.549470] .... node  #1, CPUs:    #31
[    0.554919] .... node  #0, CPUs:    #32
[    0.560178] .... node  #1, CPUs:    #33
[    0.565508] .... node  #0, CPUs:    #34
[    0.570919] .... node  #1, CPUs:    #35
[    0.576201] .... node  #0, CPUs:    #36
[    0.581377] .... node  #1, CPUs:    #37
[    0.586661] .... node  #0, CPUs:    #38
[    0.592173] .... node  #1, CPUs:    #39
[    0.597681] .... node  #0, CPUs:    #40
[    0.603250] .... node  #1, CPUs:    #41
[    0.609121] .... node  #0, CPUs:    #42
[    0.614237] .... node  #1, CPUs:    #43
[    0.619867] .... node  #0, CPUs:    #44
[    0.625187] .... node  #1, CPUs:    #45
[    0.630634] .... node  #0, CPUs:    #46
[    0.636127] .... node  #1, CPUs:    #47
[    0.641562] .... node  #0, CPUs:    #48
[    0.646862] .... node  #1, CPUs:    #49
[    0.652264] .... node  #0, CPUs:    #50
[    0.657703] .... node  #1, CPUs:    #51
[    0.663325] .... node  #0, CPUs:    #52
[    0.668759] .... node  #1, CPUs:    #53
[    0.674319] .... node  #0, CPUs:    #54
[    0.679975] .... node  #1, CPUs:    #55
[    0.685759] .... node  #0, CPUs:    #56
[    0.691268] .... node  #1, CPUs:    #57
[    0.697143] .... node  #0, CPUs:    #58
[    0.702521] .... node  #1, CPUs:    #59
[    0.707936] .... node  #0, CPUs:    #60
[    0.713290] .... node  #1, CPUs:    #61
[    0.718661] .... node  #0, CPUs:    #62
[    0.724228] .... node  #1, CPUs:    #63
[    0.729790] .... node  #0, CPUs:    #64
[    0.735079] .... node  #1, CPUs:    #65
[    0.740785] .... node  #0, CPUs:    #66
[    0.746484] .... node  #1, CPUs:    #67
[    0.752214] .... node  #0, CPUs:    #68
[    0.757712] .... node  #1, CPUs:    #69
[    0.763057] .... node  #0, CPUs:    #70
[    0.768264] .... node  #1, CPUs:    #71
[    0.773567] .... node  #0, CPUs:    #72
[    0.778827] .... node  #1, CPUs:    #73
[    0.784136] .... node  #0, CPUs:    #74
[    0.789365] .... node  #1, CPUs:    #75
[    0.795004] .... node  #0, CPUs:    #76
[    0.800222] .... node  #1, CPUs:    #77
[    0.805823] .... node  #0, CPUs:    #78
[    0.811238] .... node  #1, CPUs:    #79
[    0.816521] .... node  #0, CPUs:    #80
[    0.822109] .... node  #1, CPUs:    #81
[    0.827440] .... node  #0, CPUs:    #82
[    0.832630] .... node  #1, CPUs:    #83
[    0.837939] .... node  #0, CPUs:    #84
[    0.843434] .... node  #1, CPUs:    #85
[    0.848714] .... node  #0, CPUs:    #86
[    0.853909] .... node  #1, CPUs:    #87
[    0.859388] .... node  #0, CPUs:    #88
[    0.864656] .... node  #1, CPUs:    #89
[    0.870021] .... node  #0, CPUs:    #90
[    0.875438] .... node  #1, CPUs:    #91
[    0.880734] .... node  #0, CPUs:    #92
[    0.885924] .... node  #1, CPUs:    #93
[    0.891233] .... node  #0, CPUs:    #94
[    0.897043] .... node  #1, CPUs:    #95
[    0.902297] .... node  #0, CPUs:    #96
[    0.907885] .... node  #1, CPUs:    #97
[    0.913625] .... node  #0, CPUs:    #98
[    0.918913] .... node  #1, CPUs:    #99
[    0.924566] .... node  #0, CPUs:   #100
[    0.929884] .... node  #1, CPUs:   #101
[    0.935335] .... node  #0, CPUs:   #102
[    0.941139] .... node  #1, CPUs:   #103
[    0.946317] .... node  #0, CPUs:   #104
[    0.951644] .... node  #1, CPUs:   #105
[    0.957121] .... node  #0, CPUs:   #106
[    0.962522] .... node  #1, CPUs:   #107
[    0.968165] .... node  #0, CPUs:   #108
[    0.973610] .... node  #1, CPUs:   #109
[    0.979204] .... node  #0, CPUs:   #110
[    0.985149] .... node  #1, CPUs:   #111
[    0.990668] smp: Brought up 2 nodes, 112 CPUs
[    0.990668] smpboot: Max logical packages: 2
[    0.990668] smpboot: Total of 112 processors activated (448069.97 BogoMIPS)
[    0.999976] devtmpfs: initialized
[    0.999976] x86/mm: Memory block size: 2048MB
[    0.999976] PM: Registering ACPI NVS region [mem 0x49e77000-0x4ae76fff] (16777216 bytes)
[    0.999976] PM: Registering ACPI NVS region [mem 0x6e3ff000-0x6f3fefff] (16777216 bytes)
[    1.001192] clocksource: jiffies: mask: 0xffffffff max_cycles: 0xffffffff, max_idle_ns: 7645041785100000 ns
[    1.001340] futex hash table entries: 32768 (order: 9, 2097152 bytes, vmalloc)
[    1.001946] pinctrl core: initialized pinctrl subsystem
[    1.002077] PM: RTC time: 03:08:15, date: 2024-04-28
[    1.002344] NET: Registered protocol family 16
[    1.002456] audit: initializing netlink subsys (disabled)
[    1.002461] audit: type=2000 audit(1714273694.756:1): state=initialized audit_enabled=0 res=1
[    1.002461] EISA bus registered
[    1.002461] cpuidle: using governor ladder
[    1.002461] cpuidle: using governor menu
[    1.002461] ACPI FADT declares the system doesn't support PCIe ASPM, so disable it
[    1.002461] ACPI: bus type PCI registered
[    1.002461] acpiphp: ACPI Hot Plug PCI Controller Driver version: 0.5
[    1.002461] PCI: MMCONFIG for domain 0000 [bus 00-ff] at [mem 0x80000000-0x8fffffff] (base 0x80000000)
[    1.002461] PCI: MMCONFIG at [mem 0x80000000-0x8fffffff] reserved in E820
[    1.002461] pmd_set_huge: Cannot satisfy [mem 0x80000000-0x80200000] with a huge-page mapping due to MTRR override.
[    1.002461] PCI: Using configuration type 1 for base access
[    1.002461] PCI: Dell System detected, enabling pci=bfsort.
[    1.005026] ENERGY_PERF_BIAS: Set to 'normal', was 'performance'
[    1.009310] HugeTLB registered 1.00 GiB page size, pre-allocated 0 pages
[    1.009310] HugeTLB registered 2.00 MiB page size, pre-allocated 0 pages
[    1.013419] ACPI: Added _OSI(Module Device)
[    1.013420] ACPI: Added _OSI(Processor Device)
[    1.013421] ACPI: Added _OSI(3.0 _SCP Extensions)
[    1.013422] ACPI: Added _OSI(Processor Aggregator Device)
[    1.013423] ACPI: Added _OSI(Linux-Dell-Video)
[    1.013424] ACPI: Added _OSI(Linux-Lenovo-NV-HDMI-Audio)
[    1.013425] ACPI: Added _OSI(Linux-HPI-Hybrid-Graphics)
[    1.178571] ACPI: 8 ACPI AML tables successfully acquired and loaded
[    1.185677] ACPI: [Firmware Bug]: BIOS _OSI(Linux) query ignored
[    1.192319] ACPI: Dynamic OEM Table Load:
[    1.584545] ACPI: Interpreter enabled
[    1.584563] ACPI: (supports S0 S5)
[    1.584564] ACPI: Using IOAPIC for interrupt routing
[    1.584650] HEST: Table parsing has been initialized.
[    1.584653] PCI: Using host bridge windows from ACPI; if necessary, use "pci=nocrs" and report a bug
[    1.613370] ACPI: Enabled 4 GPEs in block 00 to 7F
[    1.737613] ACPI: PCI Root Bridge [PC00] (domain 0000 [bus 00-15])
[    1.737618] acpi PNP0A08:00: _OSC: OS supports [ExtendedConfig ASPM ClockPM Segments MSI HPX-Type3]
[    1.737696] acpi PNP0A08:00: PCIe AER handled by firmware
[    1.737807] acpi PNP0A08:00: _OSC: platform does not support [SHPCHotplug LTR]
[    1.738013] acpi PNP0A08:00: _OSC: OS now controls [PCIeHotplug PME PCIeCapability]
[    1.738014] acpi PNP0A08:00: FADT indicates ASPM is unsupported, using BIOS configuration
[    1.739820] PCI host bridge to bus 0000:00
[    1.739821] pci_bus 0000:00: root bus resource [io  0x0000-0x0cf7 window]
[    1.739822] pci_bus 0000:00: root bus resource [io  0x1000-0x4fff window]
[    1.739823] pci_bus 0000:00: root bus resource [mem 0x000a0000-0x000bffff window]
[    1.739824] pci_bus 0000:00: root bus resource [mem 0x000c8000-0x000cffff window]
[    1.739825] pci_bus 0000:00: root bus resource [mem 0xfe010000-0xfe010fff window]
[    1.739826] pci_bus 0000:00: root bus resource [mem 0x90000000-0x9b7fffff window]
[    1.739826] pci_bus 0000:00: root bus resource [mem 0x200000000000-0x20ffffffffff window]
[    1.739827] pci_bus 0000:00: root bus resource [bus 00-15]
[    1.739838] pci 0000:00:00.0: [8086:09a2] type 00 class 0x088000
[    1.740572] pci 0000:00:00.1: [8086:09a4] type 00 class 0x088000
[    1.741290] pci 0000:00:00.2: [8086:09a3] type 00 class 0x088000
[    1.742005] pci 0000:00:00.4: [8086:0998] type 00 class 0x060000
[    1.742722] pci 0000:00:02.0: [8086:09a6] type 00 class 0x088000
[    1.742732] pci 0000:00:02.0: reg 0x10: [mem 0x92dfc000-0x92dfdfff]
[    1.743439] pci 0000:00:02.1: [8086:09a7] type 00 class 0x088000
[    1.743448] pci 0000:00:02.1: reg 0x10: [mem 0x92d00000-0x92d7ffff]
[    1.743453] pci 0000:00:02.1: reg 0x14: [mem 0x92c80000-0x92cfffff]
[    1.744157] pci 0000:00:02.4: [8086:3456] type 00 class 0x130000
[    1.744167] pci 0000:00:02.4: reg 0x10: [mem 0x92a00000-0x92afffff 64bit]
[    1.744174] pci 0000:00:02.4: reg 0x18: [mem 0x92df0000-0x92df3fff 64bit]
[    1.744180] pci 0000:00:02.4: reg 0x20: [mem 0x92dc0000-0x92ddffff 64bit]
[    1.744897] pci 0000:00:11.0: [8086:a1ec] type 00 class 0xff0000
[    1.745679] pci 0000:00:11.5: [8086:a1d2] type 00 class 0x010601
[    1.745696] pci 0000:00:11.5: reg 0x10: [mem 0x92dfa000-0x92dfbfff]
[    1.745703] pci 0000:00:11.5: reg 0x14: [mem 0x92e05000-0x92e050ff]
[    1.745710] pci 0000:00:11.5: reg 0x18: [io  0x2068-0x206f]
[    1.745717] pci 0000:00:11.5: reg 0x1c: [io  0x2074-0x2077]
[    1.745724] pci 0000:00:11.5: reg 0x20: [io  0x2040-0x205f]
[    1.745731] pci 0000:00:11.5: reg 0x24: [mem 0x92b80000-0x92bfffff]
[    1.745770] pci 0000:00:11.5: PME# supported from D3hot
[    1.746497] pci 0000:00:14.0: [8086:a1af] type 00 class 0x0c0330
[    1.746519] pci 0000:00:14.0: reg 0x10: [mem 0x92de0000-0x92deffff 64bit]
[    1.746582] pci 0000:00:14.0: PME# supported from D3hot D3cold
[    1.747307] pci 0000:00:14.2: [8086:a1b1] type 00 class 0x118000
[    1.747328] pci 0000:00:14.2: reg 0x10: [mem 0x92e02000-0x92e02fff 64bit]
[    1.748081] pci 0000:00:16.0: [8086:a1ba] type 00 class 0x078000
[    1.748109] pci 0000:00:16.0: reg 0x10: [mem 0x92e01000-0x92e01fff 64bit]
[    1.748193] pci 0000:00:16.0: PME# supported from D3hot
[    1.748888] pci 0000:00:16.1: [8086:a1bb] type 00 class 0x078000
[    1.748916] pci 0000:00:16.1: reg 0x10: [mem 0x92e00000-0x92e00fff 64bit]
[    1.749000] pci 0000:00:16.1: PME# supported from D3hot
[    1.749695] pci 0000:00:16.4: [8086:a1be] type 00 class 0x078000
[    1.749723] pci 0000:00:16.4: reg 0x10: [mem 0x92dff000-0x92dfffff 64bit]
[    1.749806] pci 0000:00:16.4: PME# supported from D3hot
[    1.750498] pci 0000:00:17.0: [8086:a182] type 00 class 0x010601
[    1.750515] pci 0000:00:17.0: reg 0x10: [mem 0x92df8000-0x92df9fff]
[    1.750521] pci 0000:00:17.0: reg 0x14: [mem 0x92e04000-0x92e040ff]
[    1.750528] pci 0000:00:17.0: reg 0x18: [io  0x2060-0x2067]
[    1.750535] pci 0000:00:17.0: reg 0x1c: [io  0x2070-0x2073]
[    1.750542] pci 0000:00:17.0: reg 0x20: [io  0x2020-0x203f]
[    1.750549] pci 0000:00:17.0: reg 0x24: [mem 0x92b00000-0x92b7ffff]
[    1.750586] pci 0000:00:17.0: PME# supported from D3hot
[    1.751310] pci 0000:00:1c.0: [8086:a190] type 01 class 0x060400
[    1.751388] pci 0000:00:1c.0: PME# supported from D0 D3hot D3cold
[    1.752163] pci 0000:00:1c.4: [8086:a194] type 01 class 0x060400
[    1.752236] pci 0000:00:1c.4: PME# supported from D0 D3hot D3cold
[    1.752997] pci 0000:00:1c.5: [8086:a195] type 01 class 0x060400
[    1.753070] pci 0000:00:1c.5: PME# supported from D0 D3hot D3cold
[    1.753845] pci 0000:00:1f.0: [8086:a1cb] type 00 class 0x060100
[    1.754663] pci 0000:00:1f.2: [8086:a1a1] type 00 class 0x058000
[    1.754678] pci 0000:00:1f.2: reg 0x10: [mem 0x92df4000-0x92df7fff]
[    1.755442] pci 0000:00:1f.4: [8086:a1a3] type 00 class 0x0c0500
[    1.755461] pci 0000:00:1f.4: reg 0x10: [mem 0x92dfe000-0x92dfe0ff 64bit]
[    1.755484] pci 0000:00:1f.4: reg 0x20: [io  0x2000-0x201f]
[    1.756183] pci 0000:00:1f.5: [8086:a1a4] type 00 class 0x0c8000
[    1.756199] pci 0000:00:1f.5: reg 0x10: [mem 0xfe010000-0xfe010fff]
[    1.756965] pci 0000:00:1c.0: PCI bridge to [bus 01]
[    1.757013] pci 0000:02:00.0: [1556:be00] type 01 class 0x060400
[    1.757182] pci 0000:00:1c.4: PCI bridge to [bus 02-03]
[    1.757186] pci 0000:00:1c.4:   bridge window [mem 0x92000000-0x928fffff]
[    1.757190] pci 0000:00:1c.4:   bridge window [mem 0x91000000-0x91ffffff 64bit pref]
[    1.757221] pci_bus 0000:03: extended config space not accessible
[    1.757239] pci 0000:03:00.0: [102b:0536] type 00 class 0x030000
[    1.757258] pci 0000:03:00.0: reg 0x10: [mem 0x91000000-0x91ffffff pref]
[    1.757268] pci 0000:03:00.0: reg 0x14: [mem 0x92808000-0x9280bfff]
[    1.757279] pci 0000:03:00.0: reg 0x18: [mem 0x92000000-0x927fffff]
[    1.757326] pci 0000:03:00.0: BAR 0: assigned to efifb
[    1.757421] pci 0000:02:00.0: PCI bridge to [bus 03]
[    1.757428] pci 0000:02:00.0:   bridge window [mem 0x92000000-0x928fffff]
[    1.757434] pci 0000:02:00.0:   bridge window [mem 0x91000000-0x91ffffff 64bit pref]
[    1.757500] pci 0000:04:00.0: [14e4:165f] type 00 class 0x020000
[    1.757532] pci 0000:04:00.0: reg 0x10: [mem 0x92930000-0x9293ffff 64bit pref]
[    1.757547] pci 0000:04:00.0: reg 0x18: [mem 0x92940000-0x9294ffff 64bit pref]
[    1.757562] pci 0000:04:00.0: reg 0x20: [mem 0x92950000-0x9295ffff 64bit pref]
[    1.757572] pci 0000:04:00.0: reg 0x30: [mem 0xfffc0000-0xffffffff pref]
[    1.757665] pci 0000:04:00.0: PME# supported from D0 D3hot D3cold
[    1.757703] pci 0000:04:00.0: 4.000 Gb/s available PCIe bandwidth, limited by 5 GT/s x1 link at 0000:00:1c.5 (capable of 8.000 Gb/s with 5 GT/s x2 link)
[    1.757831] pci 0000:04:00.1: [14e4:165f] type 00 class 0x020000
[    1.757863] pci 0000:04:00.1: reg 0x10: [mem 0x92900000-0x9290ffff 64bit pref]
[    1.757878] pci 0000:04:00.1: reg 0x18: [mem 0x92910000-0x9291ffff 64bit pref]
[    1.757893] pci 0000:04:00.1: reg 0x20: [mem 0x92920000-0x9292ffff 64bit pref]
[    1.757903] pci 0000:04:00.1: reg 0x30: [mem 0xfffc0000-0xffffffff pref]
[    1.757995] pci 0000:04:00.1: PME# supported from D0 D3hot D3cold
[    1.758141] pci 0000:00:1c.5: PCI bridge to [bus 04]
[    1.758148] pci 0000:00:1c.5:   bridge window [mem 0x92900000-0x929fffff 64bit pref]
[    1.758161] pci_bus 0000:00: on NUMA node 0
[    1.758716] ACPI: PCI Root Bridge [PC01] (domain 0000 [bus 16-2f])
[    1.758719] acpi PNP0A08:01: _OSC: OS supports [ExtendedConfig ASPM ClockPM Segments MSI HPX-Type3]
[    1.758818] acpi PNP0A08:01: PCIe AER handled by firmware
[    1.758926] acpi PNP0A08:01: _OSC: platform does not support [SHPCHotplug]
[    1.759131] acpi PNP0A08:01: _OSC: OS now controls [PCIeHotplug PME PCIeCapability LTR]
[    1.759132] acpi PNP0A08:01: FADT indicates ASPM is unsupported, using BIOS configuration
[    1.759256] PCI host bridge to bus 0000:16
[    1.759257] pci_bus 0000:16: root bus resource [io  0x5000-0x6fff window]
[    1.759258] pci_bus 0000:16: root bus resource [mem 0x9b800000-0xa63fffff window]
[    1.759259] pci_bus 0000:16: root bus resource [mem 0x210000000000-0x21ffffffffff window]
[    1.759260] pci_bus 0000:16: root bus resource [bus 16-2f]
[    1.759267] pci 0000:16:00.0: [8086:09a2] type 00 class 0x088000
[    1.759331] pci 0000:16:00.1: [8086:09a4] type 00 class 0x088000
[    1.759395] pci 0000:16:00.2: [8086:09a3] type 00 class 0x088000
[    1.759458] pci 0000:16:00.4: [8086:0998] type 00 class 0x060000
[    1.759520] pci 0000:16:02.0: [8086:347a] type 01 class 0x060400
[    1.759533] pci 0000:16:02.0: reg 0x10: [mem 0x21fffff00000-0x21fffff1ffff 64bit]
[    1.759570] pci 0000:16:02.0: PME# supported from D0 D3hot D3cold
[    1.759870] pci 0000:17:00.0: [1000:10e2] type 00 class 0x010400
[    1.759889] pci 0000:17:00.0: reg 0x10: [mem 0x9b800000-0x9b8fffff 64bit pref]
[    1.759897] pci 0000:17:00.0: reg 0x18: [mem 0x9b900000-0x9b9fffff 64bit pref]
[    1.759902] pci 0000:17:00.0: reg 0x20: [mem 0x9ba00000-0x9bafffff]
[    1.759908] pci 0000:17:00.0: reg 0x24: [io  0x5000-0x50ff]
[    1.759913] pci 0000:17:00.0: reg 0x30: [mem 0xfff00000-0xffffffff pref]
[    1.761157] pci 0000:17:00.0: supports D1 D2
[    1.761208] pci 0000:16:02.0: PCI bridge to [bus 17]
[    1.761210] pci 0000:16:02.0:   bridge window [io  0x5000-0x5fff]
[    1.761211] pci 0000:16:02.0:   bridge window [mem 0x9ba00000-0x9bafffff]
[    1.761214] pci 0000:16:02.0:   bridge window [mem 0x9b800000-0x9b9fffff 64bit pref]
[    1.761219] pci_bus 0000:16: on NUMA node 0
[    1.761284] ACPI: PCI Root Bridge [PC02] (domain 0000 [bus 30-49])
[    1.761286] acpi PNP0A08:02: _OSC: OS supports [ExtendedConfig ASPM ClockPM Segments MSI HPX-Type3]
[    1.761381] acpi PNP0A08:02: PCIe AER handled by firmware
[    1.761488] acpi PNP0A08:02: _OSC: platform does not support [SHPCHotplug]
[    1.761688] acpi PNP0A08:02: _OSC: OS now controls [PCIeHotplug PME PCIeCapability LTR]
[    1.761689] acpi PNP0A08:02: FADT indicates ASPM is unsupported, using BIOS configuration
[    1.761805] PCI host bridge to bus 0000:30
[    1.761806] pci_bus 0000:30: root bus resource [io  0x7000-0x8fff window]
[    1.761807] pci_bus 0000:30: root bus resource [mem 0xa6400000-0xb0ffffff window]
[    1.761807] pci_bus 0000:30: root bus resource [mem 0x220000000000-0x22ffffffffff window]
[    1.761808] pci_bus 0000:30: root bus resource [bus 30-49]
[    1.761815] pci 0000:30:00.0: [8086:09a2] type 00 class 0x088000
[    1.761881] pci 0000:30:00.1: [8086:09a4] type 00 class 0x088000
[    1.761941] pci 0000:30:00.2: [8086:09a3] type 00 class 0x088000
[    1.762004] pci 0000:30:00.4: [8086:0998] type 00 class 0x060000
[    1.762075] pci_bus 0000:30: on NUMA node 0
[    1.762161] ACPI: PCI Root Bridge [PC04] (domain 0000 [bus 4a-63])
[    1.762163] acpi PNP0A08:04: _OSC: OS supports [ExtendedConfig ASPM ClockPM Segments MSI HPX-Type3]
[    1.762254] acpi PNP0A08:04: PCIe AER handled by firmware
[    1.762359] acpi PNP0A08:04: _OSC: platform does not support [SHPCHotplug]
[    1.762557] acpi PNP0A08:04: _OSC: OS now controls [PCIeHotplug PME PCIeCapability LTR]
[    1.762558] acpi PNP0A08:04: FADT indicates ASPM is unsupported, using BIOS configuration
[    1.762669] PCI host bridge to bus 0000:4a
[    1.762670] pci_bus 0000:4a: root bus resource [io  0x9000-0x9fff window]
[    1.762671] pci_bus 0000:4a: root bus resource [mem 0xb1000000-0xbbbfffff window]
[    1.762671] pci_bus 0000:4a: root bus resource [mem 0x230000000000-0x23ffffffffff window]
[    1.762672] pci_bus 0000:4a: root bus resource [bus 4a-63]
[    1.762679] pci 0000:4a:00.0: [8086:09a2] type 00 class 0x088000
[    1.762741] pci 0000:4a:00.1: [8086:09a4] type 00 class 0x088000
[    1.762801] pci 0000:4a:00.2: [8086:09a3] type 00 class 0x088000
[    1.762868] pci 0000:4a:00.4: [8086:0998] type 00 class 0x060000
[    1.762937] pci_bus 0000:4a: on NUMA node 0
[    1.762997] ACPI: PCI Root Bridge [PC05] (domain 0000 [bus 64-7d])
[    1.762999] acpi PNP0A08:05: _OSC: OS supports [ExtendedConfig ASPM ClockPM Segments MSI HPX-Type3]
[    1.763089] acpi PNP0A08:05: PCIe AER handled by firmware
[    1.763193] acpi PNP0A08:05: _OSC: platform does not support [SHPCHotplug]
[    1.763392] acpi PNP0A08:05: _OSC: OS now controls [PCIeHotplug PME PCIeCapability LTR]
[    1.763392] acpi PNP0A08:05: FADT indicates ASPM is unsupported, using BIOS configuration
[    1.763501] PCI host bridge to bus 0000:64
[    1.763502] pci_bus 0000:64: root bus resource [io  0xa000-0xafff window]
[    1.763503] pci_bus 0000:64: root bus resource [mem 0xbbc00000-0xc5ffffff window]
[    1.763503] pci_bus 0000:64: root bus resource [mem 0x240000000000-0x24ffffffffff window]
[    1.763504] pci_bus 0000:64: root bus resource [bus 64-7d]
[    1.763511] pci 0000:64:00.0: [8086:09a2] type 00 class 0x088000
[    1.763574] pci 0000:64:00.1: [8086:09a4] type 00 class 0x088000
[    1.763635] pci 0000:64:00.2: [8086:09a3] type 00 class 0x088000
[    1.763698] pci 0000:64:00.4: [8086:0998] type 00 class 0x060000
[    1.763768] pci_bus 0000:64: on NUMA node 0
[    1.763823] ACPI: PCI Root Bridge [UC06] (domain 0000 [bus 7e])
[    1.763826] acpi PNP0A03:00: _OSC: OS supports [ExtendedConfig ASPM ClockPM Segments MSI HPX-Type3]
[    1.763900] acpi PNP0A03:00: PCIe AER handled by firmware
[    1.763989] acpi PNP0A03:00: _OSC: platform does not support [SHPCHotplug LTR]
[    1.764157] acpi PNP0A03:00: _OSC: OS now controls [PCIeHotplug PME PCIeCapability]
[    1.764157] acpi PNP0A03:00: FADT indicates ASPM is unsupported, using BIOS configuration
[    1.764289] PCI host bridge to bus 0000:7e
[    1.764290] pci_bus 0000:7e: root bus resource [bus 7e]
[    1.764296] pci 0000:7e:00.0: [8086:3450] type 00 class 0x088000
[    1.764366] pci 0000:7e:00.1: [8086:3451] type 00 class 0x088000
[    1.764429] pci 0000:7e:00.2: [8086:3452] type 00 class 0x088000
[    1.764499] pci 0000:7e:00.3: [8086:0998] type 00 class 0x060000
[    1.764563] pci 0000:7e:00.5: [8086:3455] type 00 class 0x088000
[    1.764632] pci 0000:7e:02.0: [8086:3440] type 00 class 0x088000
[    1.764754] pci 0000:7e:02.1: [8086:3441] type 00 class 0x088000
[    1.764867] pci 0000:7e:02.2: [8086:3442] type 00 class 0x088000
[    1.764983] pci 0000:7e:03.0: [8086:3440] type 00 class 0x088000
[    1.765073] pci 0000:7e:03.1: [8086:3441] type 00 class 0x088000
[    1.765155] pci 0000:7e:03.2: [8086:3442] type 00 class 0x088000
[    1.765251] pci 0000:7e:04.0: [8086:3440] type 00 class 0x088000
[    1.765377] pci 0000:7e:04.1: [8086:3441] type 00 class 0x088000
[    1.765499] pci 0000:7e:04.2: [8086:3442] type 00 class 0x088000
[    1.765622] pci 0000:7e:04.3: [8086:3443] type 00 class 0x088000
[    1.765747] pci 0000:7e:05.0: [8086:3445] type 00 class 0x088000
[    1.765866] pci 0000:7e:05.1: [8086:3446] type 00 class 0x088000
[    1.765992] pci 0000:7e:05.2: [8086:3447] type 00 class 0x088000
[    1.766110] pci 0000:7e:06.0: [8086:3445] type 00 class 0x088000
[    1.766205] pci 0000:7e:06.1: [8086:3446] type 00 class 0x088000
[    1.766291] pci 0000:7e:06.2: [8086:3447] type 00 class 0x088000
[    1.766383] pci 0000:7e:07.0: [8086:3445] type 00 class 0x088000
[    1.766510] pci 0000:7e:07.1: [8086:3446] type 00 class 0x088000
[    1.766635] pci 0000:7e:07.2: [8086:3447] type 00 class 0x088000
[    1.766761] pci 0000:7e:0b.0: [8086:3448] type 00 class 0x088000
[    1.766836] pci 0000:7e:0b.1: [8086:3448] type 00 class 0x088000
[    1.766910] pci 0000:7e:0b.2: [8086:344b] type 00 class 0x088000
[    1.766994] pci 0000:7e:0c.0: [8086:344a] type 00 class 0x110100
[    1.767092] pci 0000:7e:0d.0: [8086:344a] type 00 class 0x110100
[    1.767187] pci 0000:7e:0e.0: [8086:344a] type 00 class 0x110100
[    1.767336] pci 0000:7e:0f.0: [8086:344a] type 00 class 0x110100
[    1.767498] pci 0000:7e:1a.0: [8086:2880] type 00 class 0x110100
[    1.767594] pci 0000:7e:1b.0: [8086:2880] type 00 class 0x110100
[    1.767686] pci 0000:7e:1c.0: [8086:2880] type 00 class 0x110100
[    1.767839] pci 0000:7e:1d.0: [8086:2880] type 00 class 0x110100
[    1.768001] pci_bus 0000:7e: on NUMA node 0
[    1.768075] ACPI: PCI Root Bridge [UC07] (domain 0000 [bus 7f])
[    1.768077] acpi PNP0A03:01: _OSC: OS supports [ExtendedConfig ASPM ClockPM Segments MSI HPX-Type3]
[    1.768156] acpi PNP0A03:01: PCIe AER handled by firmware
[    1.768246] acpi PNP0A03:01: _OSC: platform does not support [SHPCHotplug LTR]
[    1.768418] acpi PNP0A03:01: _OSC: OS now controls [PCIeHotplug PME PCIeCapability]
[    1.768419] acpi PNP0A03:01: FADT indicates ASPM is unsupported, using BIOS configuration
[    1.768562] PCI host bridge to bus 0000:7f
[    1.768563] pci_bus 0000:7f: root bus resource [bus 7f]
[    1.768573] pci 0000:7f:00.0: [8086:344c] type 00 class 0x088000
[    1.768682] pci 0000:7f:00.1: [8086:344c] type 00 class 0x088000
[    1.768800] pci 0000:7f:00.2: [8086:344c] type 00 class 0x088000
[    1.768921] pci 0000:7f:00.3: [8086:344c] type 00 class 0x088000
[    1.769017] pci 0000:7f:00.4: [8086:344c] type 00 class 0x088000
[    1.769147] pci 0000:7f:00.5: [8086:344c] type 00 class 0x088000
[    1.769273] pci 0000:7f:00.6: [8086:344c] type 00 class 0x088000
[    1.769358] pci 0000:7f:00.7: [8086:344c] type 00 class 0x088000
[    1.769455] pci 0000:7f:01.0: [8086:344c] type 00 class 0x088000
[    1.769592] pci 0000:7f:01.1: [8086:344c] type 00 class 0x088000
[    1.769719] pci 0000:7f:01.2: [8086:344c] type 00 class 0x088000
[    1.769806] pci 0000:7f:01.3: [8086:344c] type 00 class 0x088000
[    1.769945] pci 0000:7f:01.4: [8086:344c] type 00 class 0x088000
[    1.770082] pci 0000:7f:01.5: [8086:344c] type 00 class 0x088000
[    1.770225] pci 0000:7f:01.6: [8086:344c] type 00 class 0x088000
[    1.770354] pci 0000:7f:01.7: [8086:344c] type 00 class 0x088000
[    1.770493] pci 0000:7f:02.0: [8086:344c] type 00 class 0x088000
[    1.770632] pci 0000:7f:02.1: [8086:344c] type 00 class 0x088000
[    1.770771] pci 0000:7f:02.2: [8086:344c] type 00 class 0x088000
[    1.770909] pci 0000:7f:02.3: [8086:344c] type 00 class 0x088000
[    1.771055] pci 0000:7f:02.4: [8086:344c] type 00 class 0x088000
[    1.771198] pci 0000:7f:02.5: [8086:344c] type 00 class 0x088000
[    1.771341] pci 0000:7f:02.6: [8086:344c] type 00 class 0x088000
[    1.771494] pci 0000:7f:02.7: [8086:344c] type 00 class 0x088000
[    1.771654] pci 0000:7f:03.0: [8086:344c] type 00 class 0x088000
[    1.771805] pci 0000:7f:03.1: [8086:344c] type 00 class 0x088000
[    1.771964] pci 0000:7f:03.2: [8086:344c] type 00 class 0x088000
[    1.772119] pci 0000:7f:03.3: [8086:344c] type 00 class 0x088000
[    1.772284] pci 0000:7f:0a.0: [8086:344d] type 00 class 0x088000
[    1.772394] pci 0000:7f:0a.1: [8086:344d] type 00 class 0x088000
[    1.772512] pci 0000:7f:0a.2: [8086:344d] type 00 class 0x088000
[    1.772630] pci 0000:7f:0a.3: [8086:344d] type 00 class 0x088000
[    1.772733] pci 0000:7f:0a.4: [8086:344d] type 00 class 0x088000
[    1.772862] pci 0000:7f:0a.5: [8086:344d] type 00 class 0x088000
[    1.772985] pci 0000:7f:0a.6: [8086:344d] type 00 class 0x088000
[    1.773072] pci 0000:7f:0a.7: [8086:344d] type 00 class 0x088000
[    1.773164] pci 0000:7f:0b.0: [8086:344d] type 00 class 0x088000
[    1.773300] pci 0000:7f:0b.1: [8086:344d] type 00 class 0x088000
[    1.773430] pci 0000:7f:0b.2: [8086:344d] type 00 class 0x088000
[    1.773517] pci 0000:7f:0b.3: [8086:344d] type 00 class 0x088000
[    1.773659] pci 0000:7f:0b.4: [8086:344d] type 00 class 0x088000
[    1.773798] pci 0000:7f:0b.5: [8086:344d] type 00 class 0x088000
[    1.773942] pci 0000:7f:0b.6: [8086:344d] type 00 class 0x088000
[    1.774069] pci 0000:7f:0b.7: [8086:344d] type 00 class 0x088000
[    1.774204] pci 0000:7f:0c.0: [8086:344d] type 00 class 0x088000
[    1.774343] pci 0000:7f:0c.1: [8086:344d] type 00 class 0x088000
[    1.774480] pci 0000:7f:0c.2: [8086:344d] type 00 class 0x088000
[    1.774620] pci 0000:7f:0c.3: [8086:344d] type 00 class 0x088000
[    1.774771] pci 0000:7f:0c.4: [8086:344d] type 00 class 0x088000
[    1.774913] pci 0000:7f:0c.5: [8086:344d] type 00 class 0x088000
[    1.775058] pci 0000:7f:0c.6: [8086:344d] type 00 class 0x088000
[    1.775211] pci 0000:7f:0c.7: [8086:344d] type 00 class 0x088000
[    1.775363] pci 0000:7f:0d.0: [8086:344d] type 00 class 0x088000
[    1.775516] pci 0000:7f:0d.1: [8086:344d] type 00 class 0x088000
[    1.775675] pci 0000:7f:0d.2: [8086:344d] type 00 class 0x088000
[    1.775831] pci 0000:7f:0d.3: [8086:344d] type 00 class 0x088000
[    1.776014] pci 0000:7f:1d.0: [8086:344f] type 00 class 0x088000
[    1.776133] pci 0000:7f:1d.1: [8086:3457] type 00 class 0x088000
[    1.776249] pci 0000:7f:1e.0: [8086:3458] type 00 class 0x088000
[    1.776326] pci 0000:7f:1e.1: [8086:3459] type 00 class 0x088000
[    1.776401] pci 0000:7f:1e.2: [8086:345a] type 00 class 0x088000
[    1.776475] pci 0000:7f:1e.3: [8086:345b] type 00 class 0x088000
[    1.776549] pci 0000:7f:1e.4: [8086:345c] type 00 class 0x088000
[    1.776623] pci 0000:7f:1e.5: [8086:345d] type 00 class 0x088000
[    1.776702] pci 0000:7f:1e.6: [8086:345e] type 00 class 0x088000
[    1.776776] pci 0000:7f:1e.7: [8086:345f] type 00 class 0x088000
[    1.776848] pci_bus 0000:7f: on NUMA node 0
[    1.776938] ACPI: PCI Root Bridge [PC06] (domain 0000 [bus 80])
[    1.776940] acpi PNP0A08:06: _OSC: OS supports [ExtendedConfig ASPM ClockPM Segments MSI HPX-Type3]
[    1.777036] acpi PNP0A08:06: PCIe AER handled by firmware
[    1.777142] acpi PNP0A08:06: _OSC: platform does not support [SHPCHotplug]
[    1.777344] acpi PNP0A08:06: _OSC: OS now controls [PCIeHotplug PME PCIeCapability LTR]
[    1.777345] acpi PNP0A08:06: FADT indicates ASPM is unsupported, using BIOS configuration
[    1.777492] PCI host bridge to bus 0000:80
[    1.777493] pci_bus 0000:80: root bus resource [io  0xb000-0xbfff window]
[    1.777494] pci_bus 0000:80: root bus resource [mem 0xc6800000-0xd0ffffff window]
[    1.777495] pci_bus 0000:80: root bus resource [mem 0x250000000000-0x25ffffffffff window]
[    1.777496] pci_bus 0000:80: root bus resource [bus 80]
[    1.777503] pci 0000:80:00.0: [8086:09a2] type 00 class 0x088000
[    1.777584] pci 0000:80:00.1: [8086:09a4] type 00 class 0x088000
[    1.777658] pci 0000:80:00.2: [8086:09a3] type 00 class 0x088000
[    1.777743] pci 0000:80:00.4: [8086:0998] type 00 class 0x060000
[    1.777820] pci 0000:80:02.0: [8086:09a6] type 00 class 0x088000
[    1.777830] pci 0000:80:02.0: reg 0x10: [mem 0xc6aa4000-0xc6aa5fff]
[    1.777894] pci 0000:80:02.1: [8086:09a7] type 00 class 0x088000
[    1.777904] pci 0000:80:02.1: reg 0x10: [mem 0xc6a00000-0xc6a7ffff]
[    1.777909] pci 0000:80:02.1: reg 0x14: [mem 0xc6980000-0xc69fffff]
[    1.777978] pci 0000:80:02.4: [8086:3456] type 00 class 0x130000
[    1.777990] pci 0000:80:02.4: reg 0x10: [mem 0xc6800000-0xc68fffff 64bit]
[    1.777997] pci 0000:80:02.4: reg 0x18: [mem 0xc6aa0000-0xc6aa3fff 64bit]
[    1.778004] pci 0000:80:02.4: reg 0x20: [mem 0xc6a80000-0xc6a9ffff 64bit]
[    1.778063] pci_bus 0000:80: on NUMA node 1
[    1.778130] ACPI: PCI Root Bridge [PC07] (domain 0000 [bus 81])
[    1.778132] acpi PNP0A08:07: _OSC: OS supports [ExtendedConfig ASPM ClockPM Segments MSI HPX-Type3]
[    1.778222] acpi PNP0A08:07: PCIe AER handled by firmware
[    1.778326] acpi PNP0A08:07: _OSC: platform does not support [SHPCHotplug]
[    1.778525] acpi PNP0A08:07: _OSC: OS now controls [PCIeHotplug PME PCIeCapability LTR]
[    1.778525] acpi PNP0A08:07: FADT indicates ASPM is unsupported, using BIOS configuration
[    1.778639] PCI host bridge to bus 0000:81
[    1.778640] pci_bus 0000:81: root bus resource [io  0xc000-0xcfff window]
[    1.778640] pci_bus 0000:81: root bus resource [mem 0xd1000000-0xdbbfffff window]
[    1.778641] pci_bus 0000:81: root bus resource [mem 0x260000000000-0x26ffffffffff window]
[    1.778642] pci_bus 0000:81: root bus resource [bus 81]
[    1.778649] pci 0000:81:00.0: [8086:09a2] type 00 class 0x088000
[    1.778718] pci 0000:81:00.1: [8086:09a4] type 00 class 0x088000
[    1.778784] pci 0000:81:00.2: [8086:09a3] type 00 class 0x088000
[    1.778854] pci 0000:81:00.4: [8086:0998] type 00 class 0x060000
[    1.778934] pci_bus 0000:81: on NUMA node 1
[    1.778992] ACPI: PCI Root Bridge [PC08] (domain 0000 [bus 82])
[    1.778994] acpi PNP0A08:08: _OSC: OS supports [ExtendedConfig ASPM ClockPM Segments MSI HPX-Type3]
[    1.779084] acpi PNP0A08:08: PCIe AER handled by firmware
[    1.779187] acpi PNP0A08:08: _OSC: platform does not support [SHPCHotplug]
[    1.779387] acpi PNP0A08:08: _OSC: OS now controls [PCIeHotplug PME PCIeCapability LTR]
[    1.779387] acpi PNP0A08:08: FADT indicates ASPM is unsupported, using BIOS configuration
[    1.779496] PCI host bridge to bus 0000:82
[    1.779497] pci_bus 0000:82: root bus resource [io  0xd000-0xdfff window]
[    1.779497] pci_bus 0000:82: root bus resource [mem 0xdbc00000-0xe67fffff window]
[    1.779498] pci_bus 0000:82: root bus resource [mem 0x270000000000-0x27ffffffffff window]
[    1.779499] pci_bus 0000:82: root bus resource [bus 82]
[    1.779506] pci 0000:82:00.0: [8086:09a2] type 00 class 0x088000
[    1.779575] pci 0000:82:00.1: [8086:09a4] type 00 class 0x088000
[    1.779644] pci 0000:82:00.2: [8086:09a3] type 00 class 0x088000
[    1.779716] pci 0000:82:00.4: [8086:0998] type 00 class 0x060000
[    1.779796] pci_bus 0000:82: on NUMA node 1
[    1.779881] ACPI: PCI Root Bridge [PC10] (domain 0000 [bus 83-f9])
[    1.779883] acpi PNP0A08:0a: _OSC: OS supports [ExtendedConfig ASPM ClockPM Segments MSI HPX-Type3]
[    1.779972] acpi PNP0A08:0a: PCIe AER handled by firmware
[    1.780076] acpi PNP0A08:0a: _OSC: platform does not support [SHPCHotplug]
[    1.780274] acpi PNP0A08:0a: _OSC: OS now controls [PCIeHotplug PME PCIeCapability LTR]
[    1.780275] acpi PNP0A08:0a: FADT indicates ASPM is unsupported, using BIOS configuration
[    1.780394] PCI host bridge to bus 0000:83
[    1.780395] pci_bus 0000:83: root bus resource [io  0xe000-0xefff window]
[    1.780396] pci_bus 0000:83: root bus resource [mem 0xe6800000-0xf13fffff window]
[    1.780397] pci_bus 0000:83: root bus resource [mem 0x280000000000-0x28ffffffffff window]
[    1.780398] pci_bus 0000:83: root bus resource [bus 83-f9]
[    1.780405] pci 0000:83:00.0: [8086:09a2] type 00 class 0x088000
[    1.780473] pci 0000:83:00.1: [8086:09a4] type 00 class 0x088000
[    1.780540] pci 0000:83:00.2: [8086:09a3] type 00 class 0x088000
[    1.780610] pci 0000:83:00.4: [8086:0998] type 00 class 0x060000
[    1.780689] pci_bus 0000:83: on NUMA node 1
[    1.780747] ACPI: PCI Root Bridge [PC11] (domain 0000 [bus fa])
[    1.780749] acpi PNP0A08:0b: _OSC: OS supports [ExtendedConfig ASPM ClockPM Segments MSI HPX-Type3]
[    1.780839] acpi PNP0A08:0b: PCIe AER handled by firmware
[    1.780942] acpi PNP0A08:0b: _OSC: platform does not support [SHPCHotplug]
[    1.781142] acpi PNP0A08:0b: _OSC: OS now controls [PCIeHotplug PME PCIeCapability LTR]
[    1.781142] acpi PNP0A08:0b: FADT indicates ASPM is unsupported, using BIOS configuration
[    1.781257] PCI host bridge to bus 0000:fa
[    1.781258] pci_bus 0000:fa: root bus resource [io  0xf000-0xffff window]
[    1.781259] pci_bus 0000:fa: root bus resource [mem 0xf1400000-0xfb7fffff window]
[    1.781259] pci_bus 0000:fa: root bus resource [mem 0x290000000000-0x29ffffffffff window]
[    1.781260] pci_bus 0000:fa: root bus resource [bus fa]
[    1.781268] pci 0000:fa:00.0: [8086:09a2] type 00 class 0x088000
[    1.781335] pci 0000:fa:00.1: [8086:09a4] type 00 class 0x088000
[    1.781404] pci 0000:fa:00.2: [8086:09a3] type 00 class 0x088000
[    1.781477] pci 0000:fa:00.4: [8086:0998] type 00 class 0x060000
[    1.781557] pci_bus 0000:fa: on NUMA node 1
[    1.781612] ACPI: PCI Root Bridge [UC16] (domain 0000 [bus fe])
[    1.781614] acpi PNP0A03:02: _OSC: OS supports [ExtendedConfig ASPM ClockPM Segments MSI HPX-Type3]
[    1.781689] acpi PNP0A03:02: PCIe AER handled by firmware
[    1.781778] acpi PNP0A03:02: _OSC: platform does not support [SHPCHotplug LTR]
[    1.781945] acpi PNP0A03:02: _OSC: OS now controls [PCIeHotplug PME PCIeCapability]
[    1.781946] acpi PNP0A03:02: FADT indicates ASPM is unsupported, using BIOS configuration
[    1.782075] PCI host bridge to bus 0000:fe
[    1.782076] pci_bus 0000:fe: root bus resource [bus fe]
[    1.782082] pci 0000:fe:00.0: [8086:3450] type 00 class 0x088000
[    1.782153] pci 0000:fe:00.1: [8086:3451] type 00 class 0x088000
[    1.782218] pci 0000:fe:00.2: [8086:3452] type 00 class 0x088000
[    1.782285] pci 0000:fe:00.3: [8086:0998] type 00 class 0x060000
[    1.782354] pci 0000:fe:00.5: [8086:3455] type 00 class 0x088000
[    1.782425] pci 0000:fe:02.0: [8086:3440] type 00 class 0x088000
[    1.782550] pci 0000:fe:02.1: [8086:3441] type 00 class 0x088000
[    1.782673] pci 0000:fe:02.2: [8086:3442] type 00 class 0x088000
[    1.782790] pci 0000:fe:03.0: [8086:3440] type 00 class 0x088000
[    1.782883] pci 0000:fe:03.1: [8086:3441] type 00 class 0x088000
[    1.782970] pci 0000:fe:03.2: [8086:3442] type 00 class 0x088000
[    1.783061] pci 0000:fe:04.0: [8086:3440] type 00 class 0x088000
[    1.783191] pci 0000:fe:04.1: [8086:3441] type 00 class 0x088000
[    1.783317] pci 0000:fe:04.2: [8086:3442] type 00 class 0x088000
[    1.783442] pci 0000:fe:04.3: [8086:3443] type 00 class 0x088000
[    1.783576] pci 0000:fe:05.0: [8086:3445] type 00 class 0x088000
[    1.783701] pci 0000:fe:05.1: [8086:3446] type 00 class 0x088000
[    1.783822] pci 0000:fe:05.2: [8086:3447] type 00 class 0x088000
[    1.783943] pci 0000:fe:06.0: [8086:3445] type 00 class 0x088000
[    1.784037] pci 0000:fe:06.1: [8086:3446] type 00 class 0x088000
[    1.784128] pci 0000:fe:06.2: [8086:3447] type 00 class 0x088000
[    1.784223] pci 0000:fe:07.0: [8086:3445] type 00 class 0x088000
[    1.784355] pci 0000:fe:07.1: [8086:3446] type 00 class 0x088000
[    1.784489] pci 0000:fe:07.2: [8086:3447] type 00 class 0x088000
[    1.784617] pci 0000:fe:0b.0: [8086:3448] type 00 class 0x088000
[    1.784695] pci 0000:fe:0b.1: [8086:3448] type 00 class 0x088000
[    1.784769] pci 0000:fe:0b.2: [8086:344b] type 00 class 0x088000
[    1.784849] pci 0000:fe:0c.0: [8086:344a] type 00 class 0x110100
[    1.784952] pci 0000:fe:0d.0: [8086:344a] type 00 class 0x110100
[    1.785049] pci 0000:fe:0e.0: [8086:344a] type 00 class 0x110100
[    1.785205] pci 0000:fe:0f.0: [8086:344a] type 00 class 0x110100
[    1.785378] pci 0000:fe:1a.0: [8086:2880] type 00 class 0x110100
[    1.785477] pci 0000:fe:1b.0: [8086:2880] type 00 class 0x110100
[    1.785572] pci 0000:fe:1c.0: [8086:2880] type 00 class 0x110100
[    1.785732] pci 0000:fe:1d.0: [8086:2880] type 00 class 0x110100
[    1.785893] pci_bus 0000:fe: on NUMA node 1
[    1.785965] ACPI: PCI Root Bridge [UC17] (domain 0000 [bus ff])
[    1.785967] acpi PNP0A03:03: _OSC: OS supports [ExtendedConfig ASPM ClockPM Segments MSI HPX-Type3]
[    1.786042] acpi PNP0A03:03: PCIe AER handled by firmware
[    1.786131] acpi PNP0A03:03: _OSC: platform does not support [SHPCHotplug LTR]
[    1.786298] acpi PNP0A03:03: _OSC: OS now controls [PCIeHotplug PME PCIeCapability]
[    1.786299] acpi PNP0A03:03: FADT indicates ASPM is unsupported, using BIOS configuration
[    1.786441] PCI host bridge to bus 0000:ff
[    1.786442] pci_bus 0000:ff: root bus resource [bus ff]
[    1.786452] pci 0000:ff:00.0: [8086:344c] type 00 class 0x088000
[    1.786570] pci 0000:ff:00.1: [8086:344c] type 00 class 0x088000
[    1.786690] pci 0000:ff:00.2: [8086:344c] type 00 class 0x088000
[    1.786797] pci 0000:ff:00.3: [8086:344c] type 00 class 0x088000
[    1.786930] pci 0000:ff:00.4: [8086:344c] type 00 class 0x088000
[    1.787055] pci 0000:ff:00.5: [8086:344c] type 00 class 0x088000
[    1.787157] pci 0000:ff:00.6: [8086:344c] type 00 class 0x088000
[    1.787291] pci 0000:ff:00.7: [8086:344c] type 00 class 0x088000
[    1.787423] pci 0000:ff:01.0: [8086:344c] type 00 class 0x088000
[    1.787564] pci 0000:ff:01.1: [8086:344c] type 00 class 0x088000
[    1.787699] pci 0000:ff:01.2: [8086:344c] type 00 class 0x088000
[    1.787789] pci 0000:ff:01.3: [8086:344c] type 00 class 0x088000
[    1.787938] pci 0000:ff:01.4: [8086:344c] type 00 class 0x088000
[    1.788083] pci 0000:ff:01.5: [8086:344c] type 00 class 0x088000
[    1.788231] pci 0000:ff:01.6: [8086:344c] type 00 class 0x088000
[    1.788365] pci 0000:ff:01.7: [8086:344c] type 00 class 0x088000
[    1.788506] pci 0000:ff:02.0: [8086:344c] type 00 class 0x088000
[    1.788648] pci 0000:ff:02.1: [8086:344c] type 00 class 0x088000
[    1.788786] pci 0000:ff:02.2: [8086:344c] type 00 class 0x088000
[    1.788933] pci 0000:ff:02.3: [8086:344c] type 00 class 0x088000
[    1.789081] pci 0000:ff:02.4: [8086:344c] type 00 class 0x088000
[    1.789226] pci 0000:ff:02.5: [8086:344c] type 00 class 0x088000
[    1.789377] pci 0000:ff:02.6: [8086:344c] type 00 class 0x088000
[    1.789525] pci 0000:ff:02.7: [8086:344c] type 00 class 0x088000
[    1.789684] pci 0000:ff:03.0: [8086:344c] type 00 class 0x088000
[    1.789847] pci 0000:ff:03.1: [8086:344c] type 00 class 0x088000
[    1.790002] pci 0000:ff:03.2: [8086:344c] type 00 class 0x088000
[    1.790172] pci 0000:ff:03.3: [8086:344c] type 00 class 0x088000
[    1.790351] pci 0000:ff:0a.0: [8086:344d] type 00 class 0x088000
[    1.790465] pci 0000:ff:0a.1: [8086:344d] type 00 class 0x088000
[    1.790585] pci 0000:ff:0a.2: [8086:344d] type 00 class 0x088000
[    1.790692] pci 0000:ff:0a.3: [8086:344d] type 00 class 0x088000
[    1.790819] pci 0000:ff:0a.4: [8086:344d] type 00 class 0x088000
[    1.790944] pci 0000:ff:0a.5: [8086:344d] type 00 class 0x088000
[    1.791047] pci 0000:ff:0a.6: [8086:344d] type 00 class 0x088000
[    1.791180] pci 0000:ff:0a.7: [8086:344d] type 00 class 0x088000
[    1.791317] pci 0000:ff:0b.0: [8086:344d] type 00 class 0x088000
[    1.791459] pci 0000:ff:0b.1: [8086:344d] type 00 class 0x088000
[    1.791594] pci 0000:ff:0b.2: [8086:344d] type 00 class 0x088000
[    1.791684] pci 0000:ff:0b.3: [8086:344d] type 00 class 0x088000
[    1.791829] pci 0000:ff:0b.4: [8086:344d] type 00 class 0x088000
[    1.791973] pci 0000:ff:0b.5: [8086:344d] type 00 class 0x088000
[    1.792120] pci 0000:ff:0b.6: [8086:344d] type 00 class 0x088000
[    1.792254] pci 0000:ff:0b.7: [8086:344d] type 00 class 0x088000
[    1.792400] pci 0000:ff:0c.0: [8086:344d] type 00 class 0x088000
[    1.792542] pci 0000:ff:0c.1: [8086:344d] type 00 class 0x088000
[    1.792683] pci 0000:ff:0c.2: [8086:344d] type 00 class 0x088000
[    1.792828] pci 0000:ff:0c.3: [8086:344d] type 00 class 0x088000
[    1.792970] pci 0000:ff:0c.4: [8086:344d] type 00 class 0x088000
[    1.793114] pci 0000:ff:0c.5: [8086:344d] type 00 class 0x088000
[    1.793266] pci 0000:ff:0c.6: [8086:344d] type 00 class 0x088000
[    1.793414] pci 0000:ff:0c.7: [8086:344d] type 00 class 0x088000
[    1.793577] pci 0000:ff:0d.0: [8086:344d] type 00 class 0x088000
[    1.793737] pci 0000:ff:0d.1: [8086:344d] type 00 class 0x088000
[    1.793891] pci 0000:ff:0d.2: [8086:344d] type 00 class 0x088000
[    1.794055] pci 0000:ff:0d.3: [8086:344d] type 00 class 0x088000
[    1.794239] pci 0000:ff:1d.0: [8086:344f] type 00 class 0x088000
[    1.794360] pci 0000:ff:1d.1: [8086:3457] type 00 class 0x088000
[    1.794481] pci 0000:ff:1e.0: [8086:3458] type 00 class 0x088000
[    1.794562] pci 0000:ff:1e.1: [8086:3459] type 00 class 0x088000
[    1.794642] pci 0000:ff:1e.2: [8086:345a] type 00 class 0x088000
[    1.794720] pci 0000:ff:1e.3: [8086:345b] type 00 class 0x088000
[    1.794795] pci 0000:ff:1e.4: [8086:345c] type 00 class 0x088000
[    1.794873] pci 0000:ff:1e.5: [8086:345d] type 00 class 0x088000
[    1.794950] pci 0000:ff:1e.6: [8086:345e] type 00 class 0x088000
[    1.795025] pci 0000:ff:1e.7: [8086:345f] type 00 class 0x088000
[    1.795101] pci_bus 0000:ff: on NUMA node 1
[    1.797015] HMAT: Memory (0x0 length 0x80000000) Flags:0003 Processor Domain:0 Memory Domain:0
[    1.797015] HMAT: Memory (0x100000000 length 0xf80000000) Flags:0003 Processor Domain:0 Memory Domain:0
[    1.797015] HMAT: Memory (0x2080000000 length 0x7e00000000) Flags:0003 Processor Domain:0 Memory Domain:2
[    1.797015] HMAT: Memory (0x1080000000 length 0x1000000000) Flags:0003 Processor Domain:1 Memory Domain:1
[    1.797015] HMAT: Memory (0x9e80000000 length 0x7e00000000) Flags:0003 Processor Domain:1 Memory Domain:3
[    1.797015] HMAT: Locality: Flags:00 Type:Read Latency Initiator Domains:2 Target Domains:4 Base:100
[    1.797015]   Initiator-Target[0-0]:7600 nsec
[    1.797015]   Initiator-Target[0-1]:13560 nsec
[    1.797015]   Initiator-Target[0-2]:25350 nsec
[    1.797015]   Initiator-Target[0-3]:31600 nsec
[    1.797015]   Initiator-Target[1-0]:13560 nsec
[    1.797015]   Initiator-Target[1-1]:7600 nsec
[    1.797015]   Initiator-Target[1-2]:31600 nsec
[    1.797015]   Initiator-Target[1-3]:25350 nsec
[    1.797015] HMAT: Locality: Flags:00 Type:Write Latency Initiator Domains:2 Target Domains:4 Base:100
[    1.797015]   Initiator-Target[0-0]:7600 nsec
[    1.797015]   Initiator-Target[0-1]:13560 nsec
[    1.797015]   Initiator-Target[0-2]:25350 nsec
[    1.797015]   Initiator-Target[0-3]:31600 nsec
[    1.797015]   Initiator-Target[1-0]:13560 nsec
[    1.797015]   Initiator-Target[1-1]:7600 nsec
[    1.797015]   Initiator-Target[1-2]:31600 nsec
[    1.797015]   Initiator-Target[1-3]:25350 nsec
[    1.797015] HMAT: Locality: Flags:00 Type:Read Bandwidth Initiator Domains:2 Target Domains:4 Base:1
[    1.797015]   Initiator-Target[0-0]:1790 MB/s
[    1.797015]   Initiator-Target[0-1]:1790 MB/s
[    1.797015]   Initiator-Target[0-2]:463 MB/s
[    1.797015]   Initiator-Target[0-3]:463 MB/s
[    1.797015]   Initiator-Target[1-0]:1790 MB/s
[    1.797015]   Initiator-Target[1-1]:1790 MB/s
[    1.797015]   Initiator-Target[1-2]:463 MB/s
[    1.797015]   Initiator-Target[1-3]:463 MB/s
[    1.797015] HMAT: Locality: Flags:00 Type:Write Bandwidth Initiator Domains:2 Target Domains:4 Base:1
[    1.797015]   Initiator-Target[0-0]:1910 MB/s
[    1.797015]   Initiator-Target[0-1]:1910 MB/s
[    1.797015]   Initiator-Target[0-2]:138 MB/s
[    1.797015]   Initiator-Target[0-3]:138 MB/s
[    1.797015]   Initiator-Target[1-0]:1910 MB/s
[    1.797015]   Initiator-Target[1-1]:1910 MB/s
[    1.797015]   Initiator-Target[1-2]:138 MB/s
[    1.797015]   Initiator-Target[1-3]:138 MB/s
[    1.797015] WARNING: CPU: 62 PID: 1 at drivers/base/node.c:191 node_set_perf_attrs+0x90/0xb0
[    1.797015] Modules linked in:
[    1.797015] CPU: 62 PID: 1 Comm: swapper/0 Not tainted 5.3.1-multiclock #1
[    1.797015] Hardware name: Dell Inc. PowerEdge R750/0K8F35, BIOS 1.10.2 03/03/2023
[    1.797015] RIP: 0010:node_set_perf_attrs+0x90/0xb0
[    1.797015] Code: f4 02 00 00 4c 89 ea 4c 89 e7 e8 bb bf c7 ff 85 c0 75 24 48 83 c3 08 48 8b 33 48 85 f6 75 e5 5b 41 5a 41 5c 41 5d 41 5e 5d c3 <0f> 0b 5b 41 5a 41 5c 41 5d 41 5e 5d c3 44 89 f6 48 c7 c7 70 5b 7a
[    1.797015] RSP: 0000:ffffc1e600117d80 EFLAGS: 00010246
[    1.797015] RAX: 0000000000000002 RBX: 0000000000000003 RCX: 0000000000000000
[    1.797015] RDX: 0000000000000000 RSI: ffff9ff252420cd8 RDI: 0000000000000002
[    1.797015] RBP: ffffc1e600117da8 R08: ffff9fe1ddcad4d0 R09: 0000000000000000
[    1.797015] R10: ffff9ff258e12568 R11: ffff9fe1e60744f0 R12: ffff9ff252420cc0
[    1.797015] R13: ffffffff89edb310 R14: 0000000000000005 R15: ffffffff89c95806
[    1.797015] FS:  0000000000000000(0000) GS:ffff9fe1e6bc0000(0000) knlGS:0000000000000000
[    1.797015] CS:  0010 DS: 0000 ES: 0000 CR0: 0000000080050033
[    1.797015] CR2: 0000000000000000 CR3: 0000001ea100a001 CR4: 0000000000760ee0
[    1.797015] DR0: 0000000000000000 DR1: 0000000000000000 DR2: 0000000000000000
[    1.797015] DR3: 0000000000000000 DR6: 00000000fffe0ff0 DR7: 0000000000000400
[    1.797015] PKRU: 55555554
[    1.797015] Call Trace:
[    1.797015]  hmat_init+0x32a/0x43c
[    1.797015]  ? hmat_parse_subtable+0x503/0x503
[    1.797015]  ? set_debug_rodata+0x17/0x17
[    1.797015]  do_one_initcall+0x4a/0x1fa
[    1.797015]  kernel_init_freeable+0x1c6/0x26d
[    1.797015]  ? rest_init+0xb0/0xb0
[    1.797015]  kernel_init+0xe/0x110
[    1.797015]  ret_from_fork+0x1f/0x40
[    1.797015] ---[ end trace 7a6fb84be8eae70a ]---
[    1.797033] pci 0000:03:00.0: vgaarb: setting as boot VGA device
[    1.797033] pci 0000:03:00.0: vgaarb: VGA device added: decodes=io+mem,owns=io+mem,locks=none
[    1.797083] pci 0000:03:00.0: vgaarb: bridge control possible
[    1.797084] vgaarb: loaded
[    1.797282] SCSI subsystem initialized
[    1.797426] libata version 3.00 loaded.
[    1.797426] ACPI: bus type USB registered
[    1.797426] usbcore: registered new interface driver usbfs
[    1.797426] usbcore: registered new interface driver hub
[    1.797426] usbcore: registered new device driver usb
[    1.797426] pps_core: LinuxPPS API ver. 1 registered
[    1.797426] pps_core: Software ver. 5.3.6 - Copyright 2005-2007 Rodolfo Giometti <giometti@linux.it>
[    1.797426] PTP clock support registered
[    1.801163] EDAC MC: Ver: 3.0.0
[    1.801744] Registered efivars operations
[    1.801744] PCI: Using ACPI for IRQ routing
[    1.802510] PCI: pci_cache_line_size set to 64 bytes
[    1.803072] e820: reserve RAM buffer [mem 0x0008f000-0x0008ffff]
[    1.803073] e820: reserve RAM buffer [mem 0x47bad020-0x47ffffff]
[    1.803074] e820: reserve RAM buffer [mem 0x47bdf020-0x47ffffff]
[    1.803075] e820: reserve RAM buffer [mem 0x47c12020-0x47ffffff]
[    1.803076] e820: reserve RAM buffer [mem 0x47c45020-0x47ffffff]
[    1.803077] e820: reserve RAM buffer [mem 0x49e77000-0x4bffffff]
[    1.803078] e820: reserve RAM buffer [mem 0x4b2cf000-0x4bffffff]
[    1.803078] e820: reserve RAM buffer [mem 0x4bd94000-0x4bffffff]
[    1.803079] e820: reserve RAM buffer [mem 0x4ce00000-0x4fffffff]
[    1.803080] e820: reserve RAM buffer [mem 0x5eefe000-0x5fffffff]
[    1.803080] e820: reserve RAM buffer [mem 0x6f800000-0x6fffffff]
[    1.803372] NetLabel: Initializing
[    1.803372] NetLabel:  domain hash size = 128
[    1.803373] NetLabel:  protocols = UNLABELED CIPSOv4 CALIPSO
[    1.803389] NetLabel:  unlabeled traffic allowed by default
[    1.806358] hpet0: at MMIO 0xfed00000, IRQs 2, 8, 0, 0, 0, 0, 0, 0
[    1.806361] hpet0: 8 comparators, 64-bit 24.000000 MHz counter
[    1.811233] clocksource: Switched to clocksource tsc-early
[    1.820248] VFS: Disk quotas dquot_6.6.0
[    1.820292] VFS: Dquot-cache hash table entries: 512 (order 0, 4096 bytes)
[    1.820591] *** VALIDATE hugetlbfs ***
[    1.820719] AppArmor: AppArmor Filesystem Enabled
[    1.820738] pnp: PnP ACPI init
[    1.836097] pnp 00:00: Plug and Play ACPI device, IDs PNP0b00 (active)
[    1.836259] system 00:01: [io  0x0500-0x05fe] has been reserved
[    1.836260] system 00:01: [io  0x0400-0x041f] has been reserved
[    1.836262] system 00:01: [io  0x0600-0x061f] has been reserved
[    1.836263] system 00:01: [io  0x0ca0-0x0ca1] has been reserved
[    1.836264] system 00:01: [io  0x0ca4-0x0ca6] has been reserved
[    1.836265] system 00:01: [mem 0xff000000-0xffffffff] has been reserved
[    1.836268] system 00:01: Plug and Play ACPI device, IDs PNP0c02 (active)
[    1.836515] pnp 00:02: Plug and Play ACPI device, IDs PNP0501 (active)
[    1.836720] pnp 00:03: Plug and Play ACPI device, IDs PNP0501 (active)
[    1.836879] system 00:04: [mem 0xfd000000-0xfdabffff] has been reserved
[    1.836880] system 00:04: [mem 0xfdad0000-0xfdadffff] has been reserved
[    1.836881] system 00:04: [mem 0xfdb00000-0xfdffffff] has been reserved
[    1.836882] system 00:04: [mem 0xfe000000-0xfe00ffff] has been reserved
[    1.836883] system 00:04: [mem 0xfe011000-0xfe01ffff] has been reserved
[    1.836884] system 00:04: [mem 0xfe036000-0xfe03bfff] has been reserved
[    1.836885] system 00:04: [mem 0xfe03d000-0xfe3fffff] has been reserved
[    1.836886] system 00:04: [mem 0xfe410000-0xfe7fffff] has been reserved
[    1.836888] system 00:04: Plug and Play ACPI device, IDs PNP0c02 (active)
[    1.837217] system 00:05: [io  0x1000-0x10fe] has been reserved
[    1.837220] system 00:05: Plug and Play ACPI device, IDs PNP0c02 (active)
[    1.838218] pnp: PnP ACPI: found 6 devices
[    1.839302] thermal_sys: Registered thermal governor 'fair_share'
[    1.839303] thermal_sys: Registered thermal governor 'bang_bang'
[    1.839303] thermal_sys: Registered thermal governor 'step_wise'
[    1.839304] thermal_sys: Registered thermal governor 'user_space'
[    1.839304] thermal_sys: Registered thermal governor 'power_allocator'
[    1.843798] clocksource: acpi_pm: mask: 0xffffff max_cycles: 0xffffff, max_idle_ns: 2085701024 ns
[    1.843819] pci 0000:04:00.0: can't claim BAR 6 [mem 0xfffc0000-0xffffffff pref]: no compatible bridge window
[    1.843820] pci 0000:04:00.1: can't claim BAR 6 [mem 0xfffc0000-0xffffffff pref]: no compatible bridge window
[    1.843822] pci 0000:17:00.0: can't claim BAR 6 [mem 0xfff00000-0xffffffff pref]: no compatible bridge window
[    1.843836] pci 0000:00:1c.5: BAR 14: assigned [mem 0x90000000-0x900fffff]
[    1.843838] pci 0000:00:1c.0: PCI bridge to [bus 01]
[    1.843847] pci 0000:02:00.0: PCI bridge to [bus 03]
[    1.843852] pci 0000:02:00.0:   bridge window [mem 0x92000000-0x928fffff]
[    1.843855] pci 0000:02:00.0:   bridge window [mem 0x91000000-0x91ffffff 64bit pref]
[    1.843861] pci 0000:00:1c.4: PCI bridge to [bus 02-03]
[    1.843864] pci 0000:00:1c.4:   bridge window [mem 0x92000000-0x928fffff]
[    1.843866] pci 0000:00:1c.4:   bridge window [mem 0x91000000-0x91ffffff 64bit pref]
[    1.843871] pci 0000:04:00.0: BAR 6: assigned [mem 0x90000000-0x9003ffff pref]
[    1.843872] pci 0000:04:00.1: BAR 6: assigned [mem 0x90040000-0x9007ffff pref]
[    1.843873] pci 0000:00:1c.5: PCI bridge to [bus 04]
[    1.843876] pci 0000:00:1c.5:   bridge window [mem 0x90000000-0x900fffff]
[    1.843878] pci 0000:00:1c.5:   bridge window [mem 0x92900000-0x929fffff 64bit pref]
[    1.843883] pci_bus 0000:00: resource 4 [io  0x0000-0x0cf7 window]
[    1.843883] pci_bus 0000:00: resource 5 [io  0x1000-0x4fff window]
[    1.843884] pci_bus 0000:00: resource 6 [mem 0x000a0000-0x000bffff window]
[    1.843885] pci_bus 0000:00: resource 7 [mem 0x000c8000-0x000cffff window]
