[    0.000000] Linux version 5.3.1-multiclock (xmu@xmu-PowerEdge-R750) (gcc version 7.5.0 (Ubuntu 7.5.0-3ubuntu1~18.04)) #1 SMP Wed Aug 9 20:46:02 CST 2023
[    0.000000] Command line: BOOT_IMAGE=/boot/vmlinuz-5.3.1-multiclock root=UUID=ce0c24b8-724b-4f33-9b2c-618433560aef ro memmap=18733M!4096M memmap=59G!64G quiet splash nomodeset vt.handoff=1
[    0.000000] KERNEL supported cpus:
[    0.000000]   Intel GenuineIntel
[    0.000000]   AMD AuthenticAMD
[    0.000000]   Hygon HygonGenuine
[    0.000000]   Centaur CentaurHauls
[    0.000000]   zhaoxin   Shanghai  
[    0.000000] x86/fpu: Supporting XSAVE feature 0x001: 'x87 floating point registers'
[    0.000000] x86/fpu: Supporting XSAVE feature 0x002: 'SSE registers'
[    0.000000] x86/fpu: Supporting XSAVE feature 0x004: 'AVX registers'
[    0.000000] x86/fpu: Supporting XSAVE feature 0x020: 'AVX-512 opmask'
[    0.000000] x86/fpu: Supporting XSAVE feature 0x040: 'AVX-512 Hi256'
[    0.000000] x86/fpu: Supporting XSAVE feature 0x080: 'AVX-512 ZMM_Hi256'
[    0.000000] x86/fpu: Supporting XSAVE feature 0x200: 'Protection Keys User registers'
[    0.000000] x86/fpu: xstate_offset[2]:  576, xstate_sizes[2]:  256
[    0.000000] x86/fpu: xstate_offset[5]:  832, xstate_sizes[5]:   64
[    0.000000] x86/fpu: xstate_offset[6]:  896, xstate_sizes[6]:  512
[    0.000000] x86/fpu: xstate_offset[7]: 1408, xstate_sizes[7]: 1024
[    0.000000] x86/fpu: xstate_offset[9]: 2432, xstate_sizes[9]:    8
[    0.000000] x86/fpu: Enabled xstate features 0x2e7, context size is 2440 bytes, using 'compacted' format.
[    0.000000] BIOS-provided physical RAM map:
[    0.000000] BIOS-e820: [mem 0x0000000000000000-0x000000000008efff] usable
[    0.000000] BIOS-e820: [mem 0x000000000008f000-0x000000000008ffff] reserved
[    0.000000] BIOS-e820: [mem 0x0000000000090000-0x000000000009ffff] usable
[    0.000000] BIOS-e820: [mem 0x00000000000a0000-0x00000000000fffff] reserved
[    0.000000] BIOS-e820: [mem 0x0000000000100000-0x0000000049e76fff] usable
[    0.000000] BIOS-e820: [mem 0x0000000049e77000-0x000000004ae76fff] ACPI NVS
[    0.000000] BIOS-e820: [mem 0x000000004ae77000-0x000000004b2cefff] usable
[    0.000000] BIOS-e820: [mem 0x000000004b2cf000-0x000000004b54dfff] ACPI data
[    0.000000] BIOS-e820: [mem 0x000000004b54e000-0x000000004bd93fff] usable
[    0.000000] BIOS-e820: [mem 0x000000004bd94000-0x000000004be99fff] reserved
[    0.000000] BIOS-e820: [mem 0x000000004be9a000-0x000000004cdfffff] usable
[    0.000000] BIOS-e820: [mem 0x000000004ce00000-0x000000004cffffff] reserved
[    0.000000] BIOS-e820: [mem 0x000000004d000000-0x000000005eefdfff] usable
[    0.000000] BIOS-e820: [mem 0x000000005eefe000-0x000000006e3fefff] reserved
[    0.000000] BIOS-e820: [mem 0x000000006e3ff000-0x000000006f3fefff] ACPI NVS
[    0.000000] BIOS-e820: [mem 0x000000006f3ff000-0x000000006f7fefff] ACPI data
[    0.000000] BIOS-e820: [mem 0x000000006f7ff000-0x000000006f7fffff] usable
[    0.000000] BIOS-e820: [mem 0x000000006f800000-0x000000008fffffff] reserved
[    0.000000] BIOS-e820: [mem 0x00000000fe000000-0x00000000fe010fff] reserved
[    0.000000] BIOS-e820: [mem 0x0000000100000000-0x000000207fffffff] usable
[    0.000000] BIOS-e820: [mem 0x0000002080000000-0x0000011c7fffffff] persistent (type 7)
[    0.000000] BIOS-e820: [mem 0x00001ffc00000000-0x00001fffffffffff] reserved
[    0.000000] NX (Execute Disable) protection: active
[    0.000000] e820: update [mem 0x47c75020-0x47c7d05f] usable ==> usable
[    0.000000] e820: update [mem 0x47c75020-0x47c7d05f] usable ==> usable
[    0.000000] e820: update [mem 0x47c42020-0x47c74c5f] usable ==> usable
[    0.000000] e820: update [mem 0x47c42020-0x47c74c5f] usable ==> usable
[    0.000000] e820: update [mem 0x47c0f020-0x47c41c5f] usable ==> usable
[    0.000000] e820: update [mem 0x47c0f020-0x47c41c5f] usable ==> usable
[    0.000000] e820: update [mem 0x47bdd020-0x47c0ea5f] usable ==> usable
[    0.000000] e820: update [mem 0x47bdd020-0x47c0ea5f] usable ==> usable
[    0.000000] extended physical RAM map:
[    0.000000] reserve setup_data: [mem 0x0000000000000000-0x000000000008efff] usable
[    0.000000] reserve setup_data: [mem 0x000000000008f000-0x000000000008ffff] reserved
[    0.000000] reserve setup_data: [mem 0x0000000000090000-0x000000000009ffff] usable
[    0.000000] reserve setup_data: [mem 0x00000000000a0000-0x00000000000fffff] reserved
[    0.000000] reserve setup_data: [mem 0x0000000000100000-0x0000000047bdd01f] usable
[    0.000000] reserve setup_data: [mem 0x0000000047bdd020-0x0000000047c0ea5f] usable
[    0.000000] reserve setup_data: [mem 0x0000000047c0ea60-0x0000000047c0f01f] usable
[    0.000000] reserve setup_data: [mem 0x0000000047c0f020-0x0000000047c41c5f] usable
[    0.000000] reserve setup_data: [mem 0x0000000047c41c60-0x0000000047c4201f] usable
[    0.000000] reserve setup_data: [mem 0x0000000047c42020-0x0000000047c74c5f] usable
[    0.000000] reserve setup_data: [mem 0x0000000047c74c60-0x0000000047c7501f] usable
[    0.000000] reserve setup_data: [mem 0x0000000047c75020-0x0000000047c7d05f] usable
[    0.000000] reserve setup_data: [mem 0x0000000047c7d060-0x0000000049e76fff] usable
[    0.000000] reserve setup_data: [mem 0x0000000049e77000-0x000000004ae76fff] ACPI NVS
[    0.000000] reserve setup_data: [mem 0x000000004ae77000-0x000000004b2cefff] usable
[    0.000000] reserve setup_data: [mem 0x000000004b2cf000-0x000000004b54dfff] ACPI data
[    0.000000] reserve setup_data: [mem 0x000000004b54e000-0x000000004bd93fff] usable
[    0.000000] reserve setup_data: [mem 0x000000004bd94000-0x000000004be99fff] reserved
[    0.000000] reserve setup_data: [mem 0x000000004be9a000-0x000000004cdfffff] usable
[    0.000000] reserve setup_data: [mem 0x000000004ce00000-0x000000004cffffff] reserved
[    0.000000] reserve setup_data: [mem 0x000000004d000000-0x000000005eefdfff] usable
[    0.000000] reserve setup_data: [mem 0x000000005eefe000-0x000000006e3fefff] reserved
[    0.000000] reserve setup_data: [mem 0x000000006e3ff000-0x000000006f3fefff] ACPI NVS
[    0.000000] reserve setup_data: [mem 0x000000006f3ff000-0x000000006f7fefff] ACPI data
[    0.000000] reserve setup_data: [mem 0x000000006f7ff000-0x000000006f7fffff] usable
[    0.000000] reserve setup_data: [mem 0x000000006f800000-0x000000008fffffff] reserved
[    0.000000] reserve setup_data: [mem 0x00000000fe000000-0x00000000fe010fff] reserved
[    0.000000] reserve setup_data: [mem 0x0000000100000000-0x0000000592cfffff] persistent (type 12)
[    0.000000] reserve setup_data: [mem 0x0000000592d00000-0x0000000fffffffff] usable
[    0.000000] reserve setup_data: [mem 0x0000001000000000-0x0000001ebfffffff] persistent (type 12)
[    0.000000] reserve setup_data: [mem 0x0000001ec0000000-0x000000207fffffff] usable
[    0.000000] reserve setup_data: [mem 0x0000002080000000-0x0000011c7fffffff] persistent (type 7)
[    0.000000] reserve setup_data: [mem 0x00001ffc00000000-0x00001fffffffffff] reserved
[    0.000000] user-defined physical RAM map:
[    0.000000] user: [mem 0x0000000000000000-0x000000000008efff] usable
[    0.000000] user: [mem 0x000000000008f000-0x000000000008ffff] reserved
[    0.000000] user: [mem 0x0000000000090000-0x000000000009ffff] usable
[    0.000000] user: [mem 0x00000000000a0000-0x00000000000fffff] reserved
[    0.000000] user: [mem 0x0000000000100000-0x0000000047bdd01f] usable
[    0.000000] user: [mem 0x0000000047bdd020-0x0000000047c0ea5f] usable
[    0.000000] user: [mem 0x0000000047c0ea60-0x0000000047c0f01f] usable
[    0.000000] user: [mem 0x0000000047c0f020-0x0000000047c41c5f] usable
[    0.000000] user: [mem 0x0000000047c41c60-0x0000000047c4201f] usable
[    0.000000] user: [mem 0x0000000047c42020-0x0000000047c74c5f] usable
[    0.000000] user: [mem 0x0000000047c74c60-0x0000000047c7501f] usable
[    0.000000] user: [mem 0x0000000047c75020-0x0000000047c7d05f] usable
[    0.000000] user: [mem 0x0000000047c7d060-0x0000000049e76fff] usable
[    0.000000] user: [mem 0x0000000049e77000-0x000000004ae76fff] ACPI NVS
[    0.000000] user: [mem 0x000000004ae77000-0x000000004b2cefff] usable
[    0.000000] user: [mem 0x000000004b2cf000-0x000000004b54dfff] ACPI data
[    0.000000] user: [mem 0x000000004b54e000-0x000000004bd93fff] usable
[    0.000000] user: [mem 0x000000004bd94000-0x000000004be99fff] reserved
[    0.000000] user: [mem 0x000000004be9a000-0x000000004cdfffff] usable
[    0.000000] user: [mem 0x000000004ce00000-0x000000004cffffff] reserved
[    0.000000] user: [mem 0x000000004d000000-0x000000005eefdfff] usable
[    0.000000] user: [mem 0x000000005eefe000-0x000000006e3fefff] reserved
[    0.000000] user: [mem 0x000000006e3ff000-0x000000006f3fefff] ACPI NVS
[    0.000000] user: [mem 0x000000006f3ff000-0x000000006f7fefff] ACPI data
[    0.000000] user: [mem 0x000000006f7ff000-0x000000006f7fffff] usable
[    0.000000] user: [mem 0x000000006f800000-0x000000008fffffff] reserved
[    0.000000] user: [mem 0x00000000fe000000-0x00000000fe010fff] reserved
[    0.000000] user: [mem 0x0000000100000000-0x0000000592cfffff] persistent (type 12)
[    0.000000] user: [mem 0x0000000592d00000-0x0000000fffffffff] usable
[    0.000000] user: [mem 0x0000001000000000-0x0000001ebfffffff] persistent (type 12)
[    0.000000] user: [mem 0x0000001ec0000000-0x000000207fffffff] usable
[    0.000000] user: [mem 0x0000002080000000-0x0000011c7fffffff] persistent (type 7)
[    0.000000] user: [mem 0x00001ffc00000000-0x00001fffffffffff] reserved
[    0.000000] efi: EFI v2.70 by Dell Inc.
[    0.000000] efi:  ACPI=0x6f7fe000  ACPI 2.0=0x6f7fe014  MEMATTR=0x5a1f8020  SMBIOS=0x69526000  SMBIOS 3.0=0x69524000 
[    0.000000] SMBIOS 3.3.0 present.
[    0.000000] DMI: Dell Inc. PowerEdge R750/0K8F35, BIOS 1.10.2 03/03/2023
[    0.000000] tsc: Detected 2000.000 MHz processor
[    0.000009] e820: update [mem 0x00000000-0x00000fff] usable ==> reserved
[    0.000010] e820: remove [mem 0x000a0000-0x000fffff] usable
[    0.000018] last_pfn = 0x2080000 max_arch_pfn = 0x400000000
[    0.000021] MTRR default type: uncachable
[    0.000022] MTRR fixed ranges enabled:
[    0.000023]   00000-9FFFF write-back
[    0.000023]   A0000-BFFFF uncachable
[    0.000024]   C0000-FFFFF write-protect
[    0.000024] MTRR variable ranges enabled:
[    0.000026]   0 base 000000000000 mask 3E0000000000 write-back
[    0.000027]   1 base 000080000000 mask 3FFF80000000 uncachable
[    0.000027]   2 base 00007F000000 mask 3FFFFF000000 uncachable
[    0.000028]   3 disabled
[    0.000028]   4 disabled
[    0.000028]   5 disabled
[    0.000029]   6 disabled
[    0.000029]   7 disabled
[    0.000029]   8 disabled
[    0.000030]   9 disabled
[    0.000790] x86/PAT: Configuration [0-7]: WB  WC  UC- UC  WB  WP  UC- WT  
[    0.001845] total RAM covered: 2095088M
[    0.001928]  gran_size: 64K 	chunk_size: 64K 	num_reg: 10  	lose cover RAM: 2016G
[    0.001930]  gran_size: 64K 	chunk_size: 128K 	num_reg: 10  	lose cover RAM: 2016G
[    0.001930]  gran_size: 64K 	chunk_size: 256K 	num_reg: 10  	lose cover RAM: 2016G
[    0.001931]  gran_size: 64K 	chunk_size: 512K 	num_reg: 10  	lose cover RAM: 2016G
[    0.001932]  gran_size: 64K 	chunk_size: 1M 	num_reg: 10  	lose cover RAM: 2016G
[    0.001933]  gran_size: 64K 	chunk_size: 2M 	num_reg: 10  	lose cover RAM: 2016G
[    0.001933]  gran_size: 64K 	chunk_size: 4M 	num_reg: 10  	lose cover RAM: 2016G
[    0.001934]  gran_size: 64K 	chunk_size: 8M 	num_reg: 10  	lose cover RAM: 2016G
[    0.001935]  gran_size: 64K 	chunk_size: 16M 	num_reg: 10  	lose cover RAM: 2016G
[    0.001935]  gran_size: 64K 	chunk_size: 32M 	num_reg: 10  	lose cover RAM: 1024G
[    0.001936]  gran_size: 64K 	chunk_size: 64M 	num_reg: 10  	lose cover RAM: 1024G
[    0.001937]  gran_size: 64K 	chunk_size: 128M 	num_reg: 10  	lose cover RAM: 1024G
[    0.001937]  gran_size: 64K 	chunk_size: 256M 	num_reg: 10  	lose cover RAM: 1024G
[    0.001938]  gran_size: 64K 	chunk_size: 512M 	num_reg: 10  	lose cover RAM: 1024G
[    0.001939]  gran_size: 64K 	chunk_size: 1G 	num_reg: 10  	lose cover RAM: 1024G
[    0.001939]  gran_size: 64K 	chunk_size: 2G 	num_reg: 10  	lose cover RAM: 1024G
[    0.001940]  gran_size: 128K 	chunk_size: 128K 	num_reg: 10  	lose cover RAM: 2016G
[    0.001941]  gran_size: 128K 	chunk_size: 256K 	num_reg: 10  	lose cover RAM: 2016G
[    0.001941]  gran_size: 128K 	chunk_size: 512K 	num_reg: 10  	lose cover RAM: 2016G
[    0.001942]  gran_size: 128K 	chunk_size: 1M 	num_reg: 10  	lose cover RAM: 2016G
[    0.001943]  gran_size: 128K 	chunk_size: 2M 	num_reg: 10  	lose cover RAM: 2016G
[    0.001943]  gran_size: 128K 	chunk_size: 4M 	num_reg: 10  	lose cover RAM: 2016G
[    0.001944]  gran_size: 128K 	chunk_size: 8M 	num_reg: 10  	lose cover RAM: 2016G
[    0.001945]  gran_size: 128K 	chunk_size: 16M 	num_reg: 10  	lose cover RAM: 2016G
[    0.001945]  gran_size: 128K 	chunk_size: 32M 	num_reg: 10  	lose cover RAM: 1024G
[    0.001946]  gran_size: 128K 	chunk_size: 64M 	num_reg: 10  	lose cover RAM: 1024G
[    0.001947]  gran_size: 128K 	chunk_size: 128M 	num_reg: 10  	lose cover RAM: 1024G
[    0.001947]  gran_size: 128K 	chunk_size: 256M 	num_reg: 10  	lose cover RAM: 1024G
[    0.001948]  gran_size: 128K 	chunk_size: 512M 	num_reg: 10  	lose cover RAM: 1024G
[    0.001949]  gran_size: 128K 	chunk_size: 1G 	num_reg: 10  	lose cover RAM: 1024G
[    0.001950]  gran_size: 128K 	chunk_size: 2G 	num_reg: 10  	lose cover RAM: 1024G
[    0.001950]  gran_size: 256K 	chunk_size: 256K 	num_reg: 10  	lose cover RAM: 2016G
[    0.001951]  gran_size: 256K 	chunk_size: 512K 	num_reg: 10  	lose cover RAM: 2016G
[    0.001952]  gran_size: 256K 	chunk_size: 1M 	num_reg: 10  	lose cover RAM: 2016G
[    0.001952]  gran_size: 256K 	chunk_size: 2M 	num_reg: 10  	lose cover RAM: 2016G
[    0.001953]  gran_size: 256K 	chunk_size: 4M 	num_reg: 10  	lose cover RAM: 2016G
[    0.001953]  gran_size: 256K 	chunk_size: 8M 	num_reg: 10  	lose cover RAM: 2016G
[    0.001954]  gran_size: 256K 	chunk_size: 16M 	num_reg: 10  	lose cover RAM: 2016G
[    0.001955]  gran_size: 256K 	chunk_size: 32M 	num_reg: 10  	lose cover RAM: 1024G
[    0.001955]  gran_size: 256K 	chunk_size: 64M 	num_reg: 10  	lose cover RAM: 1024G
[    0.001956]  gran_size: 256K 	chunk_size: 128M 	num_reg: 10  	lose cover RAM: 1024G
[    0.001957]  gran_size: 256K 	chunk_size: 256M 	num_reg: 10  	lose cover RAM: 1024G
[    0.001957]  gran_size: 256K 	chunk_size: 512M 	num_reg: 10  	lose cover RAM: 1024G
[    0.001958]  gran_size: 256K 	chunk_size: 1G 	num_reg: 10  	lose cover RAM: 1024G
[    0.001959]  gran_size: 256K 	chunk_size: 2G 	num_reg: 10  	lose cover RAM: 1024G
[    0.001960]  gran_size: 512K 	chunk_size: 512K 	num_reg: 10  	lose cover RAM: 2016G
[    0.001960]  gran_size: 512K 	chunk_size: 1M 	num_reg: 10  	lose cover RAM: 2016G
[    0.001961]  gran_size: 512K 	chunk_size: 2M 	num_reg: 10  	lose cover RAM: 2016G
[    0.001961]  gran_size: 512K 	chunk_size: 4M 	num_reg: 10  	lose cover RAM: 2016G
[    0.001962]  gran_size: 512K 	chunk_size: 8M 	num_reg: 10  	lose cover RAM: 2016G
[    0.001963]  gran_size: 512K 	chunk_size: 16M 	num_reg: 10  	lose cover RAM: 2016G
[    0.001963]  gran_size: 512K 	chunk_size: 32M 	num_reg: 10  	lose cover RAM: 1024G
[    0.001964]  gran_size: 512K 	chunk_size: 64M 	num_reg: 10  	lose cover RAM: 1024G
[    0.001965]  gran_size: 512K 	chunk_size: 128M 	num_reg: 10  	lose cover RAM: 1024G
[    0.001965]  gran_size: 512K 	chunk_size: 256M 	num_reg: 10  	lose cover RAM: 1024G
[    0.001966]  gran_size: 512K 	chunk_size: 512M 	num_reg: 10  	lose cover RAM: 1024G
[    0.001967]  gran_size: 512K 	chunk_size: 1G 	num_reg: 10  	lose cover RAM: 1024G
[    0.001967]  gran_size: 512K 	chunk_size: 2G 	num_reg: 10  	lose cover RAM: 1024G
[    0.001968]  gran_size: 1M 	chunk_size: 1M 	num_reg: 10  	lose cover RAM: 2016G
[    0.001969]  gran_size: 1M 	chunk_size: 2M 	num_reg: 10  	lose cover RAM: 2016G
[    0.001969]  gran_size: 1M 	chunk_size: 4M 	num_reg: 10  	lose cover RAM: 2016G
[    0.001970]  gran_size: 1M 	chunk_size: 8M 	num_reg: 10  	lose cover RAM: 2016G
[    0.001971]  gran_size: 1M 	chunk_size: 16M 	num_reg: 10  	lose cover RAM: 2016G
[    0.001972]  gran_size: 1M 	chunk_size: 32M 	num_reg: 10  	lose cover RAM: 1024G
[    0.001972]  gran_size: 1M 	chunk_size: 64M 	num_reg: 10  	lose cover RAM: 1024G
[    0.001973]  gran_size: 1M 	chunk_size: 128M 	num_reg: 10  	lose cover RAM: 1024G
[    0.001974]  gran_size: 1M 	chunk_size: 256M 	num_reg: 10  	lose cover RAM: 1024G
[    0.001974]  gran_size: 1M 	chunk_size: 512M 	num_reg: 10  	lose cover RAM: 1024G
[    0.001975]  gran_size: 1M 	chunk_size: 1G 	num_reg: 10  	lose cover RAM: 1024G
[    0.001976]  gran_size: 1M 	chunk_size: 2G 	num_reg: 10  	lose cover RAM: 1024G
[    0.001976]  gran_size: 2M 	chunk_size: 2M 	num_reg: 10  	lose cover RAM: 2016G
[    0.001977]  gran_size: 2M 	chunk_size: 4M 	num_reg: 10  	lose cover RAM: 2016G
[    0.001978]  gran_size: 2M 	chunk_size: 8M 	num_reg: 10  	lose cover RAM: 2016G
[    0.001978]  gran_size: 2M 	chunk_size: 16M 	num_reg: 10  	lose cover RAM: 2016G
[    0.001979]  gran_size: 2M 	chunk_size: 32M 	num_reg: 10  	lose cover RAM: 1024G
[    0.001980]  gran_size: 2M 	chunk_size: 64M 	num_reg: 10  	lose cover RAM: 1024G
[    0.001980]  gran_size: 2M 	chunk_size: 128M 	num_reg: 10  	lose cover RAM: 1024G
[    0.001981]  gran_size: 2M 	chunk_size: 256M 	num_reg: 10  	lose cover RAM: 1024G
[    0.001981]  gran_size: 2M 	chunk_size: 512M 	num_reg: 10  	lose cover RAM: 1024G
[    0.001982]  gran_size: 2M 	chunk_size: 1G 	num_reg: 10  	lose cover RAM: 1024G
[    0.001983]  gran_size: 2M 	chunk_size: 2G 	num_reg: 10  	lose cover RAM: 1024G
[    0.001983]  gran_size: 4M 	chunk_size: 4M 	num_reg: 10  	lose cover RAM: 2016G
[    0.001984]  gran_size: 4M 	chunk_size: 8M 	num_reg: 10  	lose cover RAM: 2016G
[    0.001985]  gran_size: 4M 	chunk_size: 16M 	num_reg: 10  	lose cover RAM: 2016G
[    0.001985]  gran_size: 4M 	chunk_size: 32M 	num_reg: 10  	lose cover RAM: 1024G
[    0.001986]  gran_size: 4M 	chunk_size: 64M 	num_reg: 10  	lose cover RAM: 1024G
[    0.001987]  gran_size: 4M 	chunk_size: 128M 	num_reg: 10  	lose cover RAM: 1024G
[    0.001987]  gran_size: 4M 	chunk_size: 256M 	num_reg: 10  	lose cover RAM: 1024G
[    0.001988]  gran_size: 4M 	chunk_size: 512M 	num_reg: 10  	lose cover RAM: 1024G
[    0.001989]  gran_size: 4M 	chunk_size: 1G 	num_reg: 10  	lose cover RAM: 1024G
[    0.001990]  gran_size: 4M 	chunk_size: 2G 	num_reg: 10  	lose cover RAM: 1024G
[    0.001990]  gran_size: 8M 	chunk_size: 8M 	num_reg: 10  	lose cover RAM: 2016G
[    0.001991]  gran_size: 8M 	chunk_size: 16M 	num_reg: 10  	lose cover RAM: 2016G
[    0.001991]  gran_size: 8M 	chunk_size: 32M 	num_reg: 10  	lose cover RAM: 1024G
[    0.001992]  gran_size: 8M 	chunk_size: 64M 	num_reg: 10  	lose cover RAM: 1024G
[    0.001993]  gran_size: 8M 	chunk_size: 128M 	num_reg: 10  	lose cover RAM: 1024G
[    0.001993]  gran_size: 8M 	chunk_size: 256M 	num_reg: 10  	lose cover RAM: 1024G
[    0.001994]  gran_size: 8M 	chunk_size: 512M 	num_reg: 10  	lose cover RAM: 1024G
[    0.001995]  gran_size: 8M 	chunk_size: 1G 	num_reg: 10  	lose cover RAM: 1024G
[    0.001995]  gran_size: 8M 	chunk_size: 2G 	num_reg: 10  	lose cover RAM: 1024G
[    0.001996]  gran_size: 16M 	chunk_size: 16M 	num_reg: 10  	lose cover RAM: 2016G
[    0.001997]  gran_size: 16M 	chunk_size: 32M 	num_reg: 10  	lose cover RAM: 1024G
[    0.001997]  gran_size: 16M 	chunk_size: 64M 	num_reg: 10  	lose cover RAM: 1024G
[    0.001998]  gran_size: 16M 	chunk_size: 128M 	num_reg: 10  	lose cover RAM: 1024G
[    0.001999]  gran_size: 16M 	chunk_size: 256M 	num_reg: 10  	lose cover RAM: 1024G
[    0.001999]  gran_size: 16M 	chunk_size: 512M 	num_reg: 10  	lose cover RAM: 1024G
[    0.002000]  gran_size: 16M 	chunk_size: 1G 	num_reg: 10  	lose cover RAM: 1024G
[    0.002001]  gran_size: 16M 	chunk_size: 2G 	num_reg: 10  	lose cover RAM: 1024G
[    0.002001]  gran_size: 32M 	chunk_size: 32M 	num_reg: 10  	lose cover RAM: 2031632M
[    0.002002]  gran_size: 32M 	chunk_size: 64M 	num_reg: 10  	lose cover RAM: 1048592M
[    0.002003]  gran_size: 32M 	chunk_size: 128M 	num_reg: 10  	lose cover RAM: 1048592M
[    0.002004]  gran_size: 32M 	chunk_size: 256M 	num_reg: 10  	lose cover RAM: 1048592M
[    0.002004]  gran_size: 32M 	chunk_size: 512M 	num_reg: 10  	lose cover RAM: 1048592M
[    0.002005]  gran_size: 32M 	chunk_size: 1G 	num_reg: 10  	lose cover RAM: 1048592M
[    0.002006]  gran_size: 32M 	chunk_size: 2G 	num_reg: 10  	lose cover RAM: 1048592M
[    0.002007]  gran_size: 64M 	chunk_size: 64M 	num_reg: 10  	lose cover RAM: 1966128M
[    0.002007]  gran_size: 64M 	chunk_size: 128M 	num_reg: 10  	lose cover RAM: 1048624M
[    0.002008]  gran_size: 64M 	chunk_size: 256M 	num_reg: 10  	lose cover RAM: 1048624M
[    0.002009]  gran_size: 64M 	chunk_size: 512M 	num_reg: 10  	lose cover RAM: 1048624M
[    0.002009]  gran_size: 64M 	chunk_size: 1G 	num_reg: 10  	lose cover RAM: 1048624M
[    0.002010]  gran_size: 64M 	chunk_size: 2G 	num_reg: 10  	lose cover RAM: 1048624M
[    0.002011]  gran_size: 128M 	chunk_size: 128M 	num_reg: 10  	lose cover RAM: 1835120M
[    0.002011]  gran_size: 128M 	chunk_size: 256M 	num_reg: 10  	lose cover RAM: 1048688M
[    0.002012]  gran_size: 128M 	chunk_size: 512M 	num_reg: 10  	lose cover RAM: 1048688M
[    0.002013]  gran_size: 128M 	chunk_size: 1G 	num_reg: 10  	lose cover RAM: 1048688M
[    0.002013]  gran_size: 128M 	chunk_size: 2G 	num_reg: 10  	lose cover RAM: 1048688M
[    0.002014]  gran_size: 256M 	chunk_size: 256M 	num_reg: 10  	lose cover RAM: 1573104M
[    0.002015]  gran_size: 256M 	chunk_size: 512M 	num_reg: 10  	lose cover RAM: 1048816M
[    0.002015]  gran_size: 256M 	chunk_size: 1G 	num_reg: 10  	lose cover RAM: 1048816M
[    0.002016]  gran_size: 256M 	chunk_size: 2G 	num_reg: 10  	lose cover RAM: 1048816M
[    0.002017]  gran_size: 512M 	chunk_size: 512M 	num_reg: 10  	lose cover RAM: 1049072M
[    0.002017]  gran_size: 512M 	chunk_size: 1G 	num_reg: 10  	lose cover RAM: 1049072M
[    0.002018]  gran_size: 512M 	chunk_size: 2G 	num_reg: 10  	lose cover RAM: 1049072M
[    0.002019]  gran_size: 1G 	chunk_size: 1G 	num_reg: 10  	lose cover RAM: 1008M
[    0.002019]  gran_size: 1G 	chunk_size: 2G 	num_reg: 10  	lose cover RAM: 1008M
[    0.002020]  gran_size: 2G 	chunk_size: 2G 	num_reg: 9  	lose cover RAM: 2032M
[    0.002021] mtrr_cleanup: can not find optimal value
[    0.002021] please specify mtrr_gran_size/mtrr_chunk_size
[    0.002024] e820: update [mem 0x7f000000-0xffffffff] usable ==> reserved
[    0.002026] x2apic: enabled by BIOS, switching to x2apic ops
[    0.002026] last_pfn = 0x6f800 max_arch_pfn = 0x400000000
[    0.013434] check: Scanning 1 areas for low memory corruption
[    0.013438] Using GB pages for direct mapping
[    0.013439] BRK [0xac4c01000, 0xac4c01fff] PGTABLE
[    0.013441] BRK [0xac4c02000, 0xac4c02fff] PGTABLE
[    0.013442] BRK [0xac4c03000, 0xac4c03fff] PGTABLE
[    0.013503] BRK [0xac4c04000, 0xac4c04fff] PGTABLE
[    0.013703] BRK [0xac4c05000, 0xac4c05fff] PGTABLE
[    0.013785] BRK [0xac4c06000, 0xac4c06fff] PGTABLE
[    0.013912] BRK [0xac4c07000, 0xac4c07fff] PGTABLE
[    0.014072] BRK [0xac4c08000, 0xac4c08fff] PGTABLE
[    0.014189] BRK [0xac4c09000, 0xac4c09fff] PGTABLE
[    0.014347] BRK [0xac4c0a000, 0xac4c0afff] PGTABLE
[    0.014443] BRK [0xac4c0b000, 0xac4c0bfff] PGTABLE
[    0.014678] BRK [0xac4c0c000, 0xac4c0cfff] PGTABLE
[    0.015066] Secure boot disabled
[    0.015067] RAMDISK: [mem 0x2065920000-0x207fffffff]
[    0.015074] ACPI: Early table checksum verification disabled
[    0.015076] ACPI: RSDP 0x000000006F7FE014 000024 (v02 DELL  )
[    0.015079] ACPI: XSDT 0x000000006F41C188 0000F4 (v01 DELL   PE_SC3   00000000 DELL 01000013)
[    0.015083] ACPI: FACP 0x000000006F430000 000114 (v06 DELL   PE_SC3   00000000 DELL 00000001)
[    0.015088] ACPI: DSDT 0x000000004B4CE000 07FAD3 (v02 DELL   PE_SC3   00000003 DELL 00000001)
[    0.015090] ACPI: FACS 0x000000006F2F2000 000040
[    0.015093] ACPI: SSDT 0x000000006F7FB000 00159A (v02 INTEL  RAS_ACPI 00000001 INTL 20210331)
[    0.015096] ACPI: SSDT 0x000000006F7FA000 000745 (v02 INTEL  ADDRXLAT 00000001 INTL 20210331)
[    0.015098] ACPI: MCEJ 0x000000006F7F9000 000130 (v01 INTEL           00000001 INTL 0100000D)
[    0.015101] ACPI: BERT 0x000000006F7F8000 000030 (v01 DELL   PE_SC3   00000001 INTL 00000001)
[    0.015104] ACPI: ERST 0x000000006F7F7000 000230 (v01 DELL   PE_SC3   00000001 INTL 00000001)
[    0.015106] ACPI: SSDT 0x000000006F431000 3C524E (v02 INTEL  SSDTNVDR 00001000 INTL 20210331)
[    0.015109] ACPI: HMAT 0x000000006F42F000 000210 (v01 DELL   PE_SC3   00000001 DELL 00000001)
[    0.015112] ACPI: HPET 0x000000006F42E000 000038 (v01 DELL   PE_SC3   00000001 DELL 00000001)
[    0.015114] ACPI: MCFG 0x000000006F42D000 00003C (v01 DELL   PE_SC3   00000001 DELL 00000001)
[    0.015117] ACPI: MIGT 0x000000006F42C000 000040 (v01 DELL   PE_SC3   00000000 DELL 00000001)
[    0.015119] ACPI: MSCT 0x000000006F42B000 000090 (v01 DELL   PE_SC3   00000001 DELL 00000001)
[    0.015122] ACPI: PMTT 0x000000006F429000 0011E8 (v02 DELL   PE_SC3   00000001 DELL 00000001)
[    0.015124] ACPI: WSMT 0x000000006F428000 000028 (v01 DELL   PE_SC3   00000000 DELL 00000001)
[    0.015127] ACPI: APIC 0x000000006F427000 00075E (v04 DELL   PE_SC3   00000000 DELL 00000001)
[    0.015129] ACPI: SLIT 0x000000006F426000 00003C (v01 DELL   PE_SC3   00000001 DELL 01000013)
[    0.015132] ACPI: SRAT 0x000000006F41F000 006430 (v03 DELL   PE_SC3   00000002 DELL 01000013)
[    0.015134] ACPI: OEM4 0x000000004B346000 187A61 (v02 INTEL  CPU  CST 00003000 INTL 20210331)
[    0.015137] ACPI: SSDT 0x000000004B2CF000 0764A5 (v02 INTEL  SSDT  PM 00004000 INTL 20210331)
[    0.015139] ACPI: SSDT 0x000000006F41E000 000A1F (v02 DELL   PE_SC3   00000000 DELL 00000001)
[    0.015142] ACPI: HEST 0x000000006F41D000 00017C (v01 DELL   PE_SC3   00000001 INTL 00000001)
[    0.015144] ACPI: PCAT 0x000000006F41B000 00010C (v19 DELL   PE_SC3   00000002 DELL 00000001)
[    0.015147] ACPI: SSDT 0x000000006F413000 007299 (v02 INTEL  SpsNm    00000002 INTL 20210331)
[    0.015150] ACPI: SSDT 0x000000006F412000 000426 (v02 DELL   PE_SC3   00000002 DELL 00000001)
[    0.015152] ACPI: NFIT 0x000000006F7FD000 000488 (v01 DELL   PE_SC3   00000002 DELL 00000001)
[    0.015155] ACPI: DMAR 0x000000006F411000 000158 (v01 DELL   PE_SC3   00000001 DELL 00000001)
[    0.015162] ACPI: Local APIC address 0xfee00000
[    0.015163] Setting APIC routing to cluster x2apic.
[    0.015209] SRAT: PXM 0 -> APIC 0x0000 -> Node 0
[    0.015210] SRAT: PXM 0 -> APIC 0x0001 -> Node 0
[    0.015210] SRAT: PXM 0 -> APIC 0x0002 -> Node 0
[    0.015211] SRAT: PXM 0 -> APIC 0x0003 -> Node 0
[    0.015211] SRAT: PXM 0 -> APIC 0x0004 -> Node 0
[    0.015211] SRAT: PXM 0 -> APIC 0x0005 -> Node 0
[    0.015212] SRAT: PXM 0 -> APIC 0x0006 -> Node 0
[    0.015212] SRAT: PXM 0 -> APIC 0x0007 -> Node 0
[    0.015213] SRAT: PXM 0 -> APIC 0x0008 -> Node 0
[    0.015213] SRAT: PXM 0 -> APIC 0x0009 -> Node 0
[    0.015214] SRAT: PXM 0 -> APIC 0x000a -> Node 0
[    0.015214] SRAT: PXM 0 -> APIC 0x000b -> Node 0
[    0.015214] SRAT: PXM 0 -> APIC 0x000c -> Node 0
[    0.015215] SRAT: PXM 0 -> APIC 0x000d -> Node 0
[    0.015215] SRAT: PXM 0 -> APIC 0x000e -> Node 0
[    0.015216] SRAT: PXM 0 -> APIC 0x000f -> Node 0
[    0.015216] SRAT: PXM 0 -> APIC 0x0010 -> Node 0
[    0.015217] SRAT: PXM 0 -> APIC 0x0011 -> Node 0
[    0.015217] SRAT: PXM 0 -> APIC 0x0012 -> Node 0
[    0.015217] SRAT: PXM 0 -> APIC 0x0013 -> Node 0
[    0.015218] SRAT: PXM 0 -> APIC 0x0014 -> Node 0
[    0.015218] SRAT: PXM 0 -> APIC 0x0015 -> Node 0
[    0.015219] SRAT: PXM 0 -> APIC 0x0016 -> Node 0
[    0.015219] SRAT: PXM 0 -> APIC 0x0017 -> Node 0
[    0.015219] SRAT: PXM 0 -> APIC 0x0018 -> Node 0
[    0.015220] SRAT: PXM 0 -> APIC 0x0019 -> Node 0
[    0.015220] SRAT: PXM 0 -> APIC 0x001a -> Node 0
[    0.015221] SRAT: PXM 0 -> APIC 0x001b -> Node 0
[    0.015221] SRAT: PXM 0 -> APIC 0x001c -> Node 0
[    0.015222] SRAT: PXM 0 -> APIC 0x001d -> Node 0
[    0.015222] SRAT: PXM 0 -> APIC 0x001e -> Node 0
[    0.015222] SRAT: PXM 0 -> APIC 0x001f -> Node 0
[    0.015223] SRAT: PXM 0 -> APIC 0x0020 -> Node 0
[    0.015223] SRAT: PXM 0 -> APIC 0x0021 -> Node 0
[    0.015224] SRAT: PXM 0 -> APIC 0x0022 -> Node 0
[    0.015224] SRAT: PXM 0 -> APIC 0x0023 -> Node 0
[    0.015224] SRAT: PXM 0 -> APIC 0x0024 -> Node 0
[    0.015225] SRAT: PXM 0 -> APIC 0x0025 -> Node 0
[    0.015225] SRAT: PXM 0 -> APIC 0x0026 -> Node 0
[    0.015226] SRAT: PXM 0 -> APIC 0x0027 -> Node 0
[    0.015226] SRAT: PXM 0 -> APIC 0x0028 -> Node 0
[    0.015227] SRAT: PXM 0 -> APIC 0x0029 -> Node 0
[    0.015227] SRAT: PXM 0 -> APIC 0x002a -> Node 0
[    0.015227] SRAT: PXM 0 -> APIC 0x002b -> Node 0
[    0.015228] SRAT: PXM 0 -> APIC 0x002c -> Node 0
[    0.015228] SRAT: PXM 0 -> APIC 0x002d -> Node 0
[    0.015229] SRAT: PXM 0 -> APIC 0x002e -> Node 0
[    0.015229] SRAT: PXM 0 -> APIC 0x002f -> Node 0
[    0.015229] SRAT: PXM 0 -> APIC 0x0030 -> Node 0
[    0.015230] SRAT: PXM 0 -> APIC 0x0031 -> Node 0
[    0.015230] SRAT: PXM 0 -> APIC 0x0032 -> Node 0
[    0.015231] SRAT: PXM 0 -> APIC 0x0033 -> Node 0
[    0.015231] SRAT: PXM 0 -> APIC 0x0034 -> Node 0
[    0.015231] SRAT: PXM 0 -> APIC 0x0035 -> Node 0
[    0.015232] SRAT: PXM 0 -> APIC 0x0036 -> Node 0
[    0.015232] SRAT: PXM 0 -> APIC 0x0037 -> Node 0
[    0.015233] SRAT: PXM 1 -> APIC 0x0080 -> Node 1
[    0.015233] SRAT: PXM 1 -> APIC 0x0081 -> Node 1
[    0.015234] SRAT: PXM 1 -> APIC 0x0082 -> Node 1
[    0.015234] SRAT: PXM 1 -> APIC 0x0083 -> Node 1
[    0.015235] SRAT: PXM 1 -> APIC 0x0084 -> Node 1
[    0.015235] SRAT: PXM 1 -> APIC 0x0085 -> Node 1
[    0.015235] SRAT: PXM 1 -> APIC 0x0086 -> Node 1
[    0.015236] SRAT: PXM 1 -> APIC 0x0087 -> Node 1
[    0.015236] SRAT: PXM 1 -> APIC 0x0088 -> Node 1
[    0.015237] SRAT: PXM 1 -> APIC 0x0089 -> Node 1
[    0.015237] SRAT: PXM 1 -> APIC 0x008a -> Node 1
[    0.015237] SRAT: PXM 1 -> APIC 0x008b -> Node 1
[    0.015238] SRAT: PXM 1 -> APIC 0x008c -> Node 1
[    0.015238] SRAT: PXM 1 -> APIC 0x008d -> Node 1
[    0.015239] SRAT: PXM 1 -> APIC 0x008e -> Node 1
[    0.015239] SRAT: PXM 1 -> APIC 0x008f -> Node 1
[    0.015239] SRAT: PXM 1 -> APIC 0x0090 -> Node 1
[    0.015240] SRAT: PXM 1 -> APIC 0x0091 -> Node 1
[    0.015240] SRAT: PXM 1 -> APIC 0x0092 -> Node 1
[    0.015241] SRAT: PXM 1 -> APIC 0x0093 -> Node 1
[    0.015241] SRAT: PXM 1 -> APIC 0x0094 -> Node 1
[    0.015242] SRAT: PXM 1 -> APIC 0x0095 -> Node 1
[    0.015242] SRAT: PXM 1 -> APIC 0x0096 -> Node 1
[    0.015242] SRAT: PXM 1 -> APIC 0x0097 -> Node 1
[    0.015243] SRAT: PXM 1 -> APIC 0x0098 -> Node 1
[    0.015243] SRAT: PXM 1 -> APIC 0x0099 -> Node 1
[    0.015244] SRAT: PXM 1 -> APIC 0x009a -> Node 1
[    0.015244] SRAT: PXM 1 -> APIC 0x009b -> Node 1
[    0.015244] SRAT: PXM 1 -> APIC 0x009c -> Node 1
[    0.015245] SRAT: PXM 1 -> APIC 0x009d -> Node 1
[    0.015245] SRAT: PXM 1 -> APIC 0x009e -> Node 1
[    0.015246] SRAT: PXM 1 -> APIC 0x009f -> Node 1
[    0.015246] SRAT: PXM 1 -> APIC 0x00a0 -> Node 1
[    0.015246] SRAT: PXM 1 -> APIC 0x00a1 -> Node 1
[    0.015247] SRAT: PXM 1 -> APIC 0x00a2 -> Node 1
[    0.015247] SRAT: PXM 1 -> APIC 0x00a3 -> Node 1
[    0.015248] SRAT: PXM 1 -> APIC 0x00a4 -> Node 1
[    0.015248] SRAT: PXM 1 -> APIC 0x00a5 -> Node 1
[    0.015249] SRAT: PXM 1 -> APIC 0x00a6 -> Node 1
[    0.015249] SRAT: PXM 1 -> APIC 0x00a7 -> Node 1
[    0.015249] SRAT: PXM 1 -> APIC 0x00a8 -> Node 1
[    0.015250] SRAT: PXM 1 -> APIC 0x00a9 -> Node 1
[    0.015250] SRAT: PXM 1 -> APIC 0x00aa -> Node 1
[    0.015251] SRAT: PXM 1 -> APIC 0x00ab -> Node 1
[    0.015251] SRAT: PXM 1 -> APIC 0x00ac -> Node 1
[    0.015251] SRAT: PXM 1 -> APIC 0x00ad -> Node 1
[    0.015252] SRAT: PXM 1 -> APIC 0x00ae -> Node 1
[    0.015252] SRAT: PXM 1 -> APIC 0x00af -> Node 1
[    0.015253] SRAT: PXM 1 -> APIC 0x00b0 -> Node 1
[    0.015253] SRAT: PXM 1 -> APIC 0x00b1 -> Node 1
[    0.015253] SRAT: PXM 1 -> APIC 0x00b2 -> Node 1
[    0.015254] SRAT: PXM 1 -> APIC 0x00b3 -> Node 1
[    0.015254] SRAT: PXM 1 -> APIC 0x00b4 -> Node 1
[    0.015255] SRAT: PXM 1 -> APIC 0x00b5 -> Node 1
[    0.015255] SRAT: PXM 1 -> APIC 0x00b6 -> Node 1
[    0.015256] SRAT: PXM 1 -> APIC 0x00b7 -> Node 1
[    0.015268] ACPI: SRAT: Node 0 PXM 0 [mem 0x00000000-0x7fffffff]
[    0.015269] ACPI: SRAT: Node 0 PXM 0 [mem 0x100000000-0x107fffffff]
[    0.015270] ACPI: SRAT: Node 2 PXM 2 [mem 0x2080000000-0x9e7fffffff] non-volatile
[    0.015271] ACPI: SRAT: Node 1 PXM 1 [mem 0x1080000000-0x207fffffff]
[    0.015271] ACPI: SRAT: Node 3 PXM 3 [mem 0x9e80000000-0x11c7fffffff] non-volatile
[    0.015280] NUMA: Initialized distance table, cnt=4
[    0.015283] NUMA: Node 0 [mem 0x00000000-0x7fffffff] + [mem 0x100000000-0x107fffffff] -> [mem 0x00000000-0x107fffffff]
[    0.015291] NODE_DATA(0) allocated [mem 0xffffd5000-0xfffffffff]
[    0.015309] NODE_DATA(1) allocated [mem 0x20658f1000-0x206591bfff]
[    0.015474] Zone ranges:
[    0.015475]   DMA      [mem 0x0000000000001000-0x0000000000ffffff]
[    0.015476]   DMA32    [mem 0x0000000001000000-0x00000000ffffffff]
[    0.015477]   Normal   [mem 0x0000000100000000-0x000000207fffffff]
[    0.015477]   Device   empty
[    0.015478] Movable zone start for each node
[    0.015481] Early memory node ranges
[    0.015482]   node   0: [mem 0x0000000000001000-0x000000000008efff]
[    0.015483]   node   0: [mem 0x0000000000090000-0x000000000009ffff]
[    0.015483]   node   0: [mem 0x0000000000100000-0x0000000049e76fff]
[    0.015484]   node   0: [mem 0x000000004ae77000-0x000000004b2cefff]
[    0.015484]   node   0: [mem 0x000000004b54e000-0x000000004bd93fff]
[    0.015485]   node   0: [mem 0x000000004be9a000-0x000000004cdfffff]
[    0.015485]   node   0: [mem 0x000000004d000000-0x000000005eefdfff]
[    0.015486]   node   0: [mem 0x000000006f7ff000-0x000000006f7fffff]
[    0.015486]   node   0: [mem 0x0000000592d00000-0x0000000fffffffff]
[    0.015489]   node   1: [mem 0x0000001ec0000000-0x000000207fffffff]
[    0.016009] Zeroed struct page in unavailable ranges: 54248 pages
[    0.016010] Initmem setup node 0 [mem 0x0000000000001000-0x0000000fffffffff]
[    0.016011] On node 0 totalpages: 11316248
[    0.016012]   DMA zone: 64 pages used for memmap
[    0.016013]   DMA zone: 1102 pages reserved
[    0.016013]   DMA zone: 3998 pages, LIFO batch:0
[    0.016057]   DMA32 zone: 5926 pages used for memmap
[    0.016057]   DMA32 zone: 379258 pages, LIFO batch:63
[    0.021944]   Normal zone: 170828 pages used for memmap
[    0.021945]   Normal zone: 10932992 pages, LIFO batch:63
[    0.133473] Initmem setup node 1 [mem 0x0000001ec0000000-0x000000207fffffff]
[    0.133475] On node 1 totalpages: 1835008
[    0.133476]   Normal zone: 28672 pages used for memmap
[    0.133476]   Normal zone: 1835008 pages, LIFO batch:63
[    0.153752] ACPI: PM-Timer IO Port: 0x508
[    0.153755] ACPI: Local APIC address 0xfee00000
[    0.153771] ACPI: X2APIC_NMI (uid[0xffffffff] high edge lint[0x1])
[    0.153773] ACPI: LAPIC_NMI (acpi_id[0xff] high edge lint[0x1])
[    0.153791] IOAPIC[0]: apic_id 8, version 32, address 0xfec00000, GSI 0-119
[    0.153794] ACPI: INT_SRC_OVR (bus 0 bus_irq 0 global_irq 2 dfl dfl)
[    0.153795] ACPI: INT_SRC_OVR (bus 0 bus_irq 9 global_irq 9 high level)
[    0.153796] ACPI: IRQ0 used by override.
[    0.153797] ACPI: IRQ9 used by override.
[    0.153799] Using ACPI (MADT) for SMP configuration information
[    0.153800] ACPI: HPET id: 0x8086a701 base: 0xfed00000
[    0.153804] smpboot: Allowing 112 CPUs, 0 hotplug CPUs
[    0.153829] PM: Registered nosave memory: [mem 0x00000000-0x00000fff]
[    0.153831] PM: Registered nosave memory: [mem 0x0008f000-0x0008ffff]
[    0.153832] PM: Registered nosave memory: [mem 0x000a0000-0x000fffff]
[    0.153834] PM: Registered nosave memory: [mem 0x47bdd000-0x47bddfff]
[    0.153835] PM: Registered nosave memory: [mem 0x47c0e000-0x47c0efff]
[    0.153835] PM: Registered nosave memory: [mem 0x47c0f000-0x47c0ffff]
[    0.153837] PM: Registered nosave memory: [mem 0x47c41000-0x47c41fff]
[    0.153837] PM: Registered nosave memory: [mem 0x47c42000-0x47c42fff]
[    0.153838] PM: Registered nosave memory: [mem 0x47c74000-0x47c74fff]
[    0.153839] PM: Registered nosave memory: [mem 0x47c75000-0x47c75fff]
[    0.153840] PM: Registered nosave memory: [mem 0x47c7d000-0x47c7dfff]
[    0.153841] PM: Registered nosave memory: [mem 0x49e77000-0x4ae76fff]
[    0.153843] PM: Registered nosave memory: [mem 0x4b2cf000-0x4b54dfff]
[    0.153844] PM: Registered nosave memory: [mem 0x4bd94000-0x4be99fff]
[    0.153846] PM: Registered nosave memory: [mem 0x4ce00000-0x4cffffff]
[    0.153847] PM: Registered nosave memory: [mem 0x5eefe000-0x6e3fefff]
[    0.153847] PM: Registered nosave memory: [mem 0x6e3ff000-0x6f3fefff]
[    0.153848] PM: Registered nosave memory: [mem 0x6f3ff000-0x6f7fefff]
[    0.153849] PM: Registered nosave memory: [mem 0x6f800000-0x8fffffff]
[    0.153850] PM: Registered nosave memory: [mem 0x90000000-0xfdffffff]
[    0.153850] PM: Registered nosave memory: [mem 0xfe000000-0xfe010fff]
[    0.153851] PM: Registered nosave memory: [mem 0xfe011000-0xffffffff]
[    0.153851] PM: Registered nosave memory: [mem 0x100000000-0x592cfffff]
[    0.153853] PM: Registered nosave memory: [mem 0x1000000000-0x1ebfffffff]
[    0.153854] [mem 0x90000000-0xfdffffff] available for PCI devices
[    0.153855] Booting paravirtualized kernel on bare hardware
[    0.153858] clocksource: refined-jiffies: mask: 0xffffffff max_cycles: 0xffffffff, max_idle_ns: 7645519600211568 ns
[    0.153864] setup_percpu: NR_CPUS:8192 nr_cpumask_bits:112 nr_cpu_ids:112 nr_node_ids:4
[    0.158428] percpu: Embedded 55 pages/cpu s188416 r8192 d28672 u262144
[    0.158437] pcpu-alloc: s188416 r8192 d28672 u262144 alloc=1*2097152
[    0.158438] pcpu-alloc: [0] 000 002 004 006 008 010 012 014 
[    0.158441] pcpu-alloc: [0] 016 018 020 022 024 026 028 030 
[    0.158442] pcpu-alloc: [0] 032 034 036 038 040 042 044 046 
[    0.158444] pcpu-alloc: [0] 048 050 052 054 056 058 060 062 
[    0.158445] pcpu-alloc: [0] 064 066 068 070 072 074 076 078 
[    0.158446] pcpu-alloc: [0] 080 082 084 086 088 090 092 094 
[    0.158448] pcpu-alloc: [0] 096 098 100 102 104 106 108 110 
[    0.158449] pcpu-alloc: [1] 001 003 005 007 009 011 013 015 
[    0.158451] pcpu-alloc: [1] 017 019 021 023 025 027 029 031 
[    0.158452] pcpu-alloc: [1] 033 035 037 039 041 043 045 047 
[    0.158454] pcpu-alloc: [1] 049 051 053 055 057 059 061 063 
[    0.158455] pcpu-alloc: [1] 065 067 069 071 073 075 077 079 
[    0.158456] pcpu-alloc: [1] 081 083 085 087 089 091 093 095 
[    0.158458] pcpu-alloc: [1] 097 099 101 103 105 107 109 111 
[    0.158500] Built 2 zonelists, mobility grouping on.  Total pages: 12944664
[    0.158501] Policy zone: Normal
[    0.158502] Kernel command line: BOOT_IMAGE=/boot/vmlinuz-5.3.1-multiclock root=UUID=ce0c24b8-724b-4f33-9b2c-618433560aef ro memmap=18733M!4096M memmap=59G!64G quiet splash nomodeset vt.handoff=1
[    0.158606] You have booted with nomodeset. This means your GPU drivers are DISABLED
[    0.158607] Any video related functionality will be severely degraded, and you may not even be able to suspend the system properly
[    0.158607] Unless you actually understand what nomodeset does, you should reboot without enabling it
[    0.158624] printk: log_buf_len individual max cpu contribution: 4096 bytes
[    0.158625] printk: log_buf_len total cpu_extra contributions: 454656 bytes
[    0.158625] printk: log_buf_len min size: 262144 bytes
[    0.158781] printk: log_buf_len: 1048576 bytes
[    0.158782] printk: early log buf free: 221788(84%)
[    0.160285] mem auto-init: stack:off, heap alloc:on, heap free:off
[    0.166329] Calgary: detecting Calgary via BIOS EBDA area
[    0.166331] Calgary: Unable to locate Rio Grande table in EBDA - bailing!
[    0.274241] Memory: 51093280K/52605024K available (14339K kernel code, 2373K rwdata, 4660K rodata, 2680K init, 5056K bss, 1511744K reserved, 0K cma-reserved)
[    0.274872] SLUB: HWalign=64, Order=0-3, MinObjects=0, CPUs=112, Nodes=4
[    0.274904] ftrace: allocating 43047 entries in 169 pages
[    0.291192] rcu: Hierarchical RCU implementation.
[    0.291194] rcu: 	RCU restricting CPUs from NR_CPUS=8192 to nr_cpu_ids=112.
[    0.291195] 	Tasks RCU enabled.
[    0.291196] rcu: RCU calculated value of scheduler-enlistment delay is 25 jiffies.
[    0.291196] rcu: Adjusting geometry for rcu_fanout_leaf=16, nr_cpu_ids=112
[    0.293805] NR_IRQS: 524544, nr_irqs: 2952, preallocated irqs: 16
[    0.294208] random: crng done (trusting CPU's manufacturer)
[    0.294369] Console: colour dummy device 80x25
[    0.294383] printk: console [tty0] enabled
[    0.294474] mempolicy: Enabling automatic NUMA balancing. Configure with numa_balancing= or the kernel.numa_balancing sysctl
[    0.294477] ACPI: Core revision 20190703
[    0.297897] clocksource: hpet: mask: 0xffffffff max_cycles: 0xffffffff, max_idle_ns: 79635855245 ns
[    0.297939] APIC: Switch to symmetric I/O mode setup
[    0.297941] DMAR: Host address width 46
[    0.297942] DMAR: DRHD base: 0x000000d0ffc000 flags: 0x0
[    0.297946] DMAR: dmar0: reg_base_addr d0ffc000 ver 4:0 cap 8ed008c40780466 ecap 60000f050df
[    0.297947] DMAR: DRHD base: 0x000000dbbfc000 flags: 0x0
[    0.297950] DMAR: dmar1: reg_base_addr dbbfc000 ver 4:0 cap 8ed008c40780466 ecap 60000f050df
[    0.297951] DMAR: DRHD base: 0x000000e67fc000 flags: 0x0
[    0.297954] DMAR: dmar2: reg_base_addr e67fc000 ver 4:0 cap 8ed008c40780466 ecap 60000f050df
[    0.297955] DMAR: DRHD base: 0x000000f13fc000 flags: 0x0
[    0.297958] DMAR: dmar3: reg_base_addr f13fc000 ver 4:0 cap 8ed008c40780466 ecap 60000f050df
[    0.297959] DMAR: DRHD base: 0x000000fb7fc000 flags: 0x0
[    0.297962] DMAR: dmar4: reg_base_addr fb7fc000 ver 4:0 cap 8ed008c40780466 ecap 60000f050df
[    0.297963] DMAR: DRHD base: 0x000000a63fc000 flags: 0x0
[    0.297966] DMAR: dmar5: reg_base_addr a63fc000 ver 4:0 cap 8ed008c40780466 ecap 60000f050df
[    0.297966] DMAR: DRHD base: 0x000000b0ffc000 flags: 0x0
[    0.297969] DMAR: dmar6: reg_base_addr b0ffc000 ver 4:0 cap 8ed008c40780466 ecap 60000f050df
[    0.297969] DMAR: DRHD base: 0x000000bbbfc000 flags: 0x0
[    0.297974] DMAR: dmar7: reg_base_addr bbbfc000 ver 4:0 cap 8ed008c40780466 ecap 60000f050df
[    0.297975] DMAR: DRHD base: 0x000000c5ffc000 flags: 0x0
[    0.297977] DMAR: dmar8: reg_base_addr c5ffc000 ver 4:0 cap 8ed008c40780466 ecap 60000f050df
[    0.297978] DMAR: DRHD base: 0x0000009b7fc000 flags: 0x1
[    0.297981] DMAR: dmar9: reg_base_addr 9b7fc000 ver 4:0 cap 8ed008c40780466 ecap 60000f050df
[    0.297981] DMAR: RMRR base: 0x00000069427000 end: 0x00000069429fff
[    0.297982] DMAR: ATSR flags: 0x0
[    0.297984] DMAR-IR: IOAPIC id 8 under DRHD base  0x9b7fc000 IOMMU 9
[    0.297984] DMAR-IR: HPET id 0 under DRHD base 0x9b7fc000
[    0.297985] DMAR-IR: Queued invalidation will be enabled to support x2apic and Intr-remapping.
[    0.300641] DMAR-IR: Enabled IRQ remapping in x2apic mode
[    0.303275] ..TIMER: vector=0x30 apic1=0 pin1=2 apic2=-1 pin2=-1
[    0.321866] clocksource: tsc-early: mask: 0xffffffffffffffff max_cycles: 0x39a85c9bff6, max_idle_ns: 881590591483 ns
[    0.321870] Calibrating delay loop (skipped), value calculated using timer frequency.. 4000.00 BogoMIPS (lpj=8000000)
[    0.321872] pid_max: default: 114688 minimum: 896
[    0.325847] LSM: Security Framework initializing
[    0.325881] Yama: becoming mindful.
[    0.326258] AppArmor: AppArmor initialized
[    0.335448] Dentry cache hash table entries: 8388608 (order: 14, 67108864 bytes, vmalloc)
[    0.340043] Inode-cache hash table entries: 4194304 (order: 13, 33554432 bytes, vmalloc)
[    0.340237] Mount-cache hash table entries: 131072 (order: 8, 1048576 bytes, vmalloc)
[    0.340383] Mountpoint-cache hash table entries: 131072 (order: 8, 1048576 bytes, vmalloc)
[    0.340672] *** VALIDATE proc ***
[    0.340898] *** VALIDATE cgroup1 ***
[    0.340899] *** VALIDATE cgroup2 ***
[    0.341016] x86/tme: not enabled by BIOS
[    0.341019] x86/cpu: User Mode Instruction Prevention (UMIP) activated
[    0.341093] mce: CPU0: Thermal monitoring enabled (TM1)
[    0.341303] process: using mwait in idle threads
[    0.341305] Last level iTLB entries: 4KB 0, 2MB 0, 4MB 0
[    0.341306] Last level dTLB entries: 4KB 0, 2MB 0, 4MB 0, 1GB 0
[    0.341308] Spectre V1 : Mitigation: usercopy/swapgs barriers and __user pointer sanitization
[    0.341310] Spectre V2 : Mitigation: Enhanced IBRS
[    0.341311] Spectre V2 : Spectre v2 / SpectreRSB mitigation: Filling RSB on context switch
[    0.341312] Spectre V2 : mitigation: Enabling conditional Indirect Branch Prediction Barrier
[    0.341313] Speculative Store Bypass: Mitigation: Speculative Store Bypass disabled via prctl and seccomp
[    0.341577] Freeing SMP alternatives memory: 40K
[    0.346020] TSC deadline timer enabled
[    0.346028] smpboot: CPU0: Intel(R) Xeon(R) Gold 6330 CPU @ 2.00GHz (family: 0x6, model: 0x6a, stepping: 0x6)
[    0.346224] Performance Events: PEBS fmt4+-baseline, Icelake events, 32-deep LBR, full-width counters, Intel PMU driver.
[    0.346229] ... version:                5
[    0.346229] ... bit width:              48
[    0.346230] ... generic registers:      8
[    0.346230] ... value mask:             0000ffffffffffff
[    0.346231] ... max period:             00007fffffffffff
[    0.346231] ... fixed-purpose events:   4
[    0.346231] ... event mask:             0000000f000000ff
[    0.346335] rcu: Hierarchical SRCU implementation.
[    0.353674] NMI watchdog: Enabled. Permanently consumes one hw-PMU counter.
[    0.354995] smp: Bringing up secondary CPUs ...
[    0.355109] x86: Booting SMP configuration:
[    0.355110] .... node  #1, CPUs:          #1
[    0.003722] smpboot: CPU 1 Converting physical 0 to logical die 1
[    0.441973] .... node  #0, CPUs:     #2
[    0.447315] .... node  #1, CPUs:     #3
[    0.452702] .... node  #0, CPUs:     #4
[    0.458053] .... node  #1, CPUs:     #5
[    0.463394] .... node  #0, CPUs:     #6
[    0.468939] .... node  #1, CPUs:     #7
[    0.474488] .... node  #0, CPUs:     #8
[    0.479744] .... node  #1, CPUs:     #9
[    0.485436] .... node  #0, CPUs:    #10
[    0.491126] .... node  #1, CPUs:    #11
[    0.496814] .... node  #0, CPUs:    #12
[    0.502301] .... node  #1, CPUs:    #13
[    0.507603] .... node  #0, CPUs:    #14
[    0.512815] .... node  #1, CPUs:    #15
[    0.518105] .... node  #0, CPUs:    #16
[    0.523343] .... node  #1, CPUs:    #17
[    0.528621] .... node  #0, CPUs:    #18
[    0.534032] .... node  #1, CPUs:    #19
[    0.539442] .... node  #0, CPUs:    #20
[    0.544645] .... node  #1, CPUs:    #21
[    0.550207] .... node  #0, CPUs:    #22
[    0.555617] .... node  #1, CPUs:    #23
[    0.560845] .... node  #0, CPUs:    #24
[    0.566447] .... node  #1, CPUs:    #25
[    0.571733] .... node  #0, CPUs:    #26
[    0.576909] .... node  #1, CPUs:    #27
[    0.582172] .... node  #0, CPUs:    #28
[    0.587644] .... node  #1, CPUs:    #29
[    0.592894] .... node  #0, CPUs:    #30
[    0.598075] .... node  #1, CPUs:    #31
[    0.603501] .... node  #0, CPUs:    #32
[    0.608759] .... node  #1, CPUs:    #33
[    0.614084] .... node  #0, CPUs:    #34
[    0.619498] .... node  #1, CPUs:    #35
[    0.624767] .... node  #0, CPUs:    #36
[    0.630019] .... node  #1, CPUs:    #37
[    0.635229] .... node  #0, CPUs:    #38
[    0.640759] .... node  #1, CPUs:    #39
[    0.646248] .... node  #0, CPUs:    #40
[    0.651823] .... node  #1, CPUs:    #41
[    0.657530] .... node  #0, CPUs:    #42
[    0.662796] .... node  #1, CPUs:    #43
[    0.668399] .... node  #0, CPUs:    #44
[    0.673971] .... node  #1, CPUs:    #45
[    0.679171] .... node  #0, CPUs:    #46
[    0.684674] .... node  #1, CPUs:    #47
[    0.690083] .... node  #0, CPUs:    #48
[    0.695386] .... node  #1, CPUs:    #49
[    0.700778] .... node  #0, CPUs:    #50
[    0.706231] .... node  #1, CPUs:    #51
[    0.711827] .... node  #0, CPUs:    #52
[    0.717259] .... node  #1, CPUs:    #53
[    0.722804] .... node  #0, CPUs:    #54
[    0.728473] .... node  #1, CPUs:    #55
[    0.734238] .... node  #0, CPUs:    #56
[    0.740109] .... node  #1, CPUs:    #57
[    0.745975] .... node  #0, CPUs:    #58
[    0.751326] .... node  #1, CPUs:    #59
[    0.756727] .... node  #0, CPUs:    #60
[    0.762065] .... node  #1, CPUs:    #61
[    0.767439] .... node  #0, CPUs:    #62
[    0.772999] .... node  #1, CPUs:    #63
[    0.778567] .... node  #0, CPUs:    #64
[    0.783842] .... node  #1, CPUs:    #65
[    0.789543] .... node  #0, CPUs:    #66
[    0.795244] .... node  #1, CPUs:    #67
[    0.800962] .... node  #0, CPUs:    #68
[    0.806449] .... node  #1, CPUs:    #69
[    0.811791] .... node  #0, CPUs:    #70
[    0.816996] .... node  #1, CPUs:    #71
[    0.822292] .... node  #0, CPUs:    #72
[    0.827539] .... node  #1, CPUs:    #73
[    0.832831] .... node  #0, CPUs:    #74
[    0.838068] .... node  #1, CPUs:    #75
[    0.843692] .... node  #0, CPUs:    #76
[    0.848918] .... node  #1, CPUs:    #77
[    0.854494] .... node  #0, CPUs:    #78
[    0.859919] .... node  #1, CPUs:    #79
[    0.865184] .... node  #0, CPUs:    #80
[    0.870783] .... node  #1, CPUs:    #81
[    0.876100] .... node  #0, CPUs:    #82
[    0.881299] .... node  #1, CPUs:    #83
[    0.886586] .... node  #0, CPUs:    #84
[    0.892080] .... node  #1, CPUs:    #85
[    0.897352] .... node  #0, CPUs:    #86
[    0.902555] .... node  #1, CPUs:    #87
[    0.908025] .... node  #0, CPUs:    #88
[    0.913288] .... node  #1, CPUs:    #89
[    0.918626] .... node  #0, CPUs:    #90
[    0.924043] .... node  #1, CPUs:    #91
[    0.929334] .... node  #0, CPUs:    #92
[    0.934527] .... node  #1, CPUs:    #93
[    0.939818] .... node  #0, CPUs:    #94
[    0.945371] .... node  #1, CPUs:    #95
[    0.950861] .... node  #0, CPUs:    #96
[    0.956445] .... node  #1, CPUs:    #97
[    0.962165] .... node  #0, CPUs:    #98
[    0.967456] .... node  #1, CPUs:    #99
[    0.973084] .... node  #0, CPUs:   #100
[    0.978415] .... node  #1, CPUs:   #101
[    0.983861] .... node  #0, CPUs:   #102
[    0.989380] .... node  #1, CPUs:   #103
[    0.994806] .... node  #0, CPUs:   #104
[    1.000138] .... node  #1, CPUs:   #105
[    1.005551] .... node  #0, CPUs:   #106
[    1.011018] .... node  #1, CPUs:   #107
[    1.016631] .... node  #0, CPUs:   #108
[    1.022075] .... node  #1, CPUs:   #109
[    1.027642] .... node  #0, CPUs:   #110
[    1.033318] .... node  #1, CPUs:   #111
[    1.039087] smp: Brought up 2 nodes, 112 CPUs
[    1.039087] smpboot: Max logical packages: 2
[    1.039087] smpboot: Total of 112 processors activated (448061.68 BogoMIPS)
[    1.048695] devtmpfs: initialized
[    1.048695] x86/mm: Memory block size: 2048MB
[    1.048695] PM: Registering ACPI NVS region [mem 0x49e77000-0x4ae76fff] (16777216 bytes)
[    1.048695] PM: Registering ACPI NVS region [mem 0x6e3ff000-0x6f3fefff] (16777216 bytes)
[    1.049892] clocksource: jiffies: mask: 0xffffffff max_cycles: 0xffffffff, max_idle_ns: 7645041785100000 ns
[    1.050197] futex hash table entries: 32768 (order: 9, 2097152 bytes, vmalloc)
[    1.050775] pinctrl core: initialized pinctrl subsystem
[    1.050902] PM: RTC time: 07:07:21, date: 2024-05-18
[    1.051164] NET: Registered protocol family 16
[    1.051280] audit: initializing netlink subsys (disabled)
[    1.051285] audit: type=2000 audit(1716016040.756:1): state=initialized audit_enabled=0 res=1
[    1.051285] EISA bus registered
[    1.051285] cpuidle: using governor ladder
[    1.051285] cpuidle: using governor menu
[    1.051285] ACPI FADT declares the system doesn't support PCIe ASPM, so disable it
[    1.051285] ACPI: bus type PCI registered
[    1.051285] acpiphp: ACPI Hot Plug PCI Controller Driver version: 0.5
[    1.051285] PCI: MMCONFIG for domain 0000 [bus 00-ff] at [mem 0x80000000-0x8fffffff] (base 0x80000000)
[    1.051285] PCI: MMCONFIG at [mem 0x80000000-0x8fffffff] reserved in E820
[    1.051285] pmd_set_huge: Cannot satisfy [mem 0x80000000-0x80200000] with a huge-page mapping due to MTRR override.
[    1.051285] PCI: Using configuration type 1 for base access
[    1.051285] PCI: Dell System detected, enabling pci=bfsort.
[    1.053879] ENERGY_PERF_BIAS: Set to 'normal', was 'performance'
[    1.058317] HugeTLB registered 1.00 GiB page size, pre-allocated 0 pages
[    1.058317] HugeTLB registered 2.00 MiB page size, pre-allocated 0 pages
[    1.062271] ACPI: Added _OSI(Module Device)
[    1.062272] ACPI: Added _OSI(Processor Device)
[    1.062273] ACPI: Added _OSI(3.0 _SCP Extensions)
[    1.062273] ACPI: Added _OSI(Processor Aggregator Device)
[    1.062274] ACPI: Added _OSI(Linux-Dell-Video)
[    1.062275] ACPI: Added _OSI(Linux-Lenovo-NV-HDMI-Audio)
[    1.062276] ACPI: Added _OSI(Linux-HPI-Hybrid-Graphics)
[    1.227847] ACPI: 8 ACPI AML tables successfully acquired and loaded
[    1.234941] ACPI: [Firmware Bug]: BIOS _OSI(Linux) query ignored
[    1.241571] ACPI: Dynamic OEM Table Load:
[    1.636317] ACPI: Interpreter enabled
[    1.636334] ACPI: (supports S0 S5)
[    1.636335] ACPI: Using IOAPIC for interrupt routing
[    1.636420] HEST: Table parsing has been initialized.
[    1.636422] PCI: Using host bridge windows from ACPI; if necessary, use "pci=nocrs" and report a bug
[    1.665551] ACPI: Enabled 4 GPEs in block 00 to 7F
[    1.790148] ACPI: PCI Root Bridge [PC00] (domain 0000 [bus 00-15])
[    1.790153] acpi PNP0A08:00: _OSC: OS supports [ExtendedConfig ASPM ClockPM Segments MSI HPX-Type3]
[    1.790231] acpi PNP0A08:00: PCIe AER handled by firmware
[    1.790344] acpi PNP0A08:00: _OSC: platform does not support [SHPCHotplug LTR]
[    1.790550] acpi PNP0A08:00: _OSC: OS now controls [PCIeHotplug PME PCIeCapability]
[    1.790551] acpi PNP0A08:00: FADT indicates ASPM is unsupported, using BIOS configuration
[    1.792335] PCI host bridge to bus 0000:00
[    1.792337] pci_bus 0000:00: root bus resource [io  0x0000-0x0cf7 window]
[    1.792338] pci_bus 0000:00: root bus resource [io  0x1000-0x4fff window]
[    1.792339] pci_bus 0000:00: root bus resource [mem 0x000a0000-0x000bffff window]
[    1.792339] pci_bus 0000:00: root bus resource [mem 0x000c8000-0x000cffff window]
[    1.792340] pci_bus 0000:00: root bus resource [mem 0xfe010000-0xfe010fff window]
[    1.792341] pci_bus 0000:00: root bus resource [mem 0x90000000-0x9b7fffff window]
[    1.792342] pci_bus 0000:00: root bus resource [mem 0x200000000000-0x20ffffffffff window]
[    1.792343] pci_bus 0000:00: root bus resource [bus 00-15]
[    1.792352] pci 0000:00:00.0: [8086:09a2] type 00 class 0x088000
[    1.793079] pci 0000:00:00.1: [8086:09a4] type 00 class 0x088000
[    1.793792] pci 0000:00:00.2: [8086:09a3] type 00 class 0x088000
[    1.794506] pci 0000:00:00.4: [8086:0998] type 00 class 0x060000
[    1.795218] pci 0000:00:02.0: [8086:09a6] type 00 class 0x088000
[    1.795228] pci 0000:00:02.0: reg 0x10: [mem 0x92dfc000-0x92dfdfff]
[    1.795932] pci 0000:00:02.1: [8086:09a7] type 00 class 0x088000
[    1.795941] pci 0000:00:02.1: reg 0x10: [mem 0x92d00000-0x92d7ffff]
[    1.795946] pci 0000:00:02.1: reg 0x14: [mem 0x92c80000-0x92cfffff]
[    1.796650] pci 0000:00:02.4: [8086:3456] type 00 class 0x130000
[    1.796661] pci 0000:00:02.4: reg 0x10: [mem 0x92a00000-0x92afffff 64bit]
[    1.796667] pci 0000:00:02.4: reg 0x18: [mem 0x92df0000-0x92df3fff 64bit]
[    1.796673] pci 0000:00:02.4: reg 0x20: [mem 0x92dc0000-0x92ddffff 64bit]
[    1.797392] pci 0000:00:11.0: [8086:a1ec] type 00 class 0xff0000
[    1.798170] pci 0000:00:11.5: [8086:a1d2] type 00 class 0x010601
[    1.798187] pci 0000:00:11.5: reg 0x10: [mem 0x92dfa000-0x92dfbfff]
[    1.798194] pci 0000:00:11.5: reg 0x14: [mem 0x92e05000-0x92e050ff]
[    1.798202] pci 0000:00:11.5: reg 0x18: [io  0x2068-0x206f]
[    1.798208] pci 0000:00:11.5: reg 0x1c: [io  0x2074-0x2077]
[    1.798215] pci 0000:00:11.5: reg 0x20: [io  0x2040-0x205f]
[    1.798222] pci 0000:00:11.5: reg 0x24: [mem 0x92b80000-0x92bfffff]
[    1.798260] pci 0000:00:11.5: PME# supported from D3hot
[    1.798988] pci 0000:00:14.0: [8086:a1af] type 00 class 0x0c0330
[    1.799009] pci 0000:00:14.0: reg 0x10: [mem 0x92de0000-0x92deffff 64bit]
[    1.799073] pci 0000:00:14.0: PME# supported from D3hot D3cold
[    1.799797] pci 0000:00:14.2: [8086:a1b1] type 00 class 0x118000
[    1.799817] pci 0000:00:14.2: reg 0x10: [mem 0x92e02000-0x92e02fff 64bit]
[    1.800572] pci 0000:00:16.0: [8086:a1ba] type 00 class 0x078000
[    1.800601] pci 0000:00:16.0: reg 0x10: [mem 0x92e01000-0x92e01fff 64bit]
[    1.800685] pci 0000:00:16.0: PME# supported from D3hot
[    1.801380] pci 0000:00:16.1: [8086:a1bb] type 00 class 0x078000
[    1.801408] pci 0000:00:16.1: reg 0x10: [mem 0x92e00000-0x92e00fff 64bit]
[    1.801492] pci 0000:00:16.1: PME# supported from D3hot
[    1.802192] pci 0000:00:16.4: [8086:a1be] type 00 class 0x078000
[    1.802220] pci 0000:00:16.4: reg 0x10: [mem 0x92dff000-0x92dfffff 64bit]
[    1.802305] pci 0000:00:16.4: PME# supported from D3hot
[    1.802998] pci 0000:00:17.0: [8086:a182] type 00 class 0x010601
[    1.803015] pci 0000:00:17.0: reg 0x10: [mem 0x92df8000-0x92df9fff]
[    1.803022] pci 0000:00:17.0: reg 0x14: [mem 0x92e04000-0x92e040ff]
[    1.803028] pci 0000:00:17.0: reg 0x18: [io  0x2060-0x2067]
[    1.803035] pci 0000:00:17.0: reg 0x1c: [io  0x2070-0x2073]
[    1.803042] pci 0000:00:17.0: reg 0x20: [io  0x2020-0x203f]
[    1.803049] pci 0000:00:17.0: reg 0x24: [mem 0x92b00000-0x92b7ffff]
[    1.803086] pci 0000:00:17.0: PME# supported from D3hot
[    1.803816] pci 0000:00:1c.0: [8086:a190] type 01 class 0x060400
[    1.803893] pci 0000:00:1c.0: PME# supported from D0 D3hot D3cold
[    1.804668] pci 0000:00:1c.4: [8086:a194] type 01 class 0x060400
[    1.804740] pci 0000:00:1c.4: PME# supported from D0 D3hot D3cold
[    1.805500] pci 0000:00:1c.5: [8086:a195] type 01 class 0x060400
[    1.805573] pci 0000:00:1c.5: PME# supported from D0 D3hot D3cold
[    1.806343] pci 0000:00:1f.0: [8086:a1cb] type 00 class 0x060100
[    1.807156] pci 0000:00:1f.2: [8086:a1a1] type 00 class 0x058000
[    1.807171] pci 0000:00:1f.2: reg 0x10: [mem 0x92df4000-0x92df7fff]
[    1.807932] pci 0000:00:1f.4: [8086:a1a3] type 00 class 0x0c0500
[    1.807952] pci 0000:00:1f.4: reg 0x10: [mem 0x92dfe000-0x92dfe0ff 64bit]
[    1.807974] pci 0000:00:1f.4: reg 0x20: [io  0x2000-0x201f]
[    1.808672] pci 0000:00:1f.5: [8086:a1a4] type 00 class 0x0c8000
[    1.808689] pci 0000:00:1f.5: reg 0x10: [mem 0xfe010000-0xfe010fff]
[    1.809448] pci 0000:00:1c.0: PCI bridge to [bus 01]
[    1.809495] pci 0000:02:00.0: [1556:be00] type 01 class 0x060400
[    1.809664] pci 0000:00:1c.4: PCI bridge to [bus 02-03]
[    1.809668] pci 0000:00:1c.4:   bridge window [mem 0x92000000-0x928fffff]
[    1.809672] pci 0000:00:1c.4:   bridge window [mem 0x91000000-0x91ffffff 64bit pref]
[    1.809704] pci_bus 0000:03: extended config space not accessible
[    1.809721] pci 0000:03:00.0: [102b:0536] type 00 class 0x030000
[    1.809740] pci 0000:03:00.0: reg 0x10: [mem 0x91000000-0x91ffffff pref]
[    1.809751] pci 0000:03:00.0: reg 0x14: [mem 0x92808000-0x9280bfff]
[    1.809761] pci 0000:03:00.0: reg 0x18: [mem 0x92000000-0x927fffff]
[    1.809808] pci 0000:03:00.0: BAR 0: assigned to efifb
[    1.809902] pci 0000:02:00.0: PCI bridge to [bus 03]
[    1.809910] pci 0000:02:00.0:   bridge window [mem 0x92000000-0x928fffff]
[    1.809916] pci 0000:02:00.0:   bridge window [mem 0x91000000-0x91ffffff 64bit pref]
[    1.809982] pci 0000:04:00.0: [14e4:165f] type 00 class 0x020000
[    1.810013] pci 0000:04:00.0: reg 0x10: [mem 0x92930000-0x9293ffff 64bit pref]
[    1.810029] pci 0000:04:00.0: reg 0x18: [mem 0x92940000-0x9294ffff 64bit pref]
[    1.810044] pci 0000:04:00.0: reg 0x20: [mem 0x92950000-0x9295ffff 64bit pref]
[    1.810054] pci 0000:04:00.0: reg 0x30: [mem 0xfffc0000-0xffffffff pref]
[    1.810147] pci 0000:04:00.0: PME# supported from D0 D3hot D3cold
[    1.810186] pci 0000:04:00.0: 4.000 Gb/s available PCIe bandwidth, limited by 5 GT/s x1 link at 0000:00:1c.5 (capable of 8.000 Gb/s with 5 GT/s x2 link)
[    1.810313] pci 0000:04:00.1: [14e4:165f] type 00 class 0x020000
[    1.810345] pci 0000:04:00.1: reg 0x10: [mem 0x92900000-0x9290ffff 64bit pref]
[    1.810360] pci 0000:04:00.1: reg 0x18: [mem 0x92910000-0x9291ffff 64bit pref]
[    1.810375] pci 0000:04:00.1: reg 0x20: [mem 0x92920000-0x9292ffff 64bit pref]
[    1.810385] pci 0000:04:00.1: reg 0x30: [mem 0xfffc0000-0xffffffff pref]
[    1.810477] pci 0000:04:00.1: PME# supported from D0 D3hot D3cold
[    1.810621] pci 0000:00:1c.5: PCI bridge to [bus 04]
[    1.810628] pci 0000:00:1c.5:   bridge window [mem 0x92900000-0x929fffff 64bit pref]
[    1.810642] pci_bus 0000:00: on NUMA node 0
[    1.811195] ACPI: PCI Root Bridge [PC01] (domain 0000 [bus 16-2f])
[    1.811198] acpi PNP0A08:01: _OSC: OS supports [ExtendedConfig ASPM ClockPM Segments MSI HPX-Type3]
[    1.811295] acpi PNP0A08:01: PCIe AER handled by firmware
[    1.811402] acpi PNP0A08:01: _OSC: platform does not support [SHPCHotplug]
[    1.811602] acpi PNP0A08:01: _OSC: OS now controls [PCIeHotplug PME PCIeCapability LTR]
[    1.811602] acpi PNP0A08:01: FADT indicates ASPM is unsupported, using BIOS configuration
[    1.811725] PCI host bridge to bus 0000:16
[    1.811726] pci_bus 0000:16: root bus resource [io  0x5000-0x6fff window]
[    1.811727] pci_bus 0000:16: root bus resource [mem 0x9b800000-0xa63fffff window]
[    1.811728] pci_bus 0000:16: root bus resource [mem 0x210000000000-0x21ffffffffff window]
[    1.811728] pci_bus 0000:16: root bus resource [bus 16-2f]
[    1.811735] pci 0000:16:00.0: [8086:09a2] type 00 class 0x088000
[    1.811799] pci 0000:16:00.1: [8086:09a4] type 00 class 0x088000
[    1.811863] pci 0000:16:00.2: [8086:09a3] type 00 class 0x088000
[    1.811926] pci 0000:16:00.4: [8086:0998] type 00 class 0x060000
[    1.811987] pci 0000:16:02.0: [8086:347a] type 01 class 0x060400
[    1.812000] pci 0000:16:02.0: reg 0x10: [mem 0x21fffff00000-0x21fffff1ffff 64bit]
[    1.812036] pci 0000:16:02.0: PME# supported from D0 D3hot D3cold
[    1.812333] pci 0000:17:00.0: [1000:10e2] type 00 class 0x010400
[    1.812352] pci 0000:17:00.0: reg 0x10: [mem 0x9b800000-0x9b8fffff 64bit pref]
[    1.812360] pci 0000:17:00.0: reg 0x18: [mem 0x9b900000-0x9b9fffff 64bit pref]
[    1.812366] pci 0000:17:00.0: reg 0x20: [mem 0x9ba00000-0x9bafffff]
[    1.812371] pci 0000:17:00.0: reg 0x24: [io  0x5000-0x50ff]
[    1.812377] pci 0000:17:00.0: reg 0x30: [mem 0xfff00000-0xffffffff pref]
[    1.813594] pci 0000:17:00.0: supports D1 D2
[    1.813644] pci 0000:16:02.0: PCI bridge to [bus 17]
[    1.813646] pci 0000:16:02.0:   bridge window [io  0x5000-0x5fff]
[    1.813647] pci 0000:16:02.0:   bridge window [mem 0x9ba00000-0x9bafffff]
[    1.813650] pci 0000:16:02.0:   bridge window [mem 0x9b800000-0x9b9fffff 64bit pref]
[    1.813655] pci_bus 0000:16: on NUMA node 0
[    1.813719] ACPI: PCI Root Bridge [PC02] (domain 0000 [bus 30-49])
[    1.813721] acpi PNP0A08:02: _OSC: OS supports [ExtendedConfig ASPM ClockPM Segments MSI HPX-Type3]
[    1.813816] acpi PNP0A08:02: PCIe AER handled by firmware
[    1.813923] acpi PNP0A08:02: _OSC: platform does not support [SHPCHotplug]
[    1.814126] acpi PNP0A08:02: _OSC: OS now controls [PCIeHotplug PME PCIeCapability LTR]
[    1.814127] acpi PNP0A08:02: FADT indicates ASPM is unsupported, using BIOS configuration
[    1.814243] PCI host bridge to bus 0000:30
[    1.814244] pci_bus 0000:30: root bus resource [io  0x7000-0x8fff window]
[    1.814245] pci_bus 0000:30: root bus resource [mem 0xa6400000-0xb0ffffff window]
[    1.814246] pci_bus 0000:30: root bus resource [mem 0x220000000000-0x22ffffffffff window]
[    1.814247] pci_bus 0000:30: root bus resource [bus 30-49]
[    1.814254] pci 0000:30:00.0: [8086:09a2] type 00 class 0x088000
[    1.814320] pci 0000:30:00.1: [8086:09a4] type 00 class 0x088000
[    1.814380] pci 0000:30:00.2: [8086:09a3] type 00 class 0x088000
[    1.814443] pci 0000:30:00.4: [8086:0998] type 00 class 0x060000
[    1.814513] pci_bus 0000:30: on NUMA node 0
[    1.814601] ACPI: PCI Root Bridge [PC04] (domain 0000 [bus 4a-63])
[    1.814604] acpi PNP0A08:04: _OSC: OS supports [ExtendedConfig ASPM ClockPM Segments MSI HPX-Type3]
[    1.814694] acpi PNP0A08:04: PCIe AER handled by firmware
[    1.814798] acpi PNP0A08:04: _OSC: platform does not support [SHPCHotplug]
[    1.814998] acpi PNP0A08:04: _OSC: OS now controls [PCIeHotplug PME PCIeCapability LTR]
[    1.814998] acpi PNP0A08:04: FADT indicates ASPM is unsupported, using BIOS configuration
[    1.815108] PCI host bridge to bus 0000:4a
[    1.815109] pci_bus 0000:4a: root bus resource [io  0x9000-0x9fff window]
[    1.815109] pci_bus 0000:4a: root bus resource [mem 0xb1000000-0xbbbfffff window]
[    1.815110] pci_bus 0000:4a: root bus resource [mem 0x230000000000-0x23ffffffffff window]
[    1.815111] pci_bus 0000:4a: root bus resource [bus 4a-63]
[    1.815118] pci 0000:4a:00.0: [8086:09a2] type 00 class 0x088000
[    1.815180] pci 0000:4a:00.1: [8086:09a4] type 00 class 0x088000
[    1.815240] pci 0000:4a:00.2: [8086:09a3] type 00 class 0x088000
[    1.815307] pci 0000:4a:00.4: [8086:0998] type 00 class 0x060000
[    1.815377] pci_bus 0000:4a: on NUMA node 0
[    1.815436] ACPI: PCI Root Bridge [PC05] (domain 0000 [bus 64-7d])
[    1.815438] acpi PNP0A08:05: _OSC: OS supports [ExtendedConfig ASPM ClockPM Segments MSI HPX-Type3]
[    1.815528] acpi PNP0A08:05: PCIe AER handled by firmware
[    1.815632] acpi PNP0A08:05: _OSC: platform does not support [SHPCHotplug]
[    1.815831] acpi PNP0A08:05: _OSC: OS now controls [PCIeHotplug PME PCIeCapability LTR]
[    1.815831] acpi PNP0A08:05: FADT indicates ASPM is unsupported, using BIOS configuration
[    1.815941] PCI host bridge to bus 0000:64
[    1.815941] pci_bus 0000:64: root bus resource [io  0xa000-0xafff window]
[    1.815942] pci_bus 0000:64: root bus resource [mem 0xbbc00000-0xc5ffffff window]
[    1.815943] pci_bus 0000:64: root bus resource [mem 0x240000000000-0x24ffffffffff window]
[    1.815944] pci_bus 0000:64: root bus resource [bus 64-7d]
[    1.815950] pci 0000:64:00.0: [8086:09a2] type 00 class 0x088000
[    1.816014] pci 0000:64:00.1: [8086:09a4] type 00 class 0x088000
[    1.816076] pci 0000:64:00.2: [8086:09a3] type 00 class 0x088000
[    1.816139] pci 0000:64:00.4: [8086:0998] type 00 class 0x060000
[    1.816210] pci_bus 0000:64: on NUMA node 0
[    1.816265] ACPI: PCI Root Bridge [UC06] (domain 0000 [bus 7e])
[    1.816267] acpi PNP0A03:00: _OSC: OS supports [ExtendedConfig ASPM ClockPM Segments MSI HPX-Type3]
[    1.816342] acpi PNP0A03:00: PCIe AER handled by firmware
[    1.816430] acpi PNP0A03:00: _OSC: platform does not support [SHPCHotplug LTR]
[    1.816598] acpi PNP0A03:00: _OSC: OS now controls [PCIeHotplug PME PCIeCapability]
[    1.816599] acpi PNP0A03:00: FADT indicates ASPM is unsupported, using BIOS configuration
[    1.816731] PCI host bridge to bus 0000:7e
[    1.816732] pci_bus 0000:7e: root bus resource [bus 7e]
[    1.816738] pci 0000:7e:00.0: [8086:3450] type 00 class 0x088000
[    1.816807] pci 0000:7e:00.1: [8086:3451] type 00 class 0x088000
[    1.816870] pci 0000:7e:00.2: [8086:3452] type 00 class 0x088000
[    1.816942] pci 0000:7e:00.3: [8086:0998] type 00 class 0x060000
[    1.817006] pci 0000:7e:00.5: [8086:3455] type 00 class 0x088000
[    1.817075] pci 0000:7e:02.0: [8086:3440] type 00 class 0x088000
[    1.817196] pci 0000:7e:02.1: [8086:3441] type 00 class 0x088000
[    1.817309] pci 0000:7e:02.2: [8086:3442] type 00 class 0x088000
[    1.817424] pci 0000:7e:03.0: [8086:3440] type 00 class 0x088000
[    1.817513] pci 0000:7e:03.1: [8086:3441] type 00 class 0x088000
[    1.817594] pci 0000:7e:03.2: [8086:3442] type 00 class 0x088000
[    1.817688] pci 0000:7e:04.0: [8086:3440] type 00 class 0x088000
[    1.817815] pci 0000:7e:04.1: [8086:3441] type 00 class 0x088000
[    1.817936] pci 0000:7e:04.2: [8086:3442] type 00 class 0x088000
[    1.818059] pci 0000:7e:04.3: [8086:3443] type 00 class 0x088000
[    1.818184] pci 0000:7e:05.0: [8086:3445] type 00 class 0x088000
[    1.818313] pci 0000:7e:05.1: [8086:3446] type 00 class 0x088000
[    1.818431] pci 0000:7e:05.2: [8086:3447] type 00 class 0x088000
[    1.818548] pci 0000:7e:06.0: [8086:3445] type 00 class 0x088000
[    1.818643] pci 0000:7e:06.1: [8086:3446] type 00 class 0x088000
[    1.818729] pci 0000:7e:06.2: [8086:3447] type 00 class 0x088000
[    1.818821] pci 0000:7e:07.0: [8086:3445] type 00 class 0x088000
[    1.818948] pci 0000:7e:07.1: [8086:3446] type 00 class 0x088000
[    1.819074] pci 0000:7e:07.2: [8086:3447] type 00 class 0x088000
[    1.819200] pci 0000:7e:0b.0: [8086:3448] type 00 class 0x088000
[    1.819275] pci 0000:7e:0b.1: [8086:3448] type 00 class 0x088000
[    1.819349] pci 0000:7e:0b.2: [8086:344b] type 00 class 0x088000
[    1.819433] pci 0000:7e:0c.0: [8086:344a] type 00 class 0x110100
[    1.819531] pci 0000:7e:0d.0: [8086:344a] type 00 class 0x110100
[    1.819626] pci 0000:7e:0e.0: [8086:344a] type 00 class 0x110100
[    1.819775] pci 0000:7e:0f.0: [8086:344a] type 00 class 0x110100
[    1.819936] pci 0000:7e:1a.0: [8086:2880] type 00 class 0x110100
[    1.820033] pci 0000:7e:1b.0: [8086:2880] type 00 class 0x110100
[    1.820125] pci 0000:7e:1c.0: [8086:2880] type 00 class 0x110100
[    1.820278] pci 0000:7e:1d.0: [8086:2880] type 00 class 0x110100
[    1.820441] pci_bus 0000:7e: on NUMA node 0
[    1.820515] ACPI: PCI Root Bridge [UC07] (domain 0000 [bus 7f])
[    1.820517] acpi PNP0A03:01: _OSC: OS supports [ExtendedConfig ASPM ClockPM Segments MSI HPX-Type3]
[    1.820593] acpi PNP0A03:01: PCIe AER handled by firmware
[    1.820683] acpi PNP0A03:01: _OSC: platform does not support [SHPCHotplug LTR]
[    1.820852] acpi PNP0A03:01: _OSC: OS now controls [PCIeHotplug PME PCIeCapability]
[    1.820853] acpi PNP0A03:01: FADT indicates ASPM is unsupported, using BIOS configuration
[    1.820997] PCI host bridge to bus 0000:7f
[    1.820998] pci_bus 0000:7f: root bus resource [bus 7f]
[    1.821008] pci 0000:7f:00.0: [8086:344c] type 00 class 0x088000
[    1.821116] pci 0000:7f:00.1: [8086:344c] type 00 class 0x088000
[    1.821235] pci 0000:7f:00.2: [8086:344c] type 00 class 0x088000
[    1.821355] pci 0000:7f:00.3: [8086:344c] type 00 class 0x088000
[    1.821450] pci 0000:7f:00.4: [8086:344c] type 00 class 0x088000
[    1.821579] pci 0000:7f:00.5: [8086:344c] type 00 class 0x088000
[    1.821705] pci 0000:7f:00.6: [8086:344c] type 00 class 0x088000
[    1.821790] pci 0000:7f:00.7: [8086:344c] type 00 class 0x088000
[    1.821888] pci 0000:7f:01.0: [8086:344c] type 00 class 0x088000
[    1.822024] pci 0000:7f:01.1: [8086:344c] type 00 class 0x088000
[    1.822153] pci 0000:7f:01.2: [8086:344c] type 00 class 0x088000
[    1.822239] pci 0000:7f:01.3: [8086:344c] type 00 class 0x088000
[    1.822378] pci 0000:7f:01.4: [8086:344c] type 00 class 0x088000
[    1.822516] pci 0000:7f:01.5: [8086:344c] type 00 class 0x088000
[    1.822659] pci 0000:7f:01.6: [8086:344c] type 00 class 0x088000
[    1.822787] pci 0000:7f:01.7: [8086:344c] type 00 class 0x088000
[    1.822926] pci 0000:7f:02.0: [8086:344c] type 00 class 0x088000
[    1.823065] pci 0000:7f:02.1: [8086:344c] type 00 class 0x088000
[    1.823205] pci 0000:7f:02.2: [8086:344c] type 00 class 0x088000
[    1.823341] pci 0000:7f:02.3: [8086:344c] type 00 class 0x088000
[    1.823487] pci 0000:7f:02.4: [8086:344c] type 00 class 0x088000
[    1.823630] pci 0000:7f:02.5: [8086:344c] type 00 class 0x088000
[    1.823772] pci 0000:7f:02.6: [8086:344c] type 00 class 0x088000
[    1.823926] pci 0000:7f:02.7: [8086:344c] type 00 class 0x088000
[    1.824086] pci 0000:7f:03.0: [8086:344c] type 00 class 0x088000
[    1.824236] pci 0000:7f:03.1: [8086:344c] type 00 class 0x088000
[    1.824395] pci 0000:7f:03.2: [8086:344c] type 00 class 0x088000
[    1.824550] pci 0000:7f:03.3: [8086:344c] type 00 class 0x088000
[    1.824716] pci 0000:7f:0a.0: [8086:344d] type 00 class 0x088000
[    1.824824] pci 0000:7f:0a.1: [8086:344d] type 00 class 0x088000
[    1.824943] pci 0000:7f:0a.2: [8086:344d] type 00 class 0x088000
[    1.825061] pci 0000:7f:0a.3: [8086:344d] type 00 class 0x088000
[    1.825164] pci 0000:7f:0a.4: [8086:344d] type 00 class 0x088000
[    1.825293] pci 0000:7f:0a.5: [8086:344d] type 00 class 0x088000
[    1.825416] pci 0000:7f:0a.6: [8086:344d] type 00 class 0x088000
[    1.825503] pci 0000:7f:0a.7: [8086:344d] type 00 class 0x088000
[    1.825594] pci 0000:7f:0b.0: [8086:344d] type 00 class 0x088000
[    1.825729] pci 0000:7f:0b.1: [8086:344d] type 00 class 0x088000
[    1.825858] pci 0000:7f:0b.2: [8086:344d] type 00 class 0x088000
[    1.825944] pci 0000:7f:0b.3: [8086:344d] type 00 class 0x088000
[    1.826089] pci 0000:7f:0b.4: [8086:344d] type 00 class 0x088000
[    1.826228] pci 0000:7f:0b.5: [8086:344d] type 00 class 0x088000
[    1.826371] pci 0000:7f:0b.6: [8086:344d] type 00 class 0x088000
[    1.826498] pci 0000:7f:0b.7: [8086:344d] type 00 class 0x088000
[    1.826634] pci 0000:7f:0c.0: [8086:344d] type 00 class 0x088000
[    1.826773] pci 0000:7f:0c.1: [8086:344d] type 00 class 0x088000
[    1.826910] pci 0000:7f:0c.2: [8086:344d] type 00 class 0x088000
[    1.827049] pci 0000:7f:0c.3: [8086:344d] type 00 class 0x088000
[    1.827201] pci 0000:7f:0c.4: [8086:344d] type 00 class 0x088000
[    1.827343] pci 0000:7f:0c.5: [8086:344d] type 00 class 0x088000
[    1.827487] pci 0000:7f:0c.6: [8086:344d] type 00 class 0x088000
[    1.827640] pci 0000:7f:0c.7: [8086:344d] type 00 class 0x088000
[    1.827791] pci 0000:7f:0d.0: [8086:344d] type 00 class 0x088000
[    1.827944] pci 0000:7f:0d.1: [8086:344d] type 00 class 0x088000
[    1.828102] pci 0000:7f:0d.2: [8086:344d] type 00 class 0x088000
[    1.828257] pci 0000:7f:0d.3: [8086:344d] type 00 class 0x088000
[    1.828437] pci 0000:7f:1d.0: [8086:344f] type 00 class 0x088000
[    1.828554] pci 0000:7f:1d.1: [8086:3457] type 00 class 0x088000
[    1.828671] pci 0000:7f:1e.0: [8086:3458] type 00 class 0x088000
[    1.828747] pci 0000:7f:1e.1: [8086:3459] type 00 class 0x088000
[    1.828822] pci 0000:7f:1e.2: [8086:345a] type 00 class 0x088000
[    1.828895] pci 0000:7f:1e.3: [8086:345b] type 00 class 0x088000
[    1.828969] pci 0000:7f:1e.4: [8086:345c] type 00 class 0x088000
[    1.829043] pci 0000:7f:1e.5: [8086:345d] type 00 class 0x088000
[    1.829120] pci 0000:7f:1e.6: [8086:345e] type 00 class 0x088000
[    1.829194] pci 0000:7f:1e.7: [8086:345f] type 00 class 0x088000
[    1.829266] pci_bus 0000:7f: on NUMA node 0
[    1.829354] ACPI: PCI Root Bridge [PC06] (domain 0000 [bus 80])
[    1.829356] acpi PNP0A08:06: _OSC: OS supports [ExtendedConfig ASPM ClockPM Segments MSI HPX-Type3]
[    1.829449] acpi PNP0A08:06: PCIe AER handled by firmware
[    1.829554] acpi PNP0A08:06: _OSC: platform does not support [SHPCHotplug]
[    1.829752] acpi PNP0A08:06: _OSC: OS now controls [PCIeHotplug PME PCIeCapability LTR]
[    1.829753] acpi PNP0A08:06: FADT indicates ASPM is unsupported, using BIOS configuration
[    1.829895] PCI host bridge to bus 0000:80
[    1.829896] pci_bus 0000:80: root bus resource [io  0xb000-0xbfff window]
[    1.829897] pci_bus 0000:80: root bus resource [mem 0xc6800000-0xd0ffffff window]
[    1.829898] pci_bus 0000:80: root bus resource [mem 0x250000000000-0x25ffffffffff window]
[    1.829899] pci_bus 0000:80: root bus resource [bus 80]
[    1.829906] pci 0000:80:00.0: [8086:09a2] type 00 class 0x088000
[    1.829985] pci 0000:80:00.1: [8086:09a4] type 00 class 0x088000
[    1.830070] pci 0000:80:00.2: [8086:09a3] type 00 class 0x088000
[    1.830147] pci 0000:80:00.4: [8086:0998] type 00 class 0x060000
[    1.830224] pci 0000:80:02.0: [8086:09a6] type 00 class 0x088000
[    1.830234] pci 0000:80:02.0: reg 0x10: [mem 0xc6aa4000-0xc6aa5fff]
[    1.830298] pci 0000:80:02.1: [8086:09a7] type 00 class 0x088000
[    1.830308] pci 0000:80:02.1: reg 0x10: [mem 0xc6a00000-0xc6a7ffff]
[    1.830313] pci 0000:80:02.1: reg 0x14: [mem 0xc6980000-0xc69fffff]
[    1.830379] pci 0000:80:02.4: [8086:3456] type 00 class 0x130000
[    1.830391] pci 0000:80:02.4: reg 0x10: [mem 0xc6800000-0xc68fffff 64bit]
[    1.830398] pci 0000:80:02.4: reg 0x18: [mem 0xc6aa0000-0xc6aa3fff 64bit]
[    1.830405] pci 0000:80:02.4: reg 0x20: [mem 0xc6a80000-0xc6a9ffff 64bit]
[    1.830465] pci_bus 0000:80: on NUMA node 1
[    1.830533] ACPI: PCI Root Bridge [PC07] (domain 0000 [bus 81])
[    1.830534] acpi PNP0A08:07: _OSC: OS supports [ExtendedConfig ASPM ClockPM Segments MSI HPX-Type3]
[    1.830625] acpi PNP0A08:07: PCIe AER handled by firmware
[    1.830729] acpi PNP0A08:07: _OSC: platform does not support [SHPCHotplug]
[    1.830930] acpi PNP0A08:07: _OSC: OS now controls [PCIeHotplug PME PCIeCapability LTR]
[    1.830930] acpi PNP0A08:07: FADT indicates ASPM is unsupported, using BIOS configuration
[    1.831045] PCI host bridge to bus 0000:81
[    1.831046] pci_bus 0000:81: root bus resource [io  0xc000-0xcfff window]
[    1.831046] pci_bus 0000:81: root bus resource [mem 0xd1000000-0xdbbfffff window]
[    1.831047] pci_bus 0000:81: root bus resource [mem 0x260000000000-0x26ffffffffff window]
[    1.831048] pci_bus 0000:81: root bus resource [bus 81]
[    1.831055] pci 0000:81:00.0: [8086:09a2] type 00 class 0x088000
[    1.831123] pci 0000:81:00.1: [8086:09a4] type 00 class 0x088000
[    1.831188] pci 0000:81:00.2: [8086:09a3] type 00 class 0x088000
[    1.831256] pci 0000:81:00.4: [8086:0998] type 00 class 0x060000
[    1.831335] pci_bus 0000:81: on NUMA node 1
[    1.831394] ACPI: PCI Root Bridge [PC08] (domain 0000 [bus 82])
[    1.831396] acpi PNP0A08:08: _OSC: OS supports [ExtendedConfig ASPM ClockPM Segments MSI HPX-Type3]
[    1.831485] acpi PNP0A08:08: PCIe AER handled by firmware
[    1.831590] acpi PNP0A08:08: _OSC: platform does not support [SHPCHotplug]
[    1.831789] acpi PNP0A08:08: _OSC: OS now controls [PCIeHotplug PME PCIeCapability LTR]
[    1.831790] acpi PNP0A08:08: FADT indicates ASPM is unsupported, using BIOS configuration
[    1.831899] PCI host bridge to bus 0000:82
[    1.831900] pci_bus 0000:82: root bus resource [io  0xd000-0xdfff window]
[    1.831901] pci_bus 0000:82: root bus resource [mem 0xdbc00000-0xe67fffff window]
[    1.831901] pci_bus 0000:82: root bus resource [mem 0x270000000000-0x27ffffffffff window]
[    1.831902] pci_bus 0000:82: root bus resource [bus 82]
[    1.831909] pci 0000:82:00.0: [8086:09a2] type 00 class 0x088000
[    1.831977] pci 0000:82:00.1: [8086:09a4] type 00 class 0x088000
[    1.832045] pci 0000:82:00.2: [8086:09a3] type 00 class 0x088000
[    1.832116] pci 0000:82:00.4: [8086:0998] type 00 class 0x060000
[    1.832195] pci_bus 0000:82: on NUMA node 1
[    1.832281] ACPI: PCI Root Bridge [PC10] (domain 0000 [bus 83-f9])
[    1.832282] acpi PNP0A08:0a: _OSC: OS supports [ExtendedConfig ASPM ClockPM Segments MSI HPX-Type3]
[    1.832373] acpi PNP0A08:0a: PCIe AER handled by firmware
[    1.832477] acpi PNP0A08:0a: _OSC: platform does not support [SHPCHotplug]
[    1.832678] acpi PNP0A08:0a: _OSC: OS now controls [PCIeHotplug PME PCIeCapability LTR]
[    1.832678] acpi PNP0A08:0a: FADT indicates ASPM is unsupported, using BIOS configuration
[    1.832802] PCI host bridge to bus 0000:83
[    1.832803] pci_bus 0000:83: root bus resource [io  0xe000-0xefff window]
[    1.832803] pci_bus 0000:83: root bus resource [mem 0xe6800000-0xf13fffff window]
[    1.832804] pci_bus 0000:83: root bus resource [mem 0x280000000000-0x28ffffffffff window]
[    1.832805] pci_bus 0000:83: root bus resource [bus 83-f9]
[    1.832812] pci 0000:83:00.0: [8086:09a2] type 00 class 0x088000
[    1.832880] pci 0000:83:00.1: [8086:09a4] type 00 class 0x088000
[    1.832947] pci 0000:83:00.2: [8086:09a3] type 00 class 0x088000
[    1.833016] pci 0000:83:00.4: [8086:0998] type 00 class 0x060000
[    1.833094] pci_bus 0000:83: on NUMA node 1
[    1.833153] ACPI: PCI Root Bridge [PC11] (domain 0000 [bus fa])
[    1.833155] acpi PNP0A08:0b: _OSC: OS supports [ExtendedConfig ASPM ClockPM Segments MSI HPX-Type3]
[    1.833244] acpi PNP0A08:0b: PCIe AER handled by firmware
[    1.833349] acpi PNP0A08:0b: _OSC: platform does not support [SHPCHotplug]
[    1.833548] acpi PNP0A08:0b: _OSC: OS now controls [PCIeHotplug PME PCIeCapability LTR]
[    1.833549] acpi PNP0A08:0b: FADT indicates ASPM is unsupported, using BIOS configuration
[    1.833660] PCI host bridge to bus 0000:fa
[    1.833661] pci_bus 0000:fa: root bus resource [io  0xf000-0xffff window]
[    1.833662] pci_bus 0000:fa: root bus resource [mem 0xf1400000-0xfb7fffff window]
[    1.833663] pci_bus 0000:fa: root bus resource [mem 0x290000000000-0x29ffffffffff window]
[    1.833663] pci_bus 0000:fa: root bus resource [bus fa]
[    1.833671] pci 0000:fa:00.0: [8086:09a2] type 00 class 0x088000
[    1.833738] pci 0000:fa:00.1: [8086:09a4] type 00 class 0x088000
[    1.833807] pci 0000:fa:00.2: [8086:09a3] type 00 class 0x088000
[    1.833881] pci 0000:fa:00.4: [8086:0998] type 00 class 0x060000
[    1.833961] pci_bus 0000:fa: on NUMA node 1
[    1.834016] ACPI: PCI Root Bridge [UC16] (domain 0000 [bus fe])
[    1.834017] acpi PNP0A03:02: _OSC: OS supports [ExtendedConfig ASPM ClockPM Segments MSI HPX-Type3]
[    1.834094] acpi PNP0A03:02: PCIe AER handled by firmware
[    1.834184] acpi PNP0A03:02: _OSC: platform does not support [SHPCHotplug LTR]
[    1.834351] acpi PNP0A03:02: _OSC: OS now controls [PCIeHotplug PME PCIeCapability]
[    1.834352] acpi PNP0A03:02: FADT indicates ASPM is unsupported, using BIOS configuration
[    1.834484] PCI host bridge to bus 0000:fe
[    1.834484] pci_bus 0000:fe: root bus resource [bus fe]
[    1.834491] pci 0000:fe:00.0: [8086:3450] type 00 class 0x088000
[    1.834562] pci 0000:fe:00.1: [8086:3451] type 00 class 0x088000
[    1.834627] pci 0000:fe:00.2: [8086:3452] type 00 class 0x088000
[    1.834694] pci 0000:fe:00.3: [8086:0998] type 00 class 0x060000
[    1.834763] pci 0000:fe:00.5: [8086:3455] type 00 class 0x088000
[    1.834834] pci 0000:fe:02.0: [8086:3440] type 00 class 0x088000
[    1.834959] pci 0000:fe:02.1: [8086:3441] type 00 class 0x088000
[    1.835084] pci 0000:fe:02.2: [8086:3442] type 00 class 0x088000
[    1.835201] pci 0000:fe:03.0: [8086:3440] type 00 class 0x088000
[    1.835293] pci 0000:fe:03.1: [8086:3441] type 00 class 0x088000
[    1.835380] pci 0000:fe:03.2: [8086:3442] type 00 class 0x088000
[    1.835471] pci 0000:fe:04.0: [8086:3440] type 00 class 0x088000
[    1.835600] pci 0000:fe:04.1: [8086:3441] type 00 class 0x088000
[    1.835727] pci 0000:fe:04.2: [8086:3442] type 00 class 0x088000
[    1.835852] pci 0000:fe:04.3: [8086:3443] type 00 class 0x088000
[    1.835988] pci 0000:fe:05.0: [8086:3445] type 00 class 0x088000
[    1.836113] pci 0000:fe:05.1: [8086:3446] type 00 class 0x088000
[    1.836233] pci 0000:fe:05.2: [8086:3447] type 00 class 0x088000
[    1.836355] pci 0000:fe:06.0: [8086:3445] type 00 class 0x088000
[    1.836449] pci 0000:fe:06.1: [8086:3446] type 00 class 0x088000
[    1.836538] pci 0000:fe:06.2: [8086:3447] type 00 class 0x088000
[    1.836632] pci 0000:fe:07.0: [8086:3445] type 00 class 0x088000
[    1.836764] pci 0000:fe:07.1: [8086:3446] type 00 class 0x088000
[    1.836897] pci 0000:fe:07.2: [8086:3447] type 00 class 0x088000
[    1.837024] pci 0000:fe:0b.0: [8086:3448] type 00 class 0x088000
[    1.837102] pci 0000:fe:0b.1: [8086:3448] type 00 class 0x088000
[    1.837176] pci 0000:fe:0b.2: [8086:344b] type 00 class 0x088000
[    1.837256] pci 0000:fe:0c.0: [8086:344a] type 00 class 0x110100
[    1.837359] pci 0000:fe:0d.0: [8086:344a] type 00 class 0x110100
[    1.837455] pci 0000:fe:0e.0: [8086:344a] type 00 class 0x110100
[    1.837609] pci 0000:fe:0f.0: [8086:344a] type 00 class 0x110100
[    1.837779] pci 0000:fe:1a.0: [8086:2880] type 00 class 0x110100
[    1.837878] pci 0000:fe:1b.0: [8086:2880] type 00 class 0x110100
[    1.837973] pci 0000:fe:1c.0: [8086:2880] type 00 class 0x110100
[    1.838133] pci 0000:fe:1d.0: [8086:2880] type 00 class 0x110100
[    1.838294] pci_bus 0000:fe: on NUMA node 1
[    1.838366] ACPI: PCI Root Bridge [UC17] (domain 0000 [bus ff])
[    1.838368] acpi PNP0A03:03: _OSC: OS supports [ExtendedConfig ASPM ClockPM Segments MSI HPX-Type3]
[    1.838444] acpi PNP0A03:03: PCIe AER handled by firmware
[    1.838533] acpi PNP0A03:03: _OSC: platform does not support [SHPCHotplug LTR]
[    1.838704] acpi PNP0A03:03: _OSC: OS now controls [PCIeHotplug PME PCIeCapability]
[    1.838704] acpi PNP0A03:03: FADT indicates ASPM is unsupported, using BIOS configuration
[    1.838846] PCI host bridge to bus 0000:ff
[    1.838847] pci_bus 0000:ff: root bus resource [bus ff]
[    1.838857] pci 0000:ff:00.0: [8086:344c] type 00 class 0x088000
[    1.838973] pci 0000:ff:00.1: [8086:344c] type 00 class 0x088000
[    1.839092] pci 0000:ff:00.2: [8086:344c] type 00 class 0x088000
[    1.839198] pci 0000:ff:00.3: [8086:344c] type 00 class 0x088000
[    1.839330] pci 0000:ff:00.4: [8086:344c] type 00 class 0x088000
[    1.839454] pci 0000:ff:00.5: [8086:344c] type 00 class 0x088000
[    1.839556] pci 0000:ff:00.6: [8086:344c] type 00 class 0x088000
[    1.839689] pci 0000:ff:00.7: [8086:344c] type 00 class 0x088000
[    1.839821] pci 0000:ff:01.0: [8086:344c] type 00 class 0x088000
[    1.839961] pci 0000:ff:01.1: [8086:344c] type 00 class 0x088000
[    1.840094] pci 0000:ff:01.2: [8086:344c] type 00 class 0x088000
[    1.840184] pci 0000:ff:01.3: [8086:344c] type 00 class 0x088000
[    1.840331] pci 0000:ff:01.4: [8086:344c] type 00 class 0x088000
[    1.840476] pci 0000:ff:01.5: [8086:344c] type 00 class 0x088000
[    1.840624] pci 0000:ff:01.6: [8086:344c] type 00 class 0x088000
[    1.840757] pci 0000:ff:01.7: [8086:344c] type 00 class 0x088000
[    1.840897] pci 0000:ff:02.0: [8086:344c] type 00 class 0x088000
[    1.841039] pci 0000:ff:02.1: [8086:344c] type 00 class 0x088000
[    1.841177] pci 0000:ff:02.2: [8086:344c] type 00 class 0x088000
[    1.841322] pci 0000:ff:02.3: [8086:344c] type 00 class 0x088000
[    1.841471] pci 0000:ff:02.4: [8086:344c] type 00 class 0x088000
[    1.841614] pci 0000:ff:02.5: [8086:344c] type 00 class 0x088000
[    1.841765] pci 0000:ff:02.6: [8086:344c] type 00 class 0x088000
[    1.841912] pci 0000:ff:02.7: [8086:344c] type 00 class 0x088000
[    1.842071] pci 0000:ff:03.0: [8086:344c] type 00 class 0x088000
[    1.842235] pci 0000:ff:03.1: [8086:344c] type 00 class 0x088000
[    1.842391] pci 0000:ff:03.2: [8086:344c] type 00 class 0x088000
[    1.842559] pci 0000:ff:03.3: [8086:344c] type 00 class 0x088000
[    1.842736] pci 0000:ff:0a.0: [8086:344d] type 00 class 0x088000
[    1.842850] pci 0000:ff:0a.1: [8086:344d] type 00 class 0x088000
[    1.842969] pci 0000:ff:0a.2: [8086:344d] type 00 class 0x088000
[    1.843076] pci 0000:ff:0a.3: [8086:344d] type 00 class 0x088000
[    1.843203] pci 0000:ff:0a.4: [8086:344d] type 00 class 0x088000
[    1.843327] pci 0000:ff:0a.5: [8086:344d] type 00 class 0x088000
[    1.843430] pci 0000:ff:0a.6: [8086:344d] type 00 class 0x088000
[    1.843562] pci 0000:ff:0a.7: [8086:344d] type 00 class 0x088000
[    1.843699] pci 0000:ff:0b.0: [8086:344d] type 00 class 0x088000
[    1.843840] pci 0000:ff:0b.1: [8086:344d] type 00 class 0x088000
[    1.843973] pci 0000:ff:0b.2: [8086:344d] type 00 class 0x088000
[    1.844064] pci 0000:ff:0b.3: [8086:344d] type 00 class 0x088000
[    1.844207] pci 0000:ff:0b.4: [8086:344d] type 00 class 0x088000
[    1.844351] pci 0000:ff:0b.5: [8086:344d] type 00 class 0x088000
[    1.844497] pci 0000:ff:0b.6: [8086:344d] type 00 class 0x088000
[    1.844631] pci 0000:ff:0b.7: [8086:344d] type 00 class 0x088000
[    1.844774] pci 0000:ff:0c.0: [8086:344d] type 00 class 0x088000
[    1.844916] pci 0000:ff:0c.1: [8086:344d] type 00 class 0x088000
[    1.845056] pci 0000:ff:0c.2: [8086:344d] type 00 class 0x088000
[    1.845202] pci 0000:ff:0c.3: [8086:344d] type 00 class 0x088000
[    1.845344] pci 0000:ff:0c.4: [8086:344d] type 00 class 0x088000
[    1.845488] pci 0000:ff:0c.5: [8086:344d] type 00 class 0x088000
[    1.845639] pci 0000:ff:0c.6: [8086:344d] type 00 class 0x088000
[    1.845786] pci 0000:ff:0c.7: [8086:344d] type 00 class 0x088000
[    1.845951] pci 0000:ff:0d.0: [8086:344d] type 00 class 0x088000
[    1.846113] pci 0000:ff:0d.1: [8086:344d] type 00 class 0x088000
[    1.846267] pci 0000:ff:0d.2: [8086:344d] type 00 class 0x088000
[    1.846432] pci 0000:ff:0d.3: [8086:344d] type 00 class 0x088000
[    1.846614] pci 0000:ff:1d.0: [8086:344f] type 00 class 0x088000
[    1.846736] pci 0000:ff:1d.1: [8086:3457] type 00 class 0x088000
[    1.846857] pci 0000:ff:1e.0: [8086:3458] type 00 class 0x088000
[    1.846938] pci 0000:ff:1e.1: [8086:3459] type 00 class 0x088000
[    1.847021] pci 0000:ff:1e.2: [8086:345a] type 00 class 0x088000
[    1.847099] pci 0000:ff:1e.3: [8086:345b] type 00 class 0x088000
[    1.847174] pci 0000:ff:1e.4: [8086:345c] type 00 class 0x088000
[    1.847252] pci 0000:ff:1e.5: [8086:345d] type 00 class 0x088000
[    1.847329] pci 0000:ff:1e.6: [8086:345e] type 00 class 0x088000
[    1.847405] pci 0000:ff:1e.7: [8086:345f] type 00 class 0x088000
[    1.847481] pci_bus 0000:ff: on NUMA node 1
[    1.849869] HMAT: Memory (0x0 length 0x80000000) Flags:0003 Processor Domain:0 Memory Domain:0
[    1.849869] HMAT: Memory (0x100000000 length 0xf80000000) Flags:0003 Processor Domain:0 Memory Domain:0
[    1.849869] HMAT: Memory (0x2080000000 length 0x7e00000000) Flags:0003 Processor Domain:0 Memory Domain:2
[    1.849869] HMAT: Memory (0x1080000000 length 0x1000000000) Flags:0003 Processor Domain:1 Memory Domain:1
[    1.849869] HMAT: Memory (0x9e80000000 length 0x7e00000000) Flags:0003 Processor Domain:1 Memory Domain:3
[    1.849869] HMAT: Locality: Flags:00 Type:Read Latency Initiator Domains:2 Target Domains:4 Base:100
[    1.849869]   Initiator-Target[0-0]:7600 nsec
[    1.849869]   Initiator-Target[0-1]:13560 nsec
[    1.849869]   Initiator-Target[0-2]:25350 nsec
[    1.849869]   Initiator-Target[0-3]:31600 nsec
[    1.849869]   Initiator-Target[1-0]:13560 nsec
[    1.849869]   Initiator-Target[1-1]:7600 nsec
[    1.849869]   Initiator-Target[1-2]:31600 nsec
[    1.849869]   Initiator-Target[1-3]:25350 nsec
[    1.849869] HMAT: Locality: Flags:00 Type:Write Latency Initiator Domains:2 Target Domains:4 Base:100
[    1.849869]   Initiator-Target[0-0]:7600 nsec
[    1.849869]   Initiator-Target[0-1]:13560 nsec
[    1.849869]   Initiator-Target[0-2]:25350 nsec
[    1.849869]   Initiator-Target[0-3]:31600 nsec
[    1.849869]   Initiator-Target[1-0]:13560 nsec
[    1.849869]   Initiator-Target[1-1]:7600 nsec
[    1.849869]   Initiator-Target[1-2]:31600 nsec
[    1.849869]   Initiator-Target[1-3]:25350 nsec
[    1.849869] HMAT: Locality: Flags:00 Type:Read Bandwidth Initiator Domains:2 Target Domains:4 Base:1
[    1.849869]   Initiator-Target[0-0]:1790 MB/s
[    1.849869]   Initiator-Target[0-1]:1790 MB/s
[    1.849869]   Initiator-Target[0-2]:463 MB/s
[    1.849869]   Initiator-Target[0-3]:463 MB/s
[    1.849869]   Initiator-Target[1-0]:1790 MB/s
[    1.849869]   Initiator-Target[1-1]:1790 MB/s
[    1.849869]   Initiator-Target[1-2]:463 MB/s
[    1.849869]   Initiator-Target[1-3]:463 MB/s
[    1.849869] HMAT: Locality: Flags:00 Type:Write Bandwidth Initiator Domains:2 Target Domains:4 Base:1
[    1.849869]   Initiator-Target[0-0]:1910 MB/s
[    1.849869]   Initiator-Target[0-1]:1910 MB/s
[    1.849869]   Initiator-Target[0-2]:138 MB/s
[    1.849869]   Initiator-Target[0-3]:138 MB/s
[    1.849869]   Initiator-Target[1-0]:1910 MB/s
[    1.849869]   Initiator-Target[1-1]:1910 MB/s
[    1.849869]   Initiator-Target[1-2]:138 MB/s
[    1.849869]   Initiator-Target[1-3]:138 MB/s
[    1.849869] WARNING: CPU: 58 PID: 1 at drivers/base/node.c:191 node_set_perf_attrs+0x90/0xb0
[    1.849869] Modules linked in:
[    1.849869] CPU: 58 PID: 1 Comm: swapper/0 Not tainted 5.3.1-multiclock #1
[    1.849869] Hardware name: Dell Inc. PowerEdge R750/0K8F35, BIOS 1.10.2 03/03/2023
[    1.849869] RIP: 0010:node_set_perf_attrs+0x90/0xb0
[    1.849869] Code: f4 02 00 00 4c 89 ea 4c 89 e7 e8 bb bf c7 ff 85 c0 75 24 48 83 c3 08 48 8b 33 48 85 f6 75 e5 5b 41 5a 41 5c 41 5d 41 5e 5d c3 <0f> 0b 5b 41 5a 41 5c 41 5d 41 5e 5d c3 44 89 f6 48 c7 c7 70 5b fa
[    1.849869] RSP: 0000:ffffb8fec0117d80 EFLAGS: 00010246
[    1.849869] RAX: 0000000000000002 RBX: 0000000000000003 RCX: 0000000000000000
[    1.849869] RDX: 0000000000000000 RSI: ffff9fb65655fed8 RDI: 0000000000000002
[    1.849869] RBP: ffffb8fec0117da8 R08: ffff9fa5cb6b8c50 R09: 0000000000000000
[    1.849869] R10: ffff9fa5d32181b8 R11: ffff9fa5d34744f0 R12: ffff9fb65655fec0
[    1.849869] R13: ffffffffb16db310 R14: 0000000000000005 R15: ffffffffb1495806
[    1.849869] FS:  0000000000000000(0000) GS:ffff9fa5d3f40000(0000) knlGS:0000000000000000
[    1.849869] CS:  0010 DS: 0000 ES: 0000 CR0: 0000000080050033
[    1.849869] CR2: 0000000000000000 CR3: 0000000ac420a001 CR4: 0000000000760ee0
[    1.849869] DR0: 0000000000000000 DR1: 0000000000000000 DR2: 0000000000000000
[    1.849869] DR3: 0000000000000000 DR6: 00000000fffe0ff0 DR7: 0000000000000400
[    1.849869] PKRU: 55555554
[    1.849869] Call Trace:
[    1.849869]  hmat_init+0x32a/0x43c
[    1.849869]  ? hmat_parse_subtable+0x503/0x503
[    1.849869]  ? set_debug_rodata+0x17/0x17
[    1.849869]  do_one_initcall+0x4a/0x1fa
[    1.849869]  kernel_init_freeable+0x1c6/0x26d
[    1.849869]  ? rest_init+0xb0/0xb0
[    1.849869]  kernel_init+0xe/0x110
[    1.849869]  ret_from_fork+0x1f/0x40
[    1.849869] ---[ end trace ea06704060f41db6 ]---
[    1.849887] pci 0000:03:00.0: vgaarb: setting as boot VGA device
[    1.849887] pci 0000:03:00.0: vgaarb: VGA device added: decodes=io+mem,owns=io+mem,locks=none
[    1.849941] pci 0000:03:00.0: vgaarb: bridge control possible
[    1.849942] vgaarb: loaded
[    1.850121] SCSI subsystem initialized
[    1.850261] libata version 3.00 loaded.
[    1.850261] ACPI: bus type USB registered
[    1.850261] usbcore: registered new interface driver usbfs
[    1.850261] usbcore: registered new interface driver hub
[    1.850261] usbcore: registered new device driver usb
[    1.850261] pps_core: LinuxPPS API ver. 1 registered
[    1.850261] pps_core: Software ver. 5.3.6 - Copyright 2005-2007 Rodolfo Giometti <giometti@linux.it>
[    1.850261] PTP clock support registered
[    1.850365] EDAC MC: Ver: 3.0.0
[    1.853891] Registered efivars operations
[    1.853895] PCI: Using ACPI for IRQ routing
[    1.854723] PCI: pci_cache_line_size set to 64 bytes
[    1.855281] e820: reserve RAM buffer [mem 0x0008f000-0x0008ffff]
[    1.855282] e820: reserve RAM buffer [mem 0x47bdd020-0x47ffffff]
[    1.855283] e820: reserve RAM buffer [mem 0x47c0f020-0x47ffffff]
[    1.855283] e820: reserve RAM buffer [mem 0x47c42020-0x47ffffff]
[    1.855284] e820: reserve RAM buffer [mem 0x47c75020-0x47ffffff]
[    1.855285] e820: reserve RAM buffer [mem 0x49e77000-0x4bffffff]
[    1.855285] e820: reserve RAM buffer [mem 0x4b2cf000-0x4bffffff]
[    1.855286] e820: reserve RAM buffer [mem 0x4bd94000-0x4bffffff]
[    1.855287] e820: reserve RAM buffer [mem 0x4ce00000-0x4fffffff]
[    1.855287] e820: reserve RAM buffer [mem 0x5eefe000-0x5fffffff]
[    1.855288] e820: reserve RAM buffer [mem 0x6f800000-0x6fffffff]
[    1.857870] NetLabel: Initializing
[    1.857870] NetLabel:  domain hash size = 128
[    1.857870] NetLabel:  protocols = UNLABELED CIPSOv4 CALIPSO
[    1.857870] NetLabel:  unlabeled traffic allowed by default
[    1.859205] hpet0: at MMIO 0xfed00000, IRQs 2, 8, 0, 0, 0, 0, 0, 0
[    1.859207] hpet0: 8 comparators, 64-bit 24.000000 MHz counter
[    1.861926] clocksource: Switched to clocksource tsc-early
[    1.872983] VFS: Disk quotas dquot_6.6.0
[    1.873023] VFS: Dquot-cache hash table entries: 512 (order 0, 4096 bytes)
[    1.873310] *** VALIDATE hugetlbfs ***
[    1.873460] AppArmor: AppArmor Filesystem Enabled
[    1.873476] pnp: PnP ACPI init
[    1.888916] pnp 00:00: Plug and Play ACPI device, IDs PNP0b00 (active)
[    1.889073] system 00:01: [io  0x0500-0x05fe] has been reserved
[    1.889075] system 00:01: [io  0x0400-0x041f] has been reserved
[    1.889076] system 00:01: [io  0x0600-0x061f] has been reserved
[    1.889077] system 00:01: [io  0x0ca0-0x0ca1] has been reserved
[    1.889078] system 00:01: [io  0x0ca4-0x0ca6] has been reserved
[    1.889080] system 00:01: [mem 0xff000000-0xffffffff] has been reserved
[    1.889083] system 00:01: Plug and Play ACPI device, IDs PNP0c02 (active)
[    1.889327] pnp 00:02: Plug and Play ACPI device, IDs PNP0501 (active)
[    1.889531] pnp 00:03: Plug and Play ACPI device, IDs PNP0501 (active)
[    1.889686] system 00:04: [mem 0xfd000000-0xfdabffff] has been reserved
[    1.889687] system 00:04: [mem 0xfdad0000-0xfdadffff] has been reserved
[    1.889688] system 00:04: [mem 0xfdb00000-0xfdffffff] has been reserved
[    1.889690] system 00:04: [mem 0xfe000000-0xfe00ffff] has been reserved
[    1.889691] system 00:04: [mem 0xfe011000-0xfe01ffff] has been reserved
[    1.889692] system 00:04: [mem 0xfe036000-0xfe03bfff] has been reserved
[    1.889693] system 00:04: [mem 0xfe03d000-0xfe3fffff] has been reserved
[    1.889694] system 00:04: [mem 0xfe410000-0xfe7fffff] has been reserved
[    1.889696] system 00:04: Plug and Play ACPI device, IDs PNP0c02 (active)
[    1.890027] system 00:05: [io  0x1000-0x10fe] has been reserved
[    1.890029] system 00:05: Plug and Play ACPI device, IDs PNP0c02 (active)
[    1.891020] pnp: PnP ACPI: found 6 devices
[    1.892170] thermal_sys: Registered thermal governor 'fair_share'
[    1.892171] thermal_sys: Registered thermal governor 'bang_bang'
[    1.892171] thermal_sys: Registered thermal governor 'step_wise'
[    1.892172] thermal_sys: Registered thermal governor 'user_space'
[    1.892172] thermal_sys: Registered thermal governor 'power_allocator'
[    1.896664] clocksource: acpi_pm: mask: 0xffffff max_cycles: 0xffffff, max_idle_ns: 2085701024 ns
[    1.896687] pci 0000:04:00.0: can't claim BAR 6 [mem 0xfffc0000-0xffffffff pref]: no compatible bridge window
[    1.896688] pci 0000:04:00.1: can't claim BAR 6 [mem 0xfffc0000-0xffffffff pref]: no compatible bridge window
[    1.896689] pci 0000:17:00.0: can't claim BAR 6 [mem 0xfff00000-0xffffffff pref]: no compatible bridge window
[    1.896704] pci 0000:00:1c.5: BAR 14: assigned [mem 0x90000000-0x900fffff]
[    1.896706] pci 0000:00:1c.0: PCI bridge to [bus 01]
[    1.896715] pci 0000:02:00.0: PCI bridge to [bus 03]
[    1.896720] pci 0000:02:00.0:   bridge window [mem 0x92000000-0x928fffff]
[    1.896723] pci 0000:02:00.0:   bridge window [mem 0x91000000-0x91ffffff 64bit pref]
[    1.896729] pci 0000:00:1c.4: PCI bridge to [bus 02-03]
[    1.896732] pci 0000:00:1c.4:   bridge window [mem 0x92000000-0x928fffff]
[    1.896734] pci 0000:00:1c.4:   bridge window [mem 0x91000000-0x91ffffff 64bit pref]
[    1.896739] pci 0000:04:00.0: BAR 6: assigned [mem 0x90000000-0x9003ffff pref]
[    1.896740] pci 0000:04:00.1: BAR 6: assigned [mem 0x90040000-0x9007ffff pref]
[    1.896741] pci 0000:00:1c.5: PCI bridge to [bus 04]
[    1.896744] pci 0000:00:1c.5:   bridge window [mem 0x90000000-0x900fffff]
[    1.896746] pci 0000:00:1c.5:   bridge window [mem 0x92900000-0x929fffff 64bit pref]
[    1.896750] pci_bus 0000:00: resource 4 [io  0x0000-0x0cf7 window]
[    1.896751] pci_bus 0000:00: resource 5 [io  0x1000-0x4fff window]
[    1.896752] pci_bus 0000:00: resource 6 [mem 0x000a0000-0x000bffff window]
[    1.896753] pci_bus 0000:00: resource 7 [mem 0x000c8000-0x000cffff window]
