[    0.000000] Linux version 5.15.0-tiering-0.8 (xmu@xmu-PowerEdge-R750) (gcc (Ubuntu 8.4.0-1ubuntu1~18.04) 8.4.0, GNU ld (GNU Binutils for Ubuntu) 2.30) #1 SMP Thu Apr 18 19:37:58 CST 2024
[    0.000000] Command line: BOOT_IMAGE=/boot/vmlinuz-5.15.0-tiering-0.8 root=UUID=ce0c24b8-724b-4f33-9b2c-618433560aef ro memmap=7776M!4096M memmap=59G!64G quiet splash nomodeset vt.handoff=1
[    0.000000] KERNEL supported cpus:
[    0.000000]   Intel GenuineIntel
[    0.000000]   AMD AuthenticAMD
[    0.000000]   Hygon HygonGenuine
[    0.000000]   Centaur CentaurHauls
[    0.000000]   zhaoxin   Shanghai  
[    0.000000] x86/split lock detection: #AC: crashing the kernel on kernel split_locks and warning on user-space split_locks
[    0.000000] x86/fpu: Supporting XSAVE feature 0x001: 'x87 floating point registers'
[    0.000000] x86/fpu: Supporting XSAVE feature 0x002: 'SSE registers'
[    0.000000] x86/fpu: Supporting XSAVE feature 0x004: 'AVX registers'
[    0.000000] x86/fpu: Supporting XSAVE feature 0x020: 'AVX-512 opmask'
[    0.000000] x86/fpu: Supporting XSAVE feature 0x040: 'AVX-512 Hi256'
[    0.000000] x86/fpu: Supporting XSAVE feature 0x080: 'AVX-512 ZMM_Hi256'
[    0.000000] x86/fpu: Supporting XSAVE feature 0x200: 'Protection Keys User registers'
[    0.000000] x86/fpu: xstate_offset[2]:  576, xstate_sizes[2]:  256
[    0.000000] x86/fpu: xstate_offset[5]:  832, xstate_sizes[5]:   64
[    0.000000] x86/fpu: xstate_offset[6]:  896, xstate_sizes[6]:  512
[    0.000000] x86/fpu: xstate_offset[7]: 1408, xstate_sizes[7]: 1024
[    0.000000] x86/fpu: xstate_offset[9]: 2432, xstate_sizes[9]:    8
[    0.000000] x86/fpu: Enabled xstate features 0x2e7, context size is 2440 bytes, using 'compacted' format.
[    0.000000] signal: max sigframe size: 3632
[    0.000000] BIOS-provided physical RAM map:
[    0.000000] BIOS-e820: [mem 0x0000000000000000-0x000000000008efff] usable
[    0.000000] BIOS-e820: [mem 0x000000000008f000-0x000000000008ffff] reserved
[    0.000000] BIOS-e820: [mem 0x0000000000090000-0x000000000009ffff] usable
[    0.000000] BIOS-e820: [mem 0x00000000000a0000-0x00000000000fffff] reserved
[    0.000000] BIOS-e820: [mem 0x0000000000100000-0x0000000049e76fff] usable
[    0.000000] BIOS-e820: [mem 0x0000000049e77000-0x000000004ae76fff] ACPI NVS
[    0.000000] BIOS-e820: [mem 0x000000004ae77000-0x000000004b2cefff] usable
[    0.000000] BIOS-e820: [mem 0x000000004b2cf000-0x000000004b54dfff] ACPI data
[    0.000000] BIOS-e820: [mem 0x000000004b54e000-0x000000004bd93fff] usable
[    0.000000] BIOS-e820: [mem 0x000000004bd94000-0x000000004be99fff] reserved
[    0.000000] BIOS-e820: [mem 0x000000004be9a000-0x000000004cdfffff] usable
[    0.000000] BIOS-e820: [mem 0x000000004ce00000-0x000000004cffffff] reserved
[    0.000000] BIOS-e820: [mem 0x000000004d000000-0x000000005eefdfff] usable
[    0.000000] BIOS-e820: [mem 0x000000005eefe000-0x000000006e3fefff] reserved
[    0.000000] BIOS-e820: [mem 0x000000006e3ff000-0x000000006f3fefff] ACPI NVS
[    0.000000] BIOS-e820: [mem 0x000000006f3ff000-0x000000006f7fefff] ACPI data
[    0.000000] BIOS-e820: [mem 0x000000006f7ff000-0x000000006f7fffff] usable
[    0.000000] BIOS-e820: [mem 0x000000006f800000-0x000000008fffffff] reserved
[    0.000000] BIOS-e820: [mem 0x00000000fe000000-0x00000000fe010fff] reserved
[    0.000000] BIOS-e820: [mem 0x0000000100000000-0x000000207fffffff] usable
[    0.000000] BIOS-e820: [mem 0x0000002080000000-0x0000011c7fffffff] persistent (type 7)
[    0.000000] BIOS-e820: [mem 0x00001ffc00000000-0x00001fffffffffff] reserved
[    0.000000] NX (Execute Disable) protection: active
[    0.000000] e820: update [mem 0x46d5d020-0x46d6505f] usable ==> usable
[    0.000000] e820: update [mem 0x46d5d020-0x46d6505f] usable ==> usable
[    0.000000] e820: update [mem 0x46d2a020-0x46d5cc5f] usable ==> usable
[    0.000000] e820: update [mem 0x46d2a020-0x46d5cc5f] usable ==> usable
[    0.000000] e820: update [mem 0x46cf7020-0x46d29c5f] usable ==> usable
[    0.000000] e820: update [mem 0x46cf7020-0x46d29c5f] usable ==> usable
[    0.000000] e820: update [mem 0x46cc5020-0x46cf6a5f] usable ==> usable
[    0.000000] e820: update [mem 0x46cc5020-0x46cf6a5f] usable ==> usable
[    0.000000] extended physical RAM map:
[    0.000000] reserve setup_data: [mem 0x0000000000000000-0x000000000008efff] usable
[    0.000000] reserve setup_data: [mem 0x000000000008f000-0x000000000008ffff] reserved
[    0.000000] reserve setup_data: [mem 0x0000000000090000-0x000000000009ffff] usable
[    0.000000] reserve setup_data: [mem 0x00000000000a0000-0x00000000000fffff] reserved
[    0.000000] reserve setup_data: [mem 0x0000000000100000-0x0000000046cc501f] usable
[    0.000000] reserve setup_data: [mem 0x0000000046cc5020-0x0000000046cf6a5f] usable
[    0.000000] reserve setup_data: [mem 0x0000000046cf6a60-0x0000000046cf701f] usable
[    0.000000] reserve setup_data: [mem 0x0000000046cf7020-0x0000000046d29c5f] usable
[    0.000000] reserve setup_data: [mem 0x0000000046d29c60-0x0000000046d2a01f] usable
[    0.000000] reserve setup_data: [mem 0x0000000046d2a020-0x0000000046d5cc5f] usable
[    0.000000] reserve setup_data: [mem 0x0000000046d5cc60-0x0000000046d5d01f] usable
[    0.000000] reserve setup_data: [mem 0x0000000046d5d020-0x0000000046d6505f] usable
[    0.000000] reserve setup_data: [mem 0x0000000046d65060-0x0000000049e76fff] usable
[    0.000000] reserve setup_data: [mem 0x0000000049e77000-0x000000004ae76fff] ACPI NVS
[    0.000000] reserve setup_data: [mem 0x000000004ae77000-0x000000004b2cefff] usable
[    0.000000] reserve setup_data: [mem 0x000000004b2cf000-0x000000004b54dfff] ACPI data
[    0.000000] reserve setup_data: [mem 0x000000004b54e000-0x000000004bd93fff] usable
[    0.000000] reserve setup_data: [mem 0x000000004bd94000-0x000000004be99fff] reserved
[    0.000000] reserve setup_data: [mem 0x000000004be9a000-0x000000004cdfffff] usable
[    0.000000] reserve setup_data: [mem 0x000000004ce00000-0x000000004cffffff] reserved
[    0.000000] reserve setup_data: [mem 0x000000004d000000-0x000000005eefdfff] usable
[    0.000000] reserve setup_data: [mem 0x000000005eefe000-0x000000006e3fefff] reserved
[    0.000000] reserve setup_data: [mem 0x000000006e3ff000-0x000000006f3fefff] ACPI NVS
[    0.000000] reserve setup_data: [mem 0x000000006f3ff000-0x000000006f7fefff] ACPI data
[    0.000000] reserve setup_data: [mem 0x000000006f7ff000-0x000000006f7fffff] usable
[    0.000000] reserve setup_data: [mem 0x000000006f800000-0x000000008fffffff] reserved
[    0.000000] reserve setup_data: [mem 0x00000000fe000000-0x00000000fe010fff] reserved
[    0.000000] reserve setup_data: [mem 0x0000000100000000-0x00000002e5ffffff] persistent (type 12)
[    0.000000] reserve setup_data: [mem 0x00000002e6000000-0x0000000fffffffff] usable
[    0.000000] reserve setup_data: [mem 0x0000001000000000-0x0000001ebfffffff] persistent (type 12)
[    0.000000] reserve setup_data: [mem 0x0000001ec0000000-0x000000207fffffff] usable
[    0.000000] reserve setup_data: [mem 0x0000002080000000-0x0000011c7fffffff] persistent (type 7)
[    0.000000] reserve setup_data: [mem 0x00001ffc00000000-0x00001fffffffffff] reserved
[    0.000000] user-defined physical RAM map:
[    0.000000] user: [mem 0x0000000000000000-0x000000000008efff] usable
[    0.000000] user: [mem 0x000000000008f000-0x000000000008ffff] reserved
[    0.000000] user: [mem 0x0000000000090000-0x000000000009ffff] usable
[    0.000000] user: [mem 0x00000000000a0000-0x00000000000fffff] reserved
[    0.000000] user: [mem 0x0000000000100000-0x0000000046cc501f] usable
[    0.000000] user: [mem 0x0000000046cc5020-0x0000000046cf6a5f] usable
[    0.000000] user: [mem 0x0000000046cf6a60-0x0000000046cf701f] usable
[    0.000000] user: [mem 0x0000000046cf7020-0x0000000046d29c5f] usable
[    0.000000] user: [mem 0x0000000046d29c60-0x0000000046d2a01f] usable
[    0.000000] user: [mem 0x0000000046d2a020-0x0000000046d5cc5f] usable
[    0.000000] user: [mem 0x0000000046d5cc60-0x0000000046d5d01f] usable
[    0.000000] user: [mem 0x0000000046d5d020-0x0000000046d6505f] usable
[    0.000000] user: [mem 0x0000000046d65060-0x0000000049e76fff] usable
[    0.000000] user: [mem 0x0000000049e77000-0x000000004ae76fff] ACPI NVS
[    0.000000] user: [mem 0x000000004ae77000-0x000000004b2cefff] usable
[    0.000000] user: [mem 0x000000004b2cf000-0x000000004b54dfff] ACPI data
[    0.000000] user: [mem 0x000000004b54e000-0x000000004bd93fff] usable
[    0.000000] user: [mem 0x000000004bd94000-0x000000004be99fff] reserved
[    0.000000] user: [mem 0x000000004be9a000-0x000000004cdfffff] usable
[    0.000000] user: [mem 0x000000004ce00000-0x000000004cffffff] reserved
[    0.000000] user: [mem 0x000000004d000000-0x000000005eefdfff] usable
[    0.000000] user: [mem 0x000000005eefe000-0x000000006e3fefff] reserved
[    0.000000] user: [mem 0x000000006e3ff000-0x000000006f3fefff] ACPI NVS
[    0.000000] user: [mem 0x000000006f3ff000-0x000000006f7fefff] ACPI data
[    0.000000] user: [mem 0x000000006f7ff000-0x000000006f7fffff] usable
[    0.000000] user: [mem 0x000000006f800000-0x000000008fffffff] reserved
[    0.000000] user: [mem 0x00000000fe000000-0x00000000fe010fff] reserved
[    0.000000] user: [mem 0x0000000100000000-0x00000002e5ffffff] persistent (type 12)
[    0.000000] user: [mem 0x00000002e6000000-0x0000000fffffffff] usable
[    0.000000] user: [mem 0x0000001000000000-0x0000001ebfffffff] persistent (type 12)
[    0.000000] user: [mem 0x0000001ec0000000-0x000000207fffffff] usable
[    0.000000] user: [mem 0x0000002080000000-0x0000011c7fffffff] persistent (type 7)
[    0.000000] user: [mem 0x00001ffc00000000-0x00001fffffffffff] reserved
[    0.000000] efi: EFI v2.70 by Dell Inc.
[    0.000000] efi: ACPI=0x6f7fe000 ACPI 2.0=0x6f7fe014 MEMATTR=0x5b070020 SMBIOS=0x69526000 SMBIOS 3.0=0x69524000 MOKvar=0x5ef81000 RNG=0x5ef8a920 
[    0.000000] efi: seeding entropy pool
[    0.000000] random: fast init done
[    0.000000] SMBIOS 3.3.0 present.
[    0.000000] DMI: Dell Inc. PowerEdge R750/0K8F35, BIOS 1.10.2 03/03/2023
[    0.000000] tsc: Detected 2000.000 MHz processor
[    0.000006] e820: update [mem 0x00000000-0x00000fff] usable ==> reserved
[    0.000009] e820: remove [mem 0x000a0000-0x000fffff] usable
[    0.000017] last_pfn = 0x2080000 max_arch_pfn = 0x400000000
[    0.000191] x86/PAT: Configuration [0-7]: WB  WC  UC- UC  WB  WP  UC- WT  
[    0.002780] total RAM covered: 2095088M
[    0.002863]  gran_size: 64K 	chunk_size: 64K 	num_reg: 10  	lose cover RAM: 2016G
[    0.002866]  gran_size: 64K 	chunk_size: 128K 	num_reg: 10  	lose cover RAM: 2016G
[    0.002868]  gran_size: 64K 	chunk_size: 256K 	num_reg: 10  	lose cover RAM: 2016G
[    0.002869]  gran_size: 64K 	chunk_size: 512K 	num_reg: 10  	lose cover RAM: 2016G
[    0.002870]  gran_size: 64K 	chunk_size: 1M 	num_reg: 10  	lose cover RAM: 2016G
[    0.002872]  gran_size: 64K 	chunk_size: 2M 	num_reg: 10  	lose cover RAM: 2016G
[    0.002873]  gran_size: 64K 	chunk_size: 4M 	num_reg: 10  	lose cover RAM: 2016G
[    0.002874]  gran_size: 64K 	chunk_size: 8M 	num_reg: 10  	lose cover RAM: 2016G
[    0.002876]  gran_size: 64K 	chunk_size: 16M 	num_reg: 10  	lose cover RAM: 2016G
[    0.002877]  gran_size: 64K 	chunk_size: 32M 	num_reg: 10  	lose cover RAM: 1024G
[    0.002878]  gran_size: 64K 	chunk_size: 64M 	num_reg: 10  	lose cover RAM: 1024G
[    0.002879]  gran_size: 64K 	chunk_size: 128M 	num_reg: 10  	lose cover RAM: 1024G
[    0.002881]  gran_size: 64K 	chunk_size: 256M 	num_reg: 10  	lose cover RAM: 1024G
[    0.002882]  gran_size: 64K 	chunk_size: 512M 	num_reg: 10  	lose cover RAM: 1024G
[    0.002883]  gran_size: 64K 	chunk_size: 1G 	num_reg: 10  	lose cover RAM: 1024G
[    0.002885]  gran_size: 64K 	chunk_size: 2G 	num_reg: 10  	lose cover RAM: 1024G
[    0.002886]  gran_size: 128K 	chunk_size: 128K 	num_reg: 10  	lose cover RAM: 2016G
[    0.002887]  gran_size: 128K 	chunk_size: 256K 	num_reg: 10  	lose cover RAM: 2016G
[    0.002888]  gran_size: 128K 	chunk_size: 512K 	num_reg: 10  	lose cover RAM: 2016G
[    0.002890]  gran_size: 128K 	chunk_size: 1M 	num_reg: 10  	lose cover RAM: 2016G
[    0.002891]  gran_size: 128K 	chunk_size: 2M 	num_reg: 10  	lose cover RAM: 2016G
[    0.002892]  gran_size: 128K 	chunk_size: 4M 	num_reg: 10  	lose cover RAM: 2016G
[    0.002893]  gran_size: 128K 	chunk_size: 8M 	num_reg: 10  	lose cover RAM: 2016G
[    0.002895]  gran_size: 128K 	chunk_size: 16M 	num_reg: 10  	lose cover RAM: 2016G
[    0.002896]  gran_size: 128K 	chunk_size: 32M 	num_reg: 10  	lose cover RAM: 1024G
[    0.002897]  gran_size: 128K 	chunk_size: 64M 	num_reg: 10  	lose cover RAM: 1024G
[    0.002899]  gran_size: 128K 	chunk_size: 128M 	num_reg: 10  	lose cover RAM: 1024G
[    0.002900]  gran_size: 128K 	chunk_size: 256M 	num_reg: 10  	lose cover RAM: 1024G
[    0.002901]  gran_size: 128K 	chunk_size: 512M 	num_reg: 10  	lose cover RAM: 1024G
[    0.002903]  gran_size: 128K 	chunk_size: 1G 	num_reg: 10  	lose cover RAM: 1024G
[    0.002904]  gran_size: 128K 	chunk_size: 2G 	num_reg: 10  	lose cover RAM: 1024G
[    0.002905]  gran_size: 256K 	chunk_size: 256K 	num_reg: 10  	lose cover RAM: 2016G
[    0.002907]  gran_size: 256K 	chunk_size: 512K 	num_reg: 10  	lose cover RAM: 2016G
[    0.002908]  gran_size: 256K 	chunk_size: 1M 	num_reg: 10  	lose cover RAM: 2016G
[    0.002909]  gran_size: 256K 	chunk_size: 2M 	num_reg: 10  	lose cover RAM: 2016G
[    0.002911]  gran_size: 256K 	chunk_size: 4M 	num_reg: 10  	lose cover RAM: 2016G
[    0.002912]  gran_size: 256K 	chunk_size: 8M 	num_reg: 10  	lose cover RAM: 2016G
[    0.002913]  gran_size: 256K 	chunk_size: 16M 	num_reg: 10  	lose cover RAM: 2016G
[    0.002914]  gran_size: 256K 	chunk_size: 32M 	num_reg: 10  	lose cover RAM: 1024G
[    0.002916]  gran_size: 256K 	chunk_size: 64M 	num_reg: 10  	lose cover RAM: 1024G
[    0.002917]  gran_size: 256K 	chunk_size: 128M 	num_reg: 10  	lose cover RAM: 1024G
[    0.002918]  gran_size: 256K 	chunk_size: 256M 	num_reg: 10  	lose cover RAM: 1024G
[    0.002919]  gran_size: 256K 	chunk_size: 512M 	num_reg: 10  	lose cover RAM: 1024G
[    0.002921]  gran_size: 256K 	chunk_size: 1G 	num_reg: 10  	lose cover RAM: 1024G
[    0.002922]  gran_size: 256K 	chunk_size: 2G 	num_reg: 10  	lose cover RAM: 1024G
[    0.002923]  gran_size: 512K 	chunk_size: 512K 	num_reg: 10  	lose cover RAM: 2016G
[    0.002925]  gran_size: 512K 	chunk_size: 1M 	num_reg: 10  	lose cover RAM: 2016G
[    0.002926]  gran_size: 512K 	chunk_size: 2M 	num_reg: 10  	lose cover RAM: 2016G
[    0.002928]  gran_size: 512K 	chunk_size: 4M 	num_reg: 10  	lose cover RAM: 2016G
[    0.002929]  gran_size: 512K 	chunk_size: 8M 	num_reg: 10  	lose cover RAM: 2016G
[    0.002930]  gran_size: 512K 	chunk_size: 16M 	num_reg: 10  	lose cover RAM: 2016G
[    0.002931]  gran_size: 512K 	chunk_size: 32M 	num_reg: 10  	lose cover RAM: 1024G
[    0.002932]  gran_size: 512K 	chunk_size: 64M 	num_reg: 10  	lose cover RAM: 1024G
[    0.002934]  gran_size: 512K 	chunk_size: 128M 	num_reg: 10  	lose cover RAM: 1024G
[    0.002935]  gran_size: 512K 	chunk_size: 256M 	num_reg: 10  	lose cover RAM: 1024G
[    0.002936]  gran_size: 512K 	chunk_size: 512M 	num_reg: 10  	lose cover RAM: 1024G
[    0.002937]  gran_size: 512K 	chunk_size: 1G 	num_reg: 10  	lose cover RAM: 1024G
[    0.002939]  gran_size: 512K 	chunk_size: 2G 	num_reg: 10  	lose cover RAM: 1024G
[    0.002940]  gran_size: 1M 	chunk_size: 1M 	num_reg: 10  	lose cover RAM: 2016G
[    0.002941]  gran_size: 1M 	chunk_size: 2M 	num_reg: 10  	lose cover RAM: 2016G
[    0.002943]  gran_size: 1M 	chunk_size: 4M 	num_reg: 10  	lose cover RAM: 2016G
[    0.002944]  gran_size: 1M 	chunk_size: 8M 	num_reg: 10  	lose cover RAM: 2016G
[    0.002945]  gran_size: 1M 	chunk_size: 16M 	num_reg: 10  	lose cover RAM: 2016G
[    0.002946]  gran_size: 1M 	chunk_size: 32M 	num_reg: 10  	lose cover RAM: 1024G
[    0.002947]  gran_size: 1M 	chunk_size: 64M 	num_reg: 10  	lose cover RAM: 1024G
[    0.002949]  gran_size: 1M 	chunk_size: 128M 	num_reg: 10  	lose cover RAM: 1024G
[    0.002950]  gran_size: 1M 	chunk_size: 256M 	num_reg: 10  	lose cover RAM: 1024G
[    0.002951]  gran_size: 1M 	chunk_size: 512M 	num_reg: 10  	lose cover RAM: 1024G
[    0.002952]  gran_size: 1M 	chunk_size: 1G 	num_reg: 10  	lose cover RAM: 1024G
[    0.002954]  gran_size: 1M 	chunk_size: 2G 	num_reg: 10  	lose cover RAM: 1024G
[    0.002955]  gran_size: 2M 	chunk_size: 2M 	num_reg: 10  	lose cover RAM: 2016G
[    0.002956]  gran_size: 2M 	chunk_size: 4M 	num_reg: 10  	lose cover RAM: 2016G
[    0.002957]  gran_size: 2M 	chunk_size: 8M 	num_reg: 10  	lose cover RAM: 2016G
[    0.002959]  gran_size: 2M 	chunk_size: 16M 	num_reg: 10  	lose cover RAM: 2016G
[    0.002960]  gran_size: 2M 	chunk_size: 32M 	num_reg: 10  	lose cover RAM: 1024G
[    0.002961]  gran_size: 2M 	chunk_size: 64M 	num_reg: 10  	lose cover RAM: 1024G
[    0.002963]  gran_size: 2M 	chunk_size: 128M 	num_reg: 10  	lose cover RAM: 1024G
[    0.002964]  gran_size: 2M 	chunk_size: 256M 	num_reg: 10  	lose cover RAM: 1024G
[    0.002965]  gran_size: 2M 	chunk_size: 512M 	num_reg: 10  	lose cover RAM: 1024G
[    0.002967]  gran_size: 2M 	chunk_size: 1G 	num_reg: 10  	lose cover RAM: 1024G
[    0.002968]  gran_size: 2M 	chunk_size: 2G 	num_reg: 10  	lose cover RAM: 1024G
[    0.002969]  gran_size: 4M 	chunk_size: 4M 	num_reg: 10  	lose cover RAM: 2016G
[    0.002971]  gran_size: 4M 	chunk_size: 8M 	num_reg: 10  	lose cover RAM: 2016G
[    0.002972]  gran_size: 4M 	chunk_size: 16M 	num_reg: 10  	lose cover RAM: 2016G
[    0.002973]  gran_size: 4M 	chunk_size: 32M 	num_reg: 10  	lose cover RAM: 1024G
[    0.002974]  gran_size: 4M 	chunk_size: 64M 	num_reg: 10  	lose cover RAM: 1024G
[    0.002975]  gran_size: 4M 	chunk_size: 128M 	num_reg: 10  	lose cover RAM: 1024G
[    0.002977]  gran_size: 4M 	chunk_size: 256M 	num_reg: 10  	lose cover RAM: 1024G
[    0.002978]  gran_size: 4M 	chunk_size: 512M 	num_reg: 10  	lose cover RAM: 1024G
[    0.002979]  gran_size: 4M 	chunk_size: 1G 	num_reg: 10  	lose cover RAM: 1024G
[    0.002980]  gran_size: 4M 	chunk_size: 2G 	num_reg: 10  	lose cover RAM: 1024G
[    0.002982]  gran_size: 8M 	chunk_size: 8M 	num_reg: 10  	lose cover RAM: 2016G
[    0.002983]  gran_size: 8M 	chunk_size: 16M 	num_reg: 10  	lose cover RAM: 2016G
[    0.002984]  gran_size: 8M 	chunk_size: 32M 	num_reg: 10  	lose cover RAM: 1024G
[    0.002986]  gran_size: 8M 	chunk_size: 64M 	num_reg: 10  	lose cover RAM: 1024G
[    0.002987]  gran_size: 8M 	chunk_size: 128M 	num_reg: 10  	lose cover RAM: 1024G
[    0.002988]  gran_size: 8M 	chunk_size: 256M 	num_reg: 10  	lose cover RAM: 1024G
[    0.002990]  gran_size: 8M 	chunk_size: 512M 	num_reg: 10  	lose cover RAM: 1024G
[    0.002991]  gran_size: 8M 	chunk_size: 1G 	num_reg: 10  	lose cover RAM: 1024G
[    0.002992]  gran_size: 8M 	chunk_size: 2G 	num_reg: 10  	lose cover RAM: 1024G
[    0.002994]  gran_size: 16M 	chunk_size: 16M 	num_reg: 10  	lose cover RAM: 2016G
[    0.002995]  gran_size: 16M 	chunk_size: 32M 	num_reg: 10  	lose cover RAM: 1024G
[    0.002996]  gran_size: 16M 	chunk_size: 64M 	num_reg: 10  	lose cover RAM: 1024G
[    0.002997]  gran_size: 16M 	chunk_size: 128M 	num_reg: 10  	lose cover RAM: 1024G
[    0.002999]  gran_size: 16M 	chunk_size: 256M 	num_reg: 10  	lose cover RAM: 1024G
[    0.003000]  gran_size: 16M 	chunk_size: 512M 	num_reg: 10  	lose cover RAM: 1024G
[    0.003001]  gran_size: 16M 	chunk_size: 1G 	num_reg: 10  	lose cover RAM: 1024G
[    0.003003]  gran_size: 16M 	chunk_size: 2G 	num_reg: 10  	lose cover RAM: 1024G
[    0.003004]  gran_size: 32M 	chunk_size: 32M 	num_reg: 10  	lose cover RAM: 2031632M
[    0.003005]  gran_size: 32M 	chunk_size: 64M 	num_reg: 10  	lose cover RAM: 1048592M
[    0.003006]  gran_size: 32M 	chunk_size: 128M 	num_reg: 10  	lose cover RAM: 1048592M
[    0.003008]  gran_size: 32M 	chunk_size: 256M 	num_reg: 10  	lose cover RAM: 1048592M
[    0.003009]  gran_size: 32M 	chunk_size: 512M 	num_reg: 10  	lose cover RAM: 1048592M
[    0.003010]  gran_size: 32M 	chunk_size: 1G 	num_reg: 10  	lose cover RAM: 1048592M
[    0.003012]  gran_size: 32M 	chunk_size: 2G 	num_reg: 10  	lose cover RAM: 1048592M
[    0.003013]  gran_size: 64M 	chunk_size: 64M 	num_reg: 10  	lose cover RAM: 1966128M
[    0.003014]  gran_size: 64M 	chunk_size: 128M 	num_reg: 10  	lose cover RAM: 1048624M
[    0.003015]  gran_size: 64M 	chunk_size: 256M 	num_reg: 10  	lose cover RAM: 1048624M
[    0.003017]  gran_size: 64M 	chunk_size: 512M 	num_reg: 10  	lose cover RAM: 1048624M
[    0.003018]  gran_size: 64M 	chunk_size: 1G 	num_reg: 10  	lose cover RAM: 1048624M
[    0.003019]  gran_size: 64M 	chunk_size: 2G 	num_reg: 10  	lose cover RAM: 1048624M
[    0.003020]  gran_size: 128M 	chunk_size: 128M 	num_reg: 10  	lose cover RAM: 1835120M
[    0.003022]  gran_size: 128M 	chunk_size: 256M 	num_reg: 10  	lose cover RAM: 1048688M
[    0.003023]  gran_size: 128M 	chunk_size: 512M 	num_reg: 10  	lose cover RAM: 1048688M
[    0.003025]  gran_size: 128M 	chunk_size: 1G 	num_reg: 10  	lose cover RAM: 1048688M
[    0.003026]  gran_size: 128M 	chunk_size: 2G 	num_reg: 10  	lose cover RAM: 1048688M
[    0.003027]  gran_size: 256M 	chunk_size: 256M 	num_reg: 10  	lose cover RAM: 1573104M
[    0.003029]  gran_size: 256M 	chunk_size: 512M 	num_reg: 10  	lose cover RAM: 1048816M
[    0.003030]  gran_size: 256M 	chunk_size: 1G 	num_reg: 10  	lose cover RAM: 1048816M
[    0.003031]  gran_size: 256M 	chunk_size: 2G 	num_reg: 10  	lose cover RAM: 1048816M
[    0.003033]  gran_size: 512M 	chunk_size: 512M 	num_reg: 10  	lose cover RAM: 1049072M
[    0.003034]  gran_size: 512M 	chunk_size: 1G 	num_reg: 10  	lose cover RAM: 1049072M
[    0.003035]  gran_size: 512M 	chunk_size: 2G 	num_reg: 10  	lose cover RAM: 1049072M
[    0.003036]  gran_size: 1G 	chunk_size: 1G 	num_reg: 10  	lose cover RAM: 1008M
[    0.003038]  gran_size: 1G 	chunk_size: 2G 	num_reg: 10  	lose cover RAM: 1008M
[    0.003039]  gran_size: 2G 	chunk_size: 2G 	num_reg: 9  	lose cover RAM: 2032M
[    0.003040] mtrr_cleanup: can not find optimal value
[    0.003041] please specify mtrr_gran_size/mtrr_chunk_size
[    0.003043] e820: update [mem 0x7f000000-0xffffffff] usable ==> reserved
[    0.003046] x2apic: enabled by BIOS, switching to x2apic ops
[    0.003047] last_pfn = 0x6f800 max_arch_pfn = 0x400000000
[    0.014366] Using GB pages for direct mapping
[    0.015287] Secure boot disabled
[    0.015288] RAMDISK: [mem 0x205cb7c000-0x207fffffff]
[    0.015292] ACPI: Early table checksum verification disabled
[    0.015294] ACPI: RSDP 0x000000006F7FE014 000024 (v02 DELL  )
[    0.015298] ACPI: XSDT 0x000000006F41C188 0000F4 (v01 DELL   PE_SC3   00000000 DELL 01000013)
[    0.015304] ACPI: FACP 0x000000006F430000 000114 (v06 DELL   PE_SC3   00000000 DELL 00000001)
[    0.015309] ACPI: DSDT 0x000000004B4CE000 07FAD3 (v02 DELL   PE_SC3   00000003 DELL 00000001)
[    0.015312] ACPI: FACS 0x000000006F2F2000 000040
[    0.015316] ACPI: SSDT 0x000000006F7FB000 00159A (v02 INTEL  RAS_ACPI 00000001 INTL 20210331)
[    0.015320] ACPI: SSDT 0x000000006F7FA000 000745 (v02 INTEL  ADDRXLAT 00000001 INTL 20210331)
[    0.015323] ACPI: MCEJ 0x000000006F7F9000 000130 (v01 INTEL           00000001 INTL 0100000D)
[    0.015326] ACPI: BERT 0x000000006F7F8000 000030 (v01 DELL   PE_SC3   00000001 INTL 00000001)
[    0.015330] ACPI: ERST 0x000000006F7F7000 000230 (v01 DELL   PE_SC3   00000001 INTL 00000001)
[    0.015333] ACPI: SSDT 0x000000006F431000 3C524E (v02 INTEL  SSDTNVDR 00001000 INTL 20210331)
[    0.015336] ACPI: HMAT 0x000000006F42F000 000210 (v01 DELL   PE_SC3   00000001 DELL 00000001)
[    0.015339] ACPI: HPET 0x000000006F42E000 000038 (v01 DELL   PE_SC3   00000001 DELL 00000001)
[    0.015343] ACPI: MCFG 0x000000006F42D000 00003C (v01 DELL   PE_SC3   00000001 DELL 00000001)
[    0.015346] ACPI: MIGT 0x000000006F42C000 000040 (v01 DELL   PE_SC3   00000000 DELL 00000001)
[    0.015349] ACPI: MSCT 0x000000006F42B000 000090 (v01 DELL   PE_SC3   00000001 DELL 00000001)
[    0.015352] ACPI: PMTT 0x000000006F429000 0011E8 (v02 DELL   PE_SC3   00000001 DELL 00000001)
[    0.015356] ACPI: WSMT 0x000000006F428000 000028 (v01 DELL   PE_SC3   00000000 DELL 00000001)
[    0.015359] ACPI: APIC 0x000000006F427000 00075E (v04 DELL   PE_SC3   00000000 DELL 00000001)
[    0.015362] ACPI: SLIT 0x000000006F426000 00003C (v01 DELL   PE_SC3   00000001 DELL 01000013)
[    0.015365] ACPI: SRAT 0x000000006F41F000 006430 (v03 DELL   PE_SC3   00000002 DELL 01000013)
[    0.015368] ACPI: OEM4 0x000000004B346000 187A61 (v02 INTEL  CPU  CST 00003000 INTL 20210331)
[    0.015372] ACPI: SSDT 0x000000004B2CF000 0764A5 (v02 INTEL  SSDT  PM 00004000 INTL 20210331)
[    0.015375] ACPI: SSDT 0x000000006F41E000 000A1F (v02 DELL   PE_SC3   00000000 DELL 00000001)
[    0.015378] ACPI: HEST 0x000000006F41D000 00017C (v01 DELL   PE_SC3   00000001 INTL 00000001)
[    0.015381] ACPI: PCAT 0x000000006F41B000 00010C (v19 DELL   PE_SC3   00000002 DELL 00000001)
[    0.015385] ACPI: SSDT 0x000000006F413000 007299 (v02 INTEL  SpsNm    00000002 INTL 20210331)
[    0.015388] ACPI: SSDT 0x000000006F412000 000426 (v02 DELL   PE_SC3   00000002 DELL 00000001)
[    0.015391] ACPI: NFIT 0x000000006F7FD000 000488 (v01 DELL   PE_SC3   00000002 DELL 00000001)
[    0.015394] ACPI: DMAR 0x000000006F411000 000158 (v01 DELL   PE_SC3   00000001 DELL 00000001)
[    0.015397] ACPI: Reserving FACP table memory at [mem 0x6f430000-0x6f430113]
[    0.015398] ACPI: Reserving DSDT table memory at [mem 0x4b4ce000-0x4b54dad2]
[    0.015399] ACPI: Reserving FACS table memory at [mem 0x6f2f2000-0x6f2f203f]
[    0.015400] ACPI: Reserving SSDT table memory at [mem 0x6f7fb000-0x6f7fc599]
[    0.015401] ACPI: Reserving SSDT table memory at [mem 0x6f7fa000-0x6f7fa744]
[    0.015402] ACPI: Reserving MCEJ table memory at [mem 0x6f7f9000-0x6f7f912f]
[    0.015403] ACPI: Reserving BERT table memory at [mem 0x6f7f8000-0x6f7f802f]
[    0.015404] ACPI: Reserving ERST table memory at [mem 0x6f7f7000-0x6f7f722f]
[    0.015405] ACPI: Reserving SSDT table memory at [mem 0x6f431000-0x6f7f624d]
[    0.015405] ACPI: Reserving HMAT table memory at [mem 0x6f42f000-0x6f42f20f]
[    0.015406] ACPI: Reserving HPET table memory at [mem 0x6f42e000-0x6f42e037]
[    0.015407] ACPI: Reserving MCFG table memory at [mem 0x6f42d000-0x6f42d03b]
[    0.015408] ACPI: Reserving MIGT table memory at [mem 0x6f42c000-0x6f42c03f]
[    0.015409] ACPI: Reserving MSCT table memory at [mem 0x6f42b000-0x6f42b08f]
[    0.015410] ACPI: Reserving PMTT table memory at [mem 0x6f429000-0x6f42a1e7]
[    0.015411] ACPI: Reserving WSMT table memory at [mem 0x6f428000-0x6f428027]
[    0.015412] ACPI: Reserving APIC table memory at [mem 0x6f427000-0x6f42775d]
[    0.015413] ACPI: Reserving SLIT table memory at [mem 0x6f426000-0x6f42603b]
[    0.015413] ACPI: Reserving SRAT table memory at [mem 0x6f41f000-0x6f42542f]
[    0.015414] ACPI: Reserving OEM4 table memory at [mem 0x4b346000-0x4b4cda60]
[    0.015415] ACPI: Reserving SSDT table memory at [mem 0x4b2cf000-0x4b3454a4]
[    0.015416] ACPI: Reserving SSDT table memory at [mem 0x6f41e000-0x6f41ea1e]
[    0.015417] ACPI: Reserving HEST table memory at [mem 0x6f41d000-0x6f41d17b]
[    0.015418] ACPI: Reserving PCAT table memory at [mem 0x6f41b000-0x6f41b10b]
[    0.015419] ACPI: Reserving SSDT table memory at [mem 0x6f413000-0x6f41a298]
[    0.015420] ACPI: Reserving SSDT table memory at [mem 0x6f412000-0x6f412425]
[    0.015421] ACPI: Reserving NFIT table memory at [mem 0x6f7fd000-0x6f7fd487]
[    0.015422] ACPI: Reserving DMAR table memory at [mem 0x6f411000-0x6f411157]
[    0.015432] Setting APIC routing to cluster x2apic.
[    0.015480] SRAT: PXM 0 -> APIC 0x0000 -> Node 0
[    0.015481] SRAT: PXM 0 -> APIC 0x0001 -> Node 0
[    0.015482] SRAT: PXM 0 -> APIC 0x0002 -> Node 0
[    0.015483] SRAT: PXM 0 -> APIC 0x0003 -> Node 0
[    0.015483] SRAT: PXM 0 -> APIC 0x0004 -> Node 0
[    0.015484] SRAT: PXM 0 -> APIC 0x0005 -> Node 0
[    0.015484] SRAT: PXM 0 -> APIC 0x0006 -> Node 0
[    0.015485] SRAT: PXM 0 -> APIC 0x0007 -> Node 0
[    0.015486] SRAT: PXM 0 -> APIC 0x0008 -> Node 0
[    0.015486] SRAT: PXM 0 -> APIC 0x0009 -> Node 0
[    0.015487] SRAT: PXM 0 -> APIC 0x000a -> Node 0
[    0.015488] SRAT: PXM 0 -> APIC 0x000b -> Node 0
[    0.015489] SRAT: PXM 0 -> APIC 0x000c -> Node 0
[    0.015490] SRAT: PXM 0 -> APIC 0x000d -> Node 0
[    0.015490] SRAT: PXM 0 -> APIC 0x000e -> Node 0
[    0.015491] SRAT: PXM 0 -> APIC 0x000f -> Node 0
[    0.015492] SRAT: PXM 0 -> APIC 0x0010 -> Node 0
[    0.015493] SRAT: PXM 0 -> APIC 0x0011 -> Node 0
[    0.015493] SRAT: PXM 0 -> APIC 0x0012 -> Node 0
[    0.015494] SRAT: PXM 0 -> APIC 0x0013 -> Node 0
[    0.015495] SRAT: PXM 0 -> APIC 0x0014 -> Node 0
[    0.015495] SRAT: PXM 0 -> APIC 0x0015 -> Node 0
[    0.015496] SRAT: PXM 0 -> APIC 0x0016 -> Node 0
[    0.015497] SRAT: PXM 0 -> APIC 0x0017 -> Node 0
[    0.015497] SRAT: PXM 0 -> APIC 0x0018 -> Node 0
[    0.015498] SRAT: PXM 0 -> APIC 0x0019 -> Node 0
[    0.015498] SRAT: PXM 0 -> APIC 0x001a -> Node 0
[    0.015499] SRAT: PXM 0 -> APIC 0x001b -> Node 0
[    0.015500] SRAT: PXM 0 -> APIC 0x001c -> Node 0
[    0.015500] SRAT: PXM 0 -> APIC 0x001d -> Node 0
[    0.015501] SRAT: PXM 0 -> APIC 0x001e -> Node 0
[    0.015502] SRAT: PXM 0 -> APIC 0x001f -> Node 0
[    0.015502] SRAT: PXM 0 -> APIC 0x0020 -> Node 0
[    0.015503] SRAT: PXM 0 -> APIC 0x0021 -> Node 0
[    0.015504] SRAT: PXM 0 -> APIC 0x0022 -> Node 0
[    0.015504] SRAT: PXM 0 -> APIC 0x0023 -> Node 0
[    0.015505] SRAT: PXM 0 -> APIC 0x0024 -> Node 0
[    0.015506] SRAT: PXM 0 -> APIC 0x0025 -> Node 0
[    0.015506] SRAT: PXM 0 -> APIC 0x0026 -> Node 0
[    0.015507] SRAT: PXM 0 -> APIC 0x0027 -> Node 0
[    0.015507] SRAT: PXM 0 -> APIC 0x0028 -> Node 0
[    0.015508] SRAT: PXM 0 -> APIC 0x0029 -> Node 0
[    0.015509] SRAT: PXM 0 -> APIC 0x002a -> Node 0
[    0.015509] SRAT: PXM 0 -> APIC 0x002b -> Node 0
[    0.015510] SRAT: PXM 0 -> APIC 0x002c -> Node 0
[    0.015511] SRAT: PXM 0 -> APIC 0x002d -> Node 0
[    0.015511] SRAT: PXM 0 -> APIC 0x002e -> Node 0
[    0.015512] SRAT: PXM 0 -> APIC 0x002f -> Node 0
[    0.015512] SRAT: PXM 0 -> APIC 0x0030 -> Node 0
[    0.015513] SRAT: PXM 0 -> APIC 0x0031 -> Node 0
[    0.015514] SRAT: PXM 0 -> APIC 0x0032 -> Node 0
[    0.015514] SRAT: PXM 0 -> APIC 0x0033 -> Node 0
[    0.015515] SRAT: PXM 0 -> APIC 0x0034 -> Node 0
[    0.015516] SRAT: PXM 0 -> APIC 0x0035 -> Node 0
[    0.015516] SRAT: PXM 0 -> APIC 0x0036 -> Node 0
[    0.015517] SRAT: PXM 0 -> APIC 0x0037 -> Node 0
[    0.015518] SRAT: PXM 1 -> APIC 0x0080 -> Node 1
[    0.015518] SRAT: PXM 1 -> APIC 0x0081 -> Node 1
[    0.015519] SRAT: PXM 1 -> APIC 0x0082 -> Node 1
[    0.015520] SRAT: PXM 1 -> APIC 0x0083 -> Node 1
[    0.015521] SRAT: PXM 1 -> APIC 0x0084 -> Node 1
[    0.015521] SRAT: PXM 1 -> APIC 0x0085 -> Node 1
[    0.015522] SRAT: PXM 1 -> APIC 0x0086 -> Node 1
[    0.015523] SRAT: PXM 1 -> APIC 0x0087 -> Node 1
[    0.015523] SRAT: PXM 1 -> APIC 0x0088 -> Node 1
[    0.015524] SRAT: PXM 1 -> APIC 0x0089 -> Node 1
[    0.015524] SRAT: PXM 1 -> APIC 0x008a -> Node 1
[    0.015525] SRAT: PXM 1 -> APIC 0x008b -> Node 1
[    0.015526] SRAT: PXM 1 -> APIC 0x008c -> Node 1
[    0.015526] SRAT: PXM 1 -> APIC 0x008d -> Node 1
[    0.015527] SRAT: PXM 1 -> APIC 0x008e -> Node 1
[    0.015528] SRAT: PXM 1 -> APIC 0x008f -> Node 1
[    0.015528] SRAT: PXM 1 -> APIC 0x0090 -> Node 1
[    0.015529] SRAT: PXM 1 -> APIC 0x0091 -> Node 1
[    0.015530] SRAT: PXM 1 -> APIC 0x0092 -> Node 1
[    0.015530] SRAT: PXM 1 -> APIC 0x0093 -> Node 1
[    0.015531] SRAT: PXM 1 -> APIC 0x0094 -> Node 1
[    0.015532] SRAT: PXM 1 -> APIC 0x0095 -> Node 1
[    0.015532] SRAT: PXM 1 -> APIC 0x0096 -> Node 1
[    0.015533] SRAT: PXM 1 -> APIC 0x0097 -> Node 1
[    0.015533] SRAT: PXM 1 -> APIC 0x0098 -> Node 1
[    0.015534] SRAT: PXM 1 -> APIC 0x0099 -> Node 1
[    0.015535] SRAT: PXM 1 -> APIC 0x009a -> Node 1
[    0.015535] SRAT: PXM 1 -> APIC 0x009b -> Node 1
[    0.015536] SRAT: PXM 1 -> APIC 0x009c -> Node 1
[    0.015537] SRAT: PXM 1 -> APIC 0x009d -> Node 1
[    0.015537] SRAT: PXM 1 -> APIC 0x009e -> Node 1
[    0.015538] SRAT: PXM 1 -> APIC 0x009f -> Node 1
[    0.015539] SRAT: PXM 1 -> APIC 0x00a0 -> Node 1
[    0.015539] SRAT: PXM 1 -> APIC 0x00a1 -> Node 1
[    0.015540] SRAT: PXM 1 -> APIC 0x00a2 -> Node 1
[    0.015540] SRAT: PXM 1 -> APIC 0x00a3 -> Node 1
[    0.015541] SRAT: PXM 1 -> APIC 0x00a4 -> Node 1
[    0.015542] SRAT: PXM 1 -> APIC 0x00a5 -> Node 1
[    0.015542] SRAT: PXM 1 -> APIC 0x00a6 -> Node 1
[    0.015543] SRAT: PXM 1 -> APIC 0x00a7 -> Node 1
[    0.015544] SRAT: PXM 1 -> APIC 0x00a8 -> Node 1
[    0.015544] SRAT: PXM 1 -> APIC 0x00a9 -> Node 1
[    0.015545] SRAT: PXM 1 -> APIC 0x00aa -> Node 1
[    0.015546] SRAT: PXM 1 -> APIC 0x00ab -> Node 1
[    0.015546] SRAT: PXM 1 -> APIC 0x00ac -> Node 1
[    0.015547] SRAT: PXM 1 -> APIC 0x00ad -> Node 1
[    0.015547] SRAT: PXM 1 -> APIC 0x00ae -> Node 1
[    0.015548] SRAT: PXM 1 -> APIC 0x00af -> Node 1
[    0.015549] SRAT: PXM 1 -> APIC 0x00b0 -> Node 1
[    0.015550] SRAT: PXM 1 -> APIC 0x00b1 -> Node 1
[    0.015550] SRAT: PXM 1 -> APIC 0x00b2 -> Node 1
[    0.015551] SRAT: PXM 1 -> APIC 0x00b3 -> Node 1
[    0.015552] SRAT: PXM 1 -> APIC 0x00b4 -> Node 1
[    0.015552] SRAT: PXM 1 -> APIC 0x00b5 -> Node 1
[    0.015553] SRAT: PXM 1 -> APIC 0x00b6 -> Node 1
[    0.015554] SRAT: PXM 1 -> APIC 0x00b7 -> Node 1
[    0.015566] ACPI: SRAT: Node 0 PXM 0 [mem 0x00000000-0x7fffffff]
[    0.015568] ACPI: SRAT: Node 0 PXM 0 [mem 0x100000000-0x107fffffff]
[    0.015569] ACPI: SRAT: Node 2 PXM 2 [mem 0x2080000000-0x9e7fffffff] non-volatile
[    0.015570] ACPI: SRAT: Node 1 PXM 1 [mem 0x1080000000-0x207fffffff]
[    0.015571] ACPI: SRAT: Node 3 PXM 3 [mem 0x9e80000000-0x11c7fffffff] non-volatile
[    0.015581] NUMA: Initialized distance table, cnt=4
[    0.015583] NUMA: Node 0 [mem 0x00000000-0x7fffffff] + [mem 0x100000000-0x107fffffff] -> [mem 0x00000000-0x107fffffff]
[    0.015592] NODE_DATA(0) allocated [mem 0xffffd5000-0xfffffffff]
[    0.015613] NODE_DATA(1) allocated [mem 0x205cb4d000-0x205cb77fff]
[    0.015829] Zone ranges:
[    0.015830]   DMA      [mem 0x0000000000001000-0x0000000000ffffff]
[    0.015832]   DMA32    [mem 0x0000000001000000-0x00000000ffffffff]
[    0.015833]   Normal   [mem 0x0000000100000000-0x000000207fffffff]
[    0.015835]   Device   empty
[    0.015835] Movable zone start for each node
[    0.015839] Early memory node ranges
[    0.015839]   node   0: [mem 0x0000000000001000-0x000000000008efff]
[    0.015841]   node   0: [mem 0x0000000000090000-0x000000000009ffff]
[    0.015842]   node   0: [mem 0x0000000000100000-0x0000000049e76fff]
[    0.015843]   node   0: [mem 0x000000004ae77000-0x000000004b2cefff]
[    0.015844]   node   0: [mem 0x000000004b54e000-0x000000004bd93fff]
[    0.015844]   node   0: [mem 0x000000004be9a000-0x000000004cdfffff]
[    0.015845]   node   0: [mem 0x000000004d000000-0x000000005eefdfff]
[    0.015846]   node   0: [mem 0x000000006f7ff000-0x000000006f7fffff]
[    0.015847]   node   0: [mem 0x00000002e6000000-0x0000000fffffffff]
[    0.015850]   node   1: [mem 0x0000001ec0000000-0x000000207fffffff]
[    0.015852] Initmem setup node 0 [mem 0x0000000000001000-0x0000000fffffffff]
[    0.015854] Initmem setup node 1 [mem 0x0000001ec0000000-0x000000207fffffff]
[    0.015858] On node 0, zone DMA: 1 pages in unavailable ranges
[    0.015859] On node 0, zone DMA: 1 pages in unavailable ranges
[    0.015887] On node 0, zone DMA: 96 pages in unavailable ranges
[    0.018155] On node 0, zone DMA32: 4096 pages in unavailable ranges
[    0.018174] On node 0, zone DMA32: 639 pages in unavailable ranges
[    0.018204] On node 0, zone DMA32: 262 pages in unavailable ranges
[    0.018753] On node 0, zone DMA32: 512 pages in unavailable ranges
[    0.019057] On node 0, zone DMA32: 35073 pages in unavailable ranges
[    0.121691] On node 0, zone Normal: 26624 pages in unavailable ranges
[    0.135967] ACPI: PM-Timer IO Port: 0x508
[    0.135985] ACPI: X2APIC_NMI (uid[0xffffffff] high edge lint[0x1])
[    0.135989] ACPI: LAPIC_NMI (acpi_id[0xff] high edge lint[0x1])
[    0.136008] IOAPIC[0]: apic_id 8, version 32, address 0xfec00000, GSI 0-119
[    0.136011] ACPI: INT_SRC_OVR (bus 0 bus_irq 0 global_irq 2 dfl dfl)
[    0.136013] ACPI: INT_SRC_OVR (bus 0 bus_irq 9 global_irq 9 high level)
[    0.136017] ACPI: Using ACPI (MADT) for SMP configuration information
[    0.136018] ACPI: HPET id: 0x8086a701 base: 0xfed00000
[    0.136022] TSC deadline timer available
[    0.136024] smpboot: Allowing 112 CPUs, 0 hotplug CPUs
[    0.136051] PM: hibernation: Registered nosave memory: [mem 0x00000000-0x00000fff]
[    0.136053] PM: hibernation: Registered nosave memory: [mem 0x0008f000-0x0008ffff]
[    0.136055] PM: hibernation: Registered nosave memory: [mem 0x000a0000-0x000fffff]
[    0.136057] PM: hibernation: Registered nosave memory: [mem 0x46cc5000-0x46cc5fff]
[    0.136059] PM: hibernation: Registered nosave memory: [mem 0x46cf6000-0x46cf6fff]
[    0.136060] PM: hibernation: Registered nosave memory: [mem 0x46cf7000-0x46cf7fff]
[    0.136062] PM: hibernation: Registered nosave memory: [mem 0x46d29000-0x46d29fff]
[    0.136062] PM: hibernation: Registered nosave memory: [mem 0x46d2a000-0x46d2afff]
[    0.136064] PM: hibernation: Registered nosave memory: [mem 0x46d5c000-0x46d5cfff]
[    0.136065] PM: hibernation: Registered nosave memory: [mem 0x46d5d000-0x46d5dfff]
[    0.136066] PM: hibernation: Registered nosave memory: [mem 0x46d65000-0x46d65fff]
[    0.136068] PM: hibernation: Registered nosave memory: [mem 0x49e77000-0x4ae76fff]
[    0.136070] PM: hibernation: Registered nosave memory: [mem 0x4b2cf000-0x4b54dfff]
[    0.136072] PM: hibernation: Registered nosave memory: [mem 0x4bd94000-0x4be99fff]
[    0.136074] PM: hibernation: Registered nosave memory: [mem 0x4ce00000-0x4cffffff]
[    0.136075] PM: hibernation: Registered nosave memory: [mem 0x5eefe000-0x6e3fefff]
[    0.136076] PM: hibernation: Registered nosave memory: [mem 0x6e3ff000-0x6f3fefff]
[    0.136077] PM: hibernation: Registered nosave memory: [mem 0x6f3ff000-0x6f7fefff]
[    0.136079] PM: hibernation: Registered nosave memory: [mem 0x6f800000-0x8fffffff]
[    0.136079] PM: hibernation: Registered nosave memory: [mem 0x90000000-0xfdffffff]
[    0.136080] PM: hibernation: Registered nosave memory: [mem 0xfe000000-0xfe010fff]
[    0.136081] PM: hibernation: Registered nosave memory: [mem 0xfe011000-0xffffffff]
[    0.136082] PM: hibernation: Registered nosave memory: [mem 0x100000000-0x2e5ffffff]
[    0.136083] PM: hibernation: Registered nosave memory: [mem 0x1000000000-0x1ebfffffff]
[    0.136085] [mem 0x90000000-0xfdffffff] available for PCI devices
[    0.136087] Booting paravirtualized kernel on bare hardware
[    0.136089] clocksource: refined-jiffies: mask: 0xffffffff max_cycles: 0xffffffff, max_idle_ns: 7645519600211568 ns
[    0.136096] setup_percpu: NR_CPUS:8192 nr_cpumask_bits:112 nr_cpu_ids:112 nr_node_ids:4
[    0.140658] percpu: Embedded 53 pages/cpu s180224 r8192 d28672 u262144
[    0.140671] pcpu-alloc: s180224 r8192 d28672 u262144 alloc=1*2097152
[    0.140673] pcpu-alloc: [0] 000 002 004 006 008 010 012 014 
[    0.140679] pcpu-alloc: [0] 016 018 020 022 024 026 028 030 
[    0.140683] pcpu-alloc: [0] 032 034 036 038 040 042 044 046 
[    0.140687] pcpu-alloc: [0] 048 050 052 054 056 058 060 062 
[    0.140691] pcpu-alloc: [0] 064 066 068 070 072 074 076 078 
[    0.140696] pcpu-alloc: [0] 080 082 084 086 088 090 092 094 
[    0.140700] pcpu-alloc: [0] 096 098 100 102 104 106 108 110 
[    0.140704] pcpu-alloc: [1] 001 003 005 007 009 011 013 015 
[    0.140708] pcpu-alloc: [1] 017 019 021 023 025 027 029 031 
[    0.140712] pcpu-alloc: [1] 033 035 037 039 041 043 045 047 
[    0.140716] pcpu-alloc: [1] 049 051 053 055 057 059 061 063 
[    0.140721] pcpu-alloc: [1] 065 067 069 071 073 075 077 079 
[    0.140725] pcpu-alloc: [1] 081 083 085 087 089 091 093 095 
[    0.140729] pcpu-alloc: [1] 097 099 101 103 105 107 109 111 
[    0.140780] Built 2 zonelists, mobility grouping on.  Total pages: 15705748
[    0.140782] Policy zone: Normal
[    0.140783] Kernel command line: BOOT_IMAGE=/boot/vmlinuz-5.15.0-tiering-0.8 root=UUID=ce0c24b8-724b-4f33-9b2c-618433560aef ro memmap=7776M!4096M memmap=59G!64G quiet splash nomodeset vt.handoff=1
[    0.140901] You have booted with nomodeset. This means your GPU drivers are DISABLED
[    0.140902] Any video related functionality will be severely degraded, and you may not even be able to suspend the system properly
[    0.140902] Unless you actually understand what nomodeset does, you should reboot without enabling it
[    0.140923] Unknown command line parameters: splash BOOT_IMAGE=/boot/vmlinuz-5.15.0-tiering-0.8
[    0.140925] printk: log_buf_len individual max cpu contribution: 4096 bytes
[    0.140925] printk: log_buf_len total cpu_extra contributions: 454656 bytes
[    0.140926] printk: log_buf_len min size: 262144 bytes
[    0.141901] printk: log_buf_len: 1048576 bytes
[    0.141902] printk: early log buf free: 223792(85%)
[    0.143474] mem auto-init: stack:off, heap alloc:on, heap free:off
[    0.286729] Memory: 61981536K/63824992K available (14345K kernel code, 3484K rwdata, 10288K rodata, 2824K init, 5836K bss, 1843196K reserved, 0K cma-reserved)
[    0.286736] random: get_random_u64 called from __kmem_cache_create+0x2d/0x460 with crng_init=1
[    0.287660] SLUB: HWalign=64, Order=0-3, MinObjects=0, CPUs=112, Nodes=4
[    0.287693] ftrace: allocating 48223 entries in 189 pages
[    0.302884] ftrace: allocated 189 pages with 6 groups
[    0.303551] rcu: Hierarchical RCU implementation.
[    0.303552] rcu: 	RCU restricting CPUs from NR_CPUS=8192 to nr_cpu_ids=112.
[    0.303554] 	Rude variant of Tasks RCU enabled.
[    0.303555] 	Tracing variant of Tasks RCU enabled.
[    0.303555] rcu: RCU calculated value of scheduler-enlistment delay is 25 jiffies.
[    0.303557] rcu: Adjusting geometry for rcu_fanout_leaf=16, nr_cpu_ids=112
[    0.307327] NR_IRQS: 524544, nr_irqs: 2952, preallocated irqs: 16
[    0.307690] random: crng done (trusting CPU's manufacturer)
[    0.307835] Console: colour dummy device 80x25
[    0.307870] printk: console [tty0] enabled
[    0.308018] mempolicy: Enabling automatic NUMA balancing. Configure with numa_balancing= or the kernel.numa_balancing sysctl
[    0.308023] ACPI: Core revision 20210730
[    0.311437] clocksource: hpet: mask: 0xffffffff max_cycles: 0xffffffff, max_idle_ns: 79635855245 ns
[    0.311480] APIC: Switch to symmetric I/O mode setup
[    0.311482] DMAR: Host address width 46
[    0.311483] DMAR: DRHD base: 0x000000d0ffc000 flags: 0x0
[    0.311488] DMAR: dmar0: reg_base_addr d0ffc000 ver 4:0 cap 8ed008c40780466 ecap 60000f050df
[    0.311490] DMAR: DRHD base: 0x000000dbbfc000 flags: 0x0
[    0.311493] DMAR: dmar1: reg_base_addr dbbfc000 ver 4:0 cap 8ed008c40780466 ecap 60000f050df
[    0.311495] DMAR: DRHD base: 0x000000e67fc000 flags: 0x0
[    0.311499] DMAR: dmar2: reg_base_addr e67fc000 ver 4:0 cap 8ed008c40780466 ecap 60000f050df
[    0.311501] DMAR: DRHD base: 0x000000f13fc000 flags: 0x0
[    0.311503] DMAR: dmar3: reg_base_addr f13fc000 ver 4:0 cap 8ed008c40780466 ecap 60000f050df
[    0.311505] DMAR: DRHD base: 0x000000fb7fc000 flags: 0x0
[    0.311508] DMAR: dmar4: reg_base_addr fb7fc000 ver 4:0 cap 8ed008c40780466 ecap 60000f050df
[    0.311510] DMAR: DRHD base: 0x000000a63fc000 flags: 0x0
[    0.311512] DMAR: dmar5: reg_base_addr a63fc000 ver 4:0 cap 8ed008c40780466 ecap 60000f050df
[    0.311514] DMAR: DRHD base: 0x000000b0ffc000 flags: 0x0
[    0.311516] DMAR: dmar6: reg_base_addr b0ffc000 ver 4:0 cap 8ed008c40780466 ecap 60000f050df
[    0.311518] DMAR: DRHD base: 0x000000bbbfc000 flags: 0x0
[    0.311522] DMAR: dmar7: reg_base_addr bbbfc000 ver 4:0 cap 8ed008c40780466 ecap 60000f050df
[    0.311524] DMAR: DRHD base: 0x000000c5ffc000 flags: 0x0
[    0.311526] DMAR: dmar8: reg_base_addr c5ffc000 ver 4:0 cap 8ed008c40780466 ecap 60000f050df
[    0.311528] DMAR: DRHD base: 0x0000009b7fc000 flags: 0x1
[    0.311531] DMAR: dmar9: reg_base_addr 9b7fc000 ver 4:0 cap 8ed008c40780466 ecap 60000f050df
[    0.311533] DMAR: RMRR base: 0x00000069427000 end: 0x00000069429fff
[    0.311534] DMAR: ATSR flags: 0x0
[    0.311536] DMAR-IR: IOAPIC id 8 under DRHD base  0x9b7fc000 IOMMU 9
[    0.311538] DMAR-IR: HPET id 0 under DRHD base 0x9b7fc000
[    0.311539] DMAR-IR: Queued invalidation will be enabled to support x2apic and Intr-remapping.
[    0.314552] DMAR-IR: Enabled IRQ remapping in x2apic mode
[    0.317150] ..TIMER: vector=0x30 apic1=0 pin1=2 apic2=-1 pin2=-1
[    0.335411] clocksource: tsc-early: mask: 0xffffffffffffffff max_cycles: 0x39a85c9bff6, max_idle_ns: 881590591483 ns
[    0.335417] Calibrating delay loop (skipped), value calculated using timer frequency.. 4000.00 BogoMIPS (lpj=8000000)
[    0.335420] pid_max: default: 114688 minimum: 896
[    0.338848] LSM: Security Framework initializing
[    0.338868] Yama: becoming mindful.
[    0.338912] AppArmor: AppArmor initialized
[    0.347630] Dentry cache hash table entries: 8388608 (order: 14, 67108864 bytes, vmalloc)
[    0.351989] Inode-cache hash table entries: 4194304 (order: 13, 33554432 bytes, vmalloc)
[    0.352170] Mount-cache hash table entries: 131072 (order: 8, 1048576 bytes, vmalloc)
[    0.352309] Mountpoint-cache hash table entries: 131072 (order: 8, 1048576 bytes, vmalloc)
[    0.352957] x86/tme: not enabled by BIOS
[    0.352967] CPU0: Thermal monitoring enabled (TM1)
[    0.352969] x86/cpu: User Mode Instruction Prevention (UMIP) activated
[    0.353202] process: using mwait in idle threads
[    0.353203] Last level iTLB entries: 4KB 0, 2MB 0, 4MB 0
[    0.353205] Last level dTLB entries: 4KB 0, 2MB 0, 4MB 0, 1GB 0
[    0.353211] Spectre V1 : Mitigation: usercopy/swapgs barriers and __user pointer sanitization
[    0.353213] Spectre V2 : Mitigation: Enhanced IBRS
[    0.353213] Spectre V2 : Spectre v2 / SpectreRSB mitigation: Filling RSB on context switch
[    0.353215] Spectre V2 : mitigation: Enabling conditional Indirect Branch Prediction Barrier
[    0.353216] Speculative Store Bypass: Mitigation: Speculative Store Bypass disabled via prctl and seccomp
[    0.359522] Freeing SMP alternatives memory: 40K
[    0.363551] smpboot: Estimated ratio of average max frequency by base frequency (times 1024): 1433
[    0.363565] smpboot: CPU0: Intel(R) Xeon(R) Gold 6330 CPU @ 2.00GHz (family: 0x6, model: 0x6a, stepping: 0x6)
[    0.363759] Performance Events: PEBS fmt4+-baseline,  AnyThread deprecated, Icelake events, 32-deep LBR, full-width counters, Intel PMU driver.
[    0.363778] ... version:                5
[    0.363779] ... bit width:              48
[    0.363780] ... generic registers:      8
[    0.363780] ... value mask:             0000ffffffffffff
[    0.363781] ... max period:             00007fffffffffff
[    0.363782] ... fixed-purpose events:   4
[    0.363782] ... event mask:             0001000f000000ff
[    0.363908] rcu: Hierarchical SRCU implementation.
[    0.370960] NMI watchdog: Enabled. Permanently consumes one hw-PMU counter.
[    0.372015] smp: Bringing up secondary CPUs ...
[    0.372123] x86: Booting SMP configuration:
[    0.372124] .... node  #1, CPUs:          #1
[    0.007774] smpboot: CPU 1 Converting physical 0 to logical die 1

[    0.459529] .... node  #0, CPUs:     #2
[    0.464916] .... node  #1, CPUs:     #3
[    0.470356] .... node  #0, CPUs:     #4
[    0.475735] .... node  #1, CPUs:     #5
[    0.481145] .... node  #0, CPUs:     #6
[    0.486728] .... node  #1, CPUs:     #7
[    0.492334] .... node  #0, CPUs:     #8
[    0.497625] .... node  #1, CPUs:     #9
[    0.503519] .... node  #0, CPUs:    #10
[    0.509092] .... node  #1, CPUs:    #11
[    0.514835] .... node  #0, CPUs:    #12
[    0.520360] .... node  #1, CPUs:    #13
[    0.525724] .... node  #0, CPUs:    #14
[    0.530957] .... node  #1, CPUs:    #15
[    0.536291] .... node  #0, CPUs:    #16
[    0.541562] .... node  #1, CPUs:    #17
[    0.546888] .... node  #0, CPUs:    #18
[    0.552136] .... node  #1, CPUs:    #19
[    0.557795] .... node  #0, CPUs:    #20
[    0.563025] .... node  #1, CPUs:    #21
[    0.568651] .... node  #0, CPUs:    #22
[    0.574085] .... node  #1, CPUs:    #23
[    0.579518] .... node  #0, CPUs:    #24
[    0.585005] .... node  #1, CPUs:    #25
[    0.590348] .... node  #0, CPUs:    #26
[    0.595567] .... node  #1, CPUs:    #27
[    0.600909] .... node  #0, CPUs:    #28
[    0.606418] .... node  #1, CPUs:    #29
[    0.611741] .... node  #0, CPUs:    #30
[    0.616963] .... node  #1, CPUs:    #31
[    0.622459] .... node  #0, CPUs:    #32
[    0.627742] .... node  #1, CPUs:    #33
[    0.633123] .... node  #0, CPUs:    #34
[    0.638565] .... node  #1, CPUs:    #35
[    0.643886] .... node  #0, CPUs:    #36
[    0.649097] .... node  #1, CPUs:    #37
[    0.654426] .... node  #0, CPUs:    #38
[    0.659982] .... node  #1, CPUs:    #39
[    0.665522] .... node  #0, CPUs:    #40
[    0.671132] .... node  #1, CPUs:    #41
[    0.676896] .... node  #0, CPUs:    #42
[    0.682206] .... node  #1, CPUs:    #43
[    0.687861] .... node  #0, CPUs:    #44
[    0.693222] .... node  #1, CPUs:    #45
[    0.698703] .... node  #0, CPUs:    #46
[    0.704242] .... node  #1, CPUs:    #47
[    0.709711] .... node  #0, CPUs:    #48
[    0.715059] .... node  #1, CPUs:    #49
[    0.720509] .... node  #0, CPUs:    #50
[    0.726003] .... node  #1, CPUs:    #51
[    0.731670] .... node  #0, CPUs:    #52
[    0.737140] .... node  #1, CPUs:    #53
[    0.742750] .... node  #0, CPUs:    #54
[    0.748455] .... node  #1, CPUs:    #55
[    0.754271] .... node  #0, CPUs:    #56
[    0.760396] .... node  #1, CPUs:    #57
[    0.766307] .... node  #0, CPUs:    #58
[    0.771724] .... node  #1, CPUs:    #59
[    0.777173] .... node  #0, CPUs:    #60
[    0.782560] .... node  #1, CPUs:    #61
[    0.787983] .... node  #0, CPUs:    #62
[    0.793580] .... node  #1, CPUs:    #63
[    0.799424] .... node  #0, CPUs:    #64
[    0.804519] .... node  #1, CPUs:    #65
[    0.810282] .... node  #0, CPUs:    #66
[    0.816018] .... node  #1, CPUs:    #67
[    0.821793] .... node  #0, CPUs:    #68
[    0.827575] .... node  #1, CPUs:    #69
[    0.832726] .... node  #0, CPUs:    #70
[    0.837966] .... node  #1, CPUs:    #71
[    0.843527] .... node  #0, CPUs:    #72
[    0.848610] .... node  #1, CPUs:    #73
[    0.853952] .... node  #0, CPUs:    #74
[    0.859487] .... node  #1, CPUs:    #75
[    0.864909] .... node  #0, CPUs:    #76
[    0.870171] .... node  #1, CPUs:    #77
[    0.875808] .... node  #0, CPUs:    #78
[    0.881260] .... node  #1, CPUs:    #79
[    0.886565] .... node  #0, CPUs:    #80
[    0.892218] .... node  #1, CPUs:    #81
[    0.897584] .... node  #0, CPUs:    #82
[    0.902820] .... node  #1, CPUs:    #83
[    0.908163] .... node  #0, CPUs:    #84
[    0.913689] .... node  #1, CPUs:    #85
[    0.919033] .... node  #0, CPUs:    #86
[    0.924276] .... node  #1, CPUs:    #87
[    0.929790] .... node  #0, CPUs:    #88
[    0.935104] .... node  #1, CPUs:    #89
[    0.940509] .... node  #0, CPUs:    #90
[    0.945965] .... node  #1, CPUs:    #91
[    0.951524] .... node  #0, CPUs:    #92
[    0.956546] .... node  #1, CPUs:    #93
[    0.961908] .... node  #0, CPUs:    #94
[    0.967573] .... node  #1, CPUs:    #95
[    0.973053] .... node  #0, CPUs:    #96
[    0.978681] .... node  #1, CPUs:    #97
[    0.984458] .... node  #0, CPUs:    #98
[    0.989795] .... node  #1, CPUs:    #99
[    0.995523] .... node  #0, CPUs:   #100
[    1.000851] .... node  #1, CPUs:   #101
[    1.006361] .... node  #0, CPUs:   #102
[    1.011916] .... node  #1, CPUs:   #103
[    1.017399] .... node  #0, CPUs:   #104
[    1.022763] .... node  #1, CPUs:   #105
[    1.028227] .... node  #0, CPUs:   #106
[    1.033734] .... node  #1, CPUs:   #107
[    1.039520] .... node  #0, CPUs:   #108
[    1.044894] .... node  #1, CPUs:   #109
[    1.050519] .... node  #0, CPUs:   #110
[    1.056237] .... node  #1, CPUs:   #111
[    1.062081] smp: Brought up 2 nodes, 112 CPUs
[    1.062081] smpboot: Max logical packages: 2
[    1.062081] smpboot: Total of 112 processors activated (448072.96 BogoMIPS)
[    1.066830] devtmpfs: initialized
[    1.066830] x86/mm: Memory block size: 2048MB
[    1.067455] ACPI: PM: Registering ACPI NVS region [mem 0x49e77000-0x4ae76fff] (16777216 bytes)
[    1.067641] ACPI: PM: Registering ACPI NVS region [mem 0x6e3ff000-0x6f3fefff] (16777216 bytes)
[    1.067898] clocksource: jiffies: mask: 0xffffffff max_cycles: 0xffffffff, max_idle_ns: 7645041785100000 ns
[    1.068202] futex hash table entries: 32768 (order: 9, 2097152 bytes, vmalloc)
[    1.068456] pinctrl core: initialized pinctrl subsystem
[    1.068620] PM: RTC time: 13:22:02, date: 2024-06-20
[    1.068841] NET: Registered PF_NETLINK/PF_ROUTE protocol family
[    1.069616] DMA: preallocated 4096 KiB GFP_KERNEL pool for atomic allocations
[    1.070128] DMA: preallocated 4096 KiB GFP_KERNEL|GFP_DMA pool for atomic allocations
[    1.070635] DMA: preallocated 4096 KiB GFP_KERNEL|GFP_DMA32 pool for atomic allocations
[    1.070643] audit: initializing netlink subsys (disabled)
[    1.070650] audit: type=2000 audit(1718889721.756:1): state=initialized audit_enabled=0 res=1
[    1.070650] thermal_sys: Registered thermal governor 'fair_share'
[    1.070650] thermal_sys: Registered thermal governor 'bang_bang'
[    1.070650] thermal_sys: Registered thermal governor 'step_wise'
[    1.070650] thermal_sys: Registered thermal governor 'user_space'
[    1.070650] EISA bus registered
[    1.070650] cpuidle: using governor ladder
[    1.070650] cpuidle: using governor menu
[    1.071455] ACPI FADT declares the system doesn't support PCIe ASPM, so disable it
[    1.071456] ACPI: bus type PCI registered
[    1.071458] acpiphp: ACPI Hot Plug PCI Controller Driver version: 0.5
[    1.071567] PCI: MMCONFIG for domain 0000 [bus 00-ff] at [mem 0x80000000-0x8fffffff] (base 0x80000000)
[    1.071573] PCI: MMCONFIG at [mem 0x80000000-0x8fffffff] reserved in E820
[    1.071580] pmd_set_huge: Cannot satisfy [mem 0x80000000-0x80200000] with a huge-page mapping due to MTRR override.
[    1.071790] PCI: Using configuration type 1 for base access
[    1.071799] PCI: Dell System detected, enabling pci=bfsort.
[    1.073940] ENERGY_PERF_BIAS: Set to 'normal', was 'performance'
[    1.076552] Kprobes globally optimized
[    1.076556] HugeTLB registered 1.00 GiB page size, pre-allocated 0 pages
[    1.076556] HugeTLB registered 2.00 MiB page size, pre-allocated 0 pages
[    1.079529] ACPI: Added _OSI(Module Device)
[    1.079531] ACPI: Added _OSI(Processor Device)
[    1.079532] ACPI: Added _OSI(3.0 _SCP Extensions)
[    1.079532] ACPI: Added _OSI(Processor Aggregator Device)
[    1.079533] ACPI: Added _OSI(Linux-Dell-Video)
[    1.079534] ACPI: Added _OSI(Linux-Lenovo-NV-HDMI-Audio)
[    1.079535] ACPI: Added _OSI(Linux-HPI-Hybrid-Graphics)
[    1.251261] ACPI: 8 ACPI AML tables successfully acquired and loaded
[    1.257314] ACPI: [Firmware Bug]: BIOS _OSI(Linux) query ignored
[    1.262549] ACPI: Dynamic OEM Table Load:
[    1.663118] ACPI: Interpreter enabled
[    1.663140] ACPI: PM: (supports S0 S5)
[    1.663141] ACPI: Using IOAPIC for interrupt routing
[    1.663227] HEST: Table parsing has been initialized.
[    1.663229] PCI: Using host bridge windows from ACPI; if necessary, use "pci=nocrs" and report a bug
[    1.691715] ACPI: Enabled 4 GPEs in block 00 to 7F
[    1.810678] ACPI: PCI Root Bridge [PC00] (domain 0000 [bus 00-15])
[    1.810684] acpi PNP0A08:00: _OSC: OS supports [ExtendedConfig ASPM ClockPM Segments MSI HPX-Type3]
[    1.877017] acpi PNP0A08:00: _OSC: platform does not support [SHPCHotplug AER LTR]
[    1.877238] acpi PNP0A08:00: _OSC: OS now controls [PCIeHotplug PME PCIeCapability]
[    1.877239] acpi PNP0A08:00: FADT indicates ASPM is unsupported, using BIOS configuration
[    1.879043] PCI host bridge to bus 0000:00
[    1.879045] pci_bus 0000:00: root bus resource [io  0x0000-0x0cf7 window]
[    1.879047] pci_bus 0000:00: root bus resource [io  0x1000-0x4fff window]
[    1.879048] pci_bus 0000:00: root bus resource [mem 0x000a0000-0x000bffff window]
[    1.879049] pci_bus 0000:00: root bus resource [mem 0x000c8000-0x000cffff window]
[    1.879051] pci_bus 0000:00: root bus resource [mem 0xfe010000-0xfe010fff window]
[    1.879052] pci_bus 0000:00: root bus resource [mem 0x90000000-0x9b7fffff window]
[    1.879053] pci_bus 0000:00: root bus resource [mem 0x200000000000-0x20ffffffffff window]
[    1.879054] pci_bus 0000:00: root bus resource [bus 00-15]
[    1.880388] pci 0000:00:00.0: [8086:09a2] type 00 class 0x088000
[    1.881151] pci 0000:00:00.1: [8086:09a4] type 00 class 0x088000
[    1.882544] pci 0000:00:00.2: [8086:09a3] type 00 class 0x088000
[    1.883932] pci 0000:00:00.4: [8086:0998] type 00 class 0x060000
[    1.885979] pci 0000:00:02.0: [8086:09a6] type 00 class 0x088000
[    1.885988] pci 0000:00:02.0: reg 0x10: [mem 0x92dfc000-0x92dfdfff]
[    1.887382] pci 0000:00:02.1: [8086:09a7] type 00 class 0x088000
[    1.887391] pci 0000:00:02.1: reg 0x10: [mem 0x92d00000-0x92d7ffff]
[    1.887396] pci 0000:00:02.1: reg 0x14: [mem 0x92c80000-0x92cfffff]
[    1.888789] pci 0000:00:02.4: [8086:3456] type 00 class 0x130000
[    1.888799] pci 0000:00:02.4: reg 0x10: [mem 0x92a00000-0x92afffff 64bit]
[    1.888805] pci 0000:00:02.4: reg 0x18: [mem 0x92df0000-0x92df3fff 64bit]
[    1.888812] pci 0000:00:02.4: reg 0x20: [mem 0x92dc0000-0x92ddffff 64bit]
[    1.890211] pci 0000:00:11.0: [8086:a1ec] type 00 class 0xff0000
[    1.890214] pci 0000:00:11.0: device has non-compliant BARs; disabling IO/MEM decoding
[    1.891626] pci 0000:00:11.5: [8086:a1d2] type 00 class 0x010601
[    1.891639] pci 0000:00:11.5: reg 0x10: [mem 0x92dfa000-0x92dfbfff]
[    1.891647] pci 0000:00:11.5: reg 0x14: [mem 0x92e05000-0x92e050ff]
[    1.891654] pci 0000:00:11.5: reg 0x18: [io  0x2068-0x206f]
[    1.891661] pci 0000:00:11.5: reg 0x1c: [io  0x2074-0x2077]
[    1.891669] pci 0000:00:11.5: reg 0x20: [io  0x2040-0x205f]
[    1.891676] pci 0000:00:11.5: reg 0x24: [mem 0x92b80000-0x92bfffff]
[    1.891713] pci 0000:00:11.5: PME# supported from D3hot
[    1.893239] pci 0000:00:14.0: [8086:a1af] type 00 class 0x0c0330
[    1.893256] pci 0000:00:14.0: reg 0x10: [mem 0x92de0000-0x92deffff 64bit]
[    1.893318] pci 0000:00:14.0: PME# supported from D3hot D3cold
[    1.894863] pci 0000:00:14.2: [8086:a1b1] type 00 class 0x118000
[    1.894880] pci 0000:00:14.2: reg 0x10: [mem 0x92e02000-0x92e02fff 64bit]
[    1.896329] pci 0000:00:16.0: [8086:a1ba] type 00 class 0x078000
[    1.896352] pci 0000:00:16.0: reg 0x10: [mem 0x92e01000-0x92e01fff 64bit]
[    1.896435] pci 0000:00:16.0: PME# supported from D3hot
[    1.897819] pci 0000:00:16.1: [8086:a1bb] type 00 class 0x078000
[    1.897842] pci 0000:00:16.1: reg 0x10: [mem 0x92e00000-0x92e00fff 64bit]
[    1.897923] pci 0000:00:16.1: PME# supported from D3hot
[    1.899310] pci 0000:00:16.4: [8086:a1be] type 00 class 0x078000
[    1.899333] pci 0000:00:16.4: reg 0x10: [mem 0x92dff000-0x92dfffff 64bit]
[    1.899416] pci 0000:00:16.4: PME# supported from D3hot
[    1.900805] pci 0000:00:17.0: [8086:a182] type 00 class 0x010601
[    1.900817] pci 0000:00:17.0: reg 0x10: [mem 0x92df8000-0x92df9fff]
[    1.900824] pci 0000:00:17.0: reg 0x14: [mem 0x92e04000-0x92e040ff]
[    1.900831] pci 0000:00:17.0: reg 0x18: [io  0x2060-0x2067]
[    1.900839] pci 0000:00:17.0: reg 0x1c: [io  0x2070-0x2073]
[    1.900846] pci 0000:00:17.0: reg 0x20: [io  0x2020-0x203f]
[    1.900853] pci 0000:00:17.0: reg 0x24: [mem 0x92b00000-0x92b7ffff]
[    1.900889] pci 0000:00:17.0: PME# supported from D3hot
[    1.902410] pci 0000:00:1c.0: [8086:a190] type 01 class 0x060400
[    1.902483] pci 0000:00:1c.0: PME# supported from D0 D3hot D3cold
[    1.904450] pci 0000:00:1c.4: [8086:a194] type 01 class 0x060400
[    1.904518] pci 0000:00:1c.4: PME# supported from D0 D3hot D3cold
[    1.906448] pci 0000:00:1c.5: [8086:a195] type 01 class 0x060400
[    1.906518] pci 0000:00:1c.5: PME# supported from D0 D3hot D3cold
[    1.908463] pci 0000:00:1f.0: [8086:a1cb] type 00 class 0x060100
[    1.910075] pci 0000:00:1f.2: [8086:a1a1] type 00 class 0x058000
[    1.910090] pci 0000:00:1f.2: reg 0x10: [mem 0x92df4000-0x92df7fff]
[    1.911650] pci 0000:00:1f.4: [8086:a1a3] type 00 class 0x0c0500
[    1.911669] pci 0000:00:1f.4: reg 0x10: [mem 0x92dfe000-0x92dfe0ff 64bit]
[    1.911692] pci 0000:00:1f.4: reg 0x20: [io  0x2000-0x201f]
[    1.913079] pci 0000:00:1f.5: [8086:a1a4] type 00 class 0x0c8000
[    1.913094] pci 0000:00:1f.5: reg 0x10: [mem 0xfe010000-0xfe010fff]
[    1.913218] pci 0000:00:1c.0: PCI bridge to [bus 01]
[    1.913270] pci 0000:02:00.0: [1556:be00] type 01 class 0x060400
[    1.913438] pci 0000:00:1c.4: PCI bridge to [bus 02-03]
[    1.913442] pci 0000:00:1c.4:   bridge window [mem 0x92000000-0x928fffff]
[    1.913446] pci 0000:00:1c.4:   bridge window [mem 0x91000000-0x91ffffff 64bit pref]
[    1.913478] pci_bus 0000:03: extended config space not accessible
[    1.913494] pci 0000:03:00.0: [102b:0536] type 00 class 0x030000
[    1.913513] pci 0000:03:00.0: reg 0x10: [mem 0x91000000-0x91ffffff pref]
[    1.913524] pci 0000:03:00.0: reg 0x14: [mem 0x92808000-0x9280bfff]
[    1.913534] pci 0000:03:00.0: reg 0x18: [mem 0x92000000-0x927fffff]
[    1.913581] pci 0000:03:00.0: BAR 0: assigned to efifb
[    1.913680] pci 0000:02:00.0: PCI bridge to [bus 03]
[    1.913688] pci 0000:02:00.0:   bridge window [mem 0x92000000-0x928fffff]
[    1.913694] pci 0000:02:00.0:   bridge window [mem 0x91000000-0x91ffffff 64bit pref]
[    1.913770] pci 0000:04:00.0: [14e4:165f] type 00 class 0x020000
[    1.913793] pci 0000:04:00.0: reg 0x10: [mem 0x92930000-0x9293ffff 64bit pref]
[    1.913809] pci 0000:04:00.0: reg 0x18: [mem 0x92940000-0x9294ffff 64bit pref]
[    1.913824] pci 0000:04:00.0: reg 0x20: [mem 0x92950000-0x9295ffff 64bit pref]
[    1.913835] pci 0000:04:00.0: reg 0x30: [mem 0xfffc0000-0xffffffff pref]
[    1.913928] pci 0000:04:00.0: PME# supported from D0 D3hot D3cold
[    1.913985] pci 0000:04:00.0: 4.000 Gb/s available PCIe bandwidth, limited by 5.0 GT/s PCIe x1 link at 0000:00:1c.5 (capable of 8.000 Gb/s with 5.0 GT/s PCIe x2 link)
[    1.914530] pci 0000:04:00.1: [14e4:165f] type 00 class 0x020000
[    1.914553] pci 0000:04:00.1: reg 0x10: [mem 0x92900000-0x9290ffff 64bit pref]
[    1.914569] pci 0000:04:00.1: reg 0x18: [mem 0x92910000-0x9291ffff 64bit pref]
[    1.914584] pci 0000:04:00.1: reg 0x20: [mem 0x92920000-0x9292ffff 64bit pref]
[    1.914595] pci 0000:04:00.1: reg 0x30: [mem 0xfffc0000-0xffffffff pref]
[    1.914688] pci 0000:04:00.1: PME# supported from D0 D3hot D3cold
[    1.915240] pci 0000:00:1c.5: PCI bridge to [bus 04]
[    1.915248] pci 0000:00:1c.5:   bridge window [mem 0x92900000-0x929fffff 64bit pref]
[    1.915261] pci_bus 0000:00: on NUMA node 0
[    1.915833] ACPI: PCI Root Bridge [PC01] (domain 0000 [bus 16-2f])
[    1.915837] acpi PNP0A08:01: _OSC: OS supports [ExtendedConfig ASPM ClockPM Segments MSI HPX-Type3]
[    1.929832] acpi PNP0A08:01: _OSC: platform does not support [SHPCHotplug AER]
[    1.930039] acpi PNP0A08:01: _OSC: OS now controls [PCIeHotplug PME PCIeCapability LTR]
[    1.930041] acpi PNP0A08:01: FADT indicates ASPM is unsupported, using BIOS configuration
[    1.930166] PCI host bridge to bus 0000:16
[    1.930167] pci_bus 0000:16: root bus resource [io  0x5000-0x6fff window]
[    1.930169] pci_bus 0000:16: root bus resource [mem 0x9b800000-0xa63fffff window]
[    1.930170] pci_bus 0000:16: root bus resource [mem 0x210000000000-0x21ffffffffff window]
[    1.930172] pci_bus 0000:16: root bus resource [bus 16-2f]
[    1.930186] pci 0000:16:00.0: [8086:09a2] type 00 class 0x088000
[    1.930260] pci 0000:16:00.1: [8086:09a4] type 00 class 0x088000
[    1.930329] pci 0000:16:00.2: [8086:09a3] type 00 class 0x088000
[    1.930399] pci 0000:16:00.4: [8086:0998] type 00 class 0x060000
[    1.930475] pci 0000:16:02.0: [8086:347a] type 01 class 0x060400
[    1.930484] pci 0000:16:02.0: reg 0x10: [mem 0x21fffff00000-0x21fffff1ffff 64bit]
[    1.930521] pci 0000:16:02.0: PME# supported from D0 D3hot D3cold
[    1.931420] pci 0000:17:00.0: [1000:10e2] type 00 class 0x010400
[    1.931432] pci 0000:17:00.0: reg 0x10: [mem 0x9b800000-0x9b8fffff 64bit pref]
[    1.931440] pci 0000:17:00.0: reg 0x18: [mem 0x9b900000-0x9b9fffff 64bit pref]
[    1.931446] pci 0000:17:00.0: reg 0x20: [mem 0x9ba00000-0x9bafffff]
[    1.931452] pci 0000:17:00.0: reg 0x24: [io  0x5000-0x50ff]
[    1.931457] pci 0000:17:00.0: reg 0x30: [mem 0xfff00000-0xffffffff pref]
[    1.933012] pci 0000:17:00.0: supports D1 D2
[    1.933083] pci 0000:16:02.0: PCI bridge to [bus 17]
[    1.933086] pci 0000:16:02.0:   bridge window [io  0x5000-0x5fff]
[    1.933088] pci 0000:16:02.0:   bridge window [mem 0x9ba00000-0x9bafffff]
[    1.933091] pci 0000:16:02.0:   bridge window [mem 0x9b800000-0x9b9fffff 64bit pref]
[    1.933096] pci_bus 0000:16: on NUMA node 0
[    1.933177] ACPI: PCI Root Bridge [PC02] (domain 0000 [bus 30-49])
[    1.933181] acpi PNP0A08:02: _OSC: OS supports [ExtendedConfig ASPM ClockPM Segments MSI HPX-Type3]
[    1.946872] acpi PNP0A08:02: _OSC: platform does not support [SHPCHotplug AER]
[    1.947076] acpi PNP0A08:02: _OSC: OS now controls [PCIeHotplug PME PCIeCapability LTR]
[    1.947078] acpi PNP0A08:02: FADT indicates ASPM is unsupported, using BIOS configuration
[    1.947196] PCI host bridge to bus 0000:30
[    1.947197] pci_bus 0000:30: root bus resource [io  0x7000-0x8fff window]
[    1.947199] pci_bus 0000:30: root bus resource [mem 0xa6400000-0xb0ffffff window]
[    1.947200] pci_bus 0000:30: root bus resource [mem 0x220000000000-0x22ffffffffff window]
[    1.947201] pci_bus 0000:30: root bus resource [bus 30-49]
[    1.947216] pci 0000:30:00.0: [8086:09a2] type 00 class 0x088000
[    1.947293] pci 0000:30:00.1: [8086:09a4] type 00 class 0x088000
[    1.947366] pci 0000:30:00.2: [8086:09a3] type 00 class 0x088000
[    1.947436] pci 0000:30:00.4: [8086:0998] type 00 class 0x060000
[    1.947508] pci_bus 0000:30: on NUMA node 0
[    1.947609] ACPI: PCI Root Bridge [PC04] (domain 0000 [bus 4a-63])
[    1.947612] acpi PNP0A08:04: _OSC: OS supports [ExtendedConfig ASPM ClockPM Segments MSI HPX-Type3]
[    1.961310] acpi PNP0A08:04: _OSC: platform does not support [SHPCHotplug AER]
[    1.961512] acpi PNP0A08:04: _OSC: OS now controls [PCIeHotplug PME PCIeCapability LTR]
[    1.961514] acpi PNP0A08:04: FADT indicates ASPM is unsupported, using BIOS configuration
[    1.961626] PCI host bridge to bus 0000:4a
[    1.961627] pci_bus 0000:4a: root bus resource [io  0x9000-0x9fff window]
[    1.961628] pci_bus 0000:4a: root bus resource [mem 0xb1000000-0xbbbfffff window]
[    1.961630] pci_bus 0000:4a: root bus resource [mem 0x230000000000-0x23ffffffffff window]
[    1.961631] pci_bus 0000:4a: root bus resource [bus 4a-63]
[    1.961644] pci 0000:4a:00.0: [8086:09a2] type 00 class 0x088000
[    1.961717] pci 0000:4a:00.1: [8086:09a4] type 00 class 0x088000
[    1.961787] pci 0000:4a:00.2: [8086:09a3] type 00 class 0x088000
[    1.961856] pci 0000:4a:00.4: [8086:0998] type 00 class 0x060000
[    1.961928] pci_bus 0000:4a: on NUMA node 0
[    1.961999] ACPI: PCI Root Bridge [PC05] (domain 0000 [bus 64-7d])
[    1.962001] acpi PNP0A08:05: _OSC: OS supports [ExtendedConfig ASPM ClockPM Segments MSI HPX-Type3]
[    1.975698] acpi PNP0A08:05: _OSC: platform does not support [SHPCHotplug AER]
[    1.975898] acpi PNP0A08:05: _OSC: OS now controls [PCIeHotplug PME PCIeCapability LTR]
[    1.975900] acpi PNP0A08:05: FADT indicates ASPM is unsupported, using BIOS configuration
[    1.976009] PCI host bridge to bus 0000:64
[    1.976009] pci_bus 0000:64: root bus resource [io  0xa000-0xafff window]
[    1.976011] pci_bus 0000:64: root bus resource [mem 0xbbc00000-0xc5ffffff window]
[    1.976012] pci_bus 0000:64: root bus resource [mem 0x240000000000-0x24ffffffffff window]
[    1.976013] pci_bus 0000:64: root bus resource [bus 64-7d]
[    1.976027] pci 0000:64:00.0: [8086:09a2] type 00 class 0x088000
[    1.976098] pci 0000:64:00.1: [8086:09a4] type 00 class 0x088000
[    1.976172] pci 0000:64:00.2: [8086:09a3] type 00 class 0x088000
[    1.976241] pci 0000:64:00.4: [8086:0998] type 00 class 0x060000
[    1.976313] pci_bus 0000:64: on NUMA node 0
[    1.976376] ACPI: PCI Root Bridge [UC06] (domain 0000 [bus 7e])
[    1.976378] acpi PNP0A03:00: _OSC: OS supports [ExtendedConfig ASPM ClockPM Segments MSI HPX-Type3]
[    1.976543] acpi PNP0A03:00: _OSC: platform does not support [SHPCHotplug AER LTR]
[    1.976714] acpi PNP0A03:00: _OSC: OS now controls [PCIeHotplug PME PCIeCapability]
[    1.976715] acpi PNP0A03:00: FADT indicates ASPM is unsupported, using BIOS configuration
[    1.976838] PCI host bridge to bus 0000:7e
[    1.976839] pci_bus 0000:7e: root bus resource [bus 7e]
[    1.976872] pci 0000:7e:00.0: [8086:3450] type 00 class 0x088000
[    1.976954] pci 0000:7e:00.1: [8086:3451] type 00 class 0x088000
[    1.977043] pci 0000:7e:00.2: [8086:3452] type 00 class 0x088000
[    1.977122] pci 0000:7e:00.3: [8086:0998] type 00 class 0x060000
[    1.977201] pci 0000:7e:00.5: [8086:3455] type 00 class 0x088000
[    1.977299] pci 0000:7e:02.0: [8086:3440] type 00 class 0x088000
[    1.977440] pci 0000:7e:02.1: [8086:3441] type 00 class 0x088000
[    1.977571] pci 0000:7e:02.2: [8086:3442] type 00 class 0x088000
[    1.977714] pci 0000:7e:03.0: [8086:3440] type 00 class 0x088000
[    1.977816] pci 0000:7e:03.1: [8086:3441] type 00 class 0x088000
[    1.977911] pci 0000:7e:03.2: [8086:3442] type 00 class 0x088000
[    1.978016] pci 0000:7e:04.0: [8086:3440] type 00 class 0x088000
[    1.978158] pci 0000:7e:04.1: [8086:3441] type 00 class 0x088000
[    1.978297] pci 0000:7e:04.2: [8086:3442] type 00 class 0x088000
[    1.978441] pci 0000:7e:04.3: [8086:3443] type 00 class 0x088000
[    1.978595] pci 0000:7e:05.0: [8086:3445] type 00 class 0x088000
[    1.978732] pci 0000:7e:05.1: [8086:3446] type 00 class 0x088000
[    1.978866] pci 0000:7e:05.2: [8086:3447] type 00 class 0x088000
[    1.979011] pci 0000:7e:06.0: [8086:3445] type 00 class 0x088000
[    1.979113] pci 0000:7e:06.1: [8086:3446] type 00 class 0x088000
[    1.979213] pci 0000:7e:06.2: [8086:3447] type 00 class 0x088000
[    1.979333] pci 0000:7e:07.0: [8086:3445] type 00 class 0x088000
[    1.979485] pci 0000:7e:07.1: [8086:3446] type 00 class 0x088000
[    1.979628] pci 0000:7e:07.2: [8086:3447] type 00 class 0x088000
[    1.979779] pci 0000:7e:0b.0: [8086:3448] type 00 class 0x088000
[    1.979869] pci 0000:7e:0b.1: [8086:3448] type 00 class 0x088000
[    1.979956] pci 0000:7e:0b.2: [8086:344b] type 00 class 0x088000
[    1.980061] pci 0000:7e:0c.0: [8086:344a] type 00 class 0x110100
[    1.980186] pci 0000:7e:0d.0: [8086:344a] type 00 class 0x110100
[    1.980299] pci 0000:7e:0e.0: [8086:344a] type 00 class 0x110100
[    1.980472] pci 0000:7e:0f.0: [8086:344a] type 00 class 0x110100
[    1.980671] pci 0000:7e:1a.0: [8086:2880] type 00 class 0x110100
[    1.980792] pci 0000:7e:1b.0: [8086:2880] type 00 class 0x110100
[    1.980898] pci 0000:7e:1c.0: [8086:2880] type 00 class 0x110100
[    1.981072] pci 0000:7e:1d.0: [8086:2880] type 00 class 0x110100
[    1.981229] pci_bus 0000:7e: on NUMA node 0
[    1.981306] ACPI: PCI Root Bridge [UC07] (domain 0000 [bus 7f])
[    1.981309] acpi PNP0A03:01: _OSC: OS supports [ExtendedConfig ASPM ClockPM Segments MSI HPX-Type3]
[    1.981476] acpi PNP0A03:01: _OSC: platform does not support [SHPCHotplug AER LTR]
[    1.981647] acpi PNP0A03:01: _OSC: OS now controls [PCIeHotplug PME PCIeCapability]
[    1.981648] acpi PNP0A03:01: FADT indicates ASPM is unsupported, using BIOS configuration
[    1.981782] PCI host bridge to bus 0000:7f
[    1.981784] pci_bus 0000:7f: root bus resource [bus 7f]
[    1.981825] pci 0000:7f:00.0: [8086:344c] type 00 class 0x088000
[    1.981949] pci 0000:7f:00.1: [8086:344c] type 00 class 0x088000
[    1.982085] pci 0000:7f:00.2: [8086:344c] type 00 class 0x088000
[    1.982227] pci 0000:7f:00.3: [8086:344c] type 00 class 0x088000
[    1.982341] pci 0000:7f:00.4: [8086:344c] type 00 class 0x088000
[    1.982488] pci 0000:7f:00.5: [8086:344c] type 00 class 0x088000
[    1.982627] pci 0000:7f:00.6: [8086:344c] type 00 class 0x088000
[    1.982730] pci 0000:7f:00.7: [8086:344c] type 00 class 0x088000
[    1.982851] pci 0000:7f:01.0: [8086:344c] type 00 class 0x088000
[    1.983005] pci 0000:7f:01.1: [8086:344c] type 00 class 0x088000
[    1.983149] pci 0000:7f:01.2: [8086:344c] type 00 class 0x088000
[    1.983258] pci 0000:7f:01.3: [8086:344c] type 00 class 0x088000
[    1.983413] pci 0000:7f:01.4: [8086:344c] type 00 class 0x088000
[    1.983571] pci 0000:7f:01.5: [8086:344c] type 00 class 0x088000
[    1.983733] pci 0000:7f:01.6: [8086:344c] type 00 class 0x088000
[    1.983879] pci 0000:7f:01.7: [8086:344c] type 00 class 0x088000
[    1.984046] pci 0000:7f:02.0: [8086:344c] type 00 class 0x088000
[    1.984200] pci 0000:7f:02.1: [8086:344c] type 00 class 0x088000
[    1.984355] pci 0000:7f:02.2: [8086:344c] type 00 class 0x088000
[    1.984518] pci 0000:7f:02.3: [8086:344c] type 00 class 0x088000
[    1.984681] pci 0000:7f:02.4: [8086:344c] type 00 class 0x088000
[    1.984842] pci 0000:7f:02.5: [8086:344c] type 00 class 0x088000
[    1.985004] pci 0000:7f:02.6: [8086:344c] type 00 class 0x088000
[    1.985175] pci 0000:7f:02.7: [8086:344c] type 00 class 0x088000
[    1.985361] pci 0000:7f:03.0: [8086:344c] type 00 class 0x088000
[    1.985529] pci 0000:7f:03.1: [8086:344c] type 00 class 0x088000
[    1.985706] pci 0000:7f:03.2: [8086:344c] type 00 class 0x088000
[    1.985886] pci 0000:7f:03.3: [8086:344c] type 00 class 0x088000
[    1.986084] pci 0000:7f:0a.0: [8086:344d] type 00 class 0x088000
[    1.986208] pci 0000:7f:0a.1: [8086:344d] type 00 class 0x088000
[    1.986343] pci 0000:7f:0a.2: [8086:344d] type 00 class 0x088000
[    1.986479] pci 0000:7f:0a.3: [8086:344d] type 00 class 0x088000
[    1.986593] pci 0000:7f:0a.4: [8086:344d] type 00 class 0x088000
[    1.986739] pci 0000:7f:0a.5: [8086:344d] type 00 class 0x088000
[    1.986879] pci 0000:7f:0a.6: [8086:344d] type 00 class 0x088000
[    1.986987] pci 0000:7f:0a.7: [8086:344d] type 00 class 0x088000
[    1.987109] pci 0000:7f:0b.0: [8086:344d] type 00 class 0x088000
[    1.987261] pci 0000:7f:0b.1: [8086:344d] type 00 class 0x088000
[    1.987403] pci 0000:7f:0b.2: [8086:344d] type 00 class 0x088000
[    1.987510] pci 0000:7f:0b.3: [8086:344d] type 00 class 0x088000
[    1.987667] pci 0000:7f:0b.4: [8086:344d] type 00 class 0x088000
[    1.987824] pci 0000:7f:0b.5: [8086:344d] type 00 class 0x088000
[    1.987985] pci 0000:7f:0b.6: [8086:344d] type 00 class 0x088000
[    1.988136] pci 0000:7f:0b.7: [8086:344d] type 00 class 0x088000
[    1.988303] pci 0000:7f:0c.0: [8086:344d] type 00 class 0x088000
[    1.988459] pci 0000:7f:0c.1: [8086:344d] type 00 class 0x088000
[    1.988615] pci 0000:7f:0c.2: [8086:344d] type 00 class 0x088000
[    1.988773] pci 0000:7f:0c.3: [8086:344d] type 00 class 0x088000
[    1.988937] pci 0000:7f:0c.4: [8086:344d] type 00 class 0x088000
[    1.989100] pci 0000:7f:0c.5: [8086:344d] type 00 class 0x088000
[    1.989263] pci 0000:7f:0c.6: [8086:344d] type 00 class 0x088000
[    1.989440] pci 0000:7f:0c.7: [8086:344d] type 00 class 0x088000
[    1.989627] pci 0000:7f:0d.0: [8086:344d] type 00 class 0x088000
[    1.989800] pci 0000:7f:0d.1: [8086:344d] type 00 class 0x088000
[    1.989979] pci 0000:7f:0d.2: [8086:344d] type 00 class 0x088000
[    1.990153] pci 0000:7f:0d.3: [8086:344d] type 00 class 0x088000
[    1.990361] pci 0000:7f:1d.0: [8086:344f] type 00 class 0x088000
[    1.990494] pci 0000:7f:1d.1: [8086:3457] type 00 class 0x088000
[    1.990640] pci 0000:7f:1e.0: [8086:3458] type 00 class 0x088000
[    1.990735] pci 0000:7f:1e.1: [8086:3459] type 00 class 0x088000
[    1.990823] pci 0000:7f:1e.2: [8086:345a] type 00 class 0x088000
[    1.990912] pci 0000:7f:1e.3: [8086:345b] type 00 class 0x088000
[    1.990999] pci 0000:7f:1e.4: [8086:345c] type 00 class 0x088000
[    1.991087] pci 0000:7f:1e.5: [8086:345d] type 00 class 0x088000
[    1.991175] pci 0000:7f:1e.6: [8086:345e] type 00 class 0x088000
[    1.991262] pci 0000:7f:1e.7: [8086:345f] type 00 class 0x088000
[    1.991332] pci_bus 0000:7f: on NUMA node 0
[    1.991429] ACPI: PCI Root Bridge [PC06] (domain 0000 [bus 80])
[    1.991432] acpi PNP0A08:06: _OSC: OS supports [ExtendedConfig ASPM ClockPM Segments MSI HPX-Type3]
[    2.005106] acpi PNP0A08:06: _OSC: platform does not support [SHPCHotplug AER]
[    2.005309] acpi PNP0A08:06: _OSC: OS now controls [PCIeHotplug PME PCIeCapability LTR]
[    2.005310] acpi PNP0A08:06: FADT indicates ASPM is unsupported, using BIOS configuration
[    2.005448] PCI host bridge to bus 0000:80
[    2.005449] pci_bus 0000:80: root bus resource [io  0xb000-0xbfff window]
[    2.005451] pci_bus 0000:80: root bus resource [mem 0xc6800000-0xd0ffffff window]
[    2.005452] pci_bus 0000:80: root bus resource [mem 0x250000000000-0x25ffffffffff window]
[    2.005453] pci_bus 0000:80: root bus resource [bus 80]
[    2.005485] pci 0000:80:00.0: [8086:09a2] type 00 class 0x088000
[    2.005579] pci 0000:80:00.1: [8086:09a4] type 00 class 0x088000
[    2.005667] pci 0000:80:00.2: [8086:09a3] type 00 class 0x088000
[    2.005756] pci 0000:80:00.4: [8086:0998] type 00 class 0x060000
[    2.005845] pci 0000:80:02.0: [8086:09a6] type 00 class 0x088000
[    2.005854] pci 0000:80:02.0: reg 0x10: [mem 0xc6aa4000-0xc6aa5fff]
[    2.005940] pci 0000:80:02.1: [8086:09a7] type 00 class 0x088000
[    2.005948] pci 0000:80:02.1: reg 0x10: [mem 0xc6a00000-0xc6a7ffff]
[    2.005954] pci 0000:80:02.1: reg 0x14: [mem 0xc6980000-0xc69fffff]
[    2.006040] pci 0000:80:02.4: [8086:3456] type 00 class 0x130000
[    2.006050] pci 0000:80:02.4: reg 0x10: [mem 0xc6800000-0xc68fffff 64bit]
[    2.006057] pci 0000:80:02.4: reg 0x18: [mem 0xc6aa0000-0xc6aa3fff 64bit]
[    2.006064] pci 0000:80:02.4: reg 0x20: [mem 0xc6a80000-0xc6a9ffff 64bit]
[    2.006127] pci_bus 0000:80: on NUMA node 1
[    2.006203] ACPI: PCI Root Bridge [PC07] (domain 0000 [bus 81])
[    2.006205] acpi PNP0A08:07: _OSC: OS supports [ExtendedConfig ASPM ClockPM Segments MSI HPX-Type3]
[    2.019885] acpi PNP0A08:07: _OSC: platform does not support [SHPCHotplug AER]
[    2.020087] acpi PNP0A08:07: _OSC: OS now controls [PCIeHotplug PME PCIeCapability LTR]
[    2.020088] acpi PNP0A08:07: FADT indicates ASPM is unsupported, using BIOS configuration
[    2.020200] PCI host bridge to bus 0000:81
[    2.020201] pci_bus 0000:81: root bus resource [io  0xc000-0xcfff window]
[    2.020202] pci_bus 0000:81: root bus resource [mem 0xd1000000-0xdbbfffff window]
[    2.020203] pci_bus 0000:81: root bus resource [mem 0x260000000000-0x26ffffffffff window]
[    2.020204] pci_bus 0000:81: root bus resource [bus 81]
[    2.020218] pci 0000:81:00.0: [8086:09a2] type 00 class 0x088000
[    2.020295] pci 0000:81:00.1: [8086:09a4] type 00 class 0x088000
[    2.020376] pci 0000:81:00.2: [8086:09a3] type 00 class 0x088000
[    2.020452] pci 0000:81:00.4: [8086:0998] type 00 class 0x060000
[    2.020532] pci_bus 0000:81: on NUMA node 1
[    2.020601] ACPI: PCI Root Bridge [PC08] (domain 0000 [bus 82])
[    2.020604] acpi PNP0A08:08: _OSC: OS supports [ExtendedConfig ASPM ClockPM Segments MSI HPX-Type3]
[    2.034278] acpi PNP0A08:08: _OSC: platform does not support [SHPCHotplug AER]
[    2.034479] acpi PNP0A08:08: _OSC: OS now controls [PCIeHotplug PME PCIeCapability LTR]
[    2.034480] acpi PNP0A08:08: FADT indicates ASPM is unsupported, using BIOS configuration
[    2.034592] PCI host bridge to bus 0000:82
[    2.034593] pci_bus 0000:82: root bus resource [io  0xd000-0xdfff window]
[    2.034594] pci_bus 0000:82: root bus resource [mem 0xdbc00000-0xe67fffff window]
[    2.034595] pci_bus 0000:82: root bus resource [mem 0x270000000000-0x27ffffffffff window]
[    2.034597] pci_bus 0000:82: root bus resource [bus 82]
[    2.034611] pci 0000:82:00.0: [8086:09a2] type 00 class 0x088000
[    2.034687] pci 0000:82:00.1: [8086:09a4] type 00 class 0x088000
[    2.034761] pci 0000:82:00.2: [8086:09a3] type 00 class 0x088000
[    2.034836] pci 0000:82:00.4: [8086:0998] type 00 class 0x060000
[    2.034917] pci_bus 0000:82: on NUMA node 1
[    2.035014] ACPI: PCI Root Bridge [PC10] (domain 0000 [bus 83-f9])
[    2.035017] acpi PNP0A08:0a: _OSC: OS supports [ExtendedConfig ASPM ClockPM Segments MSI HPX-Type3]
[    2.048709] acpi PNP0A08:0a: _OSC: platform does not support [SHPCHotplug AER]
[    2.048910] acpi PNP0A08:0a: _OSC: OS now controls [PCIeHotplug PME PCIeCapability LTR]
[    2.048911] acpi PNP0A08:0a: FADT indicates ASPM is unsupported, using BIOS configuration
[    2.049035] PCI host bridge to bus 0000:83
[    2.049036] pci_bus 0000:83: root bus resource [io  0xe000-0xefff window]
[    2.049037] pci_bus 0000:83: root bus resource [mem 0xe6800000-0xf13fffff window]
[    2.049038] pci_bus 0000:83: root bus resource [mem 0x280000000000-0x28ffffffffff window]
[    2.049039] pci_bus 0000:83: root bus resource [bus 83-f9]
[    2.049054] pci 0000:83:00.0: [8086:09a2] type 00 class 0x088000
[    2.049132] pci 0000:83:00.1: [8086:09a4] type 00 class 0x088000
[    2.049213] pci 0000:83:00.2: [8086:09a3] type 00 class 0x088000
[    2.049290] pci 0000:83:00.4: [8086:0998] type 00 class 0x060000
[    2.049370] pci_bus 0000:83: on NUMA node 1
[    2.049440] ACPI: PCI Root Bridge [PC11] (domain 0000 [bus fa])
[    2.049443] acpi PNP0A08:0b: _OSC: OS supports [ExtendedConfig ASPM ClockPM Segments MSI HPX-Type3]
[    2.063130] acpi PNP0A08:0b: _OSC: platform does not support [SHPCHotplug AER]
[    2.063332] acpi PNP0A08:0b: _OSC: OS now controls [PCIeHotplug PME PCIeCapability LTR]
[    2.063333] acpi PNP0A08:0b: FADT indicates ASPM is unsupported, using BIOS configuration
[    2.063445] PCI host bridge to bus 0000:fa
[    2.063446] pci_bus 0000:fa: root bus resource [io  0xf000-0xffff window]
[    2.063447] pci_bus 0000:fa: root bus resource [mem 0xf1400000-0xfb7fffff window]
[    2.063448] pci_bus 0000:fa: root bus resource [mem 0x290000000000-0x29ffffffffff window]
[    2.063450] pci_bus 0000:fa: root bus resource [bus fa]
[    2.063464] pci 0000:fa:00.0: [8086:09a2] type 00 class 0x088000
[    2.063541] pci 0000:fa:00.1: [8086:09a4] type 00 class 0x088000
[    2.063615] pci 0000:fa:00.2: [8086:09a3] type 00 class 0x088000
[    2.063692] pci 0000:fa:00.4: [8086:0998] type 00 class 0x060000
[    2.063773] pci_bus 0000:fa: on NUMA node 1
[    2.063836] ACPI: PCI Root Bridge [UC16] (domain 0000 [bus fe])
[    2.063839] acpi PNP0A03:02: _OSC: OS supports [ExtendedConfig ASPM ClockPM Segments MSI HPX-Type3]
[    2.064004] acpi PNP0A03:02: _OSC: platform does not support [SHPCHotplug AER LTR]
[    2.064173] acpi PNP0A03:02: _OSC: OS now controls [PCIeHotplug PME PCIeCapability]
[    2.064174] acpi PNP0A03:02: FADT indicates ASPM is unsupported, using BIOS configuration
[    2.064295] PCI host bridge to bus 0000:fe
[    2.064296] pci_bus 0000:fe: root bus resource [bus fe]
[    2.064328] pci 0000:fe:00.0: [8086:3450] type 00 class 0x088000
[    2.064419] pci 0000:fe:00.1: [8086:3451] type 00 class 0x088000
[    2.064503] pci 0000:fe:00.2: [8086:3452] type 00 class 0x088000
[    2.064582] pci 0000:fe:00.3: [8086:0998] type 00 class 0x060000
[    2.064663] pci 0000:fe:00.5: [8086:3455] type 00 class 0x088000
[    2.064763] pci 0000:fe:02.0: [8086:3440] type 00 class 0x088000
[    2.064905] pci 0000:fe:02.1: [8086:3441] type 00 class 0x088000
[    2.065039] pci 0000:fe:02.2: [8086:3442] type 00 class 0x088000
[    2.065184] pci 0000:fe:03.0: [8086:3440] type 00 class 0x088000
[    2.065293] pci 0000:fe:03.1: [8086:3441] type 00 class 0x088000
[    2.065399] pci 0000:fe:03.2: [8086:3442] type 00 class 0x088000
[    2.065507] pci 0000:fe:04.0: [8086:3440] type 00 class 0x088000
[    2.065652] pci 0000:fe:04.1: [8086:3441] type 00 class 0x088000
[    2.065793] pci 0000:fe:04.2: [8086:3442] type 00 class 0x088000
[    2.065936] pci 0000:fe:04.3: [8086:3443] type 00 class 0x088000
[    2.066091] pci 0000:fe:05.0: [8086:3445] type 00 class 0x088000
[    2.066236] pci 0000:fe:05.1: [8086:3446] type 00 class 0x088000
[    2.066374] pci 0000:fe:05.2: [8086:3447] type 00 class 0x088000
[    2.066527] pci 0000:fe:06.0: [8086:3445] type 00 class 0x088000
[    2.066633] pci 0000:fe:06.1: [8086:3446] type 00 class 0x088000
[    2.066738] pci 0000:fe:06.2: [8086:3447] type 00 class 0x088000
[    2.066862] pci 0000:fe:07.0: [8086:3445] type 00 class 0x088000
[    2.067010] pci 0000:fe:07.1: [8086:3446] type 00 class 0x088000
[    2.067154] pci 0000:fe:07.2: [8086:3447] type 00 class 0x088000
[    2.067308] pci 0000:fe:0b.0: [8086:3448] type 00 class 0x088000
[    2.067397] pci 0000:fe:0b.1: [8086:3448] type 00 class 0x088000
[    2.067493] pci 0000:fe:0b.2: [8086:344b] type 00 class 0x088000
[    2.067600] pci 0000:fe:0c.0: [8086:344a] type 00 class 0x110100
[    2.067728] pci 0000:fe:0d.0: [8086:344a] type 00 class 0x110100
[    2.067842] pci 0000:fe:0e.0: [8086:344a] type 00 class 0x110100
[    2.068015] pci 0000:fe:0f.0: [8086:344a] type 00 class 0x110100
[    2.068208] pci 0000:fe:1a.0: [8086:2880] type 00 class 0x110100
[    2.068335] pci 0000:fe:1b.0: [8086:2880] type 00 class 0x110100
[    2.068450] pci 0000:fe:1c.0: [8086:2880] type 00 class 0x110100
[    2.068633] pci 0000:fe:1d.0: [8086:2880] type 00 class 0x110100
[    2.068795] pci_bus 0000:fe: on NUMA node 1
[    2.068873] ACPI: PCI Root Bridge [UC17] (domain 0000 [bus ff])
[    2.068875] acpi PNP0A03:03: _OSC: OS supports [ExtendedConfig ASPM ClockPM Segments MSI HPX-Type3]
[    2.069043] acpi PNP0A03:03: _OSC: platform does not support [SHPCHotplug AER LTR]
[    2.069213] acpi PNP0A03:03: _OSC: OS now controls [PCIeHotplug PME PCIeCapability]
[    2.069214] acpi PNP0A03:03: FADT indicates ASPM is unsupported, using BIOS configuration
[    2.069348] PCI host bridge to bus 0000:ff
[    2.069350] pci_bus 0000:ff: root bus resource [bus ff]
[    2.069391] pci 0000:ff:00.0: [8086:344c] type 00 class 0x088000
[    2.069522] pci 0000:ff:00.1: [8086:344c] type 00 class 0x088000
[    2.069660] pci 0000:ff:00.2: [8086:344c] type 00 class 0x088000
[    2.069783] pci 0000:ff:00.3: [8086:344c] type 00 class 0x088000
[    2.069929] pci 0000:ff:00.4: [8086:344c] type 00 class 0x088000
[    2.070071] pci 0000:ff:00.5: [8086:344c] type 00 class 0x088000
[    2.070190] pci 0000:ff:00.6: [8086:344c] type 00 class 0x088000
[    2.070345] pci 0000:ff:00.7: [8086:344c] type 00 class 0x088000
[    2.070511] pci 0000:ff:01.0: [8086:344c] type 00 class 0x088000
[    2.070668] pci 0000:ff:01.1: [8086:344c] type 00 class 0x088000
[    2.070818] pci 0000:ff:01.2: [8086:344c] type 00 class 0x088000
[    2.070927] pci 0000:ff:01.3: [8086:344c] type 00 class 0x088000
[    2.071088] pci 0000:ff:01.4: [8086:344c] type 00 class 0x088000
[    2.071251] pci 0000:ff:01.5: [8086:344c] type 00 class 0x088000
[    2.071415] pci 0000:ff:01.6: [8086:344c] type 00 class 0x088000
[    2.071575] pci 0000:ff:01.7: [8086:344c] type 00 class 0x088000
[    2.071756] pci 0000:ff:02.0: [8086:344c] type 00 class 0x088000
[    2.071915] pci 0000:ff:02.1: [8086:344c] type 00 class 0x088000
[    2.072072] pci 0000:ff:02.2: [8086:344c] type 00 class 0x088000
[    2.072237] pci 0000:ff:02.3: [8086:344c] type 00 class 0x088000
[    2.072397] pci 0000:ff:02.4: [8086:344c] type 00 class 0x088000
[    2.072559] pci 0000:ff:02.5: [8086:344c] type 00 class 0x088000
[    2.072729] pci 0000:ff:02.6: [8086:344c] type 00 class 0x088000
[    2.072905] pci 0000:ff:02.7: [8086:344c] type 00 class 0x088000
[    2.073096] pci 0000:ff:03.0: [8086:344c] type 00 class 0x088000
[    2.073275] pci 0000:ff:03.1: [8086:344c] type 00 class 0x088000
[    2.073449] pci 0000:ff:03.2: [8086:344c] type 00 class 0x088000
[    2.073633] pci 0000:ff:03.3: [8086:344c] type 00 class 0x088000
[    2.073836] pci 0000:ff:0a.0: [8086:344d] type 00 class 0x088000
[    2.073965] pci 0000:ff:0a.1: [8086:344d] type 00 class 0x088000
[    2.074103] pci 0000:ff:0a.2: [8086:344d] type 00 class 0x088000
[    2.074233] pci 0000:ff:0a.3: [8086:344d] type 00 class 0x088000
[    2.074378] pci 0000:ff:0a.4: [8086:344d] type 00 class 0x088000
[    2.074521] pci 0000:ff:0a.5: [8086:344d] type 00 class 0x088000
[    2.074640] pci 0000:ff:0a.6: [8086:344d] type 00 class 0x088000
[    2.074791] pci 0000:ff:0a.7: [8086:344d] type 00 class 0x088000
[    2.074957] pci 0000:ff:0b.0: [8086:344d] type 00 class 0x088000
[    2.075116] pci 0000:ff:0b.1: [8086:344d] type 00 class 0x088000
[    2.075265] pci 0000:ff:0b.2: [8086:344d] type 00 class 0x088000
[    2.075380] pci 0000:ff:0b.3: [8086:344d] type 00 class 0x088000
[    2.075544] pci 0000:ff:0b.4: [8086:344d] type 00 class 0x088000
[    2.075707] pci 0000:ff:0b.5: [8086:344d] type 00 class 0x088000
[    2.075873] pci 0000:ff:0b.6: [8086:344d] type 00 class 0x088000
[    2.076025] pci 0000:ff:0b.7: [8086:344d] type 00 class 0x088000
[    2.076197] pci 0000:ff:0c.0: [8086:344d] type 00 class 0x088000
[    2.076357] pci 0000:ff:0c.1: [8086:344d] type 00 class 0x088000
[    2.076513] pci 0000:ff:0c.2: [8086:344d] type 00 class 0x088000
[    2.076686] pci 0000:ff:0c.3: [8086:344d] type 00 class 0x088000
[    2.076848] pci 0000:ff:0c.4: [8086:344d] type 00 class 0x088000
[    2.077011] pci 0000:ff:0c.5: [8086:344d] type 00 class 0x088000
[    2.077180] pci 0000:ff:0c.6: [8086:344d] type 00 class 0x088000
[    2.077351] pci 0000:ff:0c.7: [8086:344d] type 00 class 0x088000
[    2.077542] pci 0000:ff:0d.0: [8086:344d] type 00 class 0x088000
[    2.077720] pci 0000:ff:0d.1: [8086:344d] type 00 class 0x088000
[    2.077895] pci 0000:ff:0d.2: [8086:344d] type 00 class 0x088000
[    2.078084] pci 0000:ff:0d.3: [8086:344d] type 00 class 0x088000
[    2.078297] pci 0000:ff:1d.0: [8086:344f] type 00 class 0x088000
[    2.078434] pci 0000:ff:1d.1: [8086:3457] type 00 class 0x088000
[    2.078585] pci 0000:ff:1e.0: [8086:3458] type 00 class 0x088000
[    2.078677] pci 0000:ff:1e.1: [8086:3459] type 00 class 0x088000
[    2.078769] pci 0000:ff:1e.2: [8086:345a] type 00 class 0x088000
[    2.078859] pci 0000:ff:1e.3: [8086:345b] type 00 class 0x088000
[    2.078950] pci 0000:ff:1e.4: [8086:345c] type 00 class 0x088000
[    2.079046] pci 0000:ff:1e.5: [8086:345d] type 00 class 0x088000
[    2.079136] pci 0000:ff:1e.6: [8086:345e] type 00 class 0x088000
[    2.079228] pci 0000:ff:1e.7: [8086:345f] type 00 class 0x088000
[    2.079302] pci_bus 0000:ff: on NUMA node 1
[    2.080307] iommu: Default domain type: Translated 
[    2.080307] iommu: DMA domain TLB invalidation policy: lazy mode 
[    2.080307] pci 0000:03:00.0: vgaarb: setting as boot VGA device
[    2.080307] pci 0000:03:00.0: vgaarb: VGA device added: decodes=io+mem,owns=io+mem,locks=none
[    2.080307] pci 0000:03:00.0: vgaarb: bridge control possible
[    2.080307] vgaarb: loaded
[    2.080307] SCSI subsystem initialized
[    2.080307] libata version 3.00 loaded.
[    2.080307] ACPI: bus type USB registered
[    2.080307] usbcore: registered new interface driver usbfs
[    2.080307] usbcore: registered new interface driver hub
[    2.080307] usbcore: registered new device driver usb
[    2.080307] pps_core: LinuxPPS API ver. 1 registered
[    2.080307] pps_core: Software ver. 5.3.6 - Copyright 2005-2007 Rodolfo Giometti <giometti@linux.it>
[    2.080307] PTP clock support registered
[    2.080307] EDAC MC: Ver: 3.0.0
[    2.080307] Registered efivars operations
[    2.080307] NetLabel: Initializing
[    2.080307] NetLabel:  domain hash size = 128
[    2.080307] NetLabel:  protocols = UNLABELED CIPSOv4 CALIPSO
[    2.080307] NetLabel:  unlabeled traffic allowed by default
[    2.080307] PCI: Using ACPI for IRQ routing
[    2.085284] PCI: pci_cache_line_size set to 64 bytes
[    2.085841] e820: reserve RAM buffer [mem 0x0008f000-0x0008ffff]
[    2.085843] e820: reserve RAM buffer [mem 0x46cc5020-0x47ffffff]
[    2.085844] e820: reserve RAM buffer [mem 0x46cf7020-0x47ffffff]
[    2.085845] e820: reserve RAM buffer [mem 0x46d2a020-0x47ffffff]
[    2.085846] e820: reserve RAM buffer [mem 0x46d5d020-0x47ffffff]
[    2.085847] e820: reserve RAM buffer [mem 0x49e77000-0x4bffffff]
[    2.085848] e820: reserve RAM buffer [mem 0x4b2cf000-0x4bffffff]
[    2.085850] e820: reserve RAM buffer [mem 0x4bd94000-0x4bffffff]
[    2.085851] e820: reserve RAM buffer [mem 0x4ce00000-0x4fffffff]
[    2.085852] e820: reserve RAM buffer [mem 0x5eefe000-0x5fffffff]
[    2.085852] e820: reserve RAM buffer [mem 0x6f800000-0x6fffffff]
[    2.086045] hpet0: at MMIO 0xfed00000, IRQs 2, 8, 0, 0, 0, 0, 0, 0
[    2.086045] hpet0: 8 comparators, 64-bit 24.000000 MHz counter
[    2.088658] clocksource: Switched to clocksource tsc-early
[    2.096190] VFS: Disk quotas dquot_6.6.0
[    2.096237] VFS: Dquot-cache hash table entries: 512 (order 0, 4096 bytes)
[    2.096392] AppArmor: AppArmor Filesystem Enabled
[    2.096410] pnp: PnP ACPI init
[    2.111776] system 00:01: [io  0x0500-0x05fe] has been reserved
[    2.111779] system 00:01: [io  0x0400-0x041f] has been reserved
[    2.111781] system 00:01: [io  0x0600-0x061f] has been reserved
[    2.111782] system 00:01: [io  0x0ca0-0x0ca1] has been reserved
[    2.111783] system 00:01: [io  0x0ca4-0x0ca6] has been reserved
[    2.111785] system 00:01: [mem 0xff000000-0xffffffff] has been reserved
[    2.112362] system 00:04: [mem 0xfd000000-0xfdabffff] has been reserved
[    2.112365] system 00:04: [mem 0xfdad0000-0xfdadffff] has been reserved
[    2.112366] system 00:04: [mem 0xfdb00000-0xfdffffff] has been reserved
[    2.112368] system 00:04: [mem 0xfe000000-0xfe00ffff] has been reserved
[    2.112369] system 00:04: [mem 0xfe011000-0xfe01ffff] has been reserved
[    2.112371] system 00:04: [mem 0xfe036000-0xfe03bfff] has been reserved
[    2.112372] system 00:04: [mem 0xfe03d000-0xfe3fffff] has been reserved
[    2.112373] system 00:04: [mem 0xfe410000-0xfe7fffff] has been reserved
[    2.112681] system 00:05: [io  0x1000-0x10fe] has been reserved
[    2.113678] pnp: PnP ACPI: found 6 devices
[    2.119217] clocksource: acpi_pm: mask: 0xffffff max_cycles: 0xffffff, max_idle_ns: 2085701024 ns
[    2.119292] NET: Registered PF_INET protocol family
[    2.119639] IP idents hash table entries: 262144 (order: 9, 2097152 bytes, vmalloc)
[    2.121827] tcp_listen_portaddr_hash hash table entries: 32768 (order: 7, 524288 bytes, vmalloc)
[    2.122508] TCP established hash table entries: 524288 (order: 10, 4194304 bytes, vmalloc)
[    2.123142] TCP bind hash table entries: 65536 (order: 8, 1048576 bytes, vmalloc)
[    2.123202] TCP: Hash tables configured (established 524288 bind 65536)
[    2.123519] UDP hash table entries: 32768 (order: 8, 1048576 bytes, vmalloc)
[    2.123757] UDP-Lite hash table entries: 32768 (order: 8, 1048576 bytes, vmalloc)
[    2.124022] NET: Registered PF_UNIX/PF_LOCAL protocol family
[    2.124028] NET: Registered PF_XDP protocol family
[    2.124036] pci 0000:04:00.0: can't claim BAR 6 [mem 0xfffc0000-0xffffffff pref]: no compatible bridge window
[    2.124038] pci 0000:04:00.1: can't claim BAR 6 [mem 0xfffc0000-0xffffffff pref]: no compatible bridge window
[    2.124040] pci 0000:17:00.0: can't claim BAR 6 [mem 0xfff00000-0xffffffff pref]: no compatible bridge window
[    2.124057] pci 0000:00:1c.5: BAR 14: assigned [mem 0x90000000-0x900fffff]
[    2.124059] pci 0000:00:1c.0: PCI bridge to [bus 01]
[    2.124069] pci 0000:02:00.0: PCI bridge to [bus 03]
[    2.124073] pci 0000:02:00.0:   bridge window [mem 0x92000000-0x928fffff]
[    2.124077] pci 0000:02:00.0:   bridge window [mem 0x91000000-0x91ffffff 64bit pref]
[    2.124083] pci 0000:00:1c.4: PCI bridge to [bus 02-03]
[    2.124086] pci 0000:00:1c.4:   bridge window [mem 0x92000000-0x928fffff]
[    2.124089] pci 0000:00:1c.4:   bridge window [mem 0x91000000-0x91ffffff 64bit pref]
[    2.124094] pci 0000:04:00.0: BAR 6: assigned [mem 0x90000000-0x9003ffff pref]
[    2.124096] pci 0000:04:00.1: BAR 6: assigned [mem 0x90040000-0x9007ffff pref]
[    2.124097] pci 0000:00:1c.5: PCI bridge to [bus 04]
[    2.124100] pci 0000:00:1c.5:   bridge window [mem 0x90000000-0x900fffff]
[    2.124103] pci 0000:00:1c.5:   bridge window [mem 0x92900000-0x929fffff 64bit pref]
[    2.124107] pci_bus 0000:00: resource 4 [io  0x0000-0x0cf7 window]
[    2.124109] pci_bus 0000:00: resource 5 [io  0x1000-0x4fff window]
[    2.124110] pci_bus 0000:00: resource 6 [mem 0x000a0000-0x000bffff window]
[    2.124111] pci_bus 0000:00: resource 7 [mem 0x000c8000-0x000cffff window]
[    2.124112] pci_bus 0000:00: resource 8 [mem 0xfe010000-0xfe010fff window]
[    2.124114] pci_bus 0000:00: resource 9 [mem 0x90000000-0x9b7fffff window]
[    2.124115] pci_bus 0000:00: resource 10 [mem 0x200000000000-0x20ffffffffff window]
[    2.124117] pci_bus 0000:02: resource 1 [mem 0x92000000-0x928fffff]
[    2.124118] pci_bus 0000:02: resource 2 [mem 0x91000000-0x91ffffff 64bit pref]
[    2.124119] pci_bus 0000:03: resource 1 [mem 0x92000000-0x928fffff]
[    2.124120] pci_bus 0000:03: resource 2 [mem 0x91000000-0x91ffffff 64bit pref]
[    2.124121] pci_bus 0000:04: resource 1 [mem 0x90000000-0x900fffff]
[    2.124122] pci_bus 0000:04: resource 2 [mem 0x92900000-0x929fffff 64bit pref]
[    2.124192] pci 0000:17:00.0: BAR 6: no space for [mem size 0x00100000 pref]
[    2.124194] pci 0000:17:00.0: BAR 6: failed to assign [mem size 0x00100000 pref]
[    2.124195] pci 0000:16:02.0: PCI bridge to [bus 17]
[    2.124197] pci 0000:16:02.0:   bridge window [io  0x5000-0x5fff]
[    2.124200] pci 0000:16:02.0:   bridge window [mem 0x9ba00000-0x9bafffff]
[    2.124202] pci 0000:16:02.0:   bridge window [mem 0x9b800000-0x9b9fffff 64bit pref]
[    2.124205] pci_bus 0000:16: resource 4 [io  0x5000-0x6fff window]
[    2.124206] pci_bus 0000:16: resource 5 [mem 0x9b800000-0xa63fffff window]
[    2.124207] pci_bus 0000:16: resource 6 [mem 0x210000000000-0x21ffffffffff window]
[    2.124209] pci_bus 0000:17: resource 0 [io  0x5000-0x5fff]
[    2.124210] pci_bus 0000:17: resource 1 [mem 0x9ba00000-0x9bafffff]
[    2.124211] pci_bus 0000:17: resource 2 [mem 0x9b800000-0x9b9fffff 64bit pref]
[    2.124217] pci_bus 0000:30: resource 4 [io  0x7000-0x8fff window]
[    2.124218] pci_bus 0000:30: resource 5 [mem 0xa6400000-0xb0ffffff window]
[    2.124219] pci_bus 0000:30: resource 6 [mem 0x220000000000-0x22ffffffffff window]
[    2.124225] pci_bus 0000:4a: resource 4 [io  0x9000-0x9fff window]
[    2.124226] pci_bus 0000:4a: resource 5 [mem 0xb1000000-0xbbbfffff window]
[    2.124227] pci_bus 0000:4a: resource 6 [mem 0x230000000000-0x23ffffffffff window]
[    2.124233] pci_bus 0000:64: resource 4 [io  0xa000-0xafff window]
[    2.124234] pci_bus 0000:64: resource 5 [mem 0xbbc00000-0xc5ffffff window]
[    2.124235] pci_bus 0000:64: resource 6 [mem 0x240000000000-0x24ffffffffff window]
[    2.124265] pci_bus 0000:80: resource 4 [io  0xb000-0xbfff window]
[    2.124266] pci_bus 0000:80: resource 5 [mem 0xc6800000-0xd0ffffff window]
[    2.124267] pci_bus 0000:80: resource 6 [mem 0x250000000000-0x25ffffffffff window]
[    2.124274] pci_bus 0000:81: resource 4 [io  0xc000-0xcfff window]
[    2.124275] pci_bus 0000:81: resource 5 [mem 0xd1000000-0xdbbfffff window]
[    2.124276] pci_bus 0000:81: resource 6 [mem 0x260000000000-0x26ffffffffff window]
[    2.124281] pci_bus 0000:82: resource 4 [io  0xd000-0xdfff window]
[    2.124282] pci_bus 0000:82: resource 5 [mem 0xdbc00000-0xe67fffff window]
