[    0.000000] Linux version 5.3.1-multiclock (xmu@xmu-PowerEdge-R750) (gcc version 7.5.0 (Ubuntu 7.5.0-3ubuntu1~18.04)) #1 SMP Wed Aug 9 20:46:02 CST 2023
[    0.000000] Command line: BOOT_IMAGE=/boot/vmlinuz-5.3.1-multiclock root=UUID=ce0c24b8-724b-4f33-9b2c-618433560aef ro memmap=37200M!4096M memmap=59G!64G quiet splash nomodeset vt.handoff=1
[    0.000000] KERNEL supported cpus:
[    0.000000]   Intel GenuineIntel
[    0.000000]   AMD AuthenticAMD
[    0.000000]   Hygon HygonGenuine
[    0.000000]   Centaur CentaurHauls
[    0.000000]   zhaoxin   Shanghai  
[    0.000000] x86/fpu: Supporting XSAVE feature 0x001: 'x87 floating point registers'
[    0.000000] x86/fpu: Supporting XSAVE feature 0x002: 'SSE registers'
[    0.000000] x86/fpu: Supporting XSAVE feature 0x004: 'AVX registers'
[    0.000000] x86/fpu: Supporting XSAVE feature 0x020: 'AVX-512 opmask'
[    0.000000] x86/fpu: Supporting XSAVE feature 0x040: 'AVX-512 Hi256'
[    0.000000] x86/fpu: Supporting XSAVE feature 0x080: 'AVX-512 ZMM_Hi256'
[    0.000000] x86/fpu: Supporting XSAVE feature 0x200: 'Protection Keys User registers'
[    0.000000] x86/fpu: xstate_offset[2]:  576, xstate_sizes[2]:  256
[    0.000000] x86/fpu: xstate_offset[5]:  832, xstate_sizes[5]:   64
[    0.000000] x86/fpu: xstate_offset[6]:  896, xstate_sizes[6]:  512
[    0.000000] x86/fpu: xstate_offset[7]: 1408, xstate_sizes[7]: 1024
[    0.000000] x86/fpu: xstate_offset[9]: 2432, xstate_sizes[9]:    8
[    0.000000] x86/fpu: Enabled xstate features 0x2e7, context size is 2440 bytes, using 'compacted' format.
[    0.000000] BIOS-provided physical RAM map:
[    0.000000] BIOS-e820: [mem 0x0000000000000000-0x000000000008efff] usable
[    0.000000] BIOS-e820: [mem 0x000000000008f000-0x000000000008ffff] reserved
[    0.000000] BIOS-e820: [mem 0x0000000000090000-0x000000000009ffff] usable
[    0.000000] BIOS-e820: [mem 0x00000000000a0000-0x00000000000fffff] reserved
[    0.000000] BIOS-e820: [mem 0x0000000000100000-0x0000000049e76fff] usable
[    0.000000] BIOS-e820: [mem 0x0000000049e77000-0x000000004ae76fff] ACPI NVS
[    0.000000] BIOS-e820: [mem 0x000000004ae77000-0x000000004b2cefff] usable
[    0.000000] BIOS-e820: [mem 0x000000004b2cf000-0x000000004b54dfff] ACPI data
[    0.000000] BIOS-e820: [mem 0x000000004b54e000-0x000000004bd93fff] usable
[    0.000000] BIOS-e820: [mem 0x000000004bd94000-0x000000004be99fff] reserved
[    0.000000] BIOS-e820: [mem 0x000000004be9a000-0x000000004cdfffff] usable
[    0.000000] BIOS-e820: [mem 0x000000004ce00000-0x000000004cffffff] reserved
[    0.000000] BIOS-e820: [mem 0x000000004d000000-0x000000005eefdfff] usable
[    0.000000] BIOS-e820: [mem 0x000000005eefe000-0x000000006e3fefff] reserved
[    0.000000] BIOS-e820: [mem 0x000000006e3ff000-0x000000006f3fefff] ACPI NVS
[    0.000000] BIOS-e820: [mem 0x000000006f3ff000-0x000000006f7fefff] ACPI data
[    0.000000] BIOS-e820: [mem 0x000000006f7ff000-0x000000006f7fffff] usable
[    0.000000] BIOS-e820: [mem 0x000000006f800000-0x000000008fffffff] reserved
[    0.000000] BIOS-e820: [mem 0x00000000fe000000-0x00000000fe010fff] reserved
[    0.000000] BIOS-e820: [mem 0x0000000100000000-0x000000207fffffff] usable
[    0.000000] BIOS-e820: [mem 0x0000002080000000-0x0000011c7fffffff] persistent (type 7)
[    0.000000] BIOS-e820: [mem 0x00001ffc00000000-0x00001fffffffffff] reserved
[    0.000000] NX (Execute Disable) protection: active
[    0.000000] e820: update [mem 0x47c75020-0x47c7d05f] usable ==> usable
[    0.000000] e820: update [mem 0x47c75020-0x47c7d05f] usable ==> usable
[    0.000000] e820: update [mem 0x47c42020-0x47c74c5f] usable ==> usable
[    0.000000] e820: update [mem 0x47c42020-0x47c74c5f] usable ==> usable
[    0.000000] e820: update [mem 0x47c0f020-0x47c41c5f] usable ==> usable
[    0.000000] e820: update [mem 0x47c0f020-0x47c41c5f] usable ==> usable
[    0.000000] e820: update [mem 0x47bdd020-0x47c0ea5f] usable ==> usable
[    0.000000] e820: update [mem 0x47bdd020-0x47c0ea5f] usable ==> usable
[    0.000000] extended physical RAM map:
[    0.000000] reserve setup_data: [mem 0x0000000000000000-0x000000000008efff] usable
[    0.000000] reserve setup_data: [mem 0x000000000008f000-0x000000000008ffff] reserved
[    0.000000] reserve setup_data: [mem 0x0000000000090000-0x000000000009ffff] usable
[    0.000000] reserve setup_data: [mem 0x00000000000a0000-0x00000000000fffff] reserved
[    0.000000] reserve setup_data: [mem 0x0000000000100000-0x0000000047bdd01f] usable
[    0.000000] reserve setup_data: [mem 0x0000000047bdd020-0x0000000047c0ea5f] usable
[    0.000000] reserve setup_data: [mem 0x0000000047c0ea60-0x0000000047c0f01f] usable
[    0.000000] reserve setup_data: [mem 0x0000000047c0f020-0x0000000047c41c5f] usable
[    0.000000] reserve setup_data: [mem 0x0000000047c41c60-0x0000000047c4201f] usable
[    0.000000] reserve setup_data: [mem 0x0000000047c42020-0x0000000047c74c5f] usable
[    0.000000] reserve setup_data: [mem 0x0000000047c74c60-0x0000000047c7501f] usable
[    0.000000] reserve setup_data: [mem 0x0000000047c75020-0x0000000047c7d05f] usable
[    0.000000] reserve setup_data: [mem 0x0000000047c7d060-0x0000000049e76fff] usable
[    0.000000] reserve setup_data: [mem 0x0000000049e77000-0x000000004ae76fff] ACPI NVS
[    0.000000] reserve setup_data: [mem 0x000000004ae77000-0x000000004b2cefff] usable
[    0.000000] reserve setup_data: [mem 0x000000004b2cf000-0x000000004b54dfff] ACPI data
[    0.000000] reserve setup_data: [mem 0x000000004b54e000-0x000000004bd93fff] usable
[    0.000000] reserve setup_data: [mem 0x000000004bd94000-0x000000004be99fff] reserved
[    0.000000] reserve setup_data: [mem 0x000000004be9a000-0x000000004cdfffff] usable
[    0.000000] reserve setup_data: [mem 0x000000004ce00000-0x000000004cffffff] reserved
[    0.000000] reserve setup_data: [mem 0x000000004d000000-0x000000005eefdfff] usable
[    0.000000] reserve setup_data: [mem 0x000000005eefe000-0x000000006e3fefff] reserved
[    0.000000] reserve setup_data: [mem 0x000000006e3ff000-0x000000006f3fefff] ACPI NVS
[    0.000000] reserve setup_data: [mem 0x000000006f3ff000-0x000000006f7fefff] ACPI data
[    0.000000] reserve setup_data: [mem 0x000000006f7ff000-0x000000006f7fffff] usable
[    0.000000] reserve setup_data: [mem 0x000000006f800000-0x000000008fffffff] reserved
[    0.000000] reserve setup_data: [mem 0x00000000fe000000-0x00000000fe010fff] reserved
[    0.000000] reserve setup_data: [mem 0x0000000100000000-0x0000000a14ffffff] persistent (type 12)
[    0.000000] reserve setup_data: [mem 0x0000000a15000000-0x0000000fffffffff] usable
[    0.000000] reserve setup_data: [mem 0x0000001000000000-0x0000001ebfffffff] persistent (type 12)
[    0.000000] reserve setup_data: [mem 0x0000001ec0000000-0x000000207fffffff] usable
[    0.000000] reserve setup_data: [mem 0x0000002080000000-0x0000011c7fffffff] persistent (type 7)
[    0.000000] reserve setup_data: [mem 0x00001ffc00000000-0x00001fffffffffff] reserved
[    0.000000] user-defined physical RAM map:
[    0.000000] user: [mem 0x0000000000000000-0x000000000008efff] usable
[    0.000000] user: [mem 0x000000000008f000-0x000000000008ffff] reserved
[    0.000000] user: [mem 0x0000000000090000-0x000000000009ffff] usable
[    0.000000] user: [mem 0x00000000000a0000-0x00000000000fffff] reserved
[    0.000000] user: [mem 0x0000000000100000-0x0000000047bdd01f] usable
[    0.000000] user: [mem 0x0000000047bdd020-0x0000000047c0ea5f] usable
[    0.000000] user: [mem 0x0000000047c0ea60-0x0000000047c0f01f] usable
[    0.000000] user: [mem 0x0000000047c0f020-0x0000000047c41c5f] usable
[    0.000000] user: [mem 0x0000000047c41c60-0x0000000047c4201f] usable
[    0.000000] user: [mem 0x0000000047c42020-0x0000000047c74c5f] usable
[    0.000000] user: [mem 0x0000000047c74c60-0x0000000047c7501f] usable
[    0.000000] user: [mem 0x0000000047c75020-0x0000000047c7d05f] usable
[    0.000000] user: [mem 0x0000000047c7d060-0x0000000049e76fff] usable
[    0.000000] user: [mem 0x0000000049e77000-0x000000004ae76fff] ACPI NVS
[    0.000000] user: [mem 0x000000004ae77000-0x000000004b2cefff] usable
[    0.000000] user: [mem 0x000000004b2cf000-0x000000004b54dfff] ACPI data
[    0.000000] user: [mem 0x000000004b54e000-0x000000004bd93fff] usable
[    0.000000] user: [mem 0x000000004bd94000-0x000000004be99fff] reserved
[    0.000000] user: [mem 0x000000004be9a000-0x000000004cdfffff] usable
[    0.000000] user: [mem 0x000000004ce00000-0x000000004cffffff] reserved
[    0.000000] user: [mem 0x000000004d000000-0x000000005eefdfff] usable
[    0.000000] user: [mem 0x000000005eefe000-0x000000006e3fefff] reserved
[    0.000000] user: [mem 0x000000006e3ff000-0x000000006f3fefff] ACPI NVS
[    0.000000] user: [mem 0x000000006f3ff000-0x000000006f7fefff] ACPI data
[    0.000000] user: [mem 0x000000006f7ff000-0x000000006f7fffff] usable
[    0.000000] user: [mem 0x000000006f800000-0x000000008fffffff] reserved
[    0.000000] user: [mem 0x00000000fe000000-0x00000000fe010fff] reserved
[    0.000000] user: [mem 0x0000000100000000-0x0000000a14ffffff] persistent (type 12)
[    0.000000] user: [mem 0x0000000a15000000-0x0000000fffffffff] usable
[    0.000000] user: [mem 0x0000001000000000-0x0000001ebfffffff] persistent (type 12)
[    0.000000] user: [mem 0x0000001ec0000000-0x000000207fffffff] usable
[    0.000000] user: [mem 0x0000002080000000-0x0000011c7fffffff] persistent (type 7)
[    0.000000] user: [mem 0x00001ffc00000000-0x00001fffffffffff] reserved
[    0.000000] efi: EFI v2.70 by Dell Inc.
[    0.000000] efi:  ACPI=0x6f7fe000  ACPI 2.0=0x6f7fe014  MEMATTR=0x5a1f8020  SMBIOS=0x69526000  SMBIOS 3.0=0x69524000 
[    0.000000] SMBIOS 3.3.0 present.
[    0.000000] DMI: Dell Inc. PowerEdge R750/0K8F35, BIOS 1.10.2 03/03/2023
[    0.000000] tsc: Detected 2000.000 MHz processor
[    0.000008] e820: update [mem 0x00000000-0x00000fff] usable ==> reserved
[    0.000009] e820: remove [mem 0x000a0000-0x000fffff] usable
[    0.000017] last_pfn = 0x2080000 max_arch_pfn = 0x400000000
[    0.000020] MTRR default type: uncachable
[    0.000021] MTRR fixed ranges enabled:
[    0.000022]   00000-9FFFF write-back
[    0.000022]   A0000-BFFFF uncachable
[    0.000023]   C0000-FFFFF write-protect
[    0.000023] MTRR variable ranges enabled:
[    0.000025]   0 base 000000000000 mask 3E0000000000 write-back
[    0.000026]   1 base 000080000000 mask 3FFF80000000 uncachable
[    0.000026]   2 base 00007F000000 mask 3FFFFF000000 uncachable
[    0.000027]   3 disabled
[    0.000027]   4 disabled
[    0.000027]   5 disabled
[    0.000028]   6 disabled
[    0.000028]   7 disabled
[    0.000028]   8 disabled
[    0.000029]   9 disabled
[    0.000786] x86/PAT: Configuration [0-7]: WB  WC  UC- UC  WB  WP  UC- WT  
[    0.001838] total RAM covered: 2095088M
[    0.001923]  gran_size: 64K 	chunk_size: 64K 	num_reg: 10  	lose cover RAM: 2016G
[    0.001924]  gran_size: 64K 	chunk_size: 128K 	num_reg: 10  	lose cover RAM: 2016G
[    0.001925]  gran_size: 64K 	chunk_size: 256K 	num_reg: 10  	lose cover RAM: 2016G
[    0.001925]  gran_size: 64K 	chunk_size: 512K 	num_reg: 10  	lose cover RAM: 2016G
[    0.001926]  gran_size: 64K 	chunk_size: 1M 	num_reg: 10  	lose cover RAM: 2016G
[    0.001927]  gran_size: 64K 	chunk_size: 2M 	num_reg: 10  	lose cover RAM: 2016G
[    0.001928]  gran_size: 64K 	chunk_size: 4M 	num_reg: 10  	lose cover RAM: 2016G
[    0.001928]  gran_size: 64K 	chunk_size: 8M 	num_reg: 10  	lose cover RAM: 2016G
[    0.001929]  gran_size: 64K 	chunk_size: 16M 	num_reg: 10  	lose cover RAM: 2016G
[    0.001930]  gran_size: 64K 	chunk_size: 32M 	num_reg: 10  	lose cover RAM: 1024G
[    0.001930]  gran_size: 64K 	chunk_size: 64M 	num_reg: 10  	lose cover RAM: 1024G
[    0.001931]  gran_size: 64K 	chunk_size: 128M 	num_reg: 10  	lose cover RAM: 1024G
[    0.001932]  gran_size: 64K 	chunk_size: 256M 	num_reg: 10  	lose cover RAM: 1024G
[    0.001932]  gran_size: 64K 	chunk_size: 512M 	num_reg: 10  	lose cover RAM: 1024G
[    0.001933]  gran_size: 64K 	chunk_size: 1G 	num_reg: 10  	lose cover RAM: 1024G
[    0.001934]  gran_size: 64K 	chunk_size: 2G 	num_reg: 10  	lose cover RAM: 1024G
[    0.001934]  gran_size: 128K 	chunk_size: 128K 	num_reg: 10  	lose cover RAM: 2016G
[    0.001935]  gran_size: 128K 	chunk_size: 256K 	num_reg: 10  	lose cover RAM: 2016G
[    0.001936]  gran_size: 128K 	chunk_size: 512K 	num_reg: 10  	lose cover RAM: 2016G
[    0.001936]  gran_size: 128K 	chunk_size: 1M 	num_reg: 10  	lose cover RAM: 2016G
[    0.001937]  gran_size: 128K 	chunk_size: 2M 	num_reg: 10  	lose cover RAM: 2016G
[    0.001938]  gran_size: 128K 	chunk_size: 4M 	num_reg: 10  	lose cover RAM: 2016G
[    0.001938]  gran_size: 128K 	chunk_size: 8M 	num_reg: 10  	lose cover RAM: 2016G
[    0.001939]  gran_size: 128K 	chunk_size: 16M 	num_reg: 10  	lose cover RAM: 2016G
[    0.001940]  gran_size: 128K 	chunk_size: 32M 	num_reg: 10  	lose cover RAM: 1024G
[    0.001940]  gran_size: 128K 	chunk_size: 64M 	num_reg: 10  	lose cover RAM: 1024G
[    0.001941]  gran_size: 128K 	chunk_size: 128M 	num_reg: 10  	lose cover RAM: 1024G
[    0.001942]  gran_size: 128K 	chunk_size: 256M 	num_reg: 10  	lose cover RAM: 1024G
[    0.001942]  gran_size: 128K 	chunk_size: 512M 	num_reg: 10  	lose cover RAM: 1024G
[    0.001943]  gran_size: 128K 	chunk_size: 1G 	num_reg: 10  	lose cover RAM: 1024G
[    0.001944]  gran_size: 128K 	chunk_size: 2G 	num_reg: 10  	lose cover RAM: 1024G
[    0.001944]  gran_size: 256K 	chunk_size: 256K 	num_reg: 10  	lose cover RAM: 2016G
[    0.001945]  gran_size: 256K 	chunk_size: 512K 	num_reg: 10  	lose cover RAM: 2016G
[    0.001946]  gran_size: 256K 	chunk_size: 1M 	num_reg: 10  	lose cover RAM: 2016G
[    0.001946]  gran_size: 256K 	chunk_size: 2M 	num_reg: 10  	lose cover RAM: 2016G
[    0.001947]  gran_size: 256K 	chunk_size: 4M 	num_reg: 10  	lose cover RAM: 2016G
[    0.001948]  gran_size: 256K 	chunk_size: 8M 	num_reg: 10  	lose cover RAM: 2016G
[    0.001948]  gran_size: 256K 	chunk_size: 16M 	num_reg: 10  	lose cover RAM: 2016G
[    0.001949]  gran_size: 256K 	chunk_size: 32M 	num_reg: 10  	lose cover RAM: 1024G
[    0.001950]  gran_size: 256K 	chunk_size: 64M 	num_reg: 10  	lose cover RAM: 1024G
[    0.001950]  gran_size: 256K 	chunk_size: 128M 	num_reg: 10  	lose cover RAM: 1024G
[    0.001951]  gran_size: 256K 	chunk_size: 256M 	num_reg: 10  	lose cover RAM: 1024G
[    0.001952]  gran_size: 256K 	chunk_size: 512M 	num_reg: 10  	lose cover RAM: 1024G
[    0.001952]  gran_size: 256K 	chunk_size: 1G 	num_reg: 10  	lose cover RAM: 1024G
[    0.001953]  gran_size: 256K 	chunk_size: 2G 	num_reg: 10  	lose cover RAM: 1024G
[    0.001954]  gran_size: 512K 	chunk_size: 512K 	num_reg: 10  	lose cover RAM: 2016G
[    0.001954]  gran_size: 512K 	chunk_size: 1M 	num_reg: 10  	lose cover RAM: 2016G
[    0.001955]  gran_size: 512K 	chunk_size: 2M 	num_reg: 10  	lose cover RAM: 2016G
[    0.001956]  gran_size: 512K 	chunk_size: 4M 	num_reg: 10  	lose cover RAM: 2016G
[    0.001956]  gran_size: 512K 	chunk_size: 8M 	num_reg: 10  	lose cover RAM: 2016G
[    0.001957]  gran_size: 512K 	chunk_size: 16M 	num_reg: 10  	lose cover RAM: 2016G
[    0.001958]  gran_size: 512K 	chunk_size: 32M 	num_reg: 10  	lose cover RAM: 1024G
[    0.001958]  gran_size: 512K 	chunk_size: 64M 	num_reg: 10  	lose cover RAM: 1024G
[    0.001959]  gran_size: 512K 	chunk_size: 128M 	num_reg: 10  	lose cover RAM: 1024G
[    0.001960]  gran_size: 512K 	chunk_size: 256M 	num_reg: 10  	lose cover RAM: 1024G
[    0.001960]  gran_size: 512K 	chunk_size: 512M 	num_reg: 10  	lose cover RAM: 1024G
[    0.001961]  gran_size: 512K 	chunk_size: 1G 	num_reg: 10  	lose cover RAM: 1024G
[    0.001962]  gran_size: 512K 	chunk_size: 2G 	num_reg: 10  	lose cover RAM: 1024G
[    0.001962]  gran_size: 1M 	chunk_size: 1M 	num_reg: 10  	lose cover RAM: 2016G
[    0.001963]  gran_size: 1M 	chunk_size: 2M 	num_reg: 10  	lose cover RAM: 2016G
[    0.001964]  gran_size: 1M 	chunk_size: 4M 	num_reg: 10  	lose cover RAM: 2016G
[    0.001964]  gran_size: 1M 	chunk_size: 8M 	num_reg: 10  	lose cover RAM: 2016G
[    0.001965]  gran_size: 1M 	chunk_size: 16M 	num_reg: 10  	lose cover RAM: 2016G
[    0.001966]  gran_size: 1M 	chunk_size: 32M 	num_reg: 10  	lose cover RAM: 1024G
[    0.001966]  gran_size: 1M 	chunk_size: 64M 	num_reg: 10  	lose cover RAM: 1024G
[    0.001967]  gran_size: 1M 	chunk_size: 128M 	num_reg: 10  	lose cover RAM: 1024G
[    0.001968]  gran_size: 1M 	chunk_size: 256M 	num_reg: 10  	lose cover RAM: 1024G
[    0.001968]  gran_size: 1M 	chunk_size: 512M 	num_reg: 10  	lose cover RAM: 1024G
[    0.001969]  gran_size: 1M 	chunk_size: 1G 	num_reg: 10  	lose cover RAM: 1024G
[    0.001970]  gran_size: 1M 	chunk_size: 2G 	num_reg: 10  	lose cover RAM: 1024G
[    0.001970]  gran_size: 2M 	chunk_size: 2M 	num_reg: 10  	lose cover RAM: 2016G
[    0.001971]  gran_size: 2M 	chunk_size: 4M 	num_reg: 10  	lose cover RAM: 2016G
[    0.001972]  gran_size: 2M 	chunk_size: 8M 	num_reg: 10  	lose cover RAM: 2016G
[    0.001972]  gran_size: 2M 	chunk_size: 16M 	num_reg: 10  	lose cover RAM: 2016G
[    0.001973]  gran_size: 2M 	chunk_size: 32M 	num_reg: 10  	lose cover RAM: 1024G
[    0.001974]  gran_size: 2M 	chunk_size: 64M 	num_reg: 10  	lose cover RAM: 1024G
[    0.001974]  gran_size: 2M 	chunk_size: 128M 	num_reg: 10  	lose cover RAM: 1024G
[    0.001975]  gran_size: 2M 	chunk_size: 256M 	num_reg: 10  	lose cover RAM: 1024G
[    0.001976]  gran_size: 2M 	chunk_size: 512M 	num_reg: 10  	lose cover RAM: 1024G
[    0.001976]  gran_size: 2M 	chunk_size: 1G 	num_reg: 10  	lose cover RAM: 1024G
[    0.001977]  gran_size: 2M 	chunk_size: 2G 	num_reg: 10  	lose cover RAM: 1024G
[    0.001978]  gran_size: 4M 	chunk_size: 4M 	num_reg: 10  	lose cover RAM: 2016G
[    0.001978]  gran_size: 4M 	chunk_size: 8M 	num_reg: 10  	lose cover RAM: 2016G
[    0.001979]  gran_size: 4M 	chunk_size: 16M 	num_reg: 10  	lose cover RAM: 2016G
[    0.001980]  gran_size: 4M 	chunk_size: 32M 	num_reg: 10  	lose cover RAM: 1024G
[    0.001980]  gran_size: 4M 	chunk_size: 64M 	num_reg: 10  	lose cover RAM: 1024G
[    0.001981]  gran_size: 4M 	chunk_size: 128M 	num_reg: 10  	lose cover RAM: 1024G
[    0.001982]  gran_size: 4M 	chunk_size: 256M 	num_reg: 10  	lose cover RAM: 1024G
[    0.001982]  gran_size: 4M 	chunk_size: 512M 	num_reg: 10  	lose cover RAM: 1024G
[    0.001983]  gran_size: 4M 	chunk_size: 1G 	num_reg: 10  	lose cover RAM: 1024G
[    0.001984]  gran_size: 4M 	chunk_size: 2G 	num_reg: 10  	lose cover RAM: 1024G
[    0.001985]  gran_size: 8M 	chunk_size: 8M 	num_reg: 10  	lose cover RAM: 2016G
[    0.001985]  gran_size: 8M 	chunk_size: 16M 	num_reg: 10  	lose cover RAM: 2016G
[    0.001986]  gran_size: 8M 	chunk_size: 32M 	num_reg: 10  	lose cover RAM: 1024G
[    0.001987]  gran_size: 8M 	chunk_size: 64M 	num_reg: 10  	lose cover RAM: 1024G
[    0.001987]  gran_size: 8M 	chunk_size: 128M 	num_reg: 10  	lose cover RAM: 1024G
[    0.001988]  gran_size: 8M 	chunk_size: 256M 	num_reg: 10  	lose cover RAM: 1024G
[    0.001989]  gran_size: 8M 	chunk_size: 512M 	num_reg: 10  	lose cover RAM: 1024G
[    0.001989]  gran_size: 8M 	chunk_size: 1G 	num_reg: 10  	lose cover RAM: 1024G
[    0.001990]  gran_size: 8M 	chunk_size: 2G 	num_reg: 10  	lose cover RAM: 1024G
[    0.001991]  gran_size: 16M 	chunk_size: 16M 	num_reg: 10  	lose cover RAM: 2016G
[    0.001991]  gran_size: 16M 	chunk_size: 32M 	num_reg: 10  	lose cover RAM: 1024G
[    0.001992]  gran_size: 16M 	chunk_size: 64M 	num_reg: 10  	lose cover RAM: 1024G
[    0.001993]  gran_size: 16M 	chunk_size: 128M 	num_reg: 10  	lose cover RAM: 1024G
[    0.001993]  gran_size: 16M 	chunk_size: 256M 	num_reg: 10  	lose cover RAM: 1024G
[    0.001994]  gran_size: 16M 	chunk_size: 512M 	num_reg: 10  	lose cover RAM: 1024G
[    0.001995]  gran_size: 16M 	chunk_size: 1G 	num_reg: 10  	lose cover RAM: 1024G
[    0.001995]  gran_size: 16M 	chunk_size: 2G 	num_reg: 10  	lose cover RAM: 1024G
[    0.001996]  gran_size: 32M 	chunk_size: 32M 	num_reg: 10  	lose cover RAM: 2031632M
[    0.001997]  gran_size: 32M 	chunk_size: 64M 	num_reg: 10  	lose cover RAM: 1048592M
[    0.001997]  gran_size: 32M 	chunk_size: 128M 	num_reg: 10  	lose cover RAM: 1048592M
[    0.001998]  gran_size: 32M 	chunk_size: 256M 	num_reg: 10  	lose cover RAM: 1048592M
[    0.001999]  gran_size: 32M 	chunk_size: 512M 	num_reg: 10  	lose cover RAM: 1048592M
[    0.001999]  gran_size: 32M 	chunk_size: 1G 	num_reg: 10  	lose cover RAM: 1048592M
[    0.002000]  gran_size: 32M 	chunk_size: 2G 	num_reg: 10  	lose cover RAM: 1048592M
[    0.002001]  gran_size: 64M 	chunk_size: 64M 	num_reg: 10  	lose cover RAM: 1966128M
[    0.002001]  gran_size: 64M 	chunk_size: 128M 	num_reg: 10  	lose cover RAM: 1048624M
[    0.002002]  gran_size: 64M 	chunk_size: 256M 	num_reg: 10  	lose cover RAM: 1048624M
[    0.002003]  gran_size: 64M 	chunk_size: 512M 	num_reg: 10  	lose cover RAM: 1048624M
[    0.002003]  gran_size: 64M 	chunk_size: 1G 	num_reg: 10  	lose cover RAM: 1048624M
[    0.002004]  gran_size: 64M 	chunk_size: 2G 	num_reg: 10  	lose cover RAM: 1048624M
[    0.002005]  gran_size: 128M 	chunk_size: 128M 	num_reg: 10  	lose cover RAM: 1835120M
[    0.002005]  gran_size: 128M 	chunk_size: 256M 	num_reg: 10  	lose cover RAM: 1048688M
[    0.002006]  gran_size: 128M 	chunk_size: 512M 	num_reg: 10  	lose cover RAM: 1048688M
[    0.002007]  gran_size: 128M 	chunk_size: 1G 	num_reg: 10  	lose cover RAM: 1048688M
[    0.002007]  gran_size: 128M 	chunk_size: 2G 	num_reg: 10  	lose cover RAM: 1048688M
[    0.002008]  gran_size: 256M 	chunk_size: 256M 	num_reg: 10  	lose cover RAM: 1573104M
[    0.002009]  gran_size: 256M 	chunk_size: 512M 	num_reg: 10  	lose cover RAM: 1048816M
[    0.002009]  gran_size: 256M 	chunk_size: 1G 	num_reg: 10  	lose cover RAM: 1048816M
[    0.002010]  gran_size: 256M 	chunk_size: 2G 	num_reg: 10  	lose cover RAM: 1048816M
[    0.002011]  gran_size: 512M 	chunk_size: 512M 	num_reg: 10  	lose cover RAM: 1049072M
[    0.002011]  gran_size: 512M 	chunk_size: 1G 	num_reg: 10  	lose cover RAM: 1049072M
[    0.002012]  gran_size: 512M 	chunk_size: 2G 	num_reg: 10  	lose cover RAM: 1049072M
[    0.002013]  gran_size: 1G 	chunk_size: 1G 	num_reg: 10  	lose cover RAM: 1008M
[    0.002014]  gran_size: 1G 	chunk_size: 2G 	num_reg: 10  	lose cover RAM: 1008M
[    0.002014]  gran_size: 2G 	chunk_size: 2G 	num_reg: 9  	lose cover RAM: 2032M
[    0.002015] mtrr_cleanup: can not find optimal value
[    0.002015] please specify mtrr_gran_size/mtrr_chunk_size
[    0.002018] e820: update [mem 0x7f000000-0xffffffff] usable ==> reserved
[    0.002020] x2apic: enabled by BIOS, switching to x2apic ops
[    0.002020] last_pfn = 0x6f800 max_arch_pfn = 0x400000000
[    0.013426] check: Scanning 1 areas for low memory corruption
[    0.013431] Using GB pages for direct mapping
[    0.013432] BRK [0xd7b001000, 0xd7b001fff] PGTABLE
[    0.013433] BRK [0xd7b002000, 0xd7b002fff] PGTABLE
[    0.013434] BRK [0xd7b003000, 0xd7b003fff] PGTABLE
[    0.013504] BRK [0xd7b004000, 0xd7b004fff] PGTABLE
[    0.013740] BRK [0xd7b005000, 0xd7b005fff] PGTABLE
[    0.013829] BRK [0xd7b006000, 0xd7b006fff] PGTABLE
[    0.013964] BRK [0xd7b007000, 0xd7b007fff] PGTABLE
[    0.014140] BRK [0xd7b008000, 0xd7b008fff] PGTABLE
[    0.014264] BRK [0xd7b009000, 0xd7b009fff] PGTABLE
[    0.014437] BRK [0xd7b00a000, 0xd7b00afff] PGTABLE
[    0.014541] BRK [0xd7b00b000, 0xd7b00bfff] PGTABLE
[    0.014799] BRK [0xd7b00c000, 0xd7b00cfff] PGTABLE
[    0.015166] Secure boot disabled
[    0.015166] RAMDISK: [mem 0x2065920000-0x207fffffff]
[    0.015173] ACPI: Early table checksum verification disabled
[    0.015175] ACPI: RSDP 0x000000006F7FE014 000024 (v02 DELL  )
[    0.015178] ACPI: XSDT 0x000000006F41C188 0000F4 (v01 DELL   PE_SC3   00000000 DELL 01000013)
[    0.015183] ACPI: FACP 0x000000006F430000 000114 (v06 DELL   PE_SC3   00000000 DELL 00000001)
[    0.015187] ACPI: DSDT 0x000000004B4CE000 07FAD3 (v02 DELL   PE_SC3   00000003 DELL 00000001)
[    0.015190] ACPI: FACS 0x000000006F2F2000 000040
[    0.015193] ACPI: SSDT 0x000000006F7FB000 00159A (v02 INTEL  RAS_ACPI 00000001 INTL 20210331)
[    0.015195] ACPI: SSDT 0x000000006F7FA000 000745 (v02 INTEL  ADDRXLAT 00000001 INTL 20210331)
[    0.015198] ACPI: MCEJ 0x000000006F7F9000 000130 (v01 INTEL           00000001 INTL 0100000D)
[    0.015201] ACPI: BERT 0x000000006F7F8000 000030 (v01 DELL   PE_SC3   00000001 INTL 00000001)
[    0.015203] ACPI: ERST 0x000000006F7F7000 000230 (v01 DELL   PE_SC3   00000001 INTL 00000001)
[    0.015206] ACPI: SSDT 0x000000006F431000 3C524E (v02 INTEL  SSDTNVDR 00001000 INTL 20210331)
[    0.015209] ACPI: HMAT 0x000000006F42F000 000210 (v01 DELL   PE_SC3   00000001 DELL 00000001)
[    0.015211] ACPI: HPET 0x000000006F42E000 000038 (v01 DELL   PE_SC3   00000001 DELL 00000001)
[    0.015214] ACPI: MCFG 0x000000006F42D000 00003C (v01 DELL   PE_SC3   00000001 DELL 00000001)
[    0.015216] ACPI: MIGT 0x000000006F42C000 000040 (v01 DELL   PE_SC3   00000000 DELL 00000001)
[    0.015219] ACPI: MSCT 0x000000006F42B000 000090 (v01 DELL   PE_SC3   00000001 DELL 00000001)
[    0.015221] ACPI: PMTT 0x000000006F429000 0011E8 (v02 DELL   PE_SC3   00000001 DELL 00000001)
[    0.015224] ACPI: WSMT 0x000000006F428000 000028 (v01 DELL   PE_SC3   00000000 DELL 00000001)
[    0.015226] ACPI: APIC 0x000000006F427000 00075E (v04 DELL   PE_SC3   00000000 DELL 00000001)
[    0.015229] ACPI: SLIT 0x000000006F426000 00003C (v01 DELL   PE_SC3   00000001 DELL 01000013)
[    0.015231] ACPI: SRAT 0x000000006F41F000 006430 (v03 DELL   PE_SC3   00000002 DELL 01000013)
[    0.015234] ACPI: OEM4 0x000000004B346000 187A61 (v02 INTEL  CPU  CST 00003000 INTL 20210331)
[    0.015237] ACPI: SSDT 0x000000004B2CF000 0764A5 (v02 INTEL  SSDT  PM 00004000 INTL 20210331)
[    0.015239] ACPI: SSDT 0x000000006F41E000 000A1F (v02 DELL   PE_SC3   00000000 DELL 00000001)
[    0.015242] ACPI: HEST 0x000000006F41D000 00017C (v01 DELL   PE_SC3   00000001 INTL 00000001)
[    0.015244] ACPI: PCAT 0x000000006F41B000 00010C (v19 DELL   PE_SC3   00000002 DELL 00000001)
[    0.015247] ACPI: SSDT 0x000000006F413000 007299 (v02 INTEL  SpsNm    00000002 INTL 20210331)
[    0.015249] ACPI: SSDT 0x000000006F412000 000426 (v02 DELL   PE_SC3   00000002 DELL 00000001)
[    0.015252] ACPI: NFIT 0x000000006F7FD000 000488 (v01 DELL   PE_SC3   00000002 DELL 00000001)
[    0.015254] ACPI: DMAR 0x000000006F411000 000158 (v01 DELL   PE_SC3   00000001 DELL 00000001)
[    0.015262] ACPI: Local APIC address 0xfee00000
[    0.015263] Setting APIC routing to cluster x2apic.
[    0.015309] SRAT: PXM 0 -> APIC 0x0000 -> Node 0
[    0.015310] SRAT: PXM 0 -> APIC 0x0001 -> Node 0
[    0.015310] SRAT: PXM 0 -> APIC 0x0002 -> Node 0
[    0.015310] SRAT: PXM 0 -> APIC 0x0003 -> Node 0
[    0.015311] SRAT: PXM 0 -> APIC 0x0004 -> Node 0
[    0.015311] SRAT: PXM 0 -> APIC 0x0005 -> Node 0
[    0.015312] SRAT: PXM 0 -> APIC 0x0006 -> Node 0
[    0.015312] SRAT: PXM 0 -> APIC 0x0007 -> Node 0
[    0.015312] SRAT: PXM 0 -> APIC 0x0008 -> Node 0
[    0.015313] SRAT: PXM 0 -> APIC 0x0009 -> Node 0
[    0.015313] SRAT: PXM 0 -> APIC 0x000a -> Node 0
[    0.015314] SRAT: PXM 0 -> APIC 0x000b -> Node 0
[    0.015314] SRAT: PXM 0 -> APIC 0x000c -> Node 0
[    0.015315] SRAT: PXM 0 -> APIC 0x000d -> Node 0
[    0.015315] SRAT: PXM 0 -> APIC 0x000e -> Node 0
[    0.015315] SRAT: PXM 0 -> APIC 0x000f -> Node 0
[    0.015316] SRAT: PXM 0 -> APIC 0x0010 -> Node 0
[    0.015316] SRAT: PXM 0 -> APIC 0x0011 -> Node 0
[    0.015317] SRAT: PXM 0 -> APIC 0x0012 -> Node 0
[    0.015317] SRAT: PXM 0 -> APIC 0x0013 -> Node 0
[    0.015318] SRAT: PXM 0 -> APIC 0x0014 -> Node 0
[    0.015318] SRAT: PXM 0 -> APIC 0x0015 -> Node 0
[    0.015318] SRAT: PXM 0 -> APIC 0x0016 -> Node 0
[    0.015319] SRAT: PXM 0 -> APIC 0x0017 -> Node 0
[    0.015319] SRAT: PXM 0 -> APIC 0x0018 -> Node 0
[    0.015320] SRAT: PXM 0 -> APIC 0x0019 -> Node 0
[    0.015320] SRAT: PXM 0 -> APIC 0x001a -> Node 0
[    0.015320] SRAT: PXM 0 -> APIC 0x001b -> Node 0
[    0.015321] SRAT: PXM 0 -> APIC 0x001c -> Node 0
[    0.015321] SRAT: PXM 0 -> APIC 0x001d -> Node 0
[    0.015322] SRAT: PXM 0 -> APIC 0x001e -> Node 0
[    0.015322] SRAT: PXM 0 -> APIC 0x001f -> Node 0
[    0.015323] SRAT: PXM 0 -> APIC 0x0020 -> Node 0
[    0.015323] SRAT: PXM 0 -> APIC 0x0021 -> Node 0
[    0.015323] SRAT: PXM 0 -> APIC 0x0022 -> Node 0
[    0.015324] SRAT: PXM 0 -> APIC 0x0023 -> Node 0
[    0.015324] SRAT: PXM 0 -> APIC 0x0024 -> Node 0
[    0.015325] SRAT: PXM 0 -> APIC 0x0025 -> Node 0
[    0.015325] SRAT: PXM 0 -> APIC 0x0026 -> Node 0
[    0.015325] SRAT: PXM 0 -> APIC 0x0027 -> Node 0
[    0.015326] SRAT: PXM 0 -> APIC 0x0028 -> Node 0
[    0.015326] SRAT: PXM 0 -> APIC 0x0029 -> Node 0
[    0.015327] SRAT: PXM 0 -> APIC 0x002a -> Node 0
[    0.015327] SRAT: PXM 0 -> APIC 0x002b -> Node 0
[    0.015327] SRAT: PXM 0 -> APIC 0x002c -> Node 0
[    0.015328] SRAT: PXM 0 -> APIC 0x002d -> Node 0
[    0.015328] SRAT: PXM 0 -> APIC 0x002e -> Node 0
[    0.015329] SRAT: PXM 0 -> APIC 0x002f -> Node 0
[    0.015329] SRAT: PXM 0 -> APIC 0x0030 -> Node 0
[    0.015330] SRAT: PXM 0 -> APIC 0x0031 -> Node 0
[    0.015330] SRAT: PXM 0 -> APIC 0x0032 -> Node 0
[    0.015330] SRAT: PXM 0 -> APIC 0x0033 -> Node 0
[    0.015331] SRAT: PXM 0 -> APIC 0x0034 -> Node 0
[    0.015331] SRAT: PXM 0 -> APIC 0x0035 -> Node 0
[    0.015332] SRAT: PXM 0 -> APIC 0x0036 -> Node 0
[    0.015332] SRAT: PXM 0 -> APIC 0x0037 -> Node 0
[    0.015333] SRAT: PXM 1 -> APIC 0x0080 -> Node 1
[    0.015333] SRAT: PXM 1 -> APIC 0x0081 -> Node 1
[    0.015333] SRAT: PXM 1 -> APIC 0x0082 -> Node 1
[    0.015334] SRAT: PXM 1 -> APIC 0x0083 -> Node 1
[    0.015334] SRAT: PXM 1 -> APIC 0x0084 -> Node 1
[    0.015335] SRAT: PXM 1 -> APIC 0x0085 -> Node 1
[    0.015335] SRAT: PXM 1 -> APIC 0x0086 -> Node 1
[    0.015336] SRAT: PXM 1 -> APIC 0x0087 -> Node 1
[    0.015336] SRAT: PXM 1 -> APIC 0x0088 -> Node 1
[    0.015336] SRAT: PXM 1 -> APIC 0x0089 -> Node 1
[    0.015337] SRAT: PXM 1 -> APIC 0x008a -> Node 1
[    0.015337] SRAT: PXM 1 -> APIC 0x008b -> Node 1
[    0.015338] SRAT: PXM 1 -> APIC 0x008c -> Node 1
[    0.015338] SRAT: PXM 1 -> APIC 0x008d -> Node 1
[    0.015338] SRAT: PXM 1 -> APIC 0x008e -> Node 1
[    0.015339] SRAT: PXM 1 -> APIC 0x008f -> Node 1
[    0.015339] SRAT: PXM 1 -> APIC 0x0090 -> Node 1
[    0.015340] SRAT: PXM 1 -> APIC 0x0091 -> Node 1
[    0.015340] SRAT: PXM 1 -> APIC 0x0092 -> Node 1
[    0.015340] SRAT: PXM 1 -> APIC 0x0093 -> Node 1
[    0.015341] SRAT: PXM 1 -> APIC 0x0094 -> Node 1
[    0.015341] SRAT: PXM 1 -> APIC 0x0095 -> Node 1
[    0.015342] SRAT: PXM 1 -> APIC 0x0096 -> Node 1
[    0.015342] SRAT: PXM 1 -> APIC 0x0097 -> Node 1
[    0.015343] SRAT: PXM 1 -> APIC 0x0098 -> Node 1
[    0.015343] SRAT: PXM 1 -> APIC 0x0099 -> Node 1
[    0.015343] SRAT: PXM 1 -> APIC 0x009a -> Node 1
[    0.015344] SRAT: PXM 1 -> APIC 0x009b -> Node 1
[    0.015344] SRAT: PXM 1 -> APIC 0x009c -> Node 1
[    0.015345] SRAT: PXM 1 -> APIC 0x009d -> Node 1
[    0.015345] SRAT: PXM 1 -> APIC 0x009e -> Node 1
[    0.015345] SRAT: PXM 1 -> APIC 0x009f -> Node 1
[    0.015346] SRAT: PXM 1 -> APIC 0x00a0 -> Node 1
[    0.015346] SRAT: PXM 1 -> APIC 0x00a1 -> Node 1
[    0.015347] SRAT: PXM 1 -> APIC 0x00a2 -> Node 1
[    0.015347] SRAT: PXM 1 -> APIC 0x00a3 -> Node 1
[    0.015347] SRAT: PXM 1 -> APIC 0x00a4 -> Node 1
[    0.015348] SRAT: PXM 1 -> APIC 0x00a5 -> Node 1
[    0.015348] SRAT: PXM 1 -> APIC 0x00a6 -> Node 1
[    0.015349] SRAT: PXM 1 -> APIC 0x00a7 -> Node 1
[    0.015349] SRAT: PXM 1 -> APIC 0x00a8 -> Node 1
[    0.015350] SRAT: PXM 1 -> APIC 0x00a9 -> Node 1
[    0.015350] SRAT: PXM 1 -> APIC 0x00aa -> Node 1
[    0.015350] SRAT: PXM 1 -> APIC 0x00ab -> Node 1
[    0.015351] SRAT: PXM 1 -> APIC 0x00ac -> Node 1
[    0.015351] SRAT: PXM 1 -> APIC 0x00ad -> Node 1
[    0.015352] SRAT: PXM 1 -> APIC 0x00ae -> Node 1
[    0.015352] SRAT: PXM 1 -> APIC 0x00af -> Node 1
[    0.015352] SRAT: PXM 1 -> APIC 0x00b0 -> Node 1
[    0.015353] SRAT: PXM 1 -> APIC 0x00b1 -> Node 1
[    0.015353] SRAT: PXM 1 -> APIC 0x00b2 -> Node 1
[    0.015354] SRAT: PXM 1 -> APIC 0x00b3 -> Node 1
[    0.015354] SRAT: PXM 1 -> APIC 0x00b4 -> Node 1
[    0.015355] SRAT: PXM 1 -> APIC 0x00b5 -> Node 1
[    0.015355] SRAT: PXM 1 -> APIC 0x00b6 -> Node 1
[    0.015355] SRAT: PXM 1 -> APIC 0x00b7 -> Node 1
[    0.015368] ACPI: SRAT: Node 0 PXM 0 [mem 0x00000000-0x7fffffff]
[    0.015369] ACPI: SRAT: Node 0 PXM 0 [mem 0x100000000-0x107fffffff]
[    0.015370] ACPI: SRAT: Node 2 PXM 2 [mem 0x2080000000-0x9e7fffffff] non-volatile
[    0.015370] ACPI: SRAT: Node 1 PXM 1 [mem 0x1080000000-0x207fffffff]
[    0.015371] ACPI: SRAT: Node 3 PXM 3 [mem 0x9e80000000-0x11c7fffffff] non-volatile
[    0.015380] NUMA: Initialized distance table, cnt=4
[    0.015382] NUMA: Node 0 [mem 0x00000000-0x7fffffff] + [mem 0x100000000-0x107fffffff] -> [mem 0x00000000-0x107fffffff]
[    0.015390] NODE_DATA(0) allocated [mem 0xffffd5000-0xfffffffff]
[    0.015406] NODE_DATA(1) allocated [mem 0x20658f2000-0x206591cfff]
[    0.015562] Zone ranges:
[    0.015563]   DMA      [mem 0x0000000000001000-0x0000000000ffffff]
[    0.015564]   DMA32    [mem 0x0000000001000000-0x00000000ffffffff]
[    0.015565]   Normal   [mem 0x0000000100000000-0x000000207fffffff]
[    0.015566]   Device   empty
[    0.015566] Movable zone start for each node
[    0.015569] Early memory node ranges
[    0.015570]   node   0: [mem 0x0000000000001000-0x000000000008efff]
[    0.015571]   node   0: [mem 0x0000000000090000-0x000000000009ffff]
[    0.015571]   node   0: [mem 0x0000000000100000-0x0000000049e76fff]
[    0.015572]   node   0: [mem 0x000000004ae77000-0x000000004b2cefff]
[    0.015573]   node   0: [mem 0x000000004b54e000-0x000000004bd93fff]
[    0.015573]   node   0: [mem 0x000000004be9a000-0x000000004cdfffff]
[    0.015574]   node   0: [mem 0x000000004d000000-0x000000005eefdfff]
[    0.015574]   node   0: [mem 0x000000006f7ff000-0x000000006f7fffff]
[    0.015574]   node   0: [mem 0x0000000a15000000-0x0000000fffffffff]
[    0.015576]   node   1: [mem 0x0000001ec0000000-0x000000207fffffff]
[    0.016198] Zeroed struct page in unavailable ranges: 63208 pages
[    0.016200] Initmem setup node 0 [mem 0x0000000000001000-0x0000000fffffffff]
[    0.016201] On node 0 totalpages: 6588696
[    0.016202]   DMA zone: 64 pages used for memmap
[    0.016203]   DMA zone: 1102 pages reserved
[    0.016203]   DMA zone: 3998 pages, LIFO batch:0
[    0.016247]   DMA32 zone: 5926 pages used for memmap
[    0.016247]   DMA32 zone: 379258 pages, LIFO batch:63
[    0.022346]   Normal zone: 96960 pages used for memmap
[    0.022347]   Normal zone: 6205440 pages, LIFO batch:63
[    0.105651] Initmem setup node 1 [mem 0x0000001ec0000000-0x000000207fffffff]
[    0.105653] On node 1 totalpages: 1835008
[    0.105653]   Normal zone: 28672 pages used for memmap
[    0.105654]   Normal zone: 1835008 pages, LIFO batch:63
[    0.125740] ACPI: PM-Timer IO Port: 0x508
[    0.125743] ACPI: Local APIC address 0xfee00000
[    0.125759] ACPI: X2APIC_NMI (uid[0xffffffff] high edge lint[0x1])
[    0.125761] ACPI: LAPIC_NMI (acpi_id[0xff] high edge lint[0x1])
[    0.125780] IOAPIC[0]: apic_id 8, version 32, address 0xfec00000, GSI 0-119
[    0.125782] ACPI: INT_SRC_OVR (bus 0 bus_irq 0 global_irq 2 dfl dfl)
[    0.125783] ACPI: INT_SRC_OVR (bus 0 bus_irq 9 global_irq 9 high level)
[    0.125784] ACPI: IRQ0 used by override.
[    0.125785] ACPI: IRQ9 used by override.
[    0.125787] Using ACPI (MADT) for SMP configuration information
[    0.125789] ACPI: HPET id: 0x8086a701 base: 0xfed00000
[    0.125793] smpboot: Allowing 112 CPUs, 0 hotplug CPUs
[    0.125817] PM: Registered nosave memory: [mem 0x00000000-0x00000fff]
[    0.125818] PM: Registered nosave memory: [mem 0x0008f000-0x0008ffff]
[    0.125819] PM: Registered nosave memory: [mem 0x000a0000-0x000fffff]
[    0.125821] PM: Registered nosave memory: [mem 0x47bdd000-0x47bddfff]
[    0.125822] PM: Registered nosave memory: [mem 0x47c0e000-0x47c0efff]
[    0.125823] PM: Registered nosave memory: [mem 0x47c0f000-0x47c0ffff]
[    0.125824] PM: Registered nosave memory: [mem 0x47c41000-0x47c41fff]
[    0.125824] PM: Registered nosave memory: [mem 0x47c42000-0x47c42fff]
[    0.125826] PM: Registered nosave memory: [mem 0x47c74000-0x47c74fff]
[    0.125826] PM: Registered nosave memory: [mem 0x47c75000-0x47c75fff]
[    0.125828] PM: Registered nosave memory: [mem 0x47c7d000-0x47c7dfff]
[    0.125829] PM: Registered nosave memory: [mem 0x49e77000-0x4ae76fff]
[    0.125831] PM: Registered nosave memory: [mem 0x4b2cf000-0x4b54dfff]
[    0.125832] PM: Registered nosave memory: [mem 0x4bd94000-0x4be99fff]
[    0.125833] PM: Registered nosave memory: [mem 0x4ce00000-0x4cffffff]
[    0.125835] PM: Registered nosave memory: [mem 0x5eefe000-0x6e3fefff]
[    0.125835] PM: Registered nosave memory: [mem 0x6e3ff000-0x6f3fefff]
[    0.125836] PM: Registered nosave memory: [mem 0x6f3ff000-0x6f7fefff]
[    0.125837] PM: Registered nosave memory: [mem 0x6f800000-0x8fffffff]
[    0.125838] PM: Registered nosave memory: [mem 0x90000000-0xfdffffff]
[    0.125838] PM: Registered nosave memory: [mem 0xfe000000-0xfe010fff]
[    0.125839] PM: Registered nosave memory: [mem 0xfe011000-0xffffffff]
[    0.125839] PM: Registered nosave memory: [mem 0x100000000-0xa14ffffff]
[    0.125841] PM: Registered nosave memory: [mem 0x1000000000-0x1ebfffffff]
[    0.125842] [mem 0x90000000-0xfdffffff] available for PCI devices
[    0.125843] Booting paravirtualized kernel on bare hardware
[    0.125845] clocksource: refined-jiffies: mask: 0xffffffff max_cycles: 0xffffffff, max_idle_ns: 7645519600211568 ns
[    0.125852] setup_percpu: NR_CPUS:8192 nr_cpumask_bits:112 nr_cpu_ids:112 nr_node_ids:4
[    0.130409] percpu: Embedded 55 pages/cpu s188416 r8192 d28672 u262144
[    0.130419] pcpu-alloc: s188416 r8192 d28672 u262144 alloc=1*2097152
[    0.130420] pcpu-alloc: [0] 000 002 004 006 008 010 012 014 
[    0.130422] pcpu-alloc: [0] 016 018 020 022 024 026 028 030 
[    0.130424] pcpu-alloc: [0] 032 034 036 038 040 042 044 046 
[    0.130425] pcpu-alloc: [0] 048 050 052 054 056 058 060 062 
[    0.130427] pcpu-alloc: [0] 064 066 068 070 072 074 076 078 
[    0.130428] pcpu-alloc: [0] 080 082 084 086 088 090 092 094 
[    0.130429] pcpu-alloc: [0] 096 098 100 102 104 106 108 110 
[    0.130431] pcpu-alloc: [1] 001 003 005 007 009 011 013 015 
[    0.130432] pcpu-alloc: [1] 017 019 021 023 025 027 029 031 
[    0.130434] pcpu-alloc: [1] 033 035 037 039 041 043 045 047 
[    0.130435] pcpu-alloc: [1] 049 051 053 055 057 059 061 063 
[    0.130437] pcpu-alloc: [1] 065 067 069 071 073 075 077 079 
[    0.130438] pcpu-alloc: [1] 081 083 085 087 089 091 093 095 
[    0.130439] pcpu-alloc: [1] 097 099 101 103 105 107 109 111 
[    0.130483] Built 2 zonelists, mobility grouping on.  Total pages: 8290980
[    0.130484] Policy zone: Normal
[    0.130485] Kernel command line: BOOT_IMAGE=/boot/vmlinuz-5.3.1-multiclock root=UUID=ce0c24b8-724b-4f33-9b2c-618433560aef ro memmap=37200M!4096M memmap=59G!64G quiet splash nomodeset vt.handoff=1
[    0.130591] You have booted with nomodeset. This means your GPU drivers are DISABLED
[    0.130591] Any video related functionality will be severely degraded, and you may not even be able to suspend the system properly
[    0.130592] Unless you actually understand what nomodeset does, you should reboot without enabling it
[    0.130608] printk: log_buf_len individual max cpu contribution: 4096 bytes
[    0.130609] printk: log_buf_len total cpu_extra contributions: 454656 bytes
[    0.130610] printk: log_buf_len min size: 262144 bytes
[    0.130763] printk: log_buf_len: 1048576 bytes
[    0.130764] printk: early log buf free: 221788(84%)
[    0.132267] mem auto-init: stack:off, heap alloc:on, heap free:off
[    0.138279] Calgary: detecting Calgary via BIOS EBDA area
[    0.138281] Calgary: Unable to locate Rio Grande table in EBDA - bailing!
[    0.208746] Memory: 32478008K/33694816K available (14339K kernel code, 2373K rwdata, 4660K rodata, 2680K init, 5056K bss, 1216808K reserved, 0K cma-reserved)
[    0.209363] SLUB: HWalign=64, Order=0-3, MinObjects=0, CPUs=112, Nodes=4
[    0.209391] ftrace: allocating 43047 entries in 169 pages
[    0.225756] rcu: Hierarchical RCU implementation.
[    0.225757] rcu: 	RCU restricting CPUs from NR_CPUS=8192 to nr_cpu_ids=112.
[    0.225758] 	Tasks RCU enabled.
[    0.225758] rcu: RCU calculated value of scheduler-enlistment delay is 25 jiffies.
[    0.225759] rcu: Adjusting geometry for rcu_fanout_leaf=16, nr_cpu_ids=112
[    0.228356] NR_IRQS: 524544, nr_irqs: 2952, preallocated irqs: 16
[    0.228710] random: crng done (trusting CPU's manufacturer)
[    0.228885] Console: colour dummy device 80x25
[    0.228899] printk: console [tty0] enabled
[    0.228966] mempolicy: Enabling automatic NUMA balancing. Configure with numa_balancing= or the kernel.numa_balancing sysctl
[    0.228968] ACPI: Core revision 20190703
[    0.232344] clocksource: hpet: mask: 0xffffffff max_cycles: 0xffffffff, max_idle_ns: 79635855245 ns
[    0.232387] APIC: Switch to symmetric I/O mode setup
[    0.232389] DMAR: Host address width 46
[    0.232390] DMAR: DRHD base: 0x000000d0ffc000 flags: 0x0
[    0.232394] DMAR: dmar0: reg_base_addr d0ffc000 ver 4:0 cap 8ed008c40780466 ecap 60000f050df
[    0.232395] DMAR: DRHD base: 0x000000dbbfc000 flags: 0x0
[    0.232398] DMAR: dmar1: reg_base_addr dbbfc000 ver 4:0 cap 8ed008c40780466 ecap 60000f050df
[    0.232399] DMAR: DRHD base: 0x000000e67fc000 flags: 0x0
[    0.232402] DMAR: dmar2: reg_base_addr e67fc000 ver 4:0 cap 8ed008c40780466 ecap 60000f050df
[    0.232403] DMAR: DRHD base: 0x000000f13fc000 flags: 0x0
[    0.232406] DMAR: dmar3: reg_base_addr f13fc000 ver 4:0 cap 8ed008c40780466 ecap 60000f050df
[    0.232407] DMAR: DRHD base: 0x000000fb7fc000 flags: 0x0
[    0.232410] DMAR: dmar4: reg_base_addr fb7fc000 ver 4:0 cap 8ed008c40780466 ecap 60000f050df
[    0.232411] DMAR: DRHD base: 0x000000a63fc000 flags: 0x0
[    0.232413] DMAR: dmar5: reg_base_addr a63fc000 ver 4:0 cap 8ed008c40780466 ecap 60000f050df
[    0.232414] DMAR: DRHD base: 0x000000b0ffc000 flags: 0x0
[    0.232417] DMAR: dmar6: reg_base_addr b0ffc000 ver 4:0 cap 8ed008c40780466 ecap 60000f050df
[    0.232417] DMAR: DRHD base: 0x000000bbbfc000 flags: 0x0
[    0.232422] DMAR: dmar7: reg_base_addr bbbfc000 ver 4:0 cap 8ed008c40780466 ecap 60000f050df
[    0.232423] DMAR: DRHD base: 0x000000c5ffc000 flags: 0x0
[    0.232425] DMAR: dmar8: reg_base_addr c5ffc000 ver 4:0 cap 8ed008c40780466 ecap 60000f050df
[    0.232426] DMAR: DRHD base: 0x0000009b7fc000 flags: 0x1
[    0.232429] DMAR: dmar9: reg_base_addr 9b7fc000 ver 4:0 cap 8ed008c40780466 ecap 60000f050df
[    0.232429] DMAR: RMRR base: 0x00000069427000 end: 0x00000069429fff
[    0.232430] DMAR: ATSR flags: 0x0
[    0.232432] DMAR-IR: IOAPIC id 8 under DRHD base  0x9b7fc000 IOMMU 9
[    0.232433] DMAR-IR: HPET id 0 under DRHD base 0x9b7fc000
[    0.232433] DMAR-IR: Queued invalidation will be enabled to support x2apic and Intr-remapping.
[    0.235091] DMAR-IR: Enabled IRQ remapping in x2apic mode
[    0.237728] ..TIMER: vector=0x30 apic1=0 pin1=2 apic2=-1 pin2=-1
[    0.256314] clocksource: tsc-early: mask: 0xffffffffffffffff max_cycles: 0x39a85c9bff6, max_idle_ns: 881590591483 ns
[    0.256318] Calibrating delay loop (skipped), value calculated using timer frequency.. 4000.00 BogoMIPS (lpj=8000000)
[    0.256320] pid_max: default: 114688 minimum: 896
[    0.260340] LSM: Security Framework initializing
[    0.260355] Yama: becoming mindful.
[    0.260722] AppArmor: AppArmor initialized
[    0.265414] Dentry cache hash table entries: 4194304 (order: 13, 33554432 bytes, vmalloc)
[    0.267775] Inode-cache hash table entries: 2097152 (order: 12, 16777216 bytes, vmalloc)
[    0.267906] Mount-cache hash table entries: 65536 (order: 7, 524288 bytes, vmalloc)
[    0.267985] Mountpoint-cache hash table entries: 65536 (order: 7, 524288 bytes, vmalloc)
[    0.268273] *** VALIDATE proc ***
[    0.268500] *** VALIDATE cgroup1 ***
[    0.268502] *** VALIDATE cgroup2 ***
[    0.268617] x86/tme: not enabled by BIOS
[    0.268620] x86/cpu: User Mode Instruction Prevention (UMIP) activated
[    0.268694] mce: CPU0: Thermal monitoring enabled (TM1)
[    0.268905] process: using mwait in idle threads
[    0.268907] Last level iTLB entries: 4KB 0, 2MB 0, 4MB 0
[    0.268907] Last level dTLB entries: 4KB 0, 2MB 0, 4MB 0, 1GB 0
[    0.268910] Spectre V1 : Mitigation: usercopy/swapgs barriers and __user pointer sanitization
[    0.268912] Spectre V2 : Mitigation: Enhanced IBRS
[    0.268912] Spectre V2 : Spectre v2 / SpectreRSB mitigation: Filling RSB on context switch
[    0.268914] Spectre V2 : mitigation: Enabling conditional Indirect Branch Prediction Barrier
[    0.268915] Speculative Store Bypass: Mitigation: Speculative Store Bypass disabled via prctl and seccomp
[    0.269176] Freeing SMP alternatives memory: 40K
[    0.272459] TSC deadline timer enabled
[    0.272467] smpboot: CPU0: Intel(R) Xeon(R) Gold 6330 CPU @ 2.00GHz (family: 0x6, model: 0x6a, stepping: 0x6)
[    0.272640] Performance Events: PEBS fmt4+-baseline, Icelake events, 32-deep LBR, full-width counters, Intel PMU driver.
[    0.272645] ... version:                5
[    0.272646] ... bit width:              48
[    0.272646] ... generic registers:      8
[    0.272647] ... value mask:             0000ffffffffffff
[    0.272647] ... max period:             00007fffffffffff
[    0.272647] ... fixed-purpose events:   4
[    0.272648] ... event mask:             0000000f000000ff
[    0.272764] rcu: Hierarchical SRCU implementation.
[    0.280138] NMI watchdog: Enabled. Permanently consumes one hw-PMU counter.
[    0.281362] smp: Bringing up secondary CPUs ...
[    0.281473] x86: Booting SMP configuration:
[    0.281474] .... node  #1, CPUs:          #1
[    0.003668] smpboot: CPU 1 Converting physical 0 to logical die 1
[    0.368425] .... node  #0, CPUs:     #2
[    0.373770] .... node  #1, CPUs:     #3
[    0.379163] .... node  #0, CPUs:     #4
[    0.384505] .... node  #1, CPUs:     #5
[    0.389868] .... node  #0, CPUs:     #6
[    0.395409] .... node  #1, CPUs:     #7
[    0.400952] .... node  #0, CPUs:     #8
[    0.406213] .... node  #1, CPUs:     #9
[    0.411909] .... node  #0, CPUs:    #10
[    0.417592] .... node  #1, CPUs:    #11
[    0.423282] .... node  #0, CPUs:    #12
[    0.428771] .... node  #1, CPUs:    #13
[    0.434083] .... node  #0, CPUs:    #14
[    0.439289] .... node  #1, CPUs:    #15
[    0.444566] .... node  #0, CPUs:    #16
[    0.449806] .... node  #1, CPUs:    #17
[    0.455070] .... node  #0, CPUs:    #18
[    0.460475] .... node  #1, CPUs:    #19
[    0.465894] .... node  #0, CPUs:    #20
[    0.471095] .... node  #1, CPUs:    #21
[    0.476656] .... node  #0, CPUs:    #22
[    0.482066] .... node  #1, CPUs:    #23
[    0.487291] .... node  #0, CPUs:    #24
[    0.492891] .... node  #1, CPUs:    #25
[    0.498199] .... node  #0, CPUs:    #26
[    0.503376] .... node  #1, CPUs:    #27
[    0.508639] .... node  #0, CPUs:    #28
[    0.514110] .... node  #1, CPUs:    #29
[    0.519367] .... node  #0, CPUs:    #30
[    0.524551] .... node  #1, CPUs:    #31
[    0.529986] .... node  #0, CPUs:    #32
[    0.535245] .... node  #1, CPUs:    #33
[    0.540579] .... node  #0, CPUs:    #34
[    0.545988] .... node  #1, CPUs:    #35
[    0.551253] .... node  #0, CPUs:    #36
[    0.556469] .... node  #1, CPUs:    #37
[    0.561701] .... node  #0, CPUs:    #38
[    0.567224] .... node  #1, CPUs:    #39
[    0.572716] .... node  #0, CPUs:    #40
[    0.578290] .... node  #1, CPUs:    #41
[    0.583989] .... node  #0, CPUs:    #42
[    0.589261] .... node  #1, CPUs:    #43
[    0.594869] .... node  #0, CPUs:    #44
[    0.600448] .... node  #1, CPUs:    #45
[    0.605645] .... node  #0, CPUs:    #46
[    0.611151] .... node  #1, CPUs:    #47
[    0.616555] .... node  #0, CPUs:    #48
[    0.621856] .... node  #1, CPUs:    #49
[    0.627249] .... node  #0, CPUs:    #50
[    0.632693] .... node  #1, CPUs:    #51
[    0.638299] .... node  #0, CPUs:    #52
[    0.643737] .... node  #1, CPUs:    #53
[    0.649274] .... node  #0, CPUs:    #54
[    0.654944] .... node  #1, CPUs:    #55
[    0.660712] .... node  #0, CPUs:    #56
[    0.666554] .... node  #1, CPUs:    #57
[    0.672423] .... node  #0, CPUs:    #58
[    0.677775] .... node  #1, CPUs:    #59
[    0.683181] .... node  #0, CPUs:    #60
[    0.688522] .... node  #1, CPUs:    #61
[    0.693889] .... node  #0, CPUs:    #62
[    0.699442] .... node  #1, CPUs:    #63
[    0.704999] .... node  #0, CPUs:    #64
[    0.710274] .... node  #1, CPUs:    #65
[    0.715984] .... node  #0, CPUs:    #66
[    0.721693] .... node  #1, CPUs:    #67
[    0.727413] .... node  #0, CPUs:    #68
[    0.732904] .... node  #1, CPUs:    #69
[    0.738246] .... node  #0, CPUs:    #70
[    0.743447] .... node  #1, CPUs:    #71
[    0.748746] .... node  #0, CPUs:    #72
[    0.753997] .... node  #1, CPUs:    #73
[    0.759293] .... node  #0, CPUs:    #74
[    0.764527] .... node  #1, CPUs:    #75
[    0.770144] .... node  #0, CPUs:    #76
[    0.775365] .... node  #1, CPUs:    #77
[    0.780950] .... node  #0, CPUs:    #78
[    0.786372] .... node  #1, CPUs:    #79
[    0.791627] .... node  #0, CPUs:    #80
[    0.797237] .... node  #1, CPUs:    #81
[    0.802551] .... node  #0, CPUs:    #82
[    0.807750] .... node  #1, CPUs:    #83
[    0.813036] .... node  #0, CPUs:    #84
[    0.818531] .... node  #1, CPUs:    #85
[    0.823803] .... node  #0, CPUs:    #86
[    0.829007] .... node  #1, CPUs:    #87
[    0.834471] .... node  #0, CPUs:    #88
[    0.839746] .... node  #1, CPUs:    #89
[    0.845097] .... node  #0, CPUs:    #90
[    0.850509] .... node  #1, CPUs:    #91
[    0.855808] .... node  #0, CPUs:    #92
[    0.861002] .... node  #1, CPUs:    #93
[    0.866299] .... node  #0, CPUs:    #94
[    0.871853] .... node  #1, CPUs:    #95
[    0.877348] .... node  #0, CPUs:    #96
[    0.882934] .... node  #1, CPUs:    #97
[    0.888658] .... node  #0, CPUs:    #98
[    0.893954] .... node  #1, CPUs:    #99
[    0.899580] .... node  #0, CPUs:   #100
[    0.904919] .... node  #1, CPUs:   #101
[    0.910355] .... node  #0, CPUs:   #102
[    0.915874] .... node  #1, CPUs:   #103
[    0.921290] .... node  #0, CPUs:   #104
[    0.926624] .... node  #1, CPUs:   #105
[    0.932031] .... node  #0, CPUs:   #106
[    0.937509] .... node  #1, CPUs:   #107
[    0.943129] .... node  #0, CPUs:   #108
[    0.948590] .... node  #1, CPUs:   #109
[    0.954173] .... node  #0, CPUs:   #110
[    0.959852] .... node  #1, CPUs:   #111
[    0.965631] smp: Brought up 2 nodes, 112 CPUs
[    0.965631] smpboot: Max logical packages: 2
[    0.965631] smpboot: Total of 112 processors activated (448064.00 BogoMIPS)
[    0.975143] devtmpfs: initialized
[    0.975143] x86/mm: Memory block size: 2048MB
[    0.975143] PM: Registering ACPI NVS region [mem 0x49e77000-0x4ae76fff] (16777216 bytes)
[    0.975143] PM: Registering ACPI NVS region [mem 0x6e3ff000-0x6f3fefff] (16777216 bytes)
[    0.976337] clocksource: jiffies: mask: 0xffffffff max_cycles: 0xffffffff, max_idle_ns: 7645041785100000 ns
[    0.976636] futex hash table entries: 32768 (order: 9, 2097152 bytes, vmalloc)
[    0.977227] pinctrl core: initialized pinctrl subsystem
[    0.977351] PM: RTC time: 14:08:51, date: 2024-05-15
[    0.977607] NET: Registered protocol family 16
[    0.977715] audit: initializing netlink subsys (disabled)
[    0.977720] audit: type=2000 audit(1715782130.748:1): state=initialized audit_enabled=0 res=1
[    0.977720] EISA bus registered
[    0.977720] cpuidle: using governor ladder
[    0.977720] cpuidle: using governor menu
[    0.977720] ACPI FADT declares the system doesn't support PCIe ASPM, so disable it
[    0.977720] ACPI: bus type PCI registered
[    0.977720] acpiphp: ACPI Hot Plug PCI Controller Driver version: 0.5
[    0.977720] PCI: MMCONFIG for domain 0000 [bus 00-ff] at [mem 0x80000000-0x8fffffff] (base 0x80000000)
[    0.977720] PCI: MMCONFIG at [mem 0x80000000-0x8fffffff] reserved in E820
[    0.977720] pmd_set_huge: Cannot satisfy [mem 0x80000000-0x80200000] with a huge-page mapping due to MTRR override.
[    0.977720] PCI: Using configuration type 1 for base access
[    0.977720] PCI: Dell System detected, enabling pci=bfsort.
[    0.980321] ENERGY_PERF_BIAS: Set to 'normal', was 'performance'
[    0.984602] HugeTLB registered 1.00 GiB page size, pre-allocated 0 pages
[    0.984602] HugeTLB registered 2.00 MiB page size, pre-allocated 0 pages
[    0.988718] ACPI: Added _OSI(Module Device)
[    0.988719] ACPI: Added _OSI(Processor Device)
[    0.988719] ACPI: Added _OSI(3.0 _SCP Extensions)
[    0.988720] ACPI: Added _OSI(Processor Aggregator Device)
[    0.988721] ACPI: Added _OSI(Linux-Dell-Video)
[    0.988722] ACPI: Added _OSI(Linux-Lenovo-NV-HDMI-Audio)
[    0.988723] ACPI: Added _OSI(Linux-HPI-Hybrid-Graphics)
[    1.150691] ACPI: 8 ACPI AML tables successfully acquired and loaded
[    1.157868] ACPI: [Firmware Bug]: BIOS _OSI(Linux) query ignored
[    1.164476] ACPI: Dynamic OEM Table Load:
[    1.553050] ACPI: Interpreter enabled
[    1.553068] ACPI: (supports S0 S5)
[    1.553068] ACPI: Using IOAPIC for interrupt routing
[    1.553157] HEST: Table parsing has been initialized.
[    1.553159] PCI: Using host bridge windows from ACPI; if necessary, use "pci=nocrs" and report a bug
[    1.581779] ACPI: Enabled 4 GPEs in block 00 to 7F
[    1.705564] ACPI: PCI Root Bridge [PC00] (domain 0000 [bus 00-15])
[    1.705568] acpi PNP0A08:00: _OSC: OS supports [ExtendedConfig ASPM ClockPM Segments MSI HPX-Type3]
[    1.705645] acpi PNP0A08:00: PCIe AER handled by firmware
[    1.705756] acpi PNP0A08:00: _OSC: platform does not support [SHPCHotplug LTR]
[    1.705960] acpi PNP0A08:00: _OSC: OS now controls [PCIeHotplug PME PCIeCapability]
[    1.705961] acpi PNP0A08:00: FADT indicates ASPM is unsupported, using BIOS configuration
[    1.707710] PCI host bridge to bus 0000:00
[    1.707711] pci_bus 0000:00: root bus resource [io  0x0000-0x0cf7 window]
[    1.707712] pci_bus 0000:00: root bus resource [io  0x1000-0x4fff window]
[    1.707713] pci_bus 0000:00: root bus resource [mem 0x000a0000-0x000bffff window]
[    1.707714] pci_bus 0000:00: root bus resource [mem 0x000c8000-0x000cffff window]
[    1.707715] pci_bus 0000:00: root bus resource [mem 0xfe010000-0xfe010fff window]
[    1.707715] pci_bus 0000:00: root bus resource [mem 0x90000000-0x9b7fffff window]
[    1.707716] pci_bus 0000:00: root bus resource [mem 0x200000000000-0x20ffffffffff window]
[    1.707717] pci_bus 0000:00: root bus resource [bus 00-15]
[    1.707726] pci 0000:00:00.0: [8086:09a2] type 00 class 0x088000
[    1.708436] pci 0000:00:00.1: [8086:09a4] type 00 class 0x088000
[    1.709127] pci 0000:00:00.2: [8086:09a3] type 00 class 0x088000
[    1.709817] pci 0000:00:00.4: [8086:0998] type 00 class 0x060000
[    1.710510] pci 0000:00:02.0: [8086:09a6] type 00 class 0x088000
[    1.710520] pci 0000:00:02.0: reg 0x10: [mem 0x92dfc000-0x92dfdfff]
[    1.711202] pci 0000:00:02.1: [8086:09a7] type 00 class 0x088000
[    1.711211] pci 0000:00:02.1: reg 0x10: [mem 0x92d00000-0x92d7ffff]
[    1.711216] pci 0000:00:02.1: reg 0x14: [mem 0x92c80000-0x92cfffff]
[    1.711898] pci 0000:00:02.4: [8086:3456] type 00 class 0x130000
[    1.711909] pci 0000:00:02.4: reg 0x10: [mem 0x92a00000-0x92afffff 64bit]
[    1.711915] pci 0000:00:02.4: reg 0x18: [mem 0x92df0000-0x92df3fff 64bit]
[    1.711921] pci 0000:00:02.4: reg 0x20: [mem 0x92dc0000-0x92ddffff 64bit]
[    1.712621] pci 0000:00:11.0: [8086:a1ec] type 00 class 0xff0000
[    1.713377] pci 0000:00:11.5: [8086:a1d2] type 00 class 0x010601
[    1.713394] pci 0000:00:11.5: reg 0x10: [mem 0x92dfa000-0x92dfbfff]
[    1.713401] pci 0000:00:11.5: reg 0x14: [mem 0x92e05000-0x92e050ff]
[    1.713409] pci 0000:00:11.5: reg 0x18: [io  0x2068-0x206f]
[    1.713415] pci 0000:00:11.5: reg 0x1c: [io  0x2074-0x2077]
[    1.713422] pci 0000:00:11.5: reg 0x20: [io  0x2040-0x205f]
[    1.713429] pci 0000:00:11.5: reg 0x24: [mem 0x92b80000-0x92bfffff]
[    1.713467] pci 0000:00:11.5: PME# supported from D3hot
[    1.714172] pci 0000:00:14.0: [8086:a1af] type 00 class 0x0c0330
[    1.714193] pci 0000:00:14.0: reg 0x10: [mem 0x92de0000-0x92deffff 64bit]
[    1.714257] pci 0000:00:14.0: PME# supported from D3hot D3cold
[    1.714955] pci 0000:00:14.2: [8086:a1b1] type 00 class 0x118000
[    1.714975] pci 0000:00:14.2: reg 0x10: [mem 0x92e02000-0x92e02fff 64bit]
[    1.715705] pci 0000:00:16.0: [8086:a1ba] type 00 class 0x078000
[    1.715733] pci 0000:00:16.0: reg 0x10: [mem 0x92e01000-0x92e01fff 64bit]
[    1.715818] pci 0000:00:16.0: PME# supported from D3hot
[    1.716492] pci 0000:00:16.1: [8086:a1bb] type 00 class 0x078000
[    1.716520] pci 0000:00:16.1: reg 0x10: [mem 0x92e00000-0x92e00fff 64bit]
[    1.716605] pci 0000:00:16.1: PME# supported from D3hot
[    1.717281] pci 0000:00:16.4: [8086:a1be] type 00 class 0x078000
[    1.717309] pci 0000:00:16.4: reg 0x10: [mem 0x92dff000-0x92dfffff 64bit]
[    1.717394] pci 0000:00:16.4: PME# supported from D3hot
[    1.718064] pci 0000:00:17.0: [8086:a182] type 00 class 0x010601
[    1.718081] pci 0000:00:17.0: reg 0x10: [mem 0x92df8000-0x92df9fff]
[    1.718088] pci 0000:00:17.0: reg 0x14: [mem 0x92e04000-0x92e040ff]
[    1.718095] pci 0000:00:17.0: reg 0x18: [io  0x2060-0x2067]
[    1.718102] pci 0000:00:17.0: reg 0x1c: [io  0x2070-0x2073]
[    1.718108] pci 0000:00:17.0: reg 0x20: [io  0x2020-0x203f]
[    1.718115] pci 0000:00:17.0: reg 0x24: [mem 0x92b00000-0x92b7ffff]
[    1.718153] pci 0000:00:17.0: PME# supported from D3hot
[    1.718855] pci 0000:00:1c.0: [8086:a190] type 01 class 0x060400
[    1.718933] pci 0000:00:1c.0: PME# supported from D0 D3hot D3cold
[    1.719684] pci 0000:00:1c.4: [8086:a194] type 01 class 0x060400
[    1.719756] pci 0000:00:1c.4: PME# supported from D0 D3hot D3cold
[    1.720495] pci 0000:00:1c.5: [8086:a195] type 01 class 0x060400
[    1.720568] pci 0000:00:1c.5: PME# supported from D0 D3hot D3cold
[    1.721312] pci 0000:00:1f.0: [8086:a1cb] type 00 class 0x060100
[    1.722103] pci 0000:00:1f.2: [8086:a1a1] type 00 class 0x058000
[    1.722119] pci 0000:00:1f.2: reg 0x10: [mem 0x92df4000-0x92df7fff]
[    1.722858] pci 0000:00:1f.4: [8086:a1a3] type 00 class 0x0c0500
[    1.722878] pci 0000:00:1f.4: reg 0x10: [mem 0x92dfe000-0x92dfe0ff 64bit]
[    1.722900] pci 0000:00:1f.4: reg 0x20: [io  0x2000-0x201f]
[    1.723579] pci 0000:00:1f.5: [8086:a1a4] type 00 class 0x0c8000
[    1.723596] pci 0000:00:1f.5: reg 0x10: [mem 0xfe010000-0xfe010fff]
[    1.724337] pci 0000:00:1c.0: PCI bridge to [bus 01]
[    1.724384] pci 0000:02:00.0: [1556:be00] type 01 class 0x060400
[    1.724554] pci 0000:00:1c.4: PCI bridge to [bus 02-03]
[    1.724558] pci 0000:00:1c.4:   bridge window [mem 0x92000000-0x928fffff]
[    1.724562] pci 0000:00:1c.4:   bridge window [mem 0x91000000-0x91ffffff 64bit pref]
[    1.724593] pci_bus 0000:03: extended config space not accessible
[    1.724611] pci 0000:03:00.0: [102b:0536] type 00 class 0x030000
[    1.724630] pci 0000:03:00.0: reg 0x10: [mem 0x91000000-0x91ffffff pref]
[    1.724640] pci 0000:03:00.0: reg 0x14: [mem 0x92808000-0x9280bfff]
[    1.724651] pci 0000:03:00.0: reg 0x18: [mem 0x92000000-0x927fffff]
[    1.724698] pci 0000:03:00.0: BAR 0: assigned to efifb
[    1.724793] pci 0000:02:00.0: PCI bridge to [bus 03]
[    1.724801] pci 0000:02:00.0:   bridge window [mem 0x92000000-0x928fffff]
[    1.724806] pci 0000:02:00.0:   bridge window [mem 0x91000000-0x91ffffff 64bit pref]
[    1.724872] pci 0000:04:00.0: [14e4:165f] type 00 class 0x020000
[    1.724904] pci 0000:04:00.0: reg 0x10: [mem 0x92930000-0x9293ffff 64bit pref]
[    1.724919] pci 0000:04:00.0: reg 0x18: [mem 0x92940000-0x9294ffff 64bit pref]
[    1.724934] pci 0000:04:00.0: reg 0x20: [mem 0x92950000-0x9295ffff 64bit pref]
[    1.724944] pci 0000:04:00.0: reg 0x30: [mem 0xfffc0000-0xffffffff pref]
[    1.725037] pci 0000:04:00.0: PME# supported from D0 D3hot D3cold
[    1.725075] pci 0000:04:00.0: 4.000 Gb/s available PCIe bandwidth, limited by 5 GT/s x1 link at 0000:00:1c.5 (capable of 8.000 Gb/s with 5 GT/s x2 link)
[    1.725205] pci 0000:04:00.1: [14e4:165f] type 00 class 0x020000
[    1.725237] pci 0000:04:00.1: reg 0x10: [mem 0x92900000-0x9290ffff 64bit pref]
[    1.725252] pci 0000:04:00.1: reg 0x18: [mem 0x92910000-0x9291ffff 64bit pref]
[    1.725268] pci 0000:04:00.1: reg 0x20: [mem 0x92920000-0x9292ffff 64bit pref]
[    1.725278] pci 0000:04:00.1: reg 0x30: [mem 0xfffc0000-0xffffffff pref]
[    1.725370] pci 0000:04:00.1: PME# supported from D0 D3hot D3cold
[    1.725520] pci 0000:00:1c.5: PCI bridge to [bus 04]
[    1.725527] pci 0000:00:1c.5:   bridge window [mem 0x92900000-0x929fffff 64bit pref]
[    1.725540] pci_bus 0000:00: on NUMA node 0
[    1.726094] ACPI: PCI Root Bridge [PC01] (domain 0000 [bus 16-2f])
[    1.726096] acpi PNP0A08:01: _OSC: OS supports [ExtendedConfig ASPM ClockPM Segments MSI HPX-Type3]
[    1.726194] acpi PNP0A08:01: PCIe AER handled by firmware
[    1.726301] acpi PNP0A08:01: _OSC: platform does not support [SHPCHotplug]
[    1.726501] acpi PNP0A08:01: _OSC: OS now controls [PCIeHotplug PME PCIeCapability LTR]
[    1.726501] acpi PNP0A08:01: FADT indicates ASPM is unsupported, using BIOS configuration
[    1.726622] PCI host bridge to bus 0000:16
[    1.726623] pci_bus 0000:16: root bus resource [io  0x5000-0x6fff window]
[    1.726624] pci_bus 0000:16: root bus resource [mem 0x9b800000-0xa63fffff window]
[    1.726625] pci_bus 0000:16: root bus resource [mem 0x210000000000-0x21ffffffffff window]
[    1.726626] pci_bus 0000:16: root bus resource [bus 16-2f]
[    1.726633] pci 0000:16:00.0: [8086:09a2] type 00 class 0x088000
[    1.726699] pci 0000:16:00.1: [8086:09a4] type 00 class 0x088000
[    1.726762] pci 0000:16:00.2: [8086:09a3] type 00 class 0x088000
[    1.726826] pci 0000:16:00.4: [8086:0998] type 00 class 0x060000
[    1.726888] pci 0000:16:02.0: [8086:347a] type 01 class 0x060400
[    1.726901] pci 0000:16:02.0: reg 0x10: [mem 0x21fffff00000-0x21fffff1ffff 64bit]
[    1.726937] pci 0000:16:02.0: PME# supported from D0 D3hot D3cold
[    1.727233] pci 0000:17:00.0: [1000:10e2] type 00 class 0x010400
[    1.727253] pci 0000:17:00.0: reg 0x10: [mem 0x9b800000-0x9b8fffff 64bit pref]
[    1.727261] pci 0000:17:00.0: reg 0x18: [mem 0x9b900000-0x9b9fffff 64bit pref]
[    1.727266] pci 0000:17:00.0: reg 0x20: [mem 0x9ba00000-0x9bafffff]
[    1.727271] pci 0000:17:00.0: reg 0x24: [io  0x5000-0x50ff]
[    1.727277] pci 0000:17:00.0: reg 0x30: [mem 0xfff00000-0xffffffff pref]
[    1.728515] pci 0000:17:00.0: supports D1 D2
[    1.728566] pci 0000:16:02.0: PCI bridge to [bus 17]
[    1.728567] pci 0000:16:02.0:   bridge window [io  0x5000-0x5fff]
[    1.728569] pci 0000:16:02.0:   bridge window [mem 0x9ba00000-0x9bafffff]
[    1.728571] pci 0000:16:02.0:   bridge window [mem 0x9b800000-0x9b9fffff 64bit pref]
[    1.728577] pci_bus 0000:16: on NUMA node 0
[    1.728642] ACPI: PCI Root Bridge [PC02] (domain 0000 [bus 30-49])
[    1.728644] acpi PNP0A08:02: _OSC: OS supports [ExtendedConfig ASPM ClockPM Segments MSI HPX-Type3]
[    1.728738] acpi PNP0A08:02: PCIe AER handled by firmware
[    1.728843] acpi PNP0A08:02: _OSC: platform does not support [SHPCHotplug]
[    1.729043] acpi PNP0A08:02: _OSC: OS now controls [PCIeHotplug PME PCIeCapability LTR]
[    1.729044] acpi PNP0A08:02: FADT indicates ASPM is unsupported, using BIOS configuration
[    1.729161] PCI host bridge to bus 0000:30
[    1.729162] pci_bus 0000:30: root bus resource [io  0x7000-0x8fff window]
[    1.729163] pci_bus 0000:30: root bus resource [mem 0xa6400000-0xb0ffffff window]
[    1.729164] pci_bus 0000:30: root bus resource [mem 0x220000000000-0x22ffffffffff window]
[    1.729164] pci_bus 0000:30: root bus resource [bus 30-49]
[    1.729171] pci 0000:30:00.0: [8086:09a2] type 00 class 0x088000
[    1.729239] pci 0000:30:00.1: [8086:09a4] type 00 class 0x088000
[    1.729300] pci 0000:30:00.2: [8086:09a3] type 00 class 0x088000
[    1.729362] pci 0000:30:00.4: [8086:0998] type 00 class 0x060000
[    1.729434] pci_bus 0000:30: on NUMA node 0
[    1.729519] ACPI: PCI Root Bridge [PC04] (domain 0000 [bus 4a-63])
[    1.729521] acpi PNP0A08:04: _OSC: OS supports [ExtendedConfig ASPM ClockPM Segments MSI HPX-Type3]
[    1.729612] acpi PNP0A08:04: PCIe AER handled by firmware
[    1.729716] acpi PNP0A08:04: _OSC: platform does not support [SHPCHotplug]
[    1.729914] acpi PNP0A08:04: _OSC: OS now controls [PCIeHotplug PME PCIeCapability LTR]
[    1.729915] acpi PNP0A08:04: FADT indicates ASPM is unsupported, using BIOS configuration
[    1.730024] PCI host bridge to bus 0000:4a
[    1.730025] pci_bus 0000:4a: root bus resource [io  0x9000-0x9fff window]
[    1.730026] pci_bus 0000:4a: root bus resource [mem 0xb1000000-0xbbbfffff window]
[    1.730026] pci_bus 0000:4a: root bus resource [mem 0x230000000000-0x23ffffffffff window]
[    1.730027] pci_bus 0000:4a: root bus resource [bus 4a-63]
[    1.730034] pci 0000:4a:00.0: [8086:09a2] type 00 class 0x088000
[    1.730096] pci 0000:4a:00.1: [8086:09a4] type 00 class 0x088000
[    1.730156] pci 0000:4a:00.2: [8086:09a3] type 00 class 0x088000
[    1.730225] pci 0000:4a:00.4: [8086:0998] type 00 class 0x060000
[    1.730294] pci_bus 0000:4a: on NUMA node 0
[    1.730352] ACPI: PCI Root Bridge [PC05] (domain 0000 [bus 64-7d])
[    1.730354] acpi PNP0A08:05: _OSC: OS supports [ExtendedConfig ASPM ClockPM Segments MSI HPX-Type3]
[    1.730444] acpi PNP0A08:05: PCIe AER handled by firmware
[    1.730548] acpi PNP0A08:05: _OSC: platform does not support [SHPCHotplug]
[    1.730745] acpi PNP0A08:05: _OSC: OS now controls [PCIeHotplug PME PCIeCapability LTR]
[    1.730746] acpi PNP0A08:05: FADT indicates ASPM is unsupported, using BIOS configuration
[    1.730854] PCI host bridge to bus 0000:64
[    1.730855] pci_bus 0000:64: root bus resource [io  0xa000-0xafff window]
[    1.730856] pci_bus 0000:64: root bus resource [mem 0xbbc00000-0xc5ffffff window]
[    1.730857] pci_bus 0000:64: root bus resource [mem 0x240000000000-0x24ffffffffff window]
[    1.730858] pci_bus 0000:64: root bus resource [bus 64-7d]
[    1.730864] pci 0000:64:00.0: [8086:09a2] type 00 class 0x088000
[    1.730927] pci 0000:64:00.1: [8086:09a4] type 00 class 0x088000
[    1.730989] pci 0000:64:00.2: [8086:09a3] type 00 class 0x088000
[    1.731052] pci 0000:64:00.4: [8086:0998] type 00 class 0x060000
[    1.731122] pci_bus 0000:64: on NUMA node 0
[    1.731177] ACPI: PCI Root Bridge [UC06] (domain 0000 [bus 7e])
[    1.731179] acpi PNP0A03:00: _OSC: OS supports [ExtendedConfig ASPM ClockPM Segments MSI HPX-Type3]
[    1.731253] acpi PNP0A03:00: PCIe AER handled by firmware
[    1.731342] acpi PNP0A03:00: _OSC: platform does not support [SHPCHotplug LTR]
[    1.731509] acpi PNP0A03:00: _OSC: OS now controls [PCIeHotplug PME PCIeCapability]
[    1.731509] acpi PNP0A03:00: FADT indicates ASPM is unsupported, using BIOS configuration
[    1.731641] PCI host bridge to bus 0000:7e
[    1.731642] pci_bus 0000:7e: root bus resource [bus 7e]
[    1.731648] pci 0000:7e:00.0: [8086:3450] type 00 class 0x088000
[    1.731717] pci 0000:7e:00.1: [8086:3451] type 00 class 0x088000
[    1.731780] pci 0000:7e:00.2: [8086:3452] type 00 class 0x088000
[    1.731852] pci 0000:7e:00.3: [8086:0998] type 00 class 0x060000
[    1.731916] pci 0000:7e:00.5: [8086:3455] type 00 class 0x088000
[    1.731986] pci 0000:7e:02.0: [8086:3440] type 00 class 0x088000
[    1.732108] pci 0000:7e:02.1: [8086:3441] type 00 class 0x088000
[    1.732222] pci 0000:7e:02.2: [8086:3442] type 00 class 0x088000
[    1.732337] pci 0000:7e:03.0: [8086:3440] type 00 class 0x088000
[    1.732426] pci 0000:7e:03.1: [8086:3441] type 00 class 0x088000
[    1.732508] pci 0000:7e:03.2: [8086:3442] type 00 class 0x088000
[    1.732605] pci 0000:7e:04.0: [8086:3440] type 00 class 0x088000
[    1.732731] pci 0000:7e:04.1: [8086:3441] type 00 class 0x088000
[    1.732852] pci 0000:7e:04.2: [8086:3442] type 00 class 0x088000
[    1.732974] pci 0000:7e:04.3: [8086:3443] type 00 class 0x088000
[    1.733100] pci 0000:7e:05.0: [8086:3445] type 00 class 0x088000
[    1.733231] pci 0000:7e:05.1: [8086:3446] type 00 class 0x088000
[    1.733349] pci 0000:7e:05.2: [8086:3447] type 00 class 0x088000
[    1.733467] pci 0000:7e:06.0: [8086:3445] type 00 class 0x088000
[    1.733561] pci 0000:7e:06.1: [8086:3446] type 00 class 0x088000
[    1.733647] pci 0000:7e:06.2: [8086:3447] type 00 class 0x088000
[    1.733740] pci 0000:7e:07.0: [8086:3445] type 00 class 0x088000
[    1.733867] pci 0000:7e:07.1: [8086:3446] type 00 class 0x088000
[    1.733992] pci 0000:7e:07.2: [8086:3447] type 00 class 0x088000
[    1.734117] pci 0000:7e:0b.0: [8086:3448] type 00 class 0x088000
[    1.734193] pci 0000:7e:0b.1: [8086:3448] type 00 class 0x088000
[    1.734267] pci 0000:7e:0b.2: [8086:344b] type 00 class 0x088000
[    1.734350] pci 0000:7e:0c.0: [8086:344a] type 00 class 0x110100
[    1.734448] pci 0000:7e:0d.0: [8086:344a] type 00 class 0x110100
[    1.734543] pci 0000:7e:0e.0: [8086:344a] type 00 class 0x110100
[    1.734693] pci 0000:7e:0f.0: [8086:344a] type 00 class 0x110100
[    1.734854] pci 0000:7e:1a.0: [8086:2880] type 00 class 0x110100
[    1.734951] pci 0000:7e:1b.0: [8086:2880] type 00 class 0x110100
[    1.735043] pci 0000:7e:1c.0: [8086:2880] type 00 class 0x110100
[    1.735197] pci 0000:7e:1d.0: [8086:2880] type 00 class 0x110100
[    1.735359] pci_bus 0000:7e: on NUMA node 0
[    1.735433] ACPI: PCI Root Bridge [UC07] (domain 0000 [bus 7f])
[    1.735435] acpi PNP0A03:01: _OSC: OS supports [ExtendedConfig ASPM ClockPM Segments MSI HPX-Type3]
[    1.735511] acpi PNP0A03:01: PCIe AER handled by firmware
[    1.735601] acpi PNP0A03:01: _OSC: platform does not support [SHPCHotplug LTR]
[    1.735768] acpi PNP0A03:01: _OSC: OS now controls [PCIeHotplug PME PCIeCapability]
[    1.735769] acpi PNP0A03:01: FADT indicates ASPM is unsupported, using BIOS configuration
[    1.735913] PCI host bridge to bus 0000:7f
[    1.735914] pci_bus 0000:7f: root bus resource [bus 7f]
[    1.735924] pci 0000:7f:00.0: [8086:344c] type 00 class 0x088000
[    1.736032] pci 0000:7f:00.1: [8086:344c] type 00 class 0x088000
[    1.736151] pci 0000:7f:00.2: [8086:344c] type 00 class 0x088000
[    1.736272] pci 0000:7f:00.3: [8086:344c] type 00 class 0x088000
[    1.736368] pci 0000:7f:00.4: [8086:344c] type 00 class 0x088000
[    1.736498] pci 0000:7f:00.5: [8086:344c] type 00 class 0x088000
[    1.736625] pci 0000:7f:00.6: [8086:344c] type 00 class 0x088000
[    1.736711] pci 0000:7f:00.7: [8086:344c] type 00 class 0x088000
[    1.736807] pci 0000:7f:01.0: [8086:344c] type 00 class 0x088000
[    1.736944] pci 0000:7f:01.1: [8086:344c] type 00 class 0x088000
[    1.737071] pci 0000:7f:01.2: [8086:344c] type 00 class 0x088000
[    1.737158] pci 0000:7f:01.3: [8086:344c] type 00 class 0x088000
[    1.737297] pci 0000:7f:01.4: [8086:344c] type 00 class 0x088000
[    1.737435] pci 0000:7f:01.5: [8086:344c] type 00 class 0x088000
[    1.737578] pci 0000:7f:01.6: [8086:344c] type 00 class 0x088000
[    1.737707] pci 0000:7f:01.7: [8086:344c] type 00 class 0x088000
[    1.737846] pci 0000:7f:02.0: [8086:344c] type 00 class 0x088000
[    1.737986] pci 0000:7f:02.1: [8086:344c] type 00 class 0x088000
[    1.738124] pci 0000:7f:02.2: [8086:344c] type 00 class 0x088000
[    1.738261] pci 0000:7f:02.3: [8086:344c] type 00 class 0x088000
[    1.738407] pci 0000:7f:02.4: [8086:344c] type 00 class 0x088000
[    1.738551] pci 0000:7f:02.5: [8086:344c] type 00 class 0x088000
[    1.738693] pci 0000:7f:02.6: [8086:344c] type 00 class 0x088000
[    1.738847] pci 0000:7f:02.7: [8086:344c] type 00 class 0x088000
[    1.739006] pci 0000:7f:03.0: [8086:344c] type 00 class 0x088000
[    1.739157] pci 0000:7f:03.1: [8086:344c] type 00 class 0x088000
[    1.739316] pci 0000:7f:03.2: [8086:344c] type 00 class 0x088000
[    1.739471] pci 0000:7f:03.3: [8086:344c] type 00 class 0x088000
[    1.739637] pci 0000:7f:0a.0: [8086:344d] type 00 class 0x088000
[    1.739746] pci 0000:7f:0a.1: [8086:344d] type 00 class 0x088000
[    1.739865] pci 0000:7f:0a.2: [8086:344d] type 00 class 0x088000
[    1.739984] pci 0000:7f:0a.3: [8086:344d] type 00 class 0x088000
[    1.740087] pci 0000:7f:0a.4: [8086:344d] type 00 class 0x088000
[    1.740216] pci 0000:7f:0a.5: [8086:344d] type 00 class 0x088000
[    1.740340] pci 0000:7f:0a.6: [8086:344d] type 00 class 0x088000
[    1.740427] pci 0000:7f:0a.7: [8086:344d] type 00 class 0x088000
[    1.740520] pci 0000:7f:0b.0: [8086:344d] type 00 class 0x088000
[    1.740656] pci 0000:7f:0b.1: [8086:344d] type 00 class 0x088000
[    1.740785] pci 0000:7f:0b.2: [8086:344d] type 00 class 0x088000
[    1.740872] pci 0000:7f:0b.3: [8086:344d] type 00 class 0x088000
[    1.741015] pci 0000:7f:0b.4: [8086:344d] type 00 class 0x088000
[    1.741155] pci 0000:7f:0b.5: [8086:344d] type 00 class 0x088000
[    1.741299] pci 0000:7f:0b.6: [8086:344d] type 00 class 0x088000
[    1.741426] pci 0000:7f:0b.7: [8086:344d] type 00 class 0x088000
[    1.741562] pci 0000:7f:0c.0: [8086:344d] type 00 class 0x088000
[    1.741701] pci 0000:7f:0c.1: [8086:344d] type 00 class 0x088000
[    1.741838] pci 0000:7f:0c.2: [8086:344d] type 00 class 0x088000
[    1.741977] pci 0000:7f:0c.3: [8086:344d] type 00 class 0x088000
[    1.742128] pci 0000:7f:0c.4: [8086:344d] type 00 class 0x088000
[    1.742270] pci 0000:7f:0c.5: [8086:344d] type 00 class 0x088000
[    1.742415] pci 0000:7f:0c.6: [8086:344d] type 00 class 0x088000
[    1.742569] pci 0000:7f:0c.7: [8086:344d] type 00 class 0x088000
[    1.742720] pci 0000:7f:0d.0: [8086:344d] type 00 class 0x088000
[    1.742873] pci 0000:7f:0d.1: [8086:344d] type 00 class 0x088000
[    1.743032] pci 0000:7f:0d.2: [8086:344d] type 00 class 0x088000
[    1.743188] pci 0000:7f:0d.3: [8086:344d] type 00 class 0x088000
[    1.743370] pci 0000:7f:1d.0: [8086:344f] type 00 class 0x088000
[    1.743488] pci 0000:7f:1d.1: [8086:3457] type 00 class 0x088000
[    1.743604] pci 0000:7f:1e.0: [8086:3458] type 00 class 0x088000
[    1.743681] pci 0000:7f:1e.1: [8086:3459] type 00 class 0x088000
[    1.743756] pci 0000:7f:1e.2: [8086:345a] type 00 class 0x088000
[    1.743829] pci 0000:7f:1e.3: [8086:345b] type 00 class 0x088000
[    1.743904] pci 0000:7f:1e.4: [8086:345c] type 00 class 0x088000
[    1.743978] pci 0000:7f:1e.5: [8086:345d] type 00 class 0x088000
[    1.744057] pci 0000:7f:1e.6: [8086:345e] type 00 class 0x088000
[    1.744131] pci 0000:7f:1e.7: [8086:345f] type 00 class 0x088000
[    1.744203] pci_bus 0000:7f: on NUMA node 0
[    1.744292] ACPI: PCI Root Bridge [PC06] (domain 0000 [bus 80])
[    1.744294] acpi PNP0A08:06: _OSC: OS supports [ExtendedConfig ASPM ClockPM Segments MSI HPX-Type3]
[    1.744388] acpi PNP0A08:06: PCIe AER handled by firmware
[    1.744495] acpi PNP0A08:06: _OSC: platform does not support [SHPCHotplug]
[    1.744694] acpi PNP0A08:06: _OSC: OS now controls [PCIeHotplug PME PCIeCapability LTR]
[    1.744694] acpi PNP0A08:06: FADT indicates ASPM is unsupported, using BIOS configuration
[    1.744837] PCI host bridge to bus 0000:80
[    1.744838] pci_bus 0000:80: root bus resource [io  0xb000-0xbfff window]
[    1.744839] pci_bus 0000:80: root bus resource [mem 0xc6800000-0xd0ffffff window]
[    1.744840] pci_bus 0000:80: root bus resource [mem 0x250000000000-0x25ffffffffff window]
[    1.744841] pci_bus 0000:80: root bus resource [bus 80]
[    1.744848] pci 0000:80:00.0: [8086:09a2] type 00 class 0x088000
[    1.744929] pci 0000:80:00.1: [8086:09a4] type 00 class 0x088000
[    1.745011] pci 0000:80:00.2: [8086:09a3] type 00 class 0x088000
[    1.745088] pci 0000:80:00.4: [8086:0998] type 00 class 0x060000
[    1.745165] pci 0000:80:02.0: [8086:09a6] type 00 class 0x088000
[    1.745175] pci 0000:80:02.0: reg 0x10: [mem 0xc6aa4000-0xc6aa5fff]
[    1.745240] pci 0000:80:02.1: [8086:09a7] type 00 class 0x088000
[    1.745249] pci 0000:80:02.1: reg 0x10: [mem 0xc6a00000-0xc6a7ffff]
[    1.745254] pci 0000:80:02.1: reg 0x14: [mem 0xc6980000-0xc69fffff]
[    1.745323] pci 0000:80:02.4: [8086:3456] type 00 class 0x130000
[    1.745335] pci 0000:80:02.4: reg 0x10: [mem 0xc6800000-0xc68fffff 64bit]
[    1.745342] pci 0000:80:02.4: reg 0x18: [mem 0xc6aa0000-0xc6aa3fff 64bit]
[    1.745349] pci 0000:80:02.4: reg 0x20: [mem 0xc6a80000-0xc6a9ffff 64bit]
[    1.745409] pci_bus 0000:80: on NUMA node 1
[    1.745476] ACPI: PCI Root Bridge [PC07] (domain 0000 [bus 81])
[    1.745478] acpi PNP0A08:07: _OSC: OS supports [ExtendedConfig ASPM ClockPM Segments MSI HPX-Type3]
[    1.745568] acpi PNP0A08:07: PCIe AER handled by firmware
[    1.745672] acpi PNP0A08:07: _OSC: platform does not support [SHPCHotplug]
[    1.745870] acpi PNP0A08:07: _OSC: OS now controls [PCIeHotplug PME PCIeCapability LTR]
[    1.745871] acpi PNP0A08:07: FADT indicates ASPM is unsupported, using BIOS configuration
[    1.745990] PCI host bridge to bus 0000:81
[    1.745991] pci_bus 0000:81: root bus resource [io  0xc000-0xcfff window]
[    1.745992] pci_bus 0000:81: root bus resource [mem 0xd1000000-0xdbbfffff window]
[    1.745992] pci_bus 0000:81: root bus resource [mem 0x260000000000-0x26ffffffffff window]
[    1.745993] pci_bus 0000:81: root bus resource [bus 81]
[    1.746000] pci 0000:81:00.0: [8086:09a2] type 00 class 0x088000
[    1.746069] pci 0000:81:00.1: [8086:09a4] type 00 class 0x088000
[    1.746135] pci 0000:81:00.2: [8086:09a3] type 00 class 0x088000
[    1.746203] pci 0000:81:00.4: [8086:0998] type 00 class 0x060000
[    1.746283] pci_bus 0000:81: on NUMA node 1
[    1.746342] ACPI: PCI Root Bridge [PC08] (domain 0000 [bus 82])
[    1.746344] acpi PNP0A08:08: _OSC: OS supports [ExtendedConfig ASPM ClockPM Segments MSI HPX-Type3]
[    1.746433] acpi PNP0A08:08: PCIe AER handled by firmware
[    1.746536] acpi PNP0A08:08: _OSC: platform does not support [SHPCHotplug]
[    1.746734] acpi PNP0A08:08: _OSC: OS now controls [PCIeHotplug PME PCIeCapability LTR]
[    1.746735] acpi PNP0A08:08: FADT indicates ASPM is unsupported, using BIOS configuration
[    1.746842] PCI host bridge to bus 0000:82
[    1.746843] pci_bus 0000:82: root bus resource [io  0xd000-0xdfff window]
[    1.746844] pci_bus 0000:82: root bus resource [mem 0xdbc00000-0xe67fffff window]
[    1.746845] pci_bus 0000:82: root bus resource [mem 0x270000000000-0x27ffffffffff window]
[    1.746846] pci_bus 0000:82: root bus resource [bus 82]
[    1.746853] pci 0000:82:00.0: [8086:09a2] type 00 class 0x088000
[    1.746922] pci 0000:82:00.1: [8086:09a4] type 00 class 0x088000
[    1.746989] pci 0000:82:00.2: [8086:09a3] type 00 class 0x088000
[    1.747064] pci 0000:82:00.4: [8086:0998] type 00 class 0x060000
[    1.747144] pci_bus 0000:82: on NUMA node 1
[    1.747228] ACPI: PCI Root Bridge [PC10] (domain 0000 [bus 83-f9])
[    1.747229] acpi PNP0A08:0a: _OSC: OS supports [ExtendedConfig ASPM ClockPM Segments MSI HPX-Type3]
[    1.747319] acpi PNP0A08:0a: PCIe AER handled by firmware
[    1.747422] acpi PNP0A08:0a: _OSC: platform does not support [SHPCHotplug]
[    1.747619] acpi PNP0A08:0a: _OSC: OS now controls [PCIeHotplug PME PCIeCapability LTR]
[    1.747619] acpi PNP0A08:0a: FADT indicates ASPM is unsupported, using BIOS configuration
[    1.747738] PCI host bridge to bus 0000:83
[    1.747739] pci_bus 0000:83: root bus resource [io  0xe000-0xefff window]
[    1.747739] pci_bus 0000:83: root bus resource [mem 0xe6800000-0xf13fffff window]
[    1.747740] pci_bus 0000:83: root bus resource [mem 0x280000000000-0x28ffffffffff window]
[    1.747741] pci_bus 0000:83: root bus resource [bus 83-f9]
[    1.747748] pci 0000:83:00.0: [8086:09a2] type 00 class 0x088000
[    1.747817] pci 0000:83:00.1: [8086:09a4] type 00 class 0x088000
[    1.747885] pci 0000:83:00.2: [8086:09a3] type 00 class 0x088000
[    1.747955] pci 0000:83:00.4: [8086:0998] type 00 class 0x060000
[    1.748034] pci_bus 0000:83: on NUMA node 1
[    1.748092] ACPI: PCI Root Bridge [PC11] (domain 0000 [bus fa])
[    1.748094] acpi PNP0A08:0b: _OSC: OS supports [ExtendedConfig ASPM ClockPM Segments MSI HPX-Type3]
[    1.748183] acpi PNP0A08:0b: PCIe AER handled by firmware
[    1.748287] acpi PNP0A08:0b: _OSC: platform does not support [SHPCHotplug]
[    1.748489] acpi PNP0A08:0b: _OSC: OS now controls [PCIeHotplug PME PCIeCapability LTR]
[    1.748490] acpi PNP0A08:0b: FADT indicates ASPM is unsupported, using BIOS configuration
[    1.748602] PCI host bridge to bus 0000:fa
[    1.748603] pci_bus 0000:fa: root bus resource [io  0xf000-0xffff window]
[    1.748603] pci_bus 0000:fa: root bus resource [mem 0xf1400000-0xfb7fffff window]
[    1.748604] pci_bus 0000:fa: root bus resource [mem 0x290000000000-0x29ffffffffff window]
[    1.748605] pci_bus 0000:fa: root bus resource [bus fa]
[    1.748612] pci 0000:fa:00.0: [8086:09a2] type 00 class 0x088000
[    1.748680] pci 0000:fa:00.1: [8086:09a4] type 00 class 0x088000
[    1.748749] pci 0000:fa:00.2: [8086:09a3] type 00 class 0x088000
[    1.748824] pci 0000:fa:00.4: [8086:0998] type 00 class 0x060000
[    1.748903] pci_bus 0000:fa: on NUMA node 1
[    1.748958] ACPI: PCI Root Bridge [UC16] (domain 0000 [bus fe])
[    1.748960] acpi PNP0A03:02: _OSC: OS supports [ExtendedConfig ASPM ClockPM Segments MSI HPX-Type3]
[    1.749034] acpi PNP0A03:02: PCIe AER handled by firmware
[    1.749123] acpi PNP0A03:02: _OSC: platform does not support [SHPCHotplug LTR]
[    1.749291] acpi PNP0A03:02: _OSC: OS now controls [PCIeHotplug PME PCIeCapability]
[    1.749291] acpi PNP0A03:02: FADT indicates ASPM is unsupported, using BIOS configuration
[    1.749422] PCI host bridge to bus 0000:fe
[    1.749423] pci_bus 0000:fe: root bus resource [bus fe]
[    1.749430] pci 0000:fe:00.0: [8086:3450] type 00 class 0x088000
[    1.749501] pci 0000:fe:00.1: [8086:3451] type 00 class 0x088000
[    1.749566] pci 0000:fe:00.2: [8086:3452] type 00 class 0x088000
[    1.749634] pci 0000:fe:00.3: [8086:0998] type 00 class 0x060000
[    1.749702] pci 0000:fe:00.5: [8086:3455] type 00 class 0x088000
[    1.749774] pci 0000:fe:02.0: [8086:3440] type 00 class 0x088000
[    1.749900] pci 0000:fe:02.1: [8086:3441] type 00 class 0x088000
[    1.750025] pci 0000:fe:02.2: [8086:3442] type 00 class 0x088000
[    1.750142] pci 0000:fe:03.0: [8086:3440] type 00 class 0x088000
[    1.750235] pci 0000:fe:03.1: [8086:3441] type 00 class 0x088000
[    1.750321] pci 0000:fe:03.2: [8086:3442] type 00 class 0x088000
[    1.750413] pci 0000:fe:04.0: [8086:3440] type 00 class 0x088000
[    1.750543] pci 0000:fe:04.1: [8086:3441] type 00 class 0x088000
[    1.750670] pci 0000:fe:04.2: [8086:3442] type 00 class 0x088000
[    1.750794] pci 0000:fe:04.3: [8086:3443] type 00 class 0x088000
[    1.750930] pci 0000:fe:05.0: [8086:3445] type 00 class 0x088000
[    1.751055] pci 0000:fe:05.1: [8086:3446] type 00 class 0x088000
[    1.751176] pci 0000:fe:05.2: [8086:3447] type 00 class 0x088000
[    1.751299] pci 0000:fe:06.0: [8086:3445] type 00 class 0x088000
[    1.751393] pci 0000:fe:06.1: [8086:3446] type 00 class 0x088000
[    1.751483] pci 0000:fe:06.2: [8086:3447] type 00 class 0x088000
[    1.751578] pci 0000:fe:07.0: [8086:3445] type 00 class 0x088000
[    1.751710] pci 0000:fe:07.1: [8086:3446] type 00 class 0x088000
[    1.751846] pci 0000:fe:07.2: [8086:3447] type 00 class 0x088000
[    1.751973] pci 0000:fe:0b.0: [8086:3448] type 00 class 0x088000
[    1.752051] pci 0000:fe:0b.1: [8086:3448] type 00 class 0x088000
[    1.752124] pci 0000:fe:0b.2: [8086:344b] type 00 class 0x088000
[    1.752205] pci 0000:fe:0c.0: [8086:344a] type 00 class 0x110100
[    1.752308] pci 0000:fe:0d.0: [8086:344a] type 00 class 0x110100
[    1.752405] pci 0000:fe:0e.0: [8086:344a] type 00 class 0x110100
[    1.752560] pci 0000:fe:0f.0: [8086:344a] type 00 class 0x110100
[    1.752732] pci 0000:fe:1a.0: [8086:2880] type 00 class 0x110100
[    1.752832] pci 0000:fe:1b.0: [8086:2880] type 00 class 0x110100
[    1.752929] pci 0000:fe:1c.0: [8086:2880] type 00 class 0x110100
[    1.753089] pci 0000:fe:1d.0: [8086:2880] type 00 class 0x110100
[    1.753249] pci_bus 0000:fe: on NUMA node 1
[    1.753321] ACPI: PCI Root Bridge [UC17] (domain 0000 [bus ff])
[    1.753323] acpi PNP0A03:03: _OSC: OS supports [ExtendedConfig ASPM ClockPM Segments MSI HPX-Type3]
[    1.753397] acpi PNP0A03:03: PCIe AER handled by firmware
[    1.753485] acpi PNP0A03:03: _OSC: platform does not support [SHPCHotplug LTR]
[    1.753652] acpi PNP0A03:03: _OSC: OS now controls [PCIeHotplug PME PCIeCapability]
[    1.753653] acpi PNP0A03:03: FADT indicates ASPM is unsupported, using BIOS configuration
[    1.753795] PCI host bridge to bus 0000:ff
[    1.753796] pci_bus 0000:ff: root bus resource [bus ff]
[    1.753805] pci 0000:ff:00.0: [8086:344c] type 00 class 0x088000
[    1.753922] pci 0000:ff:00.1: [8086:344c] type 00 class 0x088000
[    1.754042] pci 0000:ff:00.2: [8086:344c] type 00 class 0x088000
[    1.754148] pci 0000:ff:00.3: [8086:344c] type 00 class 0x088000
[    1.754280] pci 0000:ff:00.4: [8086:344c] type 00 class 0x088000
[    1.754404] pci 0000:ff:00.5: [8086:344c] type 00 class 0x088000
[    1.754506] pci 0000:ff:00.6: [8086:344c] type 00 class 0x088000
[    1.754639] pci 0000:ff:00.7: [8086:344c] type 00 class 0x088000
[    1.754772] pci 0000:ff:01.0: [8086:344c] type 00 class 0x088000
[    1.754913] pci 0000:ff:01.1: [8086:344c] type 00 class 0x088000
[    1.755047] pci 0000:ff:01.2: [8086:344c] type 00 class 0x088000
[    1.755137] pci 0000:ff:01.3: [8086:344c] type 00 class 0x088000
[    1.755285] pci 0000:ff:01.4: [8086:344c] type 00 class 0x088000
[    1.755430] pci 0000:ff:01.5: [8086:344c] type 00 class 0x088000
[    1.755578] pci 0000:ff:01.6: [8086:344c] type 00 class 0x088000
[    1.755711] pci 0000:ff:01.7: [8086:344c] type 00 class 0x088000
[    1.755851] pci 0000:ff:02.0: [8086:344c] type 00 class 0x088000
[    1.755993] pci 0000:ff:02.1: [8086:344c] type 00 class 0x088000
[    1.756132] pci 0000:ff:02.2: [8086:344c] type 00 class 0x088000
[    1.756278] pci 0000:ff:02.3: [8086:344c] type 00 class 0x088000
[    1.756424] pci 0000:ff:02.4: [8086:344c] type 00 class 0x088000
[    1.756567] pci 0000:ff:02.5: [8086:344c] type 00 class 0x088000
[    1.756718] pci 0000:ff:02.6: [8086:344c] type 00 class 0x088000
[    1.756866] pci 0000:ff:02.7: [8086:344c] type 00 class 0x088000
[    1.757023] pci 0000:ff:03.0: [8086:344c] type 00 class 0x088000
[    1.757186] pci 0000:ff:03.1: [8086:344c] type 00 class 0x088000
[    1.757343] pci 0000:ff:03.2: [8086:344c] type 00 class 0x088000
[    1.757505] pci 0000:ff:03.3: [8086:344c] type 00 class 0x088000
[    1.757688] pci 0000:ff:0a.0: [8086:344d] type 00 class 0x088000
[    1.757802] pci 0000:ff:0a.1: [8086:344d] type 00 class 0x088000
[    1.757922] pci 0000:ff:0a.2: [8086:344d] type 00 class 0x088000
[    1.758029] pci 0000:ff:0a.3: [8086:344d] type 00 class 0x088000
[    1.758156] pci 0000:ff:0a.4: [8086:344d] type 00 class 0x088000
[    1.758281] pci 0000:ff:0a.5: [8086:344d] type 00 class 0x088000
[    1.758384] pci 0000:ff:0a.6: [8086:344d] type 00 class 0x088000
[    1.758517] pci 0000:ff:0a.7: [8086:344d] type 00 class 0x088000
[    1.758653] pci 0000:ff:0b.0: [8086:344d] type 00 class 0x088000
[    1.758795] pci 0000:ff:0b.1: [8086:344d] type 00 class 0x088000
[    1.758929] pci 0000:ff:0b.2: [8086:344d] type 00 class 0x088000
[    1.759020] pci 0000:ff:0b.3: [8086:344d] type 00 class 0x088000
[    1.759164] pci 0000:ff:0b.4: [8086:344d] type 00 class 0x088000
[    1.759308] pci 0000:ff:0b.5: [8086:344d] type 00 class 0x088000
[    1.759455] pci 0000:ff:0b.6: [8086:344d] type 00 class 0x088000
[    1.759589] pci 0000:ff:0b.7: [8086:344d] type 00 class 0x088000
[    1.759734] pci 0000:ff:0c.0: [8086:344d] type 00 class 0x088000
[    1.759875] pci 0000:ff:0c.1: [8086:344d] type 00 class 0x088000
[    1.760018] pci 0000:ff:0c.2: [8086:344d] type 00 class 0x088000
[    1.760163] pci 0000:ff:0c.3: [8086:344d] type 00 class 0x088000
[    1.760305] pci 0000:ff:0c.4: [8086:344d] type 00 class 0x088000
[    1.760450] pci 0000:ff:0c.5: [8086:344d] type 00 class 0x088000
[    1.760602] pci 0000:ff:0c.6: [8086:344d] type 00 class 0x088000
[    1.760750] pci 0000:ff:0c.7: [8086:344d] type 00 class 0x088000
[    1.760914] pci 0000:ff:0d.0: [8086:344d] type 00 class 0x088000
[    1.761075] pci 0000:ff:0d.1: [8086:344d] type 00 class 0x088000
[    1.761229] pci 0000:ff:0d.2: [8086:344d] type 00 class 0x088000
[    1.761394] pci 0000:ff:0d.3: [8086:344d] type 00 class 0x088000
[    1.761577] pci 0000:ff:1d.0: [8086:344f] type 00 class 0x088000
[    1.761698] pci 0000:ff:1d.1: [8086:3457] type 00 class 0x088000
[    1.761819] pci 0000:ff:1e.0: [8086:3458] type 00 class 0x088000
[    1.761900] pci 0000:ff:1e.1: [8086:3459] type 00 class 0x088000
[    1.761983] pci 0000:ff:1e.2: [8086:345a] type 00 class 0x088000
[    1.762060] pci 0000:ff:1e.3: [8086:345b] type 00 class 0x088000
[    1.762136] pci 0000:ff:1e.4: [8086:345c] type 00 class 0x088000
[    1.762214] pci 0000:ff:1e.5: [8086:345d] type 00 class 0x088000
[    1.762291] pci 0000:ff:1e.6: [8086:345e] type 00 class 0x088000
[    1.762367] pci 0000:ff:1e.7: [8086:345f] type 00 class 0x088000
[    1.762443] pci_bus 0000:ff: on NUMA node 1
[    1.764318] HMAT: Memory (0x0 length 0x80000000) Flags:0003 Processor Domain:0 Memory Domain:0
[    1.764318] HMAT: Memory (0x100000000 length 0xf80000000) Flags:0003 Processor Domain:0 Memory Domain:0
[    1.764318] HMAT: Memory (0x2080000000 length 0x7e00000000) Flags:0003 Processor Domain:0 Memory Domain:2
[    1.764318] HMAT: Memory (0x1080000000 length 0x1000000000) Flags:0003 Processor Domain:1 Memory Domain:1
[    1.764318] HMAT: Memory (0x9e80000000 length 0x7e00000000) Flags:0003 Processor Domain:1 Memory Domain:3
[    1.764318] HMAT: Locality: Flags:00 Type:Read Latency Initiator Domains:2 Target Domains:4 Base:100
[    1.764318]   Initiator-Target[0-0]:7600 nsec
[    1.764318]   Initiator-Target[0-1]:13560 nsec
[    1.764318]   Initiator-Target[0-2]:25350 nsec
[    1.764318]   Initiator-Target[0-3]:31600 nsec
[    1.764318]   Initiator-Target[1-0]:13560 nsec
[    1.764318]   Initiator-Target[1-1]:7600 nsec
[    1.764318]   Initiator-Target[1-2]:31600 nsec
[    1.764318]   Initiator-Target[1-3]:25350 nsec
[    1.764318] HMAT: Locality: Flags:00 Type:Write Latency Initiator Domains:2 Target Domains:4 Base:100
[    1.764318]   Initiator-Target[0-0]:7600 nsec
[    1.764318]   Initiator-Target[0-1]:13560 nsec
[    1.764318]   Initiator-Target[0-2]:25350 nsec
[    1.764318]   Initiator-Target[0-3]:31600 nsec
[    1.764318]   Initiator-Target[1-0]:13560 nsec
[    1.764318]   Initiator-Target[1-1]:7600 nsec
[    1.764318]   Initiator-Target[1-2]:31600 nsec
[    1.764318]   Initiator-Target[1-3]:25350 nsec
[    1.764318] HMAT: Locality: Flags:00 Type:Read Bandwidth Initiator Domains:2 Target Domains:4 Base:1
[    1.764318]   Initiator-Target[0-0]:1790 MB/s
[    1.764318]   Initiator-Target[0-1]:1790 MB/s
[    1.764318]   Initiator-Target[0-2]:463 MB/s
[    1.764318]   Initiator-Target[0-3]:463 MB/s
[    1.764318]   Initiator-Target[1-0]:1790 MB/s
[    1.764318]   Initiator-Target[1-1]:1790 MB/s
[    1.764318]   Initiator-Target[1-2]:463 MB/s
[    1.764318]   Initiator-Target[1-3]:463 MB/s
[    1.764318] HMAT: Locality: Flags:00 Type:Write Bandwidth Initiator Domains:2 Target Domains:4 Base:1
[    1.764318]   Initiator-Target[0-0]:1910 MB/s
[    1.764318]   Initiator-Target[0-1]:1910 MB/s
[    1.764318]   Initiator-Target[0-2]:138 MB/s
[    1.764318]   Initiator-Target[0-3]:138 MB/s
[    1.764318]   Initiator-Target[1-0]:1910 MB/s
[    1.764318]   Initiator-Target[1-1]:1910 MB/s
[    1.764318]   Initiator-Target[1-2]:138 MB/s
[    1.764318]   Initiator-Target[1-3]:138 MB/s
[    1.764318] WARNING: CPU: 62 PID: 1 at drivers/base/node.c:191 node_set_perf_attrs+0x90/0xb0
[    1.764318] Modules linked in:
[    1.764318] CPU: 62 PID: 1 Comm: swapper/0 Not tainted 5.3.1-multiclock #1
[    1.764318] Hardware name: Dell Inc. PowerEdge R750/0K8F35, BIOS 1.10.2 03/03/2023
[    1.764318] RIP: 0010:node_set_perf_attrs+0x90/0xb0
[    1.764318] Code: f4 02 00 00 4c 89 ea 4c 89 e7 e8 bb bf c7 ff 85 c0 75 24 48 83 c3 08 48 8b 33 48 85 f6 75 e5 5b 41 5a 41 5c 41 5d 41 5e 5d c3 <0f> 0b 5b 41 5a 41 5c 41 5d 41 5e 5d c3 44 89 f6 48 c7 c7 70 5b 3a
[    1.764318] RSP: 0000:ffffc1404007bd80 EFLAGS: 00010246
[    1.764318] RAX: 0000000000000002 RBX: 0000000000000003 RCX: 0000000000000000
[    1.764318] RDX: 0000000000000000 RSI: ffff9d151ec3d218 RDI: 0000000000000002
[    1.764318] RBP: ffffc1404007bda8 R08: ffff9d259789bf70 R09: 0000000000000000
[    1.764318] R10: ffff9d1525208cf0 R11: ffff9d15254749d0 R12: ffff9d151ec3d200
[    1.764318] R13: ffffffff99adb310 R14: 0000000000000005 R15: ffffffff99895806
[    1.764318] FS:  0000000000000000(0000) GS:ffff9d1525fc0000(0000) knlGS:0000000000000000
[    1.764318] CS:  0010 DS: 0000 ES: 0000 CR0: 0000000080050033
[    1.764318] CR2: 0000000000000000 CR3: 0000000d7a60a001 CR4: 0000000000760ee0
[    1.764318] DR0: 0000000000000000 DR1: 0000000000000000 DR2: 0000000000000000
[    1.764318] DR3: 0000000000000000 DR6: 00000000fffe0ff0 DR7: 0000000000000400
[    1.764318] PKRU: 55555554
[    1.764318] Call Trace:
[    1.764318]  hmat_init+0x32a/0x43c
[    1.764318]  ? hmat_parse_subtable+0x503/0x503
[    1.764318]  ? set_debug_rodata+0x17/0x17
[    1.764318]  do_one_initcall+0x4a/0x1fa
[    1.764318]  kernel_init_freeable+0x1c6/0x26d
[    1.764318]  ? rest_init+0xb0/0xb0
[    1.764318]  kernel_init+0xe/0x110
[    1.764318]  ret_from_fork+0x1f/0x40
[    1.764318] ---[ end trace cc34cba74f60f61b ]---
[    1.764334] pci 0000:03:00.0: vgaarb: setting as boot VGA device
[    1.764334] pci 0000:03:00.0: vgaarb: VGA device added: decodes=io+mem,owns=io+mem,locks=none
[    1.764392] pci 0000:03:00.0: vgaarb: bridge control possible
[    1.764392] vgaarb: loaded
[    1.764581] SCSI subsystem initialized
[    1.764725] libata version 3.00 loaded.
[    1.764725] ACPI: bus type USB registered
[    1.764725] usbcore: registered new interface driver usbfs
[    1.764725] usbcore: registered new interface driver hub
[    1.768335] usbcore: registered new device driver usb
[    1.768335] pps_core: LinuxPPS API ver. 1 registered
[    1.768335] pps_core: Software ver. 5.3.6 - Copyright 2005-2007 Rodolfo Giometti <giometti@linux.it>
[    1.768335] PTP clock support registered
[    1.768467] EDAC MC: Ver: 3.0.0
[    1.769047] Registered efivars operations
[    1.769047] PCI: Using ACPI for IRQ routing
[    1.769826] PCI: pci_cache_line_size set to 64 bytes
[    1.770388] e820: reserve RAM buffer [mem 0x0008f000-0x0008ffff]
[    1.770389] e820: reserve RAM buffer [mem 0x47bdd020-0x47ffffff]
[    1.770390] e820: reserve RAM buffer [mem 0x47c0f020-0x47ffffff]
[    1.770390] e820: reserve RAM buffer [mem 0x47c42020-0x47ffffff]
[    1.770391] e820: reserve RAM buffer [mem 0x47c75020-0x47ffffff]
[    1.770392] e820: reserve RAM buffer [mem 0x49e77000-0x4bffffff]
[    1.770393] e820: reserve RAM buffer [mem 0x4b2cf000-0x4bffffff]
[    1.770394] e820: reserve RAM buffer [mem 0x4bd94000-0x4bffffff]
[    1.770394] e820: reserve RAM buffer [mem 0x4ce00000-0x4fffffff]
[    1.770395] e820: reserve RAM buffer [mem 0x5eefe000-0x5fffffff]
[    1.770396] e820: reserve RAM buffer [mem 0x6f800000-0x6fffffff]
[    1.770680] NetLabel: Initializing
[    1.770681] NetLabel:  domain hash size = 128
[    1.770681] NetLabel:  protocols = UNLABELED CIPSOv4 CALIPSO
[    1.770696] NetLabel:  unlabeled traffic allowed by default
[    1.773658] hpet0: at MMIO 0xfed00000, IRQs 2, 8, 0, 0, 0, 0, 0, 0
[    1.773661] hpet0: 8 comparators, 64-bit 24.000000 MHz counter
[    1.778519] clocksource: Switched to clocksource tsc-early
[    1.787210] VFS: Disk quotas dquot_6.6.0
[    1.787252] VFS: Dquot-cache hash table entries: 512 (order 0, 4096 bytes)
[    1.787549] *** VALIDATE hugetlbfs ***
[    1.787663] AppArmor: AppArmor Filesystem Enabled
[    1.787682] pnp: PnP ACPI init
[    1.802988] pnp 00:00: Plug and Play ACPI device, IDs PNP0b00 (active)
[    1.803154] system 00:01: [io  0x0500-0x05fe] has been reserved
[    1.803155] system 00:01: [io  0x0400-0x041f] has been reserved
[    1.803156] system 00:01: [io  0x0600-0x061f] has been reserved
[    1.803157] system 00:01: [io  0x0ca0-0x0ca1] has been reserved
[    1.803158] system 00:01: [io  0x0ca4-0x0ca6] has been reserved
[    1.803160] system 00:01: [mem 0xff000000-0xffffffff] has been reserved
[    1.803163] system 00:01: Plug and Play ACPI device, IDs PNP0c02 (active)
[    1.803407] pnp 00:02: Plug and Play ACPI device, IDs PNP0501 (active)
[    1.803610] pnp 00:03: Plug and Play ACPI device, IDs PNP0501 (active)
[    1.803767] system 00:04: [mem 0xfd000000-0xfdabffff] has been reserved
[    1.803768] system 00:04: [mem 0xfdad0000-0xfdadffff] has been reserved
[    1.803770] system 00:04: [mem 0xfdb00000-0xfdffffff] has been reserved
[    1.803771] system 00:04: [mem 0xfe000000-0xfe00ffff] has been reserved
[    1.803772] system 00:04: [mem 0xfe011000-0xfe01ffff] has been reserved
[    1.803773] system 00:04: [mem 0xfe036000-0xfe03bfff] has been reserved
[    1.803774] system 00:04: [mem 0xfe03d000-0xfe3fffff] has been reserved
[    1.803775] system 00:04: [mem 0xfe410000-0xfe7fffff] has been reserved
[    1.803777] system 00:04: Plug and Play ACPI device, IDs PNP0c02 (active)
[    1.804099] system 00:05: [io  0x1000-0x10fe] has been reserved
[    1.804101] system 00:05: Plug and Play ACPI device, IDs PNP0c02 (active)
[    1.805094] pnp: PnP ACPI: found 6 devices
[    1.806173] thermal_sys: Registered thermal governor 'fair_share'
[    1.806173] thermal_sys: Registered thermal governor 'bang_bang'
[    1.806174] thermal_sys: Registered thermal governor 'step_wise'
[    1.806174] thermal_sys: Registered thermal governor 'user_space'
[    1.806175] thermal_sys: Registered thermal governor 'power_allocator'
[    1.810666] clocksource: acpi_pm: mask: 0xffffff max_cycles: 0xffffff, max_idle_ns: 2085701024 ns
[    1.810687] pci 0000:04:00.0: can't claim BAR 6 [mem 0xfffc0000-0xffffffff pref]: no compatible bridge window
[    1.810689] pci 0000:04:00.1: can't claim BAR 6 [mem 0xfffc0000-0xffffffff pref]: no compatible bridge window
[    1.810690] pci 0000:17:00.0: can't claim BAR 6 [mem 0xfff00000-0xffffffff pref]: no compatible bridge window
[    1.810704] pci 0000:00:1c.5: BAR 14: assigned [mem 0x90000000-0x900fffff]
[    1.810706] pci 0000:00:1c.0: PCI bridge to [bus 01]
[    1.810715] pci 0000:02:00.0: PCI bridge to [bus 03]
[    1.810720] pci 0000:02:00.0:   bridge window [mem 0x92000000-0x928fffff]
[    1.810723] pci 0000:02:00.0:   bridge window [mem 0x91000000-0x91ffffff 64bit pref]
[    1.810729] pci 0000:00:1c.4: PCI bridge to [bus 02-03]
[    1.810732] pci 0000:00:1c.4:   bridge window [mem 0x92000000-0x928fffff]
[    1.810734] pci 0000:00:1c.4:   bridge window [mem 0x91000000-0x91ffffff 64bit pref]
[    1.810739] pci 0000:04:00.0: BAR 6: assigned [mem 0x90000000-0x9003ffff pref]
[    1.810740] pci 0000:04:00.1: BAR 6: assigned [mem 0x90040000-0x9007ffff pref]
[    1.810741] pci 0000:00:1c.5: PCI bridge to [bus 04]
[    1.810744] pci 0000:00:1c.5:   bridge window [mem 0x90000000-0x900fffff]
[    1.810746] pci 0000:00:1c.5:   bridge window [mem 0x92900000-0x929fffff 64bit pref]
[    1.810751] pci_bus 0000:00: resource 4 [io  0x0000-0x0cf7 window]
[    1.810752] pci_bus 0000:00: resource 5 [io  0x1000-0x4fff window]
[    1.810753] pci_bus 0000:00: resource 6 [mem 0x000a0000-0x000bffff window]
[    1.810753] pci_bus 0000:00: resource 7 [mem 0x000c8000-0x000cffff window]
