[    0.000000] Linux version 5.15.0-tiering-0.8 (xmu@xmu-PowerEdge-R750) (gcc (Ubuntu 8.4.0-1ubuntu1~18.04) 8.4.0, GNU ld (GNU Binutils for Ubuntu) 2.30) #1 SMP Thu Apr 18 19:37:58 CST 2024
[    0.000000] Command line: BOOT_IMAGE=/boot/vmlinuz-5.15.0-tiering-0.8 root=UUID=ce0c24b8-724b-4f33-9b2c-618433560aef ro memmap=46936M!4096M memmap=59G!64G quiet splash nomodeset vt.handoff=1
[    0.000000] KERNEL supported cpus:
[    0.000000]   Intel GenuineIntel
[    0.000000]   AMD AuthenticAMD
[    0.000000]   Hygon HygonGenuine
[    0.000000]   Centaur CentaurHauls
[    0.000000]   zhaoxin   Shanghai  
[    0.000000] x86/split lock detection: #AC: crashing the kernel on kernel split_locks and warning on user-space split_locks
[    0.000000] x86/fpu: Supporting XSAVE feature 0x001: 'x87 floating point registers'
[    0.000000] x86/fpu: Supporting XSAVE feature 0x002: 'SSE registers'
[    0.000000] x86/fpu: Supporting XSAVE feature 0x004: 'AVX registers'
[    0.000000] x86/fpu: Supporting XSAVE feature 0x020: 'AVX-512 opmask'
[    0.000000] x86/fpu: Supporting XSAVE feature 0x040: 'AVX-512 Hi256'
[    0.000000] x86/fpu: Supporting XSAVE feature 0x080: 'AVX-512 ZMM_Hi256'
[    0.000000] x86/fpu: Supporting XSAVE feature 0x200: 'Protection Keys User registers'
[    0.000000] x86/fpu: xstate_offset[2]:  576, xstate_sizes[2]:  256
[    0.000000] x86/fpu: xstate_offset[5]:  832, xstate_sizes[5]:   64
[    0.000000] x86/fpu: xstate_offset[6]:  896, xstate_sizes[6]:  512
[    0.000000] x86/fpu: xstate_offset[7]: 1408, xstate_sizes[7]: 1024
[    0.000000] x86/fpu: xstate_offset[9]: 2432, xstate_sizes[9]:    8
[    0.000000] x86/fpu: Enabled xstate features 0x2e7, context size is 2440 bytes, using 'compacted' format.
[    0.000000] signal: max sigframe size: 3632
[    0.000000] BIOS-provided physical RAM map:
[    0.000000] BIOS-e820: [mem 0x0000000000000000-0x000000000008efff] usable
[    0.000000] BIOS-e820: [mem 0x000000000008f000-0x000000000008ffff] reserved
[    0.000000] BIOS-e820: [mem 0x0000000000090000-0x000000000009ffff] usable
[    0.000000] BIOS-e820: [mem 0x00000000000a0000-0x00000000000fffff] reserved
[    0.000000] BIOS-e820: [mem 0x0000000000100000-0x0000000049e76fff] usable
[    0.000000] BIOS-e820: [mem 0x0000000049e77000-0x000000004ae76fff] ACPI NVS
[    0.000000] BIOS-e820: [mem 0x000000004ae77000-0x000000004b2cefff] usable
[    0.000000] BIOS-e820: [mem 0x000000004b2cf000-0x000000004b54dfff] ACPI data
[    0.000000] BIOS-e820: [mem 0x000000004b54e000-0x000000004bd93fff] usable
[    0.000000] BIOS-e820: [mem 0x000000004bd94000-0x000000004be99fff] reserved
[    0.000000] BIOS-e820: [mem 0x000000004be9a000-0x000000004cdfffff] usable
[    0.000000] BIOS-e820: [mem 0x000000004ce00000-0x000000004cffffff] reserved
[    0.000000] BIOS-e820: [mem 0x000000004d000000-0x000000005eefdfff] usable
[    0.000000] BIOS-e820: [mem 0x000000005eefe000-0x000000006e3fefff] reserved
[    0.000000] BIOS-e820: [mem 0x000000006e3ff000-0x000000006f3fefff] ACPI NVS
[    0.000000] BIOS-e820: [mem 0x000000006f3ff000-0x000000006f7fefff] ACPI data
[    0.000000] BIOS-e820: [mem 0x000000006f7ff000-0x000000006f7fffff] usable
[    0.000000] BIOS-e820: [mem 0x000000006f800000-0x000000008fffffff] reserved
[    0.000000] BIOS-e820: [mem 0x00000000fe000000-0x00000000fe010fff] reserved
[    0.000000] BIOS-e820: [mem 0x0000000100000000-0x000000207fffffff] usable
[    0.000000] BIOS-e820: [mem 0x0000002080000000-0x0000011c7fffffff] persistent (type 7)
[    0.000000] BIOS-e820: [mem 0x00001ffc00000000-0x00001fffffffffff] reserved
[    0.000000] NX (Execute Disable) protection: active
[    0.000000] e820: update [mem 0x46d5d020-0x46d6505f] usable ==> usable
[    0.000000] e820: update [mem 0x46d5d020-0x46d6505f] usable ==> usable
[    0.000000] e820: update [mem 0x46d2a020-0x46d5cc5f] usable ==> usable
[    0.000000] e820: update [mem 0x46d2a020-0x46d5cc5f] usable ==> usable
[    0.000000] e820: update [mem 0x46cf7020-0x46d29c5f] usable ==> usable
[    0.000000] e820: update [mem 0x46cf7020-0x46d29c5f] usable ==> usable
[    0.000000] e820: update [mem 0x46cc5020-0x46cf6a5f] usable ==> usable
[    0.000000] e820: update [mem 0x46cc5020-0x46cf6a5f] usable ==> usable
[    0.000000] extended physical RAM map:
[    0.000000] reserve setup_data: [mem 0x0000000000000000-0x000000000008efff] usable
[    0.000000] reserve setup_data: [mem 0x000000000008f000-0x000000000008ffff] reserved
[    0.000000] reserve setup_data: [mem 0x0000000000090000-0x000000000009ffff] usable
[    0.000000] reserve setup_data: [mem 0x00000000000a0000-0x00000000000fffff] reserved
[    0.000000] reserve setup_data: [mem 0x0000000000100000-0x0000000046cc501f] usable
[    0.000000] reserve setup_data: [mem 0x0000000046cc5020-0x0000000046cf6a5f] usable
[    0.000000] reserve setup_data: [mem 0x0000000046cf6a60-0x0000000046cf701f] usable
[    0.000000] reserve setup_data: [mem 0x0000000046cf7020-0x0000000046d29c5f] usable
[    0.000000] reserve setup_data: [mem 0x0000000046d29c60-0x0000000046d2a01f] usable
[    0.000000] reserve setup_data: [mem 0x0000000046d2a020-0x0000000046d5cc5f] usable
[    0.000000] reserve setup_data: [mem 0x0000000046d5cc60-0x0000000046d5d01f] usable
[    0.000000] reserve setup_data: [mem 0x0000000046d5d020-0x0000000046d6505f] usable
[    0.000000] reserve setup_data: [mem 0x0000000046d65060-0x0000000049e76fff] usable
[    0.000000] reserve setup_data: [mem 0x0000000049e77000-0x000000004ae76fff] ACPI NVS
[    0.000000] reserve setup_data: [mem 0x000000004ae77000-0x000000004b2cefff] usable
[    0.000000] reserve setup_data: [mem 0x000000004b2cf000-0x000000004b54dfff] ACPI data
[    0.000000] reserve setup_data: [mem 0x000000004b54e000-0x000000004bd93fff] usable
[    0.000000] reserve setup_data: [mem 0x000000004bd94000-0x000000004be99fff] reserved
[    0.000000] reserve setup_data: [mem 0x000000004be9a000-0x000000004cdfffff] usable
[    0.000000] reserve setup_data: [mem 0x000000004ce00000-0x000000004cffffff] reserved
[    0.000000] reserve setup_data: [mem 0x000000004d000000-0x000000005eefdfff] usable
[    0.000000] reserve setup_data: [mem 0x000000005eefe000-0x000000006e3fefff] reserved
[    0.000000] reserve setup_data: [mem 0x000000006e3ff000-0x000000006f3fefff] ACPI NVS
[    0.000000] reserve setup_data: [mem 0x000000006f3ff000-0x000000006f7fefff] ACPI data
[    0.000000] reserve setup_data: [mem 0x000000006f7ff000-0x000000006f7fffff] usable
[    0.000000] reserve setup_data: [mem 0x000000006f800000-0x000000008fffffff] reserved
[    0.000000] reserve setup_data: [mem 0x00000000fe000000-0x00000000fe010fff] reserved
[    0.000000] reserve setup_data: [mem 0x0000000100000000-0x0000000c757fffff] persistent (type 12)
[    0.000000] reserve setup_data: [mem 0x0000000c75800000-0x0000000fffffffff] usable
[    0.000000] reserve setup_data: [mem 0x0000001000000000-0x0000001ebfffffff] persistent (type 12)
[    0.000000] reserve setup_data: [mem 0x0000001ec0000000-0x000000207fffffff] usable
[    0.000000] reserve setup_data: [mem 0x0000002080000000-0x0000011c7fffffff] persistent (type 7)
[    0.000000] reserve setup_data: [mem 0x00001ffc00000000-0x00001fffffffffff] reserved
[    0.000000] user-defined physical RAM map:
[    0.000000] user: [mem 0x0000000000000000-0x000000000008efff] usable
[    0.000000] user: [mem 0x000000000008f000-0x000000000008ffff] reserved
[    0.000000] user: [mem 0x0000000000090000-0x000000000009ffff] usable
[    0.000000] user: [mem 0x00000000000a0000-0x00000000000fffff] reserved
[    0.000000] user: [mem 0x0000000000100000-0x0000000046cc501f] usable
[    0.000000] user: [mem 0x0000000046cc5020-0x0000000046cf6a5f] usable
[    0.000000] user: [mem 0x0000000046cf6a60-0x0000000046cf701f] usable
[    0.000000] user: [mem 0x0000000046cf7020-0x0000000046d29c5f] usable
[    0.000000] user: [mem 0x0000000046d29c60-0x0000000046d2a01f] usable
[    0.000000] user: [mem 0x0000000046d2a020-0x0000000046d5cc5f] usable
[    0.000000] user: [mem 0x0000000046d5cc60-0x0000000046d5d01f] usable
[    0.000000] user: [mem 0x0000000046d5d020-0x0000000046d6505f] usable
[    0.000000] user: [mem 0x0000000046d65060-0x0000000049e76fff] usable
[    0.000000] user: [mem 0x0000000049e77000-0x000000004ae76fff] ACPI NVS
[    0.000000] user: [mem 0x000000004ae77000-0x000000004b2cefff] usable
[    0.000000] user: [mem 0x000000004b2cf000-0x000000004b54dfff] ACPI data
[    0.000000] user: [mem 0x000000004b54e000-0x000000004bd93fff] usable
[    0.000000] user: [mem 0x000000004bd94000-0x000000004be99fff] reserved
[    0.000000] user: [mem 0x000000004be9a000-0x000000004cdfffff] usable
[    0.000000] user: [mem 0x000000004ce00000-0x000000004cffffff] reserved
[    0.000000] user: [mem 0x000000004d000000-0x000000005eefdfff] usable
[    0.000000] user: [mem 0x000000005eefe000-0x000000006e3fefff] reserved
[    0.000000] user: [mem 0x000000006e3ff000-0x000000006f3fefff] ACPI NVS
[    0.000000] user: [mem 0x000000006f3ff000-0x000000006f7fefff] ACPI data
[    0.000000] user: [mem 0x000000006f7ff000-0x000000006f7fffff] usable
[    0.000000] user: [mem 0x000000006f800000-0x000000008fffffff] reserved
[    0.000000] user: [mem 0x00000000fe000000-0x00000000fe010fff] reserved
[    0.000000] user: [mem 0x0000000100000000-0x0000000c757fffff] persistent (type 12)
[    0.000000] user: [mem 0x0000000c75800000-0x0000000fffffffff] usable
[    0.000000] user: [mem 0x0000001000000000-0x0000001ebfffffff] persistent (type 12)
[    0.000000] user: [mem 0x0000001ec0000000-0x000000207fffffff] usable
[    0.000000] user: [mem 0x0000002080000000-0x0000011c7fffffff] persistent (type 7)
[    0.000000] user: [mem 0x00001ffc00000000-0x00001fffffffffff] reserved
[    0.000000] efi: EFI v2.70 by Dell Inc.
[    0.000000] efi: ACPI=0x6f7fe000 ACPI 2.0=0x6f7fe014 MEMATTR=0x5b070020 SMBIOS=0x69526000 SMBIOS 3.0=0x69524000 MOKvar=0x5ef81000 RNG=0x5ef8a920 
[    0.000000] efi: seeding entropy pool
[    0.000000] random: fast init done
[    0.000000] SMBIOS 3.3.0 present.
[    0.000000] DMI: Dell Inc. PowerEdge R750/0K8F35, BIOS 1.10.2 03/03/2023
[    0.000000] tsc: Detected 2000.000 MHz processor
[    0.000006] e820: update [mem 0x00000000-0x00000fff] usable ==> reserved
[    0.000009] e820: remove [mem 0x000a0000-0x000fffff] usable
[    0.000017] last_pfn = 0x2080000 max_arch_pfn = 0x400000000
[    0.000192] x86/PAT: Configuration [0-7]: WB  WC  UC- UC  WB  WP  UC- WT  
[    0.002801] total RAM covered: 2095088M
[    0.002883]  gran_size: 64K 	chunk_size: 64K 	num_reg: 10  	lose cover RAM: 2016G
[    0.002885]  gran_size: 64K 	chunk_size: 128K 	num_reg: 10  	lose cover RAM: 2016G
[    0.002887]  gran_size: 64K 	chunk_size: 256K 	num_reg: 10  	lose cover RAM: 2016G
[    0.002888]  gran_size: 64K 	chunk_size: 512K 	num_reg: 10  	lose cover RAM: 2016G
[    0.002890]  gran_size: 64K 	chunk_size: 1M 	num_reg: 10  	lose cover RAM: 2016G
[    0.002891]  gran_size: 64K 	chunk_size: 2M 	num_reg: 10  	lose cover RAM: 2016G
[    0.002892]  gran_size: 64K 	chunk_size: 4M 	num_reg: 10  	lose cover RAM: 2016G
[    0.002893]  gran_size: 64K 	chunk_size: 8M 	num_reg: 10  	lose cover RAM: 2016G
[    0.002895]  gran_size: 64K 	chunk_size: 16M 	num_reg: 10  	lose cover RAM: 2016G
[    0.002896]  gran_size: 64K 	chunk_size: 32M 	num_reg: 10  	lose cover RAM: 1024G
[    0.002897]  gran_size: 64K 	chunk_size: 64M 	num_reg: 10  	lose cover RAM: 1024G
[    0.002898]  gran_size: 64K 	chunk_size: 128M 	num_reg: 10  	lose cover RAM: 1024G
[    0.002900]  gran_size: 64K 	chunk_size: 256M 	num_reg: 10  	lose cover RAM: 1024G
[    0.002901]  gran_size: 64K 	chunk_size: 512M 	num_reg: 10  	lose cover RAM: 1024G
[    0.002902]  gran_size: 64K 	chunk_size: 1G 	num_reg: 10  	lose cover RAM: 1024G
[    0.002903]  gran_size: 64K 	chunk_size: 2G 	num_reg: 10  	lose cover RAM: 1024G
[    0.002905]  gran_size: 128K 	chunk_size: 128K 	num_reg: 10  	lose cover RAM: 2016G
[    0.002906]  gran_size: 128K 	chunk_size: 256K 	num_reg: 10  	lose cover RAM: 2016G
[    0.002907]  gran_size: 128K 	chunk_size: 512K 	num_reg: 10  	lose cover RAM: 2016G
[    0.002909]  gran_size: 128K 	chunk_size: 1M 	num_reg: 10  	lose cover RAM: 2016G
[    0.002910]  gran_size: 128K 	chunk_size: 2M 	num_reg: 10  	lose cover RAM: 2016G
[    0.002911]  gran_size: 128K 	chunk_size: 4M 	num_reg: 10  	lose cover RAM: 2016G
[    0.002913]  gran_size: 128K 	chunk_size: 8M 	num_reg: 10  	lose cover RAM: 2016G
[    0.002914]  gran_size: 128K 	chunk_size: 16M 	num_reg: 10  	lose cover RAM: 2016G
[    0.002915]  gran_size: 128K 	chunk_size: 32M 	num_reg: 10  	lose cover RAM: 1024G
[    0.002916]  gran_size: 128K 	chunk_size: 64M 	num_reg: 10  	lose cover RAM: 1024G
[    0.002918]  gran_size: 128K 	chunk_size: 128M 	num_reg: 10  	lose cover RAM: 1024G
[    0.002919]  gran_size: 128K 	chunk_size: 256M 	num_reg: 10  	lose cover RAM: 1024G
[    0.002920]  gran_size: 128K 	chunk_size: 512M 	num_reg: 10  	lose cover RAM: 1024G
[    0.002922]  gran_size: 128K 	chunk_size: 1G 	num_reg: 10  	lose cover RAM: 1024G
[    0.002923]  gran_size: 128K 	chunk_size: 2G 	num_reg: 10  	lose cover RAM: 1024G
[    0.002924]  gran_size: 256K 	chunk_size: 256K 	num_reg: 10  	lose cover RAM: 2016G
[    0.002926]  gran_size: 256K 	chunk_size: 512K 	num_reg: 10  	lose cover RAM: 2016G
[    0.002927]  gran_size: 256K 	chunk_size: 1M 	num_reg: 10  	lose cover RAM: 2016G
[    0.002928]  gran_size: 256K 	chunk_size: 2M 	num_reg: 10  	lose cover RAM: 2016G
[    0.002929]  gran_size: 256K 	chunk_size: 4M 	num_reg: 10  	lose cover RAM: 2016G
[    0.002931]  gran_size: 256K 	chunk_size: 8M 	num_reg: 10  	lose cover RAM: 2016G
[    0.002932]  gran_size: 256K 	chunk_size: 16M 	num_reg: 10  	lose cover RAM: 2016G
[    0.002933]  gran_size: 256K 	chunk_size: 32M 	num_reg: 10  	lose cover RAM: 1024G
[    0.002934]  gran_size: 256K 	chunk_size: 64M 	num_reg: 10  	lose cover RAM: 1024G
[    0.002935]  gran_size: 256K 	chunk_size: 128M 	num_reg: 10  	lose cover RAM: 1024G
[    0.002937]  gran_size: 256K 	chunk_size: 256M 	num_reg: 10  	lose cover RAM: 1024G
[    0.002938]  gran_size: 256K 	chunk_size: 512M 	num_reg: 10  	lose cover RAM: 1024G
[    0.002939]  gran_size: 256K 	chunk_size: 1G 	num_reg: 10  	lose cover RAM: 1024G
[    0.002941]  gran_size: 256K 	chunk_size: 2G 	num_reg: 10  	lose cover RAM: 1024G
[    0.002942]  gran_size: 512K 	chunk_size: 512K 	num_reg: 10  	lose cover RAM: 2016G
[    0.002944]  gran_size: 512K 	chunk_size: 1M 	num_reg: 10  	lose cover RAM: 2016G
[    0.002945]  gran_size: 512K 	chunk_size: 2M 	num_reg: 10  	lose cover RAM: 2016G
[    0.002947]  gran_size: 512K 	chunk_size: 4M 	num_reg: 10  	lose cover RAM: 2016G
[    0.002948]  gran_size: 512K 	chunk_size: 8M 	num_reg: 10  	lose cover RAM: 2016G
[    0.002949]  gran_size: 512K 	chunk_size: 16M 	num_reg: 10  	lose cover RAM: 2016G
[    0.002950]  gran_size: 512K 	chunk_size: 32M 	num_reg: 10  	lose cover RAM: 1024G
[    0.002952]  gran_size: 512K 	chunk_size: 64M 	num_reg: 10  	lose cover RAM: 1024G
[    0.002953]  gran_size: 512K 	chunk_size: 128M 	num_reg: 10  	lose cover RAM: 1024G
[    0.002954]  gran_size: 512K 	chunk_size: 256M 	num_reg: 10  	lose cover RAM: 1024G
[    0.002955]  gran_size: 512K 	chunk_size: 512M 	num_reg: 10  	lose cover RAM: 1024G
[    0.002957]  gran_size: 512K 	chunk_size: 1G 	num_reg: 10  	lose cover RAM: 1024G
[    0.002958]  gran_size: 512K 	chunk_size: 2G 	num_reg: 10  	lose cover RAM: 1024G
[    0.002959]  gran_size: 1M 	chunk_size: 1M 	num_reg: 10  	lose cover RAM: 2016G
[    0.002961]  gran_size: 1M 	chunk_size: 2M 	num_reg: 10  	lose cover RAM: 2016G
[    0.002962]  gran_size: 1M 	chunk_size: 4M 	num_reg: 10  	lose cover RAM: 2016G
[    0.002963]  gran_size: 1M 	chunk_size: 8M 	num_reg: 10  	lose cover RAM: 2016G
[    0.002964]  gran_size: 1M 	chunk_size: 16M 	num_reg: 10  	lose cover RAM: 2016G
[    0.002965]  gran_size: 1M 	chunk_size: 32M 	num_reg: 10  	lose cover RAM: 1024G
[    0.002967]  gran_size: 1M 	chunk_size: 64M 	num_reg: 10  	lose cover RAM: 1024G
[    0.002968]  gran_size: 1M 	chunk_size: 128M 	num_reg: 10  	lose cover RAM: 1024G
[    0.002969]  gran_size: 1M 	chunk_size: 256M 	num_reg: 10  	lose cover RAM: 1024G
[    0.002970]  gran_size: 1M 	chunk_size: 512M 	num_reg: 10  	lose cover RAM: 1024G
[    0.002972]  gran_size: 1M 	chunk_size: 1G 	num_reg: 10  	lose cover RAM: 1024G
[    0.002973]  gran_size: 1M 	chunk_size: 2G 	num_reg: 10  	lose cover RAM: 1024G
[    0.002974]  gran_size: 2M 	chunk_size: 2M 	num_reg: 10  	lose cover RAM: 2016G
[    0.002975]  gran_size: 2M 	chunk_size: 4M 	num_reg: 10  	lose cover RAM: 2016G
[    0.002977]  gran_size: 2M 	chunk_size: 8M 	num_reg: 10  	lose cover RAM: 2016G
[    0.002978]  gran_size: 2M 	chunk_size: 16M 	num_reg: 10  	lose cover RAM: 2016G
[    0.002979]  gran_size: 2M 	chunk_size: 32M 	num_reg: 10  	lose cover RAM: 1024G
[    0.002981]  gran_size: 2M 	chunk_size: 64M 	num_reg: 10  	lose cover RAM: 1024G
[    0.002982]  gran_size: 2M 	chunk_size: 128M 	num_reg: 10  	lose cover RAM: 1024G
[    0.002983]  gran_size: 2M 	chunk_size: 256M 	num_reg: 10  	lose cover RAM: 1024G
[    0.002984]  gran_size: 2M 	chunk_size: 512M 	num_reg: 10  	lose cover RAM: 1024G
[    0.002986]  gran_size: 2M 	chunk_size: 1G 	num_reg: 10  	lose cover RAM: 1024G
[    0.002987]  gran_size: 2M 	chunk_size: 2G 	num_reg: 10  	lose cover RAM: 1024G
[    0.002988]  gran_size: 4M 	chunk_size: 4M 	num_reg: 10  	lose cover RAM: 2016G
[    0.002990]  gran_size: 4M 	chunk_size: 8M 	num_reg: 10  	lose cover RAM: 2016G
[    0.002991]  gran_size: 4M 	chunk_size: 16M 	num_reg: 10  	lose cover RAM: 2016G
[    0.002992]  gran_size: 4M 	chunk_size: 32M 	num_reg: 10  	lose cover RAM: 1024G
[    0.002993]  gran_size: 4M 	chunk_size: 64M 	num_reg: 10  	lose cover RAM: 1024G
[    0.002995]  gran_size: 4M 	chunk_size: 128M 	num_reg: 10  	lose cover RAM: 1024G
[    0.002996]  gran_size: 4M 	chunk_size: 256M 	num_reg: 10  	lose cover RAM: 1024G
[    0.002997]  gran_size: 4M 	chunk_size: 512M 	num_reg: 10  	lose cover RAM: 1024G
[    0.002998]  gran_size: 4M 	chunk_size: 1G 	num_reg: 10  	lose cover RAM: 1024G
[    0.003000]  gran_size: 4M 	chunk_size: 2G 	num_reg: 10  	lose cover RAM: 1024G
[    0.003001]  gran_size: 8M 	chunk_size: 8M 	num_reg: 10  	lose cover RAM: 2016G
[    0.003002]  gran_size: 8M 	chunk_size: 16M 	num_reg: 10  	lose cover RAM: 2016G
[    0.003003]  gran_size: 8M 	chunk_size: 32M 	num_reg: 10  	lose cover RAM: 1024G
[    0.003005]  gran_size: 8M 	chunk_size: 64M 	num_reg: 10  	lose cover RAM: 1024G
[    0.003006]  gran_size: 8M 	chunk_size: 128M 	num_reg: 10  	lose cover RAM: 1024G
[    0.003007]  gran_size: 8M 	chunk_size: 256M 	num_reg: 10  	lose cover RAM: 1024G
[    0.003009]  gran_size: 8M 	chunk_size: 512M 	num_reg: 10  	lose cover RAM: 1024G
[    0.003010]  gran_size: 8M 	chunk_size: 1G 	num_reg: 10  	lose cover RAM: 1024G
[    0.003011]  gran_size: 8M 	chunk_size: 2G 	num_reg: 10  	lose cover RAM: 1024G
[    0.003013]  gran_size: 16M 	chunk_size: 16M 	num_reg: 10  	lose cover RAM: 2016G
[    0.003014]  gran_size: 16M 	chunk_size: 32M 	num_reg: 10  	lose cover RAM: 1024G
[    0.003015]  gran_size: 16M 	chunk_size: 64M 	num_reg: 10  	lose cover RAM: 1024G
[    0.003016]  gran_size: 16M 	chunk_size: 128M 	num_reg: 10  	lose cover RAM: 1024G
[    0.003018]  gran_size: 16M 	chunk_size: 256M 	num_reg: 10  	lose cover RAM: 1024G
[    0.003019]  gran_size: 16M 	chunk_size: 512M 	num_reg: 10  	lose cover RAM: 1024G
[    0.003020]  gran_size: 16M 	chunk_size: 1G 	num_reg: 10  	lose cover RAM: 1024G
[    0.003022]  gran_size: 16M 	chunk_size: 2G 	num_reg: 10  	lose cover RAM: 1024G
[    0.003023]  gran_size: 32M 	chunk_size: 32M 	num_reg: 10  	lose cover RAM: 2031632M
[    0.003024]  gran_size: 32M 	chunk_size: 64M 	num_reg: 10  	lose cover RAM: 1048592M
[    0.003026]  gran_size: 32M 	chunk_size: 128M 	num_reg: 10  	lose cover RAM: 1048592M
[    0.003027]  gran_size: 32M 	chunk_size: 256M 	num_reg: 10  	lose cover RAM: 1048592M
[    0.003028]  gran_size: 32M 	chunk_size: 512M 	num_reg: 10  	lose cover RAM: 1048592M
[    0.003029]  gran_size: 32M 	chunk_size: 1G 	num_reg: 10  	lose cover RAM: 1048592M
[    0.003031]  gran_size: 32M 	chunk_size: 2G 	num_reg: 10  	lose cover RAM: 1048592M
[    0.003032]  gran_size: 64M 	chunk_size: 64M 	num_reg: 10  	lose cover RAM: 1966128M
[    0.003033]  gran_size: 64M 	chunk_size: 128M 	num_reg: 10  	lose cover RAM: 1048624M
[    0.003034]  gran_size: 64M 	chunk_size: 256M 	num_reg: 10  	lose cover RAM: 1048624M
[    0.003036]  gran_size: 64M 	chunk_size: 512M 	num_reg: 10  	lose cover RAM: 1048624M
[    0.003037]  gran_size: 64M 	chunk_size: 1G 	num_reg: 10  	lose cover RAM: 1048624M
[    0.003038]  gran_size: 64M 	chunk_size: 2G 	num_reg: 10  	lose cover RAM: 1048624M
[    0.003040]  gran_size: 128M 	chunk_size: 128M 	num_reg: 10  	lose cover RAM: 1835120M
[    0.003041]  gran_size: 128M 	chunk_size: 256M 	num_reg: 10  	lose cover RAM: 1048688M
[    0.003042]  gran_size: 128M 	chunk_size: 512M 	num_reg: 10  	lose cover RAM: 1048688M
[    0.003044]  gran_size: 128M 	chunk_size: 1G 	num_reg: 10  	lose cover RAM: 1048688M
[    0.003045]  gran_size: 128M 	chunk_size: 2G 	num_reg: 10  	lose cover RAM: 1048688M
[    0.003046]  gran_size: 256M 	chunk_size: 256M 	num_reg: 10  	lose cover RAM: 1573104M
[    0.003048]  gran_size: 256M 	chunk_size: 512M 	num_reg: 10  	lose cover RAM: 1048816M
[    0.003049]  gran_size: 256M 	chunk_size: 1G 	num_reg: 10  	lose cover RAM: 1048816M
[    0.003050]  gran_size: 256M 	chunk_size: 2G 	num_reg: 10  	lose cover RAM: 1048816M
[    0.003051]  gran_size: 512M 	chunk_size: 512M 	num_reg: 10  	lose cover RAM: 1049072M
[    0.003053]  gran_size: 512M 	chunk_size: 1G 	num_reg: 10  	lose cover RAM: 1049072M
[    0.003054]  gran_size: 512M 	chunk_size: 2G 	num_reg: 10  	lose cover RAM: 1049072M
[    0.003055]  gran_size: 1G 	chunk_size: 1G 	num_reg: 10  	lose cover RAM: 1008M
[    0.003057]  gran_size: 1G 	chunk_size: 2G 	num_reg: 10  	lose cover RAM: 1008M
[    0.003058]  gran_size: 2G 	chunk_size: 2G 	num_reg: 9  	lose cover RAM: 2032M
[    0.003059] mtrr_cleanup: can not find optimal value
[    0.003060] please specify mtrr_gran_size/mtrr_chunk_size
[    0.003062] e820: update [mem 0x7f000000-0xffffffff] usable ==> reserved
[    0.003065] x2apic: enabled by BIOS, switching to x2apic ops
[    0.003066] last_pfn = 0x6f800 max_arch_pfn = 0x400000000
[    0.014384] Using GB pages for direct mapping
[    0.015818] Secure boot disabled
[    0.015818] RAMDISK: [mem 0x205cb7c000-0x207fffffff]
[    0.015824] ACPI: Early table checksum verification disabled
[    0.015826] ACPI: RSDP 0x000000006F7FE014 000024 (v02 DELL  )
[    0.015830] ACPI: XSDT 0x000000006F41C188 0000F4 (v01 DELL   PE_SC3   00000000 DELL 01000013)
[    0.015835] ACPI: FACP 0x000000006F430000 000114 (v06 DELL   PE_SC3   00000000 DELL 00000001)
[    0.015840] ACPI: DSDT 0x000000004B4CE000 07FAD3 (v02 DELL   PE_SC3   00000003 DELL 00000001)
[    0.015844] ACPI: FACS 0x000000006F2F2000 000040
[    0.015847] ACPI: SSDT 0x000000006F7FB000 00159A (v02 INTEL  RAS_ACPI 00000001 INTL 20210331)
[    0.015850] ACPI: SSDT 0x000000006F7FA000 000745 (v02 INTEL  ADDRXLAT 00000001 INTL 20210331)
[    0.015854] ACPI: MCEJ 0x000000006F7F9000 000130 (v01 INTEL           00000001 INTL 0100000D)
[    0.015857] ACPI: BERT 0x000000006F7F8000 000030 (v01 DELL   PE_SC3   00000001 INTL 00000001)
[    0.015860] ACPI: ERST 0x000000006F7F7000 000230 (v01 DELL   PE_SC3   00000001 INTL 00000001)
[    0.015863] ACPI: SSDT 0x000000006F431000 3C524E (v02 INTEL  SSDTNVDR 00001000 INTL 20210331)
[    0.015867] ACPI: HMAT 0x000000006F42F000 000210 (v01 DELL   PE_SC3   00000001 DELL 00000001)
[    0.015870] ACPI: HPET 0x000000006F42E000 000038 (v01 DELL   PE_SC3   00000001 DELL 00000001)
[    0.015873] ACPI: MCFG 0x000000006F42D000 00003C (v01 DELL   PE_SC3   00000001 DELL 00000001)
[    0.015876] ACPI: MIGT 0x000000006F42C000 000040 (v01 DELL   PE_SC3   00000000 DELL 00000001)
[    0.015880] ACPI: MSCT 0x000000006F42B000 000090 (v01 DELL   PE_SC3   00000001 DELL 00000001)
[    0.015883] ACPI: PMTT 0x000000006F429000 0011E8 (v02 DELL   PE_SC3   00000001 DELL 00000001)
[    0.015886] ACPI: WSMT 0x000000006F428000 000028 (v01 DELL   PE_SC3   00000000 DELL 00000001)
[    0.015889] ACPI: APIC 0x000000006F427000 00075E (v04 DELL   PE_SC3   00000000 DELL 00000001)
[    0.015892] ACPI: SLIT 0x000000006F426000 00003C (v01 DELL   PE_SC3   00000001 DELL 01000013)
[    0.015896] ACPI: SRAT 0x000000006F41F000 006430 (v03 DELL   PE_SC3   00000002 DELL 01000013)
[    0.015899] ACPI: OEM4 0x000000004B346000 187A61 (v02 INTEL  CPU  CST 00003000 INTL 20210331)
[    0.015902] ACPI: SSDT 0x000000004B2CF000 0764A5 (v02 INTEL  SSDT  PM 00004000 INTL 20210331)
[    0.015906] ACPI: SSDT 0x000000006F41E000 000A1F (v02 DELL   PE_SC3   00000000 DELL 00000001)
[    0.015909] ACPI: HEST 0x000000006F41D000 00017C (v01 DELL   PE_SC3   00000001 INTL 00000001)
[    0.015912] ACPI: PCAT 0x000000006F41B000 00010C (v19 DELL   PE_SC3   00000002 DELL 00000001)
[    0.015915] ACPI: SSDT 0x000000006F413000 007299 (v02 INTEL  SpsNm    00000002 INTL 20210331)
[    0.015919] ACPI: SSDT 0x000000006F412000 000426 (v02 DELL   PE_SC3   00000002 DELL 00000001)
[    0.015922] ACPI: NFIT 0x000000006F7FD000 000488 (v01 DELL   PE_SC3   00000002 DELL 00000001)
[    0.015925] ACPI: DMAR 0x000000006F411000 000158 (v01 DELL   PE_SC3   00000001 DELL 00000001)
[    0.015927] ACPI: Reserving FACP table memory at [mem 0x6f430000-0x6f430113]
[    0.015929] ACPI: Reserving DSDT table memory at [mem 0x4b4ce000-0x4b54dad2]
[    0.015930] ACPI: Reserving FACS table memory at [mem 0x6f2f2000-0x6f2f203f]
[    0.015931] ACPI: Reserving SSDT table memory at [mem 0x6f7fb000-0x6f7fc599]
[    0.015932] ACPI: Reserving SSDT table memory at [mem 0x6f7fa000-0x6f7fa744]
[    0.015933] ACPI: Reserving MCEJ table memory at [mem 0x6f7f9000-0x6f7f912f]
[    0.015933] ACPI: Reserving BERT table memory at [mem 0x6f7f8000-0x6f7f802f]
[    0.015934] ACPI: Reserving ERST table memory at [mem 0x6f7f7000-0x6f7f722f]
[    0.015935] ACPI: Reserving SSDT table memory at [mem 0x6f431000-0x6f7f624d]
[    0.015936] ACPI: Reserving HMAT table memory at [mem 0x6f42f000-0x6f42f20f]
[    0.015937] ACPI: Reserving HPET table memory at [mem 0x6f42e000-0x6f42e037]
[    0.015938] ACPI: Reserving MCFG table memory at [mem 0x6f42d000-0x6f42d03b]
[    0.015939] ACPI: Reserving MIGT table memory at [mem 0x6f42c000-0x6f42c03f]
[    0.015940] ACPI: Reserving MSCT table memory at [mem 0x6f42b000-0x6f42b08f]
[    0.015940] ACPI: Reserving PMTT table memory at [mem 0x6f429000-0x6f42a1e7]
[    0.015941] ACPI: Reserving WSMT table memory at [mem 0x6f428000-0x6f428027]
[    0.015942] ACPI: Reserving APIC table memory at [mem 0x6f427000-0x6f42775d]
[    0.015943] ACPI: Reserving SLIT table memory at [mem 0x6f426000-0x6f42603b]
[    0.015944] ACPI: Reserving SRAT table memory at [mem 0x6f41f000-0x6f42542f]
[    0.015945] ACPI: Reserving OEM4 table memory at [mem 0x4b346000-0x4b4cda60]
[    0.015946] ACPI: Reserving SSDT table memory at [mem 0x4b2cf000-0x4b3454a4]
[    0.015947] ACPI: Reserving SSDT table memory at [mem 0x6f41e000-0x6f41ea1e]
[    0.015948] ACPI: Reserving HEST table memory at [mem 0x6f41d000-0x6f41d17b]
[    0.015948] ACPI: Reserving PCAT table memory at [mem 0x6f41b000-0x6f41b10b]
[    0.015949] ACPI: Reserving SSDT table memory at [mem 0x6f413000-0x6f41a298]
[    0.015950] ACPI: Reserving SSDT table memory at [mem 0x6f412000-0x6f412425]
[    0.015951] ACPI: Reserving NFIT table memory at [mem 0x6f7fd000-0x6f7fd487]
[    0.015952] ACPI: Reserving DMAR table memory at [mem 0x6f411000-0x6f411157]
[    0.015962] Setting APIC routing to cluster x2apic.
[    0.016009] SRAT: PXM 0 -> APIC 0x0000 -> Node 0
[    0.016010] SRAT: PXM 0 -> APIC 0x0001 -> Node 0
[    0.016011] SRAT: PXM 0 -> APIC 0x0002 -> Node 0
[    0.016012] SRAT: PXM 0 -> APIC 0x0003 -> Node 0
[    0.016012] SRAT: PXM 0 -> APIC 0x0004 -> Node 0
[    0.016013] SRAT: PXM 0 -> APIC 0x0005 -> Node 0
[    0.016014] SRAT: PXM 0 -> APIC 0x0006 -> Node 0
[    0.016014] SRAT: PXM 0 -> APIC 0x0007 -> Node 0
[    0.016015] SRAT: PXM 0 -> APIC 0x0008 -> Node 0
[    0.016016] SRAT: PXM 0 -> APIC 0x0009 -> Node 0
[    0.016016] SRAT: PXM 0 -> APIC 0x000a -> Node 0
[    0.016017] SRAT: PXM 0 -> APIC 0x000b -> Node 0
[    0.016018] SRAT: PXM 0 -> APIC 0x000c -> Node 0
[    0.016018] SRAT: PXM 0 -> APIC 0x000d -> Node 0
[    0.016019] SRAT: PXM 0 -> APIC 0x000e -> Node 0
[    0.016020] SRAT: PXM 0 -> APIC 0x000f -> Node 0
[    0.016021] SRAT: PXM 0 -> APIC 0x0010 -> Node 0
[    0.016021] SRAT: PXM 0 -> APIC 0x0011 -> Node 0
[    0.016022] SRAT: PXM 0 -> APIC 0x0012 -> Node 0
[    0.016023] SRAT: PXM 0 -> APIC 0x0013 -> Node 0
[    0.016023] SRAT: PXM 0 -> APIC 0x0014 -> Node 0
[    0.016024] SRAT: PXM 0 -> APIC 0x0015 -> Node 0
[    0.016025] SRAT: PXM 0 -> APIC 0x0016 -> Node 0
[    0.016025] SRAT: PXM 0 -> APIC 0x0017 -> Node 0
[    0.016026] SRAT: PXM 0 -> APIC 0x0018 -> Node 0
[    0.016027] SRAT: PXM 0 -> APIC 0x0019 -> Node 0
[    0.016027] SRAT: PXM 0 -> APIC 0x001a -> Node 0
[    0.016028] SRAT: PXM 0 -> APIC 0x001b -> Node 0
[    0.016029] SRAT: PXM 0 -> APIC 0x001c -> Node 0
[    0.016029] SRAT: PXM 0 -> APIC 0x001d -> Node 0
[    0.016030] SRAT: PXM 0 -> APIC 0x001e -> Node 0
[    0.016031] SRAT: PXM 0 -> APIC 0x001f -> Node 0
[    0.016031] SRAT: PXM 0 -> APIC 0x0020 -> Node 0
[    0.016032] SRAT: PXM 0 -> APIC 0x0021 -> Node 0
[    0.016032] SRAT: PXM 0 -> APIC 0x0022 -> Node 0
[    0.016033] SRAT: PXM 0 -> APIC 0x0023 -> Node 0
[    0.016034] SRAT: PXM 0 -> APIC 0x0024 -> Node 0
[    0.016034] SRAT: PXM 0 -> APIC 0x0025 -> Node 0
[    0.016035] SRAT: PXM 0 -> APIC 0x0026 -> Node 0
[    0.016036] SRAT: PXM 0 -> APIC 0x0027 -> Node 0
[    0.016036] SRAT: PXM 0 -> APIC 0x0028 -> Node 0
[    0.016037] SRAT: PXM 0 -> APIC 0x0029 -> Node 0
[    0.016038] SRAT: PXM 0 -> APIC 0x002a -> Node 0
[    0.016038] SRAT: PXM 0 -> APIC 0x002b -> Node 0
[    0.016039] SRAT: PXM 0 -> APIC 0x002c -> Node 0
[    0.016039] SRAT: PXM 0 -> APIC 0x002d -> Node 0
[    0.016040] SRAT: PXM 0 -> APIC 0x002e -> Node 0
[    0.016041] SRAT: PXM 0 -> APIC 0x002f -> Node 0
[    0.016041] SRAT: PXM 0 -> APIC 0x0030 -> Node 0
[    0.016042] SRAT: PXM 0 -> APIC 0x0031 -> Node 0
[    0.016043] SRAT: PXM 0 -> APIC 0x0032 -> Node 0
[    0.016043] SRAT: PXM 0 -> APIC 0x0033 -> Node 0
[    0.016044] SRAT: PXM 0 -> APIC 0x0034 -> Node 0
[    0.016044] SRAT: PXM 0 -> APIC 0x0035 -> Node 0
[    0.016045] SRAT: PXM 0 -> APIC 0x0036 -> Node 0
[    0.016046] SRAT: PXM 0 -> APIC 0x0037 -> Node 0
[    0.016047] SRAT: PXM 1 -> APIC 0x0080 -> Node 1
[    0.016047] SRAT: PXM 1 -> APIC 0x0081 -> Node 1
[    0.016048] SRAT: PXM 1 -> APIC 0x0082 -> Node 1
[    0.016049] SRAT: PXM 1 -> APIC 0x0083 -> Node 1
[    0.016050] SRAT: PXM 1 -> APIC 0x0084 -> Node 1
[    0.016050] SRAT: PXM 1 -> APIC 0x0085 -> Node 1
[    0.016051] SRAT: PXM 1 -> APIC 0x0086 -> Node 1
[    0.016052] SRAT: PXM 1 -> APIC 0x0087 -> Node 1
[    0.016052] SRAT: PXM 1 -> APIC 0x0088 -> Node 1
[    0.016053] SRAT: PXM 1 -> APIC 0x0089 -> Node 1
[    0.016053] SRAT: PXM 1 -> APIC 0x008a -> Node 1
[    0.016054] SRAT: PXM 1 -> APIC 0x008b -> Node 1
[    0.016055] SRAT: PXM 1 -> APIC 0x008c -> Node 1
[    0.016055] SRAT: PXM 1 -> APIC 0x008d -> Node 1
[    0.016056] SRAT: PXM 1 -> APIC 0x008e -> Node 1
[    0.016057] SRAT: PXM 1 -> APIC 0x008f -> Node 1
[    0.016057] SRAT: PXM 1 -> APIC 0x0090 -> Node 1
[    0.016058] SRAT: PXM 1 -> APIC 0x0091 -> Node 1
[    0.016059] SRAT: PXM 1 -> APIC 0x0092 -> Node 1
[    0.016059] SRAT: PXM 1 -> APIC 0x0093 -> Node 1
[    0.016060] SRAT: PXM 1 -> APIC 0x0094 -> Node 1
[    0.016060] SRAT: PXM 1 -> APIC 0x0095 -> Node 1
[    0.016061] SRAT: PXM 1 -> APIC 0x0096 -> Node 1
[    0.016062] SRAT: PXM 1 -> APIC 0x0097 -> Node 1
[    0.016062] SRAT: PXM 1 -> APIC 0x0098 -> Node 1
[    0.016063] SRAT: PXM 1 -> APIC 0x0099 -> Node 1
[    0.016064] SRAT: PXM 1 -> APIC 0x009a -> Node 1
[    0.016064] SRAT: PXM 1 -> APIC 0x009b -> Node 1
[    0.016065] SRAT: PXM 1 -> APIC 0x009c -> Node 1
[    0.016066] SRAT: PXM 1 -> APIC 0x009d -> Node 1
[    0.016066] SRAT: PXM 1 -> APIC 0x009e -> Node 1
[    0.016067] SRAT: PXM 1 -> APIC 0x009f -> Node 1
[    0.016068] SRAT: PXM 1 -> APIC 0x00a0 -> Node 1
[    0.016068] SRAT: PXM 1 -> APIC 0x00a1 -> Node 1
[    0.016069] SRAT: PXM 1 -> APIC 0x00a2 -> Node 1
[    0.016069] SRAT: PXM 1 -> APIC 0x00a3 -> Node 1
[    0.016070] SRAT: PXM 1 -> APIC 0x00a4 -> Node 1
[    0.016071] SRAT: PXM 1 -> APIC 0x00a5 -> Node 1
[    0.016071] SRAT: PXM 1 -> APIC 0x00a6 -> Node 1
[    0.016072] SRAT: PXM 1 -> APIC 0x00a7 -> Node 1
[    0.016073] SRAT: PXM 1 -> APIC 0x00a8 -> Node 1
[    0.016073] SRAT: PXM 1 -> APIC 0x00a9 -> Node 1
[    0.016074] SRAT: PXM 1 -> APIC 0x00aa -> Node 1
[    0.016075] SRAT: PXM 1 -> APIC 0x00ab -> Node 1
[    0.016075] SRAT: PXM 1 -> APIC 0x00ac -> Node 1
[    0.016076] SRAT: PXM 1 -> APIC 0x00ad -> Node 1
[    0.016077] SRAT: PXM 1 -> APIC 0x00ae -> Node 1
[    0.016077] SRAT: PXM 1 -> APIC 0x00af -> Node 1
[    0.016078] SRAT: PXM 1 -> APIC 0x00b0 -> Node 1
[    0.016079] SRAT: PXM 1 -> APIC 0x00b1 -> Node 1
[    0.016080] SRAT: PXM 1 -> APIC 0x00b2 -> Node 1
[    0.016080] SRAT: PXM 1 -> APIC 0x00b3 -> Node 1
[    0.016081] SRAT: PXM 1 -> APIC 0x00b4 -> Node 1
[    0.016082] SRAT: PXM 1 -> APIC 0x00b5 -> Node 1
[    0.016082] SRAT: PXM 1 -> APIC 0x00b6 -> Node 1
[    0.016083] SRAT: PXM 1 -> APIC 0x00b7 -> Node 1
[    0.016096] ACPI: SRAT: Node 0 PXM 0 [mem 0x00000000-0x7fffffff]
[    0.016098] ACPI: SRAT: Node 0 PXM 0 [mem 0x100000000-0x107fffffff]
[    0.016099] ACPI: SRAT: Node 2 PXM 2 [mem 0x2080000000-0x9e7fffffff] non-volatile
[    0.016100] ACPI: SRAT: Node 1 PXM 1 [mem 0x1080000000-0x207fffffff]
[    0.016101] ACPI: SRAT: Node 3 PXM 3 [mem 0x9e80000000-0x11c7fffffff] non-volatile
[    0.016111] NUMA: Initialized distance table, cnt=4
[    0.016113] NUMA: Node 0 [mem 0x00000000-0x7fffffff] + [mem 0x100000000-0x107fffffff] -> [mem 0x00000000-0x107fffffff]
[    0.016122] NODE_DATA(0) allocated [mem 0xffffd5000-0xfffffffff]
[    0.016141] NODE_DATA(1) allocated [mem 0x205cb4e000-0x205cb78fff]
[    0.016343] Zone ranges:
[    0.016343]   DMA      [mem 0x0000000000001000-0x0000000000ffffff]
[    0.016345]   DMA32    [mem 0x0000000001000000-0x00000000ffffffff]
[    0.016347]   Normal   [mem 0x0000000100000000-0x000000207fffffff]
[    0.016348]   Device   empty
[    0.016349] Movable zone start for each node
[    0.016353] Early memory node ranges
[    0.016353]   node   0: [mem 0x0000000000001000-0x000000000008efff]
[    0.016354]   node   0: [mem 0x0000000000090000-0x000000000009ffff]
[    0.016355]   node   0: [mem 0x0000000000100000-0x0000000049e76fff]
[    0.016356]   node   0: [mem 0x000000004ae77000-0x000000004b2cefff]
[    0.016357]   node   0: [mem 0x000000004b54e000-0x000000004bd93fff]
[    0.016358]   node   0: [mem 0x000000004be9a000-0x000000004cdfffff]
[    0.016359]   node   0: [mem 0x000000004d000000-0x000000005eefdfff]
[    0.016359]   node   0: [mem 0x000000006f7ff000-0x000000006f7fffff]
[    0.016360]   node   0: [mem 0x0000000c75800000-0x0000000fffffffff]
[    0.016362]   node   1: [mem 0x0000001ec0000000-0x000000207fffffff]
[    0.016363] Initmem setup node 0 [mem 0x0000000000001000-0x0000000fffffffff]
[    0.016366] Initmem setup node 1 [mem 0x0000001ec0000000-0x000000207fffffff]
[    0.016369] On node 0, zone DMA: 1 pages in unavailable ranges
[    0.016370] On node 0, zone DMA: 1 pages in unavailable ranges
[    0.016400] On node 0, zone DMA: 96 pages in unavailable ranges
[    0.018599] On node 0, zone DMA32: 4096 pages in unavailable ranges
[    0.018625] On node 0, zone DMA32: 639 pages in unavailable ranges
[    0.018660] On node 0, zone DMA32: 262 pages in unavailable ranges
[    0.019217] On node 0, zone DMA32: 512 pages in unavailable ranges
[    0.019497] On node 0, zone DMA32: 35073 pages in unavailable ranges
[    0.046511] On node 0, zone Normal: 24576 pages in unavailable ranges
[    0.060781] ACPI: PM-Timer IO Port: 0x508
[    0.060801] ACPI: X2APIC_NMI (uid[0xffffffff] high edge lint[0x1])
[    0.060804] ACPI: LAPIC_NMI (acpi_id[0xff] high edge lint[0x1])
[    0.060824] IOAPIC[0]: apic_id 8, version 32, address 0xfec00000, GSI 0-119
[    0.060827] ACPI: INT_SRC_OVR (bus 0 bus_irq 0 global_irq 2 dfl dfl)
[    0.060829] ACPI: INT_SRC_OVR (bus 0 bus_irq 9 global_irq 9 high level)
[    0.060833] ACPI: Using ACPI (MADT) for SMP configuration information
[    0.060835] ACPI: HPET id: 0x8086a701 base: 0xfed00000
[    0.060839] TSC deadline timer available
[    0.060840] smpboot: Allowing 112 CPUs, 0 hotplug CPUs
[    0.060868] PM: hibernation: Registered nosave memory: [mem 0x00000000-0x00000fff]
[    0.060871] PM: hibernation: Registered nosave memory: [mem 0x0008f000-0x0008ffff]
[    0.060872] PM: hibernation: Registered nosave memory: [mem 0x000a0000-0x000fffff]
[    0.060874] PM: hibernation: Registered nosave memory: [mem 0x46cc5000-0x46cc5fff]
[    0.060876] PM: hibernation: Registered nosave memory: [mem 0x46cf6000-0x46cf6fff]
[    0.060877] PM: hibernation: Registered nosave memory: [mem 0x46cf7000-0x46cf7fff]
[    0.060879] PM: hibernation: Registered nosave memory: [mem 0x46d29000-0x46d29fff]
[    0.060880] PM: hibernation: Registered nosave memory: [mem 0x46d2a000-0x46d2afff]
[    0.060881] PM: hibernation: Registered nosave memory: [mem 0x46d5c000-0x46d5cfff]
[    0.060882] PM: hibernation: Registered nosave memory: [mem 0x46d5d000-0x46d5dfff]
[    0.060884] PM: hibernation: Registered nosave memory: [mem 0x46d65000-0x46d65fff]
[    0.060886] PM: hibernation: Registered nosave memory: [mem 0x49e77000-0x4ae76fff]
[    0.060888] PM: hibernation: Registered nosave memory: [mem 0x4b2cf000-0x4b54dfff]
[    0.060889] PM: hibernation: Registered nosave memory: [mem 0x4bd94000-0x4be99fff]
[    0.060891] PM: hibernation: Registered nosave memory: [mem 0x4ce00000-0x4cffffff]
[    0.060893] PM: hibernation: Registered nosave memory: [mem 0x5eefe000-0x6e3fefff]
[    0.060894] PM: hibernation: Registered nosave memory: [mem 0x6e3ff000-0x6f3fefff]
[    0.060894] PM: hibernation: Registered nosave memory: [mem 0x6f3ff000-0x6f7fefff]
[    0.060896] PM: hibernation: Registered nosave memory: [mem 0x6f800000-0x8fffffff]
[    0.060897] PM: hibernation: Registered nosave memory: [mem 0x90000000-0xfdffffff]
[    0.060898] PM: hibernation: Registered nosave memory: [mem 0xfe000000-0xfe010fff]
[    0.060899] PM: hibernation: Registered nosave memory: [mem 0xfe011000-0xffffffff]
[    0.060899] PM: hibernation: Registered nosave memory: [mem 0x100000000-0xc757fffff]
[    0.060901] PM: hibernation: Registered nosave memory: [mem 0x1000000000-0x1ebfffffff]
[    0.060903] [mem 0x90000000-0xfdffffff] available for PCI devices
[    0.060905] Booting paravirtualized kernel on bare hardware
[    0.060907] clocksource: refined-jiffies: mask: 0xffffffff max_cycles: 0xffffffff, max_idle_ns: 7645519600211568 ns
[    0.060913] setup_percpu: NR_CPUS:8192 nr_cpumask_bits:112 nr_cpu_ids:112 nr_node_ids:4
[    0.065385] percpu: Embedded 53 pages/cpu s180224 r8192 d28672 u262144
[    0.065397] pcpu-alloc: s180224 r8192 d28672 u262144 alloc=1*2097152
[    0.065400] pcpu-alloc: [0] 000 002 004 006 008 010 012 014 
[    0.065405] pcpu-alloc: [0] 016 018 020 022 024 026 028 030 
[    0.065410] pcpu-alloc: [0] 032 034 036 038 040 042 044 046 
[    0.065414] pcpu-alloc: [0] 048 050 052 054 056 058 060 062 
[    0.065418] pcpu-alloc: [0] 064 066 068 070 072 074 076 078 
[    0.065422] pcpu-alloc: [0] 080 082 084 086 088 090 092 094 
[    0.065426] pcpu-alloc: [0] 096 098 100 102 104 106 108 110 
[    0.065431] pcpu-alloc: [1] 001 003 005 007 009 011 013 015 
[    0.065435] pcpu-alloc: [1] 017 019 021 023 025 027 029 031 
[    0.065439] pcpu-alloc: [1] 033 035 037 039 041 043 045 047 
[    0.065443] pcpu-alloc: [1] 049 051 053 055 057 059 061 063 
[    0.065447] pcpu-alloc: [1] 065 067 069 071 073 075 077 079 
[    0.065451] pcpu-alloc: [1] 081 083 085 087 089 091 093 095 
[    0.065455] pcpu-alloc: [1] 097 099 101 103 105 107 109 111 
[    0.065505] Built 2 zonelists, mobility grouping on.  Total pages: 5837428
[    0.065507] Policy zone: Normal
[    0.065508] Kernel command line: BOOT_IMAGE=/boot/vmlinuz-5.15.0-tiering-0.8 root=UUID=ce0c24b8-724b-4f33-9b2c-618433560aef ro memmap=46936M!4096M memmap=59G!64G quiet splash nomodeset vt.handoff=1
[    0.065626] You have booted with nomodeset. This means your GPU drivers are DISABLED
[    0.065627] Any video related functionality will be severely degraded, and you may not even be able to suspend the system properly
[    0.065628] Unless you actually understand what nomodeset does, you should reboot without enabling it
[    0.065648] Unknown command line parameters: splash BOOT_IMAGE=/boot/vmlinuz-5.15.0-tiering-0.8
[    0.065650] printk: log_buf_len individual max cpu contribution: 4096 bytes
[    0.065651] printk: log_buf_len total cpu_extra contributions: 454656 bytes
[    0.065652] printk: log_buf_len min size: 262144 bytes
[    0.066624] printk: log_buf_len: 1048576 bytes
[    0.066625] printk: early log buf free: 223784(85%)
[    0.068197] mem auto-init: stack:off, heap alloc:on, heap free:off
[    0.131697] Memory: 22508400K/23725152K available (14345K kernel code, 3484K rwdata, 10288K rodata, 2824K init, 5836K bss, 1216492K reserved, 0K cma-reserved)
[    0.131705] random: get_random_u64 called from __kmem_cache_create+0x2d/0x460 with crng_init=1
[    0.132343] SLUB: HWalign=64, Order=0-3, MinObjects=0, CPUs=112, Nodes=4
[    0.132370] ftrace: allocating 48223 entries in 189 pages
[    0.147534] ftrace: allocated 189 pages with 6 groups
[    0.148197] rcu: Hierarchical RCU implementation.
[    0.148198] rcu: 	RCU restricting CPUs from NR_CPUS=8192 to nr_cpu_ids=112.
[    0.148200] 	Rude variant of Tasks RCU enabled.
[    0.148201] 	Tracing variant of Tasks RCU enabled.
[    0.148202] rcu: RCU calculated value of scheduler-enlistment delay is 25 jiffies.
[    0.148203] rcu: Adjusting geometry for rcu_fanout_leaf=16, nr_cpu_ids=112
[    0.151981] NR_IRQS: 524544, nr_irqs: 2952, preallocated irqs: 16
[    0.152354] random: crng done (trusting CPU's manufacturer)
[    0.152498] Console: colour dummy device 80x25
[    0.152533] printk: console [tty0] enabled
[    0.152705] mempolicy: Enabling automatic NUMA balancing. Configure with numa_balancing= or the kernel.numa_balancing sysctl
[    0.152710] ACPI: Core revision 20210730
[    0.156112] clocksource: hpet: mask: 0xffffffff max_cycles: 0xffffffff, max_idle_ns: 79635855245 ns
[    0.156155] APIC: Switch to symmetric I/O mode setup
[    0.156157] DMAR: Host address width 46
[    0.156158] DMAR: DRHD base: 0x000000d0ffc000 flags: 0x0
[    0.156163] DMAR: dmar0: reg_base_addr d0ffc000 ver 4:0 cap 8ed008c40780466 ecap 60000f050df
[    0.156166] DMAR: DRHD base: 0x000000dbbfc000 flags: 0x0
[    0.156169] DMAR: dmar1: reg_base_addr dbbfc000 ver 4:0 cap 8ed008c40780466 ecap 60000f050df
[    0.156171] DMAR: DRHD base: 0x000000e67fc000 flags: 0x0
[    0.156175] DMAR: dmar2: reg_base_addr e67fc000 ver 4:0 cap 8ed008c40780466 ecap 60000f050df
[    0.156177] DMAR: DRHD base: 0x000000f13fc000 flags: 0x0
[    0.156179] DMAR: dmar3: reg_base_addr f13fc000 ver 4:0 cap 8ed008c40780466 ecap 60000f050df
[    0.156181] DMAR: DRHD base: 0x000000fb7fc000 flags: 0x0
[    0.156183] DMAR: dmar4: reg_base_addr fb7fc000 ver 4:0 cap 8ed008c40780466 ecap 60000f050df
[    0.156185] DMAR: DRHD base: 0x000000a63fc000 flags: 0x0
[    0.156188] DMAR: dmar5: reg_base_addr a63fc000 ver 4:0 cap 8ed008c40780466 ecap 60000f050df
[    0.156190] DMAR: DRHD base: 0x000000b0ffc000 flags: 0x0
[    0.156192] DMAR: dmar6: reg_base_addr b0ffc000 ver 4:0 cap 8ed008c40780466 ecap 60000f050df
[    0.156194] DMAR: DRHD base: 0x000000bbbfc000 flags: 0x0
[    0.156199] DMAR: dmar7: reg_base_addr bbbfc000 ver 4:0 cap 8ed008c40780466 ecap 60000f050df
[    0.156201] DMAR: DRHD base: 0x000000c5ffc000 flags: 0x0
[    0.156203] DMAR: dmar8: reg_base_addr c5ffc000 ver 4:0 cap 8ed008c40780466 ecap 60000f050df
[    0.156205] DMAR: DRHD base: 0x0000009b7fc000 flags: 0x1
[    0.156207] DMAR: dmar9: reg_base_addr 9b7fc000 ver 4:0 cap 8ed008c40780466 ecap 60000f050df
[    0.156209] DMAR: RMRR base: 0x00000069427000 end: 0x00000069429fff
[    0.156211] DMAR: ATSR flags: 0x0
[    0.156213] DMAR-IR: IOAPIC id 8 under DRHD base  0x9b7fc000 IOMMU 9
[    0.156214] DMAR-IR: HPET id 0 under DRHD base 0x9b7fc000
[    0.156215] DMAR-IR: Queued invalidation will be enabled to support x2apic and Intr-remapping.
[    0.159198] DMAR-IR: Enabled IRQ remapping in x2apic mode
[    0.161800] ..TIMER: vector=0x30 apic1=0 pin1=2 apic2=-1 pin2=-1
[    0.180085] clocksource: tsc-early: mask: 0xffffffffffffffff max_cycles: 0x39a85c9bff6, max_idle_ns: 881590591483 ns
[    0.180092] Calibrating delay loop (skipped), value calculated using timer frequency.. 4000.00 BogoMIPS (lpj=8000000)
[    0.180094] pid_max: default: 114688 minimum: 896
[    0.183530] LSM: Security Framework initializing
[    0.183544] Yama: becoming mindful.
[    0.183581] AppArmor: AppArmor initialized
[    0.188070] Dentry cache hash table entries: 4194304 (order: 13, 33554432 bytes, vmalloc)
[    0.190339] Inode-cache hash table entries: 2097152 (order: 12, 16777216 bytes, vmalloc)
[    0.190468] Mount-cache hash table entries: 65536 (order: 7, 524288 bytes, vmalloc)
[    0.190541] Mountpoint-cache hash table entries: 65536 (order: 7, 524288 bytes, vmalloc)
[    0.191140] x86/tme: not enabled by BIOS
[    0.191150] CPU0: Thermal monitoring enabled (TM1)
[    0.191152] x86/cpu: User Mode Instruction Prevention (UMIP) activated
[    0.191384] process: using mwait in idle threads
[    0.191386] Last level iTLB entries: 4KB 0, 2MB 0, 4MB 0
[    0.191387] Last level dTLB entries: 4KB 0, 2MB 0, 4MB 0, 1GB 0
[    0.191393] Spectre V1 : Mitigation: usercopy/swapgs barriers and __user pointer sanitization
[    0.191395] Spectre V2 : Mitigation: Enhanced IBRS
[    0.191396] Spectre V2 : Spectre v2 / SpectreRSB mitigation: Filling RSB on context switch
[    0.191398] Spectre V2 : mitigation: Enabling conditional Indirect Branch Prediction Barrier
[    0.191399] Speculative Store Bypass: Mitigation: Speculative Store Bypass disabled via prctl and seccomp
[    0.197667] Freeing SMP alternatives memory: 40K
[    0.200221] smpboot: Estimated ratio of average max frequency by base frequency (times 1024): 1433
[    0.200235] smpboot: CPU0: Intel(R) Xeon(R) Gold 6330 CPU @ 2.00GHz (family: 0x6, model: 0x6a, stepping: 0x6)
[    0.200427] Performance Events: PEBS fmt4+-baseline,  AnyThread deprecated, Icelake events, 32-deep LBR, full-width counters, Intel PMU driver.
[    0.200446] ... version:                5
[    0.200447] ... bit width:              48
[    0.200448] ... generic registers:      8
[    0.200449] ... value mask:             0000ffffffffffff
[    0.200449] ... max period:             00007fffffffffff
[    0.200450] ... fixed-purpose events:   4
[    0.200451] ... event mask:             0001000f000000ff
[    0.200573] rcu: Hierarchical SRCU implementation.
[    0.207663] NMI watchdog: Enabled. Permanently consumes one hw-PMU counter.
[    0.208686] smp: Bringing up secondary CPUs ...
[    0.208791] x86: Booting SMP configuration:
[    0.208792] .... node  #1, CPUs:          #1
[    0.007786] smpboot: CPU 1 Converting physical 0 to logical die 1

[    0.296203] .... node  #0, CPUs:     #2
[    0.301587] .... node  #1, CPUs:     #3
[    0.307026] .... node  #0, CPUs:     #4
[    0.312401] .... node  #1, CPUs:     #5
[    0.317799] .... node  #0, CPUs:     #6
[    0.323375] .... node  #1, CPUs:     #7
[    0.328971] .... node  #0, CPUs:     #8
[    0.334258] .... node  #1, CPUs:     #9
[    0.340202] .... node  #0, CPUs:    #10
[    0.345731] .... node  #1, CPUs:    #11
[    0.351480] .... node  #0, CPUs:    #12
[    0.357002] .... node  #1, CPUs:    #13
[    0.362373] .... node  #0, CPUs:    #14
[    0.367611] .... node  #1, CPUs:    #15
[    0.372941] .... node  #0, CPUs:    #16
[    0.378211] .... node  #1, CPUs:    #17
[    0.383538] .... node  #0, CPUs:    #18
[    0.388790] .... node  #1, CPUs:    #19
[    0.394452] .... node  #0, CPUs:    #20
[    0.399686] .... node  #1, CPUs:    #21
[    0.405302] .... node  #0, CPUs:    #22
[    0.410738] .... node  #1, CPUs:    #23
[    0.416198] .... node  #0, CPUs:    #24
[    0.421656] .... node  #1, CPUs:    #25
[    0.426991] .... node  #0, CPUs:    #26
[    0.432242] .... node  #1, CPUs:    #27
[    0.437532] .... node  #0, CPUs:    #28
[    0.443040] .... node  #1, CPUs:    #29
[    0.448347] .... node  #0, CPUs:    #30
[    0.453576] .... node  #1, CPUs:    #31
[    0.459075] .... node  #0, CPUs:    #32
[    0.464366] .... node  #1, CPUs:    #33
[    0.469743] .... node  #0, CPUs:    #34
[    0.475179] .... node  #1, CPUs:    #35
[    0.480511] .... node  #0, CPUs:    #36
[    0.485720] .... node  #1, CPUs:    #37
[    0.491042] .... node  #0, CPUs:    #38
[    0.496597] .... node  #1, CPUs:    #39
[    0.502132] .... node  #0, CPUs:    #40
[    0.507745] .... node  #1, CPUs:    #41
[    0.513502] .... node  #0, CPUs:    #42
[    0.518815] .... node  #1, CPUs:    #43
[    0.524481] .... node  #0, CPUs:    #44
[    0.529839] .... node  #1, CPUs:    #45
[    0.535326] .... node  #0, CPUs:    #46
[    0.540867] .... node  #1, CPUs:    #47
[    0.546336] .... node  #0, CPUs:    #48
[    0.551675] .... node  #1, CPUs:    #49
[    0.557116] .... node  #0, CPUs:    #50
[    0.562615] .... node  #1, CPUs:    #51
[    0.568268] .... node  #0, CPUs:    #52
[    0.573734] .... node  #1, CPUs:    #53
[    0.579346] .... node  #0, CPUs:    #54
[    0.585047] .... node  #1, CPUs:    #55
[    0.590869] .... node  #0, CPUs:    #56
[    0.596998] .... node  #1, CPUs:    #57
[    0.602910] .... node  #0, CPUs:    #58
[    0.608328] .... node  #1, CPUs:    #59
[    0.613792] .... node  #0, CPUs:    #60
[    0.619186] .... node  #1, CPUs:    #61
[    0.624594] .... node  #0, CPUs:    #62
[    0.630194] .... node  #1, CPUs:    #63
[    0.635819] .... node  #0, CPUs:    #64
[    0.641124] .... node  #1, CPUs:    #65
[    0.646895] .... node  #0, CPUs:    #66
[    0.652631] .... node  #1, CPUs:    #67
[    0.658397] .... node  #0, CPUs:    #68
[    0.664202] .... node  #1, CPUs:    #69
[    0.669335] .... node  #0, CPUs:    #70
[    0.674582] .... node  #1, CPUs:    #71
[    0.680162] .... node  #0, CPUs:    #72
[    0.685241] .... node  #1, CPUs:    #73
[    0.690596] .... node  #0, CPUs:    #74
[    0.696130] .... node  #1, CPUs:    #75
[    0.701565] .... node  #0, CPUs:    #76
[    0.706824] .... node  #1, CPUs:    #77
[    0.712472] .... node  #0, CPUs:    #78
[    0.717928] .... node  #1, CPUs:    #79
[    0.723236] .... node  #0, CPUs:    #80
[    0.728881] .... node  #1, CPUs:    #81
[    0.734247] .... node  #0, CPUs:    #82
[    0.739482] .... node  #1, CPUs:    #83
[    0.744823] .... node  #0, CPUs:    #84
[    0.750359] .... node  #1, CPUs:    #85
[    0.755683] .... node  #0, CPUs:    #86
[    0.760925] .... node  #1, CPUs:    #87
[    0.766444] .... node  #0, CPUs:    #88
[    0.771760] .... node  #1, CPUs:    #89
[    0.777156] .... node  #0, CPUs:    #90
[    0.782616] .... node  #1, CPUs:    #91
[    0.788190] .... node  #0, CPUs:    #92
[    0.793204] .... node  #1, CPUs:    #93
[    0.798562] .... node  #0, CPUs:    #94
[    0.804253] .... node  #1, CPUs:    #95
[    0.809698] .... node  #0, CPUs:    #96
[    0.815325] .... node  #1, CPUs:    #97
[    0.821115] .... node  #0, CPUs:    #98
[    0.826448] .... node  #1, CPUs:    #99
[    0.832198] .... node  #0, CPUs:   #100
[    0.837511] .... node  #1, CPUs:   #101
[    0.843022] .... node  #0, CPUs:   #102
[    0.848579] .... node  #1, CPUs:   #103
[    0.854064] .... node  #0, CPUs:   #104
[    0.859432] .... node  #1, CPUs:   #105
[    0.864879] .... node  #0, CPUs:   #106
[    0.870389] .... node  #1, CPUs:   #107
[    0.876193] .... node  #0, CPUs:   #108
[    0.881569] .... node  #1, CPUs:   #109
[    0.887196] .... node  #0, CPUs:   #110
[    0.892919] .... node  #1, CPUs:   #111
[    0.898764] smp: Brought up 2 nodes, 112 CPUs
[    0.898764] smpboot: Max logical packages: 2
[    0.898764] smpboot: Total of 112 processors activated (448081.06 BogoMIPS)
[    0.903465] devtmpfs: initialized
[    0.903465] x86/mm: Memory block size: 2048MB
[    0.903465] ACPI: PM: Registering ACPI NVS region [mem 0x49e77000-0x4ae76fff] (16777216 bytes)
[    0.904148] ACPI: PM: Registering ACPI NVS region [mem 0x6e3ff000-0x6f3fefff] (16777216 bytes)
[    0.904422] clocksource: jiffies: mask: 0xffffffff max_cycles: 0xffffffff, max_idle_ns: 7645041785100000 ns
[    0.904744] futex hash table entries: 32768 (order: 9, 2097152 bytes, vmalloc)
[    0.904997] pinctrl core: initialized pinctrl subsystem
[    0.905159] PM: RTC time: 09:10:18, date: 2024-06-24
[    0.905378] NET: Registered PF_NETLINK/PF_ROUTE protocol family
[    0.906153] DMA: preallocated 4096 KiB GFP_KERNEL pool for atomic allocations
[    0.906664] DMA: preallocated 4096 KiB GFP_KERNEL|GFP_DMA pool for atomic allocations
[    0.907173] DMA: preallocated 4096 KiB GFP_KERNEL|GFP_DMA32 pool for atomic allocations
[    0.907181] audit: initializing netlink subsys (disabled)
[    0.907188] audit: type=2000 audit(1719220217.748:1): state=initialized audit_enabled=0 res=1
[    0.907188] thermal_sys: Registered thermal governor 'fair_share'
[    0.907188] thermal_sys: Registered thermal governor 'bang_bang'
[    0.907188] thermal_sys: Registered thermal governor 'step_wise'
[    0.907188] thermal_sys: Registered thermal governor 'user_space'
[    0.907188] EISA bus registered
[    0.907188] cpuidle: using governor ladder
[    0.907188] cpuidle: using governor menu
[    0.908124] ACPI FADT declares the system doesn't support PCIe ASPM, so disable it
[    0.908125] ACPI: bus type PCI registered
[    0.908127] acpiphp: ACPI Hot Plug PCI Controller Driver version: 0.5
[    0.908234] PCI: MMCONFIG for domain 0000 [bus 00-ff] at [mem 0x80000000-0x8fffffff] (base 0x80000000)
[    0.908239] PCI: MMCONFIG at [mem 0x80000000-0x8fffffff] reserved in E820
[    0.908246] pmd_set_huge: Cannot satisfy [mem 0x80000000-0x80200000] with a huge-page mapping due to MTRR override.
[    0.908458] PCI: Using configuration type 1 for base access
[    0.908467] PCI: Dell System detected, enabling pci=bfsort.
[    0.910590] ENERGY_PERF_BIAS: Set to 'normal', was 'performance'
[    0.913202] Kprobes globally optimized
[    0.913207] HugeTLB registered 1.00 GiB page size, pre-allocated 0 pages
[    0.913207] HugeTLB registered 2.00 MiB page size, pre-allocated 0 pages
[    0.916210] ACPI: Added _OSI(Module Device)
[    0.916211] ACPI: Added _OSI(Processor Device)
[    0.916212] ACPI: Added _OSI(3.0 _SCP Extensions)
[    0.916213] ACPI: Added _OSI(Processor Aggregator Device)
[    0.916213] ACPI: Added _OSI(Linux-Dell-Video)
[    0.916214] ACPI: Added _OSI(Linux-Lenovo-NV-HDMI-Audio)
[    0.916215] ACPI: Added _OSI(Linux-HPI-Hybrid-Graphics)
[    1.082255] ACPI: 8 ACPI AML tables successfully acquired and loaded
[    1.087839] ACPI: [Firmware Bug]: BIOS _OSI(Linux) query ignored
[    1.093041] ACPI: Dynamic OEM Table Load:
[    1.492712] ACPI: Interpreter enabled
[    1.492733] ACPI: PM: (supports S0 S5)
[    1.492734] ACPI: Using IOAPIC for interrupt routing
[    1.492816] HEST: Table parsing has been initialized.
[    1.492818] PCI: Using host bridge windows from ACPI; if necessary, use "pci=nocrs" and report a bug
[    1.521161] ACPI: Enabled 4 GPEs in block 00 to 7F
[    1.638655] ACPI: PCI Root Bridge [PC00] (domain 0000 [bus 00-15])
[    1.638661] acpi PNP0A08:00: _OSC: OS supports [ExtendedConfig ASPM ClockPM Segments MSI HPX-Type3]
[    1.704938] acpi PNP0A08:00: _OSC: platform does not support [SHPCHotplug AER LTR]
[    1.705159] acpi PNP0A08:00: _OSC: OS now controls [PCIeHotplug PME PCIeCapability]
[    1.705161] acpi PNP0A08:00: FADT indicates ASPM is unsupported, using BIOS configuration
[    1.706966] PCI host bridge to bus 0000:00
[    1.706967] pci_bus 0000:00: root bus resource [io  0x0000-0x0cf7 window]
[    1.706969] pci_bus 0000:00: root bus resource [io  0x1000-0x4fff window]
[    1.706971] pci_bus 0000:00: root bus resource [mem 0x000a0000-0x000bffff window]
[    1.706972] pci_bus 0000:00: root bus resource [mem 0x000c8000-0x000cffff window]
[    1.706973] pci_bus 0000:00: root bus resource [mem 0xfe010000-0xfe010fff window]
[    1.706974] pci_bus 0000:00: root bus resource [mem 0x90000000-0x9b7fffff window]
[    1.706975] pci_bus 0000:00: root bus resource [mem 0x200000000000-0x20ffffffffff window]
[    1.706977] pci_bus 0000:00: root bus resource [bus 00-15]
[    1.708314] pci 0000:00:00.0: [8086:09a2] type 00 class 0x088000
[    1.709072] pci 0000:00:00.1: [8086:09a4] type 00 class 0x088000
[    1.710459] pci 0000:00:00.2: [8086:09a3] type 00 class 0x088000
[    1.711840] pci 0000:00:00.4: [8086:0998] type 00 class 0x060000
[    1.713887] pci 0000:00:02.0: [8086:09a6] type 00 class 0x088000
[    1.713896] pci 0000:00:02.0: reg 0x10: [mem 0x92dfc000-0x92dfdfff]
[    1.715286] pci 0000:00:02.1: [8086:09a7] type 00 class 0x088000
[    1.715294] pci 0000:00:02.1: reg 0x10: [mem 0x92d00000-0x92d7ffff]
[    1.715299] pci 0000:00:02.1: reg 0x14: [mem 0x92c80000-0x92cfffff]
[    1.716690] pci 0000:00:02.4: [8086:3456] type 00 class 0x130000
[    1.716701] pci 0000:00:02.4: reg 0x10: [mem 0x92a00000-0x92afffff 64bit]
[    1.716707] pci 0000:00:02.4: reg 0x18: [mem 0x92df0000-0x92df3fff 64bit]
[    1.716714] pci 0000:00:02.4: reg 0x20: [mem 0x92dc0000-0x92ddffff 64bit]
[    1.718116] pci 0000:00:11.0: [8086:a1ec] type 00 class 0xff0000
[    1.718119] pci 0000:00:11.0: device has non-compliant BARs; disabling IO/MEM decoding
[    1.719530] pci 0000:00:11.5: [8086:a1d2] type 00 class 0x010601
[    1.719543] pci 0000:00:11.5: reg 0x10: [mem 0x92dfa000-0x92dfbfff]
[    1.719551] pci 0000:00:11.5: reg 0x14: [mem 0x92e05000-0x92e050ff]
[    1.719558] pci 0000:00:11.5: reg 0x18: [io  0x2068-0x206f]
[    1.719565] pci 0000:00:11.5: reg 0x1c: [io  0x2074-0x2077]
[    1.719573] pci 0000:00:11.5: reg 0x20: [io  0x2040-0x205f]
[    1.719580] pci 0000:00:11.5: reg 0x24: [mem 0x92b80000-0x92bfffff]
[    1.719617] pci 0000:00:11.5: PME# supported from D3hot
[    1.721144] pci 0000:00:14.0: [8086:a1af] type 00 class 0x0c0330
[    1.721162] pci 0000:00:14.0: reg 0x10: [mem 0x92de0000-0x92deffff 64bit]
[    1.721224] pci 0000:00:14.0: PME# supported from D3hot D3cold
[    1.722770] pci 0000:00:14.2: [8086:a1b1] type 00 class 0x118000
[    1.722787] pci 0000:00:14.2: reg 0x10: [mem 0x92e02000-0x92e02fff 64bit]
[    1.724232] pci 0000:00:16.0: [8086:a1ba] type 00 class 0x078000
[    1.724255] pci 0000:00:16.0: reg 0x10: [mem 0x92e01000-0x92e01fff 64bit]
[    1.724340] pci 0000:00:16.0: PME# supported from D3hot
[    1.725721] pci 0000:00:16.1: [8086:a1bb] type 00 class 0x078000
[    1.725744] pci 0000:00:16.1: reg 0x10: [mem 0x92e00000-0x92e00fff 64bit]
[    1.725828] pci 0000:00:16.1: PME# supported from D3hot
[    1.727213] pci 0000:00:16.4: [8086:a1be] type 00 class 0x078000
[    1.727236] pci 0000:00:16.4: reg 0x10: [mem 0x92dff000-0x92dfffff 64bit]
[    1.727319] pci 0000:00:16.4: PME# supported from D3hot
[    1.728706] pci 0000:00:17.0: [8086:a182] type 00 class 0x010601
[    1.728719] pci 0000:00:17.0: reg 0x10: [mem 0x92df8000-0x92df9fff]
[    1.728726] pci 0000:00:17.0: reg 0x14: [mem 0x92e04000-0x92e040ff]
[    1.728733] pci 0000:00:17.0: reg 0x18: [io  0x2060-0x2067]
[    1.728741] pci 0000:00:17.0: reg 0x1c: [io  0x2070-0x2073]
[    1.728748] pci 0000:00:17.0: reg 0x20: [io  0x2020-0x203f]
[    1.728755] pci 0000:00:17.0: reg 0x24: [mem 0x92b00000-0x92b7ffff]
[    1.728792] pci 0000:00:17.0: PME# supported from D3hot
[    1.730315] pci 0000:00:1c.0: [8086:a190] type 01 class 0x060400
[    1.730389] pci 0000:00:1c.0: PME# supported from D0 D3hot D3cold
[    1.732347] pci 0000:00:1c.4: [8086:a194] type 01 class 0x060400
[    1.732416] pci 0000:00:1c.4: PME# supported from D0 D3hot D3cold
[    1.734343] pci 0000:00:1c.5: [8086:a195] type 01 class 0x060400
[    1.734413] pci 0000:00:1c.5: PME# supported from D0 D3hot D3cold
[    1.736349] pci 0000:00:1f.0: [8086:a1cb] type 00 class 0x060100
[    1.737954] pci 0000:00:1f.2: [8086:a1a1] type 00 class 0x058000
[    1.737969] pci 0000:00:1f.2: reg 0x10: [mem 0x92df4000-0x92df7fff]
[    1.739523] pci 0000:00:1f.4: [8086:a1a3] type 00 class 0x0c0500
[    1.739542] pci 0000:00:1f.4: reg 0x10: [mem 0x92dfe000-0x92dfe0ff 64bit]
[    1.739565] pci 0000:00:1f.4: reg 0x20: [io  0x2000-0x201f]
[    1.740952] pci 0000:00:1f.5: [8086:a1a4] type 00 class 0x0c8000
[    1.740967] pci 0000:00:1f.5: reg 0x10: [mem 0xfe010000-0xfe010fff]
[    1.741090] pci 0000:00:1c.0: PCI bridge to [bus 01]
[    1.741143] pci 0000:02:00.0: [1556:be00] type 01 class 0x060400
[    1.741315] pci 0000:00:1c.4: PCI bridge to [bus 02-03]
[    1.741319] pci 0000:00:1c.4:   bridge window [mem 0x92000000-0x928fffff]
[    1.741323] pci 0000:00:1c.4:   bridge window [mem 0x91000000-0x91ffffff 64bit pref]
[    1.741355] pci_bus 0000:03: extended config space not accessible
[    1.741371] pci 0000:03:00.0: [102b:0536] type 00 class 0x030000
[    1.741391] pci 0000:03:00.0: reg 0x10: [mem 0x91000000-0x91ffffff pref]
[    1.741402] pci 0000:03:00.0: reg 0x14: [mem 0x92808000-0x9280bfff]
[    1.741412] pci 0000:03:00.0: reg 0x18: [mem 0x92000000-0x927fffff]
[    1.741459] pci 0000:03:00.0: BAR 0: assigned to efifb
[    1.741558] pci 0000:02:00.0: PCI bridge to [bus 03]
[    1.741567] pci 0000:02:00.0:   bridge window [mem 0x92000000-0x928fffff]
[    1.741572] pci 0000:02:00.0:   bridge window [mem 0x91000000-0x91ffffff 64bit pref]
[    1.741649] pci 0000:04:00.0: [14e4:165f] type 00 class 0x020000
[    1.741672] pci 0000:04:00.0: reg 0x10: [mem 0x92930000-0x9293ffff 64bit pref]
[    1.741688] pci 0000:04:00.0: reg 0x18: [mem 0x92940000-0x9294ffff 64bit pref]
[    1.741704] pci 0000:04:00.0: reg 0x20: [mem 0x92950000-0x9295ffff 64bit pref]
[    1.741714] pci 0000:04:00.0: reg 0x30: [mem 0xfffc0000-0xffffffff pref]
[    1.741808] pci 0000:04:00.0: PME# supported from D0 D3hot D3cold
[    1.741861] pci 0000:04:00.0: 4.000 Gb/s available PCIe bandwidth, limited by 5.0 GT/s PCIe x1 link at 0000:00:1c.5 (capable of 8.000 Gb/s with 5.0 GT/s PCIe x2 link)
[    1.742404] pci 0000:04:00.1: [14e4:165f] type 00 class 0x020000
[    1.742428] pci 0000:04:00.1: reg 0x10: [mem 0x92900000-0x9290ffff 64bit pref]
[    1.742444] pci 0000:04:00.1: reg 0x18: [mem 0x92910000-0x9291ffff 64bit pref]
[    1.742459] pci 0000:04:00.1: reg 0x20: [mem 0x92920000-0x9292ffff 64bit pref]
[    1.742470] pci 0000:04:00.1: reg 0x30: [mem 0xfffc0000-0xffffffff pref]
[    1.742564] pci 0000:04:00.1: PME# supported from D0 D3hot D3cold
[    1.743114] pci 0000:00:1c.5: PCI bridge to [bus 04]
[    1.743121] pci 0000:00:1c.5:   bridge window [mem 0x92900000-0x929fffff 64bit pref]
[    1.743135] pci_bus 0000:00: on NUMA node 0
[    1.743704] ACPI: PCI Root Bridge [PC01] (domain 0000 [bus 16-2f])
[    1.743707] acpi PNP0A08:01: _OSC: OS supports [ExtendedConfig ASPM ClockPM Segments MSI HPX-Type3]
[    1.757928] acpi PNP0A08:01: _OSC: platform does not support [SHPCHotplug AER]
[    1.758153] acpi PNP0A08:01: _OSC: OS now controls [PCIeHotplug PME PCIeCapability LTR]
[    1.758154] acpi PNP0A08:01: FADT indicates ASPM is unsupported, using BIOS configuration
[    1.758302] PCI host bridge to bus 0000:16
[    1.758303] pci_bus 0000:16: root bus resource [io  0x5000-0x6fff window]
[    1.758305] pci_bus 0000:16: root bus resource [mem 0x9b800000-0xa63fffff window]
[    1.758306] pci_bus 0000:16: root bus resource [mem 0x210000000000-0x21ffffffffff window]
[    1.758308] pci_bus 0000:16: root bus resource [bus 16-2f]
[    1.758323] pci 0000:16:00.0: [8086:09a2] type 00 class 0x088000
[    1.758403] pci 0000:16:00.1: [8086:09a4] type 00 class 0x088000
[    1.758475] pci 0000:16:00.2: [8086:09a3] type 00 class 0x088000
[    1.758545] pci 0000:16:00.4: [8086:0998] type 00 class 0x060000
[    1.758622] pci 0000:16:02.0: [8086:347a] type 01 class 0x060400
[    1.758631] pci 0000:16:02.0: reg 0x10: [mem 0x21fffff00000-0x21fffff1ffff 64bit]
[    1.758669] pci 0000:16:02.0: PME# supported from D0 D3hot D3cold
[    1.759576] pci 0000:17:00.0: [1000:10e2] type 00 class 0x010400
[    1.759589] pci 0000:17:00.0: reg 0x10: [mem 0x9b800000-0x9b8fffff 64bit pref]
[    1.759597] pci 0000:17:00.0: reg 0x18: [mem 0x9b900000-0x9b9fffff 64bit pref]
[    1.759603] pci 0000:17:00.0: reg 0x20: [mem 0x9ba00000-0x9bafffff]
[    1.759609] pci 0000:17:00.0: reg 0x24: [io  0x5000-0x50ff]
[    1.759614] pci 0000:17:00.0: reg 0x30: [mem 0xfff00000-0xffffffff pref]
[    1.760685] pci 0000:17:00.0: supports D1 D2
[    1.760752] pci 0000:16:02.0: PCI bridge to [bus 17]
[    1.760754] pci 0000:16:02.0:   bridge window [io  0x5000-0x5fff]
[    1.760756] pci 0000:16:02.0:   bridge window [mem 0x9ba00000-0x9bafffff]
[    1.760759] pci 0000:16:02.0:   bridge window [mem 0x9b800000-0x9b9fffff 64bit pref]
[    1.760765] pci_bus 0000:16: on NUMA node 0
[    1.760843] ACPI: PCI Root Bridge [PC02] (domain 0000 [bus 30-49])
[    1.760846] acpi PNP0A08:02: _OSC: OS supports [ExtendedConfig ASPM ClockPM Segments MSI HPX-Type3]
[    1.774561] acpi PNP0A08:02: _OSC: platform does not support [SHPCHotplug AER]
[    1.774764] acpi PNP0A08:02: _OSC: OS now controls [PCIeHotplug PME PCIeCapability LTR]
[    1.774765] acpi PNP0A08:02: FADT indicates ASPM is unsupported, using BIOS configuration
[    1.774881] PCI host bridge to bus 0000:30
[    1.774882] pci_bus 0000:30: root bus resource [io  0x7000-0x8fff window]
[    1.774884] pci_bus 0000:30: root bus resource [mem 0xa6400000-0xb0ffffff window]
[    1.774885] pci_bus 0000:30: root bus resource [mem 0x220000000000-0x22ffffffffff window]
[    1.774886] pci_bus 0000:30: root bus resource [bus 30-49]
[    1.774900] pci 0000:30:00.0: [8086:09a2] type 00 class 0x088000
[    1.774974] pci 0000:30:00.1: [8086:09a4] type 00 class 0x088000
[    1.775048] pci 0000:30:00.2: [8086:09a3] type 00 class 0x088000
[    1.775117] pci 0000:30:00.4: [8086:0998] type 00 class 0x060000
[    1.775187] pci_bus 0000:30: on NUMA node 0
[    1.775287] ACPI: PCI Root Bridge [PC04] (domain 0000 [bus 4a-63])
[    1.775290] acpi PNP0A08:04: _OSC: OS supports [ExtendedConfig ASPM ClockPM Segments MSI HPX-Type3]
[    1.788987] acpi PNP0A08:04: _OSC: platform does not support [SHPCHotplug AER]
[    1.789190] acpi PNP0A08:04: _OSC: OS now controls [PCIeHotplug PME PCIeCapability LTR]
[    1.789191] acpi PNP0A08:04: FADT indicates ASPM is unsupported, using BIOS configuration
[    1.789305] PCI host bridge to bus 0000:4a
[    1.789306] pci_bus 0000:4a: root bus resource [io  0x9000-0x9fff window]
[    1.789307] pci_bus 0000:4a: root bus resource [mem 0xb1000000-0xbbbfffff window]
[    1.789309] pci_bus 0000:4a: root bus resource [mem 0x230000000000-0x23ffffffffff window]
[    1.789310] pci_bus 0000:4a: root bus resource [bus 4a-63]
[    1.789323] pci 0000:4a:00.0: [8086:09a2] type 00 class 0x088000
[    1.789393] pci 0000:4a:00.1: [8086:09a4] type 00 class 0x088000
[    1.789462] pci 0000:4a:00.2: [8086:09a3] type 00 class 0x088000
[    1.789530] pci 0000:4a:00.4: [8086:0998] type 00 class 0x060000
[    1.789599] pci_bus 0000:4a: on NUMA node 0
[    1.789670] ACPI: PCI Root Bridge [PC05] (domain 0000 [bus 64-7d])
[    1.789672] acpi PNP0A08:05: _OSC: OS supports [ExtendedConfig ASPM ClockPM Segments MSI HPX-Type3]
[    1.803361] acpi PNP0A08:05: _OSC: platform does not support [SHPCHotplug AER]
[    1.803563] acpi PNP0A08:05: _OSC: OS now controls [PCIeHotplug PME PCIeCapability LTR]
[    1.803564] acpi PNP0A08:05: FADT indicates ASPM is unsupported, using BIOS configuration
[    1.803675] PCI host bridge to bus 0000:64
[    1.803676] pci_bus 0000:64: root bus resource [io  0xa000-0xafff window]
[    1.803677] pci_bus 0000:64: root bus resource [mem 0xbbc00000-0xc5ffffff window]
[    1.803678] pci_bus 0000:64: root bus resource [mem 0x240000000000-0x24ffffffffff window]
[    1.803680] pci_bus 0000:64: root bus resource [bus 64-7d]
[    1.803693] pci 0000:64:00.0: [8086:09a2] type 00 class 0x088000
[    1.803763] pci 0000:64:00.1: [8086:09a4] type 00 class 0x088000
[    1.803835] pci 0000:64:00.2: [8086:09a3] type 00 class 0x088000
[    1.803903] pci 0000:64:00.4: [8086:0998] type 00 class 0x060000
[    1.803977] pci_bus 0000:64: on NUMA node 0
[    1.804043] ACPI: PCI Root Bridge [UC06] (domain 0000 [bus 7e])
[    1.804045] acpi PNP0A03:00: _OSC: OS supports [ExtendedConfig ASPM ClockPM Segments MSI HPX-Type3]
[    1.804212] acpi PNP0A03:00: _OSC: platform does not support [SHPCHotplug AER LTR]
[    1.804382] acpi PNP0A03:00: _OSC: OS now controls [PCIeHotplug PME PCIeCapability]
[    1.804383] acpi PNP0A03:00: FADT indicates ASPM is unsupported, using BIOS configuration
[    1.804508] PCI host bridge to bus 0000:7e
[    1.804509] pci_bus 0000:7e: root bus resource [bus 7e]
[    1.804543] pci 0000:7e:00.0: [8086:3450] type 00 class 0x088000
[    1.804625] pci 0000:7e:00.1: [8086:3451] type 00 class 0x088000
[    1.804715] pci 0000:7e:00.2: [8086:3452] type 00 class 0x088000
[    1.804794] pci 0000:7e:00.3: [8086:0998] type 00 class 0x060000
[    1.804873] pci 0000:7e:00.5: [8086:3455] type 00 class 0x088000
[    1.804972] pci 0000:7e:02.0: [8086:3440] type 00 class 0x088000
[    1.805113] pci 0000:7e:02.1: [8086:3441] type 00 class 0x088000
[    1.805245] pci 0000:7e:02.2: [8086:3442] type 00 class 0x088000
[    1.805388] pci 0000:7e:03.0: [8086:3440] type 00 class 0x088000
[    1.805490] pci 0000:7e:03.1: [8086:3441] type 00 class 0x088000
[    1.805587] pci 0000:7e:03.2: [8086:3442] type 00 class 0x088000
[    1.805693] pci 0000:7e:04.0: [8086:3440] type 00 class 0x088000
[    1.805835] pci 0000:7e:04.1: [8086:3441] type 00 class 0x088000
[    1.805975] pci 0000:7e:04.2: [8086:3442] type 00 class 0x088000
[    1.806117] pci 0000:7e:04.3: [8086:3443] type 00 class 0x088000
[    1.806271] pci 0000:7e:05.0: [8086:3445] type 00 class 0x088000
[    1.806407] pci 0000:7e:05.1: [8086:3446] type 00 class 0x088000
[    1.806542] pci 0000:7e:05.2: [8086:3447] type 00 class 0x088000
[    1.806688] pci 0000:7e:06.0: [8086:3445] type 00 class 0x088000
[    1.806790] pci 0000:7e:06.1: [8086:3446] type 00 class 0x088000
[    1.806891] pci 0000:7e:06.2: [8086:3447] type 00 class 0x088000
[    1.807013] pci 0000:7e:07.0: [8086:3445] type 00 class 0x088000
[    1.807164] pci 0000:7e:07.1: [8086:3446] type 00 class 0x088000
[    1.807310] pci 0000:7e:07.2: [8086:3447] type 00 class 0x088000
[    1.807461] pci 0000:7e:0b.0: [8086:3448] type 00 class 0x088000
[    1.807550] pci 0000:7e:0b.1: [8086:3448] type 00 class 0x088000
[    1.807637] pci 0000:7e:0b.2: [8086:344b] type 00 class 0x088000
[    1.807743] pci 0000:7e:0c.0: [8086:344a] type 00 class 0x110100
[    1.807868] pci 0000:7e:0d.0: [8086:344a] type 00 class 0x110100
[    1.807979] pci 0000:7e:0e.0: [8086:344a] type 00 class 0x110100
[    1.808154] pci 0000:7e:0f.0: [8086:344a] type 00 class 0x110100
[    1.808345] pci 0000:7e:1a.0: [8086:2880] type 00 class 0x110100
[    1.808470] pci 0000:7e:1b.0: [8086:2880] type 00 class 0x110100
[    1.808578] pci 0000:7e:1c.0: [8086:2880] type 00 class 0x110100
[    1.808751] pci 0000:7e:1d.0: [8086:2880] type 00 class 0x110100
[    1.808910] pci_bus 0000:7e: on NUMA node 0
[    1.808987] ACPI: PCI Root Bridge [UC07] (domain 0000 [bus 7f])
[    1.808990] acpi PNP0A03:01: _OSC: OS supports [ExtendedConfig ASPM ClockPM Segments MSI HPX-Type3]
[    1.809159] acpi PNP0A03:01: _OSC: platform does not support [SHPCHotplug AER LTR]
[    1.809329] acpi PNP0A03:01: _OSC: OS now controls [PCIeHotplug PME PCIeCapability]
[    1.809331] acpi PNP0A03:01: FADT indicates ASPM is unsupported, using BIOS configuration
[    1.809466] PCI host bridge to bus 0000:7f
[    1.809468] pci_bus 0000:7f: root bus resource [bus 7f]
[    1.809509] pci 0000:7f:00.0: [8086:344c] type 00 class 0x088000
[    1.809634] pci 0000:7f:00.1: [8086:344c] type 00 class 0x088000
[    1.809778] pci 0000:7f:00.2: [8086:344c] type 00 class 0x088000
[    1.809920] pci 0000:7f:00.3: [8086:344c] type 00 class 0x088000
[    1.810035] pci 0000:7f:00.4: [8086:344c] type 00 class 0x088000
[    1.810180] pci 0000:7f:00.5: [8086:344c] type 00 class 0x088000
[    1.810321] pci 0000:7f:00.6: [8086:344c] type 00 class 0x088000
[    1.810423] pci 0000:7f:00.7: [8086:344c] type 00 class 0x088000
[    1.810546] pci 0000:7f:01.0: [8086:344c] type 00 class 0x088000
[    1.810698] pci 0000:7f:01.1: [8086:344c] type 00 class 0x088000
[    1.810845] pci 0000:7f:01.2: [8086:344c] type 00 class 0x088000
[    1.810953] pci 0000:7f:01.3: [8086:344c] type 00 class 0x088000
[    1.811110] pci 0000:7f:01.4: [8086:344c] type 00 class 0x088000
[    1.811268] pci 0000:7f:01.5: [8086:344c] type 00 class 0x088000
[    1.811429] pci 0000:7f:01.6: [8086:344c] type 00 class 0x088000
[    1.811575] pci 0000:7f:01.7: [8086:344c] type 00 class 0x088000
[    1.811743] pci 0000:7f:02.0: [8086:344c] type 00 class 0x088000
[    1.811898] pci 0000:7f:02.1: [8086:344c] type 00 class 0x088000
[    1.812055] pci 0000:7f:02.2: [8086:344c] type 00 class 0x088000
[    1.812218] pci 0000:7f:02.3: [8086:344c] type 00 class 0x088000
[    1.812384] pci 0000:7f:02.4: [8086:344c] type 00 class 0x088000
[    1.812545] pci 0000:7f:02.5: [8086:344c] type 00 class 0x088000
[    1.812709] pci 0000:7f:02.6: [8086:344c] type 00 class 0x088000
[    1.812882] pci 0000:7f:02.7: [8086:344c] type 00 class 0x088000
[    1.813067] pci 0000:7f:03.0: [8086:344c] type 00 class 0x088000
[    1.813237] pci 0000:7f:03.1: [8086:344c] type 00 class 0x088000
[    1.813416] pci 0000:7f:03.2: [8086:344c] type 00 class 0x088000
[    1.813598] pci 0000:7f:03.3: [8086:344c] type 00 class 0x088000
[    1.813796] pci 0000:7f:0a.0: [8086:344d] type 00 class 0x088000
[    1.813919] pci 0000:7f:0a.1: [8086:344d] type 00 class 0x088000
[    1.814055] pci 0000:7f:0a.2: [8086:344d] type 00 class 0x088000
[    1.814192] pci 0000:7f:0a.3: [8086:344d] type 00 class 0x088000
[    1.814306] pci 0000:7f:0a.4: [8086:344d] type 00 class 0x088000
[    1.814452] pci 0000:7f:0a.5: [8086:344d] type 00 class 0x088000
[    1.814593] pci 0000:7f:0a.6: [8086:344d] type 00 class 0x088000
[    1.814702] pci 0000:7f:0a.7: [8086:344d] type 00 class 0x088000
[    1.814825] pci 0000:7f:0b.0: [8086:344d] type 00 class 0x088000
[    1.814984] pci 0000:7f:0b.1: [8086:344d] type 00 class 0x088000
[    1.815131] pci 0000:7f:0b.2: [8086:344d] type 00 class 0x088000
[    1.815235] pci 0000:7f:0b.3: [8086:344d] type 00 class 0x088000
[    1.815392] pci 0000:7f:0b.4: [8086:344d] type 00 class 0x088000
[    1.815551] pci 0000:7f:0b.5: [8086:344d] type 00 class 0x088000
[    1.815712] pci 0000:7f:0b.6: [8086:344d] type 00 class 0x088000
[    1.815864] pci 0000:7f:0b.7: [8086:344d] type 00 class 0x088000
[    1.816033] pci 0000:7f:0c.0: [8086:344d] type 00 class 0x088000
[    1.816189] pci 0000:7f:0c.1: [8086:344d] type 00 class 0x088000
[    1.816345] pci 0000:7f:0c.2: [8086:344d] type 00 class 0x088000
[    1.816503] pci 0000:7f:0c.3: [8086:344d] type 00 class 0x088000
[    1.816670] pci 0000:7f:0c.4: [8086:344d] type 00 class 0x088000
[    1.816833] pci 0000:7f:0c.5: [8086:344d] type 00 class 0x088000
[    1.816997] pci 0000:7f:0c.6: [8086:344d] type 00 class 0x088000
[    1.817176] pci 0000:7f:0c.7: [8086:344d] type 00 class 0x088000
[    1.817362] pci 0000:7f:0d.0: [8086:344d] type 00 class 0x088000
[    1.817532] pci 0000:7f:0d.1: [8086:344d] type 00 class 0x088000
[    1.817710] pci 0000:7f:0d.2: [8086:344d] type 00 class 0x088000
[    1.817885] pci 0000:7f:0d.3: [8086:344d] type 00 class 0x088000
[    1.818094] pci 0000:7f:1d.0: [8086:344f] type 00 class 0x088000
[    1.818226] pci 0000:7f:1d.1: [8086:3457] type 00 class 0x088000
[    1.818371] pci 0000:7f:1e.0: [8086:3458] type 00 class 0x088000
[    1.818467] pci 0000:7f:1e.1: [8086:3459] type 00 class 0x088000
[    1.818555] pci 0000:7f:1e.2: [8086:345a] type 00 class 0x088000
[    1.818644] pci 0000:7f:1e.3: [8086:345b] type 00 class 0x088000
[    1.818732] pci 0000:7f:1e.4: [8086:345c] type 00 class 0x088000
[    1.818819] pci 0000:7f:1e.5: [8086:345d] type 00 class 0x088000
[    1.818907] pci 0000:7f:1e.6: [8086:345e] type 00 class 0x088000
[    1.818994] pci 0000:7f:1e.7: [8086:345f] type 00 class 0x088000
[    1.819068] pci_bus 0000:7f: on NUMA node 0
[    1.819164] ACPI: PCI Root Bridge [PC06] (domain 0000 [bus 80])
[    1.819166] acpi PNP0A08:06: _OSC: OS supports [ExtendedConfig ASPM ClockPM Segments MSI HPX-Type3]
[    1.832896] acpi PNP0A08:06: _OSC: platform does not support [SHPCHotplug AER]
[    1.833098] acpi PNP0A08:06: _OSC: OS now controls [PCIeHotplug PME PCIeCapability LTR]
[    1.833099] acpi PNP0A08:06: FADT indicates ASPM is unsupported, using BIOS configuration
[    1.833239] PCI host bridge to bus 0000:80
[    1.833240] pci_bus 0000:80: root bus resource [io  0xb000-0xbfff window]
[    1.833242] pci_bus 0000:80: root bus resource [mem 0xc6800000-0xd0ffffff window]
[    1.833243] pci_bus 0000:80: root bus resource [mem 0x250000000000-0x25ffffffffff window]
[    1.833244] pci_bus 0000:80: root bus resource [bus 80]
[    1.833276] pci 0000:80:00.0: [8086:09a2] type 00 class 0x088000
[    1.833370] pci 0000:80:00.1: [8086:09a4] type 00 class 0x088000
[    1.833459] pci 0000:80:00.2: [8086:09a3] type 00 class 0x088000
[    1.833549] pci 0000:80:00.4: [8086:0998] type 00 class 0x060000
[    1.833639] pci 0000:80:02.0: [8086:09a6] type 00 class 0x088000
[    1.833647] pci 0000:80:02.0: reg 0x10: [mem 0xc6aa4000-0xc6aa5fff]
[    1.833726] pci 0000:80:02.1: [8086:09a7] type 00 class 0x088000
[    1.833734] pci 0000:80:02.1: reg 0x10: [mem 0xc6a00000-0xc6a7ffff]
[    1.833740] pci 0000:80:02.1: reg 0x14: [mem 0xc6980000-0xc69fffff]
[    1.833827] pci 0000:80:02.4: [8086:3456] type 00 class 0x130000
[    1.833837] pci 0000:80:02.4: reg 0x10: [mem 0xc6800000-0xc68fffff 64bit]
[    1.833844] pci 0000:80:02.4: reg 0x18: [mem 0xc6aa0000-0xc6aa3fff 64bit]
[    1.833852] pci 0000:80:02.4: reg 0x20: [mem 0xc6a80000-0xc6a9ffff 64bit]
[    1.833913] pci_bus 0000:80: on NUMA node 1
[    1.833990] ACPI: PCI Root Bridge [PC07] (domain 0000 [bus 81])
[    1.833993] acpi PNP0A08:07: _OSC: OS supports [ExtendedConfig ASPM ClockPM Segments MSI HPX-Type3]
[    1.847683] acpi PNP0A08:07: _OSC: platform does not support [SHPCHotplug AER]
[    1.847886] acpi PNP0A08:07: _OSC: OS now controls [PCIeHotplug PME PCIeCapability LTR]
[    1.847887] acpi PNP0A08:07: FADT indicates ASPM is unsupported, using BIOS configuration
[    1.848001] PCI host bridge to bus 0000:81
[    1.848002] pci_bus 0000:81: root bus resource [io  0xc000-0xcfff window]
[    1.848003] pci_bus 0000:81: root bus resource [mem 0xd1000000-0xdbbfffff window]
[    1.848005] pci_bus 0000:81: root bus resource [mem 0x260000000000-0x26ffffffffff window]
[    1.848006] pci_bus 0000:81: root bus resource [bus 81]
[    1.848020] pci 0000:81:00.0: [8086:09a2] type 00 class 0x088000
[    1.848098] pci 0000:81:00.1: [8086:09a4] type 00 class 0x088000
[    1.848179] pci 0000:81:00.2: [8086:09a3] type 00 class 0x088000
[    1.848255] pci 0000:81:00.4: [8086:0998] type 00 class 0x060000
[    1.848335] pci_bus 0000:81: on NUMA node 1
[    1.848413] ACPI: PCI Root Bridge [PC08] (domain 0000 [bus 82])
[    1.848415] acpi PNP0A08:08: _OSC: OS supports [ExtendedConfig ASPM ClockPM Segments MSI HPX-Type3]
[    1.862184] acpi PNP0A08:08: _OSC: platform does not support [SHPCHotplug AER]
[    1.862386] acpi PNP0A08:08: _OSC: OS now controls [PCIeHotplug PME PCIeCapability LTR]
[    1.862388] acpi PNP0A08:08: FADT indicates ASPM is unsupported, using BIOS configuration
[    1.862498] PCI host bridge to bus 0000:82
[    1.862499] pci_bus 0000:82: root bus resource [io  0xd000-0xdfff window]
[    1.862500] pci_bus 0000:82: root bus resource [mem 0xdbc00000-0xe67fffff window]
[    1.862501] pci_bus 0000:82: root bus resource [mem 0x270000000000-0x27ffffffffff window]
[    1.862503] pci_bus 0000:82: root bus resource [bus 82]
[    1.862517] pci 0000:82:00.0: [8086:09a2] type 00 class 0x088000
[    1.862592] pci 0000:82:00.1: [8086:09a4] type 00 class 0x088000
[    1.862667] pci 0000:82:00.2: [8086:09a3] type 00 class 0x088000
[    1.862742] pci 0000:82:00.4: [8086:0998] type 00 class 0x060000
[    1.862821] pci_bus 0000:82: on NUMA node 1
[    1.862919] ACPI: PCI Root Bridge [PC10] (domain 0000 [bus 83-f9])
[    1.862921] acpi PNP0A08:0a: _OSC: OS supports [ExtendedConfig ASPM ClockPM Segments MSI HPX-Type3]
[    1.876612] acpi PNP0A08:0a: _OSC: platform does not support [SHPCHotplug AER]
[    1.876814] acpi PNP0A08:0a: _OSC: OS now controls [PCIeHotplug PME PCIeCapability LTR]
[    1.876815] acpi PNP0A08:0a: FADT indicates ASPM is unsupported, using BIOS configuration
[    1.876935] PCI host bridge to bus 0000:83
[    1.876936] pci_bus 0000:83: root bus resource [io  0xe000-0xefff window]
[    1.876937] pci_bus 0000:83: root bus resource [mem 0xe6800000-0xf13fffff window]
[    1.876938] pci_bus 0000:83: root bus resource [mem 0x280000000000-0x28ffffffffff window]
[    1.876940] pci_bus 0000:83: root bus resource [bus 83-f9]
[    1.876954] pci 0000:83:00.0: [8086:09a2] type 00 class 0x088000
[    1.877033] pci 0000:83:00.1: [8086:09a4] type 00 class 0x088000
[    1.877113] pci 0000:83:00.2: [8086:09a3] type 00 class 0x088000
[    1.877191] pci 0000:83:00.4: [8086:0998] type 00 class 0x060000
[    1.877273] pci_bus 0000:83: on NUMA node 1
[    1.877343] ACPI: PCI Root Bridge [PC11] (domain 0000 [bus fa])
[    1.877345] acpi PNP0A08:0b: _OSC: OS supports [ExtendedConfig ASPM ClockPM Segments MSI HPX-Type3]
[    1.891036] acpi PNP0A08:0b: _OSC: platform does not support [SHPCHotplug AER]
[    1.891238] acpi PNP0A08:0b: _OSC: OS now controls [PCIeHotplug PME PCIeCapability LTR]
[    1.891239] acpi PNP0A08:0b: FADT indicates ASPM is unsupported, using BIOS configuration
[    1.891349] PCI host bridge to bus 0000:fa
[    1.891350] pci_bus 0000:fa: root bus resource [io  0xf000-0xffff window]
[    1.891351] pci_bus 0000:fa: root bus resource [mem 0xf1400000-0xfb7fffff window]
[    1.891352] pci_bus 0000:fa: root bus resource [mem 0x290000000000-0x29ffffffffff window]
[    1.891353] pci_bus 0000:fa: root bus resource [bus fa]
[    1.891368] pci 0000:fa:00.0: [8086:09a2] type 00 class 0x088000
[    1.891444] pci 0000:fa:00.1: [8086:09a4] type 00 class 0x088000
[    1.891520] pci 0000:fa:00.2: [8086:09a3] type 00 class 0x088000
[    1.891596] pci 0000:fa:00.4: [8086:0998] type 00 class 0x060000
[    1.891677] pci_bus 0000:fa: on NUMA node 1
[    1.891740] ACPI: PCI Root Bridge [UC16] (domain 0000 [bus fe])
[    1.891742] acpi PNP0A03:02: _OSC: OS supports [ExtendedConfig ASPM ClockPM Segments MSI HPX-Type3]
[    1.891907] acpi PNP0A03:02: _OSC: platform does not support [SHPCHotplug AER LTR]
[    1.892080] acpi PNP0A03:02: _OSC: OS now controls [PCIeHotplug PME PCIeCapability]
[    1.892081] acpi PNP0A03:02: FADT indicates ASPM is unsupported, using BIOS configuration
[    1.892204] PCI host bridge to bus 0000:fe
[    1.892205] pci_bus 0000:fe: root bus resource [bus fe]
[    1.892237] pci 0000:fe:00.0: [8086:3450] type 00 class 0x088000
[    1.892323] pci 0000:fe:00.1: [8086:3451] type 00 class 0x088000
[    1.892408] pci 0000:fe:00.2: [8086:3452] type 00 class 0x088000
[    1.892490] pci 0000:fe:00.3: [8086:0998] type 00 class 0x060000
[    1.892571] pci 0000:fe:00.5: [8086:3455] type 00 class 0x088000
[    1.892672] pci 0000:fe:02.0: [8086:3440] type 00 class 0x088000
[    1.892814] pci 0000:fe:02.1: [8086:3441] type 00 class 0x088000
[    1.892949] pci 0000:fe:02.2: [8086:3442] type 00 class 0x088000
[    1.893094] pci 0000:fe:03.0: [8086:3440] type 00 class 0x088000
[    1.893201] pci 0000:fe:03.1: [8086:3441] type 00 class 0x088000
[    1.893307] pci 0000:fe:03.2: [8086:3442] type 00 class 0x088000
[    1.893417] pci 0000:fe:04.0: [8086:3440] type 00 class 0x088000
[    1.893563] pci 0000:fe:04.1: [8086:3441] type 00 class 0x088000
[    1.893705] pci 0000:fe:04.2: [8086:3442] type 00 class 0x088000
[    1.893847] pci 0000:fe:04.3: [8086:3443] type 00 class 0x088000
[    1.894004] pci 0000:fe:05.0: [8086:3445] type 00 class 0x088000
[    1.894149] pci 0000:fe:05.1: [8086:3446] type 00 class 0x088000
[    1.894289] pci 0000:fe:05.2: [8086:3447] type 00 class 0x088000
[    1.894444] pci 0000:fe:06.0: [8086:3445] type 00 class 0x088000
[    1.894550] pci 0000:fe:06.1: [8086:3446] type 00 class 0x088000
[    1.894654] pci 0000:fe:06.2: [8086:3447] type 00 class 0x088000
[    1.894777] pci 0000:fe:07.0: [8086:3445] type 00 class 0x088000
[    1.894928] pci 0000:fe:07.1: [8086:3446] type 00 class 0x088000
[    1.895074] pci 0000:fe:07.2: [8086:3447] type 00 class 0x088000
[    1.895228] pci 0000:fe:0b.0: [8086:3448] type 00 class 0x088000
[    1.895318] pci 0000:fe:0b.1: [8086:3448] type 00 class 0x088000
[    1.895411] pci 0000:fe:0b.2: [8086:344b] type 00 class 0x088000
[    1.895517] pci 0000:fe:0c.0: [8086:344a] type 00 class 0x110100
[    1.895646] pci 0000:fe:0d.0: [8086:344a] type 00 class 0x110100
[    1.895760] pci 0000:fe:0e.0: [8086:344a] type 00 class 0x110100
[    1.895932] pci 0000:fe:0f.0: [8086:344a] type 00 class 0x110100
[    1.896128] pci 0000:fe:1a.0: [8086:2880] type 00 class 0x110100
[    1.896254] pci 0000:fe:1b.0: [8086:2880] type 00 class 0x110100
[    1.896366] pci 0000:fe:1c.0: [8086:2880] type 00 class 0x110100
[    1.896548] pci 0000:fe:1d.0: [8086:2880] type 00 class 0x110100
[    1.896710] pci_bus 0000:fe: on NUMA node 1
[    1.896785] ACPI: PCI Root Bridge [UC17] (domain 0000 [bus ff])
[    1.896788] acpi PNP0A03:03: _OSC: OS supports [ExtendedConfig ASPM ClockPM Segments MSI HPX-Type3]
[    1.896953] acpi PNP0A03:03: _OSC: platform does not support [SHPCHotplug AER LTR]
[    1.897123] acpi PNP0A03:03: _OSC: OS now controls [PCIeHotplug PME PCIeCapability]
[    1.897124] acpi PNP0A03:03: FADT indicates ASPM is unsupported, using BIOS configuration
[    1.897259] PCI host bridge to bus 0000:ff
[    1.897260] pci_bus 0000:ff: root bus resource [bus ff]
[    1.897302] pci 0000:ff:00.0: [8086:344c] type 00 class 0x088000
[    1.897438] pci 0000:ff:00.1: [8086:344c] type 00 class 0x088000
[    1.897576] pci 0000:ff:00.2: [8086:344c] type 00 class 0x088000
[    1.897702] pci 0000:ff:00.3: [8086:344c] type 00 class 0x088000
[    1.897849] pci 0000:ff:00.4: [8086:344c] type 00 class 0x088000
[    1.897991] pci 0000:ff:00.5: [8086:344c] type 00 class 0x088000
[    1.898110] pci 0000:ff:00.6: [8086:344c] type 00 class 0x088000
[    1.898267] pci 0000:ff:00.7: [8086:344c] type 00 class 0x088000
[    1.898433] pci 0000:ff:01.0: [8086:344c] type 00 class 0x088000
[    1.898593] pci 0000:ff:01.1: [8086:344c] type 00 class 0x088000
[    1.898744] pci 0000:ff:01.2: [8086:344c] type 00 class 0x088000
[    1.898855] pci 0000:ff:01.3: [8086:344c] type 00 class 0x088000
[    1.899016] pci 0000:ff:01.4: [8086:344c] type 00 class 0x088000
[    1.899179] pci 0000:ff:01.5: [8086:344c] type 00 class 0x088000
[    1.899346] pci 0000:ff:01.6: [8086:344c] type 00 class 0x088000
[    1.899503] pci 0000:ff:01.7: [8086:344c] type 00 class 0x088000
[    1.899677] pci 0000:ff:02.0: [8086:344c] type 00 class 0x088000
[    1.899835] pci 0000:ff:02.1: [8086:344c] type 00 class 0x088000
[    1.899995] pci 0000:ff:02.2: [8086:344c] type 00 class 0x088000
[    1.900160] pci 0000:ff:02.3: [8086:344c] type 00 class 0x088000
[    1.900322] pci 0000:ff:02.4: [8086:344c] type 00 class 0x088000
[    1.900485] pci 0000:ff:02.5: [8086:344c] type 00 class 0x088000
[    1.900654] pci 0000:ff:02.6: [8086:344c] type 00 class 0x088000
[    1.900836] pci 0000:ff:02.7: [8086:344c] type 00 class 0x088000
[    1.901028] pci 0000:ff:03.0: [8086:344c] type 00 class 0x088000
[    1.901206] pci 0000:ff:03.1: [8086:344c] type 00 class 0x088000
[    1.901380] pci 0000:ff:03.2: [8086:344c] type 00 class 0x088000
[    1.901565] pci 0000:ff:03.3: [8086:344c] type 00 class 0x088000
[    1.901769] pci 0000:ff:0a.0: [8086:344d] type 00 class 0x088000
[    1.901897] pci 0000:ff:0a.1: [8086:344d] type 00 class 0x088000
[    1.902035] pci 0000:ff:0a.2: [8086:344d] type 00 class 0x088000
[    1.902165] pci 0000:ff:0a.3: [8086:344d] type 00 class 0x088000
[    1.902311] pci 0000:ff:0a.4: [8086:344d] type 00 class 0x088000
[    1.902452] pci 0000:ff:0a.5: [8086:344d] type 00 class 0x088000
[    1.902572] pci 0000:ff:0a.6: [8086:344d] type 00 class 0x088000
[    1.902724] pci 0000:ff:0a.7: [8086:344d] type 00 class 0x088000
[    1.902890] pci 0000:ff:0b.0: [8086:344d] type 00 class 0x088000
[    1.903047] pci 0000:ff:0b.1: [8086:344d] type 00 class 0x088000
[    1.903197] pci 0000:ff:0b.2: [8086:344d] type 00 class 0x088000
[    1.903311] pci 0000:ff:0b.3: [8086:344d] type 00 class 0x088000
[    1.903475] pci 0000:ff:0b.4: [8086:344d] type 00 class 0x088000
[    1.903638] pci 0000:ff:0b.5: [8086:344d] type 00 class 0x088000
[    1.903806] pci 0000:ff:0b.6: [8086:344d] type 00 class 0x088000
[    1.903959] pci 0000:ff:0b.7: [8086:344d] type 00 class 0x088000
[    1.904131] pci 0000:ff:0c.0: [8086:344d] type 00 class 0x088000
[    1.904290] pci 0000:ff:0c.1: [8086:344d] type 00 class 0x088000
[    1.904448] pci 0000:ff:0c.2: [8086:344d] type 00 class 0x088000
[    1.904616] pci 0000:ff:0c.3: [8086:344d] type 00 class 0x088000
[    1.904777] pci 0000:ff:0c.4: [8086:344d] type 00 class 0x088000
[    1.904941] pci 0000:ff:0c.5: [8086:344d] type 00 class 0x088000
[    1.905110] pci 0000:ff:0c.6: [8086:344d] type 00 class 0x088000
[    1.905278] pci 0000:ff:0c.7: [8086:344d] type 00 class 0x088000
[    1.905471] pci 0000:ff:0d.0: [8086:344d] type 00 class 0x088000
[    1.905649] pci 0000:ff:0d.1: [8086:344d] type 00 class 0x088000
[    1.905823] pci 0000:ff:0d.2: [8086:344d] type 00 class 0x088000
[    1.906011] pci 0000:ff:0d.3: [8086:344d] type 00 class 0x088000
[    1.906226] pci 0000:ff:1d.0: [8086:344f] type 00 class 0x088000
[    1.906364] pci 0000:ff:1d.1: [8086:3457] type 00 class 0x088000
[    1.906514] pci 0000:ff:1e.0: [8086:3458] type 00 class 0x088000
[    1.906608] pci 0000:ff:1e.1: [8086:3459] type 00 class 0x088000
[    1.906700] pci 0000:ff:1e.2: [8086:345a] type 00 class 0x088000
[    1.906790] pci 0000:ff:1e.3: [8086:345b] type 00 class 0x088000
[    1.906882] pci 0000:ff:1e.4: [8086:345c] type 00 class 0x088000
[    1.906977] pci 0000:ff:1e.5: [8086:345d] type 00 class 0x088000
[    1.907067] pci 0000:ff:1e.6: [8086:345e] type 00 class 0x088000
[    1.907158] pci 0000:ff:1e.7: [8086:345f] type 00 class 0x088000
[    1.907232] pci_bus 0000:ff: on NUMA node 1
[    1.912107] iommu: Default domain type: Translated 
[    1.912107] iommu: DMA domain TLB invalidation policy: lazy mode 
[    1.912114] pci 0000:03:00.0: vgaarb: setting as boot VGA device
[    1.912114] pci 0000:03:00.0: vgaarb: VGA device added: decodes=io+mem,owns=io+mem,locks=none
[    1.912151] pci 0000:03:00.0: vgaarb: bridge control possible
[    1.912152] vgaarb: loaded
[    1.912337] SCSI subsystem initialized
[    1.912368] libata version 3.00 loaded.
[    1.912368] ACPI: bus type USB registered
[    1.912368] usbcore: registered new interface driver usbfs
[    1.912368] usbcore: registered new interface driver hub
[    1.912368] usbcore: registered new device driver usb
[    1.912368] pps_core: LinuxPPS API ver. 1 registered
[    1.912368] pps_core: Software ver. 5.3.6 - Copyright 2005-2007 Rodolfo Giometti <giometti@linux.it>
[    1.912368] PTP clock support registered
[    1.912368] EDAC MC: Ver: 3.0.0
[    1.912713] Registered efivars operations
[    1.912713] NetLabel: Initializing
[    1.912713] NetLabel:  domain hash size = 128
[    1.912713] NetLabel:  protocols = UNLABELED CIPSOv4 CALIPSO
[    1.912713] NetLabel:  unlabeled traffic allowed by default
[    1.912713] PCI: Using ACPI for IRQ routing
[    1.913102] PCI: pci_cache_line_size set to 64 bytes
[    1.913651] e820: reserve RAM buffer [mem 0x0008f000-0x0008ffff]
[    1.913653] e820: reserve RAM buffer [mem 0x46cc5020-0x47ffffff]
[    1.913654] e820: reserve RAM buffer [mem 0x46cf7020-0x47ffffff]
[    1.913655] e820: reserve RAM buffer [mem 0x46d2a020-0x47ffffff]
[    1.913656] e820: reserve RAM buffer [mem 0x46d5d020-0x47ffffff]
[    1.913657] e820: reserve RAM buffer [mem 0x49e77000-0x4bffffff]
[    1.913658] e820: reserve RAM buffer [mem 0x4b2cf000-0x4bffffff]
[    1.913660] e820: reserve RAM buffer [mem 0x4bd94000-0x4bffffff]
[    1.913660] e820: reserve RAM buffer [mem 0x4ce00000-0x4fffffff]
[    1.913661] e820: reserve RAM buffer [mem 0x5eefe000-0x5fffffff]
[    1.913662] e820: reserve RAM buffer [mem 0x6f800000-0x6fffffff]
[    1.917401] hpet0: at MMIO 0xfed00000, IRQs 2, 8, 0, 0, 0, 0, 0, 0
[    1.917407] hpet0: 8 comparators, 64-bit 24.000000 MHz counter
[    1.922348] clocksource: Switched to clocksource tsc-early
[    1.928607] VFS: Disk quotas dquot_6.6.0
[    1.928644] VFS: Dquot-cache hash table entries: 512 (order 0, 4096 bytes)
[    1.928789] AppArmor: AppArmor Filesystem Enabled
[    1.928807] pnp: PnP ACPI init
[    1.944083] system 00:01: [io  0x0500-0x05fe] has been reserved
[    1.944086] system 00:01: [io  0x0400-0x041f] has been reserved
[    1.944088] system 00:01: [io  0x0600-0x061f] has been reserved
[    1.944089] system 00:01: [io  0x0ca0-0x0ca1] has been reserved
[    1.944094] system 00:01: [io  0x0ca4-0x0ca6] has been reserved
[    1.944096] system 00:01: [mem 0xff000000-0xffffffff] has been reserved
[    1.944671] system 00:04: [mem 0xfd000000-0xfdabffff] has been reserved
[    1.944673] system 00:04: [mem 0xfdad0000-0xfdadffff] has been reserved
[    1.944674] system 00:04: [mem 0xfdb00000-0xfdffffff] has been reserved
[    1.944676] system 00:04: [mem 0xfe000000-0xfe00ffff] has been reserved
[    1.944677] system 00:04: [mem 0xfe011000-0xfe01ffff] has been reserved
[    1.944679] system 00:04: [mem 0xfe036000-0xfe03bfff] has been reserved
[    1.944680] system 00:04: [mem 0xfe03d000-0xfe3fffff] has been reserved
[    1.944682] system 00:04: [mem 0xfe410000-0xfe7fffff] has been reserved
[    1.944993] system 00:05: [io  0x1000-0x10fe] has been reserved
[    1.945967] pnp: PnP ACPI: found 6 devices
[    1.951514] clocksource: acpi_pm: mask: 0xffffff max_cycles: 0xffffff, max_idle_ns: 2085701024 ns
[    1.951593] NET: Registered PF_INET protocol family
[    1.951932] IP idents hash table entries: 262144 (order: 9, 2097152 bytes, vmalloc)
[    1.954068] tcp_listen_portaddr_hash hash table entries: 16384 (order: 6, 262144 bytes, vmalloc)
[    1.954406] TCP established hash table entries: 262144 (order: 9, 2097152 bytes, vmalloc)
[    1.954798] TCP bind hash table entries: 65536 (order: 8, 1048576 bytes, vmalloc)
[    1.954861] TCP: Hash tables configured (established 262144 bind 65536)
[    1.955067] UDP hash table entries: 16384 (order: 7, 524288 bytes, vmalloc)
[    1.955177] UDP-Lite hash table entries: 16384 (order: 7, 524288 bytes, vmalloc)
[    1.955401] NET: Registered PF_UNIX/PF_LOCAL protocol family
[    1.955407] NET: Registered PF_XDP protocol family
[    1.955413] pci 0000:04:00.0: can't claim BAR 6 [mem 0xfffc0000-0xffffffff pref]: no compatible bridge window
[    1.955415] pci 0000:04:00.1: can't claim BAR 6 [mem 0xfffc0000-0xffffffff pref]: no compatible bridge window
[    1.955417] pci 0000:17:00.0: can't claim BAR 6 [mem 0xfff00000-0xffffffff pref]: no compatible bridge window
[    1.955432] pci 0000:00:1c.5: BAR 14: assigned [mem 0x90000000-0x900fffff]
[    1.955435] pci 0000:00:1c.0: PCI bridge to [bus 01]
[    1.955445] pci 0000:02:00.0: PCI bridge to [bus 03]
[    1.955449] pci 0000:02:00.0:   bridge window [mem 0x92000000-0x928fffff]
[    1.955453] pci 0000:02:00.0:   bridge window [mem 0x91000000-0x91ffffff 64bit pref]
[    1.955459] pci 0000:00:1c.4: PCI bridge to [bus 02-03]
[    1.955463] pci 0000:00:1c.4:   bridge window [mem 0x92000000-0x928fffff]
[    1.955465] pci 0000:00:1c.4:   bridge window [mem 0x91000000-0x91ffffff 64bit pref]
[    1.955470] pci 0000:04:00.0: BAR 6: assigned [mem 0x90000000-0x9003ffff pref]
[    1.955472] pci 0000:04:00.1: BAR 6: assigned [mem 0x90040000-0x9007ffff pref]
[    1.955474] pci 0000:00:1c.5: PCI bridge to [bus 04]
[    1.955477] pci 0000:00:1c.5:   bridge window [mem 0x90000000-0x900fffff]
[    1.955479] pci 0000:00:1c.5:   bridge window [mem 0x92900000-0x929fffff 64bit pref]
[    1.955484] pci_bus 0000:00: resource 4 [io  0x0000-0x0cf7 window]
[    1.955485] pci_bus 0000:00: resource 5 [io  0x1000-0x4fff window]
[    1.955487] pci_bus 0000:00: resource 6 [mem 0x000a0000-0x000bffff window]
[    1.955488] pci_bus 0000:00: resource 7 [mem 0x000c8000-0x000cffff window]
[    1.955489] pci_bus 0000:00: resource 8 [mem 0xfe010000-0xfe010fff window]
[    1.955491] pci_bus 0000:00: resource 9 [mem 0x90000000-0x9b7fffff window]
[    1.955492] pci_bus 0000:00: resource 10 [mem 0x200000000000-0x20ffffffffff window]
[    1.955494] pci_bus 0000:02: resource 1 [mem 0x92000000-0x928fffff]
[    1.955495] pci_bus 0000:02: resource 2 [mem 0x91000000-0x91ffffff 64bit pref]
[    1.955496] pci_bus 0000:03: resource 1 [mem 0x92000000-0x928fffff]
[    1.955497] pci_bus 0000:03: resource 2 [mem 0x91000000-0x91ffffff 64bit pref]
[    1.955499] pci_bus 0000:04: resource 1 [mem 0x90000000-0x900fffff]
[    1.955500] pci_bus 0000:04: resource 2 [mem 0x92900000-0x929fffff 64bit pref]
[    1.955569] pci 0000:17:00.0: BAR 6: no space for [mem size 0x00100000 pref]
[    1.955570] pci 0000:17:00.0: BAR 6: failed to assign [mem size 0x00100000 pref]
[    1.955572] pci 0000:16:02.0: PCI bridge to [bus 17]
[    1.955573] pci 0000:16:02.0:   bridge window [io  0x5000-0x5fff]
[    1.955576] pci 0000:16:02.0:   bridge window [mem 0x9ba00000-0x9bafffff]
[    1.955578] pci 0000:16:02.0:   bridge window [mem 0x9b800000-0x9b9fffff 64bit pref]
[    1.955582] pci_bus 0000:16: resource 4 [io  0x5000-0x6fff window]
[    1.955583] pci_bus 0000:16: resource 5 [mem 0x9b800000-0xa63fffff window]
[    1.955584] pci_bus 0000:16: resource 6 [mem 0x210000000000-0x21ffffffffff window]
[    1.955585] pci_bus 0000:17: resource 0 [io  0x5000-0x5fff]
[    1.955586] pci_bus 0000:17: resource 1 [mem 0x9ba00000-0x9bafffff]
[    1.955587] pci_bus 0000:17: resource 2 [mem 0x9b800000-0x9b9fffff 64bit pref]
[    1.955594] pci_bus 0000:30: resource 4 [io  0x7000-0x8fff window]
[    1.955595] pci_bus 0000:30: resource 5 [mem 0xa6400000-0xb0ffffff window]
[    1.955596] pci_bus 0000:30: resource 6 [mem 0x220000000000-0x22ffffffffff window]
[    1.955602] pci_bus 0000:4a: resource 4 [io  0x9000-0x9fff window]
[    1.955603] pci_bus 0000:4a: resource 5 [mem 0xb1000000-0xbbbfffff window]
[    1.955604] pci_bus 0000:4a: resource 6 [mem 0x230000000000-0x23ffffffffff window]
[    1.955610] pci_bus 0000:64: resource 4 [io  0xa000-0xafff window]
[    1.955611] pci_bus 0000:64: resource 5 [mem 0xbbc00000-0xc5ffffff window]
[    1.955612] pci_bus 0000:64: resource 6 [mem 0x240000000000-0x24ffffffffff window]
[    1.955640] pci_bus 0000:80: resource 4 [io  0xb000-0xbfff window]
[    1.955642] pci_bus 0000:80: resource 5 [mem 0xc6800000-0xd0ffffff window]
[    1.955643] pci_bus 0000:80: resource 6 [mem 0x250000000000-0x25ffffffffff window]
[    1.955648] pci_bus 0000:81: resource 4 [io  0xc000-0xcfff window]
[    1.955650] pci_bus 0000:81: resource 5 [mem 0xd1000000-0xdbbfffff window]
[    1.955651] pci_bus 0000:81: resource 6 [mem 0x260000000000-0x26ffffffffff window]
[    1.955656] pci_bus 0000:82: resource 4 [io  0xd000-0xdfff window]
[    1.955657] pci_bus 0000:82: resource 5 [mem 0xdbc00000-0xe67fffff window]
