2024年 07月 01日 星期一 20:10:34 CST
pgmigrate_success 3357
pgmigrate_fail 2
pgmigrate_dst_node_full_fail 0
pgmigrate_numa_isolate_fail 41
pgmigrate_nomem_fail 0
pgmigrate_refcount_fail 0
thp_fault_alloc 0
thp_fault_fallback 0
thp_collapse_alloc 0
thp_collapse_alloc_failed 0
thp_file_alloc 0
thp_file_mapped 0
thp_split_page 0
thp_split_page_failed 0
thp_deferred_split_page 0
thp_split_pmd 0
thp_split_pud 0
thp_zero_page_alloc 0
thp_zero_page_alloc_failed 0
thp_swpout 0
thp_swpout_fallback 0
MemTotal:       1079738756 kB
MemFree:        1049502056 kB
MemAvailable:   1047429836 kB
Buffers:            7432 kB
Cached:           383248 kB
SwapCached:            0 kB
Active:           658540 kB
Inactive:         332028 kB
Active(anon):     581764 kB
Inactive(anon):    23964 kB
Active(file):      76776 kB
Inactive(file):   308064 kB
Unevictable:           0 kB
Mlocked:               0 kB
SwapTotal:       2097148 kB
SwapFree:        2097148 kB
Dirty:              1372 kB
Writeback:             0 kB
AnonPages:        599780 kB
Mapped:           379732 kB
Shmem:              6244 kB
KReclaimable:     234576 kB
Slab:             596020 kB
SReclaimable:     234576 kB
SUnreclaim:       361444 kB
KernelStack:       33872 kB
PageTables:        29148 kB
NFS_Unstable:          0 kB
Bounce:                0 kB
WritebackTmp:          0 kB
CommitLimit:    541966524 kB
Committed_AS:    6844336 kB
VmallocTotal:   34359738367 kB
VmallocUsed:      105572 kB
VmallocChunk:          0 kB
Percpu:           123200 kB
HardwareCorrupted:     0 kB
AnonHugePages:         0 kB
ShmemHugePages:        0 kB
ShmemPmdMapped:        0 kB
CmaTotal:              0 kB
CmaFree:               0 kB
HugePages_Total:       0
HugePages_Free:        0
HugePages_Rsvd:        0
HugePages_Surp:        0
Hugepagesize:       2048 kB
Hugetlb:               0 kB
DirectMap4k:     1193448 kB
DirectMap2M:     8728576 kB
DirectMap1G:    1179648000 kB
2024年 07月 01日 星期一 20:12:42 CST
pgmigrate_success 409102
pgmigrate_fail 7492613
pgmigrate_dst_node_full_fail 7564101
pgmigrate_numa_isolate_fail 41
pgmigrate_nomem_fail 3
pgmigrate_refcount_fail 1
thp_fault_alloc 16823
thp_fault_fallback 0
thp_collapse_alloc 5
thp_collapse_alloc_failed 1
thp_file_alloc 0
thp_file_mapped 0
thp_split_page 0
thp_split_page_failed 0
thp_deferred_split_page 17675
thp_split_pmd 2
thp_split_pud 0
thp_zero_page_alloc 0
thp_zero_page_alloc_failed 0
thp_swpout 0
thp_swpout_fallback 0
MemTotal:       1079738756 kB
MemFree:        1028839068 kB
MemAvailable:   1046290304 kB
Buffers:           64652 kB
Cached:         20835252 kB
SwapCached:         1428 kB
Active:           402620 kB
Inactive:       21080472 kB
Active(anon):     127620 kB
Inactive(anon):   461400 kB
Active(file):     275000 kB
Inactive(file): 20619072 kB
Unevictable:           0 kB
Mlocked:               0 kB
SwapTotal:       2097148 kB
SwapFree:        2076412 kB
Dirty:                32 kB
Writeback:             0 kB
AnonPages:        583060 kB
Mapped:           309884 kB
Shmem:              5496 kB
KReclaimable:     307932 kB
Slab:             670476 kB
SReclaimable:     307932 kB
SUnreclaim:       362544 kB
KernelStack:       34064 kB
PageTables:        29352 kB
NFS_Unstable:          0 kB
Bounce:                0 kB
WritebackTmp:          0 kB
CommitLimit:    541966524 kB
Committed_AS:    6802668 kB
VmallocTotal:   34359738367 kB
VmallocUsed:      105652 kB
VmallocChunk:          0 kB
Percpu:           123200 kB
HardwareCorrupted:     0 kB
AnonHugePages:      2048 kB
ShmemHugePages:        0 kB
ShmemPmdMapped:        0 kB
CmaTotal:              0 kB
CmaFree:               0 kB
HugePages_Total:       0
HugePages_Free:        0
HugePages_Rsvd:        0
HugePages_Surp:        0
Hugepagesize:       2048 kB
Hugetlb:               0 kB
DirectMap4k:     1193448 kB
DirectMap2M:     8728576 kB
DirectMap1G:    1179648000 kB
