2024年 05月 22日 星期三 14:07:06 CST
pgmigrate_success 881139
pgmigrate_fail 7536766
pgmigrate_dst_node_full_fail 11521408
pgmigrate_numa_isolate_fail 145
pgmigrate_nomem_fail 4
pgmigrate_refcount_fail 1113
thp_fault_alloc 15977
thp_fault_fallback 0
thp_collapse_alloc 77
thp_collapse_alloc_failed 61
thp_file_alloc 0
thp_file_mapped 0
thp_split_page 0
thp_split_page_failed 0
thp_deferred_split_page 16884
thp_split_pmd 677
thp_split_pud 0
thp_zero_page_alloc 0
thp_zero_page_alloc_failed 0
thp_swpout 0
thp_swpout_fallback 0
MemTotal:       1080978828 kB
MemFree:        1049969836 kB
MemAvailable:   1047779456 kB
Buffers:            7904 kB
Cached:           138432 kB
SwapCached:        10184 kB
Active:           245192 kB
Inactive:         447368 kB
Active(anon):     187972 kB
Inactive(anon):   364808 kB
Active(file):      57220 kB
Inactive(file):    82560 kB
Unevictable:           0 kB
Mlocked:               0 kB
SwapTotal:       2097148 kB
SwapFree:        1941756 kB
Dirty:               324 kB
Writeback:             0 kB
AnonPages:        545072 kB
Mapped:           135244 kB
Shmem:              4500 kB
KReclaimable:     266360 kB
Slab:             715920 kB
SReclaimable:     266360 kB
SUnreclaim:       449560 kB
KernelStack:       33696 kB
PageTables:        28332 kB
NFS_Unstable:          0 kB
Bounce:                0 kB
WritebackTmp:          0 kB
CommitLimit:    542586560 kB
Committed_AS:    6201436 kB
VmallocTotal:   34359738367 kB
VmallocUsed:      104908 kB
VmallocChunk:          0 kB
Percpu:           123648 kB
HardwareCorrupted:     0 kB
AnonHugePages:     12288 kB
ShmemHugePages:        0 kB
ShmemPmdMapped:        0 kB
CmaTotal:              0 kB
CmaFree:               0 kB
HugePages_Total:       0
HugePages_Free:        0
HugePages_Rsvd:        0
HugePages_Surp:        0
Hugepagesize:       2048 kB
Hugetlb:               0 kB
DirectMap4k:     1068520 kB
DirectMap2M:     8853504 kB
DirectMap1G:    1179648000 kB
2024年 05月 22日 星期三 14:08:27 CST
pgmigrate_success 936563
pgmigrate_fail 11354238
pgmigrate_dst_node_full_fail 15337344
pgmigrate_numa_isolate_fail 153
pgmigrate_nomem_fail 4
pgmigrate_refcount_fail 1113
thp_fault_alloc 21276
thp_fault_fallback 0
thp_collapse_alloc 77
thp_collapse_alloc_failed 62
thp_file_alloc 0
thp_file_mapped 0
thp_split_page 0
thp_split_page_failed 0
thp_deferred_split_page 22395
thp_split_pmd 678
thp_split_pud 0
thp_zero_page_alloc 0
thp_zero_page_alloc_failed 0
thp_swpout 0
thp_swpout_fallback 0
MemTotal:       1080978828 kB
MemFree:        1049851964 kB
MemAvailable:   1047679712 kB
Buffers:           11544 kB
Cached:           171704 kB
SwapCached:        10216 kB
Active:           257680 kB
Inactive:         476728 kB
Active(anon):     191352 kB
Inactive(anon):   364668 kB
Active(file):      66328 kB
Inactive(file):   112060 kB
Unevictable:           0 kB
Mlocked:               0 kB
SwapTotal:       2097148 kB
SwapFree:        1941756 kB
Dirty:                44 kB
Writeback:             0 kB
AnonPages:        546552 kB
Mapped:           135580 kB
Shmem:              4500 kB
KReclaimable:     264008 kB
Slab:             711776 kB
SReclaimable:     264008 kB
SUnreclaim:       447768 kB
KernelStack:       34880 kB
PageTables:        28348 kB
NFS_Unstable:          0 kB
Bounce:                0 kB
WritebackTmp:          0 kB
CommitLimit:    542586560 kB
Committed_AS:    5926984 kB
VmallocTotal:   34359738367 kB
VmallocUsed:      105052 kB
VmallocChunk:          0 kB
Percpu:           123648 kB
HardwareCorrupted:     0 kB
AnonHugePages:    456704 kB
ShmemHugePages:        0 kB
ShmemPmdMapped:        0 kB
CmaTotal:              0 kB
CmaFree:               0 kB
HugePages_Total:       0
HugePages_Free:        0
HugePages_Rsvd:        0
HugePages_Surp:        0
Hugepagesize:       2048 kB
Hugetlb:               0 kB
DirectMap4k:     1068520 kB
DirectMap2M:     8853504 kB
DirectMap1G:    1179648000 kB
