[    0.000000] Linux version 5.3.1-multiclock (xmu@xmu-PowerEdge-R750) (gcc version 7.5.0 (Ubuntu 7.5.0-3ubuntu1~18.04)) #1 SMP Wed Aug 9 20:46:02 CST 2023
[    0.000000] Command line: BOOT_IMAGE=/boot/vmlinuz-5.3.1-multiclock root=UUID=ce0c24b8-724b-4f33-9b2c-618433560aef ro memmap=38700M!4096M memmap=59G!64G quiet splash nomodeset vt.handoff=1
[    0.000000] KERNEL supported cpus:
[    0.000000]   Intel GenuineIntel
[    0.000000]   AMD AuthenticAMD
[    0.000000]   Hygon HygonGenuine
[    0.000000]   Centaur CentaurHauls
[    0.000000]   zhaoxin   Shanghai  
[    0.000000] x86/fpu: Supporting XSAVE feature 0x001: 'x87 floating point registers'
[    0.000000] x86/fpu: Supporting XSAVE feature 0x002: 'SSE registers'
[    0.000000] x86/fpu: Supporting XSAVE feature 0x004: 'AVX registers'
[    0.000000] x86/fpu: Supporting XSAVE feature 0x020: 'AVX-512 opmask'
[    0.000000] x86/fpu: Supporting XSAVE feature 0x040: 'AVX-512 Hi256'
[    0.000000] x86/fpu: Supporting XSAVE feature 0x080: 'AVX-512 ZMM_Hi256'
[    0.000000] x86/fpu: Supporting XSAVE feature 0x200: 'Protection Keys User registers'
[    0.000000] x86/fpu: xstate_offset[2]:  576, xstate_sizes[2]:  256
[    0.000000] x86/fpu: xstate_offset[5]:  832, xstate_sizes[5]:   64
[    0.000000] x86/fpu: xstate_offset[6]:  896, xstate_sizes[6]:  512
[    0.000000] x86/fpu: xstate_offset[7]: 1408, xstate_sizes[7]: 1024
[    0.000000] x86/fpu: xstate_offset[9]: 2432, xstate_sizes[9]:    8
[    0.000000] x86/fpu: Enabled xstate features 0x2e7, context size is 2440 bytes, using 'compacted' format.
[    0.000000] BIOS-provided physical RAM map:
[    0.000000] BIOS-e820: [mem 0x0000000000000000-0x000000000008efff] usable
[    0.000000] BIOS-e820: [mem 0x000000000008f000-0x000000000008ffff] reserved
[    0.000000] BIOS-e820: [mem 0x0000000000090000-0x000000000009ffff] usable
[    0.000000] BIOS-e820: [mem 0x00000000000a0000-0x00000000000fffff] reserved
[    0.000000] BIOS-e820: [mem 0x0000000000100000-0x0000000049e76fff] usable
[    0.000000] BIOS-e820: [mem 0x0000000049e77000-0x000000004ae76fff] ACPI NVS
[    0.000000] BIOS-e820: [mem 0x000000004ae77000-0x000000004b2cefff] usable
[    0.000000] BIOS-e820: [mem 0x000000004b2cf000-0x000000004b54dfff] ACPI data
[    0.000000] BIOS-e820: [mem 0x000000004b54e000-0x000000004bd93fff] usable
[    0.000000] BIOS-e820: [mem 0x000000004bd94000-0x000000004be99fff] reserved
[    0.000000] BIOS-e820: [mem 0x000000004be9a000-0x000000004cdfffff] usable
[    0.000000] BIOS-e820: [mem 0x000000004ce00000-0x000000004cffffff] reserved
[    0.000000] BIOS-e820: [mem 0x000000004d000000-0x000000005eefdfff] usable
[    0.000000] BIOS-e820: [mem 0x000000005eefe000-0x000000006e3fefff] reserved
[    0.000000] BIOS-e820: [mem 0x000000006e3ff000-0x000000006f3fefff] ACPI NVS
[    0.000000] BIOS-e820: [mem 0x000000006f3ff000-0x000000006f7fefff] ACPI data
[    0.000000] BIOS-e820: [mem 0x000000006f7ff000-0x000000006f7fffff] usable
[    0.000000] BIOS-e820: [mem 0x000000006f800000-0x000000008fffffff] reserved
[    0.000000] BIOS-e820: [mem 0x00000000fe000000-0x00000000fe010fff] reserved
[    0.000000] BIOS-e820: [mem 0x0000000100000000-0x000000207fffffff] usable
[    0.000000] BIOS-e820: [mem 0x0000002080000000-0x0000011c7fffffff] persistent (type 7)
[    0.000000] BIOS-e820: [mem 0x00001ffc00000000-0x00001fffffffffff] reserved
[    0.000000] NX (Execute Disable) protection: active
[    0.000000] e820: update [mem 0x47c75020-0x47c7d05f] usable ==> usable
[    0.000000] e820: update [mem 0x47c75020-0x47c7d05f] usable ==> usable
[    0.000000] e820: update [mem 0x47c42020-0x47c74c5f] usable ==> usable
[    0.000000] e820: update [mem 0x47c42020-0x47c74c5f] usable ==> usable
[    0.000000] e820: update [mem 0x47c0f020-0x47c41c5f] usable ==> usable
[    0.000000] e820: update [mem 0x47c0f020-0x47c41c5f] usable ==> usable
[    0.000000] e820: update [mem 0x47bdd020-0x47c0ea5f] usable ==> usable
[    0.000000] e820: update [mem 0x47bdd020-0x47c0ea5f] usable ==> usable
[    0.000000] extended physical RAM map:
[    0.000000] reserve setup_data: [mem 0x0000000000000000-0x000000000008efff] usable
[    0.000000] reserve setup_data: [mem 0x000000000008f000-0x000000000008ffff] reserved
[    0.000000] reserve setup_data: [mem 0x0000000000090000-0x000000000009ffff] usable
[    0.000000] reserve setup_data: [mem 0x00000000000a0000-0x00000000000fffff] reserved
[    0.000000] reserve setup_data: [mem 0x0000000000100000-0x0000000047bdd01f] usable
[    0.000000] reserve setup_data: [mem 0x0000000047bdd020-0x0000000047c0ea5f] usable
[    0.000000] reserve setup_data: [mem 0x0000000047c0ea60-0x0000000047c0f01f] usable
[    0.000000] reserve setup_data: [mem 0x0000000047c0f020-0x0000000047c41c5f] usable
[    0.000000] reserve setup_data: [mem 0x0000000047c41c60-0x0000000047c4201f] usable
[    0.000000] reserve setup_data: [mem 0x0000000047c42020-0x0000000047c74c5f] usable
[    0.000000] reserve setup_data: [mem 0x0000000047c74c60-0x0000000047c7501f] usable
[    0.000000] reserve setup_data: [mem 0x0000000047c75020-0x0000000047c7d05f] usable
[    0.000000] reserve setup_data: [mem 0x0000000047c7d060-0x0000000049e76fff] usable
[    0.000000] reserve setup_data: [mem 0x0000000049e77000-0x000000004ae76fff] ACPI NVS
[    0.000000] reserve setup_data: [mem 0x000000004ae77000-0x000000004b2cefff] usable
[    0.000000] reserve setup_data: [mem 0x000000004b2cf000-0x000000004b54dfff] ACPI data
[    0.000000] reserve setup_data: [mem 0x000000004b54e000-0x000000004bd93fff] usable
[    0.000000] reserve setup_data: [mem 0x000000004bd94000-0x000000004be99fff] reserved
[    0.000000] reserve setup_data: [mem 0x000000004be9a000-0x000000004cdfffff] usable
[    0.000000] reserve setup_data: [mem 0x000000004ce00000-0x000000004cffffff] reserved
[    0.000000] reserve setup_data: [mem 0x000000004d000000-0x000000005eefdfff] usable
[    0.000000] reserve setup_data: [mem 0x000000005eefe000-0x000000006e3fefff] reserved
[    0.000000] reserve setup_data: [mem 0x000000006e3ff000-0x000000006f3fefff] ACPI NVS
[    0.000000] reserve setup_data: [mem 0x000000006f3ff000-0x000000006f7fefff] ACPI data
[    0.000000] reserve setup_data: [mem 0x000000006f7ff000-0x000000006f7fffff] usable
[    0.000000] reserve setup_data: [mem 0x000000006f800000-0x000000008fffffff] reserved
[    0.000000] reserve setup_data: [mem 0x00000000fe000000-0x00000000fe010fff] reserved
[    0.000000] reserve setup_data: [mem 0x0000000100000000-0x0000000a72bfffff] persistent (type 12)
[    0.000000] reserve setup_data: [mem 0x0000000a72c00000-0x0000000fffffffff] usable
[    0.000000] reserve setup_data: [mem 0x0000001000000000-0x0000001ebfffffff] persistent (type 12)
[    0.000000] reserve setup_data: [mem 0x0000001ec0000000-0x000000207fffffff] usable
[    0.000000] reserve setup_data: [mem 0x0000002080000000-0x0000011c7fffffff] persistent (type 7)
[    0.000000] reserve setup_data: [mem 0x00001ffc00000000-0x00001fffffffffff] reserved
[    0.000000] user-defined physical RAM map:
[    0.000000] user: [mem 0x0000000000000000-0x000000000008efff] usable
[    0.000000] user: [mem 0x000000000008f000-0x000000000008ffff] reserved
[    0.000000] user: [mem 0x0000000000090000-0x000000000009ffff] usable
[    0.000000] user: [mem 0x00000000000a0000-0x00000000000fffff] reserved
[    0.000000] user: [mem 0x0000000000100000-0x0000000047bdd01f] usable
[    0.000000] user: [mem 0x0000000047bdd020-0x0000000047c0ea5f] usable
[    0.000000] user: [mem 0x0000000047c0ea60-0x0000000047c0f01f] usable
[    0.000000] user: [mem 0x0000000047c0f020-0x0000000047c41c5f] usable
[    0.000000] user: [mem 0x0000000047c41c60-0x0000000047c4201f] usable
[    0.000000] user: [mem 0x0000000047c42020-0x0000000047c74c5f] usable
[    0.000000] user: [mem 0x0000000047c74c60-0x0000000047c7501f] usable
[    0.000000] user: [mem 0x0000000047c75020-0x0000000047c7d05f] usable
[    0.000000] user: [mem 0x0000000047c7d060-0x0000000049e76fff] usable
[    0.000000] user: [mem 0x0000000049e77000-0x000000004ae76fff] ACPI NVS
[    0.000000] user: [mem 0x000000004ae77000-0x000000004b2cefff] usable
[    0.000000] user: [mem 0x000000004b2cf000-0x000000004b54dfff] ACPI data
[    0.000000] user: [mem 0x000000004b54e000-0x000000004bd93fff] usable
[    0.000000] user: [mem 0x000000004bd94000-0x000000004be99fff] reserved
[    0.000000] user: [mem 0x000000004be9a000-0x000000004cdfffff] usable
[    0.000000] user: [mem 0x000000004ce00000-0x000000004cffffff] reserved
[    0.000000] user: [mem 0x000000004d000000-0x000000005eefdfff] usable
[    0.000000] user: [mem 0x000000005eefe000-0x000000006e3fefff] reserved
[    0.000000] user: [mem 0x000000006e3ff000-0x000000006f3fefff] ACPI NVS
[    0.000000] user: [mem 0x000000006f3ff000-0x000000006f7fefff] ACPI data
[    0.000000] user: [mem 0x000000006f7ff000-0x000000006f7fffff] usable
[    0.000000] user: [mem 0x000000006f800000-0x000000008fffffff] reserved
[    0.000000] user: [mem 0x00000000fe000000-0x00000000fe010fff] reserved
[    0.000000] user: [mem 0x0000000100000000-0x0000000a72bfffff] persistent (type 12)
[    0.000000] user: [mem 0x0000000a72c00000-0x0000000fffffffff] usable
[    0.000000] user: [mem 0x0000001000000000-0x0000001ebfffffff] persistent (type 12)
[    0.000000] user: [mem 0x0000001ec0000000-0x000000207fffffff] usable
[    0.000000] user: [mem 0x0000002080000000-0x0000011c7fffffff] persistent (type 7)
[    0.000000] user: [mem 0x00001ffc00000000-0x00001fffffffffff] reserved
[    0.000000] efi: EFI v2.70 by Dell Inc.
[    0.000000] efi:  ACPI=0x6f7fe000  ACPI 2.0=0x6f7fe014  MEMATTR=0x5a1f8020  SMBIOS=0x69526000  SMBIOS 3.0=0x69524000 
[    0.000000] SMBIOS 3.3.0 present.
[    0.000000] DMI: Dell Inc. PowerEdge R750/0K8F35, BIOS 1.10.2 03/03/2023
[    0.000000] tsc: Detected 2000.000 MHz processor
[    0.000009] e820: update [mem 0x00000000-0x00000fff] usable ==> reserved
[    0.000011] e820: remove [mem 0x000a0000-0x000fffff] usable
[    0.000019] last_pfn = 0x2080000 max_arch_pfn = 0x400000000
[    0.000022] MTRR default type: uncachable
[    0.000022] MTRR fixed ranges enabled:
[    0.000023]   00000-9FFFF write-back
[    0.000024]   A0000-BFFFF uncachable
[    0.000025]   C0000-FFFFF write-protect
[    0.000025] MTRR variable ranges enabled:
[    0.000026]   0 base 000000000000 mask 3E0000000000 write-back
[    0.000027]   1 base 000080000000 mask 3FFF80000000 uncachable
[    0.000028]   2 base 00007F000000 mask 3FFFFF000000 uncachable
[    0.000029]   3 disabled
[    0.000029]   4 disabled
[    0.000029]   5 disabled
[    0.000030]   6 disabled
[    0.000030]   7 disabled
[    0.000030]   8 disabled
[    0.000031]   9 disabled
[    0.000904] x86/PAT: Configuration [0-7]: WB  WC  UC- UC  WB  WP  UC- WT  
[    0.002019] total RAM covered: 2095088M
[    0.002104]  gran_size: 64K 	chunk_size: 64K 	num_reg: 10  	lose cover RAM: 2016G
[    0.002105]  gran_size: 64K 	chunk_size: 128K 	num_reg: 10  	lose cover RAM: 2016G
[    0.002106]  gran_size: 64K 	chunk_size: 256K 	num_reg: 10  	lose cover RAM: 2016G
[    0.002106]  gran_size: 64K 	chunk_size: 512K 	num_reg: 10  	lose cover RAM: 2016G
[    0.002107]  gran_size: 64K 	chunk_size: 1M 	num_reg: 10  	lose cover RAM: 2016G
[    0.002108]  gran_size: 64K 	chunk_size: 2M 	num_reg: 10  	lose cover RAM: 2016G
[    0.002109]  gran_size: 64K 	chunk_size: 4M 	num_reg: 10  	lose cover RAM: 2016G
[    0.002109]  gran_size: 64K 	chunk_size: 8M 	num_reg: 10  	lose cover RAM: 2016G
[    0.002110]  gran_size: 64K 	chunk_size: 16M 	num_reg: 10  	lose cover RAM: 2016G
[    0.002111]  gran_size: 64K 	chunk_size: 32M 	num_reg: 10  	lose cover RAM: 1024G
[    0.002111]  gran_size: 64K 	chunk_size: 64M 	num_reg: 10  	lose cover RAM: 1024G
[    0.002112]  gran_size: 64K 	chunk_size: 128M 	num_reg: 10  	lose cover RAM: 1024G
[    0.002113]  gran_size: 64K 	chunk_size: 256M 	num_reg: 10  	lose cover RAM: 1024G
[    0.002113]  gran_size: 64K 	chunk_size: 512M 	num_reg: 10  	lose cover RAM: 1024G
[    0.002114]  gran_size: 64K 	chunk_size: 1G 	num_reg: 10  	lose cover RAM: 1024G
[    0.002115]  gran_size: 64K 	chunk_size: 2G 	num_reg: 10  	lose cover RAM: 1024G
[    0.002115]  gran_size: 128K 	chunk_size: 128K 	num_reg: 10  	lose cover RAM: 2016G
[    0.002116]  gran_size: 128K 	chunk_size: 256K 	num_reg: 10  	lose cover RAM: 2016G
[    0.002117]  gran_size: 128K 	chunk_size: 512K 	num_reg: 10  	lose cover RAM: 2016G
[    0.002117]  gran_size: 128K 	chunk_size: 1M 	num_reg: 10  	lose cover RAM: 2016G
[    0.002118]  gran_size: 128K 	chunk_size: 2M 	num_reg: 10  	lose cover RAM: 2016G
[    0.002119]  gran_size: 128K 	chunk_size: 4M 	num_reg: 10  	lose cover RAM: 2016G
[    0.002119]  gran_size: 128K 	chunk_size: 8M 	num_reg: 10  	lose cover RAM: 2016G
[    0.002120]  gran_size: 128K 	chunk_size: 16M 	num_reg: 10  	lose cover RAM: 2016G
[    0.002121]  gran_size: 128K 	chunk_size: 32M 	num_reg: 10  	lose cover RAM: 1024G
[    0.002121]  gran_size: 128K 	chunk_size: 64M 	num_reg: 10  	lose cover RAM: 1024G
[    0.002122]  gran_size: 128K 	chunk_size: 128M 	num_reg: 10  	lose cover RAM: 1024G
[    0.002123]  gran_size: 128K 	chunk_size: 256M 	num_reg: 10  	lose cover RAM: 1024G
[    0.002123]  gran_size: 128K 	chunk_size: 512M 	num_reg: 10  	lose cover RAM: 1024G
[    0.002124]  gran_size: 128K 	chunk_size: 1G 	num_reg: 10  	lose cover RAM: 1024G
[    0.002125]  gran_size: 128K 	chunk_size: 2G 	num_reg: 10  	lose cover RAM: 1024G
[    0.002125]  gran_size: 256K 	chunk_size: 256K 	num_reg: 10  	lose cover RAM: 2016G
[    0.002126]  gran_size: 256K 	chunk_size: 512K 	num_reg: 10  	lose cover RAM: 2016G
[    0.002127]  gran_size: 256K 	chunk_size: 1M 	num_reg: 10  	lose cover RAM: 2016G
[    0.002127]  gran_size: 256K 	chunk_size: 2M 	num_reg: 10  	lose cover RAM: 2016G
[    0.002128]  gran_size: 256K 	chunk_size: 4M 	num_reg: 10  	lose cover RAM: 2016G
[    0.002129]  gran_size: 256K 	chunk_size: 8M 	num_reg: 10  	lose cover RAM: 2016G
[    0.002129]  gran_size: 256K 	chunk_size: 16M 	num_reg: 10  	lose cover RAM: 2016G
[    0.002130]  gran_size: 256K 	chunk_size: 32M 	num_reg: 10  	lose cover RAM: 1024G
[    0.002131]  gran_size: 256K 	chunk_size: 64M 	num_reg: 10  	lose cover RAM: 1024G
[    0.002132]  gran_size: 256K 	chunk_size: 128M 	num_reg: 10  	lose cover RAM: 1024G
[    0.002132]  gran_size: 256K 	chunk_size: 256M 	num_reg: 10  	lose cover RAM: 1024G
[    0.002133]  gran_size: 256K 	chunk_size: 512M 	num_reg: 10  	lose cover RAM: 1024G
[    0.002134]  gran_size: 256K 	chunk_size: 1G 	num_reg: 10  	lose cover RAM: 1024G
[    0.002135]  gran_size: 256K 	chunk_size: 2G 	num_reg: 10  	lose cover RAM: 1024G
[    0.002135]  gran_size: 512K 	chunk_size: 512K 	num_reg: 10  	lose cover RAM: 2016G
[    0.002136]  gran_size: 512K 	chunk_size: 1M 	num_reg: 10  	lose cover RAM: 2016G
[    0.002137]  gran_size: 512K 	chunk_size: 2M 	num_reg: 10  	lose cover RAM: 2016G
[    0.002137]  gran_size: 512K 	chunk_size: 4M 	num_reg: 10  	lose cover RAM: 2016G
[    0.002138]  gran_size: 512K 	chunk_size: 8M 	num_reg: 10  	lose cover RAM: 2016G
[    0.002139]  gran_size: 512K 	chunk_size: 16M 	num_reg: 10  	lose cover RAM: 2016G
[    0.002139]  gran_size: 512K 	chunk_size: 32M 	num_reg: 10  	lose cover RAM: 1024G
[    0.002140]  gran_size: 512K 	chunk_size: 64M 	num_reg: 10  	lose cover RAM: 1024G
[    0.002141]  gran_size: 512K 	chunk_size: 128M 	num_reg: 10  	lose cover RAM: 1024G
[    0.002141]  gran_size: 512K 	chunk_size: 256M 	num_reg: 10  	lose cover RAM: 1024G
[    0.002142]  gran_size: 512K 	chunk_size: 512M 	num_reg: 10  	lose cover RAM: 1024G
[    0.002143]  gran_size: 512K 	chunk_size: 1G 	num_reg: 10  	lose cover RAM: 1024G
[    0.002143]  gran_size: 512K 	chunk_size: 2G 	num_reg: 10  	lose cover RAM: 1024G
[    0.002144]  gran_size: 1M 	chunk_size: 1M 	num_reg: 10  	lose cover RAM: 2016G
[    0.002145]  gran_size: 1M 	chunk_size: 2M 	num_reg: 10  	lose cover RAM: 2016G
[    0.002146]  gran_size: 1M 	chunk_size: 4M 	num_reg: 10  	lose cover RAM: 2016G
[    0.002146]  gran_size: 1M 	chunk_size: 8M 	num_reg: 10  	lose cover RAM: 2016G
[    0.002147]  gran_size: 1M 	chunk_size: 16M 	num_reg: 10  	lose cover RAM: 2016G
[    0.002147]  gran_size: 1M 	chunk_size: 32M 	num_reg: 10  	lose cover RAM: 1024G
[    0.002148]  gran_size: 1M 	chunk_size: 64M 	num_reg: 10  	lose cover RAM: 1024G
[    0.002149]  gran_size: 1M 	chunk_size: 128M 	num_reg: 10  	lose cover RAM: 1024G
[    0.002150]  gran_size: 1M 	chunk_size: 256M 	num_reg: 10  	lose cover RAM: 1024G
[    0.002150]  gran_size: 1M 	chunk_size: 512M 	num_reg: 10  	lose cover RAM: 1024G
[    0.002151]  gran_size: 1M 	chunk_size: 1G 	num_reg: 10  	lose cover RAM: 1024G
[    0.002152]  gran_size: 1M 	chunk_size: 2G 	num_reg: 10  	lose cover RAM: 1024G
[    0.002152]  gran_size: 2M 	chunk_size: 2M 	num_reg: 10  	lose cover RAM: 2016G
[    0.002153]  gran_size: 2M 	chunk_size: 4M 	num_reg: 10  	lose cover RAM: 2016G
[    0.002154]  gran_size: 2M 	chunk_size: 8M 	num_reg: 10  	lose cover RAM: 2016G
[    0.002154]  gran_size: 2M 	chunk_size: 16M 	num_reg: 10  	lose cover RAM: 2016G
[    0.002155]  gran_size: 2M 	chunk_size: 32M 	num_reg: 10  	lose cover RAM: 1024G
[    0.002156]  gran_size: 2M 	chunk_size: 64M 	num_reg: 10  	lose cover RAM: 1024G
[    0.002156]  gran_size: 2M 	chunk_size: 128M 	num_reg: 10  	lose cover RAM: 1024G
[    0.002157]  gran_size: 2M 	chunk_size: 256M 	num_reg: 10  	lose cover RAM: 1024G
[    0.002158]  gran_size: 2M 	chunk_size: 512M 	num_reg: 10  	lose cover RAM: 1024G
[    0.002158]  gran_size: 2M 	chunk_size: 1G 	num_reg: 10  	lose cover RAM: 1024G
[    0.002159]  gran_size: 2M 	chunk_size: 2G 	num_reg: 10  	lose cover RAM: 1024G
[    0.002160]  gran_size: 4M 	chunk_size: 4M 	num_reg: 10  	lose cover RAM: 2016G
[    0.002160]  gran_size: 4M 	chunk_size: 8M 	num_reg: 10  	lose cover RAM: 2016G
[    0.002161]  gran_size: 4M 	chunk_size: 16M 	num_reg: 10  	lose cover RAM: 2016G
[    0.002162]  gran_size: 4M 	chunk_size: 32M 	num_reg: 10  	lose cover RAM: 1024G
[    0.002162]  gran_size: 4M 	chunk_size: 64M 	num_reg: 10  	lose cover RAM: 1024G
[    0.002163]  gran_size: 4M 	chunk_size: 128M 	num_reg: 10  	lose cover RAM: 1024G
[    0.002164]  gran_size: 4M 	chunk_size: 256M 	num_reg: 10  	lose cover RAM: 1024G
[    0.002165]  gran_size: 4M 	chunk_size: 512M 	num_reg: 10  	lose cover RAM: 1024G
[    0.002166]  gran_size: 4M 	chunk_size: 1G 	num_reg: 10  	lose cover RAM: 1024G
[    0.002166]  gran_size: 4M 	chunk_size: 2G 	num_reg: 10  	lose cover RAM: 1024G
[    0.002167]  gran_size: 8M 	chunk_size: 8M 	num_reg: 10  	lose cover RAM: 2016G
[    0.002168]  gran_size: 8M 	chunk_size: 16M 	num_reg: 10  	lose cover RAM: 2016G
[    0.002168]  gran_size: 8M 	chunk_size: 32M 	num_reg: 10  	lose cover RAM: 1024G
[    0.002169]  gran_size: 8M 	chunk_size: 64M 	num_reg: 10  	lose cover RAM: 1024G
[    0.002170]  gran_size: 8M 	chunk_size: 128M 	num_reg: 10  	lose cover RAM: 1024G
[    0.002170]  gran_size: 8M 	chunk_size: 256M 	num_reg: 10  	lose cover RAM: 1024G
[    0.002171]  gran_size: 8M 	chunk_size: 512M 	num_reg: 10  	lose cover RAM: 1024G
[    0.002172]  gran_size: 8M 	chunk_size: 1G 	num_reg: 10  	lose cover RAM: 1024G
[    0.002172]  gran_size: 8M 	chunk_size: 2G 	num_reg: 10  	lose cover RAM: 1024G
[    0.002173]  gran_size: 16M 	chunk_size: 16M 	num_reg: 10  	lose cover RAM: 2016G
[    0.002174]  gran_size: 16M 	chunk_size: 32M 	num_reg: 10  	lose cover RAM: 1024G
[    0.002174]  gran_size: 16M 	chunk_size: 64M 	num_reg: 10  	lose cover RAM: 1024G
[    0.002175]  gran_size: 16M 	chunk_size: 128M 	num_reg: 10  	lose cover RAM: 1024G
[    0.002176]  gran_size: 16M 	chunk_size: 256M 	num_reg: 10  	lose cover RAM: 1024G
[    0.002176]  gran_size: 16M 	chunk_size: 512M 	num_reg: 10  	lose cover RAM: 1024G
[    0.002177]  gran_size: 16M 	chunk_size: 1G 	num_reg: 10  	lose cover RAM: 1024G
[    0.002178]  gran_size: 16M 	chunk_size: 2G 	num_reg: 10  	lose cover RAM: 1024G
[    0.002179]  gran_size: 32M 	chunk_size: 32M 	num_reg: 10  	lose cover RAM: 2031632M
[    0.002179]  gran_size: 32M 	chunk_size: 64M 	num_reg: 10  	lose cover RAM: 1048592M
[    0.002180]  gran_size: 32M 	chunk_size: 128M 	num_reg: 10  	lose cover RAM: 1048592M
[    0.002181]  gran_size: 32M 	chunk_size: 256M 	num_reg: 10  	lose cover RAM: 1048592M
[    0.002182]  gran_size: 32M 	chunk_size: 512M 	num_reg: 10  	lose cover RAM: 1048592M
[    0.002182]  gran_size: 32M 	chunk_size: 1G 	num_reg: 10  	lose cover RAM: 1048592M
[    0.002183]  gran_size: 32M 	chunk_size: 2G 	num_reg: 10  	lose cover RAM: 1048592M
[    0.002184]  gran_size: 64M 	chunk_size: 64M 	num_reg: 10  	lose cover RAM: 1966128M
[    0.002184]  gran_size: 64M 	chunk_size: 128M 	num_reg: 10  	lose cover RAM: 1048624M
[    0.002185]  gran_size: 64M 	chunk_size: 256M 	num_reg: 10  	lose cover RAM: 1048624M
[    0.002186]  gran_size: 64M 	chunk_size: 512M 	num_reg: 10  	lose cover RAM: 1048624M
[    0.002186]  gran_size: 64M 	chunk_size: 1G 	num_reg: 10  	lose cover RAM: 1048624M
[    0.002187]  gran_size: 64M 	chunk_size: 2G 	num_reg: 10  	lose cover RAM: 1048624M
[    0.002188]  gran_size: 128M 	chunk_size: 128M 	num_reg: 10  	lose cover RAM: 1835120M
[    0.002188]  gran_size: 128M 	chunk_size: 256M 	num_reg: 10  	lose cover RAM: 1048688M
[    0.002189]  gran_size: 128M 	chunk_size: 512M 	num_reg: 10  	lose cover RAM: 1048688M
[    0.002190]  gran_size: 128M 	chunk_size: 1G 	num_reg: 10  	lose cover RAM: 1048688M
[    0.002190]  gran_size: 128M 	chunk_size: 2G 	num_reg: 10  	lose cover RAM: 1048688M
[    0.002191]  gran_size: 256M 	chunk_size: 256M 	num_reg: 10  	lose cover RAM: 1573104M
[    0.002192]  gran_size: 256M 	chunk_size: 512M 	num_reg: 10  	lose cover RAM: 1048816M
[    0.002193]  gran_size: 256M 	chunk_size: 1G 	num_reg: 10  	lose cover RAM: 1048816M
[    0.002193]  gran_size: 256M 	chunk_size: 2G 	num_reg: 10  	lose cover RAM: 1048816M
[    0.002194]  gran_size: 512M 	chunk_size: 512M 	num_reg: 10  	lose cover RAM: 1049072M
[    0.002195]  gran_size: 512M 	chunk_size: 1G 	num_reg: 10  	lose cover RAM: 1049072M
[    0.002195]  gran_size: 512M 	chunk_size: 2G 	num_reg: 10  	lose cover RAM: 1049072M
[    0.002196]  gran_size: 1G 	chunk_size: 1G 	num_reg: 10  	lose cover RAM: 1008M
[    0.002197]  gran_size: 1G 	chunk_size: 2G 	num_reg: 10  	lose cover RAM: 1008M
[    0.002197]  gran_size: 2G 	chunk_size: 2G 	num_reg: 9  	lose cover RAM: 2032M
[    0.002198] mtrr_cleanup: can not find optimal value
[    0.002199] please specify mtrr_gran_size/mtrr_chunk_size
[    0.002201] e820: update [mem 0x7f000000-0xffffffff] usable ==> reserved
[    0.002203] x2apic: enabled by BIOS, switching to x2apic ops
[    0.002204] last_pfn = 0x6f800 max_arch_pfn = 0x400000000
[    0.013609] check: Scanning 1 areas for low memory corruption
[    0.013613] Using GB pages for direct mapping
[    0.013615] BRK [0x1f55801000, 0x1f55801fff] PGTABLE
[    0.013616] BRK [0x1f55802000, 0x1f55802fff] PGTABLE
[    0.013617] BRK [0x1f55803000, 0x1f55803fff] PGTABLE
[    0.013690] BRK [0x1f55804000, 0x1f55804fff] PGTABLE
[    0.013936] BRK [0x1f55805000, 0x1f55805fff] PGTABLE
[    0.014028] BRK [0x1f55806000, 0x1f55806fff] PGTABLE
[    0.014166] BRK [0x1f55807000, 0x1f55807fff] PGTABLE
[    0.014345] BRK [0x1f55808000, 0x1f55808fff] PGTABLE
[    0.014472] BRK [0x1f55809000, 0x1f55809fff] PGTABLE
[    0.014649] BRK [0x1f5580a000, 0x1f5580afff] PGTABLE
[    0.014755] BRK [0x1f5580b000, 0x1f5580bfff] PGTABLE
[    0.015020] BRK [0x1f5580c000, 0x1f5580cfff] PGTABLE
[    0.015395] Secure boot disabled
[    0.015395] RAMDISK: [mem 0x2065920000-0x207fffffff]
[    0.015402] ACPI: Early table checksum verification disabled
[    0.015404] ACPI: RSDP 0x000000006F7FE014 000024 (v02 DELL  )
[    0.015407] ACPI: XSDT 0x000000006F41C188 0000F4 (v01 DELL   PE_SC3   00000000 DELL 01000013)
[    0.015411] ACPI: FACP 0x000000006F430000 000114 (v06 DELL   PE_SC3   00000000 DELL 00000001)
[    0.015416] ACPI: DSDT 0x000000004B4CE000 07FAD3 (v02 DELL   PE_SC3   00000003 DELL 00000001)
[    0.015418] ACPI: FACS 0x000000006F2F2000 000040
[    0.015421] ACPI: SSDT 0x000000006F7FB000 00159A (v02 INTEL  RAS_ACPI 00000001 INTL 20210331)
[    0.015424] ACPI: SSDT 0x000000006F7FA000 000745 (v02 INTEL  ADDRXLAT 00000001 INTL 20210331)
[    0.015426] ACPI: MCEJ 0x000000006F7F9000 000130 (v01 INTEL           00000001 INTL 0100000D)
[    0.015429] ACPI: BERT 0x000000006F7F8000 000030 (v01 DELL   PE_SC3   00000001 INTL 00000001)
[    0.015431] ACPI: ERST 0x000000006F7F7000 000230 (v01 DELL   PE_SC3   00000001 INTL 00000001)
[    0.015434] ACPI: SSDT 0x000000006F431000 3C524E (v02 INTEL  SSDTNVDR 00001000 INTL 20210331)
[    0.015437] ACPI: HMAT 0x000000006F42F000 000210 (v01 DELL   PE_SC3   00000001 DELL 00000001)
[    0.015439] ACPI: HPET 0x000000006F42E000 000038 (v01 DELL   PE_SC3   00000001 DELL 00000001)
[    0.015442] ACPI: MCFG 0x000000006F42D000 00003C (v01 DELL   PE_SC3   00000001 DELL 00000001)
[    0.015444] ACPI: MIGT 0x000000006F42C000 000040 (v01 DELL   PE_SC3   00000000 DELL 00000001)
[    0.015447] ACPI: MSCT 0x000000006F42B000 000090 (v01 DELL   PE_SC3   00000001 DELL 00000001)
[    0.015449] ACPI: PMTT 0x000000006F429000 0011E8 (v02 DELL   PE_SC3   00000001 DELL 00000001)
[    0.015452] ACPI: WSMT 0x000000006F428000 000028 (v01 DELL   PE_SC3   00000000 DELL 00000001)
[    0.015454] ACPI: APIC 0x000000006F427000 00075E (v04 DELL   PE_SC3   00000000 DELL 00000001)
[    0.015457] ACPI: SLIT 0x000000006F426000 00003C (v01 DELL   PE_SC3   00000001 DELL 01000013)
[    0.015459] ACPI: SRAT 0x000000006F41F000 006430 (v03 DELL   PE_SC3   00000002 DELL 01000013)
[    0.015462] ACPI: OEM4 0x000000004B346000 187A61 (v02 INTEL  CPU  CST 00003000 INTL 20210331)
[    0.015464] ACPI: SSDT 0x000000004B2CF000 0764A5 (v02 INTEL  SSDT  PM 00004000 INTL 20210331)
[    0.015467] ACPI: SSDT 0x000000006F41E000 000A1F (v02 DELL   PE_SC3   00000000 DELL 00000001)
[    0.015469] ACPI: HEST 0x000000006F41D000 00017C (v01 DELL   PE_SC3   00000001 INTL 00000001)
[    0.015472] ACPI: PCAT 0x000000006F41B000 00010C (v19 DELL   PE_SC3   00000002 DELL 00000001)
[    0.015474] ACPI: SSDT 0x000000006F413000 007299 (v02 INTEL  SpsNm    00000002 INTL 20210331)
[    0.015477] ACPI: SSDT 0x000000006F412000 000426 (v02 DELL   PE_SC3   00000002 DELL 00000001)
[    0.015479] ACPI: NFIT 0x000000006F7FD000 000488 (v01 DELL   PE_SC3   00000002 DELL 00000001)
[    0.015482] ACPI: DMAR 0x000000006F411000 000158 (v01 DELL   PE_SC3   00000001 DELL 00000001)
[    0.015489] ACPI: Local APIC address 0xfee00000
[    0.015491] Setting APIC routing to cluster x2apic.
[    0.015537] SRAT: PXM 0 -> APIC 0x0000 -> Node 0
[    0.015537] SRAT: PXM 0 -> APIC 0x0001 -> Node 0
[    0.015538] SRAT: PXM 0 -> APIC 0x0002 -> Node 0
[    0.015538] SRAT: PXM 0 -> APIC 0x0003 -> Node 0
[    0.015538] SRAT: PXM 0 -> APIC 0x0004 -> Node 0
[    0.015539] SRAT: PXM 0 -> APIC 0x0005 -> Node 0
[    0.015539] SRAT: PXM 0 -> APIC 0x0006 -> Node 0
[    0.015540] SRAT: PXM 0 -> APIC 0x0007 -> Node 0
[    0.015540] SRAT: PXM 0 -> APIC 0x0008 -> Node 0
[    0.015540] SRAT: PXM 0 -> APIC 0x0009 -> Node 0
[    0.015541] SRAT: PXM 0 -> APIC 0x000a -> Node 0
[    0.015541] SRAT: PXM 0 -> APIC 0x000b -> Node 0
[    0.015542] SRAT: PXM 0 -> APIC 0x000c -> Node 0
[    0.015542] SRAT: PXM 0 -> APIC 0x000d -> Node 0
[    0.015543] SRAT: PXM 0 -> APIC 0x000e -> Node 0
[    0.015543] SRAT: PXM 0 -> APIC 0x000f -> Node 0
[    0.015544] SRAT: PXM 0 -> APIC 0x0010 -> Node 0
[    0.015544] SRAT: PXM 0 -> APIC 0x0011 -> Node 0
[    0.015544] SRAT: PXM 0 -> APIC 0x0012 -> Node 0
[    0.015545] SRAT: PXM 0 -> APIC 0x0013 -> Node 0
[    0.015545] SRAT: PXM 0 -> APIC 0x0014 -> Node 0
[    0.015546] SRAT: PXM 0 -> APIC 0x0015 -> Node 0
[    0.015546] SRAT: PXM 0 -> APIC 0x0016 -> Node 0
[    0.015546] SRAT: PXM 0 -> APIC 0x0017 -> Node 0
[    0.015547] SRAT: PXM 0 -> APIC 0x0018 -> Node 0
[    0.015547] SRAT: PXM 0 -> APIC 0x0019 -> Node 0
[    0.015548] SRAT: PXM 0 -> APIC 0x001a -> Node 0
[    0.015548] SRAT: PXM 0 -> APIC 0x001b -> Node 0
[    0.015548] SRAT: PXM 0 -> APIC 0x001c -> Node 0
[    0.015549] SRAT: PXM 0 -> APIC 0x001d -> Node 0
[    0.015549] SRAT: PXM 0 -> APIC 0x001e -> Node 0
[    0.015550] SRAT: PXM 0 -> APIC 0x001f -> Node 0
[    0.015550] SRAT: PXM 0 -> APIC 0x0020 -> Node 0
[    0.015550] SRAT: PXM 0 -> APIC 0x0021 -> Node 0
[    0.015551] SRAT: PXM 0 -> APIC 0x0022 -> Node 0
[    0.015551] SRAT: PXM 0 -> APIC 0x0023 -> Node 0
[    0.015552] SRAT: PXM 0 -> APIC 0x0024 -> Node 0
[    0.015552] SRAT: PXM 0 -> APIC 0x0025 -> Node 0
[    0.015553] SRAT: PXM 0 -> APIC 0x0026 -> Node 0
[    0.015553] SRAT: PXM 0 -> APIC 0x0027 -> Node 0
[    0.015553] SRAT: PXM 0 -> APIC 0x0028 -> Node 0
[    0.015554] SRAT: PXM 0 -> APIC 0x0029 -> Node 0
[    0.015554] SRAT: PXM 0 -> APIC 0x002a -> Node 0
[    0.015555] SRAT: PXM 0 -> APIC 0x002b -> Node 0
[    0.015555] SRAT: PXM 0 -> APIC 0x002c -> Node 0
[    0.015555] SRAT: PXM 0 -> APIC 0x002d -> Node 0
[    0.015556] SRAT: PXM 0 -> APIC 0x002e -> Node 0
[    0.015556] SRAT: PXM 0 -> APIC 0x002f -> Node 0
[    0.015557] SRAT: PXM 0 -> APIC 0x0030 -> Node 0
[    0.015557] SRAT: PXM 0 -> APIC 0x0031 -> Node 0
[    0.015557] SRAT: PXM 0 -> APIC 0x0032 -> Node 0
[    0.015558] SRAT: PXM 0 -> APIC 0x0033 -> Node 0
[    0.015558] SRAT: PXM 0 -> APIC 0x0034 -> Node 0
[    0.015559] SRAT: PXM 0 -> APIC 0x0035 -> Node 0
[    0.015559] SRAT: PXM 0 -> APIC 0x0036 -> Node 0
[    0.015560] SRAT: PXM 0 -> APIC 0x0037 -> Node 0
[    0.015560] SRAT: PXM 1 -> APIC 0x0080 -> Node 1
[    0.015560] SRAT: PXM 1 -> APIC 0x0081 -> Node 1
[    0.015561] SRAT: PXM 1 -> APIC 0x0082 -> Node 1
[    0.015561] SRAT: PXM 1 -> APIC 0x0083 -> Node 1
[    0.015562] SRAT: PXM 1 -> APIC 0x0084 -> Node 1
[    0.015562] SRAT: PXM 1 -> APIC 0x0085 -> Node 1
[    0.015563] SRAT: PXM 1 -> APIC 0x0086 -> Node 1
[    0.015563] SRAT: PXM 1 -> APIC 0x0087 -> Node 1
[    0.015563] SRAT: PXM 1 -> APIC 0x0088 -> Node 1
[    0.015564] SRAT: PXM 1 -> APIC 0x0089 -> Node 1
[    0.015564] SRAT: PXM 1 -> APIC 0x008a -> Node 1
[    0.015565] SRAT: PXM 1 -> APIC 0x008b -> Node 1
[    0.015565] SRAT: PXM 1 -> APIC 0x008c -> Node 1
[    0.015565] SRAT: PXM 1 -> APIC 0x008d -> Node 1
[    0.015566] SRAT: PXM 1 -> APIC 0x008e -> Node 1
[    0.015566] SRAT: PXM 1 -> APIC 0x008f -> Node 1
[    0.015567] SRAT: PXM 1 -> APIC 0x0090 -> Node 1
[    0.015567] SRAT: PXM 1 -> APIC 0x0091 -> Node 1
[    0.015567] SRAT: PXM 1 -> APIC 0x0092 -> Node 1
[    0.015568] SRAT: PXM 1 -> APIC 0x0093 -> Node 1
[    0.015568] SRAT: PXM 1 -> APIC 0x0094 -> Node 1
[    0.015569] SRAT: PXM 1 -> APIC 0x0095 -> Node 1
[    0.015569] SRAT: PXM 1 -> APIC 0x0096 -> Node 1
[    0.015569] SRAT: PXM 1 -> APIC 0x0097 -> Node 1
[    0.015570] SRAT: PXM 1 -> APIC 0x0098 -> Node 1
[    0.015570] SRAT: PXM 1 -> APIC 0x0099 -> Node 1
[    0.015571] SRAT: PXM 1 -> APIC 0x009a -> Node 1
[    0.015571] SRAT: PXM 1 -> APIC 0x009b -> Node 1
[    0.015572] SRAT: PXM 1 -> APIC 0x009c -> Node 1
[    0.015572] SRAT: PXM 1 -> APIC 0x009d -> Node 1
[    0.015572] SRAT: PXM 1 -> APIC 0x009e -> Node 1
[    0.015573] SRAT: PXM 1 -> APIC 0x009f -> Node 1
[    0.015573] SRAT: PXM 1 -> APIC 0x00a0 -> Node 1
[    0.015574] SRAT: PXM 1 -> APIC 0x00a1 -> Node 1
[    0.015574] SRAT: PXM 1 -> APIC 0x00a2 -> Node 1
[    0.015574] SRAT: PXM 1 -> APIC 0x00a3 -> Node 1
[    0.015575] SRAT: PXM 1 -> APIC 0x00a4 -> Node 1
[    0.015575] SRAT: PXM 1 -> APIC 0x00a5 -> Node 1
[    0.015576] SRAT: PXM 1 -> APIC 0x00a6 -> Node 1
[    0.015576] SRAT: PXM 1 -> APIC 0x00a7 -> Node 1
[    0.015576] SRAT: PXM 1 -> APIC 0x00a8 -> Node 1
[    0.015577] SRAT: PXM 1 -> APIC 0x00a9 -> Node 1
[    0.015577] SRAT: PXM 1 -> APIC 0x00aa -> Node 1
[    0.015578] SRAT: PXM 1 -> APIC 0x00ab -> Node 1
[    0.015578] SRAT: PXM 1 -> APIC 0x00ac -> Node 1
[    0.015578] SRAT: PXM 1 -> APIC 0x00ad -> Node 1
[    0.015579] SRAT: PXM 1 -> APIC 0x00ae -> Node 1
[    0.015579] SRAT: PXM 1 -> APIC 0x00af -> Node 1
[    0.015580] SRAT: PXM 1 -> APIC 0x00b0 -> Node 1
[    0.015580] SRAT: PXM 1 -> APIC 0x00b1 -> Node 1
[    0.015580] SRAT: PXM 1 -> APIC 0x00b2 -> Node 1
[    0.015581] SRAT: PXM 1 -> APIC 0x00b3 -> Node 1
[    0.015581] SRAT: PXM 1 -> APIC 0x00b4 -> Node 1
[    0.015582] SRAT: PXM 1 -> APIC 0x00b5 -> Node 1
[    0.015582] SRAT: PXM 1 -> APIC 0x00b6 -> Node 1
[    0.015582] SRAT: PXM 1 -> APIC 0x00b7 -> Node 1
[    0.015595] ACPI: SRAT: Node 0 PXM 0 [mem 0x00000000-0x7fffffff]
[    0.015596] ACPI: SRAT: Node 0 PXM 0 [mem 0x100000000-0x107fffffff]
[    0.015597] ACPI: SRAT: Node 2 PXM 2 [mem 0x2080000000-0x9e7fffffff] non-volatile
[    0.015597] ACPI: SRAT: Node 1 PXM 1 [mem 0x1080000000-0x207fffffff]
[    0.015598] ACPI: SRAT: Node 3 PXM 3 [mem 0x9e80000000-0x11c7fffffff] non-volatile
[    0.015607] NUMA: Initialized distance table, cnt=4
[    0.015610] NUMA: Node 0 [mem 0x00000000-0x7fffffff] + [mem 0x100000000-0x107fffffff] -> [mem 0x00000000-0x107fffffff]
[    0.015618] NODE_DATA(0) allocated [mem 0xffffd5000-0xfffffffff]
[    0.015635] NODE_DATA(1) allocated [mem 0x20658f2000-0x206591cfff]
[    0.015794] Zone ranges:
[    0.015795]   DMA      [mem 0x0000000000001000-0x0000000000ffffff]
[    0.015796]   DMA32    [mem 0x0000000001000000-0x00000000ffffffff]
[    0.015797]   Normal   [mem 0x0000000100000000-0x000000207fffffff]
[    0.015797]   Device   empty
[    0.015798] Movable zone start for each node
[    0.015801] Early memory node ranges
[    0.015802]   node   0: [mem 0x0000000000001000-0x000000000008efff]
[    0.015803]   node   0: [mem 0x0000000000090000-0x000000000009ffff]
[    0.015803]   node   0: [mem 0x0000000000100000-0x0000000049e76fff]
[    0.015804]   node   0: [mem 0x000000004ae77000-0x000000004b2cefff]
[    0.015804]   node   0: [mem 0x000000004b54e000-0x000000004bd93fff]
[    0.015805]   node   0: [mem 0x000000004be9a000-0x000000004cdfffff]
[    0.015805]   node   0: [mem 0x000000004d000000-0x000000005eefdfff]
[    0.015806]   node   0: [mem 0x000000006f7ff000-0x000000006f7fffff]
[    0.015806]   node   0: [mem 0x0000000a72c00000-0x0000000fffffffff]
[    0.015808]   node   1: [mem 0x0000001ec0000000-0x000000207fffffff]
[    0.016352] Zeroed struct page in unavailable ranges: 53992 pages
[    0.016354] Initmem setup node 0 [mem 0x0000000000001000-0x0000000fffffffff]
[    0.016355] On node 0 totalpages: 6204696
[    0.016356]   DMA zone: 64 pages used for memmap
[    0.016357]   DMA zone: 1102 pages reserved
[    0.016357]   DMA zone: 3998 pages, LIFO batch:0
[    0.016402]   DMA32 zone: 5926 pages used for memmap
[    0.016403]   DMA32 zone: 379258 pages, LIFO batch:63
[    0.022108]   Normal zone: 90960 pages used for memmap
[    0.022110]   Normal zone: 5821440 pages, LIFO batch:63
[    0.100666] Initmem setup node 1 [mem 0x0000001ec0000000-0x000000207fffffff]
[    0.100669] On node 1 totalpages: 1835008
[    0.100670]   Normal zone: 28672 pages used for memmap
[    0.100670]   Normal zone: 1835008 pages, LIFO batch:63
[    0.120752] ACPI: PM-Timer IO Port: 0x508
[    0.120756] ACPI: Local APIC address 0xfee00000
[    0.120774] ACPI: X2APIC_NMI (uid[0xffffffff] high edge lint[0x1])
[    0.120776] ACPI: LAPIC_NMI (acpi_id[0xff] high edge lint[0x1])
[    0.120796] IOAPIC[0]: apic_id 8, version 32, address 0xfec00000, GSI 0-119
[    0.120798] ACPI: INT_SRC_OVR (bus 0 bus_irq 0 global_irq 2 dfl dfl)
[    0.120799] ACPI: INT_SRC_OVR (bus 0 bus_irq 9 global_irq 9 high level)
[    0.120801] ACPI: IRQ0 used by override.
[    0.120802] ACPI: IRQ9 used by override.
[    0.120804] Using ACPI (MADT) for SMP configuration information
[    0.120805] ACPI: HPET id: 0x8086a701 base: 0xfed00000
[    0.120811] smpboot: Allowing 112 CPUs, 0 hotplug CPUs
[    0.120837] PM: Registered nosave memory: [mem 0x00000000-0x00000fff]
[    0.120839] PM: Registered nosave memory: [mem 0x0008f000-0x0008ffff]
[    0.120841] PM: Registered nosave memory: [mem 0x000a0000-0x000fffff]
[    0.120842] PM: Registered nosave memory: [mem 0x47bdd000-0x47bddfff]
[    0.120844] PM: Registered nosave memory: [mem 0x47c0e000-0x47c0efff]
[    0.120844] PM: Registered nosave memory: [mem 0x47c0f000-0x47c0ffff]
[    0.120846] PM: Registered nosave memory: [mem 0x47c41000-0x47c41fff]
[    0.120846] PM: Registered nosave memory: [mem 0x47c42000-0x47c42fff]
[    0.120847] PM: Registered nosave memory: [mem 0x47c74000-0x47c74fff]
[    0.120848] PM: Registered nosave memory: [mem 0x47c75000-0x47c75fff]
[    0.120849] PM: Registered nosave memory: [mem 0x47c7d000-0x47c7dfff]
[    0.120851] PM: Registered nosave memory: [mem 0x49e77000-0x4ae76fff]
[    0.120853] PM: Registered nosave memory: [mem 0x4b2cf000-0x4b54dfff]
[    0.120854] PM: Registered nosave memory: [mem 0x4bd94000-0x4be99fff]
[    0.120855] PM: Registered nosave memory: [mem 0x4ce00000-0x4cffffff]
[    0.120857] PM: Registered nosave memory: [mem 0x5eefe000-0x6e3fefff]
[    0.120857] PM: Registered nosave memory: [mem 0x6e3ff000-0x6f3fefff]
[    0.120858] PM: Registered nosave memory: [mem 0x6f3ff000-0x6f7fefff]
[    0.120859] PM: Registered nosave memory: [mem 0x6f800000-0x8fffffff]
[    0.120860] PM: Registered nosave memory: [mem 0x90000000-0xfdffffff]
[    0.120860] PM: Registered nosave memory: [mem 0xfe000000-0xfe010fff]
[    0.120861] PM: Registered nosave memory: [mem 0xfe011000-0xffffffff]
[    0.120861] PM: Registered nosave memory: [mem 0x100000000-0xa72bfffff]
[    0.120863] PM: Registered nosave memory: [mem 0x1000000000-0x1ebfffffff]
[    0.120864] [mem 0x90000000-0xfdffffff] available for PCI devices
[    0.120866] Booting paravirtualized kernel on bare hardware
[    0.120869] clocksource: refined-jiffies: mask: 0xffffffff max_cycles: 0xffffffff, max_idle_ns: 7645519600211568 ns
[    0.120876] setup_percpu: NR_CPUS:8192 nr_cpumask_bits:112 nr_cpu_ids:112 nr_node_ids:4
[    0.125541] percpu: Embedded 55 pages/cpu s188416 r8192 d28672 u262144
[    0.125550] pcpu-alloc: s188416 r8192 d28672 u262144 alloc=1*2097152
[    0.125552] pcpu-alloc: [0] 000 002 004 006 008 010 012 014 
[    0.125554] pcpu-alloc: [0] 016 018 020 022 024 026 028 030 
[    0.125556] pcpu-alloc: [0] 032 034 036 038 040 042 044 046 
[    0.125557] pcpu-alloc: [0] 048 050 052 054 056 058 060 062 
[    0.125558] pcpu-alloc: [0] 064 066 068 070 072 074 076 078 
[    0.125560] pcpu-alloc: [0] 080 082 084 086 088 090 092 094 
[    0.125561] pcpu-alloc: [0] 096 098 100 102 104 106 108 110 
[    0.125563] pcpu-alloc: [1] 001 003 005 007 009 011 013 015 
[    0.125564] pcpu-alloc: [1] 017 019 021 023 025 027 029 031 
[    0.125565] pcpu-alloc: [1] 033 035 037 039 041 043 045 047 
[    0.125567] pcpu-alloc: [1] 049 051 053 055 057 059 061 063 
[    0.125568] pcpu-alloc: [1] 065 067 069 071 073 075 077 079 
[    0.125569] pcpu-alloc: [1] 081 083 085 087 089 091 093 095 
[    0.125571] pcpu-alloc: [1] 097 099 101 103 105 107 109 111 
[    0.125616] Built 2 zonelists, mobility grouping on.  Total pages: 7912980
[    0.125617] Policy zone: Normal
[    0.125619] Kernel command line: BOOT_IMAGE=/boot/vmlinuz-5.3.1-multiclock root=UUID=ce0c24b8-724b-4f33-9b2c-618433560aef ro memmap=38700M!4096M memmap=59G!64G quiet splash nomodeset vt.handoff=1
[    0.125730] You have booted with nomodeset. This means your GPU drivers are DISABLED
[    0.125730] Any video related functionality will be severely degraded, and you may not even be able to suspend the system properly
[    0.125730] Unless you actually understand what nomodeset does, you should reboot without enabling it
[    0.125748] printk: log_buf_len individual max cpu contribution: 4096 bytes
[    0.125748] printk: log_buf_len total cpu_extra contributions: 454656 bytes
[    0.125749] printk: log_buf_len min size: 262144 bytes
[    0.125911] printk: log_buf_len: 1048576 bytes
[    0.125912] printk: early log buf free: 221788(84%)
[    0.127418] mem auto-init: stack:off, heap alloc:on, heap free:off
[    0.133413] Calgary: detecting Calgary via BIOS EBDA area
[    0.133415] Calgary: Unable to locate Rio Grande table in EBDA - bailing!
[    0.200932] Memory: 30966584K/32158816K available (14339K kernel code, 2373K rwdata, 4660K rodata, 2680K init, 5056K bss, 1192232K reserved, 0K cma-reserved)
[    0.201556] SLUB: HWalign=64, Order=0-3, MinObjects=0, CPUs=112, Nodes=4
[    0.201582] ftrace: allocating 43047 entries in 169 pages
[    0.218555] rcu: Hierarchical RCU implementation.
[    0.218557] rcu: 	RCU restricting CPUs from NR_CPUS=8192 to nr_cpu_ids=112.
[    0.218558] 	Tasks RCU enabled.
[    0.218558] rcu: RCU calculated value of scheduler-enlistment delay is 25 jiffies.
[    0.218559] rcu: Adjusting geometry for rcu_fanout_leaf=16, nr_cpu_ids=112
[    0.221206] NR_IRQS: 524544, nr_irqs: 2952, preallocated irqs: 16
[    0.221586] random: crng done (trusting CPU's manufacturer)
[    0.221760] Console: colour dummy device 80x25
[    0.221776] printk: console [tty0] enabled
[    0.221869] mempolicy: Enabling automatic NUMA balancing. Configure with numa_balancing= or the kernel.numa_balancing sysctl
[    0.221872] ACPI: Core revision 20190703
[    0.225289] clocksource: hpet: mask: 0xffffffff max_cycles: 0xffffffff, max_idle_ns: 79635855245 ns
[    0.225333] APIC: Switch to symmetric I/O mode setup
[    0.225335] DMAR: Host address width 46
[    0.225336] DMAR: DRHD base: 0x000000d0ffc000 flags: 0x0
[    0.225341] DMAR: dmar0: reg_base_addr d0ffc000 ver 4:0 cap 8ed008c40780466 ecap 60000f050df
[    0.225342] DMAR: DRHD base: 0x000000dbbfc000 flags: 0x0
[    0.225346] DMAR: dmar1: reg_base_addr dbbfc000 ver 4:0 cap 8ed008c40780466 ecap 60000f050df
[    0.225346] DMAR: DRHD base: 0x000000e67fc000 flags: 0x0
[    0.225350] DMAR: dmar2: reg_base_addr e67fc000 ver 4:0 cap 8ed008c40780466 ecap 60000f050df
[    0.225351] DMAR: DRHD base: 0x000000f13fc000 flags: 0x0
[    0.225354] DMAR: dmar3: reg_base_addr f13fc000 ver 4:0 cap 8ed008c40780466 ecap 60000f050df
[    0.225355] DMAR: DRHD base: 0x000000fb7fc000 flags: 0x0
[    0.225358] DMAR: dmar4: reg_base_addr fb7fc000 ver 4:0 cap 8ed008c40780466 ecap 60000f050df
[    0.225358] DMAR: DRHD base: 0x000000a63fc000 flags: 0x0
[    0.225361] DMAR: dmar5: reg_base_addr a63fc000 ver 4:0 cap 8ed008c40780466 ecap 60000f050df
[    0.225362] DMAR: DRHD base: 0x000000b0ffc000 flags: 0x0
[    0.225364] DMAR: dmar6: reg_base_addr b0ffc000 ver 4:0 cap 8ed008c40780466 ecap 60000f050df
[    0.225365] DMAR: DRHD base: 0x000000bbbfc000 flags: 0x0
[    0.225370] DMAR: dmar7: reg_base_addr bbbfc000 ver 4:0 cap 8ed008c40780466 ecap 60000f050df
[    0.225371] DMAR: DRHD base: 0x000000c5ffc000 flags: 0x0
[    0.225374] DMAR: dmar8: reg_base_addr c5ffc000 ver 4:0 cap 8ed008c40780466 ecap 60000f050df
[    0.225374] DMAR: DRHD base: 0x0000009b7fc000 flags: 0x1
[    0.225377] DMAR: dmar9: reg_base_addr 9b7fc000 ver 4:0 cap 8ed008c40780466 ecap 60000f050df
[    0.225378] DMAR: RMRR base: 0x00000069427000 end: 0x00000069429fff
[    0.225378] DMAR: ATSR flags: 0x0
[    0.225381] DMAR-IR: IOAPIC id 8 under DRHD base  0x9b7fc000 IOMMU 9
[    0.225381] DMAR-IR: HPET id 0 under DRHD base 0x9b7fc000
[    0.225382] DMAR-IR: Queued invalidation will be enabled to support x2apic and Intr-remapping.
[    0.227788] DMAR-IR: Enabled IRQ remapping in x2apic mode
[    0.230412] ..TIMER: vector=0x30 apic1=0 pin1=2 apic2=-1 pin2=-1
[    0.249259] clocksource: tsc-early: mask: 0xffffffffffffffff max_cycles: 0x39a85c9bff6, max_idle_ns: 881590591483 ns
[    0.249264] Calibrating delay loop (skipped), value calculated using timer frequency.. 4000.00 BogoMIPS (lpj=8000000)
[    0.249266] pid_max: default: 114688 minimum: 896
[    0.253274] LSM: Security Framework initializing
[    0.253291] Yama: becoming mindful.
[    0.253657] AppArmor: AppArmor initialized
[    0.258280] Dentry cache hash table entries: 4194304 (order: 13, 33554432 bytes, vmalloc)
[    0.260589] Inode-cache hash table entries: 2097152 (order: 12, 16777216 bytes, vmalloc)
[    0.260720] Mount-cache hash table entries: 65536 (order: 7, 524288 bytes, vmalloc)
[    0.260792] Mountpoint-cache hash table entries: 65536 (order: 7, 524288 bytes, vmalloc)
[    0.261098] *** VALIDATE proc ***
[    0.261365] *** VALIDATE cgroup1 ***
[    0.261366] *** VALIDATE cgroup2 ***
[    0.261486] x86/tme: not enabled by BIOS
[    0.261490] x86/cpu: User Mode Instruction Prevention (UMIP) activated
[    0.261565] mce: CPU0: Thermal monitoring enabled (TM1)
[    0.261776] process: using mwait in idle threads
[    0.261778] Last level iTLB entries: 4KB 0, 2MB 0, 4MB 0
[    0.261779] Last level dTLB entries: 4KB 0, 2MB 0, 4MB 0, 1GB 0
[    0.261782] Spectre V1 : Mitigation: usercopy/swapgs barriers and __user pointer sanitization
[    0.261784] Spectre V2 : Mitigation: Enhanced IBRS
[    0.261785] Spectre V2 : Spectre v2 / SpectreRSB mitigation: Filling RSB on context switch
[    0.261786] Spectre V2 : mitigation: Enabling conditional Indirect Branch Prediction Barrier
[    0.261787] Speculative Store Bypass: Mitigation: Speculative Store Bypass disabled via prctl and seccomp
[    0.262082] Freeing SMP alternatives memory: 40K
[    0.265429] TSC deadline timer enabled
[    0.265438] smpboot: CPU0: Intel(R) Xeon(R) Gold 6330 CPU @ 2.00GHz (family: 0x6, model: 0x6a, stepping: 0x6)
[    0.265643] Performance Events: PEBS fmt4+-baseline, Icelake events, 32-deep LBR, full-width counters, Intel PMU driver.
[    0.265649] ... version:                5
[    0.265649] ... bit width:              48
[    0.265650] ... generic registers:      8
[    0.265650] ... value mask:             0000ffffffffffff
[    0.265651] ... max period:             00007fffffffffff
[    0.265651] ... fixed-purpose events:   4
[    0.265651] ... event mask:             0000000f000000ff
[    0.265772] rcu: Hierarchical SRCU implementation.
[    0.273112] NMI watchdog: Enabled. Permanently consumes one hw-PMU counter.
[    0.274368] smp: Bringing up secondary CPUs ...
[    0.274486] x86: Booting SMP configuration:
[    0.274487] .... node  #1, CPUs:          #1
[    0.003740] smpboot: CPU 1 Converting physical 0 to logical die 1
[    0.361369] .... node  #0, CPUs:     #2
[    0.366717] .... node  #1, CPUs:     #3
[    0.372120] .... node  #0, CPUs:     #4
[    0.377467] .... node  #1, CPUs:     #5
[    0.382825] .... node  #0, CPUs:     #6
[    0.388355] .... node  #1, CPUs:     #7
[    0.393915] .... node  #0, CPUs:     #8
[    0.399168] .... node  #1, CPUs:     #9
[    0.404867] .... node  #0, CPUs:    #10
[    0.410538] .... node  #1, CPUs:    #11
[    0.416246] .... node  #0, CPUs:    #12
[    0.421725] .... node  #1, CPUs:    #13
[    0.427057] .... node  #0, CPUs:    #14
[    0.432252] .... node  #1, CPUs:    #15
[    0.437551] .... node  #0, CPUs:    #16
[    0.442793] .... node  #1, CPUs:    #17
[    0.448075] .... node  #0, CPUs:    #18
[    0.453432] .... node  #1, CPUs:    #19
[    0.458915] .... node  #0, CPUs:    #20
[    0.464123] .... node  #1, CPUs:    #21
[    0.469689] .... node  #0, CPUs:    #22
[    0.475095] .... node  #1, CPUs:    #23
[    0.480347] .... node  #0, CPUs:    #24
[    0.485951] .... node  #1, CPUs:    #25
[    0.491251] .... node  #0, CPUs:    #26
[    0.496431] .... node  #1, CPUs:    #27
[    0.501711] .... node  #0, CPUs:    #28
[    0.507177] .... node  #1, CPUs:    #29
[    0.512449] .... node  #0, CPUs:    #30
[    0.517622] .... node  #1, CPUs:    #31
[    0.523070] .... node  #0, CPUs:    #32
[    0.528325] .... node  #1, CPUs:    #33
[    0.533658] .... node  #0, CPUs:    #34
[    0.539071] .... node  #1, CPUs:    #35
[    0.544353] .... node  #0, CPUs:    #36
[    0.549516] .... node  #1, CPUs:    #37
[    0.554809] .... node  #0, CPUs:    #38
[    0.560340] .... node  #1, CPUs:    #39
[    0.565832] .... node  #0, CPUs:    #40
[    0.571394] .... node  #1, CPUs:    #41
[    0.577325] .... node  #0, CPUs:    #42
[    0.582397] .... node  #1, CPUs:    #43
[    0.588008] .... node  #0, CPUs:    #44
[    0.593428] .... node  #1, CPUs:    #45
[    0.598788] .... node  #0, CPUs:    #46
[    0.604285] .... node  #1, CPUs:    #47
[    0.609713] .... node  #0, CPUs:    #48
[    0.615016] .... node  #1, CPUs:    #49
[    0.620416] .... node  #0, CPUs:    #50
[    0.625857] .... node  #1, CPUs:    #51
[    0.631476] .... node  #0, CPUs:    #52
[    0.636906] .... node  #1, CPUs:    #53
[    0.642454] .... node  #0, CPUs:    #54
[    0.648119] .... node  #1, CPUs:    #55
[    0.653889] .... node  #0, CPUs:    #56
[    0.659509] .... node  #1, CPUs:    #57
[    0.665376] .... node  #0, CPUs:    #58
[    0.670750] .... node  #1, CPUs:    #59
[    0.676156] .... node  #0, CPUs:    #60
[    0.681506] .... node  #1, CPUs:    #61
[    0.686874] .... node  #0, CPUs:    #62
[    0.692434] .... node  #1, CPUs:    #63
[    0.697993] .... node  #0, CPUs:    #64
[    0.703280] .... node  #1, CPUs:    #65
[    0.708988] .... node  #0, CPUs:    #66
[    0.714698] .... node  #1, CPUs:    #67
[    0.720423] .... node  #0, CPUs:    #68
[    0.725916] .... node  #1, CPUs:    #69
[    0.731277] .... node  #0, CPUs:    #70
[    0.736490] .... node  #1, CPUs:    #71
[    0.741789] .... node  #0, CPUs:    #72
[    0.747053] .... node  #1, CPUs:    #73
[    0.752357] .... node  #0, CPUs:    #74
[    0.757585] .... node  #1, CPUs:    #75
[    0.763220] .... node  #0, CPUs:    #76
[    0.768441] .... node  #1, CPUs:    #77
[    0.774039] .... node  #0, CPUs:    #78
[    0.779454] .... node  #1, CPUs:    #79
[    0.784720] .... node  #0, CPUs:    #80
[    0.790334] .... node  #1, CPUs:    #81
[    0.795655] .... node  #0, CPUs:    #82
[    0.800856] .... node  #1, CPUs:    #83
[    0.806153] .... node  #0, CPUs:    #84
[    0.811650] .... node  #1, CPUs:    #85
[    0.816932] .... node  #0, CPUs:    #86
[    0.822134] .... node  #1, CPUs:    #87
[    0.827599] .... node  #0, CPUs:    #88
[    0.832869] .... node  #1, CPUs:    #89
[    0.838237] .... node  #0, CPUs:    #90
[    0.843645] .... node  #1, CPUs:    #91
[    0.848951] .... node  #0, CPUs:    #92
[    0.854134] .... node  #1, CPUs:    #93
[    0.859452] .... node  #0, CPUs:    #94
[    0.864995] .... node  #1, CPUs:    #95
[    0.870500] .... node  #0, CPUs:    #96
[    0.876085] .... node  #1, CPUs:    #97
[    0.881818] .... node  #0, CPUs:    #98
[    0.887107] .... node  #1, CPUs:    #99
[    0.892746] .... node  #0, CPUs:   #100
[    0.898070] .... node  #1, CPUs:   #101
[    0.903529] .... node  #0, CPUs:   #102
[    0.909333] .... node  #1, CPUs:   #103
[    0.914501] .... node  #0, CPUs:   #104
[    0.919829] .... node  #1, CPUs:   #105
[    0.925371] .... node  #0, CPUs:   #106
[    0.930709] .... node  #1, CPUs:   #107
[    0.936348] .... node  #0, CPUs:   #108
[    0.941791] .... node  #1, CPUs:   #109
[    0.947380] .... node  #0, CPUs:   #110
[    0.953336] .... node  #1, CPUs:   #111
[    0.958852] smp: Brought up 2 nodes, 112 CPUs
[    0.958852] smpboot: Max logical packages: 2
[    0.958852] smpboot: Total of 112 processors activated (448070.22 BogoMIPS)
[    0.968152] devtmpfs: initialized
[    0.968152] x86/mm: Memory block size: 2048MB
[    0.968152] PM: Registering ACPI NVS region [mem 0x49e77000-0x4ae76fff] (16777216 bytes)
[    0.968152] PM: Registering ACPI NVS region [mem 0x6e3ff000-0x6f3fefff] (16777216 bytes)
[    0.969283] clocksource: jiffies: mask: 0xffffffff max_cycles: 0xffffffff, max_idle_ns: 7645041785100000 ns
[    0.969583] futex hash table entries: 32768 (order: 9, 2097152 bytes, vmalloc)
[    0.970179] pinctrl core: initialized pinctrl subsystem
[    0.970310] PM: RTC time: 13:44:58, date: 2024-05-15
[    0.970575] NET: Registered protocol family 16
[    0.970687] audit: initializing netlink subsys (disabled)
[    0.970692] audit: type=2000 audit(1715780697.748:1): state=initialized audit_enabled=0 res=1
[    0.970692] EISA bus registered
[    0.970692] cpuidle: using governor ladder
[    0.970692] cpuidle: using governor menu
[    0.970692] ACPI FADT declares the system doesn't support PCIe ASPM, so disable it
[    0.970692] ACPI: bus type PCI registered
[    0.970692] acpiphp: ACPI Hot Plug PCI Controller Driver version: 0.5
[    0.970692] PCI: MMCONFIG for domain 0000 [bus 00-ff] at [mem 0x80000000-0x8fffffff] (base 0x80000000)
[    0.970692] PCI: MMCONFIG at [mem 0x80000000-0x8fffffff] reserved in E820
[    0.970692] pmd_set_huge: Cannot satisfy [mem 0x80000000-0x80200000] with a huge-page mapping due to MTRR override.
[    0.970692] PCI: Using configuration type 1 for base access
[    0.970692] PCI: Dell System detected, enabling pci=bfsort.
[    0.973267] ENERGY_PERF_BIAS: Set to 'normal', was 'performance'
[    0.977554] HugeTLB registered 1.00 GiB page size, pre-allocated 0 pages
[    0.977554] HugeTLB registered 2.00 MiB page size, pre-allocated 0 pages
[    0.981667] ACPI: Added _OSI(Module Device)
[    0.981668] ACPI: Added _OSI(Processor Device)
[    0.981669] ACPI: Added _OSI(3.0 _SCP Extensions)
[    0.981669] ACPI: Added _OSI(Processor Aggregator Device)
[    0.981670] ACPI: Added _OSI(Linux-Dell-Video)
[    0.981671] ACPI: Added _OSI(Linux-Lenovo-NV-HDMI-Audio)
[    0.981672] ACPI: Added _OSI(Linux-HPI-Hybrid-Graphics)
[    1.147170] ACPI: 8 ACPI AML tables successfully acquired and loaded
[    1.154320] ACPI: [Firmware Bug]: BIOS _OSI(Linux) query ignored
[    1.160994] ACPI: Dynamic OEM Table Load:
[    1.553704] ACPI: Interpreter enabled
[    1.553722] ACPI: (supports S0 S5)
[    1.553724] ACPI: Using IOAPIC for interrupt routing
[    1.553812] HEST: Table parsing has been initialized.
[    1.553815] PCI: Using host bridge windows from ACPI; if necessary, use "pci=nocrs" and report a bug
[    1.582681] ACPI: Enabled 4 GPEs in block 00 to 7F
[    1.707001] ACPI: PCI Root Bridge [PC00] (domain 0000 [bus 00-15])
[    1.707006] acpi PNP0A08:00: _OSC: OS supports [ExtendedConfig ASPM ClockPM Segments MSI HPX-Type3]
[    1.707085] acpi PNP0A08:00: PCIe AER handled by firmware
[    1.707197] acpi PNP0A08:00: _OSC: platform does not support [SHPCHotplug LTR]
[    1.707403] acpi PNP0A08:00: _OSC: OS now controls [PCIeHotplug PME PCIeCapability]
[    1.707404] acpi PNP0A08:00: FADT indicates ASPM is unsupported, using BIOS configuration
[    1.709210] PCI host bridge to bus 0000:00
[    1.709212] pci_bus 0000:00: root bus resource [io  0x0000-0x0cf7 window]
[    1.709213] pci_bus 0000:00: root bus resource [io  0x1000-0x4fff window]
[    1.709214] pci_bus 0000:00: root bus resource [mem 0x000a0000-0x000bffff window]
[    1.709215] pci_bus 0000:00: root bus resource [mem 0x000c8000-0x000cffff window]
[    1.709215] pci_bus 0000:00: root bus resource [mem 0xfe010000-0xfe010fff window]
[    1.709216] pci_bus 0000:00: root bus resource [mem 0x90000000-0x9b7fffff window]
[    1.709217] pci_bus 0000:00: root bus resource [mem 0x200000000000-0x20ffffffffff window]
[    1.709218] pci_bus 0000:00: root bus resource [bus 00-15]
[    1.709229] pci 0000:00:00.0: [8086:09a2] type 00 class 0x088000
[    1.709965] pci 0000:00:00.1: [8086:09a4] type 00 class 0x088000
[    1.710677] pci 0000:00:00.2: [8086:09a3] type 00 class 0x088000
[    1.711390] pci 0000:00:00.4: [8086:0998] type 00 class 0x060000
[    1.712104] pci 0000:00:02.0: [8086:09a6] type 00 class 0x088000
[    1.712114] pci 0000:00:02.0: reg 0x10: [mem 0x92dfc000-0x92dfdfff]
[    1.712818] pci 0000:00:02.1: [8086:09a7] type 00 class 0x088000
[    1.712827] pci 0000:00:02.1: reg 0x10: [mem 0x92d00000-0x92d7ffff]
[    1.712832] pci 0000:00:02.1: reg 0x14: [mem 0x92c80000-0x92cfffff]
[    1.713539] pci 0000:00:02.4: [8086:3456] type 00 class 0x130000
[    1.713550] pci 0000:00:02.4: reg 0x10: [mem 0x92a00000-0x92afffff 64bit]
[    1.713556] pci 0000:00:02.4: reg 0x18: [mem 0x92df0000-0x92df3fff 64bit]
[    1.713562] pci 0000:00:02.4: reg 0x20: [mem 0x92dc0000-0x92ddffff 64bit]
[    1.714280] pci 0000:00:11.0: [8086:a1ec] type 00 class 0xff0000
[    1.715057] pci 0000:00:11.5: [8086:a1d2] type 00 class 0x010601
[    1.715074] pci 0000:00:11.5: reg 0x10: [mem 0x92dfa000-0x92dfbfff]
[    1.715081] pci 0000:00:11.5: reg 0x14: [mem 0x92e05000-0x92e050ff]
[    1.715088] pci 0000:00:11.5: reg 0x18: [io  0x2068-0x206f]
[    1.715095] pci 0000:00:11.5: reg 0x1c: [io  0x2074-0x2077]
[    1.715102] pci 0000:00:11.5: reg 0x20: [io  0x2040-0x205f]
[    1.715109] pci 0000:00:11.5: reg 0x24: [mem 0x92b80000-0x92bfffff]
[    1.715147] pci 0000:00:11.5: PME# supported from D3hot
[    1.715873] pci 0000:00:14.0: [8086:a1af] type 00 class 0x0c0330
[    1.715894] pci 0000:00:14.0: reg 0x10: [mem 0x92de0000-0x92deffff 64bit]
[    1.715957] pci 0000:00:14.0: PME# supported from D3hot D3cold
[    1.716680] pci 0000:00:14.2: [8086:a1b1] type 00 class 0x118000
[    1.716700] pci 0000:00:14.2: reg 0x10: [mem 0x92e02000-0x92e02fff 64bit]
[    1.717457] pci 0000:00:16.0: [8086:a1ba] type 00 class 0x078000
[    1.717485] pci 0000:00:16.0: reg 0x10: [mem 0x92e01000-0x92e01fff 64bit]
[    1.717570] pci 0000:00:16.0: PME# supported from D3hot
[    1.718266] pci 0000:00:16.1: [8086:a1bb] type 00 class 0x078000
[    1.718294] pci 0000:00:16.1: reg 0x10: [mem 0x92e00000-0x92e00fff 64bit]
[    1.718379] pci 0000:00:16.1: PME# supported from D3hot
[    1.719077] pci 0000:00:16.4: [8086:a1be] type 00 class 0x078000
[    1.719105] pci 0000:00:16.4: reg 0x10: [mem 0x92dff000-0x92dfffff 64bit]
[    1.719190] pci 0000:00:16.4: PME# supported from D3hot
[    1.719887] pci 0000:00:17.0: [8086:a182] type 00 class 0x010601
[    1.719904] pci 0000:00:17.0: reg 0x10: [mem 0x92df8000-0x92df9fff]
[    1.719911] pci 0000:00:17.0: reg 0x14: [mem 0x92e04000-0x92e040ff]
[    1.719918] pci 0000:00:17.0: reg 0x18: [io  0x2060-0x2067]
[    1.719925] pci 0000:00:17.0: reg 0x1c: [io  0x2070-0x2073]
[    1.719931] pci 0000:00:17.0: reg 0x20: [io  0x2020-0x203f]
[    1.719938] pci 0000:00:17.0: reg 0x24: [mem 0x92b00000-0x92b7ffff]
[    1.719976] pci 0000:00:17.0: PME# supported from D3hot
[    1.720704] pci 0000:00:1c.0: [8086:a190] type 01 class 0x060400
[    1.720783] pci 0000:00:1c.0: PME# supported from D0 D3hot D3cold
[    1.721566] pci 0000:00:1c.4: [8086:a194] type 01 class 0x060400
[    1.721639] pci 0000:00:1c.4: PME# supported from D0 D3hot D3cold
[    1.722401] pci 0000:00:1c.5: [8086:a195] type 01 class 0x060400
[    1.722474] pci 0000:00:1c.5: PME# supported from D0 D3hot D3cold
[    1.723243] pci 0000:00:1f.0: [8086:a1cb] type 00 class 0x060100
[    1.724058] pci 0000:00:1f.2: [8086:a1a1] type 00 class 0x058000
[    1.724073] pci 0000:00:1f.2: reg 0x10: [mem 0x92df4000-0x92df7fff]
[    1.724834] pci 0000:00:1f.4: [8086:a1a3] type 00 class 0x0c0500
[    1.724854] pci 0000:00:1f.4: reg 0x10: [mem 0x92dfe000-0x92dfe0ff 64bit]
[    1.724876] pci 0000:00:1f.4: reg 0x20: [io  0x2000-0x201f]
[    1.725578] pci 0000:00:1f.5: [8086:a1a4] type 00 class 0x0c8000
[    1.725594] pci 0000:00:1f.5: reg 0x10: [mem 0xfe010000-0xfe010fff]
[    1.726355] pci 0000:00:1c.0: PCI bridge to [bus 01]
[    1.726403] pci 0000:02:00.0: [1556:be00] type 01 class 0x060400
[    1.726573] pci 0000:00:1c.4: PCI bridge to [bus 02-03]
[    1.726577] pci 0000:00:1c.4:   bridge window [mem 0x92000000-0x928fffff]
[    1.726581] pci 0000:00:1c.4:   bridge window [mem 0x91000000-0x91ffffff 64bit pref]
[    1.726612] pci_bus 0000:03: extended config space not accessible
[    1.726630] pci 0000:03:00.0: [102b:0536] type 00 class 0x030000
[    1.726649] pci 0000:03:00.0: reg 0x10: [mem 0x91000000-0x91ffffff pref]
[    1.726659] pci 0000:03:00.0: reg 0x14: [mem 0x92808000-0x9280bfff]
[    1.726670] pci 0000:03:00.0: reg 0x18: [mem 0x92000000-0x927fffff]
[    1.726717] pci 0000:03:00.0: BAR 0: assigned to efifb
[    1.726812] pci 0000:02:00.0: PCI bridge to [bus 03]
[    1.726819] pci 0000:02:00.0:   bridge window [mem 0x92000000-0x928fffff]
[    1.726825] pci 0000:02:00.0:   bridge window [mem 0x91000000-0x91ffffff 64bit pref]
[    1.726891] pci 0000:04:00.0: [14e4:165f] type 00 class 0x020000
[    1.726923] pci 0000:04:00.0: reg 0x10: [mem 0x92930000-0x9293ffff 64bit pref]
[    1.726938] pci 0000:04:00.0: reg 0x18: [mem 0x92940000-0x9294ffff 64bit pref]
[    1.726953] pci 0000:04:00.0: reg 0x20: [mem 0x92950000-0x9295ffff 64bit pref]
[    1.726963] pci 0000:04:00.0: reg 0x30: [mem 0xfffc0000-0xffffffff pref]
[    1.727056] pci 0000:04:00.0: PME# supported from D0 D3hot D3cold
[    1.727094] pci 0000:04:00.0: 4.000 Gb/s available PCIe bandwidth, limited by 5 GT/s x1 link at 0000:00:1c.5 (capable of 8.000 Gb/s with 5 GT/s x2 link)
[    1.727222] pci 0000:04:00.1: [14e4:165f] type 00 class 0x020000
[    1.727253] pci 0000:04:00.1: reg 0x10: [mem 0x92900000-0x9290ffff 64bit pref]
[    1.727269] pci 0000:04:00.1: reg 0x18: [mem 0x92910000-0x9291ffff 64bit pref]
[    1.727284] pci 0000:04:00.1: reg 0x20: [mem 0x92920000-0x9292ffff 64bit pref]
[    1.727294] pci 0000:04:00.1: reg 0x30: [mem 0xfffc0000-0xffffffff pref]
[    1.727386] pci 0000:04:00.1: PME# supported from D0 D3hot D3cold
[    1.727531] pci 0000:00:1c.5: PCI bridge to [bus 04]
[    1.727537] pci 0000:00:1c.5:   bridge window [mem 0x92900000-0x929fffff 64bit pref]
[    1.727551] pci_bus 0000:00: on NUMA node 0
[    1.728108] ACPI: PCI Root Bridge [PC01] (domain 0000 [bus 16-2f])
[    1.728111] acpi PNP0A08:01: _OSC: OS supports [ExtendedConfig ASPM ClockPM Segments MSI HPX-Type3]
[    1.728209] acpi PNP0A08:01: PCIe AER handled by firmware
[    1.728316] acpi PNP0A08:01: _OSC: platform does not support [SHPCHotplug]
[    1.728516] acpi PNP0A08:01: _OSC: OS now controls [PCIeHotplug PME PCIeCapability LTR]
[    1.728517] acpi PNP0A08:01: FADT indicates ASPM is unsupported, using BIOS configuration
[    1.728641] PCI host bridge to bus 0000:16
[    1.728642] pci_bus 0000:16: root bus resource [io  0x5000-0x6fff window]
[    1.728642] pci_bus 0000:16: root bus resource [mem 0x9b800000-0xa63fffff window]
[    1.728643] pci_bus 0000:16: root bus resource [mem 0x210000000000-0x21ffffffffff window]
[    1.728644] pci_bus 0000:16: root bus resource [bus 16-2f]
[    1.728651] pci 0000:16:00.0: [8086:09a2] type 00 class 0x088000
[    1.728716] pci 0000:16:00.1: [8086:09a4] type 00 class 0x088000
[    1.728779] pci 0000:16:00.2: [8086:09a3] type 00 class 0x088000
[    1.728842] pci 0000:16:00.4: [8086:0998] type 00 class 0x060000
[    1.728903] pci 0000:16:02.0: [8086:347a] type 01 class 0x060400
[    1.728917] pci 0000:16:02.0: reg 0x10: [mem 0x21fffff00000-0x21fffff1ffff 64bit]
[    1.728953] pci 0000:16:02.0: PME# supported from D0 D3hot D3cold
[    1.729250] pci 0000:17:00.0: [1000:10e2] type 00 class 0x010400
[    1.729271] pci 0000:17:00.0: reg 0x10: [mem 0x9b800000-0x9b8fffff 64bit pref]
[    1.729279] pci 0000:17:00.0: reg 0x18: [mem 0x9b900000-0x9b9fffff 64bit pref]
[    1.729284] pci 0000:17:00.0: reg 0x20: [mem 0x9ba00000-0x9bafffff]
[    1.729290] pci 0000:17:00.0: reg 0x24: [io  0x5000-0x50ff]
[    1.729295] pci 0000:17:00.0: reg 0x30: [mem 0xfff00000-0xffffffff pref]
[    1.730541] pci 0000:17:00.0: supports D1 D2
[    1.730592] pci 0000:16:02.0: PCI bridge to [bus 17]
[    1.730593] pci 0000:16:02.0:   bridge window [io  0x5000-0x5fff]
[    1.730595] pci 0000:16:02.0:   bridge window [mem 0x9ba00000-0x9bafffff]
[    1.730597] pci 0000:16:02.0:   bridge window [mem 0x9b800000-0x9b9fffff 64bit pref]
[    1.730603] pci_bus 0000:16: on NUMA node 0
[    1.730667] ACPI: PCI Root Bridge [PC02] (domain 0000 [bus 30-49])
[    1.730670] acpi PNP0A08:02: _OSC: OS supports [ExtendedConfig ASPM ClockPM Segments MSI HPX-Type3]
[    1.730764] acpi PNP0A08:02: PCIe AER handled by firmware
[    1.730870] acpi PNP0A08:02: _OSC: platform does not support [SHPCHotplug]
[    1.731070] acpi PNP0A08:02: _OSC: OS now controls [PCIeHotplug PME PCIeCapability LTR]
[    1.731071] acpi PNP0A08:02: FADT indicates ASPM is unsupported, using BIOS configuration
[    1.731189] PCI host bridge to bus 0000:30
[    1.731190] pci_bus 0000:30: root bus resource [io  0x7000-0x8fff window]
[    1.731191] pci_bus 0000:30: root bus resource [mem 0xa6400000-0xb0ffffff window]
[    1.731192] pci_bus 0000:30: root bus resource [mem 0x220000000000-0x22ffffffffff window]
[    1.731192] pci_bus 0000:30: root bus resource [bus 30-49]
[    1.731199] pci 0000:30:00.0: [8086:09a2] type 00 class 0x088000
[    1.731265] pci 0000:30:00.1: [8086:09a4] type 00 class 0x088000
[    1.731325] pci 0000:30:00.2: [8086:09a3] type 00 class 0x088000
[    1.731389] pci 0000:30:00.4: [8086:0998] type 00 class 0x060000
[    1.731459] pci_bus 0000:30: on NUMA node 0
[    1.731546] ACPI: PCI Root Bridge [PC04] (domain 0000 [bus 4a-63])
[    1.731548] acpi PNP0A08:04: _OSC: OS supports [ExtendedConfig ASPM ClockPM Segments MSI HPX-Type3]
[    1.731639] acpi PNP0A08:04: PCIe AER handled by firmware
[    1.731743] acpi PNP0A08:04: _OSC: platform does not support [SHPCHotplug]
[    1.731942] acpi PNP0A08:04: _OSC: OS now controls [PCIeHotplug PME PCIeCapability LTR]
[    1.731943] acpi PNP0A08:04: FADT indicates ASPM is unsupported, using BIOS configuration
[    1.732052] PCI host bridge to bus 0000:4a
[    1.732053] pci_bus 0000:4a: root bus resource [io  0x9000-0x9fff window]
[    1.732054] pci_bus 0000:4a: root bus resource [mem 0xb1000000-0xbbbfffff window]
[    1.732055] pci_bus 0000:4a: root bus resource [mem 0x230000000000-0x23ffffffffff window]
[    1.732056] pci_bus 0000:4a: root bus resource [bus 4a-63]
[    1.732062] pci 0000:4a:00.0: [8086:09a2] type 00 class 0x088000
[    1.732125] pci 0000:4a:00.1: [8086:09a4] type 00 class 0x088000
[    1.732185] pci 0000:4a:00.2: [8086:09a3] type 00 class 0x088000
[    1.732253] pci 0000:4a:00.4: [8086:0998] type 00 class 0x060000
[    1.732322] pci_bus 0000:4a: on NUMA node 0
[    1.732381] ACPI: PCI Root Bridge [PC05] (domain 0000 [bus 64-7d])
[    1.732383] acpi PNP0A08:05: _OSC: OS supports [ExtendedConfig ASPM ClockPM Segments MSI HPX-Type3]
[    1.732473] acpi PNP0A08:05: PCIe AER handled by firmware
[    1.732576] acpi PNP0A08:05: _OSC: platform does not support [SHPCHotplug]
[    1.732775] acpi PNP0A08:05: _OSC: OS now controls [PCIeHotplug PME PCIeCapability LTR]
[    1.732775] acpi PNP0A08:05: FADT indicates ASPM is unsupported, using BIOS configuration
[    1.732884] PCI host bridge to bus 0000:64
[    1.732885] pci_bus 0000:64: root bus resource [io  0xa000-0xafff window]
[    1.732885] pci_bus 0000:64: root bus resource [mem 0xbbc00000-0xc5ffffff window]
[    1.732886] pci_bus 0000:64: root bus resource [mem 0x240000000000-0x24ffffffffff window]
[    1.732887] pci_bus 0000:64: root bus resource [bus 64-7d]
[    1.732893] pci 0000:64:00.0: [8086:09a2] type 00 class 0x088000
[    1.732956] pci 0000:64:00.1: [8086:09a4] type 00 class 0x088000
[    1.733018] pci 0000:64:00.2: [8086:09a3] type 00 class 0x088000
[    1.733079] pci 0000:64:00.4: [8086:0998] type 00 class 0x060000
[    1.733150] pci_bus 0000:64: on NUMA node 0
[    1.733205] ACPI: PCI Root Bridge [UC06] (domain 0000 [bus 7e])
[    1.733207] acpi PNP0A03:00: _OSC: OS supports [ExtendedConfig ASPM ClockPM Segments MSI HPX-Type3]
[    1.733282] acpi PNP0A03:00: PCIe AER handled by firmware
[    1.733371] acpi PNP0A03:00: _OSC: platform does not support [SHPCHotplug LTR]
[    1.733541] acpi PNP0A03:00: _OSC: OS now controls [PCIeHotplug PME PCIeCapability]
[    1.733542] acpi PNP0A03:00: FADT indicates ASPM is unsupported, using BIOS configuration
[    1.733675] PCI host bridge to bus 0000:7e
[    1.733676] pci_bus 0000:7e: root bus resource [bus 7e]
[    1.733682] pci 0000:7e:00.0: [8086:3450] type 00 class 0x088000
[    1.733750] pci 0000:7e:00.1: [8086:3451] type 00 class 0x088000
[    1.733814] pci 0000:7e:00.2: [8086:3452] type 00 class 0x088000
[    1.733885] pci 0000:7e:00.3: [8086:0998] type 00 class 0x060000
[    1.733949] pci 0000:7e:00.5: [8086:3455] type 00 class 0x088000
[    1.734018] pci 0000:7e:02.0: [8086:3440] type 00 class 0x088000
[    1.734140] pci 0000:7e:02.1: [8086:3441] type 00 class 0x088000
[    1.734253] pci 0000:7e:02.2: [8086:3442] type 00 class 0x088000
[    1.734368] pci 0000:7e:03.0: [8086:3440] type 00 class 0x088000
[    1.734457] pci 0000:7e:03.1: [8086:3441] type 00 class 0x088000
[    1.734538] pci 0000:7e:03.2: [8086:3442] type 00 class 0x088000
[    1.734630] pci 0000:7e:04.0: [8086:3440] type 00 class 0x088000
[    1.734757] pci 0000:7e:04.1: [8086:3441] type 00 class 0x088000
[    1.734877] pci 0000:7e:04.2: [8086:3442] type 00 class 0x088000
[    1.734999] pci 0000:7e:04.3: [8086:3443] type 00 class 0x088000
[    1.735124] pci 0000:7e:05.0: [8086:3445] type 00 class 0x088000
[    1.735250] pci 0000:7e:05.1: [8086:3446] type 00 class 0x088000
[    1.735368] pci 0000:7e:05.2: [8086:3447] type 00 class 0x088000
[    1.735486] pci 0000:7e:06.0: [8086:3445] type 00 class 0x088000
[    1.735578] pci 0000:7e:06.1: [8086:3446] type 00 class 0x088000
[    1.735663] pci 0000:7e:06.2: [8086:3447] type 00 class 0x088000
[    1.735755] pci 0000:7e:07.0: [8086:3445] type 00 class 0x088000
[    1.735882] pci 0000:7e:07.1: [8086:3446] type 00 class 0x088000
[    1.736007] pci 0000:7e:07.2: [8086:3447] type 00 class 0x088000
[    1.736133] pci 0000:7e:0b.0: [8086:3448] type 00 class 0x088000
[    1.736207] pci 0000:7e:0b.1: [8086:3448] type 00 class 0x088000
[    1.736281] pci 0000:7e:0b.2: [8086:344b] type 00 class 0x088000
[    1.736363] pci 0000:7e:0c.0: [8086:344a] type 00 class 0x110100
[    1.736461] pci 0000:7e:0d.0: [8086:344a] type 00 class 0x110100
[    1.736555] pci 0000:7e:0e.0: [8086:344a] type 00 class 0x110100
[    1.736705] pci 0000:7e:0f.0: [8086:344a] type 00 class 0x110100
[    1.736865] pci 0000:7e:1a.0: [8086:2880] type 00 class 0x110100
[    1.736962] pci 0000:7e:1b.0: [8086:2880] type 00 class 0x110100
[    1.737053] pci 0000:7e:1c.0: [8086:2880] type 00 class 0x110100
[    1.737206] pci 0000:7e:1d.0: [8086:2880] type 00 class 0x110100
[    1.737368] pci_bus 0000:7e: on NUMA node 0
[    1.737444] ACPI: PCI Root Bridge [UC07] (domain 0000 [bus 7f])
[    1.737446] acpi PNP0A03:01: _OSC: OS supports [ExtendedConfig ASPM ClockPM Segments MSI HPX-Type3]
[    1.737522] acpi PNP0A03:01: PCIe AER handled by firmware
[    1.737612] acpi PNP0A03:01: _OSC: platform does not support [SHPCHotplug LTR]
[    1.737780] acpi PNP0A03:01: _OSC: OS now controls [PCIeHotplug PME PCIeCapability]
[    1.737780] acpi PNP0A03:01: FADT indicates ASPM is unsupported, using BIOS configuration
[    1.737925] PCI host bridge to bus 0000:7f
[    1.737926] pci_bus 0000:7f: root bus resource [bus 7f]
[    1.737935] pci 0000:7f:00.0: [8086:344c] type 00 class 0x088000
[    1.738043] pci 0000:7f:00.1: [8086:344c] type 00 class 0x088000
[    1.738161] pci 0000:7f:00.2: [8086:344c] type 00 class 0x088000
[    1.738281] pci 0000:7f:00.3: [8086:344c] type 00 class 0x088000
[    1.738377] pci 0000:7f:00.4: [8086:344c] type 00 class 0x088000
[    1.738505] pci 0000:7f:00.5: [8086:344c] type 00 class 0x088000
[    1.738631] pci 0000:7f:00.6: [8086:344c] type 00 class 0x088000
[    1.738716] pci 0000:7f:00.7: [8086:344c] type 00 class 0x088000
[    1.738811] pci 0000:7f:01.0: [8086:344c] type 00 class 0x088000
[    1.738948] pci 0000:7f:01.1: [8086:344c] type 00 class 0x088000
[    1.739075] pci 0000:7f:01.2: [8086:344c] type 00 class 0x088000
[    1.739162] pci 0000:7f:01.3: [8086:344c] type 00 class 0x088000
[    1.739300] pci 0000:7f:01.4: [8086:344c] type 00 class 0x088000
[    1.739438] pci 0000:7f:01.5: [8086:344c] type 00 class 0x088000
[    1.739581] pci 0000:7f:01.6: [8086:344c] type 00 class 0x088000
[    1.739709] pci 0000:7f:01.7: [8086:344c] type 00 class 0x088000
[    1.739848] pci 0000:7f:02.0: [8086:344c] type 00 class 0x088000
[    1.739987] pci 0000:7f:02.1: [8086:344c] type 00 class 0x088000
[    1.740126] pci 0000:7f:02.2: [8086:344c] type 00 class 0x088000
[    1.740263] pci 0000:7f:02.3: [8086:344c] type 00 class 0x088000
[    1.740409] pci 0000:7f:02.4: [8086:344c] type 00 class 0x088000
[    1.740552] pci 0000:7f:02.5: [8086:344c] type 00 class 0x088000
[    1.740695] pci 0000:7f:02.6: [8086:344c] type 00 class 0x088000
[    1.740849] pci 0000:7f:02.7: [8086:344c] type 00 class 0x088000
[    1.741007] pci 0000:7f:03.0: [8086:344c] type 00 class 0x088000
[    1.741158] pci 0000:7f:03.1: [8086:344c] type 00 class 0x088000
[    1.741316] pci 0000:7f:03.2: [8086:344c] type 00 class 0x088000
[    1.741473] pci 0000:7f:03.3: [8086:344c] type 00 class 0x088000
[    1.741639] pci 0000:7f:0a.0: [8086:344d] type 00 class 0x088000
[    1.741747] pci 0000:7f:0a.1: [8086:344d] type 00 class 0x088000
[    1.741865] pci 0000:7f:0a.2: [8086:344d] type 00 class 0x088000
[    1.741984] pci 0000:7f:0a.3: [8086:344d] type 00 class 0x088000
[    1.742085] pci 0000:7f:0a.4: [8086:344d] type 00 class 0x088000
[    1.742213] pci 0000:7f:0a.5: [8086:344d] type 00 class 0x088000
[    1.742336] pci 0000:7f:0a.6: [8086:344d] type 00 class 0x088000
[    1.742423] pci 0000:7f:0a.7: [8086:344d] type 00 class 0x088000
[    1.742514] pci 0000:7f:0b.0: [8086:344d] type 00 class 0x088000
[    1.742649] pci 0000:7f:0b.1: [8086:344d] type 00 class 0x088000
[    1.742778] pci 0000:7f:0b.2: [8086:344d] type 00 class 0x088000
[    1.742864] pci 0000:7f:0b.3: [8086:344d] type 00 class 0x088000
[    1.743005] pci 0000:7f:0b.4: [8086:344d] type 00 class 0x088000
[    1.743145] pci 0000:7f:0b.5: [8086:344d] type 00 class 0x088000
[    1.743288] pci 0000:7f:0b.6: [8086:344d] type 00 class 0x088000
[    1.743415] pci 0000:7f:0b.7: [8086:344d] type 00 class 0x088000
[    1.743551] pci 0000:7f:0c.0: [8086:344d] type 00 class 0x088000
[    1.743689] pci 0000:7f:0c.1: [8086:344d] type 00 class 0x088000
[    1.743826] pci 0000:7f:0c.2: [8086:344d] type 00 class 0x088000
[    1.743965] pci 0000:7f:0c.3: [8086:344d] type 00 class 0x088000
[    1.744115] pci 0000:7f:0c.4: [8086:344d] type 00 class 0x088000
[    1.744257] pci 0000:7f:0c.5: [8086:344d] type 00 class 0x088000
[    1.744401] pci 0000:7f:0c.6: [8086:344d] type 00 class 0x088000
[    1.744555] pci 0000:7f:0c.7: [8086:344d] type 00 class 0x088000
[    1.744706] pci 0000:7f:0d.0: [8086:344d] type 00 class 0x088000
[    1.744858] pci 0000:7f:0d.1: [8086:344d] type 00 class 0x088000
[    1.745017] pci 0000:7f:0d.2: [8086:344d] type 00 class 0x088000
[    1.745172] pci 0000:7f:0d.3: [8086:344d] type 00 class 0x088000
[    1.745353] pci 0000:7f:1d.0: [8086:344f] type 00 class 0x088000
[    1.745473] pci 0000:7f:1d.1: [8086:3457] type 00 class 0x088000
[    1.745590] pci 0000:7f:1e.0: [8086:3458] type 00 class 0x088000
[    1.745666] pci 0000:7f:1e.1: [8086:3459] type 00 class 0x088000
[    1.745741] pci 0000:7f:1e.2: [8086:345a] type 00 class 0x088000
[    1.745814] pci 0000:7f:1e.3: [8086:345b] type 00 class 0x088000
[    1.745888] pci 0000:7f:1e.4: [8086:345c] type 00 class 0x088000
[    1.745962] pci 0000:7f:1e.5: [8086:345d] type 00 class 0x088000
[    1.746039] pci 0000:7f:1e.6: [8086:345e] type 00 class 0x088000
[    1.746113] pci 0000:7f:1e.7: [8086:345f] type 00 class 0x088000
[    1.746185] pci_bus 0000:7f: on NUMA node 0
[    1.746275] ACPI: PCI Root Bridge [PC06] (domain 0000 [bus 80])
[    1.746277] acpi PNP0A08:06: _OSC: OS supports [ExtendedConfig ASPM ClockPM Segments MSI HPX-Type3]
[    1.746369] acpi PNP0A08:06: PCIe AER handled by firmware
[    1.746474] acpi PNP0A08:06: _OSC: platform does not support [SHPCHotplug]
[    1.746673] acpi PNP0A08:06: _OSC: OS now controls [PCIeHotplug PME PCIeCapability LTR]
[    1.746673] acpi PNP0A08:06: FADT indicates ASPM is unsupported, using BIOS configuration
[    1.746816] PCI host bridge to bus 0000:80
[    1.746817] pci_bus 0000:80: root bus resource [io  0xb000-0xbfff window]
[    1.746818] pci_bus 0000:80: root bus resource [mem 0xc6800000-0xd0ffffff window]
[    1.746818] pci_bus 0000:80: root bus resource [mem 0x250000000000-0x25ffffffffff window]
[    1.746819] pci_bus 0000:80: root bus resource [bus 80]
[    1.746826] pci 0000:80:00.0: [8086:09a2] type 00 class 0x088000
[    1.746906] pci 0000:80:00.1: [8086:09a4] type 00 class 0x088000
[    1.746986] pci 0000:80:00.2: [8086:09a3] type 00 class 0x088000
[    1.747063] pci 0000:80:00.4: [8086:0998] type 00 class 0x060000
[    1.747140] pci 0000:80:02.0: [8086:09a6] type 00 class 0x088000
[    1.747150] pci 0000:80:02.0: reg 0x10: [mem 0xc6aa4000-0xc6aa5fff]
[    1.747214] pci 0000:80:02.1: [8086:09a7] type 00 class 0x088000
[    1.747224] pci 0000:80:02.1: reg 0x10: [mem 0xc6a00000-0xc6a7ffff]
[    1.747229] pci 0000:80:02.1: reg 0x14: [mem 0xc6980000-0xc69fffff]
[    1.747296] pci 0000:80:02.4: [8086:3456] type 00 class 0x130000
[    1.747308] pci 0000:80:02.4: reg 0x10: [mem 0xc6800000-0xc68fffff 64bit]
[    1.747315] pci 0000:80:02.4: reg 0x18: [mem 0xc6aa0000-0xc6aa3fff 64bit]
[    1.747322] pci 0000:80:02.4: reg 0x20: [mem 0xc6a80000-0xc6a9ffff 64bit]
[    1.747382] pci_bus 0000:80: on NUMA node 1
[    1.747448] ACPI: PCI Root Bridge [PC07] (domain 0000 [bus 81])
[    1.747450] acpi PNP0A08:07: _OSC: OS supports [ExtendedConfig ASPM ClockPM Segments MSI HPX-Type3]
[    1.747541] acpi PNP0A08:07: PCIe AER handled by firmware
[    1.747645] acpi PNP0A08:07: _OSC: platform does not support [SHPCHotplug]
[    1.747844] acpi PNP0A08:07: _OSC: OS now controls [PCIeHotplug PME PCIeCapability LTR]
[    1.747845] acpi PNP0A08:07: FADT indicates ASPM is unsupported, using BIOS configuration
[    1.747963] PCI host bridge to bus 0000:81
[    1.747964] pci_bus 0000:81: root bus resource [io  0xc000-0xcfff window]
[    1.747965] pci_bus 0000:81: root bus resource [mem 0xd1000000-0xdbbfffff window]
[    1.747966] pci_bus 0000:81: root bus resource [mem 0x260000000000-0x26ffffffffff window]
[    1.747966] pci_bus 0000:81: root bus resource [bus 81]
[    1.747974] pci 0000:81:00.0: [8086:09a2] type 00 class 0x088000
[    1.748042] pci 0000:81:00.1: [8086:09a4] type 00 class 0x088000
[    1.748108] pci 0000:81:00.2: [8086:09a3] type 00 class 0x088000
[    1.748176] pci 0000:81:00.4: [8086:0998] type 00 class 0x060000
[    1.748256] pci_bus 0000:81: on NUMA node 1
[    1.748315] ACPI: PCI Root Bridge [PC08] (domain 0000 [bus 82])
[    1.748317] acpi PNP0A08:08: _OSC: OS supports [ExtendedConfig ASPM ClockPM Segments MSI HPX-Type3]
[    1.748407] acpi PNP0A08:08: PCIe AER handled by firmware
[    1.748511] acpi PNP0A08:08: _OSC: platform does not support [SHPCHotplug]
[    1.748710] acpi PNP0A08:08: _OSC: OS now controls [PCIeHotplug PME PCIeCapability LTR]
[    1.748710] acpi PNP0A08:08: FADT indicates ASPM is unsupported, using BIOS configuration
[    1.748819] PCI host bridge to bus 0000:82
[    1.748820] pci_bus 0000:82: root bus resource [io  0xd000-0xdfff window]
[    1.748821] pci_bus 0000:82: root bus resource [mem 0xdbc00000-0xe67fffff window]
[    1.748822] pci_bus 0000:82: root bus resource [mem 0x270000000000-0x27ffffffffff window]
[    1.748822] pci_bus 0000:82: root bus resource [bus 82]
[    1.748830] pci 0000:82:00.0: [8086:09a2] type 00 class 0x088000
[    1.748898] pci 0000:82:00.1: [8086:09a4] type 00 class 0x088000
[    1.748966] pci 0000:82:00.2: [8086:09a3] type 00 class 0x088000
[    1.749038] pci 0000:82:00.4: [8086:0998] type 00 class 0x060000
[    1.749118] pci_bus 0000:82: on NUMA node 1
[    1.749202] ACPI: PCI Root Bridge [PC10] (domain 0000 [bus 83-f9])
[    1.749204] acpi PNP0A08:0a: _OSC: OS supports [ExtendedConfig ASPM ClockPM Segments MSI HPX-Type3]
[    1.749295] acpi PNP0A08:0a: PCIe AER handled by firmware
[    1.749400] acpi PNP0A08:0a: _OSC: platform does not support [SHPCHotplug]
[    1.749602] acpi PNP0A08:0a: _OSC: OS now controls [PCIeHotplug PME PCIeCapability LTR]
[    1.749602] acpi PNP0A08:0a: FADT indicates ASPM is unsupported, using BIOS configuration
[    1.749722] PCI host bridge to bus 0000:83
[    1.749723] pci_bus 0000:83: root bus resource [io  0xe000-0xefff window]
[    1.749724] pci_bus 0000:83: root bus resource [mem 0xe6800000-0xf13fffff window]
[    1.749724] pci_bus 0000:83: root bus resource [mem 0x280000000000-0x28ffffffffff window]
[    1.749725] pci_bus 0000:83: root bus resource [bus 83-f9]
[    1.749732] pci 0000:83:00.0: [8086:09a2] type 00 class 0x088000
[    1.749801] pci 0000:83:00.1: [8086:09a4] type 00 class 0x088000
[    1.749868] pci 0000:83:00.2: [8086:09a3] type 00 class 0x088000
[    1.749937] pci 0000:83:00.4: [8086:0998] type 00 class 0x060000
[    1.750016] pci_bus 0000:83: on NUMA node 1
[    1.750075] ACPI: PCI Root Bridge [PC11] (domain 0000 [bus fa])
[    1.750077] acpi PNP0A08:0b: _OSC: OS supports [ExtendedConfig ASPM ClockPM Segments MSI HPX-Type3]
[    1.750167] acpi PNP0A08:0b: PCIe AER handled by firmware
[    1.750271] acpi PNP0A08:0b: _OSC: platform does not support [SHPCHotplug]
[    1.750469] acpi PNP0A08:0b: _OSC: OS now controls [PCIeHotplug PME PCIeCapability LTR]
[    1.750470] acpi PNP0A08:0b: FADT indicates ASPM is unsupported, using BIOS configuration
[    1.750581] PCI host bridge to bus 0000:fa
[    1.750582] pci_bus 0000:fa: root bus resource [io  0xf000-0xffff window]
[    1.750582] pci_bus 0000:fa: root bus resource [mem 0xf1400000-0xfb7fffff window]
[    1.750583] pci_bus 0000:fa: root bus resource [mem 0x290000000000-0x29ffffffffff window]
[    1.750584] pci_bus 0000:fa: root bus resource [bus fa]
[    1.750591] pci 0000:fa:00.0: [8086:09a2] type 00 class 0x088000
[    1.750659] pci 0000:fa:00.1: [8086:09a4] type 00 class 0x088000
[    1.750728] pci 0000:fa:00.2: [8086:09a3] type 00 class 0x088000
[    1.750801] pci 0000:fa:00.4: [8086:0998] type 00 class 0x060000
[    1.750881] pci_bus 0000:fa: on NUMA node 1
[    1.750937] ACPI: PCI Root Bridge [UC16] (domain 0000 [bus fe])
[    1.750939] acpi PNP0A03:02: _OSC: OS supports [ExtendedConfig ASPM ClockPM Segments MSI HPX-Type3]
[    1.751014] acpi PNP0A03:02: PCIe AER handled by firmware
[    1.751103] acpi PNP0A03:02: _OSC: platform does not support [SHPCHotplug LTR]
[    1.751270] acpi PNP0A03:02: _OSC: OS now controls [PCIeHotplug PME PCIeCapability]
[    1.751271] acpi PNP0A03:02: FADT indicates ASPM is unsupported, using BIOS configuration
[    1.751401] PCI host bridge to bus 0000:fe
[    1.751402] pci_bus 0000:fe: root bus resource [bus fe]
[    1.751408] pci 0000:fe:00.0: [8086:3450] type 00 class 0x088000
[    1.751480] pci 0000:fe:00.1: [8086:3451] type 00 class 0x088000
[    1.751545] pci 0000:fe:00.2: [8086:3452] type 00 class 0x088000
[    1.751612] pci 0000:fe:00.3: [8086:0998] type 00 class 0x060000
[    1.751680] pci 0000:fe:00.5: [8086:3455] type 00 class 0x088000
[    1.751752] pci 0000:fe:02.0: [8086:3440] type 00 class 0x088000
[    1.751878] pci 0000:fe:02.1: [8086:3441] type 00 class 0x088000
[    1.752001] pci 0000:fe:02.2: [8086:3442] type 00 class 0x088000
[    1.752118] pci 0000:fe:03.0: [8086:3440] type 00 class 0x088000
[    1.752210] pci 0000:fe:03.1: [8086:3441] type 00 class 0x088000
[    1.752296] pci 0000:fe:03.2: [8086:3442] type 00 class 0x088000
[    1.752388] pci 0000:fe:04.0: [8086:3440] type 00 class 0x088000
[    1.752517] pci 0000:fe:04.1: [8086:3441] type 00 class 0x088000
[    1.752643] pci 0000:fe:04.2: [8086:3442] type 00 class 0x088000
[    1.752768] pci 0000:fe:04.3: [8086:3443] type 00 class 0x088000
[    1.752901] pci 0000:fe:05.0: [8086:3445] type 00 class 0x088000
[    1.753026] pci 0000:fe:05.1: [8086:3446] type 00 class 0x088000
[    1.753146] pci 0000:fe:05.2: [8086:3447] type 00 class 0x088000
[    1.753269] pci 0000:fe:06.0: [8086:3445] type 00 class 0x088000
[    1.753363] pci 0000:fe:06.1: [8086:3446] type 00 class 0x088000
[    1.753457] pci 0000:fe:06.2: [8086:3447] type 00 class 0x088000
[    1.753552] pci 0000:fe:07.0: [8086:3445] type 00 class 0x088000
[    1.753685] pci 0000:fe:07.1: [8086:3446] type 00 class 0x088000
[    1.753818] pci 0000:fe:07.2: [8086:3447] type 00 class 0x088000
[    1.753946] pci 0000:fe:0b.0: [8086:3448] type 00 class 0x088000
[    1.754024] pci 0000:fe:0b.1: [8086:3448] type 00 class 0x088000
[    1.754098] pci 0000:fe:0b.2: [8086:344b] type 00 class 0x088000
[    1.754179] pci 0000:fe:0c.0: [8086:344a] type 00 class 0x110100
[    1.754281] pci 0000:fe:0d.0: [8086:344a] type 00 class 0x110100
[    1.754378] pci 0000:fe:0e.0: [8086:344a] type 00 class 0x110100
[    1.754532] pci 0000:fe:0f.0: [8086:344a] type 00 class 0x110100
[    1.754702] pci 0000:fe:1a.0: [8086:2880] type 00 class 0x110100
[    1.754802] pci 0000:fe:1b.0: [8086:2880] type 00 class 0x110100
[    1.754898] pci 0000:fe:1c.0: [8086:2880] type 00 class 0x110100
[    1.755058] pci 0000:fe:1d.0: [8086:2880] type 00 class 0x110100
[    1.755219] pci_bus 0000:fe: on NUMA node 1
[    1.755290] ACPI: PCI Root Bridge [UC17] (domain 0000 [bus ff])
[    1.755292] acpi PNP0A03:03: _OSC: OS supports [ExtendedConfig ASPM ClockPM Segments MSI HPX-Type3]
[    1.755368] acpi PNP0A03:03: PCIe AER handled by firmware
[    1.755458] acpi PNP0A03:03: _OSC: platform does not support [SHPCHotplug LTR]
[    1.755633] acpi PNP0A03:03: _OSC: OS now controls [PCIeHotplug PME PCIeCapability]
[    1.755633] acpi PNP0A03:03: FADT indicates ASPM is unsupported, using BIOS configuration
[    1.755776] PCI host bridge to bus 0000:ff
[    1.755776] pci_bus 0000:ff: root bus resource [bus ff]
[    1.755786] pci 0000:ff:00.0: [8086:344c] type 00 class 0x088000
[    1.755901] pci 0000:ff:00.1: [8086:344c] type 00 class 0x088000
[    1.756021] pci 0000:ff:00.2: [8086:344c] type 00 class 0x088000
[    1.756128] pci 0000:ff:00.3: [8086:344c] type 00 class 0x088000
[    1.756260] pci 0000:ff:00.4: [8086:344c] type 00 class 0x088000
[    1.756384] pci 0000:ff:00.5: [8086:344c] type 00 class 0x088000
[    1.756486] pci 0000:ff:00.6: [8086:344c] type 00 class 0x088000
[    1.756619] pci 0000:ff:00.7: [8086:344c] type 00 class 0x088000
[    1.756751] pci 0000:ff:01.0: [8086:344c] type 00 class 0x088000
[    1.756892] pci 0000:ff:01.1: [8086:344c] type 00 class 0x088000
[    1.757026] pci 0000:ff:01.2: [8086:344c] type 00 class 0x088000
[    1.757116] pci 0000:ff:01.3: [8086:344c] type 00 class 0x088000
[    1.757263] pci 0000:ff:01.4: [8086:344c] type 00 class 0x088000
[    1.757407] pci 0000:ff:01.5: [8086:344c] type 00 class 0x088000
[    1.757556] pci 0000:ff:01.6: [8086:344c] type 00 class 0x088000
[    1.757689] pci 0000:ff:01.7: [8086:344c] type 00 class 0x088000
[    1.757829] pci 0000:ff:02.0: [8086:344c] type 00 class 0x088000
[    1.757971] pci 0000:ff:02.1: [8086:344c] type 00 class 0x088000
[    1.758110] pci 0000:ff:02.2: [8086:344c] type 00 class 0x088000
[    1.758255] pci 0000:ff:02.3: [8086:344c] type 00 class 0x088000
[    1.758401] pci 0000:ff:02.4: [8086:344c] type 00 class 0x088000
[    1.758545] pci 0000:ff:02.5: [8086:344c] type 00 class 0x088000
[    1.758695] pci 0000:ff:02.6: [8086:344c] type 00 class 0x088000
[    1.758844] pci 0000:ff:02.7: [8086:344c] type 00 class 0x088000
[    1.759001] pci 0000:ff:03.0: [8086:344c] type 00 class 0x088000
[    1.759164] pci 0000:ff:03.1: [8086:344c] type 00 class 0x088000
[    1.759321] pci 0000:ff:03.2: [8086:344c] type 00 class 0x088000
[    1.759483] pci 0000:ff:03.3: [8086:344c] type 00 class 0x088000
[    1.759666] pci 0000:ff:0a.0: [8086:344d] type 00 class 0x088000
[    1.759780] pci 0000:ff:0a.1: [8086:344d] type 00 class 0x088000
[    1.759899] pci 0000:ff:0a.2: [8086:344d] type 00 class 0x088000
[    1.760007] pci 0000:ff:0a.3: [8086:344d] type 00 class 0x088000
[    1.760134] pci 0000:ff:0a.4: [8086:344d] type 00 class 0x088000
[    1.760259] pci 0000:ff:0a.5: [8086:344d] type 00 class 0x088000
[    1.760361] pci 0000:ff:0a.6: [8086:344d] type 00 class 0x088000
[    1.760494] pci 0000:ff:0a.7: [8086:344d] type 00 class 0x088000
[    1.760630] pci 0000:ff:0b.0: [8086:344d] type 00 class 0x088000
[    1.760771] pci 0000:ff:0b.1: [8086:344d] type 00 class 0x088000
[    1.760906] pci 0000:ff:0b.2: [8086:344d] type 00 class 0x088000
[    1.760996] pci 0000:ff:0b.3: [8086:344d] type 00 class 0x088000
[    1.761141] pci 0000:ff:0b.4: [8086:344d] type 00 class 0x088000
[    1.761285] pci 0000:ff:0b.5: [8086:344d] type 00 class 0x088000
[    1.761432] pci 0000:ff:0b.6: [8086:344d] type 00 class 0x088000
[    1.761567] pci 0000:ff:0b.7: [8086:344d] type 00 class 0x088000
[    1.761711] pci 0000:ff:0c.0: [8086:344d] type 00 class 0x088000
[    1.761853] pci 0000:ff:0c.1: [8086:344d] type 00 class 0x088000
[    1.761994] pci 0000:ff:0c.2: [8086:344d] type 00 class 0x088000
[    1.762140] pci 0000:ff:0c.3: [8086:344d] type 00 class 0x088000
[    1.762282] pci 0000:ff:0c.4: [8086:344d] type 00 class 0x088000
[    1.762426] pci 0000:ff:0c.5: [8086:344d] type 00 class 0x088000
[    1.762577] pci 0000:ff:0c.6: [8086:344d] type 00 class 0x088000
[    1.762725] pci 0000:ff:0c.7: [8086:344d] type 00 class 0x088000
[    1.762889] pci 0000:ff:0d.0: [8086:344d] type 00 class 0x088000
[    1.763051] pci 0000:ff:0d.1: [8086:344d] type 00 class 0x088000
[    1.763204] pci 0000:ff:0d.2: [8086:344d] type 00 class 0x088000
[    1.763369] pci 0000:ff:0d.3: [8086:344d] type 00 class 0x088000
[    1.763553] pci 0000:ff:1d.0: [8086:344f] type 00 class 0x088000
[    1.763674] pci 0000:ff:1d.1: [8086:3457] type 00 class 0x088000
[    1.763795] pci 0000:ff:1e.0: [8086:3458] type 00 class 0x088000
[    1.763876] pci 0000:ff:1e.1: [8086:3459] type 00 class 0x088000
[    1.763959] pci 0000:ff:1e.2: [8086:345a] type 00 class 0x088000
[    1.764036] pci 0000:ff:1e.3: [8086:345b] type 00 class 0x088000
[    1.764112] pci 0000:ff:1e.4: [8086:345c] type 00 class 0x088000
[    1.764190] pci 0000:ff:1e.5: [8086:345d] type 00 class 0x088000
[    1.764267] pci 0000:ff:1e.6: [8086:345e] type 00 class 0x088000
[    1.764343] pci 0000:ff:1e.7: [8086:345f] type 00 class 0x088000
[    1.764419] pci_bus 0000:ff: on NUMA node 1
[    1.765502] HMAT: Memory (0x0 length 0x80000000) Flags:0003 Processor Domain:0 Memory Domain:0
[    1.765503] HMAT: Memory (0x100000000 length 0xf80000000) Flags:0003 Processor Domain:0 Memory Domain:0
[    1.765504] HMAT: Memory (0x2080000000 length 0x7e00000000) Flags:0003 Processor Domain:0 Memory Domain:2
[    1.765504] HMAT: Memory (0x1080000000 length 0x1000000000) Flags:0003 Processor Domain:1 Memory Domain:1
[    1.765505] HMAT: Memory (0x9e80000000 length 0x7e00000000) Flags:0003 Processor Domain:1 Memory Domain:3
[    1.765506] HMAT: Locality: Flags:00 Type:Read Latency Initiator Domains:2 Target Domains:4 Base:100
[    1.765507]   Initiator-Target[0-0]:7600 nsec
[    1.765508]   Initiator-Target[0-1]:13560 nsec
[    1.765508]   Initiator-Target[0-2]:25350 nsec
[    1.765509]   Initiator-Target[0-3]:31600 nsec
[    1.765509]   Initiator-Target[1-0]:13560 nsec
[    1.765510]   Initiator-Target[1-1]:7600 nsec
[    1.765510]   Initiator-Target[1-2]:31600 nsec
[    1.765511]   Initiator-Target[1-3]:25350 nsec
[    1.765512] HMAT: Locality: Flags:00 Type:Write Latency Initiator Domains:2 Target Domains:4 Base:100
[    1.765513]   Initiator-Target[0-0]:7600 nsec
[    1.765513]   Initiator-Target[0-1]:13560 nsec
[    1.765514]   Initiator-Target[0-2]:25350 nsec
[    1.765514]   Initiator-Target[0-3]:31600 nsec
[    1.765515]   Initiator-Target[1-0]:13560 nsec
[    1.765515]   Initiator-Target[1-1]:7600 nsec
[    1.765516]   Initiator-Target[1-2]:31600 nsec
[    1.765516]   Initiator-Target[1-3]:25350 nsec
[    1.765517] HMAT: Locality: Flags:00 Type:Read Bandwidth Initiator Domains:2 Target Domains:4 Base:1
[    1.765518]   Initiator-Target[0-0]:1790 MB/s
[    1.765518]   Initiator-Target[0-1]:1790 MB/s
[    1.765518]   Initiator-Target[0-2]:463 MB/s
[    1.765519]   Initiator-Target[0-3]:463 MB/s
[    1.765519]   Initiator-Target[1-0]:1790 MB/s
[    1.765520]   Initiator-Target[1-1]:1790 MB/s
[    1.765520]   Initiator-Target[1-2]:463 MB/s
[    1.765521]   Initiator-Target[1-3]:463 MB/s
[    1.765522] HMAT: Locality: Flags:00 Type:Write Bandwidth Initiator Domains:2 Target Domains:4 Base:1
[    1.765522]   Initiator-Target[0-0]:1910 MB/s
[    1.765522]   Initiator-Target[0-1]:1910 MB/s
[    1.765523]   Initiator-Target[0-2]:138 MB/s
[    1.765523]   Initiator-Target[0-3]:138 MB/s
[    1.765524]   Initiator-Target[1-0]:1910 MB/s
[    1.765524]   Initiator-Target[1-1]:1910 MB/s
[    1.765525]   Initiator-Target[1-2]:138 MB/s
[    1.765525]   Initiator-Target[1-3]:138 MB/s
[    1.765556] WARNING: CPU: 62 PID: 1 at drivers/base/node.c:191 node_set_perf_attrs+0x90/0xb0
[    1.765556] Modules linked in:
[    1.765559] CPU: 62 PID: 1 Comm: swapper/0 Not tainted 5.3.1-multiclock #1
[    1.765559] Hardware name: Dell Inc. PowerEdge R750/0K8F35, BIOS 1.10.2 03/03/2023
[    1.765562] RIP: 0010:node_set_perf_attrs+0x90/0xb0
[    1.765563] Code: f4 02 00 00 4c 89 ea 4c 89 e7 e8 bb bf c7 ff 85 c0 75 24 48 83 c3 08 48 8b 33 48 85 f6 75 e5 5b 41 5a 41 5c 41 5d 41 5e 5d c3 <0f> 0b 5b 41 5a 41 5c 41 5d 41 5e 5d c3 44 89 f6 48 c7 c7 70 5b 3a
[    1.765564] RSP: 0000:ffffb0bcc007bd80 EFLAGS: 00010246
[    1.765565] RAX: 0000000000000002 RBX: 0000000000000003 RCX: 0000000000000000
[    1.765565] RDX: 0000000000000000 RSI: ffff9c90a04f2658 RDI: 0000000000000002
[    1.765566] RBP: ffffb0bcc007bda8 R08: ffff9ca117d71228 R09: 0000000000000000
[    1.765566] R10: ffff9c90a6a1fa70 R11: ffff9c90a6c74310 R12: ffff9c90a04f2640
[    1.765567] R13: ffffffff90adb310 R14: 0000000000000005 R15: ffffffff90895806
[    1.765568] FS:  0000000000000000(0000) GS:ffff9c90a77c0000(0000) knlGS:0000000000000000
[    1.765569] CS:  0010 DS: 0000 ES: 0000 CR0: 0000000080050033
[    1.765569] CR2: 0000000000000000 CR3: 0000001f54e0a001 CR4: 0000000000760ee0
[    1.765570] DR0: 0000000000000000 DR1: 0000000000000000 DR2: 0000000000000000
[    1.765570] DR3: 0000000000000000 DR6: 00000000fffe0ff0 DR7: 0000000000000400
[    1.765571] PKRU: 55555554
[    1.765571] Call Trace:
[    1.765577]  hmat_init+0x32a/0x43c
[    1.765578]  ? hmat_parse_subtable+0x503/0x503
[    1.765580]  ? set_debug_rodata+0x17/0x17
[    1.765582]  do_one_initcall+0x4a/0x1fa
[    1.765584]  kernel_init_freeable+0x1c6/0x26d
[    1.765587]  ? rest_init+0xb0/0xb0
[    1.765588]  kernel_init+0xe/0x110
[    1.765590]  ret_from_fork+0x1f/0x40
[    1.765592] ---[ end trace 2b678262984914ba ]---
[    1.769282] pci 0000:03:00.0: vgaarb: setting as boot VGA device
[    1.769282] pci 0000:03:00.0: vgaarb: VGA device added: decodes=io+mem,owns=io+mem,locks=none
[    1.769328] pci 0000:03:00.0: vgaarb: bridge control possible
[    1.769329] vgaarb: loaded
[    1.769527] SCSI subsystem initialized
[    1.769676] libata version 3.00 loaded.
[    1.769676] ACPI: bus type USB registered
[    1.769676] usbcore: registered new interface driver usbfs
[    1.769676] usbcore: registered new interface driver hub
[    1.769676] usbcore: registered new device driver usb
[    1.769676] pps_core: LinuxPPS API ver. 1 registered
[    1.769676] pps_core: Software ver. 5.3.6 - Copyright 2005-2007 Rodolfo Giometti <giometti@linux.it>
[    1.769676] PTP clock support registered
[    1.769780] EDAC MC: Ver: 3.0.0
[    1.770000] Registered efivars operations
[    1.770000] PCI: Using ACPI for IRQ routing
[    1.771818] PCI: pci_cache_line_size set to 64 bytes
[    1.772370] e820: reserve RAM buffer [mem 0x0008f000-0x0008ffff]
[    1.772371] e820: reserve RAM buffer [mem 0x47bdd020-0x47ffffff]
[    1.772372] e820: reserve RAM buffer [mem 0x47c0f020-0x47ffffff]
[    1.772373] e820: reserve RAM buffer [mem 0x47c42020-0x47ffffff]
[    1.772373] e820: reserve RAM buffer [mem 0x47c75020-0x47ffffff]
[    1.772374] e820: reserve RAM buffer [mem 0x49e77000-0x4bffffff]
[    1.772375] e820: reserve RAM buffer [mem 0x4b2cf000-0x4bffffff]
[    1.772376] e820: reserve RAM buffer [mem 0x4bd94000-0x4bffffff]
[    1.772377] e820: reserve RAM buffer [mem 0x4ce00000-0x4fffffff]
[    1.772377] e820: reserve RAM buffer [mem 0x5eefe000-0x5fffffff]
[    1.772378] e820: reserve RAM buffer [mem 0x6f800000-0x6fffffff]
[    1.772674] NetLabel: Initializing
[    1.772674] NetLabel:  domain hash size = 128
[    1.772675] NetLabel:  protocols = UNLABELED CIPSOv4 CALIPSO
[    1.772693] NetLabel:  unlabeled traffic allowed by default
[    1.774088] hpet0: at MMIO 0xfed00000, IRQs 2, 8, 0, 0, 0, 0, 0, 0
[    1.774091] hpet0: 8 comparators, 64-bit 24.000000 MHz counter
[    1.777323] clocksource: Switched to clocksource tsc-early
[    1.788381] VFS: Disk quotas dquot_6.6.0
[    1.788424] VFS: Dquot-cache hash table entries: 512 (order 0, 4096 bytes)
[    1.788719] *** VALIDATE hugetlbfs ***
[    1.788840] AppArmor: AppArmor Filesystem Enabled
[    1.788860] pnp: PnP ACPI init
[    1.804299] pnp 00:00: Plug and Play ACPI device, IDs PNP0b00 (active)
[    1.804461] system 00:01: [io  0x0500-0x05fe] has been reserved
[    1.804462] system 00:01: [io  0x0400-0x041f] has been reserved
[    1.804463] system 00:01: [io  0x0600-0x061f] has been reserved
[    1.804464] system 00:01: [io  0x0ca0-0x0ca1] has been reserved
[    1.804465] system 00:01: [io  0x0ca4-0x0ca6] has been reserved
[    1.804467] system 00:01: [mem 0xff000000-0xffffffff] has been reserved
[    1.804470] system 00:01: Plug and Play ACPI device, IDs PNP0c02 (active)
[    1.804716] pnp 00:02: Plug and Play ACPI device, IDs PNP0501 (active)
[    1.804922] pnp 00:03: Plug and Play ACPI device, IDs PNP0501 (active)
[    1.805081] system 00:04: [mem 0xfd000000-0xfdabffff] has been reserved
[    1.805082] system 00:04: [mem 0xfdad0000-0xfdadffff] has been reserved
[    1.805083] system 00:04: [mem 0xfdb00000-0xfdffffff] has been reserved
[    1.805084] system 00:04: [mem 0xfe000000-0xfe00ffff] has been reserved
[    1.805085] system 00:04: [mem 0xfe011000-0xfe01ffff] has been reserved
[    1.805086] system 00:04: [mem 0xfe036000-0xfe03bfff] has been reserved
[    1.805087] system 00:04: [mem 0xfe03d000-0xfe3fffff] has been reserved
[    1.805088] system 00:04: [mem 0xfe410000-0xfe7fffff] has been reserved
[    1.805091] system 00:04: Plug and Play ACPI device, IDs PNP0c02 (active)
[    1.805423] system 00:05: [io  0x1000-0x10fe] has been reserved
[    1.805425] system 00:05: Plug and Play ACPI device, IDs PNP0c02 (active)
[    1.806420] pnp: PnP ACPI: found 6 devices
[    1.807510] thermal_sys: Registered thermal governor 'fair_share'
[    1.807510] thermal_sys: Registered thermal governor 'bang_bang'
[    1.807511] thermal_sys: Registered thermal governor 'step_wise'
[    1.807511] thermal_sys: Registered thermal governor 'user_space'
[    1.807512] thermal_sys: Registered thermal governor 'power_allocator'
[    1.812004] clocksource: acpi_pm: mask: 0xffffff max_cycles: 0xffffff, max_idle_ns: 2085701024 ns
[    1.812028] pci 0000:04:00.0: can't claim BAR 6 [mem 0xfffc0000-0xffffffff pref]: no compatible bridge window
[    1.812029] pci 0000:04:00.1: can't claim BAR 6 [mem 0xfffc0000-0xffffffff pref]: no compatible bridge window
[    1.812030] pci 0000:17:00.0: can't claim BAR 6 [mem 0xfff00000-0xffffffff pref]: no compatible bridge window
[    1.812045] pci 0000:00:1c.5: BAR 14: assigned [mem 0x90000000-0x900fffff]
[    1.812047] pci 0000:00:1c.0: PCI bridge to [bus 01]
[    1.812057] pci 0000:02:00.0: PCI bridge to [bus 03]
[    1.812061] pci 0000:02:00.0:   bridge window [mem 0x92000000-0x928fffff]
[    1.812064] pci 0000:02:00.0:   bridge window [mem 0x91000000-0x91ffffff 64bit pref]
[    1.812070] pci 0000:00:1c.4: PCI bridge to [bus 02-03]
[    1.812073] pci 0000:00:1c.4:   bridge window [mem 0x92000000-0x928fffff]
[    1.812075] pci 0000:00:1c.4:   bridge window [mem 0x91000000-0x91ffffff 64bit pref]
[    1.812080] pci 0000:04:00.0: BAR 6: assigned [mem 0x90000000-0x9003ffff pref]
[    1.812082] pci 0000:04:00.1: BAR 6: assigned [mem 0x90040000-0x9007ffff pref]
[    1.812083] pci 0000:00:1c.5: PCI bridge to [bus 04]
[    1.812086] pci 0000:00:1c.5:   bridge window [mem 0x90000000-0x900fffff]
[    1.812088] pci 0000:00:1c.5:   bridge window [mem 0x92900000-0x929fffff 64bit pref]
[    1.812092] pci_bus 0000:00: resource 4 [io  0x0000-0x0cf7 window]
[    1.812093] pci_bus 0000:00: resource 5 [io  0x1000-0x4fff window]
[    1.812094] pci_bus 0000:00: resource 6 [mem 0x000a0000-0x000bffff window]
[    1.812094] pci_bus 0000:00: resource 7 [mem 0x000c8000-0x000cffff window]
