2024年 05月 17日 星期五 11:59:33 CST
pgmigrate_success 18047097
pgmigrate_fail 152621070
pgmigrate_dst_node_full_fail 152520192
pgmigrate_numa_isolate_fail 52
pgmigrate_nomem_fail 2
pgmigrate_refcount_fail 15375
thp_fault_alloc 186647
thp_fault_fallback 0
thp_collapse_alloc 2861
thp_collapse_alloc_failed 788
thp_file_alloc 0
thp_file_mapped 0
thp_split_page 8
thp_split_page_failed 0
thp_deferred_split_page 252959
thp_split_pmd 65
thp_split_pud 0
thp_zero_page_alloc 10
thp_zero_page_alloc_failed 0
thp_swpout 0
thp_swpout_fallback 0
MemTotal:       1093385604 kB
MemFree:        1062146440 kB
MemAvailable:   1059988332 kB
Buffers:            7944 kB
Cached:           324844 kB
SwapCached:           12 kB
Active:           479964 kB
Inactive:         480316 kB
Active(anon):     301964 kB
Inactive(anon):   331904 kB
Active(file):     178000 kB
Inactive(file):   148412 kB
Unevictable:           0 kB
Mlocked:               0 kB
SwapTotal:       2097148 kB
SwapFree:        2095356 kB
Dirty:               380 kB
Writeback:             0 kB
AnonPages:        628164 kB
Mapped:           321932 kB
Shmem:              5760 kB
KReclaimable:     282436 kB
Slab:             679176 kB
SReclaimable:     282436 kB
SUnreclaim:       396740 kB
KernelStack:       33364 kB
PageTables:        28332 kB
NFS_Unstable:          0 kB
Bounce:                0 kB
WritebackTmp:          0 kB
CommitLimit:    548789948 kB
Committed_AS:    6482248 kB
VmallocTotal:   34359738367 kB
VmallocUsed:      158532 kB
VmallocChunk:          0 kB
Percpu:           124544 kB
HardwareCorrupted:     0 kB
AnonHugePages:     28672 kB
ShmemHugePages:        0 kB
ShmemPmdMapped:        0 kB
CmaTotal:              0 kB
CmaFree:               0 kB
HugePages_Total:       0
HugePages_Free:        0
HugePages_Rsvd:        0
HugePages_Surp:        0
Hugepagesize:       2048 kB
Hugetlb:               0 kB
DirectMap4k:      992744 kB
DirectMap2M:     7880704 kB
DirectMap1G:    1180696576 kB
2024年 05月 17日 星期五 12:00:57 CST
pgmigrate_success 18070097
pgmigrate_fail 152949262
pgmigrate_dst_node_full_fail 152848385
pgmigrate_numa_isolate_fail 52
pgmigrate_nomem_fail 2
pgmigrate_refcount_fail 15375
thp_fault_alloc 203524
thp_fault_fallback 0
thp_collapse_alloc 2866
thp_collapse_alloc_failed 788
thp_file_alloc 0
thp_file_mapped 0
thp_split_page 8
thp_split_page_failed 0
thp_deferred_split_page 269862
thp_split_pmd 104
thp_split_pud 0
thp_zero_page_alloc 10
thp_zero_page_alloc_failed 0
thp_swpout 0
thp_swpout_fallback 0
MemTotal:       1093385604 kB
MemFree:        1048606228 kB
MemAvailable:   1058810660 kB
Buffers:           54724 kB
Cached:         13668940 kB
SwapCached:            8 kB
Active:           530460 kB
Inactive:       13822972 kB
Active(anon):     288116 kB
Inactive(anon):   347620 kB
Active(file):     242344 kB
Inactive(file): 13475352 kB
Unevictable:           0 kB
Mlocked:               0 kB
SwapTotal:       2097148 kB
SwapFree:        2094588 kB
Dirty:               264 kB
Writeback:             0 kB
AnonPages:        630048 kB
Mapped:           321588 kB
Shmem:              5756 kB
KReclaimable:     355596 kB
Slab:             751980 kB
SReclaimable:     355596 kB
SUnreclaim:       396384 kB
KernelStack:       33648 kB
PageTables:        28488 kB
NFS_Unstable:          0 kB
Bounce:                0 kB
WritebackTmp:          0 kB
CommitLimit:    548789948 kB
Committed_AS:    6502732 kB
VmallocTotal:   34359738367 kB
VmallocUsed:      158612 kB
VmallocChunk:          0 kB
Percpu:           124544 kB
HardwareCorrupted:     0 kB
AnonHugePages:     28672 kB
ShmemHugePages:        0 kB
ShmemPmdMapped:        0 kB
CmaTotal:              0 kB
CmaFree:               0 kB
HugePages_Total:       0
HugePages_Free:        0
HugePages_Rsvd:        0
HugePages_Surp:        0
Hugepagesize:       2048 kB
Hugetlb:               0 kB
DirectMap4k:      992744 kB
DirectMap2M:     7880704 kB
DirectMap1G:    1180696576 kB
