[    0.000000] Linux version 5.18.0 (xmu@xmu-PowerEdge-R750) (gcc (Ubuntu 8.4.0-1ubuntu1~18.04) 8.4.0, GNU ld (GNU Binutils for Ubuntu) 2.30) #1 SMP PREEMPT_DYNAMIC Sat Apr 6 15:16:25 CST 2024
[    0.000000] Command line: BOOT_IMAGE=/boot/vmlinuz-5.18.0 root=UUID=ce0c24b8-724b-4f33-9b2c-618433560aef ro memmap=26925M!4096M memmap=59G!64G quiet splash nomodeset vt.handoff=1
[    0.000000] KERNEL supported cpus:
[    0.000000]   Intel GenuineIntel
[    0.000000]   AMD AuthenticAMD
[    0.000000]   Hygon HygonGenuine
[    0.000000]   Centaur CentaurHauls
[    0.000000]   zhaoxin   Shanghai  
[    0.000000] x86/split lock detection: #AC: crashing the kernel on kernel split_locks and warning on user-space split_locks
[    0.000000] x86/fpu: Supporting XSAVE feature 0x001: 'x87 floating point registers'
[    0.000000] x86/fpu: Supporting XSAVE feature 0x002: 'SSE registers'
[    0.000000] x86/fpu: Supporting XSAVE feature 0x004: 'AVX registers'
[    0.000000] x86/fpu: Supporting XSAVE feature 0x020: 'AVX-512 opmask'
[    0.000000] x86/fpu: Supporting XSAVE feature 0x040: 'AVX-512 Hi256'
[    0.000000] x86/fpu: Supporting XSAVE feature 0x080: 'AVX-512 ZMM_Hi256'
[    0.000000] x86/fpu: Supporting XSAVE feature 0x200: 'Protection Keys User registers'
[    0.000000] x86/fpu: xstate_offset[2]:  576, xstate_sizes[2]:  256
[    0.000000] x86/fpu: xstate_offset[5]:  832, xstate_sizes[5]:   64
[    0.000000] x86/fpu: xstate_offset[6]:  896, xstate_sizes[6]:  512
[    0.000000] x86/fpu: xstate_offset[7]: 1408, xstate_sizes[7]: 1024
[    0.000000] x86/fpu: xstate_offset[9]: 2432, xstate_sizes[9]:    8
[    0.000000] x86/fpu: Enabled xstate features 0x2e7, context size is 2440 bytes, using 'compacted' format.
[    0.000000] signal: max sigframe size: 3632
[    0.000000] BIOS-provided physical RAM map:
[    0.000000] BIOS-e820: [mem 0x0000000000000000-0x000000000008efff] usable
[    0.000000] BIOS-e820: [mem 0x000000000008f000-0x000000000008ffff] reserved
[    0.000000] BIOS-e820: [mem 0x0000000000090000-0x000000000009ffff] usable
[    0.000000] BIOS-e820: [mem 0x00000000000a0000-0x00000000000fffff] reserved
[    0.000000] BIOS-e820: [mem 0x0000000000100000-0x0000000049e76fff] usable
[    0.000000] BIOS-e820: [mem 0x0000000049e77000-0x000000004ae76fff] ACPI NVS
[    0.000000] BIOS-e820: [mem 0x000000004ae77000-0x000000004b2cefff] usable
[    0.000000] BIOS-e820: [mem 0x000000004b2cf000-0x000000004b54dfff] ACPI data
[    0.000000] BIOS-e820: [mem 0x000000004b54e000-0x000000004bd93fff] usable
[    0.000000] BIOS-e820: [mem 0x000000004bd94000-0x000000004be99fff] reserved
[    0.000000] BIOS-e820: [mem 0x000000004be9a000-0x000000004cdfffff] usable
[    0.000000] BIOS-e820: [mem 0x000000004ce00000-0x000000004cffffff] reserved
[    0.000000] BIOS-e820: [mem 0x000000004d000000-0x000000005eefdfff] usable
[    0.000000] BIOS-e820: [mem 0x000000005eefe000-0x000000006e3fefff] reserved
[    0.000000] BIOS-e820: [mem 0x000000006e3ff000-0x000000006f3fefff] ACPI NVS
[    0.000000] BIOS-e820: [mem 0x000000006f3ff000-0x000000006f7fefff] ACPI data
[    0.000000] BIOS-e820: [mem 0x000000006f7ff000-0x000000006f7fffff] usable
[    0.000000] BIOS-e820: [mem 0x000000006f800000-0x000000008fffffff] reserved
[    0.000000] BIOS-e820: [mem 0x00000000fe000000-0x00000000fe010fff] reserved
[    0.000000] BIOS-e820: [mem 0x0000000100000000-0x000000207fffffff] usable
[    0.000000] BIOS-e820: [mem 0x0000002080000000-0x0000011c7fffffff] persistent (type 7)
[    0.000000] BIOS-e820: [mem 0x00001ffc00000000-0x00001fffffffffff] reserved
[    0.000000] NX (Execute Disable) protection: active
[    0.000000] e820: update [mem 0x46d5c020-0x46d6405f] usable ==> usable
[    0.000000] e820: update [mem 0x46d5c020-0x46d6405f] usable ==> usable
[    0.000000] e820: update [mem 0x46d29020-0x46d5bc5f] usable ==> usable
[    0.000000] e820: update [mem 0x46d29020-0x46d5bc5f] usable ==> usable
[    0.000000] e820: update [mem 0x46cf6020-0x46d28c5f] usable ==> usable
[    0.000000] e820: update [mem 0x46cf6020-0x46d28c5f] usable ==> usable
[    0.000000] e820: update [mem 0x46cc4020-0x46cf5a5f] usable ==> usable
[    0.000000] e820: update [mem 0x46cc4020-0x46cf5a5f] usable ==> usable
[    0.000000] extended physical RAM map:
[    0.000000] reserve setup_data: [mem 0x0000000000000000-0x000000000008efff] usable
[    0.000000] reserve setup_data: [mem 0x000000000008f000-0x000000000008ffff] reserved
[    0.000000] reserve setup_data: [mem 0x0000000000090000-0x000000000009ffff] usable
[    0.000000] reserve setup_data: [mem 0x00000000000a0000-0x00000000000fffff] reserved
[    0.000000] reserve setup_data: [mem 0x0000000000100000-0x0000000046cc401f] usable
[    0.000000] reserve setup_data: [mem 0x0000000046cc4020-0x0000000046cf5a5f] usable
[    0.000000] reserve setup_data: [mem 0x0000000046cf5a60-0x0000000046cf601f] usable
[    0.000000] reserve setup_data: [mem 0x0000000046cf6020-0x0000000046d28c5f] usable
[    0.000000] reserve setup_data: [mem 0x0000000046d28c60-0x0000000046d2901f] usable
[    0.000000] reserve setup_data: [mem 0x0000000046d29020-0x0000000046d5bc5f] usable
[    0.000000] reserve setup_data: [mem 0x0000000046d5bc60-0x0000000046d5c01f] usable
[    0.000000] reserve setup_data: [mem 0x0000000046d5c020-0x0000000046d6405f] usable
[    0.000000] reserve setup_data: [mem 0x0000000046d64060-0x0000000049e76fff] usable
[    0.000000] reserve setup_data: [mem 0x0000000049e77000-0x000000004ae76fff] ACPI NVS
[    0.000000] reserve setup_data: [mem 0x000000004ae77000-0x000000004b2cefff] usable
[    0.000000] reserve setup_data: [mem 0x000000004b2cf000-0x000000004b54dfff] ACPI data
[    0.000000] reserve setup_data: [mem 0x000000004b54e000-0x000000004bd93fff] usable
[    0.000000] reserve setup_data: [mem 0x000000004bd94000-0x000000004be99fff] reserved
[    0.000000] reserve setup_data: [mem 0x000000004be9a000-0x000000004cdfffff] usable
[    0.000000] reserve setup_data: [mem 0x000000004ce00000-0x000000004cffffff] reserved
[    0.000000] reserve setup_data: [mem 0x000000004d000000-0x000000005eefdfff] usable
[    0.000000] reserve setup_data: [mem 0x000000005eefe000-0x000000006e3fefff] reserved
[    0.000000] reserve setup_data: [mem 0x000000006e3ff000-0x000000006f3fefff] ACPI NVS
[    0.000000] reserve setup_data: [mem 0x000000006f3ff000-0x000000006f7fefff] ACPI data
[    0.000000] reserve setup_data: [mem 0x000000006f7ff000-0x000000006f7fffff] usable
[    0.000000] reserve setup_data: [mem 0x000000006f800000-0x000000008fffffff] reserved
[    0.000000] reserve setup_data: [mem 0x00000000fe000000-0x00000000fe010fff] reserved
[    0.000000] reserve setup_data: [mem 0x0000000100000000-0x0000000792cfffff] persistent (type 12)
[    0.000000] reserve setup_data: [mem 0x0000000792d00000-0x0000000fffffffff] usable
[    0.000000] reserve setup_data: [mem 0x0000001000000000-0x0000001ebfffffff] persistent (type 12)
[    0.000000] reserve setup_data: [mem 0x0000001ec0000000-0x000000207fffffff] usable
[    0.000000] reserve setup_data: [mem 0x0000002080000000-0x0000011c7fffffff] persistent (type 7)
[    0.000000] reserve setup_data: [mem 0x00001ffc00000000-0x00001fffffffffff] reserved
[    0.000000] user-defined physical RAM map:
[    0.000000] user: [mem 0x0000000000000000-0x000000000008efff] usable
[    0.000000] user: [mem 0x000000000008f000-0x000000000008ffff] reserved
[    0.000000] user: [mem 0x0000000000090000-0x000000000009ffff] usable
[    0.000000] user: [mem 0x00000000000a0000-0x00000000000fffff] reserved
[    0.000000] user: [mem 0x0000000000100000-0x0000000046cc401f] usable
[    0.000000] user: [mem 0x0000000046cc4020-0x0000000046cf5a5f] usable
[    0.000000] user: [mem 0x0000000046cf5a60-0x0000000046cf601f] usable
[    0.000000] user: [mem 0x0000000046cf6020-0x0000000046d28c5f] usable
[    0.000000] user: [mem 0x0000000046d28c60-0x0000000046d2901f] usable
[    0.000000] user: [mem 0x0000000046d29020-0x0000000046d5bc5f] usable
[    0.000000] user: [mem 0x0000000046d5bc60-0x0000000046d5c01f] usable
[    0.000000] user: [mem 0x0000000046d5c020-0x0000000046d6405f] usable
[    0.000000] user: [mem 0x0000000046d64060-0x0000000049e76fff] usable
[    0.000000] user: [mem 0x0000000049e77000-0x000000004ae76fff] ACPI NVS
[    0.000000] user: [mem 0x000000004ae77000-0x000000004b2cefff] usable
[    0.000000] user: [mem 0x000000004b2cf000-0x000000004b54dfff] ACPI data
[    0.000000] user: [mem 0x000000004b54e000-0x000000004bd93fff] usable
[    0.000000] user: [mem 0x000000004bd94000-0x000000004be99fff] reserved
[    0.000000] user: [mem 0x000000004be9a000-0x000000004cdfffff] usable
[    0.000000] user: [mem 0x000000004ce00000-0x000000004cffffff] reserved
[    0.000000] user: [mem 0x000000004d000000-0x000000005eefdfff] usable
[    0.000000] user: [mem 0x000000005eefe000-0x000000006e3fefff] reserved
[    0.000000] user: [mem 0x000000006e3ff000-0x000000006f3fefff] ACPI NVS
[    0.000000] user: [mem 0x000000006f3ff000-0x000000006f7fefff] ACPI data
[    0.000000] user: [mem 0x000000006f7ff000-0x000000006f7fffff] usable
[    0.000000] user: [mem 0x000000006f800000-0x000000008fffffff] reserved
[    0.000000] user: [mem 0x00000000fe000000-0x00000000fe010fff] reserved
[    0.000000] user: [mem 0x0000000100000000-0x0000000792cfffff] persistent (type 12)
[    0.000000] user: [mem 0x0000000792d00000-0x0000000fffffffff] usable
[    0.000000] user: [mem 0x0000001000000000-0x0000001ebfffffff] persistent (type 12)
[    0.000000] user: [mem 0x0000001ec0000000-0x000000207fffffff] usable
[    0.000000] user: [mem 0x0000002080000000-0x0000011c7fffffff] persistent (type 7)
[    0.000000] user: [mem 0x00001ffc00000000-0x00001fffffffffff] reserved
[    0.000000] efi: EFI v2.70 by Dell Inc.
[    0.000000] efi: ACPI=0x6f7fe000 ACPI 2.0=0x6f7fe014 MEMATTR=0x5b071020 SMBIOS=0x69526000 SMBIOS 3.0=0x69524000 MOKvar=0x5ef81000 RNG=0x5ef8a920 
[    0.000000] efi: seeding entropy pool
[    0.000000] SMBIOS 3.3.0 present.
[    0.000000] DMI: Dell Inc. PowerEdge R750/0K8F35, BIOS 1.10.2 03/03/2023
[    0.000000] tsc: Detected 2000.000 MHz processor
[    0.000007] e820: update [mem 0x00000000-0x00000fff] usable ==> reserved
[    0.000010] e820: remove [mem 0x000a0000-0x000fffff] usable
[    0.000018] last_pfn = 0x2080000 max_arch_pfn = 0x400000000
[    0.000234] x86/PAT: Configuration [0-7]: WB  WC  UC- UC  WB  WP  UC- WT  
[    0.003173] total RAM covered: 2095088M
[    0.003259]  gran_size: 64K 	chunk_size: 64K 	num_reg: 10  	lose cover RAM: 2016G
[    0.003261]  gran_size: 64K 	chunk_size: 128K 	num_reg: 10  	lose cover RAM: 2016G
[    0.003263]  gran_size: 64K 	chunk_size: 256K 	num_reg: 10  	lose cover RAM: 2016G
[    0.003264]  gran_size: 64K 	chunk_size: 512K 	num_reg: 10  	lose cover RAM: 2016G
[    0.003265]  gran_size: 64K 	chunk_size: 1M 	num_reg: 10  	lose cover RAM: 2016G
[    0.003267]  gran_size: 64K 	chunk_size: 2M 	num_reg: 10  	lose cover RAM: 2016G
[    0.003268]  gran_size: 64K 	chunk_size: 4M 	num_reg: 10  	lose cover RAM: 2016G
[    0.003269]  gran_size: 64K 	chunk_size: 8M 	num_reg: 10  	lose cover RAM: 2016G
[    0.003271]  gran_size: 64K 	chunk_size: 16M 	num_reg: 10  	lose cover RAM: 2016G
[    0.003272]  gran_size: 64K 	chunk_size: 32M 	num_reg: 10  	lose cover RAM: 1024G
[    0.003274]  gran_size: 64K 	chunk_size: 64M 	num_reg: 10  	lose cover RAM: 1024G
[    0.003275]  gran_size: 64K 	chunk_size: 128M 	num_reg: 10  	lose cover RAM: 1024G
[    0.003277]  gran_size: 64K 	chunk_size: 256M 	num_reg: 10  	lose cover RAM: 1024G
[    0.003278]  gran_size: 64K 	chunk_size: 512M 	num_reg: 10  	lose cover RAM: 1024G
[    0.003279]  gran_size: 64K 	chunk_size: 1G 	num_reg: 10  	lose cover RAM: 1024G
[    0.003281]  gran_size: 64K 	chunk_size: 2G 	num_reg: 10  	lose cover RAM: 1024G
[    0.003282]  gran_size: 128K 	chunk_size: 128K 	num_reg: 10  	lose cover RAM: 2016G
[    0.003283]  gran_size: 128K 	chunk_size: 256K 	num_reg: 10  	lose cover RAM: 2016G
[    0.003285]  gran_size: 128K 	chunk_size: 512K 	num_reg: 10  	lose cover RAM: 2016G
[    0.003286]  gran_size: 128K 	chunk_size: 1M 	num_reg: 10  	lose cover RAM: 2016G
[    0.003287]  gran_size: 128K 	chunk_size: 2M 	num_reg: 10  	lose cover RAM: 2016G
[    0.003289]  gran_size: 128K 	chunk_size: 4M 	num_reg: 10  	lose cover RAM: 2016G
[    0.003290]  gran_size: 128K 	chunk_size: 8M 	num_reg: 10  	lose cover RAM: 2016G
[    0.003291]  gran_size: 128K 	chunk_size: 16M 	num_reg: 10  	lose cover RAM: 2016G
[    0.003293]  gran_size: 128K 	chunk_size: 32M 	num_reg: 10  	lose cover RAM: 1024G
[    0.003294]  gran_size: 128K 	chunk_size: 64M 	num_reg: 10  	lose cover RAM: 1024G
[    0.003295]  gran_size: 128K 	chunk_size: 128M 	num_reg: 10  	lose cover RAM: 1024G
[    0.003296]  gran_size: 128K 	chunk_size: 256M 	num_reg: 10  	lose cover RAM: 1024G
[    0.003298]  gran_size: 128K 	chunk_size: 512M 	num_reg: 10  	lose cover RAM: 1024G
[    0.003299]  gran_size: 128K 	chunk_size: 1G 	num_reg: 10  	lose cover RAM: 1024G
[    0.003301]  gran_size: 128K 	chunk_size: 2G 	num_reg: 10  	lose cover RAM: 1024G
[    0.003302]  gran_size: 256K 	chunk_size: 256K 	num_reg: 10  	lose cover RAM: 2016G
[    0.003304]  gran_size: 256K 	chunk_size: 512K 	num_reg: 10  	lose cover RAM: 2016G
[    0.003305]  gran_size: 256K 	chunk_size: 1M 	num_reg: 10  	lose cover RAM: 2016G
[    0.003306]  gran_size: 256K 	chunk_size: 2M 	num_reg: 10  	lose cover RAM: 2016G
[    0.003308]  gran_size: 256K 	chunk_size: 4M 	num_reg: 10  	lose cover RAM: 2016G
[    0.003309]  gran_size: 256K 	chunk_size: 8M 	num_reg: 10  	lose cover RAM: 2016G
[    0.003311]  gran_size: 256K 	chunk_size: 16M 	num_reg: 10  	lose cover RAM: 2016G
[    0.003312]  gran_size: 256K 	chunk_size: 32M 	num_reg: 10  	lose cover RAM: 1024G
[    0.003313]  gran_size: 256K 	chunk_size: 64M 	num_reg: 10  	lose cover RAM: 1024G
[    0.003314]  gran_size: 256K 	chunk_size: 128M 	num_reg: 10  	lose cover RAM: 1024G
[    0.003316]  gran_size: 256K 	chunk_size: 256M 	num_reg: 10  	lose cover RAM: 1024G
[    0.003317]  gran_size: 256K 	chunk_size: 512M 	num_reg: 10  	lose cover RAM: 1024G
[    0.003318]  gran_size: 256K 	chunk_size: 1G 	num_reg: 10  	lose cover RAM: 1024G
[    0.003320]  gran_size: 256K 	chunk_size: 2G 	num_reg: 10  	lose cover RAM: 1024G
[    0.003321]  gran_size: 512K 	chunk_size: 512K 	num_reg: 10  	lose cover RAM: 2016G
[    0.003322]  gran_size: 512K 	chunk_size: 1M 	num_reg: 10  	lose cover RAM: 2016G
[    0.003324]  gran_size: 512K 	chunk_size: 2M 	num_reg: 10  	lose cover RAM: 2016G
[    0.003325]  gran_size: 512K 	chunk_size: 4M 	num_reg: 10  	lose cover RAM: 2016G
[    0.003326]  gran_size: 512K 	chunk_size: 8M 	num_reg: 10  	lose cover RAM: 2016G
[    0.003327]  gran_size: 512K 	chunk_size: 16M 	num_reg: 10  	lose cover RAM: 2016G
[    0.003329]  gran_size: 512K 	chunk_size: 32M 	num_reg: 10  	lose cover RAM: 1024G
[    0.003330]  gran_size: 512K 	chunk_size: 64M 	num_reg: 10  	lose cover RAM: 1024G
[    0.003331]  gran_size: 512K 	chunk_size: 128M 	num_reg: 10  	lose cover RAM: 1024G
[    0.003333]  gran_size: 512K 	chunk_size: 256M 	num_reg: 10  	lose cover RAM: 1024G
[    0.003334]  gran_size: 512K 	chunk_size: 512M 	num_reg: 10  	lose cover RAM: 1024G
[    0.003336]  gran_size: 512K 	chunk_size: 1G 	num_reg: 10  	lose cover RAM: 1024G
[    0.003337]  gran_size: 512K 	chunk_size: 2G 	num_reg: 10  	lose cover RAM: 1024G
[    0.003339]  gran_size: 1M 	chunk_size: 1M 	num_reg: 10  	lose cover RAM: 2016G
[    0.003340]  gran_size: 1M 	chunk_size: 2M 	num_reg: 10  	lose cover RAM: 2016G
[    0.003342]  gran_size: 1M 	chunk_size: 4M 	num_reg: 10  	lose cover RAM: 2016G
[    0.003343]  gran_size: 1M 	chunk_size: 8M 	num_reg: 10  	lose cover RAM: 2016G
[    0.003344]  gran_size: 1M 	chunk_size: 16M 	num_reg: 10  	lose cover RAM: 2016G
[    0.003345]  gran_size: 1M 	chunk_size: 32M 	num_reg: 10  	lose cover RAM: 1024G
[    0.003347]  gran_size: 1M 	chunk_size: 64M 	num_reg: 10  	lose cover RAM: 1024G
[    0.003348]  gran_size: 1M 	chunk_size: 128M 	num_reg: 10  	lose cover RAM: 1024G
[    0.003349]  gran_size: 1M 	chunk_size: 256M 	num_reg: 10  	lose cover RAM: 1024G
[    0.003351]  gran_size: 1M 	chunk_size: 512M 	num_reg: 10  	lose cover RAM: 1024G
[    0.003352]  gran_size: 1M 	chunk_size: 1G 	num_reg: 10  	lose cover RAM: 1024G
[    0.003353]  gran_size: 1M 	chunk_size: 2G 	num_reg: 10  	lose cover RAM: 1024G
[    0.003354]  gran_size: 2M 	chunk_size: 2M 	num_reg: 10  	lose cover RAM: 2016G
[    0.003356]  gran_size: 2M 	chunk_size: 4M 	num_reg: 10  	lose cover RAM: 2016G
[    0.003357]  gran_size: 2M 	chunk_size: 8M 	num_reg: 10  	lose cover RAM: 2016G
[    0.003358]  gran_size: 2M 	chunk_size: 16M 	num_reg: 10  	lose cover RAM: 2016G
[    0.003360]  gran_size: 2M 	chunk_size: 32M 	num_reg: 10  	lose cover RAM: 1024G
[    0.003361]  gran_size: 2M 	chunk_size: 64M 	num_reg: 10  	lose cover RAM: 1024G
[    0.003363]  gran_size: 2M 	chunk_size: 128M 	num_reg: 10  	lose cover RAM: 1024G
[    0.003364]  gran_size: 2M 	chunk_size: 256M 	num_reg: 10  	lose cover RAM: 1024G
[    0.003365]  gran_size: 2M 	chunk_size: 512M 	num_reg: 10  	lose cover RAM: 1024G
[    0.003367]  gran_size: 2M 	chunk_size: 1G 	num_reg: 10  	lose cover RAM: 1024G
[    0.003368]  gran_size: 2M 	chunk_size: 2G 	num_reg: 10  	lose cover RAM: 1024G
[    0.003370]  gran_size: 4M 	chunk_size: 4M 	num_reg: 10  	lose cover RAM: 2016G
[    0.003371]  gran_size: 4M 	chunk_size: 8M 	num_reg: 10  	lose cover RAM: 2016G
[    0.003372]  gran_size: 4M 	chunk_size: 16M 	num_reg: 10  	lose cover RAM: 2016G
[    0.003374]  gran_size: 4M 	chunk_size: 32M 	num_reg: 10  	lose cover RAM: 1024G
[    0.003375]  gran_size: 4M 	chunk_size: 64M 	num_reg: 10  	lose cover RAM: 1024G
[    0.003376]  gran_size: 4M 	chunk_size: 128M 	num_reg: 10  	lose cover RAM: 1024G
[    0.003377]  gran_size: 4M 	chunk_size: 256M 	num_reg: 10  	lose cover RAM: 1024G
[    0.003379]  gran_size: 4M 	chunk_size: 512M 	num_reg: 10  	lose cover RAM: 1024G
[    0.003380]  gran_size: 4M 	chunk_size: 1G 	num_reg: 10  	lose cover RAM: 1024G
[    0.003381]  gran_size: 4M 	chunk_size: 2G 	num_reg: 10  	lose cover RAM: 1024G
[    0.003383]  gran_size: 8M 	chunk_size: 8M 	num_reg: 10  	lose cover RAM: 2016G
[    0.003384]  gran_size: 8M 	chunk_size: 16M 	num_reg: 10  	lose cover RAM: 2016G
[    0.003385]  gran_size: 8M 	chunk_size: 32M 	num_reg: 10  	lose cover RAM: 1024G
[    0.003386]  gran_size: 8M 	chunk_size: 64M 	num_reg: 10  	lose cover RAM: 1024G
[    0.003388]  gran_size: 8M 	chunk_size: 128M 	num_reg: 10  	lose cover RAM: 1024G
[    0.003389]  gran_size: 8M 	chunk_size: 256M 	num_reg: 10  	lose cover RAM: 1024G
[    0.003390]  gran_size: 8M 	chunk_size: 512M 	num_reg: 10  	lose cover RAM: 1024G
[    0.003392]  gran_size: 8M 	chunk_size: 1G 	num_reg: 10  	lose cover RAM: 1024G
[    0.003393]  gran_size: 8M 	chunk_size: 2G 	num_reg: 10  	lose cover RAM: 1024G
[    0.003394]  gran_size: 16M 	chunk_size: 16M 	num_reg: 10  	lose cover RAM: 2016G
[    0.003396]  gran_size: 16M 	chunk_size: 32M 	num_reg: 10  	lose cover RAM: 1024G
[    0.003397]  gran_size: 16M 	chunk_size: 64M 	num_reg: 10  	lose cover RAM: 1024G
[    0.003398]  gran_size: 16M 	chunk_size: 128M 	num_reg: 10  	lose cover RAM: 1024G
[    0.003400]  gran_size: 16M 	chunk_size: 256M 	num_reg: 10  	lose cover RAM: 1024G
[    0.003401]  gran_size: 16M 	chunk_size: 512M 	num_reg: 10  	lose cover RAM: 1024G
[    0.003403]  gran_size: 16M 	chunk_size: 1G 	num_reg: 10  	lose cover RAM: 1024G
[    0.003404]  gran_size: 16M 	chunk_size: 2G 	num_reg: 10  	lose cover RAM: 1024G
[    0.003405]  gran_size: 32M 	chunk_size: 32M 	num_reg: 10  	lose cover RAM: 2031632M
[    0.003407]  gran_size: 32M 	chunk_size: 64M 	num_reg: 10  	lose cover RAM: 1048592M
[    0.003408]  gran_size: 32M 	chunk_size: 128M 	num_reg: 10  	lose cover RAM: 1048592M
[    0.003410]  gran_size: 32M 	chunk_size: 256M 	num_reg: 10  	lose cover RAM: 1048592M
[    0.003411]  gran_size: 32M 	chunk_size: 512M 	num_reg: 10  	lose cover RAM: 1048592M
[    0.003412]  gran_size: 32M 	chunk_size: 1G 	num_reg: 10  	lose cover RAM: 1048592M
[    0.003414]  gran_size: 32M 	chunk_size: 2G 	num_reg: 10  	lose cover RAM: 1048592M
[    0.003415]  gran_size: 64M 	chunk_size: 64M 	num_reg: 10  	lose cover RAM: 1966128M
[    0.003417]  gran_size: 64M 	chunk_size: 128M 	num_reg: 10  	lose cover RAM: 1048624M
[    0.003418]  gran_size: 64M 	chunk_size: 256M 	num_reg: 10  	lose cover RAM: 1048624M
[    0.003419]  gran_size: 64M 	chunk_size: 512M 	num_reg: 10  	lose cover RAM: 1048624M
[    0.003421]  gran_size: 64M 	chunk_size: 1G 	num_reg: 10  	lose cover RAM: 1048624M
[    0.003422]  gran_size: 64M 	chunk_size: 2G 	num_reg: 10  	lose cover RAM: 1048624M
[    0.003423]  gran_size: 128M 	chunk_size: 128M 	num_reg: 10  	lose cover RAM: 1835120M
[    0.003425]  gran_size: 128M 	chunk_size: 256M 	num_reg: 10  	lose cover RAM: 1048688M
[    0.003426]  gran_size: 128M 	chunk_size: 512M 	num_reg: 10  	lose cover RAM: 1048688M
[    0.003428]  gran_size: 128M 	chunk_size: 1G 	num_reg: 10  	lose cover RAM: 1048688M
[    0.003429]  gran_size: 128M 	chunk_size: 2G 	num_reg: 10  	lose cover RAM: 1048688M
[    0.003431]  gran_size: 256M 	chunk_size: 256M 	num_reg: 10  	lose cover RAM: 1573104M
[    0.003432]  gran_size: 256M 	chunk_size: 512M 	num_reg: 10  	lose cover RAM: 1048816M
[    0.003434]  gran_size: 256M 	chunk_size: 1G 	num_reg: 10  	lose cover RAM: 1048816M
[    0.003435]  gran_size: 256M 	chunk_size: 2G 	num_reg: 10  	lose cover RAM: 1048816M
[    0.003436]  gran_size: 512M 	chunk_size: 512M 	num_reg: 10  	lose cover RAM: 1049072M
[    0.003438]  gran_size: 512M 	chunk_size: 1G 	num_reg: 10  	lose cover RAM: 1049072M
[    0.003439]  gran_size: 512M 	chunk_size: 2G 	num_reg: 10  	lose cover RAM: 1049072M
[    0.003440]  gran_size: 1G 	chunk_size: 1G 	num_reg: 10  	lose cover RAM: 1008M
[    0.003442]  gran_size: 1G 	chunk_size: 2G 	num_reg: 10  	lose cover RAM: 1008M
[    0.003443]  gran_size: 2G 	chunk_size: 2G 	num_reg: 9  	lose cover RAM: 2032M
[    0.003444] mtrr_cleanup: can not find optimal value
[    0.003445] please specify mtrr_gran_size/mtrr_chunk_size
[    0.003448] e820: update [mem 0x7f000000-0xffffffff] usable ==> reserved
[    0.003451] x2apic: enabled by BIOS, switching to x2apic ops
[    0.003452] last_pfn = 0x6f800 max_arch_pfn = 0x400000000
[    0.014876] Using GB pages for direct mapping
[    0.015958] Secure boot disabled
[    0.015958] RAMDISK: [mem 0x205de61000-0x207fffffff]
[    0.015964] ACPI: Early table checksum verification disabled
[    0.015967] ACPI: RSDP 0x000000006F7FE014 000024 (v02 DELL  )
[    0.015971] ACPI: XSDT 0x000000006F41C188 0000F4 (v01 DELL   PE_SC3   00000000 DELL 01000013)
[    0.015977] ACPI: FACP 0x000000006F430000 000114 (v06 DELL   PE_SC3   00000000 DELL 00000001)
[    0.015982] ACPI: DSDT 0x000000004B4CE000 07FAD3 (v02 DELL   PE_SC3   00000003 DELL 00000001)
[    0.015986] ACPI: FACS 0x000000006F2F2000 000040
[    0.015989] ACPI: SSDT 0x000000006F7FB000 00159A (v02 INTEL  RAS_ACPI 00000001 INTL 20210331)
[    0.015993] ACPI: SSDT 0x000000006F7FA000 000745 (v02 INTEL  ADDRXLAT 00000001 INTL 20210331)
[    0.015996] ACPI: MCEJ 0x000000006F7F9000 000130 (v01 INTEL           00000001 INTL 0100000D)
[    0.016000] ACPI: BERT 0x000000006F7F8000 000030 (v01 DELL   PE_SC3   00000001 INTL 00000001)
[    0.016003] ACPI: ERST 0x000000006F7F7000 000230 (v01 DELL   PE_SC3   00000001 INTL 00000001)
[    0.016006] ACPI: SSDT 0x000000006F431000 3C524E (v02 INTEL  SSDTNVDR 00001000 INTL 20210331)
[    0.016010] ACPI: HMAT 0x000000006F42F000 000210 (v01 DELL   PE_SC3   00000001 DELL 00000001)
[    0.016013] ACPI: HPET 0x000000006F42E000 000038 (v01 DELL   PE_SC3   00000001 DELL 00000001)
[    0.016017] ACPI: MCFG 0x000000006F42D000 00003C (v01 DELL   PE_SC3   00000001 DELL 00000001)
[    0.016020] ACPI: MIGT 0x000000006F42C000 000040 (v01 DELL   PE_SC3   00000000 DELL 00000001)
[    0.016023] ACPI: MSCT 0x000000006F42B000 000090 (v01 DELL   PE_SC3   00000001 DELL 00000001)
[    0.016026] ACPI: PMTT 0x000000006F429000 0011E8 (v02 DELL   PE_SC3   00000001 DELL 00000001)
[    0.016030] ACPI: WSMT 0x000000006F428000 000028 (v01 DELL   PE_SC3   00000000 DELL 00000001)
[    0.016033] ACPI: APIC 0x000000006F427000 00075E (v04 DELL   PE_SC3   00000000 DELL 00000001)
[    0.016036] ACPI: SLIT 0x000000006F426000 00003C (v01 DELL   PE_SC3   00000001 DELL 01000013)
[    0.016040] ACPI: SRAT 0x000000006F41F000 006430 (v03 DELL   PE_SC3   00000002 DELL 01000013)
[    0.016043] ACPI: OEM4 0x000000004B346000 187A61 (v02 INTEL  CPU  CST 00003000 INTL 20210331)
[    0.016047] ACPI: SSDT 0x000000004B2CF000 0764A5 (v02 INTEL  SSDT  PM 00004000 INTL 20210331)
[    0.016050] ACPI: SSDT 0x000000006F41E000 000A1F (v02 DELL   PE_SC3   00000000 DELL 00000001)
[    0.016053] ACPI: HEST 0x000000006F41D000 00017C (v01 DELL   PE_SC3   00000001 INTL 00000001)
[    0.016057] ACPI: PCAT 0x000000006F41B000 00010C (v19 DELL   PE_SC3   00000002 DELL 00000001)
[    0.016060] ACPI: SSDT 0x000000006F413000 007299 (v02 INTEL  SpsNm    00000002 INTL 20210331)
[    0.016063] ACPI: SSDT 0x000000006F412000 000426 (v02 DELL   PE_SC3   00000002 DELL 00000001)
[    0.016067] ACPI: NFIT 0x000000006F7FD000 000488 (v01 DELL   PE_SC3   00000002 DELL 00000001)
[    0.016070] ACPI: DMAR 0x000000006F411000 000158 (v01 DELL   PE_SC3   00000001 DELL 00000001)
[    0.016072] ACPI: Reserving FACP table memory at [mem 0x6f430000-0x6f430113]
[    0.016074] ACPI: Reserving DSDT table memory at [mem 0x4b4ce000-0x4b54dad2]
[    0.016075] ACPI: Reserving FACS table memory at [mem 0x6f2f2000-0x6f2f203f]
[    0.016076] ACPI: Reserving SSDT table memory at [mem 0x6f7fb000-0x6f7fc599]
[    0.016077] ACPI: Reserving SSDT table memory at [mem 0x6f7fa000-0x6f7fa744]
[    0.016078] ACPI: Reserving MCEJ table memory at [mem 0x6f7f9000-0x6f7f912f]
[    0.016079] ACPI: Reserving BERT table memory at [mem 0x6f7f8000-0x6f7f802f]
[    0.016080] ACPI: Reserving ERST table memory at [mem 0x6f7f7000-0x6f7f722f]
[    0.016081] ACPI: Reserving SSDT table memory at [mem 0x6f431000-0x6f7f624d]
[    0.016082] ACPI: Reserving HMAT table memory at [mem 0x6f42f000-0x6f42f20f]
[    0.016083] ACPI: Reserving HPET table memory at [mem 0x6f42e000-0x6f42e037]
[    0.016084] ACPI: Reserving MCFG table memory at [mem 0x6f42d000-0x6f42d03b]
[    0.016084] ACPI: Reserving MIGT table memory at [mem 0x6f42c000-0x6f42c03f]
[    0.016085] ACPI: Reserving MSCT table memory at [mem 0x6f42b000-0x6f42b08f]
[    0.016086] ACPI: Reserving PMTT table memory at [mem 0x6f429000-0x6f42a1e7]
[    0.016087] ACPI: Reserving WSMT table memory at [mem 0x6f428000-0x6f428027]
[    0.016088] ACPI: Reserving APIC table memory at [mem 0x6f427000-0x6f42775d]
[    0.016089] ACPI: Reserving SLIT table memory at [mem 0x6f426000-0x6f42603b]
[    0.016090] ACPI: Reserving SRAT table memory at [mem 0x6f41f000-0x6f42542f]
[    0.016091] ACPI: Reserving OEM4 table memory at [mem 0x4b346000-0x4b4cda60]
[    0.016092] ACPI: Reserving SSDT table memory at [mem 0x4b2cf000-0x4b3454a4]
[    0.016093] ACPI: Reserving SSDT table memory at [mem 0x6f41e000-0x6f41ea1e]
[    0.016094] ACPI: Reserving HEST table memory at [mem 0x6f41d000-0x6f41d17b]
[    0.016095] ACPI: Reserving PCAT table memory at [mem 0x6f41b000-0x6f41b10b]
[    0.016095] ACPI: Reserving SSDT table memory at [mem 0x6f413000-0x6f41a298]
[    0.016096] ACPI: Reserving SSDT table memory at [mem 0x6f412000-0x6f412425]
[    0.016097] ACPI: Reserving NFIT table memory at [mem 0x6f7fd000-0x6f7fd487]
[    0.016098] ACPI: Reserving DMAR table memory at [mem 0x6f411000-0x6f411157]
[    0.016109] Setting APIC routing to cluster x2apic.
[    0.016158] SRAT: PXM 0 -> APIC 0x0000 -> Node 0
[    0.016159] SRAT: PXM 0 -> APIC 0x0001 -> Node 0
[    0.016160] SRAT: PXM 0 -> APIC 0x0002 -> Node 0
[    0.016160] SRAT: PXM 0 -> APIC 0x0003 -> Node 0
[    0.016161] SRAT: PXM 0 -> APIC 0x0004 -> Node 0
[    0.016162] SRAT: PXM 0 -> APIC 0x0005 -> Node 0
[    0.016162] SRAT: PXM 0 -> APIC 0x0006 -> Node 0
[    0.016163] SRAT: PXM 0 -> APIC 0x0007 -> Node 0
[    0.016164] SRAT: PXM 0 -> APIC 0x0008 -> Node 0
[    0.016164] SRAT: PXM 0 -> APIC 0x0009 -> Node 0
[    0.016165] SRAT: PXM 0 -> APIC 0x000a -> Node 0
[    0.016166] SRAT: PXM 0 -> APIC 0x000b -> Node 0
[    0.016167] SRAT: PXM 0 -> APIC 0x000c -> Node 0
[    0.016167] SRAT: PXM 0 -> APIC 0x000d -> Node 0
[    0.016168] SRAT: PXM 0 -> APIC 0x000e -> Node 0
[    0.016169] SRAT: PXM 0 -> APIC 0x000f -> Node 0
[    0.016170] SRAT: PXM 0 -> APIC 0x0010 -> Node 0
[    0.016171] SRAT: PXM 0 -> APIC 0x0011 -> Node 0
[    0.016172] SRAT: PXM 0 -> APIC 0x0012 -> Node 0
[    0.016172] SRAT: PXM 0 -> APIC 0x0013 -> Node 0
[    0.016173] SRAT: PXM 0 -> APIC 0x0014 -> Node 0
[    0.016174] SRAT: PXM 0 -> APIC 0x0015 -> Node 0
[    0.016174] SRAT: PXM 0 -> APIC 0x0016 -> Node 0
[    0.016175] SRAT: PXM 0 -> APIC 0x0017 -> Node 0
[    0.016176] SRAT: PXM 0 -> APIC 0x0018 -> Node 0
[    0.016176] SRAT: PXM 0 -> APIC 0x0019 -> Node 0
[    0.016177] SRAT: PXM 0 -> APIC 0x001a -> Node 0
[    0.016178] SRAT: PXM 0 -> APIC 0x001b -> Node 0
[    0.016178] SRAT: PXM 0 -> APIC 0x001c -> Node 0
[    0.016179] SRAT: PXM 0 -> APIC 0x001d -> Node 0
[    0.016180] SRAT: PXM 0 -> APIC 0x001e -> Node 0
[    0.016180] SRAT: PXM 0 -> APIC 0x001f -> Node 0
[    0.016181] SRAT: PXM 0 -> APIC 0x0020 -> Node 0
[    0.016181] SRAT: PXM 0 -> APIC 0x0021 -> Node 0
[    0.016182] SRAT: PXM 0 -> APIC 0x0022 -> Node 0
[    0.016183] SRAT: PXM 0 -> APIC 0x0023 -> Node 0
[    0.016183] SRAT: PXM 0 -> APIC 0x0024 -> Node 0
[    0.016184] SRAT: PXM 0 -> APIC 0x0025 -> Node 0
[    0.016185] SRAT: PXM 0 -> APIC 0x0026 -> Node 0
[    0.016185] SRAT: PXM 0 -> APIC 0x0027 -> Node 0
[    0.016186] SRAT: PXM 0 -> APIC 0x0028 -> Node 0
[    0.016187] SRAT: PXM 0 -> APIC 0x0029 -> Node 0
[    0.016187] SRAT: PXM 0 -> APIC 0x002a -> Node 0
[    0.016188] SRAT: PXM 0 -> APIC 0x002b -> Node 0
[    0.016189] SRAT: PXM 0 -> APIC 0x002c -> Node 0
[    0.016190] SRAT: PXM 0 -> APIC 0x002d -> Node 0
[    0.016190] SRAT: PXM 0 -> APIC 0x002e -> Node 0
[    0.016191] SRAT: PXM 0 -> APIC 0x002f -> Node 0
[    0.016191] SRAT: PXM 0 -> APIC 0x0030 -> Node 0
[    0.016192] SRAT: PXM 0 -> APIC 0x0031 -> Node 0
[    0.016193] SRAT: PXM 0 -> APIC 0x0032 -> Node 0
[    0.016193] SRAT: PXM 0 -> APIC 0x0033 -> Node 0
[    0.016194] SRAT: PXM 0 -> APIC 0x0034 -> Node 0
[    0.016195] SRAT: PXM 0 -> APIC 0x0035 -> Node 0
[    0.016195] SRAT: PXM 0 -> APIC 0x0036 -> Node 0
[    0.016196] SRAT: PXM 0 -> APIC 0x0037 -> Node 0
[    0.016197] SRAT: PXM 1 -> APIC 0x0080 -> Node 1
[    0.016198] SRAT: PXM 1 -> APIC 0x0081 -> Node 1
[    0.016198] SRAT: PXM 1 -> APIC 0x0082 -> Node 1
[    0.016199] SRAT: PXM 1 -> APIC 0x0083 -> Node 1
[    0.016200] SRAT: PXM 1 -> APIC 0x0084 -> Node 1
[    0.016201] SRAT: PXM 1 -> APIC 0x0085 -> Node 1
[    0.016202] SRAT: PXM 1 -> APIC 0x0086 -> Node 1
[    0.016202] SRAT: PXM 1 -> APIC 0x0087 -> Node 1
[    0.016203] SRAT: PXM 1 -> APIC 0x0088 -> Node 1
[    0.016204] SRAT: PXM 1 -> APIC 0x0089 -> Node 1
[    0.016205] SRAT: PXM 1 -> APIC 0x008a -> Node 1
[    0.016205] SRAT: PXM 1 -> APIC 0x008b -> Node 1
[    0.016206] SRAT: PXM 1 -> APIC 0x008c -> Node 1
[    0.016207] SRAT: PXM 1 -> APIC 0x008d -> Node 1
[    0.016207] SRAT: PXM 1 -> APIC 0x008e -> Node 1
[    0.016208] SRAT: PXM 1 -> APIC 0x008f -> Node 1
[    0.016209] SRAT: PXM 1 -> APIC 0x0090 -> Node 1
[    0.016209] SRAT: PXM 1 -> APIC 0x0091 -> Node 1
[    0.016210] SRAT: PXM 1 -> APIC 0x0092 -> Node 1
[    0.016210] SRAT: PXM 1 -> APIC 0x0093 -> Node 1
[    0.016211] SRAT: PXM 1 -> APIC 0x0094 -> Node 1
[    0.016212] SRAT: PXM 1 -> APIC 0x0095 -> Node 1
[    0.016212] SRAT: PXM 1 -> APIC 0x0096 -> Node 1
[    0.016213] SRAT: PXM 1 -> APIC 0x0097 -> Node 1
[    0.016214] SRAT: PXM 1 -> APIC 0x0098 -> Node 1
[    0.016214] SRAT: PXM 1 -> APIC 0x0099 -> Node 1
[    0.016215] SRAT: PXM 1 -> APIC 0x009a -> Node 1
[    0.016216] SRAT: PXM 1 -> APIC 0x009b -> Node 1
[    0.016216] SRAT: PXM 1 -> APIC 0x009c -> Node 1
[    0.016217] SRAT: PXM 1 -> APIC 0x009d -> Node 1
[    0.016218] SRAT: PXM 1 -> APIC 0x009e -> Node 1
[    0.016218] SRAT: PXM 1 -> APIC 0x009f -> Node 1
[    0.016219] SRAT: PXM 1 -> APIC 0x00a0 -> Node 1
[    0.016220] SRAT: PXM 1 -> APIC 0x00a1 -> Node 1
[    0.016220] SRAT: PXM 1 -> APIC 0x00a2 -> Node 1
[    0.016221] SRAT: PXM 1 -> APIC 0x00a3 -> Node 1
[    0.016222] SRAT: PXM 1 -> APIC 0x00a4 -> Node 1
[    0.016222] SRAT: PXM 1 -> APIC 0x00a5 -> Node 1
[    0.016223] SRAT: PXM 1 -> APIC 0x00a6 -> Node 1
[    0.016224] SRAT: PXM 1 -> APIC 0x00a7 -> Node 1
[    0.016224] SRAT: PXM 1 -> APIC 0x00a8 -> Node 1
[    0.016225] SRAT: PXM 1 -> APIC 0x00a9 -> Node 1
[    0.016226] SRAT: PXM 1 -> APIC 0x00aa -> Node 1
[    0.016226] SRAT: PXM 1 -> APIC 0x00ab -> Node 1
[    0.016227] SRAT: PXM 1 -> APIC 0x00ac -> Node 1
[    0.016228] SRAT: PXM 1 -> APIC 0x00ad -> Node 1
[    0.016228] SRAT: PXM 1 -> APIC 0x00ae -> Node 1
[    0.016229] SRAT: PXM 1 -> APIC 0x00af -> Node 1
[    0.016230] SRAT: PXM 1 -> APIC 0x00b0 -> Node 1
[    0.016231] SRAT: PXM 1 -> APIC 0x00b1 -> Node 1
[    0.016231] SRAT: PXM 1 -> APIC 0x00b2 -> Node 1
[    0.016232] SRAT: PXM 1 -> APIC 0x00b3 -> Node 1
[    0.016233] SRAT: PXM 1 -> APIC 0x00b4 -> Node 1
[    0.016234] SRAT: PXM 1 -> APIC 0x00b5 -> Node 1
[    0.016235] SRAT: PXM 1 -> APIC 0x00b6 -> Node 1
[    0.016236] SRAT: PXM 1 -> APIC 0x00b7 -> Node 1
[    0.016248] ACPI: SRAT: Node 0 PXM 0 [mem 0x00000000-0x7fffffff]
[    0.016250] ACPI: SRAT: Node 0 PXM 0 [mem 0x100000000-0x107fffffff]
[    0.016252] ACPI: SRAT: Node 2 PXM 2 [mem 0x2080000000-0x9e7fffffff] non-volatile
[    0.016253] ACPI: SRAT: Node 1 PXM 1 [mem 0x1080000000-0x207fffffff]
[    0.016254] ACPI: SRAT: Node 3 PXM 3 [mem 0x9e80000000-0x11c7fffffff] non-volatile
[    0.016264] NUMA: Initialized distance table, cnt=4
[    0.016268] NUMA: Node 0 [mem 0x00000000-0x7fffffff] + [mem 0x100000000-0x107fffffff] -> [mem 0x00000000-0x107fffffff]
[    0.016276] NODE_DATA(0) allocated [mem 0xffffd5000-0xfffffffff]
[    0.016293] NODE_DATA(1) allocated [mem 0x205de32000-0x205de5cfff]
[    0.016478] Zone ranges:
[    0.016479]   DMA      [mem 0x0000000000001000-0x0000000000ffffff]
[    0.016481]   DMA32    [mem 0x0000000001000000-0x00000000ffffffff]
[    0.016482]   Normal   [mem 0x0000000100000000-0x000000207fffffff]
[    0.016484]   Device   empty
[    0.016485] Movable zone start for each node
[    0.016488] Early memory node ranges
[    0.016489]   node   0: [mem 0x0000000000001000-0x000000000008efff]
[    0.016490]   node   0: [mem 0x0000000000090000-0x000000000009ffff]
[    0.016491]   node   0: [mem 0x0000000000100000-0x0000000049e76fff]
[    0.016492]   node   0: [mem 0x000000004ae77000-0x000000004b2cefff]
[    0.016493]   node   0: [mem 0x000000004b54e000-0x000000004bd93fff]
[    0.016494]   node   0: [mem 0x000000004be9a000-0x000000004cdfffff]
[    0.016494]   node   0: [mem 0x000000004d000000-0x000000005eefdfff]
[    0.016495]   node   0: [mem 0x000000006f7ff000-0x000000006f7fffff]
[    0.016496]   node   0: [mem 0x0000000792d00000-0x0000000fffffffff]
[    0.016499]   node   1: [mem 0x0000001ec0000000-0x000000207fffffff]
[    0.016501] Initmem setup node 0 [mem 0x0000000000001000-0x0000000fffffffff]
[    0.016504] Initmem setup node 1 [mem 0x0000001ec0000000-0x000000207fffffff]
[    0.016505] Initializing node 2 as memoryless
[    0.016528] Initmem setup node 2 as memoryless
[    0.016529] Initializing node 3 as memoryless
[    0.016551] Initmem setup node 3 as memoryless
[    0.016553] On node 0, zone DMA: 1 pages in unavailable ranges
[    0.016554] On node 0, zone DMA: 1 pages in unavailable ranges
[    0.016578] On node 0, zone DMA: 96 pages in unavailable ranges
[    0.018367] On node 0, zone DMA32: 4096 pages in unavailable ranges
[    0.018387] On node 0, zone DMA32: 639 pages in unavailable ranges
[    0.018414] On node 0, zone DMA32: 262 pages in unavailable ranges
[    0.018878] On node 0, zone DMA32: 512 pages in unavailable ranges
[    0.019150] On node 0, zone DMA32: 35073 pages in unavailable ranges
[    0.082627] On node 0, zone Normal: 13568 pages in unavailable ranges
[    0.096908] ACPI: PM-Timer IO Port: 0x508
[    0.096929] ACPI: X2APIC_NMI (uid[0xffffffff] high edge lint[0x1])
[    0.096933] ACPI: LAPIC_NMI (acpi_id[0xff] high edge lint[0x1])
[    0.096953] IOAPIC[0]: apic_id 8, version 32, address 0xfec00000, GSI 0-119
[    0.096957] ACPI: INT_SRC_OVR (bus 0 bus_irq 0 global_irq 2 dfl dfl)
[    0.096959] ACPI: INT_SRC_OVR (bus 0 bus_irq 9 global_irq 9 high level)
[    0.096964] ACPI: Using ACPI (MADT) for SMP configuration information
[    0.096965] ACPI: HPET id: 0x8086a701 base: 0xfed00000
[    0.096971] TSC deadline timer available
[    0.096972] smpboot: Allowing 112 CPUs, 0 hotplug CPUs
[    0.097004] PM: hibernation: Registered nosave memory: [mem 0x00000000-0x00000fff]
[    0.097006] PM: hibernation: Registered nosave memory: [mem 0x0008f000-0x0008ffff]
[    0.097008] PM: hibernation: Registered nosave memory: [mem 0x000a0000-0x000fffff]
[    0.097010] PM: hibernation: Registered nosave memory: [mem 0x46cc4000-0x46cc4fff]
[    0.097012] PM: hibernation: Registered nosave memory: [mem 0x46cf5000-0x46cf5fff]
[    0.097013] PM: hibernation: Registered nosave memory: [mem 0x46cf6000-0x46cf6fff]
[    0.097015] PM: hibernation: Registered nosave memory: [mem 0x46d28000-0x46d28fff]
[    0.097016] PM: hibernation: Registered nosave memory: [mem 0x46d29000-0x46d29fff]
[    0.097017] PM: hibernation: Registered nosave memory: [mem 0x46d5b000-0x46d5bfff]
[    0.097018] PM: hibernation: Registered nosave memory: [mem 0x46d5c000-0x46d5cfff]
[    0.097020] PM: hibernation: Registered nosave memory: [mem 0x46d64000-0x46d64fff]
[    0.097022] PM: hibernation: Registered nosave memory: [mem 0x49e77000-0x4ae76fff]
[    0.097023] PM: hibernation: Registered nosave memory: [mem 0x4b2cf000-0x4b54dfff]
[    0.097025] PM: hibernation: Registered nosave memory: [mem 0x4bd94000-0x4be99fff]
[    0.097027] PM: hibernation: Registered nosave memory: [mem 0x4ce00000-0x4cffffff]
[    0.097029] PM: hibernation: Registered nosave memory: [mem 0x5eefe000-0x6e3fefff]
[    0.097030] PM: hibernation: Registered nosave memory: [mem 0x6e3ff000-0x6f3fefff]
[    0.097030] PM: hibernation: Registered nosave memory: [mem 0x6f3ff000-0x6f7fefff]
[    0.097032] PM: hibernation: Registered nosave memory: [mem 0x6f800000-0x8fffffff]
[    0.097033] PM: hibernation: Registered nosave memory: [mem 0x90000000-0xfdffffff]
[    0.097034] PM: hibernation: Registered nosave memory: [mem 0xfe000000-0xfe010fff]
[    0.097035] PM: hibernation: Registered nosave memory: [mem 0xfe011000-0xffffffff]
[    0.097035] PM: hibernation: Registered nosave memory: [mem 0x100000000-0x792cfffff]
[    0.097037] PM: hibernation: Registered nosave memory: [mem 0x1000000000-0x1ebfffffff]
[    0.097040] [mem 0x90000000-0xfdffffff] available for PCI devices
[    0.097042] Booting paravirtualized kernel on bare hardware
[    0.097046] clocksource: refined-jiffies: mask: 0xffffffff max_cycles: 0xffffffff, max_idle_ns: 7645519600211568 ns
[    0.097053] setup_percpu: NR_CPUS:8192 nr_cpumask_bits:112 nr_cpu_ids:112 nr_node_ids:4
[    0.101749] percpu: Embedded 61 pages/cpu s212992 r8192 d28672 u262144
[    0.101761] pcpu-alloc: s212992 r8192 d28672 u262144 alloc=1*2097152
[    0.101764] pcpu-alloc: [0] 000 002 004 006 008 010 012 014 
[    0.101771] pcpu-alloc: [0] 016 018 020 022 024 026 028 030 
[    0.101776] pcpu-alloc: [0] 032 034 036 038 040 042 044 046 
[    0.101780] pcpu-alloc: [0] 048 050 052 054 056 058 060 062 
[    0.101785] pcpu-alloc: [0] 064 066 068 070 072 074 076 078 
[    0.101789] pcpu-alloc: [0] 080 082 084 086 088 090 092 094 
[    0.101794] pcpu-alloc: [0] 096 098 100 102 104 106 108 110 
[    0.101799] pcpu-alloc: [1] 001 003 005 007 009 011 013 015 
[    0.101803] pcpu-alloc: [1] 017 019 021 023 025 027 029 031 
[    0.101808] pcpu-alloc: [1] 033 035 037 039 041 043 045 047 
[    0.101812] pcpu-alloc: [1] 049 051 053 055 057 059 061 063 
[    0.101817] pcpu-alloc: [1] 065 067 069 071 073 075 077 079 
[    0.101821] pcpu-alloc: [1] 081 083 085 087 089 091 093 095 
[    0.101826] pcpu-alloc: [1] 097 099 101 103 105 107 109 111 
[    0.101875] Fallback order for Node 0: 0 1 
[    0.101878] Fallback order for Node 1: 1 0 
[    0.101881] Fallback order for Node 2: 2 0 1 
[    0.101884] Fallback order for Node 3: 3 1 0 
[    0.101892] Built 2 zonelists, mobility grouping on.  Total pages: 10880200
[    0.101893] Policy zone: Normal
[    0.101895] Kernel command line: BOOT_IMAGE=/boot/vmlinuz-5.18.0 root=UUID=ce0c24b8-724b-4f33-9b2c-618433560aef ro memmap=26925M!4096M memmap=59G!64G quiet splash nomodeset vt.handoff=1
[    0.102028] Booted with the nomodeset parameter. Only the system framebuffer will be available
[    0.102051] Unknown kernel command line parameters "splash BOOT_IMAGE=/boot/vmlinuz-5.18.0", will be passed to user space.
[    0.102052] printk: log_buf_len individual max cpu contribution: 4096 bytes
[    0.102054] printk: log_buf_len total cpu_extra contributions: 454656 bytes
[    0.102054] printk: log_buf_len min size: 262144 bytes
[    0.103035] printk: log_buf_len: 1048576 bytes
[    0.103036] printk: early log buf free: 223664(85%)
[    0.104948] mem auto-init: stack:off, heap alloc:on, heap free:off
[    0.209022] Memory: 42693540K/44216416K available (16392K kernel code, 3615K rwdata, 10444K rodata, 2688K init, 5836K bss, 1522616K reserved, 0K cma-reserved)
[    0.209030] random: get_random_u64 called from __kmem_cache_create+0x2d/0x480 with crng_init=0
[    0.209577] SLUB: HWalign=64, Order=0-3, MinObjects=0, CPUs=112, Nodes=4
[    0.209607] ftrace: allocating 48795 entries in 191 pages
[    0.219066] ftrace: allocated 191 pages with 7 groups
[    0.220130] Dynamic Preempt: voluntary
[    0.220463] rcu: Preemptible hierarchical RCU implementation.
[    0.220464] rcu: 	RCU restricting CPUs from NR_CPUS=8192 to nr_cpu_ids=112.
[    0.220466] 	Trampoline variant of Tasks RCU enabled.
[    0.220466] 	Rude variant of Tasks RCU enabled.
[    0.220467] 	Tracing variant of Tasks RCU enabled.
[    0.220468] rcu: RCU calculated value of scheduler-enlistment delay is 25 jiffies.
[    0.220469] rcu: Adjusting geometry for rcu_fanout_leaf=16, nr_cpu_ids=112
[    0.224331] NR_IRQS: 524544, nr_irqs: 2952, preallocated irqs: 16
[    0.224702] random: crng init done (trusting CPU's manufacturer)
[    0.224843] Console: colour dummy device 80x25
[    0.224877] printk: console [tty0] enabled
[    0.225083] mempolicy: Enabling automatic NUMA balancing. Configure with numa_balancing= or the kernel.numa_balancing sysctl
[    0.225089] ACPI: Core revision 20211217
[    0.228450] clocksource: hpet: mask: 0xffffffff max_cycles: 0xffffffff, max_idle_ns: 79635855245 ns
[    0.228496] APIC: Switch to symmetric I/O mode setup
[    0.228498] DMAR: Host address width 46
[    0.228500] DMAR: DRHD base: 0x000000d0ffc000 flags: 0x0
[    0.228505] DMAR: dmar0: reg_base_addr d0ffc000 ver 4:0 cap 8ed008c40780466 ecap 60000f050df
[    0.228508] DMAR: DRHD base: 0x000000dbbfc000 flags: 0x0
[    0.228510] DMAR: dmar1: reg_base_addr dbbfc000 ver 4:0 cap 8ed008c40780466 ecap 60000f050df
[    0.228512] DMAR: DRHD base: 0x000000e67fc000 flags: 0x0
[    0.228516] DMAR: dmar2: reg_base_addr e67fc000 ver 4:0 cap 8ed008c40780466 ecap 60000f050df
[    0.228519] DMAR: DRHD base: 0x000000f13fc000 flags: 0x0
[    0.228521] DMAR: dmar3: reg_base_addr f13fc000 ver 4:0 cap 8ed008c40780466 ecap 60000f050df
[    0.228523] DMAR: DRHD base: 0x000000fb7fc000 flags: 0x0
[    0.228526] DMAR: dmar4: reg_base_addr fb7fc000 ver 4:0 cap 8ed008c40780466 ecap 60000f050df
[    0.228528] DMAR: DRHD base: 0x000000a63fc000 flags: 0x0
[    0.228530] DMAR: dmar5: reg_base_addr a63fc000 ver 4:0 cap 8ed008c40780466 ecap 60000f050df
[    0.228532] DMAR: DRHD base: 0x000000b0ffc000 flags: 0x0
[    0.228537] DMAR: dmar6: reg_base_addr b0ffc000 ver 4:0 cap 8ed008c40780466 ecap 60000f050df
[    0.228539] DMAR: DRHD base: 0x000000bbbfc000 flags: 0x0
[    0.228541] DMAR: dmar7: reg_base_addr bbbfc000 ver 4:0 cap 8ed008c40780466 ecap 60000f050df
[    0.228543] DMAR: DRHD base: 0x000000c5ffc000 flags: 0x0
[    0.228545] DMAR: dmar8: reg_base_addr c5ffc000 ver 4:0 cap 8ed008c40780466 ecap 60000f050df
[    0.228547] DMAR: DRHD base: 0x0000009b7fc000 flags: 0x1
[    0.228550] DMAR: dmar9: reg_base_addr 9b7fc000 ver 4:0 cap 8ed008c40780466 ecap 60000f050df
[    0.228552] DMAR: RMRR base: 0x00000069427000 end: 0x00000069429fff
[    0.228554] DMAR: ATSR flags: 0x0
[    0.228556] DMAR-IR: IOAPIC id 8 under DRHD base  0x9b7fc000 IOMMU 9
[    0.228558] DMAR-IR: HPET id 0 under DRHD base 0x9b7fc000
[    0.228559] DMAR-IR: Queued invalidation will be enabled to support x2apic and Intr-remapping.
[    0.231466] DMAR-IR: Enabled IRQ remapping in x2apic mode
[    0.234102] ..TIMER: vector=0x30 apic1=0 pin1=2 apic2=-1 pin2=-1
[    0.252425] clocksource: tsc-early: mask: 0xffffffffffffffff max_cycles: 0x39a85c9bff6, max_idle_ns: 881590591483 ns
[    0.252431] Calibrating delay loop (skipped), value calculated using timer frequency.. 4000.00 BogoMIPS (lpj=8000000)
[    0.252435] pid_max: default: 114688 minimum: 896
[    0.256337] LSM: Security Framework initializing
[    0.256353] Yama: becoming mindful.
[    0.256396] AppArmor: AppArmor initialized
[    0.264280] Dentry cache hash table entries: 8388608 (order: 14, 67108864 bytes, vmalloc hugepage)
[    0.268215] Inode-cache hash table entries: 4194304 (order: 13, 33554432 bytes, vmalloc hugepage)
[    0.268390] Mount-cache hash table entries: 131072 (order: 8, 1048576 bytes, vmalloc)
[    0.268540] Mountpoint-cache hash table entries: 131072 (order: 8, 1048576 bytes, vmalloc)
[    0.269116] x86/tme: not enabled by BIOS
[    0.269126] CPU0: Thermal monitoring enabled (TM1)
[    0.269129] x86/cpu: User Mode Instruction Prevention (UMIP) activated
[    0.269365] process: using mwait in idle threads
[    0.269367] Last level iTLB entries: 4KB 0, 2MB 0, 4MB 0
[    0.269368] Last level dTLB entries: 4KB 0, 2MB 0, 4MB 0, 1GB 0
[    0.269376] Spectre V1 : Mitigation: usercopy/swapgs barriers and __user pointer sanitization
[    0.269378] Spectre V2 : WARNING: Unprivileged eBPF is enabled with eIBRS on, data leaks possible via Spectre v2 BHB attacks!
[    0.269384] Spectre V2 : Mitigation: Enhanced IBRS
[    0.269385] Spectre V2 : Spectre v2 / SpectreRSB mitigation: Filling RSB on context switch
[    0.269386] Spectre V2 : mitigation: Enabling conditional Indirect Branch Prediction Barrier
[    0.269388] Speculative Store Bypass: Mitigation: Speculative Store Bypass disabled via prctl
[    0.275080] Freeing SMP alternatives memory: 40K
[    0.280492] smpboot: Estimated ratio of average max frequency by base frequency (times 1024): 1433
[    0.280509] smpboot: CPU0: Intel(R) Xeon(R) Gold 6330 CPU @ 2.00GHz (family: 0x6, model: 0x6a, stepping: 0x6)
[    0.280735] cblist_init_generic: Setting adjustable number of callback queues.
[    0.280751] cblist_init_generic: Setting shift to 7 and lim to 1.
[    0.280780] cblist_init_generic: Setting shift to 7 and lim to 1.
[    0.280809] cblist_init_generic: Setting shift to 7 and lim to 1.
[    0.280820] Performance Events: PEBS fmt4+-baseline,  AnyThread deprecated, Icelake events, 32-deep LBR, full-width counters, Intel PMU driver.
[    0.280860] ... version:                5
[    0.280861] ... bit width:              48
[    0.280862] ... generic registers:      8
[    0.280862] ... value mask:             0000ffffffffffff
[    0.280863] ... max period:             00007fffffffffff
[    0.280864] ... fixed-purpose events:   4
[    0.280865] ... event mask:             0001000f000000ff
[    0.281015] rcu: Hierarchical SRCU implementation.
[    0.288423] NMI watchdog: Enabled. Permanently consumes one hw-PMU counter.
[    0.289530] smp: Bringing up secondary CPUs ...
[    0.289658] x86: Booting SMP configuration:
[    0.289659] .... node  #1, CPUs:          #1
[    0.007733] smpboot: CPU 1 Converting physical 0 to logical die 1

[    0.376541] .... node  #0, CPUs:     #2
[    0.381919] .... node  #1, CPUs:     #3
[    0.387384] .... node  #0, CPUs:     #4
[    0.392768] .... node  #1, CPUs:     #5
[    0.398200] .... node  #0, CPUs:     #6
[    0.403785] .... node  #1, CPUs:     #7
[    0.409401] .... node  #0, CPUs:     #8
[    0.414705] .... node  #1, CPUs:     #9
[    0.420533] .... node  #0, CPUs:    #10
[    0.426201] .... node  #1, CPUs:    #11
[    0.431978] .... node  #0, CPUs:    #12
[    0.437500] .... node  #1, CPUs:    #13
[    0.442895] .... node  #0, CPUs:    #14
[    0.448142] .... node  #1, CPUs:    #15
[    0.453497] .... node  #0, CPUs:    #16
[    0.458777] .... node  #1, CPUs:    #17
[    0.464126] .... node  #0, CPUs:    #18
[    0.469389] .... node  #1, CPUs:    #19
[    0.475070] .... node  #0, CPUs:    #20
[    0.480586] .... node  #1, CPUs:    #21
[    0.485966] .... node  #0, CPUs:    #22
[    0.491409] .... node  #1, CPUs:    #23
[    0.496723] .... node  #0, CPUs:    #24
[    0.502357] .... node  #1, CPUs:    #25
[    0.507724] .... node  #0, CPUs:    #26
[    0.512956] .... node  #1, CPUs:    #27
[    0.518297] .... node  #0, CPUs:    #28
[    0.523826] .... node  #1, CPUs:    #29
[    0.529142] .... node  #0, CPUs:    #30
[    0.534390] .... node  #1, CPUs:    #31
[    0.539896] .... node  #0, CPUs:    #32
[    0.545191] .... node  #1, CPUs:    #33
[    0.550610] .... node  #0, CPUs:    #34
[    0.556064] .... node  #1, CPUs:    #35
[    0.561418] .... node  #0, CPUs:    #36
[    0.566645] .... node  #1, CPUs:    #37
[    0.571996] .... node  #0, CPUs:    #38
[    0.577563] .... node  #1, CPUs:    #39
[    0.583141] .... node  #0, CPUs:    #40
[    0.588752] .... node  #1, CPUs:    #41
[    0.594537] .... node  #0, CPUs:    #42
[    0.599855] .... node  #1, CPUs:    #43
[    0.605539] .... node  #0, CPUs:    #44
[    0.610915] .... node  #1, CPUs:    #45
[    0.616543] .... node  #0, CPUs:    #46
[    0.621987] .... node  #1, CPUs:    #47
[    0.627476] .... node  #0, CPUs:    #48
[    0.632821] .... node  #1, CPUs:    #49
[    0.638305] .... node  #0, CPUs:    #50
[    0.643809] .... node  #1, CPUs:    #51
[    0.649486] .... node  #0, CPUs:    #52
[    0.654962] .... node  #1, CPUs:    #53
[    0.660592] .... node  #0, CPUs:    #54
[    0.666308] .... node  #1, CPUs:    #55
[    0.672151] .... node  #0, CPUs:    #56
[    0.678264] .... node  #1, CPUs:    #57
[    0.684432] .... node  #0, CPUs:    #58
[    0.689653] .... node  #1, CPUs:    #59
[    0.695124] .... node  #0, CPUs:    #60
[    0.700608] .... node  #1, CPUs:    #61
[    0.705973] .... node  #0, CPUs:    #62
[    0.711589] .... node  #1, CPUs:    #63
[    0.717222] .... node  #0, CPUs:    #64
[    0.722530] .... node  #1, CPUs:    #65
[    0.728541] .... node  #0, CPUs:    #66
[    0.734083] .... node  #1, CPUs:    #67
[    0.739897] .... node  #0, CPUs:    #68
[    0.745453] .... node  #1, CPUs:    #69
[    0.750866] .... node  #0, CPUs:    #70
[    0.756117] .... node  #1, CPUs:    #71
[    0.761495] .... node  #0, CPUs:    #72
[    0.766792] .... node  #1, CPUs:    #73
[    0.772172] .... node  #0, CPUs:    #74
[    0.777467] .... node  #1, CPUs:    #75
[    0.783159] .... node  #0, CPUs:    #76
[    0.788609] .... node  #1, CPUs:    #77
[    0.794115] .... node  #0, CPUs:    #78
[    0.799572] .... node  #1, CPUs:    #79
[    0.804911] .... node  #0, CPUs:    #80
[    0.810571] .... node  #1, CPUs:    #81
[    0.815956] .... node  #0, CPUs:    #82
[    0.821204] .... node  #1, CPUs:    #83
[    0.826566] .... node  #0, CPUs:    #84
[    0.832096] .... node  #1, CPUs:    #85
[    0.837456] .... node  #0, CPUs:    #86
[    0.842718] .... node  #1, CPUs:    #87
[    0.848485] .... node  #0, CPUs:    #88
[    0.853592] .... node  #1, CPUs:    #89
[    0.859016] .... node  #0, CPUs:    #90
[    0.864625] .... node  #1, CPUs:    #91
[    0.869865] .... node  #0, CPUs:    #92
[    0.875108] .... node  #1, CPUs:    #93
[    0.880549] .... node  #0, CPUs:    #94
[    0.886075] .... node  #1, CPUs:    #95
[    0.891673] .... node  #0, CPUs:    #96
[    0.897301] .... node  #1, CPUs:    #97
[    0.903106] .... node  #0, CPUs:    #98
[    0.908618] .... node  #1, CPUs:    #99
[    0.914170] .... node  #0, CPUs:   #100
[    0.919554] .... node  #1, CPUs:   #101
[    0.925080] .... node  #0, CPUs:   #102
[    0.930644] .... node  #1, CPUs:   #103
[    0.936146] .... node  #0, CPUs:   #104
[    0.941521] .... node  #1, CPUs:   #105
[    0.947017] .... node  #0, CPUs:   #106
[    0.952608] .... node  #1, CPUs:   #107
[    0.958236] .... node  #0, CPUs:   #108
[    0.963730] .... node  #1, CPUs:   #109
[    0.969386] .... node  #0, CPUs:   #110
[    0.975114] .... node  #1, CPUs:   #111
[    0.980979] smp: Brought up 2 nodes, 112 CPUs
[    0.980979] smpboot: Max logical packages: 2
[    0.980979] smpboot: Total of 112 processors activated (448103.01 BogoMIPS)
[    0.987866] devtmpfs: initialized
[    0.987866] x86/mm: Memory block size: 2048MB
[    0.988471] ACPI: PM: Registering ACPI NVS region [mem 0x49e77000-0x4ae76fff] (16777216 bytes)
[    0.988673] ACPI: PM: Registering ACPI NVS region [mem 0x6e3ff000-0x6f3fefff] (16777216 bytes)
[    0.988948] clocksource: jiffies: mask: 0xffffffff max_cycles: 0xffffffff, max_idle_ns: 7645041785100000 ns
[    0.989253] futex hash table entries: 32768 (order: 9, 2097152 bytes, vmalloc)
[    0.989511] pinctrl core: initialized pinctrl subsystem
[    0.989671] PM: RTC time: 00:55:19, date: 2024-06-21
[    0.990582] NET: Registered PF_NETLINK/PF_ROUTE protocol family
[    0.991382] DMA: preallocated 4096 KiB GFP_KERNEL pool for atomic allocations
[    0.991887] DMA: preallocated 4096 KiB GFP_KERNEL|GFP_DMA pool for atomic allocations
[    0.992456] DMA: preallocated 4096 KiB GFP_KERNEL|GFP_DMA32 pool for atomic allocations
[    0.992465] audit: initializing netlink subsys (disabled)
[    0.992472] audit: type=2000 audit(1718931318.764:1): state=initialized audit_enabled=0 res=1
[    0.992565] thermal_sys: Registered thermal governor 'fair_share'
[    0.992566] thermal_sys: Registered thermal governor 'bang_bang'
[    0.992567] thermal_sys: Registered thermal governor 'step_wise'
[    0.992567] thermal_sys: Registered thermal governor 'user_space'
[    0.992573] EISA bus registered
[    0.992594] cpuidle: using governor ladder
[    0.992594] cpuidle: using governor menu
[    0.992594] ACPI FADT declares the system doesn't support PCIe ASPM, so disable it
[    0.992594] acpiphp: ACPI Hot Plug PCI Controller Driver version: 0.5
[    0.992599] PCI: MMCONFIG for domain 0000 [bus 00-ff] at [mem 0x80000000-0x8fffffff] (base 0x80000000)
[    0.992604] PCI: MMCONFIG at [mem 0x80000000-0x8fffffff] reserved in E820
[    0.992611] pmd_set_huge: Cannot satisfy [mem 0x80000000-0x80200000] with a huge-page mapping due to MTRR override.
[    0.992813] PCI: Using configuration type 1 for base access
[    0.992822] PCI: Dell System detected, enabling pci=bfsort.
[    0.994979] ENERGY_PERF_BIAS: Set to 'normal', was 'performance'
[    0.997777] kprobes: kprobe jump-optimization is enabled. All kprobes are optimized if possible.
[    1.000441] HugeTLB registered 1.00 GiB page size, pre-allocated 0 pages
[    1.000441] HugeTLB registered 2.00 MiB page size, pre-allocated 0 pages
[    1.000768] fbcon: Taking over console
[    1.000768] ACPI: Added _OSI(Module Device)
[    1.000768] ACPI: Added _OSI(Processor Device)
[    1.000768] ACPI: Added _OSI(3.0 _SCP Extensions)
[    1.000768] ACPI: Added _OSI(Processor Aggregator Device)
[    1.000768] ACPI: Added _OSI(Linux-Dell-Video)
[    1.000768] ACPI: Added _OSI(Linux-Lenovo-NV-HDMI-Audio)
[    1.000768] ACPI: Added _OSI(Linux-HPI-Hybrid-Graphics)
[    1.171568] ACPI: 8 ACPI AML tables successfully acquired and loaded
[    1.177966] ACPI: [Firmware Bug]: BIOS _OSI(Linux) query ignored
[    1.184456] ACPI: Dynamic OEM Table Load:
[    1.600765] ACPI: Interpreter enabled
[    1.600786] ACPI: PM: (supports S0 S5)
[    1.600788] ACPI: Using IOAPIC for interrupt routing
[    1.600879] HEST: Table parsing has been initialized.
[    1.601065] GHES: APEI firmware first mode is enabled by APEI bit and WHEA _OSC.
[    1.601068] PCI: Using host bridge windows from ACPI; if necessary, use "pci=nocrs" and report a bug
[    1.631160] ACPI: Enabled 4 GPEs in block 00 to 7F
[    1.760090] ACPI: PCI Root Bridge [PC00] (domain 0000 [bus 00-15])
[    1.760096] acpi PNP0A08:00: _OSC: OS supports [ExtendedConfig ASPM ClockPM Segments MSI HPX-Type3]
[    1.828826] acpi PNP0A08:00: _OSC: platform does not support [SHPCHotplug AER LTR]
[    1.829057] acpi PNP0A08:00: _OSC: OS now controls [PCIeHotplug PME PCIeCapability]
[    1.829059] acpi PNP0A08:00: FADT indicates ASPM is unsupported, using BIOS configuration
[    1.830953] PCI host bridge to bus 0000:00
[    1.830955] pci_bus 0000:00: root bus resource [io  0x0000-0x0cf7 window]
[    1.830957] pci_bus 0000:00: root bus resource [io  0x1000-0x4fff window]
[    1.830959] pci_bus 0000:00: root bus resource [mem 0x000a0000-0x000bffff window]
[    1.830960] pci_bus 0000:00: root bus resource [mem 0x000c8000-0x000cffff window]
[    1.830961] pci_bus 0000:00: root bus resource [mem 0xfe010000-0xfe010fff window]
[    1.830963] pci_bus 0000:00: root bus resource [mem 0x90000000-0x9b7fffff window]
[    1.830964] pci_bus 0000:00: root bus resource [mem 0x200000000000-0x20ffffffffff window]
[    1.830965] pci_bus 0000:00: root bus resource [bus 00-15]
[    1.830982] pci 0000:00:00.0: [8086:09a2] type 00 class 0x088000
[    1.831086] pci 0000:00:00.1: [8086:09a4] type 00 class 0x088000
[    1.831155] pci 0000:00:00.2: [8086:09a3] type 00 class 0x088000
[    1.831222] pci 0000:00:00.4: [8086:0998] type 00 class 0x060000
[    1.831290] pci 0000:00:02.0: [8086:09a6] type 00 class 0x088000
[    1.831299] pci 0000:00:02.0: reg 0x10: [mem 0x92dfc000-0x92dfdfff]
[    1.831375] pci 0000:00:02.1: [8086:09a7] type 00 class 0x088000
[    1.831383] pci 0000:00:02.1: reg 0x10: [mem 0x92d00000-0x92d7ffff]
[    1.831389] pci 0000:00:02.1: reg 0x14: [mem 0x92c80000-0x92cfffff]
[    1.831464] pci 0000:00:02.4: [8086:3456] type 00 class 0x130000
[    1.831474] pci 0000:00:02.4: reg 0x10: [mem 0x92a00000-0x92afffff 64bit]
[    1.831481] pci 0000:00:02.4: reg 0x18: [mem 0x92df0000-0x92df3fff 64bit]
[    1.831488] pci 0000:00:02.4: reg 0x20: [mem 0x92dc0000-0x92ddffff 64bit]
[    1.831568] pci 0000:00:11.0: [8086:a1ec] type 00 class 0xff0000
[    1.831570] pci 0000:00:11.0: device has non-compliant BARs; disabling IO/MEM decoding
[    1.831661] pci 0000:00:11.5: [8086:a1d2] type 00 class 0x010601
[    1.831674] pci 0000:00:11.5: reg 0x10: [mem 0x92dfa000-0x92dfbfff]
[    1.831681] pci 0000:00:11.5: reg 0x14: [mem 0x92e05000-0x92e050ff]
[    1.831689] pci 0000:00:11.5: reg 0x18: [io  0x2068-0x206f]
[    1.831696] pci 0000:00:11.5: reg 0x1c: [io  0x2074-0x2077]
[    1.831703] pci 0000:00:11.5: reg 0x20: [io  0x2040-0x205f]
[    1.831711] pci 0000:00:11.5: reg 0x24: [mem 0x92b80000-0x92bfffff]
[    1.831748] pci 0000:00:11.5: PME# supported from D3hot
[    1.831963] pci 0000:00:14.0: [8086:a1af] type 00 class 0x0c0330
[    1.831981] pci 0000:00:14.0: reg 0x10: [mem 0x92de0000-0x92deffff 64bit]
[    1.832045] pci 0000:00:14.0: PME# supported from D3hot D3cold
[    1.832276] pci 0000:00:14.2: [8086:a1b1] type 00 class 0x118000
[    1.832293] pci 0000:00:14.2: reg 0x10: [mem 0x92e02000-0x92e02fff 64bit]
[    1.832420] pci 0000:00:16.0: [8086:a1ba] type 00 class 0x078000
[    1.832446] pci 0000:00:16.0: reg 0x10: [mem 0x92e01000-0x92e01fff 64bit]
[    1.832593] pci 0000:00:16.0: PME# supported from D3hot
[    1.832664] pci 0000:00:16.1: [8086:a1bb] type 00 class 0x078000
[    1.832687] pci 0000:00:16.1: reg 0x10: [mem 0x92e00000-0x92e00fff 64bit]
[    1.832771] pci 0000:00:16.1: PME# supported from D3hot
[    1.832838] pci 0000:00:16.4: [8086:a1be] type 00 class 0x078000
[    1.832861] pci 0000:00:16.4: reg 0x10: [mem 0x92dff000-0x92dfffff 64bit]
[    1.832945] pci 0000:00:16.4: PME# supported from D3hot
[    1.833017] pci 0000:00:17.0: [8086:a182] type 00 class 0x010601
[    1.833030] pci 0000:00:17.0: reg 0x10: [mem 0x92df8000-0x92df9fff]
[    1.833037] pci 0000:00:17.0: reg 0x14: [mem 0x92e04000-0x92e040ff]
[    1.833044] pci 0000:00:17.0: reg 0x18: [io  0x2060-0x2067]
[    1.833052] pci 0000:00:17.0: reg 0x1c: [io  0x2070-0x2073]
[    1.833059] pci 0000:00:17.0: reg 0x20: [io  0x2020-0x203f]
[    1.833066] pci 0000:00:17.0: reg 0x24: [mem 0x92b00000-0x92b7ffff]
[    1.833103] pci 0000:00:17.0: PME# supported from D3hot
[    1.833315] pci 0000:00:1c.0: [8086:a190] type 01 class 0x060400
[    1.833391] pci 0000:00:1c.0: PME# supported from D0 D3hot D3cold
[    1.834052] pci 0000:00:1c.4: [8086:a194] type 01 class 0x060400
[    1.834122] pci 0000:00:1c.4: PME# supported from D0 D3hot D3cold
[    1.834757] pci 0000:00:1c.5: [8086:a195] type 01 class 0x060400
[    1.834828] pci 0000:00:1c.5: PME# supported from D0 D3hot D3cold
[    1.835467] pci 0000:00:1f.0: [8086:a1cb] type 00 class 0x060100
[    1.835766] pci 0000:00:1f.2: [8086:a1a1] type 00 class 0x058000
[    1.835781] pci 0000:00:1f.2: reg 0x10: [mem 0x92df4000-0x92df7fff]
[    1.836026] pci 0000:00:1f.4: [8086:a1a3] type 00 class 0x0c0500
[    1.836045] pci 0000:00:1f.4: reg 0x10: [mem 0x92dfe000-0x92dfe0ff 64bit]
[    1.836068] pci 0000:00:1f.4: reg 0x20: [io  0x2000-0x201f]
[    1.836134] pci 0000:00:1f.5: [8086:a1a4] type 00 class 0x0c8000
[    1.836149] pci 0000:00:1f.5: reg 0x10: [mem 0xfe010000-0xfe010fff]
[    1.836280] pci 0000:00:1c.0: PCI bridge to [bus 01]
[    1.836332] pci 0000:02:00.0: [1556:be00] type 01 class 0x060400
[    1.836503] pci 0000:00:1c.4: PCI bridge to [bus 02-03]
[    1.836507] pci 0000:00:1c.4:   bridge window [mem 0x92000000-0x928fffff]
[    1.836512] pci 0000:00:1c.4:   bridge window [mem 0x91000000-0x91ffffff 64bit pref]
[    1.836544] pci_bus 0000:03: extended config space not accessible
[    1.836561] pci 0000:03:00.0: [102b:0536] type 00 class 0x030000
[    1.836580] pci 0000:03:00.0: reg 0x10: [mem 0x91000000-0x91ffffff pref]
[    1.836591] pci 0000:03:00.0: reg 0x14: [mem 0x92808000-0x9280bfff]
[    1.836602] pci 0000:03:00.0: reg 0x18: [mem 0x92000000-0x927fffff]
[    1.836651] pci 0000:03:00.0: BAR 0: assigned to efifb
[    1.836659] pci 0000:03:00.0: Video device with shadowed ROM at [mem 0x000c0000-0x000dffff]
[    1.836761] pci 0000:02:00.0: PCI bridge to [bus 03]
[    1.836770] pci 0000:02:00.0:   bridge window [mem 0x92000000-0x928fffff]
[    1.836776] pci 0000:02:00.0:   bridge window [mem 0x91000000-0x91ffffff 64bit pref]
[    1.836846] pci 0000:04:00.0: [14e4:165f] type 00 class 0x020000
[    1.836870] pci 0000:04:00.0: reg 0x10: [mem 0x92930000-0x9293ffff 64bit pref]
[    1.836886] pci 0000:04:00.0: reg 0x18: [mem 0x92940000-0x9294ffff 64bit pref]
[    1.836902] pci 0000:04:00.0: reg 0x20: [mem 0x92950000-0x9295ffff 64bit pref]
[    1.836912] pci 0000:04:00.0: reg 0x30: [mem 0xfffc0000-0xffffffff pref]
[    1.837007] pci 0000:04:00.0: PME# supported from D0 D3hot D3cold
[    1.837060] pci 0000:04:00.0: 4.000 Gb/s available PCIe bandwidth, limited by 5.0 GT/s PCIe x1 link at 0000:00:1c.5 (capable of 8.000 Gb/s with 5.0 GT/s PCIe x2 link)
[    1.837621] pci 0000:04:00.1: [14e4:165f] type 00 class 0x020000
[    1.837645] pci 0000:04:00.1: reg 0x10: [mem 0x92900000-0x9290ffff 64bit pref]
[    1.837661] pci 0000:04:00.1: reg 0x18: [mem 0x92910000-0x9291ffff 64bit pref]
[    1.837677] pci 0000:04:00.1: reg 0x20: [mem 0x92920000-0x9292ffff 64bit pref]
[    1.837687] pci 0000:04:00.1: reg 0x30: [mem 0xfffc0000-0xffffffff pref]
[    1.837782] pci 0000:04:00.1: PME# supported from D0 D3hot D3cold
[    1.838362] pci 0000:00:1c.5: PCI bridge to [bus 04]
[    1.838369] pci 0000:00:1c.5:   bridge window [mem 0x92900000-0x929fffff 64bit pref]
[    1.838384] pci_bus 0000:00: on NUMA node 0
[    1.838977] ACPI: PCI Root Bridge [PC01] (domain 0000 [bus 16-2f])
[    1.838981] acpi PNP0A08:01: _OSC: OS supports [ExtendedConfig ASPM ClockPM Segments MSI HPX-Type3]
[    1.853811] acpi PNP0A08:01: _OSC: platform does not support [SHPCHotplug AER]
[    1.854030] acpi PNP0A08:01: _OSC: OS now controls [PCIeHotplug PME PCIeCapability LTR]
[    1.854031] acpi PNP0A08:01: FADT indicates ASPM is unsupported, using BIOS configuration
[    1.854164] PCI host bridge to bus 0000:16
[    1.854166] pci_bus 0000:16: root bus resource [io  0x5000-0x6fff window]
[    1.854168] pci_bus 0000:16: root bus resource [mem 0x9b800000-0xa63fffff window]
[    1.854169] pci_bus 0000:16: root bus resource [mem 0x210000000000-0x21ffffffffff window]
[    1.854170] pci_bus 0000:16: root bus resource [bus 16-2f]
[    1.854180] pci 0000:16:00.0: [8086:09a2] type 00 class 0x088000
[    1.854250] pci 0000:16:00.1: [8086:09a4] type 00 class 0x088000
[    1.854313] pci 0000:16:00.2: [8086:09a3] type 00 class 0x088000
[    1.854376] pci 0000:16:00.4: [8086:0998] type 00 class 0x060000
[    1.854447] pci 0000:16:02.0: [8086:347a] type 01 class 0x060400
[    1.854456] pci 0000:16:02.0: reg 0x10: [mem 0x21fffff00000-0x21fffff1ffff 64bit]
[    1.854495] pci 0000:16:02.0: PME# supported from D0 D3hot D3cold
[    1.855442] pci 0000:17:00.0: [1000:10e2] type 00 class 0x010400
[    1.855454] pci 0000:17:00.0: reg 0x10: [mem 0x9b800000-0x9b8fffff 64bit pref]
[    1.855463] pci 0000:17:00.0: reg 0x18: [mem 0x9b900000-0x9b9fffff 64bit pref]
[    1.855469] pci 0000:17:00.0: reg 0x20: [mem 0x9ba00000-0x9bafffff]
[    1.855474] pci 0000:17:00.0: reg 0x24: [io  0x5000-0x50ff]
[    1.855480] pci 0000:17:00.0: reg 0x30: [mem 0xfff00000-0xffffffff pref]
[    1.856610] pci 0000:17:00.0: supports D1 D2
[    1.856681] pci 0000:16:02.0: PCI bridge to [bus 17]
[    1.856684] pci 0000:16:02.0:   bridge window [io  0x5000-0x5fff]
[    1.856686] pci 0000:16:02.0:   bridge window [mem 0x9ba00000-0x9bafffff]
[    1.856689] pci 0000:16:02.0:   bridge window [mem 0x9b800000-0x9b9fffff 64bit pref]
[    1.856695] pci_bus 0000:16: on NUMA node 0
[    1.856776] ACPI: PCI Root Bridge [PC02] (domain 0000 [bus 30-49])
[    1.856779] acpi PNP0A08:02: _OSC: OS supports [ExtendedConfig ASPM ClockPM Segments MSI HPX-Type3]
[    1.871239] acpi PNP0A08:02: _OSC: platform does not support [SHPCHotplug AER]
[    1.871454] acpi PNP0A08:02: _OSC: OS now controls [PCIeHotplug PME PCIeCapability LTR]
[    1.871456] acpi PNP0A08:02: FADT indicates ASPM is unsupported, using BIOS configuration
[    1.871578] PCI host bridge to bus 0000:30
[    1.871580] pci_bus 0000:30: root bus resource [io  0x7000-0x8fff window]
[    1.871581] pci_bus 0000:30: root bus resource [mem 0xa6400000-0xb0ffffff window]
[    1.871583] pci_bus 0000:30: root bus resource [mem 0x220000000000-0x22ffffffffff window]
[    1.871584] pci_bus 0000:30: root bus resource [bus 30-49]
[    1.871594] pci 0000:30:00.0: [8086:09a2] type 00 class 0x088000
[    1.871663] pci 0000:30:00.1: [8086:09a4] type 00 class 0x088000
[    1.871725] pci 0000:30:00.2: [8086:09a3] type 00 class 0x088000
[    1.871787] pci 0000:30:00.4: [8086:0998] type 00 class 0x060000
[    1.871857] pci_bus 0000:30: on NUMA node 0
[    1.871961] ACPI: PCI Root Bridge [PC04] (domain 0000 [bus 4a-63])
[    1.871964] acpi PNP0A08:04: _OSC: OS supports [ExtendedConfig ASPM ClockPM Segments MSI HPX-Type3]
[    1.886426] acpi PNP0A08:04: _OSC: platform does not support [SHPCHotplug AER]
[    1.886639] acpi PNP0A08:04: _OSC: OS now controls [PCIeHotplug PME PCIeCapability LTR]
[    1.886640] acpi PNP0A08:04: FADT indicates ASPM is unsupported, using BIOS configuration
[    1.886763] PCI host bridge to bus 0000:4a
[    1.886764] pci_bus 0000:4a: root bus resource [io  0x9000-0x9fff window]
[    1.886766] pci_bus 0000:4a: root bus resource [mem 0xb1000000-0xbbbfffff window]
[    1.886767] pci_bus 0000:4a: root bus resource [mem 0x230000000000-0x23ffffffffff window]
[    1.886768] pci_bus 0000:4a: root bus resource [bus 4a-63]
[    1.886778] pci 0000:4a:00.0: [8086:09a2] type 00 class 0x088000
[    1.886843] pci 0000:4a:00.1: [8086:09a4] type 00 class 0x088000
[    1.886909] pci 0000:4a:00.2: [8086:09a3] type 00 class 0x088000
[    1.886971] pci 0000:4a:00.4: [8086:0998] type 00 class 0x060000
[    1.887048] pci_bus 0000:4a: on NUMA node 0
[    1.887123] ACPI: PCI Root Bridge [PC05] (domain 0000 [bus 64-7d])
[    1.887125] acpi PNP0A08:05: _OSC: OS supports [ExtendedConfig ASPM ClockPM Segments MSI HPX-Type3]
[    1.901561] acpi PNP0A08:05: _OSC: platform does not support [SHPCHotplug AER]
[    1.901773] acpi PNP0A08:05: _OSC: OS now controls [PCIeHotplug PME PCIeCapability LTR]
[    1.901774] acpi PNP0A08:05: FADT indicates ASPM is unsupported, using BIOS configuration
[    1.901894] PCI host bridge to bus 0000:64
[    1.901895] pci_bus 0000:64: root bus resource [io  0xa000-0xafff window]
[    1.901897] pci_bus 0000:64: root bus resource [mem 0xbbc00000-0xc5ffffff window]
[    1.901898] pci_bus 0000:64: root bus resource [mem 0x240000000000-0x24ffffffffff window]
[    1.901900] pci_bus 0000:64: root bus resource [bus 64-7d]
[    1.901909] pci 0000:64:00.0: [8086:09a2] type 00 class 0x088000
[    1.901973] pci 0000:64:00.1: [8086:09a4] type 00 class 0x088000
[    1.902034] pci 0000:64:00.2: [8086:09a3] type 00 class 0x088000
[    1.902095] pci 0000:64:00.4: [8086:0998] type 00 class 0x060000
[    1.902164] pci_bus 0000:64: on NUMA node 0
[    1.902230] ACPI: PCI Root Bridge [UC06] (domain 0000 [bus 7e])
[    1.902233] acpi PNP0A03:00: _OSC: OS supports [ExtendedConfig ASPM ClockPM Segments MSI HPX-Type3]
[    1.902331] acpi PNP0A03:00: _OSC: platform does not support [SHPCHotplug AER LTR]
[    1.902511] acpi PNP0A03:00: _OSC: OS now controls [PCIeHotplug PME PCIeCapability]
[    1.902512] acpi PNP0A03:00: FADT indicates ASPM is unsupported, using BIOS configuration
[    1.902647] PCI host bridge to bus 0000:7e
[    1.902648] pci_bus 0000:7e: root bus resource [bus 7e]
[    1.902656] pci 0000:7e:00.0: [8086:3450] type 00 class 0x088000
[    1.902728] pci 0000:7e:00.1: [8086:3451] type 00 class 0x088000
[    1.902788] pci 0000:7e:00.2: [8086:3452] type 00 class 0x088000
[    1.902858] pci 0000:7e:00.3: [8086:0998] type 00 class 0x060000
[    1.902916] pci 0000:7e:00.5: [8086:3455] type 00 class 0x088000
[    1.902977] pci 0000:7e:02.0: [8086:3440] type 00 class 0x088000
[    1.903105] pci 0000:7e:02.1: [8086:3441] type 00 class 0x088000
[    1.903212] pci 0000:7e:02.2: [8086:3442] type 00 class 0x088000
[    1.903320] pci 0000:7e:03.0: [8086:3440] type 00 class 0x088000
[    1.903412] pci 0000:7e:03.1: [8086:3441] type 00 class 0x088000
[    1.903490] pci 0000:7e:03.2: [8086:3442] type 00 class 0x088000
[    1.903571] pci 0000:7e:04.0: [8086:3440] type 00 class 0x088000
[    1.903691] pci 0000:7e:04.1: [8086:3441] type 00 class 0x088000
[    1.903806] pci 0000:7e:04.2: [8086:3442] type 00 class 0x088000
[    1.903921] pci 0000:7e:04.3: [8086:3443] type 00 class 0x088000
[    1.904039] pci 0000:7e:05.0: [8086:3445] type 00 class 0x088000
[    1.904164] pci 0000:7e:05.1: [8086:3446] type 00 class 0x088000
[    1.904277] pci 0000:7e:05.2: [8086:3447] type 00 class 0x088000
[    1.904392] pci 0000:7e:06.0: [8086:3445] type 00 class 0x088000
[    1.904487] pci 0000:7e:06.1: [8086:3446] type 00 class 0x088000
[    1.904565] pci 0000:7e:06.2: [8086:3447] type 00 class 0x088000
[    1.904650] pci 0000:7e:07.0: [8086:3445] type 00 class 0x088000
[    1.904784] pci 0000:7e:07.1: [8086:3446] type 00 class 0x088000
[    1.904902] pci 0000:7e:07.2: [8086:3447] type 00 class 0x088000
[    1.905017] pci 0000:7e:0b.0: [8086:3448] type 00 class 0x088000
[    1.905094] pci 0000:7e:0b.1: [8086:3448] type 00 class 0x088000
[    1.905162] pci 0000:7e:0b.2: [8086:344b] type 00 class 0x088000
[    1.905230] pci 0000:7e:0c.0: [8086:344a] type 00 class 0x110100
[    1.905333] pci 0000:7e:0d.0: [8086:344a] type 00 class 0x110100
[    1.905434] pci 0000:7e:0e.0: [8086:344a] type 00 class 0x110100
[    1.905578] pci 0000:7e:0f.0: [8086:344a] type 00 class 0x110100
[    1.905732] pci 0000:7e:1a.0: [8086:2880] type 00 class 0x110100
[    1.905830] pci 0000:7e:1b.0: [8086:2880] type 00 class 0x110100
[    1.905929] pci 0000:7e:1c.0: [8086:2880] type 00 class 0x110100
[    1.906085] pci 0000:7e:1d.0: [8086:2880] type 00 class 0x110100
[    1.906231] pci_bus 0000:7e: on NUMA node 0
[    1.906315] ACPI: PCI Root Bridge [UC07] (domain 0000 [bus 7f])
[    1.906318] acpi PNP0A03:01: _OSC: OS supports [ExtendedConfig ASPM ClockPM Segments MSI HPX-Type3]
[    1.906420] acpi PNP0A03:01: _OSC: platform does not support [SHPCHotplug AER LTR]
[    1.906602] acpi PNP0A03:01: _OSC: OS now controls [PCIeHotplug PME PCIeCapability]
[    1.906604] acpi PNP0A03:01: FADT indicates ASPM is unsupported, using BIOS configuration
[    1.906750] PCI host bridge to bus 0000:7f
[    1.906752] pci_bus 0000:7f: root bus resource [bus 7f]
[    1.906765] pci 0000:7f:00.0: [8086:344c] type 00 class 0x088000
[    1.906880] pci 0000:7f:00.1: [8086:344c] type 00 class 0x088000
[    1.906990] pci 0000:7f:00.2: [8086:344c] type 00 class 0x088000
[    1.907100] pci 0000:7f:00.3: [8086:344c] type 00 class 0x088000
[    1.907190] pci 0000:7f:00.4: [8086:344c] type 00 class 0x088000
[    1.907310] pci 0000:7f:00.5: [8086:344c] type 00 class 0x088000
[    1.907428] pci 0000:7f:00.6: [8086:344c] type 00 class 0x088000
[    1.907509] pci 0000:7f:00.7: [8086:344c] type 00 class 0x088000
[    1.907591] pci 0000:7f:01.0: [8086:344c] type 00 class 0x088000
[    1.907732] pci 0000:7f:01.1: [8086:344c] type 00 class 0x088000
[    1.907851] pci 0000:7f:01.2: [8086:344c] type 00 class 0x088000
[    1.907929] pci 0000:7f:01.3: [8086:344c] type 00 class 0x088000
[    1.908060] pci 0000:7f:01.4: [8086:344c] type 00 class 0x088000
[    1.908191] pci 0000:7f:01.5: [8086:344c] type 00 class 0x088000
[    1.908326] pci 0000:7f:01.6: [8086:344c] type 00 class 0x088000
[    1.908451] pci 0000:7f:01.7: [8086:344c] type 00 class 0x088000
[    1.908578] pci 0000:7f:02.0: [8086:344c] type 00 class 0x088000
[    1.908722] pci 0000:7f:02.1: [8086:344c] type 00 class 0x088000
[    1.908853] pci 0000:7f:02.2: [8086:344c] type 00 class 0x088000
[    1.908984] pci 0000:7f:02.3: [8086:344c] type 00 class 0x088000
[    1.909121] pci 0000:7f:02.4: [8086:344c] type 00 class 0x088000
[    1.909258] pci 0000:7f:02.5: [8086:344c] type 00 class 0x088000
[    1.909395] pci 0000:7f:02.6: [8086:344c] type 00 class 0x088000
[    1.909545] pci 0000:7f:02.7: [8086:344c] type 00 class 0x088000
[    1.909691] pci 0000:7f:03.0: [8086:344c] type 00 class 0x088000
[    1.909850] pci 0000:7f:03.1: [8086:344c] type 00 class 0x088000
[    1.910001] pci 0000:7f:03.2: [8086:344c] type 00 class 0x088000
[    1.910149] pci 0000:7f:03.3: [8086:344c] type 00 class 0x088000
[    1.910308] pci 0000:7f:0a.0: [8086:344d] type 00 class 0x088000
[    1.910420] pci 0000:7f:0a.1: [8086:344d] type 00 class 0x088000
[    1.910529] pci 0000:7f:0a.2: [8086:344d] type 00 class 0x088000
[    1.910643] pci 0000:7f:0a.3: [8086:344d] type 00 class 0x088000
[    1.910739] pci 0000:7f:0a.4: [8086:344d] type 00 class 0x088000
[    1.910859] pci 0000:7f:0a.5: [8086:344d] type 00 class 0x088000
[    1.910974] pci 0000:7f:0a.6: [8086:344d] type 00 class 0x088000
[    1.911051] pci 0000:7f:0a.7: [8086:344d] type 00 class 0x088000
[    1.911134] pci 0000:7f:0b.0: [8086:344d] type 00 class 0x088000
[    1.911275] pci 0000:7f:0b.1: [8086:344d] type 00 class 0x088000
[    1.911393] pci 0000:7f:0b.2: [8086:344d] type 00 class 0x088000
[    1.911477] pci 0000:7f:0b.3: [8086:344d] type 00 class 0x088000
[    1.911608] pci 0000:7f:0b.4: [8086:344d] type 00 class 0x088000
[    1.911739] pci 0000:7f:0b.5: [8086:344d] type 00 class 0x088000
[    1.911875] pci 0000:7f:0b.6: [8086:344d] type 00 class 0x088000
[    1.911997] pci 0000:7f:0b.7: [8086:344d] type 00 class 0x088000
[    1.912124] pci 0000:7f:0c.0: [8086:344d] type 00 class 0x088000
[    1.912268] pci 0000:7f:0c.1: [8086:344d] type 00 class 0x088000
[    1.912398] pci 0000:7f:0c.2: [8086:344d] type 00 class 0x088000
[    1.912533] pci 0000:7f:0c.3: [8086:344d] type 00 class 0x088000
[    1.912674] pci 0000:7f:0c.4: [8086:344d] type 00 class 0x088000
[    1.912813] pci 0000:7f:0c.5: [8086:344d] type 00 class 0x088000
[    1.912950] pci 0000:7f:0c.6: [8086:344d] type 00 class 0x088000
[    1.913095] pci 0000:7f:0c.7: [8086:344d] type 00 class 0x088000
[    1.913242] pci 0000:7f:0d.0: [8086:344d] type 00 class 0x088000
[    1.913405] pci 0000:7f:0d.1: [8086:344d] type 00 class 0x088000
[    1.913556] pci 0000:7f:0d.2: [8086:344d] type 00 class 0x088000
[    1.913708] pci 0000:7f:0d.3: [8086:344d] type 00 class 0x088000
[    1.913877] pci 0000:7f:1d.0: [8086:344f] type 00 class 0x088000
[    1.914000] pci 0000:7f:1d.1: [8086:3457] type 00 class 0x088000
[    1.914105] pci 0000:7f:1e.0: [8086:3458] type 00 class 0x088000
[    1.914183] pci 0000:7f:1e.1: [8086:3459] type 00 class 0x088000
[    1.914245] pci 0000:7f:1e.2: [8086:345a] type 00 class 0x088000
[    1.914308] pci 0000:7f:1e.3: [8086:345b] type 00 class 0x088000
[    1.914369] pci 0000:7f:1e.4: [8086:345c] type 00 class 0x088000
[    1.914434] pci 0000:7f:1e.5: [8086:345d] type 00 class 0x088000
[    1.914495] pci 0000:7f:1e.6: [8086:345e] type 00 class 0x088000
[    1.914556] pci 0000:7f:1e.7: [8086:345f] type 00 class 0x088000
[    1.914615] pci_bus 0000:7f: on NUMA node 0
[    1.914721] ACPI: PCI Root Bridge [PC06] (domain 0000 [bus 80])
[    1.914723] acpi PNP0A08:06: _OSC: OS supports [ExtendedConfig ASPM ClockPM Segments MSI HPX-Type3]
[    1.929139] acpi PNP0A08:06: _OSC: platform does not support [SHPCHotplug AER]
[    1.929353] acpi PNP0A08:06: _OSC: OS now controls [PCIeHotplug PME PCIeCapability LTR]
[    1.929354] acpi PNP0A08:06: FADT indicates ASPM is unsupported, using BIOS configuration
[    1.929502] PCI host bridge to bus 0000:80
[    1.929503] pci_bus 0000:80: root bus resource [io  0xb000-0xbfff window]
[    1.929505] pci_bus 0000:80: root bus resource [mem 0xc6800000-0xd0ffffff window]
[    1.929506] pci_bus 0000:80: root bus resource [mem 0x250000000000-0x25ffffffffff window]
[    1.929507] pci_bus 0000:80: root bus resource [bus 80]
[    1.929517] pci 0000:80:00.0: [8086:09a2] type 00 class 0x088000
[    1.929604] pci 0000:80:00.1: [8086:09a4] type 00 class 0x088000
[    1.929673] pci 0000:80:00.2: [8086:09a3] type 00 class 0x088000
[    1.929745] pci 0000:80:00.4: [8086:0998] type 00 class 0x060000
[    1.929816] pci 0000:80:02.0: [8086:09a6] type 00 class 0x088000
[    1.929824] pci 0000:80:02.0: reg 0x10: [mem 0xc6aa4000-0xc6aa5fff]
[    1.929889] pci 0000:80:02.1: [8086:09a7] type 00 class 0x088000
[    1.929898] pci 0000:80:02.1: reg 0x10: [mem 0xc6a00000-0xc6a7ffff]
[    1.929903] pci 0000:80:02.1: reg 0x14: [mem 0xc6980000-0xc69fffff]
[    1.929958] pci 0000:80:02.4: [8086:3456] type 00 class 0x130000
[    1.929969] pci 0000:80:02.4: reg 0x10: [mem 0xc6800000-0xc68fffff 64bit]
[    1.929977] pci 0000:80:02.4: reg 0x18: [mem 0xc6aa0000-0xc6aa3fff 64bit]
[    1.929984] pci 0000:80:02.4: reg 0x20: [mem 0xc6a80000-0xc6a9ffff 64bit]
[    1.930051] pci_bus 0000:80: on NUMA node 1
[    1.930132] ACPI: PCI Root Bridge [PC07] (domain 0000 [bus 81])
[    1.930134] acpi PNP0A08:07: _OSC: OS supports [ExtendedConfig ASPM ClockPM Segments MSI HPX-Type3]
[    1.944540] acpi PNP0A08:07: _OSC: platform does not support [SHPCHotplug AER]
[    1.944755] acpi PNP0A08:07: _OSC: OS now controls [PCIeHotplug PME PCIeCapability LTR]
[    1.944756] acpi PNP0A08:07: FADT indicates ASPM is unsupported, using BIOS configuration
[    1.944876] PCI host bridge to bus 0000:81
[    1.944877] pci_bus 0000:81: root bus resource [io  0xc000-0xcfff window]
[    1.944878] pci_bus 0000:81: root bus resource [mem 0xd1000000-0xdbbfffff window]
[    1.944880] pci_bus 0000:81: root bus resource [mem 0x260000000000-0x26ffffffffff window]
[    1.944881] pci_bus 0000:81: root bus resource [bus 81]
[    1.944891] pci 0000:81:00.0: [8086:09a2] type 00 class 0x088000
[    1.944959] pci 0000:81:00.1: [8086:09a4] type 00 class 0x088000
[    1.945026] pci 0000:81:00.2: [8086:09a3] type 00 class 0x088000
[    1.945095] pci 0000:81:00.4: [8086:0998] type 00 class 0x060000
[    1.945172] pci_bus 0000:81: on NUMA node 1
[    1.945245] ACPI: PCI Root Bridge [PC08] (domain 0000 [bus 82])
[    1.945248] acpi PNP0A08:08: _OSC: OS supports [ExtendedConfig ASPM ClockPM Segments MSI HPX-Type3]
[    1.959660] acpi PNP0A08:08: _OSC: platform does not support [SHPCHotplug AER]
[    1.959872] acpi PNP0A08:08: _OSC: OS now controls [PCIeHotplug PME PCIeCapability LTR]
[    1.959873] acpi PNP0A08:08: FADT indicates ASPM is unsupported, using BIOS configuration
[    1.959990] PCI host bridge to bus 0000:82
[    1.959991] pci_bus 0000:82: root bus resource [io  0xd000-0xdfff window]
[    1.959993] pci_bus 0000:82: root bus resource [mem 0xdbc00000-0xe67fffff window]
[    1.959994] pci_bus 0000:82: root bus resource [mem 0x270000000000-0x27ffffffffff window]
[    1.959995] pci_bus 0000:82: root bus resource [bus 82]
[    1.960005] pci 0000:82:00.0: [8086:09a2] type 00 class 0x088000
[    1.960076] pci 0000:82:00.1: [8086:09a4] type 00 class 0x088000
[    1.960150] pci 0000:82:00.2: [8086:09a3] type 00 class 0x088000
[    1.960218] pci 0000:82:00.4: [8086:0998] type 00 class 0x060000
[    1.960295] pci_bus 0000:82: on NUMA node 1
[    1.960400] ACPI: PCI Root Bridge [PC10] (domain 0000 [bus 83-f9])
[    1.960403] acpi PNP0A08:0a: _OSC: OS supports [ExtendedConfig ASPM ClockPM Segments MSI HPX-Type3]
[    1.974822] acpi PNP0A08:0a: _OSC: platform does not support [SHPCHotplug AER]
[    1.975033] acpi PNP0A08:0a: _OSC: OS now controls [PCIeHotplug PME PCIeCapability LTR]
[    1.975034] acpi PNP0A08:0a: FADT indicates ASPM is unsupported, using BIOS configuration
[    1.975161] PCI host bridge to bus 0000:83
[    1.975162] pci_bus 0000:83: root bus resource [io  0xe000-0xefff window]
[    1.975163] pci_bus 0000:83: root bus resource [mem 0xe6800000-0xf13fffff window]
[    1.975165] pci_bus 0000:83: root bus resource [mem 0x280000000000-0x28ffffffffff window]
[    1.975166] pci_bus 0000:83: root bus resource [bus 83-f9]
[    1.975176] pci 0000:83:00.0: [8086:09a2] type 00 class 0x088000
[    1.975246] pci 0000:83:00.1: [8086:09a4] type 00 class 0x088000
[    1.975313] pci 0000:83:00.2: [8086:09a3] type 00 class 0x088000
[    1.975383] pci 0000:83:00.4: [8086:0998] type 00 class 0x060000
[    1.975461] pci_bus 0000:83: on NUMA node 1
[    1.975535] ACPI: PCI Root Bridge [PC11] (domain 0000 [bus fa])
[    1.975538] acpi PNP0A08:0b: _OSC: OS supports [ExtendedConfig ASPM ClockPM Segments MSI HPX-Type3]
[    1.989957] acpi PNP0A08:0b: _OSC: platform does not support [SHPCHotplug AER]
[    1.990169] acpi PNP0A08:0b: _OSC: OS now controls [PCIeHotplug PME PCIeCapability LTR]
[    1.990171] acpi PNP0A08:0b: FADT indicates ASPM is unsupported, using BIOS configuration
[    1.990287] PCI host bridge to bus 0000:fa
[    1.990288] pci_bus 0000:fa: root bus resource [io  0xf000-0xffff window]
[    1.990290] pci_bus 0000:fa: root bus resource [mem 0xf1400000-0xfb7fffff window]
[    1.990291] pci_bus 0000:fa: root bus resource [mem 0x290000000000-0x29ffffffffff window]
[    1.990292] pci_bus 0000:fa: root bus resource [bus fa]
[    1.990302] pci 0000:fa:00.0: [8086:09a2] type 00 class 0x088000
[    1.990371] pci 0000:fa:00.1: [8086:09a4] type 00 class 0x088000
[    1.990445] pci 0000:fa:00.2: [8086:09a3] type 00 class 0x088000
[    1.990516] pci 0000:fa:00.4: [8086:0998] type 00 class 0x060000
[    1.990595] pci_bus 0000:fa: on NUMA node 1
[    1.990661] ACPI: PCI Root Bridge [UC16] (domain 0000 [bus fe])
[    1.990664] acpi PNP0A03:02: _OSC: OS supports [ExtendedConfig ASPM ClockPM Segments MSI HPX-Type3]
[    1.990761] acpi PNP0A03:02: _OSC: platform does not support [SHPCHotplug AER LTR]
[    1.990940] acpi PNP0A03:02: _OSC: OS now controls [PCIeHotplug PME PCIeCapability]
[    1.990941] acpi PNP0A03:02: FADT indicates ASPM is unsupported, using BIOS configuration
[    1.991072] PCI host bridge to bus 0000:fe
[    1.991073] pci_bus 0000:fe: root bus resource [bus fe]
[    1.991081] pci 0000:fe:00.0: [8086:3450] type 00 class 0x088000
[    1.991157] pci 0000:fe:00.1: [8086:3451] type 00 class 0x088000
[    1.991216] pci 0000:fe:00.2: [8086:3452] type 00 class 0x088000
[    1.991274] pci 0000:fe:00.3: [8086:0998] type 00 class 0x060000
[    1.991335] pci 0000:fe:00.5: [8086:3455] type 00 class 0x088000
[    1.991401] pci 0000:fe:02.0: [8086:3440] type 00 class 0x088000
[    1.991539] pci 0000:fe:02.1: [8086:3441] type 00 class 0x088000
[    1.991651] pci 0000:fe:02.2: [8086:3442] type 00 class 0x088000
[    1.991762] pci 0000:fe:03.0: [8086:3440] type 00 class 0x088000
[    1.991859] pci 0000:fe:03.1: [8086:3441] type 00 class 0x088000
[    1.991941] pci 0000:fe:03.2: [8086:3442] type 00 class 0x088000
[    1.992028] pci 0000:fe:04.0: [8086:3440] type 00 class 0x088000
[    1.992151] pci 0000:fe:04.1: [8086:3441] type 00 class 0x088000
[    1.992274] pci 0000:fe:04.2: [8086:3442] type 00 class 0x088000
[    1.992398] pci 0000:fe:04.3: [8086:3443] type 00 class 0x088000
[    1.992527] pci 0000:fe:05.0: [8086:3445] type 00 class 0x088000
[    1.992657] pci 0000:fe:05.1: [8086:3446] type 00 class 0x088000
[    1.992775] pci 0000:fe:05.2: [8086:3447] type 00 class 0x088000
[    1.992890] pci 0000:fe:06.0: [8086:3445] type 00 class 0x088000
[    1.992987] pci 0000:fe:06.1: [8086:3446] type 00 class 0x088000
[    1.993069] pci 0000:fe:06.2: [8086:3447] type 00 class 0x088000
[    1.993160] pci 0000:fe:07.0: [8086:3445] type 00 class 0x088000
[    1.993303] pci 0000:fe:07.1: [8086:3446] type 00 class 0x088000
[    1.993426] pci 0000:fe:07.2: [8086:3447] type 00 class 0x088000
[    1.993546] pci 0000:fe:0b.0: [8086:3448] type 00 class 0x088000
[    1.993627] pci 0000:fe:0b.1: [8086:3448] type 00 class 0x088000
[    1.993692] pci 0000:fe:0b.2: [8086:344b] type 00 class 0x088000
[    1.993765] pci 0000:fe:0c.0: [8086:344a] type 00 class 0x110100
[    1.993872] pci 0000:fe:0d.0: [8086:344a] type 00 class 0x110100
[    1.993977] pci 0000:fe:0e.0: [8086:344a] type 00 class 0x110100
[    1.994133] pci 0000:fe:0f.0: [8086:344a] type 00 class 0x110100
[    1.994293] pci 0000:fe:1a.0: [8086:2880] type 00 class 0x110100
[    1.994399] pci 0000:fe:1b.0: [8086:2880] type 00 class 0x110100
[    1.994503] pci 0000:fe:1c.0: [8086:2880] type 00 class 0x110100
[    1.994658] pci 0000:fe:1d.0: [8086:2880] type 00 class 0x110100
[    1.994811] pci_bus 0000:fe: on NUMA node 1
[    1.994892] ACPI: PCI Root Bridge [UC17] (domain 0000 [bus ff])
[    1.994894] acpi PNP0A03:03: _OSC: OS supports [ExtendedConfig ASPM ClockPM Segments MSI HPX-Type3]
[    1.994994] acpi PNP0A03:03: _OSC: platform does not support [SHPCHotplug AER LTR]
[    1.995173] acpi PNP0A03:03: _OSC: OS now controls [PCIeHotplug PME PCIeCapability]
[    1.995174] acpi PNP0A03:03: FADT indicates ASPM is unsupported, using BIOS configuration
[    1.995323] PCI host bridge to bus 0000:ff
[    1.995325] pci_bus 0000:ff: root bus resource [bus ff]
[    1.995339] pci 0000:ff:00.0: [8086:344c] type 00 class 0x088000
[    1.995459] pci 0000:ff:00.1: [8086:344c] type 00 class 0x088000
[    1.995572] pci 0000:ff:00.2: [8086:344c] type 00 class 0x088000
[    1.995677] pci 0000:ff:00.3: [8086:344c] type 00 class 0x088000
[    1.995797] pci 0000:ff:00.4: [8086:344c] type 00 class 0x088000
[    1.995913] pci 0000:ff:00.5: [8086:344c] type 00 class 0x088000
[    1.996007] pci 0000:ff:00.6: [8086:344c] type 00 class 0x088000
[    1.996132] pci 0000:ff:00.7: [8086:344c] type 00 class 0x088000
[    1.996258] pci 0000:ff:01.0: [8086:344c] type 00 class 0x088000
[    1.996405] pci 0000:ff:01.1: [8086:344c] type 00 class 0x088000
[    1.996529] pci 0000:ff:01.2: [8086:344c] type 00 class 0x088000
[    1.996618] pci 0000:ff:01.3: [8086:344c] type 00 class 0x088000
[    1.996755] pci 0000:ff:01.4: [8086:344c] type 00 class 0x088000
[    1.996892] pci 0000:ff:01.5: [8086:344c] type 00 class 0x088000
[    1.997032] pci 0000:ff:01.6: [8086:344c] type 00 class 0x088000
[    1.997158] pci 0000:ff:01.7: [8086:344c] type 00 class 0x088000
[    1.997291] pci 0000:ff:02.0: [8086:344c] type 00 class 0x088000
[    1.997446] pci 0000:ff:02.1: [8086:344c] type 00 class 0x088000
[    1.997576] pci 0000:ff:02.2: [8086:344c] type 00 class 0x088000
[    1.997721] pci 0000:ff:02.3: [8086:344c] type 00 class 0x088000
[    1.997857] pci 0000:ff:02.4: [8086:344c] type 00 class 0x088000
[    1.997994] pci 0000:ff:02.5: [8086:344c] type 00 class 0x088000
[    1.998138] pci 0000:ff:02.6: [8086:344c] type 00 class 0x088000
[    1.998281] pci 0000:ff:02.7: [8086:344c] type 00 class 0x088000
[    1.998432] pci 0000:ff:03.0: [8086:344c] type 00 class 0x088000
[    1.998599] pci 0000:ff:03.1: [8086:344c] type 00 class 0x088000
[    1.998749] pci 0000:ff:03.2: [8086:344c] type 00 class 0x088000
[    1.998914] pci 0000:ff:03.3: [8086:344c] type 00 class 0x088000
[    1.999078] pci 0000:ff:0a.0: [8086:344d] type 00 class 0x088000
[    1.999196] pci 0000:ff:0a.1: [8086:344d] type 00 class 0x088000
[    1.999308] pci 0000:ff:0a.2: [8086:344d] type 00 class 0x088000
[    1.999406] pci 0000:ff:0a.3: [8086:344d] type 00 class 0x088000
[    1.999525] pci 0000:ff:0a.4: [8086:344d] type 00 class 0x088000
[    1.999642] pci 0000:ff:0a.5: [8086:344d] type 00 class 0x088000
[    1.999735] pci 0000:ff:0a.6: [8086:344d] type 00 class 0x088000
[    1.999865] pci 0000:ff:0a.7: [8086:344d] type 00 class 0x088000
[    1.999991] pci 0000:ff:0b.0: [8086:344d] type 00 class 0x088000
[    2.000139] pci 0000:ff:0b.1: [8086:344d] type 00 class 0x088000
[    2.000263] pci 0000:ff:0b.2: [8086:344d] type 00 class 0x088000
[    2.000347] pci 0000:ff:0b.3: [8086:344d] type 00 class 0x088000
[    2.000482] pci 0000:ff:0b.4: [8086:344d] type 00 class 0x088000
[    2.000618] pci 0000:ff:0b.5: [8086:344d] type 00 class 0x088000
[    2.000759] pci 0000:ff:0b.6: [8086:344d] type 00 class 0x088000
[    2.000891] pci 0000:ff:0b.7: [8086:344d] type 00 class 0x088000
[    2.001024] pci 0000:ff:0c.0: [8086:344d] type 00 class 0x088000
[    2.001173] pci 0000:ff:0c.1: [8086:344d] type 00 class 0x088000
[    2.001304] pci 0000:ff:0c.2: [8086:344d] type 00 class 0x088000
[    2.001443] pci 0000:ff:0c.3: [8086:344d] type 00 class 0x088000
[    2.001579] pci 0000:ff:0c.4: [8086:344d] type 00 class 0x088000
[    2.001716] pci 0000:ff:0c.5: [8086:344d] type 00 class 0x088000
[    2.001860] pci 0000:ff:0c.6: [8086:344d] type 00 class 0x088000
[    2.002007] pci 0000:ff:0c.7: [8086:344d] type 00 class 0x088000
[    2.002159] pci 0000:ff:0d.0: [8086:344d] type 00 class 0x088000
[    2.002326] pci 0000:ff:0d.1: [8086:344d] type 00 class 0x088000
[    2.002475] pci 0000:ff:0d.2: [8086:344d] type 00 class 0x088000
[    2.002642] pci 0000:ff:0d.3: [8086:344d] type 00 class 0x088000
[    2.002817] pci 0000:ff:1d.0: [8086:344f] type 00 class 0x088000
[    2.002946] pci 0000:ff:1d.1: [8086:3457] type 00 class 0x088000
[    2.003057] pci 0000:ff:1e.0: [8086:3458] type 00 class 0x088000
[    2.003141] pci 0000:ff:1e.1: [8086:3459] type 00 class 0x088000
[    2.003207] pci 0000:ff:1e.2: [8086:345a] type 00 class 0x088000
[    2.003271] pci 0000:ff:1e.3: [8086:345b] type 00 class 0x088000
[    2.003335] pci 0000:ff:1e.4: [8086:345c] type 00 class 0x088000
[    2.003400] pci 0000:ff:1e.5: [8086:345d] type 00 class 0x088000
[    2.003463] pci 0000:ff:1e.6: [8086:345e] type 00 class 0x088000
[    2.003528] pci 0000:ff:1e.7: [8086:345f] type 00 class 0x088000
[    2.003590] pci_bus 0000:ff: on NUMA node 1
[    2.004639] iommu: Default domain type: Translated 
[    2.004639] iommu: DMA domain TLB invalidation policy: lazy mode 
[    2.004649] SCSI subsystem initialized
[    2.008442] libata version 3.00 loaded.
[    2.008454] ACPI: bus type USB registered
[    2.008465] usbcore: registered new interface driver usbfs
[    2.008471] usbcore: registered new interface driver hub
[    2.008508] usbcore: registered new device driver usb
[    2.008528] pps_core: LinuxPPS API ver. 1 registered
[    2.008528] pps_core: Software ver. 5.3.6 - Copyright 2005-2007 Rodolfo Giometti <giometti@linux.it>
[    2.008530] PTP clock support registered
[    2.008594] EDAC MC: Ver: 3.0.0
[    2.009075] Registered efivars operations
[    2.009075] NetLabel: Initializing
[    2.009075] NetLabel:  domain hash size = 128
[    2.009075] NetLabel:  protocols = UNLABELED CIPSOv4 CALIPSO
[    2.009075] NetLabel:  unlabeled traffic allowed by default
[    2.009075] PCI: Using ACPI for IRQ routing
[    2.009589] PCI: pci_cache_line_size set to 64 bytes
[    2.010151] e820: reserve RAM buffer [mem 0x0008f000-0x0008ffff]
[    2.010154] e820: reserve RAM buffer [mem 0x46cc4020-0x47ffffff]
[    2.010155] e820: reserve RAM buffer [mem 0x46cf6020-0x47ffffff]
[    2.010156] e820: reserve RAM buffer [mem 0x46d29020-0x47ffffff]
[    2.010157] e820: reserve RAM buffer [mem 0x46d5c020-0x47ffffff]
[    2.010158] e820: reserve RAM buffer [mem 0x49e77000-0x4bffffff]
[    2.010159] e820: reserve RAM buffer [mem 0x4b2cf000-0x4bffffff]
[    2.010161] e820: reserve RAM buffer [mem 0x4bd94000-0x4bffffff]
[    2.010162] e820: reserve RAM buffer [mem 0x4ce00000-0x4fffffff]
[    2.010163] e820: reserve RAM buffer [mem 0x5eefe000-0x5fffffff]
[    2.010164] e820: reserve RAM buffer [mem 0x6f800000-0x6fffffff]
[    2.012434] pci 0000:03:00.0: vgaarb: setting as boot VGA device
[    2.012434] pci 0000:03:00.0: vgaarb: bridge control possible
[    2.012434] pci 0000:03:00.0: vgaarb: VGA device added: decodes=io+mem,owns=io+mem,locks=none
[    2.012434] vgaarb: loaded
[    2.013740] hpet0: at MMIO 0xfed00000, IRQs 2, 8, 0, 0, 0, 0, 0, 0
[    2.013748] hpet0: 8 comparators, 64-bit 24.000000 MHz counter
[    2.017683] clocksource: Switched to clocksource tsc-early
[    2.025993] VFS: Disk quotas dquot_6.6.0
[    2.026028] VFS: Dquot-cache hash table entries: 512 (order 0, 4096 bytes)
[    2.026184] AppArmor: AppArmor Filesystem Enabled
[    2.026196] pnp: PnP ACPI init
[    2.042349] system 00:01: [io  0x0500-0x05fe] has been reserved
[    2.042352] system 00:01: [io  0x0400-0x041f] has been reserved
[    2.042354] system 00:01: [io  0x0600-0x061f] has been reserved
[    2.042356] system 00:01: [io  0x0ca0-0x0ca1] has been reserved
[    2.042357] system 00:01: [io  0x0ca4-0x0ca6] has been reserved
[    2.042359] system 00:01: [mem 0xff000000-0xffffffff] has been reserved
[    2.042966] system 00:04: [mem 0xfd000000-0xfdabffff] has been reserved
[    2.042968] system 00:04: [mem 0xfdad0000-0xfdadffff] has been reserved
[    2.042970] system 00:04: [mem 0xfdb00000-0xfdffffff] has been reserved
[    2.042971] system 00:04: [mem 0xfe000000-0xfe00ffff] has been reserved
[    2.042973] system 00:04: [mem 0xfe011000-0xfe01ffff] has been reserved
[    2.042975] system 00:04: [mem 0xfe036000-0xfe03bfff] has been reserved
[    2.042976] system 00:04: [mem 0xfe03d000-0xfe3fffff] has been reserved
[    2.042978] system 00:04: [mem 0xfe410000-0xfe7fffff] has been reserved
[    2.043304] system 00:05: [io  0x1000-0x10fe] has been reserved
[    2.044333] pnp: PnP ACPI: found 6 devices
[    2.050093] clocksource: acpi_pm: mask: 0xffffff max_cycles: 0xffffff, max_idle_ns: 2085701024 ns
[    2.050180] NET: Registered PF_INET protocol family
[    2.050509] IP idents hash table entries: 262144 (order: 9, 2097152 bytes, vmalloc)
[    2.052736] tcp_listen_portaddr_hash hash table entries: 32768 (order: 7, 524288 bytes, vmalloc)
[    2.053428] TCP established hash table entries: 524288 (order: 10, 4194304 bytes, vmalloc hugepage)
[    2.054027] TCP bind hash table entries: 65536 (order: 8, 1048576 bytes, vmalloc)
[    2.054089] TCP: Hash tables configured (established 524288 bind 65536)
[    2.054377] UDP hash table entries: 32768 (order: 8, 1048576 bytes, vmalloc)
[    2.054596] UDP-Lite hash table entries: 32768 (order: 8, 1048576 bytes, vmalloc)
[    2.054803] NET: Registered PF_UNIX/PF_LOCAL protocol family
[    2.054810] NET: Registered PF_XDP protocol family
[    2.054818] pci 0000:04:00.0: can't claim BAR 6 [mem 0xfffc0000-0xffffffff pref]: no compatible bridge window
[    2.054820] pci 0000:04:00.1: can't claim BAR 6 [mem 0xfffc0000-0xffffffff pref]: no compatible bridge window
[    2.054822] pci 0000:17:00.0: can't claim BAR 6 [mem 0xfff00000-0xffffffff pref]: no compatible bridge window
[    2.054840] pci 0000:00:1c.5: BAR 14: assigned [mem 0x90000000-0x900fffff]
[    2.054843] pci 0000:00:1c.0: PCI bridge to [bus 01]
[    2.054852] pci 0000:02:00.0: PCI bridge to [bus 03]
[    2.054857] pci 0000:02:00.0:   bridge window [mem 0x92000000-0x928fffff]
[    2.054861] pci 0000:02:00.0:   bridge window [mem 0x91000000-0x91ffffff 64bit pref]
[    2.054867] pci 0000:00:1c.4: PCI bridge to [bus 02-03]
[    2.054871] pci 0000:00:1c.4:   bridge window [mem 0x92000000-0x928fffff]
[    2.054874] pci 0000:00:1c.4:   bridge window [mem 0x91000000-0x91ffffff 64bit pref]
[    2.054879] pci 0000:04:00.0: BAR 6: assigned [mem 0x90000000-0x9003ffff pref]
[    2.054881] pci 0000:04:00.1: BAR 6: assigned [mem 0x90040000-0x9007ffff pref]
[    2.054883] pci 0000:00:1c.5: PCI bridge to [bus 04]
[    2.054886] pci 0000:00:1c.5:   bridge window [mem 0x90000000-0x900fffff]
[    2.054888] pci 0000:00:1c.5:   bridge window [mem 0x92900000-0x929fffff 64bit pref]
[    2.054893] pci_bus 0000:00: resource 4 [io  0x0000-0x0cf7 window]
[    2.054894] pci_bus 0000:00: resource 5 [io  0x1000-0x4fff window]
[    2.054896] pci_bus 0000:00: resource 6 [mem 0x000a0000-0x000bffff window]
[    2.054897] pci_bus 0000:00: resource 7 [mem 0x000c8000-0x000cffff window]
[    2.054899] pci_bus 0000:00: resource 8 [mem 0xfe010000-0xfe010fff window]
[    2.054900] pci_bus 0000:00: resource 9 [mem 0x90000000-0x9b7fffff window]
[    2.054902] pci_bus 0000:00: resource 10 [mem 0x200000000000-0x20ffffffffff window]
[    2.054904] pci_bus 0000:02: resource 1 [mem 0x92000000-0x928fffff]
[    2.054905] pci_bus 0000:02: resource 2 [mem 0x91000000-0x91ffffff 64bit pref]
[    2.054906] pci_bus 0000:03: resource 1 [mem 0x92000000-0x928fffff]
[    2.054907] pci_bus 0000:03: resource 2 [mem 0x91000000-0x91ffffff 64bit pref]
[    2.054908] pci_bus 0000:04: resource 1 [mem 0x90000000-0x900fffff]
[    2.054909] pci_bus 0000:04: resource 2 [mem 0x92900000-0x929fffff 64bit pref]
[    2.054986] pci 0000:17:00.0: BAR 6: no space for [mem size 0x00100000 pref]
[    2.054988] pci 0000:17:00.0: BAR 6: failed to assign [mem size 0x00100000 pref]
[    2.054990] pci 0000:16:02.0: PCI bridge to [bus 17]
[    2.054991] pci 0000:16:02.0:   bridge window [io  0x5000-0x5fff]
[    2.054994] pci 0000:16:02.0:   bridge window [mem 0x9ba00000-0x9bafffff]
[    2.054996] pci 0000:16:02.0:   bridge window [mem 0x9b800000-0x9b9fffff 64bit pref]
[    2.055000] pci_bus 0000:16: resource 4 [io  0x5000-0x6fff window]
[    2.055001] pci_bus 0000:16: resource 5 [mem 0x9b800000-0xa63fffff window]
[    2.055002] pci_bus 0000:16: resource 6 [mem 0x210000000000-0x21ffffffffff window]
[    2.055003] pci_bus 0000:17: resource 0 [io  0x5000-0x5fff]
[    2.055005] pci_bus 0000:17: resource 1 [mem 0x9ba00000-0x9bafffff]
[    2.055006] pci_bus 0000:17: resource 2 [mem 0x9b800000-0x9b9fffff 64bit pref]
[    2.055012] pci_bus 0000:30: resource 4 [io  0x7000-0x8fff window]
[    2.055013] pci_bus 0000:30: resource 5 [mem 0xa6400000-0xb0ffffff window]
[    2.055014] pci_bus 0000:30: resource 6 [mem 0x220000000000-0x22ffffffffff window]
[    2.055020] pci_bus 0000:4a: resource 4 [io  0x9000-0x9fff window]
[    2.055021] pci_bus 0000:4a: resource 5 [mem 0xb1000000-0xbbbfffff window]
[    2.055022] pci_bus 0000:4a: resource 6 [mem 0x230000000000-0x23ffffffffff window]
