2024年 05月 30日 星期四 19:41:24 CST
pgmigrate_success 3884
pgmigrate_fail 11
pgmigrate_dst_node_full_fail 0
pgmigrate_numa_isolate_fail 15
pgmigrate_nomem_fail 3
pgmigrate_refcount_fail 0
thp_fault_alloc 0
thp_fault_fallback 0
thp_collapse_alloc 0
thp_collapse_alloc_failed 0
thp_file_alloc 0
thp_file_mapped 0
thp_split_page 0
thp_split_page_failed 0
thp_deferred_split_page 0
thp_split_pmd 0
thp_split_pud 0
thp_zero_page_alloc 0
thp_zero_page_alloc_failed 0
thp_swpout 0
thp_swpout_fallback 0
MemTotal:       1108560236 kB
MemFree:        1077983916 kB
MemAvailable:   1075739584 kB
Buffers:            7724 kB
Cached:           370744 kB
SwapCached:            0 kB
Active:           478380 kB
Inactive:         503520 kB
Active(anon):     306984 kB
Inactive(anon):   303148 kB
Active(file):     171396 kB
Inactive(file):   200372 kB
Unevictable:           0 kB
Mlocked:               0 kB
SwapTotal:       2097148 kB
SwapFree:        2097148 kB
Dirty:               908 kB
Writeback:             0 kB
AnonPages:        603968 kB
Mapped:           366980 kB
Shmem:              6204 kB
KReclaimable:     243892 kB
Slab:             611100 kB
SReclaimable:     243892 kB
SUnreclaim:       367208 kB
KernelStack:       34148 kB
PageTables:        29296 kB
NFS_Unstable:          0 kB
Bounce:                0 kB
WritebackTmp:          0 kB
CommitLimit:    556377264 kB
Committed_AS:    6543032 kB
VmallocTotal:   34359738367 kB
VmallocUsed:      159244 kB
VmallocChunk:          0 kB
Percpu:           124544 kB
HardwareCorrupted:     0 kB
AnonHugePages:         0 kB
ShmemHugePages:        0 kB
ShmemPmdMapped:        0 kB
CmaTotal:              0 kB
CmaFree:               0 kB
HugePages_Total:       0
HugePages_Free:        0
HugePages_Rsvd:        0
HugePages_Surp:        0
Hugepagesize:       2048 kB
Hugetlb:               0 kB
DirectMap4k:     1146344 kB
DirectMap2M:     8775680 kB
DirectMap1G:    1179648000 kB
2024年 05月 30日 星期四 21:05:31 CST
pgmigrate_success 358685
pgmigrate_fail 278564
pgmigrate_dst_node_full_fail 278528
pgmigrate_numa_isolate_fail 16
pgmigrate_nomem_fail 15
pgmigrate_refcount_fail 0
thp_fault_alloc 18695
thp_fault_fallback 0
thp_collapse_alloc 154
thp_collapse_alloc_failed 122
thp_file_alloc 0
thp_file_mapped 0
thp_split_page 0
thp_split_page_failed 0
thp_deferred_split_page 19496
thp_split_pmd 1056
thp_split_pud 0
thp_zero_page_alloc 0
thp_zero_page_alloc_failed 0
thp_swpout 0
thp_swpout_fallback 0
MemTotal:       1108560236 kB
MemFree:        1075683272 kB
MemAvailable:   1074701480 kB
Buffers:           88648 kB
Cached:          2589528 kB
SwapCached:           88 kB
Active:          2046380 kB
Inactive:        1248180 kB
Active(anon):     300940 kB
Inactive(anon):   322736 kB
Active(file):    1745440 kB
Inactive(file):   925444 kB
Unevictable:           0 kB
Mlocked:               0 kB
SwapTotal:       2097148 kB
SwapFree:        2078204 kB
Dirty:               140 kB
Writeback:             0 kB
AnonPages:        615788 kB
Mapped:           366324 kB
Shmem:              6200 kB
KReclaimable:     286384 kB
Slab:             668140 kB
SReclaimable:     286384 kB
SUnreclaim:       381756 kB
KernelStack:       33616 kB
PageTables:        29780 kB
NFS_Unstable:          0 kB
Bounce:                0 kB
WritebackTmp:          0 kB
CommitLimit:    556377264 kB
Committed_AS:    6208288 kB
VmallocTotal:   34359738367 kB
VmallocUsed:      158668 kB
VmallocChunk:          0 kB
Percpu:           124544 kB
HardwareCorrupted:     0 kB
AnonHugePages:    126976 kB
ShmemHugePages:        0 kB
ShmemPmdMapped:        0 kB
CmaTotal:              0 kB
CmaFree:               0 kB
HugePages_Total:       0
HugePages_Free:        0
HugePages_Rsvd:        0
HugePages_Surp:        0
Hugepagesize:       2048 kB
Hugetlb:               0 kB
DirectMap4k:     1146344 kB
DirectMap2M:     8775680 kB
DirectMap1G:    1179648000 kB
