2024年 05月 18日 星期六 18:23:16 CST
pgmigrate_success 28681
pgmigrate_fail 4
pgmigrate_dst_node_full_fail 0
pgmigrate_numa_isolate_fail 3
pgmigrate_nomem_fail 1
pgmigrate_refcount_fail 0
thp_fault_alloc 16822
thp_fault_fallback 0
thp_collapse_alloc 5
thp_collapse_alloc_failed 0
thp_file_alloc 0
thp_file_mapped 0
thp_split_page 0
thp_split_page_failed 0
thp_deferred_split_page 16821
thp_split_pmd 0
thp_split_pud 0
thp_zero_page_alloc 0
thp_zero_page_alloc_failed 0
thp_swpout 0
thp_swpout_fallback 0
MemTotal:       1115475308 kB
MemFree:        1084806840 kB
MemAvailable:   1082518160 kB
Buffers:            6624 kB
Cached:           380616 kB
SwapCached:            0 kB
Active:           430156 kB
Inactive:         522368 kB
Active(anon):     264212 kB
Inactive(anon):   307080 kB
Active(file):     165944 kB
Inactive(file):   215288 kB
Unevictable:           0 kB
Mlocked:               0 kB
SwapTotal:       2097148 kB
SwapFree:        2096892 kB
Dirty:               684 kB
Writeback:             0 kB
AnonPages:        565464 kB
Mapped:           375612 kB
Shmem:              6020 kB
KReclaimable:     227616 kB
Slab:             589708 kB
SReclaimable:     227616 kB
SUnreclaim:       362092 kB
KernelStack:       34920 kB
PageTables:        28072 kB
NFS_Unstable:          0 kB
Bounce:                0 kB
WritebackTmp:          0 kB
CommitLimit:    559834800 kB
Committed_AS:    6449140 kB
VmallocTotal:   34359738367 kB
VmallocUsed:      160052 kB
VmallocChunk:          0 kB
Percpu:           122752 kB
HardwareCorrupted:     0 kB
AnonHugePages:      6144 kB
ShmemHugePages:        0 kB
ShmemPmdMapped:        0 kB
CmaTotal:              0 kB
CmaFree:               0 kB
HugePages_Total:       0
HugePages_Free:        0
HugePages_Rsvd:        0
HugePages_Surp:        0
Hugepagesize:       2048 kB
Hugetlb:               0 kB
DirectMap4k:      931304 kB
DirectMap2M:     7942144 kB
DirectMap1G:    1180696576 kB
2024年 05月 18日 星期六 18:24:05 CST
pgmigrate_success 43530
pgmigrate_fail 4
pgmigrate_dst_node_full_fail 11885
pgmigrate_numa_isolate_fail 3
pgmigrate_nomem_fail 1
pgmigrate_refcount_fail 0
thp_fault_alloc 33644
thp_fault_fallback 0
thp_collapse_alloc 7
thp_collapse_alloc_failed 0
thp_file_alloc 0
thp_file_mapped 0
thp_split_page 0
thp_split_page_failed 0
thp_deferred_split_page 33642
thp_split_pmd 0
thp_split_pud 0
thp_zero_page_alloc 0
thp_zero_page_alloc_failed 0
thp_swpout 0
thp_swpout_fallback 0
MemTotal:       1115475308 kB
MemFree:        1069458176 kB
MemAvailable:   1081407640 kB
Buffers:            7300 kB
Cached:         15644776 kB
SwapCached:           28 kB
Active:           438784 kB
Inactive:       15783896 kB
Active(anon):     269184 kB
Inactive(anon):   307572 kB
Active(file):     169600 kB
Inactive(file): 15476324 kB
Unevictable:           0 kB
Mlocked:               0 kB
SwapTotal:       2097148 kB
SwapFree:        2096636 kB
Dirty:                16 kB
Writeback:             0 kB
AnonPages:        570456 kB
Mapped:           369376 kB
Shmem:              6020 kB
KReclaimable:     294528 kB
Slab:             657412 kB
SReclaimable:     294528 kB
SUnreclaim:       362884 kB
KernelStack:       35136 kB
PageTables:        27804 kB
NFS_Unstable:          0 kB
Bounce:                0 kB
WritebackTmp:          0 kB
CommitLimit:    559834800 kB
Committed_AS:    6467940 kB
VmallocTotal:   34359738367 kB
VmallocUsed:      160084 kB
VmallocChunk:          0 kB
Percpu:           122752 kB
HardwareCorrupted:     0 kB
AnonHugePages:      8192 kB
ShmemHugePages:        0 kB
ShmemPmdMapped:        0 kB
CmaTotal:              0 kB
CmaFree:               0 kB
HugePages_Total:       0
HugePages_Free:        0
HugePages_Rsvd:        0
HugePages_Surp:        0
Hugepagesize:       2048 kB
Hugetlb:               0 kB
DirectMap4k:      931304 kB
DirectMap2M:     7942144 kB
DirectMap1G:    1180696576 kB
