2024年 05月 16日 星期四 14:44:11 CST
pgmigrate_success 10038120
pgmigrate_fail 89939977
pgmigrate_dst_node_full_fail 89858560
pgmigrate_numa_isolate_fail 35
pgmigrate_nomem_fail 0
pgmigrate_refcount_fail 10255
thp_fault_alloc 153857
thp_fault_fallback 0
thp_collapse_alloc 76
thp_collapse_alloc_failed 0
thp_file_alloc 0
thp_file_mapped 0
thp_split_page 0
thp_split_page_failed 0
thp_deferred_split_page 189017
thp_split_pmd 7
thp_split_pud 0
thp_zero_page_alloc 9
thp_zero_page_alloc_failed 0
thp_swpout 0
thp_swpout_fallback 0
MemTotal:       1093385604 kB
MemFree:        1062207084 kB
MemAvailable:   1060066248 kB
Buffers:            5084 kB
Cached:           407644 kB
SwapCached:           12 kB
Active:           497152 kB
Inactive:         520392 kB
Active(anon):     362836 kB
Inactive(anon):   248296 kB
Active(file):     134316 kB
Inactive(file):   272096 kB
Unevictable:           0 kB
Mlocked:               0 kB
SwapTotal:       2097148 kB
SwapFree:        2095356 kB
Dirty:               684 kB
Writeback:             0 kB
AnonPages:        605336 kB
Mapped:           403704 kB
Shmem:              5760 kB
KReclaimable:     236984 kB
Slab:             605392 kB
SReclaimable:     236984 kB
SUnreclaim:       368408 kB
KernelStack:       33284 kB
PageTables:        28072 kB
NFS_Unstable:          0 kB
Bounce:                0 kB
WritebackTmp:          0 kB
CommitLimit:    548789948 kB
Committed_AS:    6543764 kB
VmallocTotal:   34359738367 kB
VmallocUsed:      158412 kB
VmallocChunk:          0 kB
Percpu:           124544 kB
HardwareCorrupted:     0 kB
AnonHugePages:     18432 kB
ShmemHugePages:        0 kB
ShmemPmdMapped:        0 kB
CmaTotal:              0 kB
CmaFree:               0 kB
HugePages_Total:       0
HugePages_Free:        0
HugePages_Rsvd:        0
HugePages_Surp:        0
Hugepagesize:       2048 kB
Hugetlb:               0 kB
DirectMap4k:      992744 kB
DirectMap2M:     7880704 kB
DirectMap1G:    1180696576 kB
2024年 05月 16日 星期四 14:54:11 CST
pgmigrate_success 18024543
pgmigrate_fail 152617481
pgmigrate_dst_node_full_fail 152516608
pgmigrate_numa_isolate_fail 35
pgmigrate_nomem_fail 0
pgmigrate_refcount_fail 15375
thp_fault_alloc 186512
thp_fault_fallback 0
thp_collapse_alloc 93
thp_collapse_alloc_failed 1
thp_file_alloc 0
thp_file_mapped 0
thp_split_page 0
thp_split_page_failed 0
thp_deferred_split_page 252813
thp_split_pmd 10
thp_split_pud 0
thp_zero_page_alloc 9
thp_zero_page_alloc_failed 0
thp_swpout 0
thp_swpout_fallback 0
MemTotal:       1093385604 kB
MemFree:        1062090964 kB
MemAvailable:   1059997316 kB
Buffers:           54692 kB
Cached:           421812 kB
SwapCached:            8 kB
Active:           550612 kB
Inactive:         532400 kB
Active(anon):     364480 kB
Inactive(anon):   248476 kB
Active(file):     186132 kB
Inactive(file):   283924 kB
Unevictable:           0 kB
Mlocked:               0 kB
SwapTotal:       2097148 kB
SwapFree:        2095356 kB
Dirty:                24 kB
Writeback:             0 kB
AnonPages:        607012 kB
Mapped:           403648 kB
Shmem:              5760 kB
KReclaimable:     267716 kB
Slab:             637016 kB
SReclaimable:     267716 kB
SUnreclaim:       369300 kB
KernelStack:       33520 kB
PageTables:        27932 kB
NFS_Unstable:          0 kB
Bounce:                0 kB
WritebackTmp:          0 kB
CommitLimit:    548789948 kB
Committed_AS:    6487560 kB
VmallocTotal:   34359738367 kB
VmallocUsed:      158364 kB
VmallocChunk:          0 kB
Percpu:           124544 kB
HardwareCorrupted:     0 kB
AnonHugePages:    307200 kB
ShmemHugePages:        0 kB
ShmemPmdMapped:        0 kB
CmaTotal:              0 kB
CmaFree:               0 kB
HugePages_Total:       0
HugePages_Free:        0
HugePages_Rsvd:        0
HugePages_Surp:        0
Hugepagesize:       2048 kB
Hugetlb:               0 kB
DirectMap4k:      992744 kB
DirectMap2M:     7880704 kB
DirectMap1G:    1180696576 kB
