2024年 06月 18日 星期二 21:35:29 CST
pgmigrate_success 1169582
pgmigrate_fail 40280069
pgmigrate_dst_node_full_fail 40247813
pgmigrate_numa_isolate_fail 67
pgmigrate_nomem_fail 1
pgmigrate_refcount_fail 40
thp_fault_alloc 122299
thp_fault_fallback 0
thp_collapse_alloc 32
thp_collapse_alloc_failed 1
thp_file_alloc 0
thp_file_mapped 0
thp_split_page 1
thp_split_page_failed 0
thp_deferred_split_page 124394
thp_split_pmd 50
thp_split_pud 0
thp_zero_page_alloc 10
thp_zero_page_alloc_failed 0
thp_swpout 0
thp_swpout_fallback 0
MemTotal:       1085009292 kB
MemFree:        1054285716 kB
MemAvailable:   1052099240 kB
Buffers:            9144 kB
Cached:           199460 kB
SwapCached:         2088 kB
Active:           265268 kB
Inactive:         516684 kB
Active(anon):     116368 kB
Inactive(anon):   462076 kB
Active(file):     148900 kB
Inactive(file):    54608 kB
Unevictable:           0 kB
Mlocked:               0 kB
SwapTotal:       2097148 kB
SwapFree:        2051580 kB
Dirty:               324 kB
Writeback:             0 kB
AnonPages:        573212 kB
Mapped:           197352 kB
Shmem:              4668 kB
KReclaimable:     249656 kB
Slab:             656172 kB
SReclaimable:     249656 kB
SUnreclaim:       406516 kB
KernelStack:       33776 kB
PageTables:        28540 kB
NFS_Unstable:          0 kB
Bounce:                0 kB
WritebackTmp:          0 kB
CommitLimit:    544601792 kB
Committed_AS:    6452928 kB
VmallocTotal:   34359738367 kB
VmallocUsed:      105428 kB
VmallocChunk:          0 kB
Percpu:           121408 kB
HardwareCorrupted:     0 kB
AnonHugePages:     24576 kB
ShmemHugePages:        0 kB
ShmemPmdMapped:        0 kB
CmaTotal:              0 kB
CmaFree:               0 kB
HugePages_Total:       0
HugePages_Free:        0
HugePages_Rsvd:        0
HugePages_Surp:        0
Hugepagesize:       2048 kB
Hugetlb:               0 kB
DirectMap4k:     1093096 kB
DirectMap2M:     9877504 kB
DirectMap1G:    1178599424 kB
2024年 06月 18日 星期二 21:48:34 CST
pgmigrate_success 7063252
pgmigrate_fail 117874693
pgmigrate_dst_node_full_fail 117814789
pgmigrate_numa_isolate_fail 68
pgmigrate_nomem_fail 1
pgmigrate_refcount_fail 3624
thp_fault_alloc 158004
thp_fault_fallback 0
thp_collapse_alloc 45
thp_collapse_alloc_failed 10
thp_file_alloc 0
thp_file_mapped 0
thp_split_page 1
thp_split_page_failed 0
thp_deferred_split_page 183208
thp_split_pmd 200
thp_split_pud 0
thp_zero_page_alloc 11
thp_zero_page_alloc_failed 0
thp_swpout 0
thp_swpout_fallback 0
MemTotal:       1085009292 kB
MemFree:        1053531884 kB
MemAvailable:   1051458072 kB
Buffers:           71616 kB
Cached:           309180 kB
SwapCached:         2164 kB
Active:           368464 kB
Inactive:         612120 kB
Active(anon):     138652 kB
Inactive(anon):   465924 kB
Active(file):     229812 kB
Inactive(file):   146196 kB
Unevictable:           0 kB
Mlocked:               0 kB
SwapTotal:       2097148 kB
SwapFree:        2049276 kB
Dirty:               920 kB
Writeback:             0 kB
AnonPages:        598896 kB
Mapped:           246792 kB
Shmem:              4668 kB
KReclaimable:     302488 kB
Slab:             733108 kB
SReclaimable:     302488 kB
SUnreclaim:       430620 kB
KernelStack:       33968 kB
PageTables:        28892 kB
NFS_Unstable:          0 kB
Bounce:                0 kB
WritebackTmp:          0 kB
CommitLimit:    544601792 kB
Committed_AS:    5834328 kB
VmallocTotal:   34359738367 kB
VmallocUsed:      105636 kB
VmallocChunk:          0 kB
Percpu:           121408 kB
HardwareCorrupted:     0 kB
AnonHugePages:         0 kB
ShmemHugePages:        0 kB
ShmemPmdMapped:        0 kB
CmaTotal:              0 kB
CmaFree:               0 kB
HugePages_Total:       0
HugePages_Free:        0
HugePages_Rsvd:        0
HugePages_Surp:        0
Hugepagesize:       2048 kB
Hugetlb:               0 kB
DirectMap4k:     1093096 kB
DirectMap2M:     9877504 kB
DirectMap1G:    1178599424 kB
