pgmigrate_success 1539313
pgmigrate_fail 907
thp_migration_success 0
thp_migration_fail 0
thp_migration_split 0
thp_fault_alloc 0
thp_fault_fallback 0
thp_fault_fallback_charge 0
thp_collapse_alloc 0
thp_collapse_alloc_failed 0
thp_file_alloc 0
thp_file_fallback 0
thp_file_fallback_charge 0
thp_file_mapped 0
thp_split_page 0
thp_split_page_failed 0
thp_deferred_split_page 0
thp_split_pmd 0
thp_scan_exceed_none_pte 0
thp_scan_exceed_swap_pte 0
thp_scan_exceed_share_pte 0
thp_split_pud 0
thp_zero_page_alloc 0
thp_zero_page_alloc_failed 0
thp_swpout 0
thp_swpout_fallback 0
MemTotal:       547598824 kB
MemFree:        519767468 kB
MemAvailable:   518951612 kB
Buffers:          114824 kB
Cached:           392944 kB
SwapCached:         5072 kB
Active:           296176 kB
Inactive:        8516884 kB
Active(anon):      12624 kB
Inactive(anon):  8297924 kB
Active(file):     283552 kB
Inactive(file):   218960 kB
Unevictable:           0 kB
Mlocked:               0 kB
SwapTotal:       2097148 kB
SwapFree:        2032380 kB
Dirty:                44 kB
Writeback:             0 kB
AnonPages:       8302556 kB
Mapped:           194316 kB
Shmem:              5268 kB
KReclaimable:     410028 kB
Slab:             739180 kB
SReclaimable:     410028 kB
SUnreclaim:       329152 kB
KernelStack:       38160 kB
PageTables:        65480 kB
NFS_Unstable:          0 kB
Bounce:                0 kB
WritebackTmp:          0 kB
CommitLimit:    275896560 kB
Committed_AS:   20776036 kB
VmallocTotal:   34359738367 kB
VmallocUsed:      146184 kB
VmallocChunk:          0 kB
Percpu:           133952 kB
HardwareCorrupted:     0 kB
AnonHugePages:         0 kB
ShmemHugePages:        0 kB
ShmemPmdMapped:        0 kB
FileHugePages:         0 kB
FilePmdMapped:         0 kB
CmaTotal:              0 kB
CmaFree:               0 kB
HugePages_Total:       0
HugePages_Free:        0
HugePages_Rsvd:        0
HugePages_Surp:        0
Hugepagesize:       2048 kB
Hugetlb:               0 kB
DirectMap4k:      506344 kB
DirectMap2M:     8601600 kB
DirectMap1G:    1132462080 kB
pgmigrate_success 1561488
pgmigrate_fail 921
thp_migration_success 0
thp_migration_fail 0
thp_migration_split 0
thp_fault_alloc 0
thp_fault_fallback 0
thp_fault_fallback_charge 0
thp_collapse_alloc 0
thp_collapse_alloc_failed 0
thp_file_alloc 0
thp_file_fallback 0
thp_file_fallback_charge 0
thp_file_mapped 0
thp_split_page 0
thp_split_page_failed 0
thp_deferred_split_page 0
thp_split_pmd 0
thp_scan_exceed_none_pte 0
thp_scan_exceed_swap_pte 0
thp_scan_exceed_share_pte 0
thp_split_pud 0
thp_zero_page_alloc 0
thp_zero_page_alloc_failed 0
thp_swpout 0
thp_swpout_fallback 0
MemTotal:       547598824 kB
MemFree:        527422744 kB
MemAvailable:   526611036 kB
Buffers:          117484 kB
Cached:           398480 kB
SwapCached:         5068 kB
Active:           300160 kB
Inactive:         933592 kB
Active(anon):      12568 kB
Inactive(anon):   710476 kB
Active(file):     287592 kB
Inactive(file):   223116 kB
Unevictable:           0 kB
Mlocked:               0 kB
SwapTotal:       2097148 kB
SwapFree:        2032380 kB
Dirty:                40 kB
Writeback:             0 kB
AnonPages:        714180 kB
Mapped:           177076 kB
Shmem:              5268 kB
KReclaimable:     410124 kB
Slab:             736508 kB
SReclaimable:     410124 kB
SUnreclaim:       326384 kB
KernelStack:       32320 kB
PageTables:        47076 kB
NFS_Unstable:          0 kB
Bounce:                0 kB
WritebackTmp:          0 kB
CommitLimit:    275896560 kB
Committed_AS:    6950560 kB
VmallocTotal:   34359738367 kB
VmallocUsed:      141108 kB
VmallocChunk:          0 kB
Percpu:           133952 kB
HardwareCorrupted:     0 kB
AnonHugePages:         0 kB
ShmemHugePages:        0 kB
ShmemPmdMapped:        0 kB
FileHugePages:         0 kB
FilePmdMapped:         0 kB
CmaTotal:              0 kB
CmaFree:               0 kB
HugePages_Total:       0
HugePages_Free:        0
HugePages_Rsvd:        0
HugePages_Surp:        0
Hugepagesize:       2048 kB
Hugetlb:               0 kB
DirectMap4k:      506344 kB
DirectMap2M:     8601600 kB
DirectMap1G:    1132462080 kB
