[    0.000000] Linux version 5.18.0 (xmu@xmu-PowerEdge-R750) (gcc (Ubuntu 8.4.0-1ubuntu1~18.04) 8.4.0, GNU ld (GNU Binutils for Ubuntu) 2.30) #1 SMP PREEMPT_DYNAMIC Sat Apr 6 15:16:25 CST 2024
[    0.000000] Command line: BOOT_IMAGE=/boot/vmlinuz-5.18.0 root=UUID=ce0c24b8-724b-4f33-9b2c-618433560aef ro memmap=42000M!4096M memmap=59G!64G quiet splash nomodeset vt.handoff=1
[    0.000000] KERNEL supported cpus:
[    0.000000]   Intel GenuineIntel
[    0.000000]   AMD AuthenticAMD
[    0.000000]   Hygon HygonGenuine
[    0.000000]   Centaur CentaurHauls
[    0.000000]   zhaoxin   Shanghai  
[    0.000000] x86/split lock detection: #AC: crashing the kernel on kernel split_locks and warning on user-space split_locks
[    0.000000] x86/fpu: Supporting XSAVE feature 0x001: 'x87 floating point registers'
[    0.000000] x86/fpu: Supporting XSAVE feature 0x002: 'SSE registers'
[    0.000000] x86/fpu: Supporting XSAVE feature 0x004: 'AVX registers'
[    0.000000] x86/fpu: Supporting XSAVE feature 0x020: 'AVX-512 opmask'
[    0.000000] x86/fpu: Supporting XSAVE feature 0x040: 'AVX-512 Hi256'
[    0.000000] x86/fpu: Supporting XSAVE feature 0x080: 'AVX-512 ZMM_Hi256'
[    0.000000] x86/fpu: Supporting XSAVE feature 0x200: 'Protection Keys User registers'
[    0.000000] x86/fpu: xstate_offset[2]:  576, xstate_sizes[2]:  256
[    0.000000] x86/fpu: xstate_offset[5]:  832, xstate_sizes[5]:   64
[    0.000000] x86/fpu: xstate_offset[6]:  896, xstate_sizes[6]:  512
[    0.000000] x86/fpu: xstate_offset[7]: 1408, xstate_sizes[7]: 1024
[    0.000000] x86/fpu: xstate_offset[9]: 2432, xstate_sizes[9]:    8
[    0.000000] x86/fpu: Enabled xstate features 0x2e7, context size is 2440 bytes, using 'compacted' format.
[    0.000000] signal: max sigframe size: 3632
[    0.000000] BIOS-provided physical RAM map:
[    0.000000] BIOS-e820: [mem 0x0000000000000000-0x000000000008efff] usable
[    0.000000] BIOS-e820: [mem 0x000000000008f000-0x000000000008ffff] reserved
[    0.000000] BIOS-e820: [mem 0x0000000000090000-0x000000000009ffff] usable
[    0.000000] BIOS-e820: [mem 0x00000000000a0000-0x00000000000fffff] reserved
[    0.000000] BIOS-e820: [mem 0x0000000000100000-0x0000000049e76fff] usable
[    0.000000] BIOS-e820: [mem 0x0000000049e77000-0x000000004ae76fff] ACPI NVS
[    0.000000] BIOS-e820: [mem 0x000000004ae77000-0x000000004b2cefff] usable
[    0.000000] BIOS-e820: [mem 0x000000004b2cf000-0x000000004b54dfff] ACPI data
[    0.000000] BIOS-e820: [mem 0x000000004b54e000-0x000000004bd93fff] usable
[    0.000000] BIOS-e820: [mem 0x000000004bd94000-0x000000004be99fff] reserved
[    0.000000] BIOS-e820: [mem 0x000000004be9a000-0x000000004cdfffff] usable
[    0.000000] BIOS-e820: [mem 0x000000004ce00000-0x000000004cffffff] reserved
[    0.000000] BIOS-e820: [mem 0x000000004d000000-0x000000005eefdfff] usable
[    0.000000] BIOS-e820: [mem 0x000000005eefe000-0x000000006e3fefff] reserved
[    0.000000] BIOS-e820: [mem 0x000000006e3ff000-0x000000006f3fefff] ACPI NVS
[    0.000000] BIOS-e820: [mem 0x000000006f3ff000-0x000000006f7fefff] ACPI data
[    0.000000] BIOS-e820: [mem 0x000000006f7ff000-0x000000006f7fffff] usable
[    0.000000] BIOS-e820: [mem 0x000000006f800000-0x000000008fffffff] reserved
[    0.000000] BIOS-e820: [mem 0x00000000fe000000-0x00000000fe010fff] reserved
[    0.000000] BIOS-e820: [mem 0x0000000100000000-0x000000207fffffff] usable
[    0.000000] BIOS-e820: [mem 0x0000002080000000-0x0000011c7fffffff] persistent (type 7)
[    0.000000] BIOS-e820: [mem 0x00001ffc00000000-0x00001fffffffffff] reserved
[    0.000000] NX (Execute Disable) protection: active
[    0.000000] e820: update [mem 0x46d5c020-0x46d6405f] usable ==> usable
[    0.000000] e820: update [mem 0x46d5c020-0x46d6405f] usable ==> usable
[    0.000000] e820: update [mem 0x46d29020-0x46d5bc5f] usable ==> usable
[    0.000000] e820: update [mem 0x46d29020-0x46d5bc5f] usable ==> usable
[    0.000000] e820: update [mem 0x46cf6020-0x46d28c5f] usable ==> usable
[    0.000000] e820: update [mem 0x46cf6020-0x46d28c5f] usable ==> usable
[    0.000000] e820: update [mem 0x46cc4020-0x46cf5a5f] usable ==> usable
[    0.000000] e820: update [mem 0x46cc4020-0x46cf5a5f] usable ==> usable
[    0.000000] extended physical RAM map:
[    0.000000] reserve setup_data: [mem 0x0000000000000000-0x000000000008efff] usable
[    0.000000] reserve setup_data: [mem 0x000000000008f000-0x000000000008ffff] reserved
[    0.000000] reserve setup_data: [mem 0x0000000000090000-0x000000000009ffff] usable
[    0.000000] reserve setup_data: [mem 0x00000000000a0000-0x00000000000fffff] reserved
[    0.000000] reserve setup_data: [mem 0x0000000000100000-0x0000000046cc401f] usable
[    0.000000] reserve setup_data: [mem 0x0000000046cc4020-0x0000000046cf5a5f] usable
[    0.000000] reserve setup_data: [mem 0x0000000046cf5a60-0x0000000046cf601f] usable
[    0.000000] reserve setup_data: [mem 0x0000000046cf6020-0x0000000046d28c5f] usable
[    0.000000] reserve setup_data: [mem 0x0000000046d28c60-0x0000000046d2901f] usable
[    0.000000] reserve setup_data: [mem 0x0000000046d29020-0x0000000046d5bc5f] usable
[    0.000000] reserve setup_data: [mem 0x0000000046d5bc60-0x0000000046d5c01f] usable
[    0.000000] reserve setup_data: [mem 0x0000000046d5c020-0x0000000046d6405f] usable
[    0.000000] reserve setup_data: [mem 0x0000000046d64060-0x0000000049e76fff] usable
[    0.000000] reserve setup_data: [mem 0x0000000049e77000-0x000000004ae76fff] ACPI NVS
[    0.000000] reserve setup_data: [mem 0x000000004ae77000-0x000000004b2cefff] usable
[    0.000000] reserve setup_data: [mem 0x000000004b2cf000-0x000000004b54dfff] ACPI data
[    0.000000] reserve setup_data: [mem 0x000000004b54e000-0x000000004bd93fff] usable
[    0.000000] reserve setup_data: [mem 0x000000004bd94000-0x000000004be99fff] reserved
[    0.000000] reserve setup_data: [mem 0x000000004be9a000-0x000000004cdfffff] usable
[    0.000000] reserve setup_data: [mem 0x000000004ce00000-0x000000004cffffff] reserved
[    0.000000] reserve setup_data: [mem 0x000000004d000000-0x000000005eefdfff] usable
[    0.000000] reserve setup_data: [mem 0x000000005eefe000-0x000000006e3fefff] reserved
[    0.000000] reserve setup_data: [mem 0x000000006e3ff000-0x000000006f3fefff] ACPI NVS
[    0.000000] reserve setup_data: [mem 0x000000006f3ff000-0x000000006f7fefff] ACPI data
[    0.000000] reserve setup_data: [mem 0x000000006f7ff000-0x000000006f7fffff] usable
[    0.000000] reserve setup_data: [mem 0x000000006f800000-0x000000008fffffff] reserved
[    0.000000] reserve setup_data: [mem 0x00000000fe000000-0x00000000fe010fff] reserved
[    0.000000] reserve setup_data: [mem 0x0000000100000000-0x0000000b40ffffff] persistent (type 12)
[    0.000000] reserve setup_data: [mem 0x0000000b41000000-0x0000000fffffffff] usable
[    0.000000] reserve setup_data: [mem 0x0000001000000000-0x0000001ebfffffff] persistent (type 12)
[    0.000000] reserve setup_data: [mem 0x0000001ec0000000-0x000000207fffffff] usable
[    0.000000] reserve setup_data: [mem 0x0000002080000000-0x0000011c7fffffff] persistent (type 7)
[    0.000000] reserve setup_data: [mem 0x00001ffc00000000-0x00001fffffffffff] reserved
[    0.000000] user-defined physical RAM map:
[    0.000000] user: [mem 0x0000000000000000-0x000000000008efff] usable
[    0.000000] user: [mem 0x000000000008f000-0x000000000008ffff] reserved
[    0.000000] user: [mem 0x0000000000090000-0x000000000009ffff] usable
[    0.000000] user: [mem 0x00000000000a0000-0x00000000000fffff] reserved
[    0.000000] user: [mem 0x0000000000100000-0x0000000046cc401f] usable
[    0.000000] user: [mem 0x0000000046cc4020-0x0000000046cf5a5f] usable
[    0.000000] user: [mem 0x0000000046cf5a60-0x0000000046cf601f] usable
[    0.000000] user: [mem 0x0000000046cf6020-0x0000000046d28c5f] usable
[    0.000000] user: [mem 0x0000000046d28c60-0x0000000046d2901f] usable
[    0.000000] user: [mem 0x0000000046d29020-0x0000000046d5bc5f] usable
[    0.000000] user: [mem 0x0000000046d5bc60-0x0000000046d5c01f] usable
[    0.000000] user: [mem 0x0000000046d5c020-0x0000000046d6405f] usable
[    0.000000] user: [mem 0x0000000046d64060-0x0000000049e76fff] usable
[    0.000000] user: [mem 0x0000000049e77000-0x000000004ae76fff] ACPI NVS
[    0.000000] user: [mem 0x000000004ae77000-0x000000004b2cefff] usable
[    0.000000] user: [mem 0x000000004b2cf000-0x000000004b54dfff] ACPI data
[    0.000000] user: [mem 0x000000004b54e000-0x000000004bd93fff] usable
[    0.000000] user: [mem 0x000000004bd94000-0x000000004be99fff] reserved
[    0.000000] user: [mem 0x000000004be9a000-0x000000004cdfffff] usable
[    0.000000] user: [mem 0x000000004ce00000-0x000000004cffffff] reserved
[    0.000000] user: [mem 0x000000004d000000-0x000000005eefdfff] usable
[    0.000000] user: [mem 0x000000005eefe000-0x000000006e3fefff] reserved
[    0.000000] user: [mem 0x000000006e3ff000-0x000000006f3fefff] ACPI NVS
[    0.000000] user: [mem 0x000000006f3ff000-0x000000006f7fefff] ACPI data
[    0.000000] user: [mem 0x000000006f7ff000-0x000000006f7fffff] usable
[    0.000000] user: [mem 0x000000006f800000-0x000000008fffffff] reserved
[    0.000000] user: [mem 0x00000000fe000000-0x00000000fe010fff] reserved
[    0.000000] user: [mem 0x0000000100000000-0x0000000b40ffffff] persistent (type 12)
[    0.000000] user: [mem 0x0000000b41000000-0x0000000fffffffff] usable
[    0.000000] user: [mem 0x0000001000000000-0x0000001ebfffffff] persistent (type 12)
[    0.000000] user: [mem 0x0000001ec0000000-0x000000207fffffff] usable
[    0.000000] user: [mem 0x0000002080000000-0x0000011c7fffffff] persistent (type 7)
[    0.000000] user: [mem 0x00001ffc00000000-0x00001fffffffffff] reserved
[    0.000000] efi: EFI v2.70 by Dell Inc.
[    0.000000] efi: ACPI=0x6f7fe000 ACPI 2.0=0x6f7fe014 MEMATTR=0x5b070020 SMBIOS=0x69526000 SMBIOS 3.0=0x69524000 MOKvar=0x5ef81000 RNG=0x5ef8a920 
[    0.000000] efi: seeding entropy pool
[    0.000000] SMBIOS 3.3.0 present.
[    0.000000] DMI: Dell Inc. PowerEdge R750/0K8F35, BIOS 1.10.2 03/03/2023
[    0.000000] tsc: Detected 2000.000 MHz processor
[    0.000007] e820: update [mem 0x00000000-0x00000fff] usable ==> reserved
[    0.000010] e820: remove [mem 0x000a0000-0x000fffff] usable
[    0.000019] last_pfn = 0x2080000 max_arch_pfn = 0x400000000
[    0.000197] x86/PAT: Configuration [0-7]: WB  WC  UC- UC  WB  WP  UC- WT  
[    0.002858] total RAM covered: 2095088M
[    0.002942]  gran_size: 64K 	chunk_size: 64K 	num_reg: 10  	lose cover RAM: 2016G
[    0.002945]  gran_size: 64K 	chunk_size: 128K 	num_reg: 10  	lose cover RAM: 2016G
[    0.002946]  gran_size: 64K 	chunk_size: 256K 	num_reg: 10  	lose cover RAM: 2016G
[    0.002948]  gran_size: 64K 	chunk_size: 512K 	num_reg: 10  	lose cover RAM: 2016G
[    0.002949]  gran_size: 64K 	chunk_size: 1M 	num_reg: 10  	lose cover RAM: 2016G
[    0.002950]  gran_size: 64K 	chunk_size: 2M 	num_reg: 10  	lose cover RAM: 2016G
[    0.002952]  gran_size: 64K 	chunk_size: 4M 	num_reg: 10  	lose cover RAM: 2016G
[    0.002953]  gran_size: 64K 	chunk_size: 8M 	num_reg: 10  	lose cover RAM: 2016G
[    0.002954]  gran_size: 64K 	chunk_size: 16M 	num_reg: 10  	lose cover RAM: 2016G
[    0.002956]  gran_size: 64K 	chunk_size: 32M 	num_reg: 10  	lose cover RAM: 1024G
[    0.002957]  gran_size: 64K 	chunk_size: 64M 	num_reg: 10  	lose cover RAM: 1024G
[    0.002958]  gran_size: 64K 	chunk_size: 128M 	num_reg: 10  	lose cover RAM: 1024G
[    0.002960]  gran_size: 64K 	chunk_size: 256M 	num_reg: 10  	lose cover RAM: 1024G
[    0.002961]  gran_size: 64K 	chunk_size: 512M 	num_reg: 10  	lose cover RAM: 1024G
[    0.002962]  gran_size: 64K 	chunk_size: 1G 	num_reg: 10  	lose cover RAM: 1024G
[    0.002964]  gran_size: 64K 	chunk_size: 2G 	num_reg: 10  	lose cover RAM: 1024G
[    0.002965]  gran_size: 128K 	chunk_size: 128K 	num_reg: 10  	lose cover RAM: 2016G
[    0.002966]  gran_size: 128K 	chunk_size: 256K 	num_reg: 10  	lose cover RAM: 2016G
[    0.002968]  gran_size: 128K 	chunk_size: 512K 	num_reg: 10  	lose cover RAM: 2016G
[    0.002969]  gran_size: 128K 	chunk_size: 1M 	num_reg: 10  	lose cover RAM: 2016G
[    0.002970]  gran_size: 128K 	chunk_size: 2M 	num_reg: 10  	lose cover RAM: 2016G
[    0.002972]  gran_size: 128K 	chunk_size: 4M 	num_reg: 10  	lose cover RAM: 2016G
[    0.002973]  gran_size: 128K 	chunk_size: 8M 	num_reg: 10  	lose cover RAM: 2016G
[    0.002974]  gran_size: 128K 	chunk_size: 16M 	num_reg: 10  	lose cover RAM: 2016G
[    0.002976]  gran_size: 128K 	chunk_size: 32M 	num_reg: 10  	lose cover RAM: 1024G
[    0.002977]  gran_size: 128K 	chunk_size: 64M 	num_reg: 10  	lose cover RAM: 1024G
[    0.002978]  gran_size: 128K 	chunk_size: 128M 	num_reg: 10  	lose cover RAM: 1024G
[    0.002980]  gran_size: 128K 	chunk_size: 256M 	num_reg: 10  	lose cover RAM: 1024G
[    0.002981]  gran_size: 128K 	chunk_size: 512M 	num_reg: 10  	lose cover RAM: 1024G
[    0.002982]  gran_size: 128K 	chunk_size: 1G 	num_reg: 10  	lose cover RAM: 1024G
[    0.002984]  gran_size: 128K 	chunk_size: 2G 	num_reg: 10  	lose cover RAM: 1024G
[    0.002985]  gran_size: 256K 	chunk_size: 256K 	num_reg: 10  	lose cover RAM: 2016G
[    0.002986]  gran_size: 256K 	chunk_size: 512K 	num_reg: 10  	lose cover RAM: 2016G
[    0.002988]  gran_size: 256K 	chunk_size: 1M 	num_reg: 10  	lose cover RAM: 2016G
[    0.002989]  gran_size: 256K 	chunk_size: 2M 	num_reg: 10  	lose cover RAM: 2016G
[    0.002991]  gran_size: 256K 	chunk_size: 4M 	num_reg: 10  	lose cover RAM: 2016G
[    0.002992]  gran_size: 256K 	chunk_size: 8M 	num_reg: 10  	lose cover RAM: 2016G
[    0.002993]  gran_size: 256K 	chunk_size: 16M 	num_reg: 10  	lose cover RAM: 2016G
[    0.002994]  gran_size: 256K 	chunk_size: 32M 	num_reg: 10  	lose cover RAM: 1024G
[    0.002996]  gran_size: 256K 	chunk_size: 64M 	num_reg: 10  	lose cover RAM: 1024G
[    0.002997]  gran_size: 256K 	chunk_size: 128M 	num_reg: 10  	lose cover RAM: 1024G
[    0.002998]  gran_size: 256K 	chunk_size: 256M 	num_reg: 10  	lose cover RAM: 1024G
[    0.003000]  gran_size: 256K 	chunk_size: 512M 	num_reg: 10  	lose cover RAM: 1024G
[    0.003001]  gran_size: 256K 	chunk_size: 1G 	num_reg: 10  	lose cover RAM: 1024G
[    0.003002]  gran_size: 256K 	chunk_size: 2G 	num_reg: 10  	lose cover RAM: 1024G
[    0.003004]  gran_size: 512K 	chunk_size: 512K 	num_reg: 10  	lose cover RAM: 2016G
[    0.003005]  gran_size: 512K 	chunk_size: 1M 	num_reg: 10  	lose cover RAM: 2016G
[    0.003006]  gran_size: 512K 	chunk_size: 2M 	num_reg: 10  	lose cover RAM: 2016G
[    0.003007]  gran_size: 512K 	chunk_size: 4M 	num_reg: 10  	lose cover RAM: 2016G
[    0.003009]  gran_size: 512K 	chunk_size: 8M 	num_reg: 10  	lose cover RAM: 2016G
[    0.003010]  gran_size: 512K 	chunk_size: 16M 	num_reg: 10  	lose cover RAM: 2016G
[    0.003011]  gran_size: 512K 	chunk_size: 32M 	num_reg: 10  	lose cover RAM: 1024G
[    0.003013]  gran_size: 512K 	chunk_size: 64M 	num_reg: 10  	lose cover RAM: 1024G
[    0.003014]  gran_size: 512K 	chunk_size: 128M 	num_reg: 10  	lose cover RAM: 1024G
[    0.003015]  gran_size: 512K 	chunk_size: 256M 	num_reg: 10  	lose cover RAM: 1024G
[    0.003017]  gran_size: 512K 	chunk_size: 512M 	num_reg: 10  	lose cover RAM: 1024G
[    0.003018]  gran_size: 512K 	chunk_size: 1G 	num_reg: 10  	lose cover RAM: 1024G
[    0.003019]  gran_size: 512K 	chunk_size: 2G 	num_reg: 10  	lose cover RAM: 1024G
[    0.003021]  gran_size: 1M 	chunk_size: 1M 	num_reg: 10  	lose cover RAM: 2016G
[    0.003022]  gran_size: 1M 	chunk_size: 2M 	num_reg: 10  	lose cover RAM: 2016G
[    0.003023]  gran_size: 1M 	chunk_size: 4M 	num_reg: 10  	lose cover RAM: 2016G
[    0.003025]  gran_size: 1M 	chunk_size: 8M 	num_reg: 10  	lose cover RAM: 2016G
[    0.003026]  gran_size: 1M 	chunk_size: 16M 	num_reg: 10  	lose cover RAM: 2016G
[    0.003027]  gran_size: 1M 	chunk_size: 32M 	num_reg: 10  	lose cover RAM: 1024G
[    0.003028]  gran_size: 1M 	chunk_size: 64M 	num_reg: 10  	lose cover RAM: 1024G
[    0.003030]  gran_size: 1M 	chunk_size: 128M 	num_reg: 10  	lose cover RAM: 1024G
[    0.003031]  gran_size: 1M 	chunk_size: 256M 	num_reg: 10  	lose cover RAM: 1024G
[    0.003032]  gran_size: 1M 	chunk_size: 512M 	num_reg: 10  	lose cover RAM: 1024G
[    0.003034]  gran_size: 1M 	chunk_size: 1G 	num_reg: 10  	lose cover RAM: 1024G
[    0.003035]  gran_size: 1M 	chunk_size: 2G 	num_reg: 10  	lose cover RAM: 1024G
[    0.003036]  gran_size: 2M 	chunk_size: 2M 	num_reg: 10  	lose cover RAM: 2016G
[    0.003037]  gran_size: 2M 	chunk_size: 4M 	num_reg: 10  	lose cover RAM: 2016G
[    0.003039]  gran_size: 2M 	chunk_size: 8M 	num_reg: 10  	lose cover RAM: 2016G
[    0.003040]  gran_size: 2M 	chunk_size: 16M 	num_reg: 10  	lose cover RAM: 2016G
[    0.003041]  gran_size: 2M 	chunk_size: 32M 	num_reg: 10  	lose cover RAM: 1024G
[    0.003043]  gran_size: 2M 	chunk_size: 64M 	num_reg: 10  	lose cover RAM: 1024G
[    0.003044]  gran_size: 2M 	chunk_size: 128M 	num_reg: 10  	lose cover RAM: 1024G
[    0.003045]  gran_size: 2M 	chunk_size: 256M 	num_reg: 10  	lose cover RAM: 1024G
[    0.003047]  gran_size: 2M 	chunk_size: 512M 	num_reg: 10  	lose cover RAM: 1024G
[    0.003048]  gran_size: 2M 	chunk_size: 1G 	num_reg: 10  	lose cover RAM: 1024G
[    0.003049]  gran_size: 2M 	chunk_size: 2G 	num_reg: 10  	lose cover RAM: 1024G
[    0.003051]  gran_size: 4M 	chunk_size: 4M 	num_reg: 10  	lose cover RAM: 2016G
[    0.003053]  gran_size: 4M 	chunk_size: 8M 	num_reg: 10  	lose cover RAM: 2016G
[    0.003054]  gran_size: 4M 	chunk_size: 16M 	num_reg: 10  	lose cover RAM: 2016G
[    0.003055]  gran_size: 4M 	chunk_size: 32M 	num_reg: 10  	lose cover RAM: 1024G
[    0.003057]  gran_size: 4M 	chunk_size: 64M 	num_reg: 10  	lose cover RAM: 1024G
[    0.003058]  gran_size: 4M 	chunk_size: 128M 	num_reg: 10  	lose cover RAM: 1024G
[    0.003059]  gran_size: 4M 	chunk_size: 256M 	num_reg: 10  	lose cover RAM: 1024G
[    0.003060]  gran_size: 4M 	chunk_size: 512M 	num_reg: 10  	lose cover RAM: 1024G
[    0.003062]  gran_size: 4M 	chunk_size: 1G 	num_reg: 10  	lose cover RAM: 1024G
[    0.003063]  gran_size: 4M 	chunk_size: 2G 	num_reg: 10  	lose cover RAM: 1024G
[    0.003064]  gran_size: 8M 	chunk_size: 8M 	num_reg: 10  	lose cover RAM: 2016G
[    0.003066]  gran_size: 8M 	chunk_size: 16M 	num_reg: 10  	lose cover RAM: 2016G
[    0.003067]  gran_size: 8M 	chunk_size: 32M 	num_reg: 10  	lose cover RAM: 1024G
[    0.003068]  gran_size: 8M 	chunk_size: 64M 	num_reg: 10  	lose cover RAM: 1024G
[    0.003069]  gran_size: 8M 	chunk_size: 128M 	num_reg: 10  	lose cover RAM: 1024G
[    0.003071]  gran_size: 8M 	chunk_size: 256M 	num_reg: 10  	lose cover RAM: 1024G
[    0.003072]  gran_size: 8M 	chunk_size: 512M 	num_reg: 10  	lose cover RAM: 1024G
[    0.003073]  gran_size: 8M 	chunk_size: 1G 	num_reg: 10  	lose cover RAM: 1024G
[    0.003075]  gran_size: 8M 	chunk_size: 2G 	num_reg: 10  	lose cover RAM: 1024G
[    0.003076]  gran_size: 16M 	chunk_size: 16M 	num_reg: 10  	lose cover RAM: 2016G
[    0.003077]  gran_size: 16M 	chunk_size: 32M 	num_reg: 10  	lose cover RAM: 1024G
[    0.003079]  gran_size: 16M 	chunk_size: 64M 	num_reg: 10  	lose cover RAM: 1024G
[    0.003080]  gran_size: 16M 	chunk_size: 128M 	num_reg: 10  	lose cover RAM: 1024G
[    0.003081]  gran_size: 16M 	chunk_size: 256M 	num_reg: 10  	lose cover RAM: 1024G
[    0.003083]  gran_size: 16M 	chunk_size: 512M 	num_reg: 10  	lose cover RAM: 1024G
[    0.003084]  gran_size: 16M 	chunk_size: 1G 	num_reg: 10  	lose cover RAM: 1024G
[    0.003086]  gran_size: 16M 	chunk_size: 2G 	num_reg: 10  	lose cover RAM: 1024G
[    0.003087]  gran_size: 32M 	chunk_size: 32M 	num_reg: 10  	lose cover RAM: 2031632M
[    0.003089]  gran_size: 32M 	chunk_size: 64M 	num_reg: 10  	lose cover RAM: 1048592M
[    0.003090]  gran_size: 32M 	chunk_size: 128M 	num_reg: 10  	lose cover RAM: 1048592M
[    0.003091]  gran_size: 32M 	chunk_size: 256M 	num_reg: 10  	lose cover RAM: 1048592M
[    0.003093]  gran_size: 32M 	chunk_size: 512M 	num_reg: 10  	lose cover RAM: 1048592M
[    0.003094]  gran_size: 32M 	chunk_size: 1G 	num_reg: 10  	lose cover RAM: 1048592M
[    0.003095]  gran_size: 32M 	chunk_size: 2G 	num_reg: 10  	lose cover RAM: 1048592M
[    0.003097]  gran_size: 64M 	chunk_size: 64M 	num_reg: 10  	lose cover RAM: 1966128M
[    0.003098]  gran_size: 64M 	chunk_size: 128M 	num_reg: 10  	lose cover RAM: 1048624M
[    0.003099]  gran_size: 64M 	chunk_size: 256M 	num_reg: 10  	lose cover RAM: 1048624M
[    0.003101]  gran_size: 64M 	chunk_size: 512M 	num_reg: 10  	lose cover RAM: 1048624M
[    0.003102]  gran_size: 64M 	chunk_size: 1G 	num_reg: 10  	lose cover RAM: 1048624M
[    0.003103]  gran_size: 64M 	chunk_size: 2G 	num_reg: 10  	lose cover RAM: 1048624M
[    0.003104]  gran_size: 128M 	chunk_size: 128M 	num_reg: 10  	lose cover RAM: 1835120M
[    0.003106]  gran_size: 128M 	chunk_size: 256M 	num_reg: 10  	lose cover RAM: 1048688M
[    0.003107]  gran_size: 128M 	chunk_size: 512M 	num_reg: 10  	lose cover RAM: 1048688M
[    0.003109]  gran_size: 128M 	chunk_size: 1G 	num_reg: 10  	lose cover RAM: 1048688M
[    0.003110]  gran_size: 128M 	chunk_size: 2G 	num_reg: 10  	lose cover RAM: 1048688M
[    0.003111]  gran_size: 256M 	chunk_size: 256M 	num_reg: 10  	lose cover RAM: 1573104M
[    0.003113]  gran_size: 256M 	chunk_size: 512M 	num_reg: 10  	lose cover RAM: 1048816M
[    0.003114]  gran_size: 256M 	chunk_size: 1G 	num_reg: 10  	lose cover RAM: 1048816M
[    0.003116]  gran_size: 256M 	chunk_size: 2G 	num_reg: 10  	lose cover RAM: 1048816M
[    0.003117]  gran_size: 512M 	chunk_size: 512M 	num_reg: 10  	lose cover RAM: 1049072M
[    0.003118]  gran_size: 512M 	chunk_size: 1G 	num_reg: 10  	lose cover RAM: 1049072M
[    0.003119]  gran_size: 512M 	chunk_size: 2G 	num_reg: 10  	lose cover RAM: 1049072M
[    0.003121]  gran_size: 1G 	chunk_size: 1G 	num_reg: 10  	lose cover RAM: 1008M
[    0.003122]  gran_size: 1G 	chunk_size: 2G 	num_reg: 10  	lose cover RAM: 1008M
[    0.003123]  gran_size: 2G 	chunk_size: 2G 	num_reg: 9  	lose cover RAM: 2032M
[    0.003125] mtrr_cleanup: can not find optimal value
[    0.003126] please specify mtrr_gran_size/mtrr_chunk_size
[    0.003128] e820: update [mem 0x7f000000-0xffffffff] usable ==> reserved
[    0.003131] x2apic: enabled by BIOS, switching to x2apic ops
[    0.003132] last_pfn = 0x6f800 max_arch_pfn = 0x400000000
[    0.014559] Using GB pages for direct mapping
[    0.015968] Secure boot disabled
[    0.015969] RAMDISK: [mem 0x205de61000-0x207fffffff]
[    0.015974] ACPI: Early table checksum verification disabled
[    0.015976] ACPI: RSDP 0x000000006F7FE014 000024 (v02 DELL  )
[    0.015980] ACPI: XSDT 0x000000006F41C188 0000F4 (v01 DELL   PE_SC3   00000000 DELL 01000013)
[    0.015986] ACPI: FACP 0x000000006F430000 000114 (v06 DELL   PE_SC3   00000000 DELL 00000001)
[    0.015991] ACPI: DSDT 0x000000004B4CE000 07FAD3 (v02 DELL   PE_SC3   00000003 DELL 00000001)
[    0.015995] ACPI: FACS 0x000000006F2F2000 000040
[    0.015998] ACPI: SSDT 0x000000006F7FB000 00159A (v02 INTEL  RAS_ACPI 00000001 INTL 20210331)
[    0.016002] ACPI: SSDT 0x000000006F7FA000 000745 (v02 INTEL  ADDRXLAT 00000001 INTL 20210331)
[    0.016005] ACPI: MCEJ 0x000000006F7F9000 000130 (v01 INTEL           00000001 INTL 0100000D)
[    0.016009] ACPI: BERT 0x000000006F7F8000 000030 (v01 DELL   PE_SC3   00000001 INTL 00000001)
[    0.016012] ACPI: ERST 0x000000006F7F7000 000230 (v01 DELL   PE_SC3   00000001 INTL 00000001)
[    0.016015] ACPI: SSDT 0x000000006F431000 3C524E (v02 INTEL  SSDTNVDR 00001000 INTL 20210331)
[    0.016019] ACPI: HMAT 0x000000006F42F000 000210 (v01 DELL   PE_SC3   00000001 DELL 00000001)
[    0.016022] ACPI: HPET 0x000000006F42E000 000038 (v01 DELL   PE_SC3   00000001 DELL 00000001)
[    0.016026] ACPI: MCFG 0x000000006F42D000 00003C (v01 DELL   PE_SC3   00000001 DELL 00000001)
[    0.016029] ACPI: MIGT 0x000000006F42C000 000040 (v01 DELL   PE_SC3   00000000 DELL 00000001)
[    0.016032] ACPI: MSCT 0x000000006F42B000 000090 (v01 DELL   PE_SC3   00000001 DELL 00000001)
[    0.016036] ACPI: PMTT 0x000000006F429000 0011E8 (v02 DELL   PE_SC3   00000001 DELL 00000001)
[    0.016039] ACPI: WSMT 0x000000006F428000 000028 (v01 DELL   PE_SC3   00000000 DELL 00000001)
[    0.016042] ACPI: APIC 0x000000006F427000 00075E (v04 DELL   PE_SC3   00000000 DELL 00000001)
[    0.016046] ACPI: SLIT 0x000000006F426000 00003C (v01 DELL   PE_SC3   00000001 DELL 01000013)
[    0.016049] ACPI: SRAT 0x000000006F41F000 006430 (v03 DELL   PE_SC3   00000002 DELL 01000013)
[    0.016052] ACPI: OEM4 0x000000004B346000 187A61 (v02 INTEL  CPU  CST 00003000 INTL 20210331)
[    0.016056] ACPI: SSDT 0x000000004B2CF000 0764A5 (v02 INTEL  SSDT  PM 00004000 INTL 20210331)
[    0.016059] ACPI: SSDT 0x000000006F41E000 000A1F (v02 DELL   PE_SC3   00000000 DELL 00000001)
[    0.016062] ACPI: HEST 0x000000006F41D000 00017C (v01 DELL   PE_SC3   00000001 INTL 00000001)
[    0.016066] ACPI: PCAT 0x000000006F41B000 00010C (v19 DELL   PE_SC3   00000002 DELL 00000001)
[    0.016069] ACPI: SSDT 0x000000006F413000 007299 (v02 INTEL  SpsNm    00000002 INTL 20210331)
[    0.016073] ACPI: SSDT 0x000000006F412000 000426 (v02 DELL   PE_SC3   00000002 DELL 00000001)
[    0.016076] ACPI: NFIT 0x000000006F7FD000 000488 (v01 DELL   PE_SC3   00000002 DELL 00000001)
[    0.016079] ACPI: DMAR 0x000000006F411000 000158 (v01 DELL   PE_SC3   00000001 DELL 00000001)
[    0.016082] ACPI: Reserving FACP table memory at [mem 0x6f430000-0x6f430113]
[    0.016084] ACPI: Reserving DSDT table memory at [mem 0x4b4ce000-0x4b54dad2]
[    0.016085] ACPI: Reserving FACS table memory at [mem 0x6f2f2000-0x6f2f203f]
[    0.016086] ACPI: Reserving SSDT table memory at [mem 0x6f7fb000-0x6f7fc599]
[    0.016087] ACPI: Reserving SSDT table memory at [mem 0x6f7fa000-0x6f7fa744]
[    0.016088] ACPI: Reserving MCEJ table memory at [mem 0x6f7f9000-0x6f7f912f]
[    0.016089] ACPI: Reserving BERT table memory at [mem 0x6f7f8000-0x6f7f802f]
[    0.016089] ACPI: Reserving ERST table memory at [mem 0x6f7f7000-0x6f7f722f]
[    0.016090] ACPI: Reserving SSDT table memory at [mem 0x6f431000-0x6f7f624d]
[    0.016091] ACPI: Reserving HMAT table memory at [mem 0x6f42f000-0x6f42f20f]
[    0.016092] ACPI: Reserving HPET table memory at [mem 0x6f42e000-0x6f42e037]
[    0.016093] ACPI: Reserving MCFG table memory at [mem 0x6f42d000-0x6f42d03b]
[    0.016094] ACPI: Reserving MIGT table memory at [mem 0x6f42c000-0x6f42c03f]
[    0.016095] ACPI: Reserving MSCT table memory at [mem 0x6f42b000-0x6f42b08f]
[    0.016096] ACPI: Reserving PMTT table memory at [mem 0x6f429000-0x6f42a1e7]
[    0.016097] ACPI: Reserving WSMT table memory at [mem 0x6f428000-0x6f428027]
[    0.016098] ACPI: Reserving APIC table memory at [mem 0x6f427000-0x6f42775d]
[    0.016099] ACPI: Reserving SLIT table memory at [mem 0x6f426000-0x6f42603b]
[    0.016099] ACPI: Reserving SRAT table memory at [mem 0x6f41f000-0x6f42542f]
[    0.016100] ACPI: Reserving OEM4 table memory at [mem 0x4b346000-0x4b4cda60]
[    0.016101] ACPI: Reserving SSDT table memory at [mem 0x4b2cf000-0x4b3454a4]
[    0.016102] ACPI: Reserving SSDT table memory at [mem 0x6f41e000-0x6f41ea1e]
[    0.016103] ACPI: Reserving HEST table memory at [mem 0x6f41d000-0x6f41d17b]
[    0.016104] ACPI: Reserving PCAT table memory at [mem 0x6f41b000-0x6f41b10b]
[    0.016105] ACPI: Reserving SSDT table memory at [mem 0x6f413000-0x6f41a298]
[    0.016106] ACPI: Reserving SSDT table memory at [mem 0x6f412000-0x6f412425]
[    0.016107] ACPI: Reserving NFIT table memory at [mem 0x6f7fd000-0x6f7fd487]
[    0.016108] ACPI: Reserving DMAR table memory at [mem 0x6f411000-0x6f411157]
[    0.016118] Setting APIC routing to cluster x2apic.
[    0.016165] SRAT: PXM 0 -> APIC 0x0000 -> Node 0
[    0.016167] SRAT: PXM 0 -> APIC 0x0001 -> Node 0
[    0.016167] SRAT: PXM 0 -> APIC 0x0002 -> Node 0
[    0.016168] SRAT: PXM 0 -> APIC 0x0003 -> Node 0
[    0.016169] SRAT: PXM 0 -> APIC 0x0004 -> Node 0
[    0.016169] SRAT: PXM 0 -> APIC 0x0005 -> Node 0
[    0.016170] SRAT: PXM 0 -> APIC 0x0006 -> Node 0
[    0.016170] SRAT: PXM 0 -> APIC 0x0007 -> Node 0
[    0.016171] SRAT: PXM 0 -> APIC 0x0008 -> Node 0
[    0.016172] SRAT: PXM 0 -> APIC 0x0009 -> Node 0
[    0.016172] SRAT: PXM 0 -> APIC 0x000a -> Node 0
[    0.016173] SRAT: PXM 0 -> APIC 0x000b -> Node 0
[    0.016174] SRAT: PXM 0 -> APIC 0x000c -> Node 0
[    0.016174] SRAT: PXM 0 -> APIC 0x000d -> Node 0
[    0.016175] SRAT: PXM 0 -> APIC 0x000e -> Node 0
[    0.016176] SRAT: PXM 0 -> APIC 0x000f -> Node 0
[    0.016176] SRAT: PXM 0 -> APIC 0x0010 -> Node 0
[    0.016177] SRAT: PXM 0 -> APIC 0x0011 -> Node 0
[    0.016178] SRAT: PXM 0 -> APIC 0x0012 -> Node 0
[    0.016178] SRAT: PXM 0 -> APIC 0x0013 -> Node 0
[    0.016179] SRAT: PXM 0 -> APIC 0x0014 -> Node 0
[    0.016180] SRAT: PXM 0 -> APIC 0x0015 -> Node 0
[    0.016180] SRAT: PXM 0 -> APIC 0x0016 -> Node 0
[    0.016181] SRAT: PXM 0 -> APIC 0x0017 -> Node 0
[    0.016182] SRAT: PXM 0 -> APIC 0x0018 -> Node 0
[    0.016182] SRAT: PXM 0 -> APIC 0x0019 -> Node 0
[    0.016183] SRAT: PXM 0 -> APIC 0x001a -> Node 0
[    0.016184] SRAT: PXM 0 -> APIC 0x001b -> Node 0
[    0.016184] SRAT: PXM 0 -> APIC 0x001c -> Node 0
[    0.016185] SRAT: PXM 0 -> APIC 0x001d -> Node 0
[    0.016186] SRAT: PXM 0 -> APIC 0x001e -> Node 0
[    0.016186] SRAT: PXM 0 -> APIC 0x001f -> Node 0
[    0.016187] SRAT: PXM 0 -> APIC 0x0020 -> Node 0
[    0.016188] SRAT: PXM 0 -> APIC 0x0021 -> Node 0
[    0.016188] SRAT: PXM 0 -> APIC 0x0022 -> Node 0
[    0.016189] SRAT: PXM 0 -> APIC 0x0023 -> Node 0
[    0.016189] SRAT: PXM 0 -> APIC 0x0024 -> Node 0
[    0.016190] SRAT: PXM 0 -> APIC 0x0025 -> Node 0
[    0.016191] SRAT: PXM 0 -> APIC 0x0026 -> Node 0
[    0.016191] SRAT: PXM 0 -> APIC 0x0027 -> Node 0
[    0.016192] SRAT: PXM 0 -> APIC 0x0028 -> Node 0
[    0.016193] SRAT: PXM 0 -> APIC 0x0029 -> Node 0
[    0.016193] SRAT: PXM 0 -> APIC 0x002a -> Node 0
[    0.016194] SRAT: PXM 0 -> APIC 0x002b -> Node 0
[    0.016195] SRAT: PXM 0 -> APIC 0x002c -> Node 0
[    0.016195] SRAT: PXM 0 -> APIC 0x002d -> Node 0
[    0.016196] SRAT: PXM 0 -> APIC 0x002e -> Node 0
[    0.016197] SRAT: PXM 0 -> APIC 0x002f -> Node 0
[    0.016197] SRAT: PXM 0 -> APIC 0x0030 -> Node 0
[    0.016198] SRAT: PXM 0 -> APIC 0x0031 -> Node 0
[    0.016199] SRAT: PXM 0 -> APIC 0x0032 -> Node 0
[    0.016199] SRAT: PXM 0 -> APIC 0x0033 -> Node 0
[    0.016200] SRAT: PXM 0 -> APIC 0x0034 -> Node 0
[    0.016201] SRAT: PXM 0 -> APIC 0x0035 -> Node 0
[    0.016201] SRAT: PXM 0 -> APIC 0x0036 -> Node 0
[    0.016202] SRAT: PXM 0 -> APIC 0x0037 -> Node 0
[    0.016203] SRAT: PXM 1 -> APIC 0x0080 -> Node 1
[    0.016203] SRAT: PXM 1 -> APIC 0x0081 -> Node 1
[    0.016204] SRAT: PXM 1 -> APIC 0x0082 -> Node 1
[    0.016205] SRAT: PXM 1 -> APIC 0x0083 -> Node 1
[    0.016205] SRAT: PXM 1 -> APIC 0x0084 -> Node 1
[    0.016206] SRAT: PXM 1 -> APIC 0x0085 -> Node 1
[    0.016207] SRAT: PXM 1 -> APIC 0x0086 -> Node 1
[    0.016207] SRAT: PXM 1 -> APIC 0x0087 -> Node 1
[    0.016208] SRAT: PXM 1 -> APIC 0x0088 -> Node 1
[    0.016209] SRAT: PXM 1 -> APIC 0x0089 -> Node 1
[    0.016209] SRAT: PXM 1 -> APIC 0x008a -> Node 1
[    0.016210] SRAT: PXM 1 -> APIC 0x008b -> Node 1
[    0.016211] SRAT: PXM 1 -> APIC 0x008c -> Node 1
[    0.016211] SRAT: PXM 1 -> APIC 0x008d -> Node 1
[    0.016212] SRAT: PXM 1 -> APIC 0x008e -> Node 1
[    0.016213] SRAT: PXM 1 -> APIC 0x008f -> Node 1
[    0.016213] SRAT: PXM 1 -> APIC 0x0090 -> Node 1
[    0.016214] SRAT: PXM 1 -> APIC 0x0091 -> Node 1
[    0.016215] SRAT: PXM 1 -> APIC 0x0092 -> Node 1
[    0.016215] SRAT: PXM 1 -> APIC 0x0093 -> Node 1
[    0.016216] SRAT: PXM 1 -> APIC 0x0094 -> Node 1
[    0.016217] SRAT: PXM 1 -> APIC 0x0095 -> Node 1
[    0.016217] SRAT: PXM 1 -> APIC 0x0096 -> Node 1
[    0.016218] SRAT: PXM 1 -> APIC 0x0097 -> Node 1
[    0.016219] SRAT: PXM 1 -> APIC 0x0098 -> Node 1
[    0.016219] SRAT: PXM 1 -> APIC 0x0099 -> Node 1
[    0.016220] SRAT: PXM 1 -> APIC 0x009a -> Node 1
[    0.016220] SRAT: PXM 1 -> APIC 0x009b -> Node 1
[    0.016221] SRAT: PXM 1 -> APIC 0x009c -> Node 1
[    0.016222] SRAT: PXM 1 -> APIC 0x009d -> Node 1
[    0.016222] SRAT: PXM 1 -> APIC 0x009e -> Node 1
[    0.016223] SRAT: PXM 1 -> APIC 0x009f -> Node 1
[    0.016224] SRAT: PXM 1 -> APIC 0x00a0 -> Node 1
[    0.016224] SRAT: PXM 1 -> APIC 0x00a1 -> Node 1
[    0.016225] SRAT: PXM 1 -> APIC 0x00a2 -> Node 1
[    0.016226] SRAT: PXM 1 -> APIC 0x00a3 -> Node 1
[    0.016226] SRAT: PXM 1 -> APIC 0x00a4 -> Node 1
[    0.016227] SRAT: PXM 1 -> APIC 0x00a5 -> Node 1
[    0.016228] SRAT: PXM 1 -> APIC 0x00a6 -> Node 1
[    0.016228] SRAT: PXM 1 -> APIC 0x00a7 -> Node 1
[    0.016229] SRAT: PXM 1 -> APIC 0x00a8 -> Node 1
[    0.016230] SRAT: PXM 1 -> APIC 0x00a9 -> Node 1
[    0.016230] SRAT: PXM 1 -> APIC 0x00aa -> Node 1
[    0.016231] SRAT: PXM 1 -> APIC 0x00ab -> Node 1
[    0.016231] SRAT: PXM 1 -> APIC 0x00ac -> Node 1
[    0.016232] SRAT: PXM 1 -> APIC 0x00ad -> Node 1
[    0.016233] SRAT: PXM 1 -> APIC 0x00ae -> Node 1
[    0.016233] SRAT: PXM 1 -> APIC 0x00af -> Node 1
[    0.016234] SRAT: PXM 1 -> APIC 0x00b0 -> Node 1
[    0.016235] SRAT: PXM 1 -> APIC 0x00b1 -> Node 1
[    0.016235] SRAT: PXM 1 -> APIC 0x00b2 -> Node 1
[    0.016236] SRAT: PXM 1 -> APIC 0x00b3 -> Node 1
[    0.016237] SRAT: PXM 1 -> APIC 0x00b4 -> Node 1
[    0.016237] SRAT: PXM 1 -> APIC 0x00b5 -> Node 1
[    0.016238] SRAT: PXM 1 -> APIC 0x00b6 -> Node 1
[    0.016239] SRAT: PXM 1 -> APIC 0x00b7 -> Node 1
[    0.016251] ACPI: SRAT: Node 0 PXM 0 [mem 0x00000000-0x7fffffff]
[    0.016253] ACPI: SRAT: Node 0 PXM 0 [mem 0x100000000-0x107fffffff]
[    0.016254] ACPI: SRAT: Node 2 PXM 2 [mem 0x2080000000-0x9e7fffffff] non-volatile
[    0.016255] ACPI: SRAT: Node 1 PXM 1 [mem 0x1080000000-0x207fffffff]
[    0.016256] ACPI: SRAT: Node 3 PXM 3 [mem 0x9e80000000-0x11c7fffffff] non-volatile
[    0.016266] NUMA: Initialized distance table, cnt=4
[    0.016269] NUMA: Node 0 [mem 0x00000000-0x7fffffff] + [mem 0x100000000-0x107fffffff] -> [mem 0x00000000-0x107fffffff]
[    0.016278] NODE_DATA(0) allocated [mem 0xffffd5000-0xfffffffff]
[    0.016297] NODE_DATA(1) allocated [mem 0x205de33000-0x205de5dfff]
[    0.016471] Zone ranges:
[    0.016471]   DMA      [mem 0x0000000000001000-0x0000000000ffffff]
[    0.016474]   DMA32    [mem 0x0000000001000000-0x00000000ffffffff]
[    0.016475]   Normal   [mem 0x0000000100000000-0x000000207fffffff]
[    0.016477]   Device   empty
[    0.016478] Movable zone start for each node
[    0.016481] Early memory node ranges
[    0.016482]   node   0: [mem 0x0000000000001000-0x000000000008efff]
[    0.016483]   node   0: [mem 0x0000000000090000-0x000000000009ffff]
[    0.016484]   node   0: [mem 0x0000000000100000-0x0000000049e76fff]
[    0.016485]   node   0: [mem 0x000000004ae77000-0x000000004b2cefff]
[    0.016486]   node   0: [mem 0x000000004b54e000-0x000000004bd93fff]
[    0.016487]   node   0: [mem 0x000000004be9a000-0x000000004cdfffff]
[    0.016488]   node   0: [mem 0x000000004d000000-0x000000005eefdfff]
[    0.016488]   node   0: [mem 0x000000006f7ff000-0x000000006f7fffff]
[    0.016489]   node   0: [mem 0x0000000b41000000-0x0000000fffffffff]
[    0.016491]   node   1: [mem 0x0000001ec0000000-0x000000207fffffff]
[    0.016493] Initmem setup node 0 [mem 0x0000000000001000-0x0000000fffffffff]
[    0.016495] Initmem setup node 1 [mem 0x0000001ec0000000-0x000000207fffffff]
[    0.016497] Initializing node 2 as memoryless
[    0.016519] Initmem setup node 2 as memoryless
[    0.016519] Initializing node 3 as memoryless
[    0.016543] Initmem setup node 3 as memoryless
[    0.016545] On node 0, zone DMA: 1 pages in unavailable ranges
[    0.016547] On node 0, zone DMA: 1 pages in unavailable ranges
[    0.016576] On node 0, zone DMA: 96 pages in unavailable ranges
[    0.018727] On node 0, zone DMA32: 4096 pages in unavailable ranges
[    0.018748] On node 0, zone DMA32: 639 pages in unavailable ranges
[    0.018782] On node 0, zone DMA32: 262 pages in unavailable ranges
[    0.019309] On node 0, zone DMA32: 512 pages in unavailable ranges
[    0.019588] On node 0, zone DMA32: 35073 pages in unavailable ranges
[    0.055378] On node 0, zone Normal: 6144 pages in unavailable ranges
[    0.069673] ACPI: PM-Timer IO Port: 0x508
[    0.069692] ACPI: X2APIC_NMI (uid[0xffffffff] high edge lint[0x1])
[    0.069695] ACPI: LAPIC_NMI (acpi_id[0xff] high edge lint[0x1])
[    0.069714] IOAPIC[0]: apic_id 8, version 32, address 0xfec00000, GSI 0-119
[    0.069717] ACPI: INT_SRC_OVR (bus 0 bus_irq 0 global_irq 2 dfl dfl)
[    0.069719] ACPI: INT_SRC_OVR (bus 0 bus_irq 9 global_irq 9 high level)
[    0.069723] ACPI: Using ACPI (MADT) for SMP configuration information
[    0.069725] ACPI: HPET id: 0x8086a701 base: 0xfed00000
[    0.069729] TSC deadline timer available
[    0.069730] smpboot: Allowing 112 CPUs, 0 hotplug CPUs
[    0.069759] PM: hibernation: Registered nosave memory: [mem 0x00000000-0x00000fff]
[    0.069762] PM: hibernation: Registered nosave memory: [mem 0x0008f000-0x0008ffff]
[    0.069764] PM: hibernation: Registered nosave memory: [mem 0x000a0000-0x000fffff]
[    0.069765] PM: hibernation: Registered nosave memory: [mem 0x46cc4000-0x46cc4fff]
[    0.069767] PM: hibernation: Registered nosave memory: [mem 0x46cf5000-0x46cf5fff]
[    0.069768] PM: hibernation: Registered nosave memory: [mem 0x46cf6000-0x46cf6fff]
[    0.069770] PM: hibernation: Registered nosave memory: [mem 0x46d28000-0x46d28fff]
[    0.069771] PM: hibernation: Registered nosave memory: [mem 0x46d29000-0x46d29fff]
[    0.069773] PM: hibernation: Registered nosave memory: [mem 0x46d5b000-0x46d5bfff]
[    0.069773] PM: hibernation: Registered nosave memory: [mem 0x46d5c000-0x46d5cfff]
[    0.069775] PM: hibernation: Registered nosave memory: [mem 0x46d64000-0x46d64fff]
[    0.069777] PM: hibernation: Registered nosave memory: [mem 0x49e77000-0x4ae76fff]
[    0.069779] PM: hibernation: Registered nosave memory: [mem 0x4b2cf000-0x4b54dfff]
[    0.069780] PM: hibernation: Registered nosave memory: [mem 0x4bd94000-0x4be99fff]
[    0.069782] PM: hibernation: Registered nosave memory: [mem 0x4ce00000-0x4cffffff]
[    0.069784] PM: hibernation: Registered nosave memory: [mem 0x5eefe000-0x6e3fefff]
[    0.069785] PM: hibernation: Registered nosave memory: [mem 0x6e3ff000-0x6f3fefff]
[    0.069786] PM: hibernation: Registered nosave memory: [mem 0x6f3ff000-0x6f7fefff]
[    0.069788] PM: hibernation: Registered nosave memory: [mem 0x6f800000-0x8fffffff]
[    0.069788] PM: hibernation: Registered nosave memory: [mem 0x90000000-0xfdffffff]
[    0.069789] PM: hibernation: Registered nosave memory: [mem 0xfe000000-0xfe010fff]
[    0.069790] PM: hibernation: Registered nosave memory: [mem 0xfe011000-0xffffffff]
[    0.069791] PM: hibernation: Registered nosave memory: [mem 0x100000000-0xb40ffffff]
[    0.069792] PM: hibernation: Registered nosave memory: [mem 0x1000000000-0x1ebfffffff]
[    0.069795] [mem 0x90000000-0xfdffffff] available for PCI devices
[    0.069796] Booting paravirtualized kernel on bare hardware
[    0.069799] clocksource: refined-jiffies: mask: 0xffffffff max_cycles: 0xffffffff, max_idle_ns: 7645519600211568 ns
[    0.069805] setup_percpu: NR_CPUS:8192 nr_cpumask_bits:112 nr_cpu_ids:112 nr_node_ids:4
[    0.074561] percpu: Embedded 61 pages/cpu s212992 r8192 d28672 u262144
[    0.074573] pcpu-alloc: s212992 r8192 d28672 u262144 alloc=1*2097152
[    0.074576] pcpu-alloc: [0] 000 002 004 006 008 010 012 014 
[    0.074582] pcpu-alloc: [0] 016 018 020 022 024 026 028 030 
[    0.074587] pcpu-alloc: [0] 032 034 036 038 040 042 044 046 
[    0.074592] pcpu-alloc: [0] 048 050 052 054 056 058 060 062 
[    0.074596] pcpu-alloc: [0] 064 066 068 070 072 074 076 078 
[    0.074601] pcpu-alloc: [0] 080 082 084 086 088 090 092 094 
[    0.074605] pcpu-alloc: [0] 096 098 100 102 104 106 108 110 
[    0.074610] pcpu-alloc: [1] 001 003 005 007 009 011 013 015 
[    0.074615] pcpu-alloc: [1] 017 019 021 023 025 027 029 031 
[    0.074619] pcpu-alloc: [1] 033 035 037 039 041 043 045 047 
[    0.074623] pcpu-alloc: [1] 049 051 053 055 057 059 061 063 
[    0.074628] pcpu-alloc: [1] 065 067 069 071 073 075 077 079 
[    0.074632] pcpu-alloc: [1] 081 083 085 087 089 091 093 095 
[    0.074637] pcpu-alloc: [1] 097 099 101 103 105 107 109 111 
[    0.074684] Fallback order for Node 0: 0 1 
[    0.074687] Fallback order for Node 1: 1 0 
[    0.074690] Fallback order for Node 2: 2 0 1 
[    0.074693] Fallback order for Node 3: 3 1 0 
[    0.074701] Built 2 zonelists, mobility grouping on.  Total pages: 7081300
[    0.074702] Policy zone: Normal
[    0.074704] Kernel command line: BOOT_IMAGE=/boot/vmlinuz-5.18.0 root=UUID=ce0c24b8-724b-4f33-9b2c-618433560aef ro memmap=42000M!4096M memmap=59G!64G quiet splash nomodeset vt.handoff=1
[    0.074829] Booted with the nomodeset parameter. Only the system framebuffer will be available
[    0.074851] Unknown kernel command line parameters "splash BOOT_IMAGE=/boot/vmlinuz-5.18.0", will be passed to user space.
[    0.074852] printk: log_buf_len individual max cpu contribution: 4096 bytes
[    0.074853] printk: log_buf_len total cpu_extra contributions: 454656 bytes
[    0.074854] printk: log_buf_len min size: 262144 bytes
[    0.075830] printk: log_buf_len: 1048576 bytes
[    0.075831] printk: early log buf free: 223672(85%)
[    0.077740] mem auto-init: stack:off, heap alloc:on, heap free:off
[    0.151250] Memory: 27498412K/28779616K available (16392K kernel code, 3615K rwdata, 10444K rodata, 2688K init, 5836K bss, 1280944K reserved, 0K cma-reserved)
[    0.151255] random: get_random_u64 called from __kmem_cache_create+0x2d/0x480 with crng_init=0
[    0.151922] SLUB: HWalign=64, Order=0-3, MinObjects=0, CPUs=112, Nodes=4
[    0.151954] ftrace: allocating 48795 entries in 191 pages
[    0.160506] ftrace: allocated 191 pages with 7 groups
[    0.161485] Dynamic Preempt: voluntary
[    0.161821] rcu: Preemptible hierarchical RCU implementation.
[    0.161821] rcu: 	RCU restricting CPUs from NR_CPUS=8192 to nr_cpu_ids=112.
[    0.161823] 	Trampoline variant of Tasks RCU enabled.
[    0.161824] 	Rude variant of Tasks RCU enabled.
[    0.161824] 	Tracing variant of Tasks RCU enabled.
[    0.161825] rcu: RCU calculated value of scheduler-enlistment delay is 25 jiffies.
[    0.161826] rcu: Adjusting geometry for rcu_fanout_leaf=16, nr_cpu_ids=112
[    0.165630] NR_IRQS: 524544, nr_irqs: 2952, preallocated irqs: 16
[    0.165988] random: crng init done (trusting CPU's manufacturer)
[    0.166124] Console: colour dummy device 80x25
[    0.166159] printk: console [tty0] enabled
[    0.166357] mempolicy: Enabling automatic NUMA balancing. Configure with numa_balancing= or the kernel.numa_balancing sysctl
[    0.166361] ACPI: Core revision 20211217
[    0.169771] clocksource: hpet: mask: 0xffffffff max_cycles: 0xffffffff, max_idle_ns: 79635855245 ns
[    0.169815] APIC: Switch to symmetric I/O mode setup
[    0.169817] DMAR: Host address width 46
[    0.169818] DMAR: DRHD base: 0x000000d0ffc000 flags: 0x0
[    0.169823] DMAR: dmar0: reg_base_addr d0ffc000 ver 4:0 cap 8ed008c40780466 ecap 60000f050df
[    0.169826] DMAR: DRHD base: 0x000000dbbfc000 flags: 0x0
[    0.169828] DMAR: dmar1: reg_base_addr dbbfc000 ver 4:0 cap 8ed008c40780466 ecap 60000f050df
[    0.169831] DMAR: DRHD base: 0x000000e67fc000 flags: 0x0
[    0.169834] DMAR: dmar2: reg_base_addr e67fc000 ver 4:0 cap 8ed008c40780466 ecap 60000f050df
[    0.169837] DMAR: DRHD base: 0x000000f13fc000 flags: 0x0
[    0.169839] DMAR: dmar3: reg_base_addr f13fc000 ver 4:0 cap 8ed008c40780466 ecap 60000f050df
[    0.169841] DMAR: DRHD base: 0x000000fb7fc000 flags: 0x0
[    0.169844] DMAR: dmar4: reg_base_addr fb7fc000 ver 4:0 cap 8ed008c40780466 ecap 60000f050df
[    0.169846] DMAR: DRHD base: 0x000000a63fc000 flags: 0x0
[    0.169848] DMAR: dmar5: reg_base_addr a63fc000 ver 4:0 cap 8ed008c40780466 ecap 60000f050df
[    0.169850] DMAR: DRHD base: 0x000000b0ffc000 flags: 0x0
[    0.169856] DMAR: dmar6: reg_base_addr b0ffc000 ver 4:0 cap 8ed008c40780466 ecap 60000f050df
[    0.169858] DMAR: DRHD base: 0x000000bbbfc000 flags: 0x0
[    0.169860] DMAR: dmar7: reg_base_addr bbbfc000 ver 4:0 cap 8ed008c40780466 ecap 60000f050df
[    0.169862] DMAR: DRHD base: 0x000000c5ffc000 flags: 0x0
[    0.169865] DMAR: dmar8: reg_base_addr c5ffc000 ver 4:0 cap 8ed008c40780466 ecap 60000f050df
[    0.169867] DMAR: DRHD base: 0x0000009b7fc000 flags: 0x1
[    0.169869] DMAR: dmar9: reg_base_addr 9b7fc000 ver 4:0 cap 8ed008c40780466 ecap 60000f050df
[    0.169871] DMAR: RMRR base: 0x00000069427000 end: 0x00000069429fff
[    0.169873] DMAR: ATSR flags: 0x0
[    0.169875] DMAR-IR: IOAPIC id 8 under DRHD base  0x9b7fc000 IOMMU 9
[    0.169877] DMAR-IR: HPET id 0 under DRHD base 0x9b7fc000
[    0.169878] DMAR-IR: Queued invalidation will be enabled to support x2apic and Intr-remapping.
[    0.172714] DMAR-IR: Enabled IRQ remapping in x2apic mode
[    0.175346] ..TIMER: vector=0x30 apic1=0 pin1=2 apic2=-1 pin2=-1
[    0.193745] clocksource: tsc-early: mask: 0xffffffffffffffff max_cycles: 0x39a85c9bff6, max_idle_ns: 881590591483 ns
[    0.193751] Calibrating delay loop (skipped), value calculated using timer frequency.. 4000.00 BogoMIPS (lpj=8000000)
[    0.193754] pid_max: default: 114688 minimum: 896
[    0.197632] LSM: Security Framework initializing
[    0.197658] Yama: becoming mindful.
[    0.197708] AppArmor: AppArmor initialized
[    0.201655] Dentry cache hash table entries: 4194304 (order: 13, 33554432 bytes, vmalloc hugepage)
[    0.203679] Inode-cache hash table entries: 2097152 (order: 12, 16777216 bytes, vmalloc hugepage)
[    0.203790] Mount-cache hash table entries: 65536 (order: 7, 524288 bytes, vmalloc)
[    0.203859] Mountpoint-cache hash table entries: 65536 (order: 7, 524288 bytes, vmalloc)
[    0.204408] x86/tme: not enabled by BIOS
[    0.204418] CPU0: Thermal monitoring enabled (TM1)
[    0.204420] x86/cpu: User Mode Instruction Prevention (UMIP) activated
[    0.204655] process: using mwait in idle threads
[    0.204657] Last level iTLB entries: 4KB 0, 2MB 0, 4MB 0
[    0.204658] Last level dTLB entries: 4KB 0, 2MB 0, 4MB 0, 1GB 0
[    0.204664] Spectre V1 : Mitigation: usercopy/swapgs barriers and __user pointer sanitization
[    0.204666] Spectre V2 : WARNING: Unprivileged eBPF is enabled with eIBRS on, data leaks possible via Spectre v2 BHB attacks!
[    0.204671] Spectre V2 : Mitigation: Enhanced IBRS
[    0.204672] Spectre V2 : Spectre v2 / SpectreRSB mitigation: Filling RSB on context switch
[    0.204674] Spectre V2 : mitigation: Enabling conditional Indirect Branch Prediction Barrier
[    0.204675] Speculative Store Bypass: Mitigation: Speculative Store Bypass disabled via prctl
[    0.209848] Freeing SMP alternatives memory: 40K
[    0.213889] smpboot: Estimated ratio of average max frequency by base frequency (times 1024): 1433
[    0.213904] smpboot: CPU0: Intel(R) Xeon(R) Gold 6330 CPU @ 2.00GHz (family: 0x6, model: 0x6a, stepping: 0x6)
[    0.214115] cblist_init_generic: Setting adjustable number of callback queues.
[    0.214130] cblist_init_generic: Setting shift to 7 and lim to 1.
[    0.214156] cblist_init_generic: Setting shift to 7 and lim to 1.
[    0.214184] cblist_init_generic: Setting shift to 7 and lim to 1.
[    0.214195] Performance Events: PEBS fmt4+-baseline,  AnyThread deprecated, Icelake events, 32-deep LBR, full-width counters, Intel PMU driver.
[    0.214231] ... version:                5
[    0.214232] ... bit width:              48
[    0.214233] ... generic registers:      8
[    0.214234] ... value mask:             0000ffffffffffff
[    0.214235] ... max period:             00007fffffffffff
[    0.214235] ... fixed-purpose events:   4
[    0.214236] ... event mask:             0001000f000000ff
[    0.214390] rcu: Hierarchical SRCU implementation.
[    0.221554] NMI watchdog: Enabled. Permanently consumes one hw-PMU counter.
[    0.222667] smp: Bringing up secondary CPUs ...
[    0.222794] x86: Booting SMP configuration:
[    0.222795] .... node  #1, CPUs:          #1
[    0.007767] smpboot: CPU 1 Converting physical 0 to logical die 1

[    0.309871] .... node  #0, CPUs:     #2
[    0.315250] .... node  #1, CPUs:     #3
[    0.320697] .... node  #0, CPUs:     #4
[    0.326084] .... node  #1, CPUs:     #5
[    0.331487] .... node  #0, CPUs:     #6
[    0.337096] .... node  #1, CPUs:     #7
[    0.342687] .... node  #0, CPUs:     #8
[    0.347990] .... node  #1, CPUs:     #9
[    0.353856] .... node  #0, CPUs:    #10
[    0.359467] .... node  #1, CPUs:    #11
[    0.365220] .... node  #0, CPUs:    #12
[    0.370749] .... node  #1, CPUs:    #13
[    0.376124] .... node  #0, CPUs:    #14
[    0.381372] .... node  #1, CPUs:    #15
[    0.386702] .... node  #0, CPUs:    #16
[    0.391998] .... node  #1, CPUs:    #17
[    0.397324] .... node  #0, CPUs:    #18
[    0.402587] .... node  #1, CPUs:    #19
[    0.408255] .... node  #0, CPUs:    #20
[    0.413754] .... node  #1, CPUs:    #21
[    0.419135] .... node  #0, CPUs:    #22
[    0.424589] .... node  #1, CPUs:    #23
[    0.429870] .... node  #0, CPUs:    #24
[    0.435510] .... node  #1, CPUs:    #25
[    0.440871] .... node  #0, CPUs:    #26
[    0.446108] .... node  #1, CPUs:    #27
[    0.451431] .... node  #0, CPUs:    #28
[    0.456960] .... node  #1, CPUs:    #29
[    0.462270] .... node  #0, CPUs:    #30
[    0.467518] .... node  #1, CPUs:    #31
[    0.473023] .... node  #0, CPUs:    #32
[    0.478321] .... node  #1, CPUs:    #33
[    0.483706] .... node  #0, CPUs:    #34
[    0.489166] .... node  #1, CPUs:    #35
[    0.494487] .... node  #0, CPUs:    #36
[    0.499720] .... node  #1, CPUs:    #37
[    0.505048] .... node  #0, CPUs:    #38
[    0.510627] .... node  #1, CPUs:    #39
[    0.516180] .... node  #0, CPUs:    #40
[    0.521917] .... node  #1, CPUs:    #41
[    0.527568] .... node  #0, CPUs:    #42
[    0.532903] .... node  #1, CPUs:    #43
[    0.538552] .... node  #0, CPUs:    #44
[    0.543932] .... node  #1, CPUs:    #45
[    0.549418] .... node  #0, CPUs:    #46
[    0.554975] .... node  #1, CPUs:    #47
[    0.560430] .... node  #0, CPUs:    #48
[    0.565916] .... node  #1, CPUs:    #49
[    0.571229] .... node  #0, CPUs:    #50
[    0.576747] .... node  #1, CPUs:    #51
[    0.582396] .... node  #0, CPUs:    #52
[    0.587881] .... node  #1, CPUs:    #53
[    0.593491] .... node  #0, CPUs:    #54
[    0.599197] .... node  #1, CPUs:    #55
[    0.605023] .... node  #0, CPUs:    #56
[    0.611186] .... node  #1, CPUs:    #57
[    0.617118] .... node  #0, CPUs:    #58
[    0.622539] .... node  #1, CPUs:    #59
[    0.627999] .... node  #0, CPUs:    #60
[    0.633408] .... node  #1, CPUs:    #61
[    0.638833] .... node  #0, CPUs:    #62
[    0.644435] .... node  #1, CPUs:    #63
[    0.650046] .... node  #0, CPUs:    #64
[    0.655364] .... node  #1, CPUs:    #65
[    0.661132] .... node  #0, CPUs:    #66
[    0.666888] .... node  #1, CPUs:    #67
[    0.672656] .... node  #0, CPUs:    #68
[    0.678214] .... node  #1, CPUs:    #69
[    0.683610] .... node  #0, CPUs:    #70
[    0.688870] .... node  #1, CPUs:    #71
[    0.694216] .... node  #0, CPUs:    #72
[    0.699521] .... node  #1, CPUs:    #73
[    0.704870] .... node  #0, CPUs:    #74
[    0.710156] .... node  #1, CPUs:    #75
[    0.715822] .... node  #0, CPUs:    #76
[    0.721087] .... node  #1, CPUs:    #77
[    0.726748] .... node  #0, CPUs:    #78
[    0.732222] .... node  #1, CPUs:    #79
[    0.737520] .... node  #0, CPUs:    #80
[    0.743184] .... node  #1, CPUs:    #81
[    0.748553] .... node  #0, CPUs:    #82
[    0.753920] .... node  #1, CPUs:    #83
[    0.759138] .... node  #0, CPUs:    #84
[    0.764674] .... node  #1, CPUs:    #85
[    0.770006] .... node  #0, CPUs:    #86
[    0.775265] .... node  #1, CPUs:    #87
[    0.780786] .... node  #0, CPUs:    #88
[    0.786111] .... node  #1, CPUs:    #89
[    0.791523] .... node  #0, CPUs:    #90
[    0.796994] .... node  #1, CPUs:    #91
[    0.802350] .... node  #0, CPUs:    #92
[    0.807601] .... node  #1, CPUs:    #93
[    0.812961] .... node  #0, CPUs:    #94
[    0.818548] .... node  #1, CPUs:    #95
[    0.824109] .... node  #0, CPUs:    #96
[    0.829917] .... node  #1, CPUs:    #97
[    0.835556] .... node  #0, CPUs:    #98
[    0.840908] .... node  #1, CPUs:    #99
[    0.846574] .... node  #0, CPUs:   #100
[    0.851963] .... node  #1, CPUs:   #101
[    0.857471] .... node  #0, CPUs:   #102
[    0.863034] .... node  #1, CPUs:   #103
[    0.868514] .... node  #0, CPUs:   #104
[    0.873918] .... node  #1, CPUs:   #105
[    0.879353] .... node  #0, CPUs:   #106
[    0.884879] .... node  #1, CPUs:   #107
[    0.890572] .... node  #0, CPUs:   #108
[    0.896076] .... node  #1, CPUs:   #109
[    0.901861] .... node  #0, CPUs:   #110
[    0.907438] .... node  #1, CPUs:   #111
[    0.913286] smp: Brought up 2 nodes, 112 CPUs
[    0.913286] smpboot: Max logical packages: 2
[    0.913286] smpboot: Total of 112 processors activated (448083.41 BogoMIPS)
[    0.917141] devtmpfs: initialized
[    0.917141] x86/mm: Memory block size: 2048MB
[    0.917141] ACPI: PM: Registering ACPI NVS region [mem 0x49e77000-0x4ae76fff] (16777216 bytes)
[    0.917899] ACPI: PM: Registering ACPI NVS region [mem 0x6e3ff000-0x6f3fefff] (16777216 bytes)
[    0.918180] clocksource: jiffies: mask: 0xffffffff max_cycles: 0xffffffff, max_idle_ns: 7645041785100000 ns
[    0.918476] futex hash table entries: 32768 (order: 9, 2097152 bytes, vmalloc)
[    0.918731] pinctrl core: initialized pinctrl subsystem
[    0.918885] PM: RTC time: 06:42:30, date: 2024-06-22
[    0.919820] NET: Registered PF_NETLINK/PF_ROUTE protocol family
[    0.920616] DMA: preallocated 4096 KiB GFP_KERNEL pool for atomic allocations
[    0.921122] DMA: preallocated 4096 KiB GFP_KERNEL|GFP_DMA pool for atomic allocations
[    0.921630] DMA: preallocated 4096 KiB GFP_KERNEL|GFP_DMA32 pool for atomic allocations
[    0.921638] audit: initializing netlink subsys (disabled)
[    0.921646] audit: type=2000 audit(1719038549.748:1): state=initialized audit_enabled=0 res=1
[    0.921811] thermal_sys: Registered thermal governor 'fair_share'
[    0.921812] thermal_sys: Registered thermal governor 'bang_bang'
[    0.921813] thermal_sys: Registered thermal governor 'step_wise'
[    0.921814] thermal_sys: Registered thermal governor 'user_space'
[    0.921819] EISA bus registered
[    0.921843] cpuidle: using governor ladder
[    0.921843] cpuidle: using governor menu
[    0.921843] ACPI FADT declares the system doesn't support PCIe ASPM, so disable it
[    0.921843] acpiphp: ACPI Hot Plug PCI Controller Driver version: 0.5
[    0.921907] PCI: MMCONFIG for domain 0000 [bus 00-ff] at [mem 0x80000000-0x8fffffff] (base 0x80000000)
[    0.921913] PCI: MMCONFIG at [mem 0x80000000-0x8fffffff] reserved in E820
[    0.921920] pmd_set_huge: Cannot satisfy [mem 0x80000000-0x80200000] with a huge-page mapping due to MTRR override.
[    0.922124] PCI: Using configuration type 1 for base access
[    0.922134] PCI: Dell System detected, enabling pci=bfsort.
[    0.924274] ENERGY_PERF_BIAS: Set to 'normal', was 'performance'
[    0.927085] kprobes: kprobe jump-optimization is enabled. All kprobes are optimized if possible.
[    0.927090] HugeTLB registered 1.00 GiB page size, pre-allocated 0 pages
[    0.927090] HugeTLB registered 2.00 MiB page size, pre-allocated 0 pages
[    0.930098] fbcon: Taking over console
[    0.930098] ACPI: Added _OSI(Module Device)
[    0.930098] ACPI: Added _OSI(Processor Device)
[    0.930098] ACPI: Added _OSI(3.0 _SCP Extensions)
[    0.930098] ACPI: Added _OSI(Processor Aggregator Device)
[    0.930098] ACPI: Added _OSI(Linux-Dell-Video)
[    0.930098] ACPI: Added _OSI(Linux-Lenovo-NV-HDMI-Audio)
[    0.930098] ACPI: Added _OSI(Linux-HPI-Hybrid-Graphics)
[    1.100371] ACPI: 8 ACPI AML tables successfully acquired and loaded
[    1.106640] ACPI: [Firmware Bug]: BIOS _OSI(Linux) query ignored
[    1.113777] ACPI: Dynamic OEM Table Load:
[    1.526214] ACPI: Interpreter enabled
[    1.526235] ACPI: PM: (supports S0 S5)
[    1.526236] ACPI: Using IOAPIC for interrupt routing
[    1.526326] HEST: Table parsing has been initialized.
[    1.526508] GHES: APEI firmware first mode is enabled by APEI bit and WHEA _OSC.
[    1.526511] PCI: Using host bridge windows from ACPI; if necessary, use "pci=nocrs" and report a bug
[    1.556456] ACPI: Enabled 4 GPEs in block 00 to 7F
[    1.684743] ACPI: PCI Root Bridge [PC00] (domain 0000 [bus 00-15])
[    1.684749] acpi PNP0A08:00: _OSC: OS supports [ExtendedConfig ASPM ClockPM Segments MSI HPX-Type3]
[    1.753553] acpi PNP0A08:00: _OSC: platform does not support [SHPCHotplug AER LTR]
[    1.753783] acpi PNP0A08:00: _OSC: OS now controls [PCIeHotplug PME PCIeCapability]
[    1.753785] acpi PNP0A08:00: FADT indicates ASPM is unsupported, using BIOS configuration
[    1.755675] PCI host bridge to bus 0000:00
[    1.755677] pci_bus 0000:00: root bus resource [io  0x0000-0x0cf7 window]
[    1.755679] pci_bus 0000:00: root bus resource [io  0x1000-0x4fff window]
[    1.755681] pci_bus 0000:00: root bus resource [mem 0x000a0000-0x000bffff window]
[    1.755682] pci_bus 0000:00: root bus resource [mem 0x000c8000-0x000cffff window]
[    1.755683] pci_bus 0000:00: root bus resource [mem 0xfe010000-0xfe010fff window]
[    1.755685] pci_bus 0000:00: root bus resource [mem 0x90000000-0x9b7fffff window]
[    1.755686] pci_bus 0000:00: root bus resource [mem 0x200000000000-0x20ffffffffff window]
[    1.755687] pci_bus 0000:00: root bus resource [bus 00-15]
[    1.755702] pci 0000:00:00.0: [8086:09a2] type 00 class 0x088000
[    1.755803] pci 0000:00:00.1: [8086:09a4] type 00 class 0x088000
[    1.755871] pci 0000:00:00.2: [8086:09a3] type 00 class 0x088000
[    1.755939] pci 0000:00:00.4: [8086:0998] type 00 class 0x060000
[    1.756008] pci 0000:00:02.0: [8086:09a6] type 00 class 0x088000
[    1.756016] pci 0000:00:02.0: reg 0x10: [mem 0x92dfc000-0x92dfdfff]
[    1.756092] pci 0000:00:02.1: [8086:09a7] type 00 class 0x088000
[    1.756100] pci 0000:00:02.1: reg 0x10: [mem 0x92d00000-0x92d7ffff]
[    1.756106] pci 0000:00:02.1: reg 0x14: [mem 0x92c80000-0x92cfffff]
[    1.756180] pci 0000:00:02.4: [8086:3456] type 00 class 0x130000
[    1.756189] pci 0000:00:02.4: reg 0x10: [mem 0x92a00000-0x92afffff 64bit]
[    1.756196] pci 0000:00:02.4: reg 0x18: [mem 0x92df0000-0x92df3fff 64bit]
[    1.756203] pci 0000:00:02.4: reg 0x20: [mem 0x92dc0000-0x92ddffff 64bit]
[    1.756283] pci 0000:00:11.0: [8086:a1ec] type 00 class 0xff0000
[    1.756285] pci 0000:00:11.0: device has non-compliant BARs; disabling IO/MEM decoding
[    1.756376] pci 0000:00:11.5: [8086:a1d2] type 00 class 0x010601
[    1.756389] pci 0000:00:11.5: reg 0x10: [mem 0x92dfa000-0x92dfbfff]
[    1.756396] pci 0000:00:11.5: reg 0x14: [mem 0x92e05000-0x92e050ff]
[    1.756404] pci 0000:00:11.5: reg 0x18: [io  0x2068-0x206f]
[    1.756411] pci 0000:00:11.5: reg 0x1c: [io  0x2074-0x2077]
[    1.756418] pci 0000:00:11.5: reg 0x20: [io  0x2040-0x205f]
[    1.756426] pci 0000:00:11.5: reg 0x24: [mem 0x92b80000-0x92bfffff]
[    1.756463] pci 0000:00:11.5: PME# supported from D3hot
[    1.756680] pci 0000:00:14.0: [8086:a1af] type 00 class 0x0c0330
[    1.756698] pci 0000:00:14.0: reg 0x10: [mem 0x92de0000-0x92deffff 64bit]
[    1.756761] pci 0000:00:14.0: PME# supported from D3hot D3cold
[    1.756991] pci 0000:00:14.2: [8086:a1b1] type 00 class 0x118000
[    1.757008] pci 0000:00:14.2: reg 0x10: [mem 0x92e02000-0x92e02fff 64bit]
[    1.757132] pci 0000:00:16.0: [8086:a1ba] type 00 class 0x078000
[    1.757156] pci 0000:00:16.0: reg 0x10: [mem 0x92e01000-0x92e01fff 64bit]
[    1.757240] pci 0000:00:16.0: PME# supported from D3hot
[    1.757303] pci 0000:00:16.1: [8086:a1bb] type 00 class 0x078000
[    1.757326] pci 0000:00:16.1: reg 0x10: [mem 0x92e00000-0x92e00fff 64bit]
[    1.757410] pci 0000:00:16.1: PME# supported from D3hot
[    1.757476] pci 0000:00:16.4: [8086:a1be] type 00 class 0x078000
[    1.757499] pci 0000:00:16.4: reg 0x10: [mem 0x92dff000-0x92dfffff 64bit]
[    1.757583] pci 0000:00:16.4: PME# supported from D3hot
[    1.757654] pci 0000:00:17.0: [8086:a182] type 00 class 0x010601
[    1.757667] pci 0000:00:17.0: reg 0x10: [mem 0x92df8000-0x92df9fff]
[    1.757674] pci 0000:00:17.0: reg 0x14: [mem 0x92e04000-0x92e040ff]
[    1.757681] pci 0000:00:17.0: reg 0x18: [io  0x2060-0x2067]
[    1.757688] pci 0000:00:17.0: reg 0x1c: [io  0x2070-0x2073]
[    1.757696] pci 0000:00:17.0: reg 0x20: [io  0x2020-0x203f]
[    1.757703] pci 0000:00:17.0: reg 0x24: [mem 0x92b00000-0x92b7ffff]
[    1.757740] pci 0000:00:17.0: PME# supported from D3hot
[    1.758027] pci 0000:00:1c.0: [8086:a190] type 01 class 0x060400
[    1.758103] pci 0000:00:1c.0: PME# supported from D0 D3hot D3cold
[    1.758769] pci 0000:00:1c.4: [8086:a194] type 01 class 0x060400
[    1.758838] pci 0000:00:1c.4: PME# supported from D0 D3hot D3cold
[    1.759472] pci 0000:00:1c.5: [8086:a195] type 01 class 0x060400
[    1.759543] pci 0000:00:1c.5: PME# supported from D0 D3hot D3cold
[    1.760186] pci 0000:00:1f.0: [8086:a1cb] type 00 class 0x060100
[    1.760486] pci 0000:00:1f.2: [8086:a1a1] type 00 class 0x058000
[    1.760502] pci 0000:00:1f.2: reg 0x10: [mem 0x92df4000-0x92df7fff]
[    1.760746] pci 0000:00:1f.4: [8086:a1a3] type 00 class 0x0c0500
[    1.760766] pci 0000:00:1f.4: reg 0x10: [mem 0x92dfe000-0x92dfe0ff 64bit]
[    1.760789] pci 0000:00:1f.4: reg 0x20: [io  0x2000-0x201f]
[    1.760855] pci 0000:00:1f.5: [8086:a1a4] type 00 class 0x0c8000
[    1.760871] pci 0000:00:1f.5: reg 0x10: [mem 0xfe010000-0xfe010fff]
[    1.761001] pci 0000:00:1c.0: PCI bridge to [bus 01]
[    1.761053] pci 0000:02:00.0: [1556:be00] type 01 class 0x060400
[    1.761223] pci 0000:00:1c.4: PCI bridge to [bus 02-03]
[    1.761228] pci 0000:00:1c.4:   bridge window [mem 0x92000000-0x928fffff]
[    1.761232] pci 0000:00:1c.4:   bridge window [mem 0x91000000-0x91ffffff 64bit pref]
[    1.761264] pci_bus 0000:03: extended config space not accessible
[    1.761281] pci 0000:03:00.0: [102b:0536] type 00 class 0x030000
[    1.761301] pci 0000:03:00.0: reg 0x10: [mem 0x91000000-0x91ffffff pref]
[    1.761312] pci 0000:03:00.0: reg 0x14: [mem 0x92808000-0x9280bfff]
[    1.761323] pci 0000:03:00.0: reg 0x18: [mem 0x92000000-0x927fffff]
[    1.761370] pci 0000:03:00.0: BAR 0: assigned to efifb
[    1.761378] pci 0000:03:00.0: Video device with shadowed ROM at [mem 0x000c0000-0x000dffff]
[    1.761480] pci 0000:02:00.0: PCI bridge to [bus 03]
[    1.761488] pci 0000:02:00.0:   bridge window [mem 0x92000000-0x928fffff]
[    1.761494] pci 0000:02:00.0:   bridge window [mem 0x91000000-0x91ffffff 64bit pref]
[    1.761564] pci 0000:04:00.0: [14e4:165f] type 00 class 0x020000
[    1.761588] pci 0000:04:00.0: reg 0x10: [mem 0x92930000-0x9293ffff 64bit pref]
[    1.761604] pci 0000:04:00.0: reg 0x18: [mem 0x92940000-0x9294ffff 64bit pref]
[    1.761619] pci 0000:04:00.0: reg 0x20: [mem 0x92950000-0x9295ffff 64bit pref]
[    1.761630] pci 0000:04:00.0: reg 0x30: [mem 0xfffc0000-0xffffffff pref]
[    1.761726] pci 0000:04:00.0: PME# supported from D0 D3hot D3cold
[    1.761780] pci 0000:04:00.0: 4.000 Gb/s available PCIe bandwidth, limited by 5.0 GT/s PCIe x1 link at 0000:00:1c.5 (capable of 8.000 Gb/s with 5.0 GT/s PCIe x2 link)
[    1.762346] pci 0000:04:00.1: [14e4:165f] type 00 class 0x020000
[    1.762371] pci 0000:04:00.1: reg 0x10: [mem 0x92900000-0x9290ffff 64bit pref]
[    1.762387] pci 0000:04:00.1: reg 0x18: [mem 0x92910000-0x9291ffff 64bit pref]
[    1.762403] pci 0000:04:00.1: reg 0x20: [mem 0x92920000-0x9292ffff 64bit pref]
[    1.762413] pci 0000:04:00.1: reg 0x30: [mem 0xfffc0000-0xffffffff pref]
[    1.762509] pci 0000:04:00.1: PME# supported from D0 D3hot D3cold
[    1.763089] pci 0000:00:1c.5: PCI bridge to [bus 04]
[    1.763096] pci 0000:00:1c.5:   bridge window [mem 0x92900000-0x929fffff 64bit pref]
[    1.763110] pci_bus 0000:00: on NUMA node 0
[    1.763707] ACPI: PCI Root Bridge [PC01] (domain 0000 [bus 16-2f])
[    1.763711] acpi PNP0A08:01: _OSC: OS supports [ExtendedConfig ASPM ClockPM Segments MSI HPX-Type3]
[    1.778544] acpi PNP0A08:01: _OSC: platform does not support [SHPCHotplug AER]
[    1.778761] acpi PNP0A08:01: _OSC: OS now controls [PCIeHotplug PME PCIeCapability LTR]
[    1.778763] acpi PNP0A08:01: FADT indicates ASPM is unsupported, using BIOS configuration
[    1.778895] PCI host bridge to bus 0000:16
[    1.778896] pci_bus 0000:16: root bus resource [io  0x5000-0x6fff window]
[    1.778898] pci_bus 0000:16: root bus resource [mem 0x9b800000-0xa63fffff window]
[    1.778899] pci_bus 0000:16: root bus resource [mem 0x210000000000-0x21ffffffffff window]
[    1.778901] pci_bus 0000:16: root bus resource [bus 16-2f]
[    1.778911] pci 0000:16:00.0: [8086:09a2] type 00 class 0x088000
[    1.778981] pci 0000:16:00.1: [8086:09a4] type 00 class 0x088000
[    1.779043] pci 0000:16:00.2: [8086:09a3] type 00 class 0x088000
[    1.779106] pci 0000:16:00.4: [8086:0998] type 00 class 0x060000
[    1.779179] pci 0000:16:02.0: [8086:347a] type 01 class 0x060400
[    1.779188] pci 0000:16:02.0: reg 0x10: [mem 0x21fffff00000-0x21fffff1ffff 64bit]
[    1.779226] pci 0000:16:02.0: PME# supported from D0 D3hot D3cold
[    1.780175] pci 0000:17:00.0: [1000:10e2] type 00 class 0x010400
[    1.780188] pci 0000:17:00.0: reg 0x10: [mem 0x9b800000-0x9b8fffff 64bit pref]
[    1.780196] pci 0000:17:00.0: reg 0x18: [mem 0x9b900000-0x9b9fffff 64bit pref]
[    1.780202] pci 0000:17:00.0: reg 0x20: [mem 0x9ba00000-0x9bafffff]
[    1.780208] pci 0000:17:00.0: reg 0x24: [io  0x5000-0x50ff]
[    1.780214] pci 0000:17:00.0: reg 0x30: [mem 0xfff00000-0xffffffff pref]
[    1.781342] pci 0000:17:00.0: supports D1 D2
[    1.781410] pci 0000:16:02.0: PCI bridge to [bus 17]
[    1.781412] pci 0000:16:02.0:   bridge window [io  0x5000-0x5fff]
[    1.781415] pci 0000:16:02.0:   bridge window [mem 0x9ba00000-0x9bafffff]
[    1.781418] pci 0000:16:02.0:   bridge window [mem 0x9b800000-0x9b9fffff 64bit pref]
[    1.781424] pci_bus 0000:16: on NUMA node 0
[    1.781502] ACPI: PCI Root Bridge [PC02] (domain 0000 [bus 30-49])
[    1.781506] acpi PNP0A08:02: _OSC: OS supports [ExtendedConfig ASPM ClockPM Segments MSI HPX-Type3]
[    1.795979] acpi PNP0A08:02: _OSC: platform does not support [SHPCHotplug AER]
[    1.796195] acpi PNP0A08:02: _OSC: OS now controls [PCIeHotplug PME PCIeCapability LTR]
[    1.796196] acpi PNP0A08:02: FADT indicates ASPM is unsupported, using BIOS configuration
[    1.796318] PCI host bridge to bus 0000:30
[    1.796319] pci_bus 0000:30: root bus resource [io  0x7000-0x8fff window]
[    1.796321] pci_bus 0000:30: root bus resource [mem 0xa6400000-0xb0ffffff window]
[    1.796322] pci_bus 0000:30: root bus resource [mem 0x220000000000-0x22ffffffffff window]
[    1.796324] pci_bus 0000:30: root bus resource [bus 30-49]
[    1.796334] pci 0000:30:00.0: [8086:09a2] type 00 class 0x088000
[    1.796402] pci 0000:30:00.1: [8086:09a4] type 00 class 0x088000
[    1.796465] pci 0000:30:00.2: [8086:09a3] type 00 class 0x088000
[    1.796527] pci 0000:30:00.4: [8086:0998] type 00 class 0x060000
[    1.796596] pci_bus 0000:30: on NUMA node 0
[    1.796700] ACPI: PCI Root Bridge [PC04] (domain 0000 [bus 4a-63])
[    1.796703] acpi PNP0A08:04: _OSC: OS supports [ExtendedConfig ASPM ClockPM Segments MSI HPX-Type3]
[    1.811154] acpi PNP0A08:04: _OSC: platform does not support [SHPCHotplug AER]
[    1.811366] acpi PNP0A08:04: _OSC: OS now controls [PCIeHotplug PME PCIeCapability LTR]
[    1.811367] acpi PNP0A08:04: FADT indicates ASPM is unsupported, using BIOS configuration
[    1.811488] PCI host bridge to bus 0000:4a
[    1.811490] pci_bus 0000:4a: root bus resource [io  0x9000-0x9fff window]
[    1.811491] pci_bus 0000:4a: root bus resource [mem 0xb1000000-0xbbbfffff window]
[    1.811492] pci_bus 0000:4a: root bus resource [mem 0x230000000000-0x23ffffffffff window]
[    1.811494] pci_bus 0000:4a: root bus resource [bus 4a-63]
[    1.811503] pci 0000:4a:00.0: [8086:09a2] type 00 class 0x088000
[    1.811567] pci 0000:4a:00.1: [8086:09a4] type 00 class 0x088000
[    1.811635] pci 0000:4a:00.2: [8086:09a3] type 00 class 0x088000
[    1.811696] pci 0000:4a:00.4: [8086:0998] type 00 class 0x060000
[    1.811765] pci_bus 0000:4a: on NUMA node 0
[    1.811845] ACPI: PCI Root Bridge [PC05] (domain 0000 [bus 64-7d])
[    1.811848] acpi PNP0A08:05: _OSC: OS supports [ExtendedConfig ASPM ClockPM Segments MSI HPX-Type3]
[    1.826291] acpi PNP0A08:05: _OSC: platform does not support [SHPCHotplug AER]
[    1.826502] acpi PNP0A08:05: _OSC: OS now controls [PCIeHotplug PME PCIeCapability LTR]
[    1.826504] acpi PNP0A08:05: FADT indicates ASPM is unsupported, using BIOS configuration
[    1.826622] PCI host bridge to bus 0000:64
[    1.826623] pci_bus 0000:64: root bus resource [io  0xa000-0xafff window]
[    1.826625] pci_bus 0000:64: root bus resource [mem 0xbbc00000-0xc5ffffff window]
[    1.826626] pci_bus 0000:64: root bus resource [mem 0x240000000000-0x24ffffffffff window]
[    1.826627] pci_bus 0000:64: root bus resource [bus 64-7d]
[    1.826637] pci 0000:64:00.0: [8086:09a2] type 00 class 0x088000
[    1.826701] pci 0000:64:00.1: [8086:09a4] type 00 class 0x088000
[    1.826761] pci 0000:64:00.2: [8086:09a3] type 00 class 0x088000
[    1.826823] pci 0000:64:00.4: [8086:0998] type 00 class 0x060000
[    1.826893] pci_bus 0000:64: on NUMA node 0
[    1.826959] ACPI: PCI Root Bridge [UC06] (domain 0000 [bus 7e])
[    1.826961] acpi PNP0A03:00: _OSC: OS supports [ExtendedConfig ASPM ClockPM Segments MSI HPX-Type3]
[    1.827059] acpi PNP0A03:00: _OSC: platform does not support [SHPCHotplug AER LTR]
[    1.827239] acpi PNP0A03:00: _OSC: OS now controls [PCIeHotplug PME PCIeCapability]
[    1.827240] acpi PNP0A03:00: FADT indicates ASPM is unsupported, using BIOS configuration
[    1.827374] PCI host bridge to bus 0000:7e
[    1.827375] pci_bus 0000:7e: root bus resource [bus 7e]
[    1.827384] pci 0000:7e:00.0: [8086:3450] type 00 class 0x088000
[    1.827456] pci 0000:7e:00.1: [8086:3451] type 00 class 0x088000
[    1.827515] pci 0000:7e:00.2: [8086:3452] type 00 class 0x088000
[    1.827583] pci 0000:7e:00.3: [8086:0998] type 00 class 0x060000
[    1.827641] pci 0000:7e:00.5: [8086:3455] type 00 class 0x088000
[    1.827703] pci 0000:7e:02.0: [8086:3440] type 00 class 0x088000
[    1.827830] pci 0000:7e:02.1: [8086:3441] type 00 class 0x088000
[    1.827937] pci 0000:7e:02.2: [8086:3442] type 00 class 0x088000
[    1.828044] pci 0000:7e:03.0: [8086:3440] type 00 class 0x088000
[    1.828136] pci 0000:7e:03.1: [8086:3441] type 00 class 0x088000
[    1.828214] pci 0000:7e:03.2: [8086:3442] type 00 class 0x088000
[    1.828295] pci 0000:7e:04.0: [8086:3440] type 00 class 0x088000
[    1.828415] pci 0000:7e:04.1: [8086:3441] type 00 class 0x088000
[    1.828530] pci 0000:7e:04.2: [8086:3442] type 00 class 0x088000
[    1.828644] pci 0000:7e:04.3: [8086:3443] type 00 class 0x088000
[    1.828762] pci 0000:7e:05.0: [8086:3445] type 00 class 0x088000
[    1.828888] pci 0000:7e:05.1: [8086:3446] type 00 class 0x088000
[    1.828999] pci 0000:7e:05.2: [8086:3447] type 00 class 0x088000
[    1.829115] pci 0000:7e:06.0: [8086:3445] type 00 class 0x088000
[    1.829211] pci 0000:7e:06.1: [8086:3446] type 00 class 0x088000
[    1.829287] pci 0000:7e:06.2: [8086:3447] type 00 class 0x088000
[    1.829372] pci 0000:7e:07.0: [8086:3445] type 00 class 0x088000
[    1.829506] pci 0000:7e:07.1: [8086:3446] type 00 class 0x088000
[    1.829624] pci 0000:7e:07.2: [8086:3447] type 00 class 0x088000
[    1.829740] pci 0000:7e:0b.0: [8086:3448] type 00 class 0x088000
[    1.829817] pci 0000:7e:0b.1: [8086:3448] type 00 class 0x088000
[    1.829885] pci 0000:7e:0b.2: [8086:344b] type 00 class 0x088000
[    1.829953] pci 0000:7e:0c.0: [8086:344a] type 00 class 0x110100
[    1.830058] pci 0000:7e:0d.0: [8086:344a] type 00 class 0x110100
[    1.830157] pci 0000:7e:0e.0: [8086:344a] type 00 class 0x110100
[    1.830301] pci 0000:7e:0f.0: [8086:344a] type 00 class 0x110100
[    1.830455] pci 0000:7e:1a.0: [8086:2880] type 00 class 0x110100
[    1.830556] pci 0000:7e:1b.0: [8086:2880] type 00 class 0x110100
[    1.830654] pci 0000:7e:1c.0: [8086:2880] type 00 class 0x110100
[    1.830809] pci 0000:7e:1d.0: [8086:2880] type 00 class 0x110100
[    1.830955] pci_bus 0000:7e: on NUMA node 0
[    1.831037] ACPI: PCI Root Bridge [UC07] (domain 0000 [bus 7f])
[    1.831040] acpi PNP0A03:01: _OSC: OS supports [ExtendedConfig ASPM ClockPM Segments MSI HPX-Type3]
[    1.831139] acpi PNP0A03:01: _OSC: platform does not support [SHPCHotplug AER LTR]
[    1.831319] acpi PNP0A03:01: _OSC: OS now controls [PCIeHotplug PME PCIeCapability]
[    1.831320] acpi PNP0A03:01: FADT indicates ASPM is unsupported, using BIOS configuration
[    1.831467] PCI host bridge to bus 0000:7f
[    1.831468] pci_bus 0000:7f: root bus resource [bus 7f]
[    1.831482] pci 0000:7f:00.0: [8086:344c] type 00 class 0x088000
[    1.831597] pci 0000:7f:00.1: [8086:344c] type 00 class 0x088000
[    1.831707] pci 0000:7f:00.2: [8086:344c] type 00 class 0x088000
[    1.831818] pci 0000:7f:00.3: [8086:344c] type 00 class 0x088000
[    1.831907] pci 0000:7f:00.4: [8086:344c] type 00 class 0x088000
[    1.832027] pci 0000:7f:00.5: [8086:344c] type 00 class 0x088000
[    1.832144] pci 0000:7f:00.6: [8086:344c] type 00 class 0x088000
[    1.832226] pci 0000:7f:00.7: [8086:344c] type 00 class 0x088000
[    1.832309] pci 0000:7f:01.0: [8086:344c] type 00 class 0x088000
[    1.832450] pci 0000:7f:01.1: [8086:344c] type 00 class 0x088000
[    1.832568] pci 0000:7f:01.2: [8086:344c] type 00 class 0x088000
[    1.832647] pci 0000:7f:01.3: [8086:344c] type 00 class 0x088000
[    1.832777] pci 0000:7f:01.4: [8086:344c] type 00 class 0x088000
[    1.832909] pci 0000:7f:01.5: [8086:344c] type 00 class 0x088000
[    1.833044] pci 0000:7f:01.6: [8086:344c] type 00 class 0x088000
[    1.833169] pci 0000:7f:01.7: [8086:344c] type 00 class 0x088000
[    1.833296] pci 0000:7f:02.0: [8086:344c] type 00 class 0x088000
[    1.833439] pci 0000:7f:02.1: [8086:344c] type 00 class 0x088000
[    1.833570] pci 0000:7f:02.2: [8086:344c] type 00 class 0x088000
[    1.833701] pci 0000:7f:02.3: [8086:344c] type 00 class 0x088000
[    1.833838] pci 0000:7f:02.4: [8086:344c] type 00 class 0x088000
[    1.833975] pci 0000:7f:02.5: [8086:344c] type 00 class 0x088000
[    1.834113] pci 0000:7f:02.6: [8086:344c] type 00 class 0x088000
[    1.834263] pci 0000:7f:02.7: [8086:344c] type 00 class 0x088000
[    1.834409] pci 0000:7f:03.0: [8086:344c] type 00 class 0x088000
[    1.834567] pci 0000:7f:03.1: [8086:344c] type 00 class 0x088000
[    1.834718] pci 0000:7f:03.2: [8086:344c] type 00 class 0x088000
[    1.834866] pci 0000:7f:03.3: [8086:344c] type 00 class 0x088000
[    1.835024] pci 0000:7f:0a.0: [8086:344d] type 00 class 0x088000
[    1.835137] pci 0000:7f:0a.1: [8086:344d] type 00 class 0x088000
[    1.835246] pci 0000:7f:0a.2: [8086:344d] type 00 class 0x088000
[    1.835360] pci 0000:7f:0a.3: [8086:344d] type 00 class 0x088000
[    1.835449] pci 0000:7f:0a.4: [8086:344d] type 00 class 0x088000
[    1.835575] pci 0000:7f:0a.5: [8086:344d] type 00 class 0x088000
[    1.835691] pci 0000:7f:0a.6: [8086:344d] type 00 class 0x088000
[    1.835767] pci 0000:7f:0a.7: [8086:344d] type 00 class 0x088000
[    1.835850] pci 0000:7f:0b.0: [8086:344d] type 00 class 0x088000
[    1.835993] pci 0000:7f:0b.1: [8086:344d] type 00 class 0x088000
[    1.836111] pci 0000:7f:0b.2: [8086:344d] type 00 class 0x088000
[    1.836193] pci 0000:7f:0b.3: [8086:344d] type 00 class 0x088000
[    1.836324] pci 0000:7f:0b.4: [8086:344d] type 00 class 0x088000
[    1.836455] pci 0000:7f:0b.5: [8086:344d] type 00 class 0x088000
[    1.836590] pci 0000:7f:0b.6: [8086:344d] type 00 class 0x088000
[    1.836710] pci 0000:7f:0b.7: [8086:344d] type 00 class 0x088000
[    1.836837] pci 0000:7f:0c.0: [8086:344d] type 00 class 0x088000
[    1.836984] pci 0000:7f:0c.1: [8086:344d] type 00 class 0x088000
[    1.837114] pci 0000:7f:0c.2: [8086:344d] type 00 class 0x088000
[    1.837249] pci 0000:7f:0c.3: [8086:344d] type 00 class 0x088000
[    1.837386] pci 0000:7f:0c.4: [8086:344d] type 00 class 0x088000
[    1.837523] pci 0000:7f:0c.5: [8086:344d] type 00 class 0x088000
[    1.837660] pci 0000:7f:0c.6: [8086:344d] type 00 class 0x088000
[    1.837806] pci 0000:7f:0c.7: [8086:344d] type 00 class 0x088000
[    1.837952] pci 0000:7f:0d.0: [8086:344d] type 00 class 0x088000
[    1.838116] pci 0000:7f:0d.1: [8086:344d] type 00 class 0x088000
[    1.838268] pci 0000:7f:0d.2: [8086:344d] type 00 class 0x088000
[    1.838420] pci 0000:7f:0d.3: [8086:344d] type 00 class 0x088000
[    1.838589] pci 0000:7f:1d.0: [8086:344f] type 00 class 0x088000
[    1.838712] pci 0000:7f:1d.1: [8086:3457] type 00 class 0x088000
[    1.838817] pci 0000:7f:1e.0: [8086:3458] type 00 class 0x088000
[    1.838897] pci 0000:7f:1e.1: [8086:3459] type 00 class 0x088000
[    1.838960] pci 0000:7f:1e.2: [8086:345a] type 00 class 0x088000
[    1.839023] pci 0000:7f:1e.3: [8086:345b] type 00 class 0x088000
[    1.839083] pci 0000:7f:1e.4: [8086:345c] type 00 class 0x088000
[    1.839150] pci 0000:7f:1e.5: [8086:345d] type 00 class 0x088000
[    1.839211] pci 0000:7f:1e.6: [8086:345e] type 00 class 0x088000
[    1.839271] pci 0000:7f:1e.7: [8086:345f] type 00 class 0x088000
[    1.839329] pci_bus 0000:7f: on NUMA node 0
[    1.839433] ACPI: PCI Root Bridge [PC06] (domain 0000 [bus 80])
[    1.839436] acpi PNP0A08:06: _OSC: OS supports [ExtendedConfig ASPM ClockPM Segments MSI HPX-Type3]
[    1.853883] acpi PNP0A08:06: _OSC: platform does not support [SHPCHotplug AER]
[    1.854098] acpi PNP0A08:06: _OSC: OS now controls [PCIeHotplug PME PCIeCapability LTR]
[    1.854099] acpi PNP0A08:06: FADT indicates ASPM is unsupported, using BIOS configuration
[    1.854248] PCI host bridge to bus 0000:80
[    1.854249] pci_bus 0000:80: root bus resource [io  0xb000-0xbfff window]
[    1.854251] pci_bus 0000:80: root bus resource [mem 0xc6800000-0xd0ffffff window]
[    1.854252] pci_bus 0000:80: root bus resource [mem 0x250000000000-0x25ffffffffff window]
[    1.854253] pci_bus 0000:80: root bus resource [bus 80]
[    1.854264] pci 0000:80:00.0: [8086:09a2] type 00 class 0x088000
[    1.854350] pci 0000:80:00.1: [8086:09a4] type 00 class 0x088000
[    1.854419] pci 0000:80:00.2: [8086:09a3] type 00 class 0x088000
[    1.854488] pci 0000:80:00.4: [8086:0998] type 00 class 0x060000
[    1.854559] pci 0000:80:02.0: [8086:09a6] type 00 class 0x088000
[    1.854567] pci 0000:80:02.0: reg 0x10: [mem 0xc6aa4000-0xc6aa5fff]
[    1.854629] pci 0000:80:02.1: [8086:09a7] type 00 class 0x088000
[    1.854638] pci 0000:80:02.1: reg 0x10: [mem 0xc6a00000-0xc6a7ffff]
[    1.854644] pci 0000:80:02.1: reg 0x14: [mem 0xc6980000-0xc69fffff]
[    1.854699] pci 0000:80:02.4: [8086:3456] type 00 class 0x130000
[    1.854710] pci 0000:80:02.4: reg 0x10: [mem 0xc6800000-0xc68fffff 64bit]
[    1.854717] pci 0000:80:02.4: reg 0x18: [mem 0xc6aa0000-0xc6aa3fff 64bit]
[    1.854725] pci 0000:80:02.4: reg 0x20: [mem 0xc6a80000-0xc6a9ffff 64bit]
[    1.854791] pci_bus 0000:80: on NUMA node 1
[    1.854871] ACPI: PCI Root Bridge [PC07] (domain 0000 [bus 81])
[    1.854874] acpi PNP0A08:07: _OSC: OS supports [ExtendedConfig ASPM ClockPM Segments MSI HPX-Type3]
[    1.869295] acpi PNP0A08:07: _OSC: platform does not support [SHPCHotplug AER]
[    1.869507] acpi PNP0A08:07: _OSC: OS now controls [PCIeHotplug PME PCIeCapability LTR]
[    1.869508] acpi PNP0A08:07: FADT indicates ASPM is unsupported, using BIOS configuration
[    1.869627] PCI host bridge to bus 0000:81
[    1.869628] pci_bus 0000:81: root bus resource [io  0xc000-0xcfff window]
[    1.869630] pci_bus 0000:81: root bus resource [mem 0xd1000000-0xdbbfffff window]
[    1.869631] pci_bus 0000:81: root bus resource [mem 0x260000000000-0x26ffffffffff window]
[    1.869632] pci_bus 0000:81: root bus resource [bus 81]
[    1.869642] pci 0000:81:00.0: [8086:09a2] type 00 class 0x088000
[    1.869710] pci 0000:81:00.1: [8086:09a4] type 00 class 0x088000
[    1.869777] pci 0000:81:00.2: [8086:09a3] type 00 class 0x088000
[    1.869846] pci 0000:81:00.4: [8086:0998] type 00 class 0x060000
[    1.869923] pci_bus 0000:81: on NUMA node 1
[    1.870000] ACPI: PCI Root Bridge [PC08] (domain 0000 [bus 82])
[    1.870002] acpi PNP0A08:08: _OSC: OS supports [ExtendedConfig ASPM ClockPM Segments MSI HPX-Type3]
[    1.884462] acpi PNP0A08:08: _OSC: platform does not support [SHPCHotplug AER]
[    1.884674] acpi PNP0A08:08: _OSC: OS now controls [PCIeHotplug PME PCIeCapability LTR]
[    1.884675] acpi PNP0A08:08: FADT indicates ASPM is unsupported, using BIOS configuration
[    1.884791] PCI host bridge to bus 0000:82
[    1.884792] pci_bus 0000:82: root bus resource [io  0xd000-0xdfff window]
[    1.884794] pci_bus 0000:82: root bus resource [mem 0xdbc00000-0xe67fffff window]
[    1.884795] pci_bus 0000:82: root bus resource [mem 0x270000000000-0x27ffffffffff window]
[    1.884796] pci_bus 0000:82: root bus resource [bus 82]
[    1.884806] pci 0000:82:00.0: [8086:09a2] type 00 class 0x088000
[    1.884876] pci 0000:82:00.1: [8086:09a4] type 00 class 0x088000
[    1.884947] pci 0000:82:00.2: [8086:09a3] type 00 class 0x088000
[    1.885015] pci 0000:82:00.4: [8086:0998] type 00 class 0x060000
[    1.885091] pci_bus 0000:82: on NUMA node 1
[    1.885194] ACPI: PCI Root Bridge [PC10] (domain 0000 [bus 83-f9])
[    1.885197] acpi PNP0A08:0a: _OSC: OS supports [ExtendedConfig ASPM ClockPM Segments MSI HPX-Type3]
[    1.899646] acpi PNP0A08:0a: _OSC: platform does not support [SHPCHotplug AER]
[    1.899857] acpi PNP0A08:0a: _OSC: OS now controls [PCIeHotplug PME PCIeCapability LTR]
[    1.899858] acpi PNP0A08:0a: FADT indicates ASPM is unsupported, using BIOS configuration
[    1.899984] PCI host bridge to bus 0000:83
[    1.899986] pci_bus 0000:83: root bus resource [io  0xe000-0xefff window]
[    1.899987] pci_bus 0000:83: root bus resource [mem 0xe6800000-0xf13fffff window]
[    1.899988] pci_bus 0000:83: root bus resource [mem 0x280000000000-0x28ffffffffff window]
[    1.899989] pci_bus 0000:83: root bus resource [bus 83-f9]
[    1.900000] pci 0000:83:00.0: [8086:09a2] type 00 class 0x088000
[    1.900069] pci 0000:83:00.1: [8086:09a4] type 00 class 0x088000
[    1.900136] pci 0000:83:00.2: [8086:09a3] type 00 class 0x088000
[    1.900205] pci 0000:83:00.4: [8086:0998] type 00 class 0x060000
[    1.900283] pci_bus 0000:83: on NUMA node 1
[    1.900357] ACPI: PCI Root Bridge [PC11] (domain 0000 [bus fa])
[    1.900359] acpi PNP0A08:0b: _OSC: OS supports [ExtendedConfig ASPM ClockPM Segments MSI HPX-Type3]
[    1.914823] acpi PNP0A08:0b: _OSC: platform does not support [SHPCHotplug AER]
[    1.915034] acpi PNP0A08:0b: _OSC: OS now controls [PCIeHotplug PME PCIeCapability LTR]
[    1.915035] acpi PNP0A08:0b: FADT indicates ASPM is unsupported, using BIOS configuration
[    1.915152] PCI host bridge to bus 0000:fa
[    1.915153] pci_bus 0000:fa: root bus resource [io  0xf000-0xffff window]
[    1.915155] pci_bus 0000:fa: root bus resource [mem 0xf1400000-0xfb7fffff window]
[    1.915156] pci_bus 0000:fa: root bus resource [mem 0x290000000000-0x29ffffffffff window]
[    1.915158] pci_bus 0000:fa: root bus resource [bus fa]
[    1.915167] pci 0000:fa:00.0: [8086:09a2] type 00 class 0x088000
[    1.915237] pci 0000:fa:00.1: [8086:09a4] type 00 class 0x088000
[    1.915310] pci 0000:fa:00.2: [8086:09a3] type 00 class 0x088000
[    1.915379] pci 0000:fa:00.4: [8086:0998] type 00 class 0x060000
[    1.915459] pci_bus 0000:fa: on NUMA node 1
[    1.915524] ACPI: PCI Root Bridge [UC16] (domain 0000 [bus fe])
[    1.915527] acpi PNP0A03:02: _OSC: OS supports [ExtendedConfig ASPM ClockPM Segments MSI HPX-Type3]
[    1.915624] acpi PNP0A03:02: _OSC: platform does not support [SHPCHotplug AER LTR]
[    1.915803] acpi PNP0A03:02: _OSC: OS now controls [PCIeHotplug PME PCIeCapability]
[    1.915804] acpi PNP0A03:02: FADT indicates ASPM is unsupported, using BIOS configuration
[    1.915935] PCI host bridge to bus 0000:fe
[    1.915936] pci_bus 0000:fe: root bus resource [bus fe]
[    1.915945] pci 0000:fe:00.0: [8086:3450] type 00 class 0x088000
[    1.916020] pci 0000:fe:00.1: [8086:3451] type 00 class 0x088000
[    1.916081] pci 0000:fe:00.2: [8086:3452] type 00 class 0x088000
[    1.916139] pci 0000:fe:00.3: [8086:0998] type 00 class 0x060000
[    1.916199] pci 0000:fe:00.5: [8086:3455] type 00 class 0x088000
[    1.916265] pci 0000:fe:02.0: [8086:3440] type 00 class 0x088000
[    1.916404] pci 0000:fe:02.1: [8086:3441] type 00 class 0x088000
[    1.916516] pci 0000:fe:02.2: [8086:3442] type 00 class 0x088000
[    1.916627] pci 0000:fe:03.0: [8086:3440] type 00 class 0x088000
[    1.916724] pci 0000:fe:03.1: [8086:3441] type 00 class 0x088000
[    1.916803] pci 0000:fe:03.2: [8086:3442] type 00 class 0x088000
[    1.916890] pci 0000:fe:04.0: [8086:3440] type 00 class 0x088000
[    1.917015] pci 0000:fe:04.1: [8086:3441] type 00 class 0x088000
[    1.917138] pci 0000:fe:04.2: [8086:3442] type 00 class 0x088000
[    1.917264] pci 0000:fe:04.3: [8086:3443] type 00 class 0x088000
[    1.917394] pci 0000:fe:05.0: [8086:3445] type 00 class 0x088000
[    1.917525] pci 0000:fe:05.1: [8086:3446] type 00 class 0x088000
[    1.917642] pci 0000:fe:05.2: [8086:3447] type 00 class 0x088000
[    1.917757] pci 0000:fe:06.0: [8086:3445] type 00 class 0x088000
[    1.917856] pci 0000:fe:06.1: [8086:3446] type 00 class 0x088000
[    1.917938] pci 0000:fe:06.2: [8086:3447] type 00 class 0x088000
[    1.918030] pci 0000:fe:07.0: [8086:3445] type 00 class 0x088000
[    1.918177] pci 0000:fe:07.1: [8086:3446] type 00 class 0x088000
[    1.918300] pci 0000:fe:07.2: [8086:3447] type 00 class 0x088000
[    1.918420] pci 0000:fe:0b.0: [8086:3448] type 00 class 0x088000
[    1.918500] pci 0000:fe:0b.1: [8086:3448] type 00 class 0x088000
[    1.918565] pci 0000:fe:0b.2: [8086:344b] type 00 class 0x088000
[    1.918638] pci 0000:fe:0c.0: [8086:344a] type 00 class 0x110100
[    1.918746] pci 0000:fe:0d.0: [8086:344a] type 00 class 0x110100
[    1.918851] pci 0000:fe:0e.0: [8086:344a] type 00 class 0x110100
[    1.919005] pci 0000:fe:0f.0: [8086:344a] type 00 class 0x110100
[    1.919164] pci 0000:fe:1a.0: [8086:2880] type 00 class 0x110100
[    1.919270] pci 0000:fe:1b.0: [8086:2880] type 00 class 0x110100
[    1.919372] pci 0000:fe:1c.0: [8086:2880] type 00 class 0x110100
[    1.919528] pci 0000:fe:1d.0: [8086:2880] type 00 class 0x110100
[    1.919680] pci_bus 0000:fe: on NUMA node 1
[    1.919761] ACPI: PCI Root Bridge [UC17] (domain 0000 [bus ff])
[    1.919764] acpi PNP0A03:03: _OSC: OS supports [ExtendedConfig ASPM ClockPM Segments MSI HPX-Type3]
[    1.919863] acpi PNP0A03:03: _OSC: platform does not support [SHPCHotplug AER LTR]
[    1.920042] acpi PNP0A03:03: _OSC: OS now controls [PCIeHotplug PME PCIeCapability]
[    1.920043] acpi PNP0A03:03: FADT indicates ASPM is unsupported, using BIOS configuration
[    1.920189] PCI host bridge to bus 0000:ff
[    1.920191] pci_bus 0000:ff: root bus resource [bus ff]
[    1.920205] pci 0000:ff:00.0: [8086:344c] type 00 class 0x088000
[    1.920325] pci 0000:ff:00.1: [8086:344c] type 00 class 0x088000
[    1.920437] pci 0000:ff:00.2: [8086:344c] type 00 class 0x088000
[    1.920540] pci 0000:ff:00.3: [8086:344c] type 00 class 0x088000
[    1.920659] pci 0000:ff:00.4: [8086:344c] type 00 class 0x088000
[    1.920776] pci 0000:ff:00.5: [8086:344c] type 00 class 0x088000
[    1.920869] pci 0000:ff:00.6: [8086:344c] type 00 class 0x088000
[    1.920994] pci 0000:ff:00.7: [8086:344c] type 00 class 0x088000
[    1.921121] pci 0000:ff:01.0: [8086:344c] type 00 class 0x088000
[    1.921266] pci 0000:ff:01.1: [8086:344c] type 00 class 0x088000
[    1.921390] pci 0000:ff:01.2: [8086:344c] type 00 class 0x088000
[    1.921477] pci 0000:ff:01.3: [8086:344c] type 00 class 0x088000
[    1.921614] pci 0000:ff:01.4: [8086:344c] type 00 class 0x088000
[    1.921750] pci 0000:ff:01.5: [8086:344c] type 00 class 0x088000
[    1.921891] pci 0000:ff:01.6: [8086:344c] type 00 class 0x088000
[    1.922018] pci 0000:ff:01.7: [8086:344c] type 00 class 0x088000
[    1.922150] pci 0000:ff:02.0: [8086:344c] type 00 class 0x088000
[    1.922306] pci 0000:ff:02.1: [8086:344c] type 00 class 0x088000
[    1.922437] pci 0000:ff:02.2: [8086:344c] type 00 class 0x088000
[    1.922582] pci 0000:ff:02.3: [8086:344c] type 00 class 0x088000
[    1.922718] pci 0000:ff:02.4: [8086:344c] type 00 class 0x088000
[    1.922854] pci 0000:ff:02.5: [8086:344c] type 00 class 0x088000
[    1.922998] pci 0000:ff:02.6: [8086:344c] type 00 class 0x088000
[    1.923141] pci 0000:ff:02.7: [8086:344c] type 00 class 0x088000
[    1.923292] pci 0000:ff:03.0: [8086:344c] type 00 class 0x088000
[    1.923459] pci 0000:ff:03.1: [8086:344c] type 00 class 0x088000
[    1.923609] pci 0000:ff:03.2: [8086:344c] type 00 class 0x088000
[    1.923773] pci 0000:ff:03.3: [8086:344c] type 00 class 0x088000
[    1.923936] pci 0000:ff:0a.0: [8086:344d] type 00 class 0x088000
[    1.924054] pci 0000:ff:0a.1: [8086:344d] type 00 class 0x088000
[    1.924167] pci 0000:ff:0a.2: [8086:344d] type 00 class 0x088000
[    1.924267] pci 0000:ff:0a.3: [8086:344d] type 00 class 0x088000
[    1.924386] pci 0000:ff:0a.4: [8086:344d] type 00 class 0x088000
[    1.924503] pci 0000:ff:0a.5: [8086:344d] type 00 class 0x088000
[    1.924597] pci 0000:ff:0a.6: [8086:344d] type 00 class 0x088000
[    1.924728] pci 0000:ff:0a.7: [8086:344d] type 00 class 0x088000
[    1.924855] pci 0000:ff:0b.0: [8086:344d] type 00 class 0x088000
[    1.925004] pci 0000:ff:0b.1: [8086:344d] type 00 class 0x088000
[    1.925128] pci 0000:ff:0b.2: [8086:344d] type 00 class 0x088000
[    1.925212] pci 0000:ff:0b.3: [8086:344d] type 00 class 0x088000
[    1.925349] pci 0000:ff:0b.4: [8086:344d] type 00 class 0x088000
[    1.925486] pci 0000:ff:0b.5: [8086:344d] type 00 class 0x088000
[    1.925626] pci 0000:ff:0b.6: [8086:344d] type 00 class 0x088000
[    1.925757] pci 0000:ff:0b.7: [8086:344d] type 00 class 0x088000
[    1.925890] pci 0000:ff:0c.0: [8086:344d] type 00 class 0x088000
[    1.926040] pci 0000:ff:0c.1: [8086:344d] type 00 class 0x088000
[    1.926171] pci 0000:ff:0c.2: [8086:344d] type 00 class 0x088000
[    1.926310] pci 0000:ff:0c.3: [8086:344d] type 00 class 0x088000
[    1.926445] pci 0000:ff:0c.4: [8086:344d] type 00 class 0x088000
[    1.926583] pci 0000:ff:0c.5: [8086:344d] type 00 class 0x088000
[    1.926727] pci 0000:ff:0c.6: [8086:344d] type 00 class 0x088000
[    1.926875] pci 0000:ff:0c.7: [8086:344d] type 00 class 0x088000
[    1.927027] pci 0000:ff:0d.0: [8086:344d] type 00 class 0x088000
[    1.927194] pci 0000:ff:0d.1: [8086:344d] type 00 class 0x088000
[    1.927343] pci 0000:ff:0d.2: [8086:344d] type 00 class 0x088000
[    1.927502] pci 0000:ff:0d.3: [8086:344d] type 00 class 0x088000
[    1.927684] pci 0000:ff:1d.0: [8086:344f] type 00 class 0x088000
[    1.927810] pci 0000:ff:1d.1: [8086:3457] type 00 class 0x088000
[    1.927921] pci 0000:ff:1e.0: [8086:3458] type 00 class 0x088000
[    1.928007] pci 0000:ff:1e.1: [8086:3459] type 00 class 0x088000
[    1.928074] pci 0000:ff:1e.2: [8086:345a] type 00 class 0x088000
[    1.928138] pci 0000:ff:1e.3: [8086:345b] type 00 class 0x088000
[    1.928203] pci 0000:ff:1e.4: [8086:345c] type 00 class 0x088000
[    1.928267] pci 0000:ff:1e.5: [8086:345d] type 00 class 0x088000
[    1.928331] pci 0000:ff:1e.6: [8086:345e] type 00 class 0x088000
[    1.928395] pci 0000:ff:1e.7: [8086:345f] type 00 class 0x088000
[    1.928457] pci_bus 0000:ff: on NUMA node 1
[    1.929771] iommu: Default domain type: Translated 
[    1.929771] iommu: DMA domain TLB invalidation policy: lazy mode 
[    1.929953] SCSI subsystem initialized
[    1.929990] libata version 3.00 loaded.
[    1.929990] ACPI: bus type USB registered
[    1.929990] usbcore: registered new interface driver usbfs
[    1.929990] usbcore: registered new interface driver hub
[    1.929990] usbcore: registered new device driver usb
[    1.929990] pps_core: LinuxPPS API ver. 1 registered
[    1.929990] pps_core: Software ver. 5.3.6 - Copyright 2005-2007 Rodolfo Giometti <giometti@linux.it>
[    1.929990] PTP clock support registered
[    1.929990] EDAC MC: Ver: 3.0.0
[    1.933783] Registered efivars operations
[    1.933918] NetLabel: Initializing
[    1.933919] NetLabel:  domain hash size = 128
[    1.933920] NetLabel:  protocols = UNLABELED CIPSOv4 CALIPSO
[    1.933940] NetLabel:  unlabeled traffic allowed by default
[    1.933952] PCI: Using ACPI for IRQ routing
[    1.934425] PCI: pci_cache_line_size set to 64 bytes
[    1.934987] e820: reserve RAM buffer [mem 0x0008f000-0x0008ffff]
[    1.934989] e820: reserve RAM buffer [mem 0x46cc4020-0x47ffffff]
[    1.934990] e820: reserve RAM buffer [mem 0x46cf6020-0x47ffffff]
[    1.934991] e820: reserve RAM buffer [mem 0x46d29020-0x47ffffff]
[    1.934992] e820: reserve RAM buffer [mem 0x46d5c020-0x47ffffff]
[    1.934993] e820: reserve RAM buffer [mem 0x49e77000-0x4bffffff]
[    1.934994] e820: reserve RAM buffer [mem 0x4b2cf000-0x4bffffff]
[    1.934995] e820: reserve RAM buffer [mem 0x4bd94000-0x4bffffff]
[    1.934996] e820: reserve RAM buffer [mem 0x4ce00000-0x4fffffff]
[    1.934997] e820: reserve RAM buffer [mem 0x5eefe000-0x5fffffff]
[    1.934998] e820: reserve RAM buffer [mem 0x6f800000-0x6fffffff]
[    1.937753] pci 0000:03:00.0: vgaarb: setting as boot VGA device
[    1.937753] pci 0000:03:00.0: vgaarb: bridge control possible
[    1.937753] pci 0000:03:00.0: vgaarb: VGA device added: decodes=io+mem,owns=io+mem,locks=none
[    1.937753] vgaarb: loaded
[    1.939036] hpet0: at MMIO 0xfed00000, IRQs 2, 8, 0, 0, 0, 0, 0, 0
[    1.939043] hpet0: 8 comparators, 64-bit 24.000000 MHz counter
[    1.941998] clocksource: Switched to clocksource tsc-early
[    1.951171] VFS: Disk quotas dquot_6.6.0
[    1.951205] VFS: Dquot-cache hash table entries: 512 (order 0, 4096 bytes)
[    1.951351] AppArmor: AppArmor Filesystem Enabled
[    1.951363] pnp: PnP ACPI init
[    1.967473] system 00:01: [io  0x0500-0x05fe] has been reserved
[    1.967476] system 00:01: [io  0x0400-0x041f] has been reserved
[    1.967478] system 00:01: [io  0x0600-0x061f] has been reserved
[    1.967480] system 00:01: [io  0x0ca0-0x0ca1] has been reserved
[    1.967481] system 00:01: [io  0x0ca4-0x0ca6] has been reserved
[    1.967483] system 00:01: [mem 0xff000000-0xffffffff] has been reserved
[    1.968087] system 00:04: [mem 0xfd000000-0xfdabffff] has been reserved
[    1.968089] system 00:04: [mem 0xfdad0000-0xfdadffff] has been reserved
[    1.968091] system 00:04: [mem 0xfdb00000-0xfdffffff] has been reserved
[    1.968093] system 00:04: [mem 0xfe000000-0xfe00ffff] has been reserved
[    1.968095] system 00:04: [mem 0xfe011000-0xfe01ffff] has been reserved
[    1.968096] system 00:04: [mem 0xfe036000-0xfe03bfff] has been reserved
[    1.968098] system 00:04: [mem 0xfe03d000-0xfe3fffff] has been reserved
[    1.968100] system 00:04: [mem 0xfe410000-0xfe7fffff] has been reserved
[    1.968423] system 00:05: [io  0x1000-0x10fe] has been reserved
[    1.969446] pnp: PnP ACPI: found 6 devices
[    1.975126] clocksource: acpi_pm: mask: 0xffffff max_cycles: 0xffffff, max_idle_ns: 2085701024 ns
[    1.975207] NET: Registered PF_INET protocol family
[    1.975533] IP idents hash table entries: 262144 (order: 9, 2097152 bytes, vmalloc)
[    1.977711] tcp_listen_portaddr_hash hash table entries: 16384 (order: 6, 262144 bytes, vmalloc)
[    1.978072] TCP established hash table entries: 262144 (order: 9, 2097152 bytes, vmalloc)
[    1.978446] TCP bind hash table entries: 65536 (order: 8, 1048576 bytes, vmalloc)
[    1.978509] TCP: Hash tables configured (established 262144 bind 65536)
[    1.978726] UDP hash table entries: 16384 (order: 7, 524288 bytes, vmalloc)
[    1.978836] UDP-Lite hash table entries: 16384 (order: 7, 524288 bytes, vmalloc)
[    1.979003] NET: Registered PF_UNIX/PF_LOCAL protocol family
[    1.979009] NET: Registered PF_XDP protocol family
[    1.979016] pci 0000:04:00.0: can't claim BAR 6 [mem 0xfffc0000-0xffffffff pref]: no compatible bridge window
[    1.979018] pci 0000:04:00.1: can't claim BAR 6 [mem 0xfffc0000-0xffffffff pref]: no compatible bridge window
[    1.979020] pci 0000:17:00.0: can't claim BAR 6 [mem 0xfff00000-0xffffffff pref]: no compatible bridge window
[    1.979034] pci 0000:00:1c.5: BAR 14: assigned [mem 0x90000000-0x900fffff]
[    1.979037] pci 0000:00:1c.0: PCI bridge to [bus 01]
[    1.979047] pci 0000:02:00.0: PCI bridge to [bus 03]
[    1.979052] pci 0000:02:00.0:   bridge window [mem 0x92000000-0x928fffff]
[    1.979057] pci 0000:02:00.0:   bridge window [mem 0x91000000-0x91ffffff 64bit pref]
[    1.979063] pci 0000:00:1c.4: PCI bridge to [bus 02-03]
[    1.979067] pci 0000:00:1c.4:   bridge window [mem 0x92000000-0x928fffff]
[    1.979070] pci 0000:00:1c.4:   bridge window [mem 0x91000000-0x91ffffff 64bit pref]
[    1.979075] pci 0000:04:00.0: BAR 6: assigned [mem 0x90000000-0x9003ffff pref]
[    1.979077] pci 0000:04:00.1: BAR 6: assigned [mem 0x90040000-0x9007ffff pref]
[    1.979078] pci 0000:00:1c.5: PCI bridge to [bus 04]
[    1.979081] pci 0000:00:1c.5:   bridge window [mem 0x90000000-0x900fffff]
[    1.979084] pci 0000:00:1c.5:   bridge window [mem 0x92900000-0x929fffff 64bit pref]
[    1.979089] pci_bus 0000:00: resource 4 [io  0x0000-0x0cf7 window]
[    1.979090] pci_bus 0000:00: resource 5 [io  0x1000-0x4fff window]
[    1.979092] pci_bus 0000:00: resource 6 [mem 0x000a0000-0x000bffff window]
[    1.979093] pci_bus 0000:00: resource 7 [mem 0x000c8000-0x000cffff window]
[    1.979094] pci_bus 0000:00: resource 8 [mem 0xfe010000-0xfe010fff window]
[    1.979096] pci_bus 0000:00: resource 9 [mem 0x90000000-0x9b7fffff window]
[    1.979097] pci_bus 0000:00: resource 10 [mem 0x200000000000-0x20ffffffffff window]
[    1.979099] pci_bus 0000:02: resource 1 [mem 0x92000000-0x928fffff]
[    1.979100] pci_bus 0000:02: resource 2 [mem 0x91000000-0x91ffffff 64bit pref]
[    1.979101] pci_bus 0000:03: resource 1 [mem 0x92000000-0x928fffff]
[    1.979102] pci_bus 0000:03: resource 2 [mem 0x91000000-0x91ffffff 64bit pref]
[    1.979103] pci_bus 0000:04: resource 1 [mem 0x90000000-0x900fffff]
[    1.979104] pci_bus 0000:04: resource 2 [mem 0x92900000-0x929fffff 64bit pref]
[    1.979181] pci 0000:17:00.0: BAR 6: no space for [mem size 0x00100000 pref]
[    1.979183] pci 0000:17:00.0: BAR 6: failed to assign [mem size 0x00100000 pref]
[    1.979184] pci 0000:16:02.0: PCI bridge to [bus 17]
[    1.979186] pci 0000:16:02.0:   bridge window [io  0x5000-0x5fff]
[    1.979189] pci 0000:16:02.0:   bridge window [mem 0x9ba00000-0x9bafffff]
[    1.979191] pci 0000:16:02.0:   bridge window [mem 0x9b800000-0x9b9fffff 64bit pref]
[    1.979194] pci_bus 0000:16: resource 4 [io  0x5000-0x6fff window]
[    1.979196] pci_bus 0000:16: resource 5 [mem 0x9b800000-0xa63fffff window]
[    1.979197] pci_bus 0000:16: resource 6 [mem 0x210000000000-0x21ffffffffff window]
[    1.979198] pci_bus 0000:17: resource 0 [io  0x5000-0x5fff]
[    1.979199] pci_bus 0000:17: resource 1 [mem 0x9ba00000-0x9bafffff]
[    1.979201] pci_bus 0000:17: resource 2 [mem 0x9b800000-0x9b9fffff 64bit pref]
[    1.979208] pci_bus 0000:30: resource 4 [io  0x7000-0x8fff window]
[    1.979210] pci_bus 0000:30: resource 5 [mem 0xa6400000-0xb0ffffff window]
[    1.979211] pci_bus 0000:30: resource 6 [mem 0x220000000000-0x22ffffffffff window]
[    1.979217] pci_bus 0000:4a: resource 4 [io  0x9000-0x9fff window]
[    1.979218] pci_bus 0000:4a: resource 5 [mem 0xb1000000-0xbbbfffff window]
[    1.979219] pci_bus 0000:4a: resource 6 [mem 0x230000000000-0x23ffffffffff window]
