2024年 05月 16日 星期四 14:16:09 CST
pgmigrate_success 1049013
pgmigrate_fail 13270025
pgmigrate_dst_node_full_fail 13256192
pgmigrate_numa_isolate_fail 35
pgmigrate_nomem_fail 0
pgmigrate_refcount_fail 15
thp_fault_alloc 60599
thp_fault_fallback 0
thp_collapse_alloc 16
thp_collapse_alloc_failed 0
thp_file_alloc 0
thp_file_mapped 0
thp_split_page 0
thp_split_page_failed 0
thp_deferred_split_page 62522
thp_split_pmd 0
thp_split_pud 0
thp_zero_page_alloc 4
thp_zero_page_alloc_failed 0
thp_swpout 0
thp_swpout_fallback 0
MemTotal:       1093385604 kB
MemFree:        1062530316 kB
MemAvailable:   1060388352 kB
Buffers:            5440 kB
Cached:           410472 kB
SwapCached:            4 kB
Active:           490808 kB
Inactive:         521408 kB
Active(anon):     354056 kB
Inactive(anon):   248220 kB
Active(file):     136752 kB
Inactive(file):   273188 kB
Unevictable:           0 kB
Mlocked:               0 kB
SwapTotal:       2097148 kB
SwapFree:        2096380 kB
Dirty:               856 kB
Writeback:             0 kB
AnonPages:        596704 kB
Mapped:           405864 kB
Shmem:              5760 kB
KReclaimable:     235296 kB
Slab:             598632 kB
SReclaimable:     235296 kB
SUnreclaim:       363336 kB
KernelStack:       33212 kB
PageTables:        27932 kB
NFS_Unstable:          0 kB
Bounce:                0 kB
WritebackTmp:          0 kB
CommitLimit:    548789948 kB
Committed_AS:    6701988 kB
VmallocTotal:   34359738367 kB
VmallocUsed:      158524 kB
VmallocChunk:          0 kB
Percpu:           124544 kB
HardwareCorrupted:     0 kB
AnonHugePages:     16384 kB
ShmemHugePages:        0 kB
ShmemPmdMapped:        0 kB
CmaTotal:              0 kB
CmaFree:               0 kB
HugePages_Total:       0
HugePages_Free:        0
HugePages_Rsvd:        0
HugePages_Surp:        0
Hugepagesize:       2048 kB
Hugetlb:               0 kB
DirectMap4k:      992744 kB
DirectMap2M:     7880704 kB
DirectMap1G:    1180696576 kB
2024年 05月 16日 星期四 14:19:13 CST
pgmigrate_success 2047931
pgmigrate_fail 27665417
pgmigrate_dst_node_full_fail 27615232
pgmigrate_numa_isolate_fail 35
pgmigrate_nomem_fail 0
pgmigrate_refcount_fail 15
thp_fault_alloc 121197
thp_fault_fallback 0
thp_collapse_alloc 25
thp_collapse_alloc_failed 0
thp_file_alloc 0
thp_file_mapped 0
thp_split_page 0
thp_split_page_failed 0
thp_deferred_split_page 125043
thp_split_pmd 0
thp_split_pud 0
thp_zero_page_alloc 9
thp_zero_page_alloc_failed 0
thp_swpout 0
thp_swpout_fallback 0
MemTotal:       1093385604 kB
MemFree:        1048545364 kB
MemAvailable:   1059323784 kB
Buffers:            9612 kB
Cached:         14317864 kB
SwapCached:            8 kB
Active:           496928 kB
Inactive:       14429292 kB
Active(anon):     356020 kB
Inactive(anon):   248488 kB
Active(file):     140908 kB
Inactive(file): 14180804 kB
Unevictable:           0 kB
Mlocked:               0 kB
SwapTotal:       2097148 kB
SwapFree:        2095612 kB
Dirty:                 4 kB
Writeback:             0 kB
AnonPages:        599264 kB
Mapped:           399732 kB
Shmem:              5760 kB
KReclaimable:     303736 kB
Slab:             668560 kB
SReclaimable:     303736 kB
SUnreclaim:       364824 kB
KernelStack:       33472 kB
PageTables:        28328 kB
NFS_Unstable:          0 kB
Bounce:                0 kB
WritebackTmp:          0 kB
CommitLimit:    548789948 kB
Committed_AS:    6678116 kB
VmallocTotal:   34359738367 kB
VmallocUsed:      158396 kB
VmallocChunk:          0 kB
Percpu:           124544 kB
HardwareCorrupted:     0 kB
AnonHugePages:         0 kB
ShmemHugePages:        0 kB
ShmemPmdMapped:        0 kB
CmaTotal:              0 kB
CmaFree:               0 kB
HugePages_Total:       0
HugePages_Free:        0
HugePages_Rsvd:        0
HugePages_Surp:        0
Hugepagesize:       2048 kB
Hugetlb:               0 kB
DirectMap4k:      992744 kB
DirectMap2M:     7880704 kB
DirectMap1G:    1180696576 kB
